2022-07-25 20:47:24 GC log file created gc.log.1
OpenJDK 64-Bit Server VM (25.312-b07) for linux-amd64 JRE (1.8.0_312-8u312-b07-0ubuntu1~20.04-b07), built on Nov  3 2021 13:54:59 by "buildd" with gcc 9.3.0
Memory: 4k page, physical 24560344k(203616k free), swap 2097148k(92k free)
CommandLine flags: -XX:+AlwaysPreTouch -XX:CICompilerCount=4 -XX:ConcGCThreads=2 -XX:+DisableExplicitGC -XX:G1HeapRegionSize=16777216 -XX:G1HeapWastePercent=5 -XX:G1MaxNewSizePercent=50 -XX:G1MixedGCCountTarget=4 -XX:G1MixedGCLiveThresholdPercent=90 -XX:G1NewSizePercent=40 -XX:G1RSetUpdatingPauseTimePercent=5 -XX:G1ReservePercent=15 -XX:GCLogFileSize=1048576 -XX:InitialHeapSize=15032385536 -XX:InitialTenuringThreshold=1 -XX:InitiatingHeapOccupancyPercent=20 -XX:MarkStackSize=4194304 -XX:MaxGCPauseMillis=200 -XX:MaxHeapSize=15032385536 -XX:MaxNewSize=7516192768 -XX:MaxTenuringThreshold=1 -XX:MinHeapDeltaBytes=16777216 -XX:NumberOfGCLogFiles=5 -XX:+ParallelRefProcEnabled -XX:+PerfDisableSharedMem -XX:+PrintGC -XX:+PrintGCDateStamps -XX:+PrintGCDetails -XX:+PrintGCTimeStamps -XX:SurvivorRatio=32 -XX:+UnlockExperimentalVMOptions -XX:+UseCompressedClassPointers -XX:+UseCompressedOops -XX:+UseFastUnorderedTimeStamps -XX:+UseG1GC -XX:+UseGCLogFileRotation 
2022-07-25T20:47:24.912-0700: 344216.416: [GC concurrent-mark-end, 2.4324814 secs]
2022-07-25T20:47:24.912-0700: 344216.417: [GC remark 2022-07-25T20:47:24.912-0700: 344216.417: [Finalize Marking, 0.0002758 secs] 2022-07-25T20:47:24.912-0700: 344216.417: [GC ref-proc, 0.0063738 secs] 2022-07-25T20:47:24.919-0700: 344216.424: [Unloading, 0.0267202 secs], 0.0384375 secs]
 [Times: user=0.24 sys=0.00, real=0.04 secs] 
2022-07-25T20:47:24.951-0700: 344216.456: [GC cleanup 3286M->3286M(14336M), 0.0076446 secs]
 [Times: user=0.05 sys=0.00, real=0.01 secs] 
2022-07-25T21:03:55.714-0700: 345207.219: [GC pause (G1 Evacuation Pause) (young), 0.0111082 secs]
   [Parallel Time: 5.4 ms, GC Workers: 8]
      [GC Worker Start (ms): Min: 345207218.9, Avg: 345207218.9, Max: 345207219.0, Diff: 0.1]
      [Ext Root Scanning (ms): Min: 1.0, Avg: 1.7, Max: 5.1, Diff: 4.0, Sum: 13.3]
      [Update RS (ms): Min: 0.0, Avg: 0.3, Max: 0.6, Diff: 0.6, Sum: 2.3]
         [Processed Buffers: Min: 0, Avg: 22.9, Max: 85, Diff: 85, Sum: 183]
      [Scan RS (ms): Min: 0.0, Avg: 0.1, Max: 0.1, Diff: 0.1, Sum: 0.6]
      [Code Root Scanning (ms): Min: 0.0, Avg: 0.0, Max: 0.0, Diff: 0.0, Sum: 0.0]
      [Object Copy (ms): Min: 0.0, Avg: 0.4, Max: 0.6, Diff: 0.6, Sum: 3.2]
      [Termination (ms): Min: 0.0, Avg: 2.6, Max: 3.0, Diff: 3.0, Sum: 20.9]
         [Termination Attempts: Min: 1, Avg: 1.6, Max: 2, Diff: 1, Sum: 13]
      [GC Worker Other (ms): Min: 0.0, Avg: 0.0, Max: 0.0, Diff: 0.0, Sum: 0.1]
      [GC Worker Total (ms): Min: 5.0, Avg: 5.1, Max: 5.1, Diff: 0.1, Sum: 40.4]
      [GC Worker End (ms): Min: 345207224.0, Avg: 345207224.0, Max: 345207224.0, Diff: 0.0]
   [Code Root Fixup: 0.0 ms]
   [Code Root Purge: 0.0 ms]
   [Clear CT: 0.6 ms]
   [Other: 5.0 ms]
      [Choose CSet: 0.0 ms]
      [Ref Proc: 4.3 ms]
      [Ref Enq: 0.1 ms]
      [Redirty Cards: 0.1 ms]
      [Humongous Register: 0.0 ms]
      [Humongous Reclaim: 0.0 ms]
      [Free CSet: 0.3 ms]
   [Eden: 7152.0M(7152.0M)->0.0B(7152.0M) Survivors: 16384.0K->16384.0K Heap: 10366.6M(14336.0M)->3214.6M(14336.0M)]
 [Times: user=0.05 sys=0.00, real=0.02 secs] 
2022-07-25T21:20:34.948-0700: 346206.453: [GC pause (G1 Evacuation Pause) (young), 0.0114590 secs]
   [Parallel Time: 6.4 ms, GC Workers: 8]
      [GC Worker Start (ms): Min: 346206452.9, Avg: 346206453.0, Max: 346206453.1, Diff: 0.2]
      [Ext Root Scanning (ms): Min: 1.4, Avg: 2.2, Max: 6.0, Diff: 4.6, Sum: 17.2]
      [Update RS (ms): Min: 0.0, Avg: 0.4, Max: 0.7, Diff: 0.7, Sum: 3.0]
         [Processed Buffers: Min: 0, Avg: 19.0, Max: 72, Diff: 72, Sum: 152]
      [Scan RS (ms): Min: 0.0, Avg: 0.1, Max: 0.2, Diff: 0.2, Sum: 0.7]
      [Code Root Scanning (ms): Min: 0.0, Avg: 0.0, Max: 0.0, Diff: 0.0, Sum: 0.0]
      [Object Copy (ms): Min: 0.0, Avg: 0.5, Max: 0.8, Diff: 0.8, Sum: 4.2]
      [Termination (ms): Min: 0.0, Avg: 2.8, Max: 3.2, Diff: 3.2, Sum: 22.3]
         [Termination Attempts: Min: 1, Avg: 3.1, Max: 5, Diff: 4, Sum: 25]
      [GC Worker Other (ms): Min: 0.0, Avg: 0.0, Max: 0.1, Diff: 0.1, Sum: 0.2]
      [GC Worker Total (ms): Min: 5.9, Avg: 6.0, Max: 6.1, Diff: 0.2, Sum: 47.7]
      [GC Worker End (ms): Min: 346206459.0, Avg: 346206459.0, Max: 346206459.0, Diff: 0.1]
   [Code Root Fixup: 0.0 ms]
   [Code Root Purge: 0.0 ms]
   [Clear CT: 0.6 ms]
   [Other: 4.5 ms]
      [Choose CSet: 0.0 ms]
      [Ref Proc: 3.8 ms]
      [Ref Enq: 0.1 ms]
      [Redirty Cards: 0.1 ms]
      [Humongous Register: 0.1 ms]
      [Humongous Reclaim: 0.0 ms]
      [Free CSet: 0.3 ms]
   [Eden: 7152.0M(7152.0M)->0.0B(7152.0M) Survivors: 16384.0K->16384.0K Heap: 10366.6M(14336.0M)->3214.5M(14336.0M)]
 [Times: user=0.06 sys=0.00, real=0.01 secs] 
2022-07-25T21:37:08.088-0700: 347199.592: [GC pause (G1 Evacuation Pause) (young) (initial-mark), 0.0158739 secs]
   [Parallel Time: 10.0 ms, GC Workers: 8]
      [GC Worker Start (ms): Min: 347199594.7, Avg: 347199594.8, Max: 347199594.9, Diff: 0.1]
      [Ext Root Scanning (ms): Min: 6.4, Avg: 6.6, Max: 6.8, Diff: 0.4, Sum: 52.8]
      [Update RS (ms): Min: 0.2, Avg: 0.3, Max: 0.5, Diff: 0.3, Sum: 2.5]
         [Processed Buffers: Min: 1, Avg: 21.5, Max: 57, Diff: 56, Sum: 172]
      [Scan RS (ms): Min: 0.0, Avg: 0.1, Max: 0.1, Diff: 0.1, Sum: 0.5]
      [Code Root Scanning (ms): Min: 0.0, Avg: 0.0, Max: 0.0, Diff: 0.0, Sum: 0.0]
      [Object Copy (ms): Min: 0.1, Avg: 0.5, Max: 0.7, Diff: 0.6, Sum: 3.8]
      [Termination (ms): Min: 0.0, Avg: 0.0, Max: 0.0, Diff: 0.0, Sum: 0.0]
         [Termination Attempts: Min: 1, Avg: 1.8, Max: 3, Diff: 2, Sum: 14]
      [GC Worker Other (ms): Min: 0.0, Avg: 0.0, Max: 0.1, Diff: 0.1, Sum: 0.4]
      [GC Worker Total (ms): Min: 7.4, Avg: 7.5, Max: 7.6, Diff: 0.1, Sum: 60.1]
      [GC Worker End (ms): Min: 347199602.3, Avg: 347199602.3, Max: 347199602.3, Diff: 0.1]
   [Code Root Fixup: 0.0 ms]
   [Code Root Purge: 0.0 ms]
   [Clear CT: 0.6 ms]
   [Other: 5.3 ms]
      [Choose CSet: 0.0 ms]
      [Ref Proc: 4.6 ms]
      [Ref Enq: 0.1 ms]
      [Redirty Cards: 0.1 ms]
      [Humongous Register: 0.0 ms]
      [Humongous Reclaim: 0.0 ms]
      [Free CSet: 0.3 ms]
   [Eden: 7152.0M(7152.0M)->0.0B(7152.0M) Survivors: 16384.0K->16384.0K Heap: 10366.5M(14336.0M)->3214.6M(14336.0M)]
 [Times: user=0.06 sys=0.00, real=0.02 secs] 
2022-07-25T21:37:08.104-0700: 347199.608: [GC concurrent-root-region-scan-start]
2022-07-25T21:37:08.109-0700: 347199.613: [GC concurrent-root-region-scan-end, 0.0050109 secs]
2022-07-25T21:37:08.109-0700: 347199.614: [GC concurrent-mark-start]
2022-07-25T21:37:10.501-0700: 347202.005: [GC concurrent-mark-end, 2.3918609 secs]
2022-07-25T21:37:10.501-0700: 347202.006: [GC remark 2022-07-25T21:37:10.501-0700: 347202.006: [Finalize Marking, 0.0003007 secs] 2022-07-25T21:37:10.501-0700: 347202.006: [GC ref-proc, 0.0094494 secs] 2022-07-25T21:37:10.511-0700: 347202.016: [Unloading, 0.0265752 secs], 0.0415596 secs]
 [Times: user=0.25 sys=0.00, real=0.05 secs] 
2022-07-25T21:37:10.543-0700: 347202.048: [GC cleanup 3254M->3254M(14336M), 0.0074393 secs]
 [Times: user=0.06 sys=0.00, real=0.00 secs] 
2022-07-25T21:53:43.208-0700: 348194.713: [GC pause (G1 Evacuation Pause) (young), 0.0113258 secs]
   [Parallel Time: 6.1 ms, GC Workers: 8]
      [GC Worker Start (ms): Min: 348194712.7, Avg: 348194712.7, Max: 348194712.8, Diff: 0.2]
      [Ext Root Scanning (ms): Min: 1.1, Avg: 1.9, Max: 5.7, Diff: 4.6, Sum: 15.1]
      [Update RS (ms): Min: 0.0, Avg: 0.4, Max: 0.7, Diff: 0.7, Sum: 2.9]
         [Processed Buffers: Min: 0, Avg: 20.0, Max: 60, Diff: 60, Sum: 160]
      [Scan RS (ms): Min: 0.0, Avg: 0.1, Max: 0.2, Diff: 0.2, Sum: 0.7]
      [Code Root Scanning (ms): Min: 0.0, Avg: 0.0, Max: 0.0, Diff: 0.0, Sum: 0.0]
      [Object Copy (ms): Min: 0.0, Avg: 0.5, Max: 0.7, Diff: 0.7, Sum: 4.0]
      [Termination (ms): Min: 0.0, Avg: 2.9, Max: 3.3, Diff: 3.3, Sum: 22.8]
         [Termination Attempts: Min: 1, Avg: 5.8, Max: 9, Diff: 8, Sum: 46]
      [GC Worker Other (ms): Min: 0.0, Avg: 0.0, Max: 0.0, Diff: 0.0, Sum: 0.2]
      [GC Worker Total (ms): Min: 5.6, Avg: 5.7, Max: 5.8, Diff: 0.2, Sum: 45.7]
      [GC Worker End (ms): Min: 348194718.4, Avg: 348194718.4, Max: 348194718.5, Diff: 0.1]
   [Code Root Fixup: 0.0 ms]
   [Code Root Purge: 0.0 ms]
   [Clear CT: 0.6 ms]
   [Other: 4.6 ms]
      [Choose CSet: 0.0 ms]
      [Ref Proc: 3.8 ms]
      [Ref Enq: 0.1 ms]
      [Redirty Cards: 0.1 ms]
      [Humongous Register: 0.0 ms]
      [Humongous Reclaim: 0.0 ms]
      [Free CSet: 0.3 ms]
   [Eden: 7152.0M(7152.0M)->0.0B(7152.0M) Survivors: 16384.0K->16384.0K Heap: 10366.6M(14336.0M)->3214.5M(14336.0M)]
 [Times: user=0.06 sys=0.00, real=0.01 secs] 
2022-07-25T22:10:17.462-0700: 349188.967: [GC pause (G1 Evacuation Pause) (young), 0.0103396 secs]
   [Parallel Time: 5.9 ms, GC Workers: 8]
      [GC Worker Start (ms): Min: 349188967.0, Avg: 349188967.0, Max: 349188967.1, Diff: 0.1]
      [Ext Root Scanning (ms): Min: 1.2, Avg: 2.0, Max: 5.7, Diff: 4.5, Sum: 15.7]
      [Update RS (ms): Min: 0.0, Avg: 0.3, Max: 0.7, Diff: 0.7, Sum: 2.7]
         [Processed Buffers: Min: 0, Avg: 21.2, Max: 74, Diff: 74, Sum: 170]
      [Scan RS (ms): Min: 0.0, Avg: 0.1, Max: 0.1, Diff: 0.1, Sum: 0.6]
      [Code Root Scanning (ms): Min: 0.0, Avg: 0.0, Max: 0.0, Diff: 0.0, Sum: 0.0]
      [Object Copy (ms): Min: 0.0, Avg: 0.5, Max: 0.7, Diff: 0.7, Sum: 3.8]
      [Termination (ms): Min: 0.0, Avg: 2.9, Max: 3.3, Diff: 3.3, Sum: 23.1]
         [Termination Attempts: Min: 1, Avg: 4.2, Max: 6, Diff: 5, Sum: 34]
      [GC Worker Other (ms): Min: 0.0, Avg: 0.0, Max: 0.0, Diff: 0.0, Sum: 0.1]
      [GC Worker Total (ms): Min: 5.7, Avg: 5.8, Max: 5.8, Diff: 0.1, Sum: 46.0]
      [GC Worker End (ms): Min: 349188972.8, Avg: 349188972.8, Max: 349188972.8, Diff: 0.0]
   [Code Root Fixup: 0.0 ms]
   [Code Root Purge: 0.0 ms]
   [Clear CT: 0.6 ms]
   [Other: 3.8 ms]
      [Choose CSet: 0.0 ms]
      [Ref Proc: 3.2 ms]
      [Ref Enq: 0.1 ms]
      [Redirty Cards: 0.1 ms]
      [Humongous Register: 0.0 ms]
      [Humongous Reclaim: 0.0 ms]
      [Free CSet: 0.3 ms]
   [Eden: 7152.0M(7152.0M)->0.0B(7152.0M) Survivors: 16384.0K->16384.0K Heap: 10366.5M(14336.0M)->3214.7M(14336.0M)]
 [Times: user=0.06 sys=0.00, real=0.01 secs] 
2022-07-25T22:26:57.912-0700: 350189.416: [GC pause (G1 Evacuation Pause) (young) (initial-mark), 0.0154393 secs]
   [Parallel Time: 9.8 ms, GC Workers: 8]
      [GC Worker Start (ms): Min: 350189418.6, Avg: 350189418.7, Max: 350189418.8, Diff: 0.1]
      [Ext Root Scanning (ms): Min: 6.3, Avg: 6.6, Max: 6.8, Diff: 0.5, Sum: 52.5]
      [Update RS (ms): Min: 0.2, Avg: 0.3, Max: 0.6, Diff: 0.4, Sum: 2.6]
         [Processed Buffers: Min: 1, Avg: 22.6, Max: 64, Diff: 63, Sum: 181]
      [Scan RS (ms): Min: 0.0, Avg: 0.1, Max: 0.1, Diff: 0.1, Sum: 0.6]
      [Code Root Scanning (ms): Min: 0.0, Avg: 0.0, Max: 0.0, Diff: 0.0, Sum: 0.0]
      [Object Copy (ms): Min: 0.1, Avg: 0.5, Max: 0.8, Diff: 0.7, Sum: 4.0]
      [Termination (ms): Min: 0.0, Avg: 0.0, Max: 0.0, Diff: 0.0, Sum: 0.1]
         [Termination Attempts: Min: 1, Avg: 7.5, Max: 11, Diff: 10, Sum: 60]
      [GC Worker Other (ms): Min: 0.0, Avg: 0.1, Max: 0.1, Diff: 0.1, Sum: 0.4]
      [GC Worker Total (ms): Min: 7.5, Avg: 7.5, Max: 7.6, Diff: 0.2, Sum: 60.2]
      [GC Worker End (ms): Min: 350189426.2, Avg: 350189426.2, Max: 350189426.3, Diff: 0.1]
   [Code Root Fixup: 0.0 ms]
   [Code Root Purge: 0.0 ms]
   [Clear CT: 0.7 ms]
   [Other: 5.0 ms]
      [Choose CSet: 0.0 ms]
      [Ref Proc: 4.2 ms]
      [Ref Enq: 0.1 ms]
      [Redirty Cards: 0.2 ms]
      [Humongous Register: 0.0 ms]
      [Humongous Reclaim: 0.0 ms]
      [Free CSet: 0.3 ms]
   [Eden: 7152.0M(7152.0M)->0.0B(7152.0M) Survivors: 16384.0K->16384.0K Heap: 10366.7M(14336.0M)->3214.5M(14336.0M)]
 [Times: user=0.06 sys=0.00, real=0.02 secs] 
2022-07-25T22:26:57.927-0700: 350189.432: [GC concurrent-root-region-scan-start]
2022-07-25T22:26:57.932-0700: 350189.437: [GC concurrent-root-region-scan-end, 0.0048115 secs]
2022-07-25T22:26:57.932-0700: 350189.437: [GC concurrent-mark-start]
2022-07-25T22:27:00.337-0700: 350191.842: [GC concurrent-mark-end, 2.4047010 secs]
2022-07-25T22:27:00.337-0700: 350191.842: [GC remark 2022-07-25T22:27:00.337-0700: 350191.842: [Finalize Marking, 0.0004223 secs] 2022-07-25T22:27:00.338-0700: 350191.842: [GC ref-proc, 0.0113613 secs] 2022-07-25T22:27:00.349-0700: 350191.854: [Unloading, 0.0270046 secs], 0.0442397 secs]
 [Times: user=0.25 sys=0.00, real=0.04 secs] 
2022-07-25T22:27:00.382-0700: 350191.887: [GC cleanup 3282M->3282M(14336M), 0.0079984 secs]
 [Times: user=0.06 sys=0.00, real=0.01 secs] 
2022-07-25T22:43:35.313-0700: 351186.817: [GC pause (G1 Evacuation Pause) (young), 0.0083444 secs]
   [Parallel Time: 5.5 ms, GC Workers: 8]
      [GC Worker Start (ms): Min: 351186817.5, Avg: 351186817.5, Max: 351186817.6, Diff: 0.1]
      [Ext Root Scanning (ms): Min: 1.1, Avg: 1.8, Max: 5.3, Diff: 4.2, Sum: 14.8]
      [Update RS (ms): Min: 0.0, Avg: 0.3, Max: 0.7, Diff: 0.7, Sum: 2.7]
         [Processed Buffers: Min: 0, Avg: 22.5, Max: 62, Diff: 62, Sum: 180]
      [Scan RS (ms): Min: 0.0, Avg: 0.1, Max: 0.1, Diff: 0.1, Sum: 0.6]
      [Code Root Scanning (ms): Min: 0.0, Avg: 0.0, Max: 0.0, Diff: 0.0, Sum: 0.0]
      [Object Copy (ms): Min: 0.0, Avg: 0.5, Max: 0.7, Diff: 0.7, Sum: 3.9]
      [Termination (ms): Min: 0.0, Avg: 2.6, Max: 2.9, Diff: 2.9, Sum: 20.5]
         [Termination Attempts: Min: 1, Avg: 2.6, Max: 4, Diff: 3, Sum: 21]
      [GC Worker Other (ms): Min: 0.0, Avg: 0.0, Max: 0.1, Diff: 0.1, Sum: 0.3]
      [GC Worker Total (ms): Min: 5.3, Avg: 5.3, Max: 5.4, Diff: 0.1, Sum: 42.8]
      [GC Worker End (ms): Min: 351186822.8, Avg: 351186822.9, Max: 351186822.9, Diff: 0.1]
   [Code Root Fixup: 0.0 ms]
   [Code Root Purge: 0.0 ms]
   [Clear CT: 0.6 ms]
   [Other: 2.3 ms]
      [Choose CSet: 0.0 ms]
      [Ref Proc: 1.6 ms]
      [Ref Enq: 0.1 ms]
      [Redirty Cards: 0.1 ms]
      [Humongous Register: 0.0 ms]
      [Humongous Reclaim: 0.0 ms]
      [Free CSet: 0.3 ms]
   [Eden: 7152.0M(7152.0M)->0.0B(7152.0M) Survivors: 16384.0K->16384.0K Heap: 10366.5M(14336.0M)->3214.7M(14336.0M)]
 [Times: user=0.04 sys=0.01, real=0.01 secs] 
2022-07-25T23:00:23.513-0700: 352195.017: [GC pause (G1 Evacuation Pause) (young), 0.0112694 secs]
   [Parallel Time: 6.0 ms, GC Workers: 8]
      [GC Worker Start (ms): Min: 352195017.5, Avg: 352195017.6, Max: 352195017.7, Diff: 0.2]
      [Ext Root Scanning (ms): Min: 1.2, Avg: 2.0, Max: 5.9, Diff: 4.7, Sum: 15.9]
      [Update RS (ms): Min: 0.0, Avg: 0.4, Max: 0.7, Diff: 0.7, Sum: 2.9]
         [Processed Buffers: Min: 0, Avg: 21.1, Max: 46, Diff: 46, Sum: 169]
      [Scan RS (ms): Min: 0.0, Avg: 0.1, Max: 0.2, Diff: 0.1, Sum: 0.6]
      [Code Root Scanning (ms): Min: 0.0, Avg: 0.0, Max: 0.0, Diff: 0.0, Sum: 0.0]
      [Object Copy (ms): Min: 0.0, Avg: 0.5, Max: 0.8, Diff: 0.8, Sum: 4.3]
      [Termination (ms): Min: 0.0, Avg: 2.9, Max: 3.3, Diff: 3.3, Sum: 22.9]
         [Termination Attempts: Min: 1, Avg: 6.2, Max: 11, Diff: 10, Sum: 50]
      [GC Worker Other (ms): Min: 0.0, Avg: 0.0, Max: 0.0, Diff: 0.0, Sum: 0.1]
      [GC Worker Total (ms): Min: 5.8, Avg: 5.8, Max: 5.9, Diff: 0.2, Sum: 46.8]
      [GC Worker End (ms): Min: 352195023.5, Avg: 352195023.5, Max: 352195023.5, Diff: 0.0]
   [Code Root Fixup: 0.0 ms]
   [Code Root Purge: 0.0 ms]
   [Clear CT: 0.6 ms]
   [Other: 4.6 ms]
      [Choose CSet: 0.0 ms]
      [Ref Proc: 4.0 ms]
      [Ref Enq: 0.1 ms]
      [Redirty Cards: 0.1 ms]
      [Humongous Register: 0.1 ms]
      [Humongous Reclaim: 0.0 ms]
      [Free CSet: 0.3 ms]
   [Eden: 7152.0M(7152.0M)->0.0B(7152.0M) Survivors: 16384.0K->16384.0K Heap: 10366.7M(14336.0M)->3214.6M(14336.0M)]
 [Times: user=0.06 sys=0.00, real=0.02 secs] 
2022-07-25T23:17:05.910-0700: 353197.415: [GC pause (G1 Evacuation Pause) (young) (initial-mark), 0.0141448 secs]
   [Parallel Time: 8.9 ms, GC Workers: 8]
      [GC Worker Start (ms): Min: 353197416.9, Avg: 353197417.0, Max: 353197417.1, Diff: 0.2]
      [Ext Root Scanning (ms): Min: 5.7, Avg: 5.9, Max: 6.2, Diff: 0.5, Sum: 47.5]
      [Update RS (ms): Min: 0.2, Avg: 0.3, Max: 0.5, Diff: 0.3, Sum: 2.5]
         [Processed Buffers: Min: 1, Avg: 20.6, Max: 53, Diff: 52, Sum: 165]
      [Scan RS (ms): Min: 0.0, Avg: 0.1, Max: 0.1, Diff: 0.1, Sum: 0.5]
      [Code Root Scanning (ms): Min: 0.0, Avg: 0.0, Max: 0.0, Diff: 0.0, Sum: 0.0]
      [Object Copy (ms): Min: 0.2, Avg: 0.5, Max: 0.8, Diff: 0.6, Sum: 4.1]
      [Termination (ms): Min: 0.0, Avg: 0.0, Max: 0.0, Diff: 0.0, Sum: 0.0]
         [Termination Attempts: Min: 3, Avg: 7.5, Max: 12, Diff: 9, Sum: 60]
      [GC Worker Other (ms): Min: 0.0, Avg: 0.1, Max: 0.1, Diff: 0.1, Sum: 0.5]
      [GC Worker Total (ms): Min: 6.8, Avg: 6.9, Max: 7.0, Diff: 0.1, Sum: 55.1]
      [GC Worker End (ms): Min: 353197423.9, Avg: 353197423.9, Max: 353197424.0, Diff: 0.1]
   [Code Root Fixup: 0.0 ms]
   [Code Root Purge: 0.0 ms]
   [Clear CT: 0.7 ms]
   [Other: 4.6 ms]
      [Choose CSet: 0.0 ms]
      [Ref Proc: 3.8 ms]
      [Ref Enq: 0.1 ms]
      [Redirty Cards: 0.1 ms]
      [Humongous Register: 0.0 ms]
      [Humongous Reclaim: 0.0 ms]
      [Free CSet: 0.3 ms]
   [Eden: 7152.0M(7152.0M)->0.0B(7152.0M) Survivors: 16384.0K->16384.0K Heap: 10366.6M(14336.0M)->3214.6M(14336.0M)]
 [Times: user=0.06 sys=0.00, real=0.02 secs] 
2022-07-25T23:17:05.925-0700: 353197.429: [GC concurrent-root-region-scan-start]
2022-07-25T23:17:05.930-0700: 353197.435: [GC concurrent-root-region-scan-end, 0.0051415 secs]
2022-07-25T23:17:05.930-0700: 353197.435: [GC concurrent-mark-start]
2022-07-25T23:17:08.425-0700: 353199.930: [GC concurrent-mark-end, 2.4954871 secs]
2022-07-25T23:17:08.426-0700: 353199.930: [GC remark 2022-07-25T23:17:08.426-0700: 353199.930: [Finalize Marking, 0.0002915 secs] 2022-07-25T23:17:08.426-0700: 353199.931: [GC ref-proc, 0.0084375 secs] 2022-07-25T23:17:08.434-0700: 353199.939: [Unloading, 0.0270898 secs], 0.0409378 secs]
 [Times: user=0.24 sys=0.00, real=0.04 secs] 
2022-07-25T23:17:08.467-0700: 353199.972: [GC cleanup 3254M->3254M(14336M), 0.0074127 secs]
 [Times: user=0.06 sys=0.00, real=0.00 secs] 
2022-07-25T23:33:49.563-0700: 354201.068: [GC pause (G1 Evacuation Pause) (young), 0.0111624 secs]
   [Parallel Time: 6.1 ms, GC Workers: 8]
      [GC Worker Start (ms): Min: 354201067.8, Avg: 354201067.9, Max: 354201067.9, Diff: 0.1]
      [Ext Root Scanning (ms): Min: 1.3, Avg: 2.0, Max: 5.8, Diff: 4.5, Sum: 16.4]
      [Update RS (ms): Min: 0.0, Avg: 0.4, Max: 0.7, Diff: 0.7, Sum: 2.9]
         [Processed Buffers: Min: 0, Avg: 21.1, Max: 63, Diff: 63, Sum: 169]
      [Scan RS (ms): Min: 0.0, Avg: 0.1, Max: 0.2, Diff: 0.1, Sum: 0.7]
      [Code Root Scanning (ms): Min: 0.0, Avg: 0.0, Max: 0.0, Diff: 0.0, Sum: 0.0]
      [Object Copy (ms): Min: 0.0, Avg: 0.5, Max: 0.9, Diff: 0.9, Sum: 4.4]
      [Termination (ms): Min: 0.0, Avg: 2.7, Max: 3.1, Diff: 3.1, Sum: 21.8]
         [Termination Attempts: Min: 1, Avg: 3.6, Max: 7, Diff: 6, Sum: 29]
      [GC Worker Other (ms): Min: 0.0, Avg: 0.0, Max: 0.0, Diff: 0.0, Sum: 0.1]
      [GC Worker Total (ms): Min: 5.7, Avg: 5.8, Max: 5.9, Diff: 0.1, Sum: 46.3]
      [GC Worker End (ms): Min: 354201073.6, Avg: 354201073.6, Max: 354201073.7, Diff: 0.0]
   [Code Root Fixup: 0.0 ms]
   [Code Root Purge: 0.0 ms]
   [Clear CT: 0.6 ms]
   [Other: 4.5 ms]
      [Choose CSet: 0.0 ms]
      [Ref Proc: 3.8 ms]
      [Ref Enq: 0.1 ms]
      [Redirty Cards: 0.1 ms]
      [Humongous Register: 0.1 ms]
      [Humongous Reclaim: 0.0 ms]
      [Free CSet: 0.3 ms]
   [Eden: 7152.0M(7152.0M)->0.0B(7152.0M) Survivors: 16384.0K->16384.0K Heap: 10366.6M(14336.0M)->3214.6M(14336.0M)]
 [Times: user=0.05 sys=0.01, real=0.00 secs] 
2022-07-25T23:50:28.814-0700: 355200.318: [GC pause (G1 Evacuation Pause) (young), 0.0113228 secs]
   [Parallel Time: 5.8 ms, GC Workers: 8]
      [GC Worker Start (ms): Min: 355200318.5, Avg: 355200318.5, Max: 355200318.6, Diff: 0.2]
      [Ext Root Scanning (ms): Min: 1.2, Avg: 1.9, Max: 5.4, Diff: 4.2, Sum: 15.5]
      [Update RS (ms): Min: 0.0, Avg: 0.4, Max: 0.7, Diff: 0.7, Sum: 2.8]
         [Processed Buffers: Min: 0, Avg: 20.9, Max: 82, Diff: 82, Sum: 167]
      [Scan RS (ms): Min: 0.0, Avg: 0.1, Max: 0.2, Diff: 0.1, Sum: 0.6]
      [Code Root Scanning (ms): Min: 0.0, Avg: 0.0, Max: 0.0, Diff: 0.0, Sum: 0.0]
      [Object Copy (ms): Min: 0.0, Avg: 0.5, Max: 0.7, Diff: 0.7, Sum: 4.0]
      [Termination (ms): Min: 0.0, Avg: 2.5, Max: 2.9, Diff: 2.9, Sum: 19.9]
         [Termination Attempts: Min: 1, Avg: 2.5, Max: 5, Diff: 4, Sum: 20]
      [GC Worker Other (ms): Min: 0.0, Avg: 0.0, Max: 0.0, Diff: 0.0, Sum: 0.2]
      [GC Worker Total (ms): Min: 5.3, Avg: 5.4, Max: 5.4, Diff: 0.2, Sum: 43.0]
      [GC Worker End (ms): Min: 355200323.9, Avg: 355200323.9, Max: 355200323.9, Diff: 0.0]
   [Code Root Fixup: 0.0 ms]
   [Code Root Purge: 0.0 ms]
   [Clear CT: 0.6 ms]
   [Other: 5.0 ms]
      [Choose CSet: 0.0 ms]
      [Ref Proc: 4.3 ms]
      [Ref Enq: 0.1 ms]
      [Redirty Cards: 0.1 ms]
      [Humongous Register: 0.1 ms]
      [Humongous Reclaim: 0.0 ms]
      [Free CSet: 0.3 ms]
   [Eden: 7152.0M(7152.0M)->0.0B(7152.0M) Survivors: 16384.0K->16384.0K Heap: 10366.6M(14336.0M)->3214.6M(14336.0M)]
 [Times: user=0.06 sys=0.00, real=0.02 secs] 
2022-07-26T00:07:01.862-0700: 356193.367: [GC pause (G1 Evacuation Pause) (young) (initial-mark), 0.0145594 secs]
   [Parallel Time: 10.4 ms, GC Workers: 8]
      [GC Worker Start (ms): Min: 356193368.6, Avg: 356193368.6, Max: 356193368.7, Diff: 0.1]
      [Ext Root Scanning (ms): Min: 5.8, Avg: 6.7, Max: 8.4, Diff: 2.7, Sum: 53.5]
      [Update RS (ms): Min: 0.0, Avg: 0.3, Max: 0.4, Diff: 0.4, Sum: 2.1]
         [Processed Buffers: Min: 0, Avg: 21.4, Max: 71, Diff: 71, Sum: 171]
      [Scan RS (ms): Min: 0.0, Avg: 0.1, Max: 0.1, Diff: 0.1, Sum: 0.5]
      [Code Root Scanning (ms): Min: 0.0, Avg: 0.0, Max: 0.0, Diff: 0.0, Sum: 0.0]
      [Object Copy (ms): Min: 0.0, Avg: 0.3, Max: 1.1, Diff: 1.0, Sum: 2.8]
      [Termination (ms): Min: 0.0, Avg: 1.1, Max: 1.3, Diff: 1.3, Sum: 8.8]
         [Termination Attempts: Min: 1, Avg: 4.9, Max: 8, Diff: 7, Sum: 39]
      [GC Worker Other (ms): Min: 0.0, Avg: 0.0, Max: 0.1, Diff: 0.0, Sum: 0.2]
      [GC Worker Total (ms): Min: 8.4, Avg: 8.5, Max: 8.5, Diff: 0.1, Sum: 67.9]
      [GC Worker End (ms): Min: 356193377.1, Avg: 356193377.1, Max: 356193377.1, Diff: 0.0]
   [Code Root Fixup: 0.0 ms]
   [Code Root Purge: 0.0 ms]
   [Clear CT: 0.6 ms]
   [Other: 3.5 ms]
      [Choose CSet: 0.0 ms]
      [Ref Proc: 2.9 ms]
      [Ref Enq: 0.1 ms]
      [Redirty Cards: 0.1 ms]
      [Humongous Register: 0.0 ms]
      [Humongous Reclaim: 0.0 ms]
      [Free CSet: 0.3 ms]
   [Eden: 7152.0M(7152.0M)->0.0B(7152.0M) Survivors: 16384.0K->16384.0K Heap: 10366.6M(14336.0M)->3214.6M(14336.0M)]
 [Times: user=0.06 sys=0.00, real=0.02 secs] 
2022-07-26T00:07:01.877-0700: 356193.381: [GC concurrent-root-region-scan-start]
2022-07-26T00:07:01.881-0700: 356193.386: [GC concurrent-root-region-scan-end, 0.0047943 secs]
2022-07-26T00:07:01.881-0700: 356193.386: [GC concurrent-mark-start]
2022-07-26T00:07:04.288-0700: 356195.793: [GC concurrent-mark-end, 2.4067026 secs]
2022-07-26T00:07:04.289-0700: 356195.793: [GC remark 2022-07-26T00:07:04.289-0700: 356195.793: [Finalize Marking, 0.0003075 secs] 2022-07-26T00:07:04.289-0700: 356195.794: [GC ref-proc, 0.0069868 secs] 2022-07-26T00:07:04.296-0700: 356195.801: [Unloading, 0.0268949 secs], 0.0394049 secs]
 [Times: user=0.25 sys=0.00, real=0.04 secs] 
2022-07-26T00:07:04.328-0700: 356195.833: [GC cleanup 3254M->3254M(14336M), 0.0080422 secs]
 [Times: user=0.05 sys=0.00, real=0.01 secs] 
2022-07-26T00:23:54.713-0700: 357206.218: [GC pause (G1 Evacuation Pause) (young), 0.0120556 secs]
   [Parallel Time: 6.1 ms, GC Workers: 8]
      [GC Worker Start (ms): Min: 357206218.4, Avg: 357206218.5, Max: 357206218.5, Diff: 0.2]
      [Ext Root Scanning (ms): Min: 1.4, Avg: 2.2, Max: 5.8, Diff: 4.4, Sum: 17.6]
      [Update RS (ms): Min: 0.0, Avg: 0.3, Max: 0.6, Diff: 0.6, Sum: 2.7]
         [Processed Buffers: Min: 0, Avg: 20.9, Max: 69, Diff: 69, Sum: 167]
      [Scan RS (ms): Min: 0.0, Avg: 0.1, Max: 0.1, Diff: 0.1, Sum: 0.6]
      [Code Root Scanning (ms): Min: 0.0, Avg: 0.0, Max: 0.0, Diff: 0.0, Sum: 0.0]
      [Object Copy (ms): Min: 0.0, Avg: 0.6, Max: 0.9, Diff: 0.9, Sum: 5.0]
      [Termination (ms): Min: 0.0, Avg: 2.5, Max: 2.9, Diff: 2.9, Sum: 20.0]
         [Termination Attempts: Min: 1, Avg: 1.1, Max: 2, Diff: 1, Sum: 9]
      [GC Worker Other (ms): Min: 0.0, Avg: 0.0, Max: 0.1, Diff: 0.1, Sum: 0.3]
      [GC Worker Total (ms): Min: 5.7, Avg: 5.8, Max: 5.9, Diff: 0.2, Sum: 46.2]
      [GC Worker End (ms): Min: 357206224.2, Avg: 357206224.2, Max: 357206224.3, Diff: 0.1]
   [Code Root Fixup: 0.0 ms]
   [Code Root Purge: 0.0 ms]
   [Clear CT: 0.6 ms]
   [Other: 5.4 ms]
      [Choose CSet: 0.0 ms]
      [Ref Proc: 4.6 ms]
      [Ref Enq: 0.2 ms]
      [Redirty Cards: 0.1 ms]
      [Humongous Register: 0.1 ms]
      [Humongous Reclaim: 0.0 ms]
      [Free CSet: 0.3 ms]
   [Eden: 7152.0M(7152.0M)->0.0B(7152.0M) Survivors: 16384.0K->16384.0K Heap: 10366.6M(14336.0M)->3214.7M(14336.0M)]
 [Times: user=0.06 sys=0.00, real=0.02 secs] 
2022-07-26T00:40:31.262-0700: 358202.766: [GC pause (G1 Evacuation Pause) (young), 0.0110576 secs]
   [Parallel Time: 5.8 ms, GC Workers: 8]
      [GC Worker Start (ms): Min: 358202766.6, Avg: 358202766.7, Max: 358202766.8, Diff: 0.2]
      [Ext Root Scanning (ms): Min: 1.2, Avg: 1.9, Max: 5.5, Diff: 4.3, Sum: 15.4]
      [Update RS (ms): Min: 0.0, Avg: 0.4, Max: 0.7, Diff: 0.7, Sum: 2.9]
         [Processed Buffers: Min: 0, Avg: 22.2, Max: 76, Diff: 76, Sum: 178]
      [Scan RS (ms): Min: 0.0, Avg: 0.1, Max: 0.2, Diff: 0.1, Sum: 0.7]
      [Code Root Scanning (ms): Min: 0.0, Avg: 0.0, Max: 0.0, Diff: 0.0, Sum: 0.0]
      [Object Copy (ms): Min: 0.0, Avg: 0.5, Max: 0.7, Diff: 0.7, Sum: 4.0]
      [Termination (ms): Min: 0.0, Avg: 2.6, Max: 2.9, Diff: 2.9, Sum: 20.5]
         [Termination Attempts: Min: 1, Avg: 1.5, Max: 3, Diff: 2, Sum: 12]
      [GC Worker Other (ms): Min: 0.0, Avg: 0.0, Max: 0.0, Diff: 0.0, Sum: 0.2]
      [GC Worker Total (ms): Min: 5.4, Avg: 5.5, Max: 5.5, Diff: 0.2, Sum: 43.7]
      [GC Worker End (ms): Min: 358202772.1, Avg: 358202772.1, Max: 358202772.2, Diff: 0.0]
   [Code Root Fixup: 0.0 ms]
   [Code Root Purge: 0.0 ms]
   [Clear CT: 0.6 ms]
   [Other: 4.7 ms]
      [Choose CSet: 0.0 ms]
      [Ref Proc: 4.0 ms]
      [Ref Enq: 0.1 ms]
      [Redirty Cards: 0.1 ms]
      [Humongous Register: 0.0 ms]
      [Humongous Reclaim: 0.0 ms]
      [Free CSet: 0.3 ms]
   [Eden: 7152.0M(7152.0M)->0.0B(7152.0M) Survivors: 16384.0K->16384.0K Heap: 10366.7M(14336.0M)->3214.6M(14336.0M)]
 [Times: user=0.06 sys=0.00, real=0.01 secs] 
2022-07-26T00:57:20.161-0700: 359211.666: [GC pause (G1 Evacuation Pause) (young) (initial-mark), 0.0152593 secs]
   [Parallel Time: 9.6 ms, GC Workers: 8]
      [GC Worker Start (ms): Min: 359211668.1, Avg: 359211668.2, Max: 359211668.2, Diff: 0.1]
      [Ext Root Scanning (ms): Min: 6.1, Avg: 6.4, Max: 6.7, Diff: 0.5, Sum: 50.9]
      [Update RS (ms): Min: 0.2, Avg: 0.3, Max: 0.5, Diff: 0.3, Sum: 2.2]
         [Processed Buffers: Min: 1, Avg: 22.1, Max: 58, Diff: 57, Sum: 177]
      [Scan RS (ms): Min: 0.0, Avg: 0.1, Max: 0.1, Diff: 0.1, Sum: 0.5]
      [Code Root Scanning (ms): Min: 0.0, Avg: 0.0, Max: 0.0, Diff: 0.0, Sum: 0.0]
      [Object Copy (ms): Min: 0.2, Avg: 0.5, Max: 0.8, Diff: 0.5, Sum: 4.0]
      [Termination (ms): Min: 0.0, Avg: 0.0, Max: 0.0, Diff: 0.0, Sum: 0.2]
         [Termination Attempts: Min: 1, Avg: 2.6, Max: 4, Diff: 3, Sum: 21]
      [GC Worker Other (ms): Min: 0.0, Avg: 0.0, Max: 0.1, Diff: 0.0, Sum: 0.2]
      [GC Worker Total (ms): Min: 7.2, Avg: 7.3, Max: 7.3, Diff: 0.1, Sum: 58.1]
      [GC Worker End (ms): Min: 359211675.4, Avg: 359211675.4, Max: 359211675.5, Diff: 0.0]
   [Code Root Fixup: 0.0 ms]
   [Code Root Purge: 0.0 ms]
   [Clear CT: 0.7 ms]
   [Other: 5.0 ms]
      [Choose CSet: 0.0 ms]
      [Ref Proc: 4.3 ms]
      [Ref Enq: 0.1 ms]
      [Redirty Cards: 0.1 ms]
      [Humongous Register: 0.0 ms]
      [Humongous Reclaim: 0.0 ms]
      [Free CSet: 0.3 ms]
   [Eden: 7152.0M(7152.0M)->0.0B(7152.0M) Survivors: 16384.0K->16384.0K Heap: 10366.6M(14336.0M)->3214.6M(14336.0M)]
 [Times: user=0.05 sys=0.01, real=0.02 secs] 
2022-07-26T00:57:20.177-0700: 359211.681: [GC concurrent-root-region-scan-start]
2022-07-26T00:57:20.181-0700: 359211.686: [GC concurrent-root-region-scan-end, 0.0049534 secs]
2022-07-26T00:57:20.181-0700: 359211.686: [GC concurrent-mark-start]
2022-07-26T00:57:22.623-0700: 359214.127: [GC concurrent-mark-end, 2.4411957 secs]
2022-07-26T00:57:22.623-0700: 359214.128: [GC remark 2022-07-26T00:57:22.623-0700: 359214.128: [Finalize Marking, 0.0004283 secs] 2022-07-26T00:57:22.624-0700: 359214.128: [GC ref-proc, 0.0099984 secs] 2022-07-26T00:57:22.634-0700: 359214.138: [Unloading, 0.0270438 secs], 0.0428439 secs]
 [Times: user=0.25 sys=0.00, real=0.04 secs] 
2022-07-26T00:57:22.666-0700: 359214.171: [GC cleanup 3290M->3290M(14336M), 0.0075786 secs]
 [Times: user=0.06 sys=0.00, real=0.00 secs] 
2022-07-26T01:13:52.211-0700: 360203.716: [GC pause (G1 Evacuation Pause) (young), 0.0105392 secs]
   [Parallel Time: 6.0 ms, GC Workers: 8]
      [GC Worker Start (ms): Min: 360203716.0, Avg: 360203716.1, Max: 360203716.2, Diff: 0.2]
      [Ext Root Scanning (ms): Min: 1.3, Avg: 2.0, Max: 5.7, Diff: 4.5, Sum: 15.9]
      [Update RS (ms): Min: 0.0, Avg: 0.4, Max: 0.8, Diff: 0.8, Sum: 3.0]
         [Processed Buffers: Min: 0, Avg: 22.1, Max: 66, Diff: 66, Sum: 177]
      [Scan RS (ms): Min: 0.0, Avg: 0.1, Max: 0.2, Diff: 0.2, Sum: 0.7]
      [Code Root Scanning (ms): Min: 0.0, Avg: 0.0, Max: 0.0, Diff: 0.0, Sum: 0.0]
      [Object Copy (ms): Min: 0.0, Avg: 0.5, Max: 0.7, Diff: 0.7, Sum: 4.0]
      [Termination (ms): Min: 0.0, Avg: 2.7, Max: 3.1, Diff: 3.1, Sum: 21.6]
         [Termination Attempts: Min: 1, Avg: 2.0, Max: 4, Diff: 3, Sum: 16]
      [GC Worker Other (ms): Min: 0.0, Avg: 0.0, Max: 0.1, Diff: 0.0, Sum: 0.2]
      [GC Worker Total (ms): Min: 5.6, Avg: 5.7, Max: 5.8, Diff: 0.2, Sum: 45.5]
      [GC Worker End (ms): Min: 360203721.8, Avg: 360203721.8, Max: 360203721.8, Diff: 0.0]
   [Code Root Fixup: 0.0 ms]
   [Code Root Purge: 0.0 ms]
   [Clear CT: 0.7 ms]
   [Other: 3.8 ms]
      [Choose CSet: 0.0 ms]
      [Ref Proc: 3.2 ms]
      [Ref Enq: 0.1 ms]
      [Redirty Cards: 0.1 ms]
      [Humongous Register: 0.0 ms]
      [Humongous Reclaim: 0.0 ms]
      [Free CSet: 0.3 ms]
   [Eden: 7152.0M(7152.0M)->0.0B(7152.0M) Survivors: 16384.0K->16384.0K Heap: 10366.6M(14336.0M)->3214.6M(14336.0M)]
 [Times: user=0.05 sys=0.01, real=0.01 secs] 
2022-07-26T01:30:40.511-0700: 361212.016: [GC pause (G1 Evacuation Pause) (young), 0.0111783 secs]
   [Parallel Time: 6.0 ms, GC Workers: 8]
      [GC Worker Start (ms): Min: 361212016.1, Avg: 361212016.2, Max: 361212016.3, Diff: 0.1]
      [Ext Root Scanning (ms): Min: 1.2, Avg: 1.9, Max: 5.5, Diff: 4.3, Sum: 15.2]
      [Update RS (ms): Min: 0.0, Avg: 0.4, Max: 0.7, Diff: 0.7, Sum: 2.9]
         [Processed Buffers: Min: 0, Avg: 20.1, Max: 57, Diff: 57, Sum: 161]
      [Scan RS (ms): Min: 0.0, Avg: 0.1, Max: 0.2, Diff: 0.1, Sum: 0.7]
      [Code Root Scanning (ms): Min: 0.0, Avg: 0.0, Max: 0.0, Diff: 0.0, Sum: 0.0]
      [Object Copy (ms): Min: 0.0, Avg: 0.5, Max: 0.7, Diff: 0.7, Sum: 4.1]
      [Termination (ms): Min: 0.0, Avg: 2.6, Max: 3.0, Diff: 3.0, Sum: 20.8]
         [Termination Attempts: Min: 1, Avg: 5.4, Max: 8, Diff: 7, Sum: 43]
      [GC Worker Other (ms): Min: 0.0, Avg: 0.0, Max: 0.1, Diff: 0.0, Sum: 0.2]
      [GC Worker Total (ms): Min: 5.4, Avg: 5.5, Max: 5.6, Diff: 0.1, Sum: 44.0]
      [GC Worker End (ms): Min: 361212021.7, Avg: 361212021.7, Max: 361212021.7, Diff: 0.1]
   [Code Root Fixup: 0.0 ms]
   [Code Root Purge: 0.0 ms]
   [Clear CT: 0.6 ms]
   [Other: 4.6 ms]
      [Choose CSet: 0.0 ms]
      [Ref Proc: 4.0 ms]
      [Ref Enq: 0.1 ms]
      [Redirty Cards: 0.1 ms]
      [Humongous Register: 0.0 ms]
      [Humongous Reclaim: 0.0 ms]
      [Free CSet: 0.3 ms]
   [Eden: 7152.0M(7152.0M)->0.0B(7152.0M) Survivors: 16384.0K->16384.0K Heap: 10366.6M(14336.0M)->3214.7M(14336.0M)]
 [Times: user=0.06 sys=0.01, real=0.01 secs] 
2022-07-26T01:47:18.213-0700: 362209.718: [GC pause (G1 Evacuation Pause) (young) (initial-mark), 0.0144337 secs]
   [Parallel Time: 9.3 ms, GC Workers: 8]
      [GC Worker Start (ms): Min: 362209719.7, Avg: 362209719.8, Max: 362209719.8, Diff: 0.2]
      [Ext Root Scanning (ms): Min: 5.9, Avg: 6.1, Max: 6.3, Diff: 0.4, Sum: 48.7]
      [Update RS (ms): Min: 0.2, Avg: 0.3, Max: 0.5, Diff: 0.3, Sum: 2.5]
         [Processed Buffers: Min: 1, Avg: 22.8, Max: 60, Diff: 59, Sum: 182]
      [Scan RS (ms): Min: 0.0, Avg: 0.1, Max: 0.1, Diff: 0.1, Sum: 0.5]
      [Code Root Scanning (ms): Min: 0.0, Avg: 0.0, Max: 0.0, Diff: 0.0, Sum: 0.0]
      [Object Copy (ms): Min: 0.3, Avg: 0.5, Max: 0.8, Diff: 0.6, Sum: 4.4]
      [Termination (ms): Min: 0.0, Avg: 0.0, Max: 0.0, Diff: 0.0, Sum: 0.0]
         [Termination Attempts: Min: 1, Avg: 7.1, Max: 11, Diff: 10, Sum: 57]
      [GC Worker Other (ms): Min: 0.0, Avg: 0.1, Max: 0.2, Diff: 0.2, Sum: 0.7]
      [GC Worker Total (ms): Min: 7.0, Avg: 7.1, Max: 7.2, Diff: 0.2, Sum: 56.9]
      [GC Worker End (ms): Min: 362209726.8, Avg: 362209726.9, Max: 362209727.0, Diff: 0.2]
   [Code Root Fixup: 0.0 ms]
   [Code Root Purge: 0.0 ms]
   [Clear CT: 0.6 ms]
   [Other: 4.5 ms]
      [Choose CSet: 0.0 ms]
      [Ref Proc: 3.8 ms]
      [Ref Enq: 0.1 ms]
      [Redirty Cards: 0.1 ms]
      [Humongous Register: 0.0 ms]
      [Humongous Reclaim: 0.0 ms]
      [Free CSet: 0.3 ms]
   [Eden: 7152.0M(7152.0M)->0.0B(7152.0M) Survivors: 16384.0K->16384.0K Heap: 10366.7M(14336.0M)->3214.6M(14336.0M)]
 [Times: user=0.06 sys=0.00, real=0.02 secs] 
2022-07-26T01:47:18.228-0700: 362209.732: [GC concurrent-root-region-scan-start]
2022-07-26T01:47:18.233-0700: 362209.738: [GC concurrent-root-region-scan-end, 0.0051690 secs]
2022-07-26T01:47:18.233-0700: 362209.738: [GC concurrent-mark-start]
2022-07-26T01:47:20.651-0700: 362212.156: [GC concurrent-mark-end, 2.4185210 secs]
2022-07-26T01:47:20.652-0700: 362212.156: [GC remark 2022-07-26T01:47:20.652-0700: 362212.156: [Finalize Marking, 0.0005611 secs] 2022-07-26T01:47:20.652-0700: 362212.157: [GC ref-proc, 0.0117149 secs] 2022-07-26T01:47:20.664-0700: 362212.169: [Unloading, 0.0269637 secs], 0.0442861 secs]
 [Times: user=0.26 sys=0.00, real=0.05 secs] 
2022-07-26T01:47:20.696-0700: 362212.201: [GC cleanup 3254M->3254M(14336M), 0.0076770 secs]
 [Times: user=0.05 sys=0.00, real=0.01 secs] 
2022-07-26T02:03:56.162-0700: 363207.666: [GC pause (G1 Evacuation Pause) (young), 0.0113483 secs]
   [Parallel Time: 6.1 ms, GC Workers: 8]
      [GC Worker Start (ms): Min: 363207666.4, Avg: 363207666.5, Max: 363207666.6, Diff: 0.2]
      [Ext Root Scanning (ms): Min: 1.2, Avg: 2.0, Max: 6.0, Diff: 4.8, Sum: 15.6]
      [Update RS (ms): Min: 0.0, Avg: 0.4, Max: 0.7, Diff: 0.7, Sum: 2.8]
         [Processed Buffers: Min: 0, Avg: 22.5, Max: 55, Diff: 55, Sum: 180]
      [Scan RS (ms): Min: 0.0, Avg: 0.1, Max: 0.2, Diff: 0.1, Sum: 0.7]
      [Code Root Scanning (ms): Min: 0.0, Avg: 0.0, Max: 0.0, Diff: 0.0, Sum: 0.0]
      [Object Copy (ms): Min: 0.0, Avg: 0.6, Max: 0.8, Diff: 0.8, Sum: 4.6]
      [Termination (ms): Min: 0.0, Avg: 3.0, Max: 3.4, Diff: 3.4, Sum: 23.9]
         [Termination Attempts: Min: 1, Avg: 2.1, Max: 4, Diff: 3, Sum: 17]
      [GC Worker Other (ms): Min: 0.0, Avg: 0.0, Max: 0.0, Diff: 0.0, Sum: 0.1]
      [GC Worker Total (ms): Min: 5.9, Avg: 6.0, Max: 6.0, Diff: 0.2, Sum: 47.8]
      [GC Worker End (ms): Min: 363207672.5, Avg: 363207672.5, Max: 363207672.5, Diff: 0.0]
   [Code Root Fixup: 0.0 ms]
   [Code Root Purge: 0.0 ms]
   [Clear CT: 0.6 ms]
   [Other: 4.6 ms]
      [Choose CSet: 0.0 ms]
      [Ref Proc: 3.8 ms]
      [Ref Enq: 0.2 ms]
      [Redirty Cards: 0.1 ms]
      [Humongous Register: 0.1 ms]
      [Humongous Reclaim: 0.0 ms]
      [Free CSet: 0.3 ms]
   [Eden: 7152.0M(7152.0M)->0.0B(7152.0M) Survivors: 16384.0K->16384.0K Heap: 10366.6M(14336.0M)->3214.7M(14336.0M)]
 [Times: user=0.06 sys=0.00, real=0.01 secs] 
2022-07-26T02:20:26.111-0700: 364197.616: [GC pause (G1 Evacuation Pause) (young), 0.0104023 secs]
   [Parallel Time: 5.3 ms, GC Workers: 8]
      [GC Worker Start (ms): Min: 364197615.6, Avg: 364197615.7, Max: 364197615.7, Diff: 0.1]
      [Ext Root Scanning (ms): Min: 0.9, Avg: 1.5, Max: 4.9, Diff: 4.0, Sum: 12.4]
      [Update RS (ms): Min: 0.0, Avg: 0.3, Max: 0.5, Diff: 0.5, Sum: 2.1]
         [Processed Buffers: Min: 0, Avg: 23.0, Max: 70, Diff: 70, Sum: 184]
      [Scan RS (ms): Min: 0.0, Avg: 0.1, Max: 0.1, Diff: 0.1, Sum: 0.5]
      [Code Root Scanning (ms): Min: 0.0, Avg: 0.0, Max: 0.0, Diff: 0.0, Sum: 0.0]
      [Object Copy (ms): Min: 0.0, Avg: 0.4, Max: 0.5, Diff: 0.5, Sum: 2.8]
      [Termination (ms): Min: 0.0, Avg: 2.7, Max: 3.1, Diff: 3.1, Sum: 21.3]
         [Termination Attempts: Min: 1, Avg: 2.9, Max: 6, Diff: 5, Sum: 23]
      [GC Worker Other (ms): Min: 0.0, Avg: 0.0, Max: 0.0, Diff: 0.0, Sum: 0.1]
      [GC Worker Total (ms): Min: 4.9, Avg: 4.9, Max: 5.0, Diff: 0.1, Sum: 39.3]
      [GC Worker End (ms): Min: 364197620.6, Avg: 364197620.6, Max: 364197620.6, Diff: 0.0]
   [Code Root Fixup: 0.0 ms]
   [Code Root Purge: 0.0 ms]
   [Clear CT: 0.6 ms]
   [Other: 4.5 ms]
      [Choose CSet: 0.0 ms]
      [Ref Proc: 3.8 ms]
      [Ref Enq: 0.1 ms]
      [Redirty Cards: 0.1 ms]
      [Humongous Register: 0.0 ms]
      [Humongous Reclaim: 0.0 ms]
      [Free CSet: 0.3 ms]
   [Eden: 7152.0M(7152.0M)->0.0B(7152.0M) Survivors: 16384.0K->16384.0K Heap: 10366.7M(14336.0M)->3214.8M(14336.0M)]
 [Times: user=0.05 sys=0.00, real=0.01 secs] 
2022-07-26T02:37:10.040-0700: 365201.545: [GC pause (G1 Evacuation Pause) (young) (initial-mark), 0.0148510 secs]
   [Parallel Time: 10.2 ms, GC Workers: 8]
      [GC Worker Start (ms): Min: 365201547.3, Avg: 365201547.3, Max: 365201547.4, Diff: 0.2]
      [Ext Root Scanning (ms): Min: 6.4, Avg: 6.6, Max: 6.9, Diff: 0.5, Sum: 52.9]
      [Update RS (ms): Min: 0.2, Avg: 0.4, Max: 0.6, Diff: 0.4, Sum: 2.8]
         [Processed Buffers: Min: 1, Avg: 21.0, Max: 61, Diff: 60, Sum: 168]
      [Scan RS (ms): Min: 0.0, Avg: 0.1, Max: 0.1, Diff: 0.1, Sum: 0.6]
      [Code Root Scanning (ms): Min: 0.0, Avg: 0.0, Max: 0.0, Diff: 0.0, Sum: 0.0]
      [Object Copy (ms): Min: 0.1, Avg: 0.5, Max: 0.8, Diff: 0.7, Sum: 4.0]
      [Termination (ms): Min: 0.0, Avg: 0.1, Max: 0.1, Diff: 0.1, Sum: 0.6]
         [Termination Attempts: Min: 1, Avg: 1.1, Max: 2, Diff: 1, Sum: 9]
      [GC Worker Other (ms): Min: 0.0, Avg: 0.0, Max: 0.1, Diff: 0.1, Sum: 0.4]
      [GC Worker Total (ms): Min: 7.6, Avg: 7.7, Max: 7.7, Diff: 0.2, Sum: 61.3]
      [GC Worker End (ms): Min: 365201555.0, Avg: 365201555.0, Max: 365201555.1, Diff: 0.1]
   [Code Root Fixup: 0.0 ms]
   [Code Root Purge: 0.0 ms]
   [Clear CT: 0.6 ms]
   [Other: 4.0 ms]
      [Choose CSet: 0.0 ms]
      [Ref Proc: 3.4 ms]
      [Ref Enq: 0.1 ms]
      [Redirty Cards: 0.1 ms]
      [Humongous Register: 0.0 ms]
      [Humongous Reclaim: 0.0 ms]
      [Free CSet: 0.3 ms]
   [Eden: 7152.0M(7152.0M)->0.0B(7152.0M) Survivors: 16384.0K->16384.0K Heap: 10366.8M(14336.0M)->3214.6M(14336.0M)]
 [Times: user=0.05 sys=0.01, real=0.02 secs] 
2022-07-26T02:37:10.055-0700: 365201.560: [GC concurrent-root-region-scan-start]
2022-07-26T02:37:10.060-0700: 365201.564: [GC concurrent-root-region-scan-end, 0.0044592 secs]
2022-07-26T02:37:10.060-0700: 365201.564: [GC concurrent-mark-start]
2022-07-26T02:37:12.470-0700: 365203.975: [GC concurrent-mark-end, 2.4100641 secs]
2022-07-26T02:37:12.470-0700: 365203.975: [GC remark 2022-07-26T02:37:12.470-0700: 365203.975: [Finalize Marking, 0.0002027 secs] 2022-07-26T02:37:12.470-0700: 365203.975: [GC ref-proc, 0.0112382 secs] 2022-07-26T02:37:12.482-0700: 365203.986: [Unloading, 0.0271881 secs], 0.0438302 secs]
 [Times: user=0.25 sys=0.00, real=0.04 secs] 
2022-07-26T02:37:12.514-0700: 365204.019: [GC cleanup 3294M->3294M(14336M), 0.0075089 secs]
 [Times: user=0.06 sys=0.00, real=0.01 secs] 
2022-07-26T02:53:37.813-0700: 366189.318: [GC pause (G1 Evacuation Pause) (young), 0.0103347 secs]
   [Parallel Time: 5.4 ms, GC Workers: 8]
      [GC Worker Start (ms): Min: 366189318.2, Avg: 366189318.2, Max: 366189318.3, Diff: 0.1]
      [Ext Root Scanning (ms): Min: 1.1, Avg: 1.8, Max: 5.1, Diff: 4.0, Sum: 14.2]
      [Update RS (ms): Min: 0.0, Avg: 0.3, Max: 0.6, Diff: 0.6, Sum: 2.5]
         [Processed Buffers: Min: 0, Avg: 21.0, Max: 68, Diff: 68, Sum: 168]
      [Scan RS (ms): Min: 0.0, Avg: 0.1, Max: 0.2, Diff: 0.1, Sum: 0.7]
      [Code Root Scanning (ms): Min: 0.0, Avg: 0.0, Max: 0.0, Diff: 0.0, Sum: 0.0]
      [Object Copy (ms): Min: 0.0, Avg: 0.5, Max: 0.7, Diff: 0.7, Sum: 3.8]
      [Termination (ms): Min: 0.0, Avg: 2.5, Max: 2.9, Diff: 2.9, Sum: 20.2]
         [Termination Attempts: Min: 1, Avg: 5.1, Max: 8, Diff: 7, Sum: 41]
      [GC Worker Other (ms): Min: 0.0, Avg: 0.0, Max: 0.0, Diff: 0.0, Sum: 0.2]
      [GC Worker Total (ms): Min: 5.1, Avg: 5.2, Max: 5.2, Diff: 0.1, Sum: 41.6]
      [GC Worker End (ms): Min: 366189323.4, Avg: 366189323.4, Max: 366189323.4, Diff: 0.0]
   [Code Root Fixup: 0.0 ms]
   [Code Root Purge: 0.0 ms]
   [Clear CT: 0.7 ms]
   [Other: 4.2 ms]
      [Choose CSet: 0.0 ms]
      [Ref Proc: 3.5 ms]
      [Ref Enq: 0.1 ms]
      [Redirty Cards: 0.1 ms]
      [Humongous Register: 0.0 ms]
      [Humongous Reclaim: 0.0 ms]
      [Free CSet: 0.3 ms]
   [Eden: 7152.0M(7152.0M)->0.0B(7152.0M) Survivors: 16384.0K->16384.0K Heap: 10366.6M(14336.0M)->3214.7M(14336.0M)]
 [Times: user=0.05 sys=0.00, real=0.02 secs] 
2022-07-26T03:10:17.013-0700: 367188.518: [GC pause (G1 Evacuation Pause) (young), 0.0105356 secs]
   [Parallel Time: 5.6 ms, GC Workers: 8]
      [GC Worker Start (ms): Min: 367188518.2, Avg: 367188518.3, Max: 367188518.4, Diff: 0.1]
      [Ext Root Scanning (ms): Min: 1.0, Avg: 1.7, Max: 5.2, Diff: 4.2, Sum: 13.7]
      [Update RS (ms): Min: 0.0, Avg: 0.3, Max: 0.6, Diff: 0.6, Sum: 2.4]
         [Processed Buffers: Min: 0, Avg: 22.0, Max: 86, Diff: 86, Sum: 176]
      [Scan RS (ms): Min: 0.0, Avg: 0.1, Max: 0.1, Diff: 0.1, Sum: 0.6]
      [Code Root Scanning (ms): Min: 0.0, Avg: 0.0, Max: 0.0, Diff: 0.0, Sum: 0.0]
      [Object Copy (ms): Min: 0.0, Avg: 0.4, Max: 0.6, Diff: 0.6, Sum: 3.3]
      [Termination (ms): Min: 0.0, Avg: 2.7, Max: 3.1, Diff: 3.1, Sum: 21.5]
         [Termination Attempts: Min: 1, Avg: 2.4, Max: 6, Diff: 5, Sum: 19]
      [GC Worker Other (ms): Min: 0.0, Avg: 0.0, Max: 0.0, Diff: 0.0, Sum: 0.2]
      [GC Worker Total (ms): Min: 5.1, Avg: 5.2, Max: 5.3, Diff: 0.1, Sum: 41.6]
      [GC Worker End (ms): Min: 367188523.5, Avg: 367188523.5, Max: 367188523.5, Diff: 0.0]
   [Code Root Fixup: 0.0 ms]
   [Code Root Purge: 0.0 ms]
   [Clear CT: 0.6 ms]
   [Other: 4.3 ms]
      [Choose CSet: 0.0 ms]
      [Ref Proc: 3.6 ms]
      [Ref Enq: 0.1 ms]
      [Redirty Cards: 0.1 ms]
      [Humongous Register: 0.0 ms]
      [Humongous Reclaim: 0.0 ms]
      [Free CSet: 0.3 ms]
   [Eden: 7152.0M(7152.0M)->0.0B(7152.0M) Survivors: 16384.0K->16384.0K Heap: 10366.7M(14336.0M)->3214.8M(14336.0M)]
 [Times: user=0.05 sys=0.00, real=0.02 secs] 
2022-07-26T03:26:48.612-0700: 368180.117: [GC pause (G1 Evacuation Pause) (young) (initial-mark), 0.0141476 secs]
   [Parallel Time: 11.2 ms, GC Workers: 8]
      [GC Worker Start (ms): Min: 368180118.8, Avg: 368180118.9, Max: 368180119.0, Diff: 0.2]
      [Ext Root Scanning (ms): Min: 6.2, Avg: 6.8, Max: 8.8, Diff: 2.5, Sum: 54.0]
      [Update RS (ms): Min: 0.0, Avg: 0.3, Max: 0.6, Diff: 0.6, Sum: 2.5]
         [Processed Buffers: Min: 0, Avg: 21.6, Max: 76, Diff: 76, Sum: 173]
      [Scan RS (ms): Min: 0.0, Avg: 0.1, Max: 0.1, Diff: 0.1, Sum: 0.5]
      [Code Root Scanning (ms): Min: 0.0, Avg: 0.0, Max: 0.0, Diff: 0.0, Sum: 0.0]
      [Object Copy (ms): Min: 0.1, Avg: 0.6, Max: 0.8, Diff: 0.8, Sum: 4.4]
      [Termination (ms): Min: 0.0, Avg: 1.3, Max: 1.5, Diff: 1.5, Sum: 10.2]
         [Termination Attempts: Min: 1, Avg: 1.6, Max: 3, Diff: 2, Sum: 13]
      [GC Worker Other (ms): Min: 0.0, Avg: 0.0, Max: 0.0, Diff: 0.0, Sum: 0.1]
      [GC Worker Total (ms): Min: 8.9, Avg: 9.0, Max: 9.1, Diff: 0.2, Sum: 71.9]
      [GC Worker End (ms): Min: 368180127.9, Avg: 368180127.9, Max: 368180127.9, Diff: 0.0]
   [Code Root Fixup: 0.0 ms]
   [Code Root Purge: 0.0 ms]
   [Clear CT: 0.6 ms]
   [Other: 2.3 ms]
      [Choose CSet: 0.0 ms]
      [Ref Proc: 1.6 ms]
      [Ref Enq: 0.1 ms]
      [Redirty Cards: 0.1 ms]
      [Humongous Register: 0.0 ms]
      [Humongous Reclaim: 0.0 ms]
      [Free CSet: 0.3 ms]
   [Eden: 7152.0M(7152.0M)->0.0B(7152.0M) Survivors: 16384.0K->16384.0K Heap: 10366.8M(14336.0M)->3214.6M(14336.0M)]
 [Times: user=0.07 sys=0.00, real=0.02 secs] 
2022-07-26T03:26:48.626-0700: 368180.131: [GC concurrent-root-region-scan-start]
2022-07-26T03:26:48.631-0700: 368180.136: [GC concurrent-root-region-scan-end, 0.0045205 secs]
2022-07-26T03:26:48.631-0700: 368180.136: [GC concurrent-mark-start]
2022-07-26T03:26:51.057-0700: 368182.561: [GC concurrent-mark-end, 2.4259139 secs]
2022-07-26T03:26:51.057-0700: 368182.562: [GC remark 2022-07-26T03:26:51.057-0700: 368182.562: [Finalize Marking, 0.0004089 secs] 2022-07-26T03:26:51.058-0700: 368182.562: [GC ref-proc, 0.0064026 secs] 2022-07-26T03:26:51.064-0700: 368182.569: [Unloading, 0.0275381 secs], 0.0395850 secs]
 [Times: user=0.25 sys=0.00, real=0.04 secs] 
2022-07-26T03:26:51.097-0700: 368182.602: [GC cleanup 3246M->3246M(14336M), 0.0079575 secs]
 [Times: user=0.05 sys=0.00, real=0.01 secs] 
2022-07-26T03:43:16.312-0700: 369167.817: [GC pause (G1 Evacuation Pause) (young), 0.0107980 secs]
   [Parallel Time: 5.3 ms, GC Workers: 8]
      [GC Worker Start (ms): Min: 369167817.3, Avg: 369167817.4, Max: 369167817.5, Diff: 0.1]
      [Ext Root Scanning (ms): Min: 1.0, Avg: 1.7, Max: 5.0, Diff: 4.0, Sum: 13.7]
      [Update RS (ms): Min: 0.0, Avg: 0.3, Max: 0.5, Diff: 0.5, Sum: 2.2]
         [Processed Buffers: Min: 0, Avg: 21.5, Max: 90, Diff: 90, Sum: 172]
      [Scan RS (ms): Min: 0.0, Avg: 0.1, Max: 0.1, Diff: 0.1, Sum: 0.5]
      [Code Root Scanning (ms): Min: 0.0, Avg: 0.0, Max: 0.0, Diff: 0.0, Sum: 0.0]
      [Object Copy (ms): Min: 0.0, Avg: 0.4, Max: 0.6, Diff: 0.6, Sum: 2.9]
      [Termination (ms): Min: 0.0, Avg: 2.6, Max: 2.9, Diff: 2.9, Sum: 20.4]
         [Termination Attempts: Min: 1, Avg: 1.8, Max: 4, Diff: 3, Sum: 14]
      [GC Worker Other (ms): Min: 0.0, Avg: 0.0, Max: 0.1, Diff: 0.1, Sum: 0.3]
      [GC Worker Total (ms): Min: 4.9, Avg: 5.0, Max: 5.1, Diff: 0.1, Sum: 40.2]
      [GC Worker End (ms): Min: 369167822.4, Avg: 369167822.4, Max: 369167822.5, Diff: 0.1]
   [Code Root Fixup: 0.0 ms]
   [Code Root Purge: 0.0 ms]
   [Clear CT: 0.6 ms]
   [Other: 4.9 ms]
      [Choose CSet: 0.0 ms]
      [Ref Proc: 4.0 ms]
      [Ref Enq: 0.2 ms]
      [Redirty Cards: 0.2 ms]
      [Humongous Register: 0.0 ms]
      [Humongous Reclaim: 0.0 ms]
      [Free CSet: 0.3 ms]
   [Eden: 7152.0M(7152.0M)->0.0B(7152.0M) Survivors: 16384.0K->16384.0K Heap: 10366.6M(14336.0M)->3214.7M(14336.0M)]
 [Times: user=0.05 sys=0.01, real=0.02 secs] 
2022-07-26T03:59:51.262-0700: 370162.767: [GC pause (G1 Evacuation Pause) (young), 0.0109002 secs]
   [Parallel Time: 5.6 ms, GC Workers: 8]
      [GC Worker Start (ms): Min: 370162766.9, Avg: 370162767.0, Max: 370162767.0, Diff: 0.1]
      [Ext Root Scanning (ms): Min: 1.2, Avg: 1.9, Max: 5.2, Diff: 4.0, Sum: 15.1]
      [Update RS (ms): Min: 0.0, Avg: 0.3, Max: 0.7, Diff: 0.6, Sum: 2.6]
         [Processed Buffers: Min: 0, Avg: 21.0, Max: 75, Diff: 75, Sum: 168]
      [Scan RS (ms): Min: 0.0, Avg: 0.1, Max: 0.1, Diff: 0.1, Sum: 0.6]
      [Code Root Scanning (ms): Min: 0.0, Avg: 0.0, Max: 0.0, Diff: 0.0, Sum: 0.0]
      [Object Copy (ms): Min: 0.0, Avg: 0.5, Max: 0.7, Diff: 0.7, Sum: 3.7]
      [Termination (ms): Min: 0.0, Avg: 2.4, Max: 2.8, Diff: 2.8, Sum: 19.6]
         [Termination Attempts: Min: 1, Avg: 7.2, Max: 13, Diff: 12, Sum: 58]
      [GC Worker Other (ms): Min: 0.0, Avg: 0.0, Max: 0.0, Diff: 0.0, Sum: 0.2]
      [GC Worker Total (ms): Min: 5.1, Avg: 5.2, Max: 5.3, Diff: 0.1, Sum: 41.7]
      [GC Worker End (ms): Min: 370162772.2, Avg: 370162772.2, Max: 370162772.2, Diff: 0.0]
   [Code Root Fixup: 0.0 ms]
   [Code Root Purge: 0.0 ms]
   [Clear CT: 0.6 ms]
   [Other: 4.7 ms]
      [Choose CSet: 0.0 ms]
      [Ref Proc: 4.1 ms]
      [Ref Enq: 0.1 ms]
      [Redirty Cards: 0.1 ms]
      [Humongous Register: 0.0 ms]
      [Humongous Reclaim: 0.0 ms]
      [Free CSet: 0.3 ms]
   [Eden: 7152.0M(7152.0M)->0.0B(7152.0M) Survivors: 16384.0K->16384.0K Heap: 10366.7M(14336.0M)->3214.8M(14336.0M)]
 [Times: user=0.06 sys=0.00, real=0.01 secs] 
2022-07-26T04:16:32.912-0700: 371164.417: [GC pause (G1 Evacuation Pause) (young) (initial-mark), 0.0158241 secs]
   [Parallel Time: 9.9 ms, GC Workers: 8]
      [GC Worker Start (ms): Min: 371164419.5, Avg: 371164419.6, Max: 371164419.7, Diff: 0.2]
      [Ext Root Scanning (ms): Min: 6.0, Avg: 6.2, Max: 6.5, Diff: 0.5, Sum: 49.8]
      [Update RS (ms): Min: 0.2, Avg: 0.3, Max: 0.6, Diff: 0.4, Sum: 2.6]
         [Processed Buffers: Min: 1, Avg: 20.1, Max: 51, Diff: 50, Sum: 161]
      [Scan RS (ms): Min: 0.0, Avg: 0.1, Max: 0.2, Diff: 0.1, Sum: 0.6]
      [Code Root Scanning (ms): Min: 0.0, Avg: 0.0, Max: 0.0, Diff: 0.0, Sum: 0.0]
      [Object Copy (ms): Min: 0.1, Avg: 0.5, Max: 0.7, Diff: 0.6, Sum: 4.0]
      [Termination (ms): Min: 0.0, Avg: 0.0, Max: 0.0, Diff: 0.0, Sum: 0.3]
         [Termination Attempts: Min: 1, Avg: 4.8, Max: 7, Diff: 6, Sum: 38]
      [GC Worker Other (ms): Min: 0.0, Avg: 0.0, Max: 0.1, Diff: 0.0, Sum: 0.3]
      [GC Worker Total (ms): Min: 7.1, Avg: 7.2, Max: 7.3, Diff: 0.2, Sum: 57.6]
      [GC Worker End (ms): Min: 371164426.8, Avg: 371164426.8, Max: 371164426.9, Diff: 0.1]
   [Code Root Fixup: 0.0 ms]
   [Code Root Purge: 0.0 ms]
   [Clear CT: 0.7 ms]
   [Other: 5.2 ms]
      [Choose CSet: 0.0 ms]
      [Ref Proc: 4.4 ms]
      [Ref Enq: 0.1 ms]
      [Redirty Cards: 0.1 ms]
      [Humongous Register: 0.0 ms]
      [Humongous Reclaim: 0.0 ms]
      [Free CSet: 0.3 ms]
   [Eden: 7152.0M(7152.0M)->0.0B(7152.0M) Survivors: 16384.0K->16384.0K Heap: 10366.8M(14336.0M)->3214.7M(14336.0M)]
 [Times: user=0.06 sys=0.01, real=0.02 secs] 
2022-07-26T04:16:32.928-0700: 371164.433: [GC concurrent-root-region-scan-start]
2022-07-26T04:16:32.933-0700: 371164.438: [GC concurrent-root-region-scan-end, 0.0047962 secs]
2022-07-26T04:16:32.933-0700: 371164.438: [GC concurrent-mark-start]
2022-07-26T04:16:35.344-0700: 371166.849: [GC concurrent-mark-end, 2.4107176 secs]
2022-07-26T04:16:35.344-0700: 371166.849: [GC remark 2022-07-26T04:16:35.344-0700: 371166.849: [Finalize Marking, 0.0002581 secs] 2022-07-26T04:16:35.344-0700: 371166.849: [GC ref-proc, 0.0113061 secs] 2022-07-26T04:16:35.356-0700: 371166.860: [Unloading, 0.0269538 secs], 0.0437132 secs]
 [Times: user=0.25 sys=0.00, real=0.04 secs] 
2022-07-26T04:16:35.388-0700: 371166.893: [GC cleanup 3246M->3246M(14336M), 0.0075751 secs]
 [Times: user=0.06 sys=0.00, real=0.01 secs] 
2022-07-26T04:33:05.162-0700: 372156.667: [GC pause (G1 Evacuation Pause) (young), 0.0089961 secs]
   [Parallel Time: 5.7 ms, GC Workers: 8]
      [GC Worker Start (ms): Min: 372156666.6, Avg: 372156666.7, Max: 372156666.8, Diff: 0.1]
      [Ext Root Scanning (ms): Min: 1.2, Avg: 1.9, Max: 5.5, Diff: 4.3, Sum: 15.4]
      [Update RS (ms): Min: 0.0, Avg: 0.4, Max: 0.7, Diff: 0.7, Sum: 2.9]
         [Processed Buffers: Min: 0, Avg: 22.0, Max: 67, Diff: 67, Sum: 176]
      [Scan RS (ms): Min: 0.0, Avg: 0.1, Max: 0.2, Diff: 0.1, Sum: 0.7]
      [Code Root Scanning (ms): Min: 0.0, Avg: 0.0, Max: 0.0, Diff: 0.0, Sum: 0.0]
      [Object Copy (ms): Min: 0.0, Avg: 0.5, Max: 0.7, Diff: 0.7, Sum: 4.1]
      [Termination (ms): Min: 0.0, Avg: 2.6, Max: 3.0, Diff: 3.0, Sum: 20.8]
         [Termination Attempts: Min: 1, Avg: 3.2, Max: 5, Diff: 4, Sum: 26]
      [GC Worker Other (ms): Min: 0.0, Avg: 0.0, Max: 0.0, Diff: 0.0, Sum: 0.1]
      [GC Worker Total (ms): Min: 5.4, Avg: 5.5, Max: 5.6, Diff: 0.1, Sum: 44.0]
      [GC Worker End (ms): Min: 372156672.2, Avg: 372156672.2, Max: 372156672.2, Diff: 0.0]
   [Code Root Fixup: 0.0 ms]
   [Code Root Purge: 0.0 ms]
   [Clear CT: 0.6 ms]
   [Other: 2.6 ms]
      [Choose CSet: 0.0 ms]
      [Ref Proc: 2.0 ms]
      [Ref Enq: 0.1 ms]
      [Redirty Cards: 0.1 ms]
      [Humongous Register: 0.0 ms]
      [Humongous Reclaim: 0.0 ms]
      [Free CSet: 0.3 ms]
   [Eden: 7152.0M(7152.0M)->0.0B(7152.0M) Survivors: 16384.0K->16384.0K Heap: 10366.7M(14336.0M)->3214.7M(14336.0M)]
 [Times: user=0.05 sys=0.00, real=0.01 secs] 
2022-07-26T04:49:32.862-0700: 373144.367: [GC pause (G1 Evacuation Pause) (young), 0.0112585 secs]
   [Parallel Time: 5.9 ms, GC Workers: 8]
      [GC Worker Start (ms): Min: 373144366.9, Avg: 373144367.1, Max: 373144367.1, Diff: 0.2]
      [Ext Root Scanning (ms): Min: 1.2, Avg: 1.9, Max: 5.8, Diff: 4.6, Sum: 15.4]
      [Update RS (ms): Min: 0.0, Avg: 0.4, Max: 0.8, Diff: 0.8, Sum: 2.9]
         [Processed Buffers: Min: 0, Avg: 22.0, Max: 67, Diff: 67, Sum: 176]
      [Scan RS (ms): Min: 0.0, Avg: 0.1, Max: 0.2, Diff: 0.1, Sum: 0.7]
      [Code Root Scanning (ms): Min: 0.0, Avg: 0.0, Max: 0.0, Diff: 0.0, Sum: 0.0]
      [Object Copy (ms): Min: 0.0, Avg: 0.5, Max: 0.7, Diff: 0.7, Sum: 3.8]
      [Termination (ms): Min: 0.0, Avg: 2.8, Max: 3.2, Diff: 3.2, Sum: 22.6]
         [Termination Attempts: Min: 1, Avg: 2.2, Max: 4, Diff: 3, Sum: 18]
      [GC Worker Other (ms): Min: 0.0, Avg: 0.0, Max: 0.0, Diff: 0.0, Sum: 0.1]
      [GC Worker Total (ms): Min: 5.6, Avg: 5.7, Max: 5.8, Diff: 0.2, Sum: 45.6]
      [GC Worker End (ms): Min: 373144372.8, Avg: 373144372.8, Max: 373144372.8, Diff: 0.0]
   [Code Root Fixup: 0.0 ms]
   [Code Root Purge: 0.0 ms]
   [Clear CT: 0.6 ms]
   [Other: 4.8 ms]
      [Choose CSet: 0.0 ms]
      [Ref Proc: 4.0 ms]
      [Ref Enq: 0.1 ms]
      [Redirty Cards: 0.1 ms]
      [Humongous Register: 0.1 ms]
      [Humongous Reclaim: 0.0 ms]
      [Free CSet: 0.3 ms]
   [Eden: 7152.0M(7152.0M)->0.0B(7152.0M) Survivors: 16384.0K->16384.0K Heap: 10366.7M(14336.0M)->3214.8M(14336.0M)]
 [Times: user=0.06 sys=0.00, real=0.01 secs] 
2022-07-26T05:06:12.762-0700: 374144.266: [GC pause (G1 Evacuation Pause) (young) (initial-mark), 0.0193809 secs]
   [Parallel Time: 16.5 ms, GC Workers: 8]
      [GC Worker Start (ms): Min: 374144268.3, Avg: 374144268.4, Max: 374144268.5, Diff: 0.2]
      [Ext Root Scanning (ms): Min: 5.7, Avg: 7.0, Max: 13.8, Diff: 8.1, Sum: 55.9]
      [Update RS (ms): Min: 0.0, Avg: 0.3, Max: 0.5, Diff: 0.5, Sum: 2.1]
         [Processed Buffers: Min: 0, Avg: 22.0, Max: 55, Diff: 55, Sum: 176]
      [Scan RS (ms): Min: 0.0, Avg: 0.1, Max: 0.1, Diff: 0.1, Sum: 0.5]
      [Code Root Scanning (ms): Min: 0.0, Avg: 0.0, Max: 0.0, Diff: 0.0, Sum: 0.0]
      [Object Copy (ms): Min: 0.2, Avg: 0.6, Max: 1.0, Diff: 0.7, Sum: 4.7]
      [Termination (ms): Min: 0.0, Avg: 6.6, Max: 7.6, Diff: 7.6, Sum: 53.2]
         [Termination Attempts: Min: 1, Avg: 2.9, Max: 5, Diff: 4, Sum: 23]
      [GC Worker Other (ms): Min: 0.0, Avg: 0.0, Max: 0.0, Diff: 0.0, Sum: 0.1]
      [GC Worker Total (ms): Min: 14.5, Avg: 14.6, Max: 14.7, Diff: 0.2, Sum: 116.4]
      [GC Worker End (ms): Min: 374144283.0, Avg: 374144283.0, Max: 374144283.0, Diff: 0.0]
   [Code Root Fixup: 0.0 ms]
   [Code Root Purge: 0.0 ms]
   [Clear CT: 0.7 ms]
   [Other: 2.2 ms]
      [Choose CSet: 0.0 ms]
      [Ref Proc: 1.6 ms]
      [Ref Enq: 0.1 ms]
      [Redirty Cards: 0.1 ms]
      [Humongous Register: 0.0 ms]
      [Humongous Reclaim: 0.0 ms]
      [Free CSet: 0.3 ms]
   [Eden: 7152.0M(7152.0M)->0.0B(7152.0M) Survivors: 16384.0K->16384.0K Heap: 10366.8M(14336.0M)->3214.7M(14336.0M)]
 [Times: user=0.11 sys=0.00, real=0.02 secs] 
2022-07-26T05:06:12.781-0700: 374144.286: [GC concurrent-root-region-scan-start]
2022-07-26T05:06:12.785-0700: 374144.290: [GC concurrent-root-region-scan-end, 0.0039659 secs]
2022-07-26T05:06:12.785-0700: 374144.290: [GC concurrent-mark-start]
2022-07-26T05:06:15.192-0700: 374146.697: [GC concurrent-mark-end, 2.4068100 secs]
2022-07-26T05:06:15.192-0700: 374146.697: [GC remark 2022-07-26T05:06:15.192-0700: 374146.697: [Finalize Marking, 0.0002691 secs] 2022-07-26T05:06:15.193-0700: 374146.697: [GC ref-proc, 0.0069146 secs] 2022-07-26T05:06:15.200-0700: 374146.704: [Unloading, 0.0274926 secs], 0.0397832 secs]
 [Times: user=0.25 sys=0.00, real=0.04 secs] 
2022-07-26T05:06:15.232-0700: 374146.737: [GC cleanup 3254M->3254M(14336M), 0.0073562 secs]
 [Times: user=0.05 sys=0.00, real=0.01 secs] 
2022-07-26T05:22:42.797-0700: 375134.302: [GC pause (G1 Evacuation Pause) (young), 0.0107151 secs]
   [Parallel Time: 5.9 ms, GC Workers: 8]
      [GC Worker Start (ms): Min: 375134301.7, Avg: 375134301.8, Max: 375134301.9, Diff: 0.1]
      [Ext Root Scanning (ms): Min: 1.1, Avg: 1.8, Max: 5.7, Diff: 4.6, Sum: 14.3]
      [Update RS (ms): Min: 0.0, Avg: 0.9, Max: 2.9, Diff: 2.9, Sum: 7.3]
         [Processed Buffers: Min: 0, Avg: 22.8, Max: 61, Diff: 61, Sum: 182]
      [Scan RS (ms): Min: 0.0, Avg: 0.1, Max: 0.2, Diff: 0.1, Sum: 0.4]
      [Code Root Scanning (ms): Min: 0.0, Avg: 0.0, Max: 0.0, Diff: 0.0, Sum: 0.0]
      [Object Copy (ms): Min: 0.0, Avg: 1.7, Max: 2.7, Diff: 2.7, Sum: 13.5]
      [Termination (ms): Min: 0.0, Avg: 1.2, Max: 1.4, Diff: 1.4, Sum: 9.5]
         [Termination Attempts: Min: 1, Avg: 1.0, Max: 1, Diff: 0, Sum: 8]
      [GC Worker Other (ms): Min: 0.0, Avg: 0.0, Max: 0.0, Diff: 0.0, Sum: 0.1]
      [GC Worker Total (ms): Min: 5.6, Avg: 5.7, Max: 5.7, Diff: 0.1, Sum: 45.2]
      [GC Worker End (ms): Min: 375134307.4, Avg: 375134307.4, Max: 375134307.5, Diff: 0.0]
   [Code Root Fixup: 0.0 ms]
   [Code Root Purge: 0.0 ms]
   [Clear CT: 0.7 ms]
   [Other: 4.2 ms]
      [Choose CSet: 0.0 ms]
      [Ref Proc: 3.4 ms]
      [Ref Enq: 0.1 ms]
      [Redirty Cards: 0.1 ms]
      [Humongous Register: 0.1 ms]
      [Humongous Reclaim: 0.0 ms]
      [Free CSet: 0.3 ms]
   [Eden: 7152.0M(7152.0M)->0.0B(7152.0M) Survivors: 16384.0K->16384.0K Heap: 10366.7M(14336.0M)->3220.1M(14336.0M)]
 [Times: user=0.05 sys=0.00, real=0.01 secs] 
2022-07-26T05:39:10.162-0700: 376121.667: [GC pause (G1 Evacuation Pause) (young), 0.0091963 secs]
   [Parallel Time: 6.1 ms, GC Workers: 8]
      [GC Worker Start (ms): Min: 376121667.3, Avg: 376121667.3, Max: 376121667.4, Diff: 0.1]
      [Ext Root Scanning (ms): Min: 1.4, Avg: 2.1, Max: 5.9, Diff: 4.5, Sum: 17.0]
      [Update RS (ms): Min: 0.0, Avg: 0.4, Max: 0.6, Diff: 0.6, Sum: 2.8]
         [Processed Buffers: Min: 0, Avg: 21.6, Max: 68, Diff: 68, Sum: 173]
      [Scan RS (ms): Min: 0.0, Avg: 0.1, Max: 0.2, Diff: 0.1, Sum: 0.6]
      [Code Root Scanning (ms): Min: 0.0, Avg: 0.0, Max: 0.0, Diff: 0.0, Sum: 0.0]
      [Object Copy (ms): Min: 0.0, Avg: 0.6, Max: 0.9, Diff: 0.9, Sum: 4.9]
      [Termination (ms): Min: 0.0, Avg: 2.7, Max: 3.1, Diff: 3.1, Sum: 21.6]
         [Termination Attempts: Min: 1, Avg: 1.4, Max: 2, Diff: 1, Sum: 11]
      [GC Worker Other (ms): Min: 0.0, Avg: 0.0, Max: 0.0, Diff: 0.0, Sum: 0.2]
      [GC Worker Total (ms): Min: 5.8, Avg: 5.9, Max: 5.9, Diff: 0.1, Sum: 47.1]
      [GC Worker End (ms): Min: 376121673.2, Avg: 376121673.2, Max: 376121673.3, Diff: 0.0]
   [Code Root Fixup: 0.0 ms]
   [Code Root Purge: 0.0 ms]
   [Clear CT: 0.7 ms]
   [Other: 2.4 ms]
      [Choose CSet: 0.0 ms]
      [Ref Proc: 1.7 ms]
      [Ref Enq: 0.1 ms]
      [Redirty Cards: 0.1 ms]
      [Humongous Register: 0.1 ms]
      [Humongous Reclaim: 0.0 ms]
      [Free CSet: 0.3 ms]
   [Eden: 7152.0M(7152.0M)->0.0B(7152.0M) Survivors: 16384.0K->16384.0K Heap: 10372.1M(14336.0M)->3221.6M(14336.0M)]
 [Times: user=0.06 sys=0.00, real=0.01 secs] 
2022-07-26T05:55:46.713-0700: 377118.218: [GC pause (G1 Evacuation Pause) (young) (initial-mark), 0.0146324 secs]
   [Parallel Time: 9.5 ms, GC Workers: 8]
      [GC Worker Start (ms): Min: 377118219.4, Avg: 377118219.5, Max: 377118219.6, Diff: 0.2]
      [Ext Root Scanning (ms): Min: 6.1, Avg: 6.4, Max: 6.7, Diff: 0.7, Sum: 51.1]
      [Update RS (ms): Min: 0.1, Avg: 0.3, Max: 0.6, Diff: 0.4, Sum: 2.3]
         [Processed Buffers: Min: 1, Avg: 20.9, Max: 68, Diff: 67, Sum: 167]
      [Scan RS (ms): Min: 0.0, Avg: 0.1, Max: 0.1, Diff: 0.1, Sum: 0.5]
      [Code Root Scanning (ms): Min: 0.0, Avg: 0.0, Max: 0.0, Diff: 0.0, Sum: 0.0]
      [Object Copy (ms): Min: 0.3, Avg: 0.6, Max: 0.9, Diff: 0.6, Sum: 4.6]
      [Termination (ms): Min: 0.0, Avg: 0.1, Max: 0.1, Diff: 0.1, Sum: 0.5]
         [Termination Attempts: Min: 1, Avg: 3.1, Max: 5, Diff: 4, Sum: 25]
      [GC Worker Other (ms): Min: 0.0, Avg: 0.0, Max: 0.1, Diff: 0.1, Sum: 0.3]
      [GC Worker Total (ms): Min: 7.3, Avg: 7.4, Max: 7.5, Diff: 0.2, Sum: 59.4]
      [GC Worker End (ms): Min: 377118226.9, Avg: 377118226.9, Max: 377118227.0, Diff: 0.1]
   [Code Root Fixup: 0.0 ms]
   [Code Root Purge: 0.0 ms]
   [Clear CT: 0.7 ms]
   [Other: 4.5 ms]
      [Choose CSet: 0.0 ms]
      [Ref Proc: 3.8 ms]
      [Ref Enq: 0.1 ms]
      [Redirty Cards: 0.1 ms]
      [Humongous Register: 0.0 ms]
      [Humongous Reclaim: 0.0 ms]
      [Free CSet: 0.3 ms]
   [Eden: 7152.0M(7152.0M)->0.0B(7152.0M) Survivors: 16384.0K->16384.0K Heap: 10373.6M(14336.0M)->3216.4M(14336.0M)]
 [Times: user=0.06 sys=0.01, real=0.02 secs] 
2022-07-26T05:55:46.728-0700: 377118.232: [GC concurrent-root-region-scan-start]
2022-07-26T05:55:46.733-0700: 377118.237: [GC concurrent-root-region-scan-end, 0.0050825 secs]
2022-07-26T05:55:46.733-0700: 377118.237: [GC concurrent-mark-start]
2022-07-26T05:55:49.150-0700: 377120.655: [GC concurrent-mark-end, 2.4173498 secs]
2022-07-26T05:55:49.150-0700: 377120.655: [GC remark 2022-07-26T05:55:49.150-0700: 377120.655: [Finalize Marking, 0.0003689 secs] 2022-07-26T05:55:49.151-0700: 377120.656: [GC ref-proc, 0.0075427 secs] 2022-07-26T05:55:49.158-0700: 377120.663: [Unloading, 0.0270608 secs], 0.0401261 secs]
 [Times: user=0.24 sys=0.00, real=0.04 secs] 
2022-07-26T05:55:49.191-0700: 377120.696: [GC cleanup 3288M->3288M(14336M), 0.0074775 secs]
 [Times: user=0.06 sys=0.00, real=0.01 secs] 
2022-07-26T06:09:09.055-0700: 377920.560: [GC pause (GCLocker Initiated GC) (young), 0.0404803 secs]
   [Parallel Time: 37.7 ms, GC Workers: 8]
      [GC Worker Start (ms): Min: 377920560.2, Avg: 377920560.3, Max: 377920560.3, Diff: 0.1]
      [Ext Root Scanning (ms): Min: 0.9, Avg: 1.7, Max: 6.1, Diff: 5.2, Sum: 13.3]
      [Update RS (ms): Min: 0.0, Avg: 1.7, Max: 2.4, Diff: 2.4, Sum: 13.7]
         [Processed Buffers: Min: 0, Avg: 36.9, Max: 88, Diff: 88, Sum: 295]
      [Scan RS (ms): Min: 0.0, Avg: 0.1, Max: 0.2, Diff: 0.1, Sum: 0.5]
      [Code Root Scanning (ms): Min: 0.0, Avg: 0.0, Max: 0.0, Diff: 0.0, Sum: 0.1]
      [Object Copy (ms): Min: 31.5, Avg: 34.1, Max: 34.7, Diff: 3.2, Sum: 272.9]
      [Termination (ms): Min: 0.0, Avg: 0.0, Max: 0.0, Diff: 0.0, Sum: 0.0]
         [Termination Attempts: Min: 1, Avg: 1.0, Max: 1, Diff: 0, Sum: 8]
      [GC Worker Other (ms): Min: 0.0, Avg: 0.1, Max: 0.1, Diff: 0.1, Sum: 0.4]
      [GC Worker Total (ms): Min: 37.6, Avg: 37.6, Max: 37.7, Diff: 0.1, Sum: 300.9]
      [GC Worker End (ms): Min: 377920597.9, Avg: 377920597.9, Max: 377920597.9, Diff: 0.1]
   [Code Root Fixup: 0.0 ms]
   [Code Root Purge: 0.0 ms]
   [Clear CT: 0.7 ms]
   [Other: 2.0 ms]
      [Choose CSet: 0.0 ms]
      [Ref Proc: 1.4 ms]
      [Ref Enq: 0.1 ms]
      [Redirty Cards: 0.1 ms]
      [Humongous Register: 0.0 ms]
      [Humongous Reclaim: 0.0 ms]
      [Free CSet: 0.3 ms]
   [Eden: 7168.0M(7152.0M)->0.0B(7040.0M) Survivors: 16384.0K->128.0M Heap: 10384.4M(14336.0M)->3354.3M(14336.0M)]
 [Times: user=0.31 sys=0.00, real=0.04 secs] 
2022-07-26T06:10:41.223-0700: 378012.728: [GC pause (GCLocker Initiated GC) (young), 0.0644332 secs]
   [Parallel Time: 61.2 ms, GC Workers: 8]
      [GC Worker Start (ms): Min: 378012728.2, Avg: 378012728.2, Max: 378012728.3, Diff: 0.1]
      [Ext Root Scanning (ms): Min: 0.9, Avg: 1.6, Max: 5.4, Diff: 4.6, Sum: 12.8]
      [Update RS (ms): Min: 0.0, Avg: 1.1, Max: 1.6, Diff: 1.6, Sum: 8.8]
         [Processed Buffers: Min: 0, Avg: 4.5, Max: 10, Diff: 10, Sum: 36]
      [Scan RS (ms): Min: 0.0, Avg: 0.1, Max: 0.1, Diff: 0.1, Sum: 0.4]
      [Code Root Scanning (ms): Min: 0.0, Avg: 0.0, Max: 0.0, Diff: 0.0, Sum: 0.0]
      [Object Copy (ms): Min: 55.4, Avg: 58.0, Max: 58.5, Diff: 3.1, Sum: 464.4]
      [Termination (ms): Min: 0.0, Avg: 0.0, Max: 0.0, Diff: 0.0, Sum: 0.0]
         [Termination Attempts: Min: 1, Avg: 29.0, Max: 37, Diff: 36, Sum: 232]
      [GC Worker Other (ms): Min: 0.0, Avg: 0.1, Max: 0.1, Diff: 0.1, Sum: 0.5]
      [GC Worker Total (ms): Min: 60.8, Avg: 60.9, Max: 60.9, Diff: 0.1, Sum: 486.9]
      [GC Worker End (ms): Min: 378012789.1, Avg: 378012789.1, Max: 378012789.2, Diff: 0.1]
   [Code Root Fixup: 0.0 ms]
   [Code Root Purge: 0.0 ms]
   [Clear CT: 0.8 ms]
   [Other: 2.5 ms]
      [Choose CSet: 0.0 ms]
      [Ref Proc: 1.7 ms]
      [Ref Enq: 0.1 ms]
      [Redirty Cards: 0.2 ms]
      [Humongous Register: 0.1 ms]
      [Humongous Reclaim: 0.0 ms]
      [Free CSet: 0.3 ms]
   [Eden: 7056.0M(7040.0M)->0.0B(6992.0M) Survivors: 128.0M->176.0M Heap: 10402.3M(14336.0M)->3523.7M(14336.0M)]
 [Times: user=0.44 sys=0.00, real=0.06 secs] 
2022-07-26T06:12:29.723-0700: 378121.228: [GC pause (GCLocker Initiated GC) (young) (initial-mark), 0.0509339 secs]
   [Parallel Time: 46.2 ms, GC Workers: 8]
      [GC Worker Start (ms): Min: 378121229.8, Avg: 378121229.9, Max: 378121230.0, Diff: 0.2]
      [Ext Root Scanning (ms): Min: 5.1, Avg: 5.5, Max: 6.0, Diff: 0.9, Sum: 44.3]
      [Update RS (ms): Min: 16.8, Avg: 16.9, Max: 17.1, Diff: 0.3, Sum: 135.4]
         [Processed Buffers: Min: 41, Avg: 44.0, Max: 55, Diff: 14, Sum: 352]
      [Scan RS (ms): Min: 0.0, Avg: 0.0, Max: 0.1, Diff: 0.1, Sum: 0.4]
      [Code Root Scanning (ms): Min: 0.0, Avg: 0.0, Max: 0.0, Diff: 0.0, Sum: 0.0]
      [Object Copy (ms): Min: 20.5, Avg: 21.0, Max: 21.4, Diff: 0.9, Sum: 167.8]
      [Termination (ms): Min: 0.0, Avg: 0.0, Max: 0.0, Diff: 0.0, Sum: 0.0]
         [Termination Attempts: Min: 1, Avg: 1.0, Max: 1, Diff: 0, Sum: 8]
      [GC Worker Other (ms): Min: 0.0, Avg: 0.1, Max: 0.2, Diff: 0.2, Sum: 0.7]
      [GC Worker Total (ms): Min: 43.4, Avg: 43.6, Max: 43.8, Diff: 0.3, Sum: 348.6]
      [GC Worker End (ms): Min: 378121273.4, Avg: 378121273.5, Max: 378121273.6, Diff: 0.2]
   [Code Root Fixup: 0.0 ms]
   [Code Root Purge: 0.0 ms]
   [Clear CT: 0.7 ms]
   [Other: 4.0 ms]
      [Choose CSet: 0.0 ms]
      [Ref Proc: 3.3 ms]
      [Ref Enq: 0.1 ms]
      [Redirty Cards: 0.1 ms]
      [Humongous Register: 0.0 ms]
      [Humongous Reclaim: 0.0 ms]
      [Free CSet: 0.3 ms]
   [Eden: 7008.0M(6992.0M)->0.0B(7040.0M) Survivors: 176.0M->128.0M Heap: 10523.7M(14336.0M)->3612.1M(14336.0M)]
 [Times: user=0.35 sys=0.00, real=0.04 secs] 
2022-07-26T06:12:29.774-0700: 378121.279: [GC concurrent-root-region-scan-start]
2022-07-26T06:12:29.781-0700: 378121.285: [GC concurrent-root-region-scan-end, 0.0067137 secs]
2022-07-26T06:12:29.781-0700: 378121.285: [GC concurrent-mark-start]
2022-07-26T06:12:32.518-0700: 378124.023: [GC concurrent-mark-end, 2.7372159 secs]
2022-07-26T06:12:32.518-0700: 378124.023: [GC remark 2022-07-26T06:12:32.518-0700: 378124.023: [Finalize Marking, 0.0003212 secs] 2022-07-26T06:12:32.519-0700: 378124.023: [GC ref-proc, 0.0072707 secs] 2022-07-26T06:12:32.526-0700: 378124.031: [Unloading, 0.0266677 secs], 0.0397830 secs]
 [Times: user=0.25 sys=0.00, real=0.04 secs] 
2022-07-26T06:12:32.559-0700: 378124.063: [GC cleanup 3868M->3868M(14336M), 0.0077357 secs]
 [Times: user=0.06 sys=0.00, real=0.01 secs] 
2022-07-26T06:13:23.083-0700: 378174.588: [GC pause (GCLocker Initiated GC) (young), 0.0300314 secs]
   [Parallel Time: 27.3 ms, GC Workers: 8]
      [GC Worker Start (ms): Min: 378174588.2, Avg: 378174588.2, Max: 378174588.3, Diff: 0.1]
      [Ext Root Scanning (ms): Min: 0.9, Avg: 1.6, Max: 5.5, Diff: 4.6, Sum: 13.1]
      [Update RS (ms): Min: 16.0, Avg: 19.7, Max: 20.6, Diff: 4.5, Sum: 157.8]
         [Processed Buffers: Min: 24, Avg: 32.0, Max: 40, Diff: 16, Sum: 256]
      [Scan RS (ms): Min: 0.0, Avg: 0.1, Max: 0.1, Diff: 0.1, Sum: 0.4]
      [Code Root Scanning (ms): Min: 0.0, Avg: 0.0, Max: 0.0, Diff: 0.0, Sum: 0.0]
      [Object Copy (ms): Min: 5.5, Avg: 5.7, Max: 5.8, Diff: 0.3, Sum: 45.3]
      [Termination (ms): Min: 0.0, Avg: 0.0, Max: 0.0, Diff: 0.0, Sum: 0.0]
         [Termination Attempts: Min: 1, Avg: 1.1, Max: 2, Diff: 1, Sum: 9]
      [GC Worker Other (ms): Min: 0.0, Avg: 0.1, Max: 0.1, Diff: 0.1, Sum: 0.5]
      [GC Worker Total (ms): Min: 27.1, Avg: 27.1, Max: 27.2, Diff: 0.1, Sum: 217.2]
      [GC Worker End (ms): Min: 378174615.3, Avg: 378174615.4, Max: 378174615.4, Diff: 0.1]
   [Code Root Fixup: 0.0 ms]
   [Code Root Purge: 0.0 ms]
   [Clear CT: 0.7 ms]
   [Other: 2.0 ms]
      [Choose CSet: 0.0 ms]
      [Ref Proc: 1.4 ms]
      [Ref Enq: 0.1 ms]
      [Redirty Cards: 0.1 ms]
      [Humongous Register: 0.0 ms]
      [Humongous Reclaim: 0.0 ms]
      [Free CSet: 0.3 ms]
   [Eden: 7056.0M(7040.0M)->0.0B(5680.0M) Survivors: 128.0M->49152.0K Heap: 10652.1M(14336.0M)->3577.3M(14336.0M)]
 [Times: user=0.23 sys=0.00, real=0.02 secs] 
2022-07-26T06:13:30.690-0700: 378182.194: [GC pause (GCLocker Initiated GC) (mixed), 0.0259010 secs]
   [Parallel Time: 22.9 ms, GC Workers: 8]
      [GC Worker Start (ms): Min: 378182194.4, Avg: 378182194.4, Max: 378182194.4, Diff: 0.1]
      [Ext Root Scanning (ms): Min: 0.9, Avg: 1.7, Max: 6.0, Diff: 5.1, Sum: 13.4]
      [Update RS (ms): Min: 0.0, Avg: 2.3, Max: 3.0, Diff: 3.0, Sum: 18.7]
         [Processed Buffers: Min: 0, Avg: 8.2, Max: 13, Diff: 13, Sum: 66]
      [Scan RS (ms): Min: 0.3, Avg: 2.3, Max: 4.7, Diff: 4.4, Sum: 18.7]
      [Code Root Scanning (ms): Min: 0.0, Avg: 0.0, Max: 0.0, Diff: 0.0, Sum: 0.0]
      [Object Copy (ms): Min: 14.4, Avg: 16.4, Max: 16.8, Diff: 2.5, Sum: 131.5]
      [Termination (ms): Min: 0.0, Avg: 0.0, Max: 0.0, Diff: 0.0, Sum: 0.0]
         [Termination Attempts: Min: 1, Avg: 1.8, Max: 3, Diff: 2, Sum: 14]
      [GC Worker Other (ms): Min: 0.0, Avg: 0.0, Max: 0.1, Diff: 0.1, Sum: 0.4]
      [GC Worker Total (ms): Min: 22.8, Avg: 22.8, Max: 22.9, Diff: 0.1, Sum: 182.7]
      [GC Worker End (ms): Min: 378182217.2, Avg: 378182217.2, Max: 378182217.3, Diff: 0.1]
   [Code Root Fixup: 0.0 ms]
   [Code Root Purge: 0.0 ms]
   [Clear CT: 0.8 ms]
   [Other: 2.1 ms]
      [Choose CSet: 0.0 ms]
      [Ref Proc: 1.4 ms]
      [Ref Enq: 0.1 ms]
      [Redirty Cards: 0.2 ms]
      [Humongous Register: 0.0 ms]
      [Humongous Reclaim: 0.0 ms]
      [Free CSet: 0.3 ms]
   [Eden: 5696.0M(5680.0M)->0.0B(7120.0M) Survivors: 49152.0K->49152.0K Heap: 9262.6M(14336.0M)->3527.6M(14336.0M)]
 [Times: user=0.19 sys=0.00, real=0.03 secs] 
2022-07-26T06:13:42.644-0700: 378194.148: [GC pause (G1 Evacuation Pause) (young), 0.0307303 secs]
   [Parallel Time: 27.7 ms, GC Workers: 8]
      [GC Worker Start (ms): Min: 378194148.4, Avg: 378194148.5, Max: 378194148.5, Diff: 0.1]
      [Ext Root Scanning (ms): Min: 0.9, Avg: 1.8, Max: 5.0, Diff: 4.1, Sum: 14.3]
      [Update RS (ms): Min: 8.0, Avg: 11.2, Max: 12.2, Diff: 4.2, Sum: 89.8]
         [Processed Buffers: Min: 26, Avg: 30.6, Max: 35, Diff: 9, Sum: 245]
      [Scan RS (ms): Min: 0.0, Avg: 0.0, Max: 0.1, Diff: 0.1, Sum: 0.4]
      [Code Root Scanning (ms): Min: 0.0, Avg: 0.0, Max: 0.0, Diff: 0.0, Sum: 0.0]
      [Object Copy (ms): Min: 13.9, Avg: 14.1, Max: 14.4, Diff: 0.4, Sum: 113.1]
      [Termination (ms): Min: 0.0, Avg: 0.0, Max: 0.0, Diff: 0.0, Sum: 0.0]
         [Termination Attempts: Min: 1, Avg: 1.0, Max: 1, Diff: 0, Sum: 8]
      [GC Worker Other (ms): Min: 0.0, Avg: 0.1, Max: 0.2, Diff: 0.2, Sum: 0.5]
      [GC Worker Total (ms): Min: 27.2, Avg: 27.3, Max: 27.4, Diff: 0.2, Sum: 218.1]
      [GC Worker End (ms): Min: 378194175.7, Avg: 378194175.8, Max: 378194175.9, Diff: 0.1]
   [Code Root Fixup: 0.0 ms]
   [Code Root Purge: 0.0 ms]
   [Clear CT: 0.7 ms]
   [Other: 2.3 ms]
      [Choose CSet: 0.0 ms]
      [Ref Proc: 1.6 ms]
      [Ref Enq: 0.1 ms]
      [Redirty Cards: 0.1 ms]
      [Humongous Register: 0.0 ms]
      [Humongous Reclaim: 0.0 ms]
      [Free CSet: 0.3 ms]
   [Eden: 7120.0M(7120.0M)->0.0B(7088.0M) Survivors: 49152.0K->81920.0K Heap: 10647.6M(14336.0M)->3597.1M(14336.0M)]
 [Times: user=0.23 sys=0.00, real=0.02 secs] 
2022-07-26T06:14:52.869-0700: 378264.374: [GC pause (G1 Evacuation Pause) (young) (initial-mark), 0.0537895 secs]
   [Parallel Time: 48.7 ms, GC Workers: 8]
      [GC Worker Start (ms): Min: 378264376.2, Avg: 378264376.3, Max: 378264376.4, Diff: 0.2]
      [Ext Root Scanning (ms): Min: 5.4, Avg: 5.7, Max: 6.2, Diff: 0.9, Sum: 45.9]
      [Update RS (ms): Min: 8.7, Avg: 8.8, Max: 8.9, Diff: 0.2, Sum: 70.3]
         [Processed Buffers: Min: 31, Avg: 35.5, Max: 39, Diff: 8, Sum: 284]
      [Scan RS (ms): Min: 10.8, Avg: 10.9, Max: 11.0, Diff: 0.2, Sum: 87.1]
      [Code Root Scanning (ms): Min: 0.0, Avg: 0.0, Max: 0.0, Diff: 0.0, Sum: 0.0]
      [Object Copy (ms): Min: 20.4, Avg: 20.9, Max: 21.3, Diff: 0.9, Sum: 167.6]
      [Termination (ms): Min: 0.0, Avg: 0.0, Max: 0.0, Diff: 0.0, Sum: 0.0]
         [Termination Attempts: Min: 1, Avg: 3.1, Max: 6, Diff: 5, Sum: 25]
      [GC Worker Other (ms): Min: 0.0, Avg: 0.1, Max: 0.2, Diff: 0.1, Sum: 0.6]
      [GC Worker Total (ms): Min: 46.4, Avg: 46.5, Max: 46.6, Diff: 0.2, Sum: 371.6]
      [GC Worker End (ms): Min: 378264422.7, Avg: 378264422.8, Max: 378264422.8, Diff: 0.1]
   [Code Root Fixup: 0.0 ms]
   [Code Root Purge: 0.0 ms]
   [Clear CT: 0.7 ms]
   [Other: 4.4 ms]
      [Choose CSet: 0.0 ms]
      [Ref Proc: 3.5 ms]
      [Ref Enq: 0.1 ms]
      [Redirty Cards: 0.3 ms]
      [Humongous Register: 0.0 ms]
      [Humongous Reclaim: 0.0 ms]
      [Free CSet: 0.3 ms]
   [Eden: 5648.0M(5648.0M)->0.0B(7072.0M) Survivors: 81920.0K->98304.0K Heap: 9245.1M(14336.0M)->3680.8M(14336.0M)]
 [Times: user=0.38 sys=0.00, real=0.06 secs] 
2022-07-26T06:14:52.923-0700: 378264.428: [GC concurrent-root-region-scan-start]
2022-07-26T06:14:52.956-0700: 378264.461: [GC concurrent-root-region-scan-end, 0.0328531 secs]
2022-07-26T06:14:52.956-0700: 378264.461: [GC concurrent-mark-start]
2022-07-26T06:14:55.526-0700: 378267.031: [GC concurrent-mark-end, 2.5696944 secs]
2022-07-26T06:14:55.526-0700: 378267.031: [GC remark 2022-07-26T06:14:55.526-0700: 378267.031: [Finalize Marking, 0.0005874 secs] 2022-07-26T06:14:55.527-0700: 378267.032: [GC ref-proc, 0.0078060 secs] 2022-07-26T06:14:55.535-0700: 378267.040: [Unloading, 0.0291460 secs], 0.0431829 secs]
 [Times: user=0.26 sys=0.00, real=0.04 secs] 
2022-07-26T06:14:55.570-0700: 378267.075: [GC cleanup 3785M->3785M(14336M), 0.0085325 secs]
 [Times: user=0.07 sys=0.00, real=0.01 secs] 
2022-07-26T06:17:19.312-0700: 378410.817: [GC pause (G1 Evacuation Pause) (young), 0.0417691 secs]
   [Parallel Time: 38.4 ms, GC Workers: 8]
      [GC Worker Start (ms): Min: 378410817.4, Avg: 378410817.5, Max: 378410817.5, Diff: 0.2]
      [Ext Root Scanning (ms): Min: 1.5, Avg: 2.3, Max: 6.3, Diff: 4.9, Sum: 18.4]
      [Update RS (ms): Min: 5.3, Avg: 8.9, Max: 9.7, Diff: 4.4, Sum: 71.6]
         [Processed Buffers: Min: 21, Avg: 32.4, Max: 40, Diff: 19, Sum: 259]
      [Scan RS (ms): Min: 15.6, Avg: 15.8, Max: 15.9, Diff: 0.3, Sum: 126.1]
      [Code Root Scanning (ms): Min: 0.0, Avg: 0.0, Max: 0.0, Diff: 0.0, Sum: 0.0]
      [Object Copy (ms): Min: 10.6, Avg: 11.1, Max: 11.2, Diff: 0.6, Sum: 88.5]
      [Termination (ms): Min: 0.0, Avg: 0.0, Max: 0.0, Diff: 0.0, Sum: 0.0]
         [Termination Attempts: Min: 1, Avg: 4.0, Max: 7, Diff: 6, Sum: 32]
      [GC Worker Other (ms): Min: 0.0, Avg: 0.1, Max: 0.2, Diff: 0.2, Sum: 0.7]
      [GC Worker Total (ms): Min: 38.0, Avg: 38.2, Max: 38.3, Diff: 0.3, Sum: 305.2]
      [GC Worker End (ms): Min: 378410855.6, Avg: 378410855.6, Max: 378410855.7, Diff: 0.2]
   [Code Root Fixup: 0.0 ms]
   [Code Root Purge: 0.0 ms]
   [Clear CT: 0.6 ms]
   [Other: 2.7 ms]
      [Choose CSet: 0.0 ms]
      [Ref Proc: 1.8 ms]
      [Ref Enq: 0.1 ms]
      [Redirty Cards: 0.3 ms]
      [Humongous Register: 0.1 ms]
      [Humongous Reclaim: 0.0 ms]
      [Free CSet: 0.2 ms]
   [Eden: 5632.0M(5632.0M)->0.0B(5680.0M) Survivors: 98304.0K->49152.0K Heap: 9312.8M(14336.0M)->3664.6M(14336.0M)]
 [Times: user=0.32 sys=0.00, real=0.04 secs] 
2022-07-26T06:19:27.416-0700: 378538.921: [GC pause (G1 Evacuation Pause) (mixed), 0.0777330 secs]
   [Parallel Time: 74.0 ms, GC Workers: 8]
      [GC Worker Start (ms): Min: 378538920.9, Avg: 378538921.0, Max: 378538921.0, Diff: 0.2]
      [Ext Root Scanning (ms): Min: 0.2, Avg: 1.7, Max: 5.5, Diff: 5.2, Sum: 13.7]
      [Update RS (ms): Min: 10.2, Avg: 10.9, Max: 12.8, Diff: 2.6, Sum: 87.2]
         [Processed Buffers: Min: 31, Avg: 40.1, Max: 57, Diff: 26, Sum: 321]
      [Scan RS (ms): Min: 3.0, Avg: 3.2, Max: 3.3, Diff: 0.3, Sum: 25.9]
      [Code Root Scanning (ms): Min: 0.0, Avg: 0.0, Max: 0.2, Diff: 0.2, Sum: 0.4]
      [Object Copy (ms): Min: 54.4, Avg: 57.4, Max: 59.5, Diff: 5.1, Sum: 459.5]
      [Termination (ms): Min: 0.0, Avg: 0.0, Max: 0.0, Diff: 0.0, Sum: 0.0]
         [Termination Attempts: Min: 1, Avg: 1.0, Max: 1, Diff: 0, Sum: 8]
      [GC Worker Other (ms): Min: 0.0, Avg: 0.1, Max: 0.3, Diff: 0.3, Sum: 1.1]
      [GC Worker Total (ms): Min: 73.3, Avg: 73.5, Max: 73.7, Diff: 0.4, Sum: 587.9]
      [GC Worker End (ms): Min: 378538994.3, Avg: 378538994.5, Max: 378538994.6, Diff: 0.3]
   [Code Root Fixup: 0.0 ms]
   [Code Root Purge: 0.0 ms]
   [Clear CT: 0.9 ms]
   [Other: 2.8 ms]
      [Choose CSet: 0.1 ms]
      [Ref Proc: 1.8 ms]
      [Ref Enq: 0.1 ms]
      [Redirty Cards: 0.3 ms]
      [Humongous Register: 0.0 ms]
      [Humongous Reclaim: 0.0 ms]
      [Free CSet: 0.4 ms]
   [Eden: 5680.0M(5680.0M)->0.0B(7104.0M) Survivors: 49152.0K->65536.0K Heap: 9344.6M(14336.0M)->3505.2M(14336.0M)]
 [Times: user=0.57 sys=0.00, real=0.07 secs] 
2022-07-26T06:22:30.618-0700: 378722.123: [GC pause (G1 Evacuation Pause) (young), 0.0358565 secs]
   [Parallel Time: 31.5 ms, GC Workers: 8]
      [GC Worker Start (ms): Min: 378722123.0, Avg: 378722123.1, Max: 378722123.2, Diff: 0.2]
      [Ext Root Scanning (ms): Min: 1.2, Avg: 2.0, Max: 5.8, Diff: 4.7, Sum: 16.0]
      [Update RS (ms): Min: 9.8, Avg: 13.2, Max: 14.0, Diff: 4.2, Sum: 105.9]
         [Processed Buffers: Min: 23, Avg: 34.4, Max: 50, Diff: 27, Sum: 275]
      [Scan RS (ms): Min: 0.7, Avg: 0.9, Max: 1.0, Diff: 0.3, Sum: 7.1]
      [Code Root Scanning (ms): Min: 0.0, Avg: 0.0, Max: 0.0, Diff: 0.0, Sum: 0.1]
      [Object Copy (ms): Min: 14.5, Avg: 14.9, Max: 15.0, Diff: 0.6, Sum: 119.2]
      [Termination (ms): Min: 0.0, Avg: 0.0, Max: 0.0, Diff: 0.0, Sum: 0.0]
         [Termination Attempts: Min: 1, Avg: 1.1, Max: 2, Diff: 1, Sum: 9]
      [GC Worker Other (ms): Min: 0.0, Avg: 0.1, Max: 0.1, Diff: 0.1, Sum: 0.6]
      [GC Worker Total (ms): Min: 31.0, Avg: 31.1, Max: 31.2, Diff: 0.2, Sum: 248.8]
      [GC Worker End (ms): Min: 378722154.2, Avg: 378722154.2, Max: 378722154.3, Diff: 0.1]
   [Code Root Fixup: 0.0 ms]
   [Code Root Purge: 0.0 ms]
   [Clear CT: 0.8 ms]
   [Other: 3.5 ms]
      [Choose CSet: 0.0 ms]
      [Ref Proc: 2.7 ms]
      [Ref Enq: 0.1 ms]
      [Redirty Cards: 0.2 ms]
      [Humongous Register: 0.1 ms]
      [Humongous Reclaim: 0.0 ms]
      [Free CSet: 0.3 ms]
   [Eden: 7104.0M(7104.0M)->0.0B(7072.0M) Survivors: 65536.0K->98304.0K Heap: 10609.2M(14336.0M)->3596.9M(14336.0M)]
 [Times: user=0.27 sys=0.00, real=0.03 secs] 
2022-07-26T06:25:22.120-0700: 378893.625: [GC pause (G1 Evacuation Pause) (young) (initial-mark), 0.0442926 secs]
   [Parallel Time: 39.6 ms, GC Workers: 8]
      [GC Worker Start (ms): Min: 378893627.4, Avg: 378893627.4, Max: 378893627.5, Diff: 0.1]
      [Ext Root Scanning (ms): Min: 6.1, Avg: 6.3, Max: 6.5, Diff: 0.4, Sum: 50.6]
      [Update RS (ms): Min: 20.9, Avg: 21.0, Max: 21.2, Diff: 0.2, Sum: 168.2]
         [Processed Buffers: Min: 29, Avg: 32.1, Max: 37, Diff: 8, Sum: 257]
      [Scan RS (ms): Min: 0.0, Avg: 0.1, Max: 0.2, Diff: 0.2, Sum: 1.0]
      [Code Root Scanning (ms): Min: 0.0, Avg: 0.0, Max: 0.0, Diff: 0.0, Sum: 0.1]
      [Object Copy (ms): Min: 9.5, Avg: 9.7, Max: 9.9, Diff: 0.5, Sum: 77.5]
      [Termination (ms): Min: 0.0, Avg: 0.0, Max: 0.0, Diff: 0.0, Sum: 0.0]
         [Termination Attempts: Min: 1, Avg: 3.2, Max: 6, Diff: 5, Sum: 26]
      [GC Worker Other (ms): Min: 0.0, Avg: 0.1, Max: 0.1, Diff: 0.1, Sum: 0.5]
      [GC Worker Total (ms): Min: 37.2, Avg: 37.2, Max: 37.4, Diff: 0.2, Sum: 297.9]
      [GC Worker End (ms): Min: 378893664.6, Avg: 378893664.7, Max: 378893664.7, Diff: 0.1]
   [Code Root Fixup: 0.0 ms]
   [Code Root Purge: 0.0 ms]
   [Clear CT: 0.7 ms]
   [Other: 4.0 ms]
      [Choose CSet: 0.0 ms]
      [Ref Proc: 3.3 ms]
      [Ref Enq: 0.1 ms]
      [Redirty Cards: 0.1 ms]
      [Humongous Register: 0.0 ms]
      [Humongous Reclaim: 0.0 ms]
      [Free CSet: 0.3 ms]
   [Eden: 7072.0M(7072.0M)->0.0B(7120.0M) Survivors: 98304.0K->49152.0K Heap: 10668.9M(14336.0M)->3620.0M(14336.0M)]
 [Times: user=0.27 sys=0.00, real=0.05 secs] 
2022-07-26T06:25:22.165-0700: 378893.670: [GC concurrent-root-region-scan-start]
2022-07-26T06:25:22.176-0700: 378893.681: [GC concurrent-root-region-scan-end, 0.0109535 secs]
2022-07-26T06:25:22.176-0700: 378893.681: [GC concurrent-mark-start]
2022-07-26T06:25:24.686-0700: 378896.190: [GC concurrent-mark-end, 2.5098109 secs]
2022-07-26T06:25:24.686-0700: 378896.191: [GC remark 2022-07-26T06:25:24.686-0700: 378896.191: [Finalize Marking, 0.0002138 secs] 2022-07-26T06:25:24.686-0700: 378896.191: [GC ref-proc, 0.0086156 secs] 2022-07-26T06:25:24.695-0700: 378896.200: [Unloading, 0.0268338 secs], 0.0411569 secs]
 [Times: user=0.25 sys=0.00, real=0.04 secs] 
2022-07-26T06:25:24.727-0700: 378896.232: [GC cleanup 3749M->3749M(14336M), 0.0092788 secs]
 [Times: user=0.06 sys=0.00, real=0.01 secs] 
2022-07-26T06:27:35.071-0700: 379026.576: [GC pause (G1 Evacuation Pause) (young), 0.0212117 secs]
   [Parallel Time: 18.3 ms, GC Workers: 8]
      [GC Worker Start (ms): Min: 379026575.7, Avg: 379026575.8, Max: 379026575.8, Diff: 0.1]
      [Ext Root Scanning (ms): Min: 0.9, Avg: 1.6, Max: 5.4, Diff: 4.5, Sum: 13.1]
      [Update RS (ms): Min: 0.1, Avg: 3.8, Max: 4.6, Diff: 4.5, Sum: 30.3]
         [Processed Buffers: Min: 1, Avg: 13.4, Max: 21, Diff: 20, Sum: 107]
      [Scan RS (ms): Min: 0.0, Avg: 0.0, Max: 0.1, Diff: 0.1, Sum: 0.3]
      [Code Root Scanning (ms): Min: 0.0, Avg: 0.0, Max: 0.0, Diff: 0.0, Sum: 0.0]
      [Object Copy (ms): Min: 12.5, Avg: 12.6, Max: 12.8, Diff: 0.3, Sum: 100.7]
      [Termination (ms): Min: 0.0, Avg: 0.0, Max: 0.0, Diff: 0.0, Sum: 0.0]
         [Termination Attempts: Min: 1, Avg: 1.8, Max: 3, Diff: 2, Sum: 14]
      [GC Worker Other (ms): Min: 0.0, Avg: 0.0, Max: 0.1, Diff: 0.1, Sum: 0.4]
      [GC Worker Total (ms): Min: 18.1, Avg: 18.1, Max: 18.2, Diff: 0.1, Sum: 144.8]
      [GC Worker End (ms): Min: 379026593.9, Avg: 379026593.9, Max: 379026593.9, Diff: 0.1]
   [Code Root Fixup: 0.0 ms]
   [Code Root Purge: 0.0 ms]
   [Clear CT: 0.7 ms]
   [Other: 2.2 ms]
      [Choose CSet: 0.0 ms]
      [Ref Proc: 1.5 ms]
      [Ref Enq: 0.1 ms]
      [Redirty Cards: 0.1 ms]
      [Humongous Register: 0.1 ms]
      [Humongous Reclaim: 0.0 ms]
      [Free CSet: 0.3 ms]
   [Eden: 7120.0M(7120.0M)->0.0B(5632.0M) Survivors: 49152.0K->98304.0K Heap: 10740.0M(14336.0M)->3692.8M(14336.0M)]
 [Times: user=0.16 sys=0.00, real=0.02 secs] 
2022-07-26T06:29:25.465-0700: 379136.970: [GC pause (G1 Evacuation Pause) (mixed), 0.0591411 secs]
   [Parallel Time: 55.6 ms, GC Workers: 8]
      [GC Worker Start (ms): Min: 379136969.8, Avg: 379136969.8, Max: 379136969.9, Diff: 0.2]
      [Ext Root Scanning (ms): Min: 1.3, Avg: 2.2, Max: 6.4, Diff: 5.1, Sum: 17.5]
      [Update RS (ms): Min: 3.0, Avg: 6.7, Max: 7.6, Diff: 4.6, Sum: 53.9]
         [Processed Buffers: Min: 18, Avg: 24.1, Max: 30, Diff: 12, Sum: 193]
      [Scan RS (ms): Min: 4.8, Avg: 4.9, Max: 5.1, Diff: 0.3, Sum: 39.4]
      [Code Root Scanning (ms): Min: 0.0, Avg: 0.0, Max: 0.1, Diff: 0.1, Sum: 0.3]
      [Object Copy (ms): Min: 41.1, Avg: 41.4, Max: 41.6, Diff: 0.6, Sum: 331.4]
      [Termination (ms): Min: 0.0, Avg: 0.0, Max: 0.0, Diff: 0.0, Sum: 0.0]
         [Termination Attempts: Min: 1, Avg: 1.8, Max: 3, Diff: 2, Sum: 14]
      [GC Worker Other (ms): Min: 0.0, Avg: 0.1, Max: 0.1, Diff: 0.1, Sum: 0.4]
      [GC Worker Total (ms): Min: 55.3, Avg: 55.4, Max: 55.5, Diff: 0.2, Sum: 443.0]
      [GC Worker End (ms): Min: 379137025.2, Avg: 379137025.2, Max: 379137025.3, Diff: 0.1]
   [Code Root Fixup: 0.0 ms]
   [Code Root Purge: 0.0 ms]
   [Clear CT: 1.0 ms]
   [Other: 2.5 ms]
      [Choose CSet: 0.1 ms]
      [Ref Proc: 1.4 ms]
      [Ref Enq: 0.1 ms]
      [Redirty Cards: 0.3 ms]
      [Humongous Register: 0.1 ms]
      [Humongous Reclaim: 0.0 ms]
      [Free CSet: 0.4 ms]
   [Eden: 5632.0M(5632.0M)->0.0B(7104.0M) Survivors: 98304.0K->65536.0K Heap: 9324.8M(14336.0M)->3496.4M(14336.0M)]
 [Times: user=0.45 sys=0.00, real=0.06 secs] 
2022-07-26T06:32:13.964-0700: 379305.468: [GC pause (G1 Evacuation Pause) (young), 0.0284430 secs]
   [Parallel Time: 25.6 ms, GC Workers: 8]
      [GC Worker Start (ms): Min: 379305468.6, Avg: 379305468.7, Max: 379305468.7, Diff: 0.1]
      [Ext Root Scanning (ms): Min: 1.3, Avg: 2.1, Max: 5.5, Diff: 4.1, Sum: 16.6]
      [Update RS (ms): Min: 9.1, Avg: 12.0, Max: 12.7, Diff: 3.6, Sum: 96.2]
         [Processed Buffers: Min: 25, Avg: 31.8, Max: 39, Diff: 14, Sum: 254]
      [Scan RS (ms): Min: 0.9, Avg: 1.1, Max: 2.1, Diff: 1.3, Sum: 9.0]
      [Code Root Scanning (ms): Min: 0.0, Avg: 0.0, Max: 0.1, Diff: 0.1, Sum: 0.1]
      [Object Copy (ms): Min: 9.4, Avg: 10.2, Max: 10.5, Diff: 1.1, Sum: 81.6]
      [Termination (ms): Min: 0.0, Avg: 0.0, Max: 0.0, Diff: 0.0, Sum: 0.0]
         [Termination Attempts: Min: 1, Avg: 1.4, Max: 3, Diff: 2, Sum: 11]
      [GC Worker Other (ms): Min: 0.0, Avg: 0.0, Max: 0.1, Diff: 0.1, Sum: 0.4]
      [GC Worker Total (ms): Min: 25.4, Avg: 25.5, Max: 25.5, Diff: 0.1, Sum: 203.9]
      [GC Worker End (ms): Min: 379305494.1, Avg: 379305494.2, Max: 379305494.2, Diff: 0.1]
   [Code Root Fixup: 0.0 ms]
   [Code Root Purge: 0.0 ms]
   [Clear CT: 0.8 ms]
   [Other: 2.0 ms]
      [Choose CSet: 0.0 ms]
      [Ref Proc: 1.3 ms]
      [Ref Enq: 0.1 ms]
      [Redirty Cards: 0.1 ms]
      [Humongous Register: 0.0 ms]
      [Humongous Reclaim: 0.0 ms]
      [Free CSet: 0.3 ms]
   [Eden: 7104.0M(7104.0M)->0.0B(7120.0M) Survivors: 65536.0K->49152.0K Heap: 10600.4M(14336.0M)->3548.1M(14336.0M)]
 [Times: user=0.21 sys=0.00, real=0.02 secs] 
2022-07-26T06:35:03.467-0700: 379474.972: [GC pause (G1 Evacuation Pause) (young) (initial-mark), 0.0295669 secs]
   [Parallel Time: 25.6 ms, GC Workers: 8]
      [GC Worker Start (ms): Min: 379474973.9, Avg: 379474974.0, Max: 379474974.1, Diff: 0.2]
      [Ext Root Scanning (ms): Min: 5.2, Avg: 5.7, Max: 6.1, Diff: 0.9, Sum: 45.2]
      [Update RS (ms): Min: 8.6, Avg: 8.6, Max: 8.8, Diff: 0.2, Sum: 69.1]
         [Processed Buffers: Min: 21, Avg: 25.1, Max: 34, Diff: 13, Sum: 201]
      [Scan RS (ms): Min: 0.0, Avg: 0.0, Max: 0.1, Diff: 0.1, Sum: 0.4]
      [Code Root Scanning (ms): Min: 0.0, Avg: 0.0, Max: 0.0, Diff: 0.0, Sum: 0.0]
      [Object Copy (ms): Min: 8.4, Avg: 8.9, Max: 9.3, Diff: 0.8, Sum: 71.3]
      [Termination (ms): Min: 0.0, Avg: 0.0, Max: 0.0, Diff: 0.0, Sum: 0.0]
         [Termination Attempts: Min: 1, Avg: 4.0, Max: 8, Diff: 7, Sum: 32]
      [GC Worker Other (ms): Min: 0.0, Avg: 0.1, Max: 0.2, Diff: 0.2, Sum: 0.7]
      [GC Worker Total (ms): Min: 23.2, Avg: 23.3, Max: 23.4, Diff: 0.2, Sum: 186.7]
      [GC Worker End (ms): Min: 379474997.3, Avg: 379474997.4, Max: 379474997.5, Diff: 0.2]
   [Code Root Fixup: 0.0 ms]
   [Code Root Purge: 0.0 ms]
   [Clear CT: 0.7 ms]
   [Other: 3.3 ms]
      [Choose CSet: 0.0 ms]
      [Ref Proc: 2.5 ms]
      [Ref Enq: 0.1 ms]
      [Redirty Cards: 0.1 ms]
      [Humongous Register: 0.0 ms]
      [Humongous Reclaim: 0.0 ms]
      [Free CSet: 0.3 ms]
   [Eden: 7120.0M(7120.0M)->0.0B(7120.0M) Survivors: 49152.0K->49152.0K Heap: 10668.1M(14336.0M)->3584.7M(14336.0M)]
 [Times: user=0.19 sys=0.00, real=0.03 secs] 
2022-07-26T06:35:03.497-0700: 379475.002: [GC concurrent-root-region-scan-start]
2022-07-26T06:35:03.508-0700: 379475.013: [GC concurrent-root-region-scan-end, 0.0116374 secs]
2022-07-26T06:35:03.508-0700: 379475.013: [GC concurrent-mark-start]
2022-07-26T06:35:06.047-0700: 379477.551: [GC concurrent-mark-end, 2.5382407 secs]
2022-07-26T06:35:06.047-0700: 379477.552: [GC remark 2022-07-26T06:35:06.047-0700: 379477.552: [Finalize Marking, 0.0003010 secs] 2022-07-26T06:35:06.047-0700: 379477.552: [GC ref-proc, 0.0078999 secs] 2022-07-26T06:35:06.055-0700: 379477.560: [Unloading, 0.0275400 secs], 0.0411457 secs]
 [Times: user=0.25 sys=0.00, real=0.04 secs] 
2022-07-26T06:35:06.089-0700: 379477.593: [GC cleanup 3712M->3712M(14336M), 0.0093015 secs]
 [Times: user=0.07 sys=0.00, real=0.01 secs] 
2022-07-26T06:37:39.003-0700: 379630.507: [GC pause (G1 Evacuation Pause) (young), 0.0394235 secs]
   [Parallel Time: 35.8 ms, GC Workers: 8]
      [GC Worker Start (ms): Min: 379630507.4, Avg: 379630507.4, Max: 379630507.5, Diff: 0.1]
      [Ext Root Scanning (ms): Min: 1.2, Avg: 3.2, Max: 12.0, Diff: 10.8, Sum: 25.8]
      [Update RS (ms): Min: 0.0, Avg: 8.3, Max: 10.2, Diff: 10.2, Sum: 66.8]
         [Processed Buffers: Min: 0, Avg: 26.4, Max: 37, Diff: 37, Sum: 211]
      [Scan RS (ms): Min: 0.0, Avg: 0.0, Max: 0.1, Diff: 0.1, Sum: 0.4]
      [Code Root Scanning (ms): Min: 0.0, Avg: 0.0, Max: 0.0, Diff: 0.0, Sum: 0.0]
      [Object Copy (ms): Min: 23.6, Avg: 23.9, Max: 24.1, Diff: 0.6, Sum: 191.2]
      [Termination (ms): Min: 0.0, Avg: 0.1, Max: 0.1, Diff: 0.1, Sum: 0.7]
         [Termination Attempts: Min: 1, Avg: 2.1, Max: 4, Diff: 3, Sum: 17]
      [GC Worker Other (ms): Min: 0.0, Avg: 0.0, Max: 0.1, Diff: 0.1, Sum: 0.2]
      [GC Worker Total (ms): Min: 35.6, Avg: 35.6, Max: 35.7, Diff: 0.1, Sum: 285.1]
      [GC Worker End (ms): Min: 379630543.0, Avg: 379630543.1, Max: 379630543.1, Diff: 0.1]
   [Code Root Fixup: 0.0 ms]
   [Code Root Purge: 0.0 ms]
   [Clear CT: 0.8 ms]
   [Other: 2.8 ms]
      [Choose CSet: 0.0 ms]
      [Ref Proc: 1.9 ms]
      [Ref Enq: 0.1 ms]
      [Redirty Cards: 0.1 ms]
      [Humongous Register: 0.0 ms]
      [Humongous Reclaim: 0.0 ms]
      [Free CSet: 0.5 ms]
   [Eden: 7120.0M(7120.0M)->0.0B(5648.0M) Survivors: 49152.0K->81920.0K Heap: 10704.7M(14336.0M)->3649.4M(14336.0M)]
 [Times: user=0.27 sys=0.00, real=0.04 secs] 
2022-07-26T06:38:31.218-0700: 379682.723: [GC pause (G1 Evacuation Pause) (mixed), 0.0877356 secs]
   [Parallel Time: 82.8 ms, GC Workers: 8]
      [GC Worker Start (ms): Min: 379682722.8, Avg: 379682722.9, Max: 379682722.9, Diff: 0.2]
      [Ext Root Scanning (ms): Min: 3.7, Avg: 5.0, Max: 6.9, Diff: 3.3, Sum: 39.7]
      [Update RS (ms): Min: 3.4, Avg: 5.0, Max: 5.4, Diff: 2.0, Sum: 39.7]
         [Processed Buffers: Min: 10, Avg: 17.1, Max: 26, Diff: 16, Sum: 137]
      [Scan RS (ms): Min: 2.8, Avg: 3.0, Max: 3.3, Diff: 0.4, Sum: 24.4]
      [Code Root Scanning (ms): Min: 0.0, Avg: 0.0, Max: 0.1, Diff: 0.1, Sum: 0.2]
      [Object Copy (ms): Min: 68.8, Avg: 69.1, Max: 70.2, Diff: 1.4, Sum: 553.0]
      [Termination (ms): Min: 0.0, Avg: 0.0, Max: 0.0, Diff: 0.0, Sum: 0.0]
         [Termination Attempts: Min: 1, Avg: 1.0, Max: 1, Diff: 0, Sum: 8]
      [GC Worker Other (ms): Min: 0.0, Avg: 0.1, Max: 0.2, Diff: 0.2, Sum: 0.6]
      [GC Worker Total (ms): Min: 82.1, Avg: 82.2, Max: 82.4, Diff: 0.3, Sum: 657.7]
      [GC Worker End (ms): Min: 379682805.0, Avg: 379682805.1, Max: 379682805.2, Diff: 0.2]
   [Code Root Fixup: 0.0 ms]
   [Code Root Purge: 0.0 ms]
   [Clear CT: 0.7 ms]
   [Other: 4.1 ms]
      [Choose CSet: 0.1 ms]
      [Ref Proc: 3.2 ms]
      [Ref Enq: 0.1 ms]
      [Redirty Cards: 0.2 ms]
      [Humongous Register: 0.1 ms]
      [Humongous Reclaim: 0.0 ms]
      [Free CSet: 0.3 ms]
   [Eden: 5648.0M(5648.0M)->0.0B(6976.0M) Survivors: 81920.0K->192.0M Heap: 9297.4M(14336.0M)->3644.1M(14336.0M)]
 [Times: user=0.62 sys=0.00, real=0.09 secs] 
2022-07-26T06:40:09.322-0700: 379780.827: [GC pause (G1 Evacuation Pause) (young), 0.0604681 secs]
   [Parallel Time: 57.1 ms, GC Workers: 8]
      [GC Worker Start (ms): Min: 379780826.9, Avg: 379780827.0, Max: 379780827.1, Diff: 0.2]
      [Ext Root Scanning (ms): Min: 1.0, Avg: 1.8, Max: 5.1, Diff: 4.1, Sum: 14.1]
      [Update RS (ms): Min: 6.1, Avg: 10.0, Max: 17.0, Diff: 10.9, Sum: 79.9]
         [Processed Buffers: Min: 18, Avg: 28.9, Max: 41, Diff: 23, Sum: 231]
      [Scan RS (ms): Min: 0.1, Avg: 2.8, Max: 3.4, Diff: 3.3, Sum: 22.7]
      [Code Root Scanning (ms): Min: 0.0, Avg: 0.0, Max: 0.0, Diff: 0.0, Sum: 0.0]
      [Object Copy (ms): Min: 38.4, Avg: 42.0, Max: 42.6, Diff: 4.3, Sum: 335.8]
      [Termination (ms): Min: 0.0, Avg: 0.2, Max: 0.2, Diff: 0.2, Sum: 1.7]
         [Termination Attempts: Min: 1, Avg: 10.2, Max: 16, Diff: 15, Sum: 82]
      [GC Worker Other (ms): Min: 0.0, Avg: 0.1, Max: 0.1, Diff: 0.1, Sum: 0.5]
      [GC Worker Total (ms): Min: 56.7, Avg: 56.8, Max: 57.0, Diff: 0.3, Sum: 454.7]
      [GC Worker End (ms): Min: 379780883.8, Avg: 379780883.8, Max: 379780883.9, Diff: 0.1]
   [Code Root Fixup: 0.0 ms]
   [Code Root Purge: 0.0 ms]
   [Clear CT: 0.8 ms]
   [Other: 2.6 ms]
      [Choose CSet: 0.0 ms]
      [Ref Proc: 1.8 ms]
      [Ref Enq: 0.1 ms]
      [Redirty Cards: 0.2 ms]
      [Humongous Register: 0.0 ms]
      [Humongous Reclaim: 0.0 ms]
      [Free CSet: 0.3 ms]
   [Eden: 6976.0M(6976.0M)->0.0B(7040.0M) Survivors: 192.0M->128.0M Heap: 10620.1M(14336.0M)->3736.0M(14336.0M)]
 [Times: user=0.44 sys=0.00, real=0.06 secs] 
2022-07-26T06:41:54.687-0700: 379886.191: [GC pause (G1 Evacuation Pause) (young) (initial-mark), 0.0418048 secs]
   [Parallel Time: 37.2 ms, GC Workers: 8]
      [GC Worker Start (ms): Min: 379886193.6, Avg: 379886193.7, Max: 379886193.8, Diff: 0.2]
      [Ext Root Scanning (ms): Min: 5.0, Avg: 5.3, Max: 5.8, Diff: 0.8, Sum: 42.5]
      [Update RS (ms): Min: 22.4, Avg: 22.5, Max: 22.7, Diff: 0.3, Sum: 180.2]
         [Processed Buffers: Min: 28, Avg: 31.6, Max: 36, Diff: 8, Sum: 253]
      [Scan RS (ms): Min: 0.1, Avg: 0.3, Max: 0.5, Diff: 0.4, Sum: 2.6]
      [Code Root Scanning (ms): Min: 0.0, Avg: 0.0, Max: 0.0, Diff: 0.0, Sum: 0.0]
      [Object Copy (ms): Min: 5.9, Avg: 6.4, Max: 6.7, Diff: 0.9, Sum: 50.8]
      [Termination (ms): Min: 0.0, Avg: 0.0, Max: 0.0, Diff: 0.0, Sum: 0.0]
         [Termination Attempts: Min: 1, Avg: 1.9, Max: 4, Diff: 3, Sum: 15]
      [GC Worker Other (ms): Min: 0.0, Avg: 0.1, Max: 0.2, Diff: 0.2, Sum: 0.6]
      [GC Worker Total (ms): Min: 34.4, Avg: 34.6, Max: 34.8, Diff: 0.3, Sum: 276.8]
      [GC Worker End (ms): Min: 379886228.2, Avg: 379886228.3, Max: 379886228.4, Diff: 0.1]
   [Code Root Fixup: 0.0 ms]
   [Code Root Purge: 0.0 ms]
   [Clear CT: 0.8 ms]
   [Other: 3.8 ms]
      [Choose CSet: 0.0 ms]
      [Ref Proc: 3.0 ms]
      [Ref Enq: 0.1 ms]
      [Redirty Cards: 0.1 ms]
      [Humongous Register: 0.0 ms]
      [Humongous Reclaim: 0.0 ms]
      [Free CSet: 0.3 ms]
   [Eden: 7040.0M(7040.0M)->0.0B(7136.0M) Survivors: 128.0M->32768.0K Heap: 10776.0M(14336.0M)->3703.7M(14336.0M)]
 [Times: user=0.26 sys=0.00, real=0.04 secs] 
2022-07-26T06:41:54.728-0700: 379886.233: [GC concurrent-root-region-scan-start]
2022-07-26T06:41:54.736-0700: 379886.241: [GC concurrent-root-region-scan-end, 0.0076587 secs]
2022-07-26T06:41:54.736-0700: 379886.241: [GC concurrent-mark-start]
2022-07-26T06:41:57.409-0700: 379888.914: [GC concurrent-mark-end, 2.6729336 secs]
2022-07-26T06:41:57.409-0700: 379888.914: [GC remark 2022-07-26T06:41:57.409-0700: 379888.914: [Finalize Marking, 0.0003733 secs] 2022-07-26T06:41:57.410-0700: 379888.915: [GC ref-proc, 0.0098146 secs] 2022-07-26T06:41:57.420-0700: 379888.924: [Unloading, 0.0296557 secs], 0.0455706 secs]
 [Times: user=0.27 sys=0.00, real=0.05 secs] 
2022-07-26T06:41:57.455-0700: 379888.960: [GC cleanup 3935M->3935M(14336M), 0.0090055 secs]
 [Times: user=0.06 sys=0.00, real=0.01 secs] 
2022-07-26T06:43:39.262-0700: 379990.767: [GC pause (G1 Evacuation Pause) (young), 0.0192051 secs]
   [Parallel Time: 11.1 ms, GC Workers: 8]
      [GC Worker Start (ms): Min: 379990767.1, Avg: 379990767.2, Max: 379990767.2, Diff: 0.1]
      [Ext Root Scanning (ms): Min: 1.5, Avg: 2.3, Max: 6.0, Diff: 4.4, Sum: 18.6]
      [Update RS (ms): Min: 2.8, Avg: 6.1, Max: 7.0, Diff: 4.2, Sum: 48.5]
         [Processed Buffers: Min: 6, Avg: 12.9, Max: 17, Diff: 11, Sum: 103]
      [Scan RS (ms): Min: 0.0, Avg: 0.0, Max: 0.1, Diff: 0.1, Sum: 0.4]
      [Code Root Scanning (ms): Min: 0.0, Avg: 0.0, Max: 0.0, Diff: 0.0, Sum: 0.0]
      [Object Copy (ms): Min: 2.0, Avg: 2.3, Max: 2.6, Diff: 0.6, Sum: 18.7]
      [Termination (ms): Min: 0.0, Avg: 0.0, Max: 0.0, Diff: 0.0, Sum: 0.1]
         [Termination Attempts: Min: 25, Avg: 29.2, Max: 32, Diff: 7, Sum: 234]
      [GC Worker Other (ms): Min: 0.0, Avg: 0.1, Max: 0.1, Diff: 0.1, Sum: 0.5]
      [GC Worker Total (ms): Min: 10.8, Avg: 10.9, Max: 10.9, Diff: 0.2, Sum: 86.9]
      [GC Worker End (ms): Min: 379990778.0, Avg: 379990778.0, Max: 379990778.1, Diff: 0.1]
   [Code Root Fixup: 0.0 ms]
   [Code Root Purge: 0.0 ms]
   [Clear CT: 0.8 ms]
   [Other: 7.3 ms]
      [Choose CSet: 0.0 ms]
      [Ref Proc: 1.6 ms]
      [Ref Enq: 0.1 ms]
      [Redirty Cards: 0.1 ms]
      [Humongous Register: 0.1 ms]
      [Humongous Reclaim: 0.0 ms]
      [Free CSet: 0.3 ms]
   [Eden: 7136.0M(7136.0M)->0.0B(5696.0M) Survivors: 32768.0K->32768.0K Heap: 10839.7M(14336.0M)->3722.1M(14336.0M)]
 [Times: user=0.10 sys=0.00, real=0.02 secs] 
2022-07-26T06:45:03.689-0700: 380075.194: [GC pause (G1 Evacuation Pause) (mixed), 0.0365450 secs]
   [Parallel Time: 31.8 ms, GC Workers: 8]
      [GC Worker Start (ms): Min: 380075194.3, Avg: 380075194.3, Max: 380075194.4, Diff: 0.1]
      [Ext Root Scanning (ms): Min: 0.9, Avg: 2.5, Max: 11.1, Diff: 10.2, Sum: 20.0]
      [Update RS (ms): Min: 0.0, Avg: 2.1, Max: 2.5, Diff: 2.5, Sum: 16.7]
         [Processed Buffers: Min: 0, Avg: 9.0, Max: 13, Diff: 13, Sum: 72]
      [Scan RS (ms): Min: 3.3, Avg: 4.9, Max: 5.6, Diff: 2.3, Sum: 39.0]
      [Code Root Scanning (ms): Min: 0.0, Avg: 0.0, Max: 0.2, Diff: 0.2, Sum: 0.2]
      [Object Copy (ms): Min: 17.1, Avg: 21.9, Max: 23.5, Diff: 6.3, Sum: 175.6]
      [Termination (ms): Min: 0.0, Avg: 0.0, Max: 0.0, Diff: 0.0, Sum: 0.0]
         [Termination Attempts: Min: 1, Avg: 1.4, Max: 2, Diff: 1, Sum: 11]
      [GC Worker Other (ms): Min: 0.0, Avg: 0.1, Max: 0.2, Diff: 0.1, Sum: 0.6]
      [GC Worker Total (ms): Min: 31.4, Avg: 31.5, Max: 31.6, Diff: 0.2, Sum: 252.1]
      [GC Worker End (ms): Min: 380075225.8, Avg: 380075225.8, Max: 380075226.0, Diff: 0.2]
   [Code Root Fixup: 0.0 ms]
   [Code Root Purge: 0.0 ms]
   [Clear CT: 0.9 ms]
   [Other: 3.7 ms]
      [Choose CSet: 0.1 ms]
      [Ref Proc: 2.8 ms]
      [Ref Enq: 0.1 ms]
      [Redirty Cards: 0.2 ms]
      [Humongous Register: 0.1 ms]
      [Humongous Reclaim: 0.0 ms]
      [Free CSet: 0.3 ms]
   [Eden: 5696.0M(5696.0M)->0.0B(7152.0M) Survivors: 32768.0K->16384.0K Heap: 9418.1M(14336.0M)->3472.1M(14336.0M)]
 [Times: user=0.23 sys=0.00, real=0.04 secs] 
2022-07-26T06:46:48.363-0700: 380179.868: [GC pause (G1 Evacuation Pause) (young), 0.0225212 secs]
   [Parallel Time: 19.7 ms, GC Workers: 8]
      [GC Worker Start (ms): Min: 380179868.2, Avg: 380179868.3, Max: 380179868.3, Diff: 0.1]
      [Ext Root Scanning (ms): Min: 1.3, Avg: 2.0, Max: 5.5, Diff: 4.3, Sum: 16.3]
      [Update RS (ms): Min: 11.1, Avg: 14.2, Max: 14.9, Diff: 3.8, Sum: 113.7]
         [Processed Buffers: Min: 30, Avg: 37.4, Max: 46, Diff: 16, Sum: 299]
      [Scan RS (ms): Min: 0.0, Avg: 0.0, Max: 0.1, Diff: 0.1, Sum: 0.4]
      [Code Root Scanning (ms): Min: 0.0, Avg: 0.0, Max: 0.0, Diff: 0.0, Sum: 0.0]
      [Object Copy (ms): Min: 2.8, Avg: 3.2, Max: 3.4, Diff: 0.7, Sum: 25.7]
      [Termination (ms): Min: 0.0, Avg: 0.0, Max: 0.0, Diff: 0.0, Sum: 0.0]
         [Termination Attempts: Min: 1, Avg: 1.8, Max: 3, Diff: 2, Sum: 14]
      [GC Worker Other (ms): Min: 0.0, Avg: 0.0, Max: 0.1, Diff: 0.1, Sum: 0.4]
      [GC Worker Total (ms): Min: 19.5, Avg: 19.6, Max: 19.7, Diff: 0.2, Sum: 156.6]
      [GC Worker End (ms): Min: 380179887.8, Avg: 380179887.9, Max: 380179887.9, Diff: 0.1]
   [Code Root Fixup: 0.0 ms]
   [Code Root Purge: 0.0 ms]
   [Clear CT: 0.7 ms]
   [Other: 2.0 ms]
      [Choose CSet: 0.0 ms]
      [Ref Proc: 1.4 ms]
      [Ref Enq: 0.1 ms]
      [Redirty Cards: 0.1 ms]
      [Humongous Register: 0.1 ms]
      [Humongous Reclaim: 0.0 ms]
      [Free CSet: 0.3 ms]
   [Eden: 7152.0M(7152.0M)->0.0B(7152.0M) Survivors: 16384.0K->16384.0K Heap: 10624.1M(14336.0M)->3508.7M(14336.0M)]
 [Times: user=0.17 sys=0.00, real=0.02 secs] 
2022-07-26T06:48:35.422-0700: 380286.927: [GC pause (G1 Evacuation Pause) (young) (initial-mark), 0.0187963 secs]
   [Parallel Time: 13.9 ms, GC Workers: 8]
      [GC Worker Start (ms): Min: 380286929.4, Avg: 380286929.4, Max: 380286929.5, Diff: 0.1]
      [Ext Root Scanning (ms): Min: 5.3, Avg: 5.6, Max: 6.0, Diff: 0.7, Sum: 45.1]
      [Update RS (ms): Min: 3.1, Avg: 3.3, Max: 3.5, Diff: 0.4, Sum: 26.1]
         [Processed Buffers: Min: 7, Avg: 10.2, Max: 13, Diff: 6, Sum: 82]
      [Scan RS (ms): Min: 0.0, Avg: 0.1, Max: 0.1, Diff: 0.1, Sum: 0.4]
      [Code Root Scanning (ms): Min: 0.0, Avg: 0.0, Max: 0.0, Diff: 0.0, Sum: 0.0]
      [Object Copy (ms): Min: 1.7, Avg: 2.2, Max: 2.6, Diff: 0.9, Sum: 17.4]
      [Termination (ms): Min: 0.0, Avg: 0.1, Max: 0.1, Diff: 0.1, Sum: 0.5]
         [Termination Attempts: Min: 28, Avg: 32.1, Max: 38, Diff: 10, Sum: 257]
      [GC Worker Other (ms): Min: 0.0, Avg: 0.1, Max: 0.2, Diff: 0.2, Sum: 0.8]
      [GC Worker Total (ms): Min: 11.2, Avg: 11.3, Max: 11.5, Diff: 0.3, Sum: 90.3]
      [GC Worker End (ms): Min: 380286940.7, Avg: 380286940.7, Max: 380286940.9, Diff: 0.2]
   [Code Root Fixup: 0.0 ms]
   [Code Root Purge: 0.0 ms]
   [Clear CT: 0.7 ms]
   [Other: 4.2 ms]
      [Choose CSet: 0.0 ms]
      [Ref Proc: 3.5 ms]
      [Ref Enq: 0.1 ms]
      [Redirty Cards: 0.1 ms]
      [Humongous Register: 0.0 ms]
      [Humongous Reclaim: 0.0 ms]
      [Free CSet: 0.3 ms]
   [Eden: 7152.0M(7152.0M)->0.0B(7152.0M) Survivors: 16384.0K->16384.0K Heap: 10660.7M(14336.0M)->3521.3M(14336.0M)]
 [Times: user=0.09 sys=0.00, real=0.02 secs] 
2022-07-26T06:48:35.441-0700: 380286.946: [GC concurrent-root-region-scan-start]
2022-07-26T06:48:35.451-0700: 380286.956: [GC concurrent-root-region-scan-end, 0.0094616 secs]
2022-07-26T06:48:35.451-0700: 380286.956: [GC concurrent-mark-start]
2022-07-26T06:48:38.106-0700: 380289.611: [GC concurrent-mark-end, 2.6549244 secs]
2022-07-26T06:48:38.106-0700: 380289.611: [GC remark 2022-07-26T06:48:38.106-0700: 380289.611: [Finalize Marking, 0.0002342 secs] 2022-07-26T06:48:38.106-0700: 380289.611: [GC ref-proc, 0.0082155 secs] 2022-07-26T06:48:38.115-0700: 380289.619: [Unloading, 0.0296479 secs], 0.0435899 secs]
 [Times: user=0.26 sys=0.00, real=0.04 secs] 
2022-07-26T06:48:38.150-0700: 380289.655: [GC cleanup 3753M->3753M(14336M), 0.0089628 secs]
 [Times: user=0.06 sys=0.00, real=0.01 secs] 
2022-07-26T06:50:23.169-0700: 380394.674: [GC pause (G1 Evacuation Pause) (young), 0.0114378 secs]
   [Parallel Time: 7.2 ms, GC Workers: 8]
      [GC Worker Start (ms): Min: 380394674.0, Avg: 380394674.1, Max: 380394674.1, Diff: 0.2]
      [Ext Root Scanning (ms): Min: 1.3, Avg: 2.1, Max: 5.8, Diff: 4.5, Sum: 16.6]
      [Update RS (ms): Min: 0.0, Avg: 2.3, Max: 3.0, Diff: 3.0, Sum: 18.2]
         [Processed Buffers: Min: 0, Avg: 8.9, Max: 15, Diff: 15, Sum: 71]
      [Scan RS (ms): Min: 0.0, Avg: 0.1, Max: 0.1, Diff: 0.1, Sum: 0.4]
      [Code Root Scanning (ms): Min: 0.0, Avg: 0.0, Max: 0.0, Diff: 0.0, Sum: 0.0]
      [Object Copy (ms): Min: 1.2, Avg: 2.5, Max: 2.8, Diff: 1.6, Sum: 19.8]
      [Termination (ms): Min: 0.0, Avg: 0.0, Max: 0.0, Diff: 0.0, Sum: 0.0]
         [Termination Attempts: Min: 1, Avg: 1.0, Max: 1, Diff: 0, Sum: 8]
      [GC Worker Other (ms): Min: 0.0, Avg: 0.0, Max: 0.1, Diff: 0.1, Sum: 0.4]
      [GC Worker Total (ms): Min: 6.9, Avg: 6.9, Max: 7.0, Diff: 0.1, Sum: 55.4]
      [GC Worker End (ms): Min: 380394681.0, Avg: 380394681.0, Max: 380394681.0, Diff: 0.1]
   [Code Root Fixup: 0.0 ms]
   [Code Root Purge: 0.0 ms]
   [Clear CT: 0.7 ms]
   [Other: 3.5 ms]
      [Choose CSet: 0.0 ms]
      [Ref Proc: 2.9 ms]
      [Ref Enq: 0.1 ms]
      [Redirty Cards: 0.1 ms]
      [Humongous Register: 0.1 ms]
      [Humongous Reclaim: 0.0 ms]
      [Free CSet: 0.3 ms]
   [Eden: 7152.0M(7152.0M)->0.0B(5712.0M) Survivors: 16384.0K->16384.0K Heap: 10673.3M(14336.0M)->3522.3M(14336.0M)]
 [Times: user=0.07 sys=0.00, real=0.01 secs] 
2022-07-26T06:51:50.115-0700: 380481.619: [GC pause (G1 Evacuation Pause) (mixed), 0.0220181 secs]
   [Parallel Time: 17.0 ms, GC Workers: 8]
      [GC Worker Start (ms): Min: 380481619.6, Avg: 380481619.7, Max: 380481619.7, Diff: 0.1]
      [Ext Root Scanning (ms): Min: 1.3, Avg: 2.2, Max: 6.8, Diff: 5.5, Sum: 17.7]
      [Update RS (ms): Min: 0.0, Avg: 2.4, Max: 3.0, Diff: 3.0, Sum: 19.2]
         [Processed Buffers: Min: 0, Avg: 8.6, Max: 17, Diff: 17, Sum: 69]
      [Scan RS (ms): Min: 0.0, Avg: 1.2, Max: 1.8, Diff: 1.8, Sum: 9.4]
      [Code Root Scanning (ms): Min: 0.0, Avg: 0.0, Max: 0.0, Diff: 0.0, Sum: 0.0]
      [Object Copy (ms): Min: 10.0, Avg: 10.9, Max: 11.2, Diff: 1.3, Sum: 87.4]
      [Termination (ms): Min: 0.0, Avg: 0.0, Max: 0.0, Diff: 0.0, Sum: 0.0]
         [Termination Attempts: Min: 1, Avg: 1.0, Max: 1, Diff: 0, Sum: 8]
      [GC Worker Other (ms): Min: 0.0, Avg: 0.1, Max: 0.1, Diff: 0.1, Sum: 0.5]
      [GC Worker Total (ms): Min: 16.7, Avg: 16.8, Max: 16.8, Diff: 0.1, Sum: 134.2]
      [GC Worker End (ms): Min: 380481636.4, Avg: 380481636.5, Max: 380481636.6, Diff: 0.1]
   [Code Root Fixup: 0.0 ms]
   [Code Root Purge: 0.0 ms]
   [Clear CT: 0.8 ms]
   [Other: 4.2 ms]
      [Choose CSet: 0.0 ms]
      [Ref Proc: 3.3 ms]
      [Ref Enq: 0.1 ms]
      [Redirty Cards: 0.1 ms]
      [Humongous Register: 0.1 ms]
      [Humongous Reclaim: 0.0 ms]
      [Free CSet: 0.3 ms]
   [Eden: 5712.0M(5712.0M)->0.0B(7152.0M) Survivors: 16384.0K->16384.0K Heap: 9234.3M(14336.0M)->3423.7M(14336.0M)]
 [Times: user=0.10 sys=0.00, real=0.02 secs] 
2022-07-26T06:53:39.416-0700: 380590.920: [GC pause (G1 Evacuation Pause) (young), 0.0133179 secs]
   [Parallel Time: 10.0 ms, GC Workers: 8]
      [GC Worker Start (ms): Min: 380590920.5, Avg: 380590920.5, Max: 380590920.6, Diff: 0.1]
      [Ext Root Scanning (ms): Min: 1.4, Avg: 2.2, Max: 5.9, Diff: 4.5, Sum: 17.8]
      [Update RS (ms): Min: 2.1, Avg: 5.4, Max: 6.3, Diff: 4.2, Sum: 43.3]
         [Processed Buffers: Min: 10, Avg: 14.1, Max: 18, Diff: 8, Sum: 113]
      [Scan RS (ms): Min: 0.0, Avg: 0.0, Max: 0.1, Diff: 0.1, Sum: 0.4]
      [Code Root Scanning (ms): Min: 0.0, Avg: 0.0, Max: 0.0, Diff: 0.0, Sum: 0.0]
      [Object Copy (ms): Min: 1.7, Avg: 2.1, Max: 2.3, Diff: 0.6, Sum: 16.6]
      [Termination (ms): Min: 0.0, Avg: 0.0, Max: 0.0, Diff: 0.0, Sum: 0.0]
         [Termination Attempts: Min: 2, Avg: 4.9, Max: 9, Diff: 7, Sum: 39]
      [GC Worker Other (ms): Min: 0.0, Avg: 0.1, Max: 0.1, Diff: 0.1, Sum: 0.5]
      [GC Worker Total (ms): Min: 9.7, Avg: 9.8, Max: 9.9, Diff: 0.2, Sum: 78.6]
      [GC Worker End (ms): Min: 380590930.3, Avg: 380590930.4, Max: 380590930.4, Diff: 0.1]
   [Code Root Fixup: 0.0 ms]
   [Code Root Purge: 0.0 ms]
   [Clear CT: 0.7 ms]
   [Other: 2.5 ms]
      [Choose CSet: 0.0 ms]
      [Ref Proc: 1.9 ms]
      [Ref Enq: 0.1 ms]
      [Redirty Cards: 0.1 ms]
      [Humongous Register: 0.1 ms]
      [Humongous Reclaim: 0.0 ms]
      [Free CSet: 0.3 ms]
   [Eden: 7152.0M(7152.0M)->0.0B(7152.0M) Survivors: 16384.0K->16384.0K Heap: 10575.7M(14336.0M)->3435.5M(14336.0M)]
 [Times: user=0.09 sys=0.00, real=0.01 secs] 
2022-07-26T06:55:01.562-0700: 380673.066: [GC pause (G1 Evacuation Pause) (young) (initial-mark), 0.0349682 secs]
   [Parallel Time: 30.2 ms, GC Workers: 8]
      [GC Worker Start (ms): Min: 380673068.6, Avg: 380673068.7, Max: 380673068.8, Diff: 0.1]
      [Ext Root Scanning (ms): Min: 6.5, Avg: 6.8, Max: 7.1, Diff: 0.6, Sum: 54.1]
      [Update RS (ms): Min: 4.2, Avg: 4.4, Max: 4.7, Diff: 0.6, Sum: 35.2]
         [Processed Buffers: Min: 10, Avg: 11.8, Max: 16, Diff: 6, Sum: 94]
      [Scan RS (ms): Min: 0.0, Avg: 0.0, Max: 0.1, Diff: 0.1, Sum: 0.4]
      [Code Root Scanning (ms): Min: 0.0, Avg: 0.0, Max: 0.0, Diff: 0.0, Sum: 0.0]
      [Object Copy (ms): Min: 16.2, Avg: 16.6, Max: 16.8, Diff: 0.6, Sum: 132.8]
      [Termination (ms): Min: 0.0, Avg: 0.0, Max: 0.0, Diff: 0.0, Sum: 0.0]
         [Termination Attempts: Min: 1, Avg: 1.9, Max: 3, Diff: 2, Sum: 15]
      [GC Worker Other (ms): Min: 0.0, Avg: 0.1, Max: 0.1, Diff: 0.1, Sum: 0.5]
      [GC Worker Total (ms): Min: 27.8, Avg: 27.9, Max: 28.0, Diff: 0.2, Sum: 222.9]
      [GC Worker End (ms): Min: 380673096.5, Avg: 380673096.6, Max: 380673096.7, Diff: 0.1]
   [Code Root Fixup: 0.0 ms]
   [Code Root Purge: 0.0 ms]
   [Clear CT: 0.8 ms]
   [Other: 4.0 ms]
      [Choose CSet: 0.0 ms]
      [Ref Proc: 3.3 ms]
      [Ref Enq: 0.1 ms]
      [Redirty Cards: 0.1 ms]
      [Humongous Register: 0.0 ms]
      [Humongous Reclaim: 0.0 ms]
      [Free CSet: 0.3 ms]
   [Eden: 7152.0M(7152.0M)->0.0B(7104.0M) Survivors: 16384.0K->65536.0K Heap: 10587.5M(14336.0M)->3491.2M(14336.0M)]
 [Times: user=0.22 sys=0.00, real=0.04 secs] 
2022-07-26T06:55:01.597-0700: 380673.101: [GC concurrent-root-region-scan-start]
2022-07-26T06:55:01.618-0700: 380673.123: [GC concurrent-root-region-scan-end, 0.0217046 secs]
2022-07-26T06:55:01.618-0700: 380673.123: [GC concurrent-mark-start]
2022-07-26T06:55:04.216-0700: 380675.720: [GC concurrent-mark-end, 2.5971109 secs]
2022-07-26T06:55:04.216-0700: 380675.721: [GC remark 2022-07-26T06:55:04.216-0700: 380675.721: [Finalize Marking, 0.0005014 secs] 2022-07-26T06:55:04.217-0700: 380675.721: [GC ref-proc, 0.0069681 secs] 2022-07-26T06:55:04.224-0700: 380675.728: [Unloading, 0.0295421 secs], 0.0424810 secs]
 [Times: user=0.26 sys=0.00, real=0.04 secs] 
2022-07-26T06:55:04.259-0700: 380675.764: [GC cleanup 3691M->3691M(14336M), 0.0080983 secs]
 [Times: user=0.06 sys=0.00, real=0.01 secs] 
2022-07-26T06:56:47.217-0700: 380778.722: [GC pause (G1 Evacuation Pause) (young), 0.0317055 secs]
   [Parallel Time: 27.1 ms, GC Workers: 8]
      [GC Worker Start (ms): Min: 380778722.3, Avg: 380778722.3, Max: 380778722.4, Diff: 0.2]
      [Ext Root Scanning (ms): Min: 1.1, Avg: 1.9, Max: 5.5, Diff: 4.3, Sum: 15.4]
      [Update RS (ms): Min: 0.0, Avg: 2.8, Max: 3.6, Diff: 3.6, Sum: 22.5]
         [Processed Buffers: Min: 0, Avg: 8.9, Max: 15, Diff: 15, Sum: 71]
      [Scan RS (ms): Min: 0.0, Avg: 0.0, Max: 0.1, Diff: 0.1, Sum: 0.4]
      [Code Root Scanning (ms): Min: 0.0, Avg: 0.0, Max: 0.0, Diff: 0.0, Sum: 0.0]
      [Object Copy (ms): Min: 21.4, Avg: 22.0, Max: 22.3, Diff: 0.9, Sum: 175.7]
      [Termination (ms): Min: 0.0, Avg: 0.0, Max: 0.0, Diff: 0.0, Sum: 0.0]
         [Termination Attempts: Min: 1, Avg: 1.2, Max: 3, Diff: 2, Sum: 10]
      [GC Worker Other (ms): Min: 0.0, Avg: 0.1, Max: 0.1, Diff: 0.1, Sum: 0.6]
      [GC Worker Total (ms): Min: 26.8, Avg: 26.8, Max: 27.0, Diff: 0.2, Sum: 214.7]
      [GC Worker End (ms): Min: 380778749.1, Avg: 380778749.2, Max: 380778749.2, Diff: 0.1]
   [Code Root Fixup: 0.0 ms]
   [Code Root Purge: 0.0 ms]
   [Clear CT: 0.8 ms]
   [Other: 3.9 ms]
      [Choose CSet: 0.0 ms]
      [Ref Proc: 3.1 ms]
      [Ref Enq: 0.1 ms]
      [Redirty Cards: 0.1 ms]
      [Humongous Register: 0.1 ms]
      [Humongous Reclaim: 0.0 ms]
      [Free CSet: 0.3 ms]
   [Eden: 7104.0M(7104.0M)->0.0B(5616.0M) Survivors: 65536.0K->112.0M Heap: 10595.2M(14336.0M)->3592.5M(14336.0M)]
 [Times: user=0.19 sys=0.00, real=0.03 secs] 
2022-07-26T07:10:00.314-0700: 381571.819: [GC pause (G1 Evacuation Pause) (mixed), 0.0284859 secs]
   [Parallel Time: 23.2 ms, GC Workers: 8]
      [GC Worker Start (ms): Min: 381571819.0, Avg: 381571819.0, Max: 381571819.1, Diff: 0.1]
      [Ext Root Scanning (ms): Min: 1.1, Avg: 2.8, Max: 8.4, Diff: 7.2, Sum: 22.4]
      [Update RS (ms): Min: 0.0, Avg: 4.3, Max: 5.7, Diff: 5.7, Sum: 34.3]
         [Processed Buffers: Min: 0, Avg: 34.6, Max: 80, Diff: 80, Sum: 277]
      [Scan RS (ms): Min: 2.8, Avg: 3.2, Max: 3.4, Diff: 0.6, Sum: 25.5]
      [Code Root Scanning (ms): Min: 0.0, Avg: 0.0, Max: 0.0, Diff: 0.0, Sum: 0.1]
      [Object Copy (ms): Min: 11.8, Avg: 12.7, Max: 12.9, Diff: 1.1, Sum: 101.6]
      [Termination (ms): Min: 0.0, Avg: 0.0, Max: 0.0, Diff: 0.0, Sum: 0.1]
         [Termination Attempts: Min: 16, Avg: 24.6, Max: 30, Diff: 14, Sum: 197]
      [GC Worker Other (ms): Min: 0.0, Avg: 0.1, Max: 0.1, Diff: 0.1, Sum: 0.4]
      [GC Worker Total (ms): Min: 23.0, Avg: 23.0, Max: 23.1, Diff: 0.1, Sum: 184.4]
      [GC Worker End (ms): Min: 381571842.0, Avg: 381571842.1, Max: 381571842.1, Diff: 0.1]
   [Code Root Fixup: 0.0 ms]
   [Code Root Purge: 0.0 ms]
   [Clear CT: 0.8 ms]
   [Other: 4.4 ms]
      [Choose CSet: 0.0 ms]
      [Ref Proc: 3.6 ms]
      [Ref Enq: 0.1 ms]
      [Redirty Cards: 0.2 ms]
      [Humongous Register: 0.0 ms]
      [Humongous Reclaim: 0.0 ms]
      [Free CSet: 0.3 ms]
   [Eden: 5616.0M(5616.0M)->0.0B(7136.0M) Survivors: 112.0M->32768.0K Heap: 9208.5M(14336.0M)->3525.8M(14336.0M)]
 [Times: user=0.16 sys=0.00, real=0.04 secs] 
2022-07-26T07:26:48.921-0700: 382580.426: [GC pause (G1 Evacuation Pause) (young), 0.0208542 secs]
   [Parallel Time: 16.0 ms, GC Workers: 8]
      [GC Worker Start (ms): Min: 382580426.4, Avg: 382580426.5, Max: 382580426.6, Diff: 0.2]
      [Ext Root Scanning (ms): Min: 1.1, Avg: 1.8, Max: 6.0, Diff: 5.0, Sum: 14.8]
      [Update RS (ms): Min: 0.4, Avg: 4.2, Max: 5.0, Diff: 4.6, Sum: 33.3]
         [Processed Buffers: Min: 12, Avg: 33.8, Max: 52, Diff: 40, Sum: 270]
      [Scan RS (ms): Min: 4.1, Avg: 4.3, Max: 4.5, Diff: 0.3, Sum: 34.6]
      [Code Root Scanning (ms): Min: 0.0, Avg: 0.0, Max: 0.0, Diff: 0.0, Sum: 0.0]
      [Object Copy (ms): Min: 4.1, Avg: 4.6, Max: 5.2, Diff: 1.1, Sum: 36.5]
      [Termination (ms): Min: 0.0, Avg: 0.6, Max: 0.8, Diff: 0.8, Sum: 4.8]
         [Termination Attempts: Min: 1, Avg: 3.2, Max: 9, Diff: 8, Sum: 26]
      [GC Worker Other (ms): Min: 0.0, Avg: 0.0, Max: 0.1, Diff: 0.1, Sum: 0.3]
      [GC Worker Total (ms): Min: 15.4, Avg: 15.5, Max: 15.6, Diff: 0.2, Sum: 124.1]
      [GC Worker End (ms): Min: 382580442.0, Avg: 382580442.0, Max: 382580442.0, Diff: 0.1]
   [Code Root Fixup: 0.0 ms]
   [Code Root Purge: 0.0 ms]
   [Clear CT: 0.8 ms]
   [Other: 4.0 ms]
      [Choose CSet: 0.0 ms]
      [Ref Proc: 3.3 ms]
      [Ref Enq: 0.1 ms]
      [Redirty Cards: 0.2 ms]
      [Humongous Register: 0.1 ms]
      [Humongous Reclaim: 0.0 ms]
      [Free CSet: 0.3 ms]
   [Eden: 7136.0M(7136.0M)->0.0B(7152.0M) Survivors: 32768.0K->16384.0K Heap: 10661.8M(14336.0M)->3522.8M(14336.0M)]
 [Times: user=0.13 sys=0.00, real=0.02 secs] 
2022-07-26T07:43:23.712-0700: 383575.217: [GC pause (G1 Evacuation Pause) (young) (initial-mark), 0.0187282 secs]
   [Parallel Time: 14.0 ms, GC Workers: 8]
      [GC Worker Start (ms): Min: 383575219.4, Avg: 383575219.5, Max: 383575219.6, Diff: 0.2]
      [Ext Root Scanning (ms): Min: 5.9, Avg: 6.1, Max: 6.4, Diff: 0.5, Sum: 49.0]
      [Update RS (ms): Min: 4.8, Avg: 4.9, Max: 5.3, Diff: 0.5, Sum: 39.5]
         [Processed Buffers: Min: 14, Avg: 34.9, Max: 68, Diff: 54, Sum: 279]
      [Scan RS (ms): Min: 0.0, Avg: 0.1, Max: 0.1, Diff: 0.1, Sum: 0.5]
      [Code Root Scanning (ms): Min: 0.0, Avg: 0.0, Max: 0.0, Diff: 0.0, Sum: 0.0]
      [Object Copy (ms): Min: 0.0, Avg: 0.5, Max: 0.8, Diff: 0.8, Sum: 4.2]
      [Termination (ms): Min: 0.0, Avg: 0.1, Max: 0.1, Diff: 0.1, Sum: 0.7]
         [Termination Attempts: Min: 1, Avg: 2.5, Max: 4, Diff: 3, Sum: 20]
      [GC Worker Other (ms): Min: 0.0, Avg: 0.0, Max: 0.1, Diff: 0.0, Sum: 0.2]
      [GC Worker Total (ms): Min: 11.7, Avg: 11.8, Max: 11.9, Diff: 0.2, Sum: 94.1]
      [GC Worker End (ms): Min: 383575231.2, Avg: 383575231.3, Max: 383575231.3, Diff: 0.1]
   [Code Root Fixup: 0.0 ms]
   [Code Root Purge: 0.0 ms]
   [Clear CT: 0.6 ms]
   [Other: 4.1 ms]
      [Choose CSet: 0.0 ms]
      [Ref Proc: 3.5 ms]
      [Ref Enq: 0.1 ms]
      [Redirty Cards: 0.1 ms]
      [Humongous Register: 0.0 ms]
      [Humongous Reclaim: 0.0 ms]
      [Free CSet: 0.3 ms]
   [Eden: 7152.0M(7152.0M)->0.0B(7152.0M) Survivors: 16384.0K->16384.0K Heap: 10674.8M(14336.0M)->3518.2M(14336.0M)]
 [Times: user=0.08 sys=0.01, real=0.02 secs] 
2022-07-26T07:43:23.731-0700: 383575.236: [GC concurrent-root-region-scan-start]
2022-07-26T07:43:23.736-0700: 383575.241: [GC concurrent-root-region-scan-end, 0.0046625 secs]
2022-07-26T07:43:23.736-0700: 383575.241: [GC concurrent-mark-start]
2022-07-26T07:43:26.138-0700: 383577.642: [GC concurrent-mark-end, 2.4016824 secs]
2022-07-26T07:43:26.138-0700: 383577.643: [GC remark 2022-07-26T07:43:26.138-0700: 383577.643: [Finalize Marking, 0.0003940 secs] 2022-07-26T07:43:26.138-0700: 383577.643: [GC ref-proc, 0.0105979 secs] 2022-07-26T07:43:26.149-0700: 383577.654: [Unloading, 0.0267947 secs], 0.0430971 secs]
 [Times: user=0.25 sys=0.00, real=0.04 secs] 
2022-07-26T07:43:26.181-0700: 383577.686: [GC cleanup 3590M->3586M(14336M), 0.0086698 secs]
 [Times: user=0.07 sys=0.00, real=0.01 secs] 
2022-07-26T07:43:26.190-0700: 383577.695: [GC concurrent-cleanup-start]
2022-07-26T07:43:26.190-0700: 383577.695: [GC concurrent-cleanup-end, 0.0000164 secs]
2022-07-26T07:59:55.813-0700: 384567.318: [GC pause (G1 Evacuation Pause) (young), 0.0091496 secs]
   [Parallel Time: 5.6 ms, GC Workers: 8]
      [GC Worker Start (ms): Min: 384567317.7, Avg: 384567317.7, Max: 384567317.7, Diff: 0.1]
      [Ext Root Scanning (ms): Min: 1.4, Avg: 2.3, Max: 5.4, Diff: 3.9, Sum: 18.1]
      [Update RS (ms): Min: 0.0, Avg: 0.3, Max: 0.6, Diff: 0.6, Sum: 2.7]
         [Processed Buffers: Min: 0, Avg: 21.6, Max: 65, Diff: 65, Sum: 173]
      [Scan RS (ms): Min: 0.0, Avg: 0.1, Max: 0.2, Diff: 0.2, Sum: 0.5]
      [Code Root Scanning (ms): Min: 0.0, Avg: 0.0, Max: 0.0, Diff: 0.0, Sum: 0.0]
      [Object Copy (ms): Min: 0.0, Avg: 0.4, Max: 0.7, Diff: 0.7, Sum: 3.4]
      [Termination (ms): Min: 0.0, Avg: 2.3, Max: 2.6, Diff: 2.6, Sum: 18.3]
         [Termination Attempts: Min: 1, Avg: 2.4, Max: 6, Diff: 5, Sum: 19]
      [GC Worker Other (ms): Min: 0.0, Avg: 0.0, Max: 0.0, Diff: 0.0, Sum: 0.1]
      [GC Worker Total (ms): Min: 5.3, Avg: 5.4, Max: 5.4, Diff: 0.1, Sum: 43.1]
      [GC Worker End (ms): Min: 384567323.1, Avg: 384567323.1, Max: 384567323.1, Diff: 0.0]
   [Code Root Fixup: 0.0 ms]
   [Code Root Purge: 0.0 ms]
   [Clear CT: 0.6 ms]
   [Other: 2.9 ms]
      [Choose CSet: 0.0 ms]
      [Ref Proc: 2.3 ms]
      [Ref Enq: 0.1 ms]
      [Redirty Cards: 0.1 ms]
      [Humongous Register: 0.0 ms]
      [Humongous Reclaim: 0.0 ms]
      [Free CSet: 0.3 ms]
   [Eden: 7152.0M(7152.0M)->0.0B(5712.0M) Survivors: 16384.0K->16384.0K Heap: 10666.6M(14336.0M)->3513.8M(14336.0M)]
 [Times: user=0.05 sys=0.00, real=0.01 secs] 
2022-07-26T08:13:09.512-0700: 385361.016: [GC pause (GCLocker Initiated GC) (mixed), 0.0177598 secs]
   [Parallel Time: 13.0 ms, GC Workers: 8]
      [GC Worker Start (ms): Min: 385361016.6, Avg: 385361016.7, Max: 385361016.8, Diff: 0.2]
      [Ext Root Scanning (ms): Min: 1.1, Avg: 2.1, Max: 7.6, Diff: 6.5, Sum: 17.1]
      [Update RS (ms): Min: 0.0, Avg: 0.2, Max: 0.5, Diff: 0.5, Sum: 1.9]
         [Processed Buffers: Min: 0, Avg: 19.5, Max: 48, Diff: 48, Sum: 156]
      [Scan RS (ms): Min: 0.1, Avg: 1.5, Max: 1.9, Diff: 1.8, Sum: 11.8]
      [Code Root Scanning (ms): Min: 0.0, Avg: 0.0, Max: 0.0, Diff: 0.0, Sum: 0.0]
      [Object Copy (ms): Min: 4.9, Avg: 8.7, Max: 9.3, Diff: 4.4, Sum: 69.3]
      [Termination (ms): Min: 0.0, Avg: 0.1, Max: 0.1, Diff: 0.1, Sum: 0.7]
         [Termination Attempts: Min: 1, Avg: 1.0, Max: 1, Diff: 0, Sum: 8]
      [GC Worker Other (ms): Min: 0.0, Avg: 0.0, Max: 0.1, Diff: 0.0, Sum: 0.2]
      [GC Worker Total (ms): Min: 12.5, Avg: 12.6, Max: 12.8, Diff: 0.2, Sum: 101.0]
      [GC Worker End (ms): Min: 385361029.3, Avg: 385361029.3, Max: 385361029.3, Diff: 0.0]
   [Code Root Fixup: 0.0 ms]
   [Code Root Purge: 0.0 ms]
   [Clear CT: 0.8 ms]
   [Other: 4.0 ms]
      [Choose CSet: 0.1 ms]
      [Ref Proc: 3.2 ms]
      [Ref Enq: 0.1 ms]
      [Redirty Cards: 0.1 ms]
      [Humongous Register: 0.1 ms]
      [Humongous Reclaim: 0.0 ms]
      [Free CSet: 0.3 ms]
   [Eden: 5712.0M(5712.0M)->0.0B(7152.0M) Survivors: 16384.0K->16384.0K Heap: 9225.8M(14336.0M)->3248.0M(14336.0M)]
 [Times: user=0.11 sys=0.00, real=0.02 secs] 
2022-07-26T08:29:39.711-0700: 386351.216: [GC pause (G1 Evacuation Pause) (young), 0.0150438 secs]
   [Parallel Time: 10.2 ms, GC Workers: 8]
      [GC Worker Start (ms): Min: 386351216.0, Avg: 386351216.1, Max: 386351216.2, Diff: 0.2]
      [Ext Root Scanning (ms): Min: 1.4, Avg: 2.2, Max: 5.9, Diff: 4.5, Sum: 17.9]
      [Update RS (ms): Min: 3.3, Avg: 6.5, Max: 7.3, Diff: 4.0, Sum: 52.0]
         [Processed Buffers: Min: 7, Avg: 35.9, Max: 80, Diff: 73, Sum: 287]
      [Scan RS (ms): Min: 0.0, Avg: 0.1, Max: 0.1, Diff: 0.1, Sum: 0.5]
      [Code Root Scanning (ms): Min: 0.0, Avg: 0.0, Max: 0.0, Diff: 0.0, Sum: 0.0]
      [Object Copy (ms): Min: 0.6, Avg: 1.0, Max: 1.1, Diff: 0.6, Sum: 7.7]
      [Termination (ms): Min: 0.0, Avg: 0.0, Max: 0.0, Diff: 0.0, Sum: 0.1]
         [Termination Attempts: Min: 17, Avg: 28.8, Max: 44, Diff: 27, Sum: 230]
      [GC Worker Other (ms): Min: 0.0, Avg: 0.1, Max: 0.1, Diff: 0.1, Sum: 0.6]
      [GC Worker Total (ms): Min: 9.7, Avg: 9.8, Max: 9.9, Diff: 0.2, Sum: 78.6]
      [GC Worker End (ms): Min: 386351225.9, Avg: 386351225.9, Max: 386351226.0, Diff: 0.1]
   [Code Root Fixup: 0.0 ms]
   [Code Root Purge: 0.0 ms]
   [Clear CT: 0.7 ms]
   [Other: 4.1 ms]
      [Choose CSet: 0.0 ms]
      [Ref Proc: 3.5 ms]
      [Ref Enq: 0.1 ms]
      [Redirty Cards: 0.1 ms]
      [Humongous Register: 0.1 ms]
      [Humongous Reclaim: 0.0 ms]
      [Free CSet: 0.2 ms]
   [Eden: 7152.0M(7152.0M)->0.0B(7152.0M) Survivors: 16384.0K->16384.0K Heap: 10400.0M(14336.0M)->3297.7M(14336.0M)]
 [Times: user=0.08 sys=0.01, real=0.02 secs] 
2022-07-26T08:46:04.834-0700: 387336.339: [GC pause (G1 Evacuation Pause) (young) (initial-mark), 0.0143726 secs]
   [Parallel Time: 9.3 ms, GC Workers: 8]
      [GC Worker Start (ms): Min: 387336340.6, Avg: 387336340.8, Max: 387336340.9, Diff: 0.2]
      [Ext Root Scanning (ms): Min: 5.7, Avg: 6.0, Max: 6.4, Diff: 0.7, Sum: 47.9]
      [Update RS (ms): Min: 0.2, Avg: 0.3, Max: 0.5, Diff: 0.3, Sum: 2.5]
         [Processed Buffers: Min: 1, Avg: 22.8, Max: 44, Diff: 43, Sum: 182]
      [Scan RS (ms): Min: 0.0, Avg: 0.1, Max: 0.1, Diff: 0.1, Sum: 0.5]
      [Code Root Scanning (ms): Min: 0.0, Avg: 0.0, Max: 0.0, Diff: 0.0, Sum: 0.0]
      [Object Copy (ms): Min: 0.1, Avg: 0.7, Max: 1.1, Diff: 1.0, Sum: 5.3]
      [Termination (ms): Min: 0.0, Avg: 0.1, Max: 0.1, Diff: 0.1, Sum: 0.6]
         [Termination Attempts: Min: 1, Avg: 1.0, Max: 1, Diff: 0, Sum: 8]
      [GC Worker Other (ms): Min: 0.0, Avg: 0.0, Max: 0.1, Diff: 0.1, Sum: 0.3]
      [GC Worker Total (ms): Min: 7.1, Avg: 7.1, Max: 7.3, Diff: 0.2, Sum: 57.2]
      [GC Worker End (ms): Min: 387336347.9, Avg: 387336347.9, Max: 387336348.0, Diff: 0.1]
   [Code Root Fixup: 0.0 ms]
   [Code Root Purge: 0.0 ms]
   [Clear CT: 0.7 ms]
   [Other: 4.4 ms]
      [Choose CSet: 0.0 ms]
      [Ref Proc: 3.7 ms]
      [Ref Enq: 0.1 ms]
      [Redirty Cards: 0.1 ms]
      [Humongous Register: 0.0 ms]
      [Humongous Reclaim: 0.0 ms]
      [Free CSet: 0.3 ms]
   [Eden: 7152.0M(7152.0M)->0.0B(7152.0M) Survivors: 16384.0K->16384.0K Heap: 10449.7M(14336.0M)->3296.9M(14336.0M)]
 [Times: user=0.06 sys=0.00, real=0.02 secs] 
2022-07-26T08:46:04.848-0700: 387336.353: [GC concurrent-root-region-scan-start]
2022-07-26T08:46:04.853-0700: 387336.358: [GC concurrent-root-region-scan-end, 0.0044655 secs]
2022-07-26T08:46:04.853-0700: 387336.358: [GC concurrent-mark-start]
2022-07-26T08:46:07.259-0700: 387338.764: [GC concurrent-mark-end, 2.4058741 secs]
2022-07-26T08:46:07.259-0700: 387338.764: [GC remark 2022-07-26T08:46:07.259-0700: 387338.764: [Finalize Marking, 0.0003513 secs] 2022-07-26T08:46:07.260-0700: 387338.764: [GC ref-proc, 0.0075130 secs] 2022-07-26T08:46:07.267-0700: 387338.772: [Unloading, 0.0277760 secs], 0.0409019 secs]
 [Times: user=0.26 sys=0.00, real=0.04 secs] 
2022-07-26T08:46:07.301-0700: 387338.805: [GC cleanup 3336M->3304M(14336M), 0.0085606 secs]
 [Times: user=0.06 sys=0.00, real=0.01 secs] 
2022-07-26T08:46:07.309-0700: 387338.814: [GC concurrent-cleanup-start]
2022-07-26T08:46:07.309-0700: 387338.814: [GC concurrent-cleanup-end, 0.0000179 secs]
2022-07-26T09:02:35.812-0700: 388327.317: [GC pause (G1 Evacuation Pause) (young), 0.0111553 secs]
   [Parallel Time: 5.8 ms, GC Workers: 8]
      [GC Worker Start (ms): Min: 388327317.3, Avg: 388327317.4, Max: 388327317.4, Diff: 0.2]
      [Ext Root Scanning (ms): Min: 1.5, Avg: 2.2, Max: 5.4, Diff: 3.9, Sum: 17.7]
      [Update RS (ms): Min: 0.0, Avg: 0.3, Max: 0.6, Diff: 0.6, Sum: 2.5]
         [Processed Buffers: Min: 0, Avg: 19.6, Max: 44, Diff: 44, Sum: 157]
      [Scan RS (ms): Min: 0.0, Avg: 0.1, Max: 0.1, Diff: 0.1, Sum: 0.6]
      [Code Root Scanning (ms): Min: 0.0, Avg: 0.0, Max: 0.0, Diff: 0.0, Sum: 0.0]
      [Object Copy (ms): Min: 0.0, Avg: 0.5, Max: 0.8, Diff: 0.8, Sum: 4.1]
      [Termination (ms): Min: 0.0, Avg: 2.2, Max: 2.6, Diff: 2.6, Sum: 18.0]
         [Termination Attempts: Min: 1, Avg: 2.4, Max: 3, Diff: 2, Sum: 19]
      [GC Worker Other (ms): Min: 0.0, Avg: 0.0, Max: 0.0, Diff: 0.0, Sum: 0.2]
      [GC Worker Total (ms): Min: 5.3, Avg: 5.4, Max: 5.5, Diff: 0.2, Sum: 43.2]
      [GC Worker End (ms): Min: 388327322.7, Avg: 388327322.8, Max: 388327322.8, Diff: 0.1]
   [Code Root Fixup: 0.0 ms]
   [Code Root Purge: 0.0 ms]
   [Clear CT: 0.7 ms]
   [Other: 4.7 ms]
      [Choose CSet: 0.0 ms]
      [Ref Proc: 4.0 ms]
      [Ref Enq: 0.1 ms]
      [Redirty Cards: 0.1 ms]
      [Humongous Register: 0.1 ms]
      [Humongous Reclaim: 0.0 ms]
      [Free CSet: 0.3 ms]
   [Eden: 7152.0M(7152.0M)->0.0B(5712.0M) Survivors: 16384.0K->16384.0K Heap: 10416.9M(14336.0M)->3265.1M(14336.0M)]
 [Times: user=0.05 sys=0.00, real=0.02 secs] 
2022-07-26T09:15:51.512-0700: 389123.017: [GC pause (G1 Evacuation Pause) (mixed), 0.0121143 secs]
   [Parallel Time: 7.1 ms, GC Workers: 8]
      [GC Worker Start (ms): Min: 389123017.3, Avg: 389123017.4, Max: 389123017.5, Diff: 0.2]
      [Ext Root Scanning (ms): Min: 1.5, Avg: 2.4, Max: 6.8, Diff: 5.3, Sum: 19.5]
      [Update RS (ms): Min: 0.0, Avg: 0.3, Max: 0.7, Diff: 0.7, Sum: 2.6]
         [Processed Buffers: Min: 0, Avg: 20.5, Max: 47, Diff: 47, Sum: 164]
      [Scan RS (ms): Min: 0.0, Avg: 0.1, Max: 0.2, Diff: 0.2, Sum: 0.8]
      [Code Root Scanning (ms): Min: 0.0, Avg: 0.0, Max: 0.0, Diff: 0.0, Sum: 0.0]
      [Object Copy (ms): Min: 0.0, Avg: 0.8, Max: 1.2, Diff: 1.2, Sum: 6.8]
      [Termination (ms): Min: 0.0, Avg: 3.0, Max: 3.5, Diff: 3.5, Sum: 24.3]
         [Termination Attempts: Min: 1, Avg: 1.0, Max: 1, Diff: 0, Sum: 8]
      [GC Worker Other (ms): Min: 0.0, Avg: 0.0, Max: 0.1, Diff: 0.1, Sum: 0.3]
      [GC Worker Total (ms): Min: 6.7, Avg: 6.8, Max: 6.9, Diff: 0.2, Sum: 54.3]
      [GC Worker End (ms): Min: 389123024.2, Avg: 389123024.2, Max: 389123024.3, Diff: 0.1]
   [Code Root Fixup: 0.0 ms]
   [Code Root Purge: 0.0 ms]
   [Clear CT: 0.7 ms]
   [Other: 4.3 ms]
      [Choose CSet: 0.0 ms]
      [Ref Proc: 3.7 ms]
      [Ref Enq: 0.1 ms]
      [Redirty Cards: 0.1 ms]
      [Humongous Register: 0.1 ms]
      [Humongous Reclaim: 0.0 ms]
      [Free CSet: 0.2 ms]
   [Eden: 5712.0M(5712.0M)->0.0B(7152.0M) Survivors: 16384.0K->16384.0K Heap: 8977.1M(14336.0M)->3251.6M(14336.0M)]
 [Times: user=0.06 sys=0.00, real=0.02 secs] 
2022-07-26T09:32:32.112-0700: 390123.617: [GC pause (G1 Evacuation Pause) (young), 0.0108864 secs]
   [Parallel Time: 5.5 ms, GC Workers: 8]
      [GC Worker Start (ms): Min: 390123617.4, Avg: 390123617.5, Max: 390123617.5, Diff: 0.2]
      [Ext Root Scanning (ms): Min: 2.0, Avg: 2.8, Max: 5.2, Diff: 3.2, Sum: 22.4]
      [Update RS (ms): Min: 0.0, Avg: 0.4, Max: 0.6, Diff: 0.6, Sum: 3.2]
         [Processed Buffers: Min: 0, Avg: 22.0, Max: 64, Diff: 64, Sum: 176]
      [Scan RS (ms): Min: 0.0, Avg: 0.1, Max: 0.1, Diff: 0.1, Sum: 0.6]
      [Code Root Scanning (ms): Min: 0.0, Avg: 0.0, Max: 0.0, Diff: 0.0, Sum: 0.0]
      [Object Copy (ms): Min: 0.0, Avg: 0.5, Max: 0.9, Diff: 0.9, Sum: 4.0]
      [Termination (ms): Min: 0.0, Avg: 1.4, Max: 1.6, Diff: 1.6, Sum: 11.3]
         [Termination Attempts: Min: 1, Avg: 6.1, Max: 8, Diff: 7, Sum: 49]
      [GC Worker Other (ms): Min: 0.0, Avg: 0.0, Max: 0.0, Diff: 0.0, Sum: 0.2]
      [GC Worker Total (ms): Min: 5.1, Avg: 5.2, Max: 5.3, Diff: 0.1, Sum: 41.8]
      [GC Worker End (ms): Min: 390123622.7, Avg: 390123622.7, Max: 390123622.7, Diff: 0.0]
   [Code Root Fixup: 0.0 ms]
   [Code Root Purge: 0.0 ms]
   [Clear CT: 0.6 ms]
   [Other: 4.7 ms]
      [Choose CSet: 0.0 ms]
      [Ref Proc: 3.9 ms]
      [Ref Enq: 0.1 ms]
      [Redirty Cards: 0.1 ms]
      [Humongous Register: 0.1 ms]
      [Humongous Reclaim: 0.0 ms]
      [Free CSet: 0.4 ms]
   [Eden: 7152.0M(7152.0M)->0.0B(7152.0M) Survivors: 16384.0K->16384.0K Heap: 10403.6M(14336.0M)->3251.8M(14336.0M)]
 [Times: user=0.04 sys=0.00, real=0.02 secs] 
2022-07-26T09:49:09.091-0700: 391120.596: [GC pause (G1 Evacuation Pause) (young) (initial-mark), 0.0160597 secs]
   [Parallel Time: 10.4 ms, GC Workers: 8]
      [GC Worker Start (ms): Min: 391120598.2, Avg: 391120598.3, Max: 391120598.3, Diff: 0.2]
      [Ext Root Scanning (ms): Min: 6.7, Avg: 6.9, Max: 7.2, Diff: 0.6, Sum: 55.6]
      [Update RS (ms): Min: 0.2, Avg: 0.3, Max: 0.6, Diff: 0.4, Sum: 2.4]
         [Processed Buffers: Min: 1, Avg: 22.0, Max: 62, Diff: 61, Sum: 176]
      [Scan RS (ms): Min: 0.0, Avg: 0.1, Max: 0.1, Diff: 0.1, Sum: 0.5]
      [Code Root Scanning (ms): Min: 0.0, Avg: 0.0, Max: 0.0, Diff: 0.0, Sum: 0.0]
      [Object Copy (ms): Min: 0.2, Avg: 0.6, Max: 0.9, Diff: 0.7, Sum: 4.8]
      [Termination (ms): Min: 0.0, Avg: 0.1, Max: 0.1, Diff: 0.1, Sum: 0.5]
         [Termination Attempts: Min: 1, Avg: 1.8, Max: 2, Diff: 1, Sum: 14]
      [GC Worker Other (ms): Min: 0.0, Avg: 0.0, Max: 0.1, Diff: 0.0, Sum: 0.2]
      [GC Worker Total (ms): Min: 8.0, Avg: 8.0, Max: 8.1, Diff: 0.1, Sum: 64.1]
      [GC Worker End (ms): Min: 391120606.2, Avg: 391120606.3, Max: 391120606.3, Diff: 0.1]
   [Code Root Fixup: 0.0 ms]
   [Code Root Purge: 0.0 ms]
   [Clear CT: 0.7 ms]
   [Other: 5.0 ms]
      [Choose CSet: 0.0 ms]
      [Ref Proc: 4.3 ms]
      [Ref Enq: 0.1 ms]
      [Redirty Cards: 0.1 ms]
      [Humongous Register: 0.0 ms]
      [Humongous Reclaim: 0.0 ms]
      [Free CSet: 0.3 ms]
   [Eden: 7152.0M(7152.0M)->0.0B(7152.0M) Survivors: 16384.0K->16384.0K Heap: 10403.8M(14336.0M)->3252.1M(14336.0M)]
 [Times: user=0.07 sys=0.00, real=0.02 secs] 
2022-07-26T09:49:09.108-0700: 391120.612: [GC concurrent-root-region-scan-start]
2022-07-26T09:49:09.112-0700: 391120.617: [GC concurrent-root-region-scan-end, 0.0047840 secs]
2022-07-26T09:49:09.112-0700: 391120.617: [GC concurrent-mark-start]
2022-07-26T09:49:11.553-0700: 391123.058: [GC concurrent-mark-end, 2.4407527 secs]
2022-07-26T09:49:11.553-0700: 391123.058: [GC remark 2022-07-26T09:49:11.553-0700: 391123.058: [Finalize Marking, 0.0002846 secs] 2022-07-26T09:49:11.554-0700: 391123.059: [GC ref-proc, 0.0100281 secs] 2022-07-26T09:49:11.564-0700: 391123.069: [Unloading, 0.0289753 secs], 0.0445401 secs]
 [Times: user=0.25 sys=0.00, real=0.05 secs] 
2022-07-26T09:49:11.598-0700: 391123.103: [GC cleanup 3292M->3292M(14336M), 0.0078384 secs]
 [Times: user=0.06 sys=0.00, real=0.01 secs] 
2022-07-26T10:05:52.261-0700: 392123.766: [GC pause (G1 Evacuation Pause) (young), 0.0117870 secs]
   [Parallel Time: 6.0 ms, GC Workers: 8]
      [GC Worker Start (ms): Min: 392123765.7, Avg: 392123765.8, Max: 392123765.9, Diff: 0.2]
      [Ext Root Scanning (ms): Min: 1.5, Avg: 2.2, Max: 5.6, Diff: 4.2, Sum: 17.9]
      [Update RS (ms): Min: 0.0, Avg: 0.4, Max: 0.7, Diff: 0.7, Sum: 3.0]
         [Processed Buffers: Min: 0, Avg: 20.6, Max: 60, Diff: 60, Sum: 165]
      [Scan RS (ms): Min: 0.0, Avg: 0.1, Max: 0.2, Diff: 0.1, Sum: 0.6]
      [Code Root Scanning (ms): Min: 0.0, Avg: 0.0, Max: 0.0, Diff: 0.0, Sum: 0.0]
      [Object Copy (ms): Min: 0.0, Avg: 0.6, Max: 0.9, Diff: 0.9, Sum: 4.9]
      [Termination (ms): Min: 0.0, Avg: 2.3, Max: 2.6, Diff: 2.6, Sum: 18.3]
         [Termination Attempts: Min: 1, Avg: 1.0, Max: 1, Diff: 0, Sum: 8]
      [GC Worker Other (ms): Min: 0.0, Avg: 0.0, Max: 0.0, Diff: 0.0, Sum: 0.1]
      [GC Worker Total (ms): Min: 5.5, Avg: 5.6, Max: 5.7, Diff: 0.2, Sum: 45.0]
      [GC Worker End (ms): Min: 392123771.4, Avg: 392123771.4, Max: 392123771.4, Diff: 0.0]
   [Code Root Fixup: 0.0 ms]
   [Code Root Purge: 0.0 ms]
   [Clear CT: 0.7 ms]
   [Other: 5.0 ms]
      [Choose CSet: 0.0 ms]
      [Ref Proc: 4.3 ms]
      [Ref Enq: 0.1 ms]
      [Redirty Cards: 0.1 ms]
      [Humongous Register: 0.1 ms]
      [Humongous Reclaim: 0.0 ms]
      [Free CSet: 0.3 ms]
   [Eden: 7152.0M(7152.0M)->0.0B(7152.0M) Survivors: 16384.0K->16384.0K Heap: 10404.1M(14336.0M)->3252.0M(14336.0M)]
 [Times: user=0.06 sys=0.00, real=0.01 secs] 
2022-07-26T10:22:28.712-0700: 393120.217: [GC pause (G1 Evacuation Pause) (young), 0.0114532 secs]
   [Parallel Time: 6.0 ms, GC Workers: 8]
      [GC Worker Start (ms): Min: 393120216.9, Avg: 393120217.0, Max: 393120217.1, Diff: 0.2]
      [Ext Root Scanning (ms): Min: 1.4, Avg: 2.2, Max: 5.6, Diff: 4.2, Sum: 17.4]
      [Update RS (ms): Min: 0.0, Avg: 0.4, Max: 0.7, Diff: 0.7, Sum: 3.2]
         [Processed Buffers: Min: 0, Avg: 21.4, Max: 44, Diff: 44, Sum: 171]
      [Scan RS (ms): Min: 0.0, Avg: 0.1, Max: 0.1, Diff: 0.1, Sum: 0.6]
      [Code Root Scanning (ms): Min: 0.0, Avg: 0.0, Max: 0.0, Diff: 0.0, Sum: 0.0]
      [Object Copy (ms): Min: 0.0, Avg: 0.6, Max: 0.8, Diff: 0.8, Sum: 4.6]
      [Termination (ms): Min: 0.0, Avg: 2.4, Max: 2.7, Diff: 2.7, Sum: 19.0]
         [Termination Attempts: Min: 1, Avg: 1.1, Max: 2, Diff: 1, Sum: 9]
      [GC Worker Other (ms): Min: 0.0, Avg: 0.0, Max: 0.1, Diff: 0.1, Sum: 0.2]
      [GC Worker Total (ms): Min: 5.6, Avg: 5.6, Max: 5.7, Diff: 0.1, Sum: 44.9]
      [GC Worker End (ms): Min: 393120222.6, Avg: 393120222.6, Max: 393120222.7, Diff: 0.1]
   [Code Root Fixup: 0.0 ms]
   [Code Root Purge: 0.0 ms]
   [Clear CT: 0.6 ms]
   [Other: 4.8 ms]
      [Choose CSet: 0.0 ms]
      [Ref Proc: 4.0 ms]
      [Ref Enq: 0.1 ms]
      [Redirty Cards: 0.1 ms]
      [Humongous Register: 0.1 ms]
      [Humongous Reclaim: 0.0 ms]
      [Free CSet: 0.3 ms]
   [Eden: 7152.0M(7152.0M)->0.0B(7152.0M) Survivors: 16384.0K->16384.0K Heap: 10404.0M(14336.0M)->3252.0M(14336.0M)]
 [Times: user=0.06 sys=0.00, real=0.02 secs] 
2022-07-26T10:39:08.463-0700: 394119.968: [GC pause (G1 Evacuation Pause) (young) (initial-mark), 0.0141240 secs]
   [Parallel Time: 9.3 ms, GC Workers: 8]
      [GC Worker Start (ms): Min: 394119969.7, Avg: 394119969.8, Max: 394119969.8, Diff: 0.2]
      [Ext Root Scanning (ms): Min: 6.1, Avg: 6.4, Max: 6.8, Diff: 0.6, Sum: 51.4]
      [Update RS (ms): Min: 0.1, Avg: 0.3, Max: 0.5, Diff: 0.3, Sum: 2.2]
         [Processed Buffers: Min: 1, Avg: 22.1, Max: 58, Diff: 57, Sum: 177]
      [Scan RS (ms): Min: 0.0, Avg: 0.1, Max: 0.1, Diff: 0.1, Sum: 0.5]
      [Code Root Scanning (ms): Min: 0.0, Avg: 0.0, Max: 0.0, Diff: 0.0, Sum: 0.0]
      [Object Copy (ms): Min: 0.1, Avg: 0.5, Max: 0.7, Diff: 0.6, Sum: 3.8]
      [Termination (ms): Min: 0.0, Avg: 0.1, Max: 0.1, Diff: 0.1, Sum: 0.4]
         [Termination Attempts: Min: 1, Avg: 1.9, Max: 3, Diff: 2, Sum: 15]
      [GC Worker Other (ms): Min: 0.0, Avg: 0.0, Max: 0.1, Diff: 0.1, Sum: 0.3]
      [GC Worker Total (ms): Min: 7.3, Avg: 7.3, Max: 7.4, Diff: 0.1, Sum: 58.7]
      [GC Worker End (ms): Min: 394119977.1, Avg: 394119977.1, Max: 394119977.1, Diff: 0.1]
   [Code Root Fixup: 0.0 ms]
   [Code Root Purge: 0.0 ms]
   [Clear CT: 0.6 ms]
   [Other: 4.2 ms]
      [Choose CSet: 0.0 ms]
      [Ref Proc: 3.5 ms]
      [Ref Enq: 0.1 ms]
      [Redirty Cards: 0.1 ms]
      [Humongous Register: 0.0 ms]
      [Humongous Reclaim: 0.0 ms]
      [Free CSet: 0.3 ms]
   [Eden: 7152.0M(7152.0M)->0.0B(7152.0M) Survivors: 16384.0K->16384.0K Heap: 10404.0M(14336.0M)->3252.1M(14336.0M)]
 [Times: user=0.06 sys=0.00, real=0.01 secs] 
2022-07-26T10:39:08.477-0700: 394119.982: [GC concurrent-root-region-scan-start]
2022-07-26T10:39:08.482-0700: 394119.987: [GC concurrent-root-region-scan-end, 0.0046854 secs]
2022-07-26T10:39:08.482-0700: 394119.987: [GC concurrent-mark-start]
2022-07-26T10:39:10.894-0700: 394122.399: [GC concurrent-mark-end, 2.4123940 secs]
2022-07-26T10:39:10.895-0700: 394122.399: [GC remark 2022-07-26T10:39:10.895-0700: 394122.399: [Finalize Marking, 0.0014640 secs] 2022-07-26T10:39:10.896-0700: 394122.401: [GC ref-proc, 0.0085182 secs] 2022-07-26T10:39:10.905-0700: 394122.410: [Unloading, 0.0291264 secs], 0.0444534 secs]
 [Times: user=0.26 sys=0.00, real=0.04 secs] 
2022-07-26T10:39:10.940-0700: 394122.444: [GC cleanup 3292M->3292M(14336M), 0.0081682 secs]
 [Times: user=0.06 sys=0.00, real=0.01 secs] 
2022-07-26T10:55:50.014-0700: 395121.518: [GC pause (G1 Evacuation Pause) (young), 0.0110393 secs]
   [Parallel Time: 5.6 ms, GC Workers: 8]
      [GC Worker Start (ms): Min: 395121518.5, Avg: 395121518.5, Max: 395121518.6, Diff: 0.1]
      [Ext Root Scanning (ms): Min: 1.2, Avg: 1.9, Max: 5.3, Diff: 4.1, Sum: 15.6]
      [Update RS (ms): Min: 0.0, Avg: 0.3, Max: 0.7, Diff: 0.7, Sum: 2.7]
         [Processed Buffers: Min: 0, Avg: 22.0, Max: 44, Diff: 44, Sum: 176]
      [Scan RS (ms): Min: 0.0, Avg: 0.1, Max: 0.2, Diff: 0.1, Sum: 0.6]
      [Code Root Scanning (ms): Min: 0.0, Avg: 0.0, Max: 0.0, Diff: 0.0, Sum: 0.0]
      [Object Copy (ms): Min: 0.0, Avg: 0.6, Max: 0.9, Diff: 0.9, Sum: 4.5]
      [Termination (ms): Min: 0.0, Avg: 2.4, Max: 2.7, Diff: 2.7, Sum: 19.1]
         [Termination Attempts: Min: 1, Avg: 6.0, Max: 10, Diff: 9, Sum: 48]
      [GC Worker Other (ms): Min: 0.0, Avg: 0.0, Max: 0.0, Diff: 0.0, Sum: 0.1]
      [GC Worker Total (ms): Min: 5.3, Avg: 5.3, Max: 5.4, Diff: 0.1, Sum: 42.6]
      [GC Worker End (ms): Min: 395121523.9, Avg: 395121523.9, Max: 395121523.9, Diff: 0.0]
   [Code Root Fixup: 0.0 ms]
   [Code Root Purge: 0.0 ms]
   [Clear CT: 0.6 ms]
   [Other: 4.8 ms]
      [Choose CSet: 0.0 ms]
      [Ref Proc: 4.1 ms]
      [Ref Enq: 0.1 ms]
      [Redirty Cards: 0.1 ms]
      [Humongous Register: 0.1 ms]
      [Humongous Reclaim: 0.0 ms]
      [Free CSet: 0.3 ms]
   [Eden: 7152.0M(7152.0M)->0.0B(7152.0M) Survivors: 16384.0K->16384.0K Heap: 10404.1M(14336.0M)->3252.0M(14336.0M)]
 [Times: user=0.05 sys=0.00, real=0.02 secs] 
2022-07-26T11:12:27.212-0700: 396118.717: [GC pause (G1 Evacuation Pause) (young), 0.0086271 secs]
   [Parallel Time: 5.3 ms, GC Workers: 8]
      [GC Worker Start (ms): Min: 396118716.7, Avg: 396118716.8, Max: 396118716.9, Diff: 0.2]
      [Ext Root Scanning (ms): Min: 1.3, Avg: 2.0, Max: 5.2, Diff: 3.9, Sum: 16.2]
      [Update RS (ms): Min: 0.0, Avg: 0.3, Max: 0.7, Diff: 0.7, Sum: 2.6]
         [Processed Buffers: Min: 0, Avg: 20.2, Max: 51, Diff: 51, Sum: 162]
      [Scan RS (ms): Min: 0.0, Avg: 0.1, Max: 0.1, Diff: 0.1, Sum: 0.6]
      [Code Root Scanning (ms): Min: 0.0, Avg: 0.0, Max: 0.0, Diff: 0.0, Sum: 0.0]
      [Object Copy (ms): Min: 0.0, Avg: 0.6, Max: 0.9, Diff: 0.8, Sum: 4.7]
      [Termination (ms): Min: 0.0, Avg: 2.1, Max: 2.5, Diff: 2.5, Sum: 16.9]
         [Termination Attempts: Min: 1, Avg: 1.0, Max: 1, Diff: 0, Sum: 8]
      [GC Worker Other (ms): Min: 0.0, Avg: 0.0, Max: 0.0, Diff: 0.0, Sum: 0.1]
      [GC Worker Total (ms): Min: 5.1, Avg: 5.1, Max: 5.2, Diff: 0.2, Sum: 41.2]
      [GC Worker End (ms): Min: 396118721.9, Avg: 396118722.0, Max: 396118722.0, Diff: 0.0]
   [Code Root Fixup: 0.0 ms]
   [Code Root Purge: 0.0 ms]
   [Clear CT: 0.7 ms]
   [Other: 2.6 ms]
      [Choose CSet: 0.0 ms]
      [Ref Proc: 2.0 ms]
      [Ref Enq: 0.1 ms]
      [Redirty Cards: 0.1 ms]
      [Humongous Register: 0.0 ms]
      [Humongous Reclaim: 0.0 ms]
      [Free CSet: 0.3 ms]
   [Eden: 7152.0M(7152.0M)->0.0B(7152.0M) Survivors: 16384.0K->16384.0K Heap: 10404.0M(14336.0M)->3252.0M(14336.0M)]
 [Times: user=0.05 sys=0.00, real=0.01 secs] 
2022-07-26T11:29:09.662-0700: 397121.167: [GC pause (G1 Evacuation Pause) (young) (initial-mark), 0.0149362 secs]
   [Parallel Time: 9.5 ms, GC Workers: 8]
      [GC Worker Start (ms): Min: 397121168.7, Avg: 397121168.8, Max: 397121168.9, Diff: 0.2]
      [Ext Root Scanning (ms): Min: 5.6, Avg: 6.0, Max: 6.5, Diff: 1.0, Sum: 47.8]
      [Update RS (ms): Min: 0.1, Avg: 0.3, Max: 0.5, Diff: 0.4, Sum: 2.3]
         [Processed Buffers: Min: 1, Avg: 20.6, Max: 69, Diff: 68, Sum: 165]
      [Scan RS (ms): Min: 0.0, Avg: 0.1, Max: 0.1, Diff: 0.1, Sum: 0.5]
      [Code Root Scanning (ms): Min: 0.0, Avg: 0.0, Max: 0.0, Diff: 0.0, Sum: 0.0]
      [Object Copy (ms): Min: 0.1, Avg: 0.7, Max: 1.1, Diff: 1.0, Sum: 5.7]
      [Termination (ms): Min: 0.0, Avg: 0.1, Max: 0.1, Diff: 0.1, Sum: 0.6]
         [Termination Attempts: Min: 1, Avg: 1.0, Max: 1, Diff: 0, Sum: 8]
      [GC Worker Other (ms): Min: 0.0, Avg: 0.0, Max: 0.0, Diff: 0.0, Sum: 0.2]
      [GC Worker Total (ms): Min: 7.1, Avg: 7.2, Max: 7.2, Diff: 0.2, Sum: 57.2]
      [GC Worker End (ms): Min: 397121175.9, Avg: 397121176.0, Max: 397121176.0, Diff: 0.1]
   [Code Root Fixup: 0.0 ms]
   [Code Root Purge: 0.0 ms]
   [Clear CT: 0.7 ms]
   [Other: 4.7 ms]
      [Choose CSet: 0.0 ms]
      [Ref Proc: 4.0 ms]
      [Ref Enq: 0.1 ms]
      [Redirty Cards: 0.1 ms]
      [Humongous Register: 0.0 ms]
      [Humongous Reclaim: 0.0 ms]
      [Free CSet: 0.3 ms]
   [Eden: 7152.0M(7152.0M)->0.0B(7152.0M) Survivors: 16384.0K->16384.0K Heap: 10404.0M(14336.0M)->3252.1M(14336.0M)]
 [Times: user=0.06 sys=0.00, real=0.02 secs] 
2022-07-26T11:29:09.677-0700: 397121.182: [GC concurrent-root-region-scan-start]
2022-07-26T11:29:09.682-0700: 397121.186: [GC concurrent-root-region-scan-end, 0.0047316 secs]
2022-07-26T11:29:09.682-0700: 397121.186: [GC concurrent-mark-start]
2022-07-26T11:29:12.108-0700: 397123.613: [GC concurrent-mark-end, 2.4266814 secs]
2022-07-26T11:29:12.109-0700: 397123.613: [GC remark 2022-07-26T11:29:12.109-0700: 397123.613: [Finalize Marking, 0.0003686 secs] 2022-07-26T11:29:12.109-0700: 397123.614: [GC ref-proc, 0.0121901 secs] 2022-07-26T11:29:12.121-0700: 397123.626: [Unloading, 0.0269794 secs], 0.0449522 secs]
 [Times: user=0.25 sys=0.00, real=0.04 secs] 
2022-07-26T11:29:12.154-0700: 397123.659: [GC cleanup 3292M->3292M(14336M), 0.0080840 secs]
 [Times: user=0.05 sys=0.00, real=0.01 secs] 
2022-07-26T11:45:46.612-0700: 398118.117: [GC pause (G1 Evacuation Pause) (young), 0.0113172 secs]
   [Parallel Time: 6.3 ms, GC Workers: 8]
      [GC Worker Start (ms): Min: 398118117.3, Avg: 398118117.4, Max: 398118117.5, Diff: 0.2]
      [Ext Root Scanning (ms): Min: 1.4, Avg: 2.3, Max: 6.0, Diff: 4.5, Sum: 18.2]
      [Update RS (ms): Min: 0.0, Avg: 0.3, Max: 0.7, Diff: 0.7, Sum: 2.7]
         [Processed Buffers: Min: 0, Avg: 21.9, Max: 48, Diff: 48, Sum: 175]
      [Scan RS (ms): Min: 0.0, Avg: 0.1, Max: 0.2, Diff: 0.1, Sum: 0.6]
      [Code Root Scanning (ms): Min: 0.0, Avg: 0.0, Max: 0.0, Diff: 0.0, Sum: 0.0]
      [Object Copy (ms): Min: 0.0, Avg: 0.6, Max: 0.9, Diff: 0.9, Sum: 4.9]
      [Termination (ms): Min: 0.0, Avg: 2.6, Max: 3.0, Diff: 3.0, Sum: 21.0]
         [Termination Attempts: Min: 1, Avg: 2.2, Max: 4, Diff: 3, Sum: 18]
      [GC Worker Other (ms): Min: 0.0, Avg: 0.0, Max: 0.0, Diff: 0.0, Sum: 0.2]
      [GC Worker Total (ms): Min: 5.9, Avg: 6.0, Max: 6.1, Diff: 0.2, Sum: 47.6]
      [GC Worker End (ms): Min: 398118123.4, Avg: 398118123.4, Max: 398118123.4, Diff: 0.0]
   [Code Root Fixup: 0.0 ms]
   [Code Root Purge: 0.0 ms]
   [Clear CT: 0.7 ms]
   [Other: 4.3 ms]
      [Choose CSet: 0.0 ms]
      [Ref Proc: 3.6 ms]
      [Ref Enq: 0.1 ms]
      [Redirty Cards: 0.1 ms]
      [Humongous Register: 0.1 ms]
      [Humongous Reclaim: 0.0 ms]
      [Free CSet: 0.3 ms]
   [Eden: 7152.0M(7152.0M)->0.0B(7152.0M) Survivors: 16384.0K->16384.0K Heap: 10404.1M(14336.0M)->3252.0M(14336.0M)]
 [Times: user=0.07 sys=0.00, real=0.02 secs] 
2022-07-26T12:02:21.913-0700: 399113.418: [GC pause (G1 Evacuation Pause) (young), 0.0113644 secs]
   [Parallel Time: 6.1 ms, GC Workers: 8]
      [GC Worker Start (ms): Min: 399113418.1, Avg: 399113418.2, Max: 399113418.2, Diff: 0.1]
      [Ext Root Scanning (ms): Min: 1.3, Avg: 2.2, Max: 5.9, Diff: 4.6, Sum: 17.3]
      [Update RS (ms): Min: 0.0, Avg: 0.4, Max: 0.8, Diff: 0.8, Sum: 2.9]
         [Processed Buffers: Min: 0, Avg: 20.9, Max: 59, Diff: 59, Sum: 167]
      [Scan RS (ms): Min: 0.0, Avg: 0.1, Max: 0.2, Diff: 0.1, Sum: 0.7]
      [Code Root Scanning (ms): Min: 0.0, Avg: 0.0, Max: 0.0, Diff: 0.0, Sum: 0.0]
      [Object Copy (ms): Min: 0.0, Avg: 0.6, Max: 0.9, Diff: 0.9, Sum: 4.7]
      [Termination (ms): Min: 0.0, Avg: 2.7, Max: 3.1, Diff: 3.1, Sum: 21.7]
         [Termination Attempts: Min: 1, Avg: 3.4, Max: 7, Diff: 6, Sum: 27]
      [GC Worker Other (ms): Min: 0.0, Avg: 0.0, Max: 0.0, Diff: 0.0, Sum: 0.1]
      [GC Worker Total (ms): Min: 5.9, Avg: 5.9, Max: 6.0, Diff: 0.1, Sum: 47.5]
      [GC Worker End (ms): Min: 399113424.1, Avg: 399113424.1, Max: 399113424.1, Diff: 0.0]
   [Code Root Fixup: 0.0 ms]
   [Code Root Purge: 0.0 ms]
   [Clear CT: 0.6 ms]
   [Other: 4.7 ms]
      [Choose CSet: 0.0 ms]
      [Ref Proc: 3.7 ms]
      [Ref Enq: 0.3 ms]
      [Redirty Cards: 0.2 ms]
      [Humongous Register: 0.1 ms]
      [Humongous Reclaim: 0.0 ms]
      [Free CSet: 0.3 ms]
   [Eden: 7152.0M(7152.0M)->0.0B(7152.0M) Survivors: 16384.0K->16384.0K Heap: 10404.0M(14336.0M)->3252.0M(14336.0M)]
 [Times: user=0.06 sys=0.00, real=0.02 secs] 
2022-07-26T12:14:55.241-0700: 399866.746: [GC pause (G1 Humongous Allocation) (young) (initial-mark), 0.0144109 secs]
   [Parallel Time: 9.2 ms, GC Workers: 8]
      [GC Worker Start (ms): Min: 399866748.1, Avg: 399866748.3, Max: 399866748.3, Diff: 0.2]
      [Ext Root Scanning (ms): Min: 5.4, Avg: 5.6, Max: 5.7, Diff: 0.3, Sum: 44.5]
      [Update RS (ms): Min: 0.2, Avg: 0.3, Max: 0.7, Diff: 0.5, Sum: 2.6]
         [Processed Buffers: Min: 1, Avg: 18.5, Max: 63, Diff: 62, Sum: 148]
      [Scan RS (ms): Min: 0.0, Avg: 0.1, Max: 0.1, Diff: 0.1, Sum: 0.4]
      [Code Root Scanning (ms): Min: 0.0, Avg: 0.0, Max: 0.0, Diff: 0.0, Sum: 0.0]
      [Object Copy (ms): Min: 0.3, Avg: 0.5, Max: 0.7, Diff: 0.4, Sum: 4.3]
      [Termination (ms): Min: 0.0, Avg: 0.1, Max: 0.1, Diff: 0.1, Sum: 0.5]
         [Termination Attempts: Min: 1, Avg: 1.0, Max: 1, Diff: 0, Sum: 8]
      [GC Worker Other (ms): Min: 0.0, Avg: 0.0, Max: 0.1, Diff: 0.0, Sum: 0.2]
      [GC Worker Total (ms): Min: 6.5, Avg: 6.6, Max: 6.7, Diff: 0.2, Sum: 52.6]
      [GC Worker End (ms): Min: 399866754.8, Avg: 399866754.8, Max: 399866754.9, Diff: 0.1]
   [Code Root Fixup: 0.0 ms]
   [Code Root Purge: 0.0 ms]
   [Clear CT: 0.4 ms]
   [Other: 4.7 ms]
      [Choose CSet: 0.0 ms]
      [Ref Proc: 4.1 ms]
      [Ref Enq: 0.1 ms]
      [Redirty Cards: 0.1 ms]
      [Humongous Register: 0.0 ms]
      [Humongous Reclaim: 0.0 ms]
      [Free CSet: 0.2 ms]
   [Eden: 5440.0M(7152.0M)->0.0B(7152.0M) Survivors: 16384.0K->16384.0K Heap: 8689.1M(14336.0M)->3254.3M(14336.0M)]
 [Times: user=0.06 sys=0.00, real=0.02 secs] 
2022-07-26T12:14:55.256-0700: 399866.760: [GC concurrent-root-region-scan-start]
2022-07-26T12:14:55.261-0700: 399866.766: [GC concurrent-root-region-scan-end, 0.0054812 secs]
2022-07-26T12:14:55.261-0700: 399866.766: [GC concurrent-mark-start]
2022-07-26T12:14:57.717-0700: 399869.222: [GC concurrent-mark-end, 2.4562022 secs]
2022-07-26T12:14:57.718-0700: 399869.222: [GC remark 2022-07-26T12:14:57.718-0700: 399869.222: [Finalize Marking, 0.0007552 secs] 2022-07-26T12:14:57.718-0700: 399869.223: [GC ref-proc, 0.0088383 secs] 2022-07-26T12:14:57.727-0700: 399869.232: [Unloading, 0.0274378 secs], 0.0423350 secs]
 [Times: user=0.25 sys=0.00, real=0.04 secs] 
2022-07-26T12:14:57.760-0700: 399869.265: [GC cleanup 3342M->3342M(14336M), 0.0083424 secs]
 [Times: user=0.06 sys=0.00, real=0.01 secs] 
2022-07-26T12:16:21.269-0700: 399952.773: [GC pause (GCLocker Initiated GC) (young), 0.0577726 secs]
   [Parallel Time: 54.2 ms, GC Workers: 8]
      [GC Worker Start (ms): Min: 399952773.6, Avg: 399952773.7, Max: 399952773.7, Diff: 0.1]
      [Ext Root Scanning (ms): Min: 1.0, Avg: 1.8, Max: 6.3, Diff: 5.3, Sum: 14.8]
      [Update RS (ms): Min: 0.0, Avg: 1.8, Max: 2.4, Diff: 2.4, Sum: 14.5]
         [Processed Buffers: Min: 0, Avg: 20.6, Max: 34, Diff: 34, Sum: 165]
      [Scan RS (ms): Min: 0.0, Avg: 0.1, Max: 0.1, Diff: 0.1, Sum: 0.5]
      [Code Root Scanning (ms): Min: 0.0, Avg: 0.0, Max: 0.0, Diff: 0.0, Sum: 0.0]
      [Object Copy (ms): Min: 47.6, Avg: 50.2, Max: 50.6, Diff: 3.1, Sum: 401.4]
      [Termination (ms): Min: 0.0, Avg: 0.0, Max: 0.0, Diff: 0.0, Sum: 0.0]
         [Termination Attempts: Min: 1, Avg: 2.0, Max: 3, Diff: 2, Sum: 16]
      [GC Worker Other (ms): Min: 0.0, Avg: 0.0, Max: 0.1, Diff: 0.0, Sum: 0.3]
      [GC Worker Total (ms): Min: 53.9, Avg: 53.9, Max: 54.0, Diff: 0.1, Sum: 431.5]
      [GC Worker End (ms): Min: 399952827.6, Avg: 399952827.6, Max: 399952827.6, Diff: 0.0]
   [Code Root Fixup: 0.0 ms]
   [Code Root Purge: 0.0 ms]
   [Clear CT: 0.8 ms]
   [Other: 2.8 ms]
      [Choose CSet: 0.0 ms]
      [Ref Proc: 2.2 ms]
      [Ref Enq: 0.1 ms]
      [Redirty Cards: 0.1 ms]
      [Humongous Register: 0.1 ms]
      [Humongous Reclaim: 0.0 ms]
      [Free CSet: 0.3 ms]
   [Eden: 7152.0M(7152.0M)->0.0B(6976.0M) Survivors: 16384.0K->192.0M Heap: 10422.3M(14336.0M)->3453.2M(14336.0M)]
 [Times: user=0.44 sys=0.00, real=0.06 secs] 
2022-07-26T12:18:05.312-0700: 400056.817: [GC pause (G1 Evacuation Pause) (young), 0.0679630 secs]
   [Parallel Time: 62.9 ms, GC Workers: 8]
      [GC Worker Start (ms): Min: 400056817.0, Avg: 400056817.0, Max: 400056817.1, Diff: 0.1]
      [Ext Root Scanning (ms): Min: 1.1, Avg: 2.0, Max: 6.9, Diff: 5.8, Sum: 15.7]
      [Update RS (ms): Min: 0.0, Avg: 1.2, Max: 1.7, Diff: 1.7, Sum: 9.3]
         [Processed Buffers: Min: 0, Avg: 4.9, Max: 14, Diff: 14, Sum: 39]
      [Scan RS (ms): Min: 0.0, Avg: 0.1, Max: 0.1, Diff: 0.1, Sum: 0.5]
      [Code Root Scanning (ms): Min: 0.0, Avg: 0.0, Max: 0.0, Diff: 0.0, Sum: 0.0]
      [Object Copy (ms): Min: 55.1, Avg: 58.9, Max: 59.9, Diff: 4.9, Sum: 471.0]
      [Termination (ms): Min: 0.0, Avg: 0.4, Max: 0.5, Diff: 0.5, Sum: 3.4]
         [Termination Attempts: Min: 1, Avg: 1.9, Max: 4, Diff: 3, Sum: 15]
      [GC Worker Other (ms): Min: 0.0, Avg: 0.0, Max: 0.0, Diff: 0.0, Sum: 0.2]
      [GC Worker Total (ms): Min: 62.5, Avg: 62.5, Max: 62.6, Diff: 0.1, Sum: 500.1]
      [GC Worker End (ms): Min: 400056879.5, Avg: 400056879.5, Max: 400056879.6, Diff: 0.0]
   [Code Root Fixup: 0.0 ms]
   [Code Root Purge: 0.0 ms]
   [Clear CT: 0.8 ms]
   [Other: 4.2 ms]
      [Choose CSet: 0.0 ms]
      [Ref Proc: 3.5 ms]
      [Ref Enq: 0.1 ms]
      [Redirty Cards: 0.2 ms]
      [Humongous Register: 0.0 ms]
      [Humongous Reclaim: 0.0 ms]
      [Free CSet: 0.3 ms]
   [Eden: 6976.0M(6976.0M)->0.0B(7040.0M) Survivors: 192.0M->128.0M Heap: 10429.2M(14336.0M)->3573.4M(14336.0M)]
 [Times: user=0.44 sys=0.00, real=0.08 secs] 
2022-07-26T12:19:53.315-0700: 400164.819: [GC pause (GCLocker Initiated GC) (young) (initial-mark), 0.0311633 secs]
   [Parallel Time: 27.9 ms, GC Workers: 8]
      [GC Worker Start (ms): Min: 400164821.6, Avg: 400164821.7, Max: 400164821.7, Diff: 0.2]
      [Ext Root Scanning (ms): Min: 4.9, Avg: 5.4, Max: 5.9, Diff: 1.0, Sum: 43.1]
      [Update RS (ms): Min: 14.6, Avg: 14.7, Max: 14.9, Diff: 0.3, Sum: 117.6]
         [Processed Buffers: Min: 33, Avg: 36.6, Max: 41, Diff: 8, Sum: 293]
      [Scan RS (ms): Min: 0.2, Avg: 0.4, Max: 0.5, Diff: 0.3, Sum: 3.3]
      [Code Root Scanning (ms): Min: 0.0, Avg: 0.0, Max: 0.0, Diff: 0.0, Sum: 0.1]
      [Object Copy (ms): Min: 4.5, Avg: 5.1, Max: 5.5, Diff: 1.0, Sum: 40.7]
      [Termination (ms): Min: 0.0, Avg: 0.0, Max: 0.0, Diff: 0.0, Sum: 0.0]
         [Termination Attempts: Min: 1, Avg: 1.0, Max: 1, Diff: 0, Sum: 8]
      [GC Worker Other (ms): Min: 0.0, Avg: 0.1, Max: 0.1, Diff: 0.1, Sum: 0.4]
      [GC Worker Total (ms): Min: 25.6, Avg: 25.6, Max: 25.7, Diff: 0.2, Sum: 205.1]
      [GC Worker End (ms): Min: 400164847.3, Avg: 400164847.3, Max: 400164847.3, Diff: 0.1]
   [Code Root Fixup: 0.0 ms]
   [Code Root Purge: 0.0 ms]
   [Clear CT: 0.7 ms]
   [Other: 2.6 ms]
      [Choose CSet: 0.0 ms]
      [Ref Proc: 1.8 ms]
      [Ref Enq: 0.1 ms]
      [Redirty Cards: 0.1 ms]
      [Humongous Register: 0.0 ms]
      [Humongous Reclaim: 0.0 ms]
      [Free CSet: 0.3 ms]
   [Eden: 7056.0M(7040.0M)->0.0B(7072.0M) Survivors: 128.0M->98304.0K Heap: 10616.7M(14336.0M)->3604.6M(14336.0M)]
 [Times: user=0.21 sys=0.00, real=0.04 secs] 
2022-07-26T12:19:53.346-0700: 400164.851: [GC concurrent-root-region-scan-start]
2022-07-26T12:19:53.353-0700: 400164.858: [GC concurrent-root-region-scan-end, 0.0069615 secs]
2022-07-26T12:19:53.353-0700: 400164.858: [GC concurrent-mark-start]
2022-07-26T12:19:56.026-0700: 400167.530: [GC concurrent-mark-end, 2.6727280 secs]
2022-07-26T12:19:56.026-0700: 400167.531: [GC remark 2022-07-26T12:19:56.026-0700: 400167.531: [Finalize Marking, 0.0003160 secs] 2022-07-26T12:19:56.026-0700: 400167.531: [GC ref-proc, 0.0112677 secs] 2022-07-26T12:19:56.038-0700: 400167.542: [Unloading, 0.0275061 secs], 0.0445613 secs]
 [Times: user=0.26 sys=0.00, real=0.04 secs] 
2022-07-26T12:19:56.071-0700: 400167.576: [GC cleanup 3778M->3778M(14336M), 0.0079597 secs]
 [Times: user=0.06 sys=0.00, real=0.01 secs] 
2022-07-26T12:20:40.646-0700: 400212.150: [GC pause (G1 Evacuation Pause) (young), 0.0397318 secs]
   [Parallel Time: 35.8 ms, GC Workers: 8]
      [GC Worker Start (ms): Min: 400212150.6, Avg: 400212150.7, Max: 400212150.8, Diff: 0.2]
      [Ext Root Scanning (ms): Min: 0.9, Avg: 1.7, Max: 5.4, Diff: 4.5, Sum: 13.2]
      [Update RS (ms): Min: 9.0, Avg: 12.5, Max: 13.5, Diff: 4.5, Sum: 100.3]
         [Processed Buffers: Min: 34, Avg: 43.5, Max: 46, Diff: 12, Sum: 348]
      [Scan RS (ms): Min: 9.1, Avg: 9.4, Max: 9.4, Diff: 0.4, Sum: 74.8]
      [Code Root Scanning (ms): Min: 0.0, Avg: 0.0, Max: 0.0, Diff: 0.0, Sum: 0.1]
      [Object Copy (ms): Min: 11.6, Avg: 11.8, Max: 11.9, Diff: 0.3, Sum: 94.7]
      [Termination (ms): Min: 0.0, Avg: 0.0, Max: 0.0, Diff: 0.0, Sum: 0.0]
         [Termination Attempts: Min: 1, Avg: 23.8, Max: 34, Diff: 33, Sum: 190]
      [GC Worker Other (ms): Min: 0.0, Avg: 0.1, Max: 0.1, Diff: 0.1, Sum: 0.5]
      [GC Worker Total (ms): Min: 35.3, Avg: 35.5, Max: 35.5, Diff: 0.2, Sum: 283.7]
      [GC Worker End (ms): Min: 400212186.1, Avg: 400212186.1, Max: 400212186.2, Diff: 0.1]
   [Code Root Fixup: 0.0 ms]
   [Code Root Purge: 0.0 ms]
   [Clear CT: 0.8 ms]
   [Other: 3.1 ms]
      [Choose CSet: 0.0 ms]
      [Ref Proc: 2.2 ms]
      [Ref Enq: 0.1 ms]
      [Redirty Cards: 0.2 ms]
      [Humongous Register: 0.1 ms]
      [Humongous Reclaim: 0.0 ms]
      [Free CSet: 0.3 ms]
   [Eden: 7072.0M(7072.0M)->0.0B(5680.0M) Survivors: 98304.0K->49152.0K Heap: 10676.6M(14336.0M)->3597.3M(14336.0M)]
 [Times: user=0.30 sys=0.00, real=0.04 secs] 
2022-07-26T12:20:49.146-0700: 400220.650: [GC pause (G1 Evacuation Pause) (mixed), 0.0461548 secs]
   [Parallel Time: 43.0 ms, GC Workers: 8]
      [GC Worker Start (ms): Min: 400220650.4, Avg: 400220650.5, Max: 400220650.5, Diff: 0.1]
      [Ext Root Scanning (ms): Min: 1.0, Avg: 1.8, Max: 6.0, Diff: 5.0, Sum: 14.8]
      [Update RS (ms): Min: 1.9, Avg: 6.0, Max: 7.0, Diff: 5.1, Sum: 47.9]
         [Processed Buffers: Min: 18, Avg: 28.5, Max: 31, Diff: 13, Sum: 228]
      [Scan RS (ms): Min: 13.5, Avg: 13.8, Max: 14.0, Diff: 0.5, Sum: 110.6]
      [Code Root Scanning (ms): Min: 0.0, Avg: 0.0, Max: 0.2, Diff: 0.2, Sum: 0.2]
      [Object Copy (ms): Min: 20.8, Avg: 21.1, Max: 21.2, Diff: 0.4, Sum: 168.8]
      [Termination (ms): Min: 0.0, Avg: 0.0, Max: 0.0, Diff: 0.0, Sum: 0.0]
         [Termination Attempts: Min: 1, Avg: 1.0, Max: 1, Diff: 0, Sum: 8]
      [GC Worker Other (ms): Min: 0.0, Avg: 0.1, Max: 0.1, Diff: 0.1, Sum: 0.5]
      [GC Worker Total (ms): Min: 42.8, Avg: 42.9, Max: 42.9, Diff: 0.1, Sum: 342.9]
      [GC Worker End (ms): Min: 400220693.3, Avg: 400220693.3, Max: 400220693.4, Diff: 0.1]
   [Code Root Fixup: 0.0 ms]
   [Code Root Purge: 0.0 ms]
   [Clear CT: 0.9 ms]
   [Other: 2.3 ms]
      [Choose CSet: 0.0 ms]
      [Ref Proc: 1.4 ms]
      [Ref Enq: 0.1 ms]
      [Redirty Cards: 0.3 ms]
      [Humongous Register: 0.0 ms]
      [Humongous Reclaim: 0.0 ms]
      [Free CSet: 0.3 ms]
   [Eden: 5680.0M(5680.0M)->0.0B(7088.0M) Survivors: 49152.0K->81920.0K Heap: 9277.3M(14336.0M)->3562.0M(14336.0M)]
 [Times: user=0.35 sys=0.00, real=0.04 secs] 
2022-07-26T12:21:10.916-0700: 400242.420: [GC pause (G1 Evacuation Pause) (young), 0.0302117 secs]
   [Parallel Time: 27.2 ms, GC Workers: 8]
      [GC Worker Start (ms): Min: 400242420.5, Avg: 400242420.6, Max: 400242420.6, Diff: 0.1]
      [Ext Root Scanning (ms): Min: 1.4, Avg: 2.3, Max: 5.8, Diff: 4.3, Sum: 18.7]
      [Update RS (ms): Min: 7.8, Avg: 10.5, Max: 11.3, Diff: 3.5, Sum: 84.3]
         [Processed Buffers: Min: 23, Avg: 31.5, Max: 38, Diff: 15, Sum: 252]
      [Scan RS (ms): Min: 0.0, Avg: 0.1, Max: 0.2, Diff: 0.2, Sum: 0.6]
      [Code Root Scanning (ms): Min: 0.0, Avg: 0.0, Max: 0.0, Diff: 0.0, Sum: 0.0]
      [Object Copy (ms): Min: 13.5, Avg: 14.0, Max: 14.2, Diff: 0.7, Sum: 112.2]
      [Termination (ms): Min: 0.0, Avg: 0.0, Max: 0.0, Diff: 0.0, Sum: 0.0]
         [Termination Attempts: Min: 1, Avg: 1.2, Max: 2, Diff: 1, Sum: 10]
      [GC Worker Other (ms): Min: 0.0, Avg: 0.0, Max: 0.1, Diff: 0.1, Sum: 0.4]
      [GC Worker Total (ms): Min: 26.9, Avg: 27.0, Max: 27.1, Diff: 0.2, Sum: 216.3]
      [GC Worker End (ms): Min: 400242447.6, Avg: 400242447.6, Max: 400242447.6, Diff: 0.1]
   [Code Root Fixup: 0.0 ms]
   [Code Root Purge: 0.0 ms]
   [Clear CT: 0.7 ms]
   [Other: 2.3 ms]
      [Choose CSet: 0.0 ms]
      [Ref Proc: 1.6 ms]
      [Ref Enq: 0.1 ms]
      [Redirty Cards: 0.1 ms]
      [Humongous Register: 0.0 ms]
      [Humongous Reclaim: 0.0 ms]
      [Free CSet: 0.3 ms]
   [Eden: 7088.0M(7088.0M)->0.0B(7104.0M) Survivors: 81920.0K->65536.0K Heap: 10650.0M(14336.0M)->3591.4M(14336.0M)]
 [Times: user=0.23 sys=0.00, real=0.03 secs] 
2022-07-26T12:23:01.022-0700: 400352.526: [GC pause (G1 Evacuation Pause) (young) (initial-mark), 0.0546889 secs]
   [Parallel Time: 50.4 ms, GC Workers: 8]
      [GC Worker Start (ms): Min: 400352528.7, Avg: 400352528.7, Max: 400352528.8, Diff: 0.2]
      [Ext Root Scanning (ms): Min: 5.3, Avg: 5.5, Max: 5.7, Diff: 0.3, Sum: 44.2]
      [Update RS (ms): Min: 8.6, Avg: 8.8, Max: 9.0, Diff: 0.3, Sum: 70.3]
         [Processed Buffers: Min: 19, Avg: 22.9, Max: 28, Diff: 9, Sum: 183]
      [Scan RS (ms): Min: 0.0, Avg: 0.0, Max: 0.1, Diff: 0.1, Sum: 0.4]
      [Code Root Scanning (ms): Min: 0.0, Avg: 0.0, Max: 0.0, Diff: 0.0, Sum: 0.0]
      [Object Copy (ms): Min: 33.4, Avg: 33.7, Max: 33.8, Diff: 0.5, Sum: 269.3]
      [Termination (ms): Min: 0.0, Avg: 0.0, Max: 0.0, Diff: 0.0, Sum: 0.0]
         [Termination Attempts: Min: 1, Avg: 1.0, Max: 1, Diff: 0, Sum: 8]
      [GC Worker Other (ms): Min: 0.0, Avg: 0.1, Max: 0.2, Diff: 0.1, Sum: 0.6]
      [GC Worker Total (ms): Min: 48.0, Avg: 48.1, Max: 48.2, Diff: 0.3, Sum: 384.9]
      [GC Worker End (ms): Min: 400352576.8, Avg: 400352576.9, Max: 400352576.9, Diff: 0.1]
   [Code Root Fixup: 0.0 ms]
   [Code Root Purge: 0.0 ms]
   [Clear CT: 0.7 ms]
   [Other: 3.6 ms]
      [Choose CSet: 0.0 ms]
      [Ref Proc: 2.9 ms]
      [Ref Enq: 0.1 ms]
      [Redirty Cards: 0.1 ms]
      [Humongous Register: 0.0 ms]
      [Humongous Reclaim: 0.0 ms]
      [Free CSet: 0.3 ms]
   [Eden: 7104.0M(7104.0M)->0.0B(6960.0M) Survivors: 65536.0K->208.0M Heap: 10695.4M(14336.0M)->3782.1M(14336.0M)]
 [Times: user=0.39 sys=0.00, real=0.06 secs] 
2022-07-26T12:23:01.077-0700: 400352.581: [GC concurrent-root-region-scan-start]
2022-07-26T12:23:01.111-0700: 400352.616: [GC concurrent-root-region-scan-end, 0.0344640 secs]
2022-07-26T12:23:01.111-0700: 400352.616: [GC concurrent-mark-start]
2022-07-26T12:23:03.580-0700: 400355.084: [GC concurrent-mark-end, 2.4687007 secs]
2022-07-26T12:23:03.580-0700: 400355.085: [GC remark 2022-07-26T12:23:03.580-0700: 400355.085: [Finalize Marking, 0.0002267 secs] 2022-07-26T12:23:03.585-0700: 400355.090: [GC ref-proc, 0.0086429 secs] 2022-07-26T12:23:03.594-0700: 400355.098: [Unloading, 0.0297200 secs], 0.0489181 secs]
 [Times: user=0.26 sys=0.00, real=0.05 secs] 
2022-07-26T12:23:03.629-0700: 400355.134: [GC cleanup 3926M->3910M(14336M), 0.0087851 secs]
 [Times: user=0.06 sys=0.00, real=0.01 secs] 
2022-07-26T12:23:03.638-0700: 400355.143: [GC concurrent-cleanup-start]
2022-07-26T12:23:03.638-0700: 400355.143: [GC concurrent-cleanup-end, 0.0000193 secs]
2022-07-26T12:25:17.422-0700: 400488.927: [GC pause (G1 Evacuation Pause) (young), 0.0475158 secs]
   [Parallel Time: 43.2 ms, GC Workers: 8]
      [GC Worker Start (ms): Min: 400488926.7, Avg: 400488926.8, Max: 400488926.8, Diff: 0.2]
      [Ext Root Scanning (ms): Min: 1.1, Avg: 1.8, Max: 5.1, Diff: 4.0, Sum: 14.8]
      [Update RS (ms): Min: 8.9, Avg: 11.6, Max: 12.3, Diff: 3.3, Sum: 93.1]
         [Processed Buffers: Min: 23, Avg: 32.9, Max: 45, Diff: 22, Sum: 263]
      [Scan RS (ms): Min: 0.0, Avg: 0.0, Max: 0.1, Diff: 0.1, Sum: 0.4]
      [Code Root Scanning (ms): Min: 0.0, Avg: 0.0, Max: 0.0, Diff: 0.0, Sum: 0.0]
      [Object Copy (ms): Min: 28.8, Avg: 29.2, Max: 29.4, Diff: 0.6, Sum: 233.8]
      [Termination (ms): Min: 0.0, Avg: 0.0, Max: 0.0, Diff: 0.0, Sum: 0.1]
         [Termination Attempts: Min: 1, Avg: 1.0, Max: 1, Diff: 0, Sum: 8]
      [GC Worker Other (ms): Min: 0.0, Avg: 0.1, Max: 0.1, Diff: 0.1, Sum: 0.4]
      [GC Worker Total (ms): Min: 42.7, Avg: 42.8, Max: 42.9, Diff: 0.2, Sum: 342.6]
      [GC Worker End (ms): Min: 400488969.6, Avg: 400488969.6, Max: 400488969.7, Diff: 0.1]
   [Code Root Fixup: 0.0 ms]
   [Code Root Purge: 0.0 ms]
   [Clear CT: 0.7 ms]
   [Other: 3.6 ms]
      [Choose CSet: 0.0 ms]
      [Ref Proc: 2.8 ms]
      [Ref Enq: 0.1 ms]
      [Redirty Cards: 0.2 ms]
      [Humongous Register: 0.0 ms]
      [Humongous Reclaim: 0.0 ms]
      [Free CSet: 0.3 ms]
   [Eden: 6960.0M(6960.0M)->0.0B(5600.0M) Survivors: 208.0M->128.0M Heap: 10726.1M(14336.0M)->3824.7M(14336.0M)]
 [Times: user=0.35 sys=0.00, real=0.05 secs] 
2022-07-26T12:26:59.463-0700: 400590.968: [GC pause (G1 Evacuation Pause) (mixed), 0.0519543 secs]
   [Parallel Time: 47.9 ms, GC Workers: 8]
      [GC Worker Start (ms): Min: 400590968.4, Avg: 400590968.4, Max: 400590968.5, Diff: 0.2]
      [Ext Root Scanning (ms): Min: 1.3, Avg: 2.2, Max: 6.9, Diff: 5.7, Sum: 17.5]
      [Update RS (ms): Min: 11.3, Avg: 15.6, Max: 16.5, Diff: 5.2, Sum: 125.1]
         [Processed Buffers: Min: 25, Avg: 31.8, Max: 39, Diff: 14, Sum: 254]
      [Scan RS (ms): Min: 2.0, Avg: 2.1, Max: 2.2, Diff: 0.2, Sum: 16.8]
      [Code Root Scanning (ms): Min: 0.0, Avg: 0.0, Max: 0.2, Diff: 0.2, Sum: 0.2]
      [Object Copy (ms): Min: 27.2, Avg: 27.5, Max: 27.7, Diff: 0.4, Sum: 219.9]
      [Termination (ms): Min: 0.0, Avg: 0.0, Max: 0.0, Diff: 0.0, Sum: 0.1]
         [Termination Attempts: Min: 1, Avg: 30.2, Max: 40, Diff: 39, Sum: 242]
      [GC Worker Other (ms): Min: 0.0, Avg: 0.0, Max: 0.1, Diff: 0.1, Sum: 0.4]
      [GC Worker Total (ms): Min: 47.4, Avg: 47.5, Max: 47.6, Diff: 0.2, Sum: 379.9]
      [GC Worker End (ms): Min: 400591015.9, Avg: 400591015.9, Max: 400591015.9, Diff: 0.0]
   [Code Root Fixup: 0.0 ms]
   [Code Root Purge: 0.0 ms]
   [Clear CT: 0.9 ms]
   [Other: 3.2 ms]
      [Choose CSet: 0.1 ms]
      [Ref Proc: 2.3 ms]
      [Ref Enq: 0.1 ms]
      [Redirty Cards: 0.2 ms]
      [Humongous Register: 0.1 ms]
      [Humongous Reclaim: 0.0 ms]
      [Free CSet: 0.3 ms]
   [Eden: 5600.0M(5600.0M)->0.0B(7072.0M) Survivors: 128.0M->98304.0K Heap: 9424.7M(14336.0M)->3601.8M(14336.0M)]
 [Times: user=0.39 sys=0.00, real=0.05 secs] 
2022-07-26T12:29:16.111-0700: 400727.615: [GC pause (G1 Evacuation Pause) (young), 0.0450966 secs]
   [Parallel Time: 41.0 ms, GC Workers: 8]
      [GC Worker Start (ms): Min: 400727615.5, Avg: 400727615.5, Max: 400727615.6, Diff: 0.2]
      [Ext Root Scanning (ms): Min: 1.6, Avg: 2.5, Max: 6.3, Diff: 4.7, Sum: 20.0]
      [Update RS (ms): Min: 14.7, Avg: 17.6, Max: 18.3, Diff: 3.7, Sum: 141.1]
         [Processed Buffers: Min: 23, Avg: 27.5, Max: 30, Diff: 7, Sum: 220]
      [Scan RS (ms): Min: 0.1, Avg: 0.6, Max: 0.7, Diff: 0.5, Sum: 4.4]
      [Code Root Scanning (ms): Min: 0.0, Avg: 0.0, Max: 0.0, Diff: 0.0, Sum: 0.0]
      [Object Copy (ms): Min: 19.4, Avg: 19.8, Max: 20.1, Diff: 0.6, Sum: 158.5]
      [Termination (ms): Min: 0.0, Avg: 0.0, Max: 0.0, Diff: 0.0, Sum: 0.0]
         [Termination Attempts: Min: 1, Avg: 1.5, Max: 2, Diff: 1, Sum: 12]
      [GC Worker Other (ms): Min: 0.0, Avg: 0.1, Max: 0.2, Diff: 0.2, Sum: 0.9]
      [GC Worker Total (ms): Min: 40.5, Avg: 40.6, Max: 40.8, Diff: 0.3, Sum: 325.0]
      [GC Worker End (ms): Min: 400727656.1, Avg: 400727656.2, Max: 400727656.3, Diff: 0.2]
   [Code Root Fixup: 0.0 ms]
   [Code Root Purge: 0.0 ms]
   [Clear CT: 0.7 ms]
   [Other: 3.4 ms]
      [Choose CSet: 0.0 ms]
      [Ref Proc: 2.6 ms]
      [Ref Enq: 0.1 ms]
      [Redirty Cards: 0.1 ms]
      [Humongous Register: 0.1 ms]
      [Humongous Reclaim: 0.0 ms]
      [Free CSet: 0.3 ms]
   [Eden: 7072.0M(7072.0M)->0.0B(7072.0M) Survivors: 98304.0K->98304.0K Heap: 10673.8M(14336.0M)->3665.9M(14336.0M)]
 [Times: user=0.33 sys=0.00, real=0.05 secs] 
2022-07-26T12:31:58.415-0700: 400889.920: [GC pause (G1 Evacuation Pause) (young) (initial-mark), 0.0426826 secs]
   [Parallel Time: 39.7 ms, GC Workers: 8]
      [GC Worker Start (ms): Min: 400889921.9, Avg: 400889922.0, Max: 400889922.1, Diff: 0.2]
      [Ext Root Scanning (ms): Min: 5.5, Avg: 5.8, Max: 6.1, Diff: 0.5, Sum: 46.4]
      [Update RS (ms): Min: 11.5, Avg: 11.7, Max: 11.9, Diff: 0.4, Sum: 93.7]
         [Processed Buffers: Min: 20, Avg: 27.4, Max: 33, Diff: 13, Sum: 219]
      [Scan RS (ms): Min: 0.0, Avg: 0.1, Max: 0.1, Diff: 0.1, Sum: 0.4]
      [Code Root Scanning (ms): Min: 0.0, Avg: 0.0, Max: 0.0, Diff: 0.0, Sum: 0.0]
      [Object Copy (ms): Min: 19.3, Avg: 19.7, Max: 19.9, Diff: 0.7, Sum: 157.4]
      [Termination (ms): Min: 0.0, Avg: 0.0, Max: 0.0, Diff: 0.0, Sum: 0.0]
         [Termination Attempts: Min: 1, Avg: 2.1, Max: 4, Diff: 3, Sum: 17]
      [GC Worker Other (ms): Min: 0.0, Avg: 0.1, Max: 0.1, Diff: 0.1, Sum: 0.8]
      [GC Worker Total (ms): Min: 37.3, Avg: 37.3, Max: 37.4, Diff: 0.1, Sum: 298.6]
      [GC Worker End (ms): Min: 400889959.2, Avg: 400889959.3, Max: 400889959.4, Diff: 0.1]
   [Code Root Fixup: 0.0 ms]
   [Code Root Purge: 0.0 ms]
   [Clear CT: 0.8 ms]
   [Other: 2.3 ms]
      [Choose CSet: 0.0 ms]
      [Ref Proc: 1.5 ms]
      [Ref Enq: 0.1 ms]
      [Redirty Cards: 0.1 ms]
      [Humongous Register: 0.0 ms]
      [Humongous Reclaim: 0.0 ms]
      [Free CSet: 0.3 ms]
   [Eden: 7072.0M(7072.0M)->0.0B(7040.0M) Survivors: 98304.0K->128.0M Heap: 10737.9M(14336.0M)->3767.5M(14336.0M)]
 [Times: user=0.30 sys=0.00, real=0.04 secs] 
2022-07-26T12:31:58.458-0700: 400889.962: [GC concurrent-root-region-scan-start]
2022-07-26T12:31:58.475-0700: 400889.979: [GC concurrent-root-region-scan-end, 0.0169875 secs]
2022-07-26T12:31:58.475-0700: 400889.979: [GC concurrent-mark-start]
2022-07-26T12:32:01.054-0700: 400892.558: [GC concurrent-mark-end, 2.5789346 secs]
2022-07-26T12:32:01.054-0700: 400892.559: [GC remark 2022-07-26T12:32:01.054-0700: 400892.559: [Finalize Marking, 0.0002754 secs] 2022-07-26T12:32:01.054-0700: 400892.559: [GC ref-proc, 0.0120917 secs] 2022-07-26T12:32:01.067-0700: 400892.571: [Unloading, 0.0274173 secs], 0.0456986 secs]
 [Times: user=0.25 sys=0.00, real=0.05 secs] 
2022-07-26T12:32:01.100-0700: 400892.605: [GC cleanup 3914M->3914M(14336M), 0.0089562 secs]
 [Times: user=0.06 sys=0.00, real=0.01 secs] 
2022-07-26T12:33:49.106-0700: 401000.611: [GC pause (G1 Evacuation Pause) (young), 0.0322034 secs]
   [Parallel Time: 29.2 ms, GC Workers: 8]
      [GC Worker Start (ms): Min: 401000610.6, Avg: 401000610.7, Max: 401000610.7, Diff: 0.1]
      [Ext Root Scanning (ms): Min: 0.9, Avg: 1.5, Max: 5.0, Diff: 4.0, Sum: 12.3]
      [Update RS (ms): Min: 5.9, Avg: 9.0, Max: 9.8, Diff: 3.9, Sum: 72.1]
         [Processed Buffers: Min: 21, Avg: 26.4, Max: 33, Diff: 12, Sum: 211]
      [Scan RS (ms): Min: 0.2, Avg: 0.4, Max: 0.6, Diff: 0.4, Sum: 3.5]
      [Code Root Scanning (ms): Min: 0.0, Avg: 0.0, Max: 0.0, Diff: 0.0, Sum: 0.0]
      [Object Copy (ms): Min: 17.9, Avg: 18.0, Max: 18.1, Diff: 0.2, Sum: 144.3]
      [Termination (ms): Min: 0.0, Avg: 0.0, Max: 0.0, Diff: 0.0, Sum: 0.0]
         [Termination Attempts: Min: 2, Avg: 4.9, Max: 7, Diff: 5, Sum: 39]
      [GC Worker Other (ms): Min: 0.0, Avg: 0.0, Max: 0.1, Diff: 0.0, Sum: 0.3]
      [GC Worker Total (ms): Min: 29.0, Avg: 29.1, Max: 29.1, Diff: 0.1, Sum: 232.6]
      [GC Worker End (ms): Min: 401000639.7, Avg: 401000639.7, Max: 401000639.8, Diff: 0.0]
   [Code Root Fixup: 0.0 ms]
   [Code Root Purge: 0.0 ms]
   [Clear CT: 0.8 ms]
   [Other: 2.2 ms]
      [Choose CSet: 0.0 ms]
      [Ref Proc: 1.5 ms]
      [Ref Enq: 0.1 ms]
      [Redirty Cards: 0.1 ms]
      [Humongous Register: 0.0 ms]
      [Humongous Reclaim: 0.0 ms]
      [Free CSet: 0.3 ms]
   [Eden: 7040.0M(7040.0M)->0.0B(5632.0M) Survivors: 128.0M->98304.0K Heap: 10807.5M(14336.0M)->3781.5M(14336.0M)]
 [Times: user=0.25 sys=0.00, real=0.03 secs] 
2022-07-26T12:35:32.214-0700: 401103.719: [GC pause (G1 Evacuation Pause) (mixed), 0.0656988 secs]
   [Parallel Time: 61.5 ms, GC Workers: 8]
      [GC Worker Start (ms): Min: 401103718.9, Avg: 401103719.0, Max: 401103719.1, Diff: 0.1]
      [Ext Root Scanning (ms): Min: 1.0, Avg: 1.9, Max: 6.6, Diff: 5.6, Sum: 15.4]
      [Update RS (ms): Min: 3.2, Avg: 7.6, Max: 8.5, Diff: 5.3, Sum: 61.1]
         [Processed Buffers: Min: 9, Avg: 23.9, Max: 33, Diff: 24, Sum: 191]
      [Scan RS (ms): Min: 2.4, Avg: 2.7, Max: 4.5, Diff: 2.1, Sum: 21.9]
      [Code Root Scanning (ms): Min: 0.0, Avg: 0.0, Max: 0.0, Diff: 0.0, Sum: 0.1]
      [Object Copy (ms): Min: 47.1, Avg: 48.6, Max: 49.2, Diff: 2.0, Sum: 388.9]
      [Termination (ms): Min: 0.0, Avg: 0.3, Max: 0.5, Diff: 0.5, Sum: 2.8]
         [Termination Attempts: Min: 1, Avg: 2.0, Max: 5, Diff: 4, Sum: 16]
      [GC Worker Other (ms): Min: 0.0, Avg: 0.0, Max: 0.0, Diff: 0.0, Sum: 0.1]
      [GC Worker Total (ms): Min: 61.2, Avg: 61.3, Max: 61.4, Diff: 0.1, Sum: 490.3]
      [GC Worker End (ms): Min: 401103780.3, Avg: 401103780.3, Max: 401103780.3, Diff: 0.0]
   [Code Root Fixup: 0.0 ms]
   [Code Root Purge: 0.0 ms]
   [Clear CT: 0.9 ms]
   [Other: 3.3 ms]
      [Choose CSet: 0.1 ms]
      [Ref Proc: 2.1 ms]
      [Ref Enq: 0.1 ms]
      [Redirty Cards: 0.3 ms]
      [Humongous Register: 0.1 ms]
      [Humongous Reclaim: 0.0 ms]
      [Free CSet: 0.4 ms]
   [Eden: 5632.0M(5632.0M)->0.0B(7040.0M) Survivors: 98304.0K->128.0M Heap: 9413.5M(14336.0M)->3605.0M(14336.0M)]
 [Times: user=0.47 sys=0.00, real=0.07 secs] 
2022-07-26T12:38:05.513-0700: 401257.018: [GC pause (G1 Evacuation Pause) (young), 0.0544790 secs]
   [Parallel Time: 49.7 ms, GC Workers: 8]
      [GC Worker Start (ms): Min: 401257018.0, Avg: 401257018.1, Max: 401257018.1, Diff: 0.1]
      [Ext Root Scanning (ms): Min: 1.3, Avg: 2.0, Max: 5.5, Diff: 4.2, Sum: 16.4]
      [Update RS (ms): Min: 10.2, Avg: 13.3, Max: 14.8, Diff: 4.6, Sum: 106.1]
         [Processed Buffers: Min: 13, Avg: 29.9, Max: 38, Diff: 25, Sum: 239]
      [Scan RS (ms): Min: 0.0, Avg: 0.8, Max: 1.0, Diff: 1.0, Sum: 6.3]
      [Code Root Scanning (ms): Min: 0.0, Avg: 0.0, Max: 0.0, Diff: 0.0, Sum: 0.0]
      [Object Copy (ms): Min: 32.9, Avg: 33.2, Max: 33.4, Diff: 0.6, Sum: 265.9]
      [Termination (ms): Min: 0.0, Avg: 0.0, Max: 0.0, Diff: 0.0, Sum: 0.0]
         [Termination Attempts: Min: 1, Avg: 1.2, Max: 2, Diff: 1, Sum: 10]
      [GC Worker Other (ms): Min: 0.0, Avg: 0.1, Max: 0.2, Diff: 0.1, Sum: 0.5]
      [GC Worker Total (ms): Min: 49.3, Avg: 49.4, Max: 49.6, Diff: 0.2, Sum: 395.3]
      [GC Worker End (ms): Min: 401257067.4, Avg: 401257067.5, Max: 401257067.6, Diff: 0.1]
   [Code Root Fixup: 0.0 ms]
   [Code Root Purge: 0.0 ms]
   [Clear CT: 0.8 ms]
   [Other: 4.0 ms]
      [Choose CSet: 0.0 ms]
      [Ref Proc: 3.1 ms]
      [Ref Enq: 0.1 ms]
      [Redirty Cards: 0.1 ms]
      [Humongous Register: 0.1 ms]
      [Humongous Reclaim: 0.0 ms]
      [Free CSet: 0.3 ms]
   [Eden: 7040.0M(7040.0M)->0.0B(7040.0M) Survivors: 128.0M->128.0M Heap: 10645.0M(14336.0M)->3675.5M(14336.0M)]
 [Times: user=0.35 sys=0.00, real=0.06 secs] 
2022-07-26T12:40:43.112-0700: 401414.617: [GC pause (G1 Evacuation Pause) (young) (initial-mark), 0.0457041 secs]
   [Parallel Time: 41.2 ms, GC Workers: 8]
      [GC Worker Start (ms): Min: 401414618.7, Avg: 401414618.9, Max: 401414619.0, Diff: 0.2]
      [Ext Root Scanning (ms): Min: 6.6, Avg: 6.8, Max: 7.0, Diff: 0.4, Sum: 54.2]
      [Update RS (ms): Min: 12.8, Avg: 13.0, Max: 13.2, Diff: 0.4, Sum: 104.0]
         [Processed Buffers: Min: 22, Avg: 25.6, Max: 29, Diff: 7, Sum: 205]
      [Scan RS (ms): Min: 0.9, Avg: 1.1, Max: 1.2, Diff: 0.3, Sum: 9.1]
      [Code Root Scanning (ms): Min: 0.0, Avg: 0.0, Max: 0.0, Diff: 0.0, Sum: 0.0]
      [Object Copy (ms): Min: 17.4, Avg: 17.8, Max: 18.0, Diff: 0.6, Sum: 142.1]
      [Termination (ms): Min: 0.0, Avg: 0.0, Max: 0.0, Diff: 0.0, Sum: 0.0]
         [Termination Attempts: Min: 1, Avg: 5.5, Max: 10, Diff: 9, Sum: 44]
      [GC Worker Other (ms): Min: 0.0, Avg: 0.1, Max: 0.1, Diff: 0.1, Sum: 0.5]
      [GC Worker Total (ms): Min: 38.6, Avg: 38.7, Max: 38.9, Diff: 0.3, Sum: 309.9]
      [GC Worker End (ms): Min: 401414657.6, Avg: 401414657.6, Max: 401414657.7, Diff: 0.1]
   [Code Root Fixup: 0.0 ms]
   [Code Root Purge: 0.0 ms]
   [Clear CT: 0.8 ms]
   [Other: 3.6 ms]
      [Choose CSet: 0.0 ms]
      [Ref Proc: 2.9 ms]
      [Ref Enq: 0.1 ms]
      [Redirty Cards: 0.1 ms]
      [Humongous Register: 0.0 ms]
      [Humongous Reclaim: 0.0 ms]
      [Free CSet: 0.3 ms]
   [Eden: 7040.0M(7040.0M)->0.0B(7040.0M) Survivors: 128.0M->128.0M Heap: 10715.5M(14336.0M)->3747.3M(14336.0M)]
 [Times: user=0.31 sys=0.00, real=0.05 secs] 
2022-07-26T12:40:43.158-0700: 401414.662: [GC concurrent-root-region-scan-start]
2022-07-26T12:40:43.172-0700: 401414.677: [GC concurrent-root-region-scan-end, 0.0145516 secs]
2022-07-26T12:40:43.172-0700: 401414.677: [GC concurrent-mark-start]
2022-07-26T12:40:45.731-0700: 401417.236: [GC concurrent-mark-end, 2.5588520 secs]
2022-07-26T12:40:45.731-0700: 401417.236: [GC remark 2022-07-26T12:40:45.731-0700: 401417.236: [Finalize Marking, 0.0004065 secs] 2022-07-26T12:40:45.732-0700: 401417.237: [GC ref-proc, 0.0071097 secs] 2022-07-26T12:40:45.739-0700: 401417.244: [Unloading, 0.0271399 secs], 0.0401177 secs]
 [Times: user=0.26 sys=0.00, real=0.04 secs] 
2022-07-26T12:40:45.772-0700: 401417.277: [GC cleanup 3917M->3917M(14336M), 0.0088356 secs]
 [Times: user=0.06 sys=0.00, real=0.01 secs] 
2022-07-26T12:43:10.561-0700: 401562.066: [GC pause (G1 Evacuation Pause) (young), 0.0352807 secs]
   [Parallel Time: 30.8 ms, GC Workers: 8]
      [GC Worker Start (ms): Min: 401562065.7, Avg: 401562065.8, Max: 401562065.9, Diff: 0.2]
      [Ext Root Scanning (ms): Min: 1.2, Avg: 2.0, Max: 6.3, Diff: 5.1, Sum: 16.3]
      [Update RS (ms): Min: 7.4, Avg: 11.4, Max: 12.3, Diff: 4.8, Sum: 91.3]
         [Processed Buffers: Min: 14, Avg: 23.4, Max: 34, Diff: 20, Sum: 187]
      [Scan RS (ms): Min: 0.2, Avg: 0.5, Max: 0.6, Diff: 0.4, Sum: 3.6]
      [Code Root Scanning (ms): Min: 0.0, Avg: 0.0, Max: 0.0, Diff: 0.0, Sum: 0.0]
      [Object Copy (ms): Min: 16.2, Avg: 16.5, Max: 16.6, Diff: 0.4, Sum: 131.9]
      [Termination (ms): Min: 0.0, Avg: 0.0, Max: 0.0, Diff: 0.0, Sum: 0.0]
         [Termination Attempts: Min: 1, Avg: 1.0, Max: 1, Diff: 0, Sum: 8]
      [GC Worker Other (ms): Min: 0.0, Avg: 0.1, Max: 0.1, Diff: 0.1, Sum: 0.5]
      [GC Worker Total (ms): Min: 30.3, Avg: 30.5, Max: 30.6, Diff: 0.2, Sum: 243.6]
      [GC Worker End (ms): Min: 401562096.2, Avg: 401562096.3, Max: 401562096.3, Diff: 0.1]
   [Code Root Fixup: 0.0 ms]
   [Code Root Purge: 0.0 ms]
   [Clear CT: 0.8 ms]
   [Other: 3.6 ms]
      [Choose CSet: 0.0 ms]
      [Ref Proc: 2.9 ms]
      [Ref Enq: 0.1 ms]
      [Redirty Cards: 0.1 ms]
      [Humongous Register: 0.1 ms]
      [Humongous Reclaim: 0.0 ms]
      [Free CSet: 0.3 ms]
   [Eden: 7040.0M(7040.0M)->0.0B(5632.0M) Survivors: 128.0M->98304.0K Heap: 10787.3M(14336.0M)->3754.1M(14336.0M)]
 [Times: user=0.26 sys=0.00, real=0.04 secs] 
2022-07-26T12:44:03.021-0700: 401614.526: [GC pause (G1 Evacuation Pause) (mixed), 0.1024739 secs]
   [Parallel Time: 96.7 ms, GC Workers: 8]
      [GC Worker Start (ms): Min: 401614526.4, Avg: 401614526.4, Max: 401614526.5, Diff: 0.2]
      [Ext Root Scanning (ms): Min: 1.3, Avg: 2.2, Max: 6.1, Diff: 4.8, Sum: 17.4]
      [Update RS (ms): Min: 3.2, Avg: 6.8, Max: 7.5, Diff: 4.4, Sum: 54.1]
         [Processed Buffers: Min: 9, Avg: 19.9, Max: 30, Diff: 21, Sum: 159]
      [Scan RS (ms): Min: 4.4, Avg: 4.8, Max: 5.5, Diff: 1.1, Sum: 38.4]
      [Code Root Scanning (ms): Min: 0.0, Avg: 0.0, Max: 0.2, Diff: 0.2, Sum: 0.2]
      [Object Copy (ms): Min: 81.8, Avg: 82.4, Max: 82.7, Diff: 0.9, Sum: 659.0]
      [Termination (ms): Min: 0.0, Avg: 0.0, Max: 0.0, Diff: 0.0, Sum: 0.0]
         [Termination Attempts: Min: 1, Avg: 1.0, Max: 1, Diff: 0, Sum: 8]
      [GC Worker Other (ms): Min: 0.0, Avg: 0.1, Max: 0.1, Diff: 0.1, Sum: 0.6]
      [GC Worker Total (ms): Min: 96.1, Avg: 96.2, Max: 96.3, Diff: 0.1, Sum: 769.7]
      [GC Worker End (ms): Min: 401614622.6, Avg: 401614622.7, Max: 401614622.7, Diff: 0.1]
   [Code Root Fixup: 0.0 ms]
   [Code Root Purge: 0.0 ms]
   [Clear CT: 0.9 ms]
   [Other: 4.9 ms]
      [Choose CSet: 0.1 ms]
      [Ref Proc: 3.8 ms]
      [Ref Enq: 0.1 ms]
      [Redirty Cards: 0.3 ms]
      [Humongous Register: 0.1 ms]
      [Humongous Reclaim: 0.0 ms]
      [Free CSet: 0.4 ms]
   [Eden: 5632.0M(5632.0M)->0.0B(6976.0M) Survivors: 98304.0K->192.0M Heap: 9386.1M(14336.0M)->3678.3M(14336.0M)]
 [Times: user=0.75 sys=0.00, real=0.11 secs] 
2022-07-26T12:45:45.968-0700: 401717.473: [GC pause (G1 Evacuation Pause) (young), 0.0562520 secs]
   [Parallel Time: 52.9 ms, GC Workers: 8]
      [GC Worker Start (ms): Min: 401717472.9, Avg: 401717473.0, Max: 401717473.1, Diff: 0.2]
      [Ext Root Scanning (ms): Min: 1.1, Avg: 1.8, Max: 5.3, Diff: 4.2, Sum: 14.7]
      [Update RS (ms): Min: 4.1, Avg: 7.4, Max: 8.1, Diff: 4.0, Sum: 59.2]
         [Processed Buffers: Min: 11, Avg: 19.0, Max: 25, Diff: 14, Sum: 152]
      [Scan RS (ms): Min: 0.5, Avg: 0.7, Max: 0.9, Diff: 0.4, Sum: 5.5]
      [Code Root Scanning (ms): Min: 0.0, Avg: 0.0, Max: 0.0, Diff: 0.0, Sum: 0.0]
      [Object Copy (ms): Min: 42.4, Avg: 42.7, Max: 42.8, Diff: 0.4, Sum: 341.6]
      [Termination (ms): Min: 0.0, Avg: 0.0, Max: 0.0, Diff: 0.0, Sum: 0.0]
         [Termination Attempts: Min: 1, Avg: 16.9, Max: 21, Diff: 20, Sum: 135]
      [GC Worker Other (ms): Min: 0.0, Avg: 0.1, Max: 0.1, Diff: 0.1, Sum: 0.4]
      [GC Worker Total (ms): Min: 52.6, Avg: 52.7, Max: 52.8, Diff: 0.2, Sum: 421.5]
      [GC Worker End (ms): Min: 401717525.7, Avg: 401717525.7, Max: 401717525.7, Diff: 0.1]
   [Code Root Fixup: 0.0 ms]
   [Code Root Purge: 0.0 ms]
   [Clear CT: 0.9 ms]
   [Other: 2.4 ms]
      [Choose CSet: 0.0 ms]
      [Ref Proc: 1.5 ms]
      [Ref Enq: 0.1 ms]
      [Redirty Cards: 0.2 ms]
      [Humongous Register: 0.1 ms]
      [Humongous Reclaim: 0.0 ms]
      [Free CSet: 0.3 ms]
   [Eden: 6976.0M(6976.0M)->0.0B(7104.0M) Survivors: 192.0M->65536.0K Heap: 10654.3M(14336.0M)->3744.0M(14336.0M)]
 [Times: user=0.44 sys=0.00, real=0.06 secs] 
2022-07-26T12:47:31.611-0700: 401823.116: [GC pause (G1 Evacuation Pause) (young) (initial-mark), 0.0323067 secs]
   [Parallel Time: 27.7 ms, GC Workers: 8]
      [GC Worker Start (ms): Min: 401823118.0, Avg: 401823118.1, Max: 401823118.2, Diff: 0.2]
      [Ext Root Scanning (ms): Min: 5.8, Avg: 6.3, Max: 6.8, Diff: 1.0, Sum: 50.2]
      [Update RS (ms): Min: 15.8, Avg: 16.0, Max: 16.6, Diff: 0.8, Sum: 127.7]
         [Processed Buffers: Min: 18, Avg: 22.5, Max: 26, Diff: 8, Sum: 180]
      [Scan RS (ms): Min: 0.0, Avg: 0.4, Max: 0.5, Diff: 0.5, Sum: 3.1]
      [Code Root Scanning (ms): Min: 0.0, Avg: 0.0, Max: 0.0, Diff: 0.0, Sum: 0.0]
      [Object Copy (ms): Min: 2.0, Avg: 2.6, Max: 3.0, Diff: 1.0, Sum: 20.4]
      [Termination (ms): Min: 0.0, Avg: 0.0, Max: 0.0, Diff: 0.0, Sum: 0.0]
         [Termination Attempts: Min: 1, Avg: 2.4, Max: 3, Diff: 2, Sum: 19]
      [GC Worker Other (ms): Min: 0.0, Avg: 0.1, Max: 0.1, Diff: 0.1, Sum: 0.5]
      [GC Worker Total (ms): Min: 25.2, Avg: 25.2, Max: 25.3, Diff: 0.2, Sum: 201.9]
      [GC Worker End (ms): Min: 401823143.3, Avg: 401823143.4, Max: 401823143.4, Diff: 0.1]
   [Code Root Fixup: 0.0 ms]
   [Code Root Purge: 0.0 ms]
   [Clear CT: 0.8 ms]
   [Other: 3.8 ms]
      [Choose CSet: 0.0 ms]
      [Ref Proc: 3.1 ms]
      [Ref Enq: 0.1 ms]
      [Redirty Cards: 0.1 ms]
      [Humongous Register: 0.0 ms]
      [Humongous Reclaim: 0.0 ms]
      [Free CSet: 0.3 ms]
   [Eden: 7104.0M(7104.0M)->0.0B(7120.0M) Survivors: 65536.0K->49152.0K Heap: 10848.0M(14336.0M)->3784.2M(14336.0M)]
 [Times: user=0.21 sys=0.00, real=0.04 secs] 
2022-07-26T12:47:31.643-0700: 401823.148: [GC concurrent-root-region-scan-start]
2022-07-26T12:47:31.650-0700: 401823.155: [GC concurrent-root-region-scan-end, 0.0066925 secs]
2022-07-26T12:47:31.650-0700: 401823.155: [GC concurrent-mark-start]
2022-07-26T12:47:34.250-0700: 401825.754: [GC concurrent-mark-end, 2.5996185 secs]
2022-07-26T12:47:34.250-0700: 401825.755: [GC remark 2022-07-26T12:47:34.250-0700: 401825.755: [Finalize Marking, 0.0002583 secs] 2022-07-26T12:47:34.250-0700: 401825.755: [GC ref-proc, 0.0076983 secs] 2022-07-26T12:47:34.258-0700: 401825.763: [Unloading, 0.0270869 secs], 0.0405442 secs]
 [Times: user=0.25 sys=0.00, real=0.04 secs] 
2022-07-26T12:47:34.291-0700: 401825.796: [GC cleanup 3952M->3936M(14336M), 0.0092877 secs]
 [Times: user=0.06 sys=0.00, real=0.01 secs] 
2022-07-26T12:47:34.300-0700: 401825.805: [GC concurrent-cleanup-start]
2022-07-26T12:47:34.300-0700: 401825.805: [GC concurrent-cleanup-end, 0.0000157 secs]
2022-07-26T12:49:17.923-0700: 401929.428: [GC pause (G1 Evacuation Pause) (young), 0.0337916 secs]
   [Parallel Time: 29.3 ms, GC Workers: 8]
      [GC Worker Start (ms): Min: 401929427.9, Avg: 401929428.0, Max: 401929428.1, Diff: 0.2]
      [Ext Root Scanning (ms): Min: 1.1, Avg: 1.9, Max: 5.7, Diff: 4.5, Sum: 15.6]
      [Update RS (ms): Min: 1.9, Avg: 5.4, Max: 6.5, Diff: 4.6, Sum: 42.9]
         [Processed Buffers: Min: 4, Avg: 24.9, Max: 36, Diff: 32, Sum: 199]
      [Scan RS (ms): Min: 13.1, Avg: 13.6, Max: 14.9, Diff: 1.8, Sum: 108.8]
      [Code Root Scanning (ms): Min: 0.0, Avg: 0.0, Max: 0.0, Diff: 0.0, Sum: 0.0]
      [Object Copy (ms): Min: 6.6, Avg: 8.1, Max: 8.5, Diff: 1.9, Sum: 64.9]
      [Termination (ms): Min: 0.0, Avg: 0.0, Max: 0.0, Diff: 0.0, Sum: 0.1]
         [Termination Attempts: Min: 1, Avg: 61.6, Max: 83, Diff: 82, Sum: 493]
      [GC Worker Other (ms): Min: 0.0, Avg: 0.1, Max: 0.1, Diff: 0.1, Sum: 0.5]
      [GC Worker Total (ms): Min: 29.0, Avg: 29.1, Max: 29.2, Diff: 0.2, Sum: 232.9]
      [GC Worker End (ms): Min: 401929457.0, Avg: 401929457.1, Max: 401929457.2, Diff: 0.1]
   [Code Root Fixup: 0.0 ms]
   [Code Root Purge: 0.0 ms]
   [Clear CT: 0.8 ms]
   [Other: 3.7 ms]
      [Choose CSet: 0.0 ms]
      [Ref Proc: 2.7 ms]
      [Ref Enq: 0.1 ms]
      [Redirty Cards: 0.3 ms]
      [Humongous Register: 0.1 ms]
      [Humongous Reclaim: 0.0 ms]
      [Free CSet: 0.3 ms]
   [Eden: 7120.0M(7120.0M)->0.0B(5696.0M) Survivors: 49152.0K->32768.0K Heap: 10888.2M(14336.0M)->3798.6M(14336.0M)]
 [Times: user=0.25 sys=0.00, real=0.03 secs] 
2022-07-26T12:50:32.468-0700: 402003.972: [GC pause (G1 Evacuation Pause) (mixed), 0.0884136 secs]
   [Parallel Time: 84.1 ms, GC Workers: 8]
      [GC Worker Start (ms): Min: 402003972.6, Avg: 402003972.7, Max: 402003972.8, Diff: 0.2]
      [Ext Root Scanning (ms): Min: 1.5, Avg: 2.4, Max: 6.9, Diff: 5.5, Sum: 19.4]
      [Update RS (ms): Min: 1.0, Avg: 5.0, Max: 5.8, Diff: 4.8, Sum: 39.7]
         [Processed Buffers: Min: 5, Avg: 26.6, Max: 41, Diff: 36, Sum: 213]
      [Scan RS (ms): Min: 15.6, Avg: 15.9, Max: 16.1, Diff: 0.4, Sum: 127.5]
      [Code Root Scanning (ms): Min: 0.0, Avg: 0.1, Max: 0.3, Diff: 0.3, Sum: 0.6]
      [Object Copy (ms): Min: 59.9, Avg: 60.4, Max: 60.6, Diff: 0.7, Sum: 483.1]
      [Termination (ms): Min: 0.0, Avg: 0.0, Max: 0.0, Diff: 0.0, Sum: 0.0]
         [Termination Attempts: Min: 1, Avg: 30.1, Max: 42, Diff: 41, Sum: 241]
      [GC Worker Other (ms): Min: 0.0, Avg: 0.1, Max: 0.1, Diff: 0.1, Sum: 0.7]
      [GC Worker Total (ms): Min: 83.8, Avg: 83.9, Max: 84.0, Diff: 0.2, Sum: 670.9]
      [GC Worker End (ms): Min: 402004056.5, Avg: 402004056.6, Max: 402004056.6, Diff: 0.1]
   [Code Root Fixup: 0.0 ms]
   [Code Root Purge: 0.0 ms]
   [Clear CT: 0.9 ms]
   [Other: 3.4 ms]
      [Choose CSet: 0.1 ms]
      [Ref Proc: 2.3 ms]
      [Ref Enq: 0.1 ms]
      [Redirty Cards: 0.3 ms]
      [Humongous Register: 0.1 ms]
      [Humongous Reclaim: 0.0 ms]
      [Free CSet: 0.4 ms]
   [Eden: 5696.0M(5696.0M)->0.0B(6992.0M) Survivors: 32768.0K->176.0M Heap: 9494.6M(14336.0M)->3642.3M(14336.0M)]
 [Times: user=0.66 sys=0.00, real=0.09 secs] 
2022-07-26T12:52:26.263-0700: 402117.768: [GC pause (G1 Evacuation Pause) (young), 0.0532855 secs]
   [Parallel Time: 49.9 ms, GC Workers: 8]
      [GC Worker Start (ms): Min: 402117768.0, Avg: 402117768.1, Max: 402117768.2, Diff: 0.2]
      [Ext Root Scanning (ms): Min: 0.3, Avg: 1.8, Max: 5.6, Diff: 5.3, Sum: 14.6]
      [Update RS (ms): Min: 6.6, Avg: 6.8, Max: 7.6, Diff: 0.9, Sum: 54.6]
         [Processed Buffers: Min: 18, Avg: 22.6, Max: 34, Diff: 16, Sum: 181]
      [Scan RS (ms): Min: 0.6, Avg: 0.8, Max: 0.9, Diff: 0.3, Sum: 6.4]
      [Code Root Scanning (ms): Min: 0.0, Avg: 0.0, Max: 0.2, Diff: 0.2, Sum: 0.2]
      [Object Copy (ms): Min: 36.2, Avg: 39.9, Max: 41.4, Diff: 5.2, Sum: 319.1]
      [Termination (ms): Min: 0.0, Avg: 0.0, Max: 0.0, Diff: 0.0, Sum: 0.0]
         [Termination Attempts: Min: 1, Avg: 4.1, Max: 6, Diff: 5, Sum: 33]
      [GC Worker Other (ms): Min: 0.0, Avg: 0.1, Max: 0.2, Diff: 0.1, Sum: 0.6]
      [GC Worker Total (ms): Min: 49.4, Avg: 49.5, Max: 49.5, Diff: 0.1, Sum: 395.6]
      [GC Worker End (ms): Min: 402117817.5, Avg: 402117817.5, Max: 402117817.6, Diff: 0.2]
   [Code Root Fixup: 0.0 ms]
   [Code Root Purge: 0.0 ms]
   [Clear CT: 0.8 ms]
   [Other: 2.5 ms]
      [Choose CSet: 0.0 ms]
      [Ref Proc: 1.7 ms]
      [Ref Enq: 0.1 ms]
      [Redirty Cards: 0.2 ms]
      [Humongous Register: 0.1 ms]
      [Humongous Reclaim: 0.0 ms]
      [Free CSet: 0.3 ms]
   [Eden: 6992.0M(6992.0M)->0.0B(7104.0M) Survivors: 176.0M->65536.0K Heap: 10634.3M(14336.0M)->3719.2M(14336.0M)]
 [Times: user=0.37 sys=0.00, real=0.05 secs] 
2022-07-26T12:54:19.924-0700: 402231.429: [GC pause (G1 Evacuation Pause) (young) (initial-mark), 0.0245692 secs]
   [Parallel Time: 19.9 ms, GC Workers: 8]
      [GC Worker Start (ms): Min: 402231430.9, Avg: 402231431.0, Max: 402231431.1, Diff: 0.1]
      [Ext Root Scanning (ms): Min: 5.1, Avg: 5.5, Max: 6.0, Diff: 0.9, Sum: 44.0]
      [Update RS (ms): Min: 5.0, Avg: 5.2, Max: 5.8, Diff: 0.8, Sum: 42.0]
         [Processed Buffers: Min: 21, Avg: 25.0, Max: 28, Diff: 7, Sum: 200]
      [Scan RS (ms): Min: 3.0, Avg: 3.6, Max: 3.7, Diff: 0.7, Sum: 28.4]
      [Code Root Scanning (ms): Min: 0.0, Avg: 0.0, Max: 0.0, Diff: 0.0, Sum: 0.0]
      [Object Copy (ms): Min: 2.8, Avg: 3.3, Max: 3.6, Diff: 0.8, Sum: 26.3]
      [Termination (ms): Min: 0.0, Avg: 0.0, Max: 0.0, Diff: 0.0, Sum: 0.0]
         [Termination Attempts: Min: 1, Avg: 5.9, Max: 11, Diff: 10, Sum: 47]
      [GC Worker Other (ms): Min: 0.0, Avg: 0.1, Max: 0.2, Diff: 0.1, Sum: 0.6]
      [GC Worker Total (ms): Min: 17.6, Avg: 17.7, Max: 17.7, Diff: 0.1, Sum: 141.3]
      [GC Worker End (ms): Min: 402231448.6, Avg: 402231448.7, Max: 402231448.8, Diff: 0.1]
   [Code Root Fixup: 0.0 ms]
   [Code Root Purge: 0.0 ms]
   [Clear CT: 0.8 ms]
   [Other: 3.8 ms]
      [Choose CSet: 0.0 ms]
      [Ref Proc: 3.0 ms]
      [Ref Enq: 0.1 ms]
      [Redirty Cards: 0.2 ms]
      [Humongous Register: 0.0 ms]
      [Humongous Reclaim: 0.0 ms]
      [Free CSet: 0.3 ms]
   [Eden: 7104.0M(7104.0M)->0.0B(7104.0M) Survivors: 65536.0K->65536.0K Heap: 10823.2M(14336.0M)->3783.5M(14336.0M)]
 [Times: user=0.15 sys=0.00, real=0.02 secs] 
2022-07-26T12:54:19.949-0700: 402231.454: [GC concurrent-root-region-scan-start]
2022-07-26T12:54:19.957-0700: 402231.462: [GC concurrent-root-region-scan-end, 0.0085790 secs]
2022-07-26T12:54:19.958-0700: 402231.462: [GC concurrent-mark-start]
2022-07-26T12:54:22.513-0700: 402234.018: [GC concurrent-mark-end, 2.5556511 secs]
2022-07-26T12:54:22.513-0700: 402234.018: [GC remark 2022-07-26T12:54:22.513-0700: 402234.018: [Finalize Marking, 0.0001931 secs] 2022-07-26T12:54:22.514-0700: 402234.018: [GC ref-proc, 0.0077917 secs] 2022-07-26T12:54:22.521-0700: 402234.026: [Unloading, 0.0267747 secs], 0.0402407 secs]
 [Times: user=0.25 sys=0.00, real=0.04 secs] 
2022-07-26T12:54:22.554-0700: 402234.059: [GC cleanup 3990M->3990M(14336M), 0.0087850 secs]
 [Times: user=0.07 sys=0.00, real=0.02 secs] 
2022-07-26T12:56:15.937-0700: 402347.442: [GC pause (G1 Evacuation Pause) (young), 0.0176105 secs]
   [Parallel Time: 14.5 ms, GC Workers: 8]
      [GC Worker Start (ms): Min: 402347442.2, Avg: 402347442.3, Max: 402347442.4, Diff: 0.2]
      [Ext Root Scanning (ms): Min: 1.2, Avg: 2.0, Max: 5.4, Diff: 4.2, Sum: 15.6]
      [Update RS (ms): Min: 2.1, Avg: 5.2, Max: 5.9, Diff: 3.8, Sum: 41.6]
         [Processed Buffers: Min: 13, Avg: 27.1, Max: 35, Diff: 22, Sum: 217]
      [Scan RS (ms): Min: 3.3, Avg: 3.4, Max: 3.5, Diff: 0.2, Sum: 27.4]
      [Code Root Scanning (ms): Min: 0.0, Avg: 0.0, Max: 0.0, Diff: 0.0, Sum: 0.0]
      [Object Copy (ms): Min: 3.2, Avg: 3.5, Max: 3.7, Diff: 0.5, Sum: 28.1]
      [Termination (ms): Min: 0.0, Avg: 0.0, Max: 0.0, Diff: 0.0, Sum: 0.0]
         [Termination Attempts: Min: 1, Avg: 20.0, Max: 27, Diff: 26, Sum: 160]
      [GC Worker Other (ms): Min: 0.0, Avg: 0.1, Max: 0.2, Diff: 0.1, Sum: 0.6]
      [GC Worker Total (ms): Min: 14.1, Avg: 14.2, Max: 14.3, Diff: 0.2, Sum: 113.4]
      [GC Worker End (ms): Min: 402347456.4, Avg: 402347456.5, Max: 402347456.5, Diff: 0.1]
   [Code Root Fixup: 0.0 ms]
   [Code Root Purge: 0.0 ms]
   [Clear CT: 0.8 ms]
   [Other: 2.3 ms]
      [Choose CSet: 0.0 ms]
      [Ref Proc: 1.5 ms]
      [Ref Enq: 0.1 ms]
      [Redirty Cards: 0.1 ms]
      [Humongous Register: 0.1 ms]
      [Humongous Reclaim: 0.0 ms]
      [Free CSet: 0.3 ms]
   [Eden: 7104.0M(7104.0M)->0.0B(5712.0M) Survivors: 65536.0K->16384.0K Heap: 10887.5M(14336.0M)->3768.5M(14336.0M)]
 [Times: user=0.13 sys=0.00, real=0.02 secs] 
2022-07-26T12:57:49.073-0700: 402440.577: [GC pause (G1 Evacuation Pause) (mixed), 0.0274161 secs]
   [Parallel Time: 24.2 ms, GC Workers: 8]
      [GC Worker Start (ms): Min: 402440577.6, Avg: 402440577.8, Max: 402440577.8, Diff: 0.2]
      [Ext Root Scanning (ms): Min: 0.9, Avg: 1.8, Max: 6.4, Diff: 5.5, Sum: 14.3]
      [Update RS (ms): Min: 3.6, Avg: 8.1, Max: 8.9, Diff: 5.2, Sum: 64.5]
         [Processed Buffers: Min: 14, Avg: 38.8, Max: 50, Diff: 36, Sum: 310]
      [Scan RS (ms): Min: 1.8, Avg: 2.0, Max: 2.4, Diff: 0.6, Sum: 16.2]
      [Code Root Scanning (ms): Min: 0.0, Avg: 0.1, Max: 0.3, Diff: 0.3, Sum: 0.5]
      [Object Copy (ms): Min: 11.6, Avg: 11.8, Max: 12.0, Diff: 0.4, Sum: 94.6]
      [Termination (ms): Min: 0.0, Avg: 0.1, Max: 0.1, Diff: 0.1, Sum: 0.9]
         [Termination Attempts: Min: 1, Avg: 10.9, Max: 17, Diff: 16, Sum: 87]
      [GC Worker Other (ms): Min: 0.0, Avg: 0.0, Max: 0.1, Diff: 0.0, Sum: 0.3]
      [GC Worker Total (ms): Min: 23.8, Avg: 23.9, Max: 24.1, Diff: 0.2, Sum: 191.4]
      [GC Worker End (ms): Min: 402440601.7, Avg: 402440601.7, Max: 402440601.7, Diff: 0.1]
   [Code Root Fixup: 0.0 ms]
   [Code Root Purge: 0.0 ms]
   [Clear CT: 1.1 ms]
   [Other: 2.2 ms]
      [Choose CSet: 0.1 ms]
      [Ref Proc: 1.4 ms]
      [Ref Enq: 0.1 ms]
      [Redirty Cards: 0.1 ms]
      [Humongous Register: 0.0 ms]
      [Humongous Reclaim: 0.0 ms]
      [Free CSet: 0.3 ms]
   [Eden: 5712.0M(5712.0M)->0.0B(7152.0M) Survivors: 16384.0K->16384.0K Heap: 9480.5M(14336.0M)->3495.7M(14336.0M)]
 [Times: user=0.19 sys=0.00, real=0.03 secs] 
2022-07-26T12:59:40.223-0700: 402551.728: [GC pause (G1 Evacuation Pause) (young), 0.0152031 secs]
   [Parallel Time: 12.3 ms, GC Workers: 8]
      [GC Worker Start (ms): Min: 402551728.3, Avg: 402551728.4, Max: 402551728.4, Diff: 0.1]
      [Ext Root Scanning (ms): Min: 1.2, Avg: 2.0, Max: 5.2, Diff: 4.0, Sum: 15.6]
      [Update RS (ms): Min: 5.6, Avg: 8.7, Max: 9.3, Diff: 3.7, Sum: 69.2]
         [Processed Buffers: Min: 19, Avg: 27.6, Max: 39, Diff: 20, Sum: 221]
      [Scan RS (ms): Min: 0.0, Avg: 0.0, Max: 0.1, Diff: 0.1, Sum: 0.4]
      [Code Root Scanning (ms): Min: 0.0, Avg: 0.0, Max: 0.0, Diff: 0.0, Sum: 0.0]
      [Object Copy (ms): Min: 0.9, Avg: 1.2, Max: 1.4, Diff: 0.5, Sum: 9.6]
      [Termination (ms): Min: 0.0, Avg: 0.0, Max: 0.0, Diff: 0.0, Sum: 0.0]
         [Termination Attempts: Min: 1, Avg: 5.9, Max: 11, Diff: 10, Sum: 47]
      [GC Worker Other (ms): Min: 0.0, Avg: 0.1, Max: 0.1, Diff: 0.1, Sum: 0.4]
      [GC Worker Total (ms): Min: 11.9, Avg: 11.9, Max: 12.0, Diff: 0.1, Sum: 95.3]
      [GC Worker End (ms): Min: 402551740.3, Avg: 402551740.3, Max: 402551740.4, Diff: 0.1]
   [Code Root Fixup: 0.0 ms]
   [Code Root Purge: 0.0 ms]
   [Clear CT: 0.7 ms]
   [Other: 2.2 ms]
      [Choose CSet: 0.0 ms]
      [Ref Proc: 1.5 ms]
      [Ref Enq: 0.1 ms]
      [Redirty Cards: 0.1 ms]
      [Humongous Register: 0.1 ms]
      [Humongous Reclaim: 0.0 ms]
      [Free CSet: 0.3 ms]
   [Eden: 7152.0M(7152.0M)->0.0B(7152.0M) Survivors: 16384.0K->16384.0K Heap: 10647.7M(14336.0M)->3536.9M(14336.0M)]
 [Times: user=0.11 sys=0.00, real=0.01 secs] 
2022-07-26T13:01:01.569-0700: 402633.074: [GC pause (G1 Evacuation Pause) (young) (initial-mark), 0.0678239 secs]
   [Parallel Time: 62.5 ms, GC Workers: 8]
      [GC Worker Start (ms): Min: 402633075.9, Avg: 402633076.0, Max: 402633076.1, Diff: 0.2]
      [Ext Root Scanning (ms): Min: 5.0, Avg: 5.3, Max: 5.8, Diff: 0.8, Sum: 42.7]
      [Update RS (ms): Min: 3.4, Avg: 3.5, Max: 3.6, Diff: 0.2, Sum: 27.8]
         [Processed Buffers: Min: 8, Avg: 10.1, Max: 15, Diff: 7, Sum: 81]
      [Scan RS (ms): Min: 0.0, Avg: 0.0, Max: 0.1, Diff: 0.1, Sum: 0.4]
      [Code Root Scanning (ms): Min: 0.0, Avg: 0.0, Max: 0.0, Diff: 0.0, Sum: 0.0]
      [Object Copy (ms): Min: 50.9, Avg: 51.4, Max: 51.7, Diff: 0.9, Sum: 411.0]
      [Termination (ms): Min: 0.0, Avg: 0.0, Max: 0.0, Diff: 0.0, Sum: 0.0]
         [Termination Attempts: Min: 1, Avg: 7.5, Max: 12, Diff: 11, Sum: 60]
      [GC Worker Other (ms): Min: 0.0, Avg: 0.1, Max: 0.2, Diff: 0.1, Sum: 0.6]
      [GC Worker Total (ms): Min: 60.2, Avg: 60.3, Max: 60.4, Diff: 0.1, Sum: 482.5]
      [GC Worker End (ms): Min: 402633136.3, Avg: 402633136.3, Max: 402633136.4, Diff: 0.1]
   [Code Root Fixup: 0.0 ms]
   [Code Root Purge: 0.0 ms]
   [Clear CT: 0.7 ms]
   [Other: 4.6 ms]
      [Choose CSet: 0.0 ms]
      [Ref Proc: 3.9 ms]
      [Ref Enq: 0.1 ms]
      [Redirty Cards: 0.1 ms]
      [Humongous Register: 0.0 ms]
      [Humongous Reclaim: 0.0 ms]
      [Free CSet: 0.3 ms]
   [Eden: 7152.0M(7152.0M)->0.0B(6976.0M) Survivors: 16384.0K->192.0M Heap: 10688.9M(14336.0M)->3721.7M(14336.0M)]
 [Times: user=0.49 sys=0.00, real=0.07 secs] 
2022-07-26T13:01:01.637-0700: 402633.142: [GC concurrent-root-region-scan-start]
2022-07-26T13:01:01.696-0700: 402633.201: [GC concurrent-root-region-scan-end, 0.0586593 secs]
2022-07-26T13:01:01.696-0700: 402633.201: [GC concurrent-mark-start]
2022-07-26T13:01:04.265-0700: 402635.770: [GC concurrent-mark-end, 2.5689368 secs]
2022-07-26T13:01:04.265-0700: 402635.770: [GC remark 2022-07-26T13:01:04.265-0700: 402635.770: [Finalize Marking, 0.0002069 secs] 2022-07-26T13:01:04.265-0700: 402635.770: [GC ref-proc, 0.0059178 secs] 2022-07-26T13:01:04.271-0700: 402635.776: [Unloading, 0.0268473 secs], 0.0382778 secs]
 [Times: user=0.24 sys=0.00, real=0.04 secs] 
2022-07-26T13:01:04.304-0700: 402635.809: [GC cleanup 3897M->3897M(14336M), 0.0081820 secs]
 [Times: user=0.06 sys=0.00, real=0.00 secs] 
2022-07-26T13:02:45.976-0700: 402737.480: [GC pause (G1 Evacuation Pause) (young), 0.0572619 secs]
   [Parallel Time: 54.1 ms, GC Workers: 8]
      [GC Worker Start (ms): Min: 402737480.4, Avg: 402737480.5, Max: 402737480.6, Diff: 0.2]
      [Ext Root Scanning (ms): Min: 0.9, Avg: 1.7, Max: 5.4, Diff: 4.5, Sum: 13.2]
      [Update RS (ms): Min: 0.0, Avg: 2.6, Max: 3.5, Diff: 3.5, Sum: 20.7]
         [Processed Buffers: Min: 0, Avg: 8.6, Max: 15, Diff: 15, Sum: 69]
      [Scan RS (ms): Min: 0.0, Avg: 0.1, Max: 0.1, Diff: 0.1, Sum: 0.5]
      [Code Root Scanning (ms): Min: 0.0, Avg: 0.0, Max: 0.0, Diff: 0.0, Sum: 0.1]
      [Object Copy (ms): Min: 48.4, Avg: 49.4, Max: 49.7, Diff: 1.3, Sum: 395.5]
      [Termination (ms): Min: 0.0, Avg: 0.0, Max: 0.0, Diff: 0.0, Sum: 0.0]
         [Termination Attempts: Min: 1, Avg: 1.1, Max: 2, Diff: 1, Sum: 9]
      [GC Worker Other (ms): Min: 0.0, Avg: 0.1, Max: 0.1, Diff: 0.1, Sum: 0.6]
      [GC Worker Total (ms): Min: 53.7, Avg: 53.8, Max: 53.9, Diff: 0.2, Sum: 430.6]
      [GC Worker End (ms): Min: 402737534.3, Avg: 402737534.3, Max: 402737534.4, Diff: 0.1]
   [Code Root Fixup: 0.0 ms]
   [Code Root Purge: 0.0 ms]
   [Clear CT: 0.8 ms]
   [Other: 2.4 ms]
      [Choose CSet: 0.0 ms]
      [Ref Proc: 1.6 ms]
      [Ref Enq: 0.1 ms]
      [Redirty Cards: 0.2 ms]
      [Humongous Register: 0.1 ms]
      [Humongous Reclaim: 0.0 ms]
      [Free CSet: 0.3 ms]
   [Eden: 6976.0M(6976.0M)->0.0B(5600.0M) Survivors: 192.0M->128.0M Heap: 10697.7M(14336.0M)->3844.8M(14336.0M)]
 [Times: user=0.44 sys=0.00, real=0.05 secs] 
2022-07-26T13:04:09.166-0700: 402820.671: [GC pause (G1 Evacuation Pause) (mixed), 0.0633999 secs]
   [Parallel Time: 58.5 ms, GC Workers: 8]
      [GC Worker Start (ms): Min: 402820671.1, Avg: 402820671.1, Max: 402820671.2, Diff: 0.1]
      [Ext Root Scanning (ms): Min: 0.6, Avg: 1.5, Max: 5.0, Diff: 4.4, Sum: 12.3]
      [Update RS (ms): Min: 7.2, Avg: 9.6, Max: 11.9, Diff: 4.7, Sum: 76.6]
         [Processed Buffers: Min: 19, Avg: 33.8, Max: 51, Diff: 32, Sum: 270]
      [Scan RS (ms): Min: 17.7, Avg: 17.8, Max: 18.0, Diff: 0.3, Sum: 142.8]
      [Code Root Scanning (ms): Min: 0.0, Avg: 0.0, Max: 0.0, Diff: 0.0, Sum: 0.1]
      [Object Copy (ms): Min: 27.2, Avg: 29.1, Max: 32.3, Diff: 5.1, Sum: 232.6]
      [Termination (ms): Min: 0.0, Avg: 0.0, Max: 0.0, Diff: 0.0, Sum: 0.0]
         [Termination Attempts: Min: 1, Avg: 1.0, Max: 1, Diff: 0, Sum: 8]
      [GC Worker Other (ms): Min: 0.0, Avg: 0.1, Max: 0.2, Diff: 0.2, Sum: 0.8]
      [GC Worker Total (ms): Min: 58.0, Avg: 58.2, Max: 58.3, Diff: 0.2, Sum: 465.2]
      [GC Worker End (ms): Min: 402820729.2, Avg: 402820729.3, Max: 402820729.4, Diff: 0.2]
   [Code Root Fixup: 0.0 ms]
   [Code Root Purge: 0.0 ms]
   [Clear CT: 1.0 ms]
   [Other: 3.9 ms]
      [Choose CSet: 0.0 ms]
      [Ref Proc: 2.8 ms]
      [Ref Enq: 0.1 ms]
      [Redirty Cards: 0.4 ms]
      [Humongous Register: 0.0 ms]
      [Humongous Reclaim: 0.0 ms]
      [Free CSet: 0.3 ms]
   [Eden: 5600.0M(5600.0M)->0.0B(7072.0M) Survivors: 128.0M->98304.0K Heap: 9444.8M(14336.0M)->3700.4M(14336.0M)]
 [Times: user=0.47 sys=0.00, real=0.06 secs] 
2022-07-26T13:06:01.020-0700: 402932.524: [GC pause (G1 Evacuation Pause) (young), 0.0495448 secs]
   [Parallel Time: 46.5 ms, GC Workers: 8]
      [GC Worker Start (ms): Min: 402932524.6, Avg: 402932524.7, Max: 402932524.7, Diff: 0.1]
      [Ext Root Scanning (ms): Min: 1.2, Avg: 2.0, Max: 5.5, Diff: 4.2, Sum: 15.9]
      [Update RS (ms): Min: 20.9, Avg: 24.0, Max: 24.9, Diff: 3.9, Sum: 192.3]
         [Processed Buffers: Min: 29, Avg: 37.5, Max: 43, Diff: 14, Sum: 300]
      [Scan RS (ms): Min: 13.5, Avg: 13.8, Max: 14.0, Diff: 0.5, Sum: 110.7]
      [Code Root Scanning (ms): Min: 0.0, Avg: 0.0, Max: 0.0, Diff: 0.0, Sum: 0.1]
      [Object Copy (ms): Min: 5.8, Avg: 6.2, Max: 6.3, Diff: 0.5, Sum: 49.6]
      [Termination (ms): Min: 0.0, Avg: 0.0, Max: 0.0, Diff: 0.0, Sum: 0.0]
         [Termination Attempts: Min: 1, Avg: 2.6, Max: 5, Diff: 4, Sum: 21]
      [GC Worker Other (ms): Min: 0.0, Avg: 0.1, Max: 0.2, Diff: 0.2, Sum: 0.8]
      [GC Worker Total (ms): Min: 46.1, Avg: 46.2, Max: 46.3, Diff: 0.2, Sum: 369.3]
      [GC Worker End (ms): Min: 402932570.8, Avg: 402932570.8, Max: 402932570.9, Diff: 0.2]
   [Code Root Fixup: 0.0 ms]
   [Code Root Purge: 0.0 ms]
   [Clear CT: 0.8 ms]
   [Other: 2.2 ms]
      [Choose CSet: 0.0 ms]
      [Ref Proc: 1.4 ms]
      [Ref Enq: 0.1 ms]
      [Redirty Cards: 0.2 ms]
      [Humongous Register: 0.1 ms]
      [Humongous Reclaim: 0.0 ms]
      [Free CSet: 0.3 ms]
   [Eden: 7072.0M(7072.0M)->0.0B(7152.0M) Survivors: 98304.0K->16384.0K Heap: 10772.4M(14336.0M)->3690.0M(14336.0M)]
 [Times: user=0.38 sys=0.00, real=0.05 secs] 
2022-07-26T13:07:52.019-0700: 403043.523: [GC pause (G1 Evacuation Pause) (young) (initial-mark), 0.0247077 secs]
   [Parallel Time: 19.7 ms, GC Workers: 8]
      [GC Worker Start (ms): Min: 403043525.5, Avg: 403043525.6, Max: 403043525.6, Diff: 0.2]
      [Ext Root Scanning (ms): Min: 4.9, Avg: 5.2, Max: 5.6, Diff: 0.7, Sum: 41.7]
      [Update RS (ms): Min: 8.2, Avg: 8.7, Max: 9.6, Diff: 1.5, Sum: 69.8]
         [Processed Buffers: Min: 32, Avg: 34.1, Max: 38, Diff: 6, Sum: 273]
      [Scan RS (ms): Min: 0.0, Avg: 0.1, Max: 0.2, Diff: 0.2, Sum: 1.0]
      [Code Root Scanning (ms): Min: 0.0, Avg: 0.0, Max: 0.0, Diff: 0.0, Sum: 0.0]
      [Object Copy (ms): Min: 2.8, Avg: 3.5, Max: 4.3, Diff: 1.4, Sum: 28.0]
      [Termination (ms): Min: 0.0, Avg: 0.0, Max: 0.0, Diff: 0.0, Sum: 0.0]
         [Termination Attempts: Min: 1, Avg: 1.0, Max: 1, Diff: 0, Sum: 8]
      [GC Worker Other (ms): Min: 0.0, Avg: 0.1, Max: 0.1, Diff: 0.1, Sum: 0.4]
      [GC Worker Total (ms): Min: 17.5, Avg: 17.6, Max: 17.7, Diff: 0.2, Sum: 141.1]
      [GC Worker End (ms): Min: 403043543.2, Avg: 403043543.2, Max: 403043543.2, Diff: 0.1]
   [Code Root Fixup: 0.0 ms]
   [Code Root Purge: 0.0 ms]
   [Clear CT: 0.8 ms]
   [Other: 4.2 ms]
      [Choose CSet: 0.0 ms]
      [Ref Proc: 3.5 ms]
      [Ref Enq: 0.1 ms]
      [Redirty Cards: 0.1 ms]
      [Humongous Register: 0.1 ms]
      [Humongous Reclaim: 0.0 ms]
      [Free CSet: 0.3 ms]
   [Eden: 7152.0M(7152.0M)->0.0B(7152.0M) Survivors: 16384.0K->16384.0K Heap: 10842.0M(14336.0M)->3715.6M(14336.0M)]
 [Times: user=0.15 sys=0.00, real=0.03 secs] 
2022-07-26T13:07:52.043-0700: 403043.548: [GC concurrent-root-region-scan-start]
2022-07-26T13:07:52.055-0700: 403043.560: [GC concurrent-root-region-scan-end, 0.0118546 secs]
2022-07-26T13:07:52.055-0700: 403043.560: [GC concurrent-mark-start]
2022-07-26T13:07:54.686-0700: 403046.191: [GC concurrent-mark-end, 2.6306987 secs]
2022-07-26T13:07:54.686-0700: 403046.191: [GC remark 2022-07-26T13:07:54.686-0700: 403046.191: [Finalize Marking, 0.0002037 secs] 2022-07-26T13:07:54.687-0700: 403046.191: [GC ref-proc, 0.0100236 secs] 2022-07-26T13:07:54.697-0700: 403046.201: [Unloading, 0.0294300 secs], 0.0452324 secs]
 [Times: user=0.26 sys=0.00, real=0.04 secs] 
2022-07-26T13:07:54.732-0700: 403046.237: [GC cleanup 3886M->3838M(14336M), 0.0088864 secs]
 [Times: user=0.07 sys=0.00, real=0.01 secs] 
2022-07-26T13:07:54.741-0700: 403046.246: [GC concurrent-cleanup-start]
2022-07-26T13:07:54.741-0700: 403046.246: [GC concurrent-cleanup-end, 0.0000374 secs]
2022-07-26T13:09:46.768-0700: 403158.272: [GC pause (G1 Evacuation Pause) (young), 0.0138229 secs]
   [Parallel Time: 9.1 ms, GC Workers: 8]
      [GC Worker Start (ms): Min: 403158272.6, Avg: 403158272.7, Max: 403158272.8, Diff: 0.2]
      [Ext Root Scanning (ms): Min: 1.2, Avg: 2.0, Max: 5.5, Diff: 4.3, Sum: 15.7]
      [Update RS (ms): Min: 0.0, Avg: 2.5, Max: 3.4, Diff: 3.4, Sum: 19.7]
         [Processed Buffers: Min: 0, Avg: 8.2, Max: 15, Diff: 15, Sum: 66]
      [Scan RS (ms): Min: 0.0, Avg: 0.1, Max: 0.1, Diff: 0.1, Sum: 0.4]
      [Code Root Scanning (ms): Min: 0.0, Avg: 0.0, Max: 0.0, Diff: 0.0, Sum: 0.0]
      [Object Copy (ms): Min: 3.2, Avg: 4.1, Max: 4.5, Diff: 1.2, Sum: 33.2]
      [Termination (ms): Min: 0.0, Avg: 0.0, Max: 0.0, Diff: 0.0, Sum: 0.0]
         [Termination Attempts: Min: 1, Avg: 1.0, Max: 1, Diff: 0, Sum: 8]
      [GC Worker Other (ms): Min: 0.0, Avg: 0.0, Max: 0.1, Diff: 0.1, Sum: 0.4]
      [GC Worker Total (ms): Min: 8.6, Avg: 8.7, Max: 8.7, Diff: 0.1, Sum: 69.4]
      [GC Worker End (ms): Min: 403158281.4, Avg: 403158281.4, Max: 403158281.4, Diff: 0.1]
   [Code Root Fixup: 0.0 ms]
   [Code Root Purge: 0.0 ms]
   [Clear CT: 0.7 ms]
   [Other: 4.0 ms]
      [Choose CSet: 0.0 ms]
      [Ref Proc: 3.3 ms]
      [Ref Enq: 0.1 ms]
      [Redirty Cards: 0.1 ms]
      [Humongous Register: 0.1 ms]
      [Humongous Reclaim: 0.0 ms]
      [Free CSet: 0.3 ms]
   [Eden: 7152.0M(7152.0M)->0.0B(5696.0M) Survivors: 16384.0K->32768.0K Heap: 10819.6M(14336.0M)->3674.5M(14336.0M)]
 [Times: user=0.08 sys=0.00, real=0.01 secs] 
2022-07-26T13:11:15.730-0700: 403247.235: [GC pause (G1 Evacuation Pause) (mixed), 0.0423211 secs]
   [Parallel Time: 38.9 ms, GC Workers: 8]
      [GC Worker Start (ms): Min: 403247234.8, Avg: 403247234.9, Max: 403247235.0, Diff: 0.2]
      [Ext Root Scanning (ms): Min: 1.2, Avg: 2.1, Max: 6.1, Diff: 4.9, Sum: 16.5]
      [Update RS (ms): Min: 0.0, Avg: 2.5, Max: 3.1, Diff: 3.1, Sum: 20.0]
         [Processed Buffers: Min: 0, Avg: 9.0, Max: 14, Diff: 14, Sum: 72]
      [Scan RS (ms): Min: 18.0, Avg: 19.1, Max: 19.4, Diff: 1.3, Sum: 152.8]
      [Code Root Scanning (ms): Min: 0.0, Avg: 0.1, Max: 0.4, Diff: 0.4, Sum: 0.7]
      [Object Copy (ms): Min: 14.5, Avg: 14.8, Max: 15.0, Diff: 0.5, Sum: 118.8]
      [Termination (ms): Min: 0.0, Avg: 0.0, Max: 0.0, Diff: 0.0, Sum: 0.0]
         [Termination Attempts: Min: 1, Avg: 3.0, Max: 5, Diff: 4, Sum: 24]
      [GC Worker Other (ms): Min: 0.0, Avg: 0.1, Max: 0.2, Diff: 0.1, Sum: 0.6]
      [GC Worker Total (ms): Min: 38.6, Avg: 38.7, Max: 38.8, Diff: 0.2, Sum: 309.4]
      [GC Worker End (ms): Min: 403247273.5, Avg: 403247273.6, Max: 403247273.7, Diff: 0.1]
   [Code Root Fixup: 0.0 ms]
   [Code Root Purge: 0.0 ms]
   [Clear CT: 1.0 ms]
   [Other: 2.4 ms]
      [Choose CSet: 0.1 ms]
      [Ref Proc: 1.4 ms]
      [Ref Enq: 0.1 ms]
      [Redirty Cards: 0.3 ms]
      [Humongous Register: 0.1 ms]
      [Humongous Reclaim: 0.0 ms]
      [Free CSet: 0.3 ms]
   [Eden: 5696.0M(5696.0M)->0.0B(7152.0M) Survivors: 32768.0K->16384.0K Heap: 9370.5M(14336.0M)->3457.5M(14336.0M)]
 [Times: user=0.32 sys=0.00, real=0.04 secs] 
2022-07-26T13:13:10.269-0700: 403361.774: [GC pause (G1 Evacuation Pause) (young), 0.0198284 secs]
   [Parallel Time: 16.8 ms, GC Workers: 8]
      [GC Worker Start (ms): Min: 403361774.0, Avg: 403361774.1, Max: 403361774.1, Diff: 0.2]
      [Ext Root Scanning (ms): Min: 1.1, Avg: 1.9, Max: 5.6, Diff: 4.5, Sum: 15.0]
      [Update RS (ms): Min: 8.3, Avg: 11.7, Max: 12.4, Diff: 4.2, Sum: 93.7]
         [Processed Buffers: Min: 30, Avg: 38.5, Max: 44, Diff: 14, Sum: 308]
      [Scan RS (ms): Min: 0.0, Avg: 0.1, Max: 0.2, Diff: 0.2, Sum: 0.8]
      [Code Root Scanning (ms): Min: 0.0, Avg: 0.0, Max: 0.0, Diff: 0.0, Sum: 0.0]
      [Object Copy (ms): Min: 2.0, Avg: 2.7, Max: 2.9, Diff: 0.9, Sum: 21.7]
      [Termination (ms): Min: 0.0, Avg: 0.0, Max: 0.0, Diff: 0.0, Sum: 0.0]
         [Termination Attempts: Min: 1, Avg: 4.2, Max: 7, Diff: 6, Sum: 34]
      [GC Worker Other (ms): Min: 0.0, Avg: 0.1, Max: 0.1, Diff: 0.1, Sum: 0.5]
      [GC Worker Total (ms): Min: 16.4, Avg: 16.5, Max: 16.5, Diff: 0.1, Sum: 131.6]
      [GC Worker End (ms): Min: 403361790.5, Avg: 403361790.5, Max: 403361790.6, Diff: 0.1]
   [Code Root Fixup: 0.0 ms]
   [Code Root Purge: 0.0 ms]
   [Clear CT: 0.8 ms]
   [Other: 2.2 ms]
      [Choose CSet: 0.0 ms]
      [Ref Proc: 1.6 ms]
      [Ref Enq: 0.1 ms]
      [Redirty Cards: 0.1 ms]
      [Humongous Register: 0.1 ms]
      [Humongous Reclaim: 0.0 ms]
      [Free CSet: 0.3 ms]
   [Eden: 7152.0M(7152.0M)->0.0B(7152.0M) Survivors: 16384.0K->16384.0K Heap: 10609.5M(14336.0M)->3481.0M(14336.0M)]
 [Times: user=0.14 sys=0.00, real=0.02 secs] 
2022-07-26T13:15:04.665-0700: 403476.170: [GC pause (G1 Evacuation Pause) (young) (initial-mark), 0.0182863 secs]
   [Parallel Time: 13.5 ms, GC Workers: 8]
      [GC Worker Start (ms): Min: 403476171.7, Avg: 403476171.8, Max: 403476171.9, Diff: 0.1]
      [Ext Root Scanning (ms): Min: 5.2, Avg: 5.6, Max: 6.1, Diff: 0.9, Sum: 45.1]
      [Update RS (ms): Min: 2.4, Avg: 2.6, Max: 2.9, Diff: 0.5, Sum: 20.8]
         [Processed Buffers: Min: 7, Avg: 9.6, Max: 12, Diff: 5, Sum: 77]
      [Scan RS (ms): Min: 0.0, Avg: 0.1, Max: 0.1, Diff: 0.1, Sum: 0.4]
      [Code Root Scanning (ms): Min: 0.0, Avg: 0.0, Max: 0.0, Diff: 0.0, Sum: 0.0]
      [Object Copy (ms): Min: 2.0, Avg: 2.8, Max: 3.2, Diff: 1.2, Sum: 22.3]
      [Termination (ms): Min: 0.0, Avg: 0.0, Max: 0.0, Diff: 0.0, Sum: 0.0]
         [Termination Attempts: Min: 1, Avg: 1.2, Max: 2, Diff: 1, Sum: 10]
      [GC Worker Other (ms): Min: 0.0, Avg: 0.1, Max: 0.1, Diff: 0.1, Sum: 0.5]
      [GC Worker Total (ms): Min: 11.1, Avg: 11.1, Max: 11.2, Diff: 0.1, Sum: 89.1]
      [GC Worker End (ms): Min: 403476182.9, Avg: 403476182.9, Max: 403476183.0, Diff: 0.1]
   [Code Root Fixup: 0.0 ms]
   [Code Root Purge: 0.0 ms]
   [Clear CT: 0.8 ms]
   [Other: 4.0 ms]
      [Choose CSet: 0.0 ms]
      [Ref Proc: 3.3 ms]
      [Ref Enq: 0.1 ms]
      [Redirty Cards: 0.1 ms]
      [Humongous Register: 0.0 ms]
      [Humongous Reclaim: 0.0 ms]
      [Free CSet: 0.3 ms]
   [Eden: 7152.0M(7152.0M)->0.0B(7152.0M) Survivors: 16384.0K->16384.0K Heap: 10633.0M(14336.0M)->3483.7M(14336.0M)]
 [Times: user=0.08 sys=0.01, real=0.02 secs] 
2022-07-26T13:15:04.683-0700: 403476.188: [GC concurrent-root-region-scan-start]
2022-07-26T13:15:04.692-0700: 403476.197: [GC concurrent-root-region-scan-end, 0.0090243 secs]
2022-07-26T13:15:04.692-0700: 403476.197: [GC concurrent-mark-start]
2022-07-26T13:15:07.318-0700: 403478.823: [GC concurrent-mark-end, 2.6259793 secs]
2022-07-26T13:15:07.319-0700: 403478.823: [GC remark 2022-07-26T13:15:07.319-0700: 403478.823: [Finalize Marking, 0.0002933 secs] 2022-07-26T13:15:07.319-0700: 403478.824: [GC ref-proc, 0.0105512 secs] 2022-07-26T13:15:07.329-0700: 403478.834: [Unloading, 0.0296798 secs], 0.0460079 secs]
 [Times: user=0.27 sys=0.00, real=0.05 secs] 
2022-07-26T13:15:07.365-0700: 403478.870: [GC cleanup 3715M->3715M(14336M), 0.0080744 secs]
 [Times: user=0.06 sys=0.00, real=0.00 secs] 
2022-07-26T13:16:56.768-0700: 403588.273: [GC pause (G1 Evacuation Pause) (young), 0.0127515 secs]
   [Parallel Time: 6.8 ms, GC Workers: 8]
      [GC Worker Start (ms): Min: 403588273.3, Avg: 403588273.4, Max: 403588273.5, Diff: 0.3]
      [Ext Root Scanning (ms): Min: 1.1, Avg: 1.9, Max: 5.5, Diff: 4.4, Sum: 15.3]
      [Update RS (ms): Min: 0.0, Avg: 2.5, Max: 3.0, Diff: 3.0, Sum: 19.7]
         [Processed Buffers: Min: 0, Avg: 9.9, Max: 17, Diff: 17, Sum: 79]
      [Scan RS (ms): Min: 0.0, Avg: 0.0, Max: 0.1, Diff: 0.1, Sum: 0.4]
      [Code Root Scanning (ms): Min: 0.0, Avg: 0.0, Max: 0.0, Diff: 0.0, Sum: 0.0]
      [Object Copy (ms): Min: 1.0, Avg: 2.0, Max: 2.2, Diff: 1.2, Sum: 15.7]
      [Termination (ms): Min: 0.0, Avg: 0.0, Max: 0.0, Diff: 0.0, Sum: 0.1]
         [Termination Attempts: Min: 31, Avg: 38.4, Max: 47, Diff: 16, Sum: 307]
      [GC Worker Other (ms): Min: 0.0, Avg: 0.0, Max: 0.1, Diff: 0.1, Sum: 0.4]
      [GC Worker Total (ms): Min: 6.3, Avg: 6.4, Max: 6.6, Diff: 0.2, Sum: 51.5]
      [GC Worker End (ms): Min: 403588279.8, Avg: 403588279.8, Max: 403588279.9, Diff: 0.1]
   [Code Root Fixup: 0.0 ms]
   [Code Root Purge: 0.0 ms]
   [Clear CT: 0.8 ms]
   [Other: 5.1 ms]
      [Choose CSet: 0.0 ms]
      [Ref Proc: 4.4 ms]
      [Ref Enq: 0.1 ms]
      [Redirty Cards: 0.1 ms]
      [Humongous Register: 0.1 ms]
      [Humongous Reclaim: 0.0 ms]
      [Free CSet: 0.3 ms]
   [Eden: 7152.0M(7152.0M)->0.0B(5712.0M) Survivors: 16384.0K->16384.0K Heap: 10635.7M(14336.0M)->3487.6M(14336.0M)]
 [Times: user=0.06 sys=0.00, real=0.01 secs] 
2022-07-26T13:18:25.340-0700: 403676.845: [GC pause (G1 Evacuation Pause) (mixed), 0.0132610 secs]
   [Parallel Time: 10.0 ms, GC Workers: 8]
      [GC Worker Start (ms): Min: 403676845.1, Avg: 403676845.2, Max: 403676845.3, Diff: 0.2]
      [Ext Root Scanning (ms): Min: 1.5, Avg: 2.5, Max: 7.3, Diff: 5.9, Sum: 19.8]
      [Update RS (ms): Min: 0.0, Avg: 2.3, Max: 3.2, Diff: 3.2, Sum: 18.4]
         [Processed Buffers: Min: 0, Avg: 6.6, Max: 12, Diff: 12, Sum: 53]
      [Scan RS (ms): Min: 0.0, Avg: 0.7, Max: 0.9, Diff: 0.8, Sum: 5.3]
      [Code Root Scanning (ms): Min: 0.0, Avg: 0.0, Max: 0.0, Diff: 0.0, Sum: 0.0]
      [Object Copy (ms): Min: 2.2, Avg: 4.1, Max: 4.6, Diff: 2.3, Sum: 32.8]
      [Termination (ms): Min: 0.0, Avg: 0.0, Max: 0.0, Diff: 0.0, Sum: 0.0]
         [Termination Attempts: Min: 1, Avg: 1.0, Max: 1, Diff: 0, Sum: 8]
      [GC Worker Other (ms): Min: 0.0, Avg: 0.1, Max: 0.1, Diff: 0.1, Sum: 0.4]
      [GC Worker Total (ms): Min: 9.5, Avg: 9.6, Max: 9.7, Diff: 0.2, Sum: 76.7]
      [GC Worker End (ms): Min: 403676854.7, Avg: 403676854.8, Max: 403676854.8, Diff: 0.1]
   [Code Root Fixup: 0.0 ms]
   [Code Root Purge: 0.0 ms]
   [Clear CT: 0.9 ms]
   [Other: 2.4 ms]
      [Choose CSet: 0.0 ms]
      [Ref Proc: 1.7 ms]
      [Ref Enq: 0.1 ms]
      [Redirty Cards: 0.1 ms]
      [Humongous Register: 0.1 ms]
      [Humongous Reclaim: 0.0 ms]
      [Free CSet: 0.2 ms]
   [Eden: 5712.0M(5712.0M)->0.0B(7152.0M) Survivors: 16384.0K->16384.0K Heap: 9199.6M(14336.0M)->3460.0M(14336.0M)]
 [Times: user=0.09 sys=0.00, real=0.01 secs] 
2022-07-26T13:20:16.966-0700: 403788.471: [GC pause (G1 Evacuation Pause) (young), 0.0135251 secs]
   [Parallel Time: 8.4 ms, GC Workers: 8]
      [GC Worker Start (ms): Min: 403788470.8, Avg: 403788470.9, Max: 403788471.0, Diff: 0.2]
      [Ext Root Scanning (ms): Min: 1.2, Avg: 1.9, Max: 5.5, Diff: 4.4, Sum: 15.3]
      [Update RS (ms): Min: 0.0, Avg: 3.1, Max: 3.8, Diff: 3.8, Sum: 24.4]
         [Processed Buffers: Min: 0, Avg: 9.0, Max: 14, Diff: 14, Sum: 72]
      [Scan RS (ms): Min: 0.0, Avg: 0.1, Max: 0.1, Diff: 0.1, Sum: 0.4]
      [Code Root Scanning (ms): Min: 0.0, Avg: 0.0, Max: 0.0, Diff: 0.0, Sum: 0.0]
      [Object Copy (ms): Min: 2.7, Avg: 3.1, Max: 3.3, Diff: 0.6, Sum: 24.7]
      [Termination (ms): Min: 0.0, Avg: 0.0, Max: 0.0, Diff: 0.0, Sum: 0.1]
         [Termination Attempts: Min: 21, Avg: 28.2, Max: 36, Diff: 15, Sum: 226]
      [GC Worker Other (ms): Min: 0.0, Avg: 0.1, Max: 0.2, Diff: 0.1, Sum: 0.5]
      [GC Worker Total (ms): Min: 8.1, Avg: 8.2, Max: 8.4, Diff: 0.3, Sum: 65.5]
      [GC Worker End (ms): Min: 403788479.1, Avg: 403788479.1, Max: 403788479.2, Diff: 0.1]
   [Code Root Fixup: 0.0 ms]
   [Code Root Purge: 0.0 ms]
   [Clear CT: 0.8 ms]
   [Other: 4.3 ms]
      [Choose CSet: 0.0 ms]
      [Ref Proc: 3.7 ms]
      [Ref Enq: 0.1 ms]
      [Redirty Cards: 0.1 ms]
      [Humongous Register: 0.1 ms]
      [Humongous Reclaim: 0.0 ms]
      [Free CSet: 0.3 ms]
   [Eden: 7152.0M(7152.0M)->0.0B(7152.0M) Survivors: 16384.0K->16384.0K Heap: 10612.0M(14336.0M)->3460.6M(14336.0M)]
 [Times: user=0.08 sys=0.00, real=0.01 secs] 
2022-07-26T13:22:09.154-0700: 403900.659: [GC pause (G1 Evacuation Pause) (young) (initial-mark), 0.0182629 secs]
   [Parallel Time: 13.6 ms, GC Workers: 8]
      [GC Worker Start (ms): Min: 403900661.0, Avg: 403900661.1, Max: 403900661.2, Diff: 0.2]
      [Ext Root Scanning (ms): Min: 5.9, Avg: 6.3, Max: 6.9, Diff: 1.0, Sum: 50.4]
      [Update RS (ms): Min: 2.1, Avg: 2.3, Max: 2.5, Diff: 0.4, Sum: 18.2]
         [Processed Buffers: Min: 6, Avg: 8.2, Max: 12, Diff: 6, Sum: 66]
      [Scan RS (ms): Min: 0.0, Avg: 0.1, Max: 0.1, Diff: 0.1, Sum: 0.4]
      [Code Root Scanning (ms): Min: 0.0, Avg: 0.0, Max: 0.0, Diff: 0.0, Sum: 0.0]
      [Object Copy (ms): Min: 1.8, Avg: 2.4, Max: 2.8, Diff: 1.0, Sum: 19.0]
      [Termination (ms): Min: 0.0, Avg: 0.0, Max: 0.0, Diff: 0.0, Sum: 0.0]
         [Termination Attempts: Min: 1, Avg: 5.8, Max: 9, Diff: 8, Sum: 46]
      [GC Worker Other (ms): Min: 0.0, Avg: 0.0, Max: 0.1, Diff: 0.1, Sum: 0.3]
      [GC Worker Total (ms): Min: 11.0, Avg: 11.1, Max: 11.1, Diff: 0.1, Sum: 88.4]
      [GC Worker End (ms): Min: 403900672.1, Avg: 403900672.2, Max: 403900672.2, Diff: 0.1]
   [Code Root Fixup: 0.0 ms]
   [Code Root Purge: 0.0 ms]
   [Clear CT: 0.7 ms]
   [Other: 4.0 ms]
      [Choose CSet: 0.0 ms]
      [Ref Proc: 3.2 ms]
      [Ref Enq: 0.1 ms]
      [Redirty Cards: 0.1 ms]
      [Humongous Register: 0.0 ms]
      [Humongous Reclaim: 0.0 ms]
      [Free CSet: 0.3 ms]
   [Eden: 7152.0M(7152.0M)->0.0B(7152.0M) Survivors: 16384.0K->16384.0K Heap: 10612.6M(14336.0M)->3461.2M(14336.0M)]
 [Times: user=0.09 sys=0.00, real=0.02 secs] 
2022-07-26T13:22:09.172-0700: 403900.677: [GC concurrent-root-region-scan-start]
2022-07-26T13:22:09.181-0700: 403900.686: [GC concurrent-root-region-scan-end, 0.0090305 secs]
2022-07-26T13:22:09.181-0700: 403900.686: [GC concurrent-mark-start]
2022-07-26T13:22:11.781-0700: 403903.285: [GC concurrent-mark-end, 2.5991923 secs]
2022-07-26T13:22:11.781-0700: 403903.286: [GC remark 2022-07-26T13:22:11.781-0700: 403903.286: [Finalize Marking, 0.0004638 secs] 2022-07-26T13:22:11.782-0700: 403903.286: [GC ref-proc, 0.0077110 secs] 2022-07-26T13:22:11.789-0700: 403903.294: [Unloading, 0.0298716 secs], 0.0435593 secs]
 [Times: user=0.26 sys=0.00, real=0.05 secs] 
2022-07-26T13:22:11.825-0700: 403903.330: [GC cleanup 3669M->3669M(14336M), 0.0081199 secs]
 [Times: user=0.06 sys=0.00, real=0.00 secs] 
2022-07-26T13:23:54.568-0700: 404006.073: [GC pause (G1 Evacuation Pause) (young), 0.0112785 secs]
   [Parallel Time: 5.9 ms, GC Workers: 8]
      [GC Worker Start (ms): Min: 404006073.3, Avg: 404006073.4, Max: 404006073.4, Diff: 0.1]
      [Ext Root Scanning (ms): Min: 1.1, Avg: 1.8, Max: 5.4, Diff: 4.3, Sum: 14.7]
      [Update RS (ms): Min: 0.0, Avg: 1.7, Max: 2.2, Diff: 2.2, Sum: 14.0]
         [Processed Buffers: Min: 0, Avg: 7.8, Max: 21, Diff: 21, Sum: 62]
      [Scan RS (ms): Min: 0.0, Avg: 0.0, Max: 0.1, Diff: 0.1, Sum: 0.4]
      [Code Root Scanning (ms): Min: 0.0, Avg: 0.0, Max: 0.0, Diff: 0.0, Sum: 0.0]
      [Object Copy (ms): Min: 0.0, Avg: 1.8, Max: 2.1, Diff: 2.1, Sum: 14.4]
      [Termination (ms): Min: 0.0, Avg: 0.0, Max: 0.0, Diff: 0.0, Sum: 0.0]
         [Termination Attempts: Min: 7, Avg: 15.5, Max: 22, Diff: 15, Sum: 124]
      [GC Worker Other (ms): Min: 0.0, Avg: 0.1, Max: 0.2, Diff: 0.2, Sum: 0.6]
      [GC Worker Total (ms): Min: 5.4, Avg: 5.5, Max: 5.6, Diff: 0.1, Sum: 44.1]
      [GC Worker End (ms): Min: 404006078.8, Avg: 404006078.9, Max: 404006079.0, Diff: 0.2]
   [Code Root Fixup: 0.0 ms]
   [Code Root Purge: 0.0 ms]
   [Clear CT: 0.7 ms]
   [Other: 4.7 ms]
      [Choose CSet: 0.0 ms]
      [Ref Proc: 4.0 ms]
      [Ref Enq: 0.1 ms]
      [Redirty Cards: 0.1 ms]
      [Humongous Register: 0.1 ms]
      [Humongous Reclaim: 0.0 ms]
      [Free CSet: 0.3 ms]
   [Eden: 7152.0M(7152.0M)->0.0B(5712.0M) Survivors: 16384.0K->16384.0K Heap: 10613.2M(14336.0M)->3466.1M(14336.0M)]
 [Times: user=0.06 sys=0.00, real=0.01 secs] 
2022-07-26T13:25:21.761-0700: 404093.266: [GC pause (G1 Evacuation Pause) (mixed), 0.0128038 secs]
   [Parallel Time: 8.6 ms, GC Workers: 8]
      [GC Worker Start (ms): Min: 404093266.0, Avg: 404093266.1, Max: 404093266.2, Diff: 0.1]
      [Ext Root Scanning (ms): Min: 1.2, Avg: 2.1, Max: 7.0, Diff: 5.8, Sum: 16.5]
      [Update RS (ms): Min: 0.0, Avg: 2.3, Max: 2.9, Diff: 2.9, Sum: 18.7]
         [Processed Buffers: Min: 0, Avg: 7.1, Max: 14, Diff: 14, Sum: 57]
      [Scan RS (ms): Min: 0.0, Avg: 1.4, Max: 1.7, Diff: 1.7, Sum: 10.9]
      [Code Root Scanning (ms): Min: 0.0, Avg: 0.0, Max: 0.0, Diff: 0.0, Sum: 0.0]
      [Object Copy (ms): Min: 1.4, Avg: 2.5, Max: 2.7, Diff: 1.4, Sum: 20.0]
      [Termination (ms): Min: 0.0, Avg: 0.0, Max: 0.0, Diff: 0.0, Sum: 0.0]
         [Termination Attempts: Min: 3, Avg: 5.9, Max: 9, Diff: 6, Sum: 47]
      [GC Worker Other (ms): Min: 0.0, Avg: 0.0, Max: 0.1, Diff: 0.1, Sum: 0.3]
      [GC Worker Total (ms): Min: 8.2, Avg: 8.3, Max: 8.4, Diff: 0.2, Sum: 66.5]
      [GC Worker End (ms): Min: 404093274.4, Avg: 404093274.4, Max: 404093274.5, Diff: 0.1]
   [Code Root Fixup: 0.0 ms]
   [Code Root Purge: 0.0 ms]
   [Clear CT: 0.6 ms]
   [Other: 3.6 ms]
      [Choose CSet: 0.0 ms]
      [Ref Proc: 3.0 ms]
      [Ref Enq: 0.1 ms]
      [Redirty Cards: 0.1 ms]
      [Humongous Register: 0.1 ms]
      [Humongous Reclaim: 0.0 ms]
      [Free CSet: 0.2 ms]
   [Eden: 5712.0M(5712.0M)->0.0B(7152.0M) Survivors: 16384.0K->16384.0K Heap: 9178.1M(14336.0M)->3448.1M(14336.0M)]
 [Times: user=0.08 sys=0.00, real=0.01 secs] 
2022-07-26T13:27:13.468-0700: 404204.972: [GC pause (G1 Evacuation Pause) (young), 0.0123724 secs]
   [Parallel Time: 6.8 ms, GC Workers: 8]
      [GC Worker Start (ms): Min: 404204972.5, Avg: 404204972.6, Max: 404204972.7, Diff: 0.2]
      [Ext Root Scanning (ms): Min: 1.4, Avg: 2.2, Max: 6.1, Diff: 4.7, Sum: 17.3]
      [Update RS (ms): Min: 0.0, Avg: 2.6, Max: 3.3, Diff: 3.3, Sum: 21.0]
         [Processed Buffers: Min: 0, Avg: 9.9, Max: 15, Diff: 15, Sum: 79]
      [Scan RS (ms): Min: 0.0, Avg: 0.0, Max: 0.1, Diff: 0.1, Sum: 0.4]
      [Code Root Scanning (ms): Min: 0.0, Avg: 0.0, Max: 0.0, Diff: 0.0, Sum: 0.0]
      [Object Copy (ms): Min: 0.4, Avg: 1.6, Max: 2.0, Diff: 1.5, Sum: 12.7]
      [Termination (ms): Min: 0.0, Avg: 0.0, Max: 0.0, Diff: 0.0, Sum: 0.0]
         [Termination Attempts: Min: 1, Avg: 3.0, Max: 5, Diff: 4, Sum: 24]
      [GC Worker Other (ms): Min: 0.0, Avg: 0.1, Max: 0.1, Diff: 0.1, Sum: 0.5]
      [GC Worker Total (ms): Min: 6.4, Avg: 6.5, Max: 6.6, Diff: 0.2, Sum: 51.9]
      [GC Worker End (ms): Min: 404204979.1, Avg: 404204979.1, Max: 404204979.1, Diff: 0.1]
   [Code Root Fixup: 0.0 ms]
   [Code Root Purge: 0.0 ms]
   [Clear CT: 0.7 ms]
   [Other: 4.9 ms]
      [Choose CSet: 0.0 ms]
      [Ref Proc: 4.2 ms]
      [Ref Enq: 0.1 ms]
      [Redirty Cards: 0.1 ms]
      [Humongous Register: 0.1 ms]
      [Humongous Reclaim: 0.0 ms]
      [Free CSet: 0.3 ms]
   [Eden: 7152.0M(7152.0M)->0.0B(7152.0M) Survivors: 16384.0K->16384.0K Heap: 10600.1M(14336.0M)->3449.7M(14336.0M)]
 [Times: user=0.06 sys=0.00, real=0.01 secs] 
2022-07-26T13:29:01.266-0700: 404312.771: [GC pause (G1 Evacuation Pause) (young) (initial-mark), 0.0175078 secs]
   [Parallel Time: 12.4 ms, GC Workers: 8]
      [GC Worker Start (ms): Min: 404312773.4, Avg: 404312773.4, Max: 404312773.5, Diff: 0.2]
      [Ext Root Scanning (ms): Min: 6.2, Avg: 6.5, Max: 6.9, Diff: 0.7, Sum: 51.7]
      [Update RS (ms): Min: 1.3, Avg: 1.5, Max: 1.7, Diff: 0.4, Sum: 12.1]
         [Processed Buffers: Min: 3, Avg: 6.5, Max: 14, Diff: 11, Sum: 52]
      [Scan RS (ms): Min: 0.0, Avg: 0.0, Max: 0.1, Diff: 0.1, Sum: 0.4]
      [Code Root Scanning (ms): Min: 0.0, Avg: 0.0, Max: 0.0, Diff: 0.0, Sum: 0.1]
      [Object Copy (ms): Min: 1.7, Avg: 2.0, Max: 2.2, Diff: 0.4, Sum: 15.8]
      [Termination (ms): Min: 0.0, Avg: 0.0, Max: 0.0, Diff: 0.0, Sum: 0.1]
         [Termination Attempts: Min: 12, Avg: 17.1, Max: 21, Diff: 9, Sum: 137]
      [GC Worker Other (ms): Min: 0.0, Avg: 0.1, Max: 0.1, Diff: 0.1, Sum: 0.4]
      [GC Worker Total (ms): Min: 9.9, Avg: 10.1, Max: 10.2, Diff: 0.3, Sum: 80.5]
      [GC Worker End (ms): Min: 404312783.5, Avg: 404312783.5, Max: 404312783.6, Diff: 0.1]
   [Code Root Fixup: 0.0 ms]
   [Code Root Purge: 0.0 ms]
   [Clear CT: 0.7 ms]
   [Other: 4.3 ms]
      [Choose CSet: 0.0 ms]
      [Ref Proc: 3.6 ms]
      [Ref Enq: 0.1 ms]
      [Redirty Cards: 0.1 ms]
      [Humongous Register: 0.0 ms]
      [Humongous Reclaim: 0.0 ms]
      [Free CSet: 0.3 ms]
   [Eden: 7152.0M(7152.0M)->0.0B(7152.0M) Survivors: 16384.0K->16384.0K Heap: 10601.7M(14336.0M)->3453.8M(14336.0M)]
 [Times: user=0.08 sys=0.00, real=0.02 secs] 
2022-07-26T13:29:01.284-0700: 404312.789: [GC concurrent-root-region-scan-start]
2022-07-26T13:29:01.296-0700: 404312.801: [GC concurrent-root-region-scan-end, 0.0118669 secs]
2022-07-26T13:29:01.296-0700: 404312.801: [GC concurrent-mark-start]
2022-07-26T13:29:03.956-0700: 404315.461: [GC concurrent-mark-end, 2.6598522 secs]
2022-07-26T13:29:03.956-0700: 404315.461: [GC remark 2022-07-26T13:29:03.956-0700: 404315.461: [Finalize Marking, 0.0002075 secs] 2022-07-26T13:29:03.956-0700: 404315.461: [GC ref-proc, 0.0115169 secs] 2022-07-26T13:29:03.968-0700: 404315.473: [Unloading, 0.0297367 secs], 0.0470655 secs]
 [Times: user=0.27 sys=0.00, real=0.05 secs] 
2022-07-26T13:29:04.004-0700: 404315.508: [GC cleanup 3621M->3621M(14336M), 0.0086194 secs]
 [Times: user=0.06 sys=0.00, real=0.00 secs] 
2022-07-26T13:32:33.112-0700: 404524.617: [GC pause (G1 Evacuation Pause) (young), 0.0129596 secs]
   [Parallel Time: 9.0 ms, GC Workers: 8]
      [GC Worker Start (ms): Min: 404524616.9, Avg: 404524617.0, Max: 404524617.0, Diff: 0.2]
      [Ext Root Scanning (ms): Min: 1.2, Avg: 1.9, Max: 5.6, Diff: 4.4, Sum: 15.4]
      [Update RS (ms): Min: 0.5, Avg: 3.8, Max: 4.6, Diff: 4.1, Sum: 30.5]
         [Processed Buffers: Min: 7, Avg: 12.4, Max: 22, Diff: 15, Sum: 99]
      [Scan RS (ms): Min: 0.0, Avg: 0.1, Max: 0.1, Diff: 0.1, Sum: 0.5]
      [Code Root Scanning (ms): Min: 0.0, Avg: 0.0, Max: 0.0, Diff: 0.0, Sum: 0.0]
      [Object Copy (ms): Min: 2.4, Avg: 2.7, Max: 2.8, Diff: 0.4, Sum: 21.4]
      [Termination (ms): Min: 0.0, Avg: 0.0, Max: 0.0, Diff: 0.0, Sum: 0.0]
         [Termination Attempts: Min: 1, Avg: 1.0, Max: 1, Diff: 0, Sum: 8]
      [GC Worker Other (ms): Min: 0.0, Avg: 0.1, Max: 0.1, Diff: 0.1, Sum: 0.6]
      [GC Worker Total (ms): Min: 8.5, Avg: 8.6, Max: 8.7, Diff: 0.3, Sum: 68.5]
      [GC Worker End (ms): Min: 404524625.5, Avg: 404524625.5, Max: 404524625.6, Diff: 0.1]
   [Code Root Fixup: 0.0 ms]
   [Code Root Purge: 0.0 ms]
   [Clear CT: 0.7 ms]
   [Other: 3.2 ms]
      [Choose CSet: 0.0 ms]
      [Ref Proc: 2.5 ms]
      [Ref Enq: 0.1 ms]
      [Redirty Cards: 0.1 ms]
      [Humongous Register: 0.1 ms]
      [Humongous Reclaim: 0.0 ms]
      [Free CSet: 0.3 ms]
   [Eden: 7152.0M(7152.0M)->0.0B(7152.0M) Survivors: 16384.0K->16384.0K Heap: 10605.8M(14336.0M)->3454.9M(14336.0M)]
 [Times: user=0.08 sys=0.00, real=0.02 secs] 
2022-07-26T13:49:47.412-0700: 405558.917: [GC pause (G1 Evacuation Pause) (young), 0.0123645 secs]
   [Parallel Time: 7.7 ms, GC Workers: 8]
      [GC Worker Start (ms): Min: 405558916.7, Avg: 405558916.8, Max: 405558916.9, Diff: 0.1]
      [Ext Root Scanning (ms): Min: 1.2, Avg: 1.9, Max: 5.8, Diff: 4.6, Sum: 15.2]
      [Update RS (ms): Min: 0.0, Avg: 2.6, Max: 3.3, Diff: 3.3, Sum: 21.0]
         [Processed Buffers: Min: 0, Avg: 26.2, Max: 73, Diff: 73, Sum: 210]
      [Scan RS (ms): Min: 0.0, Avg: 0.1, Max: 0.1, Diff: 0.1, Sum: 0.5]
      [Code Root Scanning (ms): Min: 0.0, Avg: 0.0, Max: 0.0, Diff: 0.0, Sum: 0.0]
      [Object Copy (ms): Min: 1.6, Avg: 2.8, Max: 3.0, Diff: 1.4, Sum: 22.0]
      [Termination (ms): Min: 0.0, Avg: 0.0, Max: 0.0, Diff: 0.0, Sum: 0.0]
         [Termination Attempts: Min: 1, Avg: 1.0, Max: 1, Diff: 0, Sum: 8]
      [GC Worker Other (ms): Min: 0.0, Avg: 0.1, Max: 0.1, Diff: 0.1, Sum: 0.5]
      [GC Worker Total (ms): Min: 7.4, Avg: 7.4, Max: 7.5, Diff: 0.2, Sum: 59.3]
      [GC Worker End (ms): Min: 405558924.2, Avg: 405558924.2, Max: 405558924.2, Diff: 0.1]
   [Code Root Fixup: 0.0 ms]
   [Code Root Purge: 0.0 ms]
   [Clear CT: 0.8 ms]
   [Other: 3.9 ms]
      [Choose CSet: 0.0 ms]
      [Ref Proc: 3.2 ms]
      [Ref Enq: 0.1 ms]
      [Redirty Cards: 0.1 ms]
      [Humongous Register: 0.1 ms]
      [Humongous Reclaim: 0.0 ms]
      [Free CSet: 0.3 ms]
   [Eden: 7152.0M(7152.0M)->0.0B(7152.0M) Survivors: 16384.0K->16384.0K Heap: 10606.9M(14336.0M)->3459.5M(14336.0M)]
 [Times: user=0.08 sys=0.00, real=0.02 secs] 
2022-07-26T14:06:34.763-0700: 406566.267: [GC pause (G1 Evacuation Pause) (young) (initial-mark), 0.0179506 secs]
   [Parallel Time: 13.4 ms, GC Workers: 8]
      [GC Worker Start (ms): Min: 406566269.5, Avg: 406566269.6, Max: 406566269.7, Diff: 0.1]
      [Ext Root Scanning (ms): Min: 6.4, Avg: 6.7, Max: 7.0, Diff: 0.5, Sum: 53.4]
      [Update RS (ms): Min: 3.4, Avg: 3.5, Max: 3.6, Diff: 0.2, Sum: 28.2]
         [Processed Buffers: Min: 9, Avg: 28.0, Max: 54, Diff: 45, Sum: 224]
      [Scan RS (ms): Min: 0.0, Avg: 0.1, Max: 0.1, Diff: 0.1, Sum: 0.4]
      [Code Root Scanning (ms): Min: 0.0, Avg: 0.0, Max: 0.0, Diff: 0.0, Sum: 0.0]
      [Object Copy (ms): Min: 0.1, Avg: 0.5, Max: 0.7, Diff: 0.6, Sum: 3.9]
      [Termination (ms): Min: 0.0, Avg: 0.0, Max: 0.0, Diff: 0.0, Sum: 0.0]
         [Termination Attempts: Min: 1, Avg: 4.0, Max: 7, Diff: 6, Sum: 32]
      [GC Worker Other (ms): Min: 0.0, Avg: 0.1, Max: 0.2, Diff: 0.2, Sum: 1.0]
      [GC Worker Total (ms): Min: 10.7, Avg: 10.9, Max: 11.0, Diff: 0.3, Sum: 86.9]
      [GC Worker End (ms): Min: 406566280.4, Avg: 406566280.5, Max: 406566280.6, Diff: 0.2]
   [Code Root Fixup: 0.0 ms]
   [Code Root Purge: 0.0 ms]
   [Clear CT: 0.7 ms]
   [Other: 3.9 ms]
      [Choose CSet: 0.0 ms]
      [Ref Proc: 3.1 ms]
      [Ref Enq: 0.1 ms]
      [Redirty Cards: 0.1 ms]
      [Humongous Register: 0.0 ms]
      [Humongous Reclaim: 0.0 ms]
      [Free CSet: 0.3 ms]
   [Eden: 7152.0M(7152.0M)->0.0B(7152.0M) Survivors: 16384.0K->16384.0K Heap: 10611.5M(14336.0M)->3454.6M(14336.0M)]
 [Times: user=0.09 sys=0.00, real=0.02 secs] 
2022-07-26T14:06:34.781-0700: 406566.285: [GC concurrent-root-region-scan-start]
2022-07-26T14:06:34.785-0700: 406566.290: [GC concurrent-root-region-scan-end, 0.0046044 secs]
2022-07-26T14:06:34.785-0700: 406566.290: [GC concurrent-mark-start]
2022-07-26T14:06:37.233-0700: 406568.738: [GC concurrent-mark-end, 2.4475691 secs]
2022-07-26T14:06:37.233-0700: 406568.738: [GC remark 2022-07-26T14:06:37.233-0700: 406568.738: [Finalize Marking, 0.0003753 secs] 2022-07-26T14:06:37.234-0700: 406568.738: [GC ref-proc, 0.0126766 secs] 2022-07-26T14:06:37.246-0700: 406568.751: [Unloading, 0.0294769 secs], 0.0478935 secs]
 [Times: user=0.27 sys=0.00, real=0.05 secs] 
2022-07-26T14:06:37.281-0700: 406568.786: [GC cleanup 3518M->3486M(14336M), 0.0084129 secs]
 [Times: user=0.06 sys=0.00, real=0.01 secs] 
2022-07-26T14:06:37.290-0700: 406568.795: [GC concurrent-cleanup-start]
2022-07-26T14:06:37.290-0700: 406568.795: [GC concurrent-cleanup-end, 0.0000269 secs]
2022-07-26T14:22:57.031-0700: 407548.536: [GC pause (G1 Evacuation Pause) (young), 0.0129359 secs]
   [Parallel Time: 5.6 ms, GC Workers: 8]
      [GC Worker Start (ms): Min: 407548535.9, Avg: 407548536.0, Max: 407548536.1, Diff: 0.2]
      [Ext Root Scanning (ms): Min: 1.2, Avg: 1.9, Max: 5.4, Diff: 4.3, Sum: 15.4]
      [Update RS (ms): Min: 0.0, Avg: 0.4, Max: 0.8, Diff: 0.8, Sum: 3.4]
         [Processed Buffers: Min: 0, Avg: 22.0, Max: 59, Diff: 59, Sum: 176]
      [Scan RS (ms): Min: 0.0, Avg: 0.1, Max: 0.2, Diff: 0.1, Sum: 0.6]
      [Code Root Scanning (ms): Min: 0.0, Avg: 0.0, Max: 0.0, Diff: 0.0, Sum: 0.0]
      [Object Copy (ms): Min: 0.0, Avg: 1.7, Max: 2.2, Diff: 2.2, Sum: 13.8]
      [Termination (ms): Min: 0.0, Avg: 1.2, Max: 1.4, Diff: 1.4, Sum: 9.9]
         [Termination Attempts: Min: 1, Avg: 43.6, Max: 53, Diff: 52, Sum: 349]
      [GC Worker Other (ms): Min: 0.0, Avg: 0.0, Max: 0.0, Diff: 0.0, Sum: 0.2]
      [GC Worker Total (ms): Min: 5.3, Avg: 5.4, Max: 5.5, Diff: 0.2, Sum: 43.4]
      [GC Worker End (ms): Min: 407548541.4, Avg: 407548541.4, Max: 407548541.4, Diff: 0.1]
   [Code Root Fixup: 0.0 ms]
   [Code Root Purge: 0.0 ms]
   [Clear CT: 0.9 ms]
   [Other: 6.5 ms]
      [Choose CSet: 0.0 ms]
      [Ref Proc: 5.7 ms]
      [Ref Enq: 0.1 ms]
      [Redirty Cards: 0.1 ms]
      [Humongous Register: 0.1 ms]
      [Humongous Reclaim: 0.0 ms]
      [Free CSet: 0.3 ms]
   [Eden: 7152.0M(7152.0M)->0.0B(5712.0M) Survivors: 16384.0K->16384.0K Heap: 10574.6M(14336.0M)->3423.7M(14336.0M)]
 [Times: user=0.06 sys=0.00, real=0.02 secs] 
2022-07-26T14:36:47.311-0700: 408378.816: [GC pause (G1 Evacuation Pause) (mixed), 0.0132986 secs]
   [Parallel Time: 8.2 ms, GC Workers: 8]
      [GC Worker Start (ms): Min: 408378816.1, Avg: 408378816.2, Max: 408378816.2, Diff: 0.1]
      [Ext Root Scanning (ms): Min: 1.2, Avg: 2.2, Max: 7.9, Diff: 6.7, Sum: 17.7]
      [Update RS (ms): Min: 0.0, Avg: 0.3, Max: 0.7, Diff: 0.7, Sum: 2.8]
         [Processed Buffers: Min: 0, Avg: 18.8, Max: 72, Diff: 72, Sum: 150]
      [Scan RS (ms): Min: 0.0, Avg: 1.2, Max: 1.5, Diff: 1.5, Sum: 9.4]
      [Code Root Scanning (ms): Min: 0.0, Avg: 0.0, Max: 0.0, Diff: 0.0, Sum: 0.0]
      [Object Copy (ms): Min: 0.0, Avg: 2.9, Max: 3.4, Diff: 3.4, Sum: 23.0]
      [Termination (ms): Min: 0.0, Avg: 1.3, Max: 1.5, Diff: 1.5, Sum: 10.3]
         [Termination Attempts: Min: 1, Avg: 1.0, Max: 1, Diff: 0, Sum: 8]
      [GC Worker Other (ms): Min: 0.0, Avg: 0.0, Max: 0.1, Diff: 0.0, Sum: 0.2]
      [GC Worker Total (ms): Min: 7.8, Avg: 7.9, Max: 8.0, Diff: 0.1, Sum: 63.3]
      [GC Worker End (ms): Min: 408378824.1, Avg: 408378824.1, Max: 408378824.1, Diff: 0.0]
   [Code Root Fixup: 0.0 ms]
   [Code Root Purge: 0.0 ms]
   [Clear CT: 0.6 ms]
   [Other: 4.5 ms]
      [Choose CSet: 0.0 ms]
      [Ref Proc: 3.8 ms]
      [Ref Enq: 0.1 ms]
      [Redirty Cards: 0.1 ms]
      [Humongous Register: 0.1 ms]
      [Humongous Reclaim: 0.0 ms]
      [Free CSet: 0.3 ms]
   [Eden: 5712.0M(5712.0M)->0.0B(7152.0M) Survivors: 16384.0K->16384.0K Heap: 9135.7M(14336.0M)->3281.5M(14336.0M)]
 [Times: user=0.08 sys=0.00, real=0.02 secs] 
2022-07-26T14:53:28.262-0700: 409379.766: [GC pause (G1 Evacuation Pause) (young), 0.0119041 secs]
   [Parallel Time: 6.2 ms, GC Workers: 8]
      [GC Worker Start (ms): Min: 409379766.6, Avg: 409379766.7, Max: 409379766.8, Diff: 0.2]
      [Ext Root Scanning (ms): Min: 1.4, Avg: 2.1, Max: 6.0, Diff: 4.7, Sum: 16.8]
      [Update RS (ms): Min: 0.0, Avg: 2.1, Max: 2.5, Diff: 2.5, Sum: 16.4]
         [Processed Buffers: Min: 0, Avg: 23.6, Max: 48, Diff: 48, Sum: 189]
      [Scan RS (ms): Min: 0.0, Avg: 0.1, Max: 0.1, Diff: 0.1, Sum: 0.6]
      [Code Root Scanning (ms): Min: 0.0, Avg: 0.0, Max: 0.0, Diff: 0.0, Sum: 0.0]
      [Object Copy (ms): Min: 0.0, Avg: 0.5, Max: 0.7, Diff: 0.7, Sum: 4.1]
      [Termination (ms): Min: 0.0, Avg: 1.2, Max: 1.4, Diff: 1.4, Sum: 9.9]
         [Termination Attempts: Min: 1, Avg: 8.6, Max: 13, Diff: 12, Sum: 69]
      [GC Worker Other (ms): Min: 0.0, Avg: 0.0, Max: 0.0, Diff: 0.0, Sum: 0.1]
      [GC Worker Total (ms): Min: 5.9, Avg: 6.0, Max: 6.1, Diff: 0.2, Sum: 48.0]
      [GC Worker End (ms): Min: 409379772.7, Avg: 409379772.7, Max: 409379772.8, Diff: 0.0]
   [Code Root Fixup: 0.0 ms]
   [Code Root Purge: 0.0 ms]
   [Clear CT: 0.7 ms]
   [Other: 5.0 ms]
      [Choose CSet: 0.0 ms]
      [Ref Proc: 4.3 ms]
      [Ref Enq: 0.1 ms]
      [Redirty Cards: 0.1 ms]
      [Humongous Register: 0.0 ms]
      [Humongous Reclaim: 0.0 ms]
      [Free CSet: 0.3 ms]
   [Eden: 7152.0M(7152.0M)->0.0B(7152.0M) Survivors: 16384.0K->16384.0K Heap: 10433.5M(14336.0M)->3286.2M(14336.0M)]
 [Times: user=0.07 sys=0.00, real=0.01 secs] 
2022-07-26T15:10:06.212-0700: 410377.717: [GC pause (G1 Evacuation Pause) (young) (initial-mark), 0.0143699 secs]
   [Parallel Time: 9.1 ms, GC Workers: 8]
      [GC Worker Start (ms): Min: 410377718.8, Avg: 410377718.9, Max: 410377718.9, Diff: 0.1]
      [Ext Root Scanning (ms): Min: 5.6, Avg: 5.8, Max: 6.1, Diff: 0.6, Sum: 46.5]
      [Update RS (ms): Min: 0.2, Avg: 0.3, Max: 0.5, Diff: 0.3, Sum: 2.2]
         [Processed Buffers: Min: 1, Avg: 21.8, Max: 53, Diff: 52, Sum: 174]
      [Scan RS (ms): Min: 0.0, Avg: 0.1, Max: 0.1, Diff: 0.1, Sum: 0.5]
      [Code Root Scanning (ms): Min: 0.0, Avg: 0.0, Max: 0.0, Diff: 0.0, Sum: 0.0]
      [Object Copy (ms): Min: 0.1, Avg: 0.5, Max: 0.8, Diff: 0.6, Sum: 4.3]
      [Termination (ms): Min: 0.0, Avg: 0.1, Max: 0.1, Diff: 0.1, Sum: 0.7]
         [Termination Attempts: Min: 1, Avg: 2.0, Max: 4, Diff: 3, Sum: 16]
      [GC Worker Other (ms): Min: 0.0, Avg: 0.0, Max: 0.1, Diff: 0.0, Sum: 0.2]
      [GC Worker Total (ms): Min: 6.7, Avg: 6.8, Max: 6.9, Diff: 0.1, Sum: 54.4]
      [GC Worker End (ms): Min: 410377725.6, Avg: 410377725.7, Max: 410377725.7, Diff: 0.1]
   [Code Root Fixup: 0.0 ms]
   [Code Root Purge: 0.0 ms]
   [Clear CT: 0.7 ms]
   [Other: 4.6 ms]
      [Choose CSet: 0.0 ms]
      [Ref Proc: 3.9 ms]
      [Ref Enq: 0.1 ms]
      [Redirty Cards: 0.1 ms]
      [Humongous Register: 0.0 ms]
      [Humongous Reclaim: 0.0 ms]
      [Free CSet: 0.3 ms]
   [Eden: 7152.0M(7152.0M)->0.0B(7152.0M) Survivors: 16384.0K->16384.0K Heap: 10438.2M(14336.0M)->3286.5M(14336.0M)]
 [Times: user=0.06 sys=0.00, real=0.02 secs] 
2022-07-26T15:10:06.226-0700: 410377.731: [GC concurrent-root-region-scan-start]
2022-07-26T15:10:06.231-0700: 410377.736: [GC concurrent-root-region-scan-end, 0.0048093 secs]
2022-07-26T15:10:06.231-0700: 410377.736: [GC concurrent-mark-start]
2022-07-26T15:10:08.678-0700: 410380.182: [GC concurrent-mark-end, 2.4463957 secs]
2022-07-26T15:10:08.678-0700: 410380.183: [GC remark 2022-07-26T15:10:08.678-0700: 410380.183: [Finalize Marking, 0.0003124 secs] 2022-07-26T15:10:08.678-0700: 410380.183: [GC ref-proc, 0.0086720 secs] 2022-07-26T15:10:08.687-0700: 410380.192: [Unloading, 0.0270652 secs], 0.0414163 secs]
 [Times: user=0.25 sys=0.00, real=0.04 secs] 
2022-07-26T15:10:08.720-0700: 410380.224: [GC cleanup 3350M->3350M(14336M), 0.0081150 secs]
 [Times: user=0.06 sys=0.00, real=0.01 secs] 
2022-07-26T15:26:46.512-0700: 411378.017: [GC pause (G1 Evacuation Pause) (young), 0.0120509 secs]
   [Parallel Time: 6.1 ms, GC Workers: 8]
      [GC Worker Start (ms): Min: 411378016.7, Avg: 411378016.7, Max: 411378016.8, Diff: 0.1]
      [Ext Root Scanning (ms): Min: 1.2, Avg: 1.9, Max: 6.0, Diff: 4.8, Sum: 15.4]
      [Update RS (ms): Min: 0.0, Avg: 0.4, Max: 0.8, Diff: 0.8, Sum: 2.8]
         [Processed Buffers: Min: 0, Avg: 22.0, Max: 52, Diff: 52, Sum: 176]
      [Scan RS (ms): Min: 0.0, Avg: 0.1, Max: 0.2, Diff: 0.1, Sum: 0.6]
      [Code Root Scanning (ms): Min: 0.0, Avg: 0.0, Max: 0.0, Diff: 0.0, Sum: 0.0]
      [Object Copy (ms): Min: 0.0, Avg: 0.5, Max: 0.7, Diff: 0.7, Sum: 3.9]
      [Termination (ms): Min: 0.0, Avg: 3.1, Max: 3.6, Diff: 3.6, Sum: 25.0]
         [Termination Attempts: Min: 1, Avg: 5.9, Max: 8, Diff: 7, Sum: 47]
      [GC Worker Other (ms): Min: 0.0, Avg: 0.0, Max: 0.0, Diff: 0.0, Sum: 0.1]
      [GC Worker Total (ms): Min: 5.9, Avg: 6.0, Max: 6.0, Diff: 0.1, Sum: 47.9]
      [GC Worker End (ms): Min: 411378022.7, Avg: 411378022.7, Max: 411378022.7, Diff: 0.0]
   [Code Root Fixup: 0.0 ms]
   [Code Root Purge: 0.0 ms]
   [Clear CT: 0.7 ms]
   [Other: 5.3 ms]
      [Choose CSet: 0.0 ms]
      [Ref Proc: 4.6 ms]
      [Ref Enq: 0.1 ms]
      [Redirty Cards: 0.1 ms]
      [Humongous Register: 0.1 ms]
      [Humongous Reclaim: 0.0 ms]
      [Free CSet: 0.3 ms]
   [Eden: 7152.0M(7152.0M)->0.0B(5712.0M) Survivors: 16384.0K->16384.0K Heap: 10438.5M(14336.0M)->3286.5M(14336.0M)]
 [Times: user=0.06 sys=0.00, real=0.02 secs] 
2022-07-26T15:40:00.411-0700: 412171.916: [GC pause (G1 Evacuation Pause) (mixed), 0.0096269 secs]
   [Parallel Time: 6.4 ms, GC Workers: 8]
      [GC Worker Start (ms): Min: 412171916.0, Avg: 412171916.0, Max: 412171916.0, Diff: 0.1]
      [Ext Root Scanning (ms): Min: 1.1, Avg: 1.9, Max: 6.2, Diff: 5.2, Sum: 15.1]
      [Update RS (ms): Min: 0.0, Avg: 0.2, Max: 0.5, Diff: 0.5, Sum: 1.9]
         [Processed Buffers: Min: 0, Avg: 19.1, Max: 54, Diff: 54, Sum: 153]
      [Scan RS (ms): Min: 0.0, Avg: 0.6, Max: 0.9, Diff: 0.9, Sum: 5.1]
      [Code Root Scanning (ms): Min: 0.0, Avg: 0.1, Max: 0.6, Diff: 0.6, Sum: 0.6]
      [Object Copy (ms): Min: 0.0, Avg: 2.8, Max: 4.5, Diff: 4.5, Sum: 22.6]
      [Termination (ms): Min: 0.0, Avg: 0.6, Max: 0.7, Diff: 0.7, Sum: 4.5]
         [Termination Attempts: Min: 1, Avg: 3.0, Max: 5, Diff: 4, Sum: 24]
      [GC Worker Other (ms): Min: 0.0, Avg: 0.0, Max: 0.0, Diff: 0.0, Sum: 0.1]
      [GC Worker Total (ms): Min: 6.2, Avg: 6.2, Max: 6.3, Diff: 0.1, Sum: 49.9]
      [GC Worker End (ms): Min: 412171922.2, Avg: 412171922.2, Max: 412171922.3, Diff: 0.0]
   [Code Root Fixup: 0.0 ms]
   [Code Root Purge: 0.0 ms]
   [Clear CT: 0.6 ms]
   [Other: 2.6 ms]
      [Choose CSet: 0.0 ms]
      [Ref Proc: 2.0 ms]
      [Ref Enq: 0.1 ms]
      [Redirty Cards: 0.1 ms]
      [Humongous Register: 0.0 ms]
      [Humongous Reclaim: 0.0 ms]
      [Free CSet: 0.2 ms]
   [Eden: 5712.0M(5712.0M)->0.0B(7152.0M) Survivors: 16384.0K->16384.0K Heap: 8998.5M(14336.0M)->3277.2M(14336.0M)]
 [Times: user=0.06 sys=0.00, real=0.01 secs] 
2022-07-26T15:56:52.839-0700: 413184.343: [GC pause (G1 Evacuation Pause) (young), 0.0112271 secs]
   [Parallel Time: 6.2 ms, GC Workers: 8]
      [GC Worker Start (ms): Min: 413184343.5, Avg: 413184343.6, Max: 413184343.6, Diff: 0.2]
      [Ext Root Scanning (ms): Min: 1.3, Avg: 2.1, Max: 5.7, Diff: 4.4, Sum: 16.7]
      [Update RS (ms): Min: 0.0, Avg: 3.1, Max: 4.0, Diff: 4.0, Sum: 24.8]
         [Processed Buffers: Min: 0, Avg: 27.2, Max: 74, Diff: 74, Sum: 218]
      [Scan RS (ms): Min: 0.0, Avg: 0.1, Max: 0.1, Diff: 0.1, Sum: 0.5]
      [Code Root Scanning (ms): Min: 0.0, Avg: 0.0, Max: 0.0, Diff: 0.0, Sum: 0.0]
      [Object Copy (ms): Min: 0.1, Avg: 0.5, Max: 0.7, Diff: 0.6, Sum: 4.2]
      [Termination (ms): Min: 0.0, Avg: 0.0, Max: 0.0, Diff: 0.0, Sum: 0.0]
         [Termination Attempts: Min: 1, Avg: 3.4, Max: 5, Diff: 4, Sum: 27]
      [GC Worker Other (ms): Min: 0.0, Avg: 0.1, Max: 0.2, Diff: 0.2, Sum: 0.7]
      [GC Worker Total (ms): Min: 5.7, Avg: 5.9, Max: 6.0, Diff: 0.3, Sum: 46.9]
      [GC Worker End (ms): Min: 413184349.4, Avg: 413184349.4, Max: 413184349.5, Diff: 0.2]
   [Code Root Fixup: 0.0 ms]
   [Code Root Purge: 0.0 ms]
   [Clear CT: 0.6 ms]
   [Other: 4.4 ms]
      [Choose CSet: 0.0 ms]
      [Ref Proc: 3.6 ms]
      [Ref Enq: 0.1 ms]
      [Redirty Cards: 0.1 ms]
      [Humongous Register: 0.1 ms]
      [Humongous Reclaim: 0.0 ms]
      [Free CSet: 0.3 ms]
   [Eden: 7152.0M(7152.0M)->0.0B(7152.0M) Survivors: 16384.0K->16384.0K Heap: 10429.2M(14336.0M)->3279.2M(14336.0M)]
 [Times: user=0.05 sys=0.00, real=0.01 secs] 
2022-07-26T16:13:32.312-0700: 414183.817: [GC pause (G1 Evacuation Pause) (young) (initial-mark), 0.0150093 secs]
   [Parallel Time: 10.0 ms, GC Workers: 8]
      [GC Worker Start (ms): Min: 414183819.3, Avg: 414183819.4, Max: 414183819.5, Diff: 0.2]
      [Ext Root Scanning (ms): Min: 6.2, Avg: 6.5, Max: 6.8, Diff: 0.6, Sum: 51.9]
      [Update RS (ms): Min: 0.2, Avg: 0.3, Max: 0.6, Diff: 0.4, Sum: 2.4]
         [Processed Buffers: Min: 1, Avg: 20.1, Max: 44, Diff: 43, Sum: 161]
      [Scan RS (ms): Min: 0.0, Avg: 0.1, Max: 0.1, Diff: 0.1, Sum: 0.5]
      [Code Root Scanning (ms): Min: 0.0, Avg: 0.0, Max: 0.0, Diff: 0.0, Sum: 0.0]
      [Object Copy (ms): Min: 0.2, Avg: 0.6, Max: 0.8, Diff: 0.6, Sum: 4.4]
      [Termination (ms): Min: 0.0, Avg: 0.1, Max: 0.1, Diff: 0.1, Sum: 0.5]
         [Termination Attempts: Min: 1, Avg: 2.8, Max: 5, Diff: 4, Sum: 22]
      [GC Worker Other (ms): Min: 0.0, Avg: 0.0, Max: 0.1, Diff: 0.0, Sum: 0.2]
      [GC Worker Total (ms): Min: 7.4, Avg: 7.5, Max: 7.6, Diff: 0.2, Sum: 60.0]
      [GC Worker End (ms): Min: 414183826.9, Avg: 414183826.9, Max: 414183827.0, Diff: 0.0]
   [Code Root Fixup: 0.0 ms]
   [Code Root Purge: 0.0 ms]
   [Clear CT: 0.6 ms]
   [Other: 4.4 ms]
      [Choose CSet: 0.0 ms]
      [Ref Proc: 3.7 ms]
      [Ref Enq: 0.1 ms]
      [Redirty Cards: 0.1 ms]
      [Humongous Register: 0.0 ms]
      [Humongous Reclaim: 0.0 ms]
      [Free CSet: 0.3 ms]
   [Eden: 7152.0M(7152.0M)->0.0B(7152.0M) Survivors: 16384.0K->16384.0K Heap: 10431.2M(14336.0M)->3279.5M(14336.0M)]
 [Times: user=0.06 sys=0.01, real=0.02 secs] 
2022-07-26T16:13:32.327-0700: 414183.832: [GC concurrent-root-region-scan-start]
2022-07-26T16:13:32.332-0700: 414183.837: [GC concurrent-root-region-scan-end, 0.0046852 secs]
2022-07-26T16:13:32.332-0700: 414183.837: [GC concurrent-mark-start]
2022-07-26T16:13:34.785-0700: 414186.289: [GC concurrent-mark-end, 2.4523552 secs]
2022-07-26T16:13:34.785-0700: 414186.290: [GC remark 2022-07-26T16:13:34.785-0700: 414186.290: [Finalize Marking, 0.0002113 secs] 2022-07-26T16:13:34.785-0700: 414186.290: [GC ref-proc, 0.0071622 secs] 2022-07-26T16:13:34.792-0700: 414186.297: [Unloading, 0.0294406 secs], 0.0420838 secs]
 [Times: user=0.26 sys=0.00, real=0.04 secs] 
2022-07-26T16:13:34.827-0700: 414186.332: [GC cleanup 3355M->3355M(14336M), 0.0082209 secs]
 [Times: user=0.05 sys=0.00, real=0.01 secs] 
2022-07-26T16:30:11.911-0700: 415183.416: [GC pause (G1 Evacuation Pause) (young), 0.0115869 secs]
   [Parallel Time: 6.2 ms, GC Workers: 8]
      [GC Worker Start (ms): Min: 415183415.8, Avg: 415183415.9, Max: 415183415.9, Diff: 0.1]
      [Ext Root Scanning (ms): Min: 1.2, Avg: 2.0, Max: 6.0, Diff: 4.8, Sum: 16.0]
      [Update RS (ms): Min: 0.0, Avg: 0.4, Max: 0.8, Diff: 0.8, Sum: 3.1]
         [Processed Buffers: Min: 0, Avg: 20.5, Max: 59, Diff: 59, Sum: 164]
      [Scan RS (ms): Min: 0.0, Avg: 0.1, Max: 0.2, Diff: 0.2, Sum: 0.7]
      [Code Root Scanning (ms): Min: 0.0, Avg: 0.0, Max: 0.0, Diff: 0.0, Sum: 0.0]
      [Object Copy (ms): Min: 0.0, Avg: 0.5, Max: 0.8, Diff: 0.8, Sum: 4.2]
      [Termination (ms): Min: 0.0, Avg: 3.0, Max: 3.4, Diff: 3.4, Sum: 23.8]
         [Termination Attempts: Min: 1, Avg: 6.8, Max: 9, Diff: 8, Sum: 54]
      [GC Worker Other (ms): Min: 0.0, Avg: 0.0, Max: 0.0, Diff: 0.0, Sum: 0.1]
      [GC Worker Total (ms): Min: 5.9, Avg: 6.0, Max: 6.1, Diff: 0.1, Sum: 48.1]
      [GC Worker End (ms): Min: 415183421.9, Avg: 415183421.9, Max: 415183421.9, Diff: 0.0]
   [Code Root Fixup: 0.0 ms]
   [Code Root Purge: 0.0 ms]
   [Clear CT: 0.6 ms]
   [Other: 4.8 ms]
      [Choose CSet: 0.0 ms]
      [Ref Proc: 4.1 ms]
      [Ref Enq: 0.1 ms]
      [Redirty Cards: 0.1 ms]
      [Humongous Register: 0.0 ms]
      [Humongous Reclaim: 0.0 ms]
      [Free CSet: 0.3 ms]
   [Eden: 7152.0M(7152.0M)->0.0B(5712.0M) Survivors: 16384.0K->16384.0K Heap: 10431.5M(14336.0M)->3279.8M(14336.0M)]
 [Times: user=0.05 sys=0.01, real=0.01 secs] 
2022-07-26T16:43:27.341-0700: 415978.846: [GC pause (G1 Evacuation Pause) (mixed), 0.0124077 secs]
   [Parallel Time: 7.4 ms, GC Workers: 8]
      [GC Worker Start (ms): Min: 415978845.7, Avg: 415978845.9, Max: 415978845.9, Diff: 0.2]
      [Ext Root Scanning (ms): Min: 1.1, Avg: 2.1, Max: 7.0, Diff: 5.9, Sum: 16.5]
      [Update RS (ms): Min: 0.0, Avg: 0.3, Max: 0.7, Diff: 0.7, Sum: 2.8]
         [Processed Buffers: Min: 0, Avg: 18.9, Max: 47, Diff: 47, Sum: 151]
      [Scan RS (ms): Min: 0.0, Avg: 0.9, Max: 1.1, Diff: 1.1, Sum: 6.8]
      [Code Root Scanning (ms): Min: 0.0, Avg: 0.1, Max: 1.0, Diff: 1.0, Sum: 1.0]
      [Object Copy (ms): Min: 0.0, Avg: 2.6, Max: 3.1, Diff: 3.1, Sum: 20.6]
      [Termination (ms): Min: 0.0, Avg: 1.0, Max: 1.1, Diff: 1.1, Sum: 7.8]
         [Termination Attempts: Min: 1, Avg: 3.4, Max: 5, Diff: 4, Sum: 27]
      [GC Worker Other (ms): Min: 0.0, Avg: 0.0, Max: 0.0, Diff: 0.0, Sum: 0.1]
      [GC Worker Total (ms): Min: 6.9, Avg: 7.0, Max: 7.1, Diff: 0.2, Sum: 55.6]
      [GC Worker End (ms): Min: 415978852.8, Avg: 415978852.8, Max: 415978852.8, Diff: 0.0]
   [Code Root Fixup: 0.0 ms]
   [Code Root Purge: 0.0 ms]
   [Clear CT: 0.5 ms]
   [Other: 4.5 ms]
      [Choose CSet: 0.0 ms]
      [Ref Proc: 3.9 ms]
      [Ref Enq: 0.1 ms]
      [Redirty Cards: 0.1 ms]
      [Humongous Register: 0.0 ms]
      [Humongous Reclaim: 0.0 ms]
      [Free CSet: 0.2 ms]
   [Eden: 5712.0M(5712.0M)->0.0B(7152.0M) Survivors: 16384.0K->16384.0K Heap: 8991.8M(14336.0M)->3270.9M(14336.0M)]
 [Times: user=0.07 sys=0.00, real=0.01 secs] 
2022-07-26T17:00:16.713-0700: 416988.218: [GC pause (G1 Evacuation Pause) (young), 0.0111722 secs]
   [Parallel Time: 5.9 ms, GC Workers: 8]
      [GC Worker Start (ms): Min: 416988218.0, Avg: 416988218.1, Max: 416988218.2, Diff: 0.2]
      [Ext Root Scanning (ms): Min: 1.1, Avg: 1.9, Max: 5.7, Diff: 4.5, Sum: 15.3]
      [Update RS (ms): Min: 0.0, Avg: 1.9, Max: 2.4, Diff: 2.4, Sum: 15.1]
         [Processed Buffers: Min: 0, Avg: 24.8, Max: 78, Diff: 78, Sum: 198]
      [Scan RS (ms): Min: 0.0, Avg: 0.1, Max: 0.1, Diff: 0.1, Sum: 0.5]
      [Code Root Scanning (ms): Min: 0.0, Avg: 0.0, Max: 0.0, Diff: 0.0, Sum: 0.0]
      [Object Copy (ms): Min: 0.0, Avg: 0.4, Max: 0.6, Diff: 0.6, Sum: 3.3]
      [Termination (ms): Min: 0.0, Avg: 1.4, Max: 1.6, Diff: 1.6, Sum: 10.8]
         [Termination Attempts: Min: 1, Avg: 2.4, Max: 4, Diff: 3, Sum: 19]
      [GC Worker Other (ms): Min: 0.0, Avg: 0.0, Max: 0.0, Diff: 0.0, Sum: 0.2]
      [GC Worker Total (ms): Min: 5.6, Avg: 5.7, Max: 5.7, Diff: 0.1, Sum: 45.2]
      [GC Worker End (ms): Min: 416988223.8, Avg: 416988223.8, Max: 416988223.8, Diff: 0.0]
   [Code Root Fixup: 0.0 ms]
   [Code Root Purge: 0.0 ms]
   [Clear CT: 0.6 ms]
   [Other: 4.7 ms]
      [Choose CSet: 0.0 ms]
      [Ref Proc: 3.9 ms]
      [Ref Enq: 0.1 ms]
      [Redirty Cards: 0.1 ms]
      [Humongous Register: 0.1 ms]
      [Humongous Reclaim: 0.0 ms]
      [Free CSet: 0.3 ms]
   [Eden: 7152.0M(7152.0M)->0.0B(7152.0M) Survivors: 16384.0K->16384.0K Heap: 10422.9M(14336.0M)->3271.1M(14336.0M)]
 [Times: user=0.06 sys=0.00, real=0.02 secs] 
2022-07-26T17:16:55.812-0700: 417987.317: [GC pause (G1 Evacuation Pause) (young) (initial-mark), 0.0140533 secs]
   [Parallel Time: 9.7 ms, GC Workers: 8]
      [GC Worker Start (ms): Min: 417987318.5, Avg: 417987318.6, Max: 417987318.7, Diff: 0.2]
      [Ext Root Scanning (ms): Min: 6.3, Avg: 6.6, Max: 6.9, Diff: 0.6, Sum: 52.4]
      [Update RS (ms): Min: 0.2, Avg: 0.3, Max: 0.5, Diff: 0.4, Sum: 2.3]
         [Processed Buffers: Min: 1, Avg: 21.9, Max: 64, Diff: 63, Sum: 175]
      [Scan RS (ms): Min: 0.0, Avg: 0.1, Max: 0.1, Diff: 0.1, Sum: 0.5]
      [Code Root Scanning (ms): Min: 0.0, Avg: 0.0, Max: 0.0, Diff: 0.0, Sum: 0.0]
      [Object Copy (ms): Min: 0.1, Avg: 0.5, Max: 0.8, Diff: 0.7, Sum: 4.2]
      [Termination (ms): Min: 0.0, Avg: 0.1, Max: 0.1, Diff: 0.1, Sum: 0.5]
         [Termination Attempts: Min: 1, Avg: 4.4, Max: 7, Diff: 6, Sum: 35]
      [GC Worker Other (ms): Min: 0.0, Avg: 0.0, Max: 0.0, Diff: 0.0, Sum: 0.2]
      [GC Worker Total (ms): Min: 7.4, Avg: 7.5, Max: 7.6, Diff: 0.2, Sum: 60.1]
      [GC Worker End (ms): Min: 417987326.1, Avg: 417987326.2, Max: 417987326.2, Diff: 0.0]
   [Code Root Fixup: 0.0 ms]
   [Code Root Purge: 0.0 ms]
   [Clear CT: 0.6 ms]
   [Other: 3.7 ms]
      [Choose CSet: 0.0 ms]
      [Ref Proc: 3.1 ms]
      [Ref Enq: 0.1 ms]
      [Redirty Cards: 0.1 ms]
      [Humongous Register: 0.0 ms]
      [Humongous Reclaim: 0.0 ms]
      [Free CSet: 0.3 ms]
   [Eden: 7152.0M(7152.0M)->0.0B(7152.0M) Survivors: 16384.0K->16384.0K Heap: 10423.1M(14336.0M)->3271.5M(14336.0M)]
 [Times: user=0.06 sys=0.00, real=0.02 secs] 
2022-07-26T17:16:55.826-0700: 417987.331: [GC concurrent-root-region-scan-start]
2022-07-26T17:16:55.831-0700: 417987.336: [GC concurrent-root-region-scan-end, 0.0051031 secs]
2022-07-26T17:16:55.831-0700: 417987.336: [GC concurrent-mark-start]
2022-07-26T17:16:58.325-0700: 417989.830: [GC concurrent-mark-end, 2.4938976 secs]
2022-07-26T17:16:58.325-0700: 417989.830: [GC remark 2022-07-26T17:16:58.325-0700: 417989.830: [Finalize Marking, 0.0002897 secs] 2022-07-26T17:16:58.326-0700: 417989.830: [GC ref-proc, 0.0081315 secs] 2022-07-26T17:16:58.334-0700: 417989.839: [Unloading, 0.0297790 secs], 0.0434504 secs]
 [Times: user=0.26 sys=0.00, real=0.04 secs] 
2022-07-26T17:16:58.369-0700: 417989.874: [GC cleanup 3335M->3335M(14336M), 0.0082028 secs]
 [Times: user=0.05 sys=0.00, real=0.01 secs] 
2022-07-26T17:33:27.763-0700: 418979.268: [GC pause (G1 Evacuation Pause) (young), 0.0093684 secs]
   [Parallel Time: 5.6 ms, GC Workers: 8]
      [GC Worker Start (ms): Min: 418979268.2, Avg: 418979268.3, Max: 418979268.4, Diff: 0.2]
      [Ext Root Scanning (ms): Min: 1.2, Avg: 1.9, Max: 5.3, Diff: 4.1, Sum: 14.9]
      [Update RS (ms): Min: 0.0, Avg: 0.4, Max: 0.9, Diff: 0.9, Sum: 3.0]
         [Processed Buffers: Min: 0, Avg: 21.4, Max: 44, Diff: 44, Sum: 171]
      [Scan RS (ms): Min: 0.0, Avg: 0.1, Max: 0.1, Diff: 0.1, Sum: 0.6]
      [Code Root Scanning (ms): Min: 0.0, Avg: 0.0, Max: 0.0, Diff: 0.0, Sum: 0.0]
      [Object Copy (ms): Min: 0.0, Avg: 0.5, Max: 0.8, Diff: 0.8, Sum: 4.0]
      [Termination (ms): Min: 0.0, Avg: 2.4, Max: 2.7, Diff: 2.7, Sum: 19.1]
         [Termination Attempts: Min: 1, Avg: 2.2, Max: 4, Diff: 3, Sum: 18]
      [GC Worker Other (ms): Min: 0.0, Avg: 0.0, Max: 0.0, Diff: 0.0, Sum: 0.1]
      [GC Worker Total (ms): Min: 5.2, Avg: 5.2, Max: 5.3, Diff: 0.2, Sum: 41.9]
      [GC Worker End (ms): Min: 418979273.5, Avg: 418979273.6, Max: 418979273.6, Diff: 0.0]
   [Code Root Fixup: 0.0 ms]
   [Code Root Purge: 0.0 ms]
   [Clear CT: 0.6 ms]
   [Other: 3.2 ms]
      [Choose CSet: 0.0 ms]
      [Ref Proc: 2.5 ms]
      [Ref Enq: 0.1 ms]
      [Redirty Cards: 0.1 ms]
      [Humongous Register: 0.0 ms]
      [Humongous Reclaim: 0.0 ms]
      [Free CSet: 0.3 ms]
   [Eden: 7152.0M(7152.0M)->0.0B(7152.0M) Survivors: 16384.0K->16384.0K Heap: 10423.5M(14336.0M)->3271.5M(14336.0M)]
 [Times: user=0.05 sys=0.01, real=0.00 secs] 
2022-07-26T17:50:07.411-0700: 419978.916: [GC pause (G1 Evacuation Pause) (young), 0.0108032 secs]
   [Parallel Time: 5.7 ms, GC Workers: 8]
      [GC Worker Start (ms): Min: 419978915.8, Avg: 419978916.0, Max: 419978916.1, Diff: 0.2]
      [Ext Root Scanning (ms): Min: 1.2, Avg: 1.9, Max: 5.3, Diff: 4.2, Sum: 15.2]
      [Update RS (ms): Min: 0.0, Avg: 0.4, Max: 0.6, Diff: 0.6, Sum: 2.9]
         [Processed Buffers: Min: 0, Avg: 21.8, Max: 45, Diff: 45, Sum: 174]
      [Scan RS (ms): Min: 0.0, Avg: 0.1, Max: 0.2, Diff: 0.1, Sum: 0.7]
      [Code Root Scanning (ms): Min: 0.0, Avg: 0.0, Max: 0.0, Diff: 0.0, Sum: 0.0]
      [Object Copy (ms): Min: 0.0, Avg: 0.5, Max: 0.8, Diff: 0.7, Sum: 4.1]
      [Termination (ms): Min: 0.0, Avg: 2.4, Max: 2.8, Diff: 2.8, Sum: 19.4]
         [Termination Attempts: Min: 1, Avg: 3.4, Max: 6, Diff: 5, Sum: 27]
      [GC Worker Other (ms): Min: 0.0, Avg: 0.0, Max: 0.0, Diff: 0.0, Sum: 0.1]
      [GC Worker Total (ms): Min: 5.2, Avg: 5.3, Max: 5.4, Diff: 0.2, Sum: 42.4]
      [GC Worker End (ms): Min: 419978921.3, Avg: 419978921.3, Max: 419978921.3, Diff: 0.0]
   [Code Root Fixup: 0.0 ms]
   [Code Root Purge: 0.0 ms]
   [Clear CT: 0.6 ms]
   [Other: 4.4 ms]
      [Choose CSet: 0.0 ms]
      [Ref Proc: 3.8 ms]
      [Ref Enq: 0.1 ms]
      [Redirty Cards: 0.1 ms]
      [Humongous Register: 0.0 ms]
      [Humongous Reclaim: 0.0 ms]
      [Free CSet: 0.3 ms]
   [Eden: 7152.0M(7152.0M)->0.0B(7152.0M) Survivors: 16384.0K->16384.0K Heap: 10423.5M(14336.0M)->3271.7M(14336.0M)]
 [Times: user=0.05 sys=0.01, real=0.01 secs] 
2022-07-26T18:06:44.213-0700: 420975.717: [GC pause (G1 Evacuation Pause) (young) (initial-mark), 0.0150783 secs]
   [Parallel Time: 10.2 ms, GC Workers: 8]
      [GC Worker Start (ms): Min: 420975719.5, Avg: 420975719.6, Max: 420975719.7, Diff: 0.2]
      [Ext Root Scanning (ms): Min: 6.6, Avg: 6.8, Max: 7.0, Diff: 0.4, Sum: 54.3]
      [Update RS (ms): Min: 0.2, Avg: 0.3, Max: 0.5, Diff: 0.3, Sum: 2.4]
         [Processed Buffers: Min: 1, Avg: 21.4, Max: 60, Diff: 59, Sum: 171]
      [Scan RS (ms): Min: 0.0, Avg: 0.1, Max: 0.1, Diff: 0.1, Sum: 0.5]
      [Code Root Scanning (ms): Min: 0.0, Avg: 0.0, Max: 0.0, Diff: 0.0, Sum: 0.0]
      [Object Copy (ms): Min: 0.1, Avg: 0.5, Max: 0.8, Diff: 0.7, Sum: 4.2]
      [Termination (ms): Min: 0.0, Avg: 0.0, Max: 0.0, Diff: 0.0, Sum: 0.1]
         [Termination Attempts: Min: 1, Avg: 1.1, Max: 2, Diff: 1, Sum: 9]
      [GC Worker Other (ms): Min: 0.0, Avg: 0.1, Max: 0.1, Diff: 0.1, Sum: 0.4]
      [GC Worker Total (ms): Min: 7.6, Avg: 7.7, Max: 7.9, Diff: 0.2, Sum: 61.9]
      [GC Worker End (ms): Min: 420975727.3, Avg: 420975727.4, Max: 420975727.4, Diff: 0.1]
   [Code Root Fixup: 0.0 ms]
   [Code Root Purge: 0.0 ms]
   [Clear CT: 0.6 ms]
   [Other: 4.3 ms]
      [Choose CSet: 0.0 ms]
      [Ref Proc: 3.5 ms]
      [Ref Enq: 0.1 ms]
      [Redirty Cards: 0.1 ms]
      [Humongous Register: 0.0 ms]
      [Humongous Reclaim: 0.0 ms]
      [Free CSet: 0.3 ms]
   [Eden: 7152.0M(7152.0M)->0.0B(7152.0M) Survivors: 16384.0K->16384.0K Heap: 10423.7M(14336.0M)->3271.6M(14336.0M)]
 [Times: user=0.05 sys=0.01, real=0.02 secs] 
2022-07-26T18:06:44.228-0700: 420975.733: [GC concurrent-root-region-scan-start]
2022-07-26T18:06:44.233-0700: 420975.737: [GC concurrent-root-region-scan-end, 0.0048551 secs]
2022-07-26T18:06:44.233-0700: 420975.737: [GC concurrent-mark-start]
2022-07-26T18:06:46.675-0700: 420978.180: [GC concurrent-mark-end, 2.4422251 secs]
2022-07-26T18:06:46.675-0700: 420978.180: [GC remark 2022-07-26T18:06:46.675-0700: 420978.180: [Finalize Marking, 0.0004987 secs] 2022-07-26T18:06:46.676-0700: 420978.181: [GC ref-proc, 0.0116888 secs] 2022-07-26T18:06:46.688-0700: 420978.192: [Unloading, 0.0276504 secs], 0.0452541 secs]
 [Times: user=0.26 sys=0.00, real=0.04 secs] 
2022-07-26T18:06:46.721-0700: 420978.226: [GC cleanup 3311M->3311M(14336M), 0.0083845 secs]
 [Times: user=0.05 sys=0.00, real=0.01 secs] 
2022-07-26T18:23:20.113-0700: 421971.618: [GC pause (G1 Evacuation Pause) (young), 0.0115702 secs]
   [Parallel Time: 5.9 ms, GC Workers: 8]
      [GC Worker Start (ms): Min: 421971618.0, Avg: 421971618.0, Max: 421971618.1, Diff: 0.2]
      [Ext Root Scanning (ms): Min: 1.2, Avg: 1.9, Max: 5.6, Diff: 4.4, Sum: 15.4]
      [Update RS (ms): Min: 0.0, Avg: 0.4, Max: 0.7, Diff: 0.7, Sum: 2.9]
         [Processed Buffers: Min: 0, Avg: 20.9, Max: 47, Diff: 47, Sum: 167]
      [Scan RS (ms): Min: 0.0, Avg: 0.1, Max: 0.2, Diff: 0.1, Sum: 0.7]
      [Code Root Scanning (ms): Min: 0.0, Avg: 0.0, Max: 0.0, Diff: 0.0, Sum: 0.0]
      [Object Copy (ms): Min: 0.0, Avg: 0.5, Max: 0.7, Diff: 0.7, Sum: 3.9]
      [Termination (ms): Min: 0.0, Avg: 2.7, Max: 3.1, Diff: 3.1, Sum: 21.7]
         [Termination Attempts: Min: 1, Avg: 1.2, Max: 2, Diff: 1, Sum: 10]
      [GC Worker Other (ms): Min: 0.0, Avg: 0.0, Max: 0.0, Diff: 0.0, Sum: 0.2]
      [GC Worker Total (ms): Min: 5.5, Avg: 5.6, Max: 5.7, Diff: 0.2, Sum: 44.8]
      [GC Worker End (ms): Min: 421971623.6, Avg: 421971623.6, Max: 421971623.7, Diff: 0.0]
   [Code Root Fixup: 0.0 ms]
   [Code Root Purge: 0.0 ms]
   [Clear CT: 0.6 ms]
   [Other: 5.0 ms]
      [Choose CSet: 0.0 ms]
      [Ref Proc: 4.3 ms]
      [Ref Enq: 0.1 ms]
      [Redirty Cards: 0.1 ms]
      [Humongous Register: 0.1 ms]
      [Humongous Reclaim: 0.0 ms]
      [Free CSet: 0.3 ms]
   [Eden: 7152.0M(7152.0M)->0.0B(7152.0M) Survivors: 16384.0K->16384.0K Heap: 10423.6M(14336.0M)->3271.5M(14336.0M)]
 [Times: user=0.06 sys=0.00, real=0.02 secs] 
2022-07-26T18:40:02.162-0700: 422973.666: [GC pause (G1 Evacuation Pause) (young), 0.0116562 secs]
   [Parallel Time: 6.1 ms, GC Workers: 8]
      [GC Worker Start (ms): Min: 422973666.6, Avg: 422973666.6, Max: 422973666.7, Diff: 0.1]
      [Ext Root Scanning (ms): Min: 1.7, Avg: 2.4, Max: 5.9, Diff: 4.2, Sum: 19.3]
      [Update RS (ms): Min: 0.0, Avg: 0.4, Max: 0.8, Diff: 0.8, Sum: 3.1]
         [Processed Buffers: Min: 0, Avg: 20.9, Max: 63, Diff: 63, Sum: 167]
      [Scan RS (ms): Min: 0.0, Avg: 0.1, Max: 0.2, Diff: 0.2, Sum: 0.7]
      [Code Root Scanning (ms): Min: 0.0, Avg: 0.0, Max: 0.0, Diff: 0.0, Sum: 0.0]
      [Object Copy (ms): Min: 0.0, Avg: 0.5, Max: 0.7, Diff: 0.7, Sum: 4.1]
      [Termination (ms): Min: 0.0, Avg: 2.5, Max: 2.9, Diff: 2.9, Sum: 19.9]
         [Termination Attempts: Min: 1, Avg: 5.0, Max: 8, Diff: 7, Sum: 40]
      [GC Worker Other (ms): Min: 0.0, Avg: 0.0, Max: 0.0, Diff: 0.0, Sum: 0.1]
      [GC Worker Total (ms): Min: 5.8, Avg: 5.9, Max: 6.0, Diff: 0.1, Sum: 47.3]
      [GC Worker End (ms): Min: 422973672.5, Avg: 422973672.6, Max: 422973672.6, Diff: 0.0]
   [Code Root Fixup: 0.0 ms]
   [Code Root Purge: 0.0 ms]
   [Clear CT: 0.6 ms]
   [Other: 5.0 ms]
      [Choose CSet: 0.0 ms]
      [Ref Proc: 4.2 ms]
      [Ref Enq: 0.2 ms]
      [Redirty Cards: 0.1 ms]
      [Humongous Register: 0.1 ms]
      [Humongous Reclaim: 0.0 ms]
      [Free CSet: 0.3 ms]
   [Eden: 7152.0M(7152.0M)->0.0B(7152.0M) Survivors: 16384.0K->16384.0K Heap: 10423.5M(14336.0M)->3271.6M(14336.0M)]
 [Times: user=0.05 sys=0.00, real=0.01 secs] 
2022-07-26T18:56:34.763-0700: 423966.268: [GC pause (G1 Evacuation Pause) (young) (initial-mark), 0.0139041 secs]
   [Parallel Time: 9.5 ms, GC Workers: 8]
      [GC Worker Start (ms): Min: 423966269.8, Avg: 423966269.8, Max: 423966269.9, Diff: 0.1]
      [Ext Root Scanning (ms): Min: 6.2, Avg: 6.5, Max: 6.7, Diff: 0.5, Sum: 51.9]
      [Update RS (ms): Min: 0.2, Avg: 0.3, Max: 0.5, Diff: 0.3, Sum: 2.2]
         [Processed Buffers: Min: 1, Avg: 21.9, Max: 66, Diff: 65, Sum: 175]
      [Scan RS (ms): Min: 0.0, Avg: 0.1, Max: 0.1, Diff: 0.1, Sum: 0.5]
      [Code Root Scanning (ms): Min: 0.0, Avg: 0.0, Max: 0.0, Diff: 0.0, Sum: 0.0]
      [Object Copy (ms): Min: 0.2, Avg: 0.5, Max: 0.8, Diff: 0.6, Sum: 4.0]
      [Termination (ms): Min: 0.0, Avg: 0.1, Max: 0.1, Diff: 0.1, Sum: 0.4]
         [Termination Attempts: Min: 1, Avg: 2.0, Max: 4, Diff: 3, Sum: 16]
      [GC Worker Other (ms): Min: 0.0, Avg: 0.0, Max: 0.1, Diff: 0.1, Sum: 0.2]
      [GC Worker Total (ms): Min: 7.3, Avg: 7.4, Max: 7.5, Diff: 0.1, Sum: 59.3]
      [GC Worker End (ms): Min: 423966277.2, Avg: 423966277.2, Max: 423966277.3, Diff: 0.1]
   [Code Root Fixup: 0.0 ms]
   [Code Root Purge: 0.0 ms]
   [Clear CT: 0.6 ms]
   [Other: 3.8 ms]
      [Choose CSet: 0.0 ms]
      [Ref Proc: 3.0 ms]
      [Ref Enq: 0.1 ms]
      [Redirty Cards: 0.1 ms]
      [Humongous Register: 0.0 ms]
      [Humongous Reclaim: 0.0 ms]
      [Free CSet: 0.3 ms]
   [Eden: 7152.0M(7152.0M)->0.0B(7152.0M) Survivors: 16384.0K->16384.0K Heap: 10423.6M(14336.0M)->3271.6M(14336.0M)]
 [Times: user=0.06 sys=0.00, real=0.01 secs] 
2022-07-26T18:56:34.777-0700: 423966.282: [GC concurrent-root-region-scan-start]
2022-07-26T18:56:34.782-0700: 423966.287: [GC concurrent-root-region-scan-end, 0.0052138 secs]
2022-07-26T18:56:34.782-0700: 423966.287: [GC concurrent-mark-start]
2022-07-26T18:56:37.243-0700: 423968.748: [GC concurrent-mark-end, 2.4606820 secs]
2022-07-26T18:56:37.243-0700: 423968.748: [GC remark 2022-07-26T18:56:37.243-0700: 423968.748: [Finalize Marking, 0.0005887 secs] 2022-07-26T18:56:37.244-0700: 423968.749: [GC ref-proc, 0.0070270 secs] 2022-07-26T18:56:37.251-0700: 423968.756: [Unloading, 0.0268893 secs], 0.0397463 secs]
 [Times: user=0.25 sys=0.00, real=0.04 secs] 
2022-07-26T18:56:37.283-0700: 423968.788: [GC cleanup 3343M->3343M(14336M), 0.0078372 secs]
 [Times: user=0.05 sys=0.00, real=0.00 secs] 
2022-07-26T19:13:21.511-0700: 424973.016: [GC pause (G1 Evacuation Pause) (young), 0.0113497 secs]
   [Parallel Time: 6.2 ms, GC Workers: 8]
      [GC Worker Start (ms): Min: 424973015.9, Avg: 424973016.0, Max: 424973016.1, Diff: 0.2]
      [Ext Root Scanning (ms): Min: 1.2, Avg: 2.0, Max: 5.9, Diff: 4.7, Sum: 15.7]
      [Update RS (ms): Min: 0.0, Avg: 0.4, Max: 0.9, Diff: 0.9, Sum: 2.9]
         [Processed Buffers: Min: 0, Avg: 20.4, Max: 41, Diff: 41, Sum: 163]
      [Scan RS (ms): Min: 0.0, Avg: 0.1, Max: 0.2, Diff: 0.1, Sum: 0.7]
      [Code Root Scanning (ms): Min: 0.0, Avg: 0.0, Max: 0.0, Diff: 0.0, Sum: 0.0]
      [Object Copy (ms): Min: 0.0, Avg: 0.5, Max: 0.7, Diff: 0.7, Sum: 3.7]
      [Termination (ms): Min: 0.0, Avg: 2.9, Max: 3.4, Diff: 3.4, Sum: 23.5]
         [Termination Attempts: Min: 1, Avg: 1.0, Max: 1, Diff: 0, Sum: 8]
      [GC Worker Other (ms): Min: 0.0, Avg: 0.0, Max: 0.1, Diff: 0.1, Sum: 0.3]
      [GC Worker Total (ms): Min: 5.8, Avg: 5.9, Max: 5.9, Diff: 0.2, Sum: 46.8]
      [GC Worker End (ms): Min: 424973021.8, Avg: 424973021.8, Max: 424973021.9, Diff: 0.1]
   [Code Root Fixup: 0.0 ms]
   [Code Root Purge: 0.0 ms]
   [Clear CT: 0.6 ms]
   [Other: 4.5 ms]
      [Choose CSet: 0.0 ms]
      [Ref Proc: 3.8 ms]
      [Ref Enq: 0.1 ms]
      [Redirty Cards: 0.1 ms]
      [Humongous Register: 0.1 ms]
      [Humongous Reclaim: 0.0 ms]
      [Free CSet: 0.3 ms]
   [Eden: 7152.0M(7152.0M)->0.0B(7152.0M) Survivors: 16384.0K->16384.0K Heap: 10423.6M(14336.0M)->3271.7M(14336.0M)]
 [Times: user=0.06 sys=0.01, real=0.01 secs] 
2022-07-26T19:29:54.930-0700: 425966.435: [GC pause (G1 Evacuation Pause) (young), 0.0122786 secs]
   [Parallel Time: 6.3 ms, GC Workers: 8]
      [GC Worker Start (ms): Min: 425966435.0, Avg: 425966435.0, Max: 425966435.1, Diff: 0.1]
      [Ext Root Scanning (ms): Min: 1.1, Avg: 1.9, Max: 5.9, Diff: 4.8, Sum: 15.1]
      [Update RS (ms): Min: 0.0, Avg: 0.4, Max: 0.7, Diff: 0.7, Sum: 3.0]
         [Processed Buffers: Min: 0, Avg: 21.8, Max: 63, Diff: 63, Sum: 174]
      [Scan RS (ms): Min: 0.0, Avg: 0.1, Max: 0.2, Diff: 0.2, Sum: 0.7]
      [Code Root Scanning (ms): Min: 0.0, Avg: 0.0, Max: 0.0, Diff: 0.0, Sum: 0.0]
      [Object Copy (ms): Min: 0.0, Avg: 0.5, Max: 0.7, Diff: 0.7, Sum: 4.1]
      [Termination (ms): Min: 0.0, Avg: 3.0, Max: 3.4, Diff: 3.4, Sum: 24.0]
         [Termination Attempts: Min: 1, Avg: 5.5, Max: 9, Diff: 8, Sum: 44]
      [GC Worker Other (ms): Min: 0.0, Avg: 0.0, Max: 0.1, Diff: 0.0, Sum: 0.2]
      [GC Worker Total (ms): Min: 5.8, Avg: 5.9, Max: 6.0, Diff: 0.1, Sum: 47.2]
      [GC Worker End (ms): Min: 425966440.9, Avg: 425966440.9, Max: 425966441.0, Diff: 0.1]
   [Code Root Fixup: 0.0 ms]
   [Code Root Purge: 0.0 ms]
   [Clear CT: 0.6 ms]
   [Other: 5.4 ms]
      [Choose CSet: 0.0 ms]
      [Ref Proc: 4.7 ms]
      [Ref Enq: 0.1 ms]
      [Redirty Cards: 0.1 ms]
      [Humongous Register: 0.1 ms]
      [Humongous Reclaim: 0.0 ms]
      [Free CSet: 0.3 ms]
   [Eden: 7152.0M(7152.0M)->0.0B(7152.0M) Survivors: 16384.0K->16384.0K Heap: 10423.7M(14336.0M)->3271.6M(14336.0M)]
 [Times: user=0.06 sys=0.00, real=0.01 secs] 
2022-07-26T19:46:30.513-0700: 426962.018: [GC pause (G1 Evacuation Pause) (young) (initial-mark), 0.0149568 secs]
   [Parallel Time: 9.7 ms, GC Workers: 8]
      [GC Worker Start (ms): Min: 426962019.6, Avg: 426962019.7, Max: 426962019.8, Diff: 0.2]
      [Ext Root Scanning (ms): Min: 6.3, Avg: 6.6, Max: 6.9, Diff: 0.6, Sum: 52.5]
      [Update RS (ms): Min: 0.2, Avg: 0.3, Max: 0.6, Diff: 0.4, Sum: 2.5]
         [Processed Buffers: Min: 1, Avg: 21.6, Max: 58, Diff: 57, Sum: 173]
      [Scan RS (ms): Min: 0.0, Avg: 0.1, Max: 0.1, Diff: 0.1, Sum: 0.5]
      [Code Root Scanning (ms): Min: 0.0, Avg: 0.0, Max: 0.0, Diff: 0.0, Sum: 0.0]
      [Object Copy (ms): Min: 0.3, Avg: 0.5, Max: 0.7, Diff: 0.4, Sum: 3.9]
      [Termination (ms): Min: 0.0, Avg: 0.0, Max: 0.0, Diff: 0.0, Sum: 0.3]
         [Termination Attempts: Min: 1, Avg: 4.2, Max: 8, Diff: 7, Sum: 34]
      [GC Worker Other (ms): Min: 0.0, Avg: 0.0, Max: 0.1, Diff: 0.1, Sum: 0.3]
      [GC Worker Total (ms): Min: 7.4, Avg: 7.5, Max: 7.6, Diff: 0.2, Sum: 60.0]
      [GC Worker End (ms): Min: 426962027.2, Avg: 426962027.2, Max: 426962027.3, Diff: 0.1]
   [Code Root Fixup: 0.0 ms]
   [Code Root Purge: 0.0 ms]
   [Clear CT: 0.7 ms]
   [Other: 4.6 ms]
      [Choose CSet: 0.0 ms]
      [Ref Proc: 3.9 ms]
      [Ref Enq: 0.1 ms]
      [Redirty Cards: 0.1 ms]
      [Humongous Register: 0.0 ms]
      [Humongous Reclaim: 0.0 ms]
      [Free CSet: 0.3 ms]
   [Eden: 7152.0M(7152.0M)->0.0B(7152.0M) Survivors: 16384.0K->16384.0K Heap: 10423.6M(14336.0M)->3271.5M(14336.0M)]
 [Times: user=0.04 sys=0.02, real=0.02 secs] 
2022-07-26T19:46:30.528-0700: 426962.033: [GC concurrent-root-region-scan-start]
2022-07-26T19:46:30.533-0700: 426962.038: [GC concurrent-root-region-scan-end, 0.0049445 secs]
2022-07-26T19:46:30.533-0700: 426962.038: [GC concurrent-mark-start]
2022-07-26T19:46:32.974-0700: 426964.478: [GC concurrent-mark-end, 2.4403776 secs]
2022-07-26T19:46:32.974-0700: 426964.479: [GC remark 2022-07-26T19:46:32.974-0700: 426964.479: [Finalize Marking, 0.0002210 secs] 2022-07-26T19:46:32.974-0700: 426964.479: [GC ref-proc, 0.0058811 secs] 2022-07-26T19:46:32.980-0700: 426964.485: [Unloading, 0.0276746 secs], 0.0390516 secs]
 [Times: user=0.24 sys=0.00, real=0.04 secs] 
2022-07-26T19:46:33.013-0700: 426964.518: [GC cleanup 3343M->3343M(14336M), 0.0085779 secs]
 [Times: user=0.06 sys=0.00, real=0.01 secs] 
2022-07-26T20:03:17.563-0700: 427969.068: [GC pause (G1 Evacuation Pause) (young), 0.0110859 secs]
   [Parallel Time: 5.5 ms, GC Workers: 8]
      [GC Worker Start (ms): Min: 427969067.7, Avg: 427969067.8, Max: 427969067.9, Diff: 0.2]
      [Ext Root Scanning (ms): Min: 1.2, Avg: 1.9, Max: 5.3, Diff: 4.0, Sum: 15.2]
      [Update RS (ms): Min: 0.0, Avg: 0.3, Max: 0.7, Diff: 0.7, Sum: 2.4]
         [Processed Buffers: Min: 0, Avg: 19.2, Max: 48, Diff: 48, Sum: 154]
      [Scan RS (ms): Min: 0.0, Avg: 0.1, Max: 0.1, Diff: 0.1, Sum: 0.6]
      [Code Root Scanning (ms): Min: 0.0, Avg: 0.0, Max: 0.0, Diff: 0.0, Sum: 0.0]
      [Object Copy (ms): Min: 0.0, Avg: 0.5, Max: 0.7, Diff: 0.7, Sum: 3.8]
      [Termination (ms): Min: 0.0, Avg: 2.5, Max: 2.8, Diff: 2.8, Sum: 19.8]
         [Termination Attempts: Min: 1, Avg: 2.5, Max: 5, Diff: 4, Sum: 20]
      [GC Worker Other (ms): Min: 0.0, Avg: 0.1, Max: 0.1, Diff: 0.1, Sum: 0.4]
      [GC Worker Total (ms): Min: 5.2, Avg: 5.3, Max: 5.4, Diff: 0.2, Sum: 42.2]
      [GC Worker End (ms): Min: 427969073.1, Avg: 427969073.1, Max: 427969073.2, Diff: 0.1]
   [Code Root Fixup: 0.0 ms]
   [Code Root Purge: 0.0 ms]
   [Clear CT: 0.6 ms]
   [Other: 4.9 ms]
      [Choose CSet: 0.0 ms]
      [Ref Proc: 4.3 ms]
      [Ref Enq: 0.1 ms]
      [Redirty Cards: 0.1 ms]
      [Humongous Register: 0.1 ms]
      [Humongous Reclaim: 0.0 ms]
      [Free CSet: 0.3 ms]
   [Eden: 7152.0M(7152.0M)->0.0B(7152.0M) Survivors: 16384.0K->16384.0K Heap: 10423.5M(14336.0M)->3271.7M(14336.0M)]
 [Times: user=0.05 sys=0.01, real=0.00 secs] 
2022-07-26T20:03:34.541-0700: 427986.046: [GC pause (G1 Humongous Allocation) (young) (initial-mark), 0.0142298 secs]
   [Parallel Time: 9.7 ms, GC Workers: 8]
      [GC Worker Start (ms): Min: 427986048.2, Avg: 427986048.2, Max: 427986048.3, Diff: 0.2]
      [Ext Root Scanning (ms): Min: 6.2, Avg: 6.4, Max: 6.5, Diff: 0.3, Sum: 51.0]
      [Update RS (ms): Min: 0.1, Avg: 0.3, Max: 0.6, Diff: 0.5, Sum: 2.3]
         [Processed Buffers: Min: 1, Avg: 3.6, Max: 12, Diff: 11, Sum: 29]
      [Scan RS (ms): Min: 0.0, Avg: 0.0, Max: 0.0, Diff: 0.0, Sum: 0.1]
      [Code Root Scanning (ms): Min: 0.0, Avg: 0.0, Max: 0.0, Diff: 0.0, Sum: 0.0]
      [Object Copy (ms): Min: 0.3, Avg: 0.6, Max: 0.8, Diff: 0.5, Sum: 4.5]
      [Termination (ms): Min: 0.0, Avg: 0.1, Max: 0.1, Diff: 0.1, Sum: 0.4]
         [Termination Attempts: Min: 1, Avg: 3.2, Max: 5, Diff: 4, Sum: 26]
      [GC Worker Other (ms): Min: 0.0, Avg: 0.0, Max: 0.0, Diff: 0.0, Sum: 0.1]
      [GC Worker Total (ms): Min: 7.2, Avg: 7.3, Max: 7.4, Diff: 0.2, Sum: 58.4]
      [GC Worker End (ms): Min: 427986055.5, Avg: 427986055.5, Max: 427986055.5, Diff: 0.0]
   [Code Root Fixup: 0.0 ms]
   [Code Root Purge: 0.0 ms]
   [Clear CT: 0.1 ms]
   [Other: 4.3 ms]
      [Choose CSet: 0.0 ms]
      [Ref Proc: 3.6 ms]
      [Ref Enq: 0.2 ms]
      [Redirty Cards: 0.2 ms]
      [Humongous Register: 0.1 ms]
      [Humongous Reclaim: 0.0 ms]
      [Free CSet: 0.0 ms]
   [Eden: 208.0M(7152.0M)->0.0B(7152.0M) Survivors: 16384.0K->16384.0K Heap: 3464.0M(14336.0M)->3273.8M(14336.0M)]
 [Times: user=0.06 sys=0.00, real=0.02 secs] 
2022-07-26T20:03:34.556-0700: 427986.060: [GC concurrent-root-region-scan-start]
2022-07-26T20:03:34.561-0700: 427986.065: [GC concurrent-root-region-scan-end, 0.0050520 secs]
2022-07-26T20:03:34.561-0700: 427986.065: [GC concurrent-mark-start]
2022-07-26T20:03:37.001-0700: 427988.505: [GC concurrent-mark-end, 2.4398077 secs]
2022-07-26T20:03:37.001-0700: 427988.506: [GC remark 2022-07-26T20:03:37.001-0700: 427988.506: [Finalize Marking, 0.0006285 secs] 2022-07-26T20:03:37.002-0700: 427988.506: [GC ref-proc, 0.0125953 secs] 2022-07-26T20:03:37.014-0700: 427988.519: [Unloading, 0.0272610 secs], 0.0457622 secs]
 [Times: user=0.25 sys=0.00, real=0.05 secs] 
2022-07-26T20:03:37.047-0700: 427988.552: [GC cleanup 3369M->3369M(14336M), 0.0079668 secs]
 [Times: user=0.06 sys=0.00, real=0.01 secs] 
2022-07-26T20:05:04.919-0700: 428076.424: [GC pause (GCLocker Initiated GC) (young), 0.0578604 secs]
   [Parallel Time: 54.5 ms, GC Workers: 8]
      [GC Worker Start (ms): Min: 428076423.8, Avg: 428076423.9, Max: 428076423.9, Diff: 0.2]
      [Ext Root Scanning (ms): Min: 0.9, Avg: 1.8, Max: 6.5, Diff: 5.5, Sum: 14.4]
      [Update RS (ms): Min: 0.0, Avg: 1.9, Max: 2.7, Diff: 2.7, Sum: 15.3]
         [Processed Buffers: Min: 0, Avg: 20.6, Max: 34, Diff: 34, Sum: 165]
      [Scan RS (ms): Min: 0.0, Avg: 0.1, Max: 0.2, Diff: 0.2, Sum: 0.6]
      [Code Root Scanning (ms): Min: 0.0, Avg: 0.0, Max: 0.0, Diff: 0.0, Sum: 0.0]
      [Object Copy (ms): Min: 47.7, Avg: 50.4, Max: 50.9, Diff: 3.2, Sum: 403.0]
      [Termination (ms): Min: 0.0, Avg: 0.0, Max: 0.0, Diff: 0.0, Sum: 0.0]
         [Termination Attempts: Min: 1, Avg: 1.0, Max: 1, Diff: 0, Sum: 8]
      [GC Worker Other (ms): Min: 0.0, Avg: 0.1, Max: 0.2, Diff: 0.1, Sum: 0.7]
      [GC Worker Total (ms): Min: 54.2, Avg: 54.3, Max: 54.4, Diff: 0.2, Sum: 434.1]
      [GC Worker End (ms): Min: 428076478.0, Avg: 428076478.1, Max: 428076478.2, Diff: 0.1]
   [Code Root Fixup: 0.0 ms]
   [Code Root Purge: 0.0 ms]
   [Clear CT: 0.8 ms]
   [Other: 2.6 ms]
      [Choose CSet: 0.0 ms]
      [Ref Proc: 2.0 ms]
      [Ref Enq: 0.1 ms]
      [Redirty Cards: 0.1 ms]
      [Humongous Register: 0.1 ms]
      [Humongous Reclaim: 0.0 ms]
      [Free CSet: 0.3 ms]
   [Eden: 7168.0M(7152.0M)->0.0B(6976.0M) Survivors: 16384.0K->192.0M Heap: 10449.8M(14336.0M)->3472.3M(14336.0M)]
 [Times: user=0.45 sys=0.00, real=0.06 secs] 
2022-07-26T20:06:53.771-0700: 428185.276: [GC pause (GCLocker Initiated GC) (young), 0.0584600 secs]
   [Parallel Time: 55.2 ms, GC Workers: 8]
      [GC Worker Start (ms): Min: 428185275.8, Avg: 428185275.9, Max: 428185275.9, Diff: 0.1]
      [Ext Root Scanning (ms): Min: 0.9, Avg: 1.9, Max: 7.2, Diff: 6.3, Sum: 14.9]
      [Update RS (ms): Min: 0.0, Avg: 1.1, Max: 1.5, Diff: 1.5, Sum: 8.9]
         [Processed Buffers: Min: 0, Avg: 5.4, Max: 10, Diff: 10, Sum: 43]
      [Scan RS (ms): Min: 0.0, Avg: 0.1, Max: 0.1, Diff: 0.1, Sum: 0.5]
      [Code Root Scanning (ms): Min: 0.0, Avg: 0.0, Max: 0.0, Diff: 0.0, Sum: 0.0]
      [Object Copy (ms): Min: 47.6, Avg: 51.7, Max: 52.4, Diff: 4.8, Sum: 413.9]
      [Termination (ms): Min: 0.0, Avg: 0.0, Max: 0.0, Diff: 0.0, Sum: 0.0]
         [Termination Attempts: Min: 1, Avg: 2.2, Max: 4, Diff: 3, Sum: 18]
      [GC Worker Other (ms): Min: 0.0, Avg: 0.1, Max: 0.1, Diff: 0.1, Sum: 0.5]
      [GC Worker Total (ms): Min: 54.7, Avg: 54.8, Max: 54.9, Diff: 0.2, Sum: 438.7]
      [GC Worker End (ms): Min: 428185330.7, Avg: 428185330.7, Max: 428185330.8, Diff: 0.1]
   [Code Root Fixup: 0.0 ms]
   [Code Root Purge: 0.0 ms]
   [Clear CT: 0.7 ms]
   [Other: 2.6 ms]
      [Choose CSet: 0.0 ms]
      [Ref Proc: 1.8 ms]
      [Ref Enq: 0.1 ms]
      [Redirty Cards: 0.2 ms]
      [Humongous Register: 0.0 ms]
      [Humongous Reclaim: 0.0 ms]
      [Free CSet: 0.3 ms]
   [Eden: 6992.0M(6976.0M)->0.0B(7040.0M) Survivors: 192.0M->128.0M Heap: 10456.3M(14336.0M)->3593.6M(14336.0M)]
 [Times: user=0.45 sys=0.00, real=0.06 secs] 
2022-07-26T20:08:42.319-0700: 428293.824: [GC pause (GCLocker Initiated GC) (young) (initial-mark), 0.0320409 secs]
   [Parallel Time: 27.6 ms, GC Workers: 8]
      [GC Worker Start (ms): Min: 428293825.8, Avg: 428293825.8, Max: 428293825.9, Diff: 0.1]
      [Ext Root Scanning (ms): Min: 5.6, Avg: 5.8, Max: 6.0, Diff: 0.4, Sum: 46.2]
      [Update RS (ms): Min: 13.8, Avg: 13.9, Max: 14.1, Diff: 0.3, Sum: 111.3]
         [Processed Buffers: Min: 31, Avg: 33.9, Max: 39, Diff: 8, Sum: 271]
      [Scan RS (ms): Min: 0.2, Avg: 0.4, Max: 0.5, Diff: 0.3, Sum: 3.2]
      [Code Root Scanning (ms): Min: 0.0, Avg: 0.0, Max: 0.0, Diff: 0.0, Sum: 0.0]
      [Object Copy (ms): Min: 4.7, Avg: 4.9, Max: 5.1, Diff: 0.3, Sum: 39.6]
      [Termination (ms): Min: 0.0, Avg: 0.0, Max: 0.0, Diff: 0.0, Sum: 0.0]
         [Termination Attempts: Min: 1, Avg: 2.1, Max: 4, Diff: 3, Sum: 17]
      [GC Worker Other (ms): Min: 0.0, Avg: 0.1, Max: 0.2, Diff: 0.2, Sum: 0.6]
      [GC Worker Total (ms): Min: 25.0, Avg: 25.1, Max: 25.3, Diff: 0.3, Sum: 201.0]
      [GC Worker End (ms): Min: 428293850.9, Avg: 428293851.0, Max: 428293851.1, Diff: 0.2]
   [Code Root Fixup: 0.0 ms]
   [Code Root Purge: 0.0 ms]
   [Clear CT: 0.8 ms]
   [Other: 3.7 ms]
      [Choose CSet: 0.0 ms]
      [Ref Proc: 2.9 ms]
      [Ref Enq: 0.1 ms]
      [Redirty Cards: 0.1 ms]
      [Humongous Register: 0.0 ms]
      [Humongous Reclaim: 0.0 ms]
      [Free CSet: 0.3 ms]
   [Eden: 7056.0M(7040.0M)->0.0B(7072.0M) Survivors: 128.0M->98304.0K Heap: 10641.6M(14336.0M)->3628.4M(14336.0M)]
 [Times: user=0.20 sys=0.00, real=0.03 secs] 
2022-07-26T20:08:42.351-0700: 428293.856: [GC concurrent-root-region-scan-start]
2022-07-26T20:08:42.360-0700: 428293.864: [GC concurrent-root-region-scan-end, 0.0084373 secs]
2022-07-26T20:08:42.360-0700: 428293.864: [GC concurrent-mark-start]
2022-07-26T20:08:45.036-0700: 428296.541: [GC concurrent-mark-end, 2.6762853 secs]
2022-07-26T20:08:45.036-0700: 428296.541: [GC remark 2022-07-26T20:08:45.036-0700: 428296.541: [Finalize Marking, 0.0003719 secs] 2022-07-26T20:08:45.037-0700: 428296.541: [GC ref-proc, 0.0053134 secs] 2022-07-26T20:08:45.042-0700: 428296.547: [Unloading, 0.0278202 secs], 0.0390561 secs]
 [Times: user=0.25 sys=0.00, real=0.04 secs] 
2022-07-26T20:08:45.076-0700: 428296.580: [GC cleanup 3819M->3819M(14336M), 0.0081791 secs]
 [Times: user=0.06 sys=0.00, real=0.01 secs] 
2022-07-26T20:10:35.511-0700: 428407.015: [GC pause (G1 Evacuation Pause) (young), 0.0151159 secs]
   [Parallel Time: 9.7 ms, GC Workers: 8]
      [GC Worker Start (ms): Min: 428407015.7, Avg: 428407015.8, Max: 428407015.8, Diff: 0.1]
      [Ext Root Scanning (ms): Min: 1.2, Avg: 2.0, Max: 5.7, Diff: 4.5, Sum: 15.6]
      [Update RS (ms): Min: 1.5, Avg: 5.1, Max: 6.2, Diff: 4.6, Sum: 40.9]
         [Processed Buffers: Min: 4, Avg: 11.6, Max: 19, Diff: 15, Sum: 93]
      [Scan RS (ms): Min: 0.0, Avg: 0.1, Max: 0.1, Diff: 0.1, Sum: 0.5]
      [Code Root Scanning (ms): Min: 0.0, Avg: 0.0, Max: 0.0, Diff: 0.0, Sum: 0.1]
      [Object Copy (ms): Min: 1.9, Avg: 2.3, Max: 2.5, Diff: 0.5, Sum: 18.0]
      [Termination (ms): Min: 0.0, Avg: 0.0, Max: 0.0, Diff: 0.0, Sum: 0.0]
         [Termination Attempts: Min: 1, Avg: 1.5, Max: 2, Diff: 1, Sum: 12]
      [GC Worker Other (ms): Min: 0.0, Avg: 0.1, Max: 0.1, Diff: 0.1, Sum: 0.5]
      [GC Worker Total (ms): Min: 9.4, Avg: 9.4, Max: 9.6, Diff: 0.2, Sum: 75.6]
      [GC Worker End (ms): Min: 428407025.2, Avg: 428407025.2, Max: 428407025.3, Diff: 0.1]
   [Code Root Fixup: 0.0 ms]
   [Code Root Purge: 0.0 ms]
   [Clear CT: 0.8 ms]
   [Other: 4.6 ms]
      [Choose CSet: 0.0 ms]
      [Ref Proc: 3.9 ms]
      [Ref Enq: 0.1 ms]
      [Redirty Cards: 0.1 ms]
      [Humongous Register: 0.1 ms]
      [Humongous Reclaim: 0.0 ms]
      [Free CSet: 0.3 ms]
   [Eden: 7072.0M(7072.0M)->0.0B(5696.0M) Survivors: 98304.0K->32768.0K Heap: 10700.4M(14336.0M)->3599.2M(14336.0M)]
 [Times: user=0.09 sys=0.00, real=0.02 secs] 
2022-07-26T20:12:06.719-0700: 428498.224: [GC pause (G1 Evacuation Pause) (mixed), 0.0129378 secs]
   [Parallel Time: 10.0 ms, GC Workers: 8]
      [GC Worker Start (ms): Min: 428498223.9, Avg: 428498223.9, Max: 428498224.0, Diff: 0.2]
      [Ext Root Scanning (ms): Min: 0.9, Avg: 1.8, Max: 6.3, Diff: 5.4, Sum: 14.1]
      [Update RS (ms): Min: 0.0, Avg: 2.1, Max: 2.7, Diff: 2.7, Sum: 17.1]
         [Processed Buffers: Min: 0, Avg: 8.4, Max: 14, Diff: 14, Sum: 67]
      [Scan RS (ms): Min: 0.0, Avg: 0.8, Max: 1.0, Diff: 1.0, Sum: 6.5]
      [Code Root Scanning (ms): Min: 0.0, Avg: 0.0, Max: 0.0, Diff: 0.0, Sum: 0.0]
      [Object Copy (ms): Min: 3.5, Avg: 5.0, Max: 5.3, Diff: 1.8, Sum: 39.9]
      [Termination (ms): Min: 0.0, Avg: 0.0, Max: 0.0, Diff: 0.0, Sum: 0.0]
         [Termination Attempts: Min: 1, Avg: 7.4, Max: 10, Diff: 9, Sum: 59]
      [GC Worker Other (ms): Min: 0.0, Avg: 0.1, Max: 0.1, Diff: 0.1, Sum: 0.5]
      [GC Worker Total (ms): Min: 9.7, Avg: 9.8, Max: 9.8, Diff: 0.2, Sum: 78.1]
      [GC Worker End (ms): Min: 428498233.7, Avg: 428498233.7, Max: 428498233.8, Diff: 0.1]
   [Code Root Fixup: 0.0 ms]
   [Code Root Purge: 0.0 ms]
   [Clear CT: 0.7 ms]
   [Other: 2.2 ms]
      [Choose CSet: 0.0 ms]
      [Ref Proc: 1.6 ms]
      [Ref Enq: 0.1 ms]
      [Redirty Cards: 0.1 ms]
      [Humongous Register: 0.0 ms]
      [Humongous Reclaim: 0.0 ms]
      [Free CSet: 0.3 ms]
   [Eden: 5696.0M(5696.0M)->0.0B(7152.0M) Survivors: 32768.0K->16384.0K Heap: 9295.2M(14336.0M)->3522.9M(14336.0M)]
 [Times: user=0.09 sys=0.00, real=0.01 secs] 
2022-07-26T20:13:54.815-0700: 428606.320: [GC pause (G1 Evacuation Pause) (young), 0.0371539 secs]
   [Parallel Time: 32.6 ms, GC Workers: 8]
      [GC Worker Start (ms): Min: 428606320.2, Avg: 428606320.3, Max: 428606320.3, Diff: 0.1]
      [Ext Root Scanning (ms): Min: 1.4, Avg: 2.1, Max: 5.5, Diff: 4.1, Sum: 16.7]
      [Update RS (ms): Min: 8.4, Avg: 11.5, Max: 12.2, Diff: 3.9, Sum: 92.2]
         [Processed Buffers: Min: 31, Avg: 38.1, Max: 43, Diff: 12, Sum: 305]
      [Scan RS (ms): Min: 12.0, Avg: 12.2, Max: 12.3, Diff: 0.3, Sum: 97.5]
      [Code Root Scanning (ms): Min: 0.0, Avg: 0.0, Max: 0.0, Diff: 0.0, Sum: 0.0]
      [Object Copy (ms): Min: 6.1, Avg: 6.4, Max: 6.6, Diff: 0.5, Sum: 51.4]
      [Termination (ms): Min: 0.0, Avg: 0.0, Max: 0.0, Diff: 0.0, Sum: 0.0]
         [Termination Attempts: Min: 9, Avg: 12.6, Max: 17, Diff: 8, Sum: 101]
      [GC Worker Other (ms): Min: 0.0, Avg: 0.1, Max: 0.2, Diff: 0.2, Sum: 0.7]
      [GC Worker Total (ms): Min: 32.2, Avg: 32.3, Max: 32.5, Diff: 0.3, Sum: 258.6]
      [GC Worker End (ms): Min: 428606352.5, Avg: 428606352.6, Max: 428606352.7, Diff: 0.2]
   [Code Root Fixup: 0.0 ms]
   [Code Root Purge: 0.0 ms]
   [Clear CT: 0.8 ms]
   [Other: 3.7 ms]
      [Choose CSet: 0.0 ms]
      [Ref Proc: 2.7 ms]
      [Ref Enq: 0.1 ms]
      [Redirty Cards: 0.3 ms]
      [Humongous Register: 0.1 ms]
      [Humongous Reclaim: 0.0 ms]
      [Free CSet: 0.3 ms]
   [Eden: 7152.0M(7152.0M)->0.0B(7152.0M) Survivors: 16384.0K->16384.0K Heap: 10674.9M(14336.0M)->3543.3M(14336.0M)]
 [Times: user=0.27 sys=0.00, real=0.03 secs] 
2022-07-26T20:15:38.267-0700: 428709.772: [GC pause (G1 Evacuation Pause) (young) (initial-mark), 0.0378852 secs]
   [Parallel Time: 34.5 ms, GC Workers: 8]
      [GC Worker Start (ms): Min: 428709773.9, Avg: 428709774.0, Max: 428709774.1, Diff: 0.2]
      [Ext Root Scanning (ms): Min: 6.1, Avg: 6.4, Max: 6.7, Diff: 0.5, Sum: 50.9]
      [Update RS (ms): Min: 6.7, Avg: 6.9, Max: 7.1, Diff: 0.4, Sum: 55.2]
         [Processed Buffers: Min: 24, Avg: 28.2, Max: 39, Diff: 15, Sum: 226]
      [Scan RS (ms): Min: 12.7, Avg: 12.8, Max: 13.0, Diff: 0.3, Sum: 102.4]
      [Code Root Scanning (ms): Min: 0.0, Avg: 0.0, Max: 0.0, Diff: 0.0, Sum: 0.0]
      [Object Copy (ms): Min: 5.9, Avg: 6.1, Max: 6.3, Diff: 0.4, Sum: 49.1]
      [Termination (ms): Min: 0.0, Avg: 0.0, Max: 0.0, Diff: 0.0, Sum: 0.0]
         [Termination Attempts: Min: 1, Avg: 1.2, Max: 2, Diff: 1, Sum: 10]
      [GC Worker Other (ms): Min: 0.0, Avg: 0.1, Max: 0.2, Diff: 0.2, Sum: 0.7]
      [GC Worker Total (ms): Min: 32.2, Avg: 32.3, Max: 32.4, Diff: 0.3, Sum: 258.4]
      [GC Worker End (ms): Min: 428709806.3, Avg: 428709806.3, Max: 428709806.4, Diff: 0.2]
   [Code Root Fixup: 0.0 ms]
   [Code Root Purge: 0.0 ms]
   [Clear CT: 0.8 ms]
   [Other: 2.5 ms]
      [Choose CSet: 0.0 ms]
      [Ref Proc: 1.7 ms]
      [Ref Enq: 0.1 ms]
      [Redirty Cards: 0.2 ms]
      [Humongous Register: 0.0 ms]
      [Humongous Reclaim: 0.0 ms]
      [Free CSet: 0.3 ms]
   [Eden: 7152.0M(7152.0M)->0.0B(7152.0M) Survivors: 16384.0K->16384.0K Heap: 10695.3M(14336.0M)->3544.2M(14336.0M)]
 [Times: user=0.26 sys=0.00, real=0.04 secs] 
2022-07-26T20:15:38.305-0700: 428709.810: [GC concurrent-root-region-scan-start]
2022-07-26T20:15:38.323-0700: 428709.828: [GC concurrent-root-region-scan-end, 0.0183389 secs]
2022-07-26T20:15:38.323-0700: 428709.828: [GC concurrent-mark-start]
2022-07-26T20:15:40.936-0700: 428712.441: [GC concurrent-mark-end, 2.6125671 secs]
2022-07-26T20:15:40.936-0700: 428712.441: [GC remark 2022-07-26T20:15:40.936-0700: 428712.441: [Finalize Marking, 0.0003270 secs] 2022-07-26T20:15:40.937-0700: 428712.441: [GC ref-proc, 0.0083081 secs] 2022-07-26T20:15:40.945-0700: 428712.450: [Unloading, 0.0295768 secs], 0.0438515 secs]
 [Times: user=0.27 sys=0.00, real=0.04 secs] 
2022-07-26T20:15:40.981-0700: 428712.485: [GC cleanup 3784M->3784M(14336M), 0.0081967 secs]
 [Times: user=0.06 sys=0.00, real=0.01 secs] 
2022-07-26T20:17:22.423-0700: 428813.928: [GC pause (G1 Evacuation Pause) (young), 0.0134467 secs]
   [Parallel Time: 10.7 ms, GC Workers: 8]
      [GC Worker Start (ms): Min: 428813928.3, Avg: 428813928.4, Max: 428813928.4, Diff: 0.1]
      [Ext Root Scanning (ms): Min: 0.9, Avg: 1.6, Max: 5.1, Diff: 4.2, Sum: 12.8]
      [Update RS (ms): Min: 3.7, Avg: 7.1, Max: 7.9, Diff: 4.2, Sum: 56.7]
         [Processed Buffers: Min: 17, Avg: 30.0, Max: 36, Diff: 19, Sum: 240]
      [Scan RS (ms): Min: 0.1, Avg: 0.3, Max: 0.5, Diff: 0.4, Sum: 2.6]
      [Code Root Scanning (ms): Min: 0.0, Avg: 0.0, Max: 0.0, Diff: 0.0, Sum: 0.0]
      [Object Copy (ms): Min: 1.3, Avg: 1.4, Max: 1.5, Diff: 0.2, Sum: 11.4]
      [Termination (ms): Min: 0.0, Avg: 0.0, Max: 0.0, Diff: 0.0, Sum: 0.0]
         [Termination Attempts: Min: 10, Avg: 15.5, Max: 20, Diff: 10, Sum: 124]
      [GC Worker Other (ms): Min: 0.0, Avg: 0.0, Max: 0.1, Diff: 0.1, Sum: 0.4]
      [GC Worker Total (ms): Min: 10.4, Avg: 10.5, Max: 10.6, Diff: 0.2, Sum: 84.0]
      [GC Worker End (ms): Min: 428813938.8, Avg: 428813938.9, Max: 428813938.9, Diff: 0.1]
   [Code Root Fixup: 0.0 ms]
   [Code Root Purge: 0.0 ms]
   [Clear CT: 0.7 ms]
   [Other: 2.0 ms]
      [Choose CSet: 0.0 ms]
      [Ref Proc: 1.4 ms]
      [Ref Enq: 0.1 ms]
      [Redirty Cards: 0.1 ms]
      [Humongous Register: 0.1 ms]
      [Humongous Reclaim: 0.0 ms]
      [Free CSet: 0.3 ms]
   [Eden: 7152.0M(7152.0M)->0.0B(5712.0M) Survivors: 16384.0K->16384.0K Heap: 10696.2M(14336.0M)->3544.9M(14336.0M)]
 [Times: user=0.09 sys=0.00, real=0.01 secs] 
2022-07-26T20:18:46.120-0700: 428897.625: [GC pause (G1 Evacuation Pause) (mixed), 0.0150481 secs]
   [Parallel Time: 10.5 ms, GC Workers: 8]
      [GC Worker Start (ms): Min: 428897624.8, Avg: 428897624.9, Max: 428897625.0, Diff: 0.2]
      [Ext Root Scanning (ms): Min: 1.0, Avg: 1.8, Max: 6.5, Diff: 5.5, Sum: 14.8]
      [Update RS (ms): Min: 0.0, Avg: 1.3, Max: 1.9, Diff: 1.9, Sum: 10.5]
         [Processed Buffers: Min: 0, Avg: 5.5, Max: 11, Diff: 11, Sum: 44]
      [Scan RS (ms): Min: 0.0, Avg: 1.5, Max: 1.9, Diff: 1.9, Sum: 12.2]
      [Code Root Scanning (ms): Min: 0.0, Avg: 0.1, Max: 0.6, Diff: 0.6, Sum: 0.6]
      [Object Copy (ms): Min: 3.7, Avg: 5.4, Max: 5.8, Diff: 2.1, Sum: 43.1]
      [Termination (ms): Min: 0.0, Avg: 0.0, Max: 0.0, Diff: 0.0, Sum: 0.0]
         [Termination Attempts: Min: 5, Avg: 7.5, Max: 11, Diff: 6, Sum: 60]
      [GC Worker Other (ms): Min: 0.0, Avg: 0.1, Max: 0.1, Diff: 0.1, Sum: 0.6]
      [GC Worker Total (ms): Min: 10.1, Avg: 10.2, Max: 10.3, Diff: 0.2, Sum: 81.7]
      [GC Worker End (ms): Min: 428897635.1, Avg: 428897635.1, Max: 428897635.2, Diff: 0.1]
   [Code Root Fixup: 0.0 ms]
   [Code Root Purge: 0.0 ms]
   [Clear CT: 0.8 ms]
   [Other: 3.7 ms]
      [Choose CSet: 0.0 ms]
      [Ref Proc: 3.0 ms]
      [Ref Enq: 0.1 ms]
      [Redirty Cards: 0.1 ms]
      [Humongous Register: 0.1 ms]
      [Humongous Reclaim: 0.0 ms]
      [Free CSet: 0.3 ms]
   [Eden: 5712.0M(5712.0M)->0.0B(7152.0M) Survivors: 16384.0K->16384.0K Heap: 9256.9M(14336.0M)->3480.7M(14336.0M)]
 [Times: user=0.10 sys=0.00, real=0.02 secs] 
2022-07-26T20:20:31.924-0700: 429003.429: [GC pause (G1 Evacuation Pause) (young), 0.0138145 secs]
   [Parallel Time: 8.5 ms, GC Workers: 8]
      [GC Worker Start (ms): Min: 429003429.2, Avg: 429003429.3, Max: 429003429.4, Diff: 0.2]
      [Ext Root Scanning (ms): Min: 1.0, Avg: 1.8, Max: 5.3, Diff: 4.4, Sum: 14.4]
      [Update RS (ms): Min: 1.2, Avg: 4.6, Max: 5.4, Diff: 4.2, Sum: 36.7]
         [Processed Buffers: Min: 4, Avg: 14.6, Max: 23, Diff: 19, Sum: 117]
      [Scan RS (ms): Min: 0.0, Avg: 0.0, Max: 0.1, Diff: 0.1, Sum: 0.4]
      [Code Root Scanning (ms): Min: 0.0, Avg: 0.0, Max: 0.0, Diff: 0.0, Sum: 0.0]
      [Object Copy (ms): Min: 1.4, Avg: 1.6, Max: 1.8, Diff: 0.4, Sum: 12.8]
      [Termination (ms): Min: 0.0, Avg: 0.0, Max: 0.0, Diff: 0.0, Sum: 0.0]
         [Termination Attempts: Min: 1, Avg: 12.2, Max: 16, Diff: 15, Sum: 98]
      [GC Worker Other (ms): Min: 0.0, Avg: 0.1, Max: 0.1, Diff: 0.1, Sum: 0.4]
      [GC Worker Total (ms): Min: 8.0, Avg: 8.1, Max: 8.2, Diff: 0.2, Sum: 64.8]
      [GC Worker End (ms): Min: 429003437.4, Avg: 429003437.4, Max: 429003437.4, Diff: 0.1]
   [Code Root Fixup: 0.0 ms]
   [Code Root Purge: 0.0 ms]
   [Clear CT: 0.7 ms]
   [Other: 4.6 ms]
      [Choose CSet: 0.0 ms]
      [Ref Proc: 3.9 ms]
      [Ref Enq: 0.1 ms]
      [Redirty Cards: 0.1 ms]
      [Humongous Register: 0.1 ms]
      [Humongous Reclaim: 0.0 ms]
      [Free CSet: 0.3 ms]
   [Eden: 7152.0M(7152.0M)->0.0B(7152.0M) Survivors: 16384.0K->16384.0K Heap: 10632.7M(14336.0M)->3486.2M(14336.0M)]
 [Times: user=0.07 sys=0.00, real=0.01 secs] 
2022-07-26T20:22:16.775-0700: 429108.279: [GC pause (G1 Evacuation Pause) (young) (initial-mark), 0.0147491 secs]
   [Parallel Time: 10.6 ms, GC Workers: 8]
      [GC Worker Start (ms): Min: 429108280.9, Avg: 429108281.0, Max: 429108281.0, Diff: 0.1]
      [Ext Root Scanning (ms): Min: 5.5, Avg: 5.7, Max: 5.8, Diff: 0.3, Sum: 45.3]
      [Update RS (ms): Min: 1.3, Avg: 1.4, Max: 1.5, Diff: 0.2, Sum: 10.9]
         [Processed Buffers: Min: 3, Avg: 5.9, Max: 10, Diff: 7, Sum: 47]
      [Scan RS (ms): Min: 0.0, Avg: 0.1, Max: 0.1, Diff: 0.1, Sum: 0.4]
      [Code Root Scanning (ms): Min: 0.0, Avg: 0.0, Max: 0.0, Diff: 0.0, Sum: 0.0]
      [Object Copy (ms): Min: 1.4, Avg: 1.6, Max: 1.8, Diff: 0.4, Sum: 12.9]
      [Termination (ms): Min: 0.0, Avg: 0.0, Max: 0.0, Diff: 0.0, Sum: 0.0]
         [Termination Attempts: Min: 1, Avg: 5.6, Max: 9, Diff: 8, Sum: 45]
      [GC Worker Other (ms): Min: 0.0, Avg: 0.1, Max: 0.1, Diff: 0.1, Sum: 0.4]
      [GC Worker Total (ms): Min: 8.7, Avg: 8.7, Max: 8.8, Diff: 0.1, Sum: 69.9]
      [GC Worker End (ms): Min: 429108289.7, Avg: 429108289.7, Max: 429108289.7, Diff: 0.1]
   [Code Root Fixup: 0.0 ms]
   [Code Root Purge: 0.0 ms]
   [Clear CT: 0.7 ms]
   [Other: 3.5 ms]
      [Choose CSet: 0.0 ms]
      [Ref Proc: 2.8 ms]
      [Ref Enq: 0.1 ms]
      [Redirty Cards: 0.1 ms]
      [Humongous Register: 0.0 ms]
      [Humongous Reclaim: 0.0 ms]
      [Free CSet: 0.3 ms]
   [Eden: 7152.0M(7152.0M)->0.0B(7152.0M) Survivors: 16384.0K->16384.0K Heap: 10638.2M(14336.0M)->3489.5M(14336.0M)]
 [Times: user=0.06 sys=0.01, real=0.02 secs] 
2022-07-26T20:22:16.789-0700: 429108.294: [GC concurrent-root-region-scan-start]
2022-07-26T20:22:16.798-0700: 429108.303: [GC concurrent-root-region-scan-end, 0.0089482 secs]
2022-07-26T20:22:16.798-0700: 429108.303: [GC concurrent-mark-start]
2022-07-26T20:22:19.423-0700: 429110.927: [GC concurrent-mark-end, 2.6241498 secs]
2022-07-26T20:22:19.423-0700: 429110.928: [GC remark 2022-07-26T20:22:19.423-0700: 429110.928: [Finalize Marking, 0.0002617 secs] 2022-07-26T20:22:19.423-0700: 429110.928: [GC ref-proc, 0.0055081 secs] 2022-07-26T20:22:19.429-0700: 429110.933: [Unloading, 0.0301039 secs], 0.0414293 secs]
 [Times: user=0.26 sys=0.00, real=0.04 secs] 
2022-07-26T20:22:19.465-0700: 429110.969: [GC cleanup 3649M->3649M(14336M), 0.0085230 secs]
 [Times: user=0.06 sys=0.00, real=0.00 secs] 
2022-07-26T20:24:00.814-0700: 429212.319: [GC pause (G1 Evacuation Pause) (young), 0.0106071 secs]
   [Parallel Time: 6.2 ms, GC Workers: 8]
      [GC Worker Start (ms): Min: 429212319.3, Avg: 429212319.3, Max: 429212319.4, Diff: 0.1]
      [Ext Root Scanning (ms): Min: 1.3, Avg: 2.0, Max: 5.9, Diff: 4.6, Sum: 15.9]
      [Update RS (ms): Min: 0.0, Avg: 1.7, Max: 2.3, Diff: 2.3, Sum: 13.3]
         [Processed Buffers: Min: 0, Avg: 6.1, Max: 13, Diff: 13, Sum: 49]
      [Scan RS (ms): Min: 0.0, Avg: 0.1, Max: 0.1, Diff: 0.1, Sum: 0.5]
      [Code Root Scanning (ms): Min: 0.0, Avg: 0.0, Max: 0.0, Diff: 0.0, Sum: 0.0]
      [Object Copy (ms): Min: 0.0, Avg: 1.6, Max: 2.0, Diff: 2.0, Sum: 13.0]
      [Termination (ms): Min: 0.0, Avg: 0.5, Max: 0.5, Diff: 0.5, Sum: 3.8]
         [Termination Attempts: Min: 1, Avg: 1.5, Max: 3, Diff: 2, Sum: 12]
      [GC Worker Other (ms): Min: 0.0, Avg: 0.0, Max: 0.0, Diff: 0.0, Sum: 0.2]
      [GC Worker Total (ms): Min: 5.8, Avg: 5.9, Max: 5.9, Diff: 0.1, Sum: 46.8]
      [GC Worker End (ms): Min: 429212325.2, Avg: 429212325.2, Max: 429212325.2, Diff: 0.0]
   [Code Root Fixup: 0.0 ms]
   [Code Root Purge: 0.0 ms]
   [Clear CT: 0.7 ms]
   [Other: 3.7 ms]
      [Choose CSet: 0.0 ms]
      [Ref Proc: 3.0 ms]
      [Ref Enq: 0.1 ms]
      [Redirty Cards: 0.1 ms]
      [Humongous Register: 0.0 ms]
      [Humongous Reclaim: 0.0 ms]
      [Free CSet: 0.3 ms]
   [Eden: 7152.0M(7152.0M)->0.0B(5712.0M) Survivors: 16384.0K->16384.0K Heap: 10641.5M(14336.0M)->3490.1M(14336.0M)]
 [Times: user=0.05 sys=0.00, real=0.02 secs] 
2022-07-26T20:25:25.926-0700: 429297.430: [GC pause (G1 Evacuation Pause) (mixed), 0.0238616 secs]
   [Parallel Time: 20.0 ms, GC Workers: 8]
      [GC Worker Start (ms): Min: 429297430.5, Avg: 429297430.5, Max: 429297430.6, Diff: 0.1]
      [Ext Root Scanning (ms): Min: 1.0, Avg: 1.8, Max: 6.1, Diff: 5.1, Sum: 14.2]
      [Update RS (ms): Min: 0.0, Avg: 1.1, Max: 1.7, Diff: 1.7, Sum: 9.1]
         [Processed Buffers: Min: 0, Avg: 5.4, Max: 12, Diff: 12, Sum: 43]
      [Scan RS (ms): Min: 0.0, Avg: 2.0, Max: 2.4, Diff: 2.4, Sum: 15.7]
      [Code Root Scanning (ms): Min: 0.0, Avg: 0.0, Max: 0.0, Diff: 0.0, Sum: 0.1]
      [Object Copy (ms): Min: 10.5, Avg: 14.1, Max: 15.1, Diff: 4.6, Sum: 112.6]
      [Termination (ms): Min: 0.0, Avg: 0.9, Max: 3.2, Diff: 3.2, Sum: 7.0]
         [Termination Attempts: Min: 1, Avg: 21.0, Max: 28, Diff: 27, Sum: 168]
      [GC Worker Other (ms): Min: 0.0, Avg: 0.0, Max: 0.0, Diff: 0.0, Sum: 0.1]
      [GC Worker Total (ms): Min: 19.8, Avg: 19.8, Max: 19.9, Diff: 0.1, Sum: 158.7]
      [GC Worker End (ms): Min: 429297450.3, Avg: 429297450.4, Max: 429297450.4, Diff: 0.0]
   [Code Root Fixup: 0.0 ms]
   [Code Root Purge: 0.0 ms]
   [Clear CT: 0.9 ms]
   [Other: 2.9 ms]
      [Choose CSet: 0.0 ms]
      [Ref Proc: 2.2 ms]
      [Ref Enq: 0.1 ms]
      [Redirty Cards: 0.2 ms]
      [Humongous Register: 0.1 ms]
      [Humongous Reclaim: 0.0 ms]
      [Free CSet: 0.3 ms]
   [Eden: 5712.0M(5712.0M)->0.0B(7152.0M) Survivors: 16384.0K->16384.0K Heap: 9202.1M(14336.0M)->3469.8M(14336.0M)]
 [Times: user=0.14 sys=0.00, real=0.02 secs] 
2022-07-26T20:27:12.416-0700: 429403.921: [GC pause (G1 Evacuation Pause) (young), 0.0173929 secs]
   [Parallel Time: 14.4 ms, GC Workers: 8]
      [GC Worker Start (ms): Min: 429403921.2, Avg: 429403921.3, Max: 429403921.3, Diff: 0.1]
      [Ext Root Scanning (ms): Min: 1.0, Avg: 1.8, Max: 5.5, Diff: 4.5, Sum: 14.1]
      [Update RS (ms): Min: 7.3, Avg: 10.7, Max: 11.4, Diff: 4.1, Sum: 85.4]
         [Processed Buffers: Min: 19, Avg: 30.4, Max: 43, Diff: 24, Sum: 243]
      [Scan RS (ms): Min: 0.0, Avg: 0.0, Max: 0.1, Diff: 0.1, Sum: 0.4]
      [Code Root Scanning (ms): Min: 0.0, Avg: 0.0, Max: 0.0, Diff: 0.0, Sum: 0.0]
      [Object Copy (ms): Min: 1.5, Avg: 1.7, Max: 1.9, Diff: 0.4, Sum: 13.8]
      [Termination (ms): Min: 0.0, Avg: 0.1, Max: 0.1, Diff: 0.1, Sum: 0.5]
         [Termination Attempts: Min: 29, Avg: 36.2, Max: 46, Diff: 17, Sum: 290]
      [GC Worker Other (ms): Min: 0.0, Avg: 0.0, Max: 0.1, Diff: 0.0, Sum: 0.3]
      [GC Worker Total (ms): Min: 14.2, Avg: 14.3, Max: 14.4, Diff: 0.2, Sum: 114.5]
      [GC Worker End (ms): Min: 429403935.6, Avg: 429403935.6, Max: 429403935.6, Diff: 0.0]
   [Code Root Fixup: 0.0 ms]
   [Code Root Purge: 0.0 ms]
   [Clear CT: 0.7 ms]
   [Other: 2.3 ms]
      [Choose CSet: 0.0 ms]
      [Ref Proc: 1.6 ms]
      [Ref Enq: 0.1 ms]
      [Redirty Cards: 0.1 ms]
      [Humongous Register: 0.1 ms]
      [Humongous Reclaim: 0.0 ms]
      [Free CSet: 0.3 ms]
   [Eden: 7152.0M(7152.0M)->0.0B(7152.0M) Survivors: 16384.0K->16384.0K Heap: 10621.8M(14336.0M)->3492.1M(14336.0M)]
 [Times: user=0.12 sys=0.00, real=0.01 secs] 
2022-07-26T20:28:59.070-0700: 429510.575: [GC pause (G1 Evacuation Pause) (young) (initial-mark), 0.0173954 secs]
   [Parallel Time: 12.5 ms, GC Workers: 8]
      [GC Worker Start (ms): Min: 429510577.2, Avg: 429510577.3, Max: 429510577.4, Diff: 0.2]
      [Ext Root Scanning (ms): Min: 5.8, Avg: 6.0, Max: 6.3, Diff: 0.5, Sum: 48.4]
      [Update RS (ms): Min: 1.5, Avg: 1.6, Max: 1.9, Diff: 0.4, Sum: 12.9]
         [Processed Buffers: Min: 4, Avg: 6.6, Max: 13, Diff: 9, Sum: 53]
      [Scan RS (ms): Min: 0.0, Avg: 0.1, Max: 0.1, Diff: 0.1, Sum: 0.4]
      [Code Root Scanning (ms): Min: 0.0, Avg: 0.0, Max: 0.0, Diff: 0.0, Sum: 0.0]
      [Object Copy (ms): Min: 2.2, Avg: 2.4, Max: 2.5, Diff: 0.3, Sum: 19.3]
      [Termination (ms): Min: 0.0, Avg: 0.0, Max: 0.0, Diff: 0.0, Sum: 0.1]
         [Termination Attempts: Min: 14, Avg: 18.2, Max: 23, Diff: 9, Sum: 146]
      [GC Worker Other (ms): Min: 0.0, Avg: 0.1, Max: 0.2, Diff: 0.1, Sum: 0.5]
      [GC Worker Total (ms): Min: 10.1, Avg: 10.2, Max: 10.3, Diff: 0.2, Sum: 81.6]
      [GC Worker End (ms): Min: 429510587.5, Avg: 429510587.5, Max: 429510587.6, Diff: 0.1]
   [Code Root Fixup: 0.0 ms]
   [Code Root Purge: 0.0 ms]
   [Clear CT: 0.7 ms]
   [Other: 4.1 ms]
      [Choose CSet: 0.0 ms]
      [Ref Proc: 3.4 ms]
      [Ref Enq: 0.1 ms]
      [Redirty Cards: 0.1 ms]
      [Humongous Register: 0.0 ms]
      [Humongous Reclaim: 0.0 ms]
      [Free CSet: 0.3 ms]
   [Eden: 7152.0M(7152.0M)->0.0B(7152.0M) Survivors: 16384.0K->16384.0K Heap: 10644.1M(14336.0M)->3500.6M(14336.0M)]
 [Times: user=0.09 sys=0.00, real=0.02 secs] 
2022-07-26T20:28:59.088-0700: 429510.593: [GC concurrent-root-region-scan-start]
2022-07-26T20:28:59.099-0700: 429510.603: [GC concurrent-root-region-scan-end, 0.0107141 secs]
2022-07-26T20:28:59.099-0700: 429510.603: [GC concurrent-mark-start]
2022-07-26T20:29:01.716-0700: 429513.221: [GC concurrent-mark-end, 2.6177567 secs]
2022-07-26T20:29:01.717-0700: 429513.222: [GC remark 2022-07-26T20:29:01.717-0700: 429513.222: [Finalize Marking, 0.0003530 secs] 2022-07-26T20:29:01.717-0700: 429513.222: [GC ref-proc, 0.0104862 secs] 2022-07-26T20:29:01.728-0700: 429513.233: [Unloading, 0.0272614 secs], 0.0437981 secs]
 [Times: user=0.25 sys=0.00, real=0.04 secs] 
2022-07-26T20:29:01.761-0700: 429513.266: [GC cleanup 3668M->3668M(14336M), 0.0086125 secs]
 [Times: user=0.06 sys=0.00, real=0.01 secs] 
2022-07-26T20:30:48.412-0700: 429619.917: [GC pause (G1 Evacuation Pause) (young), 0.0118321 secs]
   [Parallel Time: 7.1 ms, GC Workers: 8]
      [GC Worker Start (ms): Min: 429619916.8, Avg: 429619916.9, Max: 429619916.9, Diff: 0.1]
      [Ext Root Scanning (ms): Min: 1.2, Avg: 2.0, Max: 6.3, Diff: 5.1, Sum: 16.1]
      [Update RS (ms): Min: 0.0, Avg: 2.4, Max: 3.2, Diff: 3.2, Sum: 19.6]
         [Processed Buffers: Min: 0, Avg: 7.0, Max: 13, Diff: 13, Sum: 56]
      [Scan RS (ms): Min: 0.0, Avg: 0.1, Max: 0.1, Diff: 0.1, Sum: 0.5]
      [Code Root Scanning (ms): Min: 0.0, Avg: 0.0, Max: 0.0, Diff: 0.0, Sum: 0.0]
      [Object Copy (ms): Min: 0.3, Avg: 2.0, Max: 2.6, Diff: 2.3, Sum: 16.3]
      [Termination (ms): Min: 0.0, Avg: 0.0, Max: 0.0, Diff: 0.0, Sum: 0.0]
         [Termination Attempts: Min: 1, Avg: 2.6, Max: 4, Diff: 3, Sum: 21]
      [GC Worker Other (ms): Min: 0.0, Avg: 0.0, Max: 0.1, Diff: 0.1, Sum: 0.3]
      [GC Worker Total (ms): Min: 6.5, Avg: 6.6, Max: 6.7, Diff: 0.2, Sum: 52.9]
      [GC Worker End (ms): Min: 429619923.4, Avg: 429619923.5, Max: 429619923.5, Diff: 0.1]
   [Code Root Fixup: 0.0 ms]
   [Code Root Purge: 0.0 ms]
   [Clear CT: 0.7 ms]
   [Other: 4.0 ms]
      [Choose CSet: 0.0 ms]
      [Ref Proc: 3.4 ms]
      [Ref Enq: 0.1 ms]
      [Redirty Cards: 0.1 ms]
      [Humongous Register: 0.1 ms]
      [Humongous Reclaim: 0.0 ms]
      [Free CSet: 0.3 ms]
   [Eden: 7152.0M(7152.0M)->0.0B(5712.0M) Survivors: 16384.0K->16384.0K Heap: 10652.6M(14336.0M)->3498.7M(14336.0M)]
 [Times: user=0.07 sys=0.00, real=0.02 secs] 
2022-07-26T20:32:17.817-0700: 429709.322: [GC pause (G1 Evacuation Pause) (mixed), 0.0145721 secs]
   [Parallel Time: 11.6 ms, GC Workers: 8]
      [GC Worker Start (ms): Min: 429709322.1, Avg: 429709322.1, Max: 429709322.2, Diff: 0.1]
      [Ext Root Scanning (ms): Min: 1.1, Avg: 1.9, Max: 6.5, Diff: 5.4, Sum: 15.1]
      [Update RS (ms): Min: 0.0, Avg: 1.8, Max: 2.6, Diff: 2.5, Sum: 14.2]
         [Processed Buffers: Min: 0, Avg: 6.4, Max: 17, Diff: 17, Sum: 51]
      [Scan RS (ms): Min: 0.0, Avg: 0.9, Max: 1.2, Diff: 1.2, Sum: 7.0]
      [Code Root Scanning (ms): Min: 0.0, Avg: 0.0, Max: 0.0, Diff: 0.0, Sum: 0.0]
      [Object Copy (ms): Min: 4.9, Avg: 6.9, Max: 7.2, Diff: 2.3, Sum: 54.9]
      [Termination (ms): Min: 0.0, Avg: 0.0, Max: 0.0, Diff: 0.0, Sum: 0.0]
         [Termination Attempts: Min: 1, Avg: 1.5, Max: 2, Diff: 1, Sum: 12]
      [GC Worker Other (ms): Min: 0.0, Avg: 0.0, Max: 0.1, Diff: 0.1, Sum: 0.4]
      [GC Worker Total (ms): Min: 11.4, Avg: 11.5, Max: 11.5, Diff: 0.2, Sum: 91.6]
      [GC Worker End (ms): Min: 429709333.5, Avg: 429709333.6, Max: 429709333.6, Diff: 0.1]
   [Code Root Fixup: 0.0 ms]
   [Code Root Purge: 0.0 ms]
   [Clear CT: 0.9 ms]
   [Other: 2.1 ms]
      [Choose CSet: 0.0 ms]
      [Ref Proc: 1.4 ms]
      [Ref Enq: 0.1 ms]
      [Redirty Cards: 0.1 ms]
      [Humongous Register: 0.1 ms]
      [Humongous Reclaim: 0.0 ms]
      [Free CSet: 0.2 ms]
   [Eden: 5712.0M(5712.0M)->0.0B(7152.0M) Survivors: 16384.0K->16384.0K Heap: 9210.7M(14336.0M)->3481.0M(14336.0M)]
 [Times: user=0.10 sys=0.00, real=0.01 secs] 
2022-07-26T20:34:08.424-0700: 429819.929: [GC pause (G1 Evacuation Pause) (young), 0.0126931 secs]
   [Parallel Time: 9.1 ms, GC Workers: 8]
      [GC Worker Start (ms): Min: 429819929.3, Avg: 429819929.4, Max: 429819929.4, Diff: 0.1]
      [Ext Root Scanning (ms): Min: 0.9, Avg: 1.6, Max: 5.3, Diff: 4.4, Sum: 12.9]
      [Update RS (ms): Min: 2.2, Avg: 5.7, Max: 6.4, Diff: 4.2, Sum: 45.9]
         [Processed Buffers: Min: 11, Avg: 19.2, Max: 26, Diff: 15, Sum: 154]
      [Scan RS (ms): Min: 0.0, Avg: 0.1, Max: 0.1, Diff: 0.1, Sum: 0.4]
      [Code Root Scanning (ms): Min: 0.0, Avg: 0.0, Max: 0.0, Diff: 0.0, Sum: 0.0]
      [Object Copy (ms): Min: 1.2, Avg: 1.3, Max: 1.4, Diff: 0.2, Sum: 10.6]
      [Termination (ms): Min: 0.0, Avg: 0.0, Max: 0.0, Diff: 0.0, Sum: 0.0]
         [Termination Attempts: Min: 1, Avg: 1.0, Max: 1, Diff: 0, Sum: 8]
      [GC Worker Other (ms): Min: 0.0, Avg: 0.1, Max: 0.1, Diff: 0.1, Sum: 0.4]
      [GC Worker Total (ms): Min: 8.7, Avg: 8.8, Max: 8.9, Diff: 0.2, Sum: 70.1]
      [GC Worker End (ms): Min: 429819938.1, Avg: 429819938.1, Max: 429819938.2, Diff: 0.1]
   [Code Root Fixup: 0.0 ms]
   [Code Root Purge: 0.0 ms]
   [Clear CT: 0.7 ms]
   [Other: 2.8 ms]
      [Choose CSet: 0.0 ms]
      [Ref Proc: 2.2 ms]
      [Ref Enq: 0.1 ms]
      [Redirty Cards: 0.1 ms]
      [Humongous Register: 0.1 ms]
      [Humongous Reclaim: 0.0 ms]
      [Free CSet: 0.3 ms]
   [Eden: 7152.0M(7152.0M)->0.0B(7152.0M) Survivors: 16384.0K->16384.0K Heap: 10633.0M(14336.0M)->3491.3M(14336.0M)]
 [Times: user=0.08 sys=0.00, real=0.01 secs] 
2022-07-26T20:35:58.821-0700: 429930.326: [GC pause (G1 Evacuation Pause) (young) (initial-mark), 0.0159922 secs]
   [Parallel Time: 11.2 ms, GC Workers: 8]
      [GC Worker Start (ms): Min: 429930328.3, Avg: 429930328.4, Max: 429930328.5, Diff: 0.2]
      [Ext Root Scanning (ms): Min: 5.7, Avg: 5.9, Max: 6.2, Diff: 0.5, Sum: 47.2]
      [Update RS (ms): Min: 1.1, Avg: 1.2, Max: 1.4, Diff: 0.3, Sum: 9.7]
         [Processed Buffers: Min: 3, Avg: 5.5, Max: 14, Diff: 11, Sum: 44]
      [Scan RS (ms): Min: 0.0, Avg: 0.0, Max: 0.1, Diff: 0.1, Sum: 0.4]
      [Code Root Scanning (ms): Min: 0.0, Avg: 0.0, Max: 0.0, Diff: 0.0, Sum: 0.0]
      [Object Copy (ms): Min: 1.1, Avg: 1.3, Max: 1.4, Diff: 0.3, Sum: 10.0]
      [Termination (ms): Min: 0.0, Avg: 0.0, Max: 0.0, Diff: 0.0, Sum: 0.0]
         [Termination Attempts: Min: 2, Avg: 3.8, Max: 7, Diff: 5, Sum: 30]
      [GC Worker Other (ms): Min: 0.0, Avg: 0.1, Max: 0.2, Diff: 0.2, Sum: 0.5]
      [GC Worker Total (ms): Min: 8.4, Avg: 8.5, Max: 8.6, Diff: 0.3, Sum: 67.9]
      [GC Worker End (ms): Min: 429930336.8, Avg: 429930336.9, Max: 429930337.0, Diff: 0.2]
   [Code Root Fixup: 0.0 ms]
   [Code Root Purge: 0.0 ms]
   [Clear CT: 0.7 ms]
   [Other: 4.1 ms]
      [Choose CSet: 0.0 ms]
      [Ref Proc: 3.3 ms]
      [Ref Enq: 0.1 ms]
      [Redirty Cards: 0.1 ms]
      [Humongous Register: 0.0 ms]
      [Humongous Reclaim: 0.0 ms]
      [Free CSet: 0.3 ms]
   [Eden: 7152.0M(7152.0M)->0.0B(7152.0M) Survivors: 16384.0K->16384.0K Heap: 10643.3M(14336.0M)->3492.5M(14336.0M)]
 [Times: user=0.07 sys=0.00, real=0.02 secs] 
2022-07-26T20:35:58.837-0700: 429930.342: [GC concurrent-root-region-scan-start]
2022-07-26T20:35:58.846-0700: 429930.350: [GC concurrent-root-region-scan-end, 0.0082202 secs]
2022-07-26T20:35:58.846-0700: 429930.350: [GC concurrent-mark-start]
2022-07-26T20:36:01.509-0700: 429933.014: [GC concurrent-mark-end, 2.6631541 secs]
2022-07-26T20:36:01.509-0700: 429933.014: [GC remark 2022-07-26T20:36:01.509-0700: 429933.014: [Finalize Marking, 0.0003169 secs] 2022-07-26T20:36:01.510-0700: 429933.014: [GC ref-proc, 0.0101192 secs] 2022-07-26T20:36:01.520-0700: 429933.024: [Unloading, 0.0298006 secs], 0.0458206 secs]
 [Times: user=0.27 sys=0.00, real=0.05 secs] 
2022-07-26T20:36:01.555-0700: 429933.060: [GC cleanup 3708M->3708M(14336M), 0.0083065 secs]
 [Times: user=0.06 sys=0.00, real=0.01 secs] 
2022-07-26T20:37:49.081-0700: 430040.586: [GC pause (G1 Evacuation Pause) (young), 0.0156698 secs]
   [Parallel Time: 13.0 ms, GC Workers: 8]
      [GC Worker Start (ms): Min: 430040586.1, Avg: 430040586.2, Max: 430040586.2, Diff: 0.2]
      [Ext Root Scanning (ms): Min: 1.0, Avg: 2.8, Max: 12.8, Diff: 11.8, Sum: 22.6]
      [Update RS (ms): Min: 0.0, Avg: 1.1, Max: 1.7, Diff: 1.7, Sum: 8.8]
         [Processed Buffers: Min: 0, Avg: 5.5, Max: 12, Diff: 12, Sum: 44]
      [Scan RS (ms): Min: 0.0, Avg: 0.0, Max: 0.1, Diff: 0.1, Sum: 0.4]
      [Code Root Scanning (ms): Min: 0.0, Avg: 0.0, Max: 0.0, Diff: 0.0, Sum: 0.0]
      [Object Copy (ms): Min: 0.0, Avg: 2.8, Max: 3.5, Diff: 3.4, Sum: 22.6]
      [Termination (ms): Min: 0.0, Avg: 6.0, Max: 6.9, Diff: 6.9, Sum: 48.0]
         [Termination Attempts: Min: 1, Avg: 1.0, Max: 1, Diff: 0, Sum: 8]
      [GC Worker Other (ms): Min: 0.0, Avg: 0.0, Max: 0.0, Diff: 0.0, Sum: 0.1]
      [GC Worker Total (ms): Min: 12.7, Avg: 12.8, Max: 12.9, Diff: 0.1, Sum: 102.5]
      [GC Worker End (ms): Min: 430040598.9, Avg: 430040599.0, Max: 430040599.0, Diff: 0.0]
   [Code Root Fixup: 0.0 ms]
   [Code Root Purge: 0.0 ms]
   [Clear CT: 0.5 ms]
   [Other: 2.2 ms]
      [Choose CSet: 0.0 ms]
      [Ref Proc: 1.5 ms]
      [Ref Enq: 0.1 ms]
      [Redirty Cards: 0.1 ms]
      [Humongous Register: 0.1 ms]
      [Humongous Reclaim: 0.0 ms]
      [Free CSet: 0.3 ms]
   [Eden: 7152.0M(7152.0M)->0.0B(5712.0M) Survivors: 16384.0K->16384.0K Heap: 10644.5M(14336.0M)->3498.8M(14336.0M)]
 [Times: user=0.10 sys=0.00, real=0.02 secs] 
2022-07-26T20:39:17.321-0700: 430128.826: [GC pause (G1 Evacuation Pause) (mixed), 0.0193679 secs]
   [Parallel Time: 14.4 ms, GC Workers: 8]
      [GC Worker Start (ms): Min: 430128825.9, Avg: 430128826.0, Max: 430128826.1, Diff: 0.1]
      [Ext Root Scanning (ms): Min: 0.8, Avg: 1.7, Max: 6.4, Diff: 5.6, Sum: 13.4]
      [Update RS (ms): Min: 0.0, Avg: 0.8, Max: 1.3, Diff: 1.3, Sum: 6.6]
         [Processed Buffers: Min: 0, Avg: 4.8, Max: 15, Diff: 15, Sum: 38]
      [Scan RS (ms): Min: 0.0, Avg: 1.3, Max: 1.5, Diff: 1.5, Sum: 10.3]
      [Code Root Scanning (ms): Min: 0.0, Avg: 0.0, Max: 0.0, Diff: 0.0, Sum: 0.0]
      [Object Copy (ms): Min: 7.6, Avg: 10.2, Max: 10.6, Diff: 3.0, Sum: 81.3]
      [Termination (ms): Min: 0.0, Avg: 0.0, Max: 0.0, Diff: 0.0, Sum: 0.0]
         [Termination Attempts: Min: 1, Avg: 14.0, Max: 19, Diff: 18, Sum: 112]
      [GC Worker Other (ms): Min: 0.0, Avg: 0.0, Max: 0.1, Diff: 0.1, Sum: 0.4]
      [GC Worker Total (ms): Min: 13.9, Avg: 14.0, Max: 14.1, Diff: 0.1, Sum: 112.0]
      [GC Worker End (ms): Min: 430128840.0, Avg: 430128840.0, Max: 430128840.1, Diff: 0.1]
   [Code Root Fixup: 0.0 ms]
   [Code Root Purge: 0.0 ms]
   [Clear CT: 0.8 ms]
   [Other: 4.2 ms]
      [Choose CSet: 0.0 ms]
      [Ref Proc: 3.5 ms]
      [Ref Enq: 0.1 ms]
      [Redirty Cards: 0.1 ms]
      [Humongous Register: 0.1 ms]
      [Humongous Reclaim: 0.0 ms]
      [Free CSet: 0.2 ms]
   [Eden: 5712.0M(5712.0M)->0.0B(7152.0M) Survivors: 16384.0K->16384.0K Heap: 9210.8M(14336.0M)->3482.1M(14336.0M)]
 [Times: user=0.09 sys=0.00, real=0.02 secs] 
2022-07-26T20:41:08.912-0700: 430240.417: [GC pause (G1 Evacuation Pause) (young), 0.0142582 secs]
   [Parallel Time: 9.4 ms, GC Workers: 8]
      [GC Worker Start (ms): Min: 430240416.7, Avg: 430240416.8, Max: 430240416.9, Diff: 0.2]
      [Ext Root Scanning (ms): Min: 1.2, Avg: 1.9, Max: 5.7, Diff: 4.5, Sum: 15.5]
      [Update RS (ms): Min: 2.4, Avg: 5.9, Max: 6.5, Diff: 4.1, Sum: 47.0]
         [Processed Buffers: Min: 5, Avg: 13.5, Max: 27, Diff: 22, Sum: 108]
      [Scan RS (ms): Min: 0.0, Avg: 0.0, Max: 0.1, Diff: 0.1, Sum: 0.4]
      [Code Root Scanning (ms): Min: 0.0, Avg: 0.0, Max: 0.0, Diff: 0.0, Sum: 0.0]
      [Object Copy (ms): Min: 0.8, Avg: 1.1, Max: 1.2, Diff: 0.5, Sum: 8.7]
      [Termination (ms): Min: 0.0, Avg: 0.0, Max: 0.0, Diff: 0.0, Sum: 0.0]
         [Termination Attempts: Min: 1, Avg: 2.2, Max: 4, Diff: 3, Sum: 18]
      [GC Worker Other (ms): Min: 0.0, Avg: 0.1, Max: 0.1, Diff: 0.1, Sum: 0.5]
      [GC Worker Total (ms): Min: 8.9, Avg: 9.0, Max: 9.1, Diff: 0.2, Sum: 72.1]
      [GC Worker End (ms): Min: 430240425.8, Avg: 430240425.8, Max: 430240425.9, Diff: 0.1]
   [Code Root Fixup: 0.0 ms]
   [Code Root Purge: 0.0 ms]
   [Clear CT: 0.7 ms]
   [Other: 4.2 ms]
      [Choose CSet: 0.0 ms]
      [Ref Proc: 3.5 ms]
      [Ref Enq: 0.1 ms]
      [Redirty Cards: 0.1 ms]
      [Humongous Register: 0.1 ms]
      [Humongous Reclaim: 0.0 ms]
      [Free CSet: 0.3 ms]
   [Eden: 7152.0M(7152.0M)->0.0B(7152.0M) Survivors: 16384.0K->16384.0K Heap: 10634.1M(14336.0M)->3484.5M(14336.0M)]
 [Times: user=0.08 sys=0.01, real=0.02 secs] 
2022-07-26T20:42:57.074-0700: 430348.578: [GC pause (G1 Evacuation Pause) (young) (initial-mark), 0.0155599 secs]
   [Parallel Time: 10.6 ms, GC Workers: 8]
      [GC Worker Start (ms): Min: 430348580.6, Avg: 430348580.7, Max: 430348580.8, Diff: 0.2]
      [Ext Root Scanning (ms): Min: 4.8, Avg: 4.9, Max: 5.1, Diff: 0.3, Sum: 39.5]
      [Update RS (ms): Min: 0.9, Avg: 1.0, Max: 1.2, Diff: 0.4, Sum: 7.7]
         [Processed Buffers: Min: 2, Avg: 5.8, Max: 12, Diff: 10, Sum: 46]
      [Scan RS (ms): Min: 0.0, Avg: 0.0, Max: 0.1, Diff: 0.1, Sum: 0.4]
      [Code Root Scanning (ms): Min: 0.0, Avg: 0.0, Max: 0.0, Diff: 0.0, Sum: 0.0]
      [Object Copy (ms): Min: 1.9, Avg: 2.1, Max: 2.3, Diff: 0.4, Sum: 16.7]
      [Termination (ms): Min: 0.0, Avg: 0.0, Max: 0.0, Diff: 0.0, Sum: 0.0]
         [Termination Attempts: Min: 1, Avg: 1.0, Max: 1, Diff: 0, Sum: 8]
      [GC Worker Other (ms): Min: 0.0, Avg: 0.1, Max: 0.2, Diff: 0.1, Sum: 0.5]
      [GC Worker Total (ms): Min: 8.0, Avg: 8.1, Max: 8.2, Diff: 0.2, Sum: 64.8]
      [GC Worker End (ms): Min: 430348588.8, Avg: 430348588.8, Max: 430348588.9, Diff: 0.1]
   [Code Root Fixup: 0.0 ms]
   [Code Root Purge: 0.0 ms]
   [Clear CT: 0.8 ms]
   [Other: 4.2 ms]
      [Choose CSet: 0.0 ms]
      [Ref Proc: 3.4 ms]
      [Ref Enq: 0.1 ms]
      [Redirty Cards: 0.1 ms]
      [Humongous Register: 0.0 ms]
      [Humongous Reclaim: 0.0 ms]
      [Free CSet: 0.3 ms]
   [Eden: 7152.0M(7152.0M)->0.0B(7152.0M) Survivors: 16384.0K->16384.0K Heap: 10636.5M(14336.0M)->3491.6M(14336.0M)]
 [Times: user=0.07 sys=0.01, real=0.02 secs] 
2022-07-26T20:42:57.089-0700: 430348.594: [GC concurrent-root-region-scan-start]
2022-07-26T20:42:57.100-0700: 430348.605: [GC concurrent-root-region-scan-end, 0.0105245 secs]
2022-07-26T20:42:57.100-0700: 430348.605: [GC concurrent-mark-start]
2022-07-26T20:42:59.770-0700: 430351.274: [GC concurrent-mark-end, 2.6696359 secs]
2022-07-26T20:42:59.770-0700: 430351.275: [GC remark 2022-07-26T20:42:59.770-0700: 430351.275: [Finalize Marking, 0.0003448 secs] 2022-07-26T20:42:59.770-0700: 430351.275: [GC ref-proc, 0.0053766 secs] 2022-07-26T20:42:59.776-0700: 430351.280: [Unloading, 0.0266799 secs], 0.0379625 secs]
 [Times: user=0.24 sys=0.00, real=0.04 secs] 
2022-07-26T20:42:59.808-0700: 430351.313: [GC cleanup 3707M->3707M(14336M), 0.0082696 secs]
 [Times: user=0.06 sys=0.00, real=0.01 secs] 
2022-07-26T20:44:47.774-0700: 430459.279: [GC pause (G1 Evacuation Pause) (young), 0.0112407 secs]
   [Parallel Time: 5.5 ms, GC Workers: 8]
      [GC Worker Start (ms): Min: 430459279.3, Avg: 430459279.3, Max: 430459279.4, Diff: 0.1]
      [Ext Root Scanning (ms): Min: 0.9, Avg: 1.6, Max: 5.1, Diff: 4.2, Sum: 12.4]
      [Update RS (ms): Min: 0.0, Avg: 0.9, Max: 1.4, Diff: 1.4, Sum: 7.3]
         [Processed Buffers: Min: 0, Avg: 5.2, Max: 10, Diff: 10, Sum: 42]
      [Scan RS (ms): Min: 0.0, Avg: 0.1, Max: 0.1, Diff: 0.1, Sum: 0.4]
      [Code Root Scanning (ms): Min: 0.0, Avg: 0.0, Max: 0.0, Diff: 0.0, Sum: 0.0]
      [Object Copy (ms): Min: 0.0, Avg: 1.1, Max: 1.4, Diff: 1.4, Sum: 8.9]
      [Termination (ms): Min: 0.0, Avg: 1.4, Max: 1.7, Diff: 1.7, Sum: 11.5]
         [Termination Attempts: Min: 1, Avg: 14.1, Max: 19, Diff: 18, Sum: 113]
      [GC Worker Other (ms): Min: 0.0, Avg: 0.0, Max: 0.0, Diff: 0.0, Sum: 0.1]
      [GC Worker Total (ms): Min: 5.0, Avg: 5.1, Max: 5.1, Diff: 0.1, Sum: 40.7]
      [GC Worker End (ms): Min: 430459284.4, Avg: 430459284.4, Max: 430459284.4, Diff: 0.0]
   [Code Root Fixup: 0.0 ms]
   [Code Root Purge: 0.0 ms]
   [Clear CT: 0.6 ms]
   [Other: 5.2 ms]
      [Choose CSet: 0.0 ms]
      [Ref Proc: 4.5 ms]
      [Ref Enq: 0.1 ms]
      [Redirty Cards: 0.1 ms]
      [Humongous Register: 0.1 ms]
      [Humongous Reclaim: 0.0 ms]
      [Free CSet: 0.3 ms]
   [Eden: 7152.0M(7152.0M)->0.0B(5712.0M) Survivors: 16384.0K->16384.0K Heap: 10643.6M(14336.0M)->3494.1M(14336.0M)]
 [Times: user=0.06 sys=0.00, real=0.02 secs] 
2022-07-26T20:49:58.955-0700: 430770.459: [GC pause (G1 Evacuation Pause) (mixed), 0.0184477 secs]
   [Parallel Time: 14.9 ms, GC Workers: 8]
      [GC Worker Start (ms): Min: 430770459.6, Avg: 430770459.7, Max: 430770459.8, Diff: 0.2]
      [Ext Root Scanning (ms): Min: 1.2, Avg: 2.1, Max: 7.1, Diff: 5.9, Sum: 16.9]
      [Update RS (ms): Min: 0.0, Avg: 4.4, Max: 5.4, Diff: 5.4, Sum: 34.9]
         [Processed Buffers: Min: 0, Avg: 14.5, Max: 26, Diff: 26, Sum: 116]
      [Scan RS (ms): Min: 1.3, Avg: 1.5, Max: 1.7, Diff: 0.4, Sum: 12.3]
      [Code Root Scanning (ms): Min: 0.0, Avg: 0.0, Max: 0.0, Diff: 0.0, Sum: 0.0]
      [Object Copy (ms): Min: 6.2, Avg: 6.5, Max: 6.6, Diff: 0.4, Sum: 51.9]
      [Termination (ms): Min: 0.0, Avg: 0.0, Max: 0.0, Diff: 0.0, Sum: 0.0]
         [Termination Attempts: Min: 1, Avg: 1.0, Max: 1, Diff: 0, Sum: 8]
      [GC Worker Other (ms): Min: 0.0, Avg: 0.1, Max: 0.2, Diff: 0.2, Sum: 0.6]
      [GC Worker Total (ms): Min: 14.5, Avg: 14.6, Max: 14.8, Diff: 0.3, Sum: 116.7]
      [GC Worker End (ms): Min: 430770474.2, Avg: 430770474.3, Max: 430770474.3, Diff: 0.1]
   [Code Root Fixup: 0.0 ms]
   [Code Root Purge: 0.0 ms]
   [Clear CT: 0.7 ms]
   [Other: 2.9 ms]
      [Choose CSet: 0.0 ms]
      [Ref Proc: 2.2 ms]
      [Ref Enq: 0.1 ms]
      [Redirty Cards: 0.1 ms]
      [Humongous Register: 0.1 ms]
      [Humongous Reclaim: 0.0 ms]
      [Free CSet: 0.2 ms]
   [Eden: 5712.0M(5712.0M)->0.0B(7152.0M) Survivors: 16384.0K->16384.0K Heap: 9206.1M(14336.0M)->3474.8M(14336.0M)]
 [Times: user=0.13 sys=0.00, real=0.01 secs] 
2022-07-26T21:07:14.911-0700: 431806.416: [GC pause (G1 Evacuation Pause) (young), 0.0152330 secs]
   [Parallel Time: 11.3 ms, GC Workers: 8]
      [GC Worker Start (ms): Min: 431806416.0, Avg: 431806416.0, Max: 431806416.1, Diff: 0.2]
      [Ext Root Scanning (ms): Min: 1.2, Avg: 1.9, Max: 5.6, Diff: 4.4, Sum: 15.6]
      [Update RS (ms): Min: 3.3, Avg: 6.7, Max: 7.5, Diff: 4.2, Sum: 53.7]
         [Processed Buffers: Min: 17, Avg: 31.5, Max: 57, Diff: 40, Sum: 252]
      [Scan RS (ms): Min: 0.0, Avg: 0.1, Max: 0.1, Diff: 0.1, Sum: 0.4]
      [Code Root Scanning (ms): Min: 0.0, Avg: 0.0, Max: 0.0, Diff: 0.0, Sum: 0.0]
      [Object Copy (ms): Min: 2.0, Avg: 2.2, Max: 2.3, Diff: 0.4, Sum: 17.6]
      [Termination (ms): Min: 0.0, Avg: 0.0, Max: 0.0, Diff: 0.0, Sum: 0.0]
         [Termination Attempts: Min: 1, Avg: 1.4, Max: 2, Diff: 1, Sum: 11]
      [GC Worker Other (ms): Min: 0.0, Avg: 0.1, Max: 0.2, Diff: 0.1, Sum: 0.6]
      [GC Worker Total (ms): Min: 10.9, Avg: 11.0, Max: 11.1, Diff: 0.2, Sum: 87.9]
      [GC Worker End (ms): Min: 431806427.0, Avg: 431806427.0, Max: 431806427.1, Diff: 0.1]
   [Code Root Fixup: 0.0 ms]
   [Code Root Purge: 0.0 ms]
   [Clear CT: 0.7 ms]
   [Other: 3.2 ms]
      [Choose CSet: 0.0 ms]
      [Ref Proc: 2.5 ms]
      [Ref Enq: 0.1 ms]
      [Redirty Cards: 0.1 ms]
      [Humongous Register: 0.1 ms]
      [Humongous Reclaim: 0.0 ms]
      [Free CSet: 0.3 ms]
   [Eden: 7152.0M(7152.0M)->0.0B(7152.0M) Survivors: 16384.0K->16384.0K Heap: 10626.8M(14336.0M)->3481.1M(14336.0M)]
 [Times: user=0.10 sys=0.00, real=0.02 secs] 
2022-07-26T21:23:59.361-0700: 432810.866: [GC pause (G1 Evacuation Pause) (young) (initial-mark), 0.0186247 secs]
   [Parallel Time: 13.5 ms, GC Workers: 8]
      [GC Worker Start (ms): Min: 432810868.0, Avg: 432810868.1, Max: 432810868.2, Diff: 0.2]
      [Ext Root Scanning (ms): Min: 6.5, Avg: 6.7, Max: 7.0, Diff: 0.6, Sum: 53.8]
      [Update RS (ms): Min: 4.0, Avg: 4.1, Max: 4.2, Diff: 0.2, Sum: 32.8]
         [Processed Buffers: Min: 9, Avg: 28.8, Max: 56, Diff: 47, Sum: 230]
      [Scan RS (ms): Min: 0.0, Avg: 0.1, Max: 0.1, Diff: 0.1, Sum: 0.5]
      [Code Root Scanning (ms): Min: 0.0, Avg: 0.0, Max: 0.0, Diff: 0.0, Sum: 0.0]
      [Object Copy (ms): Min: 0.1, Avg: 0.5, Max: 0.7, Diff: 0.6, Sum: 3.9]
      [Termination (ms): Min: 0.0, Avg: 0.0, Max: 0.0, Diff: 0.0, Sum: 0.2]
         [Termination Attempts: Min: 1, Avg: 2.0, Max: 3, Diff: 2, Sum: 16]
      [GC Worker Other (ms): Min: 0.0, Avg: 0.0, Max: 0.1, Diff: 0.1, Sum: 0.4]
      [GC Worker Total (ms): Min: 11.4, Avg: 11.4, Max: 11.6, Diff: 0.2, Sum: 91.5]
      [GC Worker End (ms): Min: 432810879.5, Avg: 432810879.6, Max: 432810879.6, Diff: 0.1]
   [Code Root Fixup: 0.0 ms]
   [Code Root Purge: 0.0 ms]
   [Clear CT: 0.6 ms]
   [Other: 4.5 ms]
      [Choose CSet: 0.0 ms]
      [Ref Proc: 3.8 ms]
      [Ref Enq: 0.1 ms]
      [Redirty Cards: 0.1 ms]
      [Humongous Register: 0.0 ms]
      [Humongous Reclaim: 0.0 ms]
      [Free CSet: 0.3 ms]
   [Eden: 7152.0M(7152.0M)->0.0B(7152.0M) Survivors: 16384.0K->16384.0K Heap: 10633.1M(14336.0M)->3481.1M(14336.0M)]
 [Times: user=0.08 sys=0.01, real=0.02 secs] 
2022-07-26T21:23:59.380-0700: 432810.885: [GC concurrent-root-region-scan-start]
2022-07-26T21:23:59.385-0700: 432810.889: [GC concurrent-root-region-scan-end, 0.0044911 secs]
2022-07-26T21:23:59.385-0700: 432810.889: [GC concurrent-mark-start]
2022-07-26T21:24:01.847-0700: 432813.352: [GC concurrent-mark-end, 2.4625126 secs]
2022-07-26T21:24:01.848-0700: 432813.352: [GC remark 2022-07-26T21:24:01.848-0700: 432813.352: [Finalize Marking, 0.0003745 secs] 2022-07-26T21:24:01.848-0700: 432813.353: [GC ref-proc, 0.0114891 secs] 2022-07-26T21:24:01.859-0700: 432813.364: [Unloading, 0.0274756 secs], 0.0447514 secs]
 [Times: user=0.25 sys=0.00, real=0.04 secs] 
2022-07-26T21:24:01.893-0700: 432813.397: [GC cleanup 3513M->3481M(14336M), 0.0083241 secs]
 [Times: user=0.07 sys=0.00, real=0.01 secs] 
2022-07-26T21:24:01.901-0700: 432813.406: [GC concurrent-cleanup-start]
2022-07-26T21:24:01.901-0700: 432813.406: [GC concurrent-cleanup-end, 0.0000256 secs]
2022-07-26T21:40:55.163-0700: 433826.668: [GC pause (G1 Evacuation Pause) (young), 0.0120537 secs]
   [Parallel Time: 5.9 ms, GC Workers: 8]
      [GC Worker Start (ms): Min: 433826667.7, Avg: 433826667.8, Max: 433826667.8, Diff: 0.2]
      [Ext Root Scanning (ms): Min: 1.2, Avg: 1.9, Max: 5.7, Diff: 4.5, Sum: 15.5]
      [Update RS (ms): Min: 0.0, Avg: 0.4, Max: 0.8, Diff: 0.8, Sum: 3.2]
         [Processed Buffers: Min: 0, Avg: 21.1, Max: 51, Diff: 51, Sum: 169]
      [Scan RS (ms): Min: 0.0, Avg: 0.1, Max: 0.2, Diff: 0.2, Sum: 0.6]
      [Code Root Scanning (ms): Min: 0.0, Avg: 0.0, Max: 0.0, Diff: 0.0, Sum: 0.0]
      [Object Copy (ms): Min: 0.0, Avg: 0.5, Max: 0.8, Diff: 0.8, Sum: 4.0]
      [Termination (ms): Min: 0.0, Avg: 2.8, Max: 3.2, Diff: 3.2, Sum: 22.3]
         [Termination Attempts: Min: 1, Avg: 2.5, Max: 3, Diff: 2, Sum: 20]
      [GC Worker Other (ms): Min: 0.0, Avg: 0.0, Max: 0.0, Diff: 0.0, Sum: 0.1]
      [GC Worker Total (ms): Min: 5.6, Avg: 5.7, Max: 5.8, Diff: 0.2, Sum: 45.8]
      [GC Worker End (ms): Min: 433826673.5, Avg: 433826673.5, Max: 433826673.5, Diff: 0.0]
   [Code Root Fixup: 0.0 ms]
   [Code Root Purge: 0.0 ms]
   [Clear CT: 0.6 ms]
   [Other: 5.5 ms]
      [Choose CSet: 0.0 ms]
      [Ref Proc: 4.7 ms]
      [Ref Enq: 0.1 ms]
      [Redirty Cards: 0.1 ms]
      [Humongous Register: 0.1 ms]
      [Humongous Reclaim: 0.0 ms]
      [Free CSet: 0.4 ms]
   [Eden: 7152.0M(7152.0M)->0.0B(5712.0M) Survivors: 16384.0K->16384.0K Heap: 10601.1M(14336.0M)->3448.7M(14336.0M)]
 [Times: user=0.06 sys=0.00, real=0.01 secs] 
2022-07-26T21:54:25.859-0700: 434637.364: [GC pause (G1 Evacuation Pause) (mixed), 0.0137808 secs]
   [Parallel Time: 8.3 ms, GC Workers: 8]
      [GC Worker Start (ms): Min: 434637363.8, Avg: 434637363.8, Max: 434637363.9, Diff: 0.1]
      [Ext Root Scanning (ms): Min: 1.2, Avg: 2.2, Max: 8.0, Diff: 6.8, Sum: 17.6]
      [Update RS (ms): Min: 0.0, Avg: 0.3, Max: 0.7, Diff: 0.7, Sum: 2.6]
         [Processed Buffers: Min: 0, Avg: 18.6, Max: 53, Diff: 53, Sum: 149]
      [Scan RS (ms): Min: 0.0, Avg: 1.9, Max: 2.4, Diff: 2.4, Sum: 15.4]
      [Code Root Scanning (ms): Min: 0.0, Avg: 0.1, Max: 0.8, Diff: 0.8, Sum: 0.8]
      [Object Copy (ms): Min: 0.0, Avg: 3.4, Max: 4.1, Diff: 4.1, Sum: 27.1]
      [Termination (ms): Min: 0.0, Avg: 0.0, Max: 0.1, Diff: 0.1, Sum: 0.4]
         [Termination Attempts: Min: 1, Avg: 1.8, Max: 3, Diff: 2, Sum: 14]
      [GC Worker Other (ms): Min: 0.0, Avg: 0.0, Max: 0.0, Diff: 0.0, Sum: 0.2]
      [GC Worker Total (ms): Min: 7.9, Avg: 8.0, Max: 8.1, Diff: 0.2, Sum: 64.1]
      [GC Worker End (ms): Min: 434637371.8, Avg: 434637371.8, Max: 434637371.9, Diff: 0.0]
   [Code Root Fixup: 0.0 ms]
   [Code Root Purge: 0.0 ms]
   [Clear CT: 0.8 ms]
   [Other: 4.7 ms]
      [Choose CSet: 0.0 ms]
      [Ref Proc: 3.9 ms]
      [Ref Enq: 0.1 ms]
      [Redirty Cards: 0.1 ms]
      [Humongous Register: 0.1 ms]
      [Humongous Reclaim: 0.0 ms]
      [Free CSet: 0.3 ms]
   [Eden: 5712.0M(5712.0M)->0.0B(7152.0M) Survivors: 16384.0K->16384.0K Heap: 9160.7M(14336.0M)->3301.2M(14336.0M)]
 [Times: user=0.08 sys=0.00, real=0.01 secs] 
2022-07-26T22:11:06.417-0700: 435637.922: [GC pause (G1 Evacuation Pause) (young), 0.0109696 secs]
   [Parallel Time: 7.1 ms, GC Workers: 8]
      [GC Worker Start (ms): Min: 435637921.9, Avg: 435637921.9, Max: 435637921.9, Diff: 0.1]
      [Ext Root Scanning (ms): Min: 0.9, Avg: 1.6, Max: 5.3, Diff: 4.4, Sum: 12.8]
      [Update RS (ms): Min: 0.4, Avg: 4.0, Max: 4.7, Diff: 4.3, Sum: 31.9]
         [Processed Buffers: Min: 9, Avg: 28.5, Max: 57, Diff: 48, Sum: 228]
      [Scan RS (ms): Min: 0.0, Avg: 0.1, Max: 0.1, Diff: 0.1, Sum: 0.4]
      [Code Root Scanning (ms): Min: 0.0, Avg: 0.0, Max: 0.0, Diff: 0.0, Sum: 0.0]
      [Object Copy (ms): Min: 1.2, Avg: 1.3, Max: 1.4, Diff: 0.3, Sum: 10.4]
      [Termination (ms): Min: 0.0, Avg: 0.0, Max: 0.0, Diff: 0.0, Sum: 0.1]
         [Termination Attempts: Min: 43, Avg: 53.8, Max: 62, Diff: 19, Sum: 430]
      [GC Worker Other (ms): Min: 0.0, Avg: 0.0, Max: 0.1, Diff: 0.1, Sum: 0.4]
      [GC Worker Total (ms): Min: 7.0, Avg: 7.0, Max: 7.0, Diff: 0.1, Sum: 56.0]
      [GC Worker End (ms): Min: 435637928.9, Avg: 435637928.9, Max: 435637928.9, Diff: 0.1]
   [Code Root Fixup: 0.0 ms]
   [Code Root Purge: 0.0 ms]
   [Clear CT: 0.7 ms]
   [Other: 3.2 ms]
      [Choose CSet: 0.0 ms]
      [Ref Proc: 2.5 ms]
      [Ref Enq: 0.1 ms]
      [Redirty Cards: 0.1 ms]
      [Humongous Register: 0.0 ms]
      [Humongous Reclaim: 0.0 ms]
      [Free CSet: 0.3 ms]
   [Eden: 7152.0M(7152.0M)->0.0B(7152.0M) Survivors: 16384.0K->16384.0K Heap: 10453.2M(14336.0M)->3309.6M(14336.0M)]
 [Times: user=0.07 sys=0.00, real=0.01 secs] 
2022-07-26T22:27:47.111-0700: 436638.616: [GC pause (G1 Evacuation Pause) (young) (initial-mark), 0.0156167 secs]
   [Parallel Time: 10.5 ms, GC Workers: 8]
      [GC Worker Start (ms): Min: 436638618.5, Avg: 436638618.6, Max: 436638618.7, Diff: 0.2]
      [Ext Root Scanning (ms): Min: 6.6, Avg: 6.8, Max: 7.1, Diff: 0.5, Sum: 54.6]
      [Update RS (ms): Min: 0.2, Avg: 0.3, Max: 0.7, Diff: 0.5, Sum: 2.4]
         [Processed Buffers: Min: 3, Avg: 20.9, Max: 41, Diff: 38, Sum: 167]
      [Scan RS (ms): Min: 0.0, Avg: 0.1, Max: 0.1, Diff: 0.1, Sum: 0.6]
      [Code Root Scanning (ms): Min: 0.0, Avg: 0.0, Max: 0.0, Diff: 0.0, Sum: 0.0]
      [Object Copy (ms): Min: 0.2, Avg: 0.5, Max: 0.8, Diff: 0.5, Sum: 4.3]
      [Termination (ms): Min: 0.0, Avg: 0.1, Max: 0.1, Diff: 0.1, Sum: 1.0]
         [Termination Attempts: Min: 1, Avg: 4.8, Max: 8, Diff: 7, Sum: 38]
      [GC Worker Other (ms): Min: 0.0, Avg: 0.0, Max: 0.1, Diff: 0.1, Sum: 0.3]
      [GC Worker Total (ms): Min: 7.8, Avg: 7.9, Max: 8.0, Diff: 0.2, Sum: 63.1]
      [GC Worker End (ms): Min: 436638626.4, Avg: 436638626.5, Max: 436638626.5, Diff: 0.1]
   [Code Root Fixup: 0.0 ms]
   [Code Root Purge: 0.0 ms]
   [Clear CT: 0.7 ms]
   [Other: 4.5 ms]
      [Choose CSet: 0.0 ms]
      [Ref Proc: 3.8 ms]
      [Ref Enq: 0.1 ms]
      [Redirty Cards: 0.1 ms]
      [Humongous Register: 0.0 ms]
      [Humongous Reclaim: 0.0 ms]
      [Free CSet: 0.3 ms]
   [Eden: 7152.0M(7152.0M)->0.0B(7152.0M) Survivors: 16384.0K->16384.0K Heap: 10461.6M(14336.0M)->3311.5M(14336.0M)]
 [Times: user=0.07 sys=0.00, real=0.02 secs] 
2022-07-26T22:27:47.127-0700: 436638.632: [GC concurrent-root-region-scan-start]
2022-07-26T22:27:47.132-0700: 436638.637: [GC concurrent-root-region-scan-end, 0.0045760 secs]
2022-07-26T22:27:47.132-0700: 436638.637: [GC concurrent-mark-start]
2022-07-26T22:27:49.601-0700: 436641.105: [GC concurrent-mark-end, 2.4688529 secs]
2022-07-26T22:27:49.601-0700: 436641.106: [GC remark 2022-07-26T22:27:49.601-0700: 436641.106: [Finalize Marking, 0.0002565 secs] 2022-07-26T22:27:49.601-0700: 436641.106: [GC ref-proc, 0.0121516 secs] 2022-07-26T22:27:49.614-0700: 436641.118: [Unloading, 0.0273666 secs], 0.0451020 secs]
 [Times: user=0.26 sys=0.00, real=0.05 secs] 
2022-07-26T22:27:49.646-0700: 436641.151: [GC cleanup 3407M->3407M(14336M), 0.0077530 secs]
 [Times: user=0.05 sys=0.00, real=0.00 secs] 
2022-07-26T22:44:29.361-0700: 437640.866: [GC pause (G1 Evacuation Pause) (young), 0.0115282 secs]
   [Parallel Time: 5.5 ms, GC Workers: 8]
      [GC Worker Start (ms): Min: 437640866.1, Avg: 437640866.2, Max: 437640866.3, Diff: 0.2]
      [Ext Root Scanning (ms): Min: 1.3, Avg: 2.1, Max: 5.4, Diff: 4.1, Sum: 16.5]
      [Update RS (ms): Min: 0.0, Avg: 0.3, Max: 0.8, Diff: 0.8, Sum: 2.6]
         [Processed Buffers: Min: 0, Avg: 20.5, Max: 43, Diff: 43, Sum: 164]
      [Scan RS (ms): Min: 0.0, Avg: 0.1, Max: 0.2, Diff: 0.2, Sum: 0.6]
      [Code Root Scanning (ms): Min: 0.0, Avg: 0.0, Max: 0.0, Diff: 0.0, Sum: 0.0]
      [Object Copy (ms): Min: 0.0, Avg: 0.6, Max: 0.9, Diff: 0.9, Sum: 4.5]
      [Termination (ms): Min: 0.0, Avg: 2.3, Max: 2.7, Diff: 2.7, Sum: 18.5]
         [Termination Attempts: Min: 1, Avg: 1.0, Max: 1, Diff: 0, Sum: 8]
      [GC Worker Other (ms): Min: 0.0, Avg: 0.0, Max: 0.0, Diff: 0.0, Sum: 0.1]
      [GC Worker Total (ms): Min: 5.3, Avg: 5.4, Max: 5.5, Diff: 0.2, Sum: 42.8]
      [GC Worker End (ms): Min: 437640871.6, Avg: 437640871.6, Max: 437640871.6, Diff: 0.0]
   [Code Root Fixup: 0.0 ms]
   [Code Root Purge: 0.0 ms]
   [Clear CT: 0.6 ms]
   [Other: 5.4 ms]
      [Choose CSet: 0.0 ms]
      [Ref Proc: 4.5 ms]
      [Ref Enq: 0.2 ms]
      [Redirty Cards: 0.1 ms]
      [Humongous Register: 0.1 ms]
      [Humongous Reclaim: 0.0 ms]
      [Free CSet: 0.3 ms]
   [Eden: 7152.0M(7152.0M)->0.0B(5712.0M) Survivors: 16384.0K->16384.0K Heap: 10463.5M(14336.0M)->3308.9M(14336.0M)]
 [Times: user=0.06 sys=0.00, real=0.01 secs] 
2022-07-26T22:57:52.262-0700: 438443.767: [GC pause (G1 Evacuation Pause) (mixed), 0.0111938 secs]
   [Parallel Time: 6.9 ms, GC Workers: 8]
      [GC Worker Start (ms): Min: 438443767.2, Avg: 438443767.3, Max: 438443767.3, Diff: 0.2]
      [Ext Root Scanning (ms): Min: 1.1, Avg: 2.1, Max: 6.7, Diff: 5.6, Sum: 16.5]
      [Update RS (ms): Min: 0.0, Avg: 0.3, Max: 0.7, Diff: 0.7, Sum: 2.6]
         [Processed Buffers: Min: 0, Avg: 17.8, Max: 40, Diff: 40, Sum: 142]
      [Scan RS (ms): Min: 0.0, Avg: 0.5, Max: 0.7, Diff: 0.7, Sum: 4.0]
      [Code Root Scanning (ms): Min: 0.0, Avg: 0.1, Max: 0.9, Diff: 0.9, Sum: 0.9]
      [Object Copy (ms): Min: 0.0, Avg: 1.7, Max: 2.2, Diff: 2.2, Sum: 13.9]
      [Termination (ms): Min: 0.0, Avg: 1.9, Max: 2.2, Diff: 2.2, Sum: 15.4]
         [Termination Attempts: Min: 1, Avg: 2.6, Max: 4, Diff: 3, Sum: 21]
      [GC Worker Other (ms): Min: 0.0, Avg: 0.0, Max: 0.0, Diff: 0.0, Sum: 0.1]
      [GC Worker Total (ms): Min: 6.6, Avg: 6.7, Max: 6.8, Diff: 0.2, Sum: 53.5]
      [GC Worker End (ms): Min: 438443773.9, Avg: 438443773.9, Max: 438443773.9, Diff: 0.0]
   [Code Root Fixup: 0.0 ms]
   [Code Root Purge: 0.0 ms]
   [Clear CT: 0.5 ms]
   [Other: 3.7 ms]
      [Choose CSet: 0.0 ms]
      [Ref Proc: 3.1 ms]
      [Ref Enq: 0.1 ms]
      [Redirty Cards: 0.1 ms]
      [Humongous Register: 0.0 ms]
      [Humongous Reclaim: 0.0 ms]
      [Free CSet: 0.2 ms]
   [Eden: 5712.0M(5712.0M)->0.0B(7152.0M) Survivors: 16384.0K->16384.0K Heap: 9020.9M(14336.0M)->3296.2M(14336.0M)]
 [Times: user=0.07 sys=0.00, real=0.01 secs] 
2022-07-26T23:14:27.712-0700: 439439.217: [GC pause (G1 Evacuation Pause) (young), 0.0113863 secs]
   [Parallel Time: 5.9 ms, GC Workers: 8]
      [GC Worker Start (ms): Min: 439439216.7, Avg: 439439216.8, Max: 439439216.9, Diff: 0.2]
      [Ext Root Scanning (ms): Min: 1.2, Avg: 1.9, Max: 5.4, Diff: 4.2, Sum: 15.3]
      [Update RS (ms): Min: 0.0, Avg: 1.7, Max: 2.3, Diff: 2.3, Sum: 13.5]
         [Processed Buffers: Min: 0, Avg: 23.2, Max: 56, Diff: 56, Sum: 186]
      [Scan RS (ms): Min: 0.0, Avg: 0.1, Max: 0.1, Diff: 0.1, Sum: 0.5]
      [Code Root Scanning (ms): Min: 0.0, Avg: 0.0, Max: 0.0, Diff: 0.0, Sum: 0.0]
      [Object Copy (ms): Min: 0.0, Avg: 0.5, Max: 0.7, Diff: 0.7, Sum: 3.6]
      [Termination (ms): Min: 0.0, Avg: 1.2, Max: 1.4, Diff: 1.4, Sum: 9.8]
         [Termination Attempts: Min: 1, Avg: 1.8, Max: 3, Diff: 2, Sum: 14]
      [GC Worker Other (ms): Min: 0.0, Avg: 0.1, Max: 0.1, Diff: 0.1, Sum: 0.4]
      [GC Worker Total (ms): Min: 5.3, Avg: 5.4, Max: 5.5, Diff: 0.2, Sum: 43.2]
      [GC Worker End (ms): Min: 439439222.1, Avg: 439439222.2, Max: 439439222.2, Diff: 0.1]
   [Code Root Fixup: 0.0 ms]
   [Code Root Purge: 0.0 ms]
   [Clear CT: 0.6 ms]
   [Other: 4.9 ms]
      [Choose CSet: 0.0 ms]
      [Ref Proc: 4.2 ms]
      [Ref Enq: 0.1 ms]
      [Redirty Cards: 0.1 ms]
      [Humongous Register: 0.0 ms]
      [Humongous Reclaim: 0.0 ms]
      [Free CSet: 0.3 ms]
   [Eden: 7152.0M(7152.0M)->0.0B(7152.0M) Survivors: 16384.0K->16384.0K Heap: 10448.2M(14336.0M)->3296.3M(14336.0M)]
 [Times: user=0.05 sys=0.00, real=0.02 secs] 
2022-07-26T23:31:04.263-0700: 440435.768: [GC pause (G1 Evacuation Pause) (young) (initial-mark), 0.0140571 secs]
   [Parallel Time: 9.0 ms, GC Workers: 8]
      [GC Worker Start (ms): Min: 440435769.5, Avg: 440435769.6, Max: 440435769.7, Diff: 0.2]
      [Ext Root Scanning (ms): Min: 5.7, Avg: 6.0, Max: 6.3, Diff: 0.6, Sum: 47.7]
      [Update RS (ms): Min: 0.2, Avg: 0.3, Max: 0.6, Diff: 0.4, Sum: 2.2]
         [Processed Buffers: Min: 1, Avg: 22.2, Max: 58, Diff: 57, Sum: 178]
      [Scan RS (ms): Min: 0.0, Avg: 0.1, Max: 0.1, Diff: 0.1, Sum: 0.5]
      [Code Root Scanning (ms): Min: 0.0, Avg: 0.0, Max: 0.0, Diff: 0.0, Sum: 0.0]
      [Object Copy (ms): Min: 0.3, Avg: 0.5, Max: 0.8, Diff: 0.5, Sum: 4.3]
      [Termination (ms): Min: 0.0, Avg: 0.0, Max: 0.0, Diff: 0.0, Sum: 0.1]
         [Termination Attempts: Min: 1, Avg: 2.4, Max: 4, Diff: 3, Sum: 19]
      [GC Worker Other (ms): Min: 0.0, Avg: 0.1, Max: 0.1, Diff: 0.1, Sum: 0.4]
      [GC Worker Total (ms): Min: 6.8, Avg: 6.9, Max: 7.0, Diff: 0.2, Sum: 55.3]
      [GC Worker End (ms): Min: 440435776.5, Avg: 440435776.5, Max: 440435776.6, Diff: 0.1]
   [Code Root Fixup: 0.0 ms]
   [Code Root Purge: 0.0 ms]
   [Clear CT: 0.6 ms]
   [Other: 4.4 ms]
      [Choose CSet: 0.0 ms]
      [Ref Proc: 3.7 ms]
      [Ref Enq: 0.1 ms]
      [Redirty Cards: 0.1 ms]
      [Humongous Register: 0.0 ms]
      [Humongous Reclaim: 0.0 ms]
      [Free CSet: 0.3 ms]
   [Eden: 7152.0M(7152.0M)->0.0B(7152.0M) Survivors: 16384.0K->16384.0K Heap: 10448.3M(14336.0M)->3296.8M(14336.0M)]
 [Times: user=0.06 sys=0.00, real=0.01 secs] 
2022-07-26T23:31:04.277-0700: 440435.782: [GC concurrent-root-region-scan-start]
2022-07-26T23:31:04.282-0700: 440435.786: [GC concurrent-root-region-scan-end, 0.0046832 secs]
2022-07-26T23:31:04.282-0700: 440435.786: [GC concurrent-mark-start]
2022-07-26T23:31:06.738-0700: 440438.243: [GC concurrent-mark-end, 2.4564839 secs]
2022-07-26T23:31:06.738-0700: 440438.243: [GC remark 2022-07-26T23:31:06.739-0700: 440438.243: [Finalize Marking, 0.0002846 secs] 2022-07-26T23:31:06.739-0700: 440438.244: [GC ref-proc, 0.0110911 secs] 2022-07-26T23:31:06.750-0700: 440438.255: [Unloading, 0.0297018 secs], 0.0463653 secs]
 [Times: user=0.27 sys=0.00, real=0.05 secs] 
2022-07-26T23:31:06.785-0700: 440438.290: [GC cleanup 3368M->3368M(14336M), 0.0077688 secs]
 [Times: user=0.05 sys=0.00, real=0.00 secs] 
2022-07-26T23:47:48.966-0700: 441440.471: [GC pause (G1 Evacuation Pause) (young), 0.0107662 secs]
   [Parallel Time: 5.6 ms, GC Workers: 8]
      [GC Worker Start (ms): Min: 441440471.2, Avg: 441440471.3, Max: 441440471.4, Diff: 0.2]
      [Ext Root Scanning (ms): Min: 1.2, Avg: 1.9, Max: 5.4, Diff: 4.2, Sum: 15.1]
      [Update RS (ms): Min: 0.0, Avg: 0.3, Max: 0.8, Diff: 0.8, Sum: 2.6]
         [Processed Buffers: Min: 0, Avg: 21.2, Max: 57, Diff: 57, Sum: 170]
      [Scan RS (ms): Min: 0.0, Avg: 0.1, Max: 0.2, Diff: 0.1, Sum: 0.6]
      [Code Root Scanning (ms): Min: 0.0, Avg: 0.0, Max: 0.0, Diff: 0.0, Sum: 0.0]
      [Object Copy (ms): Min: 0.0, Avg: 0.5, Max: 0.7, Diff: 0.7, Sum: 3.6]
      [Termination (ms): Min: 0.0, Avg: 2.6, Max: 2.9, Diff: 2.9, Sum: 20.6]
         [Termination Attempts: Min: 1, Avg: 1.5, Max: 2, Diff: 1, Sum: 12]
      [GC Worker Other (ms): Min: 0.0, Avg: 0.0, Max: 0.0, Diff: 0.0, Sum: 0.1]
      [GC Worker Total (ms): Min: 5.3, Avg: 5.3, Max: 5.4, Diff: 0.1, Sum: 42.6]
      [GC Worker End (ms): Min: 441440476.6, Avg: 441440476.6, Max: 441440476.6, Diff: 0.0]
   [Code Root Fixup: 0.0 ms]
   [Code Root Purge: 0.0 ms]
   [Clear CT: 0.5 ms]
   [Other: 4.6 ms]
      [Choose CSet: 0.0 ms]
      [Ref Proc: 3.9 ms]
      [Ref Enq: 0.1 ms]
      [Redirty Cards: 0.1 ms]
      [Humongous Register: 0.1 ms]
      [Humongous Reclaim: 0.0 ms]
      [Free CSet: 0.3 ms]
   [Eden: 7152.0M(7152.0M)->0.0B(7152.0M) Survivors: 16384.0K->16384.0K Heap: 10448.8M(14336.0M)->3296.5M(14336.0M)]
 [Times: user=0.05 sys=0.00, real=0.01 secs] 
2022-07-27T00:04:24.511-0700: 442436.016: [GC pause (G1 Evacuation Pause) (young), 0.0112479 secs]
   [Parallel Time: 6.2 ms, GC Workers: 8]
      [GC Worker Start (ms): Min: 442436016.3, Avg: 442436016.4, Max: 442436016.5, Diff: 0.2]
      [Ext Root Scanning (ms): Min: 1.2, Avg: 2.0, Max: 6.0, Diff: 4.8, Sum: 15.9]
      [Update RS (ms): Min: 0.0, Avg: 0.3, Max: 0.6, Diff: 0.6, Sum: 2.7]
         [Processed Buffers: Min: 0, Avg: 22.2, Max: 56, Diff: 56, Sum: 178]
      [Scan RS (ms): Min: 0.0, Avg: 0.1, Max: 0.2, Diff: 0.1, Sum: 0.7]
      [Code Root Scanning (ms): Min: 0.0, Avg: 0.0, Max: 0.0, Diff: 0.0, Sum: 0.0]
      [Object Copy (ms): Min: 0.0, Avg: 0.5, Max: 0.7, Diff: 0.7, Sum: 3.9]
      [Termination (ms): Min: 0.0, Avg: 3.1, Max: 3.5, Diff: 3.5, Sum: 24.4]
         [Termination Attempts: Min: 1, Avg: 3.0, Max: 5, Diff: 4, Sum: 24]
      [GC Worker Other (ms): Min: 0.0, Avg: 0.0, Max: 0.0, Diff: 0.0, Sum: 0.2]
      [GC Worker Total (ms): Min: 5.9, Avg: 6.0, Max: 6.0, Diff: 0.1, Sum: 47.8]
      [GC Worker End (ms): Min: 442436022.4, Avg: 442436022.4, Max: 442436022.4, Diff: 0.0]
   [Code Root Fixup: 0.0 ms]
   [Code Root Purge: 0.0 ms]
   [Clear CT: 0.6 ms]
   [Other: 4.4 ms]
      [Choose CSet: 0.0 ms]
      [Ref Proc: 3.7 ms]
      [Ref Enq: 0.1 ms]
      [Redirty Cards: 0.1 ms]
      [Humongous Register: 0.1 ms]
      [Humongous Reclaim: 0.0 ms]
      [Free CSet: 0.3 ms]
   [Eden: 7152.0M(7152.0M)->0.0B(7152.0M) Survivors: 16384.0K->16384.0K Heap: 10448.5M(14336.0M)->3296.6M(14336.0M)]
 [Times: user=0.06 sys=0.01, real=0.02 secs] 
2022-07-27T00:20:56.260-0700: 443427.765: [GC pause (G1 Evacuation Pause) (young) (initial-mark), 0.0163510 secs]
   [Parallel Time: 10.1 ms, GC Workers: 8]
      [GC Worker Start (ms): Min: 443427767.2, Avg: 443427767.4, Max: 443427767.4, Diff: 0.2]
      [Ext Root Scanning (ms): Min: 6.6, Avg: 6.8, Max: 7.2, Diff: 0.6, Sum: 54.7]
      [Update RS (ms): Min: 0.1, Avg: 0.3, Max: 0.6, Diff: 0.4, Sum: 2.4]
         [Processed Buffers: Min: 2, Avg: 20.6, Max: 56, Diff: 54, Sum: 165]
      [Scan RS (ms): Min: 0.0, Avg: 0.1, Max: 0.1, Diff: 0.1, Sum: 0.6]
      [Code Root Scanning (ms): Min: 0.0, Avg: 0.0, Max: 0.0, Diff: 0.0, Sum: 0.0]
      [Object Copy (ms): Min: 0.1, Avg: 0.5, Max: 0.8, Diff: 0.7, Sum: 4.2]
      [Termination (ms): Min: 0.0, Avg: 0.1, Max: 0.1, Diff: 0.1, Sum: 0.5]
         [Termination Attempts: Min: 1, Avg: 4.4, Max: 7, Diff: 6, Sum: 35]
      [GC Worker Other (ms): Min: 0.0, Avg: 0.0, Max: 0.1, Diff: 0.0, Sum: 0.2]
      [GC Worker Total (ms): Min: 7.8, Avg: 7.8, Max: 8.0, Diff: 0.2, Sum: 62.7]
      [GC Worker End (ms): Min: 443427775.2, Avg: 443427775.2, Max: 443427775.2, Diff: 0.1]
   [Code Root Fixup: 0.0 ms]
   [Code Root Purge: 0.0 ms]
   [Clear CT: 0.6 ms]
   [Other: 5.6 ms]
      [Choose CSet: 0.0 ms]
      [Ref Proc: 4.7 ms]
      [Ref Enq: 0.2 ms]
      [Redirty Cards: 0.2 ms]
      [Humongous Register: 0.0 ms]
      [Humongous Reclaim: 0.0 ms]
      [Free CSet: 0.3 ms]
   [Eden: 7152.0M(7152.0M)->0.0B(7152.0M) Survivors: 16384.0K->16384.0K Heap: 10448.6M(14336.0M)->3296.5M(14336.0M)]
 [Times: user=0.05 sys=0.02, real=0.02 secs] 
2022-07-27T00:20:56.277-0700: 443427.782: [GC concurrent-root-region-scan-start]
2022-07-27T00:20:56.281-0700: 443427.786: [GC concurrent-root-region-scan-end, 0.0046344 secs]
2022-07-27T00:20:56.281-0700: 443427.786: [GC concurrent-mark-start]
2022-07-27T00:20:58.715-0700: 443430.220: [GC concurrent-mark-end, 2.4337694 secs]
2022-07-27T00:20:58.716-0700: 443430.220: [GC remark 2022-07-27T00:20:58.716-0700: 443430.220: [Finalize Marking, 0.0002839 secs] 2022-07-27T00:20:58.716-0700: 443430.221: [GC ref-proc, 0.0105384 secs] 2022-07-27T00:20:58.727-0700: 443430.231: [Unloading, 0.0294476 secs], 0.0456240 secs]
 [Times: user=0.27 sys=0.00, real=0.04 secs] 
2022-07-27T00:20:58.762-0700: 443430.266: [GC cleanup 3336M->3336M(14336M), 0.0079488 secs]
 [Times: user=0.05 sys=0.00, real=0.01 secs] 
2022-07-27T00:37:39.862-0700: 444431.367: [GC pause (G1 Evacuation Pause) (young), 0.0115834 secs]
   [Parallel Time: 6.1 ms, GC Workers: 8]
      [GC Worker Start (ms): Min: 444431366.7, Avg: 444431366.8, Max: 444431366.9, Diff: 0.1]
      [Ext Root Scanning (ms): Min: 1.3, Avg: 2.0, Max: 5.8, Diff: 4.5, Sum: 16.1]
      [Update RS (ms): Min: 0.0, Avg: 0.3, Max: 0.6, Diff: 0.6, Sum: 2.5]
         [Processed Buffers: Min: 0, Avg: 21.5, Max: 45, Diff: 45, Sum: 172]
      [Scan RS (ms): Min: 0.0, Avg: 0.1, Max: 0.1, Diff: 0.1, Sum: 0.6]
      [Code Root Scanning (ms): Min: 0.0, Avg: 0.0, Max: 0.0, Diff: 0.0, Sum: 0.0]
      [Object Copy (ms): Min: 0.0, Avg: 0.5, Max: 0.7, Diff: 0.7, Sum: 4.0]
      [Termination (ms): Min: 0.0, Avg: 2.8, Max: 3.3, Diff: 3.3, Sum: 22.8]
         [Termination Attempts: Min: 1, Avg: 2.0, Max: 3, Diff: 2, Sum: 16]
      [GC Worker Other (ms): Min: 0.0, Avg: 0.0, Max: 0.0, Diff: 0.0, Sum: 0.2]
      [GC Worker Total (ms): Min: 5.7, Avg: 5.8, Max: 5.8, Diff: 0.1, Sum: 46.2]
      [GC Worker End (ms): Min: 444431372.6, Avg: 444431372.6, Max: 444431372.6, Diff: 0.0]
   [Code Root Fixup: 0.0 ms]
   [Code Root Purge: 0.0 ms]
   [Clear CT: 0.6 ms]
   [Other: 4.9 ms]
      [Choose CSet: 0.0 ms]
      [Ref Proc: 4.2 ms]
      [Ref Enq: 0.1 ms]
      [Redirty Cards: 0.1 ms]
      [Humongous Register: 0.1 ms]
      [Humongous Reclaim: 0.0 ms]
      [Free CSet: 0.3 ms]
   [Eden: 7152.0M(7152.0M)->0.0B(7152.0M) Survivors: 16384.0K->16384.0K Heap: 10448.5M(14336.0M)->3296.4M(14336.0M)]
 [Times: user=0.06 sys=0.00, real=0.01 secs] 
2022-07-27T00:54:19.012-0700: 445430.516: [GC pause (G1 Evacuation Pause) (young), 0.0114692 secs]
   [Parallel Time: 6.0 ms, GC Workers: 8]
      [GC Worker Start (ms): Min: 445430516.4, Avg: 445430516.5, Max: 445430516.5, Diff: 0.1]
      [Ext Root Scanning (ms): Min: 1.2, Avg: 2.0, Max: 5.8, Diff: 4.6, Sum: 15.8]
      [Update RS (ms): Min: 0.0, Avg: 0.3, Max: 0.6, Diff: 0.6, Sum: 2.8]
         [Processed Buffers: Min: 0, Avg: 21.9, Max: 48, Diff: 48, Sum: 175]
      [Scan RS (ms): Min: 0.0, Avg: 0.1, Max: 0.2, Diff: 0.1, Sum: 0.6]
      [Code Root Scanning (ms): Min: 0.0, Avg: 0.0, Max: 0.0, Diff: 0.0, Sum: 0.0]
      [Object Copy (ms): Min: 0.0, Avg: 0.5, Max: 0.8, Diff: 0.8, Sum: 4.3]
      [Termination (ms): Min: 0.0, Avg: 2.8, Max: 3.2, Diff: 3.2, Sum: 22.5]
         [Termination Attempts: Min: 1, Avg: 1.1, Max: 2, Diff: 1, Sum: 9]
      [GC Worker Other (ms): Min: 0.0, Avg: 0.0, Max: 0.0, Diff: 0.0, Sum: 0.1]
      [GC Worker Total (ms): Min: 5.7, Avg: 5.8, Max: 5.8, Diff: 0.1, Sum: 46.1]
      [GC Worker End (ms): Min: 445430522.2, Avg: 445430522.2, Max: 445430522.2, Diff: 0.0]
   [Code Root Fixup: 0.0 ms]
   [Code Root Purge: 0.0 ms]
   [Clear CT: 0.6 ms]
   [Other: 4.9 ms]
      [Choose CSet: 0.0 ms]
      [Ref Proc: 4.0 ms]
      [Ref Enq: 0.2 ms]
      [Redirty Cards: 0.1 ms]
      [Humongous Register: 0.1 ms]
      [Humongous Reclaim: 0.0 ms]
      [Free CSet: 0.3 ms]
   [Eden: 7152.0M(7152.0M)->0.0B(7152.0M) Survivors: 16384.0K->16384.0K Heap: 10448.4M(14336.0M)->3296.6M(14336.0M)]
 [Times: user=0.06 sys=0.00, real=0.02 secs] 
2022-07-27T01:10:50.513-0700: 446422.018: [GC pause (G1 Evacuation Pause) (young) (initial-mark), 0.0145243 secs]
   [Parallel Time: 9.9 ms, GC Workers: 8]
      [GC Worker Start (ms): Min: 446422020.0, Avg: 446422020.1, Max: 446422020.1, Diff: 0.1]
      [Ext Root Scanning (ms): Min: 6.4, Avg: 6.7, Max: 6.9, Diff: 0.6, Sum: 53.2]
      [Update RS (ms): Min: 0.2, Avg: 0.3, Max: 0.6, Diff: 0.4, Sum: 2.3]
         [Processed Buffers: Min: 1, Avg: 22.2, Max: 57, Diff: 56, Sum: 178]
      [Scan RS (ms): Min: 0.0, Avg: 0.1, Max: 0.1, Diff: 0.1, Sum: 0.7]
      [Code Root Scanning (ms): Min: 0.0, Avg: 0.0, Max: 0.0, Diff: 0.0, Sum: 0.0]
      [Object Copy (ms): Min: 0.2, Avg: 0.5, Max: 0.8, Diff: 0.6, Sum: 4.2]
      [Termination (ms): Min: 0.0, Avg: 0.1, Max: 0.1, Diff: 0.1, Sum: 0.4]
         [Termination Attempts: Min: 1, Avg: 2.2, Max: 3, Diff: 2, Sum: 18]
      [GC Worker Other (ms): Min: 0.0, Avg: 0.0, Max: 0.0, Diff: 0.0, Sum: 0.2]
      [GC Worker Total (ms): Min: 7.6, Avg: 7.6, Max: 7.7, Diff: 0.1, Sum: 61.0]
      [GC Worker End (ms): Min: 446422027.7, Avg: 446422027.7, Max: 446422027.7, Diff: 0.0]
   [Code Root Fixup: 0.0 ms]
   [Code Root Purge: 0.0 ms]
   [Clear CT: 0.7 ms]
   [Other: 3.9 ms]
      [Choose CSet: 0.0 ms]
      [Ref Proc: 3.2 ms]
      [Ref Enq: 0.1 ms]
      [Redirty Cards: 0.1 ms]
      [Humongous Register: 0.0 ms]
      [Humongous Reclaim: 0.0 ms]
      [Free CSet: 0.3 ms]
   [Eden: 7152.0M(7152.0M)->0.0B(7152.0M) Survivors: 16384.0K->16384.0K Heap: 10448.6M(14336.0M)->3296.5M(14336.0M)]
 [Times: user=0.06 sys=0.00, real=0.02 secs] 
2022-07-27T01:10:50.528-0700: 446422.033: [GC concurrent-root-region-scan-start]
2022-07-27T01:10:50.533-0700: 446422.037: [GC concurrent-root-region-scan-end, 0.0047244 secs]
2022-07-27T01:10:50.533-0700: 446422.037: [GC concurrent-mark-start]
2022-07-27T01:10:52.976-0700: 446424.481: [GC concurrent-mark-end, 2.4431525 secs]
2022-07-27T01:10:52.976-0700: 446424.481: [GC remark 2022-07-27T01:10:52.976-0700: 446424.481: [Finalize Marking, 0.0003491 secs] 2022-07-27T01:10:52.977-0700: 446424.481: [GC ref-proc, 0.0074320 secs] 2022-07-27T01:10:52.984-0700: 446424.489: [Unloading, 0.0276062 secs], 0.0408332 secs]
 [Times: user=0.25 sys=0.00, real=0.04 secs] 
2022-07-27T01:10:53.017-0700: 446424.522: [GC cleanup 3368M->3368M(14336M), 0.0081401 secs]
 [Times: user=0.06 sys=0.00, real=0.01 secs] 
2022-07-27T01:27:38.461-0700: 447429.966: [GC pause (G1 Evacuation Pause) (young), 0.0119980 secs]
   [Parallel Time: 6.4 ms, GC Workers: 8]
      [GC Worker Start (ms): Min: 447429966.2, Avg: 447429966.3, Max: 447429966.4, Diff: 0.2]
      [Ext Root Scanning (ms): Min: 2.1, Avg: 2.7, Max: 5.9, Diff: 3.8, Sum: 21.8]
      [Update RS (ms): Min: 0.0, Avg: 0.4, Max: 0.8, Diff: 0.8, Sum: 2.8]
         [Processed Buffers: Min: 0, Avg: 21.6, Max: 74, Diff: 74, Sum: 173]
      [Scan RS (ms): Min: 0.0, Avg: 0.1, Max: 0.2, Diff: 0.1, Sum: 0.7]
      [Code Root Scanning (ms): Min: 0.0, Avg: 0.0, Max: 0.0, Diff: 0.0, Sum: 0.0]
      [Object Copy (ms): Min: 0.0, Avg: 0.5, Max: 0.6, Diff: 0.6, Sum: 3.8]
      [Termination (ms): Min: 0.0, Avg: 2.2, Max: 2.5, Diff: 2.5, Sum: 17.7]
         [Termination Attempts: Min: 1, Avg: 1.4, Max: 2, Diff: 1, Sum: 11]
      [GC Worker Other (ms): Min: 0.0, Avg: 0.0, Max: 0.0, Diff: 0.0, Sum: 0.2]
      [GC Worker Total (ms): Min: 5.8, Avg: 5.9, Max: 6.0, Diff: 0.2, Sum: 46.9]
      [GC Worker End (ms): Min: 447429972.2, Avg: 447429972.2, Max: 447429972.2, Diff: 0.0]
   [Code Root Fixup: 0.0 ms]
   [Code Root Purge: 0.0 ms]
   [Clear CT: 0.6 ms]
   [Other: 4.9 ms]
      [Choose CSet: 0.0 ms]
      [Ref Proc: 4.2 ms]
      [Ref Enq: 0.1 ms]
      [Redirty Cards: 0.1 ms]
      [Humongous Register: 0.1 ms]
      [Humongous Reclaim: 0.0 ms]
      [Free CSet: 0.3 ms]
   [Eden: 7152.0M(7152.0M)->0.0B(7152.0M) Survivors: 16384.0K->16384.0K Heap: 10448.5M(14336.0M)->3296.5M(14336.0M)]
 [Times: user=0.06 sys=0.00, real=0.01 secs] 
2022-07-27T01:44:06.663-0700: 448418.167: [GC pause (G1 Evacuation Pause) (young), 0.0121493 secs]
   [Parallel Time: 6.1 ms, GC Workers: 8]
      [GC Worker Start (ms): Min: 448418167.6, Avg: 448418167.7, Max: 448418167.7, Diff: 0.1]
      [Ext Root Scanning (ms): Min: 1.3, Avg: 2.0, Max: 5.9, Diff: 4.6, Sum: 15.9]
      [Update RS (ms): Min: 0.0, Avg: 0.3, Max: 0.7, Diff: 0.7, Sum: 2.7]
         [Processed Buffers: Min: 0, Avg: 21.4, Max: 54, Diff: 54, Sum: 171]
      [Scan RS (ms): Min: 0.0, Avg: 0.1, Max: 0.2, Diff: 0.1, Sum: 0.7]
      [Code Root Scanning (ms): Min: 0.0, Avg: 0.0, Max: 0.0, Diff: 0.0, Sum: 0.0]
      [Object Copy (ms): Min: 0.0, Avg: 0.5, Max: 0.8, Diff: 0.8, Sum: 4.0]
      [Termination (ms): Min: 0.0, Avg: 3.0, Max: 3.4, Diff: 3.4, Sum: 23.6]
         [Termination Attempts: Min: 1, Avg: 2.5, Max: 5, Diff: 4, Sum: 20]
      [GC Worker Other (ms): Min: 0.0, Avg: 0.0, Max: 0.0, Diff: 0.0, Sum: 0.2]
      [GC Worker Total (ms): Min: 5.8, Avg: 5.9, Max: 6.0, Diff: 0.1, Sum: 47.1]
      [GC Worker End (ms): Min: 448418173.5, Avg: 448418173.6, Max: 448418173.6, Diff: 0.0]
   [Code Root Fixup: 0.0 ms]
   [Code Root Purge: 0.0 ms]
   [Clear CT: 0.6 ms]
   [Other: 5.4 ms]
      [Choose CSet: 0.0 ms]
      [Ref Proc: 4.7 ms]
      [Ref Enq: 0.1 ms]
      [Redirty Cards: 0.1 ms]
      [Humongous Register: 0.1 ms]
      [Humongous Reclaim: 0.0 ms]
      [Free CSet: 0.3 ms]
   [Eden: 7152.0M(7152.0M)->0.0B(7152.0M) Survivors: 16384.0K->16384.0K Heap: 10448.5M(14336.0M)->3296.6M(14336.0M)]
 [Times: user=0.06 sys=0.01, real=0.01 secs] 
2022-07-27T02:00:46.762-0700: 449418.267: [GC pause (G1 Evacuation Pause) (young) (initial-mark), 0.0157553 secs]
   [Parallel Time: 10.1 ms, GC Workers: 8]
      [GC Worker Start (ms): Min: 449418269.0, Avg: 449418269.1, Max: 449418269.2, Diff: 0.2]
      [Ext Root Scanning (ms): Min: 6.2, Avg: 6.5, Max: 6.8, Diff: 0.6, Sum: 52.3]
      [Update RS (ms): Min: 0.2, Avg: 0.3, Max: 0.5, Diff: 0.3, Sum: 2.1]
         [Processed Buffers: Min: 1, Avg: 20.4, Max: 58, Diff: 57, Sum: 163]
      [Scan RS (ms): Min: 0.0, Avg: 0.1, Max: 0.1, Diff: 0.1, Sum: 0.5]
      [Code Root Scanning (ms): Min: 0.0, Avg: 0.0, Max: 0.0, Diff: 0.0, Sum: 0.0]
      [Object Copy (ms): Min: 0.1, Avg: 0.5, Max: 0.8, Diff: 0.7, Sum: 4.0]
      [Termination (ms): Min: 0.0, Avg: 0.1, Max: 0.1, Diff: 0.1, Sum: 0.4]
         [Termination Attempts: Min: 1, Avg: 1.8, Max: 3, Diff: 2, Sum: 14]
      [GC Worker Other (ms): Min: 0.0, Avg: 0.0, Max: 0.1, Diff: 0.1, Sum: 0.2]
      [GC Worker Total (ms): Min: 7.4, Avg: 7.5, Max: 7.6, Diff: 0.2, Sum: 59.6]
      [GC Worker End (ms): Min: 449418276.6, Avg: 449418276.6, Max: 449418276.6, Diff: 0.1]
   [Code Root Fixup: 0.0 ms]
   [Code Root Purge: 0.0 ms]
   [Clear CT: 0.6 ms]
   [Other: 5.0 ms]
      [Choose CSet: 0.0 ms]
      [Ref Proc: 4.2 ms]
      [Ref Enq: 0.1 ms]
      [Redirty Cards: 0.1 ms]
      [Humongous Register: 0.0 ms]
      [Humongous Reclaim: 0.0 ms]
      [Free CSet: 0.3 ms]
   [Eden: 7152.0M(7152.0M)->0.0B(7152.0M) Survivors: 16384.0K->16384.0K Heap: 10448.6M(14336.0M)->3296.4M(14336.0M)]
 [Times: user=0.06 sys=0.00, real=0.02 secs] 
2022-07-27T02:00:46.778-0700: 449418.283: [GC concurrent-root-region-scan-start]
2022-07-27T02:00:46.783-0700: 449418.287: [GC concurrent-root-region-scan-end, 0.0046399 secs]
2022-07-27T02:00:46.783-0700: 449418.287: [GC concurrent-mark-start]
2022-07-27T02:00:49.246-0700: 449420.751: [GC concurrent-mark-end, 2.4636168 secs]
2022-07-27T02:00:49.247-0700: 449420.751: [GC remark 2022-07-27T02:00:49.247-0700: 449420.751: [Finalize Marking, 0.0003178 secs] 2022-07-27T02:00:49.247-0700: 449420.752: [GC ref-proc, 0.0087872 secs] 2022-07-27T02:00:49.256-0700: 449420.760: [Unloading, 0.0274841 secs], 0.0418273 secs]
 [Times: user=0.26 sys=0.00, real=0.04 secs] 
2022-07-27T02:00:49.289-0700: 449420.794: [GC cleanup 3336M->3336M(14336M), 0.0082477 secs]
 [Times: user=0.06 sys=0.00, real=0.01 secs] 
2022-07-27T02:17:33.462-0700: 450424.967: [GC pause (G1 Evacuation Pause) (young), 0.0111228 secs]
   [Parallel Time: 5.9 ms, GC Workers: 8]
      [GC Worker Start (ms): Min: 450424967.0, Avg: 450424967.1, Max: 450424967.1, Diff: 0.2]
      [Ext Root Scanning (ms): Min: 1.1, Avg: 1.9, Max: 5.7, Diff: 4.6, Sum: 15.0]
      [Update RS (ms): Min: 0.0, Avg: 0.3, Max: 0.7, Diff: 0.7, Sum: 2.6]
         [Processed Buffers: Min: 0, Avg: 22.5, Max: 70, Diff: 70, Sum: 180]
      [Scan RS (ms): Min: 0.0, Avg: 0.1, Max: 0.1, Diff: 0.1, Sum: 0.6]
      [Code Root Scanning (ms): Min: 0.0, Avg: 0.0, Max: 0.0, Diff: 0.0, Sum: 0.0]
      [Object Copy (ms): Min: 0.0, Avg: 0.5, Max: 0.7, Diff: 0.7, Sum: 3.7]
      [Termination (ms): Min: 0.0, Avg: 2.9, Max: 3.4, Diff: 3.4, Sum: 23.5]
         [Termination Attempts: Min: 1, Avg: 5.9, Max: 11, Diff: 10, Sum: 47]
      [GC Worker Other (ms): Min: 0.0, Avg: 0.0, Max: 0.0, Diff: 0.0, Sum: 0.1]
      [GC Worker Total (ms): Min: 5.6, Avg: 5.7, Max: 5.8, Diff: 0.1, Sum: 45.5]
      [GC Worker End (ms): Min: 450424972.7, Avg: 450424972.8, Max: 450424972.8, Diff: 0.0]
   [Code Root Fixup: 0.0 ms]
   [Code Root Purge: 0.0 ms]
   [Clear CT: 0.6 ms]
   [Other: 4.6 ms]
      [Choose CSet: 0.0 ms]
      [Ref Proc: 3.9 ms]
      [Ref Enq: 0.1 ms]
      [Redirty Cards: 0.1 ms]
      [Humongous Register: 0.1 ms]
      [Humongous Reclaim: 0.0 ms]
      [Free CSet: 0.3 ms]
   [Eden: 7152.0M(7152.0M)->0.0B(7152.0M) Survivors: 16384.0K->16384.0K Heap: 10448.4M(14336.0M)->3296.5M(14336.0M)]
 [Times: user=0.06 sys=0.00, real=0.01 secs] 
2022-07-27T02:34:05.288-0700: 451416.793: [GC pause (G1 Evacuation Pause) (young), 0.0093917 secs]
   [Parallel Time: 5.9 ms, GC Workers: 8]
      [GC Worker Start (ms): Min: 451416793.0, Avg: 451416793.1, Max: 451416793.2, Diff: 0.2]
      [Ext Root Scanning (ms): Min: 1.1, Avg: 1.9, Max: 5.7, Diff: 4.6, Sum: 15.0]
      [Update RS (ms): Min: 0.0, Avg: 0.3, Max: 0.7, Diff: 0.7, Sum: 2.8]
         [Processed Buffers: Min: 0, Avg: 21.5, Max: 64, Diff: 64, Sum: 172]
      [Scan RS (ms): Min: 0.0, Avg: 0.1, Max: 0.1, Diff: 0.1, Sum: 0.6]
      [Code Root Scanning (ms): Min: 0.0, Avg: 0.0, Max: 0.0, Diff: 0.0, Sum: 0.0]
      [Object Copy (ms): Min: 0.0, Avg: 0.5, Max: 0.7, Diff: 0.7, Sum: 4.1]
      [Termination (ms): Min: 0.0, Avg: 2.9, Max: 3.3, Diff: 3.3, Sum: 22.9]
         [Termination Attempts: Min: 1, Avg: 1.1, Max: 2, Diff: 1, Sum: 9]
      [GC Worker Other (ms): Min: 0.0, Avg: 0.0, Max: 0.0, Diff: 0.0, Sum: 0.2]
      [GC Worker Total (ms): Min: 5.6, Avg: 5.7, Max: 5.8, Diff: 0.2, Sum: 45.6]
      [GC Worker End (ms): Min: 451416798.7, Avg: 451416798.8, Max: 451416798.8, Diff: 0.1]
   [Code Root Fixup: 0.0 ms]
   [Code Root Purge: 0.0 ms]
   [Clear CT: 0.6 ms]
   [Other: 2.9 ms]
      [Choose CSet: 0.0 ms]
      [Ref Proc: 2.2 ms]
      [Ref Enq: 0.1 ms]
      [Redirty Cards: 0.1 ms]
      [Humongous Register: 0.1 ms]
      [Humongous Reclaim: 0.0 ms]
      [Free CSet: 0.3 ms]
   [Eden: 7152.0M(7152.0M)->0.0B(7152.0M) Survivors: 16384.0K->16384.0K Heap: 10448.5M(14336.0M)->3296.4M(14336.0M)]
 [Times: user=0.05 sys=0.01, real=0.01 secs] 
2022-07-27T02:50:49.362-0700: 452420.866: [GC pause (G1 Evacuation Pause) (young) (initial-mark), 0.0159051 secs]
   [Parallel Time: 10.5 ms, GC Workers: 8]
      [GC Worker Start (ms): Min: 452420868.7, Avg: 452420868.9, Max: 452420868.9, Diff: 0.2]
      [Ext Root Scanning (ms): Min: 6.8, Avg: 7.0, Max: 7.3, Diff: 0.5, Sum: 56.0]
      [Update RS (ms): Min: 0.1, Avg: 0.3, Max: 0.5, Diff: 0.4, Sum: 2.2]
         [Processed Buffers: Min: 1, Avg: 21.1, Max: 53, Diff: 52, Sum: 169]
      [Scan RS (ms): Min: 0.0, Avg: 0.1, Max: 0.1, Diff: 0.1, Sum: 0.5]
      [Code Root Scanning (ms): Min: 0.0, Avg: 0.0, Max: 0.0, Diff: 0.0, Sum: 0.0]
      [Object Copy (ms): Min: 0.2, Avg: 0.5, Max: 0.7, Diff: 0.5, Sum: 3.9]
      [Termination (ms): Min: 0.0, Avg: 0.1, Max: 0.1, Diff: 0.1, Sum: 0.5]
         [Termination Attempts: Min: 1, Avg: 1.9, Max: 4, Diff: 3, Sum: 15]
      [GC Worker Other (ms): Min: 0.0, Avg: 0.0, Max: 0.1, Diff: 0.1, Sum: 0.2]
      [GC Worker Total (ms): Min: 7.8, Avg: 7.9, Max: 8.0, Diff: 0.2, Sum: 63.3]
      [GC Worker End (ms): Min: 452420876.7, Avg: 452420876.8, Max: 452420876.8, Diff: 0.1]
   [Code Root Fixup: 0.0 ms]
   [Code Root Purge: 0.0 ms]
   [Clear CT: 0.6 ms]
   [Other: 4.7 ms]
      [Choose CSet: 0.0 ms]
      [Ref Proc: 3.9 ms]
      [Ref Enq: 0.1 ms]
      [Redirty Cards: 0.1 ms]
      [Humongous Register: 0.0 ms]
      [Humongous Reclaim: 0.0 ms]
      [Free CSet: 0.3 ms]
   [Eden: 7152.0M(7152.0M)->0.0B(7152.0M) Survivors: 16384.0K->16384.0K Heap: 10448.4M(14336.0M)->3296.6M(14336.0M)]
 [Times: user=0.05 sys=0.01, real=0.02 secs] 
2022-07-27T02:50:49.378-0700: 452420.882: [GC concurrent-root-region-scan-start]
2022-07-27T02:50:49.383-0700: 452420.888: [GC concurrent-root-region-scan-end, 0.0052402 secs]
2022-07-27T02:50:49.383-0700: 452420.888: [GC concurrent-mark-start]
2022-07-27T02:50:51.828-0700: 452423.333: [GC concurrent-mark-end, 2.4454560 secs]
2022-07-27T02:50:51.829-0700: 452423.334: [GC remark 2022-07-27T02:50:51.829-0700: 452423.334: [Finalize Marking, 0.0003297 secs] 2022-07-27T02:50:51.829-0700: 452423.334: [GC ref-proc, 0.0091274 secs] 2022-07-27T02:50:51.838-0700: 452423.343: [Unloading, 0.0274686 secs], 0.0421099 secs]
 [Times: user=0.26 sys=0.00, real=0.04 secs] 
2022-07-27T02:50:51.871-0700: 452423.376: [GC cleanup 3336M->3336M(14336M), 0.0076496 secs]
 [Times: user=0.06 sys=0.00, real=0.01 secs] 
2022-07-27T03:07:29.813-0700: 453421.317: [GC pause (G1 Evacuation Pause) (young), 0.0115694 secs]
   [Parallel Time: 6.3 ms, GC Workers: 8]
      [GC Worker Start (ms): Min: 453421317.5, Avg: 453421317.6, Max: 453421317.7, Diff: 0.1]
      [Ext Root Scanning (ms): Min: 1.2, Avg: 2.0, Max: 5.9, Diff: 4.7, Sum: 15.9]
      [Update RS (ms): Min: 0.0, Avg: 0.4, Max: 0.8, Diff: 0.8, Sum: 3.0]
         [Processed Buffers: Min: 0, Avg: 23.0, Max: 65, Diff: 65, Sum: 184]
      [Scan RS (ms): Min: 0.0, Avg: 0.1, Max: 0.3, Diff: 0.2, Sum: 0.8]
      [Code Root Scanning (ms): Min: 0.0, Avg: 0.0, Max: 0.0, Diff: 0.0, Sum: 0.0]
      [Object Copy (ms): Min: 0.0, Avg: 0.5, Max: 0.7, Diff: 0.7, Sum: 3.8]
      [Termination (ms): Min: 0.0, Avg: 3.0, Max: 3.4, Diff: 3.4, Sum: 23.9]
         [Termination Attempts: Min: 1, Avg: 1.5, Max: 2, Diff: 1, Sum: 12]
      [GC Worker Other (ms): Min: 0.0, Avg: 0.0, Max: 0.0, Diff: 0.0, Sum: 0.1]
      [GC Worker Total (ms): Min: 5.9, Avg: 5.9, Max: 6.0, Diff: 0.1, Sum: 47.5]
      [GC Worker End (ms): Min: 453421323.5, Avg: 453421323.5, Max: 453421323.6, Diff: 0.0]
   [Code Root Fixup: 0.0 ms]
   [Code Root Purge: 0.0 ms]
   [Clear CT: 0.5 ms]
   [Other: 4.7 ms]
      [Choose CSet: 0.0 ms]
      [Ref Proc: 4.0 ms]
      [Ref Enq: 0.1 ms]
      [Redirty Cards: 0.1 ms]
      [Humongous Register: 0.1 ms]
      [Humongous Reclaim: 0.0 ms]
      [Free CSet: 0.3 ms]
   [Eden: 7152.0M(7152.0M)->0.0B(7152.0M) Survivors: 16384.0K->16384.0K Heap: 10448.6M(14336.0M)->3296.5M(14336.0M)]
 [Times: user=0.06 sys=0.00, real=0.02 secs] 
2022-07-27T03:24:18.060-0700: 454429.565: [GC pause (G1 Evacuation Pause) (young), 0.0109857 secs]
   [Parallel Time: 6.4 ms, GC Workers: 8]
      [GC Worker Start (ms): Min: 454429565.2, Avg: 454429565.3, Max: 454429565.3, Diff: 0.1]
      [Ext Root Scanning (ms): Min: 1.3, Avg: 2.0, Max: 6.0, Diff: 4.7, Sum: 16.4]
      [Update RS (ms): Min: 0.0, Avg: 0.4, Max: 0.7, Diff: 0.7, Sum: 2.9]
         [Processed Buffers: Min: 0, Avg: 20.5, Max: 71, Diff: 71, Sum: 164]
      [Scan RS (ms): Min: 0.0, Avg: 0.1, Max: 0.2, Diff: 0.1, Sum: 0.7]
      [Code Root Scanning (ms): Min: 0.0, Avg: 0.0, Max: 0.0, Diff: 0.0, Sum: 0.0]
      [Object Copy (ms): Min: 0.0, Avg: 0.5, Max: 0.7, Diff: 0.7, Sum: 3.9]
      [Termination (ms): Min: 0.0, Avg: 3.0, Max: 3.5, Diff: 3.5, Sum: 24.3]
         [Termination Attempts: Min: 1, Avg: 1.0, Max: 1, Diff: 0, Sum: 8]
      [GC Worker Other (ms): Min: 0.0, Avg: 0.0, Max: 0.1, Diff: 0.1, Sum: 0.2]
      [GC Worker Total (ms): Min: 6.0, Avg: 6.0, Max: 6.1, Diff: 0.1, Sum: 48.4]
      [GC Worker End (ms): Min: 454429571.3, Avg: 454429571.3, Max: 454429571.3, Diff: 0.1]
   [Code Root Fixup: 0.0 ms]
   [Code Root Purge: 0.0 ms]
   [Clear CT: 0.6 ms]
   [Other: 4.0 ms]
      [Choose CSet: 0.0 ms]
      [Ref Proc: 3.3 ms]
      [Ref Enq: 0.1 ms]
      [Redirty Cards: 0.1 ms]
      [Humongous Register: 0.0 ms]
      [Humongous Reclaim: 0.0 ms]
      [Free CSet: 0.3 ms]
   [Eden: 7152.0M(7152.0M)->0.0B(7152.0M) Survivors: 16384.0K->16384.0K Heap: 10448.5M(14336.0M)->3296.5M(14336.0M)]
 [Times: user=0.06 sys=0.00, real=0.01 secs] 
2022-07-27T03:40:55.262-0700: 455426.767: [GC pause (G1 Evacuation Pause) (young) (initial-mark), 0.0144409 secs]
   [Parallel Time: 9.3 ms, GC Workers: 8]
      [GC Worker Start (ms): Min: 455426768.5, Avg: 455426768.6, Max: 455426768.6, Diff: 0.1]
      [Ext Root Scanning (ms): Min: 6.0, Avg: 6.3, Max: 6.6, Diff: 0.5, Sum: 50.3]
      [Update RS (ms): Min: 0.2, Avg: 0.3, Max: 0.5, Diff: 0.3, Sum: 2.3]
         [Processed Buffers: Min: 1, Avg: 21.8, Max: 47, Diff: 46, Sum: 174]
      [Scan RS (ms): Min: 0.0, Avg: 0.1, Max: 0.1, Diff: 0.1, Sum: 0.5]
      [Code Root Scanning (ms): Min: 0.0, Avg: 0.0, Max: 0.0, Diff: 0.0, Sum: 0.0]
      [Object Copy (ms): Min: 0.1, Avg: 0.5, Max: 0.7, Diff: 0.6, Sum: 4.1]
      [Termination (ms): Min: 0.0, Avg: 0.0, Max: 0.1, Diff: 0.1, Sum: 0.4]
         [Termination Attempts: Min: 1, Avg: 3.2, Max: 7, Diff: 6, Sum: 26]
      [GC Worker Other (ms): Min: 0.0, Avg: 0.0, Max: 0.0, Diff: 0.0, Sum: 0.2]
      [GC Worker Total (ms): Min: 7.2, Avg: 7.2, Max: 7.3, Diff: 0.1, Sum: 57.7]
      [GC Worker End (ms): Min: 455426775.8, Avg: 455426775.8, Max: 455426775.8, Diff: 0.1]
   [Code Root Fixup: 0.0 ms]
   [Code Root Purge: 0.0 ms]
   [Clear CT: 0.6 ms]
   [Other: 4.4 ms]
      [Choose CSet: 0.0 ms]
      [Ref Proc: 3.8 ms]
      [Ref Enq: 0.1 ms]
      [Redirty Cards: 0.1 ms]
      [Humongous Register: 0.0 ms]
      [Humongous Reclaim: 0.0 ms]
      [Free CSet: 0.3 ms]
   [Eden: 7152.0M(7152.0M)->0.0B(7152.0M) Survivors: 16384.0K->16384.0K Heap: 10448.5M(14336.0M)->3296.7M(14336.0M)]
 [Times: user=0.06 sys=0.00, real=0.02 secs] 
2022-07-27T03:40:55.277-0700: 455426.781: [GC concurrent-root-region-scan-start]
2022-07-27T03:40:55.282-0700: 455426.786: [GC concurrent-root-region-scan-end, 0.0050338 secs]
2022-07-27T03:40:55.282-0700: 455426.786: [GC concurrent-mark-start]
2022-07-27T03:40:57.724-0700: 455429.229: [GC concurrent-mark-end, 2.4424727 secs]
2022-07-27T03:40:57.724-0700: 455429.229: [GC remark 2022-07-27T03:40:57.725-0700: 455429.229: [Finalize Marking, 0.0004717 secs] 2022-07-27T03:40:57.725-0700: 455429.230: [GC ref-proc, 0.0100366 secs] 2022-07-27T03:40:57.735-0700: 455429.240: [Unloading, 0.0270025 secs], 0.0428622 secs]
 [Times: user=0.25 sys=0.00, real=0.04 secs] 
2022-07-27T03:40:57.768-0700: 455429.272: [GC cleanup 3368M->3368M(14336M), 0.0080328 secs]
 [Times: user=0.06 sys=0.00, real=0.01 secs] 
2022-07-27T03:57:30.013-0700: 456421.518: [GC pause (G1 Evacuation Pause) (young), 0.0107931 secs]
   [Parallel Time: 5.6 ms, GC Workers: 8]
      [GC Worker Start (ms): Min: 456421518.3, Avg: 456421518.3, Max: 456421518.4, Diff: 0.2]
      [Ext Root Scanning (ms): Min: 1.1, Avg: 1.8, Max: 5.3, Diff: 4.2, Sum: 14.4]
      [Update RS (ms): Min: 0.0, Avg: 0.3, Max: 0.7, Diff: 0.7, Sum: 2.3]
         [Processed Buffers: Min: 0, Avg: 20.6, Max: 66, Diff: 66, Sum: 165]
      [Scan RS (ms): Min: 0.0, Avg: 0.1, Max: 0.1, Diff: 0.1, Sum: 0.6]
      [Code Root Scanning (ms): Min: 0.0, Avg: 0.0, Max: 0.0, Diff: 0.0, Sum: 0.0]
      [Object Copy (ms): Min: 0.0, Avg: 0.4, Max: 0.6, Diff: 0.6, Sum: 3.5]
      [Termination (ms): Min: 0.0, Avg: 2.7, Max: 3.1, Diff: 3.1, Sum: 21.5]
         [Termination Attempts: Min: 1, Avg: 1.5, Max: 3, Diff: 2, Sum: 12]
      [GC Worker Other (ms): Min: 0.0, Avg: 0.0, Max: 0.0, Diff: 0.0, Sum: 0.1]
      [GC Worker Total (ms): Min: 5.2, Avg: 5.3, Max: 5.4, Diff: 0.2, Sum: 42.4]
      [GC Worker End (ms): Min: 456421523.6, Avg: 456421523.6, Max: 456421523.7, Diff: 0.0]
   [Code Root Fixup: 0.0 ms]
   [Code Root Purge: 0.0 ms]
   [Clear CT: 0.6 ms]
   [Other: 4.6 ms]
      [Choose CSet: 0.0 ms]
      [Ref Proc: 4.0 ms]
      [Ref Enq: 0.1 ms]
      [Redirty Cards: 0.1 ms]
      [Humongous Register: 0.1 ms]
      [Humongous Reclaim: 0.0 ms]
      [Free CSet: 0.3 ms]
   [Eden: 7152.0M(7152.0M)->0.0B(7152.0M) Survivors: 16384.0K->16384.0K Heap: 10448.7M(14336.0M)->3296.5M(14336.0M)]
 [Times: user=0.05 sys=0.00, real=0.02 secs] 
2022-07-27T04:14:03.762-0700: 457415.267: [GC pause (G1 Evacuation Pause) (young), 0.0116954 secs]
   [Parallel Time: 6.3 ms, GC Workers: 8]
      [GC Worker Start (ms): Min: 457415266.7, Avg: 457415266.8, Max: 457415266.9, Diff: 0.2]
      [Ext Root Scanning (ms): Min: 1.1, Avg: 1.9, Max: 6.0, Diff: 4.9, Sum: 15.4]
      [Update RS (ms): Min: 0.0, Avg: 0.3, Max: 0.7, Diff: 0.7, Sum: 2.7]
         [Processed Buffers: Min: 0, Avg: 21.0, Max: 62, Diff: 62, Sum: 168]
      [Scan RS (ms): Min: 0.0, Avg: 0.1, Max: 0.1, Diff: 0.1, Sum: 0.7]
      [Code Root Scanning (ms): Min: 0.0, Avg: 0.0, Max: 0.0, Diff: 0.0, Sum: 0.0]
      [Object Copy (ms): Min: 0.0, Avg: 0.5, Max: 0.7, Diff: 0.7, Sum: 3.9]
      [Termination (ms): Min: 0.0, Avg: 3.2, Max: 3.6, Diff: 3.6, Sum: 25.4]
         [Termination Attempts: Min: 1, Avg: 1.9, Max: 3, Diff: 2, Sum: 15]
      [GC Worker Other (ms): Min: 0.0, Avg: 0.0, Max: 0.0, Diff: 0.0, Sum: 0.1]
      [GC Worker Total (ms): Min: 6.0, Avg: 6.0, Max: 6.1, Diff: 0.1, Sum: 48.3]
      [GC Worker End (ms): Min: 457415272.8, Avg: 457415272.8, Max: 457415272.9, Diff: 0.0]
   [Code Root Fixup: 0.0 ms]
   [Code Root Purge: 0.0 ms]
   [Clear CT: 0.6 ms]
   [Other: 4.8 ms]
      [Choose CSet: 0.0 ms]
      [Ref Proc: 4.0 ms]
      [Ref Enq: 0.2 ms]
      [Redirty Cards: 0.1 ms]
      [Humongous Register: 0.1 ms]
      [Humongous Reclaim: 0.0 ms]
      [Free CSet: 0.3 ms]
   [Eden: 7152.0M(7152.0M)->0.0B(7152.0M) Survivors: 16384.0K->16384.0K Heap: 10448.5M(14336.0M)->3296.5M(14336.0M)]
 [Times: user=0.07 sys=0.00, real=0.01 secs] 
2022-07-27T04:30:40.112-0700: 458411.616: [GC pause (G1 Evacuation Pause) (young) (initial-mark), 0.0148457 secs]
   [Parallel Time: 9.3 ms, GC Workers: 8]
      [GC Worker Start (ms): Min: 458411618.4, Avg: 458411618.5, Max: 458411618.5, Diff: 0.2]
      [Ext Root Scanning (ms): Min: 6.0, Avg: 6.2, Max: 6.4, Diff: 0.4, Sum: 49.9]
      [Update RS (ms): Min: 0.2, Avg: 0.3, Max: 0.5, Diff: 0.3, Sum: 2.2]
         [Processed Buffers: Min: 1, Avg: 22.4, Max: 64, Diff: 63, Sum: 179]
      [Scan RS (ms): Min: 0.0, Avg: 0.1, Max: 0.1, Diff: 0.1, Sum: 0.5]
      [Code Root Scanning (ms): Min: 0.0, Avg: 0.0, Max: 0.0, Diff: 0.0, Sum: 0.0]
      [Object Copy (ms): Min: 0.1, Avg: 0.5, Max: 0.7, Diff: 0.6, Sum: 3.8]
      [Termination (ms): Min: 0.0, Avg: 0.1, Max: 0.1, Diff: 0.1, Sum: 0.5]
         [Termination Attempts: Min: 1, Avg: 3.9, Max: 7, Diff: 6, Sum: 31]
      [GC Worker Other (ms): Min: 0.0, Avg: 0.0, Max: 0.1, Diff: 0.0, Sum: 0.2]
      [GC Worker Total (ms): Min: 7.0, Avg: 7.1, Max: 7.2, Diff: 0.2, Sum: 57.1]
      [GC Worker End (ms): Min: 458411625.6, Avg: 458411625.6, Max: 458411625.6, Diff: 0.0]
   [Code Root Fixup: 0.0 ms]
   [Code Root Purge: 0.0 ms]
   [Clear CT: 0.7 ms]
   [Other: 4.9 ms]
      [Choose CSet: 0.0 ms]
      [Ref Proc: 4.2 ms]
      [Ref Enq: 0.1 ms]
      [Redirty Cards: 0.1 ms]
      [Humongous Register: 0.0 ms]
      [Humongous Reclaim: 0.0 ms]
      [Free CSet: 0.3 ms]
   [Eden: 7152.0M(7152.0M)->0.0B(7152.0M) Survivors: 16384.0K->16384.0K Heap: 10448.5M(14336.0M)->3296.7M(14336.0M)]
 [Times: user=0.06 sys=0.00, real=0.02 secs] 
2022-07-27T04:30:40.127-0700: 458411.632: [GC concurrent-root-region-scan-start]
2022-07-27T04:30:40.132-0700: 458411.636: [GC concurrent-root-region-scan-end, 0.0049607 secs]
2022-07-27T04:30:40.132-0700: 458411.636: [GC concurrent-mark-start]
2022-07-27T04:30:42.542-0700: 458414.047: [GC concurrent-mark-end, 2.4105063 secs]
2022-07-27T04:30:42.543-0700: 458414.047: [GC remark 2022-07-27T04:30:42.543-0700: 458414.047: [Finalize Marking, 0.0004406 secs] 2022-07-27T04:30:42.543-0700: 458414.048: [GC ref-proc, 0.0102027 secs] 2022-07-27T04:30:42.553-0700: 458414.058: [Unloading, 0.0274331 secs], 0.0433830 secs]
 [Times: user=0.25 sys=0.00, real=0.04 secs] 
2022-07-27T04:30:42.586-0700: 458414.091: [GC cleanup 3336M->3336M(14336M), 0.0074845 secs]
 [Times: user=0.06 sys=0.00, real=0.00 secs] 
2022-07-27T04:47:22.262-0700: 459413.767: [GC pause (G1 Evacuation Pause) (young), 0.0112956 secs]
   [Parallel Time: 6.0 ms, GC Workers: 8]
      [GC Worker Start (ms): Min: 459413766.8, Avg: 459413766.8, Max: 459413766.9, Diff: 0.1]
      [Ext Root Scanning (ms): Min: 1.1, Avg: 1.9, Max: 5.7, Diff: 4.7, Sum: 15.1]
      [Update RS (ms): Min: 0.0, Avg: 0.3, Max: 0.7, Diff: 0.7, Sum: 2.7]
         [Processed Buffers: Min: 0, Avg: 22.2, Max: 52, Diff: 52, Sum: 178]
      [Scan RS (ms): Min: 0.0, Avg: 0.1, Max: 0.2, Diff: 0.1, Sum: 0.6]
      [Code Root Scanning (ms): Min: 0.0, Avg: 0.0, Max: 0.0, Diff: 0.0, Sum: 0.0]
      [Object Copy (ms): Min: 0.0, Avg: 0.5, Max: 0.7, Diff: 0.7, Sum: 3.8]
      [Termination (ms): Min: 0.0, Avg: 2.9, Max: 3.4, Diff: 3.4, Sum: 23.6]
         [Termination Attempts: Min: 1, Avg: 2.9, Max: 5, Diff: 4, Sum: 23]
      [GC Worker Other (ms): Min: 0.0, Avg: 0.0, Max: 0.0, Diff: 0.0, Sum: 0.1]
      [GC Worker Total (ms): Min: 5.7, Avg: 5.7, Max: 5.8, Diff: 0.1, Sum: 45.9]
      [GC Worker End (ms): Min: 459413772.5, Avg: 459413772.6, Max: 459413772.6, Diff: 0.0]
   [Code Root Fixup: 0.0 ms]
   [Code Root Purge: 0.0 ms]
   [Clear CT: 0.6 ms]
   [Other: 4.7 ms]
      [Choose CSet: 0.0 ms]
      [Ref Proc: 4.0 ms]
      [Ref Enq: 0.1 ms]
      [Redirty Cards: 0.1 ms]
      [Humongous Register: 0.1 ms]
      [Humongous Reclaim: 0.0 ms]
      [Free CSet: 0.3 ms]
   [Eden: 7152.0M(7152.0M)->0.0B(7152.0M) Survivors: 16384.0K->16384.0K Heap: 10448.7M(14336.0M)->3296.6M(14336.0M)]
 [Times: user=0.06 sys=0.00, real=0.01 secs] 
2022-07-27T05:03:49.913-0700: 460401.418: [GC pause (G1 Evacuation Pause) (young), 0.0112203 secs]
   [Parallel Time: 6.3 ms, GC Workers: 8]
      [GC Worker Start (ms): Min: 460401417.7, Avg: 460401417.8, Max: 460401417.9, Diff: 0.2]
      [Ext Root Scanning (ms): Min: 1.3, Avg: 2.0, Max: 6.1, Diff: 4.8, Sum: 16.2]
      [Update RS (ms): Min: 0.0, Avg: 0.3, Max: 0.7, Diff: 0.7, Sum: 2.6]
         [Processed Buffers: Min: 0, Avg: 21.0, Max: 56, Diff: 56, Sum: 168]
      [Scan RS (ms): Min: 0.0, Avg: 0.1, Max: 0.1, Diff: 0.1, Sum: 0.6]
      [Code Root Scanning (ms): Min: 0.0, Avg: 0.0, Max: 0.0, Diff: 0.0, Sum: 0.0]
      [Object Copy (ms): Min: 0.0, Avg: 0.5, Max: 0.7, Diff: 0.7, Sum: 4.0]
      [Termination (ms): Min: 0.0, Avg: 3.1, Max: 3.6, Diff: 3.6, Sum: 24.8]
         [Termination Attempts: Min: 1, Avg: 6.1, Max: 10, Diff: 9, Sum: 49]
      [GC Worker Other (ms): Min: 0.0, Avg: 0.0, Max: 0.0, Diff: 0.0, Sum: 0.2]
      [GC Worker Total (ms): Min: 6.0, Avg: 6.1, Max: 6.1, Diff: 0.1, Sum: 48.5]
      [GC Worker End (ms): Min: 460401423.8, Avg: 460401423.9, Max: 460401423.9, Diff: 0.0]
   [Code Root Fixup: 0.0 ms]
   [Code Root Purge: 0.0 ms]
   [Clear CT: 0.6 ms]
   [Other: 4.3 ms]
      [Choose CSet: 0.0 ms]
      [Ref Proc: 3.6 ms]
      [Ref Enq: 0.1 ms]
      [Redirty Cards: 0.1 ms]
      [Humongous Register: 0.1 ms]
      [Humongous Reclaim: 0.0 ms]
      [Free CSet: 0.3 ms]
   [Eden: 7152.0M(7152.0M)->0.0B(7152.0M) Survivors: 16384.0K->16384.0K Heap: 10448.6M(14336.0M)->3296.5M(14336.0M)]
 [Times: user=0.06 sys=0.00, real=0.02 secs] 
2022-07-27T05:20:38.261-0700: 461409.766: [GC pause (G1 Evacuation Pause) (young) (initial-mark), 0.0155232 secs]
   [Parallel Time: 10.1 ms, GC Workers: 8]
      [GC Worker Start (ms): Min: 461409768.1, Avg: 461409768.2, Max: 461409768.2, Diff: 0.1]
      [Ext Root Scanning (ms): Min: 6.6, Avg: 6.8, Max: 7.1, Diff: 0.6, Sum: 54.7]
      [Update RS (ms): Min: 0.2, Avg: 0.3, Max: 0.5, Diff: 0.3, Sum: 2.2]
         [Processed Buffers: Min: 1, Avg: 21.9, Max: 45, Diff: 44, Sum: 175]
      [Scan RS (ms): Min: 0.0, Avg: 0.1, Max: 0.1, Diff: 0.1, Sum: 0.5]
      [Code Root Scanning (ms): Min: 0.0, Avg: 0.0, Max: 0.0, Diff: 0.0, Sum: 0.0]
      [Object Copy (ms): Min: 0.2, Avg: 0.5, Max: 0.7, Diff: 0.5, Sum: 3.8]
      [Termination (ms): Min: 0.0, Avg: 0.1, Max: 0.1, Diff: 0.1, Sum: 0.4]
         [Termination Attempts: Min: 1, Avg: 1.1, Max: 2, Diff: 1, Sum: 9]
      [GC Worker Other (ms): Min: 0.0, Avg: 0.0, Max: 0.1, Diff: 0.1, Sum: 0.3]
      [GC Worker Total (ms): Min: 7.7, Avg: 7.7, Max: 7.8, Diff: 0.1, Sum: 61.9]
      [GC Worker End (ms): Min: 461409775.9, Avg: 461409775.9, Max: 461409776.0, Diff: 0.1]
   [Code Root Fixup: 0.0 ms]
   [Code Root Purge: 0.0 ms]
   [Clear CT: 0.6 ms]
   [Other: 4.8 ms]
      [Choose CSet: 0.0 ms]
      [Ref Proc: 4.0 ms]
      [Ref Enq: 0.1 ms]
      [Redirty Cards: 0.1 ms]
      [Humongous Register: 0.0 ms]
      [Humongous Reclaim: 0.0 ms]
      [Free CSet: 0.3 ms]
   [Eden: 7152.0M(7152.0M)->0.0B(7152.0M) Survivors: 16384.0K->16384.0K Heap: 10448.5M(14336.0M)->3296.7M(14336.0M)]
 [Times: user=0.06 sys=0.01, real=0.02 secs] 
2022-07-27T05:20:38.277-0700: 461409.781: [GC concurrent-root-region-scan-start]
2022-07-27T05:20:38.281-0700: 461409.786: [GC concurrent-root-region-scan-end, 0.0046492 secs]
2022-07-27T05:20:38.281-0700: 461409.786: [GC concurrent-mark-start]
2022-07-27T05:20:40.718-0700: 461412.223: [GC concurrent-mark-end, 2.4365257 secs]
2022-07-27T05:20:40.718-0700: 461412.223: [GC remark 2022-07-27T05:20:40.718-0700: 461412.223: [Finalize Marking, 0.0002670 secs] 2022-07-27T05:20:40.719-0700: 461412.223: [GC ref-proc, 0.0111381 secs] 2022-07-27T05:20:40.730-0700: 461412.235: [Unloading, 0.0272387 secs], 0.0439622 secs]
 [Times: user=0.25 sys=0.00, real=0.04 secs] 
2022-07-27T05:20:40.763-0700: 461412.267: [GC cleanup 3336M->3336M(14336M), 0.0081454 secs]
 [Times: user=0.06 sys=0.00, real=0.00 secs] 
2022-07-27T05:37:30.036-0700: 462421.541: [GC pause (G1 Evacuation Pause) (young), 0.0109509 secs]
   [Parallel Time: 6.6 ms, GC Workers: 8]
      [GC Worker Start (ms): Min: 462421541.1, Avg: 462421541.2, Max: 462421541.3, Diff: 0.2]
      [Ext Root Scanning (ms): Min: 1.1, Avg: 2.0, Max: 6.2, Diff: 5.1, Sum: 15.7]
      [Update RS (ms): Min: 0.0, Avg: 0.3, Max: 0.7, Diff: 0.7, Sum: 2.7]
         [Processed Buffers: Min: 0, Avg: 21.1, Max: 60, Diff: 60, Sum: 169]
      [Scan RS (ms): Min: 0.0, Avg: 0.1, Max: 0.2, Diff: 0.1, Sum: 0.7]
      [Code Root Scanning (ms): Min: 0.0, Avg: 0.0, Max: 0.0, Diff: 0.0, Sum: 0.0]
      [Object Copy (ms): Min: 0.0, Avg: 0.5, Max: 0.7, Diff: 0.7, Sum: 3.8]
      [Termination (ms): Min: 0.0, Avg: 3.4, Max: 3.9, Diff: 3.9, Sum: 26.9]
         [Termination Attempts: Min: 1, Avg: 1.0, Max: 1, Diff: 0, Sum: 8]
      [GC Worker Other (ms): Min: 0.0, Avg: 0.0, Max: 0.0, Diff: 0.0, Sum: 0.2]
      [GC Worker Total (ms): Min: 6.2, Avg: 6.2, Max: 6.3, Diff: 0.2, Sum: 49.9]
      [GC Worker End (ms): Min: 462421547.4, Avg: 462421547.4, Max: 462421547.4, Diff: 0.1]
   [Code Root Fixup: 0.0 ms]
   [Code Root Purge: 0.0 ms]
   [Clear CT: 0.6 ms]
   [Other: 3.8 ms]
      [Choose CSet: 0.0 ms]
      [Ref Proc: 3.1 ms]
      [Ref Enq: 0.1 ms]
      [Redirty Cards: 0.1 ms]
      [Humongous Register: 0.1 ms]
      [Humongous Reclaim: 0.0 ms]
      [Free CSet: 0.3 ms]
   [Eden: 7152.0M(7152.0M)->0.0B(7152.0M) Survivors: 16384.0K->16384.0K Heap: 10448.7M(14336.0M)->3296.5M(14336.0M)]
 [Times: user=0.06 sys=0.00, real=0.01 secs] 
2022-07-27T05:54:06.912-0700: 463418.417: [GC pause (G1 Evacuation Pause) (young), 0.0110812 secs]
   [Parallel Time: 6.0 ms, GC Workers: 8]
      [GC Worker Start (ms): Min: 463418416.7, Avg: 463418416.8, Max: 463418416.8, Diff: 0.1]
      [Ext Root Scanning (ms): Min: 1.2, Avg: 2.0, Max: 5.6, Diff: 4.4, Sum: 15.7]
      [Update RS (ms): Min: 0.0, Avg: 0.3, Max: 0.7, Diff: 0.7, Sum: 2.7]
         [Processed Buffers: Min: 0, Avg: 21.1, Max: 54, Diff: 54, Sum: 169]
      [Scan RS (ms): Min: 0.0, Avg: 0.1, Max: 0.2, Diff: 0.1, Sum: 0.6]
      [Code Root Scanning (ms): Min: 0.0, Avg: 0.0, Max: 0.0, Diff: 0.0, Sum: 0.0]
      [Object Copy (ms): Min: 0.0, Avg: 0.5, Max: 0.7, Diff: 0.7, Sum: 4.0]
      [Termination (ms): Min: 0.0, Avg: 2.7, Max: 3.2, Diff: 3.2, Sum: 22.0]
         [Termination Attempts: Min: 1, Avg: 1.4, Max: 2, Diff: 1, Sum: 11]
      [GC Worker Other (ms): Min: 0.0, Avg: 0.0, Max: 0.0, Diff: 0.0, Sum: 0.2]
      [GC Worker Total (ms): Min: 5.6, Avg: 5.6, Max: 5.7, Diff: 0.1, Sum: 45.1]
      [GC Worker End (ms): Min: 463418422.4, Avg: 463418422.4, Max: 463418422.4, Diff: 0.0]
   [Code Root Fixup: 0.0 ms]
   [Code Root Purge: 0.0 ms]
   [Clear CT: 0.6 ms]
   [Other: 4.5 ms]
      [Choose CSet: 0.0 ms]
      [Ref Proc: 3.8 ms]
      [Ref Enq: 0.1 ms]
      [Redirty Cards: 0.1 ms]
      [Humongous Register: 0.1 ms]
      [Humongous Reclaim: 0.0 ms]
      [Free CSet: 0.3 ms]
   [Eden: 7152.0M(7152.0M)->0.0B(7152.0M) Survivors: 16384.0K->16384.0K Heap: 10448.5M(14336.0M)->3296.6M(14336.0M)]
 [Times: user=0.05 sys=0.01, real=0.02 secs] 
2022-07-27T06:10:44.261-0700: 464415.766: [GC pause (G1 Evacuation Pause) (young) (initial-mark), 0.0142409 secs]
   [Parallel Time: 10.0 ms, GC Workers: 8]
      [GC Worker Start (ms): Min: 464415767.6, Avg: 464415767.7, Max: 464415767.8, Diff: 0.2]
      [Ext Root Scanning (ms): Min: 6.3, Avg: 6.7, Max: 7.6, Diff: 1.3, Sum: 53.8]
      [Update RS (ms): Min: 0.0, Avg: 0.3, Max: 0.6, Diff: 0.6, Sum: 2.1]
         [Processed Buffers: Min: 0, Avg: 20.1, Max: 52, Diff: 52, Sum: 161]
      [Scan RS (ms): Min: 0.0, Avg: 0.1, Max: 0.1, Diff: 0.1, Sum: 0.5]
      [Code Root Scanning (ms): Min: 0.0, Avg: 0.0, Max: 0.0, Diff: 0.0, Sum: 0.0]
      [Object Copy (ms): Min: 0.0, Avg: 0.5, Max: 0.8, Diff: 0.8, Sum: 4.0]
      [Termination (ms): Min: 0.0, Avg: 0.5, Max: 0.5, Diff: 0.5, Sum: 3.7]
         [Termination Attempts: Min: 1, Avg: 5.0, Max: 11, Diff: 10, Sum: 40]
      [GC Worker Other (ms): Min: 0.0, Avg: 0.0, Max: 0.0, Diff: 0.0, Sum: 0.1]
      [GC Worker Total (ms): Min: 8.0, Avg: 8.0, Max: 8.1, Diff: 0.2, Sum: 64.2]
      [GC Worker End (ms): Min: 464415775.7, Avg: 464415775.7, Max: 464415775.7, Diff: 0.0]
   [Code Root Fixup: 0.0 ms]
   [Code Root Purge: 0.0 ms]
   [Clear CT: 0.6 ms]
   [Other: 3.6 ms]
      [Choose CSet: 0.0 ms]
      [Ref Proc: 2.7 ms]
      [Ref Enq: 0.1 ms]
      [Redirty Cards: 0.1 ms]
      [Humongous Register: 0.0 ms]
      [Humongous Reclaim: 0.0 ms]
      [Free CSet: 0.3 ms]
   [Eden: 7152.0M(7152.0M)->0.0B(7152.0M) Survivors: 16384.0K->16384.0K Heap: 10448.6M(14336.0M)->3296.6M(14336.0M)]
 [Times: user=0.05 sys=0.01, real=0.02 secs] 
2022-07-27T06:10:44.275-0700: 464415.780: [GC concurrent-root-region-scan-start]
2022-07-27T06:10:44.280-0700: 464415.785: [GC concurrent-root-region-scan-end, 0.0050005 secs]
2022-07-27T06:10:44.280-0700: 464415.785: [GC concurrent-mark-start]
2022-07-27T06:10:46.718-0700: 464418.223: [GC concurrent-mark-end, 2.4376698 secs]
2022-07-27T06:10:46.718-0700: 464418.223: [GC remark 2022-07-27T06:10:46.718-0700: 464418.223: [Finalize Marking, 0.0002923 secs] 2022-07-27T06:10:46.723-0700: 464418.228: [GC ref-proc, 0.0097205 secs] 2022-07-27T06:10:46.733-0700: 464418.238: [Unloading, 0.0269010 secs], 0.0467134 secs]
 [Times: user=0.25 sys=0.00, real=0.05 secs] 
2022-07-27T06:10:46.765-0700: 464418.270: [GC cleanup 3368M->3368M(14336M), 0.0081836 secs]
 [Times: user=0.05 sys=0.00, real=0.00 secs] 
2022-07-27T06:27:20.513-0700: 465412.017: [GC pause (G1 Evacuation Pause) (young), 0.0086981 secs]
   [Parallel Time: 5.8 ms, GC Workers: 8]
      [GC Worker Start (ms): Min: 465412017.5, Avg: 465412017.5, Max: 465412017.6, Diff: 0.1]
      [Ext Root Scanning (ms): Min: 1.3, Avg: 1.9, Max: 5.6, Diff: 4.3, Sum: 15.5]
      [Update RS (ms): Min: 0.0, Avg: 0.3, Max: 0.6, Diff: 0.6, Sum: 2.3]
         [Processed Buffers: Min: 0, Avg: 20.8, Max: 77, Diff: 77, Sum: 166]
      [Scan RS (ms): Min: 0.0, Avg: 0.1, Max: 0.1, Diff: 0.1, Sum: 0.5]
      [Code Root Scanning (ms): Min: 0.0, Avg: 0.0, Max: 0.0, Diff: 0.0, Sum: 0.0]
      [Object Copy (ms): Min: 0.0, Avg: 0.5, Max: 0.7, Diff: 0.7, Sum: 3.7]
      [Termination (ms): Min: 0.0, Avg: 2.8, Max: 3.2, Diff: 3.2, Sum: 22.5]
         [Termination Attempts: Min: 1, Avg: 2.5, Max: 4, Diff: 3, Sum: 20]
      [GC Worker Other (ms): Min: 0.0, Avg: 0.0, Max: 0.1, Diff: 0.0, Sum: 0.2]
      [GC Worker Total (ms): Min: 5.6, Avg: 5.6, Max: 5.7, Diff: 0.1, Sum: 44.9]
      [GC Worker End (ms): Min: 465412023.1, Avg: 465412023.1, Max: 465412023.2, Diff: 0.1]
   [Code Root Fixup: 0.0 ms]
   [Code Root Purge: 0.0 ms]
   [Clear CT: 0.6 ms]
   [Other: 2.4 ms]
      [Choose CSet: 0.0 ms]
      [Ref Proc: 1.6 ms]
      [Ref Enq: 0.1 ms]
      [Redirty Cards: 0.1 ms]
      [Humongous Register: 0.1 ms]
      [Humongous Reclaim: 0.0 ms]
      [Free CSet: 0.3 ms]
   [Eden: 7152.0M(7152.0M)->0.0B(7152.0M) Survivors: 16384.0K->16384.0K Heap: 10448.6M(14336.0M)->3296.6M(14336.0M)]
 [Times: user=0.05 sys=0.00, real=0.01 secs] 
2022-07-27T06:43:54.562-0700: 466406.067: [GC pause (G1 Evacuation Pause) (young), 0.0119110 secs]
   [Parallel Time: 6.1 ms, GC Workers: 8]
      [GC Worker Start (ms): Min: 466406067.4, Avg: 466406067.5, Max: 466406067.6, Diff: 0.1]
      [Ext Root Scanning (ms): Min: 1.2, Avg: 2.0, Max: 5.9, Diff: 4.8, Sum: 15.7]
      [Update RS (ms): Min: 0.0, Avg: 0.3, Max: 0.8, Diff: 0.8, Sum: 2.7]
         [Processed Buffers: Min: 0, Avg: 21.2, Max: 58, Diff: 58, Sum: 170]
      [Scan RS (ms): Min: 0.0, Avg: 0.1, Max: 0.2, Diff: 0.1, Sum: 0.7]
      [Code Root Scanning (ms): Min: 0.0, Avg: 0.0, Max: 0.0, Diff: 0.0, Sum: 0.0]
      [Object Copy (ms): Min: 0.0, Avg: 0.5, Max: 0.8, Diff: 0.8, Sum: 4.4]
      [Termination (ms): Min: 0.0, Avg: 3.0, Max: 3.4, Diff: 3.4, Sum: 23.7]
         [Termination Attempts: Min: 1, Avg: 1.2, Max: 2, Diff: 1, Sum: 10]
      [GC Worker Other (ms): Min: 0.0, Avg: 0.0, Max: 0.0, Diff: 0.0, Sum: 0.2]
      [GC Worker Total (ms): Min: 5.9, Avg: 5.9, Max: 6.0, Diff: 0.1, Sum: 47.4]
      [GC Worker End (ms): Min: 466406073.4, Avg: 466406073.4, Max: 466406073.4, Diff: 0.0]
   [Code Root Fixup: 0.0 ms]
   [Code Root Purge: 0.0 ms]
   [Clear CT: 1.3 ms]
   [Other: 4.5 ms]
      [Choose CSet: 0.0 ms]
      [Ref Proc: 3.8 ms]
      [Ref Enq: 0.1 ms]
      [Redirty Cards: 0.1 ms]
      [Humongous Register: 0.1 ms]
      [Humongous Reclaim: 0.0 ms]
      [Free CSet: 0.3 ms]
   [Eden: 7152.0M(7152.0M)->0.0B(7152.0M) Survivors: 16384.0K->16384.0K Heap: 10448.6M(14336.0M)->3297.0M(14336.0M)]
 [Times: user=0.06 sys=0.00, real=0.01 secs] 
2022-07-27T07:00:37.361-0700: 467408.866: [GC pause (G1 Evacuation Pause) (young) (initial-mark), 0.0153936 secs]
   [Parallel Time: 10.0 ms, GC Workers: 8]
      [GC Worker Start (ms): Min: 467408867.9, Avg: 467408867.9, Max: 467408868.0, Diff: 0.1]
      [Ext Root Scanning (ms): Min: 6.3, Avg: 6.6, Max: 6.9, Diff: 0.6, Sum: 52.6]
      [Update RS (ms): Min: 0.2, Avg: 0.3, Max: 0.5, Diff: 0.3, Sum: 2.3]
         [Processed Buffers: Min: 1, Avg: 20.8, Max: 62, Diff: 61, Sum: 166]
      [Scan RS (ms): Min: 0.0, Avg: 0.1, Max: 0.1, Diff: 0.1, Sum: 0.6]
      [Code Root Scanning (ms): Min: 0.0, Avg: 0.0, Max: 0.0, Diff: 0.0, Sum: 0.0]
      [Object Copy (ms): Min: 0.0, Avg: 0.5, Max: 0.8, Diff: 0.8, Sum: 4.3]
      [Termination (ms): Min: 0.0, Avg: 0.0, Max: 0.0, Diff: 0.0, Sum: 0.2]
         [Termination Attempts: Min: 1, Avg: 4.9, Max: 7, Diff: 6, Sum: 39]
      [GC Worker Other (ms): Min: 0.0, Avg: 0.0, Max: 0.1, Diff: 0.0, Sum: 0.2]
      [GC Worker Total (ms): Min: 7.5, Avg: 7.5, Max: 7.6, Diff: 0.2, Sum: 60.2]
      [GC Worker End (ms): Min: 467408875.4, Avg: 467408875.5, Max: 467408875.5, Diff: 0.0]
   [Code Root Fixup: 0.0 ms]
   [Code Root Purge: 0.0 ms]
   [Clear CT: 0.7 ms]
   [Other: 4.7 ms]
      [Choose CSet: 0.0 ms]
      [Ref Proc: 3.9 ms]
      [Ref Enq: 0.1 ms]
      [Redirty Cards: 0.1 ms]
      [Humongous Register: 0.0 ms]
      [Humongous Reclaim: 0.0 ms]
      [Free CSet: 0.3 ms]
   [Eden: 7152.0M(7152.0M)->0.0B(7152.0M) Survivors: 16384.0K->16384.0K Heap: 10449.0M(14336.0M)->3296.6M(14336.0M)]
 [Times: user=0.06 sys=0.00, real=0.02 secs] 
2022-07-27T07:00:37.376-0700: 467408.881: [GC concurrent-root-region-scan-start]
2022-07-27T07:00:37.382-0700: 467408.886: [GC concurrent-root-region-scan-end, 0.0050934 secs]
2022-07-27T07:00:37.382-0700: 467408.886: [GC concurrent-mark-start]
2022-07-27T07:00:39.811-0700: 467411.316: [GC concurrent-mark-end, 2.4292394 secs]
2022-07-27T07:00:39.811-0700: 467411.316: [GC remark 2022-07-27T07:00:39.811-0700: 467411.316: [Finalize Marking, 0.0003610 secs] 2022-07-27T07:00:39.812-0700: 467411.316: [GC ref-proc, 0.0120015 secs] 2022-07-27T07:00:39.824-0700: 467411.328: [Unloading, 0.0276625 secs], 0.0452826 secs]
 [Times: user=0.26 sys=0.00, real=0.05 secs] 
2022-07-27T07:00:39.857-0700: 467411.362: [GC cleanup 3368M->3368M(14336M), 0.0081805 secs]
 [Times: user=0.06 sys=0.00, real=0.01 secs] 
2022-07-27T07:17:14.312-0700: 468405.816: [GC pause (G1 Evacuation Pause) (young), 0.0102747 secs]
   [Parallel Time: 6.0 ms, GC Workers: 8]
      [GC Worker Start (ms): Min: 468405816.5, Avg: 468405816.6, Max: 468405816.7, Diff: 0.1]
      [Ext Root Scanning (ms): Min: 1.2, Avg: 1.9, Max: 5.5, Diff: 4.4, Sum: 15.3]
      [Update RS (ms): Min: 0.0, Avg: 0.3, Max: 0.8, Diff: 0.8, Sum: 2.7]
         [Processed Buffers: Min: 0, Avg: 21.2, Max: 60, Diff: 60, Sum: 170]
      [Scan RS (ms): Min: 0.0, Avg: 0.1, Max: 0.1, Diff: 0.1, Sum: 0.6]
      [Code Root Scanning (ms): Min: 0.0, Avg: 0.0, Max: 0.0, Diff: 0.0, Sum: 0.0]
      [Object Copy (ms): Min: 0.0, Avg: 0.5, Max: 0.8, Diff: 0.8, Sum: 4.1]
      [Termination (ms): Min: 0.0, Avg: 2.6, Max: 3.0, Diff: 3.0, Sum: 21.2]
         [Termination Attempts: Min: 1, Avg: 6.5, Max: 9, Diff: 8, Sum: 52]
      [GC Worker Other (ms): Min: 0.0, Avg: 0.0, Max: 0.0, Diff: 0.0, Sum: 0.2]
      [GC Worker Total (ms): Min: 5.5, Avg: 5.5, Max: 5.6, Diff: 0.1, Sum: 44.2]
      [GC Worker End (ms): Min: 468405822.1, Avg: 468405822.1, Max: 468405822.2, Diff: 0.1]
   [Code Root Fixup: 0.0 ms]
   [Code Root Purge: 0.0 ms]
   [Clear CT: 0.6 ms]
   [Other: 3.7 ms]
      [Choose CSet: 0.0 ms]
      [Ref Proc: 3.0 ms]
      [Ref Enq: 0.1 ms]
      [Redirty Cards: 0.1 ms]
      [Humongous Register: 0.0 ms]
      [Humongous Reclaim: 0.0 ms]
      [Free CSet: 0.3 ms]
   [Eden: 7152.0M(7152.0M)->0.0B(7152.0M) Survivors: 16384.0K->16384.0K Heap: 10448.6M(14336.0M)->3296.6M(14336.0M)]
 [Times: user=0.05 sys=0.01, real=0.01 secs] 
2022-07-27T07:33:51.711-0700: 469403.216: [GC pause (G1 Evacuation Pause) (young), 0.0099142 secs]
   [Parallel Time: 6.1 ms, GC Workers: 8]
      [GC Worker Start (ms): Min: 469403215.7, Avg: 469403215.8, Max: 469403215.9, Diff: 0.2]
      [Ext Root Scanning (ms): Min: 1.3, Avg: 2.0, Max: 5.8, Diff: 4.5, Sum: 15.9]
      [Update RS (ms): Min: 0.0, Avg: 0.3, Max: 0.6, Diff: 0.6, Sum: 2.5]
         [Processed Buffers: Min: 0, Avg: 21.5, Max: 67, Diff: 67, Sum: 172]
      [Scan RS (ms): Min: 0.0, Avg: 0.1, Max: 0.2, Diff: 0.1, Sum: 0.6]
      [Code Root Scanning (ms): Min: 0.0, Avg: 0.0, Max: 0.0, Diff: 0.0, Sum: 0.0]
      [Object Copy (ms): Min: 0.0, Avg: 0.5, Max: 0.7, Diff: 0.7, Sum: 3.8]
      [Termination (ms): Min: 0.0, Avg: 2.9, Max: 3.3, Diff: 3.3, Sum: 22.8]
         [Termination Attempts: Min: 1, Avg: 2.8, Max: 4, Diff: 3, Sum: 22]
      [GC Worker Other (ms): Min: 0.0, Avg: 0.0, Max: 0.0, Diff: 0.0, Sum: 0.2]
      [GC Worker Total (ms): Min: 5.7, Avg: 5.7, Max: 5.8, Diff: 0.1, Sum: 46.0]
      [GC Worker End (ms): Min: 469403221.5, Avg: 469403221.6, Max: 469403221.6, Diff: 0.1]
   [Code Root Fixup: 0.0 ms]
   [Code Root Purge: 0.0 ms]
   [Clear CT: 0.6 ms]
   [Other: 3.2 ms]
      [Choose CSet: 0.0 ms]
      [Ref Proc: 2.5 ms]
      [Ref Enq: 0.1 ms]
      [Redirty Cards: 0.1 ms]
      [Humongous Register: 0.1 ms]
      [Humongous Reclaim: 0.0 ms]
      [Free CSet: 0.3 ms]
   [Eden: 7152.0M(7152.0M)->0.0B(7152.0M) Survivors: 16384.0K->16384.0K Heap: 10448.6M(14336.0M)->3296.6M(14336.0M)]
 [Times: user=0.06 sys=0.00, real=0.01 secs] 
2022-07-27T07:50:31.012-0700: 470402.516: [GC pause (G1 Evacuation Pause) (young) (initial-mark), 0.0148427 secs]
   [Parallel Time: 9.2 ms, GC Workers: 8]
      [GC Worker Start (ms): Min: 470402518.4, Avg: 470402518.5, Max: 470402518.6, Diff: 0.2]
      [Ext Root Scanning (ms): Min: 5.9, Avg: 6.1, Max: 6.3, Diff: 0.4, Sum: 48.6]
      [Update RS (ms): Min: 0.2, Avg: 0.3, Max: 0.5, Diff: 0.4, Sum: 2.3]
         [Processed Buffers: Min: 1, Avg: 20.5, Max: 51, Diff: 50, Sum: 164]
      [Scan RS (ms): Min: 0.0, Avg: 0.1, Max: 0.1, Diff: 0.1, Sum: 0.5]
      [Code Root Scanning (ms): Min: 0.0, Avg: 0.0, Max: 0.0, Diff: 0.0, Sum: 0.0]
      [Object Copy (ms): Min: 0.2, Avg: 0.5, Max: 0.7, Diff: 0.5, Sum: 3.7]
      [Termination (ms): Min: 0.0, Avg: 0.1, Max: 0.1, Diff: 0.1, Sum: 0.5]
         [Termination Attempts: Min: 1, Avg: 1.1, Max: 2, Diff: 1, Sum: 9]
      [GC Worker Other (ms): Min: 0.0, Avg: 0.0, Max: 0.1, Diff: 0.0, Sum: 0.3]
      [GC Worker Total (ms): Min: 6.9, Avg: 7.0, Max: 7.1, Diff: 0.2, Sum: 55.8]
      [GC Worker End (ms): Min: 470402525.5, Avg: 470402525.5, Max: 470402525.5, Diff: 0.1]
   [Code Root Fixup: 0.0 ms]
   [Code Root Purge: 0.0 ms]
   [Clear CT: 0.6 ms]
   [Other: 5.0 ms]
      [Choose CSet: 0.0 ms]
      [Ref Proc: 4.2 ms]
      [Ref Enq: 0.1 ms]
      [Redirty Cards: 0.1 ms]
      [Humongous Register: 0.0 ms]
      [Humongous Reclaim: 0.0 ms]
      [Free CSet: 0.3 ms]
   [Eden: 7152.0M(7152.0M)->0.0B(7152.0M) Survivors: 16384.0K->16384.0K Heap: 10448.6M(14336.0M)->3296.7M(14336.0M)]
 [Times: user=0.06 sys=0.00, real=0.02 secs] 
2022-07-27T07:50:31.027-0700: 470402.531: [GC concurrent-root-region-scan-start]
2022-07-27T07:50:31.031-0700: 470402.536: [GC concurrent-root-region-scan-end, 0.0044987 secs]
2022-07-27T07:50:31.031-0700: 470402.536: [GC concurrent-mark-start]
2022-07-27T07:50:33.472-0700: 470404.977: [GC concurrent-mark-end, 2.4406145 secs]
2022-07-27T07:50:33.472-0700: 470404.977: [GC remark 2022-07-27T07:50:33.472-0700: 470404.977: [Finalize Marking, 0.0006225 secs] 2022-07-27T07:50:33.473-0700: 470404.978: [GC ref-proc, 0.0121138 secs] 2022-07-27T07:50:33.485-0700: 470404.990: [Unloading, 0.0269572 secs], 0.0450262 secs]
 [Times: user=0.26 sys=0.00, real=0.05 secs] 
2022-07-27T07:50:33.518-0700: 470405.022: [GC cleanup 3360M->3360M(14336M), 0.0078234 secs]
 [Times: user=0.05 sys=0.00, real=0.01 secs] 
2022-07-27T08:07:24.060-0700: 471415.565: [GC pause (G1 Evacuation Pause) (young), 0.0109833 secs]
   [Parallel Time: 6.0 ms, GC Workers: 8]
      [GC Worker Start (ms): Min: 471415565.3, Avg: 471415565.4, Max: 471415565.4, Diff: 0.2]
      [Ext Root Scanning (ms): Min: 1.2, Avg: 1.9, Max: 5.7, Diff: 4.6, Sum: 15.4]
      [Update RS (ms): Min: 0.0, Avg: 0.4, Max: 0.8, Diff: 0.8, Sum: 2.9]
         [Processed Buffers: Min: 0, Avg: 22.1, Max: 64, Diff: 64, Sum: 177]
      [Scan RS (ms): Min: 0.0, Avg: 0.1, Max: 0.2, Diff: 0.1, Sum: 0.7]
      [Code Root Scanning (ms): Min: 0.0, Avg: 0.0, Max: 0.0, Diff: 0.0, Sum: 0.0]
      [Object Copy (ms): Min: 0.0, Avg: 0.5, Max: 0.7, Diff: 0.7, Sum: 4.2]
      [Termination (ms): Min: 0.0, Avg: 2.8, Max: 3.2, Diff: 3.2, Sum: 22.4]
         [Termination Attempts: Min: 1, Avg: 7.0, Max: 11, Diff: 10, Sum: 56]
      [GC Worker Other (ms): Min: 0.0, Avg: 0.0, Max: 0.1, Diff: 0.0, Sum: 0.2]
      [GC Worker Total (ms): Min: 5.6, Avg: 5.7, Max: 5.8, Diff: 0.1, Sum: 45.8]
      [GC Worker End (ms): Min: 471415571.1, Avg: 471415571.1, Max: 471415571.1, Diff: 0.0]
   [Code Root Fixup: 0.0 ms]
   [Code Root Purge: 0.0 ms]
   [Clear CT: 0.7 ms]
   [Other: 4.3 ms]
      [Choose CSet: 0.0 ms]
      [Ref Proc: 3.6 ms]
      [Ref Enq: 0.1 ms]
      [Redirty Cards: 0.1 ms]
      [Humongous Register: 0.1 ms]
      [Humongous Reclaim: 0.0 ms]
      [Free CSet: 0.3 ms]
   [Eden: 7152.0M(7152.0M)->0.0B(7152.0M) Survivors: 16384.0K->16384.0K Heap: 10448.7M(14336.0M)->3296.6M(14336.0M)]
 [Times: user=0.06 sys=0.00, real=0.01 secs] 
2022-07-27T08:23:59.336-0700: 472410.841: [GC pause (G1 Evacuation Pause) (young), 0.0108849 secs]
   [Parallel Time: 5.7 ms, GC Workers: 8]
      [GC Worker Start (ms): Min: 472410840.8, Avg: 472410840.9, Max: 472410841.0, Diff: 0.2]
      [Ext Root Scanning (ms): Min: 1.1, Avg: 1.8, Max: 5.4, Diff: 4.2, Sum: 14.7]
      [Update RS (ms): Min: 0.0, Avg: 0.3, Max: 0.6, Diff: 0.6, Sum: 2.8]
         [Processed Buffers: Min: 0, Avg: 21.8, Max: 49, Diff: 49, Sum: 174]
      [Scan RS (ms): Min: 0.0, Avg: 0.1, Max: 0.1, Diff: 0.1, Sum: 0.7]
      [Code Root Scanning (ms): Min: 0.0, Avg: 0.0, Max: 0.0, Diff: 0.0, Sum: 0.0]
      [Object Copy (ms): Min: 0.0, Avg: 0.5, Max: 0.8, Diff: 0.8, Sum: 4.3]
      [Termination (ms): Min: 0.0, Avg: 2.5, Max: 2.9, Diff: 2.9, Sum: 20.2]
         [Termination Attempts: Min: 1, Avg: 4.2, Max: 8, Diff: 7, Sum: 34]
      [GC Worker Other (ms): Min: 0.0, Avg: 0.0, Max: 0.0, Diff: 0.0, Sum: 0.2]
      [GC Worker Total (ms): Min: 5.3, Avg: 5.4, Max: 5.4, Diff: 0.2, Sum: 42.8]
      [GC Worker End (ms): Min: 472410846.3, Avg: 472410846.3, Max: 472410846.3, Diff: 0.0]
   [Code Root Fixup: 0.0 ms]
   [Code Root Purge: 0.0 ms]
   [Clear CT: 0.6 ms]
   [Other: 4.6 ms]
      [Choose CSet: 0.0 ms]
      [Ref Proc: 3.9 ms]
      [Ref Enq: 0.1 ms]
      [Redirty Cards: 0.1 ms]
      [Humongous Register: 0.1 ms]
      [Humongous Reclaim: 0.0 ms]
      [Free CSet: 0.3 ms]
   [Eden: 7152.0M(7152.0M)->0.0B(7152.0M) Survivors: 16384.0K->16384.0K Heap: 10448.6M(14336.0M)->3296.6M(14336.0M)]
 [Times: user=0.05 sys=0.01, real=0.01 secs] 
2022-07-27T08:40:44.710-0700: 473416.215: [GC pause (G1 Evacuation Pause) (young) (initial-mark), 0.0148622 secs]
   [Parallel Time: 9.8 ms, GC Workers: 8]
      [GC Worker Start (ms): Min: 473416217.3, Avg: 473416217.4, Max: 473416217.4, Diff: 0.1]
      [Ext Root Scanning (ms): Min: 6.4, Avg: 6.6, Max: 6.9, Diff: 0.5, Sum: 53.0]
      [Update RS (ms): Min: 0.1, Avg: 0.3, Max: 0.5, Diff: 0.3, Sum: 2.0]
         [Processed Buffers: Min: 1, Avg: 20.5, Max: 61, Diff: 60, Sum: 164]
      [Scan RS (ms): Min: 0.0, Avg: 0.1, Max: 0.1, Diff: 0.1, Sum: 0.5]
      [Code Root Scanning (ms): Min: 0.0, Avg: 0.0, Max: 0.0, Diff: 0.0, Sum: 0.0]
      [Object Copy (ms): Min: 0.2, Avg: 0.5, Max: 0.7, Diff: 0.5, Sum: 3.8]
      [Termination (ms): Min: 0.0, Avg: 0.0, Max: 0.0, Diff: 0.0, Sum: 0.2]
         [Termination Attempts: Min: 1, Avg: 6.2, Max: 9, Diff: 8, Sum: 50]
      [GC Worker Other (ms): Min: 0.0, Avg: 0.0, Max: 0.1, Diff: 0.1, Sum: 0.4]
      [GC Worker Total (ms): Min: 7.4, Avg: 7.5, Max: 7.6, Diff: 0.1, Sum: 59.9]
      [GC Worker End (ms): Min: 473416224.8, Avg: 473416224.9, Max: 473416224.9, Diff: 0.1]
   [Code Root Fixup: 0.0 ms]
   [Code Root Purge: 0.0 ms]
   [Clear CT: 0.6 ms]
   [Other: 4.4 ms]
      [Choose CSet: 0.0 ms]
      [Ref Proc: 3.7 ms]
      [Ref Enq: 0.1 ms]
      [Redirty Cards: 0.1 ms]
      [Humongous Register: 0.0 ms]
      [Humongous Reclaim: 0.0 ms]
      [Free CSet: 0.3 ms]
   [Eden: 7152.0M(7152.0M)->0.0B(7152.0M) Survivors: 16384.0K->16384.0K Heap: 10448.6M(14336.0M)->3296.7M(14336.0M)]
 [Times: user=0.06 sys=0.00, real=0.02 secs] 
2022-07-27T08:40:44.725-0700: 473416.230: [GC concurrent-root-region-scan-start]
2022-07-27T08:40:44.730-0700: 473416.235: [GC concurrent-root-region-scan-end, 0.0046218 secs]
2022-07-27T08:40:44.730-0700: 473416.235: [GC concurrent-mark-start]
2022-07-27T08:40:47.182-0700: 473418.687: [GC concurrent-mark-end, 2.4524329 secs]
2022-07-27T08:40:47.183-0700: 473418.688: [GC remark 2022-07-27T08:40:47.183-0700: 473418.688: [Finalize Marking, 0.0003212 secs] 2022-07-27T08:40:47.183-0700: 473418.688: [GC ref-proc, 0.0083524 secs] 2022-07-27T08:40:47.192-0700: 473418.696: [Unloading, 0.0274898 secs], 0.0413448 secs]
 [Times: user=0.26 sys=0.00, real=0.04 secs] 
2022-07-27T08:40:47.225-0700: 473418.729: [GC cleanup 3336M->3336M(14336M), 0.0078955 secs]
 [Times: user=0.06 sys=0.00, real=0.00 secs] 
2022-07-27T08:57:23.662-0700: 474415.166: [GC pause (G1 Evacuation Pause) (young), 0.0112928 secs]
   [Parallel Time: 5.9 ms, GC Workers: 8]
      [GC Worker Start (ms): Min: 474415166.4, Avg: 474415166.5, Max: 474415166.6, Diff: 0.2]
      [Ext Root Scanning (ms): Min: 1.1, Avg: 1.9, Max: 5.7, Diff: 4.6, Sum: 15.2]
      [Update RS (ms): Min: 0.0, Avg: 0.3, Max: 0.6, Diff: 0.6, Sum: 2.5]
         [Processed Buffers: Min: 0, Avg: 22.4, Max: 68, Diff: 68, Sum: 179]
      [Scan RS (ms): Min: 0.0, Avg: 0.1, Max: 0.2, Diff: 0.1, Sum: 0.6]
      [Code Root Scanning (ms): Min: 0.0, Avg: 0.0, Max: 0.0, Diff: 0.0, Sum: 0.0]
      [Object Copy (ms): Min: 0.0, Avg: 0.5, Max: 0.7, Diff: 0.7, Sum: 3.7]
      [Termination (ms): Min: 0.0, Avg: 3.0, Max: 3.4, Diff: 3.4, Sum: 24.0]
         [Termination Attempts: Min: 1, Avg: 5.8, Max: 11, Diff: 10, Sum: 46]
      [GC Worker Other (ms): Min: 0.0, Avg: 0.0, Max: 0.0, Diff: 0.0, Sum: 0.1]
      [GC Worker Total (ms): Min: 5.7, Avg: 5.8, Max: 5.8, Diff: 0.1, Sum: 46.0]
      [GC Worker End (ms): Min: 474415172.2, Avg: 474415172.2, Max: 474415172.3, Diff: 0.0]
   [Code Root Fixup: 0.0 ms]
   [Code Root Purge: 0.0 ms]
   [Clear CT: 0.6 ms]
   [Other: 4.7 ms]
      [Choose CSet: 0.0 ms]
      [Ref Proc: 4.1 ms]
      [Ref Enq: 0.1 ms]
      [Redirty Cards: 0.1 ms]
      [Humongous Register: 0.1 ms]
      [Humongous Reclaim: 0.0 ms]
      [Free CSet: 0.3 ms]
   [Eden: 7152.0M(7152.0M)->0.0B(7152.0M) Survivors: 16384.0K->16384.0K Heap: 10448.7M(14336.0M)->3296.6M(14336.0M)]
 [Times: user=0.06 sys=0.00, real=0.01 secs] 
2022-07-27T09:14:16.963-0700: 475428.468: [GC pause (G1 Evacuation Pause) (young), 0.0115802 secs]
   [Parallel Time: 5.8 ms, GC Workers: 8]
      [GC Worker Start (ms): Min: 475428468.1, Avg: 475428468.1, Max: 475428468.2, Diff: 0.1]
      [Ext Root Scanning (ms): Min: 0.9, Avg: 1.8, Max: 5.5, Diff: 4.5, Sum: 14.8]
      [Update RS (ms): Min: 0.0, Avg: 0.3, Max: 0.7, Diff: 0.7, Sum: 2.5]
         [Processed Buffers: Min: 0, Avg: 21.6, Max: 70, Diff: 70, Sum: 173]
      [Scan RS (ms): Min: 0.0, Avg: 0.1, Max: 0.2, Diff: 0.1, Sum: 0.6]
      [Code Root Scanning (ms): Min: 0.0, Avg: 0.0, Max: 0.0, Diff: 0.0, Sum: 0.0]
      [Object Copy (ms): Min: 0.0, Avg: 0.6, Max: 1.5, Diff: 1.5, Sum: 4.7]
      [Termination (ms): Min: 0.0, Avg: 2.6, Max: 3.0, Diff: 3.0, Sum: 21.0]
         [Termination Attempts: Min: 1, Avg: 1.6, Max: 3, Diff: 2, Sum: 13]
      [GC Worker Other (ms): Min: 0.0, Avg: 0.0, Max: 0.0, Diff: 0.0, Sum: 0.2]
      [GC Worker Total (ms): Min: 5.4, Avg: 5.5, Max: 5.5, Diff: 0.1, Sum: 43.8]
      [GC Worker End (ms): Min: 475428473.6, Avg: 475428473.6, Max: 475428473.6, Diff: 0.0]
   [Code Root Fixup: 0.0 ms]
   [Code Root Purge: 0.0 ms]
   [Clear CT: 0.6 ms]
   [Other: 5.1 ms]
      [Choose CSet: 0.0 ms]
      [Ref Proc: 4.4 ms]
      [Ref Enq: 0.1 ms]
      [Redirty Cards: 0.1 ms]
      [Humongous Register: 0.1 ms]
      [Humongous Reclaim: 0.0 ms]
      [Free CSet: 0.3 ms]
   [Eden: 7152.0M(7152.0M)->0.0B(7152.0M) Survivors: 16384.0K->16384.0K Heap: 10448.6M(14336.0M)->3296.7M(14336.0M)]
 [Times: user=0.05 sys=0.00, real=0.01 secs] 
2022-07-27T09:30:57.562-0700: 476429.067: [GC pause (G1 Evacuation Pause) (young) (initial-mark), 0.0150318 secs]
   [Parallel Time: 9.8 ms, GC Workers: 8]
      [GC Worker Start (ms): Min: 476429068.8, Avg: 476429068.9, Max: 476429068.9, Diff: 0.1]
      [Ext Root Scanning (ms): Min: 6.2, Avg: 6.4, Max: 6.8, Diff: 0.5, Sum: 51.6]
      [Update RS (ms): Min: 0.2, Avg: 0.3, Max: 0.5, Diff: 0.4, Sum: 2.3]
         [Processed Buffers: Min: 1, Avg: 21.2, Max: 59, Diff: 58, Sum: 170]
      [Scan RS (ms): Min: 0.0, Avg: 0.1, Max: 0.1, Diff: 0.1, Sum: 0.5]
      [Code Root Scanning (ms): Min: 0.0, Avg: 0.0, Max: 0.0, Diff: 0.0, Sum: 0.0]
      [Object Copy (ms): Min: 0.3, Avg: 0.5, Max: 0.7, Diff: 0.5, Sum: 4.2]
      [Termination (ms): Min: 0.0, Avg: 0.0, Max: 0.0, Diff: 0.0, Sum: 0.3]
         [Termination Attempts: Min: 1, Avg: 5.2, Max: 8, Diff: 7, Sum: 42]
      [GC Worker Other (ms): Min: 0.0, Avg: 0.0, Max: 0.1, Diff: 0.1, Sum: 0.3]
      [GC Worker Total (ms): Min: 7.3, Avg: 7.4, Max: 7.5, Diff: 0.2, Sum: 59.3]
      [GC Worker End (ms): Min: 476429076.2, Avg: 476429076.3, Max: 476429076.4, Diff: 0.1]
   [Code Root Fixup: 0.0 ms]
   [Code Root Purge: 0.0 ms]
   [Clear CT: 0.6 ms]
   [Other: 4.7 ms]
      [Choose CSet: 0.0 ms]
      [Ref Proc: 3.9 ms]
      [Ref Enq: 0.1 ms]
      [Redirty Cards: 0.1 ms]
      [Humongous Register: 0.0 ms]
      [Humongous Reclaim: 0.0 ms]
      [Free CSet: 0.3 ms]
   [Eden: 7152.0M(7152.0M)->0.0B(7152.0M) Survivors: 16384.0K->16384.0K Heap: 10448.7M(14336.0M)->3296.6M(14336.0M)]
 [Times: user=0.06 sys=0.00, real=0.02 secs] 
2022-07-27T09:30:57.577-0700: 476429.082: [GC concurrent-root-region-scan-start]
2022-07-27T09:30:57.582-0700: 476429.086: [GC concurrent-root-region-scan-end, 0.0047165 secs]
2022-07-27T09:30:57.582-0700: 476429.086: [GC concurrent-mark-start]
2022-07-27T09:31:00.004-0700: 476431.509: [GC concurrent-mark-end, 2.4221111 secs]
2022-07-27T09:31:00.004-0700: 476431.509: [GC remark 2022-07-27T09:31:00.004-0700: 476431.509: [Finalize Marking, 0.0002382 secs] 2022-07-27T09:31:00.004-0700: 476431.509: [GC ref-proc, 0.0104249 secs] 2022-07-27T09:31:00.015-0700: 476431.520: [Unloading, 0.0276504 secs], 0.0436309 secs]
 [Times: user=0.25 sys=0.00, real=0.04 secs] 
2022-07-27T09:31:00.048-0700: 476431.553: [GC cleanup 3336M->3336M(14336M), 0.0078485 secs]
 [Times: user=0.05 sys=0.00, real=0.01 secs] 
2022-07-27T09:47:33.663-0700: 477425.167: [GC pause (G1 Evacuation Pause) (young), 0.0107418 secs]
   [Parallel Time: 5.4 ms, GC Workers: 8]
      [GC Worker Start (ms): Min: 477425167.6, Avg: 477425167.7, Max: 477425167.7, Diff: 0.1]
      [Ext Root Scanning (ms): Min: 1.1, Avg: 1.8, Max: 5.2, Diff: 4.1, Sum: 14.7]
      [Update RS (ms): Min: 0.0, Avg: 0.3, Max: 0.7, Diff: 0.7, Sum: 2.5]
         [Processed Buffers: Min: 0, Avg: 21.2, Max: 55, Diff: 55, Sum: 170]
      [Scan RS (ms): Min: 0.0, Avg: 0.1, Max: 0.2, Diff: 0.1, Sum: 0.6]
      [Code Root Scanning (ms): Min: 0.0, Avg: 0.0, Max: 0.0, Diff: 0.0, Sum: 0.0]
      [Object Copy (ms): Min: 0.0, Avg: 0.4, Max: 0.6, Diff: 0.6, Sum: 3.5]
      [Termination (ms): Min: 0.0, Avg: 2.6, Max: 2.9, Diff: 2.9, Sum: 20.4]
         [Termination Attempts: Min: 1, Avg: 1.6, Max: 3, Diff: 2, Sum: 13]
      [GC Worker Other (ms): Min: 0.0, Avg: 0.0, Max: 0.0, Diff: 0.0, Sum: 0.1]
      [GC Worker Total (ms): Min: 5.2, Avg: 5.2, Max: 5.3, Diff: 0.1, Sum: 41.9]
      [GC Worker End (ms): Min: 477425172.9, Avg: 477425172.9, Max: 477425172.9, Diff: 0.0]
   [Code Root Fixup: 0.0 ms]
   [Code Root Purge: 0.0 ms]
   [Clear CT: 0.6 ms]
   [Other: 4.7 ms]
      [Choose CSet: 0.0 ms]
      [Ref Proc: 4.0 ms]
      [Ref Enq: 0.2 ms]
      [Redirty Cards: 0.1 ms]
      [Humongous Register: 0.1 ms]
      [Humongous Reclaim: 0.0 ms]
      [Free CSet: 0.3 ms]
   [Eden: 7152.0M(7152.0M)->0.0B(7152.0M) Survivors: 16384.0K->16384.0K Heap: 10448.6M(14336.0M)->3296.6M(14336.0M)]
 [Times: user=0.05 sys=0.00, real=0.00 secs] 
2022-07-27T10:04:09.311-0700: 478420.816: [GC pause (G1 Evacuation Pause) (young), 0.0109849 secs]
   [Parallel Time: 5.9 ms, GC Workers: 8]
      [GC Worker Start (ms): Min: 478420816.2, Avg: 478420816.3, Max: 478420816.3, Diff: 0.1]
      [Ext Root Scanning (ms): Min: 1.2, Avg: 1.9, Max: 5.7, Diff: 4.5, Sum: 15.5]
      [Update RS (ms): Min: 0.0, Avg: 0.4, Max: 0.8, Diff: 0.8, Sum: 2.8]
         [Processed Buffers: Min: 0, Avg: 21.4, Max: 47, Diff: 47, Sum: 171]
      [Scan RS (ms): Min: 0.0, Avg: 0.1, Max: 0.2, Diff: 0.1, Sum: 0.7]
      [Code Root Scanning (ms): Min: 0.0, Avg: 0.0, Max: 0.0, Diff: 0.0, Sum: 0.0]
      [Object Copy (ms): Min: 0.0, Avg: 0.5, Max: 0.7, Diff: 0.7, Sum: 4.1]
      [Termination (ms): Min: 0.0, Avg: 2.8, Max: 3.2, Diff: 3.2, Sum: 22.3]
         [Termination Attempts: Min: 1, Avg: 3.2, Max: 5, Diff: 4, Sum: 26]
      [GC Worker Other (ms): Min: 0.0, Avg: 0.0, Max: 0.0, Diff: 0.0, Sum: 0.1]
      [GC Worker Total (ms): Min: 5.6, Avg: 5.7, Max: 5.7, Diff: 0.1, Sum: 45.4]
      [GC Worker End (ms): Min: 478420821.9, Avg: 478420821.9, Max: 478420822.0, Diff: 0.0]
   [Code Root Fixup: 0.0 ms]
   [Code Root Purge: 0.0 ms]
   [Clear CT: 0.6 ms]
   [Other: 4.5 ms]
      [Choose CSet: 0.0 ms]
      [Ref Proc: 3.8 ms]
      [Ref Enq: 0.1 ms]
      [Redirty Cards: 0.1 ms]
      [Humongous Register: 0.1 ms]
      [Humongous Reclaim: 0.0 ms]
      [Free CSet: 0.3 ms]
   [Eden: 7152.0M(7152.0M)->0.0B(7152.0M) Survivors: 16384.0K->16384.0K Heap: 10448.6M(14336.0M)->3296.7M(14336.0M)]
 [Times: user=0.05 sys=0.01, real=0.01 secs] 
2022-07-27T10:20:56.751-0700: 479428.256: [GC pause (G1 Evacuation Pause) (young) (initial-mark), 0.0164587 secs]
   [Parallel Time: 10.5 ms, GC Workers: 8]
      [GC Worker Start (ms): Min: 479428257.9, Avg: 479428258.0, Max: 479428258.1, Diff: 0.2]
      [Ext Root Scanning (ms): Min: 6.7, Avg: 7.0, Max: 7.2, Diff: 0.5, Sum: 55.7]
      [Update RS (ms): Min: 0.2, Avg: 0.3, Max: 0.6, Diff: 0.4, Sum: 2.5]
         [Processed Buffers: Min: 1, Avg: 21.6, Max: 58, Diff: 57, Sum: 173]
      [Scan RS (ms): Min: 0.0, Avg: 0.1, Max: 0.1, Diff: 0.1, Sum: 0.6]
      [Code Root Scanning (ms): Min: 0.0, Avg: 0.0, Max: 0.0, Diff: 0.0, Sum: 0.0]
      [Object Copy (ms): Min: 0.3, Avg: 0.5, Max: 0.8, Diff: 0.5, Sum: 4.2]
      [Termination (ms): Min: 0.0, Avg: 0.0, Max: 0.0, Diff: 0.0, Sum: 0.3]
         [Termination Attempts: Min: 1, Avg: 1.0, Max: 1, Diff: 0, Sum: 8]
      [GC Worker Other (ms): Min: 0.0, Avg: 0.0, Max: 0.1, Diff: 0.1, Sum: 0.3]
      [GC Worker Total (ms): Min: 7.8, Avg: 7.9, Max: 8.1, Diff: 0.2, Sum: 63.5]
      [GC Worker End (ms): Min: 479428265.9, Avg: 479428266.0, Max: 479428266.0, Diff: 0.1]
   [Code Root Fixup: 0.0 ms]
   [Code Root Purge: 0.0 ms]
   [Clear CT: 0.7 ms]
   [Other: 5.2 ms]
      [Choose CSet: 0.0 ms]
      [Ref Proc: 4.5 ms]
      [Ref Enq: 0.1 ms]
      [Redirty Cards: 0.1 ms]
      [Humongous Register: 0.0 ms]
      [Humongous Reclaim: 0.0 ms]
      [Free CSet: 0.3 ms]
   [Eden: 7152.0M(7152.0M)->0.0B(7152.0M) Survivors: 16384.0K->16384.0K Heap: 10448.7M(14336.0M)->3296.7M(14336.0M)]
 [Times: user=0.06 sys=0.00, real=0.02 secs] 
2022-07-27T10:20:56.767-0700: 479428.272: [GC concurrent-root-region-scan-start]
2022-07-27T10:20:56.772-0700: 479428.277: [GC concurrent-root-region-scan-end, 0.0046277 secs]
2022-07-27T10:20:56.772-0700: 479428.277: [GC concurrent-mark-start]
2022-07-27T10:20:59.207-0700: 479430.712: [GC concurrent-mark-end, 2.4353653 secs]
2022-07-27T10:20:59.208-0700: 479430.713: [GC remark 2022-07-27T10:20:59.208-0700: 479430.713: [Finalize Marking, 0.0004242 secs] 2022-07-27T10:20:59.208-0700: 479430.713: [GC ref-proc, 0.0094174 secs] 2022-07-27T10:20:59.218-0700: 479430.723: [Unloading, 0.0272648 secs], 0.0424535 secs]
 [Times: user=0.25 sys=0.00, real=0.04 secs] 
2022-07-27T10:20:59.251-0700: 479430.755: [GC cleanup 3336M->3336M(14336M), 0.0081028 secs]
 [Times: user=0.06 sys=0.00, real=0.01 secs] 
2022-07-27T10:37:42.392-0700: 480433.897: [GC pause (G1 Evacuation Pause) (young), 0.0116835 secs]
   [Parallel Time: 6.4 ms, GC Workers: 8]
      [GC Worker Start (ms): Min: 480433897.2, Avg: 480433897.2, Max: 480433897.3, Diff: 0.1]
      [Ext Root Scanning (ms): Min: 1.2, Avg: 2.0, Max: 6.0, Diff: 4.8, Sum: 15.9]
      [Update RS (ms): Min: 0.0, Avg: 0.4, Max: 0.8, Diff: 0.8, Sum: 2.9]
         [Processed Buffers: Min: 0, Avg: 20.8, Max: 54, Diff: 54, Sum: 166]
      [Scan RS (ms): Min: 0.0, Avg: 0.1, Max: 0.2, Diff: 0.1, Sum: 0.8]
      [Code Root Scanning (ms): Min: 0.0, Avg: 0.0, Max: 0.0, Diff: 0.0, Sum: 0.0]
      [Object Copy (ms): Min: 0.0, Avg: 0.5, Max: 0.7, Diff: 0.7, Sum: 4.0]
      [Termination (ms): Min: 0.0, Avg: 3.0, Max: 3.4, Diff: 3.4, Sum: 24.0]
         [Termination Attempts: Min: 1, Avg: 1.6, Max: 3, Diff: 2, Sum: 13]
      [GC Worker Other (ms): Min: 0.0, Avg: 0.0, Max: 0.1, Diff: 0.0, Sum: 0.2]
      [GC Worker Total (ms): Min: 5.9, Avg: 6.0, Max: 6.0, Diff: 0.1, Sum: 47.8]
      [GC Worker End (ms): Min: 480433903.2, Avg: 480433903.2, Max: 480433903.2, Diff: 0.0]
   [Code Root Fixup: 0.0 ms]
   [Code Root Purge: 0.0 ms]
   [Clear CT: 0.5 ms]
   [Other: 4.7 ms]
      [Choose CSet: 0.0 ms]
      [Ref Proc: 4.1 ms]
      [Ref Enq: 0.1 ms]
      [Redirty Cards: 0.1 ms]
      [Humongous Register: 0.1 ms]
      [Humongous Reclaim: 0.0 ms]
      [Free CSet: 0.3 ms]
   [Eden: 7152.0M(7152.0M)->0.0B(7152.0M) Survivors: 16384.0K->16384.0K Heap: 10448.7M(14336.0M)->3296.6M(14336.0M)]
 [Times: user=0.05 sys=0.00, real=0.02 secs] 
2022-07-27T10:54:13.064-0700: 481424.568: [GC pause (G1 Evacuation Pause) (young), 0.0092610 secs]
   [Parallel Time: 5.4 ms, GC Workers: 8]
      [GC Worker Start (ms): Min: 481424568.6, Avg: 481424568.6, Max: 481424568.7, Diff: 0.1]
      [Ext Root Scanning (ms): Min: 1.2, Avg: 1.9, Max: 5.3, Diff: 4.1, Sum: 14.9]
      [Update RS (ms): Min: 0.0, Avg: 0.3, Max: 0.6, Diff: 0.6, Sum: 2.6]
         [Processed Buffers: Min: 0, Avg: 21.1, Max: 48, Diff: 48, Sum: 169]
      [Scan RS (ms): Min: 0.0, Avg: 0.1, Max: 0.2, Diff: 0.1, Sum: 0.7]
      [Code Root Scanning (ms): Min: 0.0, Avg: 0.0, Max: 0.0, Diff: 0.0, Sum: 0.0]
      [Object Copy (ms): Min: 0.0, Avg: 0.6, Max: 0.8, Diff: 0.8, Sum: 4.6]
      [Termination (ms): Min: 0.0, Avg: 2.4, Max: 2.8, Diff: 2.8, Sum: 19.3]
         [Termination Attempts: Min: 1, Avg: 2.4, Max: 4, Diff: 3, Sum: 19]
      [GC Worker Other (ms): Min: 0.0, Avg: 0.0, Max: 0.0, Diff: 0.0, Sum: 0.1]
      [GC Worker Total (ms): Min: 5.2, Avg: 5.3, Max: 5.3, Diff: 0.1, Sum: 42.2]
      [GC Worker End (ms): Min: 481424573.9, Avg: 481424573.9, Max: 481424573.9, Diff: 0.0]
   [Code Root Fixup: 0.0 ms]
   [Code Root Purge: 0.0 ms]
   [Clear CT: 0.6 ms]
   [Other: 3.3 ms]
      [Choose CSet: 0.0 ms]
      [Ref Proc: 2.7 ms]
      [Ref Enq: 0.1 ms]
      [Redirty Cards: 0.1 ms]
      [Humongous Register: 0.0 ms]
      [Humongous Reclaim: 0.0 ms]
      [Free CSet: 0.3 ms]
   [Eden: 7152.0M(7152.0M)->0.0B(7152.0M) Survivors: 16384.0K->16384.0K Heap: 10448.6M(14336.0M)->3296.8M(14336.0M)]
 [Times: user=0.04 sys=0.01, real=0.00 secs] 
2022-07-27T11:10:51.461-0700: 482422.966: [GC pause (G1 Evacuation Pause) (young) (initial-mark), 0.0148708 secs]
   [Parallel Time: 9.7 ms, GC Workers: 8]
      [GC Worker Start (ms): Min: 482422967.8, Avg: 482422967.9, Max: 482422967.9, Diff: 0.1]
      [Ext Root Scanning (ms): Min: 6.1, Avg: 6.3, Max: 6.5, Diff: 0.5, Sum: 50.1]
      [Update RS (ms): Min: 0.1, Avg: 0.3, Max: 0.5, Diff: 0.4, Sum: 2.4]
         [Processed Buffers: Min: 1, Avg: 22.0, Max: 53, Diff: 52, Sum: 176]
      [Scan RS (ms): Min: 0.0, Avg: 0.1, Max: 0.1, Diff: 0.1, Sum: 0.6]
      [Code Root Scanning (ms): Min: 0.0, Avg: 0.0, Max: 0.0, Diff: 0.0, Sum: 0.0]
      [Object Copy (ms): Min: 0.2, Avg: 0.5, Max: 0.7, Diff: 0.5, Sum: 3.7]
      [Termination (ms): Min: 0.0, Avg: 0.0, Max: 0.0, Diff: 0.0, Sum: 0.2]
         [Termination Attempts: Min: 1, Avg: 1.5, Max: 3, Diff: 2, Sum: 12]
      [GC Worker Other (ms): Min: 0.0, Avg: 0.0, Max: 0.1, Diff: 0.1, Sum: 0.3]
      [GC Worker Total (ms): Min: 7.1, Avg: 7.2, Max: 7.3, Diff: 0.2, Sum: 57.3]
      [GC Worker End (ms): Min: 482422975.0, Avg: 482422975.0, Max: 482422975.1, Diff: 0.1]
   [Code Root Fixup: 0.0 ms]
   [Code Root Purge: 0.0 ms]
   [Clear CT: 0.6 ms]
   [Other: 4.5 ms]
      [Choose CSet: 0.0 ms]
      [Ref Proc: 3.8 ms]
      [Ref Enq: 0.1 ms]
      [Redirty Cards: 0.1 ms]
      [Humongous Register: 0.0 ms]
      [Humongous Reclaim: 0.0 ms]
      [Free CSet: 0.3 ms]
   [Eden: 7152.0M(7152.0M)->0.0B(7152.0M) Survivors: 16384.0K->16384.0K Heap: 10448.8M(14336.0M)->3296.6M(14336.0M)]
 [Times: user=0.05 sys=0.01, real=0.02 secs] 
2022-07-27T11:10:51.476-0700: 482422.981: [GC concurrent-root-region-scan-start]
2022-07-27T11:10:51.481-0700: 482422.986: [GC concurrent-root-region-scan-end, 0.0052348 secs]
2022-07-27T11:10:51.481-0700: 482422.986: [GC concurrent-mark-start]
2022-07-27T11:10:53.906-0700: 482425.411: [GC concurrent-mark-end, 2.4249816 secs]
2022-07-27T11:10:53.906-0700: 482425.411: [GC remark 2022-07-27T11:10:53.906-0700: 482425.411: [Finalize Marking, 0.0002492 secs] 2022-07-27T11:10:53.907-0700: 482425.412: [GC ref-proc, 0.0102493 secs] 2022-07-27T11:10:53.917-0700: 482425.422: [Unloading, 0.0269536 secs], 0.0426425 secs]
 [Times: user=0.25 sys=0.00, real=0.04 secs] 
2022-07-27T11:10:53.949-0700: 482425.454: [GC cleanup 3336M->3336M(14336M), 0.0083433 secs]
 [Times: user=0.06 sys=0.00, real=0.01 secs] 
2022-07-27T11:27:22.813-0700: 483414.318: [GC pause (G1 Evacuation Pause) (young), 0.0087950 secs]
   [Parallel Time: 5.3 ms, GC Workers: 8]
      [GC Worker Start (ms): Min: 483414318.1, Avg: 483414318.1, Max: 483414318.2, Diff: 0.1]
      [Ext Root Scanning (ms): Min: 1.2, Avg: 1.8, Max: 5.2, Diff: 4.0, Sum: 14.5]
      [Update RS (ms): Min: 0.0, Avg: 0.3, Max: 0.6, Diff: 0.6, Sum: 2.1]
         [Processed Buffers: Min: 0, Avg: 21.4, Max: 55, Diff: 55, Sum: 171]
      [Scan RS (ms): Min: 0.0, Avg: 0.1, Max: 0.1, Diff: 0.1, Sum: 0.5]
      [Code Root Scanning (ms): Min: 0.0, Avg: 0.0, Max: 0.0, Diff: 0.0, Sum: 0.0]
      [Object Copy (ms): Min: 0.0, Avg: 0.4, Max: 0.6, Diff: 0.6, Sum: 3.3]
      [Termination (ms): Min: 0.0, Avg: 2.6, Max: 3.0, Diff: 3.0, Sum: 20.7]
         [Termination Attempts: Min: 1, Avg: 1.9, Max: 3, Diff: 2, Sum: 15]
      [GC Worker Other (ms): Min: 0.0, Avg: 0.0, Max: 0.0, Diff: 0.0, Sum: 0.1]
      [GC Worker Total (ms): Min: 5.1, Avg: 5.2, Max: 5.2, Diff: 0.1, Sum: 41.2]
      [GC Worker End (ms): Min: 483414323.3, Avg: 483414323.3, Max: 483414323.3, Diff: 0.0]
   [Code Root Fixup: 0.0 ms]
   [Code Root Purge: 0.0 ms]
   [Clear CT: 0.6 ms]
   [Other: 2.9 ms]
      [Choose CSet: 0.0 ms]
      [Ref Proc: 2.1 ms]
      [Ref Enq: 0.2 ms]
      [Redirty Cards: 0.1 ms]
      [Humongous Register: 0.1 ms]
      [Humongous Reclaim: 0.0 ms]
      [Free CSet: 0.3 ms]
   [Eden: 7152.0M(7152.0M)->0.0B(7152.0M) Survivors: 16384.0K->16384.0K Heap: 10448.6M(14336.0M)->3296.7M(14336.0M)]
 [Times: user=0.05 sys=0.00, real=0.01 secs] 
2022-07-27T11:43:47.314-0700: 484398.818: [GC pause (G1 Evacuation Pause) (young), 0.0114447 secs]
   [Parallel Time: 5.9 ms, GC Workers: 8]
      [GC Worker Start (ms): Min: 484398818.6, Avg: 484398818.7, Max: 484398818.7, Diff: 0.1]
      [Ext Root Scanning (ms): Min: 1.1, Avg: 1.8, Max: 5.6, Diff: 4.5, Sum: 14.3]
      [Update RS (ms): Min: 0.0, Avg: 0.3, Max: 0.6, Diff: 0.6, Sum: 2.2]
         [Processed Buffers: Min: 0, Avg: 20.2, Max: 46, Diff: 46, Sum: 162]
      [Scan RS (ms): Min: 0.0, Avg: 0.1, Max: 0.2, Diff: 0.1, Sum: 0.5]
      [Code Root Scanning (ms): Min: 0.0, Avg: 0.0, Max: 0.0, Diff: 0.0, Sum: 0.0]
      [Object Copy (ms): Min: 0.0, Avg: 0.5, Max: 1.2, Diff: 1.2, Sum: 4.1]
      [Termination (ms): Min: 0.0, Avg: 2.9, Max: 3.4, Diff: 3.4, Sum: 23.2]
         [Termination Attempts: Min: 1, Avg: 1.4, Max: 2, Diff: 1, Sum: 11]
      [GC Worker Other (ms): Min: 0.0, Avg: 0.0, Max: 0.0, Diff: 0.0, Sum: 0.2]
      [GC Worker Total (ms): Min: 5.5, Avg: 5.6, Max: 5.7, Diff: 0.2, Sum: 44.6]
      [GC Worker End (ms): Min: 484398824.2, Avg: 484398824.2, Max: 484398824.2, Diff: 0.0]
   [Code Root Fixup: 0.0 ms]
   [Code Root Purge: 0.0 ms]
   [Clear CT: 0.6 ms]
   [Other: 4.9 ms]
      [Choose CSet: 0.0 ms]
      [Ref Proc: 4.2 ms]
      [Ref Enq: 0.1 ms]
      [Redirty Cards: 0.1 ms]
      [Humongous Register: 0.0 ms]
      [Humongous Reclaim: 0.0 ms]
      [Free CSet: 0.3 ms]
   [Eden: 7152.0M(7152.0M)->0.0B(7152.0M) Survivors: 16384.0K->16384.0K Heap: 10448.7M(14336.0M)->3296.8M(14336.0M)]
 [Times: user=0.05 sys=0.00, real=0.02 secs] 
2022-07-27T12:00:31.312-0700: 485402.817: [GC pause (G1 Evacuation Pause) (young) (initial-mark), 0.0157379 secs]
   [Parallel Time: 10.1 ms, GC Workers: 8]
      [GC Worker Start (ms): Min: 485402819.2, Avg: 485402819.2, Max: 485402819.3, Diff: 0.2]
      [Ext Root Scanning (ms): Min: 6.5, Avg: 6.7, Max: 7.0, Diff: 0.5, Sum: 54.0]
      [Update RS (ms): Min: 0.2, Avg: 0.3, Max: 0.5, Diff: 0.3, Sum: 2.2]
         [Processed Buffers: Min: 1, Avg: 21.4, Max: 59, Diff: 58, Sum: 171]
      [Scan RS (ms): Min: 0.0, Avg: 0.1, Max: 0.1, Diff: 0.1, Sum: 0.5]
      [Code Root Scanning (ms): Min: 0.0, Avg: 0.0, Max: 0.0, Diff: 0.0, Sum: 0.0]
      [Object Copy (ms): Min: 0.2, Avg: 0.5, Max: 0.7, Diff: 0.5, Sum: 3.8]
      [Termination (ms): Min: 0.0, Avg: 0.1, Max: 0.1, Diff: 0.1, Sum: 0.5]
         [Termination Attempts: Min: 1, Avg: 2.4, Max: 4, Diff: 3, Sum: 19]
      [GC Worker Other (ms): Min: 0.0, Avg: 0.0, Max: 0.1, Diff: 0.1, Sum: 0.3]
      [GC Worker Total (ms): Min: 7.5, Avg: 7.7, Max: 7.8, Diff: 0.2, Sum: 61.2]
      [GC Worker End (ms): Min: 485402826.9, Avg: 485402826.9, Max: 485402826.9, Diff: 0.1]
   [Code Root Fixup: 0.0 ms]
   [Code Root Purge: 0.0 ms]
   [Clear CT: 0.6 ms]
   [Other: 5.0 ms]
      [Choose CSet: 0.0 ms]
      [Ref Proc: 4.3 ms]
      [Ref Enq: 0.1 ms]
      [Redirty Cards: 0.1 ms]
      [Humongous Register: 0.1 ms]
      [Humongous Reclaim: 0.0 ms]
      [Free CSet: 0.3 ms]
   [Eden: 7152.0M(7152.0M)->0.0B(7152.0M) Survivors: 16384.0K->16384.0K Heap: 10448.8M(14336.0M)->3296.7M(14336.0M)]
 [Times: user=0.05 sys=0.00, real=0.02 secs] 
2022-07-27T12:00:31.328-0700: 485402.833: [GC concurrent-root-region-scan-start]
2022-07-27T12:00:31.333-0700: 485402.838: [GC concurrent-root-region-scan-end, 0.0047570 secs]
2022-07-27T12:00:31.333-0700: 485402.838: [GC concurrent-mark-start]
2022-07-27T12:00:33.778-0700: 485405.282: [GC concurrent-mark-end, 2.4448075 secs]
2022-07-27T12:00:33.778-0700: 485405.283: [GC remark 2022-07-27T12:00:33.778-0700: 485405.283: [Finalize Marking, 0.0003354 secs] 2022-07-27T12:00:33.779-0700: 485405.283: [GC ref-proc, 0.0083585 secs] 2022-07-27T12:00:33.787-0700: 485405.292: [Unloading, 0.0276229 secs], 0.0416360 secs]
 [Times: user=0.25 sys=0.00, real=0.04 secs] 
2022-07-27T12:00:33.820-0700: 485405.325: [GC cleanup 3336M->3336M(14336M), 0.0079857 secs]
 [Times: user=0.06 sys=0.00, real=0.01 secs] 
2022-07-27T12:17:10.861-0700: 486402.366: [GC pause (G1 Evacuation Pause) (young), 0.0099683 secs]
   [Parallel Time: 6.2 ms, GC Workers: 8]
      [GC Worker Start (ms): Min: 486402366.0, Avg: 486402366.1, Max: 486402366.2, Diff: 0.2]
      [Ext Root Scanning (ms): Min: 1.2, Avg: 2.0, Max: 6.0, Diff: 4.8, Sum: 16.4]
      [Update RS (ms): Min: 0.0, Avg: 0.3, Max: 0.7, Diff: 0.7, Sum: 2.7]
         [Processed Buffers: Min: 0, Avg: 20.8, Max: 61, Diff: 61, Sum: 166]
      [Scan RS (ms): Min: 0.0, Avg: 0.1, Max: 0.2, Diff: 0.2, Sum: 0.7]
      [Code Root Scanning (ms): Min: 0.0, Avg: 0.0, Max: 0.0, Diff: 0.0, Sum: 0.0]
      [Object Copy (ms): Min: 0.0, Avg: 0.5, Max: 0.7, Diff: 0.7, Sum: 3.8]
      [Termination (ms): Min: 0.0, Avg: 3.0, Max: 3.5, Diff: 3.5, Sum: 24.2]
         [Termination Attempts: Min: 1, Avg: 2.6, Max: 4, Diff: 3, Sum: 21]
      [GC Worker Other (ms): Min: 0.0, Avg: 0.0, Max: 0.0, Diff: 0.0, Sum: 0.1]
      [GC Worker Total (ms): Min: 5.9, Avg: 6.0, Max: 6.1, Diff: 0.2, Sum: 48.0]
      [GC Worker End (ms): Min: 486402372.1, Avg: 486402372.1, Max: 486402372.1, Diff: 0.0]
   [Code Root Fixup: 0.0 ms]
   [Code Root Purge: 0.0 ms]
   [Clear CT: 0.6 ms]
   [Other: 3.2 ms]
      [Choose CSet: 0.0 ms]
      [Ref Proc: 2.5 ms]
      [Ref Enq: 0.1 ms]
      [Redirty Cards: 0.1 ms]
      [Humongous Register: 0.1 ms]
      [Humongous Reclaim: 0.0 ms]
      [Free CSet: 0.3 ms]
   [Eden: 7152.0M(7152.0M)->0.0B(7152.0M) Survivors: 16384.0K->16384.0K Heap: 10448.7M(14336.0M)->3296.6M(14336.0M)]
 [Times: user=0.06 sys=0.00, real=0.01 secs] 
2022-07-27T12:33:37.212-0700: 487388.717: [GC pause (G1 Evacuation Pause) (young), 0.0092365 secs]
   [Parallel Time: 6.2 ms, GC Workers: 8]
      [GC Worker Start (ms): Min: 487388717.1, Avg: 487388717.1, Max: 487388717.2, Diff: 0.1]
      [Ext Root Scanning (ms): Min: 1.2, Avg: 2.0, Max: 5.9, Diff: 4.7, Sum: 15.8]
      [Update RS (ms): Min: 0.0, Avg: 0.4, Max: 0.8, Diff: 0.8, Sum: 2.8]
         [Processed Buffers: Min: 0, Avg: 20.9, Max: 64, Diff: 64, Sum: 167]
      [Scan RS (ms): Min: 0.0, Avg: 0.1, Max: 0.2, Diff: 0.1, Sum: 0.6]
      [Code Root Scanning (ms): Min: 0.0, Avg: 0.0, Max: 0.0, Diff: 0.0, Sum: 0.0]
      [Object Copy (ms): Min: 0.0, Avg: 0.5, Max: 0.7, Diff: 0.7, Sum: 3.9]
      [Termination (ms): Min: 0.0, Avg: 3.0, Max: 3.4, Diff: 3.4, Sum: 24.0]
         [Termination Attempts: Min: 1, Avg: 1.5, Max: 3, Diff: 2, Sum: 12]
      [GC Worker Other (ms): Min: 0.0, Avg: 0.0, Max: 0.0, Diff: 0.0, Sum: 0.1]
      [GC Worker Total (ms): Min: 5.9, Avg: 5.9, Max: 6.0, Diff: 0.1, Sum: 47.3]
      [GC Worker End (ms): Min: 487388723.0, Avg: 487388723.0, Max: 487388723.1, Diff: 0.0]
   [Code Root Fixup: 0.0 ms]
   [Code Root Purge: 0.0 ms]
   [Clear CT: 0.6 ms]
   [Other: 2.4 ms]
      [Choose CSet: 0.0 ms]
      [Ref Proc: 1.7 ms]
      [Ref Enq: 0.1 ms]
      [Redirty Cards: 0.1 ms]
      [Humongous Register: 0.1 ms]
      [Humongous Reclaim: 0.0 ms]
      [Free CSet: 0.3 ms]
   [Eden: 7152.0M(7152.0M)->0.0B(7152.0M) Survivors: 16384.0K->16384.0K Heap: 10448.6M(14336.0M)->3296.7M(14336.0M)]
 [Times: user=0.05 sys=0.00, real=0.01 secs] 
2022-07-27T12:50:18.762-0700: 488390.267: [GC pause (G1 Evacuation Pause) (young) (initial-mark), 0.0146985 secs]
   [Parallel Time: 9.8 ms, GC Workers: 8]
      [GC Worker Start (ms): Min: 488390269.3, Avg: 488390269.4, Max: 488390269.4, Diff: 0.1]
      [Ext Root Scanning (ms): Min: 6.5, Avg: 6.7, Max: 7.0, Diff: 0.5, Sum: 53.6]
      [Update RS (ms): Min: 0.2, Avg: 0.3, Max: 0.5, Diff: 0.3, Sum: 2.1]
         [Processed Buffers: Min: 1, Avg: 22.1, Max: 59, Diff: 58, Sum: 177]
      [Scan RS (ms): Min: 0.0, Avg: 0.1, Max: 0.1, Diff: 0.1, Sum: 0.5]
      [Code Root Scanning (ms): Min: 0.0, Avg: 0.0, Max: 0.0, Diff: 0.0, Sum: 0.0]
      [Object Copy (ms): Min: 0.1, Avg: 0.4, Max: 0.6, Diff: 0.5, Sum: 3.4]
      [Termination (ms): Min: 0.0, Avg: 0.1, Max: 0.1, Diff: 0.1, Sum: 0.7]
         [Termination Attempts: Min: 1, Avg: 1.2, Max: 2, Diff: 1, Sum: 10]
      [GC Worker Other (ms): Min: 0.0, Avg: 0.0, Max: 0.1, Diff: 0.1, Sum: 0.4]
      [GC Worker Total (ms): Min: 7.5, Avg: 7.6, Max: 7.7, Diff: 0.2, Sum: 60.7]
      [GC Worker End (ms): Min: 488390276.9, Avg: 488390276.9, Max: 488390277.0, Diff: 0.1]
   [Code Root Fixup: 0.0 ms]
   [Code Root Purge: 0.0 ms]
   [Clear CT: 0.6 ms]
   [Other: 4.2 ms]
      [Choose CSet: 0.0 ms]
      [Ref Proc: 3.5 ms]
      [Ref Enq: 0.1 ms]
      [Redirty Cards: 0.1 ms]
      [Humongous Register: 0.0 ms]
      [Humongous Reclaim: 0.0 ms]
      [Free CSet: 0.3 ms]
   [Eden: 7152.0M(7152.0M)->0.0B(7152.0M) Survivors: 16384.0K->16384.0K Heap: 10448.7M(14336.0M)->3296.7M(14336.0M)]
 [Times: user=0.06 sys=0.00, real=0.02 secs] 
2022-07-27T12:50:18.777-0700: 488390.282: [GC concurrent-root-region-scan-start]
2022-07-27T12:50:18.782-0700: 488390.286: [GC concurrent-root-region-scan-end, 0.0044575 secs]
2022-07-27T12:50:18.782-0700: 488390.286: [GC concurrent-mark-start]
2022-07-27T12:50:21.217-0700: 488392.722: [GC concurrent-mark-end, 2.4353681 secs]
2022-07-27T12:50:21.217-0700: 488392.722: [GC remark 2022-07-27T12:50:21.218-0700: 488392.722: [Finalize Marking, 0.0002490 secs] 2022-07-27T12:50:21.218-0700: 488392.722: [GC ref-proc, 0.0084672 secs] 2022-07-27T12:50:21.226-0700: 488392.731: [Unloading, 0.0274332 secs], 0.0413864 secs]
 [Times: user=0.25 sys=0.00, real=0.04 secs] 
2022-07-27T12:50:21.259-0700: 488392.764: [GC cleanup 3336M->3336M(14336M), 0.0076265 secs]
 [Times: user=0.06 sys=0.00, real=0.01 secs] 
2022-07-27T13:07:00.762-0700: 489392.267: [GC pause (G1 Evacuation Pause) (young), 0.0116291 secs]
   [Parallel Time: 6.2 ms, GC Workers: 8]
      [GC Worker Start (ms): Min: 489392267.2, Avg: 489392267.3, Max: 489392267.4, Diff: 0.2]
      [Ext Root Scanning (ms): Min: 1.2, Avg: 2.0, Max: 5.9, Diff: 4.6, Sum: 16.3]
      [Update RS (ms): Min: 0.0, Avg: 0.3, Max: 0.7, Diff: 0.7, Sum: 2.6]
         [Processed Buffers: Min: 0, Avg: 21.6, Max: 64, Diff: 64, Sum: 173]
      [Scan RS (ms): Min: 0.0, Avg: 0.1, Max: 0.2, Diff: 0.1, Sum: 0.6]
      [Code Root Scanning (ms): Min: 0.0, Avg: 0.0, Max: 0.0, Diff: 0.0, Sum: 0.0]
      [Object Copy (ms): Min: 0.0, Avg: 0.5, Max: 0.7, Diff: 0.7, Sum: 3.9]
      [Termination (ms): Min: 0.0, Avg: 2.9, Max: 3.3, Diff: 3.3, Sum: 23.2]
         [Termination Attempts: Min: 1, Avg: 2.9, Max: 5, Diff: 4, Sum: 23]
      [GC Worker Other (ms): Min: 0.0, Avg: 0.0, Max: 0.0, Diff: 0.0, Sum: 0.2]
      [GC Worker Total (ms): Min: 5.8, Avg: 5.9, Max: 6.0, Diff: 0.2, Sum: 46.9]
      [GC Worker End (ms): Min: 489392273.1, Avg: 489392273.2, Max: 489392273.2, Diff: 0.0]
   [Code Root Fixup: 0.0 ms]
   [Code Root Purge: 0.0 ms]
   [Clear CT: 0.6 ms]
   [Other: 4.9 ms]
      [Choose CSet: 0.0 ms]
      [Ref Proc: 4.2 ms]
      [Ref Enq: 0.1 ms]
      [Redirty Cards: 0.1 ms]
      [Humongous Register: 0.1 ms]
      [Humongous Reclaim: 0.0 ms]
      [Free CSet: 0.3 ms]
   [Eden: 7152.0M(7152.0M)->0.0B(7152.0M) Survivors: 16384.0K->16384.0K Heap: 10448.7M(14336.0M)->3296.7M(14336.0M)]
 [Times: user=0.05 sys=0.01, real=0.01 secs] 
2022-07-27T13:23:33.612-0700: 490385.117: [GC pause (G1 Evacuation Pause) (young), 0.0081448 secs]
   [Parallel Time: 5.5 ms, GC Workers: 8]
      [GC Worker Start (ms): Min: 490385116.7, Avg: 490385116.7, Max: 490385116.8, Diff: 0.1]
      [Ext Root Scanning (ms): Min: 1.2, Avg: 1.9, Max: 5.3, Diff: 4.1, Sum: 14.9]
      [Update RS (ms): Min: 0.0, Avg: 0.3, Max: 0.7, Diff: 0.7, Sum: 2.7]
         [Processed Buffers: Min: 0, Avg: 22.1, Max: 72, Diff: 72, Sum: 177]
      [Scan RS (ms): Min: 0.0, Avg: 0.1, Max: 0.2, Diff: 0.1, Sum: 0.7]
      [Code Root Scanning (ms): Min: 0.0, Avg: 0.0, Max: 0.0, Diff: 0.0, Sum: 0.0]
      [Object Copy (ms): Min: 0.0, Avg: 0.6, Max: 0.8, Diff: 0.8, Sum: 4.4]
      [Termination (ms): Min: 0.0, Avg: 2.5, Max: 2.8, Diff: 2.8, Sum: 19.7]
         [Termination Attempts: Min: 1, Avg: 3.6, Max: 5, Diff: 4, Sum: 29]
      [GC Worker Other (ms): Min: 0.0, Avg: 0.0, Max: 0.1, Diff: 0.0, Sum: 0.2]
      [GC Worker Total (ms): Min: 5.3, Avg: 5.3, Max: 5.4, Diff: 0.1, Sum: 42.6]
      [GC Worker End (ms): Min: 490385122.0, Avg: 490385122.0, Max: 490385122.1, Diff: 0.1]
   [Code Root Fixup: 0.0 ms]
   [Code Root Purge: 0.0 ms]
   [Clear CT: 0.6 ms]
   [Other: 2.1 ms]
      [Choose CSet: 0.0 ms]
      [Ref Proc: 1.5 ms]
      [Ref Enq: 0.1 ms]
      [Redirty Cards: 0.1 ms]
      [Humongous Register: 0.0 ms]
      [Humongous Reclaim: 0.0 ms]
      [Free CSet: 0.3 ms]
   [Eden: 7152.0M(7152.0M)->0.0B(7152.0M) Survivors: 16384.0K->16384.0K Heap: 10448.7M(14336.0M)->3296.8M(14336.0M)]
 [Times: user=0.04 sys=0.00, real=0.01 secs] 
2022-07-27T13:40:07.462-0700: 491378.967: [GC pause (G1 Evacuation Pause) (young) (initial-mark), 0.0152420 secs]
   [Parallel Time: 9.6 ms, GC Workers: 8]
      [GC Worker Start (ms): Min: 491378969.2, Avg: 491378969.3, Max: 491378969.4, Diff: 0.2]
      [Ext Root Scanning (ms): Min: 6.2, Avg: 6.5, Max: 6.7, Diff: 0.5, Sum: 51.8]
      [Update RS (ms): Min: 0.1, Avg: 0.3, Max: 0.5, Diff: 0.4, Sum: 2.1]
         [Processed Buffers: Min: 1, Avg: 21.5, Max: 55, Diff: 54, Sum: 172]
      [Scan RS (ms): Min: 0.0, Avg: 0.1, Max: 0.1, Diff: 0.1, Sum: 0.5]
      [Code Root Scanning (ms): Min: 0.0, Avg: 0.0, Max: 0.0, Diff: 0.0, Sum: 0.0]
      [Object Copy (ms): Min: 0.2, Avg: 0.4, Max: 0.6, Diff: 0.4, Sum: 3.5]
      [Termination (ms): Min: 0.0, Avg: 0.1, Max: 0.1, Diff: 0.1, Sum: 0.5]
         [Termination Attempts: Min: 1, Avg: 2.1, Max: 3, Diff: 2, Sum: 17]
      [GC Worker Other (ms): Min: 0.0, Avg: 0.0, Max: 0.1, Diff: 0.0, Sum: 0.3]
      [GC Worker Total (ms): Min: 7.3, Avg: 7.3, Max: 7.4, Diff: 0.2, Sum: 58.6]
      [GC Worker End (ms): Min: 491378976.6, Avg: 491378976.6, Max: 491378976.7, Diff: 0.0]
   [Code Root Fixup: 0.0 ms]
   [Code Root Purge: 0.0 ms]
   [Clear CT: 0.7 ms]
   [Other: 5.0 ms]
      [Choose CSet: 0.0 ms]
      [Ref Proc: 4.2 ms]
      [Ref Enq: 0.1 ms]
      [Redirty Cards: 0.1 ms]
      [Humongous Register: 0.0 ms]
      [Humongous Reclaim: 0.0 ms]
      [Free CSet: 0.3 ms]
   [Eden: 7152.0M(7152.0M)->0.0B(7152.0M) Survivors: 16384.0K->16384.0K Heap: 10448.8M(14336.0M)->3296.7M(14336.0M)]
 [Times: user=0.06 sys=0.00, real=0.02 secs] 
2022-07-27T13:40:07.478-0700: 491378.982: [GC concurrent-root-region-scan-start]
2022-07-27T13:40:07.483-0700: 491378.988: [GC concurrent-root-region-scan-end, 0.0051734 secs]
2022-07-27T13:40:07.483-0700: 491378.988: [GC concurrent-mark-start]
2022-07-27T13:40:09.919-0700: 491381.424: [GC concurrent-mark-end, 2.4365281 secs]
2022-07-27T13:40:09.920-0700: 491381.425: [GC remark 2022-07-27T13:40:09.920-0700: 491381.425: [Finalize Marking, 0.0002605 secs] 2022-07-27T13:40:09.920-0700: 491381.425: [GC ref-proc, 0.0121039 secs] 2022-07-27T13:40:09.932-0700: 491381.437: [Unloading, 0.0276491 secs], 0.0454952 secs]
 [Times: user=0.25 sys=0.00, real=0.05 secs] 
2022-07-27T13:40:09.966-0700: 491381.470: [GC cleanup 3336M->3336M(14336M), 0.0080075 secs]
 [Times: user=0.06 sys=0.00, real=0.00 secs] 
2022-07-27T13:57:01.411-0700: 492392.916: [GC pause (G1 Evacuation Pause) (young), 0.0111640 secs]
   [Parallel Time: 5.7 ms, GC Workers: 8]
      [GC Worker Start (ms): Min: 492392916.1, Avg: 492392916.2, Max: 492392916.3, Diff: 0.2]
      [Ext Root Scanning (ms): Min: 1.2, Avg: 1.9, Max: 5.4, Diff: 4.2, Sum: 15.3]
      [Update RS (ms): Min: 0.0, Avg: 0.3, Max: 0.7, Diff: 0.7, Sum: 2.7]
         [Processed Buffers: Min: 0, Avg: 19.1, Max: 59, Diff: 59, Sum: 153]
      [Scan RS (ms): Min: 0.0, Avg: 0.1, Max: 0.2, Diff: 0.1, Sum: 0.7]
      [Code Root Scanning (ms): Min: 0.0, Avg: 0.0, Max: 0.0, Diff: 0.0, Sum: 0.0]
      [Object Copy (ms): Min: 0.0, Avg: 0.5, Max: 0.7, Diff: 0.7, Sum: 3.9]
      [Termination (ms): Min: 0.0, Avg: 2.5, Max: 2.9, Diff: 2.9, Sum: 20.2]
         [Termination Attempts: Min: 1, Avg: 2.1, Max: 4, Diff: 3, Sum: 17]
      [GC Worker Other (ms): Min: 0.0, Avg: 0.0, Max: 0.0, Diff: 0.0, Sum: 0.2]
      [GC Worker Total (ms): Min: 5.3, Avg: 5.4, Max: 5.4, Diff: 0.2, Sum: 42.9]
      [GC Worker End (ms): Min: 492392921.6, Avg: 492392921.6, Max: 492392921.6, Diff: 0.0]
   [Code Root Fixup: 0.0 ms]
   [Code Root Purge: 0.0 ms]
   [Clear CT: 0.6 ms]
   [Other: 4.8 ms]
      [Choose CSet: 0.0 ms]
      [Ref Proc: 4.0 ms]
      [Ref Enq: 0.1 ms]
      [Redirty Cards: 0.1 ms]
      [Humongous Register: 0.1 ms]
      [Humongous Reclaim: 0.0 ms]
      [Free CSet: 0.3 ms]
   [Eden: 7152.0M(7152.0M)->0.0B(7152.0M) Survivors: 16384.0K->16384.0K Heap: 10448.7M(14336.0M)->3296.7M(14336.0M)]
 [Times: user=0.05 sys=0.00, real=0.01 secs] 
2022-07-27T14:13:44.462-0700: 493395.967: [GC pause (G1 Evacuation Pause) (young), 0.0116536 secs]
   [Parallel Time: 6.7 ms, GC Workers: 8]
      [GC Worker Start (ms): Min: 493395967.2, Avg: 493395967.3, Max: 493395967.4, Diff: 0.2]
      [Ext Root Scanning (ms): Min: 1.1, Avg: 2.0, Max: 6.4, Diff: 5.3, Sum: 15.9]
      [Update RS (ms): Min: 0.0, Avg: 0.3, Max: 0.7, Diff: 0.7, Sum: 2.7]
         [Processed Buffers: Min: 0, Avg: 20.0, Max: 62, Diff: 62, Sum: 160]
      [Scan RS (ms): Min: 0.0, Avg: 0.1, Max: 0.2, Diff: 0.2, Sum: 0.7]
      [Code Root Scanning (ms): Min: 0.0, Avg: 0.0, Max: 0.0, Diff: 0.0, Sum: 0.0]
      [Object Copy (ms): Min: 0.0, Avg: 0.5, Max: 0.7, Diff: 0.7, Sum: 3.9]
      [Termination (ms): Min: 0.0, Avg: 3.4, Max: 3.9, Diff: 3.9, Sum: 27.4]
         [Termination Attempts: Min: 1, Avg: 2.4, Max: 4, Diff: 3, Sum: 19]
      [GC Worker Other (ms): Min: 0.0, Avg: 0.0, Max: 0.0, Diff: 0.0, Sum: 0.2]
      [GC Worker Total (ms): Min: 6.3, Avg: 6.4, Max: 6.5, Diff: 0.2, Sum: 50.9]
      [GC Worker End (ms): Min: 493395973.6, Avg: 493395973.6, Max: 493395973.6, Diff: 0.0]
   [Code Root Fixup: 0.0 ms]
   [Code Root Purge: 0.0 ms]
   [Clear CT: 0.6 ms]
   [Other: 4.3 ms]
      [Choose CSet: 0.0 ms]
      [Ref Proc: 3.7 ms]
      [Ref Enq: 0.1 ms]
      [Redirty Cards: 0.1 ms]
      [Humongous Register: 0.0 ms]
      [Humongous Reclaim: 0.0 ms]
      [Free CSet: 0.3 ms]
   [Eden: 7152.0M(7152.0M)->0.0B(7152.0M) Survivors: 16384.0K->16384.0K Heap: 10448.7M(14336.0M)->3296.8M(14336.0M)]
 [Times: user=0.06 sys=0.00, real=0.01 secs] 
2022-07-27T14:30:26.561-0700: 494398.066: [GC pause (G1 Evacuation Pause) (young) (initial-mark), 0.0133138 secs]
   [Parallel Time: 8.2 ms, GC Workers: 8]
      [GC Worker Start (ms): Min: 494398068.0, Avg: 494398068.1, Max: 494398068.1, Diff: 0.1]
      [Ext Root Scanning (ms): Min: 5.2, Avg: 5.4, Max: 5.6, Diff: 0.4, Sum: 43.2]
      [Update RS (ms): Min: 0.1, Avg: 0.3, Max: 0.4, Diff: 0.3, Sum: 2.0]
         [Processed Buffers: Min: 1, Avg: 23.1, Max: 53, Diff: 52, Sum: 185]
      [Scan RS (ms): Min: 0.0, Avg: 0.1, Max: 0.1, Diff: 0.1, Sum: 0.5]
      [Code Root Scanning (ms): Min: 0.0, Avg: 0.0, Max: 0.0, Diff: 0.0, Sum: 0.0]
      [Object Copy (ms): Min: 0.1, Avg: 0.4, Max: 0.5, Diff: 0.4, Sum: 3.3]
      [Termination (ms): Min: 0.0, Avg: 0.0, Max: 0.0, Diff: 0.0, Sum: 0.0]
         [Termination Attempts: Min: 3, Avg: 5.5, Max: 10, Diff: 7, Sum: 44]
      [GC Worker Other (ms): Min: 0.0, Avg: 0.1, Max: 0.1, Diff: 0.1, Sum: 0.5]
      [GC Worker Total (ms): Min: 6.1, Avg: 6.2, Max: 6.2, Diff: 0.1, Sum: 49.5]
      [GC Worker End (ms): Min: 494398074.2, Avg: 494398074.3, Max: 494398074.3, Diff: 0.1]
   [Code Root Fixup: 0.0 ms]
   [Code Root Purge: 0.0 ms]
   [Clear CT: 0.6 ms]
   [Other: 4.5 ms]
      [Choose CSet: 0.0 ms]
      [Ref Proc: 3.9 ms]
      [Ref Enq: 0.1 ms]
      [Redirty Cards: 0.1 ms]
      [Humongous Register: 0.0 ms]
      [Humongous Reclaim: 0.0 ms]
      [Free CSet: 0.3 ms]
   [Eden: 7152.0M(7152.0M)->0.0B(7152.0M) Survivors: 16384.0K->16384.0K Heap: 10448.8M(14336.0M)->3296.8M(14336.0M)]
 [Times: user=0.04 sys=0.01, real=0.02 secs] 
2022-07-27T14:30:26.575-0700: 494398.080: [GC concurrent-root-region-scan-start]
2022-07-27T14:30:26.580-0700: 494398.084: [GC concurrent-root-region-scan-end, 0.0047771 secs]
2022-07-27T14:30:26.580-0700: 494398.084: [GC concurrent-mark-start]
2022-07-27T14:30:29.026-0700: 494400.531: [GC concurrent-mark-end, 2.4464299 secs]
2022-07-27T14:30:29.026-0700: 494400.531: [GC remark 2022-07-27T14:30:29.026-0700: 494400.531: [Finalize Marking, 0.0002170 secs] 2022-07-27T14:30:29.027-0700: 494400.531: [GC ref-proc, 0.0106350 secs] 2022-07-27T14:30:29.037-0700: 494400.542: [Unloading, 0.0272665 secs], 0.0436430 secs]
 [Times: user=0.25 sys=0.00, real=0.04 secs] 
2022-07-27T14:30:29.070-0700: 494400.575: [GC cleanup 3368M->3368M(14336M), 0.0080749 secs]
 [Times: user=0.06 sys=0.00, real=0.01 secs] 
2022-07-27T14:46:53.412-0700: 495384.917: [GC pause (G1 Evacuation Pause) (young), 0.0117847 secs]
   [Parallel Time: 6.2 ms, GC Workers: 8]
      [GC Worker Start (ms): Min: 495384916.9, Avg: 495384917.0, Max: 495384917.1, Diff: 0.1]
      [Ext Root Scanning (ms): Min: 1.6, Avg: 2.3, Max: 5.9, Diff: 4.3, Sum: 18.1]
      [Update RS (ms): Min: 0.0, Avg: 0.3, Max: 0.7, Diff: 0.7, Sum: 2.7]
         [Processed Buffers: Min: 0, Avg: 22.8, Max: 52, Diff: 52, Sum: 182]
      [Scan RS (ms): Min: 0.0, Avg: 0.1, Max: 0.2, Diff: 0.1, Sum: 0.7]
      [Code Root Scanning (ms): Min: 0.0, Avg: 0.0, Max: 0.0, Diff: 0.0, Sum: 0.0]
      [Object Copy (ms): Min: 0.0, Avg: 0.4, Max: 0.6, Diff: 0.6, Sum: 3.6]
      [Termination (ms): Min: 0.0, Avg: 2.7, Max: 3.1, Diff: 3.1, Sum: 21.7]
         [Termination Attempts: Min: 1, Avg: 4.9, Max: 7, Diff: 6, Sum: 39]
      [GC Worker Other (ms): Min: 0.0, Avg: 0.0, Max: 0.0, Diff: 0.0, Sum: 0.2]
      [GC Worker Total (ms): Min: 5.8, Avg: 5.9, Max: 5.9, Diff: 0.1, Sum: 47.0]
      [GC Worker End (ms): Min: 495384922.9, Avg: 495384922.9, Max: 495384922.9, Diff: 0.0]
   [Code Root Fixup: 0.0 ms]
   [Code Root Purge: 0.0 ms]
   [Clear CT: 1.0 ms]
   [Other: 4.6 ms]
      [Choose CSet: 0.0 ms]
      [Ref Proc: 3.9 ms]
      [Ref Enq: 0.1 ms]
      [Redirty Cards: 0.1 ms]
      [Humongous Register: 0.0 ms]
      [Humongous Reclaim: 0.0 ms]
      [Free CSet: 0.3 ms]
   [Eden: 7152.0M(7152.0M)->0.0B(7152.0M) Survivors: 16384.0K->16384.0K Heap: 10448.8M(14336.0M)->3296.9M(14336.0M)]
 [Times: user=0.06 sys=0.00, real=0.02 secs] 
2022-07-27T15:03:30.913-0700: 496382.417: [GC pause (G1 Evacuation Pause) (young), 0.0116417 secs]
   [Parallel Time: 6.3 ms, GC Workers: 8]
      [GC Worker Start (ms): Min: 496382417.5, Avg: 496382417.6, Max: 496382417.7, Diff: 0.2]
      [Ext Root Scanning (ms): Min: 1.2, Avg: 2.0, Max: 6.1, Diff: 4.8, Sum: 15.7]
      [Update RS (ms): Min: 0.0, Avg: 0.3, Max: 0.7, Diff: 0.7, Sum: 2.8]
         [Processed Buffers: Min: 0, Avg: 20.5, Max: 52, Diff: 52, Sum: 164]
      [Scan RS (ms): Min: 0.0, Avg: 0.1, Max: 0.2, Diff: 0.1, Sum: 0.6]
      [Code Root Scanning (ms): Min: 0.0, Avg: 0.0, Max: 0.0, Diff: 0.0, Sum: 0.0]
      [Object Copy (ms): Min: 0.0, Avg: 0.5, Max: 0.7, Diff: 0.7, Sum: 3.9]
      [Termination (ms): Min: 0.0, Avg: 3.1, Max: 3.6, Diff: 3.6, Sum: 25.1]
         [Termination Attempts: Min: 1, Avg: 1.2, Max: 2, Diff: 1, Sum: 10]
      [GC Worker Other (ms): Min: 0.0, Avg: 0.0, Max: 0.0, Diff: 0.0, Sum: 0.1]
      [GC Worker Total (ms): Min: 5.9, Avg: 6.0, Max: 6.1, Diff: 0.2, Sum: 48.2]
      [GC Worker End (ms): Min: 496382423.6, Avg: 496382423.6, Max: 496382423.6, Diff: 0.0]
   [Code Root Fixup: 0.0 ms]
   [Code Root Purge: 0.0 ms]
   [Clear CT: 0.6 ms]
   [Other: 4.7 ms]
      [Choose CSet: 0.0 ms]
      [Ref Proc: 4.1 ms]
      [Ref Enq: 0.1 ms]
      [Redirty Cards: 0.1 ms]
      [Humongous Register: 0.1 ms]
      [Humongous Reclaim: 0.0 ms]
      [Free CSet: 0.3 ms]
   [Eden: 7152.0M(7152.0M)->0.0B(7152.0M) Survivors: 16384.0K->16384.0K Heap: 10448.9M(14336.0M)->3296.7M(14336.0M)]
 [Times: user=0.07 sys=0.00, real=0.02 secs] 
2022-07-27T15:18:02.688-0700: 497254.193: [GC pause (G1 Humongous Allocation) (young) (initial-mark), 0.0131702 secs]
   [Parallel Time: 10.1 ms, GC Workers: 8]
      [GC Worker Start (ms): Min: 497254195.5, Avg: 497254195.6, Max: 497254195.7, Diff: 0.2]
      [Ext Root Scanning (ms): Min: 6.3, Avg: 6.6, Max: 6.8, Diff: 0.4, Sum: 52.5]
      [Update RS (ms): Min: 0.2, Avg: 0.3, Max: 0.6, Diff: 0.4, Sum: 2.7]
         [Processed Buffers: Min: 2, Avg: 20.0, Max: 51, Diff: 49, Sum: 160]
      [Scan RS (ms): Min: 0.0, Avg: 0.1, Max: 0.1, Diff: 0.1, Sum: 0.5]
      [Code Root Scanning (ms): Min: 0.0, Avg: 0.0, Max: 0.0, Diff: 0.0, Sum: 0.1]
      [Object Copy (ms): Min: 0.4, Avg: 0.6, Max: 0.8, Diff: 0.4, Sum: 4.8]
      [Termination (ms): Min: 0.0, Avg: 0.0, Max: 0.0, Diff: 0.0, Sum: 0.0]
         [Termination Attempts: Min: 1, Avg: 2.4, Max: 5, Diff: 4, Sum: 19]
      [GC Worker Other (ms): Min: 0.0, Avg: 0.1, Max: 0.1, Diff: 0.1, Sum: 0.5]
      [GC Worker Total (ms): Min: 7.5, Avg: 7.6, Max: 7.8, Diff: 0.3, Sum: 61.0]
      [GC Worker End (ms): Min: 497254203.2, Avg: 497254203.2, Max: 497254203.3, Diff: 0.1]
   [Code Root Fixup: 0.0 ms]
   [Code Root Purge: 0.0 ms]
   [Clear CT: 0.6 ms]
   [Other: 2.5 ms]
      [Choose CSet: 0.0 ms]
      [Ref Proc: 1.8 ms]
      [Ref Enq: 0.1 ms]
      [Redirty Cards: 0.1 ms]
      [Humongous Register: 0.0 ms]
      [Humongous Reclaim: 0.0 ms]
      [Free CSet: 0.3 ms]
   [Eden: 6272.0M(7152.0M)->0.0B(7152.0M) Survivors: 16384.0K->16384.0K Heap: 9561.8M(14336.0M)->3299.1M(14336.0M)]
 [Times: user=0.05 sys=0.01, real=0.01 secs] 
2022-07-27T15:18:02.702-0700: 497254.206: [GC concurrent-root-region-scan-start]
2022-07-27T15:18:02.707-0700: 497254.212: [GC concurrent-root-region-scan-end, 0.0052313 secs]
2022-07-27T15:18:02.707-0700: 497254.212: [GC concurrent-mark-start]
2022-07-27T15:18:05.132-0700: 497256.637: [GC concurrent-mark-end, 2.4248867 secs]
2022-07-27T15:18:05.132-0700: 497256.637: [GC remark 2022-07-27T15:18:05.132-0700: 497256.637: [Finalize Marking, 0.0001989 secs] 2022-07-27T15:18:05.132-0700: 497256.637: [GC ref-proc, 0.0109389 secs] 2022-07-27T15:18:05.143-0700: 497256.648: [Unloading, 0.0273239 secs], 0.0439955 secs]
 [Times: user=0.25 sys=0.00, real=0.05 secs] 
2022-07-27T15:18:05.177-0700: 497256.681: [GC cleanup 3387M->3387M(14336M), 0.0081547 secs]
 [Times: user=0.06 sys=0.00, real=0.01 secs] 
2022-07-27T15:19:27.572-0700: 497339.077: [GC pause (GCLocker Initiated GC) (young), 0.0598391 secs]
   [Parallel Time: 56.0 ms, GC Workers: 8]
      [GC Worker Start (ms): Min: 497339076.9, Avg: 497339076.9, Max: 497339077.0, Diff: 0.1]
      [Ext Root Scanning (ms): Min: 1.1, Avg: 2.1, Max: 6.8, Diff: 5.7, Sum: 16.6]
      [Update RS (ms): Min: 0.0, Avg: 1.9, Max: 2.6, Diff: 2.6, Sum: 15.4]
         [Processed Buffers: Min: 0, Avg: 20.8, Max: 31, Diff: 31, Sum: 166]
      [Scan RS (ms): Min: 0.0, Avg: 0.1, Max: 0.2, Diff: 0.2, Sum: 0.5]
      [Code Root Scanning (ms): Min: 0.0, Avg: 0.0, Max: 0.0, Diff: 0.0, Sum: 0.0]
      [Object Copy (ms): Min: 48.8, Avg: 51.6, Max: 52.1, Diff: 3.3, Sum: 412.8]
      [Termination (ms): Min: 0.0, Avg: 0.0, Max: 0.0, Diff: 0.0, Sum: 0.0]
         [Termination Attempts: Min: 1, Avg: 1.0, Max: 1, Diff: 0, Sum: 8]
      [GC Worker Other (ms): Min: 0.0, Avg: 0.1, Max: 0.1, Diff: 0.1, Sum: 0.5]
      [GC Worker Total (ms): Min: 55.7, Avg: 55.7, Max: 55.8, Diff: 0.2, Sum: 445.9]
      [GC Worker End (ms): Min: 497339132.6, Avg: 497339132.7, Max: 497339132.7, Diff: 0.1]
   [Code Root Fixup: 0.0 ms]
   [Code Root Purge: 0.0 ms]
   [Clear CT: 0.8 ms]
   [Other: 3.1 ms]
      [Choose CSet: 0.0 ms]
      [Ref Proc: 2.4 ms]
      [Ref Enq: 0.1 ms]
      [Redirty Cards: 0.1 ms]
      [Humongous Register: 0.1 ms]
      [Humongous Reclaim: 0.0 ms]
      [Free CSet: 0.3 ms]
   [Eden: 7168.0M(7152.0M)->0.0B(6976.0M) Survivors: 16384.0K->192.0M Heap: 10475.1M(14336.0M)->3498.2M(14336.0M)]
 [Times: user=0.45 sys=0.00, real=0.06 secs] 
2022-07-27T15:21:02.870-0700: 497434.375: [GC pause (GCLocker Initiated GC) (young), 0.0576335 secs]
   [Parallel Time: 54.5 ms, GC Workers: 8]
      [GC Worker Start (ms): Min: 497434375.0, Avg: 497434375.0, Max: 497434375.1, Diff: 0.1]
      [Ext Root Scanning (ms): Min: 0.9, Avg: 1.8, Max: 6.9, Diff: 6.0, Sum: 14.3]
      [Update RS (ms): Min: 0.0, Avg: 1.1, Max: 1.7, Diff: 1.7, Sum: 8.8]
         [Processed Buffers: Min: 0, Avg: 5.0, Max: 12, Diff: 12, Sum: 40]
      [Scan RS (ms): Min: 0.0, Avg: 0.1, Max: 0.1, Diff: 0.1, Sum: 0.5]
      [Code Root Scanning (ms): Min: 0.0, Avg: 0.0, Max: 0.0, Diff: 0.0, Sum: 0.1]
      [Object Copy (ms): Min: 47.2, Avg: 51.2, Max: 51.8, Diff: 4.6, Sum: 409.2]
      [Termination (ms): Min: 0.0, Avg: 0.0, Max: 0.0, Diff: 0.0, Sum: 0.0]
         [Termination Attempts: Min: 1, Avg: 1.4, Max: 3, Diff: 2, Sum: 11]
      [GC Worker Other (ms): Min: 0.0, Avg: 0.1, Max: 0.2, Diff: 0.1, Sum: 0.7]
      [GC Worker Total (ms): Min: 54.1, Avg: 54.2, Max: 54.3, Diff: 0.2, Sum: 433.6]
      [GC Worker End (ms): Min: 497434429.2, Avg: 497434429.2, Max: 497434429.3, Diff: 0.1]
   [Code Root Fixup: 0.0 ms]
   [Code Root Purge: 0.0 ms]
   [Clear CT: 0.7 ms]
   [Other: 2.4 ms]
      [Choose CSet: 0.0 ms]
      [Ref Proc: 1.7 ms]
      [Ref Enq: 0.1 ms]
      [Redirty Cards: 0.2 ms]
      [Humongous Register: 0.0 ms]
      [Humongous Reclaim: 0.0 ms]
      [Free CSet: 0.3 ms]
   [Eden: 6992.0M(6976.0M)->0.0B(7024.0M) Survivors: 192.0M->144.0M Heap: 10482.2M(14336.0M)->3629.5M(14336.0M)]
 [Times: user=0.45 sys=0.00, real=0.06 secs] 
2022-07-27T15:22:41.516-0700: 497533.021: [GC pause (GCLocker Initiated GC) (young) (initial-mark), 0.0295458 secs]
   [Parallel Time: 26.5 ms, GC Workers: 8]
      [GC Worker Start (ms): Min: 497533023.3, Avg: 497533023.4, Max: 497533023.4, Diff: 0.2]
      [Ext Root Scanning (ms): Min: 5.9, Avg: 6.0, Max: 6.3, Diff: 0.4, Sum: 48.4]
      [Update RS (ms): Min: 13.5, Avg: 13.7, Max: 14.0, Diff: 0.5, Sum: 109.6]
         [Processed Buffers: Min: 32, Avg: 34.6, Max: 41, Diff: 9, Sum: 277]
      [Scan RS (ms): Min: 0.1, Avg: 0.3, Max: 0.5, Diff: 0.4, Sum: 2.5]
      [Code Root Scanning (ms): Min: 0.0, Avg: 0.0, Max: 0.0, Diff: 0.0, Sum: 0.1]
      [Object Copy (ms): Min: 4.0, Avg: 4.2, Max: 4.4, Diff: 0.4, Sum: 33.6]
      [Termination (ms): Min: 0.0, Avg: 0.0, Max: 0.0, Diff: 0.0, Sum: 0.0]
         [Termination Attempts: Min: 1, Avg: 1.0, Max: 1, Diff: 0, Sum: 8]
      [GC Worker Other (ms): Min: 0.0, Avg: 0.1, Max: 0.2, Diff: 0.1, Sum: 0.7]
      [GC Worker Total (ms): Min: 24.3, Avg: 24.4, Max: 24.4, Diff: 0.2, Sum: 194.9]
      [GC Worker End (ms): Min: 497533047.7, Avg: 497533047.7, Max: 497533047.8, Diff: 0.1]
   [Code Root Fixup: 0.0 ms]
   [Code Root Purge: 0.0 ms]
   [Clear CT: 0.8 ms]
   [Other: 2.3 ms]
      [Choose CSet: 0.0 ms]
      [Ref Proc: 1.6 ms]
      [Ref Enq: 0.1 ms]
      [Redirty Cards: 0.1 ms]
      [Humongous Register: 0.0 ms]
      [Humongous Reclaim: 0.0 ms]
      [Free CSet: 0.3 ms]
   [Eden: 7024.0M(7024.0M)->0.0B(7072.0M) Survivors: 144.0M->98304.0K Heap: 10653.5M(14336.0M)->3652.5M(14336.0M)]
 [Times: user=0.19 sys=0.00, real=0.03 secs] 
2022-07-27T15:22:41.546-0700: 497533.051: [GC concurrent-root-region-scan-start]
2022-07-27T15:22:41.554-0700: 497533.059: [GC concurrent-root-region-scan-end, 0.0078555 secs]
2022-07-27T15:22:41.554-0700: 497533.059: [GC concurrent-mark-start]
2022-07-27T15:22:44.241-0700: 497535.746: [GC concurrent-mark-end, 2.6867972 secs]
2022-07-27T15:22:44.241-0700: 497535.746: [GC remark 2022-07-27T15:22:44.241-0700: 497535.746: [Finalize Marking, 0.0002162 secs] 2022-07-27T15:22:44.241-0700: 497535.746: [GC ref-proc, 0.0056529 secs] 2022-07-27T15:22:44.247-0700: 497535.752: [Unloading, 0.0270460 secs], 0.0384197 secs]
 [Times: user=0.24 sys=0.00, real=0.04 secs] 
2022-07-27T15:22:44.280-0700: 497535.785: [GC cleanup 3916M->3900M(14336M), 0.0080357 secs]
 [Times: user=0.06 sys=0.00, real=0.01 secs] 
2022-07-27T15:22:44.288-0700: 497535.793: [GC concurrent-cleanup-start]
2022-07-27T15:22:44.288-0700: 497535.793: [GC concurrent-cleanup-end, 0.0000259 secs]
2022-07-27T15:24:18.169-0700: 497629.674: [GC pause (G1 Evacuation Pause) (young), 0.0146546 secs]
   [Parallel Time: 10.1 ms, GC Workers: 8]
      [GC Worker Start (ms): Min: 497629674.1, Avg: 497629674.2, Max: 497629674.3, Diff: 0.2]
      [Ext Root Scanning (ms): Min: 1.1, Avg: 1.8, Max: 5.0, Diff: 3.9, Sum: 14.6]
      [Update RS (ms): Min: 1.7, Avg: 4.2, Max: 5.1, Diff: 3.4, Sum: 33.5]
         [Processed Buffers: Min: 3, Avg: 13.1, Max: 17, Diff: 14, Sum: 105]
      [Scan RS (ms): Min: 0.0, Avg: 0.0, Max: 0.1, Diff: 0.1, Sum: 0.4]
      [Code Root Scanning (ms): Min: 0.0, Avg: 0.0, Max: 0.0, Diff: 0.0, Sum: 0.0]
      [Object Copy (ms): Min: 3.1, Avg: 3.7, Max: 3.9, Diff: 0.8, Sum: 29.3]
      [Termination (ms): Min: 0.0, Avg: 0.0, Max: 0.0, Diff: 0.0, Sum: 0.0]
         [Termination Attempts: Min: 1, Avg: 2.8, Max: 6, Diff: 5, Sum: 22]
      [GC Worker Other (ms): Min: 0.0, Avg: 0.1, Max: 0.1, Diff: 0.1, Sum: 0.4]
      [GC Worker Total (ms): Min: 9.7, Avg: 9.8, Max: 9.9, Diff: 0.2, Sum: 78.3]
      [GC Worker End (ms): Min: 497629684.0, Avg: 497629684.0, Max: 497629684.1, Diff: 0.1]
   [Code Root Fixup: 0.0 ms]
   [Code Root Purge: 0.0 ms]
   [Clear CT: 0.7 ms]
   [Other: 3.8 ms]
      [Choose CSet: 0.0 ms]
      [Ref Proc: 3.2 ms]
      [Ref Enq: 0.1 ms]
      [Redirty Cards: 0.1 ms]
      [Humongous Register: 0.1 ms]
      [Humongous Reclaim: 0.0 ms]
      [Free CSet: 0.3 ms]
   [Eden: 7072.0M(7072.0M)->0.0B(5696.0M) Survivors: 98304.0K->32768.0K Heap: 10708.5M(14336.0M)->3608.1M(14336.0M)]
 [Times: user=0.09 sys=0.00, real=0.02 secs] 
2022-07-27T15:25:39.929-0700: 497711.434: [GC pause (G1 Evacuation Pause) (mixed), 0.0138982 secs]
   [Parallel Time: 11.0 ms, GC Workers: 8]
      [GC Worker Start (ms): Min: 497711433.9, Avg: 497711433.9, Max: 497711434.0, Diff: 0.1]
      [Ext Root Scanning (ms): Min: 1.2, Avg: 2.1, Max: 6.5, Diff: 5.3, Sum: 16.9]
      [Update RS (ms): Min: 0.0, Avg: 2.3, Max: 3.0, Diff: 3.0, Sum: 18.3]
         [Processed Buffers: Min: 0, Avg: 9.0, Max: 20, Diff: 20, Sum: 72]
      [Scan RS (ms): Min: 0.0, Avg: 1.0, Max: 1.3, Diff: 1.3, Sum: 7.6]
      [Code Root Scanning (ms): Min: 0.0, Avg: 0.0, Max: 0.0, Diff: 0.0, Sum: 0.1]
      [Object Copy (ms): Min: 4.4, Avg: 5.4, Max: 5.7, Diff: 1.4, Sum: 43.6]
      [Termination (ms): Min: 0.0, Avg: 0.0, Max: 0.0, Diff: 0.0, Sum: 0.0]
         [Termination Attempts: Min: 1, Avg: 2.4, Max: 3, Diff: 2, Sum: 19]
      [GC Worker Other (ms): Min: 0.0, Avg: 0.1, Max: 0.1, Diff: 0.1, Sum: 0.4]
      [GC Worker Total (ms): Min: 10.8, Avg: 10.9, Max: 11.0, Diff: 0.2, Sum: 86.9]
      [GC Worker End (ms): Min: 497711444.8, Avg: 497711444.8, Max: 497711444.8, Diff: 0.1]
   [Code Root Fixup: 0.0 ms]
   [Code Root Purge: 0.0 ms]
   [Clear CT: 0.8 ms]
   [Other: 2.0 ms]
      [Choose CSet: 0.0 ms]
      [Ref Proc: 1.4 ms]
      [Ref Enq: 0.1 ms]
      [Redirty Cards: 0.1 ms]
      [Humongous Register: 0.1 ms]
      [Humongous Reclaim: 0.0 ms]
      [Free CSet: 0.3 ms]
   [Eden: 5696.0M(5696.0M)->0.0B(7152.0M) Survivors: 32768.0K->16384.0K Heap: 9304.1M(14336.0M)->3528.4M(14336.0M)]
 [Times: user=0.09 sys=0.00, real=0.02 secs] 
2022-07-27T15:27:24.467-0700: 497815.972: [GC pause (G1 Evacuation Pause) (young), 0.0134637 secs]
   [Parallel Time: 10.7 ms, GC Workers: 8]
      [GC Worker Start (ms): Min: 497815972.2, Avg: 497815972.3, Max: 497815972.3, Diff: 0.1]
      [Ext Root Scanning (ms): Min: 1.2, Avg: 2.1, Max: 5.7, Diff: 4.5, Sum: 16.6]
      [Update RS (ms): Min: 2.6, Avg: 5.9, Max: 7.0, Diff: 4.5, Sum: 47.3]
         [Processed Buffers: Min: 5, Avg: 15.1, Max: 25, Diff: 20, Sum: 121]
      [Scan RS (ms): Min: 0.0, Avg: 0.1, Max: 0.1, Diff: 0.1, Sum: 0.4]
      [Code Root Scanning (ms): Min: 0.0, Avg: 0.0, Max: 0.0, Diff: 0.0, Sum: 0.1]
      [Object Copy (ms): Min: 2.0, Avg: 2.2, Max: 2.5, Diff: 0.5, Sum: 17.9]
      [Termination (ms): Min: 0.0, Avg: 0.0, Max: 0.0, Diff: 0.0, Sum: 0.0]
         [Termination Attempts: Min: 5, Avg: 11.5, Max: 15, Diff: 10, Sum: 92]
      [GC Worker Other (ms): Min: 0.0, Avg: 0.1, Max: 0.1, Diff: 0.1, Sum: 0.4]
      [GC Worker Total (ms): Min: 10.3, Avg: 10.3, Max: 10.4, Diff: 0.2, Sum: 82.8]
      [GC Worker End (ms): Min: 497815982.6, Avg: 497815982.6, Max: 497815982.7, Diff: 0.1]
   [Code Root Fixup: 0.0 ms]
   [Code Root Purge: 0.0 ms]
   [Clear CT: 0.7 ms]
   [Other: 2.0 ms]
      [Choose CSet: 0.0 ms]
      [Ref Proc: 1.4 ms]
      [Ref Enq: 0.1 ms]
      [Redirty Cards: 0.1 ms]
      [Humongous Register: 0.1 ms]
      [Humongous Reclaim: 0.0 ms]
      [Free CSet: 0.3 ms]
   [Eden: 7152.0M(7152.0M)->0.0B(7152.0M) Survivors: 16384.0K->16384.0K Heap: 10680.4M(14336.0M)->3538.8M(14336.0M)]
 [Times: user=0.09 sys=0.00, real=0.01 secs] 
2022-07-27T15:29:12.172-0700: 497923.676: [GC pause (G1 Evacuation Pause) (young) (initial-mark), 0.0400634 secs]
   [Parallel Time: 35.7 ms, GC Workers: 8]
      [GC Worker Start (ms): Min: 497923678.7, Avg: 497923678.8, Max: 497923678.8, Diff: 0.1]
      [Ext Root Scanning (ms): Min: 5.3, Avg: 5.7, Max: 6.1, Diff: 0.7, Sum: 45.5]
      [Update RS (ms): Min: 12.2, Avg: 12.3, Max: 12.4, Diff: 0.2, Sum: 98.2]
         [Processed Buffers: Min: 37, Avg: 41.0, Max: 48, Diff: 11, Sum: 328]
      [Scan RS (ms): Min: 9.0, Avg: 9.1, Max: 9.2, Diff: 0.2, Sum: 73.2]
      [Code Root Scanning (ms): Min: 0.0, Avg: 0.0, Max: 0.0, Diff: 0.0, Sum: 0.0]
      [Object Copy (ms): Min: 5.7, Avg: 6.3, Max: 6.6, Diff: 0.8, Sum: 50.0]
      [Termination (ms): Min: 0.0, Avg: 0.0, Max: 0.0, Diff: 0.0, Sum: 0.0]
         [Termination Attempts: Min: 3, Avg: 6.1, Max: 8, Diff: 5, Sum: 49]
      [GC Worker Other (ms): Min: 0.0, Avg: 0.1, Max: 0.1, Diff: 0.1, Sum: 0.5]
      [GC Worker Total (ms): Min: 33.4, Avg: 33.4, Max: 33.5, Diff: 0.2, Sum: 267.3]
      [GC Worker End (ms): Min: 497923712.2, Avg: 497923712.2, Max: 497923712.3, Diff: 0.1]
   [Code Root Fixup: 0.0 ms]
   [Code Root Purge: 0.0 ms]
   [Clear CT: 0.8 ms]
   [Other: 3.6 ms]
      [Choose CSet: 0.0 ms]
      [Ref Proc: 2.6 ms]
      [Ref Enq: 0.1 ms]
      [Redirty Cards: 0.2 ms]
      [Humongous Register: 0.0 ms]
      [Humongous Reclaim: 0.0 ms]
      [Free CSet: 0.3 ms]
   [Eden: 7152.0M(7152.0M)->0.0B(7152.0M) Survivors: 16384.0K->16384.0K Heap: 10690.8M(14336.0M)->3546.4M(14336.0M)]
 [Times: user=0.27 sys=0.00, real=0.04 secs] 
2022-07-27T15:29:12.212-0700: 497923.717: [GC concurrent-root-region-scan-start]
2022-07-27T15:29:12.243-0700: 497923.748: [GC concurrent-root-region-scan-end, 0.0310213 secs]
2022-07-27T15:29:12.243-0700: 497923.748: [GC concurrent-mark-start]
2022-07-27T15:29:14.883-0700: 497926.388: [GC concurrent-mark-end, 2.6399794 secs]
2022-07-27T15:29:14.883-0700: 497926.388: [GC remark 2022-07-27T15:29:14.883-0700: 497926.388: [Finalize Marking, 0.0004339 secs] 2022-07-27T15:29:14.884-0700: 497926.389: [GC ref-proc, 0.0068138 secs] 2022-07-27T15:29:14.891-0700: 497926.395: [Unloading, 0.0298216 secs], 0.0426877 secs]
 [Times: user=0.26 sys=0.00, real=0.04 secs] 
2022-07-27T15:29:14.926-0700: 497926.431: [GC cleanup 3786M->3786M(14336M), 0.0081159 secs]
 [Times: user=0.07 sys=0.00, real=0.00 secs] 
2022-07-27T15:31:00.515-0700: 498032.020: [GC pause (G1 Evacuation Pause) (young), 0.0317780 secs]
   [Parallel Time: 27.3 ms, GC Workers: 8]
      [GC Worker Start (ms): Min: 498032020.3, Avg: 498032020.3, Max: 498032020.4, Diff: 0.1]
      [Ext Root Scanning (ms): Min: 1.6, Avg: 2.4, Max: 6.1, Diff: 4.5, Sum: 18.8]
      [Update RS (ms): Min: 3.5, Avg: 6.7, Max: 7.4, Diff: 4.0, Sum: 53.6]
         [Processed Buffers: Min: 15, Avg: 29.5, Max: 40, Diff: 25, Sum: 236]
      [Scan RS (ms): Min: 11.9, Avg: 12.0, Max: 12.2, Diff: 0.3, Sum: 95.8]
      [Code Root Scanning (ms): Min: 0.0, Avg: 0.0, Max: 0.0, Diff: 0.0, Sum: 0.0]
      [Object Copy (ms): Min: 5.5, Avg: 5.9, Max: 6.0, Diff: 0.5, Sum: 46.8]
      [Termination (ms): Min: 0.0, Avg: 0.0, Max: 0.0, Diff: 0.0, Sum: 0.0]
         [Termination Attempts: Min: 1, Avg: 1.0, Max: 1, Diff: 0, Sum: 8]
      [GC Worker Other (ms): Min: 0.0, Avg: 0.1, Max: 0.1, Diff: 0.1, Sum: 0.5]
      [GC Worker Total (ms): Min: 26.9, Avg: 26.9, Max: 27.0, Diff: 0.2, Sum: 215.6]
      [GC Worker End (ms): Min: 498032047.2, Avg: 498032047.3, Max: 498032047.3, Diff: 0.1]
   [Code Root Fixup: 0.0 ms]
   [Code Root Purge: 0.0 ms]
   [Clear CT: 0.8 ms]
   [Other: 3.7 ms]
      [Choose CSet: 0.0 ms]
      [Ref Proc: 2.8 ms]
      [Ref Enq: 0.1 ms]
      [Redirty Cards: 0.2 ms]
      [Humongous Register: 0.1 ms]
      [Humongous Reclaim: 0.0 ms]
      [Free CSet: 0.3 ms]
   [Eden: 7152.0M(7152.0M)->0.0B(5712.0M) Survivors: 16384.0K->16384.0K Heap: 10698.4M(14336.0M)->3545.2M(14336.0M)]
 [Times: user=0.23 sys=0.00, real=0.03 secs] 
2022-07-27T15:32:27.072-0700: 498118.577: [GC pause (G1 Evacuation Pause) (mixed), 0.0237367 secs]
   [Parallel Time: 18.7 ms, GC Workers: 8]
      [GC Worker Start (ms): Min: 498118576.8, Avg: 498118576.9, Max: 498118577.0, Diff: 0.2]
      [Ext Root Scanning (ms): Min: 1.1, Avg: 2.0, Max: 6.1, Diff: 4.9, Sum: 16.0]
      [Update RS (ms): Min: 3.1, Avg: 6.9, Max: 7.8, Diff: 4.7, Sum: 55.2]
         [Processed Buffers: Min: 24, Avg: 31.5, Max: 37, Diff: 13, Sum: 252]
      [Scan RS (ms): Min: 2.1, Avg: 2.3, Max: 2.4, Diff: 0.4, Sum: 18.2]
      [Code Root Scanning (ms): Min: 0.0, Avg: 0.1, Max: 0.6, Diff: 0.6, Sum: 0.7]
      [Object Copy (ms): Min: 6.7, Avg: 7.1, Max: 7.3, Diff: 0.5, Sum: 56.5]
      [Termination (ms): Min: 0.0, Avg: 0.0, Max: 0.0, Diff: 0.0, Sum: 0.0]
         [Termination Attempts: Min: 1, Avg: 1.2, Max: 2, Diff: 1, Sum: 10]
      [GC Worker Other (ms): Min: 0.0, Avg: 0.0, Max: 0.1, Diff: 0.1, Sum: 0.4]
      [GC Worker Total (ms): Min: 18.3, Avg: 18.4, Max: 18.5, Diff: 0.2, Sum: 147.0]
      [GC Worker End (ms): Min: 498118595.3, Avg: 498118595.3, Max: 498118595.3, Diff: 0.1]
   [Code Root Fixup: 0.0 ms]
   [Code Root Purge: 0.0 ms]
   [Clear CT: 0.8 ms]
   [Other: 4.2 ms]
      [Choose CSet: 0.0 ms]
      [Ref Proc: 3.5 ms]
      [Ref Enq: 0.1 ms]
      [Redirty Cards: 0.1 ms]
      [Humongous Register: 0.1 ms]
      [Humongous Reclaim: 0.0 ms]
      [Free CSet: 0.3 ms]
   [Eden: 5712.0M(5712.0M)->0.0B(7152.0M) Survivors: 16384.0K->16384.0K Heap: 9257.2M(14336.0M)->3487.1M(14336.0M)]
 [Times: user=0.16 sys=0.00, real=0.03 secs] 
2022-07-27T15:34:13.450-0700: 498224.955: [GC pause (G1 Evacuation Pause) (young), 0.0155236 secs]
   [Parallel Time: 12.8 ms, GC Workers: 8]
      [GC Worker Start (ms): Min: 498224955.3, Avg: 498224955.3, Max: 498224955.4, Diff: 0.1]
      [Ext Root Scanning (ms): Min: 1.5, Avg: 2.3, Max: 6.1, Diff: 4.6, Sum: 18.4]
      [Update RS (ms): Min: 4.7, Avg: 8.1, Max: 9.0, Diff: 4.3, Sum: 64.6]
         [Processed Buffers: Min: 13, Avg: 18.1, Max: 21, Diff: 8, Sum: 145]
      [Scan RS (ms): Min: 0.0, Avg: 0.1, Max: 0.1, Diff: 0.1, Sum: 0.4]
      [Code Root Scanning (ms): Min: 0.0, Avg: 0.0, Max: 0.0, Diff: 0.0, Sum: 0.1]
      [Object Copy (ms): Min: 1.6, Avg: 2.0, Max: 2.2, Diff: 0.6, Sum: 15.8]
      [Termination (ms): Min: 0.0, Avg: 0.0, Max: 0.0, Diff: 0.0, Sum: 0.0]
         [Termination Attempts: Min: 6, Avg: 9.6, Max: 16, Diff: 10, Sum: 77]
      [GC Worker Other (ms): Min: 0.0, Avg: 0.1, Max: 0.1, Diff: 0.1, Sum: 0.4]
      [GC Worker Total (ms): Min: 12.4, Avg: 12.5, Max: 12.6, Diff: 0.2, Sum: 99.8]
      [GC Worker End (ms): Min: 498224967.8, Avg: 498224967.8, Max: 498224967.9, Diff: 0.1]
   [Code Root Fixup: 0.0 ms]
   [Code Root Purge: 0.0 ms]
   [Clear CT: 0.7 ms]
   [Other: 2.1 ms]
      [Choose CSet: 0.0 ms]
      [Ref Proc: 1.4 ms]
      [Ref Enq: 0.1 ms]
      [Redirty Cards: 0.1 ms]
      [Humongous Register: 0.0 ms]
      [Humongous Reclaim: 0.0 ms]
      [Free CSet: 0.3 ms]
   [Eden: 7152.0M(7152.0M)->0.0B(7152.0M) Survivors: 16384.0K->16384.0K Heap: 10639.1M(14336.0M)->3505.2M(14336.0M)]
 [Times: user=0.11 sys=0.00, real=0.02 secs] 
2022-07-27T15:35:58.820-0700: 498330.325: [GC pause (G1 Evacuation Pause) (young) (initial-mark), 0.0169659 secs]
   [Parallel Time: 12.5 ms, GC Workers: 8]
      [GC Worker Start (ms): Min: 498330327.2, Avg: 498330327.3, Max: 498330327.4, Diff: 0.1]
      [Ext Root Scanning (ms): Min: 6.0, Avg: 6.2, Max: 6.4, Diff: 0.4, Sum: 49.7]
      [Update RS (ms): Min: 1.6, Avg: 1.8, Max: 2.3, Diff: 0.6, Sum: 14.1]
         [Processed Buffers: Min: 4, Avg: 6.1, Max: 8, Diff: 4, Sum: 49]
      [Scan RS (ms): Min: 0.0, Avg: 0.1, Max: 0.1, Diff: 0.1, Sum: 0.5]
      [Code Root Scanning (ms): Min: 0.0, Avg: 0.0, Max: 0.0, Diff: 0.0, Sum: 0.1]
      [Object Copy (ms): Min: 1.2, Avg: 1.9, Max: 2.1, Diff: 0.9, Sum: 15.1]
      [Termination (ms): Min: 0.0, Avg: 0.0, Max: 0.0, Diff: 0.0, Sum: 0.0]
         [Termination Attempts: Min: 1, Avg: 1.1, Max: 2, Diff: 1, Sum: 9]
      [GC Worker Other (ms): Min: 0.0, Avg: 0.1, Max: 0.2, Diff: 0.1, Sum: 0.6]
      [GC Worker Total (ms): Min: 9.9, Avg: 10.0, Max: 10.1, Diff: 0.2, Sum: 80.0]
      [GC Worker End (ms): Min: 498330337.2, Avg: 498330337.3, Max: 498330337.4, Diff: 0.1]
   [Code Root Fixup: 0.0 ms]
   [Code Root Purge: 0.0 ms]
   [Clear CT: 0.7 ms]
   [Other: 3.7 ms]
      [Choose CSet: 0.0 ms]
      [Ref Proc: 3.0 ms]
      [Ref Enq: 0.1 ms]
      [Redirty Cards: 0.1 ms]
      [Humongous Register: 0.0 ms]
      [Humongous Reclaim: 0.0 ms]
      [Free CSet: 0.3 ms]
   [Eden: 7152.0M(7152.0M)->0.0B(7152.0M) Survivors: 16384.0K->16384.0K Heap: 10657.2M(14336.0M)->3507.1M(14336.0M)]
 [Times: user=0.08 sys=0.00, real=0.02 secs] 
2022-07-27T15:35:58.837-0700: 498330.342: [GC concurrent-root-region-scan-start]
2022-07-27T15:35:58.848-0700: 498330.353: [GC concurrent-root-region-scan-end, 0.0107786 secs]
2022-07-27T15:35:58.848-0700: 498330.353: [GC concurrent-mark-start]
2022-07-27T15:36:01.510-0700: 498333.015: [GC concurrent-mark-end, 2.6619548 secs]
2022-07-27T15:36:01.510-0700: 498333.015: [GC remark 2022-07-27T15:36:01.511-0700: 498333.015: [Finalize Marking, 0.0004402 secs] 2022-07-27T15:36:01.511-0700: 498333.016: [GC ref-proc, 0.0107984 secs] 2022-07-27T15:36:01.522-0700: 498333.027: [Unloading, 0.0294835 secs], 0.0463489 secs]
 [Times: user=0.27 sys=0.00, real=0.05 secs] 
2022-07-27T15:36:01.557-0700: 498333.062: [GC cleanup 3723M->3723M(14336M), 0.0082891 secs]
 [Times: user=0.06 sys=0.00, real=0.01 secs] 
2022-07-27T15:37:44.925-0700: 498436.430: [GC pause (G1 Evacuation Pause) (young), 0.0106888 secs]
   [Parallel Time: 5.5 ms, GC Workers: 8]
      [GC Worker Start (ms): Min: 498436429.9, Avg: 498436430.0, Max: 498436430.0, Diff: 0.2]
      [Ext Root Scanning (ms): Min: 1.2, Avg: 2.0, Max: 5.3, Diff: 4.1, Sum: 15.7]
      [Update RS (ms): Min: 0.0, Avg: 1.5, Max: 2.0, Diff: 2.0, Sum: 11.7]
         [Processed Buffers: Min: 0, Avg: 6.8, Max: 16, Diff: 16, Sum: 54]
      [Scan RS (ms): Min: 0.0, Avg: 0.1, Max: 0.1, Diff: 0.1, Sum: 0.4]
      [Code Root Scanning (ms): Min: 0.0, Avg: 0.0, Max: 0.0, Diff: 0.0, Sum: 0.0]
      [Object Copy (ms): Min: 0.0, Avg: 1.1, Max: 1.4, Diff: 1.4, Sum: 9.0]
      [Termination (ms): Min: 0.0, Avg: 0.7, Max: 0.8, Diff: 0.8, Sum: 5.4]
         [Termination Attempts: Min: 1, Avg: 22.0, Max: 32, Diff: 31, Sum: 176]
      [GC Worker Other (ms): Min: 0.0, Avg: 0.0, Max: 0.0, Diff: 0.0, Sum: 0.1]
      [GC Worker Total (ms): Min: 5.2, Avg: 5.3, Max: 5.4, Diff: 0.1, Sum: 42.5]
      [GC Worker End (ms): Min: 498436435.3, Avg: 498436435.3, Max: 498436435.3, Diff: 0.0]
   [Code Root Fixup: 0.0 ms]
   [Code Root Purge: 0.0 ms]
   [Clear CT: 0.6 ms]
   [Other: 4.6 ms]
      [Choose CSet: 0.0 ms]
      [Ref Proc: 3.9 ms]
      [Ref Enq: 0.1 ms]
      [Redirty Cards: 0.1 ms]
      [Humongous Register: 0.1 ms]
      [Humongous Reclaim: 0.0 ms]
      [Free CSet: 0.3 ms]
   [Eden: 7152.0M(7152.0M)->0.0B(5712.0M) Survivors: 16384.0K->16384.0K Heap: 10659.1M(14336.0M)->3506.2M(14336.0M)]
 [Times: user=0.05 sys=0.00, real=0.01 secs] 
2022-07-27T15:39:09.576-0700: 498521.081: [GC pause (G1 Evacuation Pause) (mixed), 0.0207830 secs]
   [Parallel Time: 16.8 ms, GC Workers: 8]
      [GC Worker Start (ms): Min: 498521080.9, Avg: 498521080.9, Max: 498521081.0, Diff: 0.1]
      [Ext Root Scanning (ms): Min: 1.0, Avg: 1.9, Max: 6.5, Diff: 5.5, Sum: 15.2]
      [Update RS (ms): Min: 0.0, Avg: 1.0, Max: 1.5, Diff: 1.5, Sum: 8.3]
         [Processed Buffers: Min: 0, Avg: 5.2, Max: 18, Diff: 18, Sum: 42]
      [Scan RS (ms): Min: 0.0, Avg: 1.1, Max: 1.4, Diff: 1.4, Sum: 9.2]
      [Code Root Scanning (ms): Min: 0.0, Avg: 0.0, Max: 0.0, Diff: 0.0, Sum: 0.1]
      [Object Copy (ms): Min: 4.2, Avg: 5.1, Max: 10.1, Diff: 5.9, Sum: 41.1]
      [Termination (ms): Min: 0.0, Avg: 7.3, Max: 8.4, Diff: 8.4, Sum: 58.7]
         [Termination Attempts: Min: 1, Avg: 6.0, Max: 12, Diff: 11, Sum: 48]
      [GC Worker Other (ms): Min: 0.0, Avg: 0.0, Max: 0.0, Diff: 0.0, Sum: 0.1]
      [GC Worker Total (ms): Min: 16.5, Avg: 16.6, Max: 16.7, Diff: 0.1, Sum: 132.8]
      [GC Worker End (ms): Min: 498521097.5, Avg: 498521097.5, Max: 498521097.5, Diff: 0.0]
   [Code Root Fixup: 0.0 ms]
   [Code Root Purge: 0.0 ms]
   [Clear CT: 0.7 ms]
   [Other: 3.4 ms]
      [Choose CSet: 0.0 ms]
      [Ref Proc: 2.7 ms]
      [Ref Enq: 0.1 ms]
      [Redirty Cards: 0.1 ms]
      [Humongous Register: 0.0 ms]
      [Humongous Reclaim: 0.0 ms]
      [Free CSet: 0.2 ms]
   [Eden: 5712.0M(5712.0M)->0.0B(7152.0M) Survivors: 16384.0K->16384.0K Heap: 9218.2M(14336.0M)->3485.7M(14336.0M)]
 [Times: user=0.14 sys=0.00, real=0.02 secs] 
2022-07-27T15:40:58.311-0700: 498629.815: [GC pause (G1 Evacuation Pause) (young), 0.0151446 secs]
   [Parallel Time: 9.8 ms, GC Workers: 8]
      [GC Worker Start (ms): Min: 498629815.6, Avg: 498629815.7, Max: 498629815.8, Diff: 0.2]
      [Ext Root Scanning (ms): Min: 1.4, Avg: 2.2, Max: 5.8, Diff: 4.4, Sum: 17.4]
      [Update RS (ms): Min: 2.6, Avg: 5.8, Max: 6.6, Diff: 3.9, Sum: 46.2]
         [Processed Buffers: Min: 6, Avg: 13.6, Max: 20, Diff: 14, Sum: 109]
      [Scan RS (ms): Min: 0.0, Avg: 0.0, Max: 0.1, Diff: 0.1, Sum: 0.4]
      [Code Root Scanning (ms): Min: 0.0, Avg: 0.0, Max: 0.0, Diff: 0.0, Sum: 0.0]
      [Object Copy (ms): Min: 0.8, Avg: 1.1, Max: 1.3, Diff: 0.5, Sum: 9.1]
      [Termination (ms): Min: 0.0, Avg: 0.0, Max: 0.0, Diff: 0.0, Sum: 0.0]
         [Termination Attempts: Min: 1, Avg: 1.0, Max: 1, Diff: 0, Sum: 8]
      [GC Worker Other (ms): Min: 0.0, Avg: 0.1, Max: 0.2, Diff: 0.2, Sum: 0.6]
      [GC Worker Total (ms): Min: 9.1, Avg: 9.2, Max: 9.3, Diff: 0.2, Sum: 73.7]
      [GC Worker End (ms): Min: 498629824.8, Avg: 498629824.9, Max: 498629825.0, Diff: 0.2]
   [Code Root Fixup: 0.0 ms]
   [Code Root Purge: 0.0 ms]
   [Clear CT: 0.7 ms]
   [Other: 4.6 ms]
      [Choose CSet: 0.0 ms]
      [Ref Proc: 3.8 ms]
      [Ref Enq: 0.1 ms]
      [Redirty Cards: 0.1 ms]
      [Humongous Register: 0.0 ms]
      [Humongous Reclaim: 0.0 ms]
      [Free CSet: 0.3 ms]
   [Eden: 7152.0M(7152.0M)->0.0B(7152.0M) Survivors: 16384.0K->16384.0K Heap: 10637.7M(14336.0M)->3490.3M(14336.0M)]
 [Times: user=0.08 sys=0.00, real=0.02 secs] 
2022-07-27T15:42:44.917-0700: 498736.422: [GC pause (G1 Evacuation Pause) (young) (initial-mark), 0.0141249 secs]
   [Parallel Time: 9.6 ms, GC Workers: 8]
      [GC Worker Start (ms): Min: 498736424.1, Avg: 498736424.2, Max: 498736424.2, Diff: 0.1]
      [Ext Root Scanning (ms): Min: 4.8, Avg: 5.2, Max: 5.6, Diff: 0.8, Sum: 41.7]
      [Update RS (ms): Min: 0.9, Avg: 1.1, Max: 1.3, Diff: 0.4, Sum: 8.4]
         [Processed Buffers: Min: 2, Avg: 5.0, Max: 13, Diff: 11, Sum: 40]
      [Scan RS (ms): Min: 0.0, Avg: 0.1, Max: 0.1, Diff: 0.1, Sum: 0.4]
      [Code Root Scanning (ms): Min: 0.0, Avg: 0.0, Max: 0.0, Diff: 0.0, Sum: 0.0]
      [Object Copy (ms): Min: 0.7, Avg: 1.2, Max: 1.6, Diff: 0.8, Sum: 9.8]
      [Termination (ms): Min: 0.0, Avg: 0.0, Max: 0.0, Diff: 0.0, Sum: 0.1]
         [Termination Attempts: Min: 14, Avg: 22.4, Max: 27, Diff: 13, Sum: 179]
      [GC Worker Other (ms): Min: 0.0, Avg: 0.1, Max: 0.1, Diff: 0.1, Sum: 0.4]
      [GC Worker Total (ms): Min: 7.5, Avg: 7.6, Max: 7.7, Diff: 0.1, Sum: 60.9]
      [GC Worker End (ms): Min: 498736431.7, Avg: 498736431.8, Max: 498736431.8, Diff: 0.1]
   [Code Root Fixup: 0.0 ms]
   [Code Root Purge: 0.0 ms]
   [Clear CT: 0.7 ms]
   [Other: 3.8 ms]
      [Choose CSet: 0.0 ms]
      [Ref Proc: 3.1 ms]
      [Ref Enq: 0.1 ms]
      [Redirty Cards: 0.1 ms]
      [Humongous Register: 0.0 ms]
      [Humongous Reclaim: 0.0 ms]
      [Free CSet: 0.3 ms]
   [Eden: 7152.0M(7152.0M)->0.0B(7152.0M) Survivors: 16384.0K->16384.0K Heap: 10642.3M(14336.0M)->3492.0M(14336.0M)]
 [Times: user=0.07 sys=0.00, real=0.01 secs] 
2022-07-27T15:42:44.932-0700: 498736.436: [GC concurrent-root-region-scan-start]
2022-07-27T15:42:44.941-0700: 498736.446: [GC concurrent-root-region-scan-end, 0.0093966 secs]
2022-07-27T15:42:44.941-0700: 498736.446: [GC concurrent-mark-start]
2022-07-27T15:42:47.565-0700: 498739.070: [GC concurrent-mark-end, 2.6238938 secs]
2022-07-27T15:42:47.565-0700: 498739.070: [GC remark 2022-07-27T15:42:47.565-0700: 498739.070: [Finalize Marking, 0.0002184 secs] 2022-07-27T15:42:47.566-0700: 498739.070: [GC ref-proc, 0.0118281 secs] 2022-07-27T15:42:47.577-0700: 498739.082: [Unloading, 0.0298298 secs], 0.0475041 secs]
 [Times: user=0.27 sys=0.00, real=0.04 secs] 
2022-07-27T15:42:47.613-0700: 498739.118: [GC cleanup 3648M->3648M(14336M), 0.0085455 secs]
 [Times: user=0.06 sys=0.00, real=0.01 secs] 
2022-07-27T15:44:31.862-0700: 498843.367: [GC pause (G1 Evacuation Pause) (young), 0.0091915 secs]
   [Parallel Time: 5.9 ms, GC Workers: 8]
      [GC Worker Start (ms): Min: 498843367.2, Avg: 498843367.2, Max: 498843367.3, Diff: 0.1]
      [Ext Root Scanning (ms): Min: 1.4, Avg: 2.1, Max: 5.7, Diff: 4.3, Sum: 17.0]
      [Update RS (ms): Min: 0.0, Avg: 1.3, Max: 2.1, Diff: 2.1, Sum: 10.3]
         [Processed Buffers: Min: 0, Avg: 4.9, Max: 13, Diff: 13, Sum: 39]
      [Scan RS (ms): Min: 0.0, Avg: 0.1, Max: 0.1, Diff: 0.1, Sum: 0.5]
      [Code Root Scanning (ms): Min: 0.0, Avg: 0.0, Max: 0.0, Diff: 0.0, Sum: 0.0]
      [Object Copy (ms): Min: 0.0, Avg: 1.4, Max: 1.8, Diff: 1.8, Sum: 11.2]
      [Termination (ms): Min: 0.0, Avg: 0.8, Max: 0.9, Diff: 0.9, Sum: 6.4]
         [Termination Attempts: Min: 1, Avg: 1.4, Max: 3, Diff: 2, Sum: 11]
      [GC Worker Other (ms): Min: 0.0, Avg: 0.0, Max: 0.0, Diff: 0.0, Sum: 0.1]
      [GC Worker Total (ms): Min: 5.6, Avg: 5.7, Max: 5.8, Diff: 0.1, Sum: 45.6]
      [GC Worker End (ms): Min: 498843372.9, Avg: 498843372.9, Max: 498843372.9, Diff: 0.0]
   [Code Root Fixup: 0.0 ms]
   [Code Root Purge: 0.0 ms]
   [Clear CT: 0.7 ms]
   [Other: 2.7 ms]
      [Choose CSet: 0.0 ms]
      [Ref Proc: 2.0 ms]
      [Ref Enq: 0.1 ms]
      [Redirty Cards: 0.1 ms]
      [Humongous Register: 0.0 ms]
      [Humongous Reclaim: 0.0 ms]
      [Free CSet: 0.3 ms]
   [Eden: 7152.0M(7152.0M)->0.0B(5712.0M) Survivors: 16384.0K->16384.0K Heap: 10644.0M(14336.0M)->3493.8M(14336.0M)]
 [Times: user=0.05 sys=0.00, real=0.01 secs] 
2022-07-27T15:45:59.224-0700: 498930.729: [GC pause (G1 Evacuation Pause) (mixed), 0.0150256 secs]
   [Parallel Time: 9.3 ms, GC Workers: 8]
      [GC Worker Start (ms): Min: 498930728.7, Avg: 498930728.8, Max: 498930728.9, Diff: 0.2]
      [Ext Root Scanning (ms): Min: 1.1, Avg: 2.0, Max: 6.8, Diff: 5.7, Sum: 16.4]
      [Update RS (ms): Min: 0.0, Avg: 0.9, Max: 1.6, Diff: 1.6, Sum: 6.9]
         [Processed Buffers: Min: 0, Avg: 4.2, Max: 14, Diff: 14, Sum: 34]
      [Scan RS (ms): Min: 0.0, Avg: 0.3, Max: 0.5, Diff: 0.4, Sum: 2.3]
      [Code Root Scanning (ms): Min: 0.0, Avg: 0.0, Max: 0.0, Diff: 0.0, Sum: 0.0]
      [Object Copy (ms): Min: 2.1, Avg: 5.6, Max: 6.2, Diff: 4.1, Sum: 44.8]
      [Termination (ms): Min: 0.0, Avg: 0.0, Max: 0.0, Diff: 0.0, Sum: 0.0]
         [Termination Attempts: Min: 1, Avg: 3.9, Max: 8, Diff: 7, Sum: 31]
      [GC Worker Other (ms): Min: 0.0, Avg: 0.1, Max: 0.1, Diff: 0.1, Sum: 0.6]
      [GC Worker Total (ms): Min: 8.8, Avg: 8.9, Max: 9.0, Diff: 0.2, Sum: 71.0]
      [GC Worker End (ms): Min: 498930737.7, Avg: 498930737.7, Max: 498930737.8, Diff: 0.1]
   [Code Root Fixup: 0.0 ms]
   [Code Root Purge: 0.0 ms]
   [Clear CT: 0.8 ms]
   [Other: 4.9 ms]
      [Choose CSet: 0.0 ms]
      [Ref Proc: 4.1 ms]
      [Ref Enq: 0.1 ms]
      [Redirty Cards: 0.1 ms]
      [Humongous Register: 0.1 ms]
      [Humongous Reclaim: 0.0 ms]
      [Free CSet: 0.3 ms]
   [Eden: 5712.0M(5712.0M)->0.0B(7152.0M) Survivors: 16384.0K->16384.0K Heap: 9205.8M(14336.0M)->3488.7M(14336.0M)]
 [Times: user=0.09 sys=0.00, real=0.01 secs] 
2022-07-27T15:47:48.621-0700: 499040.126: [GC pause (G1 Evacuation Pause) (young), 0.0190776 secs]
   [Parallel Time: 15.1 ms, GC Workers: 8]
      [GC Worker Start (ms): Min: 499040126.3, Avg: 499040126.3, Max: 499040126.4, Diff: 0.1]
      [Ext Root Scanning (ms): Min: 1.0, Avg: 1.7, Max: 5.0, Diff: 4.0, Sum: 13.7]
      [Update RS (ms): Min: 1.5, Avg: 4.3, Max: 4.9, Diff: 3.4, Sum: 34.5]
         [Processed Buffers: Min: 8, Avg: 15.1, Max: 32, Diff: 24, Sum: 121]
      [Scan RS (ms): Min: 0.0, Avg: 0.0, Max: 0.1, Diff: 0.1, Sum: 0.4]
      [Code Root Scanning (ms): Min: 0.0, Avg: 0.0, Max: 0.0, Diff: 0.0, Sum: 0.0]
      [Object Copy (ms): Min: 1.0, Avg: 2.3, Max: 8.8, Diff: 7.8, Sum: 18.6]
      [Termination (ms): Min: 0.0, Avg: 6.4, Max: 7.3, Diff: 7.3, Sum: 51.0]
         [Termination Attempts: Min: 1, Avg: 5.2, Max: 9, Diff: 8, Sum: 42]
      [GC Worker Other (ms): Min: 0.0, Avg: 0.0, Max: 0.0, Diff: 0.0, Sum: 0.2]
      [GC Worker Total (ms): Min: 14.7, Avg: 14.8, Max: 14.9, Diff: 0.1, Sum: 118.3]
      [GC Worker End (ms): Min: 499040141.1, Avg: 499040141.1, Max: 499040141.1, Diff: 0.0]
   [Code Root Fixup: 0.0 ms]
   [Code Root Purge: 0.0 ms]
   [Clear CT: 0.6 ms]
   [Other: 3.3 ms]
      [Choose CSet: 0.0 ms]
      [Ref Proc: 2.6 ms]
      [Ref Enq: 0.1 ms]
      [Redirty Cards: 0.1 ms]
      [Humongous Register: 0.1 ms]
      [Humongous Reclaim: 0.0 ms]
      [Free CSet: 0.3 ms]
   [Eden: 7152.0M(7152.0M)->0.0B(7152.0M) Survivors: 16384.0K->16384.0K Heap: 10640.7M(14336.0M)->3496.5M(14336.0M)]
 [Times: user=0.12 sys=0.00, real=0.02 secs] 
2022-07-27T15:49:36.123-0700: 499147.628: [GC pause (G1 Evacuation Pause) (young) (initial-mark), 0.0164951 secs]
   [Parallel Time: 12.3 ms, GC Workers: 8]
      [GC Worker Start (ms): Min: 499147630.3, Avg: 499147630.4, Max: 499147630.5, Diff: 0.1]
      [Ext Root Scanning (ms): Min: 5.5, Avg: 5.8, Max: 6.2, Diff: 0.7, Sum: 46.4]
      [Update RS (ms): Min: 0.9, Avg: 1.0, Max: 1.3, Diff: 0.4, Sum: 8.2]
         [Processed Buffers: Min: 2, Avg: 5.4, Max: 11, Diff: 9, Sum: 43]
      [Scan RS (ms): Min: 0.0, Avg: 0.1, Max: 0.1, Diff: 0.1, Sum: 0.4]
      [Code Root Scanning (ms): Min: 0.0, Avg: 0.0, Max: 0.0, Diff: 0.0, Sum: 0.0]
      [Object Copy (ms): Min: 2.6, Avg: 2.9, Max: 3.3, Diff: 0.7, Sum: 23.3]
      [Termination (ms): Min: 0.0, Avg: 0.0, Max: 0.0, Diff: 0.0, Sum: 0.0]
         [Termination Attempts: Min: 1, Avg: 1.0, Max: 1, Diff: 0, Sum: 8]
      [GC Worker Other (ms): Min: 0.0, Avg: 0.1, Max: 0.1, Diff: 0.1, Sum: 0.5]
      [GC Worker Total (ms): Min: 9.8, Avg: 9.9, Max: 9.9, Diff: 0.2, Sum: 78.9]
      [GC Worker End (ms): Min: 499147640.2, Avg: 499147640.3, Max: 499147640.3, Diff: 0.1]
   [Code Root Fixup: 0.0 ms]
   [Code Root Purge: 0.0 ms]
   [Clear CT: 0.8 ms]
   [Other: 3.4 ms]
      [Choose CSet: 0.0 ms]
      [Ref Proc: 2.7 ms]
      [Ref Enq: 0.1 ms]
      [Redirty Cards: 0.1 ms]
      [Humongous Register: 0.0 ms]
      [Humongous Reclaim: 0.0 ms]
      [Free CSet: 0.3 ms]
   [Eden: 7152.0M(7152.0M)->0.0B(7152.0M) Survivors: 16384.0K->16384.0K Heap: 10648.5M(14336.0M)->3505.1M(14336.0M)]
 [Times: user=0.08 sys=0.00, real=0.01 secs] 
2022-07-27T15:49:36.140-0700: 499147.645: [GC concurrent-root-region-scan-start]
2022-07-27T15:49:36.151-0700: 499147.655: [GC concurrent-root-region-scan-end, 0.0107925 secs]
2022-07-27T15:49:36.151-0700: 499147.655: [GC concurrent-mark-start]
2022-07-27T15:49:38.784-0700: 499150.289: [GC concurrent-mark-end, 2.6331586 secs]
2022-07-27T15:49:38.784-0700: 499150.289: [GC remark 2022-07-27T15:49:38.784-0700: 499150.289: [Finalize Marking, 0.0002745 secs] 2022-07-27T15:49:38.785-0700: 499150.289: [GC ref-proc, 0.0109055 secs] 2022-07-27T15:49:38.796-0700: 499150.300: [Unloading, 0.0271748 secs], 0.0439400 secs]
 [Times: user=0.26 sys=0.00, real=0.04 secs] 
2022-07-27T15:49:38.829-0700: 499150.333: [GC cleanup 3713M->3713M(14336M), 0.0088574 secs]
 [Times: user=0.06 sys=0.00, real=0.01 secs] 
2022-07-27T15:51:26.017-0700: 499257.522: [GC pause (G1 Evacuation Pause) (young), 0.0104140 secs]
   [Parallel Time: 6.2 ms, GC Workers: 8]
      [GC Worker Start (ms): Min: 499257521.9, Avg: 499257522.0, Max: 499257522.0, Diff: 0.1]
      [Ext Root Scanning (ms): Min: 1.2, Avg: 2.0, Max: 5.9, Diff: 4.7, Sum: 16.0]
      [Update RS (ms): Min: 0.0, Avg: 1.1, Max: 1.7, Diff: 1.7, Sum: 8.9]
         [Processed Buffers: Min: 0, Avg: 5.2, Max: 9, Diff: 9, Sum: 42]
      [Scan RS (ms): Min: 0.0, Avg: 0.1, Max: 0.1, Diff: 0.1, Sum: 0.5]
      [Code Root Scanning (ms): Min: 0.0, Avg: 0.0, Max: 0.0, Diff: 0.0, Sum: 0.0]
      [Object Copy (ms): Min: 0.0, Avg: 2.0, Max: 2.5, Diff: 2.5, Sum: 16.3]
      [Termination (ms): Min: 0.0, Avg: 0.7, Max: 0.8, Diff: 0.8, Sum: 5.5]
         [Termination Attempts: Min: 1, Avg: 26.6, Max: 38, Diff: 37, Sum: 213]
      [GC Worker Other (ms): Min: 0.0, Avg: 0.0, Max: 0.0, Diff: 0.0, Sum: 0.1]
      [GC Worker Total (ms): Min: 5.8, Avg: 5.9, Max: 6.0, Diff: 0.1, Sum: 47.3]
      [GC Worker End (ms): Min: 499257527.9, Avg: 499257527.9, Max: 499257527.9, Diff: 0.0]
   [Code Root Fixup: 0.0 ms]
   [Code Root Purge: 0.0 ms]
   [Clear CT: 0.6 ms]
   [Other: 3.6 ms]
      [Choose CSet: 0.0 ms]
      [Ref Proc: 3.0 ms]
      [Ref Enq: 0.1 ms]
      [Redirty Cards: 0.1 ms]
      [Humongous Register: 0.0 ms]
      [Humongous Reclaim: 0.0 ms]
      [Free CSet: 0.3 ms]
   [Eden: 7152.0M(7152.0M)->0.0B(5712.0M) Survivors: 16384.0K->16384.0K Heap: 10657.1M(14336.0M)->3501.7M(14336.0M)]
 [Times: user=0.06 sys=0.00, real=0.01 secs] 
2022-07-27T15:52:52.017-0700: 499343.521: [GC pause (G1 Evacuation Pause) (mixed), 0.0131800 secs]
   [Parallel Time: 8.8 ms, GC Workers: 8]
      [GC Worker Start (ms): Min: 499343521.5, Avg: 499343521.6, Max: 499343521.6, Diff: 0.1]
      [Ext Root Scanning (ms): Min: 1.2, Avg: 2.1, Max: 6.8, Diff: 5.5, Sum: 17.1]
      [Update RS (ms): Min: 0.0, Avg: 1.3, Max: 1.9, Diff: 1.9, Sum: 10.1]
         [Processed Buffers: Min: 0, Avg: 5.2, Max: 20, Diff: 20, Sum: 42]
      [Scan RS (ms): Min: 0.0, Avg: 0.6, Max: 0.9, Diff: 0.8, Sum: 4.8]
      [Code Root Scanning (ms): Min: 0.0, Avg: 0.0, Max: 0.0, Diff: 0.0, Sum: 0.0]
      [Object Copy (ms): Min: 1.7, Avg: 4.4, Max: 4.9, Diff: 3.2, Sum: 35.4]
      [Termination (ms): Min: 0.0, Avg: 0.0, Max: 0.0, Diff: 0.0, Sum: 0.0]
         [Termination Attempts: Min: 1, Avg: 5.5, Max: 10, Diff: 9, Sum: 44]
      [GC Worker Other (ms): Min: 0.0, Avg: 0.1, Max: 0.1, Diff: 0.1, Sum: 0.4]
      [GC Worker Total (ms): Min: 8.4, Avg: 8.5, Max: 8.6, Diff: 0.1, Sum: 67.9]
      [GC Worker End (ms): Min: 499343530.0, Avg: 499343530.1, Max: 499343530.1, Diff: 0.1]
   [Code Root Fixup: 0.0 ms]
   [Code Root Purge: 0.0 ms]
   [Clear CT: 0.9 ms]
   [Other: 3.5 ms]
      [Choose CSet: 0.0 ms]
      [Ref Proc: 2.8 ms]
      [Ref Enq: 0.1 ms]
      [Redirty Cards: 0.1 ms]
      [Humongous Register: 0.1 ms]
      [Humongous Reclaim: 0.0 ms]
      [Free CSet: 0.2 ms]
   [Eden: 5712.0M(5712.0M)->0.0B(7152.0M) Survivors: 16384.0K->16384.0K Heap: 9213.7M(14336.0M)->3497.0M(14336.0M)]
 [Times: user=0.08 sys=0.00, real=0.01 secs] 
2022-07-27T15:54:39.155-0700: 499450.659: [GC pause (G1 Evacuation Pause) (young), 0.0119273 secs]
   [Parallel Time: 9.0 ms, GC Workers: 8]
      [GC Worker Start (ms): Min: 499450659.6, Avg: 499450659.6, Max: 499450659.7, Diff: 0.1]
      [Ext Root Scanning (ms): Min: 1.1, Avg: 2.2, Max: 5.6, Diff: 4.5, Sum: 17.4]
      [Update RS (ms): Min: 0.0, Avg: 3.3, Max: 4.6, Diff: 4.6, Sum: 26.6]
         [Processed Buffers: Min: 0, Avg: 12.0, Max: 22, Diff: 22, Sum: 96]
      [Scan RS (ms): Min: 0.0, Avg: 0.0, Max: 0.1, Diff: 0.1, Sum: 0.4]
      [Code Root Scanning (ms): Min: 0.0, Avg: 0.0, Max: 0.0, Diff: 0.0, Sum: 0.0]
      [Object Copy (ms): Min: 2.8, Avg: 3.1, Max: 3.3, Diff: 0.4, Sum: 24.8]
      [Termination (ms): Min: 0.0, Avg: 0.0, Max: 0.0, Diff: 0.0, Sum: 0.0]
         [Termination Attempts: Min: 1, Avg: 3.8, Max: 7, Diff: 6, Sum: 30]
      [GC Worker Other (ms): Min: 0.0, Avg: 0.1, Max: 0.1, Diff: 0.1, Sum: 0.5]
      [GC Worker Total (ms): Min: 8.7, Avg: 8.7, Max: 8.8, Diff: 0.1, Sum: 69.7]
      [GC Worker End (ms): Min: 499450668.3, Avg: 499450668.3, Max: 499450668.4, Diff: 0.1]
   [Code Root Fixup: 0.0 ms]
   [Code Root Purge: 0.0 ms]
   [Clear CT: 0.8 ms]
   [Other: 2.1 ms]
      [Choose CSet: 0.0 ms]
      [Ref Proc: 1.5 ms]
      [Ref Enq: 0.1 ms]
      [Redirty Cards: 0.1 ms]
      [Humongous Register: 0.1 ms]
      [Humongous Reclaim: 0.0 ms]
      [Free CSet: 0.3 ms]
   [Eden: 7152.0M(7152.0M)->0.0B(7152.0M) Survivors: 16384.0K->16384.0K Heap: 10649.0M(14336.0M)->3505.1M(14336.0M)]
 [Times: user=0.07 sys=0.00, real=0.01 secs] 
2022-07-27T15:56:26.952-0700: 499558.457: [GC pause (G1 Evacuation Pause) (young) (initial-mark), 0.0212601 secs]
   [Parallel Time: 17.7 ms, GC Workers: 8]
      [GC Worker Start (ms): Min: 499558458.6, Avg: 499558458.7, Max: 499558458.8, Diff: 0.2]
      [Ext Root Scanning (ms): Min: 6.4, Avg: 6.8, Max: 7.2, Diff: 0.7, Sum: 54.3]
      [Update RS (ms): Min: 1.2, Avg: 1.4, Max: 1.7, Diff: 0.4, Sum: 11.3]
         [Processed Buffers: Min: 3, Avg: 5.6, Max: 15, Diff: 12, Sum: 45]
      [Scan RS (ms): Min: 0.0, Avg: 0.1, Max: 0.2, Diff: 0.1, Sum: 0.5]
      [Code Root Scanning (ms): Min: 0.0, Avg: 0.0, Max: 0.0, Diff: 0.0, Sum: 0.1]
      [Object Copy (ms): Min: 6.7, Avg: 7.1, Max: 7.5, Diff: 0.8, Sum: 57.0]
      [Termination (ms): Min: 0.0, Avg: 0.2, Max: 0.2, Diff: 0.2, Sum: 1.2]
         [Termination Attempts: Min: 1, Avg: 1.0, Max: 1, Diff: 0, Sum: 8]
      [GC Worker Other (ms): Min: 0.0, Avg: 0.0, Max: 0.1, Diff: 0.1, Sum: 0.3]
      [GC Worker Total (ms): Min: 15.5, Avg: 15.6, Max: 15.7, Diff: 0.2, Sum: 124.7]
      [GC Worker End (ms): Min: 499558474.3, Avg: 499558474.3, Max: 499558474.3, Diff: 0.1]
   [Code Root Fixup: 0.0 ms]
   [Code Root Purge: 0.0 ms]
   [Clear CT: 0.7 ms]
   [Other: 2.8 ms]
      [Choose CSet: 0.0 ms]
      [Ref Proc: 2.0 ms]
      [Ref Enq: 0.1 ms]
      [Redirty Cards: 0.1 ms]
      [Humongous Register: 0.0 ms]
      [Humongous Reclaim: 0.0 ms]
      [Free CSet: 0.3 ms]
   [Eden: 7152.0M(7152.0M)->0.0B(7152.0M) Survivors: 16384.0K->16384.0K Heap: 10657.1M(14336.0M)->3512.3M(14336.0M)]
 [Times: user=0.09 sys=0.00, real=0.02 secs] 
2022-07-27T15:56:26.973-0700: 499558.478: [GC concurrent-root-region-scan-start]
2022-07-27T15:56:26.983-0700: 499558.487: [GC concurrent-root-region-scan-end, 0.0091848 secs]
2022-07-27T15:56:26.983-0700: 499558.487: [GC concurrent-mark-start]
2022-07-27T15:56:29.591-0700: 499561.096: [GC concurrent-mark-end, 2.6083937 secs]
2022-07-27T15:56:29.591-0700: 499561.096: [GC remark 2022-07-27T15:56:29.591-0700: 499561.096: [Finalize Marking, 0.0002886 secs] 2022-07-27T15:56:29.592-0700: 499561.096: [GC ref-proc, 0.0075099 secs] 2022-07-27T15:56:29.599-0700: 499561.104: [Unloading, 0.0281553 secs], 0.0416043 secs]
 [Times: user=0.25 sys=0.00, real=0.04 secs] 
2022-07-27T15:56:29.633-0700: 499561.138: [GC cleanup 3736M->3736M(14336M), 0.0084881 secs]
 [Times: user=0.06 sys=0.00, real=0.01 secs] 
2022-07-27T15:58:12.935-0700: 499664.440: [GC pause (G1 Evacuation Pause) (young), 0.0112751 secs]
   [Parallel Time: 5.9 ms, GC Workers: 8]
      [GC Worker Start (ms): Min: 499664439.7, Avg: 499664439.8, Max: 499664439.9, Diff: 0.2]
      [Ext Root Scanning (ms): Min: 0.8, Avg: 1.6, Max: 5.5, Diff: 4.6, Sum: 12.8]
      [Update RS (ms): Min: 0.0, Avg: 1.3, Max: 1.8, Diff: 1.8, Sum: 10.1]
         [Processed Buffers: Min: 0, Avg: 6.4, Max: 23, Diff: 23, Sum: 51]
      [Scan RS (ms): Min: 0.0, Avg: 0.1, Max: 0.1, Diff: 0.1, Sum: 0.4]
      [Code Root Scanning (ms): Min: 0.0, Avg: 0.0, Max: 0.0, Diff: 0.0, Sum: 0.0]
      [Object Copy (ms): Min: 0.0, Avg: 1.6, Max: 1.9, Diff: 1.9, Sum: 12.6]
      [Termination (ms): Min: 0.0, Avg: 0.9, Max: 1.1, Diff: 1.1, Sum: 7.4]
         [Termination Attempts: Min: 1, Avg: 22.2, Max: 33, Diff: 32, Sum: 178]
      [GC Worker Other (ms): Min: 0.0, Avg: 0.0, Max: 0.1, Diff: 0.1, Sum: 0.2]
      [GC Worker Total (ms): Min: 5.4, Avg: 5.4, Max: 5.5, Diff: 0.1, Sum: 43.6]
      [GC Worker End (ms): Min: 499664445.2, Avg: 499664445.2, Max: 499664445.3, Diff: 0.0]
   [Code Root Fixup: 0.0 ms]
   [Code Root Purge: 0.0 ms]
   [Clear CT: 0.6 ms]
   [Other: 4.8 ms]
      [Choose CSet: 0.0 ms]
      [Ref Proc: 4.1 ms]
      [Ref Enq: 0.1 ms]
      [Redirty Cards: 0.1 ms]
      [Humongous Register: 0.1 ms]
      [Humongous Reclaim: 0.0 ms]
      [Free CSet: 0.3 ms]
   [Eden: 7152.0M(7152.0M)->0.0B(5712.0M) Survivors: 16384.0K->16384.0K Heap: 10664.3M(14336.0M)->3506.4M(14336.0M)]
 [Times: user=0.06 sys=0.00, real=0.01 secs] 
2022-07-27T15:59:39.362-0700: 499750.867: [GC pause (G1 Evacuation Pause) (mixed), 0.0150595 secs]
   [Parallel Time: 12.2 ms, GC Workers: 8]
      [GC Worker Start (ms): Min: 499750867.0, Avg: 499750867.0, Max: 499750867.1, Diff: 0.1]
      [Ext Root Scanning (ms): Min: 1.1, Avg: 2.0, Max: 6.7, Diff: 5.6, Sum: 16.0]
      [Update RS (ms): Min: 0.0, Avg: 1.7, Max: 2.5, Diff: 2.5, Sum: 14.0]
         [Processed Buffers: Min: 0, Avg: 6.8, Max: 24, Diff: 24, Sum: 54]
      [Scan RS (ms): Min: 0.0, Avg: 0.9, Max: 1.1, Diff: 1.1, Sum: 6.8]
      [Code Root Scanning (ms): Min: 0.0, Avg: 0.0, Max: 0.0, Diff: 0.0, Sum: 0.0]
      [Object Copy (ms): Min: 5.2, Avg: 7.4, Max: 7.7, Diff: 2.5, Sum: 58.9]
      [Termination (ms): Min: 0.0, Avg: 0.0, Max: 0.0, Diff: 0.0, Sum: 0.0]
         [Termination Attempts: Min: 1, Avg: 1.0, Max: 1, Diff: 0, Sum: 8]
      [GC Worker Other (ms): Min: 0.0, Avg: 0.1, Max: 0.1, Diff: 0.1, Sum: 0.5]
      [GC Worker Total (ms): Min: 11.9, Avg: 12.0, Max: 12.1, Diff: 0.1, Sum: 96.2]
      [GC Worker End (ms): Min: 499750879.0, Avg: 499750879.0, Max: 499750879.1, Diff: 0.1]
   [Code Root Fixup: 0.0 ms]
   [Code Root Purge: 0.0 ms]
   [Clear CT: 0.9 ms]
   [Other: 1.9 ms]
      [Choose CSet: 0.0 ms]
      [Ref Proc: 1.3 ms]
      [Ref Enq: 0.1 ms]
      [Redirty Cards: 0.1 ms]
      [Humongous Register: 0.1 ms]
      [Humongous Reclaim: 0.0 ms]
      [Free CSet: 0.2 ms]
   [Eden: 5712.0M(5712.0M)->0.0B(7152.0M) Survivors: 16384.0K->16384.0K Heap: 9218.4M(14336.0M)->3492.1M(14336.0M)]
 [Times: user=0.11 sys=0.00, real=0.02 secs] 
2022-07-27T16:01:27.667-0700: 499859.172: [GC pause (G1 Evacuation Pause) (young), 0.0127005 secs]
   [Parallel Time: 9.7 ms, GC Workers: 8]
      [GC Worker Start (ms): Min: 499859172.1, Avg: 499859172.2, Max: 499859172.2, Diff: 0.2]
      [Ext Root Scanning (ms): Min: 1.1, Avg: 1.8, Max: 5.1, Diff: 4.1, Sum: 14.5]
      [Update RS (ms): Min: 2.5, Avg: 5.5, Max: 6.3, Diff: 3.8, Sum: 43.8]
         [Processed Buffers: Min: 9, Avg: 17.1, Max: 22, Diff: 13, Sum: 137]
      [Scan RS (ms): Min: 0.0, Avg: 0.0, Max: 0.1, Diff: 0.1, Sum: 0.4]
      [Code Root Scanning (ms): Min: 0.0, Avg: 0.0, Max: 0.0, Diff: 0.0, Sum: 0.0]
      [Object Copy (ms): Min: 1.7, Avg: 2.0, Max: 2.1, Diff: 0.4, Sum: 15.8]
      [Termination (ms): Min: 0.0, Avg: 0.0, Max: 0.0, Diff: 0.0, Sum: 0.0]
         [Termination Attempts: Min: 1, Avg: 2.9, Max: 5, Diff: 4, Sum: 23]
      [GC Worker Other (ms): Min: 0.0, Avg: 0.0, Max: 0.1, Diff: 0.1, Sum: 0.4]
      [GC Worker Total (ms): Min: 9.3, Avg: 9.4, Max: 9.4, Diff: 0.1, Sum: 74.9]
      [GC Worker End (ms): Min: 499859181.5, Avg: 499859181.5, Max: 499859181.5, Diff: 0.1]
   [Code Root Fixup: 0.0 ms]
   [Code Root Purge: 0.0 ms]
   [Clear CT: 0.8 ms]
   [Other: 2.3 ms]
      [Choose CSet: 0.0 ms]
      [Ref Proc: 1.6 ms]
      [Ref Enq: 0.1 ms]
      [Redirty Cards: 0.1 ms]
      [Humongous Register: 0.1 ms]
      [Humongous Reclaim: 0.0 ms]
      [Free CSet: 0.3 ms]
   [Eden: 7152.0M(7152.0M)->0.0B(7152.0M) Survivors: 16384.0K->16384.0K Heap: 10644.1M(14336.0M)->3502.4M(14336.0M)]
 [Times: user=0.08 sys=0.00, real=0.01 secs] 
2022-07-27T16:03:13.469-0700: 499964.974: [GC pause (G1 Evacuation Pause) (young) (initial-mark), 0.0166093 secs]
   [Parallel Time: 11.1 ms, GC Workers: 8]
      [GC Worker Start (ms): Min: 499964976.3, Avg: 499964976.4, Max: 499964976.5, Diff: 0.2]
      [Ext Root Scanning (ms): Min: 5.7, Avg: 5.9, Max: 6.0, Diff: 0.3, Sum: 47.2]
      [Update RS (ms): Min: 1.7, Avg: 1.8, Max: 2.0, Diff: 0.3, Sum: 14.5]
         [Processed Buffers: Min: 3, Avg: 6.5, Max: 19, Diff: 16, Sum: 52]
      [Scan RS (ms): Min: 0.0, Avg: 0.1, Max: 0.1, Diff: 0.1, Sum: 0.4]
      [Code Root Scanning (ms): Min: 0.0, Avg: 0.0, Max: 0.0, Diff: 0.0, Sum: 0.0]
      [Object Copy (ms): Min: 0.8, Avg: 1.1, Max: 1.3, Diff: 0.4, Sum: 8.7]
      [Termination (ms): Min: 0.0, Avg: 0.0, Max: 0.0, Diff: 0.0, Sum: 0.0]
         [Termination Attempts: Min: 3, Avg: 6.0, Max: 9, Diff: 6, Sum: 48]
      [GC Worker Other (ms): Min: 0.0, Avg: 0.1, Max: 0.1, Diff: 0.1, Sum: 0.5]
      [GC Worker Total (ms): Min: 8.8, Avg: 8.9, Max: 9.1, Diff: 0.2, Sum: 71.3]
      [GC Worker End (ms): Min: 499964985.2, Avg: 499964985.3, Max: 499964985.4, Diff: 0.1]
   [Code Root Fixup: 0.0 ms]
   [Code Root Purge: 0.0 ms]
   [Clear CT: 0.7 ms]
   [Other: 4.8 ms]
      [Choose CSet: 0.0 ms]
      [Ref Proc: 4.0 ms]
      [Ref Enq: 0.1 ms]
      [Redirty Cards: 0.1 ms]
      [Humongous Register: 0.0 ms]
      [Humongous Reclaim: 0.0 ms]
      [Free CSet: 0.3 ms]
   [Eden: 7152.0M(7152.0M)->0.0B(7152.0M) Survivors: 16384.0K->16384.0K Heap: 10654.4M(14336.0M)->3505.2M(14336.0M)]
 [Times: user=0.07 sys=0.00, real=0.02 secs] 
2022-07-27T16:03:13.486-0700: 499964.991: [GC concurrent-root-region-scan-start]
2022-07-27T16:03:13.496-0700: 499965.001: [GC concurrent-root-region-scan-end, 0.0099503 secs]
2022-07-27T16:03:13.496-0700: 499965.001: [GC concurrent-mark-start]
2022-07-27T16:03:16.084-0700: 499967.589: [GC concurrent-mark-end, 2.5880697 secs]
2022-07-27T16:03:16.085-0700: 499967.589: [GC remark 2022-07-27T16:03:16.085-0700: 499967.589: [Finalize Marking, 0.0053258 secs] 2022-07-27T16:03:16.090-0700: 499967.595: [GC ref-proc, 0.0093371 secs] 2022-07-27T16:03:16.099-0700: 499967.604: [Unloading, 0.0278944 secs], 0.0480959 secs]
 [Times: user=0.25 sys=0.00, real=0.04 secs] 
2022-07-27T16:03:16.133-0700: 499967.638: [GC cleanup 3729M->3729M(14336M), 0.0082334 secs]
 [Times: user=0.06 sys=0.00, real=0.01 secs] 
2022-07-27T16:05:02.775-0700: 500074.280: [GC pause (G1 Evacuation Pause) (young), 0.0113928 secs]
   [Parallel Time: 5.6 ms, GC Workers: 8]
      [GC Worker Start (ms): Min: 500074279.8, Avg: 500074279.8, Max: 500074279.9, Diff: 0.1]
      [Ext Root Scanning (ms): Min: 1.1, Avg: 1.9, Max: 5.3, Diff: 4.2, Sum: 15.1]
      [Update RS (ms): Min: 0.0, Avg: 1.0, Max: 1.4, Diff: 1.4, Sum: 7.8]
         [Processed Buffers: Min: 0, Avg: 5.1, Max: 13, Diff: 13, Sum: 41]
      [Scan RS (ms): Min: 0.0, Avg: 0.1, Max: 0.1, Diff: 0.1, Sum: 0.5]
      [Code Root Scanning (ms): Min: 0.0, Avg: 0.0, Max: 0.0, Diff: 0.0, Sum: 0.0]
      [Object Copy (ms): Min: 0.0, Avg: 1.3, Max: 1.6, Diff: 1.6, Sum: 10.5]
      [Termination (ms): Min: 0.0, Avg: 1.1, Max: 1.2, Diff: 1.2, Sum: 8.5]
         [Termination Attempts: Min: 1, Avg: 27.4, Max: 38, Diff: 37, Sum: 219]
      [GC Worker Other (ms): Min: 0.0, Avg: 0.0, Max: 0.0, Diff: 0.0, Sum: 0.1]
      [GC Worker Total (ms): Min: 5.3, Avg: 5.3, Max: 5.4, Diff: 0.1, Sum: 42.5]
      [GC Worker End (ms): Min: 500074285.1, Avg: 500074285.2, Max: 500074285.2, Diff: 0.0]
   [Code Root Fixup: 0.0 ms]
   [Code Root Purge: 0.0 ms]
   [Clear CT: 0.8 ms]
   [Other: 5.0 ms]
      [Choose CSet: 0.0 ms]
      [Ref Proc: 4.3 ms]
      [Ref Enq: 0.1 ms]
      [Redirty Cards: 0.1 ms]
      [Humongous Register: 0.1 ms]
      [Humongous Reclaim: 0.0 ms]
      [Free CSet: 0.2 ms]
   [Eden: 7152.0M(7152.0M)->0.0B(5712.0M) Survivors: 16384.0K->16384.0K Heap: 10657.2M(14336.0M)->3504.4M(14336.0M)]
 [Times: user=0.06 sys=0.01, real=0.01 secs] 
2022-07-27T16:06:30.420-0700: 500161.925: [GC pause (G1 Evacuation Pause) (mixed), 0.0131685 secs]
   [Parallel Time: 10.1 ms, GC Workers: 8]
      [GC Worker Start (ms): Min: 500161925.0, Avg: 500161925.1, Max: 500161925.2, Diff: 0.1]
      [Ext Root Scanning (ms): Min: 1.2, Avg: 2.1, Max: 6.5, Diff: 5.4, Sum: 16.6]
      [Update RS (ms): Min: 0.0, Avg: 0.9, Max: 1.6, Diff: 1.6, Sum: 7.5]
         [Processed Buffers: Min: 0, Avg: 4.6, Max: 8, Diff: 8, Sum: 37]
      [Scan RS (ms): Min: 0.0, Avg: 0.6, Max: 0.8, Diff: 0.8, Sum: 4.9]
      [Code Root Scanning (ms): Min: 0.0, Avg: 0.0, Max: 0.0, Diff: 0.0, Sum: 0.0]
      [Object Copy (ms): Min: 3.3, Avg: 6.2, Max: 6.7, Diff: 3.4, Sum: 49.5]
      [Termination (ms): Min: 0.0, Avg: 0.0, Max: 0.0, Diff: 0.0, Sum: 0.0]
         [Termination Attempts: Min: 1, Avg: 1.0, Max: 1, Diff: 0, Sum: 8]
      [GC Worker Other (ms): Min: 0.0, Avg: 0.1, Max: 0.1, Diff: 0.1, Sum: 0.5]
      [GC Worker Total (ms): Min: 9.8, Avg: 9.9, Max: 10.0, Diff: 0.2, Sum: 79.1]
      [GC Worker End (ms): Min: 500161935.0, Avg: 500161935.0, Max: 500161935.0, Diff: 0.1]
   [Code Root Fixup: 0.0 ms]
   [Code Root Purge: 0.0 ms]
   [Clear CT: 0.9 ms]
   [Other: 2.2 ms]
      [Choose CSet: 0.0 ms]
      [Ref Proc: 1.6 ms]
      [Ref Enq: 0.1 ms]
      [Redirty Cards: 0.1 ms]
      [Humongous Register: 0.1 ms]
      [Humongous Reclaim: 0.0 ms]
      [Free CSet: 0.2 ms]
   [Eden: 5712.0M(5712.0M)->0.0B(7152.0M) Survivors: 16384.0K->16384.0K Heap: 9216.4M(14336.0M)->3487.4M(14336.0M)]
 [Times: user=0.08 sys=0.01, real=0.01 secs] 
2022-07-27T16:08:18.020-0700: 500269.525: [GC pause (G1 Evacuation Pause) (young), 0.0146783 secs]
   [Parallel Time: 8.8 ms, GC Workers: 8]
      [GC Worker Start (ms): Min: 500269524.9, Avg: 500269525.0, Max: 500269525.1, Diff: 0.1]
      [Ext Root Scanning (ms): Min: 1.3, Avg: 2.0, Max: 5.3, Diff: 4.1, Sum: 16.0]
      [Update RS (ms): Min: 1.7, Avg: 4.8, Max: 5.5, Diff: 3.8, Sum: 38.2]
         [Processed Buffers: Min: 14, Avg: 16.6, Max: 26, Diff: 12, Sum: 133]
      [Scan RS (ms): Min: 0.0, Avg: 0.0, Max: 0.2, Diff: 0.1, Sum: 0.4]
      [Code Root Scanning (ms): Min: 0.0, Avg: 0.0, Max: 0.0, Diff: 0.0, Sum: 0.0]
      [Object Copy (ms): Min: 1.3, Avg: 1.6, Max: 1.8, Diff: 0.5, Sum: 13.1]
      [Termination (ms): Min: 0.0, Avg: 0.1, Max: 0.1, Diff: 0.1, Sum: 0.5]
         [Termination Attempts: Min: 30, Avg: 35.6, Max: 40, Diff: 10, Sum: 285]
      [GC Worker Other (ms): Min: 0.0, Avg: 0.1, Max: 0.1, Diff: 0.1, Sum: 0.4]
      [GC Worker Total (ms): Min: 8.5, Avg: 8.6, Max: 8.7, Diff: 0.2, Sum: 68.7]
      [GC Worker End (ms): Min: 500269533.5, Avg: 500269533.6, Max: 500269533.6, Diff: 0.1]
   [Code Root Fixup: 0.0 ms]
   [Code Root Purge: 0.0 ms]
   [Clear CT: 0.8 ms]
   [Other: 5.1 ms]
      [Choose CSet: 0.0 ms]
      [Ref Proc: 4.4 ms]
      [Ref Enq: 0.1 ms]
      [Redirty Cards: 0.1 ms]
      [Humongous Register: 0.1 ms]
      [Humongous Reclaim: 0.0 ms]
      [Free CSet: 0.3 ms]
   [Eden: 7152.0M(7152.0M)->0.0B(7152.0M) Survivors: 16384.0K->16384.0K Heap: 10639.4M(14336.0M)->3499.9M(14336.0M)]
 [Times: user=0.07 sys=0.01, real=0.02 secs] 
2022-07-27T16:10:08.423-0700: 500379.928: [GC pause (G1 Evacuation Pause) (young) (initial-mark), 0.0198359 secs]
   [Parallel Time: 14.7 ms, GC Workers: 8]
      [GC Worker Start (ms): Min: 500379930.0, Avg: 500379930.0, Max: 500379930.1, Diff: 0.1]
      [Ext Root Scanning (ms): Min: 5.3, Avg: 5.5, Max: 5.7, Diff: 0.4, Sum: 43.9]
      [Update RS (ms): Min: 0.7, Avg: 0.9, Max: 1.2, Diff: 0.4, Sum: 7.3]
         [Processed Buffers: Min: 2, Avg: 4.8, Max: 14, Diff: 12, Sum: 38]
      [Scan RS (ms): Min: 0.0, Avg: 0.0, Max: 0.1, Diff: 0.1, Sum: 0.4]
      [Code Root Scanning (ms): Min: 0.0, Avg: 0.0, Max: 0.0, Diff: 0.0, Sum: 0.0]
      [Object Copy (ms): Min: 1.4, Avg: 2.2, Max: 5.6, Diff: 4.2, Sum: 17.6]
      [Termination (ms): Min: 0.0, Avg: 3.8, Max: 4.4, Diff: 4.4, Sum: 30.8]
         [Termination Attempts: Min: 1, Avg: 6.6, Max: 13, Diff: 12, Sum: 53]
      [GC Worker Other (ms): Min: 0.0, Avg: 0.0, Max: 0.0, Diff: 0.0, Sum: 0.1]
      [GC Worker Total (ms): Min: 12.5, Avg: 12.5, Max: 12.6, Diff: 0.1, Sum: 100.2]
      [GC Worker End (ms): Min: 500379942.5, Avg: 500379942.6, Max: 500379942.6, Diff: 0.0]
   [Code Root Fixup: 0.0 ms]
   [Code Root Purge: 0.0 ms]
   [Clear CT: 0.7 ms]
   [Other: 4.4 ms]
      [Choose CSet: 0.0 ms]
      [Ref Proc: 3.5 ms]
      [Ref Enq: 0.1 ms]
      [Redirty Cards: 0.1 ms]
      [Humongous Register: 0.0 ms]
      [Humongous Reclaim: 0.0 ms]
      [Free CSet: 0.3 ms]
   [Eden: 7152.0M(7152.0M)->0.0B(7152.0M) Survivors: 16384.0K->16384.0K Heap: 10651.9M(14336.0M)->3499.7M(14336.0M)]
 [Times: user=0.10 sys=0.00, real=0.02 secs] 
2022-07-27T16:10:08.443-0700: 500379.948: [GC concurrent-root-region-scan-start]
2022-07-27T16:10:08.453-0700: 500379.958: [GC concurrent-root-region-scan-end, 0.0102892 secs]
2022-07-27T16:10:08.453-0700: 500379.958: [GC concurrent-mark-start]
2022-07-27T16:10:11.087-0700: 500382.591: [GC concurrent-mark-end, 2.6331992 secs]
2022-07-27T16:10:11.087-0700: 500382.592: [GC remark 2022-07-27T16:10:11.087-0700: 500382.592: [Finalize Marking, 0.0004208 secs] 2022-07-27T16:10:11.087-0700: 500382.592: [GC ref-proc, 0.0086991 secs] 2022-07-27T16:10:11.096-0700: 500382.601: [Unloading, 0.0283285 secs], 0.0430666 secs]
 [Times: user=0.26 sys=0.00, real=0.04 secs] 
2022-07-27T16:10:11.130-0700: 500382.635: [GC cleanup 3707M->3707M(14336M), 0.0080345 secs]
 [Times: user=0.06 sys=0.00, real=0.01 secs] 
2022-07-27T16:11:59.123-0700: 500490.627: [GC pause (G1 Evacuation Pause) (young), 0.0143146 secs]
   [Parallel Time: 9.1 ms, GC Workers: 8]
      [GC Worker Start (ms): Min: 500490627.4, Avg: 500490627.5, Max: 500490627.5, Diff: 0.1]
      [Ext Root Scanning (ms): Min: 1.0, Avg: 1.7, Max: 5.1, Diff: 4.0, Sum: 13.6]
      [Update RS (ms): Min: 0.0, Avg: 0.9, Max: 1.5, Diff: 1.5, Sum: 7.1]
         [Processed Buffers: Min: 0, Avg: 5.6, Max: 20, Diff: 20, Sum: 45]
      [Scan RS (ms): Min: 0.0, Avg: 0.1, Max: 0.1, Diff: 0.1, Sum: 0.4]
      [Code Root Scanning (ms): Min: 0.0, Avg: 0.0, Max: 0.0, Diff: 0.0, Sum: 0.0]
      [Object Copy (ms): Min: 3.6, Avg: 6.0, Max: 7.5, Diff: 3.9, Sum: 48.2]
      [Termination (ms): Min: 0.0, Avg: 0.0, Max: 0.0, Diff: 0.0, Sum: 0.1]
         [Termination Attempts: Min: 24, Avg: 31.2, Max: 37, Diff: 13, Sum: 250]
      [GC Worker Other (ms): Min: 0.0, Avg: 0.1, Max: 0.2, Diff: 0.2, Sum: 0.8]
      [GC Worker Total (ms): Min: 8.7, Avg: 8.8, Max: 9.0, Diff: 0.3, Sum: 70.3]
      [GC Worker End (ms): Min: 500490636.2, Avg: 500490636.3, Max: 500490636.4, Diff: 0.2]
   [Code Root Fixup: 0.0 ms]
   [Code Root Purge: 0.0 ms]
   [Clear CT: 0.8 ms]
   [Other: 4.4 ms]
      [Choose CSet: 0.0 ms]
      [Ref Proc: 3.6 ms]
      [Ref Enq: 0.1 ms]
      [Redirty Cards: 0.2 ms]
      [Humongous Register: 0.1 ms]
      [Humongous Reclaim: 0.0 ms]
      [Free CSet: 0.3 ms]
   [Eden: 7152.0M(7152.0M)->0.0B(5712.0M) Survivors: 16384.0K->16384.0K Heap: 10651.7M(14336.0M)->3500.6M(14336.0M)]
 [Times: user=0.05 sys=0.00, real=0.02 secs] 
2022-07-27T16:13:24.795-0700: 500576.300: [GC pause (G1 Evacuation Pause) (mixed), 0.0145503 secs]
   [Parallel Time: 11.6 ms, GC Workers: 8]
      [GC Worker Start (ms): Min: 500576299.9, Avg: 500576300.0, Max: 500576300.1, Diff: 0.2]
      [Ext Root Scanning (ms): Min: 1.5, Avg: 2.5, Max: 7.4, Diff: 5.9, Sum: 19.6]
      [Update RS (ms): Min: 0.0, Avg: 1.4, Max: 1.9, Diff: 1.9, Sum: 10.9]
         [Processed Buffers: Min: 0, Avg: 5.0, Max: 14, Diff: 14, Sum: 40]
      [Scan RS (ms): Min: 0.0, Avg: 0.7, Max: 1.0, Diff: 1.0, Sum: 6.0]
      [Code Root Scanning (ms): Min: 0.0, Avg: 0.0, Max: 0.0, Diff: 0.0, Sum: 0.0]
      [Object Copy (ms): Min: 3.9, Avg: 6.6, Max: 7.1, Diff: 3.2, Sum: 52.5]
      [Termination (ms): Min: 0.0, Avg: 0.0, Max: 0.0, Diff: 0.0, Sum: 0.0]
         [Termination Attempts: Min: 1, Avg: 1.9, Max: 3, Diff: 2, Sum: 15]
      [GC Worker Other (ms): Min: 0.0, Avg: 0.1, Max: 0.1, Diff: 0.1, Sum: 0.6]
      [GC Worker Total (ms): Min: 11.1, Avg: 11.2, Max: 11.3, Diff: 0.3, Sum: 89.7]
      [GC Worker End (ms): Min: 500576311.1, Avg: 500576311.2, Max: 500576311.3, Diff: 0.1]
   [Code Root Fixup: 0.0 ms]
   [Code Root Purge: 0.0 ms]
   [Clear CT: 0.8 ms]
   [Other: 2.1 ms]
      [Choose CSet: 0.0 ms]
      [Ref Proc: 1.5 ms]
      [Ref Enq: 0.1 ms]
      [Redirty Cards: 0.1 ms]
      [Humongous Register: 0.1 ms]
      [Humongous Reclaim: 0.0 ms]
      [Free CSet: 0.2 ms]
   [Eden: 5712.0M(5712.0M)->0.0B(7152.0M) Survivors: 16384.0K->16384.0K Heap: 9212.6M(14336.0M)->3501.2M(14336.0M)]
 [Times: user=0.09 sys=0.01, real=0.01 secs] 
2022-07-27T16:15:12.217-0700: 500683.722: [GC pause (G1 Evacuation Pause) (young), 0.0120978 secs]
   [Parallel Time: 9.2 ms, GC Workers: 8]
      [GC Worker Start (ms): Min: 500683722.1, Avg: 500683722.2, Max: 500683722.3, Diff: 0.2]
      [Ext Root Scanning (ms): Min: 1.2, Avg: 2.0, Max: 5.7, Diff: 4.5, Sum: 15.9]
      [Update RS (ms): Min: 1.3, Avg: 4.7, Max: 5.4, Diff: 4.1, Sum: 37.7]
         [Processed Buffers: Min: 7, Avg: 14.5, Max: 28, Diff: 21, Sum: 116]
      [Scan RS (ms): Min: 0.0, Avg: 0.0, Max: 0.1, Diff: 0.1, Sum: 0.4]
      [Code Root Scanning (ms): Min: 0.0, Avg: 0.0, Max: 0.0, Diff: 0.0, Sum: 0.0]
      [Object Copy (ms): Min: 1.7, Avg: 2.2, Max: 2.3, Diff: 0.6, Sum: 17.2]
      [Termination (ms): Min: 0.0, Avg: 0.0, Max: 0.0, Diff: 0.0, Sum: 0.0]
         [Termination Attempts: Min: 1, Avg: 1.0, Max: 1, Diff: 0, Sum: 8]
      [GC Worker Other (ms): Min: 0.0, Avg: 0.1, Max: 0.1, Diff: 0.1, Sum: 0.5]
      [GC Worker Total (ms): Min: 8.9, Avg: 9.0, Max: 9.1, Diff: 0.2, Sum: 71.8]
      [GC Worker End (ms): Min: 500683731.2, Avg: 500683731.2, Max: 500683731.2, Diff: 0.1]
   [Code Root Fixup: 0.0 ms]
   [Code Root Purge: 0.0 ms]
   [Clear CT: 0.8 ms]
   [Other: 2.1 ms]
      [Choose CSet: 0.0 ms]
      [Ref Proc: 1.5 ms]
      [Ref Enq: 0.1 ms]
      [Redirty Cards: 0.1 ms]
      [Humongous Register: 0.1 ms]
      [Humongous Reclaim: 0.0 ms]
      [Free CSet: 0.3 ms]
   [Eden: 7152.0M(7152.0M)->0.0B(7152.0M) Survivors: 16384.0K->16384.0K Heap: 10653.2M(14336.0M)->3505.4M(14336.0M)]
 [Times: user=0.08 sys=0.00, real=0.01 secs] 
2022-07-27T16:17:00.973-0700: 500792.478: [GC pause (G1 Evacuation Pause) (young) (initial-mark), 0.0162050 secs]
   [Parallel Time: 11.3 ms, GC Workers: 8]
      [GC Worker Start (ms): Min: 500792480.0, Avg: 500792480.4, Max: 500792482.5, Diff: 2.6]
      [Ext Root Scanning (ms): Min: 3.6, Avg: 5.5, Max: 6.1, Diff: 2.5, Sum: 43.8]
      [Update RS (ms): Min: 1.6, Avg: 1.8, Max: 2.1, Diff: 0.5, Sum: 14.6]
         [Processed Buffers: Min: 4, Avg: 7.2, Max: 23, Diff: 19, Sum: 58]
      [Scan RS (ms): Min: 0.0, Avg: 0.0, Max: 0.1, Diff: 0.1, Sum: 0.4]
      [Code Root Scanning (ms): Min: 0.0, Avg: 0.0, Max: 0.0, Diff: 0.0, Sum: 0.0]
      [Object Copy (ms): Min: 0.8, Avg: 1.2, Max: 1.6, Diff: 0.8, Sum: 9.3]
      [Termination (ms): Min: 0.0, Avg: 0.0, Max: 0.0, Diff: 0.0, Sum: 0.0]
         [Termination Attempts: Min: 1, Avg: 6.6, Max: 10, Diff: 9, Sum: 53]
      [GC Worker Other (ms): Min: 0.0, Avg: 0.1, Max: 0.1, Diff: 0.1, Sum: 0.5]
      [GC Worker Total (ms): Min: 6.4, Avg: 8.6, Max: 8.9, Diff: 2.5, Sum: 68.6]
      [GC Worker End (ms): Min: 500792488.9, Avg: 500792488.9, Max: 500792489.0, Diff: 0.1]
   [Code Root Fixup: 0.0 ms]
   [Code Root Purge: 0.0 ms]
   [Clear CT: 0.7 ms]
   [Other: 4.2 ms]
      [Choose CSet: 0.0 ms]
      [Ref Proc: 3.4 ms]
      [Ref Enq: 0.1 ms]
      [Redirty Cards: 0.1 ms]
      [Humongous Register: 0.0 ms]
      [Humongous Reclaim: 0.0 ms]
      [Free CSet: 0.3 ms]
   [Eden: 7152.0M(7152.0M)->0.0B(7152.0M) Survivors: 16384.0K->16384.0K Heap: 10657.4M(14336.0M)->3508.8M(14336.0M)]
 [Times: user=0.08 sys=0.00, real=0.02 secs] 
2022-07-27T16:17:00.989-0700: 500792.494: [GC concurrent-root-region-scan-start]
2022-07-27T16:17:00.998-0700: 500792.502: [GC concurrent-root-region-scan-end, 0.0082610 secs]
2022-07-27T16:17:00.998-0700: 500792.502: [GC concurrent-mark-start]
2022-07-27T16:17:03.644-0700: 500795.149: [GC concurrent-mark-end, 2.6463005 secs]
2022-07-27T16:17:03.644-0700: 500795.149: [GC remark 2022-07-27T16:17:03.644-0700: 500795.149: [Finalize Marking, 0.0001746 secs] 2022-07-27T16:17:03.645-0700: 500795.149: [GC ref-proc, 0.0063394 secs] 2022-07-27T16:17:03.651-0700: 500795.156: [Unloading, 0.0280087 secs], 0.0401494 secs]
 [Times: user=0.26 sys=0.00, real=0.04 secs] 
2022-07-27T16:17:03.685-0700: 500795.189: [GC cleanup 3740M->3740M(14336M), 0.0084747 secs]
 [Times: user=0.06 sys=0.00, real=0.00 secs] 
2022-07-27T16:18:48.017-0700: 500899.521: [GC pause (G1 Evacuation Pause) (young), 0.0115031 secs]
   [Parallel Time: 6.2 ms, GC Workers: 8]
      [GC Worker Start (ms): Min: 500899521.7, Avg: 500899521.8, Max: 500899521.8, Diff: 0.2]
      [Ext Root Scanning (ms): Min: 1.3, Avg: 2.1, Max: 6.1, Diff: 4.7, Sum: 17.2]
      [Update RS (ms): Min: 0.0, Avg: 1.0, Max: 1.6, Diff: 1.6, Sum: 8.3]
         [Processed Buffers: Min: 0, Avg: 4.9, Max: 8, Diff: 8, Sum: 39]
      [Scan RS (ms): Min: 0.0, Avg: 0.1, Max: 0.1, Diff: 0.1, Sum: 0.5]
      [Code Root Scanning (ms): Min: 0.0, Avg: 0.0, Max: 0.0, Diff: 0.0, Sum: 0.0]
      [Object Copy (ms): Min: 0.0, Avg: 1.6, Max: 2.0, Diff: 2.0, Sum: 12.6]
      [Termination (ms): Min: 0.0, Avg: 1.2, Max: 1.3, Diff: 1.3, Sum: 9.3]
         [Termination Attempts: Min: 1, Avg: 25.6, Max: 34, Diff: 33, Sum: 205]
      [GC Worker Other (ms): Min: 0.0, Avg: 0.0, Max: 0.0, Diff: 0.0, Sum: 0.1]
      [GC Worker Total (ms): Min: 5.9, Avg: 6.0, Max: 6.1, Diff: 0.2, Sum: 48.1]
      [GC Worker End (ms): Min: 500899527.8, Avg: 500899527.8, Max: 500899527.8, Diff: 0.0]
   [Code Root Fixup: 0.0 ms]
   [Code Root Purge: 0.0 ms]
   [Clear CT: 0.6 ms]
   [Other: 4.7 ms]
      [Choose CSet: 0.0 ms]
      [Ref Proc: 4.0 ms]
      [Ref Enq: 0.1 ms]
      [Redirty Cards: 0.1 ms]
      [Humongous Register: 0.1 ms]
      [Humongous Reclaim: 0.0 ms]
      [Free CSet: 0.3 ms]
   [Eden: 7152.0M(7152.0M)->0.0B(5712.0M) Survivors: 16384.0K->16384.0K Heap: 10660.8M(14336.0M)->3509.9M(14336.0M)]
 [Times: user=0.06 sys=0.00, real=0.01 secs] 
2022-07-27T16:20:14.613-0700: 500986.118: [GC pause (G1 Evacuation Pause) (mixed), 0.0143810 secs]
   [Parallel Time: 10.7 ms, GC Workers: 8]
      [GC Worker Start (ms): Min: 500986118.1, Avg: 500986118.1, Max: 500986118.2, Diff: 0.1]
      [Ext Root Scanning (ms): Min: 1.4, Avg: 2.3, Max: 6.8, Diff: 5.4, Sum: 18.4]
      [Update RS (ms): Min: 0.0, Avg: 1.2, Max: 1.9, Diff: 1.9, Sum: 9.9]
         [Processed Buffers: Min: 0, Avg: 4.9, Max: 13, Diff: 13, Sum: 39]
      [Scan RS (ms): Min: 0.0, Avg: 0.9, Max: 1.2, Diff: 1.2, Sum: 7.2]
      [Code Root Scanning (ms): Min: 0.0, Avg: 0.0, Max: 0.0, Diff: 0.0, Sum: 0.0]
      [Object Copy (ms): Min: 3.6, Avg: 5.9, Max: 6.4, Diff: 2.8, Sum: 47.3]
      [Termination (ms): Min: 0.0, Avg: 0.0, Max: 0.0, Diff: 0.0, Sum: 0.0]
         [Termination Attempts: Min: 1, Avg: 1.0, Max: 1, Diff: 0, Sum: 8]
      [GC Worker Other (ms): Min: 0.0, Avg: 0.1, Max: 0.1, Diff: 0.1, Sum: 0.5]
      [GC Worker Total (ms): Min: 10.3, Avg: 10.4, Max: 10.5, Diff: 0.2, Sum: 83.3]
      [GC Worker End (ms): Min: 500986128.5, Avg: 500986128.6, Max: 500986128.6, Diff: 0.1]
   [Code Root Fixup: 0.0 ms]
   [Code Root Purge: 0.0 ms]
   [Clear CT: 0.9 ms]
   [Other: 2.8 ms]
      [Choose CSet: 0.0 ms]
      [Ref Proc: 2.2 ms]
      [Ref Enq: 0.1 ms]
      [Redirty Cards: 0.1 ms]
      [Humongous Register: 0.1 ms]
      [Humongous Reclaim: 0.0 ms]
      [Free CSet: 0.2 ms]
   [Eden: 5712.0M(5712.0M)->0.0B(7152.0M) Survivors: 16384.0K->16384.0K Heap: 9221.9M(14336.0M)->3489.6M(14336.0M)]
 [Times: user=0.10 sys=0.00, real=0.02 secs] 
2022-07-27T16:22:02.362-0700: 501093.867: [GC pause (G1 Evacuation Pause) (young), 0.0172555 secs]
   [Parallel Time: 12.5 ms, GC Workers: 8]
      [GC Worker Start (ms): Min: 501093867.2, Avg: 501093867.3, Max: 501093867.4, Diff: 0.2]
      [Ext Root Scanning (ms): Min: 1.4, Avg: 2.2, Max: 5.6, Diff: 4.2, Sum: 17.2]
      [Update RS (ms): Min: 2.8, Avg: 5.9, Max: 6.6, Diff: 3.8, Sum: 47.0]
         [Processed Buffers: Min: 9, Avg: 16.9, Max: 26, Diff: 17, Sum: 135]
      [Scan RS (ms): Min: 0.0, Avg: 0.0, Max: 0.1, Diff: 0.1, Sum: 0.4]
      [Code Root Scanning (ms): Min: 0.0, Avg: 0.0, Max: 0.0, Diff: 0.0, Sum: 0.0]
      [Object Copy (ms): Min: 1.6, Avg: 2.4, Max: 4.3, Diff: 2.7, Sum: 19.2]
      [Termination (ms): Min: 0.0, Avg: 1.7, Max: 2.0, Diff: 2.0, Sum: 13.6]
         [Termination Attempts: Min: 1, Avg: 1.1, Max: 2, Diff: 1, Sum: 9]
      [GC Worker Other (ms): Min: 0.0, Avg: 0.0, Max: 0.0, Diff: 0.0, Sum: 0.2]
      [GC Worker Total (ms): Min: 12.1, Avg: 12.2, Max: 12.4, Diff: 0.2, Sum: 97.7]
      [GC Worker End (ms): Min: 501093879.5, Avg: 501093879.5, Max: 501093879.6, Diff: 0.1]
   [Code Root Fixup: 0.0 ms]
   [Code Root Purge: 0.0 ms]
   [Clear CT: 0.7 ms]
   [Other: 4.1 ms]
      [Choose CSet: 0.0 ms]
      [Ref Proc: 3.3 ms]
      [Ref Enq: 0.1 ms]
      [Redirty Cards: 0.1 ms]
      [Humongous Register: 0.1 ms]
      [Humongous Reclaim: 0.0 ms]
      [Free CSet: 0.4 ms]
   [Eden: 7152.0M(7152.0M)->0.0B(7152.0M) Survivors: 16384.0K->16384.0K Heap: 10641.6M(14336.0M)->3503.1M(14336.0M)]
 [Times: user=0.11 sys=0.00, real=0.02 secs] 
2022-07-27T16:23:46.828-0700: 501198.333: [GC pause (G1 Evacuation Pause) (young) (initial-mark), 0.0173972 secs]
   [Parallel Time: 13.8 ms, GC Workers: 8]
      [GC Worker Start (ms): Min: 501198334.7, Avg: 501198334.8, Max: 501198334.9, Diff: 0.2]
      [Ext Root Scanning (ms): Min: 5.8, Avg: 6.0, Max: 6.3, Diff: 0.5, Sum: 47.9]
      [Update RS (ms): Min: 0.8, Avg: 0.9, Max: 1.1, Diff: 0.3, Sum: 7.4]
         [Processed Buffers: Min: 2, Avg: 5.2, Max: 11, Diff: 9, Sum: 42]
      [Scan RS (ms): Min: 0.0, Avg: 0.0, Max: 0.1, Diff: 0.1, Sum: 0.4]
      [Code Root Scanning (ms): Min: 0.0, Avg: 0.0, Max: 0.0, Diff: 0.0, Sum: 0.0]
      [Object Copy (ms): Min: 4.2, Avg: 4.4, Max: 4.6, Diff: 0.3, Sum: 35.5]
      [Termination (ms): Min: 0.0, Avg: 0.0, Max: 0.0, Diff: 0.0, Sum: 0.0]
         [Termination Attempts: Min: 1, Avg: 1.1, Max: 2, Diff: 1, Sum: 9]
      [GC Worker Other (ms): Min: 0.0, Avg: 0.1, Max: 0.1, Diff: 0.1, Sum: 0.5]
      [GC Worker Total (ms): Min: 11.3, Avg: 11.5, Max: 11.6, Diff: 0.2, Sum: 91.7]
      [GC Worker End (ms): Min: 501198346.2, Avg: 501198346.2, Max: 501198346.3, Diff: 0.1]
   [Code Root Fixup: 0.0 ms]
   [Code Root Purge: 0.0 ms]
   [Clear CT: 0.7 ms]
   [Other: 2.8 ms]
      [Choose CSet: 0.0 ms]
      [Ref Proc: 2.1 ms]
      [Ref Enq: 0.1 ms]
      [Redirty Cards: 0.1 ms]
      [Humongous Register: 0.0 ms]
      [Humongous Reclaim: 0.0 ms]
      [Free CSet: 0.3 ms]
   [Eden: 7152.0M(7152.0M)->0.0B(7136.0M) Survivors: 16384.0K->32768.0K Heap: 10655.1M(14336.0M)->3518.9M(14336.0M)]
 [Times: user=0.09 sys=0.00, real=0.02 secs] 
2022-07-27T16:23:46.845-0700: 501198.350: [GC concurrent-root-region-scan-start]
2022-07-27T16:23:46.857-0700: 501198.362: [GC concurrent-root-region-scan-end, 0.0117880 secs]
2022-07-27T16:23:46.857-0700: 501198.362: [GC concurrent-mark-start]
2022-07-27T16:23:49.474-0700: 501200.979: [GC concurrent-mark-end, 2.6172812 secs]
2022-07-27T16:23:49.475-0700: 501200.980: [GC remark 2022-07-27T16:23:49.475-0700: 501200.980: [Finalize Marking, 0.0003985 secs] 2022-07-27T16:23:49.475-0700: 501200.980: [GC ref-proc, 0.0092686 secs] 2022-07-27T16:23:49.485-0700: 501200.989: [Unloading, 0.0274290 secs], 0.0428573 secs]
 [Times: user=0.25 sys=0.00, real=0.04 secs] 
2022-07-27T16:23:49.518-0700: 501201.023: [GC cleanup 3718M->3718M(14336M), 0.0083477 secs]
 [Times: user=0.06 sys=0.00, real=0.01 secs] 
2022-07-27T16:25:35.923-0700: 501307.428: [GC pause (G1 Evacuation Pause) (young), 0.0133342 secs]
   [Parallel Time: 8.0 ms, GC Workers: 8]
      [GC Worker Start (ms): Min: 501307428.1, Avg: 501307428.2, Max: 501307428.2, Diff: 0.1]
      [Ext Root Scanning (ms): Min: 2.9, Avg: 3.8, Max: 5.1, Diff: 2.1, Sum: 30.6]
      [Update RS (ms): Min: 1.4, Avg: 1.9, Max: 2.1, Diff: 0.6, Sum: 14.9]
         [Processed Buffers: Min: 4, Avg: 6.8, Max: 13, Diff: 9, Sum: 54]
      [Scan RS (ms): Min: 0.0, Avg: 0.1, Max: 0.1, Diff: 0.1, Sum: 0.5]
      [Code Root Scanning (ms): Min: 0.0, Avg: 0.0, Max: 0.0, Diff: 0.0, Sum: 0.0]
      [Object Copy (ms): Min: 1.2, Avg: 1.9, Max: 2.7, Diff: 1.5, Sum: 15.4]
      [Termination (ms): Min: 0.0, Avg: 0.0, Max: 0.0, Diff: 0.0, Sum: 0.1]
         [Termination Attempts: Min: 17, Avg: 26.4, Max: 36, Diff: 19, Sum: 211]
      [GC Worker Other (ms): Min: 0.0, Avg: 0.1, Max: 0.1, Diff: 0.1, Sum: 0.4]
      [GC Worker Total (ms): Min: 7.7, Avg: 7.7, Max: 7.8, Diff: 0.2, Sum: 61.9]
      [GC Worker End (ms): Min: 501307435.9, Avg: 501307435.9, Max: 501307436.0, Diff: 0.1]
   [Code Root Fixup: 0.0 ms]
   [Code Root Purge: 0.0 ms]
   [Clear CT: 0.7 ms]
   [Other: 4.7 ms]
      [Choose CSet: 0.0 ms]
      [Ref Proc: 3.9 ms]
      [Ref Enq: 0.1 ms]
      [Redirty Cards: 0.1 ms]
      [Humongous Register: 0.1 ms]
      [Humongous Reclaim: 0.0 ms]
      [Free CSet: 0.3 ms]
   [Eden: 7136.0M(7136.0M)->0.0B(5696.0M) Survivors: 32768.0K->32768.0K Heap: 10654.9M(14336.0M)->3523.5M(14336.0M)]
 [Times: user=0.06 sys=0.00, real=0.01 secs] 
2022-07-27T16:27:04.218-0700: 501395.723: [GC pause (G1 Evacuation Pause) (mixed), 0.0149504 secs]
   [Parallel Time: 10.1 ms, GC Workers: 8]
      [GC Worker Start (ms): Min: 501395723.1, Avg: 501395723.2, Max: 501395723.2, Diff: 0.2]
      [Ext Root Scanning (ms): Min: 1.1, Avg: 2.1, Max: 6.9, Diff: 5.8, Sum: 16.4]
      [Update RS (ms): Min: 0.0, Avg: 1.0, Max: 1.5, Diff: 1.5, Sum: 7.8]
         [Processed Buffers: Min: 0, Avg: 4.8, Max: 10, Diff: 10, Sum: 38]
      [Scan RS (ms): Min: 0.0, Avg: 0.6, Max: 0.8, Diff: 0.7, Sum: 4.8]
      [Code Root Scanning (ms): Min: 0.0, Avg: 0.0, Max: 0.0, Diff: 0.0, Sum: 0.0]
      [Object Copy (ms): Min: 2.7, Avg: 6.0, Max: 6.5, Diff: 3.8, Sum: 47.7]
      [Termination (ms): Min: 0.0, Avg: 0.0, Max: 0.0, Diff: 0.0, Sum: 0.0]
         [Termination Attempts: Min: 1, Avg: 1.9, Max: 3, Diff: 2, Sum: 15]
      [GC Worker Other (ms): Min: 0.0, Avg: 0.1, Max: 0.1, Diff: 0.1, Sum: 0.4]
      [GC Worker Total (ms): Min: 9.6, Avg: 9.7, Max: 9.8, Diff: 0.2, Sum: 77.2]
      [GC Worker End (ms): Min: 501395732.8, Avg: 501395732.8, Max: 501395732.9, Diff: 0.1]
   [Code Root Fixup: 0.0 ms]
   [Code Root Purge: 0.0 ms]
   [Clear CT: 0.9 ms]
   [Other: 4.0 ms]
      [Choose CSet: 0.0 ms]
      [Ref Proc: 3.4 ms]
      [Ref Enq: 0.1 ms]
      [Redirty Cards: 0.1 ms]
      [Humongous Register: 0.1 ms]
      [Humongous Reclaim: 0.0 ms]
      [Free CSet: 0.2 ms]
   [Eden: 5696.0M(5696.0M)->0.0B(7152.0M) Survivors: 32768.0K->16384.0K Heap: 9219.5M(14336.0M)->3489.7M(14336.0M)]
 [Times: user=0.09 sys=0.00, real=0.01 secs] 
2022-07-27T16:28:52.965-0700: 501504.470: [GC pause (G1 Evacuation Pause) (young), 0.0125799 secs]
   [Parallel Time: 9.7 ms, GC Workers: 8]
      [GC Worker Start (ms): Min: 501504469.7, Avg: 501504469.8, Max: 501504469.8, Diff: 0.1]
      [Ext Root Scanning (ms): Min: 1.2, Avg: 2.0, Max: 5.3, Diff: 4.1, Sum: 16.0]
      [Update RS (ms): Min: 2.8, Avg: 5.7, Max: 6.5, Diff: 3.7, Sum: 45.6]
         [Processed Buffers: Min: 8, Avg: 17.1, Max: 26, Diff: 18, Sum: 137]
      [Scan RS (ms): Min: 0.0, Avg: 0.0, Max: 0.2, Diff: 0.1, Sum: 0.4]
      [Code Root Scanning (ms): Min: 0.0, Avg: 0.0, Max: 0.0, Diff: 0.0, Sum: 0.0]
      [Object Copy (ms): Min: 1.3, Avg: 1.7, Max: 1.9, Diff: 0.5, Sum: 13.3]
      [Termination (ms): Min: 0.0, Avg: 0.0, Max: 0.0, Diff: 0.0, Sum: 0.0]
         [Termination Attempts: Min: 13, Avg: 18.6, Max: 31, Diff: 18, Sum: 149]
      [GC Worker Other (ms): Min: 0.0, Avg: 0.1, Max: 0.1, Diff: 0.1, Sum: 0.5]
      [GC Worker Total (ms): Min: 9.4, Avg: 9.5, Max: 9.5, Diff: 0.1, Sum: 75.8]
      [GC Worker End (ms): Min: 501504479.2, Avg: 501504479.3, Max: 501504479.3, Diff: 0.1]
   [Code Root Fixup: 0.0 ms]
   [Code Root Purge: 0.0 ms]
   [Clear CT: 0.7 ms]
   [Other: 2.2 ms]
      [Choose CSet: 0.0 ms]
      [Ref Proc: 1.4 ms]
      [Ref Enq: 0.1 ms]
      [Redirty Cards: 0.1 ms]
      [Humongous Register: 0.1 ms]
      [Humongous Reclaim: 0.0 ms]
      [Free CSet: 0.3 ms]
   [Eden: 7152.0M(7152.0M)->0.0B(7152.0M) Survivors: 16384.0K->16384.0K Heap: 10641.7M(14336.0M)->3500.8M(14336.0M)]
 [Times: user=0.08 sys=0.00, real=0.01 secs] 
2022-07-27T16:30:43.011-0700: 501614.516: [GC pause (G1 Evacuation Pause) (young) (initial-mark), 0.0242819 secs]
   [Parallel Time: 15.8 ms, GC Workers: 8]
      [GC Worker Start (ms): Min: 501614517.9, Avg: 501614518.0, Max: 501614518.0, Diff: 0.1]
      [Ext Root Scanning (ms): Min: 6.0, Avg: 7.1, Max: 9.4, Diff: 3.4, Sum: 56.5]
      [Update RS (ms): Min: 0.0, Avg: 1.1, Max: 1.7, Diff: 1.7, Sum: 8.5]
         [Processed Buffers: Min: 0, Avg: 5.1, Max: 12, Diff: 12, Sum: 41]
      [Scan RS (ms): Min: 0.0, Avg: 0.1, Max: 0.1, Diff: 0.1, Sum: 0.4]
      [Code Root Scanning (ms): Min: 0.0, Avg: 0.0, Max: 0.0, Diff: 0.0, Sum: 0.0]
      [Object Copy (ms): Min: 2.5, Avg: 4.7, Max: 6.3, Diff: 3.7, Sum: 37.9]
      [Termination (ms): Min: 0.0, Avg: 0.8, Max: 2.9, Diff: 2.9, Sum: 6.5]
         [Termination Attempts: Min: 1, Avg: 1.0, Max: 1, Diff: 0, Sum: 8]
      [GC Worker Other (ms): Min: 0.0, Avg: 0.0, Max: 0.0, Diff: 0.0, Sum: 0.1]
      [GC Worker Total (ms): Min: 13.7, Avg: 13.7, Max: 13.8, Diff: 0.1, Sum: 109.9]
      [GC Worker End (ms): Min: 501614531.7, Avg: 501614531.7, Max: 501614531.7, Diff: 0.0]
   [Code Root Fixup: 0.0 ms]
   [Code Root Purge: 0.0 ms]
   [Clear CT: 0.7 ms]
   [Other: 7.7 ms]
      [Choose CSet: 0.0 ms]
      [Ref Proc: 7.0 ms]
      [Ref Enq: 0.1 ms]
      [Redirty Cards: 0.1 ms]
      [Humongous Register: 0.0 ms]
      [Humongous Reclaim: 0.0 ms]
      [Free CSet: 0.3 ms]
   [Eden: 7152.0M(7152.0M)->0.0B(7152.0M) Survivors: 16384.0K->16384.0K Heap: 10652.8M(14336.0M)->3501.0M(14336.0M)]
 [Times: user=0.11 sys=0.00, real=0.03 secs] 
2022-07-27T16:30:43.036-0700: 501614.540: [GC concurrent-root-region-scan-start]
2022-07-27T16:30:43.044-0700: 501614.548: [GC concurrent-root-region-scan-end, 0.0081157 secs]
2022-07-27T16:30:43.044-0700: 501614.548: [GC concurrent-mark-start]
2022-07-27T16:30:45.605-0700: 501617.109: [GC concurrent-mark-end, 2.5609346 secs]
2022-07-27T16:30:45.605-0700: 501617.110: [GC remark 2022-07-27T16:30:45.605-0700: 501617.110: [Finalize Marking, 0.0005772 secs] 2022-07-27T16:30:45.606-0700: 501617.110: [GC ref-proc, 0.0109811 secs] 2022-07-27T16:30:45.617-0700: 501617.121: [Unloading, 0.0272736 secs], 0.0444713 secs]
 [Times: user=0.26 sys=0.00, real=0.04 secs] 
2022-07-27T16:30:45.650-0700: 501617.155: [GC cleanup 3647M->3647M(14336M), 0.0082584 secs]
 [Times: user=0.06 sys=0.00, real=0.01 secs] 
2022-07-27T16:32:31.565-0700: 501723.069: [GC pause (G1 Evacuation Pause) (young), 0.0122324 secs]
   [Parallel Time: 9.4 ms, GC Workers: 8]
      [GC Worker Start (ms): Min: 501723069.6, Avg: 501723069.7, Max: 501723069.8, Diff: 0.1]
      [Ext Root Scanning (ms): Min: 1.4, Avg: 2.2, Max: 5.9, Diff: 4.5, Sum: 17.6]
      [Update RS (ms): Min: 0.0, Avg: 1.5, Max: 2.2, Diff: 2.2, Sum: 11.7]
         [Processed Buffers: Min: 0, Avg: 6.0, Max: 15, Diff: 15, Sum: 48]
      [Scan RS (ms): Min: 0.0, Avg: 0.1, Max: 0.1, Diff: 0.1, Sum: 0.5]
      [Code Root Scanning (ms): Min: 0.0, Avg: 0.0, Max: 0.0, Diff: 0.0, Sum: 0.0]
      [Object Copy (ms): Min: 3.2, Avg: 5.3, Max: 5.8, Diff: 2.6, Sum: 42.6]
      [Termination (ms): Min: 0.0, Avg: 0.0, Max: 0.0, Diff: 0.0, Sum: 0.0]
         [Termination Attempts: Min: 1, Avg: 1.1, Max: 2, Diff: 1, Sum: 9]
      [GC Worker Other (ms): Min: 0.0, Avg: 0.1, Max: 0.1, Diff: 0.1, Sum: 0.6]
      [GC Worker Total (ms): Min: 9.1, Avg: 9.1, Max: 9.2, Diff: 0.2, Sum: 73.0]
      [GC Worker End (ms): Min: 501723078.8, Avg: 501723078.9, Max: 501723078.9, Diff: 0.1]
   [Code Root Fixup: 0.0 ms]
   [Code Root Purge: 0.0 ms]
   [Clear CT: 0.7 ms]
   [Other: 2.1 ms]
      [Choose CSet: 0.0 ms]
      [Ref Proc: 1.4 ms]
      [Ref Enq: 0.1 ms]
      [Redirty Cards: 0.1 ms]
      [Humongous Register: 0.1 ms]
      [Humongous Reclaim: 0.0 ms]
      [Free CSet: 0.3 ms]
   [Eden: 7152.0M(7152.0M)->0.0B(5696.0M) Survivors: 16384.0K->32768.0K Heap: 10653.0M(14336.0M)->3516.1M(14336.0M)]
 [Times: user=0.08 sys=0.00, real=0.01 secs] 
2022-07-27T16:33:57.929-0700: 501809.434: [GC pause (G1 Evacuation Pause) (mixed), 0.0130788 secs]
   [Parallel Time: 10.1 ms, GC Workers: 8]
      [GC Worker Start (ms): Min: 501809433.9, Avg: 501809434.0, Max: 501809434.1, Diff: 0.2]
      [Ext Root Scanning (ms): Min: 1.2, Avg: 2.2, Max: 7.0, Diff: 5.8, Sum: 17.3]
      [Update RS (ms): Min: 0.0, Avg: 1.1, Max: 1.6, Diff: 1.6, Sum: 8.4]
         [Processed Buffers: Min: 0, Avg: 5.4, Max: 7, Diff: 7, Sum: 43]
      [Scan RS (ms): Min: 0.0, Avg: 0.7, Max: 1.0, Diff: 0.9, Sum: 5.3]
      [Code Root Scanning (ms): Min: 0.0, Avg: 0.0, Max: 0.0, Diff: 0.0, Sum: 0.0]
      [Object Copy (ms): Min: 2.9, Avg: 6.0, Max: 6.5, Diff: 3.6, Sum: 47.9]
      [Termination (ms): Min: 0.0, Avg: 0.0, Max: 0.0, Diff: 0.0, Sum: 0.0]
         [Termination Attempts: Min: 1, Avg: 1.0, Max: 1, Diff: 0, Sum: 8]
      [GC Worker Other (ms): Min: 0.0, Avg: 0.0, Max: 0.1, Diff: 0.1, Sum: 0.4]
      [GC Worker Total (ms): Min: 9.8, Avg: 9.9, Max: 10.0, Diff: 0.2, Sum: 79.2]
      [GC Worker End (ms): Min: 501809443.9, Avg: 501809443.9, Max: 501809443.9, Diff: 0.0]
   [Code Root Fixup: 0.0 ms]
   [Code Root Purge: 0.0 ms]
   [Clear CT: 0.9 ms]
   [Other: 2.1 ms]
      [Choose CSet: 0.0 ms]
      [Ref Proc: 1.5 ms]
      [Ref Enq: 0.1 ms]
      [Redirty Cards: 0.1 ms]
      [Humongous Register: 0.1 ms]
      [Humongous Reclaim: 0.0 ms]
      [Free CSet: 0.2 ms]
   [Eden: 5696.0M(5696.0M)->0.0B(7136.0M) Survivors: 32768.0K->32768.0K Heap: 9212.1M(14336.0M)->3503.5M(14336.0M)]
 [Times: user=0.09 sys=0.00, real=0.01 secs] 
2022-07-27T16:35:42.061-0700: 501913.566: [GC pause (G1 Evacuation Pause) (young), 0.0127390 secs]
   [Parallel Time: 10.1 ms, GC Workers: 8]
      [GC Worker Start (ms): Min: 501913566.1, Avg: 501913566.2, Max: 501913566.2, Diff: 0.1]
      [Ext Root Scanning (ms): Min: 1.4, Avg: 2.2, Max: 6.2, Diff: 4.8, Sum: 17.4]
      [Update RS (ms): Min: 2.9, Avg: 6.3, Max: 7.0, Diff: 4.1, Sum: 50.2]
         [Processed Buffers: Min: 11, Avg: 16.8, Max: 33, Diff: 22, Sum: 134]
      [Scan RS (ms): Min: 0.0, Avg: 0.1, Max: 0.2, Diff: 0.2, Sum: 0.4]
      [Code Root Scanning (ms): Min: 0.0, Avg: 0.0, Max: 0.0, Diff: 0.0, Sum: 0.0]
      [Object Copy (ms): Min: 0.9, Avg: 1.4, Max: 1.6, Diff: 0.7, Sum: 11.0]
      [Termination (ms): Min: 0.0, Avg: 0.0, Max: 0.0, Diff: 0.0, Sum: 0.0]
         [Termination Attempts: Min: 5, Avg: 6.8, Max: 8, Diff: 3, Sum: 54]
      [GC Worker Other (ms): Min: 0.0, Avg: 0.0, Max: 0.1, Diff: 0.1, Sum: 0.4]
      [GC Worker Total (ms): Min: 9.9, Avg: 9.9, Max: 10.0, Diff: 0.2, Sum: 79.5]
      [GC Worker End (ms): Min: 501913576.1, Avg: 501913576.1, Max: 501913576.1, Diff: 0.1]
   [Code Root Fixup: 0.0 ms]
   [Code Root Purge: 0.0 ms]
   [Clear CT: 0.7 ms]
   [Other: 1.9 ms]
      [Choose CSet: 0.0 ms]
      [Ref Proc: 1.3 ms]
      [Ref Enq: 0.1 ms]
      [Redirty Cards: 0.1 ms]
      [Humongous Register: 0.1 ms]
      [Humongous Reclaim: 0.0 ms]
      [Free CSet: 0.3 ms]
   [Eden: 7136.0M(7136.0M)->0.0B(7152.0M) Survivors: 32768.0K->16384.0K Heap: 10639.5M(14336.0M)->3496.4M(14336.0M)]
 [Times: user=0.09 sys=0.00, real=0.01 secs] 
2022-07-27T16:37:28.425-0700: 502019.930: [GC pause (G1 Evacuation Pause) (young) (initial-mark), 0.0161868 secs]
   [Parallel Time: 11.3 ms, GC Workers: 8]
      [GC Worker Start (ms): Min: 502019932.3, Avg: 502019932.4, Max: 502019932.4, Diff: 0.2]
      [Ext Root Scanning (ms): Min: 5.5, Avg: 5.8, Max: 6.2, Diff: 0.8, Sum: 46.2]
      [Update RS (ms): Min: 1.1, Avg: 1.2, Max: 1.5, Diff: 0.5, Sum: 9.8]
         [Processed Buffers: Min: 2, Avg: 5.1, Max: 18, Diff: 16, Sum: 41]
      [Scan RS (ms): Min: 0.0, Avg: 0.1, Max: 0.1, Diff: 0.1, Sum: 0.4]
      [Code Root Scanning (ms): Min: 0.0, Avg: 0.0, Max: 0.0, Diff: 0.0, Sum: 0.0]
      [Object Copy (ms): Min: 0.7, Avg: 1.4, Max: 1.8, Diff: 1.1, Sum: 10.9]
      [Termination (ms): Min: 0.0, Avg: 0.1, Max: 0.1, Diff: 0.1, Sum: 0.5]
         [Termination Attempts: Min: 30, Avg: 36.0, Max: 48, Diff: 18, Sum: 288]
      [GC Worker Other (ms): Min: 0.0, Avg: 0.0, Max: 0.1, Diff: 0.1, Sum: 0.3]
      [GC Worker Total (ms): Min: 8.4, Avg: 8.5, Max: 8.6, Diff: 0.2, Sum: 68.2]
      [GC Worker End (ms): Min: 502019940.9, Avg: 502019940.9, Max: 502019940.9, Diff: 0.1]
   [Code Root Fixup: 0.0 ms]
   [Code Root Purge: 0.0 ms]
   [Clear CT: 0.7 ms]
   [Other: 4.2 ms]
      [Choose CSet: 0.0 ms]
      [Ref Proc: 3.4 ms]
      [Ref Enq: 0.1 ms]
      [Redirty Cards: 0.1 ms]
      [Humongous Register: 0.0 ms]
      [Humongous Reclaim: 0.0 ms]
      [Free CSet: 0.3 ms]
   [Eden: 7152.0M(7152.0M)->0.0B(7152.0M) Survivors: 16384.0K->16384.0K Heap: 10648.4M(14336.0M)->3495.5M(14336.0M)]
 [Times: user=0.06 sys=0.01, real=0.01 secs] 
2022-07-27T16:37:28.441-0700: 502019.946: [GC concurrent-root-region-scan-start]
2022-07-27T16:37:28.450-0700: 502019.954: [GC concurrent-root-region-scan-end, 0.0082090 secs]
2022-07-27T16:37:28.450-0700: 502019.954: [GC concurrent-mark-start]
2022-07-27T16:37:31.088-0700: 502022.593: [GC concurrent-mark-end, 2.6380759 secs]
2022-07-27T16:37:31.088-0700: 502022.593: [GC remark 2022-07-27T16:37:31.088-0700: 502022.593: [Finalize Marking, 0.0003304 secs] 2022-07-27T16:37:31.089-0700: 502022.593: [GC ref-proc, 0.0063745 secs] 2022-07-27T16:37:31.095-0700: 502022.600: [Unloading, 0.0277645 secs], 0.0400893 secs]
 [Times: user=0.25 sys=0.00, real=0.04 secs] 
2022-07-27T16:37:31.128-0700: 502022.633: [GC cleanup 3679M->3679M(14336M), 0.0085556 secs]
 [Times: user=0.06 sys=0.00, real=0.01 secs] 
2022-07-27T16:39:13.666-0700: 502125.171: [GC pause (G1 Evacuation Pause) (young), 0.0089116 secs]
   [Parallel Time: 5.3 ms, GC Workers: 8]
      [GC Worker Start (ms): Min: 502125171.2, Avg: 502125171.3, Max: 502125171.3, Diff: 0.1]
      [Ext Root Scanning (ms): Min: 1.1, Avg: 1.8, Max: 5.2, Diff: 4.1, Sum: 14.4]
      [Update RS (ms): Min: 0.0, Avg: 0.9, Max: 1.5, Diff: 1.5, Sum: 7.4]
         [Processed Buffers: Min: 0, Avg: 4.9, Max: 8, Diff: 8, Sum: 39]
      [Scan RS (ms): Min: 0.0, Avg: 0.1, Max: 0.1, Diff: 0.1, Sum: 0.5]
      [Code Root Scanning (ms): Min: 0.0, Avg: 0.0, Max: 0.0, Diff: 0.0, Sum: 0.0]
      [Object Copy (ms): Min: 0.0, Avg: 1.3, Max: 1.6, Diff: 1.6, Sum: 10.0]
      [Termination (ms): Min: 0.0, Avg: 1.1, Max: 1.3, Diff: 1.3, Sum: 8.9]
         [Termination Attempts: Min: 1, Avg: 2.1, Max: 4, Diff: 3, Sum: 17]
      [GC Worker Other (ms): Min: 0.0, Avg: 0.0, Max: 0.0, Diff: 0.0, Sum: 0.1]
      [GC Worker Total (ms): Min: 5.1, Avg: 5.2, Max: 5.2, Diff: 0.1, Sum: 41.4]
      [GC Worker End (ms): Min: 502125176.5, Avg: 502125176.5, Max: 502125176.5, Diff: 0.0]
   [Code Root Fixup: 0.0 ms]
   [Code Root Purge: 0.0 ms]
   [Clear CT: 0.6 ms]
   [Other: 3.0 ms]
      [Choose CSet: 0.0 ms]
      [Ref Proc: 2.3 ms]
      [Ref Enq: 0.1 ms]
      [Redirty Cards: 0.1 ms]
      [Humongous Register: 0.1 ms]
      [Humongous Reclaim: 0.0 ms]
      [Free CSet: 0.3 ms]
   [Eden: 7152.0M(7152.0M)->0.0B(5712.0M) Survivors: 16384.0K->16384.0K Heap: 10647.5M(14336.0M)->3497.4M(14336.0M)]
 [Times: user=0.05 sys=0.00, real=0.01 secs] 
2022-07-27T16:40:38.116-0700: 502209.620: [GC pause (G1 Evacuation Pause) (mixed), 0.0134922 secs]
   [Parallel Time: 9.5 ms, GC Workers: 8]
      [GC Worker Start (ms): Min: 502209620.5, Avg: 502209620.6, Max: 502209620.7, Diff: 0.2]
      [Ext Root Scanning (ms): Min: 1.3, Avg: 2.2, Max: 6.3, Diff: 5.0, Sum: 17.3]
      [Update RS (ms): Min: 0.0, Avg: 1.0, Max: 1.5, Diff: 1.5, Sum: 7.8]
         [Processed Buffers: Min: 0, Avg: 4.9, Max: 15, Diff: 15, Sum: 39]
      [Scan RS (ms): Min: 0.0, Avg: 1.4, Max: 1.7, Diff: 1.7, Sum: 11.3]
      [Code Root Scanning (ms): Min: 0.0, Avg: 0.0, Max: 0.1, Diff: 0.1, Sum: 0.1]
      [Object Copy (ms): Min: 2.7, Avg: 4.4, Max: 4.8, Diff: 2.1, Sum: 35.5]
      [Termination (ms): Min: 0.0, Avg: 0.0, Max: 0.0, Diff: 0.0, Sum: 0.0]
         [Termination Attempts: Min: 2, Avg: 2.9, Max: 4, Diff: 2, Sum: 23]
      [GC Worker Other (ms): Min: 0.0, Avg: 0.1, Max: 0.1, Diff: 0.1, Sum: 0.4]
      [GC Worker Total (ms): Min: 9.0, Avg: 9.0, Max: 9.2, Diff: 0.2, Sum: 72.4]
      [GC Worker End (ms): Min: 502209629.6, Avg: 502209629.7, Max: 502209629.7, Diff: 0.1]
   [Code Root Fixup: 0.0 ms]
   [Code Root Purge: 0.0 ms]
   [Clear CT: 0.8 ms]
   [Other: 3.2 ms]
      [Choose CSet: 0.0 ms]
      [Ref Proc: 2.6 ms]
      [Ref Enq: 0.1 ms]
      [Redirty Cards: 0.1 ms]
      [Humongous Register: 0.1 ms]
      [Humongous Reclaim: 0.0 ms]
      [Free CSet: 0.2 ms]
   [Eden: 5712.0M(5712.0M)->0.0B(7152.0M) Survivors: 16384.0K->16384.0K Heap: 9209.4M(14336.0M)->3489.8M(14336.0M)]
 [Times: user=0.08 sys=0.01, real=0.01 secs] 
2022-07-27T16:42:23.664-0700: 502315.169: [GC pause (G1 Evacuation Pause) (young), 0.0136553 secs]
   [Parallel Time: 9.1 ms, GC Workers: 8]
      [GC Worker Start (ms): Min: 502315169.2, Avg: 502315169.2, Max: 502315169.3, Diff: 0.1]
      [Ext Root Scanning (ms): Min: 1.3, Avg: 2.1, Max: 5.5, Diff: 4.1, Sum: 16.7]
      [Update RS (ms): Min: 2.5, Avg: 5.5, Max: 6.2, Diff: 3.7, Sum: 44.1]
         [Processed Buffers: Min: 6, Avg: 13.5, Max: 23, Diff: 17, Sum: 108]
      [Scan RS (ms): Min: 0.0, Avg: 0.1, Max: 0.1, Diff: 0.1, Sum: 0.4]
      [Code Root Scanning (ms): Min: 0.0, Avg: 0.0, Max: 0.0, Diff: 0.0, Sum: 0.0]
      [Object Copy (ms): Min: 0.8, Avg: 1.2, Max: 1.3, Diff: 0.5, Sum: 9.3]
      [Termination (ms): Min: 0.0, Avg: 0.0, Max: 0.0, Diff: 0.0, Sum: 0.1]
         [Termination Attempts: Min: 11, Avg: 15.0, Max: 18, Diff: 7, Sum: 120]
      [GC Worker Other (ms): Min: 0.0, Avg: 0.1, Max: 0.2, Diff: 0.1, Sum: 0.6]
      [GC Worker Total (ms): Min: 8.8, Avg: 8.9, Max: 9.0, Diff: 0.2, Sum: 71.2]
      [GC Worker End (ms): Min: 502315178.0, Avg: 502315178.1, Max: 502315178.2, Diff: 0.1]
   [Code Root Fixup: 0.0 ms]
   [Code Root Purge: 0.0 ms]
   [Clear CT: 0.7 ms]
   [Other: 3.9 ms]
      [Choose CSet: 0.0 ms]
      [Ref Proc: 3.2 ms]
      [Ref Enq: 0.1 ms]
      [Redirty Cards: 0.1 ms]
      [Humongous Register: 0.0 ms]
      [Humongous Reclaim: 0.0 ms]
      [Free CSet: 0.3 ms]
   [Eden: 7152.0M(7152.0M)->0.0B(7152.0M) Survivors: 16384.0K->16384.0K Heap: 10641.8M(14336.0M)->3494.8M(14336.0M)]
 [Times: user=0.08 sys=0.00, real=0.01 secs] 
2022-07-27T16:44:07.071-0700: 502418.575: [GC pause (G1 Evacuation Pause) (young) (initial-mark), 0.0165683 secs]
   [Parallel Time: 10.6 ms, GC Workers: 8]
      [GC Worker Start (ms): Min: 502418577.3, Avg: 502418577.3, Max: 502418577.4, Diff: 0.1]
      [Ext Root Scanning (ms): Min: 5.3, Avg: 5.8, Max: 7.1, Diff: 1.8, Sum: 46.7]
      [Update RS (ms): Min: 0.0, Avg: 0.9, Max: 1.4, Diff: 1.4, Sum: 7.4]
         [Processed Buffers: Min: 0, Avg: 5.4, Max: 14, Diff: 14, Sum: 43]
      [Scan RS (ms): Min: 0.0, Avg: 0.1, Max: 0.1, Diff: 0.1, Sum: 0.4]
      [Code Root Scanning (ms): Min: 0.0, Avg: 0.0, Max: 0.0, Diff: 0.0, Sum: 0.0]
      [Object Copy (ms): Min: 0.7, Avg: 1.5, Max: 2.3, Diff: 1.6, Sum: 12.3]
      [Termination (ms): Min: 0.0, Avg: 0.2, Max: 0.2, Diff: 0.2, Sum: 1.4]
         [Termination Attempts: Min: 1, Avg: 1.5, Max: 4, Diff: 3, Sum: 12]
      [GC Worker Other (ms): Min: 0.0, Avg: 0.0, Max: 0.0, Diff: 0.0, Sum: 0.2]
      [GC Worker Total (ms): Min: 8.5, Avg: 8.6, Max: 8.6, Diff: 0.2, Sum: 68.5]
      [GC Worker End (ms): Min: 502418585.8, Avg: 502418585.9, Max: 502418585.9, Diff: 0.1]
   [Code Root Fixup: 0.0 ms]
   [Code Root Purge: 0.0 ms]
   [Clear CT: 0.7 ms]
   [Other: 5.2 ms]
      [Choose CSet: 0.0 ms]
      [Ref Proc: 4.5 ms]
      [Ref Enq: 0.1 ms]
      [Redirty Cards: 0.1 ms]
      [Humongous Register: 0.0 ms]
      [Humongous Reclaim: 0.0 ms]
      [Free CSet: 0.3 ms]
   [Eden: 7152.0M(7152.0M)->0.0B(7152.0M) Survivors: 16384.0K->16384.0K Heap: 10646.8M(14336.0M)->3497.4M(14336.0M)]
 [Times: user=0.08 sys=0.01, real=0.02 secs] 
2022-07-27T16:44:07.087-0700: 502418.592: [GC concurrent-root-region-scan-start]
2022-07-27T16:44:07.095-0700: 502418.600: [GC concurrent-root-region-scan-end, 0.0076949 secs]
2022-07-27T16:44:07.095-0700: 502418.600: [GC concurrent-mark-start]
2022-07-27T16:44:09.670-0700: 502421.175: [GC concurrent-mark-end, 2.5748022 secs]
2022-07-27T16:44:09.670-0700: 502421.175: [GC remark 2022-07-27T16:44:09.670-0700: 502421.175: [Finalize Marking, 0.0003805 secs] 2022-07-27T16:44:09.671-0700: 502421.175: [GC ref-proc, 0.0089871 secs] 2022-07-27T16:44:09.680-0700: 502421.184: [Unloading, 0.0273344 secs], 0.0422130 secs]
 [Times: user=0.25 sys=0.00, real=0.04 secs] 
2022-07-27T16:44:09.713-0700: 502421.217: [GC cleanup 3697M->3697M(14336M), 0.0082141 secs]
 [Times: user=0.06 sys=0.00, real=0.01 secs] 
2022-07-27T16:45:54.923-0700: 502526.428: [GC pause (G1 Evacuation Pause) (young), 0.0113912 secs]
   [Parallel Time: 5.9 ms, GC Workers: 8]
      [GC Worker Start (ms): Min: 502526428.1, Avg: 502526428.2, Max: 502526428.3, Diff: 0.2]
      [Ext Root Scanning (ms): Min: 1.0, Avg: 1.9, Max: 5.6, Diff: 4.6, Sum: 15.2]
      [Update RS (ms): Min: 0.0, Avg: 0.9, Max: 1.6, Diff: 1.6, Sum: 7.4]
         [Processed Buffers: Min: 0, Avg: 5.0, Max: 9, Diff: 9, Sum: 40]
      [Scan RS (ms): Min: 0.0, Avg: 0.1, Max: 0.1, Diff: 0.1, Sum: 0.4]
      [Code Root Scanning (ms): Min: 0.0, Avg: 0.0, Max: 0.0, Diff: 0.0, Sum: 0.0]
      [Object Copy (ms): Min: 0.0, Avg: 1.5, Max: 1.9, Diff: 1.9, Sum: 12.1]
      [Termination (ms): Min: 0.0, Avg: 1.2, Max: 1.3, Diff: 1.3, Sum: 9.2]
         [Termination Attempts: Min: 1, Avg: 16.0, Max: 21, Diff: 20, Sum: 128]
      [GC Worker Other (ms): Min: 0.0, Avg: 0.0, Max: 0.0, Diff: 0.0, Sum: 0.1]
      [GC Worker Total (ms): Min: 5.5, Avg: 5.6, Max: 5.7, Diff: 0.2, Sum: 44.6]
      [GC Worker End (ms): Min: 502526433.7, Avg: 502526433.8, Max: 502526433.8, Diff: 0.0]
   [Code Root Fixup: 0.0 ms]
   [Code Root Purge: 0.0 ms]
   [Clear CT: 0.6 ms]
   [Other: 4.9 ms]
      [Choose CSet: 0.0 ms]
      [Ref Proc: 4.1 ms]
      [Ref Enq: 0.1 ms]
      [Redirty Cards: 0.1 ms]
      [Humongous Register: 0.1 ms]
      [Humongous Reclaim: 0.0 ms]
      [Free CSet: 0.3 ms]
   [Eden: 7152.0M(7152.0M)->0.0B(5712.0M) Survivors: 16384.0K->16384.0K Heap: 10649.4M(14336.0M)->3497.6M(14336.0M)]
 [Times: user=0.06 sys=0.00, real=0.01 secs] 
2022-07-27T16:47:20.412-0700: 502611.917: [GC pause (G1 Evacuation Pause) (mixed), 0.0129527 secs]
   [Parallel Time: 7.7 ms, GC Workers: 8]
      [GC Worker Start (ms): Min: 502611916.7, Avg: 502611916.8, Max: 502611916.9, Diff: 0.2]
      [Ext Root Scanning (ms): Min: 1.4, Avg: 2.3, Max: 6.5, Diff: 5.1, Sum: 18.7]
      [Update RS (ms): Min: 0.0, Avg: 1.2, Max: 1.6, Diff: 1.6, Sum: 9.5]
         [Processed Buffers: Min: 0, Avg: 4.6, Max: 10, Diff: 10, Sum: 37]
      [Scan RS (ms): Min: 0.1, Avg: 0.9, Max: 1.2, Diff: 1.1, Sum: 7.0]
      [Code Root Scanning (ms): Min: 0.0, Avg: 0.0, Max: 0.1, Diff: 0.1, Sum: 0.1]
      [Object Copy (ms): Min: 1.0, Avg: 3.1, Max: 3.6, Diff: 2.6, Sum: 24.7]
      [Termination (ms): Min: 0.0, Avg: 0.0, Max: 0.0, Diff: 0.0, Sum: 0.1]
         [Termination Attempts: Min: 26, Avg: 31.1, Max: 35, Diff: 9, Sum: 249]
      [GC Worker Other (ms): Min: 0.0, Avg: 0.1, Max: 0.1, Diff: 0.1, Sum: 0.4]
      [GC Worker Total (ms): Min: 7.5, Avg: 7.6, Max: 7.6, Diff: 0.1, Sum: 60.4]
      [GC Worker End (ms): Min: 502611924.3, Avg: 502611924.4, Max: 502611924.4, Diff: 0.1]
   [Code Root Fixup: 0.0 ms]
   [Code Root Purge: 0.0 ms]
   [Clear CT: 0.7 ms]
   [Other: 4.5 ms]
      [Choose CSet: 0.0 ms]
      [Ref Proc: 3.9 ms]
      [Ref Enq: 0.1 ms]
      [Redirty Cards: 0.1 ms]
      [Humongous Register: 0.1 ms]
      [Humongous Reclaim: 0.0 ms]
      [Free CSet: 0.2 ms]
   [Eden: 5712.0M(5712.0M)->0.0B(7152.0M) Survivors: 16384.0K->16384.0K Heap: 9209.6M(14336.0M)->3485.3M(14336.0M)]
 [Times: user=0.07 sys=0.00, real=0.02 secs] 
2022-07-27T16:49:06.072-0700: 502717.576: [GC pause (G1 Evacuation Pause) (young), 0.0124587 secs]
   [Parallel Time: 7.6 ms, GC Workers: 8]
      [GC Worker Start (ms): Min: 502717576.5, Avg: 502717576.6, Max: 502717576.7, Diff: 0.2]
      [Ext Root Scanning (ms): Min: 1.3, Avg: 2.1, Max: 5.7, Diff: 4.4, Sum: 16.6]
      [Update RS (ms): Min: 0.0, Avg: 2.4, Max: 3.1, Diff: 3.1, Sum: 18.9]
         [Processed Buffers: Min: 0, Avg: 8.5, Max: 14, Diff: 14, Sum: 68]
      [Scan RS (ms): Min: 0.0, Avg: 0.0, Max: 0.1, Diff: 0.1, Sum: 0.4]
      [Code Root Scanning (ms): Min: 0.0, Avg: 0.0, Max: 0.0, Diff: 0.0, Sum: 0.0]
      [Object Copy (ms): Min: 1.5, Avg: 2.6, Max: 2.9, Diff: 1.5, Sum: 20.9]
      [Termination (ms): Min: 0.0, Avg: 0.0, Max: 0.0, Diff: 0.0, Sum: 0.0]
         [Termination Attempts: Min: 1, Avg: 1.1, Max: 2, Diff: 1, Sum: 9]
      [GC Worker Other (ms): Min: 0.0, Avg: 0.1, Max: 0.1, Diff: 0.1, Sum: 0.5]
      [GC Worker Total (ms): Min: 7.0, Avg: 7.2, Max: 7.3, Diff: 0.2, Sum: 57.2]
      [GC Worker End (ms): Min: 502717583.7, Avg: 502717583.8, Max: 502717583.8, Diff: 0.1]
   [Code Root Fixup: 0.0 ms]
   [Code Root Purge: 0.0 ms]
   [Clear CT: 0.8 ms]
   [Other: 4.1 ms]
      [Choose CSet: 0.0 ms]
      [Ref Proc: 3.4 ms]
      [Ref Enq: 0.1 ms]
      [Redirty Cards: 0.1 ms]
      [Humongous Register: 0.1 ms]
      [Humongous Reclaim: 0.0 ms]
      [Free CSet: 0.3 ms]
   [Eden: 7152.0M(7152.0M)->0.0B(7152.0M) Survivors: 16384.0K->16384.0K Heap: 10637.3M(14336.0M)->3494.3M(14336.0M)]
 [Times: user=0.07 sys=0.00, real=0.02 secs] 
2022-07-27T16:50:51.622-0700: 502823.127: [GC pause (G1 Evacuation Pause) (young) (initial-mark), 0.0166674 secs]
   [Parallel Time: 11.6 ms, GC Workers: 8]
      [GC Worker Start (ms): Min: 502823129.1, Avg: 502823129.2, Max: 502823129.2, Diff: 0.1]
      [Ext Root Scanning (ms): Min: 4.9, Avg: 5.3, Max: 5.7, Diff: 0.8, Sum: 42.1]
      [Update RS (ms): Min: 0.9, Avg: 1.1, Max: 1.4, Diff: 0.4, Sum: 8.6]
         [Processed Buffers: Min: 2, Avg: 5.4, Max: 13, Diff: 11, Sum: 43]
      [Scan RS (ms): Min: 0.0, Avg: 0.1, Max: 0.1, Diff: 0.1, Sum: 0.4]
      [Code Root Scanning (ms): Min: 0.0, Avg: 0.0, Max: 0.0, Diff: 0.0, Sum: 0.0]
      [Object Copy (ms): Min: 2.3, Avg: 2.9, Max: 3.3, Diff: 0.9, Sum: 23.1]
      [Termination (ms): Min: 0.0, Avg: 0.0, Max: 0.0, Diff: 0.0, Sum: 0.0]
         [Termination Attempts: Min: 1, Avg: 1.0, Max: 1, Diff: 0, Sum: 8]
      [GC Worker Other (ms): Min: 0.0, Avg: 0.1, Max: 0.2, Diff: 0.1, Sum: 0.7]
      [GC Worker Total (ms): Min: 9.3, Avg: 9.4, Max: 9.5, Diff: 0.2, Sum: 74.9]
      [GC Worker End (ms): Min: 502823138.5, Avg: 502823138.5, Max: 502823138.6, Diff: 0.1]
   [Code Root Fixup: 0.0 ms]
   [Code Root Purge: 0.0 ms]
   [Clear CT: 0.7 ms]
   [Other: 4.3 ms]
      [Choose CSet: 0.0 ms]
      [Ref Proc: 3.6 ms]
      [Ref Enq: 0.1 ms]
      [Redirty Cards: 0.1 ms]
      [Humongous Register: 0.0 ms]
      [Humongous Reclaim: 0.0 ms]
      [Free CSet: 0.3 ms]
   [Eden: 7152.0M(7152.0M)->0.0B(7152.0M) Survivors: 16384.0K->16384.0K Heap: 10646.3M(14336.0M)->3500.5M(14336.0M)]
 [Times: user=0.08 sys=0.00, real=0.02 secs] 
2022-07-27T16:50:51.639-0700: 502823.144: [GC concurrent-root-region-scan-start]
2022-07-27T16:50:51.650-0700: 502823.155: [GC concurrent-root-region-scan-end, 0.0109472 secs]
2022-07-27T16:50:51.650-0700: 502823.155: [GC concurrent-mark-start]
2022-07-27T16:50:54.264-0700: 502825.769: [GC concurrent-mark-end, 2.6138012 secs]
2022-07-27T16:50:54.264-0700: 502825.769: [GC remark 2022-07-27T16:50:54.264-0700: 502825.769: [Finalize Marking, 0.0003953 secs] 2022-07-27T16:50:54.265-0700: 502825.769: [GC ref-proc, 0.0112284 secs] 2022-07-27T16:50:54.276-0700: 502825.781: [Unloading, 0.0273197 secs], 0.0445123 secs]
 [Times: user=0.26 sys=0.00, real=0.04 secs] 
2022-07-27T16:50:54.309-0700: 502825.814: [GC cleanup 3676M->3676M(14336M), 0.0083678 secs]
 [Times: user=0.06 sys=0.00, real=0.01 secs] 
2022-07-27T16:52:40.175-0700: 502931.680: [GC pause (G1 Evacuation Pause) (young), 0.0090920 secs]
   [Parallel Time: 5.5 ms, GC Workers: 8]
      [GC Worker Start (ms): Min: 502931680.0, Avg: 502931680.1, Max: 502931680.2, Diff: 0.2]
      [Ext Root Scanning (ms): Min: 1.2, Avg: 1.9, Max: 5.2, Diff: 4.1, Sum: 15.0]
      [Update RS (ms): Min: 0.0, Avg: 1.5, Max: 2.0, Diff: 2.0, Sum: 12.2]
         [Processed Buffers: Min: 0, Avg: 7.1, Max: 15, Diff: 15, Sum: 57]
      [Scan RS (ms): Min: 0.0, Avg: 0.1, Max: 0.1, Diff: 0.1, Sum: 0.4]
      [Code Root Scanning (ms): Min: 0.0, Avg: 0.0, Max: 0.0, Diff: 0.0, Sum: 0.0]
      [Object Copy (ms): Min: 0.0, Avg: 1.7, Max: 2.0, Diff: 2.0, Sum: 13.3]
      [Termination (ms): Min: 0.0, Avg: 0.0, Max: 0.1, Diff: 0.1, Sum: 0.3]
         [Termination Attempts: Min: 1, Avg: 23.2, Max: 33, Diff: 32, Sum: 186]
      [GC Worker Other (ms): Min: 0.0, Avg: 0.0, Max: 0.1, Diff: 0.1, Sum: 0.4]
      [GC Worker Total (ms): Min: 5.1, Avg: 5.2, Max: 5.3, Diff: 0.2, Sum: 41.7]
      [GC Worker End (ms): Min: 502931685.3, Avg: 502931685.3, Max: 502931685.4, Diff: 0.1]
   [Code Root Fixup: 0.0 ms]
   [Code Root Purge: 0.0 ms]
   [Clear CT: 0.7 ms]
   [Other: 2.9 ms]
      [Choose CSet: 0.0 ms]
      [Ref Proc: 2.0 ms]
      [Ref Enq: 0.1 ms]
      [Redirty Cards: 0.2 ms]
      [Humongous Register: 0.1 ms]
      [Humongous Reclaim: 0.0 ms]
      [Free CSet: 0.3 ms]
   [Eden: 7152.0M(7152.0M)->0.0B(5712.0M) Survivors: 16384.0K->16384.0K Heap: 10652.5M(14336.0M)->3495.2M(14336.0M)]
 [Times: user=0.05 sys=0.01, real=0.01 secs] 
2022-07-27T16:54:04.320-0700: 503015.825: [GC pause (G1 Evacuation Pause) (mixed), 0.0129902 secs]
   [Parallel Time: 8.8 ms, GC Workers: 8]
      [GC Worker Start (ms): Min: 503015825.0, Avg: 503015825.1, Max: 503015825.1, Diff: 0.1]
      [Ext Root Scanning (ms): Min: 1.3, Avg: 2.1, Max: 6.6, Diff: 5.3, Sum: 17.1]
      [Update RS (ms): Min: 0.0, Avg: 1.2, Max: 1.6, Diff: 1.6, Sum: 9.2]
         [Processed Buffers: Min: 0, Avg: 5.4, Max: 10, Diff: 10, Sum: 43]
      [Scan RS (ms): Min: 0.0, Avg: 1.1, Max: 1.3, Diff: 1.3, Sum: 8.6]
      [Code Root Scanning (ms): Min: 0.0, Avg: 0.0, Max: 0.0, Diff: 0.0, Sum: 0.1]
      [Object Copy (ms): Min: 1.7, Avg: 3.9, Max: 4.3, Diff: 2.6, Sum: 31.0]
      [Termination (ms): Min: 0.0, Avg: 0.0, Max: 0.0, Diff: 0.0, Sum: 0.0]
         [Termination Attempts: Min: 7, Avg: 11.1, Max: 17, Diff: 10, Sum: 89]
      [GC Worker Other (ms): Min: 0.0, Avg: 0.1, Max: 0.1, Diff: 0.1, Sum: 0.5]
      [GC Worker Total (ms): Min: 8.2, Avg: 8.3, Max: 8.4, Diff: 0.1, Sum: 66.5]
      [GC Worker End (ms): Min: 503015833.3, Avg: 503015833.4, Max: 503015833.5, Diff: 0.1]
   [Code Root Fixup: 0.0 ms]
   [Code Root Purge: 0.0 ms]
   [Clear CT: 0.7 ms]
   [Other: 3.5 ms]
      [Choose CSet: 0.0 ms]
      [Ref Proc: 2.8 ms]
      [Ref Enq: 0.1 ms]
      [Redirty Cards: 0.1 ms]
      [Humongous Register: 0.1 ms]
      [Humongous Reclaim: 0.0 ms]
      [Free CSet: 0.2 ms]
   [Eden: 5712.0M(5712.0M)->0.0B(7152.0M) Survivors: 16384.0K->16384.0K Heap: 9207.2M(14336.0M)->3490.4M(14336.0M)]
 [Times: user=0.08 sys=0.00, real=0.01 secs] 
2022-07-27T16:55:49.966-0700: 503121.471: [GC pause (G1 Evacuation Pause) (young), 0.0134692 secs]
   [Parallel Time: 8.4 ms, GC Workers: 8]
      [GC Worker Start (ms): Min: 503121471.0, Avg: 503121471.1, Max: 503121471.1, Diff: 0.1]
      [Ext Root Scanning (ms): Min: 1.3, Avg: 2.0, Max: 5.6, Diff: 4.3, Sum: 16.4]
      [Update RS (ms): Min: 1.5, Avg: 4.8, Max: 5.5, Diff: 4.0, Sum: 38.4]
         [Processed Buffers: Min: 10, Avg: 12.9, Max: 16, Diff: 6, Sum: 103]
      [Scan RS (ms): Min: 0.0, Avg: 0.1, Max: 0.1, Diff: 0.1, Sum: 0.4]
      [Code Root Scanning (ms): Min: 0.0, Avg: 0.0, Max: 0.0, Diff: 0.0, Sum: 0.0]
      [Object Copy (ms): Min: 0.7, Avg: 1.3, Max: 1.5, Diff: 0.9, Sum: 10.3]
      [Termination (ms): Min: 0.0, Avg: 0.0, Max: 0.0, Diff: 0.0, Sum: 0.0]
         [Termination Attempts: Min: 1, Avg: 1.8, Max: 3, Diff: 2, Sum: 14]
      [GC Worker Other (ms): Min: 0.0, Avg: 0.1, Max: 0.1, Diff: 0.1, Sum: 0.4]
      [GC Worker Total (ms): Min: 8.2, Avg: 8.2, Max: 8.4, Diff: 0.2, Sum: 65.9]
      [GC Worker End (ms): Min: 503121479.3, Avg: 503121479.3, Max: 503121479.4, Diff: 0.1]
   [Code Root Fixup: 0.0 ms]
   [Code Root Purge: 0.0 ms]
   [Clear CT: 0.7 ms]
   [Other: 4.4 ms]
      [Choose CSet: 0.0 ms]
      [Ref Proc: 3.7 ms]
      [Ref Enq: 0.1 ms]
      [Redirty Cards: 0.1 ms]
      [Humongous Register: 0.1 ms]
      [Humongous Reclaim: 0.0 ms]
      [Free CSet: 0.3 ms]
   [Eden: 7152.0M(7152.0M)->0.0B(7152.0M) Survivors: 16384.0K->16384.0K Heap: 10642.4M(14336.0M)->3494.1M(14336.0M)]
 [Times: user=0.08 sys=0.00, real=0.01 secs] 
2022-07-27T16:57:35.913-0700: 503227.418: [GC pause (G1 Evacuation Pause) (young) (initial-mark), 0.0160082 secs]
   [Parallel Time: 11.0 ms, GC Workers: 8]
      [GC Worker Start (ms): Min: 503227419.8, Avg: 503227419.8, Max: 503227419.9, Diff: 0.1]
      [Ext Root Scanning (ms): Min: 5.8, Avg: 6.1, Max: 6.6, Diff: 0.8, Sum: 49.0]
      [Update RS (ms): Min: 1.1, Avg: 1.2, Max: 1.4, Diff: 0.3, Sum: 9.4]
         [Processed Buffers: Min: 2, Avg: 5.0, Max: 15, Diff: 13, Sum: 40]
      [Scan RS (ms): Min: 0.0, Avg: 0.0, Max: 0.1, Diff: 0.1, Sum: 0.4]
      [Code Root Scanning (ms): Min: 0.0, Avg: 0.0, Max: 0.0, Diff: 0.0, Sum: 0.0]
      [Object Copy (ms): Min: 0.7, Avg: 1.3, Max: 1.7, Diff: 1.0, Sum: 10.5]
      [Termination (ms): Min: 0.0, Avg: 0.0, Max: 0.0, Diff: 0.0, Sum: 0.1]
         [Termination Attempts: Min: 17, Avg: 19.5, Max: 24, Diff: 7, Sum: 156]
      [GC Worker Other (ms): Min: 0.0, Avg: 0.1, Max: 0.1, Diff: 0.1, Sum: 0.6]
      [GC Worker Total (ms): Min: 8.7, Avg: 8.7, Max: 8.8, Diff: 0.1, Sum: 70.0]
      [GC Worker End (ms): Min: 503227428.5, Avg: 503227428.6, Max: 503227428.7, Diff: 0.1]
   [Code Root Fixup: 0.0 ms]
   [Code Root Purge: 0.0 ms]
   [Clear CT: 0.7 ms]
   [Other: 4.4 ms]
      [Choose CSet: 0.0 ms]
      [Ref Proc: 3.7 ms]
      [Ref Enq: 0.1 ms]
      [Redirty Cards: 0.1 ms]
      [Humongous Register: 0.0 ms]
      [Humongous Reclaim: 0.0 ms]
      [Free CSet: 0.3 ms]
   [Eden: 7152.0M(7152.0M)->0.0B(7152.0M) Survivors: 16384.0K->16384.0K Heap: 10646.1M(14336.0M)->3494.6M(14336.0M)]
 [Times: user=0.07 sys=0.00, real=0.02 secs] 
2022-07-27T16:57:35.929-0700: 503227.434: [GC concurrent-root-region-scan-start]
2022-07-27T16:57:35.938-0700: 503227.442: [GC concurrent-root-region-scan-end, 0.0087589 secs]
2022-07-27T16:57:35.938-0700: 503227.442: [GC concurrent-mark-start]
2022-07-27T16:57:38.542-0700: 503230.047: [GC concurrent-mark-end, 2.6047389 secs]
2022-07-27T16:57:38.543-0700: 503230.048: [GC remark 2022-07-27T16:57:38.543-0700: 503230.048: [Finalize Marking, 0.0004952 secs] 2022-07-27T16:57:38.543-0700: 503230.048: [GC ref-proc, 0.0070126 secs] 2022-07-27T16:57:38.550-0700: 503230.055: [Unloading, 0.0271553 secs], 0.0402792 secs]
 [Times: user=0.25 sys=0.00, real=0.04 secs] 
2022-07-27T16:57:38.583-0700: 503230.088: [GC cleanup 3654M->3654M(14336M), 0.0085183 secs]
 [Times: user=0.06 sys=0.00, real=0.00 secs] 
2022-07-27T16:59:22.618-0700: 503334.123: [GC pause (G1 Evacuation Pause) (young), 0.0142046 secs]
   [Parallel Time: 8.6 ms, GC Workers: 8]
      [GC Worker Start (ms): Min: 503334122.9, Avg: 503334123.0, Max: 503334123.0, Diff: 0.1]
      [Ext Root Scanning (ms): Min: 1.5, Avg: 3.1, Max: 5.2, Diff: 3.7, Sum: 25.1]
      [Update RS (ms): Min: 0.0, Avg: 1.8, Max: 3.3, Diff: 3.3, Sum: 14.7]
         [Processed Buffers: Min: 0, Avg: 7.5, Max: 14, Diff: 14, Sum: 60]
      [Scan RS (ms): Min: 0.0, Avg: 0.1, Max: 0.1, Diff: 0.1, Sum: 0.4]
      [Code Root Scanning (ms): Min: 0.0, Avg: 0.0, Max: 0.0, Diff: 0.0, Sum: 0.0]
      [Object Copy (ms): Min: 3.0, Avg: 3.2, Max: 3.4, Diff: 0.4, Sum: 25.4]
      [Termination (ms): Min: 0.0, Avg: 0.0, Max: 0.0, Diff: 0.0, Sum: 0.0]
         [Termination Attempts: Min: 1, Avg: 2.6, Max: 4, Diff: 3, Sum: 21]
      [GC Worker Other (ms): Min: 0.0, Avg: 0.1, Max: 0.1, Diff: 0.1, Sum: 0.6]
      [GC Worker Total (ms): Min: 8.2, Avg: 8.3, Max: 8.4, Diff: 0.2, Sum: 66.1]
      [GC Worker End (ms): Min: 503334131.2, Avg: 503334131.2, Max: 503334131.3, Diff: 0.1]
   [Code Root Fixup: 0.0 ms]
   [Code Root Purge: 0.0 ms]
   [Clear CT: 0.8 ms]
   [Other: 4.8 ms]
      [Choose CSet: 0.0 ms]
      [Ref Proc: 4.0 ms]
      [Ref Enq: 0.1 ms]
      [Redirty Cards: 0.1 ms]
      [Humongous Register: 0.1 ms]
      [Humongous Reclaim: 0.0 ms]
      [Free CSet: 0.3 ms]
   [Eden: 7152.0M(7152.0M)->0.0B(5712.0M) Survivors: 16384.0K->16384.0K Heap: 10646.6M(14336.0M)->3503.2M(14336.0M)]
 [Times: user=0.06 sys=0.01, real=0.01 secs] 
2022-07-27T17:00:49.520-0700: 503421.025: [GC pause (G1 Evacuation Pause) (mixed), 0.0236678 secs]
   [Parallel Time: 18.7 ms, GC Workers: 8]
      [GC Worker Start (ms): Min: 503421025.1, Avg: 503421025.2, Max: 503421025.2, Diff: 0.1]
      [Ext Root Scanning (ms): Min: 1.2, Avg: 2.1, Max: 6.6, Diff: 5.4, Sum: 16.9]
      [Update RS (ms): Min: 0.0, Avg: 1.8, Max: 2.5, Diff: 2.5, Sum: 14.5]
         [Processed Buffers: Min: 0, Avg: 6.9, Max: 14, Diff: 14, Sum: 55]
      [Scan RS (ms): Min: 0.0, Avg: 0.8, Max: 1.1, Diff: 1.1, Sum: 6.6]
      [Code Root Scanning (ms): Min: 0.0, Avg: 0.0, Max: 0.0, Diff: 0.0, Sum: 0.1]
      [Object Copy (ms): Min: 9.5, Avg: 11.9, Max: 13.7, Diff: 4.2, Sum: 95.1]
      [Termination (ms): Min: 0.0, Avg: 1.6, Max: 2.1, Diff: 2.1, Sum: 12.6]
         [Termination Attempts: Min: 1, Avg: 9.8, Max: 19, Diff: 18, Sum: 78]
      [GC Worker Other (ms): Min: 0.0, Avg: 0.0, Max: 0.0, Diff: 0.0, Sum: 0.2]
      [GC Worker Total (ms): Min: 18.2, Avg: 18.2, Max: 18.3, Diff: 0.1, Sum: 146.0]
      [GC Worker End (ms): Min: 503421043.4, Avg: 503421043.4, Max: 503421043.4, Diff: 0.0]
   [Code Root Fixup: 0.0 ms]
   [Code Root Purge: 0.0 ms]
   [Clear CT: 0.8 ms]
   [Other: 4.2 ms]
      [Choose CSet: 0.0 ms]
      [Ref Proc: 3.5 ms]
      [Ref Enq: 0.1 ms]
      [Redirty Cards: 0.1 ms]
      [Humongous Register: 0.1 ms]
      [Humongous Reclaim: 0.0 ms]
      [Free CSet: 0.2 ms]
   [Eden: 5712.0M(5712.0M)->0.0B(7152.0M) Survivors: 16384.0K->16384.0K Heap: 9215.2M(14336.0M)->3496.4M(14336.0M)]
 [Times: user=0.10 sys=0.01, real=0.03 secs] 
2022-07-27T17:02:36.581-0700: 503528.085: [GC pause (G1 Evacuation Pause) (young), 0.0123678 secs]
   [Parallel Time: 9.5 ms, GC Workers: 8]
      [GC Worker Start (ms): Min: 503528085.6, Avg: 503528085.6, Max: 503528085.7, Diff: 0.1]
      [Ext Root Scanning (ms): Min: 1.1, Avg: 2.8, Max: 9.3, Diff: 8.1, Sum: 22.1]
      [Update RS (ms): Min: 0.0, Avg: 4.8, Max: 6.4, Diff: 6.4, Sum: 38.6]
         [Processed Buffers: Min: 0, Avg: 14.8, Max: 23, Diff: 23, Sum: 118]
      [Scan RS (ms): Min: 0.0, Avg: 0.0, Max: 0.1, Diff: 0.1, Sum: 0.4]
      [Code Root Scanning (ms): Min: 0.0, Avg: 0.0, Max: 0.0, Diff: 0.0, Sum: 0.0]
      [Object Copy (ms): Min: 0.0, Avg: 1.5, Max: 2.0, Diff: 2.0, Sum: 12.3]
      [Termination (ms): Min: 0.0, Avg: 0.1, Max: 0.2, Diff: 0.2, Sum: 1.1]
         [Termination Attempts: Min: 1, Avg: 2.8, Max: 4, Diff: 3, Sum: 22]
      [GC Worker Other (ms): Min: 0.0, Avg: 0.0, Max: 0.0, Diff: 0.0, Sum: 0.2]
      [GC Worker Total (ms): Min: 9.3, Avg: 9.3, Max: 9.4, Diff: 0.1, Sum: 74.7]
      [GC Worker End (ms): Min: 503528095.0, Avg: 503528095.0, Max: 503528095.0, Diff: 0.0]
   [Code Root Fixup: 0.0 ms]
   [Code Root Purge: 0.0 ms]
   [Clear CT: 0.7 ms]
   [Other: 2.1 ms]
      [Choose CSet: 0.0 ms]
      [Ref Proc: 1.4 ms]
      [Ref Enq: 0.1 ms]
      [Redirty Cards: 0.1 ms]
      [Humongous Register: 0.1 ms]
      [Humongous Reclaim: 0.0 ms]
      [Free CSet: 0.3 ms]
   [Eden: 7152.0M(7152.0M)->0.0B(7152.0M) Survivors: 16384.0K->16384.0K Heap: 10648.4M(14336.0M)->3501.6M(14336.0M)]
 [Times: user=0.08 sys=0.00, real=0.01 secs] 
2022-07-27T17:03:12.201-0700: 503563.706: [GC pause (G1 Humongous Allocation) (young) (initial-mark), 0.0166647 secs]
   [Parallel Time: 12.7 ms, GC Workers: 8]
      [GC Worker Start (ms): Min: 503563708.1, Avg: 503563708.2, Max: 503563708.3, Diff: 0.2]
      [Ext Root Scanning (ms): Min: 4.5, Avg: 4.6, Max: 4.8, Diff: 0.3, Sum: 37.2]
      [Update RS (ms): Min: 3.3, Avg: 3.4, Max: 3.5, Diff: 0.2, Sum: 26.9]
         [Processed Buffers: Min: 10, Avg: 13.1, Max: 17, Diff: 7, Sum: 105]
      [Scan RS (ms): Min: 0.0, Avg: 0.0, Max: 0.0, Diff: 0.0, Sum: 0.1]
      [Code Root Scanning (ms): Min: 0.0, Avg: 0.0, Max: 0.0, Diff: 0.0, Sum: 0.0]
      [Object Copy (ms): Min: 2.1, Avg: 2.3, Max: 2.6, Diff: 0.6, Sum: 18.7]
      [Termination (ms): Min: 0.0, Avg: 0.0, Max: 0.0, Diff: 0.0, Sum: 0.0]
         [Termination Attempts: Min: 11, Avg: 14.4, Max: 22, Diff: 11, Sum: 115]
      [GC Worker Other (ms): Min: 0.0, Avg: 0.0, Max: 0.1, Diff: 0.1, Sum: 0.3]
      [GC Worker Total (ms): Min: 10.3, Avg: 10.4, Max: 10.5, Diff: 0.2, Sum: 83.2]
      [GC Worker End (ms): Min: 503563718.6, Avg: 503563718.6, Max: 503563718.7, Diff: 0.1]
   [Code Root Fixup: 0.0 ms]
   [Code Root Purge: 0.0 ms]
   [Clear CT: 0.1 ms]
   [Other: 3.9 ms]
      [Choose CSet: 0.0 ms]
      [Ref Proc: 3.4 ms]
      [Ref Enq: 0.1 ms]
      [Redirty Cards: 0.1 ms]
      [Humongous Register: 0.0 ms]
      [Humongous Reclaim: 0.0 ms]
      [Free CSet: 0.1 ms]
   [Eden: 1072.0M(7152.0M)->0.0B(7152.0M) Survivors: 16384.0K->16384.0K Heap: 4557.6M(14336.0M)->3509.2M(14336.0M)]
 [Times: user=0.08 sys=0.00, real=0.02 secs] 
2022-07-27T17:03:12.218-0700: 503563.723: [GC concurrent-root-region-scan-start]
2022-07-27T17:03:12.229-0700: 503563.734: [GC concurrent-root-region-scan-end, 0.0112955 secs]
2022-07-27T17:03:12.229-0700: 503563.734: [GC concurrent-mark-start]
2022-07-27T17:03:14.774-0700: 503566.279: [GC concurrent-mark-end, 2.5447589 secs]
2022-07-27T17:03:14.775-0700: 503566.279: [GC remark 2022-07-27T17:03:14.775-0700: 503566.279: [Finalize Marking, 0.0007218 secs] 2022-07-27T17:03:14.775-0700: 503566.280: [GC ref-proc, 0.0117742 secs] 2022-07-27T17:03:14.787-0700: 503566.292: [Unloading, 0.0296491 secs], 0.0479053 secs]
 [Times: user=0.26 sys=0.00, real=0.05 secs] 
2022-07-27T17:03:14.823-0700: 503566.328: [GC cleanup 3556M->3556M(14336M), 0.0086529 secs]
 [Times: user=0.06 sys=0.00, real=0.00 secs] 
2022-07-27T17:04:51.677-0700: 503663.181: [GC pause (G1 Evacuation Pause) (young), 0.0603842 secs]
   [Parallel Time: 56.8 ms, GC Workers: 8]
      [GC Worker Start (ms): Min: 503663181.5, Avg: 503663181.5, Max: 503663181.6, Diff: 0.1]
      [Ext Root Scanning (ms): Min: 1.2, Avg: 1.9, Max: 5.0, Diff: 3.9, Sum: 15.0]
      [Update RS (ms): Min: 1.5, Avg: 4.1, Max: 4.9, Diff: 3.4, Sum: 33.2]
         [Processed Buffers: Min: 8, Avg: 26.5, Max: 33, Diff: 25, Sum: 212]
      [Scan RS (ms): Min: 0.0, Avg: 0.1, Max: 0.2, Diff: 0.2, Sum: 0.4]
      [Code Root Scanning (ms): Min: 0.0, Avg: 0.0, Max: 0.0, Diff: 0.0, Sum: 0.0]
      [Object Copy (ms): Min: 49.9, Avg: 50.3, Max: 50.5, Diff: 0.6, Sum: 402.1]
      [Termination (ms): Min: 0.0, Avg: 0.0, Max: 0.0, Diff: 0.0, Sum: 0.0]
         [Termination Attempts: Min: 1, Avg: 2.1, Max: 4, Diff: 3, Sum: 17]
      [GC Worker Other (ms): Min: 0.0, Avg: 0.1, Max: 0.2, Diff: 0.2, Sum: 0.7]
      [GC Worker Total (ms): Min: 56.3, Avg: 56.4, Max: 56.5, Diff: 0.2, Sum: 451.4]
      [GC Worker End (ms): Min: 503663237.9, Avg: 503663237.9, Max: 503663238.1, Diff: 0.2]
   [Code Root Fixup: 0.0 ms]
   [Code Root Purge: 0.0 ms]
   [Clear CT: 0.7 ms]
   [Other: 2.8 ms]
      [Choose CSet: 0.0 ms]
      [Ref Proc: 2.2 ms]
      [Ref Enq: 0.1 ms]
      [Redirty Cards: 0.1 ms]
      [Humongous Register: 0.1 ms]
      [Humongous Reclaim: 0.0 ms]
      [Free CSet: 0.3 ms]
   [Eden: 7152.0M(7152.0M)->0.0B(5536.0M) Survivors: 16384.0K->192.0M Heap: 10677.2M(14336.0M)->3700.9M(14336.0M)]
 [Times: user=0.46 sys=0.00, real=0.06 secs] 
2022-07-27T17:06:14.313-0700: 503745.818: [GC pause (G1 Evacuation Pause) (mixed), 0.0906791 secs]
   [Parallel Time: 87.2 ms, GC Workers: 8]
      [GC Worker Start (ms): Min: 503745817.9, Avg: 503745817.9, Max: 503745818.0, Diff: 0.1]
      [Ext Root Scanning (ms): Min: 1.4, Avg: 2.3, Max: 7.0, Diff: 5.6, Sum: 18.2]
      [Update RS (ms): Min: 0.0, Avg: 3.8, Max: 4.6, Diff: 4.6, Sum: 30.2]
         [Processed Buffers: Min: 0, Avg: 10.5, Max: 15, Diff: 15, Sum: 84]
      [Scan RS (ms): Min: 2.5, Avg: 3.0, Max: 3.3, Diff: 0.8, Sum: 24.3]
      [Code Root Scanning (ms): Min: 0.0, Avg: 0.0, Max: 0.1, Diff: 0.1, Sum: 0.1]
      [Object Copy (ms): Min: 77.3, Avg: 77.7, Max: 77.9, Diff: 0.6, Sum: 621.5]
      [Termination (ms): Min: 0.0, Avg: 0.0, Max: 0.0, Diff: 0.0, Sum: 0.1]
         [Termination Attempts: Min: 1, Avg: 44.6, Max: 60, Diff: 59, Sum: 357]
      [GC Worker Other (ms): Min: 0.0, Avg: 0.1, Max: 0.1, Diff: 0.1, Sum: 0.5]
      [GC Worker Total (ms): Min: 86.8, Avg: 86.8, Max: 86.9, Diff: 0.1, Sum: 694.7]
      [GC Worker End (ms): Min: 503745904.7, Avg: 503745904.8, Max: 503745904.8, Diff: 0.1]
   [Code Root Fixup: 0.0 ms]
   [Code Root Purge: 0.0 ms]
   [Clear CT: 0.8 ms]
   [Other: 2.7 ms]
      [Choose CSet: 0.0 ms]
      [Ref Proc: 1.8 ms]
      [Ref Enq: 0.1 ms]
      [Redirty Cards: 0.3 ms]
      [Humongous Register: 0.0 ms]
      [Humongous Reclaim: 0.0 ms]
      [Free CSet: 0.3 ms]
   [Eden: 5536.0M(5536.0M)->0.0B(7040.0M) Survivors: 192.0M->128.0M Heap: 9236.9M(14336.0M)->3771.0M(14336.0M)]
 [Times: user=0.58 sys=0.00, real=0.10 secs] 
2022-07-27T17:07:59.913-0700: 503851.418: [GC pause (G1 Evacuation Pause) (young), 0.0407438 secs]
   [Parallel Time: 37.5 ms, GC Workers: 8]
      [GC Worker Start (ms): Min: 503851418.2, Avg: 503851418.3, Max: 503851418.4, Diff: 0.2]
      [Ext Root Scanning (ms): Min: 1.3, Avg: 2.1, Max: 5.5, Diff: 4.2, Sum: 16.7]
      [Update RS (ms): Min: 13.9, Avg: 15.8, Max: 16.3, Diff: 2.4, Sum: 126.7]
         [Processed Buffers: Min: 32, Avg: 37.5, Max: 46, Diff: 14, Sum: 300]
      [Scan RS (ms): Min: 8.5, Avg: 9.6, Max: 9.8, Diff: 1.2, Sum: 76.5]
      [Code Root Scanning (ms): Min: 0.0, Avg: 0.0, Max: 0.0, Diff: 0.0, Sum: 0.0]
      [Object Copy (ms): Min: 9.3, Avg: 9.7, Max: 9.8, Diff: 0.6, Sum: 77.5]
      [Termination (ms): Min: 0.0, Avg: 0.0, Max: 0.0, Diff: 0.0, Sum: 0.0]
         [Termination Attempts: Min: 1, Avg: 15.8, Max: 27, Diff: 26, Sum: 126]
      [GC Worker Other (ms): Min: 0.0, Avg: 0.0, Max: 0.1, Diff: 0.1, Sum: 0.4]
      [GC Worker Total (ms): Min: 37.1, Avg: 37.2, Max: 37.3, Diff: 0.2, Sum: 297.8]
      [GC Worker End (ms): Min: 503851455.5, Avg: 503851455.5, Max: 503851455.5, Diff: 0.1]
   [Code Root Fixup: 0.0 ms]
   [Code Root Purge: 0.0 ms]
   [Clear CT: 0.9 ms]
   [Other: 2.4 ms]
      [Choose CSet: 0.0 ms]
      [Ref Proc: 1.5 ms]
      [Ref Enq: 0.1 ms]
      [Redirty Cards: 0.2 ms]
      [Humongous Register: 0.1 ms]
      [Humongous Reclaim: 0.0 ms]
      [Free CSet: 0.3 ms]
   [Eden: 7040.0M(7040.0M)->0.0B(7072.0M) Survivors: 128.0M->98304.0K Heap: 10811.0M(14336.0M)->3796.5M(14336.0M)]
 [Times: user=0.31 sys=0.00, real=0.04 secs] 
2022-07-27T17:09:46.372-0700: 503957.876: [GC pause (G1 Evacuation Pause) (young) (initial-mark), 0.0376179 secs]
   [Parallel Time: 32.8 ms, GC Workers: 8]
      [GC Worker Start (ms): Min: 503957878.6, Avg: 503957878.7, Max: 503957878.8, Diff: 0.2]
      [Ext Root Scanning (ms): Min: 5.6, Avg: 5.8, Max: 6.0, Diff: 0.4, Sum: 46.5]
      [Update RS (ms): Min: 8.5, Avg: 8.6, Max: 8.9, Diff: 0.4, Sum: 68.9]
         [Processed Buffers: Min: 27, Avg: 32.1, Max: 41, Diff: 14, Sum: 257]
      [Scan RS (ms): Min: 10.1, Avg: 10.3, Max: 10.4, Diff: 0.3, Sum: 82.4]
      [Code Root Scanning (ms): Min: 0.0, Avg: 0.0, Max: 0.0, Diff: 0.0, Sum: 0.0]
      [Object Copy (ms): Min: 5.5, Avg: 5.7, Max: 5.9, Diff: 0.4, Sum: 46.0]
      [Termination (ms): Min: 0.0, Avg: 0.0, Max: 0.0, Diff: 0.0, Sum: 0.0]
         [Termination Attempts: Min: 1, Avg: 3.2, Max: 8, Diff: 7, Sum: 26]
      [GC Worker Other (ms): Min: 0.0, Avg: 0.1, Max: 0.1, Diff: 0.1, Sum: 0.5]
      [GC Worker Total (ms): Min: 30.5, Avg: 30.5, Max: 30.7, Diff: 0.2, Sum: 244.4]
      [GC Worker End (ms): Min: 503957909.2, Avg: 503957909.3, Max: 503957909.3, Diff: 0.1]
   [Code Root Fixup: 0.0 ms]
   [Code Root Purge: 0.0 ms]
   [Clear CT: 0.8 ms]
   [Other: 4.0 ms]
      [Choose CSet: 0.0 ms]
      [Ref Proc: 3.1 ms]
      [Ref Enq: 0.1 ms]
      [Redirty Cards: 0.2 ms]
      [Humongous Register: 0.1 ms]
      [Humongous Reclaim: 0.0 ms]
      [Free CSet: 0.3 ms]
   [Eden: 7072.0M(7072.0M)->0.0B(7136.0M) Survivors: 98304.0K->32768.0K Heap: 10868.5M(14336.0M)->3791.9M(14336.0M)]
 [Times: user=0.25 sys=0.00, real=0.04 secs] 
2022-07-27T17:09:46.409-0700: 503957.914: [GC concurrent-root-region-scan-start]
2022-07-27T17:09:46.420-0700: 503957.925: [GC concurrent-root-region-scan-end, 0.0107737 secs]
2022-07-27T17:09:46.420-0700: 503957.925: [GC concurrent-mark-start]
2022-07-27T17:09:49.153-0700: 503960.658: [GC concurrent-mark-end, 2.7331081 secs]
2022-07-27T17:09:49.153-0700: 503960.658: [GC remark 2022-07-27T17:09:49.154-0700: 503960.658: [Finalize Marking, 0.0005455 secs] 2022-07-27T17:09:49.154-0700: 503960.659: [GC ref-proc, 0.0108180 secs] 2022-07-27T17:09:49.165-0700: 503960.670: [Unloading, 0.0270787 secs], 0.0442280 secs]
 [Times: user=0.26 sys=0.00, real=0.05 secs] 
2022-07-27T17:09:49.198-0700: 503960.703: [GC cleanup 3983M->3983M(14336M), 0.0095308 secs]
 [Times: user=0.07 sys=0.00, real=0.01 secs] 
2022-07-27T17:11:36.718-0700: 504068.223: [GC pause (G1 Evacuation Pause) (young), 0.0167187 secs]
   [Parallel Time: 13.6 ms, GC Workers: 8]
      [GC Worker Start (ms): Min: 504068223.0, Avg: 504068223.1, Max: 504068223.1, Diff: 0.1]
      [Ext Root Scanning (ms): Min: 1.1, Avg: 1.8, Max: 5.4, Diff: 4.3, Sum: 14.6]
      [Update RS (ms): Min: 6.8, Avg: 9.9, Max: 10.7, Diff: 3.9, Sum: 79.0]
         [Processed Buffers: Min: 22, Avg: 33.8, Max: 44, Diff: 22, Sum: 270]
      [Scan RS (ms): Min: 0.2, Avg: 0.4, Max: 0.6, Diff: 0.4, Sum: 3.0]
      [Code Root Scanning (ms): Min: 0.0, Avg: 0.0, Max: 0.0, Diff: 0.0, Sum: 0.0]
      [Object Copy (ms): Min: 1.0, Avg: 1.3, Max: 1.4, Diff: 0.4, Sum: 10.2]
      [Termination (ms): Min: 0.0, Avg: 0.0, Max: 0.0, Diff: 0.0, Sum: 0.0]
         [Termination Attempts: Min: 1, Avg: 1.0, Max: 1, Diff: 0, Sum: 8]
      [GC Worker Other (ms): Min: 0.0, Avg: 0.1, Max: 0.1, Diff: 0.1, Sum: 0.5]
      [GC Worker Total (ms): Min: 13.3, Avg: 13.4, Max: 13.5, Diff: 0.1, Sum: 107.3]
      [GC Worker End (ms): Min: 504068236.5, Avg: 504068236.5, Max: 504068236.6, Diff: 0.1]
   [Code Root Fixup: 0.0 ms]
   [Code Root Purge: 0.0 ms]
   [Clear CT: 0.8 ms]
   [Other: 2.3 ms]
      [Choose CSet: 0.0 ms]
      [Ref Proc: 1.6 ms]
      [Ref Enq: 0.1 ms]
      [Redirty Cards: 0.1 ms]
      [Humongous Register: 0.1 ms]
      [Humongous Reclaim: 0.0 ms]
      [Free CSet: 0.3 ms]
   [Eden: 7136.0M(7136.0M)->0.0B(5712.0M) Survivors: 32768.0K->16384.0K Heap: 10927.9M(14336.0M)->3789.3M(14336.0M)]
 [Times: user=0.12 sys=0.00, real=0.02 secs] 
2022-07-27T17:13:02.718-0700: 504154.223: [GC pause (G1 Evacuation Pause) (mixed), 0.0945017 secs]
   [Parallel Time: 89.3 ms, GC Workers: 8]
      [GC Worker Start (ms): Min: 504154223.0, Avg: 504154223.1, Max: 504154223.2, Diff: 0.2]
      [Ext Root Scanning (ms): Min: 1.2, Avg: 2.1, Max: 6.2, Diff: 5.0, Sum: 16.5]
      [Update RS (ms): Min: 0.0, Avg: 1.6, Max: 2.4, Diff: 2.4, Sum: 13.0]
         [Processed Buffers: Min: 0, Avg: 7.1, Max: 15, Diff: 15, Sum: 57]
      [Scan RS (ms): Min: 15.4, Avg: 17.3, Max: 17.8, Diff: 2.4, Sum: 138.5]
      [Code Root Scanning (ms): Min: 0.0, Avg: 0.1, Max: 0.7, Diff: 0.7, Sum: 0.7]
      [Object Copy (ms): Min: 66.5, Avg: 67.1, Max: 67.9, Diff: 1.4, Sum: 536.8]
      [Termination (ms): Min: 0.0, Avg: 0.7, Max: 1.1, Diff: 1.1, Sum: 5.8]
         [Termination Attempts: Min: 1, Avg: 9.8, Max: 21, Diff: 20, Sum: 78]
      [GC Worker Other (ms): Min: 0.0, Avg: 0.0, Max: 0.0, Diff: 0.0, Sum: 0.1]
      [GC Worker Total (ms): Min: 88.9, Avg: 88.9, Max: 89.0, Diff: 0.2, Sum: 711.4]
      [GC Worker End (ms): Min: 504154312.0, Avg: 504154312.0, Max: 504154312.0, Diff: 0.0]
   [Code Root Fixup: 0.0 ms]
   [Code Root Purge: 0.0 ms]
   [Clear CT: 0.9 ms]
   [Other: 4.3 ms]
      [Choose CSet: 0.1 ms]
      [Ref Proc: 2.9 ms]
      [Ref Enq: 0.1 ms]
      [Redirty Cards: 0.2 ms]
      [Humongous Register: 0.1 ms]
      [Humongous Reclaim: 0.0 ms]
      [Free CSet: 0.4 ms]
   [Eden: 5712.0M(5712.0M)->0.0B(7152.0M) Survivors: 16384.0K->16384.0K Heap: 9501.3M(14336.0M)->3514.7M(14336.0M)]
 [Times: user=0.33 sys=0.01, real=0.09 secs] 
2022-07-27T17:14:50.068-0700: 504261.573: [GC pause (G1 Evacuation Pause) (young), 0.0207410 secs]
   [Parallel Time: 17.6 ms, GC Workers: 8]
      [GC Worker Start (ms): Min: 504261573.0, Avg: 504261573.0, Max: 504261573.1, Diff: 0.1]
      [Ext Root Scanning (ms): Min: 2.0, Avg: 2.9, Max: 5.5, Diff: 3.5, Sum: 22.9]
      [Update RS (ms): Min: 10.8, Avg: 12.5, Max: 13.0, Diff: 2.2, Sum: 100.2]
         [Processed Buffers: Min: 26, Avg: 36.1, Max: 43, Diff: 17, Sum: 289]
      [Scan RS (ms): Min: 0.0, Avg: 0.1, Max: 0.2, Diff: 0.2, Sum: 0.7]
      [Code Root Scanning (ms): Min: 0.0, Avg: 0.0, Max: 0.0, Diff: 0.0, Sum: 0.0]
      [Object Copy (ms): Min: 0.9, Avg: 1.6, Max: 2.2, Diff: 1.3, Sum: 12.8]
      [Termination (ms): Min: 0.0, Avg: 0.0, Max: 0.0, Diff: 0.0, Sum: 0.0]
         [Termination Attempts: Min: 1, Avg: 1.2, Max: 2, Diff: 1, Sum: 10]
      [GC Worker Other (ms): Min: 0.0, Avg: 0.1, Max: 0.1, Diff: 0.1, Sum: 0.4]
      [GC Worker Total (ms): Min: 17.1, Avg: 17.1, Max: 17.3, Diff: 0.2, Sum: 137.1]
      [GC Worker End (ms): Min: 504261590.1, Avg: 504261590.2, Max: 504261590.2, Diff: 0.1]
   [Code Root Fixup: 0.0 ms]
   [Code Root Purge: 0.0 ms]
   [Clear CT: 0.7 ms]
   [Other: 2.4 ms]
      [Choose CSet: 0.0 ms]
      [Ref Proc: 1.7 ms]
      [Ref Enq: 0.1 ms]
      [Redirty Cards: 0.1 ms]
      [Humongous Register: 0.1 ms]
      [Humongous Reclaim: 0.0 ms]
      [Free CSet: 0.3 ms]
   [Eden: 7152.0M(7152.0M)->0.0B(7152.0M) Survivors: 16384.0K->16384.0K Heap: 10666.7M(14336.0M)->3547.4M(14336.0M)]
 [Times: user=0.14 sys=0.01, real=0.02 secs] 
2022-07-27T17:16:39.916-0700: 504371.421: [GC pause (G1 Evacuation Pause) (young) (initial-mark), 0.0161658 secs]
   [Parallel Time: 12.7 ms, GC Workers: 8]
      [GC Worker Start (ms): Min: 504371422.6, Avg: 504371422.7, Max: 504371422.7, Diff: 0.1]
      [Ext Root Scanning (ms): Min: 5.5, Avg: 5.9, Max: 6.4, Diff: 0.9, Sum: 47.1]
      [Update RS (ms): Min: 2.2, Avg: 2.3, Max: 2.6, Diff: 0.4, Sum: 18.5]
         [Processed Buffers: Min: 4, Avg: 8.1, Max: 15, Diff: 11, Sum: 65]
      [Scan RS (ms): Min: 0.0, Avg: 0.1, Max: 0.2, Diff: 0.1, Sum: 0.5]
      [Code Root Scanning (ms): Min: 0.0, Avg: 0.0, Max: 0.0, Diff: 0.0, Sum: 0.0]
      [Object Copy (ms): Min: 1.6, Avg: 2.3, Max: 2.7, Diff: 1.1, Sum: 18.0]
      [Termination (ms): Min: 0.0, Avg: 0.0, Max: 0.1, Diff: 0.1, Sum: 0.4]
         [Termination Attempts: Min: 25, Avg: 34.4, Max: 40, Diff: 15, Sum: 275]
      [GC Worker Other (ms): Min: 0.0, Avg: 0.0, Max: 0.1, Diff: 0.1, Sum: 0.4]
      [GC Worker Total (ms): Min: 10.5, Avg: 10.6, Max: 10.7, Diff: 0.1, Sum: 85.0]
      [GC Worker End (ms): Min: 504371433.2, Avg: 504371433.3, Max: 504371433.3, Diff: 0.1]
   [Code Root Fixup: 0.0 ms]
   [Code Root Purge: 0.0 ms]
   [Clear CT: 0.7 ms]
   [Other: 2.7 ms]
      [Choose CSet: 0.0 ms]
      [Ref Proc: 2.1 ms]
      [Ref Enq: 0.1 ms]
      [Redirty Cards: 0.1 ms]
      [Humongous Register: 0.0 ms]
      [Humongous Reclaim: 0.0 ms]
      [Free CSet: 0.3 ms]
   [Eden: 7152.0M(7152.0M)->0.0B(7152.0M) Survivors: 16384.0K->16384.0K Heap: 10699.4M(14336.0M)->3558.3M(14336.0M)]
 [Times: user=0.09 sys=0.00, real=0.01 secs] 
2022-07-27T17:16:39.932-0700: 504371.437: [GC concurrent-root-region-scan-start]
2022-07-27T17:16:39.943-0700: 504371.448: [GC concurrent-root-region-scan-end, 0.0109184 secs]
2022-07-27T17:16:39.943-0700: 504371.448: [GC concurrent-mark-start]
2022-07-27T17:16:42.589-0700: 504374.094: [GC concurrent-mark-end, 2.6460462 secs]
2022-07-27T17:16:42.589-0700: 504374.094: [GC remark 2022-07-27T17:16:42.589-0700: 504374.094: [Finalize Marking, 0.0004327 secs] 2022-07-27T17:16:42.590-0700: 504374.095: [GC ref-proc, 0.0112127 secs] 2022-07-27T17:16:42.601-0700: 504374.106: [Unloading, 0.0294100 secs], 0.0469283 secs]
 [Times: user=0.26 sys=0.00, real=0.05 secs] 
2022-07-27T17:16:42.637-0700: 504374.142: [GC cleanup 3760M->3760M(14336M), 0.0087012 secs]
 [Times: user=0.06 sys=0.00, real=0.01 secs] 
2022-07-27T17:18:30.788-0700: 504482.293: [GC pause (GCLocker Initiated GC) (young), 0.0114128 secs]
   [Parallel Time: 8.2 ms, GC Workers: 8]
      [GC Worker Start (ms): Min: 504482293.3, Avg: 504482293.4, Max: 504482293.5, Diff: 0.2]
      [Ext Root Scanning (ms): Min: 1.3, Avg: 2.2, Max: 5.8, Diff: 4.5, Sum: 17.4]
      [Update RS (ms): Min: 0.0, Avg: 2.5, Max: 6.1, Diff: 6.1, Sum: 20.3]
         [Processed Buffers: Min: 0, Avg: 7.4, Max: 14, Diff: 14, Sum: 59]
      [Scan RS (ms): Min: 0.0, Avg: 0.1, Max: 0.1, Diff: 0.1, Sum: 0.5]
      [Code Root Scanning (ms): Min: 0.0, Avg: 0.0, Max: 0.0, Diff: 0.0, Sum: 0.0]
      [Object Copy (ms): Min: 0.5, Avg: 2.8, Max: 3.5, Diff: 3.0, Sum: 22.1]
      [Termination (ms): Min: 0.0, Avg: 0.5, Max: 0.7, Diff: 0.7, Sum: 4.2]
         [Termination Attempts: Min: 1, Avg: 30.1, Max: 64, Diff: 63, Sum: 241]
      [GC Worker Other (ms): Min: 0.0, Avg: 0.0, Max: 0.0, Diff: 0.0, Sum: 0.1]
      [GC Worker Total (ms): Min: 8.0, Avg: 8.1, Max: 8.2, Diff: 0.2, Sum: 64.5]
      [GC Worker End (ms): Min: 504482301.4, Avg: 504482301.4, Max: 504482301.4, Diff: 0.0]
   [Code Root Fixup: 0.0 ms]
   [Code Root Purge: 0.0 ms]
   [Clear CT: 0.7 ms]
   [Other: 2.4 ms]
      [Choose CSet: 0.0 ms]
      [Ref Proc: 1.8 ms]
      [Ref Enq: 0.1 ms]
      [Redirty Cards: 0.1 ms]
      [Humongous Register: 0.0 ms]
      [Humongous Reclaim: 0.0 ms]
      [Free CSet: 0.3 ms]
   [Eden: 7152.0M(7152.0M)->0.0B(5712.0M) Survivors: 16384.0K->16384.0K Heap: 10710.3M(14336.0M)->3566.2M(14336.0M)]
 [Times: user=0.07 sys=0.00, real=0.01 secs] 
2022-07-27T17:20:03.363-0700: 504574.867: [GC pause (GCLocker Initiated GC) (mixed), 0.0151190 secs]
   [Parallel Time: 9.7 ms, GC Workers: 8]
      [GC Worker Start (ms): Min: 504574867.5, Avg: 504574867.5, Max: 504574867.5, Diff: 0.1]
      [Ext Root Scanning (ms): Min: 0.9, Avg: 1.8, Max: 6.2, Diff: 5.2, Sum: 14.0]
      [Update RS (ms): Min: 0.0, Avg: 1.7, Max: 2.3, Diff: 2.3, Sum: 13.7]
         [Processed Buffers: Min: 0, Avg: 7.1, Max: 18, Diff: 18, Sum: 57]
      [Scan RS (ms): Min: 0.5, Avg: 2.8, Max: 3.2, Diff: 2.8, Sum: 22.3]
      [Code Root Scanning (ms): Min: 0.0, Avg: 0.0, Max: 0.0, Diff: 0.0, Sum: 0.0]
      [Object Copy (ms): Min: 2.8, Avg: 3.1, Max: 3.2, Diff: 0.4, Sum: 24.7]
      [Termination (ms): Min: 0.0, Avg: 0.0, Max: 0.0, Diff: 0.0, Sum: 0.0]
         [Termination Attempts: Min: 1, Avg: 1.0, Max: 1, Diff: 0, Sum: 8]
      [GC Worker Other (ms): Min: 0.0, Avg: 0.1, Max: 0.1, Diff: 0.1, Sum: 0.5]
      [GC Worker Total (ms): Min: 9.4, Avg: 9.4, Max: 9.4, Diff: 0.1, Sum: 75.3]
      [GC Worker End (ms): Min: 504574876.9, Avg: 504574876.9, Max: 504574877.0, Diff: 0.1]
   [Code Root Fixup: 0.0 ms]
   [Code Root Purge: 0.0 ms]
   [Clear CT: 0.7 ms]
   [Other: 4.7 ms]
      [Choose CSet: 0.0 ms]
      [Ref Proc: 4.0 ms]
      [Ref Enq: 0.1 ms]
      [Redirty Cards: 0.1 ms]
      [Humongous Register: 0.1 ms]
      [Humongous Reclaim: 0.0 ms]
      [Free CSet: 0.2 ms]
   [Eden: 5712.0M(5712.0M)->0.0B(7152.0M) Survivors: 16384.0K->16384.0K Heap: 9278.2M(14336.0M)->3524.6M(14336.0M)]
 [Times: user=0.09 sys=0.00, real=0.02 secs] 
2022-07-27T17:22:00.367-0700: 504691.871: [GC pause (G1 Evacuation Pause) (young), 0.0129861 secs]
   [Parallel Time: 8.2 ms, GC Workers: 8]
      [GC Worker Start (ms): Min: 504691871.6, Avg: 504691871.7, Max: 504691871.7, Diff: 0.2]
      [Ext Root Scanning (ms): Min: 0.9, Avg: 1.6, Max: 5.1, Diff: 4.1, Sum: 13.0]
      [Update RS (ms): Min: 0.9, Avg: 4.3, Max: 5.1, Diff: 4.2, Sum: 34.0]
         [Processed Buffers: Min: 9, Avg: 19.2, Max: 26, Diff: 17, Sum: 154]
      [Scan RS (ms): Min: 0.0, Avg: 0.0, Max: 0.1, Diff: 0.1, Sum: 0.4]
      [Code Root Scanning (ms): Min: 0.0, Avg: 0.0, Max: 0.0, Diff: 0.0, Sum: 0.0]
      [Object Copy (ms): Min: 1.7, Avg: 1.9, Max: 2.2, Diff: 0.5, Sum: 15.5]
      [Termination (ms): Min: 0.0, Avg: 0.0, Max: 0.0, Diff: 0.0, Sum: 0.0]
         [Termination Attempts: Min: 1, Avg: 2.8, Max: 4, Diff: 3, Sum: 22]
      [GC Worker Other (ms): Min: 0.0, Avg: 0.0, Max: 0.1, Diff: 0.1, Sum: 0.4]
      [GC Worker Total (ms): Min: 7.8, Avg: 7.9, Max: 8.0, Diff: 0.2, Sum: 63.3]
      [GC Worker End (ms): Min: 504691879.5, Avg: 504691879.6, Max: 504691879.6, Diff: 0.1]
   [Code Root Fixup: 0.0 ms]
   [Code Root Purge: 0.0 ms]
   [Clear CT: 0.8 ms]
   [Other: 4.0 ms]
      [Choose CSet: 0.0 ms]
      [Ref Proc: 3.3 ms]
      [Ref Enq: 0.1 ms]
      [Redirty Cards: 0.1 ms]
      [Humongous Register: 0.1 ms]
      [Humongous Reclaim: 0.0 ms]
      [Free CSet: 0.3 ms]
   [Eden: 7152.0M(7152.0M)->0.0B(7152.0M) Survivors: 16384.0K->16384.0K Heap: 10676.6M(14336.0M)->3525.4M(14336.0M)]
 [Times: user=0.08 sys=0.00, real=0.01 secs] 
2022-07-27T17:23:51.361-0700: 504802.865: [GC pause (G1 Evacuation Pause) (young) (initial-mark), 0.0192403 secs]
   [Parallel Time: 14.4 ms, GC Workers: 8]
      [GC Worker Start (ms): Min: 504802867.9, Avg: 504802868.0, Max: 504802868.1, Diff: 0.2]
      [Ext Root Scanning (ms): Min: 6.4, Avg: 6.9, Max: 7.5, Diff: 1.1, Sum: 54.8]
      [Update RS (ms): Min: 1.9, Avg: 2.1, Max: 2.5, Diff: 0.5, Sum: 17.0]
         [Processed Buffers: Min: 4, Avg: 7.6, Max: 14, Diff: 10, Sum: 61]
      [Scan RS (ms): Min: 0.0, Avg: 0.0, Max: 0.2, Diff: 0.1, Sum: 0.4]
      [Code Root Scanning (ms): Min: 0.0, Avg: 0.0, Max: 0.0, Diff: 0.0, Sum: 0.0]
      [Object Copy (ms): Min: 1.7, Avg: 2.6, Max: 3.1, Diff: 1.3, Sum: 20.8]
      [Termination (ms): Min: 0.0, Avg: 0.0, Max: 0.0, Diff: 0.0, Sum: 0.0]
         [Termination Attempts: Min: 2, Avg: 2.4, Max: 3, Diff: 1, Sum: 19]
      [GC Worker Other (ms): Min: 0.0, Avg: 0.1, Max: 0.1, Diff: 0.1, Sum: 0.4]
      [GC Worker Total (ms): Min: 11.6, Avg: 11.7, Max: 11.8, Diff: 0.2, Sum: 93.5]
      [GC Worker End (ms): Min: 504802879.7, Avg: 504802879.7, Max: 504802879.8, Diff: 0.1]
   [Code Root Fixup: 0.0 ms]
   [Code Root Purge: 0.0 ms]
   [Clear CT: 0.7 ms]
   [Other: 4.2 ms]
      [Choose CSet: 0.0 ms]
      [Ref Proc: 3.4 ms]
      [Ref Enq: 0.1 ms]
      [Redirty Cards: 0.1 ms]
      [Humongous Register: 0.1 ms]
      [Humongous Reclaim: 0.0 ms]
      [Free CSet: 0.3 ms]
   [Eden: 7152.0M(7152.0M)->0.0B(7152.0M) Survivors: 16384.0K->16384.0K Heap: 10677.4M(14336.0M)->3529.5M(14336.0M)]
 [Times: user=0.09 sys=0.00, real=0.02 secs] 
2022-07-27T17:23:51.380-0700: 504802.885: [GC concurrent-root-region-scan-start]
2022-07-27T17:23:51.391-0700: 504802.896: [GC concurrent-root-region-scan-end, 0.0109462 secs]
2022-07-27T17:23:51.391-0700: 504802.896: [GC concurrent-mark-start]
2022-07-27T17:23:54.066-0700: 504805.571: [GC concurrent-mark-end, 2.6746291 secs]
2022-07-27T17:23:54.066-0700: 504805.571: [GC remark 2022-07-27T17:23:54.066-0700: 504805.571: [Finalize Marking, 0.0002359 secs] 2022-07-27T17:23:54.067-0700: 504805.571: [GC ref-proc, 0.0053072 secs] 2022-07-27T17:23:54.072-0700: 504805.577: [Unloading, 0.0291653 secs], 0.0403141 secs]
 [Times: user=0.25 sys=0.00, real=0.04 secs] 
2022-07-27T17:23:54.107-0700: 504805.612: [GC cleanup 3745M->3745M(14336M), 0.0082518 secs]
 [Times: user=0.06 sys=0.00, real=0.01 secs] 
2022-07-27T17:25:43.726-0700: 504915.231: [GC pause (G1 Evacuation Pause) (young), 0.0125233 secs]
   [Parallel Time: 6.7 ms, GC Workers: 8]
      [GC Worker Start (ms): Min: 504915231.4, Avg: 504915231.4, Max: 504915231.5, Diff: 0.1]
      [Ext Root Scanning (ms): Min: 1.2, Avg: 2.0, Max: 5.5, Diff: 4.2, Sum: 16.1]
      [Update RS (ms): Min: 0.0, Avg: 2.5, Max: 3.1, Diff: 3.1, Sum: 19.6]
         [Processed Buffers: Min: 0, Avg: 7.2, Max: 11, Diff: 11, Sum: 58]
      [Scan RS (ms): Min: 0.0, Avg: 0.1, Max: 0.2, Diff: 0.1, Sum: 0.5]
      [Code Root Scanning (ms): Min: 0.0, Avg: 0.0, Max: 0.0, Diff: 0.0, Sum: 0.0]
      [Object Copy (ms): Min: 1.0, Avg: 1.9, Max: 2.2, Diff: 1.2, Sum: 15.3]
      [Termination (ms): Min: 0.0, Avg: 0.0, Max: 0.0, Diff: 0.0, Sum: 0.1]
         [Termination Attempts: Min: 27, Avg: 31.1, Max: 36, Diff: 9, Sum: 249]
      [GC Worker Other (ms): Min: 0.0, Avg: 0.0, Max: 0.1, Diff: 0.1, Sum: 0.4]
      [GC Worker Total (ms): Min: 6.4, Avg: 6.5, Max: 6.6, Diff: 0.1, Sum: 52.0]
      [GC Worker End (ms): Min: 504915237.9, Avg: 504915237.9, Max: 504915238.0, Diff: 0.1]
   [Code Root Fixup: 0.0 ms]
   [Code Root Purge: 0.0 ms]
   [Clear CT: 0.6 ms]
   [Other: 5.2 ms]
      [Choose CSet: 0.0 ms]
      [Ref Proc: 4.4 ms]
      [Ref Enq: 0.1 ms]
      [Redirty Cards: 0.1 ms]
      [Humongous Register: 0.1 ms]
      [Humongous Reclaim: 0.0 ms]
      [Free CSet: 0.3 ms]
   [Eden: 7152.0M(7152.0M)->0.0B(5712.0M) Survivors: 16384.0K->16384.0K Heap: 10681.5M(14336.0M)->3524.1M(14336.0M)]
 [Times: user=0.06 sys=0.01, real=0.01 secs] 
2022-07-27T17:27:15.522-0700: 505007.027: [GC pause (G1 Evacuation Pause) (mixed), 0.0160399 secs]
   [Parallel Time: 12.9 ms, GC Workers: 8]
      [GC Worker Start (ms): Min: 505007027.1, Avg: 505007027.2, Max: 505007027.2, Diff: 0.1]
      [Ext Root Scanning (ms): Min: 1.0, Avg: 1.8, Max: 5.8, Diff: 4.8, Sum: 14.1]
      [Update RS (ms): Min: 0.0, Avg: 1.6, Max: 2.1, Diff: 2.1, Sum: 12.5]
         [Processed Buffers: Min: 0, Avg: 6.2, Max: 15, Diff: 15, Sum: 50]
      [Scan RS (ms): Min: 1.1, Avg: 3.3, Max: 3.7, Diff: 2.6, Sum: 26.4]
      [Code Root Scanning (ms): Min: 0.0, Avg: 0.0, Max: 0.0, Diff: 0.0, Sum: 0.0]
      [Object Copy (ms): Min: 5.5, Avg: 5.8, Max: 5.9, Diff: 0.3, Sum: 46.1]
      [Termination (ms): Min: 0.0, Avg: 0.0, Max: 0.0, Diff: 0.0, Sum: 0.0]
         [Termination Attempts: Min: 1, Avg: 10.4, Max: 15, Diff: 14, Sum: 83]
      [GC Worker Other (ms): Min: 0.0, Avg: 0.1, Max: 0.2, Diff: 0.2, Sum: 0.8]
      [GC Worker Total (ms): Min: 12.4, Avg: 12.5, Max: 12.6, Diff: 0.2, Sum: 99.9]
      [GC Worker End (ms): Min: 505007039.6, Avg: 505007039.7, Max: 505007039.8, Diff: 0.2]
   [Code Root Fixup: 0.0 ms]
   [Code Root Purge: 0.0 ms]
   [Clear CT: 0.8 ms]
   [Other: 2.4 ms]
      [Choose CSet: 0.0 ms]
      [Ref Proc: 1.7 ms]
      [Ref Enq: 0.1 ms]
      [Redirty Cards: 0.1 ms]
      [Humongous Register: 0.1 ms]
      [Humongous Reclaim: 0.0 ms]
      [Free CSet: 0.2 ms]
   [Eden: 5712.0M(5712.0M)->0.0B(7152.0M) Survivors: 16384.0K->16384.0K Heap: 9236.1M(14336.0M)->3505.6M(14336.0M)]
 [Times: user=0.11 sys=0.00, real=0.02 secs] 
2022-07-27T17:29:08.680-0700: 505120.185: [GC pause (G1 Evacuation Pause) (young), 0.0124856 secs]
   [Parallel Time: 9.8 ms, GC Workers: 8]
      [GC Worker Start (ms): Min: 505120185.2, Avg: 505120185.3, Max: 505120185.4, Diff: 0.1]
      [Ext Root Scanning (ms): Min: 1.1, Avg: 1.8, Max: 5.2, Diff: 4.0, Sum: 14.7]
      [Update RS (ms): Min: 3.1, Avg: 6.1, Max: 6.9, Diff: 3.8, Sum: 48.6]
         [Processed Buffers: Min: 11, Avg: 20.6, Max: 31, Diff: 20, Sum: 165]
      [Scan RS (ms): Min: 0.0, Avg: 0.1, Max: 0.1, Diff: 0.1, Sum: 0.4]
      [Code Root Scanning (ms): Min: 0.0, Avg: 0.0, Max: 0.0, Diff: 0.0, Sum: 0.0]
      [Object Copy (ms): Min: 1.1, Avg: 1.4, Max: 1.5, Diff: 0.4, Sum: 11.2]
      [Termination (ms): Min: 0.0, Avg: 0.0, Max: 0.0, Diff: 0.0, Sum: 0.2]
         [Termination Attempts: Min: 31, Avg: 36.5, Max: 45, Diff: 14, Sum: 292]
      [GC Worker Other (ms): Min: 0.0, Avg: 0.1, Max: 0.1, Diff: 0.1, Sum: 0.4]
      [GC Worker Total (ms): Min: 9.4, Avg: 9.4, Max: 9.5, Diff: 0.1, Sum: 75.5]
      [GC Worker End (ms): Min: 505120194.7, Avg: 505120194.7, Max: 505120194.8, Diff: 0.1]
   [Code Root Fixup: 0.0 ms]
   [Code Root Purge: 0.0 ms]
   [Clear CT: 0.7 ms]
   [Other: 2.0 ms]
      [Choose CSet: 0.0 ms]
      [Ref Proc: 1.4 ms]
      [Ref Enq: 0.1 ms]
      [Redirty Cards: 0.1 ms]
      [Humongous Register: 0.1 ms]
      [Humongous Reclaim: 0.0 ms]
      [Free CSet: 0.3 ms]
   [Eden: 7152.0M(7152.0M)->0.0B(7152.0M) Survivors: 16384.0K->16384.0K Heap: 10657.6M(14336.0M)->3517.9M(14336.0M)]
 [Times: user=0.08 sys=0.00, real=0.01 secs] 
2022-07-27T17:31:03.517-0700: 505235.022: [GC pause (G1 Evacuation Pause) (young) (initial-mark), 0.0163131 secs]
   [Parallel Time: 11.4 ms, GC Workers: 8]
      [GC Worker Start (ms): Min: 505235023.8, Avg: 505235023.9, Max: 505235023.9, Diff: 0.1]
      [Ext Root Scanning (ms): Min: 5.9, Avg: 6.3, Max: 6.8, Diff: 0.9, Sum: 50.3]
      [Update RS (ms): Min: 0.9, Avg: 1.1, Max: 1.4, Diff: 0.4, Sum: 8.9]
         [Processed Buffers: Min: 2, Avg: 5.0, Max: 17, Diff: 15, Sum: 40]
      [Scan RS (ms): Min: 0.0, Avg: 0.1, Max: 0.1, Diff: 0.1, Sum: 0.4]
      [Code Root Scanning (ms): Min: 0.0, Avg: 0.0, Max: 0.0, Diff: 0.0, Sum: 0.0]
      [Object Copy (ms): Min: 1.1, Avg: 1.6, Max: 2.0, Diff: 0.9, Sum: 12.5]
      [Termination (ms): Min: 0.0, Avg: 0.1, Max: 0.1, Diff: 0.1, Sum: 0.5]
         [Termination Attempts: Min: 26, Avg: 30.6, Max: 36, Diff: 10, Sum: 245]
      [GC Worker Other (ms): Min: 0.0, Avg: 0.1, Max: 0.2, Diff: 0.1, Sum: 0.6]
      [GC Worker Total (ms): Min: 9.1, Avg: 9.2, Max: 9.3, Diff: 0.2, Sum: 73.2]
      [GC Worker End (ms): Min: 505235033.0, Avg: 505235033.0, Max: 505235033.1, Diff: 0.1]
   [Code Root Fixup: 0.0 ms]
   [Code Root Purge: 0.0 ms]
   [Clear CT: 0.7 ms]
   [Other: 4.2 ms]
      [Choose CSet: 0.0 ms]
      [Ref Proc: 3.4 ms]
      [Ref Enq: 0.1 ms]
      [Redirty Cards: 0.1 ms]
      [Humongous Register: 0.0 ms]
      [Humongous Reclaim: 0.0 ms]
      [Free CSet: 0.3 ms]
   [Eden: 7152.0M(7152.0M)->0.0B(7152.0M) Survivors: 16384.0K->16384.0K Heap: 10669.9M(14336.0M)->3518.8M(14336.0M)]
 [Times: user=0.08 sys=0.01, real=0.01 secs] 
2022-07-27T17:31:03.533-0700: 505235.038: [GC concurrent-root-region-scan-start]
2022-07-27T17:31:03.544-0700: 505235.048: [GC concurrent-root-region-scan-end, 0.0103610 secs]
2022-07-27T17:31:03.544-0700: 505235.048: [GC concurrent-mark-start]
2022-07-27T17:31:06.145-0700: 505237.649: [GC concurrent-mark-end, 2.6008725 secs]
2022-07-27T17:31:06.145-0700: 505237.650: [GC remark 2022-07-27T17:31:06.145-0700: 505237.650: [Finalize Marking, 0.0003102 secs] 2022-07-27T17:31:06.145-0700: 505237.650: [GC ref-proc, 0.0062585 secs] 2022-07-27T17:31:06.152-0700: 505237.656: [Unloading, 0.0270617 secs], 0.0392011 secs]
 [Times: user=0.25 sys=0.00, real=0.04 secs] 
2022-07-27T17:31:06.185-0700: 505237.689: [GC cleanup 3694M->3694M(14336M), 0.0080147 secs]
 [Times: user=0.06 sys=0.00, real=0.00 secs] 
2022-07-27T17:32:58.274-0700: 505349.779: [GC pause (G1 Evacuation Pause) (young), 0.0113002 secs]
   [Parallel Time: 5.7 ms, GC Workers: 8]
      [GC Worker Start (ms): Min: 505349778.8, Avg: 505349778.9, Max: 505349779.0, Diff: 0.2]
      [Ext Root Scanning (ms): Min: 1.1, Avg: 2.0, Max: 5.7, Diff: 4.5, Sum: 15.6]
      [Update RS (ms): Min: 0.0, Avg: 1.0, Max: 1.6, Diff: 1.6, Sum: 8.3]
         [Processed Buffers: Min: 0, Avg: 5.5, Max: 11, Diff: 11, Sum: 44]
      [Scan RS (ms): Min: 0.0, Avg: 0.1, Max: 0.1, Diff: 0.1, Sum: 0.4]
      [Code Root Scanning (ms): Min: 0.0, Avg: 0.0, Max: 0.0, Diff: 0.0, Sum: 0.0]
      [Object Copy (ms): Min: 0.0, Avg: 1.2, Max: 1.5, Diff: 1.5, Sum: 9.3]
      [Termination (ms): Min: 0.0, Avg: 1.4, Max: 1.6, Diff: 1.6, Sum: 10.9]
         [Termination Attempts: Min: 1, Avg: 6.6, Max: 10, Diff: 9, Sum: 53]
      [GC Worker Other (ms): Min: 0.0, Avg: 0.0, Max: 0.0, Diff: 0.0, Sum: 0.1]
      [GC Worker Total (ms): Min: 5.5, Avg: 5.6, Max: 5.7, Diff: 0.2, Sum: 44.6]
      [GC Worker End (ms): Min: 505349784.5, Avg: 505349784.5, Max: 505349784.5, Diff: 0.0]
   [Code Root Fixup: 0.0 ms]
   [Code Root Purge: 0.0 ms]
   [Clear CT: 0.7 ms]
   [Other: 4.8 ms]
      [Choose CSet: 0.0 ms]
      [Ref Proc: 4.2 ms]
      [Ref Enq: 0.1 ms]
      [Redirty Cards: 0.1 ms]
      [Humongous Register: 0.1 ms]
      [Humongous Reclaim: 0.0 ms]
      [Free CSet: 0.3 ms]
   [Eden: 7152.0M(7152.0M)->0.0B(5712.0M) Survivors: 16384.0K->16384.0K Heap: 10670.8M(14336.0M)->3520.6M(14336.0M)]
 [Times: user=0.06 sys=0.00, real=0.02 secs] 
2022-07-27T17:34:29.927-0700: 505441.432: [GC pause (G1 Evacuation Pause) (mixed), 0.0190701 secs]
   [Parallel Time: 13.6 ms, GC Workers: 8]
      [GC Worker Start (ms): Min: 505441432.4, Avg: 505441432.4, Max: 505441432.5, Diff: 0.1]
      [Ext Root Scanning (ms): Min: 2.9, Avg: 3.9, Max: 5.5, Diff: 2.6, Sum: 31.2]
      [Update RS (ms): Min: 0.0, Avg: 0.9, Max: 1.3, Diff: 1.3, Sum: 7.6]
         [Processed Buffers: Min: 0, Avg: 4.8, Max: 17, Diff: 17, Sum: 38]
      [Scan RS (ms): Min: 1.2, Avg: 1.5, Max: 1.6, Diff: 0.4, Sum: 12.0]
      [Code Root Scanning (ms): Min: 0.0, Avg: 0.0, Max: 0.0, Diff: 0.0, Sum: 0.1]
      [Object Copy (ms): Min: 6.7, Avg: 7.0, Max: 7.8, Diff: 1.1, Sum: 56.1]
      [Termination (ms): Min: 0.0, Avg: 0.0, Max: 0.0, Diff: 0.0, Sum: 0.0]
         [Termination Attempts: Min: 1, Avg: 1.0, Max: 1, Diff: 0, Sum: 8]
      [GC Worker Other (ms): Min: 0.0, Avg: 0.1, Max: 0.1, Diff: 0.1, Sum: 0.6]
      [GC Worker Total (ms): Min: 13.4, Avg: 13.4, Max: 13.5, Diff: 0.1, Sum: 107.5]
      [GC Worker End (ms): Min: 505441445.8, Avg: 505441445.9, Max: 505441445.9, Diff: 0.1]
   [Code Root Fixup: 0.0 ms]
   [Code Root Purge: 0.0 ms]
   [Clear CT: 0.9 ms]
   [Other: 4.5 ms]
      [Choose CSet: 0.0 ms]
      [Ref Proc: 3.8 ms]
      [Ref Enq: 0.1 ms]
      [Redirty Cards: 0.1 ms]
      [Humongous Register: 0.1 ms]
      [Humongous Reclaim: 0.0 ms]
      [Free CSet: 0.2 ms]
   [Eden: 5712.0M(5712.0M)->0.0B(7152.0M) Survivors: 16384.0K->16384.0K Heap: 9232.6M(14336.0M)->3504.5M(14336.0M)]
 [Times: user=0.10 sys=0.00, real=0.02 secs] 
2022-07-27T17:36:23.917-0700: 505555.421: [GC pause (G1 Evacuation Pause) (young), 0.0137647 secs]
   [Parallel Time: 10.6 ms, GC Workers: 8]
      [GC Worker Start (ms): Min: 505555421.6, Avg: 505555421.7, Max: 505555421.7, Diff: 0.2]
      [Ext Root Scanning (ms): Min: 1.2, Avg: 2.0, Max: 5.7, Diff: 4.5, Sum: 16.0]
      [Update RS (ms): Min: 3.6, Avg: 6.9, Max: 7.7, Diff: 4.1, Sum: 55.2]
         [Processed Buffers: Min: 9, Avg: 18.6, Max: 32, Diff: 23, Sum: 149]
      [Scan RS (ms): Min: 0.0, Avg: 0.0, Max: 0.1, Diff: 0.1, Sum: 0.4]
      [Code Root Scanning (ms): Min: 0.0, Avg: 0.0, Max: 0.0, Diff: 0.0, Sum: 0.0]
      [Object Copy (ms): Min: 0.9, Avg: 1.2, Max: 1.4, Diff: 0.5, Sum: 9.7]
      [Termination (ms): Min: 0.0, Avg: 0.0, Max: 0.0, Diff: 0.0, Sum: 0.1]
         [Termination Attempts: Min: 22, Avg: 27.1, Max: 31, Diff: 9, Sum: 217]
      [GC Worker Other (ms): Min: 0.0, Avg: 0.1, Max: 0.2, Diff: 0.2, Sum: 0.6]
      [GC Worker Total (ms): Min: 10.1, Avg: 10.3, Max: 10.4, Diff: 0.2, Sum: 82.0]
      [GC Worker End (ms): Min: 505555431.9, Avg: 505555431.9, Max: 505555432.0, Diff: 0.2]
   [Code Root Fixup: 0.0 ms]
   [Code Root Purge: 0.0 ms]
   [Clear CT: 0.7 ms]
   [Other: 2.5 ms]
      [Choose CSet: 0.0 ms]
      [Ref Proc: 1.8 ms]
      [Ref Enq: 0.1 ms]
      [Redirty Cards: 0.1 ms]
      [Humongous Register: 0.1 ms]
      [Humongous Reclaim: 0.0 ms]
      [Free CSet: 0.3 ms]
   [Eden: 7152.0M(7152.0M)->0.0B(7152.0M) Survivors: 16384.0K->16384.0K Heap: 10656.5M(14336.0M)->3516.9M(14336.0M)]
 [Times: user=0.09 sys=0.00, real=0.01 secs] 
2022-07-27T17:38:18.165-0700: 505669.669: [GC pause (G1 Evacuation Pause) (young) (initial-mark), 0.0167918 secs]
   [Parallel Time: 11.6 ms, GC Workers: 8]
      [GC Worker Start (ms): Min: 505669671.7, Avg: 505669671.8, Max: 505669671.9, Diff: 0.2]
      [Ext Root Scanning (ms): Min: 5.6, Avg: 6.0, Max: 6.4, Diff: 0.8, Sum: 47.8]
      [Update RS (ms): Min: 0.9, Avg: 1.0, Max: 1.3, Diff: 0.4, Sum: 8.0]
         [Processed Buffers: Min: 2, Avg: 4.9, Max: 13, Diff: 11, Sum: 39]
      [Scan RS (ms): Min: 0.0, Avg: 0.1, Max: 0.1, Diff: 0.1, Sum: 0.4]
      [Code Root Scanning (ms): Min: 0.0, Avg: 0.0, Max: 0.0, Diff: 0.0, Sum: 0.0]
      [Object Copy (ms): Min: 1.1, Avg: 1.8, Max: 2.3, Diff: 1.1, Sum: 14.7]
      [Termination (ms): Min: 0.0, Avg: 0.0, Max: 0.0, Diff: 0.0, Sum: 0.0]
         [Termination Attempts: Min: 13, Avg: 16.1, Max: 20, Diff: 7, Sum: 129]
      [GC Worker Other (ms): Min: 0.0, Avg: 0.1, Max: 0.2, Diff: 0.1, Sum: 0.5]
      [GC Worker Total (ms): Min: 8.9, Avg: 8.9, Max: 9.0, Diff: 0.2, Sum: 71.5]
      [GC Worker End (ms): Min: 505669680.7, Avg: 505669680.7, Max: 505669680.8, Diff: 0.1]
   [Code Root Fixup: 0.0 ms]
   [Code Root Purge: 0.0 ms]
   [Clear CT: 0.7 ms]
   [Other: 4.4 ms]
      [Choose CSet: 0.0 ms]
      [Ref Proc: 3.7 ms]
      [Ref Enq: 0.1 ms]
      [Redirty Cards: 0.1 ms]
      [Humongous Register: 0.0 ms]
      [Humongous Reclaim: 0.0 ms]
      [Free CSet: 0.3 ms]
   [Eden: 7152.0M(7152.0M)->0.0B(7152.0M) Survivors: 16384.0K->16384.0K Heap: 10668.9M(14336.0M)->3521.5M(14336.0M)]
 [Times: user=0.06 sys=0.01, real=0.01 secs] 
2022-07-27T17:38:18.182-0700: 505669.686: [GC concurrent-root-region-scan-start]
2022-07-27T17:38:18.190-0700: 505669.695: [GC concurrent-root-region-scan-end, 0.0088300 secs]
2022-07-27T17:38:18.190-0700: 505669.695: [GC concurrent-mark-start]
2022-07-27T17:38:20.769-0700: 505672.274: [GC concurrent-mark-end, 2.5785537 secs]
2022-07-27T17:38:20.769-0700: 505672.274: [GC remark 2022-07-27T17:38:20.769-0700: 505672.274: [Finalize Marking, 0.0002459 secs] 2022-07-27T17:38:20.770-0700: 505672.274: [GC ref-proc, 0.0064494 secs] 2022-07-27T17:38:20.776-0700: 505672.281: [Unloading, 0.0268947 secs], 0.0391961 secs]
 [Times: user=0.25 sys=0.00, real=0.04 secs] 
2022-07-27T17:38:20.809-0700: 505672.314: [GC cleanup 3729M->3729M(14336M), 0.0103647 secs]
 [Times: user=0.06 sys=0.00, real=0.01 secs] 
2022-07-27T17:40:15.415-0700: 505786.920: [GC pause (G1 Evacuation Pause) (young), 0.0098784 secs]
   [Parallel Time: 6.2 ms, GC Workers: 8]
      [GC Worker Start (ms): Min: 505786919.9, Avg: 505786920.0, Max: 505786920.1, Diff: 0.2]
      [Ext Root Scanning (ms): Min: 1.3, Avg: 2.1, Max: 5.9, Diff: 4.6, Sum: 17.2]
      [Update RS (ms): Min: 0.0, Avg: 1.1, Max: 1.7, Diff: 1.7, Sum: 8.8]
         [Processed Buffers: Min: 0, Avg: 5.0, Max: 8, Diff: 8, Sum: 40]
      [Scan RS (ms): Min: 0.0, Avg: 0.1, Max: 0.1, Diff: 0.1, Sum: 0.5]
      [Code Root Scanning (ms): Min: 0.0, Avg: 0.0, Max: 0.0, Diff: 0.0, Sum: 0.0]
      [Object Copy (ms): Min: 0.0, Avg: 1.9, Max: 2.4, Diff: 2.4, Sum: 15.0]
      [Termination (ms): Min: 0.0, Avg: 0.7, Max: 0.8, Diff: 0.8, Sum: 5.4]
         [Termination Attempts: Min: 1, Avg: 13.9, Max: 19, Diff: 18, Sum: 111]
      [GC Worker Other (ms): Min: 0.0, Avg: 0.0, Max: 0.0, Diff: 0.0, Sum: 0.1]
      [GC Worker Total (ms): Min: 5.8, Avg: 5.9, Max: 5.9, Diff: 0.1, Sum: 47.0]
      [GC Worker End (ms): Min: 505786925.9, Avg: 505786925.9, Max: 505786925.9, Diff: 0.0]
   [Code Root Fixup: 0.0 ms]
   [Code Root Purge: 0.0 ms]
   [Clear CT: 0.6 ms]
   [Other: 3.0 ms]
      [Choose CSet: 0.0 ms]
      [Ref Proc: 2.3 ms]
      [Ref Enq: 0.1 ms]
      [Redirty Cards: 0.1 ms]
      [Humongous Register: 0.1 ms]
      [Humongous Reclaim: 0.0 ms]
      [Free CSet: 0.3 ms]
   [Eden: 7152.0M(7152.0M)->0.0B(5712.0M) Survivors: 16384.0K->16384.0K Heap: 10673.5M(14336.0M)->3520.5M(14336.0M)]
 [Times: user=0.05 sys=0.01, real=0.01 secs] 
2022-07-27T17:41:49.217-0700: 505880.721: [GC pause (G1 Evacuation Pause) (mixed), 0.0150828 secs]
   [Parallel Time: 11.5 ms, GC Workers: 8]
      [GC Worker Start (ms): Min: 505880721.6, Avg: 505880721.7, Max: 505880721.8, Diff: 0.2]
      [Ext Root Scanning (ms): Min: 1.3, Avg: 2.2, Max: 6.3, Diff: 5.0, Sum: 17.5]
      [Update RS (ms): Min: 0.0, Avg: 1.2, Max: 1.9, Diff: 1.9, Sum: 9.6]
         [Processed Buffers: Min: 0, Avg: 4.8, Max: 11, Diff: 11, Sum: 38]
      [Scan RS (ms): Min: 0.0, Avg: 1.5, Max: 2.0, Diff: 1.9, Sum: 12.3]
      [Code Root Scanning (ms): Min: 0.0, Avg: 0.0, Max: 0.1, Diff: 0.1, Sum: 0.1]
      [Object Copy (ms): Min: 5.0, Avg: 6.3, Max: 6.7, Diff: 1.7, Sum: 50.6]
      [Termination (ms): Min: 0.0, Avg: 0.0, Max: 0.0, Diff: 0.0, Sum: 0.0]
         [Termination Attempts: Min: 1, Avg: 1.9, Max: 3, Diff: 2, Sum: 15]
      [GC Worker Other (ms): Min: 0.0, Avg: 0.1, Max: 0.1, Diff: 0.1, Sum: 0.5]
      [GC Worker Total (ms): Min: 11.2, Avg: 11.3, Max: 11.5, Diff: 0.2, Sum: 90.7]
      [GC Worker End (ms): Min: 505880733.0, Avg: 505880733.0, Max: 505880733.1, Diff: 0.1]
   [Code Root Fixup: 0.0 ms]
   [Code Root Purge: 0.0 ms]
   [Clear CT: 0.8 ms]
   [Other: 2.7 ms]
      [Choose CSet: 0.0 ms]
      [Ref Proc: 2.1 ms]
      [Ref Enq: 0.1 ms]
      [Redirty Cards: 0.1 ms]
      [Humongous Register: 0.1 ms]
      [Humongous Reclaim: 0.0 ms]
      [Free CSet: 0.2 ms]
   [Eden: 5712.0M(5712.0M)->0.0B(7152.0M) Survivors: 16384.0K->16384.0K Heap: 9232.5M(14336.0M)->3504.9M(14336.0M)]
 [Times: user=0.11 sys=0.00, real=0.01 secs] 
2022-07-27T17:43:43.673-0700: 505995.178: [GC pause (G1 Evacuation Pause) (young), 0.0117347 secs]
   [Parallel Time: 8.7 ms, GC Workers: 8]
      [GC Worker Start (ms): Min: 505995177.9, Avg: 505995178.0, Max: 505995178.0, Diff: 0.1]
      [Ext Root Scanning (ms): Min: 1.2, Avg: 2.0, Max: 5.5, Diff: 4.2, Sum: 15.7]
      [Update RS (ms): Min: 1.6, Avg: 4.7, Max: 5.4, Diff: 3.8, Sum: 37.9]
         [Processed Buffers: Min: 6, Avg: 14.9, Max: 24, Diff: 18, Sum: 119]
      [Scan RS (ms): Min: 0.0, Avg: 0.0, Max: 0.1, Diff: 0.1, Sum: 0.4]
      [Code Root Scanning (ms): Min: 0.0, Avg: 0.0, Max: 0.0, Diff: 0.0, Sum: 0.0]
      [Object Copy (ms): Min: 1.0, Avg: 1.6, Max: 1.8, Diff: 0.8, Sum: 13.0]
      [Termination (ms): Min: 0.0, Avg: 0.0, Max: 0.0, Diff: 0.0, Sum: 0.1]
         [Termination Attempts: Min: 19, Avg: 24.4, Max: 28, Diff: 9, Sum: 195]
      [GC Worker Other (ms): Min: 0.0, Avg: 0.1, Max: 0.1, Diff: 0.1, Sum: 0.5]
      [GC Worker Total (ms): Min: 8.4, Avg: 8.5, Max: 8.5, Diff: 0.2, Sum: 67.6]
      [GC Worker End (ms): Min: 505995186.4, Avg: 505995186.4, Max: 505995186.5, Diff: 0.1]
   [Code Root Fixup: 0.0 ms]
   [Code Root Purge: 0.0 ms]
   [Clear CT: 0.7 ms]
   [Other: 2.3 ms]
      [Choose CSet: 0.0 ms]
      [Ref Proc: 1.7 ms]
      [Ref Enq: 0.1 ms]
      [Redirty Cards: 0.1 ms]
      [Humongous Register: 0.0 ms]
      [Humongous Reclaim: 0.0 ms]
      [Free CSet: 0.3 ms]
   [Eden: 7152.0M(7152.0M)->0.0B(7152.0M) Survivors: 16384.0K->16384.0K Heap: 10656.9M(14336.0M)->3518.0M(14336.0M)]
 [Times: user=0.08 sys=0.00, real=0.02 secs] 
2022-07-27T17:45:40.629-0700: 506112.134: [GC pause (G1 Evacuation Pause) (young) (initial-mark), 0.0168571 secs]
   [Parallel Time: 11.7 ms, GC Workers: 8]
      [GC Worker Start (ms): Min: 506112136.1, Avg: 506112136.2, Max: 506112136.3, Diff: 0.2]
      [Ext Root Scanning (ms): Min: 6.1, Avg: 6.5, Max: 7.0, Diff: 1.0, Sum: 51.8]
      [Update RS (ms): Min: 0.8, Avg: 1.1, Max: 1.4, Diff: 0.6, Sum: 8.7]
         [Processed Buffers: Min: 2, Avg: 4.8, Max: 16, Diff: 14, Sum: 38]
      [Scan RS (ms): Min: 0.0, Avg: 0.1, Max: 0.2, Diff: 0.1, Sum: 0.4]
      [Code Root Scanning (ms): Min: 0.0, Avg: 0.0, Max: 0.0, Diff: 0.0, Sum: 0.0]
      [Object Copy (ms): Min: 1.2, Avg: 1.7, Max: 2.1, Diff: 0.9, Sum: 13.4]
      [Termination (ms): Min: 0.0, Avg: 0.0, Max: 0.0, Diff: 0.0, Sum: 0.0]
         [Termination Attempts: Min: 6, Avg: 11.8, Max: 16, Diff: 10, Sum: 94]
      [GC Worker Other (ms): Min: 0.0, Avg: 0.1, Max: 0.1, Diff: 0.1, Sum: 0.5]
      [GC Worker Total (ms): Min: 9.3, Avg: 9.4, Max: 9.4, Diff: 0.1, Sum: 74.8]
      [GC Worker End (ms): Min: 506112145.5, Avg: 506112145.6, Max: 506112145.6, Diff: 0.1]
   [Code Root Fixup: 0.0 ms]
   [Code Root Purge: 0.0 ms]
   [Clear CT: 0.8 ms]
   [Other: 4.4 ms]
      [Choose CSet: 0.0 ms]
      [Ref Proc: 3.6 ms]
      [Ref Enq: 0.1 ms]
      [Redirty Cards: 0.1 ms]
      [Humongous Register: 0.0 ms]
      [Humongous Reclaim: 0.0 ms]
      [Free CSet: 0.3 ms]
   [Eden: 7152.0M(7152.0M)->0.0B(7152.0M) Survivors: 16384.0K->16384.0K Heap: 10670.0M(14336.0M)->3516.7M(14336.0M)]
 [Times: user=0.07 sys=0.01, real=0.02 secs] 
2022-07-27T17:45:40.646-0700: 506112.151: [GC concurrent-root-region-scan-start]
2022-07-27T17:45:40.655-0700: 506112.160: [GC concurrent-root-region-scan-end, 0.0089256 secs]
2022-07-27T17:45:40.655-0700: 506112.160: [GC concurrent-mark-start]
2022-07-27T17:45:43.207-0700: 506114.711: [GC concurrent-mark-end, 2.5518041 secs]
2022-07-27T17:45:43.207-0700: 506114.712: [GC remark 2022-07-27T17:45:43.207-0700: 506114.712: [Finalize Marking, 0.0001503 secs] 2022-07-27T17:45:43.212-0700: 506114.717: [GC ref-proc, 0.0121266 secs] 2022-07-27T17:45:43.224-0700: 506114.729: [Unloading, 0.0274651 secs], 0.0501276 secs]
 [Times: user=0.26 sys=0.00, real=0.05 secs] 
2022-07-27T17:45:43.257-0700: 506114.762: [GC cleanup 3668M->3668M(14336M), 0.0085439 secs]
 [Times: user=0.06 sys=0.00, real=0.01 secs] 
2022-07-27T17:47:35.927-0700: 506227.431: [GC pause (G1 Evacuation Pause) (young), 0.0088136 secs]
   [Parallel Time: 5.3 ms, GC Workers: 8]
      [GC Worker Start (ms): Min: 506227431.6, Avg: 506227431.6, Max: 506227431.7, Diff: 0.1]
      [Ext Root Scanning (ms): Min: 1.3, Avg: 2.3, Max: 5.1, Diff: 3.8, Sum: 18.3]
      [Update RS (ms): Min: 0.0, Avg: 1.0, Max: 1.6, Diff: 1.6, Sum: 8.4]
         [Processed Buffers: Min: 0, Avg: 5.4, Max: 12, Diff: 12, Sum: 43]
      [Scan RS (ms): Min: 0.0, Avg: 0.1, Max: 0.1, Diff: 0.1, Sum: 0.4]
      [Code Root Scanning (ms): Min: 0.0, Avg: 0.0, Max: 0.0, Diff: 0.0, Sum: 0.0]
      [Object Copy (ms): Min: 0.0, Avg: 1.3, Max: 1.7, Diff: 1.7, Sum: 10.1]
      [Termination (ms): Min: 0.0, Avg: 0.5, Max: 0.5, Diff: 0.5, Sum: 3.6]
         [Termination Attempts: Min: 1, Avg: 5.0, Max: 9, Diff: 8, Sum: 40]
      [GC Worker Other (ms): Min: 0.0, Avg: 0.0, Max: 0.0, Diff: 0.0, Sum: 0.1]
      [GC Worker Total (ms): Min: 5.1, Avg: 5.1, Max: 5.2, Diff: 0.1, Sum: 40.9]
      [GC Worker End (ms): Min: 506227436.7, Avg: 506227436.7, Max: 506227436.8, Diff: 0.0]
   [Code Root Fixup: 0.0 ms]
   [Code Root Purge: 0.0 ms]
   [Clear CT: 0.8 ms]
   [Other: 2.8 ms]
      [Choose CSet: 0.0 ms]
      [Ref Proc: 2.1 ms]
      [Ref Enq: 0.1 ms]
      [Redirty Cards: 0.1 ms]
      [Humongous Register: 0.1 ms]
      [Humongous Reclaim: 0.0 ms]
      [Free CSet: 0.3 ms]
   [Eden: 7152.0M(7152.0M)->0.0B(5712.0M) Survivors: 16384.0K->16384.0K Heap: 10668.7M(14336.0M)->3517.7M(14336.0M)]
 [Times: user=0.05 sys=0.00, real=0.01 secs] 
2022-07-27T17:49:06.343-0700: 506317.848: [GC pause (G1 Evacuation Pause) (mixed), 0.0173313 secs]
   [Parallel Time: 12.6 ms, GC Workers: 8]
      [GC Worker Start (ms): Min: 506317847.9, Avg: 506317848.0, Max: 506317848.1, Diff: 0.1]
      [Ext Root Scanning (ms): Min: 1.4, Avg: 2.4, Max: 6.8, Diff: 5.4, Sum: 18.8]
      [Update RS (ms): Min: 0.0, Avg: 1.4, Max: 1.9, Diff: 1.9, Sum: 11.3]
         [Processed Buffers: Min: 0, Avg: 4.9, Max: 13, Diff: 13, Sum: 39]
      [Scan RS (ms): Min: 0.0, Avg: 0.8, Max: 1.1, Diff: 1.0, Sum: 6.1]
      [Code Root Scanning (ms): Min: 0.0, Avg: 0.0, Max: 0.0, Diff: 0.0, Sum: 0.0]
      [Object Copy (ms): Min: 5.3, Avg: 7.6, Max: 8.0, Diff: 2.7, Sum: 60.8]
      [Termination (ms): Min: 0.0, Avg: 0.0, Max: 0.0, Diff: 0.0, Sum: 0.0]
         [Termination Attempts: Min: 1, Avg: 1.9, Max: 3, Diff: 2, Sum: 15]
      [GC Worker Other (ms): Min: 0.0, Avg: 0.1, Max: 0.2, Diff: 0.2, Sum: 0.9]
      [GC Worker Total (ms): Min: 12.1, Avg: 12.2, Max: 12.4, Diff: 0.3, Sum: 97.8]
      [GC Worker End (ms): Min: 506317860.2, Avg: 506317860.2, Max: 506317860.3, Diff: 0.2]
   [Code Root Fixup: 0.0 ms]
   [Code Root Purge: 0.0 ms]
   [Clear CT: 1.0 ms]
   [Other: 3.7 ms]
      [Choose CSet: 0.0 ms]
      [Ref Proc: 3.1 ms]
      [Ref Enq: 0.1 ms]
      [Redirty Cards: 0.1 ms]
      [Humongous Register: 0.1 ms]
      [Humongous Reclaim: 0.0 ms]
      [Free CSet: 0.2 ms]
   [Eden: 5712.0M(5712.0M)->0.0B(7152.0M) Survivors: 16384.0K->16384.0K Heap: 9229.7M(14336.0M)->3503.5M(14336.0M)]
 [Times: user=0.11 sys=0.00, real=0.01 secs] 
2022-07-27T17:51:01.015-0700: 506432.520: [GC pause (G1 Evacuation Pause) (young), 0.0127531 secs]
   [Parallel Time: 9.9 ms, GC Workers: 8]
      [GC Worker Start (ms): Min: 506432520.2, Avg: 506432520.3, Max: 506432520.4, Diff: 0.2]
      [Ext Root Scanning (ms): Min: 1.1, Avg: 1.8, Max: 5.3, Diff: 4.2, Sum: 14.3]
      [Update RS (ms): Min: 3.4, Avg: 6.6, Max: 7.4, Diff: 4.0, Sum: 53.0]
         [Processed Buffers: Min: 11, Avg: 18.2, Max: 28, Diff: 17, Sum: 146]
      [Scan RS (ms): Min: 0.0, Avg: 0.1, Max: 0.2, Diff: 0.1, Sum: 0.4]
      [Code Root Scanning (ms): Min: 0.0, Avg: 0.0, Max: 0.0, Diff: 0.0, Sum: 0.0]
      [Object Copy (ms): Min: 0.9, Avg: 1.1, Max: 1.3, Diff: 0.4, Sum: 9.2]
      [Termination (ms): Min: 0.0, Avg: 0.0, Max: 0.0, Diff: 0.0, Sum: 0.1]
         [Termination Attempts: Min: 20, Avg: 27.2, Max: 39, Diff: 19, Sum: 218]
      [GC Worker Other (ms): Min: 0.0, Avg: 0.0, Max: 0.1, Diff: 0.1, Sum: 0.4]
      [GC Worker Total (ms): Min: 9.6, Avg: 9.7, Max: 9.7, Diff: 0.2, Sum: 77.3]
      [GC Worker End (ms): Min: 506432530.0, Avg: 506432530.0, Max: 506432530.0, Diff: 0.1]
   [Code Root Fixup: 0.0 ms]
   [Code Root Purge: 0.0 ms]
   [Clear CT: 0.7 ms]
   [Other: 2.1 ms]
      [Choose CSet: 0.0 ms]
      [Ref Proc: 1.5 ms]
      [Ref Enq: 0.1 ms]
      [Redirty Cards: 0.1 ms]
      [Humongous Register: 0.1 ms]
      [Humongous Reclaim: 0.0 ms]
      [Free CSet: 0.3 ms]
   [Eden: 7152.0M(7152.0M)->0.0B(7152.0M) Survivors: 16384.0K->16384.0K Heap: 10655.5M(14336.0M)->3513.7M(14336.0M)]
 [Times: user=0.08 sys=0.00, real=0.01 secs] 
2022-07-27T17:52:55.112-0700: 506546.617: [GC pause (G1 Evacuation Pause) (young) (initial-mark), 0.0164214 secs]
   [Parallel Time: 11.5 ms, GC Workers: 8]
      [GC Worker Start (ms): Min: 506546619.0, Avg: 506546619.1, Max: 506546619.1, Diff: 0.1]
      [Ext Root Scanning (ms): Min: 6.4, Avg: 6.9, Max: 7.3, Diff: 0.9, Sum: 55.1]
      [Update RS (ms): Min: 0.9, Avg: 1.0, Max: 1.4, Diff: 0.5, Sum: 8.0]
         [Processed Buffers: Min: 2, Avg: 5.2, Max: 18, Diff: 16, Sum: 42]
      [Scan RS (ms): Min: 0.0, Avg: 0.1, Max: 0.1, Diff: 0.1, Sum: 0.4]
      [Code Root Scanning (ms): Min: 0.0, Avg: 0.0, Max: 0.0, Diff: 0.0, Sum: 0.0]
      [Object Copy (ms): Min: 0.8, Avg: 1.3, Max: 1.9, Diff: 1.1, Sum: 10.2]
      [Termination (ms): Min: 0.0, Avg: 0.0, Max: 0.0, Diff: 0.0, Sum: 0.0]
         [Termination Attempts: Min: 1, Avg: 3.9, Max: 6, Diff: 5, Sum: 31]
      [GC Worker Other (ms): Min: 0.0, Avg: 0.1, Max: 0.1, Diff: 0.1, Sum: 0.5]
      [GC Worker Total (ms): Min: 9.2, Avg: 9.3, Max: 9.4, Diff: 0.2, Sum: 74.3]
      [GC Worker End (ms): Min: 506546628.3, Avg: 506546628.4, Max: 506546628.4, Diff: 0.1]
   [Code Root Fixup: 0.0 ms]
   [Code Root Purge: 0.0 ms]
   [Clear CT: 0.7 ms]
   [Other: 4.1 ms]
      [Choose CSet: 0.0 ms]
      [Ref Proc: 3.4 ms]
      [Ref Enq: 0.1 ms]
      [Redirty Cards: 0.1 ms]
      [Humongous Register: 0.0 ms]
      [Humongous Reclaim: 0.0 ms]
      [Free CSet: 0.3 ms]
   [Eden: 7152.0M(7152.0M)->0.0B(7152.0M) Survivors: 16384.0K->16384.0K Heap: 10665.7M(14336.0M)->3518.2M(14336.0M)]
 [Times: user=0.07 sys=0.00, real=0.02 secs] 
2022-07-27T17:52:55.129-0700: 506546.633: [GC concurrent-root-region-scan-start]
2022-07-27T17:52:55.137-0700: 506546.641: [GC concurrent-root-region-scan-end, 0.0080589 secs]
2022-07-27T17:52:55.137-0700: 506546.641: [GC concurrent-mark-start]
2022-07-27T17:52:57.757-0700: 506549.261: [GC concurrent-mark-end, 2.6199188 secs]
2022-07-27T17:52:57.757-0700: 506549.262: [GC remark 2022-07-27T17:52:57.757-0700: 506549.262: [Finalize Marking, 0.0004451 secs] 2022-07-27T17:52:57.757-0700: 506549.262: [GC ref-proc, 0.0105919 secs] 2022-07-27T17:52:57.768-0700: 506549.273: [Unloading, 0.0275733 secs], 0.0442776 secs]
 [Times: user=0.26 sys=0.00, real=0.04 secs] 
2022-07-27T17:52:57.802-0700: 506549.306: [GC cleanup 3654M->3654M(14336M), 0.0083779 secs]
 [Times: user=0.06 sys=0.00, real=0.01 secs] 
2022-07-27T17:54:50.366-0700: 506661.871: [GC pause (G1 Evacuation Pause) (young), 0.0110207 secs]
   [Parallel Time: 6.1 ms, GC Workers: 8]
      [GC Worker Start (ms): Min: 506661870.7, Avg: 506661870.8, Max: 506661870.8, Diff: 0.2]
      [Ext Root Scanning (ms): Min: 1.3, Avg: 2.1, Max: 6.0, Diff: 4.6, Sum: 17.0]
      [Update RS (ms): Min: 0.0, Avg: 1.2, Max: 1.9, Diff: 1.9, Sum: 9.8]
         [Processed Buffers: Min: 0, Avg: 4.9, Max: 16, Diff: 16, Sum: 39]
      [Scan RS (ms): Min: 0.0, Avg: 0.1, Max: 0.2, Diff: 0.1, Sum: 0.5]
      [Code Root Scanning (ms): Min: 0.0, Avg: 0.0, Max: 0.0, Diff: 0.0, Sum: 0.0]
      [Object Copy (ms): Min: 0.0, Avg: 1.6, Max: 2.0, Diff: 2.0, Sum: 12.6]
      [Termination (ms): Min: 0.0, Avg: 0.9, Max: 1.0, Diff: 1.0, Sum: 7.3]
         [Termination Attempts: Min: 1, Avg: 16.8, Max: 25, Diff: 24, Sum: 134]
      [GC Worker Other (ms): Min: 0.0, Avg: 0.0, Max: 0.0, Diff: 0.0, Sum: 0.1]
      [GC Worker Total (ms): Min: 5.9, Avg: 5.9, Max: 6.0, Diff: 0.2, Sum: 47.5]
      [GC Worker End (ms): Min: 506661876.7, Avg: 506661876.7, Max: 506661876.7, Diff: 0.0]
   [Code Root Fixup: 0.0 ms]
   [Code Root Purge: 0.0 ms]
   [Clear CT: 0.7 ms]
   [Other: 4.2 ms]
      [Choose CSet: 0.0 ms]
      [Ref Proc: 3.6 ms]
      [Ref Enq: 0.1 ms]
      [Redirty Cards: 0.1 ms]
      [Humongous Register: 0.1 ms]
      [Humongous Reclaim: 0.0 ms]
      [Free CSet: 0.3 ms]
   [Eden: 7152.0M(7152.0M)->0.0B(5712.0M) Survivors: 16384.0K->16384.0K Heap: 10670.2M(14336.0M)->3517.6M(14336.0M)]
 [Times: user=0.06 sys=0.00, real=0.01 secs] 
2022-07-27T17:56:21.873-0700: 506753.377: [GC pause (G1 Evacuation Pause) (mixed), 0.0117642 secs]
   [Parallel Time: 6.9 ms, GC Workers: 8]
      [GC Worker Start (ms): Min: 506753377.4, Avg: 506753377.5, Max: 506753377.6, Diff: 0.1]
      [Ext Root Scanning (ms): Min: 1.2, Avg: 2.1, Max: 6.6, Diff: 5.4, Sum: 16.7]
      [Update RS (ms): Min: 0.0, Avg: 0.9, Max: 1.5, Diff: 1.5, Sum: 7.4]
         [Processed Buffers: Min: 0, Avg: 4.6, Max: 11, Diff: 11, Sum: 37]
      [Scan RS (ms): Min: 0.0, Avg: 0.1, Max: 0.3, Diff: 0.3, Sum: 1.0]
      [Code Root Scanning (ms): Min: 0.0, Avg: 0.0, Max: 0.0, Diff: 0.0, Sum: 0.0]
      [Object Copy (ms): Min: 0.0, Avg: 2.5, Max: 2.9, Diff: 2.9, Sum: 19.6]
      [Termination (ms): Min: 0.0, Avg: 1.0, Max: 1.1, Diff: 1.1, Sum: 7.8]
         [Termination Attempts: Min: 1, Avg: 1.0, Max: 1, Diff: 0, Sum: 8]
      [GC Worker Other (ms): Min: 0.0, Avg: 0.0, Max: 0.0, Diff: 0.0, Sum: 0.1]
      [GC Worker Total (ms): Min: 6.5, Avg: 6.6, Max: 6.7, Diff: 0.1, Sum: 52.7]
      [GC Worker End (ms): Min: 506753384.1, Avg: 506753384.1, Max: 506753384.1, Diff: 0.0]
   [Code Root Fixup: 0.0 ms]
   [Code Root Purge: 0.0 ms]
   [Clear CT: 0.6 ms]
   [Other: 4.3 ms]
      [Choose CSet: 0.0 ms]
      [Ref Proc: 3.7 ms]
      [Ref Enq: 0.1 ms]
      [Redirty Cards: 0.1 ms]
      [Humongous Register: 0.1 ms]
      [Humongous Reclaim: 0.0 ms]
      [Free CSet: 0.2 ms]
   [Eden: 5712.0M(5712.0M)->0.0B(7152.0M) Survivors: 16384.0K->16384.0K Heap: 9229.6M(14336.0M)->3505.5M(14336.0M)]
 [Times: user=0.07 sys=0.00, real=0.02 secs] 
2022-07-27T17:58:16.675-0700: 506868.180: [GC pause (G1 Evacuation Pause) (young), 0.0106011 secs]
   [Parallel Time: 5.6 ms, GC Workers: 8]
      [GC Worker Start (ms): Min: 506868180.0, Avg: 506868180.1, Max: 506868180.2, Diff: 0.1]
      [Ext Root Scanning (ms): Min: 1.2, Avg: 1.9, Max: 5.4, Diff: 4.3, Sum: 15.1]
      [Update RS (ms): Min: 0.0, Avg: 1.9, Max: 2.7, Diff: 2.7, Sum: 14.9]
         [Processed Buffers: Min: 0, Avg: 8.5, Max: 16, Diff: 16, Sum: 68]
      [Scan RS (ms): Min: 0.0, Avg: 0.1, Max: 0.1, Diff: 0.1, Sum: 0.4]
      [Code Root Scanning (ms): Min: 0.0, Avg: 0.0, Max: 0.0, Diff: 0.0, Sum: 0.0]
      [Object Copy (ms): Min: 0.0, Avg: 1.6, Max: 2.0, Diff: 2.0, Sum: 12.9]
      [Termination (ms): Min: 0.0, Avg: 0.0, Max: 0.0, Diff: 0.0, Sum: 0.1]
         [Termination Attempts: Min: 7, Avg: 22.0, Max: 32, Diff: 25, Sum: 176]
      [GC Worker Other (ms): Min: 0.0, Avg: 0.0, Max: 0.1, Diff: 0.1, Sum: 0.4]
      [GC Worker Total (ms): Min: 5.4, Avg: 5.5, Max: 5.5, Diff: 0.1, Sum: 43.8]
      [GC Worker End (ms): Min: 506868185.6, Avg: 506868185.6, Max: 506868185.6, Diff: 0.1]
   [Code Root Fixup: 0.0 ms]
   [Code Root Purge: 0.0 ms]
   [Clear CT: 0.8 ms]
   [Other: 4.2 ms]
      [Choose CSet: 0.0 ms]
      [Ref Proc: 3.6 ms]
      [Ref Enq: 0.1 ms]
      [Redirty Cards: 0.1 ms]
      [Humongous Register: 0.1 ms]
      [Humongous Reclaim: 0.0 ms]
      [Free CSet: 0.3 ms]
   [Eden: 7152.0M(7152.0M)->0.0B(7152.0M) Survivors: 16384.0K->16384.0K Heap: 10657.5M(14336.0M)->3510.0M(14336.0M)]
 [Times: user=0.05 sys=0.01, real=0.01 secs] 
2022-07-27T18:00:14.272-0700: 506985.777: [GC pause (G1 Evacuation Pause) (young) (initial-mark), 0.0159296 secs]
   [Parallel Time: 11.0 ms, GC Workers: 8]
      [GC Worker Start (ms): Min: 506985778.7, Avg: 506985778.8, Max: 506985778.9, Diff: 0.2]
      [Ext Root Scanning (ms): Min: 5.3, Avg: 5.7, Max: 6.3, Diff: 1.0, Sum: 45.8]
      [Update RS (ms): Min: 0.8, Avg: 0.9, Max: 1.2, Diff: 0.4, Sum: 7.4]
         [Processed Buffers: Min: 2, Avg: 5.2, Max: 17, Diff: 15, Sum: 42]
      [Scan RS (ms): Min: 0.0, Avg: 0.0, Max: 0.1, Diff: 0.1, Sum: 0.4]
      [Code Root Scanning (ms): Min: 0.0, Avg: 0.0, Max: 0.0, Diff: 0.0, Sum: 0.0]
      [Object Copy (ms): Min: 1.3, Avg: 1.8, Max: 2.2, Diff: 1.0, Sum: 14.6]
      [Termination (ms): Min: 0.0, Avg: 0.0, Max: 0.0, Diff: 0.0, Sum: 0.1]
         [Termination Attempts: Min: 21, Avg: 29.0, Max: 36, Diff: 15, Sum: 232]
      [GC Worker Other (ms): Min: 0.0, Avg: 0.1, Max: 0.3, Diff: 0.2, Sum: 0.8]
      [GC Worker Total (ms): Min: 8.5, Avg: 8.6, Max: 8.8, Diff: 0.3, Sum: 69.1]
      [GC Worker End (ms): Min: 506985787.4, Avg: 506985787.5, Max: 506985787.6, Diff: 0.2]
   [Code Root Fixup: 0.0 ms]
   [Code Root Purge: 0.0 ms]
   [Clear CT: 0.7 ms]
   [Other: 4.2 ms]
      [Choose CSet: 0.0 ms]
      [Ref Proc: 3.6 ms]
      [Ref Enq: 0.1 ms]
      [Redirty Cards: 0.1 ms]
      [Humongous Register: 0.0 ms]
      [Humongous Reclaim: 0.0 ms]
      [Free CSet: 0.3 ms]
   [Eden: 7152.0M(7152.0M)->0.0B(7152.0M) Survivors: 16384.0K->16384.0K Heap: 10662.0M(14336.0M)->3509.7M(14336.0M)]
 [Times: user=0.07 sys=0.00, real=0.02 secs] 
2022-07-27T18:00:14.288-0700: 506985.793: [GC concurrent-root-region-scan-start]
2022-07-27T18:00:14.296-0700: 506985.801: [GC concurrent-root-region-scan-end, 0.0084057 secs]
2022-07-27T18:00:14.296-0700: 506985.801: [GC concurrent-mark-start]
2022-07-27T18:00:16.863-0700: 506988.368: [GC concurrent-mark-end, 2.5671114 secs]
2022-07-27T18:00:16.864-0700: 506988.369: [GC remark 2022-07-27T18:00:16.864-0700: 506988.369: [Finalize Marking, 0.0002462 secs] 2022-07-27T18:00:16.864-0700: 506988.369: [GC ref-proc, 0.0071241 secs] 2022-07-27T18:00:16.871-0700: 506988.376: [Unloading, 0.0278402 secs], 0.0409309 secs]
 [Times: user=0.26 sys=0.00, real=0.04 secs] 
2022-07-27T18:00:16.905-0700: 506988.410: [GC cleanup 3661M->3661M(14336M), 0.0079795 secs]
 [Times: user=0.06 sys=0.00, real=0.00 secs] 
2022-07-27T18:02:11.262-0700: 507102.767: [GC pause (G1 Evacuation Pause) (young), 0.0090695 secs]
   [Parallel Time: 6.0 ms, GC Workers: 8]
      [GC Worker Start (ms): Min: 507102767.3, Avg: 507102767.4, Max: 507102767.5, Diff: 0.2]
      [Ext Root Scanning (ms): Min: 1.5, Avg: 2.2, Max: 5.7, Diff: 4.3, Sum: 18.0]
      [Update RS (ms): Min: 0.0, Avg: 1.4, Max: 2.2, Diff: 2.2, Sum: 11.4]
         [Processed Buffers: Min: 0, Avg: 5.1, Max: 8, Diff: 8, Sum: 41]
      [Scan RS (ms): Min: 0.0, Avg: 0.1, Max: 0.2, Diff: 0.1, Sum: 0.5]
      [Code Root Scanning (ms): Min: 0.0, Avg: 0.0, Max: 0.0, Diff: 0.0, Sum: 0.0]
      [Object Copy (ms): Min: 0.0, Avg: 1.9, Max: 2.4, Diff: 2.4, Sum: 14.8]
      [Termination (ms): Min: 0.0, Avg: 0.1, Max: 0.1, Diff: 0.1, Sum: 0.8]
         [Termination Attempts: Min: 1, Avg: 25.2, Max: 36, Diff: 35, Sum: 202]
      [GC Worker Other (ms): Min: 0.0, Avg: 0.0, Max: 0.1, Diff: 0.0, Sum: 0.2]
      [GC Worker Total (ms): Min: 5.7, Avg: 5.7, Max: 5.8, Diff: 0.1, Sum: 45.8]
      [GC Worker End (ms): Min: 507102773.1, Avg: 507102773.1, Max: 507102773.2, Diff: 0.1]
   [Code Root Fixup: 0.0 ms]
   [Code Root Purge: 0.0 ms]
   [Clear CT: 0.7 ms]
   [Other: 2.4 ms]
      [Choose CSet: 0.0 ms]
      [Ref Proc: 1.7 ms]
      [Ref Enq: 0.1 ms]
      [Redirty Cards: 0.1 ms]
      [Humongous Register: 0.1 ms]
      [Humongous Reclaim: 0.0 ms]
      [Free CSet: 0.3 ms]
   [Eden: 7152.0M(7152.0M)->0.0B(7152.0M) Survivors: 16384.0K->16384.0K Heap: 10661.7M(14336.0M)->3510.4M(14336.0M)]
 [Times: user=0.06 sys=0.00, real=0.01 secs] 
2022-07-27T18:04:06.569-0700: 507218.074: [GC pause (G1 Evacuation Pause) (young), 0.0110780 secs]
   [Parallel Time: 6.0 ms, GC Workers: 8]
      [GC Worker Start (ms): Min: 507218074.0, Avg: 507218074.0, Max: 507218074.1, Diff: 0.1]
      [Ext Root Scanning (ms): Min: 1.4, Avg: 2.1, Max: 5.7, Diff: 4.4, Sum: 17.0]
      [Update RS (ms): Min: 0.0, Avg: 1.2, Max: 1.9, Diff: 1.9, Sum: 9.7]
         [Processed Buffers: Min: 0, Avg: 5.4, Max: 10, Diff: 10, Sum: 43]
      [Scan RS (ms): Min: 0.0, Avg: 0.1, Max: 0.2, Diff: 0.1, Sum: 0.5]
      [Code Root Scanning (ms): Min: 0.0, Avg: 0.0, Max: 0.0, Diff: 0.0, Sum: 0.0]
      [Object Copy (ms): Min: 0.0, Avg: 2.1, Max: 2.5, Diff: 2.5, Sum: 16.7]
      [Termination (ms): Min: 0.0, Avg: 0.2, Max: 0.2, Diff: 0.2, Sum: 1.5]
         [Termination Attempts: Min: 1, Avg: 20.4, Max: 28, Diff: 27, Sum: 163]
      [GC Worker Other (ms): Min: 0.0, Avg: 0.0, Max: 0.0, Diff: 0.0, Sum: 0.1]
      [GC Worker Total (ms): Min: 5.6, Avg: 5.7, Max: 5.8, Diff: 0.1, Sum: 45.6]
      [GC Worker End (ms): Min: 507218079.7, Avg: 507218079.7, Max: 507218079.8, Diff: 0.0]
   [Code Root Fixup: 0.0 ms]
   [Code Root Purge: 0.0 ms]
   [Clear CT: 0.7 ms]
   [Other: 4.3 ms]
      [Choose CSet: 0.0 ms]
      [Ref Proc: 3.6 ms]
      [Ref Enq: 0.1 ms]
      [Redirty Cards: 0.1 ms]
      [Humongous Register: 0.1 ms]
      [Humongous Reclaim: 0.0 ms]
      [Free CSet: 0.3 ms]
   [Eden: 7152.0M(7152.0M)->0.0B(7152.0M) Survivors: 16384.0K->16384.0K Heap: 10662.4M(14336.0M)->3513.2M(14336.0M)]
 [Times: user=0.06 sys=0.00, real=0.01 secs] 
2022-07-27T18:06:04.898-0700: 507336.403: [GC pause (G1 Evacuation Pause) (young) (initial-mark), 0.0170903 secs]
   [Parallel Time: 11.6 ms, GC Workers: 8]
      [GC Worker Start (ms): Min: 507336404.9, Avg: 507336405.0, Max: 507336405.1, Diff: 0.2]
      [Ext Root Scanning (ms): Min: 6.2, Avg: 6.6, Max: 7.0, Diff: 0.9, Sum: 53.2]
      [Update RS (ms): Min: 0.9, Avg: 1.1, Max: 1.3, Diff: 0.4, Sum: 8.7]
         [Processed Buffers: Min: 2, Avg: 5.1, Max: 13, Diff: 11, Sum: 41]
      [Scan RS (ms): Min: 0.0, Avg: 0.1, Max: 0.1, Diff: 0.1, Sum: 0.4]
      [Code Root Scanning (ms): Min: 0.0, Avg: 0.0, Max: 0.0, Diff: 0.0, Sum: 0.0]
      [Object Copy (ms): Min: 0.9, Avg: 1.5, Max: 2.0, Diff: 1.1, Sum: 11.9]
      [Termination (ms): Min: 0.0, Avg: 0.0, Max: 0.0, Diff: 0.0, Sum: 0.0]
         [Termination Attempts: Min: 1, Avg: 2.9, Max: 5, Diff: 4, Sum: 23]
      [GC Worker Other (ms): Min: 0.0, Avg: 0.1, Max: 0.1, Diff: 0.1, Sum: 0.6]
      [GC Worker Total (ms): Min: 9.3, Avg: 9.3, Max: 9.5, Diff: 0.3, Sum: 74.8]
      [GC Worker End (ms): Min: 507336414.3, Avg: 507336414.3, Max: 507336414.4, Diff: 0.1]
   [Code Root Fixup: 0.0 ms]
   [Code Root Purge: 0.0 ms]
   [Clear CT: 0.7 ms]
   [Other: 4.8 ms]
      [Choose CSet: 0.0 ms]
      [Ref Proc: 4.1 ms]
      [Ref Enq: 0.1 ms]
      [Redirty Cards: 0.1 ms]
      [Humongous Register: 0.0 ms]
      [Humongous Reclaim: 0.0 ms]
      [Free CSet: 0.3 ms]
   [Eden: 7152.0M(7152.0M)->0.0B(7152.0M) Survivors: 16384.0K->16384.0K Heap: 10665.2M(14336.0M)->3510.5M(14336.0M)]
 [Times: user=0.07 sys=0.01, real=0.02 secs] 
2022-07-27T18:06:04.915-0700: 507336.420: [GC concurrent-root-region-scan-start]
2022-07-27T18:06:04.925-0700: 507336.430: [GC concurrent-root-region-scan-end, 0.0102159 secs]
2022-07-27T18:06:04.926-0700: 507336.430: [GC concurrent-mark-start]
2022-07-27T18:06:07.556-0700: 507339.061: [GC concurrent-mark-end, 2.6309660 secs]
2022-07-27T18:06:07.557-0700: 507339.061: [GC remark 2022-07-27T18:06:07.557-0700: 507339.062: [Finalize Marking, 0.0002447 secs] 2022-07-27T18:06:07.557-0700: 507339.062: [GC ref-proc, 0.0114404 secs] 2022-07-27T18:06:07.569-0700: 507339.073: [Unloading, 0.0274554 secs], 0.0448042 secs]
 [Times: user=0.25 sys=0.00, real=0.04 secs] 
2022-07-27T18:06:07.602-0700: 507339.107: [GC cleanup 3742M->3742M(14336M), 0.0082810 secs]
 [Times: user=0.06 sys=0.00, real=0.01 secs] 
2022-07-27T18:07:57.920-0700: 507449.425: [GC pause (G1 Evacuation Pause) (young), 0.0092439 secs]
   [Parallel Time: 5.6 ms, GC Workers: 8]
      [GC Worker Start (ms): Min: 507449425.1, Avg: 507449425.2, Max: 507449425.2, Diff: 0.1]
      [Ext Root Scanning (ms): Min: 1.2, Avg: 2.0, Max: 5.3, Diff: 4.1, Sum: 15.7]
      [Update RS (ms): Min: 0.0, Avg: 1.0, Max: 1.6, Diff: 1.6, Sum: 8.4]
         [Processed Buffers: Min: 0, Avg: 5.4, Max: 16, Diff: 16, Sum: 43]
      [Scan RS (ms): Min: 0.0, Avg: 0.1, Max: 0.1, Diff: 0.1, Sum: 0.4]
      [Code Root Scanning (ms): Min: 0.0, Avg: 0.0, Max: 0.0, Diff: 0.0, Sum: 0.0]
      [Object Copy (ms): Min: 0.0, Avg: 1.2, Max: 1.6, Diff: 1.6, Sum: 10.0]
      [Termination (ms): Min: 0.0, Avg: 1.0, Max: 1.1, Diff: 1.1, Sum: 7.9]
         [Termination Attempts: Min: 1, Avg: 22.8, Max: 35, Diff: 34, Sum: 182]
      [GC Worker Other (ms): Min: 0.0, Avg: 0.0, Max: 0.0, Diff: 0.0, Sum: 0.2]
      [GC Worker Total (ms): Min: 5.3, Avg: 5.3, Max: 5.4, Diff: 0.1, Sum: 42.6]
      [GC Worker End (ms): Min: 507449430.5, Avg: 507449430.5, Max: 507449430.5, Diff: 0.0]
   [Code Root Fixup: 0.0 ms]
   [Code Root Purge: 0.0 ms]
   [Clear CT: 0.7 ms]
   [Other: 3.0 ms]
      [Choose CSet: 0.0 ms]
      [Ref Proc: 2.2 ms]
      [Ref Enq: 0.1 ms]
      [Redirty Cards: 0.1 ms]
      [Humongous Register: 0.1 ms]
      [Humongous Reclaim: 0.0 ms]
      [Free CSet: 0.3 ms]
   [Eden: 7152.0M(7152.0M)->0.0B(7152.0M) Survivors: 16384.0K->16384.0K Heap: 10662.5M(14336.0M)->3511.1M(14336.0M)]
 [Times: user=0.05 sys=0.01, real=0.01 secs] 
2022-07-27T18:09:52.317-0700: 507563.822: [GC pause (G1 Evacuation Pause) (young), 0.0103266 secs]
   [Parallel Time: 5.9 ms, GC Workers: 8]
      [GC Worker Start (ms): Min: 507563821.6, Avg: 507563821.8, Max: 507563821.8, Diff: 0.2]
      [Ext Root Scanning (ms): Min: 1.1, Avg: 1.9, Max: 5.7, Diff: 4.6, Sum: 15.4]
      [Update RS (ms): Min: 0.0, Avg: 1.0, Max: 1.7, Diff: 1.7, Sum: 8.1]
         [Processed Buffers: Min: 0, Avg: 5.0, Max: 12, Diff: 12, Sum: 40]
      [Scan RS (ms): Min: 0.0, Avg: 0.1, Max: 0.1, Diff: 0.1, Sum: 0.5]
      [Code Root Scanning (ms): Min: 0.0, Avg: 0.0, Max: 0.0, Diff: 0.0, Sum: 0.0]
      [Object Copy (ms): Min: 0.0, Avg: 1.5, Max: 1.8, Diff: 1.8, Sum: 11.7]
      [Termination (ms): Min: 0.0, Avg: 1.1, Max: 1.3, Diff: 1.3, Sum: 9.1]
         [Termination Attempts: Min: 1, Avg: 17.0, Max: 22, Diff: 21, Sum: 136]
      [GC Worker Other (ms): Min: 0.0, Avg: 0.0, Max: 0.0, Diff: 0.0, Sum: 0.2]
      [GC Worker Total (ms): Min: 5.6, Avg: 5.6, Max: 5.7, Diff: 0.2, Sum: 45.0]
      [GC Worker End (ms): Min: 507563827.4, Avg: 507563827.4, Max: 507563827.4, Diff: 0.0]
   [Code Root Fixup: 0.0 ms]
   [Code Root Purge: 0.0 ms]
   [Clear CT: 0.6 ms]
   [Other: 3.7 ms]
      [Choose CSet: 0.0 ms]
      [Ref Proc: 3.1 ms]
      [Ref Enq: 0.1 ms]
      [Redirty Cards: 0.1 ms]
      [Humongous Register: 0.1 ms]
      [Humongous Reclaim: 0.0 ms]
      [Free CSet: 0.3 ms]
   [Eden: 7152.0M(7152.0M)->0.0B(7152.0M) Survivors: 16384.0K->16384.0K Heap: 10663.1M(14336.0M)->3511.4M(14336.0M)]
 [Times: user=0.05 sys=0.00, real=0.01 secs] 
2022-07-27T18:11:46.613-0700: 507678.118: [GC pause (G1 Evacuation Pause) (young) (initial-mark), 0.0159344 secs]
   [Parallel Time: 11.2 ms, GC Workers: 8]
      [GC Worker Start (ms): Min: 507678120.2, Avg: 507678120.3, Max: 507678120.3, Diff: 0.2]
      [Ext Root Scanning (ms): Min: 4.8, Avg: 5.1, Max: 5.4, Diff: 0.7, Sum: 40.6]
      [Update RS (ms): Min: 0.9, Avg: 0.9, Max: 1.1, Diff: 0.2, Sum: 7.5]
         [Processed Buffers: Min: 2, Avg: 5.6, Max: 19, Diff: 17, Sum: 45]
      [Scan RS (ms): Min: 0.0, Avg: 0.0, Max: 0.1, Diff: 0.1, Sum: 0.4]
      [Code Root Scanning (ms): Min: 0.0, Avg: 0.0, Max: 0.0, Diff: 0.0, Sum: 0.0]
      [Object Copy (ms): Min: 2.0, Avg: 2.4, Max: 2.7, Diff: 0.7, Sum: 19.1]
      [Termination (ms): Min: 0.0, Avg: 0.0, Max: 0.0, Diff: 0.0, Sum: 0.0]
         [Termination Attempts: Min: 1, Avg: 1.1, Max: 2, Diff: 1, Sum: 9]
      [GC Worker Other (ms): Min: 0.0, Avg: 0.1, Max: 0.1, Diff: 0.1, Sum: 0.4]
      [GC Worker Total (ms): Min: 8.4, Avg: 8.5, Max: 8.6, Diff: 0.2, Sum: 68.1]
      [GC Worker End (ms): Min: 507678128.7, Avg: 507678128.8, Max: 507678128.8, Diff: 0.1]
   [Code Root Fixup: 0.0 ms]
   [Code Root Purge: 0.0 ms]
   [Clear CT: 0.8 ms]
   [Other: 3.9 ms]
      [Choose CSet: 0.0 ms]
      [Ref Proc: 3.3 ms]
      [Ref Enq: 0.1 ms]
      [Redirty Cards: 0.1 ms]
      [Humongous Register: 0.0 ms]
      [Humongous Reclaim: 0.0 ms]
      [Free CSet: 0.3 ms]
   [Eden: 7152.0M(7152.0M)->0.0B(7152.0M) Survivors: 16384.0K->16384.0K Heap: 10663.4M(14336.0M)->3516.3M(14336.0M)]
 [Times: user=0.07 sys=0.00, real=0.02 secs] 
2022-07-27T18:11:46.629-0700: 507678.134: [GC concurrent-root-region-scan-start]
2022-07-27T18:11:46.641-0700: 507678.146: [GC concurrent-root-region-scan-end, 0.0120723 secs]
2022-07-27T18:11:46.641-0700: 507678.146: [GC concurrent-mark-start]
2022-07-27T18:11:49.196-0700: 507680.701: [GC concurrent-mark-end, 2.5548710 secs]
2022-07-27T18:11:49.196-0700: 507680.701: [GC remark 2022-07-27T18:11:49.196-0700: 507680.701: [Finalize Marking, 0.0004373 secs] 2022-07-27T18:11:49.197-0700: 507680.702: [GC ref-proc, 0.0102323 secs] 2022-07-27T18:11:49.207-0700: 507680.712: [Unloading, 0.0274946 secs], 0.0439378 secs]
 [Times: user=0.26 sys=0.00, real=0.04 secs] 
2022-07-27T18:11:49.241-0700: 507680.746: [GC cleanup 3660M->3660M(14336M), 0.0087573 secs]
 [Times: user=0.06 sys=0.00, real=0.01 secs] 
2022-07-27T18:13:39.919-0700: 507791.423: [GC pause (G1 Evacuation Pause) (young), 0.0112456 secs]
   [Parallel Time: 6.0 ms, GC Workers: 8]
      [GC Worker Start (ms): Min: 507791423.6, Avg: 507791423.7, Max: 507791423.8, Diff: 0.2]
      [Ext Root Scanning (ms): Min: 1.2, Avg: 2.1, Max: 5.9, Diff: 4.6, Sum: 16.5]
      [Update RS (ms): Min: 0.0, Avg: 1.2, Max: 2.0, Diff: 2.0, Sum: 9.4]
         [Processed Buffers: Min: 0, Avg: 5.2, Max: 12, Diff: 12, Sum: 42]
      [Scan RS (ms): Min: 0.0, Avg: 0.1, Max: 0.2, Diff: 0.1, Sum: 0.5]
      [Code Root Scanning (ms): Min: 0.0, Avg: 0.0, Max: 0.0, Diff: 0.0, Sum: 0.0]
      [Object Copy (ms): Min: 0.0, Avg: 1.5, Max: 1.9, Diff: 1.9, Sum: 11.9]
      [Termination (ms): Min: 0.0, Avg: 1.0, Max: 1.2, Diff: 1.2, Sum: 8.3]
         [Termination Attempts: Min: 1, Avg: 13.1, Max: 22, Diff: 21, Sum: 105]
      [GC Worker Other (ms): Min: 0.0, Avg: 0.0, Max: 0.0, Diff: 0.0, Sum: 0.1]
      [GC Worker Total (ms): Min: 5.8, Avg: 5.9, Max: 5.9, Diff: 0.1, Sum: 46.8]
      [GC Worker End (ms): Min: 507791429.5, Avg: 507791429.5, Max: 507791429.6, Diff: 0.0]
   [Code Root Fixup: 0.0 ms]
   [Code Root Purge: 0.0 ms]
   [Clear CT: 0.7 ms]
   [Other: 4.5 ms]
      [Choose CSet: 0.0 ms]
      [Ref Proc: 3.8 ms]
      [Ref Enq: 0.1 ms]
      [Redirty Cards: 0.1 ms]
      [Humongous Register: 0.1 ms]
      [Humongous Reclaim: 0.0 ms]
      [Free CSet: 0.3 ms]
   [Eden: 7152.0M(7152.0M)->0.0B(7152.0M) Survivors: 16384.0K->16384.0K Heap: 10668.3M(14336.0M)->3518.2M(14336.0M)]
 [Times: user=0.06 sys=0.01, real=0.01 secs] 
2022-07-27T18:15:34.671-0700: 507906.175: [GC pause (G1 Evacuation Pause) (young), 0.0101831 secs]
   [Parallel Time: 5.4 ms, GC Workers: 8]
      [GC Worker Start (ms): Min: 507906175.4, Avg: 507906175.5, Max: 507906175.6, Diff: 0.2]
      [Ext Root Scanning (ms): Min: 1.1, Avg: 1.9, Max: 5.2, Diff: 4.1, Sum: 15.1]
      [Update RS (ms): Min: 0.0, Avg: 0.9, Max: 1.5, Diff: 1.5, Sum: 7.3]
         [Processed Buffers: Min: 0, Avg: 4.6, Max: 17, Diff: 17, Sum: 37]
      [Scan RS (ms): Min: 0.0, Avg: 0.1, Max: 0.2, Diff: 0.2, Sum: 0.4]
      [Code Root Scanning (ms): Min: 0.0, Avg: 0.0, Max: 0.0, Diff: 0.0, Sum: 0.0]
      [Object Copy (ms): Min: 0.0, Avg: 1.6, Max: 3.2, Diff: 3.2, Sum: 12.5]
      [Termination (ms): Min: 0.0, Avg: 0.7, Max: 0.9, Diff: 0.9, Sum: 5.9]
         [Termination Attempts: Min: 1, Avg: 9.6, Max: 14, Diff: 13, Sum: 77]
      [GC Worker Other (ms): Min: 0.0, Avg: 0.0, Max: 0.0, Diff: 0.0, Sum: 0.1]
      [GC Worker Total (ms): Min: 5.1, Avg: 5.2, Max: 5.2, Diff: 0.1, Sum: 41.3]
      [GC Worker End (ms): Min: 507906180.7, Avg: 507906180.7, Max: 507906180.7, Diff: 0.0]
   [Code Root Fixup: 0.0 ms]
   [Code Root Purge: 0.0 ms]
   [Clear CT: 0.7 ms]
   [Other: 4.0 ms]
      [Choose CSet: 0.0 ms]
      [Ref Proc: 3.4 ms]
      [Ref Enq: 0.1 ms]
      [Redirty Cards: 0.1 ms]
      [Humongous Register: 0.1 ms]
      [Humongous Reclaim: 0.0 ms]
      [Free CSet: 0.3 ms]
   [Eden: 7152.0M(7152.0M)->0.0B(7152.0M) Survivors: 16384.0K->16384.0K Heap: 10670.2M(14336.0M)->3513.0M(14336.0M)]
 [Times: user=0.05 sys=0.00, real=0.01 secs] 
2022-07-27T18:17:29.868-0700: 508021.373: [GC pause (G1 Evacuation Pause) (young) (initial-mark), 0.0149210 secs]
   [Parallel Time: 9.9 ms, GC Workers: 8]
      [GC Worker Start (ms): Min: 508021374.9, Avg: 508021375.0, Max: 508021375.0, Diff: 0.1]
      [Ext Root Scanning (ms): Min: 5.4, Avg: 5.6, Max: 5.9, Diff: 0.5, Sum: 44.9]
      [Update RS (ms): Min: 0.9, Avg: 0.9, Max: 1.1, Diff: 0.2, Sum: 7.4]
         [Processed Buffers: Min: 2, Avg: 5.2, Max: 13, Diff: 11, Sum: 42]
      [Scan RS (ms): Min: 0.0, Avg: 0.0, Max: 0.1, Diff: 0.1, Sum: 0.4]
      [Code Root Scanning (ms): Min: 0.0, Avg: 0.0, Max: 0.0, Diff: 0.0, Sum: 0.0]
      [Object Copy (ms): Min: 0.9, Avg: 1.2, Max: 1.5, Diff: 0.7, Sum: 9.7]
      [Termination (ms): Min: 0.0, Avg: 0.0, Max: 0.0, Diff: 0.0, Sum: 0.1]
         [Termination Attempts: Min: 18, Avg: 23.0, Max: 31, Diff: 13, Sum: 184]
      [GC Worker Other (ms): Min: 0.0, Avg: 0.1, Max: 0.1, Diff: 0.1, Sum: 0.5]
      [GC Worker Total (ms): Min: 7.8, Avg: 7.9, Max: 7.9, Diff: 0.1, Sum: 62.9]
      [GC Worker End (ms): Min: 508021382.8, Avg: 508021382.8, Max: 508021382.9, Diff: 0.1]
   [Code Root Fixup: 0.0 ms]
   [Code Root Purge: 0.0 ms]
   [Clear CT: 0.7 ms]
   [Other: 4.4 ms]
      [Choose CSet: 0.0 ms]
      [Ref Proc: 3.7 ms]
      [Ref Enq: 0.1 ms]
      [Redirty Cards: 0.1 ms]
      [Humongous Register: 0.0 ms]
      [Humongous Reclaim: 0.0 ms]
      [Free CSet: 0.3 ms]
   [Eden: 7152.0M(7152.0M)->0.0B(7152.0M) Survivors: 16384.0K->16384.0K Heap: 10665.0M(14336.0M)->3513.3M(14336.0M)]
 [Times: user=0.07 sys=0.00, real=0.02 secs] 
2022-07-27T18:17:29.883-0700: 508021.388: [GC concurrent-root-region-scan-start]
2022-07-27T18:17:29.892-0700: 508021.396: [GC concurrent-root-region-scan-end, 0.0081980 secs]
2022-07-27T18:17:29.892-0700: 508021.396: [GC concurrent-mark-start]
2022-07-27T18:17:32.583-0700: 508024.088: [GC concurrent-mark-end, 2.6917411 secs]
2022-07-27T18:17:32.584-0700: 508024.088: [GC remark 2022-07-27T18:17:32.584-0700: 508024.088: [Finalize Marking, 0.0004147 secs] 2022-07-27T18:17:32.584-0700: 508024.089: [GC ref-proc, 0.0120289 secs] 2022-07-27T18:17:32.596-0700: 508024.101: [Unloading, 0.0272013 secs], 0.0454424 secs]
 [Times: user=0.25 sys=0.00, real=0.04 secs] 
2022-07-27T18:17:32.629-0700: 508024.134: [GC cleanup 3745M->3745M(14336M), 0.0082938 secs]
 [Times: user=0.06 sys=0.00, real=0.01 secs] 
2022-07-27T18:19:24.963-0700: 508136.468: [GC pause (G1 Evacuation Pause) (young), 0.0114842 secs]
   [Parallel Time: 6.1 ms, GC Workers: 8]
      [GC Worker Start (ms): Min: 508136467.8, Avg: 508136467.9, Max: 508136467.9, Diff: 0.2]
      [Ext Root Scanning (ms): Min: 1.2, Avg: 2.0, Max: 5.7, Diff: 4.5, Sum: 16.0]
      [Update RS (ms): Min: 0.0, Avg: 1.1, Max: 1.6, Diff: 1.6, Sum: 8.8]
         [Processed Buffers: Min: 0, Avg: 5.1, Max: 10, Diff: 10, Sum: 41]
      [Scan RS (ms): Min: 0.0, Avg: 0.1, Max: 0.2, Diff: 0.1, Sum: 0.5]
      [Code Root Scanning (ms): Min: 0.0, Avg: 0.0, Max: 0.0, Diff: 0.0, Sum: 0.0]
      [Object Copy (ms): Min: 0.0, Avg: 2.0, Max: 2.5, Diff: 2.5, Sum: 15.9]
      [Termination (ms): Min: 0.0, Avg: 0.5, Max: 0.6, Diff: 0.6, Sum: 4.0]
         [Termination Attempts: Min: 1, Avg: 1.4, Max: 2, Diff: 1, Sum: 11]
      [GC Worker Other (ms): Min: 0.0, Avg: 0.0, Max: 0.0, Diff: 0.0, Sum: 0.2]
      [GC Worker Total (ms): Min: 5.6, Avg: 5.7, Max: 5.8, Diff: 0.2, Sum: 45.4]
      [GC Worker End (ms): Min: 508136473.5, Avg: 508136473.5, Max: 508136473.6, Diff: 0.0]
   [Code Root Fixup: 0.0 ms]
   [Code Root Purge: 0.0 ms]
   [Clear CT: 0.7 ms]
   [Other: 4.7 ms]
      [Choose CSet: 0.0 ms]
      [Ref Proc: 4.0 ms]
      [Ref Enq: 0.1 ms]
      [Redirty Cards: 0.1 ms]
      [Humongous Register: 0.1 ms]
      [Humongous Reclaim: 0.0 ms]
      [Free CSet: 0.3 ms]
   [Eden: 7152.0M(7152.0M)->0.0B(7152.0M) Survivors: 16384.0K->16384.0K Heap: 10665.3M(14336.0M)->3516.4M(14336.0M)]
 [Times: user=0.06 sys=0.01, real=0.00 secs] 
2022-07-27T18:21:23.612-0700: 508255.116: [GC pause (G1 Evacuation Pause) (young), 0.0113621 secs]
   [Parallel Time: 6.2 ms, GC Workers: 8]
      [GC Worker Start (ms): Min: 508255116.5, Avg: 508255116.6, Max: 508255116.6, Diff: 0.1]
      [Ext Root Scanning (ms): Min: 1.5, Avg: 2.3, Max: 6.0, Diff: 4.5, Sum: 18.5]
      [Update RS (ms): Min: 0.0, Avg: 1.2, Max: 1.8, Diff: 1.8, Sum: 9.8]
         [Processed Buffers: Min: 0, Avg: 5.1, Max: 22, Diff: 22, Sum: 41]
      [Scan RS (ms): Min: 0.0, Avg: 0.1, Max: 0.1, Diff: 0.1, Sum: 0.5]
      [Code Root Scanning (ms): Min: 0.0, Avg: 0.0, Max: 0.0, Diff: 0.0, Sum: 0.0]
      [Object Copy (ms): Min: 0.0, Avg: 2.2, Max: 2.7, Diff: 2.7, Sum: 17.5]
      [Termination (ms): Min: 0.0, Avg: 0.2, Max: 0.3, Diff: 0.3, Sum: 1.8]
         [Termination Attempts: Min: 1, Avg: 24.8, Max: 39, Diff: 38, Sum: 198]
      [GC Worker Other (ms): Min: 0.0, Avg: 0.0, Max: 0.1, Diff: 0.0, Sum: 0.2]
      [GC Worker Total (ms): Min: 6.0, Avg: 6.1, Max: 6.1, Diff: 0.1, Sum: 48.4]
      [GC Worker End (ms): Min: 508255122.6, Avg: 508255122.6, Max: 508255122.7, Diff: 0.1]
   [Code Root Fixup: 0.0 ms]
   [Code Root Purge: 0.0 ms]
   [Clear CT: 0.6 ms]
   [Other: 4.5 ms]
      [Choose CSet: 0.0 ms]
      [Ref Proc: 3.8 ms]
      [Ref Enq: 0.1 ms]
      [Redirty Cards: 0.1 ms]
      [Humongous Register: 0.1 ms]
      [Humongous Reclaim: 0.0 ms]
      [Free CSet: 0.3 ms]
   [Eden: 7152.0M(7152.0M)->0.0B(7152.0M) Survivors: 16384.0K->16384.0K Heap: 10668.4M(14336.0M)->3515.1M(14336.0M)]
 [Times: user=0.06 sys=0.00, real=0.02 secs] 
2022-07-27T18:23:17.662-0700: 508369.167: [GC pause (G1 Evacuation Pause) (young) (initial-mark), 0.0174020 secs]
   [Parallel Time: 12.7 ms, GC Workers: 8]
      [GC Worker Start (ms): Min: 508369169.2, Avg: 508369169.3, Max: 508369169.4, Diff: 0.1]
      [Ext Root Scanning (ms): Min: 5.8, Avg: 6.2, Max: 6.7, Diff: 0.9, Sum: 49.5]
      [Update RS (ms): Min: 0.9, Avg: 1.1, Max: 1.3, Diff: 0.3, Sum: 8.8]
         [Processed Buffers: Min: 2, Avg: 5.9, Max: 13, Diff: 11, Sum: 47]
      [Scan RS (ms): Min: 0.0, Avg: 0.1, Max: 0.1, Diff: 0.1, Sum: 0.4]
      [Code Root Scanning (ms): Min: 0.0, Avg: 0.0, Max: 0.0, Diff: 0.0, Sum: 0.0]
      [Object Copy (ms): Min: 2.4, Avg: 3.0, Max: 3.4, Diff: 1.1, Sum: 24.0]
      [Termination (ms): Min: 0.0, Avg: 0.0, Max: 0.0, Diff: 0.0, Sum: 0.0]
         [Termination Attempts: Min: 1, Avg: 1.0, Max: 1, Diff: 0, Sum: 8]
      [GC Worker Other (ms): Min: 0.0, Avg: 0.1, Max: 0.1, Diff: 0.1, Sum: 0.6]
      [GC Worker Total (ms): Min: 10.3, Avg: 10.4, Max: 10.5, Diff: 0.2, Sum: 83.4]
      [GC Worker End (ms): Min: 508369179.7, Avg: 508369179.7, Max: 508369179.8, Diff: 0.1]
   [Code Root Fixup: 0.0 ms]
   [Code Root Purge: 0.0 ms]
   [Clear CT: 0.8 ms]
   [Other: 3.9 ms]
      [Choose CSet: 0.0 ms]
      [Ref Proc: 3.2 ms]
      [Ref Enq: 0.1 ms]
      [Redirty Cards: 0.1 ms]
      [Humongous Register: 0.0 ms]
      [Humongous Reclaim: 0.0 ms]
      [Free CSet: 0.3 ms]
   [Eden: 7152.0M(7152.0M)->0.0B(7152.0M) Survivors: 16384.0K->16384.0K Heap: 10667.1M(14336.0M)->3522.4M(14336.0M)]
 [Times: user=0.09 sys=0.00, real=0.02 secs] 
2022-07-27T18:23:17.680-0700: 508369.185: [GC concurrent-root-region-scan-start]
2022-07-27T18:23:17.692-0700: 508369.196: [GC concurrent-root-region-scan-end, 0.0116882 secs]
2022-07-27T18:23:17.692-0700: 508369.196: [GC concurrent-mark-start]
2022-07-27T18:23:20.318-0700: 508371.823: [GC concurrent-mark-end, 2.6265909 secs]
2022-07-27T18:23:20.319-0700: 508371.823: [GC remark 2022-07-27T18:23:20.319-0700: 508371.823: [Finalize Marking, 0.0003005 secs] 2022-07-27T18:23:20.319-0700: 508371.824: [GC ref-proc, 0.0091053 secs] 2022-07-27T18:23:20.328-0700: 508371.833: [Unloading, 0.0275046 secs], 0.0425939 secs]
 [Times: user=0.26 sys=0.00, real=0.04 secs] 
2022-07-27T18:23:20.362-0700: 508371.866: [GC cleanup 3730M->3730M(14336M), 0.0084103 secs]
 [Times: user=0.06 sys=0.00, real=0.01 secs] 
2022-07-27T18:25:14.911-0700: 508486.416: [GC pause (G1 Evacuation Pause) (young), 0.0115807 secs]
   [Parallel Time: 5.7 ms, GC Workers: 8]
      [GC Worker Start (ms): Min: 508486415.7, Avg: 508486415.8, Max: 508486415.8, Diff: 0.1]
      [Ext Root Scanning (ms): Min: 1.2, Avg: 2.0, Max: 5.5, Diff: 4.2, Sum: 15.9]
      [Update RS (ms): Min: 0.0, Avg: 1.1, Max: 1.7, Diff: 1.7, Sum: 8.7]
         [Processed Buffers: Min: 0, Avg: 5.0, Max: 16, Diff: 16, Sum: 40]
      [Scan RS (ms): Min: 0.0, Avg: 0.1, Max: 0.1, Diff: 0.1, Sum: 0.5]
      [Code Root Scanning (ms): Min: 0.0, Avg: 0.0, Max: 0.0, Diff: 0.0, Sum: 0.0]
      [Object Copy (ms): Min: 0.0, Avg: 2.0, Max: 2.5, Diff: 2.5, Sum: 15.8]
      [Termination (ms): Min: 0.0, Avg: 0.3, Max: 0.4, Diff: 0.4, Sum: 2.8]
         [Termination Attempts: Min: 1, Avg: 25.9, Max: 41, Diff: 40, Sum: 207]
      [GC Worker Other (ms): Min: 0.0, Avg: 0.0, Max: 0.1, Diff: 0.1, Sum: 0.3]
      [GC Worker Total (ms): Min: 5.4, Avg: 5.5, Max: 5.5, Diff: 0.1, Sum: 43.9]
      [GC Worker End (ms): Min: 508486421.2, Avg: 508486421.2, Max: 508486421.3, Diff: 0.1]
   [Code Root Fixup: 0.0 ms]
   [Code Root Purge: 0.0 ms]
   [Clear CT: 0.7 ms]
   [Other: 5.2 ms]
      [Choose CSet: 0.0 ms]
      [Ref Proc: 4.3 ms]
      [Ref Enq: 0.2 ms]
      [Redirty Cards: 0.1 ms]
      [Humongous Register: 0.1 ms]
      [Humongous Reclaim: 0.0 ms]
      [Free CSet: 0.3 ms]
   [Eden: 7152.0M(7152.0M)->0.0B(7152.0M) Survivors: 16384.0K->16384.0K Heap: 10674.4M(14336.0M)->3519.0M(14336.0M)]
 [Times: user=0.05 sys=0.01, real=0.01 secs] 
2022-07-27T18:27:10.618-0700: 508602.123: [GC pause (G1 Evacuation Pause) (young), 0.0103334 secs]
   [Parallel Time: 5.4 ms, GC Workers: 8]
      [GC Worker Start (ms): Min: 508602123.1, Avg: 508602123.2, Max: 508602123.3, Diff: 0.2]
      [Ext Root Scanning (ms): Min: 1.2, Avg: 1.9, Max: 5.3, Diff: 4.2, Sum: 15.3]
      [Update RS (ms): Min: 0.0, Avg: 1.1, Max: 1.6, Diff: 1.6, Sum: 9.0]
         [Processed Buffers: Min: 0, Avg: 5.4, Max: 10, Diff: 10, Sum: 43]
      [Scan RS (ms): Min: 0.0, Avg: 0.1, Max: 0.1, Diff: 0.1, Sum: 0.4]
      [Code Root Scanning (ms): Min: 0.0, Avg: 0.0, Max: 0.0, Diff: 0.0, Sum: 0.0]
      [Object Copy (ms): Min: 0.0, Avg: 1.2, Max: 1.5, Diff: 1.5, Sum: 9.4]
      [Termination (ms): Min: 0.0, Avg: 1.0, Max: 1.2, Diff: 1.2, Sum: 8.1]
         [Termination Attempts: Min: 1, Avg: 17.2, Max: 25, Diff: 24, Sum: 138]
      [GC Worker Other (ms): Min: 0.0, Avg: 0.0, Max: 0.0, Diff: 0.0, Sum: 0.1]
      [GC Worker Total (ms): Min: 5.2, Avg: 5.3, Max: 5.4, Diff: 0.2, Sum: 42.3]
      [GC Worker End (ms): Min: 508602128.5, Avg: 508602128.5, Max: 508602128.5, Diff: 0.0]
   [Code Root Fixup: 0.0 ms]
   [Code Root Purge: 0.0 ms]
   [Clear CT: 0.7 ms]
   [Other: 4.2 ms]
      [Choose CSet: 0.0 ms]
      [Ref Proc: 3.5 ms]
      [Ref Enq: 0.1 ms]
      [Redirty Cards: 0.1 ms]
      [Humongous Register: 0.1 ms]
      [Humongous Reclaim: 0.0 ms]
      [Free CSet: 0.3 ms]
   [Eden: 7152.0M(7152.0M)->0.0B(7152.0M) Survivors: 16384.0K->16384.0K Heap: 10671.0M(14336.0M)->3517.4M(14336.0M)]
 [Times: user=0.06 sys=0.00, real=0.01 secs] 
2022-07-27T18:29:03.865-0700: 508715.370: [GC pause (G1 Evacuation Pause) (young) (initial-mark), 0.0153714 secs]
   [Parallel Time: 10.4 ms, GC Workers: 8]
      [GC Worker Start (ms): Min: 508715371.4, Avg: 508715371.5, Max: 508715371.6, Diff: 0.1]
      [Ext Root Scanning (ms): Min: 5.3, Avg: 5.7, Max: 6.1, Diff: 0.7, Sum: 45.3]
      [Update RS (ms): Min: 0.8, Avg: 1.0, Max: 1.2, Diff: 0.4, Sum: 8.2]
         [Processed Buffers: Min: 2, Avg: 5.2, Max: 11, Diff: 9, Sum: 42]
      [Scan RS (ms): Min: 0.0, Avg: 0.1, Max: 0.1, Diff: 0.1, Sum: 0.4]
      [Code Root Scanning (ms): Min: 0.0, Avg: 0.0, Max: 0.0, Diff: 0.0, Sum: 0.0]
      [Object Copy (ms): Min: 1.0, Avg: 1.4, Max: 1.7, Diff: 0.6, Sum: 10.9]
      [Termination (ms): Min: 0.0, Avg: 0.0, Max: 0.0, Diff: 0.0, Sum: 0.0]
         [Termination Attempts: Min: 3, Avg: 6.9, Max: 12, Diff: 9, Sum: 55]
      [GC Worker Other (ms): Min: 0.0, Avg: 0.1, Max: 0.2, Diff: 0.1, Sum: 0.6]
      [GC Worker Total (ms): Min: 8.1, Avg: 8.2, Max: 8.3, Diff: 0.2, Sum: 65.4]
      [GC Worker End (ms): Min: 508715379.6, Avg: 508715379.7, Max: 508715379.8, Diff: 0.1]
   [Code Root Fixup: 0.0 ms]
   [Code Root Purge: 0.0 ms]
   [Clear CT: 0.7 ms]
   [Other: 4.3 ms]
      [Choose CSet: 0.0 ms]
      [Ref Proc: 3.6 ms]
      [Ref Enq: 0.1 ms]
      [Redirty Cards: 0.1 ms]
      [Humongous Register: 0.0 ms]
      [Humongous Reclaim: 0.0 ms]
      [Free CSet: 0.3 ms]
   [Eden: 7152.0M(7152.0M)->0.0B(7152.0M) Survivors: 16384.0K->16384.0K Heap: 10669.4M(14336.0M)->3519.3M(14336.0M)]
 [Times: user=0.07 sys=0.00, real=0.01 secs] 
2022-07-27T18:29:03.880-0700: 508715.385: [GC concurrent-root-region-scan-start]
2022-07-27T18:29:03.889-0700: 508715.393: [GC concurrent-root-region-scan-end, 0.0081954 secs]
2022-07-27T18:29:03.889-0700: 508715.393: [GC concurrent-mark-start]
2022-07-27T18:29:06.469-0700: 508717.974: [GC concurrent-mark-end, 2.5806544 secs]
2022-07-27T18:29:06.470-0700: 508717.974: [GC remark 2022-07-27T18:29:06.470-0700: 508717.974: [Finalize Marking, 0.0002538 secs] 2022-07-27T18:29:06.470-0700: 508717.975: [GC ref-proc, 0.0073016 secs] 2022-07-27T18:29:06.477-0700: 508717.982: [Unloading, 0.0273795 secs], 0.0405575 secs]
 [Times: user=0.25 sys=0.00, real=0.04 secs] 
2022-07-27T18:29:06.510-0700: 508718.015: [GC cleanup 3751M->3751M(14336M), 0.0079372 secs]
 [Times: user=0.06 sys=0.00, real=0.01 secs] 
2022-07-27T18:30:36.423-0700: 508807.928: [GC pause (G1 Evacuation Pause) (young), 0.0105288 secs]
   [Parallel Time: 5.3 ms, GC Workers: 8]
      [GC Worker Start (ms): Min: 508807928.3, Avg: 508807928.4, Max: 508807928.4, Diff: 0.1]
      [Ext Root Scanning (ms): Min: 0.9, Avg: 1.8, Max: 5.0, Diff: 4.1, Sum: 14.2]
      [Update RS (ms): Min: 0.0, Avg: 1.1, Max: 1.9, Diff: 1.9, Sum: 8.8]
         [Processed Buffers: Min: 0, Avg: 5.4, Max: 15, Diff: 15, Sum: 43]
      [Scan RS (ms): Min: 0.0, Avg: 0.0, Max: 0.1, Diff: 0.1, Sum: 0.4]
      [Code Root Scanning (ms): Min: 0.0, Avg: 0.0, Max: 0.0, Diff: 0.0, Sum: 0.0]
      [Object Copy (ms): Min: 0.0, Avg: 1.0, Max: 1.3, Diff: 1.3, Sum: 8.1]
      [Termination (ms): Min: 0.0, Avg: 1.0, Max: 1.2, Diff: 1.2, Sum: 8.3]
         [Termination Attempts: Min: 1, Avg: 7.9, Max: 11, Diff: 10, Sum: 63]
      [GC Worker Other (ms): Min: 0.0, Avg: 0.0, Max: 0.0, Diff: 0.0, Sum: 0.1]
      [GC Worker Total (ms): Min: 4.9, Avg: 5.0, Max: 5.0, Diff: 0.1, Sum: 39.8]
      [GC Worker End (ms): Min: 508807933.3, Avg: 508807933.4, Max: 508807933.4, Diff: 0.0]
   [Code Root Fixup: 0.0 ms]
   [Code Root Purge: 0.0 ms]
   [Clear CT: 0.6 ms]
   [Other: 4.6 ms]
      [Choose CSet: 0.0 ms]
      [Ref Proc: 3.9 ms]
      [Ref Enq: 0.2 ms]
      [Redirty Cards: 0.1 ms]
      [Humongous Register: 0.1 ms]
      [Humongous Reclaim: 0.0 ms]
      [Free CSet: 0.3 ms]
   [Eden: 7152.0M(7152.0M)->0.0B(5712.0M) Survivors: 16384.0K->16384.0K Heap: 10671.3M(14336.0M)->3517.6M(14336.0M)]
 [Times: user=0.05 sys=0.00, real=0.00 secs] 
2022-07-27T18:31:00.193-0700: 508831.698: [GC pause (G1 Evacuation Pause) (mixed), 0.0122702 secs]
   [Parallel Time: 7.0 ms, GC Workers: 8]
      [GC Worker Start (ms): Min: 508831698.2, Avg: 508831698.3, Max: 508831698.4, Diff: 0.2]
      [Ext Root Scanning (ms): Min: 0.9, Avg: 1.8, Max: 6.6, Diff: 5.6, Sum: 14.5]
      [Update RS (ms): Min: 0.0, Avg: 0.9, Max: 1.4, Diff: 1.4, Sum: 7.0]
         [Processed Buffers: Min: 0, Avg: 4.4, Max: 14, Diff: 14, Sum: 35]
      [Scan RS (ms): Min: 0.0, Avg: 0.3, Max: 0.4, Diff: 0.4, Sum: 2.1]
      [Code Root Scanning (ms): Min: 0.0, Avg: 0.0, Max: 0.0, Diff: 0.0, Sum: 0.0]
      [Object Copy (ms): Min: 0.0, Avg: 2.7, Max: 4.7, Diff: 4.7, Sum: 21.9]
      [Termination (ms): Min: 0.0, Avg: 0.8, Max: 0.9, Diff: 0.9, Sum: 6.4]
         [Termination Attempts: Min: 1, Avg: 1.0, Max: 1, Diff: 0, Sum: 8]
      [GC Worker Other (ms): Min: 0.0, Avg: 0.0, Max: 0.0, Diff: 0.0, Sum: 0.1]
      [GC Worker Total (ms): Min: 6.4, Avg: 6.5, Max: 6.6, Diff: 0.2, Sum: 52.0]
      [GC Worker End (ms): Min: 508831704.8, Avg: 508831704.8, Max: 508831704.8, Diff: 0.0]
   [Code Root Fixup: 0.0 ms]
   [Code Root Purge: 0.0 ms]
   [Clear CT: 0.5 ms]
   [Other: 4.8 ms]
      [Choose CSet: 0.0 ms]
      [Ref Proc: 4.2 ms]
      [Ref Enq: 0.1 ms]
      [Redirty Cards: 0.1 ms]
      [Humongous Register: 0.1 ms]
      [Humongous Reclaim: 0.0 ms]
      [Free CSet: 0.2 ms]
   [Eden: 5712.0M(5712.0M)->0.0B(7152.0M) Survivors: 16384.0K->16384.0K Heap: 9229.6M(14336.0M)->3506.3M(14336.0M)]
 [Times: user=0.06 sys=0.00, real=0.02 secs] 
2022-07-27T18:32:19.936-0700: 508911.441: [GC pause (G1 Evacuation Pause) (young), 0.0097493 secs]
   [Parallel Time: 6.5 ms, GC Workers: 8]
      [GC Worker Start (ms): Min: 508911440.7, Avg: 508911440.8, Max: 508911440.9, Diff: 0.2]
      [Ext Root Scanning (ms): Min: 1.1, Avg: 1.9, Max: 5.7, Diff: 4.6, Sum: 15.4]
      [Update RS (ms): Min: 0.0, Avg: 2.9, Max: 3.7, Diff: 3.7, Sum: 23.1]
         [Processed Buffers: Min: 0, Avg: 10.5, Max: 20, Diff: 20, Sum: 84]
      [Scan RS (ms): Min: 0.0, Avg: 0.1, Max: 0.1, Diff: 0.1, Sum: 0.4]
      [Code Root Scanning (ms): Min: 0.0, Avg: 0.0, Max: 0.0, Diff: 0.0, Sum: 0.0]
      [Object Copy (ms): Min: 0.7, Avg: 1.4, Max: 1.7, Diff: 1.0, Sum: 11.4]
      [Termination (ms): Min: 0.0, Avg: 0.0, Max: 0.0, Diff: 0.0, Sum: 0.0]
         [Termination Attempts: Min: 1, Avg: 1.9, Max: 3, Diff: 2, Sum: 15]
      [GC Worker Other (ms): Min: 0.0, Avg: 0.0, Max: 0.1, Diff: 0.1, Sum: 0.4]
      [GC Worker Total (ms): Min: 6.2, Avg: 6.3, Max: 6.4, Diff: 0.2, Sum: 50.8]
      [GC Worker End (ms): Min: 508911447.2, Avg: 508911447.2, Max: 508911447.2, Diff: 0.1]
   [Code Root Fixup: 0.0 ms]
   [Code Root Purge: 0.0 ms]
   [Clear CT: 0.7 ms]
   [Other: 2.5 ms]
      [Choose CSet: 0.0 ms]
      [Ref Proc: 1.7 ms]
      [Ref Enq: 0.1 ms]
      [Redirty Cards: 0.1 ms]
      [Humongous Register: 0.1 ms]
      [Humongous Reclaim: 0.0 ms]
      [Free CSet: 0.3 ms]
   [Eden: 7152.0M(7152.0M)->0.0B(7152.0M) Survivors: 16384.0K->16384.0K Heap: 10658.3M(14336.0M)->3510.3M(14336.0M)]
 [Times: user=0.06 sys=0.00, real=0.01 secs] 
2022-07-27T18:34:08.570-0700: 509020.074: [GC pause (G1 Evacuation Pause) (young) (initial-mark), 0.0166536 secs]
   [Parallel Time: 12.0 ms, GC Workers: 8]
      [GC Worker Start (ms): Min: 509020076.5, Avg: 509020076.5, Max: 509020076.6, Diff: 0.1]
      [Ext Root Scanning (ms): Min: 5.7, Avg: 6.1, Max: 6.4, Diff: 0.7, Sum: 48.6]
      [Update RS (ms): Min: 1.8, Avg: 1.9, Max: 2.0, Diff: 0.2, Sum: 15.1]
         [Processed Buffers: Min: 4, Avg: 6.9, Max: 15, Diff: 11, Sum: 55]
      [Scan RS (ms): Min: 0.0, Avg: 0.0, Max: 0.1, Diff: 0.1, Sum: 0.4]
      [Code Root Scanning (ms): Min: 0.0, Avg: 0.0, Max: 0.0, Diff: 0.0, Sum: 0.0]
      [Object Copy (ms): Min: 1.3, Avg: 1.7, Max: 2.0, Diff: 0.7, Sum: 13.8]
      [Termination (ms): Min: 0.0, Avg: 0.0, Max: 0.0, Diff: 0.0, Sum: 0.0]
         [Termination Attempts: Min: 6, Avg: 13.8, Max: 19, Diff: 13, Sum: 110]
      [GC Worker Other (ms): Min: 0.0, Avg: 0.1, Max: 0.1, Diff: 0.1, Sum: 0.4]
      [GC Worker Total (ms): Min: 9.7, Avg: 9.8, Max: 9.9, Diff: 0.1, Sum: 78.4]
      [GC Worker End (ms): Min: 509020086.3, Avg: 509020086.3, Max: 509020086.4, Diff: 0.1]
   [Code Root Fixup: 0.0 ms]
   [Code Root Purge: 0.0 ms]
   [Clear CT: 0.8 ms]
   [Other: 3.9 ms]
      [Choose CSet: 0.0 ms]
      [Ref Proc: 3.2 ms]
      [Ref Enq: 0.1 ms]
      [Redirty Cards: 0.1 ms]
      [Humongous Register: 0.0 ms]
      [Humongous Reclaim: 0.0 ms]
      [Free CSet: 0.3 ms]
   [Eden: 7152.0M(7152.0M)->0.0B(7152.0M) Survivors: 16384.0K->16384.0K Heap: 10662.3M(14336.0M)->3513.3M(14336.0M)]
 [Times: user=0.08 sys=0.01, real=0.02 secs] 
2022-07-27T18:34:08.586-0700: 509020.091: [GC concurrent-root-region-scan-start]
2022-07-27T18:34:08.597-0700: 509020.101: [GC concurrent-root-region-scan-end, 0.0103768 secs]
2022-07-27T18:34:08.597-0700: 509020.101: [GC concurrent-mark-start]
2022-07-27T18:34:11.223-0700: 509022.727: [GC concurrent-mark-end, 2.6259887 secs]
2022-07-27T18:34:11.223-0700: 509022.728: [GC remark 2022-07-27T18:34:11.223-0700: 509022.728: [Finalize Marking, 0.0002467 secs] 2022-07-27T18:34:11.223-0700: 509022.728: [GC ref-proc, 0.0093860 secs] 2022-07-27T18:34:11.233-0700: 509022.738: [Unloading, 0.0269892 secs], 0.0424103 secs]
 [Times: user=0.25 sys=0.00, real=0.04 secs] 
2022-07-27T18:34:11.266-0700: 509022.771: [GC cleanup 3713M->3713M(14336M), 0.0085269 secs]
 [Times: user=0.06 sys=0.00, real=0.00 secs] 
2022-07-27T18:35:59.312-0700: 509130.817: [GC pause (G1 Evacuation Pause) (young), 0.0121051 secs]
   [Parallel Time: 6.3 ms, GC Workers: 8]
      [GC Worker Start (ms): Min: 509130817.1, Avg: 509130817.2, Max: 509130817.2, Diff: 0.1]
      [Ext Root Scanning (ms): Min: 1.3, Avg: 2.1, Max: 6.1, Diff: 4.8, Sum: 16.9]
      [Update RS (ms): Min: 0.0, Avg: 1.7, Max: 2.4, Diff: 2.4, Sum: 13.6]
         [Processed Buffers: Min: 0, Avg: 5.9, Max: 11, Diff: 11, Sum: 47]
      [Scan RS (ms): Min: 0.0, Avg: 0.1, Max: 0.2, Diff: 0.1, Sum: 0.5]
      [Code Root Scanning (ms): Min: 0.0, Avg: 0.0, Max: 0.0, Diff: 0.0, Sum: 0.0]
      [Object Copy (ms): Min: 0.0, Avg: 1.4, Max: 1.8, Diff: 1.8, Sum: 11.5]
      [Termination (ms): Min: 0.0, Avg: 0.8, Max: 0.9, Diff: 0.9, Sum: 6.2]
         [Termination Attempts: Min: 1, Avg: 10.6, Max: 17, Diff: 16, Sum: 85]
      [GC Worker Other (ms): Min: 0.0, Avg: 0.0, Max: 0.1, Diff: 0.1, Sum: 0.3]
      [GC Worker Total (ms): Min: 6.0, Avg: 6.1, Max: 6.2, Diff: 0.1, Sum: 48.9]
      [GC Worker End (ms): Min: 509130823.3, Avg: 509130823.3, Max: 509130823.3, Diff: 0.1]
   [Code Root Fixup: 0.0 ms]
   [Code Root Purge: 0.0 ms]
   [Clear CT: 0.7 ms]
   [Other: 5.2 ms]
      [Choose CSet: 0.0 ms]
      [Ref Proc: 4.4 ms]
      [Ref Enq: 0.1 ms]
      [Redirty Cards: 0.1 ms]
      [Humongous Register: 0.1 ms]
      [Humongous Reclaim: 0.0 ms]
      [Free CSet: 0.3 ms]
   [Eden: 7152.0M(7152.0M)->0.0B(7152.0M) Survivors: 16384.0K->16384.0K Heap: 10665.3M(14336.0M)->3511.1M(14336.0M)]
 [Times: user=0.07 sys=0.00, real=0.02 secs] 
2022-07-27T18:37:53.214-0700: 509244.719: [GC pause (G1 Evacuation Pause) (young), 0.0100088 secs]
   [Parallel Time: 6.6 ms, GC Workers: 8]
      [GC Worker Start (ms): Min: 509244719.3, Avg: 509244719.4, Max: 509244719.5, Diff: 0.2]
      [Ext Root Scanning (ms): Min: 1.4, Avg: 2.2, Max: 5.9, Diff: 4.5, Sum: 17.8]
      [Update RS (ms): Min: 0.0, Avg: 1.9, Max: 2.6, Diff: 2.6, Sum: 15.3]
         [Processed Buffers: Min: 0, Avg: 6.5, Max: 14, Diff: 14, Sum: 52]
      [Scan RS (ms): Min: 0.0, Avg: 0.1, Max: 0.1, Diff: 0.1, Sum: 0.4]
      [Code Root Scanning (ms): Min: 0.0, Avg: 0.0, Max: 0.0, Diff: 0.0, Sum: 0.0]
      [Object Copy (ms): Min: 0.3, Avg: 1.9, Max: 2.3, Diff: 2.0, Sum: 14.8]
      [Termination (ms): Min: 0.0, Avg: 0.0, Max: 0.0, Diff: 0.0, Sum: 0.0]
         [Termination Attempts: Min: 3, Avg: 5.6, Max: 8, Diff: 5, Sum: 45]
      [GC Worker Other (ms): Min: 0.0, Avg: 0.1, Max: 0.1, Diff: 0.1, Sum: 0.4]
      [GC Worker Total (ms): Min: 6.0, Avg: 6.1, Max: 6.2, Diff: 0.2, Sum: 48.9]
      [GC Worker End (ms): Min: 509244725.5, Avg: 509244725.5, Max: 509244725.5, Diff: 0.1]
   [Code Root Fixup: 0.0 ms]
   [Code Root Purge: 0.0 ms]
   [Clear CT: 0.7 ms]
   [Other: 2.7 ms]
      [Choose CSet: 0.0 ms]
      [Ref Proc: 2.0 ms]
      [Ref Enq: 0.1 ms]
      [Redirty Cards: 0.1 ms]
      [Humongous Register: 0.1 ms]
      [Humongous Reclaim: 0.0 ms]
      [Free CSet: 0.3 ms]
   [Eden: 7152.0M(7152.0M)->0.0B(7152.0M) Survivors: 16384.0K->16384.0K Heap: 10663.1M(14336.0M)->3514.1M(14336.0M)]
 [Times: user=0.05 sys=0.01, real=0.02 secs] 
2022-07-27T18:39:51.964-0700: 509363.469: [GC pause (G1 Evacuation Pause) (young) (initial-mark), 0.0181045 secs]
   [Parallel Time: 12.1 ms, GC Workers: 8]
      [GC Worker Start (ms): Min: 509363471.1, Avg: 509363471.2, Max: 509363471.3, Diff: 0.2]
      [Ext Root Scanning (ms): Min: 6.0, Avg: 6.4, Max: 6.8, Diff: 0.9, Sum: 51.1]
      [Update RS (ms): Min: 1.0, Avg: 1.2, Max: 1.5, Diff: 0.5, Sum: 9.2]
         [Processed Buffers: Min: 2, Avg: 5.4, Max: 18, Diff: 16, Sum: 43]
      [Scan RS (ms): Min: 0.0, Avg: 0.1, Max: 0.1, Diff: 0.1, Sum: 0.4]
      [Code Root Scanning (ms): Min: 0.0, Avg: 0.0, Max: 0.0, Diff: 0.0, Sum: 0.0]
      [Object Copy (ms): Min: 1.1, Avg: 1.8, Max: 2.3, Diff: 1.3, Sum: 14.5]
      [Termination (ms): Min: 0.0, Avg: 0.1, Max: 0.1, Diff: 0.1, Sum: 0.5]
         [Termination Attempts: Min: 24, Avg: 30.2, Max: 35, Diff: 11, Sum: 242]
      [GC Worker Other (ms): Min: 0.0, Avg: 0.1, Max: 0.1, Diff: 0.1, Sum: 0.5]
      [GC Worker Total (ms): Min: 9.4, Avg: 9.5, Max: 9.7, Diff: 0.2, Sum: 76.3]
      [GC Worker End (ms): Min: 509363480.7, Avg: 509363480.7, Max: 509363480.8, Diff: 0.1]
   [Code Root Fixup: 0.0 ms]
   [Code Root Purge: 0.0 ms]
   [Clear CT: 0.8 ms]
   [Other: 5.2 ms]
      [Choose CSet: 0.0 ms]
      [Ref Proc: 4.4 ms]
      [Ref Enq: 0.1 ms]
      [Redirty Cards: 0.1 ms]
      [Humongous Register: 0.0 ms]
      [Humongous Reclaim: 0.0 ms]
      [Free CSet: 0.3 ms]
   [Eden: 7152.0M(7152.0M)->0.0B(7152.0M) Survivors: 16384.0K->16384.0K Heap: 10666.1M(14336.0M)->3512.7M(14336.0M)]
 [Times: user=0.08 sys=0.00, real=0.01 secs] 
2022-07-27T18:39:51.982-0700: 509363.487: [GC concurrent-root-region-scan-start]
2022-07-27T18:39:51.991-0700: 509363.495: [GC concurrent-root-region-scan-end, 0.0084061 secs]
2022-07-27T18:39:51.991-0700: 509363.495: [GC concurrent-mark-start]
2022-07-27T18:39:54.689-0700: 509366.194: [GC concurrent-mark-end, 2.6987372 secs]
2022-07-27T18:39:54.690-0700: 509366.194: [GC remark 2022-07-27T18:39:54.690-0700: 509366.194: [Finalize Marking, 0.0004636 secs] 2022-07-27T18:39:54.690-0700: 509366.195: [GC ref-proc, 0.0081876 secs] 2022-07-27T18:39:54.698-0700: 509366.203: [Unloading, 0.0272563 secs], 0.0415321 secs]
 [Times: user=0.25 sys=0.00, real=0.04 secs] 
2022-07-27T18:39:54.731-0700: 509366.236: [GC cleanup 3730M->3730M(14336M), 0.0080562 secs]
 [Times: user=0.07 sys=0.00, real=0.01 secs] 
2022-07-27T18:41:48.118-0700: 509479.623: [GC pause (G1 Evacuation Pause) (young), 0.0109845 secs]
   [Parallel Time: 7.8 ms, GC Workers: 8]
      [GC Worker Start (ms): Min: 509479623.2, Avg: 509479623.2, Max: 509479623.3, Diff: 0.1]
      [Ext Root Scanning (ms): Min: 1.3, Avg: 2.1, Max: 5.9, Diff: 4.7, Sum: 16.5]
      [Update RS (ms): Min: 0.0, Avg: 1.2, Max: 1.8, Diff: 1.8, Sum: 9.8]
         [Processed Buffers: Min: 0, Avg: 6.0, Max: 14, Diff: 14, Sum: 48]
      [Scan RS (ms): Min: 0.0, Avg: 0.1, Max: 0.1, Diff: 0.1, Sum: 0.5]
      [Code Root Scanning (ms): Min: 0.0, Avg: 0.0, Max: 0.0, Diff: 0.0, Sum: 0.0]
      [Object Copy (ms): Min: 1.6, Avg: 4.1, Max: 4.7, Diff: 3.1, Sum: 33.1]
      [Termination (ms): Min: 0.0, Avg: 0.0, Max: 0.0, Diff: 0.0, Sum: 0.0]
         [Termination Attempts: Min: 1, Avg: 1.4, Max: 3, Diff: 2, Sum: 11]
      [GC Worker Other (ms): Min: 0.0, Avg: 0.1, Max: 0.1, Diff: 0.1, Sum: 0.5]
      [GC Worker Total (ms): Min: 7.5, Avg: 7.6, Max: 7.6, Diff: 0.1, Sum: 60.4]
      [GC Worker End (ms): Min: 509479630.7, Avg: 509479630.8, Max: 509479630.8, Diff: 0.1]
   [Code Root Fixup: 0.0 ms]
   [Code Root Purge: 0.0 ms]
   [Clear CT: 0.8 ms]
   [Other: 2.4 ms]
      [Choose CSet: 0.0 ms]
      [Ref Proc: 1.8 ms]
      [Ref Enq: 0.1 ms]
      [Redirty Cards: 0.1 ms]
      [Humongous Register: 0.1 ms]
      [Humongous Reclaim: 0.0 ms]
      [Free CSet: 0.3 ms]
   [Eden: 7152.0M(7152.0M)->0.0B(7152.0M) Survivors: 16384.0K->16384.0K Heap: 10664.7M(14336.0M)->3524.6M(14336.0M)]
 [Times: user=0.06 sys=0.00, real=0.01 secs] 
2022-07-27T18:43:45.165-0700: 509596.670: [GC pause (G1 Evacuation Pause) (young), 0.0114783 secs]
   [Parallel Time: 6.6 ms, GC Workers: 8]
      [GC Worker Start (ms): Min: 509596669.8, Avg: 509596669.8, Max: 509596669.9, Diff: 0.2]
      [Ext Root Scanning (ms): Min: 1.3, Avg: 2.1, Max: 6.0, Diff: 4.8, Sum: 16.6]
      [Update RS (ms): Min: 0.0, Avg: 1.1, Max: 1.8, Diff: 1.8, Sum: 9.0]
         [Processed Buffers: Min: 0, Avg: 5.6, Max: 11, Diff: 11, Sum: 45]
      [Scan RS (ms): Min: 0.0, Avg: 0.1, Max: 0.1, Diff: 0.1, Sum: 0.5]
      [Code Root Scanning (ms): Min: 0.0, Avg: 0.0, Max: 0.0, Diff: 0.0, Sum: 0.0]
      [Object Copy (ms): Min: 0.3, Avg: 3.0, Max: 3.6, Diff: 3.2, Sum: 24.2]
      [Termination (ms): Min: 0.0, Avg: 0.0, Max: 0.0, Diff: 0.0, Sum: 0.0]
         [Termination Attempts: Min: 1, Avg: 1.4, Max: 3, Diff: 2, Sum: 11]
      [GC Worker Other (ms): Min: 0.0, Avg: 0.0, Max: 0.1, Diff: 0.1, Sum: 0.4]
      [GC Worker Total (ms): Min: 6.3, Avg: 6.4, Max: 6.5, Diff: 0.2, Sum: 50.8]
      [GC Worker End (ms): Min: 509596676.2, Avg: 509596676.2, Max: 509596676.3, Diff: 0.1]
   [Code Root Fixup: 0.0 ms]
   [Code Root Purge: 0.0 ms]
   [Clear CT: 0.7 ms]
   [Other: 4.2 ms]
      [Choose CSet: 0.0 ms]
      [Ref Proc: 3.5 ms]
      [Ref Enq: 0.1 ms]
      [Redirty Cards: 0.1 ms]
      [Humongous Register: 0.1 ms]
      [Humongous Reclaim: 0.0 ms]
      [Free CSet: 0.3 ms]
   [Eden: 7152.0M(7152.0M)->0.0B(7136.0M) Survivors: 16384.0K->32768.0K Heap: 10676.6M(14336.0M)->3532.8M(14336.0M)]
 [Times: user=0.06 sys=0.00, real=0.01 secs] 
2022-07-27T18:45:39.421-0700: 509710.926: [GC pause (G1 Evacuation Pause) (young) (initial-mark), 0.0236042 secs]
   [Parallel Time: 18.6 ms, GC Workers: 8]
      [GC Worker Start (ms): Min: 509710927.9, Avg: 509710928.0, Max: 509710928.1, Diff: 0.1]
      [Ext Root Scanning (ms): Min: 5.5, Avg: 5.7, Max: 6.1, Diff: 0.6, Sum: 45.8]
      [Update RS (ms): Min: 2.1, Avg: 2.2, Max: 2.4, Diff: 0.3, Sum: 17.7]
         [Processed Buffers: Min: 5, Avg: 9.0, Max: 21, Diff: 16, Sum: 72]
      [Scan RS (ms): Min: 0.0, Avg: 0.2, Max: 1.0, Diff: 1.0, Sum: 1.4]
      [Code Root Scanning (ms): Min: 0.0, Avg: 0.0, Max: 0.0, Diff: 0.0, Sum: 0.0]
      [Object Copy (ms): Min: 1.3, Avg: 2.9, Max: 8.5, Diff: 7.2, Sum: 22.9]
      [Termination (ms): Min: 0.0, Avg: 5.5, Max: 6.3, Diff: 6.3, Sum: 44.0]
         [Termination Attempts: Min: 1, Avg: 23.4, Max: 33, Diff: 32, Sum: 187]
      [GC Worker Other (ms): Min: 0.0, Avg: 0.0, Max: 0.0, Diff: 0.0, Sum: 0.1]
      [GC Worker Total (ms): Min: 16.4, Avg: 16.5, Max: 16.6, Diff: 0.2, Sum: 131.9]
      [GC Worker End (ms): Min: 509710944.5, Avg: 509710944.5, Max: 509710944.5, Diff: 0.0]
   [Code Root Fixup: 0.0 ms]
   [Code Root Purge: 0.0 ms]
   [Clear CT: 0.6 ms]
   [Other: 4.3 ms]
      [Choose CSet: 0.0 ms]
      [Ref Proc: 3.6 ms]
      [Ref Enq: 0.1 ms]
      [Redirty Cards: 0.1 ms]
      [Humongous Register: 0.0 ms]
      [Humongous Reclaim: 0.0 ms]
      [Free CSet: 0.3 ms]
   [Eden: 7136.0M(7136.0M)->0.0B(7152.0M) Survivors: 32768.0K->16384.0K Heap: 10668.8M(14336.0M)->3526.3M(14336.0M)]
 [Times: user=0.12 sys=0.01, real=0.03 secs] 
2022-07-27T18:45:39.445-0700: 509710.950: [GC concurrent-root-region-scan-start]
2022-07-27T18:45:39.453-0700: 509710.957: [GC concurrent-root-region-scan-end, 0.0079510 secs]
2022-07-27T18:45:39.453-0700: 509710.958: [GC concurrent-mark-start]
2022-07-27T18:45:42.044-0700: 509713.549: [GC concurrent-mark-end, 2.5916573 secs]
2022-07-27T18:45:42.045-0700: 509713.550: [GC remark 2022-07-27T18:45:42.045-0700: 509713.550: [Finalize Marking, 0.0002886 secs] 2022-07-27T18:45:42.045-0700: 509713.550: [GC ref-proc, 0.0090627 secs] 2022-07-27T18:45:42.054-0700: 509713.559: [Unloading, 0.0273535 secs], 0.0422590 secs]
 [Times: user=0.26 sys=0.00, real=0.04 secs] 
2022-07-27T18:45:42.087-0700: 509713.592: [GC cleanup 3752M->3752M(14336M), 0.0084470 secs]
 [Times: user=0.06 sys=0.00, real=0.01 secs] 
2022-07-27T18:47:34.464-0700: 509825.969: [GC pause (G1 Evacuation Pause) (young), 0.0115980 secs]
   [Parallel Time: 6.4 ms, GC Workers: 8]
      [GC Worker Start (ms): Min: 509825969.4, Avg: 509825969.5, Max: 509825969.5, Diff: 0.1]
      [Ext Root Scanning (ms): Min: 1.4, Avg: 2.2, Max: 6.2, Diff: 4.8, Sum: 17.5]
      [Update RS (ms): Min: 0.0, Avg: 1.8, Max: 2.6, Diff: 2.6, Sum: 14.2]
         [Processed Buffers: Min: 0, Avg: 5.9, Max: 15, Diff: 15, Sum: 47]
      [Scan RS (ms): Min: 0.0, Avg: 0.1, Max: 0.1, Diff: 0.1, Sum: 0.5]
      [Code Root Scanning (ms): Min: 0.0, Avg: 0.0, Max: 0.0, Diff: 0.0, Sum: 0.0]
      [Object Copy (ms): Min: 0.0, Avg: 1.6, Max: 2.1, Diff: 2.1, Sum: 12.8]
      [Termination (ms): Min: 0.0, Avg: 0.5, Max: 0.6, Diff: 0.6, Sum: 3.9]
         [Termination Attempts: Min: 1, Avg: 1.2, Max: 2, Diff: 1, Sum: 10]
      [GC Worker Other (ms): Min: 0.0, Avg: 0.0, Max: 0.0, Diff: 0.0, Sum: 0.2]
      [GC Worker Total (ms): Min: 6.1, Avg: 6.1, Max: 6.2, Diff: 0.1, Sum: 49.2]
      [GC Worker End (ms): Min: 509825975.6, Avg: 509825975.6, Max: 509825975.6, Diff: 0.0]
   [Code Root Fixup: 0.0 ms]
   [Code Root Purge: 0.0 ms]
   [Clear CT: 0.7 ms]
   [Other: 4.5 ms]
      [Choose CSet: 0.0 ms]
      [Ref Proc: 3.8 ms]
      [Ref Enq: 0.1 ms]
      [Redirty Cards: 0.1 ms]
      [Humongous Register: 0.1 ms]
      [Humongous Reclaim: 0.0 ms]
      [Free CSet: 0.3 ms]
   [Eden: 7152.0M(7152.0M)->0.0B(5712.0M) Survivors: 16384.0K->16384.0K Heap: 10678.3M(14336.0M)->3523.2M(14336.0M)]
 [Times: user=0.06 sys=0.00, real=0.01 secs] 
2022-07-27T18:49:05.266-0700: 509916.771: [GC pause (G1 Evacuation Pause) (mixed), 0.0113405 secs]
   [Parallel Time: 7.7 ms, GC Workers: 8]
      [GC Worker Start (ms): Min: 509916771.0, Avg: 509916771.1, Max: 509916771.1, Diff: 0.1]
      [Ext Root Scanning (ms): Min: 1.2, Avg: 2.1, Max: 6.9, Diff: 5.6, Sum: 17.0]
      [Update RS (ms): Min: 0.0, Avg: 1.6, Max: 2.4, Diff: 2.4, Sum: 13.1]
         [Processed Buffers: Min: 0, Avg: 5.4, Max: 13, Diff: 13, Sum: 43]
      [Scan RS (ms): Min: 0.0, Avg: 0.8, Max: 1.2, Diff: 1.1, Sum: 6.8]
      [Code Root Scanning (ms): Min: 0.0, Avg: 0.0, Max: 0.0, Diff: 0.0, Sum: 0.0]
      [Object Copy (ms): Min: 0.6, Avg: 2.8, Max: 3.2, Diff: 2.6, Sum: 22.4]
      [Termination (ms): Min: 0.0, Avg: 0.0, Max: 0.0, Diff: 0.0, Sum: 0.0]
         [Termination Attempts: Min: 1, Avg: 1.0, Max: 1, Diff: 0, Sum: 8]
      [GC Worker Other (ms): Min: 0.0, Avg: 0.1, Max: 0.1, Diff: 0.1, Sum: 0.5]
      [GC Worker Total (ms): Min: 7.4, Avg: 7.5, Max: 7.5, Diff: 0.1, Sum: 59.7]
      [GC Worker End (ms): Min: 509916778.5, Avg: 509916778.5, Max: 509916778.6, Diff: 0.1]
   [Code Root Fixup: 0.0 ms]
   [Code Root Purge: 0.0 ms]
   [Clear CT: 0.8 ms]
   [Other: 2.9 ms]
      [Choose CSet: 0.0 ms]
      [Ref Proc: 2.2 ms]
      [Ref Enq: 0.1 ms]
      [Redirty Cards: 0.1 ms]
      [Humongous Register: 0.1 ms]
      [Humongous Reclaim: 0.0 ms]
      [Free CSet: 0.3 ms]
   [Eden: 5712.0M(5712.0M)->0.0B(7152.0M) Survivors: 16384.0K->16384.0K Heap: 9235.2M(14336.0M)->3513.9M(14336.0M)]
 [Times: user=0.07 sys=0.00, real=0.01 secs] 
2022-07-27T18:51:02.065-0700: 510033.570: [GC pause (G1 Evacuation Pause) (young), 0.0106055 secs]
   [Parallel Time: 7.1 ms, GC Workers: 8]
      [GC Worker Start (ms): Min: 510033570.0, Avg: 510033570.1, Max: 510033570.1, Diff: 0.1]
      [Ext Root Scanning (ms): Min: 1.4, Avg: 2.1, Max: 5.5, Diff: 4.1, Sum: 17.0]
      [Update RS (ms): Min: 0.5, Avg: 3.3, Max: 4.0, Diff: 3.5, Sum: 26.6]
         [Processed Buffers: Min: 4, Avg: 9.6, Max: 19, Diff: 15, Sum: 77]
      [Scan RS (ms): Min: 0.0, Avg: 0.1, Max: 0.1, Diff: 0.1, Sum: 0.4]
      [Code Root Scanning (ms): Min: 0.0, Avg: 0.0, Max: 0.0, Diff: 0.0, Sum: 0.0]
      [Object Copy (ms): Min: 0.8, Avg: 1.3, Max: 1.4, Diff: 0.7, Sum: 10.0]
      [Termination (ms): Min: 0.0, Avg: 0.0, Max: 0.0, Diff: 0.0, Sum: 0.0]
         [Termination Attempts: Min: 1, Avg: 1.5, Max: 3, Diff: 2, Sum: 12]
      [GC Worker Other (ms): Min: 0.0, Avg: 0.1, Max: 0.1, Diff: 0.1, Sum: 0.5]
      [GC Worker Total (ms): Min: 6.7, Avg: 6.8, Max: 6.9, Diff: 0.2, Sum: 54.6]
      [GC Worker End (ms): Min: 510033576.9, Avg: 510033576.9, Max: 510033577.0, Diff: 0.1]
   [Code Root Fixup: 0.0 ms]
   [Code Root Purge: 0.0 ms]
   [Clear CT: 0.7 ms]
   [Other: 2.8 ms]
      [Choose CSet: 0.0 ms]
      [Ref Proc: 2.2 ms]
      [Ref Enq: 0.1 ms]
      [Redirty Cards: 0.1 ms]
      [Humongous Register: 0.1 ms]
      [Humongous Reclaim: 0.0 ms]
      [Free CSet: 0.3 ms]
   [Eden: 7152.0M(7152.0M)->0.0B(7152.0M) Survivors: 16384.0K->16384.0K Heap: 10665.9M(14336.0M)->3514.9M(14336.0M)]
 [Times: user=0.07 sys=0.00, real=0.01 secs] 
2022-07-27T18:52:56.573-0700: 510148.078: [GC pause (G1 Evacuation Pause) (young) (initial-mark), 0.0152552 secs]
   [Parallel Time: 10.3 ms, GC Workers: 8]
      [GC Worker Start (ms): Min: 510148079.8, Avg: 510148079.9, Max: 510148080.0, Diff: 0.2]
      [Ext Root Scanning (ms): Min: 5.0, Avg: 5.4, Max: 5.8, Diff: 0.8, Sum: 42.8]
      [Update RS (ms): Min: 0.9, Avg: 1.0, Max: 1.3, Diff: 0.4, Sum: 8.0]
         [Processed Buffers: Min: 2, Avg: 5.5, Max: 11, Diff: 9, Sum: 44]
      [Scan RS (ms): Min: 0.0, Avg: 0.1, Max: 0.1, Diff: 0.1, Sum: 0.4]
      [Code Root Scanning (ms): Min: 0.0, Avg: 0.0, Max: 0.0, Diff: 0.0, Sum: 0.0]
      [Object Copy (ms): Min: 1.0, Avg: 1.4, Max: 1.7, Diff: 0.7, Sum: 10.9]
      [Termination (ms): Min: 0.0, Avg: 0.0, Max: 0.0, Diff: 0.0, Sum: 0.1]
         [Termination Attempts: Min: 15, Avg: 20.2, Max: 25, Diff: 10, Sum: 162]
      [GC Worker Other (ms): Min: 0.0, Avg: 0.0, Max: 0.1, Diff: 0.1, Sum: 0.4]
      [GC Worker Total (ms): Min: 7.8, Avg: 7.8, Max: 7.9, Diff: 0.1, Sum: 62.6]
      [GC Worker End (ms): Min: 510148087.7, Avg: 510148087.7, Max: 510148087.8, Diff: 0.1]
   [Code Root Fixup: 0.0 ms]
   [Code Root Purge: 0.0 ms]
   [Clear CT: 0.7 ms]
   [Other: 4.2 ms]
      [Choose CSet: 0.0 ms]
      [Ref Proc: 3.5 ms]
      [Ref Enq: 0.1 ms]
      [Redirty Cards: 0.1 ms]
      [Humongous Register: 0.0 ms]
      [Humongous Reclaim: 0.0 ms]
      [Free CSet: 0.3 ms]
   [Eden: 7152.0M(7152.0M)->0.0B(7152.0M) Survivors: 16384.0K->16384.0K Heap: 10666.9M(14336.0M)->3517.7M(14336.0M)]
 [Times: user=0.06 sys=0.01, real=0.02 secs] 
2022-07-27T18:52:56.588-0700: 510148.093: [GC concurrent-root-region-scan-start]
2022-07-27T18:52:56.596-0700: 510148.101: [GC concurrent-root-region-scan-end, 0.0081560 secs]
2022-07-27T18:52:56.596-0700: 510148.101: [GC concurrent-mark-start]
2022-07-27T18:52:59.269-0700: 510150.774: [GC concurrent-mark-end, 2.6728141 secs]
2022-07-27T18:52:59.270-0700: 510150.774: [GC remark 2022-07-27T18:52:59.270-0700: 510150.774: [Finalize Marking, 0.0002688 secs] 2022-07-27T18:52:59.270-0700: 510150.775: [GC ref-proc, 0.0057706 secs] 2022-07-27T18:52:59.276-0700: 510150.780: [Unloading, 0.0275164 secs], 0.0398951 secs]
 [Times: user=0.25 sys=0.00, real=0.04 secs] 
2022-07-27T18:52:59.310-0700: 510150.815: [GC cleanup 3749M->3749M(14336M), 0.0083415 secs]
 [Times: user=0.06 sys=0.00, real=0.01 secs] 
2022-07-27T18:54:51.422-0700: 510262.926: [GC pause (G1 Evacuation Pause) (young), 0.0105754 secs]
   [Parallel Time: 5.8 ms, GC Workers: 8]
      [GC Worker Start (ms): Min: 510262926.5, Avg: 510262926.6, Max: 510262926.7, Diff: 0.1]
      [Ext Root Scanning (ms): Min: 1.2, Avg: 1.9, Max: 5.5, Diff: 4.3, Sum: 15.6]
      [Update RS (ms): Min: 0.0, Avg: 0.9, Max: 1.4, Diff: 1.4, Sum: 7.6]
         [Processed Buffers: Min: 0, Avg: 4.9, Max: 10, Diff: 10, Sum: 39]
      [Scan RS (ms): Min: 0.0, Avg: 0.1, Max: 0.2, Diff: 0.1, Sum: 0.4]
      [Code Root Scanning (ms): Min: 0.0, Avg: 0.0, Max: 0.0, Diff: 0.0, Sum: 0.0]
      [Object Copy (ms): Min: 0.0, Avg: 1.1, Max: 1.4, Diff: 1.4, Sum: 8.5]
      [Termination (ms): Min: 0.0, Avg: 1.4, Max: 1.7, Diff: 1.7, Sum: 11.5]
         [Termination Attempts: Min: 1, Avg: 3.2, Max: 6, Diff: 5, Sum: 26]
      [GC Worker Other (ms): Min: 0.0, Avg: 0.0, Max: 0.0, Diff: 0.0, Sum: 0.1]
      [GC Worker Total (ms): Min: 5.4, Avg: 5.5, Max: 5.5, Diff: 0.1, Sum: 43.8]
      [GC Worker End (ms): Min: 510262932.1, Avg: 510262932.1, Max: 510262932.1, Diff: 0.0]
   [Code Root Fixup: 0.0 ms]
   [Code Root Purge: 0.0 ms]
   [Clear CT: 0.7 ms]
   [Other: 4.1 ms]
      [Choose CSet: 0.0 ms]
      [Ref Proc: 3.3 ms]
      [Ref Enq: 0.1 ms]
      [Redirty Cards: 0.1 ms]
      [Humongous Register: 0.1 ms]
      [Humongous Reclaim: 0.0 ms]
      [Free CSet: 0.3 ms]
   [Eden: 7152.0M(7152.0M)->0.0B(5712.0M) Survivors: 16384.0K->16384.0K Heap: 10669.7M(14336.0M)->3516.3M(14336.0M)]
 [Times: user=0.06 sys=0.00, real=0.01 secs] 
2022-07-27T18:56:23.015-0700: 510354.520: [GC pause (G1 Evacuation Pause) (mixed), 0.0133028 secs]
   [Parallel Time: 7.7 ms, GC Workers: 8]
      [GC Worker Start (ms): Min: 510354519.9, Avg: 510354520.0, Max: 510354520.1, Diff: 0.1]
      [Ext Root Scanning (ms): Min: 1.4, Avg: 2.3, Max: 7.2, Diff: 5.8, Sum: 18.6]
      [Update RS (ms): Min: 0.0, Avg: 1.4, Max: 1.9, Diff: 1.9, Sum: 11.0]
         [Processed Buffers: Min: 0, Avg: 5.2, Max: 10, Diff: 10, Sum: 42]
      [Scan RS (ms): Min: 0.0, Avg: 0.6, Max: 0.8, Diff: 0.8, Sum: 5.0]
      [Code Root Scanning (ms): Min: 0.0, Avg: 0.0, Max: 0.0, Diff: 0.0, Sum: 0.0]
      [Object Copy (ms): Min: 0.1, Avg: 3.0, Max: 3.5, Diff: 3.3, Sum: 23.7]
      [Termination (ms): Min: 0.0, Avg: 0.0, Max: 0.0, Diff: 0.0, Sum: 0.0]
         [Termination Attempts: Min: 1, Avg: 1.0, Max: 1, Diff: 0, Sum: 8]
      [GC Worker Other (ms): Min: 0.0, Avg: 0.1, Max: 0.1, Diff: 0.0, Sum: 0.4]
      [GC Worker Total (ms): Min: 7.3, Avg: 7.3, Max: 7.4, Diff: 0.1, Sum: 58.8]
      [GC Worker End (ms): Min: 510354527.4, Avg: 510354527.4, Max: 510354527.4, Diff: 0.0]
   [Code Root Fixup: 0.0 ms]
   [Code Root Purge: 0.0 ms]
   [Clear CT: 0.8 ms]
   [Other: 4.8 ms]
      [Choose CSet: 0.0 ms]
      [Ref Proc: 4.1 ms]
      [Ref Enq: 0.1 ms]
      [Redirty Cards: 0.1 ms]
      [Humongous Register: 0.1 ms]
      [Humongous Reclaim: 0.0 ms]
      [Free CSet: 0.2 ms]
   [Eden: 5712.0M(5712.0M)->0.0B(7152.0M) Survivors: 16384.0K->16384.0K Heap: 9228.3M(14336.0M)->3506.1M(14336.0M)]
 [Times: user=0.08 sys=0.00, real=0.01 secs] 
2022-07-27T18:58:19.016-0700: 510470.521: [GC pause (G1 Evacuation Pause) (young), 0.0125613 secs]
   [Parallel Time: 8.2 ms, GC Workers: 8]
      [GC Worker Start (ms): Min: 510470521.4, Avg: 510470521.4, Max: 510470521.5, Diff: 0.1]
      [Ext Root Scanning (ms): Min: 1.4, Avg: 2.3, Max: 6.2, Diff: 4.8, Sum: 18.0]
      [Update RS (ms): Min: 0.2, Avg: 3.7, Max: 4.4, Diff: 4.2, Sum: 29.6]
         [Processed Buffers: Min: 6, Avg: 10.2, Max: 13, Diff: 7, Sum: 82]
      [Scan RS (ms): Min: 0.0, Avg: 0.1, Max: 0.2, Diff: 0.2, Sum: 0.5]
      [Code Root Scanning (ms): Min: 0.0, Avg: 0.0, Max: 0.0, Diff: 0.0, Sum: 0.0]
      [Object Copy (ms): Min: 1.1, Avg: 1.8, Max: 2.0, Diff: 0.9, Sum: 14.2]
      [Termination (ms): Min: 0.0, Avg: 0.0, Max: 0.0, Diff: 0.0, Sum: 0.1]
         [Termination Attempts: Min: 31, Avg: 37.6, Max: 47, Diff: 16, Sum: 301]
      [GC Worker Other (ms): Min: 0.0, Avg: 0.1, Max: 0.2, Diff: 0.1, Sum: 0.6]
      [GC Worker Total (ms): Min: 7.8, Avg: 7.9, Max: 8.0, Diff: 0.2, Sum: 63.0]
      [GC Worker End (ms): Min: 510470529.3, Avg: 510470529.3, Max: 510470529.4, Diff: 0.1]
   [Code Root Fixup: 0.0 ms]
   [Code Root Purge: 0.0 ms]
   [Clear CT: 0.7 ms]
   [Other: 3.6 ms]
      [Choose CSet: 0.0 ms]
      [Ref Proc: 2.9 ms]
      [Ref Enq: 0.1 ms]
      [Redirty Cards: 0.1 ms]
      [Humongous Register: 0.1 ms]
      [Humongous Reclaim: 0.0 ms]
      [Free CSet: 0.3 ms]
   [Eden: 7152.0M(7152.0M)->0.0B(7152.0M) Survivors: 16384.0K->16384.0K Heap: 10658.1M(14336.0M)->3512.6M(14336.0M)]
 [Times: user=0.07 sys=0.00, real=0.01 secs] 
2022-07-27T19:00:15.565-0700: 510587.070: [GC pause (G1 Evacuation Pause) (young) (initial-mark), 0.0165373 secs]
   [Parallel Time: 11.6 ms, GC Workers: 8]
      [GC Worker Start (ms): Min: 510587072.5, Avg: 510587072.6, Max: 510587072.7, Diff: 0.2]
      [Ext Root Scanning (ms): Min: 5.6, Avg: 6.0, Max: 6.3, Diff: 0.7, Sum: 47.9]
      [Update RS (ms): Min: 0.9, Avg: 1.0, Max: 1.2, Diff: 0.3, Sum: 8.4]
         [Processed Buffers: Min: 2, Avg: 5.6, Max: 14, Diff: 12, Sum: 45]
      [Scan RS (ms): Min: 0.0, Avg: 0.1, Max: 0.1, Diff: 0.1, Sum: 0.4]
      [Code Root Scanning (ms): Min: 0.0, Avg: 0.0, Max: 0.0, Diff: 0.0, Sum: 0.0]
      [Object Copy (ms): Min: 1.6, Avg: 1.9, Max: 2.2, Diff: 0.6, Sum: 15.1]
      [Termination (ms): Min: 0.0, Avg: 0.0, Max: 0.0, Diff: 0.0, Sum: 0.1]
         [Termination Attempts: Min: 25, Avg: 34.1, Max: 41, Diff: 16, Sum: 273]
      [GC Worker Other (ms): Min: 0.0, Avg: 0.0, Max: 0.1, Diff: 0.1, Sum: 0.4]
      [GC Worker Total (ms): Min: 8.9, Avg: 9.0, Max: 9.1, Diff: 0.2, Sum: 72.2]
      [GC Worker End (ms): Min: 510587081.6, Avg: 510587081.6, Max: 510587081.7, Diff: 0.1]
   [Code Root Fixup: 0.0 ms]
   [Code Root Purge: 0.0 ms]
   [Clear CT: 0.7 ms]
   [Other: 4.2 ms]
      [Choose CSet: 0.0 ms]
      [Ref Proc: 3.5 ms]
      [Ref Enq: 0.1 ms]
      [Redirty Cards: 0.1 ms]
      [Humongous Register: 0.0 ms]
      [Humongous Reclaim: 0.0 ms]
      [Free CSet: 0.3 ms]
   [Eden: 7152.0M(7152.0M)->0.0B(7152.0M) Survivors: 16384.0K->16384.0K Heap: 10664.6M(14336.0M)->3512.4M(14336.0M)]
 [Times: user=0.07 sys=0.01, real=0.01 secs] 
2022-07-27T19:00:15.582-0700: 510587.087: [GC concurrent-root-region-scan-start]
2022-07-27T19:00:15.592-0700: 510587.097: [GC concurrent-root-region-scan-end, 0.0098030 secs]
2022-07-27T19:00:15.592-0700: 510587.097: [GC concurrent-mark-start]
2022-07-27T19:00:18.206-0700: 510589.711: [GC concurrent-mark-end, 2.6144414 secs]
2022-07-27T19:00:18.207-0700: 510589.711: [GC remark 2022-07-27T19:00:18.207-0700: 510589.712: [Finalize Marking, 0.0002422 secs] 2022-07-27T19:00:18.207-0700: 510589.712: [GC ref-proc, 0.0084089 secs] 2022-07-27T19:00:18.215-0700: 510589.720: [Unloading, 0.0278911 secs], 0.0421168 secs]
 [Times: user=0.26 sys=0.00, real=0.04 secs] 
2022-07-27T19:00:18.249-0700: 510589.754: [GC cleanup 3718M->3718M(14336M), 0.0081693 secs]
 [Times: user=0.06 sys=0.00, real=0.01 secs] 
2022-07-27T19:02:12.669-0700: 510704.174: [GC pause (G1 Evacuation Pause) (young), 0.0092320 secs]
   [Parallel Time: 5.8 ms, GC Workers: 8]
      [GC Worker Start (ms): Min: 510704173.9, Avg: 510704174.0, Max: 510704174.0, Diff: 0.1]
      [Ext Root Scanning (ms): Min: 1.3, Avg: 2.1, Max: 5.7, Diff: 4.4, Sum: 16.9]
      [Update RS (ms): Min: 0.0, Avg: 1.1, Max: 1.6, Diff: 1.6, Sum: 8.6]
         [Processed Buffers: Min: 0, Avg: 5.4, Max: 14, Diff: 14, Sum: 43]
      [Scan RS (ms): Min: 0.0, Avg: 0.1, Max: 0.2, Diff: 0.1, Sum: 0.4]
      [Code Root Scanning (ms): Min: 0.0, Avg: 0.0, Max: 0.0, Diff: 0.0, Sum: 0.0]
      [Object Copy (ms): Min: 0.0, Avg: 1.6, Max: 2.0, Diff: 2.0, Sum: 12.8]
      [Termination (ms): Min: 0.0, Avg: 0.9, Max: 1.0, Diff: 1.0, Sum: 7.0]
         [Termination Attempts: Min: 1, Avg: 17.6, Max: 28, Diff: 27, Sum: 141]
      [GC Worker Other (ms): Min: 0.0, Avg: 0.0, Max: 0.0, Diff: 0.0, Sum: 0.1]
      [GC Worker Total (ms): Min: 5.7, Avg: 5.7, Max: 5.8, Diff: 0.1, Sum: 45.9]
      [GC Worker End (ms): Min: 510704179.7, Avg: 510704179.7, Max: 510704179.7, Diff: 0.0]
   [Code Root Fixup: 0.0 ms]
   [Code Root Purge: 0.0 ms]
   [Clear CT: 0.7 ms]
   [Other: 2.6 ms]
      [Choose CSet: 0.0 ms]
      [Ref Proc: 2.0 ms]
      [Ref Enq: 0.1 ms]
      [Redirty Cards: 0.1 ms]
      [Humongous Register: 0.1 ms]
      [Humongous Reclaim: 0.0 ms]
      [Free CSet: 0.3 ms]
   [Eden: 7152.0M(7152.0M)->0.0B(7152.0M) Survivors: 16384.0K->16384.0K Heap: 10664.4M(14336.0M)->3513.1M(14336.0M)]
 [Times: user=0.05 sys=0.00, real=0.01 secs] 
2022-07-27T19:04:09.212-0700: 510820.717: [GC pause (G1 Evacuation Pause) (young), 0.0092183 secs]
   [Parallel Time: 6.3 ms, GC Workers: 8]
      [GC Worker Start (ms): Min: 510820717.1, Avg: 510820717.2, Max: 510820717.3, Diff: 0.1]
      [Ext Root Scanning (ms): Min: 1.5, Avg: 2.3, Max: 5.9, Diff: 4.5, Sum: 18.3]
      [Update RS (ms): Min: 0.0, Avg: 1.5, Max: 2.2, Diff: 2.2, Sum: 11.7]
         [Processed Buffers: Min: 0, Avg: 5.5, Max: 12, Diff: 12, Sum: 44]
      [Scan RS (ms): Min: 0.0, Avg: 0.1, Max: 0.2, Diff: 0.1, Sum: 0.6]
      [Code Root Scanning (ms): Min: 0.0, Avg: 0.0, Max: 0.0, Diff: 0.0, Sum: 0.0]
      [Object Copy (ms): Min: 0.1, Avg: 2.2, Max: 2.7, Diff: 2.6, Sum: 17.6]
      [Termination (ms): Min: 0.0, Avg: 0.0, Max: 0.1, Diff: 0.1, Sum: 0.2]
         [Termination Attempts: Min: 19, Avg: 24.8, Max: 28, Diff: 9, Sum: 198]
      [GC Worker Other (ms): Min: 0.0, Avg: 0.1, Max: 0.1, Diff: 0.1, Sum: 0.4]
      [GC Worker Total (ms): Min: 6.0, Avg: 6.1, Max: 6.2, Diff: 0.2, Sum: 48.9]
      [GC Worker End (ms): Min: 510820723.3, Avg: 510820723.3, Max: 510820723.4, Diff: 0.1]
   [Code Root Fixup: 0.0 ms]
   [Code Root Purge: 0.0 ms]
   [Clear CT: 0.7 ms]
   [Other: 2.3 ms]
      [Choose CSet: 0.0 ms]
      [Ref Proc: 1.6 ms]
      [Ref Enq: 0.1 ms]
      [Redirty Cards: 0.1 ms]
      [Humongous Register: 0.1 ms]
      [Humongous Reclaim: 0.0 ms]
      [Free CSet: 0.3 ms]
   [Eden: 7152.0M(7152.0M)->0.0B(7152.0M) Survivors: 16384.0K->16384.0K Heap: 10665.1M(14336.0M)->3515.7M(14336.0M)]
 [Times: user=0.06 sys=0.01, real=0.01 secs] 
2022-07-27T19:06:04.612-0700: 510936.116: [GC pause (G1 Evacuation Pause) (young) (initial-mark), 0.0174539 secs]
   [Parallel Time: 12.3 ms, GC Workers: 8]
      [GC Worker Start (ms): Min: 510936118.8, Avg: 510936118.8, Max: 510936118.9, Diff: 0.1]
      [Ext Root Scanning (ms): Min: 6.3, Avg: 6.7, Max: 7.3, Diff: 1.0, Sum: 53.9]
      [Update RS (ms): Min: 1.1, Avg: 1.2, Max: 1.5, Diff: 0.4, Sum: 9.9]
         [Processed Buffers: Min: 2, Avg: 5.0, Max: 17, Diff: 15, Sum: 40]
      [Scan RS (ms): Min: 0.0, Avg: 0.1, Max: 0.1, Diff: 0.1, Sum: 0.5]
      [Code Root Scanning (ms): Min: 0.0, Avg: 0.0, Max: 0.0, Diff: 0.0, Sum: 0.1]
      [Object Copy (ms): Min: 1.3, Avg: 1.8, Max: 2.3, Diff: 1.0, Sum: 14.6]
      [Termination (ms): Min: 0.0, Avg: 0.0, Max: 0.0, Diff: 0.0, Sum: 0.1]
         [Termination Attempts: Min: 17, Avg: 22.8, Max: 29, Diff: 12, Sum: 182]
      [GC Worker Other (ms): Min: 0.0, Avg: 0.1, Max: 0.1, Diff: 0.1, Sum: 0.4]
      [GC Worker Total (ms): Min: 9.9, Avg: 9.9, Max: 10.0, Diff: 0.1, Sum: 79.5]
      [GC Worker End (ms): Min: 510936128.7, Avg: 510936128.8, Max: 510936128.8, Diff: 0.1]
   [Code Root Fixup: 0.0 ms]
   [Code Root Purge: 0.0 ms]
   [Clear CT: 0.7 ms]
   [Other: 4.4 ms]
      [Choose CSet: 0.0 ms]
      [Ref Proc: 3.7 ms]
      [Ref Enq: 0.1 ms]
      [Redirty Cards: 0.1 ms]
      [Humongous Register: 0.0 ms]
      [Humongous Reclaim: 0.0 ms]
      [Free CSet: 0.3 ms]
   [Eden: 7152.0M(7152.0M)->0.0B(7152.0M) Survivors: 16384.0K->16384.0K Heap: 10667.7M(14336.0M)->3513.5M(14336.0M)]
 [Times: user=0.08 sys=0.00, real=0.02 secs] 
2022-07-27T19:06:04.629-0700: 510936.134: [GC concurrent-root-region-scan-start]
2022-07-27T19:06:04.638-0700: 510936.142: [GC concurrent-root-region-scan-end, 0.0082826 secs]
2022-07-27T19:06:04.638-0700: 510936.142: [GC concurrent-mark-start]
2022-07-27T19:06:07.351-0700: 510938.855: [GC concurrent-mark-end, 2.7131647 secs]
2022-07-27T19:06:07.351-0700: 510938.856: [GC remark 2022-07-27T19:06:07.351-0700: 510938.856: [Finalize Marking, 0.0003239 secs] 2022-07-27T19:06:07.351-0700: 510938.856: [GC ref-proc, 0.0080236 secs] 2022-07-27T19:06:07.359-0700: 510938.864: [Unloading, 0.0274140 secs], 0.0414681 secs]
 [Times: user=0.25 sys=0.00, real=0.04 secs] 
2022-07-27T19:06:07.393-0700: 510938.898: [GC cleanup 3697M->3697M(14336M), 0.0081176 secs]
 [Times: user=0.05 sys=0.00, real=0.01 secs] 
2022-07-27T19:07:57.211-0700: 511048.716: [GC pause (G1 Evacuation Pause) (young), 0.0124050 secs]
   [Parallel Time: 6.8 ms, GC Workers: 8]
      [GC Worker Start (ms): Min: 511048716.1, Avg: 511048716.1, Max: 511048716.2, Diff: 0.1]
      [Ext Root Scanning (ms): Min: 1.6, Avg: 2.4, Max: 6.4, Diff: 4.8, Sum: 19.1]
      [Update RS (ms): Min: 0.0, Avg: 1.5, Max: 2.2, Diff: 2.2, Sum: 12.4]
         [Processed Buffers: Min: 0, Avg: 5.6, Max: 11, Diff: 11, Sum: 45]
      [Scan RS (ms): Min: 0.0, Avg: 0.1, Max: 0.2, Diff: 0.2, Sum: 0.5]
      [Code Root Scanning (ms): Min: 0.0, Avg: 0.0, Max: 0.0, Diff: 0.0, Sum: 0.0]
      [Object Copy (ms): Min: 0.0, Avg: 2.2, Max: 2.8, Diff: 2.7, Sum: 17.3]
      [Termination (ms): Min: 0.0, Avg: 0.2, Max: 0.2, Diff: 0.2, Sum: 1.5]
         [Termination Attempts: Min: 1, Avg: 5.4, Max: 8, Diff: 7, Sum: 43]
      [GC Worker Other (ms): Min: 0.0, Avg: 0.0, Max: 0.1, Diff: 0.1, Sum: 0.2]
      [GC Worker Total (ms): Min: 6.3, Avg: 6.4, Max: 6.4, Diff: 0.1, Sum: 51.1]
      [GC Worker End (ms): Min: 511048722.5, Avg: 511048722.5, Max: 511048722.6, Diff: 0.1]
   [Code Root Fixup: 0.0 ms]
   [Code Root Purge: 0.0 ms]
   [Clear CT: 0.7 ms]
   [Other: 4.9 ms]
      [Choose CSet: 0.0 ms]
      [Ref Proc: 4.1 ms]
      [Ref Enq: 0.1 ms]
      [Redirty Cards: 0.1 ms]
      [Humongous Register: 0.1 ms]
      [Humongous Reclaim: 0.0 ms]
      [Free CSet: 0.3 ms]
   [Eden: 7152.0M(7152.0M)->0.0B(7152.0M) Survivors: 16384.0K->16384.0K Heap: 10665.5M(14336.0M)->3516.8M(14336.0M)]
 [Times: user=0.07 sys=0.00, real=0.02 secs] 
2022-07-27T19:09:52.372-0700: 511163.876: [GC pause (G1 Evacuation Pause) (young), 0.0116731 secs]
   [Parallel Time: 5.7 ms, GC Workers: 8]
      [GC Worker Start (ms): Min: 511163876.6, Avg: 511163876.6, Max: 511163876.7, Diff: 0.1]
      [Ext Root Scanning (ms): Min: 1.2, Avg: 2.0, Max: 5.6, Diff: 4.3, Sum: 16.1]
      [Update RS (ms): Min: 0.0, Avg: 1.0, Max: 1.4, Diff: 1.4, Sum: 8.1]
         [Processed Buffers: Min: 0, Avg: 5.1, Max: 14, Diff: 14, Sum: 41]
      [Scan RS (ms): Min: 0.0, Avg: 0.1, Max: 0.2, Diff: 0.1, Sum: 0.4]
      [Code Root Scanning (ms): Min: 0.0, Avg: 0.0, Max: 0.0, Diff: 0.0, Sum: 0.0]
      [Object Copy (ms): Min: 0.0, Avg: 1.6, Max: 1.9, Diff: 1.9, Sum: 12.6]
      [Termination (ms): Min: 0.0, Avg: 0.9, Max: 1.0, Diff: 1.0, Sum: 7.2]
         [Termination Attempts: Min: 1, Avg: 3.1, Max: 6, Diff: 5, Sum: 25]
      [GC Worker Other (ms): Min: 0.0, Avg: 0.0, Max: 0.0, Diff: 0.0, Sum: 0.1]
      [GC Worker Total (ms): Min: 5.5, Avg: 5.6, Max: 5.6, Diff: 0.1, Sum: 44.4]
      [GC Worker End (ms): Min: 511163882.2, Avg: 511163882.2, Max: 511163882.2, Diff: 0.0]
   [Code Root Fixup: 0.0 ms]
   [Code Root Purge: 0.0 ms]
   [Clear CT: 0.8 ms]
   [Other: 5.2 ms]
      [Choose CSet: 0.0 ms]
      [Ref Proc: 4.6 ms]
      [Ref Enq: 0.1 ms]
      [Redirty Cards: 0.1 ms]
      [Humongous Register: 0.1 ms]
      [Humongous Reclaim: 0.0 ms]
      [Free CSet: 0.3 ms]
   [Eden: 7152.0M(7152.0M)->0.0B(7152.0M) Survivors: 16384.0K->16384.0K Heap: 10668.8M(14336.0M)->3516.1M(14336.0M)]
 [Times: user=0.06 sys=0.00, real=0.02 secs] 
2022-07-27T19:11:47.263-0700: 511278.768: [GC pause (G1 Evacuation Pause) (young) (initial-mark), 0.0165412 secs]
   [Parallel Time: 11.3 ms, GC Workers: 8]
      [GC Worker Start (ms): Min: 511278770.4, Avg: 511278770.5, Max: 511278770.6, Diff: 0.2]
      [Ext Root Scanning (ms): Min: 5.6, Avg: 6.0, Max: 6.5, Diff: 1.0, Sum: 48.0]
      [Update RS (ms): Min: 1.0, Avg: 1.1, Max: 1.3, Diff: 0.4, Sum: 9.0]
         [Processed Buffers: Min: 2, Avg: 5.2, Max: 11, Diff: 9, Sum: 42]
      [Scan RS (ms): Min: 0.0, Avg: 0.1, Max: 0.1, Diff: 0.1, Sum: 0.4]
      [Code Root Scanning (ms): Min: 0.0, Avg: 0.0, Max: 0.0, Diff: 0.0, Sum: 0.0]
      [Object Copy (ms): Min: 1.2, Avg: 1.7, Max: 2.1, Diff: 0.9, Sum: 13.8]
      [Termination (ms): Min: 0.0, Avg: 0.0, Max: 0.0, Diff: 0.0, Sum: 0.0]
         [Termination Attempts: Min: 9, Avg: 12.0, Max: 14, Diff: 5, Sum: 96]
      [GC Worker Other (ms): Min: 0.0, Avg: 0.1, Max: 0.1, Diff: 0.1, Sum: 0.6]
      [GC Worker Total (ms): Min: 8.9, Avg: 9.0, Max: 9.1, Diff: 0.2, Sum: 71.8]
      [GC Worker End (ms): Min: 511278779.4, Avg: 511278779.5, Max: 511278779.5, Diff: 0.1]
   [Code Root Fixup: 0.0 ms]
   [Code Root Purge: 0.0 ms]
   [Clear CT: 0.7 ms]
   [Other: 4.5 ms]
      [Choose CSet: 0.0 ms]
      [Ref Proc: 3.8 ms]
      [Ref Enq: 0.1 ms]
      [Redirty Cards: 0.1 ms]
      [Humongous Register: 0.0 ms]
      [Humongous Reclaim: 0.0 ms]
      [Free CSet: 0.3 ms]
   [Eden: 7152.0M(7152.0M)->0.0B(7152.0M) Survivors: 16384.0K->16384.0K Heap: 10668.1M(14336.0M)->3514.6M(14336.0M)]
 [Times: user=0.08 sys=0.00, real=0.01 secs] 
2022-07-27T19:11:47.280-0700: 511278.785: [GC concurrent-root-region-scan-start]
2022-07-27T19:11:47.289-0700: 511278.794: [GC concurrent-root-region-scan-end, 0.0090254 secs]
2022-07-27T19:11:47.289-0700: 511278.794: [GC concurrent-mark-start]
2022-07-27T19:11:49.925-0700: 511281.430: [GC concurrent-mark-end, 2.6356370 secs]
2022-07-27T19:11:49.925-0700: 511281.430: [GC remark 2022-07-27T19:11:49.925-0700: 511281.430: [Finalize Marking, 0.0003624 secs] 2022-07-27T19:11:49.925-0700: 511281.430: [GC ref-proc, 0.0079021 secs] 2022-07-27T19:11:49.933-0700: 511281.438: [Unloading, 0.0269710 secs], 0.0409389 secs]
 [Times: user=0.25 sys=0.00, real=0.04 secs] 
2022-07-27T19:11:49.966-0700: 511281.471: [GC cleanup 3746M->3746M(14336M), 0.0079132 secs]
 [Times: user=0.06 sys=0.00, real=0.00 secs] 
2022-07-27T19:13:40.564-0700: 511392.068: [GC pause (G1 Evacuation Pause) (young), 0.0094158 secs]
   [Parallel Time: 6.0 ms, GC Workers: 8]
      [GC Worker Start (ms): Min: 511392068.5, Avg: 511392068.6, Max: 511392068.7, Diff: 0.1]
      [Ext Root Scanning (ms): Min: 1.7, Avg: 2.9, Max: 5.8, Diff: 4.1, Sum: 23.2]
      [Update RS (ms): Min: 0.0, Avg: 1.1, Max: 1.9, Diff: 1.9, Sum: 8.6]
         [Processed Buffers: Min: 0, Avg: 4.9, Max: 12, Diff: 12, Sum: 39]
      [Scan RS (ms): Min: 0.0, Avg: 0.1, Max: 0.1, Diff: 0.1, Sum: 0.4]
      [Code Root Scanning (ms): Min: 0.0, Avg: 0.0, Max: 0.0, Diff: 0.0, Sum: 0.0]
      [Object Copy (ms): Min: 0.0, Avg: 1.5, Max: 2.3, Diff: 2.3, Sum: 12.2]
      [Termination (ms): Min: 0.0, Avg: 0.2, Max: 0.2, Diff: 0.2, Sum: 1.3]
         [Termination Attempts: Min: 1, Avg: 2.0, Max: 4, Diff: 3, Sum: 16]
      [GC Worker Other (ms): Min: 0.0, Avg: 0.0, Max: 0.0, Diff: 0.0, Sum: 0.1]
      [GC Worker Total (ms): Min: 5.7, Avg: 5.7, Max: 5.8, Diff: 0.1, Sum: 45.9]
      [GC Worker End (ms): Min: 511392074.3, Avg: 511392074.3, Max: 511392074.4, Diff: 0.0]
   [Code Root Fixup: 0.0 ms]
   [Code Root Purge: 0.0 ms]
   [Clear CT: 0.7 ms]
   [Other: 2.7 ms]
      [Choose CSet: 0.0 ms]
      [Ref Proc: 2.0 ms]
      [Ref Enq: 0.1 ms]
      [Redirty Cards: 0.1 ms]
      [Humongous Register: 0.1 ms]
      [Humongous Reclaim: 0.0 ms]
      [Free CSet: 0.3 ms]
   [Eden: 7152.0M(7152.0M)->0.0B(7152.0M) Survivors: 16384.0K->16384.0K Heap: 10666.6M(14336.0M)->3516.9M(14336.0M)]
 [Times: user=0.04 sys=0.01, real=0.00 secs] 
2022-07-27T19:15:33.762-0700: 511505.267: [GC pause (G1 Evacuation Pause) (young), 0.0109399 secs]
   [Parallel Time: 6.1 ms, GC Workers: 8]
      [GC Worker Start (ms): Min: 511505267.4, Avg: 511505267.4, Max: 511505267.5, Diff: 0.1]
      [Ext Root Scanning (ms): Min: 1.3, Avg: 2.1, Max: 5.7, Diff: 4.4, Sum: 16.6]
      [Update RS (ms): Min: 0.0, Avg: 1.3, Max: 1.7, Diff: 1.7, Sum: 10.1]
         [Processed Buffers: Min: 0, Avg: 4.9, Max: 13, Diff: 13, Sum: 39]
      [Scan RS (ms): Min: 0.0, Avg: 0.1, Max: 0.2, Diff: 0.1, Sum: 0.5]
      [Code Root Scanning (ms): Min: 0.0, Avg: 0.0, Max: 0.0, Diff: 0.0, Sum: 0.0]
      [Object Copy (ms): Min: 0.0, Avg: 2.0, Max: 2.4, Diff: 2.4, Sum: 15.8]
      [Termination (ms): Min: 0.0, Avg: 0.3, Max: 0.4, Diff: 0.3, Sum: 2.4]
         [Termination Attempts: Min: 1, Avg: 18.1, Max: 30, Diff: 29, Sum: 145]
      [GC Worker Other (ms): Min: 0.0, Avg: 0.0, Max: 0.1, Diff: 0.0, Sum: 0.2]
      [GC Worker Total (ms): Min: 5.6, Avg: 5.7, Max: 5.8, Diff: 0.1, Sum: 45.7]
      [GC Worker End (ms): Min: 511505273.1, Avg: 511505273.1, Max: 511505273.2, Diff: 0.0]
   [Code Root Fixup: 0.0 ms]
   [Code Root Purge: 0.0 ms]
   [Clear CT: 0.6 ms]
   [Other: 4.3 ms]
      [Choose CSet: 0.0 ms]
      [Ref Proc: 3.6 ms]
      [Ref Enq: 0.1 ms]
      [Redirty Cards: 0.1 ms]
      [Humongous Register: 0.1 ms]
      [Humongous Reclaim: 0.0 ms]
      [Free CSet: 0.3 ms]
   [Eden: 7152.0M(7152.0M)->0.0B(7152.0M) Survivors: 16384.0K->16384.0K Heap: 10668.9M(14336.0M)->3515.2M(14336.0M)]
 [Times: user=0.04 sys=0.02, real=0.01 secs] 
2022-07-27T19:17:27.870-0700: 511619.375: [GC pause (G1 Evacuation Pause) (young) (initial-mark), 0.0156965 secs]
   [Parallel Time: 10.6 ms, GC Workers: 8]
      [GC Worker Start (ms): Min: 511619376.9, Avg: 511619376.9, Max: 511619377.0, Diff: 0.1]
      [Ext Root Scanning (ms): Min: 5.0, Avg: 5.4, Max: 5.9, Diff: 0.9, Sum: 43.4]
      [Update RS (ms): Min: 1.0, Avg: 1.1, Max: 1.5, Diff: 0.5, Sum: 9.2]
         [Processed Buffers: Min: 3, Avg: 5.2, Max: 11, Diff: 8, Sum: 42]
      [Scan RS (ms): Min: 0.0, Avg: 0.1, Max: 0.1, Diff: 0.1, Sum: 0.4]
      [Code Root Scanning (ms): Min: 0.0, Avg: 0.0, Max: 0.0, Diff: 0.0, Sum: 0.0]
      [Object Copy (ms): Min: 1.1, Avg: 1.7, Max: 2.0, Diff: 0.9, Sum: 13.6]
      [Termination (ms): Min: 0.0, Avg: 0.0, Max: 0.0, Diff: 0.0, Sum: 0.0]
         [Termination Attempts: Min: 1, Avg: 2.6, Max: 5, Diff: 4, Sum: 21]
      [GC Worker Other (ms): Min: 0.0, Avg: 0.0, Max: 0.1, Diff: 0.0, Sum: 0.3]
      [GC Worker Total (ms): Min: 8.3, Avg: 8.4, Max: 8.4, Diff: 0.1, Sum: 66.9]
      [GC Worker End (ms): Min: 511619385.3, Avg: 511619385.3, Max: 511619385.3, Diff: 0.1]
   [Code Root Fixup: 0.0 ms]
   [Code Root Purge: 0.0 ms]
   [Clear CT: 0.7 ms]
   [Other: 4.4 ms]
      [Choose CSet: 0.0 ms]
      [Ref Proc: 3.6 ms]
      [Ref Enq: 0.1 ms]
      [Redirty Cards: 0.1 ms]
      [Humongous Register: 0.0 ms]
      [Humongous Reclaim: 0.0 ms]
      [Free CSet: 0.3 ms]
   [Eden: 7152.0M(7152.0M)->0.0B(7152.0M) Survivors: 16384.0K->16384.0K Heap: 10667.2M(14336.0M)->3516.1M(14336.0M)]
 [Times: user=0.07 sys=0.00, real=0.02 secs] 
2022-07-27T19:17:27.886-0700: 511619.391: [GC concurrent-root-region-scan-start]
2022-07-27T19:17:27.895-0700: 511619.400: [GC concurrent-root-region-scan-end, 0.0091066 secs]
2022-07-27T19:17:27.895-0700: 511619.400: [GC concurrent-mark-start]
2022-07-27T19:17:30.472-0700: 511621.977: [GC concurrent-mark-end, 2.5772288 secs]
2022-07-27T19:17:30.472-0700: 511621.977: [GC remark 2022-07-27T19:17:30.473-0700: 511621.977: [Finalize Marking, 0.0002497 secs] 2022-07-27T19:17:30.473-0700: 511621.978: [GC ref-proc, 0.0097369 secs] 2022-07-27T19:17:30.483-0700: 511621.987: [Unloading, 0.0275697 secs], 0.0433706 secs]
 [Times: user=0.26 sys=0.00, real=0.05 secs] 
2022-07-27T19:17:30.516-0700: 511622.021: [GC cleanup 3686M->3686M(14336M), 0.0083446 secs]
 [Times: user=0.06 sys=0.00, real=0.01 secs] 
2022-07-27T19:19:23.614-0700: 511735.118: [GC pause (GCLocker Initiated GC) (young), 0.0111961 secs]
   [Parallel Time: 6.0 ms, GC Workers: 8]
      [GC Worker Start (ms): Min: 511735118.4, Avg: 511735118.5, Max: 511735118.5, Diff: 0.2]
      [Ext Root Scanning (ms): Min: 1.2, Avg: 2.0, Max: 5.7, Diff: 4.5, Sum: 15.9]
      [Update RS (ms): Min: 0.0, Avg: 1.0, Max: 1.7, Diff: 1.7, Sum: 7.7]
         [Processed Buffers: Min: 0, Avg: 5.4, Max: 13, Diff: 13, Sum: 43]
      [Scan RS (ms): Min: 0.0, Avg: 0.1, Max: 0.1, Diff: 0.1, Sum: 0.4]
      [Code Root Scanning (ms): Min: 0.0, Avg: 0.0, Max: 0.0, Diff: 0.0, Sum: 0.0]
      [Object Copy (ms): Min: 0.0, Avg: 2.4, Max: 2.9, Diff: 2.9, Sum: 19.0]
      [Termination (ms): Min: 0.0, Avg: 0.3, Max: 0.3, Diff: 0.3, Sum: 2.0]
         [Termination Attempts: Min: 1, Avg: 1.0, Max: 1, Diff: 0, Sum: 8]
      [GC Worker Other (ms): Min: 0.0, Avg: 0.0, Max: 0.1, Diff: 0.1, Sum: 0.3]
      [GC Worker Total (ms): Min: 5.6, Avg: 5.7, Max: 5.8, Diff: 0.2, Sum: 45.4]
      [GC Worker End (ms): Min: 511735124.1, Avg: 511735124.1, Max: 511735124.2, Diff: 0.1]
   [Code Root Fixup: 0.0 ms]
   [Code Root Purge: 0.0 ms]
   [Clear CT: 0.7 ms]
   [Other: 4.4 ms]
      [Choose CSet: 0.0 ms]
      [Ref Proc: 3.7 ms]
      [Ref Enq: 0.1 ms]
      [Redirty Cards: 0.1 ms]
      [Humongous Register: 0.0 ms]
      [Humongous Reclaim: 0.0 ms]
      [Free CSet: 0.3 ms]
   [Eden: 7168.0M(7152.0M)->0.0B(5712.0M) Survivors: 16384.0K->16384.0K Heap: 10670.4M(14336.0M)->3522.4M(14336.0M)]
 [Times: user=0.06 sys=0.00, real=0.02 secs] 
2022-07-27T19:20:57.211-0700: 511828.716: [GC pause (GCLocker Initiated GC) (mixed), 0.0170409 secs]
   [Parallel Time: 13.5 ms, GC Workers: 8]
      [GC Worker Start (ms): Min: 511828715.8, Avg: 511828715.9, Max: 511828716.0, Diff: 0.2]
      [Ext Root Scanning (ms): Min: 1.2, Avg: 3.5, Max: 12.0, Diff: 10.9, Sum: 27.7]
      [Update RS (ms): Min: 0.0, Avg: 1.0, Max: 1.6, Diff: 1.6, Sum: 7.9]
         [Processed Buffers: Min: 0, Avg: 4.8, Max: 11, Diff: 11, Sum: 38]
      [Scan RS (ms): Min: 0.0, Avg: 0.7, Max: 1.1, Diff: 1.0, Sum: 5.7]
      [Code Root Scanning (ms): Min: 0.0, Avg: 0.0, Max: 0.0, Diff: 0.0, Sum: 0.0]
      [Object Copy (ms): Min: 1.2, Avg: 4.5, Max: 5.6, Diff: 4.4, Sum: 35.9]
      [Termination (ms): Min: 0.1, Avg: 3.7, Max: 5.0, Diff: 4.9, Sum: 29.3]
         [Termination Attempts: Min: 1, Avg: 2.0, Max: 3, Diff: 2, Sum: 16]
      [GC Worker Other (ms): Min: 0.0, Avg: 0.0, Max: 0.0, Diff: 0.0, Sum: 0.2]
      [GC Worker Total (ms): Min: 13.3, Avg: 13.3, Max: 13.4, Diff: 0.1, Sum: 106.6]
      [GC Worker End (ms): Min: 511828729.2, Avg: 511828729.2, Max: 511828729.3, Diff: 0.0]
   [Code Root Fixup: 0.0 ms]
   [Code Root Purge: 0.0 ms]
   [Clear CT: 0.7 ms]
   [Other: 2.8 ms]
      [Choose CSet: 0.0 ms]
      [Ref Proc: 2.2 ms]
      [Ref Enq: 0.1 ms]
      [Redirty Cards: 0.1 ms]
      [Humongous Register: 0.1 ms]
      [Humongous Reclaim: 0.0 ms]
      [Free CSet: 0.2 ms]
   [Eden: 5728.0M(5712.0M)->0.0B(7152.0M) Survivors: 16384.0K->16384.0K Heap: 9234.4M(14336.0M)->3517.3M(14336.0M)]
 [Times: user=0.11 sys=0.00, real=0.02 secs] 
2022-07-27T19:22:52.915-0700: 511944.419: [GC pause (GCLocker Initiated GC) (young), 0.0136257 secs]
   [Parallel Time: 8.0 ms, GC Workers: 8]
      [GC Worker Start (ms): Min: 511944419.6, Avg: 511944419.7, Max: 511944419.7, Diff: 0.1]
      [Ext Root Scanning (ms): Min: 0.8, Avg: 1.5, Max: 4.9, Diff: 4.1, Sum: 12.2]
      [Update RS (ms): Min: 0.0, Avg: 3.2, Max: 3.8, Diff: 3.8, Sum: 25.5]
         [Processed Buffers: Min: 0, Avg: 14.0, Max: 23, Diff: 23, Sum: 112]
      [Scan RS (ms): Min: 0.0, Avg: 0.0, Max: 0.2, Diff: 0.1, Sum: 0.4]
      [Code Root Scanning (ms): Min: 0.0, Avg: 0.0, Max: 0.0, Diff: 0.0, Sum: 0.0]
      [Object Copy (ms): Min: 1.7, Avg: 1.9, Max: 2.0, Diff: 0.3, Sum: 15.5]
      [Termination (ms): Min: 0.0, Avg: 0.0, Max: 0.0, Diff: 0.0, Sum: 0.0]
         [Termination Attempts: Min: 7, Avg: 9.4, Max: 13, Diff: 6, Sum: 75]
      [GC Worker Other (ms): Min: 0.0, Avg: 0.1, Max: 0.1, Diff: 0.1, Sum: 0.4]
      [GC Worker Total (ms): Min: 6.7, Avg: 6.7, Max: 6.8, Diff: 0.2, Sum: 54.0]
      [GC Worker End (ms): Min: 511944426.4, Avg: 511944426.4, Max: 511944426.5, Diff: 0.1]
   [Code Root Fixup: 0.0 ms]
   [Code Root Purge: 0.0 ms]
   [Clear CT: 0.7 ms]
   [Other: 4.9 ms]
      [Choose CSet: 0.0 ms]
      [Ref Proc: 4.2 ms]
      [Ref Enq: 0.1 ms]
      [Redirty Cards: 0.1 ms]
      [Humongous Register: 0.1 ms]
      [Humongous Reclaim: 0.0 ms]
      [Free CSet: 0.3 ms]
   [Eden: 7168.0M(7152.0M)->0.0B(7152.0M) Survivors: 16384.0K->16384.0K Heap: 10677.3M(14336.0M)->3520.5M(14336.0M)]
 [Times: user=0.07 sys=0.00, real=0.01 secs] 
2022-07-27T19:24:51.720-0700: 512063.225: [GC pause (G1 Evacuation Pause) (young) (initial-mark), 0.0162091 secs]
   [Parallel Time: 11.4 ms, GC Workers: 8]
      [GC Worker Start (ms): Min: 512063227.6, Avg: 512063227.6, Max: 512063227.7, Diff: 0.1]
      [Ext Root Scanning (ms): Min: 5.2, Avg: 5.6, Max: 6.1, Diff: 0.9, Sum: 44.6]
      [Update RS (ms): Min: 1.0, Avg: 1.1, Max: 1.3, Diff: 0.3, Sum: 8.9]
         [Processed Buffers: Min: 2, Avg: 5.5, Max: 15, Diff: 13, Sum: 44]
      [Scan RS (ms): Min: 0.0, Avg: 0.1, Max: 0.1, Diff: 0.1, Sum: 0.4]
      [Code Root Scanning (ms): Min: 0.0, Avg: 0.0, Max: 0.0, Diff: 0.0, Sum: 0.0]
      [Object Copy (ms): Min: 1.6, Avg: 2.0, Max: 2.5, Diff: 0.9, Sum: 16.3]
      [Termination (ms): Min: 0.0, Avg: 0.0, Max: 0.1, Diff: 0.1, Sum: 0.3]
         [Termination Attempts: Min: 17, Avg: 30.5, Max: 39, Diff: 22, Sum: 244]
      [GC Worker Other (ms): Min: 0.0, Avg: 0.0, Max: 0.1, Diff: 0.1, Sum: 0.3]
      [GC Worker Total (ms): Min: 8.8, Avg: 8.9, Max: 8.9, Diff: 0.1, Sum: 70.9]
      [GC Worker End (ms): Min: 512063236.5, Avg: 512063236.5, Max: 512063236.5, Diff: 0.1]
   [Code Root Fixup: 0.0 ms]
   [Code Root Purge: 0.0 ms]
   [Clear CT: 0.7 ms]
   [Other: 4.0 ms]
      [Choose CSet: 0.0 ms]
      [Ref Proc: 3.3 ms]
      [Ref Enq: 0.1 ms]
      [Redirty Cards: 0.1 ms]
      [Humongous Register: 0.0 ms]
      [Humongous Reclaim: 0.0 ms]
      [Free CSet: 0.3 ms]
   [Eden: 7152.0M(7152.0M)->0.0B(7152.0M) Survivors: 16384.0K->16384.0K Heap: 10672.5M(14336.0M)->3523.6M(14336.0M)]
 [Times: user=0.07 sys=0.01, real=0.02 secs] 
2022-07-27T19:24:51.737-0700: 512063.242: [GC concurrent-root-region-scan-start]
2022-07-27T19:24:51.746-0700: 512063.250: [GC concurrent-root-region-scan-end, 0.0088450 secs]
2022-07-27T19:24:51.746-0700: 512063.250: [GC concurrent-mark-start]
2022-07-27T19:24:54.421-0700: 512065.926: [GC concurrent-mark-end, 2.6756292 secs]
2022-07-27T19:24:54.422-0700: 512065.926: [GC remark 2022-07-27T19:24:54.422-0700: 512065.926: [Finalize Marking, 0.0002425 secs] 2022-07-27T19:24:54.422-0700: 512065.927: [GC ref-proc, 0.0057956 secs] 2022-07-27T19:24:54.428-0700: 512065.933: [Unloading, 0.0273632 secs], 0.0391793 secs]
 [Times: user=0.25 sys=0.00, real=0.04 secs] 
2022-07-27T19:24:54.461-0700: 512065.966: [GC cleanup 3755M->3755M(14336M), 0.0085818 secs]
 [Times: user=0.06 sys=0.00, real=0.01 secs] 
2022-07-27T19:26:46.761-0700: 512178.266: [GC pause (G1 Evacuation Pause) (young), 0.0115153 secs]
   [Parallel Time: 6.4 ms, GC Workers: 8]
      [GC Worker Start (ms): Min: 512178265.9, Avg: 512178265.9, Max: 512178266.0, Diff: 0.1]
      [Ext Root Scanning (ms): Min: 1.4, Avg: 2.2, Max: 5.8, Diff: 4.4, Sum: 17.7]
      [Update RS (ms): Min: 0.0, Avg: 1.8, Max: 2.5, Diff: 2.5, Sum: 14.6]
         [Processed Buffers: Min: 0, Avg: 6.1, Max: 13, Diff: 13, Sum: 49]
      [Scan RS (ms): Min: 0.0, Avg: 0.1, Max: 0.2, Diff: 0.2, Sum: 0.5]
      [Code Root Scanning (ms): Min: 0.0, Avg: 0.0, Max: 0.0, Diff: 0.0, Sum: 0.0]
      [Object Copy (ms): Min: 0.3, Avg: 2.0, Max: 2.4, Diff: 2.1, Sum: 15.7]
      [Termination (ms): Min: 0.0, Avg: 0.0, Max: 0.0, Diff: 0.0, Sum: 0.1]
         [Termination Attempts: Min: 11, Avg: 18.9, Max: 23, Diff: 12, Sum: 151]
      [GC Worker Other (ms): Min: 0.0, Avg: 0.1, Max: 0.1, Diff: 0.1, Sum: 0.4]
      [GC Worker Total (ms): Min: 6.1, Avg: 6.1, Max: 6.2, Diff: 0.2, Sum: 49.1]
      [GC Worker End (ms): Min: 512178272.0, Avg: 512178272.1, Max: 512178272.1, Diff: 0.1]
   [Code Root Fixup: 0.0 ms]
   [Code Root Purge: 0.0 ms]
   [Clear CT: 0.7 ms]
   [Other: 4.4 ms]
      [Choose CSet: 0.0 ms]
      [Ref Proc: 3.8 ms]
      [Ref Enq: 0.1 ms]
      [Redirty Cards: 0.1 ms]
      [Humongous Register: 0.1 ms]
      [Humongous Reclaim: 0.0 ms]
      [Free CSet: 0.3 ms]
   [Eden: 7152.0M(7152.0M)->0.0B(5712.0M) Survivors: 16384.0K->16384.0K Heap: 10675.6M(14336.0M)->3520.3M(14336.0M)]
 [Times: user=0.07 sys=0.00, real=0.01 secs] 
2022-07-27T19:28:15.931-0700: 512267.436: [GC pause (G1 Evacuation Pause) (mixed), 0.0130035 secs]
   [Parallel Time: 7.7 ms, GC Workers: 8]
      [GC Worker Start (ms): Min: 512267436.3, Avg: 512267436.4, Max: 512267436.4, Diff: 0.1]
      [Ext Root Scanning (ms): Min: 1.1, Avg: 2.1, Max: 6.8, Diff: 5.6, Sum: 16.8]
      [Update RS (ms): Min: 0.0, Avg: 1.1, Max: 1.7, Diff: 1.7, Sum: 8.7]
         [Processed Buffers: Min: 0, Avg: 5.1, Max: 11, Diff: 11, Sum: 41]
      [Scan RS (ms): Min: 0.0, Avg: 0.7, Max: 1.0, Diff: 1.0, Sum: 5.7]
      [Code Root Scanning (ms): Min: 0.0, Avg: 0.0, Max: 0.0, Diff: 0.0, Sum: 0.0]
      [Object Copy (ms): Min: 0.6, Avg: 3.4, Max: 3.9, Diff: 3.3, Sum: 27.3]
      [Termination (ms): Min: 0.0, Avg: 0.0, Max: 0.0, Diff: 0.0, Sum: 0.0]
         [Termination Attempts: Min: 1, Avg: 1.0, Max: 1, Diff: 0, Sum: 8]
      [GC Worker Other (ms): Min: 0.0, Avg: 0.1, Max: 0.1, Diff: 0.1, Sum: 0.5]
      [GC Worker Total (ms): Min: 7.3, Avg: 7.4, Max: 7.5, Diff: 0.2, Sum: 59.0]
      [GC Worker End (ms): Min: 512267443.7, Avg: 512267443.8, Max: 512267443.8, Diff: 0.1]
   [Code Root Fixup: 0.0 ms]
   [Code Root Purge: 0.0 ms]
   [Clear CT: 0.7 ms]
   [Other: 4.6 ms]
      [Choose CSet: 0.0 ms]
      [Ref Proc: 3.9 ms]
      [Ref Enq: 0.1 ms]
      [Redirty Cards: 0.1 ms]
      [Humongous Register: 0.1 ms]
      [Humongous Reclaim: 0.0 ms]
      [Free CSet: 0.2 ms]
   [Eden: 5712.0M(5712.0M)->0.0B(7152.0M) Survivors: 16384.0K->16384.0K Heap: 9232.3M(14336.0M)->3512.7M(14336.0M)]
 [Times: user=0.07 sys=0.00, real=0.02 secs] 
2022-07-27T19:30:09.938-0700: 512381.443: [GC pause (G1 Evacuation Pause) (young), 0.0124756 secs]
   [Parallel Time: 7.1 ms, GC Workers: 8]
      [GC Worker Start (ms): Min: 512381443.0, Avg: 512381443.1, Max: 512381443.1, Diff: 0.1]
      [Ext Root Scanning (ms): Min: 1.2, Avg: 2.0, Max: 5.6, Diff: 4.4, Sum: 15.7]
      [Update RS (ms): Min: 0.0, Avg: 3.3, Max: 4.0, Diff: 4.0, Sum: 26.3]
         [Processed Buffers: Min: 0, Avg: 10.5, Max: 25, Diff: 25, Sum: 84]
      [Scan RS (ms): Min: 0.0, Avg: 0.1, Max: 0.1, Diff: 0.1, Sum: 0.4]
      [Code Root Scanning (ms): Min: 0.0, Avg: 0.0, Max: 0.0, Diff: 0.0, Sum: 0.0]
      [Object Copy (ms): Min: 1.1, Avg: 1.5, Max: 1.6, Diff: 0.5, Sum: 11.7]
      [Termination (ms): Min: 0.0, Avg: 0.0, Max: 0.0, Diff: 0.0, Sum: 0.0]
         [Termination Attempts: Min: 1, Avg: 2.5, Max: 4, Diff: 3, Sum: 20]
      [GC Worker Other (ms): Min: 0.0, Avg: 0.1, Max: 0.1, Diff: 0.1, Sum: 0.4]
      [GC Worker Total (ms): Min: 6.7, Avg: 6.8, Max: 6.9, Diff: 0.2, Sum: 54.5]
      [GC Worker End (ms): Min: 512381449.9, Avg: 512381449.9, Max: 512381449.9, Diff: 0.1]
   [Code Root Fixup: 0.0 ms]
   [Code Root Purge: 0.0 ms]
   [Clear CT: 0.7 ms]
   [Other: 4.6 ms]
      [Choose CSet: 0.0 ms]
      [Ref Proc: 3.9 ms]
      [Ref Enq: 0.1 ms]
      [Redirty Cards: 0.1 ms]
      [Humongous Register: 0.1 ms]
      [Humongous Reclaim: 0.0 ms]
      [Free CSet: 0.3 ms]
   [Eden: 7152.0M(7152.0M)->0.0B(7152.0M) Survivors: 16384.0K->16384.0K Heap: 10664.7M(14336.0M)->3514.9M(14336.0M)]
 [Times: user=0.07 sys=0.00, real=0.01 secs] 
2022-07-27T19:32:05.568-0700: 512497.073: [GC pause (G1 Evacuation Pause) (young) (initial-mark), 0.0161891 secs]
   [Parallel Time: 11.4 ms, GC Workers: 8]
      [GC Worker Start (ms): Min: 512497075.5, Avg: 512497075.6, Max: 512497075.7, Diff: 0.2]
      [Ext Root Scanning (ms): Min: 5.6, Avg: 6.0, Max: 6.5, Diff: 0.9, Sum: 47.9]
      [Update RS (ms): Min: 1.0, Avg: 1.1, Max: 1.4, Diff: 0.4, Sum: 8.9]
         [Processed Buffers: Min: 2, Avg: 5.4, Max: 13, Diff: 11, Sum: 43]
      [Scan RS (ms): Min: 0.0, Avg: 0.1, Max: 0.1, Diff: 0.1, Sum: 0.4]
      [Code Root Scanning (ms): Min: 0.0, Avg: 0.0, Max: 0.0, Diff: 0.0, Sum: 0.0]
      [Object Copy (ms): Min: 1.1, Avg: 1.6, Max: 2.0, Diff: 0.9, Sum: 13.0]
      [Termination (ms): Min: 0.0, Avg: 0.0, Max: 0.0, Diff: 0.0, Sum: 0.1]
         [Termination Attempts: Min: 12, Avg: 18.0, Max: 23, Diff: 11, Sum: 144]
      [GC Worker Other (ms): Min: 0.0, Avg: 0.0, Max: 0.1, Diff: 0.1, Sum: 0.3]
      [GC Worker Total (ms): Min: 8.7, Avg: 8.8, Max: 8.9, Diff: 0.2, Sum: 70.7]
      [GC Worker End (ms): Min: 512497084.4, Avg: 512497084.5, Max: 512497084.5, Diff: 0.1]
   [Code Root Fixup: 0.0 ms]
   [Code Root Purge: 0.0 ms]
   [Clear CT: 0.7 ms]
   [Other: 4.1 ms]
      [Choose CSet: 0.0 ms]
      [Ref Proc: 3.3 ms]
      [Ref Enq: 0.1 ms]
      [Redirty Cards: 0.1 ms]
      [Humongous Register: 0.0 ms]
      [Humongous Reclaim: 0.0 ms]
      [Free CSet: 0.3 ms]
   [Eden: 7152.0M(7152.0M)->0.0B(7152.0M) Survivors: 16384.0K->16384.0K Heap: 10666.9M(14336.0M)->3516.4M(14336.0M)]
 [Times: user=0.07 sys=0.01, real=0.02 secs] 
2022-07-27T19:32:05.585-0700: 512497.089: [GC concurrent-root-region-scan-start]
2022-07-27T19:32:05.593-0700: 512497.098: [GC concurrent-root-region-scan-end, 0.0083937 secs]
2022-07-27T19:32:05.593-0700: 512497.098: [GC concurrent-mark-start]
2022-07-27T19:32:08.184-0700: 512499.689: [GC concurrent-mark-end, 2.5909436 secs]
2022-07-27T19:32:08.184-0700: 512499.689: [GC remark 2022-07-27T19:32:08.184-0700: 512499.689: [Finalize Marking, 0.0001338 secs] 2022-07-27T19:32:08.185-0700: 512499.689: [GC ref-proc, 0.0059339 secs] 2022-07-27T19:32:08.190-0700: 512499.695: [Unloading, 0.0270339 secs], 0.0387612 secs]
 [Times: user=0.25 sys=0.00, real=0.04 secs] 
2022-07-27T19:32:08.223-0700: 512499.728: [GC cleanup 3692M->3692M(14336M), 0.0087176 secs]
 [Times: user=0.06 sys=0.00, real=0.00 secs] 
2022-07-27T19:33:59.072-0700: 512610.577: [GC pause (G1 Evacuation Pause) (young), 0.0117259 secs]
   [Parallel Time: 5.5 ms, GC Workers: 8]
      [GC Worker Start (ms): Min: 512610576.9, Avg: 512610577.0, Max: 512610577.1, Diff: 0.1]
      [Ext Root Scanning (ms): Min: 1.2, Avg: 1.9, Max: 5.4, Diff: 4.3, Sum: 15.3]
      [Update RS (ms): Min: 0.0, Avg: 1.0, Max: 1.7, Diff: 1.7, Sum: 8.3]
         [Processed Buffers: Min: 0, Avg: 5.2, Max: 16, Diff: 16, Sum: 42]
      [Scan RS (ms): Min: 0.0, Avg: 0.1, Max: 0.2, Diff: 0.1, Sum: 0.4]
      [Code Root Scanning (ms): Min: 0.0, Avg: 0.0, Max: 0.0, Diff: 0.0, Sum: 0.0]
      [Object Copy (ms): Min: 0.0, Avg: 1.5, Max: 1.9, Diff: 1.9, Sum: 12.1]
      [Termination (ms): Min: 0.0, Avg: 0.9, Max: 1.0, Diff: 1.0, Sum: 7.0]
         [Termination Attempts: Min: 1, Avg: 5.9, Max: 13, Diff: 12, Sum: 47]
      [GC Worker Other (ms): Min: 0.0, Avg: 0.0, Max: 0.0, Diff: 0.0, Sum: 0.1]
      [GC Worker Total (ms): Min: 5.3, Avg: 5.4, Max: 5.5, Diff: 0.1, Sum: 43.2]
      [GC Worker End (ms): Min: 512610582.4, Avg: 512610582.4, Max: 512610582.4, Diff: 0.0]
   [Code Root Fixup: 0.0 ms]
   [Code Root Purge: 0.0 ms]
   [Clear CT: 0.8 ms]
   [Other: 5.4 ms]
      [Choose CSet: 0.0 ms]
      [Ref Proc: 4.7 ms]
      [Ref Enq: 0.2 ms]
      [Redirty Cards: 0.1 ms]
      [Humongous Register: 0.1 ms]
      [Humongous Reclaim: 0.0 ms]
      [Free CSet: 0.3 ms]
   [Eden: 7152.0M(7152.0M)->0.0B(5712.0M) Survivors: 16384.0K->16384.0K Heap: 10668.4M(14336.0M)->3518.9M(14336.0M)]
 [Times: user=0.06 sys=0.00, real=0.02 secs] 
2022-07-27T19:35:27.464-0700: 512698.968: [GC pause (G1 Evacuation Pause) (mixed), 0.0137720 secs]
   [Parallel Time: 9.0 ms, GC Workers: 8]
      [GC Worker Start (ms): Min: 512698968.5, Avg: 512698968.6, Max: 512698968.6, Diff: 0.2]
      [Ext Root Scanning (ms): Min: 1.3, Avg: 2.3, Max: 7.3, Diff: 5.9, Sum: 18.5]
      [Update RS (ms): Min: 0.0, Avg: 1.2, Max: 1.9, Diff: 1.9, Sum: 9.7]
         [Processed Buffers: Min: 0, Avg: 4.5, Max: 13, Diff: 13, Sum: 36]
      [Scan RS (ms): Min: 0.0, Avg: 1.0, Max: 1.2, Diff: 1.2, Sum: 7.7]
      [Code Root Scanning (ms): Min: 0.0, Avg: 0.0, Max: 0.0, Diff: 0.0, Sum: 0.0]
      [Object Copy (ms): Min: 1.4, Avg: 4.1, Max: 4.6, Diff: 3.2, Sum: 33.0]
      [Termination (ms): Min: 0.0, Avg: 0.0, Max: 0.0, Diff: 0.0, Sum: 0.0]
         [Termination Attempts: Min: 1, Avg: 1.1, Max: 2, Diff: 1, Sum: 9]
      [GC Worker Other (ms): Min: 0.0, Avg: 0.1, Max: 0.1, Diff: 0.1, Sum: 0.6]
      [GC Worker Total (ms): Min: 8.5, Avg: 8.7, Max: 8.8, Diff: 0.2, Sum: 69.4]
      [GC Worker End (ms): Min: 512698977.2, Avg: 512698977.2, Max: 512698977.3, Diff: 0.1]
   [Code Root Fixup: 0.0 ms]
   [Code Root Purge: 0.0 ms]
   [Clear CT: 0.7 ms]
   [Other: 4.0 ms]
      [Choose CSet: 0.0 ms]
      [Ref Proc: 3.5 ms]
      [Ref Enq: 0.1 ms]
      [Redirty Cards: 0.0 ms]
      [Humongous Register: 0.1 ms]
      [Humongous Reclaim: 0.0 ms]
      [Free CSet: 0.2 ms]
   [Eden: 5712.0M(5712.0M)->0.0B(7152.0M) Survivors: 16384.0K->16384.0K Heap: 9230.9M(14336.0M)->3506.7M(14336.0M)]
 [Times: user=0.09 sys=0.00, real=0.01 secs] 
2022-07-27T19:37:18.768-0700: 512810.273: [GC pause (G1 Evacuation Pause) (young), 0.0125892 secs]
   [Parallel Time: 7.6 ms, GC Workers: 8]
      [GC Worker Start (ms): Min: 512810272.7, Avg: 512810272.8, Max: 512810272.8, Diff: 0.2]
      [Ext Root Scanning (ms): Min: 1.4, Avg: 2.1, Max: 5.3, Diff: 4.0, Sum: 17.0]
      [Update RS (ms): Min: 0.5, Avg: 3.4, Max: 4.8, Diff: 4.3, Sum: 27.3]
         [Processed Buffers: Min: 1, Avg: 11.0, Max: 18, Diff: 17, Sum: 88]
      [Scan RS (ms): Min: 0.0, Avg: 0.1, Max: 0.1, Diff: 0.1, Sum: 0.4]
      [Code Root Scanning (ms): Min: 0.0, Avg: 0.0, Max: 0.0, Diff: 0.0, Sum: 0.0]
      [Object Copy (ms): Min: 0.9, Avg: 1.6, Max: 1.9, Diff: 1.0, Sum: 12.6]
      [Termination (ms): Min: 0.0, Avg: 0.1, Max: 0.1, Diff: 0.1, Sum: 0.7]
         [Termination Attempts: Min: 1, Avg: 15.8, Max: 22, Diff: 21, Sum: 126]
      [GC Worker Other (ms): Min: 0.0, Avg: 0.0, Max: 0.1, Diff: 0.0, Sum: 0.3]
      [GC Worker Total (ms): Min: 7.2, Avg: 7.3, Max: 7.4, Diff: 0.2, Sum: 58.2]
      [GC Worker End (ms): Min: 512810280.0, Avg: 512810280.1, Max: 512810280.1, Diff: 0.0]
   [Code Root Fixup: 0.0 ms]
   [Code Root Purge: 0.0 ms]
   [Clear CT: 0.8 ms]
   [Other: 4.2 ms]
      [Choose CSet: 0.0 ms]
      [Ref Proc: 3.6 ms]
      [Ref Enq: 0.1 ms]
      [Redirty Cards: 0.1 ms]
      [Humongous Register: 0.1 ms]
      [Humongous Reclaim: 0.0 ms]
      [Free CSet: 0.3 ms]
   [Eden: 7152.0M(7152.0M)->0.0B(7152.0M) Survivors: 16384.0K->16384.0K Heap: 10658.7M(14336.0M)->3511.6M(14336.0M)]
 [Times: user=0.07 sys=0.01, real=0.01 secs] 
2022-07-27T19:39:10.964-0700: 512922.468: [GC pause (G1 Evacuation Pause) (young) (initial-mark), 0.0164605 secs]
   [Parallel Time: 11.1 ms, GC Workers: 8]
      [GC Worker Start (ms): Min: 512922470.3, Avg: 512922470.3, Max: 512922470.4, Diff: 0.1]
      [Ext Root Scanning (ms): Min: 5.4, Avg: 5.8, Max: 6.2, Diff: 0.8, Sum: 46.0]
      [Update RS (ms): Min: 0.9, Avg: 1.1, Max: 1.4, Diff: 0.5, Sum: 8.9]
         [Processed Buffers: Min: 2, Avg: 5.4, Max: 15, Diff: 13, Sum: 43]
      [Scan RS (ms): Min: 0.0, Avg: 0.1, Max: 0.1, Diff: 0.1, Sum: 0.5]
      [Code Root Scanning (ms): Min: 0.0, Avg: 0.0, Max: 0.0, Diff: 0.0, Sum: 0.0]
      [Object Copy (ms): Min: 1.8, Avg: 2.2, Max: 2.7, Diff: 0.9, Sum: 17.9]
      [Termination (ms): Min: 0.0, Avg: 0.0, Max: 0.0, Diff: 0.0, Sum: 0.0]
         [Termination Attempts: Min: 1, Avg: 2.6, Max: 4, Diff: 3, Sum: 21]
      [GC Worker Other (ms): Min: 0.0, Avg: 0.0, Max: 0.1, Diff: 0.1, Sum: 0.3]
      [GC Worker Total (ms): Min: 9.1, Avg: 9.2, Max: 9.2, Diff: 0.1, Sum: 73.6]
      [GC Worker End (ms): Min: 512922479.5, Avg: 512922479.5, Max: 512922479.5, Diff: 0.1]
   [Code Root Fixup: 0.0 ms]
   [Code Root Purge: 0.0 ms]
   [Clear CT: 0.7 ms]
   [Other: 4.6 ms]
      [Choose CSet: 0.0 ms]
      [Ref Proc: 3.8 ms]
      [Ref Enq: 0.2 ms]
      [Redirty Cards: 0.1 ms]
      [Humongous Register: 0.0 ms]
      [Humongous Reclaim: 0.0 ms]
      [Free CSet: 0.3 ms]
   [Eden: 7152.0M(7152.0M)->0.0B(7152.0M) Survivors: 16384.0K->16384.0K Heap: 10663.6M(14336.0M)->3515.3M(14336.0M)]
 [Times: user=0.08 sys=0.00, real=0.01 secs] 
2022-07-27T19:39:10.980-0700: 512922.485: [GC concurrent-root-region-scan-start]
2022-07-27T19:39:10.993-0700: 512922.498: [GC concurrent-root-region-scan-end, 0.0127303 secs]
2022-07-27T19:39:10.993-0700: 512922.498: [GC concurrent-mark-start]
2022-07-27T19:39:13.595-0700: 512925.100: [GC concurrent-mark-end, 2.6019081 secs]
2022-07-27T19:39:13.595-0700: 512925.100: [GC remark 2022-07-27T19:39:13.595-0700: 512925.100: [Finalize Marking, 0.0001990 secs] 2022-07-27T19:39:13.596-0700: 512925.100: [GC ref-proc, 0.0119073 secs] 2022-07-27T19:39:13.607-0700: 512925.112: [Unloading, 0.0276930 secs], 0.0454332 secs]
 [Times: user=0.26 sys=0.00, real=0.04 secs] 
2022-07-27T19:39:13.641-0700: 512925.146: [GC cleanup 3689M->3689M(14336M), 0.0083979 secs]
 [Times: user=0.06 sys=0.00, real=0.01 secs] 
2022-07-27T19:41:05.511-0700: 513037.016: [GC pause (G1 Evacuation Pause) (young), 0.0099170 secs]
   [Parallel Time: 6.2 ms, GC Workers: 8]
      [GC Worker Start (ms): Min: 513037015.9, Avg: 513037015.9, Max: 513037016.0, Diff: 0.1]
      [Ext Root Scanning (ms): Min: 1.4, Avg: 2.2, Max: 6.1, Diff: 4.6, Sum: 17.9]
      [Update RS (ms): Min: 0.0, Avg: 1.4, Max: 2.1, Diff: 2.1, Sum: 11.4]
         [Processed Buffers: Min: 0, Avg: 5.2, Max: 15, Diff: 15, Sum: 42]
      [Scan RS (ms): Min: 0.0, Avg: 0.1, Max: 0.1, Diff: 0.1, Sum: 0.5]
      [Code Root Scanning (ms): Min: 0.0, Avg: 0.0, Max: 0.0, Diff: 0.0, Sum: 0.0]
      [Object Copy (ms): Min: 0.0, Avg: 2.0, Max: 2.4, Diff: 2.4, Sum: 16.1]
      [Termination (ms): Min: 0.0, Avg: 0.3, Max: 0.4, Diff: 0.4, Sum: 2.8]
         [Termination Attempts: Min: 1, Avg: 1.0, Max: 1, Diff: 0, Sum: 8]
      [GC Worker Other (ms): Min: 0.0, Avg: 0.0, Max: 0.0, Diff: 0.0, Sum: 0.2]
      [GC Worker Total (ms): Min: 6.0, Avg: 6.1, Max: 6.2, Diff: 0.1, Sum: 48.8]
      [GC Worker End (ms): Min: 513037022.0, Avg: 513037022.0, Max: 513037022.1, Diff: 0.1]
   [Code Root Fixup: 0.0 ms]
   [Code Root Purge: 0.0 ms]
   [Clear CT: 0.7 ms]
   [Other: 3.0 ms]
      [Choose CSet: 0.0 ms]
      [Ref Proc: 2.2 ms]
      [Ref Enq: 0.1 ms]
      [Redirty Cards: 0.1 ms]
      [Humongous Register: 0.1 ms]
      [Humongous Reclaim: 0.0 ms]
      [Free CSet: 0.3 ms]
   [Eden: 7152.0M(7152.0M)->0.0B(7152.0M) Survivors: 16384.0K->16384.0K Heap: 10667.3M(14336.0M)->3512.8M(14336.0M)]
 [Times: user=0.05 sys=0.01, real=0.01 secs] 
2022-07-27T19:42:58.265-0700: 513149.770: [GC pause (G1 Evacuation Pause) (young), 0.0109147 secs]
   [Parallel Time: 5.8 ms, GC Workers: 8]
      [GC Worker Start (ms): Min: 513149769.9, Avg: 513149770.0, Max: 513149770.0, Diff: 0.2]
      [Ext Root Scanning (ms): Min: 1.4, Avg: 2.1, Max: 5.5, Diff: 4.1, Sum: 17.0]
      [Update RS (ms): Min: 0.0, Avg: 1.1, Max: 1.5, Diff: 1.5, Sum: 8.8]
         [Processed Buffers: Min: 0, Avg: 5.5, Max: 20, Diff: 20, Sum: 44]
      [Scan RS (ms): Min: 0.0, Avg: 0.1, Max: 0.1, Diff: 0.1, Sum: 0.4]
      [Code Root Scanning (ms): Min: 0.0, Avg: 0.0, Max: 0.0, Diff: 0.0, Sum: 0.0]
      [Object Copy (ms): Min: 0.0, Avg: 1.8, Max: 2.2, Diff: 2.2, Sum: 14.6]
      [Termination (ms): Min: 0.0, Avg: 0.3, Max: 0.4, Diff: 0.4, Sum: 2.6]
         [Termination Attempts: Min: 1, Avg: 28.2, Max: 37, Diff: 36, Sum: 226]
      [GC Worker Other (ms): Min: 0.0, Avg: 0.0, Max: 0.1, Diff: 0.0, Sum: 0.2]
      [GC Worker Total (ms): Min: 5.4, Avg: 5.4, Max: 5.5, Diff: 0.1, Sum: 43.6]
      [GC Worker End (ms): Min: 513149775.4, Avg: 513149775.4, Max: 513149775.4, Diff: 0.0]
   [Code Root Fixup: 0.0 ms]
   [Code Root Purge: 0.0 ms]
   [Clear CT: 0.6 ms]
   [Other: 4.5 ms]
      [Choose CSet: 0.0 ms]
      [Ref Proc: 3.8 ms]
      [Ref Enq: 0.1 ms]
      [Redirty Cards: 0.1 ms]
      [Humongous Register: 0.1 ms]
      [Humongous Reclaim: 0.0 ms]
      [Free CSet: 0.3 ms]
   [Eden: 7152.0M(7152.0M)->0.0B(7152.0M) Survivors: 16384.0K->16384.0K Heap: 10664.8M(14336.0M)->3516.3M(14336.0M)]
 [Times: user=0.06 sys=0.00, real=0.01 secs] 
2022-07-27T19:44:51.967-0700: 513263.471: [GC pause (G1 Evacuation Pause) (young) (initial-mark), 0.0168620 secs]
   [Parallel Time: 11.6 ms, GC Workers: 8]
      [GC Worker Start (ms): Min: 513263473.8, Avg: 513263473.9, Max: 513263474.0, Diff: 0.1]
      [Ext Root Scanning (ms): Min: 5.9, Avg: 6.1, Max: 6.6, Diff: 0.7, Sum: 49.1]
      [Update RS (ms): Min: 0.9, Avg: 1.0, Max: 1.2, Diff: 0.3, Sum: 8.2]
         [Processed Buffers: Min: 2, Avg: 5.1, Max: 14, Diff: 12, Sum: 41]
      [Scan RS (ms): Min: 0.0, Avg: 0.1, Max: 0.1, Diff: 0.1, Sum: 0.4]
      [Code Root Scanning (ms): Min: 0.0, Avg: 0.0, Max: 0.0, Diff: 0.0, Sum: 0.0]
      [Object Copy (ms): Min: 1.6, Avg: 2.0, Max: 2.3, Diff: 0.7, Sum: 15.6]
      [Termination (ms): Min: 0.0, Avg: 0.0, Max: 0.0, Diff: 0.0, Sum: 0.1]
         [Termination Attempts: Min: 22, Avg: 30.8, Max: 43, Diff: 21, Sum: 246]
      [GC Worker Other (ms): Min: 0.0, Avg: 0.1, Max: 0.1, Diff: 0.1, Sum: 0.4]
      [GC Worker Total (ms): Min: 9.2, Avg: 9.2, Max: 9.3, Diff: 0.1, Sum: 73.9]
      [GC Worker End (ms): Min: 513263483.1, Avg: 513263483.1, Max: 513263483.2, Diff: 0.1]
   [Code Root Fixup: 0.0 ms]
   [Code Root Purge: 0.0 ms]
   [Clear CT: 0.8 ms]
   [Other: 4.4 ms]
      [Choose CSet: 0.0 ms]
      [Ref Proc: 3.7 ms]
      [Ref Enq: 0.1 ms]
      [Redirty Cards: 0.1 ms]
      [Humongous Register: 0.0 ms]
      [Humongous Reclaim: 0.0 ms]
      [Free CSet: 0.3 ms]
   [Eden: 7152.0M(7152.0M)->0.0B(7152.0M) Survivors: 16384.0K->16384.0K Heap: 10668.3M(14336.0M)->3514.3M(14336.0M)]
 [Times: user=0.08 sys=0.00, real=0.02 secs] 
2022-07-27T19:44:51.984-0700: 513263.488: [GC concurrent-root-region-scan-start]
2022-07-27T19:44:51.992-0700: 513263.497: [GC concurrent-root-region-scan-end, 0.0087098 secs]
2022-07-27T19:44:51.992-0700: 513263.497: [GC concurrent-mark-start]
2022-07-27T19:44:54.601-0700: 513266.106: [GC concurrent-mark-end, 2.6087726 secs]
2022-07-27T19:44:54.602-0700: 513266.106: [GC remark 2022-07-27T19:44:54.602-0700: 513266.106: [Finalize Marking, 0.0002718 secs] 2022-07-27T19:44:54.602-0700: 513266.107: [GC ref-proc, 0.0100416 secs] 2022-07-27T19:44:54.612-0700: 513266.117: [Unloading, 0.0275223 secs], 0.0436826 secs]
 [Times: user=0.25 sys=0.00, real=0.05 secs] 
2022-07-27T19:44:54.646-0700: 513266.150: [GC cleanup 3722M->3722M(14336M), 0.0084114 secs]
 [Times: user=0.06 sys=0.00, real=0.00 secs] 
2022-07-27T19:46:44.938-0700: 513376.443: [GC pause (G1 Evacuation Pause) (young), 0.0099010 secs]
   [Parallel Time: 5.5 ms, GC Workers: 8]
      [GC Worker Start (ms): Min: 513376442.7, Avg: 513376442.7, Max: 513376442.8, Diff: 0.1]
      [Ext Root Scanning (ms): Min: 1.0, Avg: 1.7, Max: 5.2, Diff: 4.2, Sum: 13.8]
      [Update RS (ms): Min: 0.0, Avg: 1.1, Max: 1.5, Diff: 1.5, Sum: 8.6]
         [Processed Buffers: Min: 0, Avg: 5.8, Max: 10, Diff: 10, Sum: 46]
      [Scan RS (ms): Min: 0.0, Avg: 0.1, Max: 0.1, Diff: 0.1, Sum: 0.4]
      [Code Root Scanning (ms): Min: 0.0, Avg: 0.0, Max: 0.0, Diff: 0.0, Sum: 0.0]
      [Object Copy (ms): Min: 0.0, Avg: 1.4, Max: 1.6, Diff: 1.6, Sum: 10.9]
      [Termination (ms): Min: 0.0, Avg: 1.0, Max: 1.1, Diff: 1.1, Sum: 7.6]
         [Termination Attempts: Min: 1, Avg: 25.9, Max: 37, Diff: 36, Sum: 207]
      [GC Worker Other (ms): Min: 0.0, Avg: 0.0, Max: 0.0, Diff: 0.0, Sum: 0.1]
      [GC Worker Total (ms): Min: 5.1, Avg: 5.2, Max: 5.2, Diff: 0.1, Sum: 41.4]
      [GC Worker End (ms): Min: 513376447.9, Avg: 513376447.9, Max: 513376448.0, Diff: 0.0]
   [Code Root Fixup: 0.0 ms]
   [Code Root Purge: 0.0 ms]
   [Clear CT: 0.7 ms]
   [Other: 3.7 ms]
      [Choose CSet: 0.0 ms]
      [Ref Proc: 2.9 ms]
      [Ref Enq: 0.1 ms]
      [Redirty Cards: 0.1 ms]
      [Humongous Register: 0.1 ms]
      [Humongous Reclaim: 0.0 ms]
      [Free CSet: 0.3 ms]
   [Eden: 7152.0M(7152.0M)->0.0B(7152.0M) Survivors: 16384.0K->16384.0K Heap: 10666.3M(14336.0M)->3515.0M(14336.0M)]
 [Times: user=0.05 sys=0.00, real=0.01 secs] 
2022-07-27T19:48:34.929-0700: 513486.434: [GC pause (G1 Evacuation Pause) (young), 0.0090999 secs]
   [Parallel Time: 6.0 ms, GC Workers: 8]
      [GC Worker Start (ms): Min: 513486433.9, Avg: 513486434.0, Max: 513486434.1, Diff: 0.1]
      [Ext Root Scanning (ms): Min: 1.1, Avg: 1.9, Max: 5.8, Diff: 4.7, Sum: 15.3]
      [Update RS (ms): Min: 0.0, Avg: 1.0, Max: 1.6, Diff: 1.6, Sum: 8.1]
         [Processed Buffers: Min: 0, Avg: 5.6, Max: 10, Diff: 10, Sum: 45]
      [Scan RS (ms): Min: 0.0, Avg: 0.1, Max: 0.1, Diff: 0.1, Sum: 0.4]
      [Code Root Scanning (ms): Min: 0.0, Avg: 0.0, Max: 0.0, Diff: 0.0, Sum: 0.0]
      [Object Copy (ms): Min: 0.0, Avg: 1.5, Max: 1.9, Diff: 1.9, Sum: 12.4]
      [Termination (ms): Min: 0.0, Avg: 1.2, Max: 1.4, Diff: 1.4, Sum: 9.7]
         [Termination Attempts: Min: 1, Avg: 22.4, Max: 35, Diff: 34, Sum: 179]
      [GC Worker Other (ms): Min: 0.0, Avg: 0.0, Max: 0.1, Diff: 0.1, Sum: 0.3]
      [GC Worker Total (ms): Min: 5.7, Avg: 5.8, Max: 5.8, Diff: 0.1, Sum: 46.2]
      [GC Worker End (ms): Min: 513486439.8, Avg: 513486439.8, Max: 513486439.8, Diff: 0.1]
   [Code Root Fixup: 0.0 ms]
   [Code Root Purge: 0.0 ms]
   [Clear CT: 0.7 ms]
   [Other: 2.4 ms]
      [Choose CSet: 0.0 ms]
      [Ref Proc: 1.7 ms]
      [Ref Enq: 0.1 ms]
      [Redirty Cards: 0.1 ms]
      [Humongous Register: 0.1 ms]
      [Humongous Reclaim: 0.0 ms]
      [Free CSet: 0.3 ms]
   [Eden: 7152.0M(7152.0M)->0.0B(7152.0M) Survivors: 16384.0K->16384.0K Heap: 10667.0M(14336.0M)->3518.0M(14336.0M)]
 [Times: user=0.06 sys=0.00, real=0.01 secs] 
2022-07-27T19:50:26.468-0700: 513597.972: [GC pause (G1 Evacuation Pause) (young) (initial-mark), 0.0135327 secs]
   [Parallel Time: 10.3 ms, GC Workers: 8]
      [GC Worker Start (ms): Min: 513597974.3, Avg: 513597974.4, Max: 513597974.4, Diff: 0.1]
      [Ext Root Scanning (ms): Min: 5.1, Avg: 5.5, Max: 6.0, Diff: 0.9, Sum: 43.8]
      [Update RS (ms): Min: 0.9, Avg: 1.0, Max: 1.2, Diff: 0.3, Sum: 8.4]
         [Processed Buffers: Min: 2, Avg: 5.1, Max: 7, Diff: 5, Sum: 41]
      [Scan RS (ms): Min: 0.0, Avg: 0.1, Max: 0.1, Diff: 0.1, Sum: 0.4]
      [Code Root Scanning (ms): Min: 0.0, Avg: 0.0, Max: 0.0, Diff: 0.0, Sum: 0.0]
      [Object Copy (ms): Min: 1.3, Avg: 1.8, Max: 2.2, Diff: 0.8, Sum: 14.0]
      [Termination (ms): Min: 0.0, Avg: 0.0, Max: 0.0, Diff: 0.0, Sum: 0.1]
         [Termination Attempts: Min: 21, Avg: 24.0, Max: 28, Diff: 7, Sum: 192]
      [GC Worker Other (ms): Min: 0.0, Avg: 0.1, Max: 0.1, Diff: 0.1, Sum: 0.4]
      [GC Worker Total (ms): Min: 8.3, Avg: 8.4, Max: 8.5, Diff: 0.1, Sum: 67.1]
      [GC Worker End (ms): Min: 513597982.7, Avg: 513597982.8, Max: 513597982.8, Diff: 0.1]
   [Code Root Fixup: 0.0 ms]
   [Code Root Purge: 0.0 ms]
   [Clear CT: 0.7 ms]
   [Other: 2.5 ms]
      [Choose CSet: 0.0 ms]
      [Ref Proc: 1.8 ms]
      [Ref Enq: 0.1 ms]
      [Redirty Cards: 0.1 ms]
      [Humongous Register: 0.0 ms]
      [Humongous Reclaim: 0.0 ms]
      [Free CSet: 0.3 ms]
   [Eden: 7152.0M(7152.0M)->0.0B(7152.0M) Survivors: 16384.0K->16384.0K Heap: 10670.0M(14336.0M)->3514.8M(14336.0M)]
 [Times: user=0.07 sys=0.00, real=0.01 secs] 
2022-07-27T19:50:26.481-0700: 513597.986: [GC concurrent-root-region-scan-start]
2022-07-27T19:50:26.489-0700: 513597.994: [GC concurrent-root-region-scan-end, 0.0077870 secs]
2022-07-27T19:50:26.489-0700: 513597.994: [GC concurrent-mark-start]
2022-07-27T19:50:29.180-0700: 513600.685: [GC concurrent-mark-end, 2.6910294 secs]
2022-07-27T19:50:29.181-0700: 513600.685: [GC remark 2022-07-27T19:50:29.181-0700: 513600.685: [Finalize Marking, 0.0003515 secs] 2022-07-27T19:50:29.181-0700: 513600.686: [GC ref-proc, 0.0107449 secs] 2022-07-27T19:50:29.192-0700: 513600.697: [Unloading, 0.0275649 secs], 0.0444204 secs]
 [Times: user=0.26 sys=0.00, real=0.05 secs] 
2022-07-27T19:50:29.225-0700: 513600.730: [GC cleanup 3754M->3754M(14336M), 0.0081208 secs]
 [Times: user=0.06 sys=0.00, real=0.00 secs] 
2022-07-27T19:52:15.461-0700: 513706.966: [GC pause (G1 Evacuation Pause) (young), 0.0123940 secs]
   [Parallel Time: 7.7 ms, GC Workers: 8]
      [GC Worker Start (ms): Min: 513706965.8, Avg: 513706965.9, Max: 513706966.0, Diff: 0.2]
      [Ext Root Scanning (ms): Min: 1.4, Avg: 2.3, Max: 6.3, Diff: 4.9, Sum: 18.2]
      [Update RS (ms): Min: 0.0, Avg: 2.7, Max: 3.5, Diff: 3.5, Sum: 21.7]
         [Processed Buffers: Min: 0, Avg: 7.5, Max: 13, Diff: 13, Sum: 60]
      [Scan RS (ms): Min: 0.0, Avg: 0.1, Max: 0.2, Diff: 0.1, Sum: 0.5]
      [Code Root Scanning (ms): Min: 0.0, Avg: 0.0, Max: 0.0, Diff: 0.0, Sum: 0.0]
      [Object Copy (ms): Min: 1.0, Avg: 2.2, Max: 2.5, Diff: 1.5, Sum: 17.2]
      [Termination (ms): Min: 0.0, Avg: 0.0, Max: 0.0, Diff: 0.0, Sum: 0.1]
         [Termination Attempts: Min: 28, Avg: 32.9, Max: 40, Diff: 12, Sum: 263]
      [GC Worker Other (ms): Min: 0.0, Avg: 0.0, Max: 0.1, Diff: 0.1, Sum: 0.4]
      [GC Worker Total (ms): Min: 7.2, Avg: 7.3, Max: 7.4, Diff: 0.2, Sum: 58.1]
      [GC Worker End (ms): Min: 513706973.1, Avg: 513706973.2, Max: 513706973.2, Diff: 0.1]
   [Code Root Fixup: 0.0 ms]
   [Code Root Purge: 0.0 ms]
   [Clear CT: 0.7 ms]
   [Other: 4.0 ms]
      [Choose CSet: 0.0 ms]
      [Ref Proc: 3.4 ms]
      [Ref Enq: 0.1 ms]
      [Redirty Cards: 0.1 ms]
      [Humongous Register: 0.1 ms]
      [Humongous Reclaim: 0.0 ms]
      [Free CSet: 0.3 ms]
   [Eden: 7152.0M(7152.0M)->0.0B(7152.0M) Survivors: 16384.0K->16384.0K Heap: 10666.8M(14336.0M)->3516.3M(14336.0M)]
 [Times: user=0.07 sys=0.00, real=0.01 secs] 
2022-07-27T19:54:03.928-0700: 513815.432: [GC pause (G1 Evacuation Pause) (young), 0.0111958 secs]
   [Parallel Time: 5.8 ms, GC Workers: 8]
      [GC Worker Start (ms): Min: 513815432.5, Avg: 513815432.6, Max: 513815432.7, Diff: 0.2]
      [Ext Root Scanning (ms): Min: 1.3, Avg: 2.1, Max: 5.7, Diff: 4.4, Sum: 16.8]
      [Update RS (ms): Min: 0.0, Avg: 1.5, Max: 2.1, Diff: 2.1, Sum: 12.0]
         [Processed Buffers: Min: 0, Avg: 6.2, Max: 13, Diff: 13, Sum: 50]
      [Scan RS (ms): Min: 0.0, Avg: 0.1, Max: 0.1, Diff: 0.1, Sum: 0.4]
      [Code Root Scanning (ms): Min: 0.0, Avg: 0.0, Max: 0.0, Diff: 0.0, Sum: 0.0]
      [Object Copy (ms): Min: 0.0, Avg: 1.8, Max: 2.2, Diff: 2.2, Sum: 14.4]
      [Termination (ms): Min: 0.0, Avg: 0.1, Max: 0.1, Diff: 0.1, Sum: 0.9]
         [Termination Attempts: Min: 1, Avg: 3.6, Max: 6, Diff: 5, Sum: 29]
      [GC Worker Other (ms): Min: 0.0, Avg: 0.0, Max: 0.1, Diff: 0.1, Sum: 0.3]
      [GC Worker Total (ms): Min: 5.5, Avg: 5.6, Max: 5.7, Diff: 0.1, Sum: 44.9]
      [GC Worker End (ms): Min: 513815438.2, Avg: 513815438.2, Max: 513815438.3, Diff: 0.1]
   [Code Root Fixup: 0.0 ms]
   [Code Root Purge: 0.0 ms]
   [Clear CT: 0.8 ms]
   [Other: 4.6 ms]
      [Choose CSet: 0.0 ms]
      [Ref Proc: 3.9 ms]
      [Ref Enq: 0.1 ms]
      [Redirty Cards: 0.1 ms]
      [Humongous Register: 0.1 ms]
      [Humongous Reclaim: 0.0 ms]
      [Free CSet: 0.3 ms]
   [Eden: 7152.0M(7152.0M)->0.0B(7152.0M) Survivors: 16384.0K->16384.0K Heap: 10668.3M(14336.0M)->3520.3M(14336.0M)]
 [Times: user=0.06 sys=0.00, real=0.01 secs] 
2022-07-27T19:55:54.269-0700: 513925.773: [GC pause (G1 Evacuation Pause) (young) (initial-mark), 0.0162712 secs]
   [Parallel Time: 11.4 ms, GC Workers: 8]
      [GC Worker Start (ms): Min: 513925775.5, Avg: 513925775.5, Max: 513925775.6, Diff: 0.2]
      [Ext Root Scanning (ms): Min: 5.0, Avg: 5.3, Max: 5.8, Diff: 0.8, Sum: 42.8]
      [Update RS (ms): Min: 1.6, Avg: 1.8, Max: 2.1, Diff: 0.5, Sum: 14.1]
         [Processed Buffers: Min: 4, Avg: 7.0, Max: 10, Diff: 6, Sum: 56]
      [Scan RS (ms): Min: 0.0, Avg: 0.1, Max: 0.1, Diff: 0.1, Sum: 0.4]
      [Code Root Scanning (ms): Min: 0.0, Avg: 0.0, Max: 0.0, Diff: 0.0, Sum: 0.0]
      [Object Copy (ms): Min: 1.3, Avg: 1.8, Max: 2.2, Diff: 0.9, Sum: 14.7]
      [Termination (ms): Min: 0.0, Avg: 0.0, Max: 0.0, Diff: 0.0, Sum: 0.0]
         [Termination Attempts: Min: 1, Avg: 2.9, Max: 4, Diff: 3, Sum: 23]
      [GC Worker Other (ms): Min: 0.0, Avg: 0.1, Max: 0.2, Diff: 0.1, Sum: 0.5]
      [GC Worker Total (ms): Min: 9.0, Avg: 9.1, Max: 9.2, Diff: 0.2, Sum: 72.6]
      [GC Worker End (ms): Min: 513925784.6, Avg: 513925784.6, Max: 513925784.7, Diff: 0.1]
   [Code Root Fixup: 0.0 ms]
   [Code Root Purge: 0.0 ms]
   [Clear CT: 0.7 ms]
   [Other: 4.2 ms]
      [Choose CSet: 0.0 ms]
      [Ref Proc: 3.4 ms]
      [Ref Enq: 0.1 ms]
      [Redirty Cards: 0.1 ms]
      [Humongous Register: 0.0 ms]
      [Humongous Reclaim: 0.0 ms]
      [Free CSet: 0.3 ms]
   [Eden: 7152.0M(7152.0M)->0.0B(7152.0M) Survivors: 16384.0K->16384.0K Heap: 10672.3M(14336.0M)->3517.8M(14336.0M)]
 [Times: user=0.08 sys=0.00, real=0.02 secs] 
2022-07-27T19:55:54.285-0700: 513925.790: [GC concurrent-root-region-scan-start]
2022-07-27T19:55:54.294-0700: 513925.799: [GC concurrent-root-region-scan-end, 0.0092897 secs]
2022-07-27T19:55:54.294-0700: 513925.799: [GC concurrent-mark-start]
2022-07-27T19:55:56.910-0700: 513928.414: [GC concurrent-mark-end, 2.6152792 secs]
2022-07-27T19:55:56.910-0700: 513928.415: [GC remark 2022-07-27T19:55:56.910-0700: 513928.415: [Finalize Marking, 0.0002244 secs] 2022-07-27T19:55:56.910-0700: 513928.415: [GC ref-proc, 0.0075023 secs] 2022-07-27T19:55:56.918-0700: 513928.422: [Unloading, 0.0274673 secs], 0.0407230 secs]
 [Times: user=0.25 sys=0.00, real=0.04 secs] 
2022-07-27T19:55:56.951-0700: 513928.456: [GC cleanup 3701M->3701M(14336M), 0.0081984 secs]
 [Times: user=0.06 sys=0.00, real=0.01 secs] 
2022-07-27T19:57:47.518-0700: 514039.023: [GC pause (G1 Evacuation Pause) (young), 0.0093596 secs]
   [Parallel Time: 6.1 ms, GC Workers: 8]
      [GC Worker Start (ms): Min: 514039023.0, Avg: 514039023.1, Max: 514039023.1, Diff: 0.1]
      [Ext Root Scanning (ms): Min: 1.3, Avg: 2.0, Max: 5.5, Diff: 4.2, Sum: 16.4]
      [Update RS (ms): Min: 0.0, Avg: 1.5, Max: 1.9, Diff: 1.9, Sum: 11.9]
         [Processed Buffers: Min: 0, Avg: 5.6, Max: 14, Diff: 14, Sum: 45]
      [Scan RS (ms): Min: 0.0, Avg: 0.1, Max: 0.2, Diff: 0.1, Sum: 0.5]
      [Code Root Scanning (ms): Min: 0.0, Avg: 0.0, Max: 0.0, Diff: 0.0, Sum: 0.0]
      [Object Copy (ms): Min: 0.3, Avg: 2.2, Max: 2.6, Diff: 2.3, Sum: 17.4]
      [Termination (ms): Min: 0.0, Avg: 0.0, Max: 0.0, Diff: 0.0, Sum: 0.1]
         [Termination Attempts: Min: 23, Avg: 33.8, Max: 39, Diff: 16, Sum: 270]
      [GC Worker Other (ms): Min: 0.0, Avg: 0.0, Max: 0.1, Diff: 0.1, Sum: 0.3]
      [GC Worker Total (ms): Min: 5.8, Avg: 5.8, Max: 5.9, Diff: 0.1, Sum: 46.7]
      [GC Worker End (ms): Min: 514039028.9, Avg: 514039028.9, Max: 514039028.9, Diff: 0.1]
   [Code Root Fixup: 0.0 ms]
   [Code Root Purge: 0.0 ms]
   [Clear CT: 0.8 ms]
   [Other: 2.5 ms]
      [Choose CSet: 0.0 ms]
      [Ref Proc: 1.8 ms]
      [Ref Enq: 0.1 ms]
      [Redirty Cards: 0.1 ms]
      [Humongous Register: 0.1 ms]
      [Humongous Reclaim: 0.0 ms]
      [Free CSet: 0.3 ms]
   [Eden: 7152.0M(7152.0M)->0.0B(5712.0M) Survivors: 16384.0K->16384.0K Heap: 10669.8M(14336.0M)->3519.1M(14336.0M)]
 [Times: user=0.06 sys=0.00, real=0.01 secs] 
2022-07-27T19:59:18.863-0700: 514130.368: [GC pause (G1 Evacuation Pause) (mixed), 0.0204559 secs]
   [Parallel Time: 16.2 ms, GC Workers: 8]
      [GC Worker Start (ms): Min: 514130368.0, Avg: 514130368.1, Max: 514130368.1, Diff: 0.1]
      [Ext Root Scanning (ms): Min: 1.3, Avg: 2.2, Max: 6.4, Diff: 5.1, Sum: 17.5]
      [Update RS (ms): Min: 0.0, Avg: 1.5, Max: 2.1, Diff: 2.1, Sum: 11.7]
         [Processed Buffers: Min: 0, Avg: 5.4, Max: 16, Diff: 16, Sum: 43]
      [Scan RS (ms): Min: 2.7, Avg: 5.0, Max: 5.8, Diff: 3.1, Sum: 39.6]
      [Code Root Scanning (ms): Min: 0.0, Avg: 0.2, Max: 1.3, Diff: 1.3, Sum: 1.3]
      [Object Copy (ms): Min: 6.4, Avg: 7.1, Max: 7.5, Diff: 1.1, Sum: 57.1]
      [Termination (ms): Min: 0.0, Avg: 0.0, Max: 0.0, Diff: 0.0, Sum: 0.0]
         [Termination Attempts: Min: 1, Avg: 12.5, Max: 19, Diff: 18, Sum: 100]
      [GC Worker Other (ms): Min: 0.0, Avg: 0.1, Max: 0.1, Diff: 0.1, Sum: 0.5]
      [GC Worker Total (ms): Min: 15.9, Avg: 16.0, Max: 16.1, Diff: 0.2, Sum: 127.9]
      [GC Worker End (ms): Min: 514130384.0, Avg: 514130384.0, Max: 514130384.1, Diff: 0.1]
   [Code Root Fixup: 0.0 ms]
   [Code Root Purge: 0.0 ms]
   [Clear CT: 1.0 ms]
   [Other: 3.2 ms]
      [Choose CSet: 0.0 ms]
      [Ref Proc: 2.5 ms]
      [Ref Enq: 0.1 ms]
      [Redirty Cards: 0.1 ms]
      [Humongous Register: 0.1 ms]
      [Humongous Reclaim: 0.0 ms]
      [Free CSet: 0.3 ms]
   [Eden: 5712.0M(5712.0M)->0.0B(7152.0M) Survivors: 16384.0K->16384.0K Heap: 9231.1M(14336.0M)->3502.4M(14336.0M)]
 [Times: user=0.14 sys=0.00, real=0.02 secs] 
2022-07-27T20:05:52.804-0700: 514524.309: [GC pause (G1 Evacuation Pause) (young), 0.0191749 secs]
   [Parallel Time: 16.0 ms, GC Workers: 8]
      [GC Worker Start (ms): Min: 514524308.9, Avg: 514524309.0, Max: 514524309.1, Diff: 0.2]
      [Ext Root Scanning (ms): Min: 1.1, Avg: 2.0, Max: 6.0, Diff: 4.9, Sum: 15.6]
      [Update RS (ms): Min: 7.6, Avg: 11.2, Max: 11.9, Diff: 4.4, Sum: 89.7]
         [Processed Buffers: Min: 22, Avg: 35.6, Max: 60, Diff: 38, Sum: 285]
      [Scan RS (ms): Min: 0.0, Avg: 0.1, Max: 0.1, Diff: 0.1, Sum: 0.4]
      [Code Root Scanning (ms): Min: 0.0, Avg: 0.0, Max: 0.0, Diff: 0.0, Sum: 0.0]
      [Object Copy (ms): Min: 2.1, Avg: 2.4, Max: 2.6, Diff: 0.5, Sum: 19.4]
      [Termination (ms): Min: 0.0, Avg: 0.0, Max: 0.0, Diff: 0.0, Sum: 0.0]
         [Termination Attempts: Min: 1, Avg: 1.8, Max: 4, Diff: 3, Sum: 14]
      [GC Worker Other (ms): Min: 0.0, Avg: 0.1, Max: 0.2, Diff: 0.1, Sum: 0.7]
      [GC Worker Total (ms): Min: 15.6, Avg: 15.7, Max: 15.9, Diff: 0.3, Sum: 125.8]
      [GC Worker End (ms): Min: 514524324.7, Avg: 514524324.7, Max: 514524324.8, Diff: 0.1]
   [Code Root Fixup: 0.0 ms]
   [Code Root Purge: 0.0 ms]
   [Clear CT: 0.8 ms]
   [Other: 2.4 ms]
      [Choose CSet: 0.0 ms]
      [Ref Proc: 1.7 ms]
      [Ref Enq: 0.1 ms]
      [Redirty Cards: 0.1 ms]
      [Humongous Register: 0.0 ms]
      [Humongous Reclaim: 0.0 ms]
      [Free CSet: 0.3 ms]
   [Eden: 7152.0M(7152.0M)->0.0B(7152.0M) Survivors: 16384.0K->16384.0K Heap: 10654.4M(14336.0M)->3511.5M(14336.0M)]
 [Times: user=0.14 sys=0.00, real=0.02 secs] 
2022-07-27T20:22:47.236-0700: 515538.741: [GC pause (G1 Evacuation Pause) (young) (initial-mark), 0.0194149 secs]
   [Parallel Time: 15.0 ms, GC Workers: 8]
      [GC Worker Start (ms): Min: 515538743.4, Avg: 515538743.5, Max: 515538743.6, Diff: 0.2]
      [Ext Root Scanning (ms): Min: 7.3, Avg: 7.6, Max: 8.0, Diff: 0.7, Sum: 61.2]
      [Update RS (ms): Min: 1.9, Avg: 2.0, Max: 2.2, Diff: 0.3, Sum: 16.1]
         [Processed Buffers: Min: 4, Avg: 25.0, Max: 68, Diff: 64, Sum: 200]
      [Scan RS (ms): Min: 0.0, Avg: 0.1, Max: 0.1, Diff: 0.1, Sum: 0.4]
      [Code Root Scanning (ms): Min: 0.0, Avg: 0.0, Max: 0.0, Diff: 0.0, Sum: 0.0]
      [Object Copy (ms): Min: 2.3, Avg: 2.6, Max: 2.8, Diff: 0.6, Sum: 20.6]
      [Termination (ms): Min: 0.0, Avg: 0.0, Max: 0.0, Diff: 0.0, Sum: 0.0]
         [Termination Attempts: Min: 5, Avg: 10.8, Max: 14, Diff: 9, Sum: 86]
      [GC Worker Other (ms): Min: 0.0, Avg: 0.1, Max: 0.2, Diff: 0.2, Sum: 0.9]
      [GC Worker Total (ms): Min: 12.3, Avg: 12.4, Max: 12.6, Diff: 0.4, Sum: 99.2]
      [GC Worker End (ms): Min: 515538755.9, Avg: 515538755.9, Max: 515538756.1, Diff: 0.2]
   [Code Root Fixup: 0.0 ms]
   [Code Root Purge: 0.0 ms]
   [Clear CT: 0.7 ms]
   [Other: 3.7 ms]
      [Choose CSet: 0.0 ms]
      [Ref Proc: 3.1 ms]
      [Ref Enq: 0.1 ms]
      [Redirty Cards: 0.1 ms]
      [Humongous Register: 0.0 ms]
      [Humongous Reclaim: 0.0 ms]
      [Free CSet: 0.3 ms]
   [Eden: 7152.0M(7152.0M)->0.0B(7152.0M) Survivors: 16384.0K->16384.0K Heap: 10663.5M(14336.0M)->3516.8M(14336.0M)]
 [Times: user=0.09 sys=0.00, real=0.02 secs] 
2022-07-27T20:22:47.256-0700: 515538.761: [GC concurrent-root-region-scan-start]
2022-07-27T20:22:47.260-0700: 515538.765: [GC concurrent-root-region-scan-end, 0.0043808 secs]
2022-07-27T20:22:47.260-0700: 515538.765: [GC concurrent-mark-start]
2022-07-27T20:22:49.710-0700: 515541.215: [GC concurrent-mark-end, 2.4496989 secs]
2022-07-27T20:22:49.710-0700: 515541.215: [GC remark 2022-07-27T20:22:49.710-0700: 515541.215: [Finalize Marking, 0.0003024 secs] 2022-07-27T20:22:49.711-0700: 515541.215: [GC ref-proc, 0.0114926 secs] 2022-07-27T20:22:49.722-0700: 515541.227: [Unloading, 0.0293327 secs], 0.0466518 secs]
 [Times: user=0.27 sys=0.00, real=0.05 secs] 
2022-07-27T20:22:49.758-0700: 515541.262: [GC cleanup 3572M->3572M(14336M), 0.0086831 secs]
 [Times: user=0.06 sys=0.00, real=0.01 secs] 
2022-07-27T20:39:31.963-0700: 516543.468: [GC pause (G1 Evacuation Pause) (young), 0.0175543 secs]
   [Parallel Time: 13.8 ms, GC Workers: 8]
      [GC Worker Start (ms): Min: 516543467.9, Avg: 516543467.9, Max: 516543468.0, Diff: 0.1]
      [Ext Root Scanning (ms): Min: 1.3, Avg: 2.0, Max: 5.8, Diff: 4.5, Sum: 15.9]
      [Update RS (ms): Min: 7.1, Avg: 10.8, Max: 11.9, Diff: 4.8, Sum: 86.2]
         [Processed Buffers: Min: 6, Avg: 28.0, Max: 117, Diff: 111, Sum: 224]
      [Scan RS (ms): Min: 0.0, Avg: 0.0, Max: 0.1, Diff: 0.1, Sum: 0.4]
      [Code Root Scanning (ms): Min: 0.0, Avg: 0.0, Max: 0.0, Diff: 0.0, Sum: 0.0]
      [Object Copy (ms): Min: 0.2, Avg: 0.4, Max: 0.6, Diff: 0.4, Sum: 3.4]
      [Termination (ms): Min: 0.0, Avg: 0.4, Max: 0.5, Diff: 0.5, Sum: 2.9]
         [Termination Attempts: Min: 1, Avg: 1.2, Max: 2, Diff: 1, Sum: 10]
      [GC Worker Other (ms): Min: 0.0, Avg: 0.0, Max: 0.0, Diff: 0.0, Sum: 0.2]
      [GC Worker Total (ms): Min: 13.6, Avg: 13.6, Max: 13.7, Diff: 0.1, Sum: 109.0]
      [GC Worker End (ms): Min: 516543481.6, Avg: 516543481.6, Max: 516543481.6, Diff: 0.0]
   [Code Root Fixup: 0.0 ms]
   [Code Root Purge: 0.0 ms]
   [Clear CT: 0.6 ms]
   [Other: 3.1 ms]
      [Choose CSet: 0.0 ms]
      [Ref Proc: 2.5 ms]
      [Ref Enq: 0.1 ms]
      [Redirty Cards: 0.1 ms]
      [Humongous Register: 0.1 ms]
      [Humongous Reclaim: 0.0 ms]
      [Free CSet: 0.3 ms]
   [Eden: 7152.0M(7152.0M)->0.0B(5712.0M) Survivors: 16384.0K->16384.0K Heap: 10668.8M(14336.0M)->3512.5M(14336.0M)]
 [Times: user=0.12 sys=0.00, real=0.01 secs] 
2022-07-27T20:52:54.798-0700: 517346.302: [GC pause (G1 Evacuation Pause) (mixed), 0.0127319 secs]
   [Parallel Time: 9.5 ms, GC Workers: 8]
      [GC Worker Start (ms): Min: 517346302.6, Avg: 517346302.7, Max: 517346302.8, Diff: 0.2]
      [Ext Root Scanning (ms): Min: 1.2, Avg: 2.2, Max: 8.0, Diff: 6.8, Sum: 17.7]
      [Update RS (ms): Min: 0.0, Avg: 0.4, Max: 0.7, Diff: 0.7, Sum: 2.8]
         [Processed Buffers: Min: 0, Avg: 18.9, Max: 50, Diff: 50, Sum: 151]
      [Scan RS (ms): Min: 0.1, Avg: 2.2, Max: 2.7, Diff: 2.7, Sum: 17.7]
      [Code Root Scanning (ms): Min: 0.0, Avg: 0.1, Max: 0.9, Diff: 0.9, Sum: 0.9]
      [Object Copy (ms): Min: 1.2, Avg: 4.2, Max: 4.9, Diff: 3.7, Sum: 33.9]
      [Termination (ms): Min: 0.0, Avg: 0.0, Max: 0.0, Diff: 0.0, Sum: 0.0]
         [Termination Attempts: Min: 1, Avg: 2.5, Max: 5, Diff: 4, Sum: 20]
      [GC Worker Other (ms): Min: 0.0, Avg: 0.0, Max: 0.1, Diff: 0.1, Sum: 0.4]
      [GC Worker Total (ms): Min: 9.1, Avg: 9.2, Max: 9.3, Diff: 0.1, Sum: 73.5]
      [GC Worker End (ms): Min: 517346311.8, Avg: 517346311.9, Max: 517346311.9, Diff: 0.1]
   [Code Root Fixup: 0.0 ms]
   [Code Root Purge: 0.0 ms]
   [Clear CT: 0.8 ms]
   [Other: 2.4 ms]
      [Choose CSet: 0.1 ms]
      [Ref Proc: 1.7 ms]
      [Ref Enq: 0.1 ms]
      [Redirty Cards: 0.1 ms]
      [Humongous Register: 0.1 ms]
      [Humongous Reclaim: 0.0 ms]
      [Free CSet: 0.3 ms]
   [Eden: 5712.0M(5712.0M)->0.0B(7152.0M) Survivors: 16384.0K->16384.0K Heap: 9224.5M(14336.0M)->3335.9M(14336.0M)]
 [Times: user=0.09 sys=0.00, real=0.01 secs] 
2022-07-27T21:09:33.862-0700: 518345.367: [GC pause (G1 Evacuation Pause) (young), 0.0099158 secs]
   [Parallel Time: 6.9 ms, GC Workers: 8]
      [GC Worker Start (ms): Min: 518345367.0, Avg: 518345367.1, Max: 518345367.2, Diff: 0.2]
      [Ext Root Scanning (ms): Min: 1.2, Avg: 2.0, Max: 6.1, Diff: 4.9, Sum: 16.0]
      [Update RS (ms): Min: 0.4, Avg: 4.2, Max: 4.9, Diff: 4.5, Sum: 33.6]
         [Processed Buffers: Min: 2, Avg: 28.8, Max: 66, Diff: 64, Sum: 230]
      [Scan RS (ms): Min: 0.0, Avg: 0.1, Max: 0.1, Diff: 0.1, Sum: 0.4]
      [Code Root Scanning (ms): Min: 0.0, Avg: 0.0, Max: 0.0, Diff: 0.0, Sum: 0.0]
      [Object Copy (ms): Min: 0.0, Avg: 0.4, Max: 0.6, Diff: 0.6, Sum: 3.6]
      [Termination (ms): Min: 0.0, Avg: 0.0, Max: 0.0, Diff: 0.0, Sum: 0.0]
         [Termination Attempts: Min: 4, Avg: 8.1, Max: 11, Diff: 7, Sum: 65]
      [GC Worker Other (ms): Min: 0.0, Avg: 0.0, Max: 0.1, Diff: 0.1, Sum: 0.3]
      [GC Worker Total (ms): Min: 6.6, Avg: 6.7, Max: 6.8, Diff: 0.2, Sum: 53.9]
      [GC Worker End (ms): Min: 518345373.8, Avg: 518345373.8, Max: 518345373.9, Diff: 0.1]
   [Code Root Fixup: 0.0 ms]
   [Code Root Purge: 0.0 ms]
   [Clear CT: 0.6 ms]
   [Other: 2.4 ms]
      [Choose CSet: 0.0 ms]
      [Ref Proc: 1.8 ms]
      [Ref Enq: 0.1 ms]
      [Redirty Cards: 0.1 ms]
      [Humongous Register: 0.1 ms]
      [Humongous Reclaim: 0.0 ms]
      [Free CSet: 0.3 ms]
   [Eden: 7152.0M(7152.0M)->0.0B(7152.0M) Survivors: 16384.0K->16384.0K Heap: 10487.9M(14336.0M)->3344.2M(14336.0M)]
 [Times: user=0.07 sys=0.00, real=0.01 secs] 
2022-07-27T21:26:22.262-0700: 519353.767: [GC pause (G1 Evacuation Pause) (young) (initial-mark), 0.0164094 secs]
   [Parallel Time: 11.0 ms, GC Workers: 8]
      [GC Worker Start (ms): Min: 519353769.0, Avg: 519353769.1, Max: 519353769.2, Diff: 0.2]
      [Ext Root Scanning (ms): Min: 6.5, Avg: 6.8, Max: 7.0, Diff: 0.5, Sum: 54.0]
      [Update RS (ms): Min: 0.2, Avg: 0.3, Max: 0.5, Diff: 0.3, Sum: 2.2]
         [Processed Buffers: Min: 1, Avg: 19.4, Max: 51, Diff: 50, Sum: 155]
      [Scan RS (ms): Min: 0.0, Avg: 0.1, Max: 0.1, Diff: 0.1, Sum: 0.5]
      [Code Root Scanning (ms): Min: 0.0, Avg: 0.0, Max: 0.0, Diff: 0.0, Sum: 0.0]
      [Object Copy (ms): Min: 1.3, Avg: 1.6, Max: 1.9, Diff: 0.5, Sum: 12.9]
      [Termination (ms): Min: 0.0, Avg: 0.0, Max: 0.0, Diff: 0.0, Sum: 0.1]
         [Termination Attempts: Min: 51, Avg: 58.9, Max: 64, Diff: 13, Sum: 471]
      [GC Worker Other (ms): Min: 0.0, Avg: 0.1, Max: 0.1, Diff: 0.1, Sum: 0.6]
      [GC Worker Total (ms): Min: 8.7, Avg: 8.8, Max: 8.9, Diff: 0.2, Sum: 70.4]
      [GC Worker End (ms): Min: 519353777.9, Avg: 519353777.9, Max: 519353778.0, Diff: 0.1]
   [Code Root Fixup: 0.0 ms]
   [Code Root Purge: 0.0 ms]
   [Clear CT: 0.8 ms]
   [Other: 4.6 ms]
      [Choose CSet: 0.0 ms]
      [Ref Proc: 3.9 ms]
      [Ref Enq: 0.1 ms]
      [Redirty Cards: 0.1 ms]
      [Humongous Register: 0.0 ms]
      [Humongous Reclaim: 0.0 ms]
      [Free CSet: 0.3 ms]
   [Eden: 7152.0M(7152.0M)->0.0B(7152.0M) Survivors: 16384.0K->16384.0K Heap: 10496.2M(14336.0M)->3347.4M(14336.0M)]
 [Times: user=0.07 sys=0.00, real=0.03 secs] 
2022-07-27T21:26:22.284-0700: 519353.789: [GC concurrent-root-region-scan-start]
2022-07-27T21:26:22.290-0700: 519353.794: [GC concurrent-root-region-scan-end, 0.0058921 secs]
2022-07-27T21:26:22.290-0700: 519353.794: [GC concurrent-mark-start]
2022-07-27T21:26:24.732-0700: 519356.236: [GC concurrent-mark-end, 2.4419033 secs]
2022-07-27T21:26:24.732-0700: 519356.237: [GC remark 2022-07-27T21:26:24.732-0700: 519356.237: [Finalize Marking, 0.0003407 secs] 2022-07-27T21:26:24.732-0700: 519356.237: [GC ref-proc, 0.0059050 secs] 2022-07-27T21:26:24.738-0700: 519356.243: [Unloading, 0.0275765 secs], 0.0390238 secs]
 [Times: user=0.25 sys=0.00, real=0.04 secs] 
2022-07-27T21:26:24.771-0700: 519356.276: [GC cleanup 3387M->3387M(14336M), 0.0081150 secs]
 [Times: user=0.06 sys=0.00, real=0.01 secs] 
2022-07-27T21:42:58.563-0700: 520350.068: [GC pause (G1 Evacuation Pause) (young), 0.0110934 secs]
   [Parallel Time: 6.0 ms, GC Workers: 8]
      [GC Worker Start (ms): Min: 520350067.8, Avg: 520350067.9, Max: 520350068.0, Diff: 0.2]
      [Ext Root Scanning (ms): Min: 1.0, Avg: 1.8, Max: 5.6, Diff: 4.6, Sum: 14.3]
      [Update RS (ms): Min: 0.0, Avg: 0.3, Max: 0.7, Diff: 0.7, Sum: 2.5]
         [Processed Buffers: Min: 0, Avg: 20.9, Max: 61, Diff: 61, Sum: 167]
      [Scan RS (ms): Min: 0.0, Avg: 0.1, Max: 0.1, Diff: 0.1, Sum: 0.6]
      [Code Root Scanning (ms): Min: 0.0, Avg: 0.0, Max: 0.0, Diff: 0.0, Sum: 0.0]
      [Object Copy (ms): Min: 0.0, Avg: 0.4, Max: 0.6, Diff: 0.6, Sum: 3.4]
      [Termination (ms): Min: 0.0, Avg: 2.9, Max: 3.4, Diff: 3.4, Sum: 23.6]
         [Termination Attempts: Min: 1, Avg: 7.1, Max: 12, Diff: 11, Sum: 57]
      [GC Worker Other (ms): Min: 0.0, Avg: 0.0, Max: 0.0, Diff: 0.0, Sum: 0.1]
      [GC Worker Total (ms): Min: 5.5, Avg: 5.6, Max: 5.7, Diff: 0.2, Sum: 44.5]
      [GC Worker End (ms): Min: 520350073.5, Avg: 520350073.5, Max: 520350073.5, Diff: 0.0]
   [Code Root Fixup: 0.0 ms]
   [Code Root Purge: 0.0 ms]
   [Clear CT: 0.6 ms]
   [Other: 4.5 ms]
      [Choose CSet: 0.0 ms]
      [Ref Proc: 3.8 ms]
      [Ref Enq: 0.1 ms]
      [Redirty Cards: 0.1 ms]
      [Humongous Register: 0.1 ms]
      [Humongous Reclaim: 0.0 ms]
      [Free CSet: 0.3 ms]
   [Eden: 7152.0M(7152.0M)->0.0B(5712.0M) Survivors: 16384.0K->16384.0K Heap: 10499.4M(14336.0M)->3348.1M(14336.0M)]
 [Times: user=0.05 sys=0.01, real=0.00 secs] 
2022-07-27T21:56:18.011-0700: 521149.516: [GC pause (G1 Evacuation Pause) (mixed), 0.0127207 secs]
   [Parallel Time: 7.6 ms, GC Workers: 8]
      [GC Worker Start (ms): Min: 521149516.2, Avg: 521149516.2, Max: 521149516.4, Diff: 0.2]
      [Ext Root Scanning (ms): Min: 1.2, Avg: 2.2, Max: 7.5, Diff: 6.3, Sum: 17.4]
      [Update RS (ms): Min: 0.0, Avg: 0.4, Max: 0.7, Diff: 0.7, Sum: 2.9]
         [Processed Buffers: Min: 0, Avg: 18.4, Max: 58, Diff: 58, Sum: 147]
      [Scan RS (ms): Min: 0.0, Avg: 0.7, Max: 1.0, Diff: 1.0, Sum: 6.0]
      [Code Root Scanning (ms): Min: 0.0, Avg: 0.0, Max: 0.0, Diff: 0.0, Sum: 0.0]
      [Object Copy (ms): Min: 0.0, Avg: 2.3, Max: 2.7, Diff: 2.7, Sum: 18.1]
      [Termination (ms): Min: 0.0, Avg: 1.9, Max: 2.2, Diff: 2.2, Sum: 15.2]
         [Termination Attempts: Min: 1, Avg: 14.0, Max: 19, Diff: 18, Sum: 112]
      [GC Worker Other (ms): Min: 0.0, Avg: 0.0, Max: 0.0, Diff: 0.0, Sum: 0.2]
      [GC Worker Total (ms): Min: 7.4, Avg: 7.5, Max: 7.6, Diff: 0.2, Sum: 59.8]
      [GC Worker End (ms): Min: 521149523.7, Avg: 521149523.7, Max: 521149523.7, Diff: 0.0]
   [Code Root Fixup: 0.0 ms]
   [Code Root Purge: 0.0 ms]
   [Clear CT: 0.6 ms]
   [Other: 4.5 ms]
      [Choose CSet: 0.0 ms]
      [Ref Proc: 3.9 ms]
      [Ref Enq: 0.1 ms]
      [Redirty Cards: 0.1 ms]
      [Humongous Register: 0.1 ms]
      [Humongous Reclaim: 0.0 ms]
      [Free CSet: 0.2 ms]
   [Eden: 5712.0M(5712.0M)->0.0B(7152.0M) Survivors: 16384.0K->16384.0K Heap: 9060.1M(14336.0M)->3334.9M(14336.0M)]
 [Times: user=0.07 sys=0.00, real=0.02 secs] 
2022-07-27T22:12:48.966-0700: 522140.471: [GC pause (G1 Evacuation Pause) (young), 0.0106085 secs]
   [Parallel Time: 5.4 ms, GC Workers: 8]
      [GC Worker Start (ms): Min: 522140471.2, Avg: 522140471.3, Max: 522140471.4, Diff: 0.2]
      [Ext Root Scanning (ms): Min: 1.2, Avg: 1.8, Max: 5.2, Diff: 4.1, Sum: 14.6]
      [Update RS (ms): Min: 0.0, Avg: 2.1, Max: 2.6, Diff: 2.6, Sum: 16.5]
         [Processed Buffers: Min: 0, Avg: 24.5, Max: 86, Diff: 86, Sum: 196]
      [Scan RS (ms): Min: 0.0, Avg: 0.1, Max: 0.1, Diff: 0.1, Sum: 0.5]
      [Code Root Scanning (ms): Min: 0.0, Avg: 0.0, Max: 0.0, Diff: 0.0, Sum: 0.0]
      [Object Copy (ms): Min: 0.0, Avg: 0.4, Max: 0.6, Diff: 0.6, Sum: 3.5]
      [Termination (ms): Min: 0.0, Avg: 0.8, Max: 0.9, Diff: 0.9, Sum: 6.4]
         [Termination Attempts: Min: 1, Avg: 1.1, Max: 2, Diff: 1, Sum: 9]
      [GC Worker Other (ms): Min: 0.0, Avg: 0.0, Max: 0.1, Diff: 0.0, Sum: 0.2]
      [GC Worker Total (ms): Min: 5.1, Avg: 5.2, Max: 5.3, Diff: 0.1, Sum: 41.7]
      [GC Worker End (ms): Min: 522140476.5, Avg: 522140476.5, Max: 522140476.6, Diff: 0.1]
   [Code Root Fixup: 0.0 ms]
   [Code Root Purge: 0.0 ms]
   [Clear CT: 0.6 ms]
   [Other: 4.5 ms]
      [Choose CSet: 0.0 ms]
      [Ref Proc: 3.8 ms]
      [Ref Enq: 0.1 ms]
      [Redirty Cards: 0.1 ms]
      [Humongous Register: 0.1 ms]
      [Humongous Reclaim: 0.0 ms]
      [Free CSet: 0.3 ms]
   [Eden: 7152.0M(7152.0M)->0.0B(7152.0M) Survivors: 16384.0K->16384.0K Heap: 10486.9M(14336.0M)->3335.6M(14336.0M)]
 [Times: user=0.05 sys=0.01, real=0.01 secs] 
2022-07-27T22:29:19.818-0700: 523131.322: [GC pause (G1 Evacuation Pause) (young) (initial-mark), 0.0153800 secs]
   [Parallel Time: 10.0 ms, GC Workers: 8]
      [GC Worker Start (ms): Min: 523131324.8, Avg: 523131324.8, Max: 523131324.9, Diff: 0.1]
      [Ext Root Scanning (ms): Min: 6.3, Avg: 6.6, Max: 6.9, Diff: 0.6, Sum: 52.5]
      [Update RS (ms): Min: 0.2, Avg: 0.3, Max: 0.5, Diff: 0.4, Sum: 2.2]
         [Processed Buffers: Min: 1, Avg: 21.0, Max: 56, Diff: 55, Sum: 168]
      [Scan RS (ms): Min: 0.0, Avg: 0.1, Max: 0.1, Diff: 0.1, Sum: 0.5]
      [Code Root Scanning (ms): Min: 0.0, Avg: 0.0, Max: 0.0, Diff: 0.0, Sum: 0.0]
      [Object Copy (ms): Min: 0.2, Avg: 0.5, Max: 0.6, Diff: 0.4, Sum: 3.7]
      [Termination (ms): Min: 0.0, Avg: 0.0, Max: 0.0, Diff: 0.0, Sum: 0.2]
         [Termination Attempts: Min: 1, Avg: 5.2, Max: 9, Diff: 8, Sum: 42]
      [GC Worker Other (ms): Min: 0.0, Avg: 0.0, Max: 0.1, Diff: 0.1, Sum: 0.2]
      [GC Worker Total (ms): Min: 7.3, Avg: 7.4, Max: 7.5, Diff: 0.2, Sum: 59.2]
      [GC Worker End (ms): Min: 523131332.2, Avg: 523131332.3, Max: 523131332.3, Diff: 0.1]
   [Code Root Fixup: 0.0 ms]
   [Code Root Purge: 0.0 ms]
   [Clear CT: 0.7 ms]
   [Other: 4.7 ms]
      [Choose CSet: 0.0 ms]
      [Ref Proc: 3.8 ms]
      [Ref Enq: 0.1 ms]
      [Redirty Cards: 0.2 ms]
      [Humongous Register: 0.0 ms]
      [Humongous Reclaim: 0.0 ms]
      [Free CSet: 0.3 ms]
   [Eden: 7152.0M(7152.0M)->0.0B(7152.0M) Survivors: 16384.0K->16384.0K Heap: 10487.6M(14336.0M)->3335.6M(14336.0M)]
 [Times: user=0.06 sys=0.01, real=0.01 secs] 
2022-07-27T22:29:19.833-0700: 523131.338: [GC concurrent-root-region-scan-start]
2022-07-27T22:29:19.838-0700: 523131.343: [GC concurrent-root-region-scan-end, 0.0050349 secs]
2022-07-27T22:29:19.838-0700: 523131.343: [GC concurrent-mark-start]
2022-07-27T22:29:22.275-0700: 523133.780: [GC concurrent-mark-end, 2.4368753 secs]
2022-07-27T22:29:22.276-0700: 523133.780: [GC remark 2022-07-27T22:29:22.276-0700: 523133.780: [Finalize Marking, 0.0002627 secs] 2022-07-27T22:29:22.276-0700: 523133.781: [GC ref-proc, 0.0104015 secs] 2022-07-27T22:29:22.286-0700: 523133.791: [Unloading, 0.0296109 secs], 0.0458248 secs]
 [Times: user=0.26 sys=0.00, real=0.04 secs] 
2022-07-27T22:29:22.322-0700: 523133.827: [GC cleanup 3375M->3375M(14336M), 0.0076081 secs]
 [Times: user=0.06 sys=0.00, real=0.01 secs] 
2022-07-27T22:46:04.814-0700: 524136.318: [GC pause (G1 Evacuation Pause) (young), 0.0102424 secs]
   [Parallel Time: 5.4 ms, GC Workers: 8]
      [GC Worker Start (ms): Min: 524136318.6, Avg: 524136318.7, Max: 524136318.8, Diff: 0.2]
      [Ext Root Scanning (ms): Min: 1.0, Avg: 1.7, Max: 5.1, Diff: 4.1, Sum: 13.4]
      [Update RS (ms): Min: 0.0, Avg: 0.3, Max: 0.6, Diff: 0.6, Sum: 2.3]
         [Processed Buffers: Min: 0, Avg: 20.6, Max: 62, Diff: 62, Sum: 165]
      [Scan RS (ms): Min: 0.0, Avg: 0.1, Max: 0.1, Diff: 0.1, Sum: 0.6]
      [Code Root Scanning (ms): Min: 0.0, Avg: 0.0, Max: 0.0, Diff: 0.0, Sum: 0.0]
      [Object Copy (ms): Min: 0.0, Avg: 0.4, Max: 0.9, Diff: 0.9, Sum: 3.5]
      [Termination (ms): Min: 0.0, Avg: 2.6, Max: 3.0, Diff: 3.0, Sum: 20.6]
         [Termination Attempts: Min: 1, Avg: 8.8, Max: 14, Diff: 13, Sum: 70]
      [GC Worker Other (ms): Min: 0.0, Avg: 0.0, Max: 0.0, Diff: 0.0, Sum: 0.2]
      [GC Worker Total (ms): Min: 5.0, Avg: 5.1, Max: 5.1, Diff: 0.2, Sum: 40.6]
      [GC Worker End (ms): Min: 524136323.8, Avg: 524136323.8, Max: 524136323.8, Diff: 0.0]
   [Code Root Fixup: 0.0 ms]
   [Code Root Purge: 0.0 ms]
   [Clear CT: 0.6 ms]
   [Other: 4.3 ms]
      [Choose CSet: 0.0 ms]
      [Ref Proc: 3.6 ms]
      [Ref Enq: 0.1 ms]
      [Redirty Cards: 0.1 ms]
      [Humongous Register: 0.1 ms]
      [Humongous Reclaim: 0.0 ms]
      [Free CSet: 0.3 ms]
   [Eden: 7152.0M(7152.0M)->0.0B(7152.0M) Survivors: 16384.0K->16384.0K Heap: 10487.6M(14336.0M)->3335.5M(14336.0M)]
 [Times: user=0.06 sys=0.00, real=0.02 secs] 
2022-07-27T23:02:39.462-0700: 525130.967: [GC pause (G1 Evacuation Pause) (young), 0.0121624 secs]
   [Parallel Time: 6.0 ms, GC Workers: 8]
      [GC Worker Start (ms): Min: 525130967.1, Avg: 525130967.2, Max: 525130967.3, Diff: 0.1]
      [Ext Root Scanning (ms): Min: 1.2, Avg: 2.0, Max: 5.9, Diff: 4.7, Sum: 15.7]
      [Update RS (ms): Min: 0.0, Avg: 0.4, Max: 0.8, Diff: 0.8, Sum: 2.9]
         [Processed Buffers: Min: 0, Avg: 19.9, Max: 63, Diff: 63, Sum: 159]
      [Scan RS (ms): Min: 0.0, Avg: 0.1, Max: 0.1, Diff: 0.1, Sum: 0.6]
      [Code Root Scanning (ms): Min: 0.0, Avg: 0.0, Max: 0.0, Diff: 0.0, Sum: 0.0]
      [Object Copy (ms): Min: 0.0, Avg: 0.5, Max: 0.8, Diff: 0.8, Sum: 4.2]
      [Termination (ms): Min: 0.0, Avg: 2.9, Max: 3.3, Diff: 3.3, Sum: 23.1]
         [Termination Attempts: Min: 1, Avg: 1.6, Max: 3, Diff: 2, Sum: 13]
      [GC Worker Other (ms): Min: 0.0, Avg: 0.0, Max: 0.0, Diff: 0.0, Sum: 0.1]
      [GC Worker Total (ms): Min: 5.8, Avg: 5.8, Max: 5.9, Diff: 0.1, Sum: 46.7]
      [GC Worker End (ms): Min: 525130973.0, Avg: 525130973.1, Max: 525130973.1, Diff: 0.0]
   [Code Root Fixup: 0.0 ms]
   [Code Root Purge: 0.0 ms]
   [Clear CT: 0.6 ms]
   [Other: 5.6 ms]
      [Choose CSet: 0.0 ms]
      [Ref Proc: 4.6 ms]
      [Ref Enq: 0.3 ms]
      [Redirty Cards: 0.2 ms]
      [Humongous Register: 0.1 ms]
      [Humongous Reclaim: 0.0 ms]
      [Free CSet: 0.3 ms]
   [Eden: 7152.0M(7152.0M)->0.0B(7152.0M) Survivors: 16384.0K->16384.0K Heap: 10487.5M(14336.0M)->3335.7M(14336.0M)]
 [Times: user=0.05 sys=0.01, real=0.01 secs] 
2022-07-27T23:19:18.412-0700: 526129.917: [GC pause (G1 Evacuation Pause) (young) (initial-mark), 0.0156617 secs]
   [Parallel Time: 10.3 ms, GC Workers: 8]
      [GC Worker Start (ms): Min: 526129918.9, Avg: 526129919.0, Max: 526129919.1, Diff: 0.2]
      [Ext Root Scanning (ms): Min: 6.6, Avg: 6.9, Max: 7.2, Diff: 0.6, Sum: 54.9]
      [Update RS (ms): Min: 0.2, Avg: 0.3, Max: 0.6, Diff: 0.3, Sum: 2.6]
         [Processed Buffers: Min: 1, Avg: 20.4, Max: 64, Diff: 63, Sum: 163]
      [Scan RS (ms): Min: 0.0, Avg: 0.1, Max: 0.1, Diff: 0.1, Sum: 0.6]
      [Code Root Scanning (ms): Min: 0.0, Avg: 0.0, Max: 0.0, Diff: 0.0, Sum: 0.0]
      [Object Copy (ms): Min: 0.1, Avg: 0.5, Max: 0.7, Diff: 0.6, Sum: 4.1]
      [Termination (ms): Min: 0.0, Avg: 0.0, Max: 0.0, Diff: 0.0, Sum: 0.2]
         [Termination Attempts: Min: 1, Avg: 2.8, Max: 5, Diff: 4, Sum: 22]
      [GC Worker Other (ms): Min: 0.0, Avg: 0.1, Max: 0.1, Diff: 0.1, Sum: 0.4]
      [GC Worker Total (ms): Min: 7.8, Avg: 7.9, Max: 8.0, Diff: 0.2, Sum: 62.9]
      [GC Worker End (ms): Min: 526129926.8, Avg: 526129926.9, Max: 526129926.9, Diff: 0.1]
   [Code Root Fixup: 0.0 ms]
   [Code Root Purge: 0.0 ms]
   [Clear CT: 0.7 ms]
   [Other: 4.7 ms]
      [Choose CSet: 0.0 ms]
      [Ref Proc: 4.0 ms]
      [Ref Enq: 0.1 ms]
      [Redirty Cards: 0.1 ms]
      [Humongous Register: 0.0 ms]
      [Humongous Reclaim: 0.0 ms]
      [Free CSet: 0.3 ms]
   [Eden: 7152.0M(7152.0M)->0.0B(7152.0M) Survivors: 16384.0K->16384.0K Heap: 10487.7M(14336.0M)->3335.7M(14336.0M)]
 [Times: user=0.07 sys=0.00, real=0.02 secs] 
2022-07-27T23:19:18.428-0700: 526129.932: [GC concurrent-root-region-scan-start]
2022-07-27T23:19:18.433-0700: 526129.937: [GC concurrent-root-region-scan-end, 0.0050236 secs]
2022-07-27T23:19:18.433-0700: 526129.937: [GC concurrent-mark-start]
2022-07-27T23:19:20.865-0700: 526132.370: [GC concurrent-mark-end, 2.4323636 secs]
2022-07-27T23:19:20.866-0700: 526132.370: [GC remark 2022-07-27T23:19:20.866-0700: 526132.370: [Finalize Marking, 0.0003605 secs] 2022-07-27T23:19:20.866-0700: 526132.371: [GC ref-proc, 0.0092522 secs] 2022-07-27T23:19:20.875-0700: 526132.380: [Unloading, 0.0298394 secs], 0.0448217 secs]
 [Times: user=0.26 sys=0.00, real=0.04 secs] 
2022-07-27T23:19:20.911-0700: 526132.415: [GC cleanup 3375M->3375M(14336M), 0.0079684 secs]
 [Times: user=0.05 sys=0.00, real=0.01 secs] 
2022-07-27T23:35:59.162-0700: 527130.667: [GC pause (G1 Evacuation Pause) (young), 0.0106097 secs]
   [Parallel Time: 6.3 ms, GC Workers: 8]
      [GC Worker Start (ms): Min: 527130667.2, Avg: 527130667.3, Max: 527130667.4, Diff: 0.2]
      [Ext Root Scanning (ms): Min: 1.3, Avg: 2.0, Max: 5.9, Diff: 4.7, Sum: 16.1]
      [Update RS (ms): Min: 0.0, Avg: 0.4, Max: 0.8, Diff: 0.8, Sum: 3.0]
         [Processed Buffers: Min: 0, Avg: 19.9, Max: 54, Diff: 54, Sum: 159]
      [Scan RS (ms): Min: 0.0, Avg: 0.1, Max: 0.2, Diff: 0.2, Sum: 0.7]
      [Code Root Scanning (ms): Min: 0.0, Avg: 0.0, Max: 0.0, Diff: 0.0, Sum: 0.0]
      [Object Copy (ms): Min: 0.0, Avg: 0.5, Max: 0.7, Diff: 0.7, Sum: 3.9]
      [Termination (ms): Min: 0.0, Avg: 3.0, Max: 3.4, Diff: 3.4, Sum: 23.7]
         [Termination Attempts: Min: 1, Avg: 1.1, Max: 2, Diff: 1, Sum: 9]
      [GC Worker Other (ms): Min: 0.0, Avg: 0.0, Max: 0.0, Diff: 0.0, Sum: 0.2]
      [GC Worker Total (ms): Min: 5.9, Avg: 5.9, Max: 6.0, Diff: 0.2, Sum: 47.6]
      [GC Worker End (ms): Min: 527130673.2, Avg: 527130673.3, Max: 527130673.3, Diff: 0.0]
   [Code Root Fixup: 0.0 ms]
   [Code Root Purge: 0.0 ms]
   [Clear CT: 0.6 ms]
   [Other: 3.7 ms]
      [Choose CSet: 0.0 ms]
      [Ref Proc: 3.1 ms]
      [Ref Enq: 0.1 ms]
      [Redirty Cards: 0.1 ms]
      [Humongous Register: 0.1 ms]
      [Humongous Reclaim: 0.0 ms]
      [Free CSet: 0.3 ms]
   [Eden: 7152.0M(7152.0M)->0.0B(7152.0M) Survivors: 16384.0K->16384.0K Heap: 10487.7M(14336.0M)->3335.8M(14336.0M)]
 [Times: user=0.06 sys=0.00, real=0.01 secs] 
2022-07-27T23:52:27.146-0700: 528118.651: [GC pause (G1 Evacuation Pause) (young), 0.0116589 secs]
   [Parallel Time: 6.0 ms, GC Workers: 8]
      [GC Worker Start (ms): Min: 528118651.0, Avg: 528118651.0, Max: 528118651.1, Diff: 0.1]
      [Ext Root Scanning (ms): Min: 1.2, Avg: 2.0, Max: 5.8, Diff: 4.5, Sum: 15.6]
      [Update RS (ms): Min: 0.0, Avg: 0.4, Max: 0.8, Diff: 0.8, Sum: 2.9]
         [Processed Buffers: Min: 0, Avg: 21.2, Max: 60, Diff: 60, Sum: 170]
      [Scan RS (ms): Min: 0.0, Avg: 0.1, Max: 0.2, Diff: 0.1, Sum: 0.7]
      [Code Root Scanning (ms): Min: 0.0, Avg: 0.0, Max: 0.0, Diff: 0.0, Sum: 0.0]
      [Object Copy (ms): Min: 0.0, Avg: 0.5, Max: 0.7, Diff: 0.7, Sum: 3.9]
      [Termination (ms): Min: 0.0, Avg: 2.9, Max: 3.3, Diff: 3.3, Sum: 22.8]
         [Termination Attempts: Min: 1, Avg: 1.2, Max: 2, Diff: 1, Sum: 10]
      [GC Worker Other (ms): Min: 0.0, Avg: 0.0, Max: 0.1, Diff: 0.0, Sum: 0.2]
      [GC Worker Total (ms): Min: 5.7, Avg: 5.8, Max: 5.8, Diff: 0.1, Sum: 46.2]
      [GC Worker End (ms): Min: 528118656.8, Avg: 528118656.8, Max: 528118656.8, Diff: 0.0]
   [Code Root Fixup: 0.0 ms]
   [Code Root Purge: 0.0 ms]
   [Clear CT: 0.6 ms]
   [Other: 5.0 ms]
      [Choose CSet: 0.0 ms]
      [Ref Proc: 4.0 ms]
      [Ref Enq: 0.3 ms]
      [Redirty Cards: 0.2 ms]
      [Humongous Register: 0.1 ms]
      [Humongous Reclaim: 0.0 ms]
      [Free CSet: 0.3 ms]
   [Eden: 7152.0M(7152.0M)->0.0B(7152.0M) Survivors: 16384.0K->16384.0K Heap: 10487.8M(14336.0M)->3335.7M(14336.0M)]
 [Times: user=0.06 sys=0.00, real=0.01 secs] 
2022-07-28T00:09:07.411-0700: 529118.916: [GC pause (G1 Evacuation Pause) (young) (initial-mark), 0.0113821 secs]
   [Parallel Time: 7.8 ms, GC Workers: 8]
      [GC Worker Start (ms): Min: 529118918.0, Avg: 529118918.0, Max: 529118918.1, Diff: 0.1]
      [Ext Root Scanning (ms): Min: 5.0, Avg: 5.2, Max: 5.4, Diff: 0.4, Sum: 41.9]
      [Update RS (ms): Min: 0.2, Avg: 0.2, Max: 0.4, Diff: 0.3, Sum: 2.0]
         [Processed Buffers: Min: 1, Avg: 21.9, Max: 60, Diff: 59, Sum: 175]
      [Scan RS (ms): Min: 0.0, Avg: 0.1, Max: 0.1, Diff: 0.1, Sum: 0.4]
      [Code Root Scanning (ms): Min: 0.0, Avg: 0.0, Max: 0.0, Diff: 0.0, Sum: 0.0]
      [Object Copy (ms): Min: 0.0, Avg: 0.4, Max: 0.6, Diff: 0.6, Sum: 2.9]
      [Termination (ms): Min: 0.0, Avg: 0.0, Max: 0.0, Diff: 0.0, Sum: 0.0]
         [Termination Attempts: Min: 1, Avg: 2.4, Max: 4, Diff: 3, Sum: 19]
      [GC Worker Other (ms): Min: 0.0, Avg: 0.0, Max: 0.1, Diff: 0.1, Sum: 0.4]
      [GC Worker Total (ms): Min: 5.9, Avg: 6.0, Max: 6.0, Diff: 0.2, Sum: 47.7]
      [GC Worker End (ms): Min: 529118924.0, Avg: 529118924.0, Max: 529118924.1, Diff: 0.1]
   [Code Root Fixup: 0.0 ms]
   [Code Root Purge: 0.0 ms]
   [Clear CT: 0.7 ms]
   [Other: 2.9 ms]
      [Choose CSet: 0.0 ms]
      [Ref Proc: 2.1 ms]
      [Ref Enq: 0.1 ms]
      [Redirty Cards: 0.1 ms]
      [Humongous Register: 0.0 ms]
      [Humongous Reclaim: 0.0 ms]
      [Free CSet: 0.3 ms]
   [Eden: 7152.0M(7152.0M)->0.0B(7152.0M) Survivors: 16384.0K->16384.0K Heap: 10487.7M(14336.0M)->3335.6M(14336.0M)]
 [Times: user=0.05 sys=0.00, real=0.02 secs] 
2022-07-28T00:09:07.423-0700: 529118.928: [GC concurrent-root-region-scan-start]
2022-07-28T00:09:07.428-0700: 529118.933: [GC concurrent-root-region-scan-end, 0.0049040 secs]
2022-07-28T00:09:07.428-0700: 529118.933: [GC concurrent-mark-start]
2022-07-28T00:09:09.893-0700: 529121.398: [GC concurrent-mark-end, 2.4651150 secs]
2022-07-28T00:09:09.893-0700: 529121.398: [GC remark 2022-07-28T00:09:09.893-0700: 529121.398: [Finalize Marking, 0.0002921 secs] 2022-07-28T00:09:09.894-0700: 529121.398: [GC ref-proc, 0.0121151 secs] 2022-07-28T00:09:09.906-0700: 529121.411: [Unloading, 0.0271902 secs], 0.0450199 secs]
 [Times: user=0.26 sys=0.00, real=0.05 secs] 
2022-07-28T00:09:09.939-0700: 529121.443: [GC cleanup 3407M->3407M(14336M), 0.0079591 secs]
 [Times: user=0.06 sys=0.00, real=0.01 secs] 
2022-07-28T00:25:39.311-0700: 530110.816: [GC pause (G1 Evacuation Pause) (young), 0.0117960 secs]
   [Parallel Time: 6.2 ms, GC Workers: 8]
      [GC Worker Start (ms): Min: 530110816.3, Avg: 530110816.4, Max: 530110816.4, Diff: 0.1]
      [Ext Root Scanning (ms): Min: 1.2, Avg: 2.0, Max: 5.8, Diff: 4.6, Sum: 15.8]
      [Update RS (ms): Min: 0.0, Avg: 0.4, Max: 0.8, Diff: 0.8, Sum: 3.0]
         [Processed Buffers: Min: 0, Avg: 22.8, Max: 48, Diff: 48, Sum: 182]
      [Scan RS (ms): Min: 0.0, Avg: 0.1, Max: 0.2, Diff: 0.1, Sum: 0.7]
      [Code Root Scanning (ms): Min: 0.0, Avg: 0.0, Max: 0.0, Diff: 0.0, Sum: 0.0]
      [Object Copy (ms): Min: 0.0, Avg: 0.5, Max: 0.7, Diff: 0.7, Sum: 3.9]
      [Termination (ms): Min: 0.0, Avg: 2.9, Max: 3.3, Diff: 3.3, Sum: 22.9]
         [Termination Attempts: Min: 1, Avg: 1.2, Max: 2, Diff: 1, Sum: 10]
      [GC Worker Other (ms): Min: 0.0, Avg: 0.0, Max: 0.0, Diff: 0.0, Sum: 0.1]
      [GC Worker Total (ms): Min: 5.7, Avg: 5.8, Max: 5.9, Diff: 0.1, Sum: 46.4]
      [GC Worker End (ms): Min: 530110822.2, Avg: 530110822.2, Max: 530110822.2, Diff: 0.0]
   [Code Root Fixup: 0.0 ms]
   [Code Root Purge: 0.0 ms]
   [Clear CT: 0.6 ms]
   [Other: 4.9 ms]
      [Choose CSet: 0.0 ms]
      [Ref Proc: 4.3 ms]
      [Ref Enq: 0.1 ms]
      [Redirty Cards: 0.1 ms]
      [Humongous Register: 0.1 ms]
      [Humongous Reclaim: 0.0 ms]
      [Free CSet: 0.3 ms]
   [Eden: 7152.0M(7152.0M)->0.0B(7152.0M) Survivors: 16384.0K->16384.0K Heap: 10487.6M(14336.0M)->3335.8M(14336.0M)]
 [Times: user=0.04 sys=0.02, real=0.02 secs] 
2022-07-28T00:42:25.461-0700: 531116.966: [GC pause (G1 Evacuation Pause) (young), 0.0120167 secs]
   [Parallel Time: 6.3 ms, GC Workers: 8]
      [GC Worker Start (ms): Min: 531116966.0, Avg: 531116966.1, Max: 531116966.2, Diff: 0.1]
      [Ext Root Scanning (ms): Min: 1.2, Avg: 2.0, Max: 6.0, Diff: 4.8, Sum: 15.8]
      [Update RS (ms): Min: 0.0, Avg: 0.3, Max: 0.6, Diff: 0.6, Sum: 2.7]
         [Processed Buffers: Min: 0, Avg: 21.2, Max: 45, Diff: 45, Sum: 170]
      [Scan RS (ms): Min: 0.0, Avg: 0.1, Max: 0.2, Diff: 0.1, Sum: 0.6]
      [Code Root Scanning (ms): Min: 0.0, Avg: 0.0, Max: 0.0, Diff: 0.0, Sum: 0.0]
      [Object Copy (ms): Min: 0.0, Avg: 0.5, Max: 0.7, Diff: 0.7, Sum: 3.8]
      [Termination (ms): Min: 0.0, Avg: 3.1, Max: 3.5, Diff: 3.5, Sum: 24.4]
         [Termination Attempts: Min: 1, Avg: 1.1, Max: 2, Diff: 1, Sum: 9]
      [GC Worker Other (ms): Min: 0.0, Avg: 0.0, Max: 0.1, Diff: 0.0, Sum: 0.2]
      [GC Worker Total (ms): Min: 5.9, Avg: 6.0, Max: 6.0, Diff: 0.1, Sum: 47.6]
      [GC Worker End (ms): Min: 531116972.0, Avg: 531116972.0, Max: 531116972.1, Diff: 0.0]
   [Code Root Fixup: 0.0 ms]
   [Code Root Purge: 0.0 ms]
   [Clear CT: 0.6 ms]
   [Other: 5.1 ms]
      [Choose CSet: 0.0 ms]
      [Ref Proc: 4.4 ms]
      [Ref Enq: 0.1 ms]
      [Redirty Cards: 0.1 ms]
      [Humongous Register: 0.1 ms]
      [Humongous Reclaim: 0.0 ms]
      [Free CSet: 0.3 ms]
   [Eden: 7152.0M(7152.0M)->0.0B(7152.0M) Survivors: 16384.0K->16384.0K Heap: 10487.8M(14336.0M)->3335.7M(14336.0M)]
 [Times: user=0.06 sys=0.00, real=0.01 secs] 
2022-07-28T00:59:05.961-0700: 532117.466: [GC pause (G1 Evacuation Pause) (young) (initial-mark), 0.0149172 secs]
   [Parallel Time: 9.5 ms, GC Workers: 8]
      [GC Worker Start (ms): Min: 532117468.5, Avg: 532117468.6, Max: 532117468.7, Diff: 0.2]
      [Ext Root Scanning (ms): Min: 6.0, Avg: 6.2, Max: 6.6, Diff: 0.6, Sum: 49.7]
      [Update RS (ms): Min: 0.1, Avg: 0.3, Max: 0.5, Diff: 0.3, Sum: 2.1]
         [Processed Buffers: Min: 1, Avg: 20.8, Max: 61, Diff: 60, Sum: 166]
      [Scan RS (ms): Min: 0.0, Avg: 0.1, Max: 0.1, Diff: 0.1, Sum: 0.5]
      [Code Root Scanning (ms): Min: 0.0, Avg: 0.0, Max: 0.0, Diff: 0.0, Sum: 0.0]
      [Object Copy (ms): Min: 0.1, Avg: 0.5, Max: 0.8, Diff: 0.7, Sum: 4.1]
      [Termination (ms): Min: 0.0, Avg: 0.0, Max: 0.0, Diff: 0.0, Sum: 0.2]
         [Termination Attempts: Min: 1, Avg: 1.4, Max: 3, Diff: 2, Sum: 11]
      [GC Worker Other (ms): Min: 0.0, Avg: 0.0, Max: 0.1, Diff: 0.0, Sum: 0.2]
      [GC Worker Total (ms): Min: 7.0, Avg: 7.1, Max: 7.2, Diff: 0.2, Sum: 56.9]
      [GC Worker End (ms): Min: 532117475.7, Avg: 532117475.7, Max: 532117475.7, Diff: 0.1]
   [Code Root Fixup: 0.0 ms]
   [Code Root Purge: 0.0 ms]
   [Clear CT: 0.6 ms]
   [Other: 4.8 ms]
      [Choose CSet: 0.0 ms]
      [Ref Proc: 4.0 ms]
      [Ref Enq: 0.1 ms]
      [Redirty Cards: 0.1 ms]
      [Humongous Register: 0.1 ms]
      [Humongous Reclaim: 0.0 ms]
      [Free CSet: 0.3 ms]
   [Eden: 7152.0M(7152.0M)->0.0B(7152.0M) Survivors: 16384.0K->16384.0K Heap: 10487.7M(14336.0M)->3335.8M(14336.0M)]
 [Times: user=0.06 sys=0.00, real=0.02 secs] 
2022-07-28T00:59:05.976-0700: 532117.481: [GC concurrent-root-region-scan-start]
2022-07-28T00:59:05.982-0700: 532117.486: [GC concurrent-root-region-scan-end, 0.0051261 secs]
2022-07-28T00:59:05.982-0700: 532117.486: [GC concurrent-mark-start]
2022-07-28T00:59:08.416-0700: 532119.921: [GC concurrent-mark-end, 2.4345265 secs]
2022-07-28T00:59:08.417-0700: 532119.921: [GC remark 2022-07-28T00:59:08.417-0700: 532119.921: [Finalize Marking, 0.0002192 secs] 2022-07-28T00:59:08.417-0700: 532119.922: [GC ref-proc, 0.0114478 secs] 2022-07-28T00:59:08.428-0700: 532119.933: [Unloading, 0.0272438 secs], 0.0444305 secs]
 [Times: user=0.26 sys=0.00, real=0.04 secs] 
2022-07-28T00:59:08.461-0700: 532119.966: [GC cleanup 3407M->3407M(14336M), 0.0084715 secs]
 [Times: user=0.06 sys=0.00, real=0.01 secs] 
2022-07-28T01:15:45.262-0700: 533116.767: [GC pause (G1 Evacuation Pause) (young), 0.0113804 secs]
   [Parallel Time: 6.1 ms, GC Workers: 8]
      [GC Worker Start (ms): Min: 533116767.2, Avg: 533116767.2, Max: 533116767.3, Diff: 0.1]
      [Ext Root Scanning (ms): Min: 1.2, Avg: 2.0, Max: 5.8, Diff: 4.6, Sum: 15.9]
      [Update RS (ms): Min: 0.0, Avg: 0.4, Max: 0.9, Diff: 0.9, Sum: 2.9]
         [Processed Buffers: Min: 0, Avg: 20.8, Max: 72, Diff: 72, Sum: 166]
      [Scan RS (ms): Min: 0.0, Avg: 0.1, Max: 0.2, Diff: 0.1, Sum: 0.7]
      [Code Root Scanning (ms): Min: 0.0, Avg: 0.0, Max: 0.0, Diff: 0.0, Sum: 0.0]
      [Object Copy (ms): Min: 0.0, Avg: 0.5, Max: 0.7, Diff: 0.7, Sum: 4.2]
      [Termination (ms): Min: 0.0, Avg: 2.8, Max: 3.2, Diff: 3.2, Sum: 22.7]
         [Termination Attempts: Min: 1, Avg: 4.4, Max: 7, Diff: 6, Sum: 35]
      [GC Worker Other (ms): Min: 0.0, Avg: 0.0, Max: 0.0, Diff: 0.0, Sum: 0.2]
      [GC Worker Total (ms): Min: 5.7, Avg: 5.8, Max: 5.9, Diff: 0.1, Sum: 46.5]
      [GC Worker End (ms): Min: 533116773.0, Avg: 533116773.0, Max: 533116773.0, Diff: 0.0]
   [Code Root Fixup: 0.0 ms]
   [Code Root Purge: 0.0 ms]
   [Clear CT: 0.6 ms]
   [Other: 4.7 ms]
      [Choose CSet: 0.0 ms]
      [Ref Proc: 4.0 ms]
      [Ref Enq: 0.1 ms]
      [Redirty Cards: 0.1 ms]
      [Humongous Register: 0.1 ms]
      [Humongous Reclaim: 0.0 ms]
      [Free CSet: 0.3 ms]
   [Eden: 7152.0M(7152.0M)->0.0B(7152.0M) Survivors: 16384.0K->16384.0K Heap: 10487.8M(14336.0M)->3335.7M(14336.0M)]
 [Times: user=0.06 sys=0.00, real=0.01 secs] 
2022-07-28T01:32:41.764-0700: 534133.268: [GC pause (G1 Evacuation Pause) (young), 0.0093570 secs]
   [Parallel Time: 5.5 ms, GC Workers: 8]
      [GC Worker Start (ms): Min: 534133268.4, Avg: 534133268.5, Max: 534133268.5, Diff: 0.1]
      [Ext Root Scanning (ms): Min: 1.0, Avg: 1.7, Max: 5.2, Diff: 4.2, Sum: 13.8]
      [Update RS (ms): Min: 0.0, Avg: 0.3, Max: 0.6, Diff: 0.6, Sum: 2.5]
         [Processed Buffers: Min: 0, Avg: 22.0, Max: 78, Diff: 78, Sum: 176]
      [Scan RS (ms): Min: 0.0, Avg: 0.1, Max: 0.1, Diff: 0.1, Sum: 0.6]
      [Code Root Scanning (ms): Min: 0.0, Avg: 0.0, Max: 0.0, Diff: 0.0, Sum: 0.0]
      [Object Copy (ms): Min: 0.0, Avg: 0.4, Max: 0.6, Diff: 0.6, Sum: 3.4]
      [Termination (ms): Min: 0.0, Avg: 2.7, Max: 3.1, Diff: 3.1, Sum: 21.4]
         [Termination Attempts: Min: 1, Avg: 1.2, Max: 2, Diff: 1, Sum: 10]
      [GC Worker Other (ms): Min: 0.0, Avg: 0.0, Max: 0.0, Diff: 0.0, Sum: 0.1]
      [GC Worker Total (ms): Min: 5.1, Avg: 5.2, Max: 5.3, Diff: 0.1, Sum: 41.7]
      [GC Worker End (ms): Min: 534133273.7, Avg: 534133273.7, Max: 534133273.7, Diff: 0.0]
   [Code Root Fixup: 0.0 ms]
   [Code Root Purge: 0.0 ms]
   [Clear CT: 0.6 ms]
   [Other: 3.2 ms]
      [Choose CSet: 0.0 ms]
      [Ref Proc: 2.3 ms]
      [Ref Enq: 0.2 ms]
      [Redirty Cards: 0.2 ms]
      [Humongous Register: 0.0 ms]
      [Humongous Reclaim: 0.0 ms]
      [Free CSet: 0.3 ms]
   [Eden: 7152.0M(7152.0M)->0.0B(7152.0M) Survivors: 16384.0K->16384.0K Heap: 10487.7M(14336.0M)->3335.6M(14336.0M)]
 [Times: user=0.05 sys=0.00, real=0.00 secs] 
2022-07-28T01:49:10.961-0700: 535122.466: [GC pause (G1 Evacuation Pause) (young) (initial-mark), 0.0156372 secs]
   [Parallel Time: 10.3 ms, GC Workers: 8]
      [GC Worker Start (ms): Min: 535122468.4, Avg: 535122468.5, Max: 535122468.5, Diff: 0.2]
      [Ext Root Scanning (ms): Min: 6.6, Avg: 6.8, Max: 7.1, Diff: 0.5, Sum: 54.5]
      [Update RS (ms): Min: 0.1, Avg: 0.3, Max: 0.5, Diff: 0.4, Sum: 2.2]
         [Processed Buffers: Min: 1, Avg: 20.1, Max: 55, Diff: 54, Sum: 161]
      [Scan RS (ms): Min: 0.0, Avg: 0.1, Max: 0.1, Diff: 0.1, Sum: 0.5]
      [Code Root Scanning (ms): Min: 0.0, Avg: 0.0, Max: 0.0, Diff: 0.0, Sum: 0.0]
      [Object Copy (ms): Min: 0.2, Avg: 0.5, Max: 0.7, Diff: 0.5, Sum: 4.0]
      [Termination (ms): Min: 0.0, Avg: 0.1, Max: 0.1, Diff: 0.1, Sum: 0.6]
         [Termination Attempts: Min: 1, Avg: 1.8, Max: 4, Diff: 3, Sum: 14]
      [GC Worker Other (ms): Min: 0.0, Avg: 0.0, Max: 0.1, Diff: 0.1, Sum: 0.3]
      [GC Worker Total (ms): Min: 7.7, Avg: 7.8, Max: 7.9, Diff: 0.2, Sum: 62.2]
      [GC Worker End (ms): Min: 535122476.2, Avg: 535122476.2, Max: 535122476.3, Diff: 0.1]
   [Code Root Fixup: 0.0 ms]
   [Code Root Purge: 0.0 ms]
   [Clear CT: 0.7 ms]
   [Other: 4.6 ms]
      [Choose CSet: 0.0 ms]
      [Ref Proc: 3.9 ms]
      [Ref Enq: 0.1 ms]
      [Redirty Cards: 0.1 ms]
      [Humongous Register: 0.0 ms]
      [Humongous Reclaim: 0.0 ms]
      [Free CSet: 0.3 ms]
   [Eden: 7152.0M(7152.0M)->0.0B(7152.0M) Survivors: 16384.0K->16384.0K Heap: 10487.6M(14336.0M)->3335.9M(14336.0M)]
 [Times: user=0.06 sys=0.01, real=0.02 secs] 
2022-07-28T01:49:10.977-0700: 535122.482: [GC concurrent-root-region-scan-start]
2022-07-28T01:49:10.983-0700: 535122.488: [GC concurrent-root-region-scan-end, 0.0057786 secs]
2022-07-28T01:49:10.983-0700: 535122.488: [GC concurrent-mark-start]
2022-07-28T01:49:13.429-0700: 535124.934: [GC concurrent-mark-end, 2.4462407 secs]
2022-07-28T01:49:13.430-0700: 535124.934: [GC remark 2022-07-28T01:49:13.430-0700: 535124.934: [Finalize Marking, 0.0003350 secs] 2022-07-28T01:49:13.430-0700: 535124.935: [GC ref-proc, 0.0111669 secs] 2022-07-28T01:49:13.441-0700: 535124.946: [Unloading, 0.0275898 secs], 0.0445326 secs]
 [Times: user=0.26 sys=0.00, real=0.04 secs] 
2022-07-28T01:49:13.475-0700: 535124.979: [GC cleanup 3375M->3375M(14336M), 0.0080229 secs]
 [Times: user=0.06 sys=0.00, real=0.01 secs] 
2022-07-28T02:06:02.324-0700: 536133.828: [GC pause (G1 Evacuation Pause) (young), 0.0097925 secs]
   [Parallel Time: 6.1 ms, GC Workers: 8]
      [GC Worker Start (ms): Min: 536133828.5, Avg: 536133828.7, Max: 536133828.8, Diff: 0.2]
      [Ext Root Scanning (ms): Min: 1.2, Avg: 2.1, Max: 5.9, Diff: 4.7, Sum: 16.4]
      [Update RS (ms): Min: 0.0, Avg: 0.4, Max: 0.7, Diff: 0.7, Sum: 3.0]
         [Processed Buffers: Min: 0, Avg: 22.4, Max: 62, Diff: 62, Sum: 179]
      [Scan RS (ms): Min: 0.0, Avg: 0.1, Max: 0.2, Diff: 0.2, Sum: 0.6]
      [Code Root Scanning (ms): Min: 0.0, Avg: 0.0, Max: 0.0, Diff: 0.0, Sum: 0.0]
      [Object Copy (ms): Min: 0.0, Avg: 0.5, Max: 0.8, Diff: 0.8, Sum: 4.3]
      [Termination (ms): Min: 0.0, Avg: 2.8, Max: 3.2, Diff: 3.2, Sum: 22.4]
         [Termination Attempts: Min: 1, Avg: 4.1, Max: 7, Diff: 6, Sum: 33]
      [GC Worker Other (ms): Min: 0.0, Avg: 0.0, Max: 0.0, Diff: 0.0, Sum: 0.2]
      [GC Worker Total (ms): Min: 5.7, Avg: 5.9, Max: 6.0, Diff: 0.2, Sum: 46.9]
      [GC Worker End (ms): Min: 536133834.5, Avg: 536133834.5, Max: 536133834.5, Diff: 0.0]
   [Code Root Fixup: 0.0 ms]
   [Code Root Purge: 0.0 ms]
   [Clear CT: 0.6 ms]
   [Other: 3.1 ms]
      [Choose CSet: 0.0 ms]
      [Ref Proc: 2.5 ms]
      [Ref Enq: 0.1 ms]
      [Redirty Cards: 0.1 ms]
      [Humongous Register: 0.1 ms]
      [Humongous Reclaim: 0.0 ms]
      [Free CSet: 0.3 ms]
   [Eden: 7152.0M(7152.0M)->0.0B(7152.0M) Survivors: 16384.0K->16384.0K Heap: 10487.9M(14336.0M)->3335.7M(14336.0M)]
 [Times: user=0.05 sys=0.01, real=0.00 secs] 
2022-07-28T02:22:42.005-0700: 537133.510: [GC pause (G1 Evacuation Pause) (young), 0.0106441 secs]
   [Parallel Time: 5.8 ms, GC Workers: 8]
      [GC Worker Start (ms): Min: 537133510.1, Avg: 537133510.2, Max: 537133510.2, Diff: 0.1]
      [Ext Root Scanning (ms): Min: 1.2, Avg: 1.9, Max: 5.6, Diff: 4.4, Sum: 15.4]
      [Update RS (ms): Min: 0.0, Avg: 0.4, Max: 0.7, Diff: 0.7, Sum: 2.9]
         [Processed Buffers: Min: 0, Avg: 21.0, Max: 50, Diff: 50, Sum: 168]
      [Scan RS (ms): Min: 0.0, Avg: 0.1, Max: 0.2, Diff: 0.2, Sum: 0.7]
      [Code Root Scanning (ms): Min: 0.0, Avg: 0.0, Max: 0.0, Diff: 0.0, Sum: 0.0]
      [Object Copy (ms): Min: 0.0, Avg: 0.5, Max: 0.7, Diff: 0.7, Sum: 3.9]
      [Termination (ms): Min: 0.0, Avg: 2.6, Max: 3.0, Diff: 3.0, Sum: 21.2]
         [Termination Attempts: Min: 1, Avg: 1.1, Max: 2, Diff: 1, Sum: 9]
      [GC Worker Other (ms): Min: 0.0, Avg: 0.0, Max: 0.0, Diff: 0.0, Sum: 0.1]
      [GC Worker Total (ms): Min: 5.5, Avg: 5.5, Max: 5.6, Diff: 0.1, Sum: 44.3]
      [GC Worker End (ms): Min: 537133515.7, Avg: 537133515.7, Max: 537133515.7, Diff: 0.0]
   [Code Root Fixup: 0.0 ms]
   [Code Root Purge: 0.0 ms]
   [Clear CT: 0.6 ms]
   [Other: 4.2 ms]
      [Choose CSet: 0.0 ms]
      [Ref Proc: 3.5 ms]
      [Ref Enq: 0.1 ms]
      [Redirty Cards: 0.1 ms]
      [Humongous Register: 0.1 ms]
      [Humongous Reclaim: 0.0 ms]
      [Free CSet: 0.3 ms]
   [Eden: 7152.0M(7152.0M)->0.0B(7152.0M) Survivors: 16384.0K->16384.0K Heap: 10487.7M(14336.0M)->3335.7M(14336.0M)]
 [Times: user=0.06 sys=0.00, real=0.01 secs] 
2022-07-28T02:39:16.212-0700: 538127.717: [GC pause (G1 Evacuation Pause) (young) (initial-mark), 0.0147789 secs]
   [Parallel Time: 9.3 ms, GC Workers: 8]
      [GC Worker Start (ms): Min: 538127718.7, Avg: 538127718.8, Max: 538127718.9, Diff: 0.2]
      [Ext Root Scanning (ms): Min: 5.8, Avg: 6.2, Max: 6.5, Diff: 0.7, Sum: 49.6]
      [Update RS (ms): Min: 0.2, Avg: 0.3, Max: 0.5, Diff: 0.3, Sum: 2.1]
         [Processed Buffers: Min: 1, Avg: 22.2, Max: 71, Diff: 70, Sum: 178]
      [Scan RS (ms): Min: 0.0, Avg: 0.1, Max: 0.1, Diff: 0.1, Sum: 0.5]
      [Code Root Scanning (ms): Min: 0.0, Avg: 0.0, Max: 0.0, Diff: 0.0, Sum: 0.0]
      [Object Copy (ms): Min: 0.1, Avg: 0.6, Max: 0.9, Diff: 0.8, Sum: 4.5]
      [Termination (ms): Min: 0.0, Avg: 0.1, Max: 0.1, Diff: 0.1, Sum: 0.4]
         [Termination Attempts: Min: 1, Avg: 3.0, Max: 5, Diff: 4, Sum: 24]
      [GC Worker Other (ms): Min: 0.0, Avg: 0.0, Max: 0.0, Diff: 0.0, Sum: 0.2]
      [GC Worker Total (ms): Min: 7.1, Avg: 7.2, Max: 7.3, Diff: 0.2, Sum: 57.4]
      [GC Worker End (ms): Min: 538127725.9, Avg: 538127725.9, Max: 538127726.0, Diff: 0.1]
   [Code Root Fixup: 0.0 ms]
   [Code Root Purge: 0.0 ms]
   [Clear CT: 0.6 ms]
   [Other: 4.8 ms]
      [Choose CSet: 0.0 ms]
      [Ref Proc: 4.1 ms]
      [Ref Enq: 0.1 ms]
      [Redirty Cards: 0.1 ms]
      [Humongous Register: 0.0 ms]
      [Humongous Reclaim: 0.0 ms]
      [Free CSet: 0.3 ms]
   [Eden: 7152.0M(7152.0M)->0.0B(7152.0M) Survivors: 16384.0K->16384.0K Heap: 10487.7M(14336.0M)->3335.8M(14336.0M)]
 [Times: user=0.06 sys=0.00, real=0.02 secs] 
2022-07-28T02:39:16.227-0700: 538127.732: [GC concurrent-root-region-scan-start]
2022-07-28T02:39:16.232-0700: 538127.736: [GC concurrent-root-region-scan-end, 0.0047445 secs]
2022-07-28T02:39:16.232-0700: 538127.736: [GC concurrent-mark-start]
2022-07-28T02:39:18.682-0700: 538130.187: [GC concurrent-mark-end, 2.4507163 secs]
2022-07-28T02:39:18.683-0700: 538130.187: [GC remark 2022-07-28T02:39:18.683-0700: 538130.187: [Finalize Marking, 0.0002953 secs] 2022-07-28T02:39:18.683-0700: 538130.188: [GC ref-proc, 0.0085852 secs] 2022-07-28T02:39:18.692-0700: 538130.196: [Unloading, 0.0281079 secs], 0.0423528 secs]
 [Times: user=0.26 sys=0.00, real=0.04 secs] 
2022-07-28T02:39:18.725-0700: 538130.230: [GC cleanup 3375M->3375M(14336M), 0.0081274 secs]
 [Times: user=0.06 sys=0.00, real=0.00 secs] 
2022-07-28T02:55:46.462-0700: 539117.967: [GC pause (G1 Evacuation Pause) (young), 0.0087618 secs]
   [Parallel Time: 5.7 ms, GC Workers: 8]
      [GC Worker Start (ms): Min: 539117966.9, Avg: 539117966.9, Max: 539117967.0, Diff: 0.1]
      [Ext Root Scanning (ms): Min: 1.3, Avg: 2.0, Max: 5.5, Diff: 4.2, Sum: 15.9]
      [Update RS (ms): Min: 0.0, Avg: 0.4, Max: 0.7, Diff: 0.7, Sum: 2.9]
         [Processed Buffers: Min: 0, Avg: 20.6, Max: 42, Diff: 42, Sum: 165]
      [Scan RS (ms): Min: 0.0, Avg: 0.1, Max: 0.2, Diff: 0.1, Sum: 0.7]
      [Code Root Scanning (ms): Min: 0.0, Avg: 0.0, Max: 0.0, Diff: 0.0, Sum: 0.0]
      [Object Copy (ms): Min: 0.0, Avg: 0.5, Max: 0.7, Diff: 0.7, Sum: 4.0]
      [Termination (ms): Min: 0.0, Avg: 2.6, Max: 2.9, Diff: 2.9, Sum: 20.5]
         [Termination Attempts: Min: 1, Avg: 2.0, Max: 3, Diff: 2, Sum: 16]
      [GC Worker Other (ms): Min: 0.0, Avg: 0.0, Max: 0.1, Diff: 0.0, Sum: 0.2]
      [GC Worker Total (ms): Min: 5.5, Avg: 5.5, Max: 5.6, Diff: 0.1, Sum: 44.3]
      [GC Worker End (ms): Min: 539117972.4, Avg: 539117972.5, Max: 539117972.5, Diff: 0.0]
   [Code Root Fixup: 0.0 ms]
   [Code Root Purge: 0.0 ms]
   [Clear CT: 0.6 ms]
   [Other: 2.4 ms]
      [Choose CSet: 0.0 ms]
      [Ref Proc: 1.7 ms]
      [Ref Enq: 0.1 ms]
      [Redirty Cards: 0.1 ms]
      [Humongous Register: 0.1 ms]
      [Humongous Reclaim: 0.0 ms]
      [Free CSet: 0.3 ms]
   [Eden: 7152.0M(7152.0M)->0.0B(7152.0M) Survivors: 16384.0K->16384.0K Heap: 10487.8M(14336.0M)->3335.7M(14336.0M)]
 [Times: user=0.06 sys=0.00, real=0.01 secs] 
2022-07-28T03:12:41.212-0700: 540132.717: [GC pause (G1 Evacuation Pause) (young), 0.0113520 secs]
   [Parallel Time: 5.9 ms, GC Workers: 8]
      [GC Worker Start (ms): Min: 540132716.7, Avg: 540132716.8, Max: 540132716.9, Diff: 0.2]
      [Ext Root Scanning (ms): Min: 1.2, Avg: 2.0, Max: 5.7, Diff: 4.5, Sum: 15.9]
      [Update RS (ms): Min: 0.0, Avg: 0.4, Max: 0.8, Diff: 0.8, Sum: 2.9]
         [Processed Buffers: Min: 0, Avg: 20.4, Max: 40, Diff: 40, Sum: 163]
      [Scan RS (ms): Min: 0.0, Avg: 0.1, Max: 0.2, Diff: 0.1, Sum: 0.7]
      [Code Root Scanning (ms): Min: 0.0, Avg: 0.0, Max: 0.0, Diff: 0.0, Sum: 0.0]
      [Object Copy (ms): Min: 0.0, Avg: 0.5, Max: 0.7, Diff: 0.7, Sum: 3.7]
      [Termination (ms): Min: 0.0, Avg: 2.8, Max: 3.2, Diff: 3.2, Sum: 22.2]
         [Termination Attempts: Min: 1, Avg: 1.5, Max: 2, Diff: 1, Sum: 12]
      [GC Worker Other (ms): Min: 0.0, Avg: 0.0, Max: 0.0, Diff: 0.0, Sum: 0.2]
      [GC Worker Total (ms): Min: 5.6, Avg: 5.7, Max: 5.8, Diff: 0.2, Sum: 45.5]
      [GC Worker End (ms): Min: 540132722.5, Avg: 540132722.5, Max: 540132722.5, Diff: 0.0]
   [Code Root Fixup: 0.0 ms]
   [Code Root Purge: 0.0 ms]
   [Clear CT: 0.6 ms]
   [Other: 4.9 ms]
      [Choose CSet: 0.0 ms]
      [Ref Proc: 4.2 ms]
      [Ref Enq: 0.1 ms]
      [Redirty Cards: 0.1 ms]
      [Humongous Register: 0.1 ms]
      [Humongous Reclaim: 0.0 ms]
      [Free CSet: 0.3 ms]
   [Eden: 7152.0M(7152.0M)->0.0B(7152.0M) Survivors: 16384.0K->16384.0K Heap: 10487.7M(14336.0M)->3335.7M(14336.0M)]
 [Times: user=0.05 sys=0.01, real=0.02 secs] 
2022-07-28T03:29:13.813-0700: 541125.317: [GC pause (G1 Evacuation Pause) (young) (initial-mark), 0.0156099 secs]
   [Parallel Time: 10.3 ms, GC Workers: 8]
      [GC Worker Start (ms): Min: 541125319.5, Avg: 541125319.5, Max: 541125319.6, Diff: 0.2]
      [Ext Root Scanning (ms): Min: 6.5, Avg: 7.0, Max: 7.2, Diff: 0.7, Sum: 55.7]
      [Update RS (ms): Min: 0.1, Avg: 0.3, Max: 0.5, Diff: 0.3, Sum: 2.2]
         [Processed Buffers: Min: 1, Avg: 21.8, Max: 66, Diff: 65, Sum: 174]
      [Scan RS (ms): Min: 0.0, Avg: 0.1, Max: 0.1, Diff: 0.1, Sum: 0.5]
      [Code Root Scanning (ms): Min: 0.0, Avg: 0.0, Max: 0.0, Diff: 0.0, Sum: 0.0]
      [Object Copy (ms): Min: 0.2, Avg: 0.5, Max: 1.1, Diff: 0.9, Sum: 4.1]
      [Termination (ms): Min: 0.0, Avg: 0.0, Max: 0.1, Diff: 0.1, Sum: 0.3]
         [Termination Attempts: Min: 1, Avg: 2.8, Max: 5, Diff: 4, Sum: 22]
      [GC Worker Other (ms): Min: 0.0, Avg: 0.0, Max: 0.0, Diff: 0.0, Sum: 0.2]
      [GC Worker Total (ms): Min: 7.8, Avg: 7.9, Max: 7.9, Diff: 0.1, Sum: 63.0]
      [GC Worker End (ms): Min: 541125327.4, Avg: 541125327.4, Max: 541125327.4, Diff: 0.0]
   [Code Root Fixup: 0.0 ms]
   [Code Root Purge: 0.0 ms]
   [Clear CT: 0.6 ms]
   [Other: 4.6 ms]
      [Choose CSet: 0.0 ms]
      [Ref Proc: 3.9 ms]
      [Ref Enq: 0.1 ms]
      [Redirty Cards: 0.1 ms]
      [Humongous Register: 0.0 ms]
      [Humongous Reclaim: 0.0 ms]
      [Free CSet: 0.3 ms]
   [Eden: 7152.0M(7152.0M)->0.0B(7152.0M) Survivors: 16384.0K->16384.0K Heap: 10487.7M(14336.0M)->3335.7M(14336.0M)]
 [Times: user=0.06 sys=0.00, real=0.02 secs] 
2022-07-28T03:29:13.828-0700: 541125.333: [GC concurrent-root-region-scan-start]
2022-07-28T03:29:13.834-0700: 541125.338: [GC concurrent-root-region-scan-end, 0.0054369 secs]
2022-07-28T03:29:13.834-0700: 541125.339: [GC concurrent-mark-start]
2022-07-28T03:29:16.252-0700: 541127.757: [GC concurrent-mark-end, 2.4185969 secs]
2022-07-28T03:29:16.253-0700: 541127.757: [GC remark 2022-07-28T03:29:16.253-0700: 541127.757: [Finalize Marking, 0.0002365 secs] 2022-07-28T03:29:16.253-0700: 541127.758: [GC ref-proc, 0.0107748 secs] 2022-07-28T03:29:16.264-0700: 541127.769: [Unloading, 0.0273900 secs], 0.0437421 secs]
 [Times: user=0.25 sys=0.00, real=0.05 secs] 
2022-07-28T03:29:16.297-0700: 541127.801: [GC cleanup 3375M->3375M(14336M), 0.0076371 secs]
 [Times: user=0.06 sys=0.00, real=0.01 secs] 
2022-07-28T03:45:50.111-0700: 542121.616: [GC pause (G1 Evacuation Pause) (young), 0.0112572 secs]
   [Parallel Time: 6.2 ms, GC Workers: 8]
      [GC Worker Start (ms): Min: 542121616.1, Avg: 542121616.2, Max: 542121616.2, Diff: 0.2]
      [Ext Root Scanning (ms): Min: 1.2, Avg: 2.0, Max: 6.0, Diff: 4.8, Sum: 16.1]
      [Update RS (ms): Min: 0.0, Avg: 0.4, Max: 0.8, Diff: 0.8, Sum: 2.9]
         [Processed Buffers: Min: 0, Avg: 21.2, Max: 55, Diff: 55, Sum: 170]
      [Scan RS (ms): Min: 0.0, Avg: 0.1, Max: 0.2, Diff: 0.2, Sum: 0.7]
      [Code Root Scanning (ms): Min: 0.0, Avg: 0.0, Max: 0.0, Diff: 0.0, Sum: 0.0]
      [Object Copy (ms): Min: 0.0, Avg: 0.5, Max: 0.7, Diff: 0.7, Sum: 3.8]
      [Termination (ms): Min: 0.0, Avg: 3.0, Max: 3.5, Diff: 3.5, Sum: 24.3]
         [Termination Attempts: Min: 1, Avg: 3.1, Max: 5, Diff: 4, Sum: 25]
      [GC Worker Other (ms): Min: 0.0, Avg: 0.0, Max: 0.0, Diff: 0.0, Sum: 0.2]
      [GC Worker Total (ms): Min: 5.9, Avg: 6.0, Max: 6.1, Diff: 0.1, Sum: 48.0]
      [GC Worker End (ms): Min: 542121622.1, Avg: 542121622.2, Max: 542121622.2, Diff: 0.0]
   [Code Root Fixup: 0.0 ms]
   [Code Root Purge: 0.0 ms]
   [Clear CT: 0.6 ms]
   [Other: 4.4 ms]
      [Choose CSet: 0.0 ms]
      [Ref Proc: 3.7 ms]
      [Ref Enq: 0.1 ms]
      [Redirty Cards: 0.1 ms]
      [Humongous Register: 0.1 ms]
      [Humongous Reclaim: 0.0 ms]
      [Free CSet: 0.3 ms]
   [Eden: 7152.0M(7152.0M)->0.0B(7152.0M) Survivors: 16384.0K->16384.0K Heap: 10487.7M(14336.0M)->3335.8M(14336.0M)]
 [Times: user=0.06 sys=0.00, real=0.01 secs] 
2022-07-28T04:02:31.310-0700: 543122.815: [GC pause (G1 Evacuation Pause) (young), 0.0109010 secs]
   [Parallel Time: 6.0 ms, GC Workers: 8]
      [GC Worker Start (ms): Min: 543122815.2, Avg: 543122815.3, Max: 543122815.3, Diff: 0.2]
      [Ext Root Scanning (ms): Min: 1.2, Avg: 2.0, Max: 5.7, Diff: 4.5, Sum: 15.8]
      [Update RS (ms): Min: 0.0, Avg: 0.4, Max: 0.7, Diff: 0.7, Sum: 3.0]
         [Processed Buffers: Min: 0, Avg: 21.6, Max: 63, Diff: 63, Sum: 173]
      [Scan RS (ms): Min: 0.0, Avg: 0.1, Max: 0.2, Diff: 0.1, Sum: 0.7]
      [Code Root Scanning (ms): Min: 0.0, Avg: 0.0, Max: 0.0, Diff: 0.0, Sum: 0.0]
      [Object Copy (ms): Min: 0.0, Avg: 0.5, Max: 0.7, Diff: 0.7, Sum: 4.0]
      [Termination (ms): Min: 0.0, Avg: 2.7, Max: 3.1, Diff: 3.1, Sum: 21.7]
         [Termination Attempts: Min: 1, Avg: 4.2, Max: 8, Diff: 7, Sum: 34]
      [GC Worker Other (ms): Min: 0.0, Avg: 0.0, Max: 0.0, Diff: 0.0, Sum: 0.2]
      [GC Worker Total (ms): Min: 5.6, Avg: 5.7, Max: 5.8, Diff: 0.1, Sum: 45.4]
      [GC Worker End (ms): Min: 543122820.9, Avg: 543122820.9, Max: 543122820.9, Diff: 0.0]
   [Code Root Fixup: 0.0 ms]
   [Code Root Purge: 0.0 ms]
   [Clear CT: 0.6 ms]
   [Other: 4.3 ms]
      [Choose CSet: 0.0 ms]
      [Ref Proc: 3.6 ms]
      [Ref Enq: 0.1 ms]
      [Redirty Cards: 0.1 ms]
      [Humongous Register: 0.1 ms]
      [Humongous Reclaim: 0.0 ms]
      [Free CSet: 0.3 ms]
   [Eden: 7152.0M(7152.0M)->0.0B(7152.0M) Survivors: 16384.0K->16384.0K Heap: 10487.8M(14336.0M)->3335.7M(14336.0M)]
 [Times: user=0.06 sys=0.00, real=0.01 secs] 
2022-07-28T04:19:14.711-0700: 544126.216: [GC pause (G1 Evacuation Pause) (young) (initial-mark), 0.0153195 secs]
   [Parallel Time: 9.8 ms, GC Workers: 8]
      [GC Worker Start (ms): Min: 544126218.5, Avg: 544126218.6, Max: 544126218.6, Diff: 0.2]
      [Ext Root Scanning (ms): Min: 6.2, Avg: 6.5, Max: 6.9, Diff: 0.6, Sum: 52.0]
      [Update RS (ms): Min: 0.2, Avg: 0.3, Max: 0.5, Diff: 0.3, Sum: 2.3]
         [Processed Buffers: Min: 1, Avg: 19.8, Max: 60, Diff: 59, Sum: 158]
      [Scan RS (ms): Min: 0.0, Avg: 0.1, Max: 0.1, Diff: 0.1, Sum: 0.5]
      [Code Root Scanning (ms): Min: 0.0, Avg: 0.0, Max: 0.0, Diff: 0.0, Sum: 0.0]
      [Object Copy (ms): Min: 0.2, Avg: 0.5, Max: 0.8, Diff: 0.6, Sum: 4.0]
      [Termination (ms): Min: 0.0, Avg: 0.0, Max: 0.0, Diff: 0.0, Sum: 0.2]
         [Termination Attempts: Min: 1, Avg: 5.0, Max: 9, Diff: 8, Sum: 40]
      [GC Worker Other (ms): Min: 0.0, Avg: 0.0, Max: 0.1, Diff: 0.1, Sum: 0.3]
      [GC Worker Total (ms): Min: 7.3, Avg: 7.4, Max: 7.6, Diff: 0.3, Sum: 59.3]
      [GC Worker End (ms): Min: 544126225.9, Avg: 544126226.0, Max: 544126226.1, Diff: 0.1]
   [Code Root Fixup: 0.0 ms]
   [Code Root Purge: 0.0 ms]
   [Clear CT: 0.7 ms]
   [Other: 4.8 ms]
      [Choose CSet: 0.0 ms]
      [Ref Proc: 4.0 ms]
      [Ref Enq: 0.1 ms]
      [Redirty Cards: 0.1 ms]
      [Humongous Register: 0.1 ms]
      [Humongous Reclaim: 0.0 ms]
      [Free CSet: 0.3 ms]
   [Eden: 7152.0M(7152.0M)->0.0B(7152.0M) Survivors: 16384.0K->16384.0K Heap: 10487.7M(14336.0M)->3335.7M(14336.0M)]
 [Times: user=0.07 sys=0.00, real=0.02 secs] 
2022-07-28T04:19:14.727-0700: 544126.232: [GC concurrent-root-region-scan-start]
2022-07-28T04:19:14.732-0700: 544126.236: [GC concurrent-root-region-scan-end, 0.0047602 secs]
2022-07-28T04:19:14.732-0700: 544126.236: [GC concurrent-mark-start]
2022-07-28T04:19:17.156-0700: 544128.661: [GC concurrent-mark-end, 2.4246660 secs]
2022-07-28T04:19:17.157-0700: 544128.661: [GC remark 2022-07-28T04:19:17.157-0700: 544128.661: [Finalize Marking, 0.0001851 secs] 2022-07-28T04:19:17.157-0700: 544128.662: [GC ref-proc, 0.0097744 secs] 2022-07-28T04:19:17.167-0700: 544128.671: [Unloading, 0.0274845 secs], 0.0428431 secs]
 [Times: user=0.26 sys=0.00, real=0.04 secs] 
2022-07-28T04:19:17.200-0700: 544128.705: [GC cleanup 3375M->3375M(14336M), 0.0080917 secs]
 [Times: user=0.06 sys=0.00, real=0.01 secs] 
2022-07-28T04:35:46.140-0700: 545117.645: [GC pause (G1 Evacuation Pause) (young), 0.0123601 secs]
   [Parallel Time: 5.9 ms, GC Workers: 8]
      [GC Worker Start (ms): Min: 545117645.1, Avg: 545117645.1, Max: 545117645.2, Diff: 0.2]
      [Ext Root Scanning (ms): Min: 1.4, Avg: 2.1, Max: 5.5, Diff: 4.2, Sum: 17.1]
      [Update RS (ms): Min: 0.0, Avg: 0.4, Max: 0.7, Diff: 0.7, Sum: 2.9]
         [Processed Buffers: Min: 0, Avg: 21.2, Max: 57, Diff: 57, Sum: 170]
      [Scan RS (ms): Min: 0.0, Avg: 0.1, Max: 0.1, Diff: 0.1, Sum: 0.6]
      [Code Root Scanning (ms): Min: 0.0, Avg: 0.0, Max: 0.0, Diff: 0.0, Sum: 0.0]
      [Object Copy (ms): Min: 0.0, Avg: 0.5, Max: 0.7, Diff: 0.7, Sum: 3.8]
      [Termination (ms): Min: 0.0, Avg: 2.5, Max: 2.8, Diff: 2.8, Sum: 19.7]
         [Termination Attempts: Min: 1, Avg: 1.4, Max: 2, Diff: 1, Sum: 11]
      [GC Worker Other (ms): Min: 0.0, Avg: 0.0, Max: 0.1, Diff: 0.1, Sum: 0.2]
      [GC Worker Total (ms): Min: 5.5, Avg: 5.6, Max: 5.6, Diff: 0.2, Sum: 44.4]
      [GC Worker End (ms): Min: 545117650.7, Avg: 545117650.7, Max: 545117650.7, Diff: 0.0]
   [Code Root Fixup: 0.0 ms]
   [Code Root Purge: 0.0 ms]
   [Clear CT: 0.6 ms]
   [Other: 5.9 ms]
      [Choose CSet: 0.0 ms]
      [Ref Proc: 5.2 ms]
      [Ref Enq: 0.1 ms]
      [Redirty Cards: 0.1 ms]
      [Humongous Register: 0.1 ms]
      [Humongous Reclaim: 0.0 ms]
      [Free CSet: 0.3 ms]
   [Eden: 7152.0M(7152.0M)->0.0B(7152.0M) Survivors: 16384.0K->16384.0K Heap: 10487.7M(14336.0M)->3335.8M(14336.0M)]
 [Times: user=0.06 sys=0.00, real=0.01 secs] 
2022-07-28T04:52:19.011-0700: 546110.515: [GC pause (G1 Evacuation Pause) (young), 0.0119453 secs]
   [Parallel Time: 6.2 ms, GC Workers: 8]
      [GC Worker Start (ms): Min: 546110515.7, Avg: 546110515.7, Max: 546110515.8, Diff: 0.1]
      [Ext Root Scanning (ms): Min: 1.2, Avg: 2.0, Max: 5.9, Diff: 4.7, Sum: 16.0]
      [Update RS (ms): Min: 0.0, Avg: 0.4, Max: 0.7, Diff: 0.7, Sum: 2.9]
         [Processed Buffers: Min: 0, Avg: 21.1, Max: 51, Diff: 51, Sum: 169]
      [Scan RS (ms): Min: 0.0, Avg: 0.1, Max: 0.2, Diff: 0.1, Sum: 0.7]
      [Code Root Scanning (ms): Min: 0.0, Avg: 0.0, Max: 0.0, Diff: 0.0, Sum: 0.0]
      [Object Copy (ms): Min: 0.0, Avg: 0.5, Max: 0.7, Diff: 0.7, Sum: 3.7]
      [Termination (ms): Min: 0.0, Avg: 3.0, Max: 3.4, Diff: 3.4, Sum: 23.7]
         [Termination Attempts: Min: 1, Avg: 1.1, Max: 2, Diff: 1, Sum: 9]
      [GC Worker Other (ms): Min: 0.0, Avg: 0.0, Max: 0.0, Diff: 0.0, Sum: 0.2]
      [GC Worker Total (ms): Min: 5.8, Avg: 5.9, Max: 6.0, Diff: 0.1, Sum: 47.2]
      [GC Worker End (ms): Min: 546110521.6, Avg: 546110521.6, Max: 546110521.7, Diff: 0.0]
   [Code Root Fixup: 0.0 ms]
   [Code Root Purge: 0.0 ms]
   [Clear CT: 0.6 ms]
   [Other: 5.1 ms]
      [Choose CSet: 0.0 ms]
      [Ref Proc: 4.3 ms]
      [Ref Enq: 0.1 ms]
      [Redirty Cards: 0.1 ms]
      [Humongous Register: 0.1 ms]
      [Humongous Reclaim: 0.0 ms]
      [Free CSet: 0.3 ms]
   [Eden: 7152.0M(7152.0M)->0.0B(7152.0M) Survivors: 16384.0K->16384.0K Heap: 10487.8M(14336.0M)->3335.8M(14336.0M)]
 [Times: user=0.06 sys=0.00, real=0.02 secs] 
2022-07-28T05:08:46.061-0700: 547097.565: [GC pause (G1 Evacuation Pause) (young) (initial-mark), 0.0152700 secs]
   [Parallel Time: 9.8 ms, GC Workers: 8]
      [GC Worker Start (ms): Min: 547097567.3, Avg: 547097567.4, Max: 547097567.5, Diff: 0.2]
      [Ext Root Scanning (ms): Min: 6.4, Avg: 6.6, Max: 7.0, Diff: 0.7, Sum: 53.1]
      [Update RS (ms): Min: 0.2, Avg: 0.3, Max: 0.6, Diff: 0.4, Sum: 2.5]
         [Processed Buffers: Min: 1, Avg: 22.4, Max: 58, Diff: 57, Sum: 179]
      [Scan RS (ms): Min: 0.0, Avg: 0.1, Max: 0.1, Diff: 0.1, Sum: 0.6]
      [Code Root Scanning (ms): Min: 0.0, Avg: 0.0, Max: 0.0, Diff: 0.0, Sum: 0.0]
      [Object Copy (ms): Min: 0.2, Avg: 0.6, Max: 0.9, Diff: 0.6, Sum: 4.8]
      [Termination (ms): Min: 0.0, Avg: 0.1, Max: 0.1, Diff: 0.1, Sum: 0.5]
         [Termination Attempts: Min: 1, Avg: 2.0, Max: 3, Diff: 2, Sum: 16]
      [GC Worker Other (ms): Min: 0.0, Avg: 0.0, Max: 0.1, Diff: 0.0, Sum: 0.2]
      [GC Worker Total (ms): Min: 7.7, Avg: 7.7, Max: 7.8, Diff: 0.2, Sum: 61.8]
      [GC Worker End (ms): Min: 547097575.1, Avg: 547097575.1, Max: 547097575.1, Diff: 0.1]
   [Code Root Fixup: 0.0 ms]
   [Code Root Purge: 0.0 ms]
   [Clear CT: 0.6 ms]
   [Other: 4.9 ms]
      [Choose CSet: 0.0 ms]
      [Ref Proc: 4.2 ms]
      [Ref Enq: 0.1 ms]
      [Redirty Cards: 0.1 ms]
      [Humongous Register: 0.0 ms]
      [Humongous Reclaim: 0.0 ms]
      [Free CSet: 0.3 ms]
   [Eden: 7152.0M(7152.0M)->0.0B(7152.0M) Survivors: 16384.0K->16384.0K Heap: 10487.8M(14336.0M)->3335.7M(14336.0M)]
 [Times: user=0.05 sys=0.02, real=0.02 secs] 
2022-07-28T05:08:46.076-0700: 547097.581: [GC concurrent-root-region-scan-start]
2022-07-28T05:08:46.081-0700: 547097.586: [GC concurrent-root-region-scan-end, 0.0048328 secs]
2022-07-28T05:08:46.081-0700: 547097.586: [GC concurrent-mark-start]
2022-07-28T05:08:48.516-0700: 547100.020: [GC concurrent-mark-end, 2.4347566 secs]
2022-07-28T05:08:48.516-0700: 547100.021: [GC remark 2022-07-28T05:08:48.516-0700: 547100.021: [Finalize Marking, 0.0002595 secs] 2022-07-28T05:08:48.516-0700: 547100.021: [GC ref-proc, 0.0060474 secs] 2022-07-28T05:08:48.522-0700: 547100.027: [Unloading, 0.0274596 secs], 0.0391015 secs]
 [Times: user=0.25 sys=0.00, real=0.04 secs] 
2022-07-28T05:08:48.555-0700: 547100.060: [GC cleanup 3375M->3375M(14336M), 0.0078617 secs]
 [Times: user=0.05 sys=0.00, real=0.01 secs] 
2022-07-28T05:25:29.413-0700: 548100.918: [GC pause (G1 Evacuation Pause) (young), 0.0114449 secs]
   [Parallel Time: 6.0 ms, GC Workers: 8]
      [GC Worker Start (ms): Min: 548100917.9, Avg: 548100917.9, Max: 548100918.0, Diff: 0.2]
      [Ext Root Scanning (ms): Min: 1.1, Avg: 1.9, Max: 5.6, Diff: 4.5, Sum: 15.0]
      [Update RS (ms): Min: 0.0, Avg: 0.3, Max: 0.7, Diff: 0.7, Sum: 2.7]
         [Processed Buffers: Min: 0, Avg: 20.6, Max: 52, Diff: 52, Sum: 165]
      [Scan RS (ms): Min: 0.0, Avg: 0.1, Max: 0.2, Diff: 0.1, Sum: 0.6]
      [Code Root Scanning (ms): Min: 0.0, Avg: 0.0, Max: 0.0, Diff: 0.0, Sum: 0.0]
      [Object Copy (ms): Min: 0.0, Avg: 0.5, Max: 0.7, Diff: 0.7, Sum: 3.9]
      [Termination (ms): Min: 0.0, Avg: 2.8, Max: 3.2, Diff: 3.2, Sum: 22.5]
         [Termination Attempts: Min: 1, Avg: 4.1, Max: 8, Diff: 7, Sum: 33]
      [GC Worker Other (ms): Min: 0.0, Avg: 0.0, Max: 0.1, Diff: 0.0, Sum: 0.2]
      [GC Worker Total (ms): Min: 5.5, Avg: 5.6, Max: 5.7, Diff: 0.2, Sum: 45.0]
      [GC Worker End (ms): Min: 548100923.5, Avg: 548100923.6, Max: 548100923.6, Diff: 0.0]
   [Code Root Fixup: 0.0 ms]
   [Code Root Purge: 0.0 ms]
   [Clear CT: 0.6 ms]
   [Other: 4.8 ms]
      [Choose CSet: 0.0 ms]
      [Ref Proc: 4.1 ms]
      [Ref Enq: 0.1 ms]
      [Redirty Cards: 0.1 ms]
      [Humongous Register: 0.1 ms]
      [Humongous Reclaim: 0.0 ms]
      [Free CSet: 0.3 ms]
   [Eden: 7152.0M(7152.0M)->0.0B(7152.0M) Survivors: 16384.0K->16384.0K Heap: 10487.7M(14336.0M)->3335.9M(14336.0M)]
 [Times: user=0.06 sys=0.00, real=0.02 secs] 
2022-07-28T05:42:12.312-0700: 549103.817: [GC pause (G1 Evacuation Pause) (young), 0.0109714 secs]
   [Parallel Time: 5.6 ms, GC Workers: 8]
      [GC Worker Start (ms): Min: 549103816.7, Avg: 549103816.8, Max: 549103816.9, Diff: 0.2]
      [Ext Root Scanning (ms): Min: 1.2, Avg: 1.9, Max: 5.4, Diff: 4.2, Sum: 15.0]
      [Update RS (ms): Min: 0.0, Avg: 0.4, Max: 0.7, Diff: 0.7, Sum: 2.9]
         [Processed Buffers: Min: 0, Avg: 21.9, Max: 49, Diff: 49, Sum: 175]
      [Scan RS (ms): Min: 0.0, Avg: 0.1, Max: 0.1, Diff: 0.1, Sum: 0.6]
      [Code Root Scanning (ms): Min: 0.0, Avg: 0.0, Max: 0.0, Diff: 0.0, Sum: 0.0]
      [Object Copy (ms): Min: 0.0, Avg: 0.6, Max: 0.8, Diff: 0.8, Sum: 4.4]
      [Termination (ms): Min: 0.0, Avg: 2.5, Max: 2.8, Diff: 2.8, Sum: 19.8]
         [Termination Attempts: Min: 1, Avg: 5.0, Max: 7, Diff: 6, Sum: 40]
      [GC Worker Other (ms): Min: 0.0, Avg: 0.0, Max: 0.0, Diff: 0.0, Sum: 0.1]
      [GC Worker Total (ms): Min: 5.3, Avg: 5.4, Max: 5.4, Diff: 0.2, Sum: 43.0]
      [GC Worker End (ms): Min: 549103822.1, Avg: 549103822.1, Max: 549103822.2, Diff: 0.0]
   [Code Root Fixup: 0.0 ms]
   [Code Root Purge: 0.0 ms]
   [Clear CT: 0.6 ms]
   [Other: 4.8 ms]
      [Choose CSet: 0.0 ms]
      [Ref Proc: 4.1 ms]
      [Ref Enq: 0.1 ms]
      [Redirty Cards: 0.1 ms]
      [Humongous Register: 0.1 ms]
      [Humongous Reclaim: 0.0 ms]
      [Free CSet: 0.3 ms]
   [Eden: 7152.0M(7152.0M)->0.0B(7152.0M) Survivors: 16384.0K->16384.0K Heap: 10487.9M(14336.0M)->3336.1M(14336.0M)]
 [Times: user=0.05 sys=0.01, real=0.02 secs] 
2022-07-28T05:58:48.062-0700: 550099.567: [GC pause (G1 Evacuation Pause) (young) (initial-mark), 0.0153564 secs]
   [Parallel Time: 9.7 ms, GC Workers: 8]
      [GC Worker Start (ms): Min: 550099569.1, Avg: 550099569.2, Max: 550099569.2, Diff: 0.2]
      [Ext Root Scanning (ms): Min: 6.3, Avg: 6.5, Max: 6.8, Diff: 0.5, Sum: 52.1]
      [Update RS (ms): Min: 0.1, Avg: 0.3, Max: 0.5, Diff: 0.4, Sum: 2.1]
         [Processed Buffers: Min: 1, Avg: 21.0, Max: 46, Diff: 45, Sum: 168]
      [Scan RS (ms): Min: 0.0, Avg: 0.1, Max: 0.1, Diff: 0.1, Sum: 0.5]
      [Code Root Scanning (ms): Min: 0.0, Avg: 0.0, Max: 0.0, Diff: 0.0, Sum: 0.0]
      [Object Copy (ms): Min: 0.2, Avg: 0.4, Max: 0.7, Diff: 0.4, Sum: 3.6]
      [Termination (ms): Min: 0.0, Avg: 0.1, Max: 0.1, Diff: 0.1, Sum: 0.6]
         [Termination Attempts: Min: 1, Avg: 1.0, Max: 1, Diff: 0, Sum: 8]
      [GC Worker Other (ms): Min: 0.0, Avg: 0.1, Max: 0.2, Diff: 0.1, Sum: 0.4]
      [GC Worker Total (ms): Min: 7.3, Avg: 7.4, Max: 7.6, Diff: 0.3, Sum: 59.4]
      [GC Worker End (ms): Min: 550099576.5, Avg: 550099576.6, Max: 550099576.7, Diff: 0.2]
   [Code Root Fixup: 0.0 ms]
   [Code Root Purge: 0.0 ms]
   [Clear CT: 0.7 ms]
   [Other: 4.9 ms]
      [Choose CSet: 0.0 ms]
      [Ref Proc: 4.2 ms]
      [Ref Enq: 0.1 ms]
      [Redirty Cards: 0.1 ms]
      [Humongous Register: 0.0 ms]
      [Humongous Reclaim: 0.0 ms]
      [Free CSet: 0.3 ms]
   [Eden: 7152.0M(7152.0M)->0.0B(7152.0M) Survivors: 16384.0K->16384.0K Heap: 10488.1M(14336.0M)->3335.9M(14336.0M)]
 [Times: user=0.06 sys=0.01, real=0.02 secs] 
2022-07-28T05:58:48.078-0700: 550099.583: [GC concurrent-root-region-scan-start]
2022-07-28T05:58:48.083-0700: 550099.587: [GC concurrent-root-region-scan-end, 0.0048067 secs]
2022-07-28T05:58:48.083-0700: 550099.587: [GC concurrent-mark-start]
2022-07-28T05:58:50.532-0700: 550102.036: [GC concurrent-mark-end, 2.4489246 secs]
2022-07-28T05:58:50.532-0700: 550102.037: [GC remark 2022-07-28T05:58:50.532-0700: 550102.037: [Finalize Marking, 0.0005414 secs] 2022-07-28T05:58:50.533-0700: 550102.037: [GC ref-proc, 0.0117837 secs] 2022-07-28T05:58:50.545-0700: 550102.049: [Unloading, 0.0273423 secs], 0.0449972 secs]
 [Times: user=0.26 sys=0.00, real=0.05 secs] 
2022-07-28T05:58:50.577-0700: 550102.082: [GC cleanup 3407M->3407M(14336M), 0.0082033 secs]
 [Times: user=0.05 sys=0.00, real=0.01 secs] 
2022-07-28T06:15:40.410-0700: 551111.915: [GC pause (G1 Evacuation Pause) (young), 0.0118251 secs]
   [Parallel Time: 6.2 ms, GC Workers: 8]
      [GC Worker Start (ms): Min: 551111914.8, Avg: 551111914.9, Max: 551111915.0, Diff: 0.2]
      [Ext Root Scanning (ms): Min: 1.5, Avg: 2.6, Max: 5.9, Diff: 4.4, Sum: 20.6]
      [Update RS (ms): Min: 0.0, Avg: 0.3, Max: 0.7, Diff: 0.7, Sum: 2.6]
         [Processed Buffers: Min: 0, Avg: 20.5, Max: 75, Diff: 75, Sum: 164]
      [Scan RS (ms): Min: 0.0, Avg: 0.1, Max: 0.2, Diff: 0.2, Sum: 0.6]
      [Code Root Scanning (ms): Min: 0.0, Avg: 0.0, Max: 0.0, Diff: 0.0, Sum: 0.0]
      [Object Copy (ms): Min: 0.0, Avg: 0.4, Max: 0.8, Diff: 0.8, Sum: 3.4]
      [Termination (ms): Min: 0.0, Avg: 2.4, Max: 2.8, Diff: 2.8, Sum: 19.3]
         [Termination Attempts: Min: 1, Avg: 3.4, Max: 9, Diff: 8, Sum: 27]
      [GC Worker Other (ms): Min: 0.0, Avg: 0.0, Max: 0.0, Diff: 0.0, Sum: 0.1]
      [GC Worker Total (ms): Min: 5.7, Avg: 5.8, Max: 5.9, Diff: 0.2, Sum: 46.6]
      [GC Worker End (ms): Min: 551111920.8, Avg: 551111920.8, Max: 551111920.8, Diff: 0.0]
   [Code Root Fixup: 0.0 ms]
   [Code Root Purge: 0.0 ms]
   [Clear CT: 0.6 ms]
   [Other: 5.0 ms]
      [Choose CSet: 0.0 ms]
      [Ref Proc: 4.3 ms]
      [Ref Enq: 0.1 ms]
      [Redirty Cards: 0.1 ms]
      [Humongous Register: 0.1 ms]
      [Humongous Reclaim: 0.0 ms]
      [Free CSet: 0.3 ms]
   [Eden: 7152.0M(7152.0M)->0.0B(7152.0M) Survivors: 16384.0K->16384.0K Heap: 10487.9M(14336.0M)->3335.8M(14336.0M)]
 [Times: user=0.06 sys=0.00, real=0.01 secs] 
2022-07-28T06:32:27.911-0700: 552119.416: [GC pause (G1 Evacuation Pause) (young), 0.0115490 secs]
   [Parallel Time: 5.7 ms, GC Workers: 8]
      [GC Worker Start (ms): Min: 552119416.0, Avg: 552119416.1, Max: 552119416.2, Diff: 0.2]
      [Ext Root Scanning (ms): Min: 1.2, Avg: 1.9, Max: 5.4, Diff: 4.2, Sum: 14.9]
      [Update RS (ms): Min: 0.0, Avg: 0.4, Max: 0.7, Diff: 0.7, Sum: 2.9]
         [Processed Buffers: Min: 0, Avg: 21.2, Max: 51, Diff: 51, Sum: 170]
      [Scan RS (ms): Min: 0.0, Avg: 0.1, Max: 0.1, Diff: 0.1, Sum: 0.6]
      [Code Root Scanning (ms): Min: 0.0, Avg: 0.0, Max: 0.0, Diff: 0.0, Sum: 0.0]
      [Object Copy (ms): Min: 0.0, Avg: 0.5, Max: 0.7, Diff: 0.7, Sum: 3.8]
      [Termination (ms): Min: 0.0, Avg: 2.6, Max: 3.0, Diff: 3.0, Sum: 20.8]
         [Termination Attempts: Min: 1, Avg: 1.8, Max: 3, Diff: 2, Sum: 14]
      [GC Worker Other (ms): Min: 0.0, Avg: 0.0, Max: 0.0, Diff: 0.0, Sum: 0.1]
      [GC Worker Total (ms): Min: 5.3, Avg: 5.4, Max: 5.5, Diff: 0.1, Sum: 43.1]
      [GC Worker End (ms): Min: 552119421.5, Avg: 552119421.5, Max: 552119421.5, Diff: 0.0]
   [Code Root Fixup: 0.0 ms]
   [Code Root Purge: 0.0 ms]
   [Clear CT: 0.6 ms]
   [Other: 5.2 ms]
      [Choose CSet: 0.0 ms]
      [Ref Proc: 4.5 ms]
      [Ref Enq: 0.1 ms]
      [Redirty Cards: 0.1 ms]
      [Humongous Register: 0.0 ms]
      [Humongous Reclaim: 0.0 ms]
      [Free CSet: 0.3 ms]
   [Eden: 7152.0M(7152.0M)->0.0B(7152.0M) Survivors: 16384.0K->16384.0K Heap: 10487.8M(14336.0M)->3335.8M(14336.0M)]
 [Times: user=0.05 sys=0.01, real=0.02 secs] 
2022-07-28T06:48:56.865-0700: 553108.370: [GC pause (G1 Evacuation Pause) (young) (initial-mark), 0.0152537 secs]
   [Parallel Time: 9.7 ms, GC Workers: 8]
      [GC Worker Start (ms): Min: 553108371.8, Avg: 553108371.9, Max: 553108371.9, Diff: 0.1]
      [Ext Root Scanning (ms): Min: 6.1, Avg: 6.3, Max: 6.6, Diff: 0.5, Sum: 50.8]
      [Update RS (ms): Min: 0.2, Avg: 0.3, Max: 0.6, Diff: 0.4, Sum: 2.4]
         [Processed Buffers: Min: 1, Avg: 21.1, Max: 63, Diff: 62, Sum: 169]
      [Scan RS (ms): Min: 0.0, Avg: 0.1, Max: 0.1, Diff: 0.1, Sum: 0.5]
      [Code Root Scanning (ms): Min: 0.0, Avg: 0.0, Max: 0.0, Diff: 0.0, Sum: 0.0]
      [Object Copy (ms): Min: 0.3, Avg: 0.5, Max: 0.7, Diff: 0.4, Sum: 4.3]
      [Termination (ms): Min: 0.0, Avg: 0.0, Max: 0.0, Diff: 0.0, Sum: 0.0]
         [Termination Attempts: Min: 1, Avg: 2.1, Max: 5, Diff: 4, Sum: 17]
      [GC Worker Other (ms): Min: 0.0, Avg: 0.1, Max: 0.2, Diff: 0.2, Sum: 0.7]
      [GC Worker Total (ms): Min: 7.2, Avg: 7.3, Max: 7.5, Diff: 0.3, Sum: 58.8]
      [GC Worker End (ms): Min: 553108379.2, Avg: 553108379.2, Max: 553108379.3, Diff: 0.2]
   [Code Root Fixup: 0.0 ms]
   [Code Root Purge: 0.0 ms]
   [Clear CT: 0.7 ms]
   [Other: 4.9 ms]
      [Choose CSet: 0.0 ms]
      [Ref Proc: 4.1 ms]
      [Ref Enq: 0.1 ms]
      [Redirty Cards: 0.1 ms]
      [Humongous Register: 0.0 ms]
      [Humongous Reclaim: 0.0 ms]
      [Free CSet: 0.3 ms]
   [Eden: 7152.0M(7152.0M)->0.0B(7152.0M) Survivors: 16384.0K->16384.0K Heap: 10487.8M(14336.0M)->3336.1M(14336.0M)]
 [Times: user=0.04 sys=0.02, real=0.01 secs] 
2022-07-28T06:48:56.880-0700: 553108.385: [GC concurrent-root-region-scan-start]
2022-07-28T06:48:56.886-0700: 553108.391: [GC concurrent-root-region-scan-end, 0.0056694 secs]
2022-07-28T06:48:56.886-0700: 553108.391: [GC concurrent-mark-start]
2022-07-28T06:48:59.327-0700: 553110.832: [GC concurrent-mark-end, 2.4407447 secs]
2022-07-28T06:48:59.327-0700: 553110.832: [GC remark 2022-07-28T06:48:59.327-0700: 553110.832: [Finalize Marking, 0.0003170 secs] 2022-07-28T06:48:59.328-0700: 553110.832: [GC ref-proc, 0.0089185 secs] 2022-07-28T06:48:59.337-0700: 553110.841: [Unloading, 0.0275168 secs], 0.0422355 secs]
 [Times: user=0.26 sys=0.00, real=0.04 secs] 
2022-07-28T06:48:59.370-0700: 553110.875: [GC cleanup 3376M->3376M(14336M), 0.0080602 secs]
 [Times: user=0.06 sys=0.00, real=0.01 secs] 
2022-07-28T07:05:52.711-0700: 554124.216: [GC pause (G1 Evacuation Pause) (young), 0.0108022 secs]
   [Parallel Time: 5.3 ms, GC Workers: 8]
      [GC Worker Start (ms): Min: 554124215.9, Avg: 554124216.0, Max: 554124216.0, Diff: 0.1]
      [Ext Root Scanning (ms): Min: 0.9, Avg: 1.6, Max: 4.9, Diff: 4.0, Sum: 12.6]
      [Update RS (ms): Min: 0.0, Avg: 0.3, Max: 0.5, Diff: 0.5, Sum: 2.2]
         [Processed Buffers: Min: 0, Avg: 20.9, Max: 49, Diff: 49, Sum: 167]
      [Scan RS (ms): Min: 0.0, Avg: 0.1, Max: 0.1, Diff: 0.1, Sum: 0.5]
      [Code Root Scanning (ms): Min: 0.0, Avg: 0.0, Max: 0.0, Diff: 0.0, Sum: 0.0]
      [Object Copy (ms): Min: 0.0, Avg: 0.3, Max: 0.5, Diff: 0.5, Sum: 2.6]
      [Termination (ms): Min: 0.0, Avg: 2.7, Max: 3.0, Diff: 3.0, Sum: 21.2]
         [Termination Attempts: Min: 1, Avg: 1.4, Max: 2, Diff: 1, Sum: 11]
      [GC Worker Other (ms): Min: 0.0, Avg: 0.0, Max: 0.0, Diff: 0.0, Sum: 0.2]
      [GC Worker Total (ms): Min: 4.8, Avg: 4.9, Max: 4.9, Diff: 0.1, Sum: 39.3]
      [GC Worker End (ms): Min: 554124220.9, Avg: 554124220.9, Max: 554124220.9, Diff: 0.0]
   [Code Root Fixup: 0.0 ms]
   [Code Root Purge: 0.0 ms]
   [Clear CT: 0.6 ms]
   [Other: 4.9 ms]
      [Choose CSet: 0.0 ms]
      [Ref Proc: 4.2 ms]
      [Ref Enq: 0.1 ms]
      [Redirty Cards: 0.1 ms]
      [Humongous Register: 0.0 ms]
      [Humongous Reclaim: 0.0 ms]
      [Free CSet: 0.3 ms]
   [Eden: 7152.0M(7152.0M)->0.0B(7152.0M) Survivors: 16384.0K->16384.0K Heap: 10488.1M(14336.0M)->3335.8M(14336.0M)]
 [Times: user=0.05 sys=0.01, real=0.01 secs] 
2022-07-28T07:22:39.061-0700: 555130.566: [GC pause (G1 Evacuation Pause) (young), 0.0119090 secs]
   [Parallel Time: 6.1 ms, GC Workers: 8]
      [GC Worker Start (ms): Min: 555130566.1, Avg: 555130566.2, Max: 555130566.3, Diff: 0.2]
      [Ext Root Scanning (ms): Min: 1.2, Avg: 2.0, Max: 6.0, Diff: 4.8, Sum: 16.0]
      [Update RS (ms): Min: 0.0, Avg: 0.4, Max: 0.7, Diff: 0.7, Sum: 2.9]
         [Processed Buffers: Min: 0, Avg: 22.0, Max: 45, Diff: 45, Sum: 176]
      [Scan RS (ms): Min: 0.0, Avg: 0.1, Max: 0.1, Diff: 0.1, Sum: 0.6]
      [Code Root Scanning (ms): Min: 0.0, Avg: 0.0, Max: 0.0, Diff: 0.0, Sum: 0.0]
      [Object Copy (ms): Min: 0.0, Avg: 0.5, Max: 0.7, Diff: 0.7, Sum: 3.7]
      [Termination (ms): Min: 0.0, Avg: 3.0, Max: 3.5, Diff: 3.5, Sum: 24.4]
         [Termination Attempts: Min: 1, Avg: 2.5, Max: 5, Diff: 4, Sum: 20]
      [GC Worker Other (ms): Min: 0.0, Avg: 0.0, Max: 0.0, Diff: 0.0, Sum: 0.2]
      [GC Worker Total (ms): Min: 5.9, Avg: 6.0, Max: 6.1, Diff: 0.2, Sum: 47.8]
      [GC Worker End (ms): Min: 555130572.2, Avg: 555130572.2, Max: 555130572.2, Diff: 0.0]
   [Code Root Fixup: 0.0 ms]
   [Code Root Purge: 0.0 ms]
   [Clear CT: 0.6 ms]
   [Other: 5.1 ms]
      [Choose CSet: 0.0 ms]
      [Ref Proc: 4.5 ms]
      [Ref Enq: 0.1 ms]
      [Redirty Cards: 0.1 ms]
      [Humongous Register: 0.1 ms]
      [Humongous Reclaim: 0.0 ms]
      [Free CSet: 0.3 ms]
   [Eden: 7152.0M(7152.0M)->0.0B(7152.0M) Survivors: 16384.0K->16384.0K Heap: 10487.8M(14336.0M)->3335.7M(14336.0M)]
 [Times: user=0.07 sys=0.00, real=0.01 secs] 
2022-07-28T07:39:08.413-0700: 556119.918: [GC pause (G1 Evacuation Pause) (young) (initial-mark), 0.0158889 secs]
   [Parallel Time: 10.2 ms, GC Workers: 8]
      [GC Worker Start (ms): Min: 556119920.0, Avg: 556119920.1, Max: 556119920.2, Diff: 0.2]
      [Ext Root Scanning (ms): Min: 6.6, Avg: 6.9, Max: 7.2, Diff: 0.6, Sum: 55.3]
      [Update RS (ms): Min: 0.2, Avg: 0.3, Max: 0.5, Diff: 0.3, Sum: 2.6]
         [Processed Buffers: Min: 1, Avg: 22.5, Max: 62, Diff: 61, Sum: 180]
      [Scan RS (ms): Min: 0.0, Avg: 0.1, Max: 0.1, Diff: 0.1, Sum: 0.5]
      [Code Root Scanning (ms): Min: 0.0, Avg: 0.0, Max: 0.0, Diff: 0.0, Sum: 0.0]
      [Object Copy (ms): Min: 0.0, Avg: 0.4, Max: 0.7, Diff: 0.7, Sum: 3.3]
      [Termination (ms): Min: 0.0, Avg: 0.1, Max: 0.1, Diff: 0.1, Sum: 0.4]
         [Termination Attempts: Min: 1, Avg: 1.0, Max: 1, Diff: 0, Sum: 8]
      [GC Worker Other (ms): Min: 0.0, Avg: 0.0, Max: 0.1, Diff: 0.1, Sum: 0.2]
      [GC Worker Total (ms): Min: 7.7, Avg: 7.8, Max: 7.9, Diff: 0.2, Sum: 62.4]
      [GC Worker End (ms): Min: 556119927.8, Avg: 556119927.9, Max: 556119927.9, Diff: 0.1]
   [Code Root Fixup: 0.0 ms]
   [Code Root Purge: 0.0 ms]
   [Clear CT: 0.7 ms]
   [Other: 5.1 ms]
      [Choose CSet: 0.0 ms]
      [Ref Proc: 4.4 ms]
      [Ref Enq: 0.1 ms]
      [Redirty Cards: 0.1 ms]
      [Humongous Register: 0.0 ms]
      [Humongous Reclaim: 0.0 ms]
      [Free CSet: 0.3 ms]
   [Eden: 7152.0M(7152.0M)->0.0B(7152.0M) Survivors: 16384.0K->16384.0K Heap: 10487.7M(14336.0M)->3335.9M(14336.0M)]
 [Times: user=0.06 sys=0.00, real=0.02 secs] 
2022-07-28T07:39:08.429-0700: 556119.934: [GC concurrent-root-region-scan-start]
2022-07-28T07:39:08.434-0700: 556119.938: [GC concurrent-root-region-scan-end, 0.0044884 secs]
2022-07-28T07:39:08.434-0700: 556119.938: [GC concurrent-mark-start]
2022-07-28T07:39:10.869-0700: 556122.374: [GC concurrent-mark-end, 2.4353711 secs]
2022-07-28T07:39:10.869-0700: 556122.374: [GC remark 2022-07-28T07:39:10.870-0700: 556122.374: [Finalize Marking, 0.0002587 secs] 2022-07-28T07:39:10.870-0700: 556122.375: [GC ref-proc, 0.0103592 secs] 2022-07-28T07:39:10.880-0700: 556122.385: [Unloading, 0.0272451 secs], 0.0431370 secs]
 [Times: user=0.25 sys=0.00, real=0.04 secs] 
2022-07-28T07:39:10.913-0700: 556122.418: [GC cleanup 3407M->3407M(14336M), 0.0079335 secs]
 [Times: user=0.05 sys=0.00, real=0.01 secs] 
2022-07-28T07:55:43.112-0700: 557114.616: [GC pause (G1 Evacuation Pause) (young), 0.0116654 secs]
   [Parallel Time: 7.2 ms, GC Workers: 8]
      [GC Worker Start (ms): Min: 557114616.5, Avg: 557114616.5, Max: 557114616.6, Diff: 0.2]
      [Ext Root Scanning (ms): Min: 1.2, Avg: 2.1, Max: 6.8, Diff: 5.7, Sum: 16.7]
      [Update RS (ms): Min: 0.0, Avg: 0.4, Max: 0.7, Diff: 0.7, Sum: 2.9]
         [Processed Buffers: Min: 0, Avg: 21.1, Max: 58, Diff: 58, Sum: 169]
      [Scan RS (ms): Min: 0.0, Avg: 0.1, Max: 0.2, Diff: 0.2, Sum: 0.7]
      [Code Root Scanning (ms): Min: 0.0, Avg: 0.0, Max: 0.0, Diff: 0.0, Sum: 0.0]
      [Object Copy (ms): Min: 0.0, Avg: 0.5, Max: 0.7, Diff: 0.7, Sum: 3.9]
      [Termination (ms): Min: 0.0, Avg: 3.8, Max: 4.4, Diff: 4.4, Sum: 30.4]
         [Termination Attempts: Min: 1, Avg: 2.9, Max: 5, Diff: 4, Sum: 23]
      [GC Worker Other (ms): Min: 0.0, Avg: 0.0, Max: 0.0, Diff: 0.0, Sum: 0.2]
      [GC Worker Total (ms): Min: 6.8, Avg: 6.8, Max: 6.9, Diff: 0.1, Sum: 54.8]
      [GC Worker End (ms): Min: 557114623.4, Avg: 557114623.4, Max: 557114623.4, Diff: 0.0]
   [Code Root Fixup: 0.0 ms]
   [Code Root Purge: 0.0 ms]
   [Clear CT: 0.6 ms]
   [Other: 3.9 ms]
      [Choose CSet: 0.0 ms]
      [Ref Proc: 3.3 ms]
      [Ref Enq: 0.1 ms]
      [Redirty Cards: 0.1 ms]
      [Humongous Register: 0.1 ms]
      [Humongous Reclaim: 0.0 ms]
      [Free CSet: 0.3 ms]
   [Eden: 7152.0M(7152.0M)->0.0B(7152.0M) Survivors: 16384.0K->16384.0K Heap: 10487.9M(14336.0M)->3335.8M(14336.0M)]
 [Times: user=0.07 sys=0.00, real=0.02 secs] 
2022-07-28T08:12:33.612-0700: 558125.117: [GC pause (G1 Evacuation Pause) (young), 0.0108651 secs]
   [Parallel Time: 5.5 ms, GC Workers: 8]
      [GC Worker Start (ms): Min: 558125116.7, Avg: 558125116.8, Max: 558125116.9, Diff: 0.2]
      [Ext Root Scanning (ms): Min: 1.1, Avg: 1.9, Max: 5.3, Diff: 4.2, Sum: 15.0]
      [Update RS (ms): Min: 0.0, Avg: 0.4, Max: 0.7, Diff: 0.7, Sum: 3.0]
         [Processed Buffers: Min: 0, Avg: 20.9, Max: 53, Diff: 53, Sum: 167]
      [Scan RS (ms): Min: 0.0, Avg: 0.1, Max: 0.2, Diff: 0.1, Sum: 0.7]
      [Code Root Scanning (ms): Min: 0.0, Avg: 0.0, Max: 0.0, Diff: 0.0, Sum: 0.0]
      [Object Copy (ms): Min: 0.0, Avg: 0.5, Max: 0.8, Diff: 0.8, Sum: 4.3]
      [Termination (ms): Min: 0.0, Avg: 2.4, Max: 2.8, Diff: 2.8, Sum: 19.3]
         [Termination Attempts: Min: 1, Avg: 2.6, Max: 6, Diff: 5, Sum: 21]
      [GC Worker Other (ms): Min: 0.0, Avg: 0.1, Max: 0.1, Diff: 0.1, Sum: 0.4]
      [GC Worker Total (ms): Min: 5.2, Avg: 5.3, Max: 5.4, Diff: 0.2, Sum: 42.6]
      [GC Worker End (ms): Min: 558125122.1, Avg: 558125122.1, Max: 558125122.2, Diff: 0.1]
   [Code Root Fixup: 0.0 ms]
   [Code Root Purge: 0.0 ms]
   [Clear CT: 0.7 ms]
   [Other: 4.7 ms]
      [Choose CSet: 0.0 ms]
      [Ref Proc: 4.0 ms]
      [Ref Enq: 0.1 ms]
      [Redirty Cards: 0.1 ms]
      [Humongous Register: 0.0 ms]
      [Humongous Reclaim: 0.0 ms]
      [Free CSet: 0.3 ms]
   [Eden: 7152.0M(7152.0M)->0.0B(7152.0M) Survivors: 16384.0K->16384.0K Heap: 10487.8M(14336.0M)->3335.9M(14336.0M)]
 [Times: user=0.05 sys=0.01, real=0.02 secs] 
2022-07-28T08:29:14.062-0700: 559125.567: [GC pause (G1 Evacuation Pause) (young) (initial-mark), 0.0189287 secs]
   [Parallel Time: 11.8 ms, GC Workers: 8]
      [GC Worker Start (ms): Min: 559125569.5, Avg: 559125569.6, Max: 559125569.7, Diff: 0.2]
      [Ext Root Scanning (ms): Min: 6.3, Avg: 6.8, Max: 8.9, Diff: 2.6, Sum: 54.5]
      [Update RS (ms): Min: 0.0, Avg: 0.3, Max: 0.5, Diff: 0.5, Sum: 2.3]
         [Processed Buffers: Min: 0, Avg: 20.1, Max: 40, Diff: 40, Sum: 161]
      [Scan RS (ms): Min: 0.0, Avg: 0.1, Max: 0.1, Diff: 0.1, Sum: 0.5]
      [Code Root Scanning (ms): Min: 0.0, Avg: 0.0, Max: 0.0, Diff: 0.0, Sum: 0.0]
      [Object Copy (ms): Min: 0.2, Avg: 0.5, Max: 0.8, Diff: 0.6, Sum: 4.3]
      [Termination (ms): Min: 0.0, Avg: 1.6, Max: 1.9, Diff: 1.9, Sum: 13.0]
         [Termination Attempts: Min: 1, Avg: 1.0, Max: 1, Diff: 0, Sum: 8]
      [GC Worker Other (ms): Min: 0.0, Avg: 0.0, Max: 0.0, Diff: 0.0, Sum: 0.1]
      [GC Worker Total (ms): Min: 9.2, Avg: 9.3, Max: 9.6, Diff: 0.4, Sum: 74.7]
      [GC Worker End (ms): Min: 559125578.9, Avg: 559125578.9, Max: 559125579.0, Diff: 0.2]
   [Code Root Fixup: 0.0 ms]
   [Code Root Purge: 0.0 ms]
   [Clear CT: 0.7 ms]
   [Other: 6.5 ms]
      [Choose CSet: 0.0 ms]
      [Ref Proc: 5.7 ms]
      [Ref Enq: 0.1 ms]
      [Redirty Cards: 0.2 ms]
      [Humongous Register: 0.0 ms]
      [Humongous Reclaim: 0.0 ms]
      [Free CSet: 0.3 ms]
   [Eden: 7152.0M(7152.0M)->0.0B(7152.0M) Survivors: 16384.0K->16384.0K Heap: 10487.9M(14336.0M)->3336.0M(14336.0M)]
 [Times: user=0.09 sys=0.00, real=0.02 secs] 
2022-07-28T08:29:14.081-0700: 559125.586: [GC concurrent-root-region-scan-start]
2022-07-28T08:29:14.086-0700: 559125.591: [GC concurrent-root-region-scan-end, 0.0044223 secs]
2022-07-28T08:29:14.086-0700: 559125.591: [GC concurrent-mark-start]
2022-07-28T08:29:16.494-0700: 559127.998: [GC concurrent-mark-end, 2.4076584 secs]
2022-07-28T08:29:16.494-0700: 559127.999: [GC remark 2022-07-28T08:29:16.494-0700: 559127.999: [Finalize Marking, 0.0004645 secs] 2022-07-28T08:29:16.494-0700: 559127.999: [GC ref-proc, 0.0078898 secs] 2022-07-28T08:29:16.502-0700: 559128.007: [Unloading, 0.0274146 secs], 0.0410852 secs]
 [Times: user=0.26 sys=0.00, real=0.05 secs] 
2022-07-28T08:29:16.535-0700: 559128.040: [GC cleanup 3376M->3376M(14336M), 0.0079866 secs]
 [Times: user=0.05 sys=0.00, real=0.01 secs] 
2022-07-28T08:45:59.212-0700: 560130.717: [GC pause (G1 Evacuation Pause) (young), 0.0113158 secs]
   [Parallel Time: 5.4 ms, GC Workers: 8]
      [GC Worker Start (ms): Min: 560130716.8, Avg: 560130716.9, Max: 560130716.9, Diff: 0.2]
      [Ext Root Scanning (ms): Min: 1.2, Avg: 1.9, Max: 5.2, Diff: 4.0, Sum: 15.0]
      [Update RS (ms): Min: 0.0, Avg: 0.4, Max: 0.8, Diff: 0.8, Sum: 3.0]
         [Processed Buffers: Min: 0, Avg: 20.8, Max: 43, Diff: 43, Sum: 166]
      [Scan RS (ms): Min: 0.0, Avg: 0.1, Max: 0.1, Diff: 0.1, Sum: 0.7]
      [Code Root Scanning (ms): Min: 0.0, Avg: 0.0, Max: 0.0, Diff: 0.0, Sum: 0.0]
      [Object Copy (ms): Min: 0.0, Avg: 0.5, Max: 0.8, Diff: 0.8, Sum: 4.0]
      [Termination (ms): Min: 0.0, Avg: 2.3, Max: 2.6, Diff: 2.6, Sum: 18.4]
         [Termination Attempts: Min: 1, Avg: 2.2, Max: 4, Diff: 3, Sum: 18]
      [GC Worker Other (ms): Min: 0.0, Avg: 0.0, Max: 0.1, Diff: 0.0, Sum: 0.3]
      [GC Worker Total (ms): Min: 5.1, Avg: 5.2, Max: 5.2, Diff: 0.1, Sum: 41.4]
      [GC Worker End (ms): Min: 560130722.0, Avg: 560130722.0, Max: 560130722.1, Diff: 0.1]
   [Code Root Fixup: 0.0 ms]
   [Code Root Purge: 0.0 ms]
   [Clear CT: 0.6 ms]
   [Other: 5.3 ms]
      [Choose CSet: 0.0 ms]
      [Ref Proc: 4.5 ms]
      [Ref Enq: 0.2 ms]
      [Redirty Cards: 0.1 ms]
      [Humongous Register: 0.1 ms]
      [Humongous Reclaim: 0.0 ms]
      [Free CSet: 0.3 ms]
   [Eden: 7152.0M(7152.0M)->0.0B(7152.0M) Survivors: 16384.0K->16384.0K Heap: 10488.0M(14336.0M)->3335.8M(14336.0M)]
 [Times: user=0.04 sys=0.01, real=0.02 secs] 
2022-07-28T09:02:43.261-0700: 561134.766: [GC pause (G1 Evacuation Pause) (young), 0.0110156 secs]
   [Parallel Time: 5.2 ms, GC Workers: 8]
      [GC Worker Start (ms): Min: 561134766.0, Avg: 561134766.1, Max: 561134766.2, Diff: 0.1]
      [Ext Root Scanning (ms): Min: 1.8, Avg: 2.4, Max: 4.9, Diff: 3.1, Sum: 19.1]
      [Update RS (ms): Min: 0.0, Avg: 0.3, Max: 0.6, Diff: 0.6, Sum: 2.6]
         [Processed Buffers: Min: 0, Avg: 22.5, Max: 83, Diff: 83, Sum: 180]
      [Scan RS (ms): Min: 0.0, Avg: 0.1, Max: 0.1, Diff: 0.1, Sum: 0.6]
      [Code Root Scanning (ms): Min: 0.0, Avg: 0.0, Max: 0.0, Diff: 0.0, Sum: 0.0]
      [Object Copy (ms): Min: 0.0, Avg: 0.4, Max: 0.7, Diff: 0.7, Sum: 3.4]
      [Termination (ms): Min: 0.0, Avg: 1.6, Max: 1.9, Diff: 1.9, Sum: 13.1]
         [Termination Attempts: Min: 1, Avg: 4.1, Max: 8, Diff: 7, Sum: 33]
      [GC Worker Other (ms): Min: 0.0, Avg: 0.1, Max: 0.1, Diff: 0.1, Sum: 0.4]
      [GC Worker Total (ms): Min: 4.8, Avg: 4.9, Max: 5.0, Diff: 0.2, Sum: 39.2]
      [GC Worker End (ms): Min: 561134771.0, Avg: 561134771.0, Max: 561134771.1, Diff: 0.1]
   [Code Root Fixup: 0.0 ms]
   [Code Root Purge: 0.0 ms]
   [Clear CT: 0.7 ms]
   [Other: 5.1 ms]
      [Choose CSet: 0.0 ms]
      [Ref Proc: 4.3 ms]
      [Ref Enq: 0.1 ms]
      [Redirty Cards: 0.1 ms]
      [Humongous Register: 0.0 ms]
      [Humongous Reclaim: 0.0 ms]
      [Free CSet: 0.3 ms]
   [Eden: 7152.0M(7152.0M)->0.0B(7152.0M) Survivors: 16384.0K->16384.0K Heap: 10487.8M(14336.0M)->3335.8M(14336.0M)]
 [Times: user=0.04 sys=0.01, real=0.01 secs] 
2022-07-28T09:19:08.962-0700: 562120.467: [GC pause (G1 Evacuation Pause) (young) (initial-mark), 0.0149902 secs]
   [Parallel Time: 9.7 ms, GC Workers: 8]
      [GC Worker Start (ms): Min: 562120468.9, Avg: 562120468.9, Max: 562120469.0, Diff: 0.2]
      [Ext Root Scanning (ms): Min: 6.3, Avg: 6.6, Max: 6.9, Diff: 0.5, Sum: 53.1]
      [Update RS (ms): Min: 0.2, Avg: 0.3, Max: 0.5, Diff: 0.4, Sum: 2.3]
         [Processed Buffers: Min: 2, Avg: 21.9, Max: 44, Diff: 42, Sum: 175]
      [Scan RS (ms): Min: 0.0, Avg: 0.1, Max: 0.1, Diff: 0.1, Sum: 0.5]
      [Code Root Scanning (ms): Min: 0.0, Avg: 0.0, Max: 0.0, Diff: 0.0, Sum: 0.0]
      [Object Copy (ms): Min: 0.2, Avg: 0.5, Max: 0.8, Diff: 0.6, Sum: 4.2]
      [Termination (ms): Min: 0.0, Avg: 0.1, Max: 0.1, Diff: 0.1, Sum: 0.4]
         [Termination Attempts: Min: 1, Avg: 1.6, Max: 3, Diff: 2, Sum: 13]
      [GC Worker Other (ms): Min: 0.0, Avg: 0.0, Max: 0.1, Diff: 0.1, Sum: 0.3]
      [GC Worker Total (ms): Min: 7.5, Avg: 7.6, Max: 7.7, Diff: 0.2, Sum: 60.9]
      [GC Worker End (ms): Min: 562120476.5, Avg: 562120476.6, Max: 562120476.6, Diff: 0.1]
   [Code Root Fixup: 0.0 ms]
   [Code Root Purge: 0.0 ms]
   [Clear CT: 0.7 ms]
   [Other: 4.6 ms]
      [Choose CSet: 0.0 ms]
      [Ref Proc: 3.8 ms]
      [Ref Enq: 0.1 ms]
      [Redirty Cards: 0.1 ms]
      [Humongous Register: 0.0 ms]
      [Humongous Reclaim: 0.0 ms]
      [Free CSet: 0.3 ms]
   [Eden: 7152.0M(7152.0M)->0.0B(7152.0M) Survivors: 16384.0K->16384.0K Heap: 10487.8M(14336.0M)->3335.9M(14336.0M)]
 [Times: user=0.06 sys=0.00, real=0.02 secs] 
2022-07-28T09:19:08.977-0700: 562120.482: [GC concurrent-root-region-scan-start]
2022-07-28T09:19:08.982-0700: 562120.487: [GC concurrent-root-region-scan-end, 0.0051448 secs]
2022-07-28T09:19:08.983-0700: 562120.487: [GC concurrent-mark-start]
2022-07-28T09:19:11.397-0700: 562122.902: [GC concurrent-mark-end, 2.4145477 secs]
2022-07-28T09:19:11.397-0700: 562122.902: [GC remark 2022-07-28T09:19:11.397-0700: 562122.902: [Finalize Marking, 0.0002651 secs] 2022-07-28T09:19:11.398-0700: 562122.902: [GC ref-proc, 0.0112915 secs] 2022-07-28T09:19:11.409-0700: 562122.914: [Unloading, 0.0301327 secs], 0.0470709 secs]
 [Times: user=0.25 sys=0.00, real=0.05 secs] 
2022-07-28T09:19:11.445-0700: 562122.950: [GC cleanup 3407M->3407M(14336M), 0.0080604 secs]
 [Times: user=0.06 sys=0.00, real=0.00 secs] 
2022-07-28T09:35:46.262-0700: 563117.767: [GC pause (G1 Evacuation Pause) (young), 0.0079291 secs]
   [Parallel Time: 5.1 ms, GC Workers: 8]
      [GC Worker Start (ms): Min: 563117767.0, Avg: 563117767.1, Max: 563117767.1, Diff: 0.1]
      [Ext Root Scanning (ms): Min: 1.0, Avg: 1.7, Max: 4.9, Diff: 3.9, Sum: 13.4]
      [Update RS (ms): Min: 0.0, Avg: 0.3, Max: 0.7, Diff: 0.7, Sum: 2.4]
         [Processed Buffers: Min: 0, Avg: 22.0, Max: 47, Diff: 47, Sum: 176]
      [Scan RS (ms): Min: 0.0, Avg: 0.1, Max: 0.1, Diff: 0.1, Sum: 0.6]
      [Code Root Scanning (ms): Min: 0.0, Avg: 0.0, Max: 0.0, Diff: 0.0, Sum: 0.0]
      [Object Copy (ms): Min: 0.0, Avg: 0.4, Max: 0.6, Diff: 0.6, Sum: 3.1]
      [Termination (ms): Min: 0.0, Avg: 2.5, Max: 2.8, Diff: 2.8, Sum: 19.8]
         [Termination Attempts: Min: 1, Avg: 1.0, Max: 1, Diff: 0, Sum: 8]
      [GC Worker Other (ms): Min: 0.0, Avg: 0.0, Max: 0.0, Diff: 0.0, Sum: 0.1]
      [GC Worker Total (ms): Min: 4.9, Avg: 4.9, Max: 5.0, Diff: 0.1, Sum: 39.3]
      [GC Worker End (ms): Min: 563117772.0, Avg: 563117772.0, Max: 563117772.0, Diff: 0.0]
   [Code Root Fixup: 0.0 ms]
   [Code Root Purge: 0.0 ms]
   [Clear CT: 0.6 ms]
   [Other: 2.3 ms]
      [Choose CSet: 0.0 ms]
      [Ref Proc: 1.6 ms]
      [Ref Enq: 0.1 ms]
      [Redirty Cards: 0.1 ms]
      [Humongous Register: 0.0 ms]
      [Humongous Reclaim: 0.0 ms]
      [Free CSet: 0.3 ms]
   [Eden: 7152.0M(7152.0M)->0.0B(7152.0M) Survivors: 16384.0K->16384.0K Heap: 10487.9M(14336.0M)->3335.9M(14336.0M)]
 [Times: user=0.05 sys=0.00, real=0.01 secs] 
2022-07-28T09:52:24.362-0700: 564115.867: [GC pause (G1 Evacuation Pause) (young), 0.0087670 secs]
   [Parallel Time: 5.9 ms, GC Workers: 8]
      [GC Worker Start (ms): Min: 564115866.7, Avg: 564115866.8, Max: 564115866.9, Diff: 0.2]
      [Ext Root Scanning (ms): Min: 1.2, Avg: 1.9, Max: 5.7, Diff: 4.6, Sum: 15.4]
      [Update RS (ms): Min: 0.0, Avg: 0.3, Max: 0.7, Diff: 0.7, Sum: 2.7]
         [Processed Buffers: Min: 0, Avg: 20.2, Max: 46, Diff: 46, Sum: 162]
      [Scan RS (ms): Min: 0.0, Avg: 0.1, Max: 0.2, Diff: 0.1, Sum: 0.6]
      [Code Root Scanning (ms): Min: 0.0, Avg: 0.0, Max: 0.0, Diff: 0.0, Sum: 0.0]
      [Object Copy (ms): Min: 0.0, Avg: 0.5, Max: 0.7, Diff: 0.7, Sum: 3.9]
      [Termination (ms): Min: 0.0, Avg: 2.8, Max: 3.2, Diff: 3.2, Sum: 22.6]
         [Termination Attempts: Min: 1, Avg: 3.5, Max: 7, Diff: 6, Sum: 28]
      [GC Worker Other (ms): Min: 0.0, Avg: 0.0, Max: 0.0, Diff: 0.0, Sum: 0.2]
      [GC Worker Total (ms): Min: 5.6, Avg: 5.7, Max: 5.8, Diff: 0.2, Sum: 45.5]
      [GC Worker End (ms): Min: 564115872.5, Avg: 564115872.5, Max: 564115872.5, Diff: 0.0]
   [Code Root Fixup: 0.0 ms]
   [Code Root Purge: 0.0 ms]
   [Clear CT: 0.6 ms]
   [Other: 2.3 ms]
      [Choose CSet: 0.0 ms]
      [Ref Proc: 1.6 ms]
      [Ref Enq: 0.1 ms]
      [Redirty Cards: 0.1 ms]
      [Humongous Register: 0.1 ms]
      [Humongous Reclaim: 0.0 ms]
      [Free CSet: 0.3 ms]
   [Eden: 7152.0M(7152.0M)->0.0B(7152.0M) Survivors: 16384.0K->16384.0K Heap: 10487.9M(14336.0M)->3336.2M(14336.0M)]
 [Times: user=0.06 sys=0.00, real=0.01 secs] 
2022-07-28T10:08:58.512-0700: 565110.016: [GC pause (G1 Evacuation Pause) (young) (initial-mark), 0.0153676 secs]
   [Parallel Time: 9.6 ms, GC Workers: 8]
      [GC Worker Start (ms): Min: 565110018.5, Avg: 565110018.5, Max: 565110018.6, Diff: 0.1]
      [Ext Root Scanning (ms): Min: 6.2, Avg: 6.5, Max: 6.9, Diff: 0.6, Sum: 52.0]
      [Update RS (ms): Min: 0.1, Avg: 0.3, Max: 0.5, Diff: 0.4, Sum: 2.2]
         [Processed Buffers: Min: 1, Avg: 21.1, Max: 74, Diff: 73, Sum: 169]
      [Scan RS (ms): Min: 0.0, Avg: 0.1, Max: 0.1, Diff: 0.1, Sum: 0.5]
      [Code Root Scanning (ms): Min: 0.0, Avg: 0.0, Max: 0.0, Diff: 0.0, Sum: 0.0]
      [Object Copy (ms): Min: 0.2, Avg: 0.5, Max: 0.7, Diff: 0.5, Sum: 4.0]
      [Termination (ms): Min: 0.0, Avg: 0.0, Max: 0.0, Diff: 0.0, Sum: 0.2]
         [Termination Attempts: Min: 1, Avg: 1.6, Max: 3, Diff: 2, Sum: 13]
      [GC Worker Other (ms): Min: 0.0, Avg: 0.1, Max: 0.1, Diff: 0.1, Sum: 0.4]
      [GC Worker Total (ms): Min: 7.4, Avg: 7.4, Max: 7.5, Diff: 0.2, Sum: 59.3]
      [GC Worker End (ms): Min: 565110025.9, Avg: 565110026.0, Max: 565110026.0, Diff: 0.1]
   [Code Root Fixup: 0.0 ms]
   [Code Root Purge: 0.0 ms]
   [Clear CT: 0.6 ms]
   [Other: 5.1 ms]
      [Choose CSet: 0.0 ms]
      [Ref Proc: 4.3 ms]
      [Ref Enq: 0.1 ms]
      [Redirty Cards: 0.1 ms]
      [Humongous Register: 0.0 ms]
      [Humongous Reclaim: 0.0 ms]
      [Free CSet: 0.3 ms]
   [Eden: 7152.0M(7152.0M)->0.0B(7152.0M) Survivors: 16384.0K->16384.0K Heap: 10488.2M(14336.0M)->3336.0M(14336.0M)]
 [Times: user=0.06 sys=0.00, real=0.02 secs] 
2022-07-28T10:08:58.527-0700: 565110.032: [GC concurrent-root-region-scan-start]
2022-07-28T10:08:58.532-0700: 565110.037: [GC concurrent-root-region-scan-end, 0.0053223 secs]
2022-07-28T10:08:58.532-0700: 565110.037: [GC concurrent-mark-start]
2022-07-28T10:09:00.946-0700: 565112.451: [GC concurrent-mark-end, 2.4139870 secs]
2022-07-28T10:09:00.947-0700: 565112.452: [GC remark 2022-07-28T10:09:00.947-0700: 565112.452: [Finalize Marking, 0.0004520 secs] 2022-07-28T10:09:00.947-0700: 565112.452: [GC ref-proc, 0.0077440 secs] 2022-07-28T10:09:00.955-0700: 565112.460: [Unloading, 0.0275780 secs], 0.0411409 secs]
 [Times: user=0.25 sys=0.00, real=0.04 secs] 
2022-07-28T10:09:00.988-0700: 565112.493: [GC cleanup 3375M->3375M(14336M), 0.0081636 secs]
 [Times: user=0.06 sys=0.00, real=0.01 secs] 
2022-07-28T10:25:52.363-0700: 566123.868: [GC pause (G1 Evacuation Pause) (young), 0.0088833 secs]
   [Parallel Time: 5.6 ms, GC Workers: 8]
      [GC Worker Start (ms): Min: 566123868.4, Avg: 566123868.4, Max: 566123868.5, Diff: 0.2]
      [Ext Root Scanning (ms): Min: 1.6, Avg: 2.4, Max: 5.4, Diff: 3.8, Sum: 18.8]
      [Update RS (ms): Min: 0.0, Avg: 0.4, Max: 0.8, Diff: 0.8, Sum: 2.8]
         [Processed Buffers: Min: 0, Avg: 21.1, Max: 56, Diff: 56, Sum: 169]
      [Scan RS (ms): Min: 0.0, Avg: 0.1, Max: 0.2, Diff: 0.2, Sum: 0.6]
      [Code Root Scanning (ms): Min: 0.0, Avg: 0.0, Max: 0.0, Diff: 0.0, Sum: 0.0]
      [Object Copy (ms): Min: 0.0, Avg: 0.5, Max: 0.9, Diff: 0.9, Sum: 4.1]
      [Termination (ms): Min: 0.0, Avg: 2.1, Max: 2.4, Diff: 2.4, Sum: 16.4]
         [Termination Attempts: Min: 1, Avg: 3.8, Max: 6, Diff: 5, Sum: 30]
      [GC Worker Other (ms): Min: 0.0, Avg: 0.0, Max: 0.1, Diff: 0.0, Sum: 0.2]
      [GC Worker Total (ms): Min: 5.3, Avg: 5.4, Max: 5.5, Diff: 0.2, Sum: 43.1]
      [GC Worker End (ms): Min: 566123873.8, Avg: 566123873.8, Max: 566123873.9, Diff: 0.1]
   [Code Root Fixup: 0.0 ms]
   [Code Root Purge: 0.0 ms]
   [Clear CT: 0.6 ms]
   [Other: 2.7 ms]
      [Choose CSet: 0.0 ms]
      [Ref Proc: 2.0 ms]
      [Ref Enq: 0.1 ms]
      [Redirty Cards: 0.1 ms]
      [Humongous Register: 0.1 ms]
      [Humongous Reclaim: 0.0 ms]
      [Free CSet: 0.3 ms]
   [Eden: 7152.0M(7152.0M)->0.0B(7152.0M) Survivors: 16384.0K->16384.0K Heap: 10488.0M(14336.0M)->3335.9M(14336.0M)]
 [Times: user=0.05 sys=0.00, real=0.00 secs] 
2022-07-28T10:42:27.912-0700: 567119.417: [GC pause (G1 Evacuation Pause) (young), 0.0116179 secs]
   [Parallel Time: 5.5 ms, GC Workers: 8]
      [GC Worker Start (ms): Min: 567119417.3, Avg: 567119417.4, Max: 567119417.4, Diff: 0.1]
      [Ext Root Scanning (ms): Min: 1.2, Avg: 1.9, Max: 5.2, Diff: 4.1, Sum: 14.8]
      [Update RS (ms): Min: 0.0, Avg: 0.4, Max: 0.7, Diff: 0.7, Sum: 3.0]
         [Processed Buffers: Min: 0, Avg: 20.6, Max: 81, Diff: 81, Sum: 165]
      [Scan RS (ms): Min: 0.0, Avg: 0.1, Max: 0.1, Diff: 0.1, Sum: 0.6]
      [Code Root Scanning (ms): Min: 0.0, Avg: 0.0, Max: 0.0, Diff: 0.0, Sum: 0.0]
      [Object Copy (ms): Min: 0.0, Avg: 0.5, Max: 0.7, Diff: 0.7, Sum: 3.8]
      [Termination (ms): Min: 0.0, Avg: 2.4, Max: 2.8, Diff: 2.8, Sum: 19.5]
         [Termination Attempts: Min: 1, Avg: 5.1, Max: 11, Diff: 10, Sum: 41]
      [GC Worker Other (ms): Min: 0.0, Avg: 0.0, Max: 0.1, Diff: 0.1, Sum: 0.3]
      [GC Worker Total (ms): Min: 5.2, Avg: 5.3, Max: 5.3, Diff: 0.2, Sum: 42.0]
      [GC Worker End (ms): Min: 567119422.6, Avg: 567119422.6, Max: 567119422.7, Diff: 0.1]
   [Code Root Fixup: 0.0 ms]
   [Code Root Purge: 0.0 ms]
   [Clear CT: 0.7 ms]
   [Other: 5.4 ms]
      [Choose CSet: 0.0 ms]
      [Ref Proc: 4.5 ms]
      [Ref Enq: 0.2 ms]
      [Redirty Cards: 0.1 ms]
      [Humongous Register: 0.0 ms]
      [Humongous Reclaim: 0.0 ms]
      [Free CSet: 0.3 ms]
   [Eden: 7152.0M(7152.0M)->0.0B(7152.0M) Survivors: 16384.0K->16384.0K Heap: 10487.9M(14336.0M)->3336.0M(14336.0M)]
 [Times: user=0.05 sys=0.00, real=0.02 secs] 
2022-07-28T10:58:53.871-0700: 568105.376: [GC pause (G1 Evacuation Pause) (young) (initial-mark), 0.0154772 secs]
   [Parallel Time: 10.0 ms, GC Workers: 8]
      [GC Worker Start (ms): Min: 568105377.8, Avg: 568105377.9, Max: 568105377.9, Diff: 0.1]
      [Ext Root Scanning (ms): Min: 6.4, Avg: 6.7, Max: 6.9, Diff: 0.5, Sum: 53.4]
      [Update RS (ms): Min: 0.2, Avg: 0.3, Max: 0.5, Diff: 0.3, Sum: 2.3]
         [Processed Buffers: Min: 1, Avg: 22.0, Max: 64, Diff: 63, Sum: 176]
      [Scan RS (ms): Min: 0.0, Avg: 0.1, Max: 0.1, Diff: 0.1, Sum: 0.5]
      [Code Root Scanning (ms): Min: 0.0, Avg: 0.0, Max: 0.0, Diff: 0.0, Sum: 0.0]
      [Object Copy (ms): Min: 0.1, Avg: 0.5, Max: 0.7, Diff: 0.6, Sum: 3.8]
      [Termination (ms): Min: 0.0, Avg: 0.0, Max: 0.0, Diff: 0.0, Sum: 0.2]
         [Termination Attempts: Min: 1, Avg: 1.0, Max: 1, Diff: 0, Sum: 8]
      [GC Worker Other (ms): Min: 0.0, Avg: 0.0, Max: 0.1, Diff: 0.1, Sum: 0.3]
      [GC Worker Total (ms): Min: 7.5, Avg: 7.6, Max: 7.7, Diff: 0.2, Sum: 60.5]
      [GC Worker End (ms): Min: 568105385.4, Avg: 568105385.4, Max: 568105385.5, Diff: 0.1]
   [Code Root Fixup: 0.0 ms]
   [Code Root Purge: 0.0 ms]
   [Clear CT: 0.8 ms]
   [Other: 4.7 ms]
      [Choose CSet: 0.0 ms]
      [Ref Proc: 3.8 ms]
      [Ref Enq: 0.2 ms]
      [Redirty Cards: 0.1 ms]
      [Humongous Register: 0.0 ms]
      [Humongous Reclaim: 0.0 ms]
      [Free CSet: 0.3 ms]
   [Eden: 7152.0M(7152.0M)->0.0B(7152.0M) Survivors: 16384.0K->16384.0K Heap: 10488.0M(14336.0M)->3335.9M(14336.0M)]
 [Times: user=0.06 sys=0.00, real=0.02 secs] 
2022-07-28T10:58:53.886-0700: 568105.391: [GC concurrent-root-region-scan-start]
2022-07-28T10:58:53.891-0700: 568105.396: [GC concurrent-root-region-scan-end, 0.0048504 secs]
2022-07-28T10:58:53.891-0700: 568105.396: [GC concurrent-mark-start]
2022-07-28T10:58:56.362-0700: 568107.867: [GC concurrent-mark-end, 2.4710076 secs]
2022-07-28T10:58:56.363-0700: 568107.867: [GC remark 2022-07-28T10:58:56.363-0700: 568107.868: [Finalize Marking, 0.0002259 secs] 2022-07-28T10:58:56.368-0700: 568107.873: [GC ref-proc, 0.0117682 secs] 2022-07-28T10:58:56.380-0700: 568107.884: [Unloading, 0.0272595 secs], 0.0494661 secs]
 [Times: user=0.26 sys=0.00, real=0.04 secs] 
2022-07-28T10:58:56.413-0700: 568107.917: [GC cleanup 3375M->3375M(14336M), 0.0106441 secs]
 [Times: user=0.06 sys=0.00, real=0.02 secs] 
2022-07-28T11:15:32.164-0700: 569103.669: [GC pause (G1 Evacuation Pause) (young), 0.0085648 secs]
   [Parallel Time: 5.5 ms, GC Workers: 8]
      [GC Worker Start (ms): Min: 569103668.7, Avg: 569103668.7, Max: 569103668.8, Diff: 0.1]
      [Ext Root Scanning (ms): Min: 1.1, Avg: 1.8, Max: 5.3, Diff: 4.1, Sum: 14.8]
      [Update RS (ms): Min: 0.0, Avg: 0.3, Max: 0.7, Diff: 0.7, Sum: 2.7]
         [Processed Buffers: Min: 0, Avg: 21.6, Max: 75, Diff: 75, Sum: 173]
      [Scan RS (ms): Min: 0.0, Avg: 0.1, Max: 0.2, Diff: 0.1, Sum: 0.7]
      [Code Root Scanning (ms): Min: 0.0, Avg: 0.0, Max: 0.0, Diff: 0.0, Sum: 0.0]
      [Object Copy (ms): Min: 0.0, Avg: 0.5, Max: 0.7, Diff: 0.7, Sum: 4.0]
      [Termination (ms): Min: 0.0, Avg: 2.5, Max: 2.9, Diff: 2.9, Sum: 19.9]
         [Termination Attempts: Min: 1, Avg: 4.8, Max: 9, Diff: 8, Sum: 38]
      [GC Worker Other (ms): Min: 0.0, Avg: 0.0, Max: 0.1, Diff: 0.0, Sum: 0.2]
      [GC Worker Total (ms): Min: 5.2, Avg: 5.3, Max: 5.3, Diff: 0.1, Sum: 42.3]
      [GC Worker End (ms): Min: 569103674.0, Avg: 569103674.0, Max: 569103674.0, Diff: 0.1]
   [Code Root Fixup: 0.0 ms]
   [Code Root Purge: 0.0 ms]
   [Clear CT: 0.6 ms]
   [Other: 2.5 ms]
      [Choose CSet: 0.0 ms]
      [Ref Proc: 1.8 ms]
      [Ref Enq: 0.1 ms]
      [Redirty Cards: 0.1 ms]
      [Humongous Register: 0.0 ms]
      [Humongous Reclaim: 0.0 ms]
      [Free CSet: 0.3 ms]
   [Eden: 7152.0M(7152.0M)->0.0B(7152.0M) Survivors: 16384.0K->16384.0K Heap: 10487.9M(14336.0M)->3335.9M(14336.0M)]
 [Times: user=0.05 sys=0.00, real=0.00 secs] 
2022-07-28T11:32:13.013-0700: 570104.518: [GC pause (G1 Evacuation Pause) (young), 0.0110760 secs]
   [Parallel Time: 5.4 ms, GC Workers: 8]
      [GC Worker Start (ms): Min: 570104518.4, Avg: 570104518.4, Max: 570104518.5, Diff: 0.1]
      [Ext Root Scanning (ms): Min: 1.1, Avg: 1.8, Max: 5.2, Diff: 4.1, Sum: 14.3]
      [Update RS (ms): Min: 0.0, Avg: 0.3, Max: 0.6, Diff: 0.6, Sum: 2.3]
         [Processed Buffers: Min: 0, Avg: 21.5, Max: 61, Diff: 61, Sum: 172]
      [Scan RS (ms): Min: 0.0, Avg: 0.1, Max: 0.2, Diff: 0.1, Sum: 0.5]
      [Code Root Scanning (ms): Min: 0.0, Avg: 0.0, Max: 0.0, Diff: 0.0, Sum: 0.0]
      [Object Copy (ms): Min: 0.0, Avg: 0.4, Max: 0.6, Diff: 0.6, Sum: 3.2]
      [Termination (ms): Min: 0.0, Avg: 2.7, Max: 3.0, Diff: 3.0, Sum: 21.2]
         [Termination Attempts: Min: 1, Avg: 3.4, Max: 5, Diff: 4, Sum: 27]
      [GC Worker Other (ms): Min: 0.0, Avg: 0.0, Max: 0.0, Diff: 0.0, Sum: 0.2]
      [GC Worker Total (ms): Min: 5.1, Avg: 5.2, Max: 5.3, Diff: 0.1, Sum: 41.7]
      [GC Worker End (ms): Min: 570104523.6, Avg: 570104523.7, Max: 570104523.7, Diff: 0.0]
   [Code Root Fixup: 0.0 ms]
   [Code Root Purge: 0.0 ms]
   [Clear CT: 0.6 ms]
   [Other: 5.0 ms]
      [Choose CSet: 0.0 ms]
      [Ref Proc: 4.3 ms]
      [Ref Enq: 0.1 ms]
      [Redirty Cards: 0.1 ms]
      [Humongous Register: 0.1 ms]
      [Humongous Reclaim: 0.0 ms]
      [Free CSet: 0.3 ms]
   [Eden: 7152.0M(7152.0M)->0.0B(7152.0M) Survivors: 16384.0K->16384.0K Heap: 10487.9M(14336.0M)->3336.0M(14336.0M)]
 [Times: user=0.06 sys=0.00, real=0.02 secs] 
2022-07-28T11:48:44.864-0700: 571096.369: [GC pause (G1 Evacuation Pause) (young) (initial-mark), 0.0153215 secs]
   [Parallel Time: 9.4 ms, GC Workers: 8]
      [GC Worker Start (ms): Min: 571096371.2, Avg: 571096371.2, Max: 571096371.3, Diff: 0.1]
      [Ext Root Scanning (ms): Min: 6.0, Avg: 6.2, Max: 6.5, Diff: 0.5, Sum: 49.8]
      [Update RS (ms): Min: 0.2, Avg: 0.3, Max: 0.4, Diff: 0.3, Sum: 2.0]
         [Processed Buffers: Min: 1, Avg: 21.2, Max: 60, Diff: 59, Sum: 170]
      [Scan RS (ms): Min: 0.0, Avg: 0.1, Max: 0.1, Diff: 0.1, Sum: 0.5]
      [Code Root Scanning (ms): Min: 0.0, Avg: 0.0, Max: 0.0, Diff: 0.0, Sum: 0.0]
      [Object Copy (ms): Min: 0.3, Avg: 0.5, Max: 0.6, Diff: 0.4, Sum: 3.7]
      [Termination (ms): Min: 0.0, Avg: 0.0, Max: 0.0, Diff: 0.0, Sum: 0.0]
         [Termination Attempts: Min: 1, Avg: 2.5, Max: 5, Diff: 4, Sum: 20]
      [GC Worker Other (ms): Min: 0.0, Avg: 0.0, Max: 0.1, Diff: 0.1, Sum: 0.4]
      [GC Worker Total (ms): Min: 7.0, Avg: 7.0, Max: 7.1, Diff: 0.2, Sum: 56.3]
      [GC Worker End (ms): Min: 571096378.2, Avg: 571096378.3, Max: 571096378.3, Diff: 0.1]
   [Code Root Fixup: 0.0 ms]
   [Code Root Purge: 0.0 ms]
   [Clear CT: 0.7 ms]
   [Other: 5.2 ms]
      [Choose CSet: 0.0 ms]
      [Ref Proc: 4.5 ms]
      [Ref Enq: 0.1 ms]
      [Redirty Cards: 0.1 ms]
      [Humongous Register: 0.0 ms]
      [Humongous Reclaim: 0.0 ms]
      [Free CSet: 0.3 ms]
   [Eden: 7152.0M(7152.0M)->0.0B(7152.0M) Survivors: 16384.0K->16384.0K Heap: 10488.0M(14336.0M)->3336.0M(14336.0M)]
 [Times: user=0.06 sys=0.00, real=0.01 secs] 
2022-07-28T11:48:44.880-0700: 571096.384: [GC concurrent-root-region-scan-start]
2022-07-28T11:48:44.886-0700: 571096.390: [GC concurrent-root-region-scan-end, 0.0061358 secs]
2022-07-28T11:48:44.886-0700: 571096.391: [GC concurrent-mark-start]
2022-07-28T11:48:47.313-0700: 571098.818: [GC concurrent-mark-end, 2.4275748 secs]
2022-07-28T11:48:47.314-0700: 571098.818: [GC remark 2022-07-28T11:48:47.314-0700: 571098.819: [Finalize Marking, 0.0004529 secs] 2022-07-28T11:48:47.314-0700: 571098.819: [GC ref-proc, 0.0056595 secs] 2022-07-28T11:48:47.320-0700: 571098.825: [Unloading, 0.0270997 secs], 0.0384559 secs]
 [Times: user=0.24 sys=0.00, real=0.04 secs] 
2022-07-28T11:48:47.353-0700: 571098.857: [GC cleanup 3375M->3375M(14336M), 0.0102601 secs]
 [Times: user=0.06 sys=0.00, real=0.02 secs] 
2022-07-28T12:05:31.083-0700: 572102.588: [GC pause (G1 Evacuation Pause) (young), 0.0108498 secs]
   [Parallel Time: 5.9 ms, GC Workers: 8]
      [GC Worker Start (ms): Min: 572102588.1, Avg: 572102588.2, Max: 572102588.3, Diff: 0.2]
      [Ext Root Scanning (ms): Min: 1.1, Avg: 1.9, Max: 5.6, Diff: 4.4, Sum: 15.3]
      [Update RS (ms): Min: 0.0, Avg: 0.4, Max: 0.7, Diff: 0.7, Sum: 2.9]
         [Processed Buffers: Min: 0, Avg: 20.9, Max: 92, Diff: 92, Sum: 167]
      [Scan RS (ms): Min: 0.0, Avg: 0.1, Max: 0.2, Diff: 0.2, Sum: 0.7]
      [Code Root Scanning (ms): Min: 0.0, Avg: 0.0, Max: 0.0, Diff: 0.0, Sum: 0.0]
      [Object Copy (ms): Min: 0.0, Avg: 0.5, Max: 0.8, Diff: 0.8, Sum: 4.1]
      [Termination (ms): Min: 0.0, Avg: 2.7, Max: 3.1, Diff: 3.1, Sum: 21.5]
         [Termination Attempts: Min: 1, Avg: 1.4, Max: 2, Diff: 1, Sum: 11]
      [GC Worker Other (ms): Min: 0.0, Avg: 0.0, Max: 0.1, Diff: 0.1, Sum: 0.3]
      [GC Worker Total (ms): Min: 5.5, Avg: 5.6, Max: 5.7, Diff: 0.1, Sum: 44.9]
      [GC Worker End (ms): Min: 572102593.8, Avg: 572102593.8, Max: 572102593.9, Diff: 0.1]
   [Code Root Fixup: 0.0 ms]
   [Code Root Purge: 0.0 ms]
   [Clear CT: 0.6 ms]
   [Other: 4.3 ms]
      [Choose CSet: 0.0 ms]
      [Ref Proc: 3.6 ms]
      [Ref Enq: 0.1 ms]
      [Redirty Cards: 0.1 ms]
      [Humongous Register: 0.1 ms]
      [Humongous Reclaim: 0.0 ms]
      [Free CSet: 0.3 ms]
   [Eden: 7152.0M(7152.0M)->0.0B(7152.0M) Survivors: 16384.0K->16384.0K Heap: 10488.0M(14336.0M)->3336.1M(14336.0M)]
 [Times: user=0.06 sys=0.01, real=0.00 secs] 
2022-07-28T12:09:26.465-0700: 572337.970: [GC pause (GCLocker Initiated GC) (young), 0.0598439 secs]
   [Parallel Time: 56.9 ms, GC Workers: 8]
      [GC Worker Start (ms): Min: 572337970.2, Avg: 572337970.3, Max: 572337970.3, Diff: 0.1]
      [Ext Root Scanning (ms): Min: 1.2, Avg: 2.0, Max: 6.0, Diff: 4.9, Sum: 16.2]
      [Update RS (ms): Min: 0.0, Avg: 1.4, Max: 1.9, Diff: 1.9, Sum: 11.6]
         [Processed Buffers: Min: 0, Avg: 9.0, Max: 34, Diff: 34, Sum: 72]
      [Scan RS (ms): Min: 0.0, Avg: 0.1, Max: 0.2, Diff: 0.2, Sum: 0.5]
      [Code Root Scanning (ms): Min: 0.0, Avg: 0.0, Max: 0.0, Diff: 0.0, Sum: 0.0]
      [Object Copy (ms): Min: 50.5, Avg: 53.0, Max: 53.5, Diff: 3.0, Sum: 424.1]
      [Termination (ms): Min: 0.0, Avg: 0.0, Max: 0.0, Diff: 0.0, Sum: 0.0]
         [Termination Attempts: Min: 1, Avg: 2.0, Max: 3, Diff: 2, Sum: 16]
      [GC Worker Other (ms): Min: 0.0, Avg: 0.1, Max: 0.1, Diff: 0.1, Sum: 0.4]
      [GC Worker Total (ms): Min: 56.6, Avg: 56.6, Max: 56.6, Diff: 0.1, Sum: 452.7]
      [GC Worker End (ms): Min: 572338026.8, Avg: 572338026.9, Max: 572338026.9, Diff: 0.1]
   [Code Root Fixup: 0.0 ms]
   [Code Root Purge: 0.0 ms]
   [Clear CT: 0.7 ms]
   [Other: 2.2 ms]
      [Choose CSet: 0.0 ms]
      [Ref Proc: 1.6 ms]
      [Ref Enq: 0.1 ms]
      [Redirty Cards: 0.1 ms]
      [Humongous Register: 0.1 ms]
      [Humongous Reclaim: 0.0 ms]
      [Free CSet: 0.3 ms]
   [Eden: 7168.0M(7152.0M)->0.0B(6976.0M) Survivors: 16384.0K->192.0M Heap: 10496.1M(14336.0M)->3519.8M(14336.0M)]
 [Times: user=0.44 sys=0.00, real=0.06 secs] 
2022-07-28T12:11:11.912-0700: 572443.416: [GC pause (GCLocker Initiated GC) (young) (initial-mark), 0.0796934 secs]
   [Parallel Time: 76.2 ms, GC Workers: 8]
      [GC Worker Start (ms): Min: 572443418.5, Avg: 572443418.6, Max: 572443418.7, Diff: 0.2]
      [Ext Root Scanning (ms): Min: 5.1, Avg: 5.3, Max: 5.5, Diff: 0.4, Sum: 42.2]
      [Update RS (ms): Min: 0.8, Avg: 1.0, Max: 1.2, Diff: 0.4, Sum: 7.9]
         [Processed Buffers: Min: 2, Avg: 4.9, Max: 11, Diff: 9, Sum: 39]
      [Scan RS (ms): Min: 0.0, Avg: 0.1, Max: 0.1, Diff: 0.1, Sum: 0.4]
      [Code Root Scanning (ms): Min: 0.0, Avg: 0.0, Max: 0.0, Diff: 0.0, Sum: 0.0]
      [Object Copy (ms): Min: 67.2, Avg: 67.5, Max: 67.7, Diff: 0.5, Sum: 539.7]
      [Termination (ms): Min: 0.0, Avg: 0.0, Max: 0.0, Diff: 0.0, Sum: 0.0]
         [Termination Attempts: Min: 1, Avg: 31.9, Max: 44, Diff: 43, Sum: 255]
      [GC Worker Other (ms): Min: 0.0, Avg: 0.1, Max: 0.1, Diff: 0.1, Sum: 0.6]
      [GC Worker Total (ms): Min: 73.8, Avg: 73.9, Max: 73.9, Diff: 0.2, Sum: 590.9]
      [GC Worker End (ms): Min: 572443492.4, Avg: 572443492.5, Max: 572443492.6, Diff: 0.1]
   [Code Root Fixup: 0.0 ms]
   [Code Root Purge: 0.0 ms]
   [Clear CT: 0.7 ms]
   [Other: 2.8 ms]
      [Choose CSet: 0.0 ms]
      [Ref Proc: 2.0 ms]
      [Ref Enq: 0.1 ms]
      [Redirty Cards: 0.2 ms]
      [Humongous Register: 0.0 ms]
      [Humongous Reclaim: 0.0 ms]
      [Free CSet: 0.3 ms]
   [Eden: 6976.0M(6976.0M)->0.0B(7040.0M) Survivors: 192.0M->128.0M Heap: 10495.8M(14336.0M)->3643.4M(14336.0M)]
 [Times: user=0.46 sys=0.00, real=0.09 secs] 
2022-07-28T12:11:11.996-0700: 572443.501: [GC concurrent-root-region-scan-start]
2022-07-28T12:11:12.009-0700: 572443.514: [GC concurrent-root-region-scan-end, 0.0134014 secs]
2022-07-28T12:11:12.009-0700: 572443.514: [GC concurrent-mark-start]
2022-07-28T12:11:14.845-0700: 572446.350: [GC concurrent-mark-end, 2.8353327 secs]
2022-07-28T12:11:14.845-0700: 572446.350: [GC remark 2022-07-28T12:11:14.845-0700: 572446.350: [Finalize Marking, 0.0002223 secs] 2022-07-28T12:11:14.845-0700: 572446.350: [GC ref-proc, 0.0060005 secs] 2022-07-28T12:11:14.851-0700: 572446.356: [Unloading, 0.0279595 secs], 0.0398512 secs]
 [Times: user=0.26 sys=0.00, real=0.04 secs] 
2022-07-28T12:11:14.885-0700: 572446.390: [GC cleanup 3891M->3891M(14336M), 0.0084151 secs]
 [Times: user=0.06 sys=0.00, real=0.00 secs] 
2022-07-28T12:12:59.430-0700: 572550.935: [GC pause (GCLocker Initiated GC) (young), 0.0214323 secs]
   [Parallel Time: 17.5 ms, GC Workers: 8]
      [GC Worker Start (ms): Min: 572550935.0, Avg: 572550935.1, Max: 572550935.2, Diff: 0.1]
      [Ext Root Scanning (ms): Min: 0.9, Avg: 1.5, Max: 4.9, Diff: 4.1, Sum: 12.3]
      [Update RS (ms): Min: 8.2, Avg: 11.2, Max: 11.9, Diff: 3.6, Sum: 89.8]
         [Processed Buffers: Min: 23, Avg: 31.2, Max: 42, Diff: 19, Sum: 250]
      [Scan RS (ms): Min: 0.4, Avg: 0.6, Max: 0.7, Diff: 0.3, Sum: 4.6]
      [Code Root Scanning (ms): Min: 0.0, Avg: 0.0, Max: 0.0, Diff: 0.0, Sum: 0.0]
      [Object Copy (ms): Min: 3.5, Avg: 3.6, Max: 3.7, Diff: 0.2, Sum: 28.9]
      [Termination (ms): Min: 0.0, Avg: 0.0, Max: 0.0, Diff: 0.0, Sum: 0.0]
         [Termination Attempts: Min: 7, Avg: 11.4, Max: 16, Diff: 9, Sum: 91]
      [GC Worker Other (ms): Min: 0.0, Avg: 0.1, Max: 0.2, Diff: 0.2, Sum: 0.6]
      [GC Worker Total (ms): Min: 16.9, Avg: 17.0, Max: 17.2, Diff: 0.2, Sum: 136.3]
      [GC Worker End (ms): Min: 572550952.1, Avg: 572550952.2, Max: 572550952.3, Diff: 0.2]
   [Code Root Fixup: 0.0 ms]
   [Code Root Purge: 0.0 ms]
   [Clear CT: 0.8 ms]
   [Other: 3.1 ms]
      [Choose CSet: 0.0 ms]
      [Ref Proc: 2.5 ms]
      [Ref Enq: 0.1 ms]
      [Redirty Cards: 0.1 ms]
      [Humongous Register: 0.1 ms]
      [Humongous Reclaim: 0.0 ms]
      [Free CSet: 0.3 ms]
   [Eden: 7056.0M(7040.0M)->0.0B(5664.0M) Survivors: 128.0M->65536.0K Heap: 10683.4M(14336.0M)->3654.7M(14336.0M)]
 [Times: user=0.15 sys=0.00, real=0.02 secs] 
2022-07-28T12:13:44.266-0700: 572595.771: [GC pause (G1 Evacuation Pause) (mixed), 0.0342058 secs]
   [Parallel Time: 31.2 ms, GC Workers: 8]
      [GC Worker Start (ms): Min: 572595771.1, Avg: 572595771.1, Max: 572595771.2, Diff: 0.1]
      [Ext Root Scanning (ms): Min: 0.9, Avg: 1.7, Max: 5.9, Diff: 5.0, Sum: 13.4]
      [Update RS (ms): Min: 3.8, Avg: 7.8, Max: 8.7, Diff: 4.8, Sum: 62.8]
         [Processed Buffers: Min: 15, Avg: 30.8, Max: 35, Diff: 20, Sum: 246]
      [Scan RS (ms): Min: 5.8, Avg: 6.4, Max: 6.5, Diff: 0.7, Sum: 51.2]
      [Code Root Scanning (ms): Min: 0.0, Avg: 0.1, Max: 0.7, Diff: 0.7, Sum: 0.7]
      [Object Copy (ms): Min: 14.8, Avg: 15.0, Max: 15.1, Diff: 0.2, Sum: 120.0]
      [Termination (ms): Min: 0.0, Avg: 0.0, Max: 0.0, Diff: 0.0, Sum: 0.0]
         [Termination Attempts: Min: 1, Avg: 1.1, Max: 2, Diff: 1, Sum: 9]
      [GC Worker Other (ms): Min: 0.0, Avg: 0.0, Max: 0.1, Diff: 0.1, Sum: 0.4]
      [GC Worker Total (ms): Min: 31.0, Avg: 31.1, Max: 31.1, Diff: 0.1, Sum: 248.4]
      [GC Worker End (ms): Min: 572595802.2, Avg: 572595802.2, Max: 572595802.2, Diff: 0.1]
   [Code Root Fixup: 0.0 ms]
   [Code Root Purge: 0.0 ms]
   [Clear CT: 0.8 ms]
   [Other: 2.2 ms]
      [Choose CSet: 0.0 ms]
      [Ref Proc: 1.4 ms]
      [Ref Enq: 0.1 ms]
      [Redirty Cards: 0.2 ms]
      [Humongous Register: 0.0 ms]
      [Humongous Reclaim: 0.0 ms]
      [Free CSet: 0.3 ms]
   [Eden: 5664.0M(5664.0M)->0.0B(7104.0M) Survivors: 65536.0K->65536.0K Heap: 9318.7M(14336.0M)->3640.5M(14336.0M)]
 [Times: user=0.26 sys=0.00, real=0.03 secs] 
2022-07-28T12:13:52.800-0700: 572604.305: [GC pause (G1 Evacuation Pause) (young), 0.0405488 secs]
   [Parallel Time: 37.4 ms, GC Workers: 8]
      [GC Worker Start (ms): Min: 572604305.0, Avg: 572604305.1, Max: 572604305.1, Diff: 0.1]
      [Ext Root Scanning (ms): Min: 0.9, Avg: 1.5, Max: 5.0, Diff: 4.2, Sum: 12.3]
      [Update RS (ms): Min: 3.7, Avg: 7.0, Max: 7.9, Diff: 4.2, Sum: 56.4]
         [Processed Buffers: Min: 21, Avg: 27.9, Max: 32, Diff: 11, Sum: 223]
      [Scan RS (ms): Min: 13.5, Avg: 13.8, Max: 13.9, Diff: 0.4, Sum: 110.1]
      [Code Root Scanning (ms): Min: 0.0, Avg: 0.0, Max: 0.0, Diff: 0.0, Sum: 0.0]
      [Object Copy (ms): Min: 14.8, Avg: 14.9, Max: 15.0, Diff: 0.3, Sum: 119.4]
      [Termination (ms): Min: 0.0, Avg: 0.0, Max: 0.0, Diff: 0.0, Sum: 0.0]
         [Termination Attempts: Min: 1, Avg: 1.0, Max: 1, Diff: 0, Sum: 8]
      [GC Worker Other (ms): Min: 0.0, Avg: 0.1, Max: 0.1, Diff: 0.1, Sum: 0.4]
      [GC Worker Total (ms): Min: 37.3, Avg: 37.3, Max: 37.4, Diff: 0.1, Sum: 298.5]
      [GC Worker End (ms): Min: 572604342.3, Avg: 572604342.4, Max: 572604342.4, Diff: 0.1]
   [Code Root Fixup: 0.0 ms]
   [Code Root Purge: 0.0 ms]
   [Clear CT: 0.6 ms]
   [Other: 2.5 ms]
      [Choose CSet: 0.0 ms]
      [Ref Proc: 1.7 ms]
      [Ref Enq: 0.1 ms]
      [Redirty Cards: 0.3 ms]
      [Humongous Register: 0.0 ms]
      [Humongous Reclaim: 0.0 ms]
      [Free CSet: 0.2 ms]
   [Eden: 5664.0M(5664.0M)->0.0B(7088.0M) Survivors: 65536.0K->81920.0K Heap: 9304.5M(14336.0M)->3686.5M(14336.0M)]
 [Times: user=0.31 sys=0.00, real=0.04 secs] 
2022-07-28T12:14:10.526-0700: 572622.031: [GC pause (G1 Evacuation Pause) (young) (initial-mark), 0.0408751 secs]
   [Parallel Time: 36.0 ms, GC Workers: 8]
      [GC Worker Start (ms): Min: 572622032.4, Avg: 572622032.4, Max: 572622032.5, Diff: 0.1]
      [Ext Root Scanning (ms): Min: 5.6, Avg: 5.8, Max: 6.0, Diff: 0.4, Sum: 46.1]
      [Update RS (ms): Min: 8.0, Avg: 8.2, Max: 8.5, Diff: 0.5, Sum: 65.9]
         [Processed Buffers: Min: 28, Avg: 30.8, Max: 34, Diff: 6, Sum: 246]
      [Scan RS (ms): Min: 1.7, Avg: 2.0, Max: 2.2, Diff: 0.5, Sum: 16.3]
      [Code Root Scanning (ms): Min: 0.0, Avg: 0.0, Max: 0.0, Diff: 0.0, Sum: 0.0]
      [Object Copy (ms): Min: 17.4, Avg: 17.7, Max: 17.9, Diff: 0.5, Sum: 141.7]
      [Termination (ms): Min: 0.0, Avg: 0.0, Max: 0.0, Diff: 0.0, Sum: 0.0]
         [Termination Attempts: Min: 1, Avg: 1.1, Max: 2, Diff: 1, Sum: 9]
      [GC Worker Other (ms): Min: 0.0, Avg: 0.1, Max: 0.2, Diff: 0.1, Sum: 0.7]
      [GC Worker Total (ms): Min: 33.8, Avg: 33.8, Max: 34.0, Diff: 0.2, Sum: 270.7]
      [GC Worker End (ms): Min: 572622066.2, Avg: 572622066.3, Max: 572622066.4, Diff: 0.1]
   [Code Root Fixup: 0.0 ms]
   [Code Root Purge: 0.0 ms]
   [Clear CT: 0.8 ms]
   [Other: 4.0 ms]
      [Choose CSet: 0.0 ms]
      [Ref Proc: 3.2 ms]
      [Ref Enq: 0.1 ms]
      [Redirty Cards: 0.2 ms]
      [Humongous Register: 0.0 ms]
      [Humongous Reclaim: 0.1 ms]
      [Free CSet: 0.3 ms]
   [Eden: 7088.0M(7088.0M)->0.0B(7088.0M) Survivors: 81920.0K->81920.0K Heap: 10774.5M(14336.0M)->3723.5M(14336.0M)]
 [Times: user=0.27 sys=0.00, real=0.04 secs] 
2022-07-28T12:14:10.567-0700: 572622.072: [GC concurrent-root-region-scan-start]
2022-07-28T12:14:10.586-0700: 572622.091: [GC concurrent-root-region-scan-end, 0.0196514 secs]
2022-07-28T12:14:10.586-0700: 572622.091: [GC concurrent-mark-start]
2022-07-28T12:14:13.085-0700: 572624.590: [GC concurrent-mark-end, 2.4985507 secs]
2022-07-28T12:14:13.085-0700: 572624.590: [GC remark 2022-07-28T12:14:13.085-0700: 572624.590: [Finalize Marking, 0.0003521 secs] 2022-07-28T12:14:13.086-0700: 572624.590: [GC ref-proc, 0.0113003 secs] 2022-07-28T12:14:13.097-0700: 572624.602: [Unloading, 0.0296468 secs], 0.0468068 secs]
 [Times: user=0.26 sys=0.00, real=0.04 secs] 
2022-07-28T12:14:13.133-0700: 572624.637: [GC cleanup 4069M->4069M(14336M), 0.0081851 secs]
 [Times: user=0.07 sys=0.00, real=0.01 secs] 
2022-07-28T12:16:19.115-0700: 572750.619: [GC pause (G1 Evacuation Pause) (young), 0.0704050 secs]
   [Parallel Time: 65.9 ms, GC Workers: 8]
      [GC Worker Start (ms): Min: 572750619.5, Avg: 572750619.6, Max: 572750619.7, Diff: 0.1]
      [Ext Root Scanning (ms): Min: 1.3, Avg: 2.1, Max: 5.5, Diff: 4.2, Sum: 16.5]
      [Update RS (ms): Min: 41.0, Avg: 44.1, Max: 44.9, Diff: 3.9, Sum: 352.6]
         [Processed Buffers: Min: 26, Avg: 31.8, Max: 41, Diff: 15, Sum: 254]
      [Scan RS (ms): Min: 0.1, Avg: 0.4, Max: 0.5, Diff: 0.4, Sum: 3.2]
      [Code Root Scanning (ms): Min: 0.0, Avg: 0.0, Max: 0.0, Diff: 0.0, Sum: 0.0]
      [Object Copy (ms): Min: 18.7, Avg: 19.0, Max: 19.2, Diff: 0.5, Sum: 152.4]
      [Termination (ms): Min: 0.0, Avg: 0.0, Max: 0.0, Diff: 0.0, Sum: 0.0]
         [Termination Attempts: Min: 1, Avg: 1.0, Max: 1, Diff: 0, Sum: 8]
      [GC Worker Other (ms): Min: 0.0, Avg: 0.1, Max: 0.1, Diff: 0.1, Sum: 0.5]
      [GC Worker Total (ms): Min: 65.6, Avg: 65.6, Max: 65.7, Diff: 0.2, Sum: 525.1]
      [GC Worker End (ms): Min: 572750685.2, Avg: 572750685.2, Max: 572750685.3, Diff: 0.1]
   [Code Root Fixup: 0.0 ms]
   [Code Root Purge: 0.0 ms]
   [Clear CT: 0.8 ms]
   [Other: 3.7 ms]
      [Choose CSet: 0.0 ms]
      [Ref Proc: 3.0 ms]
      [Ref Enq: 0.1 ms]
      [Redirty Cards: 0.1 ms]
      [Humongous Register: 0.1 ms]
      [Humongous Reclaim: 0.0 ms]
      [Free CSet: 0.3 ms]
   [Eden: 7088.0M(7088.0M)->0.0B(5600.0M) Survivors: 81920.0K->128.0M Heap: 10811.5M(14336.0M)->3833.0M(14336.0M)]
 [Times: user=0.53 sys=0.00, real=0.08 secs] 
2022-07-28T12:18:28.465-0700: 572879.970: [GC pause (G1 Evacuation Pause) (mixed), 0.0554401 secs]
   [Parallel Time: 51.1 ms, GC Workers: 8]
      [GC Worker Start (ms): Min: 572879970.1, Avg: 572879970.2, Max: 572879970.2, Diff: 0.1]
      [Ext Root Scanning (ms): Min: 1.4, Avg: 2.2, Max: 6.3, Diff: 4.9, Sum: 17.4]
      [Update RS (ms): Min: 7.9, Avg: 11.5, Max: 12.2, Diff: 4.4, Sum: 91.9]
         [Processed Buffers: Min: 19, Avg: 33.6, Max: 45, Diff: 26, Sum: 269]
      [Scan RS (ms): Min: 1.9, Avg: 2.0, Max: 2.1, Diff: 0.2, Sum: 16.1]
      [Code Root Scanning (ms): Min: 0.0, Avg: 0.0, Max: 0.1, Diff: 0.1, Sum: 0.2]
      [Object Copy (ms): Min: 34.5, Avg: 34.9, Max: 35.0, Diff: 0.5, Sum: 278.9]
      [Termination (ms): Min: 0.0, Avg: 0.0, Max: 0.0, Diff: 0.0, Sum: 0.0]
         [Termination Attempts: Min: 1, Avg: 1.0, Max: 1, Diff: 0, Sum: 8]
      [GC Worker Other (ms): Min: 0.0, Avg: 0.1, Max: 0.2, Diff: 0.2, Sum: 0.7]
      [GC Worker Total (ms): Min: 50.5, Avg: 50.6, Max: 50.8, Diff: 0.2, Sum: 405.1]
      [GC Worker End (ms): Min: 572880020.8, Avg: 572880020.8, Max: 572880021.0, Diff: 0.2]
   [Code Root Fixup: 0.0 ms]
   [Code Root Purge: 0.0 ms]
   [Clear CT: 0.8 ms]
   [Other: 3.5 ms]
      [Choose CSet: 0.1 ms]
      [Ref Proc: 2.5 ms]
      [Ref Enq: 0.1 ms]
      [Redirty Cards: 0.2 ms]
      [Humongous Register: 0.1 ms]
      [Humongous Reclaim: 0.0 ms]
      [Free CSet: 0.3 ms]
   [Eden: 5600.0M(5600.0M)->0.0B(7056.0M) Survivors: 128.0M->112.0M Heap: 9433.0M(14336.0M)->3610.8M(14336.0M)]
 [Times: user=0.40 sys=0.00, real=0.05 secs] 
2022-07-28T12:20:37.181-0700: 573008.686: [GC pause (G1 Evacuation Pause) (young), 0.0421689 secs]
   [Parallel Time: 38.4 ms, GC Workers: 8]
      [GC Worker Start (ms): Min: 573008685.9, Avg: 573008686.0, Max: 573008686.1, Diff: 0.2]
      [Ext Root Scanning (ms): Min: 0.9, Avg: 1.6, Max: 5.1, Diff: 4.3, Sum: 12.7]
      [Update RS (ms): Min: 9.3, Avg: 12.5, Max: 13.2, Diff: 4.0, Sum: 99.7]
         [Processed Buffers: Min: 22, Avg: 33.2, Max: 41, Diff: 19, Sum: 266]
      [Scan RS (ms): Min: 1.0, Avg: 1.2, Max: 1.2, Diff: 0.2, Sum: 9.2]
      [Code Root Scanning (ms): Min: 0.0, Avg: 0.0, Max: 0.0, Diff: 0.0, Sum: 0.0]
      [Object Copy (ms): Min: 22.8, Avg: 23.0, Max: 23.1, Diff: 0.3, Sum: 184.2]
      [Termination (ms): Min: 0.0, Avg: 0.0, Max: 0.0, Diff: 0.0, Sum: 0.0]
         [Termination Attempts: Min: 9, Avg: 12.0, Max: 15, Diff: 6, Sum: 96]
      [GC Worker Other (ms): Min: 0.0, Avg: 0.0, Max: 0.1, Diff: 0.1, Sum: 0.4]
      [GC Worker Total (ms): Min: 38.2, Avg: 38.3, Max: 38.3, Diff: 0.1, Sum: 306.3]
      [GC Worker End (ms): Min: 573008724.3, Avg: 573008724.3, Max: 573008724.3, Diff: 0.1]
   [Code Root Fixup: 0.0 ms]
   [Code Root Purge: 0.0 ms]
   [Clear CT: 0.8 ms]
   [Other: 2.9 ms]
      [Choose CSet: 0.0 ms]
      [Ref Proc: 2.1 ms]
      [Ref Enq: 0.1 ms]
      [Redirty Cards: 0.2 ms]
      [Humongous Register: 0.1 ms]
      [Humongous Reclaim: 0.0 ms]
      [Free CSet: 0.3 ms]
   [Eden: 7056.0M(7056.0M)->0.0B(7056.0M) Survivors: 112.0M->112.0M Heap: 10666.8M(14336.0M)->3675.3M(14336.0M)]
 [Times: user=0.32 sys=0.00, real=0.05 secs] 
2022-07-28T12:22:52.011-0700: 573143.516: [GC pause (G1 Evacuation Pause) (young) (initial-mark), 0.0438262 secs]
   [Parallel Time: 40.1 ms, GC Workers: 8]
      [GC Worker Start (ms): Min: 573143518.2, Avg: 573143518.3, Max: 573143518.4, Diff: 0.1]
      [Ext Root Scanning (ms): Min: 5.2, Avg: 5.4, Max: 5.6, Diff: 0.4, Sum: 43.4]
      [Update RS (ms): Min: 17.3, Avg: 17.5, Max: 18.0, Diff: 0.7, Sum: 140.0]
         [Processed Buffers: Min: 24, Avg: 29.4, Max: 38, Diff: 14, Sum: 235]
      [Scan RS (ms): Min: 0.0, Avg: 0.4, Max: 0.5, Diff: 0.5, Sum: 2.9]
      [Code Root Scanning (ms): Min: 0.0, Avg: 0.0, Max: 0.0, Diff: 0.0, Sum: 0.0]
      [Object Copy (ms): Min: 14.1, Avg: 14.3, Max: 14.5, Diff: 0.4, Sum: 114.4]
      [Termination (ms): Min: 0.0, Avg: 0.0, Max: 0.0, Diff: 0.0, Sum: 0.0]
         [Termination Attempts: Min: 1, Avg: 11.0, Max: 17, Diff: 16, Sum: 88]
      [GC Worker Other (ms): Min: 0.0, Avg: 0.1, Max: 0.2, Diff: 0.2, Sum: 0.8]
      [GC Worker Total (ms): Min: 37.6, Avg: 37.7, Max: 37.8, Diff: 0.2, Sum: 301.6]
      [GC Worker End (ms): Min: 573143555.9, Avg: 573143556.0, Max: 573143556.1, Diff: 0.2]
   [Code Root Fixup: 0.0 ms]
   [Code Root Purge: 0.0 ms]
   [Clear CT: 0.8 ms]
   [Other: 2.9 ms]
      [Choose CSet: 0.0 ms]
      [Ref Proc: 2.1 ms]
      [Ref Enq: 0.1 ms]
      [Redirty Cards: 0.1 ms]
      [Humongous Register: 0.0 ms]
      [Humongous Reclaim: 0.0 ms]
      [Free CSet: 0.3 ms]
   [Eden: 7056.0M(7056.0M)->0.0B(7088.0M) Survivors: 112.0M->81920.0K Heap: 10731.3M(14336.0M)->3707.5M(14336.0M)]
 [Times: user=0.31 sys=0.00, real=0.05 secs] 
2022-07-28T12:22:52.055-0700: 573143.560: [GC concurrent-root-region-scan-start]
2022-07-28T12:22:52.071-0700: 573143.575: [GC concurrent-root-region-scan-end, 0.0154508 secs]
2022-07-28T12:22:52.071-0700: 573143.575: [GC concurrent-mark-start]
2022-07-28T12:22:54.756-0700: 573146.261: [GC concurrent-mark-end, 2.6853779 secs]
2022-07-28T12:22:54.756-0700: 573146.261: [GC remark 2022-07-28T12:22:54.757-0700: 573146.261: [Finalize Marking, 0.0004583 secs] 2022-07-28T12:22:54.757-0700: 573146.262: [GC ref-proc, 0.0117296 secs] 2022-07-28T12:22:54.769-0700: 573146.274: [Unloading, 0.0272763 secs], 0.0452157 secs]
 [Times: user=0.26 sys=0.00, real=0.04 secs] 
2022-07-28T12:22:54.802-0700: 573146.307: [GC cleanup 3987M->3987M(14336M), 0.0086588 secs]
 [Times: user=0.06 sys=0.00, real=0.01 secs] 
2022-07-28T12:25:23.698-0700: 573295.203: [GC pause (G1 Evacuation Pause) (young), 0.0266327 secs]
   [Parallel Time: 23.1 ms, GC Workers: 8]
      [GC Worker Start (ms): Min: 573295203.0, Avg: 573295203.1, Max: 573295203.1, Diff: 0.2]
      [Ext Root Scanning (ms): Min: 1.0, Avg: 1.7, Max: 5.7, Diff: 4.8, Sum: 14.0]
      [Update RS (ms): Min: 8.4, Avg: 12.2, Max: 13.0, Diff: 4.5, Sum: 97.5]
         [Processed Buffers: Min: 21, Avg: 28.2, Max: 35, Diff: 14, Sum: 226]
      [Scan RS (ms): Min: 0.0, Avg: 0.0, Max: 0.1, Diff: 0.1, Sum: 0.4]
      [Code Root Scanning (ms): Min: 0.0, Avg: 0.0, Max: 0.0, Diff: 0.0, Sum: 0.0]
      [Object Copy (ms): Min: 8.7, Avg: 8.9, Max: 9.0, Diff: 0.3, Sum: 71.0]
      [Termination (ms): Min: 0.0, Avg: 0.0, Max: 0.0, Diff: 0.0, Sum: 0.0]
         [Termination Attempts: Min: 1, Avg: 4.0, Max: 6, Diff: 5, Sum: 32]
      [GC Worker Other (ms): Min: 0.0, Avg: 0.1, Max: 0.1, Diff: 0.1, Sum: 0.6]
      [GC Worker Total (ms): Min: 22.8, Avg: 22.9, Max: 23.0, Diff: 0.2, Sum: 183.5]
      [GC Worker End (ms): Min: 573295226.0, Avg: 573295226.0, Max: 573295226.1, Diff: 0.1]
   [Code Root Fixup: 0.0 ms]
   [Code Root Purge: 0.0 ms]
   [Clear CT: 0.8 ms]
   [Other: 2.7 ms]
      [Choose CSet: 0.0 ms]
      [Ref Proc: 2.1 ms]
      [Ref Enq: 0.1 ms]
      [Redirty Cards: 0.1 ms]
      [Humongous Register: 0.1 ms]
      [Humongous Reclaim: 0.0 ms]
      [Free CSet: 0.3 ms]
   [Eden: 7088.0M(7088.0M)->0.0B(5664.0M) Survivors: 81920.0K->65536.0K Heap: 10795.5M(14336.0M)->3728.8M(14336.0M)]
 [Times: user=0.20 sys=0.00, real=0.03 secs] 
2022-07-28T12:27:50.867-0700: 573442.372: [GC pause (G1 Evacuation Pause) (mixed), 0.0510864 secs]
   [Parallel Time: 45.5 ms, GC Workers: 8]
      [GC Worker Start (ms): Min: 573442372.1, Avg: 573442372.2, Max: 573442372.3, Diff: 0.2]
      [Ext Root Scanning (ms): Min: 1.0, Avg: 1.8, Max: 6.3, Diff: 5.4, Sum: 14.4]
      [Update RS (ms): Min: 0.0, Avg: 3.2, Max: 3.8, Diff: 3.8, Sum: 25.5]
         [Processed Buffers: Min: 0, Avg: 17.1, Max: 27, Diff: 27, Sum: 137]
      [Scan RS (ms): Min: 2.5, Avg: 3.6, Max: 3.8, Diff: 1.2, Sum: 28.6]
      [Code Root Scanning (ms): Min: 0.0, Avg: 0.1, Max: 0.6, Diff: 0.6, Sum: 0.8]
      [Object Copy (ms): Min: 35.8, Avg: 36.2, Max: 36.4, Diff: 0.6, Sum: 289.6]
      [Termination (ms): Min: 0.0, Avg: 0.0, Max: 0.0, Diff: 0.0, Sum: 0.1]
         [Termination Attempts: Min: 7, Avg: 35.2, Max: 47, Diff: 40, Sum: 282]
      [GC Worker Other (ms): Min: 0.0, Avg: 0.1, Max: 0.2, Diff: 0.1, Sum: 0.5]
      [GC Worker Total (ms): Min: 44.9, Avg: 44.9, Max: 45.1, Diff: 0.2, Sum: 359.6]
      [GC Worker End (ms): Min: 573442417.1, Avg: 573442417.2, Max: 573442417.2, Diff: 0.1]
   [Code Root Fixup: 0.0 ms]
   [Code Root Purge: 0.0 ms]
   [Clear CT: 0.9 ms]
   [Other: 4.6 ms]
      [Choose CSet: 0.1 ms]
      [Ref Proc: 3.6 ms]
      [Ref Enq: 0.1 ms]
      [Redirty Cards: 0.3 ms]
      [Humongous Register: 0.1 ms]
      [Humongous Reclaim: 0.0 ms]
      [Free CSet: 0.3 ms]
   [Eden: 5664.0M(5664.0M)->0.0B(7136.0M) Survivors: 65536.0K->32768.0K Heap: 9392.8M(14336.0M)->3557.4M(14336.0M)]
 [Times: user=0.34 sys=0.00, real=0.05 secs] 
2022-07-28T12:30:23.617-0700: 573595.122: [GC pause (G1 Evacuation Pause) (young), 0.0232719 secs]
   [Parallel Time: 19.4 ms, GC Workers: 8]
      [GC Worker Start (ms): Min: 573595121.8, Avg: 573595121.9, Max: 573595121.9, Diff: 0.2]
      [Ext Root Scanning (ms): Min: 1.2, Avg: 1.9, Max: 5.3, Diff: 4.1, Sum: 15.1]
      [Update RS (ms): Min: 2.9, Avg: 5.9, Max: 6.6, Diff: 3.7, Sum: 47.3]
         [Processed Buffers: Min: 11, Avg: 20.2, Max: 31, Diff: 20, Sum: 162]
      [Scan RS (ms): Min: 0.3, Avg: 0.5, Max: 0.6, Diff: 0.3, Sum: 4.0]
      [Code Root Scanning (ms): Min: 0.0, Avg: 0.0, Max: 0.0, Diff: 0.0, Sum: 0.0]
      [Object Copy (ms): Min: 10.4, Avg: 10.6, Max: 10.7, Diff: 0.4, Sum: 85.1]
      [Termination (ms): Min: 0.0, Avg: 0.0, Max: 0.0, Diff: 0.0, Sum: 0.0]
         [Termination Attempts: Min: 1, Avg: 11.8, Max: 18, Diff: 17, Sum: 94]
      [GC Worker Other (ms): Min: 0.0, Avg: 0.1, Max: 0.1, Diff: 0.1, Sum: 0.5]
      [GC Worker Total (ms): Min: 18.9, Avg: 19.0, Max: 19.1, Diff: 0.1, Sum: 152.0]
      [GC Worker End (ms): Min: 573595140.8, Avg: 573595140.9, Max: 573595140.9, Diff: 0.1]
   [Code Root Fixup: 0.0 ms]
   [Code Root Purge: 0.0 ms]
   [Clear CT: 0.8 ms]
   [Other: 3.1 ms]
      [Choose CSet: 0.0 ms]
      [Ref Proc: 2.4 ms]
      [Ref Enq: 0.1 ms]
      [Redirty Cards: 0.1 ms]
      [Humongous Register: 0.1 ms]
      [Humongous Reclaim: 0.0 ms]
      [Free CSet: 0.3 ms]
   [Eden: 7136.0M(7136.0M)->0.0B(7104.0M) Survivors: 32768.0K->65536.0K Heap: 10693.4M(14336.0M)->3645.6M(14336.0M)]
 [Times: user=0.16 sys=0.00, real=0.02 secs] 
2022-07-28T12:32:04.813-0700: 573696.318: [GC pause (G1 Evacuation Pause) (young) (initial-mark), 0.0299180 secs]
   [Parallel Time: 26.3 ms, GC Workers: 8]
      [GC Worker Start (ms): Min: 573696319.2, Avg: 573696319.2, Max: 573696319.3, Diff: 0.1]
      [Ext Root Scanning (ms): Min: 5.6, Avg: 5.7, Max: 5.9, Diff: 0.4, Sum: 45.7]
      [Update RS (ms): Min: 3.4, Avg: 3.5, Max: 3.8, Diff: 0.4, Sum: 28.3]
         [Processed Buffers: Min: 9, Avg: 11.2, Max: 18, Diff: 9, Sum: 90]
      [Scan RS (ms): Min: 0.0, Avg: 0.0, Max: 0.1, Diff: 0.1, Sum: 0.4]
      [Code Root Scanning (ms): Min: 0.0, Avg: 0.0, Max: 0.0, Diff: 0.0, Sum: 0.0]
      [Object Copy (ms): Min: 14.7, Avg: 15.1, Max: 15.4, Diff: 0.6, Sum: 121.1]
      [Termination (ms): Min: 0.0, Avg: 0.0, Max: 0.0, Diff: 0.0, Sum: 0.0]
         [Termination Attempts: Min: 1, Avg: 1.5, Max: 2, Diff: 1, Sum: 12]
      [GC Worker Other (ms): Min: 0.0, Avg: 0.1, Max: 0.1, Diff: 0.1, Sum: 0.5]
      [GC Worker Total (ms): Min: 24.4, Avg: 24.5, Max: 24.6, Diff: 0.2, Sum: 195.9]
      [GC Worker End (ms): Min: 573696343.7, Avg: 573696343.7, Max: 573696343.8, Diff: 0.1]
   [Code Root Fixup: 0.0 ms]
   [Code Root Purge: 0.0 ms]
   [Clear CT: 0.7 ms]
   [Other: 2.8 ms]
      [Choose CSet: 0.0 ms]
      [Ref Proc: 2.1 ms]
      [Ref Enq: 0.1 ms]
      [Redirty Cards: 0.2 ms]
      [Humongous Register: 0.0 ms]
      [Humongous Reclaim: 0.0 ms]
      [Free CSet: 0.3 ms]
   [Eden: 7104.0M(7104.0M)->0.0B(7056.0M) Survivors: 65536.0K->112.0M Heap: 10749.6M(14336.0M)->3739.8M(14336.0M)]
 [Times: user=0.19 sys=0.00, real=0.04 secs] 
2022-07-28T12:32:04.843-0700: 573696.348: [GC concurrent-root-region-scan-start]
2022-07-28T12:32:04.862-0700: 573696.367: [GC concurrent-root-region-scan-end, 0.0195013 secs]
2022-07-28T12:32:04.862-0700: 573696.367: [GC concurrent-mark-start]
2022-07-28T12:32:07.526-0700: 573699.031: [GC concurrent-mark-end, 2.6634425 secs]
2022-07-28T12:32:07.526-0700: 573699.031: [GC remark 2022-07-28T12:32:07.526-0700: 573699.031: [Finalize Marking, 0.0002377 secs] 2022-07-28T12:32:07.526-0700: 573699.031: [GC ref-proc, 0.0097717 secs] 2022-07-28T12:32:07.536-0700: 573699.041: [Unloading, 0.0275595 secs], 0.0431544 secs]
 [Times: user=0.26 sys=0.00, real=0.04 secs] 
2022-07-28T12:32:07.570-0700: 573699.074: [GC cleanup 3923M->3923M(14336M), 0.0086990 secs]
 [Times: user=0.06 sys=0.00, real=0.01 secs] 
2022-07-28T12:34:06.817-0700: 573818.322: [GC pause (G1 Evacuation Pause) (young), 0.0282951 secs]
   [Parallel Time: 24.4 ms, GC Workers: 8]
      [GC Worker Start (ms): Min: 573818321.7, Avg: 573818321.8, Max: 573818321.9, Diff: 0.1]
      [Ext Root Scanning (ms): Min: 1.7, Avg: 2.4, Max: 5.8, Diff: 4.1, Sum: 19.5]
      [Update RS (ms): Min: 6.3, Avg: 9.5, Max: 10.0, Diff: 3.7, Sum: 75.6]
         [Processed Buffers: Min: 20, Avg: 31.5, Max: 36, Diff: 16, Sum: 252]
      [Scan RS (ms): Min: 0.0, Avg: 0.1, Max: 0.1, Diff: 0.1, Sum: 0.4]
      [Code Root Scanning (ms): Min: 0.0, Avg: 0.0, Max: 0.0, Diff: 0.0, Sum: 0.0]
      [Object Copy (ms): Min: 11.7, Avg: 11.9, Max: 12.1, Diff: 0.4, Sum: 95.4]
      [Termination (ms): Min: 0.0, Avg: 0.0, Max: 0.0, Diff: 0.0, Sum: 0.0]
         [Termination Attempts: Min: 1, Avg: 1.0, Max: 1, Diff: 0, Sum: 8]
      [GC Worker Other (ms): Min: 0.0, Avg: 0.1, Max: 0.2, Diff: 0.2, Sum: 0.9]
      [GC Worker Total (ms): Min: 23.9, Avg: 24.0, Max: 24.1, Diff: 0.2, Sum: 191.8]
      [GC Worker End (ms): Min: 573818345.7, Avg: 573818345.8, Max: 573818345.9, Diff: 0.2]
   [Code Root Fixup: 0.0 ms]
   [Code Root Purge: 0.0 ms]
   [Clear CT: 0.8 ms]
   [Other: 3.2 ms]
      [Choose CSet: 0.0 ms]
      [Ref Proc: 2.4 ms]
      [Ref Enq: 0.1 ms]
      [Redirty Cards: 0.1 ms]
      [Humongous Register: 0.1 ms]
      [Humongous Reclaim: 0.0 ms]
      [Free CSet: 0.3 ms]
   [Eden: 7056.0M(7056.0M)->0.0B(5664.0M) Survivors: 112.0M->65536.0K Heap: 10795.8M(14336.0M)->3726.5M(14336.0M)]
 [Times: user=0.19 sys=0.00, real=0.03 secs] 
2022-07-28T12:35:59.769-0700: 573931.274: [GC pause (G1 Evacuation Pause) (mixed), 0.0523882 secs]
   [Parallel Time: 47.7 ms, GC Workers: 8]
      [GC Worker Start (ms): Min: 573931273.8, Avg: 573931273.9, Max: 573931273.9, Diff: 0.1]
      [Ext Root Scanning (ms): Min: 0.9, Avg: 1.6, Max: 5.8, Diff: 4.9, Sum: 13.2]
      [Update RS (ms): Min: 4.3, Avg: 8.2, Max: 8.9, Diff: 4.6, Sum: 65.7]
         [Processed Buffers: Min: 15, Avg: 30.0, Max: 41, Diff: 26, Sum: 240]
      [Scan RS (ms): Min: 1.6, Avg: 1.7, Max: 1.7, Diff: 0.1, Sum: 13.3]
      [Code Root Scanning (ms): Min: 0.0, Avg: 0.0, Max: 0.0, Diff: 0.0, Sum: 0.1]
      [Object Copy (ms): Min: 35.6, Avg: 35.9, Max: 36.0, Diff: 0.3, Sum: 286.9]
      [Termination (ms): Min: 0.0, Avg: 0.0, Max: 0.0, Diff: 0.0, Sum: 0.0]
         [Termination Attempts: Min: 1, Avg: 28.2, Max: 45, Diff: 44, Sum: 226]
      [GC Worker Other (ms): Min: 0.0, Avg: 0.0, Max: 0.1, Diff: 0.1, Sum: 0.3]
      [GC Worker Total (ms): Min: 47.4, Avg: 47.4, Max: 47.5, Diff: 0.1, Sum: 379.5]
      [GC Worker End (ms): Min: 573931321.3, Avg: 573931321.3, Max: 573931321.4, Diff: 0.1]
   [Code Root Fixup: 0.0 ms]
   [Code Root Purge: 0.0 ms]
   [Clear CT: 0.9 ms]
   [Other: 3.8 ms]
      [Choose CSet: 0.0 ms]
      [Ref Proc: 2.9 ms]
      [Ref Enq: 0.1 ms]
      [Redirty Cards: 0.3 ms]
      [Humongous Register: 0.0 ms]
      [Humongous Reclaim: 0.0 ms]
      [Free CSet: 0.3 ms]
   [Eden: 5664.0M(5664.0M)->0.0B(7120.0M) Survivors: 65536.0K->49152.0K Heap: 9390.5M(14336.0M)->3578.7M(14336.0M)]
 [Times: user=0.39 sys=0.00, real=0.05 secs] 
2022-07-28T12:37:17.820-0700: 574009.325: [GC pause (G1 Evacuation Pause) (young), 0.0713596 secs]
   [Parallel Time: 68.2 ms, GC Workers: 8]
      [GC Worker Start (ms): Min: 574009325.2, Avg: 574009325.3, Max: 574009325.3, Diff: 0.1]
      [Ext Root Scanning (ms): Min: 1.2, Avg: 1.9, Max: 5.6, Diff: 4.4, Sum: 15.6]
      [Update RS (ms): Min: 9.2, Avg: 12.4, Max: 13.3, Diff: 4.1, Sum: 99.6]
         [Processed Buffers: Min: 28, Avg: 31.9, Max: 37, Diff: 9, Sum: 255]
      [Scan RS (ms): Min: 0.4, Avg: 0.7, Max: 1.0, Diff: 0.6, Sum: 5.8]
      [Code Root Scanning (ms): Min: 0.0, Avg: 0.0, Max: 0.0, Diff: 0.0, Sum: 0.0]
      [Object Copy (ms): Min: 52.3, Avg: 52.9, Max: 53.1, Diff: 0.8, Sum: 423.5]
      [Termination (ms): Min: 0.0, Avg: 0.0, Max: 0.0, Diff: 0.0, Sum: 0.0]
         [Termination Attempts: Min: 1, Avg: 1.0, Max: 1, Diff: 0, Sum: 8]
      [GC Worker Other (ms): Min: 0.0, Avg: 0.1, Max: 0.1, Diff: 0.1, Sum: 0.4]
      [GC Worker Total (ms): Min: 68.1, Avg: 68.1, Max: 68.1, Diff: 0.1, Sum: 544.9]
      [GC Worker End (ms): Min: 574009393.4, Avg: 574009393.4, Max: 574009393.4, Diff: 0.1]
   [Code Root Fixup: 0.0 ms]
   [Code Root Purge: 0.0 ms]
   [Clear CT: 0.8 ms]
   [Other: 2.3 ms]
      [Choose CSet: 0.0 ms]
      [Ref Proc: 1.6 ms]
      [Ref Enq: 0.1 ms]
      [Redirty Cards: 0.1 ms]
      [Humongous Register: 0.1 ms]
      [Humongous Reclaim: 0.0 ms]
      [Free CSet: 0.3 ms]
   [Eden: 7120.0M(7120.0M)->0.0B(6960.0M) Survivors: 49152.0K->208.0M Heap: 10698.7M(14336.0M)->3815.4M(14336.0M)]
 [Times: user=0.56 sys=0.00, real=0.07 secs] 
2022-07-28T12:38:53.277-0700: 574104.781: [GC pause (G1 Evacuation Pause) (young) (initial-mark), 0.0716305 secs]
   [Parallel Time: 67.1 ms, GC Workers: 8]
      [GC Worker Start (ms): Min: 574104783.8, Avg: 574104783.9, Max: 574104784.0, Diff: 0.2]
      [Ext Root Scanning (ms): Min: 4.7, Avg: 5.1, Max: 5.6, Diff: 0.9, Sum: 41.1]
      [Update RS (ms): Min: 6.2, Avg: 6.3, Max: 6.5, Diff: 0.3, Sum: 50.5]
         [Processed Buffers: Min: 14, Avg: 17.2, Max: 32, Diff: 18, Sum: 138]
      [Scan RS (ms): Min: 0.0, Avg: 0.0, Max: 0.1, Diff: 0.1, Sum: 0.4]
      [Code Root Scanning (ms): Min: 0.0, Avg: 0.0, Max: 0.0, Diff: 0.0, Sum: 0.0]
      [Object Copy (ms): Min: 52.2, Avg: 52.7, Max: 53.1, Diff: 0.8, Sum: 421.5]
      [Termination (ms): Min: 0.0, Avg: 0.0, Max: 0.0, Diff: 0.0, Sum: 0.1]
         [Termination Attempts: Min: 1, Avg: 1.0, Max: 1, Diff: 0, Sum: 8]
      [GC Worker Other (ms): Min: 0.0, Avg: 0.1, Max: 0.2, Diff: 0.2, Sum: 0.6]
      [GC Worker Total (ms): Min: 64.1, Avg: 64.3, Max: 64.4, Diff: 0.2, Sum: 514.2]
      [GC Worker End (ms): Min: 574104848.2, Avg: 574104848.2, Max: 574104848.3, Diff: 0.2]
   [Code Root Fixup: 0.0 ms]
   [Code Root Purge: 0.0 ms]
   [Clear CT: 0.8 ms]
   [Other: 3.8 ms]
      [Choose CSet: 0.0 ms]
      [Ref Proc: 2.8 ms]
      [Ref Enq: 0.1 ms]
      [Redirty Cards: 0.3 ms]
      [Humongous Register: 0.1 ms]
      [Humongous Reclaim: 0.0 ms]
      [Free CSet: 0.3 ms]
   [Eden: 6960.0M(6960.0M)->0.0B(7040.0M) Survivors: 208.0M->128.0M Heap: 10775.4M(14336.0M)->3942.8M(14336.0M)]
 [Times: user=0.53 sys=0.00, real=0.07 secs] 
2022-07-28T12:38:53.348-0700: 574104.853: [GC concurrent-root-region-scan-start]
2022-07-28T12:38:53.391-0700: 574104.895: [GC concurrent-root-region-scan-end, 0.0422058 secs]
2022-07-28T12:38:53.391-0700: 574104.895: [GC concurrent-mark-start]
2022-07-28T12:38:56.070-0700: 574107.574: [GC concurrent-mark-end, 2.6790334 secs]
2022-07-28T12:38:56.070-0700: 574107.575: [GC remark 2022-07-28T12:38:56.070-0700: 574107.575: [Finalize Marking, 0.0002102 secs] 2022-07-28T12:38:56.070-0700: 574107.575: [GC ref-proc, 0.0077607 secs] 2022-07-28T12:38:56.078-0700: 574107.583: [Unloading, 0.0276853 secs], 0.0413545 secs]
 [Times: user=0.25 sys=0.00, real=0.04 secs] 
2022-07-28T12:38:56.112-0700: 574107.616: [GC cleanup 4142M->4142M(14336M), 0.0093008 secs]
 [Times: user=0.07 sys=0.00, real=0.01 secs] 
2022-07-28T12:40:40.921-0700: 574212.425: [GC pause (G1 Evacuation Pause) (young), 0.0482280 secs]
   [Parallel Time: 43.9 ms, GC Workers: 8]
      [GC Worker Start (ms): Min: 574212425.6, Avg: 574212425.7, Max: 574212425.8, Diff: 0.1]
      [Ext Root Scanning (ms): Min: 1.6, Avg: 2.3, Max: 5.2, Diff: 3.6, Sum: 18.2]
      [Update RS (ms): Min: 12.4, Avg: 15.1, Max: 16.1, Diff: 3.7, Sum: 120.5]
         [Processed Buffers: Min: 23, Avg: 26.6, Max: 33, Diff: 10, Sum: 213]
      [Scan RS (ms): Min: 16.2, Avg: 16.9, Max: 17.7, Diff: 1.5, Sum: 135.2]
      [Code Root Scanning (ms): Min: 0.0, Avg: 0.0, Max: 0.0, Diff: 0.0, Sum: 0.0]
      [Object Copy (ms): Min: 8.7, Avg: 9.1, Max: 9.5, Diff: 0.8, Sum: 73.0]
      [Termination (ms): Min: 0.0, Avg: 0.0, Max: 0.0, Diff: 0.0, Sum: 0.0]
         [Termination Attempts: Min: 1, Avg: 2.8, Max: 5, Diff: 4, Sum: 22]
      [GC Worker Other (ms): Min: 0.0, Avg: 0.1, Max: 0.2, Diff: 0.2, Sum: 0.6]
      [GC Worker Total (ms): Min: 43.4, Avg: 43.4, Max: 43.5, Diff: 0.2, Sum: 347.5]
      [GC Worker End (ms): Min: 574212469.1, Avg: 574212469.1, Max: 574212469.3, Diff: 0.2]
   [Code Root Fixup: 0.0 ms]
   [Code Root Purge: 0.0 ms]
   [Clear CT: 0.8 ms]
   [Other: 3.4 ms]
      [Choose CSet: 0.0 ms]
      [Ref Proc: 2.5 ms]
      [Ref Enq: 0.1 ms]
      [Redirty Cards: 0.3 ms]
      [Humongous Register: 0.1 ms]
      [Humongous Reclaim: 0.0 ms]
      [Free CSet: 0.3 ms]
   [Eden: 7040.0M(7040.0M)->0.0B(5632.0M) Survivors: 128.0M->98304.0K Heap: 10982.8M(14336.0M)->3964.8M(14336.0M)]
 [Times: user=0.36 sys=0.00, real=0.05 secs] 
2022-07-28T12:42:09.420-0700: 574300.924: [GC pause (G1 Evacuation Pause) (mixed), 0.0321513 secs]
   [Parallel Time: 28.5 ms, GC Workers: 8]
      [GC Worker Start (ms): Min: 574300924.7, Avg: 574300924.8, Max: 574300924.9, Diff: 0.2]
      [Ext Root Scanning (ms): Min: 1.3, Avg: 2.2, Max: 6.1, Diff: 4.7, Sum: 17.4]
      [Update RS (ms): Min: 4.0, Avg: 7.5, Max: 8.2, Diff: 4.2, Sum: 59.9]
         [Processed Buffers: Min: 20, Avg: 23.8, Max: 28, Diff: 8, Sum: 190]
      [Scan RS (ms): Min: 3.3, Avg: 3.6, Max: 4.8, Diff: 1.5, Sum: 28.8]
      [Code Root Scanning (ms): Min: 0.0, Avg: 0.0, Max: 0.0, Diff: 0.0, Sum: 0.1]
      [Object Copy (ms): Min: 13.4, Avg: 14.9, Max: 15.2, Diff: 1.9, Sum: 119.2]
      [Termination (ms): Min: 0.0, Avg: 0.0, Max: 0.0, Diff: 0.0, Sum: 0.0]
         [Termination Attempts: Min: 1, Avg: 3.2, Max: 5, Diff: 4, Sum: 26]
      [GC Worker Other (ms): Min: 0.0, Avg: 0.1, Max: 0.1, Diff: 0.1, Sum: 0.5]
      [GC Worker Total (ms): Min: 28.2, Avg: 28.2, Max: 28.3, Diff: 0.2, Sum: 225.9]
      [GC Worker End (ms): Min: 574300953.0, Avg: 574300953.0, Max: 574300953.1, Diff: 0.1]
   [Code Root Fixup: 0.0 ms]
   [Code Root Purge: 0.0 ms]
   [Clear CT: 1.0 ms]
   [Other: 2.7 ms]
      [Choose CSet: 0.1 ms]
      [Ref Proc: 1.8 ms]
      [Ref Enq: 0.1 ms]
      [Redirty Cards: 0.2 ms]
      [Humongous Register: 0.1 ms]
      [Humongous Reclaim: 0.0 ms]
      [Free CSet: 0.4 ms]
   [Eden: 5632.0M(5632.0M)->0.0B(7152.0M) Survivors: 98304.0K->16384.0K Heap: 9596.8M(14336.0M)->3602.7M(14336.0M)]
 [Times: user=0.24 sys=0.00, real=0.03 secs] 
2022-07-28T12:44:00.783-0700: 574412.288: [GC pause (G1 Evacuation Pause) (young), 0.0243443 secs]
   [Parallel Time: 19.9 ms, GC Workers: 8]
      [GC Worker Start (ms): Min: 574412287.8, Avg: 574412287.9, Max: 574412288.0, Diff: 0.3]
      [Ext Root Scanning (ms): Min: 1.2, Avg: 2.2, Max: 5.7, Diff: 4.5, Sum: 17.6]
      [Update RS (ms): Min: 11.7, Avg: 14.8, Max: 15.8, Diff: 4.1, Sum: 118.7]
         [Processed Buffers: Min: 22, Avg: 28.6, Max: 38, Diff: 16, Sum: 229]
      [Scan RS (ms): Min: 0.0, Avg: 0.1, Max: 0.2, Diff: 0.2, Sum: 0.9]
      [Code Root Scanning (ms): Min: 0.0, Avg: 0.0, Max: 0.0, Diff: 0.0, Sum: 0.0]
      [Object Copy (ms): Min: 1.9, Avg: 2.4, Max: 2.6, Diff: 0.7, Sum: 18.8]
      [Termination (ms): Min: 0.0, Avg: 0.0, Max: 0.0, Diff: 0.0, Sum: 0.0]
         [Termination Attempts: Min: 1, Avg: 1.2, Max: 2, Diff: 1, Sum: 10]
      [GC Worker Other (ms): Min: 0.0, Avg: 0.1, Max: 0.1, Diff: 0.1, Sum: 0.6]
      [GC Worker Total (ms): Min: 19.4, Avg: 19.6, Max: 19.7, Diff: 0.3, Sum: 156.6]
      [GC Worker End (ms): Min: 574412307.4, Avg: 574412307.5, Max: 574412307.5, Diff: 0.1]
   [Code Root Fixup: 0.0 ms]
   [Code Root Purge: 0.0 ms]
   [Clear CT: 0.8 ms]
   [Other: 3.7 ms]
      [Choose CSet: 0.0 ms]
      [Ref Proc: 3.0 ms]
      [Ref Enq: 0.1 ms]
      [Redirty Cards: 0.1 ms]
      [Humongous Register: 0.1 ms]
      [Humongous Reclaim: 0.0 ms]
      [Free CSet: 0.3 ms]
   [Eden: 7152.0M(7152.0M)->0.0B(7152.0M) Survivors: 16384.0K->16384.0K Heap: 10754.7M(14336.0M)->3643.9M(14336.0M)]
 [Times: user=0.17 sys=0.00, real=0.02 secs] 
2022-07-28T12:45:54.666-0700: 574526.171: [GC pause (G1 Evacuation Pause) (young) (initial-mark), 0.0182808 secs]
   [Parallel Time: 13.8 ms, GC Workers: 8]
      [GC Worker Start (ms): Min: 574526173.0, Avg: 574526173.1, Max: 574526173.2, Diff: 0.2]
      [Ext Root Scanning (ms): Min: 5.6, Avg: 6.0, Max: 6.6, Diff: 0.9, Sum: 47.9]
      [Update RS (ms): Min: 2.5, Avg: 2.7, Max: 2.8, Diff: 0.3, Sum: 21.3]
         [Processed Buffers: Min: 5, Avg: 10.1, Max: 15, Diff: 10, Sum: 81]
      [Scan RS (ms): Min: 0.0, Avg: 0.1, Max: 0.1, Diff: 0.1, Sum: 0.4]
      [Code Root Scanning (ms): Min: 0.0, Avg: 0.0, Max: 0.0, Diff: 0.0, Sum: 0.0]
      [Object Copy (ms): Min: 2.2, Avg: 2.7, Max: 3.1, Diff: 0.9, Sum: 21.5]
      [Termination (ms): Min: 0.0, Avg: 0.0, Max: 0.0, Diff: 0.0, Sum: 0.0]
         [Termination Attempts: Min: 1, Avg: 2.4, Max: 4, Diff: 3, Sum: 19]
      [GC Worker Other (ms): Min: 0.0, Avg: 0.1, Max: 0.1, Diff: 0.1, Sum: 0.5]
      [GC Worker Total (ms): Min: 11.4, Avg: 11.5, Max: 11.6, Diff: 0.2, Sum: 91.7]
      [GC Worker End (ms): Min: 574526184.6, Avg: 574526184.6, Max: 574526184.7, Diff: 0.1]
   [Code Root Fixup: 0.0 ms]
   [Code Root Purge: 0.0 ms]
   [Clear CT: 0.8 ms]
   [Other: 3.7 ms]
      [Choose CSet: 0.0 ms]
      [Ref Proc: 3.0 ms]
      [Ref Enq: 0.1 ms]
      [Redirty Cards: 0.1 ms]
      [Humongous Register: 0.0 ms]
      [Humongous Reclaim: 0.0 ms]
      [Free CSet: 0.3 ms]
   [Eden: 7152.0M(7152.0M)->0.0B(7152.0M) Survivors: 16384.0K->16384.0K Heap: 10795.9M(14336.0M)->3650.3M(14336.0M)]
 [Times: user=0.10 sys=0.00, real=0.02 secs] 
2022-07-28T12:45:54.684-0700: 574526.189: [GC concurrent-root-region-scan-start]
2022-07-28T12:45:54.694-0700: 574526.199: [GC concurrent-root-region-scan-end, 0.0094830 secs]
2022-07-28T12:45:54.694-0700: 574526.199: [GC concurrent-mark-start]
2022-07-28T12:45:57.293-0700: 574528.798: [GC concurrent-mark-end, 2.5989819 secs]
2022-07-28T12:45:57.293-0700: 574528.798: [GC remark 2022-07-28T12:45:57.293-0700: 574528.798: [Finalize Marking, 0.0001871 secs] 2022-07-28T12:45:57.294-0700: 574528.798: [GC ref-proc, 0.0069662 secs] 2022-07-28T12:45:57.301-0700: 574528.805: [Unloading, 0.0296333 secs], 0.0424876 secs]
 [Times: user=0.26 sys=0.00, real=0.05 secs] 
2022-07-28T12:45:57.336-0700: 574528.841: [GC cleanup 3886M->3886M(14336M), 0.0096162 secs]
 [Times: user=0.06 sys=0.00, real=0.01 secs] 
2022-07-28T12:47:53.295-0700: 574644.800: [GC pause (GCLocker Initiated GC) (young), 0.0145561 secs]
   [Parallel Time: 9.6 ms, GC Workers: 8]
      [GC Worker Start (ms): Min: 574644800.0, Avg: 574644800.1, Max: 574644800.2, Diff: 0.2]
      [Ext Root Scanning (ms): Min: 1.3, Avg: 2.1, Max: 5.6, Diff: 4.3, Sum: 16.5]
      [Update RS (ms): Min: 0.6, Avg: 3.8, Max: 4.7, Diff: 4.1, Sum: 30.0]
         [Processed Buffers: Min: 4, Avg: 11.8, Max: 19, Diff: 15, Sum: 94]
      [Scan RS (ms): Min: 0.0, Avg: 0.1, Max: 0.1, Diff: 0.1, Sum: 0.5]
      [Code Root Scanning (ms): Min: 0.0, Avg: 0.0, Max: 0.0, Diff: 0.0, Sum: 0.0]
      [Object Copy (ms): Min: 2.1, Avg: 2.6, Max: 3.1, Diff: 1.0, Sum: 20.9]
      [Termination (ms): Min: 0.0, Avg: 0.7, Max: 0.9, Diff: 0.9, Sum: 5.8]
         [Termination Attempts: Min: 1, Avg: 4.9, Max: 6, Diff: 5, Sum: 39]
      [GC Worker Other (ms): Min: 0.0, Avg: 0.0, Max: 0.0, Diff: 0.0, Sum: 0.1]
      [GC Worker Total (ms): Min: 9.2, Avg: 9.2, Max: 9.4, Diff: 0.2, Sum: 73.9]
      [GC Worker End (ms): Min: 574644809.4, Avg: 574644809.4, Max: 574644809.4, Diff: 0.0]
   [Code Root Fixup: 0.0 ms]
   [Code Root Purge: 0.0 ms]
   [Clear CT: 0.7 ms]
   [Other: 4.2 ms]
      [Choose CSet: 0.0 ms]
      [Ref Proc: 3.5 ms]
      [Ref Enq: 0.1 ms]
      [Redirty Cards: 0.1 ms]
      [Humongous Register: 0.1 ms]
      [Humongous Reclaim: 0.0 ms]
      [Free CSet: 0.3 ms]
   [Eden: 7168.0M(7152.0M)->0.0B(5712.0M) Survivors: 16384.0K->16384.0K Heap: 10802.3M(14336.0M)->3656.8M(14336.0M)]
 [Times: user=0.09 sys=0.00, real=0.01 secs] 
2022-07-28T12:49:06.837-0700: 574718.341: [GC pause (G1 Evacuation Pause) (mixed), 0.0765169 secs]
   [Parallel Time: 71.5 ms, GC Workers: 8]
      [GC Worker Start (ms): Min: 574718341.7, Avg: 574718341.8, Max: 574718341.8, Diff: 0.2]
      [Ext Root Scanning (ms): Min: 1.0, Avg: 1.8, Max: 6.0, Diff: 5.0, Sum: 14.2]
      [Update RS (ms): Min: 0.0, Avg: 4.0, Max: 4.9, Diff: 4.9, Sum: 31.8]
         [Processed Buffers: Min: 2, Avg: 11.8, Max: 19, Diff: 17, Sum: 94]
      [Scan RS (ms): Min: 7.8, Avg: 8.3, Max: 8.5, Diff: 0.7, Sum: 66.3]
      [Code Root Scanning (ms): Min: 0.0, Avg: 0.2, Max: 0.7, Diff: 0.7, Sum: 1.4]
      [Object Copy (ms): Min: 56.8, Avg: 56.9, Max: 57.1, Diff: 0.3, Sum: 455.5]
      [Termination (ms): Min: 0.0, Avg: 0.0, Max: 0.0, Diff: 0.0, Sum: 0.1]
         [Termination Attempts: Min: 1, Avg: 83.1, Max: 119, Diff: 118, Sum: 665]
      [GC Worker Other (ms): Min: 0.0, Avg: 0.1, Max: 0.1, Diff: 0.1, Sum: 0.5]
      [GC Worker Total (ms): Min: 71.1, Avg: 71.2, Max: 71.3, Diff: 0.2, Sum: 569.8]
      [GC Worker End (ms): Min: 574718412.9, Avg: 574718413.0, Max: 574718413.0, Diff: 0.1]
   [Code Root Fixup: 0.0 ms]
   [Code Root Purge: 0.0 ms]
   [Clear CT: 1.0 ms]
   [Other: 4.0 ms]
      [Choose CSet: 0.1 ms]
      [Ref Proc: 2.9 ms]
      [Ref Enq: 0.1 ms]
      [Redirty Cards: 0.3 ms]
      [Humongous Register: 0.1 ms]
      [Humongous Reclaim: 0.0 ms]
      [Free CSet: 0.4 ms]
   [Eden: 5712.0M(5712.0M)->0.0B(7072.0M) Survivors: 16384.0K->98304.0K Heap: 9368.8M(14336.0M)->3598.9M(14336.0M)]
 [Times: user=0.58 sys=0.00, real=0.07 secs] 
2022-07-28T12:50:56.864-0700: 574828.368: [GC pause (G1 Evacuation Pause) (young), 0.0438529 secs]
   [Parallel Time: 37.8 ms, GC Workers: 8]
      [GC Worker Start (ms): Min: 574828368.5, Avg: 574828368.6, Max: 574828368.6, Diff: 0.2]
      [Ext Root Scanning (ms): Min: 1.5, Avg: 2.3, Max: 6.1, Diff: 4.7, Sum: 18.6]
      [Update RS (ms): Min: 6.6, Avg: 10.0, Max: 10.8, Diff: 4.2, Sum: 79.8]
         [Processed Buffers: Min: 18, Avg: 24.6, Max: 30, Diff: 12, Sum: 197]
      [Scan RS (ms): Min: 0.4, Avg: 0.8, Max: 1.6, Diff: 1.2, Sum: 6.1]
      [Code Root Scanning (ms): Min: 0.0, Avg: 0.0, Max: 0.0, Diff: 0.0, Sum: 0.0]
      [Object Copy (ms): Min: 20.6, Avg: 22.2, Max: 24.7, Diff: 4.0, Sum: 177.8]
      [Termination (ms): Min: 0.0, Avg: 2.2, Max: 3.4, Diff: 3.4, Sum: 17.3]
         [Termination Attempts: Min: 1, Avg: 2.5, Max: 5, Diff: 4, Sum: 20]
      [GC Worker Other (ms): Min: 0.0, Avg: 0.0, Max: 0.1, Diff: 0.0, Sum: 0.2]
      [GC Worker Total (ms): Min: 37.4, Avg: 37.5, Max: 37.6, Diff: 0.2, Sum: 299.8]
      [GC Worker End (ms): Min: 574828406.0, Avg: 574828406.0, Max: 574828406.0, Diff: 0.0]
   [Code Root Fixup: 0.0 ms]
   [Code Root Purge: 0.0 ms]
   [Clear CT: 0.8 ms]
   [Other: 5.3 ms]
      [Choose CSet: 0.0 ms]
      [Ref Proc: 4.4 ms]
      [Ref Enq: 0.1 ms]
      [Redirty Cards: 0.1 ms]
      [Humongous Register: 0.1 ms]
      [Humongous Reclaim: 0.0 ms]
      [Free CSet: 0.3 ms]
   [Eden: 7072.0M(7072.0M)->0.0B(7056.0M) Survivors: 98304.0K->112.0M Heap: 10670.9M(14336.0M)->3759.1M(14336.0M)]
 [Times: user=0.30 sys=0.00, real=0.04 secs] 
2022-07-28T12:52:46.811-0700: 574938.316: [GC pause (G1 Evacuation Pause) (young) (initial-mark), 0.0339347 secs]
   [Parallel Time: 31.0 ms, GC Workers: 8]
      [GC Worker Start (ms): Min: 574938318.1, Avg: 574938318.1, Max: 574938318.2, Diff: 0.2]
      [Ext Root Scanning (ms): Min: 5.6, Avg: 6.0, Max: 6.6, Diff: 0.9, Sum: 48.2]
      [Update RS (ms): Min: 18.8, Avg: 19.0, Max: 19.2, Diff: 0.4, Sum: 151.7]
         [Processed Buffers: Min: 23, Avg: 25.9, Max: 30, Diff: 7, Sum: 207]
      [Scan RS (ms): Min: 0.0, Avg: 0.1, Max: 0.1, Diff: 0.1, Sum: 0.4]
      [Code Root Scanning (ms): Min: 0.0, Avg: 0.0, Max: 0.0, Diff: 0.0, Sum: 0.0]
      [Object Copy (ms): Min: 2.6, Avg: 3.3, Max: 3.7, Diff: 1.1, Sum: 26.6]
      [Termination (ms): Min: 0.0, Avg: 0.0, Max: 0.0, Diff: 0.0, Sum: 0.1]
         [Termination Attempts: Min: 17, Avg: 22.1, Max: 28, Diff: 11, Sum: 177]
      [GC Worker Other (ms): Min: 0.0, Avg: 0.1, Max: 0.1, Diff: 0.1, Sum: 0.5]
      [GC Worker Total (ms): Min: 28.4, Avg: 28.4, Max: 28.5, Diff: 0.2, Sum: 227.4]
      [GC Worker End (ms): Min: 574938346.5, Avg: 574938346.6, Max: 574938346.6, Diff: 0.1]
   [Code Root Fixup: 0.0 ms]
   [Code Root Purge: 0.0 ms]
   [Clear CT: 0.7 ms]
   [Other: 2.3 ms]
      [Choose CSet: 0.0 ms]
      [Ref Proc: 1.6 ms]
      [Ref Enq: 0.1 ms]
      [Redirty Cards: 0.1 ms]
      [Humongous Register: 0.0 ms]
      [Humongous Reclaim: 0.0 ms]
      [Free CSet: 0.3 ms]
   [Eden: 7056.0M(7056.0M)->0.0B(7136.0M) Survivors: 112.0M->32768.0K Heap: 10815.1M(14336.0M)->3727.7M(14336.0M)]
 [Times: user=0.23 sys=0.00, real=0.04 secs] 
2022-07-28T12:52:46.845-0700: 574938.350: [GC concurrent-root-region-scan-start]
2022-07-28T12:52:46.855-0700: 574938.360: [GC concurrent-root-region-scan-end, 0.0101499 secs]
2022-07-28T12:52:46.855-0700: 574938.360: [GC concurrent-mark-start]
2022-07-28T12:52:49.558-0700: 574941.063: [GC concurrent-mark-end, 2.7027912 secs]
2022-07-28T12:52:49.558-0700: 574941.063: [GC remark 2022-07-28T12:52:49.559-0700: 574941.063: [Finalize Marking, 0.0006560 secs] 2022-07-28T12:52:49.559-0700: 574941.064: [GC ref-proc, 0.0079423 secs] 2022-07-28T12:52:49.567-0700: 574941.072: [Unloading, 0.0299695 secs], 0.0444628 secs]
 [Times: user=0.27 sys=0.00, real=0.05 secs] 
2022-07-28T12:52:49.603-0700: 574941.108: [GC cleanup 3975M->3975M(14336M), 0.0094131 secs]
 [Times: user=0.07 sys=0.00, real=0.00 secs] 
2022-07-28T12:54:34.835-0700: 575046.340: [GC pause (G1 Evacuation Pause) (young), 0.0255980 secs]
   [Parallel Time: 21.6 ms, GC Workers: 8]
      [GC Worker Start (ms): Min: 575046340.3, Avg: 575046340.4, Max: 575046340.5, Diff: 0.1]
      [Ext Root Scanning (ms): Min: 1.1, Avg: 1.9, Max: 5.2, Diff: 4.1, Sum: 14.8]
      [Update RS (ms): Min: 2.3, Avg: 5.0, Max: 5.7, Diff: 3.4, Sum: 40.2]
         [Processed Buffers: Min: 12, Avg: 23.4, Max: 30, Diff: 18, Sum: 187]
      [Scan RS (ms): Min: 5.0, Avg: 5.3, Max: 5.8, Diff: 0.9, Sum: 42.5]
      [Code Root Scanning (ms): Min: 0.0, Avg: 0.0, Max: 0.0, Diff: 0.0, Sum: 0.0]
      [Object Copy (ms): Min: 8.4, Avg: 8.8, Max: 9.1, Diff: 0.6, Sum: 70.3]
      [Termination (ms): Min: 0.0, Avg: 0.0, Max: 0.0, Diff: 0.0, Sum: 0.0]
         [Termination Attempts: Min: 1, Avg: 1.0, Max: 1, Diff: 0, Sum: 8]
      [GC Worker Other (ms): Min: 0.0, Avg: 0.1, Max: 0.2, Diff: 0.2, Sum: 0.8]
      [GC Worker Total (ms): Min: 20.9, Avg: 21.1, Max: 21.3, Diff: 0.3, Sum: 168.7]
      [GC Worker End (ms): Min: 575046361.4, Avg: 575046361.5, Max: 575046361.6, Diff: 0.2]
   [Code Root Fixup: 0.0 ms]
   [Code Root Purge: 0.0 ms]
   [Clear CT: 0.8 ms]
   [Other: 3.2 ms]
      [Choose CSet: 0.0 ms]
      [Ref Proc: 2.4 ms]
      [Ref Enq: 0.1 ms]
      [Redirty Cards: 0.1 ms]
      [Humongous Register: 0.1 ms]
      [Humongous Reclaim: 0.0 ms]
      [Free CSet: 0.3 ms]
   [Eden: 7136.0M(7136.0M)->0.0B(5696.0M) Survivors: 32768.0K->32768.0K Heap: 10863.7M(14336.0M)->3750.7M(14336.0M)]
 [Times: user=0.18 sys=0.00, real=0.02 secs] 
2022-07-28T12:56:07.874-0700: 575139.379: [GC pause (G1 Evacuation Pause) (mixed), 0.0434517 secs]
   [Parallel Time: 40.1 ms, GC Workers: 8]
      [GC Worker Start (ms): Min: 575139378.8, Avg: 575139378.9, Max: 575139378.9, Diff: 0.1]
      [Ext Root Scanning (ms): Min: 1.2, Avg: 2.0, Max: 6.2, Diff: 5.0, Sum: 16.1]
      [Update RS (ms): Min: 0.6, Avg: 4.5, Max: 5.6, Diff: 5.1, Sum: 36.1]
         [Processed Buffers: Min: 12, Avg: 25.0, Max: 34, Diff: 22, Sum: 200]
      [Scan RS (ms): Min: 6.9, Avg: 7.4, Max: 7.6, Diff: 0.6, Sum: 59.3]
      [Code Root Scanning (ms): Min: 0.0, Avg: 0.0, Max: 0.1, Diff: 0.1, Sum: 0.1]
      [Object Copy (ms): Min: 25.3, Avg: 25.8, Max: 25.9, Diff: 0.6, Sum: 206.1]
      [Termination (ms): Min: 0.0, Avg: 0.0, Max: 0.0, Diff: 0.0, Sum: 0.0]
         [Termination Attempts: Min: 1, Avg: 4.0, Max: 7, Diff: 6, Sum: 32]
      [GC Worker Other (ms): Min: 0.0, Avg: 0.1, Max: 0.1, Diff: 0.1, Sum: 0.5]
      [GC Worker Total (ms): Min: 39.7, Avg: 39.8, Max: 39.8, Diff: 0.1, Sum: 318.2]
      [GC Worker End (ms): Min: 575139418.6, Avg: 575139418.7, Max: 575139418.7, Diff: 0.1]
   [Code Root Fixup: 0.0 ms]
   [Code Root Purge: 0.0 ms]
   [Clear CT: 0.9 ms]
   [Other: 2.4 ms]
      [Choose CSet: 0.0 ms]
      [Ref Proc: 1.5 ms]
      [Ref Enq: 0.1 ms]
      [Redirty Cards: 0.2 ms]
      [Humongous Register: 0.1 ms]
      [Humongous Reclaim: 0.0 ms]
      [Free CSet: 0.3 ms]
   [Eden: 5696.0M(5696.0M)->0.0B(7120.0M) Survivors: 32768.0K->49152.0K Heap: 9446.7M(14336.0M)->3643.8M(14336.0M)]
 [Times: user=0.33 sys=0.00, real=0.05 secs] 
2022-07-28T12:58:19.843-0700: 575271.347: [GC pause (G1 Evacuation Pause) (young), 0.0265079 secs]
   [Parallel Time: 23.1 ms, GC Workers: 8]
      [GC Worker Start (ms): Min: 575271347.5, Avg: 575271347.6, Max: 575271347.7, Diff: 0.2]
      [Ext Root Scanning (ms): Min: 3.0, Avg: 3.9, Max: 5.4, Diff: 2.4, Sum: 31.6]
      [Update RS (ms): Min: 9.0, Avg: 10.1, Max: 10.5, Diff: 1.5, Sum: 80.9]
         [Processed Buffers: Min: 29, Avg: 32.1, Max: 34, Diff: 5, Sum: 257]
      [Scan RS (ms): Min: 0.1, Avg: 0.5, Max: 1.5, Diff: 1.3, Sum: 3.7]
      [Code Root Scanning (ms): Min: 0.0, Avg: 0.0, Max: 0.0, Diff: 0.0, Sum: 0.0]
      [Object Copy (ms): Min: 6.8, Avg: 8.0, Max: 9.0, Diff: 2.2, Sum: 64.2]
      [Termination (ms): Min: 0.0, Avg: 0.0, Max: 0.0, Diff: 0.0, Sum: 0.0]
         [Termination Attempts: Min: 1, Avg: 3.4, Max: 5, Diff: 4, Sum: 27]
      [GC Worker Other (ms): Min: 0.0, Avg: 0.1, Max: 0.2, Diff: 0.2, Sum: 0.5]
      [GC Worker Total (ms): Min: 22.5, Avg: 22.6, Max: 22.7, Diff: 0.2, Sum: 181.0]
      [GC Worker End (ms): Min: 575271370.2, Avg: 575271370.2, Max: 575271370.3, Diff: 0.1]
   [Code Root Fixup: 0.0 ms]
   [Code Root Purge: 0.0 ms]
   [Clear CT: 0.8 ms]
   [Other: 2.6 ms]
      [Choose CSet: 0.0 ms]
      [Ref Proc: 1.9 ms]
      [Ref Enq: 0.1 ms]
      [Redirty Cards: 0.1 ms]
      [Humongous Register: 0.1 ms]
      [Humongous Reclaim: 0.0 ms]
      [Free CSet: 0.3 ms]
   [Eden: 7120.0M(7120.0M)->0.0B(7136.0M) Survivors: 49152.0K->32768.0K Heap: 10763.8M(14336.0M)->3698.9M(14336.0M)]
 [Times: user=0.18 sys=0.00, real=0.03 secs] 
2022-07-28T13:01:11.863-0700: 575443.367: [GC pause (G1 Evacuation Pause) (young) (initial-mark), 0.0334291 secs]
   [Parallel Time: 29.2 ms, GC Workers: 8]
      [GC Worker Start (ms): Min: 575443369.6, Avg: 575443369.7, Max: 575443369.8, Diff: 0.2]
      [Ext Root Scanning (ms): Min: 5.8, Avg: 6.2, Max: 6.8, Diff: 1.0, Sum: 49.7]
      [Update RS (ms): Min: 5.6, Avg: 5.8, Max: 6.0, Diff: 0.5, Sum: 46.6]
         [Processed Buffers: Min: 16, Avg: 20.0, Max: 28, Diff: 12, Sum: 160]
      [Scan RS (ms): Min: 0.0, Avg: 0.0, Max: 0.2, Diff: 0.2, Sum: 0.3]
      [Code Root Scanning (ms): Min: 0.0, Avg: 0.0, Max: 0.0, Diff: 0.0, Sum: 0.0]
      [Object Copy (ms): Min: 9.8, Avg: 11.1, Max: 14.4, Diff: 4.6, Sum: 88.4]
      [Termination (ms): Min: 0.0, Avg: 3.8, Max: 4.3, Diff: 4.3, Sum: 30.1]
         [Termination Attempts: Min: 1, Avg: 1.2, Max: 2, Diff: 1, Sum: 10]
      [GC Worker Other (ms): Min: 0.0, Avg: 0.0, Max: 0.0, Diff: 0.0, Sum: 0.1]
      [GC Worker Total (ms): Min: 26.8, Avg: 26.9, Max: 27.0, Diff: 0.2, Sum: 215.2]
      [GC Worker End (ms): Min: 575443396.6, Avg: 575443396.6, Max: 575443396.7, Diff: 0.0]
   [Code Root Fixup: 0.0 ms]
   [Code Root Purge: 0.0 ms]
   [Clear CT: 0.7 ms]
   [Other: 3.6 ms]
      [Choose CSet: 0.0 ms]
      [Ref Proc: 2.8 ms]
      [Ref Enq: 0.1 ms]
      [Redirty Cards: 0.1 ms]
      [Humongous Register: 0.0 ms]
      [Humongous Reclaim: 0.0 ms]
      [Free CSet: 0.3 ms]
   [Eden: 7136.0M(7136.0M)->0.0B(7120.0M) Survivors: 32768.0K->49152.0K Heap: 10834.9M(14336.0M)->3735.1M(14336.0M)]
 [Times: user=0.21 sys=0.00, real=0.03 secs] 
2022-07-28T13:01:11.896-0700: 575443.401: [GC concurrent-root-region-scan-start]
2022-07-28T13:01:11.910-0700: 575443.415: [GC concurrent-root-region-scan-end, 0.0138957 secs]
2022-07-28T13:01:11.910-0700: 575443.415: [GC concurrent-mark-start]
2022-07-28T13:01:14.514-0700: 575446.019: [GC concurrent-mark-end, 2.6039061 secs]
2022-07-28T13:01:14.515-0700: 575446.019: [GC remark 2022-07-28T13:01:14.515-0700: 575446.019: [Finalize Marking, 0.0004880 secs] 2022-07-28T13:01:14.515-0700: 575446.020: [GC ref-proc, 0.0084237 secs] 2022-07-28T13:01:14.524-0700: 575446.028: [Unloading, 0.0272492 secs], 0.0418607 secs]
 [Times: user=0.26 sys=0.00, real=0.05 secs] 
2022-07-28T13:01:14.557-0700: 575446.062: [GC cleanup 3865M->3865M(14336M), 0.0091558 secs]
 [Times: user=0.07 sys=0.00, real=0.01 secs] 
2022-07-28T13:04:11.824-0700: 575623.329: [GC pause (G1 Evacuation Pause) (young), 0.0273908 secs]
   [Parallel Time: 22.6 ms, GC Workers: 8]
      [GC Worker Start (ms): Min: 575623329.0, Avg: 575623329.1, Max: 575623329.1, Diff: 0.1]
      [Ext Root Scanning (ms): Min: 1.2, Avg: 2.0, Max: 5.9, Diff: 4.7, Sum: 16.4]
      [Update RS (ms): Min: 5.4, Avg: 9.0, Max: 9.9, Diff: 4.6, Sum: 72.4]
         [Processed Buffers: Min: 23, Avg: 26.4, Max: 32, Diff: 9, Sum: 211]
      [Scan RS (ms): Min: 0.0, Avg: 0.0, Max: 0.1, Diff: 0.1, Sum: 0.4]
      [Code Root Scanning (ms): Min: 0.0, Avg: 0.0, Max: 0.0, Diff: 0.0, Sum: 0.0]
      [Object Copy (ms): Min: 10.7, Avg: 11.2, Max: 11.4, Diff: 0.7, Sum: 89.2]
      [Termination (ms): Min: 0.0, Avg: 0.0, Max: 0.0, Diff: 0.0, Sum: 0.1]
         [Termination Attempts: Min: 1, Avg: 1.0, Max: 1, Diff: 0, Sum: 8]
      [GC Worker Other (ms): Min: 0.0, Avg: 0.0, Max: 0.1, Diff: 0.1, Sum: 0.4]
      [GC Worker Total (ms): Min: 22.3, Avg: 22.3, Max: 22.4, Diff: 0.1, Sum: 178.8]
      [GC Worker End (ms): Min: 575623351.4, Avg: 575623351.4, Max: 575623351.5, Diff: 0.1]
   [Code Root Fixup: 0.0 ms]
   [Code Root Purge: 0.0 ms]
   [Clear CT: 0.7 ms]
   [Other: 4.0 ms]
      [Choose CSet: 0.0 ms]
      [Ref Proc: 3.3 ms]
      [Ref Enq: 0.1 ms]
      [Redirty Cards: 0.1 ms]
      [Humongous Register: 0.1 ms]
      [Humongous Reclaim: 0.0 ms]
      [Free CSet: 0.3 ms]
   [Eden: 7120.0M(7120.0M)->0.0B(5680.0M) Survivors: 49152.0K->49152.0K Heap: 10855.1M(14336.0M)->3756.3M(14336.0M)]
 [Times: user=0.19 sys=0.00, real=0.02 secs] 
2022-07-28T13:06:09.062-0700: 575740.567: [GC pause (G1 Evacuation Pause) (mixed), 0.0448384 secs]
   [Parallel Time: 41.8 ms, GC Workers: 8]
      [GC Worker Start (ms): Min: 575740566.9, Avg: 575740567.0, Max: 575740567.0, Diff: 0.1]
      [Ext Root Scanning (ms): Min: 1.3, Avg: 2.2, Max: 6.1, Diff: 4.8, Sum: 18.0]
      [Update RS (ms): Min: 2.4, Avg: 7.1, Max: 16.6, Diff: 14.2, Sum: 57.0]
         [Processed Buffers: Min: 13, Avg: 22.2, Max: 30, Diff: 17, Sum: 178]
      [Scan RS (ms): Min: 2.3, Avg: 12.0, Max: 13.5, Diff: 11.2, Sum: 96.2]
      [Code Root Scanning (ms): Min: 0.0, Avg: 0.0, Max: 0.0, Diff: 0.0, Sum: 0.0]
      [Object Copy (ms): Min: 19.7, Avg: 20.2, Max: 20.5, Diff: 0.8, Sum: 161.3]
      [Termination (ms): Min: 0.0, Avg: 0.0, Max: 0.0, Diff: 0.0, Sum: 0.1]
         [Termination Attempts: Min: 1, Avg: 35.0, Max: 53, Diff: 52, Sum: 280]
      [GC Worker Other (ms): Min: 0.0, Avg: 0.1, Max: 0.2, Diff: 0.1, Sum: 0.7]
      [GC Worker Total (ms): Min: 41.5, Avg: 41.7, Max: 41.8, Diff: 0.3, Sum: 333.3]
      [GC Worker End (ms): Min: 575740608.6, Avg: 575740608.6, Max: 575740608.7, Diff: 0.1]
   [Code Root Fixup: 0.0 ms]
   [Code Root Purge: 0.0 ms]
   [Clear CT: 0.7 ms]
   [Other: 2.3 ms]
      [Choose CSet: 0.1 ms]
      [Ref Proc: 1.4 ms]
      [Ref Enq: 0.1 ms]
      [Redirty Cards: 0.2 ms]
      [Humongous Register: 0.1 ms]
      [Humongous Reclaim: 0.0 ms]
      [Free CSet: 0.3 ms]
   [Eden: 5680.0M(5680.0M)->0.0B(7136.0M) Survivors: 49152.0K->32768.0K Heap: 9436.3M(14336.0M)->3632.3M(14336.0M)]
 [Times: user=0.33 sys=0.00, real=0.05 secs] 
2022-07-28T13:07:52.917-0700: 575844.422: [GC pause (G1 Evacuation Pause) (young), 0.0227264 secs]
   [Parallel Time: 19.9 ms, GC Workers: 8]
      [GC Worker Start (ms): Min: 575844421.8, Avg: 575844421.9, Max: 575844421.9, Diff: 0.1]
      [Ext Root Scanning (ms): Min: 1.1, Avg: 1.8, Max: 5.6, Diff: 4.6, Sum: 14.1]
      [Update RS (ms): Min: 8.1, Avg: 11.7, Max: 12.6, Diff: 4.5, Sum: 93.9]
         [Processed Buffers: Min: 19, Avg: 28.1, Max: 34, Diff: 15, Sum: 225]
      [Scan RS (ms): Min: 0.0, Avg: 0.1, Max: 0.2, Diff: 0.2, Sum: 0.9]
      [Code Root Scanning (ms): Min: 0.0, Avg: 0.0, Max: 0.0, Diff: 0.0, Sum: 0.0]
      [Object Copy (ms): Min: 5.8, Avg: 6.0, Max: 6.1, Diff: 0.3, Sum: 48.0]
      [Termination (ms): Min: 0.0, Avg: 0.0, Max: 0.0, Diff: 0.0, Sum: 0.0]
         [Termination Attempts: Min: 1, Avg: 3.4, Max: 5, Diff: 4, Sum: 27]
      [GC Worker Other (ms): Min: 0.0, Avg: 0.1, Max: 0.1, Diff: 0.1, Sum: 0.5]
      [GC Worker Total (ms): Min: 19.6, Avg: 19.7, Max: 19.7, Diff: 0.1, Sum: 157.4]
      [GC Worker End (ms): Min: 575844441.5, Avg: 575844441.5, Max: 575844441.6, Diff: 0.1]
   [Code Root Fixup: 0.0 ms]
   [Code Root Purge: 0.0 ms]
   [Clear CT: 0.8 ms]
   [Other: 2.0 ms]
      [Choose CSet: 0.0 ms]
      [Ref Proc: 1.4 ms]
      [Ref Enq: 0.1 ms]
      [Redirty Cards: 0.1 ms]
      [Humongous Register: 0.1 ms]
      [Humongous Reclaim: 0.0 ms]
      [Free CSet: 0.3 ms]
   [Eden: 7136.0M(7136.0M)->0.0B(7136.0M) Survivors: 32768.0K->32768.0K Heap: 10768.3M(14336.0M)->3688.8M(14336.0M)]
 [Times: user=0.17 sys=0.00, real=0.02 secs] 
2022-07-28T13:09:36.841-0700: 575948.346: [GC pause (G1 Evacuation Pause) (young) (initial-mark), 0.0190831 secs]
   [Parallel Time: 14.7 ms, GC Workers: 8]
      [GC Worker Start (ms): Min: 575948348.0, Avg: 575948348.1, Max: 575948348.1, Diff: 0.1]
      [Ext Root Scanning (ms): Min: 5.3, Avg: 5.6, Max: 6.0, Diff: 0.8, Sum: 44.7]
      [Update RS (ms): Min: 3.3, Avg: 3.5, Max: 3.6, Diff: 0.3, Sum: 27.8]
         [Processed Buffers: Min: 8, Avg: 11.1, Max: 20, Diff: 12, Sum: 89]
      [Scan RS (ms): Min: 0.0, Avg: 0.0, Max: 0.1, Diff: 0.1, Sum: 0.4]
      [Code Root Scanning (ms): Min: 0.0, Avg: 0.0, Max: 0.0, Diff: 0.0, Sum: 0.0]
      [Object Copy (ms): Min: 2.8, Avg: 3.3, Max: 3.6, Diff: 0.8, Sum: 26.1]
      [Termination (ms): Min: 0.0, Avg: 0.0, Max: 0.0, Diff: 0.0, Sum: 0.0]
         [Termination Attempts: Min: 1, Avg: 1.0, Max: 1, Diff: 0, Sum: 8]
      [GC Worker Other (ms): Min: 0.0, Avg: 0.1, Max: 0.2, Diff: 0.2, Sum: 0.6]
      [GC Worker Total (ms): Min: 12.3, Avg: 12.5, Max: 12.5, Diff: 0.2, Sum: 99.6]
      [GC Worker End (ms): Min: 575948360.5, Avg: 575948360.5, Max: 575948360.6, Diff: 0.2]
   [Code Root Fixup: 0.0 ms]
   [Code Root Purge: 0.0 ms]
   [Clear CT: 0.7 ms]
   [Other: 3.6 ms]
      [Choose CSet: 0.0 ms]
      [Ref Proc: 2.9 ms]
      [Ref Enq: 0.1 ms]
      [Redirty Cards: 0.1 ms]
      [Humongous Register: 0.0 ms]
      [Humongous Reclaim: 0.0 ms]
      [Free CSet: 0.3 ms]
   [Eden: 7136.0M(7136.0M)->0.0B(7136.0M) Survivors: 32768.0K->32768.0K Heap: 10824.8M(14336.0M)->3705.1M(14336.0M)]
 [Times: user=0.10 sys=0.00, real=0.02 secs] 
2022-07-28T13:09:36.860-0700: 575948.365: [GC concurrent-root-region-scan-start]
2022-07-28T13:09:36.875-0700: 575948.379: [GC concurrent-root-region-scan-end, 0.0141615 secs]
2022-07-28T13:09:36.875-0700: 575948.379: [GC concurrent-mark-start]
2022-07-28T13:09:39.544-0700: 575951.049: [GC concurrent-mark-end, 2.6692918 secs]
2022-07-28T13:09:39.544-0700: 575951.049: [GC remark 2022-07-28T13:09:39.544-0700: 575951.049: [Finalize Marking, 0.0001965 secs] 2022-07-28T13:09:39.545-0700: 575951.049: [GC ref-proc, 0.0072834 secs] 2022-07-28T13:09:39.552-0700: 575951.057: [Unloading, 0.0277841 secs], 0.0411798 secs]
 [Times: user=0.25 sys=0.00, real=0.04 secs] 
2022-07-28T13:09:39.586-0700: 575951.091: [GC cleanup 3881M->3881M(14336M), 0.0089135 secs]
 [Times: user=0.07 sys=0.00, real=0.01 secs] 
2022-07-28T13:11:14.206-0700: 576045.711: [GC pause (GCLocker Initiated GC) (young), 0.0327316 secs]
   [Parallel Time: 29.9 ms, GC Workers: 8]
      [GC Worker Start (ms): Min: 576045711.3, Avg: 576045711.3, Max: 576045711.4, Diff: 0.1]
      [Ext Root Scanning (ms): Min: 0.9, Avg: 1.6, Max: 5.1, Diff: 4.2, Sum: 12.9]
      [Update RS (ms): Min: 1.6, Avg: 4.9, Max: 5.6, Diff: 4.0, Sum: 39.4]
         [Processed Buffers: Min: 8, Avg: 14.9, Max: 19, Diff: 11, Sum: 119]
      [Scan RS (ms): Min: 0.0, Avg: 0.0, Max: 0.1, Diff: 0.1, Sum: 0.4]
      [Code Root Scanning (ms): Min: 0.0, Avg: 0.0, Max: 0.0, Diff: 0.0, Sum: 0.0]
      [Object Copy (ms): Min: 17.5, Avg: 18.3, Max: 23.0, Diff: 5.6, Sum: 146.8]
      [Termination (ms): Min: 0.0, Avg: 4.9, Max: 5.6, Diff: 5.6, Sum: 38.9]
         [Termination Attempts: Min: 1, Avg: 1.0, Max: 1, Diff: 0, Sum: 8]
      [GC Worker Other (ms): Min: 0.0, Avg: 0.0, Max: 0.0, Diff: 0.0, Sum: 0.1]
      [GC Worker Total (ms): Min: 29.8, Avg: 29.8, Max: 29.8, Diff: 0.0, Sum: 238.5]
      [GC Worker End (ms): Min: 576045741.1, Avg: 576045741.1, Max: 576045741.1, Diff: 0.0]
   [Code Root Fixup: 0.0 ms]
   [Code Root Purge: 0.0 ms]
   [Clear CT: 0.7 ms]
   [Other: 2.1 ms]
      [Choose CSet: 0.0 ms]
      [Ref Proc: 1.5 ms]
      [Ref Enq: 0.1 ms]
      [Redirty Cards: 0.1 ms]
      [Humongous Register: 0.0 ms]
      [Humongous Reclaim: 0.0 ms]
      [Free CSet: 0.3 ms]
   [Eden: 7152.0M(7136.0M)->0.0B(5648.0M) Survivors: 32768.0K->81920.0K Heap: 10842.1M(14336.0M)->3748.6M(14336.0M)]
 [Times: user=0.24 sys=0.00, real=0.03 secs] 
2022-07-28T13:12:44.768-0700: 576136.273: [GC pause (G1 Evacuation Pause) (mixed), 0.0485328 secs]
   [Parallel Time: 44.1 ms, GC Workers: 8]
      [GC Worker Start (ms): Min: 576136272.7, Avg: 576136272.8, Max: 576136272.8, Diff: 0.1]
      [Ext Root Scanning (ms): Min: 1.1, Avg: 2.0, Max: 5.9, Diff: 4.8, Sum: 15.6]
      [Update RS (ms): Min: 0.4, Avg: 4.0, Max: 5.0, Diff: 4.6, Sum: 31.8]
         [Processed Buffers: Min: 1, Avg: 12.5, Max: 22, Diff: 21, Sum: 100]
      [Scan RS (ms): Min: 5.7, Avg: 6.1, Max: 6.2, Diff: 0.5, Sum: 48.5]
      [Code Root Scanning (ms): Min: 0.0, Avg: 0.0, Max: 0.0, Diff: 0.0, Sum: 0.0]
      [Object Copy (ms): Min: 31.5, Avg: 31.8, Max: 32.0, Diff: 0.5, Sum: 254.6]
      [Termination (ms): Min: 0.0, Avg: 0.0, Max: 0.0, Diff: 0.0, Sum: 0.0]
         [Termination Attempts: Min: 1, Avg: 1.4, Max: 2, Diff: 1, Sum: 11]
      [GC Worker Other (ms): Min: 0.0, Avg: 0.0, Max: 0.1, Diff: 0.1, Sum: 0.4]
      [GC Worker Total (ms): Min: 43.8, Avg: 43.9, Max: 43.9, Diff: 0.1, Sum: 351.0]
      [GC Worker End (ms): Min: 576136316.6, Avg: 576136316.6, Max: 576136316.7, Diff: 0.1]
   [Code Root Fixup: 0.0 ms]
   [Code Root Purge: 0.0 ms]
   [Clear CT: 0.8 ms]
   [Other: 3.6 ms]
      [Choose CSet: 0.0 ms]
      [Ref Proc: 2.8 ms]
      [Ref Enq: 0.1 ms]
      [Redirty Cards: 0.2 ms]
      [Humongous Register: 0.0 ms]
      [Humongous Reclaim: 0.0 ms]
      [Free CSet: 0.3 ms]
   [Eden: 5648.0M(5648.0M)->0.0B(7040.0M) Survivors: 81920.0K->128.0M Heap: 9396.6M(14336.0M)->3761.3M(14336.0M)]
 [Times: user=0.33 sys=0.00, real=0.05 secs] 
2022-07-28T13:14:37.028-0700: 576248.532: [GC pause (GCLocker Initiated GC) (young), 0.0529514 secs]
   [Parallel Time: 49.8 ms, GC Workers: 8]
      [GC Worker Start (ms): Min: 576248532.4, Avg: 576248532.4, Max: 576248532.5, Diff: 0.1]
      [Ext Root Scanning (ms): Min: 0.9, Avg: 1.6, Max: 5.0, Diff: 4.1, Sum: 12.4]
      [Update RS (ms): Min: 4.9, Avg: 8.2, Max: 8.9, Diff: 4.0, Sum: 65.7]
         [Processed Buffers: Min: 16, Avg: 26.0, Max: 37, Diff: 21, Sum: 208]
      [Scan RS (ms): Min: 1.1, Avg: 1.2, Max: 1.3, Diff: 0.2, Sum: 9.7]
      [Code Root Scanning (ms): Min: 0.0, Avg: 0.0, Max: 0.0, Diff: 0.0, Sum: 0.0]
      [Object Copy (ms): Min: 38.6, Avg: 38.7, Max: 38.8, Diff: 0.2, Sum: 309.7]
      [Termination (ms): Min: 0.0, Avg: 0.0, Max: 0.0, Diff: 0.0, Sum: 0.0]
         [Termination Attempts: Min: 1, Avg: 10.0, Max: 15, Diff: 14, Sum: 80]
      [GC Worker Other (ms): Min: 0.0, Avg: 0.1, Max: 0.1, Diff: 0.0, Sum: 0.4]
      [GC Worker Total (ms): Min: 49.7, Avg: 49.8, Max: 49.8, Diff: 0.1, Sum: 398.0]
      [GC Worker End (ms): Min: 576248582.2, Avg: 576248582.2, Max: 576248582.2, Diff: 0.1]
   [Code Root Fixup: 0.0 ms]
   [Code Root Purge: 0.0 ms]
   [Clear CT: 0.9 ms]
   [Other: 2.2 ms]
      [Choose CSet: 0.0 ms]
      [Ref Proc: 1.5 ms]
      [Ref Enq: 0.1 ms]
      [Redirty Cards: 0.1 ms]
      [Humongous Register: 0.0 ms]
      [Humongous Reclaim: 0.0 ms]
      [Free CSet: 0.3 ms]
   [Eden: 7056.0M(7040.0M)->0.0B(6992.0M) Survivors: 128.0M->176.0M Heap: 10801.3M(14336.0M)->3881.5M(14336.0M)]
 [Times: user=0.40 sys=0.00, real=0.05 secs] 
2022-07-28T13:16:33.599-0700: 576365.104: [GC pause (G1 Evacuation Pause) (young) (initial-mark), 0.0669425 secs]
   [Parallel Time: 63.1 ms, GC Workers: 8]
      [GC Worker Start (ms): Min: 576365105.3, Avg: 576365105.4, Max: 576365105.4, Diff: 0.1]
      [Ext Root Scanning (ms): Min: 5.0, Avg: 5.3, Max: 5.7, Diff: 0.8, Sum: 42.4]
      [Update RS (ms): Min: 7.2, Avg: 7.2, Max: 7.4, Diff: 0.2, Sum: 57.8]
         [Processed Buffers: Min: 24, Avg: 28.4, Max: 33, Diff: 9, Sum: 227]
      [Scan RS (ms): Min: 0.0, Avg: 0.1, Max: 0.1, Diff: 0.1, Sum: 0.4]
      [Code Root Scanning (ms): Min: 0.0, Avg: 0.0, Max: 0.1, Diff: 0.1, Sum: 0.1]
      [Object Copy (ms): Min: 48.2, Avg: 48.7, Max: 49.1, Diff: 0.8, Sum: 389.8]
      [Termination (ms): Min: 0.0, Avg: 0.1, Max: 0.2, Diff: 0.2, Sum: 1.0]
         [Termination Attempts: Min: 1, Avg: 1.1, Max: 2, Diff: 1, Sum: 9]
      [GC Worker Other (ms): Min: 0.0, Avg: 0.0, Max: 0.0, Diff: 0.0, Sum: 0.2]
      [GC Worker Total (ms): Min: 61.4, Avg: 61.5, Max: 61.5, Diff: 0.1, Sum: 491.6]
      [GC Worker End (ms): Min: 576365166.8, Avg: 576365166.8, Max: 576365166.8, Diff: 0.0]
   [Code Root Fixup: 0.0 ms]
   [Code Root Purge: 0.0 ms]
   [Clear CT: 1.4 ms]
   [Other: 2.5 ms]
      [Choose CSet: 0.0 ms]
      [Ref Proc: 1.6 ms]
      [Ref Enq: 0.1 ms]
      [Redirty Cards: 0.3 ms]
      [Humongous Register: 0.0 ms]
      [Humongous Reclaim: 0.0 ms]
      [Free CSet: 0.3 ms]
   [Eden: 6992.0M(6992.0M)->0.0B(6976.0M) Survivors: 176.0M->192.0M Heap: 10873.5M(14336.0M)->4031.0M(14336.0M)]
 [Times: user=0.48 sys=0.00, real=0.07 secs] 
2022-07-28T13:16:33.666-0700: 576365.171: [GC concurrent-root-region-scan-start]
2022-07-28T13:16:33.713-0700: 576365.218: [GC concurrent-root-region-scan-end, 0.0468492 secs]
2022-07-28T13:16:33.713-0700: 576365.218: [GC concurrent-mark-start]
2022-07-28T13:16:36.282-0700: 576367.787: [GC concurrent-mark-end, 2.5691384 secs]
2022-07-28T13:16:36.282-0700: 576367.787: [GC remark 2022-07-28T13:16:36.282-0700: 576367.787: [Finalize Marking, 0.0001789 secs] 2022-07-28T13:16:36.287-0700: 576367.792: [GC ref-proc, 0.0092298 secs] 2022-07-28T13:16:36.297-0700: 576367.801: [Unloading, 0.0276707 secs], 0.0472970 secs]
 [Times: user=0.25 sys=0.00, real=0.05 secs] 
2022-07-28T13:16:36.330-0700: 576367.835: [GC cleanup 4231M->4215M(14336M), 0.0089070 secs]
 [Times: user=0.07 sys=0.00, real=0.01 secs] 
2022-07-28T13:16:36.339-0700: 576367.844: [GC concurrent-cleanup-start]
2022-07-28T13:16:36.339-0700: 576367.844: [GC concurrent-cleanup-end, 0.0000256 secs]
2022-07-28T13:18:09.656-0700: 576461.161: [GC pause (GCLocker Initiated GC) (young), 0.0704004 secs]
   [Parallel Time: 67.2 ms, GC Workers: 8]
      [GC Worker Start (ms): Min: 576461160.9, Avg: 576461160.9, Max: 576461161.0, Diff: 0.1]
      [Ext Root Scanning (ms): Min: 0.9, Avg: 1.6, Max: 5.2, Diff: 4.3, Sum: 12.4]
      [Update RS (ms): Min: 10.3, Avg: 13.8, Max: 14.7, Diff: 4.4, Sum: 110.6]
         [Processed Buffers: Min: 29, Avg: 39.9, Max: 60, Diff: 31, Sum: 319]
      [Scan RS (ms): Min: 1.9, Avg: 2.2, Max: 2.6, Diff: 0.8, Sum: 17.4]
      [Code Root Scanning (ms): Min: 0.0, Avg: 0.0, Max: 0.1, Diff: 0.1, Sum: 0.2]
      [Object Copy (ms): Min: 48.9, Avg: 49.4, Max: 49.6, Diff: 0.7, Sum: 395.6]
      [Termination (ms): Min: 0.0, Avg: 0.0, Max: 0.0, Diff: 0.0, Sum: 0.0]
         [Termination Attempts: Min: 1, Avg: 22.0, Max: 29, Diff: 28, Sum: 176]
      [GC Worker Other (ms): Min: 0.0, Avg: 0.0, Max: 0.1, Diff: 0.0, Sum: 0.3]
      [GC Worker Total (ms): Min: 67.0, Avg: 67.1, Max: 67.1, Diff: 0.1, Sum: 536.5]
      [GC Worker End (ms): Min: 576461228.0, Avg: 576461228.0, Max: 576461228.0, Diff: 0.0]
   [Code Root Fixup: 0.0 ms]
   [Code Root Purge: 0.0 ms]
   [Clear CT: 0.8 ms]
   [Other: 2.4 ms]
      [Choose CSet: 0.0 ms]
      [Ref Proc: 1.5 ms]
      [Ref Enq: 0.1 ms]
      [Redirty Cards: 0.2 ms]
      [Humongous Register: 0.0 ms]
      [Humongous Reclaim: 0.0 ms]
      [Free CSet: 0.3 ms]
   [Eden: 6992.0M(6976.0M)->0.0B(5504.0M) Survivors: 192.0M->224.0M Heap: 10991.5M(14336.0M)->4151.2M(14336.0M)]
 [Times: user=0.55 sys=0.00, real=0.07 secs] 
2022-07-28T13:19:32.824-0700: 576544.329: [GC pause (G1 Evacuation Pause) (mixed), 0.1021267 secs]
   [Parallel Time: 97.0 ms, GC Workers: 8]
      [GC Worker Start (ms): Min: 576544329.4, Avg: 576544329.5, Max: 576544329.6, Diff: 0.2]
      [Ext Root Scanning (ms): Min: 0.6, Avg: 1.9, Max: 5.6, Diff: 5.0, Sum: 15.1]
      [Update RS (ms): Min: 7.7, Avg: 9.3, Max: 11.7, Diff: 4.0, Sum: 74.3]
         [Processed Buffers: Min: 22, Avg: 26.6, Max: 34, Diff: 12, Sum: 213]
      [Scan RS (ms): Min: 8.7, Avg: 8.9, Max: 9.6, Diff: 0.9, Sum: 71.2]
      [Code Root Scanning (ms): Min: 0.0, Avg: 0.0, Max: 0.0, Diff: 0.0, Sum: 0.1]
      [Object Copy (ms): Min: 73.7, Avg: 76.5, Max: 79.3, Diff: 5.6, Sum: 612.2]
      [Termination (ms): Min: 0.0, Avg: 0.2, Max: 0.3, Diff: 0.3, Sum: 1.7]
         [Termination Attempts: Min: 1, Avg: 45.6, Max: 79, Diff: 78, Sum: 365]
      [GC Worker Other (ms): Min: 0.0, Avg: 0.0, Max: 0.0, Diff: 0.0, Sum: 0.2]
      [GC Worker Total (ms): Min: 96.8, Avg: 96.8, Max: 97.0, Diff: 0.2, Sum: 774.8]
      [GC Worker End (ms): Min: 576544426.3, Avg: 576544426.3, Max: 576544426.4, Diff: 0.0]
   [Code Root Fixup: 0.0 ms]
   [Code Root Purge: 0.0 ms]
   [Clear CT: 0.8 ms]
   [Other: 4.3 ms]
      [Choose CSet: 0.1 ms]
      [Ref Proc: 3.1 ms]
      [Ref Enq: 0.1 ms]
      [Redirty Cards: 0.3 ms]
      [Humongous Register: 0.1 ms]
      [Humongous Reclaim: 0.0 ms]
      [Free CSet: 0.4 ms]
   [Eden: 5504.0M(5504.0M)->0.0B(6976.0M) Survivors: 224.0M->192.0M Heap: 9655.2M(14336.0M)->3888.0M(14336.0M)]
 [Times: user=0.63 sys=0.00, real=0.10 secs] 
2022-07-28T13:21:46.967-0700: 576678.471: [GC pause (G1 Evacuation Pause) (young), 0.0551682 secs]
   [Parallel Time: 48.4 ms, GC Workers: 8]
      [GC Worker Start (ms): Min: 576678471.5, Avg: 576678471.6, Max: 576678471.7, Diff: 0.1]
      [Ext Root Scanning (ms): Min: 2.8, Avg: 3.9, Max: 6.4, Diff: 3.6, Sum: 30.9]
      [Update RS (ms): Min: 14.2, Avg: 16.6, Max: 17.2, Diff: 3.0, Sum: 132.8]
         [Processed Buffers: Min: 26, Avg: 30.6, Max: 39, Diff: 13, Sum: 245]
      [Scan RS (ms): Min: 1.0, Avg: 1.2, Max: 1.3, Diff: 0.4, Sum: 9.5]
      [Code Root Scanning (ms): Min: 0.0, Avg: 0.0, Max: 0.0, Diff: 0.0, Sum: 0.0]
      [Object Copy (ms): Min: 26.2, Avg: 26.4, Max: 27.0, Diff: 0.8, Sum: 211.4]
      [Termination (ms): Min: 0.0, Avg: 0.0, Max: 0.0, Diff: 0.0, Sum: 0.2]
         [Termination Attempts: Min: 1, Avg: 6.8, Max: 15, Diff: 14, Sum: 54]
      [GC Worker Other (ms): Min: 0.0, Avg: 0.0, Max: 0.1, Diff: 0.1, Sum: 0.3]
      [GC Worker Total (ms): Min: 48.1, Avg: 48.1, Max: 48.2, Diff: 0.2, Sum: 385.0]
      [GC Worker End (ms): Min: 576678519.7, Avg: 576678519.7, Max: 576678519.8, Diff: 0.1]
   [Code Root Fixup: 0.0 ms]
   [Code Root Purge: 0.0 ms]
   [Clear CT: 0.8 ms]
   [Other: 5.9 ms]
      [Choose CSet: 0.0 ms]
      [Ref Proc: 5.1 ms]
      [Ref Enq: 0.1 ms]
      [Redirty Cards: 0.1 ms]
      [Humongous Register: 0.1 ms]
      [Humongous Reclaim: 0.0 ms]
      [Free CSet: 0.3 ms]
   [Eden: 6976.0M(6976.0M)->0.0B(7104.0M) Survivors: 192.0M->65536.0K Heap: 10864.0M(14336.0M)->3884.5M(14336.0M)]
 [Times: user=0.38 sys=0.00, real=0.05 secs] 
2022-07-28T13:23:38.155-0700: 576789.660: [GC pause (G1 Evacuation Pause) (young) (initial-mark), 0.0760498 secs]
   [Parallel Time: 72.5 ms, GC Workers: 8]
      [GC Worker Start (ms): Min: 576789661.9, Avg: 576789661.9, Max: 576789662.0, Diff: 0.1]
      [Ext Root Scanning (ms): Min: 4.9, Avg: 5.3, Max: 5.8, Diff: 0.8, Sum: 42.5]
      [Update RS (ms): Min: 7.1, Avg: 9.6, Max: 20.1, Diff: 13.0, Sum: 77.1]
         [Processed Buffers: Min: 8, Avg: 35.5, Max: 50, Diff: 42, Sum: 284]
      [Scan RS (ms): Min: 0.1, Avg: 7.8, Max: 9.9, Diff: 9.9, Sum: 62.1]
      [Code Root Scanning (ms): Min: 0.0, Avg: 0.0, Max: 0.0, Diff: 0.0, Sum: 0.0]
      [Object Copy (ms): Min: 45.6, Avg: 48.0, Max: 48.7, Diff: 3.1, Sum: 384.0]
      [Termination (ms): Min: 0.0, Avg: 0.0, Max: 0.0, Diff: 0.0, Sum: 0.1]
         [Termination Attempts: Min: 1, Avg: 45.8, Max: 65, Diff: 64, Sum: 366]
      [GC Worker Other (ms): Min: 0.0, Avg: 0.0, Max: 0.1, Diff: 0.0, Sum: 0.3]
      [GC Worker Total (ms): Min: 70.7, Avg: 70.8, Max: 70.8, Diff: 0.1, Sum: 566.2]
      [GC Worker End (ms): Min: 576789732.7, Avg: 576789732.7, Max: 576789732.7, Diff: 0.0]
   [Code Root Fixup: 0.0 ms]
   [Code Root Purge: 0.0 ms]
   [Clear CT: 0.9 ms]
   [Other: 2.7 ms]
      [Choose CSet: 0.0 ms]
      [Ref Proc: 1.7 ms]
      [Ref Enq: 0.1 ms]
      [Redirty Cards: 0.2 ms]
      [Humongous Register: 0.0 ms]
      [Humongous Reclaim: 0.0 ms]
      [Free CSet: 0.4 ms]
   [Eden: 7104.0M(7104.0M)->0.0B(6944.0M) Survivors: 65536.0K->224.0M Heap: 10988.5M(14336.0M)->4099.6M(14336.0M)]
 [Times: user=0.57 sys=0.00, real=0.07 secs] 
2022-07-28T13:23:38.231-0700: 576789.736: [GC concurrent-root-region-scan-start]
2022-07-28T13:23:38.306-0700: 576789.811: [GC concurrent-root-region-scan-end, 0.0748849 secs]
2022-07-28T13:23:38.306-0700: 576789.811: [GC concurrent-mark-start]
2022-07-28T13:23:40.934-0700: 576792.439: [GC concurrent-mark-end, 2.6276152 secs]
2022-07-28T13:23:40.934-0700: 576792.439: [GC remark 2022-07-28T13:23:40.934-0700: 576792.439: [Finalize Marking, 0.0001936 secs] 2022-07-28T13:23:40.934-0700: 576792.439: [GC ref-proc, 0.0127412 secs] 2022-07-28T13:23:40.947-0700: 576792.452: [Unloading, 0.0302954 secs], 0.0489044 secs]
 [Times: user=0.27 sys=0.00, real=0.06 secs] 
2022-07-28T13:23:40.984-0700: 576792.488: [GC cleanup 4283M->4219M(14336M), 0.0092041 secs]
 [Times: user=0.07 sys=0.00, real=0.00 secs] 
2022-07-28T13:23:40.993-0700: 576792.498: [GC concurrent-cleanup-start]
2022-07-28T13:23:40.993-0700: 576792.498: [GC concurrent-cleanup-end, 0.0000359 secs]
2022-07-28T13:25:55.838-0700: 576927.343: [GC pause (G1 Evacuation Pause) (young), 0.0696774 secs]
   [Parallel Time: 66.5 ms, GC Workers: 8]
      [GC Worker Start (ms): Min: 576927343.3, Avg: 576927343.3, Max: 576927343.4, Diff: 0.1]
      [Ext Root Scanning (ms): Min: 1.1, Avg: 1.9, Max: 5.7, Diff: 4.6, Sum: 15.3]
      [Update RS (ms): Min: 1.8, Avg: 5.0, Max: 5.9, Diff: 4.1, Sum: 40.2]
         [Processed Buffers: Min: 10, Avg: 29.6, Max: 38, Diff: 28, Sum: 237]
      [Scan RS (ms): Min: 12.0, Avg: 12.3, Max: 12.6, Diff: 0.5, Sum: 98.4]
      [Code Root Scanning (ms): Min: 0.0, Avg: 0.0, Max: 0.0, Diff: 0.0, Sum: 0.0]
      [Object Copy (ms): Min: 46.6, Avg: 46.9, Max: 47.1, Diff: 0.4, Sum: 375.6]
      [Termination (ms): Min: 0.0, Avg: 0.0, Max: 0.0, Diff: 0.0, Sum: 0.0]
         [Termination Attempts: Min: 1, Avg: 21.2, Max: 28, Diff: 27, Sum: 170]
      [GC Worker Other (ms): Min: 0.0, Avg: 0.1, Max: 0.1, Diff: 0.1, Sum: 0.5]
      [GC Worker Total (ms): Min: 66.2, Avg: 66.3, Max: 66.3, Diff: 0.2, Sum: 530.0]
      [GC Worker End (ms): Min: 576927409.6, Avg: 576927409.6, Max: 576927409.6, Diff: 0.1]
   [Code Root Fixup: 0.0 ms]
   [Code Root Purge: 0.0 ms]
   [Clear CT: 0.8 ms]
   [Other: 2.4 ms]
      [Choose CSet: 0.0 ms]
      [Ref Proc: 1.4 ms]
      [Ref Enq: 0.1 ms]
      [Redirty Cards: 0.4 ms]
      [Humongous Register: 0.1 ms]
      [Humongous Reclaim: 0.0 ms]
      [Free CSet: 0.3 ms]
   [Eden: 6944.0M(6944.0M)->0.0B(5584.0M) Survivors: 224.0M->144.0M Heap: 10979.6M(14336.0M)->4128.9M(14336.0M)]
 [Times: user=0.54 sys=0.00, real=0.07 secs] 
2022-07-28T13:26:58.920-0700: 576990.425: [GC pause (G1 Evacuation Pause) (mixed), 0.0907181 secs]
   [Parallel Time: 84.7 ms, GC Workers: 8]
      [GC Worker Start (ms): Min: 576990425.0, Avg: 576990425.1, Max: 576990425.1, Diff: 0.1]
      [Ext Root Scanning (ms): Min: 1.1, Avg: 2.0, Max: 6.5, Diff: 5.3, Sum: 16.2]
      [Update RS (ms): Min: 8.0, Avg: 12.0, Max: 12.9, Diff: 4.8, Sum: 95.7]
         [Processed Buffers: Min: 27, Avg: 35.8, Max: 49, Diff: 22, Sum: 286]
      [Scan RS (ms): Min: 3.0, Avg: 3.2, Max: 3.4, Diff: 0.4, Sum: 25.8]
      [Code Root Scanning (ms): Min: 0.0, Avg: 0.0, Max: 0.1, Diff: 0.1, Sum: 0.2]
      [Object Copy (ms): Min: 66.7, Avg: 67.0, Max: 67.2, Diff: 0.5, Sum: 536.2]
      [Termination (ms): Min: 0.0, Avg: 0.1, Max: 0.1, Diff: 0.1, Sum: 0.5]
         [Termination Attempts: Min: 1, Avg: 6.0, Max: 11, Diff: 10, Sum: 48]
      [GC Worker Other (ms): Min: 0.0, Avg: 0.0, Max: 0.0, Diff: 0.0, Sum: 0.2]
      [GC Worker Total (ms): Min: 84.3, Avg: 84.3, Max: 84.4, Diff: 0.1, Sum: 674.8]
      [GC Worker End (ms): Min: 576990509.4, Avg: 576990509.4, Max: 576990509.4, Diff: 0.0]
   [Code Root Fixup: 0.0 ms]
   [Code Root Purge: 0.0 ms]
   [Clear CT: 0.8 ms]
   [Other: 5.2 ms]
      [Choose CSet: 0.1 ms]
      [Ref Proc: 4.2 ms]
      [Ref Enq: 0.1 ms]
      [Redirty Cards: 0.2 ms]
      [Humongous Register: 0.1 ms]
      [Humongous Reclaim: 0.0 ms]
      [Free CSet: 0.4 ms]
   [Eden: 5584.0M(5584.0M)->0.0B(6976.0M) Survivors: 144.0M->192.0M Heap: 9712.9M(14336.0M)->4008.0M(14336.0M)]
 [Times: user=0.68 sys=0.00, real=0.09 secs] 
2022-07-28T13:29:01.966-0700: 577113.471: [GC pause (G1 Evacuation Pause) (young), 0.0717124 secs]
   [Parallel Time: 68.4 ms, GC Workers: 8]
      [GC Worker Start (ms): Min: 577113471.0, Avg: 577113471.1, Max: 577113471.1, Diff: 0.1]
      [Ext Root Scanning (ms): Min: 1.4, Avg: 3.9, Max: 19.4, Diff: 17.9, Sum: 31.4]
      [Update RS (ms): Min: 4.8, Avg: 19.8, Max: 22.4, Diff: 17.6, Sum: 158.2]
         [Processed Buffers: Min: 13, Avg: 37.5, Max: 45, Diff: 32, Sum: 300]
      [Scan RS (ms): Min: 3.2, Avg: 3.5, Max: 3.6, Diff: 0.3, Sum: 28.0]
      [Code Root Scanning (ms): Min: 0.0, Avg: 0.0, Max: 0.0, Diff: 0.0, Sum: 0.1]
      [Object Copy (ms): Min: 40.5, Avg: 40.9, Max: 41.1, Diff: 0.6, Sum: 327.5]
      [Termination (ms): Min: 0.0, Avg: 0.0, Max: 0.0, Diff: 0.0, Sum: 0.0]
         [Termination Attempts: Min: 1, Avg: 4.2, Max: 7, Diff: 6, Sum: 34]
      [GC Worker Other (ms): Min: 0.0, Avg: 0.1, Max: 0.1, Diff: 0.1, Sum: 0.5]
      [GC Worker Total (ms): Min: 68.2, Avg: 68.2, Max: 68.3, Diff: 0.1, Sum: 545.7]
      [GC Worker End (ms): Min: 577113539.3, Avg: 577113539.3, Max: 577113539.3, Diff: 0.1]
   [Code Root Fixup: 0.0 ms]
   [Code Root Purge: 0.0 ms]
   [Clear CT: 0.9 ms]
   [Other: 2.4 ms]
      [Choose CSet: 0.0 ms]
      [Ref Proc: 1.5 ms]
      [Ref Enq: 0.1 ms]
      [Redirty Cards: 0.3 ms]
      [Humongous Register: 0.1 ms]
      [Humongous Reclaim: 0.0 ms]
      [Free CSet: 0.3 ms]
   [Eden: 6976.0M(6976.0M)->0.0B(7040.0M) Survivors: 192.0M->128.0M Heap: 10984.0M(14336.0M)->4128.0M(14336.0M)]
 [Times: user=0.55 sys=0.00, real=0.07 secs] 
2022-07-28T13:30:50.743-0700: 577222.248: [GC pause (G1 Evacuation Pause) (young) (initial-mark), 0.0562932 secs]
   [Parallel Time: 53.2 ms, GC Workers: 8]
      [GC Worker Start (ms): Min: 577222249.8, Avg: 577222249.9, Max: 577222249.9, Diff: 0.1]
      [Ext Root Scanning (ms): Min: 5.2, Avg: 5.4, Max: 5.6, Diff: 0.4, Sum: 43.5]
      [Update RS (ms): Min: 14.3, Avg: 14.4, Max: 14.7, Diff: 0.4, Sum: 115.3]
         [Processed Buffers: Min: 22, Avg: 29.5, Max: 35, Diff: 13, Sum: 236]
      [Scan RS (ms): Min: 11.2, Avg: 11.3, Max: 11.4, Diff: 0.2, Sum: 90.7]
      [Code Root Scanning (ms): Min: 0.0, Avg: 0.0, Max: 0.0, Diff: 0.0, Sum: 0.1]
      [Object Copy (ms): Min: 20.0, Avg: 20.2, Max: 20.4, Diff: 0.4, Sum: 161.5]
      [Termination (ms): Min: 0.0, Avg: 0.0, Max: 0.0, Diff: 0.0, Sum: 0.0]
         [Termination Attempts: Min: 1, Avg: 22.1, Max: 29, Diff: 28, Sum: 177]
      [GC Worker Other (ms): Min: 0.0, Avg: 0.1, Max: 0.1, Diff: 0.1, Sum: 0.4]
      [GC Worker Total (ms): Min: 51.4, Avg: 51.5, Max: 51.5, Diff: 0.1, Sum: 411.6]
      [GC Worker End (ms): Min: 577222301.3, Avg: 577222301.3, Max: 577222301.4, Diff: 0.1]
   [Code Root Fixup: 0.0 ms]
   [Code Root Purge: 0.0 ms]
   [Clear CT: 0.8 ms]
   [Other: 2.3 ms]
      [Choose CSet: 0.0 ms]
      [Ref Proc: 1.5 ms]
      [Ref Enq: 0.1 ms]
      [Redirty Cards: 0.2 ms]
      [Humongous Register: 0.0 ms]
      [Humongous Reclaim: 0.0 ms]
      [Free CSet: 0.3 ms]
   [Eden: 7040.0M(7040.0M)->0.0B(7056.0M) Survivors: 128.0M->112.0M Heap: 11168.0M(14336.0M)->4163.8M(14336.0M)]
 [Times: user=0.41 sys=0.00, real=0.05 secs] 
2022-07-28T13:30:50.800-0700: 577222.305: [GC concurrent-root-region-scan-start]
2022-07-28T13:30:50.833-0700: 577222.338: [GC concurrent-root-region-scan-end, 0.0334464 secs]
2022-07-28T13:30:50.833-0700: 577222.338: [GC concurrent-mark-start]
2022-07-28T13:30:53.508-0700: 577225.012: [GC concurrent-mark-end, 2.6743524 secs]
2022-07-28T13:30:53.508-0700: 577225.013: [GC remark 2022-07-28T13:30:53.508-0700: 577225.013: [Finalize Marking, 0.0004981 secs] 2022-07-28T13:30:53.509-0700: 577225.013: [GC ref-proc, 0.0084858 secs] 2022-07-28T13:30:53.517-0700: 577225.022: [Unloading, 0.0303814 secs], 0.0450869 secs]
 [Times: user=0.27 sys=0.00, real=0.04 secs] 
2022-07-28T13:30:53.554-0700: 577225.058: [GC cleanup 4395M->4331M(14336M), 0.0091602 secs]
 [Times: user=0.07 sys=0.00, real=0.02 secs] 
2022-07-28T13:30:53.563-0700: 577225.068: [GC concurrent-cleanup-start]
2022-07-28T13:30:53.563-0700: 577225.068: [GC concurrent-cleanup-end, 0.0000209 secs]
2022-07-28T13:32:47.867-0700: 577339.372: [GC pause (G1 Evacuation Pause) (young), 0.0346884 secs]
   [Parallel Time: 29.7 ms, GC Workers: 8]
      [GC Worker Start (ms): Min: 577339371.8, Avg: 577339371.9, Max: 577339371.9, Diff: 0.1]
      [Ext Root Scanning (ms): Min: 1.0, Avg: 1.8, Max: 5.4, Diff: 4.4, Sum: 14.0]
      [Update RS (ms): Min: 5.0, Avg: 8.4, Max: 9.1, Diff: 4.1, Sum: 67.6]
         [Processed Buffers: Min: 16, Avg: 25.2, Max: 32, Diff: 16, Sum: 202]
      [Scan RS (ms): Min: 0.1, Avg: 0.3, Max: 0.4, Diff: 0.3, Sum: 2.4]
      [Code Root Scanning (ms): Min: 0.0, Avg: 0.0, Max: 0.0, Diff: 0.0, Sum: 0.0]
      [Object Copy (ms): Min: 18.2, Avg: 18.5, Max: 18.9, Diff: 0.7, Sum: 148.0]
      [Termination (ms): Min: 0.0, Avg: 0.4, Max: 0.4, Diff: 0.4, Sum: 3.1]
         [Termination Attempts: Min: 1, Avg: 3.9, Max: 7, Diff: 6, Sum: 31]
      [GC Worker Other (ms): Min: 0.0, Avg: 0.0, Max: 0.0, Diff: 0.0, Sum: 0.1]
      [GC Worker Total (ms): Min: 29.3, Avg: 29.4, Max: 29.5, Diff: 0.2, Sum: 235.2]
      [GC Worker End (ms): Min: 577339401.3, Avg: 577339401.3, Max: 577339401.3, Diff: 0.0]
   [Code Root Fixup: 0.0 ms]
   [Code Root Purge: 0.0 ms]
   [Clear CT: 0.8 ms]
   [Other: 4.2 ms]
      [Choose CSet: 0.0 ms]
      [Ref Proc: 3.5 ms]
      [Ref Enq: 0.1 ms]
      [Redirty Cards: 0.1 ms]
      [Humongous Register: 0.0 ms]
      [Humongous Reclaim: 0.0 ms]
      [Free CSet: 0.3 ms]
   [Eden: 7056.0M(7056.0M)->0.0B(5680.0M) Survivors: 112.0M->49152.0K Heap: 11155.8M(14336.0M)->4110.5M(14336.0M)]
 [Times: user=0.22 sys=0.00, real=0.03 secs] 
2022-07-28T13:34:22.173-0700: 577433.678: [GC pause (G1 Evacuation Pause) (mixed), 0.0484772 secs]
   [Parallel Time: 43.5 ms, GC Workers: 8]
      [GC Worker Start (ms): Min: 577433678.1, Avg: 577433678.2, Max: 577433678.3, Diff: 0.2]
      [Ext Root Scanning (ms): Min: 0.8, Avg: 1.8, Max: 6.1, Diff: 5.3, Sum: 14.4]
      [Update RS (ms): Min: 1.7, Avg: 5.7, Max: 6.5, Diff: 4.8, Sum: 45.4]
         [Processed Buffers: Min: 12, Avg: 26.0, Max: 34, Diff: 22, Sum: 208]
      [Scan RS (ms): Min: 12.7, Avg: 12.8, Max: 12.9, Diff: 0.3, Sum: 102.7]
      [Code Root Scanning (ms): Min: 0.0, Avg: 0.0, Max: 0.1, Diff: 0.1, Sum: 0.2]
      [Object Copy (ms): Min: 22.4, Avg: 22.7, Max: 23.0, Diff: 0.6, Sum: 181.8]
      [Termination (ms): Min: 0.0, Avg: 0.1, Max: 0.1, Diff: 0.1, Sum: 0.8]
         [Termination Attempts: Min: 1, Avg: 1.2, Max: 2, Diff: 1, Sum: 10]
      [GC Worker Other (ms): Min: 0.0, Avg: 0.0, Max: 0.1, Diff: 0.1, Sum: 0.3]
      [GC Worker Total (ms): Min: 43.1, Avg: 43.2, Max: 43.3, Diff: 0.2, Sum: 345.6]
      [GC Worker End (ms): Min: 577433721.4, Avg: 577433721.4, Max: 577433721.5, Diff: 0.1]
   [Code Root Fixup: 0.0 ms]
   [Code Root Purge: 0.0 ms]
   [Clear CT: 0.9 ms]
   [Other: 4.1 ms]
      [Choose CSet: 0.1 ms]
      [Ref Proc: 2.8 ms]
      [Ref Enq: 0.1 ms]
      [Redirty Cards: 0.3 ms]
      [Humongous Register: 0.1 ms]
      [Humongous Reclaim: 0.0 ms]
      [Free CSet: 0.4 ms]
   [Eden: 5680.0M(5680.0M)->0.0B(7136.0M) Survivors: 49152.0K->32768.0K Heap: 9790.5M(14336.0M)->3685.7M(14336.0M)]
 [Times: user=0.35 sys=0.00, real=0.05 secs] 
2022-07-28T13:36:23.767-0700: 577555.272: [GC pause (G1 Evacuation Pause) (young), 0.0225363 secs]
   [Parallel Time: 19.5 ms, GC Workers: 8]
      [GC Worker Start (ms): Min: 577555271.8, Avg: 577555271.9, Max: 577555272.0, Diff: 0.2]
      [Ext Root Scanning (ms): Min: 1.2, Avg: 1.9, Max: 5.7, Diff: 4.6, Sum: 15.5]
      [Update RS (ms): Min: 8.2, Avg: 11.6, Max: 12.3, Diff: 4.1, Sum: 93.0]
         [Processed Buffers: Min: 25, Avg: 28.2, Max: 35, Diff: 10, Sum: 226]
      [Scan RS (ms): Min: 2.1, Avg: 2.4, Max: 3.2, Diff: 1.0, Sum: 19.3]
      [Code Root Scanning (ms): Min: 0.0, Avg: 0.0, Max: 0.0, Diff: 0.0, Sum: 0.0]
      [Object Copy (ms): Min: 2.6, Avg: 3.3, Max: 3.6, Diff: 1.0, Sum: 26.3]
      [Termination (ms): Min: 0.0, Avg: 0.0, Max: 0.0, Diff: 0.0, Sum: 0.0]
         [Termination Attempts: Min: 1, Avg: 5.4, Max: 7, Diff: 6, Sum: 43]
      [GC Worker Other (ms): Min: 0.0, Avg: 0.1, Max: 0.1, Diff: 0.1, Sum: 0.4]
      [GC Worker Total (ms): Min: 19.2, Avg: 19.3, Max: 19.5, Diff: 0.2, Sum: 154.6]
      [GC Worker End (ms): Min: 577555291.2, Avg: 577555291.2, Max: 577555291.2, Diff: 0.1]
   [Code Root Fixup: 0.0 ms]
   [Code Root Purge: 0.0 ms]
   [Clear CT: 0.8 ms]
   [Other: 2.2 ms]
      [Choose CSet: 0.0 ms]
      [Ref Proc: 1.4 ms]
      [Ref Enq: 0.1 ms]
      [Redirty Cards: 0.1 ms]
      [Humongous Register: 0.1 ms]
      [Humongous Reclaim: 0.0 ms]
      [Free CSet: 0.3 ms]
   [Eden: 7136.0M(7136.0M)->0.0B(7152.0M) Survivors: 32768.0K->16384.0K Heap: 10821.7M(14336.0M)->3740.8M(14336.0M)]
 [Times: user=0.17 sys=0.00, real=0.02 secs] 
2022-07-28T13:38:27.273-0700: 577678.778: [GC pause (G1 Evacuation Pause) (young) (initial-mark), 0.0218878 secs]
   [Parallel Time: 17.1 ms, GC Workers: 8]
      [GC Worker Start (ms): Min: 577678779.8, Avg: 577678779.9, Max: 577678780.0, Diff: 0.2]
      [Ext Root Scanning (ms): Min: 5.5, Avg: 5.7, Max: 5.8, Diff: 0.4, Sum: 45.2]
      [Update RS (ms): Min: 6.7, Avg: 6.9, Max: 7.3, Diff: 0.6, Sum: 55.2]
         [Processed Buffers: Min: 22, Avg: 26.9, Max: 29, Diff: 7, Sum: 215]
      [Scan RS (ms): Min: 0.0, Avg: 0.0, Max: 0.1, Diff: 0.1, Sum: 0.4]
      [Code Root Scanning (ms): Min: 0.0, Avg: 0.0, Max: 0.0, Diff: 0.0, Sum: 0.0]
      [Object Copy (ms): Min: 1.5, Avg: 1.8, Max: 2.1, Diff: 0.6, Sum: 14.8]
      [Termination (ms): Min: 0.0, Avg: 0.0, Max: 0.0, Diff: 0.0, Sum: 0.0]
         [Termination Attempts: Min: 1, Avg: 4.5, Max: 7, Diff: 6, Sum: 36]
      [GC Worker Other (ms): Min: 0.0, Avg: 0.1, Max: 0.2, Diff: 0.2, Sum: 0.6]
      [GC Worker Total (ms): Min: 14.4, Avg: 14.5, Max: 14.6, Diff: 0.2, Sum: 116.2]
      [GC Worker End (ms): Min: 577678794.4, Avg: 577678794.5, Max: 577678794.6, Diff: 0.2]
   [Code Root Fixup: 0.0 ms]
   [Code Root Purge: 0.0 ms]
   [Clear CT: 0.8 ms]
   [Other: 4.0 ms]
      [Choose CSet: 0.0 ms]
      [Ref Proc: 3.3 ms]
      [Ref Enq: 0.1 ms]
      [Redirty Cards: 0.1 ms]
      [Humongous Register: 0.0 ms]
      [Humongous Reclaim: 0.0 ms]
      [Free CSet: 0.3 ms]
   [Eden: 7152.0M(7152.0M)->0.0B(7152.0M) Survivors: 16384.0K->16384.0K Heap: 10892.8M(14336.0M)->3762.5M(14336.0M)]
 [Times: user=0.11 sys=0.01, real=0.03 secs] 
2022-07-28T13:38:27.295-0700: 577678.800: [GC concurrent-root-region-scan-start]
2022-07-28T13:38:27.304-0700: 577678.808: [GC concurrent-root-region-scan-end, 0.0087395 secs]
2022-07-28T13:38:27.304-0700: 577678.808: [GC concurrent-mark-start]
2022-07-28T13:38:29.996-0700: 577681.500: [GC concurrent-mark-end, 2.6920601 secs]
2022-07-28T13:38:29.996-0700: 577681.501: [GC remark 2022-07-28T13:38:29.996-0700: 577681.501: [Finalize Marking, 0.0003866 secs] 2022-07-28T13:38:29.997-0700: 577681.501: [GC ref-proc, 0.0111064 secs] 2022-07-28T13:38:30.008-0700: 577681.512: [Unloading, 0.0296753 secs], 0.0471626 secs]
 [Times: user=0.27 sys=0.00, real=0.05 secs] 
2022-07-28T13:38:30.044-0700: 577681.548: [GC cleanup 3970M->3970M(14336M), 0.0092167 secs]
 [Times: user=0.07 sys=0.00, real=0.00 secs] 
2022-07-28T13:40:32.417-0700: 577803.921: [GC pause (G1 Evacuation Pause) (young), 0.0108301 secs]
   [Parallel Time: 7.2 ms, GC Workers: 8]
      [GC Worker Start (ms): Min: 577803921.5, Avg: 577803921.6, Max: 577803921.7, Diff: 0.1]
      [Ext Root Scanning (ms): Min: 1.5, Avg: 2.7, Max: 5.2, Diff: 3.8, Sum: 21.7]
      [Update RS (ms): Min: 0.0, Avg: 1.7, Max: 4.4, Diff: 4.4, Sum: 13.8]
         [Processed Buffers: Min: 0, Avg: 5.1, Max: 12, Diff: 12, Sum: 41]
      [Scan RS (ms): Min: 0.0, Avg: 0.0, Max: 0.2, Diff: 0.1, Sum: 0.4]
      [Code Root Scanning (ms): Min: 0.0, Avg: 0.0, Max: 0.0, Diff: 0.0, Sum: 0.0]
      [Object Copy (ms): Min: 0.0, Avg: 2.0, Max: 2.7, Diff: 2.7, Sum: 15.8]
      [Termination (ms): Min: 0.0, Avg: 0.5, Max: 0.6, Diff: 0.6, Sum: 3.9]
         [Termination Attempts: Min: 1, Avg: 29.8, Max: 50, Diff: 49, Sum: 238]
      [GC Worker Other (ms): Min: 0.0, Avg: 0.0, Max: 0.0, Diff: 0.0, Sum: 0.1]
      [GC Worker Total (ms): Min: 6.9, Avg: 7.0, Max: 7.0, Diff: 0.1, Sum: 55.6]
      [GC Worker End (ms): Min: 577803928.5, Avg: 577803928.5, Max: 577803928.5, Diff: 0.0]
   [Code Root Fixup: 0.0 ms]
   [Code Root Purge: 0.0 ms]
   [Clear CT: 0.7 ms]
   [Other: 2.9 ms]
      [Choose CSet: 0.0 ms]
      [Ref Proc: 2.2 ms]
      [Ref Enq: 0.1 ms]
      [Redirty Cards: 0.1 ms]
      [Humongous Register: 0.1 ms]
      [Humongous Reclaim: 0.0 ms]
      [Free CSet: 0.3 ms]
   [Eden: 7152.0M(7152.0M)->0.0B(5712.0M) Survivors: 16384.0K->16384.0K Heap: 10914.5M(14336.0M)->3762.5M(14336.0M)]
 [Times: user=0.06 sys=0.00, real=0.01 secs] 
2022-07-28T13:42:11.820-0700: 577903.325: [GC pause (G1 Evacuation Pause) (mixed), 0.0394066 secs]
   [Parallel Time: 34.2 ms, GC Workers: 8]
      [GC Worker Start (ms): Min: 577903325.3, Avg: 577903325.4, Max: 577903325.5, Diff: 0.2]
      [Ext Root Scanning (ms): Min: 1.0, Avg: 2.0, Max: 6.9, Diff: 5.8, Sum: 16.2]
      [Update RS (ms): Min: 0.0, Avg: 1.5, Max: 2.4, Diff: 2.4, Sum: 12.3]
         [Processed Buffers: Min: 0, Avg: 5.9, Max: 13, Diff: 13, Sum: 47]
      [Scan RS (ms): Min: 8.2, Avg: 10.9, Max: 11.6, Diff: 3.5, Sum: 87.1]
      [Code Root Scanning (ms): Min: 0.0, Avg: 0.2, Max: 1.4, Diff: 1.4, Sum: 1.4]
      [Object Copy (ms): Min: 18.9, Avg: 19.2, Max: 19.3, Diff: 0.5, Sum: 153.3]
      [Termination (ms): Min: 0.0, Avg: 0.0, Max: 0.0, Diff: 0.0, Sum: 0.0]
         [Termination Attempts: Min: 1, Avg: 4.4, Max: 6, Diff: 5, Sum: 35]
      [GC Worker Other (ms): Min: 0.0, Avg: 0.1, Max: 0.1, Diff: 0.1, Sum: 0.4]
      [GC Worker Total (ms): Min: 33.8, Avg: 33.9, Max: 33.9, Diff: 0.2, Sum: 270.8]
      [GC Worker End (ms): Min: 577903359.2, Avg: 577903359.2, Max: 577903359.3, Diff: 0.1]
   [Code Root Fixup: 0.0 ms]
   [Code Root Purge: 0.0 ms]
   [Clear CT: 1.0 ms]
   [Other: 4.1 ms]
      [Choose CSet: 0.1 ms]
      [Ref Proc: 3.2 ms]
      [Ref Enq: 0.1 ms]
      [Redirty Cards: 0.2 ms]
      [Humongous Register: 0.1 ms]
      [Humongous Reclaim: 0.0 ms]
      [Free CSet: 0.3 ms]
   [Eden: 5712.0M(5712.0M)->0.0B(7152.0M) Survivors: 16384.0K->16384.0K Heap: 9474.5M(14336.0M)->3589.9M(14336.0M)]
 [Times: user=0.29 sys=0.00, real=0.04 secs] 
2022-07-28T13:44:12.419-0700: 578023.924: [GC pause (G1 Evacuation Pause) (young), 0.0195187 secs]
   [Parallel Time: 14.9 ms, GC Workers: 8]
      [GC Worker Start (ms): Min: 578023923.9, Avg: 578023924.0, Max: 578023924.1, Diff: 0.2]
      [Ext Root Scanning (ms): Min: 1.3, Avg: 2.0, Max: 5.4, Diff: 4.1, Sum: 16.3]
      [Update RS (ms): Min: 7.6, Avg: 10.4, Max: 11.4, Diff: 3.8, Sum: 83.4]
         [Processed Buffers: Min: 22, Avg: 27.5, Max: 32, Diff: 10, Sum: 220]
      [Scan RS (ms): Min: 0.0, Avg: 0.1, Max: 0.3, Diff: 0.3, Sum: 1.1]
      [Code Root Scanning (ms): Min: 0.0, Avg: 0.0, Max: 0.0, Diff: 0.0, Sum: 0.0]
      [Object Copy (ms): Min: 1.7, Avg: 2.0, Max: 2.2, Diff: 0.5, Sum: 16.1]
      [Termination (ms): Min: 0.0, Avg: 0.0, Max: 0.0, Diff: 0.0, Sum: 0.0]
         [Termination Attempts: Min: 6, Avg: 9.4, Max: 12, Diff: 6, Sum: 75]
      [GC Worker Other (ms): Min: 0.0, Avg: 0.1, Max: 0.1, Diff: 0.1, Sum: 0.5]
      [GC Worker Total (ms): Min: 14.6, Avg: 14.7, Max: 14.8, Diff: 0.2, Sum: 117.5]
      [GC Worker End (ms): Min: 578023938.7, Avg: 578023938.7, Max: 578023938.8, Diff: 0.1]
   [Code Root Fixup: 0.0 ms]
   [Code Root Purge: 0.0 ms]
   [Clear CT: 0.8 ms]
   [Other: 3.8 ms]
      [Choose CSet: 0.0 ms]
      [Ref Proc: 3.2 ms]
      [Ref Enq: 0.1 ms]
      [Redirty Cards: 0.1 ms]
      [Humongous Register: 0.1 ms]
      [Humongous Reclaim: 0.0 ms]
      [Free CSet: 0.3 ms]
   [Eden: 7152.0M(7152.0M)->0.0B(7152.0M) Survivors: 16384.0K->16384.0K Heap: 10741.9M(14336.0M)->3654.4M(14336.0M)]
 [Times: user=0.12 sys=0.01, real=0.02 secs] 
2022-07-28T13:46:18.817-0700: 578150.322: [GC pause (G1 Evacuation Pause) (young) (initial-mark), 0.0178950 secs]
   [Parallel Time: 12.6 ms, GC Workers: 8]
      [GC Worker Start (ms): Min: 578150323.9, Avg: 578150324.1, Max: 578150324.2, Diff: 0.2]
      [Ext Root Scanning (ms): Min: 5.5, Avg: 5.9, Max: 6.4, Diff: 1.0, Sum: 46.8]
      [Update RS (ms): Min: 1.4, Avg: 1.6, Max: 2.1, Diff: 0.7, Sum: 12.7]
         [Processed Buffers: Min: 3, Avg: 5.5, Max: 15, Diff: 12, Sum: 44]
      [Scan RS (ms): Min: 0.0, Avg: 0.1, Max: 0.1, Diff: 0.1, Sum: 0.4]
      [Code Root Scanning (ms): Min: 0.0, Avg: 0.0, Max: 0.0, Diff: 0.0, Sum: 0.0]
      [Object Copy (ms): Min: 2.0, Avg: 2.3, Max: 2.8, Diff: 0.8, Sum: 18.8]
      [Termination (ms): Min: 0.0, Avg: 0.0, Max: 0.0, Diff: 0.0, Sum: 0.0]
         [Termination Attempts: Min: 1, Avg: 1.5, Max: 3, Diff: 2, Sum: 12]
      [GC Worker Other (ms): Min: 0.0, Avg: 0.1, Max: 0.2, Diff: 0.1, Sum: 0.6]
      [GC Worker Total (ms): Min: 9.8, Avg: 9.9, Max: 10.1, Diff: 0.3, Sum: 79.3]
      [GC Worker End (ms): Min: 578150333.9, Avg: 578150334.0, Max: 578150334.1, Diff: 0.1]
   [Code Root Fixup: 0.0 ms]
   [Code Root Purge: 0.0 ms]
   [Clear CT: 0.7 ms]
   [Other: 4.5 ms]
      [Choose CSet: 0.0 ms]
      [Ref Proc: 3.8 ms]
      [Ref Enq: 0.1 ms]
      [Redirty Cards: 0.1 ms]
      [Humongous Register: 0.0 ms]
      [Humongous Reclaim: 0.0 ms]
      [Free CSet: 0.3 ms]
   [Eden: 7152.0M(7152.0M)->0.0B(7152.0M) Survivors: 16384.0K->16384.0K Heap: 10806.4M(14336.0M)->3663.4M(14336.0M)]
 [Times: user=0.08 sys=0.02, real=0.02 secs] 
2022-07-28T13:46:18.835-0700: 578150.340: [GC concurrent-root-region-scan-start]
2022-07-28T13:46:18.848-0700: 578150.352: [GC concurrent-root-region-scan-end, 0.0126273 secs]
2022-07-28T13:46:18.848-0700: 578150.352: [GC concurrent-mark-start]
2022-07-28T13:46:21.498-0700: 578153.002: [GC concurrent-mark-end, 2.6501215 secs]
2022-07-28T13:46:21.498-0700: 578153.003: [GC remark 2022-07-28T13:46:21.498-0700: 578153.003: [Finalize Marking, 0.0003137 secs] 2022-07-28T13:46:21.498-0700: 578153.003: [GC ref-proc, 0.0068119 secs] 2022-07-28T13:46:21.505-0700: 578153.010: [Unloading, 0.0276975 secs], 0.0405498 secs]
 [Times: user=0.26 sys=0.00, real=0.04 secs] 
2022-07-28T13:46:21.539-0700: 578153.044: [GC cleanup 3881M->3881M(14336M), 0.0086867 secs]
 [Times: user=0.06 sys=0.00, real=0.01 secs] 
2022-07-28T13:48:19.123-0700: 578270.628: [GC pause (G1 Evacuation Pause) (young), 0.0096171 secs]
   [Parallel Time: 5.9 ms, GC Workers: 8]
      [GC Worker Start (ms): Min: 578270628.2, Avg: 578270628.3, Max: 578270628.3, Diff: 0.2]
      [Ext Root Scanning (ms): Min: 1.2, Avg: 1.9, Max: 5.5, Diff: 4.3, Sum: 15.6]
      [Update RS (ms): Min: 0.0, Avg: 1.7, Max: 2.2, Diff: 2.2, Sum: 13.4]
         [Processed Buffers: Min: 0, Avg: 6.2, Max: 11, Diff: 11, Sum: 50]
      [Scan RS (ms): Min: 0.0, Avg: 0.1, Max: 0.2, Diff: 0.2, Sum: 0.4]
      [Code Root Scanning (ms): Min: 0.0, Avg: 0.0, Max: 0.0, Diff: 0.0, Sum: 0.0]
      [Object Copy (ms): Min: 0.2, Avg: 2.0, Max: 2.4, Diff: 2.2, Sum: 15.8]
      [Termination (ms): Min: 0.0, Avg: 0.0, Max: 0.0, Diff: 0.0, Sum: 0.0]
         [Termination Attempts: Min: 1, Avg: 1.4, Max: 2, Diff: 1, Sum: 11]
      [GC Worker Other (ms): Min: 0.0, Avg: 0.0, Max: 0.1, Diff: 0.1, Sum: 0.4]
      [GC Worker Total (ms): Min: 5.6, Avg: 5.7, Max: 5.8, Diff: 0.2, Sum: 45.7]
      [GC Worker End (ms): Min: 578270633.9, Avg: 578270634.0, Max: 578270634.0, Diff: 0.1]
   [Code Root Fixup: 0.0 ms]
   [Code Root Purge: 0.0 ms]
   [Clear CT: 0.7 ms]
   [Other: 3.0 ms]
      [Choose CSet: 0.0 ms]
      [Ref Proc: 2.3 ms]
      [Ref Enq: 0.1 ms]
      [Redirty Cards: 0.1 ms]
      [Humongous Register: 0.1 ms]
      [Humongous Reclaim: 0.0 ms]
      [Free CSet: 0.3 ms]
   [Eden: 7152.0M(7152.0M)->0.0B(5712.0M) Survivors: 16384.0K->16384.0K Heap: 10815.4M(14336.0M)->3670.6M(14336.0M)]
 [Times: user=0.05 sys=0.00, real=0.00 secs] 
2022-07-28T13:49:55.763-0700: 578367.268: [GC pause (G1 Evacuation Pause) (mixed), 0.0182941 secs]
   [Parallel Time: 15.3 ms, GC Workers: 8]
      [GC Worker Start (ms): Min: 578367268.0, Avg: 578367268.1, Max: 578367268.1, Diff: 0.1]
      [Ext Root Scanning (ms): Min: 1.6, Avg: 2.5, Max: 7.1, Diff: 5.5, Sum: 20.0]
      [Update RS (ms): Min: 0.0, Avg: 1.8, Max: 2.7, Diff: 2.7, Sum: 14.7]
         [Processed Buffers: Min: 0, Avg: 4.9, Max: 10, Diff: 10, Sum: 39]
      [Scan RS (ms): Min: 0.0, Avg: 1.3, Max: 1.7, Diff: 1.7, Sum: 10.4]
      [Code Root Scanning (ms): Min: 0.0, Avg: 0.0, Max: 0.0, Diff: 0.0, Sum: 0.1]
      [Object Copy (ms): Min: 8.1, Avg: 9.5, Max: 9.8, Diff: 1.7, Sum: 75.8]
      [Termination (ms): Min: 0.0, Avg: 0.0, Max: 0.0, Diff: 0.0, Sum: 0.0]
         [Termination Attempts: Min: 1, Avg: 4.2, Max: 8, Diff: 7, Sum: 34]
      [GC Worker Other (ms): Min: 0.0, Avg: 0.1, Max: 0.1, Diff: 0.1, Sum: 0.5]
      [GC Worker Total (ms): Min: 15.1, Avg: 15.2, Max: 15.2, Diff: 0.1, Sum: 121.5]
      [GC Worker End (ms): Min: 578367283.2, Avg: 578367283.3, Max: 578367283.3, Diff: 0.1]
   [Code Root Fixup: 0.0 ms]
   [Code Root Purge: 0.0 ms]
   [Clear CT: 0.8 ms]
   [Other: 2.2 ms]
      [Choose CSet: 0.0 ms]
      [Ref Proc: 1.5 ms]
      [Ref Enq: 0.1 ms]
      [Redirty Cards: 0.1 ms]
      [Humongous Register: 0.1 ms]
      [Humongous Reclaim: 0.0 ms]
      [Free CSet: 0.3 ms]
   [Eden: 5712.0M(5712.0M)->0.0B(7152.0M) Survivors: 16384.0K->16384.0K Heap: 9382.6M(14336.0M)->3588.2M(14336.0M)]
 [Times: user=0.12 sys=0.01, real=0.01 secs] 
2022-07-28T13:51:58.567-0700: 578490.072: [GC pause (G1 Evacuation Pause) (young), 0.0171230 secs]
   [Parallel Time: 14.0 ms, GC Workers: 8]
      [GC Worker Start (ms): Min: 578490071.8, Avg: 578490071.8, Max: 578490071.9, Diff: 0.1]
      [Ext Root Scanning (ms): Min: 1.1, Avg: 1.8, Max: 5.4, Diff: 4.3, Sum: 14.4]
      [Update RS (ms): Min: 3.4, Avg: 6.8, Max: 7.9, Diff: 4.5, Sum: 54.5]
         [Processed Buffers: Min: 14, Avg: 19.8, Max: 25, Diff: 11, Sum: 158]
      [Scan RS (ms): Min: 0.0, Avg: 0.0, Max: 0.1, Diff: 0.1, Sum: 0.3]
      [Code Root Scanning (ms): Min: 0.0, Avg: 0.0, Max: 0.0, Diff: 0.0, Sum: 0.0]
      [Object Copy (ms): Min: 2.9, Avg: 4.4, Max: 5.3, Diff: 2.4, Sum: 34.9]
      [Termination (ms): Min: 0.0, Avg: 0.8, Max: 2.1, Diff: 2.1, Sum: 6.6]
         [Termination Attempts: Min: 1, Avg: 1.0, Max: 1, Diff: 0, Sum: 8]
      [GC Worker Other (ms): Min: 0.0, Avg: 0.0, Max: 0.1, Diff: 0.0, Sum: 0.2]
      [GC Worker Total (ms): Min: 13.8, Avg: 13.9, Max: 13.9, Diff: 0.1, Sum: 110.9]
      [GC Worker End (ms): Min: 578490085.7, Avg: 578490085.7, Max: 578490085.7, Diff: 0.0]
   [Code Root Fixup: 0.0 ms]
   [Code Root Purge: 0.0 ms]
   [Clear CT: 0.7 ms]
   [Other: 2.3 ms]
      [Choose CSet: 0.0 ms]
      [Ref Proc: 1.7 ms]
      [Ref Enq: 0.1 ms]
      [Redirty Cards: 0.1 ms]
      [Humongous Register: 0.0 ms]
      [Humongous Reclaim: 0.0 ms]
      [Free CSet: 0.3 ms]
   [Eden: 7152.0M(7152.0M)->0.0B(7152.0M) Survivors: 16384.0K->16384.0K Heap: 10740.2M(14336.0M)->3612.5M(14336.0M)]
 [Times: user=0.10 sys=0.00, real=0.02 secs] 
2022-07-28T13:53:59.865-0700: 578611.369: [GC pause (G1 Evacuation Pause) (young) (initial-mark), 0.0168962 secs]
   [Parallel Time: 12.1 ms, GC Workers: 8]
      [GC Worker Start (ms): Min: 578611371.2, Avg: 578611371.3, Max: 578611371.3, Diff: 0.1]
      [Ext Root Scanning (ms): Min: 5.5, Avg: 5.7, Max: 5.9, Diff: 0.4, Sum: 45.5]
      [Update RS (ms): Min: 1.8, Avg: 2.1, Max: 2.6, Diff: 0.8, Sum: 16.7]
         [Processed Buffers: Min: 4, Avg: 6.6, Max: 10, Diff: 6, Sum: 53]
      [Scan RS (ms): Min: 0.0, Avg: 0.1, Max: 0.1, Diff: 0.1, Sum: 0.4]
      [Code Root Scanning (ms): Min: 0.0, Avg: 0.0, Max: 0.0, Diff: 0.0, Sum: 0.0]
      [Object Copy (ms): Min: 1.8, Avg: 2.2, Max: 2.5, Diff: 0.7, Sum: 17.6]
      [Termination (ms): Min: 0.0, Avg: 0.0, Max: 0.0, Diff: 0.0, Sum: 0.0]
         [Termination Attempts: Min: 2, Avg: 2.5, Max: 3, Diff: 1, Sum: 20]
      [GC Worker Other (ms): Min: 0.0, Avg: 0.1, Max: 0.1, Diff: 0.1, Sum: 0.5]
      [GC Worker Total (ms): Min: 10.0, Avg: 10.1, Max: 10.2, Diff: 0.2, Sum: 80.7]
      [GC Worker End (ms): Min: 578611381.3, Avg: 578611381.4, Max: 578611381.4, Diff: 0.1]
   [Code Root Fixup: 0.0 ms]
   [Code Root Purge: 0.0 ms]
   [Clear CT: 0.8 ms]
   [Other: 4.1 ms]
      [Choose CSet: 0.0 ms]
      [Ref Proc: 3.4 ms]
      [Ref Enq: 0.1 ms]
      [Redirty Cards: 0.1 ms]
      [Humongous Register: 0.0 ms]
      [Humongous Reclaim: 0.0 ms]
      [Free CSet: 0.3 ms]
   [Eden: 7152.0M(7152.0M)->0.0B(7152.0M) Survivors: 16384.0K->16384.0K Heap: 10764.5M(14336.0M)->3619.8M(14336.0M)]
 [Times: user=0.08 sys=0.01, real=0.01 secs] 
2022-07-28T13:53:59.882-0700: 578611.386: [GC concurrent-root-region-scan-start]
2022-07-28T13:53:59.892-0700: 578611.397: [GC concurrent-root-region-scan-end, 0.0103425 secs]
2022-07-28T13:53:59.892-0700: 578611.397: [GC concurrent-mark-start]
2022-07-28T13:54:02.603-0700: 578614.107: [GC concurrent-mark-end, 2.7107582 secs]
2022-07-28T13:54:02.603-0700: 578614.108: [GC remark 2022-07-28T13:54:02.603-0700: 578614.108: [Finalize Marking, 0.0003791 secs] 2022-07-28T13:54:02.603-0700: 578614.108: [GC ref-proc, 0.0088307 secs] 2022-07-28T13:54:02.612-0700: 578614.117: [Unloading, 0.0282465 secs], 0.0432009 secs]
 [Times: user=0.26 sys=0.00, real=0.04 secs] 
2022-07-28T13:54:02.647-0700: 578614.151: [GC cleanup 3835M->3835M(14336M), 0.0083040 secs]
 [Times: user=0.06 sys=0.00, real=0.01 secs] 
2022-07-28T13:56:01.120-0700: 578732.625: [GC pause (G1 Evacuation Pause) (young), 0.0093631 secs]
   [Parallel Time: 6.1 ms, GC Workers: 8]
      [GC Worker Start (ms): Min: 578732625.4, Avg: 578732625.5, Max: 578732625.6, Diff: 0.2]
      [Ext Root Scanning (ms): Min: 0.9, Avg: 1.7, Max: 5.8, Diff: 4.8, Sum: 13.8]
      [Update RS (ms): Min: 0.0, Avg: 1.6, Max: 2.5, Diff: 2.5, Sum: 12.4]
         [Processed Buffers: Min: 0, Avg: 5.6, Max: 10, Diff: 10, Sum: 45]
      [Scan RS (ms): Min: 0.0, Avg: 0.1, Max: 0.1, Diff: 0.1, Sum: 0.4]
      [Code Root Scanning (ms): Min: 0.0, Avg: 0.0, Max: 0.0, Diff: 0.0, Sum: 0.0]
      [Object Copy (ms): Min: 0.0, Avg: 1.9, Max: 2.4, Diff: 2.4, Sum: 15.6]
      [Termination (ms): Min: 0.0, Avg: 0.4, Max: 0.5, Diff: 0.5, Sum: 3.5]
         [Termination Attempts: Min: 1, Avg: 2.1, Max: 4, Diff: 3, Sum: 17]
      [GC Worker Other (ms): Min: 0.0, Avg: 0.0, Max: 0.1, Diff: 0.0, Sum: 0.2]
      [GC Worker Total (ms): Min: 5.7, Avg: 5.8, Max: 5.8, Diff: 0.2, Sum: 46.0]
      [GC Worker End (ms): Min: 578732631.2, Avg: 578732631.2, Max: 578732631.3, Diff: 0.0]
   [Code Root Fixup: 0.0 ms]
   [Code Root Purge: 0.0 ms]
   [Clear CT: 0.7 ms]
   [Other: 2.6 ms]
      [Choose CSet: 0.0 ms]
      [Ref Proc: 2.0 ms]
      [Ref Enq: 0.1 ms]
      [Redirty Cards: 0.1 ms]
      [Humongous Register: 0.1 ms]
      [Humongous Reclaim: 0.0 ms]
      [Free CSet: 0.3 ms]
   [Eden: 7152.0M(7152.0M)->0.0B(5712.0M) Survivors: 16384.0K->16384.0K Heap: 10771.8M(14336.0M)->3619.5M(14336.0M)]
 [Times: user=0.05 sys=0.00, real=0.01 secs] 
2022-07-28T13:57:38.073-0700: 578829.578: [GC pause (G1 Evacuation Pause) (mixed), 0.0153793 secs]
   [Parallel Time: 10.2 ms, GC Workers: 8]
      [GC Worker Start (ms): Min: 578829578.2, Avg: 578829578.3, Max: 578829578.3, Diff: 0.1]
      [Ext Root Scanning (ms): Min: 1.2, Avg: 2.2, Max: 7.1, Diff: 5.9, Sum: 17.6]
      [Update RS (ms): Min: 0.0, Avg: 1.6, Max: 2.4, Diff: 2.4, Sum: 12.4]
         [Processed Buffers: Min: 0, Avg: 6.1, Max: 10, Diff: 10, Sum: 49]
      [Scan RS (ms): Min: 0.0, Avg: 0.8, Max: 1.1, Diff: 1.0, Sum: 6.5]
      [Code Root Scanning (ms): Min: 0.0, Avg: 0.0, Max: 0.0, Diff: 0.0, Sum: 0.1]
      [Object Copy (ms): Min: 2.7, Avg: 5.3, Max: 5.8, Diff: 3.0, Sum: 42.3]
      [Termination (ms): Min: 0.0, Avg: 0.0, Max: 0.0, Diff: 0.0, Sum: 0.0]
         [Termination Attempts: Min: 1, Avg: 12.2, Max: 18, Diff: 17, Sum: 98]
      [GC Worker Other (ms): Min: 0.0, Avg: 0.1, Max: 0.2, Diff: 0.1, Sum: 0.6]
      [GC Worker Total (ms): Min: 9.9, Avg: 9.9, Max: 10.0, Diff: 0.1, Sum: 79.4]
      [GC Worker End (ms): Min: 578829588.2, Avg: 578829588.2, Max: 578829588.3, Diff: 0.1]
   [Code Root Fixup: 0.0 ms]
   [Code Root Purge: 0.0 ms]
   [Clear CT: 0.7 ms]
   [Other: 4.4 ms]
      [Choose CSet: 0.0 ms]
      [Ref Proc: 3.8 ms]
      [Ref Enq: 0.1 ms]
      [Redirty Cards: 0.1 ms]
      [Humongous Register: 0.1 ms]
      [Humongous Reclaim: 0.0 ms]
      [Free CSet: 0.2 ms]
   [Eden: 5712.0M(5712.0M)->0.0B(7152.0M) Survivors: 16384.0K->16384.0K Heap: 9331.5M(14336.0M)->3589.8M(14336.0M)]
 [Times: user=0.09 sys=0.00, real=0.02 secs] 
2022-07-28T13:59:39.261-0700: 578950.766: [GC pause (G1 Evacuation Pause) (young), 0.0147954 secs]
   [Parallel Time: 10.2 ms, GC Workers: 8]
      [GC Worker Start (ms): Min: 578950765.9, Avg: 578950765.9, Max: 578950766.0, Diff: 0.1]
      [Ext Root Scanning (ms): Min: 1.3, Avg: 2.1, Max: 6.0, Diff: 4.7, Sum: 16.6]
      [Update RS (ms): Min: 1.9, Avg: 5.4, Max: 6.7, Diff: 4.8, Sum: 43.1]
         [Processed Buffers: Min: 5, Avg: 12.1, Max: 18, Diff: 13, Sum: 97]
      [Scan RS (ms): Min: 0.0, Avg: 0.1, Max: 0.1, Diff: 0.1, Sum: 0.4]
      [Code Root Scanning (ms): Min: 0.0, Avg: 0.0, Max: 0.0, Diff: 0.0, Sum: 0.0]
      [Object Copy (ms): Min: 1.8, Avg: 2.3, Max: 2.6, Diff: 0.8, Sum: 18.8]
      [Termination (ms): Min: 0.0, Avg: 0.1, Max: 0.1, Diff: 0.1, Sum: 0.6]
         [Termination Attempts: Min: 30, Avg: 36.6, Max: 45, Diff: 15, Sum: 293]
      [GC Worker Other (ms): Min: 0.0, Avg: 0.0, Max: 0.1, Diff: 0.1, Sum: 0.3]
      [GC Worker Total (ms): Min: 9.9, Avg: 10.0, Max: 10.0, Diff: 0.1, Sum: 79.8]
      [GC Worker End (ms): Min: 578950775.9, Avg: 578950775.9, Max: 578950775.9, Diff: 0.0]
   [Code Root Fixup: 0.0 ms]
   [Code Root Purge: 0.0 ms]
   [Clear CT: 0.7 ms]
   [Other: 3.9 ms]
      [Choose CSet: 0.0 ms]
      [Ref Proc: 3.2 ms]
      [Ref Enq: 0.1 ms]
      [Redirty Cards: 0.1 ms]
      [Humongous Register: 0.1 ms]
      [Humongous Reclaim: 0.0 ms]
      [Free CSet: 0.3 ms]
   [Eden: 7152.0M(7152.0M)->0.0B(7152.0M) Survivors: 16384.0K->16384.0K Heap: 10741.8M(14336.0M)->3606.6M(14336.0M)]
 [Times: user=0.09 sys=0.00, real=0.02 secs] 
2022-07-28T14:01:41.313-0700: 579072.817: [GC pause (G1 Evacuation Pause) (young) (initial-mark), 0.0179782 secs]
   [Parallel Time: 12.5 ms, GC Workers: 8]
      [GC Worker Start (ms): Min: 579072819.8, Avg: 579072820.0, Max: 579072820.1, Diff: 0.2]
      [Ext Root Scanning (ms): Min: 6.1, Avg: 6.4, Max: 6.7, Diff: 0.5, Sum: 51.3]
      [Update RS (ms): Min: 1.4, Avg: 1.6, Max: 1.9, Diff: 0.5, Sum: 12.5]
         [Processed Buffers: Min: 3, Avg: 5.8, Max: 12, Diff: 9, Sum: 46]
      [Scan RS (ms): Min: 0.0, Avg: 0.0, Max: 0.1, Diff: 0.1, Sum: 0.4]
      [Code Root Scanning (ms): Min: 0.0, Avg: 0.0, Max: 0.0, Diff: 0.0, Sum: 0.0]
      [Object Copy (ms): Min: 1.8, Avg: 2.0, Max: 2.3, Diff: 0.5, Sum: 15.9]
      [Termination (ms): Min: 0.0, Avg: 0.0, Max: 0.0, Diff: 0.0, Sum: 0.1]
         [Termination Attempts: Min: 33, Avg: 35.4, Max: 40, Diff: 7, Sum: 283]
      [GC Worker Other (ms): Min: 0.0, Avg: 0.1, Max: 0.1, Diff: 0.1, Sum: 0.5]
      [GC Worker Total (ms): Min: 10.0, Avg: 10.1, Max: 10.2, Diff: 0.2, Sum: 80.8]
      [GC Worker End (ms): Min: 579072830.0, Avg: 579072830.1, Max: 579072830.1, Diff: 0.1]
   [Code Root Fixup: 0.0 ms]
   [Code Root Purge: 0.0 ms]
   [Clear CT: 0.8 ms]
   [Other: 4.7 ms]
      [Choose CSet: 0.0 ms]
      [Ref Proc: 3.8 ms]
      [Ref Enq: 0.1 ms]
      [Redirty Cards: 0.1 ms]
      [Humongous Register: 0.0 ms]
      [Humongous Reclaim: 0.0 ms]
      [Free CSet: 0.3 ms]
   [Eden: 7152.0M(7152.0M)->0.0B(7152.0M) Survivors: 16384.0K->16384.0K Heap: 10758.6M(14336.0M)->3606.3M(14336.0M)]
 [Times: user=0.08 sys=0.00, real=0.02 secs] 
2022-07-28T14:01:41.331-0700: 579072.836: [GC concurrent-root-region-scan-start]
2022-07-28T14:01:41.340-0700: 579072.845: [GC concurrent-root-region-scan-end, 0.0095652 secs]
2022-07-28T14:01:41.340-0700: 579072.845: [GC concurrent-mark-start]
2022-07-28T14:01:44.000-0700: 579075.504: [GC concurrent-mark-end, 2.6592554 secs]
2022-07-28T14:01:44.000-0700: 579075.505: [GC remark 2022-07-28T14:01:44.000-0700: 579075.505: [Finalize Marking, 0.0003726 secs] 2022-07-28T14:01:44.000-0700: 579075.505: [GC ref-proc, 0.0085108 secs] 2022-07-28T14:01:44.009-0700: 579075.514: [Unloading, 0.0275592 secs], 0.0421923 secs]
 [Times: user=0.26 sys=0.00, real=0.04 secs] 
2022-07-28T14:01:44.043-0700: 579075.547: [GC cleanup 3770M->3770M(14336M), 0.0086833 secs]
 [Times: user=0.06 sys=0.00, real=0.01 secs] 
2022-07-28T14:03:43.477-0700: 579194.981: [GC pause (G1 Evacuation Pause) (young), 0.0112225 secs]
   [Parallel Time: 5.6 ms, GC Workers: 8]
      [GC Worker Start (ms): Min: 579194981.6, Avg: 579194981.7, Max: 579194981.8, Diff: 0.2]
      [Ext Root Scanning (ms): Min: 0.9, Avg: 1.6, Max: 5.3, Diff: 4.4, Sum: 12.8]
      [Update RS (ms): Min: 0.0, Avg: 1.5, Max: 2.2, Diff: 2.2, Sum: 12.4]
         [Processed Buffers: Min: 0, Avg: 6.1, Max: 12, Diff: 12, Sum: 49]
      [Scan RS (ms): Min: 0.0, Avg: 0.0, Max: 0.1, Diff: 0.1, Sum: 0.4]
      [Code Root Scanning (ms): Min: 0.0, Avg: 0.0, Max: 0.0, Diff: 0.0, Sum: 0.0]
      [Object Copy (ms): Min: 0.0, Avg: 1.7, Max: 2.0, Diff: 2.0, Sum: 13.5]
      [Termination (ms): Min: 0.0, Avg: 0.3, Max: 0.4, Diff: 0.4, Sum: 2.8]
         [Termination Attempts: Min: 1, Avg: 7.9, Max: 14, Diff: 13, Sum: 63]
      [GC Worker Other (ms): Min: 0.0, Avg: 0.0, Max: 0.1, Diff: 0.0, Sum: 0.3]
      [GC Worker Total (ms): Min: 5.2, Avg: 5.3, Max: 5.3, Diff: 0.1, Sum: 42.2]
      [GC Worker End (ms): Min: 579194987.0, Avg: 579194987.0, Max: 579194987.0, Diff: 0.1]
   [Code Root Fixup: 0.0 ms]
   [Code Root Purge: 0.0 ms]
   [Clear CT: 0.7 ms]
   [Other: 5.0 ms]
      [Choose CSet: 0.0 ms]
      [Ref Proc: 4.3 ms]
      [Ref Enq: 0.1 ms]
      [Redirty Cards: 0.1 ms]
      [Humongous Register: 0.1 ms]
      [Humongous Reclaim: 0.0 ms]
      [Free CSet: 0.3 ms]
   [Eden: 7152.0M(7152.0M)->0.0B(5712.0M) Survivors: 16384.0K->16384.0K Heap: 10758.3M(14336.0M)->3610.3M(14336.0M)]
 [Times: user=0.06 sys=0.00, real=0.01 secs] 
2022-07-28T14:05:21.910-0700: 579293.414: [GC pause (G1 Evacuation Pause) (mixed), 0.0156918 secs]
   [Parallel Time: 11.8 ms, GC Workers: 8]
      [GC Worker Start (ms): Min: 579293414.6, Avg: 579293414.7, Max: 579293414.8, Diff: 0.2]
      [Ext Root Scanning (ms): Min: 1.2, Avg: 2.1, Max: 7.1, Diff: 5.9, Sum: 16.9]
      [Update RS (ms): Min: 0.0, Avg: 1.9, Max: 3.2, Diff: 3.2, Sum: 15.2]
         [Processed Buffers: Min: 0, Avg: 4.5, Max: 14, Diff: 14, Sum: 36]
      [Scan RS (ms): Min: 0.0, Avg: 1.3, Max: 1.7, Diff: 1.7, Sum: 10.2]
      [Code Root Scanning (ms): Min: 0.0, Avg: 0.0, Max: 0.0, Diff: 0.0, Sum: 0.1]
      [Object Copy (ms): Min: 4.3, Avg: 6.1, Max: 6.4, Diff: 2.1, Sum: 48.4]
      [Termination (ms): Min: 0.0, Avg: 0.0, Max: 0.0, Diff: 0.0, Sum: 0.0]
         [Termination Attempts: Min: 1, Avg: 1.0, Max: 1, Diff: 0, Sum: 8]
      [GC Worker Other (ms): Min: 0.0, Avg: 0.1, Max: 0.1, Diff: 0.1, Sum: 0.5]
      [GC Worker Total (ms): Min: 11.4, Avg: 11.4, Max: 11.5, Diff: 0.1, Sum: 91.2]
      [GC Worker End (ms): Min: 579293426.1, Avg: 579293426.1, Max: 579293426.1, Diff: 0.1]
   [Code Root Fixup: 0.0 ms]
   [Code Root Purge: 0.0 ms]
   [Clear CT: 0.6 ms]
   [Other: 3.3 ms]
      [Choose CSet: 0.0 ms]
      [Ref Proc: 2.6 ms]
      [Ref Enq: 0.1 ms]
      [Redirty Cards: 0.1 ms]
      [Humongous Register: 0.1 ms]
      [Humongous Reclaim: 0.0 ms]
      [Free CSet: 0.2 ms]
   [Eden: 5712.0M(5712.0M)->0.0B(7152.0M) Survivors: 16384.0K->16384.0K Heap: 9322.3M(14336.0M)->3593.4M(14336.0M)]
 [Times: user=0.10 sys=0.00, real=0.02 secs] 
2022-07-28T14:07:23.616-0700: 579415.121: [GC pause (G1 Evacuation Pause) (young), 0.0143324 secs]
   [Parallel Time: 9.1 ms, GC Workers: 8]
      [GC Worker Start (ms): Min: 579415120.9, Avg: 579415121.0, Max: 579415121.1, Diff: 0.1]
      [Ext Root Scanning (ms): Min: 1.0, Avg: 1.7, Max: 5.4, Diff: 4.4, Sum: 13.4]
      [Update RS (ms): Min: 1.7, Avg: 5.1, Max: 6.3, Diff: 4.7, Sum: 40.7]
         [Processed Buffers: Min: 10, Avg: 13.1, Max: 16, Diff: 6, Sum: 105]
      [Scan RS (ms): Min: 0.0, Avg: 0.0, Max: 0.1, Diff: 0.1, Sum: 0.4]
      [Code Root Scanning (ms): Min: 0.0, Avg: 0.0, Max: 0.0, Diff: 0.0, Sum: 0.0]
      [Object Copy (ms): Min: 1.5, Avg: 2.1, Max: 3.2, Diff: 1.7, Sum: 16.5]
      [Termination (ms): Min: 0.0, Avg: 0.0, Max: 0.0, Diff: 0.0, Sum: 0.1]
         [Termination Attempts: Min: 25, Avg: 33.6, Max: 45, Diff: 20, Sum: 269]
      [GC Worker Other (ms): Min: 0.0, Avg: 0.1, Max: 0.1, Diff: 0.1, Sum: 0.4]
      [GC Worker Total (ms): Min: 8.8, Avg: 8.9, Max: 9.1, Diff: 0.3, Sum: 71.5]
      [GC Worker End (ms): Min: 579415129.9, Avg: 579415129.9, Max: 579415130.0, Diff: 0.1]
   [Code Root Fixup: 0.0 ms]
   [Code Root Purge: 0.0 ms]
   [Clear CT: 0.7 ms]
   [Other: 4.5 ms]
      [Choose CSet: 0.0 ms]
      [Ref Proc: 3.8 ms]
      [Ref Enq: 0.1 ms]
      [Redirty Cards: 0.1 ms]
      [Humongous Register: 0.1 ms]
      [Humongous Reclaim: 0.0 ms]
      [Free CSet: 0.3 ms]
   [Eden: 7152.0M(7152.0M)->0.0B(7152.0M) Survivors: 16384.0K->16384.0K Heap: 10745.4M(14336.0M)->3608.8M(14336.0M)]
 [Times: user=0.08 sys=0.00, real=0.01 secs] 
2022-07-28T14:09:21.119-0700: 579532.624: [GC pause (GCLocker Initiated GC) (young) (initial-mark), 0.0180058 secs]
   [Parallel Time: 13.0 ms, GC Workers: 8]
      [GC Worker Start (ms): Min: 579532626.4, Avg: 579532626.5, Max: 579532626.6, Diff: 0.2]
      [Ext Root Scanning (ms): Min: 5.7, Avg: 5.9, Max: 6.2, Diff: 0.5, Sum: 47.2]
      [Update RS (ms): Min: 1.3, Avg: 1.5, Max: 2.0, Diff: 0.7, Sum: 12.4]
         [Processed Buffers: Min: 3, Avg: 5.2, Max: 9, Diff: 6, Sum: 42]
      [Scan RS (ms): Min: 0.0, Avg: 0.1, Max: 0.1, Diff: 0.1, Sum: 0.4]
      [Code Root Scanning (ms): Min: 0.0, Avg: 0.0, Max: 0.0, Diff: 0.0, Sum: 0.0]
      [Object Copy (ms): Min: 2.6, Avg: 3.0, Max: 3.3, Diff: 0.7, Sum: 24.1]
      [Termination (ms): Min: 0.0, Avg: 0.0, Max: 0.0, Diff: 0.0, Sum: 0.0]
         [Termination Attempts: Min: 1, Avg: 4.0, Max: 6, Diff: 5, Sum: 32]
      [GC Worker Other (ms): Min: 0.0, Avg: 0.1, Max: 0.1, Diff: 0.1, Sum: 0.4]
      [GC Worker Total (ms): Min: 10.5, Avg: 10.6, Max: 10.7, Diff: 0.3, Sum: 84.5]
      [GC Worker End (ms): Min: 579532637.0, Avg: 579532637.1, Max: 579532637.1, Diff: 0.1]
   [Code Root Fixup: 0.0 ms]
   [Code Root Purge: 0.0 ms]
   [Clear CT: 0.7 ms]
   [Other: 4.3 ms]
      [Choose CSet: 0.0 ms]
      [Ref Proc: 3.6 ms]
      [Ref Enq: 0.1 ms]
      [Redirty Cards: 0.1 ms]
      [Humongous Register: 0.0 ms]
      [Humongous Reclaim: 0.0 ms]
      [Free CSet: 0.3 ms]
   [Eden: 7152.0M(7152.0M)->0.0B(7152.0M) Survivors: 16384.0K->16384.0K Heap: 10760.8M(14336.0M)->3618.9M(14336.0M)]
 [Times: user=0.09 sys=0.00, real=0.02 secs] 
2022-07-28T14:09:21.138-0700: 579532.642: [GC concurrent-root-region-scan-start]
2022-07-28T14:09:21.149-0700: 579532.654: [GC concurrent-root-region-scan-end, 0.0113355 secs]
2022-07-28T14:09:21.149-0700: 579532.654: [GC concurrent-mark-start]
2022-07-28T14:09:23.846-0700: 579535.350: [GC concurrent-mark-end, 2.6967551 secs]
2022-07-28T14:09:23.846-0700: 579535.351: [GC remark 2022-07-28T14:09:23.846-0700: 579535.351: [Finalize Marking, 0.0002199 secs] 2022-07-28T14:09:23.846-0700: 579535.351: [GC ref-proc, 0.0052718 secs] 2022-07-28T14:09:23.852-0700: 579535.356: [Unloading, 0.0271405 secs], 0.0382878 secs]
 [Times: user=0.25 sys=0.00, real=0.04 secs] 
2022-07-28T14:09:23.885-0700: 579535.389: [GC cleanup 3778M->3778M(14336M), 0.0088281 secs]
 [Times: user=0.06 sys=0.00, real=0.00 secs] 
2022-07-28T14:11:22.564-0700: 579654.069: [GC pause (G1 Evacuation Pause) (young), 0.0090915 secs]
   [Parallel Time: 6.1 ms, GC Workers: 8]
      [GC Worker Start (ms): Min: 579654069.3, Avg: 579654069.4, Max: 579654069.4, Diff: 0.1]
      [Ext Root Scanning (ms): Min: 0.9, Avg: 1.6, Max: 5.8, Diff: 5.0, Sum: 13.1]
      [Update RS (ms): Min: 0.0, Avg: 1.5, Max: 2.3, Diff: 2.3, Sum: 12.3]
         [Processed Buffers: Min: 0, Avg: 5.4, Max: 10, Diff: 10, Sum: 43]
      [Scan RS (ms): Min: 0.0, Avg: 0.0, Max: 0.1, Diff: 0.1, Sum: 0.4]
      [Code Root Scanning (ms): Min: 0.0, Avg: 0.0, Max: 0.0, Diff: 0.0, Sum: 0.0]
      [Object Copy (ms): Min: 0.0, Avg: 2.6, Max: 3.1, Diff: 3.1, Sum: 20.8]
      [Termination (ms): Min: 0.0, Avg: 0.0, Max: 0.0, Diff: 0.0, Sum: 0.0]
         [Termination Attempts: Min: 1, Avg: 1.5, Max: 2, Diff: 1, Sum: 12]
      [GC Worker Other (ms): Min: 0.0, Avg: 0.0, Max: 0.1, Diff: 0.1, Sum: 0.4]
      [GC Worker Total (ms): Min: 5.8, Avg: 5.9, Max: 6.0, Diff: 0.2, Sum: 47.0]
      [GC Worker End (ms): Min: 579654075.2, Avg: 579654075.2, Max: 579654075.3, Diff: 0.1]
   [Code Root Fixup: 0.0 ms]
   [Code Root Purge: 0.0 ms]
   [Clear CT: 0.7 ms]
   [Other: 2.3 ms]
      [Choose CSet: 0.0 ms]
      [Ref Proc: 1.6 ms]
      [Ref Enq: 0.1 ms]
      [Redirty Cards: 0.1 ms]
      [Humongous Register: 0.0 ms]
      [Humongous Reclaim: 0.0 ms]
      [Free CSet: 0.3 ms]
   [Eden: 7152.0M(7152.0M)->0.0B(5712.0M) Survivors: 16384.0K->16384.0K Heap: 10770.9M(14336.0M)->3625.7M(14336.0M)]
 [Times: user=0.05 sys=0.01, real=0.02 secs] 
2022-07-28T14:13:00.314-0700: 579751.818: [GC pause (GCLocker Initiated GC) (mixed), 0.0170591 secs]
   [Parallel Time: 14.1 ms, GC Workers: 8]
      [GC Worker Start (ms): Min: 579751818.6, Avg: 579751818.6, Max: 579751818.7, Diff: 0.1]
      [Ext Root Scanning (ms): Min: 0.9, Avg: 1.9, Max: 7.0, Diff: 6.1, Sum: 15.2]
      [Update RS (ms): Min: 0.0, Avg: 2.0, Max: 3.1, Diff: 3.1, Sum: 16.3]
         [Processed Buffers: Min: 0, Avg: 9.0, Max: 17, Diff: 17, Sum: 72]
      [Scan RS (ms): Min: 0.0, Avg: 0.7, Max: 0.9, Diff: 0.8, Sum: 5.2]
      [Code Root Scanning (ms): Min: 0.0, Avg: 0.0, Max: 0.0, Diff: 0.0, Sum: 0.1]
      [Object Copy (ms): Min: 6.8, Avg: 9.2, Max: 9.6, Diff: 2.8, Sum: 73.7]
      [Termination (ms): Min: 0.0, Avg: 0.0, Max: 0.0, Diff: 0.0, Sum: 0.1]
         [Termination Attempts: Min: 33, Avg: 36.1, Max: 39, Diff: 6, Sum: 289]
      [GC Worker Other (ms): Min: 0.0, Avg: 0.1, Max: 0.1, Diff: 0.1, Sum: 0.6]
      [GC Worker Total (ms): Min: 13.8, Avg: 13.9, Max: 14.0, Diff: 0.2, Sum: 111.1]
      [GC Worker End (ms): Min: 579751832.5, Avg: 579751832.5, Max: 579751832.6, Diff: 0.1]
   [Code Root Fixup: 0.0 ms]
   [Code Root Purge: 0.0 ms]
   [Clear CT: 0.8 ms]
   [Other: 2.2 ms]
      [Choose CSet: 0.0 ms]
      [Ref Proc: 1.5 ms]
      [Ref Enq: 0.1 ms]
      [Redirty Cards: 0.1 ms]
      [Humongous Register: 0.1 ms]
      [Humongous Reclaim: 0.0 ms]
      [Free CSet: 0.3 ms]
   [Eden: 5728.0M(5712.0M)->0.0B(7152.0M) Survivors: 16384.0K->16384.0K Heap: 9344.9M(14336.0M)->3609.6M(14336.0M)]
 [Times: user=0.12 sys=0.00, real=0.02 secs] 
2022-07-28T14:15:02.168-0700: 579873.672: [GC pause (G1 Evacuation Pause) (young), 0.0148507 secs]
   [Parallel Time: 11.4 ms, GC Workers: 8]
      [GC Worker Start (ms): Min: 579873672.6, Avg: 579873672.6, Max: 579873672.7, Diff: 0.1]
      [Ext Root Scanning (ms): Min: 1.1, Avg: 1.8, Max: 5.0, Diff: 3.9, Sum: 14.1]
      [Update RS (ms): Min: 4.7, Avg: 7.3, Max: 8.0, Diff: 3.3, Sum: 58.0]
         [Processed Buffers: Min: 11, Avg: 21.5, Max: 29, Diff: 18, Sum: 172]
      [Scan RS (ms): Min: 0.0, Avg: 0.0, Max: 0.1, Diff: 0.1, Sum: 0.4]
      [Code Root Scanning (ms): Min: 0.0, Avg: 0.0, Max: 0.0, Diff: 0.0, Sum: 0.0]
      [Object Copy (ms): Min: 1.5, Avg: 2.1, Max: 2.3, Diff: 0.9, Sum: 16.9]
      [Termination (ms): Min: 0.0, Avg: 0.0, Max: 0.0, Diff: 0.0, Sum: 0.0]
         [Termination Attempts: Min: 1, Avg: 1.5, Max: 2, Diff: 1, Sum: 12]
      [GC Worker Other (ms): Min: 0.0, Avg: 0.1, Max: 0.1, Diff: 0.1, Sum: 0.4]
      [GC Worker Total (ms): Min: 11.2, Avg: 11.2, Max: 11.3, Diff: 0.1, Sum: 89.9]
      [GC Worker End (ms): Min: 579873683.8, Avg: 579873683.9, Max: 579873683.9, Diff: 0.1]
   [Code Root Fixup: 0.0 ms]
   [Code Root Purge: 0.0 ms]
   [Clear CT: 0.7 ms]
   [Other: 2.7 ms]
      [Choose CSet: 0.0 ms]
      [Ref Proc: 2.1 ms]
      [Ref Enq: 0.1 ms]
      [Redirty Cards: 0.1 ms]
      [Humongous Register: 0.1 ms]
      [Humongous Reclaim: 0.0 ms]
      [Free CSet: 0.3 ms]
   [Eden: 7152.0M(7152.0M)->0.0B(7152.0M) Survivors: 16384.0K->16384.0K Heap: 10761.6M(14336.0M)->3625.3M(14336.0M)]
 [Times: user=0.10 sys=0.00, real=0.02 secs] 
2022-07-28T14:17:01.797-0700: 579993.302: [GC pause (G1 Evacuation Pause) (young) (initial-mark), 0.0183624 secs]
   [Parallel Time: 13.2 ms, GC Workers: 8]
      [GC Worker Start (ms): Min: 579993304.2, Avg: 579993304.2, Max: 579993304.3, Diff: 0.2]
      [Ext Root Scanning (ms): Min: 5.9, Avg: 6.3, Max: 6.9, Diff: 1.0, Sum: 50.6]
      [Update RS (ms): Min: 1.7, Avg: 2.0, Max: 2.4, Diff: 0.7, Sum: 15.7]
         [Processed Buffers: Min: 3, Avg: 6.2, Max: 11, Diff: 8, Sum: 50]
      [Scan RS (ms): Min: 0.0, Avg: 0.0, Max: 0.1, Diff: 0.1, Sum: 0.4]
      [Code Root Scanning (ms): Min: 0.0, Avg: 0.0, Max: 0.0, Diff: 0.0, Sum: 0.0]
      [Object Copy (ms): Min: 1.8, Avg: 2.2, Max: 2.8, Diff: 1.0, Sum: 17.9]
      [Termination (ms): Min: 0.0, Avg: 0.0, Max: 0.0, Diff: 0.0, Sum: 0.0]
         [Termination Attempts: Min: 1, Avg: 1.2, Max: 2, Diff: 1, Sum: 10]
      [GC Worker Other (ms): Min: 0.0, Avg: 0.1, Max: 0.2, Diff: 0.2, Sum: 0.6]
      [GC Worker Total (ms): Min: 10.5, Avg: 10.6, Max: 10.8, Diff: 0.3, Sum: 85.2]
      [GC Worker End (ms): Min: 579993314.8, Avg: 579993314.9, Max: 579993315.0, Diff: 0.2]
   [Code Root Fixup: 0.0 ms]
   [Code Root Purge: 0.0 ms]
   [Clear CT: 0.8 ms]
   [Other: 4.4 ms]
      [Choose CSet: 0.0 ms]
      [Ref Proc: 3.7 ms]
      [Ref Enq: 0.1 ms]
      [Redirty Cards: 0.1 ms]
      [Humongous Register: 0.0 ms]
      [Humongous Reclaim: 0.0 ms]
      [Free CSet: 0.3 ms]
   [Eden: 7152.0M(7152.0M)->0.0B(7152.0M) Survivors: 16384.0K->16384.0K Heap: 10777.3M(14336.0M)->3626.4M(14336.0M)]
 [Times: user=0.09 sys=0.00, real=0.02 secs] 
2022-07-28T14:17:01.816-0700: 579993.320: [GC concurrent-root-region-scan-start]
2022-07-28T14:17:01.825-0700: 579993.329: [GC concurrent-root-region-scan-end, 0.0091810 secs]
2022-07-28T14:17:01.825-0700: 579993.329: [GC concurrent-mark-start]
2022-07-28T14:17:04.509-0700: 579996.014: [GC concurrent-mark-end, 2.6841949 secs]
2022-07-28T14:17:04.509-0700: 579996.014: [GC remark 2022-07-28T14:17:04.509-0700: 579996.014: [Finalize Marking, 0.0002460 secs] 2022-07-28T14:17:04.510-0700: 579996.014: [GC ref-proc, 0.0086720 secs] 2022-07-28T14:17:04.518-0700: 579996.023: [Unloading, 0.0284320 secs], 0.0431039 secs]
 [Times: user=0.26 sys=0.00, real=0.04 secs] 
2022-07-28T14:17:04.553-0700: 579996.058: [GC cleanup 3774M->3774M(14336M), 0.0095158 secs]
 [Times: user=0.07 sys=0.00, real=0.01 secs] 
2022-07-28T14:19:03.720-0700: 580115.225: [GC pause (G1 Evacuation Pause) (young), 0.0111275 secs]
   [Parallel Time: 5.7 ms, GC Workers: 8]
      [GC Worker Start (ms): Min: 580115225.1, Avg: 580115225.2, Max: 580115225.2, Diff: 0.1]
      [Ext Root Scanning (ms): Min: 1.1, Avg: 1.9, Max: 5.5, Diff: 4.4, Sum: 14.9]
      [Update RS (ms): Min: 0.0, Avg: 1.5, Max: 2.3, Diff: 2.3, Sum: 11.6]
         [Processed Buffers: Min: 0, Avg: 5.4, Max: 11, Diff: 11, Sum: 43]
      [Scan RS (ms): Min: 0.0, Avg: 0.1, Max: 0.1, Diff: 0.1, Sum: 0.4]
      [Code Root Scanning (ms): Min: 0.0, Avg: 0.0, Max: 0.0, Diff: 0.0, Sum: 0.0]
      [Object Copy (ms): Min: 0.0, Avg: 2.0, Max: 2.5, Diff: 2.5, Sum: 15.9]
      [Termination (ms): Min: 0.0, Avg: 0.1, Max: 0.1, Diff: 0.1, Sum: 0.7]
         [Termination Attempts: Min: 1, Avg: 8.6, Max: 12, Diff: 11, Sum: 69]
      [GC Worker Other (ms): Min: 0.0, Avg: 0.0, Max: 0.1, Diff: 0.1, Sum: 0.3]
      [GC Worker Total (ms): Min: 5.4, Avg: 5.5, Max: 5.5, Diff: 0.1, Sum: 43.8]
      [GC Worker End (ms): Min: 580115230.6, Avg: 580115230.6, Max: 580115230.7, Diff: 0.1]
   [Code Root Fixup: 0.0 ms]
   [Code Root Purge: 0.0 ms]
   [Clear CT: 0.8 ms]
   [Other: 4.7 ms]
      [Choose CSet: 0.0 ms]
      [Ref Proc: 3.9 ms]
      [Ref Enq: 0.1 ms]
      [Redirty Cards: 0.1 ms]
      [Humongous Register: 0.1 ms]
      [Humongous Reclaim: 0.0 ms]
      [Free CSet: 0.3 ms]
   [Eden: 7152.0M(7152.0M)->0.0B(5712.0M) Survivors: 16384.0K->16384.0K Heap: 10778.4M(14336.0M)->3630.5M(14336.0M)]
 [Times: user=0.05 sys=0.02, real=0.01 secs] 
2022-07-28T14:20:41.834-0700: 580213.339: [GC pause (G1 Evacuation Pause) (mixed), 0.0344575 secs]
   [Parallel Time: 29.6 ms, GC Workers: 8]
      [GC Worker Start (ms): Min: 580213339.1, Avg: 580213339.2, Max: 580213339.2, Diff: 0.1]
      [Ext Root Scanning (ms): Min: 1.2, Avg: 2.9, Max: 7.9, Diff: 6.7, Sum: 23.3]
      [Update RS (ms): Min: 0.0, Avg: 1.3, Max: 1.9, Diff: 1.9, Sum: 10.1]
         [Processed Buffers: Min: 0, Avg: 5.2, Max: 12, Diff: 12, Sum: 42]
      [Scan RS (ms): Min: 0.0, Avg: 0.7, Max: 1.1, Diff: 1.0, Sum: 5.4]
      [Code Root Scanning (ms): Min: 0.0, Avg: 0.0, Max: 0.0, Diff: 0.0, Sum: 0.0]
      [Object Copy (ms): Min: 21.4, Avg: 24.5, Max: 25.4, Diff: 4.0, Sum: 195.8]
      [Termination (ms): Min: 0.0, Avg: 0.0, Max: 0.0, Diff: 0.0, Sum: 0.0]
         [Termination Attempts: Min: 3, Avg: 5.5, Max: 8, Diff: 5, Sum: 44]
      [GC Worker Other (ms): Min: 0.0, Avg: 0.0, Max: 0.1, Diff: 0.1, Sum: 0.4]
      [GC Worker Total (ms): Min: 29.3, Avg: 29.4, Max: 29.5, Diff: 0.2, Sum: 235.0]
      [GC Worker End (ms): Min: 580213368.5, Avg: 580213368.5, Max: 580213368.6, Diff: 0.1]
   [Code Root Fixup: 0.0 ms]
   [Code Root Purge: 0.0 ms]
   [Clear CT: 0.8 ms]
   [Other: 4.1 ms]
      [Choose CSet: 0.0 ms]
      [Ref Proc: 3.3 ms]
      [Ref Enq: 0.1 ms]
      [Redirty Cards: 0.2 ms]
      [Humongous Register: 0.1 ms]
      [Humongous Reclaim: 0.0 ms]
      [Free CSet: 0.3 ms]
   [Eden: 5712.0M(5712.0M)->0.0B(7152.0M) Survivors: 16384.0K->16384.0K Heap: 9342.5M(14336.0M)->3599.8M(14336.0M)]
 [Times: user=0.12 sys=0.01, real=0.04 secs] 
2022-07-28T14:22:44.320-0700: 580335.824: [GC pause (G1 Evacuation Pause) (young), 0.0157313 secs]
   [Parallel Time: 11.8 ms, GC Workers: 8]
      [GC Worker Start (ms): Min: 580335824.6, Avg: 580335824.6, Max: 580335824.7, Diff: 0.1]
      [Ext Root Scanning (ms): Min: 1.0, Avg: 1.7, Max: 5.0, Diff: 4.0, Sum: 13.5]
      [Update RS (ms): Min: 4.6, Avg: 7.7, Max: 8.9, Diff: 4.3, Sum: 62.0]
         [Processed Buffers: Min: 12, Avg: 21.8, Max: 29, Diff: 17, Sum: 174]
      [Scan RS (ms): Min: 0.0, Avg: 0.1, Max: 0.1, Diff: 0.1, Sum: 0.4]
      [Code Root Scanning (ms): Min: 0.0, Avg: 0.0, Max: 0.0, Diff: 0.0, Sum: 0.0]
      [Object Copy (ms): Min: 1.4, Avg: 1.9, Max: 2.1, Diff: 0.7, Sum: 15.2]
      [Termination (ms): Min: 0.0, Avg: 0.0, Max: 0.0, Diff: 0.0, Sum: 0.2]
         [Termination Attempts: Min: 29, Avg: 35.9, Max: 40, Diff: 11, Sum: 287]
      [GC Worker Other (ms): Min: 0.0, Avg: 0.0, Max: 0.1, Diff: 0.1, Sum: 0.3]
      [GC Worker Total (ms): Min: 11.4, Avg: 11.4, Max: 11.5, Diff: 0.1, Sum: 91.6]
      [GC Worker End (ms): Min: 580335836.1, Avg: 580335836.1, Max: 580335836.1, Diff: 0.1]
   [Code Root Fixup: 0.0 ms]
   [Code Root Purge: 0.0 ms]
   [Clear CT: 0.7 ms]
   [Other: 3.2 ms]
      [Choose CSet: 0.0 ms]
      [Ref Proc: 2.6 ms]
      [Ref Enq: 0.1 ms]
      [Redirty Cards: 0.1 ms]
      [Humongous Register: 0.1 ms]
      [Humongous Reclaim: 0.0 ms]
      [Free CSet: 0.3 ms]
   [Eden: 7152.0M(7152.0M)->0.0B(7152.0M) Survivors: 16384.0K->16384.0K Heap: 10751.8M(14336.0M)->3615.3M(14336.0M)]
 [Times: user=0.10 sys=0.00, real=0.02 secs] 
2022-07-28T14:24:46.070-0700: 580457.575: [GC pause (G1 Evacuation Pause) (young) (initial-mark), 0.0151503 secs]
   [Parallel Time: 12.0 ms, GC Workers: 8]
      [GC Worker Start (ms): Min: 580457576.9, Avg: 580457577.0, Max: 580457577.1, Diff: 0.1]
      [Ext Root Scanning (ms): Min: 5.6, Avg: 5.7, Max: 5.9, Diff: 0.3, Sum: 45.9]
      [Update RS (ms): Min: 1.3, Avg: 1.5, Max: 2.0, Diff: 0.7, Sum: 12.1]
         [Processed Buffers: Min: 2, Avg: 4.9, Max: 12, Diff: 10, Sum: 39]
      [Scan RS (ms): Min: 0.0, Avg: 0.0, Max: 0.1, Diff: 0.1, Sum: 0.4]
      [Code Root Scanning (ms): Min: 0.0, Avg: 0.0, Max: 0.0, Diff: 0.0, Sum: 0.0]
      [Object Copy (ms): Min: 1.6, Avg: 2.2, Max: 2.4, Diff: 0.8, Sum: 17.3]
      [Termination (ms): Min: 0.0, Avg: 0.0, Max: 0.0, Diff: 0.0, Sum: 0.0]
         [Termination Attempts: Min: 1, Avg: 6.8, Max: 10, Diff: 9, Sum: 54]
      [GC Worker Other (ms): Min: 0.0, Avg: 0.1, Max: 0.2, Diff: 0.1, Sum: 0.7]
      [GC Worker Total (ms): Min: 9.5, Avg: 9.6, Max: 9.6, Diff: 0.2, Sum: 76.4]
      [GC Worker End (ms): Min: 580457586.5, Avg: 580457586.6, Max: 580457586.6, Diff: 0.2]
   [Code Root Fixup: 0.0 ms]
   [Code Root Purge: 0.0 ms]
   [Clear CT: 0.8 ms]
   [Other: 2.4 ms]
      [Choose CSet: 0.0 ms]
      [Ref Proc: 1.7 ms]
      [Ref Enq: 0.1 ms]
      [Redirty Cards: 0.1 ms]
      [Humongous Register: 0.0 ms]
      [Humongous Reclaim: 0.0 ms]
      [Free CSet: 0.3 ms]
   [Eden: 7152.0M(7152.0M)->0.0B(7152.0M) Survivors: 16384.0K->16384.0K Heap: 10767.3M(14336.0M)->3619.8M(14336.0M)]
 [Times: user=0.07 sys=0.01, real=0.02 secs] 
2022-07-28T14:24:46.085-0700: 580457.590: [GC concurrent-root-region-scan-start]
2022-07-28T14:24:46.095-0700: 580457.600: [GC concurrent-root-region-scan-end, 0.0097116 secs]
2022-07-28T14:24:46.095-0700: 580457.600: [GC concurrent-mark-start]
2022-07-28T14:24:48.806-0700: 580460.311: [GC concurrent-mark-end, 2.7110346 secs]
2022-07-28T14:24:48.806-0700: 580460.311: [GC remark 2022-07-28T14:24:48.807-0700: 580460.311: [Finalize Marking, 0.0003082 secs] 2022-07-28T14:24:48.807-0700: 580460.312: [GC ref-proc, 0.0082376 secs] 2022-07-28T14:24:48.815-0700: 580460.320: [Unloading, 0.0275545 secs], 0.0418510 secs]
 [Times: user=0.26 sys=0.00, real=0.04 secs] 
2022-07-28T14:24:48.849-0700: 580460.353: [GC cleanup 3835M->3835M(14336M), 0.0089657 secs]
 [Times: user=0.06 sys=0.00, real=0.01 secs] 
2022-07-28T14:26:46.725-0700: 580578.230: [GC pause (G1 Evacuation Pause) (young), 0.0111183 secs]
   [Parallel Time: 6.2 ms, GC Workers: 8]
      [GC Worker Start (ms): Min: 580578230.3, Avg: 580578230.4, Max: 580578230.4, Diff: 0.1]
      [Ext Root Scanning (ms): Min: 1.2, Avg: 1.9, Max: 5.4, Diff: 4.2, Sum: 15.4]
      [Update RS (ms): Min: 0.0, Avg: 1.5, Max: 1.9, Diff: 1.9, Sum: 11.9]
         [Processed Buffers: Min: 0, Avg: 5.0, Max: 11, Diff: 11, Sum: 40]
      [Scan RS (ms): Min: 0.0, Avg: 0.1, Max: 0.1, Diff: 0.1, Sum: 0.4]
      [Code Root Scanning (ms): Min: 0.0, Avg: 0.0, Max: 0.0, Diff: 0.0, Sum: 0.0]
      [Object Copy (ms): Min: 0.3, Avg: 2.2, Max: 2.7, Diff: 2.4, Sum: 17.6]
      [Termination (ms): Min: 0.0, Avg: 0.0, Max: 0.0, Diff: 0.0, Sum: 0.0]
         [Termination Attempts: Min: 6, Avg: 10.0, Max: 15, Diff: 9, Sum: 80]
      [GC Worker Other (ms): Min: 0.0, Avg: 0.1, Max: 0.1, Diff: 0.1, Sum: 0.5]
      [GC Worker Total (ms): Min: 5.6, Avg: 5.7, Max: 5.8, Diff: 0.2, Sum: 45.8]
      [GC Worker End (ms): Min: 580578236.1, Avg: 580578236.1, Max: 580578236.2, Diff: 0.1]
   [Code Root Fixup: 0.0 ms]
   [Code Root Purge: 0.0 ms]
   [Clear CT: 0.7 ms]
   [Other: 4.2 ms]
      [Choose CSet: 0.0 ms]
      [Ref Proc: 3.6 ms]
      [Ref Enq: 0.1 ms]
      [Redirty Cards: 0.1 ms]
      [Humongous Register: 0.0 ms]
      [Humongous Reclaim: 0.0 ms]
      [Free CSet: 0.3 ms]
   [Eden: 7152.0M(7152.0M)->0.0B(5712.0M) Survivors: 16384.0K->16384.0K Heap: 10771.8M(14336.0M)->3619.1M(14336.0M)]
 [Times: user=0.06 sys=0.00, real=0.01 secs] 
2022-07-28T14:28:20.172-0700: 580671.676: [GC pause (G1 Evacuation Pause) (mixed), 0.0131575 secs]
   [Parallel Time: 8.1 ms, GC Workers: 8]
      [GC Worker Start (ms): Min: 580671676.6, Avg: 580671676.7, Max: 580671676.8, Diff: 0.1]
      [Ext Root Scanning (ms): Min: 1.0, Avg: 1.9, Max: 7.0, Diff: 6.0, Sum: 15.4]
      [Update RS (ms): Min: 0.0, Avg: 1.6, Max: 2.4, Diff: 2.4, Sum: 12.9]
         [Processed Buffers: Min: 0, Avg: 5.6, Max: 11, Diff: 11, Sum: 45]
      [Scan RS (ms): Min: 0.0, Avg: 0.4, Max: 0.7, Diff: 0.7, Sum: 3.6]
      [Code Root Scanning (ms): Min: 0.0, Avg: 0.0, Max: 0.0, Diff: 0.0, Sum: 0.1]
      [Object Copy (ms): Min: 0.9, Avg: 3.8, Max: 4.3, Diff: 3.5, Sum: 30.4]
      [Termination (ms): Min: 0.0, Avg: 0.0, Max: 0.0, Diff: 0.0, Sum: 0.0]
         [Termination Attempts: Min: 9, Avg: 16.4, Max: 22, Diff: 13, Sum: 131]
      [GC Worker Other (ms): Min: 0.0, Avg: 0.0, Max: 0.1, Diff: 0.0, Sum: 0.3]
      [GC Worker Total (ms): Min: 7.8, Avg: 7.8, Max: 7.9, Diff: 0.1, Sum: 62.7]
      [GC Worker End (ms): Min: 580671684.5, Avg: 580671684.6, Max: 580671684.6, Diff: 0.0]
   [Code Root Fixup: 0.0 ms]
   [Code Root Purge: 0.0 ms]
   [Clear CT: 0.6 ms]
   [Other: 4.4 ms]
      [Choose CSet: 0.0 ms]
      [Ref Proc: 3.8 ms]
      [Ref Enq: 0.1 ms]
      [Redirty Cards: 0.1 ms]
      [Humongous Register: 0.1 ms]
      [Humongous Reclaim: 0.0 ms]
      [Free CSet: 0.2 ms]
   [Eden: 5712.0M(5712.0M)->0.0B(7152.0M) Survivors: 16384.0K->16384.0K Heap: 9331.1M(14336.0M)->3595.6M(14336.0M)]
 [Times: user=0.08 sys=0.00, real=0.02 secs] 
2022-07-28T14:30:22.265-0700: 580793.769: [GC pause (G1 Evacuation Pause) (young), 0.0113908 secs]
   [Parallel Time: 8.4 ms, GC Workers: 8]
      [GC Worker Start (ms): Min: 580793769.5, Avg: 580793769.5, Max: 580793769.6, Diff: 0.1]
      [Ext Root Scanning (ms): Min: 1.2, Avg: 2.0, Max: 5.6, Diff: 4.4, Sum: 15.7]
      [Update RS (ms): Min: 0.7, Avg: 4.1, Max: 4.9, Diff: 4.2, Sum: 33.0]
         [Processed Buffers: Min: 2, Avg: 9.8, Max: 20, Diff: 18, Sum: 78]
      [Scan RS (ms): Min: 0.0, Avg: 0.0, Max: 0.1, Diff: 0.1, Sum: 0.4]
      [Code Root Scanning (ms): Min: 0.0, Avg: 0.0, Max: 0.0, Diff: 0.0, Sum: 0.0]
      [Object Copy (ms): Min: 1.3, Avg: 2.0, Max: 2.3, Diff: 1.0, Sum: 16.1]
      [Termination (ms): Min: 0.0, Avg: 0.0, Max: 0.0, Diff: 0.0, Sum: 0.2]
         [Termination Attempts: Min: 26, Avg: 36.9, Max: 46, Diff: 20, Sum: 295]
      [GC Worker Other (ms): Min: 0.0, Avg: 0.1, Max: 0.1, Diff: 0.1, Sum: 0.5]
      [GC Worker Total (ms): Min: 8.2, Avg: 8.2, Max: 8.3, Diff: 0.1, Sum: 65.9]
      [GC Worker End (ms): Min: 580793777.7, Avg: 580793777.8, Max: 580793777.8, Diff: 0.1]
   [Code Root Fixup: 0.0 ms]
   [Code Root Purge: 0.0 ms]
   [Clear CT: 0.7 ms]
   [Other: 2.2 ms]
      [Choose CSet: 0.0 ms]
      [Ref Proc: 1.6 ms]
      [Ref Enq: 0.1 ms]
      [Redirty Cards: 0.1 ms]
      [Humongous Register: 0.1 ms]
      [Humongous Reclaim: 0.0 ms]
      [Free CSet: 0.3 ms]
   [Eden: 7152.0M(7152.0M)->0.0B(7152.0M) Survivors: 16384.0K->16384.0K Heap: 10747.6M(14336.0M)->3595.7M(14336.0M)]
 [Times: user=0.08 sys=0.00, real=0.01 secs] 
2022-07-28T14:32:23.374-0700: 580914.879: [GC pause (G1 Evacuation Pause) (young) (initial-mark), 0.0150030 secs]
   [Parallel Time: 11.4 ms, GC Workers: 8]
      [GC Worker Start (ms): Min: 580914881.1, Avg: 580914881.2, Max: 580914881.2, Diff: 0.1]
      [Ext Root Scanning (ms): Min: 5.0, Avg: 5.3, Max: 5.9, Diff: 0.9, Sum: 42.8]
      [Update RS (ms): Min: 1.5, Avg: 1.8, Max: 2.3, Diff: 0.8, Sum: 14.0]
         [Processed Buffers: Min: 3, Avg: 5.6, Max: 10, Diff: 7, Sum: 45]
      [Scan RS (ms): Min: 0.0, Avg: 0.1, Max: 0.1, Diff: 0.1, Sum: 0.4]
      [Code Root Scanning (ms): Min: 0.0, Avg: 0.0, Max: 0.0, Diff: 0.0, Sum: 0.0]
      [Object Copy (ms): Min: 1.6, Avg: 1.9, Max: 2.3, Diff: 0.8, Sum: 15.6]
      [Termination (ms): Min: 0.0, Avg: 0.0, Max: 0.0, Diff: 0.0, Sum: 0.0]
         [Termination Attempts: Min: 1, Avg: 1.4, Max: 2, Diff: 1, Sum: 11]
      [GC Worker Other (ms): Min: 0.0, Avg: 0.1, Max: 0.2, Diff: 0.2, Sum: 0.7]
      [GC Worker Total (ms): Min: 9.1, Avg: 9.2, Max: 9.3, Diff: 0.2, Sum: 73.5]
      [GC Worker End (ms): Min: 580914890.3, Avg: 580914890.3, Max: 580914890.5, Diff: 0.2]
   [Code Root Fixup: 0.0 ms]
   [Code Root Purge: 0.0 ms]
   [Clear CT: 0.7 ms]
   [Other: 2.8 ms]
      [Choose CSet: 0.0 ms]
      [Ref Proc: 2.1 ms]
      [Ref Enq: 0.1 ms]
      [Redirty Cards: 0.1 ms]
      [Humongous Register: 0.0 ms]
      [Humongous Reclaim: 0.0 ms]
      [Free CSet: 0.3 ms]
   [Eden: 7152.0M(7152.0M)->0.0B(7152.0M) Survivors: 16384.0K->16384.0K Heap: 10747.7M(14336.0M)->3597.7M(14336.0M)]
 [Times: user=0.08 sys=0.00, real=0.02 secs] 
2022-07-28T14:32:23.389-0700: 580914.894: [GC concurrent-root-region-scan-start]
2022-07-28T14:32:23.399-0700: 580914.904: [GC concurrent-root-region-scan-end, 0.0094555 secs]
2022-07-28T14:32:23.399-0700: 580914.904: [GC concurrent-mark-start]
2022-07-28T14:32:26.130-0700: 580917.635: [GC concurrent-mark-end, 2.7314038 secs]
2022-07-28T14:32:26.130-0700: 580917.635: [GC remark 2022-07-28T14:32:26.130-0700: 580917.635: [Finalize Marking, 0.0002901 secs] 2022-07-28T14:32:26.131-0700: 580917.636: [GC ref-proc, 0.0075798 secs] 2022-07-28T14:32:26.138-0700: 580917.643: [Unloading, 0.0271111 secs], 0.0406364 secs]
 [Times: user=0.25 sys=0.00, real=0.04 secs] 
2022-07-28T14:32:26.171-0700: 580917.676: [GC cleanup 3803M->3803M(14336M), 0.0084647 secs]
 [Times: user=0.07 sys=0.00, real=0.01 secs] 
2022-07-28T14:34:20.822-0700: 581032.327: [GC pause (G1 Evacuation Pause) (young), 0.0104375 secs]
   [Parallel Time: 5.9 ms, GC Workers: 8]
      [GC Worker Start (ms): Min: 581032327.1, Avg: 581032327.2, Max: 581032327.2, Diff: 0.2]
      [Ext Root Scanning (ms): Min: 0.9, Avg: 1.7, Max: 5.6, Diff: 4.6, Sum: 13.7]
      [Update RS (ms): Min: 0.0, Avg: 1.4, Max: 2.2, Diff: 2.2, Sum: 11.4]
         [Processed Buffers: Min: 0, Avg: 5.1, Max: 12, Diff: 12, Sum: 41]
      [Scan RS (ms): Min: 0.0, Avg: 0.1, Max: 0.1, Diff: 0.1, Sum: 0.4]
      [Code Root Scanning (ms): Min: 0.0, Avg: 0.0, Max: 0.0, Diff: 0.0, Sum: 0.0]
      [Object Copy (ms): Min: 0.0, Avg: 1.9, Max: 2.4, Diff: 2.4, Sum: 15.3]
      [Termination (ms): Min: 0.0, Avg: 0.4, Max: 0.5, Diff: 0.5, Sum: 3.3]
         [Termination Attempts: Min: 1, Avg: 6.8, Max: 11, Diff: 10, Sum: 54]
      [GC Worker Other (ms): Min: 0.0, Avg: 0.0, Max: 0.1, Diff: 0.1, Sum: 0.3]
      [GC Worker Total (ms): Min: 5.4, Avg: 5.6, Max: 5.6, Diff: 0.2, Sum: 44.4]
      [GC Worker End (ms): Min: 581032332.7, Avg: 581032332.7, Max: 581032332.8, Diff: 0.1]
   [Code Root Fixup: 0.0 ms]
   [Code Root Purge: 0.0 ms]
   [Clear CT: 0.7 ms]
   [Other: 3.9 ms]
      [Choose CSet: 0.0 ms]
      [Ref Proc: 3.2 ms]
      [Ref Enq: 0.1 ms]
      [Redirty Cards: 0.1 ms]
      [Humongous Register: 0.1 ms]
      [Humongous Reclaim: 0.0 ms]
      [Free CSet: 0.3 ms]
   [Eden: 7152.0M(7152.0M)->0.0B(5712.0M) Survivors: 16384.0K->16384.0K Heap: 10749.7M(14336.0M)->3600.8M(14336.0M)]
 [Times: user=0.06 sys=0.00, real=0.01 secs] 
2022-07-28T14:35:56.576-0700: 581128.080: [GC pause (G1 Evacuation Pause) (mixed), 0.0119747 secs]
   [Parallel Time: 8.6 ms, GC Workers: 8]
      [GC Worker Start (ms): Min: 581128080.6, Avg: 581128080.7, Max: 581128080.8, Diff: 0.1]
      [Ext Root Scanning (ms): Min: 1.3, Avg: 2.2, Max: 6.8, Diff: 5.5, Sum: 17.8]
      [Update RS (ms): Min: 0.0, Avg: 1.6, Max: 2.4, Diff: 2.4, Sum: 13.0]
         [Processed Buffers: Min: 0, Avg: 5.2, Max: 10, Diff: 10, Sum: 42]
      [Scan RS (ms): Min: 0.0, Avg: 0.5, Max: 0.8, Diff: 0.7, Sum: 4.0]
      [Code Root Scanning (ms): Min: 0.0, Avg: 0.0, Max: 0.0, Diff: 0.0, Sum: 0.1]
      [Object Copy (ms): Min: 1.4, Avg: 3.8, Max: 4.3, Diff: 2.9, Sum: 30.5]
      [Termination (ms): Min: 0.0, Avg: 0.0, Max: 0.0, Diff: 0.0, Sum: 0.1]
         [Termination Attempts: Min: 21, Avg: 24.4, Max: 29, Diff: 8, Sum: 195]
      [GC Worker Other (ms): Min: 0.0, Avg: 0.1, Max: 0.1, Diff: 0.1, Sum: 0.5]
      [GC Worker Total (ms): Min: 8.2, Avg: 8.2, Max: 8.4, Diff: 0.2, Sum: 66.0]
      [GC Worker End (ms): Min: 581128088.9, Avg: 581128088.9, Max: 581128089.0, Diff: 0.1]
   [Code Root Fixup: 0.0 ms]
   [Code Root Purge: 0.0 ms]
   [Clear CT: 0.7 ms]
   [Other: 2.7 ms]
      [Choose CSet: 0.0 ms]
      [Ref Proc: 2.0 ms]
      [Ref Enq: 0.1 ms]
      [Redirty Cards: 0.1 ms]
      [Humongous Register: 0.1 ms]
      [Humongous Reclaim: 0.0 ms]
      [Free CSet: 0.2 ms]
   [Eden: 5712.0M(5712.0M)->0.0B(7152.0M) Survivors: 16384.0K->16384.0K Heap: 9312.8M(14336.0M)->3587.6M(14336.0M)]
 [Times: user=0.08 sys=0.00, real=0.01 secs] 
2022-07-28T14:37:54.820-0700: 581246.324: [GC pause (G1 Evacuation Pause) (young), 0.0128848 secs]
   [Parallel Time: 7.8 ms, GC Workers: 8]
      [GC Worker Start (ms): Min: 581246324.4, Avg: 581246324.5, Max: 581246324.6, Diff: 0.2]
      [Ext Root Scanning (ms): Min: 1.2, Avg: 2.0, Max: 5.2, Diff: 4.0, Sum: 15.9]
      [Update RS (ms): Min: 1.2, Avg: 3.5, Max: 4.1, Diff: 2.9, Sum: 27.9]
         [Processed Buffers: Min: 1, Avg: 11.4, Max: 18, Diff: 17, Sum: 91]
      [Scan RS (ms): Min: 0.0, Avg: 0.0, Max: 0.1, Diff: 0.1, Sum: 0.4]
      [Code Root Scanning (ms): Min: 0.0, Avg: 0.0, Max: 0.0, Diff: 0.0, Sum: 0.0]
      [Object Copy (ms): Min: 1.3, Avg: 2.1, Max: 2.3, Diff: 1.0, Sum: 16.4]
      [Termination (ms): Min: 0.0, Avg: 0.0, Max: 0.0, Diff: 0.0, Sum: 0.0]
         [Termination Attempts: Min: 1, Avg: 4.6, Max: 8, Diff: 7, Sum: 37]
      [GC Worker Other (ms): Min: 0.0, Avg: 0.1, Max: 0.1, Diff: 0.1, Sum: 0.4]
      [GC Worker Total (ms): Min: 7.5, Avg: 7.6, Max: 7.8, Diff: 0.2, Sum: 61.1]
      [GC Worker End (ms): Min: 581246332.1, Avg: 581246332.2, Max: 581246332.2, Diff: 0.1]
   [Code Root Fixup: 0.0 ms]
   [Code Root Purge: 0.0 ms]
   [Clear CT: 0.7 ms]
   [Other: 4.3 ms]
      [Choose CSet: 0.0 ms]
      [Ref Proc: 3.6 ms]
      [Ref Enq: 0.1 ms]
      [Redirty Cards: 0.1 ms]
      [Humongous Register: 0.1 ms]
      [Humongous Reclaim: 0.0 ms]
      [Free CSet: 0.3 ms]
   [Eden: 7152.0M(7152.0M)->0.0B(7152.0M) Survivors: 16384.0K->16384.0K Heap: 10739.6M(14336.0M)->3595.4M(14336.0M)]
 [Times: user=0.07 sys=0.00, real=0.01 secs] 
2022-07-28T14:39:57.816-0700: 581369.321: [GC pause (G1 Evacuation Pause) (young) (initial-mark), 0.0177159 secs]
   [Parallel Time: 13.0 ms, GC Workers: 8]
      [GC Worker Start (ms): Min: 581369323.6, Avg: 581369323.7, Max: 581369323.8, Diff: 0.1]
      [Ext Root Scanning (ms): Min: 6.3, Avg: 6.6, Max: 6.9, Diff: 0.6, Sum: 52.8]
      [Update RS (ms): Min: 1.3, Avg: 1.5, Max: 1.9, Diff: 0.6, Sum: 12.3]
         [Processed Buffers: Min: 2, Avg: 5.1, Max: 14, Diff: 12, Sum: 41]
      [Scan RS (ms): Min: 0.0, Avg: 0.0, Max: 0.1, Diff: 0.1, Sum: 0.4]
      [Code Root Scanning (ms): Min: 0.0, Avg: 0.0, Max: 0.0, Diff: 0.0, Sum: 0.0]
      [Object Copy (ms): Min: 1.4, Avg: 2.0, Max: 2.3, Diff: 0.9, Sum: 15.8]
      [Termination (ms): Min: 0.0, Avg: 0.0, Max: 0.0, Diff: 0.0, Sum: 0.0]
         [Termination Attempts: Min: 1, Avg: 5.8, Max: 11, Diff: 10, Sum: 46]
      [GC Worker Other (ms): Min: 0.0, Avg: 0.1, Max: 0.2, Diff: 0.2, Sum: 0.9]
      [GC Worker Total (ms): Min: 10.2, Avg: 10.3, Max: 10.4, Diff: 0.2, Sum: 82.1]
      [GC Worker End (ms): Min: 581369333.9, Avg: 581369334.0, Max: 581369334.1, Diff: 0.2]
   [Code Root Fixup: 0.0 ms]
   [Code Root Purge: 0.0 ms]
   [Clear CT: 0.7 ms]
   [Other: 4.0 ms]
      [Choose CSet: 0.0 ms]
      [Ref Proc: 3.3 ms]
      [Ref Enq: 0.1 ms]
      [Redirty Cards: 0.1 ms]
      [Humongous Register: 0.0 ms]
      [Humongous Reclaim: 0.0 ms]
      [Free CSet: 0.3 ms]
   [Eden: 7152.0M(7152.0M)->0.0B(7152.0M) Survivors: 16384.0K->16384.0K Heap: 10747.4M(14336.0M)->3594.5M(14336.0M)]
 [Times: user=0.07 sys=0.02, real=0.01 secs] 
2022-07-28T14:39:57.834-0700: 581369.339: [GC concurrent-root-region-scan-start]
2022-07-28T14:39:57.843-0700: 581369.348: [GC concurrent-root-region-scan-end, 0.0091344 secs]
2022-07-28T14:39:57.843-0700: 581369.348: [GC concurrent-mark-start]
2022-07-28T14:40:00.522-0700: 581372.026: [GC concurrent-mark-end, 2.6781116 secs]
2022-07-28T14:40:00.522-0700: 581372.027: [GC remark 2022-07-28T14:40:00.522-0700: 581372.027: [Finalize Marking, 0.0002228 secs] 2022-07-28T14:40:00.522-0700: 581372.027: [GC ref-proc, 0.0052704 secs] 2022-07-28T14:40:00.527-0700: 581372.032: [Unloading, 0.0274258 secs], 0.0385772 secs]
 [Times: user=0.25 sys=0.00, real=0.04 secs] 
2022-07-28T14:40:00.561-0700: 581372.066: [GC cleanup 3750M->3750M(14336M), 0.0091264 secs]
 [Times: user=0.06 sys=0.00, real=0.01 secs] 
2022-07-28T14:41:59.476-0700: 581490.980: [GC pause (G1 Evacuation Pause) (young), 0.0108577 secs]
   [Parallel Time: 5.7 ms, GC Workers: 8]
      [GC Worker Start (ms): Min: 581490980.5, Avg: 581490980.5, Max: 581490980.6, Diff: 0.1]
      [Ext Root Scanning (ms): Min: 1.1, Avg: 1.9, Max: 5.5, Diff: 4.4, Sum: 15.1]
      [Update RS (ms): Min: 0.0, Avg: 1.7, Max: 2.2, Diff: 2.2, Sum: 13.3]
         [Processed Buffers: Min: 0, Avg: 5.8, Max: 10, Diff: 10, Sum: 46]
      [Scan RS (ms): Min: 0.0, Avg: 0.1, Max: 0.1, Diff: 0.1, Sum: 0.4]
      [Code Root Scanning (ms): Min: 0.0, Avg: 0.0, Max: 0.0, Diff: 0.0, Sum: 0.0]
      [Object Copy (ms): Min: 0.0, Avg: 1.7, Max: 2.1, Diff: 2.1, Sum: 13.6]
      [Termination (ms): Min: 0.0, Avg: 0.2, Max: 0.2, Diff: 0.2, Sum: 1.3]
         [Termination Attempts: Min: 1, Avg: 9.0, Max: 17, Diff: 16, Sum: 72]
      [GC Worker Other (ms): Min: 0.0, Avg: 0.0, Max: 0.1, Diff: 0.0, Sum: 0.2]
      [GC Worker Total (ms): Min: 5.4, Avg: 5.5, Max: 5.6, Diff: 0.1, Sum: 44.0]
      [GC Worker End (ms): Min: 581490986.0, Avg: 581490986.0, Max: 581490986.1, Diff: 0.1]
   [Code Root Fixup: 0.0 ms]
   [Code Root Purge: 0.0 ms]
   [Clear CT: 0.7 ms]
   [Other: 4.5 ms]
      [Choose CSet: 0.0 ms]
      [Ref Proc: 3.8 ms]
      [Ref Enq: 0.1 ms]
      [Redirty Cards: 0.1 ms]
      [Humongous Register: 0.1 ms]
      [Humongous Reclaim: 0.0 ms]
      [Free CSet: 0.3 ms]
   [Eden: 7152.0M(7152.0M)->0.0B(7152.0M) Survivors: 16384.0K->16384.0K Heap: 10746.5M(14336.0M)->3595.0M(14336.0M)]
 [Times: user=0.05 sys=0.01, real=0.01 secs] 
2022-07-28T14:44:01.872-0700: 581613.377: [GC pause (G1 Evacuation Pause) (young), 0.0208567 secs]
   [Parallel Time: 11.4 ms, GC Workers: 8]
      [GC Worker Start (ms): Min: 581613377.0, Avg: 581613377.1, Max: 581613377.1, Diff: 0.2]
      [Ext Root Scanning (ms): Min: 0.8, Avg: 1.7, Max: 5.8, Diff: 5.0, Sum: 13.9]
      [Update RS (ms): Min: 0.0, Avg: 1.4, Max: 2.4, Diff: 2.4, Sum: 11.3]
         [Processed Buffers: Min: 0, Avg: 5.1, Max: 12, Diff: 12, Sum: 41]
      [Scan RS (ms): Min: 0.0, Avg: 0.1, Max: 0.1, Diff: 0.1, Sum: 0.4]
      [Code Root Scanning (ms): Min: 0.0, Avg: 0.0, Max: 0.0, Diff: 0.0, Sum: 0.0]
      [Object Copy (ms): Min: 0.1, Avg: 3.3, Max: 10.2, Diff: 10.1, Sum: 26.0]
      [Termination (ms): Min: 0.0, Avg: 4.6, Max: 5.2, Diff: 5.2, Sum: 36.4]
         [Termination Attempts: Min: 1, Avg: 6.2, Max: 11, Diff: 10, Sum: 50]
      [GC Worker Other (ms): Min: 0.0, Avg: 0.0, Max: 0.0, Diff: 0.0, Sum: 0.1]
      [GC Worker Total (ms): Min: 10.9, Avg: 11.0, Max: 11.1, Diff: 0.2, Sum: 88.3]
      [GC Worker End (ms): Min: 581613388.1, Avg: 581613388.1, Max: 581613388.1, Diff: 0.1]
   [Code Root Fixup: 0.0 ms]
   [Code Root Purge: 0.0 ms]
   [Clear CT: 0.6 ms]
   [Other: 8.8 ms]
      [Choose CSet: 0.0 ms]
      [Ref Proc: 8.2 ms]
      [Ref Enq: 0.1 ms]
      [Redirty Cards: 0.1 ms]
      [Humongous Register: 0.1 ms]
      [Humongous Reclaim: 0.0 ms]
      [Free CSet: 0.3 ms]
   [Eden: 7152.0M(7152.0M)->0.0B(7152.0M) Survivors: 16384.0K->16384.0K Heap: 10747.0M(14336.0M)->3599.0M(14336.0M)]
 [Times: user=0.13 sys=0.00, real=0.02 secs] 
2022-07-28T14:46:03.815-0700: 581735.320: [GC pause (G1 Evacuation Pause) (young) (initial-mark), 0.0158912 secs]
   [Parallel Time: 12.3 ms, GC Workers: 8]
      [GC Worker Start (ms): Min: 581735321.7, Avg: 581735321.8, Max: 581735321.9, Diff: 0.2]
      [Ext Root Scanning (ms): Min: 5.6, Avg: 6.1, Max: 6.6, Diff: 1.0, Sum: 48.5]
      [Update RS (ms): Min: 1.3, Avg: 1.5, Max: 2.0, Diff: 0.7, Sum: 12.3]
         [Processed Buffers: Min: 2, Avg: 5.0, Max: 10, Diff: 8, Sum: 40]
      [Scan RS (ms): Min: 0.0, Avg: 0.1, Max: 0.1, Diff: 0.1, Sum: 0.4]
      [Code Root Scanning (ms): Min: 0.0, Avg: 0.0, Max: 0.0, Diff: 0.0, Sum: 0.0]
      [Object Copy (ms): Min: 1.6, Avg: 2.6, Max: 3.1, Diff: 1.4, Sum: 20.7]
      [Termination (ms): Min: 0.0, Avg: 0.0, Max: 0.0, Diff: 0.0, Sum: 0.0]
         [Termination Attempts: Min: 1, Avg: 2.5, Max: 4, Diff: 3, Sum: 20]
      [GC Worker Other (ms): Min: 0.0, Avg: 0.1, Max: 0.1, Diff: 0.1, Sum: 0.4]
      [GC Worker Total (ms): Min: 10.2, Avg: 10.3, Max: 10.4, Diff: 0.2, Sum: 82.3]
      [GC Worker End (ms): Min: 581735332.0, Avg: 581735332.1, Max: 581735332.1, Diff: 0.1]
   [Code Root Fixup: 0.0 ms]
   [Code Root Purge: 0.0 ms]
   [Clear CT: 0.7 ms]
   [Other: 2.8 ms]
      [Choose CSet: 0.0 ms]
      [Ref Proc: 2.1 ms]
      [Ref Enq: 0.1 ms]
      [Redirty Cards: 0.1 ms]
      [Humongous Register: 0.0 ms]
      [Humongous Reclaim: 0.0 ms]
      [Free CSet: 0.3 ms]
   [Eden: 7152.0M(7152.0M)->0.0B(7152.0M) Survivors: 16384.0K->16384.0K Heap: 10751.0M(14336.0M)->3597.1M(14336.0M)]
 [Times: user=0.09 sys=0.00, real=0.01 secs] 
2022-07-28T14:46:03.831-0700: 581735.336: [GC concurrent-root-region-scan-start]
2022-07-28T14:46:03.840-0700: 581735.345: [GC concurrent-root-region-scan-end, 0.0092282 secs]
2022-07-28T14:46:03.840-0700: 581735.345: [GC concurrent-mark-start]
2022-07-28T14:46:06.535-0700: 581738.040: [GC concurrent-mark-end, 2.6952173 secs]
2022-07-28T14:46:06.536-0700: 581738.041: [GC remark 2022-07-28T14:46:06.536-0700: 581738.041: [Finalize Marking, 0.0004267 secs] 2022-07-28T14:46:06.536-0700: 581738.041: [GC ref-proc, 0.0116485 secs] 2022-07-28T14:46:06.548-0700: 581738.053: [Unloading, 0.0273821 secs], 0.0451694 secs]
 [Times: user=0.26 sys=0.00, real=0.04 secs] 
2022-07-28T14:46:06.581-0700: 581738.086: [GC cleanup 3825M->3825M(14336M), 0.0095626 secs]
 [Times: user=0.06 sys=0.00, real=0.01 secs] 
2022-07-28T14:48:02.623-0700: 581854.128: [GC pause (G1 Evacuation Pause) (young), 0.0115158 secs]
   [Parallel Time: 5.7 ms, GC Workers: 8]
      [GC Worker Start (ms): Min: 581854127.6, Avg: 581854127.7, Max: 581854127.8, Diff: 0.1]
      [Ext Root Scanning (ms): Min: 0.8, Avg: 1.5, Max: 5.4, Diff: 4.6, Sum: 12.4]
      [Update RS (ms): Min: 0.0, Avg: 1.4, Max: 1.9, Diff: 1.9, Sum: 11.5]
         [Processed Buffers: Min: 0, Avg: 5.6, Max: 11, Diff: 11, Sum: 45]
      [Scan RS (ms): Min: 0.0, Avg: 0.0, Max: 0.1, Diff: 0.1, Sum: 0.4]
      [Code Root Scanning (ms): Min: 0.0, Avg: 0.0, Max: 0.0, Diff: 0.0, Sum: 0.0]
      [Object Copy (ms): Min: 0.0, Avg: 1.9, Max: 2.3, Diff: 2.3, Sum: 15.3]
      [Termination (ms): Min: 0.0, Avg: 0.4, Max: 0.5, Diff: 0.5, Sum: 3.4]
         [Termination Attempts: Min: 1, Avg: 1.0, Max: 1, Diff: 0, Sum: 8]
      [GC Worker Other (ms): Min: 0.0, Avg: 0.0, Max: 0.1, Diff: 0.0, Sum: 0.2]
      [GC Worker Total (ms): Min: 5.4, Avg: 5.4, Max: 5.5, Diff: 0.1, Sum: 43.3]
      [GC Worker End (ms): Min: 581854133.1, Avg: 581854133.1, Max: 581854133.1, Diff: 0.0]
   [Code Root Fixup: 0.0 ms]
   [Code Root Purge: 0.0 ms]
   [Clear CT: 0.6 ms]
   [Other: 5.2 ms]
      [Choose CSet: 0.0 ms]
      [Ref Proc: 4.5 ms]
      [Ref Enq: 0.1 ms]
      [Redirty Cards: 0.1 ms]
      [Humongous Register: 0.1 ms]
      [Humongous Reclaim: 0.0 ms]
      [Free CSet: 0.3 ms]
   [Eden: 7152.0M(7152.0M)->0.0B(7152.0M) Survivors: 16384.0K->16384.0K Heap: 10749.1M(14336.0M)->3601.7M(14336.0M)]
 [Times: user=0.05 sys=0.01, real=0.00 secs] 
2022-07-28T14:50:02.820-0700: 581974.325: [GC pause (G1 Evacuation Pause) (young), 0.0122496 secs]
   [Parallel Time: 7.0 ms, GC Workers: 8]
      [GC Worker Start (ms): Min: 581974325.1, Avg: 581974325.2, Max: 581974325.3, Diff: 0.1]
      [Ext Root Scanning (ms): Min: 1.3, Avg: 2.1, Max: 6.0, Diff: 4.7, Sum: 16.6]
      [Update RS (ms): Min: 0.0, Avg: 2.2, Max: 3.1, Diff: 3.1, Sum: 17.8]
         [Processed Buffers: Min: 0, Avg: 6.0, Max: 16, Diff: 16, Sum: 48]
      [Scan RS (ms): Min: 0.0, Avg: 0.1, Max: 0.1, Diff: 0.1, Sum: 0.5]
      [Code Root Scanning (ms): Min: 0.0, Avg: 0.0, Max: 0.0, Diff: 0.0, Sum: 0.0]
      [Object Copy (ms): Min: 0.7, Avg: 2.3, Max: 2.8, Diff: 2.1, Sum: 18.7]
      [Termination (ms): Min: 0.0, Avg: 0.0, Max: 0.0, Diff: 0.0, Sum: 0.0]
         [Termination Attempts: Min: 1, Avg: 1.8, Max: 3, Diff: 2, Sum: 14]
      [GC Worker Other (ms): Min: 0.0, Avg: 0.1, Max: 0.2, Diff: 0.1, Sum: 0.7]
      [GC Worker Total (ms): Min: 6.7, Avg: 6.8, Max: 6.9, Diff: 0.2, Sum: 54.4]
      [GC Worker End (ms): Min: 581974331.9, Avg: 581974332.0, Max: 581974332.1, Diff: 0.1]
   [Code Root Fixup: 0.0 ms]
   [Code Root Purge: 0.0 ms]
   [Clear CT: 0.7 ms]
   [Other: 4.6 ms]
      [Choose CSet: 0.0 ms]
      [Ref Proc: 3.8 ms]
      [Ref Enq: 0.1 ms]
      [Redirty Cards: 0.1 ms]
      [Humongous Register: 0.1 ms]
      [Humongous Reclaim: 0.0 ms]
      [Free CSet: 0.3 ms]
   [Eden: 7152.0M(7152.0M)->0.0B(7152.0M) Survivors: 16384.0K->16384.0K Heap: 10753.7M(14336.0M)->3600.7M(14336.0M)]
 [Times: user=0.06 sys=0.00, real=0.01 secs] 
2022-07-28T14:52:04.129-0700: 582095.634: [GC pause (G1 Evacuation Pause) (young) (initial-mark), 0.0174068 secs]
   [Parallel Time: 12.7 ms, GC Workers: 8]
      [GC Worker Start (ms): Min: 582095636.1, Avg: 582095636.2, Max: 582095636.3, Diff: 0.2]
      [Ext Root Scanning (ms): Min: 5.8, Avg: 6.1, Max: 6.5, Diff: 0.7, Sum: 49.2]
      [Update RS (ms): Min: 1.6, Avg: 1.8, Max: 2.3, Diff: 0.7, Sum: 14.3]
         [Processed Buffers: Min: 3, Avg: 6.0, Max: 12, Diff: 9, Sum: 48]
      [Scan RS (ms): Min: 0.0, Avg: 0.1, Max: 0.1, Diff: 0.1, Sum: 0.4]
      [Code Root Scanning (ms): Min: 0.0, Avg: 0.0, Max: 0.0, Diff: 0.0, Sum: 0.0]
      [Object Copy (ms): Min: 1.6, Avg: 2.0, Max: 2.3, Diff: 0.7, Sum: 16.0]
      [Termination (ms): Min: 0.0, Avg: 0.0, Max: 0.0, Diff: 0.0, Sum: 0.0]
         [Termination Attempts: Min: 1, Avg: 1.0, Max: 1, Diff: 0, Sum: 8]
      [GC Worker Other (ms): Min: 0.0, Avg: 0.1, Max: 0.1, Diff: 0.1, Sum: 0.5]
      [GC Worker Total (ms): Min: 9.9, Avg: 10.1, Max: 10.2, Diff: 0.3, Sum: 80.5]
      [GC Worker End (ms): Min: 582095646.2, Avg: 582095646.2, Max: 582095646.3, Diff: 0.1]
   [Code Root Fixup: 0.0 ms]
   [Code Root Purge: 0.0 ms]
   [Clear CT: 0.7 ms]
   [Other: 4.0 ms]
      [Choose CSet: 0.0 ms]
      [Ref Proc: 3.3 ms]
      [Ref Enq: 0.1 ms]
      [Redirty Cards: 0.1 ms]
      [Humongous Register: 0.0 ms]
      [Humongous Reclaim: 0.0 ms]
      [Free CSet: 0.3 ms]
   [Eden: 7152.0M(7152.0M)->0.0B(7152.0M) Survivors: 16384.0K->16384.0K Heap: 10752.7M(14336.0M)->3601.4M(14336.0M)]
 [Times: user=0.07 sys=0.02, real=0.02 secs] 
2022-07-28T14:52:04.147-0700: 582095.651: [GC concurrent-root-region-scan-start]
2022-07-28T14:52:04.156-0700: 582095.661: [GC concurrent-root-region-scan-end, 0.0098658 secs]
2022-07-28T14:52:04.156-0700: 582095.661: [GC concurrent-mark-start]
2022-07-28T14:52:06.855-0700: 582098.360: [GC concurrent-mark-end, 2.6983157 secs]
2022-07-28T14:52:06.855-0700: 582098.360: [GC remark 2022-07-28T14:52:06.855-0700: 582098.360: [Finalize Marking, 0.0002910 secs] 2022-07-28T14:52:06.856-0700: 582098.360: [GC ref-proc, 0.0096013 secs] 2022-07-28T14:52:06.865-0700: 582098.370: [Unloading, 0.0274755 secs], 0.0431059 secs]
 [Times: user=0.25 sys=0.00, real=0.04 secs] 
2022-07-28T14:52:06.899-0700: 582098.403: [GC cleanup 3785M->3785M(14336M), 0.0084726 secs]
 [Times: user=0.07 sys=0.00, real=0.01 secs] 
2022-07-28T14:54:03.074-0700: 582214.578: [GC pause (G1 Evacuation Pause) (young), 0.0095412 secs]
   [Parallel Time: 6.1 ms, GC Workers: 8]
      [GC Worker Start (ms): Min: 582214578.6, Avg: 582214578.6, Max: 582214578.7, Diff: 0.1]
      [Ext Root Scanning (ms): Min: 1.2, Avg: 2.0, Max: 5.6, Diff: 4.4, Sum: 15.9]
      [Update RS (ms): Min: 0.0, Avg: 1.6, Max: 2.4, Diff: 2.4, Sum: 12.9]
         [Processed Buffers: Min: 0, Avg: 5.2, Max: 12, Diff: 12, Sum: 42]
      [Scan RS (ms): Min: 0.0, Avg: 0.1, Max: 0.1, Diff: 0.1, Sum: 0.4]
      [Code Root Scanning (ms): Min: 0.0, Avg: 0.0, Max: 0.0, Diff: 0.0, Sum: 0.0]
      [Object Copy (ms): Min: 0.3, Avg: 2.2, Max: 2.7, Diff: 2.3, Sum: 17.7]
      [Termination (ms): Min: 0.0, Avg: 0.0, Max: 0.0, Diff: 0.0, Sum: 0.0]
         [Termination Attempts: Min: 1, Avg: 15.0, Max: 20, Diff: 19, Sum: 120]
      [GC Worker Other (ms): Min: 0.0, Avg: 0.0, Max: 0.1, Diff: 0.1, Sum: 0.3]
      [GC Worker Total (ms): Min: 5.8, Avg: 5.9, Max: 6.0, Diff: 0.2, Sum: 47.3]
      [GC Worker End (ms): Min: 582214584.5, Avg: 582214584.5, Max: 582214584.6, Diff: 0.1]
   [Code Root Fixup: 0.0 ms]
   [Code Root Purge: 0.0 ms]
   [Clear CT: 0.7 ms]
   [Other: 2.7 ms]
      [Choose CSet: 0.0 ms]
      [Ref Proc: 1.8 ms]
      [Ref Enq: 0.1 ms]
      [Redirty Cards: 0.1 ms]
      [Humongous Register: 0.1 ms]
      [Humongous Reclaim: 0.0 ms]
      [Free CSet: 0.3 ms]
   [Eden: 7152.0M(7152.0M)->0.0B(5712.0M) Survivors: 16384.0K->16384.0K Heap: 10753.4M(14336.0M)->3605.2M(14336.0M)]
 [Times: user=0.06 sys=0.00, real=0.02 secs] 
2022-07-28T14:55:36.074-0700: 582307.578: [GC pause (G1 Evacuation Pause) (mixed), 0.0120727 secs]
   [Parallel Time: 8.1 ms, GC Workers: 8]
      [GC Worker Start (ms): Min: 582307578.5, Avg: 582307578.6, Max: 582307578.6, Diff: 0.1]
      [Ext Root Scanning (ms): Min: 1.2, Avg: 2.1, Max: 6.8, Diff: 5.6, Sum: 16.7]
      [Update RS (ms): Min: 0.0, Avg: 1.4, Max: 2.3, Diff: 2.3, Sum: 11.6]
         [Processed Buffers: Min: 0, Avg: 5.0, Max: 10, Diff: 10, Sum: 40]
      [Scan RS (ms): Min: 0.0, Avg: 0.6, Max: 0.8, Diff: 0.8, Sum: 4.5]
      [Code Root Scanning (ms): Min: 0.0, Avg: 0.0, Max: 0.0, Diff: 0.0, Sum: 0.1]
      [Object Copy (ms): Min: 0.9, Avg: 3.5, Max: 4.0, Diff: 3.1, Sum: 28.1]
      [Termination (ms): Min: 0.0, Avg: 0.0, Max: 0.0, Diff: 0.0, Sum: 0.0]
         [Termination Attempts: Min: 4, Avg: 8.1, Max: 13, Diff: 9, Sum: 65]
      [GC Worker Other (ms): Min: 0.0, Avg: 0.0, Max: 0.1, Diff: 0.1, Sum: 0.4]
      [GC Worker Total (ms): Min: 7.6, Avg: 7.7, Max: 7.7, Diff: 0.1, Sum: 61.3]
      [GC Worker End (ms): Min: 582307586.2, Avg: 582307586.2, Max: 582307586.3, Diff: 0.1]
   [Code Root Fixup: 0.0 ms]
   [Code Root Purge: 0.0 ms]
   [Clear CT: 0.7 ms]
   [Other: 3.3 ms]
      [Choose CSet: 0.0 ms]
      [Ref Proc: 2.7 ms]
      [Ref Enq: 0.1 ms]
      [Redirty Cards: 0.1 ms]
      [Humongous Register: 0.1 ms]
      [Humongous Reclaim: 0.0 ms]
      [Free CSet: 0.2 ms]
   [Eden: 5712.0M(5712.0M)->0.0B(7152.0M) Survivors: 16384.0K->16384.0K Heap: 9317.2M(14336.0M)->3590.2M(14336.0M)]
 [Times: user=0.07 sys=0.00, real=0.02 secs] 
2022-07-28T14:57:36.470-0700: 582427.974: [GC pause (G1 Evacuation Pause) (young), 0.0117196 secs]
   [Parallel Time: 7.1 ms, GC Workers: 8]
      [GC Worker Start (ms): Min: 582427974.6, Avg: 582427974.7, Max: 582427974.7, Diff: 0.1]
      [Ext Root Scanning (ms): Min: 1.1, Avg: 1.8, Max: 5.1, Diff: 4.0, Sum: 14.6]
      [Update RS (ms): Min: 0.4, Avg: 3.2, Max: 4.2, Diff: 3.8, Sum: 25.7]
         [Processed Buffers: Min: 1, Avg: 10.2, Max: 16, Diff: 15, Sum: 82]
      [Scan RS (ms): Min: 0.0, Avg: 0.0, Max: 0.1, Diff: 0.1, Sum: 0.4]
      [Code Root Scanning (ms): Min: 0.0, Avg: 0.0, Max: 0.0, Diff: 0.0, Sum: 0.0]
      [Object Copy (ms): Min: 1.2, Avg: 1.6, Max: 1.9, Diff: 0.7, Sum: 13.0]
      [Termination (ms): Min: 0.0, Avg: 0.0, Max: 0.0, Diff: 0.0, Sum: 0.0]
         [Termination Attempts: Min: 1, Avg: 2.1, Max: 4, Diff: 3, Sum: 17]
      [GC Worker Other (ms): Min: 0.0, Avg: 0.1, Max: 0.2, Diff: 0.2, Sum: 0.6]
      [GC Worker Total (ms): Min: 6.7, Avg: 6.8, Max: 7.0, Diff: 0.3, Sum: 54.3]
      [GC Worker End (ms): Min: 582427981.4, Avg: 582427981.5, Max: 582427981.6, Diff: 0.2]
   [Code Root Fixup: 0.0 ms]
   [Code Root Purge: 0.0 ms]
   [Clear CT: 0.7 ms]
   [Other: 3.9 ms]
      [Choose CSet: 0.0 ms]
      [Ref Proc: 3.2 ms]
      [Ref Enq: 0.1 ms]
      [Redirty Cards: 0.1 ms]
      [Humongous Register: 0.1 ms]
      [Humongous Reclaim: 0.0 ms]
      [Free CSet: 0.3 ms]
   [Eden: 7152.0M(7152.0M)->0.0B(7152.0M) Survivors: 16384.0K->16384.0K Heap: 10742.2M(14336.0M)->3595.4M(14336.0M)]
 [Times: user=0.06 sys=0.00, real=0.01 secs] 
2022-07-28T14:59:36.916-0700: 582548.420: [GC pause (G1 Evacuation Pause) (young) (initial-mark), 0.0169857 secs]
   [Parallel Time: 11.6 ms, GC Workers: 8]
      [GC Worker Start (ms): Min: 582548422.2, Avg: 582548422.3, Max: 582548422.3, Diff: 0.1]
      [Ext Root Scanning (ms): Min: 5.5, Avg: 5.8, Max: 6.2, Diff: 0.8, Sum: 46.2]
      [Update RS (ms): Min: 1.2, Avg: 1.4, Max: 1.9, Diff: 0.8, Sum: 11.2]
         [Processed Buffers: Min: 3, Avg: 5.5, Max: 9, Diff: 6, Sum: 44]
      [Scan RS (ms): Min: 0.0, Avg: 0.0, Max: 0.1, Diff: 0.1, Sum: 0.4]
      [Code Root Scanning (ms): Min: 0.0, Avg: 0.0, Max: 0.0, Diff: 0.0, Sum: 0.0]
      [Object Copy (ms): Min: 1.9, Avg: 2.4, Max: 2.9, Diff: 0.9, Sum: 19.0]
      [Termination (ms): Min: 0.0, Avg: 0.0, Max: 0.0, Diff: 0.0, Sum: 0.0]
         [Termination Attempts: Min: 1, Avg: 1.4, Max: 2, Diff: 1, Sum: 11]
      [GC Worker Other (ms): Min: 0.0, Avg: 0.0, Max: 0.1, Diff: 0.1, Sum: 0.3]
      [GC Worker Total (ms): Min: 9.6, Avg: 9.7, Max: 9.7, Diff: 0.1, Sum: 77.3]
      [GC Worker End (ms): Min: 582548431.9, Avg: 582548432.0, Max: 582548432.0, Diff: 0.0]
   [Code Root Fixup: 0.0 ms]
   [Code Root Purge: 0.0 ms]
   [Clear CT: 0.7 ms]
   [Other: 4.6 ms]
      [Choose CSet: 0.0 ms]
      [Ref Proc: 3.9 ms]
      [Ref Enq: 0.1 ms]
      [Redirty Cards: 0.1 ms]
      [Humongous Register: 0.0 ms]
      [Humongous Reclaim: 0.0 ms]
      [Free CSet: 0.3 ms]
   [Eden: 7152.0M(7152.0M)->0.0B(7152.0M) Survivors: 16384.0K->16384.0K Heap: 10747.4M(14336.0M)->3600.3M(14336.0M)]
 [Times: user=0.09 sys=0.00, real=0.01 secs] 
2022-07-28T14:59:36.933-0700: 582548.437: [GC concurrent-root-region-scan-start]
2022-07-28T14:59:36.942-0700: 582548.447: [GC concurrent-root-region-scan-end, 0.0098139 secs]
2022-07-28T14:59:36.942-0700: 582548.447: [GC concurrent-mark-start]
2022-07-28T14:59:39.591-0700: 582551.096: [GC concurrent-mark-end, 2.6485815 secs]
2022-07-28T14:59:39.591-0700: 582551.096: [GC remark 2022-07-28T14:59:39.591-0700: 582551.096: [Finalize Marking, 0.0005339 secs] 2022-07-28T14:59:39.592-0700: 582551.097: [GC ref-proc, 0.0100473 secs] 2022-07-28T14:59:39.602-0700: 582551.107: [Unloading, 0.0275826 secs], 0.0438692 secs]
 [Times: user=0.26 sys=0.00, real=0.05 secs] 
2022-07-28T14:59:39.636-0700: 582551.140: [GC cleanup 3760M->3760M(14336M), 0.0082811 secs]
 [Times: user=0.07 sys=0.00, real=0.01 secs] 
2022-07-28T15:01:37.518-0700: 582669.023: [GC pause (G1 Evacuation Pause) (young), 0.0111963 secs]
   [Parallel Time: 5.8 ms, GC Workers: 8]
      [GC Worker Start (ms): Min: 582669023.0, Avg: 582669023.1, Max: 582669023.1, Diff: 0.1]
      [Ext Root Scanning (ms): Min: 1.1, Avg: 1.9, Max: 5.4, Diff: 4.3, Sum: 15.0]
      [Update RS (ms): Min: 0.0, Avg: 1.4, Max: 1.9, Diff: 1.9, Sum: 10.9]
         [Processed Buffers: Min: 0, Avg: 4.9, Max: 8, Diff: 8, Sum: 39]
      [Scan RS (ms): Min: 0.0, Avg: 0.1, Max: 0.1, Diff: 0.1, Sum: 0.4]
      [Code Root Scanning (ms): Min: 0.0, Avg: 0.0, Max: 0.0, Diff: 0.0, Sum: 0.0]
      [Object Copy (ms): Min: 0.0, Avg: 2.0, Max: 2.4, Diff: 2.4, Sum: 15.7]
      [Termination (ms): Min: 0.0, Avg: 0.1, Max: 0.1, Diff: 0.1, Sum: 1.0]
         [Termination Attempts: Min: 1, Avg: 1.4, Max: 3, Diff: 2, Sum: 11]
      [GC Worker Other (ms): Min: 0.0, Avg: 0.0, Max: 0.1, Diff: 0.0, Sum: 0.2]
      [GC Worker Total (ms): Min: 5.3, Avg: 5.4, Max: 5.5, Diff: 0.2, Sum: 43.1]
      [GC Worker End (ms): Min: 582669028.4, Avg: 582669028.5, Max: 582669028.5, Diff: 0.1]
   [Code Root Fixup: 0.0 ms]
   [Code Root Purge: 0.0 ms]
   [Clear CT: 0.6 ms]
   [Other: 4.7 ms]
      [Choose CSet: 0.0 ms]
      [Ref Proc: 4.1 ms]
      [Ref Enq: 0.1 ms]
      [Redirty Cards: 0.1 ms]
      [Humongous Register: 0.1 ms]
      [Humongous Reclaim: 0.0 ms]
      [Free CSet: 0.3 ms]
   [Eden: 7152.0M(7152.0M)->0.0B(7152.0M) Survivors: 16384.0K->16384.0K Heap: 10752.3M(14336.0M)->3597.6M(14336.0M)]
 [Times: user=0.06 sys=0.00, real=0.01 secs] 
2022-07-28T15:03:38.422-0700: 582789.926: [GC pause (G1 Evacuation Pause) (young), 0.0097609 secs]
   [Parallel Time: 5.9 ms, GC Workers: 8]
      [GC Worker Start (ms): Min: 582789926.5, Avg: 582789926.7, Max: 582789926.7, Diff: 0.2]
      [Ext Root Scanning (ms): Min: 1.1, Avg: 1.9, Max: 5.3, Diff: 4.2, Sum: 15.4]
      [Update RS (ms): Min: 0.0, Avg: 1.6, Max: 2.4, Diff: 2.4, Sum: 13.0]
         [Processed Buffers: Min: 0, Avg: 5.8, Max: 8, Diff: 8, Sum: 46]
      [Scan RS (ms): Min: 0.0, Avg: 0.1, Max: 0.1, Diff: 0.1, Sum: 0.4]
      [Code Root Scanning (ms): Min: 0.0, Avg: 0.0, Max: 0.0, Diff: 0.0, Sum: 0.0]
      [Object Copy (ms): Min: 0.3, Avg: 2.0, Max: 2.4, Diff: 2.1, Sum: 15.8]
      [Termination (ms): Min: 0.0, Avg: 0.0, Max: 0.0, Diff: 0.0, Sum: 0.0]
         [Termination Attempts: Min: 1, Avg: 3.1, Max: 6, Diff: 5, Sum: 25]
      [GC Worker Other (ms): Min: 0.0, Avg: 0.0, Max: 0.1, Diff: 0.1, Sum: 0.4]
      [GC Worker Total (ms): Min: 5.5, Avg: 5.6, Max: 5.7, Diff: 0.2, Sum: 45.0]
      [GC Worker End (ms): Min: 582789932.2, Avg: 582789932.3, Max: 582789932.4, Diff: 0.1]
   [Code Root Fixup: 0.0 ms]
   [Code Root Purge: 0.0 ms]
   [Clear CT: 0.7 ms]
   [Other: 3.2 ms]
      [Choose CSet: 0.0 ms]
      [Ref Proc: 2.5 ms]
      [Ref Enq: 0.1 ms]
      [Redirty Cards: 0.1 ms]
      [Humongous Register: 0.1 ms]
      [Humongous Reclaim: 0.0 ms]
      [Free CSet: 0.3 ms]
   [Eden: 7152.0M(7152.0M)->0.0B(7152.0M) Survivors: 16384.0K->16384.0K Heap: 10749.6M(14336.0M)->3602.0M(14336.0M)]
 [Times: user=0.06 sys=0.00, real=0.01 secs] 
2022-07-28T15:05:41.576-0700: 582913.081: [GC pause (G1 Evacuation Pause) (young) (initial-mark), 0.0175197 secs]
   [Parallel Time: 11.8 ms, GC Workers: 8]
      [GC Worker Start (ms): Min: 582913083.4, Avg: 582913083.5, Max: 582913083.6, Diff: 0.2]
      [Ext Root Scanning (ms): Min: 5.3, Avg: 5.5, Max: 5.8, Diff: 0.6, Sum: 44.4]
      [Update RS (ms): Min: 1.5, Avg: 1.7, Max: 2.2, Diff: 0.8, Sum: 13.3]
         [Processed Buffers: Min: 3, Avg: 5.8, Max: 13, Diff: 10, Sum: 46]
      [Scan RS (ms): Min: 0.0, Avg: 0.1, Max: 0.1, Diff: 0.1, Sum: 0.4]
      [Code Root Scanning (ms): Min: 0.0, Avg: 0.0, Max: 0.0, Diff: 0.0, Sum: 0.0]
      [Object Copy (ms): Min: 1.7, Avg: 2.0, Max: 2.3, Diff: 0.7, Sum: 16.0]
      [Termination (ms): Min: 0.0, Avg: 0.0, Max: 0.0, Diff: 0.0, Sum: 0.0]
         [Termination Attempts: Min: 1, Avg: 2.2, Max: 3, Diff: 2, Sum: 18]
      [GC Worker Other (ms): Min: 0.0, Avg: 0.0, Max: 0.1, Diff: 0.1, Sum: 0.4]
      [GC Worker Total (ms): Min: 9.3, Avg: 9.3, Max: 9.4, Diff: 0.1, Sum: 74.5]
      [GC Worker End (ms): Min: 582913092.8, Avg: 582913092.8, Max: 582913092.8, Diff: 0.1]
   [Code Root Fixup: 0.0 ms]
   [Code Root Purge: 0.0 ms]
   [Clear CT: 0.7 ms]
   [Other: 5.0 ms]
      [Choose CSet: 0.0 ms]
      [Ref Proc: 4.2 ms]
      [Ref Enq: 0.1 ms]
      [Redirty Cards: 0.1 ms]
      [Humongous Register: 0.0 ms]
      [Humongous Reclaim: 0.0 ms]
      [Free CSet: 0.3 ms]
   [Eden: 7152.0M(7152.0M)->0.0B(7152.0M) Survivors: 16384.0K->16384.0K Heap: 10754.0M(14336.0M)->3599.6M(14336.0M)]
 [Times: user=0.08 sys=0.00, real=0.01 secs] 
2022-07-28T15:05:41.594-0700: 582913.099: [GC concurrent-root-region-scan-start]
2022-07-28T15:05:41.604-0700: 582913.109: [GC concurrent-root-region-scan-end, 0.0100255 secs]
2022-07-28T15:05:41.604-0700: 582913.109: [GC concurrent-mark-start]
2022-07-28T15:05:44.283-0700: 582915.787: [GC concurrent-mark-end, 2.6785507 secs]
2022-07-28T15:05:44.283-0700: 582915.788: [GC remark 2022-07-28T15:05:44.283-0700: 582915.788: [Finalize Marking, 0.0003589 secs] 2022-07-28T15:05:44.284-0700: 582915.788: [GC ref-proc, 0.0083778 secs] 2022-07-28T15:05:44.292-0700: 582915.797: [Unloading, 0.0304976 secs], 0.0449124 secs]
 [Times: user=0.27 sys=0.00, real=0.04 secs] 
2022-07-28T15:05:44.328-0700: 582915.833: [GC cleanup 3791M->3791M(14336M), 0.0089459 secs]
 [Times: user=0.06 sys=0.00, real=0.01 secs] 
2022-07-28T15:07:41.826-0700: 583033.331: [GC pause (G1 Evacuation Pause) (young), 0.0115705 secs]
   [Parallel Time: 5.9 ms, GC Workers: 8]
      [GC Worker Start (ms): Min: 583033331.2, Avg: 583033331.2, Max: 583033331.3, Diff: 0.2]
      [Ext Root Scanning (ms): Min: 0.9, Avg: 1.6, Max: 5.5, Diff: 4.6, Sum: 13.2]
      [Update RS (ms): Min: 0.0, Avg: 1.5, Max: 1.9, Diff: 1.9, Sum: 12.0]
         [Processed Buffers: Min: 0, Avg: 6.0, Max: 11, Diff: 11, Sum: 48]
      [Scan RS (ms): Min: 0.0, Avg: 0.0, Max: 0.1, Diff: 0.1, Sum: 0.4]
      [Code Root Scanning (ms): Min: 0.0, Avg: 0.0, Max: 0.0, Diff: 0.0, Sum: 0.0]
      [Object Copy (ms): Min: 0.0, Avg: 1.8, Max: 2.2, Diff: 2.2, Sum: 14.2]
      [Termination (ms): Min: 0.0, Avg: 0.5, Max: 0.6, Diff: 0.6, Sum: 4.1]
         [Termination Attempts: Min: 1, Avg: 22.8, Max: 32, Diff: 31, Sum: 182]
      [GC Worker Other (ms): Min: 0.0, Avg: 0.0, Max: 0.0, Diff: 0.0, Sum: 0.1]
      [GC Worker Total (ms): Min: 5.4, Avg: 5.5, Max: 5.6, Diff: 0.1, Sum: 44.0]
      [GC Worker End (ms): Min: 583033336.7, Avg: 583033336.7, Max: 583033336.8, Diff: 0.0]
   [Code Root Fixup: 0.0 ms]
   [Code Root Purge: 0.0 ms]
   [Clear CT: 0.6 ms]
   [Other: 5.1 ms]
      [Choose CSet: 0.0 ms]
      [Ref Proc: 4.3 ms]
      [Ref Enq: 0.1 ms]
      [Redirty Cards: 0.1 ms]
      [Humongous Register: 0.1 ms]
      [Humongous Reclaim: 0.0 ms]
      [Free CSet: 0.3 ms]
   [Eden: 7152.0M(7152.0M)->0.0B(5712.0M) Survivors: 16384.0K->16384.0K Heap: 10751.6M(14336.0M)->3601.6M(14336.0M)]
 [Times: user=0.05 sys=0.00, real=0.01 secs] 
2022-07-28T15:09:16.366-0700: 583127.870: [GC pause (G1 Evacuation Pause) (mixed), 0.0125417 secs]
   [Parallel Time: 9.4 ms, GC Workers: 8]
      [GC Worker Start (ms): Min: 583127870.6, Avg: 583127870.7, Max: 583127870.7, Diff: 0.1]
      [Ext Root Scanning (ms): Min: 1.3, Avg: 2.2, Max: 7.2, Diff: 5.9, Sum: 17.6]
      [Update RS (ms): Min: 0.0, Avg: 2.0, Max: 3.0, Diff: 3.0, Sum: 16.1]
         [Processed Buffers: Min: 0, Avg: 5.0, Max: 11, Diff: 11, Sum: 40]
      [Scan RS (ms): Min: 0.0, Avg: 0.8, Max: 1.2, Diff: 1.1, Sum: 6.5]
      [Code Root Scanning (ms): Min: 0.0, Avg: 0.0, Max: 0.0, Diff: 0.0, Sum: 0.1]
      [Object Copy (ms): Min: 2.0, Avg: 4.1, Max: 4.5, Diff: 2.6, Sum: 33.0]
      [Termination (ms): Min: 0.0, Avg: 0.0, Max: 0.0, Diff: 0.0, Sum: 0.0]
         [Termination Attempts: Min: 1, Avg: 3.6, Max: 6, Diff: 5, Sum: 29]
      [GC Worker Other (ms): Min: 0.0, Avg: 0.1, Max: 0.1, Diff: 0.1, Sum: 0.4]
      [GC Worker Total (ms): Min: 9.1, Avg: 9.2, Max: 9.3, Diff: 0.2, Sum: 73.7]
      [GC Worker End (ms): Min: 583127879.8, Avg: 583127879.9, Max: 583127879.9, Diff: 0.1]
   [Code Root Fixup: 0.0 ms]
   [Code Root Purge: 0.0 ms]
   [Clear CT: 0.7 ms]
   [Other: 2.4 ms]
      [Choose CSet: 0.0 ms]
      [Ref Proc: 1.7 ms]
      [Ref Enq: 0.1 ms]
      [Redirty Cards: 0.1 ms]
      [Humongous Register: 0.1 ms]
      [Humongous Reclaim: 0.0 ms]
      [Free CSet: 0.3 ms]
   [Eden: 5712.0M(5712.0M)->0.0B(7152.0M) Survivors: 16384.0K->16384.0K Heap: 9313.6M(14336.0M)->3594.5M(14336.0M)]
 [Times: user=0.09 sys=0.00, real=0.01 secs] 
2022-07-28T15:11:16.830-0700: 583248.335: [GC pause (G1 Evacuation Pause) (young), 0.0102466 secs]
   [Parallel Time: 7.4 ms, GC Workers: 8]
      [GC Worker Start (ms): Min: 583248335.1, Avg: 583248335.2, Max: 583248335.2, Diff: 0.1]
      [Ext Root Scanning (ms): Min: 1.1, Avg: 1.9, Max: 5.4, Diff: 4.3, Sum: 15.2]
      [Update RS (ms): Min: 0.2, Avg: 3.3, Max: 4.5, Diff: 4.3, Sum: 26.4]
         [Processed Buffers: Min: 1, Avg: 10.8, Max: 17, Diff: 16, Sum: 86]
      [Scan RS (ms): Min: 0.0, Avg: 0.0, Max: 0.1, Diff: 0.1, Sum: 0.4]
      [Code Root Scanning (ms): Min: 0.0, Avg: 0.0, Max: 0.0, Diff: 0.0, Sum: 0.0]
      [Object Copy (ms): Min: 1.4, Avg: 1.9, Max: 2.1, Diff: 0.6, Sum: 14.8]
      [Termination (ms): Min: 0.0, Avg: 0.0, Max: 0.0, Diff: 0.0, Sum: 0.0]
         [Termination Attempts: Min: 1, Avg: 1.4, Max: 2, Diff: 1, Sum: 11]
      [GC Worker Other (ms): Min: 0.0, Avg: 0.1, Max: 0.1, Diff: 0.1, Sum: 0.4]
      [GC Worker Total (ms): Min: 7.1, Avg: 7.2, Max: 7.2, Diff: 0.1, Sum: 57.2]
      [GC Worker End (ms): Min: 583248342.3, Avg: 583248342.3, Max: 583248342.4, Diff: 0.1]
   [Code Root Fixup: 0.0 ms]
   [Code Root Purge: 0.0 ms]
   [Clear CT: 0.7 ms]
   [Other: 2.1 ms]
      [Choose CSet: 0.0 ms]
      [Ref Proc: 1.5 ms]
      [Ref Enq: 0.1 ms]
      [Redirty Cards: 0.1 ms]
      [Humongous Register: 0.1 ms]
      [Humongous Reclaim: 0.0 ms]
      [Free CSet: 0.3 ms]
   [Eden: 7152.0M(7152.0M)->0.0B(7152.0M) Survivors: 16384.0K->16384.0K Heap: 10746.5M(14336.0M)->3595.3M(14336.0M)]
 [Times: user=0.07 sys=0.00, real=0.01 secs] 
2022-07-28T15:13:16.314-0700: 583367.819: [GC pause (G1 Evacuation Pause) (young) (initial-mark), 0.0179043 secs]
   [Parallel Time: 12.6 ms, GC Workers: 8]
      [GC Worker Start (ms): Min: 583367821.2, Avg: 583367821.3, Max: 583367821.4, Diff: 0.1]
      [Ext Root Scanning (ms): Min: 5.5, Avg: 6.0, Max: 6.5, Diff: 1.0, Sum: 47.7]
      [Update RS (ms): Min: 1.5, Avg: 1.8, Max: 2.4, Diff: 0.9, Sum: 14.2]
         [Processed Buffers: Min: 3, Avg: 6.0, Max: 19, Diff: 16, Sum: 48]
      [Scan RS (ms): Min: 0.0, Avg: 0.1, Max: 0.1, Diff: 0.1, Sum: 0.4]
      [Code Root Scanning (ms): Min: 0.0, Avg: 0.0, Max: 0.0, Diff: 0.0, Sum: 0.0]
      [Object Copy (ms): Min: 2.2, Avg: 2.5, Max: 3.0, Diff: 0.8, Sum: 20.3]
      [Termination (ms): Min: 0.0, Avg: 0.0, Max: 0.0, Diff: 0.0, Sum: 0.0]
         [Termination Attempts: Min: 1, Avg: 2.1, Max: 3, Diff: 2, Sum: 17]
      [GC Worker Other (ms): Min: 0.0, Avg: 0.1, Max: 0.1, Diff: 0.1, Sum: 0.4]
      [GC Worker Total (ms): Min: 10.3, Avg: 10.4, Max: 10.5, Diff: 0.2, Sum: 83.2]
      [GC Worker End (ms): Min: 583367831.6, Avg: 583367831.7, Max: 583367831.7, Diff: 0.1]
   [Code Root Fixup: 0.0 ms]
   [Code Root Purge: 0.0 ms]
   [Clear CT: 0.8 ms]
   [Other: 4.5 ms]
      [Choose CSet: 0.0 ms]
      [Ref Proc: 3.8 ms]
      [Ref Enq: 0.1 ms]
      [Redirty Cards: 0.1 ms]
      [Humongous Register: 0.1 ms]
      [Humongous Reclaim: 0.0 ms]
      [Free CSet: 0.3 ms]
   [Eden: 7152.0M(7152.0M)->0.0B(7152.0M) Survivors: 16384.0K->16384.0K Heap: 10747.3M(14336.0M)->3600.0M(14336.0M)]
 [Times: user=0.09 sys=0.00, real=0.02 secs] 
2022-07-28T15:13:16.332-0700: 583367.837: [GC concurrent-root-region-scan-start]
2022-07-28T15:13:16.342-0700: 583367.846: [GC concurrent-root-region-scan-end, 0.0093922 secs]
2022-07-28T15:13:16.342-0700: 583367.846: [GC concurrent-mark-start]
2022-07-28T15:13:19.010-0700: 583370.515: [GC concurrent-mark-end, 2.6683167 secs]
2022-07-28T15:13:19.010-0700: 583370.515: [GC remark 2022-07-28T15:13:19.010-0700: 583370.515: [Finalize Marking, 0.0002925 secs] 2022-07-28T15:13:19.011-0700: 583370.515: [GC ref-proc, 0.0085105 secs] 2022-07-28T15:13:19.019-0700: 583370.524: [Unloading, 0.0279765 secs], 0.0426029 secs]
 [Times: user=0.26 sys=0.00, real=0.04 secs] 
2022-07-28T15:13:19.053-0700: 583370.558: [GC cleanup 3801M->3801M(14336M), 0.0085092 secs]
 [Times: user=0.06 sys=0.00, real=0.01 secs] 
2022-07-28T15:15:16.126-0700: 583487.631: [GC pause (G1 Evacuation Pause) (young), 0.0116970 secs]
   [Parallel Time: 6.0 ms, GC Workers: 8]
      [GC Worker Start (ms): Min: 583487631.2, Avg: 583487631.3, Max: 583487631.4, Diff: 0.2]
      [Ext Root Scanning (ms): Min: 1.1, Avg: 1.9, Max: 5.6, Diff: 4.5, Sum: 15.2]
      [Update RS (ms): Min: 0.0, Avg: 1.4, Max: 2.2, Diff: 2.2, Sum: 10.9]
         [Processed Buffers: Min: 0, Avg: 5.2, Max: 8, Diff: 8, Sum: 42]
      [Scan RS (ms): Min: 0.0, Avg: 0.0, Max: 0.1, Diff: 0.1, Sum: 0.4]
      [Code Root Scanning (ms): Min: 0.0, Avg: 0.0, Max: 0.0, Diff: 0.0, Sum: 0.0]
      [Object Copy (ms): Min: 0.0, Avg: 2.1, Max: 3.5, Diff: 3.5, Sum: 17.0]
      [Termination (ms): Min: 0.0, Avg: 0.1, Max: 0.1, Diff: 0.1, Sum: 1.0]
         [Termination Attempts: Min: 1, Avg: 22.4, Max: 31, Diff: 30, Sum: 179]
      [GC Worker Other (ms): Min: 0.0, Avg: 0.0, Max: 0.1, Diff: 0.0, Sum: 0.2]
      [GC Worker Total (ms): Min: 5.5, Avg: 5.6, Max: 5.7, Diff: 0.2, Sum: 44.7]
      [GC Worker End (ms): Min: 583487636.9, Avg: 583487636.9, Max: 583487636.9, Diff: 0.1]
   [Code Root Fixup: 0.0 ms]
   [Code Root Purge: 0.0 ms]
   [Clear CT: 0.6 ms]
   [Other: 5.1 ms]
      [Choose CSet: 0.0 ms]
      [Ref Proc: 4.4 ms]
      [Ref Enq: 0.1 ms]
      [Redirty Cards: 0.1 ms]
      [Humongous Register: 0.1 ms]
      [Humongous Reclaim: 0.0 ms]
      [Free CSet: 0.3 ms]
   [Eden: 7152.0M(7152.0M)->0.0B(5712.0M) Survivors: 16384.0K->16384.0K Heap: 10752.0M(14336.0M)->3598.0M(14336.0M)]
 [Times: user=0.05 sys=0.01, real=0.01 secs] 
2022-07-28T15:16:52.471-0700: 583583.975: [GC pause (G1 Evacuation Pause) (mixed), 0.0135052 secs]
   [Parallel Time: 9.4 ms, GC Workers: 8]
      [GC Worker Start (ms): Min: 583583975.4, Avg: 583583975.5, Max: 583583975.6, Diff: 0.2]
      [Ext Root Scanning (ms): Min: 1.3, Avg: 2.3, Max: 7.4, Diff: 6.1, Sum: 18.8]
      [Update RS (ms): Min: 0.0, Avg: 2.0, Max: 2.9, Diff: 2.9, Sum: 15.8]
         [Processed Buffers: Min: 0, Avg: 5.5, Max: 12, Diff: 12, Sum: 44]
      [Scan RS (ms): Min: 0.0, Avg: 0.6, Max: 0.9, Diff: 0.8, Sum: 4.7]
      [Code Root Scanning (ms): Min: 0.0, Avg: 0.0, Max: 0.0, Diff: 0.0, Sum: 0.0]
      [Object Copy (ms): Min: 1.8, Avg: 4.2, Max: 4.7, Diff: 2.9, Sum: 33.9]
      [Termination (ms): Min: 0.0, Avg: 0.0, Max: 0.0, Diff: 0.0, Sum: 0.0]
         [Termination Attempts: Min: 1, Avg: 7.6, Max: 11, Diff: 10, Sum: 61]
      [GC Worker Other (ms): Min: 0.0, Avg: 0.1, Max: 0.1, Diff: 0.1, Sum: 0.5]
      [GC Worker Total (ms): Min: 9.1, Avg: 9.2, Max: 9.3, Diff: 0.2, Sum: 73.8]
      [GC Worker End (ms): Min: 583583984.7, Avg: 583583984.7, Max: 583583984.8, Diff: 0.1]
   [Code Root Fixup: 0.0 ms]
   [Code Root Purge: 0.0 ms]
   [Clear CT: 0.7 ms]
   [Other: 3.4 ms]
      [Choose CSet: 0.0 ms]
      [Ref Proc: 2.7 ms]
      [Ref Enq: 0.1 ms]
      [Redirty Cards: 0.1 ms]
      [Humongous Register: 0.1 ms]
      [Humongous Reclaim: 0.0 ms]
      [Free CSet: 0.2 ms]
   [Eden: 5712.0M(5712.0M)->0.0B(7152.0M) Survivors: 16384.0K->16384.0K Heap: 9310.0M(14336.0M)->3588.8M(14336.0M)]
 [Times: user=0.09 sys=0.00, real=0.02 secs] 
2022-07-28T15:18:52.872-0700: 583704.377: [GC pause (G1 Evacuation Pause) (young), 0.0111975 secs]
   [Parallel Time: 8.2 ms, GC Workers: 8]
      [GC Worker Start (ms): Min: 583704376.8, Avg: 583704376.9, Max: 583704376.9, Diff: 0.1]
      [Ext Root Scanning (ms): Min: 1.1, Avg: 1.9, Max: 5.3, Diff: 4.2, Sum: 15.2]
      [Update RS (ms): Min: 0.0, Avg: 3.1, Max: 4.8, Diff: 4.8, Sum: 24.7]
         [Processed Buffers: Min: 0, Avg: 10.9, Max: 18, Diff: 18, Sum: 87]
      [Scan RS (ms): Min: 0.0, Avg: 0.1, Max: 0.1, Diff: 0.1, Sum: 0.4]
      [Code Root Scanning (ms): Min: 0.0, Avg: 0.0, Max: 0.0, Diff: 0.0, Sum: 0.0]
      [Object Copy (ms): Min: 1.8, Avg: 2.7, Max: 6.7, Diff: 4.9, Sum: 21.7]
      [Termination (ms): Min: 0.0, Avg: 0.1, Max: 0.2, Diff: 0.2, Sum: 1.1]
         [Termination Attempts: Min: 1, Avg: 15.4, Max: 22, Diff: 21, Sum: 123]
      [GC Worker Other (ms): Min: 0.0, Avg: 0.0, Max: 0.0, Diff: 0.0, Sum: 0.2]
      [GC Worker Total (ms): Min: 7.8, Avg: 7.9, Max: 8.0, Diff: 0.2, Sum: 63.4]
      [GC Worker End (ms): Min: 583704384.8, Avg: 583704384.8, Max: 583704384.8, Diff: 0.0]
   [Code Root Fixup: 0.0 ms]
   [Code Root Purge: 0.0 ms]
   [Clear CT: 0.7 ms]
   [Other: 2.2 ms]
      [Choose CSet: 0.0 ms]
      [Ref Proc: 1.6 ms]
      [Ref Enq: 0.1 ms]
      [Redirty Cards: 0.1 ms]
      [Humongous Register: 0.1 ms]
      [Humongous Reclaim: 0.0 ms]
      [Free CSet: 0.3 ms]
   [Eden: 7152.0M(7152.0M)->0.0B(7152.0M) Survivors: 16384.0K->16384.0K Heap: 10740.8M(14336.0M)->3596.6M(14336.0M)]
 [Times: user=0.07 sys=0.00, real=0.02 secs] 
2022-07-28T15:20:56.817-0700: 583828.321: [GC pause (G1 Evacuation Pause) (young) (initial-mark), 0.0170939 secs]
   [Parallel Time: 12.4 ms, GC Workers: 8]
      [GC Worker Start (ms): Min: 583828323.6, Avg: 583828323.7, Max: 583828323.7, Diff: 0.1]
      [Ext Root Scanning (ms): Min: 5.8, Avg: 6.1, Max: 6.6, Diff: 0.8, Sum: 48.8]
      [Update RS (ms): Min: 1.2, Avg: 1.5, Max: 2.1, Diff: 0.9, Sum: 12.1]
         [Processed Buffers: Min: 3, Avg: 5.1, Max: 7, Diff: 4, Sum: 41]
      [Scan RS (ms): Min: 0.0, Avg: 0.0, Max: 0.1, Diff: 0.1, Sum: 0.4]
      [Code Root Scanning (ms): Min: 0.0, Avg: 0.0, Max: 0.0, Diff: 0.0, Sum: 0.0]
      [Object Copy (ms): Min: 1.2, Avg: 2.2, Max: 2.6, Diff: 1.4, Sum: 17.5]
      [Termination (ms): Min: 0.0, Avg: 0.0, Max: 0.0, Diff: 0.0, Sum: 0.0]
         [Termination Attempts: Min: 1, Avg: 3.1, Max: 6, Diff: 5, Sum: 25]
      [GC Worker Other (ms): Min: 0.0, Avg: 0.1, Max: 0.1, Diff: 0.1, Sum: 0.4]
      [GC Worker Total (ms): Min: 9.8, Avg: 9.9, Max: 10.0, Diff: 0.1, Sum: 79.2]
      [GC Worker End (ms): Min: 583828333.5, Avg: 583828333.6, Max: 583828333.6, Diff: 0.1]
   [Code Root Fixup: 0.0 ms]
   [Code Root Purge: 0.0 ms]
   [Clear CT: 0.8 ms]
   [Other: 3.9 ms]
      [Choose CSet: 0.0 ms]
      [Ref Proc: 3.2 ms]
      [Ref Enq: 0.1 ms]
      [Redirty Cards: 0.1 ms]
      [Humongous Register: 0.0 ms]
      [Humongous Reclaim: 0.0 ms]
      [Free CSet: 0.3 ms]
   [Eden: 7152.0M(7152.0M)->0.0B(7152.0M) Survivors: 16384.0K->16384.0K Heap: 10748.6M(14336.0M)->3595.1M(14336.0M)]
 [Times: user=0.07 sys=0.01, real=0.01 secs] 
2022-07-28T15:20:56.834-0700: 583828.338: [GC concurrent-root-region-scan-start]
2022-07-28T15:20:56.843-0700: 583828.348: [GC concurrent-root-region-scan-end, 0.0091255 secs]
2022-07-28T15:20:56.843-0700: 583828.348: [GC concurrent-mark-start]
2022-07-28T15:20:59.574-0700: 583831.079: [GC concurrent-mark-end, 2.7311095 secs]
2022-07-28T15:20:59.574-0700: 583831.079: [GC remark 2022-07-28T15:20:59.574-0700: 583831.079: [Finalize Marking, 0.0002373 secs] 2022-07-28T15:20:59.575-0700: 583831.079: [GC ref-proc, 0.0111989 secs] 2022-07-28T15:20:59.586-0700: 583831.091: [Unloading, 0.0276287 secs], 0.0447606 secs]
 [Times: user=0.26 sys=0.00, real=0.05 secs] 
2022-07-28T15:20:59.619-0700: 583831.124: [GC cleanup 3827M->3827M(14336M), 0.0085471 secs]
 [Times: user=0.06 sys=0.00, real=0.01 secs] 
2022-07-28T15:22:57.820-0700: 583949.325: [GC pause (G1 Evacuation Pause) (young), 0.0121628 secs]
   [Parallel Time: 6.4 ms, GC Workers: 8]
      [GC Worker Start (ms): Min: 583949325.3, Avg: 583949325.4, Max: 583949325.5, Diff: 0.1]
      [Ext Root Scanning (ms): Min: 1.3, Avg: 2.1, Max: 5.9, Diff: 4.6, Sum: 16.9]
      [Update RS (ms): Min: 0.0, Avg: 1.7, Max: 2.3, Diff: 2.3, Sum: 13.2]
         [Processed Buffers: Min: 0, Avg: 6.2, Max: 12, Diff: 12, Sum: 50]
      [Scan RS (ms): Min: 0.0, Avg: 0.1, Max: 0.1, Diff: 0.1, Sum: 0.4]
      [Code Root Scanning (ms): Min: 0.0, Avg: 0.0, Max: 0.0, Diff: 0.0, Sum: 0.0]
      [Object Copy (ms): Min: 0.0, Avg: 2.0, Max: 2.4, Diff: 2.4, Sum: 15.9]
      [Termination (ms): Min: 0.0, Avg: 0.1, Max: 0.1, Diff: 0.1, Sum: 0.5]
         [Termination Attempts: Min: 1, Avg: 2.5, Max: 4, Diff: 3, Sum: 20]
      [GC Worker Other (ms): Min: 0.0, Avg: 0.0, Max: 0.1, Diff: 0.0, Sum: 0.2]
      [GC Worker Total (ms): Min: 5.8, Avg: 5.9, Max: 6.0, Diff: 0.1, Sum: 47.2]
      [GC Worker End (ms): Min: 583949331.3, Avg: 583949331.3, Max: 583949331.3, Diff: 0.1]
   [Code Root Fixup: 0.0 ms]
   [Code Root Purge: 0.0 ms]
   [Clear CT: 0.7 ms]
   [Other: 5.1 ms]
      [Choose CSet: 0.0 ms]
      [Ref Proc: 4.3 ms]
      [Ref Enq: 0.1 ms]
      [Redirty Cards: 0.1 ms]
      [Humongous Register: 0.1 ms]
      [Humongous Reclaim: 0.0 ms]
      [Free CSet: 0.3 ms]
   [Eden: 7152.0M(7152.0M)->0.0B(7152.0M) Survivors: 16384.0K->16384.0K Heap: 10747.1M(14336.0M)->3599.1M(14336.0M)]
 [Times: user=0.06 sys=0.01, real=0.01 secs] 
2022-07-28T15:25:01.421-0700: 584072.926: [GC pause (G1 Evacuation Pause) (young), 0.0117368 secs]
   [Parallel Time: 6.1 ms, GC Workers: 8]
      [GC Worker Start (ms): Min: 584072926.0, Avg: 584072926.0, Max: 584072926.1, Diff: 0.1]
      [Ext Root Scanning (ms): Min: 1.2, Avg: 2.0, Max: 5.8, Diff: 4.6, Sum: 15.6]
      [Update RS (ms): Min: 0.0, Avg: 1.6, Max: 2.5, Diff: 2.5, Sum: 12.4]
         [Processed Buffers: Min: 0, Avg: 5.0, Max: 9, Diff: 9, Sum: 40]
      [Scan RS (ms): Min: 0.0, Avg: 0.1, Max: 0.1, Diff: 0.1, Sum: 0.5]
      [Code Root Scanning (ms): Min: 0.0, Avg: 0.0, Max: 0.0, Diff: 0.0, Sum: 0.0]
      [Object Copy (ms): Min: 0.0, Avg: 2.0, Max: 2.5, Diff: 2.5, Sum: 15.9]
      [Termination (ms): Min: 0.0, Avg: 0.2, Max: 0.2, Diff: 0.2, Sum: 1.3]
         [Termination Attempts: Min: 1, Avg: 1.5, Max: 3, Diff: 2, Sum: 12]
      [GC Worker Other (ms): Min: 0.0, Avg: 0.0, Max: 0.0, Diff: 0.0, Sum: 0.2]
      [GC Worker Total (ms): Min: 5.7, Avg: 5.7, Max: 5.8, Diff: 0.1, Sum: 45.9]
      [GC Worker End (ms): Min: 584072931.8, Avg: 584072931.8, Max: 584072931.8, Diff: 0.0]
   [Code Root Fixup: 0.0 ms]
   [Code Root Purge: 0.0 ms]
   [Clear CT: 0.7 ms]
   [Other: 5.0 ms]
      [Choose CSet: 0.0 ms]
      [Ref Proc: 4.3 ms]
      [Ref Enq: 0.1 ms]
      [Redirty Cards: 0.1 ms]
      [Humongous Register: 0.1 ms]
      [Humongous Reclaim: 0.0 ms]
      [Free CSet: 0.3 ms]
   [Eden: 7152.0M(7152.0M)->0.0B(7152.0M) Survivors: 16384.0K->16384.0K Heap: 10751.1M(14336.0M)->3596.5M(14336.0M)]
 [Times: user=0.07 sys=0.00, real=0.01 secs] 
2022-07-28T15:27:00.022-0700: 584191.526: [GC pause (G1 Evacuation Pause) (young) (initial-mark), 0.0150733 secs]
   [Parallel Time: 11.5 ms, GC Workers: 8]
      [GC Worker Start (ms): Min: 584191528.6, Avg: 584191528.7, Max: 584191528.7, Diff: 0.1]
      [Ext Root Scanning (ms): Min: 5.0, Avg: 5.4, Max: 5.9, Diff: 0.9, Sum: 43.1]
      [Update RS (ms): Min: 1.5, Avg: 1.7, Max: 2.3, Diff: 0.8, Sum: 13.7]
         [Processed Buffers: Min: 4, Avg: 5.6, Max: 7, Diff: 3, Sum: 45]
      [Scan RS (ms): Min: 0.0, Avg: 0.1, Max: 0.1, Diff: 0.1, Sum: 0.4]
      [Code Root Scanning (ms): Min: 0.0, Avg: 0.0, Max: 0.0, Diff: 0.0, Sum: 0.0]
      [Object Copy (ms): Min: 1.8, Avg: 2.1, Max: 2.5, Diff: 0.7, Sum: 16.7]
      [Termination (ms): Min: 0.0, Avg: 0.0, Max: 0.0, Diff: 0.0, Sum: 0.0]
         [Termination Attempts: Min: 1, Avg: 1.1, Max: 2, Diff: 1, Sum: 9]
      [GC Worker Other (ms): Min: 0.0, Avg: 0.1, Max: 0.2, Diff: 0.1, Sum: 0.5]
      [GC Worker Total (ms): Min: 9.2, Avg: 9.3, Max: 9.4, Diff: 0.2, Sum: 74.4]
      [GC Worker End (ms): Min: 584191537.9, Avg: 584191538.0, Max: 584191538.1, Diff: 0.1]
   [Code Root Fixup: 0.0 ms]
   [Code Root Purge: 0.0 ms]
   [Clear CT: 0.8 ms]
   [Other: 2.7 ms]
      [Choose CSet: 0.0 ms]
      [Ref Proc: 2.0 ms]
      [Ref Enq: 0.1 ms]
      [Redirty Cards: 0.1 ms]
      [Humongous Register: 0.1 ms]
      [Humongous Reclaim: 0.0 ms]
      [Free CSet: 0.3 ms]
   [Eden: 7152.0M(7152.0M)->0.0B(7152.0M) Survivors: 16384.0K->16384.0K Heap: 10748.5M(14336.0M)->3598.4M(14336.0M)]
 [Times: user=0.07 sys=0.01, real=0.02 secs] 
2022-07-28T15:27:00.037-0700: 584191.542: [GC concurrent-root-region-scan-start]
2022-07-28T15:27:00.046-0700: 584191.551: [GC concurrent-root-region-scan-end, 0.0095306 secs]
2022-07-28T15:27:00.046-0700: 584191.551: [GC concurrent-mark-start]
2022-07-28T15:27:02.735-0700: 584194.240: [GC concurrent-mark-end, 2.6885349 secs]
2022-07-28T15:27:02.735-0700: 584194.240: [GC remark 2022-07-28T15:27:02.735-0700: 584194.240: [Finalize Marking, 0.0001655 secs] 2022-07-28T15:27:02.735-0700: 584194.240: [GC ref-proc, 0.0056198 secs] 2022-07-28T15:27:02.741-0700: 584194.246: [Unloading, 0.0282774 secs], 0.0397709 secs]
 [Times: user=0.26 sys=0.00, real=0.04 secs] 
2022-07-28T15:27:02.775-0700: 584194.280: [GC cleanup 3758M->3758M(14336M), 0.0083651 secs]
 [Times: user=0.06 sys=0.00, real=0.01 secs] 
2022-07-28T15:28:59.063-0700: 584310.568: [GC pause (G1 Evacuation Pause) (young), 0.0099334 secs]
   [Parallel Time: 6.9 ms, GC Workers: 8]
      [GC Worker Start (ms): Min: 584310567.7, Avg: 584310567.8, Max: 584310567.8, Diff: 0.1]
      [Ext Root Scanning (ms): Min: 1.4, Avg: 2.2, Max: 5.8, Diff: 4.4, Sum: 17.5]
      [Update RS (ms): Min: 0.0, Avg: 1.8, Max: 2.7, Diff: 2.7, Sum: 14.6]
         [Processed Buffers: Min: 0, Avg: 5.4, Max: 16, Diff: 16, Sum: 43]
      [Scan RS (ms): Min: 0.0, Avg: 0.1, Max: 0.2, Diff: 0.1, Sum: 0.5]
      [Code Root Scanning (ms): Min: 0.0, Avg: 0.0, Max: 0.0, Diff: 0.0, Sum: 0.0]
      [Object Copy (ms): Min: 0.8, Avg: 2.6, Max: 3.1, Diff: 2.2, Sum: 20.7]
      [Termination (ms): Min: 0.0, Avg: 0.0, Max: 0.0, Diff: 0.0, Sum: 0.0]
         [Termination Attempts: Min: 1, Avg: 8.8, Max: 13, Diff: 12, Sum: 70]
      [GC Worker Other (ms): Min: 0.0, Avg: 0.1, Max: 0.1, Diff: 0.1, Sum: 0.4]
      [GC Worker Total (ms): Min: 6.6, Avg: 6.7, Max: 6.8, Diff: 0.1, Sum: 53.7]
      [GC Worker End (ms): Min: 584310574.5, Avg: 584310574.5, Max: 584310574.5, Diff: 0.1]
   [Code Root Fixup: 0.0 ms]
   [Code Root Purge: 0.0 ms]
   [Clear CT: 0.8 ms]
   [Other: 2.2 ms]
      [Choose CSet: 0.0 ms]
      [Ref Proc: 1.5 ms]
      [Ref Enq: 0.1 ms]
      [Redirty Cards: 0.1 ms]
      [Humongous Register: 0.1 ms]
      [Humongous Reclaim: 0.0 ms]
      [Free CSet: 0.3 ms]
   [Eden: 7152.0M(7152.0M)->0.0B(5712.0M) Survivors: 16384.0K->16384.0K Heap: 10750.4M(14336.0M)->3602.7M(14336.0M)]
 [Times: user=0.05 sys=0.01, real=0.00 secs] 
2022-07-28T15:30:34.117-0700: 584405.622: [GC pause (G1 Evacuation Pause) (mixed), 0.0136750 secs]
   [Parallel Time: 9.6 ms, GC Workers: 8]
      [GC Worker Start (ms): Min: 584405622.4, Avg: 584405622.4, Max: 584405622.5, Diff: 0.1]
      [Ext Root Scanning (ms): Min: 1.5, Avg: 2.4, Max: 6.4, Diff: 4.9, Sum: 19.4]
      [Update RS (ms): Min: 0.0, Avg: 1.9, Max: 2.3, Diff: 2.3, Sum: 14.8]
         [Processed Buffers: Min: 0, Avg: 5.1, Max: 10, Diff: 10, Sum: 41]
      [Scan RS (ms): Min: 0.0, Avg: 0.7, Max: 1.1, Diff: 1.1, Sum: 5.6]
      [Code Root Scanning (ms): Min: 0.0, Avg: 0.0, Max: 0.0, Diff: 0.0, Sum: 0.1]
      [Object Copy (ms): Min: 2.8, Avg: 4.2, Max: 4.6, Diff: 1.8, Sum: 33.9]
      [Termination (ms): Min: 0.0, Avg: 0.0, Max: 0.0, Diff: 0.0, Sum: 0.0]
         [Termination Attempts: Min: 1, Avg: 13.0, Max: 18, Diff: 17, Sum: 104]
      [GC Worker Other (ms): Min: 0.0, Avg: 0.1, Max: 0.1, Diff: 0.1, Sum: 0.5]
      [GC Worker Total (ms): Min: 9.3, Avg: 9.3, Max: 9.4, Diff: 0.1, Sum: 74.3]
      [GC Worker End (ms): Min: 584405631.7, Avg: 584405631.7, Max: 584405631.8, Diff: 0.1]
   [Code Root Fixup: 0.0 ms]
   [Code Root Purge: 0.0 ms]
   [Clear CT: 0.7 ms]
   [Other: 3.4 ms]
      [Choose CSet: 0.0 ms]
      [Ref Proc: 2.8 ms]
      [Ref Enq: 0.1 ms]
      [Redirty Cards: 0.1 ms]
      [Humongous Register: 0.1 ms]
      [Humongous Reclaim: 0.0 ms]
      [Free CSet: 0.2 ms]
   [Eden: 5712.0M(5712.0M)->0.0B(7152.0M) Survivors: 16384.0K->16384.0K Heap: 9314.7M(14336.0M)->3589.9M(14336.0M)]
 [Times: user=0.09 sys=0.00, real=0.01 secs] 
2022-07-28T15:32:35.424-0700: 584526.929: [GC pause (G1 Evacuation Pause) (young), 0.0124047 secs]
   [Parallel Time: 7.8 ms, GC Workers: 8]
      [GC Worker Start (ms): Min: 584526929.1, Avg: 584526929.2, Max: 584526929.2, Diff: 0.1]
      [Ext Root Scanning (ms): Min: 1.1, Avg: 1.9, Max: 5.3, Diff: 4.2, Sum: 15.0]
      [Update RS (ms): Min: 0.3, Avg: 3.5, Max: 4.7, Diff: 4.3, Sum: 27.8]
         [Processed Buffers: Min: 1, Avg: 11.2, Max: 19, Diff: 18, Sum: 90]
      [Scan RS (ms): Min: 0.0, Avg: 0.1, Max: 0.1, Diff: 0.1, Sum: 0.4]
      [Code Root Scanning (ms): Min: 0.0, Avg: 0.0, Max: 0.0, Diff: 0.0, Sum: 0.0]
      [Object Copy (ms): Min: 1.4, Avg: 1.9, Max: 2.1, Diff: 0.8, Sum: 15.1]
      [Termination (ms): Min: 0.0, Avg: 0.0, Max: 0.0, Diff: 0.0, Sum: 0.1]
         [Termination Attempts: Min: 29, Avg: 33.6, Max: 41, Diff: 12, Sum: 269]
      [GC Worker Other (ms): Min: 0.0, Avg: 0.1, Max: 0.1, Diff: 0.1, Sum: 0.5]
      [GC Worker Total (ms): Min: 7.3, Avg: 7.3, Max: 7.5, Diff: 0.2, Sum: 58.8]
      [GC Worker End (ms): Min: 584526936.5, Avg: 584526936.5, Max: 584526936.6, Diff: 0.1]
   [Code Root Fixup: 0.0 ms]
   [Code Root Purge: 0.0 ms]
   [Clear CT: 0.7 ms]
   [Other: 3.9 ms]
      [Choose CSet: 0.0 ms]
      [Ref Proc: 3.2 ms]
      [Ref Enq: 0.1 ms]
      [Redirty Cards: 0.1 ms]
      [Humongous Register: 0.1 ms]
      [Humongous Reclaim: 0.0 ms]
      [Free CSet: 0.3 ms]
   [Eden: 7152.0M(7152.0M)->0.0B(7152.0M) Survivors: 16384.0K->16384.0K Heap: 10741.9M(14336.0M)->3596.1M(14336.0M)]
 [Times: user=0.07 sys=0.00, real=0.01 secs] 
2022-07-28T15:34:34.914-0700: 584646.418: [GC pause (G1 Evacuation Pause) (young) (initial-mark), 0.0177949 secs]
   [Parallel Time: 12.9 ms, GC Workers: 8]
      [GC Worker Start (ms): Min: 584646420.6, Avg: 584646420.7, Max: 584646420.7, Diff: 0.2]
      [Ext Root Scanning (ms): Min: 6.1, Avg: 6.4, Max: 6.8, Diff: 0.8, Sum: 51.2]
      [Update RS (ms): Min: 1.3, Avg: 1.4, Max: 1.9, Diff: 0.7, Sum: 11.5]
         [Processed Buffers: Min: 3, Avg: 5.8, Max: 9, Diff: 6, Sum: 46]
      [Scan RS (ms): Min: 0.0, Avg: 0.0, Max: 0.1, Diff: 0.1, Sum: 0.4]
      [Code Root Scanning (ms): Min: 0.0, Avg: 0.0, Max: 0.0, Diff: 0.0, Sum: 0.0]
      [Object Copy (ms): Min: 2.1, Avg: 2.5, Max: 2.9, Diff: 0.8, Sum: 20.1]
      [Termination (ms): Min: 0.0, Avg: 0.0, Max: 0.0, Diff: 0.0, Sum: 0.0]
         [Termination Attempts: Min: 1, Avg: 10.2, Max: 15, Diff: 14, Sum: 82]
      [GC Worker Other (ms): Min: 0.0, Avg: 0.1, Max: 0.1, Diff: 0.1, Sum: 0.6]
      [GC Worker Total (ms): Min: 10.4, Avg: 10.5, Max: 10.6, Diff: 0.2, Sum: 83.9]
      [GC Worker End (ms): Min: 584646431.1, Avg: 584646431.2, Max: 584646431.2, Diff: 0.1]
   [Code Root Fixup: 0.0 ms]
   [Code Root Purge: 0.0 ms]
   [Clear CT: 0.8 ms]
   [Other: 4.1 ms]
      [Choose CSet: 0.0 ms]
      [Ref Proc: 3.4 ms]
      [Ref Enq: 0.1 ms]
      [Redirty Cards: 0.1 ms]
      [Humongous Register: 0.0 ms]
      [Humongous Reclaim: 0.0 ms]
      [Free CSet: 0.3 ms]
   [Eden: 7152.0M(7152.0M)->0.0B(7152.0M) Survivors: 16384.0K->16384.0K Heap: 10748.1M(14336.0M)->3600.8M(14336.0M)]
 [Times: user=0.09 sys=0.00, real=0.02 secs] 
2022-07-28T15:34:34.932-0700: 584646.436: [GC concurrent-root-region-scan-start]
2022-07-28T15:34:34.942-0700: 584646.447: [GC concurrent-root-region-scan-end, 0.0101185 secs]
2022-07-28T15:34:34.942-0700: 584646.447: [GC concurrent-mark-start]
2022-07-28T15:34:37.617-0700: 584649.122: [GC concurrent-mark-end, 2.6755086 secs]
2022-07-28T15:34:37.618-0700: 584649.122: [GC remark 2022-07-28T15:34:37.618-0700: 584649.122: [Finalize Marking, 0.0002545 secs] 2022-07-28T15:34:37.618-0700: 584649.123: [GC ref-proc, 0.0072291 secs] 2022-07-28T15:34:37.625-0700: 584649.130: [Unloading, 0.0283381 secs], 0.0415531 secs]
 [Times: user=0.26 sys=0.00, real=0.04 secs] 
2022-07-28T15:34:37.660-0700: 584649.164: [GC cleanup 3825M->3825M(14336M), 0.0085741 secs]
 [Times: user=0.06 sys=0.00, real=0.01 secs] 
2022-07-28T15:36:33.725-0700: 584765.230: [GC pause (G1 Evacuation Pause) (young), 0.0105777 secs]
   [Parallel Time: 6.2 ms, GC Workers: 8]
      [GC Worker Start (ms): Min: 584765230.3, Avg: 584765230.4, Max: 584765230.5, Diff: 0.2]
      [Ext Root Scanning (ms): Min: 1.2, Avg: 2.0, Max: 5.5, Diff: 4.2, Sum: 16.0]
      [Update RS (ms): Min: 0.0, Avg: 1.7, Max: 2.6, Diff: 2.6, Sum: 13.8]
         [Processed Buffers: Min: 0, Avg: 5.9, Max: 13, Diff: 13, Sum: 47]
      [Scan RS (ms): Min: 0.0, Avg: 0.1, Max: 0.2, Diff: 0.2, Sum: 0.4]
      [Code Root Scanning (ms): Min: 0.0, Avg: 0.0, Max: 0.0, Diff: 0.0, Sum: 0.0]
      [Object Copy (ms): Min: 0.5, Avg: 2.1, Max: 2.5, Diff: 2.0, Sum: 16.8]
      [Termination (ms): Min: 0.0, Avg: 0.0, Max: 0.0, Diff: 0.0, Sum: 0.0]
         [Termination Attempts: Min: 1, Avg: 5.2, Max: 9, Diff: 8, Sum: 42]
      [GC Worker Other (ms): Min: 0.0, Avg: 0.0, Max: 0.1, Diff: 0.1, Sum: 0.3]
      [GC Worker Total (ms): Min: 5.8, Avg: 5.9, Max: 6.0, Diff: 0.2, Sum: 47.4]
      [GC Worker End (ms): Min: 584765236.3, Avg: 584765236.3, Max: 584765236.4, Diff: 0.1]
   [Code Root Fixup: 0.0 ms]
   [Code Root Purge: 0.0 ms]
   [Clear CT: 0.7 ms]
   [Other: 3.7 ms]
      [Choose CSet: 0.0 ms]
      [Ref Proc: 2.9 ms]
      [Ref Enq: 0.1 ms]
      [Redirty Cards: 0.1 ms]
      [Humongous Register: 0.1 ms]
      [Humongous Reclaim: 0.0 ms]
      [Free CSet: 0.3 ms]
   [Eden: 7152.0M(7152.0M)->0.0B(5712.0M) Survivors: 16384.0K->16384.0K Heap: 10752.8M(14336.0M)->3598.3M(14336.0M)]
 [Times: user=0.06 sys=0.00, real=0.01 secs] 
2022-07-28T15:38:09.124-0700: 584860.628: [GC pause (G1 Evacuation Pause) (mixed), 0.0154648 secs]
   [Parallel Time: 11.7 ms, GC Workers: 8]
      [GC Worker Start (ms): Min: 584860628.6, Avg: 584860628.7, Max: 584860628.8, Diff: 0.2]
      [Ext Root Scanning (ms): Min: 2.6, Avg: 4.0, Max: 5.2, Diff: 2.6, Sum: 32.2]
      [Update RS (ms): Min: 0.9, Avg: 1.8, Max: 2.7, Diff: 1.8, Sum: 14.4]
         [Processed Buffers: Min: 2, Avg: 5.4, Max: 12, Diff: 10, Sum: 43]
      [Scan RS (ms): Min: 0.0, Avg: 0.7, Max: 0.9, Diff: 0.8, Sum: 5.3]
      [Code Root Scanning (ms): Min: 0.0, Avg: 0.0, Max: 0.0, Diff: 0.0, Sum: 0.1]
      [Object Copy (ms): Min: 4.4, Avg: 4.9, Max: 5.5, Diff: 1.2, Sum: 39.0]
      [Termination (ms): Min: 0.0, Avg: 0.0, Max: 0.0, Diff: 0.0, Sum: 0.0]
         [Termination Attempts: Min: 1, Avg: 2.2, Max: 3, Diff: 2, Sum: 18]
      [GC Worker Other (ms): Min: 0.0, Avg: 0.1, Max: 0.1, Diff: 0.1, Sum: 0.5]
      [GC Worker Total (ms): Min: 11.3, Avg: 11.4, Max: 11.6, Diff: 0.2, Sum: 91.5]
      [GC Worker End (ms): Min: 584860640.1, Avg: 584860640.1, Max: 584860640.2, Diff: 0.1]
   [Code Root Fixup: 0.0 ms]
   [Code Root Purge: 0.0 ms]
   [Clear CT: 0.7 ms]
   [Other: 3.0 ms]
      [Choose CSet: 0.0 ms]
      [Ref Proc: 2.4 ms]
      [Ref Enq: 0.1 ms]
      [Redirty Cards: 0.0 ms]
      [Humongous Register: 0.1 ms]
      [Humongous Reclaim: 0.0 ms]
      [Free CSet: 0.2 ms]
   [Eden: 5712.0M(5712.0M)->0.0B(7152.0M) Survivors: 16384.0K->16384.0K Heap: 9310.3M(14336.0M)->3591.7M(14336.0M)]
 [Times: user=0.09 sys=0.00, real=0.01 secs] 
2022-07-28T15:40:10.320-0700: 584981.825: [GC pause (G1 Evacuation Pause) (young), 0.0133181 secs]
   [Parallel Time: 8.6 ms, GC Workers: 8]
      [GC Worker Start (ms): Min: 584981825.3, Avg: 584981825.4, Max: 584981825.4, Diff: 0.1]
      [Ext Root Scanning (ms): Min: 1.3, Avg: 2.0, Max: 5.4, Diff: 4.1, Sum: 15.8]
      [Update RS (ms): Min: 1.1, Avg: 4.2, Max: 5.4, Diff: 4.3, Sum: 33.8]
         [Processed Buffers: Min: 2, Avg: 11.6, Max: 20, Diff: 18, Sum: 93]
      [Scan RS (ms): Min: 0.0, Avg: 0.0, Max: 0.1, Diff: 0.1, Sum: 0.4]
      [Code Root Scanning (ms): Min: 0.0, Avg: 0.0, Max: 0.0, Diff: 0.0, Sum: 0.0]
      [Object Copy (ms): Min: 1.6, Avg: 2.1, Max: 2.3, Diff: 0.7, Sum: 16.4]
      [Termination (ms): Min: 0.0, Avg: 0.0, Max: 0.0, Diff: 0.0, Sum: 0.0]
         [Termination Attempts: Min: 2, Avg: 3.2, Max: 6, Diff: 4, Sum: 26]
      [GC Worker Other (ms): Min: 0.0, Avg: 0.1, Max: 0.1, Diff: 0.1, Sum: 0.5]
      [GC Worker Total (ms): Min: 8.3, Avg: 8.4, Max: 8.5, Diff: 0.2, Sum: 66.9]
      [GC Worker End (ms): Min: 584981833.7, Avg: 584981833.7, Max: 584981833.8, Diff: 0.1]
   [Code Root Fixup: 0.0 ms]
   [Code Root Purge: 0.0 ms]
   [Clear CT: 0.8 ms]
   [Other: 4.0 ms]
      [Choose CSet: 0.0 ms]
      [Ref Proc: 3.4 ms]
      [Ref Enq: 0.1 ms]
      [Redirty Cards: 0.1 ms]
      [Humongous Register: 0.0 ms]
      [Humongous Reclaim: 0.0 ms]
      [Free CSet: 0.3 ms]
   [Eden: 7152.0M(7152.0M)->0.0B(7152.0M) Survivors: 16384.0K->16384.0K Heap: 10743.7M(14336.0M)->3594.3M(14336.0M)]
 [Times: user=0.08 sys=0.00, real=0.01 secs] 
2022-07-28T15:42:12.624-0700: 585104.128: [GC pause (G1 Evacuation Pause) (young) (initial-mark), 0.0164215 secs]
   [Parallel Time: 11.7 ms, GC Workers: 8]
      [GC Worker Start (ms): Min: 585104130.3, Avg: 585104130.4, Max: 585104130.5, Diff: 0.1]
      [Ext Root Scanning (ms): Min: 5.4, Avg: 5.8, Max: 6.2, Diff: 0.8, Sum: 46.1]
      [Update RS (ms): Min: 1.4, Avg: 1.7, Max: 2.3, Diff: 0.9, Sum: 13.6]
         [Processed Buffers: Min: 4, Avg: 5.6, Max: 8, Diff: 4, Sum: 45]
      [Scan RS (ms): Min: 0.0, Avg: 0.1, Max: 0.1, Diff: 0.1, Sum: 0.4]
      [Code Root Scanning (ms): Min: 0.0, Avg: 0.0, Max: 0.0, Diff: 0.0, Sum: 0.0]
      [Object Copy (ms): Min: 1.1, Avg: 2.1, Max: 2.5, Diff: 1.5, Sum: 16.6]
      [Termination (ms): Min: 0.0, Avg: 0.0, Max: 0.0, Diff: 0.0, Sum: 0.0]
         [Termination Attempts: Min: 2, Avg: 8.8, Max: 14, Diff: 12, Sum: 70]
      [GC Worker Other (ms): Min: 0.0, Avg: 0.0, Max: 0.1, Diff: 0.1, Sum: 0.4]
      [GC Worker Total (ms): Min: 9.6, Avg: 9.6, Max: 9.7, Diff: 0.2, Sum: 77.1]
      [GC Worker End (ms): Min: 585104140.0, Avg: 585104140.1, Max: 585104140.1, Diff: 0.1]
   [Code Root Fixup: 0.0 ms]
   [Code Root Purge: 0.0 ms]
   [Clear CT: 0.7 ms]
   [Other: 4.0 ms]
      [Choose CSet: 0.0 ms]
      [Ref Proc: 3.3 ms]
      [Ref Enq: 0.1 ms]
      [Redirty Cards: 0.1 ms]
      [Humongous Register: 0.0 ms]
      [Humongous Reclaim: 0.0 ms]
      [Free CSet: 0.3 ms]
   [Eden: 7152.0M(7152.0M)->0.0B(7152.0M) Survivors: 16384.0K->16384.0K Heap: 10746.3M(14336.0M)->3595.7M(14336.0M)]
 [Times: user=0.08 sys=0.00, real=0.01 secs] 
2022-07-28T15:42:12.640-0700: 585104.145: [GC concurrent-root-region-scan-start]
2022-07-28T15:42:12.649-0700: 585104.154: [GC concurrent-root-region-scan-end, 0.0092187 secs]
2022-07-28T15:42:12.649-0700: 585104.154: [GC concurrent-mark-start]
2022-07-28T15:42:15.392-0700: 585106.896: [GC concurrent-mark-end, 2.7422212 secs]
2022-07-28T15:42:15.392-0700: 585106.897: [GC remark 2022-07-28T15:42:15.392-0700: 585106.897: [Finalize Marking, 0.0001862 secs] 2022-07-28T15:42:15.392-0700: 585106.897: [GC ref-proc, 0.0065255 secs] 2022-07-28T15:42:15.399-0700: 585106.904: [Unloading, 0.0271691 secs], 0.0396867 secs]
 [Times: user=0.25 sys=0.00, real=0.04 secs] 
2022-07-28T15:42:15.432-0700: 585106.937: [GC cleanup 3803M->3803M(14336M), 0.0086110 secs]
 [Times: user=0.06 sys=0.00, real=0.01 secs] 
2022-07-28T15:44:11.924-0700: 585223.429: [GC pause (G1 Evacuation Pause) (young), 0.0102421 secs]
   [Parallel Time: 6.4 ms, GC Workers: 8]
      [GC Worker Start (ms): Min: 585223428.9, Avg: 585223428.9, Max: 585223429.0, Diff: 0.1]
      [Ext Root Scanning (ms): Min: 1.3, Avg: 2.2, Max: 5.5, Diff: 4.1, Sum: 17.6]
      [Update RS (ms): Min: 0.0, Avg: 1.7, Max: 4.3, Diff: 4.3, Sum: 13.8]
         [Processed Buffers: Min: 0, Avg: 5.2, Max: 13, Diff: 13, Sum: 42]
      [Scan RS (ms): Min: 0.0, Avg: 0.0, Max: 0.1, Diff: 0.1, Sum: 0.4]
      [Code Root Scanning (ms): Min: 0.0, Avg: 0.0, Max: 0.0, Diff: 0.0, Sum: 0.0]
      [Object Copy (ms): Min: 0.3, Avg: 1.8, Max: 2.6, Diff: 2.4, Sum: 14.5]
      [Termination (ms): Min: 0.0, Avg: 0.4, Max: 0.6, Diff: 0.6, Sum: 3.6]
         [Termination Attempts: Min: 1, Avg: 26.8, Max: 51, Diff: 50, Sum: 214]
      [GC Worker Other (ms): Min: 0.0, Avg: 0.0, Max: 0.0, Diff: 0.0, Sum: 0.1]
      [GC Worker Total (ms): Min: 6.2, Avg: 6.2, Max: 6.3, Diff: 0.1, Sum: 49.9]
      [GC Worker End (ms): Min: 585223435.2, Avg: 585223435.2, Max: 585223435.2, Diff: 0.0]
   [Code Root Fixup: 0.0 ms]
   [Code Root Purge: 0.0 ms]
   [Clear CT: 0.7 ms]
   [Other: 3.2 ms]
      [Choose CSet: 0.0 ms]
      [Ref Proc: 2.5 ms]
      [Ref Enq: 0.1 ms]
      [Redirty Cards: 0.1 ms]
      [Humongous Register: 0.1 ms]
      [Humongous Reclaim: 0.0 ms]
      [Free CSet: 0.3 ms]
   [Eden: 7152.0M(7152.0M)->0.0B(7152.0M) Survivors: 16384.0K->16384.0K Heap: 10747.7M(14336.0M)->3599.7M(14336.0M)]
 [Times: user=0.06 sys=0.00, real=0.00 secs] 
2022-07-28T15:46:12.163-0700: 585343.668: [GC pause (G1 Evacuation Pause) (young), 0.0129587 secs]
   [Parallel Time: 7.2 ms, GC Workers: 8]
      [GC Worker Start (ms): Min: 585343667.7, Avg: 585343667.7, Max: 585343667.8, Diff: 0.1]
      [Ext Root Scanning (ms): Min: 1.4, Avg: 2.2, Max: 5.8, Diff: 4.4, Sum: 17.5]
      [Update RS (ms): Min: 0.0, Avg: 1.7, Max: 2.7, Diff: 2.7, Sum: 13.9]
         [Processed Buffers: Min: 0, Avg: 4.6, Max: 11, Diff: 11, Sum: 37]
      [Scan RS (ms): Min: 0.0, Avg: 0.1, Max: 0.2, Diff: 0.2, Sum: 0.6]
      [Code Root Scanning (ms): Min: 0.0, Avg: 0.0, Max: 0.0, Diff: 0.0, Sum: 0.0]
      [Object Copy (ms): Min: 1.1, Avg: 2.9, Max: 3.4, Diff: 2.3, Sum: 22.9]
      [Termination (ms): Min: 0.0, Avg: 0.0, Max: 0.0, Diff: 0.0, Sum: 0.0]
         [Termination Attempts: Min: 6, Avg: 8.2, Max: 11, Diff: 5, Sum: 66]
      [GC Worker Other (ms): Min: 0.0, Avg: 0.1, Max: 0.1, Diff: 0.1, Sum: 0.4]
      [GC Worker Total (ms): Min: 6.9, Avg: 6.9, Max: 7.0, Diff: 0.1, Sum: 55.5]
      [GC Worker End (ms): Min: 585343674.6, Avg: 585343674.6, Max: 585343674.7, Diff: 0.1]
   [Code Root Fixup: 0.0 ms]
   [Code Root Purge: 0.0 ms]
   [Clear CT: 0.8 ms]
   [Other: 5.0 ms]
      [Choose CSet: 0.0 ms]
      [Ref Proc: 4.3 ms]
      [Ref Enq: 0.1 ms]
      [Redirty Cards: 0.1 ms]
      [Humongous Register: 0.1 ms]
      [Humongous Reclaim: 0.0 ms]
      [Free CSet: 0.3 ms]
   [Eden: 7152.0M(7152.0M)->0.0B(7152.0M) Survivors: 16384.0K->16384.0K Heap: 10751.7M(14336.0M)->3598.5M(14336.0M)]
 [Times: user=0.07 sys=0.00, real=0.01 secs] 
2022-07-28T15:48:09.569-0700: 585461.074: [GC pause (G1 Evacuation Pause) (young) (initial-mark), 0.0174646 secs]
   [Parallel Time: 12.8 ms, GC Workers: 8]
      [GC Worker Start (ms): Min: 585461076.1, Avg: 585461076.2, Max: 585461076.3, Diff: 0.1]
      [Ext Root Scanning (ms): Min: 5.5, Avg: 5.8, Max: 6.3, Diff: 0.9, Sum: 46.7]
      [Update RS (ms): Min: 1.6, Avg: 1.8, Max: 2.3, Diff: 0.7, Sum: 14.6]
         [Processed Buffers: Min: 3, Avg: 5.6, Max: 10, Diff: 7, Sum: 45]
      [Scan RS (ms): Min: 0.0, Avg: 0.1, Max: 0.1, Diff: 0.1, Sum: 0.4]
      [Code Root Scanning (ms): Min: 0.0, Avg: 0.0, Max: 0.0, Diff: 0.0, Sum: 0.0]
      [Object Copy (ms): Min: 1.5, Avg: 2.4, Max: 2.8, Diff: 1.3, Sum: 18.9]
      [Termination (ms): Min: 0.0, Avg: 0.0, Max: 0.0, Diff: 0.0, Sum: 0.0]
         [Termination Attempts: Min: 1, Avg: 1.0, Max: 1, Diff: 0, Sum: 8]
      [GC Worker Other (ms): Min: 0.0, Avg: 0.1, Max: 0.2, Diff: 0.1, Sum: 0.6]
      [GC Worker Total (ms): Min: 10.1, Avg: 10.2, Max: 10.2, Diff: 0.1, Sum: 81.2]
      [GC Worker End (ms): Min: 585461086.3, Avg: 585461086.4, Max: 585461086.5, Diff: 0.1]
   [Code Root Fixup: 0.0 ms]
   [Code Root Purge: 0.0 ms]
   [Clear CT: 0.8 ms]
   [Other: 3.9 ms]
      [Choose CSet: 0.0 ms]
      [Ref Proc: 3.1 ms]
      [Ref Enq: 0.1 ms]
      [Redirty Cards: 0.1 ms]
      [Humongous Register: 0.0 ms]
      [Humongous Reclaim: 0.0 ms]
      [Free CSet: 0.3 ms]
   [Eden: 7152.0M(7152.0M)->0.0B(7152.0M) Survivors: 16384.0K->16384.0K Heap: 10750.5M(14336.0M)->3603.2M(14336.0M)]
 [Times: user=0.09 sys=0.00, real=0.02 secs] 
2022-07-28T15:48:09.587-0700: 585461.091: [GC concurrent-root-region-scan-start]
2022-07-28T15:48:09.596-0700: 585461.101: [GC concurrent-root-region-scan-end, 0.0095112 secs]
2022-07-28T15:48:09.596-0700: 585461.101: [GC concurrent-mark-start]
2022-07-28T15:48:12.271-0700: 585463.776: [GC concurrent-mark-end, 2.6746804 secs]
2022-07-28T15:48:12.271-0700: 585463.776: [GC remark 2022-07-28T15:48:12.271-0700: 585463.776: [Finalize Marking, 0.0002696 secs] 2022-07-28T15:48:12.271-0700: 585463.776: [GC ref-proc, 0.0055453 secs] 2022-07-28T15:48:12.277-0700: 585463.782: [Unloading, 0.0272318 secs], 0.0386196 secs]
 [Times: user=0.25 sys=0.00, real=0.04 secs] 
2022-07-28T15:48:12.310-0700: 585463.815: [GC cleanup 3787M->3787M(14336M), 0.0083682 secs]
 [Times: user=0.06 sys=0.00, real=0.01 secs] 
2022-07-28T15:50:08.570-0700: 585580.075: [GC pause (G1 Evacuation Pause) (young), 0.0086972 secs]
   [Parallel Time: 5.5 ms, GC Workers: 8]
      [GC Worker Start (ms): Min: 585580074.8, Avg: 585580074.9, Max: 585580074.9, Diff: 0.1]
      [Ext Root Scanning (ms): Min: 1.0, Avg: 1.7, Max: 5.3, Diff: 4.3, Sum: 13.3]
      [Update RS (ms): Min: 0.0, Avg: 1.5, Max: 1.9, Diff: 1.9, Sum: 12.0]
         [Processed Buffers: Min: 0, Avg: 5.8, Max: 10, Diff: 10, Sum: 46]
      [Scan RS (ms): Min: 0.0, Avg: 0.0, Max: 0.1, Diff: 0.1, Sum: 0.4]
      [Code Root Scanning (ms): Min: 0.0, Avg: 0.0, Max: 0.0, Diff: 0.0, Sum: 0.0]
      [Object Copy (ms): Min: 0.0, Avg: 1.7, Max: 2.1, Diff: 2.1, Sum: 13.7]
      [Termination (ms): Min: 0.0, Avg: 0.3, Max: 0.4, Diff: 0.4, Sum: 2.8]
         [Termination Attempts: Min: 1, Avg: 1.1, Max: 2, Diff: 1, Sum: 9]
      [GC Worker Other (ms): Min: 0.0, Avg: 0.0, Max: 0.1, Diff: 0.0, Sum: 0.2]
      [GC Worker Total (ms): Min: 5.2, Avg: 5.3, Max: 5.4, Diff: 0.1, Sum: 42.4]
      [GC Worker End (ms): Min: 585580080.2, Avg: 585580080.2, Max: 585580080.2, Diff: 0.1]
   [Code Root Fixup: 0.0 ms]
   [Code Root Purge: 0.0 ms]
   [Clear CT: 0.6 ms]
   [Other: 2.6 ms]
      [Choose CSet: 0.0 ms]
      [Ref Proc: 1.9 ms]
      [Ref Enq: 0.1 ms]
      [Redirty Cards: 0.1 ms]
      [Humongous Register: 0.1 ms]
      [Humongous Reclaim: 0.0 ms]
      [Free CSet: 0.3 ms]
   [Eden: 7152.0M(7152.0M)->0.0B(5712.0M) Survivors: 16384.0K->16384.0K Heap: 10755.2M(14336.0M)->3600.0M(14336.0M)]
 [Times: user=0.05 sys=0.00, real=0.01 secs] 
2022-07-28T15:51:45.872-0700: 585677.377: [GC pause (G1 Evacuation Pause) (mixed), 0.0127377 secs]
   [Parallel Time: 9.1 ms, GC Workers: 8]
      [GC Worker Start (ms): Min: 585677377.4, Avg: 585677377.5, Max: 585677377.5, Diff: 0.1]
      [Ext Root Scanning (ms): Min: 1.3, Avg: 2.5, Max: 6.4, Diff: 5.1, Sum: 20.3]
      [Update RS (ms): Min: 0.0, Avg: 1.5, Max: 2.5, Diff: 2.5, Sum: 11.6]
         [Processed Buffers: Min: 0, Avg: 5.4, Max: 14, Diff: 14, Sum: 43]
      [Scan RS (ms): Min: 0.0, Avg: 0.5, Max: 0.9, Diff: 0.9, Sum: 4.3]
      [Code Root Scanning (ms): Min: 0.0, Avg: 0.0, Max: 0.0, Diff: 0.0, Sum: 0.0]
      [Object Copy (ms): Min: 2.3, Avg: 4.2, Max: 4.6, Diff: 2.2, Sum: 33.3]
      [Termination (ms): Min: 0.0, Avg: 0.0, Max: 0.0, Diff: 0.0, Sum: 0.1]
         [Termination Attempts: Min: 24, Avg: 31.8, Max: 35, Diff: 11, Sum: 254]
      [GC Worker Other (ms): Min: 0.0, Avg: 0.1, Max: 0.1, Diff: 0.1, Sum: 0.5]
      [GC Worker Total (ms): Min: 8.7, Avg: 8.8, Max: 8.8, Diff: 0.1, Sum: 70.2]
      [GC Worker End (ms): Min: 585677386.2, Avg: 585677386.2, Max: 585677386.3, Diff: 0.1]
   [Code Root Fixup: 0.0 ms]
   [Code Root Purge: 0.0 ms]
   [Clear CT: 0.7 ms]
   [Other: 2.9 ms]
      [Choose CSet: 0.0 ms]
      [Ref Proc: 2.2 ms]
      [Ref Enq: 0.1 ms]
      [Redirty Cards: 0.1 ms]
      [Humongous Register: 0.1 ms]
      [Humongous Reclaim: 0.0 ms]
      [Free CSet: 0.3 ms]
   [Eden: 5712.0M(5712.0M)->0.0B(7152.0M) Survivors: 16384.0K->16384.0K Heap: 9312.0M(14336.0M)->3591.1M(14336.0M)]
 [Times: user=0.07 sys=0.00, real=0.02 secs] 
2022-07-28 15:52:59 GC log file has reached the maximum size. Saved as gc.log.1
