2022-07-30 08:38:35 GC log file created gc.log.3
OpenJDK 64-Bit Server VM (25.312-b07) for linux-amd64 JRE (1.8.0_312-8u312-b07-0ubuntu1~20.04-b07), built on Nov  3 2021 13:54:59 by "buildd" with gcc 9.3.0
Memory: 4k page, physical 24560344k(273888k free), swap 2097148k(74452k free)
CommandLine flags: -XX:+AlwaysPreTouch -XX:CICompilerCount=4 -XX:ConcGCThreads=2 -XX:+DisableExplicitGC -XX:G1HeapRegionSize=16777216 -XX:G1HeapWastePercent=5 -XX:G1MaxNewSizePercent=50 -XX:G1MixedGCCountTarget=4 -XX:G1MixedGCLiveThresholdPercent=90 -XX:G1NewSizePercent=40 -XX:G1RSetUpdatingPauseTimePercent=5 -XX:G1ReservePercent=15 -XX:GCLogFileSize=1048576 -XX:InitialHeapSize=15032385536 -XX:InitialTenuringThreshold=1 -XX:InitiatingHeapOccupancyPercent=20 -XX:MarkStackSize=4194304 -XX:MaxGCPauseMillis=200 -XX:MaxHeapSize=15032385536 -XX:MaxNewSize=7516192768 -XX:MaxTenuringThreshold=1 -XX:MinHeapDeltaBytes=16777216 -XX:NumberOfGCLogFiles=5 -XX:+ParallelRefProcEnabled -XX:+PerfDisableSharedMem -XX:+PrintGC -XX:+PrintGCDateStamps -XX:+PrintGCDetails -XX:+PrintGCTimeStamps -XX:SurvivorRatio=32 -XX:+UnlockExperimentalVMOptions -XX:+UseCompressedClassPointers -XX:+UseCompressedOops -XX:+UseFastUnorderedTimeStamps -XX:+UseG1GC -XX:+UseGCLogFileRotation 
2022-07-30T08:39:24.984-0700: 732536.489: [GC pause (G1 Evacuation Pause) (mixed), 0.0453640 secs]
   [Parallel Time: 41.3 ms, GC Workers: 8]
      [GC Worker Start (ms): Min: 732536489.1, Avg: 732536489.2, Max: 732536489.3, Diff: 0.1]
      [Ext Root Scanning (ms): Min: 0.9, Avg: 1.8, Max: 6.7, Diff: 5.9, Sum: 14.3]
      [Update RS (ms): Min: 2.3, Avg: 7.2, Max: 8.2, Diff: 5.9, Sum: 57.6]
         [Processed Buffers: Min: 10, Avg: 18.9, Max: 28, Diff: 18, Sum: 151]
      [Scan RS (ms): Min: 3.3, Avg: 3.5, Max: 3.7, Diff: 0.4, Sum: 28.3]
      [Code Root Scanning (ms): Min: 0.0, Avg: 0.7, Max: 4.0, Diff: 4.0, Sum: 5.6]
      [Object Copy (ms): Min: 24.8, Avg: 27.9, Max: 28.7, Diff: 3.9, Sum: 223.1]
      [Termination (ms): Min: 0.0, Avg: 0.0, Max: 0.0, Diff: 0.0, Sum: 0.0]
         [Termination Attempts: Min: 1, Avg: 8.1, Max: 14, Diff: 13, Sum: 65]
      [GC Worker Other (ms): Min: 0.0, Avg: 0.0, Max: 0.1, Diff: 0.1, Sum: 0.4]
      [GC Worker Total (ms): Min: 41.1, Avg: 41.2, Max: 41.2, Diff: 0.1, Sum: 329.3]
      [GC Worker End (ms): Min: 732536530.3, Avg: 732536530.4, Max: 732536530.4, Diff: 0.1]
   [Code Root Fixup: 0.2 ms]
   [Code Root Purge: 0.0 ms]
   [Clear CT: 1.4 ms]
   [Other: 2.5 ms]
      [Choose CSet: 0.1 ms]
      [Ref Proc: 1.5 ms]
      [Ref Enq: 0.1 ms]
      [Redirty Cards: 0.2 ms]
      [Humongous Register: 0.0 ms]
      [Humongous Reclaim: 0.0 ms]
      [Free CSet: 0.4 ms]
   [Eden: 5648.0M(5648.0M)->0.0B(7072.0M) Survivors: 81920.0K->98304.0K Heap: 9363.8M(14336.0M)->3575.2M(14336.0M)]
 [Times: user=0.34 sys=0.00, real=0.04 secs] 
2022-07-30T08:41:46.964-0700: 732678.468: [GC pause (G1 Evacuation Pause) (young), 0.0355633 secs]
   [Parallel Time: 31.0 ms, GC Workers: 8]
      [GC Worker Start (ms): Min: 732678468.6, Avg: 732678468.7, Max: 732678468.7, Diff: 0.2]
      [Ext Root Scanning (ms): Min: 0.9, Avg: 1.7, Max: 5.3, Diff: 4.4, Sum: 13.6]
      [Update RS (ms): Min: 8.6, Avg: 11.9, Max: 12.6, Diff: 4.0, Sum: 95.5]
         [Processed Buffers: Min: 23, Avg: 29.8, Max: 35, Diff: 12, Sum: 238]
      [Scan RS (ms): Min: 0.2, Avg: 0.3, Max: 0.4, Diff: 0.2, Sum: 2.6]
      [Code Root Scanning (ms): Min: 0.0, Avg: 0.0, Max: 0.0, Diff: 0.0, Sum: 0.0]
      [Object Copy (ms): Min: 16.2, Avg: 16.4, Max: 16.5, Diff: 0.3, Sum: 131.4]
      [Termination (ms): Min: 0.0, Avg: 0.0, Max: 0.0, Diff: 0.0, Sum: 0.0]
         [Termination Attempts: Min: 1, Avg: 1.0, Max: 1, Diff: 0, Sum: 8]
      [GC Worker Other (ms): Min: 0.0, Avg: 0.1, Max: 0.3, Diff: 0.2, Sum: 1.0]
      [GC Worker Total (ms): Min: 30.3, Avg: 30.5, Max: 30.7, Diff: 0.4, Sum: 244.0]
      [GC Worker End (ms): Min: 732678499.1, Avg: 732678499.2, Max: 732678499.3, Diff: 0.2]
   [Code Root Fixup: 0.0 ms]
   [Code Root Purge: 0.0 ms]
   [Clear CT: 0.8 ms]
   [Other: 3.8 ms]
      [Choose CSet: 0.0 ms]
      [Ref Proc: 3.1 ms]
      [Ref Enq: 0.1 ms]
      [Redirty Cards: 0.1 ms]
      [Humongous Register: 0.1 ms]
      [Humongous Reclaim: 0.0 ms]
      [Free CSet: 0.3 ms]
   [Eden: 7072.0M(7072.0M)->0.0B(7088.0M) Survivors: 98304.0K->81920.0K Heap: 10647.2M(14336.0M)->3629.1M(14336.0M)]
 [Times: user=0.25 sys=0.00, real=0.03 secs] 
2022-07-30T08:44:03.071-0700: 732814.576: [GC pause (G1 Evacuation Pause) (young) (initial-mark), 0.0486397 secs]
   [Parallel Time: 44.0 ms, GC Workers: 8]
      [GC Worker Start (ms): Min: 732814577.6, Avg: 732814577.6, Max: 732814577.7, Diff: 0.1]
      [Ext Root Scanning (ms): Min: 5.2, Avg: 5.6, Max: 6.0, Diff: 0.8, Sum: 44.4]
      [Update RS (ms): Min: 9.0, Avg: 9.1, Max: 9.3, Diff: 0.4, Sum: 72.8]
         [Processed Buffers: Min: 22, Avg: 25.6, Max: 31, Diff: 9, Sum: 205]
      [Scan RS (ms): Min: 0.0, Avg: 0.0, Max: 0.1, Diff: 0.1, Sum: 0.4]
      [Code Root Scanning (ms): Min: 0.0, Avg: 0.0, Max: 0.0, Diff: 0.0, Sum: 0.0]
      [Object Copy (ms): Min: 26.8, Avg: 27.2, Max: 27.7, Diff: 0.9, Sum: 217.8]
      [Termination (ms): Min: 0.0, Avg: 0.0, Max: 0.0, Diff: 0.0, Sum: 0.0]
         [Termination Attempts: Min: 1, Avg: 1.0, Max: 1, Diff: 0, Sum: 8]
      [GC Worker Other (ms): Min: 0.0, Avg: 0.1, Max: 0.2, Diff: 0.2, Sum: 0.8]
      [GC Worker Total (ms): Min: 41.9, Avg: 42.0, Max: 42.1, Diff: 0.2, Sum: 336.2]
      [GC Worker End (ms): Min: 732814619.6, Avg: 732814619.6, Max: 732814619.8, Diff: 0.2]
   [Code Root Fixup: 0.0 ms]
   [Code Root Purge: 0.0 ms]
   [Clear CT: 0.8 ms]
   [Other: 3.9 ms]
      [Choose CSet: 0.0 ms]
      [Ref Proc: 3.2 ms]
      [Ref Enq: 0.1 ms]
      [Redirty Cards: 0.2 ms]
      [Humongous Register: 0.0 ms]
      [Humongous Reclaim: 0.0 ms]
      [Free CSet: 0.3 ms]
   [Eden: 7088.0M(7088.0M)->0.0B(7024.0M) Survivors: 81920.0K->144.0M Heap: 10717.1M(14336.0M)->3744.5M(14336.0M)]
 [Times: user=0.34 sys=0.00, real=0.05 secs] 
2022-07-30T08:44:03.120-0700: 732814.625: [GC concurrent-root-region-scan-start]
2022-07-30T08:44:03.152-0700: 732814.657: [GC concurrent-root-region-scan-end, 0.0323647 secs]
2022-07-30T08:44:03.152-0700: 732814.657: [GC concurrent-mark-start]
2022-07-30T08:44:05.756-0700: 732817.261: [GC concurrent-mark-end, 2.6040813 secs]
2022-07-30T08:44:05.757-0700: 732817.261: [GC remark 2022-07-30T08:44:05.757-0700: 732817.262: [Finalize Marking, 0.0005636 secs] 2022-07-30T08:44:05.757-0700: 732817.262: [GC ref-proc, 0.0119294 secs] 2022-07-30T08:44:05.769-0700: 732817.274: [Unloading, 0.0278520 secs], 0.0461082 secs]
 [Times: user=0.26 sys=0.00, real=0.05 secs] 
2022-07-30T08:44:05.803-0700: 732817.308: [GC cleanup 3888M->3888M(14336M), 0.0088476 secs]
 [Times: user=0.07 sys=0.00, real=0.00 secs] 
2022-07-30T08:46:29.913-0700: 732961.417: [GC pause (G1 Evacuation Pause) (young), 0.0428750 secs]
   [Parallel Time: 38.1 ms, GC Workers: 8]
      [GC Worker Start (ms): Min: 732961417.6, Avg: 732961417.7, Max: 732961417.8, Diff: 0.1]
      [Ext Root Scanning (ms): Min: 1.1, Avg: 2.0, Max: 5.9, Diff: 4.8, Sum: 15.7]
      [Update RS (ms): Min: 7.5, Avg: 11.1, Max: 11.9, Diff: 4.4, Sum: 89.2]
         [Processed Buffers: Min: 26, Avg: 29.6, Max: 35, Diff: 9, Sum: 237]
      [Scan RS (ms): Min: 1.3, Avg: 1.5, Max: 2.0, Diff: 0.6, Sum: 12.1]
      [Code Root Scanning (ms): Min: 0.0, Avg: 0.0, Max: 0.0, Diff: 0.0, Sum: 0.0]
      [Object Copy (ms): Min: 22.4, Avg: 23.3, Max: 23.5, Diff: 1.1, Sum: 186.2]
      [Termination (ms): Min: 0.0, Avg: 0.0, Max: 0.0, Diff: 0.0, Sum: 0.0]
         [Termination Attempts: Min: 1, Avg: 1.0, Max: 1, Diff: 0, Sum: 8]
      [GC Worker Other (ms): Min: 0.0, Avg: 0.1, Max: 0.1, Diff: 0.1, Sum: 0.6]
      [GC Worker Total (ms): Min: 37.9, Avg: 38.0, Max: 38.1, Diff: 0.2, Sum: 303.8]
      [GC Worker End (ms): Min: 732961455.6, Avg: 732961455.7, Max: 732961455.7, Diff: 0.1]
   [Code Root Fixup: 0.0 ms]
   [Code Root Purge: 0.0 ms]
   [Clear CT: 0.8 ms]
   [Other: 3.9 ms]
      [Choose CSet: 0.0 ms]
      [Ref Proc: 3.1 ms]
      [Ref Enq: 0.1 ms]
      [Redirty Cards: 0.2 ms]
      [Humongous Register: 0.1 ms]
      [Humongous Reclaim: 0.0 ms]
      [Free CSet: 0.3 ms]
   [Eden: 7024.0M(7024.0M)->0.0B(5632.0M) Survivors: 144.0M->98304.0K Heap: 10768.5M(14336.0M)->3786.1M(14336.0M)]
 [Times: user=0.31 sys=0.00, real=0.05 secs] 
2022-07-30T08:48:31.870-0700: 733083.374: [GC pause (G1 Evacuation Pause) (mixed), 0.0551928 secs]
   [Parallel Time: 50.4 ms, GC Workers: 8]
      [GC Worker Start (ms): Min: 733083374.6, Avg: 733083374.6, Max: 733083374.7, Diff: 0.1]
      [Ext Root Scanning (ms): Min: 1.9, Avg: 3.4, Max: 6.9, Diff: 5.0, Sum: 27.3]
      [Update RS (ms): Min: 7.9, Avg: 10.7, Max: 11.8, Diff: 3.9, Sum: 85.7]
         [Processed Buffers: Min: 16, Avg: 27.6, Max: 32, Diff: 16, Sum: 221]
      [Scan RS (ms): Min: 3.9, Avg: 4.2, Max: 4.3, Diff: 0.4, Sum: 33.5]
      [Code Root Scanning (ms): Min: 0.0, Avg: 0.0, Max: 0.0, Diff: 0.0, Sum: 0.0]
      [Object Copy (ms): Min: 31.3, Avg: 31.7, Max: 32.1, Diff: 0.8, Sum: 254.0]
      [Termination (ms): Min: 0.0, Avg: 0.0, Max: 0.0, Diff: 0.0, Sum: 0.0]
         [Termination Attempts: Min: 1, Avg: 34.5, Max: 48, Diff: 47, Sum: 276]
      [GC Worker Other (ms): Min: 0.0, Avg: 0.1, Max: 0.1, Diff: 0.1, Sum: 0.7]
      [GC Worker Total (ms): Min: 50.1, Avg: 50.2, Max: 50.2, Diff: 0.2, Sum: 401.2]
      [GC Worker End (ms): Min: 733083424.7, Avg: 733083424.8, Max: 733083424.8, Diff: 0.1]
   [Code Root Fixup: 0.0 ms]
   [Code Root Purge: 0.0 ms]
   [Clear CT: 0.9 ms]
   [Other: 3.9 ms]
      [Choose CSet: 0.1 ms]
      [Ref Proc: 2.9 ms]
      [Ref Enq: 0.1 ms]
      [Redirty Cards: 0.3 ms]
      [Humongous Register: 0.1 ms]
      [Humongous Reclaim: 0.0 ms]
      [Free CSet: 0.3 ms]
   [Eden: 5632.0M(5632.0M)->0.0B(7088.0M) Survivors: 98304.0K->81920.0K Heap: 9418.1M(14336.0M)->3716.5M(14336.0M)]
 [Times: user=0.40 sys=0.00, real=0.06 secs] 
2022-07-30T08:51:11.566-0700: 733243.071: [GC pause (G1 Evacuation Pause) (young), 0.0277340 secs]
   [Parallel Time: 24.9 ms, GC Workers: 8]
      [GC Worker Start (ms): Min: 733243071.0, Avg: 733243071.1, Max: 733243071.1, Diff: 0.1]
      [Ext Root Scanning (ms): Min: 1.2, Avg: 1.9, Max: 5.4, Diff: 4.2, Sum: 15.5]
      [Update RS (ms): Min: 8.9, Avg: 12.0, Max: 12.7, Diff: 3.8, Sum: 95.7]
         [Processed Buffers: Min: 18, Avg: 26.0, Max: 31, Diff: 13, Sum: 208]
      [Scan RS (ms): Min: 0.7, Avg: 0.8, Max: 0.9, Diff: 0.2, Sum: 6.7]
      [Code Root Scanning (ms): Min: 0.0, Avg: 0.0, Max: 0.0, Diff: 0.0, Sum: 0.0]
      [Object Copy (ms): Min: 9.6, Avg: 9.9, Max: 10.1, Diff: 0.5, Sum: 79.4]
      [Termination (ms): Min: 0.0, Avg: 0.0, Max: 0.0, Diff: 0.0, Sum: 0.0]
         [Termination Attempts: Min: 1, Avg: 1.0, Max: 1, Diff: 0, Sum: 8]
      [GC Worker Other (ms): Min: 0.0, Avg: 0.1, Max: 0.1, Diff: 0.1, Sum: 0.4]
      [GC Worker Total (ms): Min: 24.7, Avg: 24.7, Max: 24.8, Diff: 0.2, Sum: 197.8]
      [GC Worker End (ms): Min: 733243095.8, Avg: 733243095.8, Max: 733243095.9, Diff: 0.1]
   [Code Root Fixup: 0.0 ms]
   [Code Root Purge: 0.0 ms]
   [Clear CT: 0.8 ms]
   [Other: 2.1 ms]
      [Choose CSet: 0.0 ms]
      [Ref Proc: 1.3 ms]
      [Ref Enq: 0.1 ms]
      [Redirty Cards: 0.1 ms]
      [Humongous Register: 0.1 ms]
      [Humongous Reclaim: 0.0 ms]
      [Free CSet: 0.3 ms]
   [Eden: 7088.0M(7088.0M)->0.0B(7120.0M) Survivors: 81920.0K->49152.0K Heap: 10804.5M(14336.0M)->3758.0M(14336.0M)]
 [Times: user=0.20 sys=0.00, real=0.02 secs] 
2022-07-30T08:53:52.580-0700: 733404.085: [GC pause (GCLocker Initiated GC) (young) (initial-mark), 0.0335902 secs]
   [Parallel Time: 29.1 ms, GC Workers: 8]
      [GC Worker Start (ms): Min: 733404086.9, Avg: 733404087.0, Max: 733404087.0, Diff: 0.1]
      [Ext Root Scanning (ms): Min: 5.5, Avg: 5.7, Max: 6.0, Diff: 0.4, Sum: 45.9]
      [Update RS (ms): Min: 9.0, Avg: 9.1, Max: 9.2, Diff: 0.2, Sum: 72.8]
         [Processed Buffers: Min: 15, Avg: 19.6, Max: 24, Diff: 9, Sum: 157]
      [Scan RS (ms): Min: 0.3, Avg: 0.4, Max: 0.6, Diff: 0.2, Sum: 3.5]
      [Code Root Scanning (ms): Min: 0.0, Avg: 0.0, Max: 0.0, Diff: 0.0, Sum: 0.0]
      [Object Copy (ms): Min: 11.0, Avg: 11.2, Max: 11.3, Diff: 0.3, Sum: 89.3]
      [Termination (ms): Min: 0.0, Avg: 0.0, Max: 0.0, Diff: 0.0, Sum: 0.0]
         [Termination Attempts: Min: 1, Avg: 1.8, Max: 3, Diff: 2, Sum: 14]
      [GC Worker Other (ms): Min: 0.0, Avg: 0.1, Max: 0.1, Diff: 0.1, Sum: 0.5]
      [GC Worker Total (ms): Min: 26.4, Avg: 26.5, Max: 26.6, Diff: 0.2, Sum: 212.0]
      [GC Worker End (ms): Min: 733404113.4, Avg: 733404113.5, Max: 733404113.5, Diff: 0.1]
   [Code Root Fixup: 0.0 ms]
   [Code Root Purge: 0.0 ms]
   [Clear CT: 0.8 ms]
   [Other: 3.7 ms]
      [Choose CSet: 0.0 ms]
      [Ref Proc: 2.9 ms]
      [Ref Enq: 0.1 ms]
      [Redirty Cards: 0.1 ms]
      [Humongous Register: 0.0 ms]
      [Humongous Reclaim: 0.0 ms]
      [Free CSet: 0.3 ms]
   [Eden: 7136.0M(7120.0M)->0.0B(7104.0M) Survivors: 49152.0K->65536.0K Heap: 10878.0M(14336.0M)->3796.1M(14336.0M)]
 [Times: user=0.21 sys=0.00, real=0.03 secs] 
2022-07-30T08:53:52.614-0700: 733404.118: [GC concurrent-root-region-scan-start]
2022-07-30T08:53:52.632-0700: 733404.137: [GC concurrent-root-region-scan-end, 0.0183028 secs]
2022-07-30T08:53:52.632-0700: 733404.137: [GC concurrent-mark-start]
2022-07-30T08:53:55.300-0700: 733406.805: [GC concurrent-mark-end, 2.6679349 secs]
2022-07-30T08:53:55.300-0700: 733406.805: [GC remark 2022-07-30T08:53:55.300-0700: 733406.805: [Finalize Marking, 0.0001556 secs] 2022-07-30T08:53:55.300-0700: 733406.805: [GC ref-proc, 0.0067362 secs] 2022-07-30T08:53:55.307-0700: 733406.812: [Unloading, 0.0276653 secs], 0.0404037 secs]
 [Times: user=0.25 sys=0.00, real=0.04 secs] 
2022-07-30T08:53:55.341-0700: 733406.846: [GC cleanup 3940M->3940M(14336M), 0.0095441 secs]
 [Times: user=0.07 sys=0.00, real=0.01 secs] 
2022-07-30T08:56:25.607-0700: 733557.112: [GC pause (G1 Evacuation Pause) (young), 0.0225456 secs]
   [Parallel Time: 19.3 ms, GC Workers: 8]
      [GC Worker Start (ms): Min: 733557111.9, Avg: 733557112.0, Max: 733557112.0, Diff: 0.1]
      [Ext Root Scanning (ms): Min: 0.9, Avg: 1.6, Max: 5.0, Diff: 4.1, Sum: 12.6]
      [Update RS (ms): Min: 3.0, Avg: 6.1, Max: 7.0, Diff: 4.0, Sum: 49.0]
         [Processed Buffers: Min: 7, Avg: 19.0, Max: 26, Diff: 19, Sum: 152]
      [Scan RS (ms): Min: 0.0, Avg: 0.0, Max: 0.1, Diff: 0.1, Sum: 0.4]
      [Code Root Scanning (ms): Min: 0.0, Avg: 0.0, Max: 0.0, Diff: 0.0, Sum: 0.0]
      [Object Copy (ms): Min: 11.0, Avg: 11.3, Max: 11.4, Diff: 0.4, Sum: 90.2]
      [Termination (ms): Min: 0.0, Avg: 0.0, Max: 0.0, Diff: 0.0, Sum: 0.0]
         [Termination Attempts: Min: 1, Avg: 4.5, Max: 10, Diff: 9, Sum: 36]
      [GC Worker Other (ms): Min: 0.0, Avg: 0.0, Max: 0.1, Diff: 0.1, Sum: 0.4]
      [GC Worker Total (ms): Min: 19.0, Avg: 19.1, Max: 19.2, Diff: 0.2, Sum: 152.6]
      [GC Worker End (ms): Min: 733557131.0, Avg: 733557131.1, Max: 733557131.1, Diff: 0.1]
   [Code Root Fixup: 0.0 ms]
   [Code Root Purge: 0.0 ms]
   [Clear CT: 0.7 ms]
   [Other: 2.5 ms]
      [Choose CSet: 0.0 ms]
      [Ref Proc: 1.9 ms]
      [Ref Enq: 0.1 ms]
      [Redirty Cards: 0.1 ms]
      [Humongous Register: 0.0 ms]
      [Humongous Reclaim: 0.0 ms]
      [Free CSet: 0.3 ms]
   [Eden: 7104.0M(7104.0M)->0.0B(5664.0M) Survivors: 65536.0K->65536.0K Heap: 10900.1M(14336.0M)->3855.1M(14336.0M)]
 [Times: user=0.17 sys=0.00, real=0.02 secs] 
2022-07-30T08:57:53.678-0700: 733645.183: [GC pause (G1 Evacuation Pause) (mixed), 0.0525313 secs]
   [Parallel Time: 48.8 ms, GC Workers: 8]
      [GC Worker Start (ms): Min: 733645183.3, Avg: 733645183.4, Max: 733645183.4, Diff: 0.1]
      [Ext Root Scanning (ms): Min: 0.9, Avg: 1.7, Max: 6.2, Diff: 5.3, Sum: 13.8]
      [Update RS (ms): Min: 2.5, Avg: 6.8, Max: 7.8, Diff: 5.3, Sum: 54.7]
         [Processed Buffers: Min: 11, Avg: 26.0, Max: 36, Diff: 25, Sum: 208]
      [Scan RS (ms): Min: 4.0, Avg: 4.1, Max: 4.3, Diff: 0.3, Sum: 33.1]
      [Code Root Scanning (ms): Min: 0.0, Avg: 0.6, Max: 4.7, Diff: 4.7, Sum: 4.7]
      [Object Copy (ms): Min: 31.0, Avg: 35.3, Max: 36.0, Diff: 5.0, Sum: 282.4]
      [Termination (ms): Min: 0.0, Avg: 0.1, Max: 0.1, Diff: 0.1, Sum: 0.6]
         [Termination Attempts: Min: 1, Avg: 27.1, Max: 34, Diff: 33, Sum: 217]
      [GC Worker Other (ms): Min: 0.0, Avg: 0.0, Max: 0.1, Diff: 0.1, Sum: 0.3]
      [GC Worker Total (ms): Min: 48.7, Avg: 48.7, Max: 48.8, Diff: 0.1, Sum: 389.7]
      [GC Worker End (ms): Min: 733645232.0, Avg: 733645232.1, Max: 733645232.1, Diff: 0.1]
   [Code Root Fixup: 0.1 ms]
   [Code Root Purge: 0.0 ms]
   [Clear CT: 0.9 ms]
   [Other: 2.7 ms]
      [Choose CSet: 0.1 ms]
      [Ref Proc: 1.7 ms]
      [Ref Enq: 0.1 ms]
      [Redirty Cards: 0.3 ms]
      [Humongous Register: 0.0 ms]
      [Humongous Reclaim: 0.0 ms]
      [Free CSet: 0.4 ms]
   [Eden: 5664.0M(5664.0M)->0.0B(7104.0M) Survivors: 65536.0K->65536.0K Heap: 9519.1M(14336.0M)->3668.8M(14336.0M)]
 [Times: user=0.40 sys=0.00, real=0.05 secs] 
2022-07-30T08:59:58.768-0700: 733770.272: [GC pause (G1 Evacuation Pause) (young), 0.0294453 secs]
   [Parallel Time: 26.1 ms, GC Workers: 8]
      [GC Worker Start (ms): Min: 733770272.5, Avg: 733770272.6, Max: 733770272.6, Diff: 0.1]
      [Ext Root Scanning (ms): Min: 0.9, Avg: 1.6, Max: 5.3, Diff: 4.5, Sum: 12.7]
      [Update RS (ms): Min: 6.9, Avg: 10.4, Max: 11.3, Diff: 4.3, Sum: 83.6]
         [Processed Buffers: Min: 23, Avg: 32.1, Max: 37, Diff: 14, Sum: 257]
      [Scan RS (ms): Min: 0.3, Avg: 0.6, Max: 0.7, Diff: 0.4, Sum: 4.4]
      [Code Root Scanning (ms): Min: 0.0, Avg: 0.0, Max: 0.0, Diff: 0.0, Sum: 0.0]
      [Object Copy (ms): Min: 13.0, Avg: 13.2, Max: 13.3, Diff: 0.3, Sum: 105.6]
      [Termination (ms): Min: 0.0, Avg: 0.0, Max: 0.0, Diff: 0.0, Sum: 0.0]
         [Termination Attempts: Min: 1, Avg: 1.0, Max: 1, Diff: 0, Sum: 8]
      [GC Worker Other (ms): Min: 0.0, Avg: 0.1, Max: 0.1, Diff: 0.1, Sum: 0.5]
      [GC Worker Total (ms): Min: 25.8, Avg: 25.9, Max: 26.0, Diff: 0.2, Sum: 206.8]
      [GC Worker End (ms): Min: 733770298.4, Avg: 733770298.4, Max: 733770298.5, Diff: 0.1]
   [Code Root Fixup: 0.0 ms]
   [Code Root Purge: 0.0 ms]
   [Clear CT: 0.8 ms]
   [Other: 2.5 ms]
      [Choose CSet: 0.0 ms]
      [Ref Proc: 1.8 ms]
      [Ref Enq: 0.1 ms]
      [Redirty Cards: 0.1 ms]
      [Humongous Register: 0.1 ms]
      [Humongous Reclaim: 0.0 ms]
      [Free CSet: 0.3 ms]
   [Eden: 7104.0M(7104.0M)->0.0B(7088.0M) Survivors: 65536.0K->81920.0K Heap: 10772.8M(14336.0M)->3759.0M(14336.0M)]
 [Times: user=0.22 sys=0.00, real=0.03 secs] 
2022-07-30T09:00:54.870-0700: 733826.375: [GC pause (G1 Evacuation Pause) (young) (initial-mark), 0.0833076 secs]
   [Parallel Time: 79.1 ms, GC Workers: 8]
      [GC Worker Start (ms): Min: 733826376.8, Avg: 733826376.9, Max: 733826377.0, Diff: 0.1]
      [Ext Root Scanning (ms): Min: 5.1, Avg: 5.5, Max: 5.9, Diff: 0.8, Sum: 43.9]
      [Update RS (ms): Min: 12.1, Avg: 12.4, Max: 12.9, Diff: 0.8, Sum: 98.8]
         [Processed Buffers: Min: 26, Avg: 28.0, Max: 31, Diff: 5, Sum: 224]
      [Scan RS (ms): Min: 0.0, Avg: 0.1, Max: 0.1, Diff: 0.1, Sum: 0.4]
      [Code Root Scanning (ms): Min: 0.0, Avg: 0.0, Max: 0.0, Diff: 0.0, Sum: 0.0]
      [Object Copy (ms): Min: 57.3, Avg: 57.8, Max: 58.6, Diff: 1.2, Sum: 462.8]
      [Termination (ms): Min: 0.0, Avg: 0.9, Max: 1.1, Diff: 1.1, Sum: 7.6]
         [Termination Attempts: Min: 1, Avg: 3.5, Max: 6, Diff: 5, Sum: 28]
      [GC Worker Other (ms): Min: 0.0, Avg: 0.0, Max: 0.1, Diff: 0.0, Sum: 0.2]
      [GC Worker Total (ms): Min: 76.7, Avg: 76.7, Max: 76.8, Diff: 0.1, Sum: 613.7]
      [GC Worker End (ms): Min: 733826453.6, Avg: 733826453.6, Max: 733826453.7, Diff: 0.1]
   [Code Root Fixup: 0.0 ms]
   [Code Root Purge: 0.0 ms]
   [Clear CT: 0.8 ms]
   [Other: 3.5 ms]
      [Choose CSet: 0.0 ms]
      [Ref Proc: 2.7 ms]
      [Ref Enq: 0.1 ms]
      [Redirty Cards: 0.1 ms]
      [Humongous Register: 0.0 ms]
      [Humongous Reclaim: 0.0 ms]
      [Free CSet: 0.3 ms]
   [Eden: 7088.0M(7088.0M)->0.0B(6944.0M) Survivors: 81920.0K->224.0M Heap: 10847.0M(14336.0M)->3949.9M(14336.0M)]
 [Times: user=0.60 sys=0.00, real=0.08 secs] 
2022-07-30T09:00:54.953-0700: 733826.458: [GC concurrent-root-region-scan-start]
2022-07-30T09:00:55.007-0700: 733826.512: [GC concurrent-root-region-scan-end, 0.0534802 secs]
2022-07-30T09:00:55.007-0700: 733826.512: [GC concurrent-mark-start]
2022-07-30T09:00:57.610-0700: 733829.115: [GC concurrent-mark-end, 2.6032602 secs]
2022-07-30T09:00:57.610-0700: 733829.115: [GC remark 2022-07-30T09:00:57.610-0700: 733829.115: [Finalize Marking, 0.0003654 secs] 2022-07-30T09:00:57.611-0700: 733829.116: [GC ref-proc, 0.0102629 secs] 2022-07-30T09:00:57.621-0700: 733829.126: [Unloading, 0.0280678 secs], 0.0443499 secs]
 [Times: user=0.26 sys=0.00, real=0.05 secs] 
2022-07-30T09:00:57.655-0700: 733829.160: [GC cleanup 4149M->4149M(14336M), 0.0089839 secs]
 [Times: user=0.06 sys=0.00, real=0.01 secs] 
2022-07-30T09:02:36.565-0700: 733928.069: [GC pause (G1 Evacuation Pause) (young), 0.0651123 secs]
   [Parallel Time: 60.2 ms, GC Workers: 8]
      [GC Worker Start (ms): Min: 733928069.5, Avg: 733928069.6, Max: 733928069.6, Diff: 0.1]
      [Ext Root Scanning (ms): Min: 1.5, Avg: 2.2, Max: 5.6, Diff: 4.1, Sum: 17.7]
      [Update RS (ms): Min: 4.1, Avg: 6.8, Max: 7.4, Diff: 3.3, Sum: 54.3]
         [Processed Buffers: Min: 13, Avg: 19.4, Max: 29, Diff: 16, Sum: 155]
      [Scan RS (ms): Min: 0.7, Avg: 0.9, Max: 1.1, Diff: 0.3, Sum: 7.3]
      [Code Root Scanning (ms): Min: 0.0, Avg: 0.0, Max: 0.0, Diff: 0.0, Sum: 0.0]
      [Object Copy (ms): Min: 49.2, Avg: 49.6, Max: 49.7, Diff: 0.6, Sum: 396.5]
      [Termination (ms): Min: 0.0, Avg: 0.0, Max: 0.0, Diff: 0.0, Sum: 0.0]
         [Termination Attempts: Min: 1, Avg: 1.0, Max: 1, Diff: 0, Sum: 8]
      [GC Worker Other (ms): Min: 0.0, Avg: 0.1, Max: 0.1, Diff: 0.1, Sum: 0.6]
      [GC Worker Total (ms): Min: 59.5, Avg: 59.6, Max: 59.7, Diff: 0.2, Sum: 476.4]
      [GC Worker End (ms): Min: 733928129.1, Avg: 733928129.1, Max: 733928129.2, Diff: 0.1]
   [Code Root Fixup: 0.0 ms]
   [Code Root Purge: 0.0 ms]
   [Clear CT: 0.9 ms]
   [Other: 4.0 ms]
      [Choose CSet: 0.0 ms]
      [Ref Proc: 3.2 ms]
      [Ref Enq: 0.1 ms]
      [Redirty Cards: 0.2 ms]
      [Humongous Register: 0.1 ms]
      [Humongous Reclaim: 0.0 ms]
      [Free CSet: 0.3 ms]
   [Eden: 6944.0M(6944.0M)->0.0B(5600.0M) Survivors: 224.0M->128.0M Heap: 10893.9M(14336.0M)->4052.0M(14336.0M)]
 [Times: user=0.49 sys=0.00, real=0.06 secs] 
2022-07-30T09:03:59.420-0700: 734010.924: [GC pause (G1 Evacuation Pause) (mixed), 0.0633095 secs]
   [Parallel Time: 58.5 ms, GC Workers: 8]
      [GC Worker Start (ms): Min: 734010924.6, Avg: 734010924.7, Max: 734010924.7, Diff: 0.1]
      [Ext Root Scanning (ms): Min: 1.0, Avg: 1.9, Max: 7.0, Diff: 5.9, Sum: 15.3]
      [Update RS (ms): Min: 1.7, Avg: 7.2, Max: 12.4, Diff: 10.7, Sum: 58.0]
         [Processed Buffers: Min: 10, Avg: 27.0, Max: 42, Diff: 32, Sum: 216]
      [Scan RS (ms): Min: 10.6, Avg: 14.4, Max: 15.9, Diff: 5.3, Sum: 115.6]
      [Code Root Scanning (ms): Min: 0.0, Avg: 0.5, Max: 4.1, Diff: 4.1, Sum: 4.2]
      [Object Copy (ms): Min: 33.8, Avg: 34.0, Max: 34.3, Diff: 0.5, Sum: 272.0]
      [Termination (ms): Min: 0.0, Avg: 0.2, Max: 0.2, Diff: 0.2, Sum: 1.4]
         [Termination Attempts: Min: 1, Avg: 1.1, Max: 2, Diff: 1, Sum: 9]
      [GC Worker Other (ms): Min: 0.0, Avg: 0.0, Max: 0.0, Diff: 0.0, Sum: 0.1]
      [GC Worker Total (ms): Min: 58.3, Avg: 58.3, Max: 58.4, Diff: 0.1, Sum: 466.6]
      [GC Worker End (ms): Min: 734010983.0, Avg: 734010983.0, Max: 734010983.0, Diff: 0.0]
   [Code Root Fixup: 0.2 ms]
   [Code Root Purge: 0.0 ms]
   [Clear CT: 0.9 ms]
   [Other: 3.7 ms]
      [Choose CSet: 0.1 ms]
      [Ref Proc: 2.5 ms]
      [Ref Enq: 0.1 ms]
      [Redirty Cards: 0.4 ms]
      [Humongous Register: 0.0 ms]
      [Humongous Reclaim: 0.0 ms]
      [Free CSet: 0.4 ms]
   [Eden: 5600.0M(5600.0M)->0.0B(7072.0M) Survivors: 128.0M->98304.0K Heap: 9652.0M(14336.0M)->3804.7M(14336.0M)]
 [Times: user=0.47 sys=0.00, real=0.07 secs] 
2022-07-30T09:05:49.963-0700: 734121.468: [GC pause (G1 Evacuation Pause) (young), 0.0455897 secs]
   [Parallel Time: 42.6 ms, GC Workers: 8]
      [GC Worker Start (ms): Min: 734121467.7, Avg: 734121467.7, Max: 734121467.7, Diff: 0.1]
      [Ext Root Scanning (ms): Min: 0.9, Avg: 1.7, Max: 5.6, Diff: 4.7, Sum: 13.6]
      [Update RS (ms): Min: 13.8, Avg: 17.7, Max: 18.6, Diff: 4.8, Sum: 141.5]
         [Processed Buffers: Min: 21, Avg: 26.4, Max: 30, Diff: 9, Sum: 211]
      [Scan RS (ms): Min: 16.6, Avg: 16.8, Max: 17.0, Diff: 0.4, Sum: 134.7]
      [Code Root Scanning (ms): Min: 0.0, Avg: 0.0, Max: 0.0, Diff: 0.0, Sum: 0.0]
      [Object Copy (ms): Min: 6.0, Avg: 6.2, Max: 6.3, Diff: 0.3, Sum: 49.4]
      [Termination (ms): Min: 0.0, Avg: 0.0, Max: 0.0, Diff: 0.0, Sum: 0.0]
         [Termination Attempts: Min: 1, Avg: 9.1, Max: 13, Diff: 12, Sum: 73]
      [GC Worker Other (ms): Min: 0.0, Avg: 0.1, Max: 0.1, Diff: 0.1, Sum: 0.5]
      [GC Worker Total (ms): Min: 42.4, Avg: 42.5, Max: 42.5, Diff: 0.1, Sum: 339.7]
      [GC Worker End (ms): Min: 734121510.1, Avg: 734121510.2, Max: 734121510.2, Diff: 0.1]
   [Code Root Fixup: 0.0 ms]
   [Code Root Purge: 0.0 ms]
   [Clear CT: 0.8 ms]
   [Other: 2.1 ms]
      [Choose CSet: 0.0 ms]
      [Ref Proc: 1.3 ms]
      [Ref Enq: 0.1 ms]
      [Redirty Cards: 0.2 ms]
      [Humongous Register: 0.0 ms]
      [Humongous Reclaim: 0.0 ms]
      [Free CSet: 0.3 ms]
   [Eden: 7072.0M(7072.0M)->0.0B(7152.0M) Survivors: 98304.0K->16384.0K Heap: 10876.7M(14336.0M)->3794.8M(14336.0M)]
 [Times: user=0.35 sys=0.00, real=0.04 secs] 
2022-07-30T09:07:42.176-0700: 734233.681: [GC pause (G1 Evacuation Pause) (young) (initial-mark), 0.0202606 secs]
   [Parallel Time: 16.1 ms, GC Workers: 8]
      [GC Worker Start (ms): Min: 734233683.2, Avg: 734233683.2, Max: 734233683.3, Diff: 0.1]
      [Ext Root Scanning (ms): Min: 5.1, Avg: 5.2, Max: 5.3, Diff: 0.3, Sum: 41.6]
      [Update RS (ms): Min: 6.1, Avg: 6.2, Max: 6.3, Diff: 0.2, Sum: 49.8]
         [Processed Buffers: Min: 18, Avg: 24.1, Max: 31, Diff: 13, Sum: 193]
      [Scan RS (ms): Min: 0.1, Avg: 0.2, Max: 0.3, Diff: 0.2, Sum: 1.7]
      [Code Root Scanning (ms): Min: 0.0, Avg: 0.0, Max: 0.0, Diff: 0.0, Sum: 0.0]
      [Object Copy (ms): Min: 1.9, Avg: 2.1, Max: 2.2, Diff: 0.3, Sum: 16.7]
      [Termination (ms): Min: 0.0, Avg: 0.0, Max: 0.0, Diff: 0.0, Sum: 0.1]
         [Termination Attempts: Min: 29, Avg: 35.0, Max: 42, Diff: 13, Sum: 280]
      [GC Worker Other (ms): Min: 0.0, Avg: 0.0, Max: 0.1, Diff: 0.1, Sum: 0.4]
      [GC Worker Total (ms): Min: 13.7, Avg: 13.8, Max: 13.9, Diff: 0.2, Sum: 110.3]
      [GC Worker End (ms): Min: 734233697.0, Avg: 734233697.0, Max: 734233697.0, Diff: 0.1]
   [Code Root Fixup: 0.0 ms]
   [Code Root Purge: 0.0 ms]
   [Clear CT: 0.7 ms]
   [Other: 3.4 ms]
      [Choose CSet: 0.0 ms]
      [Ref Proc: 2.7 ms]
      [Ref Enq: 0.1 ms]
      [Redirty Cards: 0.1 ms]
      [Humongous Register: 0.0 ms]
      [Humongous Reclaim: 0.0 ms]
      [Free CSet: 0.3 ms]
   [Eden: 7152.0M(7152.0M)->0.0B(7152.0M) Survivors: 16384.0K->16384.0K Heap: 10946.8M(14336.0M)->3818.6M(14336.0M)]
 [Times: user=0.12 sys=0.00, real=0.02 secs] 
2022-07-30T09:07:42.197-0700: 734233.701: [GC concurrent-root-region-scan-start]
2022-07-30T09:07:42.206-0700: 734233.711: [GC concurrent-root-region-scan-end, 0.0092098 secs]
2022-07-30T09:07:42.206-0700: 734233.711: [GC concurrent-mark-start]
2022-07-30T09:07:44.896-0700: 734236.400: [GC concurrent-mark-end, 2.6897591 secs]
2022-07-30T09:07:44.896-0700: 734236.401: [GC remark 2022-07-30T09:07:44.896-0700: 734236.401: [Finalize Marking, 0.0002754 secs] 2022-07-30T09:07:44.896-0700: 734236.401: [GC ref-proc, 0.0088442 secs] 2022-07-30T09:07:44.905-0700: 734236.410: [Unloading, 0.0306927 secs], 0.0455353 secs]
 [Times: user=0.27 sys=0.00, real=0.04 secs] 
2022-07-30T09:07:44.942-0700: 734236.447: [GC cleanup 4046M->4046M(14336M), 0.0095000 secs]
 [Times: user=0.07 sys=0.00, real=0.01 secs] 
2022-07-30T09:09:27.369-0700: 734338.873: [GC pause (G1 Evacuation Pause) (young), 0.0133830 secs]
   [Parallel Time: 8.5 ms, GC Workers: 8]
      [GC Worker Start (ms): Min: 734338873.4, Avg: 734338873.5, Max: 734338873.6, Diff: 0.2]
      [Ext Root Scanning (ms): Min: 1.1, Avg: 1.8, Max: 5.3, Diff: 4.2, Sum: 14.6]
      [Update RS (ms): Min: 0.0, Avg: 2.6, Max: 3.4, Diff: 3.4, Sum: 21.1]
         [Processed Buffers: Min: 0, Avg: 9.4, Max: 13, Diff: 13, Sum: 75]
      [Scan RS (ms): Min: 0.0, Avg: 0.1, Max: 0.1, Diff: 0.1, Sum: 0.4]
      [Code Root Scanning (ms): Min: 0.0, Avg: 0.0, Max: 0.0, Diff: 0.0, Sum: 0.0]
      [Object Copy (ms): Min: 2.9, Avg: 3.6, Max: 3.8, Diff: 0.9, Sum: 28.5]
      [Termination (ms): Min: 0.0, Avg: 0.0, Max: 0.0, Diff: 0.0, Sum: 0.0]
         [Termination Attempts: Min: 1, Avg: 2.2, Max: 4, Diff: 3, Sum: 18]
      [GC Worker Other (ms): Min: 0.0, Avg: 0.0, Max: 0.1, Diff: 0.1, Sum: 0.4]
      [GC Worker Total (ms): Min: 8.0, Avg: 8.1, Max: 8.3, Diff: 0.2, Sum: 65.1]
      [GC Worker End (ms): Min: 734338881.6, Avg: 734338881.7, Max: 734338881.7, Diff: 0.1]
   [Code Root Fixup: 0.0 ms]
   [Code Root Purge: 0.0 ms]
   [Clear CT: 0.8 ms]
   [Other: 4.1 ms]
      [Choose CSet: 0.0 ms]
      [Ref Proc: 3.5 ms]
      [Ref Enq: 0.1 ms]
      [Redirty Cards: 0.1 ms]
      [Humongous Register: 0.1 ms]
      [Humongous Reclaim: 0.0 ms]
      [Free CSet: 0.3 ms]
   [Eden: 7152.0M(7152.0M)->0.0B(5712.0M) Survivors: 16384.0K->16384.0K Heap: 10970.6M(14336.0M)->3834.9M(14336.0M)]
 [Times: user=0.07 sys=0.01, real=0.01 secs] 
2022-07-30T09:10:54.660-0700: 734426.165: [GC pause (G1 Evacuation Pause) (mixed), 0.0578500 secs]
   [Parallel Time: 52.8 ms, GC Workers: 8]
      [GC Worker Start (ms): Min: 734426165.4, Avg: 734426165.6, Max: 734426165.6, Diff: 0.2]
      [Ext Root Scanning (ms): Min: 1.3, Avg: 2.2, Max: 7.2, Diff: 5.9, Sum: 17.8]
      [Update RS (ms): Min: 0.0, Avg: 2.6, Max: 3.8, Diff: 3.8, Sum: 20.6]
         [Processed Buffers: Min: 0, Avg: 8.0, Max: 21, Diff: 21, Sum: 64]
      [Scan RS (ms): Min: 12.6, Avg: 16.8, Max: 18.0, Diff: 5.4, Sum: 134.2]
      [Code Root Scanning (ms): Min: 0.0, Avg: 0.5, Max: 4.3, Diff: 4.3, Sum: 4.3]
      [Object Copy (ms): Min: 30.0, Avg: 30.3, Max: 30.4, Diff: 0.5, Sum: 242.3]
      [Termination (ms): Min: 0.0, Avg: 0.0, Max: 0.0, Diff: 0.0, Sum: 0.1]
         [Termination Attempts: Min: 1, Avg: 38.4, Max: 55, Diff: 54, Sum: 307]
      [GC Worker Other (ms): Min: 0.0, Avg: 0.1, Max: 0.2, Diff: 0.2, Sum: 0.7]
      [GC Worker Total (ms): Min: 52.4, Avg: 52.5, Max: 52.7, Diff: 0.3, Sum: 420.1]
      [GC Worker End (ms): Min: 734426218.0, Avg: 734426218.1, Max: 734426218.2, Diff: 0.2]
   [Code Root Fixup: 0.2 ms]
   [Code Root Purge: 0.0 ms]
   [Clear CT: 0.9 ms]
   [Other: 3.9 ms]
      [Choose CSet: 0.1 ms]
      [Ref Proc: 2.8 ms]
      [Ref Enq: 0.1 ms]
      [Redirty Cards: 0.3 ms]
      [Humongous Register: 0.1 ms]
      [Humongous Reclaim: 0.0 ms]
      [Free CSet: 0.4 ms]
   [Eden: 5712.0M(5712.0M)->0.0B(7152.0M) Survivors: 16384.0K->16384.0K Heap: 9546.9M(14336.0M)->3592.4M(14336.0M)]
 [Times: user=0.43 sys=0.00, real=0.06 secs] 
2022-07-30T09:12:44.115-0700: 734535.620: [GC pause (G1 Evacuation Pause) (young), 0.0166923 secs]
   [Parallel Time: 13.8 ms, GC Workers: 8]
      [GC Worker Start (ms): Min: 734535620.3, Avg: 734535620.4, Max: 734535620.5, Diff: 0.1]
      [Ext Root Scanning (ms): Min: 1.2, Avg: 2.0, Max: 5.7, Diff: 4.5, Sum: 15.8]
      [Update RS (ms): Min: 6.1, Avg: 9.6, Max: 10.5, Diff: 4.4, Sum: 76.7]
         [Processed Buffers: Min: 23, Avg: 26.5, Max: 31, Diff: 8, Sum: 212]
      [Scan RS (ms): Min: 0.1, Avg: 0.3, Max: 0.5, Diff: 0.4, Sum: 2.7]
      [Code Root Scanning (ms): Min: 0.0, Avg: 0.0, Max: 0.0, Diff: 0.0, Sum: 0.0]
      [Object Copy (ms): Min: 1.3, Avg: 1.6, Max: 1.7, Diff: 0.4, Sum: 12.7]
      [Termination (ms): Min: 0.0, Avg: 0.0, Max: 0.0, Diff: 0.0, Sum: 0.0]
         [Termination Attempts: Min: 10, Avg: 18.6, Max: 23, Diff: 13, Sum: 149]
      [GC Worker Other (ms): Min: 0.0, Avg: 0.1, Max: 0.2, Diff: 0.2, Sum: 0.6]
      [GC Worker Total (ms): Min: 13.5, Avg: 13.6, Max: 13.6, Diff: 0.1, Sum: 108.7]
      [GC Worker End (ms): Min: 734535633.9, Avg: 734535634.0, Max: 734535634.0, Diff: 0.1]
   [Code Root Fixup: 0.0 ms]
   [Code Root Purge: 0.0 ms]
   [Clear CT: 0.8 ms]
   [Other: 2.1 ms]
      [Choose CSet: 0.0 ms]
      [Ref Proc: 1.4 ms]
      [Ref Enq: 0.1 ms]
      [Redirty Cards: 0.1 ms]
      [Humongous Register: 0.1 ms]
      [Humongous Reclaim: 0.0 ms]
      [Free CSet: 0.3 ms]
   [Eden: 7152.0M(7152.0M)->0.0B(7152.0M) Survivors: 16384.0K->16384.0K Heap: 10744.4M(14336.0M)->3661.7M(14336.0M)]
 [Times: user=0.12 sys=0.00, real=0.01 secs] 
2022-07-30T09:14:32.026-0700: 734643.530: [GC pause (G1 Evacuation Pause) (young) (initial-mark), 0.0174611 secs]
   [Parallel Time: 12.4 ms, GC Workers: 8]
      [GC Worker Start (ms): Min: 734643532.7, Avg: 734643532.8, Max: 734643532.9, Diff: 0.2]
      [Ext Root Scanning (ms): Min: 5.6, Avg: 5.8, Max: 5.9, Diff: 0.3, Sum: 46.1]
      [Update RS (ms): Min: 1.9, Avg: 2.1, Max: 2.2, Diff: 0.3, Sum: 16.4]
         [Processed Buffers: Min: 3, Avg: 7.6, Max: 15, Diff: 12, Sum: 61]
      [Scan RS (ms): Min: 0.0, Avg: 0.0, Max: 0.1, Diff: 0.1, Sum: 0.4]
      [Code Root Scanning (ms): Min: 0.0, Avg: 0.0, Max: 0.0, Diff: 0.0, Sum: 0.0]
      [Object Copy (ms): Min: 1.7, Avg: 2.0, Max: 2.1, Diff: 0.4, Sum: 15.6]
      [Termination (ms): Min: 0.0, Avg: 0.0, Max: 0.0, Diff: 0.0, Sum: 0.0]
         [Termination Attempts: Min: 1, Avg: 1.2, Max: 2, Diff: 1, Sum: 10]
      [GC Worker Other (ms): Min: 0.0, Avg: 0.1, Max: 0.1, Diff: 0.1, Sum: 0.5]
      [GC Worker Total (ms): Min: 9.8, Avg: 9.9, Max: 10.0, Diff: 0.1, Sum: 79.1]
      [GC Worker End (ms): Min: 734643542.7, Avg: 734643542.7, Max: 734643542.7, Diff: 0.1]
   [Code Root Fixup: 0.0 ms]
   [Code Root Purge: 0.0 ms]
   [Clear CT: 0.7 ms]
   [Other: 4.4 ms]
      [Choose CSet: 0.0 ms]
      [Ref Proc: 3.6 ms]
      [Ref Enq: 0.1 ms]
      [Redirty Cards: 0.1 ms]
      [Humongous Register: 0.0 ms]
      [Humongous Reclaim: 0.0 ms]
      [Free CSet: 0.3 ms]
   [Eden: 7152.0M(7152.0M)->0.0B(7152.0M) Survivors: 16384.0K->16384.0K Heap: 10813.7M(14336.0M)->3675.2M(14336.0M)]
 [Times: user=0.07 sys=0.01, real=0.02 secs] 
2022-07-30T09:14:32.043-0700: 734643.548: [GC concurrent-root-region-scan-start]
2022-07-30T09:14:32.054-0700: 734643.558: [GC concurrent-root-region-scan-end, 0.0105025 secs]
2022-07-30T09:14:32.054-0700: 734643.558: [GC concurrent-mark-start]
2022-07-30T09:14:34.653-0700: 734646.158: [GC concurrent-mark-end, 2.5997316 secs]
2022-07-30T09:14:34.654-0700: 734646.159: [GC remark 2022-07-30T09:14:34.654-0700: 734646.159: [Finalize Marking, 0.0004045 secs] 2022-07-30T09:14:34.654-0700: 734646.159: [GC ref-proc, 0.0097584 secs] 2022-07-30T09:14:34.664-0700: 734646.169: [Unloading, 0.0300267 secs], 0.0458850 secs]
 [Times: user=0.27 sys=0.00, real=0.05 secs] 
2022-07-30T09:14:34.700-0700: 734646.205: [GC cleanup 3859M->3859M(14336M), 0.0088701 secs]
 [Times: user=0.07 sys=0.00, real=0.01 secs] 
2022-07-30T09:16:24.415-0700: 734755.919: [GC pause (G1 Evacuation Pause) (young), 0.0121496 secs]
   [Parallel Time: 6.8 ms, GC Workers: 8]
      [GC Worker Start (ms): Min: 734755919.6, Avg: 734755919.6, Max: 734755919.7, Diff: 0.2]
      [Ext Root Scanning (ms): Min: 1.3, Avg: 2.2, Max: 6.4, Diff: 5.1, Sum: 17.2]
      [Update RS (ms): Min: 0.0, Avg: 2.3, Max: 3.4, Diff: 3.4, Sum: 18.2]
         [Processed Buffers: Min: 0, Avg: 6.1, Max: 17, Diff: 17, Sum: 49]
      [Scan RS (ms): Min: 0.0, Avg: 0.1, Max: 0.1, Diff: 0.1, Sum: 0.4]
      [Code Root Scanning (ms): Min: 0.0, Avg: 0.0, Max: 0.0, Diff: 0.0, Sum: 0.1]
      [Object Copy (ms): Min: 0.0, Avg: 1.9, Max: 2.5, Diff: 2.5, Sum: 15.4]
      [Termination (ms): Min: 0.0, Avg: 0.0, Max: 0.0, Diff: 0.0, Sum: 0.1]
         [Termination Attempts: Min: 1, Avg: 3.6, Max: 9, Diff: 8, Sum: 29]
      [GC Worker Other (ms): Min: 0.0, Avg: 0.0, Max: 0.1, Diff: 0.0, Sum: 0.2]
      [GC Worker Total (ms): Min: 6.4, Avg: 6.4, Max: 6.5, Diff: 0.2, Sum: 51.6]
      [GC Worker End (ms): Min: 734755926.1, Avg: 734755926.1, Max: 734755926.1, Diff: 0.0]
   [Code Root Fixup: 0.0 ms]
   [Code Root Purge: 0.0 ms]
   [Clear CT: 0.7 ms]
   [Other: 4.7 ms]
      [Choose CSet: 0.0 ms]
      [Ref Proc: 3.8 ms]
      [Ref Enq: 0.1 ms]
      [Redirty Cards: 0.1 ms]
      [Humongous Register: 0.1 ms]
      [Humongous Reclaim: 0.0 ms]
      [Free CSet: 0.3 ms]
   [Eden: 7152.0M(7152.0M)->0.0B(5712.0M) Survivors: 16384.0K->16384.0K Heap: 10827.2M(14336.0M)->3677.0M(14336.0M)]
 [Times: user=0.06 sys=0.00, real=0.02 secs] 
2022-07-30T09:17:51.773-0700: 734843.278: [GC pause (G1 Evacuation Pause) (mixed), 0.0129715 secs]
   [Parallel Time: 7.4 ms, GC Workers: 8]
      [GC Worker Start (ms): Min: 734843278.0, Avg: 734843278.0, Max: 734843278.1, Diff: 0.1]
      [Ext Root Scanning (ms): Min: 0.9, Avg: 1.8, Max: 6.4, Diff: 5.5, Sum: 14.1]
      [Update RS (ms): Min: 0.0, Avg: 1.7, Max: 2.3, Diff: 2.3, Sum: 13.4]
         [Processed Buffers: Min: 0, Avg: 7.4, Max: 18, Diff: 18, Sum: 59]
      [Scan RS (ms): Min: 0.0, Avg: 0.5, Max: 0.8, Diff: 0.8, Sum: 4.0]
      [Code Root Scanning (ms): Min: 0.0, Avg: 0.0, Max: 0.0, Diff: 0.0, Sum: 0.0]
      [Object Copy (ms): Min: 0.7, Avg: 3.1, Max: 3.5, Diff: 2.8, Sum: 25.0]
      [Termination (ms): Min: 0.0, Avg: 0.0, Max: 0.0, Diff: 0.0, Sum: 0.0]
         [Termination Attempts: Min: 8, Avg: 11.0, Max: 15, Diff: 7, Sum: 88]
      [GC Worker Other (ms): Min: 0.0, Avg: 0.0, Max: 0.1, Diff: 0.1, Sum: 0.4]
      [GC Worker Total (ms): Min: 7.0, Avg: 7.1, Max: 7.2, Diff: 0.2, Sum: 57.0]
      [GC Worker End (ms): Min: 734843285.1, Avg: 734843285.2, Max: 734843285.2, Diff: 0.1]
   [Code Root Fixup: 0.0 ms]
   [Code Root Purge: 0.0 ms]
   [Clear CT: 0.9 ms]
   [Other: 4.7 ms]
      [Choose CSet: 0.0 ms]
      [Ref Proc: 3.9 ms]
      [Ref Enq: 0.1 ms]
      [Redirty Cards: 0.1 ms]
      [Humongous Register: 0.1 ms]
      [Humongous Reclaim: 0.0 ms]
      [Free CSet: 0.3 ms]
   [Eden: 5712.0M(5712.0M)->0.0B(7152.0M) Survivors: 16384.0K->16384.0K Heap: 9389.0M(14336.0M)->3588.2M(14336.0M)]
 [Times: user=0.07 sys=0.00, real=0.02 secs] 
2022-07-30T09:19:40.570-0700: 734952.075: [GC pause (G1 Evacuation Pause) (young), 0.0118788 secs]
   [Parallel Time: 6.7 ms, GC Workers: 8]
      [GC Worker Start (ms): Min: 734952075.0, Avg: 734952075.0, Max: 734952075.1, Diff: 0.2]
      [Ext Root Scanning (ms): Min: 0.9, Avg: 1.6, Max: 5.0, Diff: 4.1, Sum: 12.6]
      [Update RS (ms): Min: 0.0, Avg: 3.0, Max: 3.9, Diff: 3.9, Sum: 23.9]
         [Processed Buffers: Min: 0, Avg: 11.0, Max: 17, Diff: 17, Sum: 88]
      [Scan RS (ms): Min: 0.0, Avg: 0.0, Max: 0.1, Diff: 0.1, Sum: 0.4]
      [Code Root Scanning (ms): Min: 0.0, Avg: 0.0, Max: 0.0, Diff: 0.0, Sum: 0.0]
      [Object Copy (ms): Min: 1.3, Avg: 1.6, Max: 1.9, Diff: 0.6, Sum: 12.8]
      [Termination (ms): Min: 0.0, Avg: 0.0, Max: 0.0, Diff: 0.0, Sum: 0.0]
         [Termination Attempts: Min: 1, Avg: 1.6, Max: 3, Diff: 2, Sum: 13]
      [GC Worker Other (ms): Min: 0.0, Avg: 0.1, Max: 0.1, Diff: 0.1, Sum: 0.6]
      [GC Worker Total (ms): Min: 6.2, Avg: 6.3, Max: 6.4, Diff: 0.3, Sum: 50.3]
      [GC Worker End (ms): Min: 734952081.3, Avg: 734952081.3, Max: 734952081.4, Diff: 0.1]
   [Code Root Fixup: 0.0 ms]
   [Code Root Purge: 0.0 ms]
   [Clear CT: 0.8 ms]
   [Other: 4.4 ms]
      [Choose CSet: 0.0 ms]
      [Ref Proc: 3.7 ms]
      [Ref Enq: 0.1 ms]
      [Redirty Cards: 0.1 ms]
      [Humongous Register: 0.1 ms]
      [Humongous Reclaim: 0.0 ms]
      [Free CSet: 0.3 ms]
   [Eden: 7152.0M(7152.0M)->0.0B(7152.0M) Survivors: 16384.0K->16384.0K Heap: 10740.2M(14336.0M)->3592.6M(14336.0M)]
 [Times: user=0.06 sys=0.00, real=0.01 secs] 
2022-07-30T09:21:31.769-0700: 735063.274: [GC pause (G1 Evacuation Pause) (young) (initial-mark), 0.0168402 secs]
   [Parallel Time: 11.9 ms, GC Workers: 8]
      [GC Worker Start (ms): Min: 735063276.0, Avg: 735063276.1, Max: 735063276.2, Diff: 0.1]
      [Ext Root Scanning (ms): Min: 5.3, Avg: 5.3, Max: 5.5, Diff: 0.2, Sum: 42.7]
      [Update RS (ms): Min: 1.3, Avg: 1.6, Max: 2.1, Diff: 0.7, Sum: 12.8]
         [Processed Buffers: Min: 2, Avg: 5.8, Max: 11, Diff: 9, Sum: 46]
      [Scan RS (ms): Min: 0.0, Avg: 0.1, Max: 0.2, Diff: 0.1, Sum: 0.4]
      [Code Root Scanning (ms): Min: 0.0, Avg: 0.0, Max: 0.0, Diff: 0.0, Sum: 0.0]
      [Object Copy (ms): Min: 1.6, Avg: 2.2, Max: 2.5, Diff: 0.9, Sum: 17.2]
      [Termination (ms): Min: 0.0, Avg: 0.0, Max: 0.0, Diff: 0.0, Sum: 0.1]
         [Termination Attempts: Min: 22, Avg: 27.6, Max: 33, Diff: 11, Sum: 221]
      [GC Worker Other (ms): Min: 0.0, Avg: 0.1, Max: 0.3, Diff: 0.2, Sum: 0.9]
      [GC Worker Total (ms): Min: 9.2, Avg: 9.3, Max: 9.4, Diff: 0.2, Sum: 74.1]
      [GC Worker End (ms): Min: 735063285.3, Avg: 735063285.4, Max: 735063285.5, Diff: 0.2]
   [Code Root Fixup: 0.0 ms]
   [Code Root Purge: 0.0 ms]
   [Clear CT: 0.7 ms]
   [Other: 4.2 ms]
      [Choose CSet: 0.0 ms]
      [Ref Proc: 3.5 ms]
      [Ref Enq: 0.1 ms]
      [Redirty Cards: 0.1 ms]
      [Humongous Register: 0.0 ms]
      [Humongous Reclaim: 0.0 ms]
      [Free CSet: 0.3 ms]
   [Eden: 7152.0M(7152.0M)->0.0B(7152.0M) Survivors: 16384.0K->16384.0K Heap: 10744.6M(14336.0M)->3592.7M(14336.0M)]
 [Times: user=0.08 sys=0.00, real=0.02 secs] 
2022-07-30T09:21:31.786-0700: 735063.291: [GC concurrent-root-region-scan-start]
2022-07-30T09:21:31.797-0700: 735063.302: [GC concurrent-root-region-scan-end, 0.0107586 secs]
2022-07-30T09:21:31.797-0700: 735063.302: [GC concurrent-mark-start]
2022-07-30T09:21:34.422-0700: 735065.927: [GC concurrent-mark-end, 2.6255138 secs]
2022-07-30T09:21:34.423-0700: 735065.927: [GC remark 2022-07-30T09:21:34.423-0700: 735065.927: [Finalize Marking, 0.0002961 secs] 2022-07-30T09:21:34.423-0700: 735065.928: [GC ref-proc, 0.0075808 secs] 2022-07-30T09:21:34.431-0700: 735065.935: [Unloading, 0.0307180 secs], 0.0443301 secs]
 [Times: user=0.27 sys=0.00, real=0.05 secs] 
2022-07-30T09:21:34.467-0700: 735065.972: [GC cleanup 3824M->3824M(14336M), 0.0090279 secs]
 [Times: user=0.07 sys=0.00, real=0.01 secs] 
2022-07-30T09:23:24.326-0700: 735175.831: [GC pause (G1 Evacuation Pause) (young), 0.0100872 secs]
   [Parallel Time: 5.9 ms, GC Workers: 8]
      [GC Worker Start (ms): Min: 735175830.9, Avg: 735175831.0, Max: 735175831.1, Diff: 0.2]
      [Ext Root Scanning (ms): Min: 0.9, Avg: 1.7, Max: 5.7, Diff: 4.8, Sum: 13.5]
      [Update RS (ms): Min: 0.0, Avg: 1.6, Max: 2.4, Diff: 2.4, Sum: 12.6]
         [Processed Buffers: Min: 0, Avg: 6.4, Max: 12, Diff: 12, Sum: 51]
      [Scan RS (ms): Min: 0.0, Avg: 0.0, Max: 0.1, Diff: 0.1, Sum: 0.4]
      [Code Root Scanning (ms): Min: 0.0, Avg: 0.0, Max: 0.0, Diff: 0.0, Sum: 0.0]
      [Object Copy (ms): Min: 0.0, Avg: 1.8, Max: 2.3, Diff: 2.3, Sum: 14.3]
      [Termination (ms): Min: 0.0, Avg: 0.5, Max: 0.6, Diff: 0.6, Sum: 3.9]
         [Termination Attempts: Min: 1, Avg: 6.0, Max: 9, Diff: 8, Sum: 48]
      [GC Worker Other (ms): Min: 0.0, Avg: 0.0, Max: 0.1, Diff: 0.0, Sum: 0.2]
      [GC Worker Total (ms): Min: 5.6, Avg: 5.6, Max: 5.7, Diff: 0.2, Sum: 45.1]
      [GC Worker End (ms): Min: 735175836.6, Avg: 735175836.6, Max: 735175836.7, Diff: 0.0]
   [Code Root Fixup: 0.0 ms]
   [Code Root Purge: 0.0 ms]
   [Clear CT: 0.6 ms]
   [Other: 3.5 ms]
      [Choose CSet: 0.0 ms]
      [Ref Proc: 2.8 ms]
      [Ref Enq: 0.1 ms]
      [Redirty Cards: 0.1 ms]
      [Humongous Register: 0.1 ms]
      [Humongous Reclaim: 0.0 ms]
      [Free CSet: 0.3 ms]
   [Eden: 7152.0M(7152.0M)->0.0B(5712.0M) Survivors: 16384.0K->16384.0K Heap: 10744.7M(14336.0M)->3596.4M(14336.0M)]
 [Times: user=0.06 sys=0.00, real=0.01 secs] 
2022-07-30T09:24:56.021-0700: 735267.526: [GC pause (G1 Evacuation Pause) (mixed), 0.0125329 secs]
   [Parallel Time: 9.6 ms, GC Workers: 8]
      [GC Worker Start (ms): Min: 735267525.8, Avg: 735267525.9, Max: 735267526.0, Diff: 0.2]
      [Ext Root Scanning (ms): Min: 1.0, Avg: 1.8, Max: 6.3, Diff: 5.4, Sum: 14.6]
      [Update RS (ms): Min: 0.0, Avg: 1.5, Max: 2.1, Diff: 2.1, Sum: 11.9]
         [Processed Buffers: Min: 0, Avg: 5.9, Max: 15, Diff: 15, Sum: 47]
      [Scan RS (ms): Min: 0.0, Avg: 1.1, Max: 1.5, Diff: 1.4, Sum: 8.8]
      [Code Root Scanning (ms): Min: 0.0, Avg: 0.0, Max: 0.0, Diff: 0.0, Sum: 0.0]
      [Object Copy (ms): Min: 3.0, Avg: 4.9, Max: 5.2, Diff: 2.3, Sum: 38.9]
      [Termination (ms): Min: 0.0, Avg: 0.0, Max: 0.0, Diff: 0.0, Sum: 0.0]
         [Termination Attempts: Min: 1, Avg: 8.5, Max: 11, Diff: 10, Sum: 68]
      [GC Worker Other (ms): Min: 0.0, Avg: 0.1, Max: 0.1, Diff: 0.1, Sum: 0.5]
      [GC Worker Total (ms): Min: 9.2, Avg: 9.3, Max: 9.5, Diff: 0.2, Sum: 74.7]
      [GC Worker End (ms): Min: 735267535.2, Avg: 735267535.2, Max: 735267535.3, Diff: 0.1]
   [Code Root Fixup: 0.0 ms]
   [Code Root Purge: 0.0 ms]
   [Clear CT: 0.8 ms]
   [Other: 2.1 ms]
      [Choose CSet: 0.0 ms]
      [Ref Proc: 1.5 ms]
      [Ref Enq: 0.1 ms]
      [Redirty Cards: 0.1 ms]
      [Humongous Register: 0.1 ms]
      [Humongous Reclaim: 0.0 ms]
      [Free CSet: 0.2 ms]
   [Eden: 5712.0M(5712.0M)->0.0B(7152.0M) Survivors: 16384.0K->16384.0K Heap: 9308.4M(14336.0M)->3570.5M(14336.0M)]
 [Times: user=0.08 sys=0.00, real=0.01 secs] 
2022-07-30T09:26:52.571-0700: 735384.075: [GC pause (G1 Evacuation Pause) (young), 0.0146394 secs]
   [Parallel Time: 8.9 ms, GC Workers: 8]
      [GC Worker Start (ms): Min: 735384075.5, Avg: 735384075.6, Max: 735384075.6, Diff: 0.1]
      [Ext Root Scanning (ms): Min: 1.6, Avg: 3.1, Max: 4.1, Diff: 2.4, Sum: 24.7]
      [Update RS (ms): Min: 3.0, Avg: 3.9, Max: 5.1, Diff: 2.1, Sum: 31.4]
         [Processed Buffers: Min: 9, Avg: 13.5, Max: 25, Diff: 16, Sum: 108]
      [Scan RS (ms): Min: 0.0, Avg: 0.0, Max: 0.2, Diff: 0.1, Sum: 0.4]
      [Code Root Scanning (ms): Min: 0.0, Avg: 0.0, Max: 0.0, Diff: 0.0, Sum: 0.0]
      [Object Copy (ms): Min: 0.9, Avg: 1.5, Max: 1.9, Diff: 1.0, Sum: 12.4]
      [Termination (ms): Min: 0.0, Avg: 0.0, Max: 0.0, Diff: 0.0, Sum: 0.0]
         [Termination Attempts: Min: 7, Avg: 9.5, Max: 13, Diff: 6, Sum: 76]
      [GC Worker Other (ms): Min: 0.0, Avg: 0.1, Max: 0.1, Diff: 0.1, Sum: 0.4]
      [GC Worker Total (ms): Min: 8.6, Avg: 8.7, Max: 8.8, Diff: 0.2, Sum: 69.3]
      [GC Worker End (ms): Min: 735384084.2, Avg: 735384084.2, Max: 735384084.3, Diff: 0.1]
   [Code Root Fixup: 0.0 ms]
   [Code Root Purge: 0.0 ms]
   [Clear CT: 0.8 ms]
   [Other: 5.0 ms]
      [Choose CSet: 0.0 ms]
      [Ref Proc: 4.2 ms]
      [Ref Enq: 0.1 ms]
      [Redirty Cards: 0.1 ms]
      [Humongous Register: 0.1 ms]
      [Humongous Reclaim: 0.0 ms]
      [Free CSet: 0.3 ms]
   [Eden: 7152.0M(7152.0M)->0.0B(7152.0M) Survivors: 16384.0K->16384.0K Heap: 10722.5M(14336.0M)->3577.6M(14336.0M)]
 [Times: user=0.06 sys=0.00, real=0.02 secs] 
2022-07-30T09:28:46.973-0700: 735498.477: [GC pause (G1 Evacuation Pause) (young) (initial-mark), 0.0166506 secs]
   [Parallel Time: 10.9 ms, GC Workers: 8]
      [GC Worker Start (ms): Min: 735498479.6, Avg: 735498479.7, Max: 735498479.8, Diff: 0.2]
      [Ext Root Scanning (ms): Min: 5.3, Avg: 5.5, Max: 5.7, Diff: 0.3, Sum: 44.0]
      [Update RS (ms): Min: 1.1, Avg: 1.4, Max: 2.0, Diff: 0.8, Sum: 10.9]
         [Processed Buffers: Min: 3, Avg: 6.2, Max: 16, Diff: 13, Sum: 50]
      [Scan RS (ms): Min: 0.0, Avg: 0.0, Max: 0.1, Diff: 0.1, Sum: 0.4]
      [Code Root Scanning (ms): Min: 0.0, Avg: 0.0, Max: 0.0, Diff: 0.0, Sum: 0.0]
      [Object Copy (ms): Min: 1.1, Avg: 1.7, Max: 1.9, Diff: 0.8, Sum: 13.4]
      [Termination (ms): Min: 0.0, Avg: 0.0, Max: 0.0, Diff: 0.0, Sum: 0.0]
         [Termination Attempts: Min: 1, Avg: 2.0, Max: 3, Diff: 2, Sum: 16]
      [GC Worker Other (ms): Min: 0.0, Avg: 0.1, Max: 0.1, Diff: 0.1, Sum: 0.5]
      [GC Worker Total (ms): Min: 8.6, Avg: 8.6, Max: 8.8, Diff: 0.2, Sum: 69.2]
      [GC Worker End (ms): Min: 735498488.3, Avg: 735498488.4, Max: 735498488.4, Diff: 0.1]
   [Code Root Fixup: 0.0 ms]
   [Code Root Purge: 0.0 ms]
   [Clear CT: 0.7 ms]
   [Other: 5.1 ms]
      [Choose CSet: 0.0 ms]
      [Ref Proc: 4.3 ms]
      [Ref Enq: 0.1 ms]
      [Redirty Cards: 0.1 ms]
      [Humongous Register: 0.0 ms]
      [Humongous Reclaim: 0.0 ms]
      [Free CSet: 0.3 ms]
   [Eden: 7152.0M(7152.0M)->0.0B(7152.0M) Survivors: 16384.0K->16384.0K Heap: 10729.6M(14336.0M)->3582.3M(14336.0M)]
 [Times: user=0.07 sys=0.00, real=0.02 secs] 
2022-07-30T09:28:46.989-0700: 735498.494: [GC concurrent-root-region-scan-start]
2022-07-30T09:28:47.000-0700: 735498.505: [GC concurrent-root-region-scan-end, 0.0103236 secs]
2022-07-30T09:28:47.000-0700: 735498.505: [GC concurrent-mark-start]
2022-07-30T09:28:49.734-0700: 735501.239: [GC concurrent-mark-end, 2.7341651 secs]
2022-07-30T09:28:49.734-0700: 735501.239: [GC remark 2022-07-30T09:28:49.734-0700: 735501.239: [Finalize Marking, 0.0003070 secs] 2022-07-30T09:28:49.735-0700: 735501.240: [GC ref-proc, 0.0109322 secs] 2022-07-30T09:28:49.746-0700: 735501.251: [Unloading, 0.0301801 secs], 0.0472352 secs]
 [Times: user=0.27 sys=0.00, real=0.05 secs] 
2022-07-30T09:28:49.782-0700: 735501.287: [GC cleanup 3822M->3822M(14336M), 0.0084300 secs]
 [Times: user=0.07 sys=0.00, real=0.01 secs] 
2022-07-30T09:30:37.416-0700: 735608.921: [GC pause (G1 Evacuation Pause) (young), 0.0250307 secs]
   [Parallel Time: 20.2 ms, GC Workers: 8]
      [GC Worker Start (ms): Min: 735608921.2, Avg: 735608921.2, Max: 735608921.3, Diff: 0.1]
      [Ext Root Scanning (ms): Min: 1.5, Avg: 2.2, Max: 5.9, Diff: 4.4, Sum: 18.0]
      [Update RS (ms): Min: 0.0, Avg: 3.4, Max: 4.0, Diff: 3.9, Sum: 26.9]
         [Processed Buffers: Min: 1, Avg: 9.2, Max: 13, Diff: 12, Sum: 74]
      [Scan RS (ms): Min: 0.0, Avg: 0.1, Max: 0.1, Diff: 0.1, Sum: 0.4]
      [Code Root Scanning (ms): Min: 0.0, Avg: 0.0, Max: 0.0, Diff: 0.0, Sum: 0.0]
      [Object Copy (ms): Min: 13.3, Avg: 14.1, Max: 14.4, Diff: 1.1, Sum: 113.1]
      [Termination (ms): Min: 0.0, Avg: 0.0, Max: 0.0, Diff: 0.0, Sum: 0.0]
         [Termination Attempts: Min: 1, Avg: 1.2, Max: 2, Diff: 1, Sum: 10]
      [GC Worker Other (ms): Min: 0.0, Avg: 0.1, Max: 0.2, Diff: 0.2, Sum: 0.7]
      [GC Worker Total (ms): Min: 19.8, Avg: 19.9, Max: 20.1, Diff: 0.3, Sum: 159.2]
      [GC Worker End (ms): Min: 735608941.0, Avg: 735608941.1, Max: 735608941.2, Diff: 0.2]
   [Code Root Fixup: 0.0 ms]
   [Code Root Purge: 0.0 ms]
   [Clear CT: 0.8 ms]
   [Other: 4.1 ms]
      [Choose CSet: 0.0 ms]
      [Ref Proc: 3.4 ms]
      [Ref Enq: 0.1 ms]
      [Redirty Cards: 0.1 ms]
      [Humongous Register: 0.0 ms]
      [Humongous Reclaim: 0.0 ms]
      [Free CSet: 0.3 ms]
   [Eden: 7152.0M(7152.0M)->0.0B(5664.0M) Survivors: 16384.0K->65536.0K Heap: 10734.3M(14336.0M)->3625.2M(14336.0M)]
 [Times: user=0.17 sys=0.00, real=0.02 secs] 
2022-07-30T09:32:13.323-0700: 735704.827: [GC pause (G1 Evacuation Pause) (mixed), 0.0255458 secs]
   [Parallel Time: 21.4 ms, GC Workers: 8]
      [GC Worker Start (ms): Min: 735704827.4, Avg: 735704827.5, Max: 735704827.5, Diff: 0.1]
      [Ext Root Scanning (ms): Min: 0.9, Avg: 1.7, Max: 6.1, Diff: 5.2, Sum: 13.7]
      [Update RS (ms): Min: 0.0, Avg: 2.6, Max: 3.5, Diff: 3.5, Sum: 20.9]
         [Processed Buffers: Min: 0, Avg: 7.5, Max: 14, Diff: 14, Sum: 60]
      [Scan RS (ms): Min: 0.0, Avg: 0.9, Max: 2.5, Diff: 2.5, Sum: 7.0]
      [Code Root Scanning (ms): Min: 0.0, Avg: 0.0, Max: 0.0, Diff: 0.0, Sum: 0.0]
      [Object Copy (ms): Min: 14.8, Avg: 16.0, Max: 16.4, Diff: 1.6, Sum: 127.9]
      [Termination (ms): Min: 0.0, Avg: 0.0, Max: 0.0, Diff: 0.0, Sum: 0.0]
         [Termination Attempts: Min: 1, Avg: 1.0, Max: 1, Diff: 0, Sum: 8]
      [GC Worker Other (ms): Min: 0.0, Avg: 0.1, Max: 0.1, Diff: 0.1, Sum: 0.4]
      [GC Worker Total (ms): Min: 21.2, Avg: 21.3, Max: 21.3, Diff: 0.1, Sum: 170.0]
      [GC Worker End (ms): Min: 735704848.7, Avg: 735704848.7, Max: 735704848.8, Diff: 0.1]
   [Code Root Fixup: 0.0 ms]
   [Code Root Purge: 0.0 ms]
   [Clear CT: 0.9 ms]
   [Other: 3.3 ms]
      [Choose CSet: 0.0 ms]
      [Ref Proc: 2.5 ms]
      [Ref Enq: 0.1 ms]
      [Redirty Cards: 0.1 ms]
      [Humongous Register: 0.1 ms]
      [Humongous Reclaim: 0.0 ms]
      [Free CSet: 0.2 ms]
   [Eden: 5664.0M(5664.0M)->0.0B(7088.0M) Survivors: 65536.0K->81920.0K Heap: 9289.2M(14336.0M)->3681.3M(14336.0M)]
 [Times: user=0.19 sys=0.00, real=0.03 secs] 
2022-07-30T09:34:12.565-0700: 735824.070: [GC pause (G1 Evacuation Pause) (young), 0.0194038 secs]
   [Parallel Time: 16.0 ms, GC Workers: 8]
      [GC Worker Start (ms): Min: 735824070.4, Avg: 735824070.4, Max: 735824070.5, Diff: 0.1]
      [Ext Root Scanning (ms): Min: 1.0, Avg: 1.6, Max: 5.2, Diff: 4.2, Sum: 13.1]
      [Update RS (ms): Min: 7.8, Avg: 10.7, Max: 11.5, Diff: 3.6, Sum: 85.7]
         [Processed Buffers: Min: 26, Avg: 29.5, Max: 35, Diff: 9, Sum: 236]
      [Scan RS (ms): Min: 0.0, Avg: 0.2, Max: 0.4, Diff: 0.4, Sum: 1.8]
      [Code Root Scanning (ms): Min: 0.0, Avg: 0.0, Max: 0.0, Diff: 0.0, Sum: 0.0]
      [Object Copy (ms): Min: 2.7, Avg: 3.1, Max: 3.2, Diff: 0.5, Sum: 24.7]
      [Termination (ms): Min: 0.0, Avg: 0.0, Max: 0.0, Diff: 0.0, Sum: 0.0]
         [Termination Attempts: Min: 2, Avg: 4.2, Max: 8, Diff: 6, Sum: 34]
      [GC Worker Other (ms): Min: 0.0, Avg: 0.1, Max: 0.1, Diff: 0.1, Sum: 0.5]
      [GC Worker Total (ms): Min: 15.6, Avg: 15.7, Max: 15.8, Diff: 0.2, Sum: 125.9]
      [GC Worker End (ms): Min: 735824086.1, Avg: 735824086.1, Max: 735824086.2, Diff: 0.1]
   [Code Root Fixup: 0.0 ms]
   [Code Root Purge: 0.0 ms]
   [Clear CT: 0.8 ms]
   [Other: 2.6 ms]
      [Choose CSet: 0.0 ms]
      [Ref Proc: 1.9 ms]
      [Ref Enq: 0.1 ms]
      [Redirty Cards: 0.1 ms]
      [Humongous Register: 0.1 ms]
      [Humongous Reclaim: 0.0 ms]
      [Free CSet: 0.3 ms]
   [Eden: 7088.0M(7088.0M)->0.0B(7136.0M) Survivors: 81920.0K->32768.0K Heap: 10769.3M(14336.0M)->3674.0M(14336.0M)]
 [Times: user=0.14 sys=0.00, real=0.02 secs] 
2022-07-30T09:36:14.621-0700: 735946.125: [GC pause (G1 Evacuation Pause) (young) (initial-mark), 0.0205739 secs]
   [Parallel Time: 15.6 ms, GC Workers: 8]
      [GC Worker Start (ms): Min: 735946127.5, Avg: 735946127.6, Max: 735946127.7, Diff: 0.1]
      [Ext Root Scanning (ms): Min: 5.0, Avg: 5.3, Max: 5.6, Diff: 0.5, Sum: 42.4]
      [Update RS (ms): Min: 4.4, Avg: 4.5, Max: 5.0, Diff: 0.6, Sum: 36.1]
         [Processed Buffers: Min: 18, Avg: 21.0, Max: 25, Diff: 7, Sum: 168]
      [Scan RS (ms): Min: 0.0, Avg: 0.0, Max: 0.1, Diff: 0.1, Sum: 0.4]
      [Code Root Scanning (ms): Min: 0.0, Avg: 0.0, Max: 0.0, Diff: 0.0, Sum: 0.0]
      [Object Copy (ms): Min: 3.1, Avg: 3.3, Max: 3.6, Diff: 0.5, Sum: 26.6]
      [Termination (ms): Min: 0.0, Avg: 0.0, Max: 0.0, Diff: 0.0, Sum: 0.0]
         [Termination Attempts: Min: 1, Avg: 10.2, Max: 18, Diff: 17, Sum: 82]
      [GC Worker Other (ms): Min: 0.0, Avg: 0.1, Max: 0.1, Diff: 0.1, Sum: 0.5]
      [GC Worker Total (ms): Min: 13.2, Avg: 13.3, Max: 13.3, Diff: 0.1, Sum: 106.1]
      [GC Worker End (ms): Min: 735946140.8, Avg: 735946140.9, Max: 735946140.9, Diff: 0.1]
   [Code Root Fixup: 0.0 ms]
   [Code Root Purge: 0.0 ms]
   [Clear CT: 0.8 ms]
   [Other: 4.2 ms]
      [Choose CSet: 0.0 ms]
      [Ref Proc: 3.5 ms]
      [Ref Enq: 0.1 ms]
      [Redirty Cards: 0.1 ms]
      [Humongous Register: 0.0 ms]
      [Humongous Reclaim: 0.0 ms]
      [Free CSet: 0.3 ms]
   [Eden: 7136.0M(7136.0M)->0.0B(7152.0M) Survivors: 32768.0K->16384.0K Heap: 10810.0M(14336.0M)->3669.8M(14336.0M)]
 [Times: user=0.11 sys=0.00, real=0.02 secs] 
2022-07-30T09:36:14.641-0700: 735946.146: [GC concurrent-root-region-scan-start]
2022-07-30T09:36:14.651-0700: 735946.155: [GC concurrent-root-region-scan-end, 0.0092972 secs]
2022-07-30T09:36:14.651-0700: 735946.155: [GC concurrent-mark-start]
2022-07-30T09:36:17.331-0700: 735948.836: [GC concurrent-mark-end, 2.6804652 secs]
2022-07-30T09:36:17.331-0700: 735948.836: [GC remark 2022-07-30T09:36:17.331-0700: 735948.836: [Finalize Marking, 0.0004335 secs] 2022-07-30T09:36:17.332-0700: 735948.837: [GC ref-proc, 0.0112134 secs] 2022-07-30T09:36:17.343-0700: 735948.848: [Unloading, 0.0276602 secs], 0.0452060 secs]
 [Times: user=0.26 sys=0.00, real=0.05 secs] 
2022-07-30T09:36:17.377-0700: 735948.882: [GC cleanup 3893M->3893M(14336M), 0.0092001 secs]
 [Times: user=0.06 sys=0.00, real=0.01 secs] 
2022-07-30T09:38:14.310-0700: 736065.815: [GC pause (G1 Evacuation Pause) (young), 0.0176981 secs]
   [Parallel Time: 12.8 ms, GC Workers: 8]
      [GC Worker Start (ms): Min: 736065815.3, Avg: 736065815.3, Max: 736065815.4, Diff: 0.2]
      [Ext Root Scanning (ms): Min: 1.4, Avg: 2.3, Max: 6.7, Diff: 5.3, Sum: 18.1]
      [Update RS (ms): Min: 3.8, Avg: 7.8, Max: 8.9, Diff: 5.2, Sum: 62.7]
         [Processed Buffers: Min: 16, Avg: 23.1, Max: 28, Diff: 12, Sum: 185]
      [Scan RS (ms): Min: 0.0, Avg: 0.0, Max: 0.1, Diff: 0.1, Sum: 0.4]
      [Code Root Scanning (ms): Min: 0.0, Avg: 0.0, Max: 0.0, Diff: 0.0, Sum: 0.0]
      [Object Copy (ms): Min: 1.9, Avg: 2.2, Max: 2.4, Diff: 0.5, Sum: 17.5]
      [Termination (ms): Min: 0.0, Avg: 0.0, Max: 0.0, Diff: 0.0, Sum: 0.0]
         [Termination Attempts: Min: 11, Avg: 14.8, Max: 23, Diff: 12, Sum: 118]
      [GC Worker Other (ms): Min: 0.0, Avg: 0.1, Max: 0.2, Diff: 0.2, Sum: 0.7]
      [GC Worker Total (ms): Min: 12.3, Avg: 12.4, Max: 12.6, Diff: 0.3, Sum: 99.4]
      [GC Worker End (ms): Min: 736065827.7, Avg: 736065827.8, Max: 736065827.9, Diff: 0.2]
   [Code Root Fixup: 0.0 ms]
   [Code Root Purge: 0.0 ms]
   [Clear CT: 0.8 ms]
   [Other: 4.1 ms]
      [Choose CSet: 0.0 ms]
      [Ref Proc: 3.3 ms]
      [Ref Enq: 0.1 ms]
      [Redirty Cards: 0.1 ms]
      [Humongous Register: 0.1 ms]
      [Humongous Reclaim: 0.0 ms]
      [Free CSet: 0.3 ms]
   [Eden: 7152.0M(7152.0M)->0.0B(5712.0M) Survivors: 16384.0K->16384.0K Heap: 10821.8M(14336.0M)->3676.9M(14336.0M)]
 [Times: user=0.11 sys=0.00, real=0.02 secs] 
2022-07-30T09:39:49.871-0700: 736161.376: [GC pause (G1 Evacuation Pause) (mixed), 0.0173106 secs]
   [Parallel Time: 12.6 ms, GC Workers: 8]
      [GC Worker Start (ms): Min: 736161375.8, Avg: 736161375.8, Max: 736161375.9, Diff: 0.1]
      [Ext Root Scanning (ms): Min: 0.8, Avg: 1.5, Max: 4.7, Diff: 3.9, Sum: 12.1]
      [Update RS (ms): Min: 0.0, Avg: 1.2, Max: 2.3, Diff: 2.3, Sum: 9.9]
         [Processed Buffers: Min: 0, Avg: 5.0, Max: 11, Diff: 11, Sum: 40]
      [Scan RS (ms): Min: 0.0, Avg: 1.6, Max: 2.4, Diff: 2.4, Sum: 12.6]
      [Code Root Scanning (ms): Min: 0.0, Avg: 0.0, Max: 0.0, Diff: 0.0, Sum: 0.0]
      [Object Copy (ms): Min: 6.5, Avg: 7.8, Max: 11.2, Diff: 4.7, Sum: 62.4]
      [Termination (ms): Min: 0.0, Avg: 0.1, Max: 0.1, Diff: 0.1, Sum: 0.6]
         [Termination Attempts: Min: 1, Avg: 9.9, Max: 17, Diff: 16, Sum: 79]
      [GC Worker Other (ms): Min: 0.0, Avg: 0.0, Max: 0.0, Diff: 0.0, Sum: 0.2]
      [GC Worker Total (ms): Min: 12.2, Avg: 12.2, Max: 12.3, Diff: 0.1, Sum: 97.9]
      [GC Worker End (ms): Min: 736161388.1, Avg: 736161388.1, Max: 736161388.1, Diff: 0.0]
   [Code Root Fixup: 0.0 ms]
   [Code Root Purge: 0.0 ms]
   [Clear CT: 0.8 ms]
   [Other: 4.0 ms]
      [Choose CSet: 0.0 ms]
      [Ref Proc: 3.3 ms]
      [Ref Enq: 0.1 ms]
      [Redirty Cards: 0.1 ms]
      [Humongous Register: 0.1 ms]
      [Humongous Reclaim: 0.0 ms]
      [Free CSet: 0.3 ms]
   [Eden: 5712.0M(5712.0M)->0.0B(7152.0M) Survivors: 16384.0K->16384.0K Heap: 9388.9M(14336.0M)->3621.7M(14336.0M)]
 [Times: user=0.09 sys=0.00, real=0.02 secs] 
2022-07-30T09:41:53.077-0700: 736284.581: [GC pause (G1 Evacuation Pause) (young), 0.0120503 secs]
   [Parallel Time: 9.0 ms, GC Workers: 8]
      [GC Worker Start (ms): Min: 736284581.5, Avg: 736284581.5, Max: 736284581.6, Diff: 0.1]
      [Ext Root Scanning (ms): Min: 1.0, Avg: 1.7, Max: 5.4, Diff: 4.4, Sum: 13.7]
      [Update RS (ms): Min: 1.7, Avg: 5.2, Max: 6.4, Diff: 4.7, Sum: 41.4]
         [Processed Buffers: Min: 16, Avg: 17.4, Max: 20, Diff: 4, Sum: 139]
      [Scan RS (ms): Min: 0.0, Avg: 0.0, Max: 0.1, Diff: 0.1, Sum: 0.4]
      [Code Root Scanning (ms): Min: 0.0, Avg: 0.0, Max: 0.0, Diff: 0.0, Sum: 0.0]
      [Object Copy (ms): Min: 1.4, Avg: 1.9, Max: 2.0, Diff: 0.6, Sum: 15.0]
      [Termination (ms): Min: 0.0, Avg: 0.0, Max: 0.0, Diff: 0.0, Sum: 0.0]
         [Termination Attempts: Min: 1, Avg: 3.1, Max: 5, Diff: 4, Sum: 25]
      [GC Worker Other (ms): Min: 0.0, Avg: 0.0, Max: 0.1, Diff: 0.1, Sum: 0.3]
      [GC Worker Total (ms): Min: 8.8, Avg: 8.9, Max: 8.9, Diff: 0.1, Sum: 70.8]
      [GC Worker End (ms): Min: 736284590.3, Avg: 736284590.4, Max: 736284590.4, Diff: 0.1]
   [Code Root Fixup: 0.0 ms]
   [Code Root Purge: 0.0 ms]
   [Clear CT: 0.7 ms]
   [Other: 2.3 ms]
      [Choose CSet: 0.0 ms]
      [Ref Proc: 1.7 ms]
      [Ref Enq: 0.1 ms]
      [Redirty Cards: 0.1 ms]
      [Humongous Register: 0.1 ms]
      [Humongous Reclaim: 0.0 ms]
      [Free CSet: 0.3 ms]
   [Eden: 7152.0M(7152.0M)->0.0B(7152.0M) Survivors: 16384.0K->16384.0K Heap: 10773.7M(14336.0M)->3632.9M(14336.0M)]
 [Times: user=0.08 sys=0.00, real=0.01 secs] 
2022-07-30T09:43:54.814-0700: 736406.319: [GC pause (G1 Evacuation Pause) (young) (initial-mark), 0.0173016 secs]
   [Parallel Time: 12.3 ms, GC Workers: 8]
      [GC Worker Start (ms): Min: 736406321.4, Avg: 736406321.5, Max: 736406321.5, Diff: 0.1]
      [Ext Root Scanning (ms): Min: 6.1, Avg: 6.3, Max: 6.7, Diff: 0.6, Sum: 50.5]
      [Update RS (ms): Min: 1.2, Avg: 1.4, Max: 1.9, Diff: 0.7, Sum: 11.3]
         [Processed Buffers: Min: 3, Avg: 6.1, Max: 15, Diff: 12, Sum: 49]
      [Scan RS (ms): Min: 0.0, Avg: 0.0, Max: 0.1, Diff: 0.1, Sum: 0.4]
      [Code Root Scanning (ms): Min: 0.0, Avg: 0.0, Max: 0.0, Diff: 0.0, Sum: 0.0]
      [Object Copy (ms): Min: 1.8, Avg: 2.2, Max: 2.5, Diff: 0.8, Sum: 17.4]
      [Termination (ms): Min: 0.0, Avg: 0.0, Max: 0.0, Diff: 0.0, Sum: 0.0]
         [Termination Attempts: Min: 1, Avg: 4.4, Max: 7, Diff: 6, Sum: 35]
      [GC Worker Other (ms): Min: 0.0, Avg: 0.0, Max: 0.1, Diff: 0.1, Sum: 0.4]
      [GC Worker Total (ms): Min: 9.9, Avg: 10.0, Max: 10.1, Diff: 0.2, Sum: 79.9]
      [GC Worker End (ms): Min: 736406331.4, Avg: 736406331.4, Max: 736406331.5, Diff: 0.1]
   [Code Root Fixup: 0.0 ms]
   [Code Root Purge: 0.0 ms]
   [Clear CT: 0.8 ms]
   [Other: 4.2 ms]
      [Choose CSet: 0.0 ms]
      [Ref Proc: 3.5 ms]
      [Ref Enq: 0.1 ms]
      [Redirty Cards: 0.1 ms]
      [Humongous Register: 0.0 ms]
      [Humongous Reclaim: 0.0 ms]
      [Free CSet: 0.3 ms]
   [Eden: 7152.0M(7152.0M)->0.0B(7152.0M) Survivors: 16384.0K->16384.0K Heap: 10784.9M(14336.0M)->3639.4M(14336.0M)]
 [Times: user=0.08 sys=0.00, real=0.02 secs] 
2022-07-30T09:43:54.832-0700: 736406.337: [GC concurrent-root-region-scan-start]
2022-07-30T09:43:54.842-0700: 736406.347: [GC concurrent-root-region-scan-end, 0.0102794 secs]
2022-07-30T09:43:54.842-0700: 736406.347: [GC concurrent-mark-start]
2022-07-30T09:43:57.519-0700: 736409.024: [GC concurrent-mark-end, 2.6772360 secs]
2022-07-30T09:43:57.520-0700: 736409.024: [GC remark 2022-07-30T09:43:57.520-0700: 736409.024: [Finalize Marking, 0.0003176 secs] 2022-07-30T09:43:57.520-0700: 736409.025: [GC ref-proc, 0.0059938 secs] 2022-07-30T09:43:57.526-0700: 736409.031: [Unloading, 0.0278594 secs], 0.0399631 secs]
 [Times: user=0.26 sys=0.00, real=0.04 secs] 
2022-07-30T09:43:57.560-0700: 736409.065: [GC cleanup 3859M->3859M(14336M), 0.0087027 secs]
 [Times: user=0.07 sys=0.00, real=0.01 secs] 
2022-07-30T09:45:56.971-0700: 736528.476: [GC pause (G1 Evacuation Pause) (young), 0.0100248 secs]
   [Parallel Time: 6.7 ms, GC Workers: 8]
      [GC Worker Start (ms): Min: 736528475.8, Avg: 736528475.9, Max: 736528475.9, Diff: 0.1]
      [Ext Root Scanning (ms): Min: 1.1, Avg: 1.9, Max: 6.0, Diff: 4.9, Sum: 15.6]
      [Update RS (ms): Min: 0.0, Avg: 2.4, Max: 4.9, Diff: 4.9, Sum: 19.5]
         [Processed Buffers: Min: 0, Avg: 5.5, Max: 12, Diff: 12, Sum: 44]
      [Scan RS (ms): Min: 0.0, Avg: 0.0, Max: 0.1, Diff: 0.1, Sum: 0.4]
      [Code Root Scanning (ms): Min: 0.0, Avg: 0.0, Max: 0.0, Diff: 0.0, Sum: 0.0]
      [Object Copy (ms): Min: 0.4, Avg: 1.9, Max: 3.1, Diff: 2.7, Sum: 15.5]
      [Termination (ms): Min: 0.0, Avg: 0.0, Max: 0.1, Diff: 0.1, Sum: 0.4]
         [Termination Attempts: Min: 1, Avg: 4.9, Max: 8, Diff: 7, Sum: 39]
      [GC Worker Other (ms): Min: 0.0, Avg: 0.0, Max: 0.1, Diff: 0.1, Sum: 0.3]
      [GC Worker Total (ms): Min: 6.4, Avg: 6.5, Max: 6.6, Diff: 0.2, Sum: 51.8]
      [GC Worker End (ms): Min: 736528482.3, Avg: 736528482.3, Max: 736528482.4, Diff: 0.1]
   [Code Root Fixup: 0.0 ms]
   [Code Root Purge: 0.0 ms]
   [Clear CT: 0.7 ms]
   [Other: 2.7 ms]
      [Choose CSet: 0.0 ms]
      [Ref Proc: 2.0 ms]
      [Ref Enq: 0.1 ms]
      [Redirty Cards: 0.1 ms]
      [Humongous Register: 0.1 ms]
      [Humongous Reclaim: 0.0 ms]
      [Free CSet: 0.3 ms]
   [Eden: 7152.0M(7152.0M)->0.0B(5712.0M) Survivors: 16384.0K->16384.0K Heap: 10791.4M(14336.0M)->3636.3M(14336.0M)]
 [Times: user=0.05 sys=0.01, real=0.01 secs] 
2022-07-30T09:47:34.216-0700: 736625.721: [GC pause (G1 Evacuation Pause) (mixed), 0.0241507 secs]
   [Parallel Time: 20.4 ms, GC Workers: 8]
      [GC Worker Start (ms): Min: 736625721.1, Avg: 736625721.2, Max: 736625721.2, Diff: 0.1]
      [Ext Root Scanning (ms): Min: 1.3, Avg: 2.2, Max: 6.7, Diff: 5.4, Sum: 17.7]
      [Update RS (ms): Min: 0.0, Avg: 1.9, Max: 2.8, Diff: 2.8, Sum: 15.2]
         [Processed Buffers: Min: 0, Avg: 5.6, Max: 10, Diff: 10, Sum: 45]
      [Scan RS (ms): Min: 4.6, Avg: 6.7, Max: 7.2, Diff: 2.7, Sum: 53.5]
      [Code Root Scanning (ms): Min: 0.0, Avg: 0.0, Max: 0.0, Diff: 0.0, Sum: 0.0]
      [Object Copy (ms): Min: 8.7, Avg: 9.1, Max: 9.4, Diff: 0.7, Sum: 73.1]
      [Termination (ms): Min: 0.0, Avg: 0.0, Max: 0.0, Diff: 0.0, Sum: 0.0]
         [Termination Attempts: Min: 1, Avg: 3.9, Max: 7, Diff: 6, Sum: 31]
      [GC Worker Other (ms): Min: 0.0, Avg: 0.1, Max: 0.2, Diff: 0.1, Sum: 0.5]
      [GC Worker Total (ms): Min: 19.9, Avg: 20.0, Max: 20.1, Diff: 0.2, Sum: 160.0]
      [GC Worker End (ms): Min: 736625741.1, Avg: 736625741.2, Max: 736625741.3, Diff: 0.1]
   [Code Root Fixup: 0.0 ms]
   [Code Root Purge: 0.0 ms]
   [Clear CT: 0.9 ms]
   [Other: 2.9 ms]
      [Choose CSet: 0.0 ms]
      [Ref Proc: 2.1 ms]
      [Ref Enq: 0.1 ms]
      [Redirty Cards: 0.2 ms]
      [Humongous Register: 0.1 ms]
      [Humongous Reclaim: 0.0 ms]
      [Free CSet: 0.3 ms]
   [Eden: 5712.0M(5712.0M)->0.0B(7152.0M) Survivors: 16384.0K->16384.0K Heap: 9348.3M(14336.0M)->3606.8M(14336.0M)]
 [Times: user=0.18 sys=0.00, real=0.02 secs] 
2022-07-30T09:49:33.075-0700: 736744.580: [GC pause (G1 Evacuation Pause) (young), 0.0174980 secs]
   [Parallel Time: 14.3 ms, GC Workers: 8]
      [GC Worker Start (ms): Min: 736744579.9, Avg: 736744580.0, Max: 736744580.0, Diff: 0.1]
      [Ext Root Scanning (ms): Min: 1.0, Avg: 1.7, Max: 5.1, Diff: 4.1, Sum: 13.3]
      [Update RS (ms): Min: 6.8, Avg: 10.0, Max: 11.1, Diff: 4.3, Sum: 79.8]
         [Processed Buffers: Min: 20, Avg: 37.8, Max: 53, Diff: 33, Sum: 302]
      [Scan RS (ms): Min: 0.0, Avg: 0.0, Max: 0.1, Diff: 0.1, Sum: 0.4]
      [Code Root Scanning (ms): Min: 0.0, Avg: 0.0, Max: 0.0, Diff: 0.0, Sum: 0.0]
      [Object Copy (ms): Min: 1.6, Avg: 2.1, Max: 2.4, Diff: 0.7, Sum: 16.9]
      [Termination (ms): Min: 0.0, Avg: 0.0, Max: 0.0, Diff: 0.0, Sum: 0.0]
         [Termination Attempts: Min: 1, Avg: 1.9, Max: 4, Diff: 3, Sum: 15]
      [GC Worker Other (ms): Min: 0.0, Avg: 0.1, Max: 0.2, Diff: 0.1, Sum: 0.6]
      [GC Worker Total (ms): Min: 13.8, Avg: 13.9, Max: 14.0, Diff: 0.2, Sum: 111.1]
      [GC Worker End (ms): Min: 736744593.8, Avg: 736744593.9, Max: 736744593.9, Diff: 0.1]
   [Code Root Fixup: 0.0 ms]
   [Code Root Purge: 0.0 ms]
   [Clear CT: 0.7 ms]
   [Other: 2.5 ms]
      [Choose CSet: 0.0 ms]
      [Ref Proc: 1.8 ms]
      [Ref Enq: 0.1 ms]
      [Redirty Cards: 0.1 ms]
      [Humongous Register: 0.1 ms]
      [Humongous Reclaim: 0.0 ms]
      [Free CSet: 0.3 ms]
   [Eden: 7152.0M(7152.0M)->0.0B(7152.0M) Survivors: 16384.0K->16384.0K Heap: 10758.8M(14336.0M)->3623.3M(14336.0M)]
 [Times: user=0.13 sys=0.00, real=0.01 secs] 
2022-07-30T09:51:33.227-0700: 736864.732: [GC pause (G1 Evacuation Pause) (young) (initial-mark), 0.0164990 secs]
   [Parallel Time: 11.3 ms, GC Workers: 8]
      [GC Worker Start (ms): Min: 736864733.6, Avg: 736864733.7, Max: 736864733.8, Diff: 0.1]
      [Ext Root Scanning (ms): Min: 5.3, Avg: 5.4, Max: 5.6, Diff: 0.3, Sum: 43.4]
      [Update RS (ms): Min: 1.3, Avg: 1.5, Max: 1.8, Diff: 0.6, Sum: 11.6]
         [Processed Buffers: Min: 2, Avg: 5.9, Max: 18, Diff: 16, Sum: 47]
      [Scan RS (ms): Min: 0.0, Avg: 0.0, Max: 0.1, Diff: 0.1, Sum: 0.4]
      [Code Root Scanning (ms): Min: 0.0, Avg: 0.0, Max: 0.0, Diff: 0.0, Sum: 0.0]
      [Object Copy (ms): Min: 1.6, Avg: 2.1, Max: 2.3, Diff: 0.7, Sum: 16.9]
      [Termination (ms): Min: 0.0, Avg: 0.0, Max: 0.0, Diff: 0.0, Sum: 0.1]
         [Termination Attempts: Min: 1, Avg: 1.1, Max: 2, Diff: 1, Sum: 9]
      [GC Worker Other (ms): Min: 0.0, Avg: 0.0, Max: 0.1, Diff: 0.1, Sum: 0.3]
      [GC Worker Total (ms): Min: 9.0, Avg: 9.1, Max: 9.2, Diff: 0.2, Sum: 72.8]
      [GC Worker End (ms): Min: 736864742.8, Avg: 736864742.8, Max: 736864742.9, Diff: 0.1]
   [Code Root Fixup: 0.0 ms]
   [Code Root Purge: 0.0 ms]
   [Clear CT: 0.7 ms]
   [Other: 4.5 ms]
      [Choose CSet: 0.0 ms]
      [Ref Proc: 3.8 ms]
      [Ref Enq: 0.1 ms]
      [Redirty Cards: 0.1 ms]
      [Humongous Register: 0.0 ms]
      [Humongous Reclaim: 0.0 ms]
      [Free CSet: 0.3 ms]
   [Eden: 7152.0M(7152.0M)->0.0B(7152.0M) Survivors: 16384.0K->16384.0K Heap: 10775.3M(14336.0M)->3624.8M(14336.0M)]
 [Times: user=0.08 sys=0.00, real=0.02 secs] 
2022-07-30T09:51:33.243-0700: 736864.748: [GC concurrent-root-region-scan-start]
2022-07-30T09:51:33.252-0700: 736864.757: [GC concurrent-root-region-scan-end, 0.0090171 secs]
2022-07-30T09:51:33.252-0700: 736864.757: [GC concurrent-mark-start]
2022-07-30T09:51:35.942-0700: 736867.447: [GC concurrent-mark-end, 2.6895598 secs]
2022-07-30T09:51:35.942-0700: 736867.447: [GC remark 2022-07-30T09:51:35.942-0700: 736867.447: [Finalize Marking, 0.0002599 secs] 2022-07-30T09:51:35.943-0700: 736867.447: [GC ref-proc, 0.0077799 secs] 2022-07-30T09:51:35.951-0700: 736867.455: [Unloading, 0.0301921 secs], 0.0439940 secs]
 [Times: user=0.25 sys=0.00, real=0.05 secs] 
2022-07-30T09:51:35.987-0700: 736867.491: [GC cleanup 3840M->3840M(14336M), 0.0092504 secs]
 [Times: user=0.07 sys=0.00, real=0.01 secs] 
2022-07-30T09:53:29.869-0700: 736981.373: [GC pause (G1 Evacuation Pause) (young), 0.0097667 secs]
   [Parallel Time: 5.4 ms, GC Workers: 8]
      [GC Worker Start (ms): Min: 736981373.5, Avg: 736981373.6, Max: 736981373.6, Diff: 0.1]
      [Ext Root Scanning (ms): Min: 0.9, Avg: 1.6, Max: 5.3, Diff: 4.4, Sum: 12.5]
      [Update RS (ms): Min: 0.0, Avg: 1.7, Max: 2.4, Diff: 2.4, Sum: 14.0]
         [Processed Buffers: Min: 0, Avg: 6.8, Max: 13, Diff: 13, Sum: 54]
      [Scan RS (ms): Min: 0.0, Avg: 0.0, Max: 0.1, Diff: 0.1, Sum: 0.4]
      [Code Root Scanning (ms): Min: 0.0, Avg: 0.0, Max: 0.0, Diff: 0.0, Sum: 0.0]
      [Object Copy (ms): Min: 0.0, Avg: 1.7, Max: 2.2, Diff: 2.2, Sum: 13.9]
      [Termination (ms): Min: 0.0, Avg: 0.1, Max: 0.2, Diff: 0.2, Sum: 1.1]
         [Termination Attempts: Min: 1, Avg: 3.1, Max: 6, Diff: 5, Sum: 25]
      [GC Worker Other (ms): Min: 0.0, Avg: 0.0, Max: 0.1, Diff: 0.1, Sum: 0.2]
      [GC Worker Total (ms): Min: 5.2, Avg: 5.3, Max: 5.4, Diff: 0.2, Sum: 42.1]
      [GC Worker End (ms): Min: 736981378.8, Avg: 736981378.8, Max: 736981378.9, Diff: 0.1]
   [Code Root Fixup: 0.0 ms]
   [Code Root Purge: 0.0 ms]
   [Clear CT: 0.6 ms]
   [Other: 3.7 ms]
      [Choose CSet: 0.0 ms]
      [Ref Proc: 3.0 ms]
      [Ref Enq: 0.1 ms]
      [Redirty Cards: 0.1 ms]
      [Humongous Register: 0.1 ms]
      [Humongous Reclaim: 0.0 ms]
      [Free CSet: 0.3 ms]
   [Eden: 7152.0M(7152.0M)->0.0B(7152.0M) Survivors: 16384.0K->16384.0K Heap: 10776.8M(14336.0M)->3626.0M(14336.0M)]
 [Times: user=0.05 sys=0.01, real=0.01 secs] 
2022-07-30T09:55:30.123-0700: 737101.628: [GC pause (G1 Evacuation Pause) (young), 0.0111050 secs]
   [Parallel Time: 5.7 ms, GC Workers: 8]
      [GC Worker Start (ms): Min: 737101628.0, Avg: 737101628.1, Max: 737101628.2, Diff: 0.2]
      [Ext Root Scanning (ms): Min: 0.9, Avg: 1.6, Max: 5.4, Diff: 4.5, Sum: 13.0]
      [Update RS (ms): Min: 0.0, Avg: 1.3, Max: 1.7, Diff: 1.7, Sum: 10.8]
         [Processed Buffers: Min: 0, Avg: 5.6, Max: 13, Diff: 13, Sum: 45]
      [Scan RS (ms): Min: 0.0, Avg: 0.0, Max: 0.1, Diff: 0.1, Sum: 0.4]
      [Code Root Scanning (ms): Min: 0.0, Avg: 0.0, Max: 0.0, Diff: 0.0, Sum: 0.0]
      [Object Copy (ms): Min: 0.0, Avg: 1.9, Max: 2.3, Diff: 2.3, Sum: 15.5]
      [Termination (ms): Min: 0.0, Avg: 0.4, Max: 0.5, Diff: 0.5, Sum: 3.5]
         [Termination Attempts: Min: 1, Avg: 2.8, Max: 5, Diff: 4, Sum: 22]
      [GC Worker Other (ms): Min: 0.0, Avg: 0.0, Max: 0.0, Diff: 0.0, Sum: 0.2]
      [GC Worker Total (ms): Min: 5.3, Avg: 5.4, Max: 5.5, Diff: 0.1, Sum: 43.2]
      [GC Worker End (ms): Min: 737101633.5, Avg: 737101633.5, Max: 737101633.5, Diff: 0.0]
   [Code Root Fixup: 0.0 ms]
   [Code Root Purge: 0.0 ms]
   [Clear CT: 0.7 ms]
   [Other: 4.7 ms]
      [Choose CSet: 0.0 ms]
      [Ref Proc: 4.1 ms]
      [Ref Enq: 0.1 ms]
      [Redirty Cards: 0.1 ms]
      [Humongous Register: 0.1 ms]
      [Humongous Reclaim: 0.0 ms]
      [Free CSet: 0.3 ms]
   [Eden: 7152.0M(7152.0M)->0.0B(7152.0M) Survivors: 16384.0K->16384.0K Heap: 10778.0M(14336.0M)->3625.8M(14336.0M)]
 [Times: user=0.06 sys=0.00, real=0.00 secs] 
2022-07-30T09:57:27.033-0700: 737218.538: [GC pause (G1 Evacuation Pause) (young) (initial-mark), 0.0172142 secs]
   [Parallel Time: 12.2 ms, GC Workers: 8]
      [GC Worker Start (ms): Min: 737218540.0, Avg: 737218540.1, Max: 737218540.1, Diff: 0.1]
      [Ext Root Scanning (ms): Min: 5.8, Avg: 5.9, Max: 6.1, Diff: 0.3, Sum: 47.3]
      [Update RS (ms): Min: 1.4, Avg: 1.6, Max: 2.1, Diff: 0.7, Sum: 12.6]
         [Processed Buffers: Min: 3, Avg: 5.6, Max: 11, Diff: 8, Sum: 45]
      [Scan RS (ms): Min: 0.0, Avg: 0.0, Max: 0.1, Diff: 0.1, Sum: 0.4]
      [Code Root Scanning (ms): Min: 0.0, Avg: 0.0, Max: 0.0, Diff: 0.0, Sum: 0.0]
      [Object Copy (ms): Min: 1.5, Avg: 1.9, Max: 2.1, Diff: 0.6, Sum: 15.0]
      [Termination (ms): Min: 0.0, Avg: 0.0, Max: 0.0, Diff: 0.0, Sum: 0.1]
         [Termination Attempts: Min: 18, Avg: 29.2, Max: 37, Diff: 19, Sum: 234]
      [GC Worker Other (ms): Min: 0.0, Avg: 0.1, Max: 0.2, Diff: 0.1, Sum: 0.6]
      [GC Worker Total (ms): Min: 9.4, Avg: 9.5, Max: 9.6, Diff: 0.2, Sum: 75.9]
      [GC Worker End (ms): Min: 737218549.5, Avg: 737218549.5, Max: 737218549.6, Diff: 0.1]
   [Code Root Fixup: 0.0 ms]
   [Code Root Purge: 0.0 ms]
   [Clear CT: 0.7 ms]
   [Other: 4.3 ms]
      [Choose CSet: 0.0 ms]
      [Ref Proc: 3.6 ms]
      [Ref Enq: 0.1 ms]
      [Redirty Cards: 0.1 ms]
      [Humongous Register: 0.0 ms]
      [Humongous Reclaim: 0.0 ms]
      [Free CSet: 0.3 ms]
   [Eden: 7152.0M(7152.0M)->0.0B(7152.0M) Survivors: 16384.0K->16384.0K Heap: 10777.8M(14336.0M)->3627.4M(14336.0M)]
 [Times: user=0.07 sys=0.01, real=0.02 secs] 
2022-07-30T09:57:27.050-0700: 737218.555: [GC concurrent-root-region-scan-start]
2022-07-30T09:57:27.060-0700: 737218.565: [GC concurrent-root-region-scan-end, 0.0095618 secs]
2022-07-30T09:57:27.060-0700: 737218.565: [GC concurrent-mark-start]
2022-07-30T09:57:29.765-0700: 737221.270: [GC concurrent-mark-end, 2.7051228 secs]
2022-07-30T09:57:29.765-0700: 737221.270: [GC remark 2022-07-30T09:57:29.765-0700: 737221.270: [Finalize Marking, 0.0002728 secs] 2022-07-30T09:57:29.766-0700: 737221.270: [GC ref-proc, 0.0060423 secs] 2022-07-30T09:57:29.772-0700: 737221.277: [Unloading, 0.0273066 secs], 0.0395628 secs]
 [Times: user=0.26 sys=0.00, real=0.04 secs] 
2022-07-30T09:57:29.805-0700: 737221.310: [GC cleanup 3792M->3792M(14336M), 0.0091197 secs]
 [Times: user=0.06 sys=0.00, real=0.00 secs] 
2022-07-30T09:59:20.166-0700: 737331.670: [GC pause (G1 Evacuation Pause) (young), 0.0118270 secs]
   [Parallel Time: 7.0 ms, GC Workers: 8]
      [GC Worker Start (ms): Min: 737331670.5, Avg: 737331670.6, Max: 737331670.7, Diff: 0.1]
      [Ext Root Scanning (ms): Min: 1.4, Avg: 2.3, Max: 6.5, Diff: 5.1, Sum: 18.1]
      [Update RS (ms): Min: 0.0, Avg: 2.3, Max: 3.3, Diff: 3.3, Sum: 18.2]
         [Processed Buffers: Min: 0, Avg: 6.0, Max: 13, Diff: 13, Sum: 48]
      [Scan RS (ms): Min: 0.0, Avg: 0.1, Max: 0.2, Diff: 0.1, Sum: 0.5]
      [Code Root Scanning (ms): Min: 0.0, Avg: 0.0, Max: 0.0, Diff: 0.0, Sum: 0.0]
      [Object Copy (ms): Min: 0.2, Avg: 2.1, Max: 2.6, Diff: 2.3, Sum: 16.5]
      [Termination (ms): Min: 0.0, Avg: 0.0, Max: 0.0, Diff: 0.0, Sum: 0.0]
         [Termination Attempts: Min: 1, Avg: 7.4, Max: 12, Diff: 11, Sum: 59]
      [GC Worker Other (ms): Min: 0.0, Avg: 0.0, Max: 0.1, Diff: 0.1, Sum: 0.4]
      [GC Worker Total (ms): Min: 6.6, Avg: 6.7, Max: 6.8, Diff: 0.2, Sum: 53.8]
      [GC Worker End (ms): Min: 737331677.3, Avg: 737331677.3, Max: 737331677.3, Diff: 0.1]
   [Code Root Fixup: 0.0 ms]
   [Code Root Purge: 0.0 ms]
   [Clear CT: 0.7 ms]
   [Other: 4.1 ms]
      [Choose CSet: 0.0 ms]
      [Ref Proc: 3.4 ms]
      [Ref Enq: 0.1 ms]
      [Redirty Cards: 0.1 ms]
      [Humongous Register: 0.1 ms]
      [Humongous Reclaim: 0.0 ms]
      [Free CSet: 0.3 ms]
   [Eden: 7152.0M(7152.0M)->0.0B(5712.0M) Survivors: 16384.0K->16384.0K Heap: 10779.4M(14336.0M)->3632.1M(14336.0M)]
 [Times: user=0.06 sys=0.00, real=0.01 secs] 
2022-07-30T10:00:52.719-0700: 737424.224: [GC pause (G1 Evacuation Pause) (mixed), 0.0146154 secs]
   [Parallel Time: 10.1 ms, GC Workers: 8]
      [GC Worker Start (ms): Min: 737424223.8, Avg: 737424223.9, Max: 737424224.0, Diff: 0.1]
      [Ext Root Scanning (ms): Min: 1.2, Avg: 2.1, Max: 6.7, Diff: 5.6, Sum: 16.4]
      [Update RS (ms): Min: 0.0, Avg: 1.4, Max: 2.1, Diff: 2.1, Sum: 11.6]
         [Processed Buffers: Min: 0, Avg: 5.0, Max: 13, Diff: 13, Sum: 40]
      [Scan RS (ms): Min: 0.0, Avg: 1.0, Max: 1.3, Diff: 1.3, Sum: 7.7]
      [Code Root Scanning (ms): Min: 0.0, Avg: 0.0, Max: 0.0, Diff: 0.0, Sum: 0.0]
      [Object Copy (ms): Min: 3.1, Avg: 5.4, Max: 5.8, Diff: 2.7, Sum: 43.0]
      [Termination (ms): Min: 0.0, Avg: 0.0, Max: 0.0, Diff: 0.0, Sum: 0.0]
         [Termination Attempts: Min: 1, Avg: 4.5, Max: 10, Diff: 9, Sum: 36]
      [GC Worker Other (ms): Min: 0.0, Avg: 0.1, Max: 0.1, Diff: 0.1, Sum: 0.4]
      [GC Worker Total (ms): Min: 9.8, Avg: 9.9, Max: 9.9, Diff: 0.1, Sum: 79.2]
      [GC Worker End (ms): Min: 737424233.8, Avg: 737424233.8, Max: 737424233.8, Diff: 0.1]
   [Code Root Fixup: 0.0 ms]
   [Code Root Purge: 0.0 ms]
   [Clear CT: 0.8 ms]
   [Other: 3.8 ms]
      [Choose CSet: 0.0 ms]
      [Ref Proc: 3.1 ms]
      [Ref Enq: 0.1 ms]
      [Redirty Cards: 0.1 ms]
      [Humongous Register: 0.1 ms]
      [Humongous Reclaim: 0.0 ms]
      [Free CSet: 0.2 ms]
   [Eden: 5712.0M(5712.0M)->0.0B(7152.0M) Survivors: 16384.0K->16384.0K Heap: 9344.1M(14336.0M)->3622.7M(14336.0M)]
 [Times: user=0.10 sys=0.00, real=0.01 secs] 
2022-07-30T10:02:48.371-0700: 737539.876: [GC pause (G1 Evacuation Pause) (young), 0.0159006 secs]
   [Parallel Time: 9.4 ms, GC Workers: 8]
      [GC Worker Start (ms): Min: 737539875.7, Avg: 737539875.8, Max: 737539875.9, Diff: 0.1]
      [Ext Root Scanning (ms): Min: 1.4, Avg: 3.4, Max: 5.5, Diff: 4.0, Sum: 27.0]
      [Update RS (ms): Min: 2.0, Avg: 4.0, Max: 6.1, Diff: 4.2, Sum: 31.7]
         [Processed Buffers: Min: 5, Avg: 13.9, Max: 25, Diff: 20, Sum: 111]
      [Scan RS (ms): Min: 0.0, Avg: 0.0, Max: 0.1, Diff: 0.1, Sum: 0.4]
      [Code Root Scanning (ms): Min: 0.0, Avg: 0.0, Max: 0.0, Diff: 0.0, Sum: 0.0]
      [Object Copy (ms): Min: 0.8, Avg: 1.5, Max: 1.9, Diff: 1.2, Sum: 12.1]
      [Termination (ms): Min: 0.0, Avg: 0.0, Max: 0.0, Diff: 0.0, Sum: 0.0]
         [Termination Attempts: Min: 1, Avg: 4.0, Max: 8, Diff: 7, Sum: 32]
      [GC Worker Other (ms): Min: 0.0, Avg: 0.1, Max: 0.1, Diff: 0.1, Sum: 0.6]
      [GC Worker Total (ms): Min: 8.9, Avg: 9.0, Max: 9.0, Diff: 0.2, Sum: 71.8]
      [GC Worker End (ms): Min: 737539884.7, Avg: 737539884.8, Max: 737539884.9, Diff: 0.1]
   [Code Root Fixup: 0.0 ms]
   [Code Root Purge: 0.0 ms]
   [Clear CT: 0.7 ms]
   [Other: 5.8 ms]
      [Choose CSet: 0.0 ms]
      [Ref Proc: 4.9 ms]
      [Ref Enq: 0.2 ms]
      [Redirty Cards: 0.1 ms]
      [Humongous Register: 0.1 ms]
      [Humongous Reclaim: 0.0 ms]
      [Free CSet: 0.3 ms]
   [Eden: 7152.0M(7152.0M)->0.0B(7152.0M) Survivors: 16384.0K->16384.0K Heap: 10774.7M(14336.0M)->3629.8M(14336.0M)]
 [Times: user=0.07 sys=0.00, real=0.02 secs] 
2022-07-30T10:04:45.755-0700: 737657.260: [GC pause (G1 Evacuation Pause) (young) (initial-mark), 0.0178901 secs]
   [Parallel Time: 14.6 ms, GC Workers: 8]
      [GC Worker Start (ms): Min: 737657261.6, Avg: 737657261.7, Max: 737657261.8, Diff: 0.2]
      [Ext Root Scanning (ms): Min: 4.3, Avg: 6.1, Max: 12.4, Diff: 8.2, Sum: 48.7]
      [Update RS (ms): Min: 0.0, Avg: 1.4, Max: 2.0, Diff: 2.0, Sum: 11.4]
         [Processed Buffers: Min: 0, Avg: 5.5, Max: 12, Diff: 12, Sum: 44]
      [Scan RS (ms): Min: 0.0, Avg: 0.0, Max: 0.1, Diff: 0.1, Sum: 0.4]
      [Code Root Scanning (ms): Min: 0.0, Avg: 0.0, Max: 0.0, Diff: 0.0, Sum: 0.0]
      [Object Copy (ms): Min: 0.1, Avg: 2.1, Max: 3.4, Diff: 3.4, Sum: 16.9]
      [Termination (ms): Min: 0.0, Avg: 2.8, Max: 3.3, Diff: 3.3, Sum: 22.7]
         [Termination Attempts: Min: 1, Avg: 3.0, Max: 7, Diff: 6, Sum: 24]
      [GC Worker Other (ms): Min: 0.0, Avg: 0.0, Max: 0.0, Diff: 0.0, Sum: 0.1]
      [GC Worker Total (ms): Min: 12.5, Avg: 12.5, Max: 12.6, Diff: 0.2, Sum: 100.2]
      [GC Worker End (ms): Min: 737657274.2, Avg: 737657274.2, Max: 737657274.2, Diff: 0.0]
   [Code Root Fixup: 0.0 ms]
   [Code Root Purge: 0.0 ms]
   [Clear CT: 0.6 ms]
   [Other: 2.7 ms]
      [Choose CSet: 0.0 ms]
      [Ref Proc: 2.0 ms]
      [Ref Enq: 0.1 ms]
      [Redirty Cards: 0.1 ms]
      [Humongous Register: 0.0 ms]
      [Humongous Reclaim: 0.0 ms]
      [Free CSet: 0.3 ms]
   [Eden: 7152.0M(7152.0M)->0.0B(7152.0M) Survivors: 16384.0K->16384.0K Heap: 10781.8M(14336.0M)->3634.6M(14336.0M)]
 [Times: user=0.10 sys=0.00, real=0.01 secs] 
2022-07-30T10:04:45.773-0700: 737657.278: [GC concurrent-root-region-scan-start]
2022-07-30T10:04:45.783-0700: 737657.288: [GC concurrent-root-region-scan-end, 0.0097847 secs]
2022-07-30T10:04:45.783-0700: 737657.288: [GC concurrent-mark-start]
2022-07-30T10:04:48.490-0700: 737659.995: [GC concurrent-mark-end, 2.7072877 secs]
2022-07-30T10:04:48.490-0700: 737659.995: [GC remark 2022-07-30T10:04:48.491-0700: 737659.995: [Finalize Marking, 0.0003425 secs] 2022-07-30T10:04:48.491-0700: 737659.996: [GC ref-proc, 0.0106081 secs] 2022-07-30T10:04:48.502-0700: 737660.006: [Unloading, 0.0278288 secs], 0.0446261 secs]
 [Times: user=0.26 sys=0.00, real=0.05 secs] 
2022-07-30T10:04:48.535-0700: 737660.040: [GC cleanup 3840M->3840M(14336M), 0.0099806 secs]
 [Times: user=0.07 sys=0.00, real=0.01 secs] 
2022-07-30T10:06:42.669-0700: 737774.173: [GC pause (G1 Evacuation Pause) (young), 0.0109927 secs]
   [Parallel Time: 6.0 ms, GC Workers: 8]
      [GC Worker Start (ms): Min: 737774173.7, Avg: 737774173.7, Max: 737774173.8, Diff: 0.2]
      [Ext Root Scanning (ms): Min: 1.1, Avg: 1.9, Max: 5.6, Diff: 4.5, Sum: 15.0]
      [Update RS (ms): Min: 0.0, Avg: 1.4, Max: 1.8, Diff: 1.8, Sum: 11.1]
         [Processed Buffers: Min: 0, Avg: 5.0, Max: 9, Diff: 9, Sum: 40]
      [Scan RS (ms): Min: 0.0, Avg: 0.1, Max: 0.1, Diff: 0.1, Sum: 0.4]
      [Code Root Scanning (ms): Min: 0.0, Avg: 0.0, Max: 0.0, Diff: 0.0, Sum: 0.0]
      [Object Copy (ms): Min: 0.0, Avg: 1.9, Max: 2.4, Diff: 2.4, Sum: 15.3]
      [Termination (ms): Min: 0.0, Avg: 0.3, Max: 0.4, Diff: 0.4, Sum: 2.6]
         [Termination Attempts: Min: 1, Avg: 1.5, Max: 2, Diff: 1, Sum: 12]
      [GC Worker Other (ms): Min: 0.0, Avg: 0.0, Max: 0.1, Diff: 0.0, Sum: 0.2]
      [GC Worker Total (ms): Min: 5.5, Avg: 5.6, Max: 5.6, Diff: 0.1, Sum: 44.6]
      [GC Worker End (ms): Min: 737774179.3, Avg: 737774179.3, Max: 737774179.4, Diff: 0.1]
   [Code Root Fixup: 0.0 ms]
   [Code Root Purge: 0.0 ms]
   [Clear CT: 0.7 ms]
   [Other: 4.3 ms]
      [Choose CSet: 0.0 ms]
      [Ref Proc: 3.6 ms]
      [Ref Enq: 0.1 ms]
      [Redirty Cards: 0.1 ms]
      [Humongous Register: 0.1 ms]
      [Humongous Reclaim: 0.0 ms]
      [Free CSet: 0.3 ms]
   [Eden: 7152.0M(7152.0M)->0.0B(5712.0M) Survivors: 16384.0K->16384.0K Heap: 10786.6M(14336.0M)->3632.3M(14336.0M)]
 [Times: user=0.05 sys=0.00, real=0.01 secs] 
2022-07-30T10:08:15.034-0700: 737866.539: [GC pause (G1 Evacuation Pause) (mixed), 0.0127590 secs]
   [Parallel Time: 9.7 ms, GC Workers: 8]
      [GC Worker Start (ms): Min: 737866538.6, Avg: 737866538.7, Max: 737866538.8, Diff: 0.1]
      [Ext Root Scanning (ms): Min: 1.0, Avg: 1.8, Max: 6.2, Diff: 5.3, Sum: 14.5]
      [Update RS (ms): Min: 0.0, Avg: 1.4, Max: 1.9, Diff: 1.9, Sum: 10.9]
         [Processed Buffers: Min: 0, Avg: 6.2, Max: 13, Diff: 13, Sum: 50]
      [Scan RS (ms): Min: 0.0, Avg: 1.1, Max: 1.4, Diff: 1.3, Sum: 8.5]
      [Code Root Scanning (ms): Min: 0.0, Avg: 0.0, Max: 0.0, Diff: 0.0, Sum: 0.0]
      [Object Copy (ms): Min: 3.2, Avg: 5.2, Max: 5.6, Diff: 2.3, Sum: 41.7]
      [Termination (ms): Min: 0.0, Avg: 0.0, Max: 0.0, Diff: 0.0, Sum: 0.0]
         [Termination Attempts: Min: 1, Avg: 1.0, Max: 1, Diff: 0, Sum: 8]
      [GC Worker Other (ms): Min: 0.0, Avg: 0.0, Max: 0.1, Diff: 0.1, Sum: 0.4]
      [GC Worker Total (ms): Min: 9.4, Avg: 9.5, Max: 9.6, Diff: 0.1, Sum: 76.1]
      [GC Worker End (ms): Min: 737866548.2, Avg: 737866548.2, Max: 737866548.3, Diff: 0.1]
   [Code Root Fixup: 0.0 ms]
   [Code Root Purge: 0.0 ms]
   [Clear CT: 0.8 ms]
   [Other: 2.2 ms]
      [Choose CSet: 0.0 ms]
      [Ref Proc: 1.6 ms]
      [Ref Enq: 0.1 ms]
      [Redirty Cards: 0.1 ms]
      [Humongous Register: 0.0 ms]
      [Humongous Reclaim: 0.0 ms]
      [Free CSet: 0.2 ms]
   [Eden: 5712.0M(5712.0M)->0.0B(7152.0M) Survivors: 16384.0K->16384.0K Heap: 9344.3M(14336.0M)->3614.3M(14336.0M)]
 [Times: user=0.09 sys=0.00, real=0.02 secs] 
2022-07-30T10:10:12.040-0700: 737983.545: [GC pause (G1 Evacuation Pause) (young), 0.0115184 secs]
   [Parallel Time: 8.5 ms, GC Workers: 8]
      [GC Worker Start (ms): Min: 737983545.4, Avg: 737983545.4, Max: 737983545.5, Diff: 0.1]
      [Ext Root Scanning (ms): Min: 0.9, Avg: 1.6, Max: 5.3, Diff: 4.5, Sum: 12.8]
      [Update RS (ms): Min: 1.5, Avg: 4.5, Max: 5.2, Diff: 3.7, Sum: 36.2]
         [Processed Buffers: Min: 2, Avg: 14.0, Max: 19, Diff: 17, Sum: 112]
      [Scan RS (ms): Min: 0.0, Avg: 0.0, Max: 0.1, Diff: 0.1, Sum: 0.4]
      [Code Root Scanning (ms): Min: 0.0, Avg: 0.0, Max: 0.0, Diff: 0.0, Sum: 0.0]
      [Object Copy (ms): Min: 1.4, Avg: 2.0, Max: 2.2, Diff: 0.8, Sum: 16.3]
      [Termination (ms): Min: 0.0, Avg: 0.0, Max: 0.0, Diff: 0.0, Sum: 0.1]
         [Termination Attempts: Min: 16, Avg: 18.9, Max: 23, Diff: 7, Sum: 151]
      [GC Worker Other (ms): Min: 0.0, Avg: 0.0, Max: 0.1, Diff: 0.1, Sum: 0.4]
      [GC Worker Total (ms): Min: 8.2, Avg: 8.3, Max: 8.3, Diff: 0.1, Sum: 66.0]
      [GC Worker End (ms): Min: 737983553.6, Avg: 737983553.7, Max: 737983553.7, Diff: 0.1]
   [Code Root Fixup: 0.0 ms]
   [Code Root Purge: 0.0 ms]
   [Clear CT: 0.8 ms]
   [Other: 2.2 ms]
      [Choose CSet: 0.0 ms]
      [Ref Proc: 1.6 ms]
      [Ref Enq: 0.1 ms]
      [Redirty Cards: 0.1 ms]
      [Humongous Register: 0.1 ms]
      [Humongous Reclaim: 0.0 ms]
      [Free CSet: 0.3 ms]
   [Eden: 7152.0M(7152.0M)->0.0B(7152.0M) Survivors: 16384.0K->16384.0K Heap: 10766.3M(14336.0M)->3619.8M(14336.0M)]
 [Times: user=0.08 sys=0.00, real=0.01 secs] 
2022-07-30T10:12:06.417-0700: 738097.922: [GC pause (G1 Evacuation Pause) (young) (initial-mark), 0.0177648 secs]
   [Parallel Time: 12.6 ms, GC Workers: 8]
      [GC Worker Start (ms): Min: 738097923.6, Avg: 738097923.7, Max: 738097923.7, Diff: 0.1]
      [Ext Root Scanning (ms): Min: 6.0, Avg: 6.3, Max: 6.6, Diff: 0.5, Sum: 50.1]
      [Update RS (ms): Min: 1.6, Avg: 1.7, Max: 2.3, Diff: 0.8, Sum: 13.6]
         [Processed Buffers: Min: 3, Avg: 6.1, Max: 9, Diff: 6, Sum: 49]
      [Scan RS (ms): Min: 0.0, Avg: 0.1, Max: 0.1, Diff: 0.1, Sum: 0.4]
      [Code Root Scanning (ms): Min: 0.0, Avg: 0.0, Max: 0.0, Diff: 0.0, Sum: 0.0]
      [Object Copy (ms): Min: 1.4, Avg: 2.1, Max: 2.4, Diff: 1.0, Sum: 17.1]
      [Termination (ms): Min: 0.0, Avg: 0.0, Max: 0.0, Diff: 0.0, Sum: 0.1]
         [Termination Attempts: Min: 12, Avg: 16.2, Max: 23, Diff: 11, Sum: 130]
      [GC Worker Other (ms): Min: 0.0, Avg: 0.1, Max: 0.2, Diff: 0.1, Sum: 0.6]
      [GC Worker Total (ms): Min: 10.1, Avg: 10.2, Max: 10.3, Diff: 0.2, Sum: 81.8]
      [GC Worker End (ms): Min: 738097933.8, Avg: 738097933.9, Max: 738097934.0, Diff: 0.1]
   [Code Root Fixup: 0.0 ms]
   [Code Root Purge: 0.0 ms]
   [Clear CT: 0.7 ms]
   [Other: 4.4 ms]
      [Choose CSet: 0.0 ms]
      [Ref Proc: 3.7 ms]
      [Ref Enq: 0.1 ms]
      [Redirty Cards: 0.1 ms]
      [Humongous Register: 0.0 ms]
      [Humongous Reclaim: 0.0 ms]
      [Free CSet: 0.3 ms]
   [Eden: 7152.0M(7152.0M)->0.0B(7152.0M) Survivors: 16384.0K->16384.0K Heap: 10771.8M(14336.0M)->3622.9M(14336.0M)]
 [Times: user=0.07 sys=0.01, real=0.02 secs] 
2022-07-30T10:12:06.435-0700: 738097.939: [GC concurrent-root-region-scan-start]
2022-07-30T10:12:06.445-0700: 738097.949: [GC concurrent-root-region-scan-end, 0.0098364 secs]
2022-07-30T10:12:06.445-0700: 738097.949: [GC concurrent-mark-start]
2022-07-30T10:12:09.136-0700: 738100.641: [GC concurrent-mark-end, 2.6913513 secs]
2022-07-30T10:12:09.136-0700: 738100.641: [GC remark 2022-07-30T10:12:09.136-0700: 738100.641: [Finalize Marking, 0.0004425 secs] 2022-07-30T10:12:09.137-0700: 738100.641: [GC ref-proc, 0.0071829 secs] 2022-07-30T10:12:09.144-0700: 738100.649: [Unloading, 0.0275386 secs], 0.0408797 secs]
 [Times: user=0.25 sys=0.00, real=0.04 secs] 
2022-07-30T10:12:09.178-0700: 738100.682: [GC cleanup 3854M->3854M(14336M), 0.0090797 secs]
 [Times: user=0.07 sys=0.00, real=0.01 secs] 
2022-07-30T10:14:00.569-0700: 738212.073: [GC pause (G1 Evacuation Pause) (young), 0.0107145 secs]
   [Parallel Time: 5.8 ms, GC Workers: 8]
      [GC Worker Start (ms): Min: 738212073.4, Avg: 738212073.5, Max: 738212073.6, Diff: 0.1]
      [Ext Root Scanning (ms): Min: 1.1, Avg: 1.8, Max: 5.7, Diff: 4.5, Sum: 14.8]
      [Update RS (ms): Min: 0.0, Avg: 1.6, Max: 2.2, Diff: 2.2, Sum: 13.0]
         [Processed Buffers: Min: 0, Avg: 6.4, Max: 14, Diff: 14, Sum: 51]
      [Scan RS (ms): Min: 0.0, Avg: 0.0, Max: 0.1, Diff: 0.1, Sum: 0.4]
      [Code Root Scanning (ms): Min: 0.0, Avg: 0.0, Max: 0.0, Diff: 0.0, Sum: 0.0]
      [Object Copy (ms): Min: 0.0, Avg: 1.7, Max: 2.1, Diff: 2.1, Sum: 14.0]
      [Termination (ms): Min: 0.0, Avg: 0.4, Max: 0.4, Diff: 0.4, Sum: 2.8]
         [Termination Attempts: Min: 1, Avg: 5.9, Max: 10, Diff: 9, Sum: 47]
      [GC Worker Other (ms): Min: 0.0, Avg: 0.0, Max: 0.1, Diff: 0.1, Sum: 0.3]
      [GC Worker Total (ms): Min: 5.6, Avg: 5.7, Max: 5.8, Diff: 0.2, Sum: 45.2]
      [GC Worker End (ms): Min: 738212079.1, Avg: 738212079.1, Max: 738212079.2, Diff: 0.1]
   [Code Root Fixup: 0.0 ms]
   [Code Root Purge: 0.0 ms]
   [Clear CT: 0.6 ms]
   [Other: 4.2 ms]
      [Choose CSet: 0.0 ms]
      [Ref Proc: 3.5 ms]
      [Ref Enq: 0.2 ms]
      [Redirty Cards: 0.1 ms]
      [Humongous Register: 0.0 ms]
      [Humongous Reclaim: 0.0 ms]
      [Free CSet: 0.3 ms]
   [Eden: 7152.0M(7152.0M)->0.0B(7152.0M) Survivors: 16384.0K->16384.0K Heap: 10774.9M(14336.0M)->3624.4M(14336.0M)]
 [Times: user=0.06 sys=0.01, real=0.01 secs] 
2022-07-30T10:15:56.214-0700: 738327.719: [GC pause (G1 Evacuation Pause) (young), 0.0101735 secs]
   [Parallel Time: 5.7 ms, GC Workers: 8]
      [GC Worker Start (ms): Min: 738327719.2, Avg: 738327719.3, Max: 738327719.3, Diff: 0.1]
      [Ext Root Scanning (ms): Min: 1.0, Avg: 1.7, Max: 5.4, Diff: 4.4, Sum: 13.4]
      [Update RS (ms): Min: 0.0, Avg: 1.4, Max: 2.2, Diff: 2.2, Sum: 11.3]
         [Processed Buffers: Min: 0, Avg: 5.6, Max: 13, Diff: 13, Sum: 45]
      [Scan RS (ms): Min: 0.0, Avg: 0.0, Max: 0.1, Diff: 0.1, Sum: 0.4]
      [Code Root Scanning (ms): Min: 0.0, Avg: 0.0, Max: 0.0, Diff: 0.0, Sum: 0.0]
      [Object Copy (ms): Min: 0.0, Avg: 1.9, Max: 2.3, Diff: 2.3, Sum: 14.8]
      [Termination (ms): Min: 0.0, Avg: 0.4, Max: 0.5, Diff: 0.5, Sum: 3.1]
         [Termination Attempts: Min: 1, Avg: 5.4, Max: 9, Diff: 8, Sum: 43]
      [GC Worker Other (ms): Min: 0.0, Avg: 0.0, Max: 0.0, Diff: 0.0, Sum: 0.1]
      [GC Worker Total (ms): Min: 5.4, Avg: 5.4, Max: 5.4, Diff: 0.1, Sum: 43.1]
      [GC Worker End (ms): Min: 738327724.6, Avg: 738327724.7, Max: 738327724.7, Diff: 0.0]
   [Code Root Fixup: 0.0 ms]
   [Code Root Purge: 0.0 ms]
   [Clear CT: 0.6 ms]
   [Other: 3.9 ms]
      [Choose CSet: 0.0 ms]
      [Ref Proc: 3.3 ms]
      [Ref Enq: 0.1 ms]
      [Redirty Cards: 0.1 ms]
      [Humongous Register: 0.0 ms]
      [Humongous Reclaim: 0.0 ms]
      [Free CSet: 0.3 ms]
   [Eden: 7152.0M(7152.0M)->0.0B(7152.0M) Survivors: 16384.0K->16384.0K Heap: 10776.4M(14336.0M)->3624.0M(14336.0M)]
 [Times: user=0.06 sys=0.00, real=0.02 secs] 
2022-07-30T10:17:52.212-0700: 738443.717: [GC pause (G1 Evacuation Pause) (young) (initial-mark), 0.0165274 secs]
   [Parallel Time: 12.9 ms, GC Workers: 8]
      [GC Worker Start (ms): Min: 738443718.4, Avg: 738443718.4, Max: 738443718.5, Diff: 0.1]
      [Ext Root Scanning (ms): Min: 6.1, Avg: 6.9, Max: 10.9, Diff: 4.8, Sum: 55.0]
      [Update RS (ms): Min: 0.0, Avg: 1.6, Max: 2.4, Diff: 2.4, Sum: 12.9]
         [Processed Buffers: Min: 0, Avg: 5.6, Max: 10, Diff: 10, Sum: 45]
      [Scan RS (ms): Min: 0.0, Avg: 0.1, Max: 0.2, Diff: 0.1, Sum: 0.5]
      [Code Root Scanning (ms): Min: 0.0, Avg: 0.0, Max: 0.0, Diff: 0.0, Sum: 0.0]
      [Object Copy (ms): Min: 0.1, Avg: 2.1, Max: 2.8, Diff: 2.7, Sum: 17.0]
      [Termination (ms): Min: 0.0, Avg: 0.3, Max: 0.4, Diff: 0.4, Sum: 2.7]
         [Termination Attempts: Min: 1, Avg: 7.2, Max: 12, Diff: 11, Sum: 58]
      [GC Worker Other (ms): Min: 0.0, Avg: 0.0, Max: 0.0, Diff: 0.0, Sum: 0.2]
      [GC Worker Total (ms): Min: 11.0, Avg: 11.0, Max: 11.1, Diff: 0.1, Sum: 88.2]
      [GC Worker End (ms): Min: 738443729.4, Avg: 738443729.5, Max: 738443729.5, Diff: 0.0]
   [Code Root Fixup: 0.0 ms]
   [Code Root Purge: 0.0 ms]
   [Clear CT: 0.7 ms]
   [Other: 3.0 ms]
      [Choose CSet: 0.0 ms]
      [Ref Proc: 2.2 ms]
      [Ref Enq: 0.1 ms]
      [Redirty Cards: 0.1 ms]
      [Humongous Register: 0.0 ms]
      [Humongous Reclaim: 0.0 ms]
      [Free CSet: 0.3 ms]
   [Eden: 7152.0M(7152.0M)->0.0B(7152.0M) Survivors: 16384.0K->16384.0K Heap: 10776.0M(14336.0M)->3625.6M(14336.0M)]
 [Times: user=0.08 sys=0.00, real=0.02 secs] 
2022-07-30T10:17:52.228-0700: 738443.733: [GC concurrent-root-region-scan-start]
2022-07-30T10:17:52.238-0700: 738443.743: [GC concurrent-root-region-scan-end, 0.0097093 secs]
2022-07-30T10:17:52.238-0700: 738443.743: [GC concurrent-mark-start]
2022-07-30T10:17:54.936-0700: 738446.440: [GC concurrent-mark-end, 2.6973542 secs]
2022-07-30T10:17:54.936-0700: 738446.441: [GC remark 2022-07-30T10:17:54.936-0700: 738446.441: [Finalize Marking, 0.0002899 secs] 2022-07-30T10:17:54.936-0700: 738446.441: [GC ref-proc, 0.0080201 secs] 2022-07-30T10:17:54.944-0700: 738446.449: [Unloading, 0.0299807 secs], 0.0441066 secs]
 [Times: user=0.27 sys=0.00, real=0.04 secs] 
2022-07-30T10:17:54.981-0700: 738446.485: [GC cleanup 3860M->3860M(14336M), 0.0087424 secs]
 [Times: user=0.06 sys=0.00, real=0.01 secs] 
2022-07-30T10:19:45.066-0700: 738556.570: [GC pause (G1 Evacuation Pause) (young), 0.0095713 secs]
   [Parallel Time: 6.2 ms, GC Workers: 8]
      [GC Worker Start (ms): Min: 738556570.6, Avg: 738556570.6, Max: 738556570.7, Diff: 0.1]
      [Ext Root Scanning (ms): Min: 1.1, Avg: 1.9, Max: 6.0, Diff: 4.9, Sum: 15.0]
      [Update RS (ms): Min: 0.0, Avg: 1.7, Max: 2.4, Diff: 2.4, Sum: 13.6]
         [Processed Buffers: Min: 0, Avg: 5.5, Max: 10, Diff: 10, Sum: 44]
      [Scan RS (ms): Min: 0.0, Avg: 0.1, Max: 0.1, Diff: 0.1, Sum: 0.5]
      [Code Root Scanning (ms): Min: 0.0, Avg: 0.0, Max: 0.0, Diff: 0.0, Sum: 0.0]
      [Object Copy (ms): Min: 0.0, Avg: 2.3, Max: 2.8, Diff: 2.8, Sum: 18.4]
      [Termination (ms): Min: 0.0, Avg: 0.0, Max: 0.0, Diff: 0.0, Sum: 0.0]
         [Termination Attempts: Min: 4, Avg: 15.1, Max: 23, Diff: 19, Sum: 121]
      [GC Worker Other (ms): Min: 0.0, Avg: 0.1, Max: 0.2, Diff: 0.1, Sum: 0.6]
      [GC Worker Total (ms): Min: 5.9, Avg: 6.0, Max: 6.1, Diff: 0.1, Sum: 48.0]
      [GC Worker End (ms): Min: 738556576.6, Avg: 738556576.6, Max: 738556576.7, Diff: 0.1]
   [Code Root Fixup: 0.0 ms]
   [Code Root Purge: 0.0 ms]
   [Clear CT: 0.7 ms]
   [Other: 2.6 ms]
      [Choose CSet: 0.0 ms]
      [Ref Proc: 2.0 ms]
      [Ref Enq: 0.1 ms]
      [Redirty Cards: 0.1 ms]
      [Humongous Register: 0.1 ms]
      [Humongous Reclaim: 0.0 ms]
      [Free CSet: 0.3 ms]
   [Eden: 7152.0M(7152.0M)->0.0B(7152.0M) Survivors: 16384.0K->16384.0K Heap: 10777.6M(14336.0M)->3629.2M(14336.0M)]
 [Times: user=0.06 sys=0.00, real=0.01 secs] 
2022-07-30T10:21:41.124-0700: 738672.629: [GC pause (G1 Evacuation Pause) (young), 0.0101717 secs]
   [Parallel Time: 6.1 ms, GC Workers: 8]
      [GC Worker Start (ms): Min: 738672629.2, Avg: 738672629.3, Max: 738672629.4, Diff: 0.1]
      [Ext Root Scanning (ms): Min: 1.2, Avg: 2.1, Max: 5.7, Diff: 4.5, Sum: 16.5]
      [Update RS (ms): Min: 0.0, Avg: 1.6, Max: 2.4, Diff: 2.4, Sum: 12.6]
         [Processed Buffers: Min: 0, Avg: 5.1, Max: 10, Diff: 10, Sum: 41]
      [Scan RS (ms): Min: 0.0, Avg: 0.1, Max: 0.1, Diff: 0.1, Sum: 0.4]
      [Code Root Scanning (ms): Min: 0.0, Avg: 0.0, Max: 0.0, Diff: 0.0, Sum: 0.0]
      [Object Copy (ms): Min: 0.2, Avg: 2.2, Max: 2.8, Diff: 2.6, Sum: 17.8]
      [Termination (ms): Min: 0.0, Avg: 0.0, Max: 0.0, Diff: 0.0, Sum: 0.1]
         [Termination Attempts: Min: 26, Avg: 31.4, Max: 39, Diff: 13, Sum: 251]
      [GC Worker Other (ms): Min: 0.0, Avg: 0.1, Max: 0.1, Diff: 0.1, Sum: 0.4]
      [GC Worker Total (ms): Min: 5.9, Avg: 6.0, Max: 6.1, Diff: 0.2, Sum: 47.8]
      [GC Worker End (ms): Min: 738672635.2, Avg: 738672635.3, Max: 738672635.3, Diff: 0.1]
   [Code Root Fixup: 0.0 ms]
   [Code Root Purge: 0.0 ms]
   [Clear CT: 0.7 ms]
   [Other: 3.3 ms]
      [Choose CSet: 0.0 ms]
      [Ref Proc: 2.6 ms]
      [Ref Enq: 0.1 ms]
      [Redirty Cards: 0.1 ms]
      [Humongous Register: 0.1 ms]
      [Humongous Reclaim: 0.0 ms]
      [Free CSet: 0.3 ms]
   [Eden: 7152.0M(7152.0M)->0.0B(7152.0M) Survivors: 16384.0K->16384.0K Heap: 10781.2M(14336.0M)->3627.2M(14336.0M)]
 [Times: user=0.05 sys=0.00, real=0.01 secs] 
2022-07-30T10:23:37.043-0700: 738788.548: [GC pause (G1 Evacuation Pause) (young) (initial-mark), 0.0169861 secs]
   [Parallel Time: 12.3 ms, GC Workers: 8]
      [GC Worker Start (ms): Min: 738788549.9, Avg: 738788550.0, Max: 738788550.1, Diff: 0.2]
      [Ext Root Scanning (ms): Min: 5.3, Avg: 5.6, Max: 5.9, Diff: 0.6, Sum: 44.8]
      [Update RS (ms): Min: 1.6, Avg: 1.8, Max: 2.4, Diff: 0.8, Sum: 14.7]
         [Processed Buffers: Min: 3, Avg: 6.4, Max: 12, Diff: 9, Sum: 51]
      [Scan RS (ms): Min: 0.0, Avg: 0.1, Max: 0.1, Diff: 0.1, Sum: 0.4]
      [Code Root Scanning (ms): Min: 0.0, Avg: 0.0, Max: 0.0, Diff: 0.0, Sum: 0.0]
      [Object Copy (ms): Min: 1.5, Avg: 2.4, Max: 2.7, Diff: 1.2, Sum: 18.9]
      [Termination (ms): Min: 0.0, Avg: 0.0, Max: 0.0, Diff: 0.0, Sum: 0.0]
         [Termination Attempts: Min: 1, Avg: 6.5, Max: 9, Diff: 8, Sum: 52]
      [GC Worker Other (ms): Min: 0.0, Avg: 0.0, Max: 0.1, Diff: 0.1, Sum: 0.4]
      [GC Worker Total (ms): Min: 9.8, Avg: 9.9, Max: 10.0, Diff: 0.2, Sum: 79.3]
      [GC Worker End (ms): Min: 738788559.9, Avg: 738788560.0, Max: 738788560.0, Diff: 0.1]
   [Code Root Fixup: 0.0 ms]
   [Code Root Purge: 0.0 ms]
   [Clear CT: 0.7 ms]
   [Other: 3.9 ms]
      [Choose CSet: 0.0 ms]
      [Ref Proc: 3.2 ms]
      [Ref Enq: 0.1 ms]
      [Redirty Cards: 0.1 ms]
      [Humongous Register: 0.0 ms]
      [Humongous Reclaim: 0.0 ms]
      [Free CSet: 0.3 ms]
   [Eden: 7152.0M(7152.0M)->0.0B(7152.0M) Survivors: 16384.0K->16384.0K Heap: 10779.2M(14336.0M)->3631.7M(14336.0M)]
 [Times: user=0.09 sys=0.00, real=0.01 secs] 
2022-07-30T10:23:37.060-0700: 738788.565: [GC concurrent-root-region-scan-start]
2022-07-30T10:23:37.070-0700: 738788.574: [GC concurrent-root-region-scan-end, 0.0095983 secs]
2022-07-30T10:23:37.070-0700: 738788.574: [GC concurrent-mark-start]
2022-07-30T10:23:39.807-0700: 738791.311: [GC concurrent-mark-end, 2.7370289 secs]
2022-07-30T10:23:39.807-0700: 738791.312: [GC remark 2022-07-30T10:23:39.807-0700: 738791.312: [Finalize Marking, 0.0002921 secs] 2022-07-30T10:23:39.807-0700: 738791.312: [GC ref-proc, 0.0090773 secs] 2022-07-30T10:23:39.817-0700: 738791.321: [Unloading, 0.0273826 secs], 0.0428653 secs]
 [Times: user=0.26 sys=0.00, real=0.04 secs] 
2022-07-30T10:23:39.850-0700: 738791.355: [GC cleanup 3831M->3831M(14336M), 0.0088404 secs]
 [Times: user=0.07 sys=0.00, real=0.01 secs] 
2022-07-30T10:25:33.623-0700: 738905.128: [GC pause (G1 Evacuation Pause) (young), 0.0130002 secs]
   [Parallel Time: 7.0 ms, GC Workers: 8]
      [GC Worker Start (ms): Min: 738905128.1, Avg: 738905128.1, Max: 738905128.2, Diff: 0.1]
      [Ext Root Scanning (ms): Min: 3.3, Avg: 3.7, Max: 4.2, Diff: 0.9, Sum: 29.6]
      [Update RS (ms): Min: 0.8, Avg: 1.3, Max: 1.8, Diff: 1.0, Sum: 10.1]
         [Processed Buffers: Min: 3, Avg: 5.4, Max: 9, Diff: 6, Sum: 43]
      [Scan RS (ms): Min: 0.0, Avg: 0.0, Max: 0.1, Diff: 0.1, Sum: 0.4]
      [Code Root Scanning (ms): Min: 0.0, Avg: 0.0, Max: 0.0, Diff: 0.0, Sum: 0.0]
      [Object Copy (ms): Min: 1.2, Avg: 1.7, Max: 2.1, Diff: 0.9, Sum: 13.6]
      [Termination (ms): Min: 0.0, Avg: 0.0, Max: 0.0, Diff: 0.0, Sum: 0.0]
         [Termination Attempts: Min: 3, Avg: 4.4, Max: 8, Diff: 5, Sum: 35]
      [GC Worker Other (ms): Min: 0.0, Avg: 0.0, Max: 0.1, Diff: 0.1, Sum: 0.4]
      [GC Worker Total (ms): Min: 6.7, Avg: 6.8, Max: 6.9, Diff: 0.2, Sum: 54.1]
      [GC Worker End (ms): Min: 738905134.9, Avg: 738905134.9, Max: 738905134.9, Diff: 0.1]
   [Code Root Fixup: 0.0 ms]
   [Code Root Purge: 0.0 ms]
   [Clear CT: 0.8 ms]
   [Other: 5.3 ms]
      [Choose CSet: 0.0 ms]
      [Ref Proc: 4.5 ms]
      [Ref Enq: 0.1 ms]
      [Redirty Cards: 0.1 ms]
      [Humongous Register: 0.1 ms]
      [Humongous Reclaim: 0.0 ms]
      [Free CSet: 0.3 ms]
   [Eden: 7152.0M(7152.0M)->0.0B(7152.0M) Survivors: 16384.0K->16384.0K Heap: 10783.7M(14336.0M)->3629.7M(14336.0M)]
 [Times: user=0.03 sys=0.01, real=0.01 secs] 
2022-07-30T10:27:32.471-0700: 739023.976: [GC pause (G1 Evacuation Pause) (young), 0.0116827 secs]
   [Parallel Time: 5.9 ms, GC Workers: 8]
      [GC Worker Start (ms): Min: 739023976.4, Avg: 739023976.4, Max: 739023976.5, Diff: 0.1]
      [Ext Root Scanning (ms): Min: 1.1, Avg: 1.9, Max: 5.6, Diff: 4.5, Sum: 15.0]
      [Update RS (ms): Min: 0.0, Avg: 1.7, Max: 2.5, Diff: 2.5, Sum: 13.7]
         [Processed Buffers: Min: 0, Avg: 6.1, Max: 13, Diff: 13, Sum: 49]
      [Scan RS (ms): Min: 0.0, Avg: 0.1, Max: 0.2, Diff: 0.2, Sum: 0.4]
      [Code Root Scanning (ms): Min: 0.0, Avg: 0.0, Max: 0.0, Diff: 0.0, Sum: 0.0]
      [Object Copy (ms): Min: 0.0, Avg: 1.7, Max: 2.1, Diff: 2.1, Sum: 13.9]
      [Termination (ms): Min: 0.0, Avg: 0.2, Max: 0.3, Diff: 0.3, Sum: 1.9]
         [Termination Attempts: Min: 1, Avg: 1.1, Max: 2, Diff: 1, Sum: 9]
      [GC Worker Other (ms): Min: 0.0, Avg: 0.0, Max: 0.0, Diff: 0.0, Sum: 0.2]
      [GC Worker Total (ms): Min: 5.6, Avg: 5.6, Max: 5.7, Diff: 0.1, Sum: 45.0]
      [GC Worker End (ms): Min: 739023982.0, Avg: 739023982.1, Max: 739023982.1, Diff: 0.0]
   [Code Root Fixup: 0.0 ms]
   [Code Root Purge: 0.0 ms]
   [Clear CT: 0.6 ms]
   [Other: 5.1 ms]
      [Choose CSet: 0.0 ms]
      [Ref Proc: 4.4 ms]
      [Ref Enq: 0.1 ms]
      [Redirty Cards: 0.1 ms]
      [Humongous Register: 0.1 ms]
      [Humongous Reclaim: 0.0 ms]
      [Free CSet: 0.3 ms]
   [Eden: 7152.0M(7152.0M)->0.0B(7152.0M) Survivors: 16384.0K->16384.0K Heap: 10781.7M(14336.0M)->3630.7M(14336.0M)]
 [Times: user=0.06 sys=0.00, real=0.02 secs] 
2022-07-30T10:29:27.268-0700: 739138.772: [GC pause (G1 Evacuation Pause) (young) (initial-mark), 0.0174809 secs]
   [Parallel Time: 12.5 ms, GC Workers: 8]
      [GC Worker Start (ms): Min: 739138774.6, Avg: 739138774.7, Max: 739138774.8, Diff: 0.1]
      [Ext Root Scanning (ms): Min: 5.6, Avg: 5.8, Max: 6.0, Diff: 0.4, Sum: 46.0]
      [Update RS (ms): Min: 1.4, Avg: 1.7, Max: 2.2, Diff: 0.7, Sum: 13.5]
         [Processed Buffers: Min: 2, Avg: 4.8, Max: 9, Diff: 7, Sum: 38]
      [Scan RS (ms): Min: 0.0, Avg: 0.1, Max: 0.1, Diff: 0.1, Sum: 0.5]
      [Code Root Scanning (ms): Min: 0.0, Avg: 0.0, Max: 0.0, Diff: 0.0, Sum: 0.0]
      [Object Copy (ms): Min: 2.0, Avg: 2.4, Max: 2.7, Diff: 0.7, Sum: 19.5]
      [Termination (ms): Min: 0.0, Avg: 0.0, Max: 0.0, Diff: 0.0, Sum: 0.0]
         [Termination Attempts: Min: 13, Avg: 18.0, Max: 24, Diff: 11, Sum: 144]
      [GC Worker Other (ms): Min: 0.0, Avg: 0.1, Max: 0.1, Diff: 0.1, Sum: 0.4]
      [GC Worker Total (ms): Min: 9.9, Avg: 10.0, Max: 10.1, Diff: 0.2, Sum: 79.9]
      [GC Worker End (ms): Min: 739138784.7, Avg: 739138784.7, Max: 739138784.8, Diff: 0.1]
   [Code Root Fixup: 0.0 ms]
   [Code Root Purge: 0.0 ms]
   [Clear CT: 0.8 ms]
   [Other: 4.2 ms]
      [Choose CSet: 0.0 ms]
      [Ref Proc: 3.5 ms]
      [Ref Enq: 0.1 ms]
      [Redirty Cards: 0.1 ms]
      [Humongous Register: 0.0 ms]
      [Humongous Reclaim: 0.0 ms]
      [Free CSet: 0.3 ms]
   [Eden: 7152.0M(7152.0M)->0.0B(7152.0M) Survivors: 16384.0K->16384.0K Heap: 10782.7M(14336.0M)->3635.7M(14336.0M)]
 [Times: user=0.09 sys=0.00, real=0.02 secs] 
2022-07-30T10:29:27.285-0700: 739138.790: [GC concurrent-root-region-scan-start]
2022-07-30T10:29:27.295-0700: 739138.800: [GC concurrent-root-region-scan-end, 0.0096828 secs]
2022-07-30T10:29:27.295-0700: 739138.800: [GC concurrent-mark-start]
2022-07-30T10:29:29.950-0700: 739141.455: [GC concurrent-mark-end, 2.6548614 secs]
2022-07-30T10:29:29.950-0700: 739141.455: [GC remark 2022-07-30T10:29:29.950-0700: 739141.455: [Finalize Marking, 0.0002263 secs] 2022-07-30T10:29:29.950-0700: 739141.455: [GC ref-proc, 0.0060644 secs] 2022-07-30T10:29:29.957-0700: 739141.461: [Unloading, 0.0271719 secs], 0.0398938 secs]
 [Times: user=0.25 sys=0.00, real=0.04 secs] 
2022-07-30T10:29:29.990-0700: 739141.495: [GC cleanup 3867M->3867M(14336M), 0.0091874 secs]
 [Times: user=0.06 sys=0.00, real=0.01 secs] 
2022-07-30T10:31:20.975-0700: 739252.479: [GC pause (G1 Evacuation Pause) (young), 0.0109348 secs]
   [Parallel Time: 5.6 ms, GC Workers: 8]
      [GC Worker Start (ms): Min: 739252479.6, Avg: 739252479.7, Max: 739252479.7, Diff: 0.2]
      [Ext Root Scanning (ms): Min: 0.9, Avg: 1.6, Max: 5.3, Diff: 4.4, Sum: 12.8]
      [Update RS (ms): Min: 0.0, Avg: 1.4, Max: 2.1, Diff: 2.1, Sum: 11.4]
         [Processed Buffers: Min: 0, Avg: 5.5, Max: 11, Diff: 11, Sum: 44]
      [Scan RS (ms): Min: 0.0, Avg: 0.0, Max: 0.1, Diff: 0.1, Sum: 0.4]
      [Code Root Scanning (ms): Min: 0.0, Avg: 0.0, Max: 0.0, Diff: 0.0, Sum: 0.0]
      [Object Copy (ms): Min: 0.0, Avg: 2.0, Max: 2.4, Diff: 2.4, Sum: 15.6]
      [Termination (ms): Min: 0.0, Avg: 0.2, Max: 0.3, Diff: 0.3, Sum: 1.8]
         [Termination Attempts: Min: 1, Avg: 1.2, Max: 2, Diff: 1, Sum: 10]
      [GC Worker Other (ms): Min: 0.0, Avg: 0.0, Max: 0.1, Diff: 0.1, Sum: 0.4]
      [GC Worker Total (ms): Min: 5.2, Avg: 5.3, Max: 5.4, Diff: 0.2, Sum: 42.3]
      [GC Worker End (ms): Min: 739252484.9, Avg: 739252485.0, Max: 739252485.0, Diff: 0.1]
   [Code Root Fixup: 0.0 ms]
   [Code Root Purge: 0.0 ms]
   [Clear CT: 0.7 ms]
   [Other: 4.7 ms]
      [Choose CSet: 0.0 ms]
      [Ref Proc: 4.0 ms]
      [Ref Enq: 0.1 ms]
      [Redirty Cards: 0.1 ms]
      [Humongous Register: 0.1 ms]
      [Humongous Reclaim: 0.0 ms]
      [Free CSet: 0.3 ms]
   [Eden: 7152.0M(7152.0M)->0.0B(5712.0M) Survivors: 16384.0K->16384.0K Heap: 10787.7M(14336.0M)->3634.1M(14336.0M)]
 [Times: user=0.06 sys=0.00, real=0.01 secs] 
2022-07-30T10:32:53.164-0700: 739344.669: [GC pause (G1 Evacuation Pause) (mixed), 0.0095271 secs]
   [Parallel Time: 6.8 ms, GC Workers: 8]
      [GC Worker Start (ms): Min: 739344669.0, Avg: 739344669.1, Max: 739344669.1, Diff: 0.1]
      [Ext Root Scanning (ms): Min: 1.2, Avg: 2.0, Max: 6.7, Diff: 5.5, Sum: 16.1]
      [Update RS (ms): Min: 0.0, Avg: 1.9, Max: 2.7, Diff: 2.7, Sum: 15.6]
         [Processed Buffers: Min: 0, Avg: 6.1, Max: 10, Diff: 10, Sum: 49]
      [Scan RS (ms): Min: 0.0, Avg: 0.3, Max: 0.5, Diff: 0.4, Sum: 2.1]
      [Code Root Scanning (ms): Min: 0.0, Avg: 0.0, Max: 0.0, Diff: 0.0, Sum: 0.0]
      [Object Copy (ms): Min: 0.0, Avg: 2.0, Max: 2.4, Diff: 2.4, Sum: 16.1]
      [Termination (ms): Min: 0.0, Avg: 0.4, Max: 0.5, Diff: 0.5, Sum: 3.3]
         [Termination Attempts: Min: 1, Avg: 2.6, Max: 5, Diff: 4, Sum: 21]
      [GC Worker Other (ms): Min: 0.0, Avg: 0.0, Max: 0.0, Diff: 0.0, Sum: 0.1]
      [GC Worker Total (ms): Min: 6.6, Avg: 6.7, Max: 6.7, Diff: 0.1, Sum: 53.4]
      [GC Worker End (ms): Min: 739344675.7, Avg: 739344675.7, Max: 739344675.8, Diff: 0.0]
   [Code Root Fixup: 0.0 ms]
   [Code Root Purge: 0.0 ms]
   [Clear CT: 0.5 ms]
   [Other: 2.2 ms]
      [Choose CSet: 0.0 ms]
      [Ref Proc: 1.5 ms]
      [Ref Enq: 0.1 ms]
      [Redirty Cards: 0.1 ms]
      [Humongous Register: 0.1 ms]
      [Humongous Reclaim: 0.0 ms]
      [Free CSet: 0.2 ms]
   [Eden: 5712.0M(5712.0M)->0.0B(7152.0M) Survivors: 16384.0K->16384.0K Heap: 9346.1M(14336.0M)->3618.5M(14336.0M)]
 [Times: user=0.04 sys=0.03, real=0.00 secs] 
2022-07-30T10:34:49.044-0700: 739460.549: [GC pause (G1 Evacuation Pause) (young), 0.0111313 secs]
   [Parallel Time: 5.8 ms, GC Workers: 8]
      [GC Worker Start (ms): Min: 739460549.0, Avg: 739460549.1, Max: 739460549.2, Diff: 0.2]
      [Ext Root Scanning (ms): Min: 0.8, Avg: 1.6, Max: 5.4, Diff: 4.6, Sum: 12.7]
      [Update RS (ms): Min: 0.0, Avg: 1.6, Max: 2.5, Diff: 2.5, Sum: 13.1]
         [Processed Buffers: Min: 0, Avg: 6.1, Max: 13, Diff: 13, Sum: 49]
      [Scan RS (ms): Min: 0.0, Avg: 0.1, Max: 0.2, Diff: 0.1, Sum: 0.4]
      [Code Root Scanning (ms): Min: 0.0, Avg: 0.0, Max: 0.0, Diff: 0.0, Sum: 0.0]
      [Object Copy (ms): Min: 0.1, Avg: 2.1, Max: 2.6, Diff: 2.5, Sum: 17.2]
      [Termination (ms): Min: 0.0, Avg: 0.0, Max: 0.0, Diff: 0.0, Sum: 0.0]
         [Termination Attempts: Min: 1, Avg: 15.2, Max: 26, Diff: 25, Sum: 122]
      [GC Worker Other (ms): Min: 0.0, Avg: 0.1, Max: 0.1, Diff: 0.1, Sum: 0.4]
      [GC Worker Total (ms): Min: 5.4, Avg: 5.5, Max: 5.6, Diff: 0.2, Sum: 43.9]
      [GC Worker End (ms): Min: 739460554.6, Avg: 739460554.6, Max: 739460554.6, Diff: 0.1]
   [Code Root Fixup: 0.0 ms]
   [Code Root Purge: 0.0 ms]
   [Clear CT: 0.7 ms]
   [Other: 4.6 ms]
      [Choose CSet: 0.0 ms]
      [Ref Proc: 4.0 ms]
      [Ref Enq: 0.1 ms]
      [Redirty Cards: 0.1 ms]
      [Humongous Register: 0.1 ms]
      [Humongous Reclaim: 0.0 ms]
      [Free CSet: 0.3 ms]
   [Eden: 7152.0M(7152.0M)->0.0B(7152.0M) Survivors: 16384.0K->16384.0K Heap: 10770.5M(14336.0M)->3623.0M(14336.0M)]
 [Times: user=0.06 sys=0.00, real=0.01 secs] 
2022-07-30T10:36:46.016-0700: 739577.521: [GC pause (G1 Evacuation Pause) (young) (initial-mark), 0.0178432 secs]
   [Parallel Time: 12.9 ms, GC Workers: 8]
      [GC Worker Start (ms): Min: 739577523.5, Avg: 739577523.6, Max: 739577523.7, Diff: 0.2]
      [Ext Root Scanning (ms): Min: 6.0, Avg: 6.3, Max: 6.7, Diff: 0.7, Sum: 50.6]
      [Update RS (ms): Min: 1.3, Avg: 1.4, Max: 1.9, Diff: 0.7, Sum: 11.6]
         [Processed Buffers: Min: 3, Avg: 5.1, Max: 14, Diff: 11, Sum: 41]
      [Scan RS (ms): Min: 0.0, Avg: 0.0, Max: 0.1, Diff: 0.1, Sum: 0.4]
      [Code Root Scanning (ms): Min: 0.0, Avg: 0.0, Max: 0.0, Diff: 0.0, Sum: 0.0]
      [Object Copy (ms): Min: 1.6, Avg: 2.4, Max: 2.8, Diff: 1.3, Sum: 19.4]
      [Termination (ms): Min: 0.0, Avg: 0.0, Max: 0.0, Diff: 0.0, Sum: 0.1]
         [Termination Attempts: Min: 16, Avg: 22.5, Max: 31, Diff: 15, Sum: 180]
      [GC Worker Other (ms): Min: 0.0, Avg: 0.0, Max: 0.1, Diff: 0.1, Sum: 0.4]
      [GC Worker Total (ms): Min: 10.2, Avg: 10.3, Max: 10.4, Diff: 0.2, Sum: 82.5]
      [GC Worker End (ms): Min: 739577533.9, Avg: 739577533.9, Max: 739577533.9, Diff: 0.1]
   [Code Root Fixup: 0.0 ms]
   [Code Root Purge: 0.0 ms]
   [Clear CT: 0.7 ms]
   [Other: 4.2 ms]
      [Choose CSet: 0.0 ms]
      [Ref Proc: 3.5 ms]
      [Ref Enq: 0.1 ms]
      [Redirty Cards: 0.1 ms]
      [Humongous Register: 0.0 ms]
      [Humongous Reclaim: 0.0 ms]
      [Free CSet: 0.3 ms]
   [Eden: 7152.0M(7152.0M)->0.0B(7152.0M) Survivors: 16384.0K->16384.0K Heap: 10775.0M(14336.0M)->3621.6M(14336.0M)]
 [Times: user=0.08 sys=0.00, real=0.01 secs] 
2022-07-30T10:36:46.034-0700: 739577.539: [GC concurrent-root-region-scan-start]
2022-07-30T10:36:46.044-0700: 739577.549: [GC concurrent-root-region-scan-end, 0.0097594 secs]
2022-07-30T10:36:46.044-0700: 739577.549: [GC concurrent-mark-start]
2022-07-30T10:36:48.730-0700: 739580.235: [GC concurrent-mark-end, 2.6857199 secs]
2022-07-30T10:36:48.730-0700: 739580.235: [GC remark 2022-07-30T10:36:48.730-0700: 739580.235: [Finalize Marking, 0.0002278 secs] 2022-07-30T10:36:48.731-0700: 739580.235: [GC ref-proc, 0.0112425 secs] 2022-07-30T10:36:48.742-0700: 739580.247: [Unloading, 0.0299778 secs], 0.0474007 secs]
 [Times: user=0.27 sys=0.00, real=0.05 secs] 
2022-07-30T10:36:48.778-0700: 739580.283: [GC cleanup 3829M->3829M(14336M), 0.0089888 secs]
 [Times: user=0.07 sys=0.00, real=0.01 secs] 
2022-07-30T10:38:41.033-0700: 739692.538: [GC pause (G1 Evacuation Pause) (young), 0.0119658 secs]
   [Parallel Time: 6.3 ms, GC Workers: 8]
      [GC Worker Start (ms): Min: 739692538.1, Avg: 739692538.2, Max: 739692538.3, Diff: 0.2]
      [Ext Root Scanning (ms): Min: 1.1, Avg: 2.0, Max: 5.6, Diff: 4.5, Sum: 15.8]
      [Update RS (ms): Min: 0.0, Avg: 1.6, Max: 2.3, Diff: 2.3, Sum: 12.7]
         [Processed Buffers: Min: 0, Avg: 5.9, Max: 11, Diff: 11, Sum: 47]
      [Scan RS (ms): Min: 0.0, Avg: 0.1, Max: 0.1, Diff: 0.1, Sum: 0.4]
      [Code Root Scanning (ms): Min: 0.0, Avg: 0.0, Max: 0.0, Diff: 0.0, Sum: 0.0]
      [Object Copy (ms): Min: 0.2, Avg: 2.2, Max: 2.6, Diff: 2.4, Sum: 17.5]
      [Termination (ms): Min: 0.0, Avg: 0.0, Max: 0.0, Diff: 0.0, Sum: 0.1]
         [Termination Attempts: Min: 25, Avg: 27.4, Max: 34, Diff: 9, Sum: 219]
      [GC Worker Other (ms): Min: 0.0, Avg: 0.1, Max: 0.1, Diff: 0.1, Sum: 0.4]
      [GC Worker Total (ms): Min: 5.8, Avg: 5.9, Max: 6.0, Diff: 0.2, Sum: 47.0]
      [GC Worker End (ms): Min: 739692544.1, Avg: 739692544.1, Max: 739692544.2, Diff: 0.1]
   [Code Root Fixup: 0.0 ms]
   [Code Root Purge: 0.0 ms]
   [Clear CT: 0.8 ms]
   [Other: 5.0 ms]
      [Choose CSet: 0.0 ms]
      [Ref Proc: 4.1 ms]
      [Ref Enq: 0.2 ms]
      [Redirty Cards: 0.1 ms]
      [Humongous Register: 0.1 ms]
      [Humongous Reclaim: 0.0 ms]
      [Free CSet: 0.3 ms]
   [Eden: 7152.0M(7152.0M)->0.0B(7152.0M) Survivors: 16384.0K->16384.0K Heap: 10773.6M(14336.0M)->3626.0M(14336.0M)]
 [Times: user=0.06 sys=0.00, real=0.02 secs] 
2022-07-30T10:40:39.213-0700: 739810.717: [GC pause (G1 Evacuation Pause) (young), 0.0094940 secs]
   [Parallel Time: 6.4 ms, GC Workers: 8]
      [GC Worker Start (ms): Min: 739810717.5, Avg: 739810717.5, Max: 739810717.6, Diff: 0.1]
      [Ext Root Scanning (ms): Min: 1.2, Avg: 1.9, Max: 5.8, Diff: 4.5, Sum: 15.4]
      [Update RS (ms): Min: 0.0, Avg: 1.9, Max: 2.8, Diff: 2.8, Sum: 15.5]
         [Processed Buffers: Min: 0, Avg: 5.5, Max: 11, Diff: 11, Sum: 44]
      [Scan RS (ms): Min: 0.0, Avg: 0.1, Max: 0.2, Diff: 0.1, Sum: 0.5]
      [Code Root Scanning (ms): Min: 0.0, Avg: 0.0, Max: 0.0, Diff: 0.0, Sum: 0.0]
      [Object Copy (ms): Min: 0.4, Avg: 2.3, Max: 2.8, Diff: 2.3, Sum: 18.3]
      [Termination (ms): Min: 0.0, Avg: 0.0, Max: 0.0, Diff: 0.0, Sum: 0.0]
         [Termination Attempts: Min: 1, Avg: 1.0, Max: 1, Diff: 0, Sum: 8]
      [GC Worker Other (ms): Min: 0.0, Avg: 0.1, Max: 0.1, Diff: 0.1, Sum: 0.5]
      [GC Worker Total (ms): Min: 6.2, Avg: 6.3, Max: 6.3, Diff: 0.1, Sum: 50.1]
      [GC Worker End (ms): Min: 739810723.8, Avg: 739810723.8, Max: 739810723.8, Diff: 0.1]
   [Code Root Fixup: 0.0 ms]
   [Code Root Purge: 0.0 ms]
   [Clear CT: 0.7 ms]
   [Other: 2.4 ms]
      [Choose CSet: 0.0 ms]
      [Ref Proc: 1.8 ms]
      [Ref Enq: 0.1 ms]
      [Redirty Cards: 0.1 ms]
      [Humongous Register: 0.1 ms]
      [Humongous Reclaim: 0.0 ms]
      [Free CSet: 0.3 ms]
   [Eden: 7152.0M(7152.0M)->0.0B(7152.0M) Survivors: 16384.0K->16384.0K Heap: 10778.0M(14336.0M)->3623.6M(14336.0M)]
 [Times: user=0.06 sys=0.00, real=0.01 secs] 
2022-07-30T10:42:37.862-0700: 739929.367: [GC pause (G1 Evacuation Pause) (young) (initial-mark), 0.0153768 secs]
   [Parallel Time: 11.3 ms, GC Workers: 8]
      [GC Worker Start (ms): Min: 739929368.9, Avg: 739929369.0, Max: 739929369.0, Diff: 0.1]
      [Ext Root Scanning (ms): Min: 5.1, Avg: 5.4, Max: 5.8, Diff: 0.7, Sum: 43.1]
      [Update RS (ms): Min: 1.2, Avg: 1.4, Max: 1.8, Diff: 0.6, Sum: 11.1]
         [Processed Buffers: Min: 3, Avg: 5.6, Max: 15, Diff: 12, Sum: 45]
      [Scan RS (ms): Min: 0.0, Avg: 0.0, Max: 0.1, Diff: 0.1, Sum: 0.4]
      [Code Root Scanning (ms): Min: 0.0, Avg: 0.0, Max: 0.0, Diff: 0.0, Sum: 0.0]
      [Object Copy (ms): Min: 1.2, Avg: 1.9, Max: 2.4, Diff: 1.2, Sum: 15.6]
      [Termination (ms): Min: 0.0, Avg: 0.0, Max: 0.0, Diff: 0.0, Sum: 0.1]
         [Termination Attempts: Min: 15, Avg: 18.6, Max: 23, Diff: 8, Sum: 149]
      [GC Worker Other (ms): Min: 0.0, Avg: 0.0, Max: 0.1, Diff: 0.1, Sum: 0.4]
      [GC Worker Total (ms): Min: 8.7, Avg: 8.8, Max: 8.9, Diff: 0.2, Sum: 70.6]
      [GC Worker End (ms): Min: 739929377.7, Avg: 739929377.8, Max: 739929377.8, Diff: 0.1]
   [Code Root Fixup: 0.0 ms]
   [Code Root Purge: 0.0 ms]
   [Clear CT: 0.7 ms]
   [Other: 3.4 ms]
      [Choose CSet: 0.0 ms]
      [Ref Proc: 2.7 ms]
      [Ref Enq: 0.1 ms]
      [Redirty Cards: 0.1 ms]
      [Humongous Register: 0.0 ms]
      [Humongous Reclaim: 0.0 ms]
      [Free CSet: 0.3 ms]
   [Eden: 7152.0M(7152.0M)->0.0B(7152.0M) Survivors: 16384.0K->16384.0K Heap: 10775.6M(14336.0M)->3624.6M(14336.0M)]
 [Times: user=0.07 sys=0.01, real=0.02 secs] 
2022-07-30T10:42:37.877-0700: 739929.382: [GC concurrent-root-region-scan-start]
2022-07-30T10:42:37.887-0700: 739929.392: [GC concurrent-root-region-scan-end, 0.0093921 secs]
2022-07-30T10:42:37.887-0700: 739929.392: [GC concurrent-mark-start]
2022-07-30T10:42:40.586-0700: 739932.091: [GC concurrent-mark-end, 2.6989212 secs]
2022-07-30T10:42:40.586-0700: 739932.091: [GC remark 2022-07-30T10:42:40.586-0700: 739932.091: [Finalize Marking, 0.0001769 secs] 2022-07-30T10:42:40.586-0700: 739932.091: [GC ref-proc, 0.0071143 secs] 2022-07-30T10:42:40.593-0700: 739932.098: [Unloading, 0.0276166 secs], 0.0406281 secs]
 [Times: user=0.26 sys=0.00, real=0.04 secs] 
2022-07-30T10:42:40.627-0700: 739932.132: [GC cleanup 3789M->3789M(14336M), 0.0086437 secs]
 [Times: user=0.07 sys=0.00, real=0.01 secs] 
2022-07-30T10:44:35.619-0700: 740047.123: [GC pause (G1 Evacuation Pause) (young), 0.0095400 secs]
   [Parallel Time: 5.9 ms, GC Workers: 8]
      [GC Worker Start (ms): Min: 740047123.5, Avg: 740047123.5, Max: 740047123.6, Diff: 0.1]
      [Ext Root Scanning (ms): Min: 1.2, Avg: 2.0, Max: 5.6, Diff: 4.4, Sum: 15.7]
      [Update RS (ms): Min: 0.0, Avg: 1.5, Max: 2.3, Diff: 2.3, Sum: 11.9]
         [Processed Buffers: Min: 0, Avg: 5.5, Max: 12, Diff: 12, Sum: 44]
      [Scan RS (ms): Min: 0.0, Avg: 0.1, Max: 0.1, Diff: 0.1, Sum: 0.4]
      [Code Root Scanning (ms): Min: 0.0, Avg: 0.0, Max: 0.0, Diff: 0.0, Sum: 0.0]
      [Object Copy (ms): Min: 0.0, Avg: 2.1, Max: 2.6, Diff: 2.6, Sum: 16.8]
      [Termination (ms): Min: 0.0, Avg: 0.0, Max: 0.0, Diff: 0.0, Sum: 0.0]
         [Termination Attempts: Min: 1, Avg: 1.0, Max: 1, Diff: 0, Sum: 8]
      [GC Worker Other (ms): Min: 0.0, Avg: 0.0, Max: 0.1, Diff: 0.0, Sum: 0.3]
      [GC Worker Total (ms): Min: 5.6, Avg: 5.6, Max: 5.7, Diff: 0.1, Sum: 45.1]
      [GC Worker End (ms): Min: 740047129.1, Avg: 740047129.2, Max: 740047129.2, Diff: 0.0]
   [Code Root Fixup: 0.0 ms]
   [Code Root Purge: 0.0 ms]
   [Clear CT: 0.7 ms]
   [Other: 2.9 ms]
      [Choose CSet: 0.0 ms]
      [Ref Proc: 2.3 ms]
      [Ref Enq: 0.1 ms]
      [Redirty Cards: 0.1 ms]
      [Humongous Register: 0.0 ms]
      [Humongous Reclaim: 0.0 ms]
      [Free CSet: 0.3 ms]
   [Eden: 7152.0M(7152.0M)->0.0B(7152.0M) Survivors: 16384.0K->16384.0K Heap: 10776.6M(14336.0M)->3628.2M(14336.0M)]
 [Times: user=0.06 sys=0.00, real=0.01 secs] 
2022-07-30T10:46:33.117-0700: 740164.622: [GC pause (G1 Evacuation Pause) (young), 0.0109747 secs]
   [Parallel Time: 6.1 ms, GC Workers: 8]
      [GC Worker Start (ms): Min: 740164622.2, Avg: 740164622.3, Max: 740164622.3, Diff: 0.1]
      [Ext Root Scanning (ms): Min: 1.1, Avg: 1.9, Max: 5.8, Diff: 4.6, Sum: 15.5]
      [Update RS (ms): Min: 0.0, Avg: 1.4, Max: 2.1, Diff: 2.1, Sum: 10.8]
         [Processed Buffers: Min: 0, Avg: 5.0, Max: 11, Diff: 11, Sum: 40]
      [Scan RS (ms): Min: 0.0, Avg: 0.1, Max: 0.1, Diff: 0.1, Sum: 0.4]
      [Code Root Scanning (ms): Min: 0.0, Avg: 0.0, Max: 0.0, Diff: 0.0, Sum: 0.0]
      [Object Copy (ms): Min: 0.0, Avg: 1.9, Max: 2.4, Diff: 2.4, Sum: 15.5]
      [Termination (ms): Min: 0.0, Avg: 0.5, Max: 0.6, Diff: 0.6, Sum: 3.9]
         [Termination Attempts: Min: 1, Avg: 1.5, Max: 3, Diff: 2, Sum: 12]
      [GC Worker Other (ms): Min: 0.0, Avg: 0.0, Max: 0.0, Diff: 0.0, Sum: 0.1]
      [GC Worker Total (ms): Min: 5.7, Avg: 5.8, Max: 5.8, Diff: 0.1, Sum: 46.3]
      [GC Worker End (ms): Min: 740164628.0, Avg: 740164628.0, Max: 740164628.1, Diff: 0.0]
   [Code Root Fixup: 0.0 ms]
   [Code Root Purge: 0.0 ms]
   [Clear CT: 0.7 ms]
   [Other: 4.1 ms]
      [Choose CSet: 0.0 ms]
      [Ref Proc: 3.5 ms]
      [Ref Enq: 0.1 ms]
      [Redirty Cards: 0.1 ms]
      [Humongous Register: 0.1 ms]
      [Humongous Reclaim: 0.0 ms]
      [Free CSet: 0.3 ms]
   [Eden: 7152.0M(7152.0M)->0.0B(7152.0M) Survivors: 16384.0K->16384.0K Heap: 10780.2M(14336.0M)->3625.2M(14336.0M)]
 [Times: user=0.06 sys=0.00, real=0.01 secs] 
2022-07-30T10:48:31.118-0700: 740282.622: [GC pause (G1 Evacuation Pause) (young) (initial-mark), 0.0169192 secs]
   [Parallel Time: 12.1 ms, GC Workers: 8]
      [GC Worker Start (ms): Min: 740282624.5, Avg: 740282624.6, Max: 740282624.6, Diff: 0.1]
      [Ext Root Scanning (ms): Min: 5.7, Avg: 5.9, Max: 6.1, Diff: 0.4, Sum: 47.0]
      [Update RS (ms): Min: 1.4, Avg: 1.6, Max: 2.0, Diff: 0.6, Sum: 12.6]
         [Processed Buffers: Min: 3, Avg: 5.4, Max: 11, Diff: 8, Sum: 43]
      [Scan RS (ms): Min: 0.0, Avg: 0.0, Max: 0.1, Diff: 0.1, Sum: 0.4]
      [Code Root Scanning (ms): Min: 0.0, Avg: 0.0, Max: 0.0, Diff: 0.0, Sum: 0.0]
      [Object Copy (ms): Min: 1.8, Avg: 2.1, Max: 2.4, Diff: 0.6, Sum: 16.9]
      [Termination (ms): Min: 0.0, Avg: 0.0, Max: 0.0, Diff: 0.0, Sum: 0.3]
         [Termination Attempts: Min: 30, Avg: 36.0, Max: 44, Diff: 14, Sum: 288]
      [GC Worker Other (ms): Min: 0.0, Avg: 0.1, Max: 0.1, Diff: 0.1, Sum: 0.4]
      [GC Worker Total (ms): Min: 9.6, Avg: 9.7, Max: 9.7, Diff: 0.1, Sum: 77.5]
      [GC Worker End (ms): Min: 740282634.2, Avg: 740282634.2, Max: 740282634.3, Diff: 0.1]
   [Code Root Fixup: 0.0 ms]
   [Code Root Purge: 0.0 ms]
   [Clear CT: 0.7 ms]
   [Other: 4.1 ms]
      [Choose CSet: 0.0 ms]
      [Ref Proc: 3.4 ms]
      [Ref Enq: 0.1 ms]
      [Redirty Cards: 0.1 ms]
      [Humongous Register: 0.0 ms]
      [Humongous Reclaim: 0.0 ms]
      [Free CSet: 0.3 ms]
   [Eden: 7152.0M(7152.0M)->0.0B(7152.0M) Survivors: 16384.0K->16384.0K Heap: 10777.2M(14336.0M)->3630.0M(14336.0M)]
 [Times: user=0.07 sys=0.02, real=0.02 secs] 
2022-07-30T10:48:31.135-0700: 740282.639: [GC concurrent-root-region-scan-start]
2022-07-30T10:48:31.144-0700: 740282.649: [GC concurrent-root-region-scan-end, 0.0095915 secs]
2022-07-30T10:48:31.144-0700: 740282.649: [GC concurrent-mark-start]
2022-07-30T10:48:33.934-0700: 740285.439: [GC concurrent-mark-end, 2.7896064 secs]
2022-07-30T10:48:33.934-0700: 740285.439: [GC remark 2022-07-30T10:48:33.934-0700: 740285.439: [Finalize Marking, 0.0003866 secs] 2022-07-30T10:48:33.935-0700: 740285.439: [GC ref-proc, 0.0075009 secs] 2022-07-30T10:48:33.942-0700: 740285.447: [Unloading, 0.0276373 secs], 0.0414367 secs]
 [Times: user=0.26 sys=0.00, real=0.05 secs] 
2022-07-30T10:48:33.976-0700: 740285.481: [GC cleanup 3845M->3845M(14336M), 0.0092460 secs]
 [Times: user=0.06 sys=0.00, real=0.01 secs] 
2022-07-30T10:50:29.907-0700: 740401.412: [GC pause (G1 Evacuation Pause) (young), 0.0114238 secs]
   [Parallel Time: 6.8 ms, GC Workers: 8]
      [GC Worker Start (ms): Min: 740401412.1, Avg: 740401412.2, Max: 740401412.3, Diff: 0.2]
      [Ext Root Scanning (ms): Min: 1.3, Avg: 2.0, Max: 5.9, Diff: 4.6, Sum: 16.3]
      [Update RS (ms): Min: 0.0, Avg: 1.9, Max: 2.8, Diff: 2.8, Sum: 14.9]
         [Processed Buffers: Min: 0, Avg: 5.0, Max: 12, Diff: 12, Sum: 40]
      [Scan RS (ms): Min: 0.0, Avg: 0.1, Max: 0.1, Diff: 0.1, Sum: 0.5]
      [Code Root Scanning (ms): Min: 0.0, Avg: 0.0, Max: 0.0, Diff: 0.0, Sum: 0.0]
      [Object Copy (ms): Min: 0.4, Avg: 2.3, Max: 2.8, Diff: 2.4, Sum: 18.6]
      [Termination (ms): Min: 0.0, Avg: 0.0, Max: 0.0, Diff: 0.0, Sum: 0.1]
         [Termination Attempts: Min: 21, Avg: 27.4, Max: 33, Diff: 12, Sum: 219]
      [GC Worker Other (ms): Min: 0.0, Avg: 0.1, Max: 0.2, Diff: 0.2, Sum: 0.5]
      [GC Worker Total (ms): Min: 6.2, Avg: 6.4, Max: 6.5, Diff: 0.3, Sum: 51.0]
      [GC Worker End (ms): Min: 740401418.5, Avg: 740401418.6, Max: 740401418.7, Diff: 0.2]
   [Code Root Fixup: 0.0 ms]
   [Code Root Purge: 0.0 ms]
   [Clear CT: 0.7 ms]
   [Other: 3.9 ms]
      [Choose CSet: 0.0 ms]
      [Ref Proc: 3.2 ms]
      [Ref Enq: 0.1 ms]
      [Redirty Cards: 0.1 ms]
      [Humongous Register: 0.1 ms]
      [Humongous Reclaim: 0.0 ms]
      [Free CSet: 0.3 ms]
   [Eden: 7152.0M(7152.0M)->0.0B(7152.0M) Survivors: 16384.0K->16384.0K Heap: 10782.0M(14336.0M)->3627.9M(14336.0M)]
 [Times: user=0.06 sys=0.00, real=0.01 secs] 
2022-07-30T10:52:25.069-0700: 740516.574: [GC pause (G1 Evacuation Pause) (young), 0.0111974 secs]
   [Parallel Time: 6.5 ms, GC Workers: 8]
      [GC Worker Start (ms): Min: 740516574.2, Avg: 740516574.3, Max: 740516574.3, Diff: 0.2]
      [Ext Root Scanning (ms): Min: 0.9, Avg: 1.7, Max: 5.8, Diff: 4.8, Sum: 13.9]
      [Update RS (ms): Min: 0.0, Avg: 1.6, Max: 2.2, Diff: 2.2, Sum: 13.2]
         [Processed Buffers: Min: 0, Avg: 5.6, Max: 11, Diff: 11, Sum: 45]
      [Scan RS (ms): Min: 0.0, Avg: 0.1, Max: 0.1, Diff: 0.1, Sum: 0.4]
      [Code Root Scanning (ms): Min: 0.0, Avg: 0.0, Max: 0.0, Diff: 0.0, Sum: 0.0]
      [Object Copy (ms): Min: 0.4, Avg: 2.7, Max: 3.2, Diff: 2.8, Sum: 21.5]
      [Termination (ms): Min: 0.0, Avg: 0.0, Max: 0.0, Diff: 0.0, Sum: 0.0]
         [Termination Attempts: Min: 1, Avg: 1.0, Max: 1, Diff: 0, Sum: 8]
      [GC Worker Other (ms): Min: 0.0, Avg: 0.0, Max: 0.1, Diff: 0.1, Sum: 0.4]
      [GC Worker Total (ms): Min: 6.1, Avg: 6.2, Max: 6.3, Diff: 0.2, Sum: 49.4]
      [GC Worker End (ms): Min: 740516580.4, Avg: 740516580.4, Max: 740516580.5, Diff: 0.1]
   [Code Root Fixup: 0.0 ms]
   [Code Root Purge: 0.0 ms]
   [Clear CT: 0.8 ms]
   [Other: 3.9 ms]
      [Choose CSet: 0.0 ms]
      [Ref Proc: 3.3 ms]
      [Ref Enq: 0.1 ms]
      [Redirty Cards: 0.1 ms]
      [Humongous Register: 0.1 ms]
      [Humongous Reclaim: 0.0 ms]
      [Free CSet: 0.3 ms]
   [Eden: 7152.0M(7152.0M)->0.0B(7152.0M) Survivors: 16384.0K->16384.0K Heap: 10779.9M(14336.0M)->3635.2M(14336.0M)]
 [Times: user=0.06 sys=0.00, real=0.01 secs] 
2022-07-30T10:54:20.912-0700: 740632.417: [GC pause (GCLocker Initiated GC) (young) (initial-mark), 0.0169835 secs]
   [Parallel Time: 12.8 ms, GC Workers: 8]
      [GC Worker Start (ms): Min: 740632419.0, Avg: 740632419.1, Max: 740632419.2, Diff: 0.1]
      [Ext Root Scanning (ms): Min: 5.4, Avg: 5.7, Max: 5.9, Diff: 0.5, Sum: 45.3]
      [Update RS (ms): Min: 1.2, Avg: 1.5, Max: 2.1, Diff: 0.9, Sum: 12.1]
         [Processed Buffers: Min: 3, Avg: 5.8, Max: 9, Diff: 6, Sum: 46]
      [Scan RS (ms): Min: 0.0, Avg: 0.1, Max: 0.1, Diff: 0.1, Sum: 0.4]
      [Code Root Scanning (ms): Min: 0.0, Avg: 0.0, Max: 0.0, Diff: 0.0, Sum: 0.0]
      [Object Copy (ms): Min: 2.0, Avg: 2.8, Max: 3.1, Diff: 1.1, Sum: 22.2]
      [Termination (ms): Min: 0.0, Avg: 0.0, Max: 0.0, Diff: 0.0, Sum: 0.0]
         [Termination Attempts: Min: 1, Avg: 1.0, Max: 1, Diff: 0, Sum: 8]
      [GC Worker Other (ms): Min: 0.0, Avg: 0.1, Max: 0.3, Diff: 0.3, Sum: 1.1]
      [GC Worker Total (ms): Min: 10.0, Avg: 10.1, Max: 10.3, Diff: 0.2, Sum: 81.1]
      [GC Worker End (ms): Min: 740632429.1, Avg: 740632429.3, Max: 740632429.4, Diff: 0.3]
   [Code Root Fixup: 0.0 ms]
   [Code Root Purge: 0.0 ms]
   [Clear CT: 0.8 ms]
   [Other: 3.4 ms]
      [Choose CSet: 0.0 ms]
      [Ref Proc: 2.7 ms]
      [Ref Enq: 0.1 ms]
      [Redirty Cards: 0.1 ms]
      [Humongous Register: 0.0 ms]
      [Humongous Reclaim: 0.0 ms]
      [Free CSet: 0.3 ms]
   [Eden: 7168.0M(7152.0M)->0.0B(7152.0M) Survivors: 16384.0K->16384.0K Heap: 10795.2M(14336.0M)->3642.1M(14336.0M)]
 [Times: user=0.09 sys=0.00, real=0.02 secs] 
2022-07-30T10:54:20.929-0700: 740632.434: [GC concurrent-root-region-scan-start]
2022-07-30T10:54:20.938-0700: 740632.443: [GC concurrent-root-region-scan-end, 0.0088769 secs]
2022-07-30T10:54:20.938-0700: 740632.443: [GC concurrent-mark-start]
2022-07-30T10:54:23.899-0700: 740635.404: [GC concurrent-mark-end, 2.9612729 secs]
2022-07-30T10:54:23.900-0700: 740635.404: [GC remark 2022-07-30T10:54:23.900-0700: 740635.404: [Finalize Marking, 0.0001427 secs] 2022-07-30T10:54:23.900-0700: 740635.404: [GC ref-proc, 0.0066819 secs] 2022-07-30T10:54:23.906-0700: 740635.411: [Unloading, 0.0274502 secs], 0.0400683 secs]
 [Times: user=0.26 sys=0.00, real=0.04 secs] 
2022-07-30T10:54:23.940-0700: 740635.445: [GC cleanup 3818M->3818M(14336M), 0.0090015 secs]
 [Times: user=0.06 sys=0.00, real=0.01 secs] 
2022-07-30T10:56:20.146-0700: 740751.651: [GC pause (G1 Evacuation Pause) (young), 0.0120750 secs]
   [Parallel Time: 8.0 ms, GC Workers: 8]
      [GC Worker Start (ms): Min: 740751651.0, Avg: 740751651.1, Max: 740751651.2, Diff: 0.2]
      [Ext Root Scanning (ms): Min: 1.2, Avg: 2.0, Max: 6.4, Diff: 5.2, Sum: 16.4]
      [Update RS (ms): Min: 0.0, Avg: 3.0, Max: 4.2, Diff: 4.2, Sum: 24.3]
         [Processed Buffers: Min: 0, Avg: 8.5, Max: 12, Diff: 12, Sum: 68]
      [Scan RS (ms): Min: 0.0, Avg: 0.1, Max: 0.1, Diff: 0.1, Sum: 0.4]
      [Code Root Scanning (ms): Min: 0.0, Avg: 0.0, Max: 0.0, Diff: 0.0, Sum: 0.0]
      [Object Copy (ms): Min: 1.1, Avg: 2.3, Max: 2.7, Diff: 1.6, Sum: 18.6]
      [Termination (ms): Min: 0.0, Avg: 0.0, Max: 0.0, Diff: 0.0, Sum: 0.1]
         [Termination Attempts: Min: 14, Avg: 21.5, Max: 27, Diff: 13, Sum: 172]
      [GC Worker Other (ms): Min: 0.0, Avg: 0.1, Max: 0.2, Diff: 0.2, Sum: 0.8]
      [GC Worker Total (ms): Min: 7.4, Avg: 7.6, Max: 7.7, Diff: 0.3, Sum: 60.6]
      [GC Worker End (ms): Min: 740751658.6, Avg: 740751658.7, Max: 740751658.8, Diff: 0.2]
   [Code Root Fixup: 0.0 ms]
   [Code Root Purge: 0.0 ms]
   [Clear CT: 0.7 ms]
   [Other: 3.4 ms]
      [Choose CSet: 0.0 ms]
      [Ref Proc: 2.7 ms]
      [Ref Enq: 0.1 ms]
      [Redirty Cards: 0.1 ms]
      [Humongous Register: 0.1 ms]
      [Humongous Reclaim: 0.0 ms]
      [Free CSet: 0.3 ms]
   [Eden: 7152.0M(7152.0M)->0.0B(5712.0M) Survivors: 16384.0K->16384.0K Heap: 10794.1M(14336.0M)->3640.6M(14336.0M)]
 [Times: user=0.08 sys=0.00, real=0.01 secs] 
2022-07-30T10:57:52.820-0700: 740844.325: [GC pause (G1 Evacuation Pause) (mixed), 0.0100952 secs]
   [Parallel Time: 6.6 ms, GC Workers: 8]
      [GC Worker Start (ms): Min: 740844325.4, Avg: 740844325.5, Max: 740844325.5, Diff: 0.2]
      [Ext Root Scanning (ms): Min: 0.9, Avg: 1.8, Max: 6.3, Diff: 5.4, Sum: 14.1]
      [Update RS (ms): Min: 0.0, Avg: 1.3, Max: 1.9, Diff: 1.9, Sum: 10.7]
         [Processed Buffers: Min: 0, Avg: 5.2, Max: 11, Diff: 11, Sum: 42]
      [Scan RS (ms): Min: 0.0, Avg: 0.3, Max: 0.5, Diff: 0.5, Sum: 2.6]
      [Code Root Scanning (ms): Min: 0.0, Avg: 0.0, Max: 0.0, Diff: 0.0, Sum: 0.0]
      [Object Copy (ms): Min: 0.0, Avg: 2.5, Max: 3.0, Diff: 3.0, Sum: 20.1]
      [Termination (ms): Min: 0.0, Avg: 0.3, Max: 0.4, Diff: 0.4, Sum: 2.7]
         [Termination Attempts: Min: 1, Avg: 18.1, Max: 30, Diff: 29, Sum: 145]
      [GC Worker Other (ms): Min: 0.0, Avg: 0.0, Max: 0.1, Diff: 0.0, Sum: 0.2]
      [GC Worker Total (ms): Min: 6.2, Avg: 6.3, Max: 6.4, Diff: 0.2, Sum: 50.5]
      [GC Worker End (ms): Min: 740844331.8, Avg: 740844331.8, Max: 740844331.8, Diff: 0.0]
   [Code Root Fixup: 0.0 ms]
   [Code Root Purge: 0.0 ms]
   [Clear CT: 0.5 ms]
   [Other: 3.0 ms]
      [Choose CSet: 0.0 ms]
      [Ref Proc: 2.3 ms]
      [Ref Enq: 0.1 ms]
      [Redirty Cards: 0.1 ms]
      [Humongous Register: 0.1 ms]
      [Humongous Reclaim: 0.0 ms]
      [Free CSet: 0.2 ms]
   [Eden: 5712.0M(5712.0M)->0.0B(7152.0M) Survivors: 16384.0K->16384.0K Heap: 9352.6M(14336.0M)->3625.8M(14336.0M)]
 [Times: user=0.06 sys=0.00, real=0.01 secs] 
2022-07-30T10:59:49.221-0700: 740960.726: [GC pause (G1 Evacuation Pause) (young), 0.0104524 secs]
   [Parallel Time: 5.8 ms, GC Workers: 8]
      [GC Worker Start (ms): Min: 740960725.9, Avg: 740960726.0, Max: 740960726.1, Diff: 0.1]
      [Ext Root Scanning (ms): Min: 0.9, Avg: 1.6, Max: 5.3, Diff: 4.5, Sum: 12.7]
      [Update RS (ms): Min: 0.0, Avg: 2.0, Max: 2.5, Diff: 2.5, Sum: 15.9]
         [Processed Buffers: Min: 0, Avg: 7.1, Max: 14, Diff: 14, Sum: 57]
      [Scan RS (ms): Min: 0.0, Avg: 0.0, Max: 0.1, Diff: 0.1, Sum: 0.4]
      [Code Root Scanning (ms): Min: 0.0, Avg: 0.0, Max: 0.0, Diff: 0.0, Sum: 0.0]
      [Object Copy (ms): Min: 0.3, Avg: 1.9, Max: 2.4, Diff: 2.1, Sum: 15.4]
      [Termination (ms): Min: 0.0, Avg: 0.0, Max: 0.0, Diff: 0.0, Sum: 0.0]
         [Termination Attempts: Min: 1, Avg: 4.0, Max: 5, Diff: 4, Sum: 32]
      [GC Worker Other (ms): Min: 0.0, Avg: 0.0, Max: 0.1, Diff: 0.1, Sum: 0.4]
      [GC Worker Total (ms): Min: 5.5, Avg: 5.6, Max: 5.7, Diff: 0.2, Sum: 44.8]
      [GC Worker End (ms): Min: 740960731.6, Avg: 740960731.6, Max: 740960731.7, Diff: 0.1]
   [Code Root Fixup: 0.0 ms]
   [Code Root Purge: 0.0 ms]
   [Clear CT: 0.7 ms]
   [Other: 3.9 ms]
      [Choose CSet: 0.0 ms]
      [Ref Proc: 3.2 ms]
      [Ref Enq: 0.2 ms]
      [Redirty Cards: 0.1 ms]
      [Humongous Register: 0.1 ms]
      [Humongous Reclaim: 0.0 ms]
      [Free CSet: 0.3 ms]
   [Eden: 7152.0M(7152.0M)->0.0B(7152.0M) Survivors: 16384.0K->16384.0K Heap: 10777.8M(14336.0M)->3631.4M(14336.0M)]
 [Times: user=0.06 sys=0.00, real=0.01 secs] 
2022-07-30T11:01:47.214-0700: 741078.719: [GC pause (G1 Evacuation Pause) (young) (initial-mark), 0.0152833 secs]
   [Parallel Time: 12.0 ms, GC Workers: 8]
      [GC Worker Start (ms): Min: 741078720.6, Avg: 741078720.7, Max: 741078720.7, Diff: 0.1]
      [Ext Root Scanning (ms): Min: 5.9, Avg: 6.1, Max: 6.3, Diff: 0.4, Sum: 48.9]
      [Update RS (ms): Min: 1.4, Avg: 1.7, Max: 2.2, Diff: 0.8, Sum: 13.2]
         [Processed Buffers: Min: 3, Avg: 5.2, Max: 12, Diff: 9, Sum: 42]
      [Scan RS (ms): Min: 0.0, Avg: 0.1, Max: 0.1, Diff: 0.1, Sum: 0.4]
      [Code Root Scanning (ms): Min: 0.0, Avg: 0.0, Max: 0.0, Diff: 0.0, Sum: 0.0]
      [Object Copy (ms): Min: 1.8, Avg: 2.2, Max: 2.6, Diff: 0.8, Sum: 17.9]
      [Termination (ms): Min: 0.0, Avg: 0.0, Max: 0.0, Diff: 0.0, Sum: 0.0]
         [Termination Attempts: Min: 2, Avg: 4.8, Max: 7, Diff: 5, Sum: 38]
      [GC Worker Other (ms): Min: 0.0, Avg: 0.1, Max: 0.1, Diff: 0.1, Sum: 0.5]
      [GC Worker Total (ms): Min: 10.0, Avg: 10.1, Max: 10.2, Diff: 0.2, Sum: 81.0]
      [GC Worker End (ms): Min: 741078730.7, Avg: 741078730.8, Max: 741078730.8, Diff: 0.1]
   [Code Root Fixup: 0.0 ms]
   [Code Root Purge: 0.0 ms]
   [Clear CT: 0.8 ms]
   [Other: 2.5 ms]
      [Choose CSet: 0.0 ms]
      [Ref Proc: 1.8 ms]
      [Ref Enq: 0.1 ms]
      [Redirty Cards: 0.1 ms]
      [Humongous Register: 0.0 ms]
      [Humongous Reclaim: 0.0 ms]
      [Free CSet: 0.3 ms]
   [Eden: 7152.0M(7152.0M)->0.0B(7152.0M) Survivors: 16384.0K->16384.0K Heap: 10783.4M(14336.0M)->3628.9M(14336.0M)]
 [Times: user=0.08 sys=0.00, real=0.02 secs] 
2022-07-30T11:01:47.229-0700: 741078.734: [GC concurrent-root-region-scan-start]
2022-07-30T11:01:47.242-0700: 741078.747: [GC concurrent-root-region-scan-end, 0.0125295 secs]
2022-07-30T11:01:47.242-0700: 741078.747: [GC concurrent-mark-start]
2022-07-30T11:01:49.960-0700: 741081.465: [GC concurrent-mark-end, 2.7177918 secs]
2022-07-30T11:01:49.960-0700: 741081.465: [GC remark 2022-07-30T11:01:49.960-0700: 741081.465: [Finalize Marking, 0.0005276 secs] 2022-07-30T11:01:49.961-0700: 741081.465: [GC ref-proc, 0.0072721 secs] 2022-07-30T11:01:49.968-0700: 741081.473: [Unloading, 0.0297704 secs], 0.0439573 secs]
 [Times: user=0.26 sys=0.00, real=0.05 secs] 
2022-07-30T11:01:50.004-0700: 741081.509: [GC cleanup 3805M->3805M(14336M), 0.0089626 secs]
 [Times: user=0.06 sys=0.00, real=0.00 secs] 
2022-07-30T11:03:45.270-0700: 741196.775: [GC pause (G1 Evacuation Pause) (young), 0.0116017 secs]
   [Parallel Time: 5.9 ms, GC Workers: 8]
      [GC Worker Start (ms): Min: 741196775.4, Avg: 741196775.5, Max: 741196775.5, Diff: 0.1]
      [Ext Root Scanning (ms): Min: 1.0, Avg: 1.7, Max: 5.6, Diff: 4.6, Sum: 13.7]
      [Update RS (ms): Min: 0.0, Avg: 1.4, Max: 2.1, Diff: 2.1, Sum: 11.5]
         [Processed Buffers: Min: 0, Avg: 6.6, Max: 12, Diff: 12, Sum: 53]
      [Scan RS (ms): Min: 0.0, Avg: 0.0, Max: 0.1, Diff: 0.1, Sum: 0.4]
      [Code Root Scanning (ms): Min: 0.0, Avg: 0.0, Max: 0.0, Diff: 0.0, Sum: 0.0]
      [Object Copy (ms): Min: 0.0, Avg: 1.7, Max: 2.1, Diff: 2.1, Sum: 13.3]
      [Termination (ms): Min: 0.0, Avg: 0.7, Max: 0.8, Diff: 0.8, Sum: 5.6]
         [Termination Attempts: Min: 1, Avg: 1.0, Max: 1, Diff: 0, Sum: 8]
      [GC Worker Other (ms): Min: 0.0, Avg: 0.0, Max: 0.1, Diff: 0.0, Sum: 0.2]
      [GC Worker Total (ms): Min: 5.5, Avg: 5.6, Max: 5.6, Diff: 0.1, Sum: 44.7]
      [GC Worker End (ms): Min: 741196781.1, Avg: 741196781.1, Max: 741196781.1, Diff: 0.0]
   [Code Root Fixup: 0.0 ms]
   [Code Root Purge: 0.0 ms]
   [Clear CT: 0.6 ms]
   [Other: 5.1 ms]
      [Choose CSet: 0.0 ms]
      [Ref Proc: 4.3 ms]
      [Ref Enq: 0.1 ms]
      [Redirty Cards: 0.1 ms]
      [Humongous Register: 0.1 ms]
      [Humongous Reclaim: 0.0 ms]
      [Free CSet: 0.3 ms]
   [Eden: 7152.0M(7152.0M)->0.0B(5712.0M) Survivors: 16384.0K->16384.0K Heap: 10780.9M(14336.0M)->3632.9M(14336.0M)]
 [Times: user=0.05 sys=0.01, real=0.01 secs] 
2022-07-30T11:05:20.023-0700: 741291.528: [GC pause (G1 Evacuation Pause) (mixed), 0.0117336 secs]
   [Parallel Time: 7.4 ms, GC Workers: 8]
      [GC Worker Start (ms): Min: 741291527.8, Avg: 741291527.9, Max: 741291527.9, Diff: 0.1]
      [Ext Root Scanning (ms): Min: 0.9, Avg: 1.9, Max: 7.2, Diff: 6.3, Sum: 15.4]
      [Update RS (ms): Min: 0.0, Avg: 1.3, Max: 2.0, Diff: 2.0, Sum: 10.2]
         [Processed Buffers: Min: 0, Avg: 5.4, Max: 11, Diff: 11, Sum: 43]
      [Scan RS (ms): Min: 0.0, Avg: 0.3, Max: 0.5, Diff: 0.5, Sum: 2.5]
      [Code Root Scanning (ms): Min: 0.0, Avg: 0.0, Max: 0.0, Diff: 0.0, Sum: 0.0]
      [Object Copy (ms): Min: 0.0, Avg: 2.2, Max: 2.6, Diff: 2.6, Sum: 17.9]
      [Termination (ms): Min: 0.0, Avg: 1.4, Max: 1.6, Diff: 1.6, Sum: 11.0]
         [Termination Attempts: Min: 1, Avg: 1.0, Max: 1, Diff: 0, Sum: 8]
      [GC Worker Other (ms): Min: 0.0, Avg: 0.0, Max: 0.0, Diff: 0.0, Sum: 0.2]
      [GC Worker Total (ms): Min: 7.1, Avg: 7.2, Max: 7.2, Diff: 0.2, Sum: 57.3]
      [GC Worker End (ms): Min: 741291535.0, Avg: 741291535.0, Max: 741291535.0, Diff: 0.0]
   [Code Root Fixup: 0.0 ms]
   [Code Root Purge: 0.0 ms]
   [Clear CT: 0.5 ms]
   [Other: 3.8 ms]
      [Choose CSet: 0.0 ms]
      [Ref Proc: 3.2 ms]
      [Ref Enq: 0.1 ms]
      [Redirty Cards: 0.1 ms]
      [Humongous Register: 0.1 ms]
      [Humongous Reclaim: 0.0 ms]
      [Free CSet: 0.2 ms]
   [Eden: 5712.0M(5712.0M)->0.0B(7152.0M) Survivors: 16384.0K->16384.0K Heap: 9344.9M(14336.0M)->3616.2M(14336.0M)]
 [Times: user=0.06 sys=0.00, real=0.01 secs] 
2022-07-30T11:07:18.614-0700: 741410.119: [GC pause (G1 Evacuation Pause) (young), 0.0105246 secs]
   [Parallel Time: 7.1 ms, GC Workers: 8]
      [GC Worker Start (ms): Min: 741410118.7, Avg: 741410118.7, Max: 741410118.8, Diff: 0.1]
      [Ext Root Scanning (ms): Min: 1.4, Avg: 2.2, Max: 6.0, Diff: 4.6, Sum: 17.6]
      [Update RS (ms): Min: 0.0, Avg: 2.8, Max: 3.5, Diff: 3.5, Sum: 22.1]
         [Processed Buffers: Min: 0, Avg: 6.6, Max: 16, Diff: 16, Sum: 53]
      [Scan RS (ms): Min: 0.0, Avg: 0.1, Max: 0.1, Diff: 0.1, Sum: 0.4]
      [Code Root Scanning (ms): Min: 0.0, Avg: 0.0, Max: 0.0, Diff: 0.0, Sum: 0.0]
      [Object Copy (ms): Min: 0.9, Avg: 1.8, Max: 2.2, Diff: 1.4, Sum: 14.8]
      [Termination (ms): Min: 0.0, Avg: 0.0, Max: 0.0, Diff: 0.0, Sum: 0.1]
         [Termination Attempts: Min: 19, Avg: 25.9, Max: 35, Diff: 16, Sum: 207]
      [GC Worker Other (ms): Min: 0.0, Avg: 0.0, Max: 0.1, Diff: 0.1, Sum: 0.4]
      [GC Worker Total (ms): Min: 6.8, Avg: 6.9, Max: 7.0, Diff: 0.2, Sum: 55.3]
      [GC Worker End (ms): Min: 741410125.6, Avg: 741410125.6, Max: 741410125.7, Diff: 0.1]
   [Code Root Fixup: 0.0 ms]
   [Code Root Purge: 0.0 ms]
   [Clear CT: 0.7 ms]
   [Other: 2.7 ms]
      [Choose CSet: 0.0 ms]
      [Ref Proc: 1.9 ms]
      [Ref Enq: 0.2 ms]
      [Redirty Cards: 0.1 ms]
      [Humongous Register: 0.1 ms]
      [Humongous Reclaim: 0.0 ms]
      [Free CSet: 0.3 ms]
   [Eden: 7152.0M(7152.0M)->0.0B(7152.0M) Survivors: 16384.0K->16384.0K Heap: 10768.2M(14336.0M)->3618.2M(14336.0M)]
 [Times: user=0.06 sys=0.00, real=0.02 secs] 
2022-07-30T11:09:14.674-0700: 741526.179: [GC pause (G1 Evacuation Pause) (young) (initial-mark), 0.0164902 secs]
   [Parallel Time: 11.7 ms, GC Workers: 8]
      [GC Worker Start (ms): Min: 741526180.7, Avg: 741526180.8, Max: 741526180.9, Diff: 0.2]
      [Ext Root Scanning (ms): Min: 5.4, Avg: 5.6, Max: 5.8, Diff: 0.3, Sum: 45.0]
      [Update RS (ms): Min: 1.1, Avg: 1.3, Max: 1.8, Diff: 0.6, Sum: 10.7]
         [Processed Buffers: Min: 2, Avg: 5.2, Max: 8, Diff: 6, Sum: 42]
      [Scan RS (ms): Min: 0.0, Avg: 0.0, Max: 0.1, Diff: 0.1, Sum: 0.4]
      [Code Root Scanning (ms): Min: 0.0, Avg: 0.0, Max: 0.0, Diff: 0.0, Sum: 0.0]
      [Object Copy (ms): Min: 2.0, Avg: 2.3, Max: 2.5, Diff: 0.5, Sum: 18.2]
      [Termination (ms): Min: 0.0, Avg: 0.0, Max: 0.0, Diff: 0.0, Sum: 0.0]
         [Termination Attempts: Min: 1, Avg: 11.9, Max: 17, Diff: 16, Sum: 95]
      [GC Worker Other (ms): Min: 0.0, Avg: 0.1, Max: 0.2, Diff: 0.2, Sum: 0.7]
      [GC Worker Total (ms): Min: 9.2, Avg: 9.4, Max: 9.5, Diff: 0.3, Sum: 75.0]
      [GC Worker End (ms): Min: 741526190.1, Avg: 741526190.2, Max: 741526190.3, Diff: 0.2]
   [Code Root Fixup: 0.0 ms]
   [Code Root Purge: 0.0 ms]
   [Clear CT: 0.7 ms]
   [Other: 4.1 ms]
      [Choose CSet: 0.0 ms]
      [Ref Proc: 3.4 ms]
      [Ref Enq: 0.1 ms]
      [Redirty Cards: 0.1 ms]
      [Humongous Register: 0.0 ms]
      [Humongous Reclaim: 0.0 ms]
      [Free CSet: 0.3 ms]
   [Eden: 7152.0M(7152.0M)->0.0B(7152.0M) Survivors: 16384.0K->16384.0K Heap: 10770.2M(14336.0M)->3622.6M(14336.0M)]
 [Times: user=0.07 sys=0.01, real=0.02 secs] 
2022-07-30T11:09:14.690-0700: 741526.195: [GC concurrent-root-region-scan-start]
2022-07-30T11:09:14.701-0700: 741526.205: [GC concurrent-root-region-scan-end, 0.0102747 secs]
2022-07-30T11:09:14.701-0700: 741526.205: [GC concurrent-mark-start]
2022-07-30T11:09:17.389-0700: 741528.894: [GC concurrent-mark-end, 2.6887148 secs]
2022-07-30T11:09:17.390-0700: 741528.895: [GC remark 2022-07-30T11:09:17.390-0700: 741528.895: [Finalize Marking, 0.0002818 secs] 2022-07-30T11:09:17.390-0700: 741528.895: [GC ref-proc, 0.0061710 secs] 2022-07-30T11:09:17.396-0700: 741528.901: [Unloading, 0.0281491 secs], 0.0404988 secs]
 [Times: user=0.25 sys=0.00, real=0.04 secs] 
2022-07-30T11:09:17.431-0700: 741528.935: [GC cleanup 3830M->3830M(14336M), 0.0091409 secs]
 [Times: user=0.07 sys=0.00, real=0.01 secs] 
2022-07-30T11:11:10.722-0700: 741642.227: [GC pause (G1 Evacuation Pause) (young), 0.0114782 secs]
   [Parallel Time: 5.8 ms, GC Workers: 8]
      [GC Worker Start (ms): Min: 741642227.1, Avg: 741642227.2, Max: 741642227.3, Diff: 0.2]
      [Ext Root Scanning (ms): Min: 0.9, Avg: 1.7, Max: 5.7, Diff: 4.8, Sum: 13.7]
      [Update RS (ms): Min: 0.0, Avg: 1.3, Max: 1.9, Diff: 1.9, Sum: 10.7]
         [Processed Buffers: Min: 0, Avg: 5.1, Max: 12, Diff: 12, Sum: 41]
      [Scan RS (ms): Min: 0.0, Avg: 0.1, Max: 0.1, Diff: 0.1, Sum: 0.4]
      [Code Root Scanning (ms): Min: 0.0, Avg: 0.0, Max: 0.0, Diff: 0.0, Sum: 0.0]
      [Object Copy (ms): Min: 0.0, Avg: 2.0, Max: 2.5, Diff: 2.5, Sum: 16.3]
      [Termination (ms): Min: 0.0, Avg: 0.5, Max: 0.6, Diff: 0.6, Sum: 3.8]
         [Termination Attempts: Min: 1, Avg: 4.5, Max: 7, Diff: 6, Sum: 36]
      [GC Worker Other (ms): Min: 0.0, Avg: 0.0, Max: 0.0, Diff: 0.0, Sum: 0.1]
      [GC Worker Total (ms): Min: 5.5, Avg: 5.6, Max: 5.7, Diff: 0.2, Sum: 45.2]
      [GC Worker End (ms): Min: 741642232.9, Avg: 741642232.9, Max: 741642232.9, Diff: 0.0]
   [Code Root Fixup: 0.0 ms]
   [Code Root Purge: 0.0 ms]
   [Clear CT: 0.7 ms]
   [Other: 5.0 ms]
      [Choose CSet: 0.0 ms]
      [Ref Proc: 4.2 ms]
      [Ref Enq: 0.1 ms]
      [Redirty Cards: 0.1 ms]
      [Humongous Register: 0.1 ms]
      [Humongous Reclaim: 0.0 ms]
      [Free CSet: 0.3 ms]
   [Eden: 7152.0M(7152.0M)->0.0B(7152.0M) Survivors: 16384.0K->16384.0K Heap: 10774.6M(14336.0M)->3620.3M(14336.0M)]
 [Times: user=0.06 sys=0.00, real=0.01 secs] 
2022-07-30T11:13:07.030-0700: 741758.534: [GC pause (G1 Evacuation Pause) (young), 0.0104602 secs]
   [Parallel Time: 5.8 ms, GC Workers: 8]
      [GC Worker Start (ms): Min: 741758534.4, Avg: 741758534.5, Max: 741758534.5, Diff: 0.1]
      [Ext Root Scanning (ms): Min: 0.9, Avg: 1.7, Max: 5.6, Diff: 4.7, Sum: 13.6]
      [Update RS (ms): Min: 0.0, Avg: 1.7, Max: 2.4, Diff: 2.4, Sum: 13.6]
         [Processed Buffers: Min: 0, Avg: 6.5, Max: 10, Diff: 10, Sum: 52]
      [Scan RS (ms): Min: 0.0, Avg: 0.0, Max: 0.1, Diff: 0.1, Sum: 0.4]
      [Code Root Scanning (ms): Min: 0.0, Avg: 0.0, Max: 0.0, Diff: 0.0, Sum: 0.0]
      [Object Copy (ms): Min: 0.0, Avg: 1.7, Max: 2.1, Diff: 2.1, Sum: 13.5]
      [Termination (ms): Min: 0.0, Avg: 0.5, Max: 0.6, Diff: 0.6, Sum: 3.9]
         [Termination Attempts: Min: 1, Avg: 2.2, Max: 5, Diff: 4, Sum: 18]
      [GC Worker Other (ms): Min: 0.0, Avg: 0.0, Max: 0.0, Diff: 0.0, Sum: 0.2]
      [GC Worker Total (ms): Min: 5.6, Avg: 5.6, Max: 5.7, Diff: 0.1, Sum: 45.1]
      [GC Worker End (ms): Min: 741758540.1, Avg: 741758540.1, Max: 741758540.1, Diff: 0.0]
   [Code Root Fixup: 0.0 ms]
   [Code Root Purge: 0.0 ms]
   [Clear CT: 0.6 ms]
   [Other: 4.1 ms]
      [Choose CSet: 0.0 ms]
      [Ref Proc: 3.4 ms]
      [Ref Enq: 0.1 ms]
      [Redirty Cards: 0.1 ms]
      [Humongous Register: 0.1 ms]
      [Humongous Reclaim: 0.0 ms]
      [Free CSet: 0.3 ms]
   [Eden: 7152.0M(7152.0M)->0.0B(7152.0M) Survivors: 16384.0K->16384.0K Heap: 10772.3M(14336.0M)->3624.4M(14336.0M)]
 [Times: user=0.06 sys=0.00, real=0.01 secs] 
2022-07-30T11:15:03.072-0700: 741874.577: [GC pause (G1 Evacuation Pause) (young) (initial-mark), 0.0170081 secs]
   [Parallel Time: 12.3 ms, GC Workers: 8]
      [GC Worker Start (ms): Min: 741874578.9, Avg: 741874579.0, Max: 741874579.1, Diff: 0.1]
      [Ext Root Scanning (ms): Min: 6.0, Avg: 6.2, Max: 6.4, Diff: 0.4, Sum: 49.6]
      [Update RS (ms): Min: 1.2, Avg: 1.4, Max: 1.9, Diff: 0.6, Sum: 11.3]
         [Processed Buffers: Min: 2, Avg: 5.4, Max: 15, Diff: 13, Sum: 43]
      [Scan RS (ms): Min: 0.0, Avg: 0.1, Max: 0.1, Diff: 0.1, Sum: 0.4]
      [Code Root Scanning (ms): Min: 0.0, Avg: 0.0, Max: 0.0, Diff: 0.0, Sum: 0.0]
      [Object Copy (ms): Min: 1.9, Avg: 2.1, Max: 2.3, Diff: 0.5, Sum: 16.6]
      [Termination (ms): Min: 0.0, Avg: 0.0, Max: 0.0, Diff: 0.0, Sum: 0.0]
         [Termination Attempts: Min: 1, Avg: 3.8, Max: 8, Diff: 7, Sum: 30]
      [GC Worker Other (ms): Min: 0.0, Avg: 0.1, Max: 0.1, Diff: 0.1, Sum: 0.5]
      [GC Worker Total (ms): Min: 9.7, Avg: 9.8, Max: 9.9, Diff: 0.2, Sum: 78.4]
      [GC Worker End (ms): Min: 741874588.8, Avg: 741874588.8, Max: 741874588.9, Diff: 0.1]
   [Code Root Fixup: 0.0 ms]
   [Code Root Purge: 0.0 ms]
   [Clear CT: 0.7 ms]
   [Other: 4.0 ms]
      [Choose CSet: 0.0 ms]
      [Ref Proc: 3.3 ms]
      [Ref Enq: 0.1 ms]
      [Redirty Cards: 0.1 ms]
      [Humongous Register: 0.0 ms]
      [Humongous Reclaim: 0.0 ms]
      [Free CSet: 0.3 ms]
   [Eden: 7152.0M(7152.0M)->0.0B(7152.0M) Survivors: 16384.0K->16384.0K Heap: 10776.4M(14336.0M)->3622.8M(14336.0M)]
 [Times: user=0.08 sys=0.00, real=0.02 secs] 
2022-07-30T11:15:03.089-0700: 741874.594: [GC concurrent-root-region-scan-start]
2022-07-30T11:15:03.099-0700: 741874.604: [GC concurrent-root-region-scan-end, 0.0103757 secs]
2022-07-30T11:15:03.099-0700: 741874.604: [GC concurrent-mark-start]
2022-07-30T11:15:05.792-0700: 741877.296: [GC concurrent-mark-end, 2.6921849 secs]
2022-07-30T11:15:05.792-0700: 741877.297: [GC remark 2022-07-30T11:15:05.792-0700: 741877.297: [Finalize Marking, 0.0002092 secs] 2022-07-30T11:15:05.792-0700: 741877.297: [GC ref-proc, 0.0074534 secs] 2022-07-30T11:15:05.800-0700: 741877.304: [Unloading, 0.0278634 secs], 0.0413698 secs]
 [Times: user=0.26 sys=0.00, real=0.04 secs] 
2022-07-30T11:15:05.834-0700: 741877.338: [GC cleanup 3795M->3795M(14336M), 0.0088015 secs]
 [Times: user=0.06 sys=0.00, real=0.01 secs] 
2022-07-30T11:17:02.463-0700: 741993.968: [GC pause (G1 Evacuation Pause) (young), 0.0114233 secs]
   [Parallel Time: 6.9 ms, GC Workers: 8]
      [GC Worker Start (ms): Min: 741993967.7, Avg: 741993967.8, Max: 741993967.8, Diff: 0.1]
      [Ext Root Scanning (ms): Min: 1.3, Avg: 2.0, Max: 5.7, Diff: 4.4, Sum: 16.4]
      [Update RS (ms): Min: 0.0, Avg: 1.9, Max: 2.8, Diff: 2.8, Sum: 15.4]
         [Processed Buffers: Min: 0, Avg: 5.5, Max: 10, Diff: 10, Sum: 44]
      [Scan RS (ms): Min: 0.0, Avg: 0.1, Max: 0.1, Diff: 0.1, Sum: 0.5]
      [Code Root Scanning (ms): Min: 0.0, Avg: 0.0, Max: 0.0, Diff: 0.0, Sum: 0.0]
      [Object Copy (ms): Min: 0.9, Avg: 2.6, Max: 3.0, Diff: 2.1, Sum: 20.5]
      [Termination (ms): Min: 0.0, Avg: 0.0, Max: 0.0, Diff: 0.0, Sum: 0.1]
         [Termination Attempts: Min: 21, Avg: 23.5, Max: 28, Diff: 7, Sum: 188]
      [GC Worker Other (ms): Min: 0.0, Avg: 0.0, Max: 0.1, Diff: 0.1, Sum: 0.3]
      [GC Worker Total (ms): Min: 6.6, Avg: 6.7, Max: 6.7, Diff: 0.1, Sum: 53.2]
      [GC Worker End (ms): Min: 741993974.4, Avg: 741993974.4, Max: 741993974.5, Diff: 0.1]
   [Code Root Fixup: 0.0 ms]
   [Code Root Purge: 0.0 ms]
   [Clear CT: 0.7 ms]
   [Other: 3.8 ms]
      [Choose CSet: 0.0 ms]
      [Ref Proc: 3.2 ms]
      [Ref Enq: 0.1 ms]
      [Redirty Cards: 0.1 ms]
      [Humongous Register: 0.1 ms]
      [Humongous Reclaim: 0.0 ms]
      [Free CSet: 0.3 ms]
   [Eden: 7152.0M(7152.0M)->0.0B(7152.0M) Survivors: 16384.0K->16384.0K Heap: 10774.8M(14336.0M)->3624.7M(14336.0M)]
 [Times: user=0.06 sys=0.01, real=0.00 secs] 
2022-07-30T11:18:56.519-0700: 742108.024: [GC pause (G1 Evacuation Pause) (young), 0.0104205 secs]
   [Parallel Time: 6.1 ms, GC Workers: 8]
      [GC Worker Start (ms): Min: 742108024.3, Avg: 742108024.3, Max: 742108024.4, Diff: 0.2]
      [Ext Root Scanning (ms): Min: 0.8, Avg: 1.7, Max: 5.8, Diff: 4.9, Sum: 13.2]
      [Update RS (ms): Min: 0.0, Avg: 1.4, Max: 2.1, Diff: 2.0, Sum: 11.4]
         [Processed Buffers: Min: 0, Avg: 5.5, Max: 12, Diff: 12, Sum: 44]
      [Scan RS (ms): Min: 0.0, Avg: 0.0, Max: 0.1, Diff: 0.1, Sum: 0.4]
      [Code Root Scanning (ms): Min: 0.0, Avg: 0.0, Max: 0.0, Diff: 0.0, Sum: 0.0]
      [Object Copy (ms): Min: 0.0, Avg: 1.8, Max: 2.3, Diff: 2.3, Sum: 14.6]
      [Termination (ms): Min: 0.0, Avg: 0.8, Max: 0.9, Diff: 0.9, Sum: 6.3]
         [Termination Attempts: Min: 1, Avg: 5.4, Max: 9, Diff: 8, Sum: 43]
      [GC Worker Other (ms): Min: 0.0, Avg: 0.0, Max: 0.1, Diff: 0.0, Sum: 0.2]
      [GC Worker Total (ms): Min: 5.7, Avg: 5.8, Max: 5.8, Diff: 0.2, Sum: 46.2]
      [GC Worker End (ms): Min: 742108030.1, Avg: 742108030.1, Max: 742108030.1, Diff: 0.0]
   [Code Root Fixup: 0.0 ms]
   [Code Root Purge: 0.0 ms]
   [Clear CT: 0.6 ms]
   [Other: 3.8 ms]
      [Choose CSet: 0.0 ms]
      [Ref Proc: 3.0 ms]
      [Ref Enq: 0.1 ms]
      [Redirty Cards: 0.1 ms]
      [Humongous Register: 0.1 ms]
      [Humongous Reclaim: 0.0 ms]
      [Free CSet: 0.3 ms]
   [Eden: 7152.0M(7152.0M)->0.0B(7152.0M) Survivors: 16384.0K->16384.0K Heap: 10776.7M(14336.0M)->3628.6M(14336.0M)]
 [Times: user=0.06 sys=0.00, real=0.01 secs] 
2022-07-30T11:20:54.579-0700: 742226.084: [GC pause (G1 Evacuation Pause) (young) (initial-mark), 0.0192366 secs]
   [Parallel Time: 13.2 ms, GC Workers: 8]
      [GC Worker Start (ms): Min: 742226086.0, Avg: 742226086.1, Max: 742226086.1, Diff: 0.1]
      [Ext Root Scanning (ms): Min: 5.5, Avg: 6.4, Max: 10.9, Diff: 5.4, Sum: 51.3]
      [Update RS (ms): Min: 0.0, Avg: 1.5, Max: 2.2, Diff: 2.2, Sum: 12.0]
         [Processed Buffers: Min: 0, Avg: 5.1, Max: 10, Diff: 10, Sum: 41]
      [Scan RS (ms): Min: 0.0, Avg: 0.1, Max: 0.1, Diff: 0.1, Sum: 0.4]
      [Code Root Scanning (ms): Min: 0.0, Avg: 0.0, Max: 0.0, Diff: 0.0, Sum: 0.0]
      [Object Copy (ms): Min: 0.1, Avg: 2.1, Max: 2.9, Diff: 2.8, Sum: 16.6]
      [Termination (ms): Min: 0.0, Avg: 1.1, Max: 1.4, Diff: 1.4, Sum: 8.7]
         [Termination Attempts: Min: 1, Avg: 20.8, Max: 31, Diff: 30, Sum: 166]
      [GC Worker Other (ms): Min: 0.0, Avg: 0.0, Max: 0.0, Diff: 0.0, Sum: 0.2]
      [GC Worker Total (ms): Min: 11.1, Avg: 11.2, Max: 11.2, Diff: 0.1, Sum: 89.3]
      [GC Worker End (ms): Min: 742226097.2, Avg: 742226097.2, Max: 742226097.2, Diff: 0.0]
   [Code Root Fixup: 0.0 ms]
   [Code Root Purge: 0.0 ms]
   [Clear CT: 0.6 ms]
   [Other: 5.4 ms]
      [Choose CSet: 0.0 ms]
      [Ref Proc: 4.7 ms]
      [Ref Enq: 0.1 ms]
      [Redirty Cards: 0.1 ms]
      [Humongous Register: 0.0 ms]
      [Humongous Reclaim: 0.0 ms]
      [Free CSet: 0.3 ms]
   [Eden: 7152.0M(7152.0M)->0.0B(7152.0M) Survivors: 16384.0K->16384.0K Heap: 10780.6M(14336.0M)->3625.7M(14336.0M)]
 [Times: user=0.10 sys=0.00, real=0.02 secs] 
2022-07-30T11:20:54.599-0700: 742226.104: [GC concurrent-root-region-scan-start]
2022-07-30T11:20:54.607-0700: 742226.112: [GC concurrent-root-region-scan-end, 0.0084866 secs]
2022-07-30T11:20:54.607-0700: 742226.112: [GC concurrent-mark-start]
2022-07-30T11:20:57.339-0700: 742228.844: [GC concurrent-mark-end, 2.7317130 secs]
2022-07-30T11:20:57.339-0700: 742228.844: [GC remark 2022-07-30T11:20:57.339-0700: 742228.844: [Finalize Marking, 0.0002850 secs] 2022-07-30T11:20:57.340-0700: 742228.844: [GC ref-proc, 0.0117145 secs] 2022-07-30T11:20:57.351-0700: 742228.856: [Unloading, 0.0280328 secs], 0.0458755 secs]
 [Times: user=0.26 sys=0.00, real=0.05 secs] 
2022-07-30T11:20:57.386-0700: 742228.890: [GC cleanup 3809M->3809M(14336M), 0.0085874 secs]
 [Times: user=0.07 sys=0.00, real=0.00 secs] 
2022-07-30T11:22:51.425-0700: 742342.930: [GC pause (G1 Evacuation Pause) (young), 0.0111565 secs]
   [Parallel Time: 5.8 ms, GC Workers: 8]
      [GC Worker Start (ms): Min: 742342929.7, Avg: 742342929.8, Max: 742342929.9, Diff: 0.2]
      [Ext Root Scanning (ms): Min: 0.8, Avg: 1.6, Max: 5.5, Diff: 4.7, Sum: 12.9]
      [Update RS (ms): Min: 0.0, Avg: 1.4, Max: 2.1, Diff: 2.1, Sum: 11.3]
         [Processed Buffers: Min: 0, Avg: 5.1, Max: 13, Diff: 13, Sum: 41]
      [Scan RS (ms): Min: 0.0, Avg: 0.0, Max: 0.1, Diff: 0.1, Sum: 0.4]
      [Code Root Scanning (ms): Min: 0.0, Avg: 0.0, Max: 0.0, Diff: 0.0, Sum: 0.0]
      [Object Copy (ms): Min: 0.0, Avg: 1.5, Max: 1.9, Diff: 1.9, Sum: 12.4]
      [Termination (ms): Min: 0.0, Avg: 0.9, Max: 1.0, Diff: 1.0, Sum: 7.0]
         [Termination Attempts: Min: 1, Avg: 1.0, Max: 1, Diff: 0, Sum: 8]
      [GC Worker Other (ms): Min: 0.0, Avg: 0.0, Max: 0.0, Diff: 0.0, Sum: 0.1]
      [GC Worker Total (ms): Min: 5.4, Avg: 5.5, Max: 5.6, Diff: 0.2, Sum: 44.1]
      [GC Worker End (ms): Min: 742342935.3, Avg: 742342935.3, Max: 742342935.3, Diff: 0.0]
   [Code Root Fixup: 0.0 ms]
   [Code Root Purge: 0.0 ms]
   [Clear CT: 0.7 ms]
   [Other: 4.6 ms]
      [Choose CSet: 0.0 ms]
      [Ref Proc: 3.9 ms]
      [Ref Enq: 0.1 ms]
      [Redirty Cards: 0.1 ms]
      [Humongous Register: 0.1 ms]
      [Humongous Reclaim: 0.0 ms]
      [Free CSet: 0.3 ms]
   [Eden: 7152.0M(7152.0M)->0.0B(7152.0M) Survivors: 16384.0K->16384.0K Heap: 10777.7M(14336.0M)->3626.9M(14336.0M)]
 [Times: user=0.05 sys=0.01, real=0.01 secs] 
2022-07-30T11:24:47.562-0700: 742459.066: [GC pause (G1 Evacuation Pause) (young), 0.0100841 secs]
   [Parallel Time: 6.9 ms, GC Workers: 8]
      [GC Worker Start (ms): Min: 742459066.6, Avg: 742459066.6, Max: 742459066.7, Diff: 0.1]
      [Ext Root Scanning (ms): Min: 1.3, Avg: 2.1, Max: 6.2, Diff: 4.9, Sum: 17.0]
      [Update RS (ms): Min: 0.0, Avg: 2.1, Max: 3.1, Diff: 3.1, Sum: 16.7]
         [Processed Buffers: Min: 0, Avg: 5.6, Max: 14, Diff: 14, Sum: 45]
      [Scan RS (ms): Min: 0.0, Avg: 0.1, Max: 0.2, Diff: 0.2, Sum: 0.6]
      [Code Root Scanning (ms): Min: 0.0, Avg: 0.0, Max: 0.0, Diff: 0.0, Sum: 0.0]
      [Object Copy (ms): Min: 0.6, Avg: 2.5, Max: 3.0, Diff: 2.4, Sum: 19.6]
      [Termination (ms): Min: 0.0, Avg: 0.0, Max: 0.0, Diff: 0.0, Sum: 0.0]
         [Termination Attempts: Min: 1, Avg: 1.1, Max: 2, Diff: 1, Sum: 9]
      [GC Worker Other (ms): Min: 0.0, Avg: 0.1, Max: 0.1, Diff: 0.1, Sum: 0.5]
      [GC Worker Total (ms): Min: 6.7, Avg: 6.8, Max: 6.9, Diff: 0.1, Sum: 54.4]
      [GC Worker End (ms): Min: 742459073.4, Avg: 742459073.4, Max: 742459073.5, Diff: 0.1]
   [Code Root Fixup: 0.0 ms]
   [Code Root Purge: 0.0 ms]
   [Clear CT: 0.7 ms]
   [Other: 2.4 ms]
      [Choose CSet: 0.0 ms]
      [Ref Proc: 1.7 ms]
      [Ref Enq: 0.1 ms]
      [Redirty Cards: 0.1 ms]
      [Humongous Register: 0.1 ms]
      [Humongous Reclaim: 0.0 ms]
      [Free CSet: 0.3 ms]
   [Eden: 7152.0M(7152.0M)->0.0B(7152.0M) Survivors: 16384.0K->16384.0K Heap: 10778.9M(14336.0M)->3630.7M(14336.0M)]
 [Times: user=0.07 sys=0.00, real=0.01 secs] 
2022-07-30T11:26:46.121-0700: 742577.626: [GC pause (G1 Evacuation Pause) (young) (initial-mark), 0.0157255 secs]
   [Parallel Time: 11.7 ms, GC Workers: 8]
      [GC Worker Start (ms): Min: 742577627.6, Avg: 742577627.7, Max: 742577627.8, Diff: 0.2]
      [Ext Root Scanning (ms): Min: 5.8, Avg: 6.0, Max: 6.1, Diff: 0.3, Sum: 47.7]
      [Update RS (ms): Min: 1.3, Avg: 1.5, Max: 1.9, Diff: 0.6, Sum: 11.8]
         [Processed Buffers: Min: 3, Avg: 5.2, Max: 14, Diff: 11, Sum: 42]
      [Scan RS (ms): Min: 0.0, Avg: 0.1, Max: 0.1, Diff: 0.1, Sum: 0.5]
      [Code Root Scanning (ms): Min: 0.0, Avg: 0.0, Max: 0.0, Diff: 0.0, Sum: 0.0]
      [Object Copy (ms): Min: 1.6, Avg: 2.0, Max: 2.2, Diff: 0.6, Sum: 15.9]
      [Termination (ms): Min: 0.0, Avg: 0.0, Max: 0.0, Diff: 0.0, Sum: 0.0]
         [Termination Attempts: Min: 9, Avg: 11.2, Max: 14, Diff: 5, Sum: 90]
      [GC Worker Other (ms): Min: 0.0, Avg: 0.1, Max: 0.1, Diff: 0.1, Sum: 0.4]
      [GC Worker Total (ms): Min: 9.5, Avg: 9.6, Max: 9.6, Diff: 0.2, Sum: 76.4]
      [GC Worker End (ms): Min: 742577637.2, Avg: 742577637.3, Max: 742577637.3, Diff: 0.1]
   [Code Root Fixup: 0.0 ms]
   [Code Root Purge: 0.0 ms]
   [Clear CT: 0.7 ms]
   [Other: 3.3 ms]
      [Choose CSet: 0.0 ms]
      [Ref Proc: 2.6 ms]
      [Ref Enq: 0.1 ms]
      [Redirty Cards: 0.1 ms]
      [Humongous Register: 0.0 ms]
      [Humongous Reclaim: 0.0 ms]
      [Free CSet: 0.3 ms]
   [Eden: 7152.0M(7152.0M)->0.0B(7152.0M) Survivors: 16384.0K->16384.0K Heap: 10782.7M(14336.0M)->3628.3M(14336.0M)]
 [Times: user=0.07 sys=0.01, real=0.02 secs] 
2022-07-30T11:26:46.137-0700: 742577.641: [GC concurrent-root-region-scan-start]
2022-07-30T11:26:46.146-0700: 742577.650: [GC concurrent-root-region-scan-end, 0.0089905 secs]
2022-07-30T11:26:46.146-0700: 742577.650: [GC concurrent-mark-start]
2022-07-30T11:26:48.873-0700: 742580.378: [GC concurrent-mark-end, 2.7275025 secs]
2022-07-30T11:26:48.873-0700: 742580.378: [GC remark 2022-07-30T11:26:48.874-0700: 742580.378: [Finalize Marking, 0.0002135 secs] 2022-07-30T11:26:48.874-0700: 742580.378: [GC ref-proc, 0.0053445 secs] 2022-07-30T11:26:48.879-0700: 742580.384: [Unloading, 0.0280734 secs], 0.0393177 secs]
 [Times: user=0.26 sys=0.00, real=0.04 secs] 
2022-07-30T11:26:48.913-0700: 742580.418: [GC cleanup 3868M->3868M(14336M), 0.0086753 secs]
 [Times: user=0.06 sys=0.00, real=0.01 secs] 
2022-07-30T11:28:42.819-0700: 742694.324: [GC pause (G1 Evacuation Pause) (young), 0.0113274 secs]
   [Parallel Time: 5.8 ms, GC Workers: 8]
      [GC Worker Start (ms): Min: 742694324.3, Avg: 742694324.4, Max: 742694324.4, Diff: 0.1]
      [Ext Root Scanning (ms): Min: 0.9, Avg: 1.6, Max: 5.4, Diff: 4.5, Sum: 13.2]
      [Update RS (ms): Min: 0.0, Avg: 1.4, Max: 2.2, Diff: 2.2, Sum: 11.3]
         [Processed Buffers: Min: 0, Avg: 6.1, Max: 12, Diff: 12, Sum: 49]
      [Scan RS (ms): Min: 0.0, Avg: 0.0, Max: 0.1, Diff: 0.1, Sum: 0.4]
      [Code Root Scanning (ms): Min: 0.0, Avg: 0.0, Max: 0.0, Diff: 0.0, Sum: 0.0]
      [Object Copy (ms): Min: 0.0, Avg: 1.8, Max: 2.3, Diff: 2.3, Sum: 14.6]
      [Termination (ms): Min: 0.0, Avg: 0.5, Max: 0.6, Diff: 0.6, Sum: 3.9]
         [Termination Attempts: Min: 1, Avg: 2.6, Max: 6, Diff: 5, Sum: 21]
      [GC Worker Other (ms): Min: 0.0, Avg: 0.0, Max: 0.0, Diff: 0.0, Sum: 0.2]
      [GC Worker Total (ms): Min: 5.4, Avg: 5.4, Max: 5.5, Diff: 0.1, Sum: 43.6]
      [GC Worker End (ms): Min: 742694329.8, Avg: 742694329.8, Max: 742694329.8, Diff: 0.1]
   [Code Root Fixup: 0.0 ms]
   [Code Root Purge: 0.0 ms]
   [Clear CT: 0.6 ms]
   [Other: 4.8 ms]
      [Choose CSet: 0.0 ms]
      [Ref Proc: 4.1 ms]
      [Ref Enq: 0.1 ms]
      [Redirty Cards: 0.1 ms]
      [Humongous Register: 0.0 ms]
      [Humongous Reclaim: 0.0 ms]
      [Free CSet: 0.3 ms]
   [Eden: 7152.0M(7152.0M)->0.0B(7152.0M) Survivors: 16384.0K->16384.0K Heap: 10780.3M(14336.0M)->3631.9M(14336.0M)]
 [Times: user=0.05 sys=0.01, real=0.01 secs] 
2022-07-30T11:30:39.669-0700: 742811.174: [GC pause (G1 Evacuation Pause) (young), 0.0107072 secs]
   [Parallel Time: 5.6 ms, GC Workers: 8]
      [GC Worker Start (ms): Min: 742811174.2, Avg: 742811174.3, Max: 742811174.3, Diff: 0.1]
      [Ext Root Scanning (ms): Min: 0.9, Avg: 1.6, Max: 5.4, Diff: 4.5, Sum: 12.9]
      [Update RS (ms): Min: 0.0, Avg: 1.4, Max: 1.7, Diff: 1.7, Sum: 10.9]
         [Processed Buffers: Min: 0, Avg: 5.4, Max: 13, Diff: 13, Sum: 43]
      [Scan RS (ms): Min: 0.0, Avg: 0.0, Max: 0.1, Diff: 0.1, Sum: 0.4]
      [Code Root Scanning (ms): Min: 0.0, Avg: 0.0, Max: 0.0, Diff: 0.0, Sum: 0.0]
      [Object Copy (ms): Min: 0.0, Avg: 1.9, Max: 2.3, Diff: 2.3, Sum: 15.4]
      [Termination (ms): Min: 0.0, Avg: 0.4, Max: 0.5, Diff: 0.5, Sum: 3.5]
         [Termination Attempts: Min: 1, Avg: 4.6, Max: 9, Diff: 8, Sum: 37]
      [GC Worker Other (ms): Min: 0.0, Avg: 0.0, Max: 0.0, Diff: 0.0, Sum: 0.2]
      [GC Worker Total (ms): Min: 5.3, Avg: 5.4, Max: 5.5, Diff: 0.1, Sum: 43.3]
      [GC Worker End (ms): Min: 742811179.7, Avg: 742811179.7, Max: 742811179.7, Diff: 0.0]
   [Code Root Fixup: 0.0 ms]
   [Code Root Purge: 0.0 ms]
   [Clear CT: 0.7 ms]
   [Other: 4.5 ms]
      [Choose CSet: 0.0 ms]
      [Ref Proc: 3.8 ms]
      [Ref Enq: 0.1 ms]
      [Redirty Cards: 0.1 ms]
      [Humongous Register: 0.1 ms]
      [Humongous Reclaim: 0.0 ms]
      [Free CSet: 0.3 ms]
   [Eden: 7152.0M(7152.0M)->0.0B(7152.0M) Survivors: 16384.0K->16384.0K Heap: 10783.9M(14336.0M)->3630.4M(14336.0M)]
 [Times: user=0.06 sys=0.00, real=0.01 secs] 
2022-07-30T11:32:33.670-0700: 742925.174: [GC pause (G1 Evacuation Pause) (young) (initial-mark), 0.0160154 secs]
   [Parallel Time: 10.6 ms, GC Workers: 8]
      [GC Worker Start (ms): Min: 742925176.3, Avg: 742925176.3, Max: 742925176.4, Diff: 0.2]
      [Ext Root Scanning (ms): Min: 4.9, Avg: 5.1, Max: 5.3, Diff: 0.4, Sum: 40.6]
      [Update RS (ms): Min: 1.3, Avg: 1.5, Max: 2.0, Diff: 0.8, Sum: 12.0]
         [Processed Buffers: Min: 3, Avg: 5.9, Max: 11, Diff: 8, Sum: 47]
      [Scan RS (ms): Min: 0.0, Avg: 0.0, Max: 0.1, Diff: 0.1, Sum: 0.4]
      [Code Root Scanning (ms): Min: 0.0, Avg: 0.0, Max: 0.0, Diff: 0.0, Sum: 0.0]
      [Object Copy (ms): Min: 1.4, Avg: 1.9, Max: 2.2, Diff: 0.7, Sum: 15.1]
      [Termination (ms): Min: 0.0, Avg: 0.0, Max: 0.0, Diff: 0.0, Sum: 0.1]
         [Termination Attempts: Min: 19, Avg: 25.5, Max: 32, Diff: 13, Sum: 204]
      [GC Worker Other (ms): Min: 0.0, Avg: 0.0, Max: 0.1, Diff: 0.1, Sum: 0.4]
      [GC Worker Total (ms): Min: 8.5, Avg: 8.6, Max: 8.6, Diff: 0.1, Sum: 68.6]
      [GC Worker End (ms): Min: 742925184.9, Avg: 742925184.9, Max: 742925185.0, Diff: 0.1]
   [Code Root Fixup: 0.0 ms]
   [Code Root Purge: 0.0 ms]
   [Clear CT: 0.7 ms]
   [Other: 4.7 ms]
      [Choose CSet: 0.0 ms]
      [Ref Proc: 4.0 ms]
      [Ref Enq: 0.1 ms]
      [Redirty Cards: 0.1 ms]
      [Humongous Register: 0.0 ms]
      [Humongous Reclaim: 0.0 ms]
      [Free CSet: 0.3 ms]
   [Eden: 7152.0M(7152.0M)->0.0B(7152.0M) Survivors: 16384.0K->16384.0K Heap: 10782.4M(14336.0M)->3634.3M(14336.0M)]
 [Times: user=0.06 sys=0.01, real=0.02 secs] 
2022-07-30T11:32:33.686-0700: 742925.190: [GC concurrent-root-region-scan-start]
2022-07-30T11:32:33.695-0700: 742925.200: [GC concurrent-root-region-scan-end, 0.0095644 secs]
2022-07-30T11:32:33.695-0700: 742925.200: [GC concurrent-mark-start]
2022-07-30T11:32:36.471-0700: 742927.976: [GC concurrent-mark-end, 2.7759393 secs]
2022-07-30T11:32:36.472-0700: 742927.976: [GC remark 2022-07-30T11:32:36.472-0700: 742927.976: [Finalize Marking, 0.0002751 secs] 2022-07-30T11:32:36.472-0700: 742927.977: [GC ref-proc, 0.0058704 secs] 2022-07-30T11:32:36.478-0700: 742927.982: [Unloading, 0.0276812 secs], 0.0397804 secs]
 [Times: user=0.26 sys=0.00, real=0.04 secs] 
2022-07-30T11:32:36.512-0700: 742928.016: [GC cleanup 3866M->3866M(14336M), 0.0088758 secs]
 [Times: user=0.06 sys=0.00, real=0.01 secs] 
2022-07-30T11:34:27.863-0700: 743039.368: [GC pause (G1 Evacuation Pause) (young), 0.0119814 secs]
   [Parallel Time: 7.4 ms, GC Workers: 8]
      [GC Worker Start (ms): Min: 743039367.9, Avg: 743039367.9, Max: 743039368.0, Diff: 0.1]
      [Ext Root Scanning (ms): Min: 1.2, Avg: 2.0, Max: 6.2, Diff: 5.0, Sum: 15.6]
      [Update RS (ms): Min: 0.0, Avg: 2.2, Max: 2.8, Diff: 2.8, Sum: 17.2]
         [Processed Buffers: Min: 0, Avg: 5.9, Max: 12, Diff: 12, Sum: 47]
      [Scan RS (ms): Min: 0.0, Avg: 0.1, Max: 0.2, Diff: 0.2, Sum: 0.5]
      [Code Root Scanning (ms): Min: 0.0, Avg: 0.0, Max: 0.0, Diff: 0.0, Sum: 0.0]
      [Object Copy (ms): Min: 0.7, Avg: 2.7, Max: 3.2, Diff: 2.5, Sum: 21.6]
      [Termination (ms): Min: 0.0, Avg: 0.0, Max: 0.0, Diff: 0.0, Sum: 0.1]
         [Termination Attempts: Min: 20, Avg: 23.2, Max: 29, Diff: 9, Sum: 186]
      [GC Worker Other (ms): Min: 0.0, Avg: 0.1, Max: 0.2, Diff: 0.2, Sum: 0.7]
      [GC Worker Total (ms): Min: 6.8, Avg: 7.0, Max: 7.1, Diff: 0.2, Sum: 55.8]
      [GC Worker End (ms): Min: 743039374.8, Avg: 743039374.9, Max: 743039375.0, Diff: 0.2]
   [Code Root Fixup: 0.0 ms]
   [Code Root Purge: 0.0 ms]
   [Clear CT: 0.7 ms]
   [Other: 3.9 ms]
      [Choose CSet: 0.0 ms]
      [Ref Proc: 3.2 ms]
      [Ref Enq: 0.1 ms]
      [Redirty Cards: 0.1 ms]
      [Humongous Register: 0.1 ms]
      [Humongous Reclaim: 0.0 ms]
      [Free CSet: 0.3 ms]
   [Eden: 7152.0M(7152.0M)->0.0B(5712.0M) Survivors: 16384.0K->16384.0K Heap: 10786.3M(14336.0M)->3634.7M(14336.0M)]
 [Times: user=0.06 sys=0.00, real=0.01 secs] 
2022-07-30T11:36:00.717-0700: 743132.222: [GC pause (G1 Evacuation Pause) (mixed), 0.0109744 secs]
   [Parallel Time: 7.2 ms, GC Workers: 8]
      [GC Worker Start (ms): Min: 743132222.3, Avg: 743132222.3, Max: 743132222.4, Diff: 0.1]
      [Ext Root Scanning (ms): Min: 1.0, Avg: 1.9, Max: 6.7, Diff: 5.8, Sum: 15.0]
      [Update RS (ms): Min: 0.0, Avg: 1.5, Max: 2.1, Diff: 2.1, Sum: 11.9]
         [Processed Buffers: Min: 0, Avg: 5.2, Max: 10, Diff: 10, Sum: 42]
      [Scan RS (ms): Min: 0.0, Avg: 0.5, Max: 0.7, Diff: 0.6, Sum: 3.8]
      [Code Root Scanning (ms): Min: 0.0, Avg: 0.0, Max: 0.0, Diff: 0.0, Sum: 0.0]
      [Object Copy (ms): Min: 0.2, Avg: 3.0, Max: 3.6, Diff: 3.4, Sum: 24.4]
      [Termination (ms): Min: 0.0, Avg: 0.0, Max: 0.0, Diff: 0.0, Sum: 0.1]
         [Termination Attempts: Min: 11, Avg: 17.2, Max: 24, Diff: 13, Sum: 138]
      [GC Worker Other (ms): Min: 0.0, Avg: 0.0, Max: 0.1, Diff: 0.1, Sum: 0.4]
      [GC Worker Total (ms): Min: 6.9, Avg: 7.0, Max: 7.1, Diff: 0.2, Sum: 55.7]
      [GC Worker End (ms): Min: 743132229.3, Avg: 743132229.3, Max: 743132229.4, Diff: 0.1]
   [Code Root Fixup: 0.0 ms]
   [Code Root Purge: 0.0 ms]
   [Clear CT: 0.6 ms]
   [Other: 3.1 ms]
      [Choose CSet: 0.0 ms]
      [Ref Proc: 2.5 ms]
      [Ref Enq: 0.1 ms]
      [Redirty Cards: 0.1 ms]
      [Humongous Register: 0.1 ms]
      [Humongous Reclaim: 0.0 ms]
      [Free CSet: 0.2 ms]
   [Eden: 5712.0M(5712.0M)->0.0B(7152.0M) Survivors: 16384.0K->16384.0K Heap: 9346.7M(14336.0M)->3619.2M(14336.0M)]
 [Times: user=0.06 sys=0.00, real=0.01 secs] 
2022-07-30T11:37:57.416-0700: 743248.921: [GC pause (G1 Evacuation Pause) (young), 0.0105682 secs]
   [Parallel Time: 6.8 ms, GC Workers: 8]
      [GC Worker Start (ms): Min: 743248921.3, Avg: 743248921.3, Max: 743248921.4, Diff: 0.1]
      [Ext Root Scanning (ms): Min: 1.0, Avg: 1.8, Max: 5.8, Diff: 4.8, Sum: 14.4]
      [Update RS (ms): Min: 0.0, Avg: 2.6, Max: 3.6, Diff: 3.6, Sum: 21.1]
         [Processed Buffers: Min: 0, Avg: 8.1, Max: 18, Diff: 18, Sum: 65]
      [Scan RS (ms): Min: 0.0, Avg: 0.1, Max: 0.2, Diff: 0.1, Sum: 0.4]
      [Code Root Scanning (ms): Min: 0.0, Avg: 0.0, Max: 0.0, Diff: 0.0, Sum: 0.0]
      [Object Copy (ms): Min: 0.8, Avg: 2.0, Max: 3.0, Diff: 2.3, Sum: 16.2]
      [Termination (ms): Min: 0.0, Avg: 0.0, Max: 0.0, Diff: 0.0, Sum: 0.0]
         [Termination Attempts: Min: 7, Avg: 12.1, Max: 16, Diff: 9, Sum: 97]
      [GC Worker Other (ms): Min: 0.0, Avg: 0.0, Max: 0.1, Diff: 0.1, Sum: 0.4]
      [GC Worker Total (ms): Min: 6.5, Avg: 6.6, Max: 6.6, Diff: 0.2, Sum: 52.4]
      [GC Worker End (ms): Min: 743248927.9, Avg: 743248927.9, Max: 743248927.9, Diff: 0.1]
   [Code Root Fixup: 0.0 ms]
   [Code Root Purge: 0.0 ms]
   [Clear CT: 0.7 ms]
   [Other: 3.0 ms]
      [Choose CSet: 0.0 ms]
      [Ref Proc: 2.3 ms]
      [Ref Enq: 0.1 ms]
      [Redirty Cards: 0.1 ms]
      [Humongous Register: 0.1 ms]
      [Humongous Reclaim: 0.0 ms]
      [Free CSet: 0.3 ms]
   [Eden: 7152.0M(7152.0M)->0.0B(7152.0M) Survivors: 16384.0K->16384.0K Heap: 10771.2M(14336.0M)->3622.0M(14336.0M)]
 [Times: user=0.06 sys=0.00, real=0.01 secs] 
2022-07-30T11:39:50.570-0700: 743362.075: [GC pause (G1 Evacuation Pause) (young) (initial-mark), 0.0153121 secs]
   [Parallel Time: 11.4 ms, GC Workers: 8]
      [GC Worker Start (ms): Min: 743362076.8, Avg: 743362077.0, Max: 743362077.0, Diff: 0.2]
      [Ext Root Scanning (ms): Min: 5.6, Avg: 5.7, Max: 5.9, Diff: 0.3, Sum: 46.0]
      [Update RS (ms): Min: 1.5, Avg: 1.5, Max: 1.8, Diff: 0.3, Sum: 12.4]
         [Processed Buffers: Min: 2, Avg: 5.4, Max: 12, Diff: 10, Sum: 43]
      [Scan RS (ms): Min: 0.0, Avg: 0.0, Max: 0.1, Diff: 0.1, Sum: 0.4]
      [Code Root Scanning (ms): Min: 0.0, Avg: 0.0, Max: 0.0, Diff: 0.0, Sum: 0.0]
      [Object Copy (ms): Min: 1.7, Avg: 1.9, Max: 2.1, Diff: 0.4, Sum: 15.5]
      [Termination (ms): Min: 0.0, Avg: 0.1, Max: 0.1, Diff: 0.1, Sum: 0.5]
         [Termination Attempts: Min: 1, Avg: 2.5, Max: 5, Diff: 4, Sum: 20]
      [GC Worker Other (ms): Min: 0.0, Avg: 0.0, Max: 0.0, Diff: 0.0, Sum: 0.2]
      [GC Worker Total (ms): Min: 9.3, Avg: 9.4, Max: 9.5, Diff: 0.2, Sum: 74.9]
      [GC Worker End (ms): Min: 743362086.3, Avg: 743362086.3, Max: 743362086.4, Diff: 0.1]
   [Code Root Fixup: 0.0 ms]
   [Code Root Purge: 0.0 ms]
   [Clear CT: 0.8 ms]
   [Other: 3.2 ms]
      [Choose CSet: 0.0 ms]
      [Ref Proc: 2.4 ms]
      [Ref Enq: 0.1 ms]
      [Redirty Cards: 0.1 ms]
      [Humongous Register: 0.0 ms]
      [Humongous Reclaim: 0.0 ms]
      [Free CSet: 0.3 ms]
   [Eden: 7152.0M(7152.0M)->0.0B(7152.0M) Survivors: 16384.0K->16384.0K Heap: 10774.0M(14336.0M)->3625.5M(14336.0M)]
 [Times: user=0.06 sys=0.01, real=0.02 secs] 
2022-07-30T11:39:50.586-0700: 743362.090: [GC concurrent-root-region-scan-start]
2022-07-30T11:39:50.595-0700: 743362.100: [GC concurrent-root-region-scan-end, 0.0098403 secs]
2022-07-30T11:39:50.595-0700: 743362.100: [GC concurrent-mark-start]
2022-07-30T11:39:53.327-0700: 743364.832: [GC concurrent-mark-end, 2.7316306 secs]
2022-07-30T11:39:53.328-0700: 743364.832: [GC remark 2022-07-30T11:39:53.328-0700: 743364.832: [Finalize Marking, 0.0002743 secs] 2022-07-30T11:39:53.328-0700: 743364.833: [GC ref-proc, 0.0057257 secs] 2022-07-30T11:39:53.334-0700: 743364.838: [Unloading, 0.0278776 secs], 0.0395952 secs]
 [Times: user=0.26 sys=0.00, real=0.04 secs] 
2022-07-30T11:39:53.368-0700: 743364.872: [GC cleanup 3857M->3857M(14336M), 0.0086085 secs]
 [Times: user=0.06 sys=0.00, real=0.01 secs] 
2022-07-30T11:41:47.830-0700: 743479.335: [GC pause (G1 Evacuation Pause) (young), 0.0114718 secs]
   [Parallel Time: 5.9 ms, GC Workers: 8]
      [GC Worker Start (ms): Min: 743479334.9, Avg: 743479335.0, Max: 743479335.1, Diff: 0.2]
      [Ext Root Scanning (ms): Min: 0.9, Avg: 1.6, Max: 5.5, Diff: 4.6, Sum: 13.1]
      [Update RS (ms): Min: 0.0, Avg: 1.4, Max: 2.2, Diff: 2.2, Sum: 10.8]
         [Processed Buffers: Min: 0, Avg: 5.1, Max: 10, Diff: 10, Sum: 41]
      [Scan RS (ms): Min: 0.0, Avg: 0.1, Max: 0.2, Diff: 0.1, Sum: 0.4]
      [Code Root Scanning (ms): Min: 0.0, Avg: 0.0, Max: 0.0, Diff: 0.0, Sum: 0.0]
      [Object Copy (ms): Min: 0.0, Avg: 1.7, Max: 2.1, Diff: 2.1, Sum: 13.7]
      [Termination (ms): Min: 0.0, Avg: 0.7, Max: 0.8, Diff: 0.8, Sum: 5.7]
         [Termination Attempts: Min: 1, Avg: 8.1, Max: 13, Diff: 12, Sum: 65]
      [GC Worker Other (ms): Min: 0.0, Avg: 0.0, Max: 0.0, Diff: 0.0, Sum: 0.1]
      [GC Worker Total (ms): Min: 5.4, Avg: 5.5, Max: 5.6, Diff: 0.2, Sum: 43.9]
      [GC Worker End (ms): Min: 743479340.5, Avg: 743479340.5, Max: 743479340.5, Diff: 0.0]
   [Code Root Fixup: 0.0 ms]
   [Code Root Purge: 0.0 ms]
   [Clear CT: 0.6 ms]
   [Other: 4.9 ms]
      [Choose CSet: 0.0 ms]
      [Ref Proc: 4.3 ms]
      [Ref Enq: 0.1 ms]
      [Redirty Cards: 0.1 ms]
      [Humongous Register: 0.0 ms]
      [Humongous Reclaim: 0.0 ms]
      [Free CSet: 0.3 ms]
   [Eden: 7152.0M(7152.0M)->0.0B(5712.0M) Survivors: 16384.0K->16384.0K Heap: 10777.5M(14336.0M)->3623.1M(14336.0M)]
 [Times: user=0.06 sys=0.00, real=0.01 secs] 
2022-07-30T11:43:19.562-0700: 743571.067: [GC pause (G1 Evacuation Pause) (mixed), 0.0144382 secs]
   [Parallel Time: 11.7 ms, GC Workers: 8]
      [GC Worker Start (ms): Min: 743571067.0, Avg: 743571067.1, Max: 743571067.1, Diff: 0.1]
      [Ext Root Scanning (ms): Min: 1.3, Avg: 2.2, Max: 6.6, Diff: 5.3, Sum: 17.4]
      [Update RS (ms): Min: 0.0, Avg: 2.1, Max: 3.2, Diff: 3.2, Sum: 17.1]
         [Processed Buffers: Min: 0, Avg: 5.9, Max: 12, Diff: 12, Sum: 47]
      [Scan RS (ms): Min: 0.0, Avg: 1.3, Max: 1.8, Diff: 1.8, Sum: 10.7]
      [Code Root Scanning (ms): Min: 0.0, Avg: 0.0, Max: 0.0, Diff: 0.0, Sum: 0.0]
      [Object Copy (ms): Min: 5.0, Avg: 5.9, Max: 6.1, Diff: 1.1, Sum: 47.2]
      [Termination (ms): Min: 0.0, Avg: 0.0, Max: 0.0, Diff: 0.0, Sum: 0.0]
         [Termination Attempts: Min: 1, Avg: 5.4, Max: 8, Diff: 7, Sum: 43]
      [GC Worker Other (ms): Min: 0.0, Avg: 0.0, Max: 0.1, Diff: 0.1, Sum: 0.3]
      [GC Worker Total (ms): Min: 11.6, Avg: 11.6, Max: 11.6, Diff: 0.1, Sum: 92.6]
      [GC Worker End (ms): Min: 743571078.6, Avg: 743571078.6, Max: 743571078.7, Diff: 0.0]
   [Code Root Fixup: 0.0 ms]
   [Code Root Purge: 0.0 ms]
   [Clear CT: 0.8 ms]
   [Other: 1.9 ms]
      [Choose CSet: 0.0 ms]
      [Ref Proc: 1.3 ms]
      [Ref Enq: 0.1 ms]
      [Redirty Cards: 0.1 ms]
      [Humongous Register: 0.1 ms]
      [Humongous Reclaim: 0.0 ms]
      [Free CSet: 0.2 ms]
   [Eden: 5712.0M(5712.0M)->0.0B(7152.0M) Survivors: 16384.0K->16384.0K Heap: 9335.1M(14336.0M)->3620.9M(14336.0M)]
 [Times: user=0.10 sys=0.00, real=0.02 secs] 
2022-07-30T11:45:16.416-0700: 743687.920: [GC pause (G1 Evacuation Pause) (young), 0.0130329 secs]
   [Parallel Time: 9.1 ms, GC Workers: 8]
      [GC Worker Start (ms): Min: 743687920.5, Avg: 743687920.6, Max: 743687920.6, Diff: 0.1]
      [Ext Root Scanning (ms): Min: 1.0, Avg: 1.6, Max: 5.2, Diff: 4.2, Sum: 13.2]
      [Update RS (ms): Min: 1.8, Avg: 5.2, Max: 6.3, Diff: 4.6, Sum: 41.7]
         [Processed Buffers: Min: 8, Avg: 14.1, Max: 25, Diff: 17, Sum: 113]
      [Scan RS (ms): Min: 0.0, Avg: 0.0, Max: 0.1, Diff: 0.1, Sum: 0.4]
      [Code Root Scanning (ms): Min: 0.0, Avg: 0.0, Max: 0.0, Diff: 0.0, Sum: 0.0]
      [Object Copy (ms): Min: 1.4, Avg: 1.8, Max: 2.0, Diff: 0.6, Sum: 14.7]
      [Termination (ms): Min: 0.0, Avg: 0.0, Max: 0.0, Diff: 0.0, Sum: 0.0]
         [Termination Attempts: Min: 1, Avg: 5.6, Max: 10, Diff: 9, Sum: 45]
      [GC Worker Other (ms): Min: 0.0, Avg: 0.0, Max: 0.1, Diff: 0.1, Sum: 0.4]
      [GC Worker Total (ms): Min: 8.7, Avg: 8.8, Max: 8.9, Diff: 0.2, Sum: 70.3]
      [GC Worker End (ms): Min: 743687929.3, Avg: 743687929.3, Max: 743687929.4, Diff: 0.1]
   [Code Root Fixup: 0.0 ms]
   [Code Root Purge: 0.0 ms]
   [Clear CT: 0.8 ms]
   [Other: 3.2 ms]
      [Choose CSet: 0.0 ms]
      [Ref Proc: 2.5 ms]
      [Ref Enq: 0.1 ms]
      [Redirty Cards: 0.1 ms]
      [Humongous Register: 0.1 ms]
      [Humongous Reclaim: 0.0 ms]
      [Free CSet: 0.3 ms]
   [Eden: 7152.0M(7152.0M)->0.0B(7152.0M) Survivors: 16384.0K->16384.0K Heap: 10772.9M(14336.0M)->3625.0M(14336.0M)]
 [Times: user=0.08 sys=0.00, real=0.01 secs] 
2022-07-30T11:47:14.025-0700: 743805.530: [GC pause (G1 Evacuation Pause) (young) (initial-mark), 0.0173084 secs]
   [Parallel Time: 12.0 ms, GC Workers: 8]
      [GC Worker Start (ms): Min: 743805532.0, Avg: 743805532.1, Max: 743805532.2, Diff: 0.2]
      [Ext Root Scanning (ms): Min: 5.5, Avg: 5.9, Max: 6.3, Diff: 0.7, Sum: 46.9]
      [Update RS (ms): Min: 1.6, Avg: 1.7, Max: 2.3, Diff: 0.7, Sum: 13.9]
         [Processed Buffers: Min: 3, Avg: 6.1, Max: 16, Diff: 13, Sum: 49]
      [Scan RS (ms): Min: 0.0, Avg: 0.1, Max: 0.1, Diff: 0.1, Sum: 0.4]
      [Code Root Scanning (ms): Min: 0.0, Avg: 0.0, Max: 0.0, Diff: 0.0, Sum: 0.0]
      [Object Copy (ms): Min: 1.0, Avg: 1.8, Max: 2.2, Diff: 1.2, Sum: 14.3]
      [Termination (ms): Min: 0.0, Avg: 0.0, Max: 0.0, Diff: 0.0, Sum: 0.1]
         [Termination Attempts: Min: 13, Avg: 22.4, Max: 27, Diff: 14, Sum: 179]
      [GC Worker Other (ms): Min: 0.0, Avg: 0.1, Max: 0.1, Diff: 0.1, Sum: 0.4]
      [GC Worker Total (ms): Min: 9.4, Avg: 9.5, Max: 9.7, Diff: 0.3, Sum: 76.0]
      [GC Worker End (ms): Min: 743805541.6, Avg: 743805541.6, Max: 743805541.7, Diff: 0.1]
   [Code Root Fixup: 0.0 ms]
   [Code Root Purge: 0.0 ms]
   [Clear CT: 0.8 ms]
   [Other: 4.5 ms]
      [Choose CSet: 0.0 ms]
      [Ref Proc: 3.8 ms]
      [Ref Enq: 0.1 ms]
      [Redirty Cards: 0.1 ms]
      [Humongous Register: 0.0 ms]
      [Humongous Reclaim: 0.0 ms]
      [Free CSet: 0.3 ms]
   [Eden: 7152.0M(7152.0M)->0.0B(7152.0M) Survivors: 16384.0K->16384.0K Heap: 10777.0M(14336.0M)->3627.1M(14336.0M)]
 [Times: user=0.07 sys=0.01, real=0.01 secs] 
2022-07-30T11:47:14.042-0700: 743805.547: [GC concurrent-root-region-scan-start]
2022-07-30T11:47:14.052-0700: 743805.557: [GC concurrent-root-region-scan-end, 0.0095359 secs]
2022-07-30T11:47:14.052-0700: 743805.557: [GC concurrent-mark-start]
2022-07-30T11:47:16.735-0700: 743808.240: [GC concurrent-mark-end, 2.6832598 secs]
2022-07-30T11:47:16.735-0700: 743808.240: [GC remark 2022-07-30T11:47:16.736-0700: 743808.240: [Finalize Marking, 0.0004288 secs] 2022-07-30T11:47:16.736-0700: 743808.241: [GC ref-proc, 0.0089961 secs] 2022-07-30T11:47:16.745-0700: 743808.250: [Unloading, 0.0278074 secs], 0.0430213 secs]
 [Times: user=0.26 sys=0.00, real=0.04 secs] 
2022-07-30T11:47:16.779-0700: 743808.284: [GC cleanup 3803M->3803M(14336M), 0.0092022 secs]
 [Times: user=0.06 sys=0.00, real=0.01 secs] 
2022-07-30T11:49:09.422-0700: 743920.927: [GC pause (G1 Evacuation Pause) (young), 0.0115923 secs]
   [Parallel Time: 6.1 ms, GC Workers: 8]
      [GC Worker Start (ms): Min: 743920927.2, Avg: 743920927.3, Max: 743920927.3, Diff: 0.1]
      [Ext Root Scanning (ms): Min: 0.9, Avg: 1.7, Max: 5.6, Diff: 4.8, Sum: 13.2]
      [Update RS (ms): Min: 0.0, Avg: 1.2, Max: 1.9, Diff: 1.9, Sum: 9.8]
         [Processed Buffers: Min: 0, Avg: 5.4, Max: 9, Diff: 9, Sum: 43]
      [Scan RS (ms): Min: 0.0, Avg: 0.0, Max: 0.1, Diff: 0.1, Sum: 0.4]
      [Code Root Scanning (ms): Min: 0.0, Avg: 0.0, Max: 0.0, Diff: 0.0, Sum: 0.0]
      [Object Copy (ms): Min: 0.0, Avg: 1.9, Max: 2.3, Diff: 2.3, Sum: 15.2]
      [Termination (ms): Min: 0.0, Avg: 0.8, Max: 0.9, Diff: 0.9, Sum: 6.5]
         [Termination Attempts: Min: 1, Avg: 12.4, Max: 20, Diff: 19, Sum: 99]
      [GC Worker Other (ms): Min: 0.0, Avg: 0.0, Max: 0.1, Diff: 0.0, Sum: 0.3]
      [GC Worker Total (ms): Min: 5.6, Avg: 5.7, Max: 5.7, Diff: 0.1, Sum: 45.4]
      [GC Worker End (ms): Min: 743920932.9, Avg: 743920933.0, Max: 743920933.0, Diff: 0.0]
   [Code Root Fixup: 0.0 ms]
   [Code Root Purge: 0.0 ms]
   [Clear CT: 0.7 ms]
   [Other: 4.8 ms]
      [Choose CSet: 0.0 ms]
      [Ref Proc: 4.2 ms]
      [Ref Enq: 0.1 ms]
      [Redirty Cards: 0.1 ms]
      [Humongous Register: 0.1 ms]
      [Humongous Reclaim: 0.0 ms]
      [Free CSet: 0.3 ms]
   [Eden: 7152.0M(7152.0M)->0.0B(5712.0M) Survivors: 16384.0K->16384.0K Heap: 10779.1M(14336.0M)->3631.3M(14336.0M)]
 [Times: user=0.05 sys=0.01, real=0.01 secs] 
2022-07-30T11:50:40.022-0700: 744011.527: [GC pause (G1 Evacuation Pause) (mixed), 0.0144280 secs]
   [Parallel Time: 8.5 ms, GC Workers: 8]
      [GC Worker Start (ms): Min: 744011527.5, Avg: 744011527.6, Max: 744011527.6, Diff: 0.1]
      [Ext Root Scanning (ms): Min: 1.1, Avg: 1.9, Max: 6.5, Diff: 5.4, Sum: 15.2]
      [Update RS (ms): Min: 0.0, Avg: 1.3, Max: 1.7, Diff: 1.7, Sum: 10.1]
         [Processed Buffers: Min: 0, Avg: 5.0, Max: 9, Diff: 9, Sum: 40]
      [Scan RS (ms): Min: 0.0, Avg: 0.9, Max: 1.2, Diff: 1.2, Sum: 7.5]
      [Code Root Scanning (ms): Min: 0.0, Avg: 0.0, Max: 0.0, Diff: 0.0, Sum: 0.0]
      [Object Copy (ms): Min: 1.8, Avg: 4.1, Max: 4.6, Diff: 2.8, Sum: 33.0]
      [Termination (ms): Min: 0.0, Avg: 0.0, Max: 0.0, Diff: 0.0, Sum: 0.0]
         [Termination Attempts: Min: 1, Avg: 4.2, Max: 7, Diff: 6, Sum: 34]
      [GC Worker Other (ms): Min: 0.0, Avg: 0.0, Max: 0.1, Diff: 0.1, Sum: 0.3]
      [GC Worker Total (ms): Min: 8.2, Avg: 8.3, Max: 8.4, Diff: 0.2, Sum: 66.1]
      [GC Worker End (ms): Min: 744011535.8, Avg: 744011535.8, Max: 744011535.9, Diff: 0.0]
   [Code Root Fixup: 0.0 ms]
   [Code Root Purge: 0.0 ms]
   [Clear CT: 0.7 ms]
   [Other: 5.2 ms]
      [Choose CSet: 0.0 ms]
      [Ref Proc: 4.3 ms]
      [Ref Enq: 0.1 ms]
      [Redirty Cards: 0.2 ms]
      [Humongous Register: 0.2 ms]
      [Humongous Reclaim: 0.0 ms]
      [Free CSet: 0.2 ms]
   [Eden: 5712.0M(5712.0M)->0.0B(7152.0M) Survivors: 16384.0K->16384.0K Heap: 9343.3M(14336.0M)->3620.6M(14336.0M)]
 [Times: user=0.08 sys=0.00, real=0.02 secs] 
2022-07-30T11:52:35.519-0700: 744127.024: [GC pause (G1 Evacuation Pause) (young), 0.0107624 secs]
   [Parallel Time: 8.0 ms, GC Workers: 8]
      [GC Worker Start (ms): Min: 744127024.3, Avg: 744127024.4, Max: 744127024.4, Diff: 0.1]
      [Ext Root Scanning (ms): Min: 1.0, Avg: 1.7, Max: 5.0, Diff: 4.0, Sum: 13.5]
      [Update RS (ms): Min: 1.1, Avg: 4.2, Max: 5.3, Diff: 4.2, Sum: 33.7]
         [Processed Buffers: Min: 7, Avg: 13.2, Max: 17, Diff: 10, Sum: 106]
      [Scan RS (ms): Min: 0.0, Avg: 0.0, Max: 0.1, Diff: 0.1, Sum: 0.4]
      [Code Root Scanning (ms): Min: 0.0, Avg: 0.0, Max: 0.0, Diff: 0.0, Sum: 0.0]
      [Object Copy (ms): Min: 1.3, Avg: 1.8, Max: 2.0, Diff: 0.7, Sum: 14.4]
      [Termination (ms): Min: 0.0, Avg: 0.0, Max: 0.0, Diff: 0.0, Sum: 0.1]
         [Termination Attempts: Min: 28, Avg: 35.9, Max: 45, Diff: 17, Sum: 287]
      [GC Worker Other (ms): Min: 0.0, Avg: 0.0, Max: 0.1, Diff: 0.1, Sum: 0.3]
      [GC Worker Total (ms): Min: 7.7, Avg: 7.8, Max: 7.9, Diff: 0.1, Sum: 62.4]
      [GC Worker End (ms): Min: 744127032.2, Avg: 744127032.2, Max: 744127032.2, Diff: 0.1]
   [Code Root Fixup: 0.0 ms]
   [Code Root Purge: 0.0 ms]
   [Clear CT: 0.7 ms]
   [Other: 2.0 ms]
      [Choose CSet: 0.0 ms]
      [Ref Proc: 1.4 ms]
      [Ref Enq: 0.1 ms]
      [Redirty Cards: 0.1 ms]
      [Humongous Register: 0.1 ms]
      [Humongous Reclaim: 0.0 ms]
      [Free CSet: 0.3 ms]
   [Eden: 7152.0M(7152.0M)->0.0B(7152.0M) Survivors: 16384.0K->16384.0K Heap: 10772.6M(14336.0M)->3629.2M(14336.0M)]
 [Times: user=0.07 sys=0.00, real=0.01 secs] 
2022-07-30T11:54:31.816-0700: 744243.321: [GC pause (G1 Evacuation Pause) (young) (initial-mark), 0.0175110 secs]
   [Parallel Time: 12.5 ms, GC Workers: 8]
      [GC Worker Start (ms): Min: 744243323.3, Avg: 744243323.4, Max: 744243323.5, Diff: 0.2]
      [Ext Root Scanning (ms): Min: 5.7, Avg: 6.0, Max: 6.3, Diff: 0.6, Sum: 47.7]
      [Update RS (ms): Min: 1.4, Avg: 1.6, Max: 2.1, Diff: 0.7, Sum: 12.8]
         [Processed Buffers: Min: 2, Avg: 5.5, Max: 15, Diff: 13, Sum: 44]
      [Scan RS (ms): Min: 0.0, Avg: 0.1, Max: 0.1, Diff: 0.1, Sum: 0.4]
      [Code Root Scanning (ms): Min: 0.0, Avg: 0.0, Max: 0.0, Diff: 0.0, Sum: 0.0]
      [Object Copy (ms): Min: 1.8, Avg: 2.3, Max: 2.6, Diff: 0.8, Sum: 18.1]
      [Termination (ms): Min: 0.0, Avg: 0.0, Max: 0.0, Diff: 0.0, Sum: 0.0]
         [Termination Attempts: Min: 1, Avg: 1.8, Max: 3, Diff: 2, Sum: 14]
      [GC Worker Other (ms): Min: 0.0, Avg: 0.1, Max: 0.2, Diff: 0.1, Sum: 0.6]
      [GC Worker Total (ms): Min: 9.8, Avg: 10.0, Max: 10.0, Diff: 0.2, Sum: 79.7]
      [GC Worker End (ms): Min: 744243333.3, Avg: 744243333.4, Max: 744243333.5, Diff: 0.1]
   [Code Root Fixup: 0.0 ms]
   [Code Root Purge: 0.0 ms]
   [Clear CT: 0.8 ms]
   [Other: 4.2 ms]
      [Choose CSet: 0.0 ms]
      [Ref Proc: 3.5 ms]
      [Ref Enq: 0.1 ms]
      [Redirty Cards: 0.1 ms]
      [Humongous Register: 0.0 ms]
      [Humongous Reclaim: 0.0 ms]
      [Free CSet: 0.3 ms]
   [Eden: 7152.0M(7152.0M)->0.0B(7152.0M) Survivors: 16384.0K->16384.0K Heap: 10781.2M(14336.0M)->3630.8M(14336.0M)]
 [Times: user=0.08 sys=0.00, real=0.01 secs] 
2022-07-30T11:54:31.834-0700: 744243.339: [GC concurrent-root-region-scan-start]
2022-07-30T11:54:31.844-0700: 744243.349: [GC concurrent-root-region-scan-end, 0.0101896 secs]
2022-07-30T11:54:31.844-0700: 744243.349: [GC concurrent-mark-start]
2022-07-30T11:54:34.550-0700: 744246.054: [GC concurrent-mark-end, 2.7056846 secs]
2022-07-30T11:54:34.550-0700: 744246.055: [GC remark 2022-07-30T11:54:34.550-0700: 744246.055: [Finalize Marking, 0.0002879 secs] 2022-07-30T11:54:34.550-0700: 744246.055: [GC ref-proc, 0.0090159 secs] 2022-07-30T11:54:34.559-0700: 744246.064: [Unloading, 0.0276024 secs], 0.0428374 secs]
 [Times: user=0.26 sys=0.00, real=0.04 secs] 
2022-07-30T11:54:34.593-0700: 744246.098: [GC cleanup 3854M->3854M(14336M), 0.0089303 secs]
 [Times: user=0.06 sys=0.00, real=0.01 secs] 
2022-07-30T11:56:28.568-0700: 744360.073: [GC pause (G1 Evacuation Pause) (young), 0.0091545 secs]
   [Parallel Time: 6.0 ms, GC Workers: 8]
      [GC Worker Start (ms): Min: 744360072.8, Avg: 744360072.9, Max: 744360072.9, Diff: 0.1]
      [Ext Root Scanning (ms): Min: 1.2, Avg: 1.9, Max: 5.7, Diff: 4.5, Sum: 15.2]
      [Update RS (ms): Min: 0.0, Avg: 1.5, Max: 2.2, Diff: 2.2, Sum: 12.4]
         [Processed Buffers: Min: 0, Avg: 5.4, Max: 10, Diff: 10, Sum: 43]
      [Scan RS (ms): Min: 0.0, Avg: 0.1, Max: 0.1, Diff: 0.1, Sum: 0.4]
      [Code Root Scanning (ms): Min: 0.0, Avg: 0.0, Max: 0.0, Diff: 0.0, Sum: 0.0]
      [Object Copy (ms): Min: 0.0, Avg: 2.1, Max: 2.6, Diff: 2.6, Sum: 16.8]
      [Termination (ms): Min: 0.0, Avg: 0.0, Max: 0.1, Diff: 0.1, Sum: 0.4]
         [Termination Attempts: Min: 1, Avg: 15.6, Max: 22, Diff: 21, Sum: 125]
      [GC Worker Other (ms): Min: 0.0, Avg: 0.0, Max: 0.0, Diff: 0.0, Sum: 0.2]
      [GC Worker Total (ms): Min: 5.6, Avg: 5.7, Max: 5.7, Diff: 0.1, Sum: 45.5]
      [GC Worker End (ms): Min: 744360078.5, Avg: 744360078.5, Max: 744360078.6, Diff: 0.1]
   [Code Root Fixup: 0.0 ms]
   [Code Root Purge: 0.0 ms]
   [Clear CT: 0.7 ms]
   [Other: 2.5 ms]
      [Choose CSet: 0.0 ms]
      [Ref Proc: 1.8 ms]
      [Ref Enq: 0.1 ms]
      [Redirty Cards: 0.1 ms]
      [Humongous Register: 0.1 ms]
      [Humongous Reclaim: 0.0 ms]
      [Free CSet: 0.3 ms]
   [Eden: 7152.0M(7152.0M)->0.0B(5712.0M) Survivors: 16384.0K->16384.0K Heap: 10782.8M(14336.0M)->3630.0M(14336.0M)]
 [Times: user=0.05 sys=0.01, real=0.01 secs] 
2022-07-30T11:57:59.564-0700: 744451.069: [GC pause (G1 Evacuation Pause) (mixed), 0.0127626 secs]
   [Parallel Time: 9.4 ms, GC Workers: 8]
      [GC Worker Start (ms): Min: 744451068.7, Avg: 744451068.8, Max: 744451068.9, Diff: 0.2]
      [Ext Root Scanning (ms): Min: 1.2, Avg: 2.1, Max: 6.6, Diff: 5.4, Sum: 16.5]
      [Update RS (ms): Min: 0.0, Avg: 2.1, Max: 3.0, Diff: 3.0, Sum: 17.0]
         [Processed Buffers: Min: 0, Avg: 6.4, Max: 12, Diff: 12, Sum: 51]
      [Scan RS (ms): Min: 0.0, Avg: 0.6, Max: 0.9, Diff: 0.9, Sum: 4.9]
      [Code Root Scanning (ms): Min: 0.0, Avg: 0.0, Max: 0.0, Diff: 0.0, Sum: 0.0]
      [Object Copy (ms): Min: 2.5, Avg: 4.3, Max: 4.7, Diff: 2.2, Sum: 34.6]
      [Termination (ms): Min: 0.0, Avg: 0.0, Max: 0.0, Diff: 0.0, Sum: 0.0]
         [Termination Attempts: Min: 1, Avg: 2.8, Max: 5, Diff: 4, Sum: 22]
      [GC Worker Other (ms): Min: 0.0, Avg: 0.1, Max: 0.1, Diff: 0.1, Sum: 0.6]
      [GC Worker Total (ms): Min: 9.1, Avg: 9.2, Max: 9.3, Diff: 0.1, Sum: 73.6]
      [GC Worker End (ms): Min: 744451078.0, Avg: 744451078.0, Max: 744451078.1, Diff: 0.1]
   [Code Root Fixup: 0.0 ms]
   [Code Root Purge: 0.0 ms]
   [Clear CT: 0.8 ms]
   [Other: 2.5 ms]
      [Choose CSet: 0.0 ms]
      [Ref Proc: 1.9 ms]
      [Ref Enq: 0.1 ms]
      [Redirty Cards: 0.1 ms]
      [Humongous Register: 0.1 ms]
      [Humongous Reclaim: 0.0 ms]
      [Free CSet: 0.2 ms]
   [Eden: 5712.0M(5712.0M)->0.0B(7152.0M) Survivors: 16384.0K->16384.0K Heap: 9342.0M(14336.0M)->3624.6M(14336.0M)]
 [Times: user=0.08 sys=0.00, real=0.01 secs] 
2022-07-30T11:59:55.172-0700: 744566.677: [GC pause (G1 Evacuation Pause) (young), 0.0112927 secs]
   [Parallel Time: 6.9 ms, GC Workers: 8]
      [GC Worker Start (ms): Min: 744566677.0, Avg: 744566677.1, Max: 744566677.1, Diff: 0.1]
      [Ext Root Scanning (ms): Min: 0.9, Avg: 1.6, Max: 5.1, Diff: 4.1, Sum: 12.9]
      [Update RS (ms): Min: 0.0, Avg: 3.1, Max: 3.8, Diff: 3.8, Sum: 25.0]
         [Processed Buffers: Min: 0, Avg: 10.5, Max: 18, Diff: 18, Sum: 84]
      [Scan RS (ms): Min: 0.0, Avg: 0.0, Max: 0.1, Diff: 0.1, Sum: 0.4]
      [Code Root Scanning (ms): Min: 0.0, Avg: 0.0, Max: 0.0, Diff: 0.0, Sum: 0.0]
      [Object Copy (ms): Min: 1.2, Avg: 1.7, Max: 1.9, Diff: 0.7, Sum: 13.6]
      [Termination (ms): Min: 0.0, Avg: 0.0, Max: 0.0, Diff: 0.0, Sum: 0.0]
         [Termination Attempts: Min: 1, Avg: 1.0, Max: 1, Diff: 0, Sum: 8]
      [GC Worker Other (ms): Min: 0.0, Avg: 0.1, Max: 0.1, Diff: 0.1, Sum: 0.5]
      [GC Worker Total (ms): Min: 6.5, Avg: 6.5, Max: 6.7, Diff: 0.2, Sum: 52.3]
      [GC Worker End (ms): Min: 744566683.5, Avg: 744566683.6, Max: 744566683.7, Diff: 0.1]
   [Code Root Fixup: 0.0 ms]
   [Code Root Purge: 0.0 ms]
   [Clear CT: 0.8 ms]
   [Other: 3.6 ms]
      [Choose CSet: 0.0 ms]
      [Ref Proc: 2.9 ms]
      [Ref Enq: 0.1 ms]
      [Redirty Cards: 0.1 ms]
      [Humongous Register: 0.1 ms]
      [Humongous Reclaim: 0.0 ms]
      [Free CSet: 0.3 ms]
   [Eden: 7152.0M(7152.0M)->0.0B(7152.0M) Survivors: 16384.0K->16384.0K Heap: 10776.6M(14336.0M)->3626.4M(14336.0M)]
 [Times: user=0.06 sys=0.00, real=0.02 secs] 
2022-07-30T12:01:52.561-0700: 744684.066: [GC pause (G1 Evacuation Pause) (young) (initial-mark), 0.0155414 secs]
   [Parallel Time: 11.4 ms, GC Workers: 8]
      [GC Worker Start (ms): Min: 744684067.7, Avg: 744684067.8, Max: 744684067.8, Diff: 0.1]
      [Ext Root Scanning (ms): Min: 5.7, Avg: 6.0, Max: 6.4, Diff: 0.7, Sum: 48.0]
      [Update RS (ms): Min: 1.4, Avg: 1.5, Max: 2.0, Diff: 0.7, Sum: 12.4]
         [Processed Buffers: Min: 4, Avg: 5.8, Max: 9, Diff: 5, Sum: 46]
      [Scan RS (ms): Min: 0.0, Avg: 0.0, Max: 0.1, Diff: 0.1, Sum: 0.4]
      [Code Root Scanning (ms): Min: 0.0, Avg: 0.0, Max: 0.0, Diff: 0.0, Sum: 0.0]
      [Object Copy (ms): Min: 1.4, Avg: 1.9, Max: 2.3, Diff: 0.8, Sum: 15.0]
      [Termination (ms): Min: 0.0, Avg: 0.0, Max: 0.0, Diff: 0.0, Sum: 0.0]
         [Termination Attempts: Min: 1, Avg: 4.4, Max: 9, Diff: 8, Sum: 35]
      [GC Worker Other (ms): Min: 0.0, Avg: 0.1, Max: 0.1, Diff: 0.1, Sum: 0.4]
      [GC Worker Total (ms): Min: 9.4, Avg: 9.5, Max: 9.6, Diff: 0.2, Sum: 76.2]
      [GC Worker End (ms): Min: 744684077.3, Avg: 744684077.3, Max: 744684077.3, Diff: 0.1]
   [Code Root Fixup: 0.0 ms]
   [Code Root Purge: 0.0 ms]
   [Clear CT: 0.7 ms]
   [Other: 3.4 ms]
      [Choose CSet: 0.0 ms]
      [Ref Proc: 2.7 ms]
      [Ref Enq: 0.1 ms]
      [Redirty Cards: 0.1 ms]
      [Humongous Register: 0.0 ms]
      [Humongous Reclaim: 0.0 ms]
      [Free CSet: 0.3 ms]
   [Eden: 7152.0M(7152.0M)->0.0B(7152.0M) Survivors: 16384.0K->16384.0K Heap: 10778.4M(14336.0M)->3628.2M(14336.0M)]
 [Times: user=0.07 sys=0.00, real=0.02 secs] 
2022-07-30T12:01:52.577-0700: 744684.082: [GC concurrent-root-region-scan-start]
2022-07-30T12:01:52.586-0700: 744684.091: [GC concurrent-root-region-scan-end, 0.0089926 secs]
2022-07-30T12:01:52.586-0700: 744684.091: [GC concurrent-mark-start]
2022-07-30T12:01:55.363-0700: 744686.867: [GC concurrent-mark-end, 2.7767844 secs]
2022-07-30T12:01:55.363-0700: 744686.868: [GC remark 2022-07-30T12:01:55.363-0700: 744686.868: [Finalize Marking, 0.0001397 secs] 2022-07-30T12:01:55.363-0700: 744686.868: [GC ref-proc, 0.0116466 secs] 2022-07-30T12:01:55.375-0700: 744686.879: [Unloading, 0.0275526 secs], 0.0451579 secs]
 [Times: user=0.26 sys=0.00, real=0.04 secs] 
2022-07-30T12:01:55.408-0700: 744686.913: [GC cleanup 3844M->3844M(14336M), 0.0090347 secs]
 [Times: user=0.07 sys=0.00, real=0.01 secs] 
2022-07-30T12:03:47.061-0700: 744798.566: [GC pause (G1 Evacuation Pause) (young), 0.0105605 secs]
   [Parallel Time: 6.7 ms, GC Workers: 8]
      [GC Worker Start (ms): Min: 744798566.1, Avg: 744798566.2, Max: 744798566.3, Diff: 0.2]
      [Ext Root Scanning (ms): Min: 1.2, Avg: 2.0, Max: 5.9, Diff: 4.7, Sum: 16.1]
      [Update RS (ms): Min: 0.0, Avg: 1.9, Max: 2.8, Diff: 2.8, Sum: 15.3]
         [Processed Buffers: Min: 0, Avg: 5.5, Max: 11, Diff: 11, Sum: 44]
      [Scan RS (ms): Min: 0.0, Avg: 0.1, Max: 0.1, Diff: 0.1, Sum: 0.5]
      [Code Root Scanning (ms): Min: 0.0, Avg: 0.0, Max: 0.0, Diff: 0.0, Sum: 0.0]
      [Object Copy (ms): Min: 0.7, Avg: 2.5, Max: 3.0, Diff: 2.3, Sum: 20.0]
      [Termination (ms): Min: 0.0, Avg: 0.0, Max: 0.0, Diff: 0.0, Sum: 0.0]
         [Termination Attempts: Min: 1, Avg: 9.6, Max: 15, Diff: 14, Sum: 77]
      [GC Worker Other (ms): Min: 0.0, Avg: 0.1, Max: 0.1, Diff: 0.1, Sum: 0.4]
      [GC Worker Total (ms): Min: 6.5, Avg: 6.5, Max: 6.6, Diff: 0.2, Sum: 52.3]
      [GC Worker End (ms): Min: 744798572.7, Avg: 744798572.7, Max: 744798572.8, Diff: 0.1]
   [Code Root Fixup: 0.0 ms]
   [Code Root Purge: 0.0 ms]
   [Clear CT: 0.7 ms]
   [Other: 3.1 ms]
      [Choose CSet: 0.0 ms]
      [Ref Proc: 2.3 ms]
      [Ref Enq: 0.1 ms]
      [Redirty Cards: 0.1 ms]
      [Humongous Register: 0.1 ms]
      [Humongous Reclaim: 0.0 ms]
      [Free CSet: 0.3 ms]
   [Eden: 7152.0M(7152.0M)->0.0B(5712.0M) Survivors: 16384.0K->16384.0K Heap: 10780.2M(14336.0M)->3632.3M(14336.0M)]
 [Times: user=0.06 sys=0.00, real=0.01 secs] 
2022-07-30T12:05:21.466-0700: 744892.971: [GC pause (G1 Evacuation Pause) (mixed), 0.0124398 secs]
   [Parallel Time: 9.0 ms, GC Workers: 8]
      [GC Worker Start (ms): Min: 744892971.4, Avg: 744892971.5, Max: 744892971.5, Diff: 0.1]
      [Ext Root Scanning (ms): Min: 1.2, Avg: 2.0, Max: 6.6, Diff: 5.5, Sum: 16.1]
      [Update RS (ms): Min: 0.0, Avg: 1.7, Max: 2.6, Diff: 2.6, Sum: 13.3]
         [Processed Buffers: Min: 0, Avg: 5.0, Max: 7, Diff: 7, Sum: 40]
      [Scan RS (ms): Min: 0.0, Avg: 1.0, Max: 1.4, Diff: 1.3, Sum: 8.1]
      [Code Root Scanning (ms): Min: 0.0, Avg: 0.0, Max: 0.0, Diff: 0.0, Sum: 0.0]
      [Object Copy (ms): Min: 2.1, Avg: 4.0, Max: 4.3, Diff: 2.2, Sum: 31.9]
      [Termination (ms): Min: 0.0, Avg: 0.0, Max: 0.0, Diff: 0.0, Sum: 0.0]
         [Termination Attempts: Min: 6, Avg: 10.9, Max: 20, Diff: 14, Sum: 87]
      [GC Worker Other (ms): Min: 0.0, Avg: 0.1, Max: 0.2, Diff: 0.2, Sum: 0.7]
      [GC Worker Total (ms): Min: 8.7, Avg: 8.8, Max: 8.9, Diff: 0.3, Sum: 70.2]
      [GC Worker End (ms): Min: 744892980.2, Avg: 744892980.2, Max: 744892980.3, Diff: 0.2]
   [Code Root Fixup: 0.0 ms]
   [Code Root Purge: 0.0 ms]
   [Clear CT: 0.7 ms]
   [Other: 2.7 ms]
      [Choose CSet: 0.0 ms]
      [Ref Proc: 2.1 ms]
      [Ref Enq: 0.1 ms]
      [Redirty Cards: 0.1 ms]
      [Humongous Register: 0.1 ms]
      [Humongous Reclaim: 0.0 ms]
      [Free CSet: 0.3 ms]
   [Eden: 5712.0M(5712.0M)->0.0B(7152.0M) Survivors: 16384.0K->16384.0K Heap: 9344.3M(14336.0M)->3619.7M(14336.0M)]
 [Times: user=0.08 sys=0.00, real=0.01 secs] 
2022-07-30T12:07:18.762-0700: 745010.267: [GC pause (G1 Evacuation Pause) (young), 0.0136605 secs]
   [Parallel Time: 8.8 ms, GC Workers: 8]
      [GC Worker Start (ms): Min: 745010266.9, Avg: 745010267.0, Max: 745010267.0, Diff: 0.1]
      [Ext Root Scanning (ms): Min: 1.3, Avg: 2.0, Max: 5.6, Diff: 4.3, Sum: 16.2]
      [Update RS (ms): Min: 1.4, Avg: 4.8, Max: 5.9, Diff: 4.5, Sum: 38.6]
         [Processed Buffers: Min: 6, Avg: 12.4, Max: 17, Diff: 11, Sum: 99]
      [Scan RS (ms): Min: 0.0, Avg: 0.0, Max: 0.1, Diff: 0.1, Sum: 0.3]
      [Code Root Scanning (ms): Min: 0.0, Avg: 0.0, Max: 0.0, Diff: 0.0, Sum: 0.0]
      [Object Copy (ms): Min: 1.2, Avg: 1.6, Max: 1.8, Diff: 0.7, Sum: 12.6]
      [Termination (ms): Min: 0.0, Avg: 0.0, Max: 0.0, Diff: 0.0, Sum: 0.0]
         [Termination Attempts: Min: 1, Avg: 1.0, Max: 1, Diff: 0, Sum: 8]
      [GC Worker Other (ms): Min: 0.0, Avg: 0.1, Max: 0.1, Diff: 0.1, Sum: 0.5]
      [GC Worker Total (ms): Min: 8.4, Avg: 8.5, Max: 8.7, Diff: 0.2, Sum: 68.3]
      [GC Worker End (ms): Min: 745010275.5, Avg: 745010275.5, Max: 745010275.6, Diff: 0.1]
   [Code Root Fixup: 0.0 ms]
   [Code Root Purge: 0.0 ms]
   [Clear CT: 0.8 ms]
   [Other: 4.1 ms]
      [Choose CSet: 0.0 ms]
      [Ref Proc: 3.4 ms]
      [Ref Enq: 0.1 ms]
      [Redirty Cards: 0.1 ms]
      [Humongous Register: 0.1 ms]
      [Humongous Reclaim: 0.0 ms]
      [Free CSet: 0.3 ms]
   [Eden: 7152.0M(7152.0M)->0.0B(7152.0M) Survivors: 16384.0K->16384.0K Heap: 10771.7M(14336.0M)->3625.7M(14336.0M)]
 [Times: user=0.09 sys=0.00, real=0.02 secs] 
2022-07-30T12:09:17.024-0700: 745128.529: [GC pause (G1 Evacuation Pause) (young) (initial-mark), 0.0157749 secs]
   [Parallel Time: 10.8 ms, GC Workers: 8]
      [GC Worker Start (ms): Min: 745128531.2, Avg: 745128531.3, Max: 745128531.3, Diff: 0.1]
      [Ext Root Scanning (ms): Min: 4.8, Avg: 5.0, Max: 5.4, Diff: 0.6, Sum: 40.4]
      [Update RS (ms): Min: 1.1, Avg: 1.2, Max: 1.6, Diff: 0.5, Sum: 9.8]
         [Processed Buffers: Min: 2, Avg: 5.4, Max: 8, Diff: 6, Sum: 43]
      [Scan RS (ms): Min: 0.0, Avg: 0.0, Max: 0.1, Diff: 0.1, Sum: 0.3]
      [Code Root Scanning (ms): Min: 0.0, Avg: 0.0, Max: 0.0, Diff: 0.0, Sum: 0.0]
      [Object Copy (ms): Min: 2.0, Avg: 2.2, Max: 2.6, Diff: 0.6, Sum: 17.9]
      [Termination (ms): Min: 0.0, Avg: 0.0, Max: 0.0, Diff: 0.0, Sum: 0.0]
         [Termination Attempts: Min: 2, Avg: 3.5, Max: 5, Diff: 3, Sum: 28]
      [GC Worker Other (ms): Min: 0.0, Avg: 0.1, Max: 0.1, Diff: 0.1, Sum: 0.4]
      [GC Worker Total (ms): Min: 8.5, Avg: 8.6, Max: 8.7, Diff: 0.2, Sum: 68.9]
      [GC Worker End (ms): Min: 745128539.9, Avg: 745128539.9, Max: 745128539.9, Diff: 0.1]
   [Code Root Fixup: 0.0 ms]
   [Code Root Purge: 0.0 ms]
   [Clear CT: 0.7 ms]
   [Other: 4.3 ms]
      [Choose CSet: 0.0 ms]
      [Ref Proc: 3.5 ms]
      [Ref Enq: 0.1 ms]
      [Redirty Cards: 0.1 ms]
      [Humongous Register: 0.0 ms]
      [Humongous Reclaim: 0.0 ms]
      [Free CSet: 0.3 ms]
   [Eden: 7152.0M(7152.0M)->0.0B(7152.0M) Survivors: 16384.0K->16384.0K Heap: 10777.7M(14336.0M)->3630.3M(14336.0M)]
 [Times: user=0.08 sys=0.00, real=0.01 secs] 
2022-07-30T12:09:17.040-0700: 745128.545: [GC concurrent-root-region-scan-start]
2022-07-30T12:09:17.051-0700: 745128.556: [GC concurrent-root-region-scan-end, 0.0107577 secs]
2022-07-30T12:09:17.051-0700: 745128.556: [GC concurrent-mark-start]
2022-07-30T12:09:19.760-0700: 745131.265: [GC concurrent-mark-end, 2.7093139 secs]
2022-07-30T12:09:19.761-0700: 745131.265: [GC remark 2022-07-30T12:09:19.761-0700: 745131.266: [Finalize Marking, 0.0002046 secs] 2022-07-30T12:09:19.761-0700: 745131.266: [GC ref-proc, 0.0107358 secs] 2022-07-30T12:09:19.772-0700: 745131.277: [Unloading, 0.0295106 secs], 0.0463083 secs]
 [Times: user=0.26 sys=0.00, real=0.05 secs] 
2022-07-30T12:09:19.807-0700: 745131.312: [GC cleanup 3838M->3838M(14336M), 0.0088366 secs]
 [Times: user=0.07 sys=0.00, real=0.01 secs] 
2022-07-30T12:11:12.673-0700: 745244.178: [GC pause (G1 Evacuation Pause) (young), 0.0090764 secs]
   [Parallel Time: 5.5 ms, GC Workers: 8]
      [GC Worker Start (ms): Min: 745244178.1, Avg: 745244178.1, Max: 745244178.2, Diff: 0.1]
      [Ext Root Scanning (ms): Min: 0.9, Avg: 1.6, Max: 5.4, Diff: 4.5, Sum: 13.2]
      [Update RS (ms): Min: 0.0, Avg: 1.3, Max: 1.9, Diff: 1.9, Sum: 10.3]
         [Processed Buffers: Min: 0, Avg: 4.9, Max: 12, Diff: 12, Sum: 39]
      [Scan RS (ms): Min: 0.0, Avg: 0.0, Max: 0.1, Diff: 0.1, Sum: 0.4]
      [Code Root Scanning (ms): Min: 0.0, Avg: 0.0, Max: 0.0, Diff: 0.0, Sum: 0.0]
      [Object Copy (ms): Min: 0.0, Avg: 1.8, Max: 2.2, Diff: 2.2, Sum: 14.4]
      [Termination (ms): Min: 0.0, Avg: 0.6, Max: 0.7, Diff: 0.7, Sum: 4.8]
         [Termination Attempts: Min: 1, Avg: 1.2, Max: 2, Diff: 1, Sum: 10]
      [GC Worker Other (ms): Min: 0.0, Avg: 0.0, Max: 0.0, Diff: 0.0, Sum: 0.1]
      [GC Worker Total (ms): Min: 5.3, Avg: 5.4, Max: 5.4, Diff: 0.1, Sum: 43.1]
      [GC Worker End (ms): Min: 745244183.5, Avg: 745244183.5, Max: 745244183.5, Diff: 0.0]
   [Code Root Fixup: 0.0 ms]
   [Code Root Purge: 0.0 ms]
   [Clear CT: 0.6 ms]
   [Other: 2.9 ms]
      [Choose CSet: 0.0 ms]
      [Ref Proc: 2.2 ms]
      [Ref Enq: 0.1 ms]
      [Redirty Cards: 0.1 ms]
      [Humongous Register: 0.1 ms]
      [Humongous Reclaim: 0.0 ms]
      [Free CSet: 0.3 ms]
   [Eden: 7152.0M(7152.0M)->0.0B(5712.0M) Survivors: 16384.0K->16384.0K Heap: 10782.3M(14336.0M)->3628.4M(14336.0M)]
 [Times: user=0.05 sys=0.00, real=0.01 secs] 
2022-07-30T12:12:45.722-0700: 745337.227: [GC pause (G1 Evacuation Pause) (mixed), 0.0109726 secs]
   [Parallel Time: 8.1 ms, GC Workers: 8]
      [GC Worker Start (ms): Min: 745337227.0, Avg: 745337227.1, Max: 745337227.1, Diff: 0.1]
      [Ext Root Scanning (ms): Min: 1.1, Avg: 1.9, Max: 6.3, Diff: 5.2, Sum: 15.6]
      [Update RS (ms): Min: 0.0, Avg: 1.6, Max: 2.4, Diff: 2.4, Sum: 12.9]
         [Processed Buffers: Min: 0, Avg: 6.5, Max: 12, Diff: 12, Sum: 52]
      [Scan RS (ms): Min: 0.0, Avg: 0.6, Max: 0.8, Diff: 0.8, Sum: 4.5]
      [Code Root Scanning (ms): Min: 0.0, Avg: 0.0, Max: 0.0, Diff: 0.0, Sum: 0.0]
      [Object Copy (ms): Min: 1.5, Avg: 3.6, Max: 4.0, Diff: 2.5, Sum: 29.0]
      [Termination (ms): Min: 0.0, Avg: 0.0, Max: 0.0, Diff: 0.0, Sum: 0.0]
         [Termination Attempts: Min: 1, Avg: 6.1, Max: 10, Diff: 9, Sum: 49]
      [GC Worker Other (ms): Min: 0.0, Avg: 0.1, Max: 0.1, Diff: 0.1, Sum: 0.4]
      [GC Worker Total (ms): Min: 7.7, Avg: 7.8, Max: 7.9, Diff: 0.1, Sum: 62.5]
      [GC Worker End (ms): Min: 745337234.9, Avg: 745337234.9, Max: 745337234.9, Diff: 0.1]
   [Code Root Fixup: 0.0 ms]
   [Code Root Purge: 0.0 ms]
   [Clear CT: 0.8 ms]
   [Other: 2.1 ms]
      [Choose CSet: 0.0 ms]
      [Ref Proc: 1.4 ms]
      [Ref Enq: 0.1 ms]
      [Redirty Cards: 0.1 ms]
      [Humongous Register: 0.1 ms]
      [Humongous Reclaim: 0.0 ms]
      [Free CSet: 0.2 ms]
   [Eden: 5712.0M(5712.0M)->0.0B(7152.0M) Survivors: 16384.0K->16384.0K Heap: 9340.4M(14336.0M)->3621.7M(14336.0M)]
 [Times: user=0.07 sys=0.00, real=0.01 secs] 
2022-07-30T12:14:41.513-0700: 745453.018: [GC pause (G1 Evacuation Pause) (young), 0.0136237 secs]
   [Parallel Time: 8.6 ms, GC Workers: 8]
      [GC Worker Start (ms): Min: 745453017.9, Avg: 745453018.0, Max: 745453018.1, Diff: 0.2]
      [Ext Root Scanning (ms): Min: 1.3, Avg: 2.1, Max: 5.7, Diff: 4.4, Sum: 16.7]
      [Update RS (ms): Min: 0.7, Avg: 3.9, Max: 4.5, Diff: 3.8, Sum: 31.3]
         [Processed Buffers: Min: 2, Avg: 10.1, Max: 14, Diff: 12, Sum: 81]
      [Scan RS (ms): Min: 0.0, Avg: 0.0, Max: 0.1, Diff: 0.1, Sum: 0.4]
      [Code Root Scanning (ms): Min: 0.0, Avg: 0.0, Max: 0.0, Diff: 0.0, Sum: 0.0]
      [Object Copy (ms): Min: 1.3, Avg: 2.2, Max: 2.4, Diff: 1.1, Sum: 17.3]
      [Termination (ms): Min: 0.0, Avg: 0.0, Max: 0.0, Diff: 0.0, Sum: 0.0]
         [Termination Attempts: Min: 1, Avg: 2.9, Max: 5, Diff: 4, Sum: 23]
      [GC Worker Other (ms): Min: 0.0, Avg: 0.1, Max: 0.1, Diff: 0.1, Sum: 0.5]
      [GC Worker Total (ms): Min: 8.2, Avg: 8.3, Max: 8.4, Diff: 0.2, Sum: 66.2]
      [GC Worker End (ms): Min: 745453026.2, Avg: 745453026.3, Max: 745453026.3, Diff: 0.1]
   [Code Root Fixup: 0.0 ms]
   [Code Root Purge: 0.0 ms]
   [Clear CT: 0.7 ms]
   [Other: 4.3 ms]
      [Choose CSet: 0.0 ms]
      [Ref Proc: 3.6 ms]
      [Ref Enq: 0.1 ms]
      [Redirty Cards: 0.1 ms]
      [Humongous Register: 0.1 ms]
      [Humongous Reclaim: 0.0 ms]
      [Free CSet: 0.3 ms]
   [Eden: 7152.0M(7152.0M)->0.0B(7152.0M) Survivors: 16384.0K->16384.0K Heap: 10773.7M(14336.0M)->3626.4M(14336.0M)]
 [Times: user=0.08 sys=0.00, real=0.02 secs] 
2022-07-30T12:16:37.668-0700: 745569.173: [GC pause (G1 Evacuation Pause) (young) (initial-mark), 0.0164658 secs]
   [Parallel Time: 11.4 ms, GC Workers: 8]
      [GC Worker Start (ms): Min: 745569174.9, Avg: 745569175.0, Max: 745569175.1, Diff: 0.2]
      [Ext Root Scanning (ms): Min: 5.6, Avg: 5.8, Max: 6.1, Diff: 0.5, Sum: 46.7]
      [Update RS (ms): Min: 1.2, Avg: 1.4, Max: 1.8, Diff: 0.6, Sum: 11.1]
         [Processed Buffers: Min: 3, Avg: 5.1, Max: 8, Diff: 5, Sum: 41]
      [Scan RS (ms): Min: 0.0, Avg: 0.0, Max: 0.1, Diff: 0.1, Sum: 0.4]
      [Code Root Scanning (ms): Min: 0.0, Avg: 0.0, Max: 0.0, Diff: 0.0, Sum: 0.0]
      [Object Copy (ms): Min: 1.4, Avg: 2.0, Max: 2.3, Diff: 0.9, Sum: 16.0]
      [Termination (ms): Min: 0.0, Avg: 0.0, Max: 0.0, Diff: 0.0, Sum: 0.0]
         [Termination Attempts: Min: 1, Avg: 1.2, Max: 2, Diff: 1, Sum: 10]
      [GC Worker Other (ms): Min: 0.0, Avg: 0.1, Max: 0.2, Diff: 0.1, Sum: 0.6]
      [GC Worker Total (ms): Min: 9.3, Avg: 9.3, Max: 9.4, Diff: 0.2, Sum: 74.7]
      [GC Worker End (ms): Min: 745569184.3, Avg: 745569184.4, Max: 745569184.4, Diff: 0.1]
   [Code Root Fixup: 0.0 ms]
   [Code Root Purge: 0.0 ms]
   [Clear CT: 0.8 ms]
   [Other: 4.2 ms]
      [Choose CSet: 0.0 ms]
      [Ref Proc: 3.5 ms]
      [Ref Enq: 0.1 ms]
      [Redirty Cards: 0.1 ms]
      [Humongous Register: 0.0 ms]
      [Humongous Reclaim: 0.0 ms]
      [Free CSet: 0.3 ms]
   [Eden: 7152.0M(7152.0M)->0.0B(7152.0M) Survivors: 16384.0K->16384.0K Heap: 10778.4M(14336.0M)->3627.6M(14336.0M)]
 [Times: user=0.08 sys=0.00, real=0.02 secs] 
2022-07-30T12:16:37.685-0700: 745569.190: [GC concurrent-root-region-scan-start]
2022-07-30T12:16:37.694-0700: 745569.199: [GC concurrent-root-region-scan-end, 0.0094342 secs]
2022-07-30T12:16:37.694-0700: 745569.199: [GC concurrent-mark-start]
2022-07-30T12:16:40.379-0700: 745571.884: [GC concurrent-mark-end, 2.6851876 secs]
2022-07-30T12:16:40.380-0700: 745571.885: [GC remark 2022-07-30T12:16:40.380-0700: 745571.885: [Finalize Marking, 0.0004559 secs] 2022-07-30T12:16:40.380-0700: 745571.885: [GC ref-proc, 0.0118003 secs] 2022-07-30T12:16:40.392-0700: 745571.897: [Unloading, 0.0276490 secs], 0.0457075 secs]
 [Times: user=0.26 sys=0.00, real=0.05 secs] 
2022-07-30T12:16:40.426-0700: 745571.931: [GC cleanup 3835M->3835M(14336M), 0.0086540 secs]
 [Times: user=0.06 sys=0.00, real=0.01 secs] 
2022-07-30T12:18:31.670-0700: 745683.175: [GC pause (G1 Evacuation Pause) (young), 0.0103457 secs]
   [Parallel Time: 5.6 ms, GC Workers: 8]
      [GC Worker Start (ms): Min: 745683174.8, Avg: 745683174.9, Max: 745683174.9, Diff: 0.1]
      [Ext Root Scanning (ms): Min: 1.0, Avg: 1.8, Max: 5.3, Diff: 4.3, Sum: 14.1]
      [Update RS (ms): Min: 0.0, Avg: 1.6, Max: 2.3, Diff: 2.3, Sum: 13.1]
         [Processed Buffers: Min: 0, Avg: 6.5, Max: 18, Diff: 18, Sum: 52]
      [Scan RS (ms): Min: 0.0, Avg: 0.1, Max: 0.1, Diff: 0.1, Sum: 0.4]
      [Code Root Scanning (ms): Min: 0.0, Avg: 0.0, Max: 0.0, Diff: 0.0, Sum: 0.0]
      [Object Copy (ms): Min: 0.1, Avg: 1.9, Max: 2.4, Diff: 2.3, Sum: 15.3]
      [Termination (ms): Min: 0.0, Avg: 0.0, Max: 0.0, Diff: 0.0, Sum: 0.1]
         [Termination Attempts: Min: 7, Avg: 31.5, Max: 43, Diff: 36, Sum: 252]
      [GC Worker Other (ms): Min: 0.0, Avg: 0.1, Max: 0.1, Diff: 0.1, Sum: 0.5]
      [GC Worker Total (ms): Min: 5.4, Avg: 5.4, Max: 5.5, Diff: 0.1, Sum: 43.6]
      [GC Worker End (ms): Min: 745683180.3, Avg: 745683180.3, Max: 745683180.4, Diff: 0.1]
   [Code Root Fixup: 0.0 ms]
   [Code Root Purge: 0.0 ms]
   [Clear CT: 0.6 ms]
   [Other: 4.1 ms]
      [Choose CSet: 0.0 ms]
      [Ref Proc: 3.4 ms]
      [Ref Enq: 0.1 ms]
      [Redirty Cards: 0.1 ms]
      [Humongous Register: 0.0 ms]
      [Humongous Reclaim: 0.0 ms]
      [Free CSet: 0.3 ms]
   [Eden: 7152.0M(7152.0M)->0.0B(5712.0M) Survivors: 16384.0K->16384.0K Heap: 10779.6M(14336.0M)->3629.8M(14336.0M)]
 [Times: user=0.06 sys=0.00, real=0.01 secs] 
2022-07-30T12:20:06.174-0700: 745777.679: [GC pause (G1 Evacuation Pause) (mixed), 0.0148854 secs]
   [Parallel Time: 9.5 ms, GC Workers: 8]
      [GC Worker Start (ms): Min: 745777679.0, Avg: 745777679.0, Max: 745777679.0, Diff: 0.1]
      [Ext Root Scanning (ms): Min: 1.3, Avg: 2.1, Max: 5.8, Diff: 4.5, Sum: 17.0]
      [Update RS (ms): Min: 0.0, Avg: 1.4, Max: 2.2, Diff: 2.2, Sum: 10.9]
         [Processed Buffers: Min: 0, Avg: 5.4, Max: 11, Diff: 11, Sum: 43]
      [Scan RS (ms): Min: 0.0, Avg: 0.8, Max: 1.3, Diff: 1.3, Sum: 6.7]
      [Code Root Scanning (ms): Min: 0.0, Avg: 0.0, Max: 0.0, Diff: 0.0, Sum: 0.0]
      [Object Copy (ms): Min: 3.4, Avg: 4.9, Max: 8.0, Diff: 4.6, Sum: 39.1]
      [Termination (ms): Min: 0.0, Avg: 0.1, Max: 0.2, Diff: 0.2, Sum: 1.2]
         [Termination Attempts: Min: 1, Avg: 27.8, Max: 39, Diff: 38, Sum: 222]
      [GC Worker Other (ms): Min: 0.0, Avg: 0.0, Max: 0.0, Diff: 0.0, Sum: 0.1]
      [GC Worker Total (ms): Min: 9.3, Avg: 9.4, Max: 9.4, Diff: 0.1, Sum: 75.0]
      [GC Worker End (ms): Min: 745777688.4, Avg: 745777688.4, Max: 745777688.4, Diff: 0.0]
   [Code Root Fixup: 0.0 ms]
   [Code Root Purge: 0.0 ms]
   [Clear CT: 0.7 ms]
   [Other: 4.8 ms]
      [Choose CSet: 0.0 ms]
      [Ref Proc: 4.2 ms]
      [Ref Enq: 0.1 ms]
      [Redirty Cards: 0.1 ms]
      [Humongous Register: 0.0 ms]
      [Humongous Reclaim: 0.0 ms]
      [Free CSet: 0.2 ms]
   [Eden: 5712.0M(5712.0M)->0.0B(7152.0M) Survivors: 16384.0K->16384.0K Heap: 9341.8M(14336.0M)->3618.9M(14336.0M)]
 [Times: user=0.09 sys=0.00, real=0.02 secs] 
2022-07-30T12:22:03.823-0700: 745895.328: [GC pause (G1 Evacuation Pause) (young), 0.0101792 secs]
   [Parallel Time: 7.2 ms, GC Workers: 8]
      [GC Worker Start (ms): Min: 745895328.1, Avg: 745895328.2, Max: 745895328.2, Diff: 0.1]
      [Ext Root Scanning (ms): Min: 0.9, Avg: 1.6, Max: 5.0, Diff: 4.0, Sum: 13.0]
      [Update RS (ms): Min: 0.6, Avg: 3.8, Max: 4.8, Diff: 4.2, Sum: 30.1]
         [Processed Buffers: Min: 9, Avg: 11.8, Max: 14, Diff: 5, Sum: 94]
      [Scan RS (ms): Min: 0.0, Avg: 0.0, Max: 0.1, Diff: 0.1, Sum: 0.4]
      [Code Root Scanning (ms): Min: 0.0, Avg: 0.0, Max: 0.0, Diff: 0.0, Sum: 0.0]
      [Object Copy (ms): Min: 1.1, Avg: 1.5, Max: 1.7, Diff: 0.6, Sum: 12.2]
      [Termination (ms): Min: 0.0, Avg: 0.0, Max: 0.0, Diff: 0.0, Sum: 0.1]
         [Termination Attempts: Min: 15, Avg: 22.1, Max: 32, Diff: 17, Sum: 177]
      [GC Worker Other (ms): Min: 0.0, Avg: 0.1, Max: 0.1, Diff: 0.1, Sum: 0.4]
      [GC Worker Total (ms): Min: 6.9, Avg: 7.0, Max: 7.1, Diff: 0.2, Sum: 56.1]
      [GC Worker End (ms): Min: 745895335.2, Avg: 745895335.2, Max: 745895335.2, Diff: 0.1]
   [Code Root Fixup: 0.0 ms]
   [Code Root Purge: 0.0 ms]
   [Clear CT: 0.7 ms]
   [Other: 2.2 ms]
      [Choose CSet: 0.0 ms]
      [Ref Proc: 1.6 ms]
      [Ref Enq: 0.1 ms]
      [Redirty Cards: 0.1 ms]
      [Humongous Register: 0.1 ms]
      [Humongous Reclaim: 0.0 ms]
      [Free CSet: 0.3 ms]
   [Eden: 7152.0M(7152.0M)->0.0B(7152.0M) Survivors: 16384.0K->16384.0K Heap: 10770.9M(14336.0M)->3625.0M(14336.0M)]
 [Times: user=0.06 sys=0.00, real=0.00 secs] 
2022-07-30T12:24:02.044-0700: 746013.549: [GC pause (G1 Evacuation Pause) (young) (initial-mark), 0.0160349 secs]
   [Parallel Time: 11.2 ms, GC Workers: 8]
      [GC Worker Start (ms): Min: 746013551.4, Avg: 746013551.5, Max: 746013551.6, Diff: 0.2]
      [Ext Root Scanning (ms): Min: 5.0, Avg: 5.2, Max: 5.5, Diff: 0.6, Sum: 41.7]
      [Update RS (ms): Min: 1.2, Avg: 1.4, Max: 1.8, Diff: 0.6, Sum: 10.8]
         [Processed Buffers: Min: 3, Avg: 5.4, Max: 8, Diff: 5, Sum: 43]
      [Scan RS (ms): Min: 0.0, Avg: 0.0, Max: 0.1, Diff: 0.1, Sum: 0.4]
      [Code Root Scanning (ms): Min: 0.0, Avg: 0.0, Max: 0.0, Diff: 0.0, Sum: 0.0]
      [Object Copy (ms): Min: 1.7, Avg: 2.0, Max: 2.3, Diff: 0.6, Sum: 16.0]
      [Termination (ms): Min: 0.0, Avg: 0.0, Max: 0.0, Diff: 0.0, Sum: 0.0]
         [Termination Attempts: Min: 1, Avg: 8.8, Max: 12, Diff: 11, Sum: 70]
      [GC Worker Other (ms): Min: 0.0, Avg: 0.1, Max: 0.1, Diff: 0.1, Sum: 0.5]
      [GC Worker Total (ms): Min: 8.6, Avg: 8.7, Max: 8.8, Diff: 0.3, Sum: 69.4]
      [GC Worker End (ms): Min: 746013560.2, Avg: 746013560.2, Max: 746013560.3, Diff: 0.1]
   [Code Root Fixup: 0.0 ms]
   [Code Root Purge: 0.0 ms]
   [Clear CT: 0.8 ms]
   [Other: 4.0 ms]
      [Choose CSet: 0.0 ms]
      [Ref Proc: 3.2 ms]
      [Ref Enq: 0.1 ms]
      [Redirty Cards: 0.1 ms]
      [Humongous Register: 0.0 ms]
      [Humongous Reclaim: 0.0 ms]
      [Free CSet: 0.3 ms]
   [Eden: 7152.0M(7152.0M)->0.0B(7152.0M) Survivors: 16384.0K->16384.0K Heap: 10777.0M(14336.0M)->3629.6M(14336.0M)]
 [Times: user=0.08 sys=0.00, real=0.01 secs] 
2022-07-30T12:24:02.061-0700: 746013.565: [GC concurrent-root-region-scan-start]
2022-07-30T12:24:02.074-0700: 746013.579: [GC concurrent-root-region-scan-end, 0.0137037 secs]
2022-07-30T12:24:02.074-0700: 746013.579: [GC concurrent-mark-start]
2022-07-30T12:24:04.748-0700: 746016.252: [GC concurrent-mark-end, 2.6732264 secs]
2022-07-30T12:24:04.748-0700: 746016.253: [GC remark 2022-07-30T12:24:04.748-0700: 746016.253: [Finalize Marking, 0.0004218 secs] 2022-07-30T12:24:04.748-0700: 746016.253: [GC ref-proc, 0.0060001 secs] 2022-07-30T12:24:04.754-0700: 746016.259: [Unloading, 0.0300191 secs], 0.0421873 secs]
 [Times: user=0.26 sys=0.00, real=0.04 secs] 
2022-07-30T12:24:04.790-0700: 746016.295: [GC cleanup 3845M->3845M(14336M), 0.0084791 secs]
 [Times: user=0.06 sys=0.00, real=0.01 secs] 
2022-07-30T12:25:58.265-0700: 746129.770: [GC pause (G1 Evacuation Pause) (young), 0.0110630 secs]
   [Parallel Time: 6.3 ms, GC Workers: 8]
      [GC Worker Start (ms): Min: 746129770.1, Avg: 746129770.2, Max: 746129770.3, Diff: 0.1]
      [Ext Root Scanning (ms): Min: 1.1, Avg: 1.8, Max: 5.8, Diff: 4.7, Sum: 14.7]
      [Update RS (ms): Min: 0.0, Avg: 1.8, Max: 2.3, Diff: 2.3, Sum: 14.3]
         [Processed Buffers: Min: 0, Avg: 5.6, Max: 10, Diff: 10, Sum: 45]
      [Scan RS (ms): Min: 0.0, Avg: 0.1, Max: 0.1, Diff: 0.1, Sum: 0.5]
      [Code Root Scanning (ms): Min: 0.0, Avg: 0.0, Max: 0.0, Diff: 0.0, Sum: 0.0]
      [Object Copy (ms): Min: 0.1, Avg: 2.2, Max: 2.7, Diff: 2.6, Sum: 17.5]
      [Termination (ms): Min: 0.0, Avg: 0.0, Max: 0.0, Diff: 0.0, Sum: 0.0]
         [Termination Attempts: Min: 1, Avg: 3.5, Max: 5, Diff: 4, Sum: 28]
      [GC Worker Other (ms): Min: 0.0, Avg: 0.1, Max: 0.1, Diff: 0.1, Sum: 0.4]
      [GC Worker Total (ms): Min: 5.8, Avg: 5.9, Max: 6.0, Diff: 0.2, Sum: 47.4]
      [GC Worker End (ms): Min: 746129776.1, Avg: 746129776.1, Max: 746129776.2, Diff: 0.1]
   [Code Root Fixup: 0.0 ms]
   [Code Root Purge: 0.0 ms]
   [Clear CT: 0.7 ms]
   [Other: 4.1 ms]
      [Choose CSet: 0.0 ms]
      [Ref Proc: 3.5 ms]
      [Ref Enq: 0.1 ms]
      [Redirty Cards: 0.1 ms]
      [Humongous Register: 0.1 ms]
      [Humongous Reclaim: 0.0 ms]
      [Free CSet: 0.3 ms]
   [Eden: 7152.0M(7152.0M)->0.0B(5712.0M) Survivors: 16384.0K->16384.0K Heap: 10781.6M(14336.0M)->3627.1M(14336.0M)]
 [Times: user=0.06 sys=0.00, real=0.01 secs] 
2022-07-30T12:27:32.822-0700: 746224.327: [GC pause (G1 Evacuation Pause) (mixed), 0.0110254 secs]
   [Parallel Time: 8.0 ms, GC Workers: 8]
      [GC Worker Start (ms): Min: 746224326.9, Avg: 746224326.9, Max: 746224327.0, Diff: 0.1]
      [Ext Root Scanning (ms): Min: 1.2, Avg: 2.0, Max: 6.3, Diff: 5.0, Sum: 16.3]
      [Update RS (ms): Min: 0.0, Avg: 1.3, Max: 1.7, Diff: 1.7, Sum: 10.7]
         [Processed Buffers: Min: 0, Avg: 5.4, Max: 9, Diff: 9, Sum: 43]
      [Scan RS (ms): Min: 0.0, Avg: 0.6, Max: 0.9, Diff: 0.9, Sum: 5.1]
      [Code Root Scanning (ms): Min: 0.0, Avg: 0.0, Max: 0.0, Diff: 0.0, Sum: 0.0]
      [Object Copy (ms): Min: 1.4, Avg: 3.7, Max: 4.1, Diff: 2.6, Sum: 29.6]
      [Termination (ms): Min: 0.0, Avg: 0.0, Max: 0.0, Diff: 0.0, Sum: 0.0]
         [Termination Attempts: Min: 1, Avg: 1.0, Max: 1, Diff: 0, Sum: 8]
      [GC Worker Other (ms): Min: 0.0, Avg: 0.1, Max: 0.1, Diff: 0.1, Sum: 0.5]
      [GC Worker Total (ms): Min: 7.7, Avg: 7.8, Max: 7.9, Diff: 0.2, Sum: 62.2]
      [GC Worker End (ms): Min: 746224334.7, Avg: 746224334.7, Max: 746224334.8, Diff: 0.1]
   [Code Root Fixup: 0.0 ms]
   [Code Root Purge: 0.0 ms]
   [Clear CT: 0.8 ms]
   [Other: 2.2 ms]
      [Choose CSet: 0.0 ms]
      [Ref Proc: 1.6 ms]
      [Ref Enq: 0.1 ms]
      [Redirty Cards: 0.1 ms]
      [Humongous Register: 0.1 ms]
      [Humongous Reclaim: 0.0 ms]
      [Free CSet: 0.2 ms]
   [Eden: 5712.0M(5712.0M)->0.0B(7152.0M) Survivors: 16384.0K->16384.0K Heap: 9339.1M(14336.0M)->3619.2M(14336.0M)]
 [Times: user=0.07 sys=0.01, real=0.01 secs] 
2022-07-30T12:29:28.020-0700: 746339.525: [GC pause (G1 Evacuation Pause) (young), 0.0120359 secs]
   [Parallel Time: 7.6 ms, GC Workers: 8]
      [GC Worker Start (ms): Min: 746339525.2, Avg: 746339525.3, Max: 746339525.4, Diff: 0.2]
      [Ext Root Scanning (ms): Min: 0.9, Avg: 1.6, Max: 5.3, Diff: 4.4, Sum: 13.0]
      [Update RS (ms): Min: 0.0, Avg: 3.4, Max: 4.5, Diff: 4.5, Sum: 26.9]
         [Processed Buffers: Min: 0, Avg: 10.8, Max: 16, Diff: 16, Sum: 86]
      [Scan RS (ms): Min: 0.0, Avg: 0.1, Max: 0.1, Diff: 0.1, Sum: 0.4]
      [Code Root Scanning (ms): Min: 0.0, Avg: 0.0, Max: 0.0, Diff: 0.0, Sum: 0.0]
      [Object Copy (ms): Min: 1.7, Avg: 2.2, Max: 2.3, Diff: 0.6, Sum: 17.2]
      [Termination (ms): Min: 0.0, Avg: 0.0, Max: 0.0, Diff: 0.0, Sum: 0.0]
         [Termination Attempts: Min: 1, Avg: 10.4, Max: 16, Diff: 15, Sum: 83]
      [GC Worker Other (ms): Min: 0.0, Avg: 0.0, Max: 0.1, Diff: 0.1, Sum: 0.4]
      [GC Worker Total (ms): Min: 7.2, Avg: 7.2, Max: 7.4, Diff: 0.2, Sum: 58.0]
      [GC Worker End (ms): Min: 746339532.5, Avg: 746339532.5, Max: 746339532.6, Diff: 0.1]
   [Code Root Fixup: 0.0 ms]
   [Code Root Purge: 0.0 ms]
   [Clear CT: 0.7 ms]
   [Other: 3.7 ms]
      [Choose CSet: 0.0 ms]
      [Ref Proc: 2.9 ms]
      [Ref Enq: 0.2 ms]
      [Redirty Cards: 0.1 ms]
      [Humongous Register: 0.0 ms]
      [Humongous Reclaim: 0.0 ms]
      [Free CSet: 0.3 ms]
   [Eden: 7152.0M(7152.0M)->0.0B(7152.0M) Survivors: 16384.0K->16384.0K Heap: 10771.2M(14336.0M)->3625.8M(14336.0M)]
 [Times: user=0.07 sys=0.00, real=0.01 secs] 
2022-07-30T12:31:22.073-0700: 746453.577: [GC pause (G1 Evacuation Pause) (young) (initial-mark), 0.0159686 secs]
   [Parallel Time: 11.9 ms, GC Workers: 8]
      [GC Worker Start (ms): Min: 746453579.7, Avg: 746453579.7, Max: 746453579.8, Diff: 0.2]
      [Ext Root Scanning (ms): Min: 5.8, Avg: 6.0, Max: 6.3, Diff: 0.5, Sum: 47.9]
      [Update RS (ms): Min: 1.3, Avg: 1.5, Max: 1.8, Diff: 0.5, Sum: 11.8]
         [Processed Buffers: Min: 3, Avg: 5.6, Max: 11, Diff: 8, Sum: 45]
      [Scan RS (ms): Min: 0.0, Avg: 0.0, Max: 0.1, Diff: 0.1, Sum: 0.4]
      [Code Root Scanning (ms): Min: 0.0, Avg: 0.0, Max: 0.0, Diff: 0.0, Sum: 0.0]
      [Object Copy (ms): Min: 1.8, Avg: 2.1, Max: 2.5, Diff: 0.7, Sum: 17.1]
      [Termination (ms): Min: 0.0, Avg: 0.0, Max: 0.0, Diff: 0.0, Sum: 0.0]
         [Termination Attempts: Min: 1, Avg: 2.5, Max: 5, Diff: 4, Sum: 20]
      [GC Worker Other (ms): Min: 0.0, Avg: 0.1, Max: 0.1, Diff: 0.1, Sum: 0.5]
      [GC Worker Total (ms): Min: 9.6, Avg: 9.7, Max: 9.8, Diff: 0.2, Sum: 77.7]
      [GC Worker End (ms): Min: 746453589.4, Avg: 746453589.4, Max: 746453589.5, Diff: 0.1]
   [Code Root Fixup: 0.0 ms]
   [Code Root Purge: 0.0 ms]
   [Clear CT: 0.8 ms]
   [Other: 3.2 ms]
      [Choose CSet: 0.0 ms]
      [Ref Proc: 2.5 ms]
      [Ref Enq: 0.1 ms]
      [Redirty Cards: 0.1 ms]
      [Humongous Register: 0.0 ms]
      [Humongous Reclaim: 0.0 ms]
      [Free CSet: 0.3 ms]
   [Eden: 7152.0M(7152.0M)->0.0B(7152.0M) Survivors: 16384.0K->16384.0K Heap: 10777.8M(14336.0M)->3627.7M(14336.0M)]
 [Times: user=0.07 sys=0.01, real=0.02 secs] 
2022-07-30T12:31:22.089-0700: 746453.594: [GC concurrent-root-region-scan-start]
2022-07-30T12:31:22.098-0700: 746453.603: [GC concurrent-root-region-scan-end, 0.0093900 secs]
2022-07-30T12:31:22.098-0700: 746453.603: [GC concurrent-mark-start]
2022-07-30T12:31:24.795-0700: 746456.299: [GC concurrent-mark-end, 2.6962946 secs]
2022-07-30T12:31:24.795-0700: 746456.300: [GC remark 2022-07-30T12:31:24.795-0700: 746456.300: [Finalize Marking, 0.0004808 secs] 2022-07-30T12:31:24.795-0700: 746456.300: [GC ref-proc, 0.0071906 secs] 2022-07-30T12:31:24.803-0700: 746456.307: [Unloading, 0.0286805 secs], 0.0421027 secs]
 [Times: user=0.26 sys=0.00, real=0.04 secs] 
2022-07-30T12:31:24.837-0700: 746456.342: [GC cleanup 3843M->3843M(14336M), 0.0091343 secs]
 [Times: user=0.06 sys=0.00, real=0.01 secs] 
2022-07-30T12:33:16.032-0700: 746567.537: [GC pause (G1 Evacuation Pause) (young), 0.0087337 secs]
   [Parallel Time: 5.6 ms, GC Workers: 8]
      [GC Worker Start (ms): Min: 746567537.2, Avg: 746567537.2, Max: 746567537.3, Diff: 0.1]
      [Ext Root Scanning (ms): Min: 1.0, Avg: 1.7, Max: 5.4, Diff: 4.4, Sum: 13.4]
      [Update RS (ms): Min: 0.0, Avg: 1.7, Max: 2.4, Diff: 2.4, Sum: 13.7]
         [Processed Buffers: Min: 0, Avg: 7.2, Max: 15, Diff: 15, Sum: 58]
      [Scan RS (ms): Min: 0.0, Avg: 0.0, Max: 0.1, Diff: 0.1, Sum: 0.4]
      [Code Root Scanning (ms): Min: 0.0, Avg: 0.0, Max: 0.0, Diff: 0.0, Sum: 0.0]
      [Object Copy (ms): Min: 0.0, Avg: 1.7, Max: 2.1, Diff: 2.1, Sum: 13.6]
      [Termination (ms): Min: 0.0, Avg: 0.3, Max: 0.3, Diff: 0.3, Sum: 2.1]
         [Termination Attempts: Min: 1, Avg: 25.1, Max: 38, Diff: 37, Sum: 201]
      [GC Worker Other (ms): Min: 0.0, Avg: 0.0, Max: 0.0, Diff: 0.0, Sum: 0.2]
      [GC Worker Total (ms): Min: 5.4, Avg: 5.4, Max: 5.5, Diff: 0.1, Sum: 43.3]
      [GC Worker End (ms): Min: 746567542.6, Avg: 746567542.6, Max: 746567542.7, Diff: 0.0]
   [Code Root Fixup: 0.0 ms]
   [Code Root Purge: 0.0 ms]
   [Clear CT: 0.6 ms]
   [Other: 2.5 ms]
      [Choose CSet: 0.0 ms]
      [Ref Proc: 1.8 ms]
      [Ref Enq: 0.1 ms]
      [Redirty Cards: 0.1 ms]
      [Humongous Register: 0.1 ms]
      [Humongous Reclaim: 0.0 ms]
      [Free CSet: 0.3 ms]
   [Eden: 7152.0M(7152.0M)->0.0B(5712.0M) Survivors: 16384.0K->16384.0K Heap: 10779.7M(14336.0M)->3628.8M(14336.0M)]
 [Times: user=0.04 sys=0.01, real=0.01 secs] 
2022-07-30T12:34:50.370-0700: 746661.874: [GC pause (G1 Evacuation Pause) (mixed), 0.0113581 secs]
   [Parallel Time: 8.6 ms, GC Workers: 8]
      [GC Worker Start (ms): Min: 746661874.4, Avg: 746661874.5, Max: 746661874.6, Diff: 0.1]
      [Ext Root Scanning (ms): Min: 1.0, Avg: 1.9, Max: 6.6, Diff: 5.6, Sum: 14.9]
      [Update RS (ms): Min: 0.0, Avg: 1.2, Max: 1.8, Diff: 1.8, Sum: 9.6]
         [Processed Buffers: Min: 0, Avg: 5.4, Max: 12, Diff: 12, Sum: 43]
      [Scan RS (ms): Min: 0.0, Avg: 1.0, Max: 1.3, Diff: 1.3, Sum: 7.8]
      [Code Root Scanning (ms): Min: 0.0, Avg: 0.0, Max: 0.0, Diff: 0.0, Sum: 0.0]
      [Object Copy (ms): Min: 1.7, Avg: 4.3, Max: 4.7, Diff: 2.9, Sum: 34.1]
      [Termination (ms): Min: 0.0, Avg: 0.0, Max: 0.0, Diff: 0.0, Sum: 0.1]
         [Termination Attempts: Min: 22, Avg: 31.8, Max: 35, Diff: 13, Sum: 254]
      [GC Worker Other (ms): Min: 0.0, Avg: 0.1, Max: 0.1, Diff: 0.1, Sum: 0.5]
      [GC Worker Total (ms): Min: 8.3, Avg: 8.4, Max: 8.4, Diff: 0.1, Sum: 66.9]
      [GC Worker End (ms): Min: 746661882.8, Avg: 746661882.9, Max: 746661882.9, Diff: 0.1]
   [Code Root Fixup: 0.0 ms]
   [Code Root Purge: 0.0 ms]
   [Clear CT: 0.7 ms]
   [Other: 2.1 ms]
      [Choose CSet: 0.0 ms]
      [Ref Proc: 1.5 ms]
      [Ref Enq: 0.1 ms]
      [Redirty Cards: 0.1 ms]
      [Humongous Register: 0.1 ms]
      [Humongous Reclaim: 0.0 ms]
      [Free CSet: 0.2 ms]
   [Eden: 5712.0M(5712.0M)->0.0B(7152.0M) Survivors: 16384.0K->16384.0K Heap: 9340.8M(14336.0M)->3620.7M(14336.0M)]
 [Times: user=0.07 sys=0.00, real=0.01 secs] 
2022-07-30T12:36:45.616-0700: 746777.120: [GC pause (G1 Evacuation Pause) (young), 0.0126052 secs]
   [Parallel Time: 8.7 ms, GC Workers: 8]
      [GC Worker Start (ms): Min: 746777120.6, Avg: 746777120.7, Max: 746777120.7, Diff: 0.1]
      [Ext Root Scanning (ms): Min: 1.2, Avg: 1.9, Max: 5.8, Diff: 4.6, Sum: 15.3]
      [Update RS (ms): Min: 0.8, Avg: 4.5, Max: 5.7, Diff: 4.9, Sum: 36.4]
         [Processed Buffers: Min: 3, Avg: 13.1, Max: 25, Diff: 22, Sum: 105]
      [Scan RS (ms): Min: 0.0, Avg: 0.1, Max: 0.1, Diff: 0.1, Sum: 0.4]
      [Code Root Scanning (ms): Min: 0.0, Avg: 0.0, Max: 0.0, Diff: 0.0, Sum: 0.0]
      [Object Copy (ms): Min: 1.5, Avg: 1.9, Max: 2.1, Diff: 0.7, Sum: 15.1]
      [Termination (ms): Min: 0.0, Avg: 0.0, Max: 0.0, Diff: 0.0, Sum: 0.1]
         [Termination Attempts: Min: 22, Avg: 32.2, Max: 38, Diff: 16, Sum: 258]
      [GC Worker Other (ms): Min: 0.0, Avg: 0.1, Max: 0.1, Diff: 0.1, Sum: 0.5]
      [GC Worker Total (ms): Min: 8.4, Avg: 8.5, Max: 8.6, Diff: 0.2, Sum: 67.8]
      [GC Worker End (ms): Min: 746777129.1, Avg: 746777129.2, Max: 746777129.2, Diff: 0.1]
   [Code Root Fixup: 0.0 ms]
   [Code Root Purge: 0.0 ms]
   [Clear CT: 0.8 ms]
   [Other: 3.2 ms]
      [Choose CSet: 0.0 ms]
      [Ref Proc: 2.4 ms]
      [Ref Enq: 0.1 ms]
      [Redirty Cards: 0.1 ms]
      [Humongous Register: 0.1 ms]
      [Humongous Reclaim: 0.0 ms]
      [Free CSet: 0.3 ms]
   [Eden: 7152.0M(7152.0M)->0.0B(7152.0M) Survivors: 16384.0K->16384.0K Heap: 10772.7M(14336.0M)->3626.3M(14336.0M)]
 [Times: user=0.08 sys=0.00, real=0.01 secs] 
2022-07-30T12:38:40.761-0700: 746892.266: [GC pause (G1 Evacuation Pause) (young) (initial-mark), 0.0177423 secs]
   [Parallel Time: 13.4 ms, GC Workers: 8]
      [GC Worker Start (ms): Min: 746892267.8, Avg: 746892267.9, Max: 746892268.0, Diff: 0.2]
      [Ext Root Scanning (ms): Min: 7.0, Avg: 7.2, Max: 7.5, Diff: 0.5, Sum: 57.7]
      [Update RS (ms): Min: 1.2, Avg: 1.4, Max: 1.8, Diff: 0.6, Sum: 11.4]
         [Processed Buffers: Min: 3, Avg: 5.8, Max: 9, Diff: 6, Sum: 46]
      [Scan RS (ms): Min: 0.0, Avg: 0.0, Max: 0.1, Diff: 0.1, Sum: 0.4]
      [Code Root Scanning (ms): Min: 0.0, Avg: 0.0, Max: 0.0, Diff: 0.0, Sum: 0.0]
      [Object Copy (ms): Min: 1.6, Avg: 2.1, Max: 2.4, Diff: 0.8, Sum: 16.8]
      [Termination (ms): Min: 0.0, Avg: 0.2, Max: 0.2, Diff: 0.2, Sum: 1.5]
         [Termination Attempts: Min: 1, Avg: 5.0, Max: 8, Diff: 7, Sum: 40]
      [GC Worker Other (ms): Min: 0.0, Avg: 0.1, Max: 0.1, Diff: 0.1, Sum: 0.4]
      [GC Worker Total (ms): Min: 10.9, Avg: 11.0, Max: 11.2, Diff: 0.3, Sum: 88.2]
      [GC Worker End (ms): Min: 746892278.9, Avg: 746892278.9, Max: 746892279.0, Diff: 0.1]
   [Code Root Fixup: 0.0 ms]
   [Code Root Purge: 0.0 ms]
   [Clear CT: 0.8 ms]
   [Other: 3.5 ms]
      [Choose CSet: 0.0 ms]
      [Ref Proc: 2.8 ms]
      [Ref Enq: 0.1 ms]
      [Redirty Cards: 0.1 ms]
      [Humongous Register: 0.0 ms]
      [Humongous Reclaim: 0.0 ms]
      [Free CSet: 0.3 ms]
   [Eden: 7152.0M(7152.0M)->0.0B(7152.0M) Survivors: 16384.0K->16384.0K Heap: 10778.3M(14336.0M)->3631.1M(14336.0M)]
 [Times: user=0.08 sys=0.01, real=0.02 secs] 
2022-07-30T12:38:40.779-0700: 746892.284: [GC concurrent-root-region-scan-start]
2022-07-30T12:38:40.789-0700: 746892.294: [GC concurrent-root-region-scan-end, 0.0106763 secs]
2022-07-30T12:38:40.789-0700: 746892.294: [GC concurrent-mark-start]
2022-07-30T12:38:43.525-0700: 746895.029: [GC concurrent-mark-end, 2.7351637 secs]
2022-07-30T12:38:43.525-0700: 746895.030: [GC remark 2022-07-30T12:38:43.525-0700: 746895.030: [Finalize Marking, 0.0002386 secs] 2022-07-30T12:38:43.525-0700: 746895.030: [GC ref-proc, 0.0058258 secs] 2022-07-30T12:38:43.531-0700: 746895.036: [Unloading, 0.0292967 secs], 0.0411369 secs]
 [Times: user=0.25 sys=0.00, real=0.04 secs] 
2022-07-30T12:38:43.566-0700: 746895.071: [GC cleanup 3804M->3804M(14336M), 0.0091047 secs]
 [Times: user=0.06 sys=0.00, real=0.01 secs] 
2022-07-30T12:40:38.122-0700: 747009.627: [GC pause (G1 Evacuation Pause) (young), 0.0105210 secs]
   [Parallel Time: 5.6 ms, GC Workers: 8]
      [GC Worker Start (ms): Min: 747009627.2, Avg: 747009627.2, Max: 747009627.3, Diff: 0.1]
      [Ext Root Scanning (ms): Min: 0.9, Avg: 1.6, Max: 5.3, Diff: 4.4, Sum: 12.9]
      [Update RS (ms): Min: 0.0, Avg: 1.5, Max: 2.1, Diff: 2.1, Sum: 11.6]
         [Processed Buffers: Min: 0, Avg: 6.0, Max: 12, Diff: 12, Sum: 48]
      [Scan RS (ms): Min: 0.0, Avg: 0.0, Max: 0.1, Diff: 0.1, Sum: 0.4]
      [Code Root Scanning (ms): Min: 0.0, Avg: 0.0, Max: 0.0, Diff: 0.0, Sum: 0.0]
      [Object Copy (ms): Min: 0.0, Avg: 1.8, Max: 2.2, Diff: 2.2, Sum: 14.5]
      [Termination (ms): Min: 0.0, Avg: 0.4, Max: 0.4, Diff: 0.4, Sum: 2.9]
         [Termination Attempts: Min: 1, Avg: 1.1, Max: 2, Diff: 1, Sum: 9]
      [GC Worker Other (ms): Min: 0.0, Avg: 0.0, Max: 0.0, Diff: 0.0, Sum: 0.1]
      [GC Worker Total (ms): Min: 5.2, Avg: 5.3, Max: 5.4, Diff: 0.1, Sum: 42.4]
      [GC Worker End (ms): Min: 747009632.5, Avg: 747009632.5, Max: 747009632.5, Diff: 0.0]
   [Code Root Fixup: 0.0 ms]
   [Code Root Purge: 0.0 ms]
   [Clear CT: 0.6 ms]
   [Other: 4.3 ms]
      [Choose CSet: 0.0 ms]
      [Ref Proc: 3.6 ms]
      [Ref Enq: 0.1 ms]
      [Redirty Cards: 0.1 ms]
      [Humongous Register: 0.1 ms]
      [Humongous Reclaim: 0.0 ms]
      [Free CSet: 0.3 ms]
   [Eden: 7152.0M(7152.0M)->0.0B(5712.0M) Survivors: 16384.0K->16384.0K Heap: 10783.1M(14336.0M)->3628.9M(14336.0M)]
 [Times: user=0.06 sys=0.00, real=0.01 secs] 
2022-07-30T12:42:10.718-0700: 747102.223: [GC pause (G1 Evacuation Pause) (mixed), 0.0109697 secs]
   [Parallel Time: 8.1 ms, GC Workers: 8]
      [GC Worker Start (ms): Min: 747102222.7, Avg: 747102222.8, Max: 747102222.9, Diff: 0.1]
      [Ext Root Scanning (ms): Min: 0.9, Avg: 1.8, Max: 6.7, Diff: 5.8, Sum: 14.5]
      [Update RS (ms): Min: 0.0, Avg: 1.4, Max: 2.2, Diff: 2.2, Sum: 11.2]
         [Processed Buffers: Min: 0, Avg: 5.4, Max: 10, Diff: 10, Sum: 43]
      [Scan RS (ms): Min: 0.0, Avg: 0.6, Max: 1.0, Diff: 0.9, Sum: 5.1]
      [Code Root Scanning (ms): Min: 0.0, Avg: 0.0, Max: 0.0, Diff: 0.0, Sum: 0.0]
      [Object Copy (ms): Min: 1.2, Avg: 4.0, Max: 4.4, Diff: 3.3, Sum: 32.0]
      [Termination (ms): Min: 0.0, Avg: 0.0, Max: 0.0, Diff: 0.0, Sum: 0.0]
         [Termination Attempts: Min: 1, Avg: 2.4, Max: 5, Diff: 4, Sum: 19]
      [GC Worker Other (ms): Min: 0.0, Avg: 0.1, Max: 0.1, Diff: 0.1, Sum: 0.4]
      [GC Worker Total (ms): Min: 7.8, Avg: 7.9, Max: 8.0, Diff: 0.1, Sum: 63.2]
      [GC Worker End (ms): Min: 747102230.7, Avg: 747102230.7, Max: 747102230.8, Diff: 0.1]
   [Code Root Fixup: 0.0 ms]
   [Code Root Purge: 0.0 ms]
   [Clear CT: 0.8 ms]
   [Other: 2.0 ms]
      [Choose CSet: 0.0 ms]
      [Ref Proc: 1.3 ms]
      [Ref Enq: 0.1 ms]
      [Redirty Cards: 0.1 ms]
      [Humongous Register: 0.1 ms]
      [Humongous Reclaim: 0.0 ms]
      [Free CSet: 0.2 ms]
   [Eden: 5712.0M(5712.0M)->0.0B(7152.0M) Survivors: 16384.0K->16384.0K Heap: 9340.9M(14336.0M)->3620.2M(14336.0M)]
 [Times: user=0.07 sys=0.00, real=0.01 secs] 
2022-07-30T12:44:05.717-0700: 747217.222: [GC pause (G1 Evacuation Pause) (young), 0.0112615 secs]
   [Parallel Time: 8.3 ms, GC Workers: 8]
      [GC Worker Start (ms): Min: 747217222.3, Avg: 747217222.3, Max: 747217222.4, Diff: 0.1]
      [Ext Root Scanning (ms): Min: 1.1, Avg: 1.7, Max: 5.1, Diff: 4.1, Sum: 13.8]
      [Update RS (ms): Min: 0.7, Avg: 4.0, Max: 5.2, Diff: 4.5, Sum: 31.9]
         [Processed Buffers: Min: 5, Avg: 12.0, Max: 22, Diff: 17, Sum: 96]
      [Scan RS (ms): Min: 0.0, Avg: 0.0, Max: 0.1, Diff: 0.1, Sum: 0.4]
      [Code Root Scanning (ms): Min: 0.0, Avg: 0.0, Max: 0.0, Diff: 0.0, Sum: 0.0]
      [Object Copy (ms): Min: 1.8, Avg: 2.2, Max: 2.5, Diff: 0.7, Sum: 18.0]
      [Termination (ms): Min: 0.0, Avg: 0.0, Max: 0.0, Diff: 0.0, Sum: 0.1]
         [Termination Attempts: Min: 12, Avg: 26.8, Max: 33, Diff: 21, Sum: 214]
      [GC Worker Other (ms): Min: 0.0, Avg: 0.1, Max: 0.2, Diff: 0.1, Sum: 0.6]
      [GC Worker Total (ms): Min: 8.0, Avg: 8.1, Max: 8.2, Diff: 0.2, Sum: 64.8]
      [GC Worker End (ms): Min: 747217230.4, Avg: 747217230.4, Max: 747217230.5, Diff: 0.1]
   [Code Root Fixup: 0.0 ms]
   [Code Root Purge: 0.0 ms]
   [Clear CT: 0.7 ms]
   [Other: 2.2 ms]
      [Choose CSet: 0.0 ms]
      [Ref Proc: 1.5 ms]
      [Ref Enq: 0.1 ms]
      [Redirty Cards: 0.1 ms]
      [Humongous Register: 0.1 ms]
      [Humongous Reclaim: 0.0 ms]
      [Free CSet: 0.3 ms]
   [Eden: 7152.0M(7152.0M)->0.0B(7152.0M) Survivors: 16384.0K->16384.0K Heap: 10772.2M(14336.0M)->3629.5M(14336.0M)]
 [Times: user=0.07 sys=0.01, real=0.01 secs] 
2022-07-30T12:46:04.513-0700: 747336.017: [GC pause (G1 Evacuation Pause) (young) (initial-mark), 0.0176649 secs]
   [Parallel Time: 12.8 ms, GC Workers: 8]
      [GC Worker Start (ms): Min: 747336019.7, Avg: 747336019.8, Max: 747336019.9, Diff: 0.2]
      [Ext Root Scanning (ms): Min: 6.0, Avg: 6.2, Max: 6.6, Diff: 0.7, Sum: 49.9]
      [Update RS (ms): Min: 1.3, Avg: 1.6, Max: 2.1, Diff: 0.7, Sum: 12.6]
         [Processed Buffers: Min: 3, Avg: 5.5, Max: 11, Diff: 8, Sum: 44]
      [Scan RS (ms): Min: 0.0, Avg: 0.1, Max: 0.1, Diff: 0.1, Sum: 0.4]
      [Code Root Scanning (ms): Min: 0.0, Avg: 0.0, Max: 0.0, Diff: 0.0, Sum: 0.0]
      [Object Copy (ms): Min: 1.6, Avg: 2.1, Max: 2.6, Diff: 1.0, Sum: 17.2]
      [Termination (ms): Min: 0.0, Avg: 0.0, Max: 0.0, Diff: 0.0, Sum: 0.0]
         [Termination Attempts: Min: 1, Avg: 1.5, Max: 3, Diff: 2, Sum: 12]
      [GC Worker Other (ms): Min: 0.0, Avg: 0.1, Max: 0.2, Diff: 0.2, Sum: 0.9]
      [GC Worker Total (ms): Min: 10.0, Avg: 10.1, Max: 10.3, Diff: 0.4, Sum: 80.9]
      [GC Worker End (ms): Min: 747336029.9, Avg: 747336029.9, Max: 747336030.1, Diff: 0.2]
   [Code Root Fixup: 0.0 ms]
   [Code Root Purge: 0.0 ms]
   [Clear CT: 0.7 ms]
   [Other: 4.1 ms]
      [Choose CSet: 0.0 ms]
      [Ref Proc: 3.4 ms]
      [Ref Enq: 0.1 ms]
      [Redirty Cards: 0.1 ms]
      [Humongous Register: 0.0 ms]
      [Humongous Reclaim: 0.0 ms]
      [Free CSet: 0.3 ms]
   [Eden: 7152.0M(7152.0M)->0.0B(7152.0M) Survivors: 16384.0K->16384.0K Heap: 10781.5M(14336.0M)->3626.9M(14336.0M)]
 [Times: user=0.08 sys=0.00, real=0.02 secs] 
2022-07-30T12:46:04.530-0700: 747336.035: [GC concurrent-root-region-scan-start]
2022-07-30T12:46:04.540-0700: 747336.044: [GC concurrent-root-region-scan-end, 0.0091095 secs]
2022-07-30T12:46:04.540-0700: 747336.044: [GC concurrent-mark-start]
2022-07-30T12:46:07.236-0700: 747338.741: [GC concurrent-mark-end, 2.6967200 secs]
2022-07-30T12:46:07.237-0700: 747338.741: [GC remark 2022-07-30T12:46:07.237-0700: 747338.741: [Finalize Marking, 0.0003806 secs] 2022-07-30T12:46:07.237-0700: 747338.742: [GC ref-proc, 0.0090689 secs] 2022-07-30T12:46:07.246-0700: 747338.751: [Unloading, 0.0274658 secs], 0.0427360 secs]
 [Times: user=0.26 sys=0.00, real=0.04 secs] 
2022-07-30T12:46:07.280-0700: 747338.785: [GC cleanup 3863M->3863M(14336M), 0.0086891 secs]
 [Times: user=0.06 sys=0.00, real=0.01 secs] 
2022-07-30T12:48:00.022-0700: 747451.526: [GC pause (G1 Evacuation Pause) (young), 0.0107725 secs]
   [Parallel Time: 5.7 ms, GC Workers: 8]
      [GC Worker Start (ms): Min: 747451526.5, Avg: 747451526.6, Max: 747451526.7, Diff: 0.2]
      [Ext Root Scanning (ms): Min: 1.0, Avg: 1.7, Max: 5.5, Diff: 4.5, Sum: 13.5]
      [Update RS (ms): Min: 0.0, Avg: 1.3, Max: 2.0, Diff: 2.0, Sum: 10.5]
         [Processed Buffers: Min: 0, Avg: 5.8, Max: 13, Diff: 13, Sum: 46]
      [Scan RS (ms): Min: 0.0, Avg: 0.0, Max: 0.1, Diff: 0.1, Sum: 0.4]
      [Code Root Scanning (ms): Min: 0.0, Avg: 0.0, Max: 0.0, Diff: 0.0, Sum: 0.0]
      [Object Copy (ms): Min: 0.0, Avg: 2.2, Max: 4.1, Diff: 4.1, Sum: 17.6]
      [Termination (ms): Min: 0.0, Avg: 0.1, Max: 0.2, Diff: 0.2, Sum: 1.1]
         [Termination Attempts: Min: 1, Avg: 1.5, Max: 2, Diff: 1, Sum: 12]
      [GC Worker Other (ms): Min: 0.0, Avg: 0.0, Max: 0.0, Diff: 0.0, Sum: 0.2]
      [GC Worker Total (ms): Min: 5.3, Avg: 5.4, Max: 5.5, Diff: 0.2, Sum: 43.2]
      [GC Worker End (ms): Min: 747451532.0, Avg: 747451532.0, Max: 747451532.0, Diff: 0.0]
   [Code Root Fixup: 0.0 ms]
   [Code Root Purge: 0.0 ms]
   [Clear CT: 0.7 ms]
   [Other: 4.4 ms]
      [Choose CSet: 0.0 ms]
      [Ref Proc: 3.8 ms]
      [Ref Enq: 0.1 ms]
      [Redirty Cards: 0.1 ms]
      [Humongous Register: 0.1 ms]
      [Humongous Reclaim: 0.0 ms]
      [Free CSet: 0.3 ms]
   [Eden: 7152.0M(7152.0M)->0.0B(5712.0M) Survivors: 16384.0K->16384.0K Heap: 10778.9M(14336.0M)->3631.5M(14336.0M)]
 [Times: user=0.06 sys=0.00, real=0.01 secs] 
2022-07-30T12:49:33.071-0700: 747544.576: [GC pause (G1 Evacuation Pause) (mixed), 0.0113450 secs]
   [Parallel Time: 8.4 ms, GC Workers: 8]
      [GC Worker Start (ms): Min: 747544576.2, Avg: 747544576.2, Max: 747544576.3, Diff: 0.1]
      [Ext Root Scanning (ms): Min: 1.2, Avg: 2.1, Max: 6.9, Diff: 5.6, Sum: 17.1]
      [Update RS (ms): Min: 0.0, Avg: 1.4, Max: 2.1, Diff: 2.1, Sum: 11.2]
         [Processed Buffers: Min: 0, Avg: 5.1, Max: 9, Diff: 9, Sum: 41]
      [Scan RS (ms): Min: 0.0, Avg: 0.7, Max: 1.0, Diff: 0.9, Sum: 5.9]
      [Code Root Scanning (ms): Min: 0.0, Avg: 0.0, Max: 0.0, Diff: 0.0, Sum: 0.0]
      [Object Copy (ms): Min: 1.3, Avg: 3.9, Max: 4.4, Diff: 3.1, Sum: 31.2]
      [Termination (ms): Min: 0.0, Avg: 0.0, Max: 0.0, Diff: 0.0, Sum: 0.0]
         [Termination Attempts: Min: 2, Avg: 4.1, Max: 7, Diff: 5, Sum: 33]
      [GC Worker Other (ms): Min: 0.0, Avg: 0.0, Max: 0.1, Diff: 0.0, Sum: 0.3]
      [GC Worker Total (ms): Min: 8.2, Avg: 8.2, Max: 8.3, Diff: 0.1, Sum: 65.7]
      [GC Worker End (ms): Min: 747544584.4, Avg: 747544584.5, Max: 747544584.5, Diff: 0.0]
   [Code Root Fixup: 0.0 ms]
   [Code Root Purge: 0.0 ms]
   [Clear CT: 0.7 ms]
   [Other: 2.2 ms]
      [Choose CSet: 0.0 ms]
      [Ref Proc: 1.5 ms]
      [Ref Enq: 0.1 ms]
      [Redirty Cards: 0.1 ms]
      [Humongous Register: 0.1 ms]
      [Humongous Reclaim: 0.0 ms]
      [Free CSet: 0.2 ms]
   [Eden: 5712.0M(5712.0M)->0.0B(7152.0M) Survivors: 16384.0K->16384.0K Heap: 9343.5M(14336.0M)->3619.6M(14336.0M)]
 [Times: user=0.08 sys=0.00, real=0.02 secs] 
2022-07-30T12:51:27.820-0700: 747659.325: [GC pause (GCLocker Initiated GC) (young), 0.0111313 secs]
   [Parallel Time: 7.8 ms, GC Workers: 8]
      [GC Worker Start (ms): Min: 747659325.3, Avg: 747659325.3, Max: 747659325.4, Diff: 0.1]
      [Ext Root Scanning (ms): Min: 0.8, Avg: 1.5, Max: 5.0, Diff: 4.1, Sum: 12.1]
      [Update RS (ms): Min: 0.2, Avg: 3.5, Max: 4.4, Diff: 4.2, Sum: 27.8]
         [Processed Buffers: Min: 6, Avg: 11.8, Max: 16, Diff: 10, Sum: 94]
      [Scan RS (ms): Min: 0.0, Avg: 0.0, Max: 0.1, Diff: 0.1, Sum: 0.4]
      [Code Root Scanning (ms): Min: 0.0, Avg: 0.0, Max: 0.0, Diff: 0.0, Sum: 0.0]
      [Object Copy (ms): Min: 2.2, Avg: 2.4, Max: 2.6, Diff: 0.5, Sum: 19.6]
      [Termination (ms): Min: 0.0, Avg: 0.0, Max: 0.0, Diff: 0.0, Sum: 0.0]
         [Termination Attempts: Min: 1, Avg: 1.0, Max: 1, Diff: 0, Sum: 8]
      [GC Worker Other (ms): Min: 0.0, Avg: 0.0, Max: 0.1, Diff: 0.1, Sum: 0.4]
      [GC Worker Total (ms): Min: 7.4, Avg: 7.5, Max: 7.6, Diff: 0.2, Sum: 60.2]
      [GC Worker End (ms): Min: 747659332.8, Avg: 747659332.9, Max: 747659332.9, Diff: 0.1]
   [Code Root Fixup: 0.0 ms]
   [Code Root Purge: 0.0 ms]
   [Clear CT: 0.7 ms]
   [Other: 2.6 ms]
      [Choose CSet: 0.0 ms]
      [Ref Proc: 2.0 ms]
      [Ref Enq: 0.1 ms]
      [Redirty Cards: 0.1 ms]
      [Humongous Register: 0.0 ms]
      [Humongous Reclaim: 0.0 ms]
      [Free CSet: 0.3 ms]
   [Eden: 7152.0M(7152.0M)->0.0B(7152.0M) Survivors: 16384.0K->16384.0K Heap: 10771.6M(14336.0M)->3631.2M(14336.0M)]
 [Times: user=0.07 sys=0.00, real=0.01 secs] 
2022-07-30T12:53:24.030-0700: 747775.535: [GC pause (GCLocker Initiated GC) (young) (initial-mark), 0.0159537 secs]
   [Parallel Time: 11.9 ms, GC Workers: 8]
      [GC Worker Start (ms): Min: 747775537.5, Avg: 747775537.5, Max: 747775537.5, Diff: 0.1]
      [Ext Root Scanning (ms): Min: 5.2, Avg: 5.3, Max: 5.5, Diff: 0.3, Sum: 42.7]
      [Update RS (ms): Min: 1.3, Avg: 1.5, Max: 2.0, Diff: 0.7, Sum: 12.0]
         [Processed Buffers: Min: 3, Avg: 5.5, Max: 12, Diff: 9, Sum: 44]
      [Scan RS (ms): Min: 0.0, Avg: 0.0, Max: 0.1, Diff: 0.1, Sum: 0.4]
      [Code Root Scanning (ms): Min: 0.0, Avg: 0.0, Max: 0.0, Diff: 0.0, Sum: 0.0]
      [Object Copy (ms): Min: 2.1, Avg: 2.4, Max: 2.5, Diff: 0.4, Sum: 18.9]
      [Termination (ms): Min: 0.0, Avg: 0.0, Max: 0.0, Diff: 0.0, Sum: 0.0]
         [Termination Attempts: Min: 1, Avg: 1.0, Max: 1, Diff: 0, Sum: 8]
      [GC Worker Other (ms): Min: 0.0, Avg: 0.1, Max: 0.1, Diff: 0.1, Sum: 0.4]
      [GC Worker Total (ms): Min: 9.3, Avg: 9.3, Max: 9.4, Diff: 0.1, Sum: 74.5]
      [GC Worker End (ms): Min: 747775546.8, Avg: 747775546.8, Max: 747775546.8, Diff: 0.1]
   [Code Root Fixup: 0.0 ms]
   [Code Root Purge: 0.0 ms]
   [Clear CT: 0.8 ms]
   [Other: 3.3 ms]
      [Choose CSet: 0.0 ms]
      [Ref Proc: 2.6 ms]
      [Ref Enq: 0.1 ms]
      [Redirty Cards: 0.1 ms]
      [Humongous Register: 0.0 ms]
      [Humongous Reclaim: 0.0 ms]
      [Free CSet: 0.3 ms]
   [Eden: 7152.0M(7152.0M)->0.0B(7152.0M) Survivors: 16384.0K->16384.0K Heap: 10783.2M(14336.0M)->3632.7M(14336.0M)]
 [Times: user=0.08 sys=0.00, real=0.02 secs] 
2022-07-30T12:53:24.052-0700: 747775.557: [GC concurrent-root-region-scan-start]
2022-07-30T12:53:24.061-0700: 747775.566: [GC concurrent-root-region-scan-end, 0.0088797 secs]
2022-07-30T12:53:24.061-0700: 747775.566: [GC concurrent-mark-start]
2022-07-30T12:53:26.941-0700: 747778.446: [GC concurrent-mark-end, 2.8797427 secs]
2022-07-30T12:53:26.941-0700: 747778.446: [GC remark 2022-07-30T12:53:26.941-0700: 747778.446: [Finalize Marking, 0.0002175 secs] 2022-07-30T12:53:26.941-0700: 747778.446: [GC ref-proc, 0.0058989 secs] 2022-07-30T12:53:26.947-0700: 747778.452: [Unloading, 0.0282065 secs], 0.0401682 secs]
 [Times: user=0.26 sys=0.00, real=0.04 secs] 
2022-07-30T12:53:26.982-0700: 747778.486: [GC cleanup 3840M->3840M(14336M), 0.0091610 secs]
 [Times: user=0.07 sys=0.00, real=0.01 secs] 
2022-07-30T12:55:19.215-0700: 747890.720: [GC pause (GCLocker Initiated GC) (young), 0.0095604 secs]
   [Parallel Time: 5.8 ms, GC Workers: 8]
      [GC Worker Start (ms): Min: 747890719.8, Avg: 747890719.8, Max: 747890719.9, Diff: 0.1]
      [Ext Root Scanning (ms): Min: 1.1, Avg: 1.7, Max: 5.3, Diff: 4.3, Sum: 13.9]
      [Update RS (ms): Min: 0.0, Avg: 1.8, Max: 2.7, Diff: 2.7, Sum: 14.4]
         [Processed Buffers: Min: 0, Avg: 8.9, Max: 14, Diff: 14, Sum: 71]
      [Scan RS (ms): Min: 0.0, Avg: 0.1, Max: 0.1, Diff: 0.1, Sum: 0.4]
      [Code Root Scanning (ms): Min: 0.0, Avg: 0.0, Max: 0.0, Diff: 0.0, Sum: 0.0]
      [Object Copy (ms): Min: 0.2, Avg: 2.0, Max: 2.4, Diff: 2.2, Sum: 15.8]
      [Termination (ms): Min: 0.0, Avg: 0.0, Max: 0.0, Diff: 0.0, Sum: 0.0]
         [Termination Attempts: Min: 1, Avg: 1.8, Max: 4, Diff: 3, Sum: 14]
      [GC Worker Other (ms): Min: 0.0, Avg: 0.1, Max: 0.1, Diff: 0.1, Sum: 0.4]
      [GC Worker Total (ms): Min: 5.5, Avg: 5.6, Max: 5.7, Diff: 0.1, Sum: 44.9]
      [GC Worker End (ms): Min: 747890725.4, Avg: 747890725.4, Max: 747890725.5, Diff: 0.1]
   [Code Root Fixup: 0.0 ms]
   [Code Root Purge: 0.0 ms]
   [Clear CT: 0.7 ms]
   [Other: 3.1 ms]
      [Choose CSet: 0.0 ms]
      [Ref Proc: 2.4 ms]
      [Ref Enq: 0.1 ms]
      [Redirty Cards: 0.1 ms]
      [Humongous Register: 0.1 ms]
      [Humongous Reclaim: 0.0 ms]
      [Free CSet: 0.3 ms]
   [Eden: 7168.0M(7152.0M)->0.0B(5712.0M) Survivors: 16384.0K->16384.0K Heap: 10789.5M(14336.0M)->3635.8M(14336.0M)]
 [Times: user=0.06 sys=0.00, real=0.01 secs] 
2022-07-30T12:56:54.025-0700: 747985.530: [GC pause (G1 Evacuation Pause) (mixed), 0.0139195 secs]
   [Parallel Time: 9.0 ms, GC Workers: 8]
      [GC Worker Start (ms): Min: 747985529.7, Avg: 747985529.8, Max: 747985529.9, Diff: 0.2]
      [Ext Root Scanning (ms): Min: 1.0, Avg: 1.9, Max: 6.5, Diff: 5.5, Sum: 15.0]
      [Update RS (ms): Min: 0.0, Avg: 1.4, Max: 2.1, Diff: 2.1, Sum: 11.2]
         [Processed Buffers: Min: 0, Avg: 5.5, Max: 12, Diff: 12, Sum: 44]
      [Scan RS (ms): Min: 0.0, Avg: 0.7, Max: 0.9, Diff: 0.9, Sum: 5.3]
      [Code Root Scanning (ms): Min: 0.0, Avg: 0.0, Max: 0.0, Diff: 0.0, Sum: 0.0]
      [Object Copy (ms): Min: 1.9, Avg: 4.4, Max: 4.9, Diff: 3.0, Sum: 35.5]
      [Termination (ms): Min: 0.0, Avg: 0.0, Max: 0.0, Diff: 0.0, Sum: 0.0]
         [Termination Attempts: Min: 1, Avg: 1.1, Max: 2, Diff: 1, Sum: 9]
      [GC Worker Other (ms): Min: 0.0, Avg: 0.1, Max: 0.3, Diff: 0.3, Sum: 1.0]
      [GC Worker Total (ms): Min: 8.4, Avg: 8.5, Max: 8.7, Diff: 0.4, Sum: 68.1]
      [GC Worker End (ms): Min: 747985538.2, Avg: 747985538.3, Max: 747985538.5, Diff: 0.2]
   [Code Root Fixup: 0.0 ms]
   [Code Root Purge: 0.0 ms]
   [Clear CT: 0.8 ms]
   [Other: 4.2 ms]
      [Choose CSet: 0.0 ms]
      [Ref Proc: 3.4 ms]
      [Ref Enq: 0.1 ms]
      [Redirty Cards: 0.1 ms]
      [Humongous Register: 0.1 ms]
      [Humongous Reclaim: 0.0 ms]
      [Free CSet: 0.3 ms]
   [Eden: 5712.0M(5712.0M)->0.0B(7152.0M) Survivors: 16384.0K->16384.0K Heap: 9347.8M(14336.0M)->3627.8M(14336.0M)]
 [Times: user=0.09 sys=0.00, real=0.01 secs] 
2022-07-30T12:58:48.672-0700: 748100.177: [GC pause (G1 Evacuation Pause) (young), 0.0126536 secs]
   [Parallel Time: 7.6 ms, GC Workers: 8]
      [GC Worker Start (ms): Min: 748100177.0, Avg: 748100177.1, Max: 748100177.2, Diff: 0.2]
      [Ext Root Scanning (ms): Min: 0.8, Avg: 1.5, Max: 4.9, Diff: 4.1, Sum: 11.8]
      [Update RS (ms): Min: 0.4, Avg: 3.7, Max: 4.7, Diff: 4.3, Sum: 29.6]
         [Processed Buffers: Min: 4, Avg: 12.9, Max: 16, Diff: 12, Sum: 103]
      [Scan RS (ms): Min: 0.0, Avg: 0.0, Max: 0.1, Diff: 0.1, Sum: 0.4]
      [Code Root Scanning (ms): Min: 0.0, Avg: 0.0, Max: 0.0, Diff: 0.0, Sum: 0.0]
      [Object Copy (ms): Min: 1.6, Avg: 2.0, Max: 2.1, Diff: 0.5, Sum: 15.9]
      [Termination (ms): Min: 0.0, Avg: 0.0, Max: 0.0, Diff: 0.0, Sum: 0.0]
         [Termination Attempts: Min: 1, Avg: 10.6, Max: 15, Diff: 14, Sum: 85]
      [GC Worker Other (ms): Min: 0.0, Avg: 0.0, Max: 0.1, Diff: 0.1, Sum: 0.3]
      [GC Worker Total (ms): Min: 7.2, Avg: 7.2, Max: 7.4, Diff: 0.2, Sum: 58.0]
      [GC Worker End (ms): Min: 748100184.3, Avg: 748100184.4, Max: 748100184.4, Diff: 0.0]
   [Code Root Fixup: 0.0 ms]
   [Code Root Purge: 0.0 ms]
   [Clear CT: 0.8 ms]
   [Other: 4.3 ms]
      [Choose CSet: 0.0 ms]
      [Ref Proc: 3.6 ms]
      [Ref Enq: 0.1 ms]
      [Redirty Cards: 0.1 ms]
      [Humongous Register: 0.0 ms]
      [Humongous Reclaim: 0.0 ms]
      [Free CSet: 0.3 ms]
   [Eden: 7152.0M(7152.0M)->0.0B(7152.0M) Survivors: 16384.0K->16384.0K Heap: 10779.8M(14336.0M)->3634.3M(14336.0M)]
 [Times: user=0.08 sys=0.00, real=0.02 secs] 
2022-07-30T13:00:46.032-0700: 748217.537: [GC pause (G1 Evacuation Pause) (young) (initial-mark), 0.0160159 secs]
   [Parallel Time: 11.1 ms, GC Workers: 8]
      [GC Worker Start (ms): Min: 748217538.9, Avg: 748217538.9, Max: 748217539.0, Diff: 0.2]
      [Ext Root Scanning (ms): Min: 4.7, Avg: 5.0, Max: 5.3, Diff: 0.7, Sum: 40.1]
      [Update RS (ms): Min: 1.3, Avg: 1.5, Max: 2.1, Diff: 0.8, Sum: 12.3]
         [Processed Buffers: Min: 4, Avg: 6.4, Max: 11, Diff: 7, Sum: 51]
      [Scan RS (ms): Min: 0.0, Avg: 0.0, Max: 0.1, Diff: 0.1, Sum: 0.4]
      [Code Root Scanning (ms): Min: 0.0, Avg: 0.0, Max: 0.0, Diff: 0.0, Sum: 0.0]
      [Object Copy (ms): Min: 1.7, Avg: 2.0, Max: 2.4, Diff: 0.7, Sum: 16.3]
      [Termination (ms): Min: 0.0, Avg: 0.0, Max: 0.0, Diff: 0.0, Sum: 0.0]
         [Termination Attempts: Min: 1, Avg: 2.2, Max: 3, Diff: 2, Sum: 18]
      [GC Worker Other (ms): Min: 0.0, Avg: 0.0, Max: 0.1, Diff: 0.1, Sum: 0.4]
      [GC Worker Total (ms): Min: 8.6, Avg: 8.7, Max: 8.8, Diff: 0.1, Sum: 69.5]
      [GC Worker End (ms): Min: 748217547.6, Avg: 748217547.6, Max: 748217547.7, Diff: 0.1]
   [Code Root Fixup: 0.0 ms]
   [Code Root Purge: 0.0 ms]
   [Clear CT: 0.7 ms]
   [Other: 4.2 ms]
      [Choose CSet: 0.0 ms]
      [Ref Proc: 3.5 ms]
      [Ref Enq: 0.1 ms]
      [Redirty Cards: 0.1 ms]
      [Humongous Register: 0.0 ms]
      [Humongous Reclaim: 0.0 ms]
      [Free CSet: 0.3 ms]
   [Eden: 7152.0M(7152.0M)->0.0B(7152.0M) Survivors: 16384.0K->16384.0K Heap: 10786.3M(14336.0M)->3634.6M(14336.0M)]
 [Times: user=0.08 sys=0.00, real=0.02 secs] 
2022-07-30T13:00:46.048-0700: 748217.553: [GC concurrent-root-region-scan-start]
2022-07-30T13:00:46.061-0700: 748217.565: [GC concurrent-root-region-scan-end, 0.0126122 secs]
2022-07-30T13:00:46.061-0700: 748217.565: [GC concurrent-mark-start]
2022-07-30T13:00:48.775-0700: 748220.280: [GC concurrent-mark-end, 2.7141552 secs]
2022-07-30T13:00:48.775-0700: 748220.280: [GC remark 2022-07-30T13:00:48.775-0700: 748220.280: [Finalize Marking, 0.0002575 secs] 2022-07-30T13:00:48.780-0700: 748220.285: [GC ref-proc, 0.0114502 secs] 2022-07-30T13:00:48.792-0700: 748220.296: [Unloading, 0.0278262 secs], 0.0499682 secs]
 [Times: user=0.27 sys=0.00, real=0.05 secs] 
2022-07-30T13:00:48.825-0700: 748220.330: [GC cleanup 3807M->3807M(14336M), 0.0088796 secs]
 [Times: user=0.06 sys=0.00, real=0.00 secs] 
2022-07-30T13:02:43.971-0700: 748335.476: [GC pause (G1 Evacuation Pause) (young), 0.0098162 secs]
   [Parallel Time: 5.6 ms, GC Workers: 8]
      [GC Worker Start (ms): Min: 748335476.0, Avg: 748335476.1, Max: 748335476.1, Diff: 0.2]
      [Ext Root Scanning (ms): Min: 0.9, Avg: 1.6, Max: 5.1, Diff: 4.2, Sum: 12.7]
      [Update RS (ms): Min: 0.0, Avg: 1.4, Max: 2.1, Diff: 2.1, Sum: 11.4]
         [Processed Buffers: Min: 0, Avg: 5.6, Max: 10, Diff: 10, Sum: 45]
      [Scan RS (ms): Min: 0.0, Avg: 0.0, Max: 0.1, Diff: 0.1, Sum: 0.4]
      [Code Root Scanning (ms): Min: 0.0, Avg: 0.0, Max: 0.0, Diff: 0.0, Sum: 0.0]
      [Object Copy (ms): Min: 0.0, Avg: 1.5, Max: 1.9, Diff: 1.9, Sum: 12.1]
      [Termination (ms): Min: 0.0, Avg: 0.5, Max: 0.6, Diff: 0.6, Sum: 4.0]
         [Termination Attempts: Min: 1, Avg: 3.5, Max: 6, Diff: 5, Sum: 28]
      [GC Worker Other (ms): Min: 0.0, Avg: 0.0, Max: 0.0, Diff: 0.0, Sum: 0.1]
      [GC Worker Total (ms): Min: 5.0, Avg: 5.1, Max: 5.2, Diff: 0.2, Sum: 40.8]
      [GC Worker End (ms): Min: 748335481.2, Avg: 748335481.2, Max: 748335481.2, Diff: 0.0]
   [Code Root Fixup: 0.0 ms]
   [Code Root Purge: 0.0 ms]
   [Clear CT: 0.6 ms]
   [Other: 3.6 ms]
      [Choose CSet: 0.0 ms]
      [Ref Proc: 3.0 ms]
      [Ref Enq: 0.1 ms]
      [Redirty Cards: 0.1 ms]
      [Humongous Register: 0.1 ms]
      [Humongous Reclaim: 0.0 ms]
      [Free CSet: 0.3 ms]
   [Eden: 7152.0M(7152.0M)->0.0B(5712.0M) Survivors: 16384.0K->16384.0K Heap: 10786.6M(14336.0M)->3635.4M(14336.0M)]
 [Times: user=0.05 sys=0.00, real=0.01 secs] 
2022-07-30T13:04:15.716-0700: 748427.221: [GC pause (G1 Evacuation Pause) (mixed), 0.0161088 secs]
   [Parallel Time: 11.2 ms, GC Workers: 8]
      [GC Worker Start (ms): Min: 748427221.2, Avg: 748427221.3, Max: 748427221.3, Diff: 0.1]
      [Ext Root Scanning (ms): Min: 1.0, Avg: 1.9, Max: 6.4, Diff: 5.4, Sum: 15.1]
      [Update RS (ms): Min: 0.0, Avg: 1.5, Max: 2.3, Diff: 2.3, Sum: 12.2]
         [Processed Buffers: Min: 0, Avg: 5.0, Max: 10, Diff: 10, Sum: 40]
      [Scan RS (ms): Min: 0.0, Avg: 1.5, Max: 1.9, Diff: 1.8, Sum: 11.9]
      [Code Root Scanning (ms): Min: 0.0, Avg: 0.0, Max: 0.0, Diff: 0.0, Sum: 0.0]
      [Object Copy (ms): Min: 4.6, Avg: 6.1, Max: 6.4, Diff: 1.8, Sum: 48.8]
      [Termination (ms): Min: 0.0, Avg: 0.0, Max: 0.0, Diff: 0.0, Sum: 0.0]
         [Termination Attempts: Min: 1, Avg: 1.0, Max: 1, Diff: 0, Sum: 8]
      [GC Worker Other (ms): Min: 0.0, Avg: 0.1, Max: 0.1, Diff: 0.1, Sum: 0.4]
      [GC Worker Total (ms): Min: 11.0, Avg: 11.0, Max: 11.1, Diff: 0.2, Sum: 88.4]
      [GC Worker End (ms): Min: 748427232.3, Avg: 748427232.3, Max: 748427232.4, Diff: 0.1]
   [Code Root Fixup: 0.0 ms]
   [Code Root Purge: 0.0 ms]
   [Clear CT: 0.8 ms]
   [Other: 4.1 ms]
      [Choose CSet: 0.0 ms]
      [Ref Proc: 3.4 ms]
      [Ref Enq: 0.1 ms]
      [Redirty Cards: 0.1 ms]
      [Humongous Register: 0.1 ms]
      [Humongous Reclaim: 0.0 ms]
      [Free CSet: 0.2 ms]
   [Eden: 5712.0M(5712.0M)->0.0B(7152.0M) Survivors: 16384.0K->16384.0K Heap: 9347.4M(14336.0M)->3619.9M(14336.0M)]
 [Times: user=0.11 sys=0.00, real=0.01 secs] 
2022-07-30T13:06:14.422-0700: 748545.927: [GC pause (G1 Evacuation Pause) (young), 0.0131355 secs]
   [Parallel Time: 8.8 ms, GC Workers: 8]
      [GC Worker Start (ms): Min: 748545926.7, Avg: 748545926.7, Max: 748545926.8, Diff: 0.1]
      [Ext Root Scanning (ms): Min: 0.9, Avg: 1.6, Max: 4.9, Diff: 4.0, Sum: 12.8]
      [Update RS (ms): Min: 2.0, Avg: 5.2, Max: 6.4, Diff: 4.3, Sum: 41.6]
         [Processed Buffers: Min: 14, Avg: 16.5, Max: 19, Diff: 5, Sum: 132]
      [Scan RS (ms): Min: 0.0, Avg: 0.0, Max: 0.1, Diff: 0.1, Sum: 0.4]
      [Code Root Scanning (ms): Min: 0.0, Avg: 0.0, Max: 0.0, Diff: 0.0, Sum: 0.0]
      [Object Copy (ms): Min: 1.1, Avg: 1.7, Max: 1.8, Diff: 0.7, Sum: 13.4]
      [Termination (ms): Min: 0.0, Avg: 0.0, Max: 0.0, Diff: 0.0, Sum: 0.0]
         [Termination Attempts: Min: 1, Avg: 1.4, Max: 2, Diff: 1, Sum: 11]
      [GC Worker Other (ms): Min: 0.0, Avg: 0.0, Max: 0.1, Diff: 0.1, Sum: 0.4]
      [GC Worker Total (ms): Min: 8.5, Avg: 8.6, Max: 8.6, Diff: 0.1, Sum: 68.6]
      [GC Worker End (ms): Min: 748545935.2, Avg: 748545935.3, Max: 748545935.3, Diff: 0.1]
   [Code Root Fixup: 0.0 ms]
   [Code Root Purge: 0.0 ms]
   [Clear CT: 0.8 ms]
   [Other: 3.6 ms]
      [Choose CSet: 0.0 ms]
      [Ref Proc: 2.9 ms]
      [Ref Enq: 0.1 ms]
      [Redirty Cards: 0.1 ms]
      [Humongous Register: 0.1 ms]
      [Humongous Reclaim: 0.0 ms]
      [Free CSet: 0.3 ms]
   [Eden: 7152.0M(7152.0M)->0.0B(7152.0M) Survivors: 16384.0K->16384.0K Heap: 10771.9M(14336.0M)->3625.9M(14336.0M)]
 [Times: user=0.08 sys=0.00, real=0.02 secs] 
2022-07-30T13:08:10.062-0700: 748661.566: [GC pause (G1 Evacuation Pause) (young) (initial-mark), 0.0315488 secs]
   [Parallel Time: 27.3 ms, GC Workers: 8]
      [GC Worker Start (ms): Min: 748661568.9, Avg: 748661569.0, Max: 748661569.1, Diff: 0.2]
      [Ext Root Scanning (ms): Min: 6.1, Avg: 8.6, Max: 24.2, Diff: 18.1, Sum: 68.5]
      [Update RS (ms): Min: 0.0, Avg: 1.7, Max: 2.5, Diff: 2.5, Sum: 13.3]
         [Processed Buffers: Min: 0, Avg: 6.5, Max: 11, Diff: 11, Sum: 52]
      [Scan RS (ms): Min: 0.0, Avg: 0.1, Max: 0.1, Diff: 0.1, Sum: 0.5]
      [Code Root Scanning (ms): Min: 0.0, Avg: 0.0, Max: 0.0, Diff: 0.0, Sum: 0.0]
      [Object Copy (ms): Min: 0.3, Avg: 2.2, Max: 2.7, Diff: 2.4, Sum: 17.2]
      [Termination (ms): Min: 0.0, Avg: 12.2, Max: 14.0, Diff: 14.0, Sum: 97.8]
         [Termination Attempts: Min: 1, Avg: 16.1, Max: 26, Diff: 25, Sum: 129]
      [GC Worker Other (ms): Min: 0.0, Avg: 0.0, Max: 0.0, Diff: 0.0, Sum: 0.1]
      [GC Worker Total (ms): Min: 24.6, Avg: 24.7, Max: 24.8, Diff: 0.2, Sum: 197.4]
      [GC Worker End (ms): Min: 748661593.6, Avg: 748661593.6, Max: 748661593.7, Diff: 0.0]
   [Code Root Fixup: 0.0 ms]
   [Code Root Purge: 0.0 ms]
   [Clear CT: 0.6 ms]
   [Other: 3.7 ms]
      [Choose CSet: 0.0 ms]
      [Ref Proc: 2.9 ms]
      [Ref Enq: 0.1 ms]
      [Redirty Cards: 0.1 ms]
      [Humongous Register: 0.0 ms]
      [Humongous Reclaim: 0.0 ms]
      [Free CSet: 0.3 ms]
   [Eden: 7152.0M(7152.0M)->0.0B(7152.0M) Survivors: 16384.0K->16384.0K Heap: 10777.9M(14336.0M)->3630.6M(14336.0M)]
 [Times: user=0.18 sys=0.00, real=0.03 secs] 
2022-07-30T13:08:10.093-0700: 748661.598: [GC concurrent-root-region-scan-start]
2022-07-30T13:08:10.103-0700: 748661.607: [GC concurrent-root-region-scan-end, 0.0091778 secs]
2022-07-30T13:08:10.103-0700: 748661.607: [GC concurrent-mark-start]
2022-07-30T13:08:12.766-0700: 748664.270: [GC concurrent-mark-end, 2.6628932 secs]
2022-07-30T13:08:12.766-0700: 748664.271: [GC remark 2022-07-30T13:08:12.766-0700: 748664.271: [Finalize Marking, 0.0003961 secs] 2022-07-30T13:08:12.766-0700: 748664.271: [GC ref-proc, 0.0087495 secs] 2022-07-30T13:08:12.775-0700: 748664.280: [Unloading, 0.0284165 secs], 0.0433022 secs]
 [Times: user=0.27 sys=0.00, real=0.04 secs] 
2022-07-30T13:08:12.810-0700: 748664.314: [GC cleanup 3819M->3819M(14336M), 0.0088389 secs]
 [Times: user=0.06 sys=0.00, real=0.01 secs] 
2022-07-30T13:10:09.709-0700: 748781.214: [GC pause (G1 Evacuation Pause) (young), 0.0099024 secs]
   [Parallel Time: 6.8 ms, GC Workers: 8]
      [GC Worker Start (ms): Min: 748781214.0, Avg: 748781214.1, Max: 748781214.1, Diff: 0.1]
      [Ext Root Scanning (ms): Min: 1.2, Avg: 2.0, Max: 6.3, Diff: 5.2, Sum: 16.0]
      [Update RS (ms): Min: 0.0, Avg: 1.9, Max: 2.9, Diff: 2.9, Sum: 15.6]
         [Processed Buffers: Min: 0, Avg: 5.4, Max: 9, Diff: 9, Sum: 43]
      [Scan RS (ms): Min: 0.0, Avg: 0.1, Max: 0.2, Diff: 0.2, Sum: 0.5]
      [Code Root Scanning (ms): Min: 0.0, Avg: 0.0, Max: 0.0, Diff: 0.0, Sum: 0.0]
      [Object Copy (ms): Min: 0.3, Avg: 2.6, Max: 3.1, Diff: 2.8, Sum: 20.5]
      [Termination (ms): Min: 0.0, Avg: 0.0, Max: 0.0, Diff: 0.0, Sum: 0.1]
         [Termination Attempts: Min: 25, Avg: 30.9, Max: 35, Diff: 10, Sum: 247]
      [GC Worker Other (ms): Min: 0.0, Avg: 0.1, Max: 0.1, Diff: 0.1, Sum: 0.5]
      [GC Worker Total (ms): Min: 6.6, Avg: 6.7, Max: 6.8, Diff: 0.2, Sum: 53.3]
      [GC Worker End (ms): Min: 748781220.7, Avg: 748781220.7, Max: 748781220.8, Diff: 0.1]
   [Code Root Fixup: 0.0 ms]
   [Code Root Purge: 0.0 ms]
   [Clear CT: 0.7 ms]
   [Other: 2.4 ms]
      [Choose CSet: 0.0 ms]
      [Ref Proc: 1.7 ms]
      [Ref Enq: 0.1 ms]
      [Redirty Cards: 0.1 ms]
      [Humongous Register: 0.1 ms]
      [Humongous Reclaim: 0.0 ms]
      [Free CSet: 0.3 ms]
   [Eden: 7152.0M(7152.0M)->0.0B(5712.0M) Survivors: 16384.0K->16384.0K Heap: 10782.6M(14336.0M)->3629.6M(14336.0M)]
 [Times: user=0.06 sys=0.00, real=0.01 secs] 
2022-07-30T13:11:41.163-0700: 748872.668: [GC pause (G1 Evacuation Pause) (mixed), 0.0130068 secs]
   [Parallel Time: 10.3 ms, GC Workers: 8]
      [GC Worker Start (ms): Min: 748872668.2, Avg: 748872668.2, Max: 748872668.3, Diff: 0.1]
      [Ext Root Scanning (ms): Min: 1.2, Avg: 2.0, Max: 6.8, Diff: 5.6, Sum: 16.2]
      [Update RS (ms): Min: 0.0, Avg: 2.0, Max: 2.8, Diff: 2.8, Sum: 15.7]
         [Processed Buffers: Min: 0, Avg: 6.0, Max: 13, Diff: 13, Sum: 48]
      [Scan RS (ms): Min: 0.0, Avg: 0.6, Max: 0.8, Diff: 0.8, Sum: 4.4]
      [Code Root Scanning (ms): Min: 0.0, Avg: 0.0, Max: 0.0, Diff: 0.0, Sum: 0.0]
      [Object Copy (ms): Min: 3.2, Avg: 5.4, Max: 5.8, Diff: 2.6, Sum: 43.4]
      [Termination (ms): Min: 0.0, Avg: 0.0, Max: 0.0, Diff: 0.0, Sum: 0.0]
         [Termination Attempts: Min: 1, Avg: 5.2, Max: 8, Diff: 7, Sum: 42]
      [GC Worker Other (ms): Min: 0.0, Avg: 0.1, Max: 0.2, Diff: 0.2, Sum: 0.6]
      [GC Worker Total (ms): Min: 9.9, Avg: 10.0, Max: 10.2, Diff: 0.2, Sum: 80.4]
      [GC Worker End (ms): Min: 748872678.2, Avg: 748872678.3, Max: 748872678.4, Diff: 0.1]
   [Code Root Fixup: 0.0 ms]
   [Code Root Purge: 0.0 ms]
   [Clear CT: 0.7 ms]
   [Other: 2.1 ms]
      [Choose CSet: 0.0 ms]
      [Ref Proc: 1.5 ms]
      [Ref Enq: 0.1 ms]
      [Redirty Cards: 0.1 ms]
      [Humongous Register: 0.1 ms]
      [Humongous Reclaim: 0.0 ms]
      [Free CSet: 0.2 ms]
   [Eden: 5712.0M(5712.0M)->0.0B(7152.0M) Survivors: 16384.0K->16384.0K Heap: 9341.6M(14336.0M)->3628.0M(14336.0M)]
 [Times: user=0.09 sys=0.01, real=0.01 secs] 
2022-07-30T13:13:36.268-0700: 748987.773: [GC pause (G1 Evacuation Pause) (young), 0.0128011 secs]
   [Parallel Time: 8.3 ms, GC Workers: 8]
      [GC Worker Start (ms): Min: 748987772.7, Avg: 748987772.8, Max: 748987772.8, Diff: 0.2]
      [Ext Root Scanning (ms): Min: 1.2, Avg: 1.9, Max: 5.2, Diff: 4.1, Sum: 15.0]
      [Update RS (ms): Min: 1.6, Avg: 4.2, Max: 5.0, Diff: 3.3, Sum: 33.4]
         [Processed Buffers: Min: 3, Avg: 14.2, Max: 26, Diff: 23, Sum: 114]
      [Scan RS (ms): Min: 0.0, Avg: 0.0, Max: 0.1, Diff: 0.1, Sum: 0.4]
      [Code Root Scanning (ms): Min: 0.0, Avg: 0.0, Max: 0.0, Diff: 0.0, Sum: 0.0]
      [Object Copy (ms): Min: 1.2, Avg: 1.9, Max: 2.1, Diff: 0.9, Sum: 15.0]
      [Termination (ms): Min: 0.0, Avg: 0.0, Max: 0.0, Diff: 0.0, Sum: 0.0]
         [Termination Attempts: Min: 6, Avg: 11.2, Max: 16, Diff: 10, Sum: 90]
      [GC Worker Other (ms): Min: 0.0, Avg: 0.1, Max: 0.1, Diff: 0.1, Sum: 0.4]
      [GC Worker Total (ms): Min: 7.9, Avg: 8.0, Max: 8.1, Diff: 0.2, Sum: 64.2]
      [GC Worker End (ms): Min: 748987780.7, Avg: 748987780.8, Max: 748987780.8, Diff: 0.1]
   [Code Root Fixup: 0.0 ms]
   [Code Root Purge: 0.0 ms]
   [Clear CT: 0.7 ms]
   [Other: 3.8 ms]
      [Choose CSet: 0.0 ms]
      [Ref Proc: 3.1 ms]
      [Ref Enq: 0.1 ms]
      [Redirty Cards: 0.1 ms]
      [Humongous Register: 0.1 ms]
      [Humongous Reclaim: 0.0 ms]
      [Free CSet: 0.3 ms]
   [Eden: 7152.0M(7152.0M)->0.0B(7152.0M) Survivors: 16384.0K->16384.0K Heap: 10780.0M(14336.0M)->3637.4M(14336.0M)]
 [Times: user=0.08 sys=0.00, real=0.01 secs] 
2022-07-30T13:15:34.515-0700: 749106.019: [GC pause (G1 Evacuation Pause) (young) (initial-mark), 0.0178716 secs]
   [Parallel Time: 13.3 ms, GC Workers: 8]
      [GC Worker Start (ms): Min: 749106021.8, Avg: 749106021.9, Max: 749106022.0, Diff: 0.2]
      [Ext Root Scanning (ms): Min: 6.4, Avg: 6.6, Max: 6.9, Diff: 0.6, Sum: 53.2]
      [Update RS (ms): Min: 1.5, Avg: 1.7, Max: 2.3, Diff: 0.9, Sum: 13.8]
         [Processed Buffers: Min: 2, Avg: 5.1, Max: 9, Diff: 7, Sum: 41]
      [Scan RS (ms): Min: 0.0, Avg: 0.1, Max: 0.1, Diff: 0.1, Sum: 0.4]
      [Code Root Scanning (ms): Min: 0.0, Avg: 0.0, Max: 0.0, Diff: 0.0, Sum: 0.0]
      [Object Copy (ms): Min: 1.8, Avg: 2.1, Max: 2.4, Diff: 0.7, Sum: 16.8]
      [Termination (ms): Min: 0.0, Avg: 0.0, Max: 0.0, Diff: 0.0, Sum: 0.0]
         [Termination Attempts: Min: 1, Avg: 3.6, Max: 5, Diff: 4, Sum: 29]
      [GC Worker Other (ms): Min: 0.0, Avg: 0.1, Max: 0.2, Diff: 0.2, Sum: 0.7]
      [GC Worker Total (ms): Min: 10.5, Avg: 10.6, Max: 10.7, Diff: 0.2, Sum: 85.0]
      [GC Worker End (ms): Min: 749106032.5, Avg: 749106032.5, Max: 749106032.7, Diff: 0.2]
   [Code Root Fixup: 0.0 ms]
   [Code Root Purge: 0.0 ms]
   [Clear CT: 0.7 ms]
   [Other: 3.8 ms]
      [Choose CSet: 0.0 ms]
      [Ref Proc: 3.1 ms]
      [Ref Enq: 0.1 ms]
      [Redirty Cards: 0.1 ms]
      [Humongous Register: 0.1 ms]
      [Humongous Reclaim: 0.0 ms]
      [Free CSet: 0.3 ms]
   [Eden: 7152.0M(7152.0M)->0.0B(7152.0M) Survivors: 16384.0K->16384.0K Heap: 10789.4M(14336.0M)->3638.1M(14336.0M)]
 [Times: user=0.09 sys=0.00, real=0.01 secs] 
2022-07-30T13:15:34.533-0700: 749106.037: [GC concurrent-root-region-scan-start]
2022-07-30T13:15:34.542-0700: 749106.047: [GC concurrent-root-region-scan-end, 0.0091888 secs]
2022-07-30T13:15:34.542-0700: 749106.047: [GC concurrent-mark-start]
2022-07-30T13:15:37.234-0700: 749108.738: [GC concurrent-mark-end, 2.6916584 secs]
2022-07-30T13:15:37.234-0700: 749108.739: [GC remark 2022-07-30T13:15:37.234-0700: 749108.739: [Finalize Marking, 0.0002510 secs] 2022-07-30T13:15:37.234-0700: 749108.739: [GC ref-proc, 0.0059277 secs] 2022-07-30T13:15:37.240-0700: 749108.745: [Unloading, 0.0284069 secs], 0.0404418 secs]
 [Times: user=0.25 sys=0.00, real=0.04 secs] 
2022-07-30T13:15:37.275-0700: 749108.779: [GC cleanup 3870M->3870M(14336M), 0.0096930 secs]
 [Times: user=0.06 sys=0.00, real=0.01 secs] 
2022-07-30T13:17:28.975-0700: 749220.480: [GC pause (G1 Evacuation Pause) (young), 0.0106522 secs]
   [Parallel Time: 5.5 ms, GC Workers: 8]
      [GC Worker Start (ms): Min: 749220479.6, Avg: 749220479.7, Max: 749220479.8, Diff: 0.1]
      [Ext Root Scanning (ms): Min: 0.9, Avg: 1.6, Max: 5.2, Diff: 4.4, Sum: 12.7]
      [Update RS (ms): Min: 0.0, Avg: 1.5, Max: 2.2, Diff: 2.2, Sum: 11.9]
         [Processed Buffers: Min: 0, Avg: 6.0, Max: 10, Diff: 10, Sum: 48]
      [Scan RS (ms): Min: 0.0, Avg: 0.0, Max: 0.1, Diff: 0.1, Sum: 0.4]
      [Code Root Scanning (ms): Min: 0.0, Avg: 0.0, Max: 0.0, Diff: 0.0, Sum: 0.0]
      [Object Copy (ms): Min: 0.0, Avg: 1.7, Max: 2.1, Diff: 2.1, Sum: 13.9]
      [Termination (ms): Min: 0.0, Avg: 0.4, Max: 0.4, Diff: 0.4, Sum: 2.8]
         [Termination Attempts: Min: 1, Avg: 2.9, Max: 5, Diff: 4, Sum: 23]
      [GC Worker Other (ms): Min: 0.0, Avg: 0.0, Max: 0.1, Diff: 0.1, Sum: 0.2]
      [GC Worker Total (ms): Min: 5.2, Avg: 5.2, Max: 5.3, Diff: 0.1, Sum: 41.9]
      [GC Worker End (ms): Min: 749220484.9, Avg: 749220484.9, Max: 749220485.0, Diff: 0.1]
   [Code Root Fixup: 0.0 ms]
   [Code Root Purge: 0.0 ms]
   [Clear CT: 0.6 ms]
   [Other: 4.5 ms]
      [Choose CSet: 0.0 ms]
      [Ref Proc: 3.8 ms]
      [Ref Enq: 0.1 ms]
      [Redirty Cards: 0.1 ms]
      [Humongous Register: 0.1 ms]
      [Humongous Reclaim: 0.0 ms]
      [Free CSet: 0.3 ms]
   [Eden: 7152.0M(7152.0M)->0.0B(5712.0M) Survivors: 16384.0K->16384.0K Heap: 10790.1M(14336.0M)->3639.7M(14336.0M)]
 [Times: user=0.05 sys=0.00, real=0.01 secs] 
2022-07-30T13:18:58.124-0700: 749309.629: [GC pause (G1 Evacuation Pause) (mixed), 0.0282647 secs]
   [Parallel Time: 23.5 ms, GC Workers: 8]
      [GC Worker Start (ms): Min: 749309628.9, Avg: 749309629.0, Max: 749309629.0, Diff: 0.1]
      [Ext Root Scanning (ms): Min: 0.9, Avg: 1.8, Max: 6.6, Diff: 5.8, Sum: 14.1]
      [Update RS (ms): Min: 0.0, Avg: 1.3, Max: 1.8, Diff: 1.8, Sum: 10.7]
         [Processed Buffers: Min: 0, Avg: 5.0, Max: 11, Diff: 11, Sum: 40]
      [Scan RS (ms): Min: 0.1, Avg: 2.0, Max: 7.7, Diff: 7.7, Sum: 16.1]
      [Code Root Scanning (ms): Min: 0.0, Avg: 0.0, Max: 0.1, Diff: 0.1, Sum: 0.1]
      [Object Copy (ms): Min: 3.6, Avg: 13.1, Max: 20.3, Diff: 16.7, Sum: 105.0]
      [Termination (ms): Min: 0.0, Avg: 5.1, Max: 9.5, Diff: 9.5, Sum: 40.6]
         [Termination Attempts: Min: 1, Avg: 1.2, Max: 2, Diff: 1, Sum: 10]
      [GC Worker Other (ms): Min: 0.0, Avg: 0.0, Max: 0.0, Diff: 0.0, Sum: 0.1]
      [GC Worker Total (ms): Min: 23.3, Avg: 23.3, Max: 23.4, Diff: 0.1, Sum: 186.7]
      [GC Worker End (ms): Min: 749309652.3, Avg: 749309652.3, Max: 749309652.3, Diff: 0.0]
   [Code Root Fixup: 0.0 ms]
   [Code Root Purge: 0.0 ms]
   [Clear CT: 0.8 ms]
   [Other: 4.1 ms]
      [Choose CSet: 0.0 ms]
      [Ref Proc: 3.4 ms]
      [Ref Enq: 0.1 ms]
      [Redirty Cards: 0.1 ms]
      [Humongous Register: 0.1 ms]
      [Humongous Reclaim: 0.0 ms]
      [Free CSet: 0.2 ms]
   [Eden: 5712.0M(5712.0M)->0.0B(7152.0M) Survivors: 16384.0K->16384.0K Heap: 9351.7M(14336.0M)->3631.4M(14336.0M)]
 [Times: user=0.12 sys=0.00, real=0.02 secs] 
2022-07-30T13:20:53.906-0700: 749425.411: [GC pause (G1 Evacuation Pause) (young), 0.0131140 secs]
   [Parallel Time: 9.1 ms, GC Workers: 8]
      [GC Worker Start (ms): Min: 749425410.9, Avg: 749425411.0, Max: 749425411.1, Diff: 0.1]
      [Ext Root Scanning (ms): Min: 1.0, Avg: 1.8, Max: 5.8, Diff: 4.8, Sum: 14.4]
      [Update RS (ms): Min: 0.9, Avg: 4.8, Max: 5.9, Diff: 5.0, Sum: 38.4]
         [Processed Buffers: Min: 3, Avg: 13.2, Max: 19, Diff: 16, Sum: 106]
      [Scan RS (ms): Min: 0.0, Avg: 0.1, Max: 0.1, Diff: 0.1, Sum: 0.4]
      [Code Root Scanning (ms): Min: 0.0, Avg: 0.0, Max: 0.0, Diff: 0.0, Sum: 0.0]
      [Object Copy (ms): Min: 1.8, Avg: 2.2, Max: 2.4, Diff: 0.5, Sum: 17.5]
      [Termination (ms): Min: 0.0, Avg: 0.0, Max: 0.0, Diff: 0.0, Sum: 0.0]
         [Termination Attempts: Min: 5, Avg: 8.8, Max: 13, Diff: 8, Sum: 70]
      [GC Worker Other (ms): Min: 0.0, Avg: 0.0, Max: 0.1, Diff: 0.1, Sum: 0.4]
      [GC Worker Total (ms): Min: 8.8, Avg: 8.9, Max: 9.0, Diff: 0.2, Sum: 71.0]
      [GC Worker End (ms): Min: 749425419.9, Avg: 749425419.9, Max: 749425419.9, Diff: 0.1]
   [Code Root Fixup: 0.0 ms]
   [Code Root Purge: 0.0 ms]
   [Clear CT: 0.8 ms]
   [Other: 3.2 ms]
      [Choose CSet: 0.0 ms]
      [Ref Proc: 2.6 ms]
      [Ref Enq: 0.1 ms]
      [Redirty Cards: 0.1 ms]
      [Humongous Register: 0.1 ms]
      [Humongous Reclaim: 0.0 ms]
      [Free CSet: 0.3 ms]
   [Eden: 7152.0M(7152.0M)->0.0B(7152.0M) Survivors: 16384.0K->16384.0K Heap: 10783.4M(14336.0M)->3638.1M(14336.0M)]
 [Times: user=0.08 sys=0.00, real=0.01 secs] 
2022-07-30T13:22:51.774-0700: 749543.279: [GC pause (G1 Evacuation Pause) (young) (initial-mark), 0.0172639 secs]
   [Parallel Time: 11.9 ms, GC Workers: 8]
      [GC Worker Start (ms): Min: 749543281.4, Avg: 749543281.5, Max: 749543281.5, Diff: 0.2]
      [Ext Root Scanning (ms): Min: 5.9, Avg: 6.1, Max: 6.2, Diff: 0.4, Sum: 48.5]
      [Update RS (ms): Min: 1.3, Avg: 1.5, Max: 1.9, Diff: 0.5, Sum: 11.8]
         [Processed Buffers: Min: 3, Avg: 6.4, Max: 11, Diff: 8, Sum: 51]
      [Scan RS (ms): Min: 0.0, Avg: 0.0, Max: 0.1, Diff: 0.1, Sum: 0.4]
      [Code Root Scanning (ms): Min: 0.0, Avg: 0.0, Max: 0.0, Diff: 0.0, Sum: 0.0]
      [Object Copy (ms): Min: 1.1, Avg: 1.7, Max: 1.9, Diff: 0.8, Sum: 13.3]
      [Termination (ms): Min: 0.0, Avg: 0.0, Max: 0.0, Diff: 0.0, Sum: 0.0]
         [Termination Attempts: Min: 8, Avg: 13.5, Max: 19, Diff: 11, Sum: 108]
      [GC Worker Other (ms): Min: 0.0, Avg: 0.1, Max: 0.1, Diff: 0.1, Sum: 0.4]
      [GC Worker Total (ms): Min: 9.2, Avg: 9.3, Max: 9.4, Diff: 0.2, Sum: 74.4]
      [GC Worker End (ms): Min: 749543290.7, Avg: 749543290.8, Max: 749543290.8, Diff: 0.1]
   [Code Root Fixup: 0.0 ms]
   [Code Root Purge: 0.0 ms]
   [Clear CT: 0.8 ms]
   [Other: 4.6 ms]
      [Choose CSet: 0.0 ms]
      [Ref Proc: 3.8 ms]
      [Ref Enq: 0.1 ms]
      [Redirty Cards: 0.1 ms]
      [Humongous Register: 0.0 ms]
      [Humongous Reclaim: 0.0 ms]
      [Free CSet: 0.3 ms]
   [Eden: 7152.0M(7152.0M)->0.0B(7152.0M) Survivors: 16384.0K->16384.0K Heap: 10790.1M(14336.0M)->3642.3M(14336.0M)]
 [Times: user=0.08 sys=0.00, real=0.02 secs] 
2022-07-30T13:22:51.792-0700: 749543.296: [GC concurrent-root-region-scan-start]
2022-07-30T13:22:51.801-0700: 749543.306: [GC concurrent-root-region-scan-end, 0.0090811 secs]
2022-07-30T13:22:51.801-0700: 749543.306: [GC concurrent-mark-start]
2022-07-30T13:22:54.501-0700: 749546.006: [GC concurrent-mark-end, 2.7004511 secs]
2022-07-30T13:22:54.502-0700: 749546.006: [GC remark 2022-07-30T13:22:54.502-0700: 749546.006: [Finalize Marking, 0.0004249 secs] 2022-07-30T13:22:54.502-0700: 749546.007: [GC ref-proc, 0.0112844 secs] 2022-07-30T13:22:54.513-0700: 749546.018: [Unloading, 0.0279447 secs], 0.0455941 secs]
 [Times: user=0.26 sys=0.00, real=0.05 secs] 
2022-07-30T13:22:54.548-0700: 749546.052: [GC cleanup 3874M->3874M(14336M), 0.0097855 secs]
 [Times: user=0.07 sys=0.00, real=0.01 secs] 
2022-07-30T13:24:47.122-0700: 749658.626: [GC pause (G1 Evacuation Pause) (young), 0.0152192 secs]
   [Parallel Time: 5.8 ms, GC Workers: 8]
      [GC Worker Start (ms): Min: 749658626.5, Avg: 749658626.6, Max: 749658626.7, Diff: 0.2]
      [Ext Root Scanning (ms): Min: 1.0, Avg: 1.7, Max: 5.5, Diff: 4.5, Sum: 14.0]
      [Update RS (ms): Min: 0.0, Avg: 1.3, Max: 2.0, Diff: 2.0, Sum: 10.3]
         [Processed Buffers: Min: 0, Avg: 5.9, Max: 12, Diff: 12, Sum: 47]
      [Scan RS (ms): Min: 0.0, Avg: 0.0, Max: 0.1, Diff: 0.1, Sum: 0.4]
      [Code Root Scanning (ms): Min: 0.0, Avg: 0.0, Max: 0.0, Diff: 0.0, Sum: 0.0]
      [Object Copy (ms): Min: 0.0, Avg: 1.9, Max: 2.4, Diff: 2.4, Sum: 15.3]
      [Termination (ms): Min: 0.0, Avg: 0.4, Max: 0.5, Diff: 0.5, Sum: 3.3]
         [Termination Attempts: Min: 1, Avg: 10.9, Max: 17, Diff: 16, Sum: 87]
      [GC Worker Other (ms): Min: 0.0, Avg: 0.0, Max: 0.0, Diff: 0.0, Sum: 0.2]
      [GC Worker Total (ms): Min: 5.4, Avg: 5.4, Max: 5.5, Diff: 0.2, Sum: 43.5]
      [GC Worker End (ms): Min: 749658632.0, Avg: 749658632.1, Max: 749658632.1, Diff: 0.0]
   [Code Root Fixup: 0.0 ms]
   [Code Root Purge: 0.0 ms]
   [Clear CT: 0.6 ms]
   [Other: 8.8 ms]
      [Choose CSet: 0.0 ms]
      [Ref Proc: 2.1 ms]
      [Ref Enq: 0.6 ms]
      [Redirty Cards: 0.5 ms]
      [Humongous Register: 0.1 ms]
      [Humongous Reclaim: 0.0 ms]
      [Free CSet: 0.3 ms]
   [Eden: 7152.0M(7152.0M)->0.0B(5712.0M) Survivors: 16384.0K->16384.0K Heap: 10794.3M(14336.0M)->3644.6M(14336.0M)]
 [Times: user=0.06 sys=0.00, real=0.02 secs] 
2022-07-30T13:26:20.821-0700: 749752.325: [GC pause (G1 Evacuation Pause) (mixed), 0.0255859 secs]
   [Parallel Time: 20.4 ms, GC Workers: 8]
      [GC Worker Start (ms): Min: 749752325.5, Avg: 749752325.6, Max: 749752325.6, Diff: 0.1]
      [Ext Root Scanning (ms): Min: 0.8, Avg: 1.7, Max: 5.6, Diff: 4.9, Sum: 13.4]
      [Update RS (ms): Min: 0.0, Avg: 1.3, Max: 3.5, Diff: 3.5, Sum: 10.2]
         [Processed Buffers: Min: 0, Avg: 5.0, Max: 16, Diff: 16, Sum: 40]
      [Scan RS (ms): Min: 0.1, Avg: 0.5, Max: 1.3, Diff: 1.2, Sum: 3.7]
      [Code Root Scanning (ms): Min: 0.0, Avg: 0.1, Max: 0.7, Diff: 0.7, Sum: 0.7]
      [Object Copy (ms): Min: 13.9, Avg: 16.3, Max: 18.9, Diff: 5.0, Sum: 130.3]
      [Termination (ms): Min: 0.0, Avg: 0.0, Max: 0.0, Diff: 0.0, Sum: 0.1]
         [Termination Attempts: Min: 2, Avg: 46.9, Max: 63, Diff: 61, Sum: 375]
      [GC Worker Other (ms): Min: 0.0, Avg: 0.1, Max: 0.2, Diff: 0.1, Sum: 0.6]
      [GC Worker Total (ms): Min: 19.8, Avg: 19.9, Max: 20.0, Diff: 0.2, Sum: 159.1]
      [GC Worker End (ms): Min: 749752345.4, Avg: 749752345.5, Max: 749752345.6, Diff: 0.1]
   [Code Root Fixup: 0.0 ms]
   [Code Root Purge: 0.0 ms]
   [Clear CT: 0.9 ms]
   [Other: 4.4 ms]
      [Choose CSet: 0.0 ms]
      [Ref Proc: 3.7 ms]
      [Ref Enq: 0.1 ms]
      [Redirty Cards: 0.1 ms]
      [Humongous Register: 0.1 ms]
      [Humongous Reclaim: 0.0 ms]
      [Free CSet: 0.3 ms]
   [Eden: 5712.0M(5712.0M)->0.0B(7152.0M) Survivors: 16384.0K->16384.0K Heap: 9356.6M(14336.0M)->3630.3M(14336.0M)]
 [Times: user=0.10 sys=0.01, real=0.03 secs] 
2022-07-30T13:28:16.124-0700: 749867.629: [GC pause (G1 Evacuation Pause) (young), 0.0126296 secs]
   [Parallel Time: 7.7 ms, GC Workers: 8]
      [GC Worker Start (ms): Min: 749867628.9, Avg: 749867629.0, Max: 749867629.1, Diff: 0.1]
      [Ext Root Scanning (ms): Min: 0.9, Avg: 1.6, Max: 5.1, Diff: 4.2, Sum: 13.0]
      [Update RS (ms): Min: 0.3, Avg: 3.6, Max: 4.7, Diff: 4.4, Sum: 28.7]
         [Processed Buffers: Min: 11, Avg: 14.1, Max: 17, Diff: 6, Sum: 113]
      [Scan RS (ms): Min: 0.0, Avg: 0.0, Max: 0.1, Diff: 0.1, Sum: 0.4]
      [Code Root Scanning (ms): Min: 0.0, Avg: 0.0, Max: 0.0, Diff: 0.0, Sum: 0.0]
      [Object Copy (ms): Min: 1.4, Avg: 1.9, Max: 2.1, Diff: 0.6, Sum: 14.8]
      [Termination (ms): Min: 0.0, Avg: 0.0, Max: 0.0, Diff: 0.0, Sum: 0.0]
         [Termination Attempts: Min: 1, Avg: 5.1, Max: 7, Diff: 6, Sum: 41]
      [GC Worker Other (ms): Min: 0.0, Avg: 0.1, Max: 0.2, Diff: 0.2, Sum: 0.6]
      [GC Worker Total (ms): Min: 7.1, Avg: 7.2, Max: 7.4, Diff: 0.3, Sum: 57.5]
      [GC Worker End (ms): Min: 749867636.1, Avg: 749867636.2, Max: 749867636.3, Diff: 0.2]
   [Code Root Fixup: 0.0 ms]
   [Code Root Purge: 0.0 ms]
   [Clear CT: 0.8 ms]
   [Other: 4.2 ms]
      [Choose CSet: 0.0 ms]
      [Ref Proc: 3.5 ms]
      [Ref Enq: 0.1 ms]
      [Redirty Cards: 0.1 ms]
      [Humongous Register: 0.1 ms]
      [Humongous Reclaim: 0.0 ms]
      [Free CSet: 0.3 ms]
   [Eden: 7152.0M(7152.0M)->0.0B(7152.0M) Survivors: 16384.0K->16384.0K Heap: 10782.3M(14336.0M)->3643.9M(14336.0M)]
 [Times: user=0.07 sys=0.00, real=0.01 secs] 
2022-07-30T13:30:10.715-0700: 749982.220: [GC pause (G1 Evacuation Pause) (young) (initial-mark), 0.0179422 secs]
   [Parallel Time: 12.7 ms, GC Workers: 8]
      [GC Worker Start (ms): Min: 749982222.0, Avg: 749982222.3, Max: 749982223.0, Diff: 1.0]
      [Ext Root Scanning (ms): Min: 5.3, Avg: 6.0, Max: 6.5, Diff: 1.2, Sum: 47.9]
      [Update RS (ms): Min: 1.3, Avg: 1.5, Max: 1.9, Diff: 0.5, Sum: 12.4]
         [Processed Buffers: Min: 2, Avg: 5.1, Max: 8, Diff: 6, Sum: 41]
      [Scan RS (ms): Min: 0.0, Avg: 0.0, Max: 0.1, Diff: 0.1, Sum: 0.4]
      [Code Root Scanning (ms): Min: 0.0, Avg: 0.0, Max: 0.0, Diff: 0.0, Sum: 0.0]
      [Object Copy (ms): Min: 1.7, Avg: 2.2, Max: 2.4, Diff: 0.7, Sum: 18.0]
      [Termination (ms): Min: 0.0, Avg: 0.1, Max: 0.1, Diff: 0.1, Sum: 0.6]
         [Termination Attempts: Min: 1, Avg: 2.8, Max: 5, Diff: 4, Sum: 22]
      [GC Worker Other (ms): Min: 0.0, Avg: 0.0, Max: 0.1, Diff: 0.1, Sum: 0.3]
      [GC Worker Total (ms): Min: 9.3, Avg: 9.9, Max: 10.3, Diff: 1.0, Sum: 79.5]
      [GC Worker End (ms): Min: 749982232.2, Avg: 749982232.3, Max: 749982232.3, Diff: 0.1]
   [Code Root Fixup: 0.0 ms]
   [Code Root Purge: 0.0 ms]
   [Clear CT: 0.8 ms]
   [Other: 4.5 ms]
      [Choose CSet: 0.0 ms]
      [Ref Proc: 3.6 ms]
      [Ref Enq: 0.1 ms]
      [Redirty Cards: 0.1 ms]
      [Humongous Register: 0.0 ms]
      [Humongous Reclaim: 0.0 ms]
      [Free CSet: 0.3 ms]
   [Eden: 7152.0M(7152.0M)->0.0B(7152.0M) Survivors: 16384.0K->16384.0K Heap: 10795.9M(14336.0M)->3644.5M(14336.0M)]
 [Times: user=0.08 sys=0.00, real=0.01 secs] 
2022-07-30T13:30:10.733-0700: 749982.238: [GC concurrent-root-region-scan-start]
2022-07-30T13:30:10.742-0700: 749982.247: [GC concurrent-root-region-scan-end, 0.0093453 secs]
2022-07-30T13:30:10.742-0700: 749982.247: [GC concurrent-mark-start]
2022-07-30T13:30:13.482-0700: 749984.986: [GC concurrent-mark-end, 2.7393416 secs]
2022-07-30T13:30:13.482-0700: 749984.987: [GC remark 2022-07-30T13:30:13.482-0700: 749984.987: [Finalize Marking, 0.0002547 secs] 2022-07-30T13:30:13.482-0700: 749984.987: [GC ref-proc, 0.0058098 secs] 2022-07-30T13:30:13.488-0700: 749984.993: [Unloading, 0.0279543 secs], 0.0400014 secs]
 [Times: user=0.26 sys=0.00, real=0.04 secs] 
2022-07-30T13:30:13.523-0700: 749985.027: [GC cleanup 3852M->3852M(14336M), 0.0093902 secs]
 [Times: user=0.06 sys=0.00, real=0.01 secs] 
2022-07-30T13:32:05.616-0700: 750097.121: [GC pause (G1 Evacuation Pause) (young), 0.0109237 secs]
   [Parallel Time: 6.1 ms, GC Workers: 8]
      [GC Worker Start (ms): Min: 750097120.9, Avg: 750097120.9, Max: 750097121.0, Diff: 0.1]
      [Ext Root Scanning (ms): Min: 1.2, Avg: 1.9, Max: 5.6, Diff: 4.5, Sum: 15.2]
      [Update RS (ms): Min: 0.0, Avg: 1.9, Max: 2.7, Diff: 2.7, Sum: 15.1]
         [Processed Buffers: Min: 0, Avg: 6.1, Max: 11, Diff: 11, Sum: 49]
      [Scan RS (ms): Min: 0.0, Avg: 0.1, Max: 0.1, Diff: 0.1, Sum: 0.4]
      [Code Root Scanning (ms): Min: 0.0, Avg: 0.0, Max: 0.0, Diff: 0.0, Sum: 0.0]
      [Object Copy (ms): Min: 0.0, Avg: 1.7, Max: 2.2, Diff: 2.2, Sum: 13.9]
      [Termination (ms): Min: 0.0, Avg: 0.0, Max: 0.0, Diff: 0.0, Sum: 0.2]
         [Termination Attempts: Min: 1, Avg: 23.4, Max: 33, Diff: 32, Sum: 187]
      [GC Worker Other (ms): Min: 0.0, Avg: 0.0, Max: 0.1, Diff: 0.0, Sum: 0.2]
      [GC Worker Total (ms): Min: 5.6, Avg: 5.6, Max: 5.7, Diff: 0.1, Sum: 45.2]
      [GC Worker End (ms): Min: 750097126.5, Avg: 750097126.6, Max: 750097126.6, Diff: 0.1]
   [Code Root Fixup: 0.0 ms]
   [Code Root Purge: 0.0 ms]
   [Clear CT: 0.7 ms]
   [Other: 4.2 ms]
      [Choose CSet: 0.0 ms]
      [Ref Proc: 3.5 ms]
      [Ref Enq: 0.1 ms]
      [Redirty Cards: 0.1 ms]
      [Humongous Register: 0.1 ms]
      [Humongous Reclaim: 0.0 ms]
      [Free CSet: 0.3 ms]
   [Eden: 7152.0M(7152.0M)->0.0B(5712.0M) Survivors: 16384.0K->16384.0K Heap: 10796.5M(14336.0M)->3646.4M(14336.0M)]
 [Times: user=0.05 sys=0.01, real=0.01 secs] 
2022-07-30T13:33:37.034-0700: 750188.539: [GC pause (G1 Evacuation Pause) (mixed), 0.0125937 secs]
   [Parallel Time: 7.0 ms, GC Workers: 8]
      [GC Worker Start (ms): Min: 750188539.0, Avg: 750188539.1, Max: 750188539.1, Diff: 0.1]
      [Ext Root Scanning (ms): Min: 1.1, Avg: 2.0, Max: 6.5, Diff: 5.4, Sum: 16.2]
      [Update RS (ms): Min: 0.0, Avg: 1.5, Max: 2.3, Diff: 2.3, Sum: 12.3]
         [Processed Buffers: Min: 0, Avg: 6.0, Max: 10, Diff: 10, Sum: 48]
      [Scan RS (ms): Min: 0.0, Avg: 0.3, Max: 0.5, Diff: 0.5, Sum: 2.4]
      [Code Root Scanning (ms): Min: 0.0, Avg: 0.0, Max: 0.1, Diff: 0.1, Sum: 0.1]
      [Object Copy (ms): Min: 0.0, Avg: 2.4, Max: 2.8, Diff: 2.8, Sum: 19.2]
      [Termination (ms): Min: 0.0, Avg: 0.2, Max: 0.2, Diff: 0.2, Sum: 1.7]
         [Termination Attempts: Min: 1, Avg: 1.0, Max: 1, Diff: 0, Sum: 8]
      [GC Worker Other (ms): Min: 0.0, Avg: 0.0, Max: 0.1, Diff: 0.1, Sum: 0.3]
      [GC Worker Total (ms): Min: 6.4, Avg: 6.5, Max: 6.6, Diff: 0.2, Sum: 52.1]
      [GC Worker End (ms): Min: 750188545.6, Avg: 750188545.6, Max: 750188545.6, Diff: 0.1]
   [Code Root Fixup: 0.0 ms]
   [Code Root Purge: 0.0 ms]
   [Clear CT: 0.6 ms]
   [Other: 5.0 ms]
      [Choose CSet: 0.0 ms]
      [Ref Proc: 4.4 ms]
      [Ref Enq: 0.1 ms]
      [Redirty Cards: 0.1 ms]
      [Humongous Register: 0.1 ms]
      [Humongous Reclaim: 0.0 ms]
      [Free CSet: 0.2 ms]
   [Eden: 5712.0M(5712.0M)->0.0B(7152.0M) Survivors: 16384.0K->16384.0K Heap: 9358.4M(14336.0M)->3633.4M(14336.0M)]
 [Times: user=0.06 sys=0.00, real=0.02 secs] 
2022-07-30T13:35:33.222-0700: 750304.727: [GC pause (G1 Evacuation Pause) (young), 0.0099016 secs]
   [Parallel Time: 5.8 ms, GC Workers: 8]
      [GC Worker Start (ms): Min: 750304726.6, Avg: 750304726.7, Max: 750304726.8, Diff: 0.1]
      [Ext Root Scanning (ms): Min: 0.9, Avg: 1.6, Max: 5.2, Diff: 4.4, Sum: 12.4]
      [Update RS (ms): Min: 0.0, Avg: 1.9, Max: 2.4, Diff: 2.4, Sum: 15.3]
         [Processed Buffers: Min: 0, Avg: 6.8, Max: 12, Diff: 12, Sum: 54]
      [Scan RS (ms): Min: 0.0, Avg: 0.0, Max: 0.1, Diff: 0.1, Sum: 0.4]
      [Code Root Scanning (ms): Min: 0.0, Avg: 0.0, Max: 0.0, Diff: 0.0, Sum: 0.0]
      [Object Copy (ms): Min: 0.2, Avg: 1.8, Max: 2.3, Diff: 2.1, Sum: 14.7]
      [Termination (ms): Min: 0.0, Avg: 0.0, Max: 0.0, Diff: 0.0, Sum: 0.0]
         [Termination Attempts: Min: 4, Avg: 6.8, Max: 10, Diff: 6, Sum: 54]
      [GC Worker Other (ms): Min: 0.0, Avg: 0.1, Max: 0.1, Diff: 0.1, Sum: 0.4]
      [GC Worker Total (ms): Min: 5.3, Avg: 5.4, Max: 5.5, Diff: 0.2, Sum: 43.2]
      [GC Worker End (ms): Min: 750304732.1, Avg: 750304732.1, Max: 750304732.2, Diff: 0.1]
   [Code Root Fixup: 0.0 ms]
   [Code Root Purge: 0.0 ms]
   [Clear CT: 0.7 ms]
   [Other: 3.4 ms]
      [Choose CSet: 0.0 ms]
      [Ref Proc: 2.7 ms]
      [Ref Enq: 0.1 ms]
      [Redirty Cards: 0.1 ms]
      [Humongous Register: 0.1 ms]
      [Humongous Reclaim: 0.0 ms]
      [Free CSet: 0.3 ms]
   [Eden: 7152.0M(7152.0M)->0.0B(7152.0M) Survivors: 16384.0K->16384.0K Heap: 10785.4M(14336.0M)->3633.5M(14336.0M)]
 [Times: user=0.05 sys=0.00, real=0.01 secs] 
2022-07-30T13:37:28.871-0700: 750420.376: [GC pause (G1 Evacuation Pause) (young) (initial-mark), 0.0171217 secs]
   [Parallel Time: 11.8 ms, GC Workers: 8]
      [GC Worker Start (ms): Min: 750420378.0, Avg: 750420378.1, Max: 750420378.2, Diff: 0.1]
      [Ext Root Scanning (ms): Min: 5.9, Avg: 6.0, Max: 6.2, Diff: 0.4, Sum: 47.9]
      [Update RS (ms): Min: 1.3, Avg: 1.5, Max: 2.2, Diff: 0.9, Sum: 12.4]
         [Processed Buffers: Min: 3, Avg: 5.9, Max: 10, Diff: 7, Sum: 47]
      [Scan RS (ms): Min: 0.0, Avg: 0.1, Max: 0.1, Diff: 0.1, Sum: 0.4]
      [Code Root Scanning (ms): Min: 0.0, Avg: 0.0, Max: 0.0, Diff: 0.0, Sum: 0.0]
      [Object Copy (ms): Min: 1.4, Avg: 2.0, Max: 2.3, Diff: 0.9, Sum: 16.0]
      [Termination (ms): Min: 0.0, Avg: 0.0, Max: 0.0, Diff: 0.0, Sum: 0.3]
         [Termination Attempts: Min: 28, Avg: 32.8, Max: 44, Diff: 16, Sum: 262]
      [GC Worker Other (ms): Min: 0.0, Avg: 0.1, Max: 0.1, Diff: 0.1, Sum: 0.4]
      [GC Worker Total (ms): Min: 9.6, Avg: 9.7, Max: 9.7, Diff: 0.2, Sum: 77.4]
      [GC Worker End (ms): Min: 750420387.8, Avg: 750420387.8, Max: 750420387.8, Diff: 0.1]
   [Code Root Fixup: 0.0 ms]
   [Code Root Purge: 0.0 ms]
   [Clear CT: 0.7 ms]
   [Other: 4.5 ms]
      [Choose CSet: 0.0 ms]
      [Ref Proc: 3.8 ms]
      [Ref Enq: 0.1 ms]
      [Redirty Cards: 0.1 ms]
      [Humongous Register: 0.0 ms]
      [Humongous Reclaim: 0.0 ms]
      [Free CSet: 0.3 ms]
   [Eden: 7152.0M(7152.0M)->0.0B(7152.0M) Survivors: 16384.0K->16384.0K Heap: 10785.5M(14336.0M)->3635.4M(14336.0M)]
 [Times: user=0.08 sys=0.00, real=0.02 secs] 
2022-07-30T13:37:28.888-0700: 750420.393: [GC concurrent-root-region-scan-start]
2022-07-30T13:37:28.897-0700: 750420.402: [GC concurrent-root-region-scan-end, 0.0090819 secs]
2022-07-30T13:37:28.898-0700: 750420.402: [GC concurrent-mark-start]
2022-07-30T13:37:31.570-0700: 750423.075: [GC concurrent-mark-end, 2.6726109 secs]
2022-07-30T13:37:31.570-0700: 750423.075: [GC remark 2022-07-30T13:37:31.570-0700: 750423.075: [Finalize Marking, 0.0003658 secs] 2022-07-30T13:37:31.571-0700: 750423.076: [GC ref-proc, 0.0059168 secs] 2022-07-30T13:37:31.577-0700: 750423.082: [Unloading, 0.0271341 secs], 0.0391763 secs]
 [Times: user=0.25 sys=0.00, real=0.04 secs] 
2022-07-30T13:37:31.610-0700: 750423.115: [GC cleanup 3808M->3808M(14336M), 0.0087316 secs]
 [Times: user=0.07 sys=0.00, real=0.01 secs] 
2022-07-30T13:39:22.520-0700: 750534.025: [GC pause (G1 Evacuation Pause) (young), 0.0110796 secs]
   [Parallel Time: 6.9 ms, GC Workers: 8]
      [GC Worker Start (ms): Min: 750534025.2, Avg: 750534025.3, Max: 750534025.4, Diff: 0.1]
      [Ext Root Scanning (ms): Min: 1.1, Avg: 2.0, Max: 5.7, Diff: 4.6, Sum: 15.7]
      [Update RS (ms): Min: 0.0, Avg: 2.4, Max: 4.9, Diff: 4.9, Sum: 19.5]
         [Processed Buffers: Min: 0, Avg: 6.0, Max: 17, Diff: 17, Sum: 48]
      [Scan RS (ms): Min: 0.0, Avg: 0.1, Max: 0.1, Diff: 0.1, Sum: 0.5]
      [Code Root Scanning (ms): Min: 0.0, Avg: 0.0, Max: 0.0, Diff: 0.0, Sum: 0.0]
      [Object Copy (ms): Min: 0.6, Avg: 2.2, Max: 2.9, Diff: 2.3, Sum: 17.4]
      [Termination (ms): Min: 0.0, Avg: 0.0, Max: 0.0, Diff: 0.0, Sum: 0.0]
         [Termination Attempts: Min: 1, Avg: 4.2, Max: 6, Diff: 5, Sum: 34]
      [GC Worker Other (ms): Min: 0.0, Avg: 0.0, Max: 0.1, Diff: 0.1, Sum: 0.4]
      [GC Worker Total (ms): Min: 6.6, Avg: 6.7, Max: 6.7, Diff: 0.1, Sum: 53.4]
      [GC Worker End (ms): Min: 750534031.9, Avg: 750534032.0, Max: 750534032.0, Diff: 0.1]
   [Code Root Fixup: 0.0 ms]
   [Code Root Purge: 0.0 ms]
   [Clear CT: 0.7 ms]
   [Other: 3.5 ms]
      [Choose CSet: 0.0 ms]
      [Ref Proc: 2.8 ms]
      [Ref Enq: 0.1 ms]
      [Redirty Cards: 0.1 ms]
      [Humongous Register: 0.1 ms]
      [Humongous Reclaim: 0.0 ms]
      [Free CSet: 0.3 ms]
   [Eden: 7152.0M(7152.0M)->0.0B(5712.0M) Survivors: 16384.0K->16384.0K Heap: 10787.4M(14336.0M)->3637.7M(14336.0M)]
 [Times: user=0.06 sys=0.00, real=0.01 secs] 
2022-07-30T13:40:57.974-0700: 750629.479: [GC pause (G1 Evacuation Pause) (mixed), 0.0122698 secs]
   [Parallel Time: 6.6 ms, GC Workers: 8]
      [GC Worker Start (ms): Min: 750629479.4, Avg: 750629479.5, Max: 750629479.5, Diff: 0.1]
      [Ext Root Scanning (ms): Min: 0.9, Avg: 1.7, Max: 6.3, Diff: 5.4, Sum: 13.8]
      [Update RS (ms): Min: 0.0, Avg: 1.4, Max: 2.1, Diff: 2.1, Sum: 11.0]
         [Processed Buffers: Min: 0, Avg: 5.4, Max: 9, Diff: 9, Sum: 43]
      [Scan RS (ms): Min: 0.0, Avg: 0.1, Max: 0.3, Diff: 0.3, Sum: 1.1]
      [Code Root Scanning (ms): Min: 0.0, Avg: 0.0, Max: 0.0, Diff: 0.0, Sum: 0.0]
      [Object Copy (ms): Min: 0.0, Avg: 2.1, Max: 2.5, Diff: 2.5, Sum: 16.8]
      [Termination (ms): Min: 0.0, Avg: 0.9, Max: 1.1, Diff: 1.1, Sum: 7.5]
         [Termination Attempts: Min: 1, Avg: 9.9, Max: 16, Diff: 15, Sum: 79]
      [GC Worker Other (ms): Min: 0.0, Avg: 0.0, Max: 0.0, Diff: 0.0, Sum: 0.1]
      [GC Worker Total (ms): Min: 6.2, Avg: 6.3, Max: 6.3, Diff: 0.1, Sum: 50.3]
      [GC Worker End (ms): Min: 750629485.7, Avg: 750629485.8, Max: 750629485.8, Diff: 0.0]
   [Code Root Fixup: 0.0 ms]
   [Code Root Purge: 0.0 ms]
   [Clear CT: 0.5 ms]
   [Other: 5.1 ms]
      [Choose CSet: 0.0 ms]
      [Ref Proc: 4.3 ms]
      [Ref Enq: 0.1 ms]
      [Redirty Cards: 0.1 ms]
      [Humongous Register: 0.1 ms]
      [Humongous Reclaim: 0.0 ms]
      [Free CSet: 0.3 ms]
   [Eden: 5712.0M(5712.0M)->0.0B(7152.0M) Survivors: 16384.0K->16384.0K Heap: 9349.7M(14336.0M)->3622.0M(14336.0M)]
 [Times: user=0.06 sys=0.00, real=0.02 secs] 
2022-07-30T13:42:55.317-0700: 750746.822: [GC pause (G1 Evacuation Pause) (young), 0.0093762 secs]
   [Parallel Time: 5.5 ms, GC Workers: 8]
      [GC Worker Start (ms): Min: 750746822.0, Avg: 750746822.0, Max: 750746822.0, Diff: 0.1]
      [Ext Root Scanning (ms): Min: 1.0, Avg: 1.7, Max: 5.3, Diff: 4.4, Sum: 13.2]
      [Update RS (ms): Min: 0.0, Avg: 1.9, Max: 2.5, Diff: 2.5, Sum: 14.9]
         [Processed Buffers: Min: 0, Avg: 7.2, Max: 13, Diff: 13, Sum: 58]
      [Scan RS (ms): Min: 0.0, Avg: 0.0, Max: 0.1, Diff: 0.1, Sum: 0.4]
      [Code Root Scanning (ms): Min: 0.0, Avg: 0.0, Max: 0.0, Diff: 0.0, Sum: 0.0]
      [Object Copy (ms): Min: 0.0, Avg: 1.7, Max: 2.1, Diff: 2.1, Sum: 13.4]
      [Termination (ms): Min: 0.0, Avg: 0.1, Max: 0.1, Diff: 0.1, Sum: 0.8]
         [Termination Attempts: Min: 1, Avg: 3.5, Max: 6, Diff: 5, Sum: 28]
      [GC Worker Other (ms): Min: 0.0, Avg: 0.0, Max: 0.1, Diff: 0.0, Sum: 0.2]
      [GC Worker Total (ms): Min: 5.3, Avg: 5.4, Max: 5.4, Diff: 0.1, Sum: 43.0]
      [GC Worker End (ms): Min: 750746827.4, Avg: 750746827.4, Max: 750746827.4, Diff: 0.0]
   [Code Root Fixup: 0.0 ms]
   [Code Root Purge: 0.0 ms]
   [Clear CT: 0.7 ms]
   [Other: 3.2 ms]
      [Choose CSet: 0.0 ms]
      [Ref Proc: 2.5 ms]
      [Ref Enq: 0.1 ms]
      [Redirty Cards: 0.1 ms]
      [Humongous Register: 0.1 ms]
      [Humongous Reclaim: 0.0 ms]
      [Free CSet: 0.3 ms]
   [Eden: 7152.0M(7152.0M)->0.0B(7152.0M) Survivors: 16384.0K->16384.0K Heap: 10774.0M(14336.0M)->3624.1M(14336.0M)]
 [Times: user=0.05 sys=0.00, real=0.01 secs] 
2022-07-30T13:44:53.164-0700: 750864.669: [GC pause (G1 Evacuation Pause) (young) (initial-mark), 0.0161107 secs]
   [Parallel Time: 12.3 ms, GC Workers: 8]
      [GC Worker Start (ms): Min: 750864670.8, Avg: 750864670.8, Max: 750864670.9, Diff: 0.2]
      [Ext Root Scanning (ms): Min: 6.0, Avg: 6.2, Max: 6.4, Diff: 0.5, Sum: 49.2]
      [Update RS (ms): Min: 1.5, Avg: 1.7, Max: 2.2, Diff: 0.7, Sum: 13.5]
         [Processed Buffers: Min: 2, Avg: 5.5, Max: 12, Diff: 10, Sum: 44]
      [Scan RS (ms): Min: 0.0, Avg: 0.1, Max: 0.1, Diff: 0.1, Sum: 0.5]
      [Code Root Scanning (ms): Min: 0.0, Avg: 0.0, Max: 0.0, Diff: 0.0, Sum: 0.0]
      [Object Copy (ms): Min: 1.8, Avg: 2.2, Max: 2.5, Diff: 0.6, Sum: 17.8]
      [Termination (ms): Min: 0.0, Avg: 0.0, Max: 0.0, Diff: 0.0, Sum: 0.1]
         [Termination Attempts: Min: 16, Avg: 21.8, Max: 27, Diff: 11, Sum: 174]
      [GC Worker Other (ms): Min: 0.0, Avg: 0.1, Max: 0.1, Diff: 0.1, Sum: 0.4]
      [GC Worker Total (ms): Min: 10.1, Avg: 10.2, Max: 10.3, Diff: 0.2, Sum: 81.5]
      [GC Worker End (ms): Min: 750864681.0, Avg: 750864681.0, Max: 750864681.0, Diff: 0.1]
   [Code Root Fixup: 0.0 ms]
   [Code Root Purge: 0.0 ms]
   [Clear CT: 0.7 ms]
   [Other: 3.1 ms]
      [Choose CSet: 0.0 ms]
      [Ref Proc: 2.5 ms]
      [Ref Enq: 0.1 ms]
      [Redirty Cards: 0.1 ms]
      [Humongous Register: 0.0 ms]
      [Humongous Reclaim: 0.0 ms]
      [Free CSet: 0.3 ms]
   [Eden: 7152.0M(7152.0M)->0.0B(7152.0M) Survivors: 16384.0K->16384.0K Heap: 10776.1M(14336.0M)->3628.4M(14336.0M)]
 [Times: user=0.08 sys=0.00, real=0.01 secs] 
2022-07-30T13:44:53.180-0700: 750864.685: [GC concurrent-root-region-scan-start]
2022-07-30T13:44:53.190-0700: 750864.695: [GC concurrent-root-region-scan-end, 0.0096896 secs]
2022-07-30T13:44:53.190-0700: 750864.695: [GC concurrent-mark-start]
2022-07-30T13:44:55.879-0700: 750867.384: [GC concurrent-mark-end, 2.6894495 secs]
2022-07-30T13:44:55.880-0700: 750867.384: [GC remark 2022-07-30T13:44:55.880-0700: 750867.384: [Finalize Marking, 0.0002397 secs] 2022-07-30T13:44:55.880-0700: 750867.385: [GC ref-proc, 0.0068222 secs] 2022-07-30T13:44:55.887-0700: 750867.391: [Unloading, 0.0270511 secs], 0.0398398 secs]
 [Times: user=0.25 sys=0.00, real=0.04 secs] 
2022-07-30T13:44:55.920-0700: 750867.425: [GC cleanup 3860M->3860M(14336M), 0.0092951 secs]
 [Times: user=0.07 sys=0.00, real=0.01 secs] 
2022-07-30T13:46:50.485-0700: 750981.990: [GC pause (G1 Evacuation Pause) (young), 0.0097035 secs]
   [Parallel Time: 6.7 ms, GC Workers: 8]
      [GC Worker Start (ms): Min: 750981990.1, Avg: 750981990.2, Max: 750981990.2, Diff: 0.2]
      [Ext Root Scanning (ms): Min: 1.2, Avg: 2.0, Max: 6.1, Diff: 4.9, Sum: 15.7]
      [Update RS (ms): Min: 0.0, Avg: 2.0, Max: 3.0, Diff: 3.0, Sum: 15.8]
         [Processed Buffers: Min: 0, Avg: 4.9, Max: 9, Diff: 9, Sum: 39]
      [Scan RS (ms): Min: 0.0, Avg: 0.1, Max: 0.1, Diff: 0.1, Sum: 0.5]
      [Code Root Scanning (ms): Min: 0.0, Avg: 0.0, Max: 0.0, Diff: 0.0, Sum: 0.0]
      [Object Copy (ms): Min: 0.3, Avg: 2.4, Max: 3.0, Diff: 2.7, Sum: 19.1]
      [Termination (ms): Min: 0.0, Avg: 0.0, Max: 0.0, Diff: 0.0, Sum: 0.0]
         [Termination Attempts: Min: 1, Avg: 1.0, Max: 1, Diff: 0, Sum: 8]
      [GC Worker Other (ms): Min: 0.0, Avg: 0.1, Max: 0.1, Diff: 0.1, Sum: 0.5]
      [GC Worker Total (ms): Min: 6.4, Avg: 6.5, Max: 6.6, Diff: 0.2, Sum: 51.7]
      [GC Worker End (ms): Min: 750981996.6, Avg: 750981996.6, Max: 750981996.7, Diff: 0.1]
   [Code Root Fixup: 0.0 ms]
   [Code Root Purge: 0.0 ms]
   [Clear CT: 0.7 ms]
   [Other: 2.3 ms]
      [Choose CSet: 0.0 ms]
      [Ref Proc: 1.6 ms]
      [Ref Enq: 0.1 ms]
      [Redirty Cards: 0.1 ms]
      [Humongous Register: 0.1 ms]
      [Humongous Reclaim: 0.0 ms]
      [Free CSet: 0.3 ms]
   [Eden: 7152.0M(7152.0M)->0.0B(7152.0M) Survivors: 16384.0K->16384.0K Heap: 10780.4M(14336.0M)->3625.6M(14336.0M)]
 [Times: user=0.07 sys=0.00, real=0.01 secs] 
2022-07-30T13:48:46.067-0700: 751097.571: [GC pause (G1 Evacuation Pause) (young), 0.0112050 secs]
   [Parallel Time: 6.2 ms, GC Workers: 8]
      [GC Worker Start (ms): Min: 751097571.4, Avg: 751097571.5, Max: 751097571.6, Diff: 0.1]
      [Ext Root Scanning (ms): Min: 1.2, Avg: 2.0, Max: 6.0, Diff: 4.7, Sum: 15.6]
      [Update RS (ms): Min: 0.0, Avg: 2.0, Max: 2.6, Diff: 2.6, Sum: 16.3]
         [Processed Buffers: Min: 0, Avg: 5.6, Max: 12, Diff: 12, Sum: 45]
      [Scan RS (ms): Min: 0.0, Avg: 0.1, Max: 0.1, Diff: 0.1, Sum: 0.4]
      [Code Root Scanning (ms): Min: 0.0, Avg: 0.0, Max: 0.0, Diff: 0.0, Sum: 0.0]
      [Object Copy (ms): Min: 0.0, Avg: 1.9, Max: 2.3, Diff: 2.3, Sum: 14.9]
      [Termination (ms): Min: 0.0, Avg: 0.0, Max: 0.0, Diff: 0.0, Sum: 0.0]
         [Termination Attempts: Min: 4, Avg: 10.6, Max: 17, Diff: 13, Sum: 85]
      [GC Worker Other (ms): Min: 0.0, Avg: 0.1, Max: 0.1, Diff: 0.1, Sum: 0.6]
      [GC Worker Total (ms): Min: 5.9, Avg: 6.0, Max: 6.1, Diff: 0.1, Sum: 48.0]
      [GC Worker End (ms): Min: 751097577.5, Avg: 751097577.5, Max: 751097577.6, Diff: 0.1]
   [Code Root Fixup: 0.0 ms]
   [Code Root Purge: 0.0 ms]
   [Clear CT: 0.6 ms]
   [Other: 4.4 ms]
      [Choose CSet: 0.0 ms]
      [Ref Proc: 3.6 ms]
      [Ref Enq: 0.2 ms]
      [Redirty Cards: 0.1 ms]
      [Humongous Register: 0.1 ms]
      [Humongous Reclaim: 0.0 ms]
      [Free CSet: 0.3 ms]
   [Eden: 7152.0M(7152.0M)->0.0B(7152.0M) Survivors: 16384.0K->16384.0K Heap: 10777.6M(14336.0M)->3629.6M(14336.0M)]
 [Times: user=0.06 sys=0.01, real=0.01 secs] 
2022-07-30T13:50:41.033-0700: 751212.538: [GC pause (G1 Evacuation Pause) (young) (initial-mark), 0.0159224 secs]
   [Parallel Time: 12.2 ms, GC Workers: 8]
      [GC Worker Start (ms): Min: 751212540.2, Avg: 751212540.2, Max: 751212540.3, Diff: 0.1]
      [Ext Root Scanning (ms): Min: 5.7, Avg: 5.9, Max: 6.1, Diff: 0.4, Sum: 47.0]
      [Update RS (ms): Min: 1.2, Avg: 1.4, Max: 1.9, Diff: 0.7, Sum: 11.4]
         [Processed Buffers: Min: 3, Avg: 5.0, Max: 9, Diff: 6, Sum: 40]
      [Scan RS (ms): Min: 0.0, Avg: 0.0, Max: 0.2, Diff: 0.2, Sum: 0.4]
      [Code Root Scanning (ms): Min: 0.0, Avg: 0.0, Max: 0.0, Diff: 0.0, Sum: 0.0]
      [Object Copy (ms): Min: 1.9, Avg: 2.2, Max: 2.5, Diff: 0.6, Sum: 17.8]
      [Termination (ms): Min: 0.0, Avg: 0.0, Max: 0.0, Diff: 0.0, Sum: 0.0]
         [Termination Attempts: Min: 1, Avg: 8.6, Max: 14, Diff: 13, Sum: 69]
      [GC Worker Other (ms): Min: 0.0, Avg: 0.1, Max: 0.2, Diff: 0.2, Sum: 0.7]
      [GC Worker Total (ms): Min: 9.6, Avg: 9.7, Max: 9.7, Diff: 0.1, Sum: 77.3]
      [GC Worker End (ms): Min: 751212549.8, Avg: 751212549.9, Max: 751212550.0, Diff: 0.2]
   [Code Root Fixup: 0.0 ms]
   [Code Root Purge: 0.0 ms]
   [Clear CT: 0.7 ms]
   [Other: 3.0 ms]
      [Choose CSet: 0.0 ms]
      [Ref Proc: 2.3 ms]
      [Ref Enq: 0.1 ms]
      [Redirty Cards: 0.1 ms]
      [Humongous Register: 0.0 ms]
      [Humongous Reclaim: 0.0 ms]
      [Free CSet: 0.3 ms]
   [Eden: 7152.0M(7152.0M)->0.0B(7152.0M) Survivors: 16384.0K->16384.0K Heap: 10781.6M(14336.0M)->3628.3M(14336.0M)]
 [Times: user=0.06 sys=0.01, real=0.02 secs] 
2022-07-30T13:50:41.049-0700: 751212.554: [GC concurrent-root-region-scan-start]
2022-07-30T13:50:41.059-0700: 751212.564: [GC concurrent-root-region-scan-end, 0.0102026 secs]
2022-07-30T13:50:41.059-0700: 751212.564: [GC concurrent-mark-start]
2022-07-30T13:50:43.712-0700: 751215.217: [GC concurrent-mark-end, 2.6526929 secs]
2022-07-30T13:50:43.713-0700: 751215.217: [GC remark 2022-07-30T13:50:43.713-0700: 751215.217: [Finalize Marking, 0.0002080 secs] 2022-07-30T13:50:43.713-0700: 751215.218: [GC ref-proc, 0.0061054 secs] 2022-07-30T13:50:43.719-0700: 751215.224: [Unloading, 0.0282810 secs], 0.0403525 secs]
 [Times: user=0.26 sys=0.00, real=0.04 secs] 
2022-07-30T13:50:43.753-0700: 751215.258: [GC cleanup 3864M->3864M(14336M), 0.0085559 secs]
 [Times: user=0.07 sys=0.00, real=0.01 secs] 
2022-07-30T13:52:35.667-0700: 751327.172: [GC pause (G1 Evacuation Pause) (young), 0.0107417 secs]
   [Parallel Time: 5.7 ms, GC Workers: 8]
      [GC Worker Start (ms): Min: 751327171.8, Avg: 751327171.9, Max: 751327172.0, Diff: 0.1]
      [Ext Root Scanning (ms): Min: 1.0, Avg: 1.7, Max: 5.4, Diff: 4.5, Sum: 13.5]
      [Update RS (ms): Min: 0.0, Avg: 1.7, Max: 2.6, Diff: 2.6, Sum: 13.5]
         [Processed Buffers: Min: 0, Avg: 6.4, Max: 17, Diff: 17, Sum: 51]
      [Scan RS (ms): Min: 0.0, Avg: 0.1, Max: 0.1, Diff: 0.1, Sum: 0.4]
      [Code Root Scanning (ms): Min: 0.0, Avg: 0.0, Max: 0.0, Diff: 0.0, Sum: 0.0]
      [Object Copy (ms): Min: 0.0, Avg: 2.0, Max: 2.4, Diff: 2.4, Sum: 15.8]
      [Termination (ms): Min: 0.0, Avg: 0.1, Max: 0.1, Diff: 0.1, Sum: 0.5]
         [Termination Attempts: Min: 1, Avg: 6.5, Max: 11, Diff: 10, Sum: 52]
      [GC Worker Other (ms): Min: 0.0, Avg: 0.0, Max: 0.0, Diff: 0.0, Sum: 0.2]
      [GC Worker Total (ms): Min: 5.4, Avg: 5.5, Max: 5.5, Diff: 0.1, Sum: 43.8]
      [GC Worker End (ms): Min: 751327177.3, Avg: 751327177.4, Max: 751327177.4, Diff: 0.1]
   [Code Root Fixup: 0.0 ms]
   [Code Root Purge: 0.0 ms]
   [Clear CT: 0.6 ms]
   [Other: 4.4 ms]
      [Choose CSet: 0.0 ms]
      [Ref Proc: 3.6 ms]
      [Ref Enq: 0.1 ms]
      [Redirty Cards: 0.1 ms]
      [Humongous Register: 0.1 ms]
      [Humongous Reclaim: 0.0 ms]
      [Free CSet: 0.4 ms]
   [Eden: 7152.0M(7152.0M)->0.0B(7152.0M) Survivors: 16384.0K->16384.0K Heap: 10780.3M(14336.0M)->3631.9M(14336.0M)]
 [Times: user=0.04 sys=0.01, real=0.01 secs] 
2022-07-30T13:54:30.962-0700: 751442.467: [GC pause (G1 Evacuation Pause) (young), 0.0100474 secs]
   [Parallel Time: 6.9 ms, GC Workers: 8]
      [GC Worker Start (ms): Min: 751442467.3, Avg: 751442467.4, Max: 751442467.5, Diff: 0.2]
      [Ext Root Scanning (ms): Min: 1.2, Avg: 1.9, Max: 5.8, Diff: 4.6, Sum: 15.4]
      [Update RS (ms): Min: 0.0, Avg: 2.3, Max: 3.2, Diff: 3.2, Sum: 18.1]
         [Processed Buffers: Min: 0, Avg: 5.8, Max: 10, Diff: 10, Sum: 46]
      [Scan RS (ms): Min: 0.0, Avg: 0.1, Max: 0.1, Diff: 0.1, Sum: 0.4]
      [Code Root Scanning (ms): Min: 0.0, Avg: 0.0, Max: 0.0, Diff: 0.0, Sum: 0.0]
      [Object Copy (ms): Min: 0.8, Avg: 2.3, Max: 2.7, Diff: 2.0, Sum: 18.5]
      [Termination (ms): Min: 0.0, Avg: 0.0, Max: 0.0, Diff: 0.0, Sum: 0.2]
         [Termination Attempts: Min: 1, Avg: 9.1, Max: 12, Diff: 11, Sum: 73]
      [GC Worker Other (ms): Min: 0.0, Avg: 0.0, Max: 0.1, Diff: 0.1, Sum: 0.3]
      [GC Worker Total (ms): Min: 6.5, Avg: 6.6, Max: 6.7, Diff: 0.2, Sum: 53.0]
      [GC Worker End (ms): Min: 751442474.0, Avg: 751442474.0, Max: 751442474.1, Diff: 0.0]
   [Code Root Fixup: 0.0 ms]
   [Code Root Purge: 0.0 ms]
   [Clear CT: 0.7 ms]
   [Other: 2.4 ms]
      [Choose CSet: 0.0 ms]
      [Ref Proc: 1.8 ms]
      [Ref Enq: 0.1 ms]
      [Redirty Cards: 0.1 ms]
      [Humongous Register: 0.1 ms]
      [Humongous Reclaim: 0.0 ms]
      [Free CSet: 0.3 ms]
   [Eden: 7152.0M(7152.0M)->0.0B(7152.0M) Survivors: 16384.0K->16384.0K Heap: 10783.9M(14336.0M)->3632.4M(14336.0M)]
 [Times: user=0.06 sys=0.01, real=0.01 secs] 
2022-07-30T13:56:27.268-0700: 751558.773: [GC pause (G1 Evacuation Pause) (young) (initial-mark), 0.0175623 secs]
   [Parallel Time: 12.5 ms, GC Workers: 8]
      [GC Worker Start (ms): Min: 751558775.2, Avg: 751558775.3, Max: 751558775.4, Diff: 0.2]
      [Ext Root Scanning (ms): Min: 6.0, Avg: 6.2, Max: 6.5, Diff: 0.4, Sum: 49.6]
      [Update RS (ms): Min: 1.4, Avg: 1.6, Max: 2.0, Diff: 0.6, Sum: 12.8]
         [Processed Buffers: Min: 3, Avg: 5.6, Max: 10, Diff: 7, Sum: 45]
      [Scan RS (ms): Min: 0.0, Avg: 0.1, Max: 0.1, Diff: 0.1, Sum: 0.5]
      [Code Root Scanning (ms): Min: 0.0, Avg: 0.0, Max: 0.0, Diff: 0.0, Sum: 0.0]
      [Object Copy (ms): Min: 1.5, Avg: 2.2, Max: 2.4, Diff: 0.8, Sum: 17.3]
      [Termination (ms): Min: 0.0, Avg: 0.0, Max: 0.0, Diff: 0.0, Sum: 0.0]
         [Termination Attempts: Min: 1, Avg: 4.6, Max: 7, Diff: 6, Sum: 37]
      [GC Worker Other (ms): Min: 0.0, Avg: 0.1, Max: 0.1, Diff: 0.1, Sum: 0.4]
      [GC Worker Total (ms): Min: 9.9, Avg: 10.1, Max: 10.2, Diff: 0.2, Sum: 80.6]
      [GC Worker End (ms): Min: 751558785.4, Avg: 751558785.4, Max: 751558785.4, Diff: 0.1]
   [Code Root Fixup: 0.0 ms]
   [Code Root Purge: 0.0 ms]
   [Clear CT: 0.8 ms]
   [Other: 4.3 ms]
      [Choose CSet: 0.0 ms]
      [Ref Proc: 3.6 ms]
      [Ref Enq: 0.1 ms]
      [Redirty Cards: 0.1 ms]
      [Humongous Register: 0.0 ms]
      [Humongous Reclaim: 0.0 ms]
      [Free CSet: 0.3 ms]
   [Eden: 7152.0M(7152.0M)->0.0B(7152.0M) Survivors: 16384.0K->16384.0K Heap: 10784.4M(14336.0M)->3631.2M(14336.0M)]
 [Times: user=0.09 sys=0.00, real=0.02 secs] 
2022-07-30T13:56:27.286-0700: 751558.791: [GC concurrent-root-region-scan-start]
2022-07-30T13:56:27.295-0700: 751558.800: [GC concurrent-root-region-scan-end, 0.0095780 secs]
2022-07-30T13:56:27.296-0700: 751558.800: [GC concurrent-mark-start]
2022-07-30T13:56:30.069-0700: 751561.574: [GC concurrent-mark-end, 2.7739365 secs]
2022-07-30T13:56:30.070-0700: 751561.574: [GC remark 2022-07-30T13:56:30.070-0700: 751561.574: [Finalize Marking, 0.0001980 secs] 2022-07-30T13:56:30.070-0700: 751561.575: [GC ref-proc, 0.0063312 secs] 2022-07-30T13:56:30.076-0700: 751561.581: [Unloading, 0.0280441 secs], 0.0410727 secs]
 [Times: user=0.25 sys=0.00, real=0.04 secs] 
2022-07-30T13:56:30.111-0700: 751561.616: [GC cleanup 3887M->3887M(14336M), 0.0093315 secs]
 [Times: user=0.07 sys=0.00, real=0.01 secs] 
2022-07-30T13:58:19.464-0700: 751670.969: [GC pause (G1 Evacuation Pause) (young), 0.0106317 secs]
   [Parallel Time: 7.1 ms, GC Workers: 8]
      [GC Worker Start (ms): Min: 751670969.3, Avg: 751670969.4, Max: 751670969.4, Diff: 0.1]
      [Ext Root Scanning (ms): Min: 1.3, Avg: 2.1, Max: 5.9, Diff: 4.6, Sum: 16.5]
      [Update RS (ms): Min: 0.0, Avg: 2.2, Max: 3.2, Diff: 3.2, Sum: 17.6]
         [Processed Buffers: Min: 0, Avg: 6.1, Max: 10, Diff: 10, Sum: 49]
      [Scan RS (ms): Min: 0.0, Avg: 0.1, Max: 0.2, Diff: 0.1, Sum: 0.5]
      [Code Root Scanning (ms): Min: 0.0, Avg: 0.0, Max: 0.0, Diff: 0.0, Sum: 0.0]
      [Object Copy (ms): Min: 0.9, Avg: 2.5, Max: 2.9, Diff: 2.1, Sum: 19.9]
      [Termination (ms): Min: 0.0, Avg: 0.0, Max: 0.0, Diff: 0.0, Sum: 0.1]
         [Termination Attempts: Min: 23, Avg: 29.9, Max: 35, Diff: 12, Sum: 239]
      [GC Worker Other (ms): Min: 0.0, Avg: 0.0, Max: 0.1, Diff: 0.1, Sum: 0.3]
      [GC Worker Total (ms): Min: 6.8, Avg: 6.9, Max: 6.9, Diff: 0.1, Sum: 54.9]
      [GC Worker End (ms): Min: 751670976.2, Avg: 751670976.2, Max: 751670976.3, Diff: 0.1]
   [Code Root Fixup: 0.0 ms]
   [Code Root Purge: 0.0 ms]
   [Clear CT: 0.8 ms]
   [Other: 2.8 ms]
      [Choose CSet: 0.0 ms]
      [Ref Proc: 2.0 ms]
      [Ref Enq: 0.1 ms]
      [Redirty Cards: 0.1 ms]
      [Humongous Register: 0.1 ms]
      [Humongous Reclaim: 0.0 ms]
      [Free CSet: 0.3 ms]
   [Eden: 7152.0M(7152.0M)->0.0B(5712.0M) Survivors: 16384.0K->16384.0K Heap: 10783.2M(14336.0M)->3635.8M(14336.0M)]
 [Times: user=0.06 sys=0.00, real=0.01 secs] 
2022-07-30T13:59:50.525-0700: 751762.029: [GC pause (G1 Evacuation Pause) (mixed), 0.0116017 secs]
   [Parallel Time: 6.7 ms, GC Workers: 8]
      [GC Worker Start (ms): Min: 751762029.5, Avg: 751762029.6, Max: 751762029.6, Diff: 0.2]
      [Ext Root Scanning (ms): Min: 0.9, Avg: 1.7, Max: 6.5, Diff: 5.6, Sum: 13.9]
      [Update RS (ms): Min: 0.0, Avg: 1.4, Max: 2.1, Diff: 2.1, Sum: 11.3]
         [Processed Buffers: Min: 0, Avg: 5.4, Max: 9, Diff: 9, Sum: 43]
      [Scan RS (ms): Min: 0.0, Avg: 0.4, Max: 0.7, Diff: 0.7, Sum: 3.3]
      [Code Root Scanning (ms): Min: 0.0, Avg: 0.0, Max: 0.1, Diff: 0.1, Sum: 0.1]
      [Object Copy (ms): Min: 0.0, Avg: 2.8, Max: 3.3, Diff: 3.3, Sum: 22.6]
      [Termination (ms): Min: 0.0, Avg: 0.0, Max: 0.0, Diff: 0.0, Sum: 0.1]
         [Termination Attempts: Min: 1, Avg: 17.4, Max: 24, Diff: 23, Sum: 139]
      [GC Worker Other (ms): Min: 0.0, Avg: 0.1, Max: 0.1, Diff: 0.1, Sum: 0.5]
      [GC Worker Total (ms): Min: 6.4, Avg: 6.5, Max: 6.6, Diff: 0.2, Sum: 51.8]
      [GC Worker End (ms): Min: 751762036.0, Avg: 751762036.0, Max: 751762036.1, Diff: 0.1]
   [Code Root Fixup: 0.0 ms]
   [Code Root Purge: 0.0 ms]
   [Clear CT: 0.6 ms]
   [Other: 4.3 ms]
      [Choose CSet: 0.0 ms]
      [Ref Proc: 3.5 ms]
      [Ref Enq: 0.1 ms]
      [Redirty Cards: 0.1 ms]
      [Humongous Register: 0.1 ms]
      [Humongous Reclaim: 0.0 ms]
      [Free CSet: 0.2 ms]
   [Eden: 5712.0M(5712.0M)->0.0B(7152.0M) Survivors: 16384.0K->16384.0K Heap: 9347.8M(14336.0M)->3620.7M(14336.0M)]
 [Times: user=0.06 sys=0.00, real=0.01 secs] 
2022-07-30T14:01:46.033-0700: 751877.538: [GC pause (G1 Evacuation Pause) (young), 0.0115419 secs]
   [Parallel Time: 6.1 ms, GC Workers: 8]
      [GC Worker Start (ms): Min: 751877537.9, Avg: 751877538.0, Max: 751877538.1, Diff: 0.2]
      [Ext Root Scanning (ms): Min: 1.0, Avg: 1.6, Max: 5.1, Diff: 4.1, Sum: 13.0]
      [Update RS (ms): Min: 0.0, Avg: 2.4, Max: 3.3, Diff: 3.3, Sum: 19.0]
         [Processed Buffers: Min: 0, Avg: 9.1, Max: 14, Diff: 14, Sum: 73]
      [Scan RS (ms): Min: 0.0, Avg: 0.0, Max: 0.1, Diff: 0.1, Sum: 0.4]
      [Code Root Scanning (ms): Min: 0.0, Avg: 0.0, Max: 0.0, Diff: 0.0, Sum: 0.0]
      [Object Copy (ms): Min: 0.7, Avg: 1.6, Max: 1.9, Diff: 1.3, Sum: 13.2]
      [Termination (ms): Min: 0.0, Avg: 0.0, Max: 0.0, Diff: 0.0, Sum: 0.1]
         [Termination Attempts: Min: 15, Avg: 22.9, Max: 32, Diff: 17, Sum: 183]
      [GC Worker Other (ms): Min: 0.0, Avg: 0.0, Max: 0.1, Diff: 0.1, Sum: 0.4]
      [GC Worker Total (ms): Min: 5.7, Avg: 5.8, Max: 5.8, Diff: 0.1, Sum: 46.0]
      [GC Worker End (ms): Min: 751877543.7, Avg: 751877543.7, Max: 751877543.8, Diff: 0.1]
   [Code Root Fixup: 0.0 ms]
   [Code Root Purge: 0.0 ms]
   [Clear CT: 0.7 ms]
   [Other: 4.7 ms]
      [Choose CSet: 0.0 ms]
      [Ref Proc: 4.0 ms]
      [Ref Enq: 0.2 ms]
      [Redirty Cards: 0.1 ms]
      [Humongous Register: 0.1 ms]
      [Humongous Reclaim: 0.0 ms]
      [Free CSet: 0.3 ms]
   [Eden: 7152.0M(7152.0M)->0.0B(7152.0M) Survivors: 16384.0K->16384.0K Heap: 10772.7M(14336.0M)->3625.1M(14336.0M)]
 [Times: user=0.06 sys=0.00, real=0.02 secs] 
2022-07-30T14:03:41.262-0700: 751992.766: [GC pause (G1 Evacuation Pause) (young) (initial-mark), 0.0180876 secs]
   [Parallel Time: 13.2 ms, GC Workers: 8]
      [GC Worker Start (ms): Min: 751992768.8, Avg: 751992768.9, Max: 751992768.9, Diff: 0.1]
      [Ext Root Scanning (ms): Min: 6.4, Avg: 6.8, Max: 7.2, Diff: 0.8, Sum: 54.4]
      [Update RS (ms): Min: 1.2, Avg: 1.4, Max: 1.9, Diff: 0.7, Sum: 11.2]
         [Processed Buffers: Min: 3, Avg: 5.8, Max: 13, Diff: 10, Sum: 46]
      [Scan RS (ms): Min: 0.0, Avg: 0.0, Max: 0.1, Diff: 0.1, Sum: 0.4]
      [Code Root Scanning (ms): Min: 0.0, Avg: 0.0, Max: 0.0, Diff: 0.0, Sum: 0.0]
      [Object Copy (ms): Min: 2.1, Avg: 2.4, Max: 2.7, Diff: 0.6, Sum: 18.8]
      [Termination (ms): Min: 0.0, Avg: 0.0, Max: 0.0, Diff: 0.0, Sum: 0.0]
         [Termination Attempts: Min: 1, Avg: 7.2, Max: 10, Diff: 9, Sum: 58]
      [GC Worker Other (ms): Min: 0.0, Avg: 0.1, Max: 0.1, Diff: 0.1, Sum: 0.5]
      [GC Worker Total (ms): Min: 10.6, Avg: 10.7, Max: 10.7, Diff: 0.2, Sum: 85.4]
      [GC Worker End (ms): Min: 751992779.5, Avg: 751992779.6, Max: 751992779.6, Diff: 0.1]
   [Code Root Fixup: 0.0 ms]
   [Code Root Purge: 0.0 ms]
   [Clear CT: 0.8 ms]
   [Other: 4.1 ms]
      [Choose CSet: 0.0 ms]
      [Ref Proc: 3.3 ms]
      [Ref Enq: 0.1 ms]
      [Redirty Cards: 0.1 ms]
      [Humongous Register: 0.0 ms]
      [Humongous Reclaim: 0.0 ms]
      [Free CSet: 0.3 ms]
   [Eden: 7152.0M(7152.0M)->0.0B(7152.0M) Survivors: 16384.0K->16384.0K Heap: 10777.1M(14336.0M)->3628.8M(14336.0M)]
 [Times: user=0.08 sys=0.00, real=0.02 secs] 
2022-07-30T14:03:41.280-0700: 751992.785: [GC concurrent-root-region-scan-start]
2022-07-30T14:03:41.290-0700: 751992.794: [GC concurrent-root-region-scan-end, 0.0097535 secs]
2022-07-30T14:03:41.290-0700: 751992.794: [GC concurrent-mark-start]
2022-07-30T14:03:44.007-0700: 751995.512: [GC concurrent-mark-end, 2.7170783 secs]
2022-07-30T14:03:44.007-0700: 751995.512: [GC remark 2022-07-30T14:03:44.007-0700: 751995.512: [Finalize Marking, 0.0003508 secs] 2022-07-30T14:03:44.008-0700: 751995.512: [GC ref-proc, 0.0100684 secs] 2022-07-30T14:03:44.018-0700: 751995.522: [Unloading, 0.0276900 secs], 0.0439205 secs]
 [Times: user=0.26 sys=0.00, real=0.04 secs] 
2022-07-30T14:03:44.051-0700: 751995.556: [GC cleanup 3806M->3806M(14336M), 0.0090085 secs]
 [Times: user=0.07 sys=0.00, real=0.01 secs] 
2022-07-30T14:05:37.215-0700: 752108.719: [GC pause (G1 Evacuation Pause) (young), 0.0117628 secs]
   [Parallel Time: 6.7 ms, GC Workers: 8]
      [GC Worker Start (ms): Min: 752108719.5, Avg: 752108719.6, Max: 752108719.6, Diff: 0.1]
      [Ext Root Scanning (ms): Min: 1.3, Avg: 2.1, Max: 6.3, Diff: 5.0, Sum: 16.7]
      [Update RS (ms): Min: 0.0, Avg: 2.1, Max: 2.9, Diff: 2.9, Sum: 17.0]
         [Processed Buffers: Min: 0, Avg: 5.6, Max: 14, Diff: 14, Sum: 45]
      [Scan RS (ms): Min: 0.0, Avg: 0.1, Max: 0.1, Diff: 0.1, Sum: 0.4]
      [Code Root Scanning (ms): Min: 0.0, Avg: 0.0, Max: 0.0, Diff: 0.0, Sum: 0.0]
      [Object Copy (ms): Min: 0.0, Avg: 1.8, Max: 2.3, Diff: 2.3, Sum: 14.5]
      [Termination (ms): Min: 0.0, Avg: 0.2, Max: 0.2, Diff: 0.2, Sum: 1.2]
         [Termination Attempts: Min: 1, Avg: 1.0, Max: 1, Diff: 0, Sum: 8]
      [GC Worker Other (ms): Min: 0.0, Avg: 0.0, Max: 0.1, Diff: 0.1, Sum: 0.3]
      [GC Worker Total (ms): Min: 6.2, Avg: 6.3, Max: 6.3, Diff: 0.2, Sum: 50.2]
      [GC Worker End (ms): Min: 752108725.8, Avg: 752108725.9, Max: 752108725.9, Diff: 0.1]
   [Code Root Fixup: 0.0 ms]
   [Code Root Purge: 0.0 ms]
   [Clear CT: 0.6 ms]
   [Other: 4.5 ms]
      [Choose CSet: 0.0 ms]
      [Ref Proc: 3.5 ms]
      [Ref Enq: 0.2 ms]
      [Redirty Cards: 0.1 ms]
      [Humongous Register: 0.1 ms]
      [Humongous Reclaim: 0.0 ms]
      [Free CSet: 0.3 ms]
   [Eden: 7152.0M(7152.0M)->0.0B(7152.0M) Survivors: 16384.0K->16384.0K Heap: 10780.8M(14336.0M)->3626.7M(14336.0M)]
 [Times: user=0.06 sys=0.00, real=0.02 secs] 
2022-07-30T14:07:33.623-0700: 752225.128: [GC pause (G1 Evacuation Pause) (young), 0.0089378 secs]
   [Parallel Time: 5.7 ms, GC Workers: 8]
      [GC Worker Start (ms): Min: 752225127.9, Avg: 752225128.0, Max: 752225128.1, Diff: 0.2]
      [Ext Root Scanning (ms): Min: 1.2, Avg: 1.9, Max: 5.4, Diff: 4.3, Sum: 15.1]
      [Update RS (ms): Min: 0.0, Avg: 1.7, Max: 2.4, Diff: 2.4, Sum: 13.6]
         [Processed Buffers: Min: 0, Avg: 5.4, Max: 9, Diff: 9, Sum: 43]
      [Scan RS (ms): Min: 0.0, Avg: 0.0, Max: 0.1, Diff: 0.1, Sum: 0.4]
      [Code Root Scanning (ms): Min: 0.0, Avg: 0.0, Max: 0.0, Diff: 0.0, Sum: 0.0]
      [Object Copy (ms): Min: 0.0, Avg: 1.5, Max: 1.9, Diff: 1.9, Sum: 11.9]
      [Termination (ms): Min: 0.0, Avg: 0.2, Max: 0.3, Diff: 0.3, Sum: 1.9]
         [Termination Attempts: Min: 1, Avg: 2.9, Max: 5, Diff: 4, Sum: 23]
      [GC Worker Other (ms): Min: 0.0, Avg: 0.0, Max: 0.0, Diff: 0.0, Sum: 0.1]
      [GC Worker Total (ms): Min: 5.3, Avg: 5.4, Max: 5.5, Diff: 0.2, Sum: 43.0]
      [GC Worker End (ms): Min: 752225133.4, Avg: 752225133.4, Max: 752225133.4, Diff: 0.0]
   [Code Root Fixup: 0.0 ms]
   [Code Root Purge: 0.0 ms]
   [Clear CT: 0.7 ms]
   [Other: 2.6 ms]
      [Choose CSet: 0.0 ms]
      [Ref Proc: 1.9 ms]
      [Ref Enq: 0.1 ms]
      [Redirty Cards: 0.1 ms]
      [Humongous Register: 0.1 ms]
      [Humongous Reclaim: 0.0 ms]
      [Free CSet: 0.3 ms]
   [Eden: 7152.0M(7152.0M)->0.0B(7152.0M) Survivors: 16384.0K->16384.0K Heap: 10778.7M(14336.0M)->3627.9M(14336.0M)]
 [Times: user=0.06 sys=0.00, real=0.00 secs] 
2022-07-30T14:09:29.068-0700: 752340.573: [GC pause (G1 Evacuation Pause) (young) (initial-mark), 0.0169424 secs]
   [Parallel Time: 12.1 ms, GC Workers: 8]
      [GC Worker Start (ms): Min: 752340575.0, Avg: 752340575.1, Max: 752340575.2, Diff: 0.2]
      [Ext Root Scanning (ms): Min: 5.9, Avg: 6.1, Max: 6.3, Diff: 0.4, Sum: 48.4]
      [Update RS (ms): Min: 1.2, Avg: 1.4, Max: 2.0, Diff: 0.8, Sum: 11.5]
         [Processed Buffers: Min: 3, Avg: 5.1, Max: 9, Diff: 6, Sum: 41]
      [Scan RS (ms): Min: 0.0, Avg: 0.1, Max: 0.1, Diff: 0.1, Sum: 0.4]
      [Code Root Scanning (ms): Min: 0.0, Avg: 0.0, Max: 0.0, Diff: 0.0, Sum: 0.0]
      [Object Copy (ms): Min: 1.8, Avg: 2.2, Max: 2.5, Diff: 0.7, Sum: 17.9]
      [Termination (ms): Min: 0.0, Avg: 0.0, Max: 0.0, Diff: 0.0, Sum: 0.0]
         [Termination Attempts: Min: 1, Avg: 3.0, Max: 5, Diff: 4, Sum: 24]
      [GC Worker Other (ms): Min: 0.0, Avg: 0.0, Max: 0.1, Diff: 0.0, Sum: 0.3]
      [GC Worker Total (ms): Min: 9.8, Avg: 9.8, Max: 9.9, Diff: 0.1, Sum: 78.6]
      [GC Worker End (ms): Min: 752340584.9, Avg: 752340584.9, Max: 752340585.0, Diff: 0.0]
   [Code Root Fixup: 0.0 ms]
   [Code Root Purge: 0.0 ms]
   [Clear CT: 0.8 ms]
   [Other: 4.1 ms]
      [Choose CSet: 0.0 ms]
      [Ref Proc: 3.4 ms]
      [Ref Enq: 0.1 ms]
      [Redirty Cards: 0.1 ms]
      [Humongous Register: 0.0 ms]
      [Humongous Reclaim: 0.0 ms]
      [Free CSet: 0.3 ms]
   [Eden: 7152.0M(7152.0M)->0.0B(7152.0M) Survivors: 16384.0K->16384.0K Heap: 10779.9M(14336.0M)->3632.0M(14336.0M)]
 [Times: user=0.08 sys=0.00, real=0.02 secs] 
2022-07-30T14:09:29.085-0700: 752340.590: [GC concurrent-root-region-scan-start]
2022-07-30T14:09:29.096-0700: 752340.601: [GC concurrent-root-region-scan-end, 0.0111576 secs]
2022-07-30T14:09:29.096-0700: 752340.601: [GC concurrent-mark-start]
2022-07-30T14:09:31.823-0700: 752343.328: [GC concurrent-mark-end, 2.7270779 secs]
2022-07-30T14:09:31.824-0700: 752343.328: [GC remark 2022-07-30T14:09:31.824-0700: 752343.329: [Finalize Marking, 0.0004003 secs] 2022-07-30T14:09:31.824-0700: 752343.329: [GC ref-proc, 0.0112407 secs] 2022-07-30T14:09:31.835-0700: 752343.340: [Unloading, 0.0280566 secs], 0.0463851 secs]
 [Times: user=0.26 sys=0.00, real=0.04 secs] 
2022-07-30T14:09:31.870-0700: 752343.375: [GC cleanup 3836M->3836M(14336M), 0.0089990 secs]
 [Times: user=0.07 sys=0.00, real=0.01 secs] 
2022-07-30T14:11:21.420-0700: 752452.925: [GC pause (G1 Evacuation Pause) (young), 0.0161250 secs]
   [Parallel Time: 9.8 ms, GC Workers: 8]
      [GC Worker Start (ms): Min: 752452925.4, Avg: 752452925.4, Max: 752452925.5, Diff: 0.1]
      [Ext Root Scanning (ms): Min: 0.9, Avg: 1.6, Max: 5.0, Diff: 4.2, Sum: 12.8]
      [Update RS (ms): Min: 0.0, Avg: 1.3, Max: 2.0, Diff: 2.0, Sum: 10.7]
         [Processed Buffers: Min: 0, Avg: 5.2, Max: 10, Diff: 10, Sum: 42]
      [Scan RS (ms): Min: 0.0, Avg: 0.0, Max: 0.2, Diff: 0.2, Sum: 0.4]
      [Code Root Scanning (ms): Min: 0.0, Avg: 0.0, Max: 0.0, Diff: 0.0, Sum: 0.0]
      [Object Copy (ms): Min: 4.5, Avg: 6.5, Max: 6.9, Diff: 2.5, Sum: 51.7]
      [Termination (ms): Min: 0.0, Avg: 0.0, Max: 0.0, Diff: 0.0, Sum: 0.0]
         [Termination Attempts: Min: 1, Avg: 1.4, Max: 3, Diff: 2, Sum: 11]
      [GC Worker Other (ms): Min: 0.0, Avg: 0.1, Max: 0.1, Diff: 0.1, Sum: 0.5]
      [GC Worker Total (ms): Min: 9.4, Avg: 9.5, Max: 9.7, Diff: 0.3, Sum: 76.1]
      [GC Worker End (ms): Min: 752452934.9, Avg: 752452935.0, Max: 752452935.0, Diff: 0.1]
   [Code Root Fixup: 0.0 ms]
   [Code Root Purge: 0.0 ms]
   [Clear CT: 0.7 ms]
   [Other: 5.6 ms]
      [Choose CSet: 0.0 ms]
      [Ref Proc: 5.0 ms]
      [Ref Enq: 0.1 ms]
      [Redirty Cards: 0.1 ms]
      [Humongous Register: 0.1 ms]
      [Humongous Reclaim: 0.0 ms]
      [Free CSet: 0.3 ms]
   [Eden: 7152.0M(7152.0M)->0.0B(7152.0M) Survivors: 16384.0K->16384.0K Heap: 10784.0M(14336.0M)->3631.4M(14336.0M)]
 [Times: user=0.06 sys=0.00, real=0.02 secs] 
2022-07-30T14:13:16.262-0700: 752567.767: [GC pause (G1 Evacuation Pause) (young), 0.0102712 secs]
   [Parallel Time: 7.1 ms, GC Workers: 8]
      [GC Worker Start (ms): Min: 752567766.8, Avg: 752567766.8, Max: 752567766.8, Diff: 0.1]
      [Ext Root Scanning (ms): Min: 1.4, Avg: 2.3, Max: 6.4, Diff: 5.0, Sum: 18.4]
      [Update RS (ms): Min: 0.0, Avg: 2.5, Max: 3.5, Diff: 3.5, Sum: 20.3]
         [Processed Buffers: Min: 0, Avg: 7.1, Max: 10, Diff: 10, Sum: 57]
      [Scan RS (ms): Min: 0.0, Avg: 0.1, Max: 0.1, Diff: 0.1, Sum: 0.4]
      [Code Root Scanning (ms): Min: 0.0, Avg: 0.0, Max: 0.0, Diff: 0.0, Sum: 0.0]
      [Object Copy (ms): Min: 0.5, Avg: 2.0, Max: 2.4, Diff: 2.0, Sum: 15.7]
      [Termination (ms): Min: 0.0, Avg: 0.0, Max: 0.0, Diff: 0.0, Sum: 0.0]
         [Termination Attempts: Min: 1, Avg: 5.1, Max: 8, Diff: 7, Sum: 41]
      [GC Worker Other (ms): Min: 0.0, Avg: 0.1, Max: 0.1, Diff: 0.1, Sum: 0.5]
      [GC Worker Total (ms): Min: 6.8, Avg: 6.9, Max: 7.0, Diff: 0.1, Sum: 55.5]
      [GC Worker End (ms): Min: 752567773.7, Avg: 752567773.7, Max: 752567773.8, Diff: 0.1]
   [Code Root Fixup: 0.0 ms]
   [Code Root Purge: 0.0 ms]
   [Clear CT: 0.8 ms]
   [Other: 2.4 ms]
      [Choose CSet: 0.0 ms]
      [Ref Proc: 1.6 ms]
      [Ref Enq: 0.1 ms]
      [Redirty Cards: 0.1 ms]
      [Humongous Register: 0.1 ms]
      [Humongous Reclaim: 0.0 ms]
      [Free CSet: 0.3 ms]
   [Eden: 7152.0M(7152.0M)->0.0B(7152.0M) Survivors: 16384.0K->16384.0K Heap: 10783.4M(14336.0M)->3633.2M(14336.0M)]
 [Times: user=0.06 sys=0.00, real=0.01 secs] 
2022-07-30T14:15:11.525-0700: 752683.030: [GC pause (G1 Evacuation Pause) (young) (initial-mark), 0.0163108 secs]
   [Parallel Time: 12.1 ms, GC Workers: 8]
      [GC Worker Start (ms): Min: 752683031.8, Avg: 752683031.9, Max: 752683032.0, Diff: 0.1]
      [Ext Root Scanning (ms): Min: 5.9, Avg: 6.1, Max: 6.3, Diff: 0.4, Sum: 48.9]
      [Update RS (ms): Min: 1.2, Avg: 1.4, Max: 1.8, Diff: 0.5, Sum: 11.6]
         [Processed Buffers: Min: 2, Avg: 5.2, Max: 17, Diff: 15, Sum: 42]
      [Scan RS (ms): Min: 0.0, Avg: 0.0, Max: 0.1, Diff: 0.1, Sum: 0.4]
      [Code Root Scanning (ms): Min: 0.0, Avg: 0.0, Max: 0.0, Diff: 0.0, Sum: 0.0]
      [Object Copy (ms): Min: 1.7, Avg: 1.9, Max: 2.2, Diff: 0.5, Sum: 15.2]
      [Termination (ms): Min: 0.0, Avg: 0.0, Max: 0.0, Diff: 0.0, Sum: 0.0]
         [Termination Attempts: Min: 1, Avg: 1.2, Max: 2, Diff: 1, Sum: 10]
      [GC Worker Other (ms): Min: 0.0, Avg: 0.1, Max: 0.1, Diff: 0.1, Sum: 0.5]
      [GC Worker Total (ms): Min: 9.5, Avg: 9.6, Max: 9.6, Diff: 0.2, Sum: 76.6]
      [GC Worker End (ms): Min: 752683041.4, Avg: 752683041.5, Max: 752683041.5, Diff: 0.1]
   [Code Root Fixup: 0.0 ms]
   [Code Root Purge: 0.0 ms]
   [Clear CT: 0.7 ms]
   [Other: 3.5 ms]
      [Choose CSet: 0.0 ms]
      [Ref Proc: 2.7 ms]
      [Ref Enq: 0.1 ms]
      [Redirty Cards: 0.1 ms]
      [Humongous Register: 0.0 ms]
      [Humongous Reclaim: 0.0 ms]
      [Free CSet: 0.3 ms]
   [Eden: 7152.0M(7152.0M)->0.0B(7152.0M) Survivors: 16384.0K->16384.0K Heap: 10785.2M(14336.0M)->3633.0M(14336.0M)]
 [Times: user=0.07 sys=0.01, real=0.01 secs] 
2022-07-30T14:15:11.541-0700: 752683.046: [GC concurrent-root-region-scan-start]
2022-07-30T14:15:11.550-0700: 752683.055: [GC concurrent-root-region-scan-end, 0.0092459 secs]
2022-07-30T14:15:11.550-0700: 752683.055: [GC concurrent-mark-start]
2022-07-30T14:15:14.255-0700: 752685.759: [GC concurrent-mark-end, 2.7042536 secs]
2022-07-30T14:15:14.255-0700: 752685.760: [GC remark 2022-07-30T14:15:14.255-0700: 752685.760: [Finalize Marking, 0.0003664 secs] 2022-07-30T14:15:14.256-0700: 752685.760: [GC ref-proc, 0.0080192 secs] 2022-07-30T14:15:14.264-0700: 752685.768: [Unloading, 0.0283451 secs], 0.0425724 secs]
 [Times: user=0.26 sys=0.00, real=0.04 secs] 
2022-07-30T14:15:14.298-0700: 752685.803: [GC cleanup 3821M->3821M(14336M), 0.0087636 secs]
 [Times: user=0.07 sys=0.00, real=0.01 secs] 
2022-07-30T14:17:07.766-0700: 752799.271: [GC pause (G1 Evacuation Pause) (young), 0.0104639 secs]
   [Parallel Time: 6.2 ms, GC Workers: 8]
      [GC Worker Start (ms): Min: 752799271.2, Avg: 752799271.3, Max: 752799271.4, Diff: 0.2]
      [Ext Root Scanning (ms): Min: 1.2, Avg: 2.0, Max: 5.7, Diff: 4.5, Sum: 16.3]
      [Update RS (ms): Min: 0.0, Avg: 2.1, Max: 3.0, Diff: 3.0, Sum: 16.6]
         [Processed Buffers: Min: 0, Avg: 6.5, Max: 15, Diff: 15, Sum: 52]
      [Scan RS (ms): Min: 0.0, Avg: 0.1, Max: 0.2, Diff: 0.2, Sum: 0.4]
      [Code Root Scanning (ms): Min: 0.0, Avg: 0.0, Max: 0.0, Diff: 0.0, Sum: 0.0]
      [Object Copy (ms): Min: 0.3, Avg: 1.8, Max: 2.2, Diff: 2.0, Sum: 14.3]
      [Termination (ms): Min: 0.0, Avg: 0.0, Max: 0.0, Diff: 0.0, Sum: 0.0]
         [Termination Attempts: Min: 1, Avg: 2.2, Max: 4, Diff: 3, Sum: 18]
      [GC Worker Other (ms): Min: 0.0, Avg: 0.1, Max: 0.1, Diff: 0.1, Sum: 0.4]
      [GC Worker Total (ms): Min: 5.9, Avg: 6.0, Max: 6.1, Diff: 0.3, Sum: 48.0]
      [GC Worker End (ms): Min: 752799277.3, Avg: 752799277.3, Max: 752799277.4, Diff: 0.1]
   [Code Root Fixup: 0.0 ms]
   [Code Root Purge: 0.0 ms]
   [Clear CT: 0.7 ms]
   [Other: 3.6 ms]
      [Choose CSet: 0.0 ms]
      [Ref Proc: 2.9 ms]
      [Ref Enq: 0.1 ms]
      [Redirty Cards: 0.1 ms]
      [Humongous Register: 0.1 ms]
      [Humongous Reclaim: 0.0 ms]
      [Free CSet: 0.3 ms]
   [Eden: 7152.0M(7152.0M)->0.0B(5712.0M) Survivors: 16384.0K->16384.0K Heap: 10785.0M(14336.0M)->3633.5M(14336.0M)]
 [Times: user=0.06 sys=0.00, real=0.01 secs] 
2022-07-30T14:18:37.827-0700: 752889.332: [GC pause (G1 Evacuation Pause) (mixed), 0.0098779 secs]
   [Parallel Time: 7.2 ms, GC Workers: 8]
      [GC Worker Start (ms): Min: 752889332.3, Avg: 752889332.4, Max: 752889332.5, Diff: 0.1]
      [Ext Root Scanning (ms): Min: 1.0, Avg: 1.9, Max: 6.9, Diff: 5.9, Sum: 15.4]
      [Update RS (ms): Min: 0.0, Avg: 1.4, Max: 2.1, Diff: 2.1, Sum: 10.9]
         [Processed Buffers: Min: 0, Avg: 6.1, Max: 11, Diff: 11, Sum: 49]
      [Scan RS (ms): Min: 0.0, Avg: 0.4, Max: 0.7, Diff: 0.7, Sum: 3.6]
      [Code Root Scanning (ms): Min: 0.0, Avg: 0.0, Max: 0.1, Diff: 0.1, Sum: 0.1]
      [Object Copy (ms): Min: 0.0, Avg: 3.0, Max: 3.6, Diff: 3.6, Sum: 24.2]
      [Termination (ms): Min: 0.0, Avg: 0.1, Max: 0.1, Diff: 0.1, Sum: 0.9]
         [Termination Attempts: Min: 1, Avg: 4.5, Max: 8, Diff: 7, Sum: 36]
      [GC Worker Other (ms): Min: 0.0, Avg: 0.1, Max: 0.1, Diff: 0.1, Sum: 0.4]
      [GC Worker Total (ms): Min: 6.9, Avg: 6.9, Max: 7.0, Diff: 0.1, Sum: 55.5]
      [GC Worker End (ms): Min: 752889339.3, Avg: 752889339.4, Max: 752889339.4, Diff: 0.1]
   [Code Root Fixup: 0.0 ms]
   [Code Root Purge: 0.0 ms]
   [Clear CT: 0.6 ms]
   [Other: 2.1 ms]
      [Choose CSet: 0.0 ms]
      [Ref Proc: 1.4 ms]
      [Ref Enq: 0.1 ms]
      [Redirty Cards: 0.1 ms]
      [Humongous Register: 0.1 ms]
      [Humongous Reclaim: 0.0 ms]
      [Free CSet: 0.2 ms]
   [Eden: 5712.0M(5712.0M)->0.0B(7152.0M) Survivors: 16384.0K->16384.0K Heap: 9345.5M(14336.0M)->3625.7M(14336.0M)]
 [Times: user=0.04 sys=0.02, real=0.01 secs] 
2022-07-30T14:20:32.825-0700: 753004.329: [GC pause (G1 Evacuation Pause) (young), 0.0110058 secs]
   [Parallel Time: 6.2 ms, GC Workers: 8]
      [GC Worker Start (ms): Min: 753004329.5, Avg: 753004329.6, Max: 753004329.7, Diff: 0.2]
      [Ext Root Scanning (ms): Min: 0.9, Avg: 1.6, Max: 5.3, Diff: 4.4, Sum: 12.9]
      [Update RS (ms): Min: 0.0, Avg: 2.5, Max: 3.3, Diff: 3.3, Sum: 19.9]
         [Processed Buffers: Min: 0, Avg: 9.1, Max: 16, Diff: 16, Sum: 73]
      [Scan RS (ms): Min: 0.0, Avg: 0.1, Max: 0.1, Diff: 0.1, Sum: 0.4]
      [Code Root Scanning (ms): Min: 0.0, Avg: 0.0, Max: 0.0, Diff: 0.0, Sum: 0.0]
      [Object Copy (ms): Min: 0.6, Avg: 1.7, Max: 2.0, Diff: 1.4, Sum: 13.5]
      [Termination (ms): Min: 0.0, Avg: 0.0, Max: 0.0, Diff: 0.0, Sum: 0.0]
         [Termination Attempts: Min: 1, Avg: 3.0, Max: 6, Diff: 5, Sum: 24]
      [GC Worker Other (ms): Min: 0.0, Avg: 0.1, Max: 0.2, Diff: 0.2, Sum: 0.5]
      [GC Worker Total (ms): Min: 5.8, Avg: 5.9, Max: 6.1, Diff: 0.3, Sum: 47.3]
      [GC Worker End (ms): Min: 753004335.4, Avg: 753004335.5, Max: 753004335.6, Diff: 0.2]
   [Code Root Fixup: 0.0 ms]
   [Code Root Purge: 0.0 ms]
   [Clear CT: 0.8 ms]
   [Other: 4.0 ms]
      [Choose CSet: 0.0 ms]
      [Ref Proc: 3.3 ms]
      [Ref Enq: 0.1 ms]
      [Redirty Cards: 0.1 ms]
      [Humongous Register: 0.1 ms]
      [Humongous Reclaim: 0.0 ms]
      [Free CSet: 0.3 ms]
   [Eden: 7152.0M(7152.0M)->0.0B(7152.0M) Survivors: 16384.0K->16384.0K Heap: 10777.7M(14336.0M)->3625.5M(14336.0M)]
 [Times: user=0.06 sys=0.00, real=0.01 secs] 
2022-07-30T14:22:28.520-0700: 753120.025: [GC pause (G1 Evacuation Pause) (young) (initial-mark), 0.0167255 secs]
   [Parallel Time: 11.8 ms, GC Workers: 8]
      [GC Worker Start (ms): Min: 753120026.7, Avg: 753120026.8, Max: 753120026.8, Diff: 0.1]
      [Ext Root Scanning (ms): Min: 5.4, Avg: 5.6, Max: 5.9, Diff: 0.5, Sum: 45.1]
      [Update RS (ms): Min: 1.4, Avg: 1.7, Max: 2.5, Diff: 1.0, Sum: 13.8]
         [Processed Buffers: Min: 3, Avg: 5.6, Max: 15, Diff: 12, Sum: 45]
      [Scan RS (ms): Min: 0.0, Avg: 0.1, Max: 0.1, Diff: 0.1, Sum: 0.4]
      [Code Root Scanning (ms): Min: 0.0, Avg: 0.0, Max: 0.0, Diff: 0.0, Sum: 0.0]
      [Object Copy (ms): Min: 1.4, Avg: 2.0, Max: 2.4, Diff: 1.0, Sum: 16.4]
      [Termination (ms): Min: 0.0, Avg: 0.0, Max: 0.0, Diff: 0.0, Sum: 0.1]
         [Termination Attempts: Min: 14, Avg: 20.1, Max: 28, Diff: 14, Sum: 161]
      [GC Worker Other (ms): Min: 0.0, Avg: 0.1, Max: 0.1, Diff: 0.1, Sum: 0.5]
      [GC Worker Total (ms): Min: 9.4, Avg: 9.5, Max: 9.6, Diff: 0.2, Sum: 76.3]
      [GC Worker End (ms): Min: 753120036.3, Avg: 753120036.3, Max: 753120036.4, Diff: 0.1]
   [Code Root Fixup: 0.0 ms]
   [Code Root Purge: 0.0 ms]
   [Clear CT: 0.7 ms]
   [Other: 4.2 ms]
      [Choose CSet: 0.0 ms]
      [Ref Proc: 3.6 ms]
      [Ref Enq: 0.1 ms]
      [Redirty Cards: 0.1 ms]
      [Humongous Register: 0.0 ms]
      [Humongous Reclaim: 0.0 ms]
      [Free CSet: 0.3 ms]
   [Eden: 7152.0M(7152.0M)->0.0B(7152.0M) Survivors: 16384.0K->16384.0K Heap: 10777.5M(14336.0M)->3627.4M(14336.0M)]
 [Times: user=0.08 sys=0.00, real=0.02 secs] 
2022-07-30T14:22:28.537-0700: 753120.041: [GC concurrent-root-region-scan-start]
2022-07-30T14:22:28.545-0700: 753120.050: [GC concurrent-root-region-scan-end, 0.0087717 secs]
2022-07-30T14:22:28.545-0700: 753120.050: [GC concurrent-mark-start]
2022-07-30T14:22:31.217-0700: 753122.722: [GC concurrent-mark-end, 2.6720073 secs]
2022-07-30T14:22:31.218-0700: 753122.722: [GC remark 2022-07-30T14:22:31.218-0700: 753122.722: [Finalize Marking, 0.0002777 secs] 2022-07-30T14:22:31.218-0700: 753122.723: [GC ref-proc, 0.0075809 secs] 2022-07-30T14:22:31.226-0700: 753122.730: [Unloading, 0.0286619 secs], 0.0424373 secs]
 [Times: user=0.26 sys=0.00, real=0.04 secs] 
2022-07-30T14:22:31.260-0700: 753122.765: [GC cleanup 3799M->3799M(14336M), 0.0090961 secs]
 [Times: user=0.06 sys=0.00, real=0.01 secs] 
2022-07-30T14:24:24.021-0700: 753235.526: [GC pause (G1 Evacuation Pause) (young), 0.0090573 secs]
   [Parallel Time: 6.0 ms, GC Workers: 8]
      [GC Worker Start (ms): Min: 753235526.4, Avg: 753235526.5, Max: 753235526.5, Diff: 0.2]
      [Ext Root Scanning (ms): Min: 1.0, Avg: 1.8, Max: 5.8, Diff: 4.8, Sum: 14.5]
      [Update RS (ms): Min: 0.0, Avg: 1.4, Max: 2.2, Diff: 2.2, Sum: 11.5]
         [Processed Buffers: Min: 0, Avg: 5.6, Max: 15, Diff: 15, Sum: 45]
      [Scan RS (ms): Min: 0.0, Avg: 0.1, Max: 0.1, Diff: 0.1, Sum: 0.4]
      [Code Root Scanning (ms): Min: 0.0, Avg: 0.0, Max: 0.0, Diff: 0.0, Sum: 0.0]
      [Object Copy (ms): Min: 0.0, Avg: 2.0, Max: 2.4, Diff: 2.4, Sum: 15.8]
      [Termination (ms): Min: 0.0, Avg: 0.4, Max: 0.5, Diff: 0.5, Sum: 3.5]
         [Termination Attempts: Min: 1, Avg: 25.5, Max: 37, Diff: 36, Sum: 204]
      [GC Worker Other (ms): Min: 0.0, Avg: 0.0, Max: 0.1, Diff: 0.1, Sum: 0.2]
      [GC Worker Total (ms): Min: 5.6, Avg: 5.7, Max: 5.8, Diff: 0.2, Sum: 45.9]
      [GC Worker End (ms): Min: 753235532.2, Avg: 753235532.2, Max: 753235532.2, Diff: 0.1]
   [Code Root Fixup: 0.0 ms]
   [Code Root Purge: 0.0 ms]
   [Clear CT: 0.6 ms]
   [Other: 2.4 ms]
      [Choose CSet: 0.0 ms]
      [Ref Proc: 1.7 ms]
      [Ref Enq: 0.1 ms]
      [Redirty Cards: 0.1 ms]
      [Humongous Register: 0.1 ms]
      [Humongous Reclaim: 0.0 ms]
      [Free CSet: 0.3 ms]
   [Eden: 7152.0M(7152.0M)->0.0B(7152.0M) Survivors: 16384.0K->16384.0K Heap: 10779.4M(14336.0M)->3628.9M(14336.0M)]
 [Times: user=0.05 sys=0.00, real=0.01 secs] 
2022-07-30T14:26:20.262-0700: 753351.767: [GC pause (G1 Evacuation Pause) (young), 0.0093760 secs]
   [Parallel Time: 6.4 ms, GC Workers: 8]
      [GC Worker Start (ms): Min: 753351766.9, Avg: 753351767.0, Max: 753351767.0, Diff: 0.1]
      [Ext Root Scanning (ms): Min: 1.2, Avg: 1.9, Max: 6.1, Diff: 4.9, Sum: 15.5]
      [Update RS (ms): Min: 0.0, Avg: 1.8, Max: 2.7, Diff: 2.7, Sum: 14.8]
         [Processed Buffers: Min: 0, Avg: 5.2, Max: 11, Diff: 11, Sum: 42]
      [Scan RS (ms): Min: 0.0, Avg: 0.1, Max: 0.1, Diff: 0.1, Sum: 0.5]
      [Code Root Scanning (ms): Min: 0.0, Avg: 0.0, Max: 0.0, Diff: 0.0, Sum: 0.0]
      [Object Copy (ms): Min: 0.0, Avg: 2.3, Max: 2.8, Diff: 2.7, Sum: 18.0]
      [Termination (ms): Min: 0.0, Avg: 0.0, Max: 0.0, Diff: 0.0, Sum: 0.0]
         [Termination Attempts: Min: 1, Avg: 2.4, Max: 4, Diff: 3, Sum: 19]
      [GC Worker Other (ms): Min: 0.0, Avg: 0.1, Max: 0.1, Diff: 0.1, Sum: 0.5]
      [GC Worker Total (ms): Min: 6.1, Avg: 6.2, Max: 6.3, Diff: 0.1, Sum: 49.4]
      [GC Worker End (ms): Min: 753351773.1, Avg: 753351773.2, Max: 753351773.2, Diff: 0.1]
   [Code Root Fixup: 0.0 ms]
   [Code Root Purge: 0.0 ms]
   [Clear CT: 0.7 ms]
   [Other: 2.3 ms]
      [Choose CSet: 0.0 ms]
      [Ref Proc: 1.7 ms]
      [Ref Enq: 0.1 ms]
      [Redirty Cards: 0.1 ms]
      [Humongous Register: 0.1 ms]
      [Humongous Reclaim: 0.0 ms]
      [Free CSet: 0.3 ms]
   [Eden: 7152.0M(7152.0M)->0.0B(7152.0M) Survivors: 16384.0K->16384.0K Heap: 10780.9M(14336.0M)->3628.2M(14336.0M)]
 [Times: user=0.06 sys=0.00, real=0.01 secs] 
2022-07-30T14:28:14.311-0700: 753465.815: [GC pause (G1 Evacuation Pause) (young) (initial-mark), 0.0178390 secs]
   [Parallel Time: 12.8 ms, GC Workers: 8]
      [GC Worker Start (ms): Min: 753465817.3, Avg: 753465817.3, Max: 753465817.4, Diff: 0.2]
      [Ext Root Scanning (ms): Min: 6.2, Avg: 6.4, Max: 6.6, Diff: 0.3, Sum: 51.0]
      [Update RS (ms): Min: 1.4, Avg: 1.7, Max: 2.4, Diff: 0.9, Sum: 13.8]
         [Processed Buffers: Min: 3, Avg: 5.6, Max: 8, Diff: 5, Sum: 45]
      [Scan RS (ms): Min: 0.0, Avg: 0.1, Max: 0.1, Diff: 0.1, Sum: 0.4]
      [Code Root Scanning (ms): Min: 0.0, Avg: 0.0, Max: 0.0, Diff: 0.0, Sum: 0.0]
      [Object Copy (ms): Min: 1.7, Avg: 2.2, Max: 2.5, Diff: 0.9, Sum: 17.6]
      [Termination (ms): Min: 0.0, Avg: 0.0, Max: 0.0, Diff: 0.0, Sum: 0.0]
         [Termination Attempts: Min: 2, Avg: 5.9, Max: 7, Diff: 5, Sum: 47]
      [GC Worker Other (ms): Min: 0.0, Avg: 0.1, Max: 0.2, Diff: 0.2, Sum: 0.6]
      [GC Worker Total (ms): Min: 10.3, Avg: 10.4, Max: 10.6, Diff: 0.3, Sum: 83.5]
      [GC Worker End (ms): Min: 753465827.7, Avg: 753465827.8, Max: 753465827.9, Diff: 0.2]
   [Code Root Fixup: 0.0 ms]
   [Code Root Purge: 0.0 ms]
   [Clear CT: 0.7 ms]
   [Other: 4.3 ms]
      [Choose CSet: 0.0 ms]
      [Ref Proc: 3.6 ms]
      [Ref Enq: 0.1 ms]
      [Redirty Cards: 0.1 ms]
      [Humongous Register: 0.0 ms]
      [Humongous Reclaim: 0.0 ms]
      [Free CSet: 0.3 ms]
   [Eden: 7152.0M(7152.0M)->0.0B(7152.0M) Survivors: 16384.0K->16384.0K Heap: 10780.2M(14336.0M)->3632.0M(14336.0M)]
 [Times: user=0.08 sys=0.00, real=0.02 secs] 
2022-07-30T14:28:14.329-0700: 753465.833: [GC concurrent-root-region-scan-start]
2022-07-30T14:28:14.338-0700: 753465.843: [GC concurrent-root-region-scan-end, 0.0094929 secs]
2022-07-30T14:28:14.338-0700: 753465.843: [GC concurrent-mark-start]
2022-07-30T14:28:17.042-0700: 753468.547: [GC concurrent-mark-end, 2.7043798 secs]
2022-07-30T14:28:17.043-0700: 753468.548: [GC remark 2022-07-30T14:28:17.043-0700: 753468.548: [Finalize Marking, 0.0002832 secs] 2022-07-30T14:28:17.043-0700: 753468.548: [GC ref-proc, 0.0094330 secs] 2022-07-30T14:28:17.053-0700: 753468.557: [Unloading, 0.0274626 secs], 0.0432499 secs]
 [Times: user=0.25 sys=0.00, real=0.04 secs] 
2022-07-30T14:28:17.086-0700: 753468.591: [GC cleanup 3828M->3828M(14336M), 0.0088432 secs]
 [Times: user=0.07 sys=0.00, real=0.01 secs] 
2022-07-30T14:30:09.275-0700: 753580.780: [GC pause (G1 Evacuation Pause) (young), 0.0111420 secs]
   [Parallel Time: 5.9 ms, GC Workers: 8]
      [GC Worker Start (ms): Min: 753580779.8, Avg: 753580779.9, Max: 753580780.0, Diff: 0.2]
      [Ext Root Scanning (ms): Min: 1.0, Avg: 1.7, Max: 5.5, Diff: 4.6, Sum: 13.7]
      [Update RS (ms): Min: 0.0, Avg: 1.3, Max: 1.8, Diff: 1.8, Sum: 10.6]
         [Processed Buffers: Min: 0, Avg: 5.2, Max: 11, Diff: 11, Sum: 42]
      [Scan RS (ms): Min: 0.0, Avg: 0.0, Max: 0.1, Diff: 0.1, Sum: 0.4]
      [Code Root Scanning (ms): Min: 0.0, Avg: 0.0, Max: 0.0, Diff: 0.0, Sum: 0.0]
      [Object Copy (ms): Min: 0.0, Avg: 1.9, Max: 2.4, Diff: 2.4, Sum: 15.6]
      [Termination (ms): Min: 0.0, Avg: 0.4, Max: 0.5, Diff: 0.5, Sum: 3.5]
         [Termination Attempts: Min: 1, Avg: 23.1, Max: 31, Diff: 30, Sum: 185]
      [GC Worker Other (ms): Min: 0.0, Avg: 0.1, Max: 0.1, Diff: 0.1, Sum: 0.4]
      [GC Worker Total (ms): Min: 5.4, Avg: 5.5, Max: 5.6, Diff: 0.2, Sum: 44.1]
      [GC Worker End (ms): Min: 753580785.4, Avg: 753580785.4, Max: 753580785.5, Diff: 0.1]
   [Code Root Fixup: 0.0 ms]
   [Code Root Purge: 0.0 ms]
   [Clear CT: 0.7 ms]
   [Other: 4.5 ms]
      [Choose CSet: 0.0 ms]
      [Ref Proc: 3.8 ms]
      [Ref Enq: 0.1 ms]
      [Redirty Cards: 0.1 ms]
      [Humongous Register: 0.1 ms]
      [Humongous Reclaim: 0.0 ms]
      [Free CSet: 0.3 ms]
   [Eden: 7152.0M(7152.0M)->0.0B(5712.0M) Survivors: 16384.0K->16384.0K Heap: 10784.0M(14336.0M)->3630.3M(14336.0M)]
 [Times: user=0.06 sys=0.00, real=0.01 secs] 
2022-07-30T14:31:39.564-0700: 753671.069: [GC pause (G1 Evacuation Pause) (mixed), 0.0110248 secs]
   [Parallel Time: 8.2 ms, GC Workers: 8]
      [GC Worker Start (ms): Min: 753671069.4, Avg: 753671069.5, Max: 753671069.5, Diff: 0.1]
      [Ext Root Scanning (ms): Min: 1.2, Avg: 2.1, Max: 6.9, Diff: 5.7, Sum: 17.0]
      [Update RS (ms): Min: 0.0, Avg: 1.8, Max: 2.7, Diff: 2.7, Sum: 14.4]
         [Processed Buffers: Min: 0, Avg: 6.1, Max: 11, Diff: 11, Sum: 49]
      [Scan RS (ms): Min: 0.0, Avg: 0.6, Max: 1.0, Diff: 0.9, Sum: 4.7]
      [Code Root Scanning (ms): Min: 0.0, Avg: 0.0, Max: 0.1, Diff: 0.1, Sum: 0.1]
      [Object Copy (ms): Min: 1.1, Avg: 3.5, Max: 4.0, Diff: 2.8, Sum: 27.7]
      [Termination (ms): Min: 0.0, Avg: 0.0, Max: 0.0, Diff: 0.0, Sum: 0.0]
         [Termination Attempts: Min: 7, Avg: 10.0, Max: 14, Diff: 7, Sum: 80]
      [GC Worker Other (ms): Min: 0.0, Avg: 0.1, Max: 0.1, Diff: 0.1, Sum: 0.4]
      [GC Worker Total (ms): Min: 8.0, Avg: 8.0, Max: 8.1, Diff: 0.1, Sum: 64.3]
      [GC Worker End (ms): Min: 753671077.5, Avg: 753671077.5, Max: 753671077.5, Diff: 0.1]
   [Code Root Fixup: 0.0 ms]
   [Code Root Purge: 0.0 ms]
   [Clear CT: 0.7 ms]
   [Other: 2.2 ms]
      [Choose CSet: 0.0 ms]
      [Ref Proc: 1.5 ms]
      [Ref Enq: 0.1 ms]
      [Redirty Cards: 0.1 ms]
      [Humongous Register: 0.1 ms]
      [Humongous Reclaim: 0.0 ms]
      [Free CSet: 0.2 ms]
   [Eden: 5712.0M(5712.0M)->0.0B(7152.0M) Survivors: 16384.0K->16384.0K Heap: 9342.3M(14336.0M)->3621.6M(14336.0M)]
 [Times: user=0.07 sys=0.00, real=0.01 secs] 
2022-07-30T14:33:33.411-0700: 753784.915: [GC pause (G1 Evacuation Pause) (young), 0.0129705 secs]
   [Parallel Time: 8.5 ms, GC Workers: 8]
      [GC Worker Start (ms): Min: 753784915.5, Avg: 753784915.6, Max: 753784915.7, Diff: 0.2]
      [Ext Root Scanning (ms): Min: 1.2, Avg: 2.0, Max: 6.2, Diff: 5.0, Sum: 15.8]
      [Update RS (ms): Min: 0.0, Avg: 3.8, Max: 4.5, Diff: 4.5, Sum: 30.1]
         [Processed Buffers: Min: 0, Avg: 10.0, Max: 15, Diff: 15, Sum: 80]
      [Scan RS (ms): Min: 0.0, Avg: 0.1, Max: 0.1, Diff: 0.1, Sum: 0.5]
      [Code Root Scanning (ms): Min: 0.0, Avg: 0.0, Max: 0.0, Diff: 0.0, Sum: 0.0]
      [Object Copy (ms): Min: 1.5, Avg: 2.2, Max: 2.5, Diff: 1.0, Sum: 17.7]
      [Termination (ms): Min: 0.0, Avg: 0.0, Max: 0.0, Diff: 0.0, Sum: 0.0]
         [Termination Attempts: Min: 1, Avg: 3.8, Max: 7, Diff: 6, Sum: 30]
      [GC Worker Other (ms): Min: 0.0, Avg: 0.1, Max: 0.2, Diff: 0.1, Sum: 0.5]
      [GC Worker Total (ms): Min: 8.0, Avg: 8.1, Max: 8.2, Diff: 0.3, Sum: 64.6]
      [GC Worker End (ms): Min: 753784923.7, Avg: 753784923.7, Max: 753784923.8, Diff: 0.1]
   [Code Root Fixup: 0.0 ms]
   [Code Root Purge: 0.0 ms]
   [Clear CT: 0.7 ms]
   [Other: 3.8 ms]
      [Choose CSet: 0.0 ms]
      [Ref Proc: 3.0 ms]
      [Ref Enq: 0.1 ms]
      [Redirty Cards: 0.1 ms]
      [Humongous Register: 0.1 ms]
      [Humongous Reclaim: 0.0 ms]
      [Free CSet: 0.3 ms]
   [Eden: 7152.0M(7152.0M)->0.0B(7152.0M) Survivors: 16384.0K->16384.0K Heap: 10773.6M(14336.0M)->3625.9M(14336.0M)]
 [Times: user=0.08 sys=0.00, real=0.02 secs] 
2022-07-30T14:35:28.320-0700: 753899.825: [GC pause (G1 Evacuation Pause) (young) (initial-mark), 0.0163087 secs]
   [Parallel Time: 11.2 ms, GC Workers: 8]
      [GC Worker Start (ms): Min: 753899826.5, Avg: 753899826.6, Max: 753899826.6, Diff: 0.2]
      [Ext Root Scanning (ms): Min: 5.2, Avg: 5.5, Max: 5.7, Diff: 0.4, Sum: 43.8]
      [Update RS (ms): Min: 1.2, Avg: 1.4, Max: 1.8, Diff: 0.6, Sum: 10.9]
         [Processed Buffers: Min: 2, Avg: 5.0, Max: 10, Diff: 8, Sum: 40]
      [Scan RS (ms): Min: 0.0, Avg: 0.0, Max: 0.1, Diff: 0.1, Sum: 0.4]
      [Code Root Scanning (ms): Min: 0.0, Avg: 0.0, Max: 0.0, Diff: 0.0, Sum: 0.0]
      [Object Copy (ms): Min: 1.9, Avg: 2.1, Max: 2.4, Diff: 0.6, Sum: 17.0]
      [Termination (ms): Min: 0.0, Avg: 0.0, Max: 0.0, Diff: 0.0, Sum: 0.0]
         [Termination Attempts: Min: 12, Avg: 16.0, Max: 21, Diff: 9, Sum: 128]
      [GC Worker Other (ms): Min: 0.0, Avg: 0.1, Max: 0.2, Diff: 0.1, Sum: 0.4]
      [GC Worker Total (ms): Min: 9.0, Avg: 9.1, Max: 9.2, Diff: 0.1, Sum: 72.6]
      [GC Worker End (ms): Min: 753899835.6, Avg: 753899835.6, Max: 753899835.7, Diff: 0.1]
   [Code Root Fixup: 0.0 ms]
   [Code Root Purge: 0.0 ms]
   [Clear CT: 0.8 ms]
   [Other: 4.3 ms]
      [Choose CSet: 0.0 ms]
      [Ref Proc: 3.6 ms]
      [Ref Enq: 0.1 ms]
      [Redirty Cards: 0.1 ms]
      [Humongous Register: 0.0 ms]
      [Humongous Reclaim: 0.0 ms]
      [Free CSet: 0.3 ms]
   [Eden: 7152.0M(7152.0M)->0.0B(7152.0M) Survivors: 16384.0K->16384.0K Heap: 10777.9M(14336.0M)->3625.7M(14336.0M)]
 [Times: user=0.08 sys=0.00, real=0.02 secs] 
2022-07-30T14:35:28.336-0700: 753899.841: [GC concurrent-root-region-scan-start]
2022-07-30T14:35:28.345-0700: 753899.850: [GC concurrent-root-region-scan-end, 0.0089718 secs]
2022-07-30T14:35:28.345-0700: 753899.850: [GC concurrent-mark-start]
2022-07-30T14:35:31.048-0700: 753902.553: [GC concurrent-mark-end, 2.7027542 secs]
2022-07-30T14:35:31.048-0700: 753902.553: [GC remark 2022-07-30T14:35:31.048-0700: 753902.553: [Finalize Marking, 0.0002035 secs] 2022-07-30T14:35:31.049-0700: 753902.553: [GC ref-proc, 0.0118290 secs] 2022-07-30T14:35:31.060-0700: 753902.565: [Unloading, 0.0281489 secs], 0.0461369 secs]
 [Times: user=0.26 sys=0.00, real=0.04 secs] 
2022-07-30T14:35:31.095-0700: 753902.599: [GC cleanup 3857M->3857M(14336M), 0.0091797 secs]
 [Times: user=0.07 sys=0.00, real=0.01 secs] 
2022-07-30T14:37:22.921-0700: 754014.426: [GC pause (G1 Evacuation Pause) (young), 0.0101756 secs]
   [Parallel Time: 5.4 ms, GC Workers: 8]
      [GC Worker Start (ms): Min: 754014426.1, Avg: 754014426.2, Max: 754014426.3, Diff: 0.1]
      [Ext Root Scanning (ms): Min: 0.9, Avg: 1.6, Max: 5.2, Diff: 4.3, Sum: 13.1]
      [Update RS (ms): Min: 0.0, Avg: 1.5, Max: 2.1, Diff: 2.1, Sum: 11.7]
         [Processed Buffers: Min: 0, Avg: 5.9, Max: 15, Diff: 15, Sum: 47]
      [Scan RS (ms): Min: 0.0, Avg: 0.0, Max: 0.1, Diff: 0.1, Sum: 0.4]
      [Code Root Scanning (ms): Min: 0.0, Avg: 0.0, Max: 0.0, Diff: 0.0, Sum: 0.0]
      [Object Copy (ms): Min: 0.0, Avg: 1.6, Max: 1.9, Diff: 1.9, Sum: 12.6]
      [Termination (ms): Min: 0.0, Avg: 0.4, Max: 0.5, Diff: 0.5, Sum: 3.5]
         [Termination Attempts: Min: 1, Avg: 28.8, Max: 37, Diff: 36, Sum: 230]
      [GC Worker Other (ms): Min: 0.0, Avg: 0.0, Max: 0.1, Diff: 0.1, Sum: 0.2]
      [GC Worker Total (ms): Min: 5.1, Avg: 5.2, Max: 5.2, Diff: 0.1, Sum: 41.6]
      [GC Worker End (ms): Min: 754014431.4, Avg: 754014431.4, Max: 754014431.5, Diff: 0.1]
   [Code Root Fixup: 0.0 ms]
   [Code Root Purge: 0.0 ms]
   [Clear CT: 0.6 ms]
   [Other: 4.1 ms]
      [Choose CSet: 0.0 ms]
      [Ref Proc: 3.5 ms]
      [Ref Enq: 0.1 ms]
      [Redirty Cards: 0.1 ms]
      [Humongous Register: 0.1 ms]
      [Humongous Reclaim: 0.0 ms]
      [Free CSet: 0.3 ms]
   [Eden: 7152.0M(7152.0M)->0.0B(7152.0M) Survivors: 16384.0K->16384.0K Heap: 10777.7M(14336.0M)->3626.5M(14336.0M)]
 [Times: user=0.05 sys=0.00, real=0.01 secs] 
2022-07-30T14:39:14.038-0700: 754125.543: [GC pause (G1 Evacuation Pause) (young), 0.0109041 secs]
   [Parallel Time: 5.7 ms, GC Workers: 8]
      [GC Worker Start (ms): Min: 754125543.0, Avg: 754125543.1, Max: 754125543.2, Diff: 0.1]
      [Ext Root Scanning (ms): Min: 0.9, Avg: 1.6, Max: 5.3, Diff: 4.4, Sum: 13.1]
      [Update RS (ms): Min: 0.0, Avg: 1.3, Max: 2.1, Diff: 2.1, Sum: 10.7]
         [Processed Buffers: Min: 0, Avg: 5.6, Max: 14, Diff: 14, Sum: 45]
      [Scan RS (ms): Min: 0.0, Avg: 0.0, Max: 0.1, Diff: 0.1, Sum: 0.4]
      [Code Root Scanning (ms): Min: 0.0, Avg: 0.0, Max: 0.0, Diff: 0.0, Sum: 0.0]
      [Object Copy (ms): Min: 0.0, Avg: 1.7, Max: 2.2, Diff: 2.1, Sum: 14.0]
      [Termination (ms): Min: 0.0, Avg: 0.5, Max: 0.6, Diff: 0.6, Sum: 4.2]
         [Termination Attempts: Min: 1, Avg: 1.0, Max: 1, Diff: 0, Sum: 8]
      [GC Worker Other (ms): Min: 0.0, Avg: 0.0, Max: 0.1, Diff: 0.0, Sum: 0.2]
      [GC Worker Total (ms): Min: 5.3, Avg: 5.3, Max: 5.4, Diff: 0.1, Sum: 42.6]
      [GC Worker End (ms): Min: 754125548.4, Avg: 754125548.4, Max: 754125548.5, Diff: 0.1]
   [Code Root Fixup: 0.0 ms]
   [Code Root Purge: 0.0 ms]
   [Clear CT: 0.7 ms]
   [Other: 4.5 ms]
      [Choose CSet: 0.0 ms]
      [Ref Proc: 3.8 ms]
      [Ref Enq: 0.1 ms]
      [Redirty Cards: 0.1 ms]
      [Humongous Register: 0.1 ms]
      [Humongous Reclaim: 0.0 ms]
      [Free CSet: 0.3 ms]
   [Eden: 7152.0M(7152.0M)->0.0B(7152.0M) Survivors: 16384.0K->16384.0K Heap: 10778.5M(14336.0M)->3629.9M(14336.0M)]
 [Times: user=0.05 sys=0.00, real=0.01 secs] 
2022-07-30T14:41:11.526-0700: 754243.031: [GC pause (G1 Evacuation Pause) (young) (initial-mark), 0.0167671 secs]
   [Parallel Time: 11.8 ms, GC Workers: 8]
      [GC Worker Start (ms): Min: 754243032.9, Avg: 754243033.0, Max: 754243033.0, Diff: 0.2]
      [Ext Root Scanning (ms): Min: 5.6, Avg: 5.8, Max: 6.0, Diff: 0.5, Sum: 46.5]
      [Update RS (ms): Min: 1.3, Avg: 1.5, Max: 1.8, Diff: 0.5, Sum: 11.8]
         [Processed Buffers: Min: 2, Avg: 5.1, Max: 15, Diff: 13, Sum: 41]
      [Scan RS (ms): Min: 0.0, Avg: 0.0, Max: 0.1, Diff: 0.1, Sum: 0.4]
      [Code Root Scanning (ms): Min: 0.0, Avg: 0.0, Max: 0.0, Diff: 0.0, Sum: 0.0]
      [Object Copy (ms): Min: 1.3, Avg: 1.8, Max: 2.1, Diff: 0.8, Sum: 14.6]
      [Termination (ms): Min: 0.0, Avg: 0.0, Max: 0.0, Diff: 0.0, Sum: 0.0]
         [Termination Attempts: Min: 1, Avg: 2.0, Max: 3, Diff: 2, Sum: 16]
      [GC Worker Other (ms): Min: 0.0, Avg: 0.1, Max: 0.2, Diff: 0.1, Sum: 0.7]
      [GC Worker Total (ms): Min: 9.1, Avg: 9.2, Max: 9.4, Diff: 0.3, Sum: 73.9]
      [GC Worker End (ms): Min: 754243042.1, Avg: 754243042.2, Max: 754243042.3, Diff: 0.1]
   [Code Root Fixup: 0.0 ms]
   [Code Root Purge: 0.0 ms]
   [Clear CT: 0.8 ms]
   [Other: 4.2 ms]
      [Choose CSet: 0.0 ms]
      [Ref Proc: 3.5 ms]
      [Ref Enq: 0.1 ms]
      [Redirty Cards: 0.1 ms]
      [Humongous Register: 0.0 ms]
      [Humongous Reclaim: 0.0 ms]
      [Free CSet: 0.3 ms]
   [Eden: 7152.0M(7152.0M)->0.0B(7152.0M) Survivors: 16384.0K->16384.0K Heap: 10781.9M(14336.0M)->3627.6M(14336.0M)]
 [Times: user=0.07 sys=0.01, real=0.02 secs] 
2022-07-30T14:41:11.543-0700: 754243.048: [GC concurrent-root-region-scan-start]
2022-07-30T14:41:11.552-0700: 754243.057: [GC concurrent-root-region-scan-end, 0.0091294 secs]
2022-07-30T14:41:11.552-0700: 754243.057: [GC concurrent-mark-start]
2022-07-30T14:41:14.291-0700: 754245.795: [GC concurrent-mark-end, 2.7385742 secs]
2022-07-30T14:41:14.291-0700: 754245.796: [GC remark 2022-07-30T14:41:14.291-0700: 754245.796: [Finalize Marking, 0.0004790 secs] 2022-07-30T14:41:14.292-0700: 754245.796: [GC ref-proc, 0.0069877 secs] 2022-07-30T14:41:14.299-0700: 754245.803: [Unloading, 0.0278630 secs], 0.0411450 secs]
 [Times: user=0.26 sys=0.00, real=0.04 secs] 
2022-07-30T14:41:14.332-0700: 754245.837: [GC cleanup 3803M->3803M(14336M), 0.0085569 secs]
 [Times: user=0.06 sys=0.00, real=0.01 secs] 
2022-07-30T14:43:06.423-0700: 754357.928: [GC pause (G1 Evacuation Pause) (young), 0.0118449 secs]
   [Parallel Time: 6.2 ms, GC Workers: 8]
      [GC Worker Start (ms): Min: 754357928.1, Avg: 754357928.2, Max: 754357928.3, Diff: 0.2]
      [Ext Root Scanning (ms): Min: 0.8, Avg: 1.6, Max: 5.8, Diff: 4.9, Sum: 13.0]
      [Update RS (ms): Min: 0.0, Avg: 1.4, Max: 2.1, Diff: 2.1, Sum: 11.5]
         [Processed Buffers: Min: 0, Avg: 6.1, Max: 11, Diff: 11, Sum: 49]
      [Scan RS (ms): Min: 0.0, Avg: 0.1, Max: 0.1, Diff: 0.1, Sum: 0.4]
      [Code Root Scanning (ms): Min: 0.0, Avg: 0.0, Max: 0.0, Diff: 0.0, Sum: 0.0]
      [Object Copy (ms): Min: 0.0, Avg: 1.8, Max: 2.3, Diff: 2.3, Sum: 14.8]
      [Termination (ms): Min: 0.0, Avg: 0.8, Max: 0.9, Diff: 0.9, Sum: 6.3]
         [Termination Attempts: Min: 1, Avg: 1.0, Max: 1, Diff: 0, Sum: 8]
      [GC Worker Other (ms): Min: 0.0, Avg: 0.0, Max: 0.0, Diff: 0.0, Sum: 0.1]
      [GC Worker Total (ms): Min: 5.7, Avg: 5.8, Max: 5.9, Diff: 0.2, Sum: 46.1]
      [GC Worker End (ms): Min: 754357933.9, Avg: 754357933.9, Max: 754357934.0, Diff: 0.0]
   [Code Root Fixup: 0.0 ms]
   [Code Root Purge: 0.0 ms]
   [Clear CT: 0.6 ms]
   [Other: 5.0 ms]
      [Choose CSet: 0.0 ms]
      [Ref Proc: 4.3 ms]
      [Ref Enq: 0.1 ms]
      [Redirty Cards: 0.1 ms]
      [Humongous Register: 0.1 ms]
      [Humongous Reclaim: 0.0 ms]
      [Free CSet: 0.3 ms]
   [Eden: 7152.0M(7152.0M)->0.0B(7152.0M) Survivors: 16384.0K->16384.0K Heap: 10779.6M(14336.0M)->3632.3M(14336.0M)]
 [Times: user=0.06 sys=0.00, real=0.01 secs] 
2022-07-30T14:45:02.077-0700: 754473.582: [GC pause (G1 Evacuation Pause) (young), 0.0110986 secs]
   [Parallel Time: 5.9 ms, GC Workers: 8]
      [GC Worker Start (ms): Min: 754473582.0, Avg: 754473582.1, Max: 754473582.1, Diff: 0.2]
      [Ext Root Scanning (ms): Min: 0.9, Avg: 1.7, Max: 5.3, Diff: 4.4, Sum: 13.3]
      [Update RS (ms): Min: 0.0, Avg: 1.8, Max: 4.3, Diff: 4.3, Sum: 14.3]
         [Processed Buffers: Min: 0, Avg: 5.5, Max: 10, Diff: 10, Sum: 44]
      [Scan RS (ms): Min: 0.0, Avg: 0.0, Max: 0.2, Diff: 0.2, Sum: 0.4]
      [Code Root Scanning (ms): Min: 0.0, Avg: 0.0, Max: 0.0, Diff: 0.0, Sum: 0.0]
      [Object Copy (ms): Min: 0.0, Avg: 1.6, Max: 2.2, Diff: 2.2, Sum: 12.7]
      [Termination (ms): Min: 0.0, Avg: 0.5, Max: 0.6, Diff: 0.6, Sum: 3.7]
         [Termination Attempts: Min: 1, Avg: 18.6, Max: 34, Diff: 33, Sum: 149]
      [GC Worker Other (ms): Min: 0.0, Avg: 0.0, Max: 0.0, Diff: 0.0, Sum: 0.2]
      [GC Worker Total (ms): Min: 5.5, Avg: 5.6, Max: 5.7, Diff: 0.2, Sum: 44.5]
      [GC Worker End (ms): Min: 754473587.6, Avg: 754473587.6, Max: 754473587.7, Diff: 0.0]
   [Code Root Fixup: 0.0 ms]
   [Code Root Purge: 0.0 ms]
   [Clear CT: 0.7 ms]
   [Other: 4.5 ms]
      [Choose CSet: 0.0 ms]
      [Ref Proc: 3.8 ms]
      [Ref Enq: 0.1 ms]
      [Redirty Cards: 0.1 ms]
      [Humongous Register: 0.1 ms]
      [Humongous Reclaim: 0.0 ms]
      [Free CSet: 0.3 ms]
   [Eden: 7152.0M(7152.0M)->0.0B(7152.0M) Survivors: 16384.0K->16384.0K Heap: 10784.3M(14336.0M)->3630.5M(14336.0M)]
 [Times: user=0.06 sys=0.00, real=0.01 secs] 
2022-07-30T14:47:00.820-0700: 754592.325: [GC pause (G1 Evacuation Pause) (young) (initial-mark), 0.0161111 secs]
   [Parallel Time: 11.9 ms, GC Workers: 8]
      [GC Worker Start (ms): Min: 754592327.0, Avg: 754592327.1, Max: 754592327.2, Diff: 0.2]
      [Ext Root Scanning (ms): Min: 5.4, Avg: 5.8, Max: 6.2, Diff: 0.8, Sum: 46.3]
      [Update RS (ms): Min: 1.8, Avg: 2.0, Max: 2.5, Diff: 0.7, Sum: 15.7]
         [Processed Buffers: Min: 3, Avg: 6.0, Max: 15, Diff: 12, Sum: 48]
      [Scan RS (ms): Min: 0.0, Avg: 0.1, Max: 0.1, Diff: 0.1, Sum: 0.5]
      [Code Root Scanning (ms): Min: 0.0, Avg: 0.0, Max: 0.0, Diff: 0.0, Sum: 0.0]
      [Object Copy (ms): Min: 0.8, Avg: 1.7, Max: 2.2, Diff: 1.4, Sum: 13.8]
      [Termination (ms): Min: 0.0, Avg: 0.0, Max: 0.0, Diff: 0.0, Sum: 0.0]
         [Termination Attempts: Min: 1, Avg: 1.1, Max: 2, Diff: 1, Sum: 9]
      [GC Worker Other (ms): Min: 0.0, Avg: 0.1, Max: 0.1, Diff: 0.1, Sum: 0.4]
      [GC Worker Total (ms): Min: 9.5, Avg: 9.6, Max: 9.7, Diff: 0.2, Sum: 76.7]
      [GC Worker End (ms): Min: 754592336.7, Avg: 754592336.7, Max: 754592336.8, Diff: 0.1]
   [Code Root Fixup: 0.0 ms]
   [Code Root Purge: 0.0 ms]
   [Clear CT: 0.7 ms]
   [Other: 3.5 ms]
      [Choose CSet: 0.0 ms]
      [Ref Proc: 2.8 ms]
      [Ref Enq: 0.1 ms]
      [Redirty Cards: 0.1 ms]
      [Humongous Register: 0.0 ms]
      [Humongous Reclaim: 0.0 ms]
      [Free CSet: 0.3 ms]
   [Eden: 7152.0M(7152.0M)->0.0B(7152.0M) Survivors: 16384.0K->16384.0K Heap: 10782.5M(14336.0M)->3632.0M(14336.0M)]
 [Times: user=0.08 sys=0.00, real=0.02 secs] 
2022-07-30T14:47:00.836-0700: 754592.341: [GC concurrent-root-region-scan-start]
2022-07-30T14:47:00.848-0700: 754592.353: [GC concurrent-root-region-scan-end, 0.0114246 secs]
2022-07-30T14:47:00.848-0700: 754592.353: [GC concurrent-mark-start]
2022-07-30T14:47:03.567-0700: 754595.072: [GC concurrent-mark-end, 2.7193775 secs]
2022-07-30T14:47:03.568-0700: 754595.072: [GC remark 2022-07-30T14:47:03.568-0700: 754595.072: [Finalize Marking, 0.0002566 secs] 2022-07-30T14:47:03.568-0700: 754595.073: [GC ref-proc, 0.0069720 secs] 2022-07-30T14:47:03.575-0700: 754595.080: [Unloading, 0.0272694 secs], 0.0404366 secs]
 [Times: user=0.26 sys=0.00, real=0.04 secs] 
2022-07-30T14:47:03.608-0700: 754595.113: [GC cleanup 3852M->3852M(14336M), 0.0094822 secs]
 [Times: user=0.07 sys=0.00, real=0.01 secs] 
2022-07-30T14:48:54.673-0700: 754706.177: [GC pause (G1 Evacuation Pause) (young), 0.0093650 secs]
   [Parallel Time: 5.5 ms, GC Workers: 8]
      [GC Worker Start (ms): Min: 754706177.5, Avg: 754706177.5, Max: 754706177.6, Diff: 0.2]
      [Ext Root Scanning (ms): Min: 0.9, Avg: 1.6, Max: 5.3, Diff: 4.3, Sum: 13.1]
      [Update RS (ms): Min: 0.0, Avg: 1.2, Max: 1.9, Diff: 1.9, Sum: 10.0]
         [Processed Buffers: Min: 0, Avg: 5.2, Max: 11, Diff: 11, Sum: 42]
      [Scan RS (ms): Min: 0.0, Avg: 0.0, Max: 0.1, Diff: 0.1, Sum: 0.4]
      [Code Root Scanning (ms): Min: 0.0, Avg: 0.0, Max: 0.0, Diff: 0.0, Sum: 0.0]
      [Object Copy (ms): Min: 0.0, Avg: 1.7, Max: 2.1, Diff: 2.1, Sum: 13.8]
      [Termination (ms): Min: 0.0, Avg: 0.6, Max: 0.7, Diff: 0.7, Sum: 4.5]
         [Termination Attempts: Min: 1, Avg: 5.9, Max: 9, Diff: 8, Sum: 47]
      [GC Worker Other (ms): Min: 0.0, Avg: 0.0, Max: 0.1, Diff: 0.1, Sum: 0.3]
      [GC Worker Total (ms): Min: 5.2, Avg: 5.3, Max: 5.3, Diff: 0.1, Sum: 42.1]
      [GC Worker End (ms): Min: 754706182.8, Avg: 754706182.8, Max: 754706182.9, Diff: 0.1]
   [Code Root Fixup: 0.0 ms]
   [Code Root Purge: 0.0 ms]
   [Clear CT: 0.6 ms]
   [Other: 3.2 ms]
      [Choose CSet: 0.0 ms]
      [Ref Proc: 2.3 ms]
      [Ref Enq: 0.2 ms]
      [Redirty Cards: 0.1 ms]
      [Humongous Register: 0.0 ms]
      [Humongous Reclaim: 0.0 ms]
      [Free CSet: 0.3 ms]
   [Eden: 7152.0M(7152.0M)->0.0B(5712.0M) Survivors: 16384.0K->16384.0K Heap: 10784.0M(14336.0M)->3635.6M(14336.0M)]
 [Times: user=0.05 sys=0.00, real=0.01 secs] 
2022-07-30T14:50:25.034-0700: 754796.539: [GC pause (G1 Evacuation Pause) (mixed), 0.0104091 secs]
   [Parallel Time: 7.1 ms, GC Workers: 8]
      [GC Worker Start (ms): Min: 754796539.4, Avg: 754796539.5, Max: 754796539.5, Diff: 0.1]
      [Ext Root Scanning (ms): Min: 0.9, Avg: 1.8, Max: 6.7, Diff: 5.8, Sum: 14.7]
      [Update RS (ms): Min: 0.0, Avg: 1.3, Max: 1.7, Diff: 1.7, Sum: 10.2]
         [Processed Buffers: Min: 0, Avg: 5.1, Max: 11, Diff: 11, Sum: 41]
      [Scan RS (ms): Min: 0.0, Avg: 0.5, Max: 0.7, Diff: 0.7, Sum: 3.6]
      [Code Root Scanning (ms): Min: 0.0, Avg: 0.0, Max: 0.1, Diff: 0.1, Sum: 0.1]
      [Object Copy (ms): Min: 0.1, Avg: 3.2, Max: 3.8, Diff: 3.7, Sum: 25.9]
      [Termination (ms): Min: 0.0, Avg: 0.0, Max: 0.0, Diff: 0.0, Sum: 0.0]
         [Termination Attempts: Min: 1, Avg: 4.0, Max: 6, Diff: 5, Sum: 32]
      [GC Worker Other (ms): Min: 0.0, Avg: 0.1, Max: 0.1, Diff: 0.1, Sum: 0.5]
      [GC Worker Total (ms): Min: 6.8, Avg: 6.9, Max: 7.0, Diff: 0.2, Sum: 54.9]
      [GC Worker End (ms): Min: 754796546.3, Avg: 754796546.3, Max: 754796546.4, Diff: 0.1]
   [Code Root Fixup: 0.0 ms]
   [Code Root Purge: 0.0 ms]
   [Clear CT: 0.6 ms]
   [Other: 2.7 ms]
      [Choose CSet: 0.0 ms]
      [Ref Proc: 2.0 ms]
      [Ref Enq: 0.1 ms]
      [Redirty Cards: 0.1 ms]
      [Humongous Register: 0.1 ms]
      [Humongous Reclaim: 0.0 ms]
      [Free CSet: 0.2 ms]
   [Eden: 5712.0M(5712.0M)->0.0B(7152.0M) Survivors: 16384.0K->16384.0K Heap: 9347.6M(14336.0M)->3622.0M(14336.0M)]
 [Times: user=0.06 sys=0.01, real=0.02 secs] 
2022-07-30T14:52:17.522-0700: 754909.027: [GC pause (GCLocker Initiated GC) (young), 0.0115592 secs]
   [Parallel Time: 7.1 ms, GC Workers: 8]
      [GC Worker Start (ms): Min: 754909027.0, Avg: 754909027.1, Max: 754909027.1, Diff: 0.2]
      [Ext Root Scanning (ms): Min: 0.9, Avg: 1.6, Max: 5.5, Diff: 4.6, Sum: 13.0]
      [Update RS (ms): Min: 0.0, Avg: 2.5, Max: 3.6, Diff: 3.6, Sum: 20.4]
         [Processed Buffers: Min: 0, Avg: 10.1, Max: 15, Diff: 15, Sum: 81]
      [Scan RS (ms): Min: 0.0, Avg: 0.0, Max: 0.1, Diff: 0.1, Sum: 0.4]
      [Code Root Scanning (ms): Min: 0.0, Avg: 0.0, Max: 0.0, Diff: 0.0, Sum: 0.0]
      [Object Copy (ms): Min: 1.3, Avg: 2.4, Max: 2.8, Diff: 1.5, Sum: 19.5]
      [Termination (ms): Min: 0.0, Avg: 0.0, Max: 0.0, Diff: 0.0, Sum: 0.0]
         [Termination Attempts: Min: 1, Avg: 1.0, Max: 1, Diff: 0, Sum: 8]
      [GC Worker Other (ms): Min: 0.0, Avg: 0.1, Max: 0.2, Diff: 0.2, Sum: 0.9]
      [GC Worker Total (ms): Min: 6.6, Avg: 6.8, Max: 6.9, Diff: 0.3, Sum: 54.1]
      [GC Worker End (ms): Min: 754909033.7, Avg: 754909033.8, Max: 754909033.9, Diff: 0.2]
   [Code Root Fixup: 0.0 ms]
   [Code Root Purge: 0.0 ms]
   [Clear CT: 0.8 ms]
   [Other: 3.6 ms]
      [Choose CSet: 0.0 ms]
      [Ref Proc: 3.0 ms]
      [Ref Enq: 0.1 ms]
      [Redirty Cards: 0.1 ms]
      [Humongous Register: 0.1 ms]
      [Humongous Reclaim: 0.0 ms]
      [Free CSet: 0.3 ms]
   [Eden: 7168.0M(7152.0M)->0.0B(7152.0M) Survivors: 16384.0K->16384.0K Heap: 10774.0M(14336.0M)->3631.9M(14336.0M)]
 [Times: user=0.07 sys=0.00, real=0.01 secs] 
2022-07-30T14:54:10.067-0700: 755021.571: [GC pause (G1 Evacuation Pause) (young) (initial-mark), 0.0169934 secs]
   [Parallel Time: 13.1 ms, GC Workers: 8]
      [GC Worker Start (ms): Min: 755021573.7, Avg: 755021573.8, Max: 755021573.8, Diff: 0.2]
      [Ext Root Scanning (ms): Min: 5.3, Avg: 6.2, Max: 9.7, Diff: 4.4, Sum: 49.5]
      [Update RS (ms): Min: 0.0, Avg: 1.6, Max: 2.4, Diff: 2.4, Sum: 12.6]
         [Processed Buffers: Min: 0, Avg: 5.6, Max: 9, Diff: 9, Sum: 45]
      [Scan RS (ms): Min: 0.0, Avg: 0.1, Max: 0.1, Diff: 0.1, Sum: 0.4]
      [Code Root Scanning (ms): Min: 0.0, Avg: 0.0, Max: 0.0, Diff: 0.0, Sum: 0.0]
      [Object Copy (ms): Min: 0.6, Avg: 2.6, Max: 3.1, Diff: 2.6, Sum: 20.5]
      [Termination (ms): Min: 0.0, Avg: 0.1, Max: 0.1, Diff: 0.1, Sum: 0.6]
         [Termination Attempts: Min: 1, Avg: 1.0, Max: 1, Diff: 0, Sum: 8]
      [GC Worker Other (ms): Min: 0.0, Avg: 0.0, Max: 0.0, Diff: 0.0, Sum: 0.2]
      [GC Worker Total (ms): Min: 10.4, Avg: 10.5, Max: 10.6, Diff: 0.2, Sum: 83.9]
      [GC Worker End (ms): Min: 755021584.2, Avg: 755021584.3, Max: 755021584.3, Diff: 0.0]
   [Code Root Fixup: 0.0 ms]
   [Code Root Purge: 0.0 ms]
   [Clear CT: 0.6 ms]
   [Other: 3.3 ms]
      [Choose CSet: 0.0 ms]
      [Ref Proc: 2.6 ms]
      [Ref Enq: 0.1 ms]
      [Redirty Cards: 0.1 ms]
      [Humongous Register: 0.0 ms]
      [Humongous Reclaim: 0.0 ms]
      [Free CSet: 0.3 ms]
   [Eden: 7152.0M(7152.0M)->0.0B(7152.0M) Survivors: 16384.0K->16384.0K Heap: 10783.9M(14336.0M)->3634.6M(14336.0M)]
 [Times: user=0.08 sys=0.00, real=0.02 secs] 
2022-07-30T14:54:10.084-0700: 755021.589: [GC concurrent-root-region-scan-start]
2022-07-30T14:54:10.093-0700: 755021.598: [GC concurrent-root-region-scan-end, 0.0096131 secs]
2022-07-30T14:54:10.093-0700: 755021.598: [GC concurrent-mark-start]
2022-07-30T14:54:13.181-0700: 755024.685: [GC concurrent-mark-end, 3.0870674 secs]
2022-07-30T14:54:13.181-0700: 755024.685: [GC remark 2022-07-30T14:54:13.181-0700: 755024.686: [Finalize Marking, 0.0002840 secs] 2022-07-30T14:54:13.181-0700: 755024.686: [GC ref-proc, 0.0068204 secs] 2022-07-30T14:54:13.188-0700: 755024.693: [Unloading, 0.0283367 secs], 0.0412014 secs]
 [Times: user=0.25 sys=0.01, real=0.04 secs] 
2022-07-30T14:54:13.222-0700: 755024.727: [GC cleanup 3890M->3890M(14336M), 0.0085044 secs]
 [Times: user=0.05 sys=0.01, real=0.01 secs] 
2022-07-30T14:56:04.771-0700: 755136.276: [GC pause (GCLocker Initiated GC) (young), 0.0104553 secs]
   [Parallel Time: 6.1 ms, GC Workers: 8]
      [GC Worker Start (ms): Min: 755136275.7, Avg: 755136275.8, Max: 755136275.9, Diff: 0.1]
      [Ext Root Scanning (ms): Min: 0.9, Avg: 1.6, Max: 5.2, Diff: 4.3, Sum: 12.6]
      [Update RS (ms): Min: 0.0, Avg: 1.7, Max: 2.6, Diff: 2.6, Sum: 13.6]
         [Processed Buffers: Min: 0, Avg: 8.9, Max: 14, Diff: 14, Sum: 71]
      [Scan RS (ms): Min: 0.0, Avg: 0.1, Max: 0.2, Diff: 0.2, Sum: 0.5]
      [Code Root Scanning (ms): Min: 0.0, Avg: 0.0, Max: 0.0, Diff: 0.0, Sum: 0.0]
      [Object Copy (ms): Min: 0.6, Avg: 2.4, Max: 5.0, Diff: 4.4, Sum: 19.6]
      [Termination (ms): Min: 0.0, Avg: 0.2, Max: 0.2, Diff: 0.2, Sum: 1.3]
         [Termination Attempts: Min: 1, Avg: 25.5, Max: 39, Diff: 38, Sum: 204]
      [GC Worker Other (ms): Min: 0.0, Avg: 0.0, Max: 0.0, Diff: 0.0, Sum: 0.2]
      [GC Worker Total (ms): Min: 5.9, Avg: 6.0, Max: 6.0, Diff: 0.1, Sum: 47.7]
      [GC Worker End (ms): Min: 755136281.7, Avg: 755136281.8, Max: 755136281.8, Diff: 0.1]
   [Code Root Fixup: 0.0 ms]
   [Code Root Purge: 0.0 ms]
   [Clear CT: 0.7 ms]
   [Other: 3.7 ms]
      [Choose CSet: 0.0 ms]
      [Ref Proc: 3.0 ms]
      [Ref Enq: 0.1 ms]
      [Redirty Cards: 0.1 ms]
      [Humongous Register: 0.1 ms]
      [Humongous Reclaim: 0.0 ms]
      [Free CSet: 0.3 ms]
   [Eden: 7152.0M(7152.0M)->0.0B(5712.0M) Survivors: 16384.0K->16384.0K Heap: 10786.6M(14336.0M)->3635.3M(14336.0M)]
 [Times: user=0.05 sys=0.01, real=0.01 secs] 
2022-07-30T14:57:36.525-0700: 755228.029: [GC pause (G1 Evacuation Pause) (mixed), 0.0123802 secs]
   [Parallel Time: 8.1 ms, GC Workers: 8]
      [GC Worker Start (ms): Min: 755228029.6, Avg: 755228029.7, Max: 755228029.8, Diff: 0.1]
      [Ext Root Scanning (ms): Min: 0.9, Avg: 1.8, Max: 6.8, Diff: 5.8, Sum: 14.6]
      [Update RS (ms): Min: 0.0, Avg: 1.3, Max: 2.0, Diff: 2.0, Sum: 10.3]
         [Processed Buffers: Min: 0, Avg: 5.6, Max: 11, Diff: 11, Sum: 45]
      [Scan RS (ms): Min: 0.0, Avg: 0.6, Max: 0.9, Diff: 0.9, Sum: 4.7]
      [Code Root Scanning (ms): Min: 0.0, Avg: 0.0, Max: 0.1, Diff: 0.1, Sum: 0.1]
      [Object Copy (ms): Min: 1.1, Avg: 4.1, Max: 4.6, Diff: 3.5, Sum: 33.1]
      [Termination (ms): Min: 0.0, Avg: 0.0, Max: 0.1, Diff: 0.1, Sum: 0.3]
         [Termination Attempts: Min: 32, Avg: 39.4, Max: 52, Diff: 20, Sum: 315]
      [GC Worker Other (ms): Min: 0.0, Avg: 0.0, Max: 0.1, Diff: 0.1, Sum: 0.4]
      [GC Worker Total (ms): Min: 7.9, Avg: 7.9, Max: 8.0, Diff: 0.1, Sum: 63.4]
      [GC Worker End (ms): Min: 755228037.6, Avg: 755228037.6, Max: 755228037.6, Diff: 0.1]
   [Code Root Fixup: 0.0 ms]
   [Code Root Purge: 0.0 ms]
   [Clear CT: 0.7 ms]
   [Other: 3.5 ms]
      [Choose CSet: 0.0 ms]
      [Ref Proc: 2.9 ms]
      [Ref Enq: 0.1 ms]
      [Redirty Cards: 0.1 ms]
      [Humongous Register: 0.1 ms]
      [Humongous Reclaim: 0.0 ms]
      [Free CSet: 0.3 ms]
   [Eden: 5712.0M(5712.0M)->0.0B(7152.0M) Survivors: 16384.0K->16384.0K Heap: 9347.3M(14336.0M)->3630.7M(14336.0M)]
 [Times: user=0.07 sys=0.00, real=0.01 secs] 
2022-07-30T14:59:29.515-0700: 755341.020: [GC pause (G1 Evacuation Pause) (young), 0.0127149 secs]
   [Parallel Time: 7.6 ms, GC Workers: 8]
      [GC Worker Start (ms): Min: 755341020.4, Avg: 755341020.4, Max: 755341020.5, Diff: 0.2]
      [Ext Root Scanning (ms): Min: 1.2, Avg: 1.9, Max: 5.9, Diff: 4.7, Sum: 15.5]
      [Update RS (ms): Min: 0.0, Avg: 3.5, Max: 4.6, Diff: 4.6, Sum: 28.4]
         [Processed Buffers: Min: 0, Avg: 13.2, Max: 19, Diff: 19, Sum: 106]
      [Scan RS (ms): Min: 0.0, Avg: 0.0, Max: 0.1, Diff: 0.1, Sum: 0.4]
      [Code Root Scanning (ms): Min: 0.0, Avg: 0.0, Max: 0.0, Diff: 0.0, Sum: 0.0]
      [Object Copy (ms): Min: 1.6, Avg: 1.9, Max: 2.1, Diff: 0.5, Sum: 14.9]
      [Termination (ms): Min: 0.0, Avg: 0.0, Max: 0.0, Diff: 0.0, Sum: 0.1]
         [Termination Attempts: Min: 2, Avg: 4.2, Max: 7, Diff: 5, Sum: 34]
      [GC Worker Other (ms): Min: 0.0, Avg: 0.0, Max: 0.1, Diff: 0.1, Sum: 0.3]
      [GC Worker Total (ms): Min: 7.3, Avg: 7.4, Max: 7.5, Diff: 0.2, Sum: 59.5]
      [GC Worker End (ms): Min: 755341027.9, Avg: 755341027.9, Max: 755341027.9, Diff: 0.1]
   [Code Root Fixup: 0.0 ms]
   [Code Root Purge: 0.0 ms]
   [Clear CT: 0.7 ms]
   [Other: 4.3 ms]
      [Choose CSet: 0.0 ms]
      [Ref Proc: 3.7 ms]
      [Ref Enq: 0.1 ms]
      [Redirty Cards: 0.1 ms]
      [Humongous Register: 0.0 ms]
      [Humongous Reclaim: 0.0 ms]
      [Free CSet: 0.3 ms]
   [Eden: 7152.0M(7152.0M)->0.0B(7152.0M) Survivors: 16384.0K->16384.0K Heap: 10782.7M(14336.0M)->3636.0M(14336.0M)]
 [Times: user=0.08 sys=0.00, real=0.01 secs] 
2022-07-30T15:01:25.462-0700: 755456.967: [GC pause (G1 Evacuation Pause) (young) (initial-mark), 0.0175348 secs]
   [Parallel Time: 12.2 ms, GC Workers: 8]
      [GC Worker Start (ms): Min: 755456969.1, Avg: 755456969.1, Max: 755456969.2, Diff: 0.1]
      [Ext Root Scanning (ms): Min: 5.8, Avg: 6.1, Max: 6.4, Diff: 0.6, Sum: 48.9]
      [Update RS (ms): Min: 1.4, Avg: 1.6, Max: 2.1, Diff: 0.7, Sum: 13.0]
         [Processed Buffers: Min: 3, Avg: 5.1, Max: 11, Diff: 8, Sum: 41]
      [Scan RS (ms): Min: 0.0, Avg: 0.1, Max: 0.1, Diff: 0.1, Sum: 0.4]
      [Code Root Scanning (ms): Min: 0.0, Avg: 0.0, Max: 0.0, Diff: 0.0, Sum: 0.0]
      [Object Copy (ms): Min: 1.7, Avg: 2.1, Max: 2.5, Diff: 0.7, Sum: 17.1]
      [Termination (ms): Min: 0.0, Avg: 0.0, Max: 0.0, Diff: 0.0, Sum: 0.0]
         [Termination Attempts: Min: 3, Avg: 6.6, Max: 10, Diff: 7, Sum: 53]
      [GC Worker Other (ms): Min: 0.0, Avg: 0.1, Max: 0.1, Diff: 0.1, Sum: 0.5]
      [GC Worker Total (ms): Min: 9.9, Avg: 10.0, Max: 10.1, Diff: 0.2, Sum: 80.0]
      [GC Worker End (ms): Min: 755456979.1, Avg: 755456979.1, Max: 755456979.2, Diff: 0.1]
   [Code Root Fixup: 0.0 ms]
   [Code Root Purge: 0.0 ms]
   [Clear CT: 0.8 ms]
   [Other: 4.6 ms]
      [Choose CSet: 0.0 ms]
      [Ref Proc: 3.8 ms]
      [Ref Enq: 0.1 ms]
      [Redirty Cards: 0.1 ms]
      [Humongous Register: 0.0 ms]
      [Humongous Reclaim: 0.0 ms]
      [Free CSet: 0.3 ms]
   [Eden: 7152.0M(7152.0M)->0.0B(7152.0M) Survivors: 16384.0K->16384.0K Heap: 10788.0M(14336.0M)->3635.8M(14336.0M)]
 [Times: user=0.09 sys=0.00, real=0.02 secs] 
2022-07-30T15:01:25.480-0700: 755456.985: [GC concurrent-root-region-scan-start]
2022-07-30T15:01:25.488-0700: 755456.993: [GC concurrent-root-region-scan-end, 0.0086785 secs]
2022-07-30T15:01:25.488-0700: 755456.993: [GC concurrent-mark-start]
2022-07-30T15:01:28.241-0700: 755459.746: [GC concurrent-mark-end, 2.7528970 secs]
2022-07-30T15:01:28.242-0700: 755459.747: [GC remark 2022-07-30T15:01:28.242-0700: 755459.747: [Finalize Marking, 0.0002931 secs] 2022-07-30T15:01:28.242-0700: 755459.747: [GC ref-proc, 0.0113848 secs] 2022-07-30T15:01:28.254-0700: 755459.758: [Unloading, 0.0279779 secs], 0.0454962 secs]
 [Times: user=0.26 sys=0.00, real=0.05 secs] 
2022-07-30T15:01:28.288-0700: 755459.792: [GC cleanup 3875M->3875M(14336M), 0.0087578 secs]
 [Times: user=0.07 sys=0.00, real=0.01 secs] 
2022-07-30T15:03:20.531-0700: 755572.035: [GC pause (G1 Evacuation Pause) (young), 0.0110334 secs]
   [Parallel Time: 6.2 ms, GC Workers: 8]
      [GC Worker Start (ms): Min: 755572035.6, Avg: 755572035.7, Max: 755572035.8, Diff: 0.2]
      [Ext Root Scanning (ms): Min: 0.9, Avg: 1.7, Max: 5.7, Diff: 4.8, Sum: 13.4]
      [Update RS (ms): Min: 0.0, Avg: 1.5, Max: 2.2, Diff: 2.2, Sum: 11.8]
         [Processed Buffers: Min: 0, Avg: 6.5, Max: 15, Diff: 15, Sum: 52]
      [Scan RS (ms): Min: 0.0, Avg: 0.0, Max: 0.1, Diff: 0.1, Sum: 0.4]
      [Code Root Scanning (ms): Min: 0.0, Avg: 0.0, Max: 0.0, Diff: 0.0, Sum: 0.0]
      [Object Copy (ms): Min: 0.0, Avg: 1.9, Max: 2.3, Diff: 2.3, Sum: 14.9]
      [Termination (ms): Min: 0.0, Avg: 0.6, Max: 0.7, Diff: 0.7, Sum: 4.7]
         [Termination Attempts: Min: 1, Avg: 14.5, Max: 21, Diff: 20, Sum: 116]
      [GC Worker Other (ms): Min: 0.0, Avg: 0.0, Max: 0.0, Diff: 0.0, Sum: 0.2]
      [GC Worker Total (ms): Min: 5.6, Avg: 5.7, Max: 5.7, Diff: 0.1, Sum: 45.3]
      [GC Worker End (ms): Min: 755572041.3, Avg: 755572041.3, Max: 755572041.4, Diff: 0.0]
   [Code Root Fixup: 0.0 ms]
   [Code Root Purge: 0.0 ms]
   [Clear CT: 0.7 ms]
   [Other: 4.2 ms]
      [Choose CSet: 0.0 ms]
      [Ref Proc: 3.4 ms]
      [Ref Enq: 0.1 ms]
      [Redirty Cards: 0.1 ms]
      [Humongous Register: 0.1 ms]
      [Humongous Reclaim: 0.0 ms]
      [Free CSet: 0.3 ms]
   [Eden: 7152.0M(7152.0M)->0.0B(5712.0M) Survivors: 16384.0K->16384.0K Heap: 10787.8M(14336.0M)->3640.7M(14336.0M)]
 [Times: user=0.06 sys=0.01, real=0.01 secs] 
2022-07-30T15:04:54.971-0700: 755666.476: [GC pause (G1 Evacuation Pause) (mixed), 0.0100375 secs]
   [Parallel Time: 7.2 ms, GC Workers: 8]
      [GC Worker Start (ms): Min: 755666476.0, Avg: 755666476.1, Max: 755666476.2, Diff: 0.2]
      [Ext Root Scanning (ms): Min: 1.1, Avg: 2.0, Max: 6.8, Diff: 5.7, Sum: 16.2]
      [Update RS (ms): Min: 0.0, Avg: 1.2, Max: 2.0, Diff: 2.0, Sum: 9.7]
         [Processed Buffers: Min: 0, Avg: 5.5, Max: 9, Diff: 9, Sum: 44]
      [Scan RS (ms): Min: 0.0, Avg: 0.4, Max: 0.6, Diff: 0.6, Sum: 3.3]
      [Code Root Scanning (ms): Min: 0.0, Avg: 0.0, Max: 0.1, Diff: 0.1, Sum: 0.1]
      [Object Copy (ms): Min: 0.2, Avg: 3.2, Max: 3.8, Diff: 3.6, Sum: 25.9]
      [Termination (ms): Min: 0.0, Avg: 0.0, Max: 0.0, Diff: 0.0, Sum: 0.0]
         [Termination Attempts: Min: 6, Avg: 8.9, Max: 15, Diff: 9, Sum: 71]
      [GC Worker Other (ms): Min: 0.0, Avg: 0.0, Max: 0.1, Diff: 0.1, Sum: 0.4]
      [GC Worker Total (ms): Min: 6.9, Avg: 7.0, Max: 7.1, Diff: 0.2, Sum: 55.6]
      [GC Worker End (ms): Min: 755666483.0, Avg: 755666483.1, Max: 755666483.1, Diff: 0.1]
   [Code Root Fixup: 0.0 ms]
   [Code Root Purge: 0.0 ms]
   [Clear CT: 0.6 ms]
   [Other: 2.2 ms]
      [Choose CSet: 0.0 ms]
      [Ref Proc: 1.5 ms]
      [Ref Enq: 0.1 ms]
      [Redirty Cards: 0.1 ms]
      [Humongous Register: 0.1 ms]
      [Humongous Reclaim: 0.0 ms]
      [Free CSet: 0.2 ms]
   [Eden: 5712.0M(5712.0M)->0.0B(7152.0M) Survivors: 16384.0K->16384.0K Heap: 9352.7M(14336.0M)->3627.0M(14336.0M)]
 [Times: user=0.06 sys=0.00, real=0.01 secs] 
2022-07-30T15:06:51.268-0700: 755782.772: [GC pause (G1 Evacuation Pause) (young), 0.0120632 secs]
   [Parallel Time: 7.2 ms, GC Workers: 8]
      [GC Worker Start (ms): Min: 755782772.5, Avg: 755782772.6, Max: 755782772.7, Diff: 0.1]
      [Ext Root Scanning (ms): Min: 1.2, Avg: 2.0, Max: 5.6, Diff: 4.4, Sum: 15.8]
      [Update RS (ms): Min: 0.0, Avg: 3.0, Max: 3.9, Diff: 3.9, Sum: 24.1]
         [Processed Buffers: Min: 0, Avg: 10.2, Max: 19, Diff: 19, Sum: 82]
      [Scan RS (ms): Min: 0.0, Avg: 0.0, Max: 0.1, Diff: 0.1, Sum: 0.4]
      [Code Root Scanning (ms): Min: 0.0, Avg: 0.0, Max: 0.0, Diff: 0.0, Sum: 0.0]
      [Object Copy (ms): Min: 1.2, Avg: 1.7, Max: 1.9, Diff: 0.7, Sum: 13.4]
      [Termination (ms): Min: 0.0, Avg: 0.0, Max: 0.0, Diff: 0.0, Sum: 0.0]
         [Termination Attempts: Min: 1, Avg: 4.6, Max: 8, Diff: 7, Sum: 37]
      [GC Worker Other (ms): Min: 0.0, Avg: 0.1, Max: 0.1, Diff: 0.1, Sum: 0.5]
      [GC Worker Total (ms): Min: 6.7, Avg: 6.8, Max: 6.9, Diff: 0.1, Sum: 54.1]
      [GC Worker End (ms): Min: 755782779.3, Avg: 755782779.4, Max: 755782779.4, Diff: 0.1]
   [Code Root Fixup: 0.0 ms]
   [Code Root Purge: 0.0 ms]
   [Clear CT: 0.7 ms]
   [Other: 4.2 ms]
      [Choose CSet: 0.0 ms]
      [Ref Proc: 3.5 ms]
      [Ref Enq: 0.1 ms]
      [Redirty Cards: 0.1 ms]
      [Humongous Register: 0.1 ms]
      [Humongous Reclaim: 0.0 ms]
      [Free CSet: 0.3 ms]
   [Eden: 7152.0M(7152.0M)->0.0B(7152.0M) Survivors: 16384.0K->16384.0K Heap: 10779.0M(14336.0M)->3632.2M(14336.0M)]
 [Times: user=0.07 sys=0.00, real=0.01 secs] 
2022-07-30T15:08:45.776-0700: 755897.281: [GC pause (G1 Evacuation Pause) (young) (initial-mark), 0.0169567 secs]
   [Parallel Time: 11.7 ms, GC Workers: 8]
      [GC Worker Start (ms): Min: 755897282.5, Avg: 755897282.6, Max: 755897282.7, Diff: 0.2]
      [Ext Root Scanning (ms): Min: 5.7, Avg: 5.9, Max: 6.2, Diff: 0.4, Sum: 47.3]
      [Update RS (ms): Min: 1.3, Avg: 1.5, Max: 1.9, Diff: 0.6, Sum: 12.2]
         [Processed Buffers: Min: 3, Avg: 5.5, Max: 10, Diff: 7, Sum: 44]
      [Scan RS (ms): Min: 0.0, Avg: 0.1, Max: 0.1, Diff: 0.1, Sum: 0.4]
      [Code Root Scanning (ms): Min: 0.0, Avg: 0.0, Max: 0.0, Diff: 0.0, Sum: 0.0]
      [Object Copy (ms): Min: 1.6, Avg: 2.2, Max: 2.4, Diff: 0.8, Sum: 17.4]
      [Termination (ms): Min: 0.0, Avg: 0.0, Max: 0.0, Diff: 0.0, Sum: 0.0]
         [Termination Attempts: Min: 1, Avg: 12.4, Max: 18, Diff: 17, Sum: 99]
      [GC Worker Other (ms): Min: 0.0, Avg: 0.0, Max: 0.1, Diff: 0.1, Sum: 0.4]
      [GC Worker Total (ms): Min: 9.6, Avg: 9.7, Max: 9.8, Diff: 0.2, Sum: 77.7]
      [GC Worker End (ms): Min: 755897292.3, Avg: 755897292.3, Max: 755897292.4, Diff: 0.1]
   [Code Root Fixup: 0.0 ms]
   [Code Root Purge: 0.0 ms]
   [Clear CT: 0.8 ms]
   [Other: 4.4 ms]
      [Choose CSet: 0.0 ms]
      [Ref Proc: 3.7 ms]
      [Ref Enq: 0.1 ms]
      [Redirty Cards: 0.1 ms]
      [Humongous Register: 0.0 ms]
      [Humongous Reclaim: 0.0 ms]
      [Free CSet: 0.3 ms]
   [Eden: 7152.0M(7152.0M)->0.0B(7152.0M) Survivors: 16384.0K->16384.0K Heap: 10784.2M(14336.0M)->3636.0M(14336.0M)]
 [Times: user=0.08 sys=0.00, real=0.01 secs] 
2022-07-30T15:08:45.793-0700: 755897.298: [GC concurrent-root-region-scan-start]
2022-07-30T15:08:45.802-0700: 755897.307: [GC concurrent-root-region-scan-end, 0.0094918 secs]
2022-07-30T15:08:45.802-0700: 755897.307: [GC concurrent-mark-start]
2022-07-30T15:08:48.507-0700: 755900.012: [GC concurrent-mark-end, 2.7044377 secs]
2022-07-30T15:08:48.507-0700: 755900.012: [GC remark 2022-07-30T15:08:48.507-0700: 755900.012: [Finalize Marking, 0.0002625 secs] 2022-07-30T15:08:48.507-0700: 755900.012: [GC ref-proc, 0.0073712 secs] 2022-07-30T15:08:48.515-0700: 755900.020: [Unloading, 0.0277711 secs], 0.0411548 secs]
 [Times: user=0.26 sys=0.00, real=0.04 secs] 
2022-07-30T15:08:48.549-0700: 755900.053: [GC cleanup 3819M->3819M(14336M), 0.0088247 secs]
 [Times: user=0.06 sys=0.00, real=0.01 secs] 
2022-07-30T15:10:42.045-0700: 756013.550: [GC pause (G1 Evacuation Pause) (young), 0.0100731 secs]
   [Parallel Time: 6.2 ms, GC Workers: 8]
      [GC Worker Start (ms): Min: 756013549.7, Avg: 756013549.8, Max: 756013549.8, Diff: 0.1]
      [Ext Root Scanning (ms): Min: 1.0, Avg: 1.9, Max: 6.0, Diff: 5.0, Sum: 14.9]
      [Update RS (ms): Min: 0.0, Avg: 1.6, Max: 2.3, Diff: 2.3, Sum: 12.8]
         [Processed Buffers: Min: 0, Avg: 5.6, Max: 14, Diff: 14, Sum: 45]
      [Scan RS (ms): Min: 0.0, Avg: 0.1, Max: 0.1, Diff: 0.1, Sum: 0.4]
      [Code Root Scanning (ms): Min: 0.0, Avg: 0.0, Max: 0.0, Diff: 0.0, Sum: 0.0]
      [Object Copy (ms): Min: 0.0, Avg: 2.2, Max: 2.6, Diff: 2.6, Sum: 17.5]
      [Termination (ms): Min: 0.0, Avg: 0.3, Max: 0.3, Diff: 0.3, Sum: 2.0]
         [Termination Attempts: Min: 1, Avg: 8.9, Max: 13, Diff: 12, Sum: 71]
      [GC Worker Other (ms): Min: 0.0, Avg: 0.0, Max: 0.1, Diff: 0.1, Sum: 0.2]
      [GC Worker Total (ms): Min: 5.9, Avg: 6.0, Max: 6.1, Diff: 0.1, Sum: 47.8]
      [GC Worker End (ms): Min: 756013555.7, Avg: 756013555.8, Max: 756013555.8, Diff: 0.1]
   [Code Root Fixup: 0.0 ms]
   [Code Root Purge: 0.0 ms]
   [Clear CT: 0.6 ms]
   [Other: 3.3 ms]
      [Choose CSet: 0.0 ms]
      [Ref Proc: 2.4 ms]
      [Ref Enq: 0.1 ms]
      [Redirty Cards: 0.1 ms]
      [Humongous Register: 0.1 ms]
      [Humongous Reclaim: 0.0 ms]
      [Free CSet: 0.4 ms]
   [Eden: 7152.0M(7152.0M)->0.0B(5712.0M) Survivors: 16384.0K->16384.0K Heap: 10788.0M(14336.0M)->3634.5M(14336.0M)]
 [Times: user=0.06 sys=0.00, real=0.01 secs] 
2022-07-30T15:12:13.026-0700: 756104.531: [GC pause (G1 Evacuation Pause) (mixed), 0.0110612 secs]
   [Parallel Time: 7.6 ms, GC Workers: 8]
      [GC Worker Start (ms): Min: 756104531.4, Avg: 756104531.5, Max: 756104531.6, Diff: 0.2]
      [Ext Root Scanning (ms): Min: 1.1, Avg: 2.1, Max: 6.7, Diff: 5.6, Sum: 16.8]
      [Update RS (ms): Min: 0.0, Avg: 1.4, Max: 2.3, Diff: 2.3, Sum: 11.4]
         [Processed Buffers: Min: 0, Avg: 5.9, Max: 11, Diff: 11, Sum: 47]
      [Scan RS (ms): Min: 0.0, Avg: 0.5, Max: 0.7, Diff: 0.7, Sum: 3.7]
      [Code Root Scanning (ms): Min: 0.0, Avg: 0.0, Max: 0.1, Diff: 0.1, Sum: 0.1]
      [Object Copy (ms): Min: 0.6, Avg: 3.3, Max: 3.8, Diff: 3.2, Sum: 26.4]
      [Termination (ms): Min: 0.0, Avg: 0.0, Max: 0.0, Diff: 0.0, Sum: 0.0]
         [Termination Attempts: Min: 1, Avg: 1.8, Max: 3, Diff: 2, Sum: 14]
      [GC Worker Other (ms): Min: 0.0, Avg: 0.1, Max: 0.1, Diff: 0.1, Sum: 0.5]
      [GC Worker Total (ms): Min: 7.2, Avg: 7.4, Max: 7.5, Diff: 0.3, Sum: 58.9]
      [GC Worker End (ms): Min: 756104538.8, Avg: 756104538.9, Max: 756104538.9, Diff: 0.1]
   [Code Root Fixup: 0.0 ms]
   [Code Root Purge: 0.0 ms]
   [Clear CT: 0.7 ms]
   [Other: 2.8 ms]
      [Choose CSet: 0.0 ms]
      [Ref Proc: 1.9 ms]
      [Ref Enq: 0.1 ms]
      [Redirty Cards: 0.2 ms]
      [Humongous Register: 0.1 ms]
      [Humongous Reclaim: 0.0 ms]
      [Free CSet: 0.3 ms]
   [Eden: 5712.0M(5712.0M)->0.0B(7152.0M) Survivors: 16384.0K->16384.0K Heap: 9346.5M(14336.0M)->3626.0M(14336.0M)]
 [Times: user=0.06 sys=0.01, real=0.01 secs] 
2022-07-30T15:14:07.194-0700: 756218.699: [GC pause (G1 Evacuation Pause) (young), 0.0115570 secs]
   [Parallel Time: 8.5 ms, GC Workers: 8]
      [GC Worker Start (ms): Min: 756218698.8, Avg: 756218698.9, Max: 756218699.0, Diff: 0.1]
      [Ext Root Scanning (ms): Min: 1.1, Avg: 2.0, Max: 6.2, Diff: 5.1, Sum: 15.6]
      [Update RS (ms): Min: 0.0, Avg: 4.1, Max: 4.8, Diff: 4.8, Sum: 32.7]
         [Processed Buffers: Min: 1, Avg: 10.5, Max: 16, Diff: 15, Sum: 84]
      [Scan RS (ms): Min: 0.0, Avg: 0.1, Max: 0.1, Diff: 0.1, Sum: 0.5]
      [Code Root Scanning (ms): Min: 0.0, Avg: 0.0, Max: 0.0, Diff: 0.0, Sum: 0.0]
      [Object Copy (ms): Min: 1.4, Avg: 2.2, Max: 2.4, Diff: 1.0, Sum: 17.2]
      [Termination (ms): Min: 0.0, Avg: 0.0, Max: 0.0, Diff: 0.0, Sum: 0.0]
         [Termination Attempts: Min: 1, Avg: 1.8, Max: 3, Diff: 2, Sum: 14]
      [GC Worker Other (ms): Min: 0.0, Avg: 0.1, Max: 0.1, Diff: 0.1, Sum: 0.5]
      [GC Worker Total (ms): Min: 8.2, Avg: 8.3, Max: 8.4, Diff: 0.2, Sum: 66.5]
      [GC Worker End (ms): Min: 756218707.2, Avg: 756218707.2, Max: 756218707.3, Diff: 0.1]
   [Code Root Fixup: 0.0 ms]
   [Code Root Purge: 0.0 ms]
   [Clear CT: 0.8 ms]
   [Other: 2.3 ms]
      [Choose CSet: 0.0 ms]
      [Ref Proc: 1.6 ms]
      [Ref Enq: 0.1 ms]
      [Redirty Cards: 0.1 ms]
      [Humongous Register: 0.1 ms]
      [Humongous Reclaim: 0.0 ms]
      [Free CSet: 0.3 ms]
   [Eden: 7152.0M(7152.0M)->0.0B(7152.0M) Survivors: 16384.0K->16384.0K Heap: 10778.0M(14336.0M)->3629.6M(14336.0M)]
 [Times: user=0.08 sys=0.00, real=0.02 secs] 
2022-07-30T15:16:01.316-0700: 756332.821: [GC pause (G1 Evacuation Pause) (young) (initial-mark), 0.0168522 secs]
   [Parallel Time: 12.3 ms, GC Workers: 8]
      [GC Worker Start (ms): Min: 756332822.9, Avg: 756332823.0, Max: 756332823.0, Diff: 0.1]
      [Ext Root Scanning (ms): Min: 6.1, Avg: 6.3, Max: 6.6, Diff: 0.5, Sum: 50.6]
      [Update RS (ms): Min: 1.2, Avg: 1.4, Max: 1.9, Diff: 0.8, Sum: 11.4]
         [Processed Buffers: Min: 3, Avg: 5.2, Max: 11, Diff: 8, Sum: 42]
      [Scan RS (ms): Min: 0.0, Avg: 0.1, Max: 0.1, Diff: 0.1, Sum: 0.4]
      [Code Root Scanning (ms): Min: 0.0, Avg: 0.0, Max: 0.0, Diff: 0.0, Sum: 0.0]
      [Object Copy (ms): Min: 1.7, Avg: 2.1, Max: 2.4, Diff: 0.7, Sum: 16.8]
      [Termination (ms): Min: 0.0, Avg: 0.0, Max: 0.0, Diff: 0.0, Sum: 0.0]
         [Termination Attempts: Min: 3, Avg: 4.9, Max: 6, Diff: 3, Sum: 39]
      [GC Worker Other (ms): Min: 0.0, Avg: 0.1, Max: 0.1, Diff: 0.1, Sum: 0.5]
      [GC Worker Total (ms): Min: 9.9, Avg: 10.0, Max: 10.1, Diff: 0.2, Sum: 79.7]
      [GC Worker End (ms): Min: 756332832.9, Avg: 756332832.9, Max: 756332833.0, Diff: 0.1]
   [Code Root Fixup: 0.0 ms]
   [Code Root Purge: 0.0 ms]
   [Clear CT: 0.7 ms]
   [Other: 3.8 ms]
      [Choose CSet: 0.0 ms]
      [Ref Proc: 3.1 ms]
      [Ref Enq: 0.1 ms]
      [Redirty Cards: 0.1 ms]
      [Humongous Register: 0.0 ms]
      [Humongous Reclaim: 0.0 ms]
      [Free CSet: 0.3 ms]
   [Eden: 7152.0M(7152.0M)->0.0B(7152.0M) Survivors: 16384.0K->16384.0K Heap: 10781.6M(14336.0M)->3629.7M(14336.0M)]
 [Times: user=0.08 sys=0.00, real=0.01 secs] 
2022-07-30T15:16:01.333-0700: 756332.838: [GC concurrent-root-region-scan-start]
2022-07-30T15:16:01.342-0700: 756332.847: [GC concurrent-root-region-scan-end, 0.0093377 secs]
2022-07-30T15:16:01.342-0700: 756332.847: [GC concurrent-mark-start]
2022-07-30T15:16:04.033-0700: 756335.538: [GC concurrent-mark-end, 2.6909740 secs]
2022-07-30T15:16:04.034-0700: 756335.538: [GC remark 2022-07-30T15:16:04.034-0700: 756335.538: [Finalize Marking, 0.0003194 secs] 2022-07-30T15:16:04.034-0700: 756335.539: [GC ref-proc, 0.0059470 secs] 2022-07-30T15:16:04.040-0700: 756335.545: [Unloading, 0.0274513 secs], 0.0395616 secs]
 [Times: user=0.25 sys=0.00, real=0.04 secs] 
2022-07-30T15:16:04.074-0700: 756335.578: [GC cleanup 3837M->3837M(14336M), 0.0090342 secs]
 [Times: user=0.07 sys=0.00, real=0.02 secs] 
2022-07-30T15:17:55.916-0700: 756447.421: [GC pause (G1 Evacuation Pause) (young), 0.0106028 secs]
   [Parallel Time: 7.0 ms, GC Workers: 8]
      [GC Worker Start (ms): Min: 756447421.0, Avg: 756447421.1, Max: 756447421.2, Diff: 0.1]
      [Ext Root Scanning (ms): Min: 1.4, Avg: 2.2, Max: 6.0, Diff: 4.6, Sum: 18.0]
      [Update RS (ms): Min: 0.0, Avg: 2.2, Max: 3.3, Diff: 3.3, Sum: 17.6]
         [Processed Buffers: Min: 0, Avg: 5.8, Max: 12, Diff: 12, Sum: 46]
      [Scan RS (ms): Min: 0.0, Avg: 0.1, Max: 0.2, Diff: 0.2, Sum: 0.5]
      [Code Root Scanning (ms): Min: 0.0, Avg: 0.0, Max: 0.0, Diff: 0.0, Sum: 0.0]
      [Object Copy (ms): Min: 0.8, Avg: 2.3, Max: 2.9, Diff: 2.1, Sum: 18.2]
      [Termination (ms): Min: 0.0, Avg: 0.0, Max: 0.0, Diff: 0.0, Sum: 0.0]
         [Termination Attempts: Min: 1, Avg: 1.0, Max: 1, Diff: 0, Sum: 8]
      [GC Worker Other (ms): Min: 0.0, Avg: 0.0, Max: 0.1, Diff: 0.1, Sum: 0.3]
      [GC Worker Total (ms): Min: 6.8, Avg: 6.8, Max: 6.9, Diff: 0.1, Sum: 54.7]
      [GC Worker End (ms): Min: 756447427.9, Avg: 756447427.9, Max: 756447428.0, Diff: 0.1]
   [Code Root Fixup: 0.0 ms]
   [Code Root Purge: 0.0 ms]
   [Clear CT: 0.8 ms]
   [Other: 2.8 ms]
      [Choose CSet: 0.0 ms]
      [Ref Proc: 2.0 ms]
      [Ref Enq: 0.1 ms]
      [Redirty Cards: 0.1 ms]
      [Humongous Register: 0.1 ms]
      [Humongous Reclaim: 0.0 ms]
      [Free CSet: 0.3 ms]
   [Eden: 7152.0M(7152.0M)->0.0B(5712.0M) Survivors: 16384.0K->16384.0K Heap: 10781.7M(14336.0M)->3630.9M(14336.0M)]
 [Times: user=0.07 sys=0.00, real=0.01 secs] 
2022-07-30T15:19:25.024-0700: 756536.528: [GC pause (G1 Evacuation Pause) (mixed), 0.0123334 secs]
   [Parallel Time: 7.4 ms, GC Workers: 8]
      [GC Worker Start (ms): Min: 756536528.5, Avg: 756536528.6, Max: 756536528.6, Diff: 0.1]
      [Ext Root Scanning (ms): Min: 0.9, Avg: 1.8, Max: 7.1, Diff: 6.2, Sum: 14.5]
      [Update RS (ms): Min: 0.0, Avg: 1.3, Max: 2.0, Diff: 2.0, Sum: 10.7]
         [Processed Buffers: Min: 0, Avg: 5.6, Max: 11, Diff: 11, Sum: 45]
      [Scan RS (ms): Min: 0.0, Avg: 0.5, Max: 0.7, Diff: 0.7, Sum: 3.7]
      [Code Root Scanning (ms): Min: 0.0, Avg: 0.0, Max: 0.1, Diff: 0.1, Sum: 0.1]
      [Object Copy (ms): Min: 0.0, Avg: 3.4, Max: 3.9, Diff: 3.9, Sum: 26.8]
      [Termination (ms): Min: 0.0, Avg: 0.1, Max: 0.1, Diff: 0.1, Sum: 0.6]
         [Termination Attempts: Min: 1, Avg: 3.9, Max: 7, Diff: 6, Sum: 31]
      [GC Worker Other (ms): Min: 0.0, Avg: 0.0, Max: 0.1, Diff: 0.1, Sum: 0.3]
      [GC Worker Total (ms): Min: 7.0, Avg: 7.1, Max: 7.1, Diff: 0.1, Sum: 56.7]
      [GC Worker End (ms): Min: 756536535.6, Avg: 756536535.7, Max: 756536535.7, Diff: 0.1]
   [Code Root Fixup: 0.0 ms]
   [Code Root Purge: 0.0 ms]
   [Clear CT: 0.6 ms]
   [Other: 4.3 ms]
      [Choose CSet: 0.0 ms]
      [Ref Proc: 3.6 ms]
      [Ref Enq: 0.1 ms]
      [Redirty Cards: 0.1 ms]
      [Humongous Register: 0.1 ms]
      [Humongous Reclaim: 0.0 ms]
      [Free CSet: 0.2 ms]
   [Eden: 5712.0M(5712.0M)->0.0B(7152.0M) Survivors: 16384.0K->16384.0K Heap: 9342.9M(14336.0M)->3623.9M(14336.0M)]
 [Times: user=0.07 sys=0.00, real=0.01 secs] 
2022-07-30T15:21:20.268-0700: 756651.773: [GC pause (G1 Evacuation Pause) (young), 0.0100047 secs]
   [Parallel Time: 7.2 ms, GC Workers: 8]
      [GC Worker Start (ms): Min: 756651773.3, Avg: 756651773.3, Max: 756651773.4, Diff: 0.1]
      [Ext Root Scanning (ms): Min: 1.1, Avg: 1.8, Max: 5.1, Diff: 4.0, Sum: 14.5]
      [Update RS (ms): Min: 0.0, Avg: 3.2, Max: 4.2, Diff: 4.2, Sum: 25.4]
         [Processed Buffers: Min: 0, Avg: 10.5, Max: 23, Diff: 23, Sum: 84]
      [Scan RS (ms): Min: 0.0, Avg: 0.0, Max: 0.1, Diff: 0.1, Sum: 0.4]
      [Code Root Scanning (ms): Min: 0.0, Avg: 0.0, Max: 0.0, Diff: 0.0, Sum: 0.0]
      [Object Copy (ms): Min: 1.6, Avg: 1.9, Max: 2.1, Diff: 0.5, Sum: 15.0]
      [Termination (ms): Min: 0.0, Avg: 0.0, Max: 0.0, Diff: 0.0, Sum: 0.0]
         [Termination Attempts: Min: 5, Avg: 7.2, Max: 10, Diff: 5, Sum: 58]
      [GC Worker Other (ms): Min: 0.0, Avg: 0.1, Max: 0.1, Diff: 0.1, Sum: 0.5]
      [GC Worker Total (ms): Min: 6.9, Avg: 7.0, Max: 7.0, Diff: 0.1, Sum: 55.8]
      [GC Worker End (ms): Min: 756651780.3, Avg: 756651780.3, Max: 756651780.4, Diff: 0.1]
   [Code Root Fixup: 0.0 ms]
   [Code Root Purge: 0.0 ms]
   [Clear CT: 0.7 ms]
   [Other: 2.1 ms]
      [Choose CSet: 0.0 ms]
      [Ref Proc: 1.4 ms]
      [Ref Enq: 0.1 ms]
      [Redirty Cards: 0.1 ms]
      [Humongous Register: 0.1 ms]
      [Humongous Reclaim: 0.0 ms]
      [Free CSet: 0.3 ms]
   [Eden: 7152.0M(7152.0M)->0.0B(7152.0M) Survivors: 16384.0K->16384.0K Heap: 10775.9M(14336.0M)->3625.2M(14336.0M)]
 [Times: user=0.06 sys=0.00, real=0.01 secs] 
2022-07-30T15:23:14.226-0700: 756765.730: [GC pause (G1 Evacuation Pause) (young) (initial-mark), 0.0173031 secs]
   [Parallel Time: 12.3 ms, GC Workers: 8]
      [GC Worker Start (ms): Min: 756765732.5, Avg: 756765732.6, Max: 756765732.7, Diff: 0.2]
      [Ext Root Scanning (ms): Min: 5.3, Avg: 5.6, Max: 6.0, Diff: 0.7, Sum: 45.0]
      [Update RS (ms): Min: 1.3, Avg: 1.6, Max: 2.2, Diff: 0.9, Sum: 12.5]
         [Processed Buffers: Min: 3, Avg: 6.2, Max: 10, Diff: 7, Sum: 50]
      [Scan RS (ms): Min: 0.0, Avg: 0.1, Max: 0.1, Diff: 0.1, Sum: 0.4]
      [Code Root Scanning (ms): Min: 0.0, Avg: 0.0, Max: 0.0, Diff: 0.0, Sum: 0.0]
      [Object Copy (ms): Min: 2.0, Avg: 2.5, Max: 2.8, Diff: 0.8, Sum: 19.7]
      [Termination (ms): Min: 0.0, Avg: 0.0, Max: 0.0, Diff: 0.0, Sum: 0.1]
         [Termination Attempts: Min: 21, Avg: 29.6, Max: 37, Diff: 16, Sum: 237]
      [GC Worker Other (ms): Min: 0.0, Avg: 0.1, Max: 0.1, Diff: 0.1, Sum: 0.5]
      [GC Worker Total (ms): Min: 9.7, Avg: 9.8, Max: 9.9, Diff: 0.2, Sum: 78.3]
      [GC Worker End (ms): Min: 756765742.3, Avg: 756765742.4, Max: 756765742.4, Diff: 0.1]
   [Code Root Fixup: 0.0 ms]
   [Code Root Purge: 0.0 ms]
   [Clear CT: 0.7 ms]
   [Other: 4.3 ms]
      [Choose CSet: 0.0 ms]
      [Ref Proc: 3.6 ms]
      [Ref Enq: 0.1 ms]
      [Redirty Cards: 0.1 ms]
      [Humongous Register: 0.0 ms]
      [Humongous Reclaim: 0.0 ms]
      [Free CSet: 0.3 ms]
   [Eden: 7152.0M(7152.0M)->0.0B(7152.0M) Survivors: 16384.0K->16384.0K Heap: 10777.2M(14336.0M)->3629.2M(14336.0M)]
 [Times: user=0.08 sys=0.00, real=0.02 secs] 
2022-07-30T15:23:14.243-0700: 756765.748: [GC concurrent-root-region-scan-start]
2022-07-30T15:23:14.253-0700: 756765.758: [GC concurrent-root-region-scan-end, 0.0101663 secs]
2022-07-30T15:23:14.253-0700: 756765.758: [GC concurrent-mark-start]
2022-07-30T15:23:16.916-0700: 756768.421: [GC concurrent-mark-end, 2.6633500 secs]
2022-07-30T15:23:16.917-0700: 756768.422: [GC remark 2022-07-30T15:23:16.917-0700: 756768.422: [Finalize Marking, 0.0002946 secs] 2022-07-30T15:23:16.917-0700: 756768.422: [GC ref-proc, 0.0102595 secs] 2022-07-30T15:23:16.927-0700: 756768.432: [Unloading, 0.0277564 secs], 0.0440719 secs]
 [Times: user=0.26 sys=0.00, real=0.04 secs] 
2022-07-30T15:23:16.961-0700: 756768.466: [GC cleanup 3845M->3845M(14336M), 0.0086466 secs]
 [Times: user=0.06 sys=0.00, real=0.01 secs] 
2022-07-30T15:25:10.018-0700: 756881.523: [GC pause (G1 Evacuation Pause) (young), 0.0113997 secs]
   [Parallel Time: 5.8 ms, GC Workers: 8]
      [GC Worker Start (ms): Min: 756881522.9, Avg: 756881523.0, Max: 756881523.1, Diff: 0.2]
      [Ext Root Scanning (ms): Min: 1.1, Avg: 1.8, Max: 5.7, Diff: 4.7, Sum: 14.6]
      [Update RS (ms): Min: 0.0, Avg: 1.6, Max: 2.5, Diff: 2.5, Sum: 12.9]
         [Processed Buffers: Min: 0, Avg: 5.1, Max: 10, Diff: 10, Sum: 41]
      [Scan RS (ms): Min: 0.0, Avg: 0.1, Max: 0.1, Diff: 0.1, Sum: 0.5]
      [Code Root Scanning (ms): Min: 0.0, Avg: 0.0, Max: 0.0, Diff: 0.0, Sum: 0.0]
      [Object Copy (ms): Min: 0.0, Avg: 2.1, Max: 2.6, Diff: 2.6, Sum: 16.5]
      [Termination (ms): Min: 0.0, Avg: 0.1, Max: 0.1, Diff: 0.1, Sum: 0.9]
         [Termination Attempts: Min: 1, Avg: 1.5, Max: 3, Diff: 2, Sum: 12]
      [GC Worker Other (ms): Min: 0.0, Avg: 0.0, Max: 0.0, Diff: 0.0, Sum: 0.1]
      [GC Worker Total (ms): Min: 5.6, Avg: 5.7, Max: 5.8, Diff: 0.2, Sum: 45.5]
      [GC Worker End (ms): Min: 756881528.7, Avg: 756881528.7, Max: 756881528.7, Diff: 0.0]
   [Code Root Fixup: 0.0 ms]
   [Code Root Purge: 0.0 ms]
   [Clear CT: 0.8 ms]
   [Other: 4.8 ms]
      [Choose CSet: 0.0 ms]
      [Ref Proc: 3.9 ms]
      [Ref Enq: 0.1 ms]
      [Redirty Cards: 0.1 ms]
      [Humongous Register: 0.1 ms]
      [Humongous Reclaim: 0.0 ms]
      [Free CSet: 0.3 ms]
   [Eden: 7152.0M(7152.0M)->0.0B(7152.0M) Survivors: 16384.0K->16384.0K Heap: 10781.2M(14336.0M)->3627.8M(14336.0M)]
 [Times: user=0.06 sys=0.00, real=0.01 secs] 
2022-07-30T15:27:03.075-0700: 756994.580: [GC pause (G1 Evacuation Pause) (young), 0.0107110 secs]
   [Parallel Time: 5.8 ms, GC Workers: 8]
      [GC Worker Start (ms): Min: 756994580.4, Avg: 756994580.5, Max: 756994580.5, Diff: 0.2]
      [Ext Root Scanning (ms): Min: 0.9, Avg: 1.6, Max: 5.3, Diff: 4.4, Sum: 12.9]
      [Update RS (ms): Min: 0.0, Avg: 1.5, Max: 2.1, Diff: 2.1, Sum: 11.9]
         [Processed Buffers: Min: 0, Avg: 5.8, Max: 11, Diff: 11, Sum: 46]
      [Scan RS (ms): Min: 0.0, Avg: 0.1, Max: 0.1, Diff: 0.1, Sum: 0.5]
      [Code Root Scanning (ms): Min: 0.0, Avg: 0.0, Max: 0.0, Diff: 0.0, Sum: 0.0]
      [Object Copy (ms): Min: 0.0, Avg: 1.7, Max: 2.0, Diff: 2.0, Sum: 13.3]
      [Termination (ms): Min: 0.0, Avg: 0.4, Max: 0.5, Diff: 0.5, Sum: 3.5]
         [Termination Attempts: Min: 1, Avg: 2.4, Max: 4, Diff: 3, Sum: 19]
      [GC Worker Other (ms): Min: 0.0, Avg: 0.0, Max: 0.1, Diff: 0.1, Sum: 0.2]
      [GC Worker Total (ms): Min: 5.2, Avg: 5.3, Max: 5.4, Diff: 0.1, Sum: 42.3]
      [GC Worker End (ms): Min: 756994585.7, Avg: 756994585.8, Max: 756994585.8, Diff: 0.0]
   [Code Root Fixup: 0.0 ms]
   [Code Root Purge: 0.0 ms]
   [Clear CT: 0.6 ms]
   [Other: 4.3 ms]
      [Choose CSet: 0.0 ms]
      [Ref Proc: 3.5 ms]
      [Ref Enq: 0.1 ms]
      [Redirty Cards: 0.1 ms]
      [Humongous Register: 0.1 ms]
      [Humongous Reclaim: 0.0 ms]
      [Free CSet: 0.3 ms]
   [Eden: 7152.0M(7152.0M)->0.0B(7152.0M) Survivors: 16384.0K->16384.0K Heap: 10779.8M(14336.0M)->3629.2M(14336.0M)]
 [Times: user=0.05 sys=0.01, real=0.01 secs] 
2022-07-30T15:28:59.027-0700: 757110.532: [GC pause (G1 Evacuation Pause) (young) (initial-mark), 0.0170572 secs]
   [Parallel Time: 11.8 ms, GC Workers: 8]
      [GC Worker Start (ms): Min: 757110534.3, Avg: 757110534.3, Max: 757110534.4, Diff: 0.1]
      [Ext Root Scanning (ms): Min: 5.5, Avg: 5.8, Max: 6.2, Diff: 0.8, Sum: 46.6]
      [Update RS (ms): Min: 1.2, Avg: 1.3, Max: 1.7, Diff: 0.5, Sum: 10.4]
         [Processed Buffers: Min: 2, Avg: 5.5, Max: 8, Diff: 6, Sum: 44]
      [Scan RS (ms): Min: 0.0, Avg: 0.0, Max: 0.1, Diff: 0.1, Sum: 0.4]
      [Code Root Scanning (ms): Min: 0.0, Avg: 0.0, Max: 0.0, Diff: 0.0, Sum: 0.0]
      [Object Copy (ms): Min: 1.4, Avg: 2.1, Max: 2.4, Diff: 1.1, Sum: 16.5]
      [Termination (ms): Min: 0.0, Avg: 0.0, Max: 0.0, Diff: 0.0, Sum: 0.0]
         [Termination Attempts: Min: 1, Avg: 2.8, Max: 5, Diff: 4, Sum: 22]
      [GC Worker Other (ms): Min: 0.0, Avg: 0.1, Max: 0.1, Diff: 0.1, Sum: 0.4]
      [GC Worker Total (ms): Min: 9.2, Avg: 9.3, Max: 9.3, Diff: 0.1, Sum: 74.3]
      [GC Worker End (ms): Min: 757110543.6, Avg: 757110543.6, Max: 757110543.7, Diff: 0.1]
   [Code Root Fixup: 0.0 ms]
   [Code Root Purge: 0.0 ms]
   [Clear CT: 0.7 ms]
   [Other: 4.5 ms]
      [Choose CSet: 0.0 ms]
      [Ref Proc: 3.8 ms]
      [Ref Enq: 0.1 ms]
      [Redirty Cards: 0.1 ms]
      [Humongous Register: 0.0 ms]
      [Humongous Reclaim: 0.0 ms]
      [Free CSet: 0.3 ms]
   [Eden: 7152.0M(7152.0M)->0.0B(7152.0M) Survivors: 16384.0K->16384.0K Heap: 10781.2M(14336.0M)->3633.9M(14336.0M)]
 [Times: user=0.08 sys=0.00, real=0.02 secs] 
2022-07-30T15:28:59.044-0700: 757110.549: [GC concurrent-root-region-scan-start]
2022-07-30T15:28:59.055-0700: 757110.559: [GC concurrent-root-region-scan-end, 0.0101721 secs]
2022-07-30T15:28:59.055-0700: 757110.559: [GC concurrent-mark-start]
2022-07-30T15:29:01.755-0700: 757113.260: [GC concurrent-mark-end, 2.7005885 secs]
2022-07-30T15:29:01.755-0700: 757113.260: [GC remark 2022-07-30T15:29:01.755-0700: 757113.260: [Finalize Marking, 0.0002789 secs] 2022-07-30T15:29:01.756-0700: 757113.261: [GC ref-proc, 0.0071257 secs] 2022-07-30T15:29:01.763-0700: 757113.268: [Unloading, 0.0283909 secs], 0.0416162 secs]
 [Times: user=0.26 sys=0.00, real=0.04 secs] 
2022-07-30T15:29:01.797-0700: 757113.302: [GC cleanup 3798M->3798M(14336M), 0.0088253 secs]
 [Times: user=0.06 sys=0.00, real=0.01 secs] 
2022-07-30T15:30:53.026-0700: 757224.531: [GC pause (G1 Evacuation Pause) (young), 0.0115312 secs]
   [Parallel Time: 7.8 ms, GC Workers: 8]
      [GC Worker Start (ms): Min: 757224530.7, Avg: 757224530.8, Max: 757224530.9, Diff: 0.2]
      [Ext Root Scanning (ms): Min: 1.3, Avg: 2.6, Max: 6.4, Diff: 5.2, Sum: 20.9]
      [Update RS (ms): Min: 0.0, Avg: 2.1, Max: 3.2, Diff: 3.2, Sum: 17.0]
         [Processed Buffers: Min: 0, Avg: 5.0, Max: 10, Diff: 10, Sum: 40]
      [Scan RS (ms): Min: 0.0, Avg: 0.1, Max: 0.2, Diff: 0.2, Sum: 0.5]
      [Code Root Scanning (ms): Min: 0.0, Avg: 0.0, Max: 0.0, Diff: 0.0, Sum: 0.0]
      [Object Copy (ms): Min: 0.9, Avg: 2.6, Max: 3.3, Diff: 2.4, Sum: 20.5]
      [Termination (ms): Min: 0.0, Avg: 0.1, Max: 0.1, Diff: 0.1, Sum: 0.9]
         [Termination Attempts: Min: 1, Avg: 8.2, Max: 12, Diff: 11, Sum: 66]
      [GC Worker Other (ms): Min: 0.0, Avg: 0.0, Max: 0.1, Diff: 0.0, Sum: 0.2]
      [GC Worker Total (ms): Min: 7.4, Avg: 7.5, Max: 7.6, Diff: 0.2, Sum: 60.0]
      [GC Worker End (ms): Min: 757224538.3, Avg: 757224538.3, Max: 757224538.3, Diff: 0.0]
   [Code Root Fixup: 0.0 ms]
   [Code Root Purge: 0.0 ms]
   [Clear CT: 0.7 ms]
   [Other: 3.0 ms]
      [Choose CSet: 0.0 ms]
      [Ref Proc: 2.4 ms]
      [Ref Enq: 0.1 ms]
      [Redirty Cards: 0.1 ms]
      [Humongous Register: 0.1 ms]
      [Humongous Reclaim: 0.0 ms]
      [Free CSet: 0.3 ms]
   [Eden: 7152.0M(7152.0M)->0.0B(5712.0M) Survivors: 16384.0K->16384.0K Heap: 10785.9M(14336.0M)->3631.5M(14336.0M)]
 [Times: user=0.07 sys=0.00, real=0.01 secs] 
2022-07-30T15:32:24.363-0700: 757315.868: [GC pause (G1 Evacuation Pause) (mixed), 0.0136756 secs]
   [Parallel Time: 8.6 ms, GC Workers: 8]
      [GC Worker Start (ms): Min: 757315867.9, Avg: 757315868.0, Max: 757315868.0, Diff: 0.1]
      [Ext Root Scanning (ms): Min: 1.2, Avg: 2.1, Max: 6.8, Diff: 5.5, Sum: 16.8]
      [Update RS (ms): Min: 0.0, Avg: 2.0, Max: 2.8, Diff: 2.8, Sum: 16.3]
         [Processed Buffers: Min: 0, Avg: 5.8, Max: 13, Diff: 13, Sum: 46]
      [Scan RS (ms): Min: 0.0, Avg: 0.6, Max: 0.8, Diff: 0.7, Sum: 4.4]
      [Code Root Scanning (ms): Min: 0.0, Avg: 0.0, Max: 0.1, Diff: 0.1, Sum: 0.1]
      [Object Copy (ms): Min: 1.7, Avg: 3.7, Max: 4.1, Diff: 2.4, Sum: 29.7]
      [Termination (ms): Min: 0.0, Avg: 0.0, Max: 0.0, Diff: 0.0, Sum: 0.0]
         [Termination Attempts: Min: 1, Avg: 5.2, Max: 9, Diff: 8, Sum: 42]
      [GC Worker Other (ms): Min: 0.0, Avg: 0.0, Max: 0.1, Diff: 0.1, Sum: 0.4]
      [GC Worker Total (ms): Min: 8.4, Avg: 8.5, Max: 8.5, Diff: 0.2, Sum: 67.7]
      [GC Worker End (ms): Min: 757315876.4, Avg: 757315876.4, Max: 757315876.5, Diff: 0.1]
   [Code Root Fixup: 0.0 ms]
   [Code Root Purge: 0.0 ms]
   [Clear CT: 0.7 ms]
   [Other: 4.4 ms]
      [Choose CSet: 0.0 ms]
      [Ref Proc: 3.7 ms]
      [Ref Enq: 0.1 ms]
      [Redirty Cards: 0.1 ms]
      [Humongous Register: 0.1 ms]
      [Humongous Reclaim: 0.0 ms]
      [Free CSet: 0.2 ms]
   [Eden: 5712.0M(5712.0M)->0.0B(7152.0M) Survivors: 16384.0K->16384.0K Heap: 9343.5M(14336.0M)->3622.8M(14336.0M)]
 [Times: user=0.08 sys=0.01, real=0.01 secs] 
2022-07-30T15:34:17.584-0700: 757429.089: [GC pause (G1 Evacuation Pause) (young), 0.0112815 secs]
   [Parallel Time: 8.1 ms, GC Workers: 8]
      [GC Worker Start (ms): Min: 757429089.2, Avg: 757429089.3, Max: 757429089.4, Diff: 0.2]
      [Ext Root Scanning (ms): Min: 1.0, Avg: 1.7, Max: 5.8, Diff: 4.9, Sum: 13.9]
      [Update RS (ms): Min: 0.0, Avg: 4.0, Max: 5.2, Diff: 5.2, Sum: 32.0]
         [Processed Buffers: Min: 0, Avg: 10.4, Max: 20, Diff: 20, Sum: 83]
      [Scan RS (ms): Min: 0.0, Avg: 0.1, Max: 0.1, Diff: 0.1, Sum: 0.5]
      [Code Root Scanning (ms): Min: 0.0, Avg: 0.0, Max: 0.0, Diff: 0.0, Sum: 0.0]
      [Object Copy (ms): Min: 1.6, Avg: 2.0, Max: 2.2, Diff: 0.6, Sum: 16.1]
      [Termination (ms): Min: 0.0, Avg: 0.0, Max: 0.0, Diff: 0.0, Sum: 0.0]
         [Termination Attempts: Min: 1, Avg: 3.2, Max: 6, Diff: 5, Sum: 26]
      [GC Worker Other (ms): Min: 0.0, Avg: 0.1, Max: 0.1, Diff: 0.1, Sum: 0.5]
      [GC Worker Total (ms): Min: 7.8, Avg: 7.9, Max: 8.0, Diff: 0.2, Sum: 63.0]
      [GC Worker End (ms): Min: 757429097.2, Avg: 757429097.2, Max: 757429097.3, Diff: 0.1]
   [Code Root Fixup: 0.0 ms]
   [Code Root Purge: 0.0 ms]
   [Clear CT: 0.8 ms]
   [Other: 2.4 ms]
      [Choose CSet: 0.0 ms]
      [Ref Proc: 1.7 ms]
      [Ref Enq: 0.1 ms]
      [Redirty Cards: 0.1 ms]
      [Humongous Register: 0.1 ms]
      [Humongous Reclaim: 0.0 ms]
      [Free CSet: 0.3 ms]
   [Eden: 7152.0M(7152.0M)->0.0B(7152.0M) Survivors: 16384.0K->16384.0K Heap: 10774.8M(14336.0M)->3627.7M(14336.0M)]
 [Times: user=0.08 sys=0.00, real=0.01 secs] 
2022-07-30T15:36:12.166-0700: 757543.671: [GC pause (G1 Evacuation Pause) (young) (initial-mark), 0.0171334 secs]
   [Parallel Time: 12.5 ms, GC Workers: 8]
      [GC Worker Start (ms): Min: 757543672.9, Avg: 757543673.0, Max: 757543673.0, Diff: 0.1]
      [Ext Root Scanning (ms): Min: 5.9, Avg: 6.1, Max: 6.4, Diff: 0.5, Sum: 48.8]
      [Update RS (ms): Min: 1.3, Avg: 1.4, Max: 1.9, Diff: 0.6, Sum: 11.4]
         [Processed Buffers: Min: 3, Avg: 5.5, Max: 9, Diff: 6, Sum: 44]
      [Scan RS (ms): Min: 0.0, Avg: 0.0, Max: 0.1, Diff: 0.1, Sum: 0.4]
      [Code Root Scanning (ms): Min: 0.0, Avg: 0.0, Max: 0.0, Diff: 0.0, Sum: 0.0]
      [Object Copy (ms): Min: 1.9, Avg: 2.2, Max: 2.4, Diff: 0.5, Sum: 17.2]
      [Termination (ms): Min: 0.0, Avg: 0.0, Max: 0.0, Diff: 0.0, Sum: 0.0]
         [Termination Attempts: Min: 3, Avg: 4.1, Max: 5, Diff: 2, Sum: 33]
      [GC Worker Other (ms): Min: 0.0, Avg: 0.1, Max: 0.2, Diff: 0.2, Sum: 0.6]
      [GC Worker Total (ms): Min: 9.7, Avg: 9.8, Max: 10.0, Diff: 0.2, Sum: 78.6]
      [GC Worker End (ms): Min: 757543682.7, Avg: 757543682.8, Max: 757543682.9, Diff: 0.2]
   [Code Root Fixup: 0.0 ms]
   [Code Root Purge: 0.0 ms]
   [Clear CT: 0.7 ms]
   [Other: 3.9 ms]
      [Choose CSet: 0.0 ms]
      [Ref Proc: 3.2 ms]
      [Ref Enq: 0.1 ms]
      [Redirty Cards: 0.1 ms]
      [Humongous Register: 0.0 ms]
      [Humongous Reclaim: 0.0 ms]
      [Free CSet: 0.3 ms]
   [Eden: 7152.0M(7152.0M)->0.0B(7152.0M) Survivors: 16384.0K->16384.0K Heap: 10779.7M(14336.0M)->3627.0M(14336.0M)]
 [Times: user=0.08 sys=0.00, real=0.02 secs] 
2022-07-30T15:36:12.183-0700: 757543.688: [GC concurrent-root-region-scan-start]
2022-07-30T15:36:12.196-0700: 757543.701: [GC concurrent-root-region-scan-end, 0.0131841 secs]
2022-07-30T15:36:12.196-0700: 757543.701: [GC concurrent-mark-start]
2022-07-30T15:36:14.900-0700: 757546.405: [GC concurrent-mark-end, 2.7040923 secs]
2022-07-30T15:36:14.901-0700: 757546.406: [GC remark 2022-07-30T15:36:14.901-0700: 757546.406: [Finalize Marking, 0.0003029 secs] 2022-07-30T15:36:14.901-0700: 757546.406: [GC ref-proc, 0.0108534 secs] 2022-07-30T15:36:14.912-0700: 757546.417: [Unloading, 0.0275828 secs], 0.0445326 secs]
 [Times: user=0.26 sys=0.00, real=0.05 secs] 
2022-07-30T15:36:14.946-0700: 757546.451: [GC cleanup 3803M->3803M(14336M), 0.0084904 secs]
 [Times: user=0.06 sys=0.00, real=0.00 secs] 
2022-07-30T15:38:06.823-0700: 757658.328: [GC pause (G1 Evacuation Pause) (young), 0.0129432 secs]
   [Parallel Time: 8.3 ms, GC Workers: 8]
      [GC Worker Start (ms): Min: 757658327.8, Avg: 757658328.0, Max: 757658328.1, Diff: 0.2]
      [Ext Root Scanning (ms): Min: 3.1, Avg: 3.9, Max: 5.1, Diff: 2.0, Sum: 31.2]
      [Update RS (ms): Min: 0.8, Avg: 1.8, Max: 2.4, Diff: 1.6, Sum: 14.1]
         [Processed Buffers: Min: 3, Avg: 6.5, Max: 10, Diff: 7, Sum: 52]
      [Scan RS (ms): Min: 0.0, Avg: 0.1, Max: 0.1, Diff: 0.1, Sum: 0.4]
      [Code Root Scanning (ms): Min: 0.0, Avg: 0.0, Max: 0.0, Diff: 0.0, Sum: 0.0]
      [Object Copy (ms): Min: 1.7, Avg: 2.3, Max: 3.0, Diff: 1.3, Sum: 18.0]
      [Termination (ms): Min: 0.0, Avg: 0.0, Max: 0.0, Diff: 0.0, Sum: 0.0]
         [Termination Attempts: Min: 11, Avg: 13.9, Max: 22, Diff: 11, Sum: 111]
      [GC Worker Other (ms): Min: 0.0, Avg: 0.1, Max: 0.1, Diff: 0.1, Sum: 0.5]
      [GC Worker Total (ms): Min: 7.9, Avg: 8.0, Max: 8.2, Diff: 0.3, Sum: 64.3]
      [GC Worker End (ms): Min: 757658336.0, Avg: 757658336.0, Max: 757658336.1, Diff: 0.1]
   [Code Root Fixup: 0.0 ms]
   [Code Root Purge: 0.0 ms]
   [Clear CT: 0.7 ms]
   [Other: 3.9 ms]
      [Choose CSet: 0.0 ms]
      [Ref Proc: 3.2 ms]
      [Ref Enq: 0.1 ms]
      [Redirty Cards: 0.1 ms]
      [Humongous Register: 0.1 ms]
      [Humongous Reclaim: 0.0 ms]
      [Free CSet: 0.3 ms]
   [Eden: 7152.0M(7152.0M)->0.0B(7152.0M) Survivors: 16384.0K->16384.0K Heap: 10779.0M(14336.0M)->3631.8M(14336.0M)]
 [Times: user=0.06 sys=0.01, real=0.01 secs] 
2022-07-30T15:40:01.919-0700: 757773.424: [GC pause (G1 Evacuation Pause) (young), 0.0103675 secs]
   [Parallel Time: 7.1 ms, GC Workers: 8]
      [GC Worker Start (ms): Min: 757773423.8, Avg: 757773423.8, Max: 757773423.9, Diff: 0.1]
      [Ext Root Scanning (ms): Min: 2.3, Avg: 3.5, Max: 5.9, Diff: 3.6, Sum: 27.7]
      [Update RS (ms): Min: 0.0, Avg: 1.5, Max: 2.2, Diff: 2.2, Sum: 12.1]
         [Processed Buffers: Min: 0, Avg: 5.5, Max: 18, Diff: 18, Sum: 44]
      [Scan RS (ms): Min: 0.0, Avg: 0.0, Max: 0.1, Diff: 0.1, Sum: 0.4]
      [Code Root Scanning (ms): Min: 0.0, Avg: 0.0, Max: 0.0, Diff: 0.0, Sum: 0.0]
      [Object Copy (ms): Min: 1.0, Avg: 1.8, Max: 2.4, Diff: 1.4, Sum: 14.6]
      [Termination (ms): Min: 0.0, Avg: 0.0, Max: 0.0, Diff: 0.0, Sum: 0.1]
         [Termination Attempts: Min: 9, Avg: 19.5, Max: 25, Diff: 16, Sum: 156]
      [GC Worker Other (ms): Min: 0.0, Avg: 0.1, Max: 0.1, Diff: 0.1, Sum: 0.4]
      [GC Worker Total (ms): Min: 6.8, Avg: 6.9, Max: 7.0, Diff: 0.2, Sum: 55.2]
      [GC Worker End (ms): Min: 757773430.7, Avg: 757773430.8, Max: 757773430.8, Diff: 0.1]
   [Code Root Fixup: 0.0 ms]
   [Code Root Purge: 0.0 ms]
   [Clear CT: 0.7 ms]
   [Other: 2.5 ms]
      [Choose CSet: 0.0 ms]
      [Ref Proc: 1.8 ms]
      [Ref Enq: 0.1 ms]
      [Redirty Cards: 0.1 ms]
      [Humongous Register: 0.1 ms]
      [Humongous Reclaim: 0.0 ms]
      [Free CSet: 0.3 ms]
   [Eden: 7152.0M(7152.0M)->0.0B(7152.0M) Survivors: 16384.0K->16384.0K Heap: 10783.8M(14336.0M)->3629.7M(14336.0M)]
 [Times: user=0.03 sys=0.01, real=0.01 secs] 
2022-07-30T15:41:57.625-0700: 757889.130: [GC pause (G1 Evacuation Pause) (young) (initial-mark), 0.0166371 secs]
   [Parallel Time: 12.0 ms, GC Workers: 8]
      [GC Worker Start (ms): Min: 757889132.0, Avg: 757889132.1, Max: 757889132.1, Diff: 0.1]
      [Ext Root Scanning (ms): Min: 5.9, Avg: 6.0, Max: 6.2, Diff: 0.3, Sum: 48.2]
      [Update RS (ms): Min: 1.0, Avg: 1.5, Max: 2.1, Diff: 1.1, Sum: 11.9]
         [Processed Buffers: Min: 3, Avg: 5.8, Max: 18, Diff: 15, Sum: 46]
      [Scan RS (ms): Min: 0.0, Avg: 0.0, Max: 0.1, Diff: 0.1, Sum: 0.4]
      [Code Root Scanning (ms): Min: 0.0, Avg: 0.0, Max: 0.0, Diff: 0.0, Sum: 0.0]
      [Object Copy (ms): Min: 1.4, Avg: 1.8, Max: 2.1, Diff: 0.7, Sum: 14.8]
      [Termination (ms): Min: 0.0, Avg: 0.0, Max: 0.0, Diff: 0.0, Sum: 0.1]
         [Termination Attempts: Min: 17, Avg: 22.6, Max: 33, Diff: 16, Sum: 181]
      [GC Worker Other (ms): Min: 0.0, Avg: 0.1, Max: 0.2, Diff: 0.2, Sum: 0.6]
      [GC Worker Total (ms): Min: 9.4, Avg: 9.5, Max: 9.6, Diff: 0.2, Sum: 75.9]
      [GC Worker End (ms): Min: 757889141.5, Avg: 757889141.5, Max: 757889141.6, Diff: 0.1]
   [Code Root Fixup: 0.0 ms]
   [Code Root Purge: 0.0 ms]
   [Clear CT: 0.8 ms]
   [Other: 3.9 ms]
      [Choose CSet: 0.0 ms]
      [Ref Proc: 3.2 ms]
      [Ref Enq: 0.1 ms]
      [Redirty Cards: 0.1 ms]
      [Humongous Register: 0.0 ms]
      [Humongous Reclaim: 0.0 ms]
      [Free CSet: 0.3 ms]
   [Eden: 7152.0M(7152.0M)->0.0B(7152.0M) Survivors: 16384.0K->16384.0K Heap: 10781.7M(14336.0M)->3631.2M(14336.0M)]
 [Times: user=0.06 sys=0.01, real=0.01 secs] 
2022-07-30T15:41:57.642-0700: 757889.147: [GC concurrent-root-region-scan-start]
2022-07-30T15:41:57.651-0700: 757889.156: [GC concurrent-root-region-scan-end, 0.0093677 secs]
2022-07-30T15:41:57.651-0700: 757889.156: [GC concurrent-mark-start]
2022-07-30T15:42:00.380-0700: 757891.885: [GC concurrent-mark-end, 2.7284983 secs]
2022-07-30T15:42:00.380-0700: 757891.885: [GC remark 2022-07-30T15:42:00.380-0700: 757891.885: [Finalize Marking, 0.0003410 secs] 2022-07-30T15:42:00.381-0700: 757891.885: [GC ref-proc, 0.0062525 secs] 2022-07-30T15:42:00.387-0700: 757891.892: [Unloading, 0.0280184 secs], 0.0403949 secs]
 [Times: user=0.26 sys=0.00, real=0.04 secs] 
2022-07-30T15:42:00.421-0700: 757891.926: [GC cleanup 3851M->3851M(14336M), 0.0087918 secs]
 [Times: user=0.06 sys=0.00, real=0.01 secs] 
2022-07-30T15:43:51.575-0700: 758003.079: [GC pause (G1 Evacuation Pause) (young), 0.0109620 secs]
   [Parallel Time: 5.7 ms, GC Workers: 8]
      [GC Worker Start (ms): Min: 758003079.4, Avg: 758003079.5, Max: 758003079.6, Diff: 0.2]
      [Ext Root Scanning (ms): Min: 0.8, Avg: 1.6, Max: 5.3, Diff: 4.4, Sum: 12.8]
      [Update RS (ms): Min: 0.0, Avg: 1.4, Max: 2.1, Diff: 2.1, Sum: 10.9]
         [Processed Buffers: Min: 0, Avg: 5.6, Max: 11, Diff: 11, Sum: 45]
      [Scan RS (ms): Min: 0.0, Avg: 0.1, Max: 0.1, Diff: 0.1, Sum: 0.4]
      [Code Root Scanning (ms): Min: 0.0, Avg: 0.0, Max: 0.0, Diff: 0.0, Sum: 0.0]
      [Object Copy (ms): Min: 0.0, Avg: 1.9, Max: 2.3, Diff: 2.3, Sum: 15.2]
      [Termination (ms): Min: 0.0, Avg: 0.3, Max: 0.4, Diff: 0.4, Sum: 2.7]
         [Termination Attempts: Min: 1, Avg: 4.4, Max: 8, Diff: 7, Sum: 35]
      [GC Worker Other (ms): Min: 0.0, Avg: 0.0, Max: 0.0, Diff: 0.0, Sum: 0.2]
      [GC Worker Total (ms): Min: 5.2, Avg: 5.3, Max: 5.3, Diff: 0.2, Sum: 42.1]
      [GC Worker End (ms): Min: 758003084.7, Avg: 758003084.8, Max: 758003084.8, Diff: 0.0]
   [Code Root Fixup: 0.0 ms]
   [Code Root Purge: 0.0 ms]
   [Clear CT: 0.6 ms]
   [Other: 4.6 ms]
      [Choose CSet: 0.0 ms]
      [Ref Proc: 3.9 ms]
      [Ref Enq: 0.1 ms]
      [Redirty Cards: 0.1 ms]
      [Humongous Register: 0.1 ms]
      [Humongous Reclaim: 0.0 ms]
      [Free CSet: 0.3 ms]
   [Eden: 7152.0M(7152.0M)->0.0B(5712.0M) Survivors: 16384.0K->16384.0K Heap: 10783.2M(14336.0M)->3634.7M(14336.0M)]
 [Times: user=0.06 sys=0.00, real=0.02 secs] 
2022-07-30T15:45:24.523-0700: 758096.028: [GC pause (G1 Evacuation Pause) (mixed), 0.0175459 secs]
   [Parallel Time: 12.7 ms, GC Workers: 8]
      [GC Worker Start (ms): Min: 758096027.8, Avg: 758096027.9, Max: 758096027.9, Diff: 0.1]
      [Ext Root Scanning (ms): Min: 1.1, Avg: 2.0, Max: 6.6, Diff: 5.5, Sum: 15.6]
      [Update RS (ms): Min: 0.0, Avg: 2.6, Max: 10.9, Diff: 10.9, Sum: 21.2]
         [Processed Buffers: Min: 0, Avg: 5.5, Max: 13, Diff: 13, Sum: 44]
      [Scan RS (ms): Min: 0.0, Avg: 0.5, Max: 0.8, Diff: 0.8, Sum: 3.8]
      [Code Root Scanning (ms): Min: 0.0, Avg: 0.0, Max: 0.1, Diff: 0.1, Sum: 0.1]
      [Object Copy (ms): Min: 0.3, Avg: 3.4, Max: 4.4, Diff: 4.0, Sum: 27.3]
      [Termination (ms): Min: 0.0, Avg: 3.9, Max: 4.5, Diff: 4.5, Sum: 31.3]
         [Termination Attempts: Min: 1, Avg: 46.8, Max: 64, Diff: 63, Sum: 374]
      [GC Worker Other (ms): Min: 0.0, Avg: 0.0, Max: 0.0, Diff: 0.0, Sum: 0.1]
      [GC Worker Total (ms): Min: 12.4, Avg: 12.4, Max: 12.5, Diff: 0.1, Sum: 99.3]
      [GC Worker End (ms): Min: 758096040.3, Avg: 758096040.3, Max: 758096040.3, Diff: 0.0]
   [Code Root Fixup: 0.0 ms]
   [Code Root Purge: 0.0 ms]
   [Clear CT: 0.7 ms]
   [Other: 4.2 ms]
      [Choose CSet: 0.0 ms]
      [Ref Proc: 3.5 ms]
      [Ref Enq: 0.1 ms]
      [Redirty Cards: 0.1 ms]
      [Humongous Register: 0.1 ms]
      [Humongous Reclaim: 0.0 ms]
      [Free CSet: 0.2 ms]
   [Eden: 5712.0M(5712.0M)->0.0B(7152.0M) Survivors: 16384.0K->16384.0K Heap: 9346.7M(14336.0M)->3622.0M(14336.0M)]
 [Times: user=0.10 sys=0.01, real=0.01 secs] 
2022-07-30T15:47:21.077-0700: 758212.582: [GC pause (G1 Evacuation Pause) (young), 0.0118050 secs]
   [Parallel Time: 6.6 ms, GC Workers: 8]
      [GC Worker Start (ms): Min: 758212582.1, Avg: 758212582.2, Max: 758212582.3, Diff: 0.2]
      [Ext Root Scanning (ms): Min: 1.1, Avg: 1.8, Max: 5.1, Diff: 4.0, Sum: 14.1]
      [Update RS (ms): Min: 0.0, Avg: 2.8, Max: 3.8, Diff: 3.8, Sum: 22.2]
         [Processed Buffers: Min: 0, Avg: 11.0, Max: 19, Diff: 19, Sum: 88]
      [Scan RS (ms): Min: 0.0, Avg: 0.0, Max: 0.1, Diff: 0.1, Sum: 0.4]
      [Code Root Scanning (ms): Min: 0.0, Avg: 0.0, Max: 0.0, Diff: 0.0, Sum: 0.0]
      [Object Copy (ms): Min: 1.2, Avg: 1.6, Max: 1.8, Diff: 0.6, Sum: 13.0]
      [Termination (ms): Min: 0.0, Avg: 0.0, Max: 0.0, Diff: 0.0, Sum: 0.1]
         [Termination Attempts: Min: 19, Avg: 27.0, Max: 32, Diff: 13, Sum: 216]
      [GC Worker Other (ms): Min: 0.0, Avg: 0.1, Max: 0.1, Diff: 0.1, Sum: 0.5]
      [GC Worker Total (ms): Min: 6.2, Avg: 6.3, Max: 6.4, Diff: 0.2, Sum: 50.3]
      [GC Worker End (ms): Min: 758212588.4, Avg: 758212588.5, Max: 758212588.5, Diff: 0.1]
   [Code Root Fixup: 0.0 ms]
   [Code Root Purge: 0.0 ms]
   [Clear CT: 0.7 ms]
   [Other: 4.5 ms]
      [Choose CSet: 0.0 ms]
      [Ref Proc: 3.8 ms]
      [Ref Enq: 0.1 ms]
      [Redirty Cards: 0.1 ms]
      [Humongous Register: 0.1 ms]
      [Humongous Reclaim: 0.0 ms]
      [Free CSet: 0.3 ms]
   [Eden: 7152.0M(7152.0M)->0.0B(7152.0M) Survivors: 16384.0K->16384.0K Heap: 10774.0M(14336.0M)->3627.1M(14336.0M)]
 [Times: user=0.07 sys=0.00, real=0.01 secs] 
2022-07-30T15:49:15.613-0700: 758327.118: [GC pause (G1 Evacuation Pause) (young) (initial-mark), 0.0171098 secs]
   [Parallel Time: 12.0 ms, GC Workers: 8]
      [GC Worker Start (ms): Min: 758327119.7, Avg: 758327119.8, Max: 758327119.9, Diff: 0.2]
      [Ext Root Scanning (ms): Min: 6.1, Avg: 6.3, Max: 6.5, Diff: 0.4, Sum: 50.4]
      [Update RS (ms): Min: 1.4, Avg: 1.6, Max: 2.0, Diff: 0.7, Sum: 12.7]
         [Processed Buffers: Min: 2, Avg: 5.0, Max: 9, Diff: 7, Sum: 40]
      [Scan RS (ms): Min: 0.0, Avg: 0.0, Max: 0.1, Diff: 0.1, Sum: 0.4]
      [Code Root Scanning (ms): Min: 0.0, Avg: 0.0, Max: 0.0, Diff: 0.0, Sum: 0.0]
      [Object Copy (ms): Min: 1.6, Avg: 2.1, Max: 2.4, Diff: 0.8, Sum: 16.6]
      [Termination (ms): Min: 0.0, Avg: 0.0, Max: 0.0, Diff: 0.0, Sum: 0.0]
         [Termination Attempts: Min: 1, Avg: 8.9, Max: 13, Diff: 12, Sum: 71]
      [GC Worker Other (ms): Min: 0.0, Avg: 0.1, Max: 0.1, Diff: 0.1, Sum: 0.5]
      [GC Worker Total (ms): Min: 10.0, Avg: 10.1, Max: 10.2, Diff: 0.2, Sum: 80.7]
      [GC Worker End (ms): Min: 758327129.9, Avg: 758327129.9, Max: 758327130.0, Diff: 0.1]
   [Code Root Fixup: 0.0 ms]
   [Code Root Purge: 0.0 ms]
   [Clear CT: 0.7 ms]
   [Other: 4.4 ms]
      [Choose CSet: 0.0 ms]
      [Ref Proc: 3.7 ms]
      [Ref Enq: 0.1 ms]
      [Redirty Cards: 0.1 ms]
      [Humongous Register: 0.0 ms]
      [Humongous Reclaim: 0.0 ms]
      [Free CSet: 0.3 ms]
   [Eden: 7152.0M(7152.0M)->0.0B(7152.0M) Survivors: 16384.0K->16384.0K Heap: 10779.1M(14336.0M)->3631.1M(14336.0M)]
 [Times: user=0.08 sys=0.01, real=0.02 secs] 
2022-07-30T15:49:15.630-0700: 758327.135: [GC concurrent-root-region-scan-start]
2022-07-30T15:49:15.640-0700: 758327.145: [GC concurrent-root-region-scan-end, 0.0098773 secs]
2022-07-30T15:49:15.640-0700: 758327.145: [GC concurrent-mark-start]
2022-07-30T15:49:18.340-0700: 758329.845: [GC concurrent-mark-end, 2.6994804 secs]
2022-07-30T15:49:18.340-0700: 758329.845: [GC remark 2022-07-30T15:49:18.340-0700: 758329.845: [Finalize Marking, 0.0004940 secs] 2022-07-30T15:49:18.341-0700: 758329.845: [GC ref-proc, 0.0085627 secs] 2022-07-30T15:49:18.349-0700: 758329.854: [Unloading, 0.0278997 secs], 0.0428745 secs]
 [Times: user=0.26 sys=0.00, real=0.05 secs] 
2022-07-30T15:49:18.383-0700: 758329.888: [GC cleanup 3815M->3815M(14336M), 0.0093340 secs]
 [Times: user=0.07 sys=0.00, real=0.00 secs] 
2022-07-30T15:51:10.471-0700: 758441.976: [GC pause (G1 Evacuation Pause) (young), 0.0102356 secs]
   [Parallel Time: 5.9 ms, GC Workers: 8]
      [GC Worker Start (ms): Min: 758441975.8, Avg: 758441975.9, Max: 758441976.0, Diff: 0.2]
      [Ext Root Scanning (ms): Min: 1.1, Avg: 1.8, Max: 5.6, Diff: 4.6, Sum: 14.6]
      [Update RS (ms): Min: 0.0, Avg: 1.7, Max: 2.4, Diff: 2.4, Sum: 13.9]
         [Processed Buffers: Min: 0, Avg: 5.5, Max: 10, Diff: 10, Sum: 44]
      [Scan RS (ms): Min: 0.0, Avg: 0.1, Max: 0.2, Diff: 0.2, Sum: 0.5]
      [Code Root Scanning (ms): Min: 0.0, Avg: 0.0, Max: 0.0, Diff: 0.0, Sum: 0.0]
      [Object Copy (ms): Min: 0.0, Avg: 1.6, Max: 2.1, Diff: 2.1, Sum: 13.2]
      [Termination (ms): Min: 0.0, Avg: 0.3, Max: 0.3, Diff: 0.3, Sum: 2.3]
         [Termination Attempts: Min: 1, Avg: 12.8, Max: 16, Diff: 15, Sum: 102]
      [GC Worker Other (ms): Min: 0.0, Avg: 0.0, Max: 0.1, Diff: 0.1, Sum: 0.3]
      [GC Worker Total (ms): Min: 5.6, Avg: 5.6, Max: 5.7, Diff: 0.1, Sum: 45.0]
      [GC Worker End (ms): Min: 758441981.5, Avg: 758441981.5, Max: 758441981.6, Diff: 0.1]
   [Code Root Fixup: 0.0 ms]
   [Code Root Purge: 0.0 ms]
   [Clear CT: 0.6 ms]
   [Other: 3.7 ms]
      [Choose CSet: 0.0 ms]
      [Ref Proc: 3.1 ms]
      [Ref Enq: 0.1 ms]
      [Redirty Cards: 0.1 ms]
      [Humongous Register: 0.1 ms]
      [Humongous Reclaim: 0.0 ms]
      [Free CSet: 0.3 ms]
   [Eden: 7152.0M(7152.0M)->0.0B(7152.0M) Survivors: 16384.0K->16384.0K Heap: 10783.1M(14336.0M)->3628.4M(14336.0M)]
 [Times: user=0.04 sys=0.01, real=0.01 secs] 
2022-07-30T15:53:02.425-0700: 758553.930: [GC pause (G1 Evacuation Pause) (young), 0.0103303 secs]
   [Parallel Time: 5.7 ms, GC Workers: 8]
      [GC Worker Start (ms): Min: 758553930.3, Avg: 758553930.4, Max: 758553930.5, Diff: 0.2]
      [Ext Root Scanning (ms): Min: 0.8, Avg: 1.6, Max: 5.4, Diff: 4.6, Sum: 12.4]
      [Update RS (ms): Min: 0.0, Avg: 1.5, Max: 2.1, Diff: 2.1, Sum: 12.0]
         [Processed Buffers: Min: 0, Avg: 7.0, Max: 14, Diff: 14, Sum: 56]
      [Scan RS (ms): Min: 0.0, Avg: 0.0, Max: 0.1, Diff: 0.1, Sum: 0.4]
      [Code Root Scanning (ms): Min: 0.0, Avg: 0.0, Max: 0.0, Diff: 0.0, Sum: 0.0]
      [Object Copy (ms): Min: 0.0, Avg: 2.0, Max: 2.4, Diff: 2.4, Sum: 15.8]
      [Termination (ms): Min: 0.0, Avg: 0.3, Max: 0.3, Diff: 0.3, Sum: 2.3]
         [Termination Attempts: Min: 1, Avg: 2.4, Max: 4, Diff: 3, Sum: 19]
      [GC Worker Other (ms): Min: 0.0, Avg: 0.0, Max: 0.0, Diff: 0.0, Sum: 0.1]
      [GC Worker Total (ms): Min: 5.3, Avg: 5.4, Max: 5.5, Diff: 0.1, Sum: 43.1]
      [GC Worker End (ms): Min: 758553935.8, Avg: 758553935.8, Max: 758553935.8, Diff: 0.0]
   [Code Root Fixup: 0.0 ms]
   [Code Root Purge: 0.0 ms]
   [Clear CT: 0.6 ms]
   [Other: 4.0 ms]
      [Choose CSet: 0.0 ms]
      [Ref Proc: 3.3 ms]
      [Ref Enq: 0.1 ms]
      [Redirty Cards: 0.1 ms]
      [Humongous Register: 0.1 ms]
      [Humongous Reclaim: 0.0 ms]
      [Free CSet: 0.3 ms]
   [Eden: 7152.0M(7152.0M)->0.0B(7152.0M) Survivors: 16384.0K->16384.0K Heap: 10780.4M(14336.0M)->3632.9M(14336.0M)]
 [Times: user=0.06 sys=0.00, real=0.01 secs] 
2022-07-30T15:54:57.871-0700: 758669.376: [GC pause (G1 Evacuation Pause) (young) (initial-mark), 0.0155356 secs]
   [Parallel Time: 12.2 ms, GC Workers: 8]
      [GC Worker Start (ms): Min: 758669378.2, Avg: 758669378.3, Max: 758669378.3, Diff: 0.1]
      [Ext Root Scanning (ms): Min: 5.8, Avg: 6.1, Max: 6.3, Diff: 0.6, Sum: 48.4]
      [Update RS (ms): Min: 1.1, Avg: 1.4, Max: 1.9, Diff: 0.8, Sum: 11.1]
         [Processed Buffers: Min: 2, Avg: 4.9, Max: 8, Diff: 6, Sum: 39]
      [Scan RS (ms): Min: 0.0, Avg: 0.1, Max: 0.1, Diff: 0.1, Sum: 0.4]
      [Code Root Scanning (ms): Min: 0.0, Avg: 0.0, Max: 0.0, Diff: 0.0, Sum: 0.0]
      [Object Copy (ms): Min: 1.6, Avg: 2.3, Max: 2.6, Diff: 1.1, Sum: 18.1]
      [Termination (ms): Min: 0.0, Avg: 0.0, Max: 0.0, Diff: 0.0, Sum: 0.0]
         [Termination Attempts: Min: 7, Avg: 12.0, Max: 15, Diff: 8, Sum: 96]
      [GC Worker Other (ms): Min: 0.0, Avg: 0.1, Max: 0.1, Diff: 0.1, Sum: 0.5]
      [GC Worker Total (ms): Min: 9.7, Avg: 9.8, Max: 9.9, Diff: 0.2, Sum: 78.6]
      [GC Worker End (ms): Min: 758669388.0, Avg: 758669388.1, Max: 758669388.1, Diff: 0.1]
   [Code Root Fixup: 0.0 ms]
   [Code Root Purge: 0.0 ms]
   [Clear CT: 0.8 ms]
   [Other: 2.5 ms]
      [Choose CSet: 0.0 ms]
      [Ref Proc: 1.8 ms]
      [Ref Enq: 0.1 ms]
      [Redirty Cards: 0.1 ms]
      [Humongous Register: 0.0 ms]
      [Humongous Reclaim: 0.0 ms]
      [Free CSet: 0.3 ms]
   [Eden: 7152.0M(7152.0M)->0.0B(7152.0M) Survivors: 16384.0K->16384.0K Heap: 10784.9M(14336.0M)->3630.9M(14336.0M)]
 [Times: user=0.08 sys=0.00, real=0.02 secs] 
2022-07-30T15:54:57.887-0700: 758669.391: [GC concurrent-root-region-scan-start]
2022-07-30T15:54:57.895-0700: 758669.400: [GC concurrent-root-region-scan-end, 0.0086352 secs]
2022-07-30T15:54:57.895-0700: 758669.400: [GC concurrent-mark-start]
2022-07-30T15:55:00.625-0700: 758672.130: [GC concurrent-mark-end, 2.7300158 secs]
2022-07-30T15:55:00.626-0700: 758672.130: [GC remark 2022-07-30T15:55:00.626-0700: 758672.130: [Finalize Marking, 0.0003075 secs] 2022-07-30T15:55:00.626-0700: 758672.131: [GC ref-proc, 0.0058475 secs] 2022-07-30T15:55:00.632-0700: 758672.137: [Unloading, 0.0279957 secs], 0.0399132 secs]
 [Times: user=0.26 sys=0.00, real=0.04 secs] 
2022-07-30T15:55:00.666-0700: 758672.171: [GC cleanup 3870M->3870M(14336M), 0.0089214 secs]
 [Times: user=0.07 sys=0.00, real=0.01 secs] 
2022-07-30T15:56:51.364-0700: 758782.868: [GC pause (G1 Evacuation Pause) (young), 0.0119139 secs]
   [Parallel Time: 6.6 ms, GC Workers: 8]
      [GC Worker Start (ms): Min: 758782868.4, Avg: 758782868.5, Max: 758782868.6, Diff: 0.1]
      [Ext Root Scanning (ms): Min: 1.2, Avg: 2.0, Max: 6.2, Diff: 5.0, Sum: 16.1]
      [Update RS (ms): Min: 0.0, Avg: 2.2, Max: 3.1, Diff: 3.1, Sum: 17.6]
         [Processed Buffers: Min: 0, Avg: 6.6, Max: 14, Diff: 14, Sum: 53]
      [Scan RS (ms): Min: 0.0, Avg: 0.1, Max: 0.1, Diff: 0.1, Sum: 0.4]
      [Code Root Scanning (ms): Min: 0.0, Avg: 0.0, Max: 0.0, Diff: 0.0, Sum: 0.0]
      [Object Copy (ms): Min: 0.0, Avg: 1.8, Max: 2.2, Diff: 2.2, Sum: 14.2]
      [Termination (ms): Min: 0.0, Avg: 0.1, Max: 0.2, Diff: 0.2, Sum: 1.1]
         [Termination Attempts: Min: 1, Avg: 15.0, Max: 26, Diff: 25, Sum: 120]
      [GC Worker Other (ms): Min: 0.0, Avg: 0.0, Max: 0.0, Diff: 0.0, Sum: 0.1]
      [GC Worker Total (ms): Min: 6.2, Avg: 6.2, Max: 6.3, Diff: 0.1, Sum: 49.6]
      [GC Worker End (ms): Min: 758782874.7, Avg: 758782874.7, Max: 758782874.7, Diff: 0.0]
   [Code Root Fixup: 0.0 ms]
   [Code Root Purge: 0.0 ms]
   [Clear CT: 0.6 ms]
   [Other: 4.7 ms]
      [Choose CSet: 0.0 ms]
      [Ref Proc: 4.0 ms]
      [Ref Enq: 0.1 ms]
      [Redirty Cards: 0.1 ms]
      [Humongous Register: 0.1 ms]
      [Humongous Reclaim: 0.0 ms]
      [Free CSet: 0.3 ms]
   [Eden: 7152.0M(7152.0M)->0.0B(5712.0M) Survivors: 16384.0K->16384.0K Heap: 10782.9M(14336.0M)->3632.6M(14336.0M)]
 [Times: user=0.06 sys=0.00, real=0.01 secs] 
2022-07-30T15:58:20.962-0700: 758872.466: [GC pause (G1 Evacuation Pause) (mixed), 0.0119535 secs]
   [Parallel Time: 9.2 ms, GC Workers: 8]
      [GC Worker Start (ms): Min: 758872466.5, Avg: 758872466.6, Max: 758872466.7, Diff: 0.2]
      [Ext Root Scanning (ms): Min: 1.3, Avg: 2.3, Max: 7.2, Diff: 5.9, Sum: 18.0]
      [Update RS (ms): Min: 0.0, Avg: 1.8, Max: 2.7, Diff: 2.7, Sum: 14.7]
         [Processed Buffers: Min: 0, Avg: 5.9, Max: 13, Diff: 13, Sum: 47]
      [Scan RS (ms): Min: 0.0, Avg: 0.7, Max: 1.1, Diff: 1.0, Sum: 5.9]
      [Code Root Scanning (ms): Min: 0.0, Avg: 0.0, Max: 0.1, Diff: 0.1, Sum: 0.1]
      [Object Copy (ms): Min: 1.8, Avg: 4.1, Max: 4.5, Diff: 2.8, Sum: 32.8]
      [Termination (ms): Min: 0.0, Avg: 0.0, Max: 0.0, Diff: 0.0, Sum: 0.1]
         [Termination Attempts: Min: 21, Avg: 25.6, Max: 29, Diff: 8, Sum: 205]
      [GC Worker Other (ms): Min: 0.0, Avg: 0.1, Max: 0.1, Diff: 0.1, Sum: 0.5]
      [GC Worker Total (ms): Min: 8.9, Avg: 9.0, Max: 9.1, Diff: 0.2, Sum: 72.1]
      [GC Worker End (ms): Min: 758872475.6, Avg: 758872475.6, Max: 758872475.7, Diff: 0.1]
   [Code Root Fixup: 0.0 ms]
   [Code Root Purge: 0.0 ms]
   [Clear CT: 0.7 ms]
   [Other: 2.1 ms]
      [Choose CSet: 0.0 ms]
      [Ref Proc: 1.5 ms]
      [Ref Enq: 0.1 ms]
      [Redirty Cards: 0.1 ms]
      [Humongous Register: 0.1 ms]
      [Humongous Reclaim: 0.0 ms]
      [Free CSet: 0.2 ms]
   [Eden: 5712.0M(5712.0M)->0.0B(7152.0M) Survivors: 16384.0K->16384.0K Heap: 9344.6M(14336.0M)->3625.4M(14336.0M)]
 [Times: user=0.08 sys=0.00, real=0.01 secs] 
2022-07-30T16:00:14.027-0700: 758985.532: [GC pause (G1 Evacuation Pause) (young), 0.0126030 secs]
   [Parallel Time: 7.4 ms, GC Workers: 8]
      [GC Worker Start (ms): Min: 758985532.0, Avg: 758985532.1, Max: 758985532.1, Diff: 0.1]
      [Ext Root Scanning (ms): Min: 1.2, Avg: 1.9, Max: 5.5, Diff: 4.4, Sum: 15.4]
      [Update RS (ms): Min: 0.0, Avg: 3.2, Max: 4.1, Diff: 4.1, Sum: 25.3]
         [Processed Buffers: Min: 0, Avg: 10.2, Max: 16, Diff: 16, Sum: 82]
      [Scan RS (ms): Min: 0.0, Avg: 0.0, Max: 0.1, Diff: 0.1, Sum: 0.4]
      [Code Root Scanning (ms): Min: 0.0, Avg: 0.0, Max: 0.0, Diff: 0.0, Sum: 0.0]
      [Object Copy (ms): Min: 1.6, Avg: 1.9, Max: 2.1, Diff: 0.6, Sum: 15.6]
      [Termination (ms): Min: 0.0, Avg: 0.0, Max: 0.0, Diff: 0.0, Sum: 0.0]
         [Termination Attempts: Min: 1, Avg: 1.2, Max: 2, Diff: 1, Sum: 10]
      [GC Worker Other (ms): Min: 0.0, Avg: 0.1, Max: 0.1, Diff: 0.1, Sum: 0.4]
      [GC Worker Total (ms): Min: 7.1, Avg: 7.1, Max: 7.3, Diff: 0.2, Sum: 57.1]
      [GC Worker End (ms): Min: 758985539.2, Avg: 758985539.2, Max: 758985539.3, Diff: 0.1]
   [Code Root Fixup: 0.0 ms]
   [Code Root Purge: 0.0 ms]
   [Clear CT: 0.8 ms]
   [Other: 4.5 ms]
      [Choose CSet: 0.0 ms]
      [Ref Proc: 3.8 ms]
      [Ref Enq: 0.1 ms]
      [Redirty Cards: 0.1 ms]
      [Humongous Register: 0.1 ms]
      [Humongous Reclaim: 0.0 ms]
      [Free CSet: 0.3 ms]
   [Eden: 7152.0M(7152.0M)->0.0B(7152.0M) Survivors: 16384.0K->16384.0K Heap: 10777.4M(14336.0M)->3627.7M(14336.0M)]
 [Times: user=0.07 sys=0.00, real=0.01 secs] 
2022-07-30T16:07:30.742-0700: 759422.247: [GC pause (G1 Evacuation Pause) (young) (initial-mark), 0.0222679 secs]
   [Parallel Time: 17.0 ms, GC Workers: 8]
      [GC Worker Start (ms): Min: 759422248.7, Avg: 759422248.8, Max: 759422248.9, Diff: 0.2]
      [Ext Root Scanning (ms): Min: 6.3, Avg: 6.6, Max: 6.9, Diff: 0.6, Sum: 52.5]
      [Update RS (ms): Min: 4.7, Avg: 4.9, Max: 5.1, Diff: 0.3, Sum: 39.2]
         [Processed Buffers: Min: 11, Avg: 15.9, Max: 28, Diff: 17, Sum: 127]
      [Scan RS (ms): Min: 0.0, Avg: 0.1, Max: 0.1, Diff: 0.1, Sum: 0.4]
      [Code Root Scanning (ms): Min: 0.0, Avg: 0.0, Max: 0.0, Diff: 0.0, Sum: 0.0]
      [Object Copy (ms): Min: 2.8, Avg: 3.2, Max: 3.5, Diff: 0.6, Sum: 25.8]
      [Termination (ms): Min: 0.0, Avg: 0.0, Max: 0.0, Diff: 0.0, Sum: 0.0]
         [Termination Attempts: Min: 1, Avg: 2.8, Max: 4, Diff: 3, Sum: 22]
      [GC Worker Other (ms): Min: 0.0, Avg: 0.1, Max: 0.2, Diff: 0.1, Sum: 0.5]
      [GC Worker Total (ms): Min: 14.7, Avg: 14.8, Max: 14.9, Diff: 0.1, Sum: 118.4]
      [GC Worker End (ms): Min: 759422263.6, Avg: 759422263.6, Max: 759422263.7, Diff: 0.1]
   [Code Root Fixup: 0.0 ms]
   [Code Root Purge: 0.0 ms]
   [Clear CT: 0.7 ms]
   [Other: 4.5 ms]
      [Choose CSet: 0.0 ms]
      [Ref Proc: 3.8 ms]
      [Ref Enq: 0.1 ms]
      [Redirty Cards: 0.1 ms]
      [Humongous Register: 0.0 ms]
      [Humongous Reclaim: 0.0 ms]
      [Free CSet: 0.3 ms]
   [Eden: 7152.0M(7152.0M)->0.0B(7152.0M) Survivors: 16384.0K->16384.0K Heap: 10779.7M(14336.0M)->3634.7M(14336.0M)]
 [Times: user=0.12 sys=0.00, real=0.03 secs] 
2022-07-30T16:07:30.764-0700: 759422.269: [GC concurrent-root-region-scan-start]
2022-07-30T16:07:30.778-0700: 759422.283: [GC concurrent-root-region-scan-end, 0.0139310 secs]
2022-07-30T16:07:30.778-0700: 759422.283: [GC concurrent-mark-start]
2022-07-30T16:07:33.398-0700: 759424.903: [GC concurrent-mark-end, 2.6197337 secs]
2022-07-30T16:07:33.398-0700: 759424.903: [GC remark 2022-07-30T16:07:33.398-0700: 759424.903: [Finalize Marking, 0.0003142 secs] 2022-07-30T16:07:33.399-0700: 759424.903: [GC ref-proc, 0.0068096 secs] 2022-07-30T16:07:33.406-0700: 759424.910: [Unloading, 0.0276236 secs], 0.0405413 secs]
 [Times: user=0.26 sys=0.00, real=0.04 secs] 
2022-07-30T16:07:33.439-0700: 759424.944: [GC cleanup 3666M->3666M(14336M), 0.0089276 secs]
 [Times: user=0.07 sys=0.00, real=0.01 secs] 
2022-07-30T16:24:10.859-0700: 760422.364: [GC pause (G1 Evacuation Pause) (young), 0.0134183 secs]
   [Parallel Time: 8.1 ms, GC Workers: 8]
      [GC Worker Start (ms): Min: 760422364.0, Avg: 760422364.0, Max: 760422364.1, Diff: 0.1]
      [Ext Root Scanning (ms): Min: 1.2, Avg: 2.0, Max: 5.7, Diff: 4.5, Sum: 15.7]
      [Update RS (ms): Min: 0.0, Avg: 2.9, Max: 3.6, Diff: 3.6, Sum: 23.0]
         [Processed Buffers: Min: 0, Avg: 26.4, Max: 74, Diff: 74, Sum: 211]
      [Scan RS (ms): Min: 0.0, Avg: 0.1, Max: 0.1, Diff: 0.1, Sum: 0.5]
      [Code Root Scanning (ms): Min: 0.0, Avg: 0.0, Max: 0.0, Diff: 0.0, Sum: 0.0]
      [Object Copy (ms): Min: 2.1, Avg: 2.9, Max: 3.1, Diff: 1.0, Sum: 23.3]
      [Termination (ms): Min: 0.0, Avg: 0.0, Max: 0.0, Diff: 0.0, Sum: 0.0]
         [Termination Attempts: Min: 1, Avg: 2.6, Max: 6, Diff: 5, Sum: 21]
      [GC Worker Other (ms): Min: 0.0, Avg: 0.1, Max: 0.1, Diff: 0.1, Sum: 0.5]
      [GC Worker Total (ms): Min: 7.8, Avg: 7.9, Max: 8.0, Diff: 0.2, Sum: 63.1]
      [GC Worker End (ms): Min: 760422371.9, Avg: 760422371.9, Max: 760422372.0, Diff: 0.1]
   [Code Root Fixup: 0.0 ms]
   [Code Root Purge: 0.0 ms]
   [Clear CT: 0.8 ms]
   [Other: 4.5 ms]
      [Choose CSet: 0.0 ms]
      [Ref Proc: 3.8 ms]
      [Ref Enq: 0.1 ms]
      [Redirty Cards: 0.1 ms]
      [Humongous Register: 0.0 ms]
      [Humongous Reclaim: 0.0 ms]
      [Free CSet: 0.3 ms]
   [Eden: 7152.0M(7152.0M)->0.0B(5712.0M) Survivors: 16384.0K->16384.0K Heap: 10786.7M(14336.0M)->3634.6M(14336.0M)]
 [Times: user=0.08 sys=0.00, real=0.01 secs] 
2022-07-30T16:38:00.813-0700: 761252.318: [GC pause (G1 Evacuation Pause) (mixed), 0.0332166 secs]
   [Parallel Time: 30.0 ms, GC Workers: 8]
      [GC Worker Start (ms): Min: 761252318.2, Avg: 761252318.2, Max: 761252318.3, Diff: 0.1]
      [Ext Root Scanning (ms): Min: 1.0, Avg: 1.9, Max: 6.3, Diff: 5.2, Sum: 15.0]
      [Update RS (ms): Min: 0.0, Avg: 4.0, Max: 4.9, Diff: 4.9, Sum: 31.7]
         [Processed Buffers: Min: 0, Avg: 27.0, Max: 89, Diff: 89, Sum: 216]
      [Scan RS (ms): Min: 2.9, Avg: 3.1, Max: 3.2, Diff: 0.3, Sum: 24.5]
      [Code Root Scanning (ms): Min: 0.0, Avg: 0.0, Max: 0.0, Diff: 0.0, Sum: 0.0]
      [Object Copy (ms): Min: 20.5, Avg: 20.8, Max: 20.9, Diff: 0.4, Sum: 166.2]
      [Termination (ms): Min: 0.0, Avg: 0.0, Max: 0.0, Diff: 0.0, Sum: 0.0]
         [Termination Attempts: Min: 1, Avg: 19.5, Max: 27, Diff: 26, Sum: 156]
      [GC Worker Other (ms): Min: 0.0, Avg: 0.1, Max: 0.1, Diff: 0.1, Sum: 0.4]
      [GC Worker Total (ms): Min: 29.7, Avg: 29.7, Max: 29.8, Diff: 0.2, Sum: 237.9]
      [GC Worker End (ms): Min: 761252347.9, Avg: 761252348.0, Max: 761252348.0, Diff: 0.1]
   [Code Root Fixup: 0.0 ms]
   [Code Root Purge: 0.0 ms]
   [Clear CT: 0.8 ms]
   [Other: 2.4 ms]
      [Choose CSet: 0.0 ms]
      [Ref Proc: 1.6 ms]
      [Ref Enq: 0.1 ms]
      [Redirty Cards: 0.2 ms]
      [Humongous Register: 0.1 ms]
      [Humongous Reclaim: 0.0 ms]
      [Free CSet: 0.3 ms]
   [Eden: 5712.0M(5712.0M)->0.0B(7152.0M) Survivors: 16384.0K->16384.0K Heap: 9346.6M(14336.0M)->3595.3M(14336.0M)]
 [Times: user=0.25 sys=0.00, real=0.04 secs] 
2022-07-30T16:54:33.361-0700: 762244.866: [GC pause (G1 Evacuation Pause) (young), 0.0122707 secs]
   [Parallel Time: 9.4 ms, GC Workers: 8]
      [GC Worker Start (ms): Min: 762244866.0, Avg: 762244866.0, Max: 762244866.1, Diff: 0.1]
      [Ext Root Scanning (ms): Min: 1.2, Avg: 1.9, Max: 5.4, Diff: 4.3, Sum: 15.3]
      [Update RS (ms): Min: 2.5, Avg: 5.6, Max: 6.4, Diff: 3.9, Sum: 45.0]
         [Processed Buffers: Min: 15, Avg: 34.5, Max: 74, Diff: 59, Sum: 276]
      [Scan RS (ms): Min: 0.0, Avg: 0.1, Max: 0.1, Diff: 0.1, Sum: 0.5]
      [Code Root Scanning (ms): Min: 0.0, Avg: 0.0, Max: 0.0, Diff: 0.0, Sum: 0.0]
      [Object Copy (ms): Min: 1.1, Avg: 1.5, Max: 1.7, Diff: 0.6, Sum: 12.0]
      [Termination (ms): Min: 0.0, Avg: 0.0, Max: 0.0, Diff: 0.0, Sum: 0.0]
         [Termination Attempts: Min: 1, Avg: 1.0, Max: 1, Diff: 0, Sum: 8]
      [GC Worker Other (ms): Min: 0.0, Avg: 0.1, Max: 0.1, Diff: 0.1, Sum: 0.4]
      [GC Worker Total (ms): Min: 9.1, Avg: 9.2, Max: 9.2, Diff: 0.1, Sum: 73.2]
      [GC Worker End (ms): Min: 762244875.2, Avg: 762244875.2, Max: 762244875.2, Diff: 0.1]
   [Code Root Fixup: 0.0 ms]
   [Code Root Purge: 0.0 ms]
   [Clear CT: 0.8 ms]
   [Other: 2.1 ms]
      [Choose CSet: 0.0 ms]
      [Ref Proc: 1.5 ms]
      [Ref Enq: 0.1 ms]
      [Redirty Cards: 0.1 ms]
      [Humongous Register: 0.1 ms]
      [Humongous Reclaim: 0.0 ms]
      [Free CSet: 0.3 ms]
   [Eden: 7152.0M(7152.0M)->0.0B(7152.0M) Survivors: 16384.0K->16384.0K Heap: 10747.3M(14336.0M)->3627.2M(14336.0M)]
 [Times: user=0.09 sys=0.00, real=0.01 secs] 
2022-07-30T17:11:03.463-0700: 763234.968: [GC pause (G1 Evacuation Pause) (young) (initial-mark), 0.0168234 secs]
   [Parallel Time: 11.0 ms, GC Workers: 8]
      [GC Worker Start (ms): Min: 763234970.2, Avg: 763234970.3, Max: 763234970.3, Diff: 0.1]
      [Ext Root Scanning (ms): Min: 6.6, Avg: 6.8, Max: 7.0, Diff: 0.4, Sum: 54.5]
      [Update RS (ms): Min: 0.2, Avg: 0.3, Max: 0.7, Diff: 0.5, Sum: 2.7]
         [Processed Buffers: Min: 1, Avg: 22.4, Max: 54, Diff: 53, Sum: 179]
      [Scan RS (ms): Min: 0.0, Avg: 0.1, Max: 0.1, Diff: 0.1, Sum: 0.6]
      [Code Root Scanning (ms): Min: 0.0, Avg: 0.0, Max: 0.0, Diff: 0.0, Sum: 0.0]
      [Object Copy (ms): Min: 0.6, Avg: 1.1, Max: 1.3, Diff: 0.7, Sum: 8.9]
      [Termination (ms): Min: 0.0, Avg: 0.0, Max: 0.0, Diff: 0.0, Sum: 0.1]
         [Termination Attempts: Min: 18, Avg: 27.9, Max: 36, Diff: 18, Sum: 223]
      [GC Worker Other (ms): Min: 0.0, Avg: 0.1, Max: 0.1, Diff: 0.1, Sum: 0.5]
      [GC Worker Total (ms): Min: 8.4, Avg: 8.4, Max: 8.5, Diff: 0.1, Sum: 67.2]
      [GC Worker End (ms): Min: 763234978.6, Avg: 763234978.7, Max: 763234978.7, Diff: 0.1]
   [Code Root Fixup: 0.0 ms]
   [Code Root Purge: 0.0 ms]
   [Clear CT: 0.8 ms]
   [Other: 5.1 ms]
      [Choose CSet: 0.0 ms]
      [Ref Proc: 4.3 ms]
      [Ref Enq: 0.1 ms]
      [Redirty Cards: 0.1 ms]
      [Humongous Register: 0.0 ms]
      [Humongous Reclaim: 0.0 ms]
      [Free CSet: 0.3 ms]
   [Eden: 7152.0M(7152.0M)->0.0B(7152.0M) Survivors: 16384.0K->16384.0K Heap: 10779.2M(14336.0M)->3648.2M(14336.0M)]
 [Times: user=0.08 sys=0.00, real=0.02 secs] 
2022-07-30T17:11:03.485-0700: 763234.990: [GC concurrent-root-region-scan-start]
2022-07-30T17:11:03.491-0700: 763234.996: [GC concurrent-root-region-scan-end, 0.0058231 secs]
2022-07-30T17:11:03.491-0700: 763234.996: [GC concurrent-mark-start]
2022-07-30T17:11:05.978-0700: 763237.482: [GC concurrent-mark-end, 2.4867244 secs]
2022-07-30T17:11:05.978-0700: 763237.483: [GC remark 2022-07-30T17:11:05.978-0700: 763237.483: [Finalize Marking, 0.0001936 secs] 2022-07-30T17:11:05.978-0700: 763237.483: [GC ref-proc, 0.0107873 secs] 2022-07-30T17:11:05.989-0700: 763237.494: [Unloading, 0.0308313 secs], 0.0473574 secs]
 [Times: user=0.27 sys=0.00, real=0.05 secs] 
2022-07-30T17:11:06.026-0700: 763237.530: [GC cleanup 3720M->3720M(14336M), 0.0091195 secs]
 [Times: user=0.06 sys=0.00, real=0.01 secs] 
2022-07-30T17:27:27.963-0700: 764219.468: [GC pause (G1 Evacuation Pause) (young), 0.0116072 secs]
   [Parallel Time: 6.1 ms, GC Workers: 8]
      [GC Worker Start (ms): Min: 764219468.0, Avg: 764219468.1, Max: 764219468.2, Diff: 0.1]
      [Ext Root Scanning (ms): Min: 1.1, Avg: 1.9, Max: 5.8, Diff: 4.7, Sum: 15.2]
      [Update RS (ms): Min: 0.0, Avg: 0.4, Max: 0.8, Diff: 0.8, Sum: 3.3]
         [Processed Buffers: Min: 0, Avg: 20.1, Max: 46, Diff: 46, Sum: 161]
      [Scan RS (ms): Min: 0.0, Avg: 0.1, Max: 0.2, Diff: 0.2, Sum: 0.6]
      [Code Root Scanning (ms): Min: 0.0, Avg: 0.0, Max: 0.0, Diff: 0.0, Sum: 0.0]
      [Object Copy (ms): Min: 0.0, Avg: 0.4, Max: 0.6, Diff: 0.6, Sum: 3.4]
      [Termination (ms): Min: 0.0, Avg: 3.0, Max: 3.5, Diff: 3.5, Sum: 24.2]
         [Termination Attempts: Min: 1, Avg: 2.5, Max: 5, Diff: 4, Sum: 20]
      [GC Worker Other (ms): Min: 0.0, Avg: 0.0, Max: 0.0, Diff: 0.0, Sum: 0.2]
      [GC Worker Total (ms): Min: 5.8, Avg: 5.8, Max: 5.9, Diff: 0.1, Sum: 46.8]
      [GC Worker End (ms): Min: 764219473.9, Avg: 764219473.9, Max: 764219474.0, Diff: 0.0]
   [Code Root Fixup: 0.0 ms]
   [Code Root Purge: 0.0 ms]
   [Clear CT: 0.6 ms]
   [Other: 4.9 ms]
      [Choose CSet: 0.0 ms]
      [Ref Proc: 4.2 ms]
      [Ref Enq: 0.1 ms]
      [Redirty Cards: 0.1 ms]
      [Humongous Register: 0.1 ms]
      [Humongous Reclaim: 0.0 ms]
      [Free CSet: 0.3 ms]
   [Eden: 7152.0M(7152.0M)->0.0B(5712.0M) Survivors: 16384.0K->16384.0K Heap: 10800.2M(14336.0M)->3646.2M(14336.0M)]
 [Times: user=0.06 sys=0.00, real=0.01 secs] 
2022-07-30T17:40:46.662-0700: 765018.167: [GC pause (G1 Evacuation Pause) (mixed), 0.0150781 secs]
   [Parallel Time: 11.8 ms, GC Workers: 8]
      [GC Worker Start (ms): Min: 765018167.3, Avg: 765018167.4, Max: 765018167.5, Diff: 0.2]
      [Ext Root Scanning (ms): Min: 1.1, Avg: 2.2, Max: 7.9, Diff: 6.8, Sum: 17.6]
      [Update RS (ms): Min: 0.0, Avg: 0.3, Max: 0.8, Diff: 0.8, Sum: 2.6]
         [Processed Buffers: Min: 0, Avg: 18.4, Max: 59, Diff: 59, Sum: 147]
      [Scan RS (ms): Min: 0.1, Avg: 1.9, Max: 2.3, Diff: 2.2, Sum: 14.8]
      [Code Root Scanning (ms): Min: 0.0, Avg: 0.0, Max: 0.1, Diff: 0.1, Sum: 0.1]
      [Object Copy (ms): Min: 3.4, Avg: 7.0, Max: 7.6, Diff: 4.2, Sum: 55.8]
      [Termination (ms): Min: 0.0, Avg: 0.0, Max: 0.0, Diff: 0.0, Sum: 0.0]
         [Termination Attempts: Min: 1, Avg: 2.4, Max: 4, Diff: 3, Sum: 19]
      [GC Worker Other (ms): Min: 0.0, Avg: 0.1, Max: 0.2, Diff: 0.2, Sum: 0.7]
      [GC Worker Total (ms): Min: 11.3, Avg: 11.5, Max: 11.6, Diff: 0.3, Sum: 91.6]
      [GC Worker End (ms): Min: 765018178.8, Avg: 765018178.9, Max: 765018179.0, Diff: 0.1]
   [Code Root Fixup: 0.0 ms]
   [Code Root Purge: 0.0 ms]
   [Clear CT: 1.0 ms]
   [Other: 2.3 ms]
      [Choose CSet: 0.1 ms]
      [Ref Proc: 1.5 ms]
      [Ref Enq: 0.1 ms]
      [Redirty Cards: 0.1 ms]
      [Humongous Register: 0.1 ms]
      [Humongous Reclaim: 0.0 ms]
      [Free CSet: 0.3 ms]
   [Eden: 5712.0M(5712.0M)->0.0B(7152.0M) Survivors: 16384.0K->16384.0K Heap: 9358.2M(14336.0M)->3403.7M(14336.0M)]
 [Times: user=0.11 sys=0.00, real=0.02 secs] 
2022-07-30T17:57:23.761-0700: 766015.266: [GC pause (G1 Evacuation Pause) (young), 0.0141345 secs]
   [Parallel Time: 9.9 ms, GC Workers: 8]
      [GC Worker Start (ms): Min: 766015266.1, Avg: 766015266.2, Max: 766015266.3, Diff: 0.1]
      [Ext Root Scanning (ms): Min: 1.2, Avg: 2.0, Max: 5.8, Diff: 4.6, Sum: 16.1]
      [Update RS (ms): Min: 3.6, Avg: 7.0, Max: 7.9, Diff: 4.3, Sum: 56.3]
         [Processed Buffers: Min: 21, Avg: 37.6, Max: 52, Diff: 31, Sum: 301]
      [Scan RS (ms): Min: 0.0, Avg: 0.1, Max: 0.1, Diff: 0.1, Sum: 0.4]
      [Code Root Scanning (ms): Min: 0.0, Avg: 0.0, Max: 0.0, Diff: 0.0, Sum: 0.0]
      [Object Copy (ms): Min: 0.2, Avg: 0.5, Max: 0.6, Diff: 0.4, Sum: 3.7]
      [Termination (ms): Min: 0.0, Avg: 0.0, Max: 0.0, Diff: 0.0, Sum: 0.1]
         [Termination Attempts: Min: 1, Avg: 4.6, Max: 9, Diff: 8, Sum: 37]
      [GC Worker Other (ms): Min: 0.0, Avg: 0.0, Max: 0.1, Diff: 0.1, Sum: 0.3]
      [GC Worker Total (ms): Min: 9.6, Avg: 9.6, Max: 9.8, Diff: 0.2, Sum: 77.0]
      [GC Worker End (ms): Min: 766015275.8, Avg: 766015275.9, Max: 766015275.9, Diff: 0.1]
   [Code Root Fixup: 0.0 ms]
   [Code Root Purge: 0.0 ms]
   [Clear CT: 0.6 ms]
   [Other: 3.6 ms]
      [Choose CSet: 0.0 ms]
      [Ref Proc: 3.0 ms]
      [Ref Enq: 0.1 ms]
      [Redirty Cards: 0.1 ms]
      [Humongous Register: 0.1 ms]
      [Humongous Reclaim: 0.0 ms]
      [Free CSet: 0.3 ms]
   [Eden: 7152.0M(7152.0M)->0.0B(7152.0M) Survivors: 16384.0K->16384.0K Heap: 10555.7M(14336.0M)->3411.7M(14336.0M)]
 [Times: user=0.09 sys=0.00, real=0.02 secs] 
2022-07-30T18:14:13.162-0700: 767024.667: [GC pause (G1 Evacuation Pause) (young) (initial-mark), 0.0151998 secs]
   [Parallel Time: 9.4 ms, GC Workers: 8]
      [GC Worker Start (ms): Min: 767024668.8, Avg: 767024668.8, Max: 767024668.9, Diff: 0.1]
      [Ext Root Scanning (ms): Min: 5.9, Avg: 6.2, Max: 6.5, Diff: 0.6, Sum: 49.7]
      [Update RS (ms): Min: 0.2, Avg: 0.3, Max: 0.5, Diff: 0.3, Sum: 2.3]
         [Processed Buffers: Min: 1, Avg: 20.6, Max: 42, Diff: 41, Sum: 165]
      [Scan RS (ms): Min: 0.0, Avg: 0.1, Max: 0.1, Diff: 0.1, Sum: 0.5]
      [Code Root Scanning (ms): Min: 0.0, Avg: 0.0, Max: 0.0, Diff: 0.0, Sum: 0.0]
      [Object Copy (ms): Min: 0.1, Avg: 0.5, Max: 0.7, Diff: 0.6, Sum: 3.9]
      [Termination (ms): Min: 0.0, Avg: 0.0, Max: 0.0, Diff: 0.0, Sum: 0.2]
         [Termination Attempts: Min: 1, Avg: 5.1, Max: 9, Diff: 8, Sum: 41]
      [GC Worker Other (ms): Min: 0.0, Avg: 0.0, Max: 0.1, Diff: 0.1, Sum: 0.3]
      [GC Worker Total (ms): Min: 7.0, Avg: 7.1, Max: 7.2, Diff: 0.2, Sum: 57.0]
      [GC Worker End (ms): Min: 767024675.9, Avg: 767024676.0, Max: 767024676.0, Diff: 0.1]
   [Code Root Fixup: 0.0 ms]
   [Code Root Purge: 0.0 ms]
   [Clear CT: 0.7 ms]
   [Other: 5.1 ms]
      [Choose CSet: 0.0 ms]
      [Ref Proc: 4.2 ms]
      [Ref Enq: 0.1 ms]
      [Redirty Cards: 0.2 ms]
      [Humongous Register: 0.0 ms]
      [Humongous Reclaim: 0.0 ms]
      [Free CSet: 0.3 ms]
   [Eden: 7152.0M(7152.0M)->0.0B(7152.0M) Survivors: 16384.0K->16384.0K Heap: 10563.7M(14336.0M)->3413.7M(14336.0M)]
 [Times: user=0.05 sys=0.01, real=0.02 secs] 
2022-07-30T18:14:13.177-0700: 767024.682: [GC concurrent-root-region-scan-start]
2022-07-30T18:14:13.183-0700: 767024.687: [GC concurrent-root-region-scan-end, 0.0050890 secs]
2022-07-30T18:14:13.183-0700: 767024.687: [GC concurrent-mark-start]
2022-07-30T18:14:15.673-0700: 767027.177: [GC concurrent-mark-end, 2.4900133 secs]
2022-07-30T18:14:15.673-0700: 767027.178: [GC remark 2022-07-30T18:14:15.673-0700: 767027.178: [Finalize Marking, 0.0003209 secs] 2022-07-30T18:14:15.673-0700: 767027.178: [GC ref-proc, 0.0086932 secs] 2022-07-30T18:14:15.682-0700: 767027.187: [Unloading, 0.0274729 secs], 0.0419301 secs]
 [Times: user=0.26 sys=0.00, real=0.05 secs] 
2022-07-30T18:14:15.715-0700: 767027.220: [GC cleanup 3453M->3453M(14336M), 0.0083865 secs]
 [Times: user=0.06 sys=0.00, real=0.01 secs] 
2022-07-30T18:30:52.511-0700: 768024.016: [GC pause (G1 Evacuation Pause) (young), 0.0114962 secs]
   [Parallel Time: 6.2 ms, GC Workers: 8]
      [GC Worker Start (ms): Min: 768024015.9, Avg: 768024016.0, Max: 768024016.0, Diff: 0.1]
      [Ext Root Scanning (ms): Min: 1.2, Avg: 1.9, Max: 5.8, Diff: 4.6, Sum: 15.4]
      [Update RS (ms): Min: 0.0, Avg: 0.3, Max: 0.7, Diff: 0.7, Sum: 2.7]
         [Processed Buffers: Min: 0, Avg: 21.6, Max: 63, Diff: 63, Sum: 173]
      [Scan RS (ms): Min: 0.0, Avg: 0.1, Max: 0.2, Diff: 0.1, Sum: 0.6]
      [Code Root Scanning (ms): Min: 0.0, Avg: 0.0, Max: 0.0, Diff: 0.0, Sum: 0.0]
      [Object Copy (ms): Min: 0.0, Avg: 0.5, Max: 0.7, Diff: 0.7, Sum: 3.7]
      [Termination (ms): Min: 0.0, Avg: 3.0, Max: 3.5, Diff: 3.5, Sum: 24.1]
         [Termination Attempts: Min: 1, Avg: 5.0, Max: 8, Diff: 7, Sum: 40]
      [GC Worker Other (ms): Min: 0.0, Avg: 0.0, Max: 0.0, Diff: 0.0, Sum: 0.2]
      [GC Worker Total (ms): Min: 5.8, Avg: 5.8, Max: 5.9, Diff: 0.1, Sum: 46.7]
      [GC Worker End (ms): Min: 768024021.8, Avg: 768024021.8, Max: 768024021.8, Diff: 0.0]
   [Code Root Fixup: 0.0 ms]
   [Code Root Purge: 0.0 ms]
   [Clear CT: 0.7 ms]
   [Other: 4.6 ms]
      [Choose CSet: 0.0 ms]
      [Ref Proc: 4.0 ms]
      [Ref Enq: 0.1 ms]
      [Redirty Cards: 0.1 ms]
      [Humongous Register: 0.0 ms]
      [Humongous Reclaim: 0.0 ms]
      [Free CSet: 0.3 ms]
   [Eden: 7152.0M(7152.0M)->0.0B(5712.0M) Survivors: 16384.0K->16384.0K Heap: 10565.7M(14336.0M)->3414.0M(14336.0M)]
 [Times: user=0.05 sys=0.01, real=0.01 secs] 
2022-07-30T18:44:18.212-0700: 768829.717: [GC pause (G1 Evacuation Pause) (mixed), 0.0094968 secs]
   [Parallel Time: 6.8 ms, GC Workers: 8]
      [GC Worker Start (ms): Min: 768829717.0, Avg: 768829717.1, Max: 768829717.1, Diff: 0.1]
      [Ext Root Scanning (ms): Min: 1.2, Avg: 2.1, Max: 6.6, Diff: 5.4, Sum: 16.5]
      [Update RS (ms): Min: 0.0, Avg: 0.4, Max: 0.8, Diff: 0.8, Sum: 2.8]
         [Processed Buffers: Min: 0, Avg: 20.0, Max: 46, Diff: 46, Sum: 160]
      [Scan RS (ms): Min: 0.0, Avg: 0.6, Max: 0.8, Diff: 0.8, Sum: 4.7]
      [Code Root Scanning (ms): Min: 0.0, Avg: 0.0, Max: 0.0, Diff: 0.0, Sum: 0.1]
      [Object Copy (ms): Min: 0.0, Avg: 1.9, Max: 2.3, Diff: 2.3, Sum: 15.5]
      [Termination (ms): Min: 0.0, Avg: 1.7, Max: 1.9, Diff: 1.9, Sum: 13.2]
         [Termination Attempts: Min: 1, Avg: 4.0, Max: 6, Diff: 5, Sum: 32]
      [GC Worker Other (ms): Min: 0.0, Avg: 0.0, Max: 0.0, Diff: 0.0, Sum: 0.1]
      [GC Worker Total (ms): Min: 6.6, Avg: 6.6, Max: 6.7, Diff: 0.1, Sum: 53.0]
      [GC Worker End (ms): Min: 768829723.7, Avg: 768829723.7, Max: 768829723.7, Diff: 0.0]
   [Code Root Fixup: 0.0 ms]
   [Code Root Purge: 0.0 ms]
   [Clear CT: 0.5 ms]
   [Other: 2.2 ms]
      [Choose CSet: 0.0 ms]
      [Ref Proc: 1.5 ms]
      [Ref Enq: 0.1 ms]
      [Redirty Cards: 0.1 ms]
      [Humongous Register: 0.1 ms]
      [Humongous Reclaim: 0.0 ms]
      [Free CSet: 0.2 ms]
   [Eden: 5712.0M(5712.0M)->0.0B(7152.0M) Survivors: 16384.0K->16384.0K Heap: 9126.0M(14336.0M)->3402.5M(14336.0M)]
 [Times: user=0.07 sys=0.00, real=0.01 secs] 
2022-07-30T19:00:51.312-0700: 769822.817: [GC pause (G1 Evacuation Pause) (young), 0.0112765 secs]
   [Parallel Time: 6.0 ms, GC Workers: 8]
      [GC Worker Start (ms): Min: 769822816.7, Avg: 769822816.8, Max: 769822816.9, Diff: 0.1]
      [Ext Root Scanning (ms): Min: 1.2, Avg: 1.9, Max: 5.6, Diff: 4.4, Sum: 15.3]
      [Update RS (ms): Min: 0.0, Avg: 2.4, Max: 3.0, Diff: 3.0, Sum: 19.3]
         [Processed Buffers: Min: 0, Avg: 24.8, Max: 84, Diff: 84, Sum: 198]
      [Scan RS (ms): Min: 0.0, Avg: 0.1, Max: 0.1, Diff: 0.1, Sum: 0.5]
      [Code Root Scanning (ms): Min: 0.0, Avg: 0.0, Max: 0.0, Diff: 0.0, Sum: 0.0]
      [Object Copy (ms): Min: 0.0, Avg: 0.5, Max: 0.6, Diff: 0.6, Sum: 3.7]
      [Termination (ms): Min: 0.0, Avg: 0.8, Max: 0.9, Diff: 0.9, Sum: 6.0]
         [Termination Attempts: Min: 1, Avg: 5.2, Max: 10, Diff: 9, Sum: 42]
      [GC Worker Other (ms): Min: 0.0, Avg: 0.0, Max: 0.1, Diff: 0.1, Sum: 0.3]
      [GC Worker Total (ms): Min: 5.6, Avg: 5.7, Max: 5.7, Diff: 0.1, Sum: 45.3]
      [GC Worker End (ms): Min: 769822822.4, Avg: 769822822.5, Max: 769822822.5, Diff: 0.1]
   [Code Root Fixup: 0.0 ms]
   [Code Root Purge: 0.0 ms]
   [Clear CT: 0.6 ms]
   [Other: 4.7 ms]
      [Choose CSet: 0.0 ms]
      [Ref Proc: 3.8 ms]
      [Ref Enq: 0.2 ms]
      [Redirty Cards: 0.1 ms]
      [Humongous Register: 0.1 ms]
      [Humongous Reclaim: 0.0 ms]
      [Free CSet: 0.3 ms]
   [Eden: 7152.0M(7152.0M)->0.0B(7152.0M) Survivors: 16384.0K->16384.0K Heap: 10554.5M(14336.0M)->3402.6M(14336.0M)]
 [Times: user=0.05 sys=0.01, real=0.02 secs] 
2022-07-30T19:17:24.761-0700: 770816.266: [GC pause (G1 Evacuation Pause) (young) (initial-mark), 0.0153150 secs]
   [Parallel Time: 10.4 ms, GC Workers: 8]
      [GC Worker Start (ms): Min: 770816268.0, Avg: 770816268.1, Max: 770816268.2, Diff: 0.2]
      [Ext Root Scanning (ms): Min: 6.8, Avg: 7.0, Max: 7.3, Diff: 0.6, Sum: 56.4]
      [Update RS (ms): Min: 0.1, Avg: 0.3, Max: 0.5, Diff: 0.3, Sum: 2.2]
         [Processed Buffers: Min: 1, Avg: 21.4, Max: 52, Diff: 51, Sum: 171]
      [Scan RS (ms): Min: 0.0, Avg: 0.1, Max: 0.1, Diff: 0.1, Sum: 0.5]
      [Code Root Scanning (ms): Min: 0.0, Avg: 0.0, Max: 0.0, Diff: 0.0, Sum: 0.0]
      [Object Copy (ms): Min: 0.2, Avg: 0.5, Max: 0.7, Diff: 0.5, Sum: 3.9]
      [Termination (ms): Min: 0.0, Avg: 0.0, Max: 0.0, Diff: 0.0, Sum: 0.1]
         [Termination Attempts: Min: 1, Avg: 1.2, Max: 2, Diff: 1, Sum: 10]
      [GC Worker Other (ms): Min: 0.0, Avg: 0.1, Max: 0.1, Diff: 0.1, Sum: 0.4]
      [GC Worker Total (ms): Min: 7.8, Avg: 7.9, Max: 8.1, Diff: 0.2, Sum: 63.5]
      [GC Worker End (ms): Min: 770816276.0, Avg: 770816276.0, Max: 770816276.1, Diff: 0.1]
   [Code Root Fixup: 0.0 ms]
   [Code Root Purge: 0.0 ms]
   [Clear CT: 0.6 ms]
   [Other: 4.3 ms]
      [Choose CSet: 0.0 ms]
      [Ref Proc: 3.6 ms]
      [Ref Enq: 0.1 ms]
      [Redirty Cards: 0.1 ms]
      [Humongous Register: 0.0 ms]
      [Humongous Reclaim: 0.0 ms]
      [Free CSet: 0.3 ms]
   [Eden: 7152.0M(7152.0M)->0.0B(7152.0M) Survivors: 16384.0K->16384.0K Heap: 10554.6M(14336.0M)->3402.5M(14336.0M)]
 [Times: user=0.05 sys=0.00, real=0.02 secs] 
2022-07-30T19:17:24.776-0700: 770816.281: [GC concurrent-root-region-scan-start]
2022-07-30T19:17:24.781-0700: 770816.286: [GC concurrent-root-region-scan-end, 0.0047843 secs]
2022-07-30T19:17:24.781-0700: 770816.286: [GC concurrent-mark-start]
2022-07-30T19:17:27.282-0700: 770818.787: [GC concurrent-mark-end, 2.5009115 secs]
2022-07-30T19:17:27.282-0700: 770818.787: [GC remark 2022-07-30T19:17:27.282-0700: 770818.787: [Finalize Marking, 0.0003134 secs] 2022-07-30T19:17:27.283-0700: 770818.788: [GC ref-proc, 0.0076479 secs] 2022-07-30T19:17:27.290-0700: 770818.795: [Unloading, 0.0300398 secs], 0.0437161 secs]
 [Times: user=0.26 sys=0.00, real=0.05 secs] 
2022-07-30T19:17:27.327-0700: 770818.831: [GC cleanup 3442M->3442M(14336M), 0.0084300 secs]
 [Times: user=0.06 sys=0.00, real=0.01 secs] 
2022-07-30T19:34:03.861-0700: 771815.366: [GC pause (G1 Evacuation Pause) (young), 0.0114509 secs]
   [Parallel Time: 6.1 ms, GC Workers: 8]
      [GC Worker Start (ms): Min: 771815366.3, Avg: 771815366.3, Max: 771815366.4, Diff: 0.1]
      [Ext Root Scanning (ms): Min: 1.2, Avg: 2.0, Max: 6.0, Diff: 4.8, Sum: 16.0]
      [Update RS (ms): Min: 0.0, Avg: 0.4, Max: 0.8, Diff: 0.8, Sum: 3.1]
         [Processed Buffers: Min: 0, Avg: 19.4, Max: 58, Diff: 58, Sum: 155]
      [Scan RS (ms): Min: 0.0, Avg: 0.1, Max: 0.2, Diff: 0.1, Sum: 0.7]
      [Code Root Scanning (ms): Min: 0.0, Avg: 0.0, Max: 0.0, Diff: 0.0, Sum: 0.0]
      [Object Copy (ms): Min: 0.0, Avg: 0.6, Max: 0.8, Diff: 0.8, Sum: 4.4]
      [Termination (ms): Min: 0.0, Avg: 2.9, Max: 3.4, Diff: 3.4, Sum: 23.5]
         [Termination Attempts: Min: 1, Avg: 2.9, Max: 4, Diff: 3, Sum: 23]
      [GC Worker Other (ms): Min: 0.0, Avg: 0.0, Max: 0.0, Diff: 0.0, Sum: 0.1]
      [GC Worker Total (ms): Min: 5.9, Avg: 6.0, Max: 6.1, Diff: 0.1, Sum: 47.9]
      [GC Worker End (ms): Min: 771815372.3, Avg: 771815372.3, Max: 771815372.3, Diff: 0.0]
   [Code Root Fixup: 0.0 ms]
   [Code Root Purge: 0.0 ms]
   [Clear CT: 0.6 ms]
   [Other: 4.7 ms]
      [Choose CSet: 0.0 ms]
      [Ref Proc: 4.1 ms]
      [Ref Enq: 0.1 ms]
      [Redirty Cards: 0.1 ms]
      [Humongous Register: 0.1 ms]
      [Humongous Reclaim: 0.0 ms]
      [Free CSet: 0.3 ms]
   [Eden: 7152.0M(7152.0M)->0.0B(5712.0M) Survivors: 16384.0K->16384.0K Heap: 10554.5M(14336.0M)->3402.7M(14336.0M)]
 [Times: user=0.07 sys=0.00, real=0.01 secs] 
2022-07-30T19:47:11.160-0700: 772602.665: [GC pause (G1 Evacuation Pause) (mixed), 0.0122708 secs]
   [Parallel Time: 7.1 ms, GC Workers: 8]
      [GC Worker Start (ms): Min: 772602665.3, Avg: 772602665.4, Max: 772602665.5, Diff: 0.2]
      [Ext Root Scanning (ms): Min: 1.3, Avg: 2.2, Max: 6.8, Diff: 5.5, Sum: 17.6]
      [Update RS (ms): Min: 0.0, Avg: 0.4, Max: 0.7, Diff: 0.7, Sum: 2.9]
         [Processed Buffers: Min: 0, Avg: 19.0, Max: 77, Diff: 77, Sum: 152]
      [Scan RS (ms): Min: 0.0, Avg: 0.5, Max: 0.7, Diff: 0.7, Sum: 4.3]
      [Code Root Scanning (ms): Min: 0.0, Avg: 0.0, Max: 0.0, Diff: 0.0, Sum: 0.1]
      [Object Copy (ms): Min: 0.0, Avg: 2.4, Max: 3.0, Diff: 3.0, Sum: 19.5]
      [Termination (ms): Min: 0.0, Avg: 1.3, Max: 1.5, Diff: 1.5, Sum: 10.3]
         [Termination Attempts: Min: 1, Avg: 1.0, Max: 1, Diff: 0, Sum: 8]
      [GC Worker Other (ms): Min: 0.0, Avg: 0.0, Max: 0.0, Diff: 0.0, Sum: 0.1]
      [GC Worker Total (ms): Min: 6.8, Avg: 6.9, Max: 6.9, Diff: 0.2, Sum: 54.8]
      [GC Worker End (ms): Min: 772602672.2, Avg: 772602672.2, Max: 772602672.3, Diff: 0.1]
   [Code Root Fixup: 0.0 ms]
   [Code Root Purge: 0.0 ms]
   [Clear CT: 0.5 ms]
   [Other: 4.6 ms]
      [Choose CSet: 0.0 ms]
      [Ref Proc: 3.9 ms]
      [Ref Enq: 0.1 ms]
      [Redirty Cards: 0.1 ms]
      [Humongous Register: 0.1 ms]
      [Humongous Reclaim: 0.0 ms]
      [Free CSet: 0.2 ms]
   [Eden: 5712.0M(5712.0M)->0.0B(7152.0M) Survivors: 16384.0K->16384.0K Heap: 9114.7M(14336.0M)->3391.5M(14336.0M)]
 [Times: user=0.07 sys=0.00, real=0.01 secs] 
2022-07-30T20:03:48.012-0700: 773599.517: [GC pause (G1 Evacuation Pause) (young), 0.0110331 secs]
   [Parallel Time: 5.9 ms, GC Workers: 8]
      [GC Worker Start (ms): Min: 773599517.1, Avg: 773599517.2, Max: 773599517.2, Diff: 0.2]
      [Ext Root Scanning (ms): Min: 1.2, Avg: 2.0, Max: 5.6, Diff: 4.3, Sum: 15.7]
      [Update RS (ms): Min: 0.0, Avg: 2.5, Max: 3.1, Diff: 3.1, Sum: 19.7]
         [Processed Buffers: Min: 0, Avg: 25.0, Max: 54, Diff: 54, Sum: 200]
      [Scan RS (ms): Min: 0.0, Avg: 0.1, Max: 0.1, Diff: 0.1, Sum: 0.5]
      [Code Root Scanning (ms): Min: 0.0, Avg: 0.0, Max: 0.0, Diff: 0.0, Sum: 0.0]
      [Object Copy (ms): Min: 0.0, Avg: 0.5, Max: 0.7, Diff: 0.7, Sum: 4.3]
      [Termination (ms): Min: 0.0, Avg: 0.5, Max: 0.6, Diff: 0.6, Sum: 3.9]
         [Termination Attempts: Min: 1, Avg: 1.0, Max: 1, Diff: 0, Sum: 8]
      [GC Worker Other (ms): Min: 0.0, Avg: 0.0, Max: 0.1, Diff: 0.1, Sum: 0.3]
      [GC Worker Total (ms): Min: 5.5, Avg: 5.6, Max: 5.6, Diff: 0.1, Sum: 44.4]
      [GC Worker End (ms): Min: 773599522.7, Avg: 773599522.7, Max: 773599522.8, Diff: 0.1]
   [Code Root Fixup: 0.0 ms]
   [Code Root Purge: 0.0 ms]
   [Clear CT: 0.6 ms]
   [Other: 4.5 ms]
      [Choose CSet: 0.0 ms]
      [Ref Proc: 3.8 ms]
      [Ref Enq: 0.2 ms]
      [Redirty Cards: 0.1 ms]
      [Humongous Register: 0.1 ms]
      [Humongous Reclaim: 0.0 ms]
      [Free CSet: 0.3 ms]
   [Eden: 7152.0M(7152.0M)->0.0B(7152.0M) Survivors: 16384.0K->16384.0K Heap: 10543.5M(14336.0M)->3391.5M(14336.0M)]
 [Times: user=0.05 sys=0.01, real=0.02 secs] 
2022-07-30T20:20:26.013-0700: 774597.517: [GC pause (G1 Evacuation Pause) (young) (initial-mark), 0.0154764 secs]
   [Parallel Time: 10.3 ms, GC Workers: 8]
      [GC Worker Start (ms): Min: 774597519.8, Avg: 774597519.9, Max: 774597519.9, Diff: 0.2]
      [Ext Root Scanning (ms): Min: 6.6, Avg: 6.8, Max: 7.2, Diff: 0.6, Sum: 54.5]
      [Update RS (ms): Min: 0.2, Avg: 0.3, Max: 0.5, Diff: 0.3, Sum: 2.2]
         [Processed Buffers: Min: 3, Avg: 20.4, Max: 69, Diff: 66, Sum: 163]
      [Scan RS (ms): Min: 0.0, Avg: 0.1, Max: 0.1, Diff: 0.1, Sum: 0.6]
      [Code Root Scanning (ms): Min: 0.0, Avg: 0.0, Max: 0.0, Diff: 0.0, Sum: 0.0]
      [Object Copy (ms): Min: 0.3, Avg: 0.5, Max: 0.8, Diff: 0.5, Sum: 4.2]
      [Termination (ms): Min: 0.0, Avg: 0.0, Max: 0.0, Diff: 0.0, Sum: 0.2]
         [Termination Attempts: Min: 1, Avg: 4.1, Max: 7, Diff: 6, Sum: 33]
      [GC Worker Other (ms): Min: 0.0, Avg: 0.0, Max: 0.1, Diff: 0.1, Sum: 0.2]
      [GC Worker Total (ms): Min: 7.7, Avg: 7.7, Max: 7.8, Diff: 0.1, Sum: 61.9]
      [GC Worker End (ms): Min: 774597527.6, Avg: 774597527.6, Max: 774597527.6, Diff: 0.0]
   [Code Root Fixup: 0.0 ms]
   [Code Root Purge: 0.0 ms]
   [Clear CT: 0.7 ms]
   [Other: 4.5 ms]
      [Choose CSet: 0.0 ms]
      [Ref Proc: 3.7 ms]
      [Ref Enq: 0.1 ms]
      [Redirty Cards: 0.1 ms]
      [Humongous Register: 0.0 ms]
      [Humongous Reclaim: 0.0 ms]
      [Free CSet: 0.3 ms]
   [Eden: 7152.0M(7152.0M)->0.0B(7152.0M) Survivors: 16384.0K->16384.0K Heap: 10543.5M(14336.0M)->3391.9M(14336.0M)]
 [Times: user=0.06 sys=0.00, real=0.02 secs] 
2022-07-30T20:20:26.028-0700: 774597.533: [GC concurrent-root-region-scan-start]
2022-07-30T20:20:26.033-0700: 774597.538: [GC concurrent-root-region-scan-end, 0.0049398 secs]
2022-07-30T20:20:26.033-0700: 774597.538: [GC concurrent-mark-start]
2022-07-30T20:20:28.519-0700: 774600.024: [GC concurrent-mark-end, 2.4859011 secs]
2022-07-30T20:20:28.519-0700: 774600.024: [GC remark 2022-07-30T20:20:28.519-0700: 774600.024: [Finalize Marking, 0.0003500 secs] 2022-07-30T20:20:28.520-0700: 774600.025: [GC ref-proc, 0.0116611 secs] 2022-07-30T20:20:28.532-0700: 774600.036: [Unloading, 0.0281573 secs], 0.0455806 secs]
 [Times: user=0.26 sys=0.00, real=0.05 secs] 
2022-07-30T20:20:28.565-0700: 774600.070: [GC cleanup 3431M->3431M(14336M), 0.0085134 secs]
 [Times: user=0.06 sys=0.00, real=0.00 secs] 
2022-07-30T20:37:14.362-0700: 775605.866: [GC pause (G1 Evacuation Pause) (young), 0.0101930 secs]
   [Parallel Time: 5.5 ms, GC Workers: 8]
      [GC Worker Start (ms): Min: 775605866.5, Avg: 775605866.5, Max: 775605866.6, Diff: 0.1]
      [Ext Root Scanning (ms): Min: 1.1, Avg: 1.9, Max: 5.3, Diff: 4.1, Sum: 15.1]
      [Update RS (ms): Min: 0.0, Avg: 0.3, Max: 0.7, Diff: 0.7, Sum: 2.6]
         [Processed Buffers: Min: 0, Avg: 22.0, Max: 62, Diff: 62, Sum: 176]
      [Scan RS (ms): Min: 0.0, Avg: 0.1, Max: 0.2, Diff: 0.1, Sum: 0.6]
      [Code Root Scanning (ms): Min: 0.0, Avg: 0.0, Max: 0.0, Diff: 0.0, Sum: 0.0]
      [Object Copy (ms): Min: 0.0, Avg: 0.4, Max: 0.7, Diff: 0.7, Sum: 3.5]
      [Termination (ms): Min: 0.0, Avg: 2.5, Max: 2.9, Diff: 2.9, Sum: 20.0]
         [Termination Attempts: Min: 1, Avg: 1.2, Max: 2, Diff: 1, Sum: 10]
      [GC Worker Other (ms): Min: 0.0, Avg: 0.0, Max: 0.1, Diff: 0.0, Sum: 0.3]
      [GC Worker Total (ms): Min: 5.2, Avg: 5.3, Max: 5.3, Diff: 0.1, Sum: 42.2]
      [GC Worker End (ms): Min: 775605871.8, Avg: 775605871.8, Max: 775605871.8, Diff: 0.0]
   [Code Root Fixup: 0.0 ms]
   [Code Root Purge: 0.0 ms]
   [Clear CT: 0.7 ms]
   [Other: 4.0 ms]
      [Choose CSet: 0.0 ms]
      [Ref Proc: 3.2 ms]
      [Ref Enq: 0.1 ms]
      [Redirty Cards: 0.1 ms]
      [Humongous Register: 0.1 ms]
      [Humongous Reclaim: 0.0 ms]
      [Free CSet: 0.3 ms]
   [Eden: 7152.0M(7152.0M)->0.0B(7152.0M) Survivors: 16384.0K->16384.0K Heap: 10543.9M(14336.0M)->3391.8M(14336.0M)]
 [Times: user=0.06 sys=0.00, real=0.01 secs] 
2022-07-30T20:53:54.635-0700: 776606.140: [GC pause (G1 Evacuation Pause) (young), 0.0099827 secs]
   [Parallel Time: 5.9 ms, GC Workers: 8]
      [GC Worker Start (ms): Min: 776606139.8, Avg: 776606139.9, Max: 776606140.0, Diff: 0.2]
      [Ext Root Scanning (ms): Min: 1.5, Avg: 2.2, Max: 5.6, Diff: 4.1, Sum: 17.9]
      [Update RS (ms): Min: 0.0, Avg: 1.2, Max: 1.9, Diff: 1.9, Sum: 9.7]
         [Processed Buffers: Min: 0, Avg: 21.2, Max: 44, Diff: 44, Sum: 170]
      [Scan RS (ms): Min: 0.0, Avg: 0.1, Max: 0.2, Diff: 0.2, Sum: 0.8]
      [Code Root Scanning (ms): Min: 0.0, Avg: 0.0, Max: 0.0, Diff: 0.0, Sum: 0.0]
      [Object Copy (ms): Min: 0.0, Avg: 0.5, Max: 0.8, Diff: 0.7, Sum: 3.7]
      [Termination (ms): Min: 0.0, Avg: 1.6, Max: 1.8, Diff: 1.8, Sum: 12.4]
         [Termination Attempts: Min: 1, Avg: 2.0, Max: 3, Diff: 2, Sum: 16]
      [GC Worker Other (ms): Min: 0.0, Avg: 0.0, Max: 0.0, Diff: 0.0, Sum: 0.2]
      [GC Worker Total (ms): Min: 5.5, Avg: 5.6, Max: 5.7, Diff: 0.1, Sum: 44.7]
      [GC Worker End (ms): Min: 776606145.5, Avg: 776606145.5, Max: 776606145.5, Diff: 0.0]
   [Code Root Fixup: 0.0 ms]
   [Code Root Purge: 0.0 ms]
   [Clear CT: 0.8 ms]
   [Other: 3.3 ms]
      [Choose CSet: 0.0 ms]
      [Ref Proc: 2.7 ms]
      [Ref Enq: 0.1 ms]
      [Redirty Cards: 0.1 ms]
      [Humongous Register: 0.1 ms]
      [Humongous Reclaim: 0.0 ms]
      [Free CSet: 0.3 ms]
   [Eden: 7152.0M(7152.0M)->0.0B(7152.0M) Survivors: 16384.0K->16384.0K Heap: 10543.8M(14336.0M)->3391.7M(14336.0M)]
 [Times: user=0.04 sys=0.00, real=0.01 secs] 
2022-07-30T21:10:40.462-0700: 777611.967: [GC pause (G1 Evacuation Pause) (young) (initial-mark), 0.0151303 secs]
   [Parallel Time: 10.2 ms, GC Workers: 8]
      [GC Worker Start (ms): Min: 777611969.3, Avg: 777611969.4, Max: 777611969.5, Diff: 0.2]
      [Ext Root Scanning (ms): Min: 6.6, Avg: 6.8, Max: 7.2, Diff: 0.6, Sum: 54.7]
      [Update RS (ms): Min: 0.2, Avg: 0.3, Max: 0.5, Diff: 0.2, Sum: 2.2]
         [Processed Buffers: Min: 1, Avg: 20.8, Max: 57, Diff: 56, Sum: 166]
      [Scan RS (ms): Min: 0.0, Avg: 0.1, Max: 0.1, Diff: 0.1, Sum: 0.4]
      [Code Root Scanning (ms): Min: 0.0, Avg: 0.0, Max: 0.0, Diff: 0.0, Sum: 0.0]
      [Object Copy (ms): Min: 0.1, Avg: 0.5, Max: 0.7, Diff: 0.6, Sum: 4.0]
      [Termination (ms): Min: 0.0, Avg: 0.0, Max: 0.1, Diff: 0.1, Sum: 0.2]
         [Termination Attempts: Min: 1, Avg: 2.1, Max: 4, Diff: 3, Sum: 17]
      [GC Worker Other (ms): Min: 0.0, Avg: 0.1, Max: 0.1, Diff: 0.1, Sum: 0.5]
      [GC Worker Total (ms): Min: 7.7, Avg: 7.8, Max: 7.8, Diff: 0.2, Sum: 62.1]
      [GC Worker End (ms): Min: 777611977.1, Avg: 777611977.2, Max: 777611977.2, Diff: 0.1]
   [Code Root Fixup: 0.0 ms]
   [Code Root Purge: 0.0 ms]
   [Clear CT: 0.6 ms]
   [Other: 4.4 ms]
      [Choose CSet: 0.0 ms]
      [Ref Proc: 3.6 ms]
      [Ref Enq: 0.1 ms]
      [Redirty Cards: 0.1 ms]
      [Humongous Register: 0.0 ms]
      [Humongous Reclaim: 0.0 ms]
      [Free CSet: 0.3 ms]
   [Eden: 7152.0M(7152.0M)->0.0B(7152.0M) Survivors: 16384.0K->16384.0K Heap: 10543.7M(14336.0M)->3391.9M(14336.0M)]
 [Times: user=0.06 sys=0.00, real=0.02 secs] 
2022-07-30T21:10:40.477-0700: 777611.982: [GC concurrent-root-region-scan-start]
2022-07-30T21:10:40.482-0700: 777611.987: [GC concurrent-root-region-scan-end, 0.0048922 secs]
2022-07-30T21:10:40.482-0700: 777611.987: [GC concurrent-mark-start]
2022-07-30T21:10:42.944-0700: 777614.449: [GC concurrent-mark-end, 2.4615471 secs]
2022-07-30T21:10:42.944-0700: 777614.449: [GC remark 2022-07-30T21:10:42.944-0700: 777614.449: [Finalize Marking, 0.0003309 secs] 2022-07-30T21:10:42.945-0700: 777614.450: [GC ref-proc, 0.0107827 secs] 2022-07-30T21:10:42.956-0700: 777614.460: [Unloading, 0.0280448 secs], 0.0446964 secs]
 [Times: user=0.25 sys=0.00, real=0.04 secs] 
2022-07-30T21:10:42.990-0700: 777614.494: [GC cleanup 3463M->3463M(14336M), 0.0083736 secs]
 [Times: user=0.06 sys=0.00, real=0.01 secs] 
2022-07-30T21:27:03.112-0700: 778594.617: [GC pause (G1 Evacuation Pause) (young), 0.0115484 secs]
   [Parallel Time: 6.1 ms, GC Workers: 8]
      [GC Worker Start (ms): Min: 778594617.1, Avg: 778594617.2, Max: 778594617.3, Diff: 0.2]
      [Ext Root Scanning (ms): Min: 1.2, Avg: 2.0, Max: 5.7, Diff: 4.5, Sum: 15.8]
      [Update RS (ms): Min: 0.0, Avg: 0.4, Max: 0.8, Diff: 0.8, Sum: 3.0]
         [Processed Buffers: Min: 0, Avg: 21.6, Max: 55, Diff: 55, Sum: 173]
      [Scan RS (ms): Min: 0.0, Avg: 0.1, Max: 0.2, Diff: 0.2, Sum: 0.8]
      [Code Root Scanning (ms): Min: 0.0, Avg: 0.0, Max: 0.0, Diff: 0.0, Sum: 0.0]
      [Object Copy (ms): Min: 0.0, Avg: 0.5, Max: 0.7, Diff: 0.7, Sum: 3.6]
      [Termination (ms): Min: 0.0, Avg: 2.7, Max: 3.1, Diff: 3.1, Sum: 21.9]
         [Termination Attempts: Min: 1, Avg: 5.1, Max: 9, Diff: 8, Sum: 41]
      [GC Worker Other (ms): Min: 0.0, Avg: 0.0, Max: 0.1, Diff: 0.1, Sum: 0.3]
      [GC Worker Total (ms): Min: 5.6, Avg: 5.7, Max: 5.8, Diff: 0.2, Sum: 45.4]
      [GC Worker End (ms): Min: 778594622.8, Avg: 778594622.8, Max: 778594622.9, Diff: 0.0]
   [Code Root Fixup: 0.0 ms]
   [Code Root Purge: 0.0 ms]
   [Clear CT: 0.6 ms]
   [Other: 4.9 ms]
      [Choose CSet: 0.0 ms]
      [Ref Proc: 4.1 ms]
      [Ref Enq: 0.1 ms]
      [Redirty Cards: 0.1 ms]
      [Humongous Register: 0.1 ms]
      [Humongous Reclaim: 0.0 ms]
      [Free CSet: 0.3 ms]
   [Eden: 7152.0M(7152.0M)->0.0B(7152.0M) Survivors: 16384.0K->16384.0K Heap: 10543.9M(14336.0M)->3391.8M(14336.0M)]
 [Times: user=0.06 sys=0.00, real=0.02 secs] 
2022-07-30T21:43:26.265-0700: 779577.769: [GC pause (G1 Evacuation Pause) (young), 0.0083106 secs]
   [Parallel Time: 4.7 ms, GC Workers: 8]
      [GC Worker Start (ms): Min: 779577769.6, Avg: 779577769.6, Max: 779577769.7, Diff: 0.1]
      [Ext Root Scanning (ms): Min: 1.0, Avg: 1.6, Max: 4.5, Diff: 3.5, Sum: 12.7]
      [Update RS (ms): Min: 0.0, Avg: 0.3, Max: 0.7, Diff: 0.7, Sum: 2.2]
         [Processed Buffers: Min: 0, Avg: 22.0, Max: 94, Diff: 94, Sum: 176]
      [Scan RS (ms): Min: 0.0, Avg: 0.1, Max: 0.2, Diff: 0.2, Sum: 0.4]
      [Code Root Scanning (ms): Min: 0.0, Avg: 0.0, Max: 0.0, Diff: 0.0, Sum: 0.0]
      [Object Copy (ms): Min: 0.0, Avg: 0.6, Max: 1.3, Diff: 1.3, Sum: 5.1]
      [Termination (ms): Min: 0.0, Avg: 1.9, Max: 2.3, Diff: 2.3, Sum: 15.5]
         [Termination Attempts: Min: 1, Avg: 1.4, Max: 2, Diff: 1, Sum: 11]
      [GC Worker Other (ms): Min: 0.0, Avg: 0.0, Max: 0.0, Diff: 0.0, Sum: 0.1]
      [GC Worker Total (ms): Min: 4.5, Avg: 4.5, Max: 4.6, Diff: 0.1, Sum: 36.1]
      [GC Worker End (ms): Min: 779577774.1, Avg: 779577774.1, Max: 779577774.2, Diff: 0.0]
   [Code Root Fixup: 0.0 ms]
   [Code Root Purge: 0.0 ms]
   [Clear CT: 0.7 ms]
   [Other: 2.9 ms]
      [Choose CSet: 0.0 ms]
      [Ref Proc: 2.1 ms]
      [Ref Enq: 0.1 ms]
      [Redirty Cards: 0.1 ms]
      [Humongous Register: 0.1 ms]
      [Humongous Reclaim: 0.0 ms]
      [Free CSet: 0.3 ms]
   [Eden: 7152.0M(7152.0M)->0.0B(7152.0M) Survivors: 16384.0K->16384.0K Heap: 10543.8M(14336.0M)->3392.0M(14336.0M)]
 [Times: user=0.04 sys=0.00, real=0.00 secs] 
2022-07-30T22:00:07.112-0700: 780578.617: [GC pause (G1 Evacuation Pause) (young) (initial-mark), 0.0132744 secs]
   [Parallel Time: 10.0 ms, GC Workers: 8]
      [GC Worker Start (ms): Min: 780578619.0, Avg: 780578619.1, Max: 780578619.1, Diff: 0.2]
      [Ext Root Scanning (ms): Min: 6.8, Avg: 7.0, Max: 7.2, Diff: 0.4, Sum: 55.8]
      [Update RS (ms): Min: 0.2, Avg: 0.3, Max: 0.6, Diff: 0.4, Sum: 2.7]
         [Processed Buffers: Min: 1, Avg: 21.9, Max: 57, Diff: 56, Sum: 175]
      [Scan RS (ms): Min: 0.0, Avg: 0.1, Max: 0.1, Diff: 0.1, Sum: 0.5]
      [Code Root Scanning (ms): Min: 0.0, Avg: 0.0, Max: 0.0, Diff: 0.0, Sum: 0.0]
      [Object Copy (ms): Min: 0.3, Avg: 0.6, Max: 0.9, Diff: 0.6, Sum: 4.8]
      [Termination (ms): Min: 0.0, Avg: 0.0, Max: 0.0, Diff: 0.0, Sum: 0.1]
         [Termination Attempts: Min: 1, Avg: 6.4, Max: 13, Diff: 12, Sum: 51]
      [GC Worker Other (ms): Min: 0.0, Avg: 0.1, Max: 0.2, Diff: 0.1, Sum: 0.8]
      [GC Worker Total (ms): Min: 8.0, Avg: 8.1, Max: 8.2, Diff: 0.2, Sum: 64.7]
      [GC Worker End (ms): Min: 780578627.1, Avg: 780578627.1, Max: 780578627.2, Diff: 0.1]
   [Code Root Fixup: 0.0 ms]
   [Code Root Purge: 0.0 ms]
   [Clear CT: 0.7 ms]
   [Other: 2.6 ms]
      [Choose CSet: 0.0 ms]
      [Ref Proc: 1.9 ms]
      [Ref Enq: 0.1 ms]
      [Redirty Cards: 0.1 ms]
      [Humongous Register: 0.0 ms]
      [Humongous Reclaim: 0.0 ms]
      [Free CSet: 0.3 ms]
   [Eden: 7152.0M(7152.0M)->0.0B(7152.0M) Survivors: 16384.0K->16384.0K Heap: 10544.0M(14336.0M)->3391.9M(14336.0M)]
 [Times: user=0.06 sys=0.00, real=0.02 secs] 
2022-07-30T22:00:07.126-0700: 780578.631: [GC concurrent-root-region-scan-start]
2022-07-30T22:00:07.131-0700: 780578.635: [GC concurrent-root-region-scan-end, 0.0047531 secs]
2022-07-30T22:00:07.131-0700: 780578.635: [GC concurrent-mark-start]
2022-07-30T22:00:09.596-0700: 780581.100: [GC concurrent-mark-end, 2.4649441 secs]
2022-07-30T22:00:09.596-0700: 780581.101: [GC remark 2022-07-30T22:00:09.596-0700: 780581.101: [Finalize Marking, 0.0003900 secs] 2022-07-30T22:00:09.596-0700: 780581.101: [GC ref-proc, 0.0103820 secs] 2022-07-30T22:00:09.607-0700: 780581.112: [Unloading, 0.0279746 secs], 0.0444079 secs]
 [Times: user=0.25 sys=0.00, real=0.04 secs] 
2022-07-30T22:00:09.641-0700: 780581.145: [GC cleanup 3463M->3463M(14336M), 0.0090526 secs]
 [Times: user=0.06 sys=0.00, real=0.01 secs] 
2022-07-30T22:16:42.042-0700: 781573.547: [GC pause (G1 Evacuation Pause) (young), 0.0108982 secs]
   [Parallel Time: 6.0 ms, GC Workers: 8]
      [GC Worker Start (ms): Min: 781573547.4, Avg: 781573547.4, Max: 781573547.5, Diff: 0.1]
      [Ext Root Scanning (ms): Min: 1.2, Avg: 2.0, Max: 5.6, Diff: 4.4, Sum: 15.6]
      [Update RS (ms): Min: 0.0, Avg: 0.4, Max: 0.9, Diff: 0.9, Sum: 3.0]
         [Processed Buffers: Min: 0, Avg: 20.8, Max: 67, Diff: 67, Sum: 166]
      [Scan RS (ms): Min: 0.0, Avg: 0.1, Max: 0.2, Diff: 0.1, Sum: 0.7]
      [Code Root Scanning (ms): Min: 0.0, Avg: 0.0, Max: 0.0, Diff: 0.0, Sum: 0.0]
      [Object Copy (ms): Min: 0.0, Avg: 0.5, Max: 0.7, Diff: 0.7, Sum: 4.0]
      [Termination (ms): Min: 0.0, Avg: 2.7, Max: 3.1, Diff: 3.1, Sum: 21.7]
         [Termination Attempts: Min: 1, Avg: 6.2, Max: 11, Diff: 10, Sum: 50]
      [GC Worker Other (ms): Min: 0.0, Avg: 0.0, Max: 0.0, Diff: 0.0, Sum: 0.1]
      [GC Worker Total (ms): Min: 5.6, Avg: 5.6, Max: 5.7, Diff: 0.1, Sum: 45.2]
      [GC Worker End (ms): Min: 781573553.1, Avg: 781573553.1, Max: 781573553.1, Diff: 0.0]
   [Code Root Fixup: 0.0 ms]
   [Code Root Purge: 0.0 ms]
   [Clear CT: 0.6 ms]
   [Other: 4.2 ms]
      [Choose CSet: 0.0 ms]
      [Ref Proc: 3.6 ms]
      [Ref Enq: 0.1 ms]
      [Redirty Cards: 0.1 ms]
      [Humongous Register: 0.1 ms]
      [Humongous Reclaim: 0.0 ms]
      [Free CSet: 0.3 ms]
   [Eden: 7152.0M(7152.0M)->0.0B(7152.0M) Survivors: 16384.0K->16384.0K Heap: 10543.9M(14336.0M)->3391.8M(14336.0M)]
 [Times: user=0.05 sys=0.00, real=0.01 secs] 
2022-07-30T22:33:19.211-0700: 782570.716: [GC pause (G1 Evacuation Pause) (young), 0.0109057 secs]
   [Parallel Time: 6.0 ms, GC Workers: 8]
      [GC Worker Start (ms): Min: 782570716.3, Avg: 782570716.4, Max: 782570716.5, Diff: 0.1]
      [Ext Root Scanning (ms): Min: 1.3, Avg: 2.0, Max: 5.7, Diff: 4.4, Sum: 15.6]
      [Update RS (ms): Min: 0.0, Avg: 0.4, Max: 0.7, Diff: 0.7, Sum: 2.9]
         [Processed Buffers: Min: 0, Avg: 20.8, Max: 68, Diff: 68, Sum: 166]
      [Scan RS (ms): Min: 0.0, Avg: 0.1, Max: 0.2, Diff: 0.1, Sum: 0.7]
      [Code Root Scanning (ms): Min: 0.0, Avg: 0.0, Max: 0.0, Diff: 0.0, Sum: 0.0]
      [Object Copy (ms): Min: 0.0, Avg: 0.6, Max: 0.8, Diff: 0.8, Sum: 4.4]
      [Termination (ms): Min: 0.0, Avg: 2.7, Max: 3.1, Diff: 3.1, Sum: 21.8]
         [Termination Attempts: Min: 1, Avg: 3.4, Max: 8, Diff: 7, Sum: 27]
      [GC Worker Other (ms): Min: 0.0, Avg: 0.0, Max: 0.0, Diff: 0.0, Sum: 0.2]
      [GC Worker Total (ms): Min: 5.7, Avg: 5.7, Max: 5.8, Diff: 0.1, Sum: 45.6]
      [GC Worker End (ms): Min: 782570722.1, Avg: 782570722.1, Max: 782570722.1, Diff: 0.0]
   [Code Root Fixup: 0.0 ms]
   [Code Root Purge: 0.0 ms]
   [Clear CT: 0.6 ms]
   [Other: 4.3 ms]
      [Choose CSet: 0.0 ms]
      [Ref Proc: 3.5 ms]
      [Ref Enq: 0.1 ms]
      [Redirty Cards: 0.1 ms]
      [Humongous Register: 0.1 ms]
      [Humongous Reclaim: 0.0 ms]
      [Free CSet: 0.3 ms]
   [Eden: 7152.0M(7152.0M)->0.0B(7152.0M) Survivors: 16384.0K->16384.0K Heap: 10543.8M(14336.0M)->3391.8M(14336.0M)]
 [Times: user=0.05 sys=0.01, real=0.01 secs] 
2022-07-30T22:50:04.013-0700: 783575.517: [GC pause (G1 Evacuation Pause) (young) (initial-mark), 0.0126600 secs]
   [Parallel Time: 9.1 ms, GC Workers: 8]
      [GC Worker Start (ms): Min: 783575519.3, Avg: 783575519.4, Max: 783575519.4, Diff: 0.1]
      [Ext Root Scanning (ms): Min: 6.1, Avg: 6.3, Max: 6.5, Diff: 0.4, Sum: 50.3]
      [Update RS (ms): Min: 0.2, Avg: 0.3, Max: 0.5, Diff: 0.3, Sum: 2.4]
         [Processed Buffers: Min: 1, Avg: 21.5, Max: 58, Diff: 57, Sum: 172]
      [Scan RS (ms): Min: 0.0, Avg: 0.1, Max: 0.1, Diff: 0.1, Sum: 0.5]
      [Code Root Scanning (ms): Min: 0.0, Avg: 0.0, Max: 0.0, Diff: 0.0, Sum: 0.0]
      [Object Copy (ms): Min: 0.3, Avg: 0.5, Max: 0.7, Diff: 0.5, Sum: 4.0]
      [Termination (ms): Min: 0.0, Avg: 0.0, Max: 0.0, Diff: 0.0, Sum: 0.1]
         [Termination Attempts: Min: 1, Avg: 3.4, Max: 6, Diff: 5, Sum: 27]
      [GC Worker Other (ms): Min: 0.0, Avg: 0.1, Max: 0.1, Diff: 0.1, Sum: 0.4]
      [GC Worker Total (ms): Min: 7.1, Avg: 7.2, Max: 7.3, Diff: 0.1, Sum: 57.7]
      [GC Worker End (ms): Min: 783575526.5, Avg: 783575526.6, Max: 783575526.6, Diff: 0.1]
   [Code Root Fixup: 0.0 ms]
   [Code Root Purge: 0.0 ms]
   [Clear CT: 0.6 ms]
   [Other: 2.9 ms]
      [Choose CSet: 0.0 ms]
      [Ref Proc: 2.2 ms]
      [Ref Enq: 0.1 ms]
      [Redirty Cards: 0.1 ms]
      [Humongous Register: 0.0 ms]
      [Humongous Reclaim: 0.0 ms]
      [Free CSet: 0.3 ms]
   [Eden: 7152.0M(7152.0M)->0.0B(7152.0M) Survivors: 16384.0K->16384.0K Heap: 10543.8M(14336.0M)->3392.0M(14336.0M)]
 [Times: user=0.05 sys=0.00, real=0.02 secs] 
2022-07-30T22:50:04.026-0700: 783575.530: [GC concurrent-root-region-scan-start]
2022-07-30T22:50:04.030-0700: 783575.535: [GC concurrent-root-region-scan-end, 0.0046037 secs]
2022-07-30T22:50:04.030-0700: 783575.535: [GC concurrent-mark-start]
2022-07-30T22:50:06.516-0700: 783578.021: [GC concurrent-mark-end, 2.4863396 secs]
2022-07-30T22:50:06.517-0700: 783578.022: [GC remark 2022-07-30T22:50:06.517-0700: 783578.022: [Finalize Marking, 0.0002839 secs] 2022-07-30T22:50:06.517-0700: 783578.022: [GC ref-proc, 0.0082230 secs] 2022-07-30T22:50:06.525-0700: 783578.030: [Unloading, 0.0282087 secs], 0.0421153 secs]
 [Times: user=0.26 sys=0.00, real=0.04 secs] 
2022-07-30T22:50:06.559-0700: 783578.064: [GC cleanup 3463M->3463M(14336M), 0.0086616 secs]
 [Times: user=0.06 sys=0.00, real=0.01 secs] 
2022-07-30T23:06:35.736-0700: 784567.241: [GC pause (G1 Evacuation Pause) (young), 0.0113800 secs]
   [Parallel Time: 6.1 ms, GC Workers: 8]
      [GC Worker Start (ms): Min: 784567240.7, Avg: 784567240.8, Max: 784567240.9, Diff: 0.2]
      [Ext Root Scanning (ms): Min: 1.2, Avg: 1.9, Max: 5.8, Diff: 4.6, Sum: 15.5]
      [Update RS (ms): Min: 0.0, Avg: 0.4, Max: 0.8, Diff: 0.8, Sum: 3.0]
         [Processed Buffers: Min: 0, Avg: 21.5, Max: 53, Diff: 53, Sum: 172]
      [Scan RS (ms): Min: 0.0, Avg: 0.1, Max: 0.2, Diff: 0.1, Sum: 0.6]
      [Code Root Scanning (ms): Min: 0.0, Avg: 0.0, Max: 0.0, Diff: 0.0, Sum: 0.0]
      [Object Copy (ms): Min: 0.0, Avg: 0.5, Max: 0.7, Diff: 0.7, Sum: 4.1]
      [Termination (ms): Min: 0.0, Avg: 2.8, Max: 3.2, Diff: 3.2, Sum: 22.7]
         [Termination Attempts: Min: 1, Avg: 1.1, Max: 2, Diff: 1, Sum: 9]
      [GC Worker Other (ms): Min: 0.0, Avg: 0.0, Max: 0.0, Diff: 0.0, Sum: 0.1]
      [GC Worker Total (ms): Min: 5.7, Avg: 5.8, Max: 5.9, Diff: 0.2, Sum: 46.1]
      [GC Worker End (ms): Min: 784567246.5, Avg: 784567246.5, Max: 784567246.6, Diff: 0.0]
   [Code Root Fixup: 0.0 ms]
   [Code Root Purge: 0.0 ms]
   [Clear CT: 0.6 ms]
   [Other: 4.6 ms]
      [Choose CSet: 0.0 ms]
      [Ref Proc: 3.8 ms]
      [Ref Enq: 0.2 ms]
      [Redirty Cards: 0.1 ms]
      [Humongous Register: 0.1 ms]
      [Humongous Reclaim: 0.0 ms]
      [Free CSet: 0.3 ms]
   [Eden: 7152.0M(7152.0M)->0.0B(7152.0M) Survivors: 16384.0K->16384.0K Heap: 10544.0M(14336.0M)->3391.9M(14336.0M)]
 [Times: user=0.06 sys=0.01, real=0.01 secs] 
2022-07-30T23:23:14.212-0700: 785565.716: [GC pause (G1 Evacuation Pause) (young), 0.0117494 secs]
   [Parallel Time: 5.9 ms, GC Workers: 8]
      [GC Worker Start (ms): Min: 785565716.5, Avg: 785565716.6, Max: 785565716.7, Diff: 0.2]
      [Ext Root Scanning (ms): Min: 1.2, Avg: 2.0, Max: 5.7, Diff: 4.5, Sum: 15.8]
      [Update RS (ms): Min: 0.0, Avg: 0.4, Max: 0.7, Diff: 0.7, Sum: 2.9]
         [Processed Buffers: Min: 0, Avg: 21.5, Max: 51, Diff: 51, Sum: 172]
      [Scan RS (ms): Min: 0.0, Avg: 0.1, Max: 0.2, Diff: 0.2, Sum: 0.6]
      [Code Root Scanning (ms): Min: 0.0, Avg: 0.0, Max: 0.0, Diff: 0.0, Sum: 0.0]
      [Object Copy (ms): Min: 0.0, Avg: 0.5, Max: 0.7, Diff: 0.7, Sum: 4.1]
      [Termination (ms): Min: 0.0, Avg: 2.8, Max: 3.2, Diff: 3.2, Sum: 22.2]
         [Termination Attempts: Min: 1, Avg: 3.0, Max: 5, Diff: 4, Sum: 24]
      [GC Worker Other (ms): Min: 0.0, Avg: 0.0, Max: 0.0, Diff: 0.0, Sum: 0.2]
      [GC Worker Total (ms): Min: 5.7, Avg: 5.7, Max: 5.8, Diff: 0.2, Sum: 45.9]
      [GC Worker End (ms): Min: 785565722.3, Avg: 785565722.3, Max: 785565722.3, Diff: 0.0]
   [Code Root Fixup: 0.0 ms]
   [Code Root Purge: 0.0 ms]
   [Clear CT: 0.7 ms]
   [Other: 5.2 ms]
      [Choose CSet: 0.0 ms]
      [Ref Proc: 4.5 ms]
      [Ref Enq: 0.1 ms]
      [Redirty Cards: 0.1 ms]
      [Humongous Register: 0.1 ms]
      [Humongous Reclaim: 0.0 ms]
      [Free CSet: 0.3 ms]
   [Eden: 7152.0M(7152.0M)->0.0B(7152.0M) Survivors: 16384.0K->16384.0K Heap: 10543.9M(14336.0M)->3391.9M(14336.0M)]
 [Times: user=0.06 sys=0.00, real=0.02 secs] 
2022-07-30T23:39:43.863-0700: 786555.368: [GC pause (G1 Evacuation Pause) (young) (initial-mark), 0.0145735 secs]
   [Parallel Time: 9.6 ms, GC Workers: 8]
      [GC Worker Start (ms): Min: 786555370.2, Avg: 786555370.3, Max: 786555370.4, Diff: 0.2]
      [Ext Root Scanning (ms): Min: 6.0, Avg: 6.2, Max: 6.5, Diff: 0.5, Sum: 49.5]
      [Update RS (ms): Min: 0.2, Avg: 0.3, Max: 0.5, Diff: 0.3, Sum: 2.4]
         [Processed Buffers: Min: 1, Avg: 20.6, Max: 58, Diff: 57, Sum: 165]
      [Scan RS (ms): Min: 0.0, Avg: 0.1, Max: 0.1, Diff: 0.1, Sum: 0.6]
      [Code Root Scanning (ms): Min: 0.0, Avg: 0.0, Max: 0.0, Diff: 0.0, Sum: 0.0]
      [Object Copy (ms): Min: 0.1, Avg: 0.5, Max: 0.8, Diff: 0.7, Sum: 4.0]
      [Termination (ms): Min: 0.0, Avg: 0.0, Max: 0.0, Diff: 0.0, Sum: 0.0]
         [Termination Attempts: Min: 1, Avg: 8.2, Max: 11, Diff: 10, Sum: 66]
      [GC Worker Other (ms): Min: 0.0, Avg: 0.1, Max: 0.2, Diff: 0.2, Sum: 0.8]
      [GC Worker Total (ms): Min: 7.1, Avg: 7.2, Max: 7.3, Diff: 0.2, Sum: 57.2]
      [GC Worker End (ms): Min: 786555377.4, Avg: 786555377.5, Max: 786555377.6, Diff: 0.2]
   [Code Root Fixup: 0.0 ms]
   [Code Root Purge: 0.0 ms]
   [Clear CT: 0.7 ms]
   [Other: 4.3 ms]
      [Choose CSet: 0.0 ms]
      [Ref Proc: 3.5 ms]
      [Ref Enq: 0.1 ms]
      [Redirty Cards: 0.1 ms]
      [Humongous Register: 0.0 ms]
      [Humongous Reclaim: 0.0 ms]
      [Free CSet: 0.3 ms]
   [Eden: 7152.0M(7152.0M)->0.0B(7152.0M) Survivors: 16384.0K->16384.0K Heap: 10543.9M(14336.0M)->3391.9M(14336.0M)]
 [Times: user=0.06 sys=0.00, real=0.01 secs] 
2022-07-30T23:39:43.878-0700: 786555.383: [GC concurrent-root-region-scan-start]
2022-07-30T23:39:43.883-0700: 786555.387: [GC concurrent-root-region-scan-end, 0.0048715 secs]
2022-07-30T23:39:43.883-0700: 786555.388: [GC concurrent-mark-start]
2022-07-30T23:39:46.362-0700: 786557.867: [GC concurrent-mark-end, 2.4791641 secs]
2022-07-30T23:39:46.362-0700: 786557.867: [GC remark 2022-07-30T23:39:46.362-0700: 786557.867: [Finalize Marking, 0.0002769 secs] 2022-07-30T23:39:46.363-0700: 786557.867: [GC ref-proc, 0.0082072 secs] 2022-07-30T23:39:46.371-0700: 786557.876: [Unloading, 0.0278611 secs], 0.0419693 secs]
 [Times: user=0.26 sys=0.00, real=0.05 secs] 
2022-07-30T23:39:46.405-0700: 786557.909: [GC cleanup 3431M->3431M(14336M), 0.0086131 secs]
 [Times: user=0.06 sys=0.00, real=0.00 secs] 
2022-07-30T23:56:21.164-0700: 787552.668: [GC pause (G1 Evacuation Pause) (young), 0.0111214 secs]
   [Parallel Time: 6.0 ms, GC Workers: 8]
      [GC Worker Start (ms): Min: 787552668.5, Avg: 787552668.5, Max: 787552668.6, Diff: 0.1]
      [Ext Root Scanning (ms): Min: 1.3, Avg: 2.0, Max: 5.7, Diff: 4.4, Sum: 16.0]
      [Update RS (ms): Min: 0.0, Avg: 0.4, Max: 0.7, Diff: 0.7, Sum: 3.1]
         [Processed Buffers: Min: 0, Avg: 22.6, Max: 46, Diff: 46, Sum: 181]
      [Scan RS (ms): Min: 0.0, Avg: 0.1, Max: 0.2, Diff: 0.1, Sum: 0.7]
      [Code Root Scanning (ms): Min: 0.0, Avg: 0.0, Max: 0.0, Diff: 0.0, Sum: 0.0]
      [Object Copy (ms): Min: 0.0, Avg: 0.5, Max: 0.8, Diff: 0.8, Sum: 4.3]
      [Termination (ms): Min: 0.0, Avg: 2.7, Max: 3.1, Diff: 3.1, Sum: 21.3]
         [Termination Attempts: Min: 1, Avg: 5.9, Max: 10, Diff: 9, Sum: 47]
      [GC Worker Other (ms): Min: 0.0, Avg: 0.0, Max: 0.0, Diff: 0.0, Sum: 0.2]
      [GC Worker Total (ms): Min: 5.6, Avg: 5.7, Max: 5.7, Diff: 0.1, Sum: 45.5]
      [GC Worker End (ms): Min: 787552674.2, Avg: 787552674.2, Max: 787552674.2, Diff: 0.0]
   [Code Root Fixup: 0.0 ms]
   [Code Root Purge: 0.0 ms]
   [Clear CT: 0.6 ms]
   [Other: 4.6 ms]
      [Choose CSet: 0.0 ms]
      [Ref Proc: 3.8 ms]
      [Ref Enq: 0.1 ms]
      [Redirty Cards: 0.1 ms]
      [Humongous Register: 0.1 ms]
      [Humongous Reclaim: 0.0 ms]
      [Free CSet: 0.3 ms]
   [Eden: 7152.0M(7152.0M)->0.0B(7152.0M) Survivors: 16384.0K->16384.0K Heap: 10543.9M(14336.0M)->3391.8M(14336.0M)]
 [Times: user=0.05 sys=0.02, real=0.01 secs] 
2022-07-31T00:12:54.312-0700: 788545.817: [GC pause (G1 Evacuation Pause) (young), 0.0110157 secs]
   [Parallel Time: 5.7 ms, GC Workers: 8]
      [GC Worker Start (ms): Min: 788545817.1, Avg: 788545817.1, Max: 788545817.2, Diff: 0.2]
      [Ext Root Scanning (ms): Min: 1.2, Avg: 1.9, Max: 5.3, Diff: 4.1, Sum: 15.5]
      [Update RS (ms): Min: 0.0, Avg: 0.4, Max: 0.8, Diff: 0.8, Sum: 3.0]
         [Processed Buffers: Min: 0, Avg: 20.9, Max: 40, Diff: 40, Sum: 167]
      [Scan RS (ms): Min: 0.0, Avg: 0.1, Max: 0.2, Diff: 0.2, Sum: 0.8]
      [Code Root Scanning (ms): Min: 0.0, Avg: 0.0, Max: 0.0, Diff: 0.0, Sum: 0.0]
      [Object Copy (ms): Min: 0.0, Avg: 0.4, Max: 0.6, Diff: 0.6, Sum: 3.4]
      [Termination (ms): Min: 0.0, Avg: 2.4, Max: 2.8, Diff: 2.8, Sum: 19.2]
         [Termination Attempts: Min: 1, Avg: 1.6, Max: 3, Diff: 2, Sum: 13]
      [GC Worker Other (ms): Min: 0.0, Avg: 0.0, Max: 0.1, Diff: 0.0, Sum: 0.2]
      [GC Worker Total (ms): Min: 5.2, Avg: 5.3, Max: 5.4, Diff: 0.2, Sum: 42.3]
      [GC Worker End (ms): Min: 788545822.4, Avg: 788545822.4, Max: 788545822.5, Diff: 0.0]
   [Code Root Fixup: 0.0 ms]
   [Code Root Purge: 0.0 ms]
   [Clear CT: 0.6 ms]
   [Other: 4.8 ms]
      [Choose CSet: 0.0 ms]
      [Ref Proc: 4.0 ms]
      [Ref Enq: 0.1 ms]
      [Redirty Cards: 0.1 ms]
      [Humongous Register: 0.1 ms]
      [Humongous Reclaim: 0.0 ms]
      [Free CSet: 0.3 ms]
   [Eden: 7152.0M(7152.0M)->0.0B(7152.0M) Survivors: 16384.0K->16384.0K Heap: 10543.8M(14336.0M)->3391.9M(14336.0M)]
 [Times: user=0.06 sys=0.00, real=0.02 secs] 
2022-07-31T00:29:31.011-0700: 789542.516: [GC pause (G1 Evacuation Pause) (young) (initial-mark), 0.0148874 secs]
   [Parallel Time: 9.1 ms, GC Workers: 8]
      [GC Worker Start (ms): Min: 789542517.5, Avg: 789542517.6, Max: 789542517.7, Diff: 0.2]
      [Ext Root Scanning (ms): Min: 5.9, Avg: 6.1, Max: 6.4, Diff: 0.5, Sum: 48.9]
      [Update RS (ms): Min: 0.2, Avg: 0.3, Max: 0.5, Diff: 0.3, Sum: 2.3]
         [Processed Buffers: Min: 1, Avg: 21.5, Max: 65, Diff: 64, Sum: 172]
      [Scan RS (ms): Min: 0.0, Avg: 0.1, Max: 0.1, Diff: 0.1, Sum: 0.5]
      [Code Root Scanning (ms): Min: 0.0, Avg: 0.0, Max: 0.0, Diff: 0.0, Sum: 0.0]
      [Object Copy (ms): Min: 0.3, Avg: 0.5, Max: 0.7, Diff: 0.4, Sum: 3.9]
      [Termination (ms): Min: 0.0, Avg: 0.1, Max: 0.1, Diff: 0.1, Sum: 0.5]
         [Termination Attempts: Min: 1, Avg: 3.8, Max: 6, Diff: 5, Sum: 30]
      [GC Worker Other (ms): Min: 0.0, Avg: 0.0, Max: 0.1, Diff: 0.0, Sum: 0.3]
      [GC Worker Total (ms): Min: 6.9, Avg: 7.0, Max: 7.2, Diff: 0.2, Sum: 56.4]
      [GC Worker End (ms): Min: 789542524.6, Avg: 789542524.6, Max: 789542524.7, Diff: 0.0]
   [Code Root Fixup: 0.0 ms]
   [Code Root Purge: 0.0 ms]
   [Clear CT: 0.7 ms]
   [Other: 5.1 ms]
      [Choose CSet: 0.0 ms]
      [Ref Proc: 4.4 ms]
      [Ref Enq: 0.1 ms]
      [Redirty Cards: 0.1 ms]
      [Humongous Register: 0.0 ms]
      [Humongous Reclaim: 0.0 ms]
      [Free CSet: 0.3 ms]
   [Eden: 7152.0M(7152.0M)->0.0B(7152.0M) Survivors: 16384.0K->16384.0K Heap: 10543.9M(14336.0M)->3391.9M(14336.0M)]
 [Times: user=0.06 sys=0.00, real=0.02 secs] 
2022-07-31T00:29:31.026-0700: 789542.531: [GC concurrent-root-region-scan-start]
2022-07-31T00:29:31.031-0700: 789542.535: [GC concurrent-root-region-scan-end, 0.0046321 secs]
2022-07-31T00:29:31.031-0700: 789542.535: [GC concurrent-mark-start]
2022-07-31T00:29:33.521-0700: 789545.026: [GC concurrent-mark-end, 2.4907549 secs]
2022-07-31T00:29:33.522-0700: 789545.026: [GC remark 2022-07-31T00:29:33.522-0700: 789545.026: [Finalize Marking, 0.0003408 secs] 2022-07-31T00:29:33.522-0700: 789545.027: [GC ref-proc, 0.0112701 secs] 2022-07-31T00:29:33.533-0700: 789545.038: [Unloading, 0.0278866 secs], 0.0448635 secs]
 [Times: user=0.26 sys=0.00, real=0.05 secs] 
2022-07-31T00:29:33.567-0700: 789545.071: [GC cleanup 3431M->3431M(14336M), 0.0081268 secs]
 [Times: user=0.06 sys=0.00, real=0.01 secs] 
2022-07-31T00:46:24.061-0700: 790555.566: [GC pause (G1 Evacuation Pause) (young), 0.0110247 secs]
   [Parallel Time: 5.8 ms, GC Workers: 8]
      [GC Worker Start (ms): Min: 790555566.4, Avg: 790555566.5, Max: 790555566.6, Diff: 0.2]
      [Ext Root Scanning (ms): Min: 1.2, Avg: 2.0, Max: 5.5, Diff: 4.3, Sum: 15.6]
      [Update RS (ms): Min: 0.0, Avg: 0.4, Max: 0.7, Diff: 0.7, Sum: 2.8]
         [Processed Buffers: Min: 0, Avg: 21.6, Max: 49, Diff: 49, Sum: 173]
      [Scan RS (ms): Min: 0.0, Avg: 0.1, Max: 0.2, Diff: 0.1, Sum: 0.6]
      [Code Root Scanning (ms): Min: 0.0, Avg: 0.0, Max: 0.0, Diff: 0.0, Sum: 0.0]
      [Object Copy (ms): Min: 0.0, Avg: 0.5, Max: 0.7, Diff: 0.7, Sum: 3.6]
      [Termination (ms): Min: 0.0, Avg: 2.6, Max: 3.0, Diff: 3.0, Sum: 20.7]
         [Termination Attempts: Min: 1, Avg: 1.8, Max: 3, Diff: 2, Sum: 14]
      [GC Worker Other (ms): Min: 0.0, Avg: 0.0, Max: 0.0, Diff: 0.0, Sum: 0.2]
      [GC Worker Total (ms): Min: 5.4, Avg: 5.4, Max: 5.6, Diff: 0.2, Sum: 43.6]
      [GC Worker End (ms): Min: 790555571.9, Avg: 790555571.9, Max: 790555571.9, Diff: 0.0]
   [Code Root Fixup: 0.0 ms]
   [Code Root Purge: 0.0 ms]
   [Clear CT: 0.6 ms]
   [Other: 4.6 ms]
      [Choose CSet: 0.0 ms]
      [Ref Proc: 3.9 ms]
      [Ref Enq: 0.1 ms]
      [Redirty Cards: 0.1 ms]
      [Humongous Register: 0.1 ms]
      [Humongous Reclaim: 0.0 ms]
      [Free CSet: 0.3 ms]
   [Eden: 7152.0M(7152.0M)->0.0B(7152.0M) Survivors: 16384.0K->16384.0K Heap: 10543.9M(14336.0M)->3391.8M(14336.0M)]
 [Times: user=0.06 sys=0.00, real=0.01 secs] 
2022-07-31T01:03:12.511-0700: 791564.015: [GC pause (G1 Evacuation Pause) (young), 0.0113178 secs]
   [Parallel Time: 5.7 ms, GC Workers: 8]
      [GC Worker Start (ms): Min: 791564015.5, Avg: 791564015.5, Max: 791564015.6, Diff: 0.1]
      [Ext Root Scanning (ms): Min: 1.2, Avg: 1.9, Max: 5.3, Diff: 4.2, Sum: 14.9]
      [Update RS (ms): Min: 0.0, Avg: 0.4, Max: 0.7, Diff: 0.7, Sum: 2.9]
         [Processed Buffers: Min: 0, Avg: 22.1, Max: 57, Diff: 57, Sum: 177]
      [Scan RS (ms): Min: 0.0, Avg: 0.1, Max: 0.2, Diff: 0.1, Sum: 0.7]
      [Code Root Scanning (ms): Min: 0.0, Avg: 0.0, Max: 0.0, Diff: 0.0, Sum: 0.0]
      [Object Copy (ms): Min: 0.0, Avg: 0.5, Max: 0.7, Diff: 0.7, Sum: 4.0]
      [Termination (ms): Min: 0.0, Avg: 2.5, Max: 2.9, Diff: 2.9, Sum: 19.9]
         [Termination Attempts: Min: 1, Avg: 1.9, Max: 4, Diff: 3, Sum: 15]
      [GC Worker Other (ms): Min: 0.0, Avg: 0.0, Max: 0.0, Diff: 0.0, Sum: 0.1]
      [GC Worker Total (ms): Min: 5.3, Avg: 5.3, Max: 5.4, Diff: 0.1, Sum: 42.6]
      [GC Worker End (ms): Min: 791564020.9, Avg: 791564020.9, Max: 791564020.9, Diff: 0.0]
   [Code Root Fixup: 0.0 ms]
   [Code Root Purge: 0.0 ms]
   [Clear CT: 0.6 ms]
   [Other: 5.0 ms]
      [Choose CSet: 0.0 ms]
      [Ref Proc: 4.2 ms]
      [Ref Enq: 0.2 ms]
      [Redirty Cards: 0.1 ms]
      [Humongous Register: 0.1 ms]
      [Humongous Reclaim: 0.0 ms]
      [Free CSet: 0.3 ms]
   [Eden: 7152.0M(7152.0M)->0.0B(7152.0M) Survivors: 16384.0K->16384.0K Heap: 10543.8M(14336.0M)->3391.9M(14336.0M)]
 [Times: user=0.05 sys=0.01, real=0.01 secs] 
2022-07-31T01:19:45.761-0700: 792557.266: [GC pause (G1 Evacuation Pause) (young) (initial-mark), 0.0156134 secs]
   [Parallel Time: 10.7 ms, GC Workers: 8]
      [GC Worker Start (ms): Min: 792557267.8, Avg: 792557267.9, Max: 792557268.0, Diff: 0.2]
      [Ext Root Scanning (ms): Min: 7.0, Avg: 7.3, Max: 7.5, Diff: 0.5, Sum: 58.0]
      [Update RS (ms): Min: 0.2, Avg: 0.3, Max: 0.5, Diff: 0.3, Sum: 2.2]
         [Processed Buffers: Min: 1, Avg: 22.4, Max: 67, Diff: 66, Sum: 179]
      [Scan RS (ms): Min: 0.0, Avg: 0.1, Max: 0.1, Diff: 0.1, Sum: 0.5]
      [Code Root Scanning (ms): Min: 0.0, Avg: 0.0, Max: 0.0, Diff: 0.0, Sum: 0.0]
      [Object Copy (ms): Min: 0.2, Avg: 0.5, Max: 0.7, Diff: 0.5, Sum: 3.9]
      [Termination (ms): Min: 0.0, Avg: 0.0, Max: 0.0, Diff: 0.0, Sum: 0.2]
         [Termination Attempts: Min: 1, Avg: 1.4, Max: 2, Diff: 1, Sum: 11]
      [GC Worker Other (ms): Min: 0.0, Avg: 0.0, Max: 0.1, Diff: 0.0, Sum: 0.2]
      [GC Worker Total (ms): Min: 8.0, Avg: 8.1, Max: 8.2, Diff: 0.2, Sum: 65.1]
      [GC Worker End (ms): Min: 792557276.0, Avg: 792557276.1, Max: 792557276.1, Diff: 0.0]
   [Code Root Fixup: 0.0 ms]
   [Code Root Purge: 0.0 ms]
   [Clear CT: 0.7 ms]
   [Other: 4.3 ms]
      [Choose CSet: 0.0 ms]
      [Ref Proc: 3.6 ms]
      [Ref Enq: 0.1 ms]
      [Redirty Cards: 0.1 ms]
      [Humongous Register: 0.0 ms]
      [Humongous Reclaim: 0.0 ms]
      [Free CSet: 0.3 ms]
   [Eden: 7152.0M(7152.0M)->0.0B(7152.0M) Survivors: 16384.0K->16384.0K Heap: 10543.9M(14336.0M)->3391.9M(14336.0M)]
 [Times: user=0.07 sys=0.00, real=0.02 secs] 
2022-07-31T01:19:45.777-0700: 792557.281: [GC concurrent-root-region-scan-start]
2022-07-31T01:19:45.781-0700: 792557.286: [GC concurrent-root-region-scan-end, 0.0045628 secs]
2022-07-31T01:19:45.781-0700: 792557.286: [GC concurrent-mark-start]
2022-07-31T01:19:48.278-0700: 792559.783: [GC concurrent-mark-end, 2.4969534 secs]
2022-07-31T01:19:48.279-0700: 792559.783: [GC remark 2022-07-31T01:19:48.279-0700: 792559.783: [Finalize Marking, 0.0001863 secs] 2022-07-31T01:19:48.279-0700: 792559.783: [GC ref-proc, 0.0070938 secs] 2022-07-31T01:19:48.286-0700: 792559.791: [Unloading, 0.0277177 secs], 0.0403126 secs]
 [Times: user=0.25 sys=0.00, real=0.04 secs] 
2022-07-31T01:19:48.319-0700: 792559.824: [GC cleanup 3455M->3455M(14336M), 0.0085062 secs]
 [Times: user=0.06 sys=0.00, real=0.01 secs] 
2022-07-31T01:36:19.463-0700: 793550.968: [GC pause (G1 Evacuation Pause) (young), 0.0109765 secs]
   [Parallel Time: 5.7 ms, GC Workers: 8]
      [GC Worker Start (ms): Min: 793550967.7, Avg: 793550967.8, Max: 793550967.9, Diff: 0.2]
      [Ext Root Scanning (ms): Min: 1.2, Avg: 1.9, Max: 5.6, Diff: 4.4, Sum: 15.4]
      [Update RS (ms): Min: 0.0, Avg: 0.4, Max: 0.7, Diff: 0.7, Sum: 3.0]
         [Processed Buffers: Min: 0, Avg: 20.4, Max: 55, Diff: 55, Sum: 163]
      [Scan RS (ms): Min: 0.0, Avg: 0.1, Max: 0.1, Diff: 0.1, Sum: 0.6]
      [Code Root Scanning (ms): Min: 0.0, Avg: 0.0, Max: 0.0, Diff: 0.0, Sum: 0.0]
      [Object Copy (ms): Min: 0.0, Avg: 0.5, Max: 0.7, Diff: 0.7, Sum: 4.0]
      [Termination (ms): Min: 0.0, Avg: 2.7, Max: 3.1, Diff: 3.1, Sum: 21.5]
         [Termination Attempts: Min: 1, Avg: 4.6, Max: 7, Diff: 6, Sum: 37]
      [GC Worker Other (ms): Min: 0.0, Avg: 0.0, Max: 0.0, Diff: 0.0, Sum: 0.1]
      [GC Worker Total (ms): Min: 5.5, Avg: 5.6, Max: 5.7, Diff: 0.1, Sum: 44.7]
      [GC Worker End (ms): Min: 793550973.4, Avg: 793550973.4, Max: 793550973.4, Diff: 0.0]
   [Code Root Fixup: 0.0 ms]
   [Code Root Purge: 0.0 ms]
   [Clear CT: 0.6 ms]
   [Other: 4.6 ms]
      [Choose CSet: 0.0 ms]
      [Ref Proc: 3.9 ms]
      [Ref Enq: 0.1 ms]
      [Redirty Cards: 0.1 ms]
      [Humongous Register: 0.1 ms]
      [Humongous Reclaim: 0.0 ms]
      [Free CSet: 0.3 ms]
   [Eden: 7152.0M(7152.0M)->0.0B(7152.0M) Survivors: 16384.0K->16384.0K Heap: 10543.9M(14336.0M)->3391.8M(14336.0M)]
 [Times: user=0.05 sys=0.01, real=0.00 secs] 
2022-07-31T01:53:01.662-0700: 794553.167: [GC pause (G1 Evacuation Pause) (young), 0.0090874 secs]
   [Parallel Time: 5.8 ms, GC Workers: 8]
      [GC Worker Start (ms): Min: 794553166.7, Avg: 794553166.7, Max: 794553166.8, Diff: 0.1]
      [Ext Root Scanning (ms): Min: 1.1, Avg: 1.9, Max: 5.5, Diff: 4.3, Sum: 14.9]
      [Update RS (ms): Min: 0.0, Avg: 0.4, Max: 0.7, Diff: 0.7, Sum: 2.9]
         [Processed Buffers: Min: 0, Avg: 20.2, Max: 53, Diff: 53, Sum: 162]
      [Scan RS (ms): Min: 0.0, Avg: 0.1, Max: 0.1, Diff: 0.1, Sum: 0.6]
      [Code Root Scanning (ms): Min: 0.0, Avg: 0.0, Max: 0.0, Diff: 0.0, Sum: 0.0]
      [Object Copy (ms): Min: 0.0, Avg: 0.6, Max: 0.8, Diff: 0.8, Sum: 4.4]
      [Termination (ms): Min: 0.0, Avg: 2.6, Max: 2.9, Diff: 2.9, Sum: 20.5]
         [Termination Attempts: Min: 1, Avg: 6.6, Max: 12, Diff: 11, Sum: 53]
      [GC Worker Other (ms): Min: 0.0, Avg: 0.0, Max: 0.1, Diff: 0.1, Sum: 0.3]
      [GC Worker Total (ms): Min: 5.4, Avg: 5.5, Max: 5.6, Diff: 0.2, Sum: 43.7]
      [GC Worker End (ms): Min: 794553172.2, Avg: 794553172.2, Max: 794553172.3, Diff: 0.1]
   [Code Root Fixup: 0.0 ms]
   [Code Root Purge: 0.0 ms]
   [Clear CT: 0.6 ms]
   [Other: 2.7 ms]
      [Choose CSet: 0.0 ms]
      [Ref Proc: 1.9 ms]
      [Ref Enq: 0.1 ms]
      [Redirty Cards: 0.1 ms]
      [Humongous Register: 0.1 ms]
      [Humongous Reclaim: 0.0 ms]
      [Free CSet: 0.3 ms]
   [Eden: 7152.0M(7152.0M)->0.0B(7152.0M) Survivors: 16384.0K->16384.0K Heap: 10543.8M(14336.0M)->3391.9M(14336.0M)]
 [Times: user=0.05 sys=0.00, real=0.01 secs] 
2022-07-31T02:09:33.862-0700: 795545.367: [GC pause (G1 Evacuation Pause) (young) (initial-mark), 0.0142978 secs]
   [Parallel Time: 9.6 ms, GC Workers: 8]
      [GC Worker Start (ms): Min: 795545368.4, Avg: 795545368.5, Max: 795545368.5, Diff: 0.1]
      [Ext Root Scanning (ms): Min: 6.5, Avg: 6.9, Max: 7.1, Diff: 0.6, Sum: 54.8]
      [Update RS (ms): Min: 0.2, Avg: 0.3, Max: 0.5, Diff: 0.3, Sum: 2.1]
         [Processed Buffers: Min: 1, Avg: 20.5, Max: 68, Diff: 67, Sum: 164]
      [Scan RS (ms): Min: 0.0, Avg: 0.1, Max: 0.1, Diff: 0.1, Sum: 0.5]
      [Code Root Scanning (ms): Min: 0.0, Avg: 0.0, Max: 0.0, Diff: 0.0, Sum: 0.0]
      [Object Copy (ms): Min: 0.2, Avg: 0.5, Max: 0.8, Diff: 0.6, Sum: 3.8]
      [Termination (ms): Min: 0.0, Avg: 0.0, Max: 0.1, Diff: 0.1, Sum: 0.4]
         [Termination Attempts: Min: 1, Avg: 3.5, Max: 5, Diff: 4, Sum: 28]
      [GC Worker Other (ms): Min: 0.0, Avg: 0.0, Max: 0.1, Diff: 0.1, Sum: 0.3]
      [GC Worker Total (ms): Min: 7.7, Avg: 7.7, Max: 7.8, Diff: 0.1, Sum: 61.8]
      [GC Worker End (ms): Min: 795545376.2, Avg: 795545376.2, Max: 795545376.3, Diff: 0.1]
   [Code Root Fixup: 0.0 ms]
   [Code Root Purge: 0.0 ms]
   [Clear CT: 0.6 ms]
   [Other: 4.1 ms]
      [Choose CSet: 0.0 ms]
      [Ref Proc: 3.4 ms]
      [Ref Enq: 0.1 ms]
      [Redirty Cards: 0.1 ms]
      [Humongous Register: 0.0 ms]
      [Humongous Reclaim: 0.0 ms]
      [Free CSet: 0.3 ms]
   [Eden: 7152.0M(7152.0M)->0.0B(7152.0M) Survivors: 16384.0K->16384.0K Heap: 10543.9M(14336.0M)->3392.0M(14336.0M)]
 [Times: user=0.06 sys=0.00, real=0.02 secs] 
2022-07-31T02:09:33.876-0700: 795545.381: [GC concurrent-root-region-scan-start]
2022-07-31T02:09:33.881-0700: 795545.386: [GC concurrent-root-region-scan-end, 0.0047825 secs]
2022-07-31T02:09:33.881-0700: 795545.386: [GC concurrent-mark-start]
2022-07-31T02:09:36.365-0700: 795547.869: [GC concurrent-mark-end, 2.4835683 secs]
2022-07-31T02:09:36.365-0700: 795547.870: [GC remark 2022-07-31T02:09:36.365-0700: 795547.870: [Finalize Marking, 0.0002744 secs] 2022-07-31T02:09:36.365-0700: 795547.870: [GC ref-proc, 0.0113837 secs] 2022-07-31T02:09:36.377-0700: 795547.881: [Unloading, 0.0278214 secs], 0.0450110 secs]
 [Times: user=0.26 sys=0.00, real=0.04 secs] 
2022-07-31T02:09:36.410-0700: 795547.915: [GC cleanup 3464M->3464M(14336M), 0.0082743 secs]
 [Times: user=0.06 sys=0.00, real=0.01 secs] 
2022-07-31T02:26:18.363-0700: 796549.868: [GC pause (G1 Evacuation Pause) (young), 0.0095237 secs]
   [Parallel Time: 5.6 ms, GC Workers: 8]
      [GC Worker Start (ms): Min: 796549867.9, Avg: 796549868.0, Max: 796549868.1, Diff: 0.1]
      [Ext Root Scanning (ms): Min: 1.1, Avg: 1.8, Max: 5.4, Diff: 4.3, Sum: 14.4]
      [Update RS (ms): Min: 0.0, Avg: 0.3, Max: 0.7, Diff: 0.7, Sum: 2.8]
         [Processed Buffers: Min: 0, Avg: 21.2, Max: 43, Diff: 43, Sum: 170]
      [Scan RS (ms): Min: 0.0, Avg: 0.1, Max: 0.1, Diff: 0.1, Sum: 0.6]
      [Code Root Scanning (ms): Min: 0.0, Avg: 0.0, Max: 0.0, Diff: 0.0, Sum: 0.0]
      [Object Copy (ms): Min: 0.0, Avg: 0.5, Max: 0.6, Diff: 0.6, Sum: 3.6]
      [Termination (ms): Min: 0.0, Avg: 2.7, Max: 3.1, Diff: 3.1, Sum: 21.4]
         [Termination Attempts: Min: 1, Avg: 1.2, Max: 2, Diff: 1, Sum: 10]
      [GC Worker Other (ms): Min: 0.0, Avg: 0.0, Max: 0.0, Diff: 0.0, Sum: 0.1]
      [GC Worker Total (ms): Min: 5.3, Avg: 5.4, Max: 5.4, Diff: 0.1, Sum: 42.9]
      [GC Worker End (ms): Min: 796549873.3, Avg: 796549873.4, Max: 796549873.4, Diff: 0.0]
   [Code Root Fixup: 0.0 ms]
   [Code Root Purge: 0.0 ms]
   [Clear CT: 0.6 ms]
   [Other: 3.3 ms]
      [Choose CSet: 0.0 ms]
      [Ref Proc: 2.2 ms]
      [Ref Enq: 0.4 ms]
      [Redirty Cards: 0.2 ms]
      [Humongous Register: 0.0 ms]
      [Humongous Reclaim: 0.0 ms]
      [Free CSet: 0.3 ms]
   [Eden: 7152.0M(7152.0M)->0.0B(7152.0M) Survivors: 16384.0K->16384.0K Heap: 10544.0M(14336.0M)->3391.9M(14336.0M)]
 [Times: user=0.05 sys=0.00, real=0.00 secs] 
2022-07-31T02:42:58.093-0700: 797549.598: [GC pause (G1 Evacuation Pause) (young), 0.0113362 secs]
   [Parallel Time: 6.0 ms, GC Workers: 8]
      [GC Worker Start (ms): Min: 797549598.0, Avg: 797549599.3, Max: 797549603.3, Diff: 5.3]
      [Ext Root Scanning (ms): Min: 0.0, Avg: 1.8, Max: 5.3, Diff: 5.3, Sum: 14.6]
      [Update RS (ms): Min: 0.0, Avg: 0.2, Max: 0.6, Diff: 0.6, Sum: 2.0]
         [Processed Buffers: Min: 0, Avg: 20.5, Max: 50, Diff: 50, Sum: 164]
      [Scan RS (ms): Min: 0.0, Avg: 0.1, Max: 0.1, Diff: 0.1, Sum: 0.5]
      [Code Root Scanning (ms): Min: 0.0, Avg: 0.0, Max: 0.0, Diff: 0.0, Sum: 0.0]
      [Object Copy (ms): Min: 0.0, Avg: 1.9, Max: 3.7, Diff: 3.7, Sum: 15.3]
      [Termination (ms): Min: 0.0, Avg: 0.6, Max: 0.7, Diff: 0.7, Sum: 4.8]
         [Termination Attempts: Min: 1, Avg: 1.0, Max: 1, Diff: 0, Sum: 8]
      [GC Worker Other (ms): Min: 0.0, Avg: 0.0, Max: 0.0, Diff: 0.0, Sum: 0.1]
      [GC Worker Total (ms): Min: 0.7, Avg: 4.7, Max: 6.0, Diff: 5.3, Sum: 37.3]
      [GC Worker End (ms): Min: 797549604.0, Avg: 797549604.0, Max: 797549604.0, Diff: 0.0]
   [Code Root Fixup: 0.0 ms]
   [Code Root Purge: 0.0 ms]
   [Clear CT: 0.7 ms]
   [Other: 4.6 ms]
      [Choose CSet: 0.0 ms]
      [Ref Proc: 4.0 ms]
      [Ref Enq: 0.1 ms]
      [Redirty Cards: 0.1 ms]
      [Humongous Register: 0.0 ms]
      [Humongous Reclaim: 0.0 ms]
      [Free CSet: 0.3 ms]
   [Eden: 7152.0M(7152.0M)->0.0B(7152.0M) Survivors: 16384.0K->16384.0K Heap: 10543.9M(14336.0M)->3396.7M(14336.0M)]
 [Times: user=0.06 sys=0.00, real=0.02 secs] 
2022-07-31T02:59:36.887-0700: 798548.392: [GC pause (G1 Evacuation Pause) (young) (initial-mark), 0.0156129 secs]
   [Parallel Time: 10.2 ms, GC Workers: 8]
      [GC Worker Start (ms): Min: 798548393.8, Avg: 798548394.0, Max: 798548394.0, Diff: 0.2]
      [Ext Root Scanning (ms): Min: 6.7, Avg: 6.9, Max: 7.2, Diff: 0.5, Sum: 55.3]
      [Update RS (ms): Min: 0.2, Avg: 0.3, Max: 0.6, Diff: 0.4, Sum: 2.6]
         [Processed Buffers: Min: 1, Avg: 19.9, Max: 52, Diff: 51, Sum: 159]
      [Scan RS (ms): Min: 0.0, Avg: 0.1, Max: 0.1, Diff: 0.1, Sum: 0.6]
      [Code Root Scanning (ms): Min: 0.0, Avg: 0.0, Max: 0.0, Diff: 0.0, Sum: 0.0]
      [Object Copy (ms): Min: 0.1, Avg: 0.5, Max: 0.8, Diff: 0.7, Sum: 4.3]
      [Termination (ms): Min: 0.0, Avg: 0.0, Max: 0.0, Diff: 0.0, Sum: 0.1]
         [Termination Attempts: Min: 1, Avg: 1.1, Max: 2, Diff: 1, Sum: 9]
      [GC Worker Other (ms): Min: 0.0, Avg: 0.0, Max: 0.1, Diff: 0.1, Sum: 0.3]
      [GC Worker Total (ms): Min: 7.8, Avg: 7.9, Max: 8.0, Diff: 0.2, Sum: 63.2]
      [GC Worker End (ms): Min: 798548401.8, Avg: 798548401.9, Max: 798548401.9, Diff: 0.1]
   [Code Root Fixup: 0.0 ms]
   [Code Root Purge: 0.0 ms]
   [Clear CT: 0.6 ms]
   [Other: 4.8 ms]
      [Choose CSet: 0.0 ms]
      [Ref Proc: 4.1 ms]
      [Ref Enq: 0.1 ms]
      [Redirty Cards: 0.1 ms]
      [Humongous Register: 0.0 ms]
      [Humongous Reclaim: 0.0 ms]
      [Free CSet: 0.3 ms]
   [Eden: 7152.0M(7152.0M)->0.0B(7152.0M) Survivors: 16384.0K->16384.0K Heap: 10548.7M(14336.0M)->3398.5M(14336.0M)]
 [Times: user=0.06 sys=0.00, real=0.02 secs] 
2022-07-31T02:59:36.903-0700: 798548.407: [GC concurrent-root-region-scan-start]
2022-07-31T02:59:36.907-0700: 798548.412: [GC concurrent-root-region-scan-end, 0.0046503 secs]
2022-07-31T02:59:36.907-0700: 798548.412: [GC concurrent-mark-start]
2022-07-31T02:59:39.378-0700: 798550.883: [GC concurrent-mark-end, 2.4703622 secs]
2022-07-31T02:59:39.378-0700: 798550.883: [GC remark 2022-07-31T02:59:39.378-0700: 798550.883: [Finalize Marking, 0.0003047 secs] 2022-07-31T02:59:39.379-0700: 798550.883: [GC ref-proc, 0.0091826 secs] 2022-07-31T02:59:39.388-0700: 798550.892: [Unloading, 0.0278488 secs], 0.0427021 secs]
 [Times: user=0.26 sys=0.00, real=0.04 secs] 
2022-07-31T02:59:39.421-0700: 798550.926: [GC cleanup 3438M->3438M(14336M), 0.0088552 secs]
 [Times: user=0.06 sys=0.00, real=0.01 secs] 
2022-07-31T03:16:22.812-0700: 799554.316: [GC pause (G1 Evacuation Pause) (young), 0.0087150 secs]
   [Parallel Time: 5.9 ms, GC Workers: 8]
      [GC Worker Start (ms): Min: 799554316.6, Avg: 799554316.6, Max: 799554316.7, Diff: 0.1]
      [Ext Root Scanning (ms): Min: 1.2, Avg: 2.0, Max: 5.8, Diff: 4.6, Sum: 15.6]
      [Update RS (ms): Min: 0.0, Avg: 0.4, Max: 0.8, Diff: 0.8, Sum: 3.0]
         [Processed Buffers: Min: 0, Avg: 21.2, Max: 52, Diff: 52, Sum: 170]
      [Scan RS (ms): Min: 0.0, Avg: 0.1, Max: 0.2, Diff: 0.2, Sum: 0.7]
      [Code Root Scanning (ms): Min: 0.0, Avg: 0.0, Max: 0.0, Diff: 0.0, Sum: 0.0]
      [Object Copy (ms): Min: 0.0, Avg: 0.6, Max: 0.8, Diff: 0.8, Sum: 4.4]
      [Termination (ms): Min: 0.0, Avg: 2.8, Max: 3.2, Diff: 3.2, Sum: 22.6]
         [Termination Attempts: Min: 1, Avg: 2.4, Max: 3, Diff: 2, Sum: 19]
      [GC Worker Other (ms): Min: 0.0, Avg: 0.0, Max: 0.0, Diff: 0.0, Sum: 0.1]
      [GC Worker Total (ms): Min: 5.7, Avg: 5.8, Max: 5.9, Diff: 0.1, Sum: 46.5]
      [GC Worker End (ms): Min: 799554322.4, Avg: 799554322.5, Max: 799554322.5, Diff: 0.0]
   [Code Root Fixup: 0.0 ms]
   [Code Root Purge: 0.0 ms]
   [Clear CT: 0.5 ms]
   [Other: 2.3 ms]
      [Choose CSet: 0.0 ms]
      [Ref Proc: 1.5 ms]
      [Ref Enq: 0.1 ms]
      [Redirty Cards: 0.1 ms]
      [Humongous Register: 0.1 ms]
      [Humongous Reclaim: 0.0 ms]
      [Free CSet: 0.3 ms]
   [Eden: 7152.0M(7152.0M)->0.0B(7152.0M) Survivors: 16384.0K->16384.0K Heap: 10550.5M(14336.0M)->3393.5M(14336.0M)]
 [Times: user=0.05 sys=0.01, real=0.01 secs] 
2022-07-31T03:33:00.813-0700: 800552.318: [GC pause (G1 Evacuation Pause) (young), 0.0112648 secs]
   [Parallel Time: 5.6 ms, GC Workers: 8]
      [GC Worker Start (ms): Min: 800552317.8, Avg: 800552317.9, Max: 800552318.0, Diff: 0.2]
      [Ext Root Scanning (ms): Min: 1.2, Avg: 1.9, Max: 5.4, Diff: 4.2, Sum: 14.9]
      [Update RS (ms): Min: 0.0, Avg: 0.3, Max: 0.6, Diff: 0.6, Sum: 2.3]
         [Processed Buffers: Min: 0, Avg: 21.1, Max: 51, Diff: 51, Sum: 169]
      [Scan RS (ms): Min: 0.0, Avg: 0.1, Max: 0.1, Diff: 0.1, Sum: 0.5]
      [Code Root Scanning (ms): Min: 0.0, Avg: 0.0, Max: 0.0, Diff: 0.0, Sum: 0.0]
      [Object Copy (ms): Min: 0.0, Avg: 0.4, Max: 0.6, Diff: 0.6, Sum: 3.4]
      [Termination (ms): Min: 0.0, Avg: 2.7, Max: 3.1, Diff: 3.1, Sum: 21.3]
         [Termination Attempts: Min: 1, Avg: 1.2, Max: 2, Diff: 1, Sum: 10]
      [GC Worker Other (ms): Min: 0.0, Avg: 0.0, Max: 0.1, Diff: 0.1, Sum: 0.2]
      [GC Worker Total (ms): Min: 5.3, Avg: 5.4, Max: 5.5, Diff: 0.2, Sum: 42.8]
      [GC Worker End (ms): Min: 800552323.2, Avg: 800552323.2, Max: 800552323.3, Diff: 0.1]
   [Code Root Fixup: 0.0 ms]
   [Code Root Purge: 0.0 ms]
   [Clear CT: 0.6 ms]
   [Other: 5.1 ms]
      [Choose CSet: 0.0 ms]
      [Ref Proc: 4.3 ms]
      [Ref Enq: 0.1 ms]
      [Redirty Cards: 0.1 ms]
      [Humongous Register: 0.1 ms]
      [Humongous Reclaim: 0.0 ms]
      [Free CSet: 0.3 ms]
   [Eden: 7152.0M(7152.0M)->0.0B(7152.0M) Survivors: 16384.0K->16384.0K Heap: 10545.5M(14336.0M)->3392.3M(14336.0M)]
 [Times: user=0.05 sys=0.01, real=0.02 secs] 
2022-07-31T03:49:37.513-0700: 801549.017: [GC pause (G1 Evacuation Pause) (young) (initial-mark), 0.0145941 secs]
   [Parallel Time: 9.7 ms, GC Workers: 8]
      [GC Worker Start (ms): Min: 801549019.2, Avg: 801549019.3, Max: 801549019.4, Diff: 0.2]
      [Ext Root Scanning (ms): Min: 6.3, Avg: 6.5, Max: 6.8, Diff: 0.5, Sum: 52.2]
      [Update RS (ms): Min: 0.2, Avg: 0.3, Max: 0.6, Diff: 0.4, Sum: 2.6]
         [Processed Buffers: Min: 1, Avg: 21.0, Max: 69, Diff: 68, Sum: 168]
      [Scan RS (ms): Min: 0.0, Avg: 0.1, Max: 0.1, Diff: 0.1, Sum: 0.6]
      [Code Root Scanning (ms): Min: 0.0, Avg: 0.0, Max: 0.0, Diff: 0.0, Sum: 0.0]
      [Object Copy (ms): Min: 0.3, Avg: 0.5, Max: 0.7, Diff: 0.4, Sum: 3.9]
      [Termination (ms): Min: 0.0, Avg: 0.0, Max: 0.0, Diff: 0.0, Sum: 0.0]
         [Termination Attempts: Min: 1, Avg: 3.2, Max: 7, Diff: 6, Sum: 26]
      [GC Worker Other (ms): Min: 0.0, Avg: 0.0, Max: 0.1, Diff: 0.1, Sum: 0.4]
      [GC Worker Total (ms): Min: 7.4, Avg: 7.5, Max: 7.6, Diff: 0.2, Sum: 59.7]
      [GC Worker End (ms): Min: 801549026.7, Avg: 801549026.8, Max: 801549026.8, Diff: 0.1]
   [Code Root Fixup: 0.0 ms]
   [Code Root Purge: 0.0 ms]
   [Clear CT: 0.7 ms]
   [Other: 4.2 ms]
      [Choose CSet: 0.0 ms]
      [Ref Proc: 3.6 ms]
      [Ref Enq: 0.1 ms]
      [Redirty Cards: 0.1 ms]
      [Humongous Register: 0.0 ms]
      [Humongous Reclaim: 0.0 ms]
      [Free CSet: 0.3 ms]
   [Eden: 7152.0M(7152.0M)->0.0B(7152.0M) Survivors: 16384.0K->16384.0K Heap: 10544.3M(14336.0M)->3392.0M(14336.0M)]
 [Times: user=0.06 sys=0.00, real=0.02 secs] 
2022-07-31T03:49:37.527-0700: 801549.032: [GC concurrent-root-region-scan-start]
2022-07-31T03:49:37.532-0700: 801549.037: [GC concurrent-root-region-scan-end, 0.0049616 secs]
2022-07-31T03:49:37.532-0700: 801549.037: [GC concurrent-mark-start]
2022-07-31T03:49:40.007-0700: 801551.512: [GC concurrent-mark-end, 2.4751941 secs]
2022-07-31T03:49:40.008-0700: 801551.513: [GC remark 2022-07-31T03:49:40.008-0700: 801551.513: [Finalize Marking, 0.0002450 secs] 2022-07-31T03:49:40.008-0700: 801551.513: [GC ref-proc, 0.0079203 secs] 2022-07-31T03:49:40.016-0700: 801551.521: [Unloading, 0.0283933 secs], 0.0420981 secs]
 [Times: user=0.26 sys=0.00, real=0.04 secs] 
2022-07-31T03:49:40.050-0700: 801551.555: [GC cleanup 3432M->3432M(14336M), 0.0078830 secs]
 [Times: user=0.06 sys=0.00, real=0.01 secs] 
2022-07-31T04:06:17.733-0700: 802549.238: [GC pause (G1 Evacuation Pause) (young), 0.0114644 secs]
   [Parallel Time: 5.8 ms, GC Workers: 8]
      [GC Worker Start (ms): Min: 802549237.9, Avg: 802549238.0, Max: 802549238.1, Diff: 0.2]
      [Ext Root Scanning (ms): Min: 1.2, Avg: 1.9, Max: 5.5, Diff: 4.3, Sum: 15.2]
      [Update RS (ms): Min: 0.0, Avg: 0.3, Max: 0.6, Diff: 0.6, Sum: 2.7]
         [Processed Buffers: Min: 0, Avg: 21.5, Max: 49, Diff: 49, Sum: 172]
      [Scan RS (ms): Min: 0.0, Avg: 0.1, Max: 0.1, Diff: 0.1, Sum: 0.6]
      [Code Root Scanning (ms): Min: 0.0, Avg: 0.0, Max: 0.0, Diff: 0.0, Sum: 0.0]
      [Object Copy (ms): Min: 0.0, Avg: 0.5, Max: 0.7, Diff: 0.7, Sum: 4.1]
      [Termination (ms): Min: 0.0, Avg: 2.6, Max: 3.0, Diff: 3.0, Sum: 20.6]
         [Termination Attempts: Min: 1, Avg: 5.9, Max: 9, Diff: 8, Sum: 47]
      [GC Worker Other (ms): Min: 0.0, Avg: 0.0, Max: 0.1, Diff: 0.1, Sum: 0.3]
      [GC Worker Total (ms): Min: 5.3, Avg: 5.4, Max: 5.5, Diff: 0.2, Sum: 43.5]
      [GC Worker End (ms): Min: 802549243.4, Avg: 802549243.5, Max: 802549243.5, Diff: 0.1]
   [Code Root Fixup: 0.0 ms]
   [Code Root Purge: 0.0 ms]
   [Clear CT: 0.6 ms]
   [Other: 5.1 ms]
      [Choose CSet: 0.0 ms]
      [Ref Proc: 4.3 ms]
      [Ref Enq: 0.2 ms]
      [Redirty Cards: 0.1 ms]
      [Humongous Register: 0.1 ms]
      [Humongous Reclaim: 0.0 ms]
      [Free CSet: 0.3 ms]
   [Eden: 7152.0M(7152.0M)->0.0B(7152.0M) Survivors: 16384.0K->16384.0K Heap: 10544.0M(14336.0M)->3391.9M(14336.0M)]
 [Times: user=0.06 sys=0.00, real=0.02 secs] 
2022-07-31T04:23:02.212-0700: 803553.717: [GC pause (G1 Evacuation Pause) (young), 0.0087714 secs]
   [Parallel Time: 5.7 ms, GC Workers: 8]
      [GC Worker Start (ms): Min: 803553717.1, Avg: 803553717.1, Max: 803553717.2, Diff: 0.1]
      [Ext Root Scanning (ms): Min: 1.1, Avg: 1.8, Max: 5.4, Diff: 4.3, Sum: 14.5]
      [Update RS (ms): Min: 0.0, Avg: 0.3, Max: 0.6, Diff: 0.6, Sum: 2.6]
         [Processed Buffers: Min: 0, Avg: 19.8, Max: 56, Diff: 56, Sum: 158]
      [Scan RS (ms): Min: 0.0, Avg: 0.1, Max: 0.1, Diff: 0.1, Sum: 0.6]
      [Code Root Scanning (ms): Min: 0.0, Avg: 0.0, Max: 0.0, Diff: 0.0, Sum: 0.0]
      [Object Copy (ms): Min: 0.0, Avg: 0.5, Max: 0.7, Diff: 0.7, Sum: 3.7]
      [Termination (ms): Min: 0.0, Avg: 2.7, Max: 3.1, Diff: 3.1, Sum: 21.4]
         [Termination Attempts: Min: 1, Avg: 1.8, Max: 4, Diff: 3, Sum: 14]
      [GC Worker Other (ms): Min: 0.0, Avg: 0.0, Max: 0.0, Diff: 0.0, Sum: 0.2]
      [GC Worker Total (ms): Min: 5.3, Avg: 5.4, Max: 5.4, Diff: 0.1, Sum: 43.1]
      [GC Worker End (ms): Min: 803553722.5, Avg: 803553722.5, Max: 803553722.5, Diff: 0.0]
   [Code Root Fixup: 0.0 ms]
   [Code Root Purge: 0.0 ms]
   [Clear CT: 0.6 ms]
   [Other: 2.5 ms]
      [Choose CSet: 0.0 ms]
      [Ref Proc: 1.9 ms]
      [Ref Enq: 0.1 ms]
      [Redirty Cards: 0.1 ms]
      [Humongous Register: 0.1 ms]
      [Humongous Reclaim: 0.0 ms]
      [Free CSet: 0.3 ms]
   [Eden: 7152.0M(7152.0M)->0.0B(7152.0M) Survivors: 16384.0K->16384.0K Heap: 10543.9M(14336.0M)->3391.9M(14336.0M)]
 [Times: user=0.05 sys=0.01, real=0.01 secs] 
2022-07-31T04:39:45.871-0700: 804557.376: [GC pause (G1 Evacuation Pause) (young) (initial-mark), 0.0147549 secs]
   [Parallel Time: 9.6 ms, GC Workers: 8]
      [GC Worker Start (ms): Min: 804557378.0, Avg: 804557378.1, Max: 804557378.2, Diff: 0.2]
      [Ext Root Scanning (ms): Min: 6.3, Avg: 6.5, Max: 6.8, Diff: 0.5, Sum: 52.1]
      [Update RS (ms): Min: 0.2, Avg: 0.3, Max: 0.5, Diff: 0.3, Sum: 2.2]
         [Processed Buffers: Min: 1, Avg: 20.2, Max: 59, Diff: 58, Sum: 162]
      [Scan RS (ms): Min: 0.0, Avg: 0.1, Max: 0.1, Diff: 0.1, Sum: 0.5]
      [Code Root Scanning (ms): Min: 0.0, Avg: 0.0, Max: 0.0, Diff: 0.0, Sum: 0.0]
      [Object Copy (ms): Min: 0.2, Avg: 0.4, Max: 0.7, Diff: 0.5, Sum: 3.5]
      [Termination (ms): Min: 0.0, Avg: 0.1, Max: 0.1, Diff: 0.1, Sum: 0.5]
         [Termination Attempts: Min: 1, Avg: 2.4, Max: 5, Diff: 4, Sum: 19]
      [GC Worker Other (ms): Min: 0.0, Avg: 0.0, Max: 0.1, Diff: 0.1, Sum: 0.4]
      [GC Worker Total (ms): Min: 7.3, Avg: 7.4, Max: 7.5, Diff: 0.2, Sum: 59.3]
      [GC Worker End (ms): Min: 804557385.4, Avg: 804557385.5, Max: 804557385.5, Diff: 0.1]
   [Code Root Fixup: 0.0 ms]
   [Code Root Purge: 0.0 ms]
   [Clear CT: 0.6 ms]
   [Other: 4.5 ms]
      [Choose CSet: 0.0 ms]
      [Ref Proc: 3.8 ms]
      [Ref Enq: 0.1 ms]
      [Redirty Cards: 0.1 ms]
      [Humongous Register: 0.0 ms]
      [Humongous Reclaim: 0.0 ms]
      [Free CSet: 0.3 ms]
   [Eden: 7152.0M(7152.0M)->0.0B(7152.0M) Survivors: 16384.0K->16384.0K Heap: 10543.9M(14336.0M)->3392.0M(14336.0M)]
 [Times: user=0.05 sys=0.00, real=0.02 secs] 
2022-07-31T04:39:45.886-0700: 804557.391: [GC concurrent-root-region-scan-start]
2022-07-31T04:39:45.891-0700: 804557.396: [GC concurrent-root-region-scan-end, 0.0049690 secs]
2022-07-31T04:39:45.891-0700: 804557.396: [GC concurrent-mark-start]
2022-07-31T04:39:48.370-0700: 804559.874: [GC concurrent-mark-end, 2.4785311 secs]
2022-07-31T04:39:48.370-0700: 804559.875: [GC remark 2022-07-31T04:39:48.370-0700: 804559.875: [Finalize Marking, 0.0002286 secs] 2022-07-31T04:39:48.370-0700: 804559.875: [GC ref-proc, 0.0084530 secs] 2022-07-31T04:39:48.379-0700: 804559.883: [Unloading, 0.0294128 secs], 0.0440545 secs]
 [Times: user=0.25 sys=0.00, real=0.04 secs] 
2022-07-31T04:39:48.414-0700: 804559.919: [GC cleanup 3432M->3432M(14336M), 0.0078163 secs]
 [Times: user=0.06 sys=0.00, real=0.01 secs] 
2022-07-31T04:56:46.712-0700: 805578.217: [GC pause (G1 Evacuation Pause) (young), 0.0082125 secs]
   [Parallel Time: 5.4 ms, GC Workers: 8]
      [GC Worker Start (ms): Min: 805578217.0, Avg: 805578217.0, Max: 805578217.1, Diff: 0.1]
      [Ext Root Scanning (ms): Min: 1.2, Avg: 1.9, Max: 5.3, Diff: 4.0, Sum: 15.1]
      [Update RS (ms): Min: 0.0, Avg: 0.4, Max: 0.8, Diff: 0.8, Sum: 3.0]
         [Processed Buffers: Min: 0, Avg: 20.6, Max: 57, Diff: 57, Sum: 165]
      [Scan RS (ms): Min: 0.0, Avg: 0.1, Max: 0.2, Diff: 0.1, Sum: 0.7]
      [Code Root Scanning (ms): Min: 0.0, Avg: 0.0, Max: 0.0, Diff: 0.0, Sum: 0.0]
      [Object Copy (ms): Min: 0.0, Avg: 0.5, Max: 0.8, Diff: 0.8, Sum: 4.2]
      [Termination (ms): Min: 0.0, Avg: 2.4, Max: 2.7, Diff: 2.7, Sum: 19.0]
         [Termination Attempts: Min: 1, Avg: 3.4, Max: 5, Diff: 4, Sum: 27]
      [GC Worker Other (ms): Min: 0.0, Avg: 0.0, Max: 0.1, Diff: 0.1, Sum: 0.2]
      [GC Worker Total (ms): Min: 5.2, Avg: 5.3, Max: 5.3, Diff: 0.1, Sum: 42.2]
      [GC Worker End (ms): Min: 805578222.3, Avg: 805578222.3, Max: 805578222.3, Diff: 0.1]
   [Code Root Fixup: 0.0 ms]
   [Code Root Purge: 0.0 ms]
   [Clear CT: 0.6 ms]
   [Other: 2.2 ms]
      [Choose CSet: 0.0 ms]
      [Ref Proc: 1.5 ms]
      [Ref Enq: 0.1 ms]
      [Redirty Cards: 0.1 ms]
      [Humongous Register: 0.0 ms]
      [Humongous Reclaim: 0.0 ms]
      [Free CSet: 0.3 ms]
   [Eden: 7152.0M(7152.0M)->0.0B(7152.0M) Survivors: 16384.0K->16384.0K Heap: 10544.0M(14336.0M)->3391.9M(14336.0M)]
 [Times: user=0.05 sys=0.00, real=0.01 secs] 
2022-07-31T05:13:19.062-0700: 806570.567: [GC pause (G1 Evacuation Pause) (young), 0.0114176 secs]
   [Parallel Time: 6.0 ms, GC Workers: 8]
      [GC Worker Start (ms): Min: 806570566.7, Avg: 806570566.8, Max: 806570566.8, Diff: 0.1]
      [Ext Root Scanning (ms): Min: 1.3, Avg: 2.0, Max: 5.8, Diff: 4.6, Sum: 15.8]
      [Update RS (ms): Min: 0.0, Avg: 0.4, Max: 0.8, Diff: 0.8, Sum: 3.0]
         [Processed Buffers: Min: 0, Avg: 20.2, Max: 54, Diff: 54, Sum: 162]
      [Scan RS (ms): Min: 0.0, Avg: 0.1, Max: 0.1, Diff: 0.1, Sum: 0.7]
      [Code Root Scanning (ms): Min: 0.0, Avg: 0.0, Max: 0.0, Diff: 0.0, Sum: 0.0]
      [Object Copy (ms): Min: 0.0, Avg: 0.6, Max: 0.8, Diff: 0.8, Sum: 4.5]
      [Termination (ms): Min: 0.0, Avg: 2.8, Max: 3.2, Diff: 3.2, Sum: 22.3]
         [Termination Attempts: Min: 1, Avg: 6.2, Max: 12, Diff: 11, Sum: 50]
      [GC Worker Other (ms): Min: 0.0, Avg: 0.0, Max: 0.0, Diff: 0.0, Sum: 0.2]
      [GC Worker Total (ms): Min: 5.7, Avg: 5.8, Max: 5.9, Diff: 0.2, Sum: 46.6]
      [GC Worker End (ms): Min: 806570572.6, Avg: 806570572.6, Max: 806570572.6, Diff: 0.1]
   [Code Root Fixup: 0.0 ms]
   [Code Root Purge: 0.0 ms]
   [Clear CT: 0.6 ms]
   [Other: 4.8 ms]
      [Choose CSet: 0.0 ms]
      [Ref Proc: 4.1 ms]
      [Ref Enq: 0.1 ms]
      [Redirty Cards: 0.1 ms]
      [Humongous Register: 0.1 ms]
      [Humongous Reclaim: 0.0 ms]
      [Free CSet: 0.3 ms]
   [Eden: 7152.0M(7152.0M)->0.0B(7152.0M) Survivors: 16384.0K->16384.0K Heap: 10543.9M(14336.0M)->3392.1M(14336.0M)]
 [Times: user=0.06 sys=0.00, real=0.01 secs] 
2022-07-31T05:29:57.412-0700: 807568.917: [GC pause (G1 Evacuation Pause) (young) (initial-mark), 0.0156398 secs]
   [Parallel Time: 10.2 ms, GC Workers: 8]
      [GC Worker Start (ms): Min: 807568919.0, Avg: 807568919.0, Max: 807568919.1, Diff: 0.1]
      [Ext Root Scanning (ms): Min: 6.6, Avg: 6.8, Max: 7.1, Diff: 0.5, Sum: 54.6]
      [Update RS (ms): Min: 0.2, Avg: 0.3, Max: 0.6, Diff: 0.4, Sum: 2.7]
         [Processed Buffers: Min: 1, Avg: 20.9, Max: 59, Diff: 58, Sum: 167]
      [Scan RS (ms): Min: 0.0, Avg: 0.1, Max: 0.1, Diff: 0.1, Sum: 0.6]
      [Code Root Scanning (ms): Min: 0.0, Avg: 0.0, Max: 0.0, Diff: 0.0, Sum: 0.0]
      [Object Copy (ms): Min: 0.1, Avg: 0.5, Max: 0.8, Diff: 0.7, Sum: 4.1]
      [Termination (ms): Min: 0.0, Avg: 0.1, Max: 0.1, Diff: 0.1, Sum: 0.6]
         [Termination Attempts: Min: 1, Avg: 1.4, Max: 2, Diff: 1, Sum: 11]
      [GC Worker Other (ms): Min: 0.0, Avg: 0.0, Max: 0.1, Diff: 0.1, Sum: 0.3]
      [GC Worker Total (ms): Min: 7.8, Avg: 7.9, Max: 7.9, Diff: 0.1, Sum: 62.9]
      [GC Worker End (ms): Min: 807568926.9, Avg: 807568926.9, Max: 807568926.9, Diff: 0.1]
   [Code Root Fixup: 0.0 ms]
   [Code Root Purge: 0.0 ms]
   [Clear CT: 0.6 ms]
   [Other: 4.8 ms]
      [Choose CSet: 0.0 ms]
      [Ref Proc: 4.1 ms]
      [Ref Enq: 0.1 ms]
      [Redirty Cards: 0.1 ms]
      [Humongous Register: 0.0 ms]
      [Humongous Reclaim: 0.0 ms]
      [Free CSet: 0.3 ms]
   [Eden: 7152.0M(7152.0M)->0.0B(7152.0M) Survivors: 16384.0K->16384.0K Heap: 10544.1M(14336.0M)->3392.0M(14336.0M)]
 [Times: user=0.07 sys=0.00, real=0.02 secs] 
2022-07-31T05:29:57.428-0700: 807568.932: [GC concurrent-root-region-scan-start]
2022-07-31T05:29:57.432-0700: 807568.937: [GC concurrent-root-region-scan-end, 0.0046019 secs]
2022-07-31T05:29:57.432-0700: 807568.937: [GC concurrent-mark-start]
2022-07-31T05:29:59.903-0700: 807571.407: [GC concurrent-mark-end, 2.4701452 secs]
2022-07-31T05:29:59.903-0700: 807571.408: [GC remark 2022-07-31T05:29:59.903-0700: 807571.408: [Finalize Marking, 0.0004515 secs] 2022-07-31T05:29:59.903-0700: 807571.408: [GC ref-proc, 0.0103065 secs] 2022-07-31T05:29:59.914-0700: 807571.419: [Unloading, 0.0276568 secs], 0.0442065 secs]
 [Times: user=0.25 sys=0.00, real=0.04 secs] 
2022-07-31T05:29:59.948-0700: 807571.452: [GC cleanup 3436M->3436M(14336M), 0.0086912 secs]
 [Times: user=0.06 sys=0.00, real=0.01 secs] 
2022-07-31T05:46:35.763-0700: 808567.268: [GC pause (G1 Evacuation Pause) (young), 0.0111905 secs]
   [Parallel Time: 5.6 ms, GC Workers: 8]
      [GC Worker Start (ms): Min: 808567267.8, Avg: 808567267.9, Max: 808567268.0, Diff: 0.1]
      [Ext Root Scanning (ms): Min: 1.0, Avg: 1.7, Max: 5.4, Diff: 4.4, Sum: 14.0]
      [Update RS (ms): Min: 0.0, Avg: 0.3, Max: 0.6, Diff: 0.6, Sum: 2.4]
         [Processed Buffers: Min: 0, Avg: 21.8, Max: 60, Diff: 60, Sum: 174]
      [Scan RS (ms): Min: 0.0, Avg: 0.1, Max: 0.1, Diff: 0.1, Sum: 0.5]
      [Code Root Scanning (ms): Min: 0.0, Avg: 0.0, Max: 0.0, Diff: 0.0, Sum: 0.0]
      [Object Copy (ms): Min: 0.0, Avg: 0.4, Max: 0.6, Diff: 0.6, Sum: 3.0]
      [Termination (ms): Min: 0.0, Avg: 2.9, Max: 3.3, Diff: 3.3, Sum: 23.2]
         [Termination Attempts: Min: 1, Avg: 1.6, Max: 2, Diff: 1, Sum: 13]
      [GC Worker Other (ms): Min: 0.0, Avg: 0.0, Max: 0.0, Diff: 0.0, Sum: 0.1]
      [GC Worker Total (ms): Min: 5.3, Avg: 5.4, Max: 5.5, Diff: 0.1, Sum: 43.3]
      [GC Worker End (ms): Min: 808567273.3, Avg: 808567273.3, Max: 808567273.3, Diff: 0.0]
   [Code Root Fixup: 0.0 ms]
   [Code Root Purge: 0.0 ms]
   [Clear CT: 0.6 ms]
   [Other: 5.0 ms]
      [Choose CSet: 0.0 ms]
      [Ref Proc: 4.3 ms]
      [Ref Enq: 0.1 ms]
      [Redirty Cards: 0.1 ms]
      [Humongous Register: 0.1 ms]
      [Humongous Reclaim: 0.0 ms]
      [Free CSet: 0.3 ms]
   [Eden: 7152.0M(7152.0M)->0.0B(7152.0M) Survivors: 16384.0K->16384.0K Heap: 10544.0M(14336.0M)->3391.9M(14336.0M)]
 [Times: user=0.05 sys=0.01, real=0.00 secs] 
2022-07-31T06:03:08.661-0700: 809560.166: [GC pause (G1 Evacuation Pause) (young), 0.0115769 secs]
   [Parallel Time: 6.1 ms, GC Workers: 8]
      [GC Worker Start (ms): Min: 809560166.1, Avg: 809560166.3, Max: 809560166.3, Diff: 0.2]
      [Ext Root Scanning (ms): Min: 1.2, Avg: 2.0, Max: 5.8, Diff: 4.6, Sum: 15.6]
      [Update RS (ms): Min: 0.0, Avg: 0.4, Max: 0.9, Diff: 0.9, Sum: 2.9]
         [Processed Buffers: Min: 0, Avg: 20.0, Max: 45, Diff: 45, Sum: 160]
      [Scan RS (ms): Min: 0.0, Avg: 0.1, Max: 0.1, Diff: 0.1, Sum: 0.6]
      [Code Root Scanning (ms): Min: 0.0, Avg: 0.0, Max: 0.0, Diff: 0.0, Sum: 0.0]
      [Object Copy (ms): Min: 0.0, Avg: 0.6, Max: 1.5, Diff: 1.5, Sum: 5.2]
      [Termination (ms): Min: 0.0, Avg: 2.7, Max: 3.1, Diff: 3.1, Sum: 21.5]
         [Termination Attempts: Min: 1, Avg: 3.0, Max: 6, Diff: 5, Sum: 24]
      [GC Worker Other (ms): Min: 0.0, Avg: 0.0, Max: 0.0, Diff: 0.0, Sum: 0.1]
      [GC Worker Total (ms): Min: 5.7, Avg: 5.8, Max: 5.9, Diff: 0.2, Sum: 46.1]
      [GC Worker End (ms): Min: 809560172.0, Avg: 809560172.0, Max: 809560172.0, Diff: 0.0]
   [Code Root Fixup: 0.0 ms]
   [Code Root Purge: 0.0 ms]
   [Clear CT: 0.6 ms]
   [Other: 4.9 ms]
      [Choose CSet: 0.0 ms]
      [Ref Proc: 4.2 ms]
      [Ref Enq: 0.1 ms]
      [Redirty Cards: 0.1 ms]
      [Humongous Register: 0.1 ms]
      [Humongous Reclaim: 0.0 ms]
      [Free CSet: 0.3 ms]
   [Eden: 7152.0M(7152.0M)->0.0B(7152.0M) Survivors: 16384.0K->16384.0K Heap: 10543.9M(14336.0M)->3392.1M(14336.0M)]
 [Times: user=0.06 sys=0.00, real=0.01 secs] 
2022-07-31T06:19:56.812-0700: 810568.317: [GC pause (G1 Evacuation Pause) (young) (initial-mark), 0.0141714 secs]
   [Parallel Time: 9.0 ms, GC Workers: 8]
      [GC Worker Start (ms): Min: 810568318.3, Avg: 810568318.4, Max: 810568318.5, Diff: 0.2]
      [Ext Root Scanning (ms): Min: 6.0, Avg: 6.2, Max: 6.5, Diff: 0.5, Sum: 49.7]
      [Update RS (ms): Min: 0.2, Avg: 0.3, Max: 0.5, Diff: 0.3, Sum: 2.3]
         [Processed Buffers: Min: 1, Avg: 22.0, Max: 61, Diff: 60, Sum: 176]
      [Scan RS (ms): Min: 0.0, Avg: 0.1, Max: 0.1, Diff: 0.1, Sum: 0.5]
      [Code Root Scanning (ms): Min: 0.0, Avg: 0.0, Max: 0.0, Diff: 0.0, Sum: 0.0]
      [Object Copy (ms): Min: 0.1, Avg: 0.5, Max: 0.8, Diff: 0.7, Sum: 4.1]
      [Termination (ms): Min: 0.0, Avg: 0.0, Max: 0.0, Diff: 0.0, Sum: 0.0]
         [Termination Attempts: Min: 3, Avg: 6.4, Max: 9, Diff: 6, Sum: 51]
      [GC Worker Other (ms): Min: 0.0, Avg: 0.0, Max: 0.1, Diff: 0.1, Sum: 0.4]
      [GC Worker Total (ms): Min: 7.0, Avg: 7.1, Max: 7.3, Diff: 0.2, Sum: 57.0]
      [GC Worker End (ms): Min: 810568325.5, Avg: 810568325.6, Max: 810568325.6, Diff: 0.1]
   [Code Root Fixup: 0.0 ms]
   [Code Root Purge: 0.0 ms]
   [Clear CT: 0.7 ms]
   [Other: 4.5 ms]
      [Choose CSet: 0.0 ms]
      [Ref Proc: 3.8 ms]
      [Ref Enq: 0.1 ms]
      [Redirty Cards: 0.1 ms]
      [Humongous Register: 0.0 ms]
      [Humongous Reclaim: 0.0 ms]
      [Free CSet: 0.3 ms]
   [Eden: 7152.0M(7152.0M)->0.0B(7152.0M) Survivors: 16384.0K->16384.0K Heap: 10544.1M(14336.0M)->3392.0M(14336.0M)]
 [Times: user=0.06 sys=0.00, real=0.02 secs] 
2022-07-31T06:19:56.826-0700: 810568.331: [GC concurrent-root-region-scan-start]
2022-07-31T06:19:56.831-0700: 810568.336: [GC concurrent-root-region-scan-end, 0.0048159 secs]
2022-07-31T06:19:56.831-0700: 810568.336: [GC concurrent-mark-start]
2022-07-31T06:19:59.317-0700: 810570.822: [GC concurrent-mark-end, 2.4861919 secs]
2022-07-31T06:19:59.317-0700: 810570.822: [GC remark 2022-07-31T06:19:59.317-0700: 810570.822: [Finalize Marking, 0.0004189 secs] 2022-07-31T06:19:59.318-0700: 810570.823: [GC ref-proc, 0.0112545 secs] 2022-07-31T06:19:59.329-0700: 810570.834: [Unloading, 0.0277510 secs], 0.0448893 secs]
 [Times: user=0.26 sys=0.00, real=0.04 secs] 
2022-07-31T06:19:59.363-0700: 810570.867: [GC cleanup 3464M->3464M(14336M), 0.0086131 secs]
 [Times: user=0.06 sys=0.00, real=0.00 secs] 
2022-07-31T06:36:32.312-0700: 811563.816: [GC pause (G1 Evacuation Pause) (young), 0.0093216 secs]
   [Parallel Time: 5.6 ms, GC Workers: 8]
      [GC Worker Start (ms): Min: 811563816.5, Avg: 811563816.5, Max: 811563816.6, Diff: 0.1]
      [Ext Root Scanning (ms): Min: 1.2, Avg: 1.9, Max: 5.5, Diff: 4.4, Sum: 15.3]
      [Update RS (ms): Min: 0.0, Avg: 0.4, Max: 0.8, Diff: 0.8, Sum: 3.0]
         [Processed Buffers: Min: 0, Avg: 22.5, Max: 61, Diff: 61, Sum: 180]
      [Scan RS (ms): Min: 0.0, Avg: 0.1, Max: 0.2, Diff: 0.2, Sum: 0.6]
      [Code Root Scanning (ms): Min: 0.0, Avg: 0.0, Max: 0.0, Diff: 0.0, Sum: 0.0]
      [Object Copy (ms): Min: 0.0, Avg: 0.5, Max: 0.7, Diff: 0.7, Sum: 4.0]
      [Termination (ms): Min: 0.0, Avg: 2.6, Max: 3.0, Diff: 3.0, Sum: 21.1]
         [Termination Attempts: Min: 1, Avg: 1.0, Max: 1, Diff: 0, Sum: 8]
      [GC Worker Other (ms): Min: 0.0, Avg: 0.0, Max: 0.0, Diff: 0.0, Sum: 0.1]
      [GC Worker Total (ms): Min: 5.5, Avg: 5.5, Max: 5.6, Diff: 0.1, Sum: 44.2]
      [GC Worker End (ms): Min: 811563822.1, Avg: 811563822.1, Max: 811563822.1, Diff: 0.0]
   [Code Root Fixup: 0.0 ms]
   [Code Root Purge: 0.0 ms]
   [Clear CT: 0.6 ms]
   [Other: 3.1 ms]
      [Choose CSet: 0.0 ms]
      [Ref Proc: 2.4 ms]
      [Ref Enq: 0.1 ms]
      [Redirty Cards: 0.1 ms]
      [Humongous Register: 0.1 ms]
      [Humongous Reclaim: 0.0 ms]
      [Free CSet: 0.3 ms]
   [Eden: 7152.0M(7152.0M)->0.0B(7152.0M) Survivors: 16384.0K->16384.0K Heap: 10544.0M(14336.0M)->3392.0M(14336.0M)]
 [Times: user=0.05 sys=0.00, real=0.01 secs] 
2022-07-31T06:53:20.213-0700: 812571.717: [GC pause (G1 Evacuation Pause) (young), 0.0086466 secs]
   [Parallel Time: 5.6 ms, GC Workers: 8]
      [GC Worker Start (ms): Min: 812571717.5, Avg: 812571717.6, Max: 812571717.6, Diff: 0.1]
      [Ext Root Scanning (ms): Min: 1.2, Avg: 1.9, Max: 5.5, Diff: 4.3, Sum: 14.8]
      [Update RS (ms): Min: 0.0, Avg: 0.4, Max: 0.8, Diff: 0.8, Sum: 2.9]
         [Processed Buffers: Min: 0, Avg: 20.4, Max: 51, Diff: 51, Sum: 163]
      [Scan RS (ms): Min: 0.0, Avg: 0.1, Max: 0.2, Diff: 0.1, Sum: 0.7]
      [Code Root Scanning (ms): Min: 0.0, Avg: 0.0, Max: 0.0, Diff: 0.0, Sum: 0.0]
      [Object Copy (ms): Min: 0.0, Avg: 0.5, Max: 0.8, Diff: 0.8, Sum: 4.4]
      [Termination (ms): Min: 0.0, Avg: 2.7, Max: 3.1, Diff: 3.1, Sum: 21.3]
         [Termination Attempts: Min: 1, Avg: 4.2, Max: 8, Diff: 7, Sum: 34]
      [GC Worker Other (ms): Min: 0.0, Avg: 0.0, Max: 0.0, Diff: 0.0, Sum: 0.1]
      [GC Worker Total (ms): Min: 5.5, Avg: 5.5, Max: 5.6, Diff: 0.1, Sum: 44.2]
      [GC Worker End (ms): Min: 812571723.1, Avg: 812571723.1, Max: 812571723.1, Diff: 0.0]
   [Code Root Fixup: 0.0 ms]
   [Code Root Purge: 0.0 ms]
   [Clear CT: 0.6 ms]
   [Other: 2.4 ms]
      [Choose CSet: 0.0 ms]
      [Ref Proc: 1.7 ms]
      [Ref Enq: 0.1 ms]
      [Redirty Cards: 0.1 ms]
      [Humongous Register: 0.0 ms]
      [Humongous Reclaim: 0.0 ms]
      [Free CSet: 0.3 ms]
   [Eden: 7152.0M(7152.0M)->0.0B(7152.0M) Survivors: 16384.0K->16384.0K Heap: 10544.0M(14336.0M)->3392.3M(14336.0M)]
 [Times: user=0.05 sys=0.00, real=0.01 secs] 
2022-07-31T07:09:47.463-0700: 813558.968: [GC pause (G1 Evacuation Pause) (young) (initial-mark), 0.0141380 secs]
   [Parallel Time: 9.2 ms, GC Workers: 8]
      [GC Worker Start (ms): Min: 813558969.6, Avg: 813558969.7, Max: 813558969.8, Diff: 0.2]
      [Ext Root Scanning (ms): Min: 5.9, Avg: 6.2, Max: 6.4, Diff: 0.5, Sum: 49.3]
      [Update RS (ms): Min: 0.2, Avg: 0.3, Max: 0.5, Diff: 0.4, Sum: 2.2]
         [Processed Buffers: Min: 1, Avg: 22.1, Max: 71, Diff: 70, Sum: 177]
      [Scan RS (ms): Min: 0.0, Avg: 0.1, Max: 0.1, Diff: 0.1, Sum: 0.5]
      [Code Root Scanning (ms): Min: 0.0, Avg: 0.0, Max: 0.0, Diff: 0.0, Sum: 0.0]
      [Object Copy (ms): Min: 0.2, Avg: 0.5, Max: 0.6, Diff: 0.4, Sum: 3.7]
      [Termination (ms): Min: 0.0, Avg: 0.0, Max: 0.0, Diff: 0.0, Sum: 0.2]
         [Termination Attempts: Min: 1, Avg: 1.9, Max: 3, Diff: 2, Sum: 15]
      [GC Worker Other (ms): Min: 0.0, Avg: 0.0, Max: 0.1, Diff: 0.1, Sum: 0.3]
      [GC Worker Total (ms): Min: 6.9, Avg: 7.0, Max: 7.1, Diff: 0.2, Sum: 56.3]
      [GC Worker End (ms): Min: 813558976.7, Avg: 813558976.8, Max: 813558976.8, Diff: 0.1]
   [Code Root Fixup: 0.0 ms]
   [Code Root Purge: 0.0 ms]
   [Clear CT: 0.7 ms]
   [Other: 4.3 ms]
      [Choose CSet: 0.0 ms]
      [Ref Proc: 3.5 ms]
      [Ref Enq: 0.1 ms]
      [Redirty Cards: 0.1 ms]
      [Humongous Register: 0.0 ms]
      [Humongous Reclaim: 0.0 ms]
      [Free CSet: 0.3 ms]
   [Eden: 7152.0M(7152.0M)->0.0B(7152.0M) Survivors: 16384.0K->16384.0K Heap: 10544.3M(14336.0M)->3392.1M(14336.0M)]
 [Times: user=0.06 sys=0.00, real=0.01 secs] 
2022-07-31T07:09:47.477-0700: 813558.982: [GC concurrent-root-region-scan-start]
2022-07-31T07:09:47.483-0700: 813558.987: [GC concurrent-root-region-scan-end, 0.0053210 secs]
2022-07-31T07:09:47.483-0700: 813558.987: [GC concurrent-mark-start]
2022-07-31T07:09:49.954-0700: 813561.459: [GC concurrent-mark-end, 2.4717465 secs]
2022-07-31T07:09:49.955-0700: 813561.459: [GC remark 2022-07-31T07:09:49.955-0700: 813561.459: [Finalize Marking, 0.0003203 secs] 2022-07-31T07:09:49.955-0700: 813561.460: [GC ref-proc, 0.0103922 secs] 2022-07-31T07:09:49.966-0700: 813561.470: [Unloading, 0.0274407 secs], 0.0437500 secs]
 [Times: user=0.26 sys=0.00, real=0.04 secs] 
2022-07-31T07:09:49.999-0700: 813561.504: [GC cleanup 3464M->3464M(14336M), 0.0087605 secs]
 [Times: user=0.06 sys=0.00, real=0.01 secs] 
2022-07-31T07:26:22.014-0700: 814553.519: [GC pause (G1 Evacuation Pause) (young), 0.0108493 secs]
   [Parallel Time: 5.4 ms, GC Workers: 8]
      [GC Worker Start (ms): Min: 814553519.2, Avg: 814553519.3, Max: 814553519.3, Diff: 0.1]
      [Ext Root Scanning (ms): Min: 1.1, Avg: 1.8, Max: 5.1, Diff: 4.0, Sum: 14.0]
      [Update RS (ms): Min: 0.0, Avg: 0.3, Max: 0.7, Diff: 0.7, Sum: 2.5]
         [Processed Buffers: Min: 0, Avg: 20.4, Max: 51, Diff: 51, Sum: 163]
      [Scan RS (ms): Min: 0.0, Avg: 0.1, Max: 0.1, Diff: 0.1, Sum: 0.6]
      [Code Root Scanning (ms): Min: 0.0, Avg: 0.0, Max: 0.0, Diff: 0.0, Sum: 0.0]
      [Object Copy (ms): Min: 0.0, Avg: 0.4, Max: 0.6, Diff: 0.6, Sum: 3.4]
      [Termination (ms): Min: 0.0, Avg: 2.6, Max: 3.0, Diff: 3.0, Sum: 20.6]
         [Termination Attempts: Min: 1, Avg: 1.6, Max: 3, Diff: 2, Sum: 13]
      [GC Worker Other (ms): Min: 0.0, Avg: 0.0, Max: 0.0, Diff: 0.0, Sum: 0.2]
      [GC Worker Total (ms): Min: 5.1, Avg: 5.1, Max: 5.2, Diff: 0.1, Sum: 41.2]
      [GC Worker End (ms): Min: 814553524.4, Avg: 814553524.4, Max: 814553524.4, Diff: 0.0]
   [Code Root Fixup: 0.0 ms]
   [Code Root Purge: 0.0 ms]
   [Clear CT: 0.6 ms]
   [Other: 4.9 ms]
      [Choose CSet: 0.0 ms]
      [Ref Proc: 4.2 ms]
      [Ref Enq: 0.2 ms]
      [Redirty Cards: 0.1 ms]
      [Humongous Register: 0.0 ms]
      [Humongous Reclaim: 0.0 ms]
      [Free CSet: 0.3 ms]
   [Eden: 7152.0M(7152.0M)->0.0B(7152.0M) Survivors: 16384.0K->16384.0K Heap: 10544.1M(14336.0M)->3392.1M(14336.0M)]
 [Times: user=0.06 sys=0.00, real=0.02 secs] 
2022-07-31T07:42:52.863-0700: 815544.368: [GC pause (G1 Evacuation Pause) (young), 0.0085865 secs]
   [Parallel Time: 5.5 ms, GC Workers: 8]
      [GC Worker Start (ms): Min: 815544367.9, Avg: 815544367.9, Max: 815544368.0, Diff: 0.1]
      [Ext Root Scanning (ms): Min: 1.2, Avg: 1.9, Max: 5.3, Diff: 4.2, Sum: 14.8]
      [Update RS (ms): Min: 0.0, Avg: 0.3, Max: 0.6, Diff: 0.6, Sum: 2.6]
         [Processed Buffers: Min: 0, Avg: 22.0, Max: 59, Diff: 59, Sum: 176]
      [Scan RS (ms): Min: 0.0, Avg: 0.1, Max: 0.1, Diff: 0.1, Sum: 0.6]
      [Code Root Scanning (ms): Min: 0.0, Avg: 0.0, Max: 0.0, Diff: 0.0, Sum: 0.0]
      [Object Copy (ms): Min: 0.0, Avg: 0.5, Max: 0.7, Diff: 0.7, Sum: 4.1]
      [Termination (ms): Min: 0.0, Avg: 2.5, Max: 2.9, Diff: 2.9, Sum: 20.3]
         [Termination Attempts: Min: 1, Avg: 3.6, Max: 6, Diff: 5, Sum: 29]
      [GC Worker Other (ms): Min: 0.0, Avg: 0.0, Max: 0.0, Diff: 0.0, Sum: 0.2]
      [GC Worker Total (ms): Min: 5.3, Avg: 5.3, Max: 5.4, Diff: 0.1, Sum: 42.6]
      [GC Worker End (ms): Min: 815544373.3, Avg: 815544373.3, Max: 815544373.3, Diff: 0.0]
   [Code Root Fixup: 0.0 ms]
   [Code Root Purge: 0.0 ms]
   [Clear CT: 0.6 ms]
   [Other: 2.5 ms]
      [Choose CSet: 0.0 ms]
      [Ref Proc: 1.8 ms]
      [Ref Enq: 0.1 ms]
      [Redirty Cards: 0.1 ms]
      [Humongous Register: 0.1 ms]
      [Humongous Reclaim: 0.0 ms]
      [Free CSet: 0.3 ms]
   [Eden: 7152.0M(7152.0M)->0.0B(7152.0M) Survivors: 16384.0K->16384.0K Heap: 10544.1M(14336.0M)->3392.3M(14336.0M)]
 [Times: user=0.05 sys=0.00, real=0.00 secs] 
2022-07-31T07:59:17.131-0700: 816528.636: [GC pause (G1 Evacuation Pause) (young) (initial-mark), 0.0152310 secs]
   [Parallel Time: 9.9 ms, GC Workers: 8]
      [GC Worker Start (ms): Min: 816528637.8, Avg: 816528637.9, Max: 816528638.0, Diff: 0.2]
      [Ext Root Scanning (ms): Min: 6.5, Avg: 6.7, Max: 7.1, Diff: 0.6, Sum: 54.0]
      [Update RS (ms): Min: 0.2, Avg: 0.3, Max: 0.5, Diff: 0.3, Sum: 2.3]
         [Processed Buffers: Min: 1, Avg: 21.6, Max: 63, Diff: 62, Sum: 173]
      [Scan RS (ms): Min: 0.0, Avg: 0.1, Max: 0.1, Diff: 0.1, Sum: 0.5]
      [Code Root Scanning (ms): Min: 0.0, Avg: 0.0, Max: 0.0, Diff: 0.0, Sum: 0.0]
      [Object Copy (ms): Min: 0.3, Avg: 0.5, Max: 0.7, Diff: 0.5, Sum: 4.2]
      [Termination (ms): Min: 0.0, Avg: 0.1, Max: 0.1, Diff: 0.1, Sum: 0.4]
         [Termination Attempts: Min: 1, Avg: 1.5, Max: 2, Diff: 1, Sum: 12]
      [GC Worker Other (ms): Min: 0.0, Avg: 0.0, Max: 0.1, Diff: 0.0, Sum: 0.2]
      [GC Worker Total (ms): Min: 7.7, Avg: 7.7, Max: 7.8, Diff: 0.1, Sum: 61.6]
      [GC Worker End (ms): Min: 816528645.6, Avg: 816528645.6, Max: 816528645.6, Diff: 0.1]
   [Code Root Fixup: 0.0 ms]
   [Code Root Purge: 0.0 ms]
   [Clear CT: 0.6 ms]
   [Other: 4.7 ms]
      [Choose CSet: 0.0 ms]
      [Ref Proc: 3.9 ms]
      [Ref Enq: 0.1 ms]
      [Redirty Cards: 0.1 ms]
      [Humongous Register: 0.0 ms]
      [Humongous Reclaim: 0.0 ms]
      [Free CSet: 0.3 ms]
   [Eden: 7152.0M(7152.0M)->0.0B(7152.0M) Survivors: 16384.0K->16384.0K Heap: 10544.3M(14336.0M)->3392.2M(14336.0M)]
 [Times: user=0.06 sys=0.00, real=0.02 secs] 
2022-07-31T07:59:17.146-0700: 816528.651: [GC concurrent-root-region-scan-start]
2022-07-31T07:59:17.151-0700: 816528.656: [GC concurrent-root-region-scan-end, 0.0047629 secs]
2022-07-31T07:59:17.151-0700: 816528.656: [GC concurrent-mark-start]
2022-07-31T07:59:19.634-0700: 816531.139: [GC concurrent-mark-end, 2.4831177 secs]
2022-07-31T07:59:19.635-0700: 816531.139: [GC remark 2022-07-31T07:59:19.635-0700: 816531.139: [Finalize Marking, 0.0002146 secs] 2022-07-31T07:59:19.635-0700: 816531.140: [GC ref-proc, 0.0086077 secs] 2022-07-31T07:59:19.644-0700: 816531.148: [Unloading, 0.0285025 secs], 0.0427076 secs]
 [Times: user=0.26 sys=0.00, real=0.05 secs] 
2022-07-31T07:59:19.678-0700: 816531.182: [GC cleanup 3432M->3432M(14336M), 0.0079948 secs]
 [Times: user=0.06 sys=0.00, real=0.01 secs] 
2022-07-31T08:15:52.062-0700: 817523.567: [GC pause (G1 Evacuation Pause) (young), 0.0093095 secs]
   [Parallel Time: 6.3 ms, GC Workers: 8]
      [GC Worker Start (ms): Min: 817523567.0, Avg: 817523567.1, Max: 817523567.2, Diff: 0.2]
      [Ext Root Scanning (ms): Min: 1.3, Avg: 2.0, Max: 6.1, Diff: 4.8, Sum: 16.4]
      [Update RS (ms): Min: 0.0, Avg: 0.4, Max: 0.8, Diff: 0.8, Sum: 3.0]
         [Processed Buffers: Min: 0, Avg: 21.2, Max: 66, Diff: 66, Sum: 170]
      [Scan RS (ms): Min: 0.0, Avg: 0.1, Max: 0.2, Diff: 0.1, Sum: 0.7]
      [Code Root Scanning (ms): Min: 0.0, Avg: 0.0, Max: 0.0, Diff: 0.0, Sum: 0.0]
      [Object Copy (ms): Min: 0.0, Avg: 0.5, Max: 0.7, Diff: 0.7, Sum: 4.0]
      [Termination (ms): Min: 0.0, Avg: 3.0, Max: 3.4, Diff: 3.4, Sum: 24.0]
         [Termination Attempts: Min: 1, Avg: 1.2, Max: 2, Diff: 1, Sum: 10]
      [GC Worker Other (ms): Min: 0.0, Avg: 0.0, Max: 0.1, Diff: 0.0, Sum: 0.2]
      [GC Worker Total (ms): Min: 6.0, Avg: 6.0, Max: 6.1, Diff: 0.2, Sum: 48.3]
      [GC Worker End (ms): Min: 817523573.1, Avg: 817523573.2, Max: 817523573.2, Diff: 0.0]
   [Code Root Fixup: 0.0 ms]
   [Code Root Purge: 0.0 ms]
   [Clear CT: 0.6 ms]
   [Other: 2.4 ms]
      [Choose CSet: 0.0 ms]
      [Ref Proc: 1.7 ms]
      [Ref Enq: 0.1 ms]
      [Redirty Cards: 0.1 ms]
      [Humongous Register: 0.1 ms]
      [Humongous Reclaim: 0.0 ms]
      [Free CSet: 0.3 ms]
   [Eden: 7152.0M(7152.0M)->0.0B(7152.0M) Survivors: 16384.0K->16384.0K Heap: 10544.2M(14336.0M)->3392.0M(14336.0M)]
 [Times: user=0.06 sys=0.00, real=0.01 secs] 
2022-07-31T08:32:21.912-0700: 818513.417: [GC pause (G1 Evacuation Pause) (young), 0.0113840 secs]
   [Parallel Time: 5.4 ms, GC Workers: 8]
      [GC Worker Start (ms): Min: 818513417.2, Avg: 818513417.3, Max: 818513417.3, Diff: 0.2]
      [Ext Root Scanning (ms): Min: 1.2, Avg: 1.9, Max: 5.2, Diff: 4.0, Sum: 15.2]
      [Update RS (ms): Min: 0.0, Avg: 0.4, Max: 0.8, Diff: 0.8, Sum: 3.0]
         [Processed Buffers: Min: 0, Avg: 21.0, Max: 47, Diff: 47, Sum: 168]
      [Scan RS (ms): Min: 0.0, Avg: 0.1, Max: 0.2, Diff: 0.2, Sum: 0.7]
      [Code Root Scanning (ms): Min: 0.0, Avg: 0.0, Max: 0.0, Diff: 0.0, Sum: 0.0]
      [Object Copy (ms): Min: 0.0, Avg: 0.4, Max: 0.7, Diff: 0.7, Sum: 3.6]
      [Termination (ms): Min: 0.0, Avg: 2.3, Max: 2.6, Diff: 2.6, Sum: 18.5]
         [Termination Attempts: Min: 1, Avg: 1.0, Max: 1, Diff: 0, Sum: 8]
      [GC Worker Other (ms): Min: 0.0, Avg: 0.0, Max: 0.1, Diff: 0.0, Sum: 0.2]
      [GC Worker Total (ms): Min: 5.1, Avg: 5.2, Max: 5.2, Diff: 0.2, Sum: 41.3]
      [GC Worker End (ms): Min: 818513422.4, Avg: 818513422.4, Max: 818513422.4, Diff: 0.0]
   [Code Root Fixup: 0.0 ms]
   [Code Root Purge: 0.0 ms]
   [Clear CT: 0.6 ms]
   [Other: 5.4 ms]
      [Choose CSet: 0.0 ms]
      [Ref Proc: 4.6 ms]
      [Ref Enq: 0.1 ms]
      [Redirty Cards: 0.1 ms]
      [Humongous Register: 0.1 ms]
      [Humongous Reclaim: 0.0 ms]
      [Free CSet: 0.3 ms]
   [Eden: 7152.0M(7152.0M)->0.0B(7152.0M) Survivors: 16384.0K->16384.0K Heap: 10544.0M(14336.0M)->3392.2M(14336.0M)]
 [Times: user=0.06 sys=0.00, real=0.02 secs] 
2022-07-31T08:49:00.162-0700: 819511.667: [GC pause (G1 Evacuation Pause) (young) (initial-mark), 0.0152169 secs]
   [Parallel Time: 9.6 ms, GC Workers: 8]
      [GC Worker Start (ms): Min: 819511668.9, Avg: 819511669.0, Max: 819511669.1, Diff: 0.2]
      [Ext Root Scanning (ms): Min: 6.1, Avg: 6.3, Max: 6.7, Diff: 0.6, Sum: 50.7]
      [Update RS (ms): Min: 0.2, Avg: 0.3, Max: 0.5, Diff: 0.3, Sum: 2.1]
         [Processed Buffers: Min: 1, Avg: 22.0, Max: 68, Diff: 67, Sum: 176]
      [Scan RS (ms): Min: 0.0, Avg: 0.1, Max: 0.1, Diff: 0.1, Sum: 0.5]
      [Code Root Scanning (ms): Min: 0.0, Avg: 0.0, Max: 0.0, Diff: 0.0, Sum: 0.0]
      [Object Copy (ms): Min: 0.1, Avg: 0.5, Max: 0.7, Diff: 0.6, Sum: 3.8]
      [Termination (ms): Min: 0.0, Avg: 0.1, Max: 0.1, Diff: 0.1, Sum: 0.4]
         [Termination Attempts: Min: 1, Avg: 1.0, Max: 1, Diff: 0, Sum: 8]
      [GC Worker Other (ms): Min: 0.0, Avg: 0.0, Max: 0.0, Diff: 0.0, Sum: 0.2]
      [GC Worker Total (ms): Min: 7.1, Avg: 7.2, Max: 7.3, Diff: 0.2, Sum: 57.7]
      [GC Worker End (ms): Min: 819511676.2, Avg: 819511676.2, Max: 819511676.2, Diff: 0.0]
   [Code Root Fixup: 0.0 ms]
   [Code Root Purge: 0.0 ms]
   [Clear CT: 0.6 ms]
   [Other: 5.0 ms]
      [Choose CSet: 0.0 ms]
      [Ref Proc: 4.3 ms]
      [Ref Enq: 0.1 ms]
      [Redirty Cards: 0.1 ms]
      [Humongous Register: 0.0 ms]
      [Humongous Reclaim: 0.0 ms]
      [Free CSet: 0.3 ms]
   [Eden: 7152.0M(7152.0M)->0.0B(7152.0M) Survivors: 16384.0K->16384.0K Heap: 10544.2M(14336.0M)->3392.0M(14336.0M)]
 [Times: user=0.06 sys=0.01, real=0.02 secs] 
2022-07-31T08:49:00.177-0700: 819511.682: [GC concurrent-root-region-scan-start]
2022-07-31T08:49:00.182-0700: 819511.686: [GC concurrent-root-region-scan-end, 0.0044674 secs]
2022-07-31T08:49:00.182-0700: 819511.686: [GC concurrent-mark-start]
2022-07-31T08:49:02.672-0700: 819514.177: [GC concurrent-mark-end, 2.4904967 secs]
2022-07-31T08:49:02.673-0700: 819514.177: [GC remark 2022-07-31T08:49:02.673-0700: 819514.177: [Finalize Marking, 0.0003631 secs] 2022-07-31T08:49:02.673-0700: 819514.178: [GC ref-proc, 0.0110069 secs] 2022-07-31T08:49:02.684-0700: 819514.189: [Unloading, 0.0277290 secs], 0.0445237 secs]
 [Times: user=0.26 sys=0.00, real=0.05 secs] 
2022-07-31T08:49:02.718-0700: 819514.222: [GC cleanup 3464M->3464M(14336M), 0.0086763 secs]
 [Times: user=0.06 sys=0.00, real=0.01 secs] 
2022-07-31T09:05:38.112-0700: 820509.617: [GC pause (G1 Evacuation Pause) (young), 0.0083682 secs]
   [Parallel Time: 5.4 ms, GC Workers: 8]
      [GC Worker Start (ms): Min: 820509617.3, Avg: 820509617.4, Max: 820509617.4, Diff: 0.1]
      [Ext Root Scanning (ms): Min: 1.2, Avg: 1.9, Max: 5.2, Diff: 3.9, Sum: 15.2]
      [Update RS (ms): Min: 0.0, Avg: 0.4, Max: 0.7, Diff: 0.7, Sum: 3.0]
         [Processed Buffers: Min: 0, Avg: 21.2, Max: 61, Diff: 61, Sum: 170]
      [Scan RS (ms): Min: 0.0, Avg: 0.1, Max: 0.1, Diff: 0.1, Sum: 0.5]
      [Code Root Scanning (ms): Min: 0.0, Avg: 0.0, Max: 0.0, Diff: 0.0, Sum: 0.0]
      [Object Copy (ms): Min: 0.0, Avg: 0.5, Max: 0.7, Diff: 0.7, Sum: 3.7]
      [Termination (ms): Min: 0.0, Avg: 2.4, Max: 2.7, Diff: 2.7, Sum: 18.8]
         [Termination Attempts: Min: 1, Avg: 3.0, Max: 5, Diff: 4, Sum: 24]
      [GC Worker Other (ms): Min: 0.0, Avg: 0.0, Max: 0.1, Diff: 0.0, Sum: 0.3]
      [GC Worker Total (ms): Min: 5.1, Avg: 5.2, Max: 5.2, Diff: 0.1, Sum: 41.5]
      [GC Worker End (ms): Min: 820509622.6, Avg: 820509622.6, Max: 820509622.6, Diff: 0.1]
   [Code Root Fixup: 0.0 ms]
   [Code Root Purge: 0.0 ms]
   [Clear CT: 0.6 ms]
   [Other: 2.4 ms]
      [Choose CSet: 0.0 ms]
      [Ref Proc: 1.7 ms]
      [Ref Enq: 0.1 ms]
      [Redirty Cards: 0.1 ms]
      [Humongous Register: 0.1 ms]
      [Humongous Reclaim: 0.0 ms]
      [Free CSet: 0.3 ms]
   [Eden: 7152.0M(7152.0M)->0.0B(7152.0M) Survivors: 16384.0K->16384.0K Heap: 10544.0M(14336.0M)->3392.0M(14336.0M)]
 [Times: user=0.04 sys=0.01, real=0.01 secs] 
2022-07-31T09:22:22.161-0700: 821513.665: [GC pause (G1 Evacuation Pause) (young), 0.0101207 secs]
   [Parallel Time: 4.6 ms, GC Workers: 8]
      [GC Worker Start (ms): Min: 821513665.5, Avg: 821513665.6, Max: 821513665.6, Diff: 0.1]
      [Ext Root Scanning (ms): Min: 1.4, Avg: 2.1, Max: 4.4, Diff: 3.0, Sum: 16.9]
      [Update RS (ms): Min: 0.0, Avg: 0.3, Max: 0.6, Diff: 0.6, Sum: 2.2]
         [Processed Buffers: Min: 0, Avg: 21.4, Max: 55, Diff: 55, Sum: 171]
      [Scan RS (ms): Min: 0.0, Avg: 0.1, Max: 0.1, Diff: 0.1, Sum: 0.5]
      [Code Root Scanning (ms): Min: 0.0, Avg: 0.0, Max: 0.0, Diff: 0.0, Sum: 0.0]
      [Object Copy (ms): Min: 0.0, Avg: 0.4, Max: 0.6, Diff: 0.6, Sum: 3.2]
      [Termination (ms): Min: 0.0, Avg: 1.6, Max: 1.8, Diff: 1.8, Sum: 12.5]
         [Termination Attempts: Min: 1, Avg: 2.4, Max: 4, Diff: 3, Sum: 19]
      [GC Worker Other (ms): Min: 0.0, Avg: 0.0, Max: 0.0, Diff: 0.0, Sum: 0.1]
      [GC Worker Total (ms): Min: 4.4, Avg: 4.4, Max: 4.5, Diff: 0.1, Sum: 35.4]
      [GC Worker End (ms): Min: 821513670.0, Avg: 821513670.0, Max: 821513670.0, Diff: 0.0]
   [Code Root Fixup: 0.0 ms]
   [Code Root Purge: 0.0 ms]
   [Clear CT: 0.6 ms]
   [Other: 4.9 ms]
      [Choose CSet: 0.0 ms]
      [Ref Proc: 4.2 ms]
      [Ref Enq: 0.1 ms]
      [Redirty Cards: 0.1 ms]
      [Humongous Register: 0.1 ms]
      [Humongous Reclaim: 0.0 ms]
      [Free CSet: 0.3 ms]
   [Eden: 7152.0M(7152.0M)->0.0B(7152.0M) Survivors: 16384.0K->16384.0K Heap: 10544.0M(14336.0M)->3392.1M(14336.0M)]
 [Times: user=0.04 sys=0.01, real=0.01 secs] 
2022-07-31T09:39:02.562-0700: 822514.066: [GC pause (G1 Evacuation Pause) (young) (initial-mark), 0.0148594 secs]
   [Parallel Time: 9.6 ms, GC Workers: 8]
      [GC Worker Start (ms): Min: 822514068.1, Avg: 822514068.2, Max: 822514068.3, Diff: 0.1]
      [Ext Root Scanning (ms): Min: 6.3, Avg: 6.5, Max: 6.9, Diff: 0.6, Sum: 52.3]
      [Update RS (ms): Min: 0.2, Avg: 0.3, Max: 0.5, Diff: 0.3, Sum: 2.5]
         [Processed Buffers: Min: 1, Avg: 23.2, Max: 68, Diff: 67, Sum: 186]
      [Scan RS (ms): Min: 0.0, Avg: 0.1, Max: 0.1, Diff: 0.1, Sum: 0.6]
      [Code Root Scanning (ms): Min: 0.0, Avg: 0.0, Max: 0.0, Diff: 0.0, Sum: 0.0]
      [Object Copy (ms): Min: 0.2, Avg: 0.5, Max: 0.8, Diff: 0.6, Sum: 4.2]
      [Termination (ms): Min: 0.0, Avg: 0.0, Max: 0.0, Diff: 0.0, Sum: 0.1]
         [Termination Attempts: Min: 1, Avg: 1.2, Max: 2, Diff: 1, Sum: 10]
      [GC Worker Other (ms): Min: 0.0, Avg: 0.0, Max: 0.1, Diff: 0.1, Sum: 0.4]
      [GC Worker Total (ms): Min: 7.4, Avg: 7.5, Max: 7.6, Diff: 0.1, Sum: 60.2]
      [GC Worker End (ms): Min: 822514075.7, Avg: 822514075.7, Max: 822514075.8, Diff: 0.1]
   [Code Root Fixup: 0.0 ms]
   [Code Root Purge: 0.0 ms]
   [Clear CT: 0.7 ms]
   [Other: 4.6 ms]
      [Choose CSet: 0.0 ms]
      [Ref Proc: 3.8 ms]
      [Ref Enq: 0.1 ms]
      [Redirty Cards: 0.1 ms]
      [Humongous Register: 0.0 ms]
      [Humongous Reclaim: 0.0 ms]
      [Free CSet: 0.3 ms]
   [Eden: 7152.0M(7152.0M)->0.0B(7152.0M) Survivors: 16384.0K->16384.0K Heap: 10544.1M(14336.0M)->3392.1M(14336.0M)]
 [Times: user=0.06 sys=0.00, real=0.02 secs] 
2022-07-31T09:39:02.577-0700: 822514.081: [GC concurrent-root-region-scan-start]
2022-07-31T09:39:02.583-0700: 822514.088: [GC concurrent-root-region-scan-end, 0.0065658 secs]
2022-07-31T09:39:02.583-0700: 822514.088: [GC concurrent-mark-start]
2022-07-31T09:39:05.075-0700: 822516.580: [GC concurrent-mark-end, 2.4924000 secs]
2022-07-31T09:39:05.076-0700: 822516.581: [GC remark 2022-07-31T09:39:05.076-0700: 822516.581: [Finalize Marking, 0.0003167 secs] 2022-07-31T09:39:05.076-0700: 822516.581: [GC ref-proc, 0.0086304 secs] 2022-07-31T09:39:05.085-0700: 822516.590: [Unloading, 0.0281538 secs], 0.0425964 secs]
 [Times: user=0.25 sys=0.00, real=0.04 secs] 
2022-07-31T09:39:05.119-0700: 822516.624: [GC cleanup 3456M->3456M(14336M), 0.0083272 secs]
 [Times: user=0.06 sys=0.00, real=0.01 secs] 
2022-07-31T09:55:52.962-0700: 823524.467: [GC pause (G1 Evacuation Pause) (young), 0.0108740 secs]
   [Parallel Time: 5.8 ms, GC Workers: 8]
      [GC Worker Start (ms): Min: 823524467.3, Avg: 823524467.4, Max: 823524467.4, Diff: 0.2]
      [Ext Root Scanning (ms): Min: 1.2, Avg: 1.9, Max: 5.5, Diff: 4.3, Sum: 14.9]
      [Update RS (ms): Min: 0.0, Avg: 0.4, Max: 0.8, Diff: 0.8, Sum: 2.8]
         [Processed Buffers: Min: 0, Avg: 19.5, Max: 79, Diff: 79, Sum: 156]
      [Scan RS (ms): Min: 0.0, Avg: 0.1, Max: 0.2, Diff: 0.2, Sum: 0.6]
      [Code Root Scanning (ms): Min: 0.0, Avg: 0.0, Max: 0.0, Diff: 0.0, Sum: 0.0]
      [Object Copy (ms): Min: 0.0, Avg: 0.5, Max: 0.7, Diff: 0.7, Sum: 3.8]
      [Termination (ms): Min: 0.0, Avg: 2.7, Max: 3.0, Diff: 3.0, Sum: 21.2]
         [Termination Attempts: Min: 1, Avg: 2.9, Max: 5, Diff: 4, Sum: 23]
      [GC Worker Other (ms): Min: 0.0, Avg: 0.0, Max: 0.1, Diff: 0.0, Sum: 0.2]
      [GC Worker Total (ms): Min: 5.4, Avg: 5.5, Max: 5.5, Diff: 0.2, Sum: 43.7]
      [GC Worker End (ms): Min: 823524472.8, Avg: 823524472.8, Max: 823524472.8, Diff: 0.1]
   [Code Root Fixup: 0.0 ms]
   [Code Root Purge: 0.0 ms]
   [Clear CT: 0.6 ms]
   [Other: 4.5 ms]
      [Choose CSet: 0.0 ms]
      [Ref Proc: 3.8 ms]
      [Ref Enq: 0.1 ms]
      [Redirty Cards: 0.1 ms]
      [Humongous Register: 0.1 ms]
      [Humongous Reclaim: 0.0 ms]
      [Free CSet: 0.3 ms]
   [Eden: 7152.0M(7152.0M)->0.0B(7152.0M) Survivors: 16384.0K->16384.0K Heap: 10544.1M(14336.0M)->3392.2M(14336.0M)]
 [Times: user=0.06 sys=0.00, real=0.01 secs] 
2022-07-31T10:12:26.163-0700: 824517.668: [GC pause (G1 Evacuation Pause) (young), 0.0112487 secs]
   [Parallel Time: 6.0 ms, GC Workers: 8]
      [GC Worker Start (ms): Min: 824517667.9, Avg: 824517667.9, Max: 824517668.0, Diff: 0.2]
      [Ext Root Scanning (ms): Min: 1.0, Avg: 1.8, Max: 5.8, Diff: 4.7, Sum: 14.7]
      [Update RS (ms): Min: 0.0, Avg: 0.3, Max: 0.6, Diff: 0.6, Sum: 2.7]
         [Processed Buffers: Min: 0, Avg: 21.1, Max: 60, Diff: 60, Sum: 169]
      [Scan RS (ms): Min: 0.0, Avg: 0.1, Max: 0.2, Diff: 0.1, Sum: 0.6]
      [Code Root Scanning (ms): Min: 0.0, Avg: 0.0, Max: 0.0, Diff: 0.0, Sum: 0.0]
      [Object Copy (ms): Min: 0.0, Avg: 0.4, Max: 0.6, Diff: 0.6, Sum: 3.4]
      [Termination (ms): Min: 0.0, Avg: 3.0, Max: 3.5, Diff: 3.5, Sum: 24.4]
         [Termination Attempts: Min: 1, Avg: 2.8, Max: 5, Diff: 4, Sum: 22]
      [GC Worker Other (ms): Min: 0.0, Avg: 0.0, Max: 0.1, Diff: 0.1, Sum: 0.2]
      [GC Worker Total (ms): Min: 5.7, Avg: 5.7, Max: 5.8, Diff: 0.2, Sum: 46.0]
      [GC Worker End (ms): Min: 824517673.7, Avg: 824517673.7, Max: 824517673.7, Diff: 0.1]
   [Code Root Fixup: 0.0 ms]
   [Code Root Purge: 0.0 ms]
   [Clear CT: 0.6 ms]
   [Other: 4.6 ms]
      [Choose CSet: 0.0 ms]
      [Ref Proc: 3.9 ms]
      [Ref Enq: 0.1 ms]
      [Redirty Cards: 0.1 ms]
      [Humongous Register: 0.1 ms]
      [Humongous Reclaim: 0.0 ms]
      [Free CSet: 0.3 ms]
   [Eden: 7152.0M(7152.0M)->0.0B(7152.0M) Survivors: 16384.0K->16384.0K Heap: 10544.2M(14336.0M)->3392.1M(14336.0M)]
 [Times: user=0.06 sys=0.01, real=0.00 secs] 
2022-07-31T10:29:06.312-0700: 825517.817: [GC pause (G1 Evacuation Pause) (young) (initial-mark), 0.0153470 secs]
   [Parallel Time: 10.0 ms, GC Workers: 8]
      [GC Worker Start (ms): Min: 825517819.3, Avg: 825517819.4, Max: 825517819.4, Diff: 0.1]
      [Ext Root Scanning (ms): Min: 5.9, Avg: 6.6, Max: 6.8, Diff: 0.8, Sum: 52.6]
      [Update RS (ms): Min: 0.2, Avg: 0.3, Max: 0.5, Diff: 0.3, Sum: 2.2]
         [Processed Buffers: Min: 1, Avg: 20.8, Max: 48, Diff: 47, Sum: 166]
      [Scan RS (ms): Min: 0.0, Avg: 0.1, Max: 0.1, Diff: 0.1, Sum: 0.5]
      [Code Root Scanning (ms): Min: 0.0, Avg: 0.0, Max: 0.0, Diff: 0.0, Sum: 0.0]
      [Object Copy (ms): Min: 0.1, Avg: 0.4, Max: 1.1, Diff: 1.0, Sum: 3.5]
      [Termination (ms): Min: 0.0, Avg: 0.0, Max: 0.0, Diff: 0.0, Sum: 0.1]
         [Termination Attempts: Min: 1, Avg: 3.6, Max: 7, Diff: 6, Sum: 29]
      [GC Worker Other (ms): Min: 0.0, Avg: 0.1, Max: 0.1, Diff: 0.1, Sum: 0.5]
      [GC Worker Total (ms): Min: 7.4, Avg: 7.4, Max: 7.5, Diff: 0.2, Sum: 59.5]
      [GC Worker End (ms): Min: 825517826.8, Avg: 825517826.8, Max: 825517826.9, Diff: 0.1]
   [Code Root Fixup: 0.0 ms]
   [Code Root Purge: 0.0 ms]
   [Clear CT: 0.6 ms]
   [Other: 4.7 ms]
      [Choose CSet: 0.0 ms]
      [Ref Proc: 4.0 ms]
      [Ref Enq: 0.1 ms]
      [Redirty Cards: 0.1 ms]
      [Humongous Register: 0.0 ms]
      [Humongous Reclaim: 0.0 ms]
      [Free CSet: 0.3 ms]
   [Eden: 7152.0M(7152.0M)->0.0B(7152.0M) Survivors: 16384.0K->16384.0K Heap: 10544.1M(14336.0M)->3392.1M(14336.0M)]
 [Times: user=0.05 sys=0.00, real=0.02 secs] 
2022-07-31T10:29:06.328-0700: 825517.833: [GC concurrent-root-region-scan-start]
2022-07-31T10:29:06.332-0700: 825517.837: [GC concurrent-root-region-scan-end, 0.0044447 secs]
2022-07-31T10:29:06.332-0700: 825517.837: [GC concurrent-mark-start]
2022-07-31T10:29:08.824-0700: 825520.329: [GC concurrent-mark-end, 2.4916930 secs]
2022-07-31T10:29:08.824-0700: 825520.329: [GC remark 2022-07-31T10:29:08.824-0700: 825520.329: [Finalize Marking, 0.0003576 secs] 2022-07-31T10:29:08.825-0700: 825520.330: [GC ref-proc, 0.0081495 secs] 2022-07-31T10:29:08.833-0700: 825520.338: [Unloading, 0.0281553 secs], 0.0420206 secs]
 [Times: user=0.25 sys=0.00, real=0.04 secs] 
2022-07-31T10:29:08.867-0700: 825520.371: [GC cleanup 3432M->3432M(14336M), 0.0080295 secs]
 [Times: user=0.06 sys=0.00, real=0.01 secs] 
2022-07-31T10:45:42.738-0700: 826514.243: [GC pause (G1 Evacuation Pause) (young), 0.0104213 secs]
   [Parallel Time: 5.5 ms, GC Workers: 8]
      [GC Worker Start (ms): Min: 826514242.9, Avg: 826514242.9, Max: 826514243.0, Diff: 0.2]
      [Ext Root Scanning (ms): Min: 1.1, Avg: 1.8, Max: 5.3, Diff: 4.2, Sum: 14.8]
      [Update RS (ms): Min: 0.0, Avg: 0.4, Max: 0.7, Diff: 0.7, Sum: 3.0]
         [Processed Buffers: Min: 0, Avg: 19.9, Max: 63, Diff: 63, Sum: 159]
      [Scan RS (ms): Min: 0.0, Avg: 0.1, Max: 0.2, Diff: 0.1, Sum: 0.6]
      [Code Root Scanning (ms): Min: 0.0, Avg: 0.0, Max: 0.0, Diff: 0.0, Sum: 0.0]
      [Object Copy (ms): Min: 0.0, Avg: 0.4, Max: 0.6, Diff: 0.6, Sum: 3.6]
      [Termination (ms): Min: 0.0, Avg: 2.6, Max: 2.9, Diff: 2.9, Sum: 20.4]
         [Termination Attempts: Min: 1, Avg: 1.2, Max: 3, Diff: 2, Sum: 10]
      [GC Worker Other (ms): Min: 0.0, Avg: 0.0, Max: 0.0, Diff: 0.0, Sum: 0.1]
      [GC Worker Total (ms): Min: 5.3, Avg: 5.3, Max: 5.4, Diff: 0.1, Sum: 42.5]
      [GC Worker End (ms): Min: 826514248.2, Avg: 826514248.3, Max: 826514248.3, Diff: 0.0]
   [Code Root Fixup: 0.0 ms]
   [Code Root Purge: 0.0 ms]
   [Clear CT: 0.6 ms]
   [Other: 4.3 ms]
      [Choose CSet: 0.0 ms]
      [Ref Proc: 3.7 ms]
      [Ref Enq: 0.1 ms]
      [Redirty Cards: 0.1 ms]
      [Humongous Register: 0.1 ms]
      [Humongous Reclaim: 0.0 ms]
      [Free CSet: 0.3 ms]
   [Eden: 7152.0M(7152.0M)->0.0B(7152.0M) Survivors: 16384.0K->16384.0K Heap: 10544.1M(14336.0M)->3392.2M(14336.0M)]
 [Times: user=0.05 sys=0.00, real=0.01 secs] 
2022-07-31T11:02:07.913-0700: 827499.418: [GC pause (G1 Evacuation Pause) (young), 0.0091379 secs]
   [Parallel Time: 5.7 ms, GC Workers: 8]
      [GC Worker Start (ms): Min: 827499417.8, Avg: 827499418.1, Max: 827499419.8, Diff: 2.0]
      [Ext Root Scanning (ms): Min: 0.0, Avg: 1.9, Max: 5.4, Diff: 5.4, Sum: 15.3]
      [Update RS (ms): Min: 0.0, Avg: 0.3, Max: 0.7, Diff: 0.7, Sum: 2.6]
         [Processed Buffers: Min: 0, Avg: 21.2, Max: 50, Diff: 50, Sum: 170]
      [Scan RS (ms): Min: 0.0, Avg: 0.1, Max: 0.1, Diff: 0.1, Sum: 0.6]
      [Code Root Scanning (ms): Min: 0.0, Avg: 0.0, Max: 0.0, Diff: 0.0, Sum: 0.0]
      [Object Copy (ms): Min: 0.0, Avg: 0.6, Max: 1.5, Diff: 1.5, Sum: 5.0]
      [Termination (ms): Min: 0.0, Avg: 2.2, Max: 2.6, Diff: 2.6, Sum: 17.7]
         [Termination Attempts: Min: 1, Avg: 3.9, Max: 10, Diff: 9, Sum: 31]
      [GC Worker Other (ms): Min: 0.0, Avg: 0.0, Max: 0.0, Diff: 0.0, Sum: 0.2]
      [GC Worker Total (ms): Min: 3.5, Avg: 5.2, Max: 5.5, Diff: 2.0, Sum: 41.4]
      [GC Worker End (ms): Min: 827499423.3, Avg: 827499423.3, Max: 827499423.3, Diff: 0.0]
   [Code Root Fixup: 0.0 ms]
   [Code Root Purge: 0.0 ms]
   [Clear CT: 0.6 ms]
   [Other: 2.8 ms]
      [Choose CSet: 0.0 ms]
      [Ref Proc: 2.2 ms]
      [Ref Enq: 0.1 ms]
      [Redirty Cards: 0.1 ms]
      [Humongous Register: 0.1 ms]
      [Humongous Reclaim: 0.0 ms]
      [Free CSet: 0.3 ms]
   [Eden: 7152.0M(7152.0M)->0.0B(7152.0M) Survivors: 16384.0K->16384.0K Heap: 10544.2M(14336.0M)->3392.1M(14336.0M)]
 [Times: user=0.05 sys=0.01, real=0.01 secs] 
2022-07-31T11:18:51.336-0700: 828502.841: [GC pause (G1 Evacuation Pause) (young) (initial-mark), 0.0149357 secs]
   [Parallel Time: 9.7 ms, GC Workers: 8]
      [GC Worker Start (ms): Min: 828502843.6, Avg: 828502843.7, Max: 828502843.8, Diff: 0.2]
      [Ext Root Scanning (ms): Min: 6.1, Avg: 6.4, Max: 6.7, Diff: 0.6, Sum: 50.8]
      [Update RS (ms): Min: 0.1, Avg: 0.3, Max: 0.5, Diff: 0.4, Sum: 2.3]
         [Processed Buffers: Min: 1, Avg: 18.8, Max: 41, Diff: 40, Sum: 150]
      [Scan RS (ms): Min: 0.0, Avg: 0.1, Max: 0.1, Diff: 0.1, Sum: 0.5]
      [Code Root Scanning (ms): Min: 0.0, Avg: 0.0, Max: 0.0, Diff: 0.0, Sum: 0.0]
      [Object Copy (ms): Min: 0.2, Avg: 0.5, Max: 0.7, Diff: 0.5, Sum: 4.2]
      [Termination (ms): Min: 0.0, Avg: 0.0, Max: 0.0, Diff: 0.0, Sum: 0.0]
         [Termination Attempts: Min: 1, Avg: 1.6, Max: 2, Diff: 1, Sum: 13]
      [GC Worker Other (ms): Min: 0.0, Avg: 0.1, Max: 0.1, Diff: 0.1, Sum: 0.6]
      [GC Worker Total (ms): Min: 7.2, Avg: 7.3, Max: 7.5, Diff: 0.2, Sum: 58.5]
      [GC Worker End (ms): Min: 828502851.0, Avg: 828502851.0, Max: 828502851.1, Diff: 0.1]
   [Code Root Fixup: 0.0 ms]
   [Code Root Purge: 0.0 ms]
   [Clear CT: 0.7 ms]
   [Other: 4.5 ms]
      [Choose CSet: 0.0 ms]
      [Ref Proc: 3.7 ms]
      [Ref Enq: 0.1 ms]
      [Redirty Cards: 0.1 ms]
      [Humongous Register: 0.0 ms]
      [Humongous Reclaim: 0.0 ms]
      [Free CSet: 0.3 ms]
   [Eden: 7152.0M(7152.0M)->0.0B(7152.0M) Survivors: 16384.0K->16384.0K Heap: 10544.1M(14336.0M)->3392.2M(14336.0M)]
 [Times: user=0.05 sys=0.00, real=0.01 secs] 
2022-07-31T11:18:51.352-0700: 828502.856: [GC concurrent-root-region-scan-start]
2022-07-31T11:18:51.357-0700: 828502.861: [GC concurrent-root-region-scan-end, 0.0051608 secs]
2022-07-31T11:18:51.357-0700: 828502.862: [GC concurrent-mark-start]
2022-07-31T11:18:53.840-0700: 828505.344: [GC concurrent-mark-end, 2.4827468 secs]
2022-07-31T11:18:53.840-0700: 828505.345: [GC remark 2022-07-31T11:18:53.840-0700: 828505.345: [Finalize Marking, 0.0003436 secs] 2022-07-31T11:18:53.840-0700: 828505.345: [GC ref-proc, 0.0113141 secs] 2022-07-31T11:18:53.852-0700: 828505.356: [Unloading, 0.0288741 secs], 0.0460311 secs]
 [Times: user=0.27 sys=0.00, real=0.05 secs] 
2022-07-31T11:18:53.886-0700: 828505.391: [GC cleanup 3432M->3432M(14336M), 0.0079026 secs]
 [Times: user=0.06 sys=0.00, real=0.00 secs] 
2022-07-31T11:35:35.213-0700: 829506.718: [GC pause (G1 Evacuation Pause) (young), 0.0099137 secs]
   [Parallel Time: 6.7 ms, GC Workers: 8]
      [GC Worker Start (ms): Min: 829506718.2, Avg: 829506718.3, Max: 829506718.3, Diff: 0.1]
      [Ext Root Scanning (ms): Min: 1.2, Avg: 2.1, Max: 6.6, Diff: 5.4, Sum: 17.1]
      [Update RS (ms): Min: 0.0, Avg: 0.8, Max: 3.9, Diff: 3.9, Sum: 6.4]
         [Processed Buffers: Min: 0, Avg: 21.9, Max: 63, Diff: 63, Sum: 175]
      [Scan RS (ms): Min: 0.0, Avg: 0.2, Max: 0.8, Diff: 0.7, Sum: 1.4]
      [Code Root Scanning (ms): Min: 0.0, Avg: 0.0, Max: 0.0, Diff: 0.0, Sum: 0.0]
      [Object Copy (ms): Min: 0.0, Avg: 0.5, Max: 0.9, Diff: 0.9, Sum: 4.4]
      [Termination (ms): Min: 0.0, Avg: 2.9, Max: 3.9, Diff: 3.9, Sum: 23.1]
         [Termination Attempts: Min: 1, Avg: 1.2, Max: 2, Diff: 1, Sum: 10]
      [GC Worker Other (ms): Min: 0.0, Avg: 0.0, Max: 0.0, Diff: 0.0, Sum: 0.2]
      [GC Worker Total (ms): Min: 6.5, Avg: 6.6, Max: 6.6, Diff: 0.1, Sum: 52.6]
      [GC Worker End (ms): Min: 829506724.8, Avg: 829506724.8, Max: 829506724.9, Diff: 0.0]
   [Code Root Fixup: 0.0 ms]
   [Code Root Purge: 0.0 ms]
   [Clear CT: 0.6 ms]
   [Other: 2.6 ms]
      [Choose CSet: 0.0 ms]
      [Ref Proc: 2.0 ms]
      [Ref Enq: 0.1 ms]
      [Redirty Cards: 0.1 ms]
      [Humongous Register: 0.1 ms]
      [Humongous Reclaim: 0.0 ms]
      [Free CSet: 0.3 ms]
   [Eden: 7152.0M(7152.0M)->0.0B(7152.0M) Survivors: 16384.0K->16384.0K Heap: 10544.2M(14336.0M)->3392.1M(14336.0M)]
 [Times: user=0.06 sys=0.00, real=0.02 secs] 
2022-07-31T11:52:28.213-0700: 830519.717: [GC pause (G1 Evacuation Pause) (young), 0.0118806 secs]
   [Parallel Time: 6.3 ms, GC Workers: 8]
      [GC Worker Start (ms): Min: 830519717.5, Avg: 830519717.6, Max: 830519717.6, Diff: 0.2]
      [Ext Root Scanning (ms): Min: 1.2, Avg: 2.0, Max: 6.2, Diff: 5.0, Sum: 16.0]
      [Update RS (ms): Min: 0.0, Avg: 0.4, Max: 0.7, Diff: 0.7, Sum: 3.1]
         [Processed Buffers: Min: 0, Avg: 22.1, Max: 77, Diff: 77, Sum: 177]
      [Scan RS (ms): Min: 0.0, Avg: 0.1, Max: 0.1, Diff: 0.1, Sum: 0.6]
      [Code Root Scanning (ms): Min: 0.0, Avg: 0.0, Max: 0.0, Diff: 0.0, Sum: 0.0]
      [Object Copy (ms): Min: 0.0, Avg: 0.5, Max: 0.7, Diff: 0.7, Sum: 4.2]
      [Termination (ms): Min: 0.0, Avg: 3.1, Max: 3.6, Diff: 3.6, Sum: 25.0]
         [Termination Attempts: Min: 1, Avg: 5.9, Max: 9, Diff: 8, Sum: 47]
      [GC Worker Other (ms): Min: 0.0, Avg: 0.0, Max: 0.0, Diff: 0.0, Sum: 0.2]
      [GC Worker Total (ms): Min: 6.1, Avg: 6.1, Max: 6.2, Diff: 0.1, Sum: 49.1]
      [GC Worker End (ms): Min: 830519723.7, Avg: 830519723.7, Max: 830519723.7, Diff: 0.0]
   [Code Root Fixup: 0.0 ms]
   [Code Root Purge: 0.0 ms]
   [Clear CT: 0.6 ms]
   [Other: 5.0 ms]
      [Choose CSet: 0.0 ms]
      [Ref Proc: 4.3 ms]
      [Ref Enq: 0.1 ms]
      [Redirty Cards: 0.1 ms]
      [Humongous Register: 0.1 ms]
      [Humongous Reclaim: 0.0 ms]
      [Free CSet: 0.3 ms]
   [Eden: 7152.0M(7152.0M)->0.0B(7152.0M) Survivors: 16384.0K->16384.0K Heap: 10544.1M(14336.0M)->3392.2M(14336.0M)]
 [Times: user=0.07 sys=0.00, real=0.02 secs] 
2022-07-31T12:08:49.812-0700: 831501.316: [GC pause (G1 Evacuation Pause) (young) (initial-mark), 0.0153546 secs]
   [Parallel Time: 9.6 ms, GC Workers: 8]
      [GC Worker Start (ms): Min: 831501318.7, Avg: 831501318.8, Max: 831501318.9, Diff: 0.2]
      [Ext Root Scanning (ms): Min: 6.0, Avg: 6.2, Max: 6.5, Diff: 0.5, Sum: 49.4]
      [Update RS (ms): Min: 0.2, Avg: 0.3, Max: 0.5, Diff: 0.3, Sum: 2.4]
         [Processed Buffers: Min: 1, Avg: 22.4, Max: 53, Diff: 52, Sum: 179]
      [Scan RS (ms): Min: 0.0, Avg: 0.1, Max: 0.1, Diff: 0.1, Sum: 0.5]
      [Code Root Scanning (ms): Min: 0.0, Avg: 0.0, Max: 0.0, Diff: 0.0, Sum: 0.0]
      [Object Copy (ms): Min: 0.3, Avg: 0.5, Max: 0.7, Diff: 0.4, Sum: 4.0]
      [Termination (ms): Min: 0.0, Avg: 0.0, Max: 0.0, Diff: 0.0, Sum: 0.2]
         [Termination Attempts: Min: 1, Avg: 5.4, Max: 10, Diff: 9, Sum: 43]
      [GC Worker Other (ms): Min: 0.0, Avg: 0.0, Max: 0.1, Diff: 0.1, Sum: 0.2]
      [GC Worker Total (ms): Min: 7.0, Avg: 7.1, Max: 7.2, Diff: 0.2, Sum: 56.7]
      [GC Worker End (ms): Min: 831501325.9, Avg: 831501325.9, Max: 831501325.9, Diff: 0.0]
   [Code Root Fixup: 0.0 ms]
   [Code Root Purge: 0.0 ms]
   [Clear CT: 0.6 ms]
   [Other: 5.1 ms]
      [Choose CSet: 0.0 ms]
      [Ref Proc: 4.4 ms]
      [Ref Enq: 0.1 ms]
      [Redirty Cards: 0.1 ms]
      [Humongous Register: 0.0 ms]
      [Humongous Reclaim: 0.0 ms]
      [Free CSet: 0.3 ms]
   [Eden: 7152.0M(7152.0M)->0.0B(7152.0M) Survivors: 16384.0K->16384.0K Heap: 10544.2M(14336.0M)->3392.1M(14336.0M)]
 [Times: user=0.06 sys=0.00, real=0.02 secs] 
2022-07-31T12:08:49.827-0700: 831501.332: [GC concurrent-root-region-scan-start]
2022-07-31T12:08:49.832-0700: 831501.337: [GC concurrent-root-region-scan-end, 0.0051369 secs]
2022-07-31T12:08:49.832-0700: 831501.337: [GC concurrent-mark-start]
2022-07-31T12:08:52.312-0700: 831503.817: [GC concurrent-mark-end, 2.4794797 secs]
2022-07-31T12:08:52.312-0700: 831503.817: [GC remark 2022-07-31T12:08:52.312-0700: 831503.817: [Finalize Marking, 0.0003459 secs] 2022-07-31T12:08:52.313-0700: 831503.817: [GC ref-proc, 0.0111801 secs] 2022-07-31T12:08:52.324-0700: 831503.829: [Unloading, 0.0278040 secs], 0.0448526 secs]
 [Times: user=0.25 sys=0.00, real=0.05 secs] 
2022-07-31T12:08:52.358-0700: 831503.862: [GC cleanup 3432M->3432M(14336M), 0.0089094 secs]
 [Times: user=0.05 sys=0.00, real=0.01 secs] 
2022-07-31T12:25:22.461-0700: 832493.966: [GC pause (G1 Evacuation Pause) (young), 0.0117565 secs]
   [Parallel Time: 6.3 ms, GC Workers: 8]
      [GC Worker Start (ms): Min: 832493965.6, Avg: 832493965.7, Max: 832493965.9, Diff: 0.2]
      [Ext Root Scanning (ms): Min: 1.1, Avg: 2.0, Max: 6.0, Diff: 4.8, Sum: 15.7]
      [Update RS (ms): Min: 0.0, Avg: 0.4, Max: 0.7, Diff: 0.7, Sum: 2.9]
         [Processed Buffers: Min: 0, Avg: 22.0, Max: 78, Diff: 78, Sum: 176]
      [Scan RS (ms): Min: 0.0, Avg: 0.1, Max: 0.1, Diff: 0.1, Sum: 0.6]
      [Code Root Scanning (ms): Min: 0.0, Avg: 0.0, Max: 0.0, Diff: 0.0, Sum: 0.0]
      [Object Copy (ms): Min: 0.0, Avg: 0.5, Max: 0.7, Diff: 0.7, Sum: 3.8]
      [Termination (ms): Min: 0.0, Avg: 3.0, Max: 3.5, Diff: 3.5, Sum: 24.2]
         [Termination Attempts: Min: 1, Avg: 2.6, Max: 4, Diff: 3, Sum: 21]
      [GC Worker Other (ms): Min: 0.0, Avg: 0.0, Max: 0.0, Diff: 0.0, Sum: 0.2]
      [GC Worker Total (ms): Min: 5.8, Avg: 5.9, Max: 6.0, Diff: 0.2, Sum: 47.4]
      [GC Worker End (ms): Min: 832493971.7, Avg: 832493971.7, Max: 832493971.7, Diff: 0.0]
   [Code Root Fixup: 0.0 ms]
   [Code Root Purge: 0.0 ms]
   [Clear CT: 0.6 ms]
   [Other: 4.9 ms]
      [Choose CSet: 0.0 ms]
      [Ref Proc: 4.1 ms]
      [Ref Enq: 0.1 ms]
      [Redirty Cards: 0.1 ms]
      [Humongous Register: 0.1 ms]
      [Humongous Reclaim: 0.0 ms]
      [Free CSet: 0.3 ms]
   [Eden: 7152.0M(7152.0M)->0.0B(7152.0M) Survivors: 16384.0K->16384.0K Heap: 10544.1M(14336.0M)->3392.2M(14336.0M)]
 [Times: user=0.06 sys=0.00, real=0.01 secs] 
2022-07-31T12:42:00.660-0700: 833492.165: [GC pause (G1 Evacuation Pause) (young), 0.0115548 secs]
   [Parallel Time: 6.0 ms, GC Workers: 8]
      [GC Worker Start (ms): Min: 833492165.2, Avg: 833492165.2, Max: 833492165.3, Diff: 0.1]
      [Ext Root Scanning (ms): Min: 1.3, Avg: 2.0, Max: 5.5, Diff: 4.2, Sum: 15.7]
      [Update RS (ms): Min: 0.0, Avg: 0.4, Max: 0.7, Diff: 0.7, Sum: 3.0]
         [Processed Buffers: Min: 0, Avg: 19.9, Max: 72, Diff: 72, Sum: 159]
      [Scan RS (ms): Min: 0.0, Avg: 0.1, Max: 0.2, Diff: 0.2, Sum: 0.7]
      [Code Root Scanning (ms): Min: 0.0, Avg: 0.0, Max: 0.0, Diff: 0.0, Sum: 0.0]
      [Object Copy (ms): Min: 0.0, Avg: 0.4, Max: 0.6, Diff: 0.6, Sum: 3.6]
      [Termination (ms): Min: 0.0, Avg: 2.6, Max: 3.0, Diff: 3.0, Sum: 21.0]
         [Termination Attempts: Min: 1, Avg: 2.9, Max: 4, Diff: 3, Sum: 23]
      [GC Worker Other (ms): Min: 0.0, Avg: 0.0, Max: 0.1, Diff: 0.1, Sum: 0.3]
      [GC Worker Total (ms): Min: 5.5, Avg: 5.5, Max: 5.6, Diff: 0.2, Sum: 44.2]
      [GC Worker End (ms): Min: 833492170.8, Avg: 833492170.8, Max: 833492170.8, Diff: 0.1]
   [Code Root Fixup: 0.0 ms]
   [Code Root Purge: 0.0 ms]
   [Clear CT: 0.6 ms]
   [Other: 5.0 ms]
      [Choose CSet: 0.0 ms]
      [Ref Proc: 4.3 ms]
      [Ref Enq: 0.1 ms]
      [Redirty Cards: 0.1 ms]
      [Humongous Register: 0.1 ms]
      [Humongous Reclaim: 0.0 ms]
      [Free CSet: 0.3 ms]
   [Eden: 7152.0M(7152.0M)->0.0B(7152.0M) Survivors: 16384.0K->16384.0K Heap: 10544.2M(14336.0M)->3392.0M(14336.0M)]
 [Times: user=0.05 sys=0.01, real=0.01 secs] 
2022-07-31T12:58:35.612-0700: 834487.117: [GC pause (G1 Evacuation Pause) (young) (initial-mark), 0.0147123 secs]
   [Parallel Time: 9.7 ms, GC Workers: 8]
      [GC Worker Start (ms): Min: 834487119.0, Avg: 834487119.1, Max: 834487119.1, Diff: 0.1]
      [Ext Root Scanning (ms): Min: 6.3, Avg: 6.6, Max: 6.9, Diff: 0.6, Sum: 52.4]
      [Update RS (ms): Min: 0.1, Avg: 0.3, Max: 0.5, Diff: 0.4, Sum: 2.3]
         [Processed Buffers: Min: 1, Avg: 21.9, Max: 54, Diff: 53, Sum: 175]
      [Scan RS (ms): Min: 0.0, Avg: 0.1, Max: 0.1, Diff: 0.1, Sum: 0.5]
      [Code Root Scanning (ms): Min: 0.0, Avg: 0.0, Max: 0.0, Diff: 0.0, Sum: 0.0]
      [Object Copy (ms): Min: 0.3, Avg: 0.6, Max: 0.8, Diff: 0.6, Sum: 4.5]
      [Termination (ms): Min: 0.0, Avg: 0.0, Max: 0.0, Diff: 0.0, Sum: 0.0]
         [Termination Attempts: Min: 5, Avg: 6.1, Max: 8, Diff: 3, Sum: 49]
      [GC Worker Other (ms): Min: 0.0, Avg: 0.0, Max: 0.1, Diff: 0.1, Sum: 0.4]
      [GC Worker Total (ms): Min: 7.5, Avg: 7.5, Max: 7.6, Diff: 0.1, Sum: 60.1]
      [GC Worker End (ms): Min: 834487126.6, Avg: 834487126.6, Max: 834487126.6, Diff: 0.1]
   [Code Root Fixup: 0.0 ms]
   [Code Root Purge: 0.0 ms]
   [Clear CT: 0.8 ms]
   [Other: 4.2 ms]
      [Choose CSet: 0.0 ms]
      [Ref Proc: 3.4 ms]
      [Ref Enq: 0.1 ms]
      [Redirty Cards: 0.1 ms]
      [Humongous Register: 0.0 ms]
      [Humongous Reclaim: 0.0 ms]
      [Free CSet: 0.3 ms]
   [Eden: 7152.0M(7152.0M)->0.0B(7152.0M) Survivors: 16384.0K->16384.0K Heap: 10544.0M(14336.0M)->3392.3M(14336.0M)]
 [Times: user=0.05 sys=0.01, real=0.02 secs] 
2022-07-31T12:58:35.627-0700: 834487.132: [GC concurrent-root-region-scan-start]
2022-07-31T12:58:35.632-0700: 834487.137: [GC concurrent-root-region-scan-end, 0.0048379 secs]
2022-07-31T12:58:35.632-0700: 834487.137: [GC concurrent-mark-start]
2022-07-31T12:58:38.108-0700: 834489.612: [GC concurrent-mark-end, 2.4757146 secs]
2022-07-31T12:58:38.108-0700: 834489.613: [GC remark 2022-07-31T12:58:38.108-0700: 834489.613: [Finalize Marking, 0.0003956 secs] 2022-07-31T12:58:38.108-0700: 834489.613: [GC ref-proc, 0.0068446 secs] 2022-07-31T12:58:38.115-0700: 834489.620: [Unloading, 0.0277775 secs], 0.0404015 secs]
 [Times: user=0.26 sys=0.00, real=0.04 secs] 
2022-07-31T12:58:38.149-0700: 834489.654: [GC cleanup 3464M->3464M(14336M), 0.0080208 secs]
 [Times: user=0.06 sys=0.00, real=0.01 secs] 
2022-07-31T13:15:18.911-0700: 835490.416: [GC pause (G1 Evacuation Pause) (young), 0.0117328 secs]
   [Parallel Time: 6.0 ms, GC Workers: 8]
      [GC Worker Start (ms): Min: 835490416.3, Avg: 835490416.4, Max: 835490416.5, Diff: 0.2]
      [Ext Root Scanning (ms): Min: 1.2, Avg: 2.0, Max: 5.7, Diff: 4.5, Sum: 15.6]
      [Update RS (ms): Min: 0.0, Avg: 0.4, Max: 0.8, Diff: 0.8, Sum: 3.1]
         [Processed Buffers: Min: 0, Avg: 21.2, Max: 56, Diff: 56, Sum: 170]
      [Scan RS (ms): Min: 0.0, Avg: 0.1, Max: 0.2, Diff: 0.2, Sum: 0.7]
      [Code Root Scanning (ms): Min: 0.0, Avg: 0.0, Max: 0.0, Diff: 0.0, Sum: 0.0]
      [Object Copy (ms): Min: 0.0, Avg: 0.5, Max: 0.8, Diff: 0.8, Sum: 4.2]
      [Termination (ms): Min: 0.0, Avg: 2.7, Max: 3.1, Diff: 3.1, Sum: 21.4]
         [Termination Attempts: Min: 1, Avg: 1.4, Max: 2, Diff: 1, Sum: 11]
      [GC Worker Other (ms): Min: 0.0, Avg: 0.0, Max: 0.1, Diff: 0.0, Sum: 0.2]
      [GC Worker Total (ms): Min: 5.6, Avg: 5.7, Max: 5.8, Diff: 0.2, Sum: 45.2]
      [GC Worker End (ms): Min: 835490422.0, Avg: 835490422.1, Max: 835490422.1, Diff: 0.0]
   [Code Root Fixup: 0.0 ms]
   [Code Root Purge: 0.0 ms]
   [Clear CT: 0.6 ms]
   [Other: 5.1 ms]
      [Choose CSet: 0.0 ms]
      [Ref Proc: 4.3 ms]
      [Ref Enq: 0.2 ms]
      [Redirty Cards: 0.1 ms]
      [Humongous Register: 0.1 ms]
      [Humongous Reclaim: 0.0 ms]
      [Free CSet: 0.3 ms]
   [Eden: 7152.0M(7152.0M)->0.0B(7152.0M) Survivors: 16384.0K->16384.0K Heap: 10544.3M(14336.0M)->3392.2M(14336.0M)]
 [Times: user=0.05 sys=0.01, real=0.02 secs] 
2022-07-31T13:31:53.329-0700: 836484.834: [GC pause (G1 Evacuation Pause) (young), 0.0115389 secs]
   [Parallel Time: 6.0 ms, GC Workers: 8]
      [GC Worker Start (ms): Min: 836484834.1, Avg: 836484834.1, Max: 836484834.2, Diff: 0.2]
      [Ext Root Scanning (ms): Min: 1.2, Avg: 1.9, Max: 5.7, Diff: 4.5, Sum: 15.6]
      [Update RS (ms): Min: 0.0, Avg: 0.4, Max: 0.6, Diff: 0.6, Sum: 2.8]
         [Processed Buffers: Min: 0, Avg: 21.5, Max: 63, Diff: 63, Sum: 172]
      [Scan RS (ms): Min: 0.0, Avg: 0.1, Max: 0.1, Diff: 0.1, Sum: 0.6]
      [Code Root Scanning (ms): Min: 0.0, Avg: 0.0, Max: 0.0, Diff: 0.0, Sum: 0.0]
      [Object Copy (ms): Min: 0.0, Avg: 0.5, Max: 0.8, Diff: 0.8, Sum: 4.2]
      [Termination (ms): Min: 0.0, Avg: 2.8, Max: 3.2, Diff: 3.2, Sum: 22.1]
         [Termination Attempts: Min: 1, Avg: 2.0, Max: 3, Diff: 2, Sum: 16]
      [GC Worker Other (ms): Min: 0.0, Avg: 0.0, Max: 0.0, Diff: 0.0, Sum: 0.2]
      [GC Worker Total (ms): Min: 5.6, Avg: 5.7, Max: 5.7, Diff: 0.1, Sum: 45.4]
      [GC Worker End (ms): Min: 836484839.8, Avg: 836484839.8, Max: 836484839.8, Diff: 0.0]
   [Code Root Fixup: 0.0 ms]
   [Code Root Purge: 0.0 ms]
   [Clear CT: 0.6 ms]
   [Other: 5.0 ms]
      [Choose CSet: 0.0 ms]
      [Ref Proc: 4.2 ms]
      [Ref Enq: 0.1 ms]
      [Redirty Cards: 0.1 ms]
      [Humongous Register: 0.1 ms]
      [Humongous Reclaim: 0.0 ms]
      [Free CSet: 0.3 ms]
   [Eden: 7152.0M(7152.0M)->0.0B(7152.0M) Survivors: 16384.0K->16384.0K Heap: 10544.2M(14336.0M)->3392.2M(14336.0M)]
 [Times: user=0.06 sys=0.00, real=0.01 secs] 
2022-07-31T13:48:14.863-0700: 837466.367: [GC pause (G1 Evacuation Pause) (young) (initial-mark), 0.0149625 secs]
   [Parallel Time: 9.5 ms, GC Workers: 8]
      [GC Worker Start (ms): Min: 837466369.7, Avg: 837466369.8, Max: 837466369.8, Diff: 0.2]
      [Ext Root Scanning (ms): Min: 5.8, Avg: 6.1, Max: 6.3, Diff: 0.5, Sum: 48.7]
      [Update RS (ms): Min: 0.2, Avg: 0.3, Max: 0.5, Diff: 0.3, Sum: 2.2]
         [Processed Buffers: Min: 1, Avg: 20.4, Max: 65, Diff: 64, Sum: 163]
      [Scan RS (ms): Min: 0.0, Avg: 0.1, Max: 0.1, Diff: 0.1, Sum: 0.5]
      [Code Root Scanning (ms): Min: 0.0, Avg: 0.0, Max: 0.0, Diff: 0.0, Sum: 0.0]
      [Object Copy (ms): Min: 0.1, Avg: 0.5, Max: 0.7, Diff: 0.7, Sum: 3.9]
      [Termination (ms): Min: 0.0, Avg: 0.0, Max: 0.0, Diff: 0.0, Sum: 0.1]
         [Termination Attempts: Min: 1, Avg: 1.2, Max: 2, Diff: 1, Sum: 10]
      [GC Worker Other (ms): Min: 0.0, Avg: 0.0, Max: 0.1, Diff: 0.1, Sum: 0.3]
      [GC Worker Total (ms): Min: 6.9, Avg: 7.0, Max: 7.1, Diff: 0.2, Sum: 55.6]
      [GC Worker End (ms): Min: 837466376.7, Avg: 837466376.7, Max: 837466376.8, Diff: 0.1]
   [Code Root Fixup: 0.0 ms]
   [Code Root Purge: 0.0 ms]
   [Clear CT: 0.7 ms]
   [Other: 4.7 ms]
      [Choose CSet: 0.0 ms]
      [Ref Proc: 4.0 ms]
      [Ref Enq: 0.1 ms]
      [Redirty Cards: 0.1 ms]
      [Humongous Register: 0.0 ms]
      [Humongous Reclaim: 0.0 ms]
      [Free CSet: 0.3 ms]
   [Eden: 7152.0M(7152.0M)->0.0B(7152.0M) Survivors: 16384.0K->16384.0K Heap: 10544.2M(14336.0M)->3392.3M(14336.0M)]
 [Times: user=0.06 sys=0.00, real=0.01 secs] 
2022-07-31T13:48:14.878-0700: 837466.382: [GC concurrent-root-region-scan-start]
2022-07-31T13:48:14.883-0700: 837466.388: [GC concurrent-root-region-scan-end, 0.0052983 secs]
2022-07-31T13:48:14.883-0700: 837466.388: [GC concurrent-mark-start]
2022-07-31T13:48:17.378-0700: 837468.883: [GC concurrent-mark-end, 2.4948688 secs]
2022-07-31T13:48:17.378-0700: 837468.883: [GC remark 2022-07-31T13:48:17.378-0700: 837468.883: [Finalize Marking, 0.0002485 secs] 2022-07-31T13:48:17.379-0700: 837468.883: [GC ref-proc, 0.0102316 secs] 2022-07-31T13:48:17.389-0700: 837468.894: [Unloading, 0.0280300 secs], 0.0440423 secs]
 [Times: user=0.26 sys=0.00, real=0.04 secs] 
2022-07-31T13:48:17.423-0700: 837468.927: [GC cleanup 3432M->3432M(14336M), 0.0083282 secs]
 [Times: user=0.06 sys=0.00, real=0.00 secs] 
2022-07-31T14:04:49.012-0700: 838460.516: [GC pause (G1 Evacuation Pause) (young), 0.0116696 secs]
   [Parallel Time: 6.2 ms, GC Workers: 8]
      [GC Worker Start (ms): Min: 838460516.5, Avg: 838460516.6, Max: 838460516.7, Diff: 0.2]
      [Ext Root Scanning (ms): Min: 1.2, Avg: 2.0, Max: 5.8, Diff: 4.6, Sum: 16.2]
      [Update RS (ms): Min: 0.0, Avg: 0.4, Max: 0.7, Diff: 0.7, Sum: 2.9]
         [Processed Buffers: Min: 0, Avg: 20.1, Max: 72, Diff: 72, Sum: 161]
      [Scan RS (ms): Min: 0.0, Avg: 0.1, Max: 0.1, Diff: 0.1, Sum: 0.6]
      [Code Root Scanning (ms): Min: 0.0, Avg: 0.0, Max: 0.0, Diff: 0.0, Sum: 0.0]
      [Object Copy (ms): Min: 0.0, Avg: 0.5, Max: 0.7, Diff: 0.7, Sum: 4.2]
      [Termination (ms): Min: 0.0, Avg: 2.8, Max: 3.2, Diff: 3.2, Sum: 22.5]
         [Termination Attempts: Min: 1, Avg: 3.5, Max: 7, Diff: 6, Sum: 28]
      [GC Worker Other (ms): Min: 0.0, Avg: 0.0, Max: 0.1, Diff: 0.0, Sum: 0.3]
      [GC Worker Total (ms): Min: 5.7, Avg: 5.8, Max: 5.9, Diff: 0.2, Sum: 46.7]
      [GC Worker End (ms): Min: 838460522.4, Avg: 838460522.4, Max: 838460522.5, Diff: 0.1]
   [Code Root Fixup: 0.0 ms]
   [Code Root Purge: 0.0 ms]
   [Clear CT: 0.6 ms]
   [Other: 4.8 ms]
      [Choose CSet: 0.0 ms]
      [Ref Proc: 4.1 ms]
      [Ref Enq: 0.1 ms]
      [Redirty Cards: 0.1 ms]
      [Humongous Register: 0.1 ms]
      [Humongous Reclaim: 0.0 ms]
      [Free CSet: 0.3 ms]
   [Eden: 7152.0M(7152.0M)->0.0B(7152.0M) Survivors: 16384.0K->16384.0K Heap: 10544.3M(14336.0M)->3392.1M(14336.0M)]
 [Times: user=0.06 sys=0.00, real=0.02 secs] 
2022-07-31T14:21:22.563-0700: 839454.068: [GC pause (G1 Evacuation Pause) (young), 0.0115375 secs]
   [Parallel Time: 6.2 ms, GC Workers: 8]
      [GC Worker Start (ms): Min: 839454068.0, Avg: 839454068.2, Max: 839454068.2, Diff: 0.2]
      [Ext Root Scanning (ms): Min: 1.3, Avg: 2.0, Max: 5.8, Diff: 4.5, Sum: 16.1]
      [Update RS (ms): Min: 0.0, Avg: 0.4, Max: 0.7, Diff: 0.7, Sum: 3.0]
         [Processed Buffers: Min: 0, Avg: 21.6, Max: 74, Diff: 74, Sum: 173]
      [Scan RS (ms): Min: 0.0, Avg: 0.1, Max: 0.2, Diff: 0.1, Sum: 0.7]
      [Code Root Scanning (ms): Min: 0.0, Avg: 0.0, Max: 0.0, Diff: 0.0, Sum: 0.0]
      [Object Copy (ms): Min: 0.0, Avg: 0.6, Max: 0.8, Diff: 0.8, Sum: 4.6]
      [Termination (ms): Min: 0.0, Avg: 2.7, Max: 3.1, Diff: 3.1, Sum: 21.2]
         [Termination Attempts: Min: 1, Avg: 9.2, Max: 13, Diff: 12, Sum: 74]
      [GC Worker Other (ms): Min: 0.0, Avg: 0.0, Max: 0.1, Diff: 0.0, Sum: 0.3]
      [GC Worker Total (ms): Min: 5.6, Avg: 5.7, Max: 5.8, Diff: 0.2, Sum: 45.9]
      [GC Worker End (ms): Min: 839454073.9, Avg: 839454073.9, Max: 839454073.9, Diff: 0.0]
   [Code Root Fixup: 0.0 ms]
   [Code Root Purge: 0.0 ms]
   [Clear CT: 0.7 ms]
   [Other: 4.7 ms]
      [Choose CSet: 0.0 ms]
      [Ref Proc: 3.8 ms]
      [Ref Enq: 0.1 ms]
      [Redirty Cards: 0.1 ms]
      [Humongous Register: 0.1 ms]
      [Humongous Reclaim: 0.0 ms]
      [Free CSet: 0.4 ms]
   [Eden: 7152.0M(7152.0M)->0.0B(7152.0M) Survivors: 16384.0K->16384.0K Heap: 10544.1M(14336.0M)->3392.1M(14336.0M)]
 [Times: user=0.05 sys=0.00, real=0.01 secs] 
2022-07-31T14:37:56.562-0700: 840448.066: [GC pause (G1 Evacuation Pause) (young) (initial-mark), 0.0144784 secs]
   [Parallel Time: 9.5 ms, GC Workers: 8]
      [GC Worker Start (ms): Min: 840448068.5, Avg: 840448068.5, Max: 840448068.6, Diff: 0.1]
      [Ext Root Scanning (ms): Min: 5.9, Avg: 6.2, Max: 6.5, Diff: 0.6, Sum: 49.2]
      [Update RS (ms): Min: 0.0, Avg: 0.3, Max: 0.5, Diff: 0.5, Sum: 2.1]
         [Processed Buffers: Min: 0, Avg: 21.1, Max: 68, Diff: 68, Sum: 169]
      [Scan RS (ms): Min: 0.0, Avg: 0.1, Max: 0.1, Diff: 0.1, Sum: 0.5]
      [Code Root Scanning (ms): Min: 0.0, Avg: 0.0, Max: 0.0, Diff: 0.0, Sum: 0.0]
      [Object Copy (ms): Min: 0.3, Avg: 0.6, Max: 1.1, Diff: 0.8, Sum: 4.9]
      [Termination (ms): Min: 0.0, Avg: 0.1, Max: 0.2, Diff: 0.2, Sum: 1.1]
         [Termination Attempts: Min: 1, Avg: 2.6, Max: 5, Diff: 4, Sum: 21]
      [GC Worker Other (ms): Min: 0.0, Avg: 0.0, Max: 0.0, Diff: 0.0, Sum: 0.2]
      [GC Worker Total (ms): Min: 7.2, Avg: 7.3, Max: 7.3, Diff: 0.1, Sum: 58.1]
      [GC Worker End (ms): Min: 840448075.8, Avg: 840448075.8, Max: 840448075.8, Diff: 0.0]
   [Code Root Fixup: 0.0 ms]
   [Code Root Purge: 0.0 ms]
   [Clear CT: 0.7 ms]
   [Other: 4.3 ms]
      [Choose CSet: 0.0 ms]
      [Ref Proc: 3.6 ms]
      [Ref Enq: 0.1 ms]
      [Redirty Cards: 0.1 ms]
      [Humongous Register: 0.0 ms]
      [Humongous Reclaim: 0.0 ms]
      [Free CSet: 0.3 ms]
   [Eden: 7152.0M(7152.0M)->0.0B(7152.0M) Survivors: 16384.0K->16384.0K Heap: 10544.1M(14336.0M)->3392.1M(14336.0M)]
 [Times: user=0.06 sys=0.01, real=0.02 secs] 
2022-07-31T14:37:56.576-0700: 840448.081: [GC concurrent-root-region-scan-start]
2022-07-31T14:37:56.581-0700: 840448.086: [GC concurrent-root-region-scan-end, 0.0050115 secs]
2022-07-31T14:37:56.581-0700: 840448.086: [GC concurrent-mark-start]
2022-07-31T14:37:59.088-0700: 840450.593: [GC concurrent-mark-end, 2.5069891 secs]
2022-07-31T14:37:59.089-0700: 840450.593: [GC remark 2022-07-31T14:37:59.089-0700: 840450.593: [Finalize Marking, 0.0003294 secs] 2022-07-31T14:37:59.089-0700: 840450.594: [GC ref-proc, 0.0108143 secs] 2022-07-31T14:37:59.100-0700: 840450.605: [Unloading, 0.0290637 secs], 0.0457127 secs]
 [Times: user=0.25 sys=0.00, real=0.04 secs] 
2022-07-31T14:37:59.135-0700: 840450.639: [GC cleanup 3480M->3480M(14336M), 0.0085688 secs]
 [Times: user=0.06 sys=0.00, real=0.02 secs] 
2022-07-31T14:54:28.762-0700: 841440.267: [GC pause (G1 Evacuation Pause) (young), 0.0107474 secs]
   [Parallel Time: 5.6 ms, GC Workers: 8]
      [GC Worker Start (ms): Min: 841440266.9, Avg: 841440266.9, Max: 841440267.0, Diff: 0.1]
      [Ext Root Scanning (ms): Min: 1.3, Avg: 2.0, Max: 5.4, Diff: 4.1, Sum: 16.0]
      [Update RS (ms): Min: 0.0, Avg: 0.4, Max: 0.8, Diff: 0.8, Sum: 2.9]
         [Processed Buffers: Min: 0, Avg: 21.1, Max: 72, Diff: 72, Sum: 169]
      [Scan RS (ms): Min: 0.0, Avg: 0.1, Max: 0.1, Diff: 0.1, Sum: 0.7]
      [Code Root Scanning (ms): Min: 0.0, Avg: 0.0, Max: 0.0, Diff: 0.0, Sum: 0.0]
      [Object Copy (ms): Min: 0.0, Avg: 0.6, Max: 0.9, Diff: 0.9, Sum: 4.9]
      [Termination (ms): Min: 0.0, Avg: 2.3, Max: 2.7, Diff: 2.7, Sum: 18.6]
         [Termination Attempts: Min: 1, Avg: 10.2, Max: 14, Diff: 13, Sum: 82]
      [GC Worker Other (ms): Min: 0.0, Avg: 0.0, Max: 0.0, Diff: 0.0, Sum: 0.1]
      [GC Worker Total (ms): Min: 5.3, Avg: 5.4, Max: 5.4, Diff: 0.1, Sum: 43.2]
      [GC Worker End (ms): Min: 841440272.3, Avg: 841440272.3, Max: 841440272.3, Diff: 0.0]
   [Code Root Fixup: 0.0 ms]
   [Code Root Purge: 0.0 ms]
   [Clear CT: 0.7 ms]
   [Other: 4.5 ms]
      [Choose CSet: 0.0 ms]
      [Ref Proc: 3.0 ms]
      [Ref Enq: 0.6 ms]
      [Redirty Cards: 0.4 ms]
      [Humongous Register: 0.1 ms]
      [Humongous Reclaim: 0.0 ms]
      [Free CSet: 0.3 ms]
   [Eden: 7152.0M(7152.0M)->0.0B(7152.0M) Survivors: 16384.0K->16384.0K Heap: 10544.1M(14336.0M)->3392.3M(14336.0M)]
 [Times: user=0.06 sys=0.00, real=0.01 secs] 
2022-07-31T15:10:56.113-0700: 842427.618: [GC pause (G1 Evacuation Pause) (young), 0.0106074 secs]
   [Parallel Time: 5.3 ms, GC Workers: 8]
      [GC Worker Start (ms): Min: 842427618.1, Avg: 842427618.2, Max: 842427618.2, Diff: 0.2]
      [Ext Root Scanning (ms): Min: 1.2, Avg: 2.0, Max: 5.1, Diff: 3.9, Sum: 15.7]
      [Update RS (ms): Min: 0.0, Avg: 0.3, Max: 0.7, Diff: 0.7, Sum: 2.6]
         [Processed Buffers: Min: 0, Avg: 21.2, Max: 87, Diff: 87, Sum: 170]
      [Scan RS (ms): Min: 0.0, Avg: 0.1, Max: 0.1, Diff: 0.1, Sum: 0.6]
      [Code Root Scanning (ms): Min: 0.0, Avg: 0.0, Max: 0.0, Diff: 0.0, Sum: 0.0]
      [Object Copy (ms): Min: 0.0, Avg: 0.5, Max: 0.8, Diff: 0.8, Sum: 4.2]
      [Termination (ms): Min: 0.0, Avg: 2.2, Max: 2.6, Diff: 2.6, Sum: 17.7]
         [Termination Attempts: Min: 1, Avg: 2.8, Max: 5, Diff: 4, Sum: 22]
      [GC Worker Other (ms): Min: 0.0, Avg: 0.0, Max: 0.0, Diff: 0.0, Sum: 0.1]
      [GC Worker Total (ms): Min: 5.0, Avg: 5.1, Max: 5.2, Diff: 0.1, Sum: 40.9]
      [GC Worker End (ms): Min: 842427623.2, Avg: 842427623.3, Max: 842427623.3, Diff: 0.0]
   [Code Root Fixup: 0.0 ms]
   [Code Root Purge: 0.0 ms]
   [Clear CT: 0.8 ms]
   [Other: 4.5 ms]
      [Choose CSet: 0.0 ms]
      [Ref Proc: 3.8 ms]
      [Ref Enq: 0.1 ms]
      [Redirty Cards: 0.1 ms]
      [Humongous Register: 0.1 ms]
      [Humongous Reclaim: 0.0 ms]
      [Free CSet: 0.3 ms]
   [Eden: 7152.0M(7152.0M)->0.0B(7152.0M) Survivors: 16384.0K->16384.0K Heap: 10544.3M(14336.0M)->3392.2M(14336.0M)]
 [Times: user=0.05 sys=0.00, real=0.02 secs] 
2022-07-31T15:27:28.311-0700: 843419.816: [GC pause (G1 Evacuation Pause) (young) (initial-mark), 0.0155130 secs]
   [Parallel Time: 10.0 ms, GC Workers: 8]
      [GC Worker Start (ms): Min: 843419818.3, Avg: 843419818.4, Max: 843419818.5, Diff: 0.1]
      [Ext Root Scanning (ms): Min: 6.2, Avg: 6.5, Max: 6.8, Diff: 0.6, Sum: 52.0]
      [Update RS (ms): Min: 0.1, Avg: 0.3, Max: 0.5, Diff: 0.4, Sum: 2.2]
         [Processed Buffers: Min: 1, Avg: 21.4, Max: 52, Diff: 51, Sum: 171]
      [Scan RS (ms): Min: 0.0, Avg: 0.1, Max: 0.1, Diff: 0.1, Sum: 0.5]
      [Code Root Scanning (ms): Min: 0.0, Avg: 0.0, Max: 0.0, Diff: 0.0, Sum: 0.0]
      [Object Copy (ms): Min: 0.2, Avg: 0.5, Max: 0.8, Diff: 0.7, Sum: 4.3]
      [Termination (ms): Min: 0.0, Avg: 0.1, Max: 0.1, Diff: 0.1, Sum: 0.6]
         [Termination Attempts: Min: 1, Avg: 1.0, Max: 1, Diff: 0, Sum: 8]
      [GC Worker Other (ms): Min: 0.0, Avg: 0.0, Max: 0.0, Diff: 0.0, Sum: 0.2]
      [GC Worker Total (ms): Min: 7.4, Avg: 7.5, Max: 7.5, Diff: 0.1, Sum: 59.8]
      [GC Worker End (ms): Min: 843419825.9, Avg: 843419825.9, Max: 843419825.9, Diff: 0.0]
   [Code Root Fixup: 0.0 ms]
   [Code Root Purge: 0.0 ms]
   [Clear CT: 0.6 ms]
   [Other: 4.8 ms]
      [Choose CSet: 0.0 ms]
      [Ref Proc: 4.0 ms]
      [Ref Enq: 0.1 ms]
      [Redirty Cards: 0.1 ms]
      [Humongous Register: 0.1 ms]
      [Humongous Reclaim: 0.0 ms]
      [Free CSet: 0.3 ms]
   [Eden: 7152.0M(7152.0M)->0.0B(7152.0M) Survivors: 16384.0K->16384.0K Heap: 10544.2M(14336.0M)->3392.2M(14336.0M)]
 [Times: user=0.06 sys=0.00, real=0.02 secs] 
2022-07-31T15:27:28.327-0700: 843419.832: [GC concurrent-root-region-scan-start]
2022-07-31T15:27:28.332-0700: 843419.836: [GC concurrent-root-region-scan-end, 0.0047467 secs]
2022-07-31T15:27:28.332-0700: 843419.836: [GC concurrent-mark-start]
2022-07-31T15:27:30.805-0700: 843422.310: [GC concurrent-mark-end, 2.4737890 secs]
2022-07-31T15:27:30.806-0700: 843422.311: [GC remark 2022-07-31T15:27:30.806-0700: 843422.311: [Finalize Marking, 0.0004285 secs] 2022-07-31T15:27:30.806-0700: 843422.311: [GC ref-proc, 0.0071645 secs] 2022-07-31T15:27:30.813-0700: 843422.318: [Unloading, 0.0274543 secs], 0.0403817 secs]
 [Times: user=0.26 sys=0.00, real=0.04 secs] 
2022-07-31T15:27:30.846-0700: 843422.351: [GC cleanup 3432M->3432M(14336M), 0.0078645 secs]
 [Times: user=0.06 sys=0.00, real=0.00 secs] 
2022-07-31T15:44:05.812-0700: 844417.317: [GC pause (G1 Evacuation Pause) (young), 0.0103862 secs]
   [Parallel Time: 5.4 ms, GC Workers: 8]
      [GC Worker Start (ms): Min: 844417316.9, Avg: 844417317.0, Max: 844417317.1, Diff: 0.2]
      [Ext Root Scanning (ms): Min: 2.5, Avg: 3.2, Max: 5.0, Diff: 2.5, Sum: 25.4]
      [Update RS (ms): Min: 0.0, Avg: 0.4, Max: 0.6, Diff: 0.6, Sum: 2.8]
         [Processed Buffers: Min: 0, Avg: 20.2, Max: 63, Diff: 63, Sum: 162]
      [Scan RS (ms): Min: 0.0, Avg: 0.1, Max: 0.2, Diff: 0.1, Sum: 0.6]
      [Code Root Scanning (ms): Min: 0.0, Avg: 0.0, Max: 0.0, Diff: 0.0, Sum: 0.0]
      [Object Copy (ms): Min: 0.0, Avg: 0.4, Max: 0.9, Diff: 0.9, Sum: 3.5]
      [Termination (ms): Min: 0.0, Avg: 0.9, Max: 1.1, Diff: 1.1, Sum: 7.5]
         [Termination Attempts: Min: 1, Avg: 1.2, Max: 3, Diff: 2, Sum: 10]
      [GC Worker Other (ms): Min: 0.0, Avg: 0.0, Max: 0.1, Diff: 0.1, Sum: 0.4]
      [GC Worker Total (ms): Min: 4.9, Avg: 5.0, Max: 5.1, Diff: 0.2, Sum: 40.2]
      [GC Worker End (ms): Min: 844417322.0, Avg: 844417322.0, Max: 844417322.1, Diff: 0.1]
   [Code Root Fixup: 0.0 ms]
   [Code Root Purge: 0.0 ms]
   [Clear CT: 0.6 ms]
   [Other: 4.4 ms]
      [Choose CSet: 0.0 ms]
      [Ref Proc: 3.5 ms]
      [Ref Enq: 0.2 ms]
      [Redirty Cards: 0.2 ms]
      [Humongous Register: 0.1 ms]
      [Humongous Reclaim: 0.0 ms]
      [Free CSet: 0.3 ms]
   [Eden: 7152.0M(7152.0M)->0.0B(7152.0M) Survivors: 16384.0K->16384.0K Heap: 10544.2M(14336.0M)->3392.2M(14336.0M)]
 [Times: user=0.04 sys=0.01, real=0.01 secs] 
2022-07-31T16:00:35.915-0700: 845407.419: [GC pause (G1 Evacuation Pause) (young), 0.0112848 secs]
   [Parallel Time: 5.9 ms, GC Workers: 8]
      [GC Worker Start (ms): Min: 845407419.6, Avg: 845407419.7, Max: 845407419.7, Diff: 0.1]
      [Ext Root Scanning (ms): Min: 1.3, Avg: 2.1, Max: 5.4, Diff: 4.2, Sum: 16.4]
      [Update RS (ms): Min: 0.0, Avg: 0.4, Max: 0.7, Diff: 0.7, Sum: 3.0]
         [Processed Buffers: Min: 0, Avg: 22.1, Max: 90, Diff: 90, Sum: 177]
      [Scan RS (ms): Min: 0.0, Avg: 0.1, Max: 0.2, Diff: 0.2, Sum: 0.6]
      [Code Root Scanning (ms): Min: 0.0, Avg: 0.0, Max: 0.1, Diff: 0.1, Sum: 0.2]
      [Object Copy (ms): Min: 0.0, Avg: 0.5, Max: 0.7, Diff: 0.7, Sum: 4.3]
      [Termination (ms): Min: 0.0, Avg: 2.4, Max: 2.7, Diff: 2.7, Sum: 18.9]
         [Termination Attempts: Min: 1, Avg: 1.5, Max: 3, Diff: 2, Sum: 12]
      [GC Worker Other (ms): Min: 0.0, Avg: 0.0, Max: 0.0, Diff: 0.0, Sum: 0.1]
      [GC Worker Total (ms): Min: 5.4, Avg: 5.4, Max: 5.5, Diff: 0.1, Sum: 43.6]
      [GC Worker End (ms): Min: 845407425.1, Avg: 845407425.1, Max: 845407425.1, Diff: 0.1]
   [Code Root Fixup: 0.0 ms]
   [Code Root Purge: 0.0 ms]
   [Clear CT: 0.6 ms]
   [Other: 4.8 ms]
      [Choose CSet: 0.0 ms]
      [Ref Proc: 4.1 ms]
      [Ref Enq: 0.1 ms]
      [Redirty Cards: 0.1 ms]
      [Humongous Register: 0.1 ms]
      [Humongous Reclaim: 0.0 ms]
      [Free CSet: 0.3 ms]
   [Eden: 7152.0M(7152.0M)->0.0B(7152.0M) Survivors: 16384.0K->16384.0K Heap: 10544.2M(14336.0M)->3392.4M(14336.0M)]
 [Times: user=0.05 sys=0.01, real=0.01 secs] 
2022-07-31T16:17:21.912-0700: 846413.417: [GC pause (G1 Evacuation Pause) (young) (initial-mark), 0.0154345 secs]
   [Parallel Time: 10.2 ms, GC Workers: 8]
      [GC Worker Start (ms): Min: 846413419.3, Avg: 846413419.5, Max: 846413419.5, Diff: 0.2]
      [Ext Root Scanning (ms): Min: 6.1, Avg: 6.4, Max: 7.0, Diff: 0.9, Sum: 51.5]
      [Update RS (ms): Min: 0.2, Avg: 0.3, Max: 0.6, Diff: 0.4, Sum: 2.5]
         [Processed Buffers: Min: 1, Avg: 22.9, Max: 59, Diff: 58, Sum: 183]
      [Scan RS (ms): Min: 0.0, Avg: 0.1, Max: 0.1, Diff: 0.1, Sum: 0.5]
      [Code Root Scanning (ms): Min: 0.0, Avg: 0.0, Max: 0.0, Diff: 0.0, Sum: 0.0]
      [Object Copy (ms): Min: 0.2, Avg: 0.7, Max: 1.2, Diff: 1.0, Sum: 5.8]
      [Termination (ms): Min: 0.0, Avg: 0.0, Max: 0.0, Diff: 0.0, Sum: 0.1]
         [Termination Attempts: Min: 1, Avg: 1.1, Max: 2, Diff: 1, Sum: 9]
      [GC Worker Other (ms): Min: 0.0, Avg: 0.1, Max: 0.2, Diff: 0.2, Sum: 0.8]
      [GC Worker Total (ms): Min: 7.5, Avg: 7.7, Max: 7.8, Diff: 0.3, Sum: 61.3]
      [GC Worker End (ms): Min: 846413427.0, Avg: 846413427.1, Max: 846413427.2, Diff: 0.2]
   [Code Root Fixup: 0.0 ms]
   [Code Root Purge: 0.0 ms]
   [Clear CT: 0.6 ms]
   [Other: 4.6 ms]
      [Choose CSet: 0.0 ms]
      [Ref Proc: 3.9 ms]
      [Ref Enq: 0.1 ms]
      [Redirty Cards: 0.1 ms]
      [Humongous Register: 0.0 ms]
      [Humongous Reclaim: 0.0 ms]
      [Free CSet: 0.3 ms]
   [Eden: 7152.0M(7152.0M)->0.0B(7152.0M) Survivors: 16384.0K->16384.0K Heap: 10544.4M(14336.0M)->3392.3M(14336.0M)]
 [Times: user=0.06 sys=0.01, real=0.02 secs] 
2022-07-31T16:17:21.928-0700: 846413.433: [GC concurrent-root-region-scan-start]
2022-07-31T16:17:21.933-0700: 846413.438: [GC concurrent-root-region-scan-end, 0.0050570 secs]
2022-07-31T16:17:21.933-0700: 846413.438: [GC concurrent-mark-start]
2022-07-31T16:17:24.434-0700: 846415.938: [GC concurrent-mark-end, 2.5006881 secs]
2022-07-31T16:17:24.434-0700: 846415.939: [GC remark 2022-07-31T16:17:24.434-0700: 846415.939: [Finalize Marking, 0.0003139 secs] 2022-07-31T16:17:24.434-0700: 846415.939: [GC ref-proc, 0.0113692 secs] 2022-07-31T16:17:24.446-0700: 846415.951: [Unloading, 0.0276654 secs], 0.0447424 secs]
 [Times: user=0.26 sys=0.00, real=0.05 secs] 
2022-07-31T16:17:24.479-0700: 846415.984: [GC cleanup 3464M->3464M(14336M), 0.0082234 secs]
 [Times: user=0.06 sys=0.00, real=0.01 secs] 
2022-07-31T16:33:50.961-0700: 847402.466: [GC pause (G1 Evacuation Pause) (young), 0.0105221 secs]
   [Parallel Time: 5.7 ms, GC Workers: 8]
      [GC Worker Start (ms): Min: 847402466.1, Avg: 847402466.1, Max: 847402466.2, Diff: 0.2]
      [Ext Root Scanning (ms): Min: 1.0, Avg: 1.7, Max: 5.5, Diff: 4.5, Sum: 13.7]
      [Update RS (ms): Min: 0.0, Avg: 0.3, Max: 0.6, Diff: 0.6, Sum: 2.3]
         [Processed Buffers: Min: 0, Avg: 22.6, Max: 73, Diff: 73, Sum: 181]
      [Scan RS (ms): Min: 0.0, Avg: 0.1, Max: 0.1, Diff: 0.1, Sum: 0.5]
      [Code Root Scanning (ms): Min: 0.0, Avg: 0.0, Max: 0.0, Diff: 0.0, Sum: 0.0]
      [Object Copy (ms): Min: 0.0, Avg: 0.4, Max: 0.6, Diff: 0.6, Sum: 3.1]
      [Termination (ms): Min: 0.0, Avg: 3.0, Max: 3.4, Diff: 3.4, Sum: 24.0]
         [Termination Attempts: Min: 1, Avg: 1.4, Max: 3, Diff: 2, Sum: 11]
      [GC Worker Other (ms): Min: 0.0, Avg: 0.0, Max: 0.0, Diff: 0.0, Sum: 0.1]
      [GC Worker Total (ms): Min: 5.4, Avg: 5.5, Max: 5.5, Diff: 0.1, Sum: 43.8]
      [GC Worker End (ms): Min: 847402471.6, Avg: 847402471.6, Max: 847402471.6, Diff: 0.0]
   [Code Root Fixup: 0.0 ms]
   [Code Root Purge: 0.0 ms]
   [Clear CT: 0.6 ms]
   [Other: 4.2 ms]
      [Choose CSet: 0.0 ms]
      [Ref Proc: 3.5 ms]
      [Ref Enq: 0.1 ms]
      [Redirty Cards: 0.1 ms]
      [Humongous Register: 0.1 ms]
      [Humongous Reclaim: 0.0 ms]
      [Free CSet: 0.3 ms]
   [Eden: 7152.0M(7152.0M)->0.0B(7152.0M) Survivors: 16384.0K->16384.0K Heap: 10544.3M(14336.0M)->3392.2M(14336.0M)]
 [Times: user=0.06 sys=0.00, real=0.01 secs] 
2022-07-31T16:50:12.265-0700: 848383.770: [GC pause (G1 Evacuation Pause) (young), 0.0102074 secs]
   [Parallel Time: 5.2 ms, GC Workers: 8]
      [GC Worker Start (ms): Min: 848383769.7, Avg: 848383769.8, Max: 848383769.8, Diff: 0.1]
      [Ext Root Scanning (ms): Min: 1.0, Avg: 1.6, Max: 4.9, Diff: 4.0, Sum: 12.8]
      [Update RS (ms): Min: 0.0, Avg: 0.3, Max: 0.6, Diff: 0.6, Sum: 2.4]
         [Processed Buffers: Min: 0, Avg: 20.6, Max: 64, Diff: 64, Sum: 165]
      [Scan RS (ms): Min: 0.0, Avg: 0.1, Max: 0.1, Diff: 0.1, Sum: 0.5]
      [Code Root Scanning (ms): Min: 0.0, Avg: 0.0, Max: 0.0, Diff: 0.0, Sum: 0.0]
      [Object Copy (ms): Min: 0.0, Avg: 0.4, Max: 0.6, Diff: 0.6, Sum: 3.2]
      [Termination (ms): Min: 0.0, Avg: 2.5, Max: 2.9, Diff: 2.9, Sum: 20.1]
         [Termination Attempts: Min: 1, Avg: 2.5, Max: 4, Diff: 3, Sum: 20]
      [GC Worker Other (ms): Min: 0.0, Avg: 0.0, Max: 0.1, Diff: 0.0, Sum: 0.2]
      [GC Worker Total (ms): Min: 4.8, Avg: 4.9, Max: 5.0, Diff: 0.1, Sum: 39.2]
      [GC Worker End (ms): Min: 848383774.7, Avg: 848383774.7, Max: 848383774.7, Diff: 0.0]
   [Code Root Fixup: 0.0 ms]
   [Code Root Purge: 0.0 ms]
   [Clear CT: 0.6 ms]
   [Other: 4.4 ms]
      [Choose CSet: 0.0 ms]
      [Ref Proc: 3.7 ms]
      [Ref Enq: 0.1 ms]
      [Redirty Cards: 0.1 ms]
      [Humongous Register: 0.1 ms]
      [Humongous Reclaim: 0.0 ms]
      [Free CSet: 0.3 ms]
   [Eden: 7152.0M(7152.0M)->0.0B(7152.0M) Survivors: 16384.0K->16384.0K Heap: 10544.2M(14336.0M)->3392.3M(14336.0M)]
 [Times: user=0.05 sys=0.00, real=0.01 secs] 
2022-07-31T17:06:50.913-0700: 849382.418: [GC pause (G1 Evacuation Pause) (young) (initial-mark), 0.0150014 secs]
   [Parallel Time: 9.6 ms, GC Workers: 8]
      [GC Worker Start (ms): Min: 849382420.1, Avg: 849382420.2, Max: 849382420.3, Diff: 0.2]
      [Ext Root Scanning (ms): Min: 6.0, Avg: 6.3, Max: 6.6, Diff: 0.6, Sum: 50.0]
      [Update RS (ms): Min: 0.1, Avg: 0.3, Max: 0.5, Diff: 0.4, Sum: 2.4]
         [Processed Buffers: Min: 1, Avg: 20.2, Max: 48, Diff: 47, Sum: 162]
      [Scan RS (ms): Min: 0.0, Avg: 0.1, Max: 0.1, Diff: 0.1, Sum: 0.5]
      [Code Root Scanning (ms): Min: 0.0, Avg: 0.0, Max: 0.0, Diff: 0.0, Sum: 0.0]
      [Object Copy (ms): Min: 0.1, Avg: 0.5, Max: 0.8, Diff: 0.7, Sum: 4.4]
      [Termination (ms): Min: 0.0, Avg: 0.0, Max: 0.0, Diff: 0.0, Sum: 0.1]
         [Termination Attempts: Min: 1, Avg: 1.5, Max: 2, Diff: 1, Sum: 12]
      [GC Worker Other (ms): Min: 0.0, Avg: 0.1, Max: 0.1, Diff: 0.1, Sum: 0.4]
      [GC Worker Total (ms): Min: 7.1, Avg: 7.2, Max: 7.4, Diff: 0.2, Sum: 57.8]
      [GC Worker End (ms): Min: 849382427.4, Avg: 849382427.5, Max: 849382427.5, Diff: 0.1]
   [Code Root Fixup: 0.0 ms]
   [Code Root Purge: 0.0 ms]
   [Clear CT: 0.7 ms]
   [Other: 4.7 ms]
      [Choose CSet: 0.0 ms]
      [Ref Proc: 3.8 ms]
      [Ref Enq: 0.2 ms]
      [Redirty Cards: 0.1 ms]
      [Humongous Register: 0.0 ms]
      [Humongous Reclaim: 0.0 ms]
      [Free CSet: 0.3 ms]
   [Eden: 7152.0M(7152.0M)->0.0B(7152.0M) Survivors: 16384.0K->16384.0K Heap: 10544.3M(14336.0M)->3392.2M(14336.0M)]
 [Times: user=0.06 sys=0.00, real=0.02 secs] 
2022-07-31T17:06:50.928-0700: 849382.433: [GC concurrent-root-region-scan-start]
2022-07-31T17:06:50.933-0700: 849382.438: [GC concurrent-root-region-scan-end, 0.0049044 secs]
2022-07-31T17:06:50.933-0700: 849382.438: [GC concurrent-mark-start]
2022-07-31T17:06:53.439-0700: 849384.943: [GC concurrent-mark-end, 2.5054884 secs]
2022-07-31T17:06:53.439-0700: 849384.944: [GC remark 2022-07-31T17:06:53.439-0700: 849384.944: [Finalize Marking, 0.0003579 secs] 2022-07-31T17:06:53.440-0700: 849384.944: [GC ref-proc, 0.0107022 secs] 2022-07-31T17:06:53.450-0700: 849384.955: [Unloading, 0.0277205 secs], 0.0443795 secs]
 [Times: user=0.26 sys=0.00, real=0.05 secs] 
2022-07-31T17:06:53.484-0700: 849384.989: [GC cleanup 3464M->3464M(14336M), 0.0086345 secs]
 [Times: user=0.06 sys=0.00, real=0.00 secs] 
2022-07-31T17:23:23.655-0700: 850375.160: [GC pause (G1 Evacuation Pause) (young), 0.0117066 secs]
   [Parallel Time: 6.2 ms, GC Workers: 8]
      [GC Worker Start (ms): Min: 850375160.4, Avg: 850375160.5, Max: 850375160.6, Diff: 0.2]
      [Ext Root Scanning (ms): Min: 1.2, Avg: 2.0, Max: 5.8, Diff: 4.7, Sum: 15.7]
      [Update RS (ms): Min: 0.0, Avg: 0.4, Max: 0.8, Diff: 0.8, Sum: 2.9]
         [Processed Buffers: Min: 0, Avg: 20.2, Max: 54, Diff: 54, Sum: 162]
      [Scan RS (ms): Min: 0.0, Avg: 0.1, Max: 0.2, Diff: 0.1, Sum: 0.6]
      [Code Root Scanning (ms): Min: 0.0, Avg: 0.0, Max: 0.0, Diff: 0.0, Sum: 0.0]
      [Object Copy (ms): Min: 0.0, Avg: 0.5, Max: 0.9, Diff: 0.9, Sum: 4.0]
      [Termination (ms): Min: 0.0, Avg: 2.8, Max: 3.3, Diff: 3.3, Sum: 22.8]
         [Termination Attempts: Min: 1, Avg: 3.5, Max: 6, Diff: 5, Sum: 28]
      [GC Worker Other (ms): Min: 0.0, Avg: 0.0, Max: 0.0, Diff: 0.0, Sum: 0.2]
      [GC Worker Total (ms): Min: 5.7, Avg: 5.8, Max: 5.9, Diff: 0.2, Sum: 46.3]
      [GC Worker End (ms): Min: 850375166.3, Avg: 850375166.3, Max: 850375166.3, Diff: 0.0]
   [Code Root Fixup: 0.0 ms]
   [Code Root Purge: 0.0 ms]
   [Clear CT: 0.6 ms]
   [Other: 4.9 ms]
      [Choose CSet: 0.0 ms]
      [Ref Proc: 4.2 ms]
      [Ref Enq: 0.1 ms]
      [Redirty Cards: 0.1 ms]
      [Humongous Register: 0.1 ms]
      [Humongous Reclaim: 0.0 ms]
      [Free CSet: 0.3 ms]
   [Eden: 7152.0M(7152.0M)->0.0B(7152.0M) Survivors: 16384.0K->16384.0K Heap: 10544.2M(14336.0M)->3392.2M(14336.0M)]
 [Times: user=0.04 sys=0.01, real=0.01 secs] 
2022-07-31T17:39:41.513-0700: 851353.017: [GC pause (G1 Evacuation Pause) (young), 0.0115250 secs]
   [Parallel Time: 5.6 ms, GC Workers: 8]
      [GC Worker Start (ms): Min: 851353017.5, Avg: 851353017.6, Max: 851353017.6, Diff: 0.1]
      [Ext Root Scanning (ms): Min: 1.3, Avg: 2.0, Max: 5.2, Diff: 3.9, Sum: 15.8]
      [Update RS (ms): Min: 0.0, Avg: 0.3, Max: 0.7, Diff: 0.7, Sum: 2.7]
         [Processed Buffers: Min: 0, Avg: 21.1, Max: 53, Diff: 53, Sum: 169]
      [Scan RS (ms): Min: 0.0, Avg: 0.1, Max: 0.1, Diff: 0.1, Sum: 0.5]
      [Code Root Scanning (ms): Min: 0.0, Avg: 0.0, Max: 0.0, Diff: 0.0, Sum: 0.0]
      [Object Copy (ms): Min: 0.0, Avg: 0.4, Max: 0.7, Diff: 0.7, Sum: 3.6]
      [Termination (ms): Min: 0.0, Avg: 2.4, Max: 2.7, Diff: 2.7, Sum: 18.9]
         [Termination Attempts: Min: 1, Avg: 6.5, Max: 10, Diff: 9, Sum: 52]
      [GC Worker Other (ms): Min: 0.0, Avg: 0.0, Max: 0.0, Diff: 0.0, Sum: 0.2]
      [GC Worker Total (ms): Min: 5.2, Avg: 5.2, Max: 5.3, Diff: 0.1, Sum: 41.8]
      [GC Worker End (ms): Min: 851353022.8, Avg: 851353022.8, Max: 851353022.8, Diff: 0.0]
   [Code Root Fixup: 0.0 ms]
   [Code Root Purge: 0.0 ms]
   [Clear CT: 0.6 ms]
   [Other: 5.4 ms]
      [Choose CSet: 0.0 ms]
      [Ref Proc: 4.7 ms]
      [Ref Enq: 0.1 ms]
      [Redirty Cards: 0.1 ms]
      [Humongous Register: 0.1 ms]
      [Humongous Reclaim: 0.0 ms]
      [Free CSet: 0.3 ms]
   [Eden: 7152.0M(7152.0M)->0.0B(7152.0M) Survivors: 16384.0K->16384.0K Heap: 10544.2M(14336.0M)->3392.3M(14336.0M)]
 [Times: user=0.05 sys=0.01, real=0.02 secs] 
2022-07-31T17:56:18.712-0700: 852350.217: [GC pause (G1 Evacuation Pause) (young) (initial-mark), 0.0158601 secs]
   [Parallel Time: 10.8 ms, GC Workers: 8]
      [GC Worker Start (ms): Min: 852350219.2, Avg: 852350219.4, Max: 852350219.5, Diff: 0.2]
      [Ext Root Scanning (ms): Min: 7.1, Avg: 7.4, Max: 7.7, Diff: 0.5, Sum: 59.0]
      [Update RS (ms): Min: 0.1, Avg: 0.3, Max: 0.5, Diff: 0.4, Sum: 2.3]
         [Processed Buffers: Min: 1, Avg: 19.2, Max: 53, Diff: 52, Sum: 154]
      [Scan RS (ms): Min: 0.0, Avg: 0.1, Max: 0.1, Diff: 0.1, Sum: 0.5]
      [Code Root Scanning (ms): Min: 0.0, Avg: 0.0, Max: 0.0, Diff: 0.0, Sum: 0.0]
      [Object Copy (ms): Min: 0.2, Avg: 0.5, Max: 0.8, Diff: 0.5, Sum: 4.2]
      [Termination (ms): Min: 0.0, Avg: 0.0, Max: 0.0, Diff: 0.0, Sum: 0.0]
         [Termination Attempts: Min: 1, Avg: 1.4, Max: 3, Diff: 2, Sum: 11]
      [GC Worker Other (ms): Min: 0.0, Avg: 0.1, Max: 0.1, Diff: 0.1, Sum: 0.4]
      [GC Worker Total (ms): Min: 8.2, Avg: 8.3, Max: 8.4, Diff: 0.2, Sum: 66.5]
      [GC Worker End (ms): Min: 852350227.6, Avg: 852350227.7, Max: 852350227.8, Diff: 0.1]
   [Code Root Fixup: 0.0 ms]
   [Code Root Purge: 0.0 ms]
   [Clear CT: 0.7 ms]
   [Other: 4.4 ms]
      [Choose CSet: 0.0 ms]
      [Ref Proc: 3.7 ms]
      [Ref Enq: 0.1 ms]
      [Redirty Cards: 0.1 ms]
      [Humongous Register: 0.0 ms]
      [Humongous Reclaim: 0.0 ms]
      [Free CSet: 0.3 ms]
   [Eden: 7152.0M(7152.0M)->0.0B(7152.0M) Survivors: 16384.0K->16384.0K Heap: 10544.3M(14336.0M)->3392.3M(14336.0M)]
 [Times: user=0.06 sys=0.01, real=0.02 secs] 
2022-07-31T17:56:18.728-0700: 852350.233: [GC concurrent-root-region-scan-start]
2022-07-31T17:56:18.733-0700: 852350.238: [GC concurrent-root-region-scan-end, 0.0050032 secs]
2022-07-31T17:56:18.733-0700: 852350.238: [GC concurrent-mark-start]
2022-07-31T17:56:21.201-0700: 852352.706: [GC concurrent-mark-end, 2.4675795 secs]
2022-07-31T17:56:21.201-0700: 852352.706: [GC remark 2022-07-31T17:56:21.201-0700: 852352.706: [Finalize Marking, 0.0002956 secs] 2022-07-31T17:56:21.202-0700: 852352.706: [GC ref-proc, 0.0117852 secs] 2022-07-31T17:56:21.213-0700: 852352.718: [Unloading, 0.0277551 secs], 0.0452774 secs]
 [Times: user=0.26 sys=0.00, real=0.05 secs] 
2022-07-31T17:56:21.247-0700: 852352.751: [GC cleanup 3456M->3456M(14336M), 0.0085251 secs]
 [Times: user=0.06 sys=0.00, real=0.01 secs] 
2022-07-31T18:12:52.363-0700: 853343.868: [GC pause (G1 Evacuation Pause) (young), 0.0085285 secs]
   [Parallel Time: 5.6 ms, GC Workers: 8]
      [GC Worker Start (ms): Min: 853343867.8, Avg: 853343867.8, Max: 853343867.9, Diff: 0.1]
      [Ext Root Scanning (ms): Min: 1.3, Avg: 2.0, Max: 5.4, Diff: 4.1, Sum: 15.9]
      [Update RS (ms): Min: 0.0, Avg: 0.4, Max: 0.9, Diff: 0.9, Sum: 3.0]
         [Processed Buffers: Min: 0, Avg: 20.2, Max: 49, Diff: 49, Sum: 162]
      [Scan RS (ms): Min: 0.0, Avg: 0.1, Max: 0.2, Diff: 0.1, Sum: 0.7]
      [Code Root Scanning (ms): Min: 0.0, Avg: 0.0, Max: 0.0, Diff: 0.0, Sum: 0.0]
      [Object Copy (ms): Min: 0.0, Avg: 0.5, Max: 0.7, Diff: 0.7, Sum: 3.9]
      [Termination (ms): Min: 0.0, Avg: 2.5, Max: 2.8, Diff: 2.8, Sum: 19.7]
         [Termination Attempts: Min: 1, Avg: 1.0, Max: 1, Diff: 0, Sum: 8]
      [GC Worker Other (ms): Min: 0.0, Avg: 0.0, Max: 0.0, Diff: 0.0, Sum: 0.2]
      [GC Worker Total (ms): Min: 5.4, Avg: 5.4, Max: 5.5, Diff: 0.1, Sum: 43.4]
      [GC Worker End (ms): Min: 853343873.2, Avg: 853343873.2, Max: 853343873.3, Diff: 0.0]
   [Code Root Fixup: 0.0 ms]
   [Code Root Purge: 0.0 ms]
   [Clear CT: 0.7 ms]
   [Other: 2.3 ms]
      [Choose CSet: 0.0 ms]
      [Ref Proc: 1.6 ms]
      [Ref Enq: 0.1 ms]
      [Redirty Cards: 0.1 ms]
      [Humongous Register: 0.1 ms]
      [Humongous Reclaim: 0.0 ms]
      [Free CSet: 0.3 ms]
   [Eden: 7152.0M(7152.0M)->0.0B(7152.0M) Survivors: 16384.0K->16384.0K Heap: 10544.3M(14336.0M)->3392.4M(14336.0M)]
 [Times: user=0.05 sys=0.00, real=0.00 secs] 
2022-07-31T18:29:22.711-0700: 854334.215: [GC pause (G1 Evacuation Pause) (young), 0.0101885 secs]
   [Parallel Time: 5.3 ms, GC Workers: 8]
      [GC Worker Start (ms): Min: 854334215.4, Avg: 854334215.5, Max: 854334215.6, Diff: 0.2]
      [Ext Root Scanning (ms): Min: 0.9, Avg: 1.6, Max: 5.2, Diff: 4.3, Sum: 12.7]
      [Update RS (ms): Min: 0.0, Avg: 0.3, Max: 0.6, Diff: 0.6, Sum: 2.2]
         [Processed Buffers: Min: 0, Avg: 21.8, Max: 91, Diff: 91, Sum: 174]
      [Scan RS (ms): Min: 0.0, Avg: 0.1, Max: 0.1, Diff: 0.1, Sum: 0.5]
      [Code Root Scanning (ms): Min: 0.0, Avg: 0.0, Max: 0.0, Diff: 0.0, Sum: 0.0]
      [Object Copy (ms): Min: 0.0, Avg: 0.3, Max: 0.5, Diff: 0.5, Sum: 2.6]
      [Termination (ms): Min: 0.0, Avg: 2.9, Max: 3.4, Diff: 3.4, Sum: 23.3]
         [Termination Attempts: Min: 1, Avg: 1.4, Max: 2, Diff: 1, Sum: 11]
      [GC Worker Other (ms): Min: 0.0, Avg: 0.0, Max: 0.0, Diff: 0.0, Sum: 0.1]
      [GC Worker Total (ms): Min: 5.1, Avg: 5.2, Max: 5.3, Diff: 0.1, Sum: 41.5]
      [GC Worker End (ms): Min: 854334220.7, Avg: 854334220.7, Max: 854334220.7, Diff: 0.0]
   [Code Root Fixup: 0.0 ms]
   [Code Root Purge: 0.0 ms]
   [Clear CT: 0.6 ms]
   [Other: 4.2 ms]
      [Choose CSet: 0.0 ms]
      [Ref Proc: 3.4 ms]
      [Ref Enq: 0.2 ms]
      [Redirty Cards: 0.1 ms]
      [Humongous Register: 0.1 ms]
      [Humongous Reclaim: 0.0 ms]
      [Free CSet: 0.3 ms]
   [Eden: 7152.0M(7152.0M)->0.0B(7152.0M) Survivors: 16384.0K->16384.0K Heap: 10544.4M(14336.0M)->3392.2M(14336.0M)]
 [Times: user=0.06 sys=0.00, real=0.01 secs] 
2022-07-31T18:46:02.863-0700: 855334.367: [GC pause (G1 Evacuation Pause) (young) (initial-mark), 0.0148098 secs]
   [Parallel Time: 9.3 ms, GC Workers: 8]
      [GC Worker Start (ms): Min: 855334369.6, Avg: 855334369.7, Max: 855334369.7, Diff: 0.2]
      [Ext Root Scanning (ms): Min: 5.8, Avg: 5.9, Max: 6.2, Diff: 0.5, Sum: 47.6]
      [Update RS (ms): Min: 0.2, Avg: 0.3, Max: 0.4, Diff: 0.3, Sum: 2.1]
         [Processed Buffers: Min: 1, Avg: 21.9, Max: 65, Diff: 64, Sum: 175]
      [Scan RS (ms): Min: 0.0, Avg: 0.1, Max: 0.1, Diff: 0.1, Sum: 0.5]
      [Code Root Scanning (ms): Min: 0.0, Avg: 0.0, Max: 0.0, Diff: 0.0, Sum: 0.0]
      [Object Copy (ms): Min: 0.0, Avg: 0.5, Max: 0.7, Diff: 0.7, Sum: 3.7]
      [Termination (ms): Min: 0.0, Avg: 0.0, Max: 0.0, Diff: 0.0, Sum: 0.1]
         [Termination Attempts: Min: 1, Avg: 1.4, Max: 2, Diff: 1, Sum: 11]
      [GC Worker Other (ms): Min: 0.0, Avg: 0.0, Max: 0.1, Diff: 0.0, Sum: 0.3]
      [GC Worker Total (ms): Min: 6.7, Avg: 6.8, Max: 6.9, Diff: 0.1, Sum: 54.3]
      [GC Worker End (ms): Min: 855334376.4, Avg: 855334376.4, Max: 855334376.5, Diff: 0.0]
   [Code Root Fixup: 0.0 ms]
   [Code Root Purge: 0.0 ms]
   [Clear CT: 0.6 ms]
   [Other: 4.9 ms]
      [Choose CSet: 0.0 ms]
      [Ref Proc: 4.1 ms]
      [Ref Enq: 0.1 ms]
      [Redirty Cards: 0.1 ms]
      [Humongous Register: 0.0 ms]
      [Humongous Reclaim: 0.0 ms]
      [Free CSet: 0.3 ms]
   [Eden: 7152.0M(7152.0M)->0.0B(7152.0M) Survivors: 16384.0K->16384.0K Heap: 10544.2M(14336.0M)->3392.4M(14336.0M)]
 [Times: user=0.06 sys=0.00, real=0.02 secs] 
2022-07-31T18:46:02.877-0700: 855334.382: [GC concurrent-root-region-scan-start]
2022-07-31T18:46:02.882-0700: 855334.387: [GC concurrent-root-region-scan-end, 0.0048721 secs]
2022-07-31T18:46:02.882-0700: 855334.387: [GC concurrent-mark-start]
2022-07-31T18:46:05.364-0700: 855336.869: [GC concurrent-mark-end, 2.4816531 secs]
2022-07-31T18:46:05.364-0700: 855336.869: [GC remark 2022-07-31T18:46:05.364-0700: 855336.869: [Finalize Marking, 0.0003090 secs] 2022-07-31T18:46:05.365-0700: 855336.870: [GC ref-proc, 0.0114764 secs] 2022-07-31T18:46:05.376-0700: 855336.881: [Unloading, 0.0274757 secs], 0.0447616 secs]
 [Times: user=0.26 sys=0.00, real=0.04 secs] 
2022-07-31T18:46:05.410-0700: 855336.914: [GC cleanup 3432M->3432M(14336M), 0.0083098 secs]
 [Times: user=0.06 sys=0.00, real=0.01 secs] 
2022-07-31T19:02:42.861-0700: 856334.366: [GC pause (G1 Evacuation Pause) (young), 0.0119196 secs]
   [Parallel Time: 6.1 ms, GC Workers: 8]
      [GC Worker Start (ms): Min: 856334366.2, Avg: 856334366.3, Max: 856334366.4, Diff: 0.2]
      [Ext Root Scanning (ms): Min: 1.3, Avg: 2.0, Max: 6.0, Diff: 4.7, Sum: 16.4]
      [Update RS (ms): Min: 0.0, Avg: 0.4, Max: 0.8, Diff: 0.8, Sum: 3.0]
         [Processed Buffers: Min: 0, Avg: 21.5, Max: 70, Diff: 70, Sum: 172]
      [Scan RS (ms): Min: 0.0, Avg: 0.1, Max: 0.2, Diff: 0.1, Sum: 0.7]
      [Code Root Scanning (ms): Min: 0.0, Avg: 0.0, Max: 0.0, Diff: 0.0, Sum: 0.0]
      [Object Copy (ms): Min: 0.0, Avg: 0.5, Max: 0.8, Diff: 0.8, Sum: 4.1]
      [Termination (ms): Min: 0.0, Avg: 2.9, Max: 3.3, Diff: 3.3, Sum: 23.1]
         [Termination Attempts: Min: 1, Avg: 4.9, Max: 7, Diff: 6, Sum: 39]
      [GC Worker Other (ms): Min: 0.0, Avg: 0.0, Max: 0.0, Diff: 0.0, Sum: 0.2]
      [GC Worker Total (ms): Min: 5.8, Avg: 5.9, Max: 6.0, Diff: 0.2, Sum: 47.4]
      [GC Worker End (ms): Min: 856334372.2, Avg: 856334372.2, Max: 856334372.2, Diff: 0.0]
   [Code Root Fixup: 0.0 ms]
   [Code Root Purge: 0.0 ms]
   [Clear CT: 0.6 ms]
   [Other: 5.2 ms]
      [Choose CSet: 0.0 ms]
      [Ref Proc: 4.5 ms]
      [Ref Enq: 0.1 ms]
      [Redirty Cards: 0.1 ms]
      [Humongous Register: 0.1 ms]
      [Humongous Reclaim: 0.0 ms]
      [Free CSet: 0.3 ms]
   [Eden: 7152.0M(7152.0M)->0.0B(7152.0M) Survivors: 16384.0K->16384.0K Heap: 10544.4M(14336.0M)->3392.3M(14336.0M)]
 [Times: user=0.06 sys=0.00, real=0.01 secs] 
2022-07-31T19:19:23.514-0700: 857335.019: [GC pause (G1 Evacuation Pause) (young), 0.0082438 secs]
   [Parallel Time: 5.6 ms, GC Workers: 8]
      [GC Worker Start (ms): Min: 857335019.0, Avg: 857335019.1, Max: 857335019.1, Diff: 0.1]
      [Ext Root Scanning (ms): Min: 1.2, Avg: 1.9, Max: 5.4, Diff: 4.2, Sum: 15.0]
      [Update RS (ms): Min: 0.0, Avg: 0.4, Max: 0.7, Diff: 0.7, Sum: 2.9]
         [Processed Buffers: Min: 0, Avg: 21.8, Max: 59, Diff: 59, Sum: 174]
      [Scan RS (ms): Min: 0.0, Avg: 0.1, Max: 0.2, Diff: 0.1, Sum: 0.7]
      [Code Root Scanning (ms): Min: 0.0, Avg: 0.0, Max: 0.0, Diff: 0.0, Sum: 0.0]
      [Object Copy (ms): Min: 0.0, Avg: 0.6, Max: 0.7, Diff: 0.7, Sum: 4.4]
      [Termination (ms): Min: 0.0, Avg: 2.5, Max: 2.9, Diff: 2.9, Sum: 20.1]
         [Termination Attempts: Min: 1, Avg: 2.2, Max: 4, Diff: 3, Sum: 18]
      [GC Worker Other (ms): Min: 0.0, Avg: 0.0, Max: 0.0, Diff: 0.0, Sum: 0.2]
      [GC Worker Total (ms): Min: 5.4, Avg: 5.4, Max: 5.4, Diff: 0.1, Sum: 43.3]
      [GC Worker End (ms): Min: 857335024.5, Avg: 857335024.5, Max: 857335024.5, Diff: 0.0]
   [Code Root Fixup: 0.0 ms]
   [Code Root Purge: 0.0 ms]
   [Clear CT: 0.5 ms]
   [Other: 2.1 ms]
      [Choose CSet: 0.0 ms]
      [Ref Proc: 1.5 ms]
      [Ref Enq: 0.1 ms]
      [Redirty Cards: 0.1 ms]
      [Humongous Register: 0.1 ms]
      [Humongous Reclaim: 0.0 ms]
      [Free CSet: 0.3 ms]
   [Eden: 7152.0M(7152.0M)->0.0B(7152.0M) Survivors: 16384.0K->16384.0K Heap: 10544.3M(14336.0M)->3392.3M(14336.0M)]
 [Times: user=0.05 sys=0.00, real=0.01 secs] 
2022-07-31T19:35:58.861-0700: 858330.366: [GC pause (G1 Evacuation Pause) (young) (initial-mark), 0.0144268 secs]
   [Parallel Time: 9.2 ms, GC Workers: 8]
      [GC Worker Start (ms): Min: 858330367.6, Avg: 858330367.7, Max: 858330367.7, Diff: 0.1]
      [Ext Root Scanning (ms): Min: 6.3, Avg: 6.4, Max: 6.6, Diff: 0.3, Sum: 51.2]
      [Update RS (ms): Min: 0.2, Avg: 0.3, Max: 0.6, Diff: 0.4, Sum: 2.5]
         [Processed Buffers: Min: 1, Avg: 21.1, Max: 61, Diff: 60, Sum: 169]
      [Scan RS (ms): Min: 0.0, Avg: 0.1, Max: 0.1, Diff: 0.1, Sum: 0.5]
      [Code Root Scanning (ms): Min: 0.0, Avg: 0.0, Max: 0.0, Diff: 0.0, Sum: 0.0]
      [Object Copy (ms): Min: 0.2, Avg: 0.4, Max: 0.7, Diff: 0.4, Sum: 3.5]
      [Termination (ms): Min: 0.0, Avg: 0.0, Max: 0.0, Diff: 0.0, Sum: 0.3]
         [Termination Attempts: Min: 1, Avg: 3.9, Max: 6, Diff: 5, Sum: 31]
      [GC Worker Other (ms): Min: 0.0, Avg: 0.0, Max: 0.0, Diff: 0.0, Sum: 0.2]
      [GC Worker Total (ms): Min: 7.2, Avg: 7.3, Max: 7.3, Diff: 0.1, Sum: 58.1]
      [GC Worker End (ms): Min: 858330374.9, Avg: 858330374.9, Max: 858330375.0, Diff: 0.0]
   [Code Root Fixup: 0.0 ms]
   [Code Root Purge: 0.0 ms]
   [Clear CT: 0.6 ms]
   [Other: 4.6 ms]
      [Choose CSet: 0.0 ms]
      [Ref Proc: 3.8 ms]
      [Ref Enq: 0.1 ms]
      [Redirty Cards: 0.1 ms]
      [Humongous Register: 0.0 ms]
      [Humongous Reclaim: 0.0 ms]
      [Free CSet: 0.3 ms]
   [Eden: 7152.0M(7152.0M)->0.0B(7152.0M) Survivors: 16384.0K->16384.0K Heap: 10544.3M(14336.0M)->3392.3M(14336.0M)]
 [Times: user=0.06 sys=0.00, real=0.02 secs] 
2022-07-31T19:35:58.876-0700: 858330.380: [GC concurrent-root-region-scan-start]
2022-07-31T19:35:58.880-0700: 858330.385: [GC concurrent-root-region-scan-end, 0.0047016 secs]
2022-07-31T19:35:58.880-0700: 858330.385: [GC concurrent-mark-start]
2022-07-31T19:36:01.334-0700: 858332.839: [GC concurrent-mark-end, 2.4539857 secs]
2022-07-31T19:36:01.335-0700: 858332.840: [GC remark 2022-07-31T19:36:01.335-0700: 858332.840: [Finalize Marking, 0.0004465 secs] 2022-07-31T19:36:01.335-0700: 858332.840: [GC ref-proc, 0.0111450 secs] 2022-07-31T19:36:01.347-0700: 858332.851: [Unloading, 0.0281544 secs], 0.0452909 secs]
 [Times: user=0.27 sys=0.00, real=0.04 secs] 
2022-07-31T19:36:01.380-0700: 858332.885: [GC cleanup 3464M->3464M(14336M), 0.0087081 secs]
 [Times: user=0.06 sys=0.00, real=0.01 secs] 
2022-07-31T19:52:36.323-0700: 859327.828: [GC pause (G1 Evacuation Pause) (young), 0.0108088 secs]
   [Parallel Time: 5.4 ms, GC Workers: 8]
      [GC Worker Start (ms): Min: 859327827.7, Avg: 859327827.8, Max: 859327827.8, Diff: 0.2]
      [Ext Root Scanning (ms): Min: 1.0, Avg: 1.7, Max: 5.2, Diff: 4.2, Sum: 13.3]
      [Update RS (ms): Min: 0.0, Avg: 0.3, Max: 0.7, Diff: 0.7, Sum: 2.4]
         [Processed Buffers: Min: 0, Avg: 21.1, Max: 51, Diff: 51, Sum: 169]
      [Scan RS (ms): Min: 0.0, Avg: 0.1, Max: 0.1, Diff: 0.1, Sum: 0.5]
      [Code Root Scanning (ms): Min: 0.0, Avg: 0.0, Max: 0.0, Diff: 0.0, Sum: 0.0]
      [Object Copy (ms): Min: 0.0, Avg: 0.4, Max: 0.6, Diff: 0.6, Sum: 3.1]
      [Termination (ms): Min: 0.0, Avg: 2.7, Max: 3.1, Diff: 3.1, Sum: 21.7]
         [Termination Attempts: Min: 1, Avg: 1.0, Max: 1, Diff: 0, Sum: 8]
      [GC Worker Other (ms): Min: 0.0, Avg: 0.0, Max: 0.0, Diff: 0.0, Sum: 0.2]
      [GC Worker Total (ms): Min: 5.1, Avg: 5.1, Max: 5.2, Diff: 0.2, Sum: 41.2]
      [GC Worker End (ms): Min: 859327832.9, Avg: 859327832.9, Max: 859327832.9, Diff: 0.0]
   [Code Root Fixup: 0.0 ms]
   [Code Root Purge: 0.0 ms]
   [Clear CT: 0.6 ms]
   [Other: 4.8 ms]
      [Choose CSet: 0.0 ms]
      [Ref Proc: 4.1 ms]
      [Ref Enq: 0.1 ms]
      [Redirty Cards: 0.1 ms]
      [Humongous Register: 0.1 ms]
      [Humongous Reclaim: 0.0 ms]
      [Free CSet: 0.3 ms]
   [Eden: 7152.0M(7152.0M)->0.0B(7152.0M) Survivors: 16384.0K->16384.0K Heap: 10544.3M(14336.0M)->3392.3M(14336.0M)]
 [Times: user=0.05 sys=0.01, real=0.00 secs] 
2022-07-31T20:09:08.463-0700: 860319.968: [GC pause (G1 Evacuation Pause) (young), 0.0102141 secs]
   [Parallel Time: 5.6 ms, GC Workers: 8]
      [GC Worker Start (ms): Min: 860319968.1, Avg: 860319968.2, Max: 860319968.3, Diff: 0.2]
      [Ext Root Scanning (ms): Min: 1.3, Avg: 2.2, Max: 5.3, Diff: 4.0, Sum: 17.7]
      [Update RS (ms): Min: 0.0, Avg: 0.3, Max: 0.7, Diff: 0.7, Sum: 2.7]
         [Processed Buffers: Min: 0, Avg: 21.0, Max: 48, Diff: 48, Sum: 168]
      [Scan RS (ms): Min: 0.0, Avg: 0.1, Max: 0.2, Diff: 0.1, Sum: 0.6]
      [Code Root Scanning (ms): Min: 0.0, Avg: 0.0, Max: 0.0, Diff: 0.0, Sum: 0.0]
      [Object Copy (ms): Min: 0.0, Avg: 0.5, Max: 0.8, Diff: 0.8, Sum: 3.7]
      [Termination (ms): Min: 0.0, Avg: 2.2, Max: 2.6, Diff: 2.6, Sum: 17.8]
         [Termination Attempts: Min: 1, Avg: 1.2, Max: 2, Diff: 1, Sum: 10]
      [GC Worker Other (ms): Min: 0.0, Avg: 0.0, Max: 0.0, Diff: 0.0, Sum: 0.2]
      [GC Worker Total (ms): Min: 5.2, Avg: 5.3, Max: 5.4, Diff: 0.2, Sum: 42.6]
      [GC Worker End (ms): Min: 860319973.5, Avg: 860319973.5, Max: 860319973.5, Diff: 0.0]
   [Code Root Fixup: 0.0 ms]
   [Code Root Purge: 0.0 ms]
   [Clear CT: 0.6 ms]
   [Other: 4.0 ms]
      [Choose CSet: 0.0 ms]
      [Ref Proc: 3.3 ms]
      [Ref Enq: 0.2 ms]
      [Redirty Cards: 0.1 ms]
      [Humongous Register: 0.1 ms]
      [Humongous Reclaim: 0.0 ms]
      [Free CSet: 0.3 ms]
   [Eden: 7152.0M(7152.0M)->0.0B(7152.0M) Survivors: 16384.0K->16384.0K Heap: 10544.3M(14336.0M)->3392.3M(14336.0M)]
 [Times: user=0.05 sys=0.01, real=0.00 secs] 
2022-07-31T20:25:40.197-0700: 861311.701: [GC pause (G1 Evacuation Pause) (young) (initial-mark), 0.0156975 secs]
   [Parallel Time: 10.7 ms, GC Workers: 8]
      [GC Worker Start (ms): Min: 861311703.6, Avg: 861311703.7, Max: 861311703.8, Diff: 0.2]
      [Ext Root Scanning (ms): Min: 6.9, Avg: 7.1, Max: 7.3, Diff: 0.5, Sum: 56.7]
      [Update RS (ms): Min: 0.3, Avg: 0.4, Max: 0.6, Diff: 0.3, Sum: 3.0]
         [Processed Buffers: Min: 1, Avg: 19.8, Max: 66, Diff: 65, Sum: 158]
      [Scan RS (ms): Min: 0.0, Avg: 0.1, Max: 0.1, Diff: 0.1, Sum: 0.5]
      [Code Root Scanning (ms): Min: 0.0, Avg: 0.0, Max: 0.0, Diff: 0.0, Sum: 0.0]
      [Object Copy (ms): Min: 0.2, Avg: 0.5, Max: 0.7, Diff: 0.6, Sum: 3.8]
      [Termination (ms): Min: 0.0, Avg: 0.0, Max: 0.0, Diff: 0.0, Sum: 0.1]
         [Termination Attempts: Min: 1, Avg: 1.9, Max: 3, Diff: 2, Sum: 15]
      [GC Worker Other (ms): Min: 0.0, Avg: 0.1, Max: 0.2, Diff: 0.2, Sum: 0.5]
      [GC Worker Total (ms): Min: 8.0, Avg: 8.1, Max: 8.1, Diff: 0.1, Sum: 64.6]
      [GC Worker End (ms): Min: 861311711.7, Avg: 861311711.8, Max: 861311711.9, Diff: 0.2]
   [Code Root Fixup: 0.0 ms]
   [Code Root Purge: 0.0 ms]
   [Clear CT: 0.6 ms]
   [Other: 4.3 ms]
      [Choose CSet: 0.0 ms]
      [Ref Proc: 3.6 ms]
      [Ref Enq: 0.1 ms]
      [Redirty Cards: 0.1 ms]
      [Humongous Register: 0.0 ms]
      [Humongous Reclaim: 0.0 ms]
      [Free CSet: 0.3 ms]
   [Eden: 7152.0M(7152.0M)->0.0B(7152.0M) Survivors: 16384.0K->16384.0K Heap: 10544.3M(14336.0M)->3392.3M(14336.0M)]
 [Times: user=0.06 sys=0.01, real=0.01 secs] 
2022-07-31T20:25:40.212-0700: 861311.717: [GC concurrent-root-region-scan-start]
2022-07-31T20:25:40.217-0700: 861311.722: [GC concurrent-root-region-scan-end, 0.0046005 secs]
2022-07-31T20:25:40.217-0700: 861311.722: [GC concurrent-mark-start]
2022-07-31T20:25:42.680-0700: 861314.185: [GC concurrent-mark-end, 2.4630604 secs]
2022-07-31T20:25:42.681-0700: 861314.185: [GC remark 2022-07-31T20:25:42.681-0700: 861314.185: [Finalize Marking, 0.0004671 secs] 2022-07-31T20:25:42.681-0700: 861314.186: [GC ref-proc, 0.0111114 secs] 2022-07-31T20:25:42.692-0700: 861314.197: [Unloading, 0.0279307 secs], 0.0450369 secs]
 [Times: user=0.26 sys=0.00, real=0.05 secs] 
2022-07-31T20:25:42.726-0700: 861314.231: [GC cleanup 3472M->3472M(14336M), 0.0084771 secs]
 [Times: user=0.06 sys=0.00, real=0.00 secs] 
2022-07-31T20:42:16.312-0700: 862307.817: [GC pause (G1 Evacuation Pause) (young), 0.0099112 secs]
   [Parallel Time: 6.5 ms, GC Workers: 8]
      [GC Worker Start (ms): Min: 862307816.7, Avg: 862307816.8, Max: 862307816.9, Diff: 0.2]
      [Ext Root Scanning (ms): Min: 1.2, Avg: 2.0, Max: 6.1, Diff: 4.8, Sum: 16.0]
      [Update RS (ms): Min: 0.0, Avg: 0.4, Max: 0.8, Diff: 0.8, Sum: 3.1]
         [Processed Buffers: Min: 0, Avg: 20.1, Max: 53, Diff: 53, Sum: 161]
      [Scan RS (ms): Min: 0.0, Avg: 0.1, Max: 0.2, Diff: 0.1, Sum: 0.7]
      [Code Root Scanning (ms): Min: 0.0, Avg: 0.0, Max: 0.0, Diff: 0.0, Sum: 0.0]
      [Object Copy (ms): Min: 0.0, Avg: 0.5, Max: 0.7, Diff: 0.7, Sum: 4.0]
      [Termination (ms): Min: 0.0, Avg: 3.1, Max: 3.5, Diff: 3.5, Sum: 24.5]
         [Termination Attempts: Min: 1, Avg: 6.2, Max: 10, Diff: 9, Sum: 50]
      [GC Worker Other (ms): Min: 0.0, Avg: 0.0, Max: 0.1, Diff: 0.0, Sum: 0.2]
      [GC Worker Total (ms): Min: 6.0, Avg: 6.1, Max: 6.2, Diff: 0.2, Sum: 48.5]
      [GC Worker End (ms): Min: 862307822.8, Avg: 862307822.8, Max: 862307822.9, Diff: 0.0]
   [Code Root Fixup: 0.0 ms]
   [Code Root Purge: 0.0 ms]
   [Clear CT: 0.6 ms]
   [Other: 2.8 ms]
      [Choose CSet: 0.0 ms]
      [Ref Proc: 2.2 ms]
      [Ref Enq: 0.1 ms]
      [Redirty Cards: 0.1 ms]
      [Humongous Register: 0.0 ms]
      [Humongous Reclaim: 0.0 ms]
      [Free CSet: 0.3 ms]
   [Eden: 7152.0M(7152.0M)->0.0B(7152.0M) Survivors: 16384.0K->16384.0K Heap: 10544.3M(14336.0M)->3392.3M(14336.0M)]
 [Times: user=0.06 sys=0.01, real=0.01 secs] 
2022-07-31T20:58:42.762-0700: 863294.267: [GC pause (G1 Evacuation Pause) (young), 0.0111004 secs]
   [Parallel Time: 6.1 ms, GC Workers: 8]
      [GC Worker Start (ms): Min: 863294266.8, Avg: 863294266.8, Max: 863294266.9, Diff: 0.2]
      [Ext Root Scanning (ms): Min: 1.2, Avg: 1.9, Max: 5.8, Diff: 4.7, Sum: 15.3]
      [Update RS (ms): Min: 0.0, Avg: 0.3, Max: 0.6, Diff: 0.6, Sum: 2.6]
         [Processed Buffers: Min: 0, Avg: 19.9, Max: 53, Diff: 53, Sum: 159]
      [Scan RS (ms): Min: 0.0, Avg: 0.1, Max: 0.2, Diff: 0.2, Sum: 0.6]
      [Code Root Scanning (ms): Min: 0.0, Avg: 0.0, Max: 0.0, Diff: 0.0, Sum: 0.0]
      [Object Copy (ms): Min: 0.0, Avg: 0.6, Max: 1.4, Diff: 1.4, Sum: 4.7]
      [Termination (ms): Min: 0.0, Avg: 2.9, Max: 3.4, Diff: 3.4, Sum: 23.3]
         [Termination Attempts: Min: 1, Avg: 3.9, Max: 9, Diff: 8, Sum: 31]
      [GC Worker Other (ms): Min: 0.0, Avg: 0.0, Max: 0.0, Diff: 0.0, Sum: 0.1]
      [GC Worker Total (ms): Min: 5.8, Avg: 5.8, Max: 5.9, Diff: 0.1, Sum: 46.7]
      [GC Worker End (ms): Min: 863294272.7, Avg: 863294272.7, Max: 863294272.7, Diff: 0.0]
   [Code Root Fixup: 0.0 ms]
   [Code Root Purge: 0.0 ms]
   [Clear CT: 0.6 ms]
   [Other: 4.4 ms]
      [Choose CSet: 0.0 ms]
      [Ref Proc: 3.7 ms]
      [Ref Enq: 0.1 ms]
      [Redirty Cards: 0.1 ms]
      [Humongous Register: 0.1 ms]
      [Humongous Reclaim: 0.0 ms]
      [Free CSet: 0.3 ms]
   [Eden: 7152.0M(7152.0M)->0.0B(7152.0M) Survivors: 16384.0K->16384.0K Heap: 10544.3M(14336.0M)->3392.3M(14336.0M)]
 [Times: user=0.06 sys=0.00, real=0.01 secs] 
2022-07-31T21:15:12.762-0700: 864284.266: [GC pause (G1 Evacuation Pause) (young) (initial-mark), 0.0158927 secs]
   [Parallel Time: 10.4 ms, GC Workers: 8]
      [GC Worker Start (ms): Min: 864284268.8, Avg: 864284268.9, Max: 864284269.0, Diff: 0.2]
      [Ext Root Scanning (ms): Min: 6.6, Avg: 6.9, Max: 7.1, Diff: 0.5, Sum: 54.9]
      [Update RS (ms): Min: 0.2, Avg: 0.3, Max: 0.5, Diff: 0.3, Sum: 2.3]
         [Processed Buffers: Min: 1, Avg: 22.5, Max: 58, Diff: 57, Sum: 180]
      [Scan RS (ms): Min: 0.0, Avg: 0.1, Max: 0.1, Diff: 0.1, Sum: 0.5]
      [Code Root Scanning (ms): Min: 0.0, Avg: 0.0, Max: 0.0, Diff: 0.0, Sum: 0.0]
      [Object Copy (ms): Min: 0.1, Avg: 0.5, Max: 0.8, Diff: 0.7, Sum: 4.0]
      [Termination (ms): Min: 0.0, Avg: 0.0, Max: 0.0, Diff: 0.0, Sum: 0.2]
         [Termination Attempts: Min: 1, Avg: 1.5, Max: 2, Diff: 1, Sum: 12]
      [GC Worker Other (ms): Min: 0.0, Avg: 0.0, Max: 0.1, Diff: 0.1, Sum: 0.3]
      [GC Worker Total (ms): Min: 7.7, Avg: 7.8, Max: 7.9, Diff: 0.2, Sum: 62.2]
      [GC Worker End (ms): Min: 864284276.7, Avg: 864284276.7, Max: 864284276.7, Diff: 0.1]
   [Code Root Fixup: 0.0 ms]
   [Code Root Purge: 0.0 ms]
   [Clear CT: 0.6 ms]
   [Other: 4.8 ms]
      [Choose CSet: 0.0 ms]
      [Ref Proc: 4.1 ms]
      [Ref Enq: 0.1 ms]
      [Redirty Cards: 0.1 ms]
      [Humongous Register: 0.0 ms]
      [Humongous Reclaim: 0.0 ms]
      [Free CSet: 0.3 ms]
   [Eden: 7152.0M(7152.0M)->0.0B(7152.0M) Survivors: 16384.0K->16384.0K Heap: 10544.3M(14336.0M)->3392.4M(14336.0M)]
 [Times: user=0.06 sys=0.00, real=0.02 secs] 
2022-07-31T21:15:12.778-0700: 864284.282: [GC concurrent-root-region-scan-start]
2022-07-31T21:15:12.782-0700: 864284.287: [GC concurrent-root-region-scan-end, 0.0046655 secs]
2022-07-31T21:15:12.782-0700: 864284.287: [GC concurrent-mark-start]
2022-07-31T21:15:15.275-0700: 864286.779: [GC concurrent-mark-end, 2.4921202 secs]
2022-07-31T21:15:15.275-0700: 864286.780: [GC remark 2022-07-31T21:15:15.275-0700: 864286.780: [Finalize Marking, 0.0002931 secs] 2022-07-31T21:15:15.275-0700: 864286.780: [GC ref-proc, 0.0073696 secs] 2022-07-31T21:15:15.283-0700: 864286.787: [Unloading, 0.0272379 secs], 0.0402611 secs]
 [Times: user=0.26 sys=0.00, real=0.04 secs] 
2022-07-31T21:15:15.316-0700: 864286.820: [GC cleanup 3432M->3432M(14336M), 0.0081960 secs]
 [Times: user=0.06 sys=0.00, real=0.01 secs] 
2022-07-31T21:31:56.313-0700: 865287.817: [GC pause (G1 Evacuation Pause) (young), 0.0109694 secs]
   [Parallel Time: 6.2 ms, GC Workers: 8]
      [GC Worker Start (ms): Min: 865287817.5, Avg: 865287817.6, Max: 865287817.6, Diff: 0.2]
      [Ext Root Scanning (ms): Min: 1.2, Avg: 2.0, Max: 6.0, Diff: 4.8, Sum: 16.3]
      [Update RS (ms): Min: 0.0, Avg: 0.4, Max: 0.7, Diff: 0.7, Sum: 3.0]
         [Processed Buffers: Min: 0, Avg: 21.0, Max: 39, Diff: 39, Sum: 168]
      [Scan RS (ms): Min: 0.0, Avg: 0.1, Max: 0.2, Diff: 0.1, Sum: 0.6]
      [Code Root Scanning (ms): Min: 0.0, Avg: 0.0, Max: 0.0, Diff: 0.0, Sum: 0.0]
      [Object Copy (ms): Min: 0.0, Avg: 0.5, Max: 0.7, Diff: 0.7, Sum: 3.9]
      [Termination (ms): Min: 0.0, Avg: 3.0, Max: 3.4, Diff: 3.4, Sum: 24.0]
         [Termination Attempts: Min: 1, Avg: 2.9, Max: 5, Diff: 4, Sum: 23]
      [GC Worker Other (ms): Min: 0.0, Avg: 0.0, Max: 0.0, Diff: 0.0, Sum: 0.1]
      [GC Worker Total (ms): Min: 5.9, Avg: 6.0, Max: 6.1, Diff: 0.2, Sum: 48.1]
      [GC Worker End (ms): Min: 865287823.6, Avg: 865287823.6, Max: 865287823.6, Diff: 0.0]
   [Code Root Fixup: 0.0 ms]
   [Code Root Purge: 0.0 ms]
   [Clear CT: 0.6 ms]
   [Other: 4.2 ms]
      [Choose CSet: 0.0 ms]
      [Ref Proc: 3.5 ms]
      [Ref Enq: 0.1 ms]
      [Redirty Cards: 0.1 ms]
      [Humongous Register: 0.1 ms]
      [Humongous Reclaim: 0.0 ms]
      [Free CSet: 0.3 ms]
   [Eden: 7152.0M(7152.0M)->0.0B(7152.0M) Survivors: 16384.0K->16384.0K Heap: 10544.4M(14336.0M)->3392.3M(14336.0M)]
 [Times: user=0.06 sys=0.00, real=0.02 secs] 
2022-07-31T21:48:35.362-0700: 866286.867: [GC pause (G1 Evacuation Pause) (young), 0.0108821 secs]
   [Parallel Time: 5.8 ms, GC Workers: 8]
      [GC Worker Start (ms): Min: 866286867.4, Avg: 866286867.4, Max: 866286867.5, Diff: 0.1]
      [Ext Root Scanning (ms): Min: 1.3, Avg: 2.0, Max: 5.6, Diff: 4.3, Sum: 16.2]
      [Update RS (ms): Min: 0.0, Avg: 0.4, Max: 0.7, Diff: 0.7, Sum: 3.0]
         [Processed Buffers: Min: 0, Avg: 22.6, Max: 44, Diff: 44, Sum: 181]
      [Scan RS (ms): Min: 0.0, Avg: 0.1, Max: 0.2, Diff: 0.1, Sum: 0.7]
      [Code Root Scanning (ms): Min: 0.0, Avg: 0.0, Max: 0.0, Diff: 0.0, Sum: 0.0]
      [Object Copy (ms): Min: 0.0, Avg: 0.6, Max: 0.8, Diff: 0.8, Sum: 4.8]
      [Termination (ms): Min: 0.0, Avg: 2.5, Max: 2.8, Diff: 2.8, Sum: 19.7]
         [Termination Attempts: Min: 1, Avg: 7.5, Max: 12, Diff: 11, Sum: 60]
      [GC Worker Other (ms): Min: 0.0, Avg: 0.0, Max: 0.1, Diff: 0.0, Sum: 0.2]
      [GC Worker Total (ms): Min: 5.5, Avg: 5.6, Max: 5.6, Diff: 0.1, Sum: 44.7]
      [GC Worker End (ms): Min: 866286873.0, Avg: 866286873.0, Max: 866286873.1, Diff: 0.0]
   [Code Root Fixup: 0.0 ms]
   [Code Root Purge: 0.0 ms]
   [Clear CT: 0.7 ms]
   [Other: 4.3 ms]
      [Choose CSet: 0.0 ms]
      [Ref Proc: 3.7 ms]
      [Ref Enq: 0.1 ms]
      [Redirty Cards: 0.1 ms]
      [Humongous Register: 0.1 ms]
      [Humongous Reclaim: 0.0 ms]
      [Free CSet: 0.3 ms]
   [Eden: 7152.0M(7152.0M)->0.0B(7152.0M) Survivors: 16384.0K->16384.0K Heap: 10544.3M(14336.0M)->3392.3M(14336.0M)]
 [Times: user=0.06 sys=0.01, real=0.01 secs] 
2022-07-31T22:05:04.611-0700: 867276.116: [GC pause (G1 Evacuation Pause) (young) (initial-mark), 0.0149218 secs]
   [Parallel Time: 10.0 ms, GC Workers: 8]
      [GC Worker Start (ms): Min: 867276118.2, Avg: 867276118.3, Max: 867276118.3, Diff: 0.1]
      [Ext Root Scanning (ms): Min: 6.6, Avg: 6.8, Max: 7.1, Diff: 0.5, Sum: 54.6]
      [Update RS (ms): Min: 0.2, Avg: 0.3, Max: 0.5, Diff: 0.3, Sum: 2.2]
         [Processed Buffers: Min: 2, Avg: 22.8, Max: 62, Diff: 60, Sum: 182]
      [Scan RS (ms): Min: 0.0, Avg: 0.1, Max: 0.1, Diff: 0.1, Sum: 0.5]
      [Code Root Scanning (ms): Min: 0.0, Avg: 0.0, Max: 0.0, Diff: 0.0, Sum: 0.0]
      [Object Copy (ms): Min: 0.1, Avg: 0.5, Max: 0.8, Diff: 0.7, Sum: 4.0]
      [Termination (ms): Min: 0.0, Avg: 0.0, Max: 0.0, Diff: 0.0, Sum: 0.1]
         [Termination Attempts: Min: 1, Avg: 4.0, Max: 6, Diff: 5, Sum: 32]
      [GC Worker Other (ms): Min: 0.0, Avg: 0.0, Max: 0.1, Diff: 0.1, Sum: 0.3]
      [GC Worker Total (ms): Min: 7.6, Avg: 7.7, Max: 7.8, Diff: 0.1, Sum: 61.6]
      [GC Worker End (ms): Min: 867276126.0, Avg: 867276126.0, Max: 867276126.0, Diff: 0.1]
   [Code Root Fixup: 0.0 ms]
   [Code Root Purge: 0.0 ms]
   [Clear CT: 0.7 ms]
   [Other: 4.2 ms]
      [Choose CSet: 0.0 ms]
      [Ref Proc: 3.5 ms]
      [Ref Enq: 0.1 ms]
      [Redirty Cards: 0.1 ms]
      [Humongous Register: 0.0 ms]
      [Humongous Reclaim: 0.0 ms]
      [Free CSet: 0.3 ms]
   [Eden: 7152.0M(7152.0M)->0.0B(7152.0M) Survivors: 16384.0K->16384.0K Heap: 10544.3M(14336.0M)->3392.4M(14336.0M)]
 [Times: user=0.06 sys=0.00, real=0.02 secs] 
2022-07-31T22:05:04.626-0700: 867276.131: [GC concurrent-root-region-scan-start]
2022-07-31T22:05:04.631-0700: 867276.136: [GC concurrent-root-region-scan-end, 0.0047002 secs]
2022-07-31T22:05:04.631-0700: 867276.136: [GC concurrent-mark-start]
2022-07-31T22:05:07.118-0700: 867278.622: [GC concurrent-mark-end, 2.4866216 secs]
2022-07-31T22:05:07.118-0700: 867278.623: [GC remark 2022-07-31T22:05:07.118-0700: 867278.623: [Finalize Marking, 0.0002307 secs] 2022-07-31T22:05:07.118-0700: 867278.623: [GC ref-proc, 0.0086650 secs] 2022-07-31T22:05:07.127-0700: 867278.632: [Unloading, 0.0276673 secs], 0.0422566 secs]
 [Times: user=0.26 sys=0.00, real=0.04 secs] 
2022-07-31T22:05:07.161-0700: 867278.666: [GC cleanup 3432M->3432M(14336M), 0.0083232 secs]
 [Times: user=0.06 sys=0.00, real=0.01 secs] 
2022-07-31T22:21:50.553-0700: 868282.057: [GC pause (G1 Evacuation Pause) (young), 0.0115990 secs]
   [Parallel Time: 5.7 ms, GC Workers: 8]
      [GC Worker Start (ms): Min: 868282057.4, Avg: 868282057.5, Max: 868282057.5, Diff: 0.2]
      [Ext Root Scanning (ms): Min: 1.2, Avg: 1.9, Max: 5.6, Diff: 4.3, Sum: 15.2]
      [Update RS (ms): Min: 0.0, Avg: 0.4, Max: 0.7, Diff: 0.7, Sum: 3.1]
         [Processed Buffers: Min: 0, Avg: 20.8, Max: 42, Diff: 42, Sum: 166]
      [Scan RS (ms): Min: 0.0, Avg: 0.1, Max: 0.2, Diff: 0.1, Sum: 0.6]
      [Code Root Scanning (ms): Min: 0.0, Avg: 0.0, Max: 0.0, Diff: 0.0, Sum: 0.0]
      [Object Copy (ms): Min: 0.0, Avg: 0.5, Max: 0.7, Diff: 0.7, Sum: 3.6]
      [Termination (ms): Min: 0.0, Avg: 2.7, Max: 3.1, Diff: 3.1, Sum: 21.4]
         [Termination Attempts: Min: 1, Avg: 2.4, Max: 4, Diff: 3, Sum: 19]
      [GC Worker Other (ms): Min: 0.0, Avg: 0.0, Max: 0.0, Diff: 0.0, Sum: 0.2]
      [GC Worker Total (ms): Min: 5.5, Avg: 5.5, Max: 5.6, Diff: 0.1, Sum: 44.1]
      [GC Worker End (ms): Min: 868282063.0, Avg: 868282063.0, Max: 868282063.0, Diff: 0.0]
   [Code Root Fixup: 0.0 ms]
   [Code Root Purge: 0.0 ms]
   [Clear CT: 0.6 ms]
   [Other: 5.3 ms]
      [Choose CSet: 0.0 ms]
      [Ref Proc: 4.1 ms]
      [Ref Enq: 0.3 ms]
      [Redirty Cards: 0.3 ms]
      [Humongous Register: 0.0 ms]
      [Humongous Reclaim: 0.0 ms]
      [Free CSet: 0.3 ms]
   [Eden: 7152.0M(7152.0M)->0.0B(7152.0M) Survivors: 16384.0K->16384.0K Heap: 10544.4M(14336.0M)->3392.3M(14336.0M)]
 [Times: user=0.06 sys=0.00, real=0.02 secs] 
2022-07-31T22:38:16.262-0700: 869267.766: [GC pause (G1 Evacuation Pause) (young), 0.0107780 secs]
   [Parallel Time: 5.8 ms, GC Workers: 8]
      [GC Worker Start (ms): Min: 869267766.5, Avg: 869267766.6, Max: 869267766.7, Diff: 0.1]
      [Ext Root Scanning (ms): Min: 1.2, Avg: 1.9, Max: 5.5, Diff: 4.3, Sum: 15.1]
      [Update RS (ms): Min: 0.0, Avg: 0.4, Max: 0.8, Diff: 0.8, Sum: 3.0]
         [Processed Buffers: Min: 0, Avg: 22.1, Max: 48, Diff: 48, Sum: 177]
      [Scan RS (ms): Min: 0.0, Avg: 0.1, Max: 0.2, Diff: 0.1, Sum: 0.6]
      [Code Root Scanning (ms): Min: 0.0, Avg: 0.0, Max: 0.0, Diff: 0.0, Sum: 0.0]
      [Object Copy (ms): Min: 0.0, Avg: 0.5, Max: 0.7, Diff: 0.7, Sum: 3.9]
      [Termination (ms): Min: 0.0, Avg: 2.6, Max: 3.0, Diff: 3.0, Sum: 20.7]
         [Termination Attempts: Min: 1, Avg: 1.0, Max: 1, Diff: 0, Sum: 8]
      [GC Worker Other (ms): Min: 0.0, Avg: 0.0, Max: 0.0, Diff: 0.0, Sum: 0.2]
      [GC Worker Total (ms): Min: 5.4, Avg: 5.4, Max: 5.5, Diff: 0.1, Sum: 43.5]
      [GC Worker End (ms): Min: 869267772.0, Avg: 869267772.0, Max: 869267772.0, Diff: 0.0]
   [Code Root Fixup: 0.0 ms]
   [Code Root Purge: 0.0 ms]
   [Clear CT: 0.6 ms]
   [Other: 4.3 ms]
      [Choose CSet: 0.0 ms]
      [Ref Proc: 3.6 ms]
      [Ref Enq: 0.1 ms]
      [Redirty Cards: 0.1 ms]
      [Humongous Register: 0.1 ms]
      [Humongous Reclaim: 0.0 ms]
      [Free CSet: 0.3 ms]
   [Eden: 7152.0M(7152.0M)->0.0B(7152.0M) Survivors: 16384.0K->16384.0K Heap: 10544.3M(14336.0M)->3392.4M(14336.0M)]
 [Times: user=0.05 sys=0.00, real=0.01 secs] 
2022-07-31T22:55:05.410-0700: 870276.915: [GC pause (G1 Evacuation Pause) (young) (initial-mark), 0.0149955 secs]
   [Parallel Time: 10.1 ms, GC Workers: 8]
      [GC Worker Start (ms): Min: 870276917.4, Avg: 870276917.5, Max: 870276917.6, Diff: 0.2]
      [Ext Root Scanning (ms): Min: 6.5, Avg: 6.7, Max: 7.1, Diff: 0.6, Sum: 54.0]
      [Update RS (ms): Min: 0.2, Avg: 0.3, Max: 0.5, Diff: 0.3, Sum: 2.2]
         [Processed Buffers: Min: 2, Avg: 20.8, Max: 61, Diff: 59, Sum: 166]
      [Scan RS (ms): Min: 0.0, Avg: 0.1, Max: 0.1, Diff: 0.1, Sum: 0.5]
      [Code Root Scanning (ms): Min: 0.0, Avg: 0.0, Max: 0.0, Diff: 0.0, Sum: 0.0]
      [Object Copy (ms): Min: 0.2, Avg: 0.5, Max: 0.8, Diff: 0.6, Sum: 4.1]
      [Termination (ms): Min: 0.0, Avg: 0.0, Max: 0.0, Diff: 0.0, Sum: 0.1]
         [Termination Attempts: Min: 1, Avg: 6.2, Max: 8, Diff: 7, Sum: 50]
      [GC Worker Other (ms): Min: 0.0, Avg: 0.0, Max: 0.1, Diff: 0.0, Sum: 0.2]
      [GC Worker Total (ms): Min: 7.6, Avg: 7.6, Max: 7.8, Diff: 0.2, Sum: 61.2]
      [GC Worker End (ms): Min: 870276925.2, Avg: 870276925.2, Max: 870276925.2, Diff: 0.0]
   [Code Root Fixup: 0.0 ms]
   [Code Root Purge: 0.0 ms]
   [Clear CT: 0.6 ms]
   [Other: 4.3 ms]
      [Choose CSet: 0.0 ms]
      [Ref Proc: 3.5 ms]
      [Ref Enq: 0.1 ms]
      [Redirty Cards: 0.1 ms]
      [Humongous Register: 0.0 ms]
      [Humongous Reclaim: 0.0 ms]
      [Free CSet: 0.3 ms]
   [Eden: 7152.0M(7152.0M)->0.0B(7152.0M) Survivors: 16384.0K->16384.0K Heap: 10544.4M(14336.0M)->3392.3M(14336.0M)]
 [Times: user=0.06 sys=0.00, real=0.02 secs] 
2022-07-31T22:55:05.426-0700: 870276.930: [GC concurrent-root-region-scan-start]
2022-07-31T22:55:05.431-0700: 870276.936: [GC concurrent-root-region-scan-end, 0.0052053 secs]
2022-07-31T22:55:05.431-0700: 870276.936: [GC concurrent-mark-start]
2022-07-31T22:55:07.929-0700: 870279.434: [GC concurrent-mark-end, 2.4979843 secs]
2022-07-31T22:55:07.929-0700: 870279.434: [GC remark 2022-07-31T22:55:07.929-0700: 870279.434: [Finalize Marking, 0.0002006 secs] 2022-07-31T22:55:07.929-0700: 870279.434: [GC ref-proc, 0.0099833 secs] 2022-07-31T22:55:07.939-0700: 870279.444: [Unloading, 0.0280869 secs], 0.0444063 secs]
 [Times: user=0.26 sys=0.00, real=0.04 secs] 
2022-07-31T22:55:07.974-0700: 870279.479: [GC cleanup 3432M->3432M(14336M), 0.0086860 secs]
 [Times: user=0.06 sys=0.00, real=0.01 secs] 
2022-07-31T23:11:50.715-0700: 871282.219: [GC pause (G1 Evacuation Pause) (young), 0.0106529 secs]
   [Parallel Time: 5.9 ms, GC Workers: 8]
      [GC Worker Start (ms): Min: 871282219.5, Avg: 871282219.5, Max: 871282219.6, Diff: 0.1]
      [Ext Root Scanning (ms): Min: 1.2, Avg: 1.9, Max: 5.6, Diff: 4.4, Sum: 15.0]
      [Update RS (ms): Min: 0.0, Avg: 0.4, Max: 0.7, Diff: 0.7, Sum: 2.9]
         [Processed Buffers: Min: 0, Avg: 20.1, Max: 67, Diff: 67, Sum: 161]
      [Scan RS (ms): Min: 0.0, Avg: 0.1, Max: 0.1, Diff: 0.1, Sum: 0.7]
      [Code Root Scanning (ms): Min: 0.0, Avg: 0.0, Max: 0.0, Diff: 0.0, Sum: 0.0]
      [Object Copy (ms): Min: 0.0, Avg: 0.6, Max: 0.8, Diff: 0.8, Sum: 4.6]
      [Termination (ms): Min: 0.0, Avg: 2.7, Max: 3.1, Diff: 3.1, Sum: 21.4]
         [Termination Attempts: Min: 1, Avg: 1.8, Max: 3, Diff: 2, Sum: 14]
      [GC Worker Other (ms): Min: 0.0, Avg: 0.0, Max: 0.1, Diff: 0.1, Sum: 0.3]
      [GC Worker Total (ms): Min: 5.6, Avg: 5.6, Max: 5.7, Diff: 0.1, Sum: 44.9]
      [GC Worker End (ms): Min: 871282225.1, Avg: 871282225.2, Max: 871282225.2, Diff: 0.1]
   [Code Root Fixup: 0.0 ms]
   [Code Root Purge: 0.0 ms]
   [Clear CT: 0.6 ms]
   [Other: 4.2 ms]
      [Choose CSet: 0.0 ms]
      [Ref Proc: 3.5 ms]
      [Ref Enq: 0.1 ms]
      [Redirty Cards: 0.1 ms]
      [Humongous Register: 0.0 ms]
      [Humongous Reclaim: 0.0 ms]
      [Free CSet: 0.3 ms]
   [Eden: 7152.0M(7152.0M)->0.0B(7152.0M) Survivors: 16384.0K->16384.0K Heap: 10544.3M(14336.0M)->3392.6M(14336.0M)]
 [Times: user=0.06 sys=0.00, real=0.01 secs] 
2022-07-31T23:28:38.162-0700: 872289.666: [GC pause (G1 Evacuation Pause) (young), 0.0120974 secs]
   [Parallel Time: 6.4 ms, GC Workers: 8]
      [GC Worker Start (ms): Min: 872289666.6, Avg: 872289666.7, Max: 872289666.8, Diff: 0.1]
      [Ext Root Scanning (ms): Min: 1.3, Avg: 2.0, Max: 6.0, Diff: 4.7, Sum: 16.1]
      [Update RS (ms): Min: 0.0, Avg: 0.4, Max: 0.7, Diff: 0.7, Sum: 3.0]
         [Processed Buffers: Min: 0, Avg: 21.8, Max: 64, Diff: 64, Sum: 174]
      [Scan RS (ms): Min: 0.0, Avg: 0.1, Max: 0.2, Diff: 0.2, Sum: 0.6]
      [Code Root Scanning (ms): Min: 0.0, Avg: 0.0, Max: 0.0, Diff: 0.0, Sum: 0.0]
      [Object Copy (ms): Min: 0.0, Avg: 0.5, Max: 0.8, Diff: 0.8, Sum: 3.9]
      [Termination (ms): Min: 0.0, Avg: 3.0, Max: 3.4, Diff: 3.4, Sum: 23.8]
         [Termination Attempts: Min: 1, Avg: 1.1, Max: 2, Diff: 1, Sum: 9]
      [GC Worker Other (ms): Min: 0.0, Avg: 0.0, Max: 0.1, Diff: 0.0, Sum: 0.2]
      [GC Worker Total (ms): Min: 5.9, Avg: 6.0, Max: 6.0, Diff: 0.1, Sum: 47.7]
      [GC Worker End (ms): Min: 872289672.6, Avg: 872289672.6, Max: 872289672.7, Diff: 0.0]
   [Code Root Fixup: 0.0 ms]
   [Code Root Purge: 0.0 ms]
   [Clear CT: 0.6 ms]
   [Other: 5.1 ms]
      [Choose CSet: 0.0 ms]
      [Ref Proc: 4.3 ms]
      [Ref Enq: 0.1 ms]
      [Redirty Cards: 0.1 ms]
      [Humongous Register: 0.1 ms]
      [Humongous Reclaim: 0.0 ms]
      [Free CSet: 0.3 ms]
   [Eden: 7152.0M(7152.0M)->0.0B(7152.0M) Survivors: 16384.0K->16384.0K Heap: 10544.6M(14336.0M)->3392.5M(14336.0M)]
 [Times: user=0.06 sys=0.00, real=0.01 secs] 
2022-07-31T23:45:24.862-0700: 873296.367: [GC pause (G1 Evacuation Pause) (young) (initial-mark), 0.0151806 secs]
   [Parallel Time: 9.8 ms, GC Workers: 8]
      [GC Worker Start (ms): Min: 873296368.9, Avg: 873296369.1, Max: 873296369.2, Diff: 0.2]
      [Ext Root Scanning (ms): Min: 6.2, Avg: 6.5, Max: 6.7, Diff: 0.6, Sum: 51.7]
      [Update RS (ms): Min: 0.2, Avg: 0.3, Max: 0.5, Diff: 0.3, Sum: 2.1]
         [Processed Buffers: Min: 1, Avg: 20.4, Max: 61, Diff: 60, Sum: 163]
      [Scan RS (ms): Min: 0.0, Avg: 0.1, Max: 0.1, Diff: 0.1, Sum: 0.5]
      [Code Root Scanning (ms): Min: 0.0, Avg: 0.0, Max: 0.0, Diff: 0.0, Sum: 0.0]
      [Object Copy (ms): Min: 0.2, Avg: 0.5, Max: 0.8, Diff: 0.5, Sum: 4.1]
      [Termination (ms): Min: 0.0, Avg: 0.0, Max: 0.0, Diff: 0.0, Sum: 0.0]
         [Termination Attempts: Min: 1, Avg: 2.2, Max: 3, Diff: 2, Sum: 18]
      [GC Worker Other (ms): Min: 0.0, Avg: 0.1, Max: 0.2, Diff: 0.2, Sum: 0.6]
      [GC Worker Total (ms): Min: 7.2, Avg: 7.4, Max: 7.5, Diff: 0.3, Sum: 59.0]
      [GC Worker End (ms): Min: 873296376.4, Avg: 873296376.5, Max: 873296376.6, Diff: 0.2]
   [Code Root Fixup: 0.0 ms]
   [Code Root Purge: 0.0 ms]
   [Clear CT: 0.6 ms]
   [Other: 4.8 ms]
      [Choose CSet: 0.0 ms]
      [Ref Proc: 4.0 ms]
      [Ref Enq: 0.1 ms]
      [Redirty Cards: 0.1 ms]
      [Humongous Register: 0.0 ms]
      [Humongous Reclaim: 0.0 ms]
      [Free CSet: 0.3 ms]
   [Eden: 7152.0M(7152.0M)->0.0B(7152.0M) Survivors: 16384.0K->16384.0K Heap: 10544.5M(14336.0M)->3392.4M(14336.0M)]
 [Times: user=0.06 sys=0.00, real=0.02 secs] 
2022-07-31T23:45:24.877-0700: 873296.382: [GC concurrent-root-region-scan-start]
2022-07-31T23:45:24.882-0700: 873296.387: [GC concurrent-root-region-scan-end, 0.0049517 secs]
2022-07-31T23:45:24.882-0700: 873296.387: [GC concurrent-mark-start]
2022-07-31T23:45:27.362-0700: 873298.867: [GC concurrent-mark-end, 2.4797232 secs]
2022-07-31T23:45:27.362-0700: 873298.867: [GC remark 2022-07-31T23:45:27.362-0700: 873298.867: [Finalize Marking, 0.0002493 secs] 2022-07-31T23:45:27.363-0700: 873298.867: [GC ref-proc, 0.0073562 secs] 2022-07-31T23:45:27.370-0700: 873298.875: [Unloading, 0.0279744 secs], 0.0410457 secs]
 [Times: user=0.26 sys=0.00, real=0.05 secs] 
2022-07-31T23:45:27.404-0700: 873298.909: [GC cleanup 3472M->3472M(14336M), 0.0083510 secs]
 [Times: user=0.06 sys=0.00, real=0.00 secs] 
2022-08-01T00:02:03.411-0700: 874294.916: [GC pause (G1 Evacuation Pause) (young), 0.0110853 secs]
   [Parallel Time: 6.1 ms, GC Workers: 8]
      [GC Worker Start (ms): Min: 874294915.9, Avg: 874294916.0, Max: 874294916.0, Diff: 0.2]
      [Ext Root Scanning (ms): Min: 1.2, Avg: 2.0, Max: 5.7, Diff: 4.5, Sum: 16.2]
      [Update RS (ms): Min: 0.0, Avg: 0.3, Max: 0.8, Diff: 0.8, Sum: 2.5]
         [Processed Buffers: Min: 0, Avg: 21.6, Max: 63, Diff: 63, Sum: 173]
      [Scan RS (ms): Min: 0.0, Avg: 0.1, Max: 0.1, Diff: 0.1, Sum: 0.6]
      [Code Root Scanning (ms): Min: 0.0, Avg: 0.0, Max: 0.0, Diff: 0.0, Sum: 0.0]
      [Object Copy (ms): Min: 0.0, Avg: 0.5, Max: 0.7, Diff: 0.7, Sum: 3.9]
      [Termination (ms): Min: 0.0, Avg: 2.8, Max: 3.2, Diff: 3.2, Sum: 22.3]
         [Termination Attempts: Min: 1, Avg: 1.0, Max: 1, Diff: 0, Sum: 8]
      [GC Worker Other (ms): Min: 0.0, Avg: 0.0, Max: 0.1, Diff: 0.0, Sum: 0.2]
      [GC Worker Total (ms): Min: 5.6, Avg: 5.7, Max: 5.8, Diff: 0.2, Sum: 45.7]
      [GC Worker End (ms): Min: 874294921.7, Avg: 874294921.7, Max: 874294921.7, Diff: 0.0]
   [Code Root Fixup: 0.0 ms]
   [Code Root Purge: 0.0 ms]
   [Clear CT: 0.7 ms]
   [Other: 4.3 ms]
      [Choose CSet: 0.0 ms]
      [Ref Proc: 3.7 ms]
      [Ref Enq: 0.1 ms]
      [Redirty Cards: 0.1 ms]
      [Humongous Register: 0.1 ms]
      [Humongous Reclaim: 0.0 ms]
      [Free CSet: 0.3 ms]
   [Eden: 7152.0M(7152.0M)->0.0B(7152.0M) Survivors: 16384.0K->16384.0K Heap: 10544.4M(14336.0M)->3392.3M(14336.0M)]
 [Times: user=0.05 sys=0.01, real=0.01 secs] 
2022-08-01T00:18:35.011-0700: 875286.516: [GC pause (G1 Evacuation Pause) (young), 0.0117275 secs]
   [Parallel Time: 6.4 ms, GC Workers: 8]
      [GC Worker Start (ms): Min: 875286516.1, Avg: 875286516.2, Max: 875286516.3, Diff: 0.2]
      [Ext Root Scanning (ms): Min: 1.1, Avg: 2.0, Max: 6.0, Diff: 4.9, Sum: 15.8]
      [Update RS (ms): Min: 0.0, Avg: 0.4, Max: 0.7, Diff: 0.7, Sum: 3.0]
         [Processed Buffers: Min: 0, Avg: 21.8, Max: 77, Diff: 77, Sum: 174]
      [Scan RS (ms): Min: 0.0, Avg: 0.1, Max: 0.2, Diff: 0.1, Sum: 0.7]
      [Code Root Scanning (ms): Min: 0.0, Avg: 0.0, Max: 0.0, Diff: 0.0, Sum: 0.0]
      [Object Copy (ms): Min: 0.0, Avg: 0.5, Max: 0.7, Diff: 0.7, Sum: 3.9]
      [Termination (ms): Min: 0.0, Avg: 3.1, Max: 3.5, Diff: 3.5, Sum: 24.5]
         [Termination Attempts: Min: 1, Avg: 1.2, Max: 2, Diff: 1, Sum: 10]
      [GC Worker Other (ms): Min: 0.0, Avg: 0.0, Max: 0.0, Diff: 0.0, Sum: 0.2]
      [GC Worker Total (ms): Min: 5.9, Avg: 6.0, Max: 6.1, Diff: 0.2, Sum: 48.0]
      [GC Worker End (ms): Min: 875286522.2, Avg: 875286522.2, Max: 875286522.3, Diff: 0.0]
   [Code Root Fixup: 0.0 ms]
   [Code Root Purge: 0.0 ms]
   [Clear CT: 0.6 ms]
   [Other: 4.7 ms]
      [Choose CSet: 0.0 ms]
      [Ref Proc: 4.0 ms]
      [Ref Enq: 0.1 ms]
      [Redirty Cards: 0.1 ms]
      [Humongous Register: 0.1 ms]
      [Humongous Reclaim: 0.0 ms]
      [Free CSet: 0.3 ms]
   [Eden: 7152.0M(7152.0M)->0.0B(7152.0M) Survivors: 16384.0K->16384.0K Heap: 10544.3M(14336.0M)->3392.4M(14336.0M)]
 [Times: user=0.06 sys=0.00, real=0.02 secs] 
2022-08-01T00:35:07.815-0700: 876279.320: [GC pause (G1 Evacuation Pause) (young) (initial-mark), 0.0143654 secs]
   [Parallel Time: 9.2 ms, GC Workers: 8]
      [GC Worker Start (ms): Min: 876279321.3, Avg: 876279321.4, Max: 876279321.5, Diff: 0.2]
      [Ext Root Scanning (ms): Min: 6.1, Avg: 6.4, Max: 6.6, Diff: 0.5, Sum: 50.9]
      [Update RS (ms): Min: 0.2, Avg: 0.3, Max: 0.5, Diff: 0.3, Sum: 2.1]
         [Processed Buffers: Min: 1, Avg: 21.2, Max: 73, Diff: 72, Sum: 170]
      [Scan RS (ms): Min: 0.0, Avg: 0.1, Max: 0.1, Diff: 0.1, Sum: 0.5]
      [Code Root Scanning (ms): Min: 0.0, Avg: 0.0, Max: 0.0, Diff: 0.0, Sum: 0.0]
      [Object Copy (ms): Min: 0.2, Avg: 0.5, Max: 0.7, Diff: 0.5, Sum: 3.8]
      [Termination (ms): Min: 0.0, Avg: 0.0, Max: 0.0, Diff: 0.0, Sum: 0.2]
         [Termination Attempts: Min: 1, Avg: 1.0, Max: 1, Diff: 0, Sum: 8]
      [GC Worker Other (ms): Min: 0.0, Avg: 0.0, Max: 0.1, Diff: 0.1, Sum: 0.4]
      [GC Worker Total (ms): Min: 7.1, Avg: 7.2, Max: 7.3, Diff: 0.2, Sum: 57.9]
      [GC Worker End (ms): Min: 876279328.6, Avg: 876279328.7, Max: 876279328.7, Diff: 0.1]
   [Code Root Fixup: 0.0 ms]
   [Code Root Purge: 0.0 ms]
   [Clear CT: 0.6 ms]
   [Other: 4.5 ms]
      [Choose CSet: 0.0 ms]
      [Ref Proc: 3.8 ms]
      [Ref Enq: 0.1 ms]
      [Redirty Cards: 0.1 ms]
      [Humongous Register: 0.0 ms]
      [Humongous Reclaim: 0.0 ms]
      [Free CSet: 0.3 ms]
   [Eden: 7152.0M(7152.0M)->0.0B(7152.0M) Survivors: 16384.0K->16384.0K Heap: 10544.4M(14336.0M)->3392.5M(14336.0M)]
 [Times: user=0.06 sys=0.00, real=0.01 secs] 
2022-08-01T00:35:07.829-0700: 876279.334: [GC concurrent-root-region-scan-start]
2022-08-01T00:35:07.834-0700: 876279.339: [GC concurrent-root-region-scan-end, 0.0049587 secs]
2022-08-01T00:35:07.834-0700: 876279.339: [GC concurrent-mark-start]
2022-08-01T00:35:10.314-0700: 876281.818: [GC concurrent-mark-end, 2.4793383 secs]
2022-08-01T00:35:10.314-0700: 876281.819: [GC remark 2022-08-01T00:35:10.314-0700: 876281.819: [Finalize Marking, 0.0003101 secs] 2022-08-01T00:35:10.314-0700: 876281.819: [GC ref-proc, 0.0108138 secs] 2022-08-01T00:35:10.325-0700: 876281.830: [Unloading, 0.0276097 secs], 0.0441627 secs]
 [Times: user=0.26 sys=0.00, real=0.05 secs] 
2022-08-01T00:35:10.358-0700: 876281.863: [GC cleanup 3464M->3464M(14336M), 0.0081040 secs]
 [Times: user=0.06 sys=0.00, real=0.01 secs] 
2022-08-01T00:51:55.162-0700: 877286.666: [GC pause (G1 Evacuation Pause) (young), 0.0114233 secs]
   [Parallel Time: 5.5 ms, GC Workers: 8]
      [GC Worker Start (ms): Min: 877286666.6, Avg: 877286666.7, Max: 877286666.7, Diff: 0.2]
      [Ext Root Scanning (ms): Min: 1.2, Avg: 1.9, Max: 5.3, Diff: 4.1, Sum: 15.1]
      [Update RS (ms): Min: 0.0, Avg: 0.3, Max: 0.6, Diff: 0.6, Sum: 2.6]
         [Processed Buffers: Min: 0, Avg: 20.8, Max: 55, Diff: 55, Sum: 166]
      [Scan RS (ms): Min: 0.0, Avg: 0.1, Max: 0.2, Diff: 0.1, Sum: 0.6]
      [Code Root Scanning (ms): Min: 0.0, Avg: 0.0, Max: 0.0, Diff: 0.0, Sum: 0.0]
      [Object Copy (ms): Min: 0.0, Avg: 0.4, Max: 0.6, Diff: 0.6, Sum: 3.6]
      [Termination (ms): Min: 0.0, Avg: 2.5, Max: 2.9, Diff: 2.9, Sum: 20.0]
         [Termination Attempts: Min: 1, Avg: 5.2, Max: 9, Diff: 8, Sum: 42]
      [GC Worker Other (ms): Min: 0.0, Avg: 0.0, Max: 0.1, Diff: 0.1, Sum: 0.3]
      [GC Worker Total (ms): Min: 5.2, Avg: 5.3, Max: 5.4, Diff: 0.2, Sum: 42.2]
      [GC Worker End (ms): Min: 877286671.9, Avg: 877286671.9, Max: 877286672.0, Diff: 0.1]
   [Code Root Fixup: 0.0 ms]
   [Code Root Purge: 0.0 ms]
   [Clear CT: 0.6 ms]
   [Other: 5.3 ms]
      [Choose CSet: 0.0 ms]
      [Ref Proc: 4.6 ms]
      [Ref Enq: 0.1 ms]
      [Redirty Cards: 0.1 ms]
      [Humongous Register: 0.1 ms]
      [Humongous Reclaim: 0.0 ms]
      [Free CSet: 0.3 ms]
   [Eden: 7152.0M(7152.0M)->0.0B(7152.0M) Survivors: 16384.0K->16384.0K Heap: 10544.5M(14336.0M)->3392.3M(14336.0M)]
 [Times: user=0.06 sys=0.00, real=0.01 secs] 
2022-08-01T01:08:23.762-0700: 878275.266: [GC pause (G1 Evacuation Pause) (young), 0.0114816 secs]
   [Parallel Time: 5.6 ms, GC Workers: 8]
      [GC Worker Start (ms): Min: 878275266.5, Avg: 878275266.6, Max: 878275266.7, Diff: 0.2]
      [Ext Root Scanning (ms): Min: 1.2, Avg: 1.9, Max: 5.4, Diff: 4.2, Sum: 14.8]
      [Update RS (ms): Min: 0.0, Avg: 0.3, Max: 0.7, Diff: 0.7, Sum: 2.8]
         [Processed Buffers: Min: 0, Avg: 21.6, Max: 54, Diff: 54, Sum: 173]
      [Scan RS (ms): Min: 0.0, Avg: 0.1, Max: 0.1, Diff: 0.1, Sum: 0.6]
      [Code Root Scanning (ms): Min: 0.0, Avg: 0.0, Max: 0.0, Diff: 0.0, Sum: 0.0]
      [Object Copy (ms): Min: 0.0, Avg: 0.5, Max: 0.7, Diff: 0.7, Sum: 3.8]
      [Termination (ms): Min: 0.0, Avg: 2.6, Max: 2.9, Diff: 2.9, Sum: 20.4]
         [Termination Attempts: Min: 1, Avg: 1.8, Max: 3, Diff: 2, Sum: 14]
      [GC Worker Other (ms): Min: 0.0, Avg: 0.0, Max: 0.0, Diff: 0.0, Sum: 0.1]
      [GC Worker Total (ms): Min: 5.2, Avg: 5.3, Max: 5.4, Diff: 0.2, Sum: 42.6]
      [GC Worker End (ms): Min: 878275271.9, Avg: 878275271.9, Max: 878275271.9, Diff: 0.0]
   [Code Root Fixup: 0.0 ms]
   [Code Root Purge: 0.0 ms]
   [Clear CT: 0.8 ms]
   [Other: 5.0 ms]
      [Choose CSet: 0.0 ms]
      [Ref Proc: 3.9 ms]
      [Ref Enq: 0.3 ms]
      [Redirty Cards: 0.3 ms]
      [Humongous Register: 0.0 ms]
      [Humongous Reclaim: 0.0 ms]
      [Free CSet: 0.3 ms]
   [Eden: 7152.0M(7152.0M)->0.0B(7152.0M) Survivors: 16384.0K->16384.0K Heap: 10544.3M(14336.0M)->3392.4M(14336.0M)]
 [Times: user=0.06 sys=0.00, real=0.01 secs] 
2022-08-01T01:25:10.412-0700: 879281.917: [GC pause (G1 Evacuation Pause) (young) (initial-mark), 0.0145524 secs]
   [Parallel Time: 9.1 ms, GC Workers: 8]
      [GC Worker Start (ms): Min: 879281918.7, Avg: 879281918.8, Max: 879281918.9, Diff: 0.1]
      [Ext Root Scanning (ms): Min: 6.1, Avg: 6.2, Max: 6.5, Diff: 0.4, Sum: 49.6]
      [Update RS (ms): Min: 0.2, Avg: 0.3, Max: 0.5, Diff: 0.3, Sum: 2.3]
         [Processed Buffers: Min: 1, Avg: 21.1, Max: 67, Diff: 66, Sum: 169]
      [Scan RS (ms): Min: 0.0, Avg: 0.1, Max: 0.1, Diff: 0.1, Sum: 0.5]
      [Code Root Scanning (ms): Min: 0.0, Avg: 0.0, Max: 0.0, Diff: 0.0, Sum: 0.0]
      [Object Copy (ms): Min: 0.1, Avg: 0.5, Max: 0.8, Diff: 0.7, Sum: 4.1]
      [Termination (ms): Min: 0.0, Avg: 0.1, Max: 0.1, Diff: 0.1, Sum: 0.5]
         [Termination Attempts: Min: 1, Avg: 4.6, Max: 7, Diff: 6, Sum: 37]
      [GC Worker Other (ms): Min: 0.0, Avg: 0.0, Max: 0.1, Diff: 0.1, Sum: 0.3]
      [GC Worker Total (ms): Min: 7.1, Avg: 7.2, Max: 7.3, Diff: 0.2, Sum: 57.4]
      [GC Worker End (ms): Min: 879281925.9, Avg: 879281925.9, Max: 879281926.0, Diff: 0.1]
   [Code Root Fixup: 0.0 ms]
   [Code Root Purge: 0.0 ms]
   [Clear CT: 0.6 ms]
   [Other: 4.8 ms]
      [Choose CSet: 0.0 ms]
      [Ref Proc: 4.1 ms]
      [Ref Enq: 0.1 ms]
      [Redirty Cards: 0.1 ms]
      [Humongous Register: 0.0 ms]
      [Humongous Reclaim: 0.0 ms]
      [Free CSet: 0.3 ms]
   [Eden: 7152.0M(7152.0M)->0.0B(7152.0M) Survivors: 16384.0K->16384.0K Heap: 10544.4M(14336.0M)->3392.6M(14336.0M)]
 [Times: user=0.06 sys=0.00, real=0.02 secs] 
2022-08-01T01:25:10.427-0700: 879281.932: [GC concurrent-root-region-scan-start]
2022-08-01T01:25:10.432-0700: 879281.936: [GC concurrent-root-region-scan-end, 0.0048910 secs]
2022-08-01T01:25:10.432-0700: 879281.936: [GC concurrent-mark-start]
2022-08-01T01:25:12.951-0700: 879284.456: [GC concurrent-mark-end, 2.5197489 secs]
2022-08-01T01:25:12.952-0700: 879284.457: [GC remark 2022-08-01T01:25:12.952-0700: 879284.457: [Finalize Marking, 0.0004459 secs] 2022-08-01T01:25:12.952-0700: 879284.457: [GC ref-proc, 0.0117829 secs] 2022-08-01T01:25:12.964-0700: 879284.469: [Unloading, 0.0280293 secs], 0.0459867 secs]
 [Times: user=0.26 sys=0.00, real=0.05 secs] 
2022-08-01T01:25:12.998-0700: 879284.503: [GC cleanup 3456M->3456M(14336M), 0.0079413 secs]
 [Times: user=0.06 sys=0.00, real=0.01 secs] 
2022-08-01T01:41:41.562-0700: 880273.067: [GC pause (G1 Evacuation Pause) (young), 0.0108696 secs]
   [Parallel Time: 6.0 ms, GC Workers: 8]
      [GC Worker Start (ms): Min: 880273067.1, Avg: 880273067.2, Max: 880273067.2, Diff: 0.1]
      [Ext Root Scanning (ms): Min: 1.1, Avg: 1.9, Max: 5.7, Diff: 4.6, Sum: 14.8]
      [Update RS (ms): Min: 0.0, Avg: 0.3, Max: 0.8, Diff: 0.8, Sum: 2.6]
         [Processed Buffers: Min: 0, Avg: 21.2, Max: 55, Diff: 55, Sum: 170]
      [Scan RS (ms): Min: 0.0, Avg: 0.1, Max: 0.2, Diff: 0.1, Sum: 0.6]
      [Code Root Scanning (ms): Min: 0.0, Avg: 0.0, Max: 0.0, Diff: 0.0, Sum: 0.0]
      [Object Copy (ms): Min: 0.0, Avg: 0.5, Max: 1.4, Diff: 1.4, Sum: 4.3]
      [Termination (ms): Min: 0.0, Avg: 2.9, Max: 3.3, Diff: 3.3, Sum: 22.9]
         [Termination Attempts: Min: 1, Avg: 3.5, Max: 7, Diff: 6, Sum: 28]
      [GC Worker Other (ms): Min: 0.0, Avg: 0.0, Max: 0.0, Diff: 0.0, Sum: 0.1]
      [GC Worker Total (ms): Min: 5.6, Avg: 5.7, Max: 5.8, Diff: 0.1, Sum: 45.4]
      [GC Worker End (ms): Min: 880273072.8, Avg: 880273072.8, Max: 880273072.9, Diff: 0.0]
   [Code Root Fixup: 0.0 ms]
   [Code Root Purge: 0.0 ms]
   [Clear CT: 0.6 ms]
   [Other: 4.3 ms]
      [Choose CSet: 0.0 ms]
      [Ref Proc: 3.6 ms]
      [Ref Enq: 0.1 ms]
      [Redirty Cards: 0.1 ms]
      [Humongous Register: 0.1 ms]
      [Humongous Reclaim: 0.0 ms]
      [Free CSet: 0.3 ms]
   [Eden: 7152.0M(7152.0M)->0.0B(7152.0M) Survivors: 16384.0K->16384.0K Heap: 10544.6M(14336.0M)->3392.4M(14336.0M)]
 [Times: user=0.06 sys=0.00, real=0.01 secs] 
2022-08-01T01:58:17.828-0700: 881269.333: [GC pause (G1 Evacuation Pause) (young), 0.0117293 secs]
   [Parallel Time: 5.6 ms, GC Workers: 8]
      [GC Worker Start (ms): Min: 881269332.9, Avg: 881269333.0, Max: 881269333.1, Diff: 0.2]
      [Ext Root Scanning (ms): Min: 1.2, Avg: 1.9, Max: 5.5, Diff: 4.3, Sum: 15.5]
      [Update RS (ms): Min: 0.0, Avg: 0.4, Max: 0.7, Diff: 0.7, Sum: 2.9]
         [Processed Buffers: Min: 0, Avg: 21.0, Max: 68, Diff: 68, Sum: 168]
      [Scan RS (ms): Min: 0.0, Avg: 0.1, Max: 0.2, Diff: 0.1, Sum: 0.6]
      [Code Root Scanning (ms): Min: 0.0, Avg: 0.0, Max: 0.0, Diff: 0.0, Sum: 0.0]
      [Object Copy (ms): Min: 0.0, Avg: 0.5, Max: 0.7, Diff: 0.7, Sum: 4.0]
      [Termination (ms): Min: 0.0, Avg: 2.5, Max: 2.9, Diff: 2.9, Sum: 20.4]
         [Termination Attempts: Min: 1, Avg: 3.1, Max: 4, Diff: 3, Sum: 25]
      [GC Worker Other (ms): Min: 0.0, Avg: 0.0, Max: 0.0, Diff: 0.0, Sum: 0.2]
      [GC Worker Total (ms): Min: 5.3, Avg: 5.5, Max: 5.5, Diff: 0.2, Sum: 43.7]
      [GC Worker End (ms): Min: 881269338.5, Avg: 881269338.5, Max: 881269338.5, Diff: 0.0]
   [Code Root Fixup: 0.0 ms]
   [Code Root Purge: 0.0 ms]
   [Clear CT: 0.7 ms]
   [Other: 5.4 ms]
      [Choose CSet: 0.0 ms]
      [Ref Proc: 4.6 ms]
      [Ref Enq: 0.2 ms]
      [Redirty Cards: 0.1 ms]
      [Humongous Register: 0.1 ms]
      [Humongous Reclaim: 0.0 ms]
      [Free CSet: 0.3 ms]
   [Eden: 7152.0M(7152.0M)->0.0B(7152.0M) Survivors: 16384.0K->16384.0K Heap: 10544.4M(14336.0M)->3392.4M(14336.0M)]
 [Times: user=0.06 sys=0.00, real=0.01 secs] 
2022-08-01T02:15:06.378-0700: 882277.883: [GC pause (G1 Evacuation Pause) (young) (initial-mark), 0.0150401 secs]
   [Parallel Time: 10.1 ms, GC Workers: 8]
      [GC Worker Start (ms): Min: 882277884.8, Avg: 882277884.9, Max: 882277885.0, Diff: 0.2]
      [Ext Root Scanning (ms): Min: 6.7, Avg: 6.9, Max: 7.2, Diff: 0.4, Sum: 55.0]
      [Update RS (ms): Min: 0.1, Avg: 0.3, Max: 0.5, Diff: 0.3, Sum: 2.2]
         [Processed Buffers: Min: 1, Avg: 20.4, Max: 57, Diff: 56, Sum: 163]
      [Scan RS (ms): Min: 0.0, Avg: 0.1, Max: 0.1, Diff: 0.1, Sum: 0.5]
      [Code Root Scanning (ms): Min: 0.0, Avg: 0.0, Max: 0.0, Diff: 0.0, Sum: 0.0]
      [Object Copy (ms): Min: 0.2, Avg: 0.5, Max: 0.7, Diff: 0.6, Sum: 3.8]
      [Termination (ms): Min: 0.0, Avg: 0.0, Max: 0.0, Diff: 0.0, Sum: 0.2]
         [Termination Attempts: Min: 1, Avg: 2.1, Max: 6, Diff: 5, Sum: 17]
      [GC Worker Other (ms): Min: 0.0, Avg: 0.1, Max: 0.1, Diff: 0.1, Sum: 0.4]
      [GC Worker Total (ms): Min: 7.7, Avg: 7.8, Max: 7.9, Diff: 0.2, Sum: 62.1]
      [GC Worker End (ms): Min: 882277892.6, Avg: 882277892.7, Max: 882277892.7, Diff: 0.1]
   [Code Root Fixup: 0.0 ms]
   [Code Root Purge: 0.0 ms]
   [Clear CT: 0.7 ms]
   [Other: 4.3 ms]
      [Choose CSet: 0.0 ms]
      [Ref Proc: 3.5 ms]
      [Ref Enq: 0.1 ms]
      [Redirty Cards: 0.1 ms]
      [Humongous Register: 0.0 ms]
      [Humongous Reclaim: 0.0 ms]
      [Free CSet: 0.3 ms]
   [Eden: 7152.0M(7152.0M)->0.0B(7152.0M) Survivors: 16384.0K->16384.0K Heap: 10544.4M(14336.0M)->3392.5M(14336.0M)]
 [Times: user=0.07 sys=0.00, real=0.01 secs] 
2022-08-01T02:15:06.393-0700: 882277.898: [GC concurrent-root-region-scan-start]
2022-08-01T02:15:06.398-0700: 882277.903: [GC concurrent-root-region-scan-end, 0.0050434 secs]
2022-08-01T02:15:06.398-0700: 882277.903: [GC concurrent-mark-start]
2022-08-01T02:15:08.875-0700: 882280.380: [GC concurrent-mark-end, 2.4772957 secs]
2022-08-01T02:15:08.876-0700: 882280.380: [GC remark 2022-08-01T02:15:08.876-0700: 882280.381: [Finalize Marking, 0.0002984 secs] 2022-08-01T02:15:08.876-0700: 882280.381: [GC ref-proc, 0.0113853 secs] 2022-08-01T02:15:08.887-0700: 882280.392: [Unloading, 0.0276134 secs], 0.0448037 secs]
 [Times: user=0.26 sys=0.00, real=0.04 secs] 
2022-08-01T02:15:08.922-0700: 882280.427: [GC cleanup 3432M->3432M(14336M), 0.0085997 secs]
 [Times: user=0.07 sys=0.00, real=0.01 secs] 
2022-08-01T02:31:45.812-0700: 883277.317: [GC pause (G1 Evacuation Pause) (young), 0.0117955 secs]
   [Parallel Time: 6.2 ms, GC Workers: 8]
      [GC Worker Start (ms): Min: 883277317.1, Avg: 883277317.2, Max: 883277317.2, Diff: 0.2]
      [Ext Root Scanning (ms): Min: 1.3, Avg: 2.1, Max: 5.9, Diff: 4.6, Sum: 16.7]
      [Update RS (ms): Min: 0.0, Avg: 0.4, Max: 0.7, Diff: 0.7, Sum: 3.0]
         [Processed Buffers: Min: 0, Avg: 19.8, Max: 50, Diff: 50, Sum: 158]
      [Scan RS (ms): Min: 0.0, Avg: 0.1, Max: 0.2, Diff: 0.1, Sum: 0.7]
      [Code Root Scanning (ms): Min: 0.0, Avg: 0.0, Max: 0.0, Diff: 0.0, Sum: 0.0]
      [Object Copy (ms): Min: 0.0, Avg: 0.5, Max: 0.8, Diff: 0.8, Sum: 3.9]
      [Termination (ms): Min: 0.0, Avg: 2.9, Max: 3.3, Diff: 3.3, Sum: 22.9]
         [Termination Attempts: Min: 1, Avg: 5.8, Max: 10, Diff: 9, Sum: 46]
      [GC Worker Other (ms): Min: 0.0, Avg: 0.0, Max: 0.1, Diff: 0.0, Sum: 0.2]
      [GC Worker Total (ms): Min: 5.8, Avg: 5.9, Max: 6.0, Diff: 0.2, Sum: 47.4]
      [GC Worker End (ms): Min: 883277323.1, Avg: 883277323.1, Max: 883277323.1, Diff: 0.0]
   [Code Root Fixup: 0.0 ms]
   [Code Root Purge: 0.0 ms]
   [Clear CT: 0.6 ms]
   [Other: 4.9 ms]
      [Choose CSet: 0.0 ms]
      [Ref Proc: 4.2 ms]
      [Ref Enq: 0.1 ms]
      [Redirty Cards: 0.1 ms]
      [Humongous Register: 0.1 ms]
      [Humongous Reclaim: 0.0 ms]
      [Free CSet: 0.3 ms]
   [Eden: 7152.0M(7152.0M)->0.0B(7152.0M) Survivors: 16384.0K->16384.0K Heap: 10544.5M(14336.0M)->3392.4M(14336.0M)]
 [Times: user=0.06 sys=0.01, real=0.02 secs] 
2022-08-01T02:48:25.337-0700: 884276.841: [GC pause (G1 Evacuation Pause) (young), 0.0116327 secs]
   [Parallel Time: 6.1 ms, GC Workers: 8]
      [GC Worker Start (ms): Min: 884276841.6, Avg: 884276841.7, Max: 884276841.7, Diff: 0.2]
      [Ext Root Scanning (ms): Min: 1.1, Avg: 1.9, Max: 5.9, Diff: 4.8, Sum: 15.3]
      [Update RS (ms): Min: 0.0, Avg: 0.4, Max: 0.7, Diff: 0.7, Sum: 3.0]
         [Processed Buffers: Min: 0, Avg: 21.1, Max: 55, Diff: 55, Sum: 169]
      [Scan RS (ms): Min: 0.0, Avg: 0.1, Max: 0.1, Diff: 0.1, Sum: 0.6]
      [Code Root Scanning (ms): Min: 0.0, Avg: 0.0, Max: 0.0, Diff: 0.0, Sum: 0.0]
      [Object Copy (ms): Min: 0.0, Avg: 0.5, Max: 0.7, Diff: 0.7, Sum: 4.0]
      [Termination (ms): Min: 0.0, Avg: 3.0, Max: 3.5, Diff: 3.5, Sum: 24.1]
         [Termination Attempts: Min: 1, Avg: 5.9, Max: 11, Diff: 10, Sum: 47]
      [GC Worker Other (ms): Min: 0.0, Avg: 0.0, Max: 0.0, Diff: 0.0, Sum: 0.2]
      [GC Worker Total (ms): Min: 5.8, Avg: 5.9, Max: 6.0, Diff: 0.1, Sum: 47.3]
      [GC Worker End (ms): Min: 884276847.6, Avg: 884276847.6, Max: 884276847.6, Diff: 0.0]
   [Code Root Fixup: 0.0 ms]
   [Code Root Purge: 0.0 ms]
   [Clear CT: 0.6 ms]
   [Other: 4.9 ms]
      [Choose CSet: 0.0 ms]
      [Ref Proc: 4.2 ms]
      [Ref Enq: 0.1 ms]
      [Redirty Cards: 0.1 ms]
      [Humongous Register: 0.1 ms]
      [Humongous Reclaim: 0.0 ms]
      [Free CSet: 0.3 ms]
   [Eden: 7152.0M(7152.0M)->0.0B(7152.0M) Survivors: 16384.0K->16384.0K Heap: 10544.4M(14336.0M)->3392.5M(14336.0M)]
 [Times: user=0.06 sys=0.00, real=0.01 secs] 
2022-08-01T03:05:09.662-0700: 885281.167: [GC pause (G1 Evacuation Pause) (young) (initial-mark), 0.0153188 secs]
   [Parallel Time: 10.3 ms, GC Workers: 8]
      [GC Worker Start (ms): Min: 885281169.4, Avg: 885281169.5, Max: 885281169.6, Diff: 0.2]
      [Ext Root Scanning (ms): Min: 6.2, Avg: 6.5, Max: 6.9, Diff: 0.6, Sum: 52.3]
      [Update RS (ms): Min: 0.2, Avg: 0.3, Max: 0.5, Diff: 0.3, Sum: 2.3]
         [Processed Buffers: Min: 1, Avg: 20.5, Max: 53, Diff: 52, Sum: 164]
      [Scan RS (ms): Min: 0.0, Avg: 0.1, Max: 0.1, Diff: 0.1, Sum: 0.5]
      [Code Root Scanning (ms): Min: 0.0, Avg: 0.0, Max: 0.0, Diff: 0.0, Sum: 0.0]
      [Object Copy (ms): Min: 0.3, Avg: 0.5, Max: 0.7, Diff: 0.5, Sum: 4.1]
      [Termination (ms): Min: 0.0, Avg: 0.1, Max: 0.1, Diff: 0.1, Sum: 0.4]
         [Termination Attempts: Min: 1, Avg: 1.5, Max: 3, Diff: 2, Sum: 12]
      [GC Worker Other (ms): Min: 0.0, Avg: 0.0, Max: 0.1, Diff: 0.0, Sum: 0.2]
      [GC Worker Total (ms): Min: 7.4, Avg: 7.5, Max: 7.6, Diff: 0.1, Sum: 59.9]
      [GC Worker End (ms): Min: 885281177.0, Avg: 885281177.0, Max: 885281177.0, Diff: 0.1]
   [Code Root Fixup: 0.0 ms]
   [Code Root Purge: 0.0 ms]
   [Clear CT: 0.7 ms]
   [Other: 4.3 ms]
      [Choose CSet: 0.0 ms]
      [Ref Proc: 3.6 ms]
      [Ref Enq: 0.1 ms]
      [Redirty Cards: 0.1 ms]
      [Humongous Register: 0.0 ms]
      [Humongous Reclaim: 0.0 ms]
      [Free CSet: 0.3 ms]
   [Eden: 7152.0M(7152.0M)->0.0B(7152.0M) Survivors: 16384.0K->16384.0K Heap: 10544.5M(14336.0M)->3392.5M(14336.0M)]
 [Times: user=0.06 sys=0.00, real=0.02 secs] 
2022-08-01T03:05:09.678-0700: 885281.182: [GC concurrent-root-region-scan-start]
2022-08-01T03:05:09.682-0700: 885281.187: [GC concurrent-root-region-scan-end, 0.0045139 secs]
2022-08-01T03:05:09.682-0700: 885281.187: [GC concurrent-mark-start]
2022-08-01T03:05:12.162-0700: 885283.666: [GC concurrent-mark-end, 2.4793668 secs]
2022-08-01T03:05:12.162-0700: 885283.667: [GC remark 2022-08-01T03:05:12.162-0700: 885283.667: [Finalize Marking, 0.0002967 secs] 2022-08-01T03:05:12.162-0700: 885283.667: [GC ref-proc, 0.0097882 secs] 2022-08-01T03:05:12.172-0700: 885283.677: [Unloading, 0.0283148 secs], 0.0438696 secs]
 [Times: user=0.25 sys=0.00, real=0.05 secs] 
2022-08-01T03:05:12.206-0700: 885283.711: [GC cleanup 3456M->3456M(14336M), 0.0085590 secs]
 [Times: user=0.06 sys=0.00, real=0.01 secs] 
2022-08-01T03:21:46.012-0700: 886277.517: [GC pause (G1 Evacuation Pause) (young), 0.0113645 secs]
   [Parallel Time: 5.4 ms, GC Workers: 8]
      [GC Worker Start (ms): Min: 886277517.1, Avg: 886277517.2, Max: 886277517.3, Diff: 0.1]
      [Ext Root Scanning (ms): Min: 1.3, Avg: 1.9, Max: 5.3, Diff: 4.0, Sum: 15.5]
      [Update RS (ms): Min: 0.0, Avg: 0.3, Max: 0.7, Diff: 0.7, Sum: 2.8]
         [Processed Buffers: Min: 0, Avg: 21.4, Max: 70, Diff: 70, Sum: 171]
      [Scan RS (ms): Min: 0.0, Avg: 0.1, Max: 0.2, Diff: 0.2, Sum: 0.7]
      [Code Root Scanning (ms): Min: 0.0, Avg: 0.0, Max: 0.0, Diff: 0.0, Sum: 0.0]
      [Object Copy (ms): Min: 0.0, Avg: 0.5, Max: 0.6, Diff: 0.6, Sum: 3.7]
      [Termination (ms): Min: 0.0, Avg: 2.4, Max: 2.8, Diff: 2.8, Sum: 19.4]
         [Termination Attempts: Min: 1, Avg: 7.0, Max: 10, Diff: 9, Sum: 56]
      [GC Worker Other (ms): Min: 0.0, Avg: 0.0, Max: 0.0, Diff: 0.0, Sum: 0.2]
      [GC Worker Total (ms): Min: 5.2, Avg: 5.3, Max: 5.4, Diff: 0.1, Sum: 42.4]
      [GC Worker End (ms): Min: 886277522.4, Avg: 886277522.5, Max: 886277522.5, Diff: 0.1]
   [Code Root Fixup: 0.0 ms]
   [Code Root Purge: 0.0 ms]
   [Clear CT: 0.6 ms]
   [Other: 5.3 ms]
      [Choose CSet: 0.0 ms]
      [Ref Proc: 4.5 ms]
      [Ref Enq: 0.2 ms]
      [Redirty Cards: 0.1 ms]
      [Humongous Register: 0.1 ms]
      [Humongous Reclaim: 0.0 ms]
      [Free CSet: 0.3 ms]
   [Eden: 7152.0M(7152.0M)->0.0B(7152.0M) Survivors: 16384.0K->16384.0K Heap: 10544.5M(14336.0M)->3392.4M(14336.0M)]
 [Times: user=0.06 sys=0.00, real=0.02 secs] 
2022-08-01T03:38:30.762-0700: 887282.267: [GC pause (G1 Evacuation Pause) (young), 0.0108643 secs]
   [Parallel Time: 6.0 ms, GC Workers: 8]
      [GC Worker Start (ms): Min: 887282266.9, Avg: 887282267.0, Max: 887282267.1, Diff: 0.2]
      [Ext Root Scanning (ms): Min: 1.2, Avg: 1.9, Max: 5.6, Diff: 4.4, Sum: 15.0]
      [Update RS (ms): Min: 0.0, Avg: 0.3, Max: 0.7, Diff: 0.7, Sum: 2.8]
         [Processed Buffers: Min: 0, Avg: 21.6, Max: 63, Diff: 63, Sum: 173]
      [Scan RS (ms): Min: 0.0, Avg: 0.1, Max: 0.2, Diff: 0.1, Sum: 0.6]
      [Code Root Scanning (ms): Min: 0.0, Avg: 0.0, Max: 0.0, Diff: 0.0, Sum: 0.0]
      [Object Copy (ms): Min: 0.0, Avg: 0.5, Max: 0.7, Diff: 0.7, Sum: 4.0]
      [Termination (ms): Min: 0.0, Avg: 2.7, Max: 3.1, Diff: 3.1, Sum: 21.6]
         [Termination Attempts: Min: 1, Avg: 5.0, Max: 6, Diff: 5, Sum: 40]
      [GC Worker Other (ms): Min: 0.0, Avg: 0.0, Max: 0.0, Diff: 0.0, Sum: 0.1]
      [GC Worker Total (ms): Min: 5.4, Avg: 5.5, Max: 5.6, Diff: 0.2, Sum: 44.3]
      [GC Worker End (ms): Min: 887282272.5, Avg: 887282272.5, Max: 887282272.5, Diff: 0.0]
   [Code Root Fixup: 0.0 ms]
   [Code Root Purge: 0.0 ms]
   [Clear CT: 0.5 ms]
   [Other: 4.3 ms]
      [Choose CSet: 0.0 ms]
      [Ref Proc: 3.6 ms]
      [Ref Enq: 0.1 ms]
      [Redirty Cards: 0.1 ms]
      [Humongous Register: 0.1 ms]
      [Humongous Reclaim: 0.0 ms]
      [Free CSet: 0.3 ms]
   [Eden: 7152.0M(7152.0M)->0.0B(7152.0M) Survivors: 16384.0K->16384.0K Heap: 10544.4M(14336.0M)->3392.4M(14336.0M)]
 [Times: user=0.06 sys=0.00, real=0.01 secs] 
2022-08-01T03:55:16.612-0700: 888288.117: [GC pause (G1 Evacuation Pause) (young) (initial-mark), 0.0154566 secs]
   [Parallel Time: 10.4 ms, GC Workers: 8]
      [GC Worker Start (ms): Min: 888288118.8, Avg: 888288118.9, Max: 888288119.0, Diff: 0.2]
      [Ext Root Scanning (ms): Min: 6.6, Avg: 6.8, Max: 7.1, Diff: 0.5, Sum: 54.5]
      [Update RS (ms): Min: 0.2, Avg: 0.3, Max: 0.5, Diff: 0.4, Sum: 2.5]
         [Processed Buffers: Min: 1, Avg: 20.6, Max: 57, Diff: 56, Sum: 165]
      [Scan RS (ms): Min: 0.0, Avg: 0.1, Max: 0.1, Diff: 0.1, Sum: 0.5]
      [Code Root Scanning (ms): Min: 0.0, Avg: 0.0, Max: 0.0, Diff: 0.0, Sum: 0.0]
      [Object Copy (ms): Min: 0.3, Avg: 0.6, Max: 0.8, Diff: 0.6, Sum: 4.6]
      [Termination (ms): Min: 0.0, Avg: 0.0, Max: 0.0, Diff: 0.0, Sum: 0.0]
         [Termination Attempts: Min: 1, Avg: 6.6, Max: 11, Diff: 10, Sum: 53]
      [GC Worker Other (ms): Min: 0.0, Avg: 0.1, Max: 0.3, Diff: 0.3, Sum: 1.1]
      [GC Worker Total (ms): Min: 7.8, Avg: 7.9, Max: 8.1, Diff: 0.4, Sum: 63.2]
      [GC Worker End (ms): Min: 888288126.7, Avg: 888288126.8, Max: 888288126.9, Diff: 0.2]
   [Code Root Fixup: 0.0 ms]
   [Code Root Purge: 0.0 ms]
   [Clear CT: 0.7 ms]
   [Other: 4.4 ms]
      [Choose CSet: 0.0 ms]
      [Ref Proc: 3.6 ms]
      [Ref Enq: 0.1 ms]
      [Redirty Cards: 0.1 ms]
      [Humongous Register: 0.0 ms]
      [Humongous Reclaim: 0.0 ms]
      [Free CSet: 0.3 ms]
   [Eden: 7152.0M(7152.0M)->0.0B(7152.0M) Survivors: 16384.0K->16384.0K Heap: 10544.4M(14336.0M)->3392.5M(14336.0M)]
 [Times: user=0.06 sys=0.00, real=0.02 secs] 
2022-08-01T03:55:16.628-0700: 888288.132: [GC concurrent-root-region-scan-start]
2022-08-01T03:55:16.633-0700: 888288.137: [GC concurrent-root-region-scan-end, 0.0051257 secs]
2022-08-01T03:55:16.633-0700: 888288.137: [GC concurrent-mark-start]
2022-08-01T03:55:19.128-0700: 888290.633: [GC concurrent-mark-end, 2.4952854 secs]
2022-08-01T03:55:19.128-0700: 888290.633: [GC remark 2022-08-01T03:55:19.128-0700: 888290.633: [Finalize Marking, 0.0002210 secs] 2022-08-01T03:55:19.129-0700: 888290.633: [GC ref-proc, 0.0086766 secs] 2022-08-01T03:55:19.137-0700: 888290.642: [Unloading, 0.0278852 secs], 0.0421713 secs]
 [Times: user=0.26 sys=0.00, real=0.04 secs] 
2022-08-01T03:55:19.171-0700: 888290.676: [GC cleanup 3456M->3456M(14336M), 0.0080383 secs]
 [Times: user=0.06 sys=0.00, real=0.01 secs] 
2022-08-01T04:11:56.011-0700: 889287.516: [GC pause (G1 Evacuation Pause) (young), 0.0113598 secs]
   [Parallel Time: 5.9 ms, GC Workers: 8]
      [GC Worker Start (ms): Min: 889287515.8, Avg: 889287515.9, Max: 889287516.0, Diff: 0.1]
      [Ext Root Scanning (ms): Min: 1.3, Avg: 2.0, Max: 5.5, Diff: 4.3, Sum: 15.8]
      [Update RS (ms): Min: 0.0, Avg: 0.3, Max: 0.7, Diff: 0.7, Sum: 2.7]
         [Processed Buffers: Min: 0, Avg: 22.0, Max: 51, Diff: 51, Sum: 176]
      [Scan RS (ms): Min: 0.0, Avg: 0.1, Max: 0.1, Diff: 0.1, Sum: 0.6]
      [Code Root Scanning (ms): Min: 0.0, Avg: 0.0, Max: 0.0, Diff: 0.0, Sum: 0.0]
      [Object Copy (ms): Min: 0.0, Avg: 0.5, Max: 0.7, Diff: 0.7, Sum: 3.7]
      [Termination (ms): Min: 0.0, Avg: 2.7, Max: 3.1, Diff: 3.1, Sum: 21.4]
         [Termination Attempts: Min: 1, Avg: 2.5, Max: 4, Diff: 3, Sum: 20]
      [GC Worker Other (ms): Min: 0.0, Avg: 0.0, Max: 0.0, Diff: 0.0, Sum: 0.2]
      [GC Worker Total (ms): Min: 5.5, Avg: 5.5, Max: 5.6, Diff: 0.1, Sum: 44.4]
      [GC Worker End (ms): Min: 889287521.4, Avg: 889287521.4, Max: 889287521.5, Diff: 0.0]
   [Code Root Fixup: 0.0 ms]
   [Code Root Purge: 0.0 ms]
   [Clear CT: 0.6 ms]
   [Other: 4.8 ms]
      [Choose CSet: 0.0 ms]
      [Ref Proc: 4.2 ms]
      [Ref Enq: 0.1 ms]
      [Redirty Cards: 0.1 ms]
      [Humongous Register: 0.1 ms]
      [Humongous Reclaim: 0.0 ms]
      [Free CSet: 0.3 ms]
   [Eden: 7152.0M(7152.0M)->0.0B(7152.0M) Survivors: 16384.0K->16384.0K Heap: 10544.5M(14336.0M)->3392.4M(14336.0M)]
 [Times: user=0.05 sys=0.00, real=0.01 secs] 
2022-08-01T04:28:33.862-0700: 890285.367: [GC pause (G1 Evacuation Pause) (young), 0.0087236 secs]
   [Parallel Time: 5.6 ms, GC Workers: 8]
      [GC Worker Start (ms): Min: 890285366.8, Avg: 890285366.8, Max: 890285366.9, Diff: 0.1]
      [Ext Root Scanning (ms): Min: 1.2, Avg: 1.9, Max: 5.4, Diff: 4.2, Sum: 15.5]
      [Update RS (ms): Min: 0.0, Avg: 0.3, Max: 0.7, Diff: 0.7, Sum: 2.8]
         [Processed Buffers: Min: 0, Avg: 20.8, Max: 53, Diff: 53, Sum: 166]
      [Scan RS (ms): Min: 0.0, Avg: 0.1, Max: 0.1, Diff: 0.1, Sum: 0.6]
      [Code Root Scanning (ms): Min: 0.0, Avg: 0.0, Max: 0.0, Diff: 0.0, Sum: 0.0]
      [Object Copy (ms): Min: 0.0, Avg: 0.5, Max: 0.8, Diff: 0.8, Sum: 4.1]
      [Termination (ms): Min: 0.0, Avg: 2.6, Max: 2.9, Diff: 2.9, Sum: 20.5]
         [Termination Attempts: Min: 1, Avg: 1.1, Max: 2, Diff: 1, Sum: 9]
      [GC Worker Other (ms): Min: 0.0, Avg: 0.0, Max: 0.0, Diff: 0.0, Sum: 0.1]
      [GC Worker Total (ms): Min: 5.4, Avg: 5.5, Max: 5.5, Diff: 0.1, Sum: 43.6]
      [GC Worker End (ms): Min: 890285372.3, Avg: 890285372.3, Max: 890285372.3, Diff: 0.0]
   [Code Root Fixup: 0.0 ms]
   [Code Root Purge: 0.0 ms]
   [Clear CT: 0.6 ms]
   [Other: 2.5 ms]
      [Choose CSet: 0.0 ms]
      [Ref Proc: 1.8 ms]
      [Ref Enq: 0.1 ms]
      [Redirty Cards: 0.1 ms]
      [Humongous Register: 0.0 ms]
      [Humongous Reclaim: 0.0 ms]
      [Free CSet: 0.3 ms]
   [Eden: 7152.0M(7152.0M)->0.0B(7152.0M) Survivors: 16384.0K->16384.0K Heap: 10544.4M(14336.0M)->3392.5M(14336.0M)]
 [Times: user=0.05 sys=0.00, real=0.01 secs] 
2022-08-01T04:45:07.961-0700: 891279.466: [GC pause (G1 Evacuation Pause) (young) (initial-mark), 0.0148494 secs]
   [Parallel Time: 9.7 ms, GC Workers: 8]
      [GC Worker Start (ms): Min: 891279468.4, Avg: 891279468.4, Max: 891279468.5, Diff: 0.2]
      [Ext Root Scanning (ms): Min: 6.0, Avg: 6.2, Max: 6.4, Diff: 0.4, Sum: 49.6]
      [Update RS (ms): Min: 0.2, Avg: 0.3, Max: 0.6, Diff: 0.4, Sum: 2.4]
         [Processed Buffers: Min: 1, Avg: 21.1, Max: 64, Diff: 63, Sum: 169]
      [Scan RS (ms): Min: 0.0, Avg: 0.1, Max: 0.1, Diff: 0.1, Sum: 0.5]
      [Code Root Scanning (ms): Min: 0.0, Avg: 0.0, Max: 0.0, Diff: 0.0, Sum: 0.0]
      [Object Copy (ms): Min: 0.1, Avg: 0.5, Max: 0.8, Diff: 0.7, Sum: 4.1]
      [Termination (ms): Min: 0.0, Avg: 0.1, Max: 0.1, Diff: 0.1, Sum: 0.4]
         [Termination Attempts: Min: 1, Avg: 5.2, Max: 9, Diff: 8, Sum: 42]
      [GC Worker Other (ms): Min: 0.0, Avg: 0.0, Max: 0.1, Diff: 0.0, Sum: 0.2]
      [GC Worker Total (ms): Min: 7.1, Avg: 7.2, Max: 7.2, Diff: 0.2, Sum: 57.3]
      [GC Worker End (ms): Min: 891279475.6, Avg: 891279475.6, Max: 891279475.6, Diff: 0.1]
   [Code Root Fixup: 0.0 ms]
   [Code Root Purge: 0.0 ms]
   [Clear CT: 0.7 ms]
   [Other: 4.5 ms]
      [Choose CSet: 0.0 ms]
      [Ref Proc: 3.6 ms]
      [Ref Enq: 0.1 ms]
      [Redirty Cards: 0.2 ms]
      [Humongous Register: 0.0 ms]
      [Humongous Reclaim: 0.0 ms]
      [Free CSet: 0.3 ms]
   [Eden: 7152.0M(7152.0M)->0.0B(7152.0M) Survivors: 16384.0K->16384.0K Heap: 10544.5M(14336.0M)->3392.6M(14336.0M)]
 [Times: user=0.06 sys=0.00, real=0.02 secs] 
2022-08-01T04:45:07.981-0700: 891279.486: [GC concurrent-root-region-scan-start]
2022-08-01T04:45:07.986-0700: 891279.491: [GC concurrent-root-region-scan-end, 0.0052437 secs]
2022-08-01T04:45:07.986-0700: 891279.491: [GC concurrent-mark-start]
2022-08-01T04:45:10.467-0700: 891281.972: [GC concurrent-mark-end, 2.4805655 secs]
2022-08-01T04:45:10.467-0700: 891281.972: [GC remark 2022-08-01T04:45:10.467-0700: 891281.972: [Finalize Marking, 0.0005792 secs] 2022-08-01T04:45:10.468-0700: 891281.973: [GC ref-proc, 0.0069814 secs] 2022-08-01T04:45:10.475-0700: 891281.980: [Unloading, 0.0281107 secs], 0.0412522 secs]
 [Times: user=0.26 sys=0.00, real=0.04 secs] 
2022-08-01T04:45:10.509-0700: 891282.014: [GC cleanup 3432M->3432M(14336M), 0.0090363 secs]
 [Times: user=0.06 sys=0.00, real=0.01 secs] 
2022-08-01T05:01:34.563-0700: 892266.068: [GC pause (G1 Evacuation Pause) (young), 0.0114185 secs]
   [Parallel Time: 6.1 ms, GC Workers: 8]
      [GC Worker Start (ms): Min: 892266068.0, Avg: 892266068.1, Max: 892266068.2, Diff: 0.2]
      [Ext Root Scanning (ms): Min: 1.2, Avg: 2.0, Max: 6.0, Diff: 4.8, Sum: 15.9]
      [Update RS (ms): Min: 0.0, Avg: 0.4, Max: 0.7, Diff: 0.7, Sum: 2.9]
         [Processed Buffers: Min: 0, Avg: 21.2, Max: 52, Diff: 52, Sum: 170]
      [Scan RS (ms): Min: 0.0, Avg: 0.1, Max: 0.2, Diff: 0.2, Sum: 0.7]
      [Code Root Scanning (ms): Min: 0.0, Avg: 0.0, Max: 0.0, Diff: 0.0, Sum: 0.0]
      [Object Copy (ms): Min: 0.0, Avg: 0.5, Max: 0.8, Diff: 0.8, Sum: 4.2]
      [Termination (ms): Min: 0.0, Avg: 3.0, Max: 3.4, Diff: 3.4, Sum: 23.9]
         [Termination Attempts: Min: 1, Avg: 4.8, Max: 7, Diff: 6, Sum: 38]
      [GC Worker Other (ms): Min: 0.0, Avg: 0.0, Max: 0.0, Diff: 0.0, Sum: 0.1]
      [GC Worker Total (ms): Min: 5.9, Avg: 6.0, Max: 6.1, Diff: 0.2, Sum: 47.8]
      [GC Worker End (ms): Min: 892266074.0, Avg: 892266074.1, Max: 892266074.1, Diff: 0.0]
   [Code Root Fixup: 0.0 ms]
   [Code Root Purge: 0.0 ms]
   [Clear CT: 0.6 ms]
   [Other: 4.7 ms]
      [Choose CSet: 0.0 ms]
      [Ref Proc: 4.0 ms]
      [Ref Enq: 0.1 ms]
      [Redirty Cards: 0.1 ms]
      [Humongous Register: 0.1 ms]
      [Humongous Reclaim: 0.0 ms]
      [Free CSet: 0.3 ms]
   [Eden: 7152.0M(7152.0M)->0.0B(7152.0M) Survivors: 16384.0K->16384.0K Heap: 10544.6M(14336.0M)->3392.5M(14336.0M)]
 [Times: user=0.06 sys=0.01, real=0.01 secs] 
2022-08-01T05:18:07.112-0700: 893258.616: [GC pause (G1 Evacuation Pause) (young), 0.0119353 secs]
   [Parallel Time: 5.7 ms, GC Workers: 8]
      [GC Worker Start (ms): Min: 893258616.5, Avg: 893258616.6, Max: 893258616.6, Diff: 0.1]
      [Ext Root Scanning (ms): Min: 1.3, Avg: 1.9, Max: 5.4, Diff: 4.2, Sum: 15.5]
      [Update RS (ms): Min: 0.0, Avg: 0.4, Max: 0.7, Diff: 0.7, Sum: 3.1]
         [Processed Buffers: Min: 0, Avg: 20.5, Max: 49, Diff: 49, Sum: 164]
      [Scan RS (ms): Min: 0.0, Avg: 0.1, Max: 0.1, Diff: 0.1, Sum: 0.6]
      [Code Root Scanning (ms): Min: 0.0, Avg: 0.0, Max: 0.0, Diff: 0.0, Sum: 0.0]
      [Object Copy (ms): Min: 0.0, Avg: 0.5, Max: 0.8, Diff: 0.8, Sum: 4.2]
      [Termination (ms): Min: 0.0, Avg: 2.5, Max: 2.8, Diff: 2.8, Sum: 19.7]
         [Termination Attempts: Min: 1, Avg: 3.2, Max: 5, Diff: 4, Sum: 26]
      [GC Worker Other (ms): Min: 0.0, Avg: 0.0, Max: 0.0, Diff: 0.0, Sum: 0.2]
      [GC Worker Total (ms): Min: 5.3, Avg: 5.4, Max: 5.5, Diff: 0.1, Sum: 43.3]
      [GC Worker End (ms): Min: 893258622.0, Avg: 893258622.0, Max: 893258622.0, Diff: 0.0]
   [Code Root Fixup: 0.0 ms]
   [Code Root Purge: 0.0 ms]
   [Clear CT: 0.7 ms]
   [Other: 5.6 ms]
      [Choose CSet: 0.0 ms]
      [Ref Proc: 4.8 ms]
      [Ref Enq: 0.2 ms]
      [Redirty Cards: 0.1 ms]
      [Humongous Register: 0.1 ms]
      [Humongous Reclaim: 0.0 ms]
      [Free CSet: 0.3 ms]
   [Eden: 7152.0M(7152.0M)->0.0B(7152.0M) Survivors: 16384.0K->16384.0K Heap: 10544.5M(14336.0M)->3392.5M(14336.0M)]
 [Times: user=0.06 sys=0.00, real=0.02 secs] 
2022-08-01T05:34:36.912-0700: 894248.416: [GC pause (G1 Evacuation Pause) (young) (initial-mark), 0.0158463 secs]
   [Parallel Time: 10.5 ms, GC Workers: 8]
      [GC Worker Start (ms): Min: 894248418.8, Avg: 894248418.9, Max: 894248418.9, Diff: 0.2]
      [Ext Root Scanning (ms): Min: 6.8, Avg: 7.1, Max: 7.4, Diff: 0.6, Sum: 56.5]
      [Update RS (ms): Min: 0.2, Avg: 0.3, Max: 0.7, Diff: 0.5, Sum: 2.7]
         [Processed Buffers: Min: 1, Avg: 20.2, Max: 54, Diff: 53, Sum: 162]
      [Scan RS (ms): Min: 0.0, Avg: 0.1, Max: 0.1, Diff: 0.1, Sum: 0.6]
      [Code Root Scanning (ms): Min: 0.0, Avg: 0.0, Max: 0.0, Diff: 0.0, Sum: 0.0]
      [Object Copy (ms): Min: 0.2, Avg: 0.5, Max: 0.8, Diff: 0.6, Sum: 4.1]
      [Termination (ms): Min: 0.0, Avg: 0.1, Max: 0.1, Diff: 0.1, Sum: 0.6]
         [Termination Attempts: Min: 1, Avg: 2.1, Max: 3, Diff: 2, Sum: 17]
      [GC Worker Other (ms): Min: 0.0, Avg: 0.1, Max: 0.1, Diff: 0.1, Sum: 0.4]
      [GC Worker Total (ms): Min: 8.0, Avg: 8.1, Max: 8.2, Diff: 0.2, Sum: 64.9]
      [GC Worker End (ms): Min: 894248426.9, Avg: 894248427.0, Max: 894248427.1, Diff: 0.1]
   [Code Root Fixup: 0.0 ms]
   [Code Root Purge: 0.0 ms]
   [Clear CT: 0.7 ms]
   [Other: 4.6 ms]
      [Choose CSet: 0.0 ms]
      [Ref Proc: 3.9 ms]
      [Ref Enq: 0.1 ms]
      [Redirty Cards: 0.1 ms]
      [Humongous Register: 0.0 ms]
      [Humongous Reclaim: 0.0 ms]
      [Free CSet: 0.3 ms]
   [Eden: 7152.0M(7152.0M)->0.0B(7152.0M) Survivors: 16384.0K->16384.0K Heap: 10544.5M(14336.0M)->3392.6M(14336.0M)]
 [Times: user=0.06 sys=0.00, real=0.02 secs] 
2022-08-01T05:34:36.928-0700: 894248.432: [GC concurrent-root-region-scan-start]
2022-08-01T05:34:36.933-0700: 894248.437: [GC concurrent-root-region-scan-end, 0.0048958 secs]
2022-08-01T05:34:36.933-0700: 894248.437: [GC concurrent-mark-start]
2022-08-01T05:34:39.403-0700: 894250.908: [GC concurrent-mark-end, 2.4702257 secs]
2022-08-01T05:34:39.403-0700: 894250.908: [GC remark 2022-08-01T05:34:39.403-0700: 894250.908: [Finalize Marking, 0.0002293 secs] 2022-08-01T05:34:39.404-0700: 894250.908: [GC ref-proc, 0.0096570 secs] 2022-08-01T05:34:39.413-0700: 894250.918: [Unloading, 0.0277529 secs], 0.0433155 secs]
 [Times: user=0.26 sys=0.00, real=0.04 secs] 
2022-08-01T05:34:39.447-0700: 894250.952: [GC cleanup 3468M->3468M(14336M), 0.0083516 secs]
 [Times: user=0.06 sys=0.00, real=0.01 secs] 
2022-08-01T05:51:14.663-0700: 895246.168: [GC pause (G1 Evacuation Pause) (young), 0.0108431 secs]
   [Parallel Time: 5.9 ms, GC Workers: 8]
      [GC Worker Start (ms): Min: 895246168.0, Avg: 895246168.1, Max: 895246168.1, Diff: 0.2]
      [Ext Root Scanning (ms): Min: 1.3, Avg: 2.0, Max: 5.7, Diff: 4.4, Sum: 16.0]
      [Update RS (ms): Min: 0.0, Avg: 0.4, Max: 0.7, Diff: 0.7, Sum: 3.0]
         [Processed Buffers: Min: 0, Avg: 20.9, Max: 52, Diff: 52, Sum: 167]
      [Scan RS (ms): Min: 0.0, Avg: 0.1, Max: 0.2, Diff: 0.1, Sum: 0.7]
      [Code Root Scanning (ms): Min: 0.0, Avg: 0.0, Max: 0.0, Diff: 0.0, Sum: 0.0]
      [Object Copy (ms): Min: 0.0, Avg: 0.5, Max: 0.7, Diff: 0.7, Sum: 4.0]
      [Termination (ms): Min: 0.0, Avg: 2.6, Max: 3.0, Diff: 3.0, Sum: 21.2]
         [Termination Attempts: Min: 1, Avg: 6.0, Max: 9, Diff: 8, Sum: 48]
      [GC Worker Other (ms): Min: 0.0, Avg: 0.0, Max: 0.0, Diff: 0.0, Sum: 0.2]
      [GC Worker Total (ms): Min: 5.6, Avg: 5.6, Max: 5.7, Diff: 0.1, Sum: 45.0]
      [GC Worker End (ms): Min: 895246173.7, Avg: 895246173.7, Max: 895246173.7, Diff: 0.0]
   [Code Root Fixup: 0.0 ms]
   [Code Root Purge: 0.0 ms]
   [Clear CT: 0.6 ms]
   [Other: 4.4 ms]
      [Choose CSet: 0.0 ms]
      [Ref Proc: 3.6 ms]
      [Ref Enq: 0.1 ms]
      [Redirty Cards: 0.1 ms]
      [Humongous Register: 0.1 ms]
      [Humongous Reclaim: 0.0 ms]
      [Free CSet: 0.3 ms]
   [Eden: 7152.0M(7152.0M)->0.0B(7152.0M) Survivors: 16384.0K->16384.0K Heap: 10544.6M(14336.0M)->3392.4M(14336.0M)]
 [Times: user=0.05 sys=0.01, real=0.00 secs] 
2022-08-01T06:07:52.661-0700: 896244.166: [GC pause (G1 Evacuation Pause) (young), 0.0104917 secs]
   [Parallel Time: 5.6 ms, GC Workers: 8]
      [GC Worker Start (ms): Min: 896244165.8, Avg: 896244165.9, Max: 896244166.0, Diff: 0.1]
      [Ext Root Scanning (ms): Min: 1.2, Avg: 1.9, Max: 5.3, Diff: 4.1, Sum: 15.2]
      [Update RS (ms): Min: 0.0, Avg: 0.3, Max: 0.7, Diff: 0.7, Sum: 2.7]
         [Processed Buffers: Min: 0, Avg: 21.6, Max: 66, Diff: 66, Sum: 173]
      [Scan RS (ms): Min: 0.0, Avg: 0.1, Max: 0.1, Diff: 0.1, Sum: 0.6]
      [Code Root Scanning (ms): Min: 0.0, Avg: 0.0, Max: 0.0, Diff: 0.0, Sum: 0.0]
      [Object Copy (ms): Min: 0.0, Avg: 0.5, Max: 0.7, Diff: 0.7, Sum: 3.7]
      [Termination (ms): Min: 0.0, Avg: 2.5, Max: 2.9, Diff: 2.9, Sum: 20.2]
         [Termination Attempts: Min: 1, Avg: 4.6, Max: 7, Diff: 6, Sum: 37]
      [GC Worker Other (ms): Min: 0.0, Avg: 0.0, Max: 0.1, Diff: 0.0, Sum: 0.2]
      [GC Worker Total (ms): Min: 5.3, Avg: 5.3, Max: 5.4, Diff: 0.1, Sum: 42.6]
      [GC Worker End (ms): Min: 896244171.2, Avg: 896244171.2, Max: 896244171.3, Diff: 0.1]
   [Code Root Fixup: 0.0 ms]
   [Code Root Purge: 0.0 ms]
   [Clear CT: 0.7 ms]
   [Other: 4.2 ms]
      [Choose CSet: 0.0 ms]
      [Ref Proc: 3.5 ms]
      [Ref Enq: 0.1 ms]
      [Redirty Cards: 0.1 ms]
      [Humongous Register: 0.1 ms]
      [Humongous Reclaim: 0.0 ms]
      [Free CSet: 0.3 ms]
   [Eden: 7152.0M(7152.0M)->0.0B(7152.0M) Survivors: 16384.0K->16384.0K Heap: 10544.4M(14336.0M)->3392.5M(14336.0M)]
 [Times: user=0.05 sys=0.00, real=0.01 secs] 
2022-08-01T06:24:26.462-0700: 897237.966: [GC pause (G1 Evacuation Pause) (young) (initial-mark), 0.0149883 secs]
   [Parallel Time: 9.6 ms, GC Workers: 8]
      [GC Worker Start (ms): Min: 897237968.1, Avg: 897237968.2, Max: 897237968.3, Diff: 0.2]
      [Ext Root Scanning (ms): Min: 6.4, Avg: 6.7, Max: 7.0, Diff: 0.6, Sum: 53.3]
      [Update RS (ms): Min: 0.2, Avg: 0.3, Max: 0.5, Diff: 0.3, Sum: 2.5]
         [Processed Buffers: Min: 1, Avg: 20.8, Max: 58, Diff: 57, Sum: 166]
      [Scan RS (ms): Min: 0.0, Avg: 0.1, Max: 0.1, Diff: 0.1, Sum: 0.6]
      [Code Root Scanning (ms): Min: 0.0, Avg: 0.0, Max: 0.0, Diff: 0.0, Sum: 0.0]
      [Object Copy (ms): Min: 0.2, Avg: 0.5, Max: 0.7, Diff: 0.5, Sum: 3.9]
      [Termination (ms): Min: 0.0, Avg: 0.1, Max: 0.1, Diff: 0.1, Sum: 0.5]
         [Termination Attempts: Min: 1, Avg: 1.9, Max: 4, Diff: 3, Sum: 15]
      [GC Worker Other (ms): Min: 0.0, Avg: 0.0, Max: 0.1, Diff: 0.1, Sum: 0.3]
      [GC Worker Total (ms): Min: 7.5, Avg: 7.6, Max: 7.7, Diff: 0.2, Sum: 61.1]
      [GC Worker End (ms): Min: 897237975.8, Avg: 897237975.8, Max: 897237975.9, Diff: 0.1]
   [Code Root Fixup: 0.0 ms]
   [Code Root Purge: 0.0 ms]
   [Clear CT: 0.6 ms]
   [Other: 4.7 ms]
      [Choose CSet: 0.0 ms]
      [Ref Proc: 4.0 ms]
      [Ref Enq: 0.1 ms]
      [Redirty Cards: 0.1 ms]
      [Humongous Register: 0.0 ms]
      [Humongous Reclaim: 0.0 ms]
      [Free CSet: 0.3 ms]
   [Eden: 7152.0M(7152.0M)->0.0B(7152.0M) Survivors: 16384.0K->16384.0K Heap: 10544.5M(14336.0M)->3392.5M(14336.0M)]
 [Times: user=0.06 sys=0.00, real=0.02 secs] 
2022-08-01T06:24:26.477-0700: 897237.981: [GC concurrent-root-region-scan-start]
2022-08-01T06:24:26.481-0700: 897237.986: [GC concurrent-root-region-scan-end, 0.0048115 secs]
2022-08-01T06:24:26.481-0700: 897237.986: [GC concurrent-mark-start]
2022-08-01T06:24:28.953-0700: 897240.458: [GC concurrent-mark-end, 2.4714421 secs]
2022-08-01T06:24:28.953-0700: 897240.458: [GC remark 2022-08-01T06:24:28.953-0700: 897240.458: [Finalize Marking, 0.0004570 secs] 2022-08-01T06:24:28.954-0700: 897240.459: [GC ref-proc, 0.0074937 secs] 2022-08-01T06:24:28.961-0700: 897240.466: [Unloading, 0.0277224 secs], 0.0411651 secs]
 [Times: user=0.26 sys=0.00, real=0.04 secs] 
2022-08-01T06:24:28.995-0700: 897240.499: [GC cleanup 3424M->3424M(14336M), 0.0088061 secs]
 [Times: user=0.06 sys=0.00, real=0.01 secs] 
2022-08-01T06:41:11.511-0700: 898243.016: [GC pause (G1 Evacuation Pause) (young), 0.0099387 secs]
   [Parallel Time: 5.3 ms, GC Workers: 8]
      [GC Worker Start (ms): Min: 898243015.9, Avg: 898243016.0, Max: 898243016.1, Diff: 0.2]
      [Ext Root Scanning (ms): Min: 0.5, Avg: 1.9, Max: 5.2, Diff: 4.7, Sum: 15.3]
      [Update RS (ms): Min: 0.0, Avg: 0.4, Max: 0.7, Diff: 0.7, Sum: 2.9]
         [Processed Buffers: Min: 0, Avg: 22.0, Max: 69, Diff: 69, Sum: 176]
      [Scan RS (ms): Min: 0.0, Avg: 0.1, Max: 0.2, Diff: 0.1, Sum: 0.7]
      [Code Root Scanning (ms): Min: 0.0, Avg: 0.0, Max: 0.0, Diff: 0.0, Sum: 0.0]
      [Object Copy (ms): Min: 0.0, Avg: 0.7, Max: 1.4, Diff: 1.4, Sum: 5.3]
      [Termination (ms): Min: 0.0, Avg: 2.1, Max: 2.5, Diff: 2.5, Sum: 17.2]
         [Termination Attempts: Min: 1, Avg: 3.6, Max: 7, Diff: 6, Sum: 29]
      [GC Worker Other (ms): Min: 0.0, Avg: 0.0, Max: 0.0, Diff: 0.0, Sum: 0.1]
      [GC Worker Total (ms): Min: 5.1, Avg: 5.2, Max: 5.3, Diff: 0.2, Sum: 41.6]
      [GC Worker End (ms): Min: 898243021.2, Avg: 898243021.2, Max: 898243021.2, Diff: 0.0]
   [Code Root Fixup: 0.0 ms]
   [Code Root Purge: 0.0 ms]
   [Clear CT: 0.6 ms]
   [Other: 4.0 ms]
      [Choose CSet: 0.0 ms]
      [Ref Proc: 3.3 ms]
      [Ref Enq: 0.1 ms]
      [Redirty Cards: 0.1 ms]
      [Humongous Register: 0.1 ms]
      [Humongous Reclaim: 0.0 ms]
      [Free CSet: 0.3 ms]
   [Eden: 7152.0M(7152.0M)->0.0B(7152.0M) Survivors: 16384.0K->16384.0K Heap: 10544.5M(14336.0M)->3392.5M(14336.0M)]
 [Times: user=0.05 sys=0.00, real=0.01 secs] 
2022-08-01T06:57:45.261-0700: 899236.766: [GC pause (G1 Evacuation Pause) (young), 0.0111588 secs]
   [Parallel Time: 5.9 ms, GC Workers: 8]
      [GC Worker Start (ms): Min: 899236766.2, Avg: 899236766.3, Max: 899236766.4, Diff: 0.2]
      [Ext Root Scanning (ms): Min: 1.2, Avg: 1.9, Max: 5.6, Diff: 4.3, Sum: 15.5]
      [Update RS (ms): Min: 0.0, Avg: 0.4, Max: 0.7, Diff: 0.7, Sum: 3.0]
         [Processed Buffers: Min: 0, Avg: 22.9, Max: 58, Diff: 58, Sum: 183]
      [Scan RS (ms): Min: 0.0, Avg: 0.1, Max: 0.1, Diff: 0.1, Sum: 0.6]
      [Code Root Scanning (ms): Min: 0.0, Avg: 0.0, Max: 0.0, Diff: 0.0, Sum: 0.0]
      [Object Copy (ms): Min: 0.0, Avg: 0.5, Max: 0.7, Diff: 0.7, Sum: 4.0]
      [Termination (ms): Min: 0.0, Avg: 2.6, Max: 3.0, Diff: 3.0, Sum: 20.9]
         [Termination Attempts: Min: 1, Avg: 1.6, Max: 3, Diff: 2, Sum: 13]
      [GC Worker Other (ms): Min: 0.0, Avg: 0.0, Max: 0.0, Diff: 0.0, Sum: 0.2]
      [GC Worker Total (ms): Min: 5.5, Avg: 5.5, Max: 5.6, Diff: 0.2, Sum: 44.3]
      [GC Worker End (ms): Min: 899236771.8, Avg: 899236771.8, Max: 899236771.9, Diff: 0.0]
   [Code Root Fixup: 0.0 ms]
   [Code Root Purge: 0.0 ms]
   [Clear CT: 0.6 ms]
   [Other: 4.6 ms]
      [Choose CSet: 0.0 ms]
      [Ref Proc: 3.9 ms]
      [Ref Enq: 0.1 ms]
      [Redirty Cards: 0.1 ms]
      [Humongous Register: 0.1 ms]
      [Humongous Reclaim: 0.0 ms]
      [Free CSet: 0.3 ms]
   [Eden: 7152.0M(7152.0M)->0.0B(7152.0M) Survivors: 16384.0K->16384.0K Heap: 10544.5M(14336.0M)->3392.6M(14336.0M)]
 [Times: user=0.06 sys=0.00, real=0.01 secs] 
2022-08-01T07:14:31.961-0700: 900243.466: [GC pause (G1 Evacuation Pause) (young) (initial-mark), 0.0150825 secs]
   [Parallel Time: 9.7 ms, GC Workers: 8]
      [GC Worker Start (ms): Min: 900243467.7, Avg: 900243467.8, Max: 900243467.9, Diff: 0.1]
      [Ext Root Scanning (ms): Min: 6.3, Avg: 6.6, Max: 6.9, Diff: 0.6, Sum: 52.6]
      [Update RS (ms): Min: 0.2, Avg: 0.3, Max: 0.4, Diff: 0.2, Sum: 2.3]
         [Processed Buffers: Min: 1, Avg: 20.4, Max: 49, Diff: 48, Sum: 163]
      [Scan RS (ms): Min: 0.0, Avg: 0.1, Max: 0.1, Diff: 0.1, Sum: 0.5]
      [Code Root Scanning (ms): Min: 0.0, Avg: 0.0, Max: 0.0, Diff: 0.0, Sum: 0.0]
      [Object Copy (ms): Min: 0.2, Avg: 0.5, Max: 0.7, Diff: 0.5, Sum: 4.1]
      [Termination (ms): Min: 0.0, Avg: 0.0, Max: 0.0, Diff: 0.0, Sum: 0.0]
         [Termination Attempts: Min: 1, Avg: 2.5, Max: 4, Diff: 3, Sum: 20]
      [GC Worker Other (ms): Min: 0.0, Avg: 0.1, Max: 0.2, Diff: 0.1, Sum: 0.6]
      [GC Worker Total (ms): Min: 7.4, Avg: 7.5, Max: 7.6, Diff: 0.2, Sum: 60.1]
      [GC Worker End (ms): Min: 900243475.3, Avg: 900243475.3, Max: 900243475.4, Diff: 0.1]
   [Code Root Fixup: 0.0 ms]
   [Code Root Purge: 0.0 ms]
   [Clear CT: 0.7 ms]
   [Other: 4.7 ms]
      [Choose CSet: 0.0 ms]
      [Ref Proc: 3.9 ms]
      [Ref Enq: 0.1 ms]
      [Redirty Cards: 0.1 ms]
      [Humongous Register: 0.0 ms]
      [Humongous Reclaim: 0.0 ms]
      [Free CSet: 0.3 ms]
   [Eden: 7152.0M(7152.0M)->0.0B(7152.0M) Survivors: 16384.0K->16384.0K Heap: 10544.6M(14336.0M)->3392.5M(14336.0M)]
 [Times: user=0.04 sys=0.02, real=0.02 secs] 
2022-08-01T07:14:31.976-0700: 900243.481: [GC concurrent-root-region-scan-start]
2022-08-01T07:14:31.981-0700: 900243.486: [GC concurrent-root-region-scan-end, 0.0051223 secs]
2022-08-01T07:14:31.981-0700: 900243.486: [GC concurrent-mark-start]
2022-08-01T07:14:34.450-0700: 900245.954: [GC concurrent-mark-end, 2.4683820 secs]
2022-08-01T07:14:34.450-0700: 900245.955: [GC remark 2022-08-01T07:14:34.450-0700: 900245.955: [Finalize Marking, 0.0002944 secs] 2022-08-01T07:14:34.450-0700: 900245.955: [GC ref-proc, 0.0110076 secs] 2022-08-01T07:14:34.462-0700: 900245.966: [Unloading, 0.0275255 secs], 0.0443538 secs]
 [Times: user=0.26 sys=0.00, real=0.04 secs] 
2022-08-01T07:14:34.495-0700: 900245.999: [GC cleanup 3456M->3456M(14336M), 0.0081591 secs]
 [Times: user=0.06 sys=0.00, real=0.01 secs] 
2022-08-01T07:31:02.944-0700: 901234.449: [GC pause (G1 Evacuation Pause) (young), 0.0147186 secs]
   [Parallel Time: 5.7 ms, GC Workers: 8]
      [GC Worker Start (ms): Min: 901234449.1, Avg: 901234449.2, Max: 901234449.3, Diff: 0.2]
      [Ext Root Scanning (ms): Min: 1.1, Avg: 1.8, Max: 5.3, Diff: 4.2, Sum: 14.8]
      [Update RS (ms): Min: 0.0, Avg: 0.4, Max: 0.8, Diff: 0.8, Sum: 2.9]
         [Processed Buffers: Min: 0, Avg: 21.4, Max: 55, Diff: 55, Sum: 171]
      [Scan RS (ms): Min: 0.0, Avg: 0.1, Max: 0.2, Diff: 0.2, Sum: 0.7]
      [Code Root Scanning (ms): Min: 0.0, Avg: 0.0, Max: 0.0, Diff: 0.0, Sum: 0.0]
      [Object Copy (ms): Min: 0.0, Avg: 0.5, Max: 0.8, Diff: 0.8, Sum: 3.7]
      [Termination (ms): Min: 0.0, Avg: 2.5, Max: 2.8, Diff: 2.8, Sum: 19.8]
         [Termination Attempts: Min: 1, Avg: 2.4, Max: 4, Diff: 3, Sum: 19]
      [GC Worker Other (ms): Min: 0.0, Avg: 0.0, Max: 0.0, Diff: 0.0, Sum: 0.2]
      [GC Worker Total (ms): Min: 5.2, Avg: 5.3, Max: 5.4, Diff: 0.2, Sum: 42.2]
      [GC Worker End (ms): Min: 901234454.5, Avg: 901234454.5, Max: 901234454.5, Diff: 0.0]
   [Code Root Fixup: 0.0 ms]
   [Code Root Purge: 0.0 ms]
   [Clear CT: 0.6 ms]
   [Other: 8.4 ms]
      [Choose CSet: 0.0 ms]
      [Ref Proc: 7.6 ms]
      [Ref Enq: 0.1 ms]
      [Redirty Cards: 0.1 ms]
      [Humongous Register: 0.1 ms]
      [Humongous Reclaim: 0.0 ms]
      [Free CSet: 0.3 ms]
   [Eden: 7152.0M(7152.0M)->0.0B(7152.0M) Survivors: 16384.0K->16384.0K Heap: 10544.5M(14336.0M)->3392.6M(14336.0M)]
 [Times: user=0.05 sys=0.00, real=0.01 secs] 
2022-08-01T07:47:39.113-0700: 902230.618: [GC pause (G1 Evacuation Pause) (young), 0.0116799 secs]
   [Parallel Time: 6.2 ms, GC Workers: 8]
      [GC Worker Start (ms): Min: 902230617.7, Avg: 902230617.8, Max: 902230617.9, Diff: 0.2]
      [Ext Root Scanning (ms): Min: 1.2, Avg: 2.0, Max: 6.1, Diff: 4.9, Sum: 15.9]
      [Update RS (ms): Min: 0.0, Avg: 0.4, Max: 0.8, Diff: 0.8, Sum: 2.9]
         [Processed Buffers: Min: 0, Avg: 20.4, Max: 50, Diff: 50, Sum: 163]
      [Scan RS (ms): Min: 0.0, Avg: 0.1, Max: 0.2, Diff: 0.1, Sum: 0.6]
      [Code Root Scanning (ms): Min: 0.0, Avg: 0.0, Max: 0.0, Diff: 0.0, Sum: 0.0]
      [Object Copy (ms): Min: 0.0, Avg: 0.5, Max: 0.7, Diff: 0.7, Sum: 4.0]
      [Termination (ms): Min: 0.0, Avg: 3.1, Max: 3.5, Diff: 3.5, Sum: 24.8]
         [Termination Attempts: Min: 1, Avg: 3.8, Max: 6, Diff: 5, Sum: 30]
      [GC Worker Other (ms): Min: 0.0, Avg: 0.0, Max: 0.0, Diff: 0.0, Sum: 0.2]
      [GC Worker Total (ms): Min: 6.0, Avg: 6.0, Max: 6.1, Diff: 0.1, Sum: 48.3]
      [GC Worker End (ms): Min: 902230623.9, Avg: 902230623.9, Max: 902230623.9, Diff: 0.0]
   [Code Root Fixup: 0.0 ms]
   [Code Root Purge: 0.0 ms]
   [Clear CT: 0.6 ms]
   [Other: 4.9 ms]
      [Choose CSet: 0.0 ms]
      [Ref Proc: 4.2 ms]
      [Ref Enq: 0.1 ms]
      [Redirty Cards: 0.1 ms]
      [Humongous Register: 0.1 ms]
      [Humongous Reclaim: 0.0 ms]
      [Free CSet: 0.3 ms]
   [Eden: 7152.0M(7152.0M)->0.0B(7152.0M) Survivors: 16384.0K->16384.0K Heap: 10544.6M(14336.0M)->3392.5M(14336.0M)]
 [Times: user=0.06 sys=0.00, real=0.02 secs] 
2022-08-01T08:04:13.512-0700: 903225.016: [GC pause (G1 Evacuation Pause) (young) (initial-mark), 0.0164093 secs]
   [Parallel Time: 10.6 ms, GC Workers: 8]
      [GC Worker Start (ms): Min: 903225018.7, Avg: 903225018.8, Max: 903225018.9, Diff: 0.2]
      [Ext Root Scanning (ms): Min: 6.8, Avg: 7.0, Max: 7.2, Diff: 0.4, Sum: 56.1]
      [Update RS (ms): Min: 0.2, Avg: 0.3, Max: 0.6, Diff: 0.4, Sum: 2.7]
         [Processed Buffers: Min: 1, Avg: 22.6, Max: 62, Diff: 61, Sum: 181]
      [Scan RS (ms): Min: 0.0, Avg: 0.1, Max: 0.1, Diff: 0.1, Sum: 0.6]
      [Code Root Scanning (ms): Min: 0.0, Avg: 0.0, Max: 0.0, Diff: 0.0, Sum: 0.0]
      [Object Copy (ms): Min: 0.3, Avg: 0.5, Max: 0.8, Diff: 0.5, Sum: 4.2]
      [Termination (ms): Min: 0.0, Avg: 0.0, Max: 0.0, Diff: 0.0, Sum: 0.0]
         [Termination Attempts: Min: 2, Avg: 2.9, Max: 4, Diff: 2, Sum: 23]
      [GC Worker Other (ms): Min: 0.0, Avg: 0.1, Max: 0.1, Diff: 0.1, Sum: 0.6]
      [GC Worker Total (ms): Min: 7.9, Avg: 8.0, Max: 8.2, Diff: 0.2, Sum: 64.4]
      [GC Worker End (ms): Min: 903225026.7, Avg: 903225026.8, Max: 903225026.9, Diff: 0.1]
   [Code Root Fixup: 0.0 ms]
   [Code Root Purge: 0.0 ms]
   [Clear CT: 0.7 ms]
   [Other: 5.1 ms]
      [Choose CSet: 0.0 ms]
      [Ref Proc: 4.3 ms]
      [Ref Enq: 0.1 ms]
      [Redirty Cards: 0.1 ms]
      [Humongous Register: 0.0 ms]
      [Humongous Reclaim: 0.0 ms]
      [Free CSet: 0.3 ms]
   [Eden: 7152.0M(7152.0M)->0.0B(7152.0M) Survivors: 16384.0K->16384.0K Heap: 10544.5M(14336.0M)->3392.5M(14336.0M)]
 [Times: user=0.06 sys=0.00, real=0.02 secs] 
2022-08-01T08:04:13.528-0700: 903225.033: [GC concurrent-root-region-scan-start]
2022-08-01T08:04:13.535-0700: 903225.039: [GC concurrent-root-region-scan-end, 0.0065062 secs]
2022-08-01T08:04:13.535-0700: 903225.039: [GC concurrent-mark-start]
2022-08-01T08:04:16.014-0700: 903227.519: [GC concurrent-mark-end, 2.4797393 secs]
2022-08-01T08:04:16.015-0700: 903227.520: [GC remark 2022-08-01T08:04:16.015-0700: 903227.520: [Finalize Marking, 0.0001917 secs] 2022-08-01T08:04:16.015-0700: 903227.520: [GC ref-proc, 0.0073388 secs] 2022-08-01T08:04:16.022-0700: 903227.527: [Unloading, 0.0278067 secs], 0.0407294 secs]
 [Times: user=0.26 sys=0.00, real=0.04 secs] 
2022-08-01T08:04:16.056-0700: 903227.561: [GC cleanup 3432M->3432M(14336M), 0.0086050 secs]
 [Times: user=0.06 sys=0.00, real=0.01 secs] 
2022-08-01T08:20:52.712-0700: 904224.217: [GC pause (G1 Evacuation Pause) (young), 0.0108769 secs]
   [Parallel Time: 5.6 ms, GC Workers: 8]
      [GC Worker Start (ms): Min: 904224216.7, Avg: 904224216.8, Max: 904224216.9, Diff: 0.2]
      [Ext Root Scanning (ms): Min: 1.1, Avg: 1.9, Max: 5.3, Diff: 4.2, Sum: 14.8]
      [Update RS (ms): Min: 0.0, Avg: 0.4, Max: 0.8, Diff: 0.7, Sum: 3.1]
         [Processed Buffers: Min: 0, Avg: 20.4, Max: 54, Diff: 54, Sum: 163]
      [Scan RS (ms): Min: 0.0, Avg: 0.1, Max: 0.2, Diff: 0.1, Sum: 0.7]
      [Code Root Scanning (ms): Min: 0.0, Avg: 0.0, Max: 0.0, Diff: 0.0, Sum: 0.0]
      [Object Copy (ms): Min: 0.0, Avg: 0.5, Max: 0.7, Diff: 0.7, Sum: 4.1]
      [Termination (ms): Min: 0.0, Avg: 2.4, Max: 2.8, Diff: 2.8, Sum: 19.5]
         [Termination Attempts: Min: 1, Avg: 6.5, Max: 13, Diff: 12, Sum: 52]
      [GC Worker Other (ms): Min: 0.0, Avg: 0.0, Max: 0.1, Diff: 0.0, Sum: 0.2]
      [GC Worker Total (ms): Min: 5.2, Avg: 5.3, Max: 5.4, Diff: 0.1, Sum: 42.3]
      [GC Worker End (ms): Min: 904224222.1, Avg: 904224222.1, Max: 904224222.1, Diff: 0.0]
   [Code Root Fixup: 0.0 ms]
   [Code Root Purge: 0.0 ms]
   [Clear CT: 0.6 ms]
   [Other: 4.7 ms]
      [Choose CSet: 0.0 ms]
      [Ref Proc: 3.9 ms]
      [Ref Enq: 0.2 ms]
      [Redirty Cards: 0.1 ms]
      [Humongous Register: 0.0 ms]
      [Humongous Reclaim: 0.0 ms]
      [Free CSet: 0.3 ms]
   [Eden: 7152.0M(7152.0M)->0.0B(7152.0M) Survivors: 16384.0K->16384.0K Heap: 10544.5M(14336.0M)->3392.6M(14336.0M)]
 [Times: user=0.05 sys=0.00, real=0.02 secs] 
2022-08-01T08:37:41.315-0700: 905232.820: [GC pause (G1 Evacuation Pause) (young), 0.0108106 secs]
   [Parallel Time: 5.4 ms, GC Workers: 8]
      [GC Worker Start (ms): Min: 905232819.9, Avg: 905232820.0, Max: 905232820.1, Diff: 0.2]
      [Ext Root Scanning (ms): Min: 0.9, Avg: 1.7, Max: 5.1, Diff: 4.2, Sum: 13.5]
      [Update RS (ms): Min: 0.0, Avg: 0.3, Max: 0.6, Diff: 0.6, Sum: 2.5]
         [Processed Buffers: Min: 0, Avg: 22.1, Max: 67, Diff: 67, Sum: 177]
      [Scan RS (ms): Min: 0.0, Avg: 0.1, Max: 0.1, Diff: 0.1, Sum: 0.5]
      [Code Root Scanning (ms): Min: 0.0, Avg: 0.0, Max: 0.0, Diff: 0.0, Sum: 0.0]
      [Object Copy (ms): Min: 0.0, Avg: 0.4, Max: 0.6, Diff: 0.6, Sum: 3.2]
      [Termination (ms): Min: 0.0, Avg: 2.6, Max: 3.0, Diff: 3.0, Sum: 21.1]
         [Termination Attempts: Min: 1, Avg: 3.5, Max: 5, Diff: 4, Sum: 28]
      [GC Worker Other (ms): Min: 0.0, Avg: 0.0, Max: 0.0, Diff: 0.0, Sum: 0.1]
      [GC Worker Total (ms): Min: 5.0, Avg: 5.1, Max: 5.2, Diff: 0.2, Sum: 41.0]
      [GC Worker End (ms): Min: 905232825.1, Avg: 905232825.1, Max: 905232825.1, Diff: 0.0]
   [Code Root Fixup: 0.0 ms]
   [Code Root Purge: 0.0 ms]
   [Clear CT: 0.6 ms]
   [Other: 4.8 ms]
      [Choose CSet: 0.0 ms]
      [Ref Proc: 4.1 ms]
      [Ref Enq: 0.1 ms]
      [Redirty Cards: 0.1 ms]
      [Humongous Register: 0.1 ms]
      [Humongous Reclaim: 0.0 ms]
      [Free CSet: 0.3 ms]
   [Eden: 7152.0M(7152.0M)->0.0B(7152.0M) Survivors: 16384.0K->16384.0K Heap: 10544.6M(14336.0M)->3392.5M(14336.0M)]
 [Times: user=0.05 sys=0.01, real=0.01 secs] 
2022-08-01T08:54:25.583-0700: 906237.088: [GC pause (G1 Evacuation Pause) (young) (initial-mark), 0.0155552 secs]
   [Parallel Time: 10.3 ms, GC Workers: 8]
      [GC Worker Start (ms): Min: 906237090.0, Avg: 906237090.0, Max: 906237090.1, Diff: 0.2]
      [Ext Root Scanning (ms): Min: 6.4, Avg: 6.7, Max: 7.0, Diff: 0.6, Sum: 53.2]
      [Update RS (ms): Min: 0.1, Avg: 0.3, Max: 0.5, Diff: 0.4, Sum: 2.3]
         [Processed Buffers: Min: 1, Avg: 20.9, Max: 58, Diff: 57, Sum: 167]
      [Scan RS (ms): Min: 0.0, Avg: 0.1, Max: 0.1, Diff: 0.1, Sum: 0.5]
      [Code Root Scanning (ms): Min: 0.0, Avg: 0.0, Max: 0.0, Diff: 0.0, Sum: 0.0]
      [Object Copy (ms): Min: 0.1, Avg: 0.5, Max: 0.7, Diff: 0.7, Sum: 4.0]
      [Termination (ms): Min: 0.0, Avg: 0.0, Max: 0.0, Diff: 0.0, Sum: 0.0]
         [Termination Attempts: Min: 1, Avg: 1.2, Max: 2, Diff: 1, Sum: 10]
      [GC Worker Other (ms): Min: 0.0, Avg: 0.1, Max: 0.2, Diff: 0.1, Sum: 0.7]
      [GC Worker Total (ms): Min: 7.5, Avg: 7.6, Max: 7.7, Diff: 0.2, Sum: 60.7]
      [GC Worker End (ms): Min: 906237097.6, Avg: 906237097.6, Max: 906237097.7, Diff: 0.1]
   [Code Root Fixup: 0.0 ms]
   [Code Root Purge: 0.0 ms]
   [Clear CT: 0.6 ms]
   [Other: 4.7 ms]
      [Choose CSet: 0.0 ms]
      [Ref Proc: 3.9 ms]
      [Ref Enq: 0.1 ms]
      [Redirty Cards: 0.1 ms]
      [Humongous Register: 0.0 ms]
      [Humongous Reclaim: 0.0 ms]
      [Free CSet: 0.3 ms]
   [Eden: 7152.0M(7152.0M)->0.0B(7152.0M) Survivors: 16384.0K->16384.0K Heap: 10544.5M(14336.0M)->3392.6M(14336.0M)]
 [Times: user=0.06 sys=0.00, real=0.01 secs] 
2022-08-01T08:54:25.599-0700: 906237.103: [GC concurrent-root-region-scan-start]
2022-08-01T08:54:25.604-0700: 906237.109: [GC concurrent-root-region-scan-end, 0.0055404 secs]
2022-08-01T08:54:25.604-0700: 906237.109: [GC concurrent-mark-start]
2022-08-01T08:54:28.057-0700: 906239.561: [GC concurrent-mark-end, 2.4524288 secs]
2022-08-01T08:54:28.057-0700: 906239.562: [GC remark 2022-08-01T08:54:28.057-0700: 906239.562: [Finalize Marking, 0.0003092 secs] 2022-08-01T08:54:28.057-0700: 906239.562: [GC ref-proc, 0.0107234 secs] 2022-08-01T08:54:28.068-0700: 906239.573: [Unloading, 0.0276209 secs], 0.0442296 secs]
 [Times: user=0.26 sys=0.00, real=0.04 secs] 
2022-08-01T08:54:28.102-0700: 906239.606: [GC cleanup 3464M->3464M(14336M), 0.0085747 secs]
 [Times: user=0.06 sys=0.00, real=0.01 secs] 
2022-08-01T09:11:10.413-0700: 907241.918: [GC pause (G1 Evacuation Pause) (young), 0.0092587 secs]
   [Parallel Time: 5.5 ms, GC Workers: 8]
      [GC Worker Start (ms): Min: 907241918.2, Avg: 907241918.2, Max: 907241918.3, Diff: 0.1]
      [Ext Root Scanning (ms): Min: 1.1, Avg: 1.8, Max: 5.3, Diff: 4.2, Sum: 14.5]
      [Update RS (ms): Min: 0.0, Avg: 0.3, Max: 0.7, Diff: 0.7, Sum: 2.6]
         [Processed Buffers: Min: 0, Avg: 20.8, Max: 60, Diff: 60, Sum: 166]
      [Scan RS (ms): Min: 0.0, Avg: 0.1, Max: 0.2, Diff: 0.1, Sum: 0.6]
      [Code Root Scanning (ms): Min: 0.0, Avg: 0.0, Max: 0.0, Diff: 0.0, Sum: 0.0]
      [Object Copy (ms): Min: 0.0, Avg: 0.5, Max: 0.7, Diff: 0.7, Sum: 3.7]
      [Termination (ms): Min: 0.0, Avg: 2.6, Max: 3.0, Diff: 3.0, Sum: 20.8]
         [Termination Attempts: Min: 1, Avg: 5.2, Max: 9, Diff: 8, Sum: 42]
      [GC Worker Other (ms): Min: 0.0, Avg: 0.0, Max: 0.0, Diff: 0.0, Sum: 0.1]
      [GC Worker Total (ms): Min: 5.2, Avg: 5.3, Max: 5.4, Diff: 0.1, Sum: 42.4]
      [GC Worker End (ms): Min: 907241923.5, Avg: 907241923.5, Max: 907241923.6, Diff: 0.0]
   [Code Root Fixup: 0.0 ms]
   [Code Root Purge: 0.0 ms]
   [Clear CT: 0.8 ms]
   [Other: 3.0 ms]
      [Choose CSet: 0.0 ms]
      [Ref Proc: 2.1 ms]
      [Ref Enq: 0.3 ms]
      [Redirty Cards: 0.2 ms]
      [Humongous Register: 0.1 ms]
      [Humongous Reclaim: 0.0 ms]
      [Free CSet: 0.3 ms]
   [Eden: 7152.0M(7152.0M)->0.0B(7152.0M) Survivors: 16384.0K->16384.0K Heap: 10544.6M(14336.0M)->3392.7M(14336.0M)]
 [Times: user=0.05 sys=0.00, real=0.02 secs] 
2022-08-01T09:27:58.067-0700: 908249.571: [GC pause (G1 Evacuation Pause) (young), 0.0101304 secs]
   [Parallel Time: 5.5 ms, GC Workers: 8]
      [GC Worker Start (ms): Min: 908249571.5, Avg: 908249571.6, Max: 908249571.7, Diff: 0.1]
      [Ext Root Scanning (ms): Min: 1.0, Avg: 1.7, Max: 5.2, Diff: 4.2, Sum: 13.6]
      [Update RS (ms): Min: 0.0, Avg: 0.3, Max: 0.7, Diff: 0.7, Sum: 2.6]
         [Processed Buffers: Min: 0, Avg: 20.8, Max: 58, Diff: 58, Sum: 166]
      [Scan RS (ms): Min: 0.0, Avg: 0.1, Max: 0.1, Diff: 0.1, Sum: 0.6]
      [Code Root Scanning (ms): Min: 0.0, Avg: 0.0, Max: 0.0, Diff: 0.0, Sum: 0.0]
      [Object Copy (ms): Min: 0.0, Avg: 0.4, Max: 0.6, Diff: 0.6, Sum: 3.2]
      [Termination (ms): Min: 0.0, Avg: 2.7, Max: 3.1, Diff: 3.1, Sum: 21.5]
         [Termination Attempts: Min: 1, Avg: 2.2, Max: 3, Diff: 2, Sum: 18]
      [GC Worker Other (ms): Min: 0.0, Avg: 0.0, Max: 0.0, Diff: 0.0, Sum: 0.1]
      [GC Worker Total (ms): Min: 5.1, Avg: 5.2, Max: 5.3, Diff: 0.1, Sum: 41.6]
      [GC Worker End (ms): Min: 908249576.8, Avg: 908249576.8, Max: 908249576.8, Diff: 0.0]
   [Code Root Fixup: 0.0 ms]
   [Code Root Purge: 0.0 ms]
   [Clear CT: 0.6 ms]
   [Other: 4.0 ms]
      [Choose CSet: 0.0 ms]
      [Ref Proc: 3.3 ms]
      [Ref Enq: 0.1 ms]
      [Redirty Cards: 0.1 ms]
      [Humongous Register: 0.1 ms]
      [Humongous Reclaim: 0.0 ms]
      [Free CSet: 0.3 ms]
   [Eden: 7152.0M(7152.0M)->0.0B(7152.0M) Survivors: 16384.0K->16384.0K Heap: 10544.7M(14336.0M)->3392.7M(14336.0M)]
 [Times: user=0.05 sys=0.01, real=0.01 secs] 
2022-08-01T09:44:24.312-0700: 909235.817: [GC pause (G1 Evacuation Pause) (young) (initial-mark), 0.0152591 secs]
   [Parallel Time: 9.9 ms, GC Workers: 8]
      [GC Worker Start (ms): Min: 909235819.0, Avg: 909235819.1, Max: 909235819.2, Diff: 0.2]
      [Ext Root Scanning (ms): Min: 6.5, Avg: 6.7, Max: 6.9, Diff: 0.5, Sum: 53.5]
      [Update RS (ms): Min: 0.2, Avg: 0.3, Max: 0.6, Diff: 0.4, Sum: 2.7]
         [Processed Buffers: Min: 1, Avg: 21.4, Max: 60, Diff: 59, Sum: 171]
      [Scan RS (ms): Min: 0.0, Avg: 0.1, Max: 0.2, Diff: 0.1, Sum: 0.6]
      [Code Root Scanning (ms): Min: 0.0, Avg: 0.0, Max: 0.0, Diff: 0.0, Sum: 0.0]
      [Object Copy (ms): Min: 0.2, Avg: 0.5, Max: 0.8, Diff: 0.6, Sum: 4.4]
      [Termination (ms): Min: 0.0, Avg: 0.0, Max: 0.0, Diff: 0.0, Sum: 0.0]
         [Termination Attempts: Min: 1, Avg: 4.6, Max: 8, Diff: 7, Sum: 37]
      [GC Worker Other (ms): Min: 0.0, Avg: 0.1, Max: 0.2, Diff: 0.1, Sum: 0.5]
      [GC Worker Total (ms): Min: 7.6, Avg: 7.7, Max: 7.8, Diff: 0.2, Sum: 61.7]
      [GC Worker End (ms): Min: 909235826.8, Avg: 909235826.8, Max: 909235826.9, Diff: 0.1]
   [Code Root Fixup: 0.0 ms]
   [Code Root Purge: 0.0 ms]
   [Clear CT: 0.7 ms]
   [Other: 4.7 ms]
      [Choose CSet: 0.0 ms]
      [Ref Proc: 4.0 ms]
      [Ref Enq: 0.1 ms]
      [Redirty Cards: 0.1 ms]
      [Humongous Register: 0.0 ms]
      [Humongous Reclaim: 0.0 ms]
      [Free CSet: 0.3 ms]
   [Eden: 7152.0M(7152.0M)->0.0B(7152.0M) Survivors: 16384.0K->16384.0K Heap: 10544.7M(14336.0M)->3392.6M(14336.0M)]
 [Times: user=0.07 sys=0.00, real=0.02 secs] 
2022-08-01T09:44:24.328-0700: 909235.832: [GC concurrent-root-region-scan-start]
2022-08-01T09:44:24.332-0700: 909235.837: [GC concurrent-root-region-scan-end, 0.0047235 secs]
2022-08-01T09:44:24.332-0700: 909235.837: [GC concurrent-mark-start]
2022-08-01T09:44:26.805-0700: 909238.310: [GC concurrent-mark-end, 2.4728871 secs]
2022-08-01T09:44:26.806-0700: 909238.310: [GC remark 2022-08-01T09:44:26.806-0700: 909238.311: [Finalize Marking, 0.0003801 secs] 2022-08-01T09:44:26.806-0700: 909238.311: [GC ref-proc, 0.0104778 secs] 2022-08-01T09:44:26.817-0700: 909238.321: [Unloading, 0.0273815 secs], 0.0437510 secs]
 [Times: user=0.26 sys=0.00, real=0.04 secs] 
2022-08-01T09:44:26.850-0700: 909238.355: [GC cleanup 3432M->3432M(14336M), 0.0085999 secs]
 [Times: user=0.06 sys=0.00, real=0.01 secs] 
2022-08-01T10:01:04.761-0700: 910236.266: [GC pause (G1 Evacuation Pause) (young), 0.0115420 secs]
   [Parallel Time: 6.1 ms, GC Workers: 8]
      [GC Worker Start (ms): Min: 910236266.0, Avg: 910236266.1, Max: 910236266.2, Diff: 0.2]
      [Ext Root Scanning (ms): Min: 1.2, Avg: 2.0, Max: 5.7, Diff: 4.5, Sum: 16.0]
      [Update RS (ms): Min: 0.0, Avg: 0.4, Max: 0.7, Diff: 0.7, Sum: 3.0]
         [Processed Buffers: Min: 0, Avg: 20.8, Max: 65, Diff: 65, Sum: 166]
      [Scan RS (ms): Min: 0.0, Avg: 0.1, Max: 0.2, Diff: 0.1, Sum: 0.7]
      [Code Root Scanning (ms): Min: 0.0, Avg: 0.0, Max: 0.0, Diff: 0.0, Sum: 0.0]
      [Object Copy (ms): Min: 0.0, Avg: 0.5, Max: 0.7, Diff: 0.7, Sum: 3.9]
      [Termination (ms): Min: 0.0, Avg: 2.7, Max: 3.1, Diff: 3.1, Sum: 21.7]
         [Termination Attempts: Min: 1, Avg: 1.2, Max: 2, Diff: 1, Sum: 10]
      [GC Worker Other (ms): Min: 0.0, Avg: 0.0, Max: 0.0, Diff: 0.0, Sum: 0.1]
      [GC Worker Total (ms): Min: 5.6, Avg: 5.7, Max: 5.8, Diff: 0.2, Sum: 45.4]
      [GC Worker End (ms): Min: 910236271.8, Avg: 910236271.8, Max: 910236271.8, Diff: 0.0]
   [Code Root Fixup: 0.0 ms]
   [Code Root Purge: 0.0 ms]
   [Clear CT: 0.6 ms]
   [Other: 4.8 ms]
      [Choose CSet: 0.0 ms]
      [Ref Proc: 4.1 ms]
      [Ref Enq: 0.1 ms]
      [Redirty Cards: 0.1 ms]
      [Humongous Register: 0.1 ms]
      [Humongous Reclaim: 0.0 ms]
      [Free CSet: 0.3 ms]
   [Eden: 7152.0M(7152.0M)->0.0B(7152.0M) Survivors: 16384.0K->16384.0K Heap: 10544.6M(14336.0M)->3392.7M(14336.0M)]
 [Times: user=0.06 sys=0.00, real=0.01 secs] 
2022-08-01T10:17:46.562-0700: 911238.067: [GC pause (G1 Evacuation Pause) (young), 0.0088881 secs]
   [Parallel Time: 5.6 ms, GC Workers: 8]
      [GC Worker Start (ms): Min: 911238066.8, Avg: 911238066.9, Max: 911238066.9, Diff: 0.1]
      [Ext Root Scanning (ms): Min: 1.2, Avg: 1.9, Max: 5.3, Diff: 4.1, Sum: 15.2]
      [Update RS (ms): Min: 0.0, Avg: 0.4, Max: 0.7, Diff: 0.7, Sum: 2.9]
         [Processed Buffers: Min: 0, Avg: 21.0, Max: 58, Diff: 58, Sum: 168]
      [Scan RS (ms): Min: 0.0, Avg: 0.1, Max: 0.1, Diff: 0.1, Sum: 0.6]
      [Code Root Scanning (ms): Min: 0.0, Avg: 0.0, Max: 0.0, Diff: 0.0, Sum: 0.0]
      [Object Copy (ms): Min: 0.0, Avg: 0.5, Max: 0.7, Diff: 0.7, Sum: 3.8]
      [Termination (ms): Min: 0.0, Avg: 2.5, Max: 2.9, Diff: 2.9, Sum: 19.9]
         [Termination Attempts: Min: 1, Avg: 1.1, Max: 2, Diff: 1, Sum: 9]
      [GC Worker Other (ms): Min: 0.0, Avg: 0.0, Max: 0.0, Diff: 0.0, Sum: 0.2]
      [GC Worker Total (ms): Min: 5.3, Avg: 5.3, Max: 5.4, Diff: 0.1, Sum: 42.7]
      [GC Worker End (ms): Min: 911238072.2, Avg: 911238072.2, Max: 911238072.3, Diff: 0.0]
   [Code Root Fixup: 0.0 ms]
   [Code Root Purge: 0.0 ms]
   [Clear CT: 0.6 ms]
   [Other: 2.7 ms]
      [Choose CSet: 0.0 ms]
      [Ref Proc: 2.0 ms]
      [Ref Enq: 0.2 ms]
      [Redirty Cards: 0.1 ms]
      [Humongous Register: 0.1 ms]
      [Humongous Reclaim: 0.0 ms]
      [Free CSet: 0.3 ms]
   [Eden: 7152.0M(7152.0M)->0.0B(7152.0M) Survivors: 16384.0K->16384.0K Heap: 10544.7M(14336.0M)->3392.6M(14336.0M)]
 [Times: user=0.05 sys=0.00, real=0.01 secs] 
2022-08-01T10:34:20.162-0700: 912231.666: [GC pause (G1 Evacuation Pause) (young) (initial-mark), 0.0148218 secs]
   [Parallel Time: 9.6 ms, GC Workers: 8]
      [GC Worker Start (ms): Min: 912231668.6, Avg: 912231668.7, Max: 912231668.7, Diff: 0.1]
      [Ext Root Scanning (ms): Min: 6.2, Avg: 6.4, Max: 6.7, Diff: 0.5, Sum: 51.5]
      [Update RS (ms): Min: 0.2, Avg: 0.3, Max: 0.5, Diff: 0.3, Sum: 2.1]
         [Processed Buffers: Min: 1, Avg: 20.6, Max: 56, Diff: 55, Sum: 165]
      [Scan RS (ms): Min: 0.0, Avg: 0.1, Max: 0.1, Diff: 0.1, Sum: 0.5]
      [Code Root Scanning (ms): Min: 0.0, Avg: 0.0, Max: 0.0, Diff: 0.0, Sum: 0.0]
      [Object Copy (ms): Min: 0.1, Avg: 0.5, Max: 0.7, Diff: 0.7, Sum: 4.0]
      [Termination (ms): Min: 0.0, Avg: 0.0, Max: 0.0, Diff: 0.0, Sum: 0.1]
         [Termination Attempts: Min: 1, Avg: 1.4, Max: 3, Diff: 2, Sum: 11]
      [GC Worker Other (ms): Min: 0.0, Avg: 0.0, Max: 0.1, Diff: 0.1, Sum: 0.3]
      [GC Worker Total (ms): Min: 7.3, Avg: 7.3, Max: 7.4, Diff: 0.1, Sum: 58.6]
      [GC Worker End (ms): Min: 912231676.0, Avg: 912231676.0, Max: 912231676.0, Diff: 0.1]
   [Code Root Fixup: 0.0 ms]
   [Code Root Purge: 0.0 ms]
   [Clear CT: 0.6 ms]
   [Other: 4.6 ms]
      [Choose CSet: 0.0 ms]
      [Ref Proc: 3.8 ms]
      [Ref Enq: 0.1 ms]
      [Redirty Cards: 0.1 ms]
      [Humongous Register: 0.0 ms]
      [Humongous Reclaim: 0.0 ms]
      [Free CSet: 0.3 ms]
   [Eden: 7152.0M(7152.0M)->0.0B(7152.0M) Survivors: 16384.0K->16384.0K Heap: 10544.6M(14336.0M)->3392.8M(14336.0M)]
 [Times: user=0.05 sys=0.01, real=0.02 secs] 
2022-08-01T10:34:20.177-0700: 912231.681: [GC concurrent-root-region-scan-start]
2022-08-01T10:34:20.182-0700: 912231.687: [GC concurrent-root-region-scan-end, 0.0053576 secs]
2022-08-01T10:34:20.182-0700: 912231.687: [GC concurrent-mark-start]
2022-08-01T10:34:22.661-0700: 912234.165: [GC concurrent-mark-end, 2.4786887 secs]
2022-08-01T10:34:22.661-0700: 912234.166: [GC remark 2022-08-01T10:34:22.661-0700: 912234.166: [Finalize Marking, 0.0003445 secs] 2022-08-01T10:34:22.662-0700: 912234.166: [GC ref-proc, 0.0106175 secs] 2022-08-01T10:34:22.672-0700: 912234.177: [Unloading, 0.0277027 secs], 0.0441320 secs]
 [Times: user=0.26 sys=0.00, real=0.05 secs] 
2022-08-01T10:34:22.706-0700: 912234.210: [GC cleanup 3464M->3464M(14336M), 0.0087321 secs]
 [Times: user=0.06 sys=0.00, real=0.00 secs] 
2022-08-01T10:50:49.613-0700: 913221.118: [GC pause (G1 Evacuation Pause) (young), 0.0107353 secs]
   [Parallel Time: 5.4 ms, GC Workers: 8]
      [GC Worker Start (ms): Min: 913221118.0, Avg: 913221118.0, Max: 913221118.1, Diff: 0.1]
      [Ext Root Scanning (ms): Min: 1.1, Avg: 1.8, Max: 5.2, Diff: 4.1, Sum: 14.3]
      [Update RS (ms): Min: 0.0, Avg: 0.3, Max: 0.8, Diff: 0.8, Sum: 2.6]
         [Processed Buffers: Min: 0, Avg: 21.9, Max: 53, Diff: 53, Sum: 175]
      [Scan RS (ms): Min: 0.0, Avg: 0.1, Max: 0.1, Diff: 0.1, Sum: 0.6]
      [Code Root Scanning (ms): Min: 0.0, Avg: 0.0, Max: 0.0, Diff: 0.0, Sum: 0.0]
      [Object Copy (ms): Min: 0.0, Avg: 0.4, Max: 0.6, Diff: 0.6, Sum: 3.3]
      [Termination (ms): Min: 0.0, Avg: 2.6, Max: 3.0, Diff: 3.0, Sum: 20.7]
         [Termination Attempts: Min: 1, Avg: 1.0, Max: 1, Diff: 0, Sum: 8]
      [GC Worker Other (ms): Min: 0.0, Avg: 0.0, Max: 0.0, Diff: 0.0, Sum: 0.1]
      [GC Worker Total (ms): Min: 5.1, Avg: 5.2, Max: 5.2, Diff: 0.1, Sum: 41.6]
      [GC Worker End (ms): Min: 913221123.2, Avg: 913221123.2, Max: 913221123.3, Diff: 0.0]
   [Code Root Fixup: 0.0 ms]
   [Code Root Purge: 0.0 ms]
   [Clear CT: 0.6 ms]
   [Other: 4.7 ms]
      [Choose CSet: 0.0 ms]
      [Ref Proc: 4.0 ms]
      [Ref Enq: 0.1 ms]
      [Redirty Cards: 0.1 ms]
      [Humongous Register: 0.1 ms]
      [Humongous Reclaim: 0.0 ms]
      [Free CSet: 0.3 ms]
   [Eden: 7152.0M(7152.0M)->0.0B(7152.0M) Survivors: 16384.0K->16384.0K Heap: 10544.8M(14336.0M)->3392.7M(14336.0M)]
 [Times: user=0.06 sys=0.00, real=0.02 secs] 
2022-08-01T11:07:32.563-0700: 914224.068: [GC pause (G1 Evacuation Pause) (young), 0.0110910 secs]
   [Parallel Time: 6.1 ms, GC Workers: 8]
      [GC Worker Start (ms): Min: 914224068.0, Avg: 914224068.1, Max: 914224068.1, Diff: 0.2]
      [Ext Root Scanning (ms): Min: 1.2, Avg: 1.9, Max: 5.7, Diff: 4.5, Sum: 15.5]
      [Update RS (ms): Min: 0.0, Avg: 0.3, Max: 0.6, Diff: 0.6, Sum: 2.7]
         [Processed Buffers: Min: 0, Avg: 20.4, Max: 51, Diff: 51, Sum: 163]
      [Scan RS (ms): Min: 0.0, Avg: 0.1, Max: 0.2, Diff: 0.1, Sum: 0.6]
      [Code Root Scanning (ms): Min: 0.0, Avg: 0.0, Max: 0.0, Diff: 0.0, Sum: 0.0]
      [Object Copy (ms): Min: 0.0, Avg: 0.4, Max: 0.6, Diff: 0.6, Sum: 3.2]
      [Termination (ms): Min: 0.0, Avg: 2.9, Max: 3.3, Diff: 3.3, Sum: 23.0]
         [Termination Attempts: Min: 1, Avg: 1.5, Max: 2, Diff: 1, Sum: 12]
      [GC Worker Other (ms): Min: 0.0, Avg: 0.0, Max: 0.0, Diff: 0.0, Sum: 0.2]
      [GC Worker Total (ms): Min: 5.6, Avg: 5.7, Max: 5.8, Diff: 0.2, Sum: 45.4]
      [GC Worker End (ms): Min: 914224073.7, Avg: 914224073.7, Max: 914224073.7, Diff: 0.0]
   [Code Root Fixup: 0.0 ms]
   [Code Root Purge: 0.0 ms]
   [Clear CT: 0.6 ms]
   [Other: 4.4 ms]
      [Choose CSet: 0.0 ms]
      [Ref Proc: 3.7 ms]
      [Ref Enq: 0.1 ms]
      [Redirty Cards: 0.1 ms]
      [Humongous Register: 0.1 ms]
      [Humongous Reclaim: 0.0 ms]
      [Free CSet: 0.3 ms]
   [Eden: 7152.0M(7152.0M)->0.0B(7152.0M) Survivors: 16384.0K->16384.0K Heap: 10544.7M(14336.0M)->3392.6M(14336.0M)]
 [Times: user=0.06 sys=0.00, real=0.00 secs] 
2022-08-01T11:24:08.013-0700: 915219.517: [GC pause (G1 Evacuation Pause) (young) (initial-mark), 0.0154778 secs]
   [Parallel Time: 10.3 ms, GC Workers: 8]
      [GC Worker Start (ms): Min: 915219519.6, Avg: 915219519.7, Max: 915219519.8, Diff: 0.2]
      [Ext Root Scanning (ms): Min: 6.4, Avg: 6.6, Max: 7.0, Diff: 0.6, Sum: 53.0]
      [Update RS (ms): Min: 0.2, Avg: 0.3, Max: 0.6, Diff: 0.4, Sum: 2.5]
         [Processed Buffers: Min: 1, Avg: 20.2, Max: 63, Diff: 62, Sum: 162]
      [Scan RS (ms): Min: 0.0, Avg: 0.1, Max: 0.1, Diff: 0.1, Sum: 0.5]
      [Code Root Scanning (ms): Min: 0.0, Avg: 0.0, Max: 0.0, Diff: 0.0, Sum: 0.0]
      [Object Copy (ms): Min: 0.1, Avg: 0.5, Max: 0.8, Diff: 0.7, Sum: 4.4]
      [Termination (ms): Min: 0.0, Avg: 0.0, Max: 0.0, Diff: 0.0, Sum: 0.3]
         [Termination Attempts: Min: 1, Avg: 1.5, Max: 4, Diff: 3, Sum: 12]
      [GC Worker Other (ms): Min: 0.0, Avg: 0.0, Max: 0.1, Diff: 0.1, Sum: 0.4]
      [GC Worker Total (ms): Min: 7.5, Avg: 7.6, Max: 7.8, Diff: 0.2, Sum: 61.0]
      [GC Worker End (ms): Min: 915219527.3, Avg: 915219527.3, Max: 915219527.4, Diff: 0.1]
   [Code Root Fixup: 0.0 ms]
   [Code Root Purge: 0.0 ms]
   [Clear CT: 0.6 ms]
   [Other: 4.6 ms]
      [Choose CSet: 0.0 ms]
      [Ref Proc: 3.8 ms]
      [Ref Enq: 0.1 ms]
      [Redirty Cards: 0.1 ms]
      [Humongous Register: 0.1 ms]
      [Humongous Reclaim: 0.0 ms]
      [Free CSet: 0.3 ms]
   [Eden: 7152.0M(7152.0M)->0.0B(7152.0M) Survivors: 16384.0K->16384.0K Heap: 10544.6M(14336.0M)->3392.6M(14336.0M)]
 [Times: user=0.04 sys=0.02, real=0.02 secs] 
2022-08-01T11:24:08.028-0700: 915219.533: [GC concurrent-root-region-scan-start]
2022-08-01T11:24:08.034-0700: 915219.538: [GC concurrent-root-region-scan-end, 0.0055255 secs]
2022-08-01T11:24:08.034-0700: 915219.538: [GC concurrent-mark-start]
2022-08-01T11:24:10.516-0700: 915222.021: [GC concurrent-mark-end, 2.4827478 secs]
2022-08-01T11:24:10.517-0700: 915222.022: [GC remark 2022-08-01T11:24:10.517-0700: 915222.022: [Finalize Marking, 0.0002607 secs] 2022-08-01T11:24:10.517-0700: 915222.022: [GC ref-proc, 0.0088419 secs] 2022-08-01T11:24:10.526-0700: 915222.031: [Unloading, 0.0282973 secs], 0.0429118 secs]
 [Times: user=0.26 sys=0.00, real=0.04 secs] 
2022-08-01T11:24:10.560-0700: 915222.065: [GC cleanup 3464M->3464M(14336M), 0.0084126 secs]
 [Times: user=0.06 sys=0.00, real=0.01 secs] 
2022-08-01T11:40:40.862-0700: 916212.367: [GC pause (G1 Evacuation Pause) (young), 0.0114856 secs]
   [Parallel Time: 6.0 ms, GC Workers: 8]
      [GC Worker Start (ms): Min: 916212367.3, Avg: 916212367.4, Max: 916212367.5, Diff: 0.2]
      [Ext Root Scanning (ms): Min: 1.2, Avg: 1.9, Max: 5.7, Diff: 4.5, Sum: 15.4]
      [Update RS (ms): Min: 0.0, Avg: 0.4, Max: 0.8, Diff: 0.8, Sum: 2.9]
         [Processed Buffers: Min: 0, Avg: 21.9, Max: 76, Diff: 76, Sum: 175]
      [Scan RS (ms): Min: 0.0, Avg: 0.1, Max: 0.2, Diff: 0.1, Sum: 0.7]
      [Code Root Scanning (ms): Min: 0.0, Avg: 0.0, Max: 0.0, Diff: 0.0, Sum: 0.0]
      [Object Copy (ms): Min: 0.0, Avg: 0.5, Max: 0.8, Diff: 0.7, Sum: 4.1]
      [Termination (ms): Min: 0.0, Avg: 2.8, Max: 3.2, Diff: 3.2, Sum: 22.1]
         [Termination Attempts: Min: 1, Avg: 5.2, Max: 10, Diff: 9, Sum: 42]
      [GC Worker Other (ms): Min: 0.0, Avg: 0.0, Max: 0.0, Diff: 0.0, Sum: 0.2]
      [GC Worker Total (ms): Min: 5.6, Avg: 5.7, Max: 5.8, Diff: 0.2, Sum: 45.4]
      [GC Worker End (ms): Min: 916212373.1, Avg: 916212373.1, Max: 916212373.1, Diff: 0.0]
   [Code Root Fixup: 0.0 ms]
   [Code Root Purge: 0.0 ms]
   [Clear CT: 0.6 ms]
   [Other: 4.8 ms]
      [Choose CSet: 0.0 ms]
      [Ref Proc: 4.1 ms]
      [Ref Enq: 0.1 ms]
      [Redirty Cards: 0.1 ms]
      [Humongous Register: 0.1 ms]
      [Humongous Reclaim: 0.0 ms]
      [Free CSet: 0.3 ms]
   [Eden: 7152.0M(7152.0M)->0.0B(7152.0M) Survivors: 16384.0K->16384.0K Heap: 10544.6M(14336.0M)->3392.8M(14336.0M)]
 [Times: user=0.05 sys=0.01, real=0.01 secs] 
2022-08-01T11:57:20.162-0700: 917211.667: [GC pause (G1 Evacuation Pause) (young), 0.0088649 secs]
   [Parallel Time: 5.9 ms, GC Workers: 8]
      [GC Worker Start (ms): Min: 917211666.7, Avg: 917211666.8, Max: 917211666.8, Diff: 0.1]
      [Ext Root Scanning (ms): Min: 1.3, Avg: 2.0, Max: 5.8, Diff: 4.5, Sum: 16.1]
      [Update RS (ms): Min: 0.0, Avg: 0.4, Max: 0.8, Diff: 0.8, Sum: 3.0]
         [Processed Buffers: Min: 0, Avg: 21.5, Max: 82, Diff: 82, Sum: 172]
      [Scan RS (ms): Min: 0.0, Avg: 0.1, Max: 0.1, Diff: 0.1, Sum: 0.7]
      [Code Root Scanning (ms): Min: 0.0, Avg: 0.0, Max: 0.0, Diff: 0.0, Sum: 0.0]
      [Object Copy (ms): Min: 0.0, Avg: 0.5, Max: 0.7, Diff: 0.7, Sum: 4.0]
      [Termination (ms): Min: 0.0, Avg: 2.8, Max: 3.3, Diff: 3.3, Sum: 22.6]
         [Termination Attempts: Min: 1, Avg: 4.8, Max: 6, Diff: 5, Sum: 38]
      [GC Worker Other (ms): Min: 0.0, Avg: 0.0, Max: 0.0, Diff: 0.0, Sum: 0.1]
      [GC Worker Total (ms): Min: 5.8, Avg: 5.8, Max: 5.9, Diff: 0.1, Sum: 46.5]
      [GC Worker End (ms): Min: 917211672.6, Avg: 917211672.6, Max: 917211672.6, Diff: 0.0]
   [Code Root Fixup: 0.0 ms]
   [Code Root Purge: 0.0 ms]
   [Clear CT: 0.6 ms]
   [Other: 2.4 ms]
      [Choose CSet: 0.0 ms]
      [Ref Proc: 1.6 ms]
      [Ref Enq: 0.1 ms]
      [Redirty Cards: 0.1 ms]
      [Humongous Register: 0.1 ms]
      [Humongous Reclaim: 0.0 ms]
      [Free CSet: 0.3 ms]
   [Eden: 7152.0M(7152.0M)->0.0B(7152.0M) Survivors: 16384.0K->16384.0K Heap: 10544.8M(14336.0M)->3392.6M(14336.0M)]
 [Times: user=0.05 sys=0.00, real=0.01 secs] 
2022-08-01T12:13:53.562-0700: 918205.067: [GC pause (G1 Evacuation Pause) (young) (initial-mark), 0.0134815 secs]
   [Parallel Time: 8.3 ms, GC Workers: 8]
      [GC Worker Start (ms): Min: 918205068.8, Avg: 918205068.8, Max: 918205068.9, Diff: 0.1]
      [Ext Root Scanning (ms): Min: 5.4, Avg: 5.6, Max: 5.8, Diff: 0.4, Sum: 45.0]
      [Update RS (ms): Min: 0.2, Avg: 0.3, Max: 0.5, Diff: 0.3, Sum: 2.0]
         [Processed Buffers: Min: 1, Avg: 21.4, Max: 79, Diff: 78, Sum: 171]
      [Scan RS (ms): Min: 0.0, Avg: 0.1, Max: 0.1, Diff: 0.1, Sum: 0.5]
      [Code Root Scanning (ms): Min: 0.0, Avg: 0.0, Max: 0.0, Diff: 0.0, Sum: 0.0]
      [Object Copy (ms): Min: 0.1, Avg: 0.4, Max: 0.6, Diff: 0.5, Sum: 3.1]
      [Termination (ms): Min: 0.0, Avg: 0.1, Max: 0.1, Diff: 0.1, Sum: 0.4]
         [Termination Attempts: Min: 1, Avg: 9.2, Max: 12, Diff: 11, Sum: 74]
      [GC Worker Other (ms): Min: 0.0, Avg: 0.0, Max: 0.0, Diff: 0.0, Sum: 0.1]
      [GC Worker Total (ms): Min: 6.3, Avg: 6.4, Max: 6.5, Diff: 0.2, Sum: 51.2]
      [GC Worker End (ms): Min: 918205075.2, Avg: 918205075.3, Max: 918205075.3, Diff: 0.0]
   [Code Root Fixup: 0.0 ms]
   [Code Root Purge: 0.0 ms]
   [Clear CT: 0.6 ms]
   [Other: 4.5 ms]
      [Choose CSet: 0.0 ms]
      [Ref Proc: 3.8 ms]
      [Ref Enq: 0.1 ms]
      [Redirty Cards: 0.1 ms]
      [Humongous Register: 0.0 ms]
      [Humongous Reclaim: 0.0 ms]
      [Free CSet: 0.3 ms]
   [Eden: 7152.0M(7152.0M)->0.0B(7152.0M) Survivors: 16384.0K->16384.0K Heap: 10544.6M(14336.0M)->3392.7M(14336.0M)]
 [Times: user=0.05 sys=0.01, real=0.02 secs] 
2022-08-01T12:13:53.576-0700: 918205.081: [GC concurrent-root-region-scan-start]
2022-08-01T12:13:53.581-0700: 918205.085: [GC concurrent-root-region-scan-end, 0.0047997 secs]
2022-08-01T12:13:53.581-0700: 918205.085: [GC concurrent-mark-start]
2022-08-01T12:13:56.043-0700: 918207.548: [GC concurrent-mark-end, 2.4623024 secs]
2022-08-01T12:13:56.043-0700: 918207.548: [GC remark 2022-08-01T12:13:56.043-0700: 918207.548: [Finalize Marking, 0.0003075 secs] 2022-08-01T12:13:56.044-0700: 918207.548: [GC ref-proc, 0.0069718 secs] 2022-08-01T12:13:56.051-0700: 918207.555: [Unloading, 0.0277768 secs], 0.0403293 secs]
 [Times: user=0.26 sys=0.00, real=0.04 secs] 
2022-08-01T12:13:56.084-0700: 918207.589: [GC cleanup 3432M->3432M(14336M), 0.0078509 secs]
 [Times: user=0.06 sys=0.00, real=0.00 secs] 
2022-08-01T12:30:32.662-0700: 919204.167: [GC pause (G1 Evacuation Pause) (young), 0.0120657 secs]
   [Parallel Time: 6.4 ms, GC Workers: 8]
      [GC Worker Start (ms): Min: 919204166.9, Avg: 919204167.0, Max: 919204167.1, Diff: 0.2]
      [Ext Root Scanning (ms): Min: 1.2, Avg: 2.0, Max: 6.1, Diff: 4.9, Sum: 16.0]
      [Update RS (ms): Min: 0.0, Avg: 0.4, Max: 0.7, Diff: 0.7, Sum: 2.9]
         [Processed Buffers: Min: 0, Avg: 21.2, Max: 79, Diff: 79, Sum: 170]
      [Scan RS (ms): Min: 0.0, Avg: 0.1, Max: 0.2, Diff: 0.1, Sum: 0.7]
      [Code Root Scanning (ms): Min: 0.0, Avg: 0.0, Max: 0.0, Diff: 0.0, Sum: 0.0]
      [Object Copy (ms): Min: 0.0, Avg: 0.5, Max: 0.7, Diff: 0.7, Sum: 4.0]
      [Termination (ms): Min: 0.0, Avg: 3.1, Max: 3.6, Diff: 3.6, Sum: 25.1]
         [Termination Attempts: Min: 1, Avg: 4.6, Max: 8, Diff: 7, Sum: 37]
      [GC Worker Other (ms): Min: 0.0, Avg: 0.0, Max: 0.0, Diff: 0.0, Sum: 0.2]
      [GC Worker Total (ms): Min: 6.0, Avg: 6.1, Max: 6.2, Diff: 0.1, Sum: 48.9]
      [GC Worker End (ms): Min: 919204173.1, Avg: 919204173.1, Max: 919204173.1, Diff: 0.0]
   [Code Root Fixup: 0.0 ms]
   [Code Root Purge: 0.0 ms]
   [Clear CT: 0.7 ms]
   [Other: 5.0 ms]
      [Choose CSet: 0.0 ms]
      [Ref Proc: 4.2 ms]
      [Ref Enq: 0.1 ms]
      [Redirty Cards: 0.1 ms]
      [Humongous Register: 0.1 ms]
      [Humongous Reclaim: 0.0 ms]
      [Free CSet: 0.3 ms]
   [Eden: 7152.0M(7152.0M)->0.0B(7152.0M) Survivors: 16384.0K->16384.0K Heap: 10544.7M(14336.0M)->3392.7M(14336.0M)]
 [Times: user=0.07 sys=0.00, real=0.01 secs] 
2022-08-01T12:47:01.611-0700: 920193.116: [GC pause (G1 Evacuation Pause) (young), 0.0091612 secs]
   [Parallel Time: 5.1 ms, GC Workers: 8]
      [GC Worker Start (ms): Min: 920193116.3, Avg: 920193116.4, Max: 920193116.5, Diff: 0.2]
      [Ext Root Scanning (ms): Min: 0.8, Avg: 1.5, Max: 4.8, Diff: 3.9, Sum: 12.3]
      [Update RS (ms): Min: 0.0, Avg: 0.3, Max: 0.5, Diff: 0.5, Sum: 2.1]
         [Processed Buffers: Min: 0, Avg: 21.9, Max: 78, Diff: 78, Sum: 175]
      [Scan RS (ms): Min: 0.0, Avg: 0.1, Max: 0.1, Diff: 0.1, Sum: 0.5]
      [Code Root Scanning (ms): Min: 0.0, Avg: 0.0, Max: 0.0, Diff: 0.0, Sum: 0.0]
      [Object Copy (ms): Min: 0.0, Avg: 0.3, Max: 0.5, Diff: 0.5, Sum: 2.5]
      [Termination (ms): Min: 0.0, Avg: 2.5, Max: 2.9, Diff: 2.9, Sum: 20.2]
         [Termination Attempts: Min: 1, Avg: 1.5, Max: 3, Diff: 2, Sum: 12]
      [GC Worker Other (ms): Min: 0.0, Avg: 0.0, Max: 0.1, Diff: 0.1, Sum: 0.2]
      [GC Worker Total (ms): Min: 4.6, Avg: 4.7, Max: 4.8, Diff: 0.2, Sum: 37.7]
      [GC Worker End (ms): Min: 920193121.1, Avg: 920193121.1, Max: 920193121.2, Diff: 0.1]
   [Code Root Fixup: 0.0 ms]
   [Code Root Purge: 0.0 ms]
   [Clear CT: 0.6 ms]
   [Other: 3.4 ms]
      [Choose CSet: 0.0 ms]
      [Ref Proc: 2.8 ms]
      [Ref Enq: 0.1 ms]
      [Redirty Cards: 0.1 ms]
      [Humongous Register: 0.1 ms]
      [Humongous Reclaim: 0.0 ms]
      [Free CSet: 0.3 ms]
   [Eden: 7152.0M(7152.0M)->0.0B(7152.0M) Survivors: 16384.0K->16384.0K Heap: 10544.7M(14336.0M)->3392.6M(14336.0M)]
 [Times: user=0.05 sys=0.00, real=0.01 secs] 
2022-08-01T13:03:33.861-0700: 921185.366: [GC pause (G1 Evacuation Pause) (young) (initial-mark), 0.0162646 secs]
   [Parallel Time: 10.5 ms, GC Workers: 8]
      [GC Worker Start (ms): Min: 921185368.2, Avg: 921185368.3, Max: 921185368.3, Diff: 0.1]
      [Ext Root Scanning (ms): Min: 6.8, Avg: 7.0, Max: 7.3, Diff: 0.5, Sum: 56.2]
      [Update RS (ms): Min: 0.2, Avg: 0.3, Max: 0.5, Diff: 0.3, Sum: 2.2]
         [Processed Buffers: Min: 1, Avg: 21.2, Max: 61, Diff: 60, Sum: 170]
      [Scan RS (ms): Min: 0.0, Avg: 0.1, Max: 0.1, Diff: 0.1, Sum: 0.5]
      [Code Root Scanning (ms): Min: 0.0, Avg: 0.0, Max: 0.0, Diff: 0.0, Sum: 0.0]
      [Object Copy (ms): Min: 0.1, Avg: 0.5, Max: 0.7, Diff: 0.7, Sum: 4.0]
      [Termination (ms): Min: 0.0, Avg: 0.1, Max: 0.1, Diff: 0.1, Sum: 0.5]
         [Termination Attempts: Min: 1, Avg: 5.6, Max: 8, Diff: 7, Sum: 45]
      [GC Worker Other (ms): Min: 0.0, Avg: 0.0, Max: 0.0, Diff: 0.0, Sum: 0.2]
      [GC Worker Total (ms): Min: 7.9, Avg: 7.9, Max: 8.0, Diff: 0.2, Sum: 63.6]
      [GC Worker End (ms): Min: 921185376.2, Avg: 921185376.2, Max: 921185376.2, Diff: 0.0]
   [Code Root Fixup: 0.0 ms]
   [Code Root Purge: 0.0 ms]
   [Clear CT: 0.7 ms]
   [Other: 5.0 ms]
      [Choose CSet: 0.0 ms]
      [Ref Proc: 4.2 ms]
      [Ref Enq: 0.1 ms]
      [Redirty Cards: 0.1 ms]
      [Humongous Register: 0.1 ms]
      [Humongous Reclaim: 0.0 ms]
      [Free CSet: 0.3 ms]
   [Eden: 7152.0M(7152.0M)->0.0B(7152.0M) Survivors: 16384.0K->16384.0K Heap: 10544.6M(14336.0M)->3392.7M(14336.0M)]
 [Times: user=0.06 sys=0.00, real=0.02 secs] 
2022-08-01T13:03:33.878-0700: 921185.382: [GC concurrent-root-region-scan-start]
2022-08-01T13:03:33.883-0700: 921185.387: [GC concurrent-root-region-scan-end, 0.0050412 secs]
2022-08-01T13:03:33.883-0700: 921185.387: [GC concurrent-mark-start]
2022-08-01T13:03:36.337-0700: 921187.842: [GC concurrent-mark-end, 2.4541933 secs]
2022-08-01T13:03:36.337-0700: 921187.842: [GC remark 2022-08-01T13:03:36.337-0700: 921187.842: [Finalize Marking, 0.0002638 secs] 2022-08-01T13:03:36.338-0700: 921187.842: [GC ref-proc, 0.0111320 secs] 2022-08-01T13:03:36.349-0700: 921187.853: [Unloading, 0.0281432 secs], 0.0449279 secs]
 [Times: user=0.26 sys=0.00, real=0.04 secs] 
2022-08-01T13:03:36.382-0700: 921187.887: [GC cleanup 3432M->3432M(14336M), 0.0080112 secs]
 [Times: user=0.06 sys=0.00, real=0.01 secs] 
2022-08-01T13:20:23.715-0700: 922195.220: [GC pause (G1 Evacuation Pause) (young), 0.0111797 secs]
   [Parallel Time: 5.8 ms, GC Workers: 8]
      [GC Worker Start (ms): Min: 922195219.9, Avg: 922195220.0, Max: 922195220.1, Diff: 0.2]
      [Ext Root Scanning (ms): Min: 1.0, Avg: 1.8, Max: 5.6, Diff: 4.6, Sum: 14.2]
      [Update RS (ms): Min: 0.0, Avg: 0.3, Max: 0.6, Diff: 0.6, Sum: 2.4]
         [Processed Buffers: Min: 0, Avg: 20.2, Max: 76, Diff: 76, Sum: 162]
      [Scan RS (ms): Min: 0.0, Avg: 0.1, Max: 0.1, Diff: 0.1, Sum: 0.5]
      [Code Root Scanning (ms): Min: 0.0, Avg: 0.0, Max: 0.0, Diff: 0.0, Sum: 0.0]
      [Object Copy (ms): Min: 0.0, Avg: 0.4, Max: 0.6, Diff: 0.6, Sum: 3.2]
      [Termination (ms): Min: 0.0, Avg: 3.0, Max: 3.4, Diff: 3.4, Sum: 23.9]
         [Termination Attempts: Min: 1, Avg: 1.8, Max: 3, Diff: 2, Sum: 14]
      [GC Worker Other (ms): Min: 0.0, Avg: 0.0, Max: 0.0, Diff: 0.0, Sum: 0.1]
      [GC Worker Total (ms): Min: 5.5, Avg: 5.6, Max: 5.7, Diff: 0.2, Sum: 44.4]
      [GC Worker End (ms): Min: 922195225.6, Avg: 922195225.6, Max: 922195225.6, Diff: 0.0]
   [Code Root Fixup: 0.0 ms]
   [Code Root Purge: 0.0 ms]
   [Clear CT: 0.6 ms]
   [Other: 4.7 ms]
      [Choose CSet: 0.0 ms]
      [Ref Proc: 4.0 ms]
      [Ref Enq: 0.1 ms]
      [Redirty Cards: 0.1 ms]
      [Humongous Register: 0.1 ms]
      [Humongous Reclaim: 0.0 ms]
      [Free CSet: 0.3 ms]
   [Eden: 7152.0M(7152.0M)->0.0B(7152.0M) Survivors: 16384.0K->16384.0K Heap: 10544.7M(14336.0M)->3392.6M(14336.0M)]
 [Times: user=0.06 sys=0.01, real=0.01 secs] 
2022-08-01T13:36:51.427-0700: 923182.932: [GC pause (G1 Evacuation Pause) (young), 0.0119434 secs]
   [Parallel Time: 6.4 ms, GC Workers: 8]
      [GC Worker Start (ms): Min: 923182931.8, Avg: 923182931.9, Max: 923182932.0, Diff: 0.2]
      [Ext Root Scanning (ms): Min: 1.2, Avg: 2.0, Max: 6.0, Diff: 4.9, Sum: 15.7]
      [Update RS (ms): Min: 0.0, Avg: 0.4, Max: 0.7, Diff: 0.7, Sum: 2.9]
         [Processed Buffers: Min: 0, Avg: 20.9, Max: 61, Diff: 61, Sum: 167]
      [Scan RS (ms): Min: 0.0, Avg: 0.1, Max: 0.2, Diff: 0.1, Sum: 0.7]
      [Code Root Scanning (ms): Min: 0.0, Avg: 0.0, Max: 0.0, Diff: 0.0, Sum: 0.0]
      [Object Copy (ms): Min: 0.0, Avg: 0.5, Max: 0.7, Diff: 0.7, Sum: 3.9]
      [Termination (ms): Min: 0.0, Avg: 3.1, Max: 3.6, Diff: 3.6, Sum: 24.8]
         [Termination Attempts: Min: 1, Avg: 3.6, Max: 6, Diff: 5, Sum: 29]
      [GC Worker Other (ms): Min: 0.0, Avg: 0.0, Max: 0.0, Diff: 0.0, Sum: 0.1]
      [GC Worker Total (ms): Min: 5.9, Avg: 6.0, Max: 6.1, Diff: 0.2, Sum: 48.1]
      [GC Worker End (ms): Min: 923182937.9, Avg: 923182937.9, Max: 923182937.9, Diff: 0.0]
   [Code Root Fixup: 0.0 ms]
   [Code Root Purge: 0.0 ms]
   [Clear CT: 0.6 ms]
   [Other: 4.9 ms]
      [Choose CSet: 0.0 ms]
      [Ref Proc: 4.2 ms]
      [Ref Enq: 0.1 ms]
      [Redirty Cards: 0.1 ms]
      [Humongous Register: 0.1 ms]
      [Humongous Reclaim: 0.0 ms]
      [Free CSet: 0.3 ms]
   [Eden: 7152.0M(7152.0M)->0.0B(7152.0M) Survivors: 16384.0K->16384.0K Heap: 10544.6M(14336.0M)->3392.5M(14336.0M)]
 [Times: user=0.06 sys=0.01, real=0.01 secs] 
2022-08-01T13:53:33.162-0700: 924184.667: [GC pause (G1 Evacuation Pause) (young) (initial-mark), 0.0154206 secs]
   [Parallel Time: 10.2 ms, GC Workers: 8]
      [GC Worker Start (ms): Min: 924184668.9, Avg: 924184669.0, Max: 924184669.1, Diff: 0.2]
      [Ext Root Scanning (ms): Min: 6.5, Avg: 6.7, Max: 7.0, Diff: 0.6, Sum: 53.4]
      [Update RS (ms): Min: 0.1, Avg: 0.3, Max: 0.5, Diff: 0.4, Sum: 2.4]
         [Processed Buffers: Min: 1, Avg: 20.8, Max: 58, Diff: 57, Sum: 166]
      [Scan RS (ms): Min: 0.0, Avg: 0.1, Max: 0.1, Diff: 0.1, Sum: 0.6]
      [Code Root Scanning (ms): Min: 0.0, Avg: 0.0, Max: 0.0, Diff: 0.0, Sum: 0.0]
      [Object Copy (ms): Min: 0.2, Avg: 0.5, Max: 0.6, Diff: 0.4, Sum: 3.8]
      [Termination (ms): Min: 0.0, Avg: 0.0, Max: 0.0, Diff: 0.0, Sum: 0.1]
         [Termination Attempts: Min: 1, Avg: 3.6, Max: 7, Diff: 6, Sum: 29]
      [GC Worker Other (ms): Min: 0.0, Avg: 0.0, Max: 0.1, Diff: 0.1, Sum: 0.4]
      [GC Worker Total (ms): Min: 7.5, Avg: 7.6, Max: 7.7, Diff: 0.2, Sum: 60.7]
      [GC Worker End (ms): Min: 924184676.6, Avg: 924184676.6, Max: 924184676.7, Diff: 0.1]
   [Code Root Fixup: 0.0 ms]
   [Code Root Purge: 0.0 ms]
   [Clear CT: 0.6 ms]
   [Other: 4.5 ms]
      [Choose CSet: 0.0 ms]
      [Ref Proc: 3.7 ms]
      [Ref Enq: 0.1 ms]
      [Redirty Cards: 0.1 ms]
      [Humongous Register: 0.0 ms]
      [Humongous Reclaim: 0.0 ms]
      [Free CSet: 0.3 ms]
   [Eden: 7152.0M(7152.0M)->0.0B(7152.0M) Survivors: 16384.0K->16384.0K Heap: 10544.5M(14336.0M)->3392.7M(14336.0M)]
 [Times: user=0.06 sys=0.00, real=0.02 secs] 
2022-08-01T13:53:33.177-0700: 924184.682: [GC concurrent-root-region-scan-start]
2022-08-01T13:53:33.183-0700: 924184.687: [GC concurrent-root-region-scan-end, 0.0051217 secs]
2022-08-01T13:53:33.183-0700: 924184.687: [GC concurrent-mark-start]
2022-08-01T13:53:35.688-0700: 924187.192: [GC concurrent-mark-end, 2.5051186 secs]
2022-08-01T13:53:35.688-0700: 924187.193: [GC remark 2022-08-01T13:53:35.688-0700: 924187.193: [Finalize Marking, 0.0003562 secs] 2022-08-01T13:53:35.688-0700: 924187.193: [GC ref-proc, 0.0108680 secs] 2022-08-01T13:53:35.699-0700: 924187.204: [Unloading, 0.0281443 secs], 0.0448131 secs]
 [Times: user=0.26 sys=0.00, real=0.04 secs] 
2022-08-01T13:53:35.733-0700: 924187.238: [GC cleanup 3432M->3432M(14336M), 0.0085356 secs]
 [Times: user=0.06 sys=0.00, real=0.01 secs] 
2022-08-01T14:10:07.712-0700: 925179.216: [GC pause (G1 Evacuation Pause) (young), 0.0103871 secs]
   [Parallel Time: 6.2 ms, GC Workers: 8]
      [GC Worker Start (ms): Min: 925179216.5, Avg: 925179216.6, Max: 925179216.7, Diff: 0.2]
      [Ext Root Scanning (ms): Min: 1.2, Avg: 2.0, Max: 6.0, Diff: 4.8, Sum: 16.0]
      [Update RS (ms): Min: 0.0, Avg: 0.4, Max: 0.8, Diff: 0.8, Sum: 3.1]
         [Processed Buffers: Min: 0, Avg: 20.9, Max: 61, Diff: 61, Sum: 167]
      [Scan RS (ms): Min: 0.0, Avg: 0.1, Max: 0.2, Diff: 0.2, Sum: 0.7]
      [Code Root Scanning (ms): Min: 0.0, Avg: 0.0, Max: 0.0, Diff: 0.0, Sum: 0.0]
      [Object Copy (ms): Min: 0.0, Avg: 0.5, Max: 0.7, Diff: 0.7, Sum: 3.9]
      [Termination (ms): Min: 0.0, Avg: 3.0, Max: 3.4, Diff: 3.4, Sum: 23.8]
         [Termination Attempts: Min: 1, Avg: 3.5, Max: 6, Diff: 5, Sum: 28]
      [GC Worker Other (ms): Min: 0.0, Avg: 0.0, Max: 0.0, Diff: 0.0, Sum: 0.1]
      [GC Worker Total (ms): Min: 5.9, Avg: 6.0, Max: 6.0, Diff: 0.2, Sum: 47.7]
      [GC Worker End (ms): Min: 925179222.5, Avg: 925179222.5, Max: 925179222.5, Diff: 0.0]
   [Code Root Fixup: 0.0 ms]
   [Code Root Purge: 0.0 ms]
   [Clear CT: 0.6 ms]
   [Other: 3.6 ms]
      [Choose CSet: 0.0 ms]
      [Ref Proc: 2.8 ms]
      [Ref Enq: 0.1 ms]
      [Redirty Cards: 0.1 ms]
      [Humongous Register: 0.1 ms]
      [Humongous Reclaim: 0.0 ms]
      [Free CSet: 0.3 ms]
   [Eden: 7152.0M(7152.0M)->0.0B(7152.0M) Survivors: 16384.0K->16384.0K Heap: 10544.7M(14336.0M)->3392.7M(14336.0M)]
 [Times: user=0.05 sys=0.01, real=0.01 secs] 
2022-08-01T14:26:51.113-0700: 926182.617: [GC pause (G1 Evacuation Pause) (young), 0.0103573 secs]
   [Parallel Time: 5.6 ms, GC Workers: 8]
      [GC Worker Start (ms): Min: 926182617.5, Avg: 926182617.5, Max: 926182617.6, Diff: 0.2]
      [Ext Root Scanning (ms): Min: 1.3, Avg: 2.1, Max: 5.5, Diff: 4.2, Sum: 16.5]
      [Update RS (ms): Min: 0.0, Avg: 0.4, Max: 0.6, Diff: 0.6, Sum: 2.8]
         [Processed Buffers: Min: 0, Avg: 22.8, Max: 58, Diff: 58, Sum: 182]
      [Scan RS (ms): Min: 0.0, Avg: 0.1, Max: 0.2, Diff: 0.1, Sum: 0.6]
      [Code Root Scanning (ms): Min: 0.0, Avg: 0.0, Max: 0.0, Diff: 0.0, Sum: 0.0]
      [Object Copy (ms): Min: 0.0, Avg: 0.4, Max: 0.7, Diff: 0.7, Sum: 3.5]
      [Termination (ms): Min: 0.0, Avg: 2.5, Max: 2.9, Diff: 2.9, Sum: 20.0]
         [Termination Attempts: Min: 1, Avg: 2.6, Max: 5, Diff: 4, Sum: 21]
      [GC Worker Other (ms): Min: 0.0, Avg: 0.0, Max: 0.1, Diff: 0.0, Sum: 0.2]
      [GC Worker Total (ms): Min: 5.4, Avg: 5.5, Max: 5.6, Diff: 0.2, Sum: 43.8]
      [GC Worker End (ms): Min: 926182623.0, Avg: 926182623.0, Max: 926182623.0, Diff: 0.0]
   [Code Root Fixup: 0.0 ms]
   [Code Root Purge: 0.0 ms]
   [Clear CT: 0.5 ms]
   [Other: 4.2 ms]
      [Choose CSet: 0.0 ms]
      [Ref Proc: 3.5 ms]
      [Ref Enq: 0.1 ms]
      [Redirty Cards: 0.1 ms]
      [Humongous Register: 0.1 ms]
      [Humongous Reclaim: 0.0 ms]
      [Free CSet: 0.3 ms]
   [Eden: 7152.0M(7152.0M)->0.0B(7152.0M) Survivors: 16384.0K->16384.0K Heap: 10544.7M(14336.0M)->3392.7M(14336.0M)]
 [Times: user=0.05 sys=0.00, real=0.02 secs] 
2022-08-01T14:43:27.912-0700: 927179.416: [GC pause (G1 Evacuation Pause) (young) (initial-mark), 0.0155424 secs]
   [Parallel Time: 9.9 ms, GC Workers: 8]
      [GC Worker Start (ms): Min: 927179418.6, Avg: 927179418.7, Max: 927179418.7, Diff: 0.2]
      [Ext Root Scanning (ms): Min: 6.3, Avg: 6.5, Max: 6.7, Diff: 0.4, Sum: 51.9]
      [Update RS (ms): Min: 0.2, Avg: 0.3, Max: 0.6, Diff: 0.4, Sum: 2.1]
         [Processed Buffers: Min: 1, Avg: 20.6, Max: 68, Diff: 67, Sum: 165]
      [Scan RS (ms): Min: 0.0, Avg: 0.1, Max: 0.1, Diff: 0.1, Sum: 0.5]
      [Code Root Scanning (ms): Min: 0.0, Avg: 0.0, Max: 0.0, Diff: 0.0, Sum: 0.0]
      [Object Copy (ms): Min: 0.2, Avg: 0.5, Max: 0.7, Diff: 0.5, Sum: 3.9]
      [Termination (ms): Min: 0.0, Avg: 0.1, Max: 0.1, Diff: 0.1, Sum: 0.6]
         [Termination Attempts: Min: 1, Avg: 4.1, Max: 7, Diff: 6, Sum: 33]
      [GC Worker Other (ms): Min: 0.0, Avg: 0.0, Max: 0.1, Diff: 0.0, Sum: 0.3]
      [GC Worker Total (ms): Min: 7.4, Avg: 7.4, Max: 7.5, Diff: 0.1, Sum: 59.3]
      [GC Worker End (ms): Min: 927179426.0, Avg: 927179426.1, Max: 927179426.1, Diff: 0.1]
   [Code Root Fixup: 0.0 ms]
   [Code Root Purge: 0.0 ms]
   [Clear CT: 0.6 ms]
   [Other: 5.0 ms]
      [Choose CSet: 0.0 ms]
      [Ref Proc: 4.2 ms]
      [Ref Enq: 0.1 ms]
      [Redirty Cards: 0.1 ms]
      [Humongous Register: 0.0 ms]
      [Humongous Reclaim: 0.0 ms]
      [Free CSet: 0.3 ms]
   [Eden: 7152.0M(7152.0M)->0.0B(7152.0M) Survivors: 16384.0K->16384.0K Heap: 10544.7M(14336.0M)->3392.8M(14336.0M)]
 [Times: user=0.06 sys=0.00, real=0.02 secs] 
2022-08-01T14:43:27.927-0700: 927179.432: [GC concurrent-root-region-scan-start]
2022-08-01T14:43:27.932-0700: 927179.437: [GC concurrent-root-region-scan-end, 0.0048240 secs]
2022-08-01T14:43:27.932-0700: 927179.437: [GC concurrent-mark-start]
2022-08-01T14:43:30.390-0700: 927181.894: [GC concurrent-mark-end, 2.4574795 secs]
2022-08-01T14:43:30.390-0700: 927181.895: [GC remark 2022-08-01T14:43:30.390-0700: 927181.895: [Finalize Marking, 0.0002690 secs] 2022-08-01T14:43:30.390-0700: 927181.895: [GC ref-proc, 0.0117725 secs] 2022-08-01T14:43:30.402-0700: 927181.907: [Unloading, 0.0276675 secs], 0.0454043 secs]
 [Times: user=0.26 sys=0.00, real=0.05 secs] 
2022-08-01T14:43:30.436-0700: 927181.940: [GC cleanup 3432M->3432M(14336M), 0.0091749 secs]
 [Times: user=0.06 sys=0.00, real=0.01 secs] 
2022-08-01T15:00:09.813-0700: 928181.317: [GC pause (G1 Evacuation Pause) (young), 0.0095060 secs]
   [Parallel Time: 6.3 ms, GC Workers: 8]
      [GC Worker Start (ms): Min: 928181317.4, Avg: 928181317.5, Max: 928181317.6, Diff: 0.2]
      [Ext Root Scanning (ms): Min: 1.3, Avg: 2.1, Max: 6.1, Diff: 4.9, Sum: 16.4]
      [Update RS (ms): Min: 0.0, Avg: 0.4, Max: 0.8, Diff: 0.8, Sum: 3.1]
         [Processed Buffers: Min: 0, Avg: 21.4, Max: 76, Diff: 76, Sum: 171]
      [Scan RS (ms): Min: 0.0, Avg: 0.1, Max: 0.2, Diff: 0.2, Sum: 0.7]
      [Code Root Scanning (ms): Min: 0.0, Avg: 0.0, Max: 0.0, Diff: 0.0, Sum: 0.0]
      [Object Copy (ms): Min: 0.0, Avg: 0.5, Max: 0.7, Diff: 0.7, Sum: 3.8]
      [Termination (ms): Min: 0.0, Avg: 3.1, Max: 3.5, Diff: 3.5, Sum: 24.5]
         [Termination Attempts: Min: 1, Avg: 1.4, Max: 3, Diff: 2, Sum: 11]
      [GC Worker Other (ms): Min: 0.0, Avg: 0.0, Max: 0.0, Diff: 0.0, Sum: 0.1]
      [GC Worker Total (ms): Min: 6.0, Avg: 6.1, Max: 6.2, Diff: 0.2, Sum: 48.7]
      [GC Worker End (ms): Min: 928181323.6, Avg: 928181323.6, Max: 928181323.6, Diff: 0.0]
   [Code Root Fixup: 0.0 ms]
   [Code Root Purge: 0.0 ms]
   [Clear CT: 0.6 ms]
   [Other: 2.6 ms]
      [Choose CSet: 0.0 ms]
      [Ref Proc: 1.9 ms]
      [Ref Enq: 0.1 ms]
      [Redirty Cards: 0.1 ms]
      [Humongous Register: 0.1 ms]
      [Humongous Reclaim: 0.0 ms]
      [Free CSet: 0.3 ms]
   [Eden: 7152.0M(7152.0M)->0.0B(7152.0M) Survivors: 16384.0K->16384.0K Heap: 10544.8M(14336.0M)->3392.7M(14336.0M)]
 [Times: user=0.06 sys=0.00, real=0.01 secs] 
2022-08-01T15:16:56.712-0700: 929188.217: [GC pause (G1 Evacuation Pause) (young), 0.0096706 secs]
   [Parallel Time: 5.5 ms, GC Workers: 8]
      [GC Worker Start (ms): Min: 929188217.3, Avg: 929188217.4, Max: 929188217.5, Diff: 0.2]
      [Ext Root Scanning (ms): Min: 1.4, Avg: 2.2, Max: 5.2, Diff: 3.8, Sum: 17.8]
      [Update RS (ms): Min: 0.0, Avg: 0.3, Max: 0.7, Diff: 0.7, Sum: 2.6]
         [Processed Buffers: Min: 0, Avg: 21.0, Max: 59, Diff: 59, Sum: 168]
      [Scan RS (ms): Min: 0.0, Avg: 0.1, Max: 0.1, Diff: 0.1, Sum: 0.5]
      [Code Root Scanning (ms): Min: 0.0, Avg: 0.0, Max: 0.0, Diff: 0.0, Sum: 0.0]
      [Object Copy (ms): Min: 0.0, Avg: 0.4, Max: 0.7, Diff: 0.7, Sum: 3.3]
      [Termination (ms): Min: 0.0, Avg: 2.2, Max: 2.5, Diff: 2.5, Sum: 17.2]
         [Termination Attempts: Min: 1, Avg: 1.0, Max: 1, Diff: 0, Sum: 8]
      [GC Worker Other (ms): Min: 0.0, Avg: 0.0, Max: 0.0, Diff: 0.0, Sum: 0.1]
      [GC Worker Total (ms): Min: 5.1, Avg: 5.2, Max: 5.3, Diff: 0.2, Sum: 41.6]
      [GC Worker End (ms): Min: 929188222.6, Avg: 929188222.6, Max: 929188222.6, Diff: 0.0]
   [Code Root Fixup: 0.0 ms]
   [Code Root Purge: 0.0 ms]
   [Clear CT: 0.6 ms]
   [Other: 3.5 ms]
      [Choose CSet: 0.0 ms]
      [Ref Proc: 2.6 ms]
      [Ref Enq: 0.1 ms]
      [Redirty Cards: 0.3 ms]
      [Humongous Register: 0.1 ms]
      [Humongous Reclaim: 0.0 ms]
      [Free CSet: 0.3 ms]
   [Eden: 7152.0M(7152.0M)->0.0B(7152.0M) Survivors: 16384.0K->16384.0K Heap: 10544.7M(14336.0M)->3392.7M(14336.0M)]
 [Times: user=0.05 sys=0.00, real=0.01 secs] 
2022-08-01T15:33:38.011-0700: 930189.516: [GC pause (G1 Evacuation Pause) (young) (initial-mark), 0.0133183 secs]
   [Parallel Time: 8.8 ms, GC Workers: 8]
      [GC Worker Start (ms): Min: 930189518.3, Avg: 930189518.4, Max: 930189518.5, Diff: 0.1]
      [Ext Root Scanning (ms): Min: 5.4, Avg: 5.5, Max: 5.8, Diff: 0.4, Sum: 44.3]
      [Update RS (ms): Min: 0.2, Avg: 0.3, Max: 0.5, Diff: 0.3, Sum: 2.2]
         [Processed Buffers: Min: 1, Avg: 20.4, Max: 63, Diff: 62, Sum: 163]
      [Scan RS (ms): Min: 0.0, Avg: 0.1, Max: 0.1, Diff: 0.1, Sum: 0.5]
      [Code Root Scanning (ms): Min: 0.0, Avg: 0.0, Max: 0.0, Diff: 0.0, Sum: 0.0]
      [Object Copy (ms): Min: 0.2, Avg: 0.4, Max: 0.6, Diff: 0.3, Sum: 3.2]
      [Termination (ms): Min: 0.0, Avg: 0.0, Max: 0.0, Diff: 0.0, Sum: 0.2]
         [Termination Attempts: Min: 1, Avg: 4.5, Max: 6, Diff: 5, Sum: 36]
      [GC Worker Other (ms): Min: 0.0, Avg: 0.0, Max: 0.1, Diff: 0.1, Sum: 0.2]
      [GC Worker Total (ms): Min: 6.3, Avg: 6.3, Max: 6.4, Diff: 0.1, Sum: 50.7]
      [GC Worker End (ms): Min: 930189524.7, Avg: 930189524.7, Max: 930189524.8, Diff: 0.1]
   [Code Root Fixup: 0.0 ms]
   [Code Root Purge: 0.0 ms]
   [Clear CT: 0.6 ms]
   [Other: 3.9 ms]
      [Choose CSet: 0.0 ms]
      [Ref Proc: 3.2 ms]
      [Ref Enq: 0.1 ms]
      [Redirty Cards: 0.1 ms]
      [Humongous Register: 0.0 ms]
      [Humongous Reclaim: 0.0 ms]
      [Free CSet: 0.3 ms]
   [Eden: 7152.0M(7152.0M)->0.0B(7152.0M) Survivors: 16384.0K->16384.0K Heap: 10544.7M(14336.0M)->3392.8M(14336.0M)]
 [Times: user=0.06 sys=0.00, real=0.02 secs] 
2022-08-01T15:33:38.025-0700: 930189.529: [GC concurrent-root-region-scan-start]
2022-08-01T15:33:38.030-0700: 930189.535: [GC concurrent-root-region-scan-end, 0.0050465 secs]
2022-08-01T15:33:38.030-0700: 930189.535: [GC concurrent-mark-start]
2022-08-01T15:33:40.530-0700: 930192.035: [GC concurrent-mark-end, 2.5000275 secs]
2022-08-01T15:33:40.530-0700: 930192.035: [GC remark 2022-08-01T15:33:40.530-0700: 930192.035: [Finalize Marking, 0.0001990 secs] 2022-08-01T15:33:40.530-0700: 930192.035: [GC ref-proc, 0.0100321 secs] 2022-08-01T15:33:40.540-0700: 930192.045: [Unloading, 0.0279459 secs], 0.0434672 secs]
 [Times: user=0.26 sys=0.00, real=0.04 secs] 
2022-08-01T15:33:40.574-0700: 930192.079: [GC cleanup 3432M->3432M(14336M), 0.0084511 secs]
 [Times: user=0.06 sys=0.00, real=0.01 secs] 
2022-08-01T15:50:10.713-0700: 931182.217: [GC pause (G1 Evacuation Pause) (young), 0.0093571 secs]
   [Parallel Time: 6.2 ms, GC Workers: 8]
      [GC Worker Start (ms): Min: 931182217.6, Avg: 931182217.7, Max: 931182217.8, Diff: 0.2]
      [Ext Root Scanning (ms): Min: 1.2, Avg: 2.0, Max: 6.0, Diff: 4.8, Sum: 15.8]
      [Update RS (ms): Min: 0.0, Avg: 0.4, Max: 0.7, Diff: 0.6, Sum: 2.9]
         [Processed Buffers: Min: 0, Avg: 21.6, Max: 64, Diff: 64, Sum: 173]
      [Scan RS (ms): Min: 0.0, Avg: 0.1, Max: 0.1, Diff: 0.1, Sum: 0.6]
      [Code Root Scanning (ms): Min: 0.0, Avg: 0.0, Max: 0.0, Diff: 0.0, Sum: 0.0]
      [Object Copy (ms): Min: 0.0, Avg: 0.5, Max: 0.7, Diff: 0.7, Sum: 3.8]
      [Termination (ms): Min: 0.0, Avg: 3.0, Max: 3.5, Diff: 3.5, Sum: 24.2]
         [Termination Attempts: Min: 1, Avg: 1.8, Max: 3, Diff: 2, Sum: 14]
      [GC Worker Other (ms): Min: 0.0, Avg: 0.0, Max: 0.0, Diff: 0.0, Sum: 0.2]
      [GC Worker Total (ms): Min: 5.9, Avg: 5.9, Max: 6.1, Diff: 0.2, Sum: 47.6]
      [GC Worker End (ms): Min: 931182223.7, Avg: 931182223.7, Max: 931182223.7, Diff: 0.0]
   [Code Root Fixup: 0.0 ms]
   [Code Root Purge: 0.0 ms]
   [Clear CT: 0.6 ms]
   [Other: 2.6 ms]
      [Choose CSet: 0.0 ms]
      [Ref Proc: 2.0 ms]
      [Ref Enq: 0.1 ms]
      [Redirty Cards: 0.1 ms]
      [Humongous Register: 0.1 ms]
      [Humongous Reclaim: 0.0 ms]
      [Free CSet: 0.3 ms]
   [Eden: 7152.0M(7152.0M)->0.0B(7152.0M) Survivors: 16384.0K->16384.0K Heap: 10544.8M(14336.0M)->3392.7M(14336.0M)]
 [Times: user=0.05 sys=0.00, real=0.01 secs] 
2022-08-01T16:06:47.862-0700: 932179.367: [GC pause (G1 Evacuation Pause) (young), 0.0113356 secs]
   [Parallel Time: 6.1 ms, GC Workers: 8]
      [GC Worker Start (ms): Min: 932179367.0, Avg: 932179367.1, Max: 932179367.2, Diff: 0.2]
      [Ext Root Scanning (ms): Min: 1.2, Avg: 1.9, Max: 5.7, Diff: 4.6, Sum: 15.4]
      [Update RS (ms): Min: 0.0, Avg: 0.4, Max: 0.7, Diff: 0.7, Sum: 2.9]
         [Processed Buffers: Min: 0, Avg: 21.8, Max: 69, Diff: 69, Sum: 174]
      [Scan RS (ms): Min: 0.0, Avg: 0.1, Max: 0.2, Diff: 0.1, Sum: 0.6]
      [Code Root Scanning (ms): Min: 0.0, Avg: 0.0, Max: 0.0, Diff: 0.0, Sum: 0.0]
      [Object Copy (ms): Min: 0.0, Avg: 0.5, Max: 0.7, Diff: 0.7, Sum: 4.1]
      [Termination (ms): Min: 0.0, Avg: 2.8, Max: 3.2, Diff: 3.2, Sum: 22.4]
         [Termination Attempts: Min: 1, Avg: 3.1, Max: 5, Diff: 4, Sum: 25]
      [GC Worker Other (ms): Min: 0.0, Avg: 0.0, Max: 0.0, Diff: 0.0, Sum: 0.1]
      [GC Worker Total (ms): Min: 5.6, Avg: 5.7, Max: 5.8, Diff: 0.2, Sum: 45.6]
      [GC Worker End (ms): Min: 932179372.8, Avg: 932179372.8, Max: 932179372.8, Diff: 0.0]
   [Code Root Fixup: 0.0 ms]
   [Code Root Purge: 0.0 ms]
   [Clear CT: 0.6 ms]
   [Other: 4.7 ms]
      [Choose CSet: 0.0 ms]
      [Ref Proc: 3.9 ms]
      [Ref Enq: 0.2 ms]
      [Redirty Cards: 0.1 ms]
      [Humongous Register: 0.1 ms]
      [Humongous Reclaim: 0.0 ms]
      [Free CSet: 0.3 ms]
   [Eden: 7152.0M(7152.0M)->0.0B(7152.0M) Survivors: 16384.0K->16384.0K Heap: 10544.7M(14336.0M)->3392.7M(14336.0M)]
 [Times: user=0.06 sys=0.00, real=0.01 secs] 
2022-08-01T16:23:23.512-0700: 933175.017: [GC pause (G1 Evacuation Pause) (young) (initial-mark), 0.0150542 secs]
   [Parallel Time: 9.9 ms, GC Workers: 8]
      [GC Worker Start (ms): Min: 933175018.7, Avg: 933175018.8, Max: 933175018.8, Diff: 0.1]
      [Ext Root Scanning (ms): Min: 6.4, Avg: 6.7, Max: 7.0, Diff: 0.6, Sum: 53.3]
      [Update RS (ms): Min: 0.2, Avg: 0.3, Max: 0.5, Diff: 0.3, Sum: 2.5]
         [Processed Buffers: Min: 1, Avg: 20.6, Max: 67, Diff: 66, Sum: 165]
      [Scan RS (ms): Min: 0.0, Avg: 0.1, Max: 0.1, Diff: 0.1, Sum: 0.6]
      [Code Root Scanning (ms): Min: 0.0, Avg: 0.0, Max: 0.0, Diff: 0.0, Sum: 0.0]
      [Object Copy (ms): Min: 0.0, Avg: 0.5, Max: 0.8, Diff: 0.8, Sum: 4.4]
      [Termination (ms): Min: 0.0, Avg: 0.0, Max: 0.0, Diff: 0.0, Sum: 0.0]
         [Termination Attempts: Min: 2, Avg: 4.0, Max: 6, Diff: 4, Sum: 32]
      [GC Worker Other (ms): Min: 0.0, Avg: 0.0, Max: 0.1, Diff: 0.1, Sum: 0.4]
      [GC Worker Total (ms): Min: 7.6, Avg: 7.6, Max: 7.7, Diff: 0.1, Sum: 61.2]
      [GC Worker End (ms): Min: 933175026.4, Avg: 933175026.4, Max: 933175026.4, Diff: 0.1]
   [Code Root Fixup: 0.0 ms]
   [Code Root Purge: 0.0 ms]
   [Clear CT: 0.6 ms]
   [Other: 4.5 ms]
      [Choose CSet: 0.0 ms]
      [Ref Proc: 3.8 ms]
      [Ref Enq: 0.1 ms]
      [Redirty Cards: 0.1 ms]
      [Humongous Register: 0.0 ms]
      [Humongous Reclaim: 0.0 ms]
      [Free CSet: 0.3 ms]
   [Eden: 7152.0M(7152.0M)->0.0B(7152.0M) Survivors: 16384.0K->16384.0K Heap: 10544.7M(14336.0M)->3392.8M(14336.0M)]
 [Times: user=0.06 sys=0.00, real=0.02 secs] 
2022-08-01T16:23:23.527-0700: 933175.032: [GC concurrent-root-region-scan-start]
2022-08-01T16:23:23.532-0700: 933175.037: [GC concurrent-root-region-scan-end, 0.0048538 secs]
2022-08-01T16:23:23.532-0700: 933175.037: [GC concurrent-mark-start]
2022-08-01T16:23:26.008-0700: 933177.513: [GC concurrent-mark-end, 2.4761889 secs]
2022-08-01T16:23:26.009-0700: 933177.513: [GC remark 2022-08-01T16:23:26.009-0700: 933177.513: [Finalize Marking, 0.0005638 secs] 2022-08-01T16:23:26.009-0700: 933177.514: [GC ref-proc, 0.0083666 secs] 2022-08-01T16:23:26.018-0700: 933177.522: [Unloading, 0.0290561 secs], 0.0435967 secs]
 [Times: user=0.26 sys=0.00, real=0.04 secs] 
2022-08-01T16:23:26.053-0700: 933177.557: [GC cleanup 3464M->3464M(14336M), 0.0088932 secs]
 [Times: user=0.07 sys=0.00, real=0.01 secs] 
2022-08-01T16:40:07.783-0700: 934179.288: [GC pause (G1 Evacuation Pause) (young), 0.0108812 secs]
   [Parallel Time: 5.7 ms, GC Workers: 8]
      [GC Worker Start (ms): Min: 934179288.2, Avg: 934179288.3, Max: 934179288.4, Diff: 0.1]
      [Ext Root Scanning (ms): Min: 1.2, Avg: 1.9, Max: 5.4, Diff: 4.2, Sum: 15.0]
      [Update RS (ms): Min: 0.0, Avg: 0.4, Max: 0.7, Diff: 0.7, Sum: 3.0]
         [Processed Buffers: Min: 0, Avg: 21.1, Max: 67, Diff: 67, Sum: 169]
      [Scan RS (ms): Min: 0.0, Avg: 0.1, Max: 0.2, Diff: 0.2, Sum: 0.7]
      [Code Root Scanning (ms): Min: 0.0, Avg: 0.0, Max: 0.0, Diff: 0.0, Sum: 0.0]
      [Object Copy (ms): Min: 0.0, Avg: 0.5, Max: 0.7, Diff: 0.7, Sum: 4.2]
      [Termination (ms): Min: 0.0, Avg: 2.5, Max: 2.9, Diff: 2.9, Sum: 20.2]
         [Termination Attempts: Min: 1, Avg: 3.8, Max: 5, Diff: 4, Sum: 30]
      [GC Worker Other (ms): Min: 0.0, Avg: 0.0, Max: 0.0, Diff: 0.0, Sum: 0.1]
      [GC Worker Total (ms): Min: 5.3, Avg: 5.4, Max: 5.4, Diff: 0.1, Sum: 43.2]
      [GC Worker End (ms): Min: 934179293.7, Avg: 934179293.7, Max: 934179293.7, Diff: 0.0]
   [Code Root Fixup: 0.0 ms]
   [Code Root Purge: 0.0 ms]
   [Clear CT: 0.6 ms]
   [Other: 4.6 ms]
      [Choose CSet: 0.0 ms]
      [Ref Proc: 3.9 ms]
      [Ref Enq: 0.1 ms]
      [Redirty Cards: 0.1 ms]
      [Humongous Register: 0.1 ms]
      [Humongous Reclaim: 0.0 ms]
      [Free CSet: 0.3 ms]
   [Eden: 7152.0M(7152.0M)->0.0B(7152.0M) Survivors: 16384.0K->16384.0K Heap: 10544.8M(14336.0M)->3392.8M(14336.0M)]
 [Times: user=0.05 sys=0.01, real=0.00 secs] 
2022-08-01T16:56:55.612-0700: 935187.117: [GC pause (G1 Evacuation Pause) (young), 0.0117656 secs]
   [Parallel Time: 5.9 ms, GC Workers: 8]
      [GC Worker Start (ms): Min: 935187116.9, Avg: 935187117.0, Max: 935187117.0, Diff: 0.2]
      [Ext Root Scanning (ms): Min: 1.2, Avg: 1.9, Max: 5.7, Diff: 4.5, Sum: 15.5]
      [Update RS (ms): Min: 0.0, Avg: 0.4, Max: 0.8, Diff: 0.8, Sum: 2.9]
         [Processed Buffers: Min: 0, Avg: 19.6, Max: 74, Diff: 74, Sum: 157]
      [Scan RS (ms): Min: 0.0, Avg: 0.1, Max: 0.1, Diff: 0.1, Sum: 0.6]
      [Code Root Scanning (ms): Min: 0.0, Avg: 0.0, Max: 0.0, Diff: 0.0, Sum: 0.0]
      [Object Copy (ms): Min: 0.0, Avg: 0.5, Max: 0.7, Diff: 0.7, Sum: 4.1]
      [Termination (ms): Min: 0.0, Avg: 2.8, Max: 3.2, Diff: 3.2, Sum: 22.4]
         [Termination Attempts: Min: 1, Avg: 8.9, Max: 13, Diff: 12, Sum: 71]
      [GC Worker Other (ms): Min: 0.0, Avg: 0.0, Max: 0.0, Diff: 0.0, Sum: 0.1]
      [GC Worker Total (ms): Min: 5.6, Avg: 5.7, Max: 5.8, Diff: 0.1, Sum: 45.8]
      [GC Worker End (ms): Min: 935187122.7, Avg: 935187122.7, Max: 935187122.7, Diff: 0.0]
   [Code Root Fixup: 0.0 ms]
   [Code Root Purge: 0.0 ms]
   [Clear CT: 0.7 ms]
   [Other: 5.2 ms]
      [Choose CSet: 0.0 ms]
      [Ref Proc: 4.3 ms]
      [Ref Enq: 0.2 ms]
      [Redirty Cards: 0.1 ms]
      [Humongous Register: 0.1 ms]
      [Humongous Reclaim: 0.0 ms]
      [Free CSet: 0.3 ms]
   [Eden: 7152.0M(7152.0M)->0.0B(7152.0M) Survivors: 16384.0K->16384.0K Heap: 10544.8M(14336.0M)->3392.7M(14336.0M)]
 [Times: user=0.06 sys=0.00, real=0.02 secs] 
2022-08-01T17:13:31.914-0700: 936183.418: [GC pause (G1 Evacuation Pause) (young) (initial-mark), 0.0150863 secs]
   [Parallel Time: 9.6 ms, GC Workers: 8]
      [GC Worker Start (ms): Min: 936183420.5, Avg: 936183420.6, Max: 936183420.6, Diff: 0.1]
      [Ext Root Scanning (ms): Min: 6.2, Avg: 6.4, Max: 6.7, Diff: 0.5, Sum: 51.4]
      [Update RS (ms): Min: 0.2, Avg: 0.3, Max: 0.5, Diff: 0.3, Sum: 2.3]
         [Processed Buffers: Min: 1, Avg: 21.1, Max: 61, Diff: 60, Sum: 169]
      [Scan RS (ms): Min: 0.0, Avg: 0.1, Max: 0.1, Diff: 0.1, Sum: 0.5]
      [Code Root Scanning (ms): Min: 0.0, Avg: 0.0, Max: 0.0, Diff: 0.0, Sum: 0.0]
      [Object Copy (ms): Min: 0.2, Avg: 0.5, Max: 0.7, Diff: 0.5, Sum: 3.7]
      [Termination (ms): Min: 0.0, Avg: 0.0, Max: 0.0, Diff: 0.0, Sum: 0.0]
         [Termination Attempts: Min: 3, Avg: 7.9, Max: 11, Diff: 8, Sum: 63]
      [GC Worker Other (ms): Min: 0.0, Avg: 0.1, Max: 0.2, Diff: 0.1, Sum: 0.6]
      [GC Worker Total (ms): Min: 7.2, Avg: 7.3, Max: 7.4, Diff: 0.2, Sum: 58.5]
      [GC Worker End (ms): Min: 936183427.8, Avg: 936183427.9, Max: 936183428.0, Diff: 0.1]
   [Code Root Fixup: 0.0 ms]
   [Code Root Purge: 0.0 ms]
   [Clear CT: 0.7 ms]
   [Other: 4.8 ms]
      [Choose CSet: 0.0 ms]
      [Ref Proc: 4.1 ms]
      [Ref Enq: 0.1 ms]
      [Redirty Cards: 0.1 ms]
      [Humongous Register: 0.0 ms]
      [Humongous Reclaim: 0.0 ms]
      [Free CSet: 0.3 ms]
   [Eden: 7152.0M(7152.0M)->0.0B(7152.0M) Survivors: 16384.0K->16384.0K Heap: 10544.7M(14336.0M)->3392.8M(14336.0M)]
 [Times: user=0.05 sys=0.01, real=0.02 secs] 
2022-08-01T17:13:31.929-0700: 936183.434: [GC concurrent-root-region-scan-start]
2022-08-01T17:13:31.933-0700: 936183.438: [GC concurrent-root-region-scan-end, 0.0043724 secs]
2022-08-01T17:13:31.933-0700: 936183.438: [GC concurrent-mark-start]
2022-08-01T17:13:34.406-0700: 936185.910: [GC concurrent-mark-end, 2.4724021 secs]
2022-08-01T17:13:34.406-0700: 936185.911: [GC remark 2022-08-01T17:13:34.406-0700: 936185.911: [Finalize Marking, 0.0003806 secs] 2022-08-01T17:13:34.406-0700: 936185.911: [GC ref-proc, 0.0104812 secs] 2022-08-01T17:13:34.417-0700: 936185.921: [Unloading, 0.0279120 secs], 0.0442923 secs]
 [Times: user=0.26 sys=0.00, real=0.04 secs] 
2022-08-01T17:13:34.450-0700: 936185.955: [GC cleanup 3432M->3432M(14336M), 0.0083584 secs]
 [Times: user=0.06 sys=0.00, real=0.01 secs] 
2022-08-01T17:30:15.113-0700: 937186.617: [GC pause (G1 Evacuation Pause) (young), 0.0119028 secs]
   [Parallel Time: 5.8 ms, GC Workers: 8]
      [GC Worker Start (ms): Min: 937186617.6, Avg: 937186617.7, Max: 937186617.8, Diff: 0.2]
      [Ext Root Scanning (ms): Min: 1.3, Avg: 2.0, Max: 5.5, Diff: 4.2, Sum: 15.9]
      [Update RS (ms): Min: 0.0, Avg: 0.4, Max: 0.7, Diff: 0.7, Sum: 2.8]
         [Processed Buffers: Min: 0, Avg: 21.4, Max: 78, Diff: 78, Sum: 171]
      [Scan RS (ms): Min: 0.0, Avg: 0.1, Max: 0.2, Diff: 0.2, Sum: 0.7]
      [Code Root Scanning (ms): Min: 0.0, Avg: 0.0, Max: 0.0, Diff: 0.0, Sum: 0.0]
      [Object Copy (ms): Min: 0.0, Avg: 0.6, Max: 0.8, Diff: 0.8, Sum: 4.4]
      [Termination (ms): Min: 0.0, Avg: 2.5, Max: 2.9, Diff: 2.9, Sum: 19.9]
         [Termination Attempts: Min: 1, Avg: 5.0, Max: 9, Diff: 8, Sum: 40]
      [GC Worker Other (ms): Min: 0.0, Avg: 0.0, Max: 0.1, Diff: 0.0, Sum: 0.2]
      [GC Worker Total (ms): Min: 5.4, Avg: 5.5, Max: 5.6, Diff: 0.2, Sum: 43.9]
      [GC Worker End (ms): Min: 937186623.2, Avg: 937186623.2, Max: 937186623.2, Diff: 0.0]
   [Code Root Fixup: 0.0 ms]
   [Code Root Purge: 0.0 ms]
   [Clear CT: 0.6 ms]
   [Other: 5.5 ms]
      [Choose CSet: 0.0 ms]
      [Ref Proc: 4.8 ms]
      [Ref Enq: 0.1 ms]
      [Redirty Cards: 0.1 ms]
      [Humongous Register: 0.1 ms]
      [Humongous Reclaim: 0.0 ms]
      [Free CSet: 0.3 ms]
   [Eden: 7152.0M(7152.0M)->0.0B(7152.0M) Survivors: 16384.0K->16384.0K Heap: 10544.8M(14336.0M)->3392.9M(14336.0M)]
 [Times: user=0.05 sys=0.01, real=0.02 secs] 
2022-08-01T17:47:06.162-0700: 938197.666: [GC pause (G1 Evacuation Pause) (young), 0.0119729 secs]
   [Parallel Time: 6.0 ms, GC Workers: 8]
      [GC Worker Start (ms): Min: 938197666.5, Avg: 938197666.6, Max: 938197666.7, Diff: 0.2]
      [Ext Root Scanning (ms): Min: 1.2, Avg: 2.0, Max: 5.7, Diff: 4.5, Sum: 15.7]
      [Update RS (ms): Min: 0.0, Avg: 0.4, Max: 0.7, Diff: 0.7, Sum: 2.8]
         [Processed Buffers: Min: 0, Avg: 20.8, Max: 75, Diff: 75, Sum: 166]
      [Scan RS (ms): Min: 0.0, Avg: 0.1, Max: 0.2, Diff: 0.1, Sum: 0.6]
      [Code Root Scanning (ms): Min: 0.0, Avg: 0.0, Max: 0.0, Diff: 0.0, Sum: 0.0]
      [Object Copy (ms): Min: 0.0, Avg: 0.5, Max: 0.7, Diff: 0.7, Sum: 3.7]
      [Termination (ms): Min: 0.0, Avg: 2.8, Max: 3.2, Diff: 3.2, Sum: 22.4]
         [Termination Attempts: Min: 1, Avg: 1.0, Max: 1, Diff: 0, Sum: 8]
      [GC Worker Other (ms): Min: 0.0, Avg: 0.0, Max: 0.0, Diff: 0.0, Sum: 0.1]
      [GC Worker Total (ms): Min: 5.6, Avg: 5.7, Max: 5.8, Diff: 0.2, Sum: 45.4]
      [GC Worker End (ms): Min: 938197672.3, Avg: 938197672.3, Max: 938197672.3, Diff: 0.0]
   [Code Root Fixup: 0.0 ms]
   [Code Root Purge: 0.0 ms]
   [Clear CT: 0.6 ms]
   [Other: 5.4 ms]
      [Choose CSet: 0.0 ms]
      [Ref Proc: 4.6 ms]
      [Ref Enq: 0.1 ms]
      [Redirty Cards: 0.1 ms]
      [Humongous Register: 0.0 ms]
      [Humongous Reclaim: 0.0 ms]
      [Free CSet: 0.3 ms]
   [Eden: 7152.0M(7152.0M)->0.0B(7152.0M) Survivors: 16384.0K->16384.0K Heap: 10544.9M(14336.0M)->3392.7M(14336.0M)]
 [Times: user=0.06 sys=0.00, real=0.01 secs] 
2022-08-01T18:03:49.910-0700: 939201.415: [GC pause (G1 Evacuation Pause) (young) (initial-mark), 0.0120718 secs]
   [Parallel Time: 8.3 ms, GC Workers: 8]
      [GC Worker Start (ms): Min: 939201416.9, Avg: 939201416.9, Max: 939201417.0, Diff: 0.1]
      [Ext Root Scanning (ms): Min: 4.4, Avg: 4.9, Max: 6.6, Diff: 2.3, Sum: 39.4]
      [Update RS (ms): Min: 0.0, Avg: 0.2, Max: 0.4, Diff: 0.4, Sum: 1.9]
         [Processed Buffers: Min: 0, Avg: 21.0, Max: 69, Diff: 69, Sum: 168]
      [Scan RS (ms): Min: 0.0, Avg: 0.1, Max: 0.1, Diff: 0.1, Sum: 0.4]
      [Code Root Scanning (ms): Min: 0.0, Avg: 0.0, Max: 0.0, Diff: 0.0, Sum: 0.0]
      [Object Copy (ms): Min: 0.0, Avg: 0.3, Max: 0.7, Diff: 0.7, Sum: 2.6]
      [Termination (ms): Min: 0.0, Avg: 1.1, Max: 1.3, Diff: 1.3, Sum: 8.8]
         [Termination Attempts: Min: 1, Avg: 1.0, Max: 1, Diff: 0, Sum: 8]
      [GC Worker Other (ms): Min: 0.0, Avg: 0.0, Max: 0.0, Diff: 0.0, Sum: 0.1]
      [GC Worker Total (ms): Min: 6.6, Avg: 6.6, Max: 6.7, Diff: 0.1, Sum: 53.2]
      [GC Worker End (ms): Min: 939201423.6, Avg: 939201423.6, Max: 939201423.6, Diff: 0.0]
   [Code Root Fixup: 0.0 ms]
   [Code Root Purge: 0.0 ms]
   [Clear CT: 0.6 ms]
   [Other: 3.1 ms]
      [Choose CSet: 0.0 ms]
      [Ref Proc: 2.5 ms]
      [Ref Enq: 0.1 ms]
      [Redirty Cards: 0.1 ms]
      [Humongous Register: 0.0 ms]
      [Humongous Reclaim: 0.0 ms]
      [Free CSet: 0.3 ms]
   [Eden: 7152.0M(7152.0M)->0.0B(7152.0M) Survivors: 16384.0K->16384.0K Heap: 10544.7M(14336.0M)->3392.7M(14336.0M)]
 [Times: user=0.06 sys=0.00, real=0.01 secs] 
2022-08-01T18:03:49.923-0700: 939201.427: [GC concurrent-root-region-scan-start]
2022-08-01T18:03:49.927-0700: 939201.432: [GC concurrent-root-region-scan-end, 0.0046718 secs]
2022-08-01T18:03:49.927-0700: 939201.432: [GC concurrent-mark-start]
2022-08-01T18:03:52.415-0700: 939203.919: [GC concurrent-mark-end, 2.4872737 secs]
2022-08-01T18:03:52.415-0700: 939203.920: [GC remark 2022-08-01T18:03:52.415-0700: 939203.920: [Finalize Marking, 0.0002442 secs] 2022-08-01T18:03:52.415-0700: 939203.920: [GC ref-proc, 0.0082284 secs] 2022-08-01T18:03:52.423-0700: 939203.928: [Unloading, 0.0284454 secs], 0.0422791 secs]
 [Times: user=0.26 sys=0.00, real=0.04 secs] 
2022-08-01T18:03:52.457-0700: 939203.962: [GC cleanup 3432M->3432M(14336M), 0.0089058 secs]
 [Times: user=0.06 sys=0.00, real=0.01 secs] 
2022-08-01T18:20:40.524-0700: 940212.028: [GC pause (G1 Evacuation Pause) (young), 0.0111926 secs]
   [Parallel Time: 5.5 ms, GC Workers: 8]
      [GC Worker Start (ms): Min: 940212028.6, Avg: 940212028.7, Max: 940212028.7, Diff: 0.1]
      [Ext Root Scanning (ms): Min: 1.1, Avg: 1.7, Max: 5.2, Diff: 4.1, Sum: 13.9]
      [Update RS (ms): Min: 0.0, Avg: 0.3, Max: 0.6, Diff: 0.6, Sum: 2.3]
         [Processed Buffers: Min: 0, Avg: 20.6, Max: 72, Diff: 72, Sum: 165]
      [Scan RS (ms): Min: 0.0, Avg: 0.1, Max: 0.1, Diff: 0.1, Sum: 0.5]
      [Code Root Scanning (ms): Min: 0.0, Avg: 0.0, Max: 0.0, Diff: 0.0, Sum: 0.0]
      [Object Copy (ms): Min: 0.0, Avg: 0.4, Max: 0.6, Diff: 0.6, Sum: 3.1]
      [Termination (ms): Min: 0.0, Avg: 2.6, Max: 3.0, Diff: 3.0, Sum: 21.2]
         [Termination Attempts: Min: 1, Avg: 4.4, Max: 7, Diff: 6, Sum: 35]
      [GC Worker Other (ms): Min: 0.0, Avg: 0.0, Max: 0.1, Diff: 0.1, Sum: 0.3]
      [GC Worker Total (ms): Min: 5.1, Avg: 5.2, Max: 5.2, Diff: 0.1, Sum: 41.4]
      [GC Worker End (ms): Min: 940212033.8, Avg: 940212033.9, Max: 940212033.9, Diff: 0.1]
   [Code Root Fixup: 0.0 ms]
   [Code Root Purge: 0.0 ms]
   [Clear CT: 0.6 ms]
   [Other: 5.1 ms]
      [Choose CSet: 0.0 ms]
      [Ref Proc: 4.3 ms]
      [Ref Enq: 0.1 ms]
      [Redirty Cards: 0.1 ms]
      [Humongous Register: 0.1 ms]
      [Humongous Reclaim: 0.0 ms]
      [Free CSet: 0.4 ms]
   [Eden: 7152.0M(7152.0M)->0.0B(7152.0M) Survivors: 16384.0K->16384.0K Heap: 10544.7M(14336.0M)->3392.8M(14336.0M)]
 [Times: user=0.05 sys=0.00, real=0.01 secs] 
2022-08-01T18:37:16.162-0700: 941207.667: [GC pause (G1 Evacuation Pause) (young), 0.0108310 secs]
   [Parallel Time: 5.9 ms, GC Workers: 8]
      [GC Worker Start (ms): Min: 941207667.2, Avg: 941207667.2, Max: 941207667.3, Diff: 0.1]
      [Ext Root Scanning (ms): Min: 1.2, Avg: 1.9, Max: 5.5, Diff: 4.3, Sum: 15.0]
      [Update RS (ms): Min: 0.0, Avg: 0.4, Max: 0.7, Diff: 0.7, Sum: 2.9]
         [Processed Buffers: Min: 0, Avg: 20.4, Max: 54, Diff: 54, Sum: 163]
      [Scan RS (ms): Min: 0.0, Avg: 0.1, Max: 0.2, Diff: 0.1, Sum: 0.7]
      [Code Root Scanning (ms): Min: 0.0, Avg: 0.0, Max: 0.0, Diff: 0.0, Sum: 0.0]
      [Object Copy (ms): Min: 0.0, Avg: 0.5, Max: 0.7, Diff: 0.7, Sum: 4.2]
      [Termination (ms): Min: 0.0, Avg: 2.7, Max: 3.1, Diff: 3.1, Sum: 21.4]
         [Termination Attempts: Min: 1, Avg: 4.2, Max: 7, Diff: 6, Sum: 34]
      [GC Worker Other (ms): Min: 0.0, Avg: 0.0, Max: 0.0, Diff: 0.0, Sum: 0.1]
      [GC Worker Total (ms): Min: 5.5, Avg: 5.5, Max: 5.6, Diff: 0.1, Sum: 44.4]
      [GC Worker End (ms): Min: 941207672.8, Avg: 941207672.8, Max: 941207672.8, Diff: 0.0]
   [Code Root Fixup: 0.0 ms]
   [Code Root Purge: 0.0 ms]
   [Clear CT: 0.6 ms]
   [Other: 4.3 ms]
      [Choose CSet: 0.0 ms]
      [Ref Proc: 3.6 ms]
      [Ref Enq: 0.1 ms]
      [Redirty Cards: 0.1 ms]
      [Humongous Register: 0.1 ms]
      [Humongous Reclaim: 0.0 ms]
      [Free CSet: 0.3 ms]
   [Eden: 7152.0M(7152.0M)->0.0B(7152.0M) Survivors: 16384.0K->16384.0K Heap: 10544.8M(14336.0M)->3392.8M(14336.0M)]
 [Times: user=0.06 sys=0.00, real=0.01 secs] 
2022-08-01T18:53:47.612-0700: 942199.117: [GC pause (G1 Evacuation Pause) (young) (initial-mark), 0.0150725 secs]
   [Parallel Time: 10.3 ms, GC Workers: 8]
      [GC Worker Start (ms): Min: 942199119.4, Avg: 942199119.5, Max: 942199119.6, Diff: 0.2]
      [Ext Root Scanning (ms): Min: 6.4, Avg: 6.7, Max: 6.9, Diff: 0.5, Sum: 53.3]
      [Update RS (ms): Min: 0.2, Avg: 0.3, Max: 0.5, Diff: 0.4, Sum: 2.4]
         [Processed Buffers: Min: 1, Avg: 20.0, Max: 67, Diff: 66, Sum: 160]
      [Scan RS (ms): Min: 0.0, Avg: 0.1, Max: 0.1, Diff: 0.1, Sum: 0.5]
      [Code Root Scanning (ms): Min: 0.0, Avg: 0.0, Max: 0.0, Diff: 0.0, Sum: 0.0]
      [Object Copy (ms): Min: 0.3, Avg: 0.5, Max: 0.8, Diff: 0.5, Sum: 4.3]
      [Termination (ms): Min: 0.0, Avg: 0.0, Max: 0.0, Diff: 0.0, Sum: 0.0]
         [Termination Attempts: Min: 1, Avg: 5.5, Max: 9, Diff: 8, Sum: 44]
      [GC Worker Other (ms): Min: 0.0, Avg: 0.1, Max: 0.2, Diff: 0.2, Sum: 0.6]
      [GC Worker Total (ms): Min: 7.5, Avg: 7.6, Max: 7.8, Diff: 0.3, Sum: 61.2]
      [GC Worker End (ms): Min: 942199127.1, Avg: 942199127.2, Max: 942199127.3, Diff: 0.2]
   [Code Root Fixup: 0.0 ms]
   [Code Root Purge: 0.0 ms]
   [Clear CT: 0.6 ms]
   [Other: 4.1 ms]
      [Choose CSet: 0.0 ms]
      [Ref Proc: 3.4 ms]
      [Ref Enq: 0.1 ms]
      [Redirty Cards: 0.1 ms]
      [Humongous Register: 0.0 ms]
      [Humongous Reclaim: 0.0 ms]
      [Free CSet: 0.3 ms]
   [Eden: 7152.0M(7152.0M)->0.0B(7152.0M) Survivors: 16384.0K->16384.0K Heap: 10544.8M(14336.0M)->3392.9M(14336.0M)]
 [Times: user=0.06 sys=0.01, real=0.02 secs] 
2022-08-01T18:53:47.628-0700: 942199.132: [GC concurrent-root-region-scan-start]
2022-08-01T18:53:47.632-0700: 942199.137: [GC concurrent-root-region-scan-end, 0.0045750 secs]
2022-08-01T18:53:47.632-0700: 942199.137: [GC concurrent-mark-start]
2022-08-01T18:53:50.120-0700: 942201.624: [GC concurrent-mark-end, 2.4874601 secs]
2022-08-01T18:53:50.120-0700: 942201.625: [GC remark 2022-08-01T18:53:50.120-0700: 942201.625: [Finalize Marking, 0.0004306 secs] 2022-08-01T18:53:50.120-0700: 942201.625: [GC ref-proc, 0.0062966 secs] 2022-08-01T18:53:50.127-0700: 942201.632: [Unloading, 0.0275720 secs], 0.0397030 secs]
 [Times: user=0.25 sys=0.00, real=0.04 secs] 
2022-08-01T18:53:50.160-0700: 942201.665: [GC cleanup 3432M->3432M(14336M), 0.0085906 secs]
 [Times: user=0.06 sys=0.00, real=0.01 secs] 
2022-08-01T19:10:24.712-0700: 943196.217: [GC pause (G1 Evacuation Pause) (young), 0.0108947 secs]
   [Parallel Time: 5.4 ms, GC Workers: 8]
      [GC Worker Start (ms): Min: 943196216.9, Avg: 943196217.0, Max: 943196217.1, Diff: 0.2]
      [Ext Root Scanning (ms): Min: 1.2, Avg: 1.9, Max: 5.3, Diff: 4.1, Sum: 14.9]
      [Update RS (ms): Min: 0.0, Avg: 0.4, Max: 0.8, Diff: 0.8, Sum: 3.0]
         [Processed Buffers: Min: 0, Avg: 20.9, Max: 55, Diff: 55, Sum: 167]
      [Scan RS (ms): Min: 0.0, Avg: 0.1, Max: 0.2, Diff: 0.2, Sum: 0.6]
      [Code Root Scanning (ms): Min: 0.0, Avg: 0.0, Max: 0.0, Diff: 0.0, Sum: 0.0]
      [Object Copy (ms): Min: 0.0, Avg: 0.5, Max: 0.7, Diff: 0.7, Sum: 4.0]
      [Termination (ms): Min: 0.0, Avg: 2.4, Max: 2.8, Diff: 2.8, Sum: 19.4]
         [Termination Attempts: Min: 1, Avg: 2.8, Max: 5, Diff: 4, Sum: 22]
      [GC Worker Other (ms): Min: 0.0, Avg: 0.0, Max: 0.0, Diff: 0.0, Sum: 0.1]
      [GC Worker Total (ms): Min: 5.2, Avg: 5.3, Max: 5.4, Diff: 0.2, Sum: 42.1]
      [GC Worker End (ms): Min: 943196222.3, Avg: 943196222.3, Max: 943196222.3, Diff: 0.0]
   [Code Root Fixup: 0.0 ms]
   [Code Root Purge: 0.0 ms]
   [Clear CT: 0.6 ms]
   [Other: 4.8 ms]
      [Choose CSet: 0.0 ms]
      [Ref Proc: 4.1 ms]
      [Ref Enq: 0.1 ms]
      [Redirty Cards: 0.1 ms]
      [Humongous Register: 0.1 ms]
      [Humongous Reclaim: 0.0 ms]
      [Free CSet: 0.3 ms]
   [Eden: 7152.0M(7152.0M)->0.0B(7152.0M) Survivors: 16384.0K->16384.0K Heap: 10544.9M(14336.0M)->3392.8M(14336.0M)]
 [Times: user=0.05 sys=0.01, real=0.02 secs] 
2022-08-01T19:27:05.362-0700: 944196.866: [GC pause (G1 Evacuation Pause) (young), 0.0112511 secs]
   [Parallel Time: 6.4 ms, GC Workers: 8]
      [GC Worker Start (ms): Min: 944196866.5, Avg: 944196866.6, Max: 944196866.7, Diff: 0.2]
      [Ext Root Scanning (ms): Min: 1.2, Avg: 2.0, Max: 6.0, Diff: 4.8, Sum: 16.0]
      [Update RS (ms): Min: 0.0, Avg: 0.4, Max: 0.7, Diff: 0.7, Sum: 2.9]
         [Processed Buffers: Min: 0, Avg: 20.2, Max: 51, Diff: 51, Sum: 162]
      [Scan RS (ms): Min: 0.0, Avg: 0.1, Max: 0.2, Diff: 0.2, Sum: 0.6]
      [Code Root Scanning (ms): Min: 0.0, Avg: 0.0, Max: 0.0, Diff: 0.0, Sum: 0.0]
      [Object Copy (ms): Min: 0.0, Avg: 0.5, Max: 0.7, Diff: 0.7, Sum: 3.9]
      [Termination (ms): Min: 0.0, Avg: 3.0, Max: 3.5, Diff: 3.5, Sum: 24.3]
         [Termination Attempts: Min: 1, Avg: 3.1, Max: 5, Diff: 4, Sum: 25]
      [GC Worker Other (ms): Min: 0.0, Avg: 0.0, Max: 0.0, Diff: 0.0, Sum: 0.2]
      [GC Worker Total (ms): Min: 5.9, Avg: 6.0, Max: 6.1, Diff: 0.2, Sum: 48.0]
      [GC Worker End (ms): Min: 944196872.6, Avg: 944196872.6, Max: 944196872.7, Diff: 0.0]
   [Code Root Fixup: 0.0 ms]
   [Code Root Purge: 0.0 ms]
   [Clear CT: 0.6 ms]
   [Other: 4.3 ms]
      [Choose CSet: 0.0 ms]
      [Ref Proc: 3.5 ms]
      [Ref Enq: 0.1 ms]
      [Redirty Cards: 0.1 ms]
      [Humongous Register: 0.1 ms]
      [Humongous Reclaim: 0.0 ms]
      [Free CSet: 0.3 ms]
   [Eden: 7152.0M(7152.0M)->0.0B(7152.0M) Survivors: 16384.0K->16384.0K Heap: 10544.8M(14336.0M)->3392.7M(14336.0M)]
 [Times: user=0.06 sys=0.00, real=0.01 secs] 
2022-08-01T19:43:49.563-0700: 945201.068: [GC pause (G1 Evacuation Pause) (young) (initial-mark), 0.0157269 secs]
   [Parallel Time: 9.9 ms, GC Workers: 8]
      [GC Worker Start (ms): Min: 945201069.8, Avg: 945201069.9, Max: 945201070.0, Diff: 0.2]
      [Ext Root Scanning (ms): Min: 6.2, Avg: 6.5, Max: 6.8, Diff: 0.6, Sum: 51.8]
      [Update RS (ms): Min: 0.2, Avg: 0.3, Max: 0.5, Diff: 0.4, Sum: 2.2]
         [Processed Buffers: Min: 1, Avg: 20.1, Max: 61, Diff: 60, Sum: 161]
      [Scan RS (ms): Min: 0.0, Avg: 0.1, Max: 0.1, Diff: 0.1, Sum: 0.5]
      [Code Root Scanning (ms): Min: 0.0, Avg: 0.0, Max: 0.0, Diff: 0.0, Sum: 0.0]
      [Object Copy (ms): Min: 0.0, Avg: 0.5, Max: 0.7, Diff: 0.7, Sum: 3.9]
      [Termination (ms): Min: 0.0, Avg: 0.0, Max: 0.0, Diff: 0.0, Sum: 0.1]
         [Termination Attempts: Min: 1, Avg: 2.6, Max: 4, Diff: 3, Sum: 21]
      [GC Worker Other (ms): Min: 0.0, Avg: 0.0, Max: 0.1, Diff: 0.1, Sum: 0.3]
      [GC Worker Total (ms): Min: 7.3, Avg: 7.3, Max: 7.5, Diff: 0.2, Sum: 58.7]
      [GC Worker End (ms): Min: 945201077.2, Avg: 945201077.3, Max: 945201077.3, Diff: 0.1]
   [Code Root Fixup: 0.0 ms]
   [Code Root Purge: 0.0 ms]
   [Clear CT: 0.7 ms]
   [Other: 5.1 ms]
      [Choose CSet: 0.0 ms]
      [Ref Proc: 4.3 ms]
      [Ref Enq: 0.1 ms]
      [Redirty Cards: 0.1 ms]
      [Humongous Register: 0.0 ms]
      [Humongous Reclaim: 0.0 ms]
      [Free CSet: 0.3 ms]
   [Eden: 7152.0M(7152.0M)->0.0B(7152.0M) Survivors: 16384.0K->16384.0K Heap: 10544.7M(14336.0M)->3392.9M(14336.0M)]
 [Times: user=0.06 sys=0.00, real=0.01 secs] 
2022-08-01T19:43:49.579-0700: 945201.083: [GC concurrent-root-region-scan-start]
2022-08-01T19:43:49.584-0700: 945201.088: [GC concurrent-root-region-scan-end, 0.0050226 secs]
2022-08-01T19:43:49.584-0700: 945201.089: [GC concurrent-mark-start]
2022-08-01T19:43:52.064-0700: 945203.569: [GC concurrent-mark-end, 2.4803838 secs]
2022-08-01T19:43:52.064-0700: 945203.569: [GC remark 2022-08-01T19:43:52.065-0700: 945203.569: [Finalize Marking, 0.0001775 secs] 2022-08-01T19:43:52.065-0700: 945203.569: [GC ref-proc, 0.0117119 secs] 2022-08-01T19:43:52.076-0700: 945203.581: [Unloading, 0.0280810 secs], 0.0453640 secs]
 [Times: user=0.27 sys=0.00, real=0.04 secs] 
2022-08-01T19:43:52.110-0700: 945203.615: [GC cleanup 3464M->3464M(14336M), 0.0080579 secs]
 [Times: user=0.06 sys=0.00, real=0.01 secs] 
2022-08-01T20:00:24.513-0700: 946196.018: [GC pause (G1 Evacuation Pause) (young), 0.0115518 secs]
   [Parallel Time: 6.0 ms, GC Workers: 8]
      [GC Worker Start (ms): Min: 946196018.2, Avg: 946196018.3, Max: 946196018.4, Diff: 0.1]
      [Ext Root Scanning (ms): Min: 1.3, Avg: 2.0, Max: 5.6, Diff: 4.3, Sum: 15.9]
      [Update RS (ms): Min: 0.0, Avg: 0.4, Max: 0.7, Diff: 0.7, Sum: 3.0]
         [Processed Buffers: Min: 0, Avg: 23.6, Max: 52, Diff: 52, Sum: 189]
      [Scan RS (ms): Min: 0.0, Avg: 0.1, Max: 0.1, Diff: 0.1, Sum: 0.6]
      [Code Root Scanning (ms): Min: 0.0, Avg: 0.0, Max: 0.0, Diff: 0.0, Sum: 0.0]
      [Object Copy (ms): Min: 0.0, Avg: 0.5, Max: 0.8, Diff: 0.8, Sum: 4.3]
      [Termination (ms): Min: 0.0, Avg: 2.6, Max: 3.0, Diff: 3.0, Sum: 20.7]
         [Termination Attempts: Min: 1, Avg: 3.8, Max: 7, Diff: 6, Sum: 30]
      [GC Worker Other (ms): Min: 0.0, Avg: 0.0, Max: 0.0, Diff: 0.0, Sum: 0.1]
      [GC Worker Total (ms): Min: 5.5, Avg: 5.6, Max: 5.6, Diff: 0.1, Sum: 44.7]
      [GC Worker End (ms): Min: 946196023.9, Avg: 946196023.9, Max: 946196023.9, Diff: 0.0]
   [Code Root Fixup: 0.0 ms]
   [Code Root Purge: 0.0 ms]
   [Clear CT: 0.6 ms]
   [Other: 5.0 ms]
      [Choose CSet: 0.0 ms]
      [Ref Proc: 4.3 ms]
      [Ref Enq: 0.1 ms]
      [Redirty Cards: 0.1 ms]
      [Humongous Register: 0.1 ms]
      [Humongous Reclaim: 0.0 ms]
      [Free CSet: 0.3 ms]
   [Eden: 7152.0M(7152.0M)->0.0B(7152.0M) Survivors: 16384.0K->16384.0K Heap: 10544.9M(14336.0M)->3392.8M(14336.0M)]
 [Times: user=0.06 sys=0.00, real=0.02 secs] 
2022-08-01T20:17:02.713-0700: 947194.218: [GC pause (G1 Evacuation Pause) (young), 0.0107527 secs]
   [Parallel Time: 5.6 ms, GC Workers: 8]
      [GC Worker Start (ms): Min: 947194217.7, Avg: 947194217.8, Max: 947194217.8, Diff: 0.2]
      [Ext Root Scanning (ms): Min: 1.3, Avg: 2.0, Max: 5.3, Diff: 4.0, Sum: 16.1]
      [Update RS (ms): Min: 0.0, Avg: 0.3, Max: 0.6, Diff: 0.6, Sum: 2.5]
         [Processed Buffers: Min: 0, Avg: 20.2, Max: 48, Diff: 48, Sum: 162]
      [Scan RS (ms): Min: 0.0, Avg: 0.1, Max: 0.1, Diff: 0.1, Sum: 0.6]
      [Code Root Scanning (ms): Min: 0.0, Avg: 0.0, Max: 0.0, Diff: 0.0, Sum: 0.0]
      [Object Copy (ms): Min: 0.0, Avg: 0.5, Max: 0.7, Diff: 0.7, Sum: 3.9]
      [Termination (ms): Min: 0.0, Avg: 2.4, Max: 2.7, Diff: 2.7, Sum: 19.0]
         [Termination Attempts: Min: 1, Avg: 1.8, Max: 3, Diff: 2, Sum: 14]
      [GC Worker Other (ms): Min: 0.0, Avg: 0.0, Max: 0.1, Diff: 0.0, Sum: 0.2]
      [GC Worker Total (ms): Min: 5.2, Avg: 5.3, Max: 5.4, Diff: 0.1, Sum: 42.4]
      [GC Worker End (ms): Min: 947194223.0, Avg: 947194223.1, Max: 947194223.1, Diff: 0.1]
   [Code Root Fixup: 0.0 ms]
   [Code Root Purge: 0.0 ms]
   [Clear CT: 0.6 ms]
   [Other: 4.5 ms]
      [Choose CSet: 0.0 ms]
      [Ref Proc: 3.8 ms]
      [Ref Enq: 0.1 ms]
      [Redirty Cards: 0.1 ms]
      [Humongous Register: 0.1 ms]
      [Humongous Reclaim: 0.0 ms]
      [Free CSet: 0.3 ms]
   [Eden: 7152.0M(7152.0M)->0.0B(7152.0M) Survivors: 16384.0K->16384.0K Heap: 10544.8M(14336.0M)->3392.8M(14336.0M)]
 [Times: user=0.05 sys=0.00, real=0.02 secs] 
2022-08-01T20:33:38.662-0700: 948190.166: [GC pause (G1 Evacuation Pause) (young) (initial-mark), 0.0169551 secs]
   [Parallel Time: 12.3 ms, GC Workers: 8]
      [GC Worker Start (ms): Min: 948190168.5, Avg: 948190168.6, Max: 948190168.7, Diff: 0.2]
      [Ext Root Scanning (ms): Min: 7.4, Avg: 7.9, Max: 9.9, Diff: 2.6, Sum: 63.1]
      [Update RS (ms): Min: 0.0, Avg: 0.3, Max: 0.4, Diff: 0.4, Sum: 2.0]
         [Processed Buffers: Min: 0, Avg: 21.4, Max: 58, Diff: 58, Sum: 171]
      [Scan RS (ms): Min: 0.0, Avg: 0.1, Max: 0.1, Diff: 0.1, Sum: 0.5]
      [Code Root Scanning (ms): Min: 0.0, Avg: 0.0, Max: 0.0, Diff: 0.0, Sum: 0.0]
      [Object Copy (ms): Min: 0.0, Avg: 0.5, Max: 0.8, Diff: 0.8, Sum: 3.8]
      [Termination (ms): Min: 0.0, Avg: 1.3, Max: 1.5, Diff: 1.5, Sum: 10.4]
         [Termination Attempts: Min: 1, Avg: 5.4, Max: 7, Diff: 6, Sum: 43]
      [GC Worker Other (ms): Min: 0.0, Avg: 0.0, Max: 0.1, Diff: 0.0, Sum: 0.2]
      [GC Worker Total (ms): Min: 9.9, Avg: 10.0, Max: 10.1, Diff: 0.2, Sum: 80.0]
      [GC Worker End (ms): Min: 948190178.6, Avg: 948190178.6, Max: 948190178.6, Diff: 0.0]
   [Code Root Fixup: 0.0 ms]
   [Code Root Purge: 0.0 ms]
   [Clear CT: 0.6 ms]
   [Other: 4.1 ms]
      [Choose CSet: 0.0 ms]
      [Ref Proc: 3.4 ms]
      [Ref Enq: 0.1 ms]
      [Redirty Cards: 0.1 ms]
      [Humongous Register: 0.0 ms]
      [Humongous Reclaim: 0.0 ms]
      [Free CSet: 0.3 ms]
   [Eden: 7152.0M(7152.0M)->0.0B(7152.0M) Survivors: 16384.0K->16384.0K Heap: 10544.8M(14336.0M)->3392.9M(14336.0M)]
 [Times: user=0.06 sys=0.01, real=0.02 secs] 
2022-08-01T20:33:38.679-0700: 948190.183: [GC concurrent-root-region-scan-start]
2022-08-01T20:33:38.683-0700: 948190.188: [GC concurrent-root-region-scan-end, 0.0046346 secs]
2022-08-01T20:33:38.683-0700: 948190.188: [GC concurrent-mark-start]
2022-08-01T20:33:41.151-0700: 948192.656: [GC concurrent-mark-end, 2.4680881 secs]
2022-08-01T20:33:41.152-0700: 948192.657: [GC remark 2022-08-01T20:33:41.152-0700: 948192.657: [Finalize Marking, 0.0002790 secs] 2022-08-01T20:33:41.152-0700: 948192.657: [GC ref-proc, 0.0067293 secs] 2022-08-01T20:33:41.159-0700: 948192.664: [Unloading, 0.0276473 secs], 0.0400383 secs]
 [Times: user=0.25 sys=0.00, real=0.04 secs] 
2022-08-01T20:33:41.192-0700: 948192.697: [GC cleanup 3432M->3432M(14336M), 0.0083501 secs]
 [Times: user=0.06 sys=0.00, real=0.01 secs] 
2022-08-01T20:50:09.562-0700: 949181.067: [GC pause (G1 Evacuation Pause) (young), 0.0114668 secs]
   [Parallel Time: 6.2 ms, GC Workers: 8]
      [GC Worker Start (ms): Min: 949181066.8, Avg: 949181066.8, Max: 949181066.9, Diff: 0.1]
      [Ext Root Scanning (ms): Min: 1.3, Avg: 2.1, Max: 5.9, Diff: 4.5, Sum: 16.6]
      [Update RS (ms): Min: 0.0, Avg: 0.4, Max: 0.8, Diff: 0.8, Sum: 3.0]
         [Processed Buffers: Min: 0, Avg: 22.0, Max: 70, Diff: 70, Sum: 176]
      [Scan RS (ms): Min: 0.0, Avg: 0.1, Max: 0.2, Diff: 0.1, Sum: 0.6]
      [Code Root Scanning (ms): Min: 0.0, Avg: 0.0, Max: 0.0, Diff: 0.0, Sum: 0.0]
      [Object Copy (ms): Min: 0.0, Avg: 0.6, Max: 0.9, Diff: 0.9, Sum: 4.9]
      [Termination (ms): Min: 0.0, Avg: 2.7, Max: 3.1, Diff: 3.1, Sum: 21.6]
         [Termination Attempts: Min: 1, Avg: 8.0, Max: 11, Diff: 10, Sum: 64]
      [GC Worker Other (ms): Min: 0.0, Avg: 0.0, Max: 0.0, Diff: 0.0, Sum: 0.1]
      [GC Worker Total (ms): Min: 5.8, Avg: 5.9, Max: 5.9, Diff: 0.1, Sum: 46.9]
      [GC Worker End (ms): Min: 949181072.7, Avg: 949181072.7, Max: 949181072.7, Diff: 0.0]
   [Code Root Fixup: 0.0 ms]
   [Code Root Purge: 0.0 ms]
   [Clear CT: 0.6 ms]
   [Other: 4.6 ms]
      [Choose CSet: 0.0 ms]
      [Ref Proc: 3.6 ms]
      [Ref Enq: 0.2 ms]
      [Redirty Cards: 0.3 ms]
      [Humongous Register: 0.1 ms]
      [Humongous Reclaim: 0.0 ms]
      [Free CSet: 0.3 ms]
   [Eden: 7152.0M(7152.0M)->0.0B(7152.0M) Survivors: 16384.0K->16384.0K Heap: 10544.9M(14336.0M)->3392.9M(14336.0M)]
 [Times: user=0.06 sys=0.00, real=0.01 secs] 
2022-08-01T21:07:09.212-0700: 950200.717: [GC pause (G1 Evacuation Pause) (young), 0.0112393 secs]
   [Parallel Time: 6.3 ms, GC Workers: 8]
      [GC Worker Start (ms): Min: 950200717.1, Avg: 950200717.1, Max: 950200717.2, Diff: 0.1]
      [Ext Root Scanning (ms): Min: 1.2, Avg: 2.1, Max: 6.1, Diff: 4.8, Sum: 16.4]
      [Update RS (ms): Min: 0.0, Avg: 0.4, Max: 0.7, Diff: 0.7, Sum: 3.1]
         [Processed Buffers: Min: 0, Avg: 22.1, Max: 47, Diff: 47, Sum: 177]
      [Scan RS (ms): Min: 0.0, Avg: 0.1, Max: 0.2, Diff: 0.1, Sum: 0.8]
      [Code Root Scanning (ms): Min: 0.0, Avg: 0.0, Max: 0.0, Diff: 0.0, Sum: 0.0]
      [Object Copy (ms): Min: 0.0, Avg: 0.5, Max: 0.7, Diff: 0.7, Sum: 3.9]
      [Termination (ms): Min: 0.0, Avg: 3.0, Max: 3.5, Diff: 3.5, Sum: 24.3]
         [Termination Attempts: Min: 1, Avg: 6.0, Max: 9, Diff: 8, Sum: 48]
      [GC Worker Other (ms): Min: 0.0, Avg: 0.0, Max: 0.0, Diff: 0.0, Sum: 0.2]
      [GC Worker Total (ms): Min: 6.0, Avg: 6.1, Max: 6.2, Diff: 0.1, Sum: 48.7]
      [GC Worker End (ms): Min: 950200723.2, Avg: 950200723.2, Max: 950200723.3, Diff: 0.0]
   [Code Root Fixup: 0.0 ms]
   [Code Root Purge: 0.0 ms]
   [Clear CT: 0.6 ms]
   [Other: 4.3 ms]
      [Choose CSet: 0.0 ms]
      [Ref Proc: 3.6 ms]
      [Ref Enq: 0.1 ms]
      [Redirty Cards: 0.1 ms]
      [Humongous Register: 0.1 ms]
      [Humongous Reclaim: 0.0 ms]
      [Free CSet: 0.3 ms]
   [Eden: 7152.0M(7152.0M)->0.0B(7152.0M) Survivors: 16384.0K->16384.0K Heap: 10544.9M(14336.0M)->3392.8M(14336.0M)]
 [Times: user=0.06 sys=0.00, real=0.02 secs] 
2022-08-01T21:23:50.212-0700: 951201.717: [GC pause (G1 Evacuation Pause) (young) (initial-mark), 0.0155486 secs]
   [Parallel Time: 10.4 ms, GC Workers: 8]
      [GC Worker Start (ms): Min: 951201719.2, Avg: 951201719.3, Max: 951201719.4, Diff: 0.2]
      [Ext Root Scanning (ms): Min: 6.6, Avg: 6.9, Max: 7.2, Diff: 0.6, Sum: 55.1]
      [Update RS (ms): Min: 0.2, Avg: 0.3, Max: 0.5, Diff: 0.4, Sum: 2.5]
         [Processed Buffers: Min: 1, Avg: 20.6, Max: 63, Diff: 62, Sum: 165]
      [Scan RS (ms): Min: 0.0, Avg: 0.1, Max: 0.1, Diff: 0.1, Sum: 0.5]
      [Code Root Scanning (ms): Min: 0.0, Avg: 0.0, Max: 0.0, Diff: 0.0, Sum: 0.0]
      [Object Copy (ms): Min: 0.2, Avg: 0.5, Max: 0.8, Diff: 0.6, Sum: 4.3]
      [Termination (ms): Min: 0.0, Avg: 0.0, Max: 0.0, Diff: 0.0, Sum: 0.3]
         [Termination Attempts: Min: 1, Avg: 4.6, Max: 7, Diff: 6, Sum: 37]
      [GC Worker Other (ms): Min: 0.0, Avg: 0.0, Max: 0.1, Diff: 0.0, Sum: 0.2]
      [GC Worker Total (ms): Min: 7.8, Avg: 7.9, Max: 8.0, Diff: 0.2, Sum: 62.9]
      [GC Worker End (ms): Min: 951201727.2, Avg: 951201727.2, Max: 951201727.2, Diff: 0.0]
   [Code Root Fixup: 0.0 ms]
   [Code Root Purge: 0.0 ms]
   [Clear CT: 0.6 ms]
   [Other: 4.6 ms]
      [Choose CSet: 0.0 ms]
      [Ref Proc: 3.9 ms]
      [Ref Enq: 0.1 ms]
      [Redirty Cards: 0.1 ms]
      [Humongous Register: 0.0 ms]
      [Humongous Reclaim: 0.0 ms]
      [Free CSet: 0.3 ms]
   [Eden: 7152.0M(7152.0M)->0.0B(7152.0M) Survivors: 16384.0K->16384.0K Heap: 10544.8M(14336.0M)->3392.9M(14336.0M)]
 [Times: user=0.05 sys=0.01, real=0.02 secs] 
2022-08-01T21:23:50.228-0700: 951201.733: [GC concurrent-root-region-scan-start]
2022-08-01T21:23:50.233-0700: 951201.737: [GC concurrent-root-region-scan-end, 0.0047464 secs]
2022-08-01T21:23:50.233-0700: 951201.737: [GC concurrent-mark-start]
2022-08-01T21:23:52.716-0700: 951204.221: [GC concurrent-mark-end, 2.4833843 secs]
2022-08-01T21:23:52.716-0700: 951204.221: [GC remark 2022-08-01T21:23:52.717-0700: 951204.221: [Finalize Marking, 0.0002146 secs] 2022-08-01T21:23:52.717-0700: 951204.222: [GC ref-proc, 0.0108530 secs] 2022-08-01T21:23:52.728-0700: 951204.232: [Unloading, 0.0276152 secs], 0.0445567 secs]
 [Times: user=0.26 sys=0.00, real=0.04 secs] 
2022-08-01T21:23:52.761-0700: 951204.266: [GC cleanup 3432M->3432M(14336M), 0.0085388 secs]
 [Times: user=0.06 sys=0.00, real=0.01 secs] 
2022-08-01T21:40:36.712-0700: 952208.217: [GC pause (G1 Evacuation Pause) (young), 0.0116983 secs]
   [Parallel Time: 5.9 ms, GC Workers: 8]
      [GC Worker Start (ms): Min: 952208216.9, Avg: 952208217.0, Max: 952208217.1, Diff: 0.2]
      [Ext Root Scanning (ms): Min: 1.3, Avg: 2.0, Max: 5.6, Diff: 4.3, Sum: 15.8]
      [Update RS (ms): Min: 0.0, Avg: 0.4, Max: 0.8, Diff: 0.8, Sum: 3.1]
         [Processed Buffers: Min: 0, Avg: 23.5, Max: 57, Diff: 57, Sum: 188]
      [Scan RS (ms): Min: 0.0, Avg: 0.1, Max: 0.1, Diff: 0.1, Sum: 0.7]
      [Code Root Scanning (ms): Min: 0.0, Avg: 0.0, Max: 0.0, Diff: 0.0, Sum: 0.0]
      [Object Copy (ms): Min: 0.0, Avg: 0.6, Max: 0.8, Diff: 0.8, Sum: 4.4]
      [Termination (ms): Min: 0.0, Avg: 2.5, Max: 2.9, Diff: 2.9, Sum: 20.3]
         [Termination Attempts: Min: 1, Avg: 8.6, Max: 14, Diff: 13, Sum: 69]
      [GC Worker Other (ms): Min: 0.0, Avg: 0.0, Max: 0.1, Diff: 0.1, Sum: 0.3]
      [GC Worker Total (ms): Min: 5.5, Avg: 5.6, Max: 5.7, Diff: 0.2, Sum: 44.7]
      [GC Worker End (ms): Min: 952208222.5, Avg: 952208222.5, Max: 952208222.6, Diff: 0.1]
   [Code Root Fixup: 0.0 ms]
   [Code Root Purge: 0.0 ms]
   [Clear CT: 0.6 ms]
   [Other: 5.1 ms]
      [Choose CSet: 0.0 ms]
      [Ref Proc: 4.4 ms]
      [Ref Enq: 0.2 ms]
      [Redirty Cards: 0.1 ms]
      [Humongous Register: 0.1 ms]
      [Humongous Reclaim: 0.0 ms]
      [Free CSet: 0.3 ms]
   [Eden: 7152.0M(7152.0M)->0.0B(7152.0M) Survivors: 16384.0K->16384.0K Heap: 10544.9M(14336.0M)->3392.9M(14336.0M)]
 [Times: user=0.06 sys=0.00, real=0.02 secs] 
2022-08-01T21:57:09.914-0700: 953201.419: [GC pause (G1 Evacuation Pause) (young), 0.0086592 secs]
   [Parallel Time: 5.5 ms, GC Workers: 8]
      [GC Worker Start (ms): Min: 953201419.0, Avg: 953201419.0, Max: 953201419.1, Diff: 0.1]
      [Ext Root Scanning (ms): Min: 1.2, Avg: 1.9, Max: 5.4, Diff: 4.2, Sum: 15.2]
      [Update RS (ms): Min: 0.0, Avg: 0.3, Max: 0.7, Diff: 0.7, Sum: 2.8]
         [Processed Buffers: Min: 0, Avg: 21.4, Max: 64, Diff: 64, Sum: 171]
      [Scan RS (ms): Min: 0.0, Avg: 0.1, Max: 0.1, Diff: 0.1, Sum: 0.6]
      [Code Root Scanning (ms): Min: 0.0, Avg: 0.0, Max: 0.0, Diff: 0.0, Sum: 0.0]
      [Object Copy (ms): Min: 0.0, Avg: 0.5, Max: 0.7, Diff: 0.7, Sum: 4.1]
      [Termination (ms): Min: 0.0, Avg: 2.5, Max: 2.9, Diff: 2.9, Sum: 20.2]
         [Termination Attempts: Min: 1, Avg: 3.8, Max: 8, Diff: 7, Sum: 30]
      [GC Worker Other (ms): Min: 0.0, Avg: 0.0, Max: 0.0, Diff: 0.0, Sum: 0.1]
      [GC Worker Total (ms): Min: 5.3, Avg: 5.4, Max: 5.4, Diff: 0.1, Sum: 43.1]
      [GC Worker End (ms): Min: 953201424.4, Avg: 953201424.4, Max: 953201424.5, Diff: 0.0]
   [Code Root Fixup: 0.0 ms]
   [Code Root Purge: 0.0 ms]
   [Clear CT: 0.6 ms]
   [Other: 2.6 ms]
      [Choose CSet: 0.0 ms]
      [Ref Proc: 1.9 ms]
      [Ref Enq: 0.1 ms]
      [Redirty Cards: 0.1 ms]
      [Humongous Register: 0.1 ms]
      [Humongous Reclaim: 0.0 ms]
      [Free CSet: 0.3 ms]
   [Eden: 7152.0M(7152.0M)->0.0B(7152.0M) Survivors: 16384.0K->16384.0K Heap: 10544.9M(14336.0M)->3392.9M(14336.0M)]
 [Times: user=0.06 sys=0.00, real=0.02 secs] 
2022-08-01T22:13:36.514-0700: 954188.018: [GC pause (G1 Evacuation Pause) (young) (initial-mark), 0.0154269 secs]
   [Parallel Time: 9.9 ms, GC Workers: 8]
      [GC Worker Start (ms): Min: 954188020.5, Avg: 954188020.7, Max: 954188020.7, Diff: 0.2]
      [Ext Root Scanning (ms): Min: 6.1, Avg: 6.4, Max: 6.7, Diff: 0.6, Sum: 50.9]
      [Update RS (ms): Min: 0.2, Avg: 0.3, Max: 0.5, Diff: 0.3, Sum: 2.3]
         [Processed Buffers: Min: 1, Avg: 22.9, Max: 63, Diff: 62, Sum: 183]
      [Scan RS (ms): Min: 0.0, Avg: 0.1, Max: 0.1, Diff: 0.1, Sum: 0.5]
      [Code Root Scanning (ms): Min: 0.0, Avg: 0.0, Max: 0.0, Diff: 0.0, Sum: 0.0]
      [Object Copy (ms): Min: 0.3, Avg: 0.5, Max: 0.8, Diff: 0.5, Sum: 4.4]
      [Termination (ms): Min: 0.0, Avg: 0.0, Max: 0.0, Diff: 0.0, Sum: 0.2]
         [Termination Attempts: Min: 1, Avg: 8.0, Max: 12, Diff: 11, Sum: 64]
      [GC Worker Other (ms): Min: 0.0, Avg: 0.0, Max: 0.1, Diff: 0.1, Sum: 0.3]
      [GC Worker Total (ms): Min: 7.2, Avg: 7.3, Max: 7.5, Diff: 0.2, Sum: 58.7]
      [GC Worker End (ms): Min: 954188028.0, Avg: 954188028.0, Max: 954188028.1, Diff: 0.1]
   [Code Root Fixup: 0.0 ms]
   [Code Root Purge: 0.0 ms]
   [Clear CT: 0.7 ms]
   [Other: 4.8 ms]
      [Choose CSet: 0.0 ms]
      [Ref Proc: 3.9 ms]
      [Ref Enq: 0.1 ms]
      [Redirty Cards: 0.1 ms]
      [Humongous Register: 0.0 ms]
      [Humongous Reclaim: 0.0 ms]
      [Free CSet: 0.3 ms]
   [Eden: 7152.0M(7152.0M)->0.0B(7152.0M) Survivors: 16384.0K->16384.0K Heap: 10544.9M(14336.0M)->3392.9M(14336.0M)]
 [Times: user=0.06 sys=0.00, real=0.02 secs] 
2022-08-01T22:13:36.529-0700: 954188.034: [GC concurrent-root-region-scan-start]
2022-08-01T22:13:36.534-0700: 954188.039: [GC concurrent-root-region-scan-end, 0.0046284 secs]
2022-08-01T22:13:36.534-0700: 954188.039: [GC concurrent-mark-start]
2022-08-01T22:13:39.006-0700: 954190.511: [GC concurrent-mark-end, 2.4725270 secs]
2022-08-01T22:13:39.007-0700: 954190.512: [GC remark 2022-08-01T22:13:39.007-0700: 954190.512: [Finalize Marking, 0.0004643 secs] 2022-08-01T22:13:39.007-0700: 954190.512: [GC ref-proc, 0.0099130 secs] 2022-08-01T22:13:39.017-0700: 954190.522: [Unloading, 0.0280828 secs], 0.0438079 secs]
 [Times: user=0.26 sys=0.00, real=0.04 secs] 
2022-08-01T22:13:39.051-0700: 954190.556: [GC cleanup 3432M->3432M(14336M), 0.0080414 secs]
 [Times: user=0.06 sys=0.00, real=0.01 secs] 
2022-08-01T22:29:59.112-0700: 955170.617: [GC pause (G1 Evacuation Pause) (young), 0.0098482 secs]
   [Parallel Time: 6.2 ms, GC Workers: 8]
      [GC Worker Start (ms): Min: 955170616.9, Avg: 955170616.9, Max: 955170617.0, Diff: 0.2]
      [Ext Root Scanning (ms): Min: 1.3, Avg: 2.0, Max: 5.8, Diff: 4.5, Sum: 16.1]
      [Update RS (ms): Min: 0.0, Avg: 0.4, Max: 0.8, Diff: 0.8, Sum: 3.1]
         [Processed Buffers: Min: 0, Avg: 22.5, Max: 68, Diff: 68, Sum: 180]
      [Scan RS (ms): Min: 0.0, Avg: 0.1, Max: 0.2, Diff: 0.2, Sum: 0.7]
      [Code Root Scanning (ms): Min: 0.0, Avg: 0.0, Max: 0.0, Diff: 0.0, Sum: 0.0]
      [Object Copy (ms): Min: 0.0, Avg: 0.5, Max: 0.7, Diff: 0.7, Sum: 3.9]
      [Termination (ms): Min: 0.0, Avg: 2.7, Max: 3.1, Diff: 3.1, Sum: 21.9]
         [Termination Attempts: Min: 1, Avg: 1.9, Max: 4, Diff: 3, Sum: 15]
      [GC Worker Other (ms): Min: 0.0, Avg: 0.0, Max: 0.1, Diff: 0.1, Sum: 0.4]
      [GC Worker Total (ms): Min: 5.7, Avg: 5.8, Max: 5.9, Diff: 0.2, Sum: 46.1]
      [GC Worker End (ms): Min: 955170622.7, Avg: 955170622.7, Max: 955170622.8, Diff: 0.1]
   [Code Root Fixup: 0.0 ms]
   [Code Root Purge: 0.0 ms]
   [Clear CT: 1.1 ms]
   [Other: 2.5 ms]
      [Choose CSet: 0.0 ms]
      [Ref Proc: 1.8 ms]
      [Ref Enq: 0.1 ms]
      [Redirty Cards: 0.1 ms]
      [Humongous Register: 0.1 ms]
      [Humongous Reclaim: 0.0 ms]
      [Free CSet: 0.3 ms]
   [Eden: 7152.0M(7152.0M)->0.0B(7152.0M) Survivors: 16384.0K->16384.0K Heap: 10544.9M(14336.0M)->3392.9M(14336.0M)]
 [Times: user=0.06 sys=0.00, real=0.01 secs] 
2022-08-01T22:46:14.588-0700: 956146.092: [GC pause (G1 Evacuation Pause) (young), 0.0115820 secs]
   [Parallel Time: 5.7 ms, GC Workers: 8]
      [GC Worker Start (ms): Min: 956146092.6, Avg: 956146092.7, Max: 956146092.7, Diff: 0.2]
      [Ext Root Scanning (ms): Min: 1.2, Avg: 1.9, Max: 5.4, Diff: 4.2, Sum: 14.9]
      [Update RS (ms): Min: 0.0, Avg: 0.3, Max: 0.6, Diff: 0.6, Sum: 2.7]
         [Processed Buffers: Min: 0, Avg: 21.8, Max: 63, Diff: 63, Sum: 174]
      [Scan RS (ms): Min: 0.0, Avg: 0.1, Max: 0.1, Diff: 0.1, Sum: 0.6]
      [Code Root Scanning (ms): Min: 0.0, Avg: 0.0, Max: 0.0, Diff: 0.0, Sum: 0.0]
      [Object Copy (ms): Min: 0.0, Avg: 0.5, Max: 0.6, Diff: 0.6, Sum: 3.6]
      [Termination (ms): Min: 0.0, Avg: 2.6, Max: 3.0, Diff: 3.0, Sum: 21.1]
         [Termination Attempts: Min: 1, Avg: 1.8, Max: 3, Diff: 2, Sum: 14]
      [GC Worker Other (ms): Min: 0.0, Avg: 0.0, Max: 0.0, Diff: 0.0, Sum: 0.2]
      [GC Worker Total (ms): Min: 5.3, Avg: 5.4, Max: 5.5, Diff: 0.1, Sum: 43.1]
      [GC Worker End (ms): Min: 956146098.0, Avg: 956146098.0, Max: 956146098.1, Diff: 0.1]
   [Code Root Fixup: 0.0 ms]
   [Code Root Purge: 0.0 ms]
   [Clear CT: 0.6 ms]
   [Other: 5.2 ms]
      [Choose CSet: 0.0 ms]
      [Ref Proc: 4.5 ms]
      [Ref Enq: 0.1 ms]
      [Redirty Cards: 0.1 ms]
      [Humongous Register: 0.1 ms]
      [Humongous Reclaim: 0.0 ms]
      [Free CSet: 0.3 ms]
   [Eden: 7152.0M(7152.0M)->0.0B(7152.0M) Survivors: 16384.0K->16384.0K Heap: 10544.9M(14336.0M)->3393.0M(14336.0M)]
 [Times: user=0.05 sys=0.01, real=0.01 secs] 
2022-08-01T23:02:52.112-0700: 957143.616: [GC pause (G1 Evacuation Pause) (young) (initial-mark), 0.0147689 secs]
   [Parallel Time: 9.6 ms, GC Workers: 8]
      [GC Worker Start (ms): Min: 957143618.3, Avg: 957143618.4, Max: 957143618.5, Diff: 0.2]
      [Ext Root Scanning (ms): Min: 6.2, Avg: 6.5, Max: 6.8, Diff: 0.6, Sum: 52.1]
      [Update RS (ms): Min: 0.1, Avg: 0.3, Max: 0.5, Diff: 0.3, Sum: 2.2]
         [Processed Buffers: Min: 1, Avg: 20.4, Max: 52, Diff: 51, Sum: 163]
      [Scan RS (ms): Min: 0.0, Avg: 0.1, Max: 0.2, Diff: 0.1, Sum: 0.5]
      [Code Root Scanning (ms): Min: 0.0, Avg: 0.0, Max: 0.0, Diff: 0.0, Sum: 0.0]
      [Object Copy (ms): Min: 0.0, Avg: 0.5, Max: 0.8, Diff: 0.8, Sum: 4.0]
      [Termination (ms): Min: 0.0, Avg: 0.0, Max: 0.1, Diff: 0.1, Sum: 0.2]
         [Termination Attempts: Min: 1, Avg: 1.1, Max: 2, Diff: 1, Sum: 9]
      [GC Worker Other (ms): Min: 0.0, Avg: 0.0, Max: 0.1, Diff: 0.1, Sum: 0.4]
      [GC Worker Total (ms): Min: 7.3, Avg: 7.4, Max: 7.6, Diff: 0.2, Sum: 59.5]
      [GC Worker End (ms): Min: 957143625.8, Avg: 957143625.9, Max: 957143625.9, Diff: 0.1]
   [Code Root Fixup: 0.0 ms]
   [Code Root Purge: 0.0 ms]
   [Clear CT: 0.6 ms]
   [Other: 4.5 ms]
      [Choose CSet: 0.0 ms]
      [Ref Proc: 3.8 ms]
      [Ref Enq: 0.1 ms]
      [Redirty Cards: 0.1 ms]
      [Humongous Register: 0.0 ms]
      [Humongous Reclaim: 0.0 ms]
      [Free CSet: 0.3 ms]
   [Eden: 7152.0M(7152.0M)->0.0B(7152.0M) Survivors: 16384.0K->16384.0K Heap: 10545.0M(14336.0M)->3392.8M(14336.0M)]
 [Times: user=0.06 sys=0.00, real=0.02 secs] 
2022-08-01T23:02:52.126-0700: 957143.631: [GC concurrent-root-region-scan-start]
2022-08-01T23:02:52.132-0700: 957143.636: [GC concurrent-root-region-scan-end, 0.0050820 secs]
2022-08-01T23:02:52.132-0700: 957143.636: [GC concurrent-mark-start]
2022-08-01T23:02:54.626-0700: 957146.131: [GC concurrent-mark-end, 2.4942690 secs]
2022-08-01T23:02:54.626-0700: 957146.131: [GC remark 2022-08-01T23:02:54.626-0700: 957146.131: [Finalize Marking, 0.0001065 secs] 2022-08-01T23:02:54.626-0700: 957146.131: [GC ref-proc, 0.0057973 secs] 2022-08-01T23:02:54.632-0700: 957146.137: [Unloading, 0.0275125 secs], 0.0388870 secs]
 [Times: user=0.24 sys=0.00, real=0.04 secs] 
2022-08-01T23:02:54.665-0700: 957146.170: [GC cleanup 3432M->3432M(14336M), 0.0082413 secs]
 [Times: user=0.06 sys=0.00, real=0.00 secs] 
2022-08-01T23:19:30.962-0700: 958142.467: [GC pause (G1 Evacuation Pause) (young), 0.0105613 secs]
   [Parallel Time: 5.5 ms, GC Workers: 8]
      [GC Worker Start (ms): Min: 958142467.2, Avg: 958142467.3, Max: 958142467.4, Diff: 0.2]
      [Ext Root Scanning (ms): Min: 1.3, Avg: 2.1, Max: 5.3, Diff: 4.0, Sum: 16.9]
      [Update RS (ms): Min: 0.0, Avg: 0.3, Max: 0.7, Diff: 0.7, Sum: 2.6]
         [Processed Buffers: Min: 0, Avg: 22.0, Max: 66, Diff: 66, Sum: 176]
      [Scan RS (ms): Min: 0.0, Avg: 0.1, Max: 0.2, Diff: 0.1, Sum: 0.6]
      [Code Root Scanning (ms): Min: 0.0, Avg: 0.0, Max: 0.0, Diff: 0.0, Sum: 0.0]
      [Object Copy (ms): Min: 0.0, Avg: 0.4, Max: 0.7, Diff: 0.7, Sum: 3.6]
      [Termination (ms): Min: 0.0, Avg: 2.3, Max: 2.7, Diff: 2.7, Sum: 18.6]
         [Termination Attempts: Min: 1, Avg: 2.8, Max: 5, Diff: 4, Sum: 22]
      [GC Worker Other (ms): Min: 0.0, Avg: 0.0, Max: 0.0, Diff: 0.0, Sum: 0.1]
      [GC Worker Total (ms): Min: 5.2, Avg: 5.3, Max: 5.4, Diff: 0.2, Sum: 42.4]
      [GC Worker End (ms): Min: 958142472.6, Avg: 958142472.6, Max: 958142472.7, Diff: 0.1]
   [Code Root Fixup: 0.0 ms]
   [Code Root Purge: 0.0 ms]
   [Clear CT: 0.7 ms]
   [Other: 4.3 ms]
      [Choose CSet: 0.0 ms]
      [Ref Proc: 3.7 ms]
      [Ref Enq: 0.1 ms]
      [Redirty Cards: 0.1 ms]
      [Humongous Register: 0.1 ms]
      [Humongous Reclaim: 0.0 ms]
      [Free CSet: 0.3 ms]
   [Eden: 7152.0M(7152.0M)->0.0B(7152.0M) Survivors: 16384.0K->16384.0K Heap: 10544.8M(14336.0M)->3392.9M(14336.0M)]
 [Times: user=0.06 sys=0.00, real=0.01 secs] 
2022-08-01T23:36:15.164-0700: 959146.668: [GC pause (G1 Evacuation Pause) (young), 0.0111322 secs]
   [Parallel Time: 5.8 ms, GC Workers: 8]
      [GC Worker Start (ms): Min: 959146668.5, Avg: 959146668.6, Max: 959146668.6, Diff: 0.1]
      [Ext Root Scanning (ms): Min: 1.0, Avg: 1.8, Max: 5.5, Diff: 4.5, Sum: 14.3]
      [Update RS (ms): Min: 0.0, Avg: 0.3, Max: 0.6, Diff: 0.6, Sum: 2.5]
         [Processed Buffers: Min: 0, Avg: 21.1, Max: 84, Diff: 84, Sum: 169]
      [Scan RS (ms): Min: 0.0, Avg: 0.1, Max: 0.1, Diff: 0.1, Sum: 0.6]
      [Code Root Scanning (ms): Min: 0.0, Avg: 0.0, Max: 0.0, Diff: 0.0, Sum: 0.0]
      [Object Copy (ms): Min: 0.0, Avg: 0.4, Max: 0.6, Diff: 0.6, Sum: 3.4]
      [Termination (ms): Min: 0.0, Avg: 2.9, Max: 3.3, Diff: 3.3, Sum: 23.3]
         [Termination Attempts: Min: 1, Avg: 4.9, Max: 8, Diff: 7, Sum: 39]
      [GC Worker Other (ms): Min: 0.0, Avg: 0.0, Max: 0.0, Diff: 0.0, Sum: 0.2]
      [GC Worker Total (ms): Min: 5.5, Avg: 5.5, Max: 5.6, Diff: 0.1, Sum: 44.2]
      [GC Worker End (ms): Min: 959146674.1, Avg: 959146674.1, Max: 959146674.1, Diff: 0.0]
   [Code Root Fixup: 0.0 ms]
   [Code Root Purge: 0.0 ms]
   [Clear CT: 0.6 ms]
   [Other: 4.8 ms]
      [Choose CSet: 0.0 ms]
      [Ref Proc: 4.0 ms]
      [Ref Enq: 0.1 ms]
      [Redirty Cards: 0.1 ms]
      [Humongous Register: 0.1 ms]
      [Humongous Reclaim: 0.0 ms]
      [Free CSet: 0.4 ms]
   [Eden: 7152.0M(7152.0M)->0.0B(7152.0M) Survivors: 16384.0K->16384.0K Heap: 10544.9M(14336.0M)->3392.8M(14336.0M)]
 [Times: user=0.05 sys=0.01, real=0.01 secs] 
2022-08-01T23:52:46.324-0700: 960137.829: [GC pause (G1 Evacuation Pause) (young) (initial-mark), 0.0133969 secs]
   [Parallel Time: 10.3 ms, GC Workers: 8]
      [GC Worker Start (ms): Min: 960137831.3, Avg: 960137831.4, Max: 960137831.5, Diff: 0.2]
      [Ext Root Scanning (ms): Min: 6.5, Avg: 6.8, Max: 7.1, Diff: 0.5, Sum: 54.2]
      [Update RS (ms): Min: 0.2, Avg: 0.3, Max: 0.6, Diff: 0.4, Sum: 2.8]
         [Processed Buffers: Min: 1, Avg: 22.1, Max: 62, Diff: 61, Sum: 177]
      [Scan RS (ms): Min: 0.0, Avg: 0.1, Max: 0.1, Diff: 0.1, Sum: 0.6]
      [Code Root Scanning (ms): Min: 0.0, Avg: 0.0, Max: 0.0, Diff: 0.0, Sum: 0.0]
      [Object Copy (ms): Min: 0.3, Avg: 0.6, Max: 0.8, Diff: 0.5, Sum: 4.5]
      [Termination (ms): Min: 0.0, Avg: 0.0, Max: 0.0, Diff: 0.0, Sum: 0.0]
         [Termination Attempts: Min: 1, Avg: 3.4, Max: 5, Diff: 4, Sum: 27]
      [GC Worker Other (ms): Min: 0.0, Avg: 0.1, Max: 0.2, Diff: 0.1, Sum: 0.6]
      [GC Worker Total (ms): Min: 7.7, Avg: 7.8, Max: 8.0, Diff: 0.2, Sum: 62.8]
      [GC Worker End (ms): Min: 960137839.2, Avg: 960137839.2, Max: 960137839.3, Diff: 0.1]
   [Code Root Fixup: 0.0 ms]
   [Code Root Purge: 0.0 ms]
   [Clear CT: 0.7 ms]
   [Other: 2.4 ms]
      [Choose CSet: 0.0 ms]
      [Ref Proc: 1.6 ms]
      [Ref Enq: 0.1 ms]
      [Redirty Cards: 0.1 ms]
      [Humongous Register: 0.0 ms]
      [Humongous Reclaim: 0.0 ms]
      [Free CSet: 0.3 ms]
   [Eden: 7152.0M(7152.0M)->0.0B(7152.0M) Survivors: 16384.0K->16384.0K Heap: 10544.8M(14336.0M)->3392.9M(14336.0M)]
 [Times: user=0.05 sys=0.01, real=0.01 secs] 
2022-08-01T23:52:46.338-0700: 960137.842: [GC concurrent-root-region-scan-start]
2022-08-01T23:52:46.342-0700: 960137.847: [GC concurrent-root-region-scan-end, 0.0046076 secs]
2022-08-01T23:52:46.342-0700: 960137.847: [GC concurrent-mark-start]
2022-08-01T23:52:48.817-0700: 960140.322: [GC concurrent-mark-end, 2.4745263 secs]
2022-08-01T23:52:48.817-0700: 960140.322: [GC remark 2022-08-01T23:52:48.817-0700: 960140.322: [Finalize Marking, 0.0002176 secs] 2022-08-01T23:52:48.818-0700: 960140.322: [GC ref-proc, 0.0101506 secs] 2022-08-01T23:52:48.828-0700: 960140.332: [Unloading, 0.0282255 secs], 0.0439988 secs]
 [Times: user=0.26 sys=0.00, real=0.04 secs] 
2022-08-01T23:52:48.862-0700: 960140.366: [GC cleanup 3432M->3432M(14336M), 0.0080654 secs]
 [Times: user=0.06 sys=0.00, real=0.01 secs] 
2022-08-02T00:09:18.812-0700: 961130.317: [GC pause (G1 Evacuation Pause) (young), 0.0112526 secs]
   [Parallel Time: 5.8 ms, GC Workers: 8]
      [GC Worker Start (ms): Min: 961130316.7, Avg: 961130316.8, Max: 961130316.9, Diff: 0.2]
      [Ext Root Scanning (ms): Min: 1.2, Avg: 1.9, Max: 5.4, Diff: 4.2, Sum: 15.5]
      [Update RS (ms): Min: 0.0, Avg: 0.4, Max: 0.7, Diff: 0.7, Sum: 2.9]
         [Processed Buffers: Min: 0, Avg: 20.8, Max: 74, Diff: 74, Sum: 166]
      [Scan RS (ms): Min: 0.0, Avg: 0.1, Max: 0.2, Diff: 0.2, Sum: 0.7]
      [Code Root Scanning (ms): Min: 0.0, Avg: 0.0, Max: 0.0, Diff: 0.0, Sum: 0.0]
      [Object Copy (ms): Min: 0.0, Avg: 0.6, Max: 0.8, Diff: 0.8, Sum: 4.6]
      [Termination (ms): Min: 0.0, Avg: 2.4, Max: 2.7, Diff: 2.7, Sum: 19.1]
         [Termination Attempts: Min: 1, Avg: 4.6, Max: 7, Diff: 6, Sum: 37]
      [GC Worker Other (ms): Min: 0.0, Avg: 0.0, Max: 0.0, Diff: 0.0, Sum: 0.1]
      [GC Worker Total (ms): Min: 5.3, Avg: 5.4, Max: 5.5, Diff: 0.2, Sum: 43.0]
      [GC Worker End (ms): Min: 961130322.2, Avg: 961130322.2, Max: 961130322.2, Diff: 0.0]
   [Code Root Fixup: 0.0 ms]
   [Code Root Purge: 0.0 ms]
   [Clear CT: 0.6 ms]
   [Other: 4.9 ms]
      [Choose CSet: 0.0 ms]
      [Ref Proc: 4.2 ms]
      [Ref Enq: 0.1 ms]
      [Redirty Cards: 0.1 ms]
      [Humongous Register: 0.1 ms]
      [Humongous Reclaim: 0.0 ms]
      [Free CSet: 0.3 ms]
   [Eden: 7152.0M(7152.0M)->0.0B(7152.0M) Survivors: 16384.0K->16384.0K Heap: 10544.9M(14336.0M)->3392.8M(14336.0M)]
 [Times: user=0.04 sys=0.02, real=0.02 secs] 
2022-08-02T00:26:09.560-0700: 962141.065: [GC pause (G1 Evacuation Pause) (young), 0.0117008 secs]
   [Parallel Time: 5.9 ms, GC Workers: 8]
      [GC Worker Start (ms): Min: 962141065.2, Avg: 962141065.3, Max: 962141065.4, Diff: 0.2]
      [Ext Root Scanning (ms): Min: 1.2, Avg: 1.9, Max: 5.4, Diff: 4.2, Sum: 15.5]
      [Update RS (ms): Min: 0.0, Avg: 0.4, Max: 0.7, Diff: 0.7, Sum: 3.0]
         [Processed Buffers: Min: 0, Avg: 19.5, Max: 68, Diff: 68, Sum: 156]
      [Scan RS (ms): Min: 0.0, Avg: 0.1, Max: 0.1, Diff: 0.1, Sum: 0.6]
      [Code Root Scanning (ms): Min: 0.0, Avg: 0.0, Max: 0.0, Diff: 0.0, Sum: 0.0]
      [Object Copy (ms): Min: 0.0, Avg: 0.5, Max: 0.7, Diff: 0.7, Sum: 3.8]
      [Termination (ms): Min: 0.0, Avg: 2.5, Max: 2.9, Diff: 2.9, Sum: 20.2]
         [Termination Attempts: Min: 1, Avg: 1.0, Max: 1, Diff: 0, Sum: 8]
      [GC Worker Other (ms): Min: 0.0, Avg: 0.0, Max: 0.1, Diff: 0.1, Sum: 0.4]
      [GC Worker Total (ms): Min: 5.3, Avg: 5.4, Max: 5.5, Diff: 0.2, Sum: 43.4]
      [GC Worker End (ms): Min: 962141070.7, Avg: 962141070.8, Max: 962141070.8, Diff: 0.1]
   [Code Root Fixup: 0.0 ms]
   [Code Root Purge: 0.0 ms]
   [Clear CT: 0.7 ms]
   [Other: 5.2 ms]
      [Choose CSet: 0.0 ms]
      [Ref Proc: 4.3 ms]
      [Ref Enq: 0.1 ms]
      [Redirty Cards: 0.2 ms]
      [Humongous Register: 0.1 ms]
      [Humongous Reclaim: 0.0 ms]
      [Free CSet: 0.3 ms]
   [Eden: 7152.0M(7152.0M)->0.0B(7152.0M) Survivors: 16384.0K->16384.0K Heap: 10544.8M(14336.0M)->3393.0M(14336.0M)]
 [Times: user=0.05 sys=0.01, real=0.01 secs] 
2022-08-02T00:42:39.413-0700: 963130.917: [GC pause (G1 Evacuation Pause) (young) (initial-mark), 0.0158221 secs]
   [Parallel Time: 10.3 ms, GC Workers: 8]
      [GC Worker Start (ms): Min: 963130919.8, Avg: 963130919.9, Max: 963130919.9, Diff: 0.1]
      [Ext Root Scanning (ms): Min: 6.5, Avg: 6.7, Max: 7.0, Diff: 0.5, Sum: 53.8]
      [Update RS (ms): Min: 0.2, Avg: 0.3, Max: 0.5, Diff: 0.3, Sum: 2.4]
         [Processed Buffers: Min: 1, Avg: 20.9, Max: 57, Diff: 56, Sum: 167]
      [Scan RS (ms): Min: 0.0, Avg: 0.1, Max: 0.1, Diff: 0.1, Sum: 0.5]
      [Code Root Scanning (ms): Min: 0.0, Avg: 0.0, Max: 0.0, Diff: 0.0, Sum: 0.0]
      [Object Copy (ms): Min: 0.3, Avg: 0.5, Max: 0.7, Diff: 0.4, Sum: 4.2]
      [Termination (ms): Min: 0.0, Avg: 0.0, Max: 0.0, Diff: 0.0, Sum: 0.0]
         [Termination Attempts: Min: 1, Avg: 4.6, Max: 10, Diff: 9, Sum: 37]
      [GC Worker Other (ms): Min: 0.0, Avg: 0.1, Max: 0.2, Diff: 0.2, Sum: 0.7]
      [GC Worker Total (ms): Min: 7.6, Avg: 7.7, Max: 7.9, Diff: 0.3, Sum: 61.8]
      [GC Worker End (ms): Min: 963130927.5, Avg: 963130927.6, Max: 963130927.7, Diff: 0.2]
   [Code Root Fixup: 0.0 ms]
   [Code Root Purge: 0.0 ms]
   [Clear CT: 0.6 ms]
   [Other: 4.9 ms]
      [Choose CSet: 0.0 ms]
      [Ref Proc: 4.1 ms]
      [Ref Enq: 0.1 ms]
      [Redirty Cards: 0.1 ms]
      [Humongous Register: 0.0 ms]
      [Humongous Reclaim: 0.0 ms]
      [Free CSet: 0.3 ms]
   [Eden: 7152.0M(7152.0M)->0.0B(7152.0M) Survivors: 16384.0K->16384.0K Heap: 10545.0M(14336.0M)->3393.0M(14336.0M)]
 [Times: user=0.06 sys=0.00, real=0.02 secs] 
2022-08-02T00:42:39.429-0700: 963130.933: [GC concurrent-root-region-scan-start]
2022-08-02T00:42:39.433-0700: 963130.938: [GC concurrent-root-region-scan-end, 0.0046300 secs]
2022-08-02T00:42:39.433-0700: 963130.938: [GC concurrent-mark-start]
2022-08-02T00:42:41.910-0700: 963133.415: [GC concurrent-mark-end, 2.4769007 secs]
2022-08-02T00:42:41.911-0700: 963133.415: [GC remark 2022-08-02T00:42:41.911-0700: 963133.415: [Finalize Marking, 0.0004084 secs] 2022-08-02T00:42:41.911-0700: 963133.416: [GC ref-proc, 0.0106107 secs] 2022-08-02T00:42:41.922-0700: 963133.426: [Unloading, 0.0289389 secs], 0.0462205 secs]
 [Times: user=0.25 sys=0.00, real=0.05 secs] 
2022-08-02T00:42:41.957-0700: 963133.462: [GC cleanup 3464M->3464M(14336M), 0.0080504 secs]
 [Times: user=0.06 sys=0.00, real=0.01 secs] 
2022-08-02T00:59:01.670-0700: 964113.175: [GC pause (G1 Evacuation Pause) (young), 0.0108066 secs]
   [Parallel Time: 5.5 ms, GC Workers: 8]
      [GC Worker Start (ms): Min: 964113175.1, Avg: 964113175.1, Max: 964113175.2, Diff: 0.1]
      [Ext Root Scanning (ms): Min: 1.1, Avg: 1.7, Max: 5.3, Diff: 4.2, Sum: 13.9]
      [Update RS (ms): Min: 0.0, Avg: 0.3, Max: 0.7, Diff: 0.7, Sum: 2.6]
         [Processed Buffers: Min: 0, Avg: 21.0, Max: 58, Diff: 58, Sum: 168]
      [Scan RS (ms): Min: 0.0, Avg: 0.1, Max: 0.1, Diff: 0.1, Sum: 0.6]
      [Code Root Scanning (ms): Min: 0.0, Avg: 0.0, Max: 0.0, Diff: 0.0, Sum: 0.0]
      [Object Copy (ms): Min: 0.0, Avg: 0.4, Max: 0.6, Diff: 0.6, Sum: 3.3]
      [Termination (ms): Min: 0.0, Avg: 2.7, Max: 3.1, Diff: 3.1, Sum: 21.9]
         [Termination Attempts: Min: 1, Avg: 1.0, Max: 1, Diff: 0, Sum: 8]
      [GC Worker Other (ms): Min: 0.0, Avg: 0.0, Max: 0.0, Diff: 0.0, Sum: 0.2]
      [GC Worker Total (ms): Min: 5.3, Avg: 5.3, Max: 5.3, Diff: 0.1, Sum: 42.4]
      [GC Worker End (ms): Min: 964113180.4, Avg: 964113180.4, Max: 964113180.5, Diff: 0.0]
   [Code Root Fixup: 0.0 ms]
   [Code Root Purge: 0.0 ms]
   [Clear CT: 0.6 ms]
   [Other: 4.7 ms]
      [Choose CSet: 0.0 ms]
      [Ref Proc: 4.0 ms]
      [Ref Enq: 0.1 ms]
      [Redirty Cards: 0.1 ms]
      [Humongous Register: 0.1 ms]
      [Humongous Reclaim: 0.0 ms]
      [Free CSet: 0.3 ms]
   [Eden: 7152.0M(7152.0M)->0.0B(7152.0M) Survivors: 16384.0K->16384.0K Heap: 10545.0M(14336.0M)->3393.0M(14336.0M)]
 [Times: user=0.05 sys=0.00, real=0.01 secs] 
2022-08-02T01:15:46.561-0700: 965118.066: [GC pause (G1 Evacuation Pause) (young), 0.0112965 secs]
   [Parallel Time: 6.1 ms, GC Workers: 8]
      [GC Worker Start (ms): Min: 965118065.8, Avg: 965118065.9, Max: 965118066.0, Diff: 0.2]
      [Ext Root Scanning (ms): Min: 1.2, Avg: 2.0, Max: 5.7, Diff: 4.5, Sum: 15.7]
      [Update RS (ms): Min: 0.0, Avg: 0.4, Max: 0.7, Diff: 0.7, Sum: 2.9]
         [Processed Buffers: Min: 0, Avg: 20.4, Max: 62, Diff: 62, Sum: 163]
      [Scan RS (ms): Min: 0.0, Avg: 0.1, Max: 0.2, Diff: 0.1, Sum: 0.7]
      [Code Root Scanning (ms): Min: 0.0, Avg: 0.0, Max: 0.0, Diff: 0.0, Sum: 0.0]
      [Object Copy (ms): Min: 0.0, Avg: 0.5, Max: 0.7, Diff: 0.7, Sum: 4.0]
      [Termination (ms): Min: 0.0, Avg: 2.8, Max: 3.2, Diff: 3.2, Sum: 22.1]
         [Termination Attempts: Min: 1, Avg: 1.0, Max: 1, Diff: 0, Sum: 8]
      [GC Worker Other (ms): Min: 0.0, Avg: 0.0, Max: 0.0, Diff: 0.0, Sum: 0.2]
      [GC Worker Total (ms): Min: 5.6, Avg: 5.7, Max: 5.8, Diff: 0.1, Sum: 45.6]
      [GC Worker End (ms): Min: 965118071.6, Avg: 965118071.6, Max: 965118071.6, Diff: 0.0]
   [Code Root Fixup: 0.0 ms]
   [Code Root Purge: 0.0 ms]
   [Clear CT: 0.6 ms]
   [Other: 4.6 ms]
      [Choose CSet: 0.0 ms]
      [Ref Proc: 3.8 ms]
      [Ref Enq: 0.1 ms]
      [Redirty Cards: 0.1 ms]
      [Humongous Register: 0.1 ms]
      [Humongous Reclaim: 0.0 ms]
      [Free CSet: 0.3 ms]
   [Eden: 7152.0M(7152.0M)->0.0B(7152.0M) Survivors: 16384.0K->16384.0K Heap: 10545.0M(14336.0M)->3393.0M(14336.0M)]
 [Times: user=0.06 sys=0.00, real=0.01 secs] 
2022-08-02T01:32:35.260-0700: 966126.765: [GC pause (G1 Evacuation Pause) (young) (initial-mark), 0.0140976 secs]
   [Parallel Time: 9.0 ms, GC Workers: 8]
      [GC Worker Start (ms): Min: 966126767.1, Avg: 966126767.2, Max: 966126767.3, Diff: 0.1]
      [Ext Root Scanning (ms): Min: 5.6, Avg: 5.9, Max: 6.2, Diff: 0.6, Sum: 47.3]
      [Update RS (ms): Min: 0.1, Avg: 0.3, Max: 0.5, Diff: 0.4, Sum: 2.3]
         [Processed Buffers: Min: 1, Avg: 21.1, Max: 55, Diff: 54, Sum: 169]
      [Scan RS (ms): Min: 0.0, Avg: 0.1, Max: 0.1, Diff: 0.1, Sum: 0.5]
      [Code Root Scanning (ms): Min: 0.0, Avg: 0.0, Max: 0.0, Diff: 0.0, Sum: 0.0]
      [Object Copy (ms): Min: 0.2, Avg: 0.4, Max: 0.7, Diff: 0.5, Sum: 3.5]
      [Termination (ms): Min: 0.0, Avg: 0.0, Max: 0.0, Diff: 0.0, Sum: 0.2]
         [Termination Attempts: Min: 1, Avg: 1.9, Max: 3, Diff: 2, Sum: 15]
      [GC Worker Other (ms): Min: 0.0, Avg: 0.0, Max: 0.0, Diff: 0.0, Sum: 0.2]
      [GC Worker Total (ms): Min: 6.7, Avg: 6.8, Max: 6.8, Diff: 0.1, Sum: 54.1]
      [GC Worker End (ms): Min: 966126773.9, Avg: 966126774.0, Max: 966126774.0, Diff: 0.0]
   [Code Root Fixup: 0.0 ms]
   [Code Root Purge: 0.0 ms]
   [Clear CT: 0.6 ms]
   [Other: 4.5 ms]
      [Choose CSet: 0.0 ms]
      [Ref Proc: 3.8 ms]
      [Ref Enq: 0.1 ms]
      [Redirty Cards: 0.1 ms]
      [Humongous Register: 0.0 ms]
      [Humongous Reclaim: 0.0 ms]
      [Free CSet: 0.3 ms]
   [Eden: 7152.0M(7152.0M)->0.0B(7152.0M) Survivors: 16384.0K->16384.0K Heap: 10545.0M(14336.0M)->3392.9M(14336.0M)]
 [Times: user=0.05 sys=0.00, real=0.01 secs] 
2022-08-02T01:32:35.274-0700: 966126.779: [GC concurrent-root-region-scan-start]
2022-08-02T01:32:35.279-0700: 966126.784: [GC concurrent-root-region-scan-end, 0.0046800 secs]
2022-08-02T01:32:35.279-0700: 966126.784: [GC concurrent-mark-start]
2022-08-02T01:32:37.763-0700: 966129.267: [GC concurrent-mark-end, 2.4833296 secs]
2022-08-02T01:32:37.763-0700: 966129.268: [GC remark 2022-08-02T01:32:37.763-0700: 966129.268: [Finalize Marking, 0.0003366 secs] 2022-08-02T01:32:37.763-0700: 966129.268: [GC ref-proc, 0.0069256 secs] 2022-08-02T01:32:37.770-0700: 966129.275: [Unloading, 0.0280048 secs], 0.0406455 secs]
 [Times: user=0.26 sys=0.00, real=0.04 secs] 
2022-08-02T01:32:37.804-0700: 966129.309: [GC cleanup 3464M->3464M(14336M), 0.0080108 secs]
 [Times: user=0.06 sys=0.00, real=0.00 secs] 
2022-08-02T01:49:16.747-0700: 967128.252: [GC pause (G1 Evacuation Pause) (young), 0.0110176 secs]
   [Parallel Time: 5.9 ms, GC Workers: 8]
      [GC Worker Start (ms): Min: 967128251.7, Avg: 967128251.8, Max: 967128251.9, Diff: 0.2]
      [Ext Root Scanning (ms): Min: 1.2, Avg: 1.9, Max: 5.6, Diff: 4.4, Sum: 15.2]
      [Update RS (ms): Min: 0.0, Avg: 0.4, Max: 0.7, Diff: 0.7, Sum: 2.9]
         [Processed Buffers: Min: 0, Avg: 19.8, Max: 56, Diff: 56, Sum: 158]
      [Scan RS (ms): Min: 0.0, Avg: 0.1, Max: 0.2, Diff: 0.1, Sum: 0.7]
      [Code Root Scanning (ms): Min: 0.0, Avg: 0.0, Max: 0.0, Diff: 0.0, Sum: 0.0]
      [Object Copy (ms): Min: 0.0, Avg: 0.5, Max: 0.7, Diff: 0.7, Sum: 4.1]
      [Termination (ms): Min: 0.0, Avg: 2.6, Max: 3.0, Diff: 3.0, Sum: 21.2]
         [Termination Attempts: Min: 1, Avg: 8.2, Max: 13, Diff: 12, Sum: 66]
      [GC Worker Other (ms): Min: 0.0, Avg: 0.0, Max: 0.1, Diff: 0.1, Sum: 0.2]
      [GC Worker Total (ms): Min: 5.4, Avg: 5.5, Max: 5.6, Diff: 0.2, Sum: 44.3]
      [GC Worker End (ms): Min: 967128257.4, Avg: 967128257.4, Max: 967128257.4, Diff: 0.1]
   [Code Root Fixup: 0.0 ms]
   [Code Root Purge: 0.0 ms]
   [Clear CT: 0.6 ms]
   [Other: 4.5 ms]
      [Choose CSet: 0.0 ms]
      [Ref Proc: 3.8 ms]
      [Ref Enq: 0.1 ms]
      [Redirty Cards: 0.1 ms]
      [Humongous Register: 0.1 ms]
      [Humongous Reclaim: 0.0 ms]
      [Free CSet: 0.3 ms]
   [Eden: 7152.0M(7152.0M)->0.0B(7152.0M) Survivors: 16384.0K->16384.0K Heap: 10544.9M(14336.0M)->3393.0M(14336.0M)]
 [Times: user=0.05 sys=0.01, real=0.01 secs] 
2022-08-02T02:05:57.763-0700: 968129.268: [GC pause (G1 Evacuation Pause) (young), 0.0111174 secs]
   [Parallel Time: 5.7 ms, GC Workers: 8]
      [GC Worker Start (ms): Min: 968129268.1, Avg: 968129268.2, Max: 968129268.2, Diff: 0.1]
      [Ext Root Scanning (ms): Min: 1.1, Avg: 1.8, Max: 5.3, Diff: 4.2, Sum: 14.5]
      [Update RS (ms): Min: 0.0, Avg: 0.3, Max: 0.6, Diff: 0.6, Sum: 2.6]
         [Processed Buffers: Min: 0, Avg: 21.2, Max: 68, Diff: 68, Sum: 170]
      [Scan RS (ms): Min: 0.0, Avg: 0.1, Max: 0.2, Diff: 0.1, Sum: 0.6]
      [Code Root Scanning (ms): Min: 0.0, Avg: 0.0, Max: 0.0, Diff: 0.0, Sum: 0.0]
      [Object Copy (ms): Min: 0.0, Avg: 0.4, Max: 0.6, Diff: 0.6, Sum: 3.5]
      [Termination (ms): Min: 0.0, Avg: 2.6, Max: 3.0, Diff: 3.0, Sum: 20.8]
         [Termination Attempts: Min: 1, Avg: 3.8, Max: 7, Diff: 6, Sum: 30]
      [GC Worker Other (ms): Min: 0.0, Avg: 0.0, Max: 0.1, Diff: 0.0, Sum: 0.2]
      [GC Worker Total (ms): Min: 5.2, Avg: 5.3, Max: 5.3, Diff: 0.1, Sum: 42.2]
      [GC Worker End (ms): Min: 968129273.4, Avg: 968129273.5, Max: 968129273.5, Diff: 0.1]
   [Code Root Fixup: 0.0 ms]
   [Code Root Purge: 0.0 ms]
   [Clear CT: 0.6 ms]
   [Other: 4.8 ms]
      [Choose CSet: 0.0 ms]
      [Ref Proc: 4.1 ms]
      [Ref Enq: 0.1 ms]
      [Redirty Cards: 0.1 ms]
      [Humongous Register: 0.1 ms]
      [Humongous Reclaim: 0.0 ms]
      [Free CSet: 0.3 ms]
   [Eden: 7152.0M(7152.0M)->0.0B(7152.0M) Survivors: 16384.0K->16384.0K Heap: 10545.0M(14336.0M)->3392.9M(14336.0M)]
 [Times: user=0.05 sys=0.00, real=0.00 secs] 
2022-08-02T02:22:41.363-0700: 969132.868: [GC pause (G1 Evacuation Pause) (young) (initial-mark), 0.0135750 secs]
   [Parallel Time: 10.1 ms, GC Workers: 8]
      [GC Worker Start (ms): Min: 969132869.9, Avg: 969132870.0, Max: 969132870.1, Diff: 0.2]
      [Ext Root Scanning (ms): Min: 5.7, Avg: 6.2, Max: 7.7, Diff: 2.0, Sum: 49.4]
      [Update RS (ms): Min: 0.0, Avg: 0.3, Max: 0.5, Diff: 0.5, Sum: 2.2]
         [Processed Buffers: Min: 0, Avg: 21.1, Max: 66, Diff: 66, Sum: 169]
      [Scan RS (ms): Min: 0.0, Avg: 0.1, Max: 0.1, Diff: 0.1, Sum: 0.5]
      [Code Root Scanning (ms): Min: 0.0, Avg: 0.0, Max: 0.0, Diff: 0.0, Sum: 0.0]
      [Object Copy (ms): Min: 0.2, Avg: 0.5, Max: 0.8, Diff: 0.6, Sum: 4.2]
      [Termination (ms): Min: 0.0, Avg: 1.1, Max: 1.3, Diff: 1.3, Sum: 8.7]
         [Termination Attempts: Min: 1, Avg: 1.5, Max: 3, Diff: 2, Sum: 12]
      [GC Worker Other (ms): Min: 0.0, Avg: 0.0, Max: 0.1, Diff: 0.0, Sum: 0.2]
      [GC Worker Total (ms): Min: 8.1, Avg: 8.1, Max: 8.2, Diff: 0.2, Sum: 65.2]
      [GC Worker End (ms): Min: 969132878.1, Avg: 969132878.1, Max: 969132878.2, Diff: 0.0]
   [Code Root Fixup: 0.0 ms]
   [Code Root Purge: 0.0 ms]
   [Clear CT: 0.6 ms]
   [Other: 2.8 ms]
      [Choose CSet: 0.0 ms]
      [Ref Proc: 2.2 ms]
      [Ref Enq: 0.1 ms]
      [Redirty Cards: 0.1 ms]
      [Humongous Register: 0.0 ms]
      [Humongous Reclaim: 0.0 ms]
      [Free CSet: 0.3 ms]
   [Eden: 7152.0M(7152.0M)->0.0B(7152.0M) Survivors: 16384.0K->16384.0K Heap: 10544.9M(14336.0M)->3392.9M(14336.0M)]
 [Times: user=0.06 sys=0.00, real=0.01 secs] 
2022-08-02T02:22:41.377-0700: 969132.882: [GC concurrent-root-region-scan-start]
2022-08-02T02:22:41.381-0700: 969132.886: [GC concurrent-root-region-scan-end, 0.0043398 secs]
2022-08-02T02:22:41.381-0700: 969132.886: [GC concurrent-mark-start]
2022-08-02T02:22:43.875-0700: 969135.380: [GC concurrent-mark-end, 2.4938538 secs]
2022-08-02T02:22:43.876-0700: 969135.380: [GC remark 2022-08-02T02:22:43.876-0700: 969135.380: [Finalize Marking, 0.0005186 secs] 2022-08-02T02:22:43.876-0700: 969135.381: [GC ref-proc, 0.0067926 secs] 2022-08-02T02:22:43.883-0700: 969135.388: [Unloading, 0.0272455 secs], 0.0399476 secs]
 [Times: user=0.25 sys=0.00, real=0.04 secs] 
2022-08-02T02:22:43.916-0700: 969135.421: [GC cleanup 3464M->3464M(14336M), 0.0084345 secs]
 [Times: user=0.06 sys=0.00, real=0.01 secs] 
2022-08-02T02:39:16.562-0700: 970128.066: [GC pause (G1 Evacuation Pause) (young), 0.0122433 secs]
   [Parallel Time: 6.6 ms, GC Workers: 8]
      [GC Worker Start (ms): Min: 970128066.6, Avg: 970128066.7, Max: 970128066.7, Diff: 0.1]
      [Ext Root Scanning (ms): Min: 1.3, Avg: 2.2, Max: 6.2, Diff: 4.8, Sum: 17.3]
      [Update RS (ms): Min: 0.0, Avg: 0.4, Max: 0.8, Diff: 0.8, Sum: 2.8]
         [Processed Buffers: Min: 0, Avg: 21.0, Max: 82, Diff: 82, Sum: 168]
      [Scan RS (ms): Min: 0.0, Avg: 0.1, Max: 0.1, Diff: 0.1, Sum: 0.7]
      [Code Root Scanning (ms): Min: 0.0, Avg: 0.0, Max: 0.0, Diff: 0.0, Sum: 0.0]
      [Object Copy (ms): Min: 0.0, Avg: 0.6, Max: 0.8, Diff: 0.8, Sum: 4.5]
      [Termination (ms): Min: 0.0, Avg: 3.0, Max: 3.4, Diff: 3.4, Sum: 23.8]
         [Termination Attempts: Min: 1, Avg: 1.4, Max: 3, Diff: 2, Sum: 11]
      [GC Worker Other (ms): Min: 0.0, Avg: 0.0, Max: 0.0, Diff: 0.0, Sum: 0.2]
      [GC Worker Total (ms): Min: 6.1, Avg: 6.2, Max: 6.2, Diff: 0.1, Sum: 49.4]
      [GC Worker End (ms): Min: 970128072.8, Avg: 970128072.8, Max: 970128072.8, Diff: 0.0]
   [Code Root Fixup: 0.0 ms]
   [Code Root Purge: 0.0 ms]
   [Clear CT: 0.7 ms]
   [Other: 4.9 ms]
      [Choose CSet: 0.0 ms]
      [Ref Proc: 4.2 ms]
      [Ref Enq: 0.1 ms]
      [Redirty Cards: 0.1 ms]
      [Humongous Register: 0.1 ms]
      [Humongous Reclaim: 0.0 ms]
      [Free CSet: 0.3 ms]
   [Eden: 7152.0M(7152.0M)->0.0B(7152.0M) Survivors: 16384.0K->16384.0K Heap: 10544.9M(14336.0M)->3393.1M(14336.0M)]
 [Times: user=0.06 sys=0.00, real=0.01 secs] 
2022-08-02T02:56:05.612-0700: 971137.117: [GC pause (G1 Evacuation Pause) (young), 0.0112150 secs]
   [Parallel Time: 5.6 ms, GC Workers: 8]
      [GC Worker Start (ms): Min: 971137117.4, Avg: 971137117.5, Max: 971137117.5, Diff: 0.2]
      [Ext Root Scanning (ms): Min: 1.4, Avg: 2.0, Max: 5.2, Diff: 3.8, Sum: 16.4]
      [Update RS (ms): Min: 0.0, Avg: 0.3, Max: 0.5, Diff: 0.5, Sum: 2.4]
         [Processed Buffers: Min: 0, Avg: 21.1, Max: 59, Diff: 59, Sum: 169]
      [Scan RS (ms): Min: 0.0, Avg: 0.1, Max: 0.1, Diff: 0.1, Sum: 0.5]
      [Code Root Scanning (ms): Min: 0.0, Avg: 0.0, Max: 0.0, Diff: 0.0, Sum: 0.0]
      [Object Copy (ms): Min: 0.0, Avg: 0.4, Max: 0.7, Diff: 0.7, Sum: 3.3]
      [Termination (ms): Min: 0.0, Avg: 2.3, Max: 2.6, Diff: 2.6, Sum: 18.4]
         [Termination Attempts: Min: 1, Avg: 1.0, Max: 1, Diff: 0, Sum: 8]
      [GC Worker Other (ms): Min: 0.0, Avg: 0.0, Max: 0.1, Diff: 0.1, Sum: 0.3]
      [GC Worker Total (ms): Min: 5.1, Avg: 5.2, Max: 5.3, Diff: 0.2, Sum: 41.4]
      [GC Worker End (ms): Min: 971137122.6, Avg: 971137122.6, Max: 971137122.7, Diff: 0.1]
   [Code Root Fixup: 0.0 ms]
   [Code Root Purge: 0.0 ms]
   [Clear CT: 0.6 ms]
   [Other: 5.0 ms]
      [Choose CSet: 0.0 ms]
      [Ref Proc: 4.2 ms]
      [Ref Enq: 0.1 ms]
      [Redirty Cards: 0.1 ms]
      [Humongous Register: 0.1 ms]
      [Humongous Reclaim: 0.0 ms]
      [Free CSet: 0.3 ms]
   [Eden: 7152.0M(7152.0M)->0.0B(7152.0M) Survivors: 16384.0K->16384.0K Heap: 10545.1M(14336.0M)->3393.0M(14336.0M)]
 [Times: user=0.05 sys=0.00, real=0.02 secs] 
2022-08-02T03:12:51.612-0700: 972143.117: [GC pause (G1 Evacuation Pause) (young) (initial-mark), 0.0159802 secs]
   [Parallel Time: 11.0 ms, GC Workers: 8]
      [GC Worker Start (ms): Min: 972143119.0, Avg: 972143119.1, Max: 972143119.2, Diff: 0.2]
      [Ext Root Scanning (ms): Min: 7.3, Avg: 7.5, Max: 7.9, Diff: 0.6, Sum: 60.1]
      [Update RS (ms): Min: 0.1, Avg: 0.3, Max: 0.5, Diff: 0.4, Sum: 2.4]
         [Processed Buffers: Min: 1, Avg: 20.4, Max: 49, Diff: 48, Sum: 163]
      [Scan RS (ms): Min: 0.0, Avg: 0.1, Max: 0.1, Diff: 0.1, Sum: 0.5]
      [Code Root Scanning (ms): Min: 0.0, Avg: 0.0, Max: 0.0, Diff: 0.0, Sum: 0.0]
      [Object Copy (ms): Min: 0.3, Avg: 0.5, Max: 0.6, Diff: 0.4, Sum: 4.2]
      [Termination (ms): Min: 0.0, Avg: 0.0, Max: 0.0, Diff: 0.0, Sum: 0.2]
         [Termination Attempts: Min: 1, Avg: 1.0, Max: 1, Diff: 0, Sum: 8]
      [GC Worker Other (ms): Min: 0.0, Avg: 0.0, Max: 0.1, Diff: 0.1, Sum: 0.4]
      [GC Worker Total (ms): Min: 8.4, Avg: 8.5, Max: 8.6, Diff: 0.2, Sum: 67.8]
      [GC Worker End (ms): Min: 972143127.5, Avg: 972143127.6, Max: 972143127.7, Diff: 0.1]
   [Code Root Fixup: 0.0 ms]
   [Code Root Purge: 0.0 ms]
   [Clear CT: 0.6 ms]
   [Other: 4.4 ms]
      [Choose CSet: 0.0 ms]
      [Ref Proc: 3.6 ms]
      [Ref Enq: 0.1 ms]
      [Redirty Cards: 0.1 ms]
      [Humongous Register: 0.0 ms]
      [Humongous Reclaim: 0.0 ms]
      [Free CSet: 0.3 ms]
   [Eden: 7152.0M(7152.0M)->0.0B(7152.0M) Survivors: 16384.0K->16384.0K Heap: 10545.0M(14336.0M)->3393.0M(14336.0M)]
 [Times: user=0.07 sys=0.00, real=0.02 secs] 
2022-08-02T03:12:51.628-0700: 972143.133: [GC concurrent-root-region-scan-start]
2022-08-02T03:12:51.633-0700: 972143.138: [GC concurrent-root-region-scan-end, 0.0047063 secs]
2022-08-02T03:12:51.633-0700: 972143.138: [GC concurrent-mark-start]
2022-08-02T03:12:54.144-0700: 972145.649: [GC concurrent-mark-end, 2.5114725 secs]
2022-08-02T03:12:54.145-0700: 972145.650: [GC remark 2022-08-02T03:12:54.145-0700: 972145.650: [Finalize Marking, 0.0004791 secs] 2022-08-02T03:12:54.145-0700: 972145.650: [GC ref-proc, 0.0091191 secs] 2022-08-02T03:12:54.155-0700: 972145.659: [Unloading, 0.0277387 secs], 0.0427376 secs]
 [Times: user=0.25 sys=0.00, real=0.04 secs] 
2022-08-02T03:12:54.188-0700: 972145.693: [GC cleanup 3457M->3457M(14336M), 0.0083961 secs]
 [Times: user=0.06 sys=0.00, real=0.01 secs] 
2022-08-02T03:29:31.547-0700: 973143.052: [GC pause (G1 Evacuation Pause) (young), 0.0118330 secs]
   [Parallel Time: 6.0 ms, GC Workers: 8]
      [GC Worker Start (ms): Min: 973143051.9, Avg: 973143052.0, Max: 973143052.0, Diff: 0.2]
      [Ext Root Scanning (ms): Min: 1.2, Avg: 2.0, Max: 5.7, Diff: 4.5, Sum: 15.6]
      [Update RS (ms): Min: 0.0, Avg: 0.4, Max: 0.8, Diff: 0.8, Sum: 2.9]
         [Processed Buffers: Min: 0, Avg: 21.2, Max: 72, Diff: 72, Sum: 170]
      [Scan RS (ms): Min: 0.0, Avg: 0.1, Max: 0.2, Diff: 0.2, Sum: 0.7]
      [Code Root Scanning (ms): Min: 0.0, Avg: 0.0, Max: 0.0, Diff: 0.0, Sum: 0.0]
      [Object Copy (ms): Min: 0.0, Avg: 0.5, Max: 0.8, Diff: 0.8, Sum: 4.2]
      [Termination (ms): Min: 0.0, Avg: 2.7, Max: 3.1, Diff: 3.1, Sum: 21.5]
         [Termination Attempts: Min: 1, Avg: 1.4, Max: 2, Diff: 1, Sum: 11]
      [GC Worker Other (ms): Min: 0.0, Avg: 0.0, Max: 0.1, Diff: 0.1, Sum: 0.3]
      [GC Worker Total (ms): Min: 5.6, Avg: 5.7, Max: 5.7, Diff: 0.2, Sum: 45.3]
      [GC Worker End (ms): Min: 973143057.6, Avg: 973143057.6, Max: 973143057.7, Diff: 0.1]
   [Code Root Fixup: 0.0 ms]
   [Code Root Purge: 0.0 ms]
   [Clear CT: 0.6 ms]
   [Other: 5.2 ms]
      [Choose CSet: 0.0 ms]
      [Ref Proc: 4.4 ms]
      [Ref Enq: 0.1 ms]
      [Redirty Cards: 0.1 ms]
      [Humongous Register: 0.0 ms]
      [Humongous Reclaim: 0.0 ms]
      [Free CSet: 0.3 ms]
   [Eden: 7152.0M(7152.0M)->0.0B(7152.0M) Survivors: 16384.0K->16384.0K Heap: 10545.0M(14336.0M)->3393.1M(14336.0M)]
 [Times: user=0.06 sys=0.00, real=0.01 secs] 
2022-08-02T03:46:08.163-0700: 974139.668: [GC pause (G1 Evacuation Pause) (young), 0.0110750 secs]
   [Parallel Time: 5.7 ms, GC Workers: 8]
      [GC Worker Start (ms): Min: 974139668.1, Avg: 974139668.2, Max: 974139668.3, Diff: 0.2]
      [Ext Root Scanning (ms): Min: 1.3, Avg: 2.0, Max: 5.4, Diff: 4.1, Sum: 16.3]
      [Update RS (ms): Min: 0.0, Avg: 0.3, Max: 0.6, Diff: 0.6, Sum: 2.7]
         [Processed Buffers: Min: 0, Avg: 20.2, Max: 77, Diff: 77, Sum: 162]
      [Scan RS (ms): Min: 0.0, Avg: 0.1, Max: 0.2, Diff: 0.1, Sum: 0.6]
      [Code Root Scanning (ms): Min: 0.0, Avg: 0.0, Max: 0.0, Diff: 0.0, Sum: 0.0]
      [Object Copy (ms): Min: 0.0, Avg: 0.5, Max: 0.8, Diff: 0.8, Sum: 4.4]
      [Termination (ms): Min: 0.0, Avg: 2.3, Max: 2.7, Diff: 2.7, Sum: 18.7]
         [Termination Attempts: Min: 1, Avg: 1.4, Max: 3, Diff: 2, Sum: 11]
      [GC Worker Other (ms): Min: 0.0, Avg: 0.0, Max: 0.1, Diff: 0.0, Sum: 0.2]
      [GC Worker Total (ms): Min: 5.3, Avg: 5.4, Max: 5.5, Diff: 0.2, Sum: 42.8]
      [GC Worker End (ms): Min: 974139673.6, Avg: 974139673.6, Max: 974139673.6, Diff: 0.0]
   [Code Root Fixup: 0.0 ms]
   [Code Root Purge: 0.0 ms]
   [Clear CT: 0.7 ms]
   [Other: 4.7 ms]
      [Choose CSet: 0.0 ms]
      [Ref Proc: 4.0 ms]
      [Ref Enq: 0.1 ms]
      [Redirty Cards: 0.1 ms]
      [Humongous Register: 0.1 ms]
      [Humongous Reclaim: 0.0 ms]
      [Free CSet: 0.3 ms]
   [Eden: 7152.0M(7152.0M)->0.0B(7152.0M) Survivors: 16384.0K->16384.0K Heap: 10545.1M(14336.0M)->3393.0M(14336.0M)]
 [Times: user=0.04 sys=0.00, real=0.00 secs] 
2022-08-02T04:02:51.311-0700: 975142.816: [GC pause (G1 Evacuation Pause) (young) (initial-mark), 0.0158867 secs]
   [Parallel Time: 10.0 ms, GC Workers: 8]
      [GC Worker Start (ms): Min: 975142818.4, Avg: 975142818.5, Max: 975142818.5, Diff: 0.2]
      [Ext Root Scanning (ms): Min: 6.5, Avg: 6.7, Max: 7.0, Diff: 0.5, Sum: 54.0]
      [Update RS (ms): Min: 0.1, Avg: 0.3, Max: 0.6, Diff: 0.4, Sum: 2.5]
         [Processed Buffers: Min: 1, Avg: 19.9, Max: 43, Diff: 42, Sum: 159]
      [Scan RS (ms): Min: 0.0, Avg: 0.1, Max: 0.1, Diff: 0.1, Sum: 0.5]
      [Code Root Scanning (ms): Min: 0.0, Avg: 0.0, Max: 0.0, Diff: 0.0, Sum: 0.0]
      [Object Copy (ms): Min: 0.2, Avg: 0.5, Max: 0.7, Diff: 0.4, Sum: 3.9]
      [Termination (ms): Min: 0.0, Avg: 0.0, Max: 0.0, Diff: 0.0, Sum: 0.3]
         [Termination Attempts: Min: 1, Avg: 1.4, Max: 2, Diff: 1, Sum: 11]
      [GC Worker Other (ms): Min: 0.0, Avg: 0.0, Max: 0.1, Diff: 0.1, Sum: 0.3]
      [GC Worker Total (ms): Min: 7.6, Avg: 7.7, Max: 7.8, Diff: 0.2, Sum: 61.5]
      [GC Worker End (ms): Min: 975142826.1, Avg: 975142826.2, Max: 975142826.2, Diff: 0.1]
   [Code Root Fixup: 0.0 ms]
   [Code Root Purge: 0.0 ms]
   [Clear CT: 0.7 ms]
   [Other: 5.1 ms]
      [Choose CSet: 0.0 ms]
      [Ref Proc: 4.4 ms]
      [Ref Enq: 0.1 ms]
      [Redirty Cards: 0.1 ms]
      [Humongous Register: 0.0 ms]
      [Humongous Reclaim: 0.0 ms]
      [Free CSet: 0.3 ms]
   [Eden: 7152.0M(7152.0M)->0.0B(7152.0M) Survivors: 16384.0K->16384.0K Heap: 10545.0M(14336.0M)->3393.0M(14336.0M)]
 [Times: user=0.06 sys=0.00, real=0.02 secs] 
2022-08-02T04:02:51.327-0700: 975142.832: [GC concurrent-root-region-scan-start]
2022-08-02T04:02:51.333-0700: 975142.837: [GC concurrent-root-region-scan-end, 0.0052411 secs]
2022-08-02T04:02:51.333-0700: 975142.837: [GC concurrent-mark-start]
2022-08-02T04:02:53.823-0700: 975145.328: [GC concurrent-mark-end, 2.4904405 secs]
2022-08-02T04:02:53.824-0700: 975145.328: [GC remark 2022-08-02T04:02:53.824-0700: 975145.328: [Finalize Marking, 0.0002602 secs] 2022-08-02T04:02:53.824-0700: 975145.329: [GC ref-proc, 0.0117538 secs] 2022-08-02T04:02:53.836-0700: 975145.340: [Unloading, 0.0277117 secs], 0.0451459 secs]
 [Times: user=0.26 sys=0.00, real=0.04 secs] 
2022-08-02T04:02:53.869-0700: 975145.374: [GC cleanup 3425M->3425M(14336M), 0.0084290 secs]
 [Times: user=0.06 sys=0.00, real=0.01 secs] 
2022-08-02T04:19:33.162-0700: 976144.667: [GC pause (G1 Evacuation Pause) (young), 0.0113917 secs]
   [Parallel Time: 5.7 ms, GC Workers: 8]
      [GC Worker Start (ms): Min: 976144667.3, Avg: 976144667.4, Max: 976144667.5, Diff: 0.1]
      [Ext Root Scanning (ms): Min: 1.2, Avg: 1.8, Max: 5.2, Diff: 4.1, Sum: 14.7]
      [Update RS (ms): Min: 0.0, Avg: 0.3, Max: 0.6, Diff: 0.6, Sum: 2.7]
         [Processed Buffers: Min: 0, Avg: 21.5, Max: 78, Diff: 78, Sum: 172]
      [Scan RS (ms): Min: 0.0, Avg: 0.1, Max: 0.2, Diff: 0.1, Sum: 0.6]
      [Code Root Scanning (ms): Min: 0.0, Avg: 0.0, Max: 0.0, Diff: 0.0, Sum: 0.0]
      [Object Copy (ms): Min: 0.0, Avg: 0.4, Max: 0.7, Diff: 0.7, Sum: 3.5]
      [Termination (ms): Min: 0.0, Avg: 2.5, Max: 2.9, Diff: 2.9, Sum: 20.3]
         [Termination Attempts: Min: 1, Avg: 3.2, Max: 6, Diff: 5, Sum: 26]
      [GC Worker Other (ms): Min: 0.0, Avg: 0.0, Max: 0.0, Diff: 0.0, Sum: 0.2]
      [GC Worker Total (ms): Min: 5.2, Avg: 5.3, Max: 5.3, Diff: 0.1, Sum: 42.0]
      [GC Worker End (ms): Min: 976144672.7, Avg: 976144672.7, Max: 976144672.7, Diff: 0.0]
   [Code Root Fixup: 0.0 ms]
   [Code Root Purge: 0.0 ms]
   [Clear CT: 0.6 ms]
   [Other: 5.0 ms]
      [Choose CSet: 0.0 ms]
      [Ref Proc: 4.3 ms]
      [Ref Enq: 0.1 ms]
      [Redirty Cards: 0.1 ms]
      [Humongous Register: 0.1 ms]
      [Humongous Reclaim: 0.0 ms]
      [Free CSet: 0.3 ms]
   [Eden: 7152.0M(7152.0M)->0.0B(7152.0M) Survivors: 16384.0K->16384.0K Heap: 10545.0M(14336.0M)->3393.0M(14336.0M)]
 [Times: user=0.05 sys=0.01, real=0.01 secs] 
2022-08-02T04:36:22.432-0700: 977153.937: [GC pause (G1 Evacuation Pause) (young), 0.0094402 secs]
   [Parallel Time: 5.9 ms, GC Workers: 8]
      [GC Worker Start (ms): Min: 977153936.8, Avg: 977153936.9, Max: 977153937.0, Diff: 0.2]
      [Ext Root Scanning (ms): Min: 1.2, Avg: 1.9, Max: 5.6, Diff: 4.4, Sum: 15.1]
      [Update RS (ms): Min: 0.0, Avg: 0.4, Max: 0.7, Diff: 0.7, Sum: 2.9]
         [Processed Buffers: Min: 0, Avg: 20.1, Max: 68, Diff: 68, Sum: 161]
      [Scan RS (ms): Min: 0.0, Avg: 0.1, Max: 0.1, Diff: 0.1, Sum: 0.6]
      [Code Root Scanning (ms): Min: 0.0, Avg: 0.0, Max: 0.0, Diff: 0.0, Sum: 0.0]
      [Object Copy (ms): Min: 0.0, Avg: 0.5, Max: 0.7, Diff: 0.7, Sum: 4.0]
      [Termination (ms): Min: 0.0, Avg: 2.7, Max: 3.1, Diff: 3.1, Sum: 21.4]
         [Termination Attempts: Min: 1, Avg: 3.9, Max: 7, Diff: 6, Sum: 31]
      [GC Worker Other (ms): Min: 0.0, Avg: 0.0, Max: 0.1, Diff: 0.0, Sum: 0.2]
      [GC Worker Total (ms): Min: 5.5, Avg: 5.5, Max: 5.6, Diff: 0.2, Sum: 44.3]
      [GC Worker End (ms): Min: 977153942.4, Avg: 977153942.5, Max: 977153942.5, Diff: 0.1]
   [Code Root Fixup: 0.0 ms]
   [Code Root Purge: 0.0 ms]
   [Clear CT: 0.6 ms]
   [Other: 3.0 ms]
      [Choose CSet: 0.0 ms]
      [Ref Proc: 2.1 ms]
      [Ref Enq: 0.1 ms]
      [Redirty Cards: 0.1 ms]
      [Humongous Register: 0.1 ms]
      [Humongous Reclaim: 0.0 ms]
      [Free CSet: 0.4 ms]
   [Eden: 7152.0M(7152.0M)->0.0B(7152.0M) Survivors: 16384.0K->16384.0K Heap: 10545.0M(14336.0M)->3392.9M(14336.0M)]
 [Times: user=0.05 sys=0.01, real=0.01 secs] 
2022-08-02T04:52:58.238-0700: 978149.743: [GC pause (GCLocker Initiated GC) (young) (initial-mark), 0.0142741 secs]
   [Parallel Time: 9.6 ms, GC Workers: 8]
      [GC Worker Start (ms): Min: 978149744.7, Avg: 978149744.8, Max: 978149744.8, Diff: 0.1]
      [Ext Root Scanning (ms): Min: 6.2, Avg: 6.5, Max: 6.9, Diff: 0.7, Sum: 51.9]
      [Update RS (ms): Min: 0.2, Avg: 0.3, Max: 0.5, Diff: 0.3, Sum: 2.3]
         [Processed Buffers: Min: 1, Avg: 20.0, Max: 46, Diff: 45, Sum: 160]
      [Scan RS (ms): Min: 0.0, Avg: 0.1, Max: 0.1, Diff: 0.1, Sum: 0.5]
      [Code Root Scanning (ms): Min: 0.0, Avg: 0.0, Max: 0.0, Diff: 0.0, Sum: 0.0]
      [Object Copy (ms): Min: 0.4, Avg: 0.8, Max: 1.1, Diff: 0.7, Sum: 6.1]
      [Termination (ms): Min: 0.0, Avg: 0.0, Max: 0.0, Diff: 0.0, Sum: 0.0]
         [Termination Attempts: Min: 1, Avg: 1.0, Max: 1, Diff: 0, Sum: 8]
      [GC Worker Other (ms): Min: 0.0, Avg: 0.1, Max: 0.1, Diff: 0.1, Sum: 0.5]
      [GC Worker Total (ms): Min: 7.6, Avg: 7.7, Max: 7.8, Diff: 0.2, Sum: 61.3]
      [GC Worker End (ms): Min: 978149752.4, Avg: 978149752.4, Max: 978149752.5, Diff: 0.1]
   [Code Root Fixup: 0.0 ms]
   [Code Root Purge: 0.0 ms]
   [Clear CT: 0.6 ms]
   [Other: 4.0 ms]
      [Choose CSet: 0.0 ms]
      [Ref Proc: 3.4 ms]
      [Ref Enq: 0.1 ms]
      [Redirty Cards: 0.1 ms]
      [Humongous Register: 0.0 ms]
      [Humongous Reclaim: 0.0 ms]
      [Free CSet: 0.3 ms]
   [Eden: 7168.0M(7152.0M)->0.0B(7152.0M) Survivors: 16384.0K->16384.0K Heap: 10544.9M(14336.0M)->3393.5M(14336.0M)]
 [Times: user=0.06 sys=0.00, real=0.01 secs] 
2022-08-02T04:52:58.253-0700: 978149.757: [GC concurrent-root-region-scan-start]
2022-08-02T04:52:58.258-0700: 978149.763: [GC concurrent-root-region-scan-end, 0.0054413 secs]
2022-08-02T04:52:58.258-0700: 978149.763: [GC concurrent-mark-start]
2022-08-02T04:53:00.756-0700: 978152.260: [GC concurrent-mark-end, 2.4975929 secs]
2022-08-02T04:53:00.756-0700: 978152.261: [GC remark 2022-08-02T04:53:00.756-0700: 978152.261: [Finalize Marking, 0.0003680 secs] 2022-08-02T04:53:00.757-0700: 978152.261: [GC ref-proc, 0.0118032 secs] 2022-08-02T04:53:00.768-0700: 978152.273: [Unloading, 0.0277333 secs], 0.0453505 secs]
 [Times: user=0.26 sys=0.00, real=0.04 secs] 
2022-08-02T04:53:00.802-0700: 978152.307: [GC cleanup 3441M->3441M(14336M), 0.0080422 secs]
 [Times: user=0.06 sys=0.00, real=0.01 secs] 
2022-08-02T05:09:38.160-0700: 979149.665: [GC pause (G1 Evacuation Pause) (young), 0.0109799 secs]
   [Parallel Time: 5.7 ms, GC Workers: 8]
      [GC Worker Start (ms): Min: 979149664.9, Avg: 979149665.1, Max: 979149665.2, Diff: 0.2]
      [Ext Root Scanning (ms): Min: 1.2, Avg: 1.9, Max: 5.4, Diff: 4.2, Sum: 15.0]
      [Update RS (ms): Min: 0.0, Avg: 0.4, Max: 0.7, Diff: 0.7, Sum: 3.1]
         [Processed Buffers: Min: 0, Avg: 21.1, Max: 65, Diff: 65, Sum: 169]
      [Scan RS (ms): Min: 0.0, Avg: 0.1, Max: 0.2, Diff: 0.2, Sum: 0.7]
      [Code Root Scanning (ms): Min: 0.0, Avg: 0.0, Max: 0.0, Diff: 0.0, Sum: 0.0]
      [Object Copy (ms): Min: 0.0, Avg: 0.5, Max: 0.7, Diff: 0.7, Sum: 4.0]
      [Termination (ms): Min: 0.0, Avg: 2.5, Max: 2.8, Diff: 2.8, Sum: 19.6]
         [Termination Attempts: Min: 1, Avg: 2.1, Max: 4, Diff: 3, Sum: 17]
      [GC Worker Other (ms): Min: 0.0, Avg: 0.0, Max: 0.1, Diff: 0.1, Sum: 0.3]
      [GC Worker Total (ms): Min: 5.2, Avg: 5.3, Max: 5.5, Diff: 0.2, Sum: 42.7]
      [GC Worker End (ms): Min: 979149670.4, Avg: 979149670.4, Max: 979149670.4, Diff: 0.1]
   [Code Root Fixup: 0.0 ms]
   [Code Root Purge: 0.0 ms]
   [Clear CT: 0.6 ms]
   [Other: 4.7 ms]
      [Choose CSet: 0.0 ms]
      [Ref Proc: 3.9 ms]
      [Ref Enq: 0.1 ms]
      [Redirty Cards: 0.1 ms]
      [Humongous Register: 0.1 ms]
      [Humongous Reclaim: 0.0 ms]
      [Free CSet: 0.3 ms]
   [Eden: 7152.0M(7152.0M)->0.0B(7152.0M) Survivors: 16384.0K->16384.0K Heap: 10545.5M(14336.0M)->3393.5M(14336.0M)]
 [Times: user=0.05 sys=0.01, real=0.01 secs] 
2022-08-02T05:26:14.962-0700: 980146.467: [GC pause (G1 Evacuation Pause) (young), 0.0120916 secs]
   [Parallel Time: 8.2 ms, GC Workers: 8]
      [GC Worker Start (ms): Min: 980146467.2, Avg: 980146467.2, Max: 980146467.3, Diff: 0.1]
      [Ext Root Scanning (ms): Min: 1.3, Avg: 2.1, Max: 6.1, Diff: 4.8, Sum: 16.8]
      [Update RS (ms): Min: 0.0, Avg: 0.4, Max: 0.8, Diff: 0.8, Sum: 3.3]
         [Processed Buffers: Min: 0, Avg: 20.0, Max: 65, Diff: 65, Sum: 160]
      [Scan RS (ms): Min: 0.0, Avg: 0.1, Max: 0.2, Diff: 0.1, Sum: 0.7]
      [Code Root Scanning (ms): Min: 0.0, Avg: 0.0, Max: 0.0, Diff: 0.0, Sum: 0.0]
      [Object Copy (ms): Min: 0.0, Avg: 0.6, Max: 0.8, Diff: 0.8, Sum: 4.5]
      [Termination (ms): Min: 0.0, Avg: 3.2, Max: 5.4, Diff: 5.4, Sum: 25.7]
         [Termination Attempts: Min: 1, Avg: 1.0, Max: 1, Diff: 0, Sum: 8]
      [GC Worker Other (ms): Min: 0.0, Avg: 0.0, Max: 0.0, Diff: 0.0, Sum: 0.1]
      [GC Worker Total (ms): Min: 6.1, Avg: 6.4, Max: 8.2, Diff: 2.1, Sum: 51.1]
      [GC Worker End (ms): Min: 980146473.3, Avg: 980146473.6, Max: 980146475.4, Diff: 2.0]
   [Code Root Fixup: 0.0 ms]
   [Code Root Purge: 0.0 ms]
   [Clear CT: 0.7 ms]
   [Other: 3.2 ms]
      [Choose CSet: 0.0 ms]
      [Ref Proc: 2.4 ms]
      [Ref Enq: 0.1 ms]
      [Redirty Cards: 0.1 ms]
      [Humongous Register: 0.1 ms]
      [Humongous Reclaim: 0.0 ms]
      [Free CSet: 0.4 ms]
   [Eden: 7152.0M(7152.0M)->0.0B(7152.0M) Survivors: 16384.0K->16384.0K Heap: 10545.5M(14336.0M)->3393.1M(14336.0M)]
 [Times: user=0.05 sys=0.00, real=0.01 secs] 
2022-08-02T05:42:42.916-0700: 981134.421: [GC pause (G1 Evacuation Pause) (young) (initial-mark), 0.0151968 secs]
   [Parallel Time: 9.9 ms, GC Workers: 8]
      [GC Worker Start (ms): Min: 981134423.0, Avg: 981134423.1, Max: 981134423.2, Diff: 0.2]
      [Ext Root Scanning (ms): Min: 6.2, Avg: 6.4, Max: 6.7, Diff: 0.5, Sum: 51.4]
      [Update RS (ms): Min: 0.2, Avg: 0.3, Max: 0.6, Diff: 0.4, Sum: 2.4]
         [Processed Buffers: Min: 1, Avg: 20.2, Max: 57, Diff: 56, Sum: 162]
      [Scan RS (ms): Min: 0.0, Avg: 0.1, Max: 0.1, Diff: 0.1, Sum: 0.5]
      [Code Root Scanning (ms): Min: 0.0, Avg: 0.0, Max: 0.0, Diff: 0.0, Sum: 0.0]
      [Object Copy (ms): Min: 0.3, Avg: 0.5, Max: 0.6, Diff: 0.4, Sum: 3.7]
      [Termination (ms): Min: 0.0, Avg: 0.1, Max: 0.1, Diff: 0.1, Sum: 0.7]
         [Termination Attempts: Min: 1, Avg: 3.2, Max: 6, Diff: 5, Sum: 26]
      [GC Worker Other (ms): Min: 0.0, Avg: 0.0, Max: 0.1, Diff: 0.1, Sum: 0.3]
      [GC Worker Total (ms): Min: 7.3, Avg: 7.4, Max: 7.5, Diff: 0.3, Sum: 59.1]
      [GC Worker End (ms): Min: 981134430.4, Avg: 981134430.5, Max: 981134430.5, Diff: 0.1]
   [Code Root Fixup: 0.0 ms]
   [Code Root Purge: 0.0 ms]
   [Clear CT: 0.6 ms]
   [Other: 4.7 ms]
      [Choose CSet: 0.0 ms]
      [Ref Proc: 3.9 ms]
      [Ref Enq: 0.1 ms]
      [Redirty Cards: 0.1 ms]
      [Humongous Register: 0.0 ms]
      [Humongous Reclaim: 0.0 ms]
      [Free CSet: 0.3 ms]
   [Eden: 7152.0M(7152.0M)->0.0B(7152.0M) Survivors: 16384.0K->16384.0K Heap: 10545.1M(14336.0M)->3393.1M(14336.0M)]
 [Times: user=0.06 sys=0.00, real=0.01 secs] 
2022-08-02T05:42:42.931-0700: 981134.436: [GC concurrent-root-region-scan-start]
2022-08-02T05:42:42.936-0700: 981134.441: [GC concurrent-root-region-scan-end, 0.0051152 secs]
2022-08-02T05:42:42.936-0700: 981134.441: [GC concurrent-mark-start]
2022-08-02T05:42:45.416-0700: 981136.921: [GC concurrent-mark-end, 2.4794547 secs]
2022-08-02T05:42:45.416-0700: 981136.921: [GC remark 2022-08-02T05:42:45.416-0700: 981136.921: [Finalize Marking, 0.0003686 secs] 2022-08-02T05:42:45.417-0700: 981136.921: [GC ref-proc, 0.0100963 secs] 2022-08-02T05:42:45.427-0700: 981136.931: [Unloading, 0.0277021 secs], 0.0435422 secs]
 [Times: user=0.25 sys=0.00, real=0.04 secs] 
2022-08-02T05:42:45.460-0700: 981136.965: [GC cleanup 3465M->3465M(14336M), 0.0082910 secs]
 [Times: user=0.06 sys=0.00, real=0.01 secs] 
2022-08-02T05:59:10.012-0700: 982121.517: [GC pause (G1 Evacuation Pause) (young), 0.0115053 secs]
   [Parallel Time: 5.5 ms, GC Workers: 8]
      [GC Worker Start (ms): Min: 982121516.7, Avg: 982121516.8, Max: 982121516.8, Diff: 0.2]
      [Ext Root Scanning (ms): Min: 2.3, Avg: 3.1, Max: 5.1, Diff: 2.7, Sum: 24.8]
      [Update RS (ms): Min: 0.0, Avg: 0.3, Max: 0.6, Diff: 0.6, Sum: 2.6]
         [Processed Buffers: Min: 0, Avg: 22.1, Max: 56, Diff: 56, Sum: 177]
      [Scan RS (ms): Min: 0.0, Avg: 0.1, Max: 0.1, Diff: 0.1, Sum: 0.6]
      [Code Root Scanning (ms): Min: 0.0, Avg: 0.0, Max: 0.0, Diff: 0.0, Sum: 0.0]
      [Object Copy (ms): Min: 0.0, Avg: 0.4, Max: 1.0, Diff: 1.0, Sum: 3.5]
      [Termination (ms): Min: 0.0, Avg: 1.1, Max: 1.2, Diff: 1.2, Sum: 8.5]
         [Termination Attempts: Min: 1, Avg: 2.9, Max: 8, Diff: 7, Sum: 23]
      [GC Worker Other (ms): Min: 0.0, Avg: 0.0, Max: 0.1, Diff: 0.1, Sum: 0.3]
      [GC Worker Total (ms): Min: 5.0, Avg: 5.0, Max: 5.1, Diff: 0.1, Sum: 40.3]
      [GC Worker End (ms): Min: 982121521.8, Avg: 982121521.8, Max: 982121521.9, Diff: 0.1]
   [Code Root Fixup: 0.0 ms]
   [Code Root Purge: 0.0 ms]
   [Clear CT: 0.7 ms]
   [Other: 5.3 ms]
      [Choose CSet: 0.0 ms]
      [Ref Proc: 4.6 ms]
      [Ref Enq: 0.1 ms]
      [Redirty Cards: 0.1 ms]
      [Humongous Register: 0.1 ms]
      [Humongous Reclaim: 0.0 ms]
      [Free CSet: 0.3 ms]
   [Eden: 7152.0M(7152.0M)->0.0B(7152.0M) Survivors: 16384.0K->16384.0K Heap: 10545.1M(14336.0M)->3393.0M(14336.0M)]
 [Times: user=0.03 sys=0.01, real=0.02 secs] 
2022-08-02T06:15:48.862-0700: 983120.367: [GC pause (G1 Evacuation Pause) (young), 0.0113297 secs]
   [Parallel Time: 5.9 ms, GC Workers: 8]
      [GC Worker Start (ms): Min: 983120367.0, Avg: 983120367.1, Max: 983120367.2, Diff: 0.2]
      [Ext Root Scanning (ms): Min: 1.4, Avg: 2.2, Max: 5.5, Diff: 4.1, Sum: 17.3]
      [Update RS (ms): Min: 0.0, Avg: 0.4, Max: 0.8, Diff: 0.8, Sum: 3.0]
         [Processed Buffers: Min: 0, Avg: 20.6, Max: 67, Diff: 67, Sum: 165]
      [Scan RS (ms): Min: 0.0, Avg: 0.1, Max: 0.2, Diff: 0.2, Sum: 0.7]
      [Code Root Scanning (ms): Min: 0.0, Avg: 0.0, Max: 0.0, Diff: 0.0, Sum: 0.0]
      [Object Copy (ms): Min: 0.0, Avg: 0.6, Max: 0.9, Diff: 0.9, Sum: 4.9]
      [Termination (ms): Min: 0.0, Avg: 2.2, Max: 2.6, Diff: 2.6, Sum: 18.0]
         [Termination Attempts: Min: 1, Avg: 1.2, Max: 2, Diff: 1, Sum: 10]
      [GC Worker Other (ms): Min: 0.0, Avg: 0.0, Max: 0.0, Diff: 0.0, Sum: 0.2]
      [GC Worker Total (ms): Min: 5.4, Avg: 5.5, Max: 5.6, Diff: 0.2, Sum: 44.0]
      [GC Worker End (ms): Min: 983120372.6, Avg: 983120372.6, Max: 983120372.6, Diff: 0.0]
   [Code Root Fixup: 0.0 ms]
   [Code Root Purge: 0.0 ms]
   [Clear CT: 0.6 ms]
   [Other: 4.9 ms]
      [Choose CSet: 0.0 ms]
      [Ref Proc: 4.1 ms]
      [Ref Enq: 0.1 ms]
      [Redirty Cards: 0.1 ms]
      [Humongous Register: 0.1 ms]
      [Humongous Reclaim: 0.0 ms]
      [Free CSet: 0.3 ms]
   [Eden: 7152.0M(7152.0M)->0.0B(7152.0M) Survivors: 16384.0K->16384.0K Heap: 10545.0M(14336.0M)->3393.1M(14336.0M)]
 [Times: user=0.06 sys=0.00, real=0.01 secs] 
2022-08-02T06:32:20.635-0700: 984112.140: [GC pause (G1 Evacuation Pause) (young) (initial-mark), 0.0148793 secs]
   [Parallel Time: 9.8 ms, GC Workers: 8]
      [GC Worker Start (ms): Min: 984112141.9, Avg: 984112142.0, Max: 984112142.1, Diff: 0.2]
      [Ext Root Scanning (ms): Min: 6.1, Avg: 6.5, Max: 6.9, Diff: 0.8, Sum: 51.9]
      [Update RS (ms): Min: 0.2, Avg: 0.3, Max: 0.5, Diff: 0.3, Sum: 2.4]
         [Processed Buffers: Min: 1, Avg: 21.1, Max: 66, Diff: 65, Sum: 169]
      [Scan RS (ms): Min: 0.0, Avg: 0.1, Max: 0.1, Diff: 0.1, Sum: 0.6]
      [Code Root Scanning (ms): Min: 0.0, Avg: 0.0, Max: 0.0, Diff: 0.0, Sum: 0.0]
      [Object Copy (ms): Min: 0.2, Avg: 0.6, Max: 0.9, Diff: 0.7, Sum: 5.0]
      [Termination (ms): Min: 0.0, Avg: 0.0, Max: 0.0, Diff: 0.0, Sum: 0.0]
         [Termination Attempts: Min: 2, Avg: 4.0, Max: 6, Diff: 4, Sum: 32]
      [GC Worker Other (ms): Min: 0.0, Avg: 0.1, Max: 0.2, Diff: 0.2, Sum: 0.6]
      [GC Worker Total (ms): Min: 7.4, Avg: 7.6, Max: 7.7, Diff: 0.3, Sum: 60.5]
      [GC Worker End (ms): Min: 984112149.5, Avg: 984112149.5, Max: 984112149.7, Diff: 0.2]
   [Code Root Fixup: 0.0 ms]
   [Code Root Purge: 0.0 ms]
   [Clear CT: 0.7 ms]
   [Other: 4.3 ms]
      [Choose CSet: 0.0 ms]
      [Ref Proc: 3.6 ms]
      [Ref Enq: 0.1 ms]
      [Redirty Cards: 0.1 ms]
      [Humongous Register: 0.0 ms]
      [Humongous Reclaim: 0.0 ms]
      [Free CSet: 0.3 ms]
   [Eden: 7152.0M(7152.0M)->0.0B(7152.0M) Survivors: 16384.0K->16384.0K Heap: 10545.1M(14336.0M)->3393.1M(14336.0M)]
 [Times: user=0.06 sys=0.00, real=0.01 secs] 
2022-08-02T06:32:20.650-0700: 984112.155: [GC concurrent-root-region-scan-start]
2022-08-02T06:32:20.654-0700: 984112.159: [GC concurrent-root-region-scan-end, 0.0042455 secs]
2022-08-02T06:32:20.654-0700: 984112.159: [GC concurrent-mark-start]
2022-08-02T06:32:23.129-0700: 984114.633: [GC concurrent-mark-end, 2.4742444 secs]
2022-08-02T06:32:23.129-0700: 984114.634: [GC remark 2022-08-02T06:32:23.129-0700: 984114.634: [Finalize Marking, 0.0003696 secs] 2022-08-02T06:32:23.129-0700: 984114.634: [GC ref-proc, 0.0103745 secs] 2022-08-02T06:32:23.140-0700: 984114.645: [Unloading, 0.0277218 secs], 0.0441802 secs]
 [Times: user=0.26 sys=0.00, real=0.04 secs] 
2022-08-02T06:32:23.174-0700: 984114.678: [GC cleanup 3433M->3433M(14336M), 0.0086467 secs]
 [Times: user=0.06 sys=0.00, real=0.01 secs] 
2022-08-02T06:49:04.411-0700: 985115.916: [GC pause (G1 Evacuation Pause) (young), 0.0109533 secs]
   [Parallel Time: 5.7 ms, GC Workers: 8]
      [GC Worker Start (ms): Min: 985115916.0, Avg: 985115916.1, Max: 985115916.2, Diff: 0.2]
      [Ext Root Scanning (ms): Min: 1.2, Avg: 1.9, Max: 5.4, Diff: 4.2, Sum: 15.6]
      [Update RS (ms): Min: 0.0, Avg: 0.4, Max: 0.8, Diff: 0.8, Sum: 3.0]
         [Processed Buffers: Min: 0, Avg: 21.1, Max: 58, Diff: 58, Sum: 169]
      [Scan RS (ms): Min: 0.0, Avg: 0.1, Max: 0.2, Diff: 0.1, Sum: 0.7]
      [Code Root Scanning (ms): Min: 0.0, Avg: 0.0, Max: 0.0, Diff: 0.0, Sum: 0.0]
      [Object Copy (ms): Min: 0.0, Avg: 0.5, Max: 0.7, Diff: 0.7, Sum: 3.8]
      [Termination (ms): Min: 0.0, Avg: 2.5, Max: 2.8, Diff: 2.8, Sum: 19.7]
         [Termination Attempts: Min: 1, Avg: 2.2, Max: 4, Diff: 3, Sum: 18]
      [GC Worker Other (ms): Min: 0.0, Avg: 0.0, Max: 0.0, Diff: 0.0, Sum: 0.1]
      [GC Worker Total (ms): Min: 5.3, Avg: 5.4, Max: 5.4, Diff: 0.2, Sum: 42.9]
      [GC Worker End (ms): Min: 985115921.5, Avg: 985115921.5, Max: 985115921.5, Diff: 0.0]
   [Code Root Fixup: 0.0 ms]
   [Code Root Purge: 0.0 ms]
   [Clear CT: 0.6 ms]
   [Other: 4.7 ms]
      [Choose CSet: 0.0 ms]
      [Ref Proc: 4.0 ms]
      [Ref Enq: 0.1 ms]
      [Redirty Cards: 0.1 ms]
      [Humongous Register: 0.1 ms]
      [Humongous Reclaim: 0.0 ms]
      [Free CSet: 0.3 ms]
   [Eden: 7152.0M(7152.0M)->0.0B(7152.0M) Survivors: 16384.0K->16384.0K Heap: 10545.1M(14336.0M)->3393.0M(14336.0M)]
 [Times: user=0.05 sys=0.00, real=0.01 secs] 
2022-08-02T07:05:34.112-0700: 986105.617: [GC pause (G1 Evacuation Pause) (young), 0.0088523 secs]
   [Parallel Time: 5.7 ms, GC Workers: 8]
      [GC Worker Start (ms): Min: 986105617.1, Avg: 986105617.1, Max: 986105617.2, Diff: 0.1]
      [Ext Root Scanning (ms): Min: 1.3, Avg: 2.0, Max: 5.5, Diff: 4.3, Sum: 16.1]
      [Update RS (ms): Min: 0.0, Avg: 0.4, Max: 0.7, Diff: 0.7, Sum: 2.8]
         [Processed Buffers: Min: 0, Avg: 22.0, Max: 67, Diff: 67, Sum: 176]
      [Scan RS (ms): Min: 0.0, Avg: 0.1, Max: 0.2, Diff: 0.2, Sum: 0.7]
      [Code Root Scanning (ms): Min: 0.0, Avg: 0.0, Max: 0.0, Diff: 0.0, Sum: 0.0]
      [Object Copy (ms): Min: 0.0, Avg: 0.5, Max: 0.8, Diff: 0.8, Sum: 4.3]
      [Termination (ms): Min: 0.0, Avg: 2.6, Max: 2.9, Diff: 2.9, Sum: 20.5]
         [Termination Attempts: Min: 1, Avg: 3.2, Max: 5, Diff: 4, Sum: 26]
      [GC Worker Other (ms): Min: 0.0, Avg: 0.0, Max: 0.1, Diff: 0.0, Sum: 0.2]
      [GC Worker Total (ms): Min: 5.5, Avg: 5.6, Max: 5.6, Diff: 0.1, Sum: 44.6]
      [GC Worker End (ms): Min: 986105622.7, Avg: 986105622.7, Max: 986105622.7, Diff: 0.0]
   [Code Root Fixup: 0.0 ms]
   [Code Root Purge: 0.0 ms]
   [Clear CT: 0.6 ms]
   [Other: 2.5 ms]
      [Choose CSet: 0.0 ms]
      [Ref Proc: 1.8 ms]
      [Ref Enq: 0.1 ms]
      [Redirty Cards: 0.1 ms]
      [Humongous Register: 0.1 ms]
      [Humongous Reclaim: 0.0 ms]
      [Free CSet: 0.3 ms]
   [Eden: 7152.0M(7152.0M)->0.0B(7152.0M) Survivors: 16384.0K->16384.0K Heap: 10545.0M(14336.0M)->3393.2M(14336.0M)]
 [Times: user=0.05 sys=0.01, real=0.01 secs] 
2022-08-02T07:22:00.962-0700: 987092.466: [GC pause (G1 Evacuation Pause) (young) (initial-mark), 0.0153736 secs]
   [Parallel Time: 10.1 ms, GC Workers: 8]
      [GC Worker Start (ms): Min: 987092468.5, Avg: 987092468.6, Max: 987092468.7, Diff: 0.2]
      [Ext Root Scanning (ms): Min: 6.8, Avg: 7.0, Max: 7.2, Diff: 0.4, Sum: 55.7]
      [Update RS (ms): Min: 0.2, Avg: 0.3, Max: 0.4, Diff: 0.3, Sum: 2.1]
         [Processed Buffers: Min: 1, Avg: 22.0, Max: 60, Diff: 59, Sum: 176]
      [Scan RS (ms): Min: 0.0, Avg: 0.1, Max: 0.1, Diff: 0.1, Sum: 0.5]
      [Code Root Scanning (ms): Min: 0.0, Avg: 0.0, Max: 0.0, Diff: 0.0, Sum: 0.0]
      [Object Copy (ms): Min: 0.2, Avg: 0.5, Max: 0.7, Diff: 0.5, Sum: 3.8]
      [Termination (ms): Min: 0.0, Avg: 0.0, Max: 0.0, Diff: 0.0, Sum: 0.2]
         [Termination Attempts: Min: 1, Avg: 3.8, Max: 5, Diff: 4, Sum: 30]
      [GC Worker Other (ms): Min: 0.0, Avg: 0.0, Max: 0.1, Diff: 0.1, Sum: 0.3]
      [GC Worker Total (ms): Min: 7.7, Avg: 7.8, Max: 7.9, Diff: 0.2, Sum: 62.7]
      [GC Worker End (ms): Min: 987092476.4, Avg: 987092476.5, Max: 987092476.5, Diff: 0.1]
   [Code Root Fixup: 0.0 ms]
   [Code Root Purge: 0.0 ms]
   [Clear CT: 0.6 ms]
   [Other: 4.6 ms]
      [Choose CSet: 0.0 ms]
      [Ref Proc: 3.8 ms]
      [Ref Enq: 0.1 ms]
      [Redirty Cards: 0.1 ms]
      [Humongous Register: 0.0 ms]
      [Humongous Reclaim: 0.0 ms]
      [Free CSet: 0.3 ms]
   [Eden: 7152.0M(7152.0M)->0.0B(7152.0M) Survivors: 16384.0K->16384.0K Heap: 10545.2M(14336.0M)->3393.1M(14336.0M)]
 [Times: user=0.07 sys=0.00, real=0.02 secs] 
2022-08-02T07:22:00.977-0700: 987092.482: [GC concurrent-root-region-scan-start]
2022-08-02T07:22:00.982-0700: 987092.487: [GC concurrent-root-region-scan-end, 0.0050718 secs]
2022-08-02T07:22:00.982-0700: 987092.487: [GC concurrent-mark-start]
2022-08-02T07:22:03.458-0700: 987094.962: [GC concurrent-mark-end, 2.4753990 secs]
2022-08-02T07:22:03.458-0700: 987094.963: [GC remark 2022-08-02T07:22:03.458-0700: 987094.963: [Finalize Marking, 0.0003848 secs] 2022-08-02T07:22:03.459-0700: 987094.963: [GC ref-proc, 0.0114221 secs] 2022-08-02T07:22:03.470-0700: 987094.975: [Unloading, 0.0280419 secs], 0.0454838 secs]
 [Times: user=0.26 sys=0.00, real=0.05 secs] 
2022-08-02T07:22:03.504-0700: 987095.009: [GC cleanup 3465M->3465M(14336M), 0.0080077 secs]
 [Times: user=0.06 sys=0.00, real=0.00 secs] 
2022-08-02T07:38:32.262-0700: 988083.766: [GC pause (G1 Evacuation Pause) (young), 0.0117073 secs]
   [Parallel Time: 6.4 ms, GC Workers: 8]
      [GC Worker Start (ms): Min: 988083766.5, Avg: 988083766.6, Max: 988083766.6, Diff: 0.2]
      [Ext Root Scanning (ms): Min: 1.3, Avg: 2.0, Max: 6.0, Diff: 4.7, Sum: 16.2]
      [Update RS (ms): Min: 0.0, Avg: 0.4, Max: 0.7, Diff: 0.7, Sum: 2.9]
         [Processed Buffers: Min: 0, Avg: 20.4, Max: 57, Diff: 57, Sum: 163]
      [Scan RS (ms): Min: 0.0, Avg: 0.1, Max: 0.1, Diff: 0.1, Sum: 0.6]
      [Code Root Scanning (ms): Min: 0.0, Avg: 0.0, Max: 0.0, Diff: 0.0, Sum: 0.0]
      [Object Copy (ms): Min: 0.0, Avg: 0.5, Max: 0.7, Diff: 0.7, Sum: 3.8]
      [Termination (ms): Min: 0.0, Avg: 3.0, Max: 3.5, Diff: 3.5, Sum: 24.2]
         [Termination Attempts: Min: 1, Avg: 1.9, Max: 4, Diff: 3, Sum: 15]
      [GC Worker Other (ms): Min: 0.0, Avg: 0.0, Max: 0.0, Diff: 0.0, Sum: 0.2]
      [GC Worker Total (ms): Min: 5.9, Avg: 6.0, Max: 6.1, Diff: 0.1, Sum: 47.9]
      [GC Worker End (ms): Min: 988083772.5, Avg: 988083772.5, Max: 988083772.6, Diff: 0.0]
   [Code Root Fixup: 0.0 ms]
   [Code Root Purge: 0.0 ms]
   [Clear CT: 0.6 ms]
   [Other: 4.7 ms]
      [Choose CSet: 0.0 ms]
      [Ref Proc: 4.0 ms]
      [Ref Enq: 0.1 ms]
      [Redirty Cards: 0.1 ms]
      [Humongous Register: 0.1 ms]
      [Humongous Reclaim: 0.0 ms]
      [Free CSet: 0.3 ms]
   [Eden: 7152.0M(7152.0M)->0.0B(7152.0M) Survivors: 16384.0K->16384.0K Heap: 10545.1M(14336.0M)->3393.0M(14336.0M)]
 [Times: user=0.06 sys=0.00, real=0.01 secs] 
2022-08-02T07:55:19.065-0700: 989090.570: [GC pause (G1 Evacuation Pause) (young), 0.0082692 secs]
   [Parallel Time: 5.1 ms, GC Workers: 8]
      [GC Worker Start (ms): Min: 989090569.6, Avg: 989090569.7, Max: 989090569.8, Diff: 0.2]
      [Ext Root Scanning (ms): Min: 1.2, Avg: 1.9, Max: 5.0, Diff: 3.8, Sum: 15.0]
      [Update RS (ms): Min: 0.0, Avg: 0.3, Max: 0.5, Diff: 0.5, Sum: 2.1]
         [Processed Buffers: Min: 0, Avg: 21.1, Max: 64, Diff: 64, Sum: 169]
      [Scan RS (ms): Min: 0.0, Avg: 0.1, Max: 0.1, Diff: 0.1, Sum: 0.5]
      [Code Root Scanning (ms): Min: 0.0, Avg: 0.0, Max: 0.0, Diff: 0.0, Sum: 0.0]
      [Object Copy (ms): Min: 0.0, Avg: 0.5, Max: 0.7, Diff: 0.7, Sum: 3.8]
      [Termination (ms): Min: 0.0, Avg: 2.3, Max: 2.7, Diff: 2.7, Sum: 18.4]
         [Termination Attempts: Min: 1, Avg: 1.0, Max: 1, Diff: 0, Sum: 8]
      [GC Worker Other (ms): Min: 0.0, Avg: 0.0, Max: 0.0, Diff: 0.0, Sum: 0.1]
      [GC Worker Total (ms): Min: 4.9, Avg: 5.0, Max: 5.1, Diff: 0.2, Sum: 39.8]
      [GC Worker End (ms): Min: 989090574.7, Avg: 989090574.7, Max: 989090574.7, Diff: 0.0]
   [Code Root Fixup: 0.0 ms]
   [Code Root Purge: 0.0 ms]
   [Clear CT: 0.6 ms]
   [Other: 2.5 ms]
      [Choose CSet: 0.0 ms]
      [Ref Proc: 1.9 ms]
      [Ref Enq: 0.1 ms]
      [Redirty Cards: 0.1 ms]
      [Humongous Register: 0.1 ms]
      [Humongous Reclaim: 0.0 ms]
      [Free CSet: 0.3 ms]
   [Eden: 7152.0M(7152.0M)->0.0B(7152.0M) Survivors: 16384.0K->16384.0K Heap: 10545.0M(14336.0M)->3393.4M(14336.0M)]
 [Times: user=0.05 sys=0.00, real=0.00 secs] 
2022-08-02T08:11:53.563-0700: 990085.068: [GC pause (G1 Evacuation Pause) (young) (initial-mark), 0.0157144 secs]
   [Parallel Time: 10.0 ms, GC Workers: 8]
      [GC Worker Start (ms): Min: 990085070.4, Avg: 990085070.5, Max: 990085070.6, Diff: 0.1]
      [Ext Root Scanning (ms): Min: 6.1, Avg: 6.5, Max: 6.9, Diff: 0.7, Sum: 51.8]
      [Update RS (ms): Min: 0.2, Avg: 0.3, Max: 0.6, Diff: 0.4, Sum: 2.7]
         [Processed Buffers: Min: 1, Avg: 21.5, Max: 54, Diff: 53, Sum: 172]
      [Scan RS (ms): Min: 0.0, Avg: 0.1, Max: 0.1, Diff: 0.1, Sum: 0.6]
      [Code Root Scanning (ms): Min: 0.0, Avg: 0.0, Max: 0.0, Diff: 0.0, Sum: 0.0]
      [Object Copy (ms): Min: 0.2, Avg: 0.7, Max: 1.0, Diff: 0.8, Sum: 5.3]
      [Termination (ms): Min: 0.0, Avg: 0.0, Max: 0.0, Diff: 0.0, Sum: 0.0]
         [Termination Attempts: Min: 1, Avg: 2.2, Max: 4, Diff: 3, Sum: 18]
      [GC Worker Other (ms): Min: 0.0, Avg: 0.1, Max: 0.1, Diff: 0.1, Sum: 0.4]
      [GC Worker Total (ms): Min: 7.5, Avg: 7.6, Max: 7.7, Diff: 0.2, Sum: 60.7]
      [GC Worker End (ms): Min: 990085078.0, Avg: 990085078.1, Max: 990085078.1, Diff: 0.1]
   [Code Root Fixup: 0.0 ms]
   [Code Root Purge: 0.0 ms]
   [Clear CT: 1.0 ms]
   [Other: 4.7 ms]
      [Choose CSet: 0.0 ms]
      [Ref Proc: 3.6 ms]
      [Ref Enq: 0.3 ms]
      [Redirty Cards: 0.2 ms]
      [Humongous Register: 0.0 ms]
      [Humongous Reclaim: 0.0 ms]
      [Free CSet: 0.3 ms]
   [Eden: 7152.0M(7152.0M)->0.0B(7152.0M) Survivors: 16384.0K->16384.0K Heap: 10545.4M(14336.0M)->3393.1M(14336.0M)]
 [Times: user=0.06 sys=0.00, real=0.01 secs] 
2022-08-02T08:11:53.579-0700: 990085.084: [GC concurrent-root-region-scan-start]
2022-08-02T08:11:53.584-0700: 990085.089: [GC concurrent-root-region-scan-end, 0.0048056 secs]
2022-08-02T08:11:53.584-0700: 990085.089: [GC concurrent-mark-start]
2022-08-02T08:11:56.058-0700: 990087.563: [GC concurrent-mark-end, 2.4739729 secs]
2022-08-02T08:11:56.058-0700: 990087.563: [GC remark 2022-08-02T08:11:56.058-0700: 990087.563: [Finalize Marking, 0.0002281 secs] 2022-08-02T08:11:56.059-0700: 990087.563: [GC ref-proc, 0.0106079 secs] 2022-08-02T08:11:56.069-0700: 990087.574: [Unloading, 0.0294424 secs], 0.0462770 secs]
 [Times: user=0.25 sys=0.00, real=0.05 secs] 
2022-08-02T08:11:56.105-0700: 990087.610: [GC cleanup 3465M->3465M(14336M), 0.0083559 secs]
 [Times: user=0.06 sys=0.00, real=0.00 secs] 
2022-08-02T08:28:26.313-0700: 991077.818: [GC pause (G1 Evacuation Pause) (young), 0.0114996 secs]
   [Parallel Time: 6.2 ms, GC Workers: 8]
      [GC Worker Start (ms): Min: 991077817.9, Avg: 991077818.0, Max: 991077818.0, Diff: 0.2]
      [Ext Root Scanning (ms): Min: 1.3, Avg: 2.1, Max: 5.8, Diff: 4.5, Sum: 16.9]
      [Update RS (ms): Min: 0.0, Avg: 0.3, Max: 0.8, Diff: 0.8, Sum: 2.7]
         [Processed Buffers: Min: 0, Avg: 20.6, Max: 49, Diff: 49, Sum: 165]
      [Scan RS (ms): Min: 0.0, Avg: 0.1, Max: 0.1, Diff: 0.1, Sum: 0.6]
      [Code Root Scanning (ms): Min: 0.0, Avg: 0.0, Max: 0.0, Diff: 0.0, Sum: 0.0]
      [Object Copy (ms): Min: 0.0, Avg: 0.5, Max: 0.8, Diff: 0.8, Sum: 4.3]
      [Termination (ms): Min: 0.0, Avg: 2.7, Max: 3.1, Diff: 3.1, Sum: 21.5]
         [Termination Attempts: Min: 1, Avg: 1.6, Max: 3, Diff: 2, Sum: 13]
      [GC Worker Other (ms): Min: 0.0, Avg: 0.0, Max: 0.0, Diff: 0.0, Sum: 0.2]
      [GC Worker Total (ms): Min: 5.7, Avg: 5.8, Max: 5.8, Diff: 0.2, Sum: 46.1]
      [GC Worker End (ms): Min: 991077823.7, Avg: 991077823.7, Max: 991077823.7, Diff: 0.0]
   [Code Root Fixup: 0.0 ms]
   [Code Root Purge: 0.0 ms]
   [Clear CT: 0.7 ms]
   [Other: 4.6 ms]
      [Choose CSet: 0.0 ms]
      [Ref Proc: 4.0 ms]
      [Ref Enq: 0.1 ms]
      [Redirty Cards: 0.1 ms]
      [Humongous Register: 0.1 ms]
      [Humongous Reclaim: 0.0 ms]
      [Free CSet: 0.3 ms]
   [Eden: 7152.0M(7152.0M)->0.0B(7152.0M) Survivors: 16384.0K->16384.0K Heap: 10545.1M(14336.0M)->3393.1M(14336.0M)]
 [Times: user=0.06 sys=0.00, real=0.02 secs] 
2022-08-02T08:44:54.213-0700: 992065.718: [GC pause (G1 Evacuation Pause) (young), 0.0107368 secs]
   [Parallel Time: 5.7 ms, GC Workers: 8]
      [GC Worker Start (ms): Min: 992065718.2, Avg: 992065718.3, Max: 992065718.3, Diff: 0.1]
      [Ext Root Scanning (ms): Min: 1.2, Avg: 1.9, Max: 5.5, Diff: 4.3, Sum: 15.6]
      [Update RS (ms): Min: 0.0, Avg: 0.4, Max: 0.7, Diff: 0.7, Sum: 2.9]
         [Processed Buffers: Min: 0, Avg: 20.5, Max: 62, Diff: 62, Sum: 164]
      [Scan RS (ms): Min: 0.0, Avg: 0.1, Max: 0.2, Diff: 0.2, Sum: 0.7]
      [Code Root Scanning (ms): Min: 0.0, Avg: 0.0, Max: 0.0, Diff: 0.0, Sum: 0.0]
      [Object Copy (ms): Min: 0.0, Avg: 0.5, Max: 0.7, Diff: 0.7, Sum: 4.1]
      [Termination (ms): Min: 0.0, Avg: 2.6, Max: 2.9, Diff: 2.9, Sum: 20.5]
         [Termination Attempts: Min: 1, Avg: 1.4, Max: 3, Diff: 2, Sum: 11]
      [GC Worker Other (ms): Min: 0.0, Avg: 0.0, Max: 0.0, Diff: 0.0, Sum: 0.2]
      [GC Worker Total (ms): Min: 5.4, Avg: 5.5, Max: 5.5, Diff: 0.1, Sum: 43.9]
      [GC Worker End (ms): Min: 992065723.8, Avg: 992065723.8, Max: 992065723.8, Diff: 0.0]
   [Code Root Fixup: 0.0 ms]
   [Code Root Purge: 0.0 ms]
   [Clear CT: 0.6 ms]
   [Other: 4.4 ms]
      [Choose CSet: 0.0 ms]
      [Ref Proc: 3.7 ms]
      [Ref Enq: 0.1 ms]
      [Redirty Cards: 0.1 ms]
      [Humongous Register: 0.0 ms]
      [Humongous Reclaim: 0.0 ms]
      [Free CSet: 0.3 ms]
   [Eden: 7152.0M(7152.0M)->0.0B(7152.0M) Survivors: 16384.0K->16384.0K Heap: 10545.1M(14336.0M)->3393.2M(14336.0M)]
 [Times: user=0.05 sys=0.00, real=0.02 secs] 
2022-08-02T09:01:33.013-0700: 993064.518: [GC pause (G1 Evacuation Pause) (young) (initial-mark), 0.0146399 secs]
   [Parallel Time: 9.2 ms, GC Workers: 8]
      [GC Worker Start (ms): Min: 993064520.2, Avg: 993064520.3, Max: 993064520.4, Diff: 0.1]
      [Ext Root Scanning (ms): Min: 6.0, Avg: 6.2, Max: 6.5, Diff: 0.6, Sum: 49.8]
      [Update RS (ms): Min: 0.2, Avg: 0.3, Max: 0.5, Diff: 0.3, Sum: 2.3]
         [Processed Buffers: Min: 1, Avg: 19.2, Max: 55, Diff: 54, Sum: 154]
      [Scan RS (ms): Min: 0.0, Avg: 0.1, Max: 0.1, Diff: 0.1, Sum: 0.5]
      [Code Root Scanning (ms): Min: 0.0, Avg: 0.0, Max: 0.0, Diff: 0.0, Sum: 0.0]
      [Object Copy (ms): Min: 0.2, Avg: 0.5, Max: 0.8, Diff: 0.6, Sum: 4.2]
      [Termination (ms): Min: 0.0, Avg: 0.0, Max: 0.0, Diff: 0.0, Sum: 0.2]
         [Termination Attempts: Min: 1, Avg: 2.1, Max: 4, Diff: 3, Sum: 17]
      [GC Worker Other (ms): Min: 0.0, Avg: 0.0, Max: 0.1, Diff: 0.1, Sum: 0.3]
      [GC Worker Total (ms): Min: 7.1, Avg: 7.2, Max: 7.2, Diff: 0.1, Sum: 57.2]
      [GC Worker End (ms): Min: 993064527.4, Avg: 993064527.4, Max: 993064527.5, Diff: 0.1]
   [Code Root Fixup: 0.0 ms]
   [Code Root Purge: 0.0 ms]
   [Clear CT: 0.7 ms]
   [Other: 4.7 ms]
      [Choose CSet: 0.0 ms]
      [Ref Proc: 3.9 ms]
      [Ref Enq: 0.1 ms]
      [Redirty Cards: 0.1 ms]
      [Humongous Register: 0.0 ms]
      [Humongous Reclaim: 0.0 ms]
      [Free CSet: 0.3 ms]
   [Eden: 7152.0M(7152.0M)->0.0B(7152.0M) Survivors: 16384.0K->16384.0K Heap: 10545.2M(14336.0M)->3393.1M(14336.0M)]
 [Times: user=0.06 sys=0.01, real=0.02 secs] 
2022-08-02T09:01:33.028-0700: 993064.533: [GC concurrent-root-region-scan-start]
2022-08-02T09:01:33.034-0700: 993064.539: [GC concurrent-root-region-scan-end, 0.0056796 secs]
2022-08-02T09:01:33.034-0700: 993064.539: [GC concurrent-mark-start]
2022-08-02T09:01:35.525-0700: 993067.030: [GC concurrent-mark-end, 2.4915383 secs]
2022-08-02T09:01:35.526-0700: 993067.031: [GC remark 2022-08-02T09:01:35.526-0700: 993067.031: [Finalize Marking, 0.0004522 secs] 2022-08-02T09:01:35.526-0700: 993067.031: [GC ref-proc, 0.0087748 secs] 2022-08-02T09:01:35.535-0700: 993067.040: [Unloading, 0.0283507 secs], 0.0431597 secs]
 [Times: user=0.26 sys=0.00, real=0.04 secs] 
2022-08-02T09:01:35.569-0700: 993067.074: [GC cleanup 3469M->3469M(14336M), 0.0088215 secs]
 [Times: user=0.06 sys=0.00, real=0.01 secs] 
2022-08-02T09:18:00.662-0700: 994052.167: [GC pause (G1 Evacuation Pause) (young), 0.0084771 secs]
   [Parallel Time: 5.7 ms, GC Workers: 8]
      [GC Worker Start (ms): Min: 994052166.7, Avg: 994052166.7, Max: 994052166.8, Diff: 0.1]
      [Ext Root Scanning (ms): Min: 1.2, Avg: 1.9, Max: 5.5, Diff: 4.3, Sum: 15.2]
      [Update RS (ms): Min: 0.0, Avg: 0.4, Max: 0.8, Diff: 0.8, Sum: 2.9]
         [Processed Buffers: Min: 0, Avg: 21.9, Max: 46, Diff: 46, Sum: 175]
      [Scan RS (ms): Min: 0.0, Avg: 0.1, Max: 0.2, Diff: 0.1, Sum: 0.6]
      [Code Root Scanning (ms): Min: 0.0, Avg: 0.0, Max: 0.0, Diff: 0.0, Sum: 0.0]
      [Object Copy (ms): Min: 0.0, Avg: 0.5, Max: 0.8, Diff: 0.8, Sum: 4.3]
      [Termination (ms): Min: 0.0, Avg: 2.6, Max: 3.0, Diff: 3.0, Sum: 21.0]
         [Termination Attempts: Min: 1, Avg: 2.1, Max: 3, Diff: 2, Sum: 17]
      [GC Worker Other (ms): Min: 0.0, Avg: 0.0, Max: 0.1, Diff: 0.0, Sum: 0.2]
      [GC Worker Total (ms): Min: 5.5, Avg: 5.5, Max: 5.6, Diff: 0.1, Sum: 44.2]
      [GC Worker End (ms): Min: 994052172.2, Avg: 994052172.2, Max: 994052172.3, Diff: 0.0]
   [Code Root Fixup: 0.0 ms]
   [Code Root Purge: 0.0 ms]
   [Clear CT: 0.6 ms]
   [Other: 2.2 ms]
      [Choose CSet: 0.0 ms]
      [Ref Proc: 1.6 ms]
      [Ref Enq: 0.1 ms]
      [Redirty Cards: 0.1 ms]
      [Humongous Register: 0.1 ms]
      [Humongous Reclaim: 0.0 ms]
      [Free CSet: 0.3 ms]
   [Eden: 7152.0M(7152.0M)->0.0B(7152.0M) Survivors: 16384.0K->16384.0K Heap: 10545.1M(14336.0M)->3393.2M(14336.0M)]
 [Times: user=0.06 sys=0.00, real=0.01 secs] 
2022-08-02T09:34:40.563-0700: 995052.068: [GC pause (G1 Evacuation Pause) (young), 0.0119915 secs]
   [Parallel Time: 6.2 ms, GC Workers: 8]
      [GC Worker Start (ms): Min: 995052067.8, Avg: 995052067.9, Max: 995052068.0, Diff: 0.2]
      [Ext Root Scanning (ms): Min: 1.1, Avg: 1.9, Max: 5.8, Diff: 4.6, Sum: 15.4]
      [Update RS (ms): Min: 0.0, Avg: 0.4, Max: 0.7, Diff: 0.7, Sum: 3.1]
         [Processed Buffers: Min: 0, Avg: 22.5, Max: 57, Diff: 57, Sum: 180]
      [Scan RS (ms): Min: 0.0, Avg: 0.1, Max: 0.2, Diff: 0.1, Sum: 0.7]
      [Code Root Scanning (ms): Min: 0.0, Avg: 0.0, Max: 0.0, Diff: 0.0, Sum: 0.0]
      [Object Copy (ms): Min: 0.0, Avg: 0.5, Max: 0.7, Diff: 0.7, Sum: 3.9]
      [Termination (ms): Min: 0.0, Avg: 2.8, Max: 3.2, Diff: 3.2, Sum: 22.4]
         [Termination Attempts: Min: 1, Avg: 4.0, Max: 6, Diff: 5, Sum: 32]
      [GC Worker Other (ms): Min: 0.0, Avg: 0.0, Max: 0.0, Diff: 0.0, Sum: 0.1]
      [GC Worker Total (ms): Min: 5.6, Avg: 5.7, Max: 5.8, Diff: 0.2, Sum: 45.7]
      [GC Worker End (ms): Min: 995052073.6, Avg: 995052073.6, Max: 995052073.6, Diff: 0.0]
   [Code Root Fixup: 0.0 ms]
   [Code Root Purge: 0.0 ms]
   [Clear CT: 0.6 ms]
   [Other: 5.2 ms]
      [Choose CSet: 0.0 ms]
      [Ref Proc: 4.5 ms]
      [Ref Enq: 0.1 ms]
      [Redirty Cards: 0.1 ms]
      [Humongous Register: 0.1 ms]
      [Humongous Reclaim: 0.0 ms]
      [Free CSet: 0.3 ms]
   [Eden: 7152.0M(7152.0M)->0.0B(7152.0M) Survivors: 16384.0K->16384.0K Heap: 10545.2M(14336.0M)->3393.3M(14336.0M)]
 [Times: user=0.06 sys=0.01, real=0.01 secs] 
2022-08-02T09:51:17.264-0700: 996048.768: [GC pause (G1 Evacuation Pause) (young) (initial-mark), 0.0149129 secs]
   [Parallel Time: 9.3 ms, GC Workers: 8]
      [GC Worker Start (ms): Min: 996048770.4, Avg: 996048770.4, Max: 996048770.5, Diff: 0.1]
      [Ext Root Scanning (ms): Min: 6.2, Avg: 6.4, Max: 6.6, Diff: 0.4, Sum: 50.8]
      [Update RS (ms): Min: 0.1, Avg: 0.3, Max: 0.5, Diff: 0.4, Sum: 2.4]
         [Processed Buffers: Min: 1, Avg: 21.9, Max: 66, Diff: 65, Sum: 175]
      [Scan RS (ms): Min: 0.0, Avg: 0.1, Max: 0.1, Diff: 0.1, Sum: 0.5]
      [Code Root Scanning (ms): Min: 0.0, Avg: 0.0, Max: 0.0, Diff: 0.0, Sum: 0.0]
      [Object Copy (ms): Min: 0.1, Avg: 0.5, Max: 0.7, Diff: 0.6, Sum: 3.9]
      [Termination (ms): Min: 0.0, Avg: 0.0, Max: 0.0, Diff: 0.0, Sum: 0.0]
         [Termination Attempts: Min: 1, Avg: 1.9, Max: 3, Diff: 2, Sum: 15]
      [GC Worker Other (ms): Min: 0.0, Avg: 0.0, Max: 0.1, Diff: 0.1, Sum: 0.3]
      [GC Worker Total (ms): Min: 7.2, Avg: 7.2, Max: 7.3, Diff: 0.1, Sum: 58.0]
      [GC Worker End (ms): Min: 996048777.6, Avg: 996048777.7, Max: 996048777.7, Diff: 0.1]
   [Code Root Fixup: 0.0 ms]
   [Code Root Purge: 0.0 ms]
   [Clear CT: 0.7 ms]
   [Other: 4.9 ms]
      [Choose CSet: 0.0 ms]
      [Ref Proc: 4.1 ms]
      [Ref Enq: 0.1 ms]
      [Redirty Cards: 0.1 ms]
      [Humongous Register: 0.0 ms]
      [Humongous Reclaim: 0.0 ms]
      [Free CSet: 0.3 ms]
   [Eden: 7152.0M(7152.0M)->0.0B(7152.0M) Survivors: 16384.0K->16384.0K Heap: 10545.3M(14336.0M)->3393.2M(14336.0M)]
 [Times: user=0.05 sys=0.00, real=0.01 secs] 
2022-08-02T09:51:17.279-0700: 996048.784: [GC concurrent-root-region-scan-start]
2022-08-02T09:51:17.284-0700: 996048.788: [GC concurrent-root-region-scan-end, 0.0047129 secs]
2022-08-02T09:51:17.284-0700: 996048.788: [GC concurrent-mark-start]
2022-08-02T09:51:19.762-0700: 996051.267: [GC concurrent-mark-end, 2.4784872 secs]
2022-08-02T09:51:19.762-0700: 996051.267: [GC remark 2022-08-02T09:51:19.762-0700: 996051.267: [Finalize Marking, 0.0002498 secs] 2022-08-02T09:51:19.763-0700: 996051.267: [GC ref-proc, 0.0078065 secs] 2022-08-02T09:51:19.771-0700: 996051.275: [Unloading, 0.0288059 secs], 0.0421653 secs]
 [Times: user=0.27 sys=0.00, real=0.05 secs] 
2022-08-02T09:51:19.805-0700: 996051.310: [GC cleanup 3457M->3457M(14336M), 0.0080872 secs]
 [Times: user=0.06 sys=0.00, real=0.00 secs] 
2022-08-02T10:07:56.211-0700: 997047.716: [GC pause (G1 Evacuation Pause) (young), 0.0115940 secs]
   [Parallel Time: 6.2 ms, GC Workers: 8]
      [GC Worker Start (ms): Min: 997047716.0, Avg: 997047716.1, Max: 997047716.2, Diff: 0.1]
      [Ext Root Scanning (ms): Min: 1.4, Avg: 2.1, Max: 5.8, Diff: 4.4, Sum: 17.1]
      [Update RS (ms): Min: 0.0, Avg: 0.4, Max: 0.8, Diff: 0.8, Sum: 3.3]
         [Processed Buffers: Min: 0, Avg: 21.6, Max: 61, Diff: 61, Sum: 173]
      [Scan RS (ms): Min: 0.0, Avg: 0.1, Max: 0.2, Diff: 0.2, Sum: 0.7]
      [Code Root Scanning (ms): Min: 0.0, Avg: 0.0, Max: 0.0, Diff: 0.0, Sum: 0.0]
      [Object Copy (ms): Min: 0.0, Avg: 0.5, Max: 0.8, Diff: 0.8, Sum: 4.1]
      [Termination (ms): Min: 0.0, Avg: 2.6, Max: 3.0, Diff: 3.0, Sum: 21.0]
         [Termination Attempts: Min: 1, Avg: 2.4, Max: 4, Diff: 3, Sum: 19]
      [GC Worker Other (ms): Min: 0.0, Avg: 0.0, Max: 0.1, Diff: 0.0, Sum: 0.3]
      [GC Worker Total (ms): Min: 5.7, Avg: 5.8, Max: 5.9, Diff: 0.1, Sum: 46.5]
      [GC Worker End (ms): Min: 997047721.9, Avg: 997047721.9, Max: 997047721.9, Diff: 0.0]
   [Code Root Fixup: 0.0 ms]
   [Code Root Purge: 0.0 ms]
   [Clear CT: 0.6 ms]
   [Other: 4.8 ms]
      [Choose CSet: 0.0 ms]
      [Ref Proc: 4.1 ms]
      [Ref Enq: 0.1 ms]
      [Redirty Cards: 0.1 ms]
      [Humongous Register: 0.1 ms]
      [Humongous Reclaim: 0.0 ms]
      [Free CSet: 0.3 ms]
   [Eden: 7152.0M(7152.0M)->0.0B(7152.0M) Survivors: 16384.0K->16384.0K Heap: 10545.2M(14336.0M)->3393.2M(14336.0M)]
 [Times: user=0.05 sys=0.01, real=0.02 secs] 
2022-08-02T10:24:25.813-0700: 998037.317: [GC pause (G1 Evacuation Pause) (young), 0.0089374 secs]
   [Parallel Time: 6.2 ms, GC Workers: 8]
      [GC Worker Start (ms): Min: 998037317.6, Avg: 998037317.6, Max: 998037317.7, Diff: 0.1]
      [Ext Root Scanning (ms): Min: 1.2, Avg: 2.0, Max: 6.1, Diff: 4.8, Sum: 16.0]
      [Update RS (ms): Min: 0.0, Avg: 0.4, Max: 0.8, Diff: 0.8, Sum: 3.0]
         [Processed Buffers: Min: 0, Avg: 20.6, Max: 54, Diff: 54, Sum: 165]
      [Scan RS (ms): Min: 0.0, Avg: 0.1, Max: 0.1, Diff: 0.1, Sum: 0.6]
      [Code Root Scanning (ms): Min: 0.0, Avg: 0.0, Max: 0.0, Diff: 0.0, Sum: 0.0]
      [Object Copy (ms): Min: 0.0, Avg: 0.5, Max: 0.7, Diff: 0.7, Sum: 4.2]
      [Termination (ms): Min: 0.0, Avg: 3.1, Max: 3.5, Diff: 3.5, Sum: 24.6]
         [Termination Attempts: Min: 1, Avg: 1.1, Max: 2, Diff: 1, Sum: 9]
      [GC Worker Other (ms): Min: 0.0, Avg: 0.0, Max: 0.0, Diff: 0.0, Sum: 0.1]
      [GC Worker Total (ms): Min: 6.0, Avg: 6.1, Max: 6.1, Diff: 0.1, Sum: 48.6]
      [GC Worker End (ms): Min: 998037323.7, Avg: 998037323.7, Max: 998037323.7, Diff: 0.0]
   [Code Root Fixup: 0.0 ms]
   [Code Root Purge: 0.0 ms]
   [Clear CT: 0.6 ms]
   [Other: 2.2 ms]
      [Choose CSet: 0.0 ms]
      [Ref Proc: 1.5 ms]
      [Ref Enq: 0.1 ms]
      [Redirty Cards: 0.1 ms]
      [Humongous Register: 0.1 ms]
      [Humongous Reclaim: 0.0 ms]
      [Free CSet: 0.3 ms]
   [Eden: 7152.0M(7152.0M)->0.0B(7152.0M) Survivors: 16384.0K->16384.0K Heap: 10545.2M(14336.0M)->3393.2M(14336.0M)]
 [Times: user=0.06 sys=0.00, real=0.01 secs] 
2022-08-02T10:40:57.312-0700: 999028.816: [GC pause (G1 Evacuation Pause) (young) (initial-mark), 0.0156386 secs]
   [Parallel Time: 10.1 ms, GC Workers: 8]
      [GC Worker Start (ms): Min: 999028818.7, Avg: 999028818.8, Max: 999028818.8, Diff: 0.1]
      [Ext Root Scanning (ms): Min: 6.6, Avg: 6.8, Max: 7.0, Diff: 0.4, Sum: 54.2]
      [Update RS (ms): Min: 0.2, Avg: 0.3, Max: 0.6, Diff: 0.4, Sum: 2.6]
         [Processed Buffers: Min: 1, Avg: 23.9, Max: 72, Diff: 71, Sum: 191]
      [Scan RS (ms): Min: 0.0, Avg: 0.1, Max: 0.1, Diff: 0.1, Sum: 0.5]
      [Code Root Scanning (ms): Min: 0.0, Avg: 0.0, Max: 0.0, Diff: 0.0, Sum: 0.0]
      [Object Copy (ms): Min: 0.3, Avg: 0.5, Max: 0.8, Diff: 0.6, Sum: 4.4]
      [Termination (ms): Min: 0.0, Avg: 0.0, Max: 0.0, Diff: 0.0, Sum: 0.1]
         [Termination Attempts: Min: 1, Avg: 5.6, Max: 10, Diff: 9, Sum: 45]
      [GC Worker Other (ms): Min: 0.0, Avg: 0.0, Max: 0.1, Diff: 0.1, Sum: 0.3]
      [GC Worker Total (ms): Min: 7.7, Avg: 7.8, Max: 7.9, Diff: 0.2, Sum: 62.2]
      [GC Worker End (ms): Min: 999028826.5, Avg: 999028826.5, Max: 999028826.6, Diff: 0.1]
   [Code Root Fixup: 0.0 ms]
   [Code Root Purge: 0.0 ms]
   [Clear CT: 0.7 ms]
   [Other: 4.9 ms]
      [Choose CSet: 0.0 ms]
      [Ref Proc: 4.2 ms]
      [Ref Enq: 0.1 ms]
      [Redirty Cards: 0.1 ms]
      [Humongous Register: 0.0 ms]
      [Humongous Reclaim: 0.0 ms]
      [Free CSet: 0.3 ms]
   [Eden: 7152.0M(7152.0M)->0.0B(7152.0M) Survivors: 16384.0K->16384.0K Heap: 10545.2M(14336.0M)->3393.3M(14336.0M)]
 [Times: user=0.06 sys=0.00, real=0.02 secs] 
2022-08-02T10:40:57.328-0700: 999028.832: [GC concurrent-root-region-scan-start]
2022-08-02T10:40:57.332-0700: 999028.837: [GC concurrent-root-region-scan-end, 0.0049669 secs]
2022-08-02T10:40:57.332-0700: 999028.837: [GC concurrent-mark-start]
2022-08-02T10:40:59.842-0700: 999031.347: [GC concurrent-mark-end, 2.5096709 secs]
2022-08-02T10:40:59.843-0700: 999031.347: [GC remark 2022-08-02T10:40:59.843-0700: 999031.348: [Finalize Marking, 0.0005672 secs] 2022-08-02T10:40:59.848-0700: 999031.352: [GC ref-proc, 0.0094295 secs] 2022-08-02T10:40:59.857-0700: 999031.362: [Unloading, 0.0282329 secs], 0.0479203 secs]
 [Times: user=0.26 sys=0.00, real=0.04 secs] 
2022-08-02T10:40:59.891-0700: 999031.396: [GC cleanup 3465M->3465M(14336M), 0.0082009 secs]
 [Times: user=0.06 sys=0.00, real=0.01 secs] 
2022-08-02T10:57:43.363-0700: 1000034.867: [GC pause (G1 Evacuation Pause) (young), 0.0105633 secs]
   [Parallel Time: 5.6 ms, GC Workers: 8]
      [GC Worker Start (ms): Min: 1000034867.5, Avg: 1000034867.6, Max: 1000034867.7, Diff: 0.2]
      [Ext Root Scanning (ms): Min: 1.2, Avg: 1.9, Max: 5.4, Diff: 4.2, Sum: 14.9]
      [Update RS (ms): Min: 0.0, Avg: 0.4, Max: 0.7, Diff: 0.7, Sum: 3.0]
         [Processed Buffers: Min: 0, Avg: 20.1, Max: 59, Diff: 59, Sum: 161]
      [Scan RS (ms): Min: 0.0, Avg: 0.1, Max: 0.1, Diff: 0.1, Sum: 0.6]
      [Code Root Scanning (ms): Min: 0.0, Avg: 0.0, Max: 0.0, Diff: 0.0, Sum: 0.0]
      [Object Copy (ms): Min: 0.0, Avg: 0.5, Max: 0.7, Diff: 0.7, Sum: 4.0]
      [Termination (ms): Min: 0.0, Avg: 2.5, Max: 2.9, Diff: 2.9, Sum: 20.0]
         [Termination Attempts: Min: 1, Avg: 1.1, Max: 2, Diff: 1, Sum: 9]
      [GC Worker Other (ms): Min: 0.0, Avg: 0.0, Max: 0.0, Diff: 0.0, Sum: 0.2]
      [GC Worker Total (ms): Min: 5.3, Avg: 5.3, Max: 5.4, Diff: 0.2, Sum: 42.8]
      [GC Worker End (ms): Min: 1000034872.9, Avg: 1000034873.0, Max: 1000034873.0, Diff: 0.0]
   [Code Root Fixup: 0.0 ms]
   [Code Root Purge: 0.0 ms]
   [Clear CT: 0.6 ms]
   [Other: 4.3 ms]
      [Choose CSet: 0.0 ms]
      [Ref Proc: 3.5 ms]
      [Ref Enq: 0.1 ms]
      [Redirty Cards: 0.1 ms]
      [Humongous Register: 0.1 ms]
      [Humongous Reclaim: 0.0 ms]
      [Free CSet: 0.3 ms]
   [Eden: 7152.0M(7152.0M)->0.0B(7152.0M) Survivors: 16384.0K->16384.0K Heap: 10545.3M(14336.0M)->3393.2M(14336.0M)]
 [Times: user=0.06 sys=0.00, real=0.01 secs] 
2022-08-02T11:14:21.260-0700: 1001032.765: [GC pause (G1 Evacuation Pause) (young), 0.0114791 secs]
   [Parallel Time: 6.2 ms, GC Workers: 8]
      [GC Worker Start (ms): Min: 1001032765.2, Avg: 1001032765.3, Max: 1001032765.4, Diff: 0.2]
      [Ext Root Scanning (ms): Min: 1.2, Avg: 2.0, Max: 5.9, Diff: 4.7, Sum: 15.7]
      [Update RS (ms): Min: 0.0, Avg: 0.4, Max: 0.7, Diff: 0.7, Sum: 3.1]
         [Processed Buffers: Min: 0, Avg: 20.9, Max: 48, Diff: 48, Sum: 167]
      [Scan RS (ms): Min: 0.0, Avg: 0.1, Max: 0.2, Diff: 0.1, Sum: 0.6]
      [Code Root Scanning (ms): Min: 0.0, Avg: 0.0, Max: 0.0, Diff: 0.0, Sum: 0.0]
      [Object Copy (ms): Min: 0.0, Avg: 0.5, Max: 0.7, Diff: 0.7, Sum: 4.0]
      [Termination (ms): Min: 0.0, Avg: 2.9, Max: 3.4, Diff: 3.4, Sum: 23.5]
         [Termination Attempts: Min: 1, Avg: 1.2, Max: 2, Diff: 1, Sum: 10]
      [GC Worker Other (ms): Min: 0.0, Avg: 0.0, Max: 0.0, Diff: 0.0, Sum: 0.2]
      [GC Worker Total (ms): Min: 5.8, Avg: 5.9, Max: 6.0, Diff: 0.2, Sum: 47.1]
      [GC Worker End (ms): Min: 1001032771.2, Avg: 1001032771.2, Max: 1001032771.2, Diff: 0.0]
   [Code Root Fixup: 0.0 ms]
   [Code Root Purge: 0.0 ms]
   [Clear CT: 0.6 ms]
   [Other: 4.7 ms]
      [Choose CSet: 0.0 ms]
      [Ref Proc: 4.0 ms]
      [Ref Enq: 0.1 ms]
      [Redirty Cards: 0.1 ms]
      [Humongous Register: 0.1 ms]
      [Humongous Reclaim: 0.0 ms]
      [Free CSet: 0.3 ms]
   [Eden: 7152.0M(7152.0M)->0.0B(7152.0M) Survivors: 16384.0K->16384.0K Heap: 10545.2M(14336.0M)->3393.2M(14336.0M)]
 [Times: user=0.05 sys=0.01, real=0.01 secs] 
2022-08-02T11:31:10.362-0700: 1002041.866: [GC pause (G1 Evacuation Pause) (young) (initial-mark), 0.0153934 secs]
   [Parallel Time: 9.9 ms, GC Workers: 8]
      [GC Worker Start (ms): Min: 1002041868.7, Avg: 1002041868.7, Max: 1002041868.8, Diff: 0.2]
      [Ext Root Scanning (ms): Min: 6.4, Avg: 6.6, Max: 6.9, Diff: 0.6, Sum: 52.7]
      [Update RS (ms): Min: 0.2, Avg: 0.3, Max: 0.5, Diff: 0.3, Sum: 2.1]
         [Processed Buffers: Min: 1, Avg: 20.6, Max: 65, Diff: 64, Sum: 165]
      [Scan RS (ms): Min: 0.0, Avg: 0.1, Max: 0.1, Diff: 0.1, Sum: 0.5]
      [Code Root Scanning (ms): Min: 0.0, Avg: 0.0, Max: 0.0, Diff: 0.0, Sum: 0.0]
      [Object Copy (ms): Min: 0.2, Avg: 0.5, Max: 0.7, Diff: 0.5, Sum: 3.9]
      [Termination (ms): Min: 0.0, Avg: 0.0, Max: 0.0, Diff: 0.0, Sum: 0.2]
         [Termination Attempts: Min: 1, Avg: 1.6, Max: 2, Diff: 1, Sum: 13]
      [GC Worker Other (ms): Min: 0.0, Avg: 0.1, Max: 0.2, Diff: 0.1, Sum: 0.4]
      [GC Worker Total (ms): Min: 7.4, Avg: 7.5, Max: 7.6, Diff: 0.2, Sum: 59.8]
      [GC Worker End (ms): Min: 1002041876.2, Avg: 1002041876.2, Max: 1002041876.3, Diff: 0.1]
   [Code Root Fixup: 0.0 ms]
   [Code Root Purge: 0.0 ms]
   [Clear CT: 0.7 ms]
   [Other: 4.8 ms]
      [Choose CSet: 0.0 ms]
      [Ref Proc: 4.0 ms]
      [Ref Enq: 0.1 ms]
      [Redirty Cards: 0.1 ms]
      [Humongous Register: 0.0 ms]
      [Humongous Reclaim: 0.0 ms]
      [Free CSet: 0.3 ms]
   [Eden: 7152.0M(7152.0M)->0.0B(7152.0M) Survivors: 16384.0K->16384.0K Heap: 10545.2M(14336.0M)->3393.3M(14336.0M)]
 [Times: user=0.06 sys=0.00, real=0.02 secs] 
2022-08-02T11:31:10.377-0700: 1002041.882: [GC concurrent-root-region-scan-start]
2022-08-02T11:31:10.382-0700: 1002041.887: [GC concurrent-root-region-scan-end, 0.0047059 secs]
2022-08-02T11:31:10.382-0700: 1002041.887: [GC concurrent-mark-start]
2022-08-02T11:31:12.873-0700: 1002044.378: [GC concurrent-mark-end, 2.4915052 secs]
2022-08-02T11:31:12.874-0700: 1002044.379: [GC remark 2022-08-02T11:31:12.874-0700: 1002044.379: [Finalize Marking, 0.0003261 secs] 2022-08-02T11:31:12.874-0700: 1002044.379: [GC ref-proc, 0.0100122 secs] 2022-08-02T11:31:12.884-0700: 1002044.389: [Unloading, 0.0276098 secs], 0.0435671 secs]
 [Times: user=0.26 sys=0.00, real=0.05 secs] 
2022-08-02T11:31:12.918-0700: 1002044.422: [GC cleanup 3465M->3465M(14336M), 0.0085469 secs]
 [Times: user=0.06 sys=0.00, real=0.01 secs] 
2022-08-02T11:47:45.814-0700: 1003037.319: [GC pause (G1 Evacuation Pause) (young), 0.0111409 secs]
   [Parallel Time: 5.6 ms, GC Workers: 8]
      [GC Worker Start (ms): Min: 1003037318.9, Avg: 1003037319.1, Max: 1003037319.2, Diff: 0.2]
      [Ext Root Scanning (ms): Min: 1.2, Avg: 1.9, Max: 5.3, Diff: 4.1, Sum: 15.0]
      [Update RS (ms): Min: 0.0, Avg: 0.4, Max: 0.7, Diff: 0.7, Sum: 3.0]
         [Processed Buffers: Min: 0, Avg: 22.0, Max: 52, Diff: 52, Sum: 176]
      [Scan RS (ms): Min: 0.0, Avg: 0.1, Max: 0.2, Diff: 0.2, Sum: 0.7]
      [Code Root Scanning (ms): Min: 0.0, Avg: 0.0, Max: 0.0, Diff: 0.0, Sum: 0.0]
      [Object Copy (ms): Min: 0.0, Avg: 0.5, Max: 0.7, Diff: 0.7, Sum: 4.0]
      [Termination (ms): Min: 0.0, Avg: 2.4, Max: 2.8, Diff: 2.8, Sum: 19.2]
         [Termination Attempts: Min: 1, Avg: 4.9, Max: 7, Diff: 6, Sum: 39]
      [GC Worker Other (ms): Min: 0.0, Avg: 0.0, Max: 0.0, Diff: 0.0, Sum: 0.1]
      [GC Worker Total (ms): Min: 5.2, Avg: 5.3, Max: 5.4, Diff: 0.2, Sum: 42.1]
      [GC Worker End (ms): Min: 1003037324.3, Avg: 1003037324.3, Max: 1003037324.3, Diff: 0.0]
   [Code Root Fixup: 0.0 ms]
   [Code Root Purge: 0.0 ms]
   [Clear CT: 0.7 ms]
   [Other: 4.9 ms]
      [Choose CSet: 0.0 ms]
      [Ref Proc: 4.2 ms]
      [Ref Enq: 0.1 ms]
      [Redirty Cards: 0.1 ms]
      [Humongous Register: 0.1 ms]
      [Humongous Reclaim: 0.0 ms]
      [Free CSet: 0.3 ms]
   [Eden: 7152.0M(7152.0M)->0.0B(7152.0M) Survivors: 16384.0K->16384.0K Heap: 10545.3M(14336.0M)->3393.1M(14336.0M)]
 [Times: user=0.05 sys=0.00, real=0.02 secs] 
2022-08-02T12:04:18.763-0700: 1004030.268: [GC pause (G1 Evacuation Pause) (young), 0.0105323 secs]
   [Parallel Time: 6.1 ms, GC Workers: 8]
      [GC Worker Start (ms): Min: 1004030267.9, Avg: 1004030267.9, Max: 1004030268.0, Diff: 0.2]
      [Ext Root Scanning (ms): Min: 1.2, Avg: 2.0, Max: 5.7, Diff: 4.5, Sum: 15.8]
      [Update RS (ms): Min: 0.0, Avg: 0.4, Max: 0.7, Diff: 0.7, Sum: 2.9]
         [Processed Buffers: Min: 0, Avg: 20.9, Max: 51, Diff: 51, Sum: 167]
      [Scan RS (ms): Min: 0.0, Avg: 0.1, Max: 0.2, Diff: 0.1, Sum: 0.6]
      [Code Root Scanning (ms): Min: 0.0, Avg: 0.0, Max: 0.0, Diff: 0.0, Sum: 0.0]
      [Object Copy (ms): Min: 0.0, Avg: 0.5, Max: 0.8, Diff: 0.8, Sum: 4.2]
      [Termination (ms): Min: 0.0, Avg: 2.7, Max: 3.2, Diff: 3.2, Sum: 21.9]
         [Termination Attempts: Min: 1, Avg: 2.6, Max: 4, Diff: 3, Sum: 21]
      [GC Worker Other (ms): Min: 0.0, Avg: 0.0, Max: 0.1, Diff: 0.0, Sum: 0.2]
      [GC Worker Total (ms): Min: 5.6, Avg: 5.7, Max: 5.8, Diff: 0.2, Sum: 45.7]
      [GC Worker End (ms): Min: 1004030273.6, Avg: 1004030273.7, Max: 1004030273.7, Diff: 0.0]
   [Code Root Fixup: 0.0 ms]
   [Code Root Purge: 0.0 ms]
   [Clear CT: 0.6 ms]
   [Other: 3.9 ms]
      [Choose CSet: 0.0 ms]
      [Ref Proc: 3.2 ms]
      [Ref Enq: 0.1 ms]
      [Redirty Cards: 0.1 ms]
      [Humongous Register: 0.1 ms]
      [Humongous Reclaim: 0.0 ms]
      [Free CSet: 0.3 ms]
   [Eden: 7152.0M(7152.0M)->0.0B(7152.0M) Survivors: 16384.0K->16384.0K Heap: 10545.1M(14336.0M)->3393.2M(14336.0M)]
 [Times: user=0.05 sys=0.00, real=0.00 secs] 
2022-08-02T12:20:51.112-0700: 1005022.617: [GC pause (G1 Evacuation Pause) (young) (initial-mark), 0.0156826 secs]
   [Parallel Time: 10.1 ms, GC Workers: 8]
      [GC Worker Start (ms): Min: 1005022618.9, Avg: 1005022619.0, Max: 1005022619.1, Diff: 0.2]
      [Ext Root Scanning (ms): Min: 6.5, Avg: 6.7, Max: 7.1, Diff: 0.5, Sum: 53.7]
      [Update RS (ms): Min: 0.2, Avg: 0.4, Max: 0.8, Diff: 0.6, Sum: 3.1]
         [Processed Buffers: Min: 1, Avg: 21.1, Max: 72, Diff: 71, Sum: 169]
      [Scan RS (ms): Min: 0.0, Avg: 0.1, Max: 0.1, Diff: 0.1, Sum: 0.5]
      [Code Root Scanning (ms): Min: 0.0, Avg: 0.0, Max: 0.0, Diff: 0.0, Sum: 0.0]
      [Object Copy (ms): Min: 0.3, Avg: 0.5, Max: 0.8, Diff: 0.5, Sum: 4.4]
      [Termination (ms): Min: 0.0, Avg: 0.1, Max: 0.2, Diff: 0.2, Sum: 1.0]
         [Termination Attempts: Min: 1, Avg: 8.4, Max: 13, Diff: 12, Sum: 67]
      [GC Worker Other (ms): Min: 0.0, Avg: 0.0, Max: 0.1, Diff: 0.1, Sum: 0.2]
      [GC Worker Total (ms): Min: 7.8, Avg: 7.9, Max: 7.9, Diff: 0.1, Sum: 63.0]
      [GC Worker End (ms): Min: 1005022626.8, Avg: 1005022626.9, Max: 1005022626.9, Diff: 0.1]
   [Code Root Fixup: 0.0 ms]
   [Code Root Purge: 0.0 ms]
   [Clear CT: 0.7 ms]
   [Other: 4.9 ms]
      [Choose CSet: 0.0 ms]
      [Ref Proc: 4.1 ms]
      [Ref Enq: 0.1 ms]
      [Redirty Cards: 0.1 ms]
      [Humongous Register: 0.0 ms]
      [Humongous Reclaim: 0.0 ms]
      [Free CSet: 0.3 ms]
   [Eden: 7152.0M(7152.0M)->0.0B(7152.0M) Survivors: 16384.0K->16384.0K Heap: 10545.2M(14336.0M)->3393.3M(14336.0M)]
 [Times: user=0.06 sys=0.00, real=0.02 secs] 
2022-08-02T12:20:51.128-0700: 1005022.633: [GC concurrent-root-region-scan-start]
2022-08-02T12:20:51.133-0700: 1005022.637: [GC concurrent-root-region-scan-end, 0.0047645 secs]
2022-08-02T12:20:51.133-0700: 1005022.637: [GC concurrent-mark-start]
2022-08-02T12:20:53.607-0700: 1005025.111: [GC concurrent-mark-end, 2.4739582 secs]
2022-08-02T12:20:53.607-0700: 1005025.112: [GC remark 2022-08-02T12:20:53.607-0700: 1005025.112: [Finalize Marking, 0.0002740 secs] 2022-08-02T12:20:53.607-0700: 1005025.112: [GC ref-proc, 0.0101662 secs] 2022-08-02T12:20:53.617-0700: 1005025.122: [Unloading, 0.0275706 secs], 0.0433733 secs]
 [Times: user=0.25 sys=0.00, real=0.04 secs] 
2022-08-02T12:20:53.651-0700: 1005025.155: [GC cleanup 3465M->3465M(14336M), 0.0085862 secs]
 [Times: user=0.06 sys=0.00, real=0.01 secs] 
2022-08-02T12:37:28.301-0700: 1006019.806: [GC pause (G1 Evacuation Pause) (young), 0.0110249 secs]
   [Parallel Time: 5.6 ms, GC Workers: 8]
      [GC Worker Start (ms): Min: 1006019806.3, Avg: 1006019806.4, Max: 1006019806.5, Diff: 0.2]
      [Ext Root Scanning (ms): Min: 1.1, Avg: 1.9, Max: 5.5, Diff: 4.4, Sum: 15.2]
      [Update RS (ms): Min: 0.0, Avg: 0.3, Max: 0.7, Diff: 0.7, Sum: 2.8]
         [Processed Buffers: Min: 0, Avg: 21.6, Max: 73, Diff: 73, Sum: 173]
      [Scan RS (ms): Min: 0.0, Avg: 0.1, Max: 0.2, Diff: 0.2, Sum: 0.7]
      [Code Root Scanning (ms): Min: 0.0, Avg: 0.0, Max: 0.0, Diff: 0.0, Sum: 0.0]
      [Object Copy (ms): Min: 0.0, Avg: 0.5, Max: 0.7, Diff: 0.7, Sum: 4.1]
      [Termination (ms): Min: 0.0, Avg: 2.6, Max: 3.0, Diff: 3.0, Sum: 20.8]
         [Termination Attempts: Min: 1, Avg: 3.1, Max: 6, Diff: 5, Sum: 25]
      [GC Worker Other (ms): Min: 0.0, Avg: 0.0, Max: 0.0, Diff: 0.0, Sum: 0.2]
      [GC Worker Total (ms): Min: 5.4, Avg: 5.5, Max: 5.5, Diff: 0.2, Sum: 43.8]
      [GC Worker End (ms): Min: 1006019811.8, Avg: 1006019811.8, Max: 1006019811.9, Diff: 0.0]
   [Code Root Fixup: 0.0 ms]
   [Code Root Purge: 0.0 ms]
   [Clear CT: 0.6 ms]
   [Other: 4.7 ms]
      [Choose CSet: 0.0 ms]
      [Ref Proc: 4.1 ms]
      [Ref Enq: 0.1 ms]
      [Redirty Cards: 0.1 ms]
      [Humongous Register: 0.1 ms]
      [Humongous Reclaim: 0.0 ms]
      [Free CSet: 0.3 ms]
   [Eden: 7152.0M(7152.0M)->0.0B(7152.0M) Survivors: 16384.0K->16384.0K Heap: 10545.3M(14336.0M)->3393.2M(14336.0M)]
 [Times: user=0.06 sys=0.00, real=0.01 secs] 
2022-08-02T12:54:02.213-0700: 1007013.717: [GC pause (G1 Evacuation Pause) (young), 0.0106597 secs]
   [Parallel Time: 5.6 ms, GC Workers: 8]
      [GC Worker Start (ms): Min: 1007013717.4, Avg: 1007013717.5, Max: 1007013717.6, Diff: 0.1]
      [Ext Root Scanning (ms): Min: 1.3, Avg: 1.9, Max: 5.2, Diff: 4.0, Sum: 15.4]
      [Update RS (ms): Min: 0.0, Avg: 0.3, Max: 0.6, Diff: 0.6, Sum: 2.5]
         [Processed Buffers: Min: 0, Avg: 21.1, Max: 60, Diff: 60, Sum: 169]
      [Scan RS (ms): Min: 0.0, Avg: 0.1, Max: 0.1, Diff: 0.1, Sum: 0.5]
      [Code Root Scanning (ms): Min: 0.0, Avg: 0.0, Max: 0.0, Diff: 0.0, Sum: 0.0]
      [Object Copy (ms): Min: 0.0, Avg: 0.6, Max: 1.4, Diff: 1.4, Sum: 4.8]
      [Termination (ms): Min: 0.0, Avg: 2.3, Max: 2.7, Diff: 2.7, Sum: 18.4]
         [Termination Attempts: Min: 1, Avg: 7.5, Max: 12, Diff: 11, Sum: 60]
      [GC Worker Other (ms): Min: 0.0, Avg: 0.0, Max: 0.0, Diff: 0.0, Sum: 0.1]
      [GC Worker Total (ms): Min: 5.2, Avg: 5.2, Max: 5.3, Diff: 0.1, Sum: 41.8]
      [GC Worker End (ms): Min: 1007013722.7, Avg: 1007013722.7, Max: 1007013722.8, Diff: 0.0]
   [Code Root Fixup: 0.0 ms]
   [Code Root Purge: 0.0 ms]
   [Clear CT: 0.6 ms]
   [Other: 4.4 ms]
      [Choose CSet: 0.0 ms]
      [Ref Proc: 3.8 ms]
      [Ref Enq: 0.1 ms]
      [Redirty Cards: 0.1 ms]
      [Humongous Register: 0.1 ms]
      [Humongous Reclaim: 0.0 ms]
      [Free CSet: 0.3 ms]
   [Eden: 7152.0M(7152.0M)->0.0B(7152.0M) Survivors: 16384.0K->16384.0K Heap: 10545.2M(14336.0M)->3393.5M(14336.0M)]
 [Times: user=0.05 sys=0.00, real=0.02 secs] 
2022-08-02T13:10:34.661-0700: 1008006.166: [GC pause (G1 Evacuation Pause) (young) (initial-mark), 0.0149503 secs]
   [Parallel Time: 9.6 ms, GC Workers: 8]
      [GC Worker Start (ms): Min: 1008006167.6, Avg: 1008006167.7, Max: 1008006167.8, Diff: 0.1]
      [Ext Root Scanning (ms): Min: 6.3, Avg: 6.6, Max: 6.9, Diff: 0.6, Sum: 52.7]
      [Update RS (ms): Min: 0.2, Avg: 0.3, Max: 0.5, Diff: 0.3, Sum: 2.3]
         [Processed Buffers: Min: 1, Avg: 21.6, Max: 63, Diff: 62, Sum: 173]
      [Scan RS (ms): Min: 0.0, Avg: 0.1, Max: 0.1, Diff: 0.1, Sum: 0.5]
      [Code Root Scanning (ms): Min: 0.0, Avg: 0.0, Max: 0.0, Diff: 0.0, Sum: 0.0]
      [Object Copy (ms): Min: 0.1, Avg: 0.5, Max: 0.8, Diff: 0.7, Sum: 4.4]
      [Termination (ms): Min: 0.0, Avg: 0.0, Max: 0.0, Diff: 0.0, Sum: 0.0]
         [Termination Attempts: Min: 5, Avg: 7.1, Max: 10, Diff: 5, Sum: 57]
      [GC Worker Other (ms): Min: 0.0, Avg: 0.0, Max: 0.1, Diff: 0.1, Sum: 0.3]
      [GC Worker Total (ms): Min: 7.5, Avg: 7.5, Max: 7.6, Diff: 0.1, Sum: 60.2]
      [GC Worker End (ms): Min: 1008006175.2, Avg: 1008006175.2, Max: 1008006175.3, Diff: 0.1]
   [Code Root Fixup: 0.0 ms]
   [Code Root Purge: 0.0 ms]
   [Clear CT: 0.6 ms]
   [Other: 4.7 ms]
      [Choose CSet: 0.0 ms]
      [Ref Proc: 4.0 ms]
      [Ref Enq: 0.1 ms]
      [Redirty Cards: 0.1 ms]
      [Humongous Register: 0.0 ms]
      [Humongous Reclaim: 0.0 ms]
      [Free CSet: 0.3 ms]
   [Eden: 7152.0M(7152.0M)->0.0B(7152.0M) Survivors: 16384.0K->16384.0K Heap: 10545.5M(14336.0M)->3393.3M(14336.0M)]
 [Times: user=0.06 sys=0.01, real=0.02 secs] 
2022-08-02T13:10:34.676-0700: 1008006.181: [GC concurrent-root-region-scan-start]
2022-08-02T13:10:34.681-0700: 1008006.185: [GC concurrent-root-region-scan-end, 0.0047194 secs]
2022-08-02T13:10:34.681-0700: 1008006.185: [GC concurrent-mark-start]
2022-08-02T13:10:37.174-0700: 1008008.678: [GC concurrent-mark-end, 2.4929225 secs]
2022-08-02T13:10:37.174-0700: 1008008.679: [GC remark 2022-08-02T13:10:37.174-0700: 1008008.679: [Finalize Marking, 0.0002753 secs] 2022-08-02T13:10:37.174-0700: 1008008.679: [GC ref-proc, 0.0084884 secs] 2022-08-02T13:10:37.183-0700: 1008008.687: [Unloading, 0.0282795 secs], 0.0426658 secs]
 [Times: user=0.26 sys=0.00, real=0.05 secs] 
2022-08-02T13:10:37.217-0700: 1008008.722: [GC cleanup 3433M->3433M(14336M), 0.0106082 secs]
 [Times: user=0.06 sys=0.00, real=0.01 secs] 
2022-08-02T13:27:13.377-0700: 1009004.882: [GC pause (G1 Evacuation Pause) (young), 0.0117695 secs]
   [Parallel Time: 6.2 ms, GC Workers: 8]
      [GC Worker Start (ms): Min: 1009004881.9, Avg: 1009004882.0, Max: 1009004882.0, Diff: 0.2]
      [Ext Root Scanning (ms): Min: 1.1, Avg: 1.9, Max: 6.0, Diff: 4.8, Sum: 15.4]
      [Update RS (ms): Min: 0.0, Avg: 0.4, Max: 0.7, Diff: 0.7, Sum: 2.9]
         [Processed Buffers: Min: 0, Avg: 21.1, Max: 73, Diff: 73, Sum: 169]
      [Scan RS (ms): Min: 0.0, Avg: 0.1, Max: 0.2, Diff: 0.2, Sum: 0.6]
      [Code Root Scanning (ms): Min: 0.0, Avg: 0.0, Max: 0.0, Diff: 0.0, Sum: 0.0]
      [Object Copy (ms): Min: 0.0, Avg: 0.5, Max: 0.7, Diff: 0.7, Sum: 4.3]
      [Termination (ms): Min: 0.0, Avg: 3.0, Max: 3.5, Diff: 3.5, Sum: 24.2]
         [Termination Attempts: Min: 1, Avg: 6.6, Max: 10, Diff: 9, Sum: 53]
      [GC Worker Other (ms): Min: 0.0, Avg: 0.0, Max: 0.0, Diff: 0.0, Sum: 0.2]
      [GC Worker Total (ms): Min: 5.9, Avg: 6.0, Max: 6.0, Diff: 0.1, Sum: 47.7]
      [GC Worker End (ms): Min: 1009004887.9, Avg: 1009004887.9, Max: 1009004887.9, Diff: 0.0]
   [Code Root Fixup: 0.0 ms]
   [Code Root Purge: 0.0 ms]
   [Clear CT: 0.6 ms]
   [Other: 5.0 ms]
      [Choose CSet: 0.0 ms]
      [Ref Proc: 4.2 ms]
      [Ref Enq: 0.1 ms]
      [Redirty Cards: 0.1 ms]
      [Humongous Register: 0.1 ms]
      [Humongous Reclaim: 0.0 ms]
      [Free CSet: 0.3 ms]
   [Eden: 7152.0M(7152.0M)->0.0B(7152.0M) Survivors: 16384.0K->16384.0K Heap: 10545.3M(14336.0M)->3393.2M(14336.0M)]
 [Times: user=0.06 sys=0.00, real=0.01 secs] 
2022-08-02T13:43:49.664-0700: 1010001.168: [GC pause (G1 Evacuation Pause) (young), 0.0113030 secs]
   [Parallel Time: 5.8 ms, GC Workers: 8]
      [GC Worker Start (ms): Min: 1010001168.5, Avg: 1010001168.6, Max: 1010001168.7, Diff: 0.2]
      [Ext Root Scanning (ms): Min: 1.2, Avg: 1.9, Max: 5.5, Diff: 4.3, Sum: 15.4]
      [Update RS (ms): Min: 0.0, Avg: 0.4, Max: 0.8, Diff: 0.8, Sum: 3.0]
         [Processed Buffers: Min: 0, Avg: 20.0, Max: 67, Diff: 67, Sum: 160]
      [Scan RS (ms): Min: 0.0, Avg: 0.1, Max: 0.2, Diff: 0.1, Sum: 0.6]
      [Code Root Scanning (ms): Min: 0.0, Avg: 0.0, Max: 0.0, Diff: 0.0, Sum: 0.0]
      [Object Copy (ms): Min: 0.0, Avg: 0.5, Max: 0.7, Diff: 0.7, Sum: 4.2]
      [Termination (ms): Min: 0.0, Avg: 2.5, Max: 2.9, Diff: 2.9, Sum: 19.9]
         [Termination Attempts: Min: 1, Avg: 4.0, Max: 6, Diff: 5, Sum: 32]
      [GC Worker Other (ms): Min: 0.0, Avg: 0.0, Max: 0.1, Diff: 0.0, Sum: 0.3]
      [GC Worker Total (ms): Min: 5.3, Avg: 5.4, Max: 5.5, Diff: 0.2, Sum: 43.5]
      [GC Worker End (ms): Min: 1010001174.0, Avg: 1010001174.0, Max: 1010001174.0, Diff: 0.0]
   [Code Root Fixup: 0.0 ms]
   [Code Root Purge: 0.0 ms]
   [Clear CT: 0.6 ms]
   [Other: 4.9 ms]
      [Choose CSet: 0.0 ms]
      [Ref Proc: 4.1 ms]
      [Ref Enq: 0.1 ms]
      [Redirty Cards: 0.1 ms]
      [Humongous Register: 0.1 ms]
      [Humongous Reclaim: 0.0 ms]
      [Free CSet: 0.3 ms]
   [Eden: 7152.0M(7152.0M)->0.0B(7152.0M) Survivors: 16384.0K->16384.0K Heap: 10545.2M(14336.0M)->3393.2M(14336.0M)]
 [Times: user=0.06 sys=0.01, real=0.01 secs] 
2022-08-02T14:00:20.611-0700: 1010992.116: [GC pause (G1 Evacuation Pause) (young) (initial-mark), 0.0158475 secs]
   [Parallel Time: 10.8 ms, GC Workers: 8]
      [GC Worker Start (ms): Min: 1010992118.3, Avg: 1010992118.4, Max: 1010992118.5, Diff: 0.2]
      [Ext Root Scanning (ms): Min: 6.8, Avg: 7.1, Max: 7.3, Diff: 0.5, Sum: 56.5]
      [Update RS (ms): Min: 0.2, Avg: 0.4, Max: 0.7, Diff: 0.5, Sum: 2.8]
         [Processed Buffers: Min: 1, Avg: 21.0, Max: 60, Diff: 59, Sum: 168]
      [Scan RS (ms): Min: 0.0, Avg: 0.1, Max: 0.2, Diff: 0.1, Sum: 0.6]
      [Code Root Scanning (ms): Min: 0.0, Avg: 0.0, Max: 0.0, Diff: 0.0, Sum: 0.0]
      [Object Copy (ms): Min: 0.3, Avg: 0.6, Max: 0.9, Diff: 0.6, Sum: 4.6]
      [Termination (ms): Min: 0.0, Avg: 0.0, Max: 0.0, Diff: 0.0, Sum: 0.1]
         [Termination Attempts: Min: 1, Avg: 3.9, Max: 7, Diff: 6, Sum: 31]
      [GC Worker Other (ms): Min: 0.0, Avg: 0.1, Max: 0.1, Diff: 0.1, Sum: 0.6]
      [GC Worker Total (ms): Min: 8.1, Avg: 8.2, Max: 8.2, Diff: 0.1, Sum: 65.2]
      [GC Worker End (ms): Min: 1010992126.5, Avg: 1010992126.6, Max: 1010992126.6, Diff: 0.1]
   [Code Root Fixup: 0.0 ms]
   [Code Root Purge: 0.0 ms]
   [Clear CT: 0.6 ms]
   [Other: 4.5 ms]
      [Choose CSet: 0.0 ms]
      [Ref Proc: 3.7 ms]
      [Ref Enq: 0.1 ms]
      [Redirty Cards: 0.1 ms]
      [Humongous Register: 0.0 ms]
      [Humongous Reclaim: 0.0 ms]
      [Free CSet: 0.3 ms]
   [Eden: 7152.0M(7152.0M)->0.0B(7152.0M) Survivors: 16384.0K->16384.0K Heap: 10545.2M(14336.0M)->3393.3M(14336.0M)]
 [Times: user=0.07 sys=0.00, real=0.02 secs] 
2022-08-02T14:00:20.627-0700: 1010992.132: [GC concurrent-root-region-scan-start]
2022-08-02T14:00:20.632-0700: 1010992.137: [GC concurrent-root-region-scan-end, 0.0047116 secs]
2022-08-02T14:00:20.632-0700: 1010992.137: [GC concurrent-mark-start]
2022-08-02T14:00:23.168-0700: 1010994.673: [GC concurrent-mark-end, 2.5363026 secs]
2022-08-02T14:00:23.169-0700: 1010994.673: [GC remark 2022-08-02T14:00:23.169-0700: 1010994.673: [Finalize Marking, 0.0003799 secs] 2022-08-02T14:00:23.169-0700: 1010994.674: [GC ref-proc, 0.0087111 secs] 2022-08-02T14:00:23.178-0700: 1010994.682: [Unloading, 0.0280228 secs], 0.0425209 secs]
 [Times: user=0.26 sys=0.00, real=0.04 secs] 
2022-08-02T14:00:23.211-0700: 1010994.716: [GC cleanup 3433M->3433M(14336M), 0.0088643 secs]
 [Times: user=0.06 sys=0.00, real=0.01 secs] 
2022-08-02T14:16:56.111-0700: 1011987.616: [GC pause (G1 Evacuation Pause) (young), 0.0114215 secs]
   [Parallel Time: 5.6 ms, GC Workers: 8]
      [GC Worker Start (ms): Min: 1011987616.0, Avg: 1011987616.1, Max: 1011987616.2, Diff: 0.2]
      [Ext Root Scanning (ms): Min: 1.3, Avg: 2.1, Max: 5.4, Diff: 4.1, Sum: 16.5]
      [Update RS (ms): Min: 0.0, Avg: 0.4, Max: 0.7, Diff: 0.7, Sum: 3.0]
         [Processed Buffers: Min: 0, Avg: 23.4, Max: 69, Diff: 69, Sum: 187]
      [Scan RS (ms): Min: 0.0, Avg: 0.1, Max: 0.2, Diff: 0.2, Sum: 0.7]
      [Code Root Scanning (ms): Min: 0.0, Avg: 0.0, Max: 0.0, Diff: 0.0, Sum: 0.0]
      [Object Copy (ms): Min: 0.0, Avg: 0.6, Max: 0.8, Diff: 0.8, Sum: 4.5]
      [Termination (ms): Min: 0.0, Avg: 2.3, Max: 2.6, Diff: 2.6, Sum: 18.4]
         [Termination Attempts: Min: 1, Avg: 2.2, Max: 5, Diff: 4, Sum: 18]
      [GC Worker Other (ms): Min: 0.0, Avg: 0.0, Max: 0.0, Diff: 0.0, Sum: 0.2]
      [GC Worker Total (ms): Min: 5.4, Avg: 5.4, Max: 5.5, Diff: 0.2, Sum: 43.4]
      [GC Worker End (ms): Min: 1011987621.5, Avg: 1011987621.5, Max: 1011987621.5, Diff: 0.0]
   [Code Root Fixup: 0.0 ms]
   [Code Root Purge: 0.0 ms]
   [Clear CT: 0.7 ms]
   [Other: 5.1 ms]
      [Choose CSet: 0.0 ms]
      [Ref Proc: 4.2 ms]
      [Ref Enq: 0.2 ms]
      [Redirty Cards: 0.1 ms]
      [Humongous Register: 0.1 ms]
      [Humongous Reclaim: 0.0 ms]
      [Free CSet: 0.3 ms]
   [Eden: 7152.0M(7152.0M)->0.0B(7152.0M) Survivors: 16384.0K->16384.0K Heap: 10545.3M(14336.0M)->3393.1M(14336.0M)]
 [Times: user=0.05 sys=0.02, real=0.01 secs] 
2022-08-02T14:33:28.112-0700: 1012979.617: [GC pause (G1 Evacuation Pause) (young), 0.0091451 secs]
   [Parallel Time: 6.0 ms, GC Workers: 8]
      [GC Worker Start (ms): Min: 1012979616.8, Avg: 1012979616.9, Max: 1012979616.9, Diff: 0.1]
      [Ext Root Scanning (ms): Min: 1.3, Avg: 2.0, Max: 5.8, Diff: 4.6, Sum: 16.1]
      [Update RS (ms): Min: 0.0, Avg: 0.4, Max: 0.8, Diff: 0.8, Sum: 3.1]
         [Processed Buffers: Min: 0, Avg: 22.4, Max: 75, Diff: 75, Sum: 179]
      [Scan RS (ms): Min: 0.0, Avg: 0.1, Max: 0.1, Diff: 0.1, Sum: 0.7]
      [Code Root Scanning (ms): Min: 0.0, Avg: 0.0, Max: 0.0, Diff: 0.0, Sum: 0.0]
      [Object Copy (ms): Min: 0.0, Avg: 0.6, Max: 0.8, Diff: 0.8, Sum: 4.4]
      [Termination (ms): Min: 0.0, Avg: 2.8, Max: 3.2, Diff: 3.2, Sum: 22.5]
         [Termination Attempts: Min: 1, Avg: 1.2, Max: 2, Diff: 1, Sum: 10]
      [GC Worker Other (ms): Min: 0.0, Avg: 0.0, Max: 0.0, Diff: 0.0, Sum: 0.2]
      [GC Worker Total (ms): Min: 5.8, Avg: 5.9, Max: 5.9, Diff: 0.1, Sum: 47.1]
      [GC Worker End (ms): Min: 1012979622.7, Avg: 1012979622.8, Max: 1012979622.8, Diff: 0.0]
   [Code Root Fixup: 0.0 ms]
   [Code Root Purge: 0.0 ms]
   [Clear CT: 0.6 ms]
   [Other: 2.5 ms]
      [Choose CSet: 0.0 ms]
      [Ref Proc: 1.8 ms]
      [Ref Enq: 0.1 ms]
      [Redirty Cards: 0.1 ms]
      [Humongous Register: 0.1 ms]
      [Humongous Reclaim: 0.0 ms]
      [Free CSet: 0.3 ms]
   [Eden: 7152.0M(7152.0M)->0.0B(7152.0M) Survivors: 16384.0K->16384.0K Heap: 10545.1M(14336.0M)->3393.7M(14336.0M)]
 [Times: user=0.05 sys=0.00, real=0.01 secs] 
2022-08-02T14:50:08.312-0700: 1013979.817: [GC pause (G1 Evacuation Pause) (young) (initial-mark), 0.0149921 secs]
   [Parallel Time: 9.6 ms, GC Workers: 8]
      [GC Worker Start (ms): Min: 1013979818.9, Avg: 1013979818.9, Max: 1013979819.0, Diff: 0.1]
      [Ext Root Scanning (ms): Min: 6.1, Avg: 6.4, Max: 6.7, Diff: 0.6, Sum: 50.8]
      [Update RS (ms): Min: 0.1, Avg: 0.3, Max: 0.5, Diff: 0.4, Sum: 2.4]
         [Processed Buffers: Min: 1, Avg: 21.2, Max: 49, Diff: 48, Sum: 170]
      [Scan RS (ms): Min: 0.0, Avg: 0.1, Max: 0.1, Diff: 0.1, Sum: 0.6]
      [Code Root Scanning (ms): Min: 0.0, Avg: 0.0, Max: 0.0, Diff: 0.0, Sum: 0.0]
      [Object Copy (ms): Min: 0.2, Avg: 0.6, Max: 0.8, Diff: 0.6, Sum: 4.5]
      [Termination (ms): Min: 0.0, Avg: 0.0, Max: 0.0, Diff: 0.0, Sum: 0.0]
         [Termination Attempts: Min: 2, Avg: 3.0, Max: 4, Diff: 2, Sum: 24]
      [GC Worker Other (ms): Min: 0.0, Avg: 0.1, Max: 0.1, Diff: 0.1, Sum: 0.5]
      [GC Worker Total (ms): Min: 7.2, Avg: 7.3, Max: 7.4, Diff: 0.2, Sum: 58.8]
      [GC Worker End (ms): Min: 1013979826.2, Avg: 1013979826.3, Max: 1013979826.4, Diff: 0.1]
   [Code Root Fixup: 0.0 ms]
   [Code Root Purge: 0.0 ms]
   [Clear CT: 0.6 ms]
   [Other: 4.7 ms]
      [Choose CSet: 0.0 ms]
      [Ref Proc: 4.0 ms]
      [Ref Enq: 0.1 ms]
      [Redirty Cards: 0.1 ms]
      [Humongous Register: 0.0 ms]
      [Humongous Reclaim: 0.0 ms]
      [Free CSet: 0.3 ms]
   [Eden: 7152.0M(7152.0M)->0.0B(7152.0M) Survivors: 16384.0K->16384.0K Heap: 10545.7M(14336.0M)->3393.6M(14336.0M)]
 [Times: user=0.06 sys=0.00, real=0.02 secs] 
2022-08-02T14:50:08.327-0700: 1013979.832: [GC concurrent-root-region-scan-start]
2022-08-02T14:50:08.334-0700: 1013979.838: [GC concurrent-root-region-scan-end, 0.0063352 secs]
2022-08-02T14:50:08.334-0700: 1013979.838: [GC concurrent-mark-start]
2022-08-02T14:50:10.829-0700: 1013982.334: [GC concurrent-mark-end, 2.4957101 secs]
2022-08-02T14:50:10.830-0700: 1013982.334: [GC remark 2022-08-02T14:50:10.830-0700: 1013982.334: [Finalize Marking, 0.0002719 secs] 2022-08-02T14:50:10.830-0700: 1013982.335: [GC ref-proc, 0.0114788 secs] 2022-08-02T14:50:10.842-0700: 1013982.346: [Unloading, 0.0277220 secs], 0.0449240 secs]
 [Times: user=0.26 sys=0.00, real=0.05 secs] 
2022-08-02T14:50:10.875-0700: 1013982.380: [GC cleanup 3465M->3465M(14336M), 0.0086332 secs]
 [Times: user=0.06 sys=0.00, real=0.01 secs] 
2022-08-02T15:06:44.512-0700: 1014976.017: [GC pause (G1 Evacuation Pause) (young), 0.0097113 secs]
   [Parallel Time: 5.7 ms, GC Workers: 8]
      [GC Worker Start (ms): Min: 1014976016.6, Avg: 1014976016.7, Max: 1014976016.8, Diff: 0.2]
      [Ext Root Scanning (ms): Min: 1.3, Avg: 2.2, Max: 5.4, Diff: 4.1, Sum: 17.2]
      [Update RS (ms): Min: 0.0, Avg: 0.4, Max: 0.9, Diff: 0.9, Sum: 2.9]
         [Processed Buffers: Min: 0, Avg: 21.6, Max: 42, Diff: 42, Sum: 173]
      [Scan RS (ms): Min: 0.0, Avg: 0.1, Max: 0.2, Diff: 0.1, Sum: 0.6]
      [Code Root Scanning (ms): Min: 0.0, Avg: 0.0, Max: 0.0, Diff: 0.0, Sum: 0.0]
      [Object Copy (ms): Min: 0.0, Avg: 0.5, Max: 0.9, Diff: 0.9, Sum: 4.2]
      [Termination (ms): Min: 0.0, Avg: 2.3, Max: 2.6, Diff: 2.6, Sum: 18.2]
         [Termination Attempts: Min: 1, Avg: 1.1, Max: 2, Diff: 1, Sum: 9]
      [GC Worker Other (ms): Min: 0.0, Avg: 0.0, Max: 0.0, Diff: 0.0, Sum: 0.1]
      [GC Worker Total (ms): Min: 5.3, Avg: 5.4, Max: 5.5, Diff: 0.1, Sum: 43.3]
      [GC Worker End (ms): Min: 1014976022.1, Avg: 1014976022.1, Max: 1014976022.2, Diff: 0.0]
   [Code Root Fixup: 0.0 ms]
   [Code Root Purge: 0.0 ms]
   [Clear CT: 0.6 ms]
   [Other: 3.4 ms]
      [Choose CSet: 0.0 ms]
      [Ref Proc: 2.8 ms]
      [Ref Enq: 0.1 ms]
      [Redirty Cards: 0.1 ms]
      [Humongous Register: 0.0 ms]
      [Humongous Reclaim: 0.0 ms]
      [Free CSet: 0.3 ms]
   [Eden: 7152.0M(7152.0M)->0.0B(7152.0M) Survivors: 16384.0K->16384.0K Heap: 10545.6M(14336.0M)->3393.2M(14336.0M)]
 [Times: user=0.06 sys=0.00, real=0.01 secs] 
2022-08-02T15:23:17.062-0700: 1015968.567: [GC pause (G1 Evacuation Pause) (young), 0.0095442 secs]
   [Parallel Time: 5.7 ms, GC Workers: 8]
      [GC Worker Start (ms): Min: 1015968567.2, Avg: 1015968567.2, Max: 1015968567.3, Diff: 0.1]
      [Ext Root Scanning (ms): Min: 1.2, Avg: 1.9, Max: 5.6, Diff: 4.4, Sum: 15.3]
      [Update RS (ms): Min: 0.0, Avg: 0.3, Max: 0.7, Diff: 0.7, Sum: 2.7]
         [Processed Buffers: Min: 0, Avg: 20.6, Max: 76, Diff: 76, Sum: 165]
      [Scan RS (ms): Min: 0.0, Avg: 0.1, Max: 0.1, Diff: 0.1, Sum: 0.6]
      [Code Root Scanning (ms): Min: 0.0, Avg: 0.0, Max: 0.0, Diff: 0.0, Sum: 0.0]
      [Object Copy (ms): Min: 0.0, Avg: 0.5, Max: 0.8, Diff: 0.8, Sum: 4.2]
      [Termination (ms): Min: 0.0, Avg: 2.7, Max: 3.1, Diff: 3.1, Sum: 21.8]
         [Termination Attempts: Min: 1, Avg: 2.9, Max: 7, Diff: 6, Sum: 23]
      [GC Worker Other (ms): Min: 0.0, Avg: 0.0, Max: 0.0, Diff: 0.0, Sum: 0.1]
      [GC Worker Total (ms): Min: 5.5, Avg: 5.6, Max: 5.6, Diff: 0.1, Sum: 44.7]
      [GC Worker End (ms): Min: 1015968572.8, Avg: 1015968572.8, Max: 1015968572.8, Diff: 0.0]
   [Code Root Fixup: 0.0 ms]
   [Code Root Purge: 0.0 ms]
   [Clear CT: 0.6 ms]
   [Other: 3.3 ms]
      [Choose CSet: 0.0 ms]
      [Ref Proc: 2.7 ms]
      [Ref Enq: 0.1 ms]
      [Redirty Cards: 0.1 ms]
      [Humongous Register: 0.0 ms]
      [Humongous Reclaim: 0.0 ms]
      [Free CSet: 0.3 ms]
   [Eden: 7152.0M(7152.0M)->0.0B(7152.0M) Survivors: 16384.0K->16384.0K Heap: 10545.2M(14336.0M)->3393.7M(14336.0M)]
 [Times: user=0.06 sys=0.01, real=0.01 secs] 
2022-08-02T15:39:52.013-0700: 1016963.518: [GC pause (G1 Evacuation Pause) (young) (initial-mark), 0.0151915 secs]
   [Parallel Time: 10.2 ms, GC Workers: 8]
      [GC Worker Start (ms): Min: 1016963520.2, Avg: 1016963520.3, Max: 1016963520.4, Diff: 0.2]
      [Ext Root Scanning (ms): Min: 6.6, Avg: 6.8, Max: 7.1, Diff: 0.5, Sum: 54.5]
      [Update RS (ms): Min: 0.2, Avg: 0.3, Max: 0.5, Diff: 0.3, Sum: 2.3]
         [Processed Buffers: Min: 1, Avg: 21.1, Max: 52, Diff: 51, Sum: 169]
      [Scan RS (ms): Min: 0.0, Avg: 0.1, Max: 0.1, Diff: 0.1, Sum: 0.5]
      [Code Root Scanning (ms): Min: 0.0, Avg: 0.0, Max: 0.0, Diff: 0.0, Sum: 0.0]
      [Object Copy (ms): Min: 0.1, Avg: 0.5, Max: 0.7, Diff: 0.6, Sum: 4.0]
      [Termination (ms): Min: 0.0, Avg: 0.0, Max: 0.0, Diff: 0.0, Sum: 0.2]
         [Termination Attempts: Min: 1, Avg: 3.5, Max: 6, Diff: 5, Sum: 28]
      [GC Worker Other (ms): Min: 0.0, Avg: 0.0, Max: 0.1, Diff: 0.0, Sum: 0.3]
      [GC Worker Total (ms): Min: 7.6, Avg: 7.7, Max: 7.8, Diff: 0.2, Sum: 61.8]
      [GC Worker End (ms): Min: 1016963528.0, Avg: 1016963528.0, Max: 1016963528.1, Diff: 0.1]
   [Code Root Fixup: 0.0 ms]
   [Code Root Purge: 0.0 ms]
   [Clear CT: 0.6 ms]
   [Other: 4.4 ms]
      [Choose CSet: 0.0 ms]
      [Ref Proc: 3.6 ms]
      [Ref Enq: 0.1 ms]
      [Redirty Cards: 0.1 ms]
      [Humongous Register: 0.0 ms]
      [Humongous Reclaim: 0.0 ms]
      [Free CSet: 0.3 ms]
   [Eden: 7152.0M(7152.0M)->0.0B(7152.0M) Survivors: 16384.0K->16384.0K Heap: 10545.7M(14336.0M)->3393.3M(14336.0M)]
 [Times: user=0.06 sys=0.00, real=0.02 secs] 
2022-08-02T15:39:52.029-0700: 1016963.533: [GC concurrent-root-region-scan-start]
2022-08-02T15:39:52.033-0700: 1016963.538: [GC concurrent-root-region-scan-end, 0.0046887 secs]
2022-08-02T15:39:52.033-0700: 1016963.538: [GC concurrent-mark-start]
2022-08-02T15:39:54.495-0700: 1016965.999: [GC concurrent-mark-end, 2.4612287 secs]
2022-08-02T15:39:54.495-0700: 1016966.000: [GC remark 2022-08-02T15:39:54.495-0700: 1016966.000: [Finalize Marking, 0.0004204 secs] 2022-08-02T15:39:54.495-0700: 1016966.000: [GC ref-proc, 0.0120530 secs] 2022-08-02T15:39:54.508-0700: 1016966.012: [Unloading, 0.0279606 secs], 0.0459014 secs]
 [Times: user=0.26 sys=0.00, real=0.04 secs] 
2022-08-02T15:39:54.541-0700: 1016966.046: [GC cleanup 3433M->3433M(14336M), 0.0083898 secs]
 [Times: user=0.06 sys=0.00, real=0.01 secs] 
2022-08-02T15:56:24.613-0700: 1017956.117: [GC pause (G1 Evacuation Pause) (young), 0.0114198 secs]
   [Parallel Time: 5.9 ms, GC Workers: 8]
      [GC Worker Start (ms): Min: 1017956117.6, Avg: 1017956117.7, Max: 1017956117.7, Diff: 0.2]
      [Ext Root Scanning (ms): Min: 1.3, Avg: 2.1, Max: 5.7, Diff: 4.3, Sum: 16.9]
      [Update RS (ms): Min: 0.0, Avg: 0.3, Max: 0.6, Diff: 0.6, Sum: 2.3]
         [Processed Buffers: Min: 0, Avg: 20.9, Max: 55, Diff: 55, Sum: 167]
      [Scan RS (ms): Min: 0.0, Avg: 0.1, Max: 0.1, Diff: 0.1, Sum: 0.5]
      [Code Root Scanning (ms): Min: 0.0, Avg: 0.0, Max: 0.0, Diff: 0.0, Sum: 0.0]
      [Object Copy (ms): Min: 0.0, Avg: 0.5, Max: 0.8, Diff: 0.8, Sum: 4.3]
      [Termination (ms): Min: 0.0, Avg: 2.6, Max: 3.0, Diff: 3.0, Sum: 20.8]
         [Termination Attempts: Min: 1, Avg: 1.8, Max: 3, Diff: 2, Sum: 14]
      [GC Worker Other (ms): Min: 0.0, Avg: 0.0, Max: 0.0, Diff: 0.0, Sum: 0.1]
      [GC Worker Total (ms): Min: 5.5, Avg: 5.6, Max: 5.7, Diff: 0.2, Sum: 45.0]
      [GC Worker End (ms): Min: 1017956123.3, Avg: 1017956123.3, Max: 1017956123.3, Diff: 0.0]
   [Code Root Fixup: 0.0 ms]
   [Code Root Purge: 0.0 ms]
   [Clear CT: 0.8 ms]
   [Other: 4.7 ms]
      [Choose CSet: 0.0 ms]
      [Ref Proc: 3.8 ms]
      [Ref Enq: 0.3 ms]
      [Redirty Cards: 0.2 ms]
      [Humongous Register: 0.1 ms]
      [Humongous Reclaim: 0.0 ms]
      [Free CSet: 0.3 ms]
   [Eden: 7152.0M(7152.0M)->0.0B(7152.0M) Survivors: 16384.0K->16384.0K Heap: 10545.3M(14336.0M)->3393.2M(14336.0M)]
 [Times: user=0.06 sys=0.00, real=0.02 secs] 
2022-08-02T16:13:05.412-0700: 1018956.917: [GC pause (G1 Evacuation Pause) (young), 0.0194696 secs]
   [Parallel Time: 11.1 ms, GC Workers: 8]
      [GC Worker Start (ms): Min: 1018956917.4, Avg: 1018956917.5, Max: 1018956917.6, Diff: 0.2]
      [Ext Root Scanning (ms): Min: 1.4, Avg: 2.1, Max: 6.3, Diff: 4.9, Sum: 16.9]
      [Update RS (ms): Min: 0.0, Avg: 1.4, Max: 9.0, Diff: 9.0, Sum: 11.4]
         [Processed Buffers: Min: 0, Avg: 21.9, Max: 61, Diff: 61, Sum: 175]
      [Scan RS (ms): Min: 0.0, Avg: 0.1, Max: 0.2, Diff: 0.1, Sum: 0.6]
      [Code Root Scanning (ms): Min: 0.0, Avg: 0.0, Max: 0.0, Diff: 0.0, Sum: 0.0]
      [Object Copy (ms): Min: 0.0, Avg: 0.4, Max: 0.6, Diff: 0.6, Sum: 3.6]
      [Termination (ms): Min: 0.0, Avg: 6.7, Max: 8.2, Diff: 8.2, Sum: 53.4]
         [Termination Attempts: Min: 1, Avg: 3.2, Max: 9, Diff: 8, Sum: 26]
      [GC Worker Other (ms): Min: 0.0, Avg: 0.0, Max: 0.0, Diff: 0.0, Sum: 0.2]
      [GC Worker Total (ms): Min: 10.7, Avg: 10.8, Max: 10.9, Diff: 0.2, Sum: 86.2]
      [GC Worker End (ms): Min: 1018956928.2, Avg: 1018956928.3, Max: 1018956928.3, Diff: 0.0]
   [Code Root Fixup: 0.0 ms]
   [Code Root Purge: 0.0 ms]
   [Clear CT: 0.6 ms]
   [Other: 7.7 ms]
      [Choose CSet: 0.0 ms]
      [Ref Proc: 7.1 ms]
      [Ref Enq: 0.1 ms]
      [Redirty Cards: 0.1 ms]
      [Humongous Register: 0.1 ms]
      [Humongous Reclaim: 0.0 ms]
      [Free CSet: 0.3 ms]
   [Eden: 7152.0M(7152.0M)->0.0B(7152.0M) Survivors: 16384.0K->16384.0K Heap: 10545.2M(14336.0M)->3393.2M(14336.0M)]
 [Times: user=0.12 sys=0.00, real=0.02 secs] 
2022-08-02T16:29:42.612-0700: 1019954.116: [GC pause (G1 Evacuation Pause) (young) (initial-mark), 0.0148307 secs]
   [Parallel Time: 9.3 ms, GC Workers: 8]
      [GC Worker Start (ms): Min: 1019954118.1, Avg: 1019954118.2, Max: 1019954118.3, Diff: 0.2]
      [Ext Root Scanning (ms): Min: 6.0, Avg: 6.2, Max: 6.5, Diff: 0.5, Sum: 50.0]
      [Update RS (ms): Min: 0.2, Avg: 0.3, Max: 0.5, Diff: 0.4, Sum: 2.2]
         [Processed Buffers: Min: 1, Avg: 21.9, Max: 60, Diff: 59, Sum: 175]
      [Scan RS (ms): Min: 0.0, Avg: 0.1, Max: 0.1, Diff: 0.1, Sum: 0.5]
      [Code Root Scanning (ms): Min: 0.0, Avg: 0.0, Max: 0.0, Diff: 0.0, Sum: 0.0]
      [Object Copy (ms): Min: 0.2, Avg: 0.5, Max: 0.7, Diff: 0.5, Sum: 3.8]
      [Termination (ms): Min: 0.0, Avg: 0.0, Max: 0.0, Diff: 0.0, Sum: 0.0]
         [Termination Attempts: Min: 1, Avg: 2.2, Max: 4, Diff: 3, Sum: 18]
      [GC Worker Other (ms): Min: 0.0, Avg: 0.1, Max: 0.2, Diff: 0.1, Sum: 0.8]
      [GC Worker Total (ms): Min: 7.1, Avg: 7.2, Max: 7.2, Diff: 0.2, Sum: 57.3]
      [GC Worker End (ms): Min: 1019954125.3, Avg: 1019954125.4, Max: 1019954125.5, Diff: 0.1]
   [Code Root Fixup: 0.0 ms]
   [Code Root Purge: 0.0 ms]
   [Clear CT: 0.6 ms]
   [Other: 4.9 ms]
      [Choose CSet: 0.0 ms]
      [Ref Proc: 4.2 ms]
      [Ref Enq: 0.1 ms]
      [Redirty Cards: 0.1 ms]
      [Humongous Register: 0.0 ms]
      [Humongous Reclaim: 0.0 ms]
      [Free CSet: 0.3 ms]
   [Eden: 7152.0M(7152.0M)->0.0B(7152.0M) Survivors: 16384.0K->16384.0K Heap: 10545.2M(14336.0M)->3393.3M(14336.0M)]
 [Times: user=0.06 sys=0.00, real=0.02 secs] 
2022-08-02T16:29:42.627-0700: 1019954.131: [GC concurrent-root-region-scan-start]
2022-08-02T16:29:42.632-0700: 1019954.136: [GC concurrent-root-region-scan-end, 0.0050153 secs]
2022-08-02T16:29:42.632-0700: 1019954.136: [GC concurrent-mark-start]
2022-08-02T16:29:45.096-0700: 1019956.601: [GC concurrent-mark-end, 2.4642207 secs]
2022-08-02T16:29:45.096-0700: 1019956.601: [GC remark 2022-08-02T16:29:45.096-0700: 1019956.601: [Finalize Marking, 0.0002607 secs] 2022-08-02T16:29:45.097-0700: 1019956.601: [GC ref-proc, 0.0112232 secs] 2022-08-02T16:29:45.108-0700: 1019956.613: [Unloading, 0.0278499 secs], 0.0448984 secs]
 [Times: user=0.26 sys=0.00, real=0.04 secs] 
2022-08-02T16:29:45.142-0700: 1019956.646: [GC cleanup 3433M->3433M(14336M), 0.0084179 secs]
 [Times: user=0.06 sys=0.00, real=0.01 secs] 
2022-08-02T16:46:17.761-0700: 1020949.265: [GC pause (G1 Evacuation Pause) (young), 0.0107190 secs]
   [Parallel Time: 6.0 ms, GC Workers: 8]
      [GC Worker Start (ms): Min: 1020949265.7, Avg: 1020949265.7, Max: 1020949265.8, Diff: 0.1]
      [Ext Root Scanning (ms): Min: 1.4, Avg: 2.2, Max: 5.6, Diff: 4.2, Sum: 17.2]
      [Update RS (ms): Min: 0.0, Avg: 0.3, Max: 0.7, Diff: 0.7, Sum: 2.7]
         [Processed Buffers: Min: 0, Avg: 21.2, Max: 63, Diff: 63, Sum: 170]
      [Scan RS (ms): Min: 0.0, Avg: 0.1, Max: 0.2, Diff: 0.1, Sum: 0.6]
      [Code Root Scanning (ms): Min: 0.0, Avg: 0.0, Max: 0.0, Diff: 0.0, Sum: 0.0]
      [Object Copy (ms): Min: 0.0, Avg: 0.6, Max: 1.4, Diff: 1.4, Sum: 4.6]
      [Termination (ms): Min: 0.0, Avg: 2.5, Max: 2.9, Diff: 2.9, Sum: 19.7]
         [Termination Attempts: Min: 1, Avg: 3.9, Max: 6, Diff: 5, Sum: 31]
      [GC Worker Other (ms): Min: 0.0, Avg: 0.0, Max: 0.1, Diff: 0.0, Sum: 0.2]
      [GC Worker Total (ms): Min: 5.6, Avg: 5.6, Max: 5.7, Diff: 0.1, Sum: 45.1]
      [GC Worker End (ms): Min: 1020949271.3, Avg: 1020949271.4, Max: 1020949271.4, Diff: 0.1]
   [Code Root Fixup: 0.0 ms]
   [Code Root Purge: 0.0 ms]
   [Clear CT: 0.6 ms]
   [Other: 4.1 ms]
      [Choose CSet: 0.0 ms]
      [Ref Proc: 3.4 ms]
      [Ref Enq: 0.1 ms]
      [Redirty Cards: 0.1 ms]
      [Humongous Register: 0.1 ms]
      [Humongous Reclaim: 0.0 ms]
      [Free CSet: 0.3 ms]
   [Eden: 7152.0M(7152.0M)->0.0B(7152.0M) Survivors: 16384.0K->16384.0K Heap: 10545.3M(14336.0M)->3393.3M(14336.0M)]
 [Times: user=0.05 sys=0.00, real=0.01 secs] 
2022-08-02T17:02:59.112-0700: 1021950.617: [GC pause (G1 Evacuation Pause) (young), 0.0108238 secs]
   [Parallel Time: 5.8 ms, GC Workers: 8]
      [GC Worker Start (ms): Min: 1021950616.7, Avg: 1021950616.8, Max: 1021950616.9, Diff: 0.1]
      [Ext Root Scanning (ms): Min: 1.1, Avg: 1.9, Max: 5.6, Diff: 4.4, Sum: 15.2]
      [Update RS (ms): Min: 0.0, Avg: 0.4, Max: 0.7, Diff: 0.7, Sum: 2.9]
         [Processed Buffers: Min: 0, Avg: 20.9, Max: 64, Diff: 64, Sum: 167]
      [Scan RS (ms): Min: 0.0, Avg: 0.1, Max: 0.1, Diff: 0.1, Sum: 0.6]
      [Code Root Scanning (ms): Min: 0.0, Avg: 0.0, Max: 0.0, Diff: 0.0, Sum: 0.0]
      [Object Copy (ms): Min: 0.0, Avg: 0.5, Max: 0.7, Diff: 0.7, Sum: 4.3]
      [Termination (ms): Min: 0.0, Avg: 2.7, Max: 3.1, Diff: 3.1, Sum: 21.6]
         [Termination Attempts: Min: 1, Avg: 2.0, Max: 3, Diff: 2, Sum: 16]
      [GC Worker Other (ms): Min: 0.0, Avg: 0.0, Max: 0.0, Diff: 0.0, Sum: 0.2]
      [GC Worker Total (ms): Min: 5.5, Avg: 5.6, Max: 5.7, Diff: 0.1, Sum: 44.8]
      [GC Worker End (ms): Min: 1021950622.4, Avg: 1021950622.4, Max: 1021950622.4, Diff: 0.0]
   [Code Root Fixup: 0.0 ms]
   [Code Root Purge: 0.0 ms]
   [Clear CT: 0.6 ms]
   [Other: 4.4 ms]
      [Choose CSet: 0.0 ms]
      [Ref Proc: 3.7 ms]
      [Ref Enq: 0.1 ms]
      [Redirty Cards: 0.1 ms]
      [Humongous Register: 0.1 ms]
      [Humongous Reclaim: 0.0 ms]
      [Free CSet: 0.3 ms]
   [Eden: 7152.0M(7152.0M)->0.0B(7152.0M) Survivors: 16384.0K->16384.0K Heap: 10545.3M(14336.0M)->3393.3M(14336.0M)]
 [Times: user=0.05 sys=0.01, real=0.02 secs] 
2022-08-02T17:19:35.512-0700: 1022947.016: [GC pause (G1 Evacuation Pause) (young) (initial-mark), 0.0123350 secs]
   [Parallel Time: 9.5 ms, GC Workers: 8]
      [GC Worker Start (ms): Min: 1022947018.3, Avg: 1022947018.3, Max: 1022947018.4, Diff: 0.1]
      [Ext Root Scanning (ms): Min: 6.4, Avg: 6.6, Max: 6.9, Diff: 0.5, Sum: 52.9]
      [Update RS (ms): Min: 0.2, Avg: 0.3, Max: 0.6, Diff: 0.4, Sum: 2.6]
         [Processed Buffers: Min: 1, Avg: 21.5, Max: 59, Diff: 58, Sum: 172]
      [Scan RS (ms): Min: 0.0, Avg: 0.1, Max: 0.1, Diff: 0.1, Sum: 0.6]
      [Code Root Scanning (ms): Min: 0.0, Avg: 0.0, Max: 0.0, Diff: 0.0, Sum: 0.0]
      [Object Copy (ms): Min: 0.3, Avg: 0.6, Max: 0.8, Diff: 0.5, Sum: 4.5]
      [Termination (ms): Min: 0.0, Avg: 0.0, Max: 0.0, Diff: 0.0, Sum: 0.0]
         [Termination Attempts: Min: 3, Avg: 8.4, Max: 13, Diff: 10, Sum: 67]
      [GC Worker Other (ms): Min: 0.0, Avg: 0.1, Max: 0.1, Diff: 0.1, Sum: 0.4]
      [GC Worker Total (ms): Min: 7.6, Avg: 7.6, Max: 7.7, Diff: 0.2, Sum: 61.1]
      [GC Worker End (ms): Min: 1022947025.9, Avg: 1022947026.0, Max: 1022947026.0, Diff: 0.1]
   [Code Root Fixup: 0.0 ms]
   [Code Root Purge: 0.0 ms]
   [Clear CT: 0.6 ms]
   [Other: 2.2 ms]
      [Choose CSet: 0.0 ms]
      [Ref Proc: 1.6 ms]
      [Ref Enq: 0.1 ms]
      [Redirty Cards: 0.1 ms]
      [Humongous Register: 0.0 ms]
      [Humongous Reclaim: 0.0 ms]
      [Free CSet: 0.3 ms]
   [Eden: 7152.0M(7152.0M)->0.0B(7152.0M) Survivors: 16384.0K->16384.0K Heap: 10545.3M(14336.0M)->3393.5M(14336.0M)]
 [Times: user=0.06 sys=0.00, real=0.02 secs] 
2022-08-02T17:19:35.524-0700: 1022947.029: [GC concurrent-root-region-scan-start]
2022-08-02T17:19:35.529-0700: 1022947.034: [GC concurrent-root-region-scan-end, 0.0046883 secs]
2022-08-02T17:19:35.529-0700: 1022947.034: [GC concurrent-mark-start]
2022-08-02T17:19:37.999-0700: 1022949.504: [GC concurrent-mark-end, 2.4703167 secs]
2022-08-02T17:19:38.000-0700: 1022949.504: [GC remark 2022-08-02T17:19:38.000-0700: 1022949.504: [Finalize Marking, 0.0004810 secs] 2022-08-02T17:19:38.000-0700: 1022949.505: [GC ref-proc, 0.0112789 secs] 2022-08-02T17:19:38.011-0700: 1022949.516: [Unloading, 0.0276296 secs], 0.0449015 secs]
 [Times: user=0.26 sys=0.00, real=0.05 secs] 
2022-08-02T17:19:38.045-0700: 1022949.550: [GC cleanup 3465M->3465M(14336M), 0.0085727 secs]
 [Times: user=0.06 sys=0.00, real=0.00 secs] 
2022-08-02T17:36:00.588-0700: 1023932.092: [GC pause (G1 Evacuation Pause) (young), 0.0112410 secs]
   [Parallel Time: 6.0 ms, GC Workers: 8]
      [GC Worker Start (ms): Min: 1023932092.6, Avg: 1023932092.7, Max: 1023932092.7, Diff: 0.1]
      [Ext Root Scanning (ms): Min: 1.2, Avg: 1.9, Max: 5.5, Diff: 4.3, Sum: 15.0]
      [Update RS (ms): Min: 0.0, Avg: 0.4, Max: 0.8, Diff: 0.8, Sum: 2.9]
         [Processed Buffers: Min: 0, Avg: 21.2, Max: 57, Diff: 57, Sum: 170]
      [Scan RS (ms): Min: 0.0, Avg: 0.1, Max: 0.2, Diff: 0.1, Sum: 0.7]
      [Code Root Scanning (ms): Min: 0.0, Avg: 0.0, Max: 0.0, Diff: 0.0, Sum: 0.0]
      [Object Copy (ms): Min: 0.0, Avg: 0.5, Max: 0.7, Diff: 0.7, Sum: 3.8]
      [Termination (ms): Min: 0.0, Avg: 2.6, Max: 3.0, Diff: 3.0, Sum: 21.1]
         [Termination Attempts: Min: 1, Avg: 5.1, Max: 11, Diff: 10, Sum: 41]
      [GC Worker Other (ms): Min: 0.0, Avg: 0.0, Max: 0.0, Diff: 0.0, Sum: 0.2]
      [GC Worker Total (ms): Min: 5.4, Avg: 5.5, Max: 5.5, Diff: 0.1, Sum: 43.6]
      [GC Worker End (ms): Min: 1023932098.1, Avg: 1023932098.1, Max: 1023932098.1, Diff: 0.0]
   [Code Root Fixup: 0.0 ms]
   [Code Root Purge: 0.0 ms]
   [Clear CT: 0.6 ms]
   [Other: 4.6 ms]
      [Choose CSet: 0.0 ms]
      [Ref Proc: 3.9 ms]
      [Ref Enq: 0.1 ms]
      [Redirty Cards: 0.1 ms]
      [Humongous Register: 0.1 ms]
      [Humongous Reclaim: 0.0 ms]
      [Free CSet: 0.3 ms]
   [Eden: 7152.0M(7152.0M)->0.0B(7152.0M) Survivors: 16384.0K->16384.0K Heap: 10545.5M(14336.0M)->3393.3M(14336.0M)]
 [Times: user=0.05 sys=0.00, real=0.01 secs] 
2022-08-02T17:52:35.613-0700: 1024927.117: [GC pause (G1 Evacuation Pause) (young), 0.0111620 secs]
   [Parallel Time: 5.9 ms, GC Workers: 8]
      [GC Worker Start (ms): Min: 1024927117.7, Avg: 1024927117.7, Max: 1024927117.8, Diff: 0.2]
      [Ext Root Scanning (ms): Min: 1.2, Avg: 2.0, Max: 5.6, Diff: 4.4, Sum: 16.0]
      [Update RS (ms): Min: 0.0, Avg: 0.4, Max: 0.7, Diff: 0.7, Sum: 2.8]
         [Processed Buffers: Min: 0, Avg: 21.6, Max: 54, Diff: 54, Sum: 173]
      [Scan RS (ms): Min: 0.0, Avg: 0.1, Max: 0.2, Diff: 0.1, Sum: 0.6]
      [Code Root Scanning (ms): Min: 0.0, Avg: 0.0, Max: 0.0, Diff: 0.0, Sum: 0.0]
      [Object Copy (ms): Min: 0.0, Avg: 0.5, Max: 0.8, Diff: 0.8, Sum: 4.2]
      [Termination (ms): Min: 0.0, Avg: 2.6, Max: 3.0, Diff: 3.0, Sum: 21.2]
         [Termination Attempts: Min: 1, Avg: 7.5, Max: 10, Diff: 9, Sum: 60]
      [GC Worker Other (ms): Min: 0.0, Avg: 0.0, Max: 0.1, Diff: 0.1, Sum: 0.3]
      [GC Worker Total (ms): Min: 5.5, Avg: 5.6, Max: 5.8, Diff: 0.2, Sum: 45.1]
      [GC Worker End (ms): Min: 1024927123.3, Avg: 1024927123.4, Max: 1024927123.5, Diff: 0.1]
   [Code Root Fixup: 0.0 ms]
   [Code Root Purge: 0.0 ms]
   [Clear CT: 0.6 ms]
   [Other: 4.7 ms]
      [Choose CSet: 0.0 ms]
      [Ref Proc: 3.9 ms]
      [Ref Enq: 0.1 ms]
      [Redirty Cards: 0.1 ms]
      [Humongous Register: 0.1 ms]
      [Humongous Reclaim: 0.0 ms]
      [Free CSet: 0.3 ms]
   [Eden: 7152.0M(7152.0M)->0.0B(7152.0M) Survivors: 16384.0K->16384.0K Heap: 10545.3M(14336.0M)->3393.3M(14336.0M)]
 [Times: user=0.06 sys=0.00, real=0.02 secs] 
2022-08-02T18:08:54.418-0700: 1025905.923: [GC pause (G1 Evacuation Pause) (young) (initial-mark), 0.0154459 secs]
   [Parallel Time: 9.9 ms, GC Workers: 8]
      [GC Worker Start (ms): Min: 1025905925.3, Avg: 1025905925.4, Max: 1025905925.4, Diff: 0.1]
      [Ext Root Scanning (ms): Min: 6.5, Avg: 6.7, Max: 7.0, Diff: 0.5, Sum: 53.8]
      [Update RS (ms): Min: 0.2, Avg: 0.3, Max: 0.5, Diff: 0.4, Sum: 2.4]
         [Processed Buffers: Min: 1, Avg: 22.0, Max: 56, Diff: 55, Sum: 176]
      [Scan RS (ms): Min: 0.0, Avg: 0.1, Max: 0.1, Diff: 0.1, Sum: 0.5]
      [Code Root Scanning (ms): Min: 0.0, Avg: 0.0, Max: 0.0, Diff: 0.0, Sum: 0.0]
      [Object Copy (ms): Min: 0.1, Avg: 0.5, Max: 0.7, Diff: 0.6, Sum: 3.7]
      [Termination (ms): Min: 0.0, Avg: 0.1, Max: 0.1, Diff: 0.1, Sum: 0.5]
         [Termination Attempts: Min: 1, Avg: 2.8, Max: 5, Diff: 4, Sum: 22]
      [GC Worker Other (ms): Min: 0.0, Avg: 0.0, Max: 0.1, Diff: 0.1, Sum: 0.3]
      [GC Worker Total (ms): Min: 7.6, Avg: 7.7, Max: 7.7, Diff: 0.1, Sum: 61.2]
      [GC Worker End (ms): Min: 1025905933.0, Avg: 1025905933.0, Max: 1025905933.1, Diff: 0.1]
   [Code Root Fixup: 0.0 ms]
   [Code Root Purge: 0.0 ms]
   [Clear CT: 0.6 ms]
   [Other: 4.9 ms]
      [Choose CSet: 0.0 ms]
      [Ref Proc: 4.0 ms]
      [Ref Enq: 0.2 ms]
      [Redirty Cards: 0.1 ms]
      [Humongous Register: 0.0 ms]
      [Humongous Reclaim: 0.0 ms]
      [Free CSet: 0.3 ms]
   [Eden: 7152.0M(7152.0M)->0.0B(7152.0M) Survivors: 16384.0K->16384.0K Heap: 10545.3M(14336.0M)->3393.4M(14336.0M)]
 [Times: user=0.06 sys=0.00, real=0.01 secs] 
2022-08-02T18:08:54.434-0700: 1025905.939: [GC concurrent-root-region-scan-start]
2022-08-02T18:08:54.439-0700: 1025905.944: [GC concurrent-root-region-scan-end, 0.0053218 secs]
2022-08-02T18:08:54.439-0700: 1025905.944: [GC concurrent-mark-start]
2022-08-02T18:08:56.935-0700: 1025908.440: [GC concurrent-mark-end, 2.4959294 secs]
2022-08-02T18:08:56.936-0700: 1025908.441: [GC remark 2022-08-02T18:08:56.936-0700: 1025908.441: [Finalize Marking, 0.0002998 secs] 2022-08-02T18:08:56.936-0700: 1025908.441: [GC ref-proc, 0.0074184 secs] 2022-08-02T18:08:56.944-0700: 1025908.448: [Unloading, 0.0283833 secs], 0.0415316 secs]
 [Times: user=0.26 sys=0.00, real=0.04 secs] 
2022-08-02T18:08:56.978-0700: 1025908.482: [GC cleanup 3469M->3469M(14336M), 0.0084390 secs]
 [Times: user=0.06 sys=0.00, real=0.01 secs] 
2022-08-02T18:25:34.263-0700: 1026905.768: [GC pause (G1 Evacuation Pause) (young), 0.0111091 secs]
   [Parallel Time: 6.0 ms, GC Workers: 8]
      [GC Worker Start (ms): Min: 1026905767.8, Avg: 1026905767.9, Max: 1026905768.0, Diff: 0.2]
      [Ext Root Scanning (ms): Min: 1.2, Avg: 1.9, Max: 5.7, Diff: 4.5, Sum: 15.5]
      [Update RS (ms): Min: 0.0, Avg: 0.4, Max: 0.7, Diff: 0.7, Sum: 2.9]
         [Processed Buffers: Min: 0, Avg: 20.8, Max: 51, Diff: 51, Sum: 166]
      [Scan RS (ms): Min: 0.0, Avg: 0.1, Max: 0.1, Diff: 0.1, Sum: 0.6]
      [Code Root Scanning (ms): Min: 0.0, Avg: 0.0, Max: 0.0, Diff: 0.0, Sum: 0.0]
      [Object Copy (ms): Min: 0.0, Avg: 0.5, Max: 0.7, Diff: 0.7, Sum: 3.8]
      [Termination (ms): Min: 0.0, Avg: 2.8, Max: 3.2, Diff: 3.2, Sum: 22.1]
         [Termination Attempts: Min: 1, Avg: 1.0, Max: 1, Diff: 0, Sum: 8]
      [GC Worker Other (ms): Min: 0.0, Avg: 0.0, Max: 0.0, Diff: 0.0, Sum: 0.2]
      [GC Worker Total (ms): Min: 5.5, Avg: 5.6, Max: 5.7, Diff: 0.2, Sum: 45.1]
      [GC Worker End (ms): Min: 1026905773.5, Avg: 1026905773.5, Max: 1026905773.6, Diff: 0.0]
   [Code Root Fixup: 0.0 ms]
   [Code Root Purge: 0.0 ms]
   [Clear CT: 0.6 ms]
   [Other: 4.5 ms]
      [Choose CSet: 0.0 ms]
      [Ref Proc: 3.7 ms]
      [Ref Enq: 0.1 ms]
      [Redirty Cards: 0.1 ms]
      [Humongous Register: 0.1 ms]
      [Humongous Reclaim: 0.0 ms]
      [Free CSet: 0.3 ms]
   [Eden: 7152.0M(7152.0M)->0.0B(7152.0M) Survivors: 16384.0K->16384.0K Heap: 10545.4M(14336.0M)->3393.3M(14336.0M)]
 [Times: user=0.05 sys=0.01, real=0.00 secs] 
2022-08-02T18:42:08.312-0700: 1027899.817: [GC pause (G1 Evacuation Pause) (young), 0.0111508 secs]
   [Parallel Time: 5.8 ms, GC Workers: 8]
      [GC Worker Start (ms): Min: 1027899816.7, Avg: 1027899816.8, Max: 1027899816.9, Diff: 0.2]
      [Ext Root Scanning (ms): Min: 1.2, Avg: 1.9, Max: 5.5, Diff: 4.3, Sum: 15.4]
      [Update RS (ms): Min: 0.0, Avg: 0.4, Max: 0.7, Diff: 0.7, Sum: 3.0]
         [Processed Buffers: Min: 0, Avg: 21.4, Max: 54, Diff: 54, Sum: 171]
      [Scan RS (ms): Min: 0.0, Avg: 0.1, Max: 0.2, Diff: 0.1, Sum: 0.7]
      [Code Root Scanning (ms): Min: 0.0, Avg: 0.0, Max: 0.0, Diff: 0.0, Sum: 0.0]
      [Object Copy (ms): Min: 0.0, Avg: 0.5, Max: 0.7, Diff: 0.6, Sum: 3.8]
      [Termination (ms): Min: 0.0, Avg: 2.6, Max: 3.0, Diff: 3.0, Sum: 20.6]
         [Termination Attempts: Min: 1, Avg: 1.8, Max: 2, Diff: 1, Sum: 14]
      [GC Worker Other (ms): Min: 0.0, Avg: 0.0, Max: 0.0, Diff: 0.0, Sum: 0.2]
      [GC Worker Total (ms): Min: 5.4, Avg: 5.5, Max: 5.5, Diff: 0.2, Sum: 43.7]
      [GC Worker End (ms): Min: 1027899822.3, Avg: 1027899822.3, Max: 1027899822.3, Diff: 0.0]
   [Code Root Fixup: 0.0 ms]
   [Code Root Purge: 0.0 ms]
   [Clear CT: 0.7 ms]
   [Other: 4.6 ms]
      [Choose CSet: 0.0 ms]
      [Ref Proc: 3.8 ms]
      [Ref Enq: 0.1 ms]
      [Redirty Cards: 0.1 ms]
      [Humongous Register: 0.1 ms]
      [Humongous Reclaim: 0.0 ms]
      [Free CSet: 0.3 ms]
   [Eden: 7152.0M(7152.0M)->0.0B(7152.0M) Survivors: 16384.0K->16384.0K Heap: 10545.3M(14336.0M)->3393.3M(14336.0M)]
 [Times: user=0.06 sys=0.00, real=0.02 secs] 
2022-08-02T18:58:55.804-0700: 1028907.309: [GC pause (G1 Evacuation Pause) (young) (initial-mark), 0.0158662 secs]
   [Parallel Time: 10.2 ms, GC Workers: 8]
      [GC Worker Start (ms): Min: 1028907311.0, Avg: 1028907311.1, Max: 1028907311.2, Diff: 0.2]
      [Ext Root Scanning (ms): Min: 6.6, Avg: 6.8, Max: 7.1, Diff: 0.5, Sum: 54.6]
      [Update RS (ms): Min: 0.2, Avg: 0.3, Max: 0.5, Diff: 0.4, Sum: 2.4]
         [Processed Buffers: Min: 1, Avg: 20.9, Max: 56, Diff: 55, Sum: 167]
      [Scan RS (ms): Min: 0.0, Avg: 0.1, Max: 0.1, Diff: 0.1, Sum: 0.5]
      [Code Root Scanning (ms): Min: 0.0, Avg: 0.0, Max: 0.0, Diff: 0.0, Sum: 0.0]
      [Object Copy (ms): Min: 0.1, Avg: 0.5, Max: 0.8, Diff: 0.7, Sum: 4.3]
      [Termination (ms): Min: 0.0, Avg: 0.0, Max: 0.0, Diff: 0.0, Sum: 0.0]
         [Termination Attempts: Min: 3, Avg: 10.1, Max: 14, Diff: 11, Sum: 81]
      [GC Worker Other (ms): Min: 0.0, Avg: 0.1, Max: 0.1, Diff: 0.1, Sum: 0.4]
      [GC Worker Total (ms): Min: 7.7, Avg: 7.8, Max: 7.9, Diff: 0.2, Sum: 62.3]
      [GC Worker End (ms): Min: 1028907318.9, Avg: 1028907318.9, Max: 1028907318.9, Diff: 0.1]
   [Code Root Fixup: 0.0 ms]
   [Code Root Purge: 0.0 ms]
   [Clear CT: 0.7 ms]
   [Other: 5.0 ms]
      [Choose CSet: 0.0 ms]
      [Ref Proc: 4.1 ms]
      [Ref Enq: 0.1 ms]
      [Redirty Cards: 0.1 ms]
      [Humongous Register: 0.0 ms]
      [Humongous Reclaim: 0.0 ms]
      [Free CSet: 0.3 ms]
   [Eden: 7152.0M(7152.0M)->0.0B(7152.0M) Survivors: 16384.0K->16384.0K Heap: 10545.3M(14336.0M)->3393.4M(14336.0M)]
 [Times: user=0.07 sys=0.00, real=0.01 secs] 
2022-08-02T18:58:55.820-0700: 1028907.325: [GC concurrent-root-region-scan-start]
2022-08-02T18:58:55.825-0700: 1028907.329: [GC concurrent-root-region-scan-end, 0.0047900 secs]
2022-08-02T18:58:55.825-0700: 1028907.329: [GC concurrent-mark-start]
2022-08-02T18:58:58.329-0700: 1028909.834: [GC concurrent-mark-end, 2.5044099 secs]
2022-08-02T18:58:58.329-0700: 1028909.834: [GC remark 2022-08-02T18:58:58.329-0700: 1028909.834: [Finalize Marking, 0.0002356 secs] 2022-08-02T18:58:58.330-0700: 1028909.834: [GC ref-proc, 0.0060015 secs] 2022-08-02T18:58:58.336-0700: 1028909.840: [Unloading, 0.0280255 secs], 0.0399309 secs]
 [Times: user=0.25 sys=0.00, real=0.04 secs] 
2022-08-02T18:58:58.370-0700: 1028909.874: [GC cleanup 3437M->3437M(14336M), 0.0085065 secs]
 [Times: user=0.06 sys=0.00, real=0.01 secs] 
2022-08-02T19:15:39.063-0700: 1029910.568: [GC pause (G1 Evacuation Pause) (young), 0.0090021 secs]
   [Parallel Time: 6.0 ms, GC Workers: 8]
      [GC Worker Start (ms): Min: 1029910568.0, Avg: 1029910568.1, Max: 1029910568.1, Diff: 0.1]
      [Ext Root Scanning (ms): Min: 1.2, Avg: 2.0, Max: 5.8, Diff: 4.6, Sum: 15.9]
      [Update RS (ms): Min: 0.0, Avg: 0.4, Max: 0.7, Diff: 0.7, Sum: 3.0]
         [Processed Buffers: Min: 0, Avg: 20.0, Max: 50, Diff: 50, Sum: 160]
      [Scan RS (ms): Min: 0.0, Avg: 0.1, Max: 0.2, Diff: 0.1, Sum: 0.7]
      [Code Root Scanning (ms): Min: 0.0, Avg: 0.0, Max: 0.0, Diff: 0.0, Sum: 0.0]
      [Object Copy (ms): Min: 0.0, Avg: 0.5, Max: 0.8, Diff: 0.8, Sum: 4.3]
      [Termination (ms): Min: 0.0, Avg: 2.9, Max: 3.3, Diff: 3.3, Sum: 22.8]
         [Termination Attempts: Min: 1, Avg: 2.6, Max: 5, Diff: 4, Sum: 21]
      [GC Worker Other (ms): Min: 0.0, Avg: 0.0, Max: 0.0, Diff: 0.0, Sum: 0.2]
      [GC Worker Total (ms): Min: 5.8, Avg: 5.9, Max: 5.9, Diff: 0.1, Sum: 46.8]
      [GC Worker End (ms): Min: 1029910573.9, Avg: 1029910573.9, Max: 1029910574.0, Diff: 0.0]
   [Code Root Fixup: 0.0 ms]
   [Code Root Purge: 0.0 ms]
   [Clear CT: 0.6 ms]
   [Other: 2.3 ms]
      [Choose CSet: 0.0 ms]
      [Ref Proc: 1.7 ms]
      [Ref Enq: 0.1 ms]
      [Redirty Cards: 0.1 ms]
      [Humongous Register: 0.1 ms]
      [Humongous Reclaim: 0.0 ms]
      [Free CSet: 0.3 ms]
   [Eden: 7152.0M(7152.0M)->0.0B(7152.0M) Survivors: 16384.0K->16384.0K Heap: 10545.4M(14336.0M)->3393.4M(14336.0M)]
 [Times: user=0.05 sys=0.00, real=0.00 secs] 
2022-08-02T19:32:06.012-0700: 1030897.516: [GC pause (G1 Evacuation Pause) (young), 0.0106650 secs]
   [Parallel Time: 5.7 ms, GC Workers: 8]
      [GC Worker Start (ms): Min: 1030897516.6, Avg: 1030897516.7, Max: 1030897516.8, Diff: 0.2]
      [Ext Root Scanning (ms): Min: 1.2, Avg: 2.0, Max: 5.6, Diff: 4.4, Sum: 15.6]
      [Update RS (ms): Min: 0.0, Avg: 0.4, Max: 0.8, Diff: 0.8, Sum: 2.9]
         [Processed Buffers: Min: 0, Avg: 21.8, Max: 58, Diff: 58, Sum: 174]
      [Scan RS (ms): Min: 0.0, Avg: 0.1, Max: 0.1, Diff: 0.1, Sum: 0.6]
      [Code Root Scanning (ms): Min: 0.0, Avg: 0.0, Max: 0.0, Diff: 0.0, Sum: 0.0]
      [Object Copy (ms): Min: 0.0, Avg: 0.5, Max: 0.8, Diff: 0.8, Sum: 4.1]
      [Termination (ms): Min: 0.0, Avg: 2.6, Max: 3.0, Diff: 3.0, Sum: 21.0]
         [Termination Attempts: Min: 1, Avg: 2.1, Max: 3, Diff: 2, Sum: 17]
      [GC Worker Other (ms): Min: 0.0, Avg: 0.0, Max: 0.0, Diff: 0.0, Sum: 0.1]
      [GC Worker Total (ms): Min: 5.5, Avg: 5.5, Max: 5.6, Diff: 0.1, Sum: 44.4]
      [GC Worker End (ms): Min: 1030897522.2, Avg: 1030897522.2, Max: 1030897522.3, Diff: 0.0]
   [Code Root Fixup: 0.0 ms]
   [Code Root Purge: 0.0 ms]
   [Clear CT: 0.6 ms]
   [Other: 4.3 ms]
      [Choose CSet: 0.0 ms]
      [Ref Proc: 3.6 ms]
      [Ref Enq: 0.1 ms]
      [Redirty Cards: 0.1 ms]
      [Humongous Register: 0.1 ms]
      [Humongous Reclaim: 0.0 ms]
      [Free CSet: 0.3 ms]
   [Eden: 7152.0M(7152.0M)->0.0B(7152.0M) Survivors: 16384.0K->16384.0K Heap: 10545.4M(14336.0M)->3393.5M(14336.0M)]
 [Times: user=0.05 sys=0.01, real=0.01 secs] 
2022-08-02T19:48:47.360-0700: 1031898.865: [GC pause (G1 Evacuation Pause) (young) (initial-mark), 0.0154598 secs]
   [Parallel Time: 10.1 ms, GC Workers: 8]
      [GC Worker Start (ms): Min: 1031898867.4, Avg: 1031898867.4, Max: 1031898867.5, Diff: 0.1]
      [Ext Root Scanning (ms): Min: 6.2, Avg: 6.6, Max: 6.9, Diff: 0.7, Sum: 52.5]
      [Update RS (ms): Min: 0.1, Avg: 0.3, Max: 0.6, Diff: 0.4, Sum: 2.4]
         [Processed Buffers: Min: 1, Avg: 21.6, Max: 52, Diff: 51, Sum: 173]
      [Scan RS (ms): Min: 0.0, Avg: 0.1, Max: 0.1, Diff: 0.1, Sum: 0.5]
      [Code Root Scanning (ms): Min: 0.0, Avg: 0.0, Max: 0.0, Diff: 0.0, Sum: 0.0]
      [Object Copy (ms): Min: 0.2, Avg: 0.6, Max: 1.0, Diff: 0.7, Sum: 5.1]
      [Termination (ms): Min: 0.0, Avg: 0.0, Max: 0.0, Diff: 0.0, Sum: 0.0]
         [Termination Attempts: Min: 3, Avg: 9.1, Max: 14, Diff: 11, Sum: 73]
      [GC Worker Other (ms): Min: 0.0, Avg: 0.1, Max: 0.1, Diff: 0.1, Sum: 0.5]
      [GC Worker Total (ms): Min: 7.5, Avg: 7.6, Max: 7.8, Diff: 0.2, Sum: 61.0]
      [GC Worker End (ms): Min: 1031898875.0, Avg: 1031898875.0, Max: 1031898875.1, Diff: 0.1]
   [Code Root Fixup: 0.0 ms]
   [Code Root Purge: 0.0 ms]
   [Clear CT: 0.7 ms]
   [Other: 4.7 ms]
      [Choose CSet: 0.0 ms]
      [Ref Proc: 3.9 ms]
      [Ref Enq: 0.1 ms]
      [Redirty Cards: 0.1 ms]
      [Humongous Register: 0.0 ms]
      [Humongous Reclaim: 0.0 ms]
      [Free CSet: 0.3 ms]
   [Eden: 7152.0M(7152.0M)->0.0B(7152.0M) Survivors: 16384.0K->16384.0K Heap: 10545.5M(14336.0M)->3393.4M(14336.0M)]
 [Times: user=0.06 sys=0.01, real=0.02 secs] 
2022-08-02T19:48:47.376-0700: 1031898.881: [GC concurrent-root-region-scan-start]
2022-08-02T19:48:47.381-0700: 1031898.886: [GC concurrent-root-region-scan-end, 0.0052074 secs]
2022-08-02T19:48:47.381-0700: 1031898.886: [GC concurrent-mark-start]
2022-08-02T19:48:49.893-0700: 1031901.397: [GC concurrent-mark-end, 2.5113620 secs]
2022-08-02T19:48:49.893-0700: 1031901.398: [GC remark 2022-08-02T19:48:49.893-0700: 1031901.398: [Finalize Marking, 0.0003608 secs] 2022-08-02T19:48:49.893-0700: 1031901.398: [GC ref-proc, 0.0115225 secs] 2022-08-02T19:48:49.905-0700: 1031901.410: [Unloading, 0.0276452 secs], 0.0451010 secs]
 [Times: user=0.26 sys=0.00, real=0.05 secs] 
2022-08-02T19:48:49.938-0700: 1031901.443: [GC cleanup 3433M->3433M(14336M), 0.0081269 secs]
 [Times: user=0.06 sys=0.00, real=0.01 secs] 
2022-08-02T20:05:29.562-0700: 1032901.067: [GC pause (G1 Evacuation Pause) (young), 0.0084659 secs]
   [Parallel Time: 5.5 ms, GC Workers: 8]
      [GC Worker Start (ms): Min: 1032901067.1, Avg: 1032901067.1, Max: 1032901067.2, Diff: 0.1]
      [Ext Root Scanning (ms): Min: 1.2, Avg: 1.9, Max: 5.4, Diff: 4.2, Sum: 15.3]
      [Update RS (ms): Min: 0.0, Avg: 0.4, Max: 0.8, Diff: 0.8, Sum: 2.9]
         [Processed Buffers: Min: 0, Avg: 19.1, Max: 42, Diff: 42, Sum: 153]
      [Scan RS (ms): Min: 0.0, Avg: 0.1, Max: 0.2, Diff: 0.1, Sum: 0.6]
      [Code Root Scanning (ms): Min: 0.0, Avg: 0.0, Max: 0.0, Diff: 0.0, Sum: 0.0]
      [Object Copy (ms): Min: 0.0, Avg: 0.6, Max: 0.8, Diff: 0.8, Sum: 4.5]
      [Termination (ms): Min: 0.0, Avg: 2.5, Max: 2.8, Diff: 2.8, Sum: 19.6]
         [Termination Attempts: Min: 1, Avg: 6.2, Max: 9, Diff: 8, Sum: 50]
      [GC Worker Other (ms): Min: 0.0, Avg: 0.0, Max: 0.0, Diff: 0.0, Sum: 0.2]
      [GC Worker Total (ms): Min: 5.4, Avg: 5.4, Max: 5.4, Diff: 0.1, Sum: 43.2]
      [GC Worker End (ms): Min: 1032901072.5, Avg: 1032901072.5, Max: 1032901072.6, Diff: 0.0]
   [Code Root Fixup: 0.0 ms]
   [Code Root Purge: 0.0 ms]
   [Clear CT: 0.6 ms]
   [Other: 2.3 ms]
      [Choose CSet: 0.0 ms]
      [Ref Proc: 1.7 ms]
      [Ref Enq: 0.1 ms]
      [Redirty Cards: 0.1 ms]
      [Humongous Register: 0.0 ms]
      [Humongous Reclaim: 0.0 ms]
      [Free CSet: 0.3 ms]
   [Eden: 7152.0M(7152.0M)->0.0B(7152.0M) Survivors: 16384.0K->16384.0K Heap: 10545.4M(14336.0M)->3393.7M(14336.0M)]
 [Times: user=0.06 sys=0.00, real=0.01 secs] 
2022-08-02T20:22:06.462-0700: 1033897.966: [GC pause (G1 Evacuation Pause) (young), 0.0114612 secs]
   [Parallel Time: 5.7 ms, GC Workers: 8]
      [GC Worker Start (ms): Min: 1033897966.6, Avg: 1033897966.6, Max: 1033897966.7, Diff: 0.1]
      [Ext Root Scanning (ms): Min: 1.1, Avg: 2.0, Max: 5.3, Diff: 4.1, Sum: 15.7]
      [Update RS (ms): Min: 0.0, Avg: 0.3, Max: 0.5, Diff: 0.5, Sum: 2.1]
         [Processed Buffers: Min: 0, Avg: 21.6, Max: 59, Diff: 59, Sum: 173]
      [Scan RS (ms): Min: 0.0, Avg: 0.1, Max: 0.1, Diff: 0.1, Sum: 0.5]
      [Code Root Scanning (ms): Min: 0.0, Avg: 0.0, Max: 0.0, Diff: 0.0, Sum: 0.0]
      [Object Copy (ms): Min: 0.0, Avg: 0.3, Max: 0.5, Diff: 0.5, Sum: 2.4]
      [Termination (ms): Min: 0.0, Avg: 2.7, Max: 3.1, Diff: 3.1, Sum: 21.3]
         [Termination Attempts: Min: 1, Avg: 1.0, Max: 1, Diff: 0, Sum: 8]
      [GC Worker Other (ms): Min: 0.0, Avg: 0.0, Max: 0.0, Diff: 0.0, Sum: 0.2]
      [GC Worker Total (ms): Min: 5.2, Avg: 5.3, Max: 5.3, Diff: 0.1, Sum: 42.2]
      [GC Worker End (ms): Min: 1033897971.9, Avg: 1033897971.9, Max: 1033897972.0, Diff: 0.0]
   [Code Root Fixup: 0.0 ms]
   [Code Root Purge: 0.0 ms]
   [Clear CT: 0.6 ms]
   [Other: 5.1 ms]
      [Choose CSet: 0.0 ms]
      [Ref Proc: 4.3 ms]
      [Ref Enq: 0.1 ms]
      [Redirty Cards: 0.1 ms]
      [Humongous Register: 0.1 ms]
      [Humongous Reclaim: 0.0 ms]
      [Free CSet: 0.3 ms]
   [Eden: 7152.0M(7152.0M)->0.0B(7152.0M) Survivors: 16384.0K->16384.0K Heap: 10545.7M(14336.0M)->3393.4M(14336.0M)]
 [Times: user=0.05 sys=0.00, real=0.01 secs] 
2022-08-02T20:38:28.612-0700: 1034880.116: [GC pause (G1 Evacuation Pause) (young) (initial-mark), 0.0155074 secs]
   [Parallel Time: 9.9 ms, GC Workers: 8]
      [GC Worker Start (ms): Min: 1034880118.7, Avg: 1034880118.8, Max: 1034880118.9, Diff: 0.2]
      [Ext Root Scanning (ms): Min: 6.3, Avg: 6.5, Max: 6.7, Diff: 0.4, Sum: 52.1]
      [Update RS (ms): Min: 0.2, Avg: 0.3, Max: 0.5, Diff: 0.4, Sum: 2.6]
         [Processed Buffers: Min: 1, Avg: 21.1, Max: 61, Diff: 60, Sum: 169]
      [Scan RS (ms): Min: 0.0, Avg: 0.1, Max: 0.1, Diff: 0.1, Sum: 0.5]
      [Code Root Scanning (ms): Min: 0.0, Avg: 0.0, Max: 0.0, Diff: 0.0, Sum: 0.0]
      [Object Copy (ms): Min: 0.2, Avg: 0.5, Max: 0.7, Diff: 0.5, Sum: 3.9]
      [Termination (ms): Min: 0.0, Avg: 0.0, Max: 0.0, Diff: 0.0, Sum: 0.1]
         [Termination Attempts: Min: 1, Avg: 2.2, Max: 4, Diff: 3, Sum: 18]
      [GC Worker Other (ms): Min: 0.0, Avg: 0.0, Max: 0.1, Diff: 0.0, Sum: 0.3]
      [GC Worker Total (ms): Min: 7.3, Avg: 7.4, Max: 7.5, Diff: 0.2, Sum: 59.4]
      [GC Worker End (ms): Min: 1034880126.2, Avg: 1034880126.2, Max: 1034880126.2, Diff: 0.0]
   [Code Root Fixup: 0.0 ms]
   [Code Root Purge: 0.0 ms]
   [Clear CT: 0.6 ms]
   [Other: 5.0 ms]
      [Choose CSet: 0.0 ms]
      [Ref Proc: 4.3 ms]
      [Ref Enq: 0.1 ms]
      [Redirty Cards: 0.1 ms]
      [Humongous Register: 0.0 ms]
      [Humongous Reclaim: 0.0 ms]
      [Free CSet: 0.3 ms]
   [Eden: 7152.0M(7152.0M)->0.0B(7152.0M) Survivors: 16384.0K->16384.0K Heap: 10545.4M(14336.0M)->3393.4M(14336.0M)]
 [Times: user=0.06 sys=0.00, real=0.02 secs] 
2022-08-02T20:38:28.627-0700: 1034880.132: [GC concurrent-root-region-scan-start]
2022-08-02T20:38:28.632-0700: 1034880.137: [GC concurrent-root-region-scan-end, 0.0050074 secs]
2022-08-02T20:38:28.632-0700: 1034880.137: [GC concurrent-mark-start]
2022-08-02T20:38:31.143-0700: 1034882.648: [GC concurrent-mark-end, 2.5110111 secs]
2022-08-02T20:38:31.144-0700: 1034882.648: [GC remark 2022-08-02T20:38:31.144-0700: 1034882.648: [Finalize Marking, 0.0004712 secs] 2022-08-02T20:38:31.144-0700: 1034882.649: [GC ref-proc, 0.0083891 secs] 2022-08-02T20:38:31.153-0700: 1034882.657: [Unloading, 0.0280952 secs], 0.0423483 secs]
 [Times: user=0.26 sys=0.00, real=0.04 secs] 
2022-08-02T20:38:31.186-0700: 1034882.691: [GC cleanup 3469M->3469M(14336M), 0.0078107 secs]
 [Times: user=0.06 sys=0.00, real=0.00 secs] 
2022-08-02T20:55:11.962-0700: 1035883.467: [GC pause (G1 Evacuation Pause) (young), 0.0107617 secs]
   [Parallel Time: 5.9 ms, GC Workers: 8]
      [GC Worker Start (ms): Min: 1035883467.0, Avg: 1035883467.1, Max: 1035883467.1, Diff: 0.2]
      [Ext Root Scanning (ms): Min: 1.3, Avg: 2.1, Max: 5.5, Diff: 4.2, Sum: 16.6]
      [Update RS (ms): Min: 0.0, Avg: 0.4, Max: 0.7, Diff: 0.7, Sum: 2.9]
         [Processed Buffers: Min: 0, Avg: 21.4, Max: 54, Diff: 54, Sum: 171]
      [Scan RS (ms): Min: 0.0, Avg: 0.1, Max: 0.2, Diff: 0.1, Sum: 0.6]
      [Code Root Scanning (ms): Min: 0.0, Avg: 0.0, Max: 0.0, Diff: 0.0, Sum: 0.0]
      [Object Copy (ms): Min: 0.0, Avg: 0.6, Max: 0.8, Diff: 0.8, Sum: 4.5]
      [Termination (ms): Min: 0.0, Avg: 2.4, Max: 2.8, Diff: 2.8, Sum: 19.3]
         [Termination Attempts: Min: 1, Avg: 1.9, Max: 3, Diff: 2, Sum: 15]
      [GC Worker Other (ms): Min: 0.0, Avg: 0.0, Max: 0.0, Diff: 0.0, Sum: 0.1]
      [GC Worker Total (ms): Min: 5.4, Avg: 5.5, Max: 5.6, Diff: 0.1, Sum: 44.1]
      [GC Worker End (ms): Min: 1035883472.5, Avg: 1035883472.6, Max: 1035883472.6, Diff: 0.0]
   [Code Root Fixup: 0.0 ms]
   [Code Root Purge: 0.0 ms]
   [Clear CT: 0.6 ms]
   [Other: 4.3 ms]
      [Choose CSet: 0.0 ms]
      [Ref Proc: 3.6 ms]
      [Ref Enq: 0.1 ms]
      [Redirty Cards: 0.1 ms]
      [Humongous Register: 0.1 ms]
      [Humongous Reclaim: 0.0 ms]
      [Free CSet: 0.3 ms]
   [Eden: 7152.0M(7152.0M)->0.0B(7152.0M) Survivors: 16384.0K->16384.0K Heap: 10545.4M(14336.0M)->3393.5M(14336.0M)]
 [Times: user=0.06 sys=0.00, real=0.01 secs] 
2022-08-02T21:11:54.062-0700: 1036885.566: [GC pause (G1 Evacuation Pause) (young), 0.0099679 secs]
   [Parallel Time: 6.0 ms, GC Workers: 8]
      [GC Worker Start (ms): Min: 1036885566.7, Avg: 1036885566.8, Max: 1036885566.8, Diff: 0.2]
      [Ext Root Scanning (ms): Min: 1.2, Avg: 1.9, Max: 5.9, Diff: 4.7, Sum: 15.5]
      [Update RS (ms): Min: 0.0, Avg: 0.3, Max: 0.7, Diff: 0.7, Sum: 2.8]
         [Processed Buffers: Min: 0, Avg: 22.0, Max: 52, Diff: 52, Sum: 176]
      [Scan RS (ms): Min: 0.0, Avg: 0.1, Max: 0.1, Diff: 0.1, Sum: 0.6]
      [Code Root Scanning (ms): Min: 0.0, Avg: 0.0, Max: 0.0, Diff: 0.0, Sum: 0.0]
      [Object Copy (ms): Min: 0.0, Avg: 0.5, Max: 0.7, Diff: 0.7, Sum: 3.8]
      [Termination (ms): Min: 0.0, Avg: 3.0, Max: 3.4, Diff: 3.4, Sum: 23.9]
         [Termination Attempts: Min: 1, Avg: 1.8, Max: 3, Diff: 2, Sum: 14]
      [GC Worker Other (ms): Min: 0.0, Avg: 0.0, Max: 0.0, Diff: 0.0, Sum: 0.1]
      [GC Worker Total (ms): Min: 5.8, Avg: 5.8, Max: 5.9, Diff: 0.1, Sum: 46.8]
      [GC Worker End (ms): Min: 1036885572.6, Avg: 1036885572.6, Max: 1036885572.6, Diff: 0.0]
   [Code Root Fixup: 0.0 ms]
   [Code Root Purge: 0.0 ms]
   [Clear CT: 0.6 ms]
   [Other: 3.4 ms]
      [Choose CSet: 0.0 ms]
      [Ref Proc: 2.6 ms]
      [Ref Enq: 0.1 ms]
      [Redirty Cards: 0.1 ms]
      [Humongous Register: 0.1 ms]
      [Humongous Reclaim: 0.0 ms]
      [Free CSet: 0.3 ms]
   [Eden: 7152.0M(7152.0M)->0.0B(7152.0M) Survivors: 16384.0K->16384.0K Heap: 10545.5M(14336.0M)->3393.4M(14336.0M)]
 [Times: user=0.06 sys=0.00, real=0.01 secs] 
2022-08-02T21:28:25.763-0700: 1037877.268: [GC pause (G1 Evacuation Pause) (young) (initial-mark), 0.0150164 secs]
   [Parallel Time: 9.8 ms, GC Workers: 8]
      [GC Worker Start (ms): Min: 1037877270.2, Avg: 1037877270.3, Max: 1037877270.4, Diff: 0.2]
      [Ext Root Scanning (ms): Min: 6.1, Avg: 6.4, Max: 6.7, Diff: 0.6, Sum: 50.8]
      [Update RS (ms): Min: 0.2, Avg: 0.3, Max: 0.5, Diff: 0.3, Sum: 2.2]
         [Processed Buffers: Min: 1, Avg: 21.5, Max: 69, Diff: 68, Sum: 172]
      [Scan RS (ms): Min: 0.0, Avg: 0.1, Max: 0.1, Diff: 0.1, Sum: 0.5]
      [Code Root Scanning (ms): Min: 0.0, Avg: 0.0, Max: 0.0, Diff: 0.0, Sum: 0.0]
      [Object Copy (ms): Min: 0.1, Avg: 0.5, Max: 0.7, Diff: 0.5, Sum: 3.7]
      [Termination (ms): Min: 0.0, Avg: 0.1, Max: 0.1, Diff: 0.1, Sum: 0.4]
         [Termination Attempts: Min: 1, Avg: 2.1, Max: 3, Diff: 2, Sum: 17]
      [GC Worker Other (ms): Min: 0.0, Avg: 0.1, Max: 0.2, Diff: 0.2, Sum: 0.5]
      [GC Worker Total (ms): Min: 7.1, Avg: 7.3, Max: 7.4, Diff: 0.2, Sum: 58.2]
      [GC Worker End (ms): Min: 1037877277.6, Avg: 1037877277.6, Max: 1037877277.7, Diff: 0.2]
   [Code Root Fixup: 0.0 ms]
   [Code Root Purge: 0.0 ms]
   [Clear CT: 0.7 ms]
   [Other: 4.5 ms]
      [Choose CSet: 0.0 ms]
      [Ref Proc: 3.8 ms]
      [Ref Enq: 0.1 ms]
      [Redirty Cards: 0.1 ms]
      [Humongous Register: 0.0 ms]
      [Humongous Reclaim: 0.0 ms]
      [Free CSet: 0.3 ms]
   [Eden: 7152.0M(7152.0M)->0.0B(7152.0M) Survivors: 16384.0K->16384.0K Heap: 10545.4M(14336.0M)->3393.5M(14336.0M)]
 [Times: user=0.07 sys=0.00, real=0.01 secs] 
2022-08-02T21:28:25.778-0700: 1037877.283: [GC concurrent-root-region-scan-start]
2022-08-02T21:28:25.783-0700: 1037877.288: [GC concurrent-root-region-scan-end, 0.0048547 secs]
2022-08-02T21:28:25.783-0700: 1037877.288: [GC concurrent-mark-start]
2022-08-02T21:28:28.269-0700: 1037879.773: [GC concurrent-mark-end, 2.4854386 secs]
2022-08-02T21:28:28.269-0700: 1037879.774: [GC remark 2022-08-02T21:28:28.269-0700: 1037879.774: [Finalize Marking, 0.0002861 secs] 2022-08-02T21:28:28.269-0700: 1037879.774: [GC ref-proc, 0.0088312 secs] 2022-08-02T21:28:28.278-0700: 1037879.783: [Unloading, 0.0282727 secs], 0.0428124 secs]
 [Times: user=0.26 sys=0.00, real=0.04 secs] 
2022-08-02T21:28:28.312-0700: 1037879.817: [GC cleanup 3465M->3465M(14336M), 0.0091409 secs]
 [Times: user=0.06 sys=0.00, real=0.01 secs] 
2022-08-02T21:44:53.963-0700: 1038865.468: [GC pause (G1 Evacuation Pause) (young), 0.0112137 secs]
   [Parallel Time: 5.5 ms, GC Workers: 8]
      [GC Worker Start (ms): Min: 1038865468.1, Avg: 1038865468.2, Max: 1038865468.3, Diff: 0.2]
      [Ext Root Scanning (ms): Min: 1.2, Avg: 1.8, Max: 5.2, Diff: 4.0, Sum: 14.7]
      [Update RS (ms): Min: 0.0, Avg: 0.3, Max: 0.7, Diff: 0.7, Sum: 2.7]
         [Processed Buffers: Min: 0, Avg: 21.2, Max: 49, Diff: 49, Sum: 170]
      [Scan RS (ms): Min: 0.0, Avg: 0.1, Max: 0.1, Diff: 0.1, Sum: 0.6]
      [Code Root Scanning (ms): Min: 0.0, Avg: 0.0, Max: 0.0, Diff: 0.0, Sum: 0.0]
      [Object Copy (ms): Min: 0.0, Avg: 0.5, Max: 0.8, Diff: 0.8, Sum: 4.3]
      [Termination (ms): Min: 0.0, Avg: 2.4, Max: 2.7, Diff: 2.7, Sum: 18.9]
         [Termination Attempts: Min: 1, Avg: 4.0, Max: 6, Diff: 5, Sum: 32]
      [GC Worker Other (ms): Min: 0.0, Avg: 0.0, Max: 0.0, Diff: 0.0, Sum: 0.1]
      [GC Worker Total (ms): Min: 5.1, Avg: 5.2, Max: 5.3, Diff: 0.1, Sum: 41.4]
      [GC Worker End (ms): Min: 1038865473.4, Avg: 1038865473.4, Max: 1038865473.4, Diff: 0.0]
   [Code Root Fixup: 0.0 ms]
   [Code Root Purge: 0.0 ms]
   [Clear CT: 0.6 ms]
   [Other: 5.1 ms]
      [Choose CSet: 0.0 ms]
      [Ref Proc: 4.4 ms]
      [Ref Enq: 0.1 ms]
      [Redirty Cards: 0.1 ms]
      [Humongous Register: 0.0 ms]
      [Humongous Reclaim: 0.0 ms]
      [Free CSet: 0.3 ms]
   [Eden: 7152.0M(7152.0M)->0.0B(7152.0M) Survivors: 16384.0K->16384.0K Heap: 10545.5M(14336.0M)->3393.4M(14336.0M)]
 [Times: user=0.05 sys=0.00, real=0.00 secs] 
2022-08-02T22:01:18.312-0700: 1039849.817: [GC pause (G1 Evacuation Pause) (young), 0.0109963 secs]
   [Parallel Time: 6.1 ms, GC Workers: 8]
      [GC Worker Start (ms): Min: 1039849817.4, Avg: 1039849817.5, Max: 1039849817.6, Diff: 0.2]
      [Ext Root Scanning (ms): Min: 1.2, Avg: 2.0, Max: 5.9, Diff: 4.7, Sum: 15.8]
      [Update RS (ms): Min: 0.0, Avg: 0.4, Max: 0.8, Diff: 0.8, Sum: 3.1]
         [Processed Buffers: Min: 0, Avg: 21.4, Max: 49, Diff: 49, Sum: 171]
      [Scan RS (ms): Min: 0.0, Avg: 0.1, Max: 0.2, Diff: 0.2, Sum: 0.6]
      [Code Root Scanning (ms): Min: 0.0, Avg: 0.0, Max: 0.0, Diff: 0.0, Sum: 0.0]
      [Object Copy (ms): Min: 0.0, Avg: 0.5, Max: 0.7, Diff: 0.7, Sum: 3.8]
      [Termination (ms): Min: 0.0, Avg: 3.0, Max: 3.4, Diff: 3.4, Sum: 23.6]
         [Termination Attempts: Min: 1, Avg: 3.0, Max: 5, Diff: 4, Sum: 24]
      [GC Worker Other (ms): Min: 0.0, Avg: 0.0, Max: 0.1, Diff: 0.0, Sum: 0.2]
      [GC Worker Total (ms): Min: 5.8, Avg: 5.9, Max: 6.0, Diff: 0.2, Sum: 47.1]
      [GC Worker End (ms): Min: 1039849823.4, Avg: 1039849823.4, Max: 1039849823.4, Diff: 0.1]
   [Code Root Fixup: 0.0 ms]
   [Code Root Purge: 0.0 ms]
   [Clear CT: 0.6 ms]
   [Other: 4.3 ms]
      [Choose CSet: 0.0 ms]
      [Ref Proc: 3.6 ms]
      [Ref Enq: 0.1 ms]
      [Redirty Cards: 0.1 ms]
      [Humongous Register: 0.1 ms]
      [Humongous Reclaim: 0.0 ms]
      [Free CSet: 0.3 ms]
   [Eden: 7152.0M(7152.0M)->0.0B(7152.0M) Survivors: 16384.0K->16384.0K Heap: 10545.4M(14336.0M)->3393.4M(14336.0M)]
 [Times: user=0.06 sys=0.00, real=0.02 secs] 
2022-08-02T22:17:55.563-0700: 1040847.068: [GC pause (G1 Evacuation Pause) (young) (initial-mark), 0.0142642 secs]
   [Parallel Time: 9.4 ms, GC Workers: 8]
      [GC Worker Start (ms): Min: 1040847069.7, Avg: 1040847069.8, Max: 1040847069.8, Diff: 0.1]
      [Ext Root Scanning (ms): Min: 6.0, Avg: 6.2, Max: 6.5, Diff: 0.5, Sum: 49.8]
      [Update RS (ms): Min: 0.2, Avg: 0.3, Max: 0.5, Diff: 0.4, Sum: 2.2]
         [Processed Buffers: Min: 1, Avg: 21.1, Max: 59, Diff: 58, Sum: 169]
      [Scan RS (ms): Min: 0.0, Avg: 0.1, Max: 0.1, Diff: 0.1, Sum: 0.5]
      [Code Root Scanning (ms): Min: 0.0, Avg: 0.0, Max: 0.0, Diff: 0.0, Sum: 0.0]
      [Object Copy (ms): Min: 0.1, Avg: 0.5, Max: 0.8, Diff: 0.7, Sum: 3.8]
      [Termination (ms): Min: 0.0, Avg: 0.1, Max: 0.1, Diff: 0.1, Sum: 0.4]
         [Termination Attempts: Min: 1, Avg: 1.2, Max: 2, Diff: 1, Sum: 10]
      [GC Worker Other (ms): Min: 0.0, Avg: 0.0, Max: 0.1, Diff: 0.0, Sum: 0.3]
      [GC Worker Total (ms): Min: 7.0, Avg: 7.1, Max: 7.2, Diff: 0.1, Sum: 56.9]
      [GC Worker End (ms): Min: 1040847076.9, Avg: 1040847076.9, Max: 1040847076.9, Diff: 0.0]
   [Code Root Fixup: 0.0 ms]
   [Code Root Purge: 0.0 ms]
   [Clear CT: 0.6 ms]
   [Other: 4.2 ms]
      [Choose CSet: 0.0 ms]
      [Ref Proc: 3.5 ms]
      [Ref Enq: 0.1 ms]
      [Redirty Cards: 0.1 ms]
      [Humongous Register: 0.0 ms]
      [Humongous Reclaim: 0.0 ms]
      [Free CSet: 0.3 ms]
   [Eden: 7152.0M(7152.0M)->0.0B(7152.0M) Survivors: 16384.0K->16384.0K Heap: 10545.4M(14336.0M)->3393.4M(14336.0M)]
 [Times: user=0.06 sys=0.00, real=0.01 secs] 
2022-08-02T22:17:55.577-0700: 1040847.082: [GC concurrent-root-region-scan-start]
2022-08-02T22:17:55.582-0700: 1040847.087: [GC concurrent-root-region-scan-end, 0.0051706 secs]
2022-08-02T22:17:55.582-0700: 1040847.087: [GC concurrent-mark-start]
2022-08-02T22:17:58.044-0700: 1040849.549: [GC concurrent-mark-end, 2.4613982 secs]
2022-08-02T22:17:58.044-0700: 1040849.549: [GC remark 2022-08-02T22:17:58.044-0700: 1040849.549: [Finalize Marking, 0.0002878 secs] 2022-08-02T22:17:58.045-0700: 1040849.549: [GC ref-proc, 0.0114429 secs] 2022-08-02T22:17:58.056-0700: 1040849.561: [Unloading, 0.0277766 secs], 0.0449005 secs]
 [Times: user=0.26 sys=0.00, real=0.04 secs] 
2022-08-02T22:17:58.089-0700: 1040849.594: [GC cleanup 3457M->3457M(14336M), 0.0089103 secs]
 [Times: user=0.06 sys=0.00, real=0.01 secs] 
2022-08-02T22:34:31.262-0700: 1041842.767: [GC pause (G1 Evacuation Pause) (young), 0.0113935 secs]
   [Parallel Time: 5.8 ms, GC Workers: 8]
      [GC Worker Start (ms): Min: 1041842767.0, Avg: 1041842767.0, Max: 1041842767.1, Diff: 0.2]
      [Ext Root Scanning (ms): Min: 1.2, Avg: 2.0, Max: 5.7, Diff: 4.5, Sum: 16.0]
      [Update RS (ms): Min: 0.0, Avg: 0.4, Max: 0.8, Diff: 0.8, Sum: 3.0]
         [Processed Buffers: Min: 0, Avg: 21.6, Max: 73, Diff: 73, Sum: 173]
      [Scan RS (ms): Min: 0.0, Avg: 0.1, Max: 0.1, Diff: 0.1, Sum: 0.6]
      [Code Root Scanning (ms): Min: 0.0, Avg: 0.0, Max: 0.0, Diff: 0.0, Sum: 0.0]
      [Object Copy (ms): Min: 0.0, Avg: 0.5, Max: 0.7, Diff: 0.7, Sum: 3.9]
      [Termination (ms): Min: 0.0, Avg: 2.7, Max: 3.1, Diff: 3.1, Sum: 21.7]
         [Termination Attempts: Min: 1, Avg: 1.4, Max: 3, Diff: 2, Sum: 11]
      [GC Worker Other (ms): Min: 0.0, Avg: 0.0, Max: 0.0, Diff: 0.0, Sum: 0.2]
      [GC Worker Total (ms): Min: 5.6, Avg: 5.7, Max: 5.8, Diff: 0.2, Sum: 45.5]
      [GC Worker End (ms): Min: 1041842772.7, Avg: 1041842772.7, Max: 1041842772.8, Diff: 0.0]
   [Code Root Fixup: 0.0 ms]
   [Code Root Purge: 0.0 ms]
   [Clear CT: 0.7 ms]
   [Other: 4.8 ms]
      [Choose CSet: 0.0 ms]
      [Ref Proc: 4.1 ms]
      [Ref Enq: 0.2 ms]
      [Redirty Cards: 0.1 ms]
      [Humongous Register: 0.0 ms]
      [Humongous Reclaim: 0.0 ms]
      [Free CSet: 0.3 ms]
   [Eden: 7152.0M(7152.0M)->0.0B(7152.0M) Survivors: 16384.0K->16384.0K Heap: 10545.4M(14336.0M)->3393.5M(14336.0M)]
 [Times: user=0.06 sys=0.00, real=0.01 secs] 
2022-08-02T22:51:04.862-0700: 1042836.366: [GC pause (G1 Evacuation Pause) (young), 0.0084590 secs]
   [Parallel Time: 5.6 ms, GC Workers: 8]
      [GC Worker Start (ms): Min: 1042836366.5, Avg: 1042836366.5, Max: 1042836366.5, Diff: 0.1]
      [Ext Root Scanning (ms): Min: 1.2, Avg: 1.9, Max: 5.4, Diff: 4.2, Sum: 15.2]
      [Update RS (ms): Min: 0.0, Avg: 0.4, Max: 0.8, Diff: 0.8, Sum: 2.9]
         [Processed Buffers: Min: 0, Avg: 22.8, Max: 87, Diff: 87, Sum: 182]
      [Scan RS (ms): Min: 0.0, Avg: 0.1, Max: 0.1, Diff: 0.1, Sum: 0.6]
      [Code Root Scanning (ms): Min: 0.0, Avg: 0.0, Max: 0.0, Diff: 0.0, Sum: 0.0]
      [Object Copy (ms): Min: 0.0, Avg: 0.5, Max: 0.8, Diff: 0.8, Sum: 4.2]
      [Termination (ms): Min: 0.0, Avg: 2.5, Max: 2.9, Diff: 2.9, Sum: 20.4]
         [Termination Attempts: Min: 1, Avg: 1.0, Max: 1, Diff: 0, Sum: 8]
      [GC Worker Other (ms): Min: 0.0, Avg: 0.0, Max: 0.0, Diff: 0.0, Sum: 0.2]
      [GC Worker Total (ms): Min: 5.4, Avg: 5.4, Max: 5.5, Diff: 0.1, Sum: 43.5]
      [GC Worker End (ms): Min: 1042836371.9, Avg: 1042836371.9, Max: 1042836372.0, Diff: 0.0]
   [Code Root Fixup: 0.0 ms]
   [Code Root Purge: 0.0 ms]
   [Clear CT: 0.6 ms]
   [Other: 2.3 ms]
      [Choose CSet: 0.0 ms]
      [Ref Proc: 1.7 ms]
      [Ref Enq: 0.1 ms]
      [Redirty Cards: 0.1 ms]
      [Humongous Register: 0.0 ms]
      [Humongous Reclaim: 0.0 ms]
      [Free CSet: 0.3 ms]
   [Eden: 7152.0M(7152.0M)->0.0B(7152.0M) Survivors: 16384.0K->16384.0K Heap: 10545.5M(14336.0M)->3393.4M(14336.0M)]
 [Times: user=0.05 sys=0.00, real=0.01 secs] 
2022-08-02T23:07:48.810-0700: 1043840.315: [GC pause (G1 Evacuation Pause) (young) (initial-mark), 0.0147833 secs]
   [Parallel Time: 9.4 ms, GC Workers: 8]
      [GC Worker Start (ms): Min: 1043840317.3, Avg: 1043840317.3, Max: 1043840317.4, Diff: 0.2]
      [Ext Root Scanning (ms): Min: 5.8, Avg: 6.1, Max: 6.3, Diff: 0.5, Sum: 48.7]
      [Update RS (ms): Min: 0.2, Avg: 0.3, Max: 0.5, Diff: 0.3, Sum: 2.3]
         [Processed Buffers: Min: 1, Avg: 20.6, Max: 70, Diff: 69, Sum: 165]
      [Scan RS (ms): Min: 0.0, Avg: 0.1, Max: 0.1, Diff: 0.1, Sum: 0.5]
      [Code Root Scanning (ms): Min: 0.0, Avg: 0.0, Max: 0.0, Diff: 0.0, Sum: 0.0]
      [Object Copy (ms): Min: 0.1, Avg: 0.5, Max: 0.8, Diff: 0.7, Sum: 4.1]
      [Termination (ms): Min: 0.0, Avg: 0.1, Max: 0.1, Diff: 0.1, Sum: 0.5]
         [Termination Attempts: Min: 1, Avg: 3.8, Max: 6, Diff: 5, Sum: 30]
      [GC Worker Other (ms): Min: 0.0, Avg: 0.0, Max: 0.1, Diff: 0.0, Sum: 0.2]
      [GC Worker Total (ms): Min: 6.9, Avg: 7.0, Max: 7.1, Diff: 0.2, Sum: 56.3]
      [GC Worker End (ms): Min: 1043840324.4, Avg: 1043840324.4, Max: 1043840324.4, Diff: 0.1]
   [Code Root Fixup: 0.0 ms]
   [Code Root Purge: 0.0 ms]
   [Clear CT: 0.6 ms]
   [Other: 4.8 ms]
      [Choose CSet: 0.0 ms]
      [Ref Proc: 4.0 ms]
      [Ref Enq: 0.1 ms]
      [Redirty Cards: 0.1 ms]
      [Humongous Register: 0.0 ms]
      [Humongous Reclaim: 0.0 ms]
      [Free CSet: 0.3 ms]
   [Eden: 7152.0M(7152.0M)->0.0B(7152.0M) Survivors: 16384.0K->16384.0K Heap: 10545.4M(14336.0M)->3393.5M(14336.0M)]
 [Times: user=0.06 sys=0.00, real=0.02 secs] 
2022-08-02T23:07:48.825-0700: 1043840.330: [GC concurrent-root-region-scan-start]
2022-08-02T23:07:48.830-0700: 1043840.335: [GC concurrent-root-region-scan-end, 0.0048659 secs]
2022-08-02T23:07:48.830-0700: 1043840.335: [GC concurrent-mark-start]
2022-08-02T23:07:51.314-0700: 1043842.819: [GC concurrent-mark-end, 2.4840940 secs]
2022-08-02T23:07:51.315-0700: 1043842.819: [GC remark 2022-08-02T23:07:51.315-0700: 1043842.820: [Finalize Marking, 0.0002432 secs] 2022-08-02T23:07:51.315-0700: 1043842.820: [GC ref-proc, 0.0074055 secs] 2022-08-02T23:07:51.322-0700: 1043842.827: [Unloading, 0.0277286 secs], 0.0407097 secs]
 [Times: user=0.26 sys=0.00, real=0.04 secs] 
2022-08-02T23:07:51.356-0700: 1043842.861: [GC cleanup 3433M->3433M(14336M), 0.0086242 secs]
 [Times: user=0.06 sys=0.00, real=0.01 secs] 
2022-08-02T23:24:23.963-0700: 1044835.468: [GC pause (G1 Evacuation Pause) (young), 0.0091748 secs]
   [Parallel Time: 6.0 ms, GC Workers: 8]
      [GC Worker Start (ms): Min: 1044835467.9, Avg: 1044835468.0, Max: 1044835468.1, Diff: 0.2]
      [Ext Root Scanning (ms): Min: 1.2, Avg: 2.0, Max: 5.8, Diff: 4.6, Sum: 16.2]
      [Update RS (ms): Min: 0.0, Avg: 0.4, Max: 0.8, Diff: 0.8, Sum: 3.1]
         [Processed Buffers: Min: 0, Avg: 20.1, Max: 48, Diff: 48, Sum: 161]
      [Scan RS (ms): Min: 0.0, Avg: 0.1, Max: 0.2, Diff: 0.2, Sum: 0.7]
      [Code Root Scanning (ms): Min: 0.0, Avg: 0.0, Max: 0.0, Diff: 0.0, Sum: 0.0]
      [Object Copy (ms): Min: 0.0, Avg: 0.5, Max: 0.8, Diff: 0.8, Sum: 4.2]
      [Termination (ms): Min: 0.0, Avg: 2.7, Max: 3.1, Diff: 3.1, Sum: 21.9]
         [Termination Attempts: Min: 1, Avg: 1.0, Max: 1, Diff: 0, Sum: 8]
      [GC Worker Other (ms): Min: 0.0, Avg: 0.0, Max: 0.1, Diff: 0.1, Sum: 0.4]
      [GC Worker Total (ms): Min: 5.8, Avg: 5.8, Max: 5.9, Diff: 0.1, Sum: 46.5]
      [GC Worker End (ms): Min: 1044835473.8, Avg: 1044835473.8, Max: 1044835473.9, Diff: 0.1]
   [Code Root Fixup: 0.0 ms]
   [Code Root Purge: 0.0 ms]
   [Clear CT: 0.6 ms]
   [Other: 2.5 ms]
      [Choose CSet: 0.0 ms]
      [Ref Proc: 1.8 ms]
      [Ref Enq: 0.1 ms]
      [Redirty Cards: 0.1 ms]
      [Humongous Register: 0.0 ms]
      [Humongous Reclaim: 0.0 ms]
      [Free CSet: 0.4 ms]
   [Eden: 7152.0M(7152.0M)->0.0B(7152.0M) Survivors: 16384.0K->16384.0K Heap: 10545.5M(14336.0M)->3393.5M(14336.0M)]
 [Times: user=0.05 sys=0.01, real=0.00 secs] 
2022-08-02T23:41:04.663-0700: 1045836.168: [GC pause (G1 Evacuation Pause) (young), 0.0116183 secs]
   [Parallel Time: 5.9 ms, GC Workers: 8]
      [GC Worker Start (ms): Min: 1045836167.8, Avg: 1045836167.9, Max: 1045836168.0, Diff: 0.2]
      [Ext Root Scanning (ms): Min: 1.2, Avg: 1.9, Max: 5.5, Diff: 4.3, Sum: 15.3]
      [Update RS (ms): Min: 0.0, Avg: 0.4, Max: 0.8, Diff: 0.8, Sum: 2.9]
         [Processed Buffers: Min: 0, Avg: 21.0, Max: 41, Diff: 41, Sum: 168]
      [Scan RS (ms): Min: 0.0, Avg: 0.1, Max: 0.2, Diff: 0.2, Sum: 0.7]
      [Code Root Scanning (ms): Min: 0.0, Avg: 0.0, Max: 0.0, Diff: 0.0, Sum: 0.0]
      [Object Copy (ms): Min: 0.0, Avg: 0.5, Max: 0.7, Diff: 0.7, Sum: 3.8]
      [Termination (ms): Min: 0.0, Avg: 2.6, Max: 3.0, Diff: 3.0, Sum: 20.8]
         [Termination Attempts: Min: 1, Avg: 1.8, Max: 3, Diff: 2, Sum: 14]
      [GC Worker Other (ms): Min: 0.0, Avg: 0.0, Max: 0.0, Diff: 0.0, Sum: 0.2]
      [GC Worker Total (ms): Min: 5.4, Avg: 5.5, Max: 5.5, Diff: 0.1, Sum: 43.7]
      [GC Worker End (ms): Min: 1045836173.4, Avg: 1045836173.4, Max: 1045836173.4, Diff: 0.0]
   [Code Root Fixup: 0.0 ms]
   [Code Root Purge: 0.0 ms]
   [Clear CT: 0.6 ms]
   [Other: 5.1 ms]
      [Choose CSet: 0.0 ms]
      [Ref Proc: 4.4 ms]
      [Ref Enq: 0.1 ms]
      [Redirty Cards: 0.1 ms]
      [Humongous Register: 0.1 ms]
      [Humongous Reclaim: 0.0 ms]
      [Free CSet: 0.3 ms]
   [Eden: 7152.0M(7152.0M)->0.0B(7152.0M) Survivors: 16384.0K->16384.0K Heap: 10545.5M(14336.0M)->3393.6M(14336.0M)]
 [Times: user=0.06 sys=0.00, real=0.00 secs] 
2022-08-02T23:57:44.663-0700: 1046836.168: [GC pause (G1 Evacuation Pause) (young) (initial-mark), 0.0150404 secs]
   [Parallel Time: 9.5 ms, GC Workers: 8]
      [GC Worker Start (ms): Min: 1046836169.9, Avg: 1046836170.0, Max: 1046836170.1, Diff: 0.2]
      [Ext Root Scanning (ms): Min: 6.2, Avg: 6.5, Max: 6.8, Diff: 0.6, Sum: 51.9]
      [Update RS (ms): Min: 0.2, Avg: 0.3, Max: 0.5, Diff: 0.3, Sum: 2.5]
         [Processed Buffers: Min: 1, Avg: 22.5, Max: 65, Diff: 64, Sum: 180]
      [Scan RS (ms): Min: 0.0, Avg: 0.1, Max: 0.1, Diff: 0.1, Sum: 0.6]
      [Code Root Scanning (ms): Min: 0.0, Avg: 0.0, Max: 0.0, Diff: 0.0, Sum: 0.0]
      [Object Copy (ms): Min: 0.2, Avg: 0.5, Max: 0.7, Diff: 0.5, Sum: 3.7]
      [Termination (ms): Min: 0.0, Avg: 0.0, Max: 0.0, Diff: 0.0, Sum: 0.0]
         [Termination Attempts: Min: 3, Avg: 5.2, Max: 8, Diff: 5, Sum: 42]
      [GC Worker Other (ms): Min: 0.0, Avg: 0.0, Max: 0.1, Diff: 0.1, Sum: 0.4]
      [GC Worker Total (ms): Min: 7.3, Avg: 7.4, Max: 7.5, Diff: 0.2, Sum: 59.1]
      [GC Worker End (ms): Min: 1046836177.4, Avg: 1046836177.4, Max: 1046836177.5, Diff: 0.1]
   [Code Root Fixup: 0.0 ms]
   [Code Root Purge: 0.0 ms]
   [Clear CT: 0.7 ms]
   [Other: 4.8 ms]
      [Choose CSet: 0.0 ms]
      [Ref Proc: 4.2 ms]
      [Ref Enq: 0.1 ms]
      [Redirty Cards: 0.1 ms]
      [Humongous Register: 0.0 ms]
      [Humongous Reclaim: 0.0 ms]
      [Free CSet: 0.3 ms]
   [Eden: 7152.0M(7152.0M)->0.0B(7152.0M) Survivors: 16384.0K->16384.0K Heap: 10545.6M(14336.0M)->3393.4M(14336.0M)]
 [Times: user=0.06 sys=0.00, real=0.01 secs] 
2022-08-02T23:57:44.678-0700: 1046836.183: [GC concurrent-root-region-scan-start]
2022-08-02T23:57:44.683-0700: 1046836.188: [GC concurrent-root-region-scan-end, 0.0046238 secs]
2022-08-02T23:57:44.683-0700: 1046836.188: [GC concurrent-mark-start]
2022-08-02T23:57:47.158-0700: 1046838.663: [GC concurrent-mark-end, 2.4752727 secs]
2022-08-02T23:57:47.159-0700: 1046838.664: [GC remark 2022-08-02T23:57:47.159-0700: 1046838.664: [Finalize Marking, 0.0002768 secs] 2022-08-02T23:57:47.159-0700: 1046838.664: [GC ref-proc, 0.0106350 secs] 2022-08-02T23:57:47.170-0700: 1046838.675: [Unloading, 0.0279613 secs], 0.0443726 secs]
 [Times: user=0.26 sys=0.00, real=0.05 secs] 
2022-08-02T23:57:47.203-0700: 1046838.708: [GC cleanup 3433M->3433M(14336M), 0.0087732 secs]
 [Times: user=0.06 sys=0.00, real=0.00 secs] 
2022-08-03T00:14:14.562-0700: 1047826.067: [GC pause (G1 Evacuation Pause) (young), 0.0112757 secs]
   [Parallel Time: 5.4 ms, GC Workers: 8]
      [GC Worker Start (ms): Min: 1047826067.1, Avg: 1047826067.2, Max: 1047826067.2, Diff: 0.2]
      [Ext Root Scanning (ms): Min: 1.1, Avg: 1.8, Max: 5.2, Diff: 4.1, Sum: 14.2]
      [Update RS (ms): Min: 0.0, Avg: 0.3, Max: 0.6, Diff: 0.6, Sum: 2.6]
         [Processed Buffers: Min: 0, Avg: 21.8, Max: 66, Diff: 66, Sum: 174]
      [Scan RS (ms): Min: 0.0, Avg: 0.1, Max: 0.1, Diff: 0.1, Sum: 0.6]
      [Code Root Scanning (ms): Min: 0.0, Avg: 0.0, Max: 0.0, Diff: 0.0, Sum: 0.0]
      [Object Copy (ms): Min: 0.0, Avg: 0.4, Max: 0.6, Diff: 0.6, Sum: 3.2]
      [Termination (ms): Min: 0.0, Avg: 2.6, Max: 3.0, Diff: 3.0, Sum: 20.7]
         [Termination Attempts: Min: 1, Avg: 1.5, Max: 3, Diff: 2, Sum: 12]
      [GC Worker Other (ms): Min: 0.0, Avg: 0.0, Max: 0.1, Diff: 0.1, Sum: 0.3]
      [GC Worker Total (ms): Min: 5.2, Avg: 5.2, Max: 5.3, Diff: 0.1, Sum: 41.7]
      [GC Worker End (ms): Min: 1047826072.4, Avg: 1047826072.4, Max: 1047826072.4, Diff: 0.1]
   [Code Root Fixup: 0.0 ms]
   [Code Root Purge: 0.0 ms]
   [Clear CT: 0.7 ms]
   [Other: 5.2 ms]
      [Choose CSet: 0.0 ms]
      [Ref Proc: 4.5 ms]
      [Ref Enq: 0.1 ms]
      [Redirty Cards: 0.1 ms]
      [Humongous Register: 0.1 ms]
      [Humongous Reclaim: 0.0 ms]
      [Free CSet: 0.3 ms]
   [Eden: 7152.0M(7152.0M)->0.0B(7152.0M) Survivors: 16384.0K->16384.0K Heap: 10545.4M(14336.0M)->3393.5M(14336.0M)]
 [Times: user=0.06 sys=0.00, real=0.01 secs] 
2022-08-03T00:30:51.881-0700: 1048823.386: [GC pause (G1 Evacuation Pause) (young), 0.0116151 secs]
   [Parallel Time: 6.5 ms, GC Workers: 8]
      [GC Worker Start (ms): Min: 1048823385.9, Avg: 1048823386.0, Max: 1048823386.1, Diff: 0.2]
      [Ext Root Scanning (ms): Min: 1.3, Avg: 2.3, Max: 6.1, Diff: 4.8, Sum: 18.2]
      [Update RS (ms): Min: 0.0, Avg: 0.3, Max: 0.7, Diff: 0.7, Sum: 2.7]
         [Processed Buffers: Min: 0, Avg: 20.9, Max: 49, Diff: 49, Sum: 167]
      [Scan RS (ms): Min: 0.0, Avg: 0.1, Max: 0.2, Diff: 0.2, Sum: 0.6]
      [Code Root Scanning (ms): Min: 0.0, Avg: 0.0, Max: 0.0, Diff: 0.0, Sum: 0.0]
      [Object Copy (ms): Min: 0.0, Avg: 0.4, Max: 0.7, Diff: 0.7, Sum: 3.6]
      [Termination (ms): Min: 0.0, Avg: 2.9, Max: 3.4, Diff: 3.4, Sum: 23.1]
         [Termination Attempts: Min: 1, Avg: 3.0, Max: 5, Diff: 4, Sum: 24]
      [GC Worker Other (ms): Min: 0.0, Avg: 0.0, Max: 0.0, Diff: 0.0, Sum: 0.2]
      [GC Worker Total (ms): Min: 6.0, Avg: 6.1, Max: 6.1, Diff: 0.2, Sum: 48.5]
      [GC Worker End (ms): Min: 1048823392.0, Avg: 1048823392.1, Max: 1048823392.1, Diff: 0.0]
   [Code Root Fixup: 0.0 ms]
   [Code Root Purge: 0.0 ms]
   [Clear CT: 0.6 ms]
   [Other: 4.5 ms]
      [Choose CSet: 0.0 ms]
      [Ref Proc: 3.8 ms]
      [Ref Enq: 0.1 ms]
      [Redirty Cards: 0.1 ms]
      [Humongous Register: 0.1 ms]
      [Humongous Reclaim: 0.0 ms]
      [Free CSet: 0.3 ms]
   [Eden: 7152.0M(7152.0M)->0.0B(7152.0M) Survivors: 16384.0K->16384.0K Heap: 10545.5M(14336.0M)->3393.4M(14336.0M)]
 [Times: user=0.06 sys=0.00, real=0.01 secs] 
2022-08-03T00:47:35.466-0700: 1049826.971: [GC pause (G1 Evacuation Pause) (young) (initial-mark), 0.0141652 secs]
   [Parallel Time: 9.0 ms, GC Workers: 8]
      [GC Worker Start (ms): Min: 1049826973.4, Avg: 1049826973.5, Max: 1049826973.6, Diff: 0.2]
      [Ext Root Scanning (ms): Min: 5.4, Avg: 5.6, Max: 5.9, Diff: 0.5, Sum: 45.1]
      [Update RS (ms): Min: 0.1, Avg: 0.3, Max: 0.5, Diff: 0.3, Sum: 2.2]
         [Processed Buffers: Min: 1, Avg: 22.1, Max: 67, Diff: 66, Sum: 177]
      [Scan RS (ms): Min: 0.0, Avg: 0.1, Max: 0.1, Diff: 0.1, Sum: 0.5]
      [Code Root Scanning (ms): Min: 0.0, Avg: 0.0, Max: 0.0, Diff: 0.0, Sum: 0.0]
      [Object Copy (ms): Min: 0.2, Avg: 0.5, Max: 0.7, Diff: 0.6, Sum: 4.1]
      [Termination (ms): Min: 0.0, Avg: 0.0, Max: 0.0, Diff: 0.0, Sum: 0.2]
         [Termination Attempts: Min: 1, Avg: 2.2, Max: 4, Diff: 3, Sum: 18]
      [GC Worker Other (ms): Min: 0.0, Avg: 0.0, Max: 0.1, Diff: 0.1, Sum: 0.3]
      [GC Worker Total (ms): Min: 6.5, Avg: 6.5, Max: 6.6, Diff: 0.2, Sum: 52.4]
      [GC Worker End (ms): Min: 1049826980.0, Avg: 1049826980.1, Max: 1049826980.1, Diff: 0.1]
   [Code Root Fixup: 0.0 ms]
   [Code Root Purge: 0.0 ms]
   [Clear CT: 0.6 ms]
   [Other: 4.5 ms]
      [Choose CSet: 0.0 ms]
      [Ref Proc: 3.7 ms]
      [Ref Enq: 0.1 ms]
      [Redirty Cards: 0.1 ms]
      [Humongous Register: 0.0 ms]
      [Humongous Reclaim: 0.0 ms]
      [Free CSet: 0.3 ms]
   [Eden: 7152.0M(7152.0M)->0.0B(7152.0M) Survivors: 16384.0K->16384.0K Heap: 10545.4M(14336.0M)->3393.5M(14336.0M)]
 [Times: user=0.06 sys=0.00, real=0.01 secs] 
2022-08-03T00:47:35.481-0700: 1049826.985: [GC concurrent-root-region-scan-start]
2022-08-03T00:47:35.486-0700: 1049826.990: [GC concurrent-root-region-scan-end, 0.0049124 secs]
2022-08-03T00:47:35.486-0700: 1049826.990: [GC concurrent-mark-start]
2022-08-03T00:47:37.957-0700: 1049829.462: [GC concurrent-mark-end, 2.4717121 secs]
2022-08-03T00:47:37.958-0700: 1049829.462: [GC remark 2022-08-03T00:47:37.958-0700: 1049829.462: [Finalize Marking, 0.0003265 secs] 2022-08-03T00:47:37.958-0700: 1049829.463: [GC ref-proc, 0.0134098 secs] 2022-08-03T00:47:37.972-0700: 1049829.476: [Unloading, 0.0296387 secs], 0.0488103 secs]
 [Times: user=0.26 sys=0.00, real=0.05 secs] 
2022-08-03T00:47:38.007-0700: 1049829.511: [GC cleanup 3457M->3457M(14336M), 0.0085170 secs]
 [Times: user=0.06 sys=0.00, real=0.01 secs] 
2022-08-03T01:04:19.011-0700: 1050830.516: [GC pause (G1 Evacuation Pause) (young), 0.0094599 secs]
   [Parallel Time: 5.8 ms, GC Workers: 8]
      [GC Worker Start (ms): Min: 1050830516.3, Avg: 1050830516.4, Max: 1050830516.5, Diff: 0.2]
      [Ext Root Scanning (ms): Min: 1.2, Avg: 2.0, Max: 5.6, Diff: 4.4, Sum: 16.3]
      [Update RS (ms): Min: 0.0, Avg: 0.4, Max: 0.9, Diff: 0.9, Sum: 3.1]
         [Processed Buffers: Min: 0, Avg: 21.1, Max: 45, Diff: 45, Sum: 169]
      [Scan RS (ms): Min: 0.0, Avg: 0.1, Max: 0.2, Diff: 0.2, Sum: 0.7]
      [Code Root Scanning (ms): Min: 0.0, Avg: 0.0, Max: 0.0, Diff: 0.0, Sum: 0.0]
      [Object Copy (ms): Min: 0.0, Avg: 0.6, Max: 1.2, Diff: 1.2, Sum: 4.8]
      [Termination (ms): Min: 0.0, Avg: 2.5, Max: 2.8, Diff: 2.8, Sum: 19.8]
         [Termination Attempts: Min: 1, Avg: 1.1, Max: 2, Diff: 1, Sum: 9]
      [GC Worker Other (ms): Min: 0.0, Avg: 0.0, Max: 0.0, Diff: 0.0, Sum: 0.2]
      [GC Worker Total (ms): Min: 5.5, Avg: 5.6, Max: 5.7, Diff: 0.1, Sum: 44.9]
      [GC Worker End (ms): Min: 1050830522.0, Avg: 1050830522.0, Max: 1050830522.0, Diff: 0.0]
   [Code Root Fixup: 0.0 ms]
   [Code Root Purge: 0.0 ms]
   [Clear CT: 0.6 ms]
   [Other: 3.1 ms]
      [Choose CSet: 0.0 ms]
      [Ref Proc: 2.4 ms]
      [Ref Enq: 0.1 ms]
      [Redirty Cards: 0.1 ms]
      [Humongous Register: 0.1 ms]
      [Humongous Reclaim: 0.0 ms]
      [Free CSet: 0.3 ms]
   [Eden: 7152.0M(7152.0M)->0.0B(7152.0M) Survivors: 16384.0K->16384.0K Heap: 10545.5M(14336.0M)->3393.6M(14336.0M)]
 [Times: user=0.04 sys=0.01, real=0.01 secs] 
2022-08-03T01:21:03.363-0700: 1051834.868: [GC pause (G1 Evacuation Pause) (young), 0.0087459 secs]
   [Parallel Time: 5.3 ms, GC Workers: 8]
      [GC Worker Start (ms): Min: 1051834868.2, Avg: 1051834868.2, Max: 1051834868.2, Diff: 0.1]
      [Ext Root Scanning (ms): Min: 1.1, Avg: 1.8, Max: 5.2, Diff: 4.1, Sum: 14.4]
      [Update RS (ms): Min: 0.0, Avg: 0.3, Max: 0.7, Diff: 0.7, Sum: 2.6]
         [Processed Buffers: Min: 0, Avg: 20.4, Max: 79, Diff: 79, Sum: 163]
      [Scan RS (ms): Min: 0.0, Avg: 0.1, Max: 0.2, Diff: 0.1, Sum: 0.6]
      [Code Root Scanning (ms): Min: 0.0, Avg: 0.0, Max: 0.0, Diff: 0.0, Sum: 0.0]
      [Object Copy (ms): Min: 0.0, Avg: 0.4, Max: 0.6, Diff: 0.6, Sum: 3.4]
      [Termination (ms): Min: 0.0, Avg: 2.6, Max: 2.9, Diff: 2.9, Sum: 20.5]
         [Termination Attempts: Min: 1, Avg: 1.1, Max: 2, Diff: 1, Sum: 9]
      [GC Worker Other (ms): Min: 0.0, Avg: 0.0, Max: 0.0, Diff: 0.0, Sum: 0.1]
      [GC Worker Total (ms): Min: 5.2, Avg: 5.2, Max: 5.3, Diff: 0.1, Sum: 41.7]
      [GC Worker End (ms): Min: 1051834873.4, Avg: 1051834873.4, Max: 1051834873.4, Diff: 0.0]
   [Code Root Fixup: 0.0 ms]
   [Code Root Purge: 0.0 ms]
   [Clear CT: 0.6 ms]
   [Other: 2.8 ms]
      [Choose CSet: 0.0 ms]
      [Ref Proc: 2.2 ms]
      [Ref Enq: 0.1 ms]
      [Redirty Cards: 0.1 ms]
      [Humongous Register: 0.0 ms]
      [Humongous Reclaim: 0.0 ms]
      [Free CSet: 0.3 ms]
   [Eden: 7152.0M(7152.0M)->0.0B(7152.0M) Survivors: 16384.0K->16384.0K Heap: 10545.6M(14336.0M)->3393.5M(14336.0M)]
 [Times: user=0.05 sys=0.00, real=0.00 secs] 
2022-08-03T01:37:36.713-0700: 1052828.218: [GC pause (G1 Evacuation Pause) (young) (initial-mark), 0.0154423 secs]
   [Parallel Time: 10.3 ms, GC Workers: 8]
      [GC Worker Start (ms): Min: 1052828219.8, Avg: 1052828219.9, Max: 1052828220.0, Diff: 0.1]
      [Ext Root Scanning (ms): Min: 6.5, Avg: 6.7, Max: 7.0, Diff: 0.5, Sum: 53.5]
      [Update RS (ms): Min: 0.2, Avg: 0.3, Max: 0.7, Diff: 0.5, Sum: 2.6]
         [Processed Buffers: Min: 1, Avg: 21.9, Max: 56, Diff: 55, Sum: 175]
      [Scan RS (ms): Min: 0.0, Avg: 0.1, Max: 0.1, Diff: 0.1, Sum: 0.6]
      [Code Root Scanning (ms): Min: 0.0, Avg: 0.0, Max: 0.0, Diff: 0.0, Sum: 0.0]
      [Object Copy (ms): Min: 0.2, Avg: 0.5, Max: 0.8, Diff: 0.5, Sum: 4.1]
      [Termination (ms): Min: 0.0, Avg: 0.1, Max: 0.1, Diff: 0.1, Sum: 0.6]
         [Termination Attempts: Min: 1, Avg: 3.2, Max: 5, Diff: 4, Sum: 26]
      [GC Worker Other (ms): Min: 0.0, Avg: 0.0, Max: 0.1, Diff: 0.1, Sum: 0.2]
      [GC Worker Total (ms): Min: 7.6, Avg: 7.7, Max: 7.8, Diff: 0.2, Sum: 61.7]
      [GC Worker End (ms): Min: 1052828227.6, Avg: 1052828227.6, Max: 1052828227.7, Diff: 0.1]
   [Code Root Fixup: 0.0 ms]
   [Code Root Purge: 0.0 ms]
   [Clear CT: 0.6 ms]
   [Other: 4.5 ms]
      [Choose CSet: 0.0 ms]
      [Ref Proc: 3.8 ms]
      [Ref Enq: 0.1 ms]
      [Redirty Cards: 0.1 ms]
      [Humongous Register: 0.0 ms]
      [Humongous Reclaim: 0.0 ms]
      [Free CSet: 0.3 ms]
   [Eden: 7152.0M(7152.0M)->0.0B(7152.0M) Survivors: 16384.0K->16384.0K Heap: 10545.5M(14336.0M)->3393.6M(14336.0M)]
 [Times: user=0.06 sys=0.01, real=0.02 secs] 
2022-08-03T01:37:36.728-0700: 1052828.233: [GC concurrent-root-region-scan-start]
2022-08-03T01:37:36.733-0700: 1052828.238: [GC concurrent-root-region-scan-end, 0.0049726 secs]
2022-08-03T01:37:36.733-0700: 1052828.238: [GC concurrent-mark-start]
2022-08-03T01:37:39.194-0700: 1052830.698: [GC concurrent-mark-end, 2.4602689 secs]
2022-08-03T01:37:39.194-0700: 1052830.699: [GC remark 2022-08-03T01:37:39.194-0700: 1052830.699: [Finalize Marking, 0.0002013 secs] 2022-08-03T01:37:39.194-0700: 1052830.699: [GC ref-proc, 0.0061476 secs] 2022-08-03T01:37:39.201-0700: 1052830.705: [Unloading, 0.0274108 secs], 0.0391035 secs]
 [Times: user=0.25 sys=0.00, real=0.04 secs] 
2022-08-03T01:37:39.234-0700: 1052830.738: [GC cleanup 3433M->3433M(14336M), 0.0088159 secs]
 [Times: user=0.06 sys=0.00, real=0.01 secs] 
2022-08-03T01:54:01.662-0700: 1053813.167: [GC pause (G1 Evacuation Pause) (young), 0.0119442 secs]
   [Parallel Time: 6.5 ms, GC Workers: 8]
      [GC Worker Start (ms): Min: 1053813167.3, Avg: 1053813167.4, Max: 1053813167.5, Diff: 0.2]
      [Ext Root Scanning (ms): Min: 2.5, Avg: 4.1, Max: 6.1, Diff: 3.6, Sum: 32.6]
      [Update RS (ms): Min: 0.0, Avg: 0.2, Max: 0.7, Diff: 0.7, Sum: 1.9]
         [Processed Buffers: Min: 0, Avg: 20.1, Max: 86, Diff: 86, Sum: 161]
      [Scan RS (ms): Min: 0.0, Avg: 0.1, Max: 0.2, Diff: 0.2, Sum: 0.4]
      [Code Root Scanning (ms): Min: 0.0, Avg: 0.0, Max: 0.0, Diff: 0.0, Sum: 0.0]
      [Object Copy (ms): Min: 0.0, Avg: 0.3, Max: 1.0, Diff: 1.0, Sum: 2.5]
      [Termination (ms): Min: 0.0, Avg: 1.3, Max: 1.6, Diff: 1.6, Sum: 10.7]
         [Termination Attempts: Min: 1, Avg: 1.1, Max: 2, Diff: 1, Sum: 9]
      [GC Worker Other (ms): Min: 0.0, Avg: 0.0, Max: 0.0, Diff: 0.0, Sum: 0.1]
      [GC Worker Total (ms): Min: 5.9, Avg: 6.0, Max: 6.2, Diff: 0.2, Sum: 48.3]
      [GC Worker End (ms): Min: 1053813173.4, Avg: 1053813173.4, Max: 1053813173.5, Diff: 0.0]
   [Code Root Fixup: 0.0 ms]
   [Code Root Purge: 0.0 ms]
   [Clear CT: 0.7 ms]
   [Other: 4.8 ms]
      [Choose CSet: 0.0 ms]
      [Ref Proc: 4.1 ms]
      [Ref Enq: 0.1 ms]
      [Redirty Cards: 0.1 ms]
      [Humongous Register: 0.1 ms]
      [Humongous Reclaim: 0.0 ms]
      [Free CSet: 0.3 ms]
   [Eden: 7152.0M(7152.0M)->0.0B(7152.0M) Survivors: 16384.0K->16384.0K Heap: 10545.6M(14336.0M)->3393.4M(14336.0M)]
 [Times: user=0.03 sys=0.01, real=0.01 secs] 
2022-08-03T02:10:32.314-0700: 1054803.819: [GC pause (G1 Evacuation Pause) (young), 0.0106892 secs]
   [Parallel Time: 5.5 ms, GC Workers: 8]
      [GC Worker Start (ms): Min: 1054803818.7, Avg: 1054803818.7, Max: 1054803818.8, Diff: 0.2]
      [Ext Root Scanning (ms): Min: 1.2, Avg: 1.9, Max: 5.2, Diff: 4.0, Sum: 15.1]
      [Update RS (ms): Min: 0.0, Avg: 0.3, Max: 0.6, Diff: 0.6, Sum: 2.5]
         [Processed Buffers: Min: 0, Avg: 20.2, Max: 75, Diff: 75, Sum: 162]
      [Scan RS (ms): Min: 0.0, Avg: 0.1, Max: 0.2, Diff: 0.2, Sum: 0.5]
      [Code Root Scanning (ms): Min: 0.0, Avg: 0.0, Max: 0.0, Diff: 0.0, Sum: 0.0]
      [Object Copy (ms): Min: 0.0, Avg: 0.5, Max: 0.7, Diff: 0.7, Sum: 3.9]
      [Termination (ms): Min: 0.0, Avg: 2.4, Max: 2.7, Diff: 2.7, Sum: 18.9]
         [Termination Attempts: Min: 1, Avg: 1.5, Max: 2, Diff: 1, Sum: 12]
      [GC Worker Other (ms): Min: 0.0, Avg: 0.0, Max: 0.0, Diff: 0.0, Sum: 0.2]
      [GC Worker Total (ms): Min: 5.1, Avg: 5.1, Max: 5.2, Diff: 0.1, Sum: 41.1]
      [GC Worker End (ms): Min: 1054803823.9, Avg: 1054803823.9, Max: 1054803823.9, Diff: 0.0]
   [Code Root Fixup: 0.0 ms]
   [Code Root Purge: 0.0 ms]
   [Clear CT: 0.7 ms]
   [Other: 4.5 ms]
      [Choose CSet: 0.0 ms]
      [Ref Proc: 3.9 ms]
      [Ref Enq: 0.1 ms]
      [Redirty Cards: 0.1 ms]
      [Humongous Register: 0.1 ms]
      [Humongous Reclaim: 0.0 ms]
      [Free CSet: 0.3 ms]
   [Eden: 7152.0M(7152.0M)->0.0B(7152.0M) Survivors: 16384.0K->16384.0K Heap: 10545.4M(14336.0M)->3393.5M(14336.0M)]
 [Times: user=0.06 sys=0.00, real=0.02 secs] 
2022-08-03T02:27:16.613-0700: 1055808.117: [GC pause (G1 Evacuation Pause) (young) (initial-mark), 0.0149157 secs]
   [Parallel Time: 9.8 ms, GC Workers: 8]
      [GC Worker Start (ms): Min: 1055808119.6, Avg: 1055808119.6, Max: 1055808119.7, Diff: 0.1]
      [Ext Root Scanning (ms): Min: 6.1, Avg: 6.3, Max: 6.6, Diff: 0.5, Sum: 50.4]
      [Update RS (ms): Min: 0.2, Avg: 0.3, Max: 0.5, Diff: 0.4, Sum: 2.4]
         [Processed Buffers: Min: 1, Avg: 21.4, Max: 52, Diff: 51, Sum: 171]
      [Scan RS (ms): Min: 0.0, Avg: 0.1, Max: 0.1, Diff: 0.1, Sum: 0.5]
      [Code Root Scanning (ms): Min: 0.0, Avg: 0.0, Max: 0.0, Diff: 0.0, Sum: 0.0]
      [Object Copy (ms): Min: 0.2, Avg: 0.5, Max: 0.8, Diff: 0.6, Sum: 4.4]
      [Termination (ms): Min: 0.0, Avg: 0.0, Max: 0.0, Diff: 0.0, Sum: 0.1]
         [Termination Attempts: Min: 1, Avg: 4.5, Max: 9, Diff: 8, Sum: 36]
      [GC Worker Other (ms): Min: 0.0, Avg: 0.1, Max: 0.2, Diff: 0.2, Sum: 0.6]
      [GC Worker Total (ms): Min: 7.2, Avg: 7.3, Max: 7.4, Diff: 0.2, Sum: 58.4]
      [GC Worker End (ms): Min: 1055808126.8, Avg: 1055808126.9, Max: 1055808127.0, Diff: 0.2]
   [Code Root Fixup: 0.0 ms]
   [Code Root Purge: 0.0 ms]
   [Clear CT: 0.6 ms]
   [Other: 4.5 ms]
      [Choose CSet: 0.0 ms]
      [Ref Proc: 3.8 ms]
      [Ref Enq: 0.1 ms]
      [Redirty Cards: 0.1 ms]
      [Humongous Register: 0.0 ms]
      [Humongous Reclaim: 0.0 ms]
      [Free CSet: 0.3 ms]
   [Eden: 7152.0M(7152.0M)->0.0B(7152.0M) Survivors: 16384.0K->16384.0K Heap: 10545.5M(14336.0M)->3393.5M(14336.0M)]
 [Times: user=0.07 sys=0.00, real=0.02 secs] 
2022-08-03T02:27:16.628-0700: 1055808.132: [GC concurrent-root-region-scan-start]
2022-08-03T02:27:16.633-0700: 1055808.137: [GC concurrent-root-region-scan-end, 0.0050208 secs]
2022-08-03T02:27:16.633-0700: 1055808.137: [GC concurrent-mark-start]
2022-08-03T02:27:19.134-0700: 1055810.639: [GC concurrent-mark-end, 2.5017753 secs]
2022-08-03T02:27:19.135-0700: 1055810.639: [GC remark 2022-08-03T02:27:19.135-0700: 1055810.639: [Finalize Marking, 0.0003302 secs] 2022-08-03T02:27:19.135-0700: 1055810.640: [GC ref-proc, 0.0089386 secs] 2022-08-03T02:27:19.144-0700: 1055810.649: [Unloading, 0.0278938 secs], 0.0426325 secs]
 [Times: user=0.26 sys=0.00, real=0.04 secs] 
2022-08-03T02:27:19.178-0700: 1055810.682: [GC cleanup 3465M->3465M(14336M), 0.0081741 secs]
 [Times: user=0.06 sys=0.00, real=0.01 secs] 
2022-08-03T02:43:48.413-0700: 1056799.918: [GC pause (G1 Evacuation Pause) (young), 0.0118779 secs]
   [Parallel Time: 6.2 ms, GC Workers: 8]
      [GC Worker Start (ms): Min: 1056799918.4, Avg: 1056799918.5, Max: 1056799918.6, Diff: 0.2]
      [Ext Root Scanning (ms): Min: 1.2, Avg: 1.9, Max: 5.9, Diff: 4.7, Sum: 15.6]
      [Update RS (ms): Min: 0.0, Avg: 0.4, Max: 0.9, Diff: 0.9, Sum: 2.9]
         [Processed Buffers: Min: 0, Avg: 21.2, Max: 59, Diff: 59, Sum: 170]
      [Scan RS (ms): Min: 0.0, Avg: 0.1, Max: 0.2, Diff: 0.1, Sum: 0.7]
      [Code Root Scanning (ms): Min: 0.0, Avg: 0.0, Max: 0.0, Diff: 0.0, Sum: 0.0]
      [Object Copy (ms): Min: 0.0, Avg: 0.5, Max: 0.7, Diff: 0.7, Sum: 4.0]
      [Termination (ms): Min: 0.0, Avg: 3.0, Max: 3.4, Diff: 3.4, Sum: 23.8]
         [Termination Attempts: Min: 1, Avg: 2.1, Max: 4, Diff: 3, Sum: 17]
      [GC Worker Other (ms): Min: 0.0, Avg: 0.0, Max: 0.0, Diff: 0.0, Sum: 0.1]
      [GC Worker Total (ms): Min: 5.8, Avg: 5.9, Max: 6.0, Diff: 0.2, Sum: 47.0]
      [GC Worker End (ms): Min: 1056799924.3, Avg: 1056799924.4, Max: 1056799924.4, Diff: 0.0]
   [Code Root Fixup: 0.0 ms]
   [Code Root Purge: 0.0 ms]
   [Clear CT: 0.6 ms]
   [Other: 5.1 ms]
      [Choose CSet: 0.0 ms]
      [Ref Proc: 4.4 ms]
      [Ref Enq: 0.1 ms]
      [Redirty Cards: 0.1 ms]
      [Humongous Register: 0.1 ms]
      [Humongous Reclaim: 0.0 ms]
      [Free CSet: 0.3 ms]
   [Eden: 7152.0M(7152.0M)->0.0B(7152.0M) Survivors: 16384.0K->16384.0K Heap: 10545.5M(14336.0M)->3393.7M(14336.0M)]
 [Times: user=0.06 sys=0.00, real=0.02 secs] 
2022-08-03T03:00:26.762-0700: 1057798.267: [GC pause (G1 Evacuation Pause) (young), 0.0100913 secs]
   [Parallel Time: 5.7 ms, GC Workers: 8]
      [GC Worker Start (ms): Min: 1057798267.2, Avg: 1057798267.3, Max: 1057798267.4, Diff: 0.1]
      [Ext Root Scanning (ms): Min: 1.2, Avg: 1.9, Max: 5.5, Diff: 4.2, Sum: 15.5]
      [Update RS (ms): Min: 0.0, Avg: 0.4, Max: 0.7, Diff: 0.7, Sum: 3.0]
         [Processed Buffers: Min: 0, Avg: 20.8, Max: 53, Diff: 53, Sum: 166]
      [Scan RS (ms): Min: 0.0, Avg: 0.1, Max: 0.1, Diff: 0.1, Sum: 0.6]
      [Code Root Scanning (ms): Min: 0.0, Avg: 0.0, Max: 0.0, Diff: 0.0, Sum: 0.0]
      [Object Copy (ms): Min: 0.0, Avg: 0.5, Max: 0.7, Diff: 0.7, Sum: 4.0]
      [Termination (ms): Min: 0.0, Avg: 2.6, Max: 2.9, Diff: 2.9, Sum: 20.6]
         [Termination Attempts: Min: 1, Avg: 1.5, Max: 2, Diff: 1, Sum: 12]
      [GC Worker Other (ms): Min: 0.0, Avg: 0.0, Max: 0.1, Diff: 0.0, Sum: 0.3]
      [GC Worker Total (ms): Min: 5.4, Avg: 5.5, Max: 5.6, Diff: 0.1, Sum: 44.0]
      [GC Worker End (ms): Min: 1057798272.8, Avg: 1057798272.8, Max: 1057798272.8, Diff: 0.1]
   [Code Root Fixup: 0.0 ms]
   [Code Root Purge: 0.0 ms]
   [Clear CT: 0.6 ms]
   [Other: 3.8 ms]
      [Choose CSet: 0.0 ms]
      [Ref Proc: 2.9 ms]
      [Ref Enq: 0.2 ms]
      [Redirty Cards: 0.2 ms]
      [Humongous Register: 0.1 ms]
      [Humongous Reclaim: 0.0 ms]
      [Free CSet: 0.3 ms]
   [Eden: 7152.0M(7152.0M)->0.0B(7152.0M) Survivors: 16384.0K->16384.0K Heap: 10545.7M(14336.0M)->3393.5M(14336.0M)]
 [Times: user=0.05 sys=0.00, real=0.01 secs] 
2022-08-03T03:16:43.214-0700: 1058774.718: [GC pause (G1 Evacuation Pause) (young) (initial-mark), 0.0153987 secs]
   [Parallel Time: 9.7 ms, GC Workers: 8]
      [GC Worker Start (ms): Min: 1058774720.4, Avg: 1058774720.5, Max: 1058774720.6, Diff: 0.2]
      [Ext Root Scanning (ms): Min: 6.3, Avg: 6.5, Max: 6.8, Diff: 0.5, Sum: 52.2]
      [Update RS (ms): Min: 0.1, Avg: 0.3, Max: 0.5, Diff: 0.4, Sum: 2.3]
         [Processed Buffers: Min: 1, Avg: 21.4, Max: 50, Diff: 49, Sum: 171]
      [Scan RS (ms): Min: 0.0, Avg: 0.1, Max: 0.1, Diff: 0.1, Sum: 0.5]
      [Code Root Scanning (ms): Min: 0.0, Avg: 0.0, Max: 0.0, Diff: 0.0, Sum: 0.0]
      [Object Copy (ms): Min: 0.2, Avg: 0.4, Max: 0.6, Diff: 0.5, Sum: 3.6]
      [Termination (ms): Min: 0.0, Avg: 0.1, Max: 0.1, Diff: 0.1, Sum: 0.6]
         [Termination Attempts: Min: 1, Avg: 2.9, Max: 5, Diff: 4, Sum: 23]
      [GC Worker Other (ms): Min: 0.0, Avg: 0.0, Max: 0.1, Diff: 0.0, Sum: 0.2]
      [GC Worker Total (ms): Min: 7.3, Avg: 7.4, Max: 7.5, Diff: 0.2, Sum: 59.4]
      [GC Worker End (ms): Min: 1058774727.9, Avg: 1058774727.9, Max: 1058774728.0, Diff: 0.1]
   [Code Root Fixup: 0.0 ms]
   [Code Root Purge: 0.0 ms]
   [Clear CT: 0.6 ms]
   [Other: 5.1 ms]
      [Choose CSet: 0.0 ms]
      [Ref Proc: 4.3 ms]
      [Ref Enq: 0.1 ms]
      [Redirty Cards: 0.1 ms]
      [Humongous Register: 0.0 ms]
      [Humongous Reclaim: 0.0 ms]
      [Free CSet: 0.3 ms]
   [Eden: 7152.0M(7152.0M)->0.0B(7152.0M) Survivors: 16384.0K->16384.0K Heap: 10545.5M(14336.0M)->3393.6M(14336.0M)]
 [Times: user=0.05 sys=0.02, real=0.02 secs] 
2022-08-03T03:16:43.229-0700: 1058774.734: [GC concurrent-root-region-scan-start]
2022-08-03T03:16:43.234-0700: 1058774.739: [GC concurrent-root-region-scan-end, 0.0047685 secs]
2022-08-03T03:16:43.234-0700: 1058774.739: [GC concurrent-mark-start]
2022-08-03T03:16:45.706-0700: 1058777.211: [GC concurrent-mark-end, 2.4721621 secs]
2022-08-03T03:16:45.706-0700: 1058777.211: [GC remark 2022-08-03T03:16:45.707-0700: 1058777.211: [Finalize Marking, 0.0002409 secs] 2022-08-03T03:16:45.707-0700: 1058777.212: [GC ref-proc, 0.0074320 secs] 2022-08-03T03:16:45.714-0700: 1058777.219: [Unloading, 0.0278867 secs], 0.0417969 secs]
 [Times: user=0.25 sys=0.00, real=0.04 secs] 
2022-08-03T03:16:45.749-0700: 1058777.253: [GC cleanup 3433M->3433M(14336M), 0.0084945 secs]
 [Times: user=0.06 sys=0.00, real=0.01 secs] 
2022-08-03T03:33:15.963-0700: 1059767.468: [GC pause (G1 Evacuation Pause) (young), 0.0111544 secs]
   [Parallel Time: 5.6 ms, GC Workers: 8]
      [GC Worker Start (ms): Min: 1059767468.2, Avg: 1059767468.2, Max: 1059767468.3, Diff: 0.1]
      [Ext Root Scanning (ms): Min: 1.1, Avg: 1.8, Max: 5.2, Diff: 4.2, Sum: 14.0]
      [Update RS (ms): Min: 0.0, Avg: 0.3, Max: 0.7, Diff: 0.7, Sum: 2.7]
         [Processed Buffers: Min: 0, Avg: 21.0, Max: 51, Diff: 51, Sum: 168]
      [Scan RS (ms): Min: 0.0, Avg: 0.1, Max: 0.2, Diff: 0.1, Sum: 0.6]
      [Code Root Scanning (ms): Min: 0.0, Avg: 0.0, Max: 0.0, Diff: 0.0, Sum: 0.0]
      [Object Copy (ms): Min: 0.0, Avg: 0.5, Max: 0.7, Diff: 0.7, Sum: 3.6]
      [Termination (ms): Min: 0.0, Avg: 2.6, Max: 3.0, Diff: 3.0, Sum: 20.8]
         [Termination Attempts: Min: 1, Avg: 1.9, Max: 4, Diff: 3, Sum: 15]
      [GC Worker Other (ms): Min: 0.0, Avg: 0.0, Max: 0.0, Diff: 0.0, Sum: 0.1]
      [GC Worker Total (ms): Min: 5.2, Avg: 5.2, Max: 5.3, Diff: 0.1, Sum: 41.9]
      [GC Worker End (ms): Min: 1059767473.5, Avg: 1059767473.5, Max: 1059767473.5, Diff: 0.0]
   [Code Root Fixup: 0.0 ms]
   [Code Root Purge: 0.0 ms]
   [Clear CT: 0.6 ms]
   [Other: 4.9 ms]
      [Choose CSet: 0.0 ms]
      [Ref Proc: 4.2 ms]
      [Ref Enq: 0.1 ms]
      [Redirty Cards: 0.1 ms]
      [Humongous Register: 0.1 ms]
      [Humongous Reclaim: 0.0 ms]
      [Free CSet: 0.3 ms]
   [Eden: 7152.0M(7152.0M)->0.0B(7152.0M) Survivors: 16384.0K->16384.0K Heap: 10545.6M(14336.0M)->3393.4M(14336.0M)]
 [Times: user=0.05 sys=0.01, real=0.00 secs] 
2022-08-03T03:50:00.363-0700: 1060771.868: [GC pause (G1 Evacuation Pause) (young), 0.0111511 secs]
   [Parallel Time: 5.7 ms, GC Workers: 8]
      [GC Worker Start (ms): Min: 1060771867.7, Avg: 1060771867.8, Max: 1060771867.9, Diff: 0.1]
      [Ext Root Scanning (ms): Min: 1.1, Avg: 1.8, Max: 5.3, Diff: 4.2, Sum: 14.3]
      [Update RS (ms): Min: 0.0, Avg: 0.4, Max: 0.7, Diff: 0.7, Sum: 2.9]
         [Processed Buffers: Min: 0, Avg: 20.6, Max: 90, Diff: 90, Sum: 165]
      [Scan RS (ms): Min: 0.0, Avg: 0.1, Max: 0.2, Diff: 0.1, Sum: 0.6]
      [Code Root Scanning (ms): Min: 0.0, Avg: 0.0, Max: 0.0, Diff: 0.0, Sum: 0.0]
      [Object Copy (ms): Min: 0.0, Avg: 0.4, Max: 0.6, Diff: 0.6, Sum: 3.4]
      [Termination (ms): Min: 0.0, Avg: 2.6, Max: 3.0, Diff: 3.0, Sum: 20.9]
         [Termination Attempts: Min: 1, Avg: 1.4, Max: 2, Diff: 1, Sum: 11]
      [GC Worker Other (ms): Min: 0.0, Avg: 0.0, Max: 0.1, Diff: 0.0, Sum: 0.2]
      [GC Worker Total (ms): Min: 5.2, Avg: 5.3, Max: 5.4, Diff: 0.1, Sum: 42.3]
      [GC Worker End (ms): Min: 1060771873.1, Avg: 1060771873.1, Max: 1060771873.1, Diff: 0.1]
   [Code Root Fixup: 0.0 ms]
   [Code Root Purge: 0.0 ms]
   [Clear CT: 0.6 ms]
   [Other: 4.9 ms]
      [Choose CSet: 0.0 ms]
      [Ref Proc: 4.1 ms]
      [Ref Enq: 0.1 ms]
      [Redirty Cards: 0.1 ms]
      [Humongous Register: 0.1 ms]
      [Humongous Reclaim: 0.0 ms]
      [Free CSet: 0.3 ms]
   [Eden: 7152.0M(7152.0M)->0.0B(7152.0M) Survivors: 16384.0K->16384.0K Heap: 10545.4M(14336.0M)->3393.6M(14336.0M)]
 [Times: user=0.05 sys=0.00, real=0.00 secs] 
2022-08-03T04:06:41.412-0700: 1061772.916: [GC pause (G1 Evacuation Pause) (young) (initial-mark), 0.0136404 secs]
   [Parallel Time: 8.7 ms, GC Workers: 8]
      [GC Worker Start (ms): Min: 1061772918.2, Avg: 1061772918.3, Max: 1061772918.3, Diff: 0.1]
      [Ext Root Scanning (ms): Min: 5.7, Avg: 5.9, Max: 6.1, Diff: 0.4, Sum: 47.1]
      [Update RS (ms): Min: 0.2, Avg: 0.3, Max: 0.5, Diff: 0.3, Sum: 2.2]
         [Processed Buffers: Min: 1, Avg: 22.5, Max: 48, Diff: 47, Sum: 180]
      [Scan RS (ms): Min: 0.0, Avg: 0.1, Max: 0.1, Diff: 0.1, Sum: 0.5]
      [Code Root Scanning (ms): Min: 0.0, Avg: 0.0, Max: 0.0, Diff: 0.0, Sum: 0.0]
      [Object Copy (ms): Min: 0.2, Avg: 0.5, Max: 0.6, Diff: 0.4, Sum: 3.7]
      [Termination (ms): Min: 0.0, Avg: 0.0, Max: 0.0, Diff: 0.0, Sum: 0.2]
         [Termination Attempts: Min: 1, Avg: 1.6, Max: 3, Diff: 2, Sum: 13]
      [GC Worker Other (ms): Min: 0.0, Avg: 0.0, Max: 0.1, Diff: 0.0, Sum: 0.3]
      [GC Worker Total (ms): Min: 6.7, Avg: 6.7, Max: 6.8, Diff: 0.1, Sum: 54.0]
      [GC Worker End (ms): Min: 1061772925.0, Avg: 1061772925.0, Max: 1061772925.1, Diff: 0.1]
   [Code Root Fixup: 0.0 ms]
   [Code Root Purge: 0.0 ms]
   [Clear CT: 0.7 ms]
   [Other: 4.3 ms]
      [Choose CSet: 0.0 ms]
      [Ref Proc: 3.6 ms]
      [Ref Enq: 0.1 ms]
      [Redirty Cards: 0.1 ms]
      [Humongous Register: 0.0 ms]
      [Humongous Reclaim: 0.0 ms]
      [Free CSet: 0.3 ms]
   [Eden: 7152.0M(7152.0M)->0.0B(7152.0M) Survivors: 16384.0K->16384.0K Heap: 10545.6M(14336.0M)->3393.6M(14336.0M)]
 [Times: user=0.06 sys=0.00, real=0.02 secs] 
2022-08-03T04:06:41.425-0700: 1061772.930: [GC concurrent-root-region-scan-start]
2022-08-03T04:06:41.430-0700: 1061772.935: [GC concurrent-root-region-scan-end, 0.0049101 secs]
2022-08-03T04:06:41.430-0700: 1061772.935: [GC concurrent-mark-start]
2022-08-03T04:06:43.958-0700: 1061775.463: [GC concurrent-mark-end, 2.5274607 secs]
2022-08-03T04:06:43.958-0700: 1061775.463: [GC remark 2022-08-03T04:06:43.958-0700: 1061775.463: [Finalize Marking, 0.0002333 secs] 2022-08-03T04:06:43.958-0700: 1061775.463: [GC ref-proc, 0.0059257 secs] 2022-08-03T04:06:43.964-0700: 1061775.469: [Unloading, 0.0276725 secs], 0.0391717 secs]
 [Times: user=0.25 sys=0.00, real=0.04 secs] 
2022-08-03T04:06:43.998-0700: 1061775.502: [GC cleanup 3465M->3465M(14336M), 0.0086474 secs]
 [Times: user=0.06 sys=0.00, real=0.01 secs] 
2022-08-03T04:23:11.612-0700: 1062763.117: [GC pause (G1 Evacuation Pause) (young), 0.0109197 secs]
   [Parallel Time: 6.0 ms, GC Workers: 8]
      [GC Worker Start (ms): Min: 1062763116.9, Avg: 1062763117.0, Max: 1062763117.1, Diff: 0.1]
      [Ext Root Scanning (ms): Min: 1.3, Avg: 2.2, Max: 5.7, Diff: 4.4, Sum: 17.7]
      [Update RS (ms): Min: 0.0, Avg: 0.3, Max: 0.7, Diff: 0.7, Sum: 2.7]
         [Processed Buffers: Min: 0, Avg: 21.8, Max: 63, Diff: 63, Sum: 174]
      [Scan RS (ms): Min: 0.0, Avg: 0.1, Max: 0.2, Diff: 0.2, Sum: 0.8]
      [Code Root Scanning (ms): Min: 0.0, Avg: 0.0, Max: 0.0, Diff: 0.0, Sum: 0.0]
      [Object Copy (ms): Min: 0.0, Avg: 0.4, Max: 0.7, Diff: 0.7, Sum: 3.4]
      [Termination (ms): Min: 0.0, Avg: 2.6, Max: 3.0, Diff: 3.0, Sum: 20.7]
         [Termination Attempts: Min: 1, Avg: 2.2, Max: 3, Diff: 2, Sum: 18]
      [GC Worker Other (ms): Min: 0.0, Avg: 0.0, Max: 0.0, Diff: 0.0, Sum: 0.2]
      [GC Worker Total (ms): Min: 5.6, Avg: 5.7, Max: 5.8, Diff: 0.2, Sum: 45.6]
      [GC Worker End (ms): Min: 1062763122.7, Avg: 1062763122.7, Max: 1062763122.7, Diff: 0.0]
   [Code Root Fixup: 0.0 ms]
   [Code Root Purge: 0.0 ms]
   [Clear CT: 0.6 ms]
   [Other: 4.3 ms]
      [Choose CSet: 0.0 ms]
      [Ref Proc: 3.5 ms]
      [Ref Enq: 0.1 ms]
      [Redirty Cards: 0.1 ms]
      [Humongous Register: 0.1 ms]
      [Humongous Reclaim: 0.0 ms]
      [Free CSet: 0.3 ms]
   [Eden: 7152.0M(7152.0M)->0.0B(7152.0M) Survivors: 16384.0K->16384.0K Heap: 10545.6M(14336.0M)->3393.5M(14336.0M)]
 [Times: user=0.05 sys=0.00, real=0.02 secs] 
2022-08-03T04:40:00.363-0700: 1063771.868: [GC pause (G1 Evacuation Pause) (young), 0.0099937 secs]
   [Parallel Time: 5.9 ms, GC Workers: 8]
      [GC Worker Start (ms): Min: 1063771868.3, Avg: 1063771868.4, Max: 1063771868.5, Diff: 0.1]
      [Ext Root Scanning (ms): Min: 1.3, Avg: 2.0, Max: 5.6, Diff: 4.3, Sum: 16.3]
      [Update RS (ms): Min: 0.0, Avg: 0.3, Max: 0.7, Diff: 0.7, Sum: 2.7]
         [Processed Buffers: Min: 0, Avg: 20.4, Max: 71, Diff: 71, Sum: 163]
      [Scan RS (ms): Min: 0.0, Avg: 0.1, Max: 0.2, Diff: 0.1, Sum: 0.6]
      [Code Root Scanning (ms): Min: 0.0, Avg: 0.0, Max: 0.0, Diff: 0.0, Sum: 0.0]
      [Object Copy (ms): Min: 0.0, Avg: 0.5, Max: 0.8, Diff: 0.8, Sum: 4.0]
      [Termination (ms): Min: 0.0, Avg: 2.6, Max: 3.0, Diff: 3.0, Sum: 21.0]
         [Termination Attempts: Min: 1, Avg: 1.6, Max: 3, Diff: 2, Sum: 13]
      [GC Worker Other (ms): Min: 0.0, Avg: 0.0, Max: 0.1, Diff: 0.1, Sum: 0.3]
      [GC Worker Total (ms): Min: 5.5, Avg: 5.6, Max: 5.7, Diff: 0.2, Sum: 44.9]
      [GC Worker End (ms): Min: 1063771874.0, Avg: 1063771874.0, Max: 1063771874.0, Diff: 0.1]
   [Code Root Fixup: 0.0 ms]
   [Code Root Purge: 0.0 ms]
   [Clear CT: 0.6 ms]
   [Other: 3.6 ms]
      [Choose CSet: 0.0 ms]
      [Ref Proc: 2.8 ms]
      [Ref Enq: 0.1 ms]
      [Redirty Cards: 0.1 ms]
      [Humongous Register: 0.1 ms]
      [Humongous Reclaim: 0.0 ms]
      [Free CSet: 0.3 ms]
   [Eden: 7152.0M(7152.0M)->0.0B(7152.0M) Survivors: 16384.0K->16384.0K Heap: 10545.5M(14336.0M)->3393.7M(14336.0M)]
 [Times: user=0.05 sys=0.00, real=0.00 secs] 
2022-08-03T04:56:40.562-0700: 1064772.067: [GC pause (G1 Evacuation Pause) (young) (initial-mark), 0.0144049 secs]
   [Parallel Time: 9.1 ms, GC Workers: 8]
      [GC Worker Start (ms): Min: 1064772068.4, Avg: 1064772068.5, Max: 1064772068.5, Diff: 0.1]
      [Ext Root Scanning (ms): Min: 5.9, Avg: 6.1, Max: 6.4, Diff: 0.5, Sum: 49.1]
      [Update RS (ms): Min: 0.1, Avg: 0.3, Max: 0.6, Diff: 0.4, Sum: 2.5]
         [Processed Buffers: Min: 1, Avg: 20.9, Max: 50, Diff: 49, Sum: 167]
      [Scan RS (ms): Min: 0.0, Avg: 0.1, Max: 0.1, Diff: 0.1, Sum: 0.5]
      [Code Root Scanning (ms): Min: 0.0, Avg: 0.0, Max: 0.0, Diff: 0.0, Sum: 0.0]
      [Object Copy (ms): Min: 0.1, Avg: 0.5, Max: 0.7, Diff: 0.6, Sum: 4.2]
      [Termination (ms): Min: 0.0, Avg: 0.0, Max: 0.0, Diff: 0.0, Sum: 0.2]
         [Termination Attempts: Min: 1, Avg: 2.4, Max: 4, Diff: 3, Sum: 19]
      [GC Worker Other (ms): Min: 0.0, Avg: 0.0, Max: 0.1, Diff: 0.1, Sum: 0.3]
      [GC Worker Total (ms): Min: 7.0, Avg: 7.1, Max: 7.2, Diff: 0.1, Sum: 56.8]
      [GC Worker End (ms): Min: 1064772075.6, Avg: 1064772075.6, Max: 1064772075.6, Diff: 0.1]
   [Code Root Fixup: 0.0 ms]
   [Code Root Purge: 0.0 ms]
   [Clear CT: 0.7 ms]
   [Other: 4.7 ms]
      [Choose CSet: 0.0 ms]
      [Ref Proc: 3.9 ms]
      [Ref Enq: 0.1 ms]
      [Redirty Cards: 0.1 ms]
      [Humongous Register: 0.0 ms]
      [Humongous Reclaim: 0.0 ms]
      [Free CSet: 0.3 ms]
   [Eden: 7152.0M(7152.0M)->0.0B(7152.0M) Survivors: 16384.0K->16384.0K Heap: 10545.7M(14336.0M)->3393.6M(14336.0M)]
 [Times: user=0.05 sys=0.01, real=0.02 secs] 
2022-08-03T04:56:40.576-0700: 1064772.081: [GC concurrent-root-region-scan-start]
2022-08-03T04:56:40.581-0700: 1064772.086: [GC concurrent-root-region-scan-end, 0.0051448 secs]
2022-08-03T04:56:40.582-0700: 1064772.086: [GC concurrent-mark-start]
2022-08-03T04:56:43.062-0700: 1064774.567: [GC concurrent-mark-end, 2.4808852 secs]
2022-08-03T04:56:43.063-0700: 1064774.567: [GC remark 2022-08-03T04:56:43.063-0700: 1064774.567: [Finalize Marking, 0.0003778 secs] 2022-08-03T04:56:43.063-0700: 1064774.568: [GC ref-proc, 0.0100649 secs] 2022-08-03T04:56:43.073-0700: 1064774.578: [Unloading, 0.0278530 secs], 0.0437428 secs]
 [Times: user=0.26 sys=0.00, real=0.04 secs] 
2022-08-03T04:56:43.107-0700: 1064774.612: [GC cleanup 3465M->3465M(14336M), 0.0082839 secs]
 [Times: user=0.06 sys=0.00, real=0.01 secs] 
2022-08-03T05:13:16.261-0700: 1065767.766: [GC pause (G1 Evacuation Pause) (young), 0.0113141 secs]
   [Parallel Time: 5.8 ms, GC Workers: 8]
      [GC Worker Start (ms): Min: 1065767766.1, Avg: 1065767766.2, Max: 1065767766.3, Diff: 0.2]
      [Ext Root Scanning (ms): Min: 1.2, Avg: 1.9, Max: 5.7, Diff: 4.5, Sum: 15.5]
      [Update RS (ms): Min: 0.0, Avg: 0.4, Max: 0.8, Diff: 0.8, Sum: 2.9]
         [Processed Buffers: Min: 0, Avg: 21.6, Max: 62, Diff: 62, Sum: 173]
      [Scan RS (ms): Min: 0.0, Avg: 0.1, Max: 0.1, Diff: 0.1, Sum: 0.7]
      [Code Root Scanning (ms): Min: 0.0, Avg: 0.0, Max: 0.0, Diff: 0.0, Sum: 0.0]
      [Object Copy (ms): Min: 0.0, Avg: 0.5, Max: 0.7, Diff: 0.7, Sum: 4.2]
      [Termination (ms): Min: 0.0, Avg: 2.7, Max: 3.1, Diff: 3.1, Sum: 21.8]
         [Termination Attempts: Min: 1, Avg: 7.2, Max: 11, Diff: 10, Sum: 58]
      [GC Worker Other (ms): Min: 0.0, Avg: 0.0, Max: 0.0, Diff: 0.0, Sum: 0.1]
      [GC Worker Total (ms): Min: 5.6, Avg: 5.7, Max: 5.7, Diff: 0.2, Sum: 45.3]
      [GC Worker End (ms): Min: 1065767771.9, Avg: 1065767771.9, Max: 1065767771.9, Diff: 0.0]
   [Code Root Fixup: 0.0 ms]
   [Code Root Purge: 0.0 ms]
   [Clear CT: 0.6 ms]
   [Other: 4.9 ms]
      [Choose CSet: 0.0 ms]
      [Ref Proc: 4.1 ms]
      [Ref Enq: 0.1 ms]
      [Redirty Cards: 0.1 ms]
      [Humongous Register: 0.1 ms]
      [Humongous Reclaim: 0.0 ms]
      [Free CSet: 0.3 ms]
   [Eden: 7152.0M(7152.0M)->0.0B(7152.0M) Survivors: 16384.0K->16384.0K Heap: 10545.6M(14336.0M)->3393.6M(14336.0M)]
 [Times: user=0.06 sys=0.00, real=0.01 secs] 
2022-08-03T05:29:58.512-0700: 1066770.016: [GC pause (G1 Evacuation Pause) (young), 0.0094567 secs]
   [Parallel Time: 6.2 ms, GC Workers: 8]
      [GC Worker Start (ms): Min: 1066770016.5, Avg: 1066770016.6, Max: 1066770016.7, Diff: 0.1]
      [Ext Root Scanning (ms): Min: 1.2, Avg: 2.0, Max: 5.9, Diff: 4.7, Sum: 15.8]
      [Update RS (ms): Min: 0.0, Avg: 0.4, Max: 0.8, Diff: 0.8, Sum: 3.1]
         [Processed Buffers: Min: 0, Avg: 20.6, Max: 68, Diff: 68, Sum: 165]
      [Scan RS (ms): Min: 0.0, Avg: 0.1, Max: 0.2, Diff: 0.1, Sum: 0.7]
      [Code Root Scanning (ms): Min: 0.0, Avg: 0.0, Max: 0.0, Diff: 0.0, Sum: 0.0]
      [Object Copy (ms): Min: 0.0, Avg: 0.5, Max: 0.8, Diff: 0.8, Sum: 4.1]
      [Termination (ms): Min: 0.0, Avg: 2.9, Max: 3.3, Diff: 3.3, Sum: 23.1]
         [Termination Attempts: Min: 1, Avg: 3.6, Max: 6, Diff: 5, Sum: 29]
      [GC Worker Other (ms): Min: 0.0, Avg: 0.0, Max: 0.1, Diff: 0.0, Sum: 0.2]
      [GC Worker Total (ms): Min: 5.8, Avg: 5.9, Max: 5.9, Diff: 0.1, Sum: 47.0]
      [GC Worker End (ms): Min: 1066770022.5, Avg: 1066770022.5, Max: 1066770022.5, Diff: 0.0]
   [Code Root Fixup: 0.0 ms]
   [Code Root Purge: 0.0 ms]
   [Clear CT: 0.6 ms]
   [Other: 2.6 ms]
      [Choose CSet: 0.0 ms]
      [Ref Proc: 1.9 ms]
      [Ref Enq: 0.1 ms]
      [Redirty Cards: 0.1 ms]
      [Humongous Register: 0.1 ms]
      [Humongous Reclaim: 0.0 ms]
      [Free CSet: 0.3 ms]
   [Eden: 7152.0M(7152.0M)->0.0B(7152.0M) Survivors: 16384.0K->16384.0K Heap: 10545.6M(14336.0M)->3393.6M(14336.0M)]
 [Times: user=0.04 sys=0.02, real=0.01 secs] 
2022-08-03T05:46:36.260-0700: 1067767.765: [GC pause (G1 Evacuation Pause) (young) (initial-mark), 0.0155610 secs]
   [Parallel Time: 10.5 ms, GC Workers: 8]
      [GC Worker Start (ms): Min: 1067767766.9, Avg: 1067767767.0, Max: 1067767767.1, Diff: 0.2]
      [Ext Root Scanning (ms): Min: 7.0, Avg: 7.2, Max: 7.5, Diff: 0.5, Sum: 58.0]
      [Update RS (ms): Min: 0.2, Avg: 0.4, Max: 0.7, Diff: 0.5, Sum: 2.9]
         [Processed Buffers: Min: 1, Avg: 21.5, Max: 57, Diff: 56, Sum: 172]
      [Scan RS (ms): Min: 0.0, Avg: 0.1, Max: 0.1, Diff: 0.1, Sum: 0.7]
      [Code Root Scanning (ms): Min: 0.0, Avg: 0.0, Max: 0.0, Diff: 0.0, Sum: 0.0]
      [Object Copy (ms): Min: 0.2, Avg: 0.6, Max: 0.9, Diff: 0.7, Sum: 4.9]
      [Termination (ms): Min: 0.0, Avg: 0.0, Max: 0.1, Diff: 0.1, Sum: 0.3]
         [Termination Attempts: Min: 1, Avg: 7.6, Max: 11, Diff: 10, Sum: 61]
      [GC Worker Other (ms): Min: 0.0, Avg: 0.0, Max: 0.0, Diff: 0.0, Sum: 0.2]
      [GC Worker Total (ms): Min: 8.3, Avg: 8.4, Max: 8.5, Diff: 0.2, Sum: 67.1]
      [GC Worker End (ms): Min: 1067767775.4, Avg: 1067767775.4, Max: 1067767775.4, Diff: 0.0]
   [Code Root Fixup: 0.0 ms]
   [Code Root Purge: 0.0 ms]
   [Clear CT: 0.6 ms]
   [Other: 4.4 ms]
      [Choose CSet: 0.0 ms]
      [Ref Proc: 3.8 ms]
      [Ref Enq: 0.1 ms]
      [Redirty Cards: 0.1 ms]
      [Humongous Register: 0.0 ms]
      [Humongous Reclaim: 0.0 ms]
      [Free CSet: 0.3 ms]
   [Eden: 7152.0M(7152.0M)->0.0B(7152.0M) Survivors: 16384.0K->16384.0K Heap: 10545.6M(14336.0M)->3393.5M(14336.0M)]
 [Times: user=0.07 sys=0.00, real=0.02 secs] 
2022-08-03T05:46:36.276-0700: 1067767.781: [GC concurrent-root-region-scan-start]
2022-08-03T05:46:36.281-0700: 1067767.785: [GC concurrent-root-region-scan-end, 0.0046371 secs]
2022-08-03T05:46:36.281-0700: 1067767.785: [GC concurrent-mark-start]
2022-08-03T05:46:38.767-0700: 1067770.272: [GC concurrent-mark-end, 2.4868182 secs]
2022-08-03T05:46:38.768-0700: 1067770.273: [GC remark 2022-08-03T05:46:38.768-0700: 1067770.273: [Finalize Marking, 0.0003216 secs] 2022-08-03T05:46:38.768-0700: 1067770.273: [GC ref-proc, 0.0119058 secs] 2022-08-03T05:46:38.780-0700: 1067770.285: [Unloading, 0.0277426 secs], 0.0454644 secs]
 [Times: user=0.26 sys=0.00, real=0.04 secs] 
2022-08-03T05:46:38.814-0700: 1067770.318: [GC cleanup 3433M->3433M(14336M), 0.0084700 secs]
 [Times: user=0.06 sys=0.00, real=0.01 secs] 
2022-08-03T06:03:26.363-0700: 1068777.868: [GC pause (G1 Evacuation Pause) (young), 0.0097053 secs]
   [Parallel Time: 5.7 ms, GC Workers: 8]
      [GC Worker Start (ms): Min: 1068777868.2, Avg: 1068777868.3, Max: 1068777868.4, Diff: 0.2]
      [Ext Root Scanning (ms): Min: 1.2, Avg: 1.9, Max: 5.4, Diff: 4.2, Sum: 15.4]
      [Update RS (ms): Min: 0.0, Avg: 0.3, Max: 0.7, Diff: 0.7, Sum: 2.7]
         [Processed Buffers: Min: 0, Avg: 20.6, Max: 59, Diff: 59, Sum: 165]
      [Scan RS (ms): Min: 0.0, Avg: 0.1, Max: 0.2, Diff: 0.1, Sum: 0.6]
      [Code Root Scanning (ms): Min: 0.0, Avg: 0.0, Max: 0.0, Diff: 0.0, Sum: 0.0]
      [Object Copy (ms): Min: 0.0, Avg: 0.6, Max: 1.4, Diff: 1.4, Sum: 4.6]
      [Termination (ms): Min: 0.0, Avg: 2.4, Max: 2.8, Diff: 2.8, Sum: 19.6]
         [Termination Attempts: Min: 1, Avg: 6.5, Max: 12, Diff: 11, Sum: 52]
      [GC Worker Other (ms): Min: 0.0, Avg: 0.0, Max: 0.1, Diff: 0.1, Sum: 0.2]
      [GC Worker Total (ms): Min: 5.3, Avg: 5.4, Max: 5.5, Diff: 0.2, Sum: 43.0]
      [GC Worker End (ms): Min: 1068777873.6, Avg: 1068777873.7, Max: 1068777873.7, Diff: 0.1]
   [Code Root Fixup: 0.0 ms]
   [Code Root Purge: 0.0 ms]
   [Clear CT: 0.6 ms]
   [Other: 3.3 ms]
      [Choose CSet: 0.0 ms]
      [Ref Proc: 2.6 ms]
      [Ref Enq: 0.1 ms]
      [Redirty Cards: 0.1 ms]
      [Humongous Register: 0.1 ms]
      [Humongous Reclaim: 0.0 ms]
      [Free CSet: 0.3 ms]
   [Eden: 7152.0M(7152.0M)->0.0B(7152.0M) Survivors: 16384.0K->16384.0K Heap: 10545.5M(14336.0M)->3393.7M(14336.0M)]
 [Times: user=0.05 sys=0.01, real=0.00 secs] 
2022-08-03T06:19:55.683-0700: 1069767.188: [GC pause (G1 Evacuation Pause) (young), 0.0115302 secs]
   [Parallel Time: 6.5 ms, GC Workers: 8]
      [GC Worker Start (ms): Min: 1069767188.2, Avg: 1069767188.2, Max: 1069767188.3, Diff: 0.2]
      [Ext Root Scanning (ms): Min: 1.2, Avg: 2.0, Max: 6.0, Diff: 4.8, Sum: 15.9]
      [Update RS (ms): Min: 0.0, Avg: 0.4, Max: 0.7, Diff: 0.7, Sum: 3.1]
         [Processed Buffers: Min: 0, Avg: 21.6, Max: 94, Diff: 94, Sum: 173]
      [Scan RS (ms): Min: 0.0, Avg: 0.1, Max: 0.2, Diff: 0.2, Sum: 0.7]
      [Code Root Scanning (ms): Min: 0.0, Avg: 0.0, Max: 0.0, Diff: 0.0, Sum: 0.0]
      [Object Copy (ms): Min: 0.0, Avg: 0.5, Max: 0.8, Diff: 0.8, Sum: 4.2]
      [Termination (ms): Min: 0.0, Avg: 3.0, Max: 3.4, Diff: 3.4, Sum: 23.7]
         [Termination Attempts: Min: 1, Avg: 1.2, Max: 2, Diff: 1, Sum: 10]
      [GC Worker Other (ms): Min: 0.0, Avg: 0.0, Max: 0.0, Diff: 0.0, Sum: 0.1]
      [GC Worker Total (ms): Min: 5.9, Avg: 6.0, Max: 6.0, Diff: 0.2, Sum: 47.8]
      [GC Worker End (ms): Min: 1069767194.2, Avg: 1069767194.2, Max: 1069767194.2, Diff: 0.0]
   [Code Root Fixup: 0.0 ms]
   [Code Root Purge: 0.0 ms]
   [Clear CT: 0.6 ms]
   [Other: 4.5 ms]
      [Choose CSet: 0.0 ms]
      [Ref Proc: 3.8 ms]
      [Ref Enq: 0.1 ms]
      [Redirty Cards: 0.1 ms]
      [Humongous Register: 0.1 ms]
      [Humongous Reclaim: 0.0 ms]
      [Free CSet: 0.3 ms]
   [Eden: 7152.0M(7152.0M)->0.0B(7152.0M) Survivors: 16384.0K->16384.0K Heap: 10545.7M(14336.0M)->3393.6M(14336.0M)]
 [Times: user=0.06 sys=0.00, real=0.01 secs] 
2022-08-03T06:36:36.712-0700: 1070768.217: [GC pause (G1 Evacuation Pause) (young) (initial-mark), 0.0156073 secs]
   [Parallel Time: 10.1 ms, GC Workers: 8]
      [GC Worker Start (ms): Min: 1070768219.2, Avg: 1070768219.3, Max: 1070768219.4, Diff: 0.2]
      [Ext Root Scanning (ms): Min: 6.5, Avg: 6.7, Max: 7.0, Diff: 0.5, Sum: 53.9]
      [Update RS (ms): Min: 0.1, Avg: 0.3, Max: 0.5, Diff: 0.4, Sum: 2.3]
         [Processed Buffers: Min: 1, Avg: 21.0, Max: 52, Diff: 51, Sum: 168]
      [Scan RS (ms): Min: 0.0, Avg: 0.1, Max: 0.1, Diff: 0.1, Sum: 0.5]
      [Code Root Scanning (ms): Min: 0.0, Avg: 0.0, Max: 0.0, Diff: 0.0, Sum: 0.0]
      [Object Copy (ms): Min: 0.2, Avg: 0.5, Max: 0.8, Diff: 0.6, Sum: 4.1]
      [Termination (ms): Min: 0.0, Avg: 0.1, Max: 0.1, Diff: 0.1, Sum: 0.4]
         [Termination Attempts: Min: 1, Avg: 1.2, Max: 2, Diff: 1, Sum: 10]
      [GC Worker Other (ms): Min: 0.0, Avg: 0.0, Max: 0.0, Diff: 0.0, Sum: 0.2]
      [GC Worker Total (ms): Min: 7.6, Avg: 7.7, Max: 7.8, Diff: 0.2, Sum: 61.4]
      [GC Worker End (ms): Min: 1070768227.0, Avg: 1070768227.0, Max: 1070768227.0, Diff: 0.0]
   [Code Root Fixup: 0.0 ms]
   [Code Root Purge: 0.0 ms]
   [Clear CT: 0.7 ms]
   [Other: 4.8 ms]
      [Choose CSet: 0.0 ms]
      [Ref Proc: 4.0 ms]
      [Ref Enq: 0.1 ms]
      [Redirty Cards: 0.1 ms]
      [Humongous Register: 0.0 ms]
      [Humongous Reclaim: 0.0 ms]
      [Free CSet: 0.3 ms]
   [Eden: 7152.0M(7152.0M)->0.0B(7152.0M) Survivors: 16384.0K->16384.0K Heap: 10545.6M(14336.0M)->3393.5M(14336.0M)]
 [Times: user=0.05 sys=0.01, real=0.02 secs] 
2022-08-03T06:36:36.728-0700: 1070768.233: [GC concurrent-root-region-scan-start]
2022-08-03T06:36:36.733-0700: 1070768.238: [GC concurrent-root-region-scan-end, 0.0051696 secs]
2022-08-03T06:36:36.733-0700: 1070768.238: [GC concurrent-mark-start]
2022-08-03T06:36:39.184-0700: 1070770.689: [GC concurrent-mark-end, 2.4509063 secs]
2022-08-03T06:36:39.184-0700: 1070770.689: [GC remark 2022-08-03T06:36:39.184-0700: 1070770.689: [Finalize Marking, 0.0002072 secs] 2022-08-03T06:36:39.185-0700: 1070770.689: [GC ref-proc, 0.0106494 secs] 2022-08-03T06:36:39.195-0700: 1070770.700: [Unloading, 0.0280048 secs], 0.0443249 secs]
 [Times: user=0.26 sys=0.00, real=0.04 secs] 
2022-08-03T06:36:39.229-0700: 1070770.734: [GC cleanup 3433M->3433M(14336M), 0.0084400 secs]
 [Times: user=0.06 sys=0.00, real=0.01 secs] 
2022-08-03T06:53:08.563-0700: 1071760.068: [GC pause (G1 Evacuation Pause) (young), 0.0116014 secs]
   [Parallel Time: 5.9 ms, GC Workers: 8]
      [GC Worker Start (ms): Min: 1071760068.0, Avg: 1071760068.1, Max: 1071760068.1, Diff: 0.1]
      [Ext Root Scanning (ms): Min: 1.2, Avg: 2.0, Max: 5.5, Diff: 4.3, Sum: 15.8]
      [Update RS (ms): Min: 0.0, Avg: 0.4, Max: 0.7, Diff: 0.7, Sum: 3.0]
         [Processed Buffers: Min: 0, Avg: 22.1, Max: 68, Diff: 68, Sum: 177]
      [Scan RS (ms): Min: 0.0, Avg: 0.1, Max: 0.2, Diff: 0.1, Sum: 0.7]
      [Code Root Scanning (ms): Min: 0.0, Avg: 0.0, Max: 0.0, Diff: 0.0, Sum: 0.0]
      [Object Copy (ms): Min: 0.0, Avg: 0.5, Max: 0.7, Diff: 0.7, Sum: 4.3]
      [Termination (ms): Min: 0.0, Avg: 2.5, Max: 2.9, Diff: 2.9, Sum: 20.3]
         [Termination Attempts: Min: 1, Avg: 6.8, Max: 10, Diff: 9, Sum: 54]
      [GC Worker Other (ms): Min: 0.0, Avg: 0.0, Max: 0.0, Diff: 0.0, Sum: 0.2]
      [GC Worker Total (ms): Min: 5.5, Avg: 5.5, Max: 5.6, Diff: 0.1, Sum: 44.3]
      [GC Worker End (ms): Min: 1071760073.6, Avg: 1071760073.6, Max: 1071760073.6, Diff: 0.0]
   [Code Root Fixup: 0.0 ms]
   [Code Root Purge: 0.0 ms]
   [Clear CT: 0.6 ms]
   [Other: 5.1 ms]
      [Choose CSet: 0.0 ms]
      [Ref Proc: 4.4 ms]
      [Ref Enq: 0.1 ms]
      [Redirty Cards: 0.1 ms]
      [Humongous Register: 0.1 ms]
      [Humongous Reclaim: 0.0 ms]
      [Free CSet: 0.3 ms]
   [Eden: 7152.0M(7152.0M)->0.0B(7152.0M) Survivors: 16384.0K->16384.0K Heap: 10545.5M(14336.0M)->3393.7M(14336.0M)]
 [Times: user=0.06 sys=0.00, real=0.01 secs] 
2022-08-03T07:09:42.961-0700: 1072754.466: [GC pause (G1 Evacuation Pause) (young), 0.0105175 secs]
   [Parallel Time: 5.7 ms, GC Workers: 8]
      [GC Worker Start (ms): Min: 1072754466.2, Avg: 1072754466.3, Max: 1072754466.4, Diff: 0.2]
      [Ext Root Scanning (ms): Min: 1.2, Avg: 1.9, Max: 5.4, Diff: 4.2, Sum: 15.3]
      [Update RS (ms): Min: 0.0, Avg: 0.4, Max: 0.7, Diff: 0.7, Sum: 2.8]
         [Processed Buffers: Min: 0, Avg: 20.6, Max: 62, Diff: 62, Sum: 165]
      [Scan RS (ms): Min: 0.0, Avg: 0.1, Max: 0.2, Diff: 0.1, Sum: 0.6]
      [Code Root Scanning (ms): Min: 0.0, Avg: 0.0, Max: 0.0, Diff: 0.0, Sum: 0.0]
      [Object Copy (ms): Min: 0.0, Avg: 0.5, Max: 0.7, Diff: 0.7, Sum: 3.8]
      [Termination (ms): Min: 0.0, Avg: 2.5, Max: 2.9, Diff: 2.9, Sum: 20.3]
         [Termination Attempts: Min: 1, Avg: 5.6, Max: 9, Diff: 8, Sum: 45]
      [GC Worker Other (ms): Min: 0.0, Avg: 0.0, Max: 0.0, Diff: 0.0, Sum: 0.2]
      [GC Worker Total (ms): Min: 5.3, Avg: 5.4, Max: 5.5, Diff: 0.2, Sum: 43.1]
      [GC Worker End (ms): Min: 1072754471.7, Avg: 1072754471.7, Max: 1072754471.7, Diff: 0.0]
   [Code Root Fixup: 0.0 ms]
   [Code Root Purge: 0.0 ms]
   [Clear CT: 0.6 ms]
   [Other: 4.2 ms]
      [Choose CSet: 0.0 ms]
      [Ref Proc: 3.5 ms]
      [Ref Enq: 0.1 ms]
      [Redirty Cards: 0.1 ms]
      [Humongous Register: 0.1 ms]
      [Humongous Reclaim: 0.0 ms]
      [Free CSet: 0.3 ms]
   [Eden: 7152.0M(7152.0M)->0.0B(7152.0M) Survivors: 16384.0K->16384.0K Heap: 10545.7M(14336.0M)->3393.6M(14336.0M)]
 [Times: user=0.05 sys=0.00, real=0.01 secs] 
2022-08-03T07:26:34.922-0700: 1073766.426: [GC pause (G1 Evacuation Pause) (young) (initial-mark), 0.0151023 secs]
   [Parallel Time: 10.2 ms, GC Workers: 8]
      [GC Worker Start (ms): Min: 1073766428.5, Avg: 1073766428.6, Max: 1073766428.7, Diff: 0.2]
      [Ext Root Scanning (ms): Min: 6.6, Avg: 6.9, Max: 7.2, Diff: 0.6, Sum: 55.1]
      [Update RS (ms): Min: 0.1, Avg: 0.3, Max: 0.5, Diff: 0.4, Sum: 2.3]
         [Processed Buffers: Min: 1, Avg: 21.0, Max: 51, Diff: 50, Sum: 168]
      [Scan RS (ms): Min: 0.0, Avg: 0.1, Max: 0.1, Diff: 0.1, Sum: 0.5]
      [Code Root Scanning (ms): Min: 0.0, Avg: 0.0, Max: 0.0, Diff: 0.0, Sum: 0.0]
      [Object Copy (ms): Min: 0.2, Avg: 0.5, Max: 0.8, Diff: 0.5, Sum: 4.1]
      [Termination (ms): Min: 0.0, Avg: 0.0, Max: 0.0, Diff: 0.0, Sum: 0.0]
         [Termination Attempts: Min: 1, Avg: 2.4, Max: 4, Diff: 3, Sum: 19]
      [GC Worker Other (ms): Min: 0.0, Avg: 0.1, Max: 0.1, Diff: 0.1, Sum: 0.5]
      [GC Worker Total (ms): Min: 7.7, Avg: 7.8, Max: 7.9, Diff: 0.2, Sum: 62.5]
      [GC Worker End (ms): Min: 1073766436.4, Avg: 1073766436.4, Max: 1073766436.5, Diff: 0.1]
   [Code Root Fixup: 0.0 ms]
   [Code Root Purge: 0.0 ms]
   [Clear CT: 0.7 ms]
   [Other: 4.2 ms]
      [Choose CSet: 0.0 ms]
      [Ref Proc: 3.5 ms]
      [Ref Enq: 0.1 ms]
      [Redirty Cards: 0.1 ms]
      [Humongous Register: 0.0 ms]
      [Humongous Reclaim: 0.0 ms]
      [Free CSet: 0.3 ms]
   [Eden: 7152.0M(7152.0M)->0.0B(7152.0M) Survivors: 16384.0K->16384.0K Heap: 10545.6M(14336.0M)->3393.6M(14336.0M)]
 [Times: user=0.05 sys=0.01, real=0.02 secs] 
2022-08-03T07:26:34.937-0700: 1073766.442: [GC concurrent-root-region-scan-start]
2022-08-03T07:26:34.942-0700: 1073766.446: [GC concurrent-root-region-scan-end, 0.0048222 secs]
2022-08-03T07:26:34.942-0700: 1073766.446: [GC concurrent-mark-start]
2022-08-03T07:26:37.423-0700: 1073768.928: [GC concurrent-mark-end, 2.4814009 secs]
2022-08-03T07:26:37.424-0700: 1073768.928: [GC remark 2022-08-03T07:26:37.424-0700: 1073768.928: [Finalize Marking, 0.0002595 secs] 2022-08-03T07:26:37.424-0700: 1073768.929: [GC ref-proc, 0.0070985 secs] 2022-08-03T07:26:37.431-0700: 1073768.936: [Unloading, 0.0285248 secs], 0.0411987 secs]
 [Times: user=0.26 sys=0.00, real=0.04 secs] 
2022-08-03T07:26:37.465-0700: 1073768.970: [GC cleanup 3433M->3433M(14336M), 0.0083067 secs]
 [Times: user=0.06 sys=0.00, real=0.00 secs] 
2022-08-03T07:43:04.614-0700: 1074756.118: [GC pause (G1 Evacuation Pause) (young), 0.0118677 secs]
   [Parallel Time: 6.1 ms, GC Workers: 8]
      [GC Worker Start (ms): Min: 1074756118.4, Avg: 1074756118.5, Max: 1074756118.6, Diff: 0.1]
      [Ext Root Scanning (ms): Min: 1.3, Avg: 2.1, Max: 5.9, Diff: 4.6, Sum: 16.5]
      [Update RS (ms): Min: 0.0, Avg: 0.4, Max: 0.7, Diff: 0.7, Sum: 2.9]
         [Processed Buffers: Min: 0, Avg: 20.5, Max: 81, Diff: 81, Sum: 164]
      [Scan RS (ms): Min: 0.0, Avg: 0.1, Max: 0.1, Diff: 0.1, Sum: 0.6]
      [Code Root Scanning (ms): Min: 0.0, Avg: 0.0, Max: 0.0, Diff: 0.0, Sum: 0.0]
      [Object Copy (ms): Min: 0.0, Avg: 0.5, Max: 0.7, Diff: 0.7, Sum: 4.1]
      [Termination (ms): Min: 0.0, Avg: 2.9, Max: 3.3, Diff: 3.3, Sum: 22.8]
         [Termination Attempts: Min: 1, Avg: 5.4, Max: 10, Diff: 9, Sum: 43]
      [GC Worker Other (ms): Min: 0.0, Avg: 0.0, Max: 0.0, Diff: 0.0, Sum: 0.1]
      [GC Worker Total (ms): Min: 5.8, Avg: 5.9, Max: 6.0, Diff: 0.1, Sum: 47.2]
      [GC Worker End (ms): Min: 1074756124.4, Avg: 1074756124.4, Max: 1074756124.4, Diff: 0.0]
   [Code Root Fixup: 0.0 ms]
   [Code Root Purge: 0.0 ms]
   [Clear CT: 0.6 ms]
   [Other: 5.2 ms]
      [Choose CSet: 0.0 ms]
      [Ref Proc: 4.5 ms]
      [Ref Enq: 0.1 ms]
      [Redirty Cards: 0.1 ms]
      [Humongous Register: 0.1 ms]
      [Humongous Reclaim: 0.0 ms]
      [Free CSet: 0.3 ms]
   [Eden: 7152.0M(7152.0M)->0.0B(7152.0M) Survivors: 16384.0K->16384.0K Heap: 10545.6M(14336.0M)->3393.7M(14336.0M)]
 [Times: user=0.06 sys=0.00, real=0.02 secs] 
2022-08-03T07:59:45.063-0700: 1075756.568: [GC pause (G1 Evacuation Pause) (young), 0.0116989 secs]
   [Parallel Time: 6.0 ms, GC Workers: 8]
      [GC Worker Start (ms): Min: 1075756568.3, Avg: 1075756568.4, Max: 1075756568.5, Diff: 0.2]
      [Ext Root Scanning (ms): Min: 1.1, Avg: 1.9, Max: 5.6, Diff: 4.4, Sum: 15.1]
      [Update RS (ms): Min: 0.0, Avg: 0.4, Max: 0.7, Diff: 0.7, Sum: 2.9]
         [Processed Buffers: Min: 0, Avg: 22.0, Max: 70, Diff: 70, Sum: 176]
      [Scan RS (ms): Min: 0.0, Avg: 0.1, Max: 0.1, Diff: 0.1, Sum: 0.6]
      [Code Root Scanning (ms): Min: 0.0, Avg: 0.0, Max: 0.0, Diff: 0.0, Sum: 0.0]
      [Object Copy (ms): Min: 0.0, Avg: 0.5, Max: 0.8, Diff: 0.8, Sum: 4.2]
      [Termination (ms): Min: 0.0, Avg: 2.7, Max: 3.1, Diff: 3.1, Sum: 21.4]
         [Termination Attempts: Min: 1, Avg: 7.4, Max: 13, Diff: 12, Sum: 59]
      [GC Worker Other (ms): Min: 0.0, Avg: 0.1, Max: 0.1, Diff: 0.1, Sum: 0.4]
      [GC Worker Total (ms): Min: 5.5, Avg: 5.6, Max: 5.7, Diff: 0.2, Sum: 44.7]
      [GC Worker End (ms): Min: 1075756573.9, Avg: 1075756574.0, Max: 1075756574.0, Diff: 0.1]
   [Code Root Fixup: 0.0 ms]
   [Code Root Purge: 0.0 ms]
   [Clear CT: 0.6 ms]
   [Other: 5.1 ms]
      [Choose CSet: 0.0 ms]
      [Ref Proc: 4.4 ms]
      [Ref Enq: 0.1 ms]
      [Redirty Cards: 0.1 ms]
      [Humongous Register: 0.1 ms]
      [Humongous Reclaim: 0.0 ms]
      [Free CSet: 0.3 ms]
   [Eden: 7152.0M(7152.0M)->0.0B(7152.0M) Survivors: 16384.0K->16384.0K Heap: 10545.7M(14336.0M)->3393.6M(14336.0M)]
 [Times: user=0.05 sys=0.01, real=0.01 secs] 
2022-08-03T08:16:26.212-0700: 1076757.716: [GC pause (G1 Evacuation Pause) (young) (initial-mark), 0.0164149 secs]
   [Parallel Time: 10.5 ms, GC Workers: 8]
      [GC Worker Start (ms): Min: 1076757718.7, Avg: 1076757718.8, Max: 1076757718.9, Diff: 0.2]
      [Ext Root Scanning (ms): Min: 6.6, Avg: 6.9, Max: 7.2, Diff: 0.5, Sum: 55.0]
      [Update RS (ms): Min: 0.2, Avg: 0.4, Max: 0.6, Diff: 0.4, Sum: 2.8]
         [Processed Buffers: Min: 1, Avg: 21.2, Max: 55, Diff: 54, Sum: 170]
      [Scan RS (ms): Min: 0.0, Avg: 0.1, Max: 0.1, Diff: 0.1, Sum: 0.6]
      [Code Root Scanning (ms): Min: 0.0, Avg: 0.0, Max: 0.0, Diff: 0.0, Sum: 0.0]
      [Object Copy (ms): Min: 0.2, Avg: 0.5, Max: 0.7, Diff: 0.5, Sum: 4.0]
      [Termination (ms): Min: 0.0, Avg: 0.0, Max: 0.1, Diff: 0.1, Sum: 0.4]
         [Termination Attempts: Min: 1, Avg: 2.8, Max: 5, Diff: 4, Sum: 22]
      [GC Worker Other (ms): Min: 0.0, Avg: 0.0, Max: 0.1, Diff: 0.1, Sum: 0.3]
      [GC Worker Total (ms): Min: 7.8, Avg: 7.9, Max: 8.0, Diff: 0.3, Sum: 63.1]
      [GC Worker End (ms): Min: 1076757726.7, Avg: 1076757726.7, Max: 1076757726.7, Diff: 0.1]
   [Code Root Fixup: 0.0 ms]
   [Code Root Purge: 0.0 ms]
   [Clear CT: 0.6 ms]
   [Other: 5.3 ms]
      [Choose CSet: 0.0 ms]
      [Ref Proc: 4.5 ms]
      [Ref Enq: 0.1 ms]
      [Redirty Cards: 0.1 ms]
      [Humongous Register: 0.0 ms]
      [Humongous Reclaim: 0.0 ms]
      [Free CSet: 0.3 ms]
   [Eden: 7152.0M(7152.0M)->0.0B(7152.0M) Survivors: 16384.0K->16384.0K Heap: 10545.6M(14336.0M)->3393.6M(14336.0M)]
 [Times: user=0.07 sys=0.00, real=0.02 secs] 
2022-08-03T08:16:26.228-0700: 1076757.733: [GC concurrent-root-region-scan-start]
2022-08-03T08:16:26.233-0700: 1076757.738: [GC concurrent-root-region-scan-end, 0.0047218 secs]
2022-08-03T08:16:26.233-0700: 1076757.738: [GC concurrent-mark-start]
2022-08-03T08:16:28.718-0700: 1076760.223: [GC concurrent-mark-end, 2.4855585 secs]
2022-08-03T08:16:28.719-0700: 1076760.223: [GC remark 2022-08-03T08:16:28.719-0700: 1076760.223: [Finalize Marking, 0.0001960 secs] 2022-08-03T08:16:28.719-0700: 1076760.224: [GC ref-proc, 0.0082267 secs] 2022-08-03T08:16:28.727-0700: 1076760.232: [Unloading, 0.0281670 secs], 0.0421976 secs]
 [Times: user=0.26 sys=0.00, real=0.04 secs] 
2022-08-03T08:16:28.761-0700: 1076760.266: [GC cleanup 3465M->3465M(14336M), 0.0086796 secs]
 [Times: user=0.07 sys=0.00, real=0.01 secs] 
2022-08-03T08:32:51.011-0700: 1077742.516: [GC pause (G1 Evacuation Pause) (young), 0.0114360 secs]
   [Parallel Time: 5.7 ms, GC Workers: 8]
      [GC Worker Start (ms): Min: 1077742516.2, Avg: 1077742516.3, Max: 1077742516.4, Diff: 0.2]
      [Ext Root Scanning (ms): Min: 1.2, Avg: 1.9, Max: 5.3, Diff: 4.2, Sum: 15.5]
      [Update RS (ms): Min: 0.0, Avg: 0.4, Max: 0.7, Diff: 0.7, Sum: 3.0]
         [Processed Buffers: Min: 0, Avg: 20.9, Max: 81, Diff: 81, Sum: 167]
      [Scan RS (ms): Min: 0.0, Avg: 0.1, Max: 0.1, Diff: 0.1, Sum: 0.6]
      [Code Root Scanning (ms): Min: 0.0, Avg: 0.0, Max: 0.0, Diff: 0.0, Sum: 0.0]
      [Object Copy (ms): Min: 0.0, Avg: 0.5, Max: 0.8, Diff: 0.8, Sum: 4.2]
      [Termination (ms): Min: 0.0, Avg: 2.4, Max: 2.8, Diff: 2.8, Sum: 19.2]
         [Termination Attempts: Min: 1, Avg: 5.8, Max: 10, Diff: 9, Sum: 46]
      [GC Worker Other (ms): Min: 0.0, Avg: 0.0, Max: 0.0, Diff: 0.0, Sum: 0.1]
      [GC Worker Total (ms): Min: 5.2, Avg: 5.3, Max: 5.4, Diff: 0.2, Sum: 42.7]
      [GC Worker End (ms): Min: 1077742521.6, Avg: 1077742521.6, Max: 1077742521.6, Diff: 0.0]
   [Code Root Fixup: 0.0 ms]
   [Code Root Purge: 0.0 ms]
   [Clear CT: 0.6 ms]
   [Other: 5.1 ms]
      [Choose CSet: 0.0 ms]
      [Ref Proc: 4.3 ms]
      [Ref Enq: 0.1 ms]
      [Redirty Cards: 0.1 ms]
      [Humongous Register: 0.0 ms]
      [Humongous Reclaim: 0.0 ms]
      [Free CSet: 0.4 ms]
   [Eden: 7152.0M(7152.0M)->0.0B(7152.0M) Survivors: 16384.0K->16384.0K Heap: 10545.6M(14336.0M)->3393.7M(14336.0M)]
 [Times: user=0.05 sys=0.01, real=0.02 secs] 
2022-08-03T08:49:16.064-0700: 1078727.569: [GC pause (G1 Evacuation Pause) (young), 0.0089728 secs]
   [Parallel Time: 4.8 ms, GC Workers: 8]
      [GC Worker Start (ms): Min: 1078727568.8, Avg: 1078727568.8, Max: 1078727568.8, Diff: 0.1]
      [Ext Root Scanning (ms): Min: 0.9, Avg: 1.5, Max: 4.7, Diff: 3.8, Sum: 12.3]
      [Update RS (ms): Min: 0.0, Avg: 0.3, Max: 0.5, Diff: 0.5, Sum: 2.0]
         [Processed Buffers: Min: 0, Avg: 22.2, Max: 88, Diff: 88, Sum: 178]
      [Scan RS (ms): Min: 0.0, Avg: 0.1, Max: 0.1, Diff: 0.1, Sum: 0.5]
      [Code Root Scanning (ms): Min: 0.0, Avg: 0.0, Max: 0.0, Diff: 0.0, Sum: 0.0]
      [Object Copy (ms): Min: 0.0, Avg: 0.3, Max: 0.5, Diff: 0.5, Sum: 2.7]
      [Termination (ms): Min: 0.0, Avg: 2.5, Max: 2.9, Diff: 2.9, Sum: 20.1]
         [Termination Attempts: Min: 1, Avg: 2.4, Max: 5, Diff: 4, Sum: 19]
      [GC Worker Other (ms): Min: 0.0, Avg: 0.0, Max: 0.0, Diff: 0.0, Sum: 0.1]
      [GC Worker Total (ms): Min: 4.7, Avg: 4.7, Max: 4.7, Diff: 0.0, Sum: 37.7]
      [GC Worker End (ms): Min: 1078727573.5, Avg: 1078727573.5, Max: 1078727573.5, Diff: 0.0]
   [Code Root Fixup: 0.0 ms]
   [Code Root Purge: 0.0 ms]
   [Clear CT: 0.6 ms]
   [Other: 3.5 ms]
      [Choose CSet: 0.0 ms]
      [Ref Proc: 2.8 ms]
      [Ref Enq: 0.1 ms]
      [Redirty Cards: 0.1 ms]
      [Humongous Register: 0.0 ms]
      [Humongous Reclaim: 0.0 ms]
      [Free CSet: 0.3 ms]
   [Eden: 7152.0M(7152.0M)->0.0B(7152.0M) Survivors: 16384.0K->16384.0K Heap: 10545.7M(14336.0M)->3393.8M(14336.0M)]
 [Times: user=0.05 sys=0.00, real=0.00 secs] 
2022-08-03T09:05:59.014-0700: 1079730.518: [GC pause (G1 Evacuation Pause) (young) (initial-mark), 0.0153401 secs]
   [Parallel Time: 9.8 ms, GC Workers: 8]
      [GC Worker Start (ms): Min: 1079730520.6, Avg: 1079730520.6, Max: 1079730520.7, Diff: 0.1]
      [Ext Root Scanning (ms): Min: 6.4, Avg: 6.6, Max: 6.9, Diff: 0.5, Sum: 52.8]
      [Update RS (ms): Min: 0.2, Avg: 0.3, Max: 0.4, Diff: 0.3, Sum: 2.1]
         [Processed Buffers: Min: 1, Avg: 20.5, Max: 51, Diff: 50, Sum: 164]
      [Scan RS (ms): Min: 0.0, Avg: 0.1, Max: 0.1, Diff: 0.1, Sum: 0.5]
      [Code Root Scanning (ms): Min: 0.0, Avg: 0.0, Max: 0.0, Diff: 0.0, Sum: 0.0]
      [Object Copy (ms): Min: 0.2, Avg: 0.5, Max: 0.7, Diff: 0.5, Sum: 4.0]
      [Termination (ms): Min: 0.0, Avg: 0.0, Max: 0.0, Diff: 0.0, Sum: 0.0]
         [Termination Attempts: Min: 1, Avg: 1.0, Max: 1, Diff: 0, Sum: 8]
      [GC Worker Other (ms): Min: 0.0, Avg: 0.1, Max: 0.1, Diff: 0.1, Sum: 0.6]
      [GC Worker Total (ms): Min: 7.4, Avg: 7.5, Max: 7.6, Diff: 0.2, Sum: 60.0]
      [GC Worker End (ms): Min: 1079730528.1, Avg: 1079730528.1, Max: 1079730528.2, Diff: 0.1]
   [Code Root Fixup: 0.0 ms]
   [Code Root Purge: 0.0 ms]
   [Clear CT: 0.7 ms]
   [Other: 4.8 ms]
      [Choose CSet: 0.0 ms]
      [Ref Proc: 4.1 ms]
      [Ref Enq: 0.1 ms]
      [Redirty Cards: 0.1 ms]
      [Humongous Register: 0.0 ms]
      [Humongous Reclaim: 0.0 ms]
      [Free CSet: 0.3 ms]
   [Eden: 7152.0M(7152.0M)->0.0B(7152.0M) Survivors: 16384.0K->16384.0K Heap: 10545.8M(14336.0M)->3393.8M(14336.0M)]
 [Times: user=0.05 sys=0.00, real=0.02 secs] 
2022-08-03T09:05:59.029-0700: 1079730.534: [GC concurrent-root-region-scan-start]
2022-08-03T09:05:59.034-0700: 1079730.538: [GC concurrent-root-region-scan-end, 0.0047231 secs]
2022-08-03T09:05:59.034-0700: 1079730.538: [GC concurrent-mark-start]
2022-08-03T09:06:01.539-0700: 1079733.044: [GC concurrent-mark-end, 2.5055018 secs]
2022-08-03T09:06:01.540-0700: 1079733.044: [GC remark 2022-08-03T09:06:01.540-0700: 1079733.044: [Finalize Marking, 0.0003009 secs] 2022-08-03T09:06:01.540-0700: 1079733.045: [GC ref-proc, 0.0116363 secs] 2022-08-03T09:06:01.552-0700: 1079733.056: [Unloading, 0.0280288 secs], 0.0455626 secs]
 [Times: user=0.26 sys=0.00, real=0.05 secs] 
2022-08-03T09:06:01.586-0700: 1079733.090: [GC cleanup 3465M->3465M(14336M), 0.0089887 secs]
 [Times: user=0.06 sys=0.00, real=0.01 secs] 
2022-08-03T09:22:32.663-0700: 1080724.168: [GC pause (G1 Evacuation Pause) (young), 0.0081011 secs]
   [Parallel Time: 5.3 ms, GC Workers: 8]
      [GC Worker Start (ms): Min: 1080724167.7, Avg: 1080724167.7, Max: 1080724167.8, Diff: 0.1]
      [Ext Root Scanning (ms): Min: 1.1, Avg: 1.8, Max: 5.1, Diff: 4.0, Sum: 14.0]
      [Update RS (ms): Min: 0.0, Avg: 0.3, Max: 0.6, Diff: 0.6, Sum: 2.6]
         [Processed Buffers: Min: 0, Avg: 22.8, Max: 81, Diff: 81, Sum: 182]
      [Scan RS (ms): Min: 0.0, Avg: 0.1, Max: 0.1, Diff: 0.1, Sum: 0.6]
      [Code Root Scanning (ms): Min: 0.0, Avg: 0.0, Max: 0.0, Diff: 0.0, Sum: 0.0]
      [Object Copy (ms): Min: 0.0, Avg: 0.5, Max: 0.7, Diff: 0.7, Sum: 3.7]
      [Termination (ms): Min: 0.0, Avg: 2.5, Max: 2.9, Diff: 2.9, Sum: 20.1]
         [Termination Attempts: Min: 1, Avg: 8.6, Max: 11, Diff: 10, Sum: 69]
      [GC Worker Other (ms): Min: 0.0, Avg: 0.0, Max: 0.0, Diff: 0.0, Sum: 0.2]
      [GC Worker Total (ms): Min: 5.1, Avg: 5.1, Max: 5.2, Diff: 0.1, Sum: 41.2]
      [GC Worker End (ms): Min: 1080724172.8, Avg: 1080724172.9, Max: 1080724172.9, Diff: 0.0]
   [Code Root Fixup: 0.0 ms]
   [Code Root Purge: 0.0 ms]
   [Clear CT: 0.6 ms]
   [Other: 2.2 ms]
      [Choose CSet: 0.0 ms]
      [Ref Proc: 1.5 ms]
      [Ref Enq: 0.1 ms]
      [Redirty Cards: 0.1 ms]
      [Humongous Register: 0.0 ms]
      [Humongous Reclaim: 0.0 ms]
      [Free CSet: 0.3 ms]
   [Eden: 7152.0M(7152.0M)->0.0B(7152.0M) Survivors: 16384.0K->16384.0K Heap: 10545.8M(14336.0M)->3393.7M(14336.0M)]
 [Times: user=0.05 sys=0.00, real=0.00 secs] 
2022-08-03T09:39:04.464-0700: 1081715.969: [GC pause (G1 Evacuation Pause) (young), 0.0111334 secs]
   [Parallel Time: 5.8 ms, GC Workers: 8]
      [GC Worker Start (ms): Min: 1081715969.2, Avg: 1081715969.3, Max: 1081715969.3, Diff: 0.1]
      [Ext Root Scanning (ms): Min: 1.3, Avg: 2.0, Max: 5.5, Diff: 4.2, Sum: 16.0]
      [Update RS (ms): Min: 0.0, Avg: 0.4, Max: 0.8, Diff: 0.8, Sum: 2.9]
         [Processed Buffers: Min: 0, Avg: 20.0, Max: 75, Diff: 75, Sum: 160]
      [Scan RS (ms): Min: 0.0, Avg: 0.1, Max: 0.1, Diff: 0.1, Sum: 0.5]
      [Code Root Scanning (ms): Min: 0.0, Avg: 0.0, Max: 0.0, Diff: 0.0, Sum: 0.0]
      [Object Copy (ms): Min: 0.0, Avg: 0.5, Max: 0.7, Diff: 0.7, Sum: 4.0]
      [Termination (ms): Min: 0.0, Avg: 2.5, Max: 2.9, Diff: 2.9, Sum: 20.1]
         [Termination Attempts: Min: 1, Avg: 2.2, Max: 3, Diff: 2, Sum: 18]
      [GC Worker Other (ms): Min: 0.0, Avg: 0.0, Max: 0.0, Diff: 0.0, Sum: 0.2]
      [GC Worker Total (ms): Min: 5.4, Avg: 5.5, Max: 5.5, Diff: 0.1, Sum: 43.8]
      [GC Worker End (ms): Min: 1081715974.7, Avg: 1081715974.8, Max: 1081715974.8, Diff: 0.0]
   [Code Root Fixup: 0.0 ms]
   [Code Root Purge: 0.0 ms]
   [Clear CT: 0.6 ms]
   [Other: 4.7 ms]
      [Choose CSet: 0.0 ms]
      [Ref Proc: 4.0 ms]
      [Ref Enq: 0.1 ms]
      [Redirty Cards: 0.1 ms]
      [Humongous Register: 0.1 ms]
      [Humongous Reclaim: 0.0 ms]
      [Free CSet: 0.3 ms]
   [Eden: 7152.0M(7152.0M)->0.0B(7152.0M) Survivors: 16384.0K->16384.0K Heap: 10545.7M(14336.0M)->3393.7M(14336.0M)]
 [Times: user=0.06 sys=0.00, real=0.01 secs] 
2022-08-03T09:55:53.612-0700: 1082725.117: [GC pause (G1 Evacuation Pause) (young) (initial-mark), 0.0151772 secs]
   [Parallel Time: 10.7 ms, GC Workers: 8]
      [GC Worker Start (ms): Min: 1082725119.2, Avg: 1082725119.3, Max: 1082725119.4, Diff: 0.2]
      [Ext Root Scanning (ms): Min: 6.7, Avg: 7.0, Max: 7.3, Diff: 0.6, Sum: 56.3]
      [Update RS (ms): Min: 0.1, Avg: 0.3, Max: 0.6, Diff: 0.5, Sum: 2.6]
         [Processed Buffers: Min: 1, Avg: 20.8, Max: 52, Diff: 51, Sum: 166]
      [Scan RS (ms): Min: 0.0, Avg: 0.1, Max: 0.1, Diff: 0.1, Sum: 0.6]
      [Code Root Scanning (ms): Min: 0.0, Avg: 0.0, Max: 0.0, Diff: 0.0, Sum: 0.0]
      [Object Copy (ms): Min: 0.2, Avg: 0.6, Max: 0.9, Diff: 0.6, Sum: 4.5]
      [Termination (ms): Min: 0.0, Avg: 0.0, Max: 0.1, Diff: 0.1, Sum: 0.4]
         [Termination Attempts: Min: 1, Avg: 3.1, Max: 6, Diff: 5, Sum: 25]
      [GC Worker Other (ms): Min: 0.0, Avg: 0.0, Max: 0.1, Diff: 0.1, Sum: 0.3]
      [GC Worker Total (ms): Min: 7.9, Avg: 8.1, Max: 8.2, Diff: 0.2, Sum: 64.6]
      [GC Worker End (ms): Min: 1082725127.3, Avg: 1082725127.4, Max: 1082725127.4, Diff: 0.1]
   [Code Root Fixup: 0.0 ms]
   [Code Root Purge: 0.0 ms]
   [Clear CT: 0.6 ms]
   [Other: 3.9 ms]
      [Choose CSet: 0.0 ms]
      [Ref Proc: 3.2 ms]
      [Ref Enq: 0.1 ms]
      [Redirty Cards: 0.1 ms]
      [Humongous Register: 0.0 ms]
      [Humongous Reclaim: 0.0 ms]
      [Free CSet: 0.3 ms]
   [Eden: 7152.0M(7152.0M)->0.0B(7152.0M) Survivors: 16384.0K->16384.0K Heap: 10545.7M(14336.0M)->3393.8M(14336.0M)]
 [Times: user=0.05 sys=0.01, real=0.02 secs] 
2022-08-03T09:55:53.627-0700: 1082725.132: [GC concurrent-root-region-scan-start]
2022-08-03T09:55:53.632-0700: 1082725.137: [GC concurrent-root-region-scan-end, 0.0045223 secs]
2022-08-03T09:55:53.632-0700: 1082725.137: [GC concurrent-mark-start]
2022-08-03T09:55:56.115-0700: 1082727.620: [GC concurrent-mark-end, 2.4832258 secs]
2022-08-03T09:55:56.115-0700: 1082727.620: [GC remark 2022-08-03T09:55:56.115-0700: 1082727.620: [Finalize Marking, 0.0005528 secs] 2022-08-03T09:55:56.116-0700: 1082727.621: [GC ref-proc, 0.0064265 secs] 2022-08-03T09:55:56.123-0700: 1082727.627: [Unloading, 0.0292388 secs], 0.0421959 secs]
 [Times: user=0.25 sys=0.00, real=0.04 secs] 
2022-08-03T09:55:56.158-0700: 1082727.663: [GC cleanup 3433M->3433M(14336M), 0.0079922 secs]
 [Times: user=0.06 sys=0.00, real=0.01 secs] 
2022-08-03T10:12:29.843-0700: 1083721.348: [GC pause (G1 Evacuation Pause) (young), 0.0114208 secs]
   [Parallel Time: 6.0 ms, GC Workers: 8]
      [GC Worker Start (ms): Min: 1083721348.3, Avg: 1083721348.4, Max: 1083721348.4, Diff: 0.2]
      [Ext Root Scanning (ms): Min: 1.2, Avg: 2.0, Max: 5.8, Diff: 4.6, Sum: 15.9]
      [Update RS (ms): Min: 0.0, Avg: 0.4, Max: 0.8, Diff: 0.8, Sum: 3.3]
         [Processed Buffers: Min: 0, Avg: 21.9, Max: 68, Diff: 68, Sum: 175]
      [Scan RS (ms): Min: 0.0, Avg: 0.1, Max: 0.2, Diff: 0.1, Sum: 0.7]
      [Code Root Scanning (ms): Min: 0.0, Avg: 0.0, Max: 0.0, Diff: 0.0, Sum: 0.0]
      [Object Copy (ms): Min: 0.0, Avg: 0.6, Max: 0.8, Diff: 0.8, Sum: 4.5]
      [Termination (ms): Min: 0.0, Avg: 2.7, Max: 3.1, Diff: 3.1, Sum: 21.5]
         [Termination Attempts: Min: 1, Avg: 2.2, Max: 4, Diff: 3, Sum: 18]
      [GC Worker Other (ms): Min: 0.0, Avg: 0.0, Max: 0.0, Diff: 0.0, Sum: 0.1]
      [GC Worker Total (ms): Min: 5.7, Avg: 5.8, Max: 5.8, Diff: 0.2, Sum: 46.1]
      [GC Worker End (ms): Min: 1083721354.1, Avg: 1083721354.1, Max: 1083721354.1, Diff: 0.0]
   [Code Root Fixup: 0.0 ms]
   [Code Root Purge: 0.0 ms]
   [Clear CT: 0.6 ms]
   [Other: 4.8 ms]
      [Choose CSet: 0.0 ms]
      [Ref Proc: 4.1 ms]
      [Ref Enq: 0.1 ms]
      [Redirty Cards: 0.1 ms]
      [Humongous Register: 0.1 ms]
      [Humongous Reclaim: 0.0 ms]
      [Free CSet: 0.3 ms]
   [Eden: 7152.0M(7152.0M)->0.0B(7152.0M) Survivors: 16384.0K->16384.0K Heap: 10545.8M(14336.0M)->3393.6M(14336.0M)]
 [Times: user=0.06 sys=0.01, real=0.01 secs] 
2022-08-03T10:29:11.140-0700: 1084722.644: [GC pause (G1 Evacuation Pause) (young), 0.0113244 secs]
   [Parallel Time: 5.9 ms, GC Workers: 8]
      [GC Worker Start (ms): Min: 1084722644.4, Avg: 1084722644.5, Max: 1084722644.6, Diff: 0.2]
      [Ext Root Scanning (ms): Min: 1.2, Avg: 1.9, Max: 5.7, Diff: 4.5, Sum: 15.3]
      [Update RS (ms): Min: 0.0, Avg: 0.4, Max: 0.7, Diff: 0.7, Sum: 2.9]
         [Processed Buffers: Min: 0, Avg: 20.8, Max: 64, Diff: 64, Sum: 166]
      [Scan RS (ms): Min: 0.0, Avg: 0.1, Max: 0.1, Diff: 0.1, Sum: 0.6]
      [Code Root Scanning (ms): Min: 0.0, Avg: 0.0, Max: 0.0, Diff: 0.0, Sum: 0.0]
      [Object Copy (ms): Min: 0.0, Avg: 0.5, Max: 0.7, Diff: 0.7, Sum: 3.8]
      [Termination (ms): Min: 0.0, Avg: 2.8, Max: 3.2, Diff: 3.2, Sum: 22.4]
         [Termination Attempts: Min: 1, Avg: 1.1, Max: 2, Diff: 1, Sum: 9]
      [GC Worker Other (ms): Min: 0.0, Avg: 0.0, Max: 0.1, Diff: 0.1, Sum: 0.3]
      [GC Worker Total (ms): Min: 5.6, Avg: 5.7, Max: 5.7, Diff: 0.2, Sum: 45.3]
      [GC Worker End (ms): Min: 1084722650.2, Avg: 1084722650.2, Max: 1084722650.2, Diff: 0.1]
   [Code Root Fixup: 0.0 ms]
   [Code Root Purge: 0.0 ms]
   [Clear CT: 0.8 ms]
   [Other: 4.6 ms]
      [Choose CSet: 0.0 ms]
      [Ref Proc: 3.6 ms]
      [Ref Enq: 0.3 ms]
      [Redirty Cards: 0.2 ms]
      [Humongous Register: 0.1 ms]
      [Humongous Reclaim: 0.0 ms]
      [Free CSet: 0.3 ms]
   [Eden: 7152.0M(7152.0M)->0.0B(7152.0M) Survivors: 16384.0K->16384.0K Heap: 10545.6M(14336.0M)->3393.7M(14336.0M)]
 [Times: user=0.05 sys=0.01, real=0.01 secs] 
2022-08-03T10:45:42.720-0700: 1085714.225: [GC pause (G1 Evacuation Pause) (young) (initial-mark), 0.0154391 secs]
   [Parallel Time: 9.5 ms, GC Workers: 8]
      [GC Worker Start (ms): Min: 1085714226.9, Avg: 1085714227.0, Max: 1085714227.1, Diff: 0.2]
      [Ext Root Scanning (ms): Min: 6.1, Avg: 6.3, Max: 6.5, Diff: 0.5, Sum: 50.6]
      [Update RS (ms): Min: 0.2, Avg: 0.3, Max: 0.5, Diff: 0.3, Sum: 2.2]
         [Processed Buffers: Min: 1, Avg: 21.6, Max: 54, Diff: 53, Sum: 173]
      [Scan RS (ms): Min: 0.0, Avg: 0.1, Max: 0.1, Diff: 0.1, Sum: 0.5]
      [Code Root Scanning (ms): Min: 0.0, Avg: 0.0, Max: 0.0, Diff: 0.0, Sum: 0.0]
      [Object Copy (ms): Min: 0.2, Avg: 0.4, Max: 0.6, Diff: 0.4, Sum: 3.4]
      [Termination (ms): Min: 0.0, Avg: 0.1, Max: 0.1, Diff: 0.1, Sum: 0.4]
         [Termination Attempts: Min: 1, Avg: 1.4, Max: 3, Diff: 2, Sum: 11]
      [GC Worker Other (ms): Min: 0.0, Avg: 0.1, Max: 0.2, Diff: 0.1, Sum: 0.4]
      [GC Worker Total (ms): Min: 7.1, Avg: 7.2, Max: 7.3, Diff: 0.2, Sum: 57.5]
      [GC Worker End (ms): Min: 1085714234.2, Avg: 1085714234.2, Max: 1085714234.3, Diff: 0.2]
   [Code Root Fixup: 0.0 ms]
   [Code Root Purge: 0.0 ms]
   [Clear CT: 0.8 ms]
   [Other: 5.1 ms]
      [Choose CSet: 0.0 ms]
      [Ref Proc: 4.3 ms]
      [Ref Enq: 0.2 ms]
      [Redirty Cards: 0.1 ms]
      [Humongous Register: 0.0 ms]
      [Humongous Reclaim: 0.0 ms]
      [Free CSet: 0.3 ms]
   [Eden: 7152.0M(7152.0M)->0.0B(7152.0M) Survivors: 16384.0K->16384.0K Heap: 10545.7M(14336.0M)->3393.7M(14336.0M)]
 [Times: user=0.06 sys=0.00, real=0.02 secs] 
2022-08-03T10:45:42.736-0700: 1085714.240: [GC concurrent-root-region-scan-start]
2022-08-03T10:45:42.740-0700: 1085714.245: [GC concurrent-root-region-scan-end, 0.0048273 secs]
2022-08-03T10:45:42.740-0700: 1085714.245: [GC concurrent-mark-start]
2022-08-03T10:45:45.214-0700: 1085716.719: [GC concurrent-mark-end, 2.4739146 secs]
2022-08-03T10:45:45.215-0700: 1085716.719: [GC remark 2022-08-03T10:45:45.215-0700: 1085716.719: [Finalize Marking, 0.0002548 secs] 2022-08-03T10:45:45.215-0700: 1085716.720: [GC ref-proc, 0.0075994 secs] 2022-08-03T10:45:45.223-0700: 1085716.727: [Unloading, 0.0276616 secs], 0.0408222 secs]
 [Times: user=0.26 sys=0.00, real=0.05 secs] 
2022-08-03T10:45:45.256-0700: 1085716.760: [GC cleanup 3465M->3465M(14336M), 0.0092502 secs]
 [Times: user=0.06 sys=0.00, real=0.01 secs] 
2022-08-03T11:02:20.163-0700: 1086711.668: [GC pause (G1 Evacuation Pause) (young), 0.0098039 secs]
   [Parallel Time: 5.3 ms, GC Workers: 8]
      [GC Worker Start (ms): Min: 1086711668.2, Avg: 1086711668.3, Max: 1086711668.3, Diff: 0.1]
      [Ext Root Scanning (ms): Min: 1.1, Avg: 1.7, Max: 5.1, Diff: 4.0, Sum: 14.0]
      [Update RS (ms): Min: 0.0, Avg: 0.3, Max: 0.7, Diff: 0.7, Sum: 2.6]
         [Processed Buffers: Min: 0, Avg: 20.9, Max: 71, Diff: 71, Sum: 167]
      [Scan RS (ms): Min: 0.0, Avg: 0.1, Max: 0.2, Diff: 0.1, Sum: 0.6]
      [Code Root Scanning (ms): Min: 0.0, Avg: 0.0, Max: 0.0, Diff: 0.0, Sum: 0.0]
      [Object Copy (ms): Min: 0.0, Avg: 0.4, Max: 0.6, Diff: 0.6, Sum: 3.4]
      [Termination (ms): Min: 0.0, Avg: 2.5, Max: 2.9, Diff: 2.9, Sum: 20.3]
         [Termination Attempts: Min: 1, Avg: 1.9, Max: 3, Diff: 2, Sum: 15]
      [GC Worker Other (ms): Min: 0.0, Avg: 0.0, Max: 0.0, Diff: 0.0, Sum: 0.1]
      [GC Worker Total (ms): Min: 5.1, Avg: 5.1, Max: 5.2, Diff: 0.1, Sum: 41.0]
      [GC Worker End (ms): Min: 1086711673.4, Avg: 1086711673.4, Max: 1086711673.4, Diff: 0.0]
   [Code Root Fixup: 0.0 ms]
   [Code Root Purge: 0.0 ms]
   [Clear CT: 0.6 ms]
   [Other: 3.9 ms]
      [Choose CSet: 0.0 ms]
      [Ref Proc: 2.3 ms]
      [Ref Enq: 0.6 ms]
      [Redirty Cards: 0.6 ms]
      [Humongous Register: 0.0 ms]
      [Humongous Reclaim: 0.0 ms]
      [Free CSet: 0.3 ms]
   [Eden: 7152.0M(7152.0M)->0.0B(7152.0M) Survivors: 16384.0K->16384.0K Heap: 10545.7M(14336.0M)->3393.7M(14336.0M)]
 [Times: user=0.04 sys=0.00, real=0.00 secs] 
2022-08-03T11:18:52.063-0700: 1087703.568: [GC pause (G1 Evacuation Pause) (young), 0.0102817 secs]
   [Parallel Time: 5.3 ms, GC Workers: 8]
      [GC Worker Start (ms): Min: 1087703567.9, Avg: 1087703568.0, Max: 1087703568.1, Diff: 0.2]
      [Ext Root Scanning (ms): Min: 1.1, Avg: 1.8, Max: 5.2, Diff: 4.1, Sum: 14.4]
      [Update RS (ms): Min: 0.0, Avg: 0.3, Max: 0.7, Diff: 0.7, Sum: 2.7]
         [Processed Buffers: Min: 0, Avg: 21.4, Max: 71, Diff: 71, Sum: 171]
      [Scan RS (ms): Min: 0.0, Avg: 0.1, Max: 0.1, Diff: 0.1, Sum: 0.6]
      [Code Root Scanning (ms): Min: 0.0, Avg: 0.0, Max: 0.0, Diff: 0.0, Sum: 0.0]
      [Object Copy (ms): Min: 0.0, Avg: 0.5, Max: 0.6, Diff: 0.6, Sum: 3.7]
      [Termination (ms): Min: 0.0, Avg: 2.5, Max: 2.8, Diff: 2.8, Sum: 19.6]
         [Termination Attempts: Min: 1, Avg: 3.2, Max: 6, Diff: 5, Sum: 26]
      [GC Worker Other (ms): Min: 0.0, Avg: 0.0, Max: 0.0, Diff: 0.0, Sum: 0.1]
      [GC Worker Total (ms): Min: 5.1, Avg: 5.1, Max: 5.2, Diff: 0.1, Sum: 41.1]
      [GC Worker End (ms): Min: 1087703573.2, Avg: 1087703573.2, Max: 1087703573.2, Diff: 0.0]
   [Code Root Fixup: 0.0 ms]
   [Code Root Purge: 0.0 ms]
   [Clear CT: 0.6 ms]
   [Other: 4.4 ms]
      [Choose CSet: 0.0 ms]
      [Ref Proc: 3.7 ms]
      [Ref Enq: 0.1 ms]
      [Redirty Cards: 0.1 ms]
      [Humongous Register: 0.1 ms]
      [Humongous Reclaim: 0.0 ms]
      [Free CSet: 0.3 ms]
   [Eden: 7152.0M(7152.0M)->0.0B(7152.0M) Survivors: 16384.0K->16384.0K Heap: 10545.7M(14336.0M)->3393.8M(14336.0M)]
 [Times: user=0.05 sys=0.00, real=0.00 secs] 
2022-08-03T11:35:34.862-0700: 1088706.366: [GC pause (G1 Evacuation Pause) (young) (initial-mark), 0.0159738 secs]
   [Parallel Time: 10.4 ms, GC Workers: 8]
      [GC Worker Start (ms): Min: 1088706368.6, Avg: 1088706368.7, Max: 1088706368.8, Diff: 0.2]
      [Ext Root Scanning (ms): Min: 6.8, Avg: 7.0, Max: 7.2, Diff: 0.5, Sum: 56.0]
      [Update RS (ms): Min: 0.2, Avg: 0.3, Max: 0.5, Diff: 0.3, Sum: 2.3]
         [Processed Buffers: Min: 1, Avg: 21.1, Max: 52, Diff: 51, Sum: 169]
      [Scan RS (ms): Min: 0.0, Avg: 0.1, Max: 0.1, Diff: 0.1, Sum: 0.5]
      [Code Root Scanning (ms): Min: 0.0, Avg: 0.0, Max: 0.0, Diff: 0.0, Sum: 0.0]
      [Object Copy (ms): Min: 0.2, Avg: 0.5, Max: 0.7, Diff: 0.5, Sum: 4.0]
      [Termination (ms): Min: 0.0, Avg: 0.0, Max: 0.0, Diff: 0.0, Sum: 0.1]
         [Termination Attempts: Min: 1, Avg: 1.4, Max: 2, Diff: 1, Sum: 11]
      [GC Worker Other (ms): Min: 0.0, Avg: 0.1, Max: 0.2, Diff: 0.1, Sum: 0.5]
      [GC Worker Total (ms): Min: 7.8, Avg: 7.9, Max: 8.1, Diff: 0.3, Sum: 63.4]
      [GC Worker End (ms): Min: 1088706376.6, Avg: 1088706376.6, Max: 1088706376.7, Diff: 0.2]
   [Code Root Fixup: 0.0 ms]
   [Code Root Purge: 0.0 ms]
   [Clear CT: 0.7 ms]
   [Other: 4.8 ms]
      [Choose CSet: 0.0 ms]
      [Ref Proc: 4.0 ms]
      [Ref Enq: 0.1 ms]
      [Redirty Cards: 0.1 ms]
      [Humongous Register: 0.0 ms]
      [Humongous Reclaim: 0.0 ms]
      [Free CSet: 0.3 ms]
   [Eden: 7152.0M(7152.0M)->0.0B(7152.0M) Survivors: 16384.0K->16384.0K Heap: 10545.8M(14336.0M)->3393.7M(14336.0M)]
 [Times: user=0.06 sys=0.00, real=0.02 secs] 
2022-08-03T11:35:34.878-0700: 1088706.383: [GC concurrent-root-region-scan-start]
2022-08-03T11:35:34.882-0700: 1088706.387: [GC concurrent-root-region-scan-end, 0.0045927 secs]
2022-08-03T11:35:34.882-0700: 1088706.387: [GC concurrent-mark-start]
2022-08-03T11:35:37.336-0700: 1088708.841: [GC concurrent-mark-end, 2.4533966 secs]
2022-08-03T11:35:37.336-0700: 1088708.841: [GC remark 2022-08-03T11:35:37.336-0700: 1088708.841: [Finalize Marking, 0.0003378 secs] 2022-08-03T11:35:37.337-0700: 1088708.841: [GC ref-proc, 0.0117164 secs] 2022-08-03T11:35:37.348-0700: 1088708.853: [Unloading, 0.0277038 secs], 0.0453359 secs]
 [Times: user=0.26 sys=0.00, real=0.04 secs] 
2022-08-03T11:35:37.382-0700: 1088708.887: [GC cleanup 3433M->3433M(14336M), 0.0086966 secs]
 [Times: user=0.06 sys=0.00, real=0.01 secs] 
2022-08-03T11:52:34.513-0700: 1089726.017: [GC pause (G1 Evacuation Pause) (young), 0.0086825 secs]
   [Parallel Time: 5.5 ms, GC Workers: 8]
      [GC Worker Start (ms): Min: 1089726017.5, Avg: 1089726017.5, Max: 1089726017.6, Diff: 0.1]
      [Ext Root Scanning (ms): Min: 1.3, Avg: 1.9, Max: 5.3, Diff: 4.0, Sum: 15.6]
      [Update RS (ms): Min: 0.0, Avg: 0.3, Max: 0.6, Diff: 0.6, Sum: 2.7]
         [Processed Buffers: Min: 0, Avg: 19.6, Max: 65, Diff: 65, Sum: 157]
      [Scan RS (ms): Min: 0.0, Avg: 0.1, Max: 0.1, Diff: 0.1, Sum: 0.5]
      [Code Root Scanning (ms): Min: 0.0, Avg: 0.0, Max: 0.0, Diff: 0.0, Sum: 0.0]
      [Object Copy (ms): Min: 0.0, Avg: 0.5, Max: 0.7, Diff: 0.7, Sum: 3.6]
      [Termination (ms): Min: 0.0, Avg: 2.5, Max: 2.8, Diff: 2.8, Sum: 19.7]
         [Termination Attempts: Min: 1, Avg: 4.5, Max: 7, Diff: 6, Sum: 36]
      [GC Worker Other (ms): Min: 0.0, Avg: 0.0, Max: 0.0, Diff: 0.0, Sum: 0.2]
      [GC Worker Total (ms): Min: 5.2, Avg: 5.3, Max: 5.3, Diff: 0.1, Sum: 42.4]
      [GC Worker End (ms): Min: 1089726022.8, Avg: 1089726022.8, Max: 1089726022.9, Diff: 0.0]
   [Code Root Fixup: 0.0 ms]
   [Code Root Purge: 0.0 ms]
   [Clear CT: 0.6 ms]
   [Other: 2.6 ms]
      [Choose CSet: 0.0 ms]
      [Ref Proc: 1.9 ms]
      [Ref Enq: 0.1 ms]
      [Redirty Cards: 0.1 ms]
      [Humongous Register: 0.1 ms]
      [Humongous Reclaim: 0.0 ms]
      [Free CSet: 0.3 ms]
   [Eden: 7152.0M(7152.0M)->0.0B(7152.0M) Survivors: 16384.0K->16384.0K Heap: 10545.7M(14336.0M)->3393.7M(14336.0M)]
 [Times: user=0.05 sys=0.01, real=0.01 secs] 
2022-08-03T12:09:15.012-0700: 1090726.517: [GC pause (G1 Evacuation Pause) (young), 0.0116433 secs]
   [Parallel Time: 6.0 ms, GC Workers: 8]
      [GC Worker Start (ms): Min: 1090726517.1, Avg: 1090726517.2, Max: 1090726517.3, Diff: 0.2]
      [Ext Root Scanning (ms): Min: 1.3, Avg: 2.2, Max: 5.5, Diff: 4.2, Sum: 17.3]
      [Update RS (ms): Min: 0.0, Avg: 0.3, Max: 0.8, Diff: 0.8, Sum: 2.8]
         [Processed Buffers: Min: 0, Avg: 20.0, Max: 64, Diff: 64, Sum: 160]
      [Scan RS (ms): Min: 0.0, Avg: 0.1, Max: 0.2, Diff: 0.2, Sum: 0.6]
      [Code Root Scanning (ms): Min: 0.0, Avg: 0.0, Max: 0.0, Diff: 0.0, Sum: 0.0]
      [Object Copy (ms): Min: 0.0, Avg: 0.5, Max: 0.7, Diff: 0.7, Sum: 3.6]
      [Termination (ms): Min: 0.0, Avg: 2.5, Max: 2.9, Diff: 2.9, Sum: 19.8]
         [Termination Attempts: Min: 1, Avg: 5.6, Max: 9, Diff: 8, Sum: 45]
      [GC Worker Other (ms): Min: 0.0, Avg: 0.0, Max: 0.0, Diff: 0.0, Sum: 0.1]
      [GC Worker Total (ms): Min: 5.4, Avg: 5.5, Max: 5.6, Diff: 0.2, Sum: 44.3]
      [GC Worker End (ms): Min: 1090726522.7, Avg: 1090726522.7, Max: 1090726522.7, Diff: 0.0]
   [Code Root Fixup: 0.0 ms]
   [Code Root Purge: 0.0 ms]
   [Clear CT: 0.6 ms]
   [Other: 5.1 ms]
      [Choose CSet: 0.0 ms]
      [Ref Proc: 4.4 ms]
      [Ref Enq: 0.1 ms]
      [Redirty Cards: 0.1 ms]
      [Humongous Register: 0.1 ms]
      [Humongous Reclaim: 0.0 ms]
      [Free CSet: 0.3 ms]
   [Eden: 7152.0M(7152.0M)->0.0B(7152.0M) Survivors: 16384.0K->16384.0K Heap: 10545.7M(14336.0M)->3393.8M(14336.0M)]
 [Times: user=0.05 sys=0.00, real=0.02 secs] 
2022-08-03T12:14:50.017-0700: 1091061.522: [GC pause (GCLocker Initiated GC) (young) (initial-mark), 0.0640397 secs]
   [Parallel Time: 60.6 ms, GC Workers: 8]
      [GC Worker Start (ms): Min: 1091061524.1, Avg: 1091061524.2, Max: 1091061524.3, Diff: 0.1]
      [Ext Root Scanning (ms): Min: 5.6, Avg: 5.9, Max: 6.3, Diff: 0.7, Sum: 47.3]
      [Update RS (ms): Min: 1.3, Avg: 1.4, Max: 1.6, Diff: 0.4, Sum: 11.6]
         [Processed Buffers: Min: 3, Avg: 10.5, Max: 37, Diff: 34, Sum: 84]
      [Scan RS (ms): Min: 0.0, Avg: 0.1, Max: 0.1, Diff: 0.1, Sum: 0.4]
      [Code Root Scanning (ms): Min: 0.0, Avg: 0.0, Max: 0.0, Diff: 0.0, Sum: 0.0]
      [Object Copy (ms): Min: 50.4, Avg: 50.7, Max: 51.0, Diff: 0.6, Sum: 405.5]
      [Termination (ms): Min: 0.0, Avg: 0.0, Max: 0.0, Diff: 0.0, Sum: 0.0]
         [Termination Attempts: Min: 1, Avg: 3.1, Max: 5, Diff: 4, Sum: 25]
      [GC Worker Other (ms): Min: 0.0, Avg: 0.1, Max: 0.2, Diff: 0.2, Sum: 0.9]
      [GC Worker Total (ms): Min: 58.1, Avg: 58.2, Max: 58.3, Diff: 0.2, Sum: 465.8]
      [GC Worker End (ms): Min: 1091061582.4, Avg: 1091061582.4, Max: 1091061582.6, Diff: 0.2]
   [Code Root Fixup: 0.0 ms]
   [Code Root Purge: 0.0 ms]
   [Clear CT: 0.7 ms]
   [Other: 2.7 ms]
      [Choose CSet: 0.0 ms]
      [Ref Proc: 2.0 ms]
      [Ref Enq: 0.1 ms]
      [Redirty Cards: 0.1 ms]
      [Humongous Register: 0.0 ms]
      [Humongous Reclaim: 0.0 ms]
      [Free CSet: 0.3 ms]
   [Eden: 7168.0M(7152.0M)->0.0B(6976.0M) Survivors: 16384.0K->192.0M Heap: 10553.8M(14336.0M)->3577.1M(14336.0M)]
 [Times: user=0.47 sys=0.00, real=0.06 secs] 
2022-08-03T12:14:50.081-0700: 1091061.586: [GC concurrent-root-region-scan-start]
2022-08-03T12:14:50.139-0700: 1091061.644: [GC concurrent-root-region-scan-end, 0.0580774 secs]
2022-08-03T12:14:50.139-0700: 1091061.644: [GC concurrent-mark-start]
2022-08-03T12:14:52.688-0700: 1091064.193: [GC concurrent-mark-end, 2.5483272 secs]
2022-08-03T12:14:52.688-0700: 1091064.193: [GC remark 2022-08-03T12:14:52.688-0700: 1091064.193: [Finalize Marking, 0.0002408 secs] 2022-08-03T12:14:52.688-0700: 1091064.193: [GC ref-proc, 0.0079219 secs] 2022-08-03T12:14:52.696-0700: 1091064.201: [Unloading, 0.0274405 secs], 0.0409379 secs]
 [Times: user=0.25 sys=0.00, real=0.04 secs] 
2022-08-03T12:14:52.729-0700: 1091064.234: [GC cleanup 3705M->3705M(14336M), 0.0085229 secs]
 [Times: user=0.06 sys=0.00, real=0.01 secs] 
2022-08-03T12:16:59.064-0700: 1091190.568: [GC pause (GCLocker Initiated GC) (young), 0.0597923 secs]
   [Parallel Time: 56.9 ms, GC Workers: 8]
      [GC Worker Start (ms): Min: 1091190568.6, Avg: 1091190568.7, Max: 1091190568.7, Diff: 0.1]
      [Ext Root Scanning (ms): Min: 1.1, Avg: 1.9, Max: 5.8, Diff: 4.7, Sum: 15.5]
      [Update RS (ms): Min: 0.0, Avg: 1.1, Max: 1.6, Diff: 1.6, Sum: 8.9]
         [Processed Buffers: Min: 0, Avg: 5.0, Max: 11, Diff: 11, Sum: 40]
      [Scan RS (ms): Min: 0.0, Avg: 0.1, Max: 0.1, Diff: 0.1, Sum: 0.5]
      [Code Root Scanning (ms): Min: 0.0, Avg: 0.0, Max: 0.0, Diff: 0.0, Sum: 0.0]
      [Object Copy (ms): Min: 50.8, Avg: 53.5, Max: 54.0, Diff: 3.2, Sum: 428.3]
      [Termination (ms): Min: 0.0, Avg: 0.0, Max: 0.0, Diff: 0.0, Sum: 0.0]
         [Termination Attempts: Min: 1, Avg: 3.9, Max: 7, Diff: 6, Sum: 31]
      [GC Worker Other (ms): Min: 0.0, Avg: 0.1, Max: 0.1, Diff: 0.1, Sum: 0.6]
      [GC Worker Total (ms): Min: 56.6, Avg: 56.7, Max: 56.8, Diff: 0.2, Sum: 453.8]
      [GC Worker End (ms): Min: 1091190625.3, Avg: 1091190625.4, Max: 1091190625.4, Diff: 0.1]
   [Code Root Fixup: 0.0 ms]
   [Code Root Purge: 0.0 ms]
   [Clear CT: 0.7 ms]
   [Other: 2.1 ms]
      [Choose CSet: 0.0 ms]
      [Ref Proc: 1.4 ms]
      [Ref Enq: 0.1 ms]
      [Redirty Cards: 0.2 ms]
      [Humongous Register: 0.1 ms]
      [Humongous Reclaim: 0.0 ms]
      [Free CSet: 0.3 ms]
   [Eden: 6992.0M(6976.0M)->0.0B(5600.0M) Survivors: 192.0M->128.0M Heap: 10553.1M(14336.0M)->3698.5M(14336.0M)]
 [Times: user=0.46 sys=0.00, real=0.06 secs] 
2022-08-03T12:18:25.570-0700: 1091277.075: [GC pause (GCLocker Initiated GC) (mixed), 0.0389013 secs]
   [Parallel Time: 35.7 ms, GC Workers: 8]
      [GC Worker Start (ms): Min: 1091277074.7, Avg: 1091277074.9, Max: 1091277074.9, Diff: 0.2]
      [Ext Root Scanning (ms): Min: 1.1, Avg: 1.9, Max: 5.7, Diff: 4.6, Sum: 15.3]
      [Update RS (ms): Min: 11.2, Avg: 14.6, Max: 15.4, Diff: 4.2, Sum: 116.9]
         [Processed Buffers: Min: 29, Avg: 37.9, Max: 44, Diff: 15, Sum: 303]
      [Scan RS (ms): Min: 0.7, Avg: 0.9, Max: 1.0, Diff: 0.3, Sum: 6.9]
      [Code Root Scanning (ms): Min: 0.0, Avg: 0.0, Max: 0.1, Diff: 0.1, Sum: 0.1]
      [Object Copy (ms): Min: 17.4, Avg: 17.9, Max: 18.0, Diff: 0.6, Sum: 142.8]
      [Termination (ms): Min: 0.0, Avg: 0.0, Max: 0.0, Diff: 0.0, Sum: 0.0]
         [Termination Attempts: Min: 1, Avg: 2.5, Max: 4, Diff: 3, Sum: 20]
      [GC Worker Other (ms): Min: 0.0, Avg: 0.0, Max: 0.1, Diff: 0.1, Sum: 0.4]
      [GC Worker Total (ms): Min: 35.2, Avg: 35.3, Max: 35.4, Diff: 0.2, Sum: 282.4]
      [GC Worker End (ms): Min: 1091277110.1, Avg: 1091277110.1, Max: 1091277110.2, Diff: 0.1]
   [Code Root Fixup: 0.0 ms]
   [Code Root Purge: 0.0 ms]
   [Clear CT: 0.8 ms]
   [Other: 2.5 ms]
      [Choose CSet: 0.0 ms]
      [Ref Proc: 1.8 ms]
      [Ref Enq: 0.1 ms]
      [Redirty Cards: 0.1 ms]
      [Humongous Register: 0.1 ms]
      [Humongous Reclaim: 0.0 ms]
      [Free CSet: 0.2 ms]
   [Eden: 5616.0M(5600.0M)->0.0B(7040.0M) Survivors: 128.0M->128.0M Heap: 9306.5M(14336.0M)->3756.2M(14336.0M)]
 [Times: user=0.29 sys=0.00, real=0.04 secs] 
2022-08-03T12:20:23.514-0700: 1091395.019: [GC pause (G1 Evacuation Pause) (young), 0.0265478 secs]
   [Parallel Time: 23.7 ms, GC Workers: 8]
      [GC Worker Start (ms): Min: 1091395019.0, Avg: 1091395019.1, Max: 1091395019.2, Diff: 0.1]
      [Ext Root Scanning (ms): Min: 1.3, Avg: 2.0, Max: 5.6, Diff: 4.3, Sum: 16.3]
      [Update RS (ms): Min: 4.4, Avg: 7.6, Max: 8.3, Diff: 3.9, Sum: 60.6]
         [Processed Buffers: Min: 9, Avg: 17.1, Max: 24, Diff: 15, Sum: 137]
      [Scan RS (ms): Min: 0.0, Avg: 0.1, Max: 0.1, Diff: 0.1, Sum: 0.4]
      [Code Root Scanning (ms): Min: 0.0, Avg: 0.0, Max: 0.0, Diff: 0.0, Sum: 0.0]
      [Object Copy (ms): Min: 13.5, Avg: 13.8, Max: 14.0, Diff: 0.5, Sum: 110.4]
      [Termination (ms): Min: 0.0, Avg: 0.0, Max: 0.0, Diff: 0.0, Sum: 0.0]
         [Termination Attempts: Min: 1, Avg: 1.5, Max: 3, Diff: 2, Sum: 12]
      [GC Worker Other (ms): Min: 0.0, Avg: 0.1, Max: 0.1, Diff: 0.1, Sum: 0.4]
      [GC Worker Total (ms): Min: 23.5, Avg: 23.5, Max: 23.6, Diff: 0.1, Sum: 188.1]
      [GC Worker End (ms): Min: 1091395042.6, Avg: 1091395042.6, Max: 1091395042.6, Diff: 0.1]
   [Code Root Fixup: 0.0 ms]
   [Code Root Purge: 0.0 ms]
   [Clear CT: 0.7 ms]
   [Other: 2.1 ms]
      [Choose CSet: 0.0 ms]
      [Ref Proc: 1.4 ms]
      [Ref Enq: 0.1 ms]
      [Redirty Cards: 0.1 ms]
      [Humongous Register: 0.1 ms]
      [Humongous Reclaim: 0.0 ms]
      [Free CSet: 0.3 ms]
   [Eden: 7040.0M(7040.0M)->0.0B(7104.0M) Survivors: 128.0M->65536.0K Heap: 10796.2M(14336.0M)->3752.3M(14336.0M)]
 [Times: user=0.20 sys=0.00, real=0.03 secs] 
2022-08-03T12:22:20.211-0700: 1091511.715: [GC pause (G1 Evacuation Pause) (young) (initial-mark), 0.0352282 secs]
   [Parallel Time: 29.7 ms, GC Workers: 8]
      [GC Worker Start (ms): Min: 1091511717.7, Avg: 1091511717.8, Max: 1091511717.9, Diff: 0.2]
      [Ext Root Scanning (ms): Min: 6.0, Avg: 6.5, Max: 7.1, Diff: 1.1, Sum: 51.6]
      [Update RS (ms): Min: 10.5, Avg: 10.6, Max: 10.8, Diff: 0.2, Sum: 85.0]
         [Processed Buffers: Min: 17, Avg: 18.9, Max: 22, Diff: 5, Sum: 151]
      [Scan RS (ms): Min: 0.0, Avg: 0.0, Max: 0.1, Diff: 0.1, Sum: 0.4]
      [Code Root Scanning (ms): Min: 0.0, Avg: 0.0, Max: 0.0, Diff: 0.0, Sum: 0.0]
      [Object Copy (ms): Min: 1.9, Avg: 3.6, Max: 10.8, Diff: 8.8, Sum: 28.5]
      [Termination (ms): Min: 0.0, Avg: 6.7, Max: 7.7, Diff: 7.7, Sum: 53.9]
         [Termination Attempts: Min: 1, Avg: 13.0, Max: 21, Diff: 20, Sum: 104]
      [GC Worker Other (ms): Min: 0.0, Avg: 0.0, Max: 0.0, Diff: 0.0, Sum: 0.1]
      [GC Worker Total (ms): Min: 27.4, Avg: 27.4, Max: 27.5, Diff: 0.2, Sum: 219.6]
      [GC Worker End (ms): Min: 1091511745.2, Avg: 1091511745.2, Max: 1091511745.2, Diff: 0.0]
   [Code Root Fixup: 0.0 ms]
   [Code Root Purge: 0.0 ms]
   [Clear CT: 0.7 ms]
   [Other: 4.8 ms]
      [Choose CSet: 0.0 ms]
      [Ref Proc: 4.1 ms]
      [Ref Enq: 0.1 ms]
      [Redirty Cards: 0.1 ms]
      [Humongous Register: 0.0 ms]
      [Humongous Reclaim: 0.0 ms]
      [Free CSet: 0.3 ms]
   [Eden: 7104.0M(7104.0M)->0.0B(7152.0M) Survivors: 65536.0K->16384.0K Heap: 10856.3M(14336.0M)->3743.0M(14336.0M)]
 [Times: user=0.22 sys=0.00, real=0.04 secs] 
2022-08-03T12:22:20.246-0700: 1091511.751: [GC concurrent-root-region-scan-start]
2022-08-03T12:22:20.256-0700: 1091511.761: [GC concurrent-root-region-scan-end, 0.0099152 secs]
2022-08-03T12:22:20.256-0700: 1091511.761: [GC concurrent-mark-start]
2022-08-03T12:22:22.955-0700: 1091514.459: [GC concurrent-mark-end, 2.6987813 secs]
2022-08-03 12:22:22 GC log file has reached the maximum size. Saved as gc.log.3
