2022-09-27 21:14:31 GC log file created gc.log.3
OpenJDK 64-Bit Server VM (25.342-b07) for linux-amd64 JRE (1.8.0_342-8u342-b07-0ubuntu1~22.04-b07), built on Jul 23 2022 16:13:07 by "buildd" with gcc 11.2.0
Memory: 4k page, physical 30291656k(577568k free), swap 3993596k(268176k free)
CommandLine flags: -XX:+AlwaysPreTouch -XX:CICompilerCount=4 -XX:ConcGCThreads=2 -XX:+DisableExplicitGC -XX:G1HeapRegionSize=16777216 -XX:G1HeapWastePercent=5 -XX:G1MaxNewSizePercent=50 -XX:G1MixedGCCountTarget=4 -XX:G1MixedGCLiveThresholdPercent=90 -XX:G1NewSizePercent=40 -XX:G1RSetUpdatingPauseTimePercent=5 -XX:G1ReservePercent=15 -XX:GCLogFileSize=1048576 -XX:InitialHeapSize=15032385536 -XX:InitialTenuringThreshold=1 -XX:InitiatingHeapOccupancyPercent=20 -XX:MarkStackSize=4194304 -XX:MaxGCPauseMillis=200 -XX:MaxHeapSize=15032385536 -XX:MaxNewSize=7516192768 -XX:MaxTenuringThreshold=1 -XX:MinHeapDeltaBytes=16777216 -XX:NumberOfGCLogFiles=5 -XX:+ParallelRefProcEnabled -XX:+PerfDisableSharedMem -XX:+PrintGC -XX:+PrintGCDateStamps -XX:+PrintGCDetails -XX:+PrintGCTimeStamps -XX:SurvivorRatio=32 -XX:+UnlockExperimentalVMOptions -XX:+UseCompressedClassPointers -XX:+UseCompressedOops -XX:+UseG1GC -XX:+UseGCLogFileRotation 
2022-09-27T21:15:10.581-0600: 422343.692: [GC pause (G1 Evacuation Pause) (young), 0.0621615 secs]
   [Parallel Time: 11.5 ms, GC Workers: 8]
      [GC Worker Start (ms): Min: 422343691.6, Avg: 422343697.6, Max: 422343702.9, Diff: 11.3]
      [Ext Root Scanning (ms): Min: 0.0, Avg: 0.7, Max: 3.1, Diff: 3.1, Sum: 5.8]
      [Update RS (ms): Min: 0.0, Avg: 3.0, Max: 7.8, Diff: 7.8, Sum: 24.1]
         [Processed Buffers: Min: 0, Avg: 13.2, Max: 32, Diff: 32, Sum: 106]
      [Scan RS (ms): Min: 0.0, Avg: 0.0, Max: 0.1, Diff: 0.1, Sum: 0.2]
      [Code Root Scanning (ms): Min: 0.0, Avg: 0.0, Max: 0.0, Diff: 0.0, Sum: 0.0]
      [Object Copy (ms): Min: 0.0, Avg: 1.2, Max: 2.1, Diff: 2.1, Sum: 9.3]
      [Termination (ms): Min: 0.0, Avg: 0.5, Max: 0.7, Diff: 0.7, Sum: 3.7]
         [Termination Attempts: Min: 1, Avg: 1.2, Max: 2, Diff: 1, Sum: 10]
      [GC Worker Other (ms): Min: 0.0, Avg: 0.0, Max: 0.0, Diff: 0.0, Sum: 0.0]
      [GC Worker Total (ms): Min: 0.1, Avg: 5.4, Max: 11.4, Diff: 11.3, Sum: 43.2]
      [GC Worker End (ms): Min: 422343703.0, Avg: 422343703.0, Max: 422343703.0, Diff: 0.1]
   [Code Root Fixup: 0.0 ms]
   [Code Root Purge: 0.0 ms]
   [Clear CT: 0.7 ms]
   [Other: 49.9 ms]
      [Choose CSet: 0.0 ms]
      [Ref Proc: 49.5 ms]
      [Ref Enq: 0.1 ms]
      [Redirty Cards: 0.1 ms]
      [Humongous Register: 0.0 ms]
      [Humongous Reclaim: 0.0 ms]
      [Free CSet: 0.1 ms]
   [Eden: 7152.0M(7152.0M)->0.0B(7152.0M) Survivors: 16384.0K->16384.0K Heap: 10631.5M(14336.0M)->3484.2M(14336.0M)]
 [Times: user=0.27 sys=0.00, real=0.06 secs] 
2022-09-27T21:16:54.178-0600: 422447.289: [GC pause (G1 Evacuation Pause) (young) (initial-mark), 0.0618071 secs]
   [Parallel Time: 39.6 ms, GC Workers: 8]
      [GC Worker Start (ms): Min: 422447290.6, Avg: 422447293.8, Max: 422447294.9, Diff: 4.3]
      [Ext Root Scanning (ms): Min: 1.6, Avg: 12.6, Max: 19.7, Diff: 18.1, Sum: 100.9]
      [Update RS (ms): Min: 0.0, Avg: 1.2, Max: 4.7, Diff: 4.7, Sum: 9.3]
         [Processed Buffers: Min: 0, Avg: 6.1, Max: 27, Diff: 27, Sum: 49]
      [Scan RS (ms): Min: 0.0, Avg: 0.0, Max: 0.1, Diff: 0.1, Sum: 0.2]
      [Code Root Scanning (ms): Min: 0.0, Avg: 0.0, Max: 0.0, Diff: 0.0, Sum: 0.0]
      [Object Copy (ms): Min: 0.0, Avg: 1.0, Max: 3.9, Diff: 3.9, Sum: 7.9]
      [Termination (ms): Min: 0.0, Avg: 5.9, Max: 9.9, Diff: 9.9, Sum: 47.6]
         [Termination Attempts: Min: 1, Avg: 1.4, Max: 4, Diff: 3, Sum: 11]
      [GC Worker Other (ms): Min: 0.0, Avg: 0.0, Max: 0.0, Diff: 0.0, Sum: 0.1]
      [GC Worker Total (ms): Min: 19.7, Avg: 20.7, Max: 24.0, Diff: 4.4, Sum: 165.9]
      [GC Worker End (ms): Min: 422447314.5, Avg: 422447314.6, Max: 422447314.7, Diff: 0.2]
   [Code Root Fixup: 0.0 ms]
   [Code Root Purge: 0.0 ms]
   [Clear CT: 0.9 ms]
   [Other: 21.3 ms]
      [Choose CSet: 0.0 ms]
      [Ref Proc: 20.9 ms]
      [Ref Enq: 0.1 ms]
      [Redirty Cards: 0.1 ms]
      [Humongous Register: 0.0 ms]
      [Humongous Reclaim: 0.0 ms]
      [Free CSet: 0.1 ms]
   [Eden: 7152.0M(7152.0M)->0.0B(7152.0M) Survivors: 16384.0K->16384.0K Heap: 10636.2M(14336.0M)->3484.6M(14336.0M)]
 [Times: user=0.16 sys=0.00, real=0.07 secs] 
2022-09-27T21:16:54.240-0600: 422447.351: [GC concurrent-root-region-scan-start]
2022-09-27T21:16:54.337-0600: 422447.448: [GC concurrent-root-region-scan-end, 0.0969537 secs]
2022-09-27T21:16:54.337-0600: 422447.448: [GC concurrent-mark-start]
2022-09-27T21:16:55.623-0600: 422448.734: [GC concurrent-mark-end, 1.2857990 secs]
2022-09-27T21:16:55.623-0600: 422448.734: [GC remark 2022-09-27T21:16:55.623-0600: 422448.734: [Finalize Marking, 0.0059775 secs] 2022-09-27T21:16:55.629-0600: 422448.740: [GC ref-proc, 0.0577069 secs] 2022-09-27T21:16:55.687-0600: 422448.798: [Unloading, 0.0249737 secs], 0.0964692 secs]
 [Times: user=0.31 sys=0.00, real=0.09 secs] 
2022-09-27T21:16:55.720-0600: 422448.831: [GC cleanup 3599M->3599M(14336M), 0.0118114 secs]
 [Times: user=0.02 sys=0.00, real=0.02 secs] 
2022-09-27T21:18:37.786-0600: 422550.897: [GC pause (G1 Evacuation Pause) (young), 0.0477422 secs]
   [Parallel Time: 11.2 ms, GC Workers: 8]
      [GC Worker Start (ms): Min: 422550897.3, Avg: 422550900.9, Max: 422550904.9, Diff: 7.5]
      [Ext Root Scanning (ms): Min: 0.0, Avg: 0.8, Max: 3.0, Diff: 3.0, Sum: 6.6]
      [Update RS (ms): Min: 0.0, Avg: 1.0, Max: 2.3, Diff: 2.3, Sum: 7.6]
         [Processed Buffers: Min: 0, Avg: 5.5, Max: 17, Diff: 17, Sum: 44]
      [Scan RS (ms): Min: 0.0, Avg: 0.0, Max: 0.1, Diff: 0.1, Sum: 0.2]
      [Code Root Scanning (ms): Min: 0.0, Avg: 0.0, Max: 0.0, Diff: 0.0, Sum: 0.0]
      [Object Copy (ms): Min: 0.0, Avg: 2.3, Max: 6.7, Diff: 6.7, Sum: 18.1]
      [Termination (ms): Min: 0.0, Avg: 3.4, Max: 4.1, Diff: 4.1, Sum: 27.4]
         [Termination Attempts: Min: 1, Avg: 12.9, Max: 24, Diff: 23, Sum: 103]
      [GC Worker Other (ms): Min: 0.0, Avg: 0.0, Max: 0.0, Diff: 0.0, Sum: 0.0]
      [GC Worker Total (ms): Min: 3.5, Avg: 7.5, Max: 11.0, Diff: 7.5, Sum: 60.0]
      [GC Worker End (ms): Min: 422550908.4, Avg: 422550908.4, Max: 422550908.4, Diff: 0.0]
   [Code Root Fixup: 0.0 ms]
   [Code Root Purge: 0.0 ms]
   [Clear CT: 0.8 ms]
   [Other: 35.7 ms]
      [Choose CSet: 0.0 ms]
      [Ref Proc: 35.2 ms]
      [Ref Enq: 0.1 ms]
      [Redirty Cards: 0.1 ms]
      [Humongous Register: 0.0 ms]
      [Humongous Reclaim: 0.0 ms]
      [Free CSet: 0.2 ms]
   [Eden: 7152.0M(7152.0M)->0.0B(5712.0M) Survivors: 16384.0K->16384.0K Heap: 10636.6M(14336.0M)->3486.9M(14336.0M)]
 [Times: user=0.14 sys=0.00, real=0.05 secs] 
2022-09-27T21:20:02.129-0600: 422635.240: [GC pause (G1 Evacuation Pause) (mixed), 0.0288486 secs]
   [Parallel Time: 11.1 ms, GC Workers: 8]
      [GC Worker Start (ms): Min: 422635239.9, Avg: 422635244.2, Max: 422635248.3, Diff: 8.3]
      [Ext Root Scanning (ms): Min: 0.0, Avg: 0.9, Max: 3.1, Diff: 3.1, Sum: 6.9]
      [Update RS (ms): Min: 0.0, Avg: 0.9, Max: 2.2, Diff: 2.2, Sum: 7.3]
         [Processed Buffers: Min: 0, Avg: 5.8, Max: 21, Diff: 21, Sum: 46]
      [Scan RS (ms): Min: 0.0, Avg: 0.3, Max: 0.6, Diff: 0.6, Sum: 2.2]
      [Code Root Scanning (ms): Min: 0.0, Avg: 0.0, Max: 0.0, Diff: 0.0, Sum: 0.0]
      [Object Copy (ms): Min: 0.4, Avg: 2.7, Max: 6.0, Diff: 5.7, Sum: 21.2]
      [Termination (ms): Min: 0.0, Avg: 2.0, Max: 2.3, Diff: 2.3, Sum: 16.2]
         [Termination Attempts: Min: 1, Avg: 31.1, Max: 47, Diff: 46, Sum: 249]
      [GC Worker Other (ms): Min: 0.0, Avg: 0.0, Max: 0.0, Diff: 0.0, Sum: 0.1]
      [GC Worker Total (ms): Min: 2.7, Avg: 6.7, Max: 11.0, Diff: 8.3, Sum: 53.9]
      [GC Worker End (ms): Min: 422635250.9, Avg: 422635250.9, Max: 422635251.0, Diff: 0.0]
   [Code Root Fixup: 0.0 ms]
   [Code Root Purge: 0.0 ms]
   [Clear CT: 0.7 ms]
   [Other: 17.0 ms]
      [Choose CSet: 0.0 ms]
      [Ref Proc: 16.4 ms]
      [Ref Enq: 0.2 ms]
      [Redirty Cards: 0.2 ms]
      [Humongous Register: 0.0 ms]
      [Humongous Reclaim: 0.0 ms]
      [Free CSet: 0.1 ms]
   [Eden: 5712.0M(5712.0M)->0.0B(7152.0M) Survivors: 16384.0K->16384.0K Heap: 9198.9M(14336.0M)->3480.9M(14336.0M)]
 [Times: user=0.11 sys=0.00, real=0.02 secs] 
2022-09-27T21:21:46.982-0600: 422740.093: [GC pause (G1 Evacuation Pause) (young), 0.2994711 secs]
   [Parallel Time: 162.6 ms, GC Workers: 8]
      [GC Worker Start (ms): Min: 422740092.7, Avg: 422740174.0, Max: 422740255.1, Diff: 162.5]
      [Ext Root Scanning (ms): Min: 0.0, Avg: 1.8, Max: 6.4, Diff: 6.4, Sum: 14.5]
      [Update RS (ms): Min: 0.0, Avg: 2.5, Max: 7.4, Diff: 7.4, Sum: 19.7]
         [Processed Buffers: Min: 0, Avg: 10.2, Max: 25, Diff: 25, Sum: 82]
      [Scan RS (ms): Min: 0.0, Avg: 0.0, Max: 0.1, Diff: 0.1, Sum: 0.2]
      [Code Root Scanning (ms): Min: 0.0, Avg: 0.0, Max: 0.0, Diff: 0.0, Sum: 0.0]
      [Object Copy (ms): Min: 0.0, Avg: 1.0, Max: 2.7, Diff: 2.7, Sum: 7.9]
      [Termination (ms): Min: 0.0, Avg: 75.9, Max: 151.5, Diff: 151.5, Sum: 607.4]
         [Termination Attempts: Min: 1, Avg: 6.6, Max: 20, Diff: 19, Sum: 53]
      [GC Worker Other (ms): Min: 0.0, Avg: 0.0, Max: 0.0, Diff: 0.0, Sum: 0.0]
      [GC Worker Total (ms): Min: 0.0, Avg: 81.2, Max: 162.6, Diff: 162.6, Sum: 649.7]
      [GC Worker End (ms): Min: 422740255.1, Avg: 422740255.2, Max: 422740255.2, Diff: 0.1]
   [Code Root Fixup: 0.0 ms]
   [Code Root Purge: 0.0 ms]
   [Clear CT: 0.7 ms]
   [Other: 136.1 ms]
      [Choose CSet: 0.0 ms]
      [Ref Proc: 135.7 ms]
      [Ref Enq: 0.1 ms]
      [Redirty Cards: 0.1 ms]
      [Humongous Register: 0.0 ms]
      [Humongous Reclaim: 0.0 ms]
      [Free CSet: 0.1 ms]
   [Eden: 7152.0M(7152.0M)->0.0B(7152.0M) Survivors: 16384.0K->16384.0K Heap: 10632.9M(14336.0M)->3479.3M(14336.0M)]
 [Times: user=0.97 sys=0.00, real=0.30 secs] 
2022-09-27T21:23:26.782-0600: 422839.893: [GC pause (G1 Evacuation Pause) (young) (initial-mark), 0.1177262 secs]
   [Parallel Time: 101.2 ms, GC Workers: 8]
      [GC Worker Start (ms): Min: 422839894.4, Avg: 422839937.6, Max: 422839987.1, Diff: 92.7]
      [Ext Root Scanning (ms): Min: 2.7, Avg: 52.9, Max: 95.4, Diff: 92.6, Sum: 423.4]
      [Update RS (ms): Min: 0.0, Avg: 1.5, Max: 4.4, Diff: 4.4, Sum: 11.8]
         [Processed Buffers: Min: 0, Avg: 5.2, Max: 13, Diff: 13, Sum: 42]
      [Scan RS (ms): Min: 0.0, Avg: 0.0, Max: 0.1, Diff: 0.1, Sum: 0.3]
      [Code Root Scanning (ms): Min: 0.0, Avg: 0.0, Max: 0.0, Diff: 0.0, Sum: 0.0]
      [Object Copy (ms): Min: 0.3, Avg: 1.6, Max: 2.4, Diff: 2.1, Sum: 12.9]
      [Termination (ms): Min: 0.0, Avg: 0.6, Max: 0.7, Diff: 0.7, Sum: 4.8]
         [Termination Attempts: Min: 1, Avg: 4.9, Max: 11, Diff: 10, Sum: 39]
      [GC Worker Other (ms): Min: 0.0, Avg: 0.0, Max: 0.0, Diff: 0.0, Sum: 0.1]
      [GC Worker Total (ms): Min: 7.2, Avg: 56.7, Max: 99.9, Diff: 92.7, Sum: 453.4]
      [GC Worker End (ms): Min: 422839994.3, Avg: 422839994.3, Max: 422839994.3, Diff: 0.0]
   [Code Root Fixup: 0.0 ms]
   [Code Root Purge: 0.0 ms]
   [Clear CT: 1.0 ms]
   [Other: 15.6 ms]
      [Choose CSet: 0.0 ms]
      [Ref Proc: 15.2 ms]
      [Ref Enq: 0.1 ms]
      [Redirty Cards: 0.1 ms]
      [Humongous Register: 0.0 ms]
      [Humongous Reclaim: 0.0 ms]
      [Free CSet: 0.1 ms]
   [Eden: 7152.0M(7152.0M)->0.0B(7152.0M) Survivors: 16384.0K->16384.0K Heap: 10631.3M(14336.0M)->3482.5M(14336.0M)]
 [Times: user=0.11 sys=0.00, real=0.11 secs] 
2022-09-27T21:23:26.900-0600: 422840.011: [GC concurrent-root-region-scan-start]
2022-09-27T21:23:26.981-0600: 422840.092: [GC concurrent-root-region-scan-end, 0.0813046 secs]
2022-09-27T21:23:26.981-0600: 422840.092: [GC concurrent-mark-start]
2022-09-27T21:23:28.263-0600: 422841.374: [GC concurrent-mark-end, 1.2813039 secs]
2022-09-27T21:23:28.278-0600: 422841.389: [GC remark 2022-09-27T21:23:28.278-0600: 422841.389: [Finalize Marking, 0.0512392 secs] 2022-09-27T21:23:28.329-0600: 422841.440: [GC ref-proc, 0.0296150 secs] 2022-09-27T21:23:28.359-0600: 422841.470: [Unloading, 0.0302143 secs], 0.1196663 secs]
 [Times: user=0.57 sys=0.00, real=0.12 secs] 
2022-09-27T21:23:28.405-0600: 422841.516: [GC cleanup 3594M->3594M(14336M), 0.0871934 secs]
 [Times: user=0.03 sys=0.00, real=0.09 secs] 
2022-09-27T21:25:08.483-0600: 422941.594: [GC pause (G1 Evacuation Pause) (young), 0.0903571 secs]
   [Parallel Time: 16.9 ms, GC Workers: 8]
      [GC Worker Start (ms): Min: 422941593.7, Avg: 422941603.8, Max: 422941610.3, Diff: 16.6]
      [Ext Root Scanning (ms): Min: 0.0, Avg: 0.7, Max: 2.8, Diff: 2.8, Sum: 6.0]
      [Update RS (ms): Min: 0.0, Avg: 0.8, Max: 2.3, Diff: 2.3, Sum: 6.4]
         [Processed Buffers: Min: 0, Avg: 5.6, Max: 20, Diff: 20, Sum: 45]
      [Scan RS (ms): Min: 0.0, Avg: 0.0, Max: 0.1, Diff: 0.1, Sum: 0.2]
      [Code Root Scanning (ms): Min: 0.0, Avg: 0.0, Max: 0.0, Diff: 0.0, Sum: 0.0]
      [Object Copy (ms): Min: 0.0, Avg: 1.0, Max: 2.7, Diff: 2.7, Sum: 7.8]
      [Termination (ms): Min: 0.0, Avg: 4.0, Max: 9.5, Diff: 9.5, Sum: 32.3]
         [Termination Attempts: Min: 1, Avg: 2.2, Max: 6, Diff: 5, Sum: 18]
      [GC Worker Other (ms): Min: 0.0, Avg: 0.0, Max: 0.0, Diff: 0.0, Sum: 0.0]
      [GC Worker Total (ms): Min: 0.0, Avg: 6.6, Max: 16.7, Diff: 16.7, Sum: 52.7]
      [GC Worker End (ms): Min: 422941610.3, Avg: 422941610.4, Max: 422941610.5, Diff: 0.1]
   [Code Root Fixup: 0.0 ms]
   [Code Root Purge: 0.0 ms]
   [Clear CT: 0.9 ms]
   [Other: 72.6 ms]
      [Choose CSet: 0.0 ms]
      [Ref Proc: 72.2 ms]
      [Ref Enq: 0.1 ms]
      [Redirty Cards: 0.1 ms]
      [Humongous Register: 0.0 ms]
      [Humongous Reclaim: 0.0 ms]
      [Free CSet: 0.1 ms]
   [Eden: 7152.0M(7152.0M)->0.0B(5712.0M) Survivors: 16384.0K->16384.0K Heap: 10634.5M(14336.0M)->3485.3M(14336.0M)]
 [Times: user=0.21 sys=0.00, real=0.09 secs] 
2022-09-27T21:26:30.792-0600: 423023.903: [GC pause (G1 Evacuation Pause) (mixed), 0.0882634 secs]
   [Parallel Time: 18.0 ms, GC Workers: 8]
      [GC Worker Start (ms): Min: 423023902.7, Avg: 423023912.6, Max: 423023920.4, Diff: 17.7]
      [Ext Root Scanning (ms): Min: 0.0, Avg: 0.9, Max: 3.9, Diff: 3.9, Sum: 7.1]
      [Update RS (ms): Min: 0.0, Avg: 2.2, Max: 13.1, Diff: 13.1, Sum: 18.0]
         [Processed Buffers: Min: 0, Avg: 6.4, Max: 21, Diff: 21, Sum: 51]
      [Scan RS (ms): Min: 0.0, Avg: 0.5, Max: 1.3, Diff: 1.3, Sum: 3.8]
      [Code Root Scanning (ms): Min: 0.0, Avg: 0.0, Max: 0.0, Diff: 0.0, Sum: 0.0]
      [Object Copy (ms): Min: 0.0, Avg: 2.5, Max: 5.7, Diff: 5.7, Sum: 19.6]
      [Termination (ms): Min: 0.0, Avg: 1.8, Max: 2.7, Diff: 2.7, Sum: 14.2]
         [Termination Attempts: Min: 1, Avg: 23.5, Max: 49, Diff: 48, Sum: 188]
      [GC Worker Other (ms): Min: 0.0, Avg: 0.0, Max: 0.0, Diff: 0.0, Sum: 0.0]
      [GC Worker Total (ms): Min: 0.0, Avg: 7.9, Max: 17.8, Diff: 17.7, Sum: 62.8]
      [GC Worker End (ms): Min: 423023920.4, Avg: 423023920.5, Max: 423023920.6, Diff: 0.1]
   [Code Root Fixup: 0.0 ms]
   [Code Root Purge: 0.0 ms]
   [Clear CT: 0.9 ms]
   [Other: 69.4 ms]
      [Choose CSet: 0.0 ms]
      [Ref Proc: 68.9 ms]
      [Ref Enq: 0.1 ms]
      [Redirty Cards: 0.1 ms]
      [Humongous Register: 0.0 ms]
      [Humongous Reclaim: 0.0 ms]
      [Free CSet: 0.1 ms]
   [Eden: 5712.0M(5712.0M)->0.0B(7152.0M) Survivors: 16384.0K->16384.0K Heap: 9197.3M(14336.0M)->3475.3M(14336.0M)]
 [Times: user=0.24 sys=0.00, real=0.08 secs] 
2022-09-27T21:28:11.879-0600: 423124.990: [GC pause (G1 Evacuation Pause) (young), 0.0265675 secs]
   [Parallel Time: 7.0 ms, GC Workers: 8]
      [GC Worker Start (ms): Min: 423124990.1, Avg: 423124990.7, Max: 423124991.2, Diff: 1.0]
      [Ext Root Scanning (ms): Min: 0.5, Avg: 1.8, Max: 6.3, Diff: 5.7, Sum: 14.2]
      [Update RS (ms): Min: 0.0, Avg: 2.5, Max: 3.1, Diff: 3.1, Sum: 19.9]
         [Processed Buffers: Min: 0, Avg: 11.1, Max: 20, Diff: 20, Sum: 89]
      [Scan RS (ms): Min: 0.0, Avg: 0.0, Max: 0.1, Diff: 0.1, Sum: 0.2]
      [Code Root Scanning (ms): Min: 0.0, Avg: 0.0, Max: 0.0, Diff: 0.0, Sum: 0.0]
      [Object Copy (ms): Min: 0.0, Avg: 1.4, Max: 1.7, Diff: 1.7, Sum: 11.4]
      [Termination (ms): Min: 0.0, Avg: 0.5, Max: 0.6, Diff: 0.6, Sum: 4.4]
         [Termination Attempts: Min: 1, Avg: 2.8, Max: 5, Diff: 4, Sum: 22]
      [GC Worker Other (ms): Min: 0.0, Avg: 0.0, Max: 0.0, Diff: 0.0, Sum: 0.0]
      [GC Worker Total (ms): Min: 5.9, Avg: 6.3, Max: 6.9, Diff: 1.0, Sum: 50.2]
      [GC Worker End (ms): Min: 423124997.0, Avg: 423124997.0, Max: 423124997.0, Diff: 0.0]
   [Code Root Fixup: 0.0 ms]
   [Code Root Purge: 0.0 ms]
   [Clear CT: 0.9 ms]
   [Other: 18.7 ms]
      [Choose CSet: 0.0 ms]
      [Ref Proc: 18.3 ms]
      [Ref Enq: 0.1 ms]
      [Redirty Cards: 0.1 ms]
      [Humongous Register: 0.0 ms]
      [Humongous Reclaim: 0.0 ms]
      [Free CSet: 0.1 ms]
   [Eden: 7152.0M(7152.0M)->0.0B(7152.0M) Survivors: 16384.0K->16384.0K Heap: 10627.3M(14336.0M)->3482.4M(14336.0M)]
 [Times: user=0.11 sys=0.00, real=0.03 secs] 
2022-09-27T21:29:54.073-0600: 423227.183: [GC pause (G1 Evacuation Pause) (young) (initial-mark), 0.0442147 secs]
   [Parallel Time: 15.7 ms, GC Workers: 8]
      [GC Worker Start (ms): Min: 423227184.8, Avg: 423227188.6, Max: 423227189.9, Diff: 5.1]
      [Ext Root Scanning (ms): Min: 1.7, Avg: 6.6, Max: 9.2, Diff: 7.5, Sum: 52.9]
      [Update RS (ms): Min: 0.0, Avg: 1.0, Max: 2.4, Diff: 2.4, Sum: 7.9]
         [Processed Buffers: Min: 0, Avg: 5.2, Max: 18, Diff: 18, Sum: 42]
      [Scan RS (ms): Min: 0.0, Avg: 0.0, Max: 0.1, Diff: 0.1, Sum: 0.2]
      [Code Root Scanning (ms): Min: 0.0, Avg: 0.0, Max: 0.0, Diff: 0.0, Sum: 0.0]
      [Object Copy (ms): Min: 0.0, Avg: 1.2, Max: 2.6, Diff: 2.6, Sum: 9.7]
      [Termination (ms): Min: 0.0, Avg: 1.7, Max: 2.9, Diff: 2.9, Sum: 13.4]
         [Termination Attempts: Min: 1, Avg: 3.8, Max: 10, Diff: 9, Sum: 30]
      [GC Worker Other (ms): Min: 0.0, Avg: 0.0, Max: 0.0, Diff: 0.0, Sum: 0.1]
      [GC Worker Total (ms): Min: 9.2, Avg: 10.5, Max: 14.3, Diff: 5.1, Sum: 84.2]
      [GC Worker End (ms): Min: 423227199.1, Avg: 423227199.1, Max: 423227199.2, Diff: 0.1]
   [Code Root Fixup: 0.0 ms]
   [Code Root Purge: 0.0 ms]
   [Clear CT: 0.9 ms]
   [Other: 27.6 ms]
      [Choose CSet: 0.0 ms]
      [Ref Proc: 27.2 ms]
      [Ref Enq: 0.1 ms]
      [Redirty Cards: 0.1 ms]
      [Humongous Register: 0.0 ms]
      [Humongous Reclaim: 0.0 ms]
      [Free CSet: 0.1 ms]
   [Eden: 7152.0M(7152.0M)->0.0B(7152.0M) Survivors: 16384.0K->16384.0K Heap: 10634.4M(14336.0M)->3485.2M(14336.0M)]
 [Times: user=0.13 sys=0.00, real=0.04 secs] 
2022-09-27T21:29:54.117-0600: 423227.228: [GC concurrent-root-region-scan-start]
2022-09-27T21:29:54.123-0600: 423227.234: [GC concurrent-root-region-scan-end, 0.0066005 secs]
2022-09-27T21:29:54.123-0600: 423227.234: [GC concurrent-mark-start]
2022-09-27T21:29:55.433-0600: 423228.544: [GC concurrent-mark-end, 1.3091080 secs]
2022-09-27T21:29:55.433-0600: 423228.544: [GC remark 2022-09-27T21:29:55.433-0600: 423228.544: [Finalize Marking, 0.0027948 secs] 2022-09-27T21:29:55.436-0600: 423228.547: [GC ref-proc, 0.0394646 secs] 2022-09-27T21:29:55.475-0600: 423228.586: [Unloading, 0.0282178 secs], 0.0794743 secs]
 [Times: user=0.27 sys=0.00, real=0.08 secs] 
2022-09-27T21:29:55.512-0600: 423228.623: [GC cleanup 3621M->3621M(14336M), 0.0118774 secs]
 [Times: user=0.02 sys=0.00, real=0.01 secs] 
2022-09-27T21:31:34.929-0600: 423328.040: [GC pause (G1 Evacuation Pause) (young), 0.0413004 secs]
   [Parallel Time: 11.7 ms, GC Workers: 8]
      [GC Worker Start (ms): Min: 423328040.2, Avg: 423328044.3, Max: 423328048.1, Diff: 7.9]
      [Ext Root Scanning (ms): Min: 0.0, Avg: 0.8, Max: 3.2, Diff: 3.2, Sum: 6.7]
      [Update RS (ms): Min: 0.0, Avg: 1.3, Max: 3.0, Diff: 3.0, Sum: 10.0]
         [Processed Buffers: Min: 0, Avg: 6.2, Max: 18, Diff: 18, Sum: 50]
      [Scan RS (ms): Min: 0.0, Avg: 0.0, Max: 0.1, Diff: 0.1, Sum: 0.2]
      [Code Root Scanning (ms): Min: 0.0, Avg: 0.0, Max: 0.0, Diff: 0.0, Sum: 0.0]
      [Object Copy (ms): Min: 0.0, Avg: 1.7, Max: 6.2, Diff: 6.2, Sum: 13.7]
      [Termination (ms): Min: 0.0, Avg: 3.5, Max: 4.3, Diff: 4.3, Sum: 28.4]
         [Termination Attempts: Min: 1, Avg: 6.0, Max: 11, Diff: 10, Sum: 48]
      [GC Worker Other (ms): Min: 0.0, Avg: 0.0, Max: 0.0, Diff: 0.0, Sum: 0.0]
      [GC Worker Total (ms): Min: 3.5, Avg: 7.4, Max: 11.5, Diff: 7.9, Sum: 59.1]
      [GC Worker End (ms): Min: 423328051.6, Avg: 423328051.6, Max: 423328051.8, Diff: 0.2]
   [Code Root Fixup: 0.0 ms]
   [Code Root Purge: 0.0 ms]
   [Clear CT: 0.9 ms]
   [Other: 28.7 ms]
      [Choose CSet: 0.0 ms]
      [Ref Proc: 28.3 ms]
      [Ref Enq: 0.1 ms]
      [Redirty Cards: 0.1 ms]
      [Humongous Register: 0.0 ms]
      [Humongous Reclaim: 0.0 ms]
      [Free CSet: 0.1 ms]
   [Eden: 7152.0M(7152.0M)->0.0B(5712.0M) Survivors: 16384.0K->16384.0K Heap: 10637.2M(14336.0M)->3485.3M(14336.0M)]
 [Times: user=0.14 sys=0.00, real=0.04 secs] 
2022-09-27T21:32:54.283-0600: 423407.394: [GC pause (G1 Evacuation Pause) (mixed), 0.0444045 secs]
   [Parallel Time: 18.5 ms, GC Workers: 8]
      [GC Worker Start (ms): Min: 423407394.1, Avg: 423407400.3, Max: 423407407.3, Diff: 13.1]
      [Ext Root Scanning (ms): Min: 0.0, Avg: 2.5, Max: 13.1, Diff: 13.1, Sum: 20.0]
      [Update RS (ms): Min: 0.0, Avg: 1.0, Max: 2.7, Diff: 2.7, Sum: 7.7]
         [Processed Buffers: Min: 0, Avg: 5.9, Max: 21, Diff: 21, Sum: 47]
      [Scan RS (ms): Min: 0.0, Avg: 0.4, Max: 1.2, Diff: 1.2, Sum: 3.5]
      [Code Root Scanning (ms): Min: 0.0, Avg: 0.0, Max: 0.0, Diff: 0.0, Sum: 0.0]
      [Object Copy (ms): Min: 0.0, Avg: 3.5, Max: 12.0, Diff: 12.0, Sum: 27.7]
      [Termination (ms): Min: 0.0, Avg: 4.8, Max: 5.9, Diff: 5.9, Sum: 38.4]
         [Termination Attempts: Min: 1, Avg: 9.9, Max: 30, Diff: 29, Sum: 79]
      [GC Worker Other (ms): Min: 0.0, Avg: 0.0, Max: 0.0, Diff: 0.0, Sum: 0.0]
      [GC Worker Total (ms): Min: 5.2, Avg: 12.2, Max: 18.3, Diff: 13.1, Sum: 97.4]
      [GC Worker End (ms): Min: 423407412.5, Avg: 423407412.5, Max: 423407412.5, Diff: 0.1]
   [Code Root Fixup: 0.0 ms]
   [Code Root Purge: 0.0 ms]
   [Clear CT: 0.7 ms]
   [Other: 25.2 ms]
      [Choose CSet: 0.0 ms]
      [Ref Proc: 24.7 ms]
      [Ref Enq: 0.2 ms]
      [Redirty Cards: 0.1 ms]
      [Humongous Register: 0.0 ms]
      [Humongous Reclaim: 0.0 ms]
      [Free CSet: 0.1 ms]
   [Eden: 5712.0M(5712.0M)->0.0B(7152.0M) Survivors: 16384.0K->16384.0K Heap: 9197.3M(14336.0M)->3478.3M(14336.0M)]
 [Times: user=0.16 sys=0.00, real=0.04 secs] 
2022-09-27T21:34:36.778-0600: 423509.889: [GC pause (G1 Evacuation Pause) (young), 0.0555869 secs]
   [Parallel Time: 22.4 ms, GC Workers: 8]
      [GC Worker Start (ms): Min: 423509888.7, Avg: 423509899.8, Max: 423509911.0, Diff: 22.3]
      [Ext Root Scanning (ms): Min: 0.0, Avg: 0.8, Max: 3.0, Diff: 3.0, Sum: 6.4]
      [Update RS (ms): Min: 0.0, Avg: 2.2, Max: 4.8, Diff: 4.8, Sum: 17.6]
         [Processed Buffers: Min: 0, Avg: 12.0, Max: 34, Diff: 34, Sum: 96]
      [Scan RS (ms): Min: 0.0, Avg: 0.0, Max: 0.1, Diff: 0.1, Sum: 0.2]
      [Code Root Scanning (ms): Min: 0.0, Avg: 0.0, Max: 0.0, Diff: 0.0, Sum: 0.0]
      [Object Copy (ms): Min: 0.0, Avg: 1.0, Max: 2.2, Diff: 2.2, Sum: 8.4]
      [Termination (ms): Min: 0.0, Avg: 7.2, Max: 13.9, Diff: 13.9, Sum: 57.3]
         [Termination Attempts: Min: 1, Avg: 3.5, Max: 9, Diff: 8, Sum: 28]
      [GC Worker Other (ms): Min: 0.0, Avg: 0.0, Max: 0.0, Diff: 0.0, Sum: 0.1]
      [GC Worker Total (ms): Min: 0.0, Avg: 11.2, Max: 22.4, Diff: 22.3, Sum: 89.9]
      [GC Worker End (ms): Min: 423509911.0, Avg: 423509911.0, Max: 423509911.1, Diff: 0.1]
   [Code Root Fixup: 0.0 ms]
   [Code Root Purge: 0.0 ms]
   [Clear CT: 0.9 ms]
   [Other: 32.3 ms]
      [Choose CSet: 0.0 ms]
      [Ref Proc: 31.9 ms]
      [Ref Enq: 0.1 ms]
      [Redirty Cards: 0.1 ms]
      [Humongous Register: 0.0 ms]
      [Humongous Reclaim: 0.0 ms]
      [Free CSet: 0.1 ms]
   [Eden: 7152.0M(7152.0M)->0.0B(7152.0M) Survivors: 16384.0K->16384.0K Heap: 10630.3M(14336.0M)->3483.6M(14336.0M)]
 [Times: user=0.19 sys=0.00, real=0.06 secs] 
2022-09-27T21:36:19.922-0600: 423613.033: [GC pause (G1 Evacuation Pause) (young) (initial-mark), 0.0458780 secs]
   [Parallel Time: 19.2 ms, GC Workers: 8]
      [GC Worker Start (ms): Min: 423613034.1, Avg: 423613035.4, Max: 423613036.5, Diff: 2.4]
      [Ext Root Scanning (ms): Min: 2.3, Avg: 6.3, Max: 10.3, Diff: 8.0, Sum: 50.6]
      [Update RS (ms): Min: 0.0, Avg: 1.3, Max: 2.5, Diff: 2.5, Sum: 10.0]
         [Processed Buffers: Min: 0, Avg: 6.1, Max: 15, Diff: 15, Sum: 49]
      [Scan RS (ms): Min: 0.0, Avg: 0.0, Max: 0.1, Diff: 0.0, Sum: 0.2]
      [Code Root Scanning (ms): Min: 0.0, Avg: 0.0, Max: 0.0, Diff: 0.0, Sum: 0.0]
      [Object Copy (ms): Min: 0.0, Avg: 2.8, Max: 10.4, Diff: 10.4, Sum: 22.7]
      [Termination (ms): Min: 0.0, Avg: 5.9, Max: 8.0, Diff: 8.0, Sum: 47.5]
         [Termination Attempts: Min: 1, Avg: 1.4, Max: 3, Diff: 2, Sum: 11]
      [GC Worker Other (ms): Min: 0.0, Avg: 0.0, Max: 0.0, Diff: 0.0, Sum: 0.0]
      [GC Worker Total (ms): Min: 15.3, Avg: 16.4, Max: 17.7, Diff: 2.5, Sum: 131.2]
      [GC Worker End (ms): Min: 423613051.8, Avg: 423613051.8, Max: 423613051.9, Diff: 0.1]
   [Code Root Fixup: 0.0 ms]
   [Code Root Purge: 0.0 ms]
   [Clear CT: 0.7 ms]
   [Other: 26.0 ms]
      [Choose CSet: 0.0 ms]
      [Ref Proc: 25.6 ms]
      [Ref Enq: 0.1 ms]
      [Redirty Cards: 0.1 ms]
      [Humongous Register: 0.0 ms]
      [Humongous Reclaim: 0.0 ms]
      [Free CSet: 0.1 ms]
   [Eden: 7152.0M(7152.0M)->0.0B(7152.0M) Survivors: 16384.0K->16384.0K Heap: 10635.6M(14336.0M)->3483.5M(14336.0M)]
 [Times: user=0.14 sys=0.00, real=0.04 secs] 
2022-09-27T21:36:19.968-0600: 423613.079: [GC concurrent-root-region-scan-start]
2022-09-27T21:36:19.974-0600: 423613.085: [GC concurrent-root-region-scan-end, 0.0061771 secs]
2022-09-27T21:36:19.974-0600: 423613.085: [GC concurrent-mark-start]
2022-09-27T21:36:21.296-0600: 423614.407: [GC concurrent-mark-end, 1.3220238 secs]
2022-09-27T21:36:21.335-0600: 423614.446: [GC remark 2022-09-27T21:36:21.335-0600: 423614.446: [Finalize Marking, 0.0075667 secs] 2022-09-27T21:36:21.342-0600: 423614.453: [GC ref-proc, 0.0414878 secs] 2022-09-27T21:36:21.384-0600: 423614.495: [Unloading, 0.0266474 secs], 0.0799937 secs]
 [Times: user=0.33 sys=0.00, real=0.08 secs] 
2022-09-27T21:36:21.415-0600: 423614.526: [GC cleanup 3587M->3587M(14336M), 0.0069611 secs]
 [Times: user=0.02 sys=0.00, real=0.01 secs] 
2022-09-27T21:38:03.282-0600: 423716.393: [GC pause (G1 Evacuation Pause) (young), 0.0401500 secs]
   [Parallel Time: 6.8 ms, GC Workers: 8]
      [GC Worker Start (ms): Min: 423716392.6, Avg: 423716395.1, Max: 423716399.3, Diff: 6.7]
      [Ext Root Scanning (ms): Min: 0.0, Avg: 0.9, Max: 3.3, Diff: 3.3, Sum: 7.1]
      [Update RS (ms): Min: 0.0, Avg: 1.0, Max: 2.1, Diff: 2.1, Sum: 8.3]
         [Processed Buffers: Min: 0, Avg: 5.1, Max: 13, Diff: 13, Sum: 41]
      [Scan RS (ms): Min: 0.0, Avg: 0.0, Max: 0.1, Diff: 0.1, Sum: 0.2]
      [Code Root Scanning (ms): Min: 0.0, Avg: 0.0, Max: 0.0, Diff: 0.0, Sum: 0.0]
      [Object Copy (ms): Min: 0.0, Avg: 1.4, Max: 2.3, Diff: 2.3, Sum: 10.9]
      [Termination (ms): Min: 0.0, Avg: 0.9, Max: 1.3, Diff: 1.3, Sum: 7.4]
         [Termination Attempts: Min: 1, Avg: 1.9, Max: 4, Diff: 3, Sum: 15]
      [GC Worker Other (ms): Min: 0.0, Avg: 0.0, Max: 0.0, Diff: 0.0, Sum: 0.0]
      [GC Worker Total (ms): Min: 0.0, Avg: 4.3, Max: 6.8, Diff: 6.7, Sum: 34.0]
      [GC Worker End (ms): Min: 423716399.3, Avg: 423716399.4, Max: 423716399.4, Diff: 0.1]
   [Code Root Fixup: 0.0 ms]
   [Code Root Purge: 0.0 ms]
   [Clear CT: 0.7 ms]
   [Other: 32.7 ms]
      [Choose CSet: 0.0 ms]
      [Ref Proc: 32.2 ms]
      [Ref Enq: 0.1 ms]
      [Redirty Cards: 0.1 ms]
      [Humongous Register: 0.0 ms]
      [Humongous Reclaim: 0.0 ms]
      [Free CSet: 0.1 ms]
   [Eden: 7152.0M(7152.0M)->0.0B(5712.0M) Survivors: 16384.0K->16384.0K Heap: 10635.5M(14336.0M)->3484.9M(14336.0M)]
 [Times: user=0.14 sys=0.00, real=0.04 secs] 
2022-09-27T21:39:26.504-0600: 423799.615: [GC pause (G1 Evacuation Pause) (mixed), 0.0369833 secs]
   [Parallel Time: 10.7 ms, GC Workers: 8]
      [GC Worker Start (ms): Min: 423799615.6, Avg: 423799619.9, Max: 423799623.2, Diff: 7.6]
      [Ext Root Scanning (ms): Min: 0.0, Avg: 0.8, Max: 3.3, Diff: 3.3, Sum: 6.1]
      [Update RS (ms): Min: 0.0, Avg: 1.4, Max: 4.4, Diff: 4.4, Sum: 11.5]
         [Processed Buffers: Min: 0, Avg: 5.4, Max: 16, Diff: 16, Sum: 43]
      [Scan RS (ms): Min: 0.0, Avg: 0.4, Max: 0.8, Diff: 0.8, Sum: 2.9]
      [Code Root Scanning (ms): Min: 0.0, Avg: 0.0, Max: 0.0, Diff: 0.0, Sum: 0.0]
      [Object Copy (ms): Min: 1.8, Avg: 3.0, Max: 4.2, Diff: 2.4, Sum: 23.7]
      [Termination (ms): Min: 0.0, Avg: 0.4, Max: 0.6, Diff: 0.6, Sum: 3.6]
         [Termination Attempts: Min: 1, Avg: 1.2, Max: 3, Diff: 2, Sum: 10]
      [GC Worker Other (ms): Min: 0.0, Avg: 0.0, Max: 0.0, Diff: 0.0, Sum: 0.1]
      [GC Worker Total (ms): Min: 2.6, Avg: 6.0, Max: 10.2, Diff: 7.6, Sum: 47.8]
      [GC Worker End (ms): Min: 423799625.8, Avg: 423799625.8, Max: 423799625.8, Diff: 0.0]
   [Code Root Fixup: 0.0 ms]
   [Code Root Purge: 0.0 ms]
   [Clear CT: 0.6 ms]
   [Other: 25.6 ms]
      [Choose CSet: 0.0 ms]
      [Ref Proc: 25.2 ms]
      [Ref Enq: 0.1 ms]
      [Redirty Cards: 0.1 ms]
      [Humongous Register: 0.0 ms]
      [Humongous Reclaim: 0.0 ms]
      [Free CSet: 0.1 ms]
   [Eden: 5712.0M(5712.0M)->0.0B(7152.0M) Survivors: 16384.0K->16384.0K Heap: 9196.9M(14336.0M)->3478.3M(14336.0M)]
 [Times: user=0.14 sys=0.00, real=0.04 secs] 
2022-09-27T21:41:10.085-0600: 423903.196: [GC pause (G1 Evacuation Pause) (young), 0.0273781 secs]
   [Parallel Time: 6.5 ms, GC Workers: 8]
      [GC Worker Start (ms): Min: 423903196.3, Avg: 423903197.5, Max: 423903202.7, Diff: 6.4]
      [Ext Root Scanning (ms): Min: 0.0, Avg: 1.2, Max: 3.3, Diff: 3.3, Sum: 9.8]
      [Update RS (ms): Min: 0.0, Avg: 2.2, Max: 3.5, Diff: 3.5, Sum: 17.5]
         [Processed Buffers: Min: 0, Avg: 10.5, Max: 16, Diff: 16, Sum: 84]
      [Scan RS (ms): Min: 0.0, Avg: 0.0, Max: 0.1, Diff: 0.0, Sum: 0.3]
      [Code Root Scanning (ms): Min: 0.0, Avg: 0.0, Max: 0.0, Diff: 0.0, Sum: 0.0]
      [Object Copy (ms): Min: 0.0, Avg: 1.2, Max: 1.4, Diff: 1.4, Sum: 9.2]
      [Termination (ms): Min: 0.0, Avg: 0.6, Max: 0.7, Diff: 0.7, Sum: 4.5]
         [Termination Attempts: Min: 1, Avg: 9.8, Max: 13, Diff: 12, Sum: 78]
      [GC Worker Other (ms): Min: 0.0, Avg: 0.0, Max: 0.0, Diff: 0.0, Sum: 0.0]
      [GC Worker Total (ms): Min: 0.0, Avg: 5.2, Max: 6.4, Diff: 6.4, Sum: 41.4]
      [GC Worker End (ms): Min: 423903202.7, Avg: 423903202.7, Max: 423903202.7, Diff: 0.0]
   [Code Root Fixup: 0.0 ms]
   [Code Root Purge: 0.0 ms]
   [Clear CT: 0.8 ms]
   [Other: 20.1 ms]
      [Choose CSet: 0.0 ms]
      [Ref Proc: 19.7 ms]
      [Ref Enq: 0.1 ms]
      [Redirty Cards: 0.1 ms]
      [Humongous Register: 0.0 ms]
      [Humongous Reclaim: 0.0 ms]
      [Free CSet: 0.1 ms]
   [Eden: 7152.0M(7152.0M)->0.0B(7152.0M) Survivors: 16384.0K->16384.0K Heap: 10630.3M(14336.0M)->3479.8M(14336.0M)]
 [Times: user=0.11 sys=0.00, real=0.03 secs] 
2022-09-27T21:42:50.732-0600: 424003.843: [GC pause (G1 Evacuation Pause) (young) (initial-mark), 0.0549858 secs]
   [Parallel Time: 14.9 ms, GC Workers: 8]
      [GC Worker Start (ms): Min: 424003844.2, Avg: 424003845.2, Max: 424003846.2, Diff: 2.0]
      [Ext Root Scanning (ms): Min: 1.8, Avg: 7.2, Max: 11.4, Diff: 9.6, Sum: 57.7]
      [Update RS (ms): Min: 0.0, Avg: 1.0, Max: 3.5, Diff: 3.5, Sum: 8.3]
         [Processed Buffers: Min: 0, Avg: 5.6, Max: 26, Diff: 26, Sum: 45]
      [Scan RS (ms): Min: 0.0, Avg: 0.0, Max: 0.1, Diff: 0.1, Sum: 0.2]
      [Code Root Scanning (ms): Min: 0.0, Avg: 0.0, Max: 0.0, Diff: 0.0, Sum: 0.0]
      [Object Copy (ms): Min: 0.0, Avg: 2.2, Max: 3.7, Diff: 3.7, Sum: 17.3]
      [Termination (ms): Min: 0.0, Avg: 2.0, Max: 2.5, Diff: 2.5, Sum: 16.1]
         [Termination Attempts: Min: 1, Avg: 7.5, Max: 15, Diff: 14, Sum: 60]
      [GC Worker Other (ms): Min: 0.0, Avg: 0.0, Max: 0.0, Diff: 0.0, Sum: 0.1]
      [GC Worker Total (ms): Min: 11.4, Avg: 12.5, Max: 13.5, Diff: 2.1, Sum: 99.7]
      [GC Worker End (ms): Min: 424003857.6, Avg: 424003857.7, Max: 424003857.7, Diff: 0.1]
   [Code Root Fixup: 0.0 ms]
   [Code Root Purge: 0.0 ms]
   [Clear CT: 0.9 ms]
   [Other: 39.2 ms]
      [Choose CSet: 0.0 ms]
      [Ref Proc: 38.8 ms]
      [Ref Enq: 0.1 ms]
      [Redirty Cards: 0.1 ms]
      [Humongous Register: 0.0 ms]
      [Humongous Reclaim: 0.0 ms]
      [Free CSet: 0.1 ms]
   [Eden: 7152.0M(7152.0M)->0.0B(7152.0M) Survivors: 16384.0K->16384.0K Heap: 10631.8M(14336.0M)->3482.5M(14336.0M)]
 [Times: user=0.15 sys=0.00, real=0.05 secs] 
2022-09-27T21:42:50.787-0600: 424003.898: [GC concurrent-root-region-scan-start]
2022-09-27T21:42:50.794-0600: 424003.905: [GC concurrent-root-region-scan-end, 0.0071270 secs]
2022-09-27T21:42:50.794-0600: 424003.905: [GC concurrent-mark-start]
2022-09-27T21:42:52.081-0600: 424005.192: [GC concurrent-mark-end, 1.2869353 secs]
2022-09-27T21:42:52.081-0600: 424005.192: [GC remark 2022-09-27T21:42:52.081-0600: 424005.192: [Finalize Marking, 0.0022444 secs] 2022-09-27T21:42:52.084-0600: 424005.194: [GC ref-proc, 0.0318739 secs] 2022-09-27T21:42:52.115-0600: 424005.226: [Unloading, 0.0302733 secs], 0.0679951 secs]
 [Times: user=0.27 sys=0.00, real=0.07 secs] 
2022-09-27T21:42:52.149-0600: 424005.260: [GC cleanup 3594M->3594M(14336M), 0.0090601 secs]
 [Times: user=0.02 sys=0.00, real=0.00 secs] 
2022-09-27T21:44:32.330-0600: 424105.441: [GC pause (G1 Evacuation Pause) (young), 0.0384113 secs]
   [Parallel Time: 14.7 ms, GC Workers: 8]
      [GC Worker Start (ms): Min: 424105440.7, Avg: 424105447.4, Max: 424105451.3, Diff: 10.6]
      [Ext Root Scanning (ms): Min: 0.0, Avg: 0.8, Max: 4.4, Diff: 4.4, Sum: 6.3]
      [Update RS (ms): Min: 0.0, Avg: 2.0, Max: 9.9, Diff: 9.9, Sum: 16.0]
         [Processed Buffers: Min: 0, Avg: 5.5, Max: 15, Diff: 15, Sum: 44]
      [Scan RS (ms): Min: 0.0, Avg: 0.0, Max: 0.1, Diff: 0.1, Sum: 0.2]
      [Code Root Scanning (ms): Min: 0.0, Avg: 0.0, Max: 0.0, Diff: 0.0, Sum: 0.0]
      [Object Copy (ms): Min: 0.0, Avg: 1.3, Max: 2.8, Diff: 2.8, Sum: 10.2]
      [Termination (ms): Min: 0.0, Avg: 3.7, Max: 4.6, Diff: 4.6, Sum: 29.6]
         [Termination Attempts: Min: 1, Avg: 12.8, Max: 33, Diff: 32, Sum: 102]
      [GC Worker Other (ms): Min: 0.0, Avg: 0.0, Max: 0.0, Diff: 0.0, Sum: 0.0]
      [GC Worker Total (ms): Min: 3.9, Avg: 7.8, Max: 14.5, Diff: 10.6, Sum: 62.3]
      [GC Worker End (ms): Min: 424105455.2, Avg: 424105455.2, Max: 424105455.3, Diff: 0.1]
   [Code Root Fixup: 0.0 ms]
   [Code Root Purge: 0.0 ms]
   [Clear CT: 0.8 ms]
   [Other: 22.9 ms]
      [Choose CSet: 0.0 ms]
      [Ref Proc: 22.5 ms]
      [Ref Enq: 0.1 ms]
      [Redirty Cards: 0.1 ms]
      [Humongous Register: 0.0 ms]
      [Humongous Reclaim: 0.0 ms]
      [Free CSet: 0.1 ms]
   [Eden: 7152.0M(7152.0M)->0.0B(5712.0M) Survivors: 16384.0K->16384.0K Heap: 10634.5M(14336.0M)->3485.9M(14336.0M)]
 [Times: user=0.11 sys=0.00, real=0.04 secs] 
2022-09-27T21:45:54.283-0600: 424187.394: [GC pause (G1 Evacuation Pause) (mixed), 0.0319809 secs]
   [Parallel Time: 10.8 ms, GC Workers: 8]
      [GC Worker Start (ms): Min: 424187393.6, Avg: 424187396.3, Max: 424187402.6, Diff: 9.0]
      [Ext Root Scanning (ms): Min: 0.0, Avg: 1.2, Max: 3.6, Diff: 3.6, Sum: 9.4]
      [Update RS (ms): Min: 0.0, Avg: 1.2, Max: 2.4, Diff: 2.4, Sum: 9.8]
         [Processed Buffers: Min: 0, Avg: 6.5, Max: 13, Diff: 13, Sum: 52]
      [Scan RS (ms): Min: 0.0, Avg: 0.6, Max: 0.9, Diff: 0.9, Sum: 5.2]
      [Code Root Scanning (ms): Min: 0.0, Avg: 0.0, Max: 0.0, Diff: 0.0, Sum: 0.0]
      [Object Copy (ms): Min: 0.0, Avg: 3.1, Max: 5.7, Diff: 5.7, Sum: 24.6]
      [Termination (ms): Min: 0.0, Avg: 1.7, Max: 2.2, Diff: 2.2, Sum: 13.6]
         [Termination Attempts: Min: 1, Avg: 14.8, Max: 25, Diff: 24, Sum: 118]
      [GC Worker Other (ms): Min: 0.0, Avg: 0.0, Max: 0.0, Diff: 0.0, Sum: 0.0]
      [GC Worker Total (ms): Min: 1.5, Avg: 7.8, Max: 10.6, Diff: 9.0, Sum: 62.6]
      [GC Worker End (ms): Min: 424187404.1, Avg: 424187404.1, Max: 424187404.2, Diff: 0.1]
   [Code Root Fixup: 0.0 ms]
   [Code Root Purge: 0.0 ms]
   [Clear CT: 0.8 ms]
   [Other: 20.4 ms]
      [Choose CSet: 0.0 ms]
      [Ref Proc: 20.0 ms]
      [Ref Enq: 0.1 ms]
      [Redirty Cards: 0.1 ms]
      [Humongous Register: 0.0 ms]
      [Humongous Reclaim: 0.0 ms]
      [Free CSet: 0.1 ms]
   [Eden: 5712.0M(5712.0M)->0.0B(7152.0M) Survivors: 16384.0K->16384.0K Heap: 9197.9M(14336.0M)->3476.9M(14336.0M)]
 [Times: user=0.13 sys=0.00, real=0.03 secs] 
2022-09-27T21:47:35.763-0600: 424288.874: [GC pause (G1 Evacuation Pause) (young), 0.0370935 secs]
   [Parallel Time: 13.0 ms, GC Workers: 8]
      [GC Worker Start (ms): Min: 424288874.3, Avg: 424288880.9, Max: 424288886.3, Diff: 11.9]
      [Ext Root Scanning (ms): Min: 0.0, Avg: 0.8, Max: 4.4, Diff: 4.4, Sum: 6.5]
      [Update RS (ms): Min: 0.0, Avg: 3.4, Max: 8.0, Diff: 8.0, Sum: 27.6]
         [Processed Buffers: Min: 0, Avg: 13.1, Max: 23, Diff: 23, Sum: 105]
      [Scan RS (ms): Min: 0.0, Avg: 0.0, Max: 0.1, Diff: 0.1, Sum: 0.3]
      [Code Root Scanning (ms): Min: 0.0, Avg: 0.0, Max: 0.0, Diff: 0.0, Sum: 0.0]
      [Object Copy (ms): Min: 0.1, Avg: 1.3, Max: 1.9, Diff: 1.8, Sum: 10.7]
      [Termination (ms): Min: 0.0, Avg: 0.6, Max: 0.7, Diff: 0.7, Sum: 4.7]
         [Termination Attempts: Min: 1, Avg: 1.0, Max: 1, Diff: 0, Sum: 8]
      [GC Worker Other (ms): Min: 0.0, Avg: 0.0, Max: 0.0, Diff: 0.0, Sum: 0.1]
      [GC Worker Total (ms): Min: 0.8, Avg: 6.2, Max: 12.7, Diff: 11.9, Sum: 49.9]
      [GC Worker End (ms): Min: 424288887.1, Avg: 424288887.1, Max: 424288887.1, Diff: 0.1]
   [Code Root Fixup: 0.0 ms]
   [Code Root Purge: 0.0 ms]
   [Clear CT: 0.9 ms]
   [Other: 23.2 ms]
      [Choose CSet: 0.0 ms]
      [Ref Proc: 22.7 ms]
      [Ref Enq: 0.1 ms]
      [Redirty Cards: 0.1 ms]
      [Humongous Register: 0.0 ms]
      [Humongous Reclaim: 0.0 ms]
      [Free CSet: 0.1 ms]
   [Eden: 7152.0M(7152.0M)->0.0B(7152.0M) Survivors: 16384.0K->16384.0K Heap: 10628.9M(14336.0M)->3485.5M(14336.0M)]
 [Times: user=0.11 sys=0.00, real=0.04 secs] 
2022-09-27T21:49:17.675-0600: 424390.786: [GC pause (G1 Evacuation Pause) (young) (initial-mark), 0.0841765 secs]
   [Parallel Time: 23.8 ms, GC Workers: 8]
      [GC Worker Start (ms): Min: 424390786.8, Avg: 424390789.3, Max: 424390790.1, Diff: 3.3]
      [Ext Root Scanning (ms): Min: 1.4, Avg: 15.1, Max: 18.3, Diff: 16.9, Sum: 120.8]
      [Update RS (ms): Min: 0.0, Avg: 0.8, Max: 6.1, Diff: 6.1, Sum: 6.1]
         [Processed Buffers: Min: 0, Avg: 5.4, Max: 43, Diff: 43, Sum: 43]
      [Scan RS (ms): Min: 0.0, Avg: 0.0, Max: 0.1, Diff: 0.1, Sum: 0.2]
      [Code Root Scanning (ms): Min: 0.0, Avg: 0.0, Max: 0.0, Diff: 0.0, Sum: 0.0]
      [Object Copy (ms): Min: 0.0, Avg: 1.8, Max: 11.4, Diff: 11.4, Sum: 14.7]
      [Termination (ms): Min: 0.0, Avg: 2.2, Max: 3.8, Diff: 3.8, Sum: 17.5]
         [Termination Attempts: Min: 1, Avg: 13.2, Max: 38, Diff: 37, Sum: 106]
      [GC Worker Other (ms): Min: 0.0, Avg: 0.0, Max: 0.0, Diff: 0.0, Sum: 0.0]
      [GC Worker Total (ms): Min: 19.0, Avg: 19.9, Max: 22.3, Diff: 3.3, Sum: 159.3]
      [GC Worker End (ms): Min: 424390809.1, Avg: 424390809.2, Max: 424390809.3, Diff: 0.2]
   [Code Root Fixup: 0.0 ms]
   [Code Root Purge: 0.0 ms]
   [Clear CT: 0.7 ms]
   [Other: 59.7 ms]
      [Choose CSet: 0.0 ms]
      [Ref Proc: 59.2 ms]
      [Ref Enq: 0.1 ms]
      [Redirty Cards: 0.1 ms]
      [Humongous Register: 0.0 ms]
      [Humongous Reclaim: 0.0 ms]
      [Free CSet: 0.1 ms]
   [Eden: 7152.0M(7152.0M)->0.0B(7152.0M) Survivors: 16384.0K->16384.0K Heap: 10637.5M(14336.0M)->3489.8M(14336.0M)]
 [Times: user=0.16 sys=0.00, real=0.08 secs] 
2022-09-27T21:49:17.759-0600: 424390.870: [GC concurrent-root-region-scan-start]
2022-09-27T21:49:17.767-0600: 424390.878: [GC concurrent-root-region-scan-end, 0.0078262 secs]
2022-09-27T21:49:17.767-0600: 424390.878: [GC concurrent-mark-start]
2022-09-27T21:49:19.088-0600: 424392.199: [GC concurrent-mark-end, 1.3208891 secs]
2022-09-27T21:49:19.088-0600: 424392.199: [GC remark 2022-09-27T21:49:19.088-0600: 424392.199: [Finalize Marking, 0.0014993 secs] 2022-09-27T21:49:19.089-0600: 424392.200: [GC ref-proc, 0.0300765 secs] 2022-09-27T21:49:19.119-0600: 424392.230: [Unloading, 0.0284400 secs], 0.0746856 secs]
 [Times: user=0.23 sys=0.00, real=0.08 secs] 
2022-09-27T21:49:19.163-0600: 424392.274: [GC cleanup 3609M->3609M(14336M), 0.0058417 secs]
 [Times: user=0.03 sys=0.00, real=0.01 secs] 
2022-09-27T21:50:59.531-0600: 424492.642: [GC pause (G1 Evacuation Pause) (young), 0.0227434 secs]
   [Parallel Time: 5.8 ms, GC Workers: 8]
      [GC Worker Start (ms): Min: 424492642.1, Avg: 424492644.0, Max: 424492647.8, Diff: 5.6]
      [Ext Root Scanning (ms): Min: 0.0, Avg: 0.9, Max: 3.2, Diff: 3.2, Sum: 7.2]
      [Update RS (ms): Min: 0.0, Avg: 1.2, Max: 2.0, Diff: 2.0, Sum: 9.7]
         [Processed Buffers: Min: 0, Avg: 6.2, Max: 12, Diff: 12, Sum: 50]
      [Scan RS (ms): Min: 0.0, Avg: 0.0, Max: 0.1, Diff: 0.1, Sum: 0.2]
      [Code Root Scanning (ms): Min: 0.0, Avg: 0.0, Max: 0.0, Diff: 0.0, Sum: 0.0]
      [Object Copy (ms): Min: 0.0, Avg: 1.2, Max: 1.6, Diff: 1.6, Sum: 9.3]
      [Termination (ms): Min: 0.0, Avg: 0.5, Max: 0.6, Diff: 0.6, Sum: 3.7]
         [Termination Attempts: Min: 1, Avg: 1.5, Max: 3, Diff: 2, Sum: 12]
      [GC Worker Other (ms): Min: 0.0, Avg: 0.0, Max: 0.0, Diff: 0.0, Sum: 0.0]
      [GC Worker Total (ms): Min: 0.0, Avg: 3.8, Max: 5.7, Diff: 5.6, Sum: 30.2]
      [GC Worker End (ms): Min: 424492647.8, Avg: 424492647.8, Max: 424492647.8, Diff: 0.0]
   [Code Root Fixup: 0.0 ms]
   [Code Root Purge: 0.0 ms]
   [Clear CT: 0.9 ms]
   [Other: 16.1 ms]
      [Choose CSet: 0.0 ms]
      [Ref Proc: 15.7 ms]
      [Ref Enq: 0.1 ms]
      [Redirty Cards: 0.1 ms]
      [Humongous Register: 0.0 ms]
      [Humongous Reclaim: 0.0 ms]
      [Free CSet: 0.1 ms]
   [Eden: 7152.0M(7152.0M)->0.0B(5712.0M) Survivors: 16384.0K->16384.0K Heap: 10641.8M(14336.0M)->3488.4M(14336.0M)]
 [Times: user=0.09 sys=0.00, real=0.02 secs] 
2022-09-27T21:52:20.362-0600: 424573.473: [GC pause (G1 Evacuation Pause) (mixed), 0.0377322 secs]
   [Parallel Time: 9.7 ms, GC Workers: 8]
      [GC Worker Start (ms): Min: 424573473.3, Avg: 424573475.8, Max: 424573482.9, Diff: 9.5]
      [Ext Root Scanning (ms): Min: 0.0, Avg: 1.1, Max: 3.9, Diff: 3.9, Sum: 9.0]
      [Update RS (ms): Min: 0.0, Avg: 1.0, Max: 1.7, Diff: 1.7, Sum: 8.0]
         [Processed Buffers: Min: 0, Avg: 5.1, Max: 14, Diff: 14, Sum: 41]
      [Scan RS (ms): Min: 0.0, Avg: 0.7, Max: 1.2, Diff: 1.2, Sum: 5.9]
      [Code Root Scanning (ms): Min: 0.0, Avg: 0.0, Max: 0.0, Diff: 0.0, Sum: 0.0]
      [Object Copy (ms): Min: 0.0, Avg: 3.2, Max: 4.3, Diff: 4.3, Sum: 25.4]
      [Termination (ms): Min: 0.0, Avg: 1.0, Max: 1.3, Diff: 1.3, Sum: 8.1]
         [Termination Attempts: Min: 1, Avg: 3.9, Max: 7, Diff: 6, Sum: 31]
      [GC Worker Other (ms): Min: 0.0, Avg: 0.0, Max: 0.0, Diff: 0.0, Sum: 0.0]
      [GC Worker Total (ms): Min: 0.0, Avg: 7.1, Max: 9.6, Diff: 9.6, Sum: 56.4]
      [GC Worker End (ms): Min: 424573482.9, Avg: 424573482.9, Max: 424573483.0, Diff: 0.1]
   [Code Root Fixup: 0.0 ms]
   [Code Root Purge: 0.0 ms]
   [Clear CT: 0.8 ms]
   [Other: 27.2 ms]
      [Choose CSet: 0.0 ms]
      [Ref Proc: 26.7 ms]
      [Ref Enq: 0.1 ms]
      [Redirty Cards: 0.2 ms]
      [Humongous Register: 0.0 ms]
      [Humongous Reclaim: 0.0 ms]
      [Free CSet: 0.1 ms]
   [Eden: 5712.0M(5712.0M)->0.0B(7152.0M) Survivors: 16384.0K->16384.0K Heap: 9200.4M(14336.0M)->3469.6M(14336.0M)]
 [Times: user=0.15 sys=0.00, real=0.03 secs] 
2022-09-27T21:54:00.878-0600: 424673.989: [GC pause (G1 Evacuation Pause) (young), 0.3564389 secs]
   [Parallel Time: 91.4 ms, GC Workers: 8]
      [GC Worker Start (ms): Min: 424673989.3, Avg: 424674057.1, Max: 424674080.5, Diff: 91.3]
      [Ext Root Scanning (ms): Min: 0.0, Avg: 0.8, Max: 3.7, Diff: 3.7, Sum: 6.5]
      [Update RS (ms): Min: 0.0, Avg: 3.2, Max: 12.8, Diff: 12.8, Sum: 25.5]
         [Processed Buffers: Min: 0, Avg: 15.8, Max: 72, Diff: 72, Sum: 126]
      [Scan RS (ms): Min: 0.0, Avg: 0.0, Max: 0.1, Diff: 0.1, Sum: 0.2]
      [Code Root Scanning (ms): Min: 0.0, Avg: 0.0, Max: 0.0, Diff: 0.0, Sum: 0.0]
      [Object Copy (ms): Min: 0.0, Avg: 1.2, Max: 4.7, Diff: 4.7, Sum: 9.3]
      [Termination (ms): Min: 0.0, Avg: 18.3, Max: 70.1, Diff: 70.1, Sum: 146.1]
         [Termination Attempts: Min: 1, Avg: 1.5, Max: 5, Diff: 4, Sum: 12]
      [GC Worker Other (ms): Min: 0.0, Avg: 0.0, Max: 0.0, Diff: 0.0, Sum: 0.0]
      [GC Worker Total (ms): Min: 0.0, Avg: 23.5, Max: 91.3, Diff: 91.3, Sum: 187.7]
      [GC Worker End (ms): Min: 424674080.5, Avg: 424674080.6, Max: 424674080.6, Diff: 0.1]
   [Code Root Fixup: 0.0 ms]
   [Code Root Purge: 0.0 ms]
   [Clear CT: 0.8 ms]
   [Other: 264.2 ms]
      [Choose CSet: 0.0 ms]
      [Ref Proc: 263.6 ms]
      [Ref Enq: 0.2 ms]
      [Redirty Cards: 0.2 ms]
      [Humongous Register: 0.0 ms]
      [Humongous Reclaim: 0.0 ms]
      [Free CSet: 0.2 ms]
   [Eden: 7152.0M(7152.0M)->0.0B(7152.0M) Survivors: 16384.0K->16384.0K Heap: 10621.6M(14336.0M)->3474.5M(14336.0M)]
 [Times: user=0.43 sys=0.00, real=0.36 secs] 
2022-09-27T21:55:44.280-0600: 424777.390: [GC pause (G1 Evacuation Pause) (young) (initial-mark), 0.4773249 secs]
   [Parallel Time: 16.3 ms, GC Workers: 8]
      [GC Worker Start (ms): Min: 424777391.8, Avg: 424777394.3, Max: 424777395.7, Diff: 3.9]
      [Ext Root Scanning (ms): Min: 2.2, Avg: 7.5, Max: 11.3, Diff: 9.0, Sum: 60.0]
      [Update RS (ms): Min: 0.0, Avg: 0.9, Max: 2.6, Diff: 2.6, Sum: 7.4]
         [Processed Buffers: Min: 0, Avg: 4.9, Max: 21, Diff: 21, Sum: 39]
      [Scan RS (ms): Min: 0.0, Avg: 0.0, Max: 0.1, Diff: 0.1, Sum: 0.2]
      [Code Root Scanning (ms): Min: 0.0, Avg: 0.0, Max: 0.0, Diff: 0.0, Sum: 0.0]
      [Object Copy (ms): Min: 0.0, Avg: 1.1, Max: 2.3, Diff: 2.3, Sum: 8.7]
      [Termination (ms): Min: 0.0, Avg: 2.6, Max: 3.9, Diff: 3.9, Sum: 20.6]
         [Termination Attempts: Min: 1, Avg: 2.4, Max: 6, Diff: 5, Sum: 19]
      [GC Worker Other (ms): Min: 0.0, Avg: 0.0, Max: 0.0, Diff: 0.0, Sum: 0.0]
      [GC Worker Total (ms): Min: 10.7, Avg: 12.1, Max: 14.8, Diff: 4.1, Sum: 97.0]
      [GC Worker End (ms): Min: 424777406.4, Avg: 424777406.5, Max: 424777406.5, Diff: 0.2]
   [Code Root Fixup: 0.0 ms]
   [Code Root Purge: 0.0 ms]
   [Clear CT: 0.8 ms]
   [Other: 460.2 ms]
      [Choose CSet: 0.0 ms]
      [Ref Proc: 459.8 ms]
      [Ref Enq: 0.1 ms]
      [Redirty Cards: 0.1 ms]
      [Humongous Register: 0.0 ms]
      [Humongous Reclaim: 0.0 ms]
      [Free CSet: 0.1 ms]
   [Eden: 7152.0M(7152.0M)->0.0B(5712.0M) Survivors: 16384.0K->16384.0K Heap: 10626.5M(14336.0M)->3479.0M(14336.0M)]
 [Times: user=1.00 sys=0.00, real=0.48 secs] 
2022-09-27T21:55:44.757-0600: 424777.868: [GC concurrent-root-region-scan-start]
2022-09-27T21:55:44.764-0600: 424777.875: [GC concurrent-root-region-scan-end, 0.0070877 secs]
2022-09-27T21:55:44.764-0600: 424777.875: [GC concurrent-mark-start]
2022-09-27T21:55:46.071-0600: 424779.182: [GC concurrent-mark-end, 1.3066425 secs]
2022-09-27T21:55:46.071-0600: 424779.182: [GC remark 2022-09-27T21:55:46.071-0600: 424779.182: [Finalize Marking, 0.0052928 secs] 2022-09-27T21:55:46.076-0600: 424779.187: [GC ref-proc, 0.0583846 secs] 2022-09-27T21:55:46.135-0600: 424779.246: [Unloading, 0.0289083 secs], 0.1568172 secs]
 [Times: user=0.36 sys=0.00, real=0.15 secs] 
2022-09-27T21:55:46.228-0600: 424779.339: [GC cleanup 3604M->3604M(14336M), 0.2271279 secs]
 [Times: user=0.02 sys=0.00, real=0.23 secs] 
2022-09-27T21:57:08.429-0600: 424861.540: [GC pause (G1 Evacuation Pause) (young), 0.3778990 secs]
   [Parallel Time: 5.1 ms, GC Workers: 8]
      [GC Worker Start (ms): Min: 424861540.1, Avg: 424861540.6, Max: 424861541.8, Diff: 1.7]
      [Ext Root Scanning (ms): Min: 0.0, Avg: 1.6, Max: 3.5, Diff: 3.5, Sum: 13.2]
      [Update RS (ms): Min: 0.0, Avg: 1.2, Max: 2.0, Diff: 2.0, Sum: 9.9]
         [Processed Buffers: Min: 0, Avg: 5.9, Max: 10, Diff: 10, Sum: 47]
      [Scan RS (ms): Min: 0.0, Avg: 0.0, Max: 0.1, Diff: 0.0, Sum: 0.2]
      [Code Root Scanning (ms): Min: 0.0, Avg: 0.0, Max: 0.0, Diff: 0.0, Sum: 0.0]
      [Object Copy (ms): Min: 1.2, Avg: 1.3, Max: 1.5, Diff: 0.3, Sum: 10.5]
      [Termination (ms): Min: 0.0, Avg: 0.0, Max: 0.0, Diff: 0.0, Sum: 0.0]
         [Termination Attempts: Min: 1, Avg: 6.0, Max: 10, Diff: 9, Sum: 48]
      [GC Worker Other (ms): Min: 0.0, Avg: 0.0, Max: 0.0, Diff: 0.0, Sum: 0.1]
      [GC Worker Total (ms): Min: 3.1, Avg: 4.3, Max: 4.8, Diff: 1.7, Sum: 34.0]
      [GC Worker End (ms): Min: 424861544.9, Avg: 424861544.9, Max: 424861544.9, Diff: 0.0]
   [Code Root Fixup: 0.0 ms]
   [Code Root Purge: 0.0 ms]
   [Clear CT: 0.8 ms]
   [Other: 372.0 ms]
      [Choose CSet: 0.0 ms]
      [Ref Proc: 371.4 ms]
      [Ref Enq: 0.1 ms]
      [Redirty Cards: 0.2 ms]
      [Humongous Register: 0.0 ms]
      [Humongous Reclaim: 0.0 ms]
      [Free CSet: 0.1 ms]
   [Eden: 5712.0M(5712.0M)->0.0B(5712.0M) Survivors: 16384.0K->16384.0K Heap: 9191.0M(14336.0M)->3478.9M(14336.0M)]
 [Times: user=0.36 sys=0.00, real=0.37 secs] 
2022-09-27T21:58:29.831-0600: 424942.942: [GC pause (G1 Evacuation Pause) (mixed), 0.0330358 secs]
   [Parallel Time: 9.3 ms, GC Workers: 8]
      [GC Worker Start (ms): Min: 424942942.0, Avg: 424942944.5, Max: 424942950.9, Diff: 8.9]
      [Ext Root Scanning (ms): Min: 0.0, Avg: 1.2, Max: 4.0, Diff: 4.0, Sum: 9.3]
      [Update RS (ms): Min: 0.0, Avg: 1.2, Max: 2.0, Diff: 2.0, Sum: 9.2]
         [Processed Buffers: Min: 0, Avg: 5.4, Max: 19, Diff: 19, Sum: 43]
      [Scan RS (ms): Min: 0.0, Avg: 0.4, Max: 0.7, Diff: 0.7, Sum: 3.5]
      [Code Root Scanning (ms): Min: 0.0, Avg: 0.0, Max: 0.0, Diff: 0.0, Sum: 0.0]
      [Object Copy (ms): Min: 0.0, Avg: 2.9, Max: 4.0, Diff: 4.0, Sum: 23.1]
      [Termination (ms): Min: 0.0, Avg: 0.9, Max: 1.3, Diff: 1.3, Sum: 7.3]
         [Termination Attempts: Min: 1, Avg: 4.5, Max: 10, Diff: 9, Sum: 36]
      [GC Worker Other (ms): Min: 0.0, Avg: 0.0, Max: 0.0, Diff: 0.0, Sum: 0.1]
      [GC Worker Total (ms): Min: 0.0, Avg: 6.6, Max: 9.2, Diff: 9.2, Sum: 52.5]
      [GC Worker End (ms): Min: 424942951.0, Avg: 424942951.1, Max: 424942951.3, Diff: 0.3]
   [Code Root Fixup: 0.0 ms]
   [Code Root Purge: 0.0 ms]
   [Clear CT: 0.8 ms]
   [Other: 22.9 ms]
      [Choose CSet: 0.0 ms]
      [Ref Proc: 22.5 ms]
      [Ref Enq: 0.1 ms]
      [Redirty Cards: 0.1 ms]
      [Humongous Register: 0.0 ms]
      [Humongous Reclaim: 0.0 ms]
      [Free CSet: 0.1 ms]
   [Eden: 5712.0M(5712.0M)->0.0B(5712.0M) Survivors: 16384.0K->16384.0K Heap: 9190.9M(14336.0M)->3475.8M(14336.0M)]
 [Times: user=0.11 sys=0.00, real=0.03 secs] 
2022-09-27T21:59:52.830-0600: 425025.940: [GC pause (G1 Evacuation Pause) (young), 0.0363259 secs]
   [Parallel Time: 11.5 ms, GC Workers: 8]
      [GC Worker Start (ms): Min: 425025940.5, Avg: 425025946.6, Max: 425025951.8, Diff: 11.2]
      [Ext Root Scanning (ms): Min: 0.0, Avg: 0.7, Max: 3.2, Diff: 3.2, Sum: 6.0]
      [Update RS (ms): Min: 0.0, Avg: 1.9, Max: 4.6, Diff: 4.6, Sum: 15.1]
         [Processed Buffers: Min: 0, Avg: 12.1, Max: 28, Diff: 28, Sum: 97]
      [Scan RS (ms): Min: 0.0, Avg: 0.0, Max: 0.1, Diff: 0.1, Sum: 0.2]
      [Code Root Scanning (ms): Min: 0.0, Avg: 0.0, Max: 0.0, Diff: 0.0, Sum: 0.0]
      [Object Copy (ms): Min: 0.0, Avg: 1.1, Max: 2.0, Diff: 2.0, Sum: 9.2]
      [Termination (ms): Min: 0.0, Avg: 1.4, Max: 1.9, Diff: 1.9, Sum: 10.9]
         [Termination Attempts: Min: 1, Avg: 1.6, Max: 4, Diff: 3, Sum: 13]
      [GC Worker Other (ms): Min: 0.0, Avg: 0.0, Max: 0.0, Diff: 0.0, Sum: 0.0]
      [GC Worker Total (ms): Min: 0.0, Avg: 5.2, Max: 11.3, Diff: 11.3, Sum: 41.4]
      [GC Worker End (ms): Min: 425025951.8, Avg: 425025951.8, Max: 425025951.9, Diff: 0.2]
   [Code Root Fixup: 0.0 ms]
   [Code Root Purge: 0.0 ms]
   [Clear CT: 0.7 ms]
   [Other: 24.1 ms]
      [Choose CSet: 0.0 ms]
      [Ref Proc: 23.7 ms]
      [Ref Enq: 0.1 ms]
      [Redirty Cards: 0.1 ms]
      [Humongous Register: 0.0 ms]
      [Humongous Reclaim: 0.0 ms]
      [Free CSet: 0.1 ms]
   [Eden: 5712.0M(5712.0M)->0.0B(5712.0M) Survivors: 16384.0K->16384.0K Heap: 9187.8M(14336.0M)->3483.2M(14336.0M)]
 [Times: user=0.12 sys=0.00, real=0.03 secs] 
2022-09-27T22:01:15.927-0600: 425109.038: [GC pause (G1 Evacuation Pause) (young) (initial-mark), 0.0506181 secs]
   [Parallel Time: 18.0 ms, GC Workers: 8]
      [GC Worker Start (ms): Min: 425109039.4, Avg: 425109040.6, Max: 425109041.7, Diff: 2.4]
      [Ext Root Scanning (ms): Min: 1.6, Avg: 5.1, Max: 7.7, Diff: 6.2, Sum: 40.8]
      [Update RS (ms): Min: 0.0, Avg: 1.2, Max: 2.8, Diff: 2.8, Sum: 10.0]
         [Processed Buffers: Min: 0, Avg: 6.0, Max: 15, Diff: 15, Sum: 48]
      [Scan RS (ms): Min: 0.0, Avg: 0.0, Max: 0.0, Diff: 0.0, Sum: 0.2]
      [Code Root Scanning (ms): Min: 0.0, Avg: 0.0, Max: 0.0, Diff: 0.0, Sum: 0.0]
      [Object Copy (ms): Min: 0.0, Avg: 2.4, Max: 9.6, Diff: 9.6, Sum: 19.5]
      [Termination (ms): Min: 0.0, Avg: 6.4, Max: 7.6, Diff: 7.6, Sum: 51.1]
         [Termination Attempts: Min: 1, Avg: 16.0, Max: 27, Diff: 26, Sum: 128]
      [GC Worker Other (ms): Min: 0.0, Avg: 0.0, Max: 0.0, Diff: 0.0, Sum: 0.0]
      [GC Worker Total (ms): Min: 14.0, Avg: 15.2, Max: 16.6, Diff: 2.6, Sum: 121.5]
      [GC Worker End (ms): Min: 425109055.7, Avg: 425109055.8, Max: 425109056.0, Diff: 0.2]
   [Code Root Fixup: 0.0 ms]
   [Code Root Purge: 0.0 ms]
   [Clear CT: 0.8 ms]
   [Other: 31.8 ms]
      [Choose CSet: 0.0 ms]
      [Ref Proc: 31.5 ms]
      [Ref Enq: 0.1 ms]
      [Redirty Cards: 0.0 ms]
      [Humongous Register: 0.0 ms]
      [Humongous Reclaim: 0.0 ms]
      [Free CSet: 0.1 ms]
   [Eden: 5712.0M(5712.0M)->0.0B(7152.0M) Survivors: 16384.0K->16384.0K Heap: 9195.2M(14336.0M)->3485.0M(14336.0M)]
 [Times: user=0.18 sys=0.00, real=0.05 secs] 
2022-09-27T22:01:15.978-0600: 425109.089: [GC concurrent-root-region-scan-start]
2022-09-27T22:01:15.984-0600: 425109.095: [GC concurrent-root-region-scan-end, 0.0058889 secs]
2022-09-27T22:01:15.984-0600: 425109.095: [GC concurrent-mark-start]
2022-09-27T22:01:17.276-0600: 425110.386: [GC concurrent-mark-end, 1.2917682 secs]
2022-09-27T22:01:17.276-0600: 425110.387: [GC remark 2022-09-27T22:01:17.276-0600: 425110.387: [Finalize Marking, 0.0034478 secs] 2022-09-27T22:01:17.279-0600: 425110.390: [GC ref-proc, 0.0254978 secs] 2022-09-27T22:01:17.305-0600: 425110.416: [Unloading, 0.0266534 secs], 0.0606447 secs]
 [Times: user=0.24 sys=0.00, real=0.06 secs] 
2022-09-27T22:01:17.337-0600: 425110.447: [GC cleanup 3622M->3622M(14336M), 0.0087447 secs]
 [Times: user=0.03 sys=0.00, real=0.01 secs] 
2022-09-27T22:02:57.582-0600: 425210.693: [GC pause (G1 Evacuation Pause) (young), 0.0237586 secs]
   [Parallel Time: 6.0 ms, GC Workers: 8]
      [GC Worker Start (ms): Min: 425210693.3, Avg: 425210694.5, Max: 425210699.2, Diff: 5.9]
      [Ext Root Scanning (ms): Min: 0.0, Avg: 1.8, Max: 5.8, Diff: 5.8, Sum: 14.3]
      [Update RS (ms): Min: 0.0, Avg: 1.1, Max: 2.3, Diff: 2.3, Sum: 8.5]
         [Processed Buffers: Min: 0, Avg: 5.5, Max: 15, Diff: 15, Sum: 44]
      [Scan RS (ms): Min: 0.0, Avg: 0.0, Max: 0.1, Diff: 0.1, Sum: 0.2]
      [Code Root Scanning (ms): Min: 0.0, Avg: 0.0, Max: 0.0, Diff: 0.0, Sum: 0.0]
      [Object Copy (ms): Min: 0.0, Avg: 1.4, Max: 2.0, Diff: 2.0, Sum: 11.0]
      [Termination (ms): Min: 0.0, Avg: 0.4, Max: 0.6, Diff: 0.6, Sum: 3.5]
         [Termination Attempts: Min: 1, Avg: 1.9, Max: 4, Diff: 3, Sum: 15]
      [GC Worker Other (ms): Min: 0.0, Avg: 0.0, Max: 0.0, Diff: 0.0, Sum: 0.0]
      [GC Worker Total (ms): Min: 0.0, Avg: 4.7, Max: 5.9, Diff: 5.9, Sum: 37.6]
      [GC Worker End (ms): Min: 425210699.2, Avg: 425210699.2, Max: 425210699.2, Diff: 0.0]
   [Code Root Fixup: 0.0 ms]
   [Code Root Purge: 0.0 ms]
   [Clear CT: 0.5 ms]
   [Other: 17.3 ms]
      [Choose CSet: 0.0 ms]
      [Ref Proc: 16.8 ms]
      [Ref Enq: 0.1 ms]
      [Redirty Cards: 0.1 ms]
      [Humongous Register: 0.0 ms]
      [Humongous Reclaim: 0.0 ms]
      [Free CSet: 0.1 ms]
   [Eden: 7152.0M(7152.0M)->0.0B(5712.0M) Survivors: 16384.0K->16384.0K Heap: 10637.0M(14336.0M)->3485.8M(14336.0M)]
 [Times: user=0.09 sys=0.00, real=0.02 secs] 
2022-09-27T22:04:17.545-0600: 425290.656: [GC pause (G1 Evacuation Pause) (mixed), 0.0457371 secs]
   [Parallel Time: 23.5 ms, GC Workers: 8]
      [GC Worker Start (ms): Min: 425290655.8, Avg: 425290669.1, Max: 425290679.2, Diff: 23.3]
      [Ext Root Scanning (ms): Min: 0.0, Avg: 0.9, Max: 3.4, Diff: 3.4, Sum: 7.2]
      [Update RS (ms): Min: 0.0, Avg: 1.1, Max: 3.2, Diff: 3.2, Sum: 8.4]
         [Processed Buffers: Min: 0, Avg: 5.4, Max: 21, Diff: 21, Sum: 43]
      [Scan RS (ms): Min: 0.0, Avg: 0.3, Max: 1.0, Diff: 1.0, Sum: 2.8]
      [Code Root Scanning (ms): Min: 0.0, Avg: 0.0, Max: 0.0, Diff: 0.0, Sum: 0.0]
      [Object Copy (ms): Min: 0.0, Avg: 2.9, Max: 8.9, Diff: 8.9, Sum: 22.9]
      [Termination (ms): Min: 0.0, Avg: 5.0, Max: 10.3, Diff: 10.3, Sum: 40.0]
         [Termination Attempts: Min: 1, Avg: 9.9, Max: 43, Diff: 42, Sum: 79]
      [GC Worker Other (ms): Min: 0.0, Avg: 0.0, Max: 0.0, Diff: 0.0, Sum: 0.1]
      [GC Worker Total (ms): Min: 0.0, Avg: 10.2, Max: 23.5, Diff: 23.4, Sum: 81.4]
      [GC Worker End (ms): Min: 425290679.2, Avg: 425290679.2, Max: 425290679.3, Diff: 0.1]
   [Code Root Fixup: 0.0 ms]
   [Code Root Purge: 0.0 ms]
   [Clear CT: 0.7 ms]
   [Other: 21.6 ms]
      [Choose CSet: 0.0 ms]
      [Ref Proc: 21.2 ms]
      [Ref Enq: 0.1 ms]
      [Redirty Cards: 0.1 ms]
      [Humongous Register: 0.0 ms]
      [Humongous Reclaim: 0.0 ms]
      [Free CSet: 0.1 ms]
   [Eden: 5712.0M(5712.0M)->0.0B(7152.0M) Survivors: 16384.0K->16384.0K Heap: 9197.8M(14336.0M)->3481.7M(14336.0M)]
 [Times: user=0.13 sys=0.00, real=0.05 secs] 
2022-09-27T22:05:58.681-0600: 425391.792: [GC pause (G1 Evacuation Pause) (young), 0.0381896 secs]
   [Parallel Time: 9.1 ms, GC Workers: 8]
      [GC Worker Start (ms): Min: 425391791.6, Avg: 425391794.7, Max: 425391800.5, Diff: 8.9]
      [Ext Root Scanning (ms): Min: 0.0, Avg: 0.8, Max: 3.0, Diff: 3.0, Sum: 6.5]
      [Update RS (ms): Min: 0.0, Avg: 2.8, Max: 4.9, Diff: 4.9, Sum: 22.3]
         [Processed Buffers: Min: 0, Avg: 11.6, Max: 22, Diff: 22, Sum: 93]
      [Scan RS (ms): Min: 0.0, Avg: 0.0, Max: 0.1, Diff: 0.1, Sum: 0.2]
      [Code Root Scanning (ms): Min: 0.0, Avg: 0.0, Max: 0.0, Diff: 0.0, Sum: 0.0]
      [Object Copy (ms): Min: 0.0, Avg: 1.2, Max: 1.9, Diff: 1.9, Sum: 9.2]
      [Termination (ms): Min: 0.0, Avg: 1.1, Max: 1.5, Diff: 1.5, Sum: 8.5]
         [Termination Attempts: Min: 1, Avg: 34.0, Max: 80, Diff: 79, Sum: 272]
      [GC Worker Other (ms): Min: 0.0, Avg: 0.0, Max: 0.0, Diff: 0.0, Sum: 0.0]
      [GC Worker Total (ms): Min: 0.0, Avg: 5.9, Max: 8.9, Diff: 8.9, Sum: 46.9]
      [GC Worker End (ms): Min: 425391800.5, Avg: 425391800.5, Max: 425391800.5, Diff: 0.0]
   [Code Root Fixup: 0.0 ms]
   [Code Root Purge: 0.0 ms]
   [Clear CT: 0.8 ms]
   [Other: 28.4 ms]
      [Choose CSet: 0.0 ms]
      [Ref Proc: 27.9 ms]
      [Ref Enq: 0.2 ms]
      [Redirty Cards: 0.1 ms]
      [Humongous Register: 0.0 ms]
      [Humongous Reclaim: 0.0 ms]
      [Free CSet: 0.1 ms]
   [Eden: 7152.0M(7152.0M)->0.0B(7152.0M) Survivors: 16384.0K->16384.0K Heap: 10633.7M(14336.0M)->3486.3M(14336.0M)]
 [Times: user=0.15 sys=0.00, real=0.03 secs] 
2022-09-27T22:07:38.528-0600: 425491.639: [GC pause (G1 Evacuation Pause) (young) (initial-mark), 0.5287176 secs]
   [Parallel Time: 329.8 ms, GC Workers: 8]
      [GC Worker Start (ms): Min: 425491856.4, Avg: 425491856.8, Max: 425491858.1, Diff: 1.7]
      [Ext Root Scanning (ms): Min: 3.9, Avg: 8.2, Max: 13.1, Diff: 9.3, Sum: 65.3]
      [Update RS (ms): Min: 0.0, Avg: 1.2, Max: 3.3, Diff: 3.3, Sum: 9.9]
         [Processed Buffers: Min: 0, Avg: 5.9, Max: 25, Diff: 25, Sum: 47]
      [Scan RS (ms): Min: 0.0, Avg: 0.0, Max: 0.1, Diff: 0.1, Sum: 0.3]
      [Code Root Scanning (ms): Min: 0.0, Avg: 0.0, Max: 0.0, Diff: 0.0, Sum: 0.0]
      [Object Copy (ms): Min: 0.0, Avg: 14.5, Max: 103.0, Diff: 103.0, Sum: 115.7]
      [Termination (ms): Min: 0.0, Avg: 87.8, Max: 101.3, Diff: 101.3, Sum: 702.2]
         [Termination Attempts: Min: 1, Avg: 8.5, Max: 20, Diff: 19, Sum: 68]
      [GC Worker Other (ms): Min: 0.0, Avg: 0.0, Max: 0.0, Diff: 0.0, Sum: 0.1]
      [GC Worker Total (ms): Min: 110.4, Avg: 111.7, Max: 112.2, Diff: 1.8, Sum: 893.4]
      [GC Worker End (ms): Min: 425491968.4, Avg: 425491968.5, Max: 425491968.6, Diff: 0.2]
   [Code Root Fixup: 0.0 ms]
   [Code Root Purge: 0.0 ms]
   [Clear CT: 1.0 ms]
   [Other: 197.9 ms]
      [Choose CSet: 0.0 ms]
      [Ref Proc: 197.5 ms]
      [Ref Enq: 0.1 ms]
      [Redirty Cards: 0.1 ms]
      [Humongous Register: 0.0 ms]
      [Humongous Reclaim: 0.0 ms]
      [Free CSet: 0.1 ms]
   [Eden: 7152.0M(7152.0M)->0.0B(5712.0M) Survivors: 16384.0K->16384.0K Heap: 10638.3M(14336.0M)->3488.8M(14336.0M)]
 [Times: user=1.15 sys=0.00, real=0.52 secs] 
2022-09-27T22:07:39.057-0600: 425492.168: [GC concurrent-root-region-scan-start]
2022-09-27T22:07:39.066-0600: 425492.176: [GC concurrent-root-region-scan-end, 0.0084787 secs]
2022-09-27T22:07:39.066-0600: 425492.176: [GC concurrent-mark-start]
2022-09-27T22:07:40.394-0600: 425493.504: [GC concurrent-mark-end, 1.3280303 secs]
2022-09-27T22:07:40.394-0600: 425493.505: [GC remark 2022-09-27T22:07:40.394-0600: 425493.505: [Finalize Marking, 0.0033020 secs] 2022-09-27T22:07:40.397-0600: 425493.508: [GC ref-proc, 0.0288767 secs] 2022-09-27T22:07:40.426-0600: 425493.537: [Unloading, 0.0408240 secs], 0.0785283 secs]
 [Times: user=0.27 sys=0.00, real=0.08 secs] 
2022-09-27T22:07:40.472-0600: 425493.583: [GC cleanup 3658M->3658M(14336M), 0.0081004 secs]
 [Times: user=0.03 sys=0.00, real=0.01 secs] 
2022-09-27T22:08:59.383-0600: 425572.494: [GC pause (G1 Evacuation Pause) (young), 0.1264373 secs]
   [Parallel Time: 6.4 ms, GC Workers: 8]
      [GC Worker Start (ms): Min: 425572494.3, Avg: 425572496.6, Max: 425572500.6, Diff: 6.3]
      [Ext Root Scanning (ms): Min: 0.0, Avg: 0.9, Max: 3.3, Diff: 3.3, Sum: 7.3]
      [Update RS (ms): Min: 0.0, Avg: 1.1, Max: 2.2, Diff: 2.2, Sum: 8.6]
         [Processed Buffers: Min: 0, Avg: 5.5, Max: 18, Diff: 18, Sum: 44]
      [Scan RS (ms): Min: 0.0, Avg: 0.0, Max: 0.1, Diff: 0.0, Sum: 0.2]
      [Code Root Scanning (ms): Min: 0.0, Avg: 0.0, Max: 0.0, Diff: 0.0, Sum: 0.0]
      [Object Copy (ms): Min: 0.0, Avg: 1.6, Max: 2.8, Diff: 2.8, Sum: 12.5]
      [Termination (ms): Min: 0.0, Avg: 0.5, Max: 0.6, Diff: 0.6, Sum: 3.7]
         [Termination Attempts: Min: 1, Avg: 1.0, Max: 1, Diff: 0, Sum: 8]
      [GC Worker Other (ms): Min: 0.0, Avg: 0.0, Max: 0.0, Diff: 0.0, Sum: 0.0]
      [GC Worker Total (ms): Min: 0.0, Avg: 4.0, Max: 6.3, Diff: 6.3, Sum: 32.3]
      [GC Worker End (ms): Min: 425572500.6, Avg: 425572500.6, Max: 425572500.6, Diff: 0.0]
   [Code Root Fixup: 0.0 ms]
   [Code Root Purge: 0.0 ms]
   [Clear CT: 1.5 ms]
   [Other: 118.5 ms]
      [Choose CSet: 0.0 ms]
      [Ref Proc: 118.0 ms]
      [Ref Enq: 0.1 ms]
      [Redirty Cards: 0.1 ms]
      [Humongous Register: 0.0 ms]
      [Humongous Reclaim: 0.0 ms]
      [Free CSet: 0.1 ms]
   [Eden: 5712.0M(5712.0M)->0.0B(5712.0M) Survivors: 16384.0K->16384.0K Heap: 9200.8M(14336.0M)->3493.4M(14336.0M)]
 [Times: user=0.16 sys=0.00, real=0.13 secs] 
2022-09-27T22:10:20.832-0600: 425653.943: [GC pause (G1 Evacuation Pause) (mixed), 0.1575157 secs]
   [Parallel Time: 107.3 ms, GC Workers: 8]
      [GC Worker Start (ms): Min: 425653942.8, Avg: 425653995.1, Max: 425654049.8, Diff: 107.0]
      [Ext Root Scanning (ms): Min: 0.0, Avg: 0.9, Max: 3.5, Diff: 3.5, Sum: 7.6]
      [Update RS (ms): Min: 0.0, Avg: 1.4, Max: 3.4, Diff: 3.4, Sum: 11.5]
         [Processed Buffers: Min: 0, Avg: 7.4, Max: 19, Diff: 19, Sum: 59]
      [Scan RS (ms): Min: 0.0, Avg: 0.5, Max: 1.1, Diff: 1.0, Sum: 4.0]
      [Code Root Scanning (ms): Min: 0.0, Avg: 0.0, Max: 0.0, Diff: 0.0, Sum: 0.0]
      [Object Copy (ms): Min: 0.0, Avg: 2.5, Max: 5.1, Diff: 5.1, Sum: 20.0]
      [Termination (ms): Min: 0.0, Avg: 49.4, Max: 96.3, Diff: 96.3, Sum: 395.0]
         [Termination Attempts: Min: 1, Avg: 3.6, Max: 9, Diff: 8, Sum: 29]
      [GC Worker Other (ms): Min: 0.0, Avg: 0.0, Max: 0.0, Diff: 0.0, Sum: 0.0]
      [GC Worker Total (ms): Min: 0.0, Avg: 54.8, Max: 107.1, Diff: 107.1, Sum: 438.2]
      [GC Worker End (ms): Min: 425654049.8, Avg: 425654049.9, Max: 425654049.9, Diff: 0.1]
   [Code Root Fixup: 0.0 ms]
   [Code Root Purge: 0.0 ms]
   [Clear CT: 0.7 ms]
   [Other: 49.5 ms]
      [Choose CSet: 0.0 ms]
      [Ref Proc: 49.0 ms]
      [Ref Enq: 0.2 ms]
      [Redirty Cards: 0.1 ms]
      [Humongous Register: 0.0 ms]
      [Humongous Reclaim: 0.0 ms]
      [Free CSet: 0.1 ms]
   [Eden: 5712.0M(5712.0M)->0.0B(5712.0M) Survivors: 16384.0K->16384.0K Heap: 9205.4M(14336.0M)->3471.9M(14336.0M)]
 [Times: user=0.59 sys=0.00, real=0.16 secs] 
2022-09-27T22:11:42.130-0600: 425735.241: [GC pause (G1 Evacuation Pause) (young), 0.4089240 secs]
   [Parallel Time: 371.9 ms, GC Workers: 8]
      [GC Worker Start (ms): Min: 425735360.2, Avg: 425735579.9, Max: 425735612.8, Diff: 252.7]
      [Ext Root Scanning (ms): Min: 0.0, Avg: 0.8, Max: 6.4, Diff: 6.4, Sum: 6.4]
      [Update RS (ms): Min: 0.0, Avg: 2.1, Max: 16.7, Diff: 16.7, Sum: 16.7]
         [Processed Buffers: Min: 0, Avg: 12.0, Max: 96, Diff: 96, Sum: 96]
      [Scan RS (ms): Min: 0.0, Avg: 0.0, Max: 0.1, Diff: 0.1, Sum: 0.1]
      [Code Root Scanning (ms): Min: 0.0, Avg: 0.0, Max: 0.0, Diff: 0.0, Sum: 0.0]
      [Object Copy (ms): Min: 0.0, Avg: 0.8, Max: 6.4, Diff: 6.4, Sum: 6.5]
      [Termination (ms): Min: 0.0, Avg: 29.3, Max: 223.0, Diff: 223.0, Sum: 234.1]
         [Termination Attempts: Min: 1, Avg: 1.0, Max: 1, Diff: 0, Sum: 8]
      [GC Worker Other (ms): Min: 0.0, Avg: 0.0, Max: 0.0, Diff: 0.0, Sum: 0.0]
      [GC Worker Total (ms): Min: 0.0, Avg: 33.0, Max: 252.7, Diff: 252.7, Sum: 263.9]
      [GC Worker End (ms): Min: 425735612.8, Avg: 425735612.9, Max: 425735612.9, Diff: 0.1]
   [Code Root Fixup: 0.0 ms]
   [Code Root Purge: 0.0 ms]
   [Clear CT: 0.6 ms]
   [Other: 36.5 ms]
      [Choose CSet: 0.0 ms]
      [Ref Proc: 36.1 ms]
      [Ref Enq: 0.1 ms]
      [Redirty Cards: 0.1 ms]
      [Humongous Register: 0.0 ms]
      [Humongous Reclaim: 0.0 ms]
      [Free CSet: 0.1 ms]
   [Eden: 5712.0M(5712.0M)->0.0B(5712.0M) Survivors: 16384.0K->16384.0K Heap: 9183.9M(14336.0M)->3473.1M(14336.0M)]
 [Times: user=0.40 sys=0.00, real=0.40 secs] 
2022-09-27T22:13:00.884-0600: 425813.995: [GC pause (G1 Evacuation Pause) (young) (initial-mark), 0.1329459 secs]
   [Parallel Time: 16.0 ms, GC Workers: 8]
      [GC Worker Start (ms): Min: 425813996.5, Avg: 425813999.8, Max: 425814000.7, Diff: 4.2]
      [Ext Root Scanning (ms): Min: 2.3, Avg: 5.9, Max: 10.4, Diff: 8.1, Sum: 47.5]
      [Update RS (ms): Min: 0.0, Avg: 1.2, Max: 2.2, Diff: 2.2, Sum: 9.6]
         [Processed Buffers: Min: 0, Avg: 5.6, Max: 14, Diff: 14, Sum: 45]
      [Scan RS (ms): Min: 0.0, Avg: 0.0, Max: 0.1, Diff: 0.1, Sum: 0.2]
      [Code Root Scanning (ms): Min: 0.0, Avg: 0.0, Max: 0.0, Diff: 0.0, Sum: 0.0]
      [Object Copy (ms): Min: 0.0, Avg: 1.3, Max: 2.1, Diff: 2.1, Sum: 10.0]
      [Termination (ms): Min: 0.0, Avg: 3.0, Max: 4.1, Diff: 4.1, Sum: 23.7]
         [Termination Attempts: Min: 1, Avg: 1.9, Max: 4, Diff: 3, Sum: 15]
      [GC Worker Other (ms): Min: 0.0, Avg: 0.0, Max: 0.0, Diff: 0.0, Sum: 0.0]
      [GC Worker Total (ms): Min: 10.4, Avg: 11.4, Max: 14.6, Diff: 4.2, Sum: 91.1]
      [GC Worker End (ms): Min: 425814011.2, Avg: 425814011.2, Max: 425814011.2, Diff: 0.0]
   [Code Root Fixup: 0.0 ms]
   [Code Root Purge: 0.0 ms]
   [Clear CT: 0.7 ms]
   [Other: 116.2 ms]
      [Choose CSet: 0.0 ms]
      [Ref Proc: 115.8 ms]
      [Ref Enq: 0.1 ms]
      [Redirty Cards: 0.1 ms]
      [Humongous Register: 0.0 ms]
      [Humongous Reclaim: 0.0 ms]
      [Free CSet: 0.1 ms]
   [Eden: 5712.0M(5712.0M)->0.0B(5712.0M) Survivors: 16384.0K->16384.0K Heap: 9185.1M(14336.0M)->3478.2M(14336.0M)]
 [Times: user=0.34 sys=0.00, real=0.13 secs] 
2022-09-27T22:13:01.017-0600: 425814.128: [GC concurrent-root-region-scan-start]
2022-09-27T22:13:01.025-0600: 425814.136: [GC concurrent-root-region-scan-end, 0.0073888 secs]
2022-09-27T22:13:01.025-0600: 425814.136: [GC concurrent-mark-start]
2022-09-27T22:13:02.355-0600: 425815.466: [GC concurrent-mark-end, 1.3298737 secs]
2022-09-27T22:13:02.355-0600: 425815.466: [GC remark 2022-09-27T22:13:02.355-0600: 425815.466: [Finalize Marking, 0.0027894 secs] 2022-09-27T22:13:02.358-0600: 425815.469: [GC ref-proc, 0.1057518 secs] 2022-09-27T22:13:02.463-0600: 425815.574: [Unloading, 0.0398639 secs], 0.1538332 secs]
 [Times: user=0.56 sys=0.00, real=0.16 secs] 
2022-09-27T22:13:02.509-0600: 425815.620: [GC cleanup 3614M->3614M(14336M), 0.0098870 secs]
 [Times: user=0.02 sys=0.00, real=0.00 secs] 
2022-09-27T22:14:22.435-0600: 425895.546: [GC pause (G1 Evacuation Pause) (young), 0.2458779 secs]
   [Parallel Time: 65.8 ms, GC Workers: 8]
      [GC Worker Start (ms): Min: 425895545.7, Avg: 425895586.4, Max: 425895611.2, Diff: 65.5]
      [Ext Root Scanning (ms): Min: 0.0, Avg: 0.8, Max: 2.8, Diff: 2.8, Sum: 6.1]
      [Update RS (ms): Min: 0.0, Avg: 0.8, Max: 2.4, Diff: 2.4, Sum: 6.3]
         [Processed Buffers: Min: 0, Avg: 5.1, Max: 21, Diff: 21, Sum: 41]
      [Scan RS (ms): Min: 0.0, Avg: 0.0, Max: 0.1, Diff: 0.1, Sum: 0.2]
      [Code Root Scanning (ms): Min: 0.0, Avg: 0.0, Max: 0.0, Diff: 0.0, Sum: 0.0]
      [Object Copy (ms): Min: 0.0, Avg: 1.0, Max: 2.7, Diff: 2.7, Sum: 7.7]
      [Termination (ms): Min: 0.0, Avg: 22.3, Max: 58.7, Diff: 58.7, Sum: 178.6]
         [Termination Attempts: Min: 1, Avg: 1.8, Max: 4, Diff: 3, Sum: 14]
      [GC Worker Other (ms): Min: 0.0, Avg: 0.0, Max: 0.0, Diff: 0.0, Sum: 0.0]
      [GC Worker Total (ms): Min: 0.0, Avg: 24.9, Max: 65.6, Diff: 65.6, Sum: 198.9]
      [GC Worker End (ms): Min: 425895611.2, Avg: 425895611.2, Max: 425895611.3, Diff: 0.1]
   [Code Root Fixup: 0.0 ms]
   [Code Root Purge: 0.0 ms]
   [Clear CT: 0.8 ms]
   [Other: 179.3 ms]
      [Choose CSet: 0.0 ms]
      [Ref Proc: 178.9 ms]
      [Ref Enq: 0.1 ms]
      [Redirty Cards: 0.1 ms]
      [Humongous Register: 0.0 ms]
      [Humongous Reclaim: 0.0 ms]
      [Free CSet: 0.1 ms]
   [Eden: 5712.0M(5712.0M)->0.0B(5712.0M) Survivors: 16384.0K->16384.0K Heap: 9190.2M(14336.0M)->3478.3M(14336.0M)]
 [Times: user=0.76 sys=0.00, real=0.25 secs] 
2022-09-27T22:15:45.579-0600: 425978.690: [GC pause (G1 Evacuation Pause) (mixed), 0.0412817 secs]
   [Parallel Time: 9.5 ms, GC Workers: 8]
      [GC Worker Start (ms): Min: 425978689.8, Avg: 425978693.7, Max: 425978699.2, Diff: 9.4]
      [Ext Root Scanning (ms): Min: 0.0, Avg: 0.9, Max: 3.4, Diff: 3.4, Sum: 7.4]
      [Update RS (ms): Min: 0.0, Avg: 1.2, Max: 2.4, Diff: 2.4, Sum: 9.6]
         [Processed Buffers: Min: 0, Avg: 6.0, Max: 17, Diff: 17, Sum: 48]
      [Scan RS (ms): Min: 0.0, Avg: 0.7, Max: 1.2, Diff: 1.2, Sum: 5.5]
      [Code Root Scanning (ms): Min: 0.0, Avg: 0.0, Max: 0.0, Diff: 0.0, Sum: 0.0]
      [Object Copy (ms): Min: 0.0, Avg: 2.6, Max: 4.3, Diff: 4.3, Sum: 20.8]
      [Termination (ms): Min: 0.0, Avg: 0.1, Max: 0.1, Diff: 0.1, Sum: 0.6]
         [Termination Attempts: Min: 1, Avg: 13.0, Max: 26, Diff: 25, Sum: 104]
      [GC Worker Other (ms): Min: 0.0, Avg: 0.0, Max: 0.0, Diff: 0.0, Sum: 0.0]
      [GC Worker Total (ms): Min: 0.0, Avg: 5.5, Max: 9.4, Diff: 9.4, Sum: 44.0]
      [GC Worker End (ms): Min: 425978699.2, Avg: 425978699.2, Max: 425978699.2, Diff: 0.0]
   [Code Root Fixup: 0.0 ms]
   [Code Root Purge: 0.0 ms]
   [Clear CT: 0.8 ms]
   [Other: 31.0 ms]
      [Choose CSet: 0.0 ms]
      [Ref Proc: 30.6 ms]
      [Ref Enq: 0.1 ms]
      [Redirty Cards: 0.1 ms]
      [Humongous Register: 0.0 ms]
      [Humongous Reclaim: 0.0 ms]
      [Free CSet: 0.1 ms]
   [Eden: 5712.0M(5712.0M)->0.0B(5712.0M) Survivors: 16384.0K->16384.0K Heap: 9190.3M(14336.0M)->3472.5M(14336.0M)]
 [Times: user=0.14 sys=0.00, real=0.04 secs] 
2022-09-27T22:17:08.579-0600: 426061.690: [GC pause (G1 Evacuation Pause) (young), 0.0404432 secs]
   [Parallel Time: 9.9 ms, GC Workers: 8]
      [GC Worker Start (ms): Min: 426061689.9, Avg: 426061694.9, Max: 426061699.5, Diff: 9.7]
      [Ext Root Scanning (ms): Min: 0.0, Avg: 0.8, Max: 2.9, Diff: 2.9, Sum: 6.2]
      [Update RS (ms): Min: 0.0, Avg: 2.4, Max: 4.9, Diff: 4.9, Sum: 18.9]
         [Processed Buffers: Min: 0, Avg: 15.2, Max: 35, Diff: 35, Sum: 122]
      [Scan RS (ms): Min: 0.0, Avg: 0.0, Max: 0.1, Diff: 0.1, Sum: 0.2]
      [Code Root Scanning (ms): Min: 0.0, Avg: 0.0, Max: 0.0, Diff: 0.0, Sum: 0.0]
      [Object Copy (ms): Min: 0.0, Avg: 0.8, Max: 1.6, Diff: 1.6, Sum: 6.1]
      [Termination (ms): Min: 0.0, Avg: 0.8, Max: 1.3, Diff: 1.3, Sum: 6.2]
         [Termination Attempts: Min: 1, Avg: 1.0, Max: 1, Diff: 0, Sum: 8]
      [GC Worker Other (ms): Min: 0.0, Avg: 0.0, Max: 0.0, Diff: 0.0, Sum: 0.0]
      [GC Worker Total (ms): Min: 0.0, Avg: 4.7, Max: 9.8, Diff: 9.8, Sum: 37.5]
      [GC Worker End (ms): Min: 426061699.6, Avg: 426061699.6, Max: 426061699.7, Diff: 0.1]
   [Code Root Fixup: 0.0 ms]
   [Code Root Purge: 0.0 ms]
   [Clear CT: 0.5 ms]
   [Other: 30.0 ms]
      [Choose CSet: 0.0 ms]
      [Ref Proc: 29.6 ms]
      [Ref Enq: 0.1 ms]
      [Redirty Cards: 0.1 ms]
      [Humongous Register: 0.0 ms]
      [Humongous Reclaim: 0.0 ms]
      [Free CSet: 0.1 ms]
   [Eden: 5712.0M(5712.0M)->0.0B(7152.0M) Survivors: 16384.0K->16384.0K Heap: 9184.5M(14336.0M)->3477.6M(14336.0M)]
 [Times: user=0.14 sys=0.00, real=0.04 secs] 
2022-09-27T22:18:50.484-0600: 426163.595: [GC pause (G1 Evacuation Pause) (young) (initial-mark), 0.2657616 secs]
   [Parallel Time: 16.0 ms, GC Workers: 8]
      [GC Worker Start (ms): Min: 426163595.9, Avg: 426163597.4, Max: 426163598.4, Diff: 2.5]
      [Ext Root Scanning (ms): Min: 1.9, Avg: 8.3, Max: 12.0, Diff: 10.1, Sum: 66.2]
      [Update RS (ms): Min: 0.0, Avg: 0.9, Max: 2.6, Diff: 2.6, Sum: 6.8]
         [Processed Buffers: Min: 0, Avg: 5.1, Max: 19, Diff: 19, Sum: 41]
      [Scan RS (ms): Min: 0.0, Avg: 0.0, Max: 0.1, Diff: 0.1, Sum: 0.2]
      [Code Root Scanning (ms): Min: 0.0, Avg: 0.0, Max: 0.0, Diff: 0.0, Sum: 0.0]
      [Object Copy (ms): Min: 0.0, Avg: 0.9, Max: 2.5, Diff: 2.5, Sum: 7.5]
      [Termination (ms): Min: 0.0, Avg: 2.9, Max: 5.4, Diff: 5.4, Sum: 23.2]
         [Termination Attempts: Min: 1, Avg: 1.8, Max: 4, Diff: 3, Sum: 14]
      [GC Worker Other (ms): Min: 0.0, Avg: 0.0, Max: 0.0, Diff: 0.0, Sum: 0.0]
      [GC Worker Total (ms): Min: 12.0, Avg: 13.0, Max: 14.7, Diff: 2.6, Sum: 104.0]
      [GC Worker End (ms): Min: 426163610.4, Avg: 426163610.4, Max: 426163610.6, Diff: 0.2]
   [Code Root Fixup: 0.0 ms]
   [Code Root Purge: 0.0 ms]
   [Clear CT: 0.6 ms]
   [Other: 249.1 ms]
      [Choose CSet: 0.0 ms]
      [Ref Proc: 248.6 ms]
      [Ref Enq: 0.1 ms]
      [Redirty Cards: 0.1 ms]
      [Humongous Register: 0.0 ms]
      [Humongous Reclaim: 0.0 ms]
      [Free CSet: 0.1 ms]
   [Eden: 7152.0M(7152.0M)->0.0B(5712.0M) Survivors: 16384.0K->16384.0K Heap: 10629.6M(14336.0M)->3482.4M(14336.0M)]
 [Times: user=0.16 sys=0.00, real=0.27 secs] 
2022-09-27T22:18:50.750-0600: 426163.860: [GC concurrent-root-region-scan-start]
2022-09-27T22:18:50.846-0600: 426163.957: [GC concurrent-root-region-scan-end, 0.0964888 secs]
2022-09-27T22:18:50.846-0600: 426163.957: [GC concurrent-mark-start]
2022-09-27T22:18:52.191-0600: 426165.302: [GC concurrent-mark-end, 1.3452668 secs]
2022-09-27T22:18:52.191-0600: 426165.302: [GC remark 2022-09-27T22:18:52.192-0600: 426165.302: [Finalize Marking, 0.0835895 secs] 2022-09-27T22:18:52.275-0600: 426165.386: [GC ref-proc, 0.0662954 secs] 2022-09-27T22:18:52.341-0600: 426165.452: [Unloading, 0.0298669 secs], 0.1858267 secs]
 [Times: user=0.40 sys=0.00, real=0.18 secs] 
2022-09-27T22:18:52.378-0600: 426165.488: [GC cleanup 3634M->3634M(14336M), 0.0078544 secs]
 [Times: user=0.01 sys=0.00, real=0.01 secs] 
2022-09-27T22:20:12.578-0600: 426245.689: [GC pause (G1 Evacuation Pause) (young), 0.0594366 secs]
   [Parallel Time: 21.7 ms, GC Workers: 8]
      [GC Worker Start (ms): Min: 426245689.0, Avg: 426245702.1, Max: 426245710.5, Diff: 21.5]
      [Ext Root Scanning (ms): Min: 0.0, Avg: 0.9, Max: 3.1, Diff: 3.1, Sum: 6.8]
      [Update RS (ms): Min: 0.0, Avg: 1.0, Max: 2.6, Diff: 2.6, Sum: 7.7]
         [Processed Buffers: Min: 0, Avg: 4.9, Max: 17, Diff: 17, Sum: 39]
      [Scan RS (ms): Min: 0.0, Avg: 0.0, Max: 0.1, Diff: 0.1, Sum: 0.1]
      [Code Root Scanning (ms): Min: 0.0, Avg: 0.0, Max: 0.0, Diff: 0.0, Sum: 0.0]
      [Object Copy (ms): Min: 0.0, Avg: 1.1, Max: 3.1, Diff: 3.1, Sum: 8.7]
      [Termination (ms): Min: 0.0, Avg: 5.6, Max: 13.2, Diff: 13.2, Sum: 44.4]
         [Termination Attempts: Min: 1, Avg: 1.0, Max: 1, Diff: 0, Sum: 8]
      [GC Worker Other (ms): Min: 0.0, Avg: 0.0, Max: 0.0, Diff: 0.0, Sum: 0.0]
      [GC Worker Total (ms): Min: 0.0, Avg: 8.5, Max: 21.6, Diff: 21.6, Sum: 67.8]
      [GC Worker End (ms): Min: 426245710.5, Avg: 426245710.6, Max: 426245710.6, Diff: 0.1]
   [Code Root Fixup: 0.0 ms]
   [Code Root Purge: 0.0 ms]
   [Clear CT: 0.7 ms]
   [Other: 37.0 ms]
      [Choose CSet: 0.0 ms]
      [Ref Proc: 36.6 ms]
      [Ref Enq: 0.1 ms]
      [Redirty Cards: 0.1 ms]
      [Humongous Register: 0.0 ms]
      [Humongous Reclaim: 0.0 ms]
      [Free CSet: 0.1 ms]
   [Eden: 5712.0M(5712.0M)->0.0B(5712.0M) Survivors: 16384.0K->16384.0K Heap: 9194.4M(14336.0M)->3481.5M(14336.0M)]
 [Times: user=0.19 sys=0.00, real=0.06 secs] 
2022-09-27T22:21:35.580-0600: 426328.691: [GC pause (G1 Evacuation Pause) (mixed), 0.0365711 secs]
   [Parallel Time: 22.4 ms, GC Workers: 8]
      [GC Worker Start (ms): Min: 426328691.4, Avg: 426328693.1, Max: 426328695.2, Diff: 3.8]
      [Ext Root Scanning (ms): Min: 0.0, Avg: 1.6, Max: 3.2, Diff: 3.2, Sum: 12.6]
      [Update RS (ms): Min: 0.6, Avg: 1.1, Max: 2.0, Diff: 1.4, Sum: 8.5]
         [Processed Buffers: Min: 2, Avg: 6.0, Max: 16, Diff: 14, Sum: 48]
      [Scan RS (ms): Min: 0.6, Avg: 0.6, Max: 0.7, Diff: 0.2, Sum: 5.2]
      [Code Root Scanning (ms): Min: 0.0, Avg: 0.0, Max: 0.0, Diff: 0.0, Sum: 0.0]
      [Object Copy (ms): Min: 3.1, Avg: 3.2, Max: 3.4, Diff: 0.3, Sum: 25.5]
      [Termination (ms): Min: 0.0, Avg: 0.0, Max: 0.0, Diff: 0.0, Sum: 0.1]
         [Termination Attempts: Min: 1, Avg: 32.8, Max: 48, Diff: 47, Sum: 262]
      [GC Worker Other (ms): Min: 0.0, Avg: 0.0, Max: 0.0, Diff: 0.0, Sum: 0.1]
      [GC Worker Total (ms): Min: 4.4, Avg: 6.5, Max: 8.2, Diff: 3.8, Sum: 52.0]
      [GC Worker End (ms): Min: 426328699.6, Avg: 426328699.6, Max: 426328699.7, Diff: 0.0]
   [Code Root Fixup: 0.0 ms]
   [Code Root Purge: 0.0 ms]
   [Clear CT: 0.5 ms]
   [Other: 13.6 ms]
      [Choose CSet: 0.0 ms]
      [Ref Proc: 13.2 ms]
      [Ref Enq: 0.1 ms]
      [Redirty Cards: 0.1 ms]
      [Humongous Register: 0.0 ms]
      [Humongous Reclaim: 0.0 ms]
      [Free CSet: 0.1 ms]
   [Eden: 5712.0M(5712.0M)->0.0B(7152.0M) Survivors: 16384.0K->16384.0K Heap: 9193.5M(14336.0M)->3475.9M(14336.0M)]
 [Times: user=0.11 sys=0.00, real=0.03 secs] 
2022-09-27T22:23:14.333-0600: 426427.444: [GC pause (G1 Evacuation Pause) (young), 0.1941754 secs]
   [Parallel Time: 55.2 ms, GC Workers: 8]
      [GC Worker Start (ms): Min: 426427444.4, Avg: 426427469.4, Max: 426427499.4, Diff: 55.0]
      [Ext Root Scanning (ms): Min: 0.0, Avg: 0.8, Max: 2.9, Diff: 2.9, Sum: 6.2]
      [Update RS (ms): Min: 0.0, Avg: 2.6, Max: 5.5, Diff: 5.5, Sum: 20.7]
         [Processed Buffers: Min: 0, Avg: 14.5, Max: 39, Diff: 39, Sum: 116]
      [Scan RS (ms): Min: 0.0, Avg: 0.0, Max: 0.1, Diff: 0.1, Sum: 0.2]
      [Code Root Scanning (ms): Min: 0.0, Avg: 0.0, Max: 0.0, Diff: 0.0, Sum: 0.0]
      [Object Copy (ms): Min: 0.0, Avg: 1.1, Max: 2.4, Diff: 2.4, Sum: 9.1]
      [Termination (ms): Min: 0.0, Avg: 25.5, Max: 45.1, Diff: 45.1, Sum: 204.3]
         [Termination Attempts: Min: 1, Avg: 3.1, Max: 8, Diff: 7, Sum: 25]
      [GC Worker Other (ms): Min: 0.0, Avg: 0.0, Max: 0.0, Diff: 0.0, Sum: 0.0]
      [GC Worker Total (ms): Min: 0.0, Avg: 30.1, Max: 55.1, Diff: 55.1, Sum: 240.5]
      [GC Worker End (ms): Min: 426427499.4, Avg: 426427499.4, Max: 426427499.6, Diff: 0.1]
   [Code Root Fixup: 0.0 ms]
   [Code Root Purge: 0.0 ms]
   [Clear CT: 0.9 ms]
   [Other: 138.1 ms]
      [Choose CSet: 0.0 ms]
      [Ref Proc: 137.6 ms]
      [Ref Enq: 0.2 ms]
      [Redirty Cards: 0.1 ms]
      [Humongous Register: 0.0 ms]
      [Humongous Reclaim: 0.0 ms]
      [Free CSet: 0.2 ms]
   [Eden: 7152.0M(7152.0M)->0.0B(7152.0M) Survivors: 16384.0K->16384.0K Heap: 10627.9M(14336.0M)->3484.0M(14336.0M)]
 [Times: user=0.35 sys=0.00, real=0.19 secs] 
2022-09-27T22:24:54.283-0600: 426527.394: [GC pause (G1 Evacuation Pause) (young) (initial-mark), 0.4813862 secs]
   [Parallel Time: 233.0 ms, GC Workers: 8]
      [GC Worker Start (ms): Min: 426527395.6, Avg: 426527399.0, Max: 426527400.2, Diff: 4.6]
      [Ext Root Scanning (ms): Min: 3.0, Avg: 88.1, Max: 226.9, Diff: 223.9, Sum: 705.2]
      [Update RS (ms): Min: 0.0, Avg: 1.2, Max: 2.5, Diff: 2.5, Sum: 9.2]
         [Processed Buffers: Min: 0, Avg: 5.5, Max: 13, Diff: 13, Sum: 44]
      [Scan RS (ms): Min: 0.0, Avg: 0.0, Max: 0.1, Diff: 0.1, Sum: 0.2]
      [Code Root Scanning (ms): Min: 0.0, Avg: 0.0, Max: 0.0, Diff: 0.0, Sum: 0.0]
      [Object Copy (ms): Min: 0.0, Avg: 1.4, Max: 2.4, Diff: 2.4, Sum: 11.2]
      [Termination (ms): Min: 0.0, Avg: 137.4, Max: 219.4, Diff: 219.4, Sum: 1098.8]
         [Termination Attempts: Min: 1, Avg: 3.4, Max: 7, Diff: 6, Sum: 27]
      [GC Worker Other (ms): Min: 0.0, Avg: 0.0, Max: 0.0, Diff: 0.0, Sum: 0.1]
      [GC Worker Total (ms): Min: 226.9, Avg: 228.1, Max: 231.6, Diff: 4.7, Sum: 1824.8]
      [GC Worker End (ms): Min: 426527627.1, Avg: 426527627.1, Max: 426527627.2, Diff: 0.2]
   [Code Root Fixup: 0.0 ms]
   [Code Root Purge: 0.0 ms]
   [Clear CT: 5.2 ms]
   [Other: 243.1 ms]
      [Choose CSet: 0.0 ms]
      [Ref Proc: 242.5 ms]
      [Ref Enq: 0.2 ms]
      [Redirty Cards: 0.2 ms]
      [Humongous Register: 0.0 ms]
      [Humongous Reclaim: 0.0 ms]
      [Free CSet: 0.2 ms]
   [Eden: 7152.0M(7152.0M)->0.0B(5712.0M) Survivors: 16384.0K->16384.0K Heap: 10636.0M(14336.0M)->3484.9M(14336.0M)]
 [Times: user=1.88 sys=0.00, real=0.48 secs] 
2022-09-27T22:24:54.765-0600: 426527.876: [GC concurrent-root-region-scan-start]
2022-09-27T22:24:54.773-0600: 426527.884: [GC concurrent-root-region-scan-end, 0.0081741 secs]
2022-09-27T22:24:54.773-0600: 426527.884: [GC concurrent-mark-start]
2022-09-27T22:24:56.103-0600: 426529.214: [GC concurrent-mark-end, 1.3302009 secs]
2022-09-27T22:24:56.103-0600: 426529.214: [GC remark 2022-09-27T22:24:56.103-0600: 426529.214: [Finalize Marking, 0.0022314 secs] 2022-09-27T22:24:56.106-0600: 426529.217: [GC ref-proc, 0.0335978 secs] 2022-09-27T22:24:56.139-0600: 426529.250: [Unloading, 0.0272051 secs], 0.0786180 secs]
 [Times: user=0.26 sys=0.00, real=0.08 secs] 
2022-09-27T22:24:56.182-0600: 426529.293: [GC cleanup 3612M->3612M(14336M), 0.0085072 secs]
 [Times: user=0.02 sys=0.00, real=0.01 secs] 
2022-09-27T22:26:15.084-0600: 426608.195: [GC pause (G1 Evacuation Pause) (young), 0.0239328 secs]
   [Parallel Time: 5.8 ms, GC Workers: 8]
      [GC Worker Start (ms): Min: 426608195.0, Avg: 426608196.6, Max: 426608200.7, Diff: 5.7]
      [Ext Root Scanning (ms): Min: 0.0, Avg: 0.8, Max: 3.2, Diff: 3.2, Sum: 6.6]
      [Update RS (ms): Min: 0.0, Avg: 1.1, Max: 2.3, Diff: 2.3, Sum: 9.1]
         [Processed Buffers: Min: 0, Avg: 6.5, Max: 21, Diff: 21, Sum: 52]
      [Scan RS (ms): Min: 0.0, Avg: 0.0, Max: 0.0, Diff: 0.0, Sum: 0.2]
      [Code Root Scanning (ms): Min: 0.0, Avg: 0.0, Max: 0.0, Diff: 0.0, Sum: 0.0]
      [Object Copy (ms): Min: 0.0, Avg: 1.6, Max: 3.9, Diff: 3.9, Sum: 12.5]
      [Termination (ms): Min: 0.0, Avg: 0.5, Max: 0.6, Diff: 0.6, Sum: 4.2]
         [Termination Attempts: Min: 1, Avg: 2.4, Max: 5, Diff: 4, Sum: 19]
      [GC Worker Other (ms): Min: 0.0, Avg: 0.0, Max: 0.0, Diff: 0.0, Sum: 0.0]
      [GC Worker Total (ms): Min: 0.0, Avg: 4.1, Max: 5.7, Diff: 5.7, Sum: 32.7]
      [GC Worker End (ms): Min: 426608200.7, Avg: 426608200.7, Max: 426608200.7, Diff: 0.0]
   [Code Root Fixup: 0.0 ms]
   [Code Root Purge: 0.0 ms]
   [Clear CT: 0.6 ms]
   [Other: 17.5 ms]
      [Choose CSet: 0.0 ms]
      [Ref Proc: 17.2 ms]
      [Ref Enq: 0.1 ms]
      [Redirty Cards: 0.1 ms]
      [Humongous Register: 0.0 ms]
      [Humongous Reclaim: 0.0 ms]
      [Free CSet: 0.1 ms]
   [Eden: 5712.0M(5712.0M)->0.0B(5712.0M) Survivors: 16384.0K->16384.0K Heap: 9196.9M(14336.0M)->3486.0M(14336.0M)]
 [Times: user=0.10 sys=0.00, real=0.02 secs] 
2022-09-27T22:27:34.531-0600: 426687.641: [GC pause (G1 Evacuation Pause) (mixed), 0.2170224 secs]
   [Parallel Time: 14.7 ms, GC Workers: 8]
      [GC Worker Start (ms): Min: 426687641.6, Avg: 426687650.4, Max: 426687656.1, Diff: 14.5]
      [Ext Root Scanning (ms): Min: 0.0, Avg: 0.8, Max: 3.3, Diff: 3.3, Sum: 6.6]
      [Update RS (ms): Min: 0.0, Avg: 0.9, Max: 2.4, Diff: 2.4, Sum: 7.0]
         [Processed Buffers: Min: 0, Avg: 5.9, Max: 24, Diff: 24, Sum: 47]
      [Scan RS (ms): Min: 0.0, Avg: 0.5, Max: 1.4, Diff: 1.4, Sum: 4.2]
      [Code Root Scanning (ms): Min: 0.0, Avg: 0.0, Max: 0.0, Diff: 0.0, Sum: 0.0]
      [Object Copy (ms): Min: 0.0, Avg: 1.9, Max: 5.3, Diff: 5.3, Sum: 15.5]
      [Termination (ms): Min: 0.0, Avg: 1.5, Max: 2.5, Diff: 2.5, Sum: 12.0]
         [Termination Attempts: Min: 1, Avg: 2.2, Max: 7, Diff: 6, Sum: 18]
      [GC Worker Other (ms): Min: 0.0, Avg: 0.0, Max: 0.0, Diff: 0.0, Sum: 0.0]
      [GC Worker Total (ms): Min: 0.0, Avg: 5.7, Max: 14.5, Diff: 14.5, Sum: 45.3]
      [GC Worker End (ms): Min: 426687656.1, Avg: 426687656.1, Max: 426687656.2, Diff: 0.1]
   [Code Root Fixup: 0.0 ms]
   [Code Root Purge: 0.0 ms]
   [Clear CT: 0.9 ms]
   [Other: 201.4 ms]
      [Choose CSet: 0.0 ms]
      [Ref Proc: 201.0 ms]
      [Ref Enq: 0.1 ms]
      [Redirty Cards: 0.1 ms]
      [Humongous Register: 0.0 ms]
      [Humongous Reclaim: 0.0 ms]
      [Free CSet: 0.1 ms]
   [Eden: 5712.0M(5712.0M)->0.0B(5712.0M) Survivors: 16384.0K->16384.0K Heap: 9198.0M(14336.0M)->3477.0M(14336.0M)]
 [Times: user=1.34 sys=0.00, real=0.21 secs] 
2022-09-27T22:28:54.878-0600: 426767.989: [GC pause (G1 Evacuation Pause) (young), 0.3327902 secs]
   [Parallel Time: 67.7 ms, GC Workers: 8]
      [GC Worker Start (ms): Min: 426767988.7, Avg: 426768015.0, Max: 426768056.1, Diff: 67.4]
      [Ext Root Scanning (ms): Min: 0.0, Avg: 0.8, Max: 3.0, Diff: 3.0, Sum: 6.2]
      [Update RS (ms): Min: 0.0, Avg: 2.1, Max: 3.7, Diff: 3.7, Sum: 17.0]
         [Processed Buffers: Min: 0, Avg: 11.6, Max: 24, Diff: 24, Sum: 93]
      [Scan RS (ms): Min: 0.0, Avg: 0.0, Max: 0.1, Diff: 0.1, Sum: 0.2]
      [Code Root Scanning (ms): Min: 0.0, Avg: 0.0, Max: 0.0, Diff: 0.0, Sum: 0.0]
      [Object Copy (ms): Min: 0.0, Avg: 1.0, Max: 1.8, Diff: 1.8, Sum: 8.1]
      [Termination (ms): Min: 0.0, Avg: 37.3, Max: 59.5, Diff: 59.5, Sum: 298.6]
         [Termination Attempts: Min: 1, Avg: 1.9, Max: 4, Diff: 3, Sum: 15]
      [GC Worker Other (ms): Min: 0.0, Avg: 0.0, Max: 0.0, Diff: 0.0, Sum: 0.1]
      [GC Worker Total (ms): Min: 0.0, Avg: 41.3, Max: 67.6, Diff: 67.6, Sum: 330.1]
      [GC Worker End (ms): Min: 426768056.2, Avg: 426768056.2, Max: 426768056.3, Diff: 0.1]
   [Code Root Fixup: 0.0 ms]
   [Code Root Purge: 0.0 ms]
   [Clear CT: 0.6 ms]
   [Other: 264.5 ms]
      [Choose CSet: 0.0 ms]
      [Ref Proc: 264.2 ms]
      [Ref Enq: 0.1 ms]
      [Redirty Cards: 0.1 ms]
      [Humongous Register: 0.0 ms]
      [Humongous Reclaim: 0.0 ms]
      [Free CSet: 0.1 ms]
   [Eden: 5712.0M(5712.0M)->0.0B(5712.0M) Survivors: 16384.0K->16384.0K Heap: 9189.0M(14336.0M)->3482.7M(14336.0M)]
 [Times: user=0.61 sys=0.00, real=0.34 secs] 
2022-09-27T22:30:15.634-0600: 426848.744: [GC pause (G1 Evacuation Pause) (young) (initial-mark), 0.3813296 secs]
   [Parallel Time: 23.4 ms, GC Workers: 8]
      [GC Worker Start (ms): Min: 426848745.8, Avg: 426848749.3, Max: 426848750.2, Diff: 4.5]
      [Ext Root Scanning (ms): Min: 1.3, Avg: 13.1, Max: 17.5, Diff: 16.2, Sum: 104.9]
      [Update RS (ms): Min: 0.0, Avg: 1.0, Max: 6.4, Diff: 6.4, Sum: 8.3]
         [Processed Buffers: Min: 0, Avg: 6.2, Max: 38, Diff: 38, Sum: 50]
      [Scan RS (ms): Min: 0.0, Avg: 0.0, Max: 0.1, Diff: 0.0, Sum: 0.2]
      [Code Root Scanning (ms): Min: 0.0, Avg: 0.0, Max: 0.0, Diff: 0.0, Sum: 0.0]
      [Object Copy (ms): Min: 0.0, Avg: 1.1, Max: 4.2, Diff: 4.2, Sum: 8.6]
      [Termination (ms): Min: 0.0, Avg: 3.2, Max: 5.8, Diff: 5.8, Sum: 25.7]
         [Termination Attempts: Min: 1, Avg: 3.9, Max: 24, Diff: 23, Sum: 31]
      [GC Worker Other (ms): Min: 0.0, Avg: 0.0, Max: 0.0, Diff: 0.0, Sum: 0.1]
      [GC Worker Total (ms): Min: 17.5, Avg: 18.5, Max: 22.0, Diff: 4.5, Sum: 147.7]
      [GC Worker End (ms): Min: 426848767.7, Avg: 426848767.7, Max: 426848767.9, Diff: 0.2]
   [Code Root Fixup: 0.0 ms]
   [Code Root Purge: 0.0 ms]
   [Clear CT: 0.6 ms]
   [Other: 357.3 ms]
      [Choose CSet: 0.0 ms]
      [Ref Proc: 356.9 ms]
      [Ref Enq: 0.1 ms]
      [Redirty Cards: 0.0 ms]
      [Humongous Register: 0.0 ms]
      [Humongous Reclaim: 0.0 ms]
      [Free CSet: 0.1 ms]
   [Eden: 5712.0M(5712.0M)->0.0B(5712.0M) Survivors: 16384.0K->16384.0K Heap: 9194.7M(14336.0M)->3480.8M(14336.0M)]
 [Times: user=1.60 sys=0.00, real=0.38 secs] 
2022-09-27T22:30:16.015-0600: 426849.126: [GC concurrent-root-region-scan-start]
2022-09-27T22:30:16.021-0600: 426849.132: [GC concurrent-root-region-scan-end, 0.0062148 secs]
2022-09-27T22:30:16.021-0600: 426849.132: [GC concurrent-mark-start]
2022-09-27T22:30:17.434-0600: 426850.545: [GC concurrent-mark-end, 1.4131638 secs]
2022-09-27T22:30:17.435-0600: 426850.545: [GC remark 2022-09-27T22:30:17.435-0600: 426850.545: [Finalize Marking, 0.0033815 secs] 2022-09-27T22:30:17.438-0600: 426850.549: [GC ref-proc, 0.0379679 secs] 2022-09-27T22:30:17.476-0600: 426850.587: [Unloading, 0.0296240 secs], 0.0760589 secs]
 [Times: user=0.25 sys=0.00, real=0.08 secs] 
2022-09-27T22:30:17.511-0600: 426850.622: [GC cleanup 3617M->3617M(14336M), 0.0061895 secs]
 [Times: user=0.02 sys=0.00, real=0.00 secs] 
2022-09-27T22:31:34.581-0600: 426927.692: [GC pause (G1 Evacuation Pause) (young), 0.0257955 secs]
   [Parallel Time: 7.7 ms, GC Workers: 8]
      [GC Worker Start (ms): Min: 426927692.1, Avg: 426927695.9, Max: 426927699.6, Diff: 7.5]
      [Ext Root Scanning (ms): Min: 0.0, Avg: 0.8, Max: 2.9, Diff: 2.9, Sum: 6.0]
      [Update RS (ms): Min: 0.0, Avg: 0.8, Max: 2.3, Diff: 2.3, Sum: 6.6]
         [Processed Buffers: Min: 0, Avg: 4.8, Max: 13, Diff: 13, Sum: 38]
      [Scan RS (ms): Min: 0.0, Avg: 0.0, Max: 0.1, Diff: 0.1, Sum: 0.1]
      [Code Root Scanning (ms): Min: 0.0, Avg: 0.0, Max: 0.0, Diff: 0.0, Sum: 0.0]
      [Object Copy (ms): Min: 0.0, Avg: 0.9, Max: 2.0, Diff: 2.0, Sum: 7.3]
      [Termination (ms): Min: 0.0, Avg: 1.2, Max: 1.8, Diff: 1.8, Sum: 9.9]
         [Termination Attempts: Min: 1, Avg: 1.4, Max: 4, Diff: 3, Sum: 11]
      [GC Worker Other (ms): Min: 0.0, Avg: 0.0, Max: 0.0, Diff: 0.0, Sum: 0.0]
      [GC Worker Total (ms): Min: 0.0, Avg: 3.7, Max: 7.5, Diff: 7.5, Sum: 30.0]
      [GC Worker End (ms): Min: 426927699.6, Avg: 426927699.6, Max: 426927699.7, Diff: 0.1]
   [Code Root Fixup: 0.0 ms]
   [Code Root Purge: 0.0 ms]
   [Clear CT: 0.8 ms]
   [Other: 17.4 ms]
      [Choose CSet: 0.0 ms]
      [Ref Proc: 17.0 ms]
      [Ref Enq: 0.1 ms]
      [Redirty Cards: 0.1 ms]
      [Humongous Register: 0.0 ms]
      [Humongous Reclaim: 0.0 ms]
      [Free CSet: 0.1 ms]
   [Eden: 5712.0M(5712.0M)->0.0B(5712.0M) Survivors: 16384.0K->16384.0K Heap: 9192.8M(14336.0M)->3482.8M(14336.0M)]
 [Times: user=0.09 sys=0.00, real=0.02 secs] 
2022-09-27T22:32:52.883-0600: 427005.994: [GC pause (G1 Evacuation Pause) (mixed), 0.1456867 secs]
   [Parallel Time: 97.6 ms, GC Workers: 8]
      [GC Worker Start (ms): Min: 427005993.9, Avg: 427006064.0, Max: 427006091.3, Diff: 97.4]
      [Ext Root Scanning (ms): Min: 0.0, Avg: 0.8, Max: 3.4, Diff: 3.4, Sum: 6.1]
      [Update RS (ms): Min: 0.0, Avg: 0.8, Max: 3.1, Diff: 3.1, Sum: 6.2]
         [Processed Buffers: Min: 0, Avg: 5.4, Max: 26, Diff: 26, Sum: 43]
      [Scan RS (ms): Min: 0.0, Avg: 0.3, Max: 1.2, Diff: 1.2, Sum: 2.3]
      [Code Root Scanning (ms): Min: 0.0, Avg: 0.0, Max: 0.0, Diff: 0.0, Sum: 0.0]
      [Object Copy (ms): Min: 0.0, Avg: 3.1, Max: 12.4, Diff: 12.4, Sum: 24.7]
      [Termination (ms): Min: 0.0, Avg: 22.5, Max: 77.5, Diff: 77.5, Sum: 179.8]
         [Termination Attempts: Min: 1, Avg: 2.1, Max: 10, Diff: 9, Sum: 17]
      [GC Worker Other (ms): Min: 0.0, Avg: 0.0, Max: 0.0, Diff: 0.0, Sum: 0.0]
      [GC Worker Total (ms): Min: 0.0, Avg: 27.4, Max: 97.4, Diff: 97.4, Sum: 219.1]
      [GC Worker End (ms): Min: 427006091.3, Avg: 427006091.4, Max: 427006091.5, Diff: 0.2]
   [Code Root Fixup: 0.0 ms]
   [Code Root Purge: 0.0 ms]
   [Clear CT: 1.2 ms]
   [Other: 46.9 ms]
      [Choose CSet: 0.0 ms]
      [Ref Proc: 46.4 ms]
      [Ref Enq: 0.2 ms]
      [Redirty Cards: 0.1 ms]
      [Humongous Register: 0.0 ms]
      [Humongous Reclaim: 0.0 ms]
      [Free CSet: 0.1 ms]
   [Eden: 5712.0M(5712.0M)->0.0B(5712.0M) Survivors: 16384.0K->16384.0K Heap: 9194.8M(14336.0M)->3473.3M(14336.0M)]
 [Times: user=0.33 sys=0.00, real=0.15 secs] 
2022-09-27T22:34:15.081-0600: 427088.192: [GC pause (G1 Evacuation Pause) (young), 0.0529197 secs]
   [Parallel Time: 10.7 ms, GC Workers: 8]
      [GC Worker Start (ms): Min: 427088192.0, Avg: 427088196.8, Max: 427088202.5, Diff: 10.5]
      [Ext Root Scanning (ms): Min: 0.0, Avg: 0.8, Max: 4.1, Diff: 4.1, Sum: 6.1]
      [Update RS (ms): Min: 0.0, Avg: 3.4, Max: 6.5, Diff: 6.5, Sum: 27.0]
         [Processed Buffers: Min: 0, Avg: 11.1, Max: 27, Diff: 27, Sum: 89]
      [Scan RS (ms): Min: 0.0, Avg: 0.0, Max: 0.0, Diff: 0.0, Sum: 0.1]
      [Code Root Scanning (ms): Min: 0.0, Avg: 0.0, Max: 0.0, Diff: 0.0, Sum: 0.0]
      [Object Copy (ms): Min: 0.0, Avg: 0.9, Max: 1.8, Diff: 1.8, Sum: 7.3]
      [Termination (ms): Min: 0.0, Avg: 0.7, Max: 1.1, Diff: 1.1, Sum: 5.7]
         [Termination Attempts: Min: 1, Avg: 1.6, Max: 4, Diff: 3, Sum: 13]
      [GC Worker Other (ms): Min: 0.0, Avg: 0.0, Max: 0.0, Diff: 0.0, Sum: 0.0]
      [GC Worker Total (ms): Min: 0.0, Avg: 5.8, Max: 10.6, Diff: 10.5, Sum: 46.2]
      [GC Worker End (ms): Min: 427088202.5, Avg: 427088202.5, Max: 427088202.6, Diff: 0.0]
   [Code Root Fixup: 0.0 ms]
   [Code Root Purge: 0.0 ms]
   [Clear CT: 0.6 ms]
   [Other: 41.7 ms]
      [Choose CSet: 0.0 ms]
      [Ref Proc: 41.3 ms]
      [Ref Enq: 0.1 ms]
      [Redirty Cards: 0.0 ms]
      [Humongous Register: 0.0 ms]
      [Humongous Reclaim: 0.0 ms]
      [Free CSet: 0.1 ms]
   [Eden: 5712.0M(5712.0M)->0.0B(7152.0M) Survivors: 16384.0K->16384.0K Heap: 9185.3M(14336.0M)->3480.3M(14336.0M)]
 [Times: user=0.15 sys=0.00, real=0.05 secs] 
2022-09-27T22:35:58.231-0600: 427191.342: [GC pause (G1 Evacuation Pause) (young) (initial-mark), 0.0479269 secs]
   [Parallel Time: 16.2 ms, GC Workers: 8]
      [GC Worker Start (ms): Min: 427191343.6, Avg: 427191347.5, Max: 427191348.5, Diff: 4.8]
      [Ext Root Scanning (ms): Min: 1.6, Avg: 5.5, Max: 9.7, Diff: 8.1, Sum: 43.7]
      [Update RS (ms): Min: 0.0, Avg: 1.3, Max: 2.5, Diff: 2.5, Sum: 10.0]
         [Processed Buffers: Min: 0, Avg: 6.4, Max: 13, Diff: 13, Sum: 51]
      [Scan RS (ms): Min: 0.0, Avg: 0.0, Max: 0.1, Diff: 0.1, Sum: 0.2]
      [Code Root Scanning (ms): Min: 0.0, Avg: 0.0, Max: 0.0, Diff: 0.0, Sum: 0.0]
      [Object Copy (ms): Min: 0.0, Avg: 1.2, Max: 2.2, Diff: 2.2, Sum: 9.6]
      [Termination (ms): Min: 0.0, Avg: 2.9, Max: 4.0, Diff: 4.0, Sum: 23.1]
         [Termination Attempts: Min: 1, Avg: 2.6, Max: 5, Diff: 4, Sum: 21]
      [GC Worker Other (ms): Min: 0.0, Avg: 0.0, Max: 0.0, Diff: 0.0, Sum: 0.0]
      [GC Worker Total (ms): Min: 9.7, Avg: 10.8, Max: 14.7, Diff: 5.0, Sum: 86.6]
      [GC Worker End (ms): Min: 427191358.2, Avg: 427191358.3, Max: 427191358.4, Diff: 0.2]
   [Code Root Fixup: 0.0 ms]
   [Code Root Purge: 0.0 ms]
   [Clear CT: 0.8 ms]
   [Other: 30.9 ms]
      [Choose CSet: 0.0 ms]
      [Ref Proc: 30.5 ms]
      [Ref Enq: 0.1 ms]
      [Redirty Cards: 0.1 ms]
      [Humongous Register: 0.0 ms]
      [Humongous Reclaim: 0.0 ms]
      [Free CSet: 0.1 ms]
   [Eden: 7152.0M(7152.0M)->0.0B(7152.0M) Survivors: 16384.0K->16384.0K Heap: 10632.3M(14336.0M)->3479.7M(14336.0M)]
 [Times: user=0.16 sys=0.00, real=0.04 secs] 
2022-09-27T22:35:58.279-0600: 427191.390: [GC concurrent-root-region-scan-start]
2022-09-27T22:35:58.285-0600: 427191.396: [GC concurrent-root-region-scan-end, 0.0058267 secs]
2022-09-27T22:35:58.285-0600: 427191.396: [GC concurrent-mark-start]
2022-09-27T22:35:59.580-0600: 427192.691: [GC concurrent-mark-end, 1.2946136 secs]
2022-09-27T22:35:59.580-0600: 427192.691: [GC remark 2022-09-27T22:35:59.580-0600: 427192.691: [Finalize Marking, 0.0048819 secs] 2022-09-27T22:35:59.585-0600: 427192.696: [GC ref-proc, 0.0470744 secs] 2022-09-27T22:35:59.632-0600: 427192.743: [Unloading, 0.0263693 secs], 0.0833383 secs]
 [Times: user=0.32 sys=0.00, real=0.09 secs] 
2022-09-27T22:35:59.664-0600: 427192.775: [GC cleanup 3615M->3615M(14336M), 0.0126661 secs]
 [Times: user=0.03 sys=0.00, real=0.01 secs] 
2022-09-27T22:37:39.829-0600: 427292.940: [GC pause (G1 Evacuation Pause) (young), 0.0301474 secs]
   [Parallel Time: 7.2 ms, GC Workers: 8]
      [GC Worker Start (ms): Min: 427292940.5, Avg: 427292942.7, Max: 427292947.6, Diff: 7.1]
      [Ext Root Scanning (ms): Min: 0.0, Avg: 0.9, Max: 3.5, Diff: 3.5, Sum: 7.5]
      [Update RS (ms): Min: 0.0, Avg: 1.1, Max: 1.8, Diff: 1.8, Sum: 8.5]
         [Processed Buffers: Min: 0, Avg: 5.6, Max: 14, Diff: 14, Sum: 45]
      [Scan RS (ms): Min: 0.0, Avg: 0.0, Max: 0.1, Diff: 0.0, Sum: 0.2]
      [Code Root Scanning (ms): Min: 0.0, Avg: 0.0, Max: 0.0, Diff: 0.0, Sum: 0.0]
      [Object Copy (ms): Min: 0.0, Avg: 1.5, Max: 2.1, Diff: 2.1, Sum: 12.2]
      [Termination (ms): Min: 0.0, Avg: 1.4, Max: 1.9, Diff: 1.9, Sum: 11.3]
         [Termination Attempts: Min: 1, Avg: 8.1, Max: 19, Diff: 18, Sum: 65]
      [GC Worker Other (ms): Min: 0.0, Avg: 0.0, Max: 0.0, Diff: 0.0, Sum: 0.0]
      [GC Worker Total (ms): Min: 0.0, Avg: 5.0, Max: 7.2, Diff: 7.2, Sum: 39.7]
      [GC Worker End (ms): Min: 427292947.6, Avg: 427292947.6, Max: 427292947.7, Diff: 0.1]
   [Code Root Fixup: 0.0 ms]
   [Code Root Purge: 0.0 ms]
   [Clear CT: 0.8 ms]
   [Other: 22.1 ms]
      [Choose CSet: 0.0 ms]
      [Ref Proc: 21.7 ms]
      [Ref Enq: 0.1 ms]
      [Redirty Cards: 0.1 ms]
      [Humongous Register: 0.0 ms]
      [Humongous Reclaim: 0.0 ms]
      [Free CSet: 0.1 ms]
   [Eden: 7152.0M(7152.0M)->0.0B(5712.0M) Survivors: 16384.0K->16384.0K Heap: 10631.7M(14336.0M)->3481.0M(14336.0M)]
 [Times: user=0.11 sys=0.00, real=0.02 secs] 
2022-09-27T22:39:01.171-0600: 427374.282: [GC pause (G1 Evacuation Pause) (mixed), 0.0462985 secs]
   [Parallel Time: 13.1 ms, GC Workers: 8]
      [GC Worker Start (ms): Min: 427374282.3, Avg: 427374286.8, Max: 427374295.2, Diff: 12.8]
      [Ext Root Scanning (ms): Min: 0.0, Avg: 0.9, Max: 3.2, Diff: 3.2, Sum: 6.8]
      [Update RS (ms): Min: 0.0, Avg: 1.0, Max: 2.5, Diff: 2.5, Sum: 7.8]
         [Processed Buffers: Min: 0, Avg: 5.2, Max: 19, Diff: 19, Sum: 42]
      [Scan RS (ms): Min: 0.0, Avg: 1.5, Max: 8.6, Diff: 8.6, Sum: 11.9]
      [Code Root Scanning (ms): Min: 0.0, Avg: 0.0, Max: 0.0, Diff: 0.0, Sum: 0.0]
      [Object Copy (ms): Min: 0.0, Avg: 3.6, Max: 5.8, Diff: 5.8, Sum: 28.4]
      [Termination (ms): Min: 0.0, Avg: 1.6, Max: 2.3, Diff: 2.3, Sum: 13.2]
         [Termination Attempts: Min: 1, Avg: 3.9, Max: 7, Diff: 6, Sum: 31]
      [GC Worker Other (ms): Min: 0.0, Avg: 0.0, Max: 0.0, Diff: 0.0, Sum: 0.0]
      [GC Worker Total (ms): Min: 0.0, Avg: 8.5, Max: 13.0, Diff: 13.0, Sum: 68.2]
      [GC Worker End (ms): Min: 427374295.2, Avg: 427374295.3, Max: 427374295.4, Diff: 0.2]
   [Code Root Fixup: 0.0 ms]
   [Code Root Purge: 0.0 ms]
   [Clear CT: 0.8 ms]
   [Other: 32.4 ms]
      [Choose CSet: 0.0 ms]
      [Ref Proc: 31.9 ms]
      [Ref Enq: 0.1 ms]
      [Redirty Cards: 0.1 ms]
      [Humongous Register: 0.0 ms]
      [Humongous Reclaim: 0.0 ms]
      [Free CSet: 0.1 ms]
   [Eden: 5712.0M(5712.0M)->0.0B(7152.0M) Survivors: 16384.0K->16384.0K Heap: 9193.0M(14336.0M)->3479.4M(14336.0M)]
 [Times: user=0.17 sys=0.00, real=0.04 secs] 
2022-09-27T22:40:43.923-0600: 427477.034: [GC pause (G1 Evacuation Pause) (young), 0.0373282 secs]
   [Parallel Time: 9.9 ms, GC Workers: 8]
      [GC Worker Start (ms): Min: 427477033.7, Avg: 427477036.9, Max: 427477040.1, Diff: 6.4]
      [Ext Root Scanning (ms): Min: 0.0, Avg: 0.8, Max: 3.0, Diff: 3.0, Sum: 6.5]
      [Update RS (ms): Min: 1.1, Avg: 4.0, Max: 7.4, Diff: 6.3, Sum: 32.0]
         [Processed Buffers: Min: 3, Avg: 18.1, Max: 33, Diff: 30, Sum: 145]
      [Scan RS (ms): Min: 0.0, Avg: 0.0, Max: 0.1, Diff: 0.0, Sum: 0.2]
      [Code Root Scanning (ms): Min: 0.0, Avg: 0.0, Max: 0.0, Diff: 0.0, Sum: 0.0]
      [Object Copy (ms): Min: 0.0, Avg: 1.1, Max: 1.5, Diff: 1.5, Sum: 9.2]
      [Termination (ms): Min: 0.0, Avg: 0.5, Max: 0.8, Diff: 0.8, Sum: 4.4]
         [Termination Attempts: Min: 1, Avg: 13.4, Max: 34, Diff: 33, Sum: 107]
      [GC Worker Other (ms): Min: 0.0, Avg: 0.0, Max: 0.0, Diff: 0.0, Sum: 0.0]
      [GC Worker Total (ms): Min: 3.3, Avg: 6.5, Max: 9.7, Diff: 6.4, Sum: 52.3]
      [GC Worker End (ms): Min: 427477043.4, Avg: 427477043.5, Max: 427477043.5, Diff: 0.1]
   [Code Root Fixup: 0.0 ms]
   [Code Root Purge: 0.0 ms]
   [Clear CT: 0.9 ms]
   [Other: 26.5 ms]
      [Choose CSet: 0.0 ms]
      [Ref Proc: 26.1 ms]
      [Ref Enq: 0.1 ms]
      [Redirty Cards: 0.1 ms]
      [Humongous Register: 0.0 ms]
      [Humongous Reclaim: 0.0 ms]
      [Free CSet: 0.1 ms]
   [Eden: 7152.0M(7152.0M)->0.0B(7152.0M) Survivors: 16384.0K->16384.0K Heap: 10631.4M(14336.0M)->3484.9M(14336.0M)]
 [Times: user=0.13 sys=0.00, real=0.03 secs] 
2022-09-27T22:42:24.370-0600: 427577.481: [GC pause (G1 Evacuation Pause) (young) (initial-mark), 0.1024734 secs]
   [Parallel Time: 66.2 ms, GC Workers: 8]
      [GC Worker Start (ms): Min: 427577501.0, Avg: 427577504.2, Max: 427577505.3, Diff: 4.3]
      [Ext Root Scanning (ms): Min: 2.2, Avg: 20.3, Max: 41.8, Diff: 39.6, Sum: 162.5]
      [Update RS (ms): Min: 0.0, Avg: 1.0, Max: 2.7, Diff: 2.7, Sum: 8.2]
         [Processed Buffers: Min: 0, Avg: 5.5, Max: 26, Diff: 26, Sum: 44]
      [Scan RS (ms): Min: 0.0, Avg: 0.0, Max: 0.1, Diff: 0.1, Sum: 0.2]
      [Code Root Scanning (ms): Min: 0.0, Avg: 0.0, Max: 0.0, Diff: 0.0, Sum: 0.0]
      [Object Copy (ms): Min: 0.0, Avg: 3.1, Max: 8.8, Diff: 8.8, Sum: 24.7]
      [Termination (ms): Min: 0.0, Avg: 18.5, Max: 29.8, Diff: 29.8, Sum: 148.1]
         [Termination Attempts: Min: 1, Avg: 9.5, Max: 43, Diff: 42, Sum: 76]
      [GC Worker Other (ms): Min: 0.0, Avg: 0.0, Max: 0.0, Diff: 0.0, Sum: 0.0]
      [GC Worker Total (ms): Min: 41.8, Avg: 43.0, Max: 46.3, Diff: 4.5, Sum: 343.8]
      [GC Worker End (ms): Min: 427577547.1, Avg: 427577547.2, Max: 427577547.3, Diff: 0.2]
   [Code Root Fixup: 0.0 ms]
   [Code Root Purge: 0.0 ms]
   [Clear CT: 0.5 ms]
   [Other: 35.7 ms]
      [Choose CSet: 0.0 ms]
      [Ref Proc: 35.3 ms]
      [Ref Enq: 0.1 ms]
      [Redirty Cards: 0.1 ms]
      [Humongous Register: 0.0 ms]
      [Humongous Reclaim: 0.0 ms]
      [Free CSet: 0.1 ms]
   [Eden: 7152.0M(7152.0M)->0.0B(7136.0M) Survivors: 16384.0K->32768.0K Heap: 10636.9M(14336.0M)->3497.5M(14336.0M)]
 [Times: user=0.28 sys=0.00, real=0.10 secs] 
2022-09-27T22:42:24.473-0600: 427577.584: [GC concurrent-root-region-scan-start]
2022-09-27T22:42:24.485-0600: 427577.596: [GC concurrent-root-region-scan-end, 0.0119208 secs]
2022-09-27T22:42:24.485-0600: 427577.596: [GC concurrent-mark-start]
2022-09-27T22:42:25.885-0600: 427578.996: [GC concurrent-mark-end, 1.4002999 secs]
2022-09-27T22:42:25.885-0600: 427578.996: [GC remark 2022-09-27T22:42:25.885-0600: 427578.996: [Finalize Marking, 0.0016484 secs] 2022-09-27T22:42:25.887-0600: 427578.998: [GC ref-proc, 0.5022322 secs] 2022-09-27T22:42:26.389-0600: 427579.500: [Unloading, 0.0301197 secs], 0.5380140 secs]
 [Times: user=1.61 sys=0.00, real=0.54 secs] 
2022-09-27T22:42:26.423-0600: 427579.534: [GC cleanup 3633M->3633M(14336M), 0.0076172 secs]
 [Times: user=0.02 sys=0.00, real=0.01 secs] 
2022-09-27T22:44:04.085-0600: 427677.196: [GC pause (G1 Evacuation Pause) (young), 0.0377358 secs]
   [Parallel Time: 7.0 ms, GC Workers: 8]
      [GC Worker Start (ms): Min: 427677196.4, Avg: 427677198.5, Max: 427677202.7, Diff: 6.3]
      [Ext Root Scanning (ms): Min: 0.0, Avg: 0.9, Max: 3.2, Diff: 3.2, Sum: 7.1]
      [Update RS (ms): Min: 0.0, Avg: 1.0, Max: 2.3, Diff: 2.3, Sum: 8.1]
         [Processed Buffers: Min: 0, Avg: 5.8, Max: 13, Diff: 13, Sum: 46]
      [Scan RS (ms): Min: 0.0, Avg: 0.0, Max: 0.1, Diff: 0.1, Sum: 0.2]
      [Code Root Scanning (ms): Min: 0.0, Avg: 0.0, Max: 0.0, Diff: 0.0, Sum: 0.0]
      [Object Copy (ms): Min: 0.0, Avg: 1.9, Max: 3.2, Diff: 3.2, Sum: 14.9]
      [Termination (ms): Min: 0.0, Avg: 0.9, Max: 1.2, Diff: 1.2, Sum: 7.3]
         [Termination Attempts: Min: 1, Avg: 12.4, Max: 24, Diff: 23, Sum: 99]
      [GC Worker Other (ms): Min: 0.0, Avg: 0.0, Max: 0.0, Diff: 0.0, Sum: 0.0]
      [GC Worker Total (ms): Min: 0.6, Avg: 4.7, Max: 6.9, Diff: 6.3, Sum: 37.6]
      [GC Worker End (ms): Min: 427677203.2, Avg: 427677203.2, Max: 427677203.3, Diff: 0.1]
   [Code Root Fixup: 0.0 ms]
   [Code Root Purge: 0.0 ms]
   [Clear CT: 1.0 ms]
   [Other: 29.8 ms]
      [Choose CSet: 0.0 ms]
      [Ref Proc: 29.4 ms]
      [Ref Enq: 0.1 ms]
      [Redirty Cards: 0.1 ms]
      [Humongous Register: 0.0 ms]
      [Humongous Reclaim: 0.0 ms]
      [Free CSet: 0.1 ms]
   [Eden: 7136.0M(7136.0M)->0.0B(5696.0M) Survivors: 32768.0K->32768.0K Heap: 10633.5M(14336.0M)->3504.3M(14336.0M)]
 [Times: user=0.15 sys=0.00, real=0.04 secs] 
2022-09-27T22:45:22.636-0600: 427755.747: [GC pause (G1 Evacuation Pause) (mixed), 0.0295012 secs]
   [Parallel Time: 10.4 ms, GC Workers: 8]
      [GC Worker Start (ms): Min: 427755746.9, Avg: 427755750.2, Max: 427755756.9, Diff: 10.0]
      [Ext Root Scanning (ms): Min: 0.0, Avg: 0.8, Max: 3.3, Diff: 3.3, Sum: 6.5]
      [Update RS (ms): Min: 0.0, Avg: 1.4, Max: 3.3, Diff: 3.3, Sum: 10.9]
         [Processed Buffers: Min: 0, Avg: 6.5, Max: 23, Diff: 23, Sum: 52]
      [Scan RS (ms): Min: 0.0, Avg: 1.3, Max: 5.6, Diff: 5.5, Sum: 10.0]
      [Code Root Scanning (ms): Min: 0.0, Avg: 0.0, Max: 0.0, Diff: 0.0, Sum: 0.0]
      [Object Copy (ms): Min: 0.0, Avg: 2.8, Max: 3.9, Diff: 3.9, Sum: 22.8]
      [Termination (ms): Min: 0.0, Avg: 0.6, Max: 0.9, Diff: 0.9, Sum: 4.8]
         [Termination Attempts: Min: 1, Avg: 56.9, Max: 85, Diff: 84, Sum: 455]
      [GC Worker Other (ms): Min: 0.0, Avg: 0.0, Max: 0.0, Diff: 0.0, Sum: 0.0]
      [GC Worker Total (ms): Min: 0.2, Avg: 6.9, Max: 10.3, Diff: 10.2, Sum: 55.0]
      [GC Worker End (ms): Min: 427755757.1, Avg: 427755757.1, Max: 427755757.2, Diff: 0.2]
   [Code Root Fixup: 0.0 ms]
   [Code Root Purge: 0.0 ms]
   [Clear CT: 0.7 ms]
   [Other: 18.4 ms]
      [Choose CSet: 0.0 ms]
      [Ref Proc: 17.8 ms]
      [Ref Enq: 0.1 ms]
      [Redirty Cards: 0.2 ms]
      [Humongous Register: 0.0 ms]
      [Humongous Reclaim: 0.0 ms]
      [Free CSet: 0.1 ms]
   [Eden: 5696.0M(5696.0M)->0.0B(7152.0M) Survivors: 32768.0K->16384.0K Heap: 9200.3M(14336.0M)->3482.3M(14336.0M)]
 [Times: user=0.11 sys=0.00, real=0.03 secs] 
2022-09-27T22:47:03.531-0600: 427856.642: [GC pause (G1 Evacuation Pause) (young), 0.0505476 secs]
   [Parallel Time: 33.3 ms, GC Workers: 8]
      [GC Worker Start (ms): Min: 427856642.1, Avg: 427856650.2, Max: 427856675.1, Diff: 33.1]
      [Ext Root Scanning (ms): Min: 0.0, Avg: 1.1, Max: 2.9, Diff: 2.9, Sum: 8.5]
      [Update RS (ms): Min: 0.0, Avg: 2.5, Max: 5.1, Diff: 5.1, Sum: 19.7]
         [Processed Buffers: Min: 0, Avg: 14.4, Max: 33, Diff: 33, Sum: 115]
      [Scan RS (ms): Min: 0.0, Avg: 0.0, Max: 0.1, Diff: 0.1, Sum: 0.2]
      [Code Root Scanning (ms): Min: 0.0, Avg: 0.0, Max: 0.0, Diff: 0.0, Sum: 0.0]
      [Object Copy (ms): Min: 0.0, Avg: 1.0, Max: 2.0, Diff: 2.0, Sum: 7.6]
      [Termination (ms): Min: 0.0, Avg: 20.5, Max: 24.0, Diff: 24.0, Sum: 164.3]
         [Termination Attempts: Min: 1, Avg: 1.4, Max: 3, Diff: 2, Sum: 11]
      [GC Worker Other (ms): Min: 0.0, Avg: 0.0, Max: 0.0, Diff: 0.0, Sum: 0.0]
      [GC Worker Total (ms): Min: 0.0, Avg: 25.1, Max: 33.1, Diff: 33.1, Sum: 200.4]
      [GC Worker End (ms): Min: 427856675.2, Avg: 427856675.2, Max: 427856675.3, Diff: 0.1]
   [Code Root Fixup: 0.0 ms]
   [Code Root Purge: 0.0 ms]
   [Clear CT: 0.7 ms]
   [Other: 16.5 ms]
      [Choose CSet: 0.0 ms]
      [Ref Proc: 16.1 ms]
      [Ref Enq: 0.1 ms]
      [Redirty Cards: 0.1 ms]
      [Humongous Register: 0.0 ms]
      [Humongous Reclaim: 0.0 ms]
      [Free CSet: 0.1 ms]
   [Eden: 7152.0M(7152.0M)->0.0B(7152.0M) Survivors: 16384.0K->16384.0K Heap: 10634.3M(14336.0M)->3484.8M(14336.0M)]
 [Times: user=0.23 sys=0.00, real=0.05 secs] 
2022-09-27T22:48:43.379-0600: 427956.490: [GC pause (G1 Evacuation Pause) (young) (initial-mark), 0.2332125 secs]
   [Parallel Time: 153.8 ms, GC Workers: 8]
      [GC Worker Start (ms): Min: 427956491.4, Avg: 427956495.9, Max: 427956496.9, Diff: 5.5]
      [Ext Root Scanning (ms): Min: 1.8, Avg: 76.1, Max: 146.8, Diff: 145.0, Sum: 609.1]
      [Update RS (ms): Min: 0.0, Avg: 1.1, Max: 3.4, Diff: 3.4, Sum: 8.4]
         [Processed Buffers: Min: 0, Avg: 5.8, Max: 22, Diff: 22, Sum: 46]
      [Scan RS (ms): Min: 0.0, Avg: 0.0, Max: 0.1, Diff: 0.1, Sum: 0.2]
      [Code Root Scanning (ms): Min: 0.0, Avg: 0.0, Max: 0.0, Diff: 0.0, Sum: 0.0]
      [Object Copy (ms): Min: 0.0, Avg: 1.2, Max: 3.3, Diff: 3.3, Sum: 9.6]
      [Termination (ms): Min: 0.0, Avg: 69.3, Max: 138.7, Diff: 138.7, Sum: 554.6]
         [Termination Attempts: Min: 1, Avg: 1.9, Max: 6, Diff: 5, Sum: 15]
      [GC Worker Other (ms): Min: 0.0, Avg: 0.0, Max: 0.0, Diff: 0.0, Sum: 0.1]
      [GC Worker Total (ms): Min: 146.8, Avg: 147.8, Max: 152.4, Diff: 5.7, Sum: 1182.1]
      [GC Worker End (ms): Min: 427956643.6, Avg: 427956643.7, Max: 427956643.8, Diff: 0.2]
   [Code Root Fixup: 0.0 ms]
   [Code Root Purge: 0.0 ms]
   [Clear CT: 1.0 ms]
   [Other: 78.4 ms]
      [Choose CSet: 0.0 ms]
      [Ref Proc: 77.8 ms]
      [Ref Enq: 0.1 ms]
      [Redirty Cards: 0.1 ms]
      [Humongous Register: 0.0 ms]
      [Humongous Reclaim: 0.0 ms]
      [Free CSet: 0.3 ms]
   [Eden: 7152.0M(7152.0M)->0.0B(7152.0M) Survivors: 16384.0K->16384.0K Heap: 10636.8M(14336.0M)->3486.4M(14336.0M)]
 [Times: user=0.72 sys=0.00, real=0.24 secs] 
2022-09-27T22:48:43.612-0600: 427956.723: [GC concurrent-root-region-scan-start]
2022-09-27T22:48:43.620-0600: 427956.731: [GC concurrent-root-region-scan-end, 0.0078335 secs]
2022-09-27T22:48:43.620-0600: 427956.731: [GC concurrent-mark-start]
2022-09-27T22:48:44.946-0600: 427958.057: [GC concurrent-mark-end, 1.3253813 secs]
2022-09-27T22:48:44.946-0600: 427958.057: [GC remark 2022-09-27T22:48:44.946-0600: 427958.057: [Finalize Marking, 0.0036550 secs] 2022-09-27T22:48:44.949-0600: 427958.060: [GC ref-proc, 0.5832054 secs] 2022-09-27T22:48:45.533-0600: 427958.644: [Unloading, 0.0318219 secs], 0.6234431 secs]
 [Times: user=1.18 sys=0.00, real=0.63 secs] 
2022-09-27T22:48:45.569-0600: 427958.680: [GC cleanup 3630M->3630M(14336M), 0.0064805 secs]
 [Times: user=0.02 sys=0.00, real=0.00 secs] 
2022-09-27T22:50:24.379-0600: 428057.489: [GC pause (G1 Evacuation Pause) (young), 0.2498001 secs]
   [Parallel Time: 67.3 ms, GC Workers: 8]
      [GC Worker Start (ms): Min: 428057489.5, Avg: 428057538.8, Max: 428057556.5, Diff: 67.0]
      [Ext Root Scanning (ms): Min: 0.0, Avg: 0.8, Max: 3.3, Diff: 3.3, Sum: 6.2]
      [Update RS (ms): Min: 0.0, Avg: 0.9, Max: 3.5, Diff: 3.5, Sum: 6.9]
         [Processed Buffers: Min: 0, Avg: 5.4, Max: 29, Diff: 29, Sum: 43]
      [Scan RS (ms): Min: 0.0, Avg: 0.0, Max: 0.1, Diff: 0.1, Sum: 0.2]
      [Code Root Scanning (ms): Min: 0.0, Avg: 0.0, Max: 0.0, Diff: 0.0, Sum: 0.0]
      [Object Copy (ms): Min: 0.0, Avg: 1.0, Max: 4.0, Diff: 4.0, Sum: 7.7]
      [Termination (ms): Min: 0.0, Avg: 15.0, Max: 56.6, Diff: 56.6, Sum: 120.4]
         [Termination Attempts: Min: 1, Avg: 2.2, Max: 11, Diff: 10, Sum: 18]
      [GC Worker Other (ms): Min: 0.0, Avg: 0.0, Max: 0.0, Diff: 0.0, Sum: 0.0]
      [GC Worker Total (ms): Min: 0.0, Avg: 17.7, Max: 67.1, Diff: 67.1, Sum: 141.5]
      [GC Worker End (ms): Min: 428057556.5, Avg: 428057556.5, Max: 428057556.7, Diff: 0.2]
   [Code Root Fixup: 0.0 ms]
   [Code Root Purge: 0.0 ms]
   [Clear CT: 0.9 ms]
   [Other: 181.5 ms]
      [Choose CSet: 0.0 ms]
      [Ref Proc: 181.0 ms]
      [Ref Enq: 0.2 ms]
      [Redirty Cards: 0.1 ms]
      [Humongous Register: 0.0 ms]
      [Humongous Reclaim: 0.0 ms]
      [Free CSet: 0.2 ms]
   [Eden: 7152.0M(7152.0M)->0.0B(5712.0M) Survivors: 16384.0K->16384.0K Heap: 10638.4M(14336.0M)->3489.2M(14336.0M)]
 [Times: user=0.70 sys=0.00, real=0.26 secs] 
2022-09-27T22:51:43.581-0600: 428136.692: [GC pause (G1 Evacuation Pause) (mixed), 0.0553598 secs]
   [Parallel Time: 10.8 ms, GC Workers: 8]
      [GC Worker Start (ms): Min: 428136692.1, Avg: 428136697.6, Max: 428136702.7, Diff: 10.6]
      [Ext Root Scanning (ms): Min: 0.0, Avg: 0.8, Max: 3.2, Diff: 3.2, Sum: 6.3]
      [Update RS (ms): Min: 0.0, Avg: 1.0, Max: 2.5, Diff: 2.5, Sum: 7.9]
         [Processed Buffers: Min: 0, Avg: 5.9, Max: 20, Diff: 20, Sum: 47]
      [Scan RS (ms): Min: 0.0, Avg: 0.2, Max: 0.5, Diff: 0.5, Sum: 1.7]
      [Code Root Scanning (ms): Min: 0.0, Avg: 0.0, Max: 0.0, Diff: 0.0, Sum: 0.0]
      [Object Copy (ms): Min: 0.0, Avg: 2.0, Max: 4.1, Diff: 4.1, Sum: 16.0]
      [Termination (ms): Min: 0.0, Avg: 1.2, Max: 1.9, Diff: 1.9, Sum: 9.8]
         [Termination Attempts: Min: 1, Avg: 10.5, Max: 28, Diff: 27, Sum: 84]
      [GC Worker Other (ms): Min: 0.0, Avg: 0.0, Max: 0.0, Diff: 0.0, Sum: 0.0]
      [GC Worker Total (ms): Min: 0.0, Avg: 5.2, Max: 10.7, Diff: 10.7, Sum: 41.8]
      [GC Worker End (ms): Min: 428136702.8, Avg: 428136702.8, Max: 428136702.9, Diff: 0.1]
   [Code Root Fixup: 0.0 ms]
   [Code Root Purge: 0.0 ms]
   [Clear CT: 0.6 ms]
   [Other: 43.9 ms]
      [Choose CSet: 0.0 ms]
      [Ref Proc: 43.4 ms]
      [Ref Enq: 0.1 ms]
      [Redirty Cards: 0.1 ms]
      [Humongous Register: 0.0 ms]
      [Humongous Reclaim: 0.0 ms]
      [Free CSet: 0.2 ms]
   [Eden: 5712.0M(5712.0M)->0.0B(7152.0M) Survivors: 16384.0K->16384.0K Heap: 9201.2M(14336.0M)->3477.1M(14336.0M)]
 [Times: user=0.13 sys=0.00, real=0.05 secs] 
2022-09-27T22:53:23.031-0600: 428236.142: [GC pause (G1 Evacuation Pause) (young), 0.3281185 secs]
   [Parallel Time: 75.7 ms, GC Workers: 8]
      [GC Worker Start (ms): Min: 428236141.7, Avg: 428236205.7, Max: 428236215.8, Diff: 74.1]
      [Ext Root Scanning (ms): Min: 0.0, Avg: 0.7, Max: 5.6, Diff: 5.6, Sum: 5.6]
      [Update RS (ms): Min: 0.0, Avg: 1.5, Max: 11.9, Diff: 11.9, Sum: 11.9]
         [Processed Buffers: Min: 0, Avg: 10.9, Max: 87, Diff: 87, Sum: 87]
      [Scan RS (ms): Min: 0.0, Avg: 0.0, Max: 0.1, Diff: 0.1, Sum: 0.2]
      [Code Root Scanning (ms): Min: 0.0, Avg: 0.0, Max: 0.0, Diff: 0.0, Sum: 0.0]
      [Object Copy (ms): Min: 0.0, Avg: 0.8, Max: 6.5, Diff: 6.5, Sum: 6.5]
      [Termination (ms): Min: 0.0, Avg: 7.2, Max: 50.7, Diff: 50.7, Sum: 57.6]
         [Termination Attempts: Min: 1, Avg: 1.0, Max: 1, Diff: 0, Sum: 8]
      [GC Worker Other (ms): Min: 0.0, Avg: 0.0, Max: 0.0, Diff: 0.0, Sum: 0.0]
      [GC Worker Total (ms): Min: 0.0, Avg: 10.2, Max: 74.7, Diff: 74.7, Sum: 81.7]
      [GC Worker End (ms): Min: 428236215.9, Avg: 428236216.0, Max: 428236216.5, Diff: 0.6]
   [Code Root Fixup: 0.0 ms]
   [Code Root Purge: 0.0 ms]
   [Clear CT: 1.0 ms]
   [Other: 251.4 ms]
      [Choose CSet: 0.0 ms]
      [Ref Proc: 250.7 ms]
      [Ref Enq: 0.2 ms]
      [Redirty Cards: 0.2 ms]
      [Humongous Register: 0.0 ms]
      [Humongous Reclaim: 0.0 ms]
      [Free CSet: 0.2 ms]
   [Eden: 7152.0M(7152.0M)->0.0B(5712.0M) Survivors: 16384.0K->16384.0K Heap: 10629.1M(14336.0M)->3478.4M(14336.0M)]
 [Times: user=0.52 sys=0.00, real=0.32 secs] 
2022-09-27T22:54:44.083-0600: 428317.194: [GC pause (G1 Evacuation Pause) (young) (initial-mark), 0.1485052 secs]
   [Parallel Time: 125.8 ms, GC Workers: 8]
      [GC Worker Start (ms): Min: 428317195.7, Avg: 428317198.7, Max: 428317210.3, Diff: 14.7]
      [Ext Root Scanning (ms): Min: 2.5, Avg: 15.3, Max: 20.6, Diff: 18.1, Sum: 122.5]
      [Update RS (ms): Min: 0.0, Avg: 2.2, Max: 6.4, Diff: 6.4, Sum: 17.8]
         [Processed Buffers: Min: 0, Avg: 5.0, Max: 14, Diff: 14, Sum: 40]
      [Scan RS (ms): Min: 0.0, Avg: 0.0, Max: 0.1, Diff: 0.0, Sum: 0.2]
      [Code Root Scanning (ms): Min: 0.0, Avg: 0.0, Max: 0.0, Diff: 0.0, Sum: 0.0]
      [Object Copy (ms): Min: 0.1, Avg: 1.4, Max: 2.0, Diff: 1.9, Sum: 11.1]
      [Termination (ms): Min: 0.0, Avg: 1.7, Max: 2.3, Diff: 2.3, Sum: 13.8]
         [Termination Attempts: Min: 1, Avg: 5.5, Max: 15, Diff: 14, Sum: 44]
      [GC Worker Other (ms): Min: 0.0, Avg: 0.0, Max: 0.0, Diff: 0.0, Sum: 0.1]
      [GC Worker Total (ms): Min: 9.1, Avg: 20.7, Max: 23.7, Diff: 14.7, Sum: 165.4]
      [GC Worker End (ms): Min: 428317219.4, Avg: 428317219.4, Max: 428317219.4, Diff: 0.0]
   [Code Root Fixup: 0.0 ms]
   [Code Root Purge: 0.0 ms]
   [Clear CT: 0.7 ms]
   [Other: 22.0 ms]
      [Choose CSet: 0.0 ms]
      [Ref Proc: 21.6 ms]
      [Ref Enq: 0.1 ms]
      [Redirty Cards: 0.1 ms]
      [Humongous Register: 0.0 ms]
      [Humongous Reclaim: 0.0 ms]
      [Free CSet: 0.1 ms]
   [Eden: 5712.0M(5712.0M)->0.0B(5712.0M) Survivors: 16384.0K->16384.0K Heap: 9190.4M(14336.0M)->3482.7M(14336.0M)]
 [Times: user=0.23 sys=0.00, real=0.15 secs] 
2022-09-27T22:54:44.232-0600: 428317.343: [GC concurrent-root-region-scan-start]
2022-09-27T22:54:44.347-0600: 428317.458: [GC concurrent-root-region-scan-end, 0.1147435 secs]
2022-09-27T22:54:44.347-0600: 428317.458: [GC concurrent-mark-start]
2022-09-27T22:54:45.674-0600: 428318.785: [GC concurrent-mark-end, 1.3268965 secs]
2022-09-27T22:54:45.680-0600: 428318.791: [GC remark 2022-09-27T22:54:45.680-0600: 428318.791: [Finalize Marking, 0.0019155 secs] 2022-09-27T22:54:45.682-0600: 428318.793: [GC ref-proc, 0.0308746 secs] 2022-09-27T22:54:45.713-0600: 428318.824: [Unloading, 0.0282883 secs], 0.0688176 secs]
 [Times: user=0.24 sys=0.00, real=0.08 secs] 
2022-09-27T22:54:45.749-0600: 428318.860: [GC cleanup 3589M->3589M(14336M), 0.0080965 secs]
 [Times: user=0.03 sys=0.00, real=0.00 secs] 
2022-09-27T22:56:06.880-0600: 428399.991: [GC pause (G1 Evacuation Pause) (young), 0.4024284 secs]
   [Parallel Time: 7.2 ms, GC Workers: 8]
      [GC Worker Start (ms): Min: 428399991.0, Avg: 428399991.4, Max: 428399993.4, Diff: 2.4]
      [Ext Root Scanning (ms): Min: 0.0, Avg: 1.0, Max: 3.8, Diff: 3.8, Sum: 8.1]
      [Update RS (ms): Min: 0.0, Avg: 1.3, Max: 1.8, Diff: 1.8, Sum: 10.2]
         [Processed Buffers: Min: 0, Avg: 6.8, Max: 15, Diff: 15, Sum: 54]
      [Scan RS (ms): Min: 0.0, Avg: 0.0, Max: 0.1, Diff: 0.0, Sum: 0.2]
      [Code Root Scanning (ms): Min: 0.0, Avg: 0.0, Max: 0.0, Diff: 0.0, Sum: 0.0]
      [Object Copy (ms): Min: 0.1, Avg: 1.1, Max: 1.3, Diff: 1.3, Sum: 9.0]
      [Termination (ms): Min: 0.0, Avg: 0.0, Max: 0.0, Diff: 0.0, Sum: 0.0]
         [Termination Attempts: Min: 1, Avg: 4.5, Max: 9, Diff: 8, Sum: 36]
      [GC Worker Other (ms): Min: 0.0, Avg: 0.0, Max: 0.1, Diff: 0.1, Sum: 0.2]
      [GC Worker Total (ms): Min: 1.5, Avg: 3.5, Max: 3.9, Diff: 2.4, Sum: 27.7]
      [GC Worker End (ms): Min: 428399994.9, Avg: 428399994.9, Max: 428399994.9, Diff: 0.1]
   [Code Root Fixup: 0.0 ms]
   [Code Root Purge: 0.0 ms]
   [Clear CT: 0.5 ms]
   [Other: 394.8 ms]
      [Choose CSet: 0.0 ms]
      [Ref Proc: 394.4 ms]
      [Ref Enq: 0.1 ms]
      [Redirty Cards: 0.1 ms]
      [Humongous Register: 0.0 ms]
      [Humongous Reclaim: 0.0 ms]
      [Free CSet: 0.1 ms]
   [Eden: 5712.0M(5712.0M)->0.0B(5712.0M) Survivors: 16384.0K->16384.0K Heap: 9194.7M(14336.0M)->3482.3M(14336.0M)]
 [Times: user=0.09 sys=0.00, real=0.41 secs] 
2022-09-27T22:57:27.442-0600: 428480.553: [GC pause (G1 Evacuation Pause) (mixed), 0.0731479 secs]
   [Parallel Time: 13.8 ms, GC Workers: 8]
      [GC Worker Start (ms): Min: 428480552.6, Avg: 428480560.9, Max: 428480566.3, Diff: 13.7]
      [Ext Root Scanning (ms): Min: 0.0, Avg: 0.9, Max: 3.5, Diff: 3.5, Sum: 6.8]
      [Update RS (ms): Min: 0.0, Avg: 1.0, Max: 3.0, Diff: 3.0, Sum: 7.9]
         [Processed Buffers: Min: 0, Avg: 5.4, Max: 25, Diff: 25, Sum: 43]
      [Scan RS (ms): Min: 0.0, Avg: 0.5, Max: 1.4, Diff: 1.4, Sum: 4.3]
      [Code Root Scanning (ms): Min: 0.0, Avg: 0.0, Max: 0.0, Diff: 0.0, Sum: 0.0]
      [Object Copy (ms): Min: 0.0, Avg: 1.8, Max: 5.0, Diff: 5.0, Sum: 14.6]
      [Termination (ms): Min: 0.0, Avg: 1.3, Max: 2.2, Diff: 2.2, Sum: 10.0]
         [Termination Attempts: Min: 1, Avg: 1.0, Max: 1, Diff: 0, Sum: 8]
      [GC Worker Other (ms): Min: 0.0, Avg: 0.0, Max: 0.0, Diff: 0.0, Sum: 0.0]
      [GC Worker Total (ms): Min: 0.0, Avg: 5.5, Max: 13.8, Diff: 13.8, Sum: 43.7]
      [GC Worker End (ms): Min: 428480566.3, Avg: 428480566.3, Max: 428480566.4, Diff: 0.0]
   [Code Root Fixup: 0.0 ms]
   [Code Root Purge: 0.0 ms]
   [Clear CT: 0.8 ms]
   [Other: 58.6 ms]
      [Choose CSet: 0.0 ms]
      [Ref Proc: 58.1 ms]
      [Ref Enq: 0.1 ms]
      [Redirty Cards: 0.1 ms]
      [Humongous Register: 0.0 ms]
      [Humongous Reclaim: 0.0 ms]
      [Free CSet: 0.1 ms]
   [Eden: 5712.0M(5712.0M)->0.0B(5712.0M) Survivors: 16384.0K->16384.0K Heap: 9194.3M(14336.0M)->3474.3M(14336.0M)]
 [Times: user=0.19 sys=0.00, real=0.07 secs] 
2022-09-27T22:58:45.178-0600: 428558.289: [GC pause (G1 Evacuation Pause) (young), 0.0307588 secs]
   [Parallel Time: 9.5 ms, GC Workers: 8]
      [GC Worker Start (ms): Min: 428558289.0, Avg: 428558291.9, Max: 428558295.2, Diff: 6.2]
      [Ext Root Scanning (ms): Min: 0.0, Avg: 0.8, Max: 3.0, Diff: 3.0, Sum: 6.1]
      [Update RS (ms): Min: 0.5, Avg: 3.7, Max: 7.4, Diff: 6.9, Sum: 29.3]
         [Processed Buffers: Min: 3, Avg: 13.6, Max: 34, Diff: 31, Sum: 109]
      [Scan RS (ms): Min: 0.0, Avg: 0.0, Max: 0.1, Diff: 0.0, Sum: 0.2]
      [Code Root Scanning (ms): Min: 0.0, Avg: 0.0, Max: 0.0, Diff: 0.0, Sum: 0.0]
      [Object Copy (ms): Min: 0.0, Avg: 1.5, Max: 2.2, Diff: 2.2, Sum: 11.9]
      [Termination (ms): Min: 0.0, Avg: 0.5, Max: 0.8, Diff: 0.8, Sum: 4.1]
         [Termination Attempts: Min: 1, Avg: 29.8, Max: 56, Diff: 55, Sum: 238]
      [GC Worker Other (ms): Min: 0.0, Avg: 0.0, Max: 0.0, Diff: 0.0, Sum: 0.0]
      [GC Worker Total (ms): Min: 3.2, Avg: 6.5, Max: 9.4, Diff: 6.2, Sum: 51.6]
      [GC Worker End (ms): Min: 428558298.4, Avg: 428558298.4, Max: 428558298.4, Diff: 0.0]
   [Code Root Fixup: 0.0 ms]
   [Code Root Purge: 0.0 ms]
   [Clear CT: 0.7 ms]
   [Other: 20.6 ms]
      [Choose CSet: 0.0 ms]
      [Ref Proc: 20.2 ms]
      [Ref Enq: 0.1 ms]
      [Redirty Cards: 0.1 ms]
      [Humongous Register: 0.0 ms]
      [Humongous Reclaim: 0.0 ms]
      [Free CSet: 0.1 ms]
   [Eden: 5712.0M(5712.0M)->0.0B(5712.0M) Survivors: 16384.0K->16384.0K Heap: 9186.3M(14336.0M)->3483.4M(14336.0M)]
 [Times: user=0.11 sys=0.00, real=0.04 secs] 
2022-09-27T23:00:05.928-0600: 428639.038: [GC pause (G1 Evacuation Pause) (young) (initial-mark), 0.0440951 secs]
   [Parallel Time: 17.4 ms, GC Workers: 8]
      [GC Worker Start (ms): Min: 428639039.8, Avg: 428639043.4, Max: 428639044.3, Diff: 4.5]
      [Ext Root Scanning (ms): Min: 1.3, Avg: 7.4, Max: 11.6, Diff: 10.3, Sum: 59.3]
      [Update RS (ms): Min: 0.0, Avg: 1.2, Max: 4.5, Diff: 4.5, Sum: 9.9]
         [Processed Buffers: Min: 0, Avg: 6.6, Max: 16, Diff: 16, Sum: 53]
      [Scan RS (ms): Min: 0.0, Avg: 0.0, Max: 0.1, Diff: 0.1, Sum: 0.2]
      [Code Root Scanning (ms): Min: 0.0, Avg: 0.0, Max: 0.0, Diff: 0.0, Sum: 0.0]
      [Object Copy (ms): Min: 0.0, Avg: 1.3, Max: 2.6, Diff: 2.6, Sum: 10.2]
      [Termination (ms): Min: 0.0, Avg: 2.5, Max: 3.4, Diff: 3.4, Sum: 20.1]
         [Termination Attempts: Min: 1, Avg: 9.8, Max: 31, Diff: 30, Sum: 78]
      [GC Worker Other (ms): Min: 0.0, Avg: 0.0, Max: 0.0, Diff: 0.0, Sum: 0.0]
      [GC Worker Total (ms): Min: 11.6, Avg: 12.5, Max: 16.1, Diff: 4.5, Sum: 99.7]
      [GC Worker End (ms): Min: 428639055.8, Avg: 428639055.9, Max: 428639055.9, Diff: 0.1]
   [Code Root Fixup: 0.0 ms]
   [Code Root Purge: 0.0 ms]
   [Clear CT: 0.8 ms]
   [Other: 25.9 ms]
      [Choose CSet: 0.0 ms]
      [Ref Proc: 25.5 ms]
      [Ref Enq: 0.1 ms]
      [Redirty Cards: 0.1 ms]
      [Humongous Register: 0.0 ms]
      [Humongous Reclaim: 0.0 ms]
      [Free CSet: 0.1 ms]
   [Eden: 5712.0M(5712.0M)->0.0B(7152.0M) Survivors: 16384.0K->16384.0K Heap: 9195.4M(14336.0M)->3482.0M(14336.0M)]
 [Times: user=0.23 sys=0.00, real=0.05 secs] 
2022-09-27T23:00:05.972-0600: 428639.083: [GC concurrent-root-region-scan-start]
2022-09-27T23:00:05.978-0600: 428639.089: [GC concurrent-root-region-scan-end, 0.0062936 secs]
2022-09-27T23:00:05.978-0600: 428639.089: [GC concurrent-mark-start]
2022-09-27T23:00:07.329-0600: 428640.440: [GC concurrent-mark-end, 1.3508613 secs]
2022-09-27T23:00:07.329-0600: 428640.440: [GC remark 2022-09-27T23:00:07.329-0600: 428640.440: [Finalize Marking, 0.0883601 secs] 2022-09-27T23:00:07.418-0600: 428640.528: [GC ref-proc, 0.0713088 secs] 2022-09-27T23:00:07.489-0600: 428640.600: [Unloading, 0.0269787 secs], 0.1946095 secs]
 [Times: user=0.94 sys=0.00, real=0.19 secs] 
2022-09-27T23:00:07.524-0600: 428640.635: [GC cleanup 3626M->3626M(14336M), 0.0097829 secs]
 [Times: user=0.03 sys=0.00, real=0.01 secs] 
2022-09-27T23:01:48.486-0600: 428741.597: [GC pause (G1 Evacuation Pause) (young), 0.0629786 secs]
   [Parallel Time: 5.6 ms, GC Workers: 8]
      [GC Worker Start (ms): Min: 428741597.2, Avg: 428741598.7, Max: 428741602.7, Diff: 5.5]
      [Ext Root Scanning (ms): Min: 0.0, Avg: 0.9, Max: 3.5, Diff: 3.5, Sum: 7.2]
      [Update RS (ms): Min: 0.0, Avg: 1.1, Max: 1.8, Diff: 1.8, Sum: 8.6]
         [Processed Buffers: Min: 0, Avg: 5.6, Max: 16, Diff: 16, Sum: 45]
      [Scan RS (ms): Min: 0.0, Avg: 0.0, Max: 0.1, Diff: 0.1, Sum: 0.2]
      [Code Root Scanning (ms): Min: 0.0, Avg: 0.0, Max: 0.0, Diff: 0.0, Sum: 0.0]
      [Object Copy (ms): Min: 0.0, Avg: 1.1, Max: 1.6, Diff: 1.6, Sum: 8.4]
      [Termination (ms): Min: 0.0, Avg: 1.0, Max: 1.3, Diff: 1.3, Sum: 7.9]
         [Termination Attempts: Min: 1, Avg: 3.1, Max: 6, Diff: 5, Sum: 25]
      [GC Worker Other (ms): Min: 0.0, Avg: 0.0, Max: 0.0, Diff: 0.0, Sum: 0.0]
      [GC Worker Total (ms): Min: 0.0, Avg: 4.0, Max: 5.5, Diff: 5.5, Sum: 32.3]
      [GC Worker End (ms): Min: 428741602.7, Avg: 428741602.7, Max: 428741602.8, Diff: 0.1]
   [Code Root Fixup: 0.0 ms]
   [Code Root Purge: 0.0 ms]
   [Clear CT: 1.1 ms]
   [Other: 56.2 ms]
      [Choose CSet: 0.0 ms]
      [Ref Proc: 55.8 ms]
      [Ref Enq: 0.1 ms]
      [Redirty Cards: 0.1 ms]
      [Humongous Register: 0.0 ms]
      [Humongous Reclaim: 0.0 ms]
      [Free CSet: 0.1 ms]
   [Eden: 7152.0M(7152.0M)->0.0B(5712.0M) Survivors: 16384.0K->16384.0K Heap: 10634.0M(14336.0M)->3482.1M(14336.0M)]
 [Times: user=0.21 sys=0.00, real=0.07 secs] 
2022-09-27T23:03:07.372-0600: 428820.483: [GC pause (G1 Evacuation Pause) (mixed), 0.1841453 secs]
   [Parallel Time: 16.6 ms, GC Workers: 8]
      [GC Worker Start (ms): Min: 428820483.4, Avg: 428820488.0, Max: 428820494.5, Diff: 11.1]
      [Ext Root Scanning (ms): Min: 0.0, Avg: 0.8, Max: 3.2, Diff: 3.2, Sum: 6.7]
      [Update RS (ms): Min: 0.0, Avg: 0.9, Max: 2.2, Diff: 2.2, Sum: 7.3]
         [Processed Buffers: Min: 0, Avg: 5.9, Max: 14, Diff: 14, Sum: 47]
      [Scan RS (ms): Min: 0.0, Avg: 0.5, Max: 0.9, Diff: 0.9, Sum: 3.7]
      [Code Root Scanning (ms): Min: 0.0, Avg: 0.0, Max: 0.0, Diff: 0.0, Sum: 0.0]
      [Object Copy (ms): Min: 0.0, Avg: 4.1, Max: 11.7, Diff: 11.7, Sum: 33.1]
      [Termination (ms): Min: 0.0, Avg: 5.4, Max: 6.5, Diff: 6.5, Sum: 43.5]
         [Termination Attempts: Min: 1, Avg: 3.2, Max: 6, Diff: 5, Sum: 26]
      [GC Worker Other (ms): Min: 0.0, Avg: 0.0, Max: 0.0, Diff: 0.0, Sum: 0.1]
      [GC Worker Total (ms): Min: 5.3, Avg: 11.8, Max: 16.4, Diff: 11.0, Sum: 94.3]
      [GC Worker End (ms): Min: 428820499.8, Avg: 428820499.8, Max: 428820499.8, Diff: 0.1]
   [Code Root Fixup: 0.0 ms]
   [Code Root Purge: 0.0 ms]
   [Clear CT: 4.5 ms]
   [Other: 163.0 ms]
      [Choose CSet: 0.0 ms]
      [Ref Proc: 162.4 ms]
      [Ref Enq: 0.2 ms]
      [Redirty Cards: 0.2 ms]
      [Humongous Register: 0.0 ms]
      [Humongous Reclaim: 0.0 ms]
      [Free CSet: 0.1 ms]
   [Eden: 5712.0M(5712.0M)->0.0B(7152.0M) Survivors: 16384.0K->16384.0K Heap: 9194.1M(14336.0M)->3478.2M(14336.0M)]
 [Times: user=0.74 sys=0.00, real=0.18 secs] 
2022-09-27T23:04:47.284-0600: 428920.395: [GC pause (G1 Evacuation Pause) (young), 0.0329747 secs]
   [Parallel Time: 9.9 ms, GC Workers: 8]
      [GC Worker Start (ms): Min: 428920394.9, Avg: 428920395.6, Max: 428920399.2, Diff: 4.3]
      [Ext Root Scanning (ms): Min: 0.0, Avg: 4.2, Max: 9.4, Diff: 9.4, Sum: 33.8]
      [Update RS (ms): Min: 0.0, Avg: 2.9, Max: 5.4, Diff: 5.4, Sum: 23.0]
         [Processed Buffers: Min: 0, Avg: 15.6, Max: 34, Diff: 34, Sum: 125]
      [Scan RS (ms): Min: 0.0, Avg: 0.0, Max: 0.1, Diff: 0.1, Sum: 0.2]
      [Code Root Scanning (ms): Min: 0.0, Avg: 0.0, Max: 0.0, Diff: 0.0, Sum: 0.0]
      [Object Copy (ms): Min: 0.0, Avg: 1.3, Max: 2.1, Diff: 2.1, Sum: 10.8]
      [Termination (ms): Min: 0.0, Avg: 0.5, Max: 0.6, Diff: 0.6, Sum: 3.8]
         [Termination Attempts: Min: 1, Avg: 2.9, Max: 5, Diff: 4, Sum: 23]
      [GC Worker Other (ms): Min: 0.0, Avg: 0.0, Max: 0.0, Diff: 0.0, Sum: 0.1]
      [GC Worker Total (ms): Min: 5.4, Avg: 8.9, Max: 9.7, Diff: 4.3, Sum: 71.5]
      [GC Worker End (ms): Min: 428920404.6, Avg: 428920404.6, Max: 428920404.6, Diff: 0.0]
   [Code Root Fixup: 0.0 ms]
   [Code Root Purge: 0.0 ms]
   [Clear CT: 0.7 ms]
   [Other: 22.4 ms]
      [Choose CSet: 0.0 ms]
      [Ref Proc: 22.0 ms]
      [Ref Enq: 0.1 ms]
      [Redirty Cards: 0.1 ms]
      [Humongous Register: 0.0 ms]
      [Humongous Reclaim: 0.0 ms]
      [Free CSet: 0.1 ms]
   [Eden: 7152.0M(7152.0M)->0.0B(7152.0M) Survivors: 16384.0K->16384.0K Heap: 10630.2M(14336.0M)->3487.3M(14336.0M)]
 [Times: user=0.12 sys=0.00, real=0.03 secs] 
2022-09-27T23:06:26.883-0600: 429019.994: [GC pause (G1 Evacuation Pause) (young) (initial-mark), 0.0501656 secs]
   [Parallel Time: 18.5 ms, GC Workers: 8]
      [GC Worker Start (ms): Min: 429019994.9, Avg: 429019998.1, Max: 429019999.2, Diff: 4.3]
      [Ext Root Scanning (ms): Min: 1.4, Avg: 8.6, Max: 12.7, Diff: 11.3, Sum: 68.8]
      [Update RS (ms): Min: 0.0, Avg: 1.1, Max: 5.1, Diff: 5.1, Sum: 9.0]
         [Processed Buffers: Min: 0, Avg: 6.6, Max: 18, Diff: 18, Sum: 53]
      [Scan RS (ms): Min: 0.0, Avg: 0.0, Max: 0.1, Diff: 0.1, Sum: 0.2]
      [Code Root Scanning (ms): Min: 0.0, Avg: 0.0, Max: 0.0, Diff: 0.0, Sum: 0.0]
      [Object Copy (ms): Min: 0.0, Avg: 1.2, Max: 2.7, Diff: 2.7, Sum: 9.9]
      [Termination (ms): Min: 0.0, Avg: 2.8, Max: 4.1, Diff: 4.1, Sum: 22.6]
         [Termination Attempts: Min: 1, Avg: 13.6, Max: 36, Diff: 35, Sum: 109]
      [GC Worker Other (ms): Min: 0.0, Avg: 0.0, Max: 0.0, Diff: 0.0, Sum: 0.1]
      [GC Worker Total (ms): Min: 12.7, Avg: 13.8, Max: 17.1, Diff: 4.4, Sum: 110.6]
      [GC Worker End (ms): Min: 429020011.9, Avg: 429020012.0, Max: 429020012.1, Diff: 0.1]
   [Code Root Fixup: 0.0 ms]
   [Code Root Purge: 0.0 ms]
   [Clear CT: 0.8 ms]
   [Other: 30.9 ms]
      [Choose CSet: 0.0 ms]
      [Ref Proc: 30.4 ms]
      [Ref Enq: 0.1 ms]
      [Redirty Cards: 0.1 ms]
      [Humongous Register: 0.0 ms]
      [Humongous Reclaim: 0.0 ms]
      [Free CSet: 0.1 ms]
   [Eden: 7152.0M(7152.0M)->0.0B(7152.0M) Survivors: 16384.0K->16384.0K Heap: 10639.3M(14336.0M)->3484.7M(14336.0M)]
 [Times: user=0.16 sys=0.00, real=0.05 secs] 
2022-09-27T23:06:26.933-0600: 429020.044: [GC concurrent-root-region-scan-start]
2022-09-27T23:06:26.939-0600: 429020.050: [GC concurrent-root-region-scan-end, 0.0059353 secs]
2022-09-27T23:06:26.939-0600: 429020.050: [GC concurrent-mark-start]
2022-09-27T23:06:28.278-0600: 429021.389: [GC concurrent-mark-end, 1.3388338 secs]
2022-09-27T23:06:28.278-0600: 429021.389: [GC remark 2022-09-27T23:06:28.278-0600: 429021.389: [Finalize Marking, 0.0034731 secs] 2022-09-27T23:06:28.281-0600: 429021.392: [GC ref-proc, 0.0877748 secs] 2022-09-27T23:06:28.369-0600: 429021.480: [Unloading, 0.0490131 secs], 0.1628892 secs]
 [Times: user=0.57 sys=0.00, real=0.17 secs] 
2022-09-27T23:06:28.441-0600: 429021.552: [GC cleanup 3626M->3626M(14336M), 0.0864346 secs]
 [Times: user=0.11 sys=0.00, real=0.08 secs] 
2022-09-27T23:08:07.128-0600: 429120.239: [GC pause (G1 Evacuation Pause) (young), 0.1191181 secs]
   [Parallel Time: 78.5 ms, GC Workers: 8]
      [GC Worker Start (ms): Min: 429120238.8, Avg: 429120256.6, Max: 429120279.1, Diff: 40.3]
      [Ext Root Scanning (ms): Min: 0.0, Avg: 0.8, Max: 2.9, Diff: 2.9, Sum: 6.1]
      [Update RS (ms): Min: 0.0, Avg: 0.9, Max: 2.9, Diff: 2.9, Sum: 7.2]
         [Processed Buffers: Min: 0, Avg: 5.8, Max: 17, Diff: 17, Sum: 46]
      [Scan RS (ms): Min: 0.0, Avg: 0.0, Max: 0.1, Diff: 0.1, Sum: 0.2]
      [Code Root Scanning (ms): Min: 0.0, Avg: 0.0, Max: 0.0, Diff: 0.0, Sum: 0.0]
      [Object Copy (ms): Min: 0.0, Avg: 1.0, Max: 2.7, Diff: 2.7, Sum: 7.7]
      [Termination (ms): Min: 0.0, Avg: 24.7, Max: 71.3, Diff: 71.3, Sum: 198.0]
         [Termination Attempts: Min: 1, Avg: 1.4, Max: 3, Diff: 2, Sum: 11]
      [GC Worker Other (ms): Min: 0.0, Avg: 0.0, Max: 0.0, Diff: 0.0, Sum: 0.0]
      [GC Worker Total (ms): Min: 0.0, Avg: 27.4, Max: 78.3, Diff: 78.3, Sum: 219.2]
      [GC Worker End (ms): Min: 429120279.2, Avg: 429120284.0, Max: 429120317.1, Diff: 38.0]
   [Code Root Fixup: 0.0 ms]
   [Code Root Purge: 0.0 ms]
   [Clear CT: 0.9 ms]
   [Other: 39.7 ms]
      [Choose CSet: 0.0 ms]
      [Ref Proc: 39.3 ms]
      [Ref Enq: 0.1 ms]
      [Redirty Cards: 0.1 ms]
      [Humongous Register: 0.0 ms]
      [Humongous Reclaim: 0.0 ms]
      [Free CSet: 0.1 ms]
   [Eden: 7152.0M(7152.0M)->0.0B(5712.0M) Survivors: 16384.0K->16384.0K Heap: 10636.7M(14336.0M)->3486.1M(14336.0M)]
 [Times: user=0.35 sys=0.00, real=0.12 secs] 
2022-09-27T23:09:27.355-0600: 429200.466: [GC pause (G1 Evacuation Pause) (mixed), 0.0975371 secs]
   [Parallel Time: 10.1 ms, GC Workers: 8]
      [GC Worker Start (ms): Min: 429200465.8, Avg: 429200470.6, Max: 429200475.7, Diff: 9.9]
      [Ext Root Scanning (ms): Min: 0.0, Avg: 0.9, Max: 3.5, Diff: 3.5, Sum: 6.8]
      [Update RS (ms): Min: 0.0, Avg: 0.8, Max: 2.2, Diff: 2.2, Sum: 6.5]
         [Processed Buffers: Min: 0, Avg: 5.2, Max: 22, Diff: 22, Sum: 42]
      [Scan RS (ms): Min: 0.0, Avg: 0.6, Max: 1.2, Diff: 1.2, Sum: 4.5]
      [Code Root Scanning (ms): Min: 0.0, Avg: 0.0, Max: 0.0, Diff: 0.0, Sum: 0.0]
      [Object Copy (ms): Min: 0.0, Avg: 2.1, Max: 4.3, Diff: 4.3, Sum: 16.4]
      [Termination (ms): Min: 0.0, Avg: 0.8, Max: 1.2, Diff: 1.2, Sum: 6.3]
         [Termination Attempts: Min: 1, Avg: 3.4, Max: 9, Diff: 8, Sum: 27]
      [GC Worker Other (ms): Min: 0.0, Avg: 0.0, Max: 0.0, Diff: 0.0, Sum: 0.0]
      [GC Worker Total (ms): Min: 0.0, Avg: 5.1, Max: 9.9, Diff: 9.9, Sum: 40.7]
      [GC Worker End (ms): Min: 429200475.7, Avg: 429200475.7, Max: 429200475.7, Diff: 0.1]
   [Code Root Fixup: 0.0 ms]
   [Code Root Purge: 0.0 ms]
   [Clear CT: 0.5 ms]
   [Other: 87.0 ms]
      [Choose CSet: 0.0 ms]
      [Ref Proc: 86.3 ms]
      [Ref Enq: 0.3 ms]
      [Redirty Cards: 0.2 ms]
      [Humongous Register: 0.0 ms]
      [Humongous Reclaim: 0.0 ms]
      [Free CSet: 0.1 ms]
   [Eden: 5712.0M(5712.0M)->0.0B(7152.0M) Survivors: 16384.0K->16384.0K Heap: 9198.1M(14336.0M)->3480.8M(14336.0M)]
 [Times: user=0.18 sys=0.00, real=0.10 secs] 
2022-09-27T23:11:07.883-0600: 429300.994: [GC pause (G1 Evacuation Pause) (young), 0.0421852 secs]
   [Parallel Time: 12.1 ms, GC Workers: 8]
      [GC Worker Start (ms): Min: 429300993.8, Avg: 429300998.2, Max: 429301003.8, Diff: 9.9]
      [Ext Root Scanning (ms): Min: 0.0, Avg: 0.8, Max: 3.0, Diff: 3.0, Sum: 6.3]
      [Update RS (ms): Min: 0.0, Avg: 2.6, Max: 5.5, Diff: 5.5, Sum: 20.8]
         [Processed Buffers: Min: 0, Avg: 14.5, Max: 34, Diff: 34, Sum: 116]
      [Scan RS (ms): Min: 0.0, Avg: 0.0, Max: 0.1, Diff: 0.1, Sum: 0.2]
      [Code Root Scanning (ms): Min: 0.0, Avg: 0.0, Max: 0.0, Diff: 0.0, Sum: 0.0]
      [Object Copy (ms): Min: 0.0, Avg: 2.0, Max: 4.4, Diff: 4.4, Sum: 16.3]
      [Termination (ms): Min: 0.0, Avg: 2.1, Max: 2.7, Diff: 2.7, Sum: 16.9]
         [Termination Attempts: Min: 1, Avg: 3.2, Max: 6, Diff: 5, Sum: 26]
      [GC Worker Other (ms): Min: 0.0, Avg: 0.0, Max: 0.0, Diff: 0.0, Sum: 0.0]
      [GC Worker Total (ms): Min: 1.9, Avg: 7.6, Max: 11.8, Diff: 9.9, Sum: 60.6]
      [GC Worker End (ms): Min: 429301005.7, Avg: 429301005.8, Max: 429301005.9, Diff: 0.2]
   [Code Root Fixup: 0.0 ms]
   [Code Root Purge: 0.0 ms]
   [Clear CT: 1.0 ms]
   [Other: 29.1 ms]
      [Choose CSet: 0.0 ms]
      [Ref Proc: 28.7 ms]
      [Ref Enq: 0.1 ms]
      [Redirty Cards: 0.1 ms]
      [Humongous Register: 0.0 ms]
      [Humongous Reclaim: 0.0 ms]
      [Free CSet: 0.1 ms]
   [Eden: 7152.0M(7152.0M)->0.0B(7152.0M) Survivors: 16384.0K->16384.0K Heap: 10632.8M(14336.0M)->3484.4M(14336.0M)]
 [Times: user=0.15 sys=0.00, real=0.04 secs] 
2022-09-27T23:12:46.182-0600: 429399.293: [GC pause (G1 Evacuation Pause) (young) (initial-mark), 0.4823957 secs]
   [Parallel Time: 185.4 ms, GC Workers: 8]
      [GC Worker Start (ms): Min: 429399294.6, Avg: 429399295.8, Max: 429399296.9, Diff: 2.3]
      [Ext Root Scanning (ms): Min: 2.0, Avg: 6.5, Max: 9.9, Diff: 7.9, Sum: 51.9]
      [Update RS (ms): Min: 0.0, Avg: 1.1, Max: 3.1, Diff: 3.1, Sum: 9.1]
         [Processed Buffers: Min: 0, Avg: 5.8, Max: 15, Diff: 15, Sum: 46]
      [Scan RS (ms): Min: 0.0, Avg: 0.0, Max: 0.1, Diff: 0.1, Sum: 0.2]
      [Code Root Scanning (ms): Min: 0.0, Avg: 0.0, Max: 0.0, Diff: 0.0, Sum: 0.0]
      [Object Copy (ms): Min: 0.0, Avg: 23.3, Max: 170.6, Diff: 170.6, Sum: 186.8]
      [Termination (ms): Min: 0.0, Avg: 145.8, Max: 167.2, Diff: 167.2, Sum: 1166.1]
         [Termination Attempts: Min: 1, Avg: 8.0, Max: 15, Diff: 14, Sum: 64]
      [GC Worker Other (ms): Min: 0.0, Avg: 0.0, Max: 0.0, Diff: 0.0, Sum: 0.1]
      [GC Worker Total (ms): Min: 175.6, Avg: 176.8, Max: 178.0, Diff: 2.4, Sum: 1414.1]
      [GC Worker End (ms): Min: 429399472.5, Avg: 429399472.6, Max: 429399472.7, Diff: 0.2]
   [Code Root Fixup: 0.0 ms]
   [Code Root Purge: 0.0 ms]
   [Clear CT: 1.1 ms]
   [Other: 295.9 ms]
      [Choose CSet: 0.0 ms]
      [Ref Proc: 295.2 ms]
      [Ref Enq: 0.3 ms]
      [Redirty Cards: 0.1 ms]
      [Humongous Register: 0.0 ms]
      [Humongous Reclaim: 0.0 ms]
      [Free CSet: 0.1 ms]
   [Eden: 7152.0M(7152.0M)->0.0B(5712.0M) Survivors: 16384.0K->16384.0K Heap: 10636.4M(14336.0M)->3485.4M(14336.0M)]
 [Times: user=2.31 sys=0.00, real=0.48 secs] 
2022-09-27T23:12:46.665-0600: 429399.776: [GC concurrent-root-region-scan-start]
2022-09-27T23:12:46.672-0600: 429399.783: [GC concurrent-root-region-scan-end, 0.0071038 secs]
2022-09-27T23:12:46.672-0600: 429399.783: [GC concurrent-mark-start]
2022-09-27T23:12:48.028-0600: 429401.139: [GC concurrent-mark-end, 1.3561886 secs]
2022-09-27T23:12:48.028-0600: 429401.139: [GC remark 2022-09-27T23:12:48.028-0600: 429401.139: [Finalize Marking, 0.0019091 secs] 2022-09-27T23:12:48.030-0600: 429401.141: [GC ref-proc, 0.0421365 secs] 2022-09-27T23:12:48.072-0600: 429401.183: [Unloading, 0.0394074 secs], 0.0913833 secs]
 [Times: user=0.30 sys=0.00, real=0.08 secs] 
2022-09-27T23:12:48.120-0600: 429401.231: [GC cleanup 3661M->3661M(14336M), 0.3926448 secs]
 [Times: user=0.03 sys=0.00, real=0.40 secs] 
2022-09-27T23:14:06.279-0600: 429479.390: [GC pause (G1 Evacuation Pause) (young), 0.0238004 secs]
   [Parallel Time: 6.5 ms, GC Workers: 8]
      [GC Worker Start (ms): Min: 429479389.8, Avg: 429479391.5, Max: 429479395.6, Diff: 5.7]
      [Ext Root Scanning (ms): Min: 0.0, Avg: 0.9, Max: 3.5, Diff: 3.4, Sum: 7.4]
      [Update RS (ms): Min: 0.0, Avg: 1.5, Max: 4.7, Diff: 4.7, Sum: 11.9]
         [Processed Buffers: Min: 0, Avg: 5.6, Max: 14, Diff: 14, Sum: 45]
      [Scan RS (ms): Min: 0.0, Avg: 0.0, Max: 0.1, Diff: 0.1, Sum: 0.2]
      [Code Root Scanning (ms): Min: 0.0, Avg: 0.0, Max: 0.0, Diff: 0.0, Sum: 0.0]
      [Object Copy (ms): Min: 0.0, Avg: 1.3, Max: 2.0, Diff: 2.0, Sum: 10.6]
      [Termination (ms): Min: 0.0, Avg: 1.0, Max: 1.3, Diff: 1.3, Sum: 8.0]
         [Termination Attempts: Min: 1, Avg: 1.9, Max: 3, Diff: 2, Sum: 15]
      [GC Worker Other (ms): Min: 0.0, Avg: 0.0, Max: 0.0, Diff: 0.0, Sum: 0.0]
      [GC Worker Total (ms): Min: 0.6, Avg: 4.8, Max: 6.4, Diff: 5.7, Sum: 38.0]
      [GC Worker End (ms): Min: 429479396.2, Avg: 429479396.2, Max: 429479396.2, Diff: 0.1]
   [Code Root Fixup: 0.0 ms]
   [Code Root Purge: 0.0 ms]
   [Clear CT: 0.6 ms]
   [Other: 16.8 ms]
      [Choose CSet: 0.0 ms]
      [Ref Proc: 16.4 ms]
      [Ref Enq: 0.1 ms]
      [Redirty Cards: 0.1 ms]
      [Humongous Register: 0.0 ms]
      [Humongous Reclaim: 0.0 ms]
      [Free CSet: 0.1 ms]
   [Eden: 5712.0M(5712.0M)->0.0B(5712.0M) Survivors: 16384.0K->16384.0K Heap: 9197.4M(14336.0M)->3488.9M(14336.0M)]
 [Times: user=0.09 sys=0.00, real=0.03 secs] 
2022-09-27T23:15:28.186-0600: 429561.297: [GC pause (G1 Evacuation Pause) (mixed), 0.0684620 secs]
   [Parallel Time: 37.9 ms, GC Workers: 8]
      [GC Worker Start (ms): Min: 429561297.4, Avg: 429561302.6, Max: 429561311.3, Diff: 13.9]
      [Ext Root Scanning (ms): Min: 0.0, Avg: 2.4, Max: 7.3, Diff: 7.3, Sum: 18.9]
      [Update RS (ms): Min: 0.0, Avg: 6.0, Max: 16.9, Diff: 16.9, Sum: 48.1]
         [Processed Buffers: Min: 0, Avg: 6.2, Max: 20, Diff: 20, Sum: 50]
      [Scan RS (ms): Min: 0.0, Avg: 2.1, Max: 3.5, Diff: 3.5, Sum: 16.5]
      [Code Root Scanning (ms): Min: 0.0, Avg: 0.0, Max: 0.0, Diff: 0.0, Sum: 0.1]
      [Object Copy (ms): Min: 14.5, Avg: 15.1, Max: 15.8, Diff: 1.3, Sum: 121.1]
      [Termination (ms): Min: 0.0, Avg: 6.8, Max: 7.8, Diff: 7.8, Sum: 54.0]
         [Termination Attempts: Min: 7, Avg: 16.5, Max: 27, Diff: 20, Sum: 132]
      [GC Worker Other (ms): Min: 0.0, Avg: 0.0, Max: 0.0, Diff: 0.0, Sum: 0.2]
      [GC Worker Total (ms): Min: 23.8, Avg: 32.4, Max: 37.6, Diff: 13.8, Sum: 258.9]
      [GC Worker End (ms): Min: 429561334.9, Avg: 429561335.0, Max: 429561335.1, Diff: 0.2]
   [Code Root Fixup: 0.0 ms]
   [Code Root Purge: 0.0 ms]
   [Clear CT: 0.7 ms]
   [Other: 29.9 ms]
      [Choose CSet: 0.0 ms]
      [Ref Proc: 29.5 ms]
      [Ref Enq: 0.1 ms]
      [Redirty Cards: 0.1 ms]
      [Humongous Register: 0.0 ms]
      [Humongous Reclaim: 0.0 ms]
      [Free CSet: 0.1 ms]
   [Eden: 5712.0M(5712.0M)->0.0B(7152.0M) Survivors: 16384.0K->16384.0K Heap: 9200.9M(14336.0M)->3479.0M(14336.0M)]
 [Times: user=0.34 sys=0.00, real=0.07 secs] 
2022-09-27T23:17:09.930-0600: 429663.040: [GC pause (G1 Evacuation Pause) (young), 0.1206451 secs]
   [Parallel Time: 84.1 ms, GC Workers: 8]
      [GC Worker Start (ms): Min: 429663040.5, Avg: 429663043.7, Max: 429663047.2, Diff: 6.7]
      [Ext Root Scanning (ms): Min: 0.0, Avg: 0.8, Max: 2.9, Diff: 2.9, Sum: 6.0]
      [Update RS (ms): Min: 0.3, Avg: 31.8, Max: 81.3, Diff: 81.1, Sum: 254.1]
         [Processed Buffers: Min: 4, Avg: 12.9, Max: 28, Diff: 24, Sum: 103]
      [Scan RS (ms): Min: 0.0, Avg: 0.0, Max: 0.1, Diff: 0.1, Sum: 0.2]
      [Code Root Scanning (ms): Min: 0.0, Avg: 0.0, Max: 0.0, Diff: 0.0, Sum: 0.0]
      [Object Copy (ms): Min: 0.0, Avg: 1.3, Max: 2.3, Diff: 2.3, Sum: 10.3]
      [Termination (ms): Min: 0.0, Avg: 46.8, Max: 75.1, Diff: 75.1, Sum: 374.7]
         [Termination Attempts: Min: 1, Avg: 17.8, Max: 40, Diff: 39, Sum: 142]
      [GC Worker Other (ms): Min: 0.0, Avg: 0.0, Max: 0.0, Diff: 0.0, Sum: 0.0]
      [GC Worker Total (ms): Min: 77.2, Avg: 80.7, Max: 83.9, Diff: 6.7, Sum: 645.5]
      [GC Worker End (ms): Min: 429663124.3, Avg: 429663124.4, Max: 429663124.5, Diff: 0.2]
   [Code Root Fixup: 0.0 ms]
   [Code Root Purge: 0.0 ms]
   [Clear CT: 0.7 ms]
   [Other: 35.8 ms]
      [Choose CSet: 0.0 ms]
      [Ref Proc: 35.3 ms]
      [Ref Enq: 0.1 ms]
      [Redirty Cards: 0.1 ms]
      [Humongous Register: 0.0 ms]
      [Humongous Reclaim: 0.0 ms]
      [Free CSet: 0.1 ms]
   [Eden: 7152.0M(7152.0M)->0.0B(7152.0M) Survivors: 16384.0K->16384.0K Heap: 10631.0M(14336.0M)->3483.6M(14336.0M)]
 [Times: user=0.50 sys=0.00, real=0.12 secs] 
2022-09-27T23:18:51.085-0600: 429764.196: [GC pause (G1 Evacuation Pause) (young) (initial-mark), 0.2059137 secs]
   [Parallel Time: 93.5 ms, GC Workers: 8]
      [GC Worker Start (ms): Min: 429764197.6, Avg: 429764259.0, Max: 429764279.5, Diff: 81.9]
      [Ext Root Scanning (ms): Min: 2.3, Avg: 26.2, Max: 84.0, Diff: 81.7, Sum: 209.6]
      [Update RS (ms): Min: 0.0, Avg: 1.0, Max: 2.7, Diff: 2.7, Sum: 7.7]
         [Processed Buffers: Min: 0, Avg: 5.4, Max: 17, Diff: 17, Sum: 43]
      [Scan RS (ms): Min: 0.0, Avg: 0.0, Max: 0.1, Diff: 0.1, Sum: 0.2]
      [Code Root Scanning (ms): Min: 0.0, Avg: 0.0, Max: 0.0, Diff: 0.0, Sum: 0.0]
      [Object Copy (ms): Min: 0.0, Avg: 1.4, Max: 2.4, Diff: 2.4, Sum: 11.1]
      [Termination (ms): Min: 0.0, Avg: 2.1, Max: 3.2, Diff: 3.2, Sum: 16.8]
         [Termination Attempts: Min: 1, Avg: 2.6, Max: 5, Diff: 4, Sum: 21]
      [GC Worker Other (ms): Min: 0.0, Avg: 0.0, Max: 0.0, Diff: 0.0, Sum: 0.1]
      [GC Worker Total (ms): Min: 10.2, Avg: 30.7, Max: 92.2, Diff: 82.0, Sum: 245.5]
      [GC Worker End (ms): Min: 429764289.6, Avg: 429764289.7, Max: 429764289.8, Diff: 0.2]
   [Code Root Fixup: 0.0 ms]
   [Code Root Purge: 0.0 ms]
   [Clear CT: 16.3 ms]
   [Other: 96.1 ms]
      [Choose CSet: 0.0 ms]
      [Ref Proc: 81.0 ms]
      [Ref Enq: 8.9 ms]
      [Redirty Cards: 5.9 ms]
      [Humongous Register: 0.0 ms]
      [Humongous Reclaim: 0.0 ms]
      [Free CSet: 0.2 ms]
   [Eden: 7152.0M(7152.0M)->0.0B(7152.0M) Survivors: 16384.0K->16384.0K Heap: 10635.6M(14336.0M)->3485.5M(14336.0M)]
 [Times: user=0.43 sys=0.00, real=0.21 secs] 
2022-09-27T23:18:51.291-0600: 429764.402: [GC concurrent-root-region-scan-start]
2022-09-27T23:18:51.309-0600: 429764.420: [GC concurrent-root-region-scan-end, 0.0175920 secs]
2022-09-27T23:18:51.309-0600: 429764.420: [GC concurrent-mark-start]
2022-09-27T23:18:52.756-0600: 429765.867: [GC concurrent-mark-end, 1.4473807 secs]
2022-09-27T23:18:52.757-0600: 429765.868: [GC remark 2022-09-27T23:18:52.757-0600: 429765.868: [Finalize Marking, 0.0025842 secs] 2022-09-27T23:18:52.759-0600: 429765.870: [GC ref-proc, 0.0396691 secs] 2022-09-27T23:18:52.799-0600: 429765.910: [Unloading, 0.0385166 secs], 0.0888054 secs]
 [Times: user=0.23 sys=0.00, real=0.09 secs] 
2022-09-27T23:18:52.846-0600: 429765.957: [GC cleanup 3605M->3605M(14336M), 0.0083255 secs]
 [Times: user=0.02 sys=0.00, real=0.01 secs] 
2022-09-27T23:20:33.386-0600: 429866.497: [GC pause (G1 Evacuation Pause) (young), 0.0567531 secs]
   [Parallel Time: 10.3 ms, GC Workers: 8]
      [GC Worker Start (ms): Min: 429866497.0, Avg: 429866502.4, Max: 429866507.2, Diff: 10.2]
      [Ext Root Scanning (ms): Min: 0.0, Avg: 1.1, Max: 3.9, Diff: 3.9, Sum: 8.7]
      [Update RS (ms): Min: 0.0, Avg: 1.6, Max: 3.7, Diff: 3.7, Sum: 12.7]
         [Processed Buffers: Min: 0, Avg: 5.2, Max: 17, Diff: 17, Sum: 42]
      [Scan RS (ms): Min: 0.0, Avg: 0.0, Max: 0.1, Diff: 0.1, Sum: 0.2]
      [Code Root Scanning (ms): Min: 0.0, Avg: 0.0, Max: 0.0, Diff: 0.0, Sum: 0.0]
      [Object Copy (ms): Min: 0.0, Avg: 1.7, Max: 3.7, Diff: 3.7, Sum: 13.6]
      [Termination (ms): Min: 0.0, Avg: 0.4, Max: 0.9, Diff: 0.9, Sum: 3.5]
         [Termination Attempts: Min: 1, Avg: 1.9, Max: 4, Diff: 3, Sum: 15]
      [GC Worker Other (ms): Min: 0.0, Avg: 0.0, Max: 0.0, Diff: 0.0, Sum: 0.1]
      [GC Worker Total (ms): Min: 0.0, Avg: 4.9, Max: 10.2, Diff: 10.2, Sum: 38.8]
      [GC Worker End (ms): Min: 429866507.2, Avg: 429866507.2, Max: 429866507.3, Diff: 0.0]
   [Code Root Fixup: 0.0 ms]
   [Code Root Purge: 0.0 ms]
   [Clear CT: 0.9 ms]
   [Other: 45.6 ms]
      [Choose CSet: 0.0 ms]
      [Ref Proc: 45.0 ms]
      [Ref Enq: 0.2 ms]
      [Redirty Cards: 0.1 ms]
      [Humongous Register: 0.0 ms]
      [Humongous Reclaim: 0.0 ms]
      [Free CSet: 0.1 ms]
   [Eden: 7152.0M(7152.0M)->0.0B(5712.0M) Survivors: 16384.0K->16384.0K Heap: 10637.5M(14336.0M)->3488.1M(14336.0M)]
 [Times: user=0.14 sys=0.00, real=0.06 secs] 
2022-09-27T23:21:55.077-0600: 429948.188: [GC pause (G1 Evacuation Pause) (mixed), 0.0354333 secs]
   [Parallel Time: 11.0 ms, GC Workers: 8]
      [GC Worker Start (ms): Min: 429948188.2, Avg: 429948193.4, Max: 429948199.1, Diff: 10.9]
      [Ext Root Scanning (ms): Min: 0.0, Avg: 0.8, Max: 3.2, Diff: 3.2, Sum: 6.2]
      [Update RS (ms): Min: 0.0, Avg: 1.0, Max: 2.1, Diff: 2.1, Sum: 8.0]
         [Processed Buffers: Min: 0, Avg: 5.9, Max: 21, Diff: 21, Sum: 47]
      [Scan RS (ms): Min: 0.0, Avg: 0.6, Max: 1.3, Diff: 1.3, Sum: 5.0]
      [Code Root Scanning (ms): Min: 0.0, Avg: 0.0, Max: 0.0, Diff: 0.0, Sum: 0.0]
      [Object Copy (ms): Min: 0.0, Avg: 2.4, Max: 3.6, Diff: 3.6, Sum: 18.9]
      [Termination (ms): Min: 0.0, Avg: 0.9, Max: 1.1, Diff: 1.1, Sum: 7.4]
         [Termination Attempts: Min: 1, Avg: 2.2, Max: 5, Diff: 4, Sum: 18]
      [GC Worker Other (ms): Min: 0.0, Avg: 0.0, Max: 0.0, Diff: 0.0, Sum: 0.0]
      [GC Worker Total (ms): Min: 0.0, Avg: 5.7, Max: 10.9, Diff: 10.9, Sum: 45.6]
      [GC Worker End (ms): Min: 429948199.1, Avg: 429948199.1, Max: 429948199.1, Diff: 0.0]
   [Code Root Fixup: 0.0 ms]
   [Code Root Purge: 0.0 ms]
   [Clear CT: 0.8 ms]
   [Other: 23.7 ms]
      [Choose CSet: 0.0 ms]
      [Ref Proc: 23.3 ms]
      [Ref Enq: 0.1 ms]
      [Redirty Cards: 0.1 ms]
      [Humongous Register: 0.0 ms]
      [Humongous Reclaim: 0.0 ms]
      [Free CSet: 0.1 ms]
   [Eden: 5712.0M(5712.0M)->0.0B(7152.0M) Survivors: 16384.0K->16384.0K Heap: 9200.1M(14336.0M)->3478.2M(14336.0M)]
 [Times: user=0.14 sys=0.00, real=0.04 secs] 
2022-09-27T23:23:33.281-0600: 430046.392: [GC pause (G1 Evacuation Pause) (young), 0.2178167 secs]
   [Parallel Time: 12.2 ms, GC Workers: 8]
      [GC Worker Start (ms): Min: 430046392.3, Avg: 430046398.8, Max: 430046404.3, Diff: 11.9]
      [Ext Root Scanning (ms): Min: 0.0, Avg: 0.7, Max: 3.1, Diff: 3.1, Sum: 5.9]
      [Update RS (ms): Min: 0.0, Avg: 2.8, Max: 8.9, Diff: 8.9, Sum: 22.6]
         [Processed Buffers: Min: 0, Avg: 13.6, Max: 39, Diff: 39, Sum: 109]
      [Scan RS (ms): Min: 0.0, Avg: 0.0, Max: 0.1, Diff: 0.1, Sum: 0.2]
      [Code Root Scanning (ms): Min: 0.0, Avg: 0.0, Max: 0.0, Diff: 0.0, Sum: 0.0]
      [Object Copy (ms): Min: 0.0, Avg: 1.2, Max: 2.5, Diff: 2.5, Sum: 9.4]
      [Termination (ms): Min: 0.0, Avg: 0.9, Max: 1.4, Diff: 1.4, Sum: 7.0]
         [Termination Attempts: Min: 1, Avg: 11.0, Max: 23, Diff: 22, Sum: 88]
      [GC Worker Other (ms): Min: 0.0, Avg: 0.0, Max: 0.0, Diff: 0.0, Sum: 0.0]
      [GC Worker Total (ms): Min: 0.1, Avg: 5.6, Max: 12.2, Diff: 12.0, Sum: 45.1]
      [GC Worker End (ms): Min: 430046404.4, Avg: 430046404.4, Max: 430046404.5, Diff: 0.1]
   [Code Root Fixup: 0.0 ms]
   [Code Root Purge: 0.0 ms]
   [Clear CT: 0.8 ms]
   [Other: 204.8 ms]
      [Choose CSet: 0.0 ms]
      [Ref Proc: 204.4 ms]
      [Ref Enq: 0.1 ms]
      [Redirty Cards: 0.1 ms]
      [Humongous Register: 0.0 ms]
      [Humongous Reclaim: 0.0 ms]
      [Free CSet: 0.1 ms]
   [Eden: 7152.0M(7152.0M)->0.0B(7152.0M) Survivors: 16384.0K->16384.0K Heap: 10630.2M(14336.0M)->3483.1M(14336.0M)]
 [Times: user=0.16 sys=0.00, real=0.21 secs] 
2022-09-27T23:25:12.130-0600: 430145.241: [GC pause (G1 Evacuation Pause) (young) (initial-mark), 0.3393533 secs]
   [Parallel Time: 20.3 ms, GC Workers: 8]
      [GC Worker Start (ms): Min: 430145242.6, Avg: 430145244.5, Max: 430145245.5, Diff: 2.9]
      [Ext Root Scanning (ms): Min: 1.5, Avg: 11.6, Max: 15.9, Diff: 14.4, Sum: 92.9]
      [Update RS (ms): Min: 0.0, Avg: 1.1, Max: 4.4, Diff: 4.4, Sum: 8.8]
         [Processed Buffers: Min: 0, Avg: 5.6, Max: 25, Diff: 25, Sum: 45]
      [Scan RS (ms): Min: 0.0, Avg: 0.0, Max: 0.1, Diff: 0.1, Sum: 0.2]
      [Code Root Scanning (ms): Min: 0.0, Avg: 0.0, Max: 0.0, Diff: 0.0, Sum: 0.0]
      [Object Copy (ms): Min: 0.0, Avg: 1.2, Max: 4.6, Diff: 4.6, Sum: 9.3]
      [Termination (ms): Min: 0.0, Avg: 3.0, Max: 5.6, Diff: 5.6, Sum: 24.0]
         [Termination Attempts: Min: 1, Avg: 1.5, Max: 5, Diff: 4, Sum: 12]
      [GC Worker Other (ms): Min: 0.0, Avg: 0.0, Max: 0.0, Diff: 0.0, Sum: 0.0]
      [GC Worker Total (ms): Min: 15.9, Avg: 16.9, Max: 18.8, Diff: 2.9, Sum: 135.3]
      [GC Worker End (ms): Min: 430145261.4, Avg: 430145261.4, Max: 430145261.5, Diff: 0.2]
   [Code Root Fixup: 0.0 ms]
   [Code Root Purge: 0.0 ms]
   [Clear CT: 0.8 ms]
   [Other: 318.3 ms]
      [Choose CSet: 0.0 ms]
      [Ref Proc: 317.7 ms]
      [Ref Enq: 0.1 ms]
      [Redirty Cards: 0.2 ms]
      [Humongous Register: 0.0 ms]
      [Humongous Reclaim: 0.0 ms]
      [Free CSet: 0.2 ms]
   [Eden: 7152.0M(7152.0M)->0.0B(5712.0M) Survivors: 16384.0K->16384.0K Heap: 10635.1M(14336.0M)->3485.8M(14336.0M)]
 [Times: user=0.23 sys=0.01, real=0.34 secs] 
2022-09-27T23:25:12.470-0600: 430145.581: [GC concurrent-root-region-scan-start]
2022-09-27T23:25:12.477-0600: 430145.588: [GC concurrent-root-region-scan-end, 0.0073936 secs]
2022-09-27T23:25:12.477-0600: 430145.588: [GC concurrent-mark-start]
2022-09-27T23:25:13.812-0600: 430146.923: [GC concurrent-mark-end, 1.3353088 secs]
2022-09-27T23:25:13.813-0600: 430146.924: [GC remark 2022-09-27T23:25:13.813-0600: 430146.924: [Finalize Marking, 0.0028155 secs] 2022-09-27T23:25:13.815-0600: 430146.926: [GC ref-proc, 0.0306900 secs] 2022-09-27T23:25:13.846-0600: 430146.957: [Unloading, 0.0300937 secs], 0.0676262 secs]
 [Times: user=0.26 sys=0.00, real=0.07 secs] 
2022-09-27T23:25:13.880-0600: 430146.991: [GC cleanup 3611M->3611M(14336M), 0.0059856 secs]
 [Times: user=0.01 sys=0.00, real=0.00 secs] 
2022-09-27T23:26:32.289-0600: 430225.400: [GC pause (G1 Evacuation Pause) (young), 0.0665473 secs]
   [Parallel Time: 12.9 ms, GC Workers: 8]
      [GC Worker Start (ms): Min: 430225400.2, Avg: 430225408.9, Max: 430225413.0, Diff: 12.8]
      [Ext Root Scanning (ms): Min: 0.0, Avg: 0.8, Max: 3.5, Diff: 3.5, Sum: 6.2]
      [Update RS (ms): Min: 0.0, Avg: 0.9, Max: 3.8, Diff: 3.8, Sum: 7.5]
         [Processed Buffers: Min: 0, Avg: 6.2, Max: 32, Diff: 32, Sum: 50]
      [Scan RS (ms): Min: 0.0, Avg: 0.0, Max: 0.1, Diff: 0.1, Sum: 0.1]
      [Code Root Scanning (ms): Min: 0.0, Avg: 0.0, Max: 0.0, Diff: 0.0, Sum: 0.0]
      [Object Copy (ms): Min: 0.0, Avg: 0.7, Max: 2.9, Diff: 2.9, Sum: 5.7]
      [Termination (ms): Min: 0.0, Avg: 1.7, Max: 2.8, Diff: 2.8, Sum: 13.2]
         [Termination Attempts: Min: 1, Avg: 1.4, Max: 4, Diff: 3, Sum: 11]
      [GC Worker Other (ms): Min: 0.0, Avg: 0.0, Max: 0.0, Diff: 0.0, Sum: 0.0]
      [GC Worker Total (ms): Min: 0.0, Avg: 4.1, Max: 12.9, Diff: 12.8, Sum: 32.8]
      [GC Worker End (ms): Min: 430225413.0, Avg: 430225413.0, Max: 430225413.1, Diff: 0.1]
   [Code Root Fixup: 0.0 ms]
   [Code Root Purge: 0.0 ms]
   [Clear CT: 0.7 ms]
   [Other: 52.9 ms]
      [Choose CSet: 0.0 ms]
      [Ref Proc: 52.5 ms]
      [Ref Enq: 0.1 ms]
      [Redirty Cards: 0.1 ms]
      [Humongous Register: 0.0 ms]
      [Humongous Reclaim: 0.0 ms]
      [Free CSet: 0.1 ms]
   [Eden: 5712.0M(5712.0M)->0.0B(5712.0M) Survivors: 16384.0K->16384.0K Heap: 9197.8M(14336.0M)->3484.0M(14336.0M)]
 [Times: user=0.22 sys=0.00, real=0.06 secs] 
2022-09-27T23:27:51.583-0600: 430304.694: [GC pause (G1 Evacuation Pause) (mixed), 0.2695026 secs]
   [Parallel Time: 230.9 ms, GC Workers: 8]
      [GC Worker Start (ms): Min: 430304694.2, Avg: 430304783.4, Max: 430304924.8, Diff: 230.6]
      [Ext Root Scanning (ms): Min: 0.0, Avg: 0.8, Max: 3.8, Diff: 3.8, Sum: 6.6]
      [Update RS (ms): Min: 0.0, Avg: 2.5, Max: 11.3, Diff: 11.3, Sum: 20.2]
         [Processed Buffers: Min: 0, Avg: 5.0, Max: 13, Diff: 13, Sum: 40]
      [Scan RS (ms): Min: 0.0, Avg: 0.4, Max: 1.2, Diff: 1.2, Sum: 3.4]
      [Code Root Scanning (ms): Min: 0.0, Avg: 0.0, Max: 0.0, Diff: 0.0, Sum: 0.0]
      [Object Copy (ms): Min: 0.0, Avg: 2.5, Max: 6.4, Diff: 6.4, Sum: 20.2]
      [Termination (ms): Min: 0.0, Avg: 135.1, Max: 216.1, Diff: 216.1, Sum: 1081.1]
         [Termination Attempts: Min: 1, Avg: 2.8, Max: 6, Diff: 5, Sum: 22]
      [GC Worker Other (ms): Min: 0.0, Avg: 0.0, Max: 0.0, Diff: 0.0, Sum: 0.1]
      [GC Worker Total (ms): Min: 0.0, Avg: 141.4, Max: 230.7, Diff: 230.7, Sum: 1131.4]
      [GC Worker End (ms): Min: 430304924.8, Avg: 430304924.9, Max: 430304925.0, Diff: 0.1]
   [Code Root Fixup: 0.0 ms]
   [Code Root Purge: 0.0 ms]
   [Clear CT: 0.7 ms]
   [Other: 37.9 ms]
      [Choose CSet: 0.0 ms]
      [Ref Proc: 37.5 ms]
      [Ref Enq: 0.1 ms]
      [Redirty Cards: 0.1 ms]
      [Humongous Register: 0.0 ms]
      [Humongous Reclaim: 0.0 ms]
      [Free CSet: 0.1 ms]
   [Eden: 5712.0M(5712.0M)->0.0B(7152.0M) Survivors: 16384.0K->16384.0K Heap: 9196.0M(14336.0M)->3476.5M(14336.0M)]
 [Times: user=1.24 sys=0.00, real=0.27 secs] 
2022-09-27T23:29:32.083-0600: 430405.194: [GC pause (G1 Evacuation Pause) (young), 0.2386406 secs]
   [Parallel Time: 192.4 ms, GC Workers: 8]
      [GC Worker Start (ms): Min: 430405194.5, Avg: 430405324.2, Max: 430405368.0, Diff: 173.5]
      [Ext Root Scanning (ms): Min: 0.0, Avg: 0.8, Max: 3.5, Diff: 3.5, Sum: 6.4]
      [Update RS (ms): Min: 0.0, Avg: 2.4, Max: 9.7, Diff: 9.7, Sum: 19.4]
         [Processed Buffers: Min: 0, Avg: 12.8, Max: 51, Diff: 51, Sum: 102]
      [Scan RS (ms): Min: 0.0, Avg: 0.0, Max: 0.1, Diff: 0.1, Sum: 0.2]
      [Code Root Scanning (ms): Min: 0.0, Avg: 0.0, Max: 0.0, Diff: 0.0, Sum: 0.0]
      [Object Copy (ms): Min: 0.0, Avg: 1.1, Max: 4.6, Diff: 4.6, Sum: 9.0]
      [Termination (ms): Min: 0.0, Avg: 39.6, Max: 155.9, Diff: 155.9, Sum: 316.4]
         [Termination Attempts: Min: 1, Avg: 1.2, Max: 3, Diff: 2, Sum: 10]
      [GC Worker Other (ms): Min: 0.0, Avg: 0.0, Max: 0.0, Diff: 0.0, Sum: 0.0]
      [GC Worker Total (ms): Min: 0.0, Avg: 43.9, Max: 173.6, Diff: 173.6, Sum: 351.5]
      [GC Worker End (ms): Min: 430405368.0, Avg: 430405368.1, Max: 430405368.2, Diff: 0.2]
   [Code Root Fixup: 0.0 ms]
   [Code Root Purge: 0.0 ms]
   [Clear CT: 0.9 ms]
   [Other: 45.3 ms]
      [Choose CSet: 0.0 ms]
      [Ref Proc: 44.9 ms]
      [Ref Enq: 0.1 ms]
      [Redirty Cards: 0.1 ms]
      [Humongous Register: 0.0 ms]
      [Humongous Reclaim: 0.0 ms]
      [Free CSet: 0.1 ms]
   [Eden: 7152.0M(7152.0M)->0.0B(5712.0M) Survivors: 16384.0K->16384.0K Heap: 10628.5M(14336.0M)->3480.8M(14336.0M)]
 [Times: user=0.51 sys=0.00, real=0.24 secs] 
2022-09-27T23:30:52.321-0600: 430485.432: [GC pause (G1 Evacuation Pause) (young) (initial-mark), 0.0484441 secs]
   [Parallel Time: 15.3 ms, GC Workers: 8]
      [GC Worker Start (ms): Min: 430485433.7, Avg: 430485435.7, Max: 430485436.6, Diff: 2.9]
      [Ext Root Scanning (ms): Min: 1.3, Avg: 8.1, Max: 10.9, Diff: 9.6, Sum: 64.6]
      [Update RS (ms): Min: 0.0, Avg: 1.2, Max: 4.6, Diff: 4.6, Sum: 9.2]
         [Processed Buffers: Min: 0, Avg: 6.4, Max: 21, Diff: 21, Sum: 51]
      [Scan RS (ms): Min: 0.0, Avg: 0.0, Max: 0.1, Diff: 0.1, Sum: 0.1]
      [Code Root Scanning (ms): Min: 0.0, Avg: 0.0, Max: 0.0, Diff: 0.0, Sum: 0.0]
      [Object Copy (ms): Min: 0.0, Avg: 1.0, Max: 2.6, Diff: 2.6, Sum: 8.2]
      [Termination (ms): Min: 0.0, Avg: 1.7, Max: 2.8, Diff: 2.8, Sum: 13.2]
         [Termination Attempts: Min: 1, Avg: 4.4, Max: 13, Diff: 12, Sum: 35]
      [GC Worker Other (ms): Min: 0.0, Avg: 0.0, Max: 0.0, Diff: 0.0, Sum: 0.1]
      [GC Worker Total (ms): Min: 11.0, Avg: 11.9, Max: 14.0, Diff: 3.0, Sum: 95.5]
      [GC Worker End (ms): Min: 430485447.6, Avg: 430485447.6, Max: 430485447.7, Diff: 0.2]
   [Code Root Fixup: 0.0 ms]
   [Code Root Purge: 0.0 ms]
   [Clear CT: 0.4 ms]
   [Other: 32.7 ms]
      [Choose CSet: 0.0 ms]
      [Ref Proc: 32.3 ms]
      [Ref Enq: 0.1 ms]
      [Redirty Cards: 0.1 ms]
      [Humongous Register: 0.0 ms]
      [Humongous Reclaim: 0.0 ms]
      [Free CSet: 0.1 ms]
   [Eden: 5712.0M(5712.0M)->0.0B(7152.0M) Survivors: 16384.0K->16384.0K Heap: 9192.8M(14336.0M)->3480.9M(14336.0M)]
 [Times: user=0.15 sys=0.00, real=0.05 secs] 
2022-09-27T23:30:52.370-0600: 430485.481: [GC concurrent-root-region-scan-start]
2022-09-27T23:30:52.376-0600: 430485.487: [GC concurrent-root-region-scan-end, 0.0056319 secs]
2022-09-27T23:30:52.376-0600: 430485.487: [GC concurrent-mark-start]
2022-09-27T23:30:53.941-0600: 430487.052: [GC concurrent-mark-end, 1.5658498 secs]
2022-09-27T23:30:53.942-0600: 430487.053: [GC remark 2022-09-27T23:30:53.942-0600: 430487.053: [Finalize Marking, 0.0024884 secs] 2022-09-27T23:30:53.944-0600: 430487.055: [GC ref-proc, 0.1353671 secs] 2022-09-27T23:30:54.080-0600: 430487.190: [Unloading, 0.0491374 secs], 0.1937628 secs]
 [Times: user=0.64 sys=0.00, real=0.19 secs] 
2022-09-27T23:30:54.136-0600: 430487.246: [GC cleanup 3640M->3640M(14336M), 0.0077083 secs]
 [Times: user=0.02 sys=0.00, real=0.01 secs] 
2022-09-27T23:32:30.529-0600: 430583.640: [GC pause (G1 Evacuation Pause) (young), 0.0473359 secs]
   [Parallel Time: 11.5 ms, GC Workers: 8]
      [GC Worker Start (ms): Min: 430583639.9, Avg: 430583646.6, Max: 430583651.2, Diff: 11.2]
      [Ext Root Scanning (ms): Min: 0.0, Avg: 0.7, Max: 3.0, Diff: 3.0, Sum: 5.7]
      [Update RS (ms): Min: 0.0, Avg: 1.0, Max: 2.6, Diff: 2.6, Sum: 7.7]
         [Processed Buffers: Min: 0, Avg: 5.4, Max: 21, Diff: 21, Sum: 43]
      [Scan RS (ms): Min: 0.0, Avg: 0.0, Max: 0.1, Diff: 0.1, Sum: 0.2]
      [Code Root Scanning (ms): Min: 0.0, Avg: 0.0, Max: 0.0, Diff: 0.0, Sum: 0.0]
      [Object Copy (ms): Min: 0.0, Avg: 1.0, Max: 2.9, Diff: 2.9, Sum: 8.1]
      [Termination (ms): Min: 0.0, Avg: 1.8, Max: 3.0, Diff: 3.0, Sum: 14.8]
         [Termination Attempts: Min: 1, Avg: 1.5, Max: 3, Diff: 2, Sum: 12]
      [GC Worker Other (ms): Min: 0.0, Avg: 0.0, Max: 0.0, Diff: 0.0, Sum: 0.0]
      [GC Worker Total (ms): Min: 0.0, Avg: 4.6, Max: 11.3, Diff: 11.3, Sum: 36.6]
      [GC Worker End (ms): Min: 430583651.2, Avg: 430583651.2, Max: 430583651.2, Diff: 0.1]
   [Code Root Fixup: 0.0 ms]
   [Code Root Purge: 0.0 ms]
   [Clear CT: 0.7 ms]
   [Other: 35.1 ms]
      [Choose CSet: 0.0 ms]
      [Ref Proc: 34.7 ms]
      [Ref Enq: 0.1 ms]
      [Redirty Cards: 0.1 ms]
      [Humongous Register: 0.0 ms]
      [Humongous Reclaim: 0.0 ms]
      [Free CSet: 0.1 ms]
   [Eden: 7152.0M(7152.0M)->0.0B(5712.0M) Survivors: 16384.0K->16384.0K Heap: 10632.9M(14336.0M)->3481.8M(14336.0M)]
 [Times: user=0.15 sys=0.00, real=0.04 secs] 
2022-09-27T23:33:51.179-0600: 430664.289: [GC pause (G1 Evacuation Pause) (mixed), 0.0852285 secs]
   [Parallel Time: 41.5 ms, GC Workers: 8]
      [GC Worker Start (ms): Min: 430664289.5, Avg: 430664324.8, Max: 430664330.7, Diff: 41.2]
      [Ext Root Scanning (ms): Min: 0.0, Avg: 0.7, Max: 5.7, Diff: 5.7, Sum: 5.7]
      [Update RS (ms): Min: 0.0, Avg: 0.7, Max: 5.8, Diff: 5.8, Sum: 5.8]
         [Processed Buffers: Min: 0, Avg: 5.2, Max: 42, Diff: 42, Sum: 42]
      [Scan RS (ms): Min: 0.0, Avg: 0.5, Max: 3.9, Diff: 3.9, Sum: 3.9]
      [Code Root Scanning (ms): Min: 0.0, Avg: 0.0, Max: 0.0, Diff: 0.0, Sum: 0.0]
      [Object Copy (ms): Min: 0.0, Avg: 1.8, Max: 14.2, Diff: 14.2, Sum: 14.2]
      [Termination (ms): Min: 0.0, Avg: 2.2, Max: 11.8, Diff: 11.8, Sum: 17.9]
         [Termination Attempts: Min: 1, Avg: 1.0, Max: 1, Diff: 0, Sum: 8]
      [GC Worker Other (ms): Min: 0.0, Avg: 0.0, Max: 0.0, Diff: 0.0, Sum: 0.0]
      [GC Worker Total (ms): Min: 0.0, Avg: 6.0, Max: 41.4, Diff: 41.4, Sum: 47.6]
      [GC Worker End (ms): Min: 430664330.7, Avg: 430664330.7, Max: 430664330.9, Diff: 0.2]
   [Code Root Fixup: 0.0 ms]
   [Code Root Purge: 0.0 ms]
   [Clear CT: 0.9 ms]
   [Other: 42.8 ms]
      [Choose CSet: 0.0 ms]
      [Ref Proc: 42.5 ms]
      [Ref Enq: 0.1 ms]
      [Redirty Cards: 0.1 ms]
      [Humongous Register: 0.0 ms]
      [Humongous Reclaim: 0.0 ms]
      [Free CSet: 0.1 ms]
   [Eden: 5712.0M(5712.0M)->0.0B(7152.0M) Survivors: 16384.0K->16384.0K Heap: 9193.8M(14336.0M)->3475.9M(14336.0M)]
 [Times: user=0.24 sys=0.00, real=0.09 secs] 
2022-09-27T23:35:32.379-0600: 430765.490: [GC pause (G1 Evacuation Pause) (young), 0.0310339 secs]
   [Parallel Time: 8.7 ms, GC Workers: 8]
      [GC Worker Start (ms): Min: 430765490.2, Avg: 430765492.0, Max: 430765494.1, Diff: 3.9]
      [Ext Root Scanning (ms): Min: 0.0, Avg: 0.9, Max: 3.0, Diff: 3.0, Sum: 6.8]
      [Update RS (ms): Min: 2.3, Avg: 4.1, Max: 6.8, Diff: 4.5, Sum: 32.9]
         [Processed Buffers: Min: 8, Avg: 15.1, Max: 22, Diff: 14, Sum: 121]
      [Scan RS (ms): Min: 0.0, Avg: 0.0, Max: 0.1, Diff: 0.1, Sum: 0.2]
      [Code Root Scanning (ms): Min: 0.0, Avg: 0.0, Max: 0.0, Diff: 0.0, Sum: 0.0]
      [Object Copy (ms): Min: 0.0, Avg: 1.1, Max: 1.6, Diff: 1.6, Sum: 8.9]
      [Termination (ms): Min: 0.0, Avg: 0.7, Max: 0.9, Diff: 0.9, Sum: 5.3]
         [Termination Attempts: Min: 1, Avg: 11.4, Max: 25, Diff: 24, Sum: 91]
      [GC Worker Other (ms): Min: 0.0, Avg: 0.0, Max: 0.0, Diff: 0.0, Sum: 0.1]
      [GC Worker Total (ms): Min: 4.6, Avg: 6.8, Max: 8.6, Diff: 3.9, Sum: 54.2]
      [GC Worker End (ms): Min: 430765498.7, Avg: 430765498.7, Max: 430765498.8, Diff: 0.0]
   [Code Root Fixup: 0.0 ms]
   [Code Root Purge: 0.0 ms]
   [Clear CT: 1.2 ms]
   [Other: 21.2 ms]
      [Choose CSet: 0.0 ms]
      [Ref Proc: 20.8 ms]
      [Ref Enq: 0.1 ms]
      [Redirty Cards: 0.1 ms]
      [Humongous Register: 0.0 ms]
      [Humongous Reclaim: 0.0 ms]
      [Free CSet: 0.1 ms]
   [Eden: 7152.0M(7152.0M)->0.0B(7152.0M) Survivors: 16384.0K->16384.0K Heap: 10627.9M(14336.0M)->3481.3M(14336.0M)]
 [Times: user=0.13 sys=0.00, real=0.04 secs] 
2022-09-27T23:37:13.680-0600: 430866.791: [GC pause (G1 Evacuation Pause) (young) (initial-mark), 0.0439146 secs]
   [Parallel Time: 23.0 ms, GC Workers: 8]
      [GC Worker Start (ms): Min: 430866792.5, Avg: 430866796.3, Max: 430866797.2, Diff: 4.7]
      [Ext Root Scanning (ms): Min: 1.4, Avg: 8.7, Max: 14.1, Diff: 12.6, Sum: 69.4]
      [Update RS (ms): Min: 0.0, Avg: 1.1, Max: 4.4, Diff: 4.4, Sum: 8.6]
         [Processed Buffers: Min: 0, Avg: 5.2, Max: 26, Diff: 26, Sum: 42]
      [Scan RS (ms): Min: 0.0, Avg: 0.0, Max: 0.1, Diff: 0.1, Sum: 0.2]
      [Code Root Scanning (ms): Min: 0.0, Avg: 0.0, Max: 0.0, Diff: 0.0, Sum: 0.0]
      [Object Copy (ms): Min: 0.0, Avg: 3.3, Max: 11.0, Diff: 11.0, Sum: 26.8]
      [Termination (ms): Min: 0.0, Avg: 4.6, Max: 6.4, Diff: 6.4, Sum: 36.8]
         [Termination Attempts: Min: 1, Avg: 1.0, Max: 1, Diff: 0, Sum: 8]
      [GC Worker Other (ms): Min: 0.0, Avg: 0.0, Max: 0.0, Diff: 0.0, Sum: 0.0]
      [GC Worker Total (ms): Min: 16.8, Avg: 17.7, Max: 21.6, Diff: 4.7, Sum: 141.8]
      [GC Worker End (ms): Min: 430866814.0, Avg: 430866814.1, Max: 430866814.2, Diff: 0.1]
   [Code Root Fixup: 0.0 ms]
   [Code Root Purge: 0.0 ms]
   [Clear CT: 0.8 ms]
   [Other: 20.1 ms]
      [Choose CSet: 0.0 ms]
      [Ref Proc: 19.7 ms]
      [Ref Enq: 0.1 ms]
      [Redirty Cards: 0.1 ms]
      [Humongous Register: 0.0 ms]
      [Humongous Reclaim: 0.0 ms]
      [Free CSet: 0.1 ms]
   [Eden: 7152.0M(7152.0M)->0.0B(7152.0M) Survivors: 16384.0K->16384.0K Heap: 10633.3M(14336.0M)->3482.0M(14336.0M)]
 [Times: user=0.12 sys=0.00, real=0.04 secs] 
2022-09-27T23:37:13.724-0600: 430866.835: [GC concurrent-root-region-scan-start]
2022-09-27T23:37:13.732-0600: 430866.843: [GC concurrent-root-region-scan-end, 0.0077755 secs]
2022-09-27T23:37:13.732-0600: 430866.843: [GC concurrent-mark-start]
2022-09-27T23:37:15.107-0600: 430868.218: [GC concurrent-mark-end, 1.3752908 secs]
2022-09-27T23:37:15.108-0600: 430868.219: [GC remark 2022-09-27T23:37:15.108-0600: 430868.219: [Finalize Marking, 0.0013392 secs] 2022-09-27T23:37:15.109-0600: 430868.220: [GC ref-proc, 0.0343712 secs] 2022-09-27T23:37:15.143-0600: 430868.254: [Unloading, 0.0296772 secs], 0.0694225 secs]
 [Times: user=0.28 sys=0.00, real=0.07 secs] 
2022-09-27T23:37:15.177-0600: 430868.288: [GC cleanup 3620M->3620M(14336M), 0.0097836 secs]
 [Times: user=0.02 sys=0.00, real=0.01 secs] 
2022-09-27T23:38:54.655-0600: 430967.766: [GC pause (G1 Evacuation Pause) (young), 0.0465276 secs]
   [Parallel Time: 14.3 ms, GC Workers: 8]
      [GC Worker Start (ms): Min: 430967766.1, Avg: 430967773.1, Max: 430967778.1, Diff: 12.0]
      [Ext Root Scanning (ms): Min: 0.0, Avg: 0.7, Max: 3.2, Diff: 3.2, Sum: 5.8]
      [Update RS (ms): Min: 0.0, Avg: 1.8, Max: 9.9, Diff: 9.9, Sum: 14.4]
         [Processed Buffers: Min: 0, Avg: 5.6, Max: 19, Diff: 19, Sum: 45]
      [Scan RS (ms): Min: 0.0, Avg: 0.0, Max: 0.1, Diff: 0.1, Sum: 0.2]
      [Code Root Scanning (ms): Min: 0.0, Avg: 0.0, Max: 0.0, Diff: 0.0, Sum: 0.0]
      [Object Copy (ms): Min: 0.0, Avg: 1.3, Max: 3.5, Diff: 3.5, Sum: 10.3]
      [Termination (ms): Min: 0.0, Avg: 2.3, Max: 3.6, Diff: 3.6, Sum: 18.7]
         [Termination Attempts: Min: 1, Avg: 11.0, Max: 31, Diff: 30, Sum: 88]
      [GC Worker Other (ms): Min: 0.0, Avg: 0.0, Max: 0.0, Diff: 0.0, Sum: 0.0]
      [GC Worker Total (ms): Min: 1.2, Avg: 6.2, Max: 13.2, Diff: 12.0, Sum: 49.4]
      [GC Worker End (ms): Min: 430967779.3, Avg: 430967779.3, Max: 430967779.3, Diff: 0.1]
   [Code Root Fixup: 0.0 ms]
   [Code Root Purge: 0.0 ms]
   [Clear CT: 0.8 ms]
   [Other: 31.5 ms]
      [Choose CSet: 0.0 ms]
      [Ref Proc: 31.1 ms]
      [Ref Enq: 0.1 ms]
      [Redirty Cards: 0.1 ms]
      [Humongous Register: 0.0 ms]
      [Humongous Reclaim: 0.0 ms]
      [Free CSet: 0.1 ms]
   [Eden: 7152.0M(7152.0M)->0.0B(5712.0M) Survivors: 16384.0K->16384.0K Heap: 10634.0M(14336.0M)->3483.7M(14336.0M)]
 [Times: user=0.12 sys=0.00, real=0.05 secs] 
2022-09-27T23:40:15.333-0600: 431048.444: [GC pause (G1 Evacuation Pause) (mixed), 0.0340818 secs]
   [Parallel Time: 11.9 ms, GC Workers: 8]
      [GC Worker Start (ms): Min: 431048443.9, Avg: 431048447.3, Max: 431048451.2, Diff: 7.2]
      [Ext Root Scanning (ms): Min: 0.0, Avg: 1.2, Max: 3.3, Diff: 3.3, Sum: 9.3]
      [Update RS (ms): Min: 0.0, Avg: 1.0, Max: 2.1, Diff: 2.1, Sum: 8.2]
         [Processed Buffers: Min: 0, Avg: 5.4, Max: 16, Diff: 16, Sum: 43]
      [Scan RS (ms): Min: 0.0, Avg: 0.8, Max: 1.3, Diff: 1.3, Sum: 6.2]
      [Code Root Scanning (ms): Min: 0.0, Avg: 0.0, Max: 0.0, Diff: 0.0, Sum: 0.0]
      [Object Copy (ms): Min: 3.7, Avg: 4.8, Max: 5.8, Diff: 2.1, Sum: 38.1]
      [Termination (ms): Min: 0.0, Avg: 0.5, Max: 0.6, Diff: 0.6, Sum: 3.8]
         [Termination Attempts: Min: 1, Avg: 9.5, Max: 16, Diff: 15, Sum: 76]
      [GC Worker Other (ms): Min: 0.0, Avg: 0.0, Max: 0.0, Diff: 0.0, Sum: 0.1]
      [GC Worker Total (ms): Min: 4.3, Avg: 8.2, Max: 11.6, Diff: 7.2, Sum: 65.6]
      [GC Worker End (ms): Min: 431048455.5, Avg: 431048455.5, Max: 431048455.6, Diff: 0.0]
   [Code Root Fixup: 0.0 ms]
   [Code Root Purge: 0.0 ms]
   [Clear CT: 0.9 ms]
   [Other: 21.3 ms]
      [Choose CSet: 0.0 ms]
      [Ref Proc: 20.9 ms]
      [Ref Enq: 0.1 ms]
      [Redirty Cards: 0.1 ms]
      [Humongous Register: 0.0 ms]
      [Humongous Reclaim: 0.0 ms]
      [Free CSet: 0.1 ms]
   [Eden: 5712.0M(5712.0M)->0.0B(7152.0M) Survivors: 16384.0K->16384.0K Heap: 9195.7M(14336.0M)->3481.9M(14336.0M)]
 [Times: user=0.12 sys=0.00, real=0.03 secs] 
2022-09-27T23:41:57.310-0600: 431150.420: [GC pause (G1 Evacuation Pause) (young), 0.0558845 secs]
   [Parallel Time: 15.0 ms, GC Workers: 8]
      [GC Worker Start (ms): Min: 431150420.5, Avg: 431150423.7, Max: 431150427.2, Diff: 6.7]
      [Ext Root Scanning (ms): Min: 0.0, Avg: 0.8, Max: 2.8, Diff: 2.8, Sum: 6.7]
      [Update RS (ms): Min: 0.7, Avg: 3.9, Max: 5.9, Diff: 5.2, Sum: 31.0]
         [Processed Buffers: Min: 5, Avg: 16.0, Max: 28, Diff: 23, Sum: 128]
      [Scan RS (ms): Min: 0.0, Avg: 0.0, Max: 0.1, Diff: 0.1, Sum: 0.3]
      [Code Root Scanning (ms): Min: 0.0, Avg: 0.0, Max: 0.0, Diff: 0.0, Sum: 0.0]
      [Object Copy (ms): Min: 0.0, Avg: 1.3, Max: 1.6, Diff: 1.6, Sum: 10.4]
      [Termination (ms): Min: 0.0, Avg: 2.9, Max: 5.9, Diff: 5.9, Sum: 23.5]
         [Termination Attempts: Min: 1, Avg: 21.2, Max: 28, Diff: 27, Sum: 170]
      [GC Worker Other (ms): Min: 0.0, Avg: 0.0, Max: 0.0, Diff: 0.0, Sum: 0.1]
      [GC Worker Total (ms): Min: 5.1, Avg: 9.0, Max: 13.8, Diff: 8.7, Sum: 72.0]
      [GC Worker End (ms): Min: 431150432.3, Avg: 431150432.7, Max: 431150435.3, Diff: 3.0]
   [Code Root Fixup: 0.0 ms]
   [Code Root Purge: 0.0 ms]
   [Clear CT: 0.7 ms]
   [Other: 40.1 ms]
      [Choose CSet: 0.0 ms]
      [Ref Proc: 39.5 ms]
      [Ref Enq: 0.2 ms]
      [Redirty Cards: 0.1 ms]
      [Humongous Register: 0.0 ms]
      [Humongous Reclaim: 0.0 ms]
      [Free CSet: 0.2 ms]
   [Eden: 7152.0M(7152.0M)->0.0B(7152.0M) Survivors: 16384.0K->16384.0K Heap: 10633.9M(14336.0M)->3487.4M(14336.0M)]
 [Times: user=0.21 sys=0.00, real=0.05 secs] 
2022-09-27T23:43:35.528-0600: 431248.639: [GC pause (G1 Evacuation Pause) (young) (initial-mark), 0.0345580 secs]
   [Parallel Time: 12.4 ms, GC Workers: 8]
      [GC Worker Start (ms): Min: 431248640.5, Avg: 431248641.8, Max: 431248642.8, Diff: 2.3]
      [Ext Root Scanning (ms): Min: 2.5, Avg: 5.6, Max: 8.7, Diff: 6.3, Sum: 44.6]
      [Update RS (ms): Min: 0.0, Avg: 1.1, Max: 1.8, Diff: 1.8, Sum: 8.8]
         [Processed Buffers: Min: 0, Avg: 5.6, Max: 13, Diff: 13, Sum: 45]
      [Scan RS (ms): Min: 0.0, Avg: 0.0, Max: 0.1, Diff: 0.1, Sum: 0.3]
      [Code Root Scanning (ms): Min: 0.0, Avg: 0.0, Max: 0.0, Diff: 0.0, Sum: 0.0]
      [Object Copy (ms): Min: 0.0, Avg: 1.2, Max: 2.1, Diff: 2.1, Sum: 10.0]
      [Termination (ms): Min: 0.0, Avg: 1.8, Max: 2.7, Diff: 2.7, Sum: 14.4]
         [Termination Attempts: Min: 1, Avg: 2.4, Max: 7, Diff: 6, Sum: 19]
      [GC Worker Other (ms): Min: 0.0, Avg: 0.0, Max: 0.0, Diff: 0.0, Sum: 0.0]
      [GC Worker Total (ms): Min: 8.8, Avg: 9.8, Max: 11.0, Diff: 2.3, Sum: 78.1]
      [GC Worker End (ms): Min: 431248651.6, Avg: 431248651.6, Max: 431248651.7, Diff: 0.1]
   [Code Root Fixup: 0.0 ms]
   [Code Root Purge: 0.0 ms]
   [Clear CT: 0.8 ms]
   [Other: 21.3 ms]
      [Choose CSet: 0.0 ms]
      [Ref Proc: 20.9 ms]
      [Ref Enq: 0.1 ms]
      [Redirty Cards: 0.1 ms]
      [Humongous Register: 0.0 ms]
      [Humongous Reclaim: 0.0 ms]
      [Free CSet: 0.1 ms]
   [Eden: 7152.0M(7152.0M)->0.0B(7152.0M) Survivors: 16384.0K->16384.0K Heap: 10639.4M(14336.0M)->3490.1M(14336.0M)]
 [Times: user=0.13 sys=0.00, real=0.03 secs] 
2022-09-27T23:43:35.563-0600: 431248.674: [GC concurrent-root-region-scan-start]
2022-09-27T23:43:35.571-0600: 431248.682: [GC concurrent-root-region-scan-end, 0.0083496 secs]
2022-09-27T23:43:35.571-0600: 431248.682: [GC concurrent-mark-start]
2022-09-27T23:43:36.925-0600: 431250.036: [GC concurrent-mark-end, 1.3533875 secs]
2022-09-27T23:43:36.926-0600: 431250.037: [GC remark 2022-09-27T23:43:36.926-0600: 431250.037: [Finalize Marking, 0.1158416 secs] 2022-09-27T23:43:37.042-0600: 431250.153: [GC ref-proc, 0.1469825 secs] 2022-09-27T23:43:37.189-0600: 431250.300: [Unloading, 0.0251781 secs], 0.2918388 secs]
 [Times: user=0.31 sys=0.00, real=0.29 secs] 
2022-09-27T23:43:37.218-0600: 431250.329: [GC cleanup 3618M->3618M(14336M), 0.0082583 secs]
 [Times: user=0.02 sys=0.00, real=0.01 secs] 
2022-09-27T23:45:15.480-0600: 431348.591: [GC pause (G1 Evacuation Pause) (young), 0.0278817 secs]
   [Parallel Time: 5.7 ms, GC Workers: 8]
      [GC Worker Start (ms): Min: 431348591.5, Avg: 431348593.4, Max: 431348597.0, Diff: 5.5]
      [Ext Root Scanning (ms): Min: 0.0, Avg: 0.9, Max: 3.2, Diff: 3.2, Sum: 7.0]
      [Update RS (ms): Min: 0.0, Avg: 1.0, Max: 2.1, Diff: 2.1, Sum: 7.8]
         [Processed Buffers: Min: 0, Avg: 5.6, Max: 20, Diff: 20, Sum: 45]
      [Scan RS (ms): Min: 0.0, Avg: 0.0, Max: 0.1, Diff: 0.1, Sum: 0.2]
      [Code Root Scanning (ms): Min: 0.0, Avg: 0.0, Max: 0.0, Diff: 0.0, Sum: 0.0]
      [Object Copy (ms): Min: 0.0, Avg: 1.3, Max: 2.0, Diff: 2.0, Sum: 10.2]
      [Termination (ms): Min: 0.0, Avg: 0.5, Max: 0.7, Diff: 0.7, Sum: 3.9]
         [Termination Attempts: Min: 1, Avg: 3.5, Max: 7, Diff: 6, Sum: 28]
      [GC Worker Other (ms): Min: 0.0, Avg: 0.0, Max: 0.0, Diff: 0.0, Sum: 0.1]
      [GC Worker Total (ms): Min: 0.0, Avg: 3.7, Max: 5.6, Diff: 5.6, Sum: 29.3]
      [GC Worker End (ms): Min: 431348597.0, Avg: 431348597.0, Max: 431348597.1, Diff: 0.1]
   [Code Root Fixup: 0.0 ms]
   [Code Root Purge: 0.0 ms]
   [Clear CT: 0.8 ms]
   [Other: 21.4 ms]
      [Choose CSet: 0.0 ms]
      [Ref Proc: 21.0 ms]
      [Ref Enq: 0.1 ms]
      [Redirty Cards: 0.1 ms]
      [Humongous Register: 0.0 ms]
      [Humongous Reclaim: 0.0 ms]
      [Free CSet: 0.1 ms]
   [Eden: 7152.0M(7152.0M)->0.0B(5712.0M) Survivors: 16384.0K->16384.0K Heap: 10642.1M(14336.0M)->3493.2M(14336.0M)]
 [Times: user=0.11 sys=0.00, real=0.03 secs] 
2022-09-27T23:46:35.784-0600: 431428.895: [GC pause (G1 Evacuation Pause) (mixed), 0.0481700 secs]
   [Parallel Time: 15.3 ms, GC Workers: 8]
      [GC Worker Start (ms): Min: 431428895.5, Avg: 431428897.9, Max: 431428903.2, Diff: 7.8]
      [Ext Root Scanning (ms): Min: 0.0, Avg: 2.1, Max: 7.3, Diff: 7.3, Sum: 17.1]
      [Update RS (ms): Min: 0.9, Avg: 4.5, Max: 11.1, Diff: 10.2, Sum: 36.0]
         [Processed Buffers: Min: 1, Avg: 6.2, Max: 17, Diff: 16, Sum: 50]
      [Scan RS (ms): Min: 0.0, Avg: 1.5, Max: 1.9, Diff: 1.9, Sum: 12.2]
      [Code Root Scanning (ms): Min: 0.0, Avg: 0.0, Max: 0.0, Diff: 0.0, Sum: 0.1]
      [Object Copy (ms): Min: 0.3, Avg: 3.6, Max: 4.5, Diff: 4.2, Sum: 29.0]
      [Termination (ms): Min: 0.0, Avg: 0.7, Max: 0.8, Diff: 0.8, Sum: 5.4]
         [Termination Attempts: Min: 1, Avg: 13.6, Max: 21, Diff: 20, Sum: 109]
      [GC Worker Other (ms): Min: 0.0, Avg: 0.0, Max: 0.0, Diff: 0.0, Sum: 0.1]
      [GC Worker Total (ms): Min: 7.2, Avg: 12.5, Max: 14.9, Diff: 7.8, Sum: 100.0]
      [GC Worker End (ms): Min: 431428910.4, Avg: 431428910.4, Max: 431428910.4, Diff: 0.0]
   [Code Root Fixup: 0.0 ms]
   [Code Root Purge: 0.0 ms]
   [Clear CT: 0.8 ms]
   [Other: 32.0 ms]
      [Choose CSet: 0.0 ms]
      [Ref Proc: 31.5 ms]
      [Ref Enq: 0.1 ms]
      [Redirty Cards: 0.1 ms]
      [Humongous Register: 0.0 ms]
      [Humongous Reclaim: 0.0 ms]
      [Free CSet: 0.1 ms]
   [Eden: 5712.0M(5712.0M)->0.0B(7152.0M) Survivors: 16384.0K->16384.0K Heap: 9205.2M(14336.0M)->3473.8M(14336.0M)]
 [Times: user=0.21 sys=0.00, real=0.05 secs] 
2022-09-27T23:48:14.428-0600: 431527.539: [GC pause (G1 Evacuation Pause) (young), 0.0340034 secs]
   [Parallel Time: 11.6 ms, GC Workers: 8]
      [GC Worker Start (ms): Min: 431527539.2, Avg: 431527544.3, Max: 431527548.7, Diff: 9.4]
      [Ext Root Scanning (ms): Min: 0.0, Avg: 0.8, Max: 3.3, Diff: 3.3, Sum: 6.1]
      [Update RS (ms): Min: 0.0, Avg: 3.6, Max: 6.1, Diff: 6.1, Sum: 28.9]
         [Processed Buffers: Min: 1, Avg: 18.6, Max: 34, Diff: 33, Sum: 149]
      [Scan RS (ms): Min: 0.0, Avg: 0.0, Max: 0.1, Diff: 0.0, Sum: 0.3]
      [Code Root Scanning (ms): Min: 0.0, Avg: 0.0, Max: 0.0, Diff: 0.0, Sum: 0.0]
      [Object Copy (ms): Min: 1.6, Avg: 1.7, Max: 1.9, Diff: 0.4, Sum: 13.2]
      [Termination (ms): Min: 0.0, Avg: 0.0, Max: 0.0, Diff: 0.0, Sum: 0.1]
         [Termination Attempts: Min: 1, Avg: 23.9, Max: 35, Diff: 34, Sum: 191]
      [GC Worker Other (ms): Min: 0.0, Avg: 0.0, Max: 0.1, Diff: 0.0, Sum: 0.2]
      [GC Worker Total (ms): Min: 1.7, Avg: 6.1, Max: 11.1, Diff: 9.4, Sum: 48.8]
      [GC Worker End (ms): Min: 431527550.4, Avg: 431527550.4, Max: 431527550.4, Diff: 0.0]
   [Code Root Fixup: 0.0 ms]
   [Code Root Purge: 0.0 ms]
   [Clear CT: 0.5 ms]
   [Other: 21.9 ms]
      [Choose CSet: 0.0 ms]
      [Ref Proc: 21.5 ms]
      [Ref Enq: 0.1 ms]
      [Redirty Cards: 0.1 ms]
      [Humongous Register: 0.0 ms]
      [Humongous Reclaim: 0.0 ms]
      [Free CSet: 0.1 ms]
   [Eden: 7152.0M(7152.0M)->0.0B(7152.0M) Survivors: 16384.0K->16384.0K Heap: 10625.8M(14336.0M)->3484.5M(14336.0M)]
 [Times: user=0.12 sys=0.00, real=0.04 secs] 
2022-09-27T23:49:53.980-0600: 431627.091: [GC pause (G1 Evacuation Pause) (young) (initial-mark), 0.0673565 secs]
   [Parallel Time: 15.8 ms, GC Workers: 8]
      [GC Worker Start (ms): Min: 431627092.3, Avg: 431627094.4, Max: 431627095.6, Diff: 3.3]
      [Ext Root Scanning (ms): Min: 3.3, Avg: 8.1, Max: 13.2, Diff: 9.9, Sum: 64.4]
      [Update RS (ms): Min: 0.0, Avg: 0.9, Max: 2.0, Diff: 2.0, Sum: 7.6]
         [Processed Buffers: Min: 0, Avg: 5.5, Max: 16, Diff: 16, Sum: 44]
      [Scan RS (ms): Min: 0.0, Avg: 0.0, Max: 0.1, Diff: 0.1, Sum: 0.2]
      [Code Root Scanning (ms): Min: 0.0, Avg: 0.0, Max: 0.0, Diff: 0.0, Sum: 0.0]
      [Object Copy (ms): Min: 0.0, Avg: 1.1, Max: 2.3, Diff: 2.3, Sum: 8.7]
      [Termination (ms): Min: 0.0, Avg: 2.1, Max: 3.7, Diff: 3.7, Sum: 16.5]
         [Termination Attempts: Min: 1, Avg: 3.9, Max: 10, Diff: 9, Sum: 31]
      [GC Worker Other (ms): Min: 0.0, Avg: 0.0, Max: 0.0, Diff: 0.0, Sum: 0.0]
      [GC Worker Total (ms): Min: 10.9, Avg: 12.2, Max: 14.3, Diff: 3.4, Sum: 97.5]
      [GC Worker End (ms): Min: 431627106.5, Avg: 431627106.6, Max: 431627106.6, Diff: 0.1]
   [Code Root Fixup: 0.0 ms]
   [Code Root Purge: 0.0 ms]
   [Clear CT: 0.9 ms]
   [Other: 50.7 ms]
      [Choose CSet: 0.0 ms]
      [Ref Proc: 50.3 ms]
      [Ref Enq: 0.1 ms]
      [Redirty Cards: 0.0 ms]
      [Humongous Register: 0.0 ms]
      [Humongous Reclaim: 0.0 ms]
      [Free CSet: 0.1 ms]
   [Eden: 7152.0M(7152.0M)->0.0B(7152.0M) Survivors: 16384.0K->16384.0K Heap: 10636.5M(14336.0M)->3489.0M(14336.0M)]
 [Times: user=0.19 sys=0.00, real=0.07 secs] 
2022-09-27T23:49:54.047-0600: 431627.158: [GC concurrent-root-region-scan-start]
2022-09-27T23:49:54.053-0600: 431627.164: [GC concurrent-root-region-scan-end, 0.0057152 secs]
2022-09-27T23:49:54.053-0600: 431627.164: [GC concurrent-mark-start]
2022-09-27T23:49:55.459-0600: 431628.570: [GC concurrent-mark-end, 1.4059078 secs]
2022-09-27T23:49:55.459-0600: 431628.570: [GC remark 2022-09-27T23:49:55.459-0600: 431628.570: [Finalize Marking, 0.0025397 secs] 2022-09-27T23:49:55.462-0600: 431628.573: [GC ref-proc, 0.0338131 secs] 2022-09-27T23:49:55.496-0600: 431628.606: [Unloading, 0.1232074 secs], 0.1810472 secs]
 [Times: user=0.38 sys=0.00, real=0.19 secs] 
2022-09-27T23:49:55.640-0600: 431628.751: [GC cleanup 3633M->3633M(14336M), 0.0090777 secs]
 [Times: user=0.02 sys=0.00, real=0.01 secs] 
2022-09-27T23:51:32.315-0600: 431725.426: [GC pause (G1 Evacuation Pause) (young), 0.0224918 secs]
   [Parallel Time: 5.2 ms, GC Workers: 8]
      [GC Worker Start (ms): Min: 431725426.1, Avg: 431725427.1, Max: 431725431.1, Diff: 5.1]
      [Ext Root Scanning (ms): Min: 0.0, Avg: 1.0, Max: 3.4, Diff: 3.4, Sum: 7.6]
      [Update RS (ms): Min: 0.0, Avg: 1.3, Max: 1.9, Diff: 1.9, Sum: 10.4]
         [Processed Buffers: Min: 0, Avg: 6.4, Max: 12, Diff: 12, Sum: 51]
      [Scan RS (ms): Min: 0.0, Avg: 0.0, Max: 0.1, Diff: 0.1, Sum: 0.2]
      [Code Root Scanning (ms): Min: 0.0, Avg: 0.0, Max: 0.0, Diff: 0.0, Sum: 0.0]
      [Object Copy (ms): Min: 0.0, Avg: 1.2, Max: 1.5, Diff: 1.5, Sum: 9.7]
      [Termination (ms): Min: 0.0, Avg: 0.6, Max: 0.6, Diff: 0.6, Sum: 4.4]
         [Termination Attempts: Min: 1, Avg: 2.2, Max: 4, Diff: 3, Sum: 18]
      [GC Worker Other (ms): Min: 0.0, Avg: 0.0, Max: 0.0, Diff: 0.0, Sum: 0.0]
      [GC Worker Total (ms): Min: 0.0, Avg: 4.0, Max: 5.1, Diff: 5.1, Sum: 32.3]
      [GC Worker End (ms): Min: 431725431.2, Avg: 431725431.2, Max: 431725431.2, Diff: 0.0]
   [Code Root Fixup: 0.0 ms]
   [Code Root Purge: 0.0 ms]
   [Clear CT: 0.7 ms]
   [Other: 16.5 ms]
      [Choose CSet: 0.0 ms]
      [Ref Proc: 16.1 ms]
      [Ref Enq: 0.1 ms]
      [Redirty Cards: 0.1 ms]
      [Humongous Register: 0.0 ms]
      [Humongous Reclaim: 0.0 ms]
      [Free CSet: 0.1 ms]
   [Eden: 7152.0M(7152.0M)->0.0B(5712.0M) Survivors: 16384.0K->16384.0K Heap: 10641.0M(14336.0M)->3487.1M(14336.0M)]
 [Times: user=0.08 sys=0.00, real=0.02 secs] 
2022-09-27T23:52:50.289-0600: 431803.400: [GC pause (G1 Evacuation Pause) (mixed), 0.0475164 secs]
   [Parallel Time: 13.9 ms, GC Workers: 8]
      [GC Worker Start (ms): Min: 431803399.8, Avg: 431803408.1, Max: 431803413.6, Diff: 13.8]
      [Ext Root Scanning (ms): Min: 0.0, Avg: 0.8, Max: 3.3, Diff: 3.3, Sum: 6.7]
      [Update RS (ms): Min: 0.0, Avg: 1.0, Max: 2.9, Diff: 2.9, Sum: 7.8]
         [Processed Buffers: Min: 0, Avg: 5.6, Max: 26, Diff: 26, Sum: 45]
      [Scan RS (ms): Min: 0.0, Avg: 0.4, Max: 1.1, Diff: 1.1, Sum: 3.5]
      [Code Root Scanning (ms): Min: 0.0, Avg: 0.0, Max: 0.0, Diff: 0.0, Sum: 0.0]
      [Object Copy (ms): Min: 0.0, Avg: 2.2, Max: 5.9, Diff: 5.9, Sum: 17.3]
      [Termination (ms): Min: 0.0, Avg: 1.1, Max: 1.8, Diff: 1.8, Sum: 9.2]
         [Termination Attempts: Min: 1, Avg: 1.8, Max: 6, Diff: 5, Sum: 14]
      [GC Worker Other (ms): Min: 0.0, Avg: 0.0, Max: 0.0, Diff: 0.0, Sum: 0.0]
      [GC Worker Total (ms): Min: 0.0, Avg: 5.6, Max: 13.8, Diff: 13.8, Sum: 44.5]
      [GC Worker End (ms): Min: 431803413.6, Avg: 431803413.7, Max: 431803413.7, Diff: 0.0]
   [Code Root Fixup: 0.0 ms]
   [Code Root Purge: 0.0 ms]
   [Clear CT: 0.6 ms]
   [Other: 33.1 ms]
      [Choose CSet: 0.0 ms]
      [Ref Proc: 32.7 ms]
      [Ref Enq: 0.1 ms]
      [Redirty Cards: 0.1 ms]
      [Humongous Register: 0.0 ms]
      [Humongous Reclaim: 0.0 ms]
      [Free CSet: 0.1 ms]
   [Eden: 5712.0M(5712.0M)->0.0B(7152.0M) Survivors: 16384.0K->16384.0K Heap: 9199.1M(14336.0M)->3483.7M(14336.0M)]
 [Times: user=0.13 sys=0.00, real=0.04 secs] 
2022-09-27T23:54:30.828-0600: 431903.939: [GC pause (G1 Evacuation Pause) (young), 0.0300249 secs]
   [Parallel Time: 8.5 ms, GC Workers: 8]
      [GC Worker Start (ms): Min: 431903938.9, Avg: 431903942.4, Max: 431903947.2, Diff: 8.3]
      [Ext Root Scanning (ms): Min: 0.0, Avg: 0.8, Max: 3.1, Diff: 3.1, Sum: 6.6]
      [Update RS (ms): Min: 0.0, Avg: 2.5, Max: 4.4, Diff: 4.4, Sum: 20.3]
         [Processed Buffers: Min: 0, Avg: 12.4, Max: 30, Diff: 30, Sum: 99]
      [Scan RS (ms): Min: 0.0, Avg: 0.0, Max: 0.1, Diff: 0.1, Sum: 0.2]
      [Code Root Scanning (ms): Min: 0.0, Avg: 0.0, Max: 0.0, Diff: 0.0, Sum: 0.0]
      [Object Copy (ms): Min: 0.0, Avg: 1.2, Max: 2.1, Diff: 2.1, Sum: 9.7]
      [Termination (ms): Min: 0.0, Avg: 0.2, Max: 0.4, Diff: 0.4, Sum: 2.0]
         [Termination Attempts: Min: 1, Avg: 10.4, Max: 23, Diff: 22, Sum: 83]
      [GC Worker Other (ms): Min: 0.0, Avg: 0.0, Max: 0.0, Diff: 0.0, Sum: 0.0]
      [GC Worker Total (ms): Min: 0.0, Avg: 4.9, Max: 8.3, Diff: 8.3, Sum: 38.9]
      [GC Worker End (ms): Min: 431903947.2, Avg: 431903947.3, Max: 431903947.4, Diff: 0.2]
   [Code Root Fixup: 0.0 ms]
   [Code Root Purge: 0.0 ms]
   [Clear CT: 0.5 ms]
   [Other: 21.0 ms]
      [Choose CSet: 0.0 ms]
      [Ref Proc: 20.6 ms]
      [Ref Enq: 0.1 ms]
      [Redirty Cards: 0.1 ms]
      [Humongous Register: 0.0 ms]
      [Humongous Reclaim: 0.0 ms]
      [Free CSet: 0.1 ms]
   [Eden: 7152.0M(7152.0M)->0.0B(7152.0M) Survivors: 16384.0K->16384.0K Heap: 10635.7M(14336.0M)->3492.2M(14336.0M)]
 [Times: user=0.11 sys=0.00, real=0.03 secs] 
2022-09-27T23:56:12.782-0600: 432005.893: [GC pause (G1 Evacuation Pause) (young) (initial-mark), 0.5071143 secs]
   [Parallel Time: 23.9 ms, GC Workers: 8]
      [GC Worker Start (ms): Min: 432005894.6, Avg: 432005895.1, Max: 432005895.4, Diff: 0.8]
      [Ext Root Scanning (ms): Min: 3.4, Avg: 15.5, Max: 21.2, Diff: 17.8, Sum: 123.9]
      [Update RS (ms): Min: 0.0, Avg: 1.3, Max: 6.2, Diff: 6.2, Sum: 10.3]
         [Processed Buffers: Min: 0, Avg: 6.0, Max: 26, Diff: 26, Sum: 48]
      [Scan RS (ms): Min: 0.0, Avg: 0.1, Max: 0.2, Diff: 0.1, Sum: 0.4]
      [Code Root Scanning (ms): Min: 0.0, Avg: 0.0, Max: 0.0, Diff: 0.0, Sum: 0.0]
      [Object Copy (ms): Min: 0.0, Avg: 1.7, Max: 6.7, Diff: 6.6, Sum: 13.8]
      [Termination (ms): Min: 0.0, Avg: 2.9, Max: 5.3, Diff: 5.3, Sum: 23.0]
         [Termination Attempts: Min: 1, Avg: 4.0, Max: 23, Diff: 22, Sum: 32]
      [GC Worker Other (ms): Min: 0.0, Avg: 0.0, Max: 0.0, Diff: 0.0, Sum: 0.1]
      [GC Worker Total (ms): Min: 21.1, Avg: 21.5, Max: 21.9, Diff: 0.8, Sum: 171.6]
      [GC Worker End (ms): Min: 432005916.5, Avg: 432005916.5, Max: 432005916.6, Diff: 0.1]
   [Code Root Fixup: 0.0 ms]
   [Code Root Purge: 0.0 ms]
   [Clear CT: 1.0 ms]
   [Other: 482.2 ms]
      [Choose CSet: 0.0 ms]
      [Ref Proc: 481.5 ms]
      [Ref Enq: 0.1 ms]
      [Redirty Cards: 0.3 ms]
      [Humongous Register: 0.0 ms]
      [Humongous Reclaim: 0.0 ms]
      [Free CSet: 0.1 ms]
   [Eden: 7152.0M(7152.0M)->0.0B(5712.0M) Survivors: 16384.0K->16384.0K Heap: 10644.2M(14336.0M)->3491.1M(14336.0M)]
 [Times: user=2.21 sys=0.00, real=0.51 secs] 
2022-09-27T23:56:13.290-0600: 432006.401: [GC concurrent-root-region-scan-start]
2022-09-27T23:56:13.297-0600: 432006.408: [GC concurrent-root-region-scan-end, 0.0075577 secs]
2022-09-27T23:56:13.297-0600: 432006.408: [GC concurrent-mark-start]
2022-09-27T23:56:14.593-0600: 432007.704: [GC concurrent-mark-end, 1.2962678 secs]
2022-09-27T23:56:14.594-0600: 432007.704: [GC remark 2022-09-27T23:56:14.594-0600: 432007.704: [Finalize Marking, 0.0024960 secs] 2022-09-27T23:56:14.596-0600: 432007.707: [GC ref-proc, 0.0664372 secs] 2022-09-27T23:56:14.663-0600: 432007.773: [Unloading, 0.0312757 secs], 0.1078020 secs]
 [Times: user=0.39 sys=0.00, real=0.11 secs] 
2022-09-27T23:56:14.702-0600: 432007.812: [GC cleanup 3635M->3635M(14336M), 0.0089688 secs]
 [Times: user=0.02 sys=0.00, real=0.01 secs] 
2022-09-27T23:57:32.031-0600: 432085.142: [GC pause (GCLocker Initiated GC) (young), 0.0331886 secs]
   [Parallel Time: 5.9 ms, GC Workers: 8]
      [GC Worker Start (ms): Min: 432085141.9, Avg: 432085142.9, Max: 432085147.2, Diff: 5.2]
      [Ext Root Scanning (ms): Min: 0.0, Avg: 1.8, Max: 5.6, Diff: 5.6, Sum: 14.7]
      [Update RS (ms): Min: 0.0, Avg: 1.1, Max: 1.9, Diff: 1.9, Sum: 8.5]
         [Processed Buffers: Min: 0, Avg: 5.1, Max: 16, Diff: 16, Sum: 41]
      [Scan RS (ms): Min: 0.0, Avg: 0.0, Max: 0.1, Diff: 0.1, Sum: 0.2]
      [Code Root Scanning (ms): Min: 0.0, Avg: 0.0, Max: 0.0, Diff: 0.0, Sum: 0.0]
      [Object Copy (ms): Min: 0.0, Avg: 1.4, Max: 2.1, Diff: 2.1, Sum: 11.2]
      [Termination (ms): Min: 0.0, Avg: 0.5, Max: 0.6, Diff: 0.6, Sum: 4.0]
         [Termination Attempts: Min: 1, Avg: 1.0, Max: 1, Diff: 0, Sum: 8]
      [GC Worker Other (ms): Min: 0.0, Avg: 0.0, Max: 0.0, Diff: 0.0, Sum: 0.1]
      [GC Worker Total (ms): Min: 0.6, Avg: 4.8, Max: 5.8, Diff: 5.2, Sum: 38.6]
      [GC Worker End (ms): Min: 432085147.7, Avg: 432085147.7, Max: 432085147.8, Diff: 0.0]
   [Code Root Fixup: 0.0 ms]
   [Code Root Purge: 0.0 ms]
   [Clear CT: 1.0 ms]
   [Other: 26.3 ms]
      [Choose CSet: 0.0 ms]
      [Ref Proc: 25.8 ms]
      [Ref Enq: 0.1 ms]
      [Redirty Cards: 0.1 ms]
      [Humongous Register: 0.2 ms]
      [Humongous Reclaim: 0.0 ms]
      [Free CSet: 0.1 ms]
   [Eden: 5728.0M(5712.0M)->0.0B(5712.0M) Survivors: 16384.0K->16384.0K Heap: 9211.1M(14336.0M)->3495.3M(14336.0M)]
 [Times: user=0.11 sys=0.00, real=0.03 secs] 
2022-09-27T23:58:53.328-0600: 432166.439: [GC pause (GCLocker Initiated GC) (mixed), 0.0377749 secs]
   [Parallel Time: 15.7 ms, GC Workers: 8]
      [GC Worker Start (ms): Min: 432166439.4, Avg: 432166443.3, Max: 432166445.9, Diff: 6.5]
      [Ext Root Scanning (ms): Min: 0.0, Avg: 1.6, Max: 8.6, Diff: 8.6, Sum: 12.8]
      [Update RS (ms): Min: 0.0, Avg: 1.0, Max: 2.1, Diff: 2.1, Sum: 8.2]
         [Processed Buffers: Min: 0, Avg: 5.2, Max: 15, Diff: 15, Sum: 42]
      [Scan RS (ms): Min: 0.0, Avg: 2.8, Max: 9.0, Diff: 9.0, Sum: 22.2]
      [Code Root Scanning (ms): Min: 0.0, Avg: 0.1, Max: 0.6, Diff: 0.6, Sum: 0.6]
      [Object Copy (ms): Min: 0.0, Avg: 5.7, Max: 7.7, Diff: 7.7, Sum: 45.4]
      [Termination (ms): Min: 0.0, Avg: 0.5, Max: 0.7, Diff: 0.7, Sum: 3.9]
         [Termination Attempts: Min: 1, Avg: 31.4, Max: 49, Diff: 48, Sum: 251]
      [GC Worker Other (ms): Min: 0.0, Avg: 0.0, Max: 0.0, Diff: 0.0, Sum: 0.1]
      [GC Worker Total (ms): Min: 9.0, Avg: 11.7, Max: 15.6, Diff: 6.5, Sum: 93.2]
      [GC Worker End (ms): Min: 432166455.0, Avg: 432166455.0, Max: 432166455.0, Diff: 0.0]
   [Code Root Fixup: 0.0 ms]
   [Code Root Purge: 0.0 ms]
   [Clear CT: 0.9 ms]
   [Other: 21.1 ms]
      [Choose CSet: 0.0 ms]
      [Ref Proc: 20.6 ms]
      [Ref Enq: 0.1 ms]
      [Redirty Cards: 0.1 ms]
      [Humongous Register: 0.0 ms]
      [Humongous Reclaim: 0.0 ms]
      [Free CSet: 0.2 ms]
   [Eden: 5728.0M(5712.0M)->0.0B(7152.0M) Survivors: 16384.0K->16384.0K Heap: 9209.8M(14336.0M)->3485.3M(14336.0M)]
 [Times: user=0.16 sys=0.00, real=0.03 secs] 
2022-09-28T00:00:35.314-0600: 432268.425: [GC pause (G1 Evacuation Pause) (young), 0.0401838 secs]
   [Parallel Time: 15.0 ms, GC Workers: 8]
      [GC Worker Start (ms): Min: 432268428.2, Avg: 432268433.1, Max: 432268436.6, Diff: 8.4]
      [Ext Root Scanning (ms): Min: 0.0, Avg: 0.8, Max: 4.1, Diff: 4.1, Sum: 6.6]
      [Update RS (ms): Min: 3.4, Avg: 6.1, Max: 8.0, Diff: 4.6, Sum: 49.0]
         [Processed Buffers: Min: 4, Avg: 20.8, Max: 42, Diff: 38, Sum: 166]
      [Scan RS (ms): Min: 0.0, Avg: 0.0, Max: 0.1, Diff: 0.1, Sum: 0.2]
      [Code Root Scanning (ms): Min: 0.0, Avg: 0.0, Max: 0.0, Diff: 0.0, Sum: 0.0]
      [Object Copy (ms): Min: 0.0, Avg: 2.0, Max: 5.8, Diff: 5.8, Sum: 16.0]
      [Termination (ms): Min: 0.0, Avg: 1.0, Max: 1.3, Diff: 1.3, Sum: 8.4]
         [Termination Attempts: Min: 1, Avg: 10.2, Max: 17, Diff: 16, Sum: 82]
      [GC Worker Other (ms): Min: 0.0, Avg: 0.0, Max: 0.0, Diff: 0.0, Sum: 0.1]
      [GC Worker Total (ms): Min: 6.5, Avg: 10.0, Max: 14.9, Diff: 8.4, Sum: 80.2]
      [GC Worker End (ms): Min: 432268443.1, Avg: 432268443.2, Max: 432268443.2, Diff: 0.1]
   [Code Root Fixup: 0.0 ms]
   [Code Root Purge: 0.0 ms]
   [Clear CT: 0.6 ms]
   [Other: 24.5 ms]
      [Choose CSet: 0.0 ms]
      [Ref Proc: 21.1 ms]
      [Ref Enq: 0.1 ms]
      [Redirty Cards: 0.1 ms]
      [Humongous Register: 0.0 ms]
      [Humongous Reclaim: 0.0 ms]
      [Free CSet: 0.1 ms]
   [Eden: 7152.0M(7152.0M)->0.0B(7152.0M) Survivors: 16384.0K->16384.0K Heap: 10637.3M(14336.0M)->3491.5M(14336.0M)]
 [Times: user=0.14 sys=0.00, real=0.04 secs] 
2022-09-28T00:02:16.787-0600: 432369.898: [GC pause (G1 Evacuation Pause) (young) (initial-mark), 0.1194719 secs]
   [Parallel Time: 19.5 ms, GC Workers: 8]
      [GC Worker Start (ms): Min: 432369899.8, Avg: 432369899.9, Max: 432369899.9, Diff: 0.1]
      [Ext Root Scanning (ms): Min: 5.8, Avg: 12.6, Max: 18.0, Diff: 12.1, Sum: 101.2]
      [Update RS (ms): Min: 0.0, Avg: 1.1, Max: 3.8, Diff: 3.8, Sum: 8.7]
         [Processed Buffers: Min: 0, Avg: 5.6, Max: 21, Diff: 21, Sum: 45]
      [Scan RS (ms): Min: 0.0, Avg: 0.0, Max: 0.1, Diff: 0.1, Sum: 0.2]
      [Code Root Scanning (ms): Min: 0.0, Avg: 0.0, Max: 0.0, Diff: 0.0, Sum: 0.0]
      [Object Copy (ms): Min: 0.0, Avg: 1.2, Max: 3.1, Diff: 3.1, Sum: 9.5]
      [Termination (ms): Min: 0.0, Avg: 3.1, Max: 5.4, Diff: 5.4, Sum: 24.9]
         [Termination Attempts: Min: 1, Avg: 3.0, Max: 9, Diff: 8, Sum: 24]
      [GC Worker Other (ms): Min: 0.0, Avg: 0.0, Max: 0.0, Diff: 0.0, Sum: 0.0]
      [GC Worker Total (ms): Min: 17.9, Avg: 18.1, Max: 18.2, Diff: 0.2, Sum: 144.4]
      [GC Worker End (ms): Min: 432369917.8, Avg: 432369917.9, Max: 432369918.0, Diff: 0.2]
   [Code Root Fixup: 0.0 ms]
   [Code Root Purge: 0.0 ms]
   [Clear CT: 23.6 ms]
   [Other: 76.3 ms]
      [Choose CSet: 0.0 ms]
      [Ref Proc: 52.7 ms]
      [Ref Enq: 21.5 ms]
      [Redirty Cards: 1.7 ms]
      [Humongous Register: 0.0 ms]
      [Humongous Reclaim: 0.0 ms]
      [Free CSet: 0.1 ms]
   [Eden: 7152.0M(7152.0M)->0.0B(7152.0M) Survivors: 16384.0K->16384.0K Heap: 10643.5M(14336.0M)->3495.5M(14336.0M)]
 [Times: user=0.24 sys=0.00, real=0.12 secs] 
2022-09-28T00:02:16.910-0600: 432370.021: [GC concurrent-root-region-scan-start]
2022-09-28T00:02:16.918-0600: 432370.029: [GC concurrent-root-region-scan-end, 0.0080740 secs]
2022-09-28T00:02:16.918-0600: 432370.029: [GC concurrent-mark-start]
2022-09-28T00:02:18.316-0600: 432371.427: [GC concurrent-mark-end, 1.3981398 secs]
2022-09-28T00:02:18.316-0600: 432371.427: [GC remark 2022-09-28T00:02:18.316-0600: 432371.427: [Finalize Marking, 0.0020030 secs] 2022-09-28T00:02:18.318-0600: 432371.429: [GC ref-proc, 0.0277183 secs] 2022-09-28T00:02:18.346-0600: 432371.457: [Unloading, 0.0389132 secs], 0.0765354 secs]
 [Times: user=0.26 sys=0.00, real=0.08 secs] 
2022-09-28T00:02:18.393-0600: 432371.504: [GC cleanup 3623M->3623M(14336M), 0.0114977 secs]
 [Times: user=0.03 sys=0.00, real=0.01 secs] 
2022-09-28T00:03:55.680-0600: 432468.791: [GC pause (G1 Evacuation Pause) (young), 0.1187350 secs]
   [Parallel Time: 78.8 ms, GC Workers: 8]
      [GC Worker Start (ms): Min: 432468791.2, Avg: 432468850.8, Max: 432468869.8, Diff: 78.6]
      [Ext Root Scanning (ms): Min: 0.0, Avg: 0.7, Max: 5.4, Diff: 5.4, Sum: 5.5]
      [Update RS (ms): Min: 0.0, Avg: 1.1, Max: 4.9, Diff: 4.9, Sum: 8.6]
         [Processed Buffers: Min: 0, Avg: 6.6, Max: 36, Diff: 36, Sum: 53]
      [Scan RS (ms): Min: 0.0, Avg: 0.0, Max: 0.1, Diff: 0.1, Sum: 0.2]
      [Code Root Scanning (ms): Min: 0.0, Avg: 0.0, Max: 0.0, Diff: 0.0, Sum: 0.0]
      [Object Copy (ms): Min: 0.0, Avg: 0.8, Max: 3.3, Diff: 3.3, Sum: 6.4]
      [Termination (ms): Min: 0.0, Avg: 16.5, Max: 64.9, Diff: 64.9, Sum: 132.0]
         [Termination Attempts: Min: 1, Avg: 1.2, Max: 3, Diff: 2, Sum: 10]
      [GC Worker Other (ms): Min: 0.0, Avg: 0.0, Max: 0.0, Diff: 0.0, Sum: 0.0]
      [GC Worker Total (ms): Min: 0.0, Avg: 19.1, Max: 78.7, Diff: 78.7, Sum: 152.6]
      [GC Worker End (ms): Min: 432468869.8, Avg: 432468869.8, Max: 432468869.9, Diff: 0.1]
   [Code Root Fixup: 0.0 ms]
   [Code Root Purge: 0.0 ms]
   [Clear CT: 0.9 ms]
   [Other: 39.1 ms]
      [Choose CSet: 0.0 ms]
      [Ref Proc: 38.6 ms]
      [Ref Enq: 0.1 ms]
      [Redirty Cards: 0.1 ms]
      [Humongous Register: 0.0 ms]
      [Humongous Reclaim: 0.0 ms]
      [Free CSet: 0.1 ms]
   [Eden: 7152.0M(7152.0M)->0.0B(5712.0M) Survivors: 16384.0K->16384.0K Heap: 10647.5M(14336.0M)->3493.1M(14336.0M)]
 [Times: user=0.37 sys=0.00, real=0.12 secs] 
2022-09-28T00:05:15.678-0600: 432548.789: [GC pause (G1 Evacuation Pause) (mixed), 0.0334107 secs]
   [Parallel Time: 19.8 ms, GC Workers: 8]
      [GC Worker Start (ms): Min: 432548788.9, Avg: 432548791.9, Max: 432548795.0, Diff: 6.1]
      [Ext Root Scanning (ms): Min: 0.0, Avg: 0.8, Max: 3.2, Diff: 3.2, Sum: 6.7]
      [Update RS (ms): Min: 0.0, Avg: 0.9, Max: 1.7, Diff: 1.7, Sum: 7.4]
         [Processed Buffers: Min: 0, Avg: 5.1, Max: 14, Diff: 14, Sum: 41]
      [Scan RS (ms): Min: 0.0, Avg: 0.6, Max: 1.1, Diff: 1.1, Sum: 4.9]
      [Code Root Scanning (ms): Min: 0.0, Avg: 0.0, Max: 0.3, Diff: 0.3, Sum: 0.3]
      [Object Copy (ms): Min: 12.4, Avg: 13.3, Max: 14.8, Diff: 2.4, Sum: 106.6]
      [Termination (ms): Min: 0.0, Avg: 0.9, Max: 1.2, Diff: 1.2, Sum: 7.5]
         [Termination Attempts: Min: 1, Avg: 11.6, Max: 20, Diff: 19, Sum: 93]
      [GC Worker Other (ms): Min: 0.0, Avg: 0.0, Max: 0.0, Diff: 0.0, Sum: 0.1]
      [GC Worker Total (ms): Min: 13.6, Avg: 16.7, Max: 19.8, Diff: 6.2, Sum: 133.5]
      [GC Worker End (ms): Min: 432548808.6, Avg: 432548808.6, Max: 432548808.7, Diff: 0.1]
   [Code Root Fixup: 0.0 ms]
   [Code Root Purge: 0.0 ms]
   [Clear CT: 0.8 ms]
   [Other: 12.7 ms]
      [Choose CSet: 0.0 ms]
      [Ref Proc: 12.2 ms]
      [Ref Enq: 0.1 ms]
      [Redirty Cards: 0.2 ms]
      [Humongous Register: 0.0 ms]
      [Humongous Reclaim: 0.0 ms]
      [Free CSet: 0.2 ms]
   [Eden: 5712.0M(5712.0M)->0.0B(7152.0M) Survivors: 16384.0K->16384.0K Heap: 9205.1M(14336.0M)->3478.9M(14336.0M)]
 [Times: user=0.10 sys=0.01, real=0.04 secs] 
2022-09-28T00:06:55.133-0600: 432648.244: [GC pause (G1 Evacuation Pause) (young), 0.0895320 secs]
   [Parallel Time: 62.6 ms, GC Workers: 8]
      [GC Worker Start (ms): Min: 432648244.1, Avg: 432648268.0, Max: 432648306.4, Diff: 62.2]
      [Ext Root Scanning (ms): Min: 0.0, Avg: 0.9, Max: 3.1, Diff: 3.1, Sum: 6.9]
      [Update RS (ms): Min: 0.0, Avg: 3.8, Max: 6.6, Diff: 6.6, Sum: 30.8]
         [Processed Buffers: Min: 0, Avg: 18.6, Max: 35, Diff: 35, Sum: 149]
      [Scan RS (ms): Min: 0.0, Avg: 0.0, Max: 0.1, Diff: 0.1, Sum: 0.2]
      [Code Root Scanning (ms): Min: 0.0, Avg: 0.0, Max: 0.0, Diff: 0.0, Sum: 0.0]
      [Object Copy (ms): Min: 0.0, Avg: 1.1, Max: 1.9, Diff: 1.9, Sum: 8.9]
      [Termination (ms): Min: 0.0, Avg: 32.6, Max: 52.0, Diff: 52.0, Sum: 261.1]
         [Termination Attempts: Min: 1, Avg: 2.2, Max: 7, Diff: 6, Sum: 18]
      [GC Worker Other (ms): Min: 0.0, Avg: 0.0, Max: 0.0, Diff: 0.0, Sum: 0.1]
      [GC Worker Total (ms): Min: 0.0, Avg: 38.5, Max: 62.4, Diff: 62.4, Sum: 308.0]
      [GC Worker End (ms): Min: 432648306.4, Avg: 432648306.5, Max: 432648306.5, Diff: 0.1]
   [Code Root Fixup: 0.0 ms]
   [Code Root Purge: 0.0 ms]
   [Clear CT: 0.5 ms]
   [Other: 26.4 ms]
      [Choose CSet: 0.0 ms]
      [Ref Proc: 26.0 ms]
      [Ref Enq: 0.1 ms]
      [Redirty Cards: 0.1 ms]
      [Humongous Register: 0.0 ms]
      [Humongous Reclaim: 0.0 ms]
      [Free CSet: 0.1 ms]
   [Eden: 7152.0M(7152.0M)->0.0B(7152.0M) Survivors: 16384.0K->16384.0K Heap: 10630.9M(14336.0M)->3484.4M(14336.0M)]
 [Times: user=0.40 sys=0.00, real=0.09 secs] 
2022-09-28T00:08:34.484-0600: 432747.595: [GC pause (G1 Evacuation Pause) (young) (initial-mark), 0.0415820 secs]
   [Parallel Time: 13.8 ms, GC Workers: 8]
      [GC Worker Start (ms): Min: 432747596.6, Avg: 432747598.2, Max: 432747599.2, Diff: 2.7]
      [Ext Root Scanning (ms): Min: 2.4, Avg: 6.6, Max: 11.2, Diff: 8.8, Sum: 53.0]
      [Update RS (ms): Min: 0.0, Avg: 1.0, Max: 2.2, Diff: 2.2, Sum: 8.3]
         [Processed Buffers: Min: 0, Avg: 5.4, Max: 16, Diff: 16, Sum: 43]
      [Scan RS (ms): Min: 0.0, Avg: 0.0, Max: 0.1, Diff: 0.1, Sum: 0.2]
      [Code Root Scanning (ms): Min: 0.0, Avg: 0.0, Max: 0.0, Diff: 0.0, Sum: 0.0]
      [Object Copy (ms): Min: 0.0, Avg: 1.2, Max: 2.6, Diff: 2.6, Sum: 9.9]
      [Termination (ms): Min: 0.0, Avg: 1.8, Max: 2.8, Diff: 2.8, Sum: 14.2]
         [Termination Attempts: Min: 1, Avg: 3.2, Max: 7, Diff: 6, Sum: 26]
      [GC Worker Other (ms): Min: 0.0, Avg: 0.0, Max: 0.0, Diff: 0.0, Sum: 0.0]
      [GC Worker Total (ms): Min: 9.7, Avg: 10.7, Max: 12.4, Diff: 2.7, Sum: 85.7]
      [GC Worker End (ms): Min: 432747608.9, Avg: 432747608.9, Max: 432747609.0, Diff: 0.1]
   [Code Root Fixup: 0.0 ms]
   [Code Root Purge: 0.0 ms]
   [Clear CT: 0.9 ms]
   [Other: 26.8 ms]
      [Choose CSet: 0.0 ms]
      [Ref Proc: 26.4 ms]
      [Ref Enq: 0.1 ms]
      [Redirty Cards: 0.1 ms]
      [Humongous Register: 0.0 ms]
      [Humongous Reclaim: 0.0 ms]
      [Free CSet: 0.1 ms]
   [Eden: 7152.0M(7152.0M)->0.0B(7152.0M) Survivors: 16384.0K->16384.0K Heap: 10636.4M(14336.0M)->3489.1M(14336.0M)]
 [Times: user=0.12 sys=0.00, real=0.04 secs] 
2022-09-28T00:08:34.528-0600: 432747.639: [GC concurrent-root-region-scan-start]
2022-09-28T00:08:34.535-0600: 432747.646: [GC concurrent-root-region-scan-end, 0.0067643 secs]
2022-09-28T00:08:34.535-0600: 432747.646: [GC concurrent-mark-start]
2022-09-28T00:08:35.904-0600: 432749.015: [GC concurrent-mark-end, 1.3693071 secs]
2022-09-28T00:08:35.904-0600: 432749.015: [GC remark 2022-09-28T00:08:35.904-0600: 432749.015: [Finalize Marking, 0.0025231 secs] 2022-09-28T00:08:35.907-0600: 432749.018: [GC ref-proc, 0.0668726 secs] 2022-09-28T00:08:35.974-0600: 432749.085: [Unloading, 0.0250180 secs], 0.1101883 secs]
 [Times: user=0.30 sys=0.00, real=0.11 secs] 
2022-09-28T00:08:36.020-0600: 432749.131: [GC cleanup 3625M->3625M(14336M), 0.0115221 secs]
 [Times: user=0.03 sys=0.00, real=0.01 secs] 
2022-09-28T00:10:14.732-0600: 432847.843: [GC pause (G1 Evacuation Pause) (young), 0.3097924 secs]
   [Parallel Time: 171.5 ms, GC Workers: 8]
      [GC Worker Start (ms): Min: 432847842.9, Avg: 432847992.3, Max: 432848014.2, Diff: 171.3]
      [Ext Root Scanning (ms): Min: 0.0, Avg: 0.7, Max: 5.4, Diff: 5.4, Sum: 5.5]
      [Update RS (ms): Min: 0.0, Avg: 0.8, Max: 6.3, Diff: 6.3, Sum: 6.3]
         [Processed Buffers: Min: 0, Avg: 5.1, Max: 41, Diff: 41, Sum: 41]
      [Scan RS (ms): Min: 0.0, Avg: 0.0, Max: 0.1, Diff: 0.1, Sum: 0.2]
      [Code Root Scanning (ms): Min: 0.0, Avg: 0.0, Max: 0.0, Diff: 0.0, Sum: 0.0]
      [Object Copy (ms): Min: 0.0, Avg: 0.9, Max: 7.1, Diff: 7.1, Sum: 7.1]
      [Termination (ms): Min: 0.0, Avg: 19.6, Max: 152.5, Diff: 152.5, Sum: 156.9]
         [Termination Attempts: Min: 1, Avg: 1.0, Max: 1, Diff: 0, Sum: 8]
      [GC Worker Other (ms): Min: 0.0, Avg: 0.0, Max: 0.0, Diff: 0.0, Sum: 0.0]
      [GC Worker Total (ms): Min: 0.0, Avg: 22.0, Max: 171.4, Diff: 171.4, Sum: 175.9]
      [GC Worker End (ms): Min: 432848014.2, Avg: 432848014.3, Max: 432848014.4, Diff: 0.2]
   [Code Root Fixup: 0.0 ms]
   [Code Root Purge: 0.0 ms]
   [Clear CT: 0.8 ms]
   [Other: 137.5 ms]
      [Choose CSet: 0.0 ms]
      [Ref Proc: 137.1 ms]
      [Ref Enq: 0.1 ms]
      [Redirty Cards: 0.1 ms]
      [Humongous Register: 0.0 ms]
      [Humongous Reclaim: 0.0 ms]
      [Free CSet: 0.1 ms]
   [Eden: 7152.0M(7152.0M)->0.0B(5712.0M) Survivors: 16384.0K->16384.0K Heap: 10641.1M(14336.0M)->3488.2M(14336.0M)]
 [Times: user=1.04 sys=0.00, real=0.31 secs] 
2022-09-28T00:11:32.937-0600: 432926.048: [GC pause (G1 Evacuation Pause) (mixed), 0.0651650 secs]
   [Parallel Time: 30.1 ms, GC Workers: 8]
      [GC Worker Start (ms): Min: 432926048.0, Avg: 432926053.8, Max: 432926060.9, Diff: 12.9]
      [Ext Root Scanning (ms): Min: 0.0, Avg: 4.0, Max: 19.3, Diff: 19.3, Sum: 31.9]
      [Update RS (ms): Min: 0.0, Avg: 5.2, Max: 7.1, Diff: 7.1, Sum: 41.9]
         [Processed Buffers: Min: 0, Avg: 6.2, Max: 12, Diff: 12, Sum: 50]
      [Scan RS (ms): Min: 0.0, Avg: 2.8, Max: 3.7, Diff: 3.6, Sum: 22.0]
      [Code Root Scanning (ms): Min: 0.0, Avg: 0.2, Max: 1.4, Diff: 1.4, Sum: 1.5]
      [Object Copy (ms): Min: 9.2, Avg: 10.6, Max: 11.5, Diff: 2.3, Sum: 85.1]
      [Termination (ms): Min: 0.0, Avg: 1.3, Max: 1.5, Diff: 1.5, Sum: 10.2]
         [Termination Attempts: Min: 1, Avg: 9.8, Max: 17, Diff: 16, Sum: 78]
      [GC Worker Other (ms): Min: 0.0, Avg: 0.0, Max: 0.0, Diff: 0.0, Sum: 0.2]
      [GC Worker Total (ms): Min: 17.0, Avg: 24.1, Max: 29.4, Diff: 12.4, Sum: 192.9]
      [GC Worker End (ms): Min: 432926077.5, Avg: 432926077.9, Max: 432926078.0, Diff: 0.5]
   [Code Root Fixup: 0.0 ms]
   [Code Root Purge: 0.0 ms]
   [Clear CT: 0.7 ms]
   [Other: 34.3 ms]
      [Choose CSet: 0.0 ms]
      [Ref Proc: 33.7 ms]
      [Ref Enq: 0.2 ms]
      [Redirty Cards: 0.2 ms]
      [Humongous Register: 0.0 ms]
      [Humongous Reclaim: 0.0 ms]
      [Free CSet: 0.1 ms]
   [Eden: 5712.0M(5712.0M)->0.0B(7152.0M) Survivors: 16384.0K->16384.0K Heap: 9200.2M(14336.0M)->3482.1M(14336.0M)]
 [Times: user=0.29 sys=0.00, real=0.07 secs] 
2022-09-28T00:13:10.579-0600: 433023.690: [GC pause (G1 Evacuation Pause) (young), 0.1406861 secs]
   [Parallel Time: 8.0 ms, GC Workers: 8]
      [GC Worker Start (ms): Min: 433023690.2, Avg: 433023692.3, Max: 433023698.1, Diff: 7.9]
      [Ext Root Scanning (ms): Min: 0.0, Avg: 1.9, Max: 7.8, Diff: 7.8, Sum: 14.9]
      [Update RS (ms): Min: 0.0, Avg: 2.3, Max: 4.1, Diff: 4.1, Sum: 18.6]
         [Processed Buffers: Min: 0, Avg: 12.9, Max: 28, Diff: 28, Sum: 103]
      [Scan RS (ms): Min: 0.0, Avg: 0.0, Max: 0.1, Diff: 0.0, Sum: 0.2]
      [Code Root Scanning (ms): Min: 0.0, Avg: 0.0, Max: 0.0, Diff: 0.0, Sum: 0.0]
      [Object Copy (ms): Min: 0.0, Avg: 1.2, Max: 2.0, Diff: 2.0, Sum: 9.4]
      [Termination (ms): Min: 0.0, Avg: 0.4, Max: 0.7, Diff: 0.7, Sum: 3.5]
         [Termination Attempts: Min: 1, Avg: 2.6, Max: 5, Diff: 4, Sum: 21]
      [GC Worker Other (ms): Min: 0.0, Avg: 0.0, Max: 0.0, Diff: 0.0, Sum: 0.0]
      [GC Worker Total (ms): Min: 0.0, Avg: 5.8, Max: 7.9, Diff: 7.9, Sum: 46.6]
      [GC Worker End (ms): Min: 433023698.1, Avg: 433023698.1, Max: 433023698.2, Diff: 0.1]
   [Code Root Fixup: 0.0 ms]
   [Code Root Purge: 0.0 ms]
   [Clear CT: 0.9 ms]
   [Other: 131.8 ms]
      [Choose CSet: 0.0 ms]
      [Ref Proc: 131.3 ms]
      [Ref Enq: 0.2 ms]
      [Redirty Cards: 0.2 ms]
      [Humongous Register: 0.0 ms]
      [Humongous Reclaim: 0.0 ms]
      [Free CSet: 0.1 ms]
   [Eden: 7152.0M(7152.0M)->0.0B(7152.0M) Survivors: 16384.0K->16384.0K Heap: 10634.1M(14336.0M)->3487.7M(14336.0M)]
 [Times: user=0.47 sys=0.00, real=0.14 secs] 
2022-09-28T00:14:51.578-0600: 433124.689: [GC pause (G1 Evacuation Pause) (young) (initial-mark), 0.0428640 secs]
   [Parallel Time: 12.4 ms, GC Workers: 8]
      [GC Worker Start (ms): Min: 433124690.2, Avg: 433124692.0, Max: 433124693.0, Diff: 2.8]
      [Ext Root Scanning (ms): Min: 2.4, Avg: 5.4, Max: 10.0, Diff: 7.7, Sum: 43.4]
      [Update RS (ms): Min: 0.0, Avg: 1.1, Max: 2.0, Diff: 2.0, Sum: 8.6]
         [Processed Buffers: Min: 0, Avg: 5.6, Max: 15, Diff: 15, Sum: 45]
      [Scan RS (ms): Min: 0.0, Avg: 0.0, Max: 0.1, Diff: 0.1, Sum: 0.2]
      [Code Root Scanning (ms): Min: 0.0, Avg: 0.0, Max: 0.0, Diff: 0.0, Sum: 0.0]
      [Object Copy (ms): Min: 0.0, Avg: 1.3, Max: 2.2, Diff: 2.2, Sum: 10.5]
      [Termination (ms): Min: 0.0, Avg: 1.3, Max: 1.8, Diff: 1.8, Sum: 10.8]
         [Termination Attempts: Min: 1, Avg: 6.4, Max: 20, Diff: 19, Sum: 51]
      [GC Worker Other (ms): Min: 0.0, Avg: 0.0, Max: 0.0, Diff: 0.0, Sum: 0.0]
      [GC Worker Total (ms): Min: 8.2, Avg: 9.2, Max: 11.1, Diff: 3.0, Sum: 73.6]
      [GC Worker End (ms): Min: 433124701.2, Avg: 433124701.2, Max: 433124701.3, Diff: 0.1]
   [Code Root Fixup: 0.0 ms]
   [Code Root Purge: 0.0 ms]
   [Clear CT: 0.9 ms]
   [Other: 29.5 ms]
      [Choose CSet: 0.0 ms]
      [Ref Proc: 29.1 ms]
      [Ref Enq: 0.1 ms]
      [Redirty Cards: 0.1 ms]
      [Humongous Register: 0.0 ms]
      [Humongous Reclaim: 0.0 ms]
      [Free CSet: 0.1 ms]
   [Eden: 7152.0M(7152.0M)->0.0B(7152.0M) Survivors: 16384.0K->16384.0K Heap: 10639.7M(14336.0M)->3492.2M(14336.0M)]
 [Times: user=0.13 sys=0.00, real=0.05 secs] 
2022-09-28T00:14:51.621-0600: 433124.732: [GC concurrent-root-region-scan-start]
2022-09-28T00:14:51.627-0600: 433124.738: [GC concurrent-root-region-scan-end, 0.0057224 secs]
2022-09-28T00:14:51.627-0600: 433124.738: [GC concurrent-mark-start]
2022-09-28T00:14:52.945-0600: 433126.056: [GC concurrent-mark-end, 1.3184563 secs]
2022-09-28T00:14:52.945-0600: 433126.056: [GC remark 2022-09-28T00:14:52.945-0600: 433126.056: [Finalize Marking, 0.0028184 secs] 2022-09-28T00:14:52.948-0600: 433126.059: [GC ref-proc, 0.0369533 secs] 2022-09-28T00:14:52.985-0600: 433126.096: [Unloading, 0.0286216 secs], 0.0778571 secs]
 [Times: user=0.27 sys=0.00, real=0.08 secs] 
2022-09-28T00:14:53.023-0600: 433126.134: [GC cleanup 3596M->3596M(14336M), 0.0065088 secs]
 [Times: user=0.02 sys=0.00, real=0.01 secs] 
2022-09-28T00:16:33.431-0600: 433226.542: [GC pause (G1 Evacuation Pause) (young), 0.0282966 secs]
   [Parallel Time: 7.6 ms, GC Workers: 8]
      [GC Worker Start (ms): Min: 433226541.6, Avg: 433226544.8, Max: 433226547.2, Diff: 5.6]
      [Ext Root Scanning (ms): Min: 0.0, Avg: 0.8, Max: 3.0, Diff: 3.0, Sum: 6.2]
      [Update RS (ms): Min: 0.0, Avg: 1.3, Max: 2.6, Diff: 2.6, Sum: 10.0]
         [Processed Buffers: Min: 0, Avg: 6.2, Max: 16, Diff: 16, Sum: 50]
      [Scan RS (ms): Min: 0.0, Avg: 0.0, Max: 0.1, Diff: 0.1, Sum: 0.2]
      [Code Root Scanning (ms): Min: 0.0, Avg: 0.0, Max: 0.0, Diff: 0.0, Sum: 0.0]
      [Object Copy (ms): Min: 1.3, Avg: 1.8, Max: 2.6, Diff: 1.3, Sum: 14.8]
      [Termination (ms): Min: 0.0, Avg: 0.4, Max: 0.6, Diff: 0.6, Sum: 3.6]
         [Termination Attempts: Min: 1, Avg: 13.5, Max: 24, Diff: 23, Sum: 108]
      [GC Worker Other (ms): Min: 0.0, Avg: 0.0, Max: 0.0, Diff: 0.0, Sum: 0.0]
      [GC Worker Total (ms): Min: 2.0, Avg: 4.4, Max: 7.5, Diff: 5.6, Sum: 34.9]
      [GC Worker End (ms): Min: 433226549.1, Avg: 433226549.2, Max: 433226549.2, Diff: 0.0]
   [Code Root Fixup: 0.0 ms]
   [Code Root Purge: 0.0 ms]
   [Clear CT: 0.8 ms]
   [Other: 19.9 ms]
      [Choose CSet: 0.0 ms]
      [Ref Proc: 19.5 ms]
      [Ref Enq: 0.1 ms]
      [Redirty Cards: 0.1 ms]
      [Humongous Register: 0.0 ms]
      [Humongous Reclaim: 0.0 ms]
      [Free CSet: 0.1 ms]
   [Eden: 7152.0M(7152.0M)->0.0B(5712.0M) Survivors: 16384.0K->16384.0K Heap: 10644.2M(14336.0M)->3490.7M(14336.0M)]
 [Times: user=0.11 sys=0.00, real=0.02 secs] 
2022-09-28T00:17:53.868-0600: 433306.979: [GC pause (G1 Evacuation Pause) (mixed), 0.0377079 secs]
   [Parallel Time: 9.7 ms, GC Workers: 8]
      [GC Worker Start (ms): Min: 433306978.6, Avg: 433306978.8, Max: 433306979.4, Diff: 0.8]
      [Ext Root Scanning (ms): Min: 0.5, Avg: 2.6, Max: 7.6, Diff: 7.1, Sum: 20.7]
      [Update RS (ms): Min: 0.0, Avg: 1.0, Max: 1.8, Diff: 1.8, Sum: 8.3]
         [Processed Buffers: Min: 0, Avg: 6.2, Max: 17, Diff: 17, Sum: 50]
      [Scan RS (ms): Min: 0.0, Avg: 0.8, Max: 1.4, Diff: 1.4, Sum: 6.1]
      [Code Root Scanning (ms): Min: 0.0, Avg: 0.0, Max: 0.4, Diff: 0.4, Sum: 0.4]
      [Object Copy (ms): Min: 1.4, Avg: 4.4, Max: 5.0, Diff: 3.6, Sum: 35.4]
      [Termination (ms): Min: 0.0, Avg: 0.5, Max: 0.6, Diff: 0.6, Sum: 4.2]
         [Termination Attempts: Min: 1, Avg: 25.4, Max: 39, Diff: 38, Sum: 203]
      [GC Worker Other (ms): Min: 0.0, Avg: 0.0, Max: 0.0, Diff: 0.0, Sum: 0.1]
      [GC Worker Total (ms): Min: 8.8, Avg: 9.4, Max: 9.6, Diff: 0.8, Sum: 75.3]
      [GC Worker End (ms): Min: 433306988.2, Avg: 433306988.2, Max: 433306988.2, Diff: 0.0]
   [Code Root Fixup: 0.0 ms]
   [Code Root Purge: 0.0 ms]
   [Clear CT: 1.0 ms]
   [Other: 27.0 ms]
      [Choose CSet: 0.0 ms]
      [Ref Proc: 26.5 ms]
      [Ref Enq: 0.1 ms]
      [Redirty Cards: 0.1 ms]
      [Humongous Register: 0.0 ms]
      [Humongous Reclaim: 0.0 ms]
      [Free CSet: 0.1 ms]
   [Eden: 5712.0M(5712.0M)->0.0B(7152.0M) Survivors: 16384.0K->16384.0K Heap: 9202.7M(14336.0M)->3474.1M(14336.0M)]
 [Times: user=0.15 sys=0.00, real=0.04 secs] 
2022-09-28T00:19:35.183-0600: 433408.294: [GC pause (G1 Evacuation Pause) (young), 0.0408981 secs]
   [Parallel Time: 22.8 ms, GC Workers: 8]
      [GC Worker Start (ms): Min: 433408294.1, Avg: 433408300.0, Max: 433408307.0, Diff: 12.9]
      [Ext Root Scanning (ms): Min: 0.0, Avg: 1.5, Max: 4.5, Diff: 4.5, Sum: 11.7]
      [Update RS (ms): Min: 1.8, Avg: 8.0, Max: 13.9, Diff: 12.1, Sum: 64.1]
         [Processed Buffers: Min: 4, Avg: 17.6, Max: 32, Diff: 28, Sum: 141]
      [Scan RS (ms): Min: 0.0, Avg: 0.0, Max: 0.1, Diff: 0.1, Sum: 0.4]
      [Code Root Scanning (ms): Min: 0.0, Avg: 0.0, Max: 0.0, Diff: 0.0, Sum: 0.0]
      [Object Copy (ms): Min: 0.3, Avg: 2.9, Max: 6.2, Diff: 5.9, Sum: 22.9]
      [Termination (ms): Min: 0.0, Avg: 2.8, Max: 3.4, Diff: 3.4, Sum: 22.2]
         [Termination Attempts: Min: 1, Avg: 12.1, Max: 24, Diff: 23, Sum: 97]
      [GC Worker Other (ms): Min: 0.0, Avg: 0.0, Max: 0.0, Diff: 0.0, Sum: 0.1]
      [GC Worker Total (ms): Min: 8.1, Avg: 15.2, Max: 21.0, Diff: 12.9, Sum: 121.3]
      [GC Worker End (ms): Min: 433408315.0, Avg: 433408315.1, Max: 433408315.3, Diff: 0.3]
   [Code Root Fixup: 0.0 ms]
   [Code Root Purge: 0.0 ms]
   [Clear CT: 2.9 ms]
   [Other: 15.1 ms]
      [Choose CSet: 0.0 ms]
      [Ref Proc: 14.7 ms]
      [Ref Enq: 0.1 ms]
      [Redirty Cards: 0.1 ms]
      [Humongous Register: 0.0 ms]
      [Humongous Reclaim: 0.0 ms]
      [Free CSet: 0.1 ms]
   [Eden: 7152.0M(7152.0M)->0.0B(7152.0M) Survivors: 16384.0K->16384.0K Heap: 10626.1M(14336.0M)->3486.8M(14336.0M)]
 [Times: user=0.18 sys=0.00, real=0.04 secs] 
2022-09-28T00:21:16.828-0600: 433509.939: [GC pause (G1 Evacuation Pause) (young) (initial-mark), 0.0668966 secs]
   [Parallel Time: 32.1 ms, GC Workers: 8]
      [GC Worker Start (ms): Min: 433509940.5, Avg: 433509946.3, Max: 433509947.2, Diff: 6.7]
      [Ext Root Scanning (ms): Min: 1.3, Avg: 15.3, Max: 20.2, Diff: 18.8, Sum: 122.1]
      [Update RS (ms): Min: 0.0, Avg: 0.9, Max: 7.4, Diff: 7.4, Sum: 7.4]
         [Processed Buffers: Min: 0, Avg: 6.9, Max: 55, Diff: 55, Sum: 55]
      [Scan RS (ms): Min: 0.0, Avg: 0.0, Max: 0.1, Diff: 0.1, Sum: 0.2]
      [Code Root Scanning (ms): Min: 0.0, Avg: 0.0, Max: 0.0, Diff: 0.0, Sum: 0.0]
      [Object Copy (ms): Min: 0.0, Avg: 3.0, Max: 15.1, Diff: 15.1, Sum: 24.2]
      [Termination (ms): Min: 0.0, Avg: 5.7, Max: 8.6, Diff: 8.6, Sum: 45.3]
         [Termination Attempts: Min: 1, Avg: 14.0, Max: 53, Diff: 52, Sum: 112]
      [GC Worker Other (ms): Min: 0.0, Avg: 0.0, Max: 0.0, Diff: 0.0, Sum: 0.0]
      [GC Worker Total (ms): Min: 24.0, Avg: 24.9, Max: 30.8, Diff: 6.7, Sum: 199.4]
      [GC Worker End (ms): Min: 433509971.2, Avg: 433509971.2, Max: 433509971.3, Diff: 0.1]
   [Code Root Fixup: 0.0 ms]
   [Code Root Purge: 0.0 ms]
   [Clear CT: 0.8 ms]
   [Other: 34.0 ms]
      [Choose CSet: 0.0 ms]
      [Ref Proc: 33.6 ms]
      [Ref Enq: 0.1 ms]
      [Redirty Cards: 0.1 ms]
      [Humongous Register: 0.0 ms]
      [Humongous Reclaim: 0.0 ms]
      [Free CSet: 0.1 ms]
   [Eden: 7152.0M(7152.0M)->0.0B(7152.0M) Survivors: 16384.0K->16384.0K Heap: 10638.8M(14336.0M)->3484.5M(14336.0M)]
 [Times: user=0.15 sys=0.00, real=0.06 secs] 
2022-09-28T00:21:16.895-0600: 433510.006: [GC concurrent-root-region-scan-start]
2022-09-28T00:21:16.903-0600: 433510.014: [GC concurrent-root-region-scan-end, 0.0075588 secs]
2022-09-28T00:21:16.903-0600: 433510.014: [GC concurrent-mark-start]
2022-09-28T00:21:18.274-0600: 433511.385: [GC concurrent-mark-end, 1.3715113 secs]
2022-09-28T00:21:18.274-0600: 433511.385: [GC remark 2022-09-28T00:21:18.275-0600: 433511.386: [Finalize Marking, 0.0025597 secs] 2022-09-28T00:21:18.277-0600: 433511.388: [GC ref-proc, 0.0317975 secs] 2022-09-28T00:21:18.309-0600: 433511.420: [Unloading, 0.0260561 secs], 0.0652219 secs]
 [Times: user=0.25 sys=0.00, real=0.06 secs] 
2022-09-28T00:21:18.340-0600: 433511.451: [GC cleanup 3628M->3628M(14336M), 0.1154321 secs]
 [Times: user=0.13 sys=0.00, real=0.12 secs] 
2022-09-28T00:22:54.688-0600: 433607.799: [GC pause (G1 Evacuation Pause) (young), 0.0489803 secs]
   [Parallel Time: 18.5 ms, GC Workers: 8]
      [GC Worker Start (ms): Min: 433607798.8, Avg: 433607802.6, Max: 433607811.4, Diff: 12.6]
      [Ext Root Scanning (ms): Min: 0.0, Avg: 1.7, Max: 8.5, Diff: 8.5, Sum: 13.6]
      [Update RS (ms): Min: 0.0, Avg: 4.7, Max: 6.9, Diff: 6.9, Sum: 37.4]
         [Processed Buffers: Min: 0, Avg: 5.6, Max: 14, Diff: 14, Sum: 45]
      [Scan RS (ms): Min: 0.0, Avg: 0.1, Max: 0.3, Diff: 0.2, Sum: 1.0]
      [Code Root Scanning (ms): Min: 0.0, Avg: 0.0, Max: 0.0, Diff: 0.0, Sum: 0.1]
      [Object Copy (ms): Min: 5.2, Avg: 7.5, Max: 8.3, Diff: 3.1, Sum: 59.7]
      [Termination (ms): Min: 0.0, Avg: 0.0, Max: 0.0, Diff: 0.0, Sum: 0.2]
         [Termination Attempts: Min: 1, Avg: 9.6, Max: 16, Diff: 15, Sum: 77]
      [GC Worker Other (ms): Min: 0.0, Avg: 0.1, Max: 0.2, Diff: 0.2, Sum: 0.6]
      [GC Worker Total (ms): Min: 5.3, Avg: 14.1, Max: 18.0, Diff: 12.7, Sum: 112.7]
      [GC Worker End (ms): Min: 433607816.7, Avg: 433607816.7, Max: 433607816.9, Diff: 0.2]
   [Code Root Fixup: 0.0 ms]
   [Code Root Purge: 0.0 ms]
   [Clear CT: 0.7 ms]
   [Other: 29.7 ms]
      [Choose CSet: 0.0 ms]
      [Ref Proc: 29.3 ms]
      [Ref Enq: 0.1 ms]
      [Redirty Cards: 0.1 ms]
      [Humongous Register: 0.0 ms]
      [Humongous Reclaim: 0.0 ms]
      [Free CSet: 0.1 ms]
   [Eden: 7152.0M(7152.0M)->0.0B(5712.0M) Survivors: 16384.0K->16384.0K Heap: 10636.5M(14336.0M)->3487.1M(14336.0M)]
 [Times: user=0.19 sys=0.00, real=0.05 secs] 
2022-09-28T00:24:13.731-0600: 433686.842: [GC pause (G1 Evacuation Pause) (mixed), 0.0495355 secs]
   [Parallel Time: 24.1 ms, GC Workers: 8]
      [GC Worker Start (ms): Min: 433686842.4, Avg: 433686845.6, Max: 433686851.3, Diff: 8.9]
      [Ext Root Scanning (ms): Min: 0.0, Avg: 2.9, Max: 9.8, Diff: 9.8, Sum: 22.8]
      [Update RS (ms): Min: 0.0, Avg: 3.3, Max: 6.4, Diff: 6.4, Sum: 26.3]
         [Processed Buffers: Min: 0, Avg: 5.8, Max: 16, Diff: 16, Sum: 46]
      [Scan RS (ms): Min: 0.9, Avg: 2.9, Max: 3.8, Diff: 3.0, Sum: 23.5]
      [Code Root Scanning (ms): Min: 0.0, Avg: 0.1, Max: 1.1, Diff: 1.1, Sum: 1.1]
      [Object Copy (ms): Min: 9.4, Avg: 10.8, Max: 11.4, Diff: 2.0, Sum: 86.1]
      [Termination (ms): Min: 0.1, Avg: 0.2, Max: 0.2, Diff: 0.1, Sum: 1.7]
         [Termination Attempts: Min: 28, Avg: 58.0, Max: 80, Diff: 52, Sum: 464]
      [GC Worker Other (ms): Min: 0.0, Avg: 0.0, Max: 0.1, Diff: 0.1, Sum: 0.3]
      [GC Worker Total (ms): Min: 14.5, Avg: 20.2, Max: 23.4, Diff: 8.9, Sum: 161.8]
      [GC Worker End (ms): Min: 433686865.8, Avg: 433686865.8, Max: 433686865.9, Diff: 0.1]
   [Code Root Fixup: 0.0 ms]
   [Code Root Purge: 0.0 ms]
   [Clear CT: 1.1 ms]
   [Other: 24.3 ms]
      [Choose CSet: 0.0 ms]
      [Ref Proc: 23.8 ms]
      [Ref Enq: 0.1 ms]
      [Redirty Cards: 0.1 ms]
      [Humongous Register: 0.0 ms]
      [Humongous Reclaim: 0.0 ms]
      [Free CSet: 0.2 ms]
   [Eden: 5712.0M(5712.0M)->0.0B(7152.0M) Survivors: 16384.0K->16384.0K Heap: 9199.1M(14336.0M)->3485.8M(14336.0M)]
 [Times: user=0.23 sys=0.00, real=0.05 secs] 
2022-09-28T00:25:52.832-0600: 433785.943: [GC pause (G1 Evacuation Pause) (young), 0.1937675 secs]
   [Parallel Time: 130.3 ms, GC Workers: 8]
      [GC Worker Start (ms): Min: 433786052.9, Avg: 433786058.9, Max: 433786073.0, Diff: 20.1]
      [Ext Root Scanning (ms): Min: 0.0, Avg: 0.9, Max: 3.2, Diff: 3.2, Sum: 7.1]
      [Update RS (ms): Min: 0.0, Avg: 3.3, Max: 5.5, Diff: 5.5, Sum: 26.5]
         [Processed Buffers: Min: 0, Avg: 17.2, Max: 30, Diff: 30, Sum: 138]
      [Scan RS (ms): Min: 0.0, Avg: 0.0, Max: 0.1, Diff: 0.1, Sum: 0.2]
      [Code Root Scanning (ms): Min: 0.0, Avg: 0.0, Max: 0.0, Diff: 0.0, Sum: 0.0]
      [Object Copy (ms): Min: 0.0, Avg: 1.0, Max: 1.7, Diff: 1.7, Sum: 8.1]
      [Termination (ms): Min: 0.0, Avg: 8.9, Max: 10.4, Diff: 10.4, Sum: 71.4]
         [Termination Attempts: Min: 1, Avg: 7.0, Max: 19, Diff: 18, Sum: 56]
      [GC Worker Other (ms): Min: 0.0, Avg: 0.0, Max: 0.0, Diff: 0.0, Sum: 0.1]
      [GC Worker Total (ms): Min: 0.0, Avg: 14.2, Max: 20.2, Diff: 20.2, Sum: 113.4]
      [GC Worker End (ms): Min: 433786073.0, Avg: 433786073.0, Max: 433786073.1, Diff: 0.1]
   [Code Root Fixup: 0.0 ms]
   [Code Root Purge: 0.0 ms]
   [Clear CT: 0.8 ms]
   [Other: 62.7 ms]
      [Choose CSet: 0.0 ms]
      [Ref Proc: 62.2 ms]
      [Ref Enq: 0.1 ms]
      [Redirty Cards: 0.1 ms]
      [Humongous Register: 0.0 ms]
      [Humongous Reclaim: 0.0 ms]
      [Free CSet: 0.1 ms]
   [Eden: 7152.0M(7152.0M)->0.0B(7152.0M) Survivors: 16384.0K->16384.0K Heap: 10637.8M(14336.0M)->3488.5M(14336.0M)]
 [Times: user=0.46 sys=0.00, real=0.19 secs] 
2022-09-28T00:27:30.896-0600: 433884.007: [GC pause (G1 Evacuation Pause) (young) (initial-mark), 0.0473700 secs]
   [Parallel Time: 13.5 ms, GC Workers: 8]
      [GC Worker Start (ms): Min: 433884008.2, Avg: 433884009.9, Max: 433884011.0, Diff: 2.8]
      [Ext Root Scanning (ms): Min: 2.4, Avg: 5.4, Max: 9.1, Diff: 6.7, Sum: 43.3]
      [Update RS (ms): Min: 0.0, Avg: 1.9, Max: 6.2, Diff: 6.2, Sum: 15.4]
         [Processed Buffers: Min: 0, Avg: 5.4, Max: 21, Diff: 21, Sum: 43]
      [Scan RS (ms): Min: 0.0, Avg: 0.0, Max: 0.1, Diff: 0.1, Sum: 0.2]
      [Code Root Scanning (ms): Min: 0.0, Avg: 0.0, Max: 0.0, Diff: 0.0, Sum: 0.0]
      [Object Copy (ms): Min: 0.0, Avg: 1.7, Max: 3.0, Diff: 3.0, Sum: 13.5]
      [Termination (ms): Min: 0.0, Avg: 1.2, Max: 1.6, Diff: 1.6, Sum: 9.4]
         [Termination Attempts: Min: 1, Avg: 5.2, Max: 10, Diff: 9, Sum: 42]
      [GC Worker Other (ms): Min: 0.0, Avg: 0.0, Max: 0.0, Diff: 0.0, Sum: 0.0]
      [GC Worker Total (ms): Min: 9.1, Avg: 10.2, Max: 12.1, Diff: 3.0, Sum: 81.9]
      [GC Worker End (ms): Min: 433884020.1, Avg: 433884020.2, Max: 433884020.3, Diff: 0.2]
   [Code Root Fixup: 0.0 ms]
   [Code Root Purge: 0.0 ms]
   [Clear CT: 0.9 ms]
   [Other: 32.9 ms]
      [Choose CSet: 0.0 ms]
      [Ref Proc: 32.4 ms]
      [Ref Enq: 0.2 ms]
      [Redirty Cards: 0.1 ms]
      [Humongous Register: 0.0 ms]
      [Humongous Reclaim: 0.0 ms]
      [Free CSet: 0.1 ms]
   [Eden: 7152.0M(7152.0M)->0.0B(7152.0M) Survivors: 16384.0K->16384.0K Heap: 10640.5M(14336.0M)->3491.8M(14336.0M)]
 [Times: user=0.14 sys=0.00, real=0.05 secs] 
2022-09-28T00:27:30.943-0600: 433884.054: [GC concurrent-root-region-scan-start]
2022-09-28T00:27:30.950-0600: 433884.060: [GC concurrent-root-region-scan-end, 0.0061374 secs]
2022-09-28T00:27:30.950-0600: 433884.060: [GC concurrent-mark-start]
2022-09-28T00:27:32.287-0600: 433885.398: [GC concurrent-mark-end, 1.3377173 secs]
2022-09-28T00:27:32.287-0600: 433885.398: [GC remark 2022-09-28T00:27:32.287-0600: 433885.398: [Finalize Marking, 0.0014485 secs] 2022-09-28T00:27:32.289-0600: 433885.400: [GC ref-proc, 0.0316278 secs] 2022-09-28T00:27:32.321-0600: 433885.431: [Unloading, 0.0273636 secs], 0.0671716 secs]
 [Times: user=0.25 sys=0.00, real=0.07 secs] 
2022-09-28T00:27:32.355-0600: 433885.466: [GC cleanup 3587M->3587M(14336M), 0.0064506 secs]
 [Times: user=0.03 sys=0.00, real=0.01 secs] 
2022-09-28T00:29:10.606-0600: 433983.717: [GC pause (G1 Evacuation Pause) (young), 0.0596844 secs]
   [Parallel Time: 20.0 ms, GC Workers: 8]
      [GC Worker Start (ms): Min: 433983717.2, Avg: 433983717.5, Max: 433983717.6, Diff: 0.5]
      [Ext Root Scanning (ms): Min: 2.5, Avg: 3.7, Max: 7.5, Diff: 5.0, Sum: 29.9]
      [Update RS (ms): Min: 2.2, Avg: 5.0, Max: 6.7, Diff: 4.5, Sum: 40.3]
         [Processed Buffers: Min: 2, Avg: 5.6, Max: 11, Diff: 9, Sum: 45]
      [Scan RS (ms): Min: 0.0, Avg: 0.1, Max: 0.3, Diff: 0.2, Sum: 1.0]
      [Code Root Scanning (ms): Min: 0.0, Avg: 0.0, Max: 0.0, Diff: 0.0, Sum: 0.1]
      [Object Copy (ms): Min: 5.7, Avg: 7.1, Max: 9.3, Diff: 3.6, Sum: 56.9]
      [Termination (ms): Min: 0.0, Avg: 2.6, Max: 3.1, Diff: 3.1, Sum: 21.1]
         [Termination Attempts: Min: 1, Avg: 2.9, Max: 5, Diff: 4, Sum: 23]
      [GC Worker Other (ms): Min: 0.0, Avg: 0.0, Max: 0.0, Diff: 0.0, Sum: 0.2]
      [GC Worker Total (ms): Min: 18.3, Avg: 18.7, Max: 19.0, Diff: 0.7, Sum: 149.6]
      [GC Worker End (ms): Min: 433983735.8, Avg: 433983736.2, Max: 433983736.3, Diff: 0.5]
   [Code Root Fixup: 0.0 ms]
   [Code Root Purge: 0.0 ms]
   [Clear CT: 0.9 ms]
   [Other: 38.7 ms]
      [Choose CSet: 0.0 ms]
      [Ref Proc: 38.3 ms]
      [Ref Enq: 0.1 ms]
      [Redirty Cards: 0.1 ms]
      [Humongous Register: 0.0 ms]
      [Humongous Reclaim: 0.0 ms]
      [Free CSet: 0.1 ms]
   [Eden: 7152.0M(7152.0M)->0.0B(5712.0M) Survivors: 16384.0K->16384.0K Heap: 10643.8M(14336.0M)->3494.5M(14336.0M)]
 [Times: user=0.28 sys=0.00, real=0.06 secs] 
2022-09-28T00:30:30.281-0600: 434063.391: [GC pause (G1 Evacuation Pause) (mixed), 0.2101086 secs]
   [Parallel Time: 187.7 ms, GC Workers: 8]
      [GC Worker Start (ms): Min: 434063391.5, Avg: 434063395.2, Max: 434063399.2, Diff: 7.7]
      [Ext Root Scanning (ms): Min: 0.0, Avg: 0.8, Max: 3.1, Diff: 3.1, Sum: 6.4]
      [Update RS (ms): Min: 0.0, Avg: 1.1, Max: 2.9, Diff: 2.9, Sum: 8.9]
         [Processed Buffers: Min: 0, Avg: 6.5, Max: 26, Diff: 26, Sum: 52]
      [Scan RS (ms): Min: 0.0, Avg: 0.8, Max: 1.6, Diff: 1.6, Sum: 6.5]
      [Code Root Scanning (ms): Min: 0.0, Avg: 0.0, Max: 0.4, Diff: 0.4, Sum: 0.4]
      [Object Copy (ms): Min: 5.5, Avg: 15.3, Max: 75.4, Diff: 70.0, Sum: 122.1]
      [Termination (ms): Min: 0.0, Avg: 55.6, Max: 64.2, Diff: 64.2, Sum: 444.9]
         [Termination Attempts: Min: 1, Avg: 1.4, Max: 2, Diff: 1, Sum: 11]
      [GC Worker Other (ms): Min: 0.0, Avg: 0.0, Max: 0.0, Diff: 0.0, Sum: 0.1]
      [GC Worker Total (ms): Min: 69.6, Avg: 73.7, Max: 77.2, Diff: 7.7, Sum: 589.3]
      [GC Worker End (ms): Min: 434063468.8, Avg: 434063468.8, Max: 434063469.0, Diff: 0.2]
   [Code Root Fixup: 0.0 ms]
   [Code Root Purge: 0.0 ms]
   [Clear CT: 0.9 ms]
   [Other: 21.5 ms]
      [Choose CSet: 0.0 ms]
      [Ref Proc: 21.1 ms]
      [Ref Enq: 0.1 ms]
      [Redirty Cards: 0.1 ms]
      [Humongous Register: 0.0 ms]
      [Humongous Reclaim: 0.0 ms]
      [Free CSet: 0.1 ms]
   [Eden: 5712.0M(5712.0M)->0.0B(7152.0M) Survivors: 16384.0K->16384.0K Heap: 9206.5M(14336.0M)->3475.4M(14336.0M)]
 [Times: user=0.56 sys=0.00, real=0.21 secs] 
2022-09-28T00:32:08.531-0600: 434161.642: [GC pause (G1 Evacuation Pause) (young), 0.3026571 secs]
   [Parallel Time: 276.7 ms, GC Workers: 8]
      [GC Worker Start (ms): Min: 434161840.9, Avg: 434161845.7, Max: 434161849.7, Diff: 8.9]
      [Ext Root Scanning (ms): Min: 0.0, Avg: 0.8, Max: 2.9, Diff: 2.9, Sum: 6.2]
      [Update RS (ms): Min: 4.8, Avg: 8.3, Max: 13.3, Diff: 8.5, Sum: 66.3]
         [Processed Buffers: Min: 5, Avg: 18.1, Max: 29, Diff: 24, Sum: 145]
      [Scan RS (ms): Min: 0.0, Avg: 0.0, Max: 0.1, Diff: 0.1, Sum: 0.2]
      [Code Root Scanning (ms): Min: 0.0, Avg: 0.0, Max: 0.0, Diff: 0.0, Sum: 0.0]
      [Object Copy (ms): Min: 0.3, Avg: 2.0, Max: 2.7, Diff: 2.4, Sum: 15.6]
      [Termination (ms): Min: 0.0, Avg: 0.4, Max: 0.7, Diff: 0.7, Sum: 3.6]
         [Termination Attempts: Min: 1, Avg: 4.1, Max: 10, Diff: 9, Sum: 33]
      [GC Worker Other (ms): Min: 0.0, Avg: 0.0, Max: 0.0, Diff: 0.0, Sum: 0.0]
      [GC Worker Total (ms): Min: 7.5, Avg: 11.5, Max: 16.3, Diff: 8.9, Sum: 91.9]
      [GC Worker End (ms): Min: 434161857.2, Avg: 434161857.2, Max: 434161857.2, Diff: 0.0]
   [Code Root Fixup: 0.0 ms]
   [Code Root Purge: 0.0 ms]
   [Clear CT: 0.8 ms]
   [Other: 25.2 ms]
      [Choose CSet: 0.0 ms]
      [Ref Proc: 24.9 ms]
      [Ref Enq: 0.1 ms]
      [Redirty Cards: 0.1 ms]
      [Humongous Register: 0.0 ms]
      [Humongous Reclaim: 0.0 ms]
      [Free CSet: 0.1 ms]
   [Eden: 7152.0M(7152.0M)->0.0B(5712.0M) Survivors: 16384.0K->16384.0K Heap: 10627.4M(14336.0M)->3484.2M(14336.0M)]
 [Times: user=0.12 sys=0.00, real=0.30 secs] 
2022-09-28T00:33:26.678-0600: 434239.789: [GC pause (G1 Evacuation Pause) (young) (initial-mark), 0.0642928 secs]
   [Parallel Time: 38.1 ms, GC Workers: 8]
      [GC Worker Start (ms): Min: 434239790.7, Avg: 434239792.1, Max: 434239793.3, Diff: 2.7]
      [Ext Root Scanning (ms): Min: 3.7, Avg: 22.7, Max: 36.4, Diff: 32.7, Sum: 181.7]
      [Update RS (ms): Min: 0.0, Avg: 1.1, Max: 4.6, Diff: 4.6, Sum: 9.2]
         [Processed Buffers: Min: 0, Avg: 5.9, Max: 28, Diff: 28, Sum: 47]
      [Scan RS (ms): Min: 0.0, Avg: 0.0, Max: 0.1, Diff: 0.1, Sum: 0.2]
      [Code Root Scanning (ms): Min: 0.0, Avg: 0.0, Max: 0.0, Diff: 0.0, Sum: 0.0]
      [Object Copy (ms): Min: 0.0, Avg: 1.7, Max: 6.7, Diff: 6.7, Sum: 13.7]
      [Termination (ms): Min: 0.0, Avg: 9.7, Max: 21.2, Diff: 21.1, Sum: 77.2]
         [Termination Attempts: Min: 1, Avg: 2.0, Max: 7, Diff: 6, Sum: 16]
      [GC Worker Other (ms): Min: 0.0, Avg: 0.0, Max: 0.0, Diff: 0.0, Sum: 0.0]
      [GC Worker Total (ms): Min: 34.0, Avg: 35.3, Max: 36.7, Diff: 2.7, Sum: 282.1]
      [GC Worker End (ms): Min: 434239827.3, Avg: 434239827.4, Max: 434239827.5, Diff: 0.2]
   [Code Root Fixup: 0.0 ms]
   [Code Root Purge: 0.0 ms]
   [Clear CT: 0.5 ms]
   [Other: 25.6 ms]
      [Choose CSet: 0.0 ms]
      [Ref Proc: 25.2 ms]
      [Ref Enq: 0.1 ms]
      [Redirty Cards: 0.1 ms]
      [Humongous Register: 0.0 ms]
      [Humongous Reclaim: 0.0 ms]
      [Free CSet: 0.1 ms]
   [Eden: 5712.0M(5712.0M)->0.0B(7152.0M) Survivors: 16384.0K->16384.0K Heap: 9196.2M(14336.0M)->3485.7M(14336.0M)]
 [Times: user=0.20 sys=0.00, real=0.07 secs] 
2022-09-28T00:33:26.743-0600: 434239.854: [GC concurrent-root-region-scan-start]
2022-09-28T00:33:26.750-0600: 434239.861: [GC concurrent-root-region-scan-end, 0.0076003 secs]
2022-09-28T00:33:26.750-0600: 434239.861: [GC concurrent-mark-start]
2022-09-28T00:33:28.109-0600: 434241.220: [GC concurrent-mark-end, 1.3589105 secs]
2022-09-28T00:33:28.109-0600: 434241.220: [GC remark 2022-09-28T00:33:28.109-0600: 434241.220: [Finalize Marking, 0.0019195 secs] 2022-09-28T00:33:28.111-0600: 434241.222: [GC ref-proc, 0.0530919 secs] 2022-09-28T00:33:28.165-0600: 434241.275: [Unloading, 0.0300491 secs], 0.0939468 secs]
 [Times: user=0.29 sys=0.00, real=0.09 secs] 
2022-09-28T00:33:28.204-0600: 434241.315: [GC cleanup 3621M->3621M(14336M), 0.0102427 secs]
 [Times: user=0.03 sys=0.00, real=0.01 secs] 
2022-09-28T00:35:07.281-0600: 434340.392: [GC pause (G1 Evacuation Pause) (young), 0.0395004 secs]
   [Parallel Time: 22.4 ms, GC Workers: 8]
      [GC Worker Start (ms): Min: 434340391.7, Avg: 434340392.8, Max: 434340395.5, Diff: 3.8]
      [Ext Root Scanning (ms): Min: 0.0, Avg: 1.6, Max: 3.2, Diff: 3.2, Sum: 12.5]
      [Update RS (ms): Min: 0.0, Avg: 1.0, Max: 2.2, Diff: 2.2, Sum: 7.9]
         [Processed Buffers: Min: 0, Avg: 5.0, Max: 14, Diff: 14, Sum: 40]
      [Scan RS (ms): Min: 0.0, Avg: 0.0, Max: 0.1, Diff: 0.1, Sum: 0.2]
      [Code Root Scanning (ms): Min: 0.0, Avg: 0.0, Max: 0.0, Diff: 0.0, Sum: 0.0]
      [Object Copy (ms): Min: 5.7, Avg: 5.9, Max: 6.3, Diff: 0.6, Sum: 47.1]
      [Termination (ms): Min: 0.0, Avg: 0.5, Max: 0.6, Diff: 0.6, Sum: 4.1]
         [Termination Attempts: Min: 1, Avg: 1.0, Max: 1, Diff: 0, Sum: 8]
      [GC Worker Other (ms): Min: 0.0, Avg: 0.0, Max: 0.0, Diff: 0.0, Sum: 0.0]
      [GC Worker Total (ms): Min: 6.4, Avg: 9.0, Max: 10.1, Diff: 3.8, Sum: 71.9]
      [GC Worker End (ms): Min: 434340401.8, Avg: 434340401.8, Max: 434340401.8, Diff: 0.0]
   [Code Root Fixup: 0.0 ms]
   [Code Root Purge: 0.0 ms]
   [Clear CT: 0.8 ms]
   [Other: 16.3 ms]
      [Choose CSet: 0.0 ms]
      [Ref Proc: 16.0 ms]
      [Ref Enq: 0.1 ms]
      [Redirty Cards: 0.1 ms]
      [Humongous Register: 0.0 ms]
      [Humongous Reclaim: 0.0 ms]
      [Free CSet: 0.1 ms]
   [Eden: 7152.0M(7152.0M)->0.0B(5712.0M) Survivors: 16384.0K->16384.0K Heap: 10637.7M(14336.0M)->3490.1M(14336.0M)]
 [Times: user=0.10 sys=0.00, real=0.04 secs] 
2022-09-28T00:36:27.078-0600: 434420.189: [GC pause (G1 Evacuation Pause) (mixed), 0.0324495 secs]
   [Parallel Time: 9.5 ms, GC Workers: 8]
      [GC Worker Start (ms): Min: 434420188.8, Avg: 434420191.5, Max: 434420198.1, Diff: 9.4]
      [Ext Root Scanning (ms): Min: 0.0, Avg: 0.9, Max: 3.7, Diff: 3.7, Sum: 7.2]
      [Update RS (ms): Min: 0.0, Avg: 1.1, Max: 2.2, Diff: 2.2, Sum: 9.1]
         [Processed Buffers: Min: 0, Avg: 6.1, Max: 13, Diff: 13, Sum: 49]
      [Scan RS (ms): Min: 0.0, Avg: 0.7, Max: 1.1, Diff: 1.1, Sum: 5.9]
      [Code Root Scanning (ms): Min: 0.0, Avg: 0.0, Max: 0.0, Diff: 0.0, Sum: 0.0]
      [Object Copy (ms): Min: 0.0, Avg: 3.4, Max: 4.6, Diff: 4.6, Sum: 27.0]
      [Termination (ms): Min: 0.0, Avg: 0.5, Max: 0.7, Diff: 0.7, Sum: 4.0]
         [Termination Attempts: Min: 1, Avg: 43.6, Max: 79, Diff: 78, Sum: 349]
      [GC Worker Other (ms): Min: 0.0, Avg: 0.0, Max: 0.0, Diff: 0.0, Sum: 0.1]
      [GC Worker Total (ms): Min: 0.0, Avg: 6.7, Max: 9.4, Diff: 9.4, Sum: 53.2]
      [GC Worker End (ms): Min: 434420198.1, Avg: 434420198.2, Max: 434420198.2, Diff: 0.1]
   [Code Root Fixup: 0.0 ms]
   [Code Root Purge: 0.0 ms]
   [Clear CT: 0.7 ms]
   [Other: 22.1 ms]
      [Choose CSet: 0.0 ms]
      [Ref Proc: 21.7 ms]
      [Ref Enq: 0.1 ms]
      [Redirty Cards: 0.1 ms]
      [Humongous Register: 0.0 ms]
      [Humongous Reclaim: 0.0 ms]
      [Free CSet: 0.1 ms]
   [Eden: 5712.0M(5712.0M)->0.0B(7152.0M) Survivors: 16384.0K->16384.0K Heap: 9202.1M(14336.0M)->3483.1M(14336.0M)]
 [Times: user=0.13 sys=0.00, real=0.04 secs] 
2022-09-28T00:38:07.130-0600: 434520.241: [GC pause (G1 Evacuation Pause) (young), 0.0409112 secs]
   [Parallel Time: 10.4 ms, GC Workers: 8]
      [GC Worker Start (ms): Min: 434520241.0, Avg: 434520245.3, Max: 434520251.3, Diff: 10.4]
      [Ext Root Scanning (ms): Min: 0.0, Avg: 0.9, Max: 3.5, Diff: 3.5, Sum: 7.6]
      [Update RS (ms): Min: 0.0, Avg: 3.2, Max: 5.1, Diff: 5.1, Sum: 25.6]
         [Processed Buffers: Min: 0, Avg: 17.1, Max: 25, Diff: 25, Sum: 137]
      [Scan RS (ms): Min: 0.0, Avg: 0.0, Max: 0.1, Diff: 0.0, Sum: 0.3]
      [Code Root Scanning (ms): Min: 0.0, Avg: 0.0, Max: 0.0, Diff: 0.0, Sum: 0.0]
      [Object Copy (ms): Min: 0.0, Avg: 1.3, Max: 1.8, Diff: 1.8, Sum: 10.6]
      [Termination (ms): Min: 0.0, Avg: 0.6, Max: 0.6, Diff: 0.6, Sum: 4.4]
         [Termination Attempts: Min: 1, Avg: 7.0, Max: 13, Diff: 12, Sum: 56]
      [GC Worker Other (ms): Min: 0.0, Avg: 0.0, Max: 0.0, Diff: 0.0, Sum: 0.0]
      [GC Worker Total (ms): Min: 0.0, Avg: 6.1, Max: 10.4, Diff: 10.4, Sum: 48.5]
      [GC Worker End (ms): Min: 434520251.3, Avg: 434520251.4, Max: 434520251.4, Diff: 0.0]
   [Code Root Fixup: 0.0 ms]
   [Code Root Purge: 0.0 ms]
   [Clear CT: 0.9 ms]
   [Other: 29.6 ms]
      [Choose CSet: 0.0 ms]
      [Ref Proc: 29.1 ms]
      [Ref Enq: 0.1 ms]
      [Redirty Cards: 0.1 ms]
      [Humongous Register: 0.0 ms]
      [Humongous Reclaim: 0.0 ms]
      [Free CSet: 0.1 ms]
   [Eden: 7152.0M(7152.0M)->0.0B(7152.0M) Survivors: 16384.0K->16384.0K Heap: 10635.1M(14336.0M)->3491.4M(14336.0M)]
 [Times: user=0.14 sys=0.00, real=0.04 secs] 
2022-09-28T00:39:48.680-0600: 434621.791: [GC pause (G1 Evacuation Pause) (young) (initial-mark), 0.2457584 secs]
   [Parallel Time: 220.4 ms, GC Workers: 8]
      [GC Worker Start (ms): Min: 434621792.4, Avg: 434621821.0, Max: 434621898.2, Diff: 105.8]
      [Ext Root Scanning (ms): Min: 2.5, Avg: 108.0, Max: 214.7, Diff: 212.2, Sum: 863.7]
      [Update RS (ms): Min: 0.0, Avg: 1.1, Max: 1.8, Diff: 1.8, Sum: 8.7]
         [Processed Buffers: Min: 0, Avg: 5.8, Max: 15, Diff: 15, Sum: 46]
      [Scan RS (ms): Min: 0.0, Avg: 0.0, Max: 0.1, Diff: 0.1, Sum: 0.2]
      [Code Root Scanning (ms): Min: 0.0, Avg: 0.0, Max: 0.0, Diff: 0.0, Sum: 0.0]
      [Object Copy (ms): Min: 0.0, Avg: 1.5, Max: 2.5, Diff: 2.5, Sum: 12.1]
      [Termination (ms): Min: 0.0, Avg: 79.6, Max: 106.5, Diff: 106.5, Sum: 637.0]
         [Termination Attempts: Min: 1, Avg: 3.6, Max: 8, Diff: 7, Sum: 29]
      [GC Worker Other (ms): Min: 0.0, Avg: 0.0, Max: 0.0, Diff: 0.0, Sum: 0.1]
      [GC Worker Total (ms): Min: 112.9, Avg: 190.2, Max: 219.0, Diff: 106.0, Sum: 1521.7]
      [GC Worker End (ms): Min: 434622011.1, Avg: 434622011.2, Max: 434622011.4, Diff: 0.2]
   [Code Root Fixup: 0.0 ms]
   [Code Root Purge: 0.0 ms]
   [Clear CT: 0.9 ms]
   [Other: 24.4 ms]
      [Choose CSet: 0.0 ms]
      [Ref Proc: 24.0 ms]
      [Ref Enq: 0.1 ms]
      [Redirty Cards: 0.1 ms]
      [Humongous Register: 0.0 ms]
      [Humongous Reclaim: 0.0 ms]
      [Free CSet: 0.1 ms]
   [Eden: 7152.0M(7152.0M)->0.0B(7152.0M) Survivors: 16384.0K->16384.0K Heap: 10643.4M(14336.0M)->3495.6M(14336.0M)]
 [Times: user=0.74 sys=0.00, real=0.25 secs] 
2022-09-28T00:39:48.926-0600: 434622.037: [GC concurrent-root-region-scan-start]
2022-09-28T00:39:48.934-0600: 434622.045: [GC concurrent-root-region-scan-end, 0.0076135 secs]
2022-09-28T00:39:48.934-0600: 434622.045: [GC concurrent-mark-start]
2022-09-28T00:39:50.276-0600: 434623.387: [GC concurrent-mark-end, 1.3428239 secs]
2022-09-28T00:39:50.278-0600: 434623.388: [GC remark 2022-09-28T00:39:50.278-0600: 434623.389: [Finalize Marking, 0.0028040 secs] 2022-09-28T00:39:50.280-0600: 434623.391: [GC ref-proc, 0.0940722 secs] 2022-09-28T00:39:50.375-0600: 434623.485: [Unloading, 0.0260764 secs], 0.1324978 secs]
 [Times: user=0.34 sys=0.00, real=0.14 secs] 
2022-09-28T00:39:50.410-0600: 434623.521: [GC cleanup 3607M->3607M(14336M), 0.0118902 secs]
 [Times: user=0.02 sys=0.00, real=0.01 secs] 
2022-09-28T00:41:30.282-0600: 434723.393: [GC pause (G1 Evacuation Pause) (young), 0.0211131 secs]
   [Parallel Time: 5.4 ms, GC Workers: 8]
      [GC Worker Start (ms): Min: 434723393.0, Avg: 434723393.8, Max: 434723398.4, Diff: 5.3]
      [Ext Root Scanning (ms): Min: 0.0, Avg: 1.8, Max: 5.2, Diff: 5.1, Sum: 14.2]
      [Update RS (ms): Min: 0.0, Avg: 1.2, Max: 2.2, Diff: 2.2, Sum: 9.5]
         [Processed Buffers: Min: 0, Avg: 6.2, Max: 14, Diff: 14, Sum: 50]
      [Scan RS (ms): Min: 0.0, Avg: 0.0, Max: 0.1, Diff: 0.1, Sum: 0.2]
      [Code Root Scanning (ms): Min: 0.0, Avg: 0.0, Max: 0.0, Diff: 0.0, Sum: 0.0]
      [Object Copy (ms): Min: 0.0, Avg: 1.1, Max: 1.6, Diff: 1.6, Sum: 9.0]
      [Termination (ms): Min: 0.0, Avg: 0.5, Max: 0.6, Diff: 0.6, Sum: 3.7]
         [Termination Attempts: Min: 1, Avg: 1.2, Max: 2, Diff: 1, Sum: 10]
      [GC Worker Other (ms): Min: 0.0, Avg: 0.0, Max: 0.0, Diff: 0.0, Sum: 0.0]
      [GC Worker Total (ms): Min: 0.0, Avg: 4.6, Max: 5.4, Diff: 5.4, Sum: 36.6]
      [GC Worker End (ms): Min: 434723398.4, Avg: 434723398.4, Max: 434723398.4, Diff: 0.0]
   [Code Root Fixup: 0.0 ms]
   [Code Root Purge: 0.0 ms]
   [Clear CT: 1.1 ms]
   [Other: 14.6 ms]
      [Choose CSet: 0.0 ms]
      [Ref Proc: 14.2 ms]
      [Ref Enq: 0.1 ms]
      [Redirty Cards: 0.1 ms]
      [Humongous Register: 0.0 ms]
      [Humongous Reclaim: 0.0 ms]
      [Free CSet: 0.1 ms]
   [Eden: 7152.0M(7152.0M)->0.0B(5712.0M) Survivors: 16384.0K->16384.0K Heap: 10647.6M(14336.0M)->3494.5M(14336.0M)]
 [Times: user=0.08 sys=0.01, real=0.02 secs] 
2022-09-28T00:42:49.082-0600: 434802.193: [GC pause (G1 Evacuation Pause) (mixed), 0.0397775 secs]
   [Parallel Time: 13.5 ms, GC Workers: 8]
      [GC Worker Start (ms): Min: 434802193.2, Avg: 434802195.0, Max: 434802199.2, Diff: 6.0]
      [Ext Root Scanning (ms): Min: 0.0, Avg: 1.2, Max: 4.3, Diff: 4.3, Sum: 9.8]
      [Update RS (ms): Min: 0.0, Avg: 1.6, Max: 2.9, Diff: 2.9, Sum: 13.1]
         [Processed Buffers: Min: 0, Avg: 5.6, Max: 17, Diff: 17, Sum: 45]
      [Scan RS (ms): Min: 0.1, Avg: 1.5, Max: 2.9, Diff: 2.8, Sum: 11.7]
      [Code Root Scanning (ms): Min: 0.0, Avg: 0.0, Max: 0.1, Diff: 0.1, Sum: 0.1]
      [Object Copy (ms): Min: 5.0, Avg: 6.1, Max: 6.9, Diff: 1.9, Sum: 48.7]
      [Termination (ms): Min: 0.0, Avg: 0.5, Max: 0.6, Diff: 0.6, Sum: 4.3]
         [Termination Attempts: Min: 1, Avg: 8.8, Max: 15, Diff: 14, Sum: 70]
      [GC Worker Other (ms): Min: 0.0, Avg: 0.0, Max: 0.0, Diff: 0.0, Sum: 0.1]
      [GC Worker Total (ms): Min: 6.8, Avg: 11.0, Max: 12.8, Diff: 6.0, Sum: 87.8]
      [GC Worker End (ms): Min: 434802206.0, Avg: 434802206.0, Max: 434802206.0, Diff: 0.0]
   [Code Root Fixup: 0.0 ms]
   [Code Root Purge: 0.0 ms]
   [Clear CT: 0.9 ms]
   [Other: 25.4 ms]
      [Choose CSet: 0.0 ms]
      [Ref Proc: 24.9 ms]
      [Ref Enq: 0.1 ms]
      [Redirty Cards: 0.1 ms]
      [Humongous Register: 0.0 ms]
      [Humongous Reclaim: 0.0 ms]
      [Free CSet: 0.1 ms]
   [Eden: 5712.0M(5712.0M)->0.0B(7152.0M) Survivors: 16384.0K->16384.0K Heap: 9206.5M(14336.0M)->3477.9M(14336.0M)]
 [Times: user=0.17 sys=0.00, real=0.04 secs] 
2022-09-28T00:44:28.729-0600: 434901.840: [GC pause (G1 Evacuation Pause) (young), 0.2588199 secs]
   [Parallel Time: 15.1 ms, GC Workers: 8]
      [GC Worker Start (ms): Min: 434901840.1, Avg: 434901840.8, Max: 434901842.4, Diff: 2.2]
      [Ext Root Scanning (ms): Min: 0.0, Avg: 1.0, Max: 3.1, Diff: 3.1, Sum: 8.4]
      [Update RS (ms): Min: 8.7, Avg: 11.1, Max: 13.5, Diff: 4.8, Sum: 89.0]
         [Processed Buffers: Min: 5, Avg: 18.9, Max: 29, Diff: 24, Sum: 151]
      [Scan RS (ms): Min: 0.0, Avg: 0.0, Max: 0.1, Diff: 0.0, Sum: 0.2]
      [Code Root Scanning (ms): Min: 0.0, Avg: 0.0, Max: 0.0, Diff: 0.0, Sum: 0.0]
      [Object Copy (ms): Min: 0.0, Avg: 1.5, Max: 2.4, Diff: 2.4, Sum: 12.0]
      [Termination (ms): Min: 0.0, Avg: 0.5, Max: 0.9, Diff: 0.9, Sum: 4.2]
         [Termination Attempts: Min: 1, Avg: 27.8, Max: 56, Diff: 55, Sum: 222]
      [GC Worker Other (ms): Min: 0.0, Avg: 0.0, Max: 0.0, Diff: 0.0, Sum: 0.0]
      [GC Worker Total (ms): Min: 12.7, Avg: 14.2, Max: 14.9, Diff: 2.2, Sum: 113.9]
      [GC Worker End (ms): Min: 434901855.1, Avg: 434901855.1, Max: 434901855.1, Diff: 0.0]
   [Code Root Fixup: 0.0 ms]
   [Code Root Purge: 0.0 ms]
   [Clear CT: 0.6 ms]
   [Other: 243.1 ms]
      [Choose CSet: 0.0 ms]
      [Ref Proc: 242.6 ms]
      [Ref Enq: 0.2 ms]
      [Redirty Cards: 0.1 ms]
      [Humongous Register: 0.0 ms]
      [Humongous Reclaim: 0.0 ms]
      [Free CSet: 0.1 ms]
   [Eden: 7152.0M(7152.0M)->0.0B(7152.0M) Survivors: 16384.0K->16384.0K Heap: 10629.9M(14336.0M)->3491.5M(14336.0M)]
 [Times: user=0.33 sys=0.00, real=0.25 secs] 
2022-09-28T00:46:08.330-0600: 435001.440: [GC pause (G1 Evacuation Pause) (young) (initial-mark), 0.1945324 secs]
   [Parallel Time: 88.4 ms, GC Workers: 8]
      [GC Worker Start (ms): Min: 435001510.0, Avg: 435001514.4, Max: 435001515.6, Diff: 5.6]
      [Ext Root Scanning (ms): Min: 1.8, Avg: 5.4, Max: 9.5, Diff: 7.7, Sum: 43.0]
      [Update RS (ms): Min: 0.0, Avg: 3.4, Max: 11.3, Diff: 11.3, Sum: 27.5]
         [Processed Buffers: Min: 0, Avg: 6.9, Max: 13, Diff: 13, Sum: 55]
      [Scan RS (ms): Min: 0.0, Avg: 0.0, Max: 0.1, Diff: 0.1, Sum: 0.2]
      [Code Root Scanning (ms): Min: 0.0, Avg: 0.0, Max: 0.0, Diff: 0.0, Sum: 0.0]
      [Object Copy (ms): Min: 0.0, Avg: 1.1, Max: 2.0, Diff: 2.0, Sum: 9.2]
      [Termination (ms): Min: 0.0, Avg: 4.4, Max: 5.5, Diff: 5.5, Sum: 35.4]
         [Termination Attempts: Min: 1, Avg: 1.8, Max: 5, Diff: 4, Sum: 14]
      [GC Worker Other (ms): Min: 0.0, Avg: 0.0, Max: 0.0, Diff: 0.0, Sum: 0.1]
      [GC Worker Total (ms): Min: 13.2, Avg: 14.4, Max: 18.7, Diff: 5.6, Sum: 115.5]
      [GC Worker End (ms): Min: 435001528.8, Avg: 435001528.8, Max: 435001529.0, Diff: 0.2]
   [Code Root Fixup: 0.0 ms]
   [Code Root Purge: 0.0 ms]
   [Clear CT: 0.9 ms]
   [Other: 105.2 ms]
      [Choose CSet: 0.0 ms]
      [Ref Proc: 104.7 ms]
      [Ref Enq: 0.1 ms]
      [Redirty Cards: 0.1 ms]
      [Humongous Register: 0.0 ms]
      [Humongous Reclaim: 0.0 ms]
      [Free CSet: 0.1 ms]
   [Eden: 7152.0M(7152.0M)->0.0B(7152.0M) Survivors: 16384.0K->16384.0K Heap: 10643.5M(14336.0M)->3490.4M(14336.0M)]
 [Times: user=0.14 sys=0.00, real=0.19 secs] 
2022-09-28T00:46:08.524-0600: 435001.635: [GC concurrent-root-region-scan-start]
2022-09-28T00:46:08.533-0600: 435001.644: [GC concurrent-root-region-scan-end, 0.0091408 secs]
2022-09-28T00:46:08.533-0600: 435001.644: [GC concurrent-mark-start]
2022-09-28T00:46:09.866-0600: 435002.977: [GC concurrent-mark-end, 1.3326460 secs]
2022-09-28T00:46:09.866-0600: 435002.977: [GC remark 2022-09-28T00:46:09.866-0600: 435002.977: [Finalize Marking, 0.0022782 secs] 2022-09-28T00:46:09.868-0600: 435002.979: [GC ref-proc, 0.0375215 secs] 2022-09-28T00:46:09.906-0600: 435003.017: [Unloading, 0.0348144 secs], 0.0832582 secs]
 [Times: user=0.30 sys=0.00, real=0.09 secs] 
2022-09-28T00:46:09.950-0600: 435003.060: [GC cleanup 3626M->3626M(14336M), 0.0068444 secs]
 [Times: user=0.02 sys=0.00, real=0.00 secs] 
2022-09-28T00:47:47.132-0600: 435100.242: [GC pause (G1 Evacuation Pause) (young), 0.0284748 secs]
   [Parallel Time: 5.4 ms, GC Workers: 8]
      [GC Worker Start (ms): Min: 435100242.5, Avg: 435100243.3, Max: 435100247.2, Diff: 4.7]
      [Ext Root Scanning (ms): Min: 0.0, Avg: 1.5, Max: 4.6, Diff: 4.6, Sum: 12.2]
      [Update RS (ms): Min: 0.0, Avg: 1.1, Max: 1.9, Diff: 1.9, Sum: 8.9]
         [Processed Buffers: Min: 0, Avg: 5.9, Max: 21, Diff: 21, Sum: 47]
      [Scan RS (ms): Min: 0.0, Avg: 0.0, Max: 0.1, Diff: 0.1, Sum: 0.2]
      [Code Root Scanning (ms): Min: 0.0, Avg: 0.0, Max: 0.0, Diff: 0.0, Sum: 0.0]
      [Object Copy (ms): Min: 0.2, Avg: 1.5, Max: 2.1, Diff: 1.9, Sum: 12.1]
      [Termination (ms): Min: 0.0, Avg: 0.3, Max: 0.4, Diff: 0.4, Sum: 2.7]
         [Termination Attempts: Min: 1, Avg: 10.6, Max: 20, Diff: 19, Sum: 85]
      [GC Worker Other (ms): Min: 0.0, Avg: 0.0, Max: 0.0, Diff: 0.0, Sum: 0.1]
      [GC Worker Total (ms): Min: 0.6, Avg: 4.5, Max: 5.3, Diff: 4.7, Sum: 36.1]
      [GC Worker End (ms): Min: 435100247.7, Avg: 435100247.8, Max: 435100247.8, Diff: 0.1]
   [Code Root Fixup: 0.0 ms]
   [Code Root Purge: 0.0 ms]
   [Clear CT: 0.8 ms]
   [Other: 22.3 ms]
      [Choose CSet: 0.0 ms]
      [Ref Proc: 21.9 ms]
      [Ref Enq: 0.1 ms]
      [Redirty Cards: 0.1 ms]
      [Humongous Register: 0.0 ms]
      [Humongous Reclaim: 0.0 ms]
      [Free CSet: 0.1 ms]
   [Eden: 7152.0M(7152.0M)->0.0B(5712.0M) Survivors: 16384.0K->16384.0K Heap: 10642.4M(14336.0M)->3493.0M(14336.0M)]
 [Times: user=0.12 sys=0.00, real=0.02 secs] 
2022-09-28T00:49:06.082-0600: 435179.193: [GC pause (G1 Evacuation Pause) (mixed), 0.2967933 secs]
   [Parallel Time: 109.5 ms, GC Workers: 8]
      [GC Worker Start (ms): Min: 435179193.2, Avg: 435179207.9, Max: 435179295.7, Diff: 102.5]
      [Ext Root Scanning (ms): Min: 0.0, Avg: 0.9, Max: 3.3, Diff: 3.3, Sum: 6.9]
      [Update RS (ms): Min: 0.0, Avg: 1.0, Max: 1.8, Diff: 1.8, Sum: 8.1]
         [Processed Buffers: Min: 0, Avg: 5.8, Max: 12, Diff: 12, Sum: 46]
      [Scan RS (ms): Min: 0.0, Avg: 1.3, Max: 3.8, Diff: 3.8, Sum: 10.2]
      [Code Root Scanning (ms): Min: 0.0, Avg: 0.3, Max: 2.8, Diff: 2.8, Sum: 2.8]
      [Object Copy (ms): Min: 0.0, Avg: 8.0, Max: 10.3, Diff: 10.3, Sum: 63.7]
      [Termination (ms): Min: 0.0, Avg: 76.4, Max: 87.7, Diff: 87.7, Sum: 611.4]
         [Termination Attempts: Min: 1, Avg: 1.4, Max: 2, Diff: 1, Sum: 11]
      [GC Worker Other (ms): Min: 0.0, Avg: 0.0, Max: 0.0, Diff: 0.0, Sum: 0.1]
      [GC Worker Total (ms): Min: 0.0, Avg: 87.9, Max: 102.6, Diff: 102.6, Sum: 703.1]
      [GC Worker End (ms): Min: 435179295.7, Avg: 435179295.8, Max: 435179295.9, Diff: 0.2]
   [Code Root Fixup: 0.0 ms]
   [Code Root Purge: 0.0 ms]
   [Clear CT: 0.9 ms]
   [Other: 186.5 ms]
      [Choose CSet: 0.0 ms]
      [Ref Proc: 185.8 ms]
      [Ref Enq: 0.1 ms]
      [Redirty Cards: 0.1 ms]
      [Humongous Register: 0.0 ms]
      [Humongous Reclaim: 0.0 ms]
      [Free CSet: 0.1 ms]
   [Eden: 5712.0M(5712.0M)->0.0B(7152.0M) Survivors: 16384.0K->16384.0K Heap: 9205.0M(14336.0M)->3479.0M(14336.0M)]
 [Times: user=1.54 sys=0.00, real=0.29 secs] 
2022-09-28T00:50:44.630-0600: 435277.741: [GC pause (G1 Evacuation Pause) (young), 0.1648088 secs]
   [Parallel Time: 129.0 ms, GC Workers: 8]
      [GC Worker Start (ms): Min: 435277757.5, Avg: 435277840.8, Max: 435277869.6, Diff: 112.1]
      [Ext Root Scanning (ms): Min: 0.0, Avg: 0.9, Max: 3.5, Diff: 3.5, Sum: 6.8]
      [Update RS (ms): Min: 0.0, Avg: 4.1, Max: 16.5, Diff: 16.5, Sum: 32.8]
         [Processed Buffers: Min: 0, Avg: 19.5, Max: 79, Diff: 79, Sum: 156]
      [Scan RS (ms): Min: 0.0, Avg: 0.0, Max: 0.1, Diff: 0.1, Sum: 0.2]
      [Code Root Scanning (ms): Min: 0.0, Avg: 0.0, Max: 0.0, Diff: 0.0, Sum: 0.0]
      [Object Copy (ms): Min: 0.0, Avg: 1.0, Max: 4.0, Diff: 4.0, Sum: 7.7]
      [Termination (ms): Min: 0.0, Avg: 23.0, Max: 88.5, Diff: 88.5, Sum: 183.7]
         [Termination Attempts: Min: 1, Avg: 1.5, Max: 5, Diff: 4, Sum: 12]
      [GC Worker Other (ms): Min: 0.0, Avg: 0.0, Max: 0.0, Diff: 0.0, Sum: 0.0]
      [GC Worker Total (ms): Min: 0.0, Avg: 28.9, Max: 112.3, Diff: 112.3, Sum: 231.3]
      [GC Worker End (ms): Min: 435277869.6, Avg: 435277869.7, Max: 435277869.8, Diff: 0.1]
   [Code Root Fixup: 0.0 ms]
   [Code Root Purge: 0.0 ms]
   [Clear CT: 1.2 ms]
   [Other: 34.6 ms]
      [Choose CSet: 0.0 ms]
      [Ref Proc: 34.2 ms]
      [Ref Enq: 0.1 ms]
      [Redirty Cards: 0.1 ms]
      [Humongous Register: 0.0 ms]
      [Humongous Reclaim: 0.0 ms]
      [Free CSet: 0.1 ms]
   [Eden: 7152.0M(7152.0M)->0.0B(7152.0M) Survivors: 16384.0K->16384.0K Heap: 10631.0M(14336.0M)->3479.1M(14336.0M)]
 [Times: user=0.33 sys=0.00, real=0.16 secs] 
2022-09-28T00:52:22.878-0600: 435375.989: [GC pause (G1 Evacuation Pause) (young) (initial-mark), 0.0457740 secs]
   [Parallel Time: 14.5 ms, GC Workers: 8]
      [GC Worker Start (ms): Min: 435375989.9, Avg: 435375991.4, Max: 435375992.4, Diff: 2.5]
      [Ext Root Scanning (ms): Min: 2.0, Avg: 6.4, Max: 10.5, Diff: 8.6, Sum: 51.4]
      [Update RS (ms): Min: 0.0, Avg: 1.1, Max: 3.1, Diff: 3.1, Sum: 9.1]
         [Processed Buffers: Min: 0, Avg: 4.9, Max: 14, Diff: 14, Sum: 39]
      [Scan RS (ms): Min: 0.0, Avg: 0.0, Max: 0.1, Diff: 0.1, Sum: 0.2]
      [Code Root Scanning (ms): Min: 0.0, Avg: 0.0, Max: 0.0, Diff: 0.0, Sum: 0.0]
      [Object Copy (ms): Min: 0.0, Avg: 1.3, Max: 2.2, Diff: 2.2, Sum: 10.6]
      [Termination (ms): Min: 0.0, Avg: 2.6, Max: 3.5, Diff: 3.5, Sum: 20.6]
         [Termination Attempts: Min: 1, Avg: 6.0, Max: 12, Diff: 11, Sum: 48]
      [GC Worker Other (ms): Min: 0.0, Avg: 0.0, Max: 0.0, Diff: 0.0, Sum: 0.0]
      [GC Worker Total (ms): Min: 10.5, Avg: 11.5, Max: 13.1, Diff: 2.6, Sum: 92.0]
      [GC Worker End (ms): Min: 435376002.9, Avg: 435376002.9, Max: 435376003.0, Diff: 0.1]
   [Code Root Fixup: 0.0 ms]
   [Code Root Purge: 0.0 ms]
   [Clear CT: 0.6 ms]
   [Other: 30.7 ms]
      [Choose CSet: 0.0 ms]
      [Ref Proc: 30.3 ms]
      [Ref Enq: 0.1 ms]
      [Redirty Cards: 0.1 ms]
      [Humongous Register: 0.0 ms]
      [Humongous Reclaim: 0.0 ms]
      [Free CSet: 0.1 ms]
   [Eden: 7152.0M(7152.0M)->0.0B(7152.0M) Survivors: 16384.0K->16384.0K Heap: 10631.1M(14336.0M)->3483.2M(14336.0M)]
 [Times: user=0.20 sys=0.00, real=0.05 secs] 
2022-09-28T00:52:22.923-0600: 435376.034: [GC concurrent-root-region-scan-start]
2022-09-28T00:52:22.930-0600: 435376.040: [GC concurrent-root-region-scan-end, 0.0060783 secs]
2022-09-28T00:52:22.930-0600: 435376.040: [GC concurrent-mark-start]
2022-09-28T00:52:24.258-0600: 435377.369: [GC concurrent-mark-end, 1.3284664 secs]
2022-09-28T00:52:24.258-0600: 435377.369: [GC remark 2022-09-28T00:52:24.258-0600: 435377.369: [Finalize Marking, 0.0594212 secs] 2022-09-28T00:52:24.318-0600: 435377.429: [GC ref-proc, 0.3659868 secs] 2022-09-28T00:52:24.684-0600: 435377.795: [Unloading, 0.1149997 secs], 0.5452790 secs]
 [Times: user=1.74 sys=0.00, real=0.55 secs] 
2022-09-28T00:52:24.804-0600: 435377.915: [GC cleanup 3667M->3667M(14336M), 0.0066831 secs]
 [Times: user=0.02 sys=0.00, real=0.01 secs] 
2022-09-28T00:54:02.091-0600: 435475.202: [GC pause (G1 Evacuation Pause) (young), 0.0574883 secs]
   [Parallel Time: 18.9 ms, GC Workers: 8]
      [GC Worker Start (ms): Min: 435475201.6, Avg: 435475202.0, Max: 435475203.3, Diff: 1.7]
      [Ext Root Scanning (ms): Min: 1.5, Avg: 4.1, Max: 9.6, Diff: 8.1, Sum: 33.2]
      [Update RS (ms): Min: 1.3, Avg: 6.1, Max: 8.2, Diff: 6.9, Sum: 48.9]
         [Processed Buffers: Min: 1, Avg: 6.9, Max: 11, Diff: 10, Sum: 55]
      [Scan RS (ms): Min: 0.0, Avg: 0.1, Max: 0.3, Diff: 0.2, Sum: 1.1]
      [Code Root Scanning (ms): Min: 0.0, Avg: 0.0, Max: 0.0, Diff: 0.0, Sum: 0.1]
      [Object Copy (ms): Min: 6.8, Avg: 7.5, Max: 8.0, Diff: 1.2, Sum: 59.6]
      [Termination (ms): Min: 0.0, Avg: 0.0, Max: 0.0, Diff: 0.0, Sum: 0.0]
         [Termination Attempts: Min: 1, Avg: 1.2, Max: 3, Diff: 2, Sum: 10]
      [GC Worker Other (ms): Min: 0.0, Avg: 0.1, Max: 0.1, Diff: 0.1, Sum: 0.5]
      [GC Worker Total (ms): Min: 16.7, Avg: 17.9, Max: 18.3, Diff: 1.6, Sum: 143.5]
      [GC Worker End (ms): Min: 435475219.9, Avg: 435475219.9, Max: 435475220.0, Diff: 0.1]
   [Code Root Fixup: 0.0 ms]
   [Code Root Purge: 0.0 ms]
   [Clear CT: 0.8 ms]
   [Other: 37.7 ms]
      [Choose CSet: 0.0 ms]
      [Ref Proc: 37.2 ms]
      [Ref Enq: 0.1 ms]
      [Redirty Cards: 0.1 ms]
      [Humongous Register: 0.0 ms]
      [Humongous Reclaim: 0.0 ms]
      [Free CSet: 0.1 ms]
   [Eden: 7152.0M(7152.0M)->0.0B(5712.0M) Survivors: 16384.0K->16384.0K Heap: 10635.2M(14336.0M)->3484.9M(14336.0M)]
 [Times: user=0.27 sys=0.00, real=0.05 secs] 
2022-09-28T00:55:23.679-0600: 435556.790: [GC pause (G1 Evacuation Pause) (mixed), 0.0838192 secs]
   [Parallel Time: 50.1 ms, GC Workers: 8]
      [GC Worker Start (ms): Min: 435556790.1, Avg: 435556828.0, Max: 435556835.0, Diff: 44.9]
      [Ext Root Scanning (ms): Min: 0.0, Avg: 0.7, Max: 5.9, Diff: 5.9, Sum: 6.0]
      [Update RS (ms): Min: 0.0, Avg: 0.7, Max: 5.8, Diff: 5.8, Sum: 5.8]
         [Processed Buffers: Min: 0, Avg: 5.1, Max: 41, Diff: 41, Sum: 41]
      [Scan RS (ms): Min: 0.0, Avg: 0.3, Max: 2.3, Diff: 2.3, Sum: 2.3]
      [Code Root Scanning (ms): Min: 0.0, Avg: 0.0, Max: 0.0, Diff: 0.0, Sum: 0.0]
      [Object Copy (ms): Min: 0.0, Avg: 2.1, Max: 17.0, Diff: 17.0, Sum: 17.0]
      [Termination (ms): Min: 0.0, Avg: 3.1, Max: 13.9, Diff: 13.9, Sum: 24.7]
         [Termination Attempts: Min: 1, Avg: 1.0, Max: 1, Diff: 0, Sum: 8]
      [GC Worker Other (ms): Min: 0.0, Avg: 0.0, Max: 0.0, Diff: 0.0, Sum: 0.0]
      [GC Worker Total (ms): Min: 0.0, Avg: 7.0, Max: 44.9, Diff: 44.9, Sum: 55.9]
      [GC Worker End (ms): Min: 435556835.0, Avg: 435556835.0, Max: 435556835.0, Diff: 0.0]
   [Code Root Fixup: 0.0 ms]
   [Code Root Purge: 0.0 ms]
   [Clear CT: 0.9 ms]
   [Other: 32.8 ms]
      [Choose CSet: 0.0 ms]
      [Ref Proc: 32.4 ms]
      [Ref Enq: 0.1 ms]
      [Redirty Cards: 0.1 ms]
      [Humongous Register: 0.0 ms]
      [Humongous Reclaim: 0.0 ms]
      [Free CSet: 0.1 ms]
   [Eden: 5712.0M(5712.0M)->0.0B(7152.0M) Survivors: 16384.0K->16384.0K Heap: 9196.9M(14336.0M)->3482.4M(14336.0M)]
 [Times: user=0.13 sys=0.00, real=0.09 secs] 
2022-09-28T00:57:05.343-0600: 435658.454: [GC pause (G1 Evacuation Pause) (young), 0.0873538 secs]
   [Parallel Time: 25.7 ms, GC Workers: 8]
      [GC Worker Start (ms): Min: 435658454.2, Avg: 435658458.5, Max: 435658471.2, Diff: 16.9]
      [Ext Root Scanning (ms): Min: 0.0, Avg: 4.1, Max: 16.8, Diff: 16.7, Sum: 32.9]
      [Update RS (ms): Min: 3.6, Avg: 12.3, Max: 16.8, Diff: 13.3, Sum: 98.6]
         [Processed Buffers: Min: 3, Avg: 13.6, Max: 19, Diff: 16, Sum: 109]
      [Scan RS (ms): Min: 0.0, Avg: 0.1, Max: 0.3, Diff: 0.2, Sum: 0.8]
      [Code Root Scanning (ms): Min: 0.0, Avg: 0.0, Max: 0.0, Diff: 0.0, Sum: 0.1]
      [Object Copy (ms): Min: 2.8, Avg: 4.2, Max: 5.1, Diff: 2.2, Sum: 33.9]
      [Termination (ms): Min: 0.0, Avg: 0.1, Max: 0.1, Diff: 0.1, Sum: 0.6]
         [Termination Attempts: Min: 1, Avg: 1.9, Max: 3, Diff: 2, Sum: 15]
      [GC Worker Other (ms): Min: 0.0, Avg: 0.0, Max: 0.1, Diff: 0.1, Sum: 0.3]
      [GC Worker Total (ms): Min: 8.1, Avg: 20.9, Max: 25.1, Diff: 16.9, Sum: 167.2]
      [GC Worker End (ms): Min: 435658479.3, Avg: 435658479.4, Max: 435658479.4, Diff: 0.1]
   [Code Root Fixup: 0.0 ms]
   [Code Root Purge: 0.0 ms]
   [Clear CT: 1.5 ms]
   [Other: 60.1 ms]
      [Choose CSet: 0.0 ms]
      [Ref Proc: 59.4 ms]
      [Ref Enq: 0.3 ms]
      [Redirty Cards: 0.1 ms]
      [Humongous Register: 0.1 ms]
      [Humongous Reclaim: 0.0 ms]
      [Free CSet: 0.2 ms]
   [Eden: 7152.0M(7152.0M)->0.0B(7152.0M) Survivors: 16384.0K->16384.0K Heap: 10634.4M(14336.0M)->3493.5M(14336.0M)]
 [Times: user=0.39 sys=0.00, real=0.09 secs] 
2022-09-28T00:58:45.580-0600: 435758.691: [GC pause (G1 Evacuation Pause) (young) (initial-mark), 0.0737437 secs]
   [Parallel Time: 28.5 ms, GC Workers: 8]
      [GC Worker Start (ms): Min: 435758692.3, Avg: 435758694.0, Max: 435758695.0, Diff: 2.7]
      [Ext Root Scanning (ms): Min: 2.1, Avg: 6.5, Max: 11.6, Diff: 9.6, Sum: 52.0]
      [Update RS (ms): Min: 0.0, Avg: 4.2, Max: 22.3, Diff: 22.3, Sum: 33.9]
         [Processed Buffers: Min: 0, Avg: 5.8, Max: 18, Diff: 18, Sum: 46]
      [Scan RS (ms): Min: 0.0, Avg: 0.0, Max: 0.1, Diff: 0.1, Sum: 0.2]
      [Code Root Scanning (ms): Min: 0.0, Avg: 0.0, Max: 0.0, Diff: 0.0, Sum: 0.0]
      [Object Copy (ms): Min: 0.0, Avg: 1.6, Max: 3.3, Diff: 3.3, Sum: 12.4]
      [Termination (ms): Min: 0.0, Avg: 13.1, Max: 15.8, Diff: 15.8, Sum: 105.0]
         [Termination Attempts: Min: 1, Avg: 2.1, Max: 4, Diff: 3, Sum: 17]
      [GC Worker Other (ms): Min: 0.0, Avg: 0.0, Max: 0.0, Diff: 0.0, Sum: 0.0]
      [GC Worker Total (ms): Min: 24.4, Avg: 25.5, Max: 27.2, Diff: 2.7, Sum: 203.7]
      [GC Worker End (ms): Min: 435758719.4, Avg: 435758719.4, Max: 435758719.5, Diff: 0.1]
   [Code Root Fixup: 0.0 ms]
   [Code Root Purge: 0.0 ms]
   [Clear CT: 0.5 ms]
   [Other: 44.7 ms]
      [Choose CSet: 0.0 ms]
      [Ref Proc: 44.2 ms]
      [Ref Enq: 0.1 ms]
      [Redirty Cards: 0.2 ms]
      [Humongous Register: 0.0 ms]
      [Humongous Reclaim: 0.0 ms]
      [Free CSet: 0.1 ms]
   [Eden: 7152.0M(7152.0M)->0.0B(7152.0M) Survivors: 16384.0K->16384.0K Heap: 10645.5M(14336.0M)->3495.4M(14336.0M)]
 [Times: user=0.30 sys=0.00, real=0.08 secs] 
2022-09-28T00:58:45.654-0600: 435758.765: [GC concurrent-root-region-scan-start]
2022-09-28T00:58:45.661-0600: 435758.771: [GC concurrent-root-region-scan-end, 0.0066013 secs]
2022-09-28T00:58:45.661-0600: 435758.771: [GC concurrent-mark-start]
2022-09-28T00:58:46.965-0600: 435760.076: [GC concurrent-mark-end, 1.3048567 secs]
2022-09-28T00:58:46.966-0600: 435760.077: [GC remark 2022-09-28T00:58:46.966-0600: 435760.077: [Finalize Marking, 0.0027403 secs] 2022-09-28T00:58:46.968-0600: 435760.079: [GC ref-proc, 0.3607986 secs] 2022-09-28T00:58:47.329-0600: 435760.440: [Unloading, 0.0265662 secs], 0.3969473 secs]
 [Times: user=0.85 sys=0.00, real=0.40 secs] 
2022-09-28T00:58:47.363-0600: 435760.474: [GC cleanup 3615M->3615M(14336M), 0.0081377 secs]
 [Times: user=0.02 sys=0.00, real=0.01 secs] 
2022-09-28T01:00:27.295-0600: 435860.406: [GC pause (G1 Evacuation Pause) (young), 0.0308393 secs]
   [Parallel Time: 6.0 ms, GC Workers: 8]
      [GC Worker Start (ms): Min: 435860406.3, Avg: 435860407.5, Max: 435860411.9, Diff: 5.6]
      [Ext Root Scanning (ms): Min: 0.0, Avg: 0.9, Max: 3.4, Diff: 3.4, Sum: 7.2]
      [Update RS (ms): Min: 0.0, Avg: 1.7, Max: 4.4, Diff: 4.4, Sum: 13.3]
         [Processed Buffers: Min: 0, Avg: 5.1, Max: 17, Diff: 17, Sum: 41]
      [Scan RS (ms): Min: 0.0, Avg: 0.0, Max: 0.1, Diff: 0.1, Sum: 0.2]
      [Code Root Scanning (ms): Min: 0.0, Avg: 0.0, Max: 0.0, Diff: 0.0, Sum: 0.0]
      [Object Copy (ms): Min: 0.1, Avg: 1.4, Max: 2.0, Diff: 1.9, Sum: 11.1]
      [Termination (ms): Min: 0.0, Avg: 0.6, Max: 0.9, Diff: 0.9, Sum: 4.9]
         [Termination Attempts: Min: 1, Avg: 33.5, Max: 55, Diff: 54, Sum: 268]
      [GC Worker Other (ms): Min: 0.0, Avg: 0.0, Max: 0.0, Diff: 0.0, Sum: 0.0]
      [GC Worker Total (ms): Min: 0.3, Avg: 4.6, Max: 5.9, Diff: 5.6, Sum: 36.8]
      [GC Worker End (ms): Min: 435860412.1, Avg: 435860412.1, Max: 435860412.1, Diff: 0.0]
   [Code Root Fixup: 0.0 ms]
   [Code Root Purge: 0.0 ms]
   [Clear CT: 0.6 ms]
   [Other: 24.2 ms]
      [Choose CSet: 0.0 ms]
      [Ref Proc: 23.8 ms]
      [Ref Enq: 0.1 ms]
      [Redirty Cards: 0.1 ms]
      [Humongous Register: 0.0 ms]
      [Humongous Reclaim: 0.0 ms]
      [Free CSet: 0.1 ms]
   [Eden: 7152.0M(7152.0M)->0.0B(5712.0M) Survivors: 16384.0K->16384.0K Heap: 10647.4M(14336.0M)->3500.1M(14336.0M)]
 [Times: user=0.12 sys=0.00, real=0.03 secs] 
2022-09-28T01:01:48.329-0600: 435941.440: [GC pause (G1 Evacuation Pause) (mixed), 0.4937447 secs]
   [Parallel Time: 241.0 ms, GC Workers: 8]
      [GC Worker Start (ms): Min: 435941439.8, Avg: 435941454.1, Max: 435941460.5, Diff: 20.7]
      [Ext Root Scanning (ms): Min: 0.0, Avg: 0.7, Max: 5.7, Diff: 5.7, Sum: 5.7]
      [Update RS (ms): Min: 0.0, Avg: 0.8, Max: 5.1, Diff: 5.1, Sum: 6.8]
         [Processed Buffers: Min: 0, Avg: 6.1, Max: 30, Diff: 30, Sum: 49]
      [Scan RS (ms): Min: 0.0, Avg: 0.7, Max: 1.5, Diff: 1.5, Sum: 5.4]
      [Code Root Scanning (ms): Min: 0.0, Avg: 0.0, Max: 0.0, Diff: 0.0, Sum: 0.1]
      [Object Copy (ms): Min: 0.0, Avg: 3.5, Max: 7.2, Diff: 7.2, Sum: 27.8]
      [Termination (ms): Min: 0.0, Avg: 0.7, Max: 1.2, Diff: 1.2, Sum: 5.4]
         [Termination Attempts: Min: 1, Avg: 24.0, Max: 81, Diff: 80, Sum: 192]
      [GC Worker Other (ms): Min: 0.0, Avg: 0.0, Max: 0.0, Diff: 0.0, Sum: 0.0]
      [GC Worker Total (ms): Min: 0.0, Avg: 6.4, Max: 20.7, Diff: 20.7, Sum: 51.1]
      [GC Worker End (ms): Min: 435941460.5, Avg: 435941460.5, Max: 435941460.5, Diff: 0.0]
   [Code Root Fixup: 0.0 ms]
   [Code Root Purge: 0.0 ms]
   [Clear CT: 1.0 ms]
   [Other: 251.7 ms]
      [Choose CSet: 0.0 ms]
      [Ref Proc: 251.2 ms]
      [Ref Enq: 0.1 ms]
      [Redirty Cards: 0.2 ms]
      [Humongous Register: 0.0 ms]
      [Humongous Reclaim: 0.0 ms]
      [Free CSet: 0.1 ms]
   [Eden: 5712.0M(5712.0M)->0.0B(5712.0M) Survivors: 16384.0K->16384.0K Heap: 9212.1M(14336.0M)->3480.7M(14336.0M)]
 [Times: user=0.74 sys=0.00, real=0.49 secs] 
2022-09-28T01:03:06.533-0600: 436019.644: [GC pause (G1 Evacuation Pause) (young), 0.0977436 secs]
   [Parallel Time: 39.6 ms, GC Workers: 8]
      [GC Worker Start (ms): Min: 436019643.7, Avg: 436019650.3, Max: 436019659.3, Diff: 15.6]
      [Ext Root Scanning (ms): Min: 0.0, Avg: 1.6, Max: 4.6, Diff: 4.6, Sum: 12.5]
      [Update RS (ms): Min: 9.3, Avg: 16.8, Max: 20.6, Diff: 11.3, Sum: 134.0]
         [Processed Buffers: Min: 9, Avg: 16.8, Max: 26, Diff: 17, Sum: 134]
      [Scan RS (ms): Min: 0.0, Avg: 0.1, Max: 0.2, Diff: 0.1, Sum: 0.7]
      [Code Root Scanning (ms): Min: 0.0, Avg: 0.0, Max: 0.0, Diff: 0.0, Sum: 0.1]
      [Object Copy (ms): Min: 5.5, Avg: 6.0, Max: 7.9, Diff: 2.5, Sum: 48.3]
      [Termination (ms): Min: 0.0, Avg: 2.2, Max: 3.7, Diff: 3.7, Sum: 17.9]
         [Termination Attempts: Min: 1, Avg: 17.6, Max: 27, Diff: 26, Sum: 141]
      [GC Worker Other (ms): Min: 0.0, Avg: 0.0, Max: 0.0, Diff: 0.0, Sum: 0.1]
      [GC Worker Total (ms): Min: 17.4, Avg: 26.7, Max: 33.1, Diff: 15.7, Sum: 213.7]
      [GC Worker End (ms): Min: 436019676.7, Avg: 436019677.0, Max: 436019678.5, Diff: 1.8]
   [Code Root Fixup: 0.0 ms]
   [Code Root Purge: 0.0 ms]
   [Clear CT: 0.5 ms]
   [Other: 57.6 ms]
      [Choose CSet: 0.0 ms]
      [Ref Proc: 57.1 ms]
      [Ref Enq: 0.2 ms]
      [Redirty Cards: 0.1 ms]
      [Humongous Register: 0.0 ms]
      [Humongous Reclaim: 0.0 ms]
      [Free CSet: 0.1 ms]
   [Eden: 5712.0M(5712.0M)->0.0B(5712.0M) Survivors: 16384.0K->16384.0K Heap: 9192.7M(14336.0M)->3494.9M(14336.0M)]
 [Times: user=0.39 sys=0.00, real=0.10 secs] 
2022-09-28T01:04:25.331-0600: 436098.442: [GC pause (G1 Evacuation Pause) (young) (initial-mark), 0.0781126 secs]
   [Parallel Time: 44.2 ms, GC Workers: 8]
      [GC Worker Start (ms): Min: 436098471.2, Avg: 436098474.0, Max: 436098474.9, Diff: 3.7]
      [Ext Root Scanning (ms): Min: 2.4, Avg: 6.6, Max: 11.2, Diff: 8.7, Sum: 52.5]
      [Update RS (ms): Min: 0.0, Avg: 1.1, Max: 2.2, Diff: 2.2, Sum: 8.4]
         [Processed Buffers: Min: 0, Avg: 6.1, Max: 19, Diff: 19, Sum: 49]
      [Scan RS (ms): Min: 0.0, Avg: 0.0, Max: 0.1, Diff: 0.1, Sum: 0.2]
      [Code Root Scanning (ms): Min: 0.0, Avg: 0.0, Max: 0.0, Diff: 0.0, Sum: 0.0]
      [Object Copy (ms): Min: 0.0, Avg: 1.3, Max: 2.6, Diff: 2.6, Sum: 10.7]
      [Termination (ms): Min: 0.0, Avg: 3.2, Max: 4.5, Diff: 4.5, Sum: 25.6]
         [Termination Attempts: Min: 1, Avg: 4.0, Max: 9, Diff: 8, Sum: 32]
      [GC Worker Other (ms): Min: 0.0, Avg: 0.0, Max: 0.0, Diff: 0.0, Sum: 0.0]
      [GC Worker Total (ms): Min: 11.2, Avg: 12.2, Max: 15.0, Diff: 3.8, Sum: 97.5]
      [GC Worker End (ms): Min: 436098486.1, Avg: 436098486.1, Max: 436098486.2, Diff: 0.2]
   [Code Root Fixup: 0.0 ms]
   [Code Root Purge: 0.0 ms]
   [Clear CT: 0.6 ms]
   [Other: 33.3 ms]
      [Choose CSet: 0.0 ms]
      [Ref Proc: 32.9 ms]
      [Ref Enq: 0.1 ms]
      [Redirty Cards: 0.1 ms]
      [Humongous Register: 0.0 ms]
      [Humongous Reclaim: 0.0 ms]
      [Free CSet: 0.1 ms]
   [Eden: 5712.0M(5712.0M)->0.0B(5712.0M) Survivors: 16384.0K->16384.0K Heap: 9206.9M(14336.0M)->3498.3M(14336.0M)]
 [Times: user=0.20 sys=0.00, real=0.08 secs] 
2022-09-28T01:04:25.409-0600: 436098.520: [GC concurrent-root-region-scan-start]
2022-09-28T01:04:25.415-0600: 436098.526: [GC concurrent-root-region-scan-end, 0.0054419 secs]
2022-09-28T01:04:25.415-0600: 436098.526: [GC concurrent-mark-start]
2022-09-28T01:04:26.757-0600: 436099.868: [GC concurrent-mark-end, 1.3421523 secs]
2022-09-28T01:04:26.757-0600: 436099.868: [GC remark 2022-09-28T01:04:26.757-0600: 436099.868: [Finalize Marking, 0.0029636 secs] 2022-09-28T01:04:26.760-0600: 436099.871: [GC ref-proc, 0.0313669 secs] 2022-09-28T01:04:26.791-0600: 436099.902: [Unloading, 0.0285676 secs], 0.0817201 secs]
 [Times: user=0.28 sys=0.00, real=0.08 secs] 
2022-09-28T01:04:26.841-0600: 436099.952: [GC cleanup 3634M->3634M(14336M), 0.0077627 secs]
 [Times: user=0.03 sys=0.00, real=0.01 secs] 
2022-09-28T01:05:44.128-0600: 436177.239: [GC pause (G1 Evacuation Pause) (young), 0.2859148 secs]
   [Parallel Time: 8.4 ms, GC Workers: 8]
      [GC Worker Start (ms): Min: 436177238.8, Avg: 436177241.3, Max: 436177245.5, Diff: 6.7]
      [Ext Root Scanning (ms): Min: 0.0, Avg: 0.8, Max: 3.2, Diff: 3.2, Sum: 6.7]
      [Update RS (ms): Min: 0.0, Avg: 1.1, Max: 2.3, Diff: 2.3, Sum: 8.9]
         [Processed Buffers: Min: 0, Avg: 6.8, Max: 16, Diff: 16, Sum: 54]
      [Scan RS (ms): Min: 0.0, Avg: 0.0, Max: 0.0, Diff: 0.0, Sum: 0.2]
      [Code Root Scanning (ms): Min: 0.0, Avg: 0.0, Max: 0.0, Diff: 0.0, Sum: 0.0]
      [Object Copy (ms): Min: 0.0, Avg: 1.0, Max: 1.7, Diff: 1.7, Sum: 7.8]
      [Termination (ms): Min: 0.0, Avg: 1.3, Max: 1.7, Diff: 1.7, Sum: 10.1]
         [Termination Attempts: Min: 1, Avg: 2.8, Max: 8, Diff: 7, Sum: 22]
      [GC Worker Other (ms): Min: 0.0, Avg: 0.0, Max: 0.0, Diff: 0.0, Sum: 0.0]
      [GC Worker Total (ms): Min: 0.0, Avg: 4.2, Max: 6.8, Diff: 6.8, Sum: 33.8]
      [GC Worker End (ms): Min: 436177245.5, Avg: 436177245.5, Max: 436177245.6, Diff: 0.1]
   [Code Root Fixup: 0.0 ms]
   [Code Root Purge: 0.0 ms]
   [Clear CT: 27.4 ms]
   [Other: 250.0 ms]
      [Choose CSet: 0.0 ms]
      [Ref Proc: 249.6 ms]
      [Ref Enq: 0.2 ms]
      [Redirty Cards: 0.1 ms]
      [Humongous Register: 0.0 ms]
      [Humongous Reclaim: 0.0 ms]
      [Free CSet: 0.1 ms]
   [Eden: 5712.0M(5712.0M)->0.0B(5712.0M) Survivors: 16384.0K->16384.0K Heap: 9210.3M(14336.0M)->3498.3M(14336.0M)]
 [Times: user=0.45 sys=0.00, real=0.29 secs] 
2022-09-28T01:07:04.028-0600: 436257.139: [GC pause (G1 Evacuation Pause) (mixed), 0.0385786 secs]
   [Parallel Time: 16.5 ms, GC Workers: 8]
      [GC Worker Start (ms): Min: 436257138.8, Avg: 436257141.0, Max: 436257144.4, Diff: 5.7]
      [Ext Root Scanning (ms): Min: 0.0, Avg: 1.0, Max: 3.7, Diff: 3.7, Sum: 7.7]
      [Update RS (ms): Min: 0.0, Avg: 1.0, Max: 2.0, Diff: 2.0, Sum: 7.8]
         [Processed Buffers: Min: 0, Avg: 4.9, Max: 14, Diff: 14, Sum: 39]
      [Scan RS (ms): Min: 0.0, Avg: 0.8, Max: 1.4, Diff: 1.3, Sum: 6.1]
      [Code Root Scanning (ms): Min: 0.0, Avg: 0.0, Max: 0.0, Diff: 0.0, Sum: 0.0]
      [Object Copy (ms): Min: 4.9, Avg: 6.4, Max: 11.8, Diff: 6.9, Sum: 51.4]
      [Termination (ms): Min: 0.0, Avg: 5.0, Max: 5.9, Diff: 5.9, Sum: 40.1]
         [Termination Attempts: Min: 1, Avg: 28.2, Max: 48, Diff: 47, Sum: 226]
      [GC Worker Other (ms): Min: 0.0, Avg: 0.0, Max: 0.0, Diff: 0.0, Sum: 0.0]
      [GC Worker Total (ms): Min: 10.8, Avg: 14.2, Max: 16.5, Diff: 5.7, Sum: 113.3]
      [GC Worker End (ms): Min: 436257155.1, Avg: 436257155.2, Max: 436257155.2, Diff: 0.1]
   [Code Root Fixup: 0.0 ms]
   [Code Root Purge: 0.0 ms]
   [Clear CT: 0.9 ms]
   [Other: 21.1 ms]
      [Choose CSet: 0.0 ms]
      [Ref Proc: 20.7 ms]
      [Ref Enq: 0.1 ms]
      [Redirty Cards: 0.1 ms]
      [Humongous Register: 0.0 ms]
      [Humongous Reclaim: 0.0 ms]
      [Free CSet: 0.1 ms]
   [Eden: 5712.0M(5712.0M)->0.0B(7152.0M) Survivors: 16384.0K->16384.0K Heap: 9210.3M(14336.0M)->3483.4M(14336.0M)]
 [Times: user=0.16 sys=0.00, real=0.04 secs] 
2022-09-28T01:08:42.279-0600: 436355.390: [GC pause (G1 Evacuation Pause) (young), 0.0277614 secs]
   [Parallel Time: 9.9 ms, GC Workers: 8]
      [GC Worker Start (ms): Min: 436355390.3, Avg: 436355392.3, Max: 436355395.8, Diff: 5.5]
      [Ext Root Scanning (ms): Min: 0.0, Avg: 0.8, Max: 3.2, Diff: 3.2, Sum: 6.6]
      [Update RS (ms): Min: 1.2, Avg: 4.5, Max: 8.3, Diff: 7.2, Sum: 36.2]
         [Processed Buffers: Min: 4, Avg: 16.9, Max: 32, Diff: 28, Sum: 135]
      [Scan RS (ms): Min: 0.0, Avg: 0.0, Max: 0.1, Diff: 0.1, Sum: 0.2]
      [Code Root Scanning (ms): Min: 0.0, Avg: 0.0, Max: 0.0, Diff: 0.0, Sum: 0.0]
      [Object Copy (ms): Min: 0.0, Avg: 1.5, Max: 2.1, Diff: 2.1, Sum: 11.9]
      [Termination (ms): Min: 0.0, Avg: 0.9, Max: 1.2, Diff: 1.2, Sum: 7.3]
         [Termination Attempts: Min: 1, Avg: 7.6, Max: 15, Diff: 14, Sum: 61]
      [GC Worker Other (ms): Min: 0.0, Avg: 0.0, Max: 0.0, Diff: 0.0, Sum: 0.0]
      [GC Worker Total (ms): Min: 4.3, Avg: 7.8, Max: 9.7, Diff: 5.4, Sum: 62.3]
      [GC Worker End (ms): Min: 436355400.0, Avg: 436355400.1, Max: 436355400.1, Diff: 0.1]
   [Code Root Fixup: 0.0 ms]
   [Code Root Purge: 0.0 ms]
   [Clear CT: 0.8 ms]
   [Other: 17.1 ms]
      [Choose CSet: 0.0 ms]
      [Ref Proc: 16.7 ms]
      [Ref Enq: 0.1 ms]
      [Redirty Cards: 0.1 ms]
      [Humongous Register: 0.0 ms]
      [Humongous Reclaim: 0.0 ms]
      [Free CSet: 0.1 ms]
   [Eden: 7152.0M(7152.0M)->0.0B(7152.0M) Survivors: 16384.0K->16384.0K Heap: 10635.4M(14336.0M)->3494.7M(14336.0M)]
 [Times: user=0.11 sys=0.00, real=0.03 secs] 
2022-09-28T01:10:21.670-0600: 436454.781: [GC pause (G1 Evacuation Pause) (young) (initial-mark), 0.5321224 secs]
   [Parallel Time: 233.2 ms, GC Workers: 8]
      [GC Worker Start (ms): Min: 436454782.4, Avg: 436454787.3, Max: 436454788.7, Diff: 6.4]
      [Ext Root Scanning (ms): Min: 2.3, Avg: 141.8, Max: 225.5, Diff: 223.2, Sum: 1134.3]
      [Update RS (ms): Min: 0.0, Avg: 1.3, Max: 3.6, Diff: 3.6, Sum: 10.6]
         [Processed Buffers: Min: 0, Avg: 5.4, Max: 17, Diff: 17, Sum: 43]
      [Scan RS (ms): Min: 0.0, Avg: 0.0, Max: 0.1, Diff: 0.1, Sum: 0.3]
      [Code Root Scanning (ms): Min: 0.0, Avg: 0.0, Max: 0.0, Diff: 0.0, Sum: 0.0]
      [Object Copy (ms): Min: 0.0, Avg: 1.8, Max: 4.9, Diff: 4.9, Sum: 14.5]
      [Termination (ms): Min: 0.0, Avg: 81.9, Max: 215.0, Diff: 215.0, Sum: 655.3]
         [Termination Attempts: Min: 1, Avg: 1.0, Max: 1, Diff: 0, Sum: 8]
      [GC Worker Other (ms): Min: 0.0, Avg: 0.0, Max: 0.0, Diff: 0.0, Sum: 0.1]
      [GC Worker Total (ms): Min: 225.5, Avg: 226.9, Max: 231.9, Diff: 6.4, Sum: 1815.1]
      [GC Worker End (ms): Min: 436455014.2, Avg: 436455014.2, Max: 436455014.3, Diff: 0.1]
   [Code Root Fixup: 0.0 ms]
   [Code Root Purge: 0.0 ms]
   [Clear CT: 0.9 ms]
   [Other: 298.0 ms]
      [Choose CSet: 0.0 ms]
      [Ref Proc: 297.5 ms]
      [Ref Enq: 0.1 ms]
      [Redirty Cards: 0.1 ms]
      [Humongous Register: 0.0 ms]
      [Humongous Reclaim: 0.0 ms]
      [Free CSet: 0.2 ms]
   [Eden: 7152.0M(7152.0M)->0.0B(5712.0M) Survivors: 16384.0K->16384.0K Heap: 10646.7M(14336.0M)->3497.8M(14336.0M)]
 [Times: user=0.99 sys=0.00, real=0.53 secs] 
2022-09-28T01:10:22.202-0600: 436455.313: [GC concurrent-root-region-scan-start]
2022-09-28T01:10:22.209-0600: 436455.320: [GC concurrent-root-region-scan-end, 0.0069744 secs]
2022-09-28T01:10:22.209-0600: 436455.320: [GC concurrent-mark-start]
2022-09-28T01:10:23.595-0600: 436456.706: [GC concurrent-mark-end, 1.3854620 secs]
2022-09-28T01:10:23.595-0600: 436456.706: [GC remark 2022-09-28T01:10:23.595-0600: 436456.706: [Finalize Marking, 0.0026028 secs] 2022-09-28T01:10:23.598-0600: 436456.708: [GC ref-proc, 0.0333060 secs] 2022-09-28T01:10:23.631-0600: 436456.742: [Unloading, 0.4085681 secs], 0.4495836 secs]
 [Times: user=0.67 sys=0.00, real=0.45 secs] 
2022-09-28T01:10:24.045-0600: 436457.156: [GC cleanup 3685M->3685M(14336M), 0.0079587 secs]
 [Times: user=0.02 sys=0.00, real=0.01 secs] 
2022-09-28T01:11:40.283-0600: 436533.394: [GC pause (G1 Evacuation Pause) (young), 0.0714491 secs]
   [Parallel Time: 7.9 ms, GC Workers: 8]
      [GC Worker Start (ms): Min: 436533393.8, Avg: 436533397.7, Max: 436533401.5, Diff: 7.7]
      [Ext Root Scanning (ms): Min: 0.0, Avg: 0.8, Max: 2.9, Diff: 2.9, Sum: 6.0]
      [Update RS (ms): Min: 0.0, Avg: 1.0, Max: 2.4, Diff: 2.4, Sum: 8.2]
         [Processed Buffers: Min: 0, Avg: 6.1, Max: 18, Diff: 18, Sum: 49]
      [Scan RS (ms): Min: 0.0, Avg: 0.0, Max: 0.1, Diff: 0.1, Sum: 0.1]
      [Code Root Scanning (ms): Min: 0.0, Avg: 0.0, Max: 0.0, Diff: 0.0, Sum: 0.0]
      [Object Copy (ms): Min: 0.0, Avg: 0.8, Max: 1.8, Diff: 1.8, Sum: 6.3]
      [Termination (ms): Min: 0.0, Avg: 1.3, Max: 1.9, Diff: 1.9, Sum: 10.1]
         [Termination Attempts: Min: 1, Avg: 3.6, Max: 10, Diff: 9, Sum: 29]
      [GC Worker Other (ms): Min: 0.0, Avg: 0.0, Max: 0.0, Diff: 0.0, Sum: 0.0]
      [GC Worker Total (ms): Min: 0.0, Avg: 3.9, Max: 7.7, Diff: 7.7, Sum: 30.9]
      [GC Worker End (ms): Min: 436533401.5, Avg: 436533401.6, Max: 436533401.7, Diff: 0.2]
   [Code Root Fixup: 0.0 ms]
   [Code Root Purge: 0.0 ms]
   [Clear CT: 0.7 ms]
   [Other: 62.9 ms]
      [Choose CSet: 0.0 ms]
      [Ref Proc: 62.5 ms]
      [Ref Enq: 0.1 ms]
      [Redirty Cards: 0.1 ms]
      [Humongous Register: 0.0 ms]
      [Humongous Reclaim: 0.0 ms]
      [Free CSet: 0.1 ms]
   [Eden: 5712.0M(5712.0M)->0.0B(5712.0M) Survivors: 16384.0K->16384.0K Heap: 9209.8M(14336.0M)->3497.5M(14336.0M)]
 [Times: user=0.11 sys=0.00, real=0.07 secs] 
2022-09-28T01:12:57.981-0600: 436611.092: [GC pause (G1 Evacuation Pause) (mixed), 0.0940123 secs]
   [Parallel Time: 21.1 ms, GC Workers: 8]
      [GC Worker Start (ms): Min: 436611092.3, Avg: 436611101.0, Max: 436611113.0, Diff: 20.7]
      [Ext Root Scanning (ms): Min: 0.0, Avg: 1.1, Max: 4.6, Diff: 4.6, Sum: 9.1]
      [Update RS (ms): Min: 0.0, Avg: 2.0, Max: 6.0, Diff: 6.0, Sum: 16.1]
         [Processed Buffers: Min: 0, Avg: 5.4, Max: 15, Diff: 15, Sum: 43]
      [Scan RS (ms): Min: 0.0, Avg: 1.3, Max: 2.6, Diff: 2.6, Sum: 10.3]
      [Code Root Scanning (ms): Min: 0.0, Avg: 0.0, Max: 0.1, Diff: 0.1, Sum: 0.1]
      [Object Copy (ms): Min: 0.0, Avg: 5.5, Max: 7.5, Diff: 7.5, Sum: 43.7]
      [Termination (ms): Min: 0.0, Avg: 2.2, Max: 2.8, Diff: 2.8, Sum: 17.7]
         [Termination Attempts: Min: 1, Avg: 1.1, Max: 2, Diff: 1, Sum: 9]
      [GC Worker Other (ms): Min: 0.0, Avg: 0.0, Max: 0.0, Diff: 0.0, Sum: 0.1]
      [GC Worker Total (ms): Min: 0.0, Avg: 12.1, Max: 21.0, Diff: 20.9, Sum: 97.2]
      [GC Worker End (ms): Min: 436611113.1, Avg: 436611113.1, Max: 436611113.3, Diff: 0.2]
   [Code Root Fixup: 0.0 ms]
   [Code Root Purge: 0.0 ms]
   [Clear CT: 0.9 ms]
   [Other: 72.0 ms]
      [Choose CSet: 0.0 ms]
      [Ref Proc: 71.3 ms]
      [Ref Enq: 0.2 ms]
      [Redirty Cards: 0.2 ms]
      [Humongous Register: 0.0 ms]
      [Humongous Reclaim: 0.0 ms]
      [Free CSet: 0.1 ms]
   [Eden: 5712.0M(5712.0M)->0.0B(5712.0M) Survivors: 16384.0K->16384.0K Heap: 9209.5M(14336.0M)->3482.8M(14336.0M)]
 [Times: user=0.32 sys=0.00, real=0.09 secs] 
2022-09-28T01:14:17.284-0600: 436690.395: [GC pause (G1 Evacuation Pause) (young), 0.0535054 secs]
   [Parallel Time: 11.0 ms, GC Workers: 8]
      [GC Worker Start (ms): Min: 436690394.9, Avg: 436690399.1, Max: 436690405.5, Diff: 10.6]
      [Ext Root Scanning (ms): Min: 0.0, Avg: 0.8, Max: 2.9, Diff: 2.9, Sum: 6.4]
      [Update RS (ms): Min: 0.0, Avg: 3.9, Max: 6.5, Diff: 6.5, Sum: 31.6]
         [Processed Buffers: Min: 0, Avg: 16.9, Max: 32, Diff: 32, Sum: 135]
      [Scan RS (ms): Min: 0.0, Avg: 0.0, Max: 0.1, Diff: 0.1, Sum: 0.2]
      [Code Root Scanning (ms): Min: 0.0, Avg: 0.0, Max: 0.0, Diff: 0.0, Sum: 0.0]
      [Object Copy (ms): Min: 0.0, Avg: 1.3, Max: 2.2, Diff: 2.2, Sum: 10.3]
      [Termination (ms): Min: 0.0, Avg: 0.6, Max: 0.9, Diff: 0.9, Sum: 4.4]
         [Termination Attempts: Min: 1, Avg: 15.6, Max: 30, Diff: 29, Sum: 125]
      [GC Worker Other (ms): Min: 0.0, Avg: 0.0, Max: 0.0, Diff: 0.0, Sum: 0.0]
      [GC Worker Total (ms): Min: 0.2, Avg: 6.6, Max: 10.9, Diff: 10.7, Sum: 52.9]
      [GC Worker End (ms): Min: 436690405.7, Avg: 436690405.7, Max: 436690405.8, Diff: 0.1]
   [Code Root Fixup: 0.0 ms]
   [Code Root Purge: 0.0 ms]
   [Clear CT: 0.7 ms]
   [Other: 41.8 ms]
      [Choose CSet: 0.0 ms]
      [Ref Proc: 41.5 ms]
      [Ref Enq: 0.1 ms]
      [Redirty Cards: 0.1 ms]
      [Humongous Register: 0.0 ms]
      [Humongous Reclaim: 0.0 ms]
      [Free CSet: 0.1 ms]
   [Eden: 5712.0M(5712.0M)->0.0B(7152.0M) Survivors: 16384.0K->16384.0K Heap: 9194.8M(14336.0M)->3492.7M(14336.0M)]
 [Times: user=0.17 sys=0.00, real=0.05 secs] 
2022-09-28T01:15:58.494-0600: 436791.605: [GC pause (G1 Evacuation Pause) (young) (initial-mark), 0.4610693 secs]
   [Parallel Time: 28.5 ms, GC Workers: 8]
      [GC Worker Start (ms): Min: 436791607.9, Avg: 436791611.8, Max: 436791615.1, Diff: 7.2]
      [Ext Root Scanning (ms): Min: 8.8, Avg: 13.6, Max: 20.7, Diff: 11.8, Sum: 108.6]
      [Update RS (ms): Min: 0.0, Avg: 1.7, Max: 6.2, Diff: 6.2, Sum: 13.4]
         [Processed Buffers: Min: 0, Avg: 6.4, Max: 18, Diff: 18, Sum: 51]
      [Scan RS (ms): Min: 0.0, Avg: 0.0, Max: 0.1, Diff: 0.1, Sum: 0.3]
      [Code Root Scanning (ms): Min: 0.0, Avg: 0.0, Max: 0.0, Diff: 0.0, Sum: 0.0]
      [Object Copy (ms): Min: 1.3, Avg: 3.2, Max: 5.7, Diff: 4.3, Sum: 25.3]
      [Termination (ms): Min: 0.0, Avg: 1.2, Max: 3.1, Diff: 3.1, Sum: 9.8]
         [Termination Attempts: Min: 1, Avg: 2.0, Max: 3, Diff: 2, Sum: 16]
      [GC Worker Other (ms): Min: 0.0, Avg: 0.0, Max: 0.0, Diff: 0.0, Sum: 0.1]
      [GC Worker Total (ms): Min: 16.3, Avg: 19.7, Max: 23.4, Diff: 7.1, Sum: 157.6]
      [GC Worker End (ms): Min: 436791631.2, Avg: 436791631.5, Max: 436791633.2, Diff: 2.0]
   [Code Root Fixup: 0.0 ms]
   [Code Root Purge: 0.0 ms]
   [Clear CT: 0.9 ms]
   [Other: 431.7 ms]
      [Choose CSet: 0.0 ms]
      [Ref Proc: 431.2 ms]
      [Ref Enq: 0.1 ms]
      [Redirty Cards: 0.0 ms]
      [Humongous Register: 0.0 ms]
      [Humongous Reclaim: 0.0 ms]
      [Free CSet: 0.1 ms]
   [Eden: 7152.0M(7152.0M)->0.0B(5712.0M) Survivors: 16384.0K->16384.0K Heap: 10644.7M(14336.0M)->3494.9M(14336.0M)]
 [Times: user=1.45 sys=0.00, real=0.46 secs] 
2022-09-28T01:15:58.955-0600: 436792.066: [GC concurrent-root-region-scan-start]
2022-09-28T01:15:58.963-0600: 436792.074: [GC concurrent-root-region-scan-end, 0.0080069 secs]
2022-09-28T01:15:58.963-0600: 436792.074: [GC concurrent-mark-start]
2022-09-28T01:16:00.300-0600: 436793.411: [GC concurrent-mark-end, 1.3369459 secs]
2022-09-28T01:16:00.300-0600: 436793.411: [GC remark 2022-09-28T01:16:00.300-0600: 436793.411: [Finalize Marking, 0.0027407 secs] 2022-09-28T01:16:00.303-0600: 436793.414: [GC ref-proc, 0.0352303 secs] 2022-09-28T01:16:00.338-0600: 436793.449: [Unloading, 0.0258860 secs], 0.0688573 secs]
 [Times: user=0.27 sys=0.00, real=0.08 secs] 
2022-09-28T01:16:00.369-0600: 436793.480: [GC cleanup 3678M->3678M(14336M), 0.0776414 secs]
 [Times: user=0.09 sys=0.00, real=0.07 secs] 
2022-09-28T01:17:18.499-0600: 436871.610: [GC pause (G1 Evacuation Pause) (young), 0.0427841 secs]
   [Parallel Time: 7.8 ms, GC Workers: 8]
      [GC Worker Start (ms): Min: 436871609.9, Avg: 436871613.5, Max: 436871617.3, Diff: 7.5]
      [Ext Root Scanning (ms): Min: 0.0, Avg: 0.8, Max: 3.1, Diff: 3.1, Sum: 6.6]
      [Update RS (ms): Min: 0.0, Avg: 0.9, Max: 2.3, Diff: 2.3, Sum: 7.5]
         [Processed Buffers: Min: 0, Avg: 5.2, Max: 20, Diff: 20, Sum: 42]
      [Scan RS (ms): Min: 0.0, Avg: 0.0, Max: 0.1, Diff: 0.1, Sum: 0.2]
      [Code Root Scanning (ms): Min: 0.0, Avg: 0.0, Max: 0.0, Diff: 0.0, Sum: 0.0]
      [Object Copy (ms): Min: 0.0, Avg: 0.9, Max: 1.8, Diff: 1.8, Sum: 7.0]
      [Termination (ms): Min: 0.0, Avg: 1.2, Max: 1.9, Diff: 1.9, Sum: 9.3]
         [Termination Attempts: Min: 1, Avg: 2.6, Max: 7, Diff: 6, Sum: 21]
      [GC Worker Other (ms): Min: 0.0, Avg: 0.0, Max: 0.0, Diff: 0.0, Sum: 0.0]
      [GC Worker Total (ms): Min: 0.0, Avg: 3.8, Max: 7.5, Diff: 7.5, Sum: 30.6]
      [GC Worker End (ms): Min: 436871617.3, Avg: 436871617.4, Max: 436871617.5, Diff: 0.1]
   [Code Root Fixup: 0.0 ms]
   [Code Root Purge: 0.0 ms]
   [Clear CT: 0.6 ms]
   [Other: 34.4 ms]
      [Choose CSet: 0.0 ms]
      [Ref Proc: 34.0 ms]
      [Ref Enq: 0.1 ms]
      [Redirty Cards: 0.1 ms]
      [Humongous Register: 0.0 ms]
      [Humongous Reclaim: 0.0 ms]
      [Free CSet: 0.1 ms]
   [Eden: 5712.0M(5712.0M)->0.0B(5712.0M) Survivors: 16384.0K->16384.0K Heap: 9206.9M(14336.0M)->3494.4M(14336.0M)]
 [Times: user=0.13 sys=0.00, real=0.05 secs] 
2022-09-28T01:18:37.824-0600: 436950.935: [GC pause (G1 Evacuation Pause) (mixed), 0.0435884 secs]
   [Parallel Time: 13.0 ms, GC Workers: 8]
      [GC Worker Start (ms): Min: 436950935.3, Avg: 436950940.5, Max: 436950948.2, Diff: 12.9]
      [Ext Root Scanning (ms): Min: 0.0, Avg: 0.9, Max: 3.3, Diff: 3.3, Sum: 6.9]
      [Update RS (ms): Min: 0.0, Avg: 1.0, Max: 2.5, Diff: 2.5, Sum: 8.0]
         [Processed Buffers: Min: 0, Avg: 5.5, Max: 12, Diff: 12, Sum: 44]
      [Scan RS (ms): Min: 0.0, Avg: 0.9, Max: 1.4, Diff: 1.4, Sum: 6.8]
      [Code Root Scanning (ms): Min: 0.0, Avg: 0.0, Max: 0.0, Diff: 0.0, Sum: 0.1]
      [Object Copy (ms): Min: 0.0, Avg: 4.5, Max: 6.7, Diff: 6.7, Sum: 36.3]
      [Termination (ms): Min: 0.0, Avg: 0.5, Max: 0.6, Diff: 0.6, Sum: 3.7]
         [Termination Attempts: Min: 1, Avg: 5.6, Max: 11, Diff: 10, Sum: 45]
      [GC Worker Other (ms): Min: 0.0, Avg: 0.0, Max: 0.0, Diff: 0.0, Sum: 0.0]
      [GC Worker Total (ms): Min: 0.0, Avg: 7.7, Max: 12.9, Diff: 12.9, Sum: 61.8]
      [GC Worker End (ms): Min: 436950948.2, Avg: 436950948.2, Max: 436950948.3, Diff: 0.0]
   [Code Root Fixup: 0.0 ms]
   [Code Root Purge: 0.0 ms]
   [Clear CT: 0.8 ms]
   [Other: 29.8 ms]
      [Choose CSet: 0.0 ms]
      [Ref Proc: 29.4 ms]
      [Ref Enq: 0.1 ms]
      [Redirty Cards: 0.1 ms]
      [Humongous Register: 0.0 ms]
      [Humongous Reclaim: 0.0 ms]
      [Free CSet: 0.1 ms]
   [Eden: 5712.0M(5712.0M)->0.0B(5712.0M) Survivors: 16384.0K->16384.0K Heap: 9206.4M(14336.0M)->3482.7M(14336.0M)]
 [Times: user=0.17 sys=0.00, real=0.04 secs] 
2022-09-28T01:19:58.727-0600: 437031.838: [GC pause (G1 Evacuation Pause) (young), 0.2431162 secs]
   [Parallel Time: 90.5 ms, GC Workers: 8]
      [GC Worker Start (ms): Min: 437031916.5, Avg: 437031922.2, Max: 437031928.5, Diff: 12.0]
      [Ext Root Scanning (ms): Min: 0.0, Avg: 0.8, Max: 3.5, Diff: 3.5, Sum: 6.6]
      [Update RS (ms): Min: 0.0, Avg: 3.5, Max: 5.7, Diff: 5.7, Sum: 27.8]
         [Processed Buffers: Min: 0, Avg: 18.4, Max: 37, Diff: 37, Sum: 147]
      [Scan RS (ms): Min: 0.0, Avg: 0.0, Max: 0.0, Diff: 0.0, Sum: 0.2]
      [Code Root Scanning (ms): Min: 0.0, Avg: 0.0, Max: 0.0, Diff: 0.0, Sum: 0.0]
      [Object Copy (ms): Min: 0.0, Avg: 1.1, Max: 1.8, Diff: 1.8, Sum: 8.6]
      [Termination (ms): Min: 0.0, Avg: 0.9, Max: 1.3, Diff: 1.3, Sum: 7.4]
         [Termination Attempts: Min: 1, Avg: 4.5, Max: 14, Diff: 13, Sum: 36]
      [GC Worker Other (ms): Min: 0.0, Avg: 0.0, Max: 0.0, Diff: 0.0, Sum: 0.0]
      [GC Worker Total (ms): Min: 0.0, Avg: 6.3, Max: 12.1, Diff: 12.0, Sum: 50.7]
      [GC Worker End (ms): Min: 437031928.5, Avg: 437031928.6, Max: 437031928.6, Diff: 0.1]
   [Code Root Fixup: 0.0 ms]
   [Code Root Purge: 0.0 ms]
   [Clear CT: 0.8 ms]
   [Other: 151.8 ms]
      [Choose CSet: 0.0 ms]
      [Ref Proc: 151.4 ms]
      [Ref Enq: 0.1 ms]
      [Redirty Cards: 0.1 ms]
      [Humongous Register: 0.0 ms]
      [Humongous Reclaim: 0.0 ms]
      [Free CSet: 0.1 ms]
   [Eden: 5712.0M(5712.0M)->0.0B(5712.0M) Survivors: 16384.0K->16384.0K Heap: 9194.7M(14336.0M)->3490.2M(14336.0M)]
 [Times: user=0.89 sys=0.00, real=0.25 secs] 
2022-09-28T01:21:18.859-0600: 437111.970: [GC pause (G1 Evacuation Pause) (young) (initial-mark), 0.0396120 secs]
   [Parallel Time: 14.5 ms, GC Workers: 8]
      [GC Worker Start (ms): Min: 437111971.4, Avg: 437111973.8, Max: 437111974.7, Diff: 3.3]
      [Ext Root Scanning (ms): Min: 2.3, Avg: 6.6, Max: 9.7, Diff: 7.4, Sum: 52.6]
      [Update RS (ms): Min: 0.0, Avg: 1.1, Max: 2.4, Diff: 2.4, Sum: 9.1]
         [Processed Buffers: Min: 0, Avg: 6.2, Max: 23, Diff: 23, Sum: 50]
      [Scan RS (ms): Min: 0.0, Avg: 0.0, Max: 0.1, Diff: 0.1, Sum: 0.2]
      [Code Root Scanning (ms): Min: 0.0, Avg: 0.0, Max: 0.0, Diff: 0.0, Sum: 0.0]
      [Object Copy (ms): Min: 0.0, Avg: 0.9, Max: 2.0, Diff: 2.0, Sum: 7.3]
      [Termination (ms): Min: 0.0, Avg: 1.9, Max: 3.5, Diff: 3.5, Sum: 15.5]
         [Termination Attempts: Min: 1, Avg: 2.4, Max: 6, Diff: 5, Sum: 19]
      [GC Worker Other (ms): Min: 0.0, Avg: 0.0, Max: 0.0, Diff: 0.0, Sum: 0.0]
      [GC Worker Total (ms): Min: 9.7, Avg: 10.6, Max: 13.0, Diff: 3.3, Sum: 84.8]
      [GC Worker End (ms): Min: 437111984.3, Avg: 437111984.4, Max: 437111984.5, Diff: 0.2]
   [Code Root Fixup: 0.0 ms]
   [Code Root Purge: 0.0 ms]
   [Clear CT: 0.7 ms]
   [Other: 24.3 ms]
      [Choose CSet: 0.0 ms]
      [Ref Proc: 24.0 ms]
      [Ref Enq: 0.1 ms]
      [Redirty Cards: 0.1 ms]
      [Humongous Register: 0.0 ms]
      [Humongous Reclaim: 0.0 ms]
      [Free CSet: 0.1 ms]
   [Eden: 5712.0M(5712.0M)->0.0B(7152.0M) Survivors: 16384.0K->16384.0K Heap: 9202.2M(14336.0M)->3491.2M(14336.0M)]
 [Times: user=0.13 sys=0.00, real=0.04 secs] 
2022-09-28T01:21:18.899-0600: 437112.010: [GC concurrent-root-region-scan-start]
2022-09-28T01:21:18.904-0600: 437112.015: [GC concurrent-root-region-scan-end, 0.0053906 secs]
2022-09-28T01:21:18.904-0600: 437112.015: [GC concurrent-mark-start]
2022-09-28T01:21:20.248-0600: 437113.359: [GC concurrent-mark-end, 1.3441146 secs]
2022-09-28T01:21:20.248-0600: 437113.359: [GC remark 2022-09-28T01:21:20.248-0600: 437113.359: [Finalize Marking, 0.0029297 secs] 2022-09-28T01:21:20.251-0600: 437113.362: [GC ref-proc, 0.0320660 secs] 2022-09-28T01:21:20.283-0600: 437113.394: [Unloading, 0.0264865 secs], 0.0665629 secs]
 [Times: user=0.25 sys=0.00, real=0.06 secs] 
2022-09-28T01:21:20.315-0600: 437113.426: [GC cleanup 3595M->3595M(14336M), 0.0093498 secs]
 [Times: user=0.02 sys=0.00, real=0.01 secs] 
2022-09-28T01:22:56.427-0600: 437209.538: [GC pause (G1 Evacuation Pause) (young), 0.1463346 secs]
   [Parallel Time: 7.5 ms, GC Workers: 8]
      [GC Worker Start (ms): Min: 437209538.4, Avg: 437209541.2, Max: 437209545.6, Diff: 7.3]
      [Ext Root Scanning (ms): Min: 0.0, Avg: 1.0, Max: 3.2, Diff: 3.2, Sum: 7.9]
      [Update RS (ms): Min: 0.0, Avg: 1.2, Max: 2.3, Diff: 2.3, Sum: 9.3]
         [Processed Buffers: Min: 0, Avg: 6.0, Max: 16, Diff: 16, Sum: 48]
      [Scan RS (ms): Min: 0.0, Avg: 0.0, Max: 0.1, Diff: 0.1, Sum: 0.2]
      [Code Root Scanning (ms): Min: 0.0, Avg: 0.0, Max: 0.0, Diff: 0.0, Sum: 0.0]
      [Object Copy (ms): Min: 0.0, Avg: 1.5, Max: 2.5, Diff: 2.5, Sum: 11.9]
      [Termination (ms): Min: 0.0, Avg: 0.9, Max: 1.2, Diff: 1.2, Sum: 6.9]
         [Termination Attempts: Min: 1, Avg: 7.1, Max: 17, Diff: 16, Sum: 57]
      [GC Worker Other (ms): Min: 0.0, Avg: 0.0, Max: 0.0, Diff: 0.0, Sum: 0.0]
      [GC Worker Total (ms): Min: 0.0, Avg: 4.5, Max: 7.3, Diff: 7.3, Sum: 36.2]
      [GC Worker End (ms): Min: 437209545.6, Avg: 437209545.7, Max: 437209545.7, Diff: 0.1]
   [Code Root Fixup: 0.0 ms]
   [Code Root Purge: 0.0 ms]
   [Clear CT: 0.7 ms]
   [Other: 138.0 ms]
      [Choose CSet: 0.0 ms]
      [Ref Proc: 137.6 ms]
      [Ref Enq: 0.1 ms]
      [Redirty Cards: 0.1 ms]
      [Humongous Register: 0.0 ms]
      [Humongous Reclaim: 0.0 ms]
      [Free CSet: 0.1 ms]
   [Eden: 7152.0M(7152.0M)->0.0B(5712.0M) Survivors: 16384.0K->16384.0K Heap: 10643.2M(14336.0M)->3495.5M(14336.0M)]
 [Times: user=0.63 sys=0.00, real=0.15 secs] 
2022-09-28T01:24:14.659-0600: 437287.770: [GC pause (G1 Evacuation Pause) (mixed), 0.5081522 secs]
   [Parallel Time: 13.8 ms, GC Workers: 8]
      [GC Worker Start (ms): Min: 437287770.3, Avg: 437287773.6, Max: 437287775.4, Diff: 5.1]
      [Ext Root Scanning (ms): Min: 0.0, Avg: 0.8, Max: 3.3, Diff: 3.3, Sum: 6.7]
      [Update RS (ms): Min: 0.2, Avg: 4.4, Max: 10.2, Diff: 10.0, Sum: 35.0]
         [Processed Buffers: Min: 1, Avg: 5.6, Max: 15, Diff: 14, Sum: 45]
      [Scan RS (ms): Min: 0.0, Avg: 0.7, Max: 1.6, Diff: 1.6, Sum: 6.0]
      [Code Root Scanning (ms): Min: 0.0, Avg: 0.0, Max: 0.0, Diff: 0.0, Sum: 0.1]
      [Object Copy (ms): Min: 0.0, Avg: 3.7, Max: 6.0, Diff: 6.0, Sum: 29.5]
      [Termination (ms): Min: 0.0, Avg: 0.7, Max: 0.9, Diff: 0.9, Sum: 5.5]
         [Termination Attempts: Min: 1, Avg: 20.0, Max: 42, Diff: 41, Sum: 160]
      [GC Worker Other (ms): Min: 0.0, Avg: 0.0, Max: 0.0, Diff: 0.0, Sum: 0.1]
      [GC Worker Total (ms): Min: 8.6, Avg: 10.3, Max: 13.7, Diff: 5.1, Sum: 82.8]
      [GC Worker End (ms): Min: 437287783.9, Avg: 437287784.0, Max: 437287784.0, Diff: 0.0]
   [Code Root Fixup: 0.0 ms]
   [Code Root Purge: 0.0 ms]
   [Clear CT: 0.8 ms]
   [Other: 493.5 ms]
      [Choose CSet: 0.0 ms]
      [Ref Proc: 493.1 ms]
      [Ref Enq: 0.1 ms]
      [Redirty Cards: 0.1 ms]
      [Humongous Register: 0.0 ms]
      [Humongous Reclaim: 0.0 ms]
      [Free CSet: 0.1 ms]
   [Eden: 5712.0M(5712.0M)->0.0B(5712.0M) Survivors: 16384.0K->16384.0K Heap: 9207.5M(14336.0M)->3479.6M(14336.0M)]
 [Times: user=2.97 sys=0.00, real=0.51 secs] 
2022-09-28T01:25:34.320-0600: 437367.431: [GC pause (G1 Evacuation Pause) (young), 0.1389019 secs]
   [Parallel Time: 22.6 ms, GC Workers: 8]
      [GC Worker Start (ms): Min: 437367430.7, Avg: 437367440.1, Max: 437367447.3, Diff: 16.5]
      [Ext Root Scanning (ms): Min: 0.0, Avg: 0.9, Max: 3.8, Diff: 3.8, Sum: 7.2]
      [Update RS (ms): Min: 0.0, Avg: 4.9, Max: 18.5, Diff: 18.5, Sum: 39.0]
         [Processed Buffers: Min: 0, Avg: 20.1, Max: 73, Diff: 73, Sum: 161]
      [Scan RS (ms): Min: 0.0, Avg: 0.0, Max: 0.1, Diff: 0.1, Sum: 0.2]
      [Code Root Scanning (ms): Min: 0.0, Avg: 0.0, Max: 0.0, Diff: 0.0, Sum: 0.0]
      [Object Copy (ms): Min: 0.0, Avg: 1.1, Max: 2.6, Diff: 2.6, Sum: 8.4]
      [Termination (ms): Min: 0.0, Avg: 6.2, Max: 7.7, Diff: 7.7, Sum: 49.8]
         [Termination Attempts: Min: 1, Avg: 8.9, Max: 25, Diff: 24, Sum: 71]
      [GC Worker Other (ms): Min: 0.0, Avg: 0.0, Max: 0.0, Diff: 0.0, Sum: 0.1]
      [GC Worker Total (ms): Min: 5.8, Avg: 13.1, Max: 22.4, Diff: 16.5, Sum: 104.6]
      [GC Worker End (ms): Min: 437367453.1, Avg: 437367453.1, Max: 437367453.2, Diff: 0.1]
   [Code Root Fixup: 0.0 ms]
   [Code Root Purge: 0.0 ms]
   [Clear CT: 0.6 ms]
   [Other: 115.7 ms]
      [Choose CSet: 0.0 ms]
      [Ref Proc: 115.3 ms]
      [Ref Enq: 0.1 ms]
      [Redirty Cards: 0.1 ms]
      [Humongous Register: 0.0 ms]
      [Humongous Reclaim: 0.0 ms]
      [Free CSet: 0.1 ms]
   [Eden: 5712.0M(5712.0M)->0.0B(5712.0M) Survivors: 16384.0K->16384.0K Heap: 9191.6M(14336.0M)->3488.4M(14336.0M)]
 [Times: user=0.16 sys=0.00, real=0.14 secs] 
2022-09-28T01:26:54.232-0600: 437447.343: [GC pause (G1 Evacuation Pause) (young) (initial-mark), 0.0352183 secs]
   [Parallel Time: 11.8 ms, GC Workers: 8]
      [GC Worker Start (ms): Min: 437447344.2, Avg: 437447345.8, Max: 437447346.7, Diff: 2.5]
      [Ext Root Scanning (ms): Min: 2.2, Avg: 5.7, Max: 7.8, Diff: 5.6, Sum: 45.3]
      [Update RS (ms): Min: 0.0, Avg: 0.9, Max: 2.0, Diff: 2.0, Sum: 7.4]
         [Processed Buffers: Min: 0, Avg: 5.0, Max: 13, Diff: 13, Sum: 40]
      [Scan RS (ms): Min: 0.0, Avg: 0.0, Max: 0.1, Diff: 0.1, Sum: 0.2]
      [Code Root Scanning (ms): Min: 0.0, Avg: 0.0, Max: 0.0, Diff: 0.0, Sum: 0.0]
      [Object Copy (ms): Min: 0.0, Avg: 1.0, Max: 2.1, Diff: 2.1, Sum: 7.8]
      [Termination (ms): Min: 0.0, Avg: 1.2, Max: 2.0, Diff: 2.0, Sum: 9.4]
         [Termination Attempts: Min: 1, Avg: 2.1, Max: 6, Diff: 5, Sum: 17]
      [GC Worker Other (ms): Min: 0.0, Avg: 0.0, Max: 0.0, Diff: 0.0, Sum: 0.0]
      [GC Worker Total (ms): Min: 7.8, Avg: 8.8, Max: 10.4, Diff: 2.7, Sum: 70.1]
      [GC Worker End (ms): Min: 437447354.5, Avg: 437447354.5, Max: 437447354.6, Diff: 0.1]
   [Code Root Fixup: 0.0 ms]
   [Code Root Purge: 0.0 ms]
   [Clear CT: 0.7 ms]
   [Other: 22.7 ms]
      [Choose CSet: 0.0 ms]
      [Ref Proc: 22.4 ms]
      [Ref Enq: 0.1 ms]
      [Redirty Cards: 0.1 ms]
      [Humongous Register: 0.0 ms]
      [Humongous Reclaim: 0.0 ms]
      [Free CSet: 0.1 ms]
   [Eden: 5712.0M(5712.0M)->0.0B(5712.0M) Survivors: 16384.0K->16384.0K Heap: 9200.4M(14336.0M)->3489.5M(14336.0M)]
 [Times: user=0.11 sys=0.00, real=0.03 secs] 
2022-09-28T01:26:54.267-0600: 437447.378: [GC concurrent-root-region-scan-start]
2022-09-28T01:26:54.273-0600: 437447.384: [GC concurrent-root-region-scan-end, 0.0054015 secs]
2022-09-28T01:26:54.273-0600: 437447.384: [GC concurrent-mark-start]
2022-09-28T01:26:55.601-0600: 437448.712: [GC concurrent-mark-end, 1.3286159 secs]
2022-09-28T01:26:55.601-0600: 437448.712: [GC remark 2022-09-28T01:26:55.601-0600: 437448.712: [Finalize Marking, 0.0029808 secs] 2022-09-28T01:26:55.604-0600: 437448.715: [GC ref-proc, 0.0299361 secs] 2022-09-28T01:26:55.634-0600: 437448.745: [Unloading, 0.0265728 secs], 0.0684145 secs]
 [Times: user=0.25 sys=0.00, real=0.07 secs] 
2022-09-28T01:26:55.670-0600: 437448.781: [GC cleanup 3596M->3596M(14336M), 0.0176138 secs]
 [Times: user=0.02 sys=0.00, real=0.01 secs] 
2022-09-28T01:28:12.545-0600: 437525.656: [GC pause (G1 Evacuation Pause) (young), 0.0670809 secs]
   [Parallel Time: 23.1 ms, GC Workers: 8]
      [GC Worker Start (ms): Min: 437525656.0, Avg: 437525659.7, Max: 437525663.4, Diff: 7.4]
      [Ext Root Scanning (ms): Min: 0.0, Avg: 1.1, Max: 3.6, Diff: 3.6, Sum: 8.5]
      [Update RS (ms): Min: 1.8, Avg: 5.9, Max: 17.4, Diff: 15.6, Sum: 47.1]
         [Processed Buffers: Min: 3, Avg: 5.5, Max: 11, Diff: 8, Sum: 44]
      [Scan RS (ms): Min: 0.0, Avg: 0.1, Max: 0.2, Diff: 0.1, Sum: 0.8]
      [Code Root Scanning (ms): Min: 0.0, Avg: 0.0, Max: 0.0, Diff: 0.0, Sum: 0.1]
      [Object Copy (ms): Min: 0.4, Avg: 6.7, Max: 8.3, Diff: 7.9, Sum: 53.6]
      [Termination (ms): Min: 0.0, Avg: 3.3, Max: 4.6, Diff: 4.6, Sum: 26.1]
         [Termination Attempts: Min: 1, Avg: 42.1, Max: 64, Diff: 63, Sum: 337]
      [GC Worker Other (ms): Min: 0.0, Avg: 0.0, Max: 0.1, Diff: 0.1, Sum: 0.3]
      [GC Worker Total (ms): Min: 13.4, Avg: 17.1, Max: 20.7, Diff: 7.3, Sum: 136.4]
      [GC Worker End (ms): Min: 437525676.7, Avg: 437525676.7, Max: 437525676.8, Diff: 0.1]
   [Code Root Fixup: 0.0 ms]
   [Code Root Purge: 0.0 ms]
   [Clear CT: 0.6 ms]
   [Other: 43.4 ms]
      [Choose CSet: 0.0 ms]
      [Ref Proc: 43.0 ms]
      [Ref Enq: 0.1 ms]
      [Redirty Cards: 0.1 ms]
      [Humongous Register: 0.0 ms]
      [Humongous Reclaim: 0.0 ms]
      [Free CSet: 0.1 ms]
   [Eden: 5712.0M(5712.0M)->0.0B(5712.0M) Survivors: 16384.0K->16384.0K Heap: 9201.5M(14336.0M)->3491.6M(14336.0M)]
 [Times: user=0.30 sys=0.00, real=0.07 secs] 
2022-09-28T01:29:33.084-0600: 437606.195: [GC pause (G1 Evacuation Pause) (mixed), 0.1541950 secs]
   [Parallel Time: 128.7 ms, GC Workers: 8]
      [GC Worker Start (ms): Min: 437606194.6, Avg: 437606258.8, Max: 437606323.2, Diff: 128.5]
      [Ext Root Scanning (ms): Min: 0.0, Avg: 0.9, Max: 3.6, Diff: 3.6, Sum: 7.0]
      [Update RS (ms): Min: 0.0, Avg: 0.9, Max: 2.4, Diff: 2.4, Sum: 7.2]
         [Processed Buffers: Min: 0, Avg: 5.4, Max: 12, Diff: 12, Sum: 43]
      [Scan RS (ms): Min: 0.0, Avg: 0.8, Max: 1.6, Diff: 1.6, Sum: 6.3]
      [Code Root Scanning (ms): Min: 0.0, Avg: 0.0, Max: 0.1, Diff: 0.1, Sum: 0.1]
      [Object Copy (ms): Min: 0.0, Avg: 3.3, Max: 6.6, Diff: 6.6, Sum: 26.3]
      [Termination (ms): Min: 0.0, Avg: 58.6, Max: 116.5, Diff: 116.5, Sum: 468.8]
         [Termination Attempts: Min: 1, Avg: 6.4, Max: 22, Diff: 21, Sum: 51]
      [GC Worker Other (ms): Min: 0.0, Avg: 0.0, Max: 0.0, Diff: 0.0, Sum: 0.0]
      [GC Worker Total (ms): Min: 0.0, Avg: 64.4, Max: 128.6, Diff: 128.6, Sum: 515.6]
      [GC Worker End (ms): Min: 437606323.2, Avg: 437606323.2, Max: 437606323.2, Diff: 0.1]
   [Code Root Fixup: 0.0 ms]
   [Code Root Purge: 0.0 ms]
   [Clear CT: 0.8 ms]
   [Other: 24.7 ms]
      [Choose CSet: 0.0 ms]
      [Ref Proc: 24.2 ms]
      [Ref Enq: 0.1 ms]
      [Redirty Cards: 0.1 ms]
      [Humongous Register: 0.0 ms]
      [Humongous Reclaim: 0.0 ms]
      [Free CSet: 0.1 ms]
   [Eden: 5712.0M(5712.0M)->0.0B(7152.0M) Survivors: 16384.0K->16384.0K Heap: 9203.6M(14336.0M)->3478.8M(14336.0M)]
 [Times: user=0.59 sys=0.00, real=0.15 secs] 
2022-09-28T01:31:11.443-0600: 437704.553: [GC pause (G1 Evacuation Pause) (young), 0.0797663 secs]
   [Parallel Time: 45.1 ms, GC Workers: 8]
      [GC Worker Start (ms): Min: 437704553.6, Avg: 437704558.1, Max: 437704567.2, Diff: 13.6]
      [Ext Root Scanning (ms): Min: 0.0, Avg: 2.7, Max: 7.6, Diff: 7.6, Sum: 21.5]
      [Update RS (ms): Min: 12.0, Avg: 18.5, Max: 21.3, Diff: 9.2, Sum: 147.7]
         [Processed Buffers: Min: 14, Avg: 20.0, Max: 26, Diff: 12, Sum: 160]
      [Scan RS (ms): Min: 0.0, Avg: 0.1, Max: 0.2, Diff: 0.2, Sum: 0.8]
      [Code Root Scanning (ms): Min: 0.0, Avg: 0.0, Max: 0.0, Diff: 0.0, Sum: 0.1]
      [Object Copy (ms): Min: 3.3, Avg: 5.2, Max: 16.8, Diff: 13.6, Sum: 41.3]
      [Termination (ms): Min: 0.0, Avg: 11.7, Max: 13.8, Diff: 13.8, Sum: 93.4]
         [Termination Attempts: Min: 1, Avg: 2.2, Max: 4, Diff: 3, Sum: 18]
      [GC Worker Other (ms): Min: 0.0, Avg: 0.0, Max: 0.0, Diff: 0.0, Sum: 0.1]
      [GC Worker Total (ms): Min: 28.9, Avg: 38.1, Max: 42.6, Diff: 13.7, Sum: 305.0]
      [GC Worker End (ms): Min: 437704596.1, Avg: 437704596.3, Max: 437704596.7, Diff: 0.6]
   [Code Root Fixup: 0.0 ms]
   [Code Root Purge: 0.0 ms]
   [Clear CT: 1.0 ms]
   [Other: 33.7 ms]
      [Choose CSet: 0.0 ms]
      [Ref Proc: 33.2 ms]
      [Ref Enq: 0.1 ms]
      [Redirty Cards: 0.1 ms]
      [Humongous Register: 0.0 ms]
      [Humongous Reclaim: 0.0 ms]
      [Free CSet: 0.1 ms]
   [Eden: 7152.0M(7152.0M)->0.0B(7152.0M) Survivors: 16384.0K->16384.0K Heap: 10630.8M(14336.0M)->3493.5M(14336.0M)]
 [Times: user=0.44 sys=0.00, real=0.08 secs] 
2022-09-28T01:32:48.630-0600: 437801.740: [GC pause (G1 Evacuation Pause) (young) (initial-mark), 0.0557823 secs]
   [Parallel Time: 15.9 ms, GC Workers: 8]
      [GC Worker Start (ms): Min: 437801741.9, Avg: 437801745.0, Max: 437801745.8, Diff: 3.9]
      [Ext Root Scanning (ms): Min: 2.3, Avg: 6.5, Max: 10.4, Diff: 8.1, Sum: 51.8]
      [Update RS (ms): Min: 0.0, Avg: 1.2, Max: 2.4, Diff: 2.4, Sum: 9.4]
         [Processed Buffers: Min: 0, Avg: 5.5, Max: 16, Diff: 16, Sum: 44]
      [Scan RS (ms): Min: 0.0, Avg: 0.0, Max: 0.1, Diff: 0.1, Sum: 0.2]
      [Code Root Scanning (ms): Min: 0.0, Avg: 0.0, Max: 0.0, Diff: 0.0, Sum: 0.0]
      [Object Copy (ms): Min: 0.0, Avg: 1.2, Max: 2.5, Diff: 2.5, Sum: 9.7]
      [Termination (ms): Min: 0.0, Avg: 2.4, Max: 3.5, Diff: 3.5, Sum: 19.1]
         [Termination Attempts: Min: 1, Avg: 1.0, Max: 1, Diff: 0, Sum: 8]
      [GC Worker Other (ms): Min: 0.0, Avg: 0.0, Max: 0.0, Diff: 0.0, Sum: 0.0]
      [GC Worker Total (ms): Min: 10.4, Avg: 11.3, Max: 14.4, Diff: 3.9, Sum: 90.4]
      [GC Worker End (ms): Min: 437801756.2, Avg: 437801756.3, Max: 437801756.3, Diff: 0.1]
   [Code Root Fixup: 0.0 ms]
   [Code Root Purge: 0.0 ms]
   [Clear CT: 0.8 ms]
   [Other: 39.1 ms]
      [Choose CSet: 0.0 ms]
      [Ref Proc: 38.7 ms]
      [Ref Enq: 0.1 ms]
      [Redirty Cards: 0.1 ms]
      [Humongous Register: 0.0 ms]
      [Humongous Reclaim: 0.0 ms]
      [Free CSet: 0.1 ms]
   [Eden: 7152.0M(7152.0M)->0.0B(7152.0M) Survivors: 16384.0K->16384.0K Heap: 10645.5M(14336.0M)->3496.1M(14336.0M)]
 [Times: user=0.16 sys=0.00, real=0.05 secs] 
2022-09-28T01:32:48.685-0600: 437801.796: [GC concurrent-root-region-scan-start]
2022-09-28T01:32:48.692-0600: 437801.803: [GC concurrent-root-region-scan-end, 0.0065448 secs]
2022-09-28T01:32:48.692-0600: 437801.803: [GC concurrent-mark-start]
2022-09-28T01:32:50.088-0600: 437803.199: [GC concurrent-mark-end, 1.3956298 secs]
2022-09-28T01:32:50.101-0600: 437803.212: [GC remark 2022-09-28T01:32:50.101-0600: 437803.212: [Finalize Marking, 0.0084988 secs] 2022-09-28T01:32:50.110-0600: 437803.221: [GC ref-proc, 0.4347762 secs] 2022-09-28T01:32:50.545-0600: 437803.656: [Unloading, 0.0257448 secs], 0.4736162 secs]
 [Times: user=0.41 sys=0.00, real=0.47 secs] 
2022-09-28T01:32:50.575-0600: 437803.686: [GC cleanup 3624M->3624M(14336M), 0.0113730 secs]
 [Times: user=0.02 sys=0.00, real=0.01 secs] 
2022-09-28T01:34:29.839-0600: 437902.950: [GC pause (G1 Evacuation Pause) (young), 0.0309342 secs]
   [Parallel Time: 6.6 ms, GC Workers: 8]
      [GC Worker Start (ms): Min: 437902950.2, Avg: 437902951.8, Max: 437902955.2, Diff: 5.0]
      [Ext Root Scanning (ms): Min: 0.0, Avg: 1.0, Max: 3.4, Diff: 3.4, Sum: 7.6]
      [Update RS (ms): Min: 0.0, Avg: 1.1, Max: 1.9, Diff: 1.9, Sum: 9.0]
         [Processed Buffers: Min: 0, Avg: 5.5, Max: 18, Diff: 18, Sum: 44]
      [Scan RS (ms): Min: 0.0, Avg: 0.0, Max: 0.1, Diff: 0.1, Sum: 0.2]
      [Code Root Scanning (ms): Min: 0.0, Avg: 0.0, Max: 0.0, Diff: 0.0, Sum: 0.0]
      [Object Copy (ms): Min: 0.0, Avg: 1.4, Max: 2.9, Diff: 2.8, Sum: 11.5]
      [Termination (ms): Min: 0.0, Avg: 1.1, Max: 1.4, Diff: 1.4, Sum: 9.1]
         [Termination Attempts: Min: 1, Avg: 1.1, Max: 2, Diff: 1, Sum: 9]
      [GC Worker Other (ms): Min: 0.0, Avg: 0.0, Max: 0.0, Diff: 0.0, Sum: 0.0]
      [GC Worker Total (ms): Min: 1.3, Avg: 4.7, Max: 6.3, Diff: 5.0, Sum: 37.5]
      [GC Worker End (ms): Min: 437902956.5, Avg: 437902956.5, Max: 437902956.6, Diff: 0.2]
   [Code Root Fixup: 0.0 ms]
   [Code Root Purge: 0.0 ms]
   [Clear CT: 1.0 ms]
   [Other: 23.4 ms]
      [Choose CSet: 0.0 ms]
      [Ref Proc: 22.9 ms]
      [Ref Enq: 0.1 ms]
      [Redirty Cards: 0.1 ms]
      [Humongous Register: 0.0 ms]
      [Humongous Reclaim: 0.0 ms]
      [Free CSet: 0.2 ms]
   [Eden: 7152.0M(7152.0M)->0.0B(5712.0M) Survivors: 16384.0K->16384.0K Heap: 10648.1M(14336.0M)->3500.1M(14336.0M)]
 [Times: user=0.10 sys=0.00, real=0.04 secs] 
2022-09-28T01:35:50.931-0600: 437984.042: [GC pause (G1 Evacuation Pause) (mixed), 0.1216570 secs]
   [Parallel Time: 80.2 ms, GC Workers: 8]
      [GC Worker Start (ms): Min: 437984042.0, Avg: 437984091.5, Max: 437984122.0, Diff: 80.0]
      [Ext Root Scanning (ms): Min: 0.0, Avg: 0.9, Max: 3.1, Diff: 3.1, Sum: 7.0]
      [Update RS (ms): Min: 0.0, Avg: 1.0, Max: 2.7, Diff: 2.7, Sum: 7.9]
         [Processed Buffers: Min: 0, Avg: 6.0, Max: 18, Diff: 18, Sum: 48]
      [Scan RS (ms): Min: 0.0, Avg: 0.8, Max: 2.0, Diff: 2.0, Sum: 6.1]
      [Code Root Scanning (ms): Min: 0.0, Avg: 0.0, Max: 0.0, Diff: 0.0, Sum: 0.0]
      [Object Copy (ms): Min: 0.0, Avg: 3.0, Max: 8.1, Diff: 8.1, Sum: 24.0]
      [Termination (ms): Min: 0.0, Avg: 24.9, Max: 64.7, Diff: 64.7, Sum: 199.3]
         [Termination Attempts: Min: 1, Avg: 2.9, Max: 10, Diff: 9, Sum: 23]
      [GC Worker Other (ms): Min: 0.0, Avg: 0.0, Max: 0.0, Diff: 0.0, Sum: 0.0]
      [GC Worker Total (ms): Min: 0.0, Avg: 30.6, Max: 80.1, Diff: 80.1, Sum: 244.5]
      [GC Worker End (ms): Min: 437984122.1, Avg: 437984122.1, Max: 437984122.2, Diff: 0.1]
   [Code Root Fixup: 0.0 ms]
   [Code Root Purge: 0.0 ms]
   [Clear CT: 0.8 ms]
   [Other: 40.6 ms]
      [Choose CSet: 0.0 ms]
      [Ref Proc: 40.1 ms]
      [Ref Enq: 0.1 ms]
      [Redirty Cards: 0.1 ms]
      [Humongous Register: 0.0 ms]
      [Humongous Reclaim: 0.0 ms]
      [Free CSet: 0.1 ms]
   [Eden: 5712.0M(5712.0M)->0.0B(7152.0M) Survivors: 16384.0K->16384.0K Heap: 9212.1M(14336.0M)->3482.8M(14336.0M)]
 [Times: user=0.44 sys=0.00, real=0.12 secs] 
2022-09-28T01:37:31.280-0600: 438084.391: [GC pause (G1 Evacuation Pause) (young), 0.4227307 secs]
   [Parallel Time: 350.8 ms, GC Workers: 8]
      [GC Worker Start (ms): Min: 438084731.9, Avg: 438084732.4, Max: 438084735.2, Diff: 3.3]
      [Ext Root Scanning (ms): Min: 0.0, Avg: 2.3, Max: 3.3, Diff: 3.3, Sum: 18.5]
      [Update RS (ms): Min: 3.8, Avg: 4.7, Max: 6.2, Diff: 2.4, Sum: 37.9]
         [Processed Buffers: Min: 1, Avg: 17.8, Max: 27, Diff: 26, Sum: 142]
      [Scan RS (ms): Min: 0.0, Avg: 0.0, Max: 0.1, Diff: 0.1, Sum: 0.3]
      [Code Root Scanning (ms): Min: 0.0, Avg: 0.0, Max: 0.0, Diff: 0.0, Sum: 0.0]
      [Object Copy (ms): Min: 0.0, Avg: 1.3, Max: 1.8, Diff: 1.8, Sum: 10.8]
      [Termination (ms): Min: 0.0, Avg: 0.7, Max: 0.8, Diff: 0.8, Sum: 5.3]
         [Termination Attempts: Min: 1, Avg: 3.8, Max: 7, Diff: 6, Sum: 30]
      [GC Worker Other (ms): Min: 0.0, Avg: 0.0, Max: 0.0, Diff: 0.0, Sum: 0.1]
      [GC Worker Total (ms): Min: 6.3, Avg: 9.1, Max: 9.6, Diff: 3.3, Sum: 72.8]
      [GC Worker End (ms): Min: 438084741.4, Avg: 438084741.5, Max: 438084741.5, Diff: 0.1]
   [Code Root Fixup: 0.0 ms]
   [Code Root Purge: 0.0 ms]
   [Clear CT: 0.8 ms]
   [Other: 71.2 ms]
      [Choose CSet: 0.0 ms]
      [Ref Proc: 70.7 ms]
      [Ref Enq: 0.1 ms]
      [Redirty Cards: 0.1 ms]
      [Humongous Register: 0.0 ms]
      [Humongous Reclaim: 0.0 ms]
      [Free CSet: 0.2 ms]
   [Eden: 7152.0M(7152.0M)->0.0B(5712.0M) Survivors: 16384.0K->16384.0K Heap: 10634.8M(14336.0M)->3495.3M(14336.0M)]
 [Times: user=0.16 sys=0.00, real=0.43 secs] 
2022-09-28T01:38:53.282-0600: 438166.393: [GC pause (G1 Evacuation Pause) (young) (initial-mark), 0.0566011 secs]
   [Parallel Time: 34.6 ms, GC Workers: 8]
      [GC Worker Start (ms): Min: 438166394.4, Avg: 438166396.5, Max: 438166397.5, Diff: 3.1]
      [Ext Root Scanning (ms): Min: 2.2, Avg: 13.4, Max: 30.2, Diff: 28.0, Sum: 106.9]
      [Update RS (ms): Min: 0.0, Avg: 1.0, Max: 1.9, Diff: 1.9, Sum: 8.3]
         [Processed Buffers: Min: 0, Avg: 5.1, Max: 15, Diff: 15, Sum: 41]
      [Scan RS (ms): Min: 0.0, Avg: 0.0, Max: 0.1, Diff: 0.1, Sum: 0.2]
      [Code Root Scanning (ms): Min: 0.0, Avg: 0.0, Max: 0.0, Diff: 0.0, Sum: 0.0]
      [Object Copy (ms): Min: 0.0, Avg: 1.3, Max: 2.3, Diff: 2.3, Sum: 10.4]
      [Termination (ms): Min: 0.0, Avg: 15.4, Max: 24.0, Diff: 24.0, Sum: 123.4]
         [Termination Attempts: Min: 1, Avg: 11.0, Max: 26, Diff: 25, Sum: 88]
      [GC Worker Other (ms): Min: 0.0, Avg: 0.0, Max: 0.0, Diff: 0.0, Sum: 0.1]
      [GC Worker Total (ms): Min: 30.2, Avg: 31.2, Max: 33.2, Diff: 3.1, Sum: 249.3]
      [GC Worker End (ms): Min: 438166427.6, Avg: 438166427.7, Max: 438166427.7, Diff: 0.1]
   [Code Root Fixup: 0.0 ms]
   [Code Root Purge: 0.0 ms]
   [Clear CT: 0.8 ms]
   [Other: 21.2 ms]
      [Choose CSet: 0.0 ms]
      [Ref Proc: 20.8 ms]
      [Ref Enq: 0.1 ms]
      [Redirty Cards: 0.1 ms]
      [Humongous Register: 0.0 ms]
      [Humongous Reclaim: 0.0 ms]
      [Free CSet: 0.1 ms]
   [Eden: 5712.0M(5712.0M)->0.0B(5712.0M) Survivors: 16384.0K->16384.0K Heap: 9207.3M(14336.0M)->3499.8M(14336.0M)]
 [Times: user=0.26 sys=0.00, real=0.05 secs] 
2022-09-28T01:38:53.339-0600: 438166.450: [GC concurrent-root-region-scan-start]
2022-09-28T01:38:53.345-0600: 438166.456: [GC concurrent-root-region-scan-end, 0.0061081 secs]
2022-09-28T01:38:53.345-0600: 438166.456: [GC concurrent-mark-start]
2022-09-28T01:38:54.689-0600: 438167.800: [GC concurrent-mark-end, 1.3440326 secs]
2022-09-28T01:38:54.689-0600: 438167.800: [GC remark 2022-09-28T01:38:54.689-0600: 438167.800: [Finalize Marking, 0.1438247 secs] 2022-09-28T01:38:54.833-0600: 438167.944: [GC ref-proc, 0.0224128 secs] 2022-09-28T01:38:54.855-0600: 438167.966: [Unloading, 0.1020097 secs], 0.2774755 secs]
 [Times: user=0.24 sys=0.00, real=0.27 secs] 
2022-09-28T01:38:54.967-0600: 438168.078: [GC cleanup 3611M->3611M(14336M), 0.0126300 secs]
 [Times: user=0.04 sys=0.00, real=0.01 secs] 
2022-09-28T01:40:13.781-0600: 438246.891: [GC pause (G1 Evacuation Pause) (young), 0.1367906 secs]
   [Parallel Time: 87.5 ms, GC Workers: 8]
      [GC Worker Start (ms): Min: 438246891.5, Avg: 438246935.1, Max: 438246978.7, Diff: 87.1]
      [Ext Root Scanning (ms): Min: 0.0, Avg: 0.9, Max: 3.3, Diff: 3.3, Sum: 6.9]
      [Update RS (ms): Min: 0.0, Avg: 1.2, Max: 2.8, Diff: 2.8, Sum: 9.4]
         [Processed Buffers: Min: 0, Avg: 6.5, Max: 27, Diff: 27, Sum: 52]
      [Scan RS (ms): Min: 0.0, Avg: 0.0, Max: 0.1, Diff: 0.0, Sum: 0.2]
      [Code Root Scanning (ms): Min: 0.0, Avg: 0.0, Max: 0.0, Diff: 0.0, Sum: 0.0]
      [Object Copy (ms): Min: 0.0, Avg: 0.9, Max: 1.9, Diff: 1.9, Sum: 7.0]
      [Termination (ms): Min: 0.0, Avg: 40.7, Max: 81.2, Diff: 81.2, Sum: 325.2]
         [Termination Attempts: Min: 1, Avg: 1.0, Max: 1, Diff: 0, Sum: 8]
      [GC Worker Other (ms): Min: 0.0, Avg: 0.0, Max: 0.0, Diff: 0.0, Sum: 0.0]
      [GC Worker Total (ms): Min: 0.0, Avg: 43.6, Max: 87.3, Diff: 87.3, Sum: 348.8]
      [GC Worker End (ms): Min: 438246978.7, Avg: 438246978.7, Max: 438246978.8, Diff: 0.2]
   [Code Root Fixup: 0.0 ms]
   [Code Root Purge: 0.0 ms]
   [Clear CT: 0.9 ms]
   [Other: 48.4 ms]
      [Choose CSet: 0.0 ms]
      [Ref Proc: 48.0 ms]
      [Ref Enq: 0.1 ms]
      [Redirty Cards: 0.1 ms]
      [Humongous Register: 0.0 ms]
      [Humongous Reclaim: 0.0 ms]
      [Free CSet: 0.1 ms]
   [Eden: 5712.0M(5712.0M)->0.0B(5712.0M) Survivors: 16384.0K->16384.0K Heap: 9211.8M(14336.0M)->3497.5M(14336.0M)]
 [Times: user=0.45 sys=0.00, real=0.13 secs] 
2022-09-28T01:41:34.432-0600: 438327.543: [GC pause (G1 Evacuation Pause) (mixed), 0.0486157 secs]
   [Parallel Time: 32.5 ms, GC Workers: 8]
      [GC Worker Start (ms): Min: 438327543.3, Avg: 438327548.5, Max: 438327555.5, Diff: 12.2]
      [Ext Root Scanning (ms): Min: 0.0, Avg: 0.8, Max: 3.1, Diff: 3.1, Sum: 6.5]
      [Update RS (ms): Min: 0.0, Avg: 0.8, Max: 1.9, Diff: 1.9, Sum: 6.1]
         [Processed Buffers: Min: 0, Avg: 4.9, Max: 16, Diff: 16, Sum: 39]
      [Scan RS (ms): Min: 0.0, Avg: 0.7, Max: 1.6, Diff: 1.6, Sum: 5.9]
      [Code Root Scanning (ms): Min: 0.0, Avg: 0.0, Max: 0.0, Diff: 0.0, Sum: 0.0]
      [Object Copy (ms): Min: 0.0, Avg: 6.3, Max: 26.9, Diff: 26.9, Sum: 50.3]
      [Termination (ms): Min: 0.0, Avg: 18.3, Max: 21.3, Diff: 21.3, Sum: 146.8]
         [Termination Attempts: Min: 1, Avg: 2.9, Max: 6, Diff: 5, Sum: 23]
      [GC Worker Other (ms): Min: 0.0, Avg: 0.0, Max: 0.0, Diff: 0.0, Sum: 0.1]
      [GC Worker Total (ms): Min: 20.0, Avg: 27.0, Max: 32.1, Diff: 12.2, Sum: 215.7]
      [GC Worker End (ms): Min: 438327575.5, Avg: 438327575.5, Max: 438327575.6, Diff: 0.2]
   [Code Root Fixup: 0.0 ms]
   [Code Root Purge: 0.0 ms]
   [Clear CT: 0.8 ms]
   [Other: 15.3 ms]
      [Choose CSet: 0.0 ms]
      [Ref Proc: 14.8 ms]
      [Ref Enq: 0.2 ms]
      [Redirty Cards: 0.1 ms]
      [Humongous Register: 0.0 ms]
      [Humongous Reclaim: 0.0 ms]
      [Free CSet: 0.1 ms]
   [Eden: 5712.0M(5712.0M)->0.0B(7152.0M) Survivors: 16384.0K->16384.0K Heap: 9209.5M(14336.0M)->3484.4M(14336.0M)]
 [Times: user=0.20 sys=0.00, real=0.05 secs] 
2022-09-28T01:43:12.773-0600: 438425.884: [GC pause (G1 Evacuation Pause) (young), 0.1355064 secs]
   [Parallel Time: 11.3 ms, GC Workers: 8]
      [GC Worker Start (ms): Min: 438425884.2, Avg: 438425886.4, Max: 438425889.5, Diff: 5.3]
      [Ext Root Scanning (ms): Min: 0.0, Avg: 0.8, Max: 2.8, Diff: 2.8, Sum: 6.7]
      [Update RS (ms): Min: 2.9, Avg: 6.2, Max: 8.2, Diff: 5.4, Sum: 49.4]
         [Processed Buffers: Min: 10, Avg: 18.0, Max: 33, Diff: 23, Sum: 144]
      [Scan RS (ms): Min: 0.0, Avg: 0.0, Max: 0.1, Diff: 0.0, Sum: 0.2]
      [Code Root Scanning (ms): Min: 0.0, Avg: 0.0, Max: 0.0, Diff: 0.0, Sum: 0.0]
      [Object Copy (ms): Min: 0.0, Avg: 1.4, Max: 2.5, Diff: 2.5, Sum: 11.2]
      [Termination (ms): Min: 0.0, Avg: 0.6, Max: 1.0, Diff: 1.0, Sum: 4.6]
         [Termination Attempts: Min: 1, Avg: 35.9, Max: 76, Diff: 75, Sum: 287]
      [GC Worker Other (ms): Min: 0.0, Avg: 0.0, Max: 0.0, Diff: 0.0, Sum: 0.1]
      [GC Worker Total (ms): Min: 5.9, Avg: 9.0, Max: 11.2, Diff: 5.3, Sum: 72.2]
      [GC Worker End (ms): Min: 438425895.4, Avg: 438425895.4, Max: 438425895.4, Diff: 0.0]
   [Code Root Fixup: 0.0 ms]
   [Code Root Purge: 0.0 ms]
   [Clear CT: 0.9 ms]
   [Other: 123.2 ms]
      [Choose CSet: 0.0 ms]
      [Ref Proc: 122.8 ms]
      [Ref Enq: 0.1 ms]
      [Redirty Cards: 0.1 ms]
      [Humongous Register: 0.0 ms]
      [Humongous Reclaim: 0.0 ms]
      [Free CSet: 0.1 ms]
   [Eden: 7152.0M(7152.0M)->0.0B(7152.0M) Survivors: 16384.0K->16384.0K Heap: 10636.4M(14336.0M)->3495.7M(14336.0M)]
 [Times: user=0.14 sys=0.00, real=0.14 secs] 
2022-09-28T01:44:50.688-0600: 438523.799: [GC pause (G1 Evacuation Pause) (young) (initial-mark), 0.3740779 secs]
   [Parallel Time: 12.5 ms, GC Workers: 8]
      [GC Worker Start (ms): Min: 438523800.3, Avg: 438523801.1, Max: 438523802.3, Diff: 2.0]
      [Ext Root Scanning (ms): Min: 1.8, Avg: 5.6, Max: 10.0, Diff: 8.2, Sum: 45.0]
      [Update RS (ms): Min: 0.0, Avg: 1.1, Max: 2.4, Diff: 2.4, Sum: 9.2]
         [Processed Buffers: Min: 0, Avg: 6.0, Max: 13, Diff: 13, Sum: 48]
      [Scan RS (ms): Min: 0.0, Avg: 0.0, Max: 0.1, Diff: 0.1, Sum: 0.3]
      [Code Root Scanning (ms): Min: 0.0, Avg: 0.0, Max: 0.0, Diff: 0.0, Sum: 0.0]
      [Object Copy (ms): Min: 0.0, Avg: 1.5, Max: 2.5, Diff: 2.5, Sum: 11.8]
      [Termination (ms): Min: 0.0, Avg: 2.0, Max: 2.9, Diff: 2.9, Sum: 15.9]
         [Termination Attempts: Min: 1, Avg: 7.6, Max: 18, Diff: 17, Sum: 61]
      [GC Worker Other (ms): Min: 0.0, Avg: 0.0, Max: 0.0, Diff: 0.0, Sum: 0.1]
      [GC Worker Total (ms): Min: 9.0, Avg: 10.3, Max: 11.1, Diff: 2.2, Sum: 82.3]
      [GC Worker End (ms): Min: 438523811.3, Avg: 438523811.4, Max: 438523811.5, Diff: 0.2]
   [Code Root Fixup: 0.0 ms]
   [Code Root Purge: 0.0 ms]
   [Clear CT: 0.5 ms]
   [Other: 361.1 ms]
      [Choose CSet: 0.0 ms]
      [Ref Proc: 360.6 ms]
      [Ref Enq: 0.2 ms]
      [Redirty Cards: 0.1 ms]
      [Humongous Register: 0.0 ms]
      [Humongous Reclaim: 0.0 ms]
      [Free CSet: 0.1 ms]
   [Eden: 7152.0M(7152.0M)->0.0B(5712.0M) Survivors: 16384.0K->16384.0K Heap: 10647.7M(14336.0M)->3499.5M(14336.0M)]
 [Times: user=1.93 sys=0.00, real=0.38 secs] 
2022-09-28T01:44:51.062-0600: 438524.173: [GC concurrent-root-region-scan-start]
2022-09-28T01:44:51.071-0600: 438524.182: [GC concurrent-root-region-scan-end, 0.0083357 secs]
2022-09-28T01:44:51.071-0600: 438524.182: [GC concurrent-mark-start]
2022-09-28T01:44:52.400-0600: 438525.511: [GC concurrent-mark-end, 1.3292608 secs]
2022-09-28T01:44:52.400-0600: 438525.511: [GC remark 2022-09-28T01:44:52.400-0600: 438525.511: [Finalize Marking, 0.0024716 secs] 2022-09-28T01:44:52.403-0600: 438525.514: [GC ref-proc, 0.0436424 secs] 2022-09-28T01:44:52.446-0600: 438525.557: [Unloading, 0.0360117 secs], 0.0876992 secs]
 [Times: user=0.27 sys=0.00, real=0.09 secs] 
2022-09-28T01:44:52.488-0600: 438525.599: [GC cleanup 3627M->3627M(14336M), 0.0152591 secs]
 [Times: user=0.03 sys=0.00, real=0.02 secs] 
2022-09-28T01:46:09.729-0600: 438602.840: [GC pause (G1 Evacuation Pause) (young), 0.1473277 secs]
   [Parallel Time: 87.4 ms, GC Workers: 8]
      [GC Worker Start (ms): Min: 438602840.1, Avg: 438602909.3, Max: 438602920.4, Diff: 80.3]
      [Ext Root Scanning (ms): Min: 0.0, Avg: 2.0, Max: 8.6, Diff: 8.6, Sum: 15.7]
      [Update RS (ms): Min: 0.0, Avg: 1.1, Max: 8.9, Diff: 8.9, Sum: 8.9]
         [Processed Buffers: Min: 0, Avg: 6.4, Max: 51, Diff: 51, Sum: 51]
      [Scan RS (ms): Min: 0.0, Avg: 0.0, Max: 0.1, Diff: 0.1, Sum: 0.1]
      [Code Root Scanning (ms): Min: 0.0, Avg: 0.0, Max: 0.0, Diff: 0.0, Sum: 0.0]
      [Object Copy (ms): Min: 0.0, Avg: 0.8, Max: 6.6, Diff: 6.6, Sum: 6.6]
      [Termination (ms): Min: 0.0, Avg: 14.0, Max: 64.5, Diff: 64.5, Sum: 112.1]
         [Termination Attempts: Min: 1, Avg: 1.0, Max: 1, Diff: 0, Sum: 8]
      [GC Worker Other (ms): Min: 0.0, Avg: 0.0, Max: 0.0, Diff: 0.0, Sum: 0.0]
      [GC Worker Total (ms): Min: 6.8, Avg: 17.9, Max: 87.1, Diff: 80.3, Sum: 143.5]
      [GC Worker End (ms): Min: 438602927.2, Avg: 438602927.2, Max: 438602927.3, Diff: 0.2]
   [Code Root Fixup: 0.0 ms]
   [Code Root Purge: 0.0 ms]
   [Clear CT: 0.7 ms]
   [Other: 59.3 ms]
      [Choose CSet: 0.0 ms]
      [Ref Proc: 58.9 ms]
      [Ref Enq: 0.1 ms]
      [Redirty Cards: 0.1 ms]
      [Humongous Register: 0.0 ms]
      [Humongous Reclaim: 0.0 ms]
      [Free CSet: 0.1 ms]
   [Eden: 5712.0M(5712.0M)->0.0B(5712.0M) Survivors: 16384.0K->16384.0K Heap: 9211.5M(14336.0M)->3496.4M(14336.0M)]
 [Times: user=0.27 sys=0.00, real=0.14 secs] 
2022-09-28T01:47:27.483-0600: 438680.594: [GC pause (G1 Evacuation Pause) (mixed), 0.1072299 secs]
   [Parallel Time: 10.5 ms, GC Workers: 8]
      [GC Worker Start (ms): Min: 438680593.6, Avg: 438680595.3, Max: 438680599.2, Diff: 5.6]
      [Ext Root Scanning (ms): Min: 0.0, Avg: 0.9, Max: 3.3, Diff: 3.3, Sum: 7.2]
      [Update RS (ms): Min: 0.0, Avg: 1.2, Max: 2.1, Diff: 2.1, Sum: 9.3]
         [Processed Buffers: Min: 0, Avg: 5.6, Max: 16, Diff: 16, Sum: 45]
      [Scan RS (ms): Min: 0.0, Avg: 1.0, Max: 1.4, Diff: 1.4, Sum: 8.1]
      [Code Root Scanning (ms): Min: 0.0, Avg: 0.0, Max: 0.1, Diff: 0.1, Sum: 0.1]
      [Object Copy (ms): Min: 4.1, Avg: 5.0, Max: 5.9, Diff: 1.9, Sum: 39.9]
      [Termination (ms): Min: 0.0, Avg: 0.5, Max: 0.6, Diff: 0.6, Sum: 4.4]
         [Termination Attempts: Min: 1, Avg: 50.2, Max: 76, Diff: 75, Sum: 402]
      [GC Worker Other (ms): Min: 0.0, Avg: 0.0, Max: 0.0, Diff: 0.0, Sum: 0.0]
      [GC Worker Total (ms): Min: 4.7, Avg: 8.6, Max: 10.3, Diff: 5.6, Sum: 69.0]
      [GC Worker End (ms): Min: 438680603.9, Avg: 438680603.9, Max: 438680603.9, Diff: 0.0]
   [Code Root Fixup: 0.0 ms]
   [Code Root Purge: 0.0 ms]
   [Clear CT: 0.8 ms]
   [Other: 96.0 ms]
      [Choose CSet: 0.0 ms]
      [Ref Proc: 95.5 ms]
      [Ref Enq: 0.1 ms]
      [Redirty Cards: 0.2 ms]
      [Humongous Register: 0.0 ms]
      [Humongous Reclaim: 0.0 ms]
      [Free CSet: 0.1 ms]
   [Eden: 5712.0M(5712.0M)->0.0B(5712.0M) Survivors: 16384.0K->16384.0K Heap: 9208.4M(14336.0M)->3484.3M(14336.0M)]
 [Times: user=0.41 sys=0.00, real=0.11 secs] 
2022-09-28T01:48:46.880-0600: 438759.991: [GC pause (G1 Evacuation Pause) (young), 0.4720848 secs]
   [Parallel Time: 14.8 ms, GC Workers: 8]
      [GC Worker Start (ms): Min: 438759990.7, Avg: 438759993.0, Max: 438759999.2, Diff: 8.5]
      [Ext Root Scanning (ms): Min: 0.0, Avg: 1.7, Max: 4.4, Diff: 4.4, Sum: 13.6]
      [Update RS (ms): Min: 3.4, Avg: 7.9, Max: 9.9, Diff: 6.5, Sum: 63.5]
         [Processed Buffers: Min: 10, Avg: 20.0, Max: 25, Diff: 15, Sum: 160]
      [Scan RS (ms): Min: 0.0, Avg: 0.0, Max: 0.1, Diff: 0.1, Sum: 0.3]
      [Code Root Scanning (ms): Min: 0.0, Avg: 0.0, Max: 0.0, Diff: 0.0, Sum: 0.0]
      [Object Copy (ms): Min: 2.0, Avg: 2.3, Max: 2.6, Diff: 0.5, Sum: 18.3]
      [Termination (ms): Min: 0.0, Avg: 0.0, Max: 0.0, Diff: 0.0, Sum: 0.1]
         [Termination Attempts: Min: 1, Avg: 11.2, Max: 17, Diff: 16, Sum: 90]
      [GC Worker Other (ms): Min: 0.0, Avg: 0.0, Max: 0.0, Diff: 0.0, Sum: 0.2]
      [GC Worker Total (ms): Min: 5.8, Avg: 12.0, Max: 14.3, Diff: 8.5, Sum: 95.9]
      [GC Worker End (ms): Min: 438760005.0, Avg: 438760005.0, Max: 438760005.0, Diff: 0.0]
   [Code Root Fixup: 0.0 ms]
   [Code Root Purge: 0.0 ms]
   [Clear CT: 0.6 ms]
   [Other: 456.6 ms]
      [Choose CSet: 0.0 ms]
      [Ref Proc: 456.2 ms]
      [Ref Enq: 0.1 ms]
      [Redirty Cards: 0.1 ms]
      [Humongous Register: 0.0 ms]
      [Humongous Reclaim: 0.0 ms]
      [Free CSet: 0.1 ms]
   [Eden: 5712.0M(5712.0M)->0.0B(5712.0M) Survivors: 16384.0K->16384.0K Heap: 9196.3M(14336.0M)->3496.6M(14336.0M)]
 [Times: user=0.29 sys=0.00, real=0.48 secs] 
2022-09-28T01:50:06.230-0600: 438839.341: [GC pause (G1 Evacuation Pause) (young) (initial-mark), 0.1385247 secs]
   [Parallel Time: 80.4 ms, GC Workers: 8]
      [GC Worker Start (ms): Min: 438839342.4, Avg: 438839377.0, Max: 438839397.8, Diff: 55.3]
      [Ext Root Scanning (ms): Min: 2.5, Avg: 32.9, Max: 57.6, Diff: 55.2, Sum: 263.2]
      [Update RS (ms): Min: 0.0, Avg: 1.2, Max: 2.4, Diff: 2.4, Sum: 9.6]
         [Processed Buffers: Min: 0, Avg: 7.2, Max: 19, Diff: 19, Sum: 58]
      [Scan RS (ms): Min: 0.0, Avg: 0.0, Max: 0.0, Diff: 0.0, Sum: 0.2]
      [Code Root Scanning (ms): Min: 0.0, Avg: 0.0, Max: 0.0, Diff: 0.0, Sum: 0.0]
      [Object Copy (ms): Min: 0.0, Avg: 1.0, Max: 2.0, Diff: 2.0, Sum: 7.7]
      [Termination (ms): Min: 0.0, Avg: 9.3, Max: 17.1, Diff: 17.1, Sum: 74.4]
         [Termination Attempts: Min: 1, Avg: 1.6, Max: 3, Diff: 2, Sum: 13]
      [GC Worker Other (ms): Min: 0.0, Avg: 0.0, Max: 0.0, Diff: 0.0, Sum: 0.1]
      [GC Worker Total (ms): Min: 23.6, Avg: 44.4, Max: 79.1, Diff: 55.5, Sum: 355.2]
      [GC Worker End (ms): Min: 438839421.3, Avg: 438839421.4, Max: 438839421.5, Diff: 0.2]
   [Code Root Fixup: 0.0 ms]
   [Code Root Purge: 0.0 ms]
   [Clear CT: 0.6 ms]
   [Other: 57.5 ms]
      [Choose CSet: 0.0 ms]
      [Ref Proc: 57.1 ms]
      [Ref Enq: 0.1 ms]
      [Redirty Cards: 0.1 ms]
      [Humongous Register: 0.0 ms]
      [Humongous Reclaim: 0.0 ms]
      [Free CSet: 0.1 ms]
   [Eden: 5712.0M(5712.0M)->0.0B(5712.0M) Survivors: 16384.0K->16384.0K Heap: 9208.6M(14336.0M)->3497.6M(14336.0M)]
 [Times: user=0.36 sys=0.00, real=0.14 secs] 
2022-09-28T01:50:06.369-0600: 438839.480: [GC concurrent-root-region-scan-start]
2022-09-28T01:50:06.389-0600: 438839.500: [GC concurrent-root-region-scan-end, 0.0205064 secs]
2022-09-28T01:50:06.389-0600: 438839.500: [GC concurrent-mark-start]
2022-09-28T01:50:07.726-0600: 438840.837: [GC concurrent-mark-end, 1.3363886 secs]
2022-09-28T01:50:07.726-0600: 438840.837: [GC remark 2022-09-28T01:50:07.726-0600: 438840.837: [Finalize Marking, 0.0031240 secs] 2022-09-28T01:50:07.729-0600: 438840.840: [GC ref-proc, 0.0365923 secs] 2022-09-28T01:50:07.766-0600: 438840.877: [Unloading, 0.0295905 secs], 0.0748238 secs]
 [Times: user=0.24 sys=0.00, real=0.08 secs] 
2022-09-28T01:50:07.801-0600: 438840.912: [GC cleanup 3641M->3641M(14336M), 0.0097609 secs]
 [Times: user=0.03 sys=0.00, real=0.01 secs] 
2022-09-28T01:51:24.178-0600: 438917.289: [GC pause (G1 Evacuation Pause) (young), 0.1479721 secs]
   [Parallel Time: 6.7 ms, GC Workers: 8]
      [GC Worker Start (ms): Min: 438917289.0, Avg: 438917292.2, Max: 438917295.5, Diff: 6.6]
      [Ext Root Scanning (ms): Min: 0.0, Avg: 0.8, Max: 3.0, Diff: 2.9, Sum: 6.4]
      [Update RS (ms): Min: 0.0, Avg: 1.0, Max: 1.9, Diff: 1.9, Sum: 8.4]
         [Processed Buffers: Min: 0, Avg: 5.5, Max: 18, Diff: 18, Sum: 44]
      [Scan RS (ms): Min: 0.0, Avg: 0.0, Max: 0.1, Diff: 0.1, Sum: 0.2]
      [Code Root Scanning (ms): Min: 0.0, Avg: 0.0, Max: 0.0, Diff: 0.0, Sum: 0.0]
      [Object Copy (ms): Min: 0.0, Avg: 1.0, Max: 1.8, Diff: 1.8, Sum: 8.1]
      [Termination (ms): Min: 0.0, Avg: 0.4, Max: 0.7, Diff: 0.7, Sum: 3.3]
         [Termination Attempts: Min: 1, Avg: 1.8, Max: 3, Diff: 2, Sum: 14]
      [GC Worker Other (ms): Min: 0.0, Avg: 0.0, Max: 0.0, Diff: 0.0, Sum: 0.0]
      [GC Worker Total (ms): Min: 0.0, Avg: 3.3, Max: 6.6, Diff: 6.6, Sum: 26.5]
      [GC Worker End (ms): Min: 438917295.5, Avg: 438917295.6, Max: 438917295.6, Diff: 0.0]
   [Code Root Fixup: 0.0 ms]
   [Code Root Purge: 0.0 ms]
   [Clear CT: 0.6 ms]
   [Other: 140.7 ms]
      [Choose CSet: 0.0 ms]
      [Ref Proc: 140.3 ms]
      [Ref Enq: 0.1 ms]
      [Redirty Cards: 0.0 ms]
      [Humongous Register: 0.0 ms]
      [Humongous Reclaim: 0.0 ms]
      [Free CSet: 0.1 ms]
   [Eden: 5712.0M(5712.0M)->0.0B(5712.0M) Survivors: 16384.0K->16384.0K Heap: 9209.6M(14336.0M)->3498.0M(14336.0M)]
 [Times: user=0.66 sys=0.00, real=0.15 secs] 
2022-09-28T01:52:40.280-0600: 438993.391: [GC pause (G1 Evacuation Pause) (mixed), 0.2554730 secs]
   [Parallel Time: 21.4 ms, GC Workers: 8]
      [GC Worker Start (ms): Min: 438993391.2, Avg: 438993402.5, Max: 438993411.2, Diff: 19.9]
      [Ext Root Scanning (ms): Min: 0.0, Avg: 0.8, Max: 4.7, Diff: 4.6, Sum: 6.3]
      [Update RS (ms): Min: 0.0, Avg: 0.9, Max: 2.5, Diff: 2.5, Sum: 7.1]
         [Processed Buffers: Min: 0, Avg: 5.5, Max: 28, Diff: 28, Sum: 44]
      [Scan RS (ms): Min: 0.0, Avg: 0.8, Max: 2.3, Diff: 2.3, Sum: 6.6]
      [Code Root Scanning (ms): Min: 0.0, Avg: 0.0, Max: 0.0, Diff: 0.0, Sum: 0.0]
      [Object Copy (ms): Min: 0.0, Avg: 5.3, Max: 11.9, Diff: 11.9, Sum: 42.7]
      [Termination (ms): Min: 0.0, Avg: 2.0, Max: 2.9, Diff: 2.9, Sum: 16.2]
         [Termination Attempts: Min: 1, Avg: 14.1, Max: 32, Diff: 31, Sum: 113]
      [GC Worker Other (ms): Min: 0.0, Avg: 0.0, Max: 0.0, Diff: 0.0, Sum: 0.0]
      [GC Worker Total (ms): Min: 1.2, Avg: 9.9, Max: 21.1, Diff: 19.9, Sum: 79.1]
      [GC Worker End (ms): Min: 438993412.3, Avg: 438993412.3, Max: 438993412.5, Diff: 0.2]
   [Code Root Fixup: 0.0 ms]
   [Code Root Purge: 0.0 ms]
   [Clear CT: 206.9 ms]
   [Other: 27.2 ms]
      [Choose CSet: 0.0 ms]
      [Ref Proc: 26.7 ms]
      [Ref Enq: 0.1 ms]
      [Redirty Cards: 0.1 ms]
      [Humongous Register: 0.0 ms]
      [Humongous Reclaim: 0.0 ms]
      [Free CSet: 0.1 ms]
   [Eden: 5712.0M(5712.0M)->0.0B(5712.0M) Survivors: 16384.0K->16384.0K Heap: 9210.0M(14336.0M)->3486.8M(14336.0M)]
 [Times: user=0.18 sys=0.00, real=0.25 secs] 
2022-09-28T01:54:00.124-0600: 439073.235: [GC pause (G1 Evacuation Pause) (young), 0.0353939 secs]
   [Parallel Time: 12.7 ms, GC Workers: 8]
      [GC Worker Start (ms): Min: 439073235.3, Avg: 439073239.4, Max: 439073245.3, Diff: 10.0]
      [Ext Root Scanning (ms): Min: 0.0, Avg: 0.8, Max: 2.9, Diff: 2.9, Sum: 6.6]
      [Update RS (ms): Min: 0.0, Avg: 4.2, Max: 6.5, Diff: 6.5, Sum: 33.7]
         [Processed Buffers: Min: 0, Avg: 18.1, Max: 28, Diff: 28, Sum: 145]
      [Scan RS (ms): Min: 0.0, Avg: 0.0, Max: 0.0, Diff: 0.0, Sum: 0.2]
      [Code Root Scanning (ms): Min: 0.0, Avg: 0.0, Max: 0.0, Diff: 0.0, Sum: 0.0]
      [Object Copy (ms): Min: 0.9, Avg: 2.0, Max: 3.6, Diff: 2.8, Sum: 15.9]
      [Termination (ms): Min: 0.0, Avg: 1.4, Max: 1.7, Diff: 1.7, Sum: 11.5]
         [Termination Attempts: Min: 1, Avg: 3.9, Max: 7, Diff: 6, Sum: 31]
      [GC Worker Other (ms): Min: 0.0, Avg: 0.0, Max: 0.0, Diff: 0.0, Sum: 0.0]
      [GC Worker Total (ms): Min: 2.6, Avg: 8.5, Max: 12.6, Diff: 10.0, Sum: 67.9]
      [GC Worker End (ms): Min: 439073247.9, Avg: 439073247.9, Max: 439073247.9, Diff: 0.0]
   [Code Root Fixup: 0.0 ms]
   [Code Root Purge: 0.0 ms]
   [Clear CT: 0.8 ms]
   [Other: 22.0 ms]
      [Choose CSet: 0.0 ms]
      [Ref Proc: 21.6 ms]
      [Ref Enq: 0.1 ms]
      [Redirty Cards: 0.1 ms]
      [Humongous Register: 0.0 ms]
      [Humongous Reclaim: 0.0 ms]
      [Free CSet: 0.1 ms]
   [Eden: 5712.0M(5712.0M)->0.0B(5712.0M) Survivors: 16384.0K->16384.0K Heap: 9198.8M(14336.0M)->3499.8M(14336.0M)]
 [Times: user=0.13 sys=0.00, real=0.03 secs] 
2022-09-28T01:55:21.084-0600: 439154.195: [GC pause (G1 Evacuation Pause) (young) (initial-mark), 0.2254964 secs]
   [Parallel Time: 120.9 ms, GC Workers: 8]
      [GC Worker Start (ms): Min: 439154196.0, Avg: 439154241.5, Max: 439154283.8, Diff: 87.8]
      [Ext Root Scanning (ms): Min: 2.3, Avg: 52.1, Max: 96.1, Diff: 93.8, Sum: 417.1]
      [Update RS (ms): Min: 0.0, Avg: 2.2, Max: 6.5, Diff: 6.5, Sum: 17.2]
         [Processed Buffers: Min: 0, Avg: 6.6, Max: 24, Diff: 24, Sum: 53]
      [Scan RS (ms): Min: 0.0, Avg: 0.0, Max: 0.1, Diff: 0.0, Sum: 0.2]
      [Code Root Scanning (ms): Min: 0.0, Avg: 0.0, Max: 0.0, Diff: 0.0, Sum: 0.0]
      [Object Copy (ms): Min: 0.0, Avg: 1.0, Max: 2.2, Diff: 2.2, Sum: 8.3]
      [Termination (ms): Min: 0.0, Avg: 18.4, Max: 23.4, Diff: 23.4, Sum: 146.9]
         [Termination Attempts: Min: 1, Avg: 22.0, Max: 55, Diff: 54, Sum: 176]
      [GC Worker Other (ms): Min: 0.0, Avg: 0.0, Max: 0.0, Diff: 0.0, Sum: 0.0]
      [GC Worker Total (ms): Min: 31.4, Avg: 73.7, Max: 119.2, Diff: 87.9, Sum: 589.8]
      [GC Worker End (ms): Min: 439154315.1, Avg: 439154315.2, Max: 439154315.3, Diff: 0.2]
   [Code Root Fixup: 0.0 ms]
   [Code Root Purge: 0.0 ms]
   [Clear CT: 1.1 ms]
   [Other: 103.5 ms]
      [Choose CSet: 0.0 ms]
      [Ref Proc: 103.0 ms]
      [Ref Enq: 0.2 ms]
      [Redirty Cards: 0.1 ms]
      [Humongous Register: 0.0 ms]
      [Humongous Reclaim: 0.0 ms]
      [Free CSet: 0.1 ms]
   [Eden: 5712.0M(5712.0M)->0.0B(5712.0M) Survivors: 16384.0K->16384.0K Heap: 9211.8M(14336.0M)->3501.4M(14336.0M)]
 [Times: user=0.23 sys=0.00, real=0.23 secs] 
2022-09-28T01:55:21.309-0600: 439154.420: [GC concurrent-root-region-scan-start]
2022-09-28T01:55:21.315-0600: 439154.426: [GC concurrent-root-region-scan-end, 0.0058737 secs]
2022-09-28T01:55:21.315-0600: 439154.426: [GC concurrent-mark-start]
2022-09-28T01:55:22.664-0600: 439155.775: [GC concurrent-mark-end, 1.3488704 secs]
2022-09-28T01:55:22.664-0600: 439155.775: [GC remark 2022-09-28T01:55:22.664-0600: 439155.775: [Finalize Marking, 0.0029379 secs] 2022-09-28T01:55:22.667-0600: 439155.778: [GC ref-proc, 0.0360697 secs] 2022-09-28T01:55:22.703-0600: 439155.814: [Unloading, 0.0306038 secs], 0.0744881 secs]
 [Times: user=0.28 sys=0.00, real=0.07 secs] 
2022-09-28T01:55:22.739-0600: 439155.850: [GC cleanup 3647M->3647M(14336M), 0.0072482 secs]
 [Times: user=0.02 sys=0.00, real=0.01 secs] 
2022-09-28T01:56:41.884-0600: 439234.995: [GC pause (G1 Evacuation Pause) (young), 0.0217740 secs]
   [Parallel Time: 5.1 ms, GC Workers: 8]
      [GC Worker Start (ms): Min: 439234995.1, Avg: 439234995.9, Max: 439235000.0, Diff: 4.9]
      [Ext Root Scanning (ms): Min: 0.0, Avg: 1.6, Max: 4.9, Diff: 4.9, Sum: 12.9]
      [Update RS (ms): Min: 0.0, Avg: 1.1, Max: 1.8, Diff: 1.8, Sum: 8.4]
         [Processed Buffers: Min: 0, Avg: 5.1, Max: 15, Diff: 15, Sum: 41]
      [Scan RS (ms): Min: 0.0, Avg: 0.0, Max: 0.1, Diff: 0.1, Sum: 0.2]
      [Code Root Scanning (ms): Min: 0.0, Avg: 0.0, Max: 0.0, Diff: 0.0, Sum: 0.0]
      [Object Copy (ms): Min: 0.0, Avg: 1.0, Max: 1.6, Diff: 1.6, Sum: 8.3]
      [Termination (ms): Min: 0.0, Avg: 0.5, Max: 0.6, Diff: 0.6, Sum: 3.7]
         [Termination Attempts: Min: 1, Avg: 2.0, Max: 4, Diff: 3, Sum: 16]
      [GC Worker Other (ms): Min: 0.0, Avg: 0.0, Max: 0.0, Diff: 0.0, Sum: 0.0]
      [GC Worker Total (ms): Min: 0.0, Avg: 4.2, Max: 5.0, Diff: 4.9, Sum: 33.5]
      [GC Worker End (ms): Min: 439235000.0, Avg: 439235000.1, Max: 439235000.1, Diff: 0.0]
   [Code Root Fixup: 0.0 ms]
   [Code Root Purge: 0.0 ms]
   [Clear CT: 0.7 ms]
   [Other: 16.0 ms]
      [Choose CSet: 0.0 ms]
      [Ref Proc: 15.6 ms]
      [Ref Enq: 0.1 ms]
      [Redirty Cards: 0.1 ms]
      [Humongous Register: 0.0 ms]
      [Humongous Reclaim: 0.0 ms]
      [Free CSet: 0.1 ms]
   [Eden: 5712.0M(5712.0M)->0.0B(5712.0M) Survivors: 16384.0K->16384.0K Heap: 9213.4M(14336.0M)->3502.0M(14336.0M)]
 [Times: user=0.08 sys=0.00, real=0.02 secs] 
2022-09-28T01:58:01.497-0600: 439314.608: [GC pause (G1 Evacuation Pause) (mixed), 0.0424687 secs]
   [Parallel Time: 18.5 ms, GC Workers: 8]
      [GC Worker Start (ms): Min: 439314608.0, Avg: 439314613.2, Max: 439314620.4, Diff: 12.3]
      [Ext Root Scanning (ms): Min: 0.0, Avg: 0.8, Max: 3.3, Diff: 3.3, Sum: 6.5]
      [Update RS (ms): Min: 0.0, Avg: 1.0, Max: 2.5, Diff: 2.5, Sum: 8.3]
         [Processed Buffers: Min: 0, Avg: 5.5, Max: 15, Diff: 15, Sum: 44]
      [Scan RS (ms): Min: 0.0, Avg: 0.8, Max: 1.4, Diff: 1.4, Sum: 6.5]
      [Code Root Scanning (ms): Min: 0.0, Avg: 0.0, Max: 0.1, Diff: 0.1, Sum: 0.1]
      [Object Copy (ms): Min: 0.0, Avg: 4.4, Max: 12.7, Diff: 12.7, Sum: 35.2]
      [Termination (ms): Min: 0.0, Avg: 6.1, Max: 7.3, Diff: 7.3, Sum: 48.8]
         [Termination Attempts: Min: 1, Avg: 12.6, Max: 28, Diff: 27, Sum: 101]
      [GC Worker Other (ms): Min: 0.0, Avg: 0.0, Max: 0.0, Diff: 0.0, Sum: 0.0]
      [GC Worker Total (ms): Min: 6.1, Avg: 13.2, Max: 18.4, Diff: 12.3, Sum: 105.3]
      [GC Worker End (ms): Min: 439314626.3, Avg: 439314626.4, Max: 439314626.5, Diff: 0.1]
   [Code Root Fixup: 0.0 ms]
   [Code Root Purge: 0.0 ms]
   [Clear CT: 0.8 ms]
   [Other: 23.2 ms]
      [Choose CSet: 0.0 ms]
      [Ref Proc: 22.7 ms]
      [Ref Enq: 0.1 ms]
      [Redirty Cards: 0.1 ms]
      [Humongous Register: 0.0 ms]
      [Humongous Reclaim: 0.0 ms]
      [Free CSet: 0.1 ms]
   [Eden: 5712.0M(5712.0M)->0.0B(7152.0M) Survivors: 16384.0K->16384.0K Heap: 9214.0M(14336.0M)->3486.3M(14336.0M)]
 [Times: user=0.17 sys=0.00, real=0.04 secs] 
2022-09-28T01:59:42.728-0600: 439415.839: [GC pause (G1 Evacuation Pause) (young), 0.0518394 secs]
   [Parallel Time: 11.0 ms, GC Workers: 8]
      [GC Worker Start (ms): Min: 439415839.2, Avg: 439415841.6, Max: 439415848.4, Diff: 9.2]
      [Ext Root Scanning (ms): Min: 0.0, Avg: 0.9, Max: 3.2, Diff: 3.2, Sum: 7.0]
      [Update RS (ms): Min: 0.0, Avg: 4.5, Max: 7.5, Diff: 7.5, Sum: 35.8]
         [Processed Buffers: Min: 0, Avg: 18.1, Max: 32, Diff: 32, Sum: 145]
      [Scan RS (ms): Min: 0.0, Avg: 0.0, Max: 0.1, Diff: 0.1, Sum: 0.2]
      [Code Root Scanning (ms): Min: 0.0, Avg: 0.0, Max: 0.0, Diff: 0.0, Sum: 0.0]
      [Object Copy (ms): Min: 0.0, Avg: 1.2, Max: 1.9, Diff: 1.9, Sum: 9.4]
      [Termination (ms): Min: 0.0, Avg: 1.8, Max: 2.2, Diff: 2.2, Sum: 14.2]
         [Termination Attempts: Min: 1, Avg: 2.4, Max: 7, Diff: 6, Sum: 19]
      [GC Worker Other (ms): Min: 0.0, Avg: 0.0, Max: 0.0, Diff: 0.0, Sum: 0.0]
      [GC Worker Total (ms): Min: 1.5, Avg: 8.3, Max: 10.7, Diff: 9.2, Sum: 66.6]
      [GC Worker End (ms): Min: 439415849.9, Avg: 439415849.9, Max: 439415850.1, Diff: 0.2]
   [Code Root Fixup: 0.0 ms]
   [Code Root Purge: 0.0 ms]
   [Clear CT: 0.9 ms]
   [Other: 40.0 ms]
      [Choose CSet: 0.0 ms]
      [Ref Proc: 39.6 ms]
      [Ref Enq: 0.1 ms]
      [Redirty Cards: 0.1 ms]
      [Humongous Register: 0.0 ms]
      [Humongous Reclaim: 0.0 ms]
      [Free CSet: 0.1 ms]
   [Eden: 7152.0M(7152.0M)->0.0B(7152.0M) Survivors: 16384.0K->16384.0K Heap: 10638.3M(14336.0M)->3499.2M(14336.0M)]
 [Times: user=0.16 sys=0.00, real=0.05 secs] 
2022-09-28T02:01:24.381-0600: 439517.491: [GC pause (G1 Evacuation Pause) (young) (initial-mark), 0.1715438 secs]
   [Parallel Time: 24.2 ms, GC Workers: 8]
      [GC Worker Start (ms): Min: 439517498.3, Avg: 439517500.3, Max: 439517501.1, Diff: 2.9]
      [Ext Root Scanning (ms): Min: 1.4, Avg: 10.3, Max: 14.5, Diff: 13.1, Sum: 82.2]
      [Update RS (ms): Min: 0.0, Avg: 1.3, Max: 5.8, Diff: 5.8, Sum: 10.4]
         [Processed Buffers: Min: 0, Avg: 6.2, Max: 20, Diff: 20, Sum: 50]
      [Scan RS (ms): Min: 0.0, Avg: 0.0, Max: 0.1, Diff: 0.1, Sum: 0.2]
      [Code Root Scanning (ms): Min: 0.0, Avg: 0.0, Max: 0.0, Diff: 0.0, Sum: 0.0]
      [Object Copy (ms): Min: 0.0, Avg: 1.1, Max: 2.9, Diff: 2.9, Sum: 8.6]
      [Termination (ms): Min: 0.0, Avg: 2.7, Max: 4.6, Diff: 4.6, Sum: 21.8]
         [Termination Attempts: Min: 1, Avg: 2.2, Max: 8, Diff: 7, Sum: 18]
      [GC Worker Other (ms): Min: 0.0, Avg: 0.0, Max: 0.0, Diff: 0.0, Sum: 0.0]
      [GC Worker Total (ms): Min: 14.5, Avg: 15.4, Max: 17.5, Diff: 3.0, Sum: 123.3]
      [GC Worker End (ms): Min: 439517515.7, Avg: 439517515.7, Max: 439517515.7, Diff: 0.1]
   [Code Root Fixup: 0.0 ms]
   [Code Root Purge: 0.0 ms]
   [Clear CT: 0.8 ms]
   [Other: 146.5 ms]
      [Choose CSet: 0.0 ms]
      [Ref Proc: 146.1 ms]
      [Ref Enq: 0.1 ms]
      [Redirty Cards: 0.1 ms]
      [Humongous Register: 0.0 ms]
      [Humongous Reclaim: 0.0 ms]
      [Free CSet: 0.1 ms]
   [Eden: 7152.0M(7152.0M)->0.0B(7152.0M) Survivors: 16384.0K->16384.0K Heap: 10651.2M(14336.0M)->3497.4M(14336.0M)]
 [Times: user=0.71 sys=0.00, real=0.17 secs] 
2022-09-28T02:01:24.552-0600: 439517.663: [GC concurrent-root-region-scan-start]
2022-09-28T02:01:24.558-0600: 439517.669: [GC concurrent-root-region-scan-end, 0.0057749 secs]
2022-09-28T02:01:24.558-0600: 439517.669: [GC concurrent-mark-start]
2022-09-28T02:01:25.871-0600: 439518.982: [GC concurrent-mark-end, 1.3132266 secs]
2022-09-28T02:01:25.871-0600: 439518.982: [GC remark 2022-09-28T02:01:25.871-0600: 439518.982: [Finalize Marking, 0.0023044 secs] 2022-09-28T02:01:25.874-0600: 439518.985: [GC ref-proc, 0.0367537 secs] 2022-09-28T02:01:25.910-0600: 439519.021: [Unloading, 0.0255418 secs], 0.0689211 secs]
 [Times: user=0.26 sys=0.00, real=0.07 secs] 
2022-09-28T02:01:25.940-0600: 439519.051: [GC cleanup 3609M->3609M(14336M), 0.0120871 secs]
 [Times: user=0.03 sys=0.00, real=0.01 secs] 
2022-09-28T02:03:02.828-0600: 439615.939: [GC pause (G1 Evacuation Pause) (young), 0.0468858 secs]
   [Parallel Time: 8.9 ms, GC Workers: 8]
      [GC Worker Start (ms): Min: 439615939.4, Avg: 439615943.9, Max: 439615948.1, Diff: 8.7]
      [Ext Root Scanning (ms): Min: 0.0, Avg: 0.8, Max: 2.9, Diff: 2.9, Sum: 6.1]
      [Update RS (ms): Min: 0.0, Avg: 0.9, Max: 2.8, Diff: 2.8, Sum: 7.4]
         [Processed Buffers: Min: 0, Avg: 5.4, Max: 16, Diff: 16, Sum: 43]
      [Scan RS (ms): Min: 0.0, Avg: 0.0, Max: 0.1, Diff: 0.1, Sum: 0.2]
      [Code Root Scanning (ms): Min: 0.0, Avg: 0.0, Max: 0.0, Diff: 0.0, Sum: 0.0]
      [Object Copy (ms): Min: 0.0, Avg: 1.3, Max: 2.7, Diff: 2.7, Sum: 10.1]
      [Termination (ms): Min: 0.0, Avg: 1.3, Max: 1.9, Diff: 1.9, Sum: 10.3]
         [Termination Attempts: Min: 1, Avg: 4.2, Max: 14, Diff: 13, Sum: 34]
      [GC Worker Other (ms): Min: 0.0, Avg: 0.0, Max: 0.0, Diff: 0.0, Sum: 0.0]
      [GC Worker Total (ms): Min: 0.0, Avg: 4.3, Max: 8.8, Diff: 8.8, Sum: 34.2]
      [GC Worker End (ms): Min: 439615948.1, Avg: 439615948.1, Max: 439615948.2, Diff: 0.1]
   [Code Root Fixup: 0.0 ms]
   [Code Root Purge: 0.0 ms]
   [Clear CT: 0.8 ms]
   [Other: 37.2 ms]
      [Choose CSet: 0.0 ms]
      [Ref Proc: 36.8 ms]
      [Ref Enq: 0.1 ms]
      [Redirty Cards: 0.1 ms]
      [Humongous Register: 0.0 ms]
      [Humongous Reclaim: 0.0 ms]
      [Free CSet: 0.1 ms]
   [Eden: 7152.0M(7152.0M)->0.0B(5712.0M) Survivors: 16384.0K->16384.0K Heap: 10649.4M(14336.0M)->3499.2M(14336.0M)]
 [Times: user=0.17 sys=0.00, real=0.04 secs] 
2022-09-28T02:04:21.033-0600: 439694.143: [GC pause (G1 Evacuation Pause) (mixed), 0.0446762 secs]
   [Parallel Time: 21.4 ms, GC Workers: 8]
      [GC Worker Start (ms): Min: 439694143.5, Avg: 439694155.7, Max: 439694164.7, Diff: 21.2]
      [Ext Root Scanning (ms): Min: 0.0, Avg: 0.8, Max: 3.5, Diff: 3.5, Sum: 6.7]
      [Update RS (ms): Min: 0.0, Avg: 1.0, Max: 2.8, Diff: 2.8, Sum: 7.9]
         [Processed Buffers: Min: 0, Avg: 5.4, Max: 18, Diff: 18, Sum: 43]
      [Scan RS (ms): Min: 0.0, Avg: 0.1, Max: 0.4, Diff: 0.4, Sum: 1.1]
      [Code Root Scanning (ms): Min: 0.0, Avg: 0.0, Max: 0.0, Diff: 0.0, Sum: 0.0]
      [Object Copy (ms): Min: 0.0, Avg: 1.1, Max: 3.2, Diff: 3.2, Sum: 9.0]
      [Termination (ms): Min: 0.0, Avg: 5.9, Max: 11.8, Diff: 11.8, Sum: 47.4]
         [Termination Attempts: Min: 1, Avg: 2.5, Max: 10, Diff: 9, Sum: 20]
      [GC Worker Other (ms): Min: 0.0, Avg: 0.0, Max: 0.0, Diff: 0.0, Sum: 0.1]
      [GC Worker Total (ms): Min: 0.0, Avg: 9.0, Max: 21.3, Diff: 21.3, Sum: 72.1]
      [GC Worker End (ms): Min: 439694164.7, Avg: 439694164.8, Max: 439694164.8, Diff: 0.1]
   [Code Root Fixup: 0.0 ms]
   [Code Root Purge: 0.0 ms]
   [Clear CT: 0.7 ms]
   [Other: 22.6 ms]
      [Choose CSet: 0.0 ms]
      [Ref Proc: 22.2 ms]
      [Ref Enq: 0.1 ms]
      [Redirty Cards: 0.1 ms]
      [Humongous Register: 0.0 ms]
      [Humongous Reclaim: 0.0 ms]
      [Free CSet: 0.1 ms]
   [Eden: 5712.0M(5712.0M)->0.0B(7152.0M) Survivors: 16384.0K->16384.0K Heap: 9211.2M(14336.0M)->3486.8M(14336.0M)]
 [Times: user=0.17 sys=0.00, real=0.04 secs] 
2022-09-28T02:06:00.283-0600: 439793.394: [GC pause (G1 Evacuation Pause) (young), 0.3971562 secs]
   [Parallel Time: 24.9 ms, GC Workers: 8]
      [GC Worker Start (ms): Min: 439793394.3, Avg: 439793399.5, Max: 439793403.2, Diff: 8.9]
      [Ext Root Scanning (ms): Min: 0.0, Avg: 0.8, Max: 2.9, Diff: 2.9, Sum: 6.7]
      [Update RS (ms): Min: 0.0, Avg: 1.3, Max: 3.7, Diff: 3.7, Sum: 10.4]
         [Processed Buffers: Min: 0, Avg: 7.2, Max: 27, Diff: 27, Sum: 58]
      [Scan RS (ms): Min: 0.0, Avg: 0.0, Max: 0.1, Diff: 0.1, Sum: 0.2]
      [Code Root Scanning (ms): Min: 0.0, Avg: 0.0, Max: 0.0, Diff: 0.0, Sum: 0.0]
      [Object Copy (ms): Min: 0.0, Avg: 1.2, Max: 3.5, Diff: 3.5, Sum: 9.8]
      [Termination (ms): Min: 0.0, Avg: 2.7, Max: 16.6, Diff: 16.6, Sum: 21.5]
         [Termination Attempts: Min: 1, Avg: 1.1, Max: 2, Diff: 1, Sum: 9]
      [GC Worker Other (ms): Min: 0.0, Avg: 0.0, Max: 0.0, Diff: 0.0, Sum: 0.1]
      [GC Worker Total (ms): Min: 0.4, Avg: 6.1, Max: 24.8, Diff: 24.4, Sum: 48.8]
      [GC Worker End (ms): Min: 439793403.6, Avg: 439793405.6, Max: 439793419.1, Diff: 15.5]
   [Code Root Fixup: 0.0 ms]
   [Code Root Purge: 0.0 ms]
   [Clear CT: 3.7 ms]
   [Other: 368.5 ms]
      [Choose CSet: 0.0 ms]
      [Ref Proc: 368.1 ms]
      [Ref Enq: 0.1 ms]
      [Redirty Cards: 0.1 ms]
      [Humongous Register: 0.0 ms]
      [Humongous Reclaim: 0.0 ms]
      [Free CSet: 0.1 ms]
   [Eden: 7152.0M(7152.0M)->0.0B(5712.0M) Survivors: 16384.0K->16384.0K Heap: 10638.8M(14336.0M)->3486.1M(14336.0M)]
 [Times: user=0.21 sys=0.00, real=0.40 secs] 
2022-09-28T02:07:18.684-0600: 439871.795: [GC pause (G1 Evacuation Pause) (young) (initial-mark), 0.0451977 secs]
   [Parallel Time: 24.1 ms, GC Workers: 8]
      [GC Worker Start (ms): Min: 439871796.8, Avg: 439871800.8, Max: 439871802.3, Diff: 5.5]
      [Ext Root Scanning (ms): Min: 4.8, Avg: 10.0, Max: 16.3, Diff: 11.5, Sum: 79.7]
      [Update RS (ms): Min: 0.0, Avg: 2.0, Max: 4.4, Diff: 4.4, Sum: 15.8]
         [Processed Buffers: Min: 0, Avg: 5.0, Max: 16, Diff: 16, Sum: 40]
      [Scan RS (ms): Min: 0.0, Avg: 0.0, Max: 0.1, Diff: 0.1, Sum: 0.4]
      [Code Root Scanning (ms): Min: 0.0, Avg: 0.0, Max: 0.0, Diff: 0.0, Sum: 0.0]
      [Object Copy (ms): Min: 0.0, Avg: 3.6, Max: 5.5, Diff: 5.5, Sum: 28.6]
      [Termination (ms): Min: 0.0, Avg: 2.3, Max: 2.8, Diff: 2.8, Sum: 18.7]
         [Termination Attempts: Min: 1, Avg: 1.8, Max: 3, Diff: 2, Sum: 14]
      [GC Worker Other (ms): Min: 0.0, Avg: 0.0, Max: 0.0, Diff: 0.0, Sum: 0.1]
      [GC Worker Total (ms): Min: 16.3, Avg: 17.9, Max: 22.0, Diff: 5.6, Sum: 143.4]
      [GC Worker End (ms): Min: 439871818.6, Avg: 439871818.7, Max: 439871818.9, Diff: 0.3]
   [Code Root Fixup: 0.0 ms]
   [Code Root Purge: 0.0 ms]
   [Clear CT: 0.8 ms]
   [Other: 20.3 ms]
      [Choose CSet: 0.0 ms]
      [Ref Proc: 19.6 ms]
      [Ref Enq: 0.2 ms]
      [Redirty Cards: 0.2 ms]
      [Humongous Register: 0.0 ms]
      [Humongous Reclaim: 0.0 ms]
      [Free CSet: 0.1 ms]
   [Eden: 5712.0M(5712.0M)->0.0B(7152.0M) Survivors: 16384.0K->16384.0K Heap: 9198.1M(14336.0M)->3486.6M(14336.0M)]
 [Times: user=0.16 sys=0.00, real=0.05 secs] 
2022-09-28T02:07:18.729-0600: 439871.840: [GC concurrent-root-region-scan-start]
2022-09-28T02:07:18.738-0600: 439871.849: [GC concurrent-root-region-scan-end, 0.0092484 secs]
2022-09-28T02:07:18.738-0600: 439871.849: [GC concurrent-mark-start]
2022-09-28T02:07:20.158-0600: 439873.269: [GC concurrent-mark-end, 1.4195051 secs]
2022-09-28T02:07:20.164-0600: 439873.275: [GC remark 2022-09-28T02:07:20.164-0600: 439873.275: [Finalize Marking, 0.0024243 secs] 2022-09-28T02:07:20.167-0600: 439873.278: [GC ref-proc, 0.0307765 secs] 2022-09-28T02:07:20.198-0600: 439873.309: [Unloading, 0.0323930 secs], 0.0707893 secs]
 [Times: user=0.27 sys=0.00, real=0.07 secs] 
2022-09-28T02:07:20.235-0600: 439873.346: [GC cleanup 3630M->3630M(14336M), 0.0089032 secs]
 [Times: user=0.02 sys=0.00, real=0.01 secs] 
2022-09-28T02:08:57.180-0600: 439970.291: [GC pause (G1 Evacuation Pause) (young), 0.5154534 secs]
   [Parallel Time: 8.6 ms, GC Workers: 8]
      [GC Worker Start (ms): Min: 439970291.4, Avg: 439970296.1, Max: 439970299.8, Diff: 8.4]
      [Ext Root Scanning (ms): Min: 0.0, Avg: 0.8, Max: 3.0, Diff: 3.0, Sum: 6.4]
      [Update RS (ms): Min: 0.0, Avg: 1.0, Max: 2.6, Diff: 2.6, Sum: 8.0]
         [Processed Buffers: Min: 0, Avg: 5.9, Max: 18, Diff: 18, Sum: 47]
      [Scan RS (ms): Min: 0.0, Avg: 0.0, Max: 0.1, Diff: 0.1, Sum: 0.2]
      [Code Root Scanning (ms): Min: 0.0, Avg: 0.0, Max: 0.0, Diff: 0.0, Sum: 0.0]
      [Object Copy (ms): Min: 0.0, Avg: 1.2, Max: 2.5, Diff: 2.5, Sum: 9.7]
      [Termination (ms): Min: 0.0, Avg: 0.7, Max: 1.2, Diff: 1.2, Sum: 5.9]
         [Termination Attempts: Min: 1, Avg: 4.2, Max: 11, Diff: 10, Sum: 34]
      [GC Worker Other (ms): Min: 0.0, Avg: 0.0, Max: 0.0, Diff: 0.0, Sum: 0.0]
      [GC Worker Total (ms): Min: 0.0, Avg: 3.8, Max: 8.5, Diff: 8.5, Sum: 30.2]
      [GC Worker End (ms): Min: 439970299.8, Avg: 439970299.9, Max: 439970299.9, Diff: 0.1]
   [Code Root Fixup: 0.0 ms]
   [Code Root Purge: 0.0 ms]
   [Clear CT: 11.6 ms]
   [Other: 495.3 ms]
      [Choose CSet: 0.0 ms]
      [Ref Proc: 494.7 ms]
      [Ref Enq: 0.2 ms]
      [Redirty Cards: 0.1 ms]
      [Humongous Register: 0.0 ms]
      [Humongous Reclaim: 0.0 ms]
      [Free CSet: 0.2 ms]
   [Eden: 7152.0M(7152.0M)->0.0B(5712.0M) Survivors: 16384.0K->16384.0K Heap: 10638.6M(14336.0M)->3487.8M(14336.0M)]
 [Times: user=2.54 sys=0.00, real=0.51 secs] 
2022-09-28T02:10:16.782-0600: 440049.893: [GC pause (G1 Evacuation Pause) (mixed), 0.3188688 secs]
   [Parallel Time: 275.4 ms, GC Workers: 8]
      [GC Worker Start (ms): Min: 440049893.0, Avg: 440050133.1, Max: 440050168.3, Diff: 275.3]
      [Ext Root Scanning (ms): Min: 0.0, Avg: 0.7, Max: 5.7, Diff: 5.7, Sum: 5.7]
      [Update RS (ms): Min: 0.0, Avg: 0.8, Max: 6.3, Diff: 6.3, Sum: 6.3]
         [Processed Buffers: Min: 0, Avg: 5.2, Max: 42, Diff: 42, Sum: 42]
      [Scan RS (ms): Min: 0.0, Avg: 0.2, Max: 1.2, Diff: 1.2, Sum: 1.3]
      [Code Root Scanning (ms): Min: 0.0, Avg: 0.0, Max: 0.0, Diff: 0.0, Sum: 0.0]
      [Object Copy (ms): Min: 0.0, Avg: 0.9, Max: 6.8, Diff: 6.8, Sum: 6.8]
      [Termination (ms): Min: 0.0, Avg: 32.7, Max: 255.3, Diff: 255.3, Sum: 261.6]
         [Termination Attempts: Min: 1, Avg: 1.0, Max: 1, Diff: 0, Sum: 8]
      [GC Worker Other (ms): Min: 0.0, Avg: 0.0, Max: 0.0, Diff: 0.0, Sum: 0.0]
      [GC Worker Total (ms): Min: 0.0, Avg: 35.2, Max: 275.3, Diff: 275.3, Sum: 281.8]
      [GC Worker End (ms): Min: 440050168.3, Avg: 440050168.3, Max: 440050168.4, Diff: 0.1]
   [Code Root Fixup: 0.0 ms]
   [Code Root Purge: 0.0 ms]
   [Clear CT: 0.8 ms]
   [Other: 42.7 ms]
      [Choose CSet: 0.0 ms]
      [Ref Proc: 42.4 ms]
      [Ref Enq: 0.1 ms]
      [Redirty Cards: 0.1 ms]
      [Humongous Register: 0.0 ms]
      [Humongous Reclaim: 0.0 ms]
      [Free CSet: 0.1 ms]
   [Eden: 5712.0M(5712.0M)->0.0B(5712.0M) Survivors: 16384.0K->16384.0K Heap: 9199.8M(14336.0M)->3474.9M(14336.0M)]
 [Times: user=0.40 sys=0.00, real=0.32 secs] 
2022-09-28T02:11:35.826-0600: 440128.937: [GC pause (G1 Evacuation Pause) (young), 0.0371996 secs]
   [Parallel Time: 14.3 ms, GC Workers: 8]
      [GC Worker Start (ms): Min: 440128937.1, Avg: 440128941.7, Max: 440128946.7, Diff: 9.6]
      [Ext Root Scanning (ms): Min: 0.0, Avg: 0.8, Max: 3.0, Diff: 3.0, Sum: 6.5]
      [Update RS (ms): Min: 0.0, Avg: 1.5, Max: 3.1, Diff: 3.1, Sum: 11.7]
         [Processed Buffers: Min: 0, Avg: 7.0, Max: 18, Diff: 18, Sum: 56]
      [Scan RS (ms): Min: 0.0, Avg: 0.0, Max: 0.1, Diff: 0.1, Sum: 0.2]
      [Code Root Scanning (ms): Min: 0.0, Avg: 0.0, Max: 0.0, Diff: 0.0, Sum: 0.0]
      [Object Copy (ms): Min: 0.0, Avg: 2.2, Max: 8.5, Diff: 8.5, Sum: 17.4]
      [Termination (ms): Min: 0.0, Avg: 5.1, Max: 6.3, Diff: 6.3, Sum: 40.4]
         [Termination Attempts: Min: 1, Avg: 6.4, Max: 16, Diff: 15, Sum: 51]
      [GC Worker Other (ms): Min: 0.0, Avg: 0.0, Max: 0.0, Diff: 0.0, Sum: 0.0]
      [GC Worker Total (ms): Min: 4.5, Avg: 9.5, Max: 14.0, Diff: 9.5, Sum: 76.2]
      [GC Worker End (ms): Min: 440128951.1, Avg: 440128951.2, Max: 440128951.2, Diff: 0.1]
   [Code Root Fixup: 0.0 ms]
   [Code Root Purge: 0.0 ms]
   [Clear CT: 0.7 ms]
   [Other: 22.2 ms]
      [Choose CSet: 0.0 ms]
      [Ref Proc: 21.9 ms]
      [Ref Enq: 0.1 ms]
      [Redirty Cards: 0.1 ms]
      [Humongous Register: 0.0 ms]
      [Humongous Reclaim: 0.0 ms]
      [Free CSet: 0.1 ms]
   [Eden: 5712.0M(5712.0M)->0.0B(5712.0M) Survivors: 16384.0K->16384.0K Heap: 9186.9M(14336.0M)->3474.8M(14336.0M)]
 [Times: user=0.13 sys=0.00, real=0.04 secs] 
2022-09-28T02:12:52.655-0600: 440205.766: [GC pause (G1 Evacuation Pause) (young) (initial-mark), 0.0458691 secs]
   [Parallel Time: 13.2 ms, GC Workers: 8]
      [GC Worker Start (ms): Min: 440205766.9, Avg: 440205768.0, Max: 440205769.0, Diff: 2.1]
      [Ext Root Scanning (ms): Min: 3.6, Avg: 5.3, Max: 9.7, Diff: 6.1, Sum: 42.2]
      [Update RS (ms): Min: 0.0, Avg: 1.2, Max: 2.0, Diff: 2.0, Sum: 9.4]
         [Processed Buffers: Min: 0, Avg: 5.8, Max: 17, Diff: 17, Sum: 46]
      [Scan RS (ms): Min: 0.0, Avg: 0.0, Max: 0.1, Diff: 0.1, Sum: 0.2]
      [Code Root Scanning (ms): Min: 0.0, Avg: 0.0, Max: 0.0, Diff: 0.0, Sum: 0.0]
      [Object Copy (ms): Min: 0.0, Avg: 1.5, Max: 2.2, Diff: 2.2, Sum: 12.1]
      [Termination (ms): Min: 0.0, Avg: 2.8, Max: 3.4, Diff: 3.4, Sum: 22.1]
         [Termination Attempts: Min: 1, Avg: 18.8, Max: 37, Diff: 36, Sum: 150]
      [GC Worker Other (ms): Min: 0.0, Avg: 0.0, Max: 0.0, Diff: 0.0, Sum: 0.0]
      [GC Worker Total (ms): Min: 9.7, Avg: 10.8, Max: 11.9, Diff: 2.2, Sum: 86.1]
      [GC Worker End (ms): Min: 440205778.7, Avg: 440205778.8, Max: 440205778.8, Diff: 0.1]
   [Code Root Fixup: 0.0 ms]
   [Code Root Purge: 0.0 ms]
   [Clear CT: 0.5 ms]
   [Other: 32.2 ms]
      [Choose CSet: 0.0 ms]
      [Ref Proc: 31.8 ms]
      [Ref Enq: 0.1 ms]
      [Redirty Cards: 0.1 ms]
      [Humongous Register: 0.0 ms]
      [Humongous Reclaim: 0.0 ms]
      [Free CSet: 0.1 ms]
   [Eden: 5712.0M(5712.0M)->0.0B(5712.0M) Survivors: 16384.0K->16384.0K Heap: 9186.8M(14336.0M)->3475.9M(14336.0M)]
 [Times: user=0.19 sys=0.00, real=0.05 secs] 
2022-09-28T02:12:52.701-0600: 440205.812: [GC concurrent-root-region-scan-start]
2022-09-28T02:12:52.818-0600: 440205.929: [GC concurrent-root-region-scan-end, 0.1176097 secs]
2022-09-28T02:12:52.818-0600: 440205.929: [GC concurrent-mark-start]
2022-09-28T02:12:54.291-0600: 440207.402: [GC concurrent-mark-end, 1.4726621 secs]
2022-09-28T02:12:54.292-0600: 440207.403: [GC remark 2022-09-28T02:12:54.292-0600: 440207.403: [Finalize Marking, 0.0033732 secs] 2022-09-28T02:12:54.296-0600: 440207.407: [GC ref-proc, 0.0485571 secs] 2022-09-28T02:12:54.344-0600: 440207.455: [Unloading, 0.0250305 secs], 0.0817711 secs]
 [Times: user=0.34 sys=0.00, real=0.08 secs] 
2022-09-28T02:12:54.374-0600: 440207.485: [GC cleanup 3629M->3629M(14336M), 0.0097273 secs]
 [Times: user=0.03 sys=0.00, real=0.01 secs] 
2022-09-28T02:14:12.133-0600: 440285.244: [GC pause (G1 Evacuation Pause) (young), 0.0335805 secs]
   [Parallel Time: 9.0 ms, GC Workers: 8]
      [GC Worker Start (ms): Min: 440285244.4, Avg: 440285249.2, Max: 440285253.2, Diff: 8.9]
      [Ext Root Scanning (ms): Min: 0.0, Avg: 0.8, Max: 3.3, Diff: 3.3, Sum: 6.6]
      [Update RS (ms): Min: 0.0, Avg: 1.1, Max: 2.2, Diff: 2.2, Sum: 8.6]
         [Processed Buffers: Min: 0, Avg: 5.4, Max: 14, Diff: 14, Sum: 43]
      [Scan RS (ms): Min: 0.0, Avg: 0.0, Max: 0.1, Diff: 0.1, Sum: 0.2]
      [Code Root Scanning (ms): Min: 0.0, Avg: 0.0, Max: 0.0, Diff: 0.0, Sum: 0.0]
      [Object Copy (ms): Min: 0.0, Avg: 1.3, Max: 2.4, Diff: 2.4, Sum: 10.0]
      [Termination (ms): Min: 0.0, Avg: 0.8, Max: 1.2, Diff: 1.2, Sum: 6.7]
         [Termination Attempts: Min: 1, Avg: 6.5, Max: 18, Diff: 17, Sum: 52]
      [GC Worker Other (ms): Min: 0.0, Avg: 0.0, Max: 0.0, Diff: 0.0, Sum: 0.0]
      [GC Worker Total (ms): Min: 0.0, Avg: 4.0, Max: 8.9, Diff: 8.9, Sum: 32.1]
      [GC Worker End (ms): Min: 440285253.2, Avg: 440285253.2, Max: 440285253.3, Diff: 0.0]
   [Code Root Fixup: 0.0 ms]
   [Code Root Purge: 0.0 ms]
   [Clear CT: 0.7 ms]
   [Other: 23.9 ms]
      [Choose CSet: 0.0 ms]
      [Ref Proc: 23.3 ms]
      [Ref Enq: 0.2 ms]
      [Redirty Cards: 0.1 ms]
      [Humongous Register: 0.0 ms]
      [Humongous Reclaim: 0.0 ms]
      [Free CSet: 0.1 ms]
   [Eden: 5712.0M(5712.0M)->0.0B(7152.0M) Survivors: 16384.0K->16384.0K Heap: 9187.9M(14336.0M)->3478.6M(14336.0M)]
 [Times: user=0.10 sys=0.00, real=0.03 secs] 
2022-09-28T02:15:52.083-0600: 440385.194: [GC pause (G1 Evacuation Pause) (young), 0.4369453 secs]
   [Parallel Time: 349.2 ms, GC Workers: 8]
      [GC Worker Start (ms): Min: 440385193.9, Avg: 440385198.2, Max: 440385203.0, Diff: 9.0]
      [Ext Root Scanning (ms): Min: 0.0, Avg: 0.8, Max: 2.8, Diff: 2.8, Sum: 6.2]
      [Update RS (ms): Min: 0.0, Avg: 44.4, Max: 346.2, Diff: 346.2, Sum: 354.9]
         [Processed Buffers: Min: 0, Avg: 6.4, Max: 16, Diff: 16, Sum: 51]
      [Scan RS (ms): Min: 0.0, Avg: 0.0, Max: 0.1, Diff: 0.1, Sum: 0.2]
      [Code Root Scanning (ms): Min: 0.0, Avg: 0.0, Max: 0.0, Diff: 0.0, Sum: 0.0]
      [Object Copy (ms): Min: 0.0, Avg: 1.3, Max: 2.7, Diff: 2.6, Sum: 10.0]
      [Termination (ms): Min: 0.0, Avg: 298.2, Max: 341.3, Diff: 341.3, Sum: 2385.7]
         [Termination Attempts: Min: 1, Avg: 5.4, Max: 14, Diff: 13, Sum: 43]
      [GC Worker Other (ms): Min: 0.0, Avg: 0.0, Max: 0.0, Diff: 0.0, Sum: 0.1]
      [GC Worker Total (ms): Min: 339.8, Avg: 344.6, Max: 349.0, Diff: 9.2, Sum: 2757.1]
      [GC Worker End (ms): Min: 440385542.8, Avg: 440385542.8, Max: 440385542.9, Diff: 0.1]
   [Code Root Fixup: 0.0 ms]
   [Code Root Purge: 0.0 ms]
   [Clear CT: 1.0 ms]
   [Other: 86.8 ms]
      [Choose CSet: 0.0 ms]
      [Ref Proc: 86.3 ms]
      [Ref Enq: 0.1 ms]
      [Redirty Cards: 0.1 ms]
      [Humongous Register: 0.0 ms]
      [Humongous Reclaim: 0.0 ms]
      [Free CSet: 0.2 ms]
   [Eden: 7152.0M(7152.0M)->0.0B(7152.0M) Survivors: 16384.0K->16384.0K Heap: 10630.6M(14336.0M)->3478.8M(14336.0M)]
 [Times: user=2.55 sys=0.00, real=0.43 secs] 
2022-09-28T02:17:32.028-0600: 440485.139: [GC pause (G1 Evacuation Pause) (young) (initial-mark), 0.0714051 secs]
   [Parallel Time: 40.1 ms, GC Workers: 8]
      [GC Worker Start (ms): Min: 440485152.9, Avg: 440485155.8, Max: 440485156.7, Diff: 3.9]
      [Ext Root Scanning (ms): Min: 1.9, Avg: 7.8, Max: 10.9, Diff: 8.9, Sum: 62.0]
      [Update RS (ms): Min: 0.0, Avg: 0.9, Max: 2.8, Diff: 2.8, Sum: 6.9]
         [Processed Buffers: Min: 0, Avg: 5.6, Max: 26, Diff: 26, Sum: 45]
      [Scan RS (ms): Min: 0.0, Avg: 0.0, Max: 0.1, Diff: 0.1, Sum: 0.2]
      [Code Root Scanning (ms): Min: 0.0, Avg: 0.0, Max: 0.0, Diff: 0.0, Sum: 0.0]
      [Object Copy (ms): Min: 0.0, Avg: 2.8, Max: 17.2, Diff: 17.2, Sum: 22.6]
      [Termination (ms): Min: 0.0, Avg: 11.6, Max: 14.8, Diff: 14.8, Sum: 92.9]
         [Termination Attempts: Min: 1, Avg: 1.0, Max: 1, Diff: 0, Sum: 8]
      [GC Worker Other (ms): Min: 0.0, Avg: 0.0, Max: 0.0, Diff: 0.0, Sum: 0.0]
      [GC Worker Total (ms): Min: 22.1, Avg: 23.1, Max: 26.0, Diff: 3.9, Sum: 184.7]
      [GC Worker End (ms): Min: 440485178.8, Avg: 440485178.9, Max: 440485179.0, Diff: 0.2]
   [Code Root Fixup: 0.0 ms]
   [Code Root Purge: 0.0 ms]
   [Clear CT: 1.0 ms]
   [Other: 30.4 ms]
      [Choose CSet: 0.0 ms]
      [Ref Proc: 29.8 ms]
      [Ref Enq: 0.2 ms]
      [Redirty Cards: 0.1 ms]
      [Humongous Register: 0.0 ms]
      [Humongous Reclaim: 0.0 ms]
      [Free CSet: 0.2 ms]
   [Eden: 7152.0M(7152.0M)->0.0B(7152.0M) Survivors: 16384.0K->16384.0K Heap: 10630.8M(14336.0M)->3479.0M(14336.0M)]
 [Times: user=0.22 sys=0.00, real=0.07 secs] 
2022-09-28T02:17:32.099-0600: 440485.210: [GC concurrent-root-region-scan-start]
2022-09-28T02:17:32.107-0600: 440485.218: [GC concurrent-root-region-scan-end, 0.0073324 secs]
2022-09-28T02:17:32.107-0600: 440485.218: [GC concurrent-mark-start]
2022-09-28T02:17:33.422-0600: 440486.532: [GC concurrent-mark-end, 1.3146696 secs]
2022-09-28T02:17:33.422-0600: 440486.533: [GC remark 2022-09-28T02:17:33.422-0600: 440486.533: [Finalize Marking, 0.0012111 secs] 2022-09-28T02:17:33.423-0600: 440486.534: [GC ref-proc, 0.0284724 secs] 2022-09-28T02:17:33.452-0600: 440486.563: [Unloading, 0.0241819 secs], 0.0663663 secs]
 [Times: user=0.29 sys=0.00, real=0.06 secs] 
2022-09-28T02:17:33.488-0600: 440486.599: [GC cleanup 3607M->3607M(14336M), 0.0089911 secs]
 [Times: user=0.02 sys=0.00, real=0.00 secs] 
2022-09-28T02:19:13.334-0600: 440586.445: [GC pause (G1 Evacuation Pause) (young), 0.0387587 secs]
   [Parallel Time: 11.4 ms, GC Workers: 8]
      [GC Worker Start (ms): Min: 440586444.8, Avg: 440586451.8, Max: 440586456.0, Diff: 11.3]
      [Ext Root Scanning (ms): Min: 0.0, Avg: 0.7, Max: 3.1, Diff: 3.1, Sum: 6.0]
      [Update RS (ms): Min: 0.0, Avg: 0.8, Max: 3.2, Diff: 3.2, Sum: 6.4]
         [Processed Buffers: Min: 0, Avg: 5.2, Max: 26, Diff: 26, Sum: 42]
      [Scan RS (ms): Min: 0.0, Avg: 0.0, Max: 0.1, Diff: 0.1, Sum: 0.2]
      [Code Root Scanning (ms): Min: 0.0, Avg: 0.5, Max: 4.0, Diff: 4.0, Sum: 4.0]
      [Object Copy (ms): Min: 0.0, Avg: 1.5, Max: 3.9, Diff: 3.9, Sum: 11.9]
      [Termination (ms): Min: 0.0, Avg: 0.7, Max: 1.0, Diff: 1.0, Sum: 5.6]
         [Termination Attempts: Min: 1, Avg: 10.5, Max: 30, Diff: 29, Sum: 84]
      [GC Worker Other (ms): Min: 0.0, Avg: 0.0, Max: 0.0, Diff: 0.0, Sum: 0.0]
      [GC Worker Total (ms): Min: 0.0, Avg: 4.3, Max: 11.3, Diff: 11.3, Sum: 34.2]
      [GC Worker End (ms): Min: 440586456.1, Avg: 440586456.1, Max: 440586456.1, Diff: 0.0]
   [Code Root Fixup: 0.0 ms]
   [Code Root Purge: 0.0 ms]
   [Clear CT: 0.6 ms]
   [Other: 26.7 ms]
      [Choose CSet: 0.0 ms]
      [Ref Proc: 26.3 ms]
      [Ref Enq: 0.1 ms]
      [Redirty Cards: 0.1 ms]
      [Humongous Register: 0.0 ms]
      [Humongous Reclaim: 0.0 ms]
      [Free CSet: 0.1 ms]
   [Eden: 7152.0M(7152.0M)->0.0B(7152.0M) Survivors: 16384.0K->16384.0K Heap: 10631.0M(14336.0M)->3481.9M(14336.0M)]
 [Times: user=0.12 sys=0.00, real=0.04 secs] 
2022-09-28T02:20:54.781-0600: 440687.892: [GC pause (G1 Evacuation Pause) (young), 0.3065843 secs]
   [Parallel Time: 268.4 ms, GC Workers: 8]
      [GC Worker Start (ms): Min: 440687892.5, Avg: 440687961.4, Max: 440688160.6, Diff: 268.1]
      [Ext Root Scanning (ms): Min: 0.0, Avg: 0.8, Max: 2.9, Diff: 2.9, Sum: 6.0]
      [Update RS (ms): Min: 0.0, Avg: 1.0, Max: 2.7, Diff: 2.7, Sum: 8.4]
         [Processed Buffers: Min: 0, Avg: 6.2, Max: 19, Diff: 19, Sum: 50]
      [Scan RS (ms): Min: 0.0, Avg: 0.0, Max: 0.1, Diff: 0.1, Sum: 0.2]
      [Code Root Scanning (ms): Min: 0.0, Avg: 0.0, Max: 0.0, Diff: 0.0, Sum: 0.0]
      [Object Copy (ms): Min: 0.0, Avg: 1.0, Max: 2.0, Diff: 2.0, Sum: 7.8]
      [Termination (ms): Min: 0.0, Avg: 196.4, Max: 262.0, Diff: 262.0, Sum: 1571.4]
         [Termination Attempts: Min: 1, Avg: 7.0, Max: 23, Diff: 22, Sum: 56]
      [GC Worker Other (ms): Min: 0.0, Avg: 0.0, Max: 0.0, Diff: 0.0, Sum: 0.0]
      [GC Worker Total (ms): Min: 0.0, Avg: 199.2, Max: 268.3, Diff: 268.3, Sum: 1593.9]
      [GC Worker End (ms): Min: 440688160.6, Avg: 440688160.7, Max: 440688160.8, Diff: 0.2]
   [Code Root Fixup: 0.0 ms]
   [Code Root Purge: 0.0 ms]
   [Clear CT: 0.9 ms]
   [Other: 37.3 ms]
      [Choose CSet: 0.0 ms]
      [Ref Proc: 36.9 ms]
      [Ref Enq: 0.1 ms]
      [Redirty Cards: 0.1 ms]
      [Humongous Register: 0.0 ms]
      [Humongous Reclaim: 0.0 ms]
      [Free CSet: 0.1 ms]
   [Eden: 7152.0M(7152.0M)->0.0B(7152.0M) Survivors: 16384.0K->16384.0K Heap: 10633.9M(14336.0M)->3480.4M(14336.0M)]
 [Times: user=1.65 sys=0.00, real=0.30 secs] 
2022-09-28T02:22:33.109-0600: 440786.220: [GC pause (G1 Evacuation Pause) (young) (initial-mark), 0.0494479 secs]
   [Parallel Time: 15.9 ms, GC Workers: 8]
      [GC Worker Start (ms): Min: 440786221.2, Avg: 440786223.4, Max: 440786224.4, Diff: 3.2]
      [Ext Root Scanning (ms): Min: 2.9, Avg: 6.8, Max: 11.2, Diff: 8.3, Sum: 54.5]
      [Update RS (ms): Min: 0.0, Avg: 1.3, Max: 2.4, Diff: 2.4, Sum: 10.4]
         [Processed Buffers: Min: 0, Avg: 5.4, Max: 16, Diff: 16, Sum: 43]
      [Scan RS (ms): Min: 0.0, Avg: 0.0, Max: 0.1, Diff: 0.1, Sum: 0.2]
      [Code Root Scanning (ms): Min: 0.0, Avg: 0.0, Max: 0.0, Diff: 0.0, Sum: 0.0]
      [Object Copy (ms): Min: 0.0, Avg: 1.5, Max: 2.6, Diff: 2.6, Sum: 12.1]
      [Termination (ms): Min: 0.0, Avg: 2.5, Max: 3.7, Diff: 3.7, Sum: 19.9]
         [Termination Attempts: Min: 1, Avg: 1.6, Max: 4, Diff: 3, Sum: 13]
      [GC Worker Other (ms): Min: 0.0, Avg: 0.0, Max: 0.0, Diff: 0.0, Sum: 0.1]
      [GC Worker Total (ms): Min: 11.2, Avg: 12.2, Max: 14.4, Diff: 3.3, Sum: 97.3]
      [GC Worker End (ms): Min: 440786235.6, Avg: 440786235.6, Max: 440786235.7, Diff: 0.1]
   [Code Root Fixup: 0.0 ms]
   [Code Root Purge: 0.0 ms]
   [Clear CT: 0.8 ms]
   [Other: 32.7 ms]
      [Choose CSet: 0.0 ms]
      [Ref Proc: 32.2 ms]
      [Ref Enq: 0.1 ms]
      [Redirty Cards: 0.1 ms]
      [Humongous Register: 0.0 ms]
      [Humongous Reclaim: 0.0 ms]
      [Free CSet: 0.1 ms]
   [Eden: 7152.0M(7152.0M)->0.0B(7152.0M) Survivors: 16384.0K->16384.0K Heap: 10632.4M(14336.0M)->3482.1M(14336.0M)]
 [Times: user=0.18 sys=0.00, real=0.04 secs] 
2022-09-28T02:22:33.158-0600: 440786.269: [GC concurrent-root-region-scan-start]
2022-09-28T02:22:33.168-0600: 440786.279: [GC concurrent-root-region-scan-end, 0.0091973 secs]
2022-09-28T02:22:33.168-0600: 440786.279: [GC concurrent-mark-start]
2022-09-28T02:22:34.497-0600: 440787.608: [GC concurrent-mark-end, 1.3289869 secs]
2022-09-28T02:22:34.497-0600: 440787.608: [GC remark 2022-09-28T02:22:34.497-0600: 440787.608: [Finalize Marking, 0.0026172 secs] 2022-09-28T02:22:34.499-0600: 440787.610: [GC ref-proc, 0.0376294 secs] 2022-09-28T02:22:34.537-0600: 440787.648: [Unloading, 0.4042958 secs], 0.4503454 secs]
 [Times: user=0.27 sys=0.00, real=0.45 secs] 
2022-09-28T02:22:34.947-0600: 440788.058: [GC cleanup 3594M->3594M(14336M), 0.0095218 secs]
 [Times: user=0.03 sys=0.00, real=0.01 secs] 
2022-09-28T02:24:11.429-0600: 440884.540: [GC pause (G1 Evacuation Pause) (young), 0.1545214 secs]
   [Parallel Time: 87.0 ms, GC Workers: 8]
      [GC Worker Start (ms): Min: 440884615.9, Avg: 440884622.4, Max: 440884627.0, Diff: 11.1]
      [Ext Root Scanning (ms): Min: 0.0, Avg: 0.8, Max: 3.3, Diff: 3.3, Sum: 6.4]
      [Update RS (ms): Min: 0.0, Avg: 1.3, Max: 4.3, Diff: 4.3, Sum: 10.3]
         [Processed Buffers: Min: 0, Avg: 5.5, Max: 19, Diff: 19, Sum: 44]
      [Scan RS (ms): Min: 0.0, Avg: 0.0, Max: 0.1, Diff: 0.1, Sum: 0.2]
      [Code Root Scanning (ms): Min: 0.0, Avg: 0.0, Max: 0.0, Diff: 0.0, Sum: 0.0]
      [Object Copy (ms): Min: 0.0, Avg: 1.0, Max: 2.2, Diff: 2.2, Sum: 7.8]
      [Termination (ms): Min: 0.0, Avg: 1.5, Max: 2.3, Diff: 2.3, Sum: 12.3]
         [Termination Attempts: Min: 1, Avg: 1.8, Max: 4, Diff: 3, Sum: 14]
      [GC Worker Other (ms): Min: 0.0, Avg: 0.0, Max: 0.0, Diff: 0.0, Sum: 0.0]
      [GC Worker Total (ms): Min: 0.0, Avg: 4.6, Max: 11.1, Diff: 11.1, Sum: 37.1]
      [GC Worker End (ms): Min: 440884627.0, Avg: 440884627.0, Max: 440884627.0, Diff: 0.0]
   [Code Root Fixup: 0.0 ms]
   [Code Root Purge: 0.0 ms]
   [Clear CT: 0.8 ms]
   [Other: 66.7 ms]
      [Choose CSet: 0.0 ms]
      [Ref Proc: 66.3 ms]
      [Ref Enq: 0.1 ms]
      [Redirty Cards: 0.1 ms]
      [Humongous Register: 0.0 ms]
      [Humongous Reclaim: 0.0 ms]
      [Free CSet: 0.1 ms]
   [Eden: 7152.0M(7152.0M)->0.0B(7152.0M) Survivors: 16384.0K->16384.0K Heap: 10634.1M(14336.0M)->3485.1M(14336.0M)]
 [Times: user=0.20 sys=0.00, real=0.15 secs] 
2022-09-28T02:25:49.483-0600: 440982.594: [GC pause (G1 Evacuation Pause) (young), 0.0316115 secs]
   [Parallel Time: 8.1 ms, GC Workers: 8]
      [GC Worker Start (ms): Min: 440982593.9, Avg: 440982597.6, Max: 440982601.8, Diff: 7.9]
      [Ext Root Scanning (ms): Min: 0.0, Avg: 0.8, Max: 3.1, Diff: 3.1, Sum: 6.8]
      [Update RS (ms): Min: 0.0, Avg: 1.1, Max: 2.6, Diff: 2.6, Sum: 9.2]
         [Processed Buffers: Min: 0, Avg: 6.6, Max: 19, Diff: 19, Sum: 53]
      [Scan RS (ms): Min: 0.0, Avg: 0.0, Max: 0.1, Diff: 0.1, Sum: 0.2]
      [Code Root Scanning (ms): Min: 0.0, Avg: 0.0, Max: 0.0, Diff: 0.0, Sum: 0.0]
      [Object Copy (ms): Min: 0.0, Avg: 1.0, Max: 2.1, Diff: 2.1, Sum: 7.8]
      [Termination (ms): Min: 0.0, Avg: 1.2, Max: 1.8, Diff: 1.8, Sum: 9.8]
         [Termination Attempts: Min: 1, Avg: 1.0, Max: 1, Diff: 0, Sum: 8]
      [GC Worker Other (ms): Min: 0.0, Avg: 0.0, Max: 0.0, Diff: 0.0, Sum: 0.0]
      [GC Worker Total (ms): Min: 0.0, Avg: 4.2, Max: 8.0, Diff: 8.0, Sum: 33.8]
      [GC Worker End (ms): Min: 440982601.8, Avg: 440982601.8, Max: 440982601.9, Diff: 0.1]
   [Code Root Fixup: 0.0 ms]
   [Code Root Purge: 0.0 ms]
   [Clear CT: 0.5 ms]
   [Other: 23.0 ms]
      [Choose CSet: 0.0 ms]
      [Ref Proc: 22.6 ms]
      [Ref Enq: 0.1 ms]
      [Redirty Cards: 0.1 ms]
      [Humongous Register: 0.0 ms]
      [Humongous Reclaim: 0.0 ms]
      [Free CSet: 0.1 ms]
   [Eden: 7152.0M(7152.0M)->0.0B(7152.0M) Survivors: 16384.0K->16384.0K Heap: 10637.1M(14336.0M)->3482.8M(14336.0M)]
 [Times: user=0.11 sys=0.00, real=0.03 secs] 
2022-09-28T02:27:27.607-0600: 441080.718: [GC pause (G1 Evacuation Pause) (young) (initial-mark), 0.1311894 secs]
   [Parallel Time: 14.1 ms, GC Workers: 8]
      [GC Worker Start (ms): Min: 441080719.5, Avg: 441080723.4, Max: 441080724.3, Diff: 4.8]
      [Ext Root Scanning (ms): Min: 2.4, Avg: 4.6, Max: 11.7, Diff: 9.3, Sum: 37.2]
      [Update RS (ms): Min: 0.0, Avg: 1.1, Max: 1.9, Diff: 1.9, Sum: 8.9]
         [Processed Buffers: Min: 0, Avg: 5.5, Max: 14, Diff: 14, Sum: 44]
      [Scan RS (ms): Min: 0.0, Avg: 0.0, Max: 0.1, Diff: 0.1, Sum: 0.2]
      [Code Root Scanning (ms): Min: 0.0, Avg: 0.0, Max: 0.0, Diff: 0.0, Sum: 0.0]
      [Object Copy (ms): Min: 0.0, Avg: 1.5, Max: 2.2, Diff: 2.2, Sum: 12.0]
      [Termination (ms): Min: 0.0, Avg: 1.4, Max: 1.8, Diff: 1.8, Sum: 10.9]
         [Termination Attempts: Min: 1, Avg: 12.4, Max: 23, Diff: 22, Sum: 99]
      [GC Worker Other (ms): Min: 0.0, Avg: 0.0, Max: 0.0, Diff: 0.0, Sum: 0.0]
      [GC Worker Total (ms): Min: 7.7, Avg: 8.7, Max: 12.5, Diff: 4.9, Sum: 69.2]
      [GC Worker End (ms): Min: 441080732.0, Avg: 441080732.0, Max: 441080732.1, Diff: 0.2]
   [Code Root Fixup: 0.0 ms]
   [Code Root Purge: 0.0 ms]
   [Clear CT: 1.4 ms]
   [Other: 115.7 ms]
      [Choose CSet: 0.0 ms]
      [Ref Proc: 115.2 ms]
      [Ref Enq: 0.1 ms]
      [Redirty Cards: 0.1 ms]
      [Humongous Register: 0.0 ms]
      [Humongous Reclaim: 0.0 ms]
      [Free CSet: 0.1 ms]
   [Eden: 7152.0M(7152.0M)->0.0B(7152.0M) Survivors: 16384.0K->16384.0K Heap: 10634.8M(14336.0M)->3487.0M(14336.0M)]
 [Times: user=0.23 sys=0.00, real=0.13 secs] 
2022-09-28T02:27:27.738-0600: 441080.849: [GC concurrent-root-region-scan-start]
2022-09-28T02:27:27.747-0600: 441080.858: [GC concurrent-root-region-scan-end, 0.0084309 secs]
2022-09-28T02:27:27.747-0600: 441080.858: [GC concurrent-mark-start]
2022-09-28T02:27:29.076-0600: 441082.186: [GC concurrent-mark-end, 1.3285824 secs]
2022-09-28T02:27:29.151-0600: 441082.262: [GC remark 2022-09-28T02:27:29.151-0600: 441082.262: [Finalize Marking, 0.0025049 secs] 2022-09-28T02:27:29.153-0600: 441082.264: [GC ref-proc, 0.0512561 secs] 2022-09-28T02:27:29.204-0600: 441082.315: [Unloading, 0.0310186 secs], 0.0886276 secs]
 [Times: user=0.31 sys=0.00, real=0.08 secs] 
2022-09-28T02:27:29.239-0600: 441082.350: [GC cleanup 3630M->3630M(14336M), 0.0068003 secs]
 [Times: user=0.02 sys=0.00, real=0.01 secs] 
2022-09-28T02:29:06.584-0600: 441179.694: [GC pause (G1 Evacuation Pause) (young), 0.0335466 secs]
   [Parallel Time: 6.0 ms, GC Workers: 8]
      [GC Worker Start (ms): Min: 441179694.5, Avg: 441179696.0, Max: 441179700.3, Diff: 5.8]
      [Ext Root Scanning (ms): Min: 0.0, Avg: 1.6, Max: 5.8, Diff: 5.8, Sum: 12.9]
      [Update RS (ms): Min: 0.0, Avg: 1.1, Max: 2.4, Diff: 2.4, Sum: 8.5]
         [Processed Buffers: Min: 0, Avg: 5.5, Max: 16, Diff: 16, Sum: 44]
      [Scan RS (ms): Min: 0.0, Avg: 0.0, Max: 0.1, Diff: 0.1, Sum: 0.2]
      [Code Root Scanning (ms): Min: 0.0, Avg: 0.0, Max: 0.0, Diff: 0.0, Sum: 0.0]
      [Object Copy (ms): Min: 0.0, Avg: 1.2, Max: 2.1, Diff: 2.1, Sum: 9.9]
      [Termination (ms): Min: 0.0, Avg: 0.4, Max: 0.7, Diff: 0.7, Sum: 3.2]
         [Termination Attempts: Min: 1, Avg: 2.0, Max: 4, Diff: 3, Sum: 16]
      [GC Worker Other (ms): Min: 0.0, Avg: 0.0, Max: 0.0, Diff: 0.0, Sum: 0.0]
      [GC Worker Total (ms): Min: 0.0, Avg: 4.4, Max: 5.9, Diff: 5.9, Sum: 34.8]
      [GC Worker End (ms): Min: 441179700.4, Avg: 441179700.4, Max: 441179700.4, Diff: 0.1]
   [Code Root Fixup: 0.0 ms]
   [Code Root Purge: 0.0 ms]
   [Clear CT: 0.6 ms]
   [Other: 27.0 ms]
      [Choose CSet: 0.0 ms]
      [Ref Proc: 26.6 ms]
      [Ref Enq: 0.1 ms]
      [Redirty Cards: 0.1 ms]
      [Humongous Register: 0.0 ms]
      [Humongous Reclaim: 0.0 ms]
      [Free CSet: 0.1 ms]
   [Eden: 7152.0M(7152.0M)->0.0B(7152.0M) Survivors: 16384.0K->16384.0K Heap: 10639.0M(14336.0M)->3486.5M(14336.0M)]
 [Times: user=0.14 sys=0.00, real=0.03 secs] 
2022-09-28T02:30:44.778-0600: 441277.889: [GC pause (G1 Evacuation Pause) (young), 0.0430020 secs]
   [Parallel Time: 9.0 ms, GC Workers: 8]
      [GC Worker Start (ms): Min: 441277888.6, Avg: 441277893.4, Max: 441277897.5, Diff: 8.9]
      [Ext Root Scanning (ms): Min: 0.0, Avg: 0.8, Max: 3.0, Diff: 3.0, Sum: 6.1]
      [Update RS (ms): Min: 0.0, Avg: 1.1, Max: 2.4, Diff: 2.4, Sum: 9.1]
         [Processed Buffers: Min: 0, Avg: 6.2, Max: 16, Diff: 16, Sum: 50]
      [Scan RS (ms): Min: 0.0, Avg: 0.0, Max: 0.1, Diff: 0.1, Sum: 0.2]
      [Code Root Scanning (ms): Min: 0.0, Avg: 0.0, Max: 0.0, Diff: 0.0, Sum: 0.0]
      [Object Copy (ms): Min: 0.0, Avg: 1.0, Max: 2.0, Diff: 2.0, Sum: 7.9]
      [Termination (ms): Min: 0.0, Avg: 1.2, Max: 1.8, Diff: 1.8, Sum: 9.8]
         [Termination Attempts: Min: 1, Avg: 6.6, Max: 18, Diff: 17, Sum: 53]
      [GC Worker Other (ms): Min: 0.0, Avg: 0.0, Max: 0.0, Diff: 0.0, Sum: 0.0]
      [GC Worker Total (ms): Min: 0.0, Avg: 4.1, Max: 8.9, Diff: 8.9, Sum: 33.2]
      [GC Worker End (ms): Min: 441277897.5, Avg: 441277897.5, Max: 441277897.6, Diff: 0.1]
   [Code Root Fixup: 0.0 ms]
   [Code Root Purge: 0.0 ms]
   [Clear CT: 0.8 ms]
   [Other: 33.2 ms]
      [Choose CSet: 0.0 ms]
      [Ref Proc: 32.8 ms]
      [Ref Enq: 0.1 ms]
      [Redirty Cards: 0.1 ms]
      [Humongous Register: 0.0 ms]
      [Humongous Reclaim: 0.0 ms]
      [Free CSet: 0.1 ms]
   [Eden: 7152.0M(7152.0M)->0.0B(7152.0M) Survivors: 16384.0K->16384.0K Heap: 10638.5M(14336.0M)->3486.1M(14336.0M)]
 [Times: user=0.14 sys=0.00, real=0.05 secs] 
2022-09-28T02:32:22.682-0600: 441375.793: [GC pause (G1 Evacuation Pause) (young) (initial-mark), 0.0669994 secs]
   [Parallel Time: 18.2 ms, GC Workers: 8]
      [GC Worker Start (ms): Min: 441375794.2, Avg: 441375797.5, Max: 441375798.4, Diff: 4.2]
      [Ext Root Scanning (ms): Min: 1.4, Avg: 7.3, Max: 11.4, Diff: 10.0, Sum: 58.4]
      [Update RS (ms): Min: 0.0, Avg: 2.7, Max: 9.7, Diff: 9.7, Sum: 21.3]
         [Processed Buffers: Min: 0, Avg: 5.0, Max: 10, Diff: 10, Sum: 40]
      [Scan RS (ms): Min: 0.0, Avg: 0.0, Max: 0.1, Diff: 0.1, Sum: 0.2]
      [Code Root Scanning (ms): Min: 0.0, Avg: 0.0, Max: 0.0, Diff: 0.0, Sum: 0.0]
      [Object Copy (ms): Min: 0.0, Avg: 1.9, Max: 6.2, Diff: 6.2, Sum: 15.4]
      [Termination (ms): Min: 0.0, Avg: 1.8, Max: 2.4, Diff: 2.4, Sum: 14.3]
         [Termination Attempts: Min: 1, Avg: 2.4, Max: 12, Diff: 11, Sum: 19]
      [GC Worker Other (ms): Min: 0.0, Avg: 0.0, Max: 0.0, Diff: 0.0, Sum: 0.0]
      [GC Worker Total (ms): Min: 12.8, Avg: 13.7, Max: 17.0, Diff: 4.2, Sum: 109.8]
      [GC Worker End (ms): Min: 441375811.2, Avg: 441375811.2, Max: 441375811.2, Diff: 0.0]
   [Code Root Fixup: 0.0 ms]
   [Code Root Purge: 0.0 ms]
   [Clear CT: 0.8 ms]
   [Other: 47.9 ms]
      [Choose CSet: 0.0 ms]
      [Ref Proc: 47.3 ms]
      [Ref Enq: 0.1 ms]
      [Redirty Cards: 0.2 ms]
      [Humongous Register: 0.0 ms]
      [Humongous Reclaim: 0.0 ms]
      [Free CSet: 0.2 ms]
   [Eden: 7152.0M(7152.0M)->0.0B(7152.0M) Survivors: 16384.0K->16384.0K Heap: 10638.1M(14336.0M)->3487.1M(14336.0M)]
 [Times: user=0.15 sys=0.00, real=0.07 secs] 
2022-09-28T02:32:22.754-0600: 441375.865: [GC concurrent-root-region-scan-start]
2022-09-28T02:32:22.761-0600: 441375.871: [GC concurrent-root-region-scan-end, 0.0064310 secs]
2022-09-28T02:32:22.761-0600: 441375.871: [GC concurrent-mark-start]
2022-09-28T02:32:24.133-0600: 441377.244: [GC concurrent-mark-end, 1.3728102 secs]
2022-09-28T02:32:24.133-0600: 441377.244: [GC remark 2022-09-28T02:32:24.134-0600: 441377.244: [Finalize Marking, 0.0021886 secs] 2022-09-28T02:32:24.136-0600: 441377.247: [GC ref-proc, 0.0265572 secs] 2022-09-28T02:32:24.162-0600: 441377.273: [Unloading, 0.0282174 secs], 0.0809493 secs]
 [Times: user=0.27 sys=0.00, real=0.08 secs] 
2022-09-28T02:32:24.215-0600: 441377.326: [GC cleanup 3683M->3683M(14336M), 0.4048056 secs]
 [Times: user=0.03 sys=0.00, real=0.40 secs] 
2022-09-28T02:34:00.833-0600: 441473.944: [GC pause (G1 Evacuation Pause) (young), 0.4896120 secs]
   [Parallel Time: 12.6 ms, GC Workers: 8]
      [GC Worker Start (ms): Min: 441473944.3, Avg: 441473948.7, Max: 441473956.7, Diff: 12.4]
      [Ext Root Scanning (ms): Min: 0.0, Avg: 1.6, Max: 3.2, Diff: 3.2, Sum: 12.6]
      [Update RS (ms): Min: 0.0, Avg: 1.1, Max: 2.4, Diff: 2.4, Sum: 9.0]
         [Processed Buffers: Min: 0, Avg: 5.9, Max: 18, Diff: 18, Sum: 47]
      [Scan RS (ms): Min: 0.0, Avg: 0.0, Max: 0.1, Diff: 0.1, Sum: 0.3]
      [Code Root Scanning (ms): Min: 0.0, Avg: 0.0, Max: 0.0, Diff: 0.0, Sum: 0.0]
      [Object Copy (ms): Min: 0.0, Avg: 1.3, Max: 2.2, Diff: 2.2, Sum: 10.4]
      [Termination (ms): Min: 0.0, Avg: 4.0, Max: 6.1, Diff: 6.1, Sum: 32.2]
         [Termination Attempts: Min: 1, Avg: 5.1, Max: 14, Diff: 13, Sum: 41]
      [GC Worker Other (ms): Min: 0.0, Avg: 0.0, Max: 0.0, Diff: 0.0, Sum: 0.0]
      [GC Worker Total (ms): Min: 0.0, Avg: 8.1, Max: 12.6, Diff: 12.6, Sum: 64.5]
      [GC Worker End (ms): Min: 441473956.7, Avg: 441473956.8, Max: 441473956.9, Diff: 0.2]
   [Code Root Fixup: 0.0 ms]
   [Code Root Purge: 0.0 ms]
   [Clear CT: 0.8 ms]
   [Other: 476.2 ms]
      [Choose CSet: 0.0 ms]
      [Ref Proc: 475.8 ms]
      [Ref Enq: 0.1 ms]
      [Redirty Cards: 0.1 ms]
      [Humongous Register: 0.0 ms]
      [Humongous Reclaim: 0.0 ms]
      [Free CSet: 0.1 ms]
   [Eden: 7152.0M(7152.0M)->0.0B(5712.0M) Survivors: 16384.0K->16384.0K Heap: 10639.1M(14336.0M)->3488.4M(14336.0M)]
 [Times: user=1.64 sys=0.00, real=0.49 secs] 
2022-09-28T02:35:20.981-0600: 441554.092: [GC pause (G1 Evacuation Pause) (mixed), 0.1827202 secs]
   [Parallel Time: 145.6 ms, GC Workers: 8]
      [GC Worker Start (ms): Min: 441554228.7, Avg: 441554233.0, Max: 441554237.6, Diff: 8.9]
      [Ext Root Scanning (ms): Min: 0.0, Avg: 0.9, Max: 3.3, Diff: 3.3, Sum: 7.0]
      [Update RS (ms): Min: 0.0, Avg: 1.3, Max: 3.2, Diff: 3.2, Sum: 10.3]
         [Processed Buffers: Min: 0, Avg: 5.6, Max: 14, Diff: 14, Sum: 45]
      [Scan RS (ms): Min: 0.0, Avg: 0.4, Max: 0.8, Diff: 0.8, Sum: 3.1]
      [Code Root Scanning (ms): Min: 0.0, Avg: 0.0, Max: 0.0, Diff: 0.0, Sum: 0.0]
      [Object Copy (ms): Min: 0.0, Avg: 1.3, Max: 2.6, Diff: 2.6, Sum: 10.2]
      [Termination (ms): Min: 0.0, Avg: 0.8, Max: 1.2, Diff: 1.2, Sum: 6.1]
         [Termination Attempts: Min: 1, Avg: 5.0, Max: 16, Diff: 15, Sum: 40]
      [GC Worker Other (ms): Min: 0.0, Avg: 0.0, Max: 0.0, Diff: 0.0, Sum: 0.1]
      [GC Worker Total (ms): Min: 0.0, Avg: 4.6, Max: 8.9, Diff: 8.9, Sum: 36.7]
      [GC Worker End (ms): Min: 441554237.6, Avg: 441554237.6, Max: 441554237.7, Diff: 0.1]
   [Code Root Fixup: 0.0 ms]
   [Code Root Purge: 0.0 ms]
   [Clear CT: 0.8 ms]
   [Other: 36.3 ms]
      [Choose CSet: 0.0 ms]
      [Ref Proc: 35.9 ms]
      [Ref Enq: 0.1 ms]
      [Redirty Cards: 0.1 ms]
      [Humongous Register: 0.0 ms]
      [Humongous Reclaim: 0.0 ms]
      [Free CSet: 0.1 ms]
   [Eden: 5712.0M(5712.0M)->0.0B(5712.0M) Survivors: 16384.0K->16384.0K Heap: 9200.4M(14336.0M)->3476.5M(14336.0M)]
 [Times: user=0.13 sys=0.00, real=0.18 secs] 
2022-09-28T02:36:41.184-0600: 441634.295: [GC pause (G1 Evacuation Pause) (young), 0.4354688 secs]
   [Parallel Time: 173.2 ms, GC Workers: 8]
      [GC Worker Start (ms): Min: 441634294.7, Avg: 441634445.0, Max: 441634467.7, Diff: 173.0]
      [Ext Root Scanning (ms): Min: 0.0, Avg: 0.8, Max: 6.2, Diff: 6.2, Sum: 6.3]
      [Update RS (ms): Min: 0.0, Avg: 1.4, Max: 11.3, Diff: 11.3, Sum: 11.3]
         [Processed Buffers: Min: 0, Avg: 8.0, Max: 64, Diff: 64, Sum: 64]
      [Scan RS (ms): Min: 0.0, Avg: 0.0, Max: 0.1, Diff: 0.1, Sum: 0.1]
      [Code Root Scanning (ms): Min: 0.0, Avg: 0.0, Max: 0.0, Diff: 0.0, Sum: 0.0]
      [Object Copy (ms): Min: 0.0, Avg: 0.8, Max: 6.3, Diff: 6.3, Sum: 6.3]
      [Termination (ms): Min: 0.0, Avg: 19.8, Max: 149.3, Diff: 149.3, Sum: 158.6]
         [Termination Attempts: Min: 1, Avg: 1.0, Max: 1, Diff: 0, Sum: 8]
      [GC Worker Other (ms): Min: 0.0, Avg: 0.0, Max: 0.0, Diff: 0.0, Sum: 0.0]
      [GC Worker Total (ms): Min: 0.0, Avg: 22.8, Max: 173.2, Diff: 173.2, Sum: 182.6]
      [GC Worker End (ms): Min: 441634467.7, Avg: 441634467.8, Max: 441634467.9, Diff: 0.2]
   [Code Root Fixup: 0.0 ms]
   [Code Root Purge: 0.0 ms]
   [Clear CT: 0.4 ms]
   [Other: 261.8 ms]
      [Choose CSet: 0.0 ms]
      [Ref Proc: 261.4 ms]
      [Ref Enq: 0.1 ms]
      [Redirty Cards: 0.1 ms]
      [Humongous Register: 0.0 ms]
      [Humongous Reclaim: 0.0 ms]
      [Free CSet: 0.1 ms]
   [Eden: 5712.0M(5712.0M)->0.0B(5712.0M) Survivors: 16384.0K->16384.0K Heap: 9188.5M(14336.0M)->3475.1M(14336.0M)]
 [Times: user=0.56 sys=0.03, real=0.43 secs] 
2022-09-28T02:38:00.064-0600: 441713.175: [GC pause (G1 Evacuation Pause) (young) (initial-mark), 0.0893638 secs]
   [Parallel Time: 44.0 ms, GC Workers: 8]
      [GC Worker Start (ms): Min: 441713176.7, Avg: 441713181.2, Max: 441713182.3, Diff: 5.6]
      [Ext Root Scanning (ms): Min: 3.8, Avg: 7.1, Max: 13.0, Diff: 9.2, Sum: 57.0]
      [Update RS (ms): Min: 0.0, Avg: 2.0, Max: 3.3, Diff: 3.3, Sum: 15.9]
         [Processed Buffers: Min: 0, Avg: 5.0, Max: 9, Diff: 9, Sum: 40]
      [Scan RS (ms): Min: 0.0, Avg: 0.0, Max: 0.1, Diff: 0.1, Sum: 0.3]
      [Code Root Scanning (ms): Min: 0.0, Avg: 0.0, Max: 0.0, Diff: 0.0, Sum: 0.0]
      [Object Copy (ms): Min: 0.0, Avg: 2.3, Max: 3.4, Diff: 3.4, Sum: 18.6]
      [Termination (ms): Min: 0.0, Avg: 2.5, Max: 3.2, Diff: 3.2, Sum: 20.3]
         [Termination Attempts: Min: 1, Avg: 3.1, Max: 5, Diff: 4, Sum: 25]
      [GC Worker Other (ms): Min: 0.0, Avg: 0.0, Max: 0.0, Diff: 0.0, Sum: 0.1]
      [GC Worker Total (ms): Min: 12.9, Avg: 14.0, Max: 18.5, Diff: 5.6, Sum: 112.3]
      [GC Worker End (ms): Min: 441713195.2, Avg: 441713195.2, Max: 441713195.5, Diff: 0.3]
   [Code Root Fixup: 0.0 ms]
   [Code Root Purge: 0.0 ms]
   [Clear CT: 0.8 ms]
   [Other: 44.6 ms]
      [Choose CSet: 0.0 ms]
      [Ref Proc: 44.2 ms]
      [Ref Enq: 0.1 ms]
      [Redirty Cards: 0.1 ms]
      [Humongous Register: 0.0 ms]
      [Humongous Reclaim: 0.0 ms]
      [Free CSet: 0.1 ms]
   [Eden: 5712.0M(5712.0M)->0.0B(5712.0M) Survivors: 16384.0K->16384.0K Heap: 9187.1M(14336.0M)->3477.5M(14336.0M)]
 [Times: user=0.31 sys=0.00, real=0.09 secs] 
2022-09-28T02:38:00.154-0600: 441713.265: [GC concurrent-root-region-scan-start]
2022-09-28T02:38:00.161-0600: 441713.272: [GC concurrent-root-region-scan-end, 0.0074304 secs]
2022-09-28T02:38:00.161-0600: 441713.272: [GC concurrent-mark-start]
2022-09-28T02:38:01.488-0600: 441714.599: [GC concurrent-mark-end, 1.3269763 secs]
2022-09-28T02:38:01.488-0600: 441714.599: [GC remark 2022-09-28T02:38:01.489-0600: 441714.599: [Finalize Marking, 0.0034860 secs] 2022-09-28T02:38:01.492-0600: 441714.603: [GC ref-proc, 0.6251004 secs] 2022-09-28T02:38:02.117-0600: 441715.228: [Unloading, 0.0315480 secs], 0.6642639 secs]
 [Times: user=2.23 sys=0.00, real=0.66 secs] 
2022-09-28T02:38:02.153-0600: 441715.264: [GC cleanup 3584M->3584M(14336M), 0.0075013 secs]
 [Times: user=0.02 sys=0.00, real=0.01 secs] 
2022-09-28T02:39:21.332-0600: 441794.443: [GC pause (G1 Evacuation Pause) (young), 0.0475333 secs]
   [Parallel Time: 18.1 ms, GC Workers: 8]
      [GC Worker Start (ms): Min: 441794442.9, Avg: 441794446.5, Max: 441794451.0, Diff: 8.0]
      [Ext Root Scanning (ms): Min: 0.0, Avg: 0.8, Max: 3.0, Diff: 3.0, Sum: 6.1]
      [Update RS (ms): Min: 0.0, Avg: 2.6, Max: 15.9, Diff: 15.9, Sum: 20.4]
         [Processed Buffers: Min: 0, Avg: 5.4, Max: 12, Diff: 12, Sum: 43]
      [Scan RS (ms): Min: 0.0, Avg: 0.0, Max: 0.1, Diff: 0.0, Sum: 0.2]
      [Code Root Scanning (ms): Min: 0.0, Avg: 0.0, Max: 0.0, Diff: 0.0, Sum: 0.0]
      [Object Copy (ms): Min: 0.0, Avg: 1.5, Max: 2.7, Diff: 2.7, Sum: 12.2]
      [Termination (ms): Min: 0.0, Avg: 9.4, Max: 11.1, Diff: 11.1, Sum: 75.2]
         [Termination Attempts: Min: 1, Avg: 5.4, Max: 10, Diff: 9, Sum: 43]
      [GC Worker Other (ms): Min: 0.0, Avg: 0.0, Max: 0.0, Diff: 0.0, Sum: 0.0]
      [GC Worker Total (ms): Min: 9.8, Avg: 14.3, Max: 17.8, Diff: 8.1, Sum: 114.1]
      [GC Worker End (ms): Min: 441794460.7, Avg: 441794460.8, Max: 441794460.9, Diff: 0.1]
   [Code Root Fixup: 0.0 ms]
   [Code Root Purge: 0.0 ms]
   [Clear CT: 0.8 ms]
   [Other: 28.6 ms]
      [Choose CSet: 0.0 ms]
      [Ref Proc: 28.3 ms]
      [Ref Enq: 0.1 ms]
      [Redirty Cards: 0.1 ms]
      [Humongous Register: 0.0 ms]
      [Humongous Reclaim: 0.0 ms]
      [Free CSet: 0.1 ms]
   [Eden: 5712.0M(5712.0M)->0.0B(5712.0M) Survivors: 16384.0K->16384.0K Heap: 9189.5M(14336.0M)->3478.3M(14336.0M)]
 [Times: user=0.19 sys=0.00, real=0.04 secs] 
2022-09-28T02:40:42.283-0600: 441875.394: [GC pause (G1 Evacuation Pause) (mixed), 0.3399764 secs]
   [Parallel Time: 33.3 ms, GC Workers: 8]
      [GC Worker Start (ms): Min: 441875393.8, Avg: 441875400.2, Max: 441875408.8, Diff: 15.0]
      [Ext Root Scanning (ms): Min: 0.0, Avg: 0.9, Max: 3.3, Diff: 3.3, Sum: 6.9]
      [Update RS (ms): Min: 0.0, Avg: 1.2, Max: 2.8, Diff: 2.8, Sum: 9.3]
         [Processed Buffers: Min: 0, Avg: 6.2, Max: 21, Diff: 21, Sum: 50]
      [Scan RS (ms): Min: 0.0, Avg: 0.7, Max: 1.4, Diff: 1.4, Sum: 5.2]
      [Code Root Scanning (ms): Min: 0.0, Avg: 0.0, Max: 0.0, Diff: 0.0, Sum: 0.0]
      [Object Copy (ms): Min: 0.0, Avg: 7.1, Max: 27.2, Diff: 27.2, Sum: 57.0]
      [Termination (ms): Min: 0.0, Avg: 16.8, Max: 19.8, Diff: 19.8, Sum: 134.6]
         [Termination Attempts: Min: 1, Avg: 31.8, Max: 65, Diff: 64, Sum: 254]
      [GC Worker Other (ms): Min: 0.0, Avg: 0.0, Max: 0.0, Diff: 0.0, Sum: 0.0]
      [GC Worker Total (ms): Min: 18.0, Avg: 26.7, Max: 33.0, Diff: 15.0, Sum: 213.3]
      [GC Worker End (ms): Min: 441875426.8, Avg: 441875426.9, Max: 441875426.9, Diff: 0.1]
   [Code Root Fixup: 0.0 ms]
   [Code Root Purge: 0.0 ms]
   [Clear CT: 0.7 ms]
   [Other: 306.0 ms]
      [Choose CSet: 0.0 ms]
      [Ref Proc: 305.6 ms]
      [Ref Enq: 0.1 ms]
      [Redirty Cards: 0.1 ms]
      [Humongous Register: 0.0 ms]
      [Humongous Reclaim: 0.0 ms]
      [Free CSet: 0.1 ms]
   [Eden: 5712.0M(5712.0M)->0.0B(5712.0M) Survivors: 16384.0K->16384.0K Heap: 9190.3M(14336.0M)->3472.8M(14336.0M)]
 [Times: user=1.02 sys=0.00, real=0.34 secs] 
2022-09-28T02:42:02.878-0600: 441955.989: [GC pause (G1 Evacuation Pause) (young), 0.1372392 secs]
   [Parallel Time: 12.4 ms, GC Workers: 8]
      [GC Worker Start (ms): Min: 441955989.2, Avg: 441955995.1, Max: 441955999.2, Diff: 9.9]
      [Ext Root Scanning (ms): Min: 0.0, Avg: 0.8, Max: 4.1, Diff: 4.1, Sum: 6.4]
      [Update RS (ms): Min: 0.0, Avg: 3.8, Max: 6.2, Diff: 6.1, Sum: 30.6]
         [Processed Buffers: Min: 1, Avg: 16.8, Max: 27, Diff: 26, Sum: 134]
      [Scan RS (ms): Min: 0.0, Avg: 0.0, Max: 0.0, Diff: 0.0, Sum: 0.2]
      [Code Root Scanning (ms): Min: 0.0, Avg: 0.0, Max: 0.0, Diff: 0.0, Sum: 0.0]
      [Object Copy (ms): Min: 0.0, Avg: 1.2, Max: 1.7, Diff: 1.7, Sum: 9.4]
      [Termination (ms): Min: 0.0, Avg: 0.7, Max: 0.9, Diff: 0.9, Sum: 5.3]
         [Termination Attempts: Min: 1, Avg: 8.6, Max: 24, Diff: 23, Sum: 69]
      [GC Worker Other (ms): Min: 0.0, Avg: 0.0, Max: 0.0, Diff: 0.0, Sum: 0.0]
      [GC Worker Total (ms): Min: 2.4, Avg: 6.5, Max: 12.3, Diff: 9.9, Sum: 51.9]
      [GC Worker End (ms): Min: 441956001.5, Avg: 441956001.6, Max: 441956001.6, Diff: 0.1]
   [Code Root Fixup: 0.0 ms]
   [Code Root Purge: 0.0 ms]
   [Clear CT: 0.6 ms]
   [Other: 124.3 ms]
      [Choose CSet: 0.0 ms]
      [Ref Proc: 123.9 ms]
      [Ref Enq: 0.1 ms]
      [Redirty Cards: 0.1 ms]
      [Humongous Register: 0.0 ms]
      [Humongous Reclaim: 0.0 ms]
      [Free CSet: 0.1 ms]
   [Eden: 5712.0M(5712.0M)->0.0B(5712.0M) Survivors: 16384.0K->16384.0K Heap: 9184.8M(14336.0M)->3479.2M(14336.0M)]
 [Times: user=0.15 sys=0.00, real=0.14 secs] 
2022-09-28T02:43:20.229-0600: 442033.340: [GC pause (G1 Evacuation Pause) (young) (initial-mark), 0.0432289 secs]
   [Parallel Time: 15.4 ms, GC Workers: 8]
      [GC Worker Start (ms): Min: 442033341.3, Avg: 442033343.9, Max: 442033344.9, Diff: 3.6]
      [Ext Root Scanning (ms): Min: 2.1, Avg: 7.5, Max: 10.5, Diff: 8.4, Sum: 59.6]
      [Update RS (ms): Min: 0.0, Avg: 1.1, Max: 3.0, Diff: 3.0, Sum: 8.4]
         [Processed Buffers: Min: 0, Avg: 5.5, Max: 20, Diff: 20, Sum: 44]
      [Scan RS (ms): Min: 0.0, Avg: 0.0, Max: 0.1, Diff: 0.0, Sum: 0.2]
      [Code Root Scanning (ms): Min: 0.0, Avg: 0.0, Max: 0.0, Diff: 0.0, Sum: 0.0]
      [Object Copy (ms): Min: 0.0, Avg: 2.3, Max: 5.5, Diff: 5.5, Sum: 18.2]
      [Termination (ms): Min: 0.0, Avg: 0.7, Max: 1.3, Diff: 1.3, Sum: 5.4]
         [Termination Attempts: Min: 1, Avg: 9.5, Max: 24, Diff: 23, Sum: 76]
      [GC Worker Other (ms): Min: 0.0, Avg: 0.0, Max: 0.0, Diff: 0.0, Sum: 0.0]
      [GC Worker Total (ms): Min: 10.5, Avg: 11.5, Max: 14.1, Diff: 3.6, Sum: 91.9]
      [GC Worker End (ms): Min: 442033355.3, Avg: 442033355.4, Max: 442033355.4, Diff: 0.1]
   [Code Root Fixup: 0.0 ms]
   [Code Root Purge: 0.0 ms]
   [Clear CT: 0.6 ms]
   [Other: 27.2 ms]
      [Choose CSet: 0.0 ms]
      [Ref Proc: 26.9 ms]
      [Ref Enq: 0.1 ms]
      [Redirty Cards: 0.1 ms]
      [Humongous Register: 0.0 ms]
      [Humongous Reclaim: 0.0 ms]
      [Free CSet: 0.1 ms]
   [Eden: 5712.0M(5712.0M)->0.0B(7152.0M) Survivors: 16384.0K->16384.0K Heap: 9191.2M(14336.0M)->3483.3M(14336.0M)]
 [Times: user=0.13 sys=0.00, real=0.04 secs] 
2022-09-28T02:43:20.272-0600: 442033.383: [GC concurrent-root-region-scan-start]
2022-09-28T02:43:20.279-0600: 442033.390: [GC concurrent-root-region-scan-end, 0.0063028 secs]
2022-09-28T02:43:20.279-0600: 442033.390: [GC concurrent-mark-start]
2022-09-28T02:43:21.592-0600: 442034.703: [GC concurrent-mark-end, 1.3131778 secs]
2022-09-28T02:43:21.592-0600: 442034.703: [GC remark 2022-09-28T02:43:21.592-0600: 442034.703: [Finalize Marking, 0.0020041 secs] 2022-09-28T02:43:21.594-0600: 442034.705: [GC ref-proc, 0.0342611 secs] 2022-09-28T02:43:21.628-0600: 442034.739: [Unloading, 0.2091139 secs], 0.2501433 secs]
 [Times: user=0.27 sys=0.00, real=0.25 secs] 
2022-09-28T02:43:21.842-0600: 442034.953: [GC cleanup 3621M->3621M(14336M), 0.1067982 secs]
 [Times: user=0.12 sys=0.00, real=0.11 secs] 
2022-09-28T02:44:59.031-0600: 442132.142: [GC pause (G1 Evacuation Pause) (young), 0.3103958 secs]
   [Parallel Time: 206.9 ms, GC Workers: 8]
      [GC Worker Start (ms): Min: 442132339.1, Avg: 442132344.0, Max: 442132348.6, Diff: 9.5]
      [Ext Root Scanning (ms): Min: 0.0, Avg: 0.9, Max: 3.0, Diff: 3.0, Sum: 6.8]
      [Update RS (ms): Min: 0.0, Avg: 1.4, Max: 3.4, Diff: 3.4, Sum: 10.9]
         [Processed Buffers: Min: 0, Avg: 6.2, Max: 23, Diff: 23, Sum: 50]
      [Scan RS (ms): Min: 0.0, Avg: 0.0, Max: 0.1, Diff: 0.1, Sum: 0.2]
      [Code Root Scanning (ms): Min: 0.0, Avg: 0.0, Max: 0.0, Diff: 0.0, Sum: 0.0]
      [Object Copy (ms): Min: 0.0, Avg: 1.5, Max: 3.1, Diff: 3.1, Sum: 11.9]
      [Termination (ms): Min: 0.0, Avg: 0.9, Max: 1.2, Diff: 1.2, Sum: 7.4]
         [Termination Attempts: Min: 1, Avg: 10.9, Max: 28, Diff: 27, Sum: 87]
      [GC Worker Other (ms): Min: 0.0, Avg: 0.0, Max: 0.0, Diff: 0.0, Sum: 0.0]
      [GC Worker Total (ms): Min: 0.0, Avg: 4.7, Max: 9.6, Diff: 9.5, Sum: 37.3]
      [GC Worker End (ms): Min: 442132348.6, Avg: 442132348.6, Max: 442132348.6, Diff: 0.0]
   [Code Root Fixup: 0.0 ms]
   [Code Root Purge: 0.0 ms]
   [Clear CT: 0.6 ms]
   [Other: 102.9 ms]
      [Choose CSet: 0.0 ms]
      [Ref Proc: 102.4 ms]
      [Ref Enq: 0.2 ms]
      [Redirty Cards: 0.1 ms]
      [Humongous Register: 0.0 ms]
      [Humongous Reclaim: 0.0 ms]
      [Free CSet: 0.1 ms]
   [Eden: 7152.0M(7152.0M)->0.0B(5712.0M) Survivors: 16384.0K->16384.0K Heap: 10635.3M(14336.0M)->3487.6M(14336.0M)]
 [Times: user=0.34 sys=0.00, real=0.31 secs] 
2022-09-28T02:46:17.576-0600: 442210.687: [GC pause (G1 Evacuation Pause) (mixed), 0.1350043 secs]
   [Parallel Time: 63.5 ms, GC Workers: 8]
      [GC Worker Start (ms): Min: 442210707.1, Avg: 442210718.7, Max: 442210750.3, Diff: 43.2]
      [Ext Root Scanning (ms): Min: 0.0, Avg: 0.8, Max: 3.2, Diff: 3.2, Sum: 6.0]
      [Update RS (ms): Min: 0.0, Avg: 1.1, Max: 2.6, Diff: 2.6, Sum: 8.6]
         [Processed Buffers: Min: 0, Avg: 6.1, Max: 16, Diff: 16, Sum: 49]
      [Scan RS (ms): Min: 0.0, Avg: 0.8, Max: 1.6, Diff: 1.6, Sum: 6.1]
      [Code Root Scanning (ms): Min: 0.0, Avg: 0.0, Max: 0.0, Diff: 0.0, Sum: 0.0]
      [Object Copy (ms): Min: 0.0, Avg: 2.8, Max: 5.8, Diff: 5.8, Sum: 22.3]
      [Termination (ms): Min: 0.0, Avg: 26.3, Max: 30.5, Diff: 30.5, Sum: 210.3]
         [Termination Attempts: Min: 1, Avg: 3.9, Max: 10, Diff: 9, Sum: 31]
      [GC Worker Other (ms): Min: 0.0, Avg: 0.0, Max: 0.0, Diff: 0.0, Sum: 0.1]
      [GC Worker Total (ms): Min: 0.0, Avg: 31.7, Max: 43.2, Diff: 43.2, Sum: 253.4]
      [GC Worker End (ms): Min: 442210750.3, Avg: 442210750.4, Max: 442210750.5, Diff: 0.2]
   [Code Root Fixup: 0.0 ms]
   [Code Root Purge: 0.0 ms]
   [Clear CT: 15.7 ms]
   [Other: 55.8 ms]
      [Choose CSet: 0.0 ms]
      [Ref Proc: 55.2 ms]
      [Ref Enq: 0.2 ms]
      [Redirty Cards: 0.1 ms]
      [Humongous Register: 0.0 ms]
      [Humongous Reclaim: 0.0 ms]
      [Free CSet: 0.1 ms]
   [Eden: 5712.0M(5712.0M)->0.0B(5712.0M) Survivors: 16384.0K->16384.0K Heap: 9199.6M(14336.0M)->3478.4M(14336.0M)]
 [Times: user=0.41 sys=0.00, real=0.14 secs] 
2022-09-28T02:47:35.831-0600: 442288.942: [GC pause (G1 Evacuation Pause) (young), 0.1173347 secs]
   [Parallel Time: 10.8 ms, GC Workers: 8]
      [GC Worker Start (ms): Min: 442288941.9, Avg: 442288946.1, Max: 442288951.2, Diff: 9.3]
      [Ext Root Scanning (ms): Min: 0.0, Avg: 0.8, Max: 2.8, Diff: 2.8, Sum: 6.1]
      [Update RS (ms): Min: 0.0, Avg: 3.6, Max: 5.4, Diff: 5.4, Sum: 28.6]
         [Processed Buffers: Min: 0, Avg: 16.1, Max: 38, Diff: 38, Sum: 129]
      [Scan RS (ms): Min: 0.0, Avg: 0.0, Max: 0.1, Diff: 0.0, Sum: 0.2]
      [Code Root Scanning (ms): Min: 0.0, Avg: 0.0, Max: 0.0, Diff: 0.0, Sum: 0.0]
      [Object Copy (ms): Min: 0.0, Avg: 1.4, Max: 2.0, Diff: 2.0, Sum: 11.3]
      [Termination (ms): Min: 0.0, Avg: 0.7, Max: 0.9, Diff: 0.9, Sum: 5.6]
         [Termination Attempts: Min: 1, Avg: 9.2, Max: 14, Diff: 13, Sum: 74]
      [GC Worker Other (ms): Min: 0.0, Avg: 0.0, Max: 0.0, Diff: 0.0, Sum: 0.0]
      [GC Worker Total (ms): Min: 1.3, Avg: 6.5, Max: 10.6, Diff: 9.3, Sum: 51.8]
      [GC Worker End (ms): Min: 442288952.5, Avg: 442288952.5, Max: 442288952.7, Diff: 0.2]
   [Code Root Fixup: 0.0 ms]
   [Code Root Purge: 0.0 ms]
   [Clear CT: 0.8 ms]
   [Other: 105.7 ms]
      [Choose CSet: 0.0 ms]
      [Ref Proc: 105.2 ms]
      [Ref Enq: 0.2 ms]
      [Redirty Cards: 0.1 ms]
      [Humongous Register: 0.0 ms]
      [Humongous Reclaim: 0.0 ms]
      [Free CSet: 0.1 ms]
   [Eden: 5712.0M(5712.0M)->0.0B(7152.0M) Survivors: 16384.0K->16384.0K Heap: 9190.4M(14336.0M)->3486.5M(14336.0M)]
 [Times: user=0.56 sys=0.00, real=0.12 secs] 
2022-09-28T02:49:15.182-0600: 442388.293: [GC pause (G1 Evacuation Pause) (young) (initial-mark), 0.1357954 secs]
   [Parallel Time: 19.1 ms, GC Workers: 8]
      [GC Worker Start (ms): Min: 442388294.8, Avg: 442388296.0, Max: 442388297.1, Diff: 2.3]
      [Ext Root Scanning (ms): Min: 1.6, Avg: 11.3, Max: 15.2, Diff: 13.6, Sum: 90.7]
      [Update RS (ms): Min: 0.0, Avg: 1.1, Max: 4.4, Diff: 4.4, Sum: 8.6]
         [Processed Buffers: Min: 0, Avg: 6.1, Max: 29, Diff: 29, Sum: 49]
      [Scan RS (ms): Min: 0.0, Avg: 0.0, Max: 0.1, Diff: 0.1, Sum: 0.2]
      [Code Root Scanning (ms): Min: 0.0, Avg: 0.0, Max: 0.0, Diff: 0.0, Sum: 0.0]
      [Object Copy (ms): Min: 0.0, Avg: 1.2, Max: 4.6, Diff: 4.6, Sum: 9.5]
      [Termination (ms): Min: 0.0, Avg: 2.7, Max: 4.8, Diff: 4.8, Sum: 21.4]
         [Termination Attempts: Min: 1, Avg: 1.5, Max: 4, Diff: 3, Sum: 12]
      [GC Worker Other (ms): Min: 0.0, Avg: 0.0, Max: 0.0, Diff: 0.0, Sum: 0.0]
      [GC Worker Total (ms): Min: 15.2, Avg: 16.3, Max: 17.6, Diff: 2.4, Sum: 130.5]
      [GC Worker End (ms): Min: 442388312.3, Avg: 442388312.3, Max: 442388312.4, Diff: 0.1]
   [Code Root Fixup: 0.0 ms]
   [Code Root Purge: 0.0 ms]
   [Clear CT: 1.1 ms]
   [Other: 115.6 ms]
      [Choose CSet: 0.0 ms]
      [Ref Proc: 114.8 ms]
      [Ref Enq: 0.3 ms]
      [Redirty Cards: 0.3 ms]
      [Humongous Register: 0.0 ms]
      [Humongous Reclaim: 0.0 ms]
      [Free CSet: 0.1 ms]
   [Eden: 7152.0M(7152.0M)->0.0B(7152.0M) Survivors: 16384.0K->16384.0K Heap: 10638.5M(14336.0M)->3489.9M(14336.0M)]
 [Times: user=0.40 sys=0.00, real=0.13 secs] 
2022-09-28T02:49:15.318-0600: 442388.429: [GC concurrent-root-region-scan-start]
2022-09-28T02:49:15.328-0600: 442388.439: [GC concurrent-root-region-scan-end, 0.0093995 secs]
2022-09-28T02:49:15.328-0600: 442388.439: [GC concurrent-mark-start]
2022-09-28T02:49:16.660-0600: 442389.771: [GC concurrent-mark-end, 1.3326272 secs]
2022-09-28T02:49:16.660-0600: 442389.771: [GC remark 2022-09-28T02:49:16.661-0600: 442389.771: [Finalize Marking, 0.0437064 secs] 2022-09-28T02:49:16.704-0600: 442389.815: [GC ref-proc, 0.2570220 secs] 2022-09-28T02:49:16.961-0600: 442390.072: [Unloading, 0.0346648 secs], 0.3453214 secs]
 [Times: user=1.86 sys=0.00, real=0.34 secs] 
2022-09-28T02:49:17.006-0600: 442390.117: [GC cleanup 3617M->3617M(14336M), 0.0148154 secs]
 [Times: user=0.01 sys=0.00, real=0.02 secs] 
2022-09-28T02:50:52.633-0600: 442485.744: [GC pause (G1 Evacuation Pause) (young), 0.0868135 secs]
   [Parallel Time: 15.6 ms, GC Workers: 8]
      [GC Worker Start (ms): Min: 442485744.3, Avg: 442485750.7, Max: 442485755.4, Diff: 11.1]
      [Ext Root Scanning (ms): Min: 0.0, Avg: 0.8, Max: 3.3, Diff: 3.3, Sum: 6.3]
      [Update RS (ms): Min: 0.0, Avg: 1.5, Max: 3.6, Diff: 3.6, Sum: 11.7]
         [Processed Buffers: Min: 0, Avg: 6.4, Max: 23, Diff: 23, Sum: 51]
      [Scan RS (ms): Min: 0.0, Avg: 0.0, Max: 0.1, Diff: 0.1, Sum: 0.2]
      [Code Root Scanning (ms): Min: 0.0, Avg: 0.0, Max: 0.0, Diff: 0.0, Sum: 0.0]
      [Object Copy (ms): Min: 0.0, Avg: 1.2, Max: 2.7, Diff: 2.7, Sum: 9.9]
      [Termination (ms): Min: 0.0, Avg: 1.2, Max: 2.0, Diff: 2.0, Sum: 9.8]
         [Termination Attempts: Min: 1, Avg: 6.0, Max: 16, Diff: 15, Sum: 48]
      [GC Worker Other (ms): Min: 0.0, Avg: 0.0, Max: 0.0, Diff: 0.0, Sum: 0.0]
      [GC Worker Total (ms): Min: 0.0, Avg: 4.7, Max: 11.2, Diff: 11.1, Sum: 38.0]
      [GC Worker End (ms): Min: 442485755.4, Avg: 442485755.5, Max: 442485755.6, Diff: 0.1]
   [Code Root Fixup: 0.0 ms]
   [Code Root Purge: 0.0 ms]
   [Clear CT: 0.9 ms]
   [Other: 70.3 ms]
      [Choose CSet: 0.0 ms]
      [Ref Proc: 70.0 ms]
      [Ref Enq: 0.1 ms]
      [Redirty Cards: 0.0 ms]
      [Humongous Register: 0.0 ms]
      [Humongous Reclaim: 0.0 ms]
      [Free CSet: 0.1 ms]
   [Eden: 7152.0M(7152.0M)->0.0B(5712.0M) Survivors: 16384.0K->16384.0K Heap: 10641.9M(14336.0M)->3488.4M(14336.0M)]
 [Times: user=0.36 sys=0.00, real=0.08 secs] 
2022-09-28T02:52:10.480-0600: 442563.591: [GC pause (G1 Evacuation Pause) (mixed), 0.0471897 secs]
   [Parallel Time: 22.0 ms, GC Workers: 8]
      [GC Worker Start (ms): Min: 442563592.9, Avg: 442563603.2, Max: 442563611.2, Diff: 18.3]
      [Ext Root Scanning (ms): Min: 0.0, Avg: 2.3, Max: 15.3, Diff: 15.3, Sum: 18.1]
      [Update RS (ms): Min: 0.0, Avg: 2.0, Max: 10.7, Diff: 10.7, Sum: 15.9]
         [Processed Buffers: Min: 0, Avg: 5.2, Max: 27, Diff: 27, Sum: 42]
      [Scan RS (ms): Min: 0.0, Avg: 0.7, Max: 2.7, Diff: 2.7, Sum: 5.3]
      [Code Root Scanning (ms): Min: 0.0, Avg: 0.0, Max: 0.0, Diff: 0.0, Sum: 0.0]
      [Object Copy (ms): Min: 1.2, Avg: 4.5, Max: 8.9, Diff: 7.7, Sum: 35.8]
      [Termination (ms): Min: 0.0, Avg: 0.6, Max: 0.8, Diff: 0.7, Sum: 4.7]
         [Termination Attempts: Min: 11, Avg: 82.8, Max: 146, Diff: 135, Sum: 662]
      [GC Worker Other (ms): Min: 0.0, Avg: 0.0, Max: 0.0, Diff: 0.0, Sum: 0.1]
      [GC Worker Total (ms): Min: 1.9, Avg: 10.0, Max: 20.3, Diff: 18.3, Sum: 80.0]
      [GC Worker End (ms): Min: 442563613.1, Avg: 442563613.2, Max: 442563613.2, Diff: 0.1]
   [Code Root Fixup: 0.0 ms]
   [Code Root Purge: 0.0 ms]
   [Clear CT: 0.9 ms]
   [Other: 24.3 ms]
      [Choose CSet: 0.0 ms]
      [Ref Proc: 23.8 ms]
      [Ref Enq: 0.2 ms]
      [Redirty Cards: 0.1 ms]
      [Humongous Register: 0.0 ms]
      [Humongous Reclaim: 0.0 ms]
      [Free CSet: 0.1 ms]
   [Eden: 5712.0M(5712.0M)->0.0B(7152.0M) Survivors: 16384.0K->16384.0K Heap: 9200.4M(14336.0M)->3469.8M(14336.0M)]
 [Times: user=0.15 sys=0.00, real=0.04 secs] 
2022-09-28T02:53:48.728-0600: 442661.839: [GC pause (G1 Evacuation Pause) (young), 0.2099650 secs]
   [Parallel Time: 104.8 ms, GC Workers: 8]
      [GC Worker Start (ms): Min: 442661838.8, Avg: 442661903.5, Max: 442661943.4, Diff: 104.6]
      [Ext Root Scanning (ms): Min: 0.0, Avg: 0.8, Max: 3.1, Diff: 3.1, Sum: 6.5]
      [Update RS (ms): Min: 0.0, Avg: 3.3, Max: 9.1, Diff: 9.1, Sum: 26.5]
         [Processed Buffers: Min: 0, Avg: 19.9, Max: 68, Diff: 68, Sum: 159]
      [Scan RS (ms): Min: 0.0, Avg: 0.0, Max: 0.1, Diff: 0.1, Sum: 0.2]
      [Code Root Scanning (ms): Min: 0.0, Avg: 0.0, Max: 0.0, Diff: 0.0, Sum: 0.0]
      [Object Copy (ms): Min: 0.0, Avg: 1.1, Max: 3.1, Diff: 3.1, Sum: 8.9]
      [Termination (ms): Min: 0.0, Avg: 34.7, Max: 90.5, Diff: 90.5, Sum: 277.2]
         [Termination Attempts: Min: 1, Avg: 2.4, Max: 7, Diff: 6, Sum: 19]
      [GC Worker Other (ms): Min: 0.0, Avg: 0.0, Max: 0.0, Diff: 0.0, Sum: 0.1]
      [GC Worker Total (ms): Min: 0.0, Avg: 39.9, Max: 104.8, Diff: 104.8, Sum: 319.4]
      [GC Worker End (ms): Min: 442661943.4, Avg: 442661943.5, Max: 442661943.5, Diff: 0.1]
   [Code Root Fixup: 0.0 ms]
   [Code Root Purge: 0.0 ms]
   [Clear CT: 0.7 ms]
   [Other: 104.4 ms]
      [Choose CSet: 0.0 ms]
      [Ref Proc: 104.0 ms]
      [Ref Enq: 0.1 ms]
      [Redirty Cards: 0.1 ms]
      [Humongous Register: 0.0 ms]
      [Humongous Reclaim: 0.0 ms]
      [Free CSet: 0.1 ms]
   [Eden: 7152.0M(7152.0M)->0.0B(7152.0M) Survivors: 16384.0K->16384.0K Heap: 10621.8M(14336.0M)->3474.3M(14336.0M)]
 [Times: user=0.65 sys=0.00, real=0.21 secs] 
2022-09-28T02:55:29.284-0600: 442762.394: [GC pause (G1 Evacuation Pause) (young) (initial-mark), 0.2967523 secs]
   [Parallel Time: 138.7 ms, GC Workers: 8]
      [GC Worker Start (ms): Min: 442762395.8, Avg: 442762404.7, Max: 442762406.0, Diff: 10.2]
      [Ext Root Scanning (ms): Min: 1.4, Avg: 23.6, Max: 120.8, Diff: 119.4, Sum: 188.7]
      [Update RS (ms): Min: 0.0, Avg: 1.2, Max: 5.2, Diff: 5.2, Sum: 10.0]
         [Processed Buffers: Min: 0, Avg: 4.9, Max: 24, Diff: 24, Sum: 39]
      [Scan RS (ms): Min: 0.0, Avg: 0.0, Max: 0.1, Diff: 0.1, Sum: 0.2]
      [Code Root Scanning (ms): Min: 0.0, Avg: 0.0, Max: 0.0, Diff: 0.0, Sum: 0.0]
      [Object Copy (ms): Min: 0.0, Avg: 1.1, Max: 4.1, Diff: 4.1, Sum: 9.1]
      [Termination (ms): Min: 0.0, Avg: 86.4, Max: 100.3, Diff: 100.3, Sum: 691.1]
         [Termination Attempts: Min: 1, Avg: 1.8, Max: 4, Diff: 3, Sum: 14]
      [GC Worker Other (ms): Min: 0.0, Avg: 0.0, Max: 0.0, Diff: 0.0, Sum: 0.1]
      [GC Worker Total (ms): Min: 111.1, Avg: 112.4, Max: 121.2, Diff: 10.1, Sum: 899.2]
      [GC Worker End (ms): Min: 442762517.0, Avg: 442762517.1, Max: 442762517.2, Diff: 0.2]
   [Code Root Fixup: 0.0 ms]
   [Code Root Purge: 0.0 ms]
   [Clear CT: 0.9 ms]
   [Other: 157.1 ms]
      [Choose CSet: 0.0 ms]
      [Ref Proc: 156.7 ms]
      [Ref Enq: 0.1 ms]
      [Redirty Cards: 0.1 ms]
      [Humongous Register: 0.0 ms]
      [Humongous Reclaim: 0.0 ms]
      [Free CSet: 0.2 ms]
   [Eden: 7152.0M(7152.0M)->0.0B(7152.0M) Survivors: 16384.0K->16384.0K Heap: 10626.3M(14336.0M)->3477.8M(14336.0M)]
 [Times: user=1.25 sys=0.00, real=0.30 secs] 
2022-09-28T02:55:29.580-0600: 442762.691: [GC concurrent-root-region-scan-start]
2022-09-28T02:55:29.586-0600: 442762.697: [GC concurrent-root-region-scan-end, 0.0058060 secs]
2022-09-28T02:55:29.586-0600: 442762.697: [GC concurrent-mark-start]
2022-09-28T02:55:30.875-0600: 442763.986: [GC concurrent-mark-end, 1.2886253 secs]
2022-09-28T02:55:30.875-0600: 442763.986: [GC remark 2022-09-28T02:55:30.875-0600: 442763.986: [Finalize Marking, 0.0030997 secs] 2022-09-28T02:55:30.878-0600: 442763.989: [GC ref-proc, 0.0483365 secs] 2022-09-28T02:55:30.926-0600: 442764.037: [Unloading, 0.0238257 secs], 0.0789471 secs]
 [Times: user=0.29 sys=0.00, real=0.08 secs] 
2022-09-28T02:55:30.954-0600: 442764.065: [GC cleanup 3621M->3621M(14336M), 0.0074867 secs]
 [Times: user=0.02 sys=0.00, real=0.01 secs] 
2022-09-28T02:57:10.829-0600: 442863.939: [GC pause (G1 Evacuation Pause) (young), 0.0411253 secs]
   [Parallel Time: 11.0 ms, GC Workers: 8]
      [GC Worker Start (ms): Min: 442863943.0, Avg: 442863945.6, Max: 442863950.3, Diff: 7.3]
      [Ext Root Scanning (ms): Min: 0.0, Avg: 1.1, Max: 3.2, Diff: 3.2, Sum: 9.1]
      [Update RS (ms): Min: 0.0, Avg: 1.2, Max: 2.0, Diff: 2.0, Sum: 9.9]
         [Processed Buffers: Min: 0, Avg: 6.2, Max: 13, Diff: 13, Sum: 50]
      [Scan RS (ms): Min: 0.0, Avg: 0.0, Max: 0.1, Diff: 0.1, Sum: 0.2]
      [Code Root Scanning (ms): Min: 0.0, Avg: 0.0, Max: 0.0, Diff: 0.0, Sum: 0.0]
      [Object Copy (ms): Min: 0.0, Avg: 1.4, Max: 3.6, Diff: 3.6, Sum: 10.9]
      [Termination (ms): Min: 0.0, Avg: 1.0, Max: 1.2, Diff: 1.2, Sum: 7.8]
         [Termination Attempts: Min: 1, Avg: 1.0, Max: 1, Diff: 0, Sum: 8]
      [GC Worker Other (ms): Min: 0.0, Avg: 0.0, Max: 0.0, Diff: 0.0, Sum: 0.0]
      [GC Worker Total (ms): Min: 0.0, Avg: 4.7, Max: 7.4, Diff: 7.4, Sum: 37.9]
      [GC Worker End (ms): Min: 442863950.3, Avg: 442863950.4, Max: 442863950.4, Diff: 0.1]
   [Code Root Fixup: 0.0 ms]
   [Code Root Purge: 0.0 ms]
   [Clear CT: 0.8 ms]
   [Other: 29.4 ms]
      [Choose CSet: 0.0 ms]
      [Ref Proc: 28.8 ms]
      [Ref Enq: 0.2 ms]
      [Redirty Cards: 0.1 ms]
      [Humongous Register: 0.0 ms]
      [Humongous Reclaim: 0.0 ms]
      [Free CSet: 0.2 ms]
   [Eden: 7152.0M(7152.0M)->0.0B(7152.0M) Survivors: 16384.0K->16384.0K Heap: 10629.8M(14336.0M)->3477.7M(14336.0M)]
 [Times: user=0.14 sys=0.00, real=0.04 secs] 
2022-09-28T02:58:51.628-0600: 442964.739: [GC pause (G1 Evacuation Pause) (young), 0.0224099 secs]
   [Parallel Time: 6.4 ms, GC Workers: 8]
      [GC Worker Start (ms): Min: 442964738.8, Avg: 442964738.9, Max: 442964739.0, Diff: 0.2]
      [Ext Root Scanning (ms): Min: 1.0, Avg: 2.6, Max: 6.1, Diff: 5.1, Sum: 20.8]
      [Update RS (ms): Min: 0.0, Avg: 1.1, Max: 2.0, Diff: 2.0, Sum: 8.9]
         [Processed Buffers: Min: 0, Avg: 5.6, Max: 16, Diff: 16, Sum: 45]
      [Scan RS (ms): Min: 0.0, Avg: 0.0, Max: 0.1, Diff: 0.1, Sum: 0.2]
      [Code Root Scanning (ms): Min: 0.0, Avg: 0.0, Max: 0.0, Diff: 0.0, Sum: 0.0]
      [Object Copy (ms): Min: 0.0, Avg: 1.5, Max: 2.1, Diff: 2.1, Sum: 11.6]
      [Termination (ms): Min: 0.0, Avg: 1.0, Max: 1.3, Diff: 1.3, Sum: 8.0]
         [Termination Attempts: Min: 1, Avg: 5.5, Max: 14, Diff: 13, Sum: 44]
      [GC Worker Other (ms): Min: 0.0, Avg: 0.0, Max: 0.0, Diff: 0.0, Sum: 0.0]
      [GC Worker Total (ms): Min: 6.2, Avg: 6.2, Max: 6.3, Diff: 0.2, Sum: 49.6]
      [GC Worker End (ms): Min: 442964745.1, Avg: 442964745.1, Max: 442964745.1, Diff: 0.1]
   [Code Root Fixup: 0.0 ms]
   [Code Root Purge: 0.0 ms]
   [Clear CT: 0.7 ms]
   [Other: 15.4 ms]
      [Choose CSet: 0.0 ms]
      [Ref Proc: 15.0 ms]
      [Ref Enq: 0.1 ms]
      [Redirty Cards: 0.1 ms]
      [Humongous Register: 0.0 ms]
      [Humongous Reclaim: 0.0 ms]
      [Free CSet: 0.1 ms]
   [Eden: 7152.0M(7152.0M)->0.0B(7152.0M) Survivors: 16384.0K->16384.0K Heap: 10629.7M(14336.0M)->3479.4M(14336.0M)]
 [Times: user=0.09 sys=0.00, real=0.03 secs] 
2022-09-28T03:00:33.642-0600: 443066.753: [GC pause (G1 Evacuation Pause) (young) (initial-mark), 0.2431883 secs]
   [Parallel Time: 16.0 ms, GC Workers: 8]
      [GC Worker Start (ms): Min: 443066754.0, Avg: 443066755.6, Max: 443066756.6, Diff: 2.6]
      [Ext Root Scanning (ms): Min: 2.2, Avg: 6.6, Max: 10.3, Diff: 8.1, Sum: 52.8]
      [Update RS (ms): Min: 0.0, Avg: 1.4, Max: 3.6, Diff: 3.6, Sum: 11.1]
         [Processed Buffers: Min: 0, Avg: 5.1, Max: 19, Diff: 19, Sum: 41]
      [Scan RS (ms): Min: 0.0, Avg: 0.0, Max: 0.1, Diff: 0.1, Sum: 0.2]
      [Code Root Scanning (ms): Min: 0.0, Avg: 0.0, Max: 0.0, Diff: 0.0, Sum: 0.0]
      [Object Copy (ms): Min: 0.0, Avg: 2.8, Max: 6.6, Diff: 6.6, Sum: 22.3]
      [Termination (ms): Min: 0.0, Avg: 2.1, Max: 2.9, Diff: 2.9, Sum: 17.0]
         [Termination Attempts: Min: 1, Avg: 5.2, Max: 9, Diff: 8, Sum: 42]
      [GC Worker Other (ms): Min: 0.0, Avg: 0.0, Max: 0.0, Diff: 0.0, Sum: 0.1]
      [GC Worker Total (ms): Min: 11.9, Avg: 12.9, Max: 14.5, Diff: 2.6, Sum: 103.5]
      [GC Worker End (ms): Min: 443066768.5, Avg: 443066768.6, Max: 443066768.7, Diff: 0.1]
   [Code Root Fixup: 0.0 ms]
   [Code Root Purge: 0.0 ms]
   [Clear CT: 0.7 ms]
   [Other: 226.4 ms]
      [Choose CSet: 0.0 ms]
      [Ref Proc: 225.8 ms]
      [Ref Enq: 0.1 ms]
      [Redirty Cards: 0.2 ms]
      [Humongous Register: 0.0 ms]
      [Humongous Reclaim: 0.0 ms]
      [Free CSet: 0.2 ms]
   [Eden: 7152.0M(7152.0M)->0.0B(7152.0M) Survivors: 16384.0K->16384.0K Heap: 10631.4M(14336.0M)->3482.2M(14336.0M)]
 [Times: user=0.14 sys=0.00, real=0.24 secs] 
2022-09-28T03:00:33.885-0600: 443066.996: [GC concurrent-root-region-scan-start]
2022-09-28T03:00:33.892-0600: 443067.003: [GC concurrent-root-region-scan-end, 0.0066748 secs]
2022-09-28T03:00:33.892-0600: 443067.003: [GC concurrent-mark-start]
2022-09-28T03:00:35.185-0600: 443068.296: [GC concurrent-mark-end, 1.2935515 secs]
2022-09-28T03:00:35.185-0600: 443068.296: [GC remark 2022-09-28T03:00:35.185-0600: 443068.296: [Finalize Marking, 0.0013505 secs] 2022-09-28T03:00:35.187-0600: 443068.298: [GC ref-proc, 0.0352223 secs] 2022-09-28T03:00:35.222-0600: 443068.333: [Unloading, 0.0261467 secs], 0.0906199 secs]
 [Times: user=0.29 sys=0.00, real=0.09 secs] 
2022-09-28T03:00:35.276-0600: 443068.387: [GC cleanup 3594M->3594M(14336M), 0.0218089 secs]
 [Times: user=0.05 sys=0.00, real=0.02 secs] 
2022-09-28T03:02:15.133-0600: 443168.244: [GC pause (G1 Evacuation Pause) (young), 0.3827531 secs]
   [Parallel Time: 14.4 ms, GC Workers: 8]
      [GC Worker Start (ms): Min: 443168244.3, Avg: 443168253.1, Max: 443168258.5, Diff: 14.1]
      [Ext Root Scanning (ms): Min: 0.0, Avg: 0.8, Max: 3.0, Diff: 3.0, Sum: 6.0]
      [Update RS (ms): Min: 0.0, Avg: 1.0, Max: 2.9, Diff: 2.9, Sum: 7.8]
         [Processed Buffers: Min: 0, Avg: 6.2, Max: 21, Diff: 21, Sum: 50]
      [Scan RS (ms): Min: 0.0, Avg: 0.0, Max: 0.1, Diff: 0.1, Sum: 0.2]
      [Code Root Scanning (ms): Min: 0.0, Avg: 0.0, Max: 0.0, Diff: 0.0, Sum: 0.0]
      [Object Copy (ms): Min: 0.0, Avg: 0.9, Max: 2.4, Diff: 2.4, Sum: 6.8]
      [Termination (ms): Min: 0.0, Avg: 2.8, Max: 7.0, Diff: 7.0, Sum: 22.7]
         [Termination Attempts: Min: 1, Avg: 3.1, Max: 10, Diff: 9, Sum: 25]
      [GC Worker Other (ms): Min: 0.0, Avg: 0.0, Max: 0.0, Diff: 0.0, Sum: 0.0]
      [GC Worker Total (ms): Min: 0.0, Avg: 5.5, Max: 14.2, Diff: 14.2, Sum: 43.6]
      [GC Worker End (ms): Min: 443168258.5, Avg: 443168258.5, Max: 443168258.6, Diff: 0.1]
   [Code Root Fixup: 0.0 ms]
   [Code Root Purge: 0.0 ms]
   [Clear CT: 0.9 ms]
   [Other: 367.5 ms]
      [Choose CSet: 0.0 ms]
      [Ref Proc: 367.0 ms]
      [Ref Enq: 0.1 ms]
      [Redirty Cards: 0.1 ms]
      [Humongous Register: 0.0 ms]
      [Humongous Reclaim: 0.0 ms]
      [Free CSet: 0.1 ms]
   [Eden: 7152.0M(7152.0M)->0.0B(5712.0M) Survivors: 16384.0K->16384.0K Heap: 10634.2M(14336.0M)->3480.9M(14336.0M)]
 [Times: user=0.35 sys=0.00, real=0.38 secs] 
2022-09-28T03:03:32.378-0600: 443245.488: [GC pause (G1 Evacuation Pause) (young), 0.2131797 secs]
   [Parallel Time: 175.2 ms, GC Workers: 8]
      [GC Worker Start (ms): Min: 443245488.5, Avg: 443245597.2, Max: 443245663.4, Diff: 175.0]
      [Ext Root Scanning (ms): Min: 0.0, Avg: 0.8, Max: 3.2, Diff: 3.2, Sum: 6.4]
      [Update RS (ms): Min: 0.0, Avg: 1.0, Max: 3.1, Diff: 3.1, Sum: 7.8]
         [Processed Buffers: Min: 0, Avg: 5.2, Max: 17, Diff: 17, Sum: 42]
      [Scan RS (ms): Min: 0.0, Avg: 0.0, Max: 0.1, Diff: 0.0, Sum: 0.2]
      [Code Root Scanning (ms): Min: 0.0, Avg: 0.0, Max: 0.0, Diff: 0.0, Sum: 0.0]
      [Object Copy (ms): Min: 0.0, Avg: 1.1, Max: 3.1, Diff: 3.1, Sum: 8.8]
      [Termination (ms): Min: 0.0, Avg: 63.4, Max: 167.4, Diff: 167.4, Sum: 507.4]
         [Termination Attempts: Min: 1, Avg: 5.4, Max: 20, Diff: 19, Sum: 43]
      [GC Worker Other (ms): Min: 0.0, Avg: 0.0, Max: 0.0, Diff: 0.0, Sum: 0.1]
      [GC Worker Total (ms): Min: 0.0, Avg: 66.3, Max: 175.1, Diff: 175.1, Sum: 530.5]
      [GC Worker End (ms): Min: 443245663.4, Avg: 443245663.5, Max: 443245663.6, Diff: 0.2]
   [Code Root Fixup: 0.0 ms]
   [Code Root Purge: 0.0 ms]
   [Clear CT: 0.5 ms]
   [Other: 37.4 ms]
      [Choose CSet: 0.0 ms]
      [Ref Proc: 37.0 ms]
      [Ref Enq: 0.1 ms]
      [Redirty Cards: 0.1 ms]
      [Humongous Register: 0.0 ms]
      [Humongous Reclaim: 0.0 ms]
      [Free CSet: 0.1 ms]
   [Eden: 5712.0M(5712.0M)->0.0B(5712.0M) Survivors: 16384.0K->16384.0K Heap: 9192.9M(14336.0M)->3481.8M(14336.0M)]
 [Times: user=0.65 sys=0.00, real=0.22 secs] 
2022-09-28T03:04:51.079-0600: 443324.190: [GC pause (G1 Evacuation Pause) (young) (initial-mark), 0.0327867 secs]
   [Parallel Time: 14.2 ms, GC Workers: 8]
      [GC Worker Start (ms): Min: 443324191.0, Avg: 443324191.5, Max: 443324193.8, Diff: 2.8]
      [Ext Root Scanning (ms): Min: 4.2, Avg: 7.2, Max: 12.5, Diff: 8.3, Sum: 57.8]
      [Update RS (ms): Min: 0.0, Avg: 1.2, Max: 3.0, Diff: 3.0, Sum: 10.0]
         [Processed Buffers: Min: 0, Avg: 5.0, Max: 18, Diff: 18, Sum: 40]
      [Scan RS (ms): Min: 0.0, Avg: 0.0, Max: 0.1, Diff: 0.1, Sum: 0.2]
      [Code Root Scanning (ms): Min: 0.0, Avg: 0.0, Max: 0.0, Diff: 0.0, Sum: 0.0]
      [Object Copy (ms): Min: 0.0, Avg: 2.4, Max: 4.5, Diff: 4.5, Sum: 19.2]
      [Termination (ms): Min: 0.0, Avg: 1.4, Max: 1.8, Diff: 1.8, Sum: 10.9]
         [Termination Attempts: Min: 1, Avg: 17.9, Max: 28, Diff: 27, Sum: 143]
      [GC Worker Other (ms): Min: 0.0, Avg: 0.0, Max: 0.0, Diff: 0.0, Sum: 0.1]
      [GC Worker Total (ms): Min: 9.9, Avg: 12.3, Max: 12.7, Diff: 2.8, Sum: 98.1]
      [GC Worker End (ms): Min: 443324203.7, Avg: 443324203.8, Max: 443324203.9, Diff: 0.2]
   [Code Root Fixup: 0.0 ms]
   [Code Root Purge: 0.0 ms]
   [Clear CT: 0.5 ms]
   [Other: 18.1 ms]
      [Choose CSet: 0.0 ms]
      [Ref Proc: 17.6 ms]
      [Ref Enq: 0.1 ms]
      [Redirty Cards: 0.1 ms]
      [Humongous Register: 0.0 ms]
      [Humongous Reclaim: 0.0 ms]
      [Free CSet: 0.1 ms]
   [Eden: 5712.0M(5712.0M)->0.0B(7152.0M) Survivors: 16384.0K->16384.0K Heap: 9193.8M(14336.0M)->3486.4M(14336.0M)]
 [Times: user=0.14 sys=0.00, real=0.04 secs] 
2022-09-28T03:04:51.112-0600: 443324.223: [GC concurrent-root-region-scan-start]
2022-09-28T03:04:51.117-0600: 443324.228: [GC concurrent-root-region-scan-end, 0.0057758 secs]
2022-09-28T03:04:51.117-0600: 443324.228: [GC concurrent-mark-start]
2022-09-28T03:04:52.450-0600: 443325.561: [GC concurrent-mark-end, 1.3329009 secs]
2022-09-28T03:04:52.451-0600: 443325.561: [GC remark 2022-09-28T03:04:52.451-0600: 443325.561: [Finalize Marking, 0.3332414 secs] 2022-09-28T03:04:52.784-0600: 443325.895: [GC ref-proc, 0.0999702 secs] 2022-09-28T03:04:52.884-0600: 443325.995: [Unloading, 0.0329267 secs], 0.4810810 secs]
 [Times: user=2.85 sys=0.00, real=0.48 secs] 
2022-09-28T03:04:52.932-0600: 443326.043: [GC cleanup 3598M->3598M(14336M), 0.0090213 secs]
 [Times: user=0.02 sys=0.00, real=0.01 secs] 
2022-09-28T03:06:30.778-0600: 443423.889: [GC pause (G1 Evacuation Pause) (young), 0.2512073 secs]
   [Parallel Time: 73.8 ms, GC Workers: 8]
      [GC Worker Start (ms): Min: 443423889.0, Avg: 443423900.2, Max: 443423962.5, Diff: 73.5]
      [Ext Root Scanning (ms): Min: 0.0, Avg: 0.8, Max: 3.2, Diff: 3.2, Sum: 6.5]
      [Update RS (ms): Min: 0.0, Avg: 1.2, Max: 2.3, Diff: 2.3, Sum: 9.7]
         [Processed Buffers: Min: 0, Avg: 6.8, Max: 17, Diff: 17, Sum: 54]
      [Scan RS (ms): Min: 0.0, Avg: 0.0, Max: 0.1, Diff: 0.1, Sum: 0.2]
      [Code Root Scanning (ms): Min: 0.0, Avg: 0.0, Max: 0.0, Diff: 0.0, Sum: 0.0]
      [Object Copy (ms): Min: 0.0, Avg: 1.0, Max: 1.8, Diff: 1.8, Sum: 8.0]
      [Termination (ms): Min: 0.0, Avg: 59.3, Max: 68.0, Diff: 68.0, Sum: 474.4]
         [Termination Attempts: Min: 1, Avg: 1.1, Max: 2, Diff: 1, Sum: 9]
      [GC Worker Other (ms): Min: 0.0, Avg: 0.0, Max: 0.0, Diff: 0.0, Sum: 0.0]
      [GC Worker Total (ms): Min: 0.0, Avg: 62.4, Max: 73.6, Diff: 73.5, Sum: 498.9]
      [GC Worker End (ms): Min: 443423962.5, Avg: 443423962.6, Max: 443423962.7, Diff: 0.1]
   [Code Root Fixup: 0.0 ms]
   [Code Root Purge: 0.0 ms]
   [Clear CT: 0.9 ms]
   [Other: 176.5 ms]
      [Choose CSet: 0.0 ms]
      [Ref Proc: 176.0 ms]
      [Ref Enq: 0.1 ms]
      [Redirty Cards: 0.1 ms]
      [Humongous Register: 0.0 ms]
      [Humongous Reclaim: 0.0 ms]
      [Free CSet: 0.2 ms]
   [Eden: 7152.0M(7152.0M)->0.0B(5712.0M) Survivors: 16384.0K->16384.0K Heap: 10638.4M(14336.0M)->3483.5M(14336.0M)]
 [Times: user=0.72 sys=0.00, real=0.26 secs] 
2022-09-28T03:07:48.746-0600: 443501.857: [GC pause (G1 Evacuation Pause) (young), 0.0492480 secs]
   [Parallel Time: 13.6 ms, GC Workers: 8]
      [GC Worker Start (ms): Min: 443501856.8, Avg: 443501864.3, Max: 443501870.1, Diff: 13.3]
      [Ext Root Scanning (ms): Min: 0.0, Avg: 1.0, Max: 5.0, Diff: 5.0, Sum: 7.8]
      [Update RS (ms): Min: 0.0, Avg: 1.6, Max: 5.7, Diff: 5.7, Sum: 12.5]
         [Processed Buffers: Min: 0, Avg: 5.4, Max: 20, Diff: 20, Sum: 43]
      [Scan RS (ms): Min: 0.0, Avg: 0.0, Max: 0.1, Diff: 0.1, Sum: 0.2]
      [Code Root Scanning (ms): Min: 0.0, Avg: 0.0, Max: 0.0, Diff: 0.0, Sum: 0.0]
      [Object Copy (ms): Min: 0.0, Avg: 2.3, Max: 4.1, Diff: 4.1, Sum: 18.4]
      [Termination (ms): Min: 0.0, Avg: 1.0, Max: 1.2, Diff: 1.2, Sum: 8.2]
         [Termination Attempts: Min: 1, Avg: 7.4, Max: 15, Diff: 14, Sum: 59]
      [GC Worker Other (ms): Min: 0.0, Avg: 0.0, Max: 0.0, Diff: 0.0, Sum: 0.1]
      [GC Worker Total (ms): Min: 0.0, Avg: 5.9, Max: 13.3, Diff: 13.3, Sum: 47.1]
      [GC Worker End (ms): Min: 443501870.1, Avg: 443501870.2, Max: 443501870.2, Diff: 0.1]
   [Code Root Fixup: 0.0 ms]
   [Code Root Purge: 0.0 ms]
   [Clear CT: 0.7 ms]
   [Other: 34.9 ms]
      [Choose CSet: 0.0 ms]
      [Ref Proc: 34.4 ms]
      [Ref Enq: 0.1 ms]
      [Redirty Cards: 0.1 ms]
      [Humongous Register: 0.0 ms]
      [Humongous Reclaim: 0.0 ms]
      [Free CSet: 0.1 ms]
   [Eden: 5712.0M(5712.0M)->0.0B(7152.0M) Survivors: 16384.0K->16384.0K Heap: 9195.5M(14336.0M)->3485.1M(14336.0M)]
 [Times: user=0.17 sys=0.00, real=0.05 secs] 
2022-09-28T03:09:28.697-0600: 443601.808: [GC pause (G1 Evacuation Pause) (young) (initial-mark), 0.0403123 secs]
   [Parallel Time: 15.9 ms, GC Workers: 8]
      [GC Worker Start (ms): Min: 443601809.6, Avg: 443601811.6, Max: 443601812.5, Diff: 2.9]
      [Ext Root Scanning (ms): Min: 3.6, Avg: 7.4, Max: 11.1, Diff: 7.5, Sum: 59.3]
      [Update RS (ms): Min: 0.0, Avg: 1.3, Max: 3.4, Diff: 3.4, Sum: 10.1]
         [Processed Buffers: Min: 0, Avg: 5.9, Max: 18, Diff: 18, Sum: 47]
      [Scan RS (ms): Min: 0.0, Avg: 0.0, Max: 0.1, Diff: 0.1, Sum: 0.2]
      [Code Root Scanning (ms): Min: 0.0, Avg: 0.0, Max: 0.0, Diff: 0.0, Sum: 0.0]
      [Object Copy (ms): Min: 0.0, Avg: 1.4, Max: 2.9, Diff: 2.9, Sum: 11.4]
      [Termination (ms): Min: 0.0, Avg: 1.9, Max: 2.9, Diff: 2.9, Sum: 15.6]
         [Termination Attempts: Min: 1, Avg: 2.2, Max: 7, Diff: 6, Sum: 18]
      [GC Worker Other (ms): Min: 0.0, Avg: 0.0, Max: 0.0, Diff: 0.0, Sum: 0.0]
      [GC Worker Total (ms): Min: 11.2, Avg: 12.1, Max: 14.1, Diff: 2.9, Sum: 96.6]
      [GC Worker End (ms): Min: 443601823.7, Avg: 443601823.7, Max: 443601823.8, Diff: 0.1]
   [Code Root Fixup: 0.0 ms]
   [Code Root Purge: 0.0 ms]
   [Clear CT: 0.7 ms]
   [Other: 23.7 ms]
      [Choose CSet: 0.0 ms]
      [Ref Proc: 23.2 ms]
      [Ref Enq: 0.2 ms]
      [Redirty Cards: 0.1 ms]
      [Humongous Register: 0.0 ms]
      [Humongous Reclaim: 0.0 ms]
      [Free CSet: 0.1 ms]
   [Eden: 7152.0M(7152.0M)->0.0B(7152.0M) Survivors: 16384.0K->16384.0K Heap: 10637.1M(14336.0M)->3489.1M(14336.0M)]
 [Times: user=0.14 sys=0.00, real=0.04 secs] 
2022-09-28T03:09:28.737-0600: 443601.848: [GC concurrent-root-region-scan-start]
2022-09-28T03:09:28.745-0600: 443601.856: [GC concurrent-root-region-scan-end, 0.0078179 secs]
2022-09-28T03:09:28.745-0600: 443601.856: [GC concurrent-mark-start]
2022-09-28T03:09:30.119-0600: 443603.229: [GC concurrent-mark-end, 1.3732667 secs]
2022-09-28T03:09:30.119-0600: 443603.230: [GC remark 2022-09-28T03:09:30.119-0600: 443603.230: [Finalize Marking, 0.0024530 secs] 2022-09-28T03:09:30.121-0600: 443603.232: [GC ref-proc, 0.0899617 secs] 2022-09-28T03:09:30.211-0600: 443603.322: [Unloading, 0.0343057 secs], 0.1305328 secs]
 [Times: user=0.49 sys=0.00, real=0.14 secs] 
2022-09-28T03:09:30.249-0600: 443603.360: [GC cleanup 3625M->3625M(14336M), 0.0160912 secs]
 [Times: user=0.02 sys=0.00, real=0.01 secs] 
2022-09-28T03:11:07.826-0600: 443700.937: [GC pause (G1 Evacuation Pause) (young), 0.0297146 secs]
   [Parallel Time: 7.3 ms, GC Workers: 8]
      [GC Worker Start (ms): Min: 443700936.6, Avg: 443700938.2, Max: 443700943.1, Diff: 6.5]
      [Ext Root Scanning (ms): Min: 0.0, Avg: 1.9, Max: 5.9, Diff: 5.9, Sum: 15.1]
      [Update RS (ms): Min: 0.0, Avg: 1.1, Max: 2.5, Diff: 2.5, Sum: 8.9]
         [Processed Buffers: Min: 0, Avg: 6.2, Max: 19, Diff: 19, Sum: 50]
      [Scan RS (ms): Min: 0.0, Avg: 0.0, Max: 0.1, Diff: 0.1, Sum: 0.2]
      [Code Root Scanning (ms): Min: 0.0, Avg: 0.0, Max: 0.0, Diff: 0.0, Sum: 0.0]
      [Object Copy (ms): Min: 0.0, Avg: 1.0, Max: 1.7, Diff: 1.7, Sum: 8.2]
      [Termination (ms): Min: 0.0, Avg: 0.9, Max: 1.2, Diff: 1.2, Sum: 6.8]
         [Termination Attempts: Min: 1, Avg: 1.6, Max: 3, Diff: 2, Sum: 13]
      [GC Worker Other (ms): Min: 0.0, Avg: 0.0, Max: 0.0, Diff: 0.0, Sum: 0.0]
      [GC Worker Total (ms): Min: 0.0, Avg: 4.9, Max: 6.5, Diff: 6.5, Sum: 39.3]
      [GC Worker End (ms): Min: 443700943.1, Avg: 443700943.1, Max: 443700943.1, Diff: 0.0]
   [Code Root Fixup: 0.0 ms]
   [Code Root Purge: 0.0 ms]
   [Clear CT: 1.0 ms]
   [Other: 21.3 ms]
      [Choose CSet: 0.0 ms]
      [Ref Proc: 20.9 ms]
      [Ref Enq: 0.1 ms]
      [Redirty Cards: 0.1 ms]
      [Humongous Register: 0.0 ms]
      [Humongous Reclaim: 0.0 ms]
      [Free CSet: 0.2 ms]
   [Eden: 7152.0M(7152.0M)->0.0B(7152.0M) Survivors: 16384.0K->16384.0K Heap: 10641.1M(14336.0M)->3487.2M(14336.0M)]
 [Times: user=0.10 sys=0.00, real=0.03 secs] 
2022-09-28T03:12:43.700-0600: 443796.811: [GC pause (G1 Evacuation Pause) (young), 0.1112221 secs]
   [Parallel Time: 33.8 ms, GC Workers: 8]
      [GC Worker Start (ms): Min: 443796811.5, Avg: 443796825.0, Max: 443796843.4, Diff: 31.9]
      [Ext Root Scanning (ms): Min: 0.0, Avg: 3.0, Max: 11.8, Diff: 11.8, Sum: 23.7]
      [Update RS (ms): Min: 0.0, Avg: 4.9, Max: 8.8, Diff: 8.8, Sum: 39.4]
         [Processed Buffers: Min: 0, Avg: 6.1, Max: 16, Diff: 16, Sum: 49]
      [Scan RS (ms): Min: 0.0, Avg: 0.1, Max: 0.2, Diff: 0.2, Sum: 0.8]
      [Code Root Scanning (ms): Min: 0.0, Avg: 0.0, Max: 0.0, Diff: 0.0, Sum: 0.1]
      [Object Copy (ms): Min: 0.0, Avg: 6.1, Max: 10.3, Diff: 10.3, Sum: 48.6]
      [Termination (ms): Min: 0.0, Avg: 4.5, Max: 6.2, Diff: 6.2, Sum: 36.4]
         [Termination Attempts: Min: 1, Avg: 5.9, Max: 16, Diff: 15, Sum: 47]
      [GC Worker Other (ms): Min: 0.0, Avg: 0.0, Max: 0.0, Diff: 0.0, Sum: 0.2]
      [GC Worker Total (ms): Min: 0.1, Avg: 18.6, Max: 32.4, Diff: 32.3, Sum: 149.1]
      [GC Worker End (ms): Min: 443796843.4, Avg: 443796843.7, Max: 443796844.0, Diff: 0.6]
   [Code Root Fixup: 0.0 ms]
   [Code Root Purge: 0.0 ms]
   [Clear CT: 0.9 ms]
   [Other: 76.5 ms]
      [Choose CSet: 0.0 ms]
      [Ref Proc: 75.8 ms]
      [Ref Enq: 0.2 ms]
      [Redirty Cards: 0.2 ms]
      [Humongous Register: 0.0 ms]
      [Humongous Reclaim: 0.0 ms]
      [Free CSet: 0.2 ms]
   [Eden: 7152.0M(7152.0M)->0.0B(7152.0M) Survivors: 16384.0K->16384.0K Heap: 10639.2M(14336.0M)->3488.6M(14336.0M)]
 [Times: user=0.40 sys=0.00, real=0.11 secs] 
2022-09-28T03:14:23.103-0600: 443896.214: [GC pause (G1 Evacuation Pause) (young) (initial-mark), 0.4398890 secs]
   [Parallel Time: 291.1 ms, GC Workers: 8]
      [GC Worker Start (ms): Min: 443896215.7, Avg: 443896218.9, Max: 443896219.7, Diff: 4.0]
      [Ext Root Scanning (ms): Min: 1.9, Avg: 6.9, Max: 10.1, Diff: 8.2, Sum: 55.5]
      [Update RS (ms): Min: 0.0, Avg: 7.8, Max: 57.0, Diff: 57.0, Sum: 62.5]
         [Processed Buffers: Min: 0, Avg: 5.2, Max: 16, Diff: 16, Sum: 42]
      [Scan RS (ms): Min: 0.0, Avg: 0.0, Max: 0.1, Diff: 0.1, Sum: 0.2]
      [Code Root Scanning (ms): Min: 0.0, Avg: 0.0, Max: 0.0, Diff: 0.0, Sum: 0.0]
      [Object Copy (ms): Min: 0.0, Avg: 1.7, Max: 4.4, Diff: 4.4, Sum: 13.4]
      [Termination (ms): Min: 0.0, Avg: 43.4, Max: 50.0, Diff: 50.0, Sum: 347.1]
         [Termination Attempts: Min: 1, Avg: 9.2, Max: 28, Diff: 27, Sum: 74]
      [GC Worker Other (ms): Min: 0.0, Avg: 0.0, Max: 0.0, Diff: 0.0, Sum: 0.1]
      [GC Worker Total (ms): Min: 59.0, Avg: 59.9, Max: 63.0, Diff: 4.0, Sum: 478.8]
      [GC Worker End (ms): Min: 443896278.7, Avg: 443896278.7, Max: 443896278.9, Diff: 0.2]
   [Code Root Fixup: 0.0 ms]
   [Code Root Purge: 0.0 ms]
   [Clear CT: 0.8 ms]
   [Other: 148.0 ms]
      [Choose CSet: 0.0 ms]
      [Ref Proc: 147.6 ms]
      [Ref Enq: 0.1 ms]
      [Redirty Cards: 0.1 ms]
      [Humongous Register: 0.0 ms]
      [Humongous Reclaim: 0.0 ms]
      [Free CSet: 0.1 ms]
   [Eden: 7152.0M(7152.0M)->0.0B(5712.0M) Survivors: 16384.0K->16384.0K Heap: 10640.6M(14336.0M)->3492.4M(14336.0M)]
 [Times: user=0.56 sys=0.00, real=0.44 secs] 
2022-09-28T03:14:23.543-0600: 443896.654: [GC concurrent-root-region-scan-start]
2022-09-28T03:14:23.549-0600: 443896.660: [GC concurrent-root-region-scan-end, 0.0060106 secs]
2022-09-28T03:14:23.549-0600: 443896.660: [GC concurrent-mark-start]
2022-09-28T03:14:24.927-0600: 443898.038: [GC concurrent-mark-end, 1.3772102 secs]
2022-09-28T03:14:24.927-0600: 443898.038: [GC remark 2022-09-28T03:14:24.927-0600: 443898.038: [Finalize Marking, 0.0105015 secs] 2022-09-28T03:14:24.937-0600: 443898.048: [GC ref-proc, 0.0657897 secs] 2022-09-28T03:14:25.003-0600: 443898.114: [Unloading, 0.0240506 secs], 0.1044105 secs]
 [Times: user=0.39 sys=0.00, real=0.11 secs] 
2022-09-28T03:14:25.031-0600: 443898.142: [GC cleanup 3612M->3612M(14336M), 0.0083232 secs]
 [Times: user=0.02 sys=0.00, real=0.00 secs] 
2022-09-28T03:15:44.557-0600: 443977.668: [GC pause (G1 Evacuation Pause) (young), 0.0445523 secs]
   [Parallel Time: 9.7 ms, GC Workers: 8]
      [GC Worker Start (ms): Min: 443977668.1, Avg: 443977672.9, Max: 443977677.5, Diff: 9.4]
      [Ext Root Scanning (ms): Min: 0.0, Avg: 0.9, Max: 3.5, Diff: 3.5, Sum: 7.1]
      [Update RS (ms): Min: 0.0, Avg: 1.5, Max: 3.6, Diff: 3.6, Sum: 12.3]
         [Processed Buffers: Min: 0, Avg: 6.2, Max: 22, Diff: 22, Sum: 50]
      [Scan RS (ms): Min: 0.0, Avg: 0.0, Max: 0.1, Diff: 0.1, Sum: 0.2]
      [Code Root Scanning (ms): Min: 0.0, Avg: 0.0, Max: 0.0, Diff: 0.0, Sum: 0.0]
      [Object Copy (ms): Min: 0.0, Avg: 0.9, Max: 1.9, Diff: 1.9, Sum: 7.0]
      [Termination (ms): Min: 0.0, Avg: 1.3, Max: 1.9, Diff: 1.9, Sum: 10.3]
         [Termination Attempts: Min: 1, Avg: 1.8, Max: 4, Diff: 3, Sum: 14]
      [GC Worker Other (ms): Min: 0.0, Avg: 0.0, Max: 0.0, Diff: 0.0, Sum: 0.0]
      [GC Worker Total (ms): Min: 0.0, Avg: 4.6, Max: 9.4, Diff: 9.4, Sum: 36.9]
      [GC Worker End (ms): Min: 443977677.5, Avg: 443977677.5, Max: 443977677.7, Diff: 0.2]
   [Code Root Fixup: 0.0 ms]
   [Code Root Purge: 0.0 ms]
   [Clear CT: 0.7 ms]
   [Other: 34.1 ms]
      [Choose CSet: 0.0 ms]
      [Ref Proc: 33.8 ms]
      [Ref Enq: 0.1 ms]
      [Redirty Cards: 0.1 ms]
      [Humongous Register: 0.0 ms]
      [Humongous Reclaim: 0.0 ms]
      [Free CSet: 0.1 ms]
   [Eden: 5712.0M(5712.0M)->0.0B(5712.0M) Survivors: 16384.0K->16384.0K Heap: 9204.4M(14336.0M)->3489.2M(14336.0M)]
 [Times: user=0.14 sys=0.00, real=0.05 secs] 
2022-09-28T03:17:05.729-0600: 444058.839: [GC pause (G1 Evacuation Pause) (mixed), 0.0290636 secs]
   [Parallel Time: 12.1 ms, GC Workers: 8]
      [GC Worker Start (ms): Min: 444058839.5, Avg: 444058844.9, Max: 444058848.6, Diff: 9.1]
      [Ext Root Scanning (ms): Min: 0.0, Avg: 0.8, Max: 4.4, Diff: 4.4, Sum: 6.4]
      [Update RS (ms): Min: 0.0, Avg: 0.9, Max: 1.8, Diff: 1.8, Sum: 7.0]
         [Processed Buffers: Min: 0, Avg: 5.0, Max: 14, Diff: 14, Sum: 40]
      [Scan RS (ms): Min: 0.0, Avg: 0.2, Max: 0.5, Diff: 0.5, Sum: 2.0]
      [Code Root Scanning (ms): Min: 0.0, Avg: 0.0, Max: 0.0, Diff: 0.0, Sum: 0.0]
      [Object Copy (ms): Min: 0.0, Avg: 2.1, Max: 5.3, Diff: 5.3, Sum: 16.8]
      [Termination (ms): Min: 0.0, Avg: 2.6, Max: 3.5, Diff: 3.5, Sum: 20.5]
         [Termination Attempts: Min: 1, Avg: 13.6, Max: 28, Diff: 27, Sum: 109]
      [GC Worker Other (ms): Min: 0.0, Avg: 0.0, Max: 0.0, Diff: 0.0, Sum: 0.0]
      [GC Worker Total (ms): Min: 2.9, Avg: 6.6, Max: 11.9, Diff: 9.1, Sum: 52.6]
      [GC Worker End (ms): Min: 444058851.4, Avg: 444058851.5, Max: 444058851.6, Diff: 0.2]
   [Code Root Fixup: 0.0 ms]
   [Code Root Purge: 0.0 ms]
   [Clear CT: 0.7 ms]
   [Other: 16.2 ms]
      [Choose CSet: 0.0 ms]
      [Ref Proc: 15.8 ms]
      [Ref Enq: 0.1 ms]
      [Redirty Cards: 0.1 ms]
      [Humongous Register: 0.0 ms]
      [Humongous Reclaim: 0.0 ms]
      [Free CSet: 0.1 ms]
   [Eden: 5712.0M(5712.0M)->0.0B(7152.0M) Survivors: 16384.0K->16384.0K Heap: 9201.2M(14336.0M)->3474.1M(14336.0M)]
 [Times: user=0.10 sys=0.00, real=0.02 secs] 
2022-09-28T03:18:45.979-0600: 444159.090: [GC pause (G1 Evacuation Pause) (young), 0.0257743 secs]
   [Parallel Time: 6.6 ms, GC Workers: 8]
      [GC Worker Start (ms): Min: 444159090.4, Avg: 444159093.1, Max: 444159096.8, Diff: 6.4]
      [Ext Root Scanning (ms): Min: 0.0, Avg: 0.9, Max: 3.0, Diff: 3.0, Sum: 7.0]
      [Update RS (ms): Min: 0.0, Avg: 1.3, Max: 2.4, Diff: 2.4, Sum: 10.2]
         [Processed Buffers: Min: 0, Avg: 6.8, Max: 18, Diff: 18, Sum: 54]
      [Scan RS (ms): Min: 0.0, Avg: 0.0, Max: 0.1, Diff: 0.1, Sum: 0.2]
      [Code Root Scanning (ms): Min: 0.0, Avg: 0.0, Max: 0.0, Diff: 0.0, Sum: 0.0]
      [Object Copy (ms): Min: 0.0, Avg: 1.2, Max: 2.0, Diff: 2.0, Sum: 9.4]
      [Termination (ms): Min: 0.0, Avg: 0.4, Max: 0.7, Diff: 0.7, Sum: 3.4]
         [Termination Attempts: Min: 1, Avg: 1.2, Max: 2, Diff: 1, Sum: 10]
      [GC Worker Other (ms): Min: 0.0, Avg: 0.0, Max: 0.0, Diff: 0.0, Sum: 0.0]
      [GC Worker Total (ms): Min: 0.0, Avg: 3.8, Max: 6.5, Diff: 6.5, Sum: 30.2]
      [GC Worker End (ms): Min: 444159096.8, Avg: 444159096.8, Max: 444159096.9, Diff: 0.1]
   [Code Root Fixup: 0.0 ms]
   [Code Root Purge: 0.0 ms]
   [Clear CT: 0.8 ms]
   [Other: 18.4 ms]
      [Choose CSet: 0.0 ms]
      [Ref Proc: 18.0 ms]
      [Ref Enq: 0.1 ms]
      [Redirty Cards: 0.1 ms]
      [Humongous Register: 0.0 ms]
      [Humongous Reclaim: 0.0 ms]
      [Free CSet: 0.1 ms]
   [Eden: 7152.0M(7152.0M)->0.0B(7152.0M) Survivors: 16384.0K->16384.0K Heap: 10626.1M(14336.0M)->3476.1M(14336.0M)]
 [Times: user=0.09 sys=0.00, real=0.03 secs] 
2022-09-28T03:20:27.287-0600: 444260.398: [GC pause (G1 Evacuation Pause) (young) (initial-mark), 0.0703252 secs]
   [Parallel Time: 44.7 ms, GC Workers: 8]
      [GC Worker Start (ms): Min: 444260399.0, Avg: 444260421.5, Max: 444260424.8, Diff: 25.8]
      [Ext Root Scanning (ms): Min: 2.4, Avg: 8.1, Max: 29.0, Diff: 26.6, Sum: 64.7]
      [Update RS (ms): Min: 0.0, Avg: 1.1, Max: 2.3, Diff: 2.3, Sum: 8.7]
         [Processed Buffers: Min: 0, Avg: 5.5, Max: 22, Diff: 22, Sum: 44]
      [Scan RS (ms): Min: 0.0, Avg: 0.0, Max: 0.1, Diff: 0.1, Sum: 0.2]
      [Code Root Scanning (ms): Min: 0.0, Avg: 0.0, Max: 0.0, Diff: 0.0, Sum: 0.0]
      [Object Copy (ms): Min: 0.0, Avg: 2.6, Max: 12.6, Diff: 12.6, Sum: 21.0]
      [Termination (ms): Min: 0.0, Avg: 8.8, Max: 10.8, Diff: 10.8, Sum: 70.7]
         [Termination Attempts: Min: 1, Avg: 1.6, Max: 3, Diff: 2, Sum: 13]
      [GC Worker Other (ms): Min: 0.0, Avg: 0.0, Max: 0.0, Diff: 0.0, Sum: 0.1]
      [GC Worker Total (ms): Min: 17.3, Avg: 20.7, Max: 43.2, Diff: 25.9, Sum: 165.4]
      [GC Worker End (ms): Min: 444260442.1, Avg: 444260442.2, Max: 444260442.3, Diff: 0.2]
   [Code Root Fixup: 0.0 ms]
   [Code Root Purge: 0.0 ms]
   [Clear CT: 0.9 ms]
   [Other: 24.8 ms]
      [Choose CSet: 0.0 ms]
      [Ref Proc: 24.4 ms]
      [Ref Enq: 0.1 ms]
      [Redirty Cards: 0.1 ms]
      [Humongous Register: 0.0 ms]
      [Humongous Reclaim: 0.0 ms]
      [Free CSet: 0.1 ms]
   [Eden: 7152.0M(7152.0M)->0.0B(7152.0M) Survivors: 16384.0K->16384.0K Heap: 10628.1M(14336.0M)->3479.5M(14336.0M)]
 [Times: user=0.18 sys=0.00, real=0.07 secs] 
2022-09-28T03:20:27.357-0600: 444260.468: [GC concurrent-root-region-scan-start]
2022-09-28T03:20:27.363-0600: 444260.474: [GC concurrent-root-region-scan-end, 0.0061847 secs]
2022-09-28T03:20:27.363-0600: 444260.474: [GC concurrent-mark-start]
2022-09-28T03:20:28.782-0600: 444261.893: [GC concurrent-mark-end, 1.4184446 secs]
2022-09-28T03:20:28.782-0600: 444261.893: [GC remark 2022-09-28T03:20:28.782-0600: 444261.893: [Finalize Marking, 0.0106765 secs] 2022-09-28T03:20:28.793-0600: 444261.903: [GC ref-proc, 0.3520425 secs] 2022-09-28T03:20:29.145-0600: 444262.256: [Unloading, 0.1380190 secs], 0.5262883 secs]
 [Times: user=2.10 sys=0.00, real=0.52 secs] 
2022-09-28T03:20:29.308-0600: 444262.419: [GC cleanup 3623M->3623M(14336M), 0.0142338 secs]
 [Times: user=0.05 sys=0.00, real=0.01 secs] 
2022-09-28T03:22:07.904-0600: 444361.015: [GC pause (G1 Evacuation Pause) (young), 0.0432253 secs]
   [Parallel Time: 7.6 ms, GC Workers: 8]
      [GC Worker Start (ms): Min: 444361015.3, Avg: 444361016.8, Max: 444361022.7, Diff: 7.4]
      [Ext Root Scanning (ms): Min: 0.0, Avg: 1.6, Max: 3.9, Diff: 3.9, Sum: 13.0]
      [Update RS (ms): Min: 0.0, Avg: 1.8, Max: 3.3, Diff: 3.3, Sum: 14.1]
         [Processed Buffers: Min: 0, Avg: 5.8, Max: 13, Diff: 13, Sum: 46]
      [Scan RS (ms): Min: 0.0, Avg: 0.0, Max: 0.1, Diff: 0.1, Sum: 0.3]
      [Code Root Scanning (ms): Min: 0.0, Avg: 0.0, Max: 0.0, Diff: 0.0, Sum: 0.0]
      [Object Copy (ms): Min: 0.0, Avg: 1.7, Max: 2.2, Diff: 2.2, Sum: 14.0]
      [Termination (ms): Min: 0.0, Avg: 0.8, Max: 0.9, Diff: 0.9, Sum: 6.4]
         [Termination Attempts: Min: 1, Avg: 1.9, Max: 3, Diff: 2, Sum: 15]
      [GC Worker Other (ms): Min: 0.0, Avg: 0.0, Max: 0.0, Diff: 0.0, Sum: 0.1]
      [GC Worker Total (ms): Min: 0.0, Avg: 6.0, Max: 7.4, Diff: 7.4, Sum: 47.9]
      [GC Worker End (ms): Min: 444361022.7, Avg: 444361022.8, Max: 444361022.8, Diff: 0.0]
   [Code Root Fixup: 0.0 ms]
   [Code Root Purge: 0.0 ms]
   [Clear CT: 0.9 ms]
   [Other: 34.7 ms]
      [Choose CSet: 0.0 ms]
      [Ref Proc: 34.3 ms]
      [Ref Enq: 0.1 ms]
      [Redirty Cards: 0.1 ms]
      [Humongous Register: 0.0 ms]
      [Humongous Reclaim: 0.0 ms]
      [Free CSet: 0.1 ms]
   [Eden: 7152.0M(7152.0M)->0.0B(7152.0M) Survivors: 16384.0K->16384.0K Heap: 10631.5M(14336.0M)->3478.6M(14336.0M)]
 [Times: user=0.16 sys=0.00, real=0.04 secs] 
2022-09-28T03:23:44.582-0600: 444457.693: [GC pause (G1 Evacuation Pause) (young), 0.0361823 secs]
   [Parallel Time: 10.1 ms, GC Workers: 8]
      [GC Worker Start (ms): Min: 444457692.6, Avg: 444457697.1, Max: 444457702.0, Diff: 9.4]
      [Ext Root Scanning (ms): Min: 0.0, Avg: 2.2, Max: 7.4, Diff: 7.4, Sum: 17.3]
      [Update RS (ms): Min: 0.0, Avg: 1.0, Max: 2.6, Diff: 2.6, Sum: 7.6]
         [Processed Buffers: Min: 0, Avg: 5.5, Max: 22, Diff: 22, Sum: 44]
      [Scan RS (ms): Min: 0.0, Avg: 0.0, Max: 0.1, Diff: 0.1, Sum: 0.2]
      [Code Root Scanning (ms): Min: 0.0, Avg: 0.0, Max: 0.0, Diff: 0.0, Sum: 0.0]
      [Object Copy (ms): Min: 0.0, Avg: 1.5, Max: 2.6, Diff: 2.6, Sum: 12.0]
      [Termination (ms): Min: 0.0, Avg: 0.9, Max: 1.3, Diff: 1.3, Sum: 7.3]
         [Termination Attempts: Min: 1, Avg: 16.2, Max: 31, Diff: 30, Sum: 130]
      [GC Worker Other (ms): Min: 0.0, Avg: 0.0, Max: 0.0, Diff: 0.0, Sum: 0.0]
      [GC Worker Total (ms): Min: 0.6, Avg: 5.6, Max: 10.0, Diff: 9.4, Sum: 44.5]
      [GC Worker End (ms): Min: 444457702.6, Avg: 444457702.6, Max: 444457702.7, Diff: 0.0]
   [Code Root Fixup: 0.0 ms]
   [Code Root Purge: 0.0 ms]
   [Clear CT: 0.8 ms]
   [Other: 25.3 ms]
      [Choose CSet: 0.0 ms]
      [Ref Proc: 24.8 ms]
      [Ref Enq: 0.1 ms]
      [Redirty Cards: 0.1 ms]
      [Humongous Register: 0.0 ms]
      [Humongous Reclaim: 0.0 ms]
      [Free CSet: 0.2 ms]
   [Eden: 7152.0M(7152.0M)->0.0B(7152.0M) Survivors: 16384.0K->16384.0K Heap: 10630.6M(14336.0M)->3479.7M(14336.0M)]
 [Times: user=0.11 sys=0.00, real=0.03 secs] 
2022-09-28T03:25:22.584-0600: 444555.695: [GC pause (G1 Evacuation Pause) (young) (initial-mark), 0.1437053 secs]
   [Parallel Time: 108.2 ms, GC Workers: 8]
      [GC Worker Start (ms): Min: 444555696.6, Avg: 444555742.7, Max: 444555788.1, Diff: 91.5]
      [Ext Root Scanning (ms): Min: 2.5, Avg: 50.4, Max: 93.8, Diff: 91.3, Sum: 403.1]
      [Update RS (ms): Min: 0.0, Avg: 1.1, Max: 2.0, Diff: 2.0, Sum: 9.2]
         [Processed Buffers: Min: 0, Avg: 5.1, Max: 15, Diff: 15, Sum: 41]
      [Scan RS (ms): Min: 0.0, Avg: 0.0, Max: 0.1, Diff: 0.1, Sum: 0.2]
      [Code Root Scanning (ms): Min: 0.0, Avg: 0.0, Max: 0.0, Diff: 0.0, Sum: 0.0]
      [Object Copy (ms): Min: 0.0, Avg: 1.4, Max: 2.4, Diff: 2.4, Sum: 11.0]
      [Termination (ms): Min: 0.0, Avg: 2.5, Max: 3.7, Diff: 3.7, Sum: 20.0]
         [Termination Attempts: Min: 1, Avg: 3.2, Max: 7, Diff: 6, Sum: 26]
      [GC Worker Other (ms): Min: 0.0, Avg: 0.0, Max: 0.0, Diff: 0.0, Sum: 0.1]
      [GC Worker Total (ms): Min: 10.0, Avg: 55.5, Max: 101.6, Diff: 91.6, Sum: 443.6]
      [GC Worker End (ms): Min: 444555798.1, Avg: 444555798.1, Max: 444555798.2, Diff: 0.2]
   [Code Root Fixup: 0.0 ms]
   [Code Root Purge: 0.0 ms]
   [Clear CT: 0.7 ms]
   [Other: 34.8 ms]
      [Choose CSet: 0.0 ms]
      [Ref Proc: 34.2 ms]
      [Ref Enq: 0.1 ms]
      [Redirty Cards: 0.2 ms]
      [Humongous Register: 0.0 ms]
      [Humongous Reclaim: 0.0 ms]
      [Free CSet: 0.2 ms]
   [Eden: 7152.0M(7152.0M)->0.0B(7152.0M) Survivors: 16384.0K->16384.0K Heap: 10631.7M(14336.0M)->3483.3M(14336.0M)]
 [Times: user=0.18 sys=0.00, real=0.14 secs] 
2022-09-28T03:25:22.728-0600: 444555.839: [GC concurrent-root-region-scan-start]
2022-09-28T03:25:22.735-0600: 444555.846: [GC concurrent-root-region-scan-end, 0.0068735 secs]
2022-09-28T03:25:22.735-0600: 444555.846: [GC concurrent-mark-start]
2022-09-28T03:25:24.083-0600: 444557.194: [GC concurrent-mark-end, 1.3476006 secs]
2022-09-28T03:25:24.083-0600: 444557.194: [GC remark 2022-09-28T03:25:24.083-0600: 444557.194: [Finalize Marking, 0.0020190 secs] 2022-09-28T03:25:24.085-0600: 444557.196: [GC ref-proc, 0.0361703 secs] 2022-09-28T03:25:24.121-0600: 444557.232: [Unloading, 0.0294379 secs], 0.0735303 secs]
 [Times: user=0.24 sys=0.00, real=0.07 secs] 
2022-09-28T03:25:24.157-0600: 444557.267: [GC cleanup 3607M->3607M(14336M), 0.0087413 secs]
 [Times: user=0.03 sys=0.00, real=0.01 secs] 
2022-09-28T03:27:02.728-0600: 444655.839: [GC pause (G1 Evacuation Pause) (young), 0.1505991 secs]
   [Parallel Time: 12.3 ms, GC Workers: 8]
      [GC Worker Start (ms): Min: 444655839.4, Avg: 444655844.2, Max: 444655848.2, Diff: 8.8]
      [Ext Root Scanning (ms): Min: 0.0, Avg: 0.7, Max: 3.3, Diff: 3.3, Sum: 6.0]
      [Update RS (ms): Min: 0.0, Avg: 2.1, Max: 8.7, Diff: 8.7, Sum: 16.5]
         [Processed Buffers: Min: 0, Avg: 6.4, Max: 19, Diff: 19, Sum: 51]
      [Scan RS (ms): Min: 0.0, Avg: 0.0, Max: 0.1, Diff: 0.1, Sum: 0.2]
      [Code Root Scanning (ms): Min: 0.0, Avg: 0.0, Max: 0.0, Diff: 0.0, Sum: 0.0]
      [Object Copy (ms): Min: 0.0, Avg: 1.0, Max: 2.2, Diff: 2.2, Sum: 8.1]
      [Termination (ms): Min: 0.0, Avg: 3.5, Max: 4.5, Diff: 4.5, Sum: 27.9]
         [Termination Attempts: Min: 1, Avg: 17.1, Max: 36, Diff: 35, Sum: 137]
      [GC Worker Other (ms): Min: 0.0, Avg: 0.0, Max: 0.0, Diff: 0.0, Sum: 0.0]
      [GC Worker Total (ms): Min: 3.3, Avg: 7.3, Max: 12.1, Diff: 8.8, Sum: 58.6]
      [GC Worker End (ms): Min: 444655851.5, Avg: 444655851.5, Max: 444655851.5, Diff: 0.0]
   [Code Root Fixup: 0.0 ms]
   [Code Root Purge: 0.0 ms]
   [Clear CT: 10.6 ms]
   [Other: 127.7 ms]
      [Choose CSet: 0.0 ms]
      [Ref Proc: 127.2 ms]
      [Ref Enq: 0.2 ms]
      [Redirty Cards: 0.1 ms]
      [Humongous Register: 0.0 ms]
      [Humongous Reclaim: 0.0 ms]
      [Free CSet: 0.1 ms]
   [Eden: 7152.0M(7152.0M)->0.0B(7152.0M) Survivors: 16384.0K->16384.0K Heap: 10635.3M(14336.0M)->3482.6M(14336.0M)]
 [Times: user=0.13 sys=0.00, real=0.14 secs] 
2022-09-28T03:28:41.135-0600: 444754.246: [GC pause (G1 Evacuation Pause) (young), 0.0454927 secs]
   [Parallel Time: 11.2 ms, GC Workers: 8]
      [GC Worker Start (ms): Min: 444754246.2, Avg: 444754252.3, Max: 444754257.3, Diff: 11.0]
      [Ext Root Scanning (ms): Min: 0.0, Avg: 0.7, Max: 3.5, Diff: 3.5, Sum: 5.8]
      [Update RS (ms): Min: 0.0, Avg: 1.6, Max: 6.2, Diff: 6.2, Sum: 12.6]
         [Processed Buffers: Min: 0, Avg: 5.5, Max: 20, Diff: 20, Sum: 44]
      [Scan RS (ms): Min: 0.0, Avg: 0.0, Max: 0.1, Diff: 0.1, Sum: 0.2]
      [Code Root Scanning (ms): Min: 0.0, Avg: 0.0, Max: 0.0, Diff: 0.0, Sum: 0.0]
      [Object Copy (ms): Min: 0.0, Avg: 1.4, Max: 2.9, Diff: 2.9, Sum: 11.1]
      [Termination (ms): Min: 0.0, Avg: 1.3, Max: 1.9, Diff: 1.9, Sum: 10.4]
         [Termination Attempts: Min: 1, Avg: 6.5, Max: 15, Diff: 14, Sum: 52]
      [GC Worker Other (ms): Min: 0.0, Avg: 0.0, Max: 0.0, Diff: 0.0, Sum: 0.0]
      [GC Worker Total (ms): Min: 0.0, Avg: 5.0, Max: 11.0, Diff: 11.0, Sum: 40.3]
      [GC Worker End (ms): Min: 444754257.3, Avg: 444754257.3, Max: 444754257.3, Diff: 0.1]
   [Code Root Fixup: 0.0 ms]
   [Code Root Purge: 0.0 ms]
   [Clear CT: 1.0 ms]
   [Other: 33.3 ms]
      [Choose CSet: 0.0 ms]
      [Ref Proc: 32.9 ms]
      [Ref Enq: 0.1 ms]
      [Redirty Cards: 0.1 ms]
      [Humongous Register: 0.0 ms]
      [Humongous Reclaim: 0.0 ms]
      [Free CSet: 0.1 ms]
   [Eden: 7152.0M(7152.0M)->0.0B(7152.0M) Survivors: 16384.0K->16384.0K Heap: 10634.6M(14336.0M)->3483.5M(14336.0M)]
 [Times: user=0.12 sys=0.00, real=0.05 secs] 
2022-09-28T03:30:21.284-0600: 444854.395: [GC pause (G1 Evacuation Pause) (young) (initial-mark), 0.4960562 secs]
   [Parallel Time: 15.7 ms, GC Workers: 8]
      [GC Worker Start (ms): Min: 444854396.4, Avg: 444854398.4, Max: 444854399.5, Diff: 3.1]
      [Ext Root Scanning (ms): Min: 1.9, Avg: 7.4, Max: 11.2, Diff: 9.3, Sum: 59.2]
      [Update RS (ms): Min: 0.0, Avg: 1.1, Max: 3.7, Diff: 3.7, Sum: 8.5]
         [Processed Buffers: Min: 0, Avg: 5.8, Max: 24, Diff: 24, Sum: 46]
      [Scan RS (ms): Min: 0.0, Avg: 0.0, Max: 0.1, Diff: 0.1, Sum: 0.3]
      [Code Root Scanning (ms): Min: 0.0, Avg: 0.0, Max: 0.0, Diff: 0.0, Sum: 0.0]
      [Object Copy (ms): Min: 0.0, Avg: 1.5, Max: 2.9, Diff: 2.9, Sum: 12.0]
      [Termination (ms): Min: 0.0, Avg: 2.3, Max: 3.0, Diff: 3.0, Sum: 18.7]
         [Termination Attempts: Min: 1, Avg: 3.2, Max: 8, Diff: 7, Sum: 26]
      [GC Worker Other (ms): Min: 0.0, Avg: 0.0, Max: 0.0, Diff: 0.0, Sum: 0.0]
      [GC Worker Total (ms): Min: 11.2, Avg: 12.3, Max: 14.4, Diff: 3.2, Sum: 98.7]
      [GC Worker End (ms): Min: 444854410.7, Avg: 444854410.7, Max: 444854410.8, Diff: 0.0]
   [Code Root Fixup: 0.0 ms]
   [Code Root Purge: 0.0 ms]
   [Clear CT: 0.9 ms]
   [Other: 479.4 ms]
      [Choose CSet: 0.0 ms]
      [Ref Proc: 479.0 ms]
      [Ref Enq: 0.1 ms]
      [Redirty Cards: 0.1 ms]
      [Humongous Register: 0.0 ms]
      [Humongous Reclaim: 0.0 ms]
      [Free CSet: 0.1 ms]
   [Eden: 7152.0M(7152.0M)->0.0B(5712.0M) Survivors: 16384.0K->16384.0K Heap: 10635.5M(14336.0M)->3487.6M(14336.0M)]
 [Times: user=2.20 sys=0.00, real=0.50 secs] 
2022-09-28T03:30:21.780-0600: 444854.891: [GC concurrent-root-region-scan-start]
2022-09-28T03:30:21.786-0600: 444854.897: [GC concurrent-root-region-scan-end, 0.0061117 secs]
2022-09-28T03:30:21.786-0600: 444854.897: [GC concurrent-mark-start]
2022-09-28T03:30:23.096-0600: 444856.207: [GC concurrent-mark-end, 1.3096353 secs]
2022-09-28T03:30:23.096-0600: 444856.207: [GC remark 2022-09-28T03:30:23.096-0600: 444856.207: [Finalize Marking, 0.1139505 secs] 2022-09-28T03:30:23.210-0600: 444856.321: [GC ref-proc, 0.0624729 secs] 2022-09-28T03:30:23.273-0600: 444856.384: [Unloading, 0.0306182 secs], 0.2109598 secs]
 [Times: user=0.61 sys=0.00, real=0.21 secs] 
2022-09-28T03:30:23.308-0600: 444856.418: [GC cleanup 3663M->3663M(14336M), 0.0088285 secs]
 [Times: user=0.03 sys=0.00, real=0.01 secs] 
2022-09-28T03:31:40.278-0600: 444933.389: [GC pause (G1 Evacuation Pause) (young), 0.1135026 secs]
   [Parallel Time: 81.3 ms, GC Workers: 8]
      [GC Worker Start (ms): Min: 444933389.0, Avg: 444933458.9, Max: 444933470.1, Diff: 81.1]
      [Ext Root Scanning (ms): Min: 0.0, Avg: 0.7, Max: 5.4, Diff: 5.4, Sum: 5.4]
      [Update RS (ms): Min: 0.0, Avg: 0.8, Max: 6.8, Diff: 6.8, Sum: 6.8]
         [Processed Buffers: Min: 0, Avg: 6.0, Max: 48, Diff: 48, Sum: 48]
      [Scan RS (ms): Min: 0.0, Avg: 0.0, Max: 0.1, Diff: 0.1, Sum: 0.1]
      [Code Root Scanning (ms): Min: 0.0, Avg: 0.0, Max: 0.0, Diff: 0.0, Sum: 0.0]
      [Object Copy (ms): Min: 0.0, Avg: 0.6, Max: 5.1, Diff: 5.1, Sum: 5.1]
      [Termination (ms): Min: 0.0, Avg: 9.0, Max: 63.9, Diff: 63.9, Sum: 71.7]
         [Termination Attempts: Min: 1, Avg: 1.0, Max: 1, Diff: 0, Sum: 8]
      [GC Worker Other (ms): Min: 0.0, Avg: 0.0, Max: 0.0, Diff: 0.0, Sum: 0.0]
      [GC Worker Total (ms): Min: 0.0, Avg: 11.1, Max: 81.2, Diff: 81.2, Sum: 89.1]
      [GC Worker End (ms): Min: 444933470.1, Avg: 444933470.1, Max: 444933470.2, Diff: 0.1]
   [Code Root Fixup: 0.0 ms]
   [Code Root Purge: 0.0 ms]
   [Clear CT: 0.7 ms]
   [Other: 31.5 ms]
      [Choose CSet: 0.0 ms]
      [Ref Proc: 31.2 ms]
      [Ref Enq: 0.1 ms]
      [Redirty Cards: 0.0 ms]
      [Humongous Register: 0.0 ms]
      [Humongous Reclaim: 0.0 ms]
      [Free CSet: 0.1 ms]
   [Eden: 5712.0M(5712.0M)->0.0B(5712.0M) Survivors: 16384.0K->16384.0K Heap: 9199.6M(14336.0M)->3484.3M(14336.0M)]
 [Times: user=0.17 sys=0.00, real=0.12 secs] 
2022-09-28T03:32:58.181-0600: 445011.292: [GC pause (G1 Evacuation Pause) (young), 0.1087882 secs]
   [Parallel Time: 50.4 ms, GC Workers: 8]
      [GC Worker Start (ms): Min: 445011291.8, Avg: 445011326.1, Max: 445011342.0, Diff: 50.2]
      [Ext Root Scanning (ms): Min: 0.0, Avg: 0.8, Max: 6.1, Diff: 6.1, Sum: 6.1]
      [Update RS (ms): Min: 0.0, Avg: 1.0, Max: 8.0, Diff: 8.0, Sum: 8.0]
         [Processed Buffers: Min: 0, Avg: 5.1, Max: 41, Diff: 41, Sum: 41]
      [Scan RS (ms): Min: 0.0, Avg: 0.0, Max: 0.1, Diff: 0.1, Sum: 0.1]
      [Code Root Scanning (ms): Min: 0.0, Avg: 0.0, Max: 0.0, Diff: 0.0, Sum: 0.0]
      [Object Copy (ms): Min: 0.0, Avg: 1.0, Max: 7.9, Diff: 7.9, Sum: 7.9]
      [Termination (ms): Min: 0.0, Avg: 13.2, Max: 28.2, Diff: 28.2, Sum: 105.5]
         [Termination Attempts: Min: 1, Avg: 1.0, Max: 1, Diff: 0, Sum: 8]
      [GC Worker Other (ms): Min: 0.0, Avg: 0.0, Max: 0.0, Diff: 0.0, Sum: 0.0]
      [GC Worker Total (ms): Min: 0.0, Avg: 16.0, Max: 50.2, Diff: 50.2, Sum: 127.7]
      [GC Worker End (ms): Min: 445011342.0, Avg: 445011342.0, Max: 445011342.1, Diff: 0.1]
   [Code Root Fixup: 0.0 ms]
   [Code Root Purge: 0.0 ms]
   [Clear CT: 0.7 ms]
   [Other: 57.7 ms]
      [Choose CSet: 0.0 ms]
      [Ref Proc: 56.5 ms]
      [Ref Enq: 0.8 ms]
      [Redirty Cards: 0.1 ms]
      [Humongous Register: 0.0 ms]
      [Humongous Reclaim: 0.0 ms]
      [Free CSet: 0.1 ms]
   [Eden: 5712.0M(5712.0M)->0.0B(5712.0M) Survivors: 16384.0K->16384.0K Heap: 9196.3M(14336.0M)->3485.2M(14336.0M)]
 [Times: user=0.36 sys=0.00, real=0.11 secs] 
2022-09-28T03:34:18.028-0600: 445091.139: [GC pause (G1 Evacuation Pause) (young) (initial-mark), 0.0472345 secs]
   [Parallel Time: 15.0 ms, GC Workers: 8]
      [GC Worker Start (ms): Min: 445091141.0, Avg: 445091144.4, Max: 445091145.3, Diff: 4.3]
      [Ext Root Scanning (ms): Min: 2.5, Avg: 4.7, Max: 8.5, Diff: 6.0, Sum: 37.8]
      [Update RS (ms): Min: 0.0, Avg: 1.0, Max: 1.7, Diff: 1.7, Sum: 8.3]
         [Processed Buffers: Min: 0, Avg: 5.0, Max: 11, Diff: 11, Sum: 40]
      [Scan RS (ms): Min: 0.0, Avg: 0.0, Max: 0.1, Diff: 0.1, Sum: 0.2]
      [Code Root Scanning (ms): Min: 0.0, Avg: 0.0, Max: 0.0, Diff: 0.0, Sum: 0.0]
      [Object Copy (ms): Min: 0.0, Avg: 1.1, Max: 1.7, Diff: 1.7, Sum: 9.1]
      [Termination (ms): Min: 0.0, Avg: 2.4, Max: 3.0, Diff: 3.0, Sum: 18.9]
         [Termination Attempts: Min: 1, Avg: 1.0, Max: 1, Diff: 0, Sum: 8]
      [GC Worker Other (ms): Min: 0.0, Avg: 0.0, Max: 0.0, Diff: 0.0, Sum: 0.0]
      [GC Worker Total (ms): Min: 8.5, Avg: 9.3, Max: 12.7, Diff: 4.2, Sum: 74.4]
      [GC Worker End (ms): Min: 445091153.7, Avg: 445091153.7, Max: 445091153.9, Diff: 0.2]
   [Code Root Fixup: 0.0 ms]
   [Code Root Purge: 0.0 ms]
   [Clear CT: 0.6 ms]
   [Other: 31.6 ms]
      [Choose CSet: 0.0 ms]
      [Ref Proc: 31.3 ms]
      [Ref Enq: 0.1 ms]
      [Redirty Cards: 0.1 ms]
      [Humongous Register: 0.0 ms]
      [Humongous Reclaim: 0.0 ms]
      [Free CSet: 0.1 ms]
   [Eden: 5712.0M(5712.0M)->0.0B(7152.0M) Survivors: 16384.0K->16384.0K Heap: 9197.2M(14336.0M)->3488.6M(14336.0M)]
 [Times: user=0.17 sys=0.00, real=0.05 secs] 
2022-09-28T03:34:18.076-0600: 445091.187: [GC concurrent-root-region-scan-start]
2022-09-28T03:34:18.081-0600: 445091.192: [GC concurrent-root-region-scan-end, 0.0055517 secs]
2022-09-28T03:34:18.081-0600: 445091.192: [GC concurrent-mark-start]
2022-09-28T03:34:19.441-0600: 445092.552: [GC concurrent-mark-end, 1.3594179 secs]
2022-09-28T03:34:19.441-0600: 445092.552: [GC remark 2022-09-28T03:34:19.441-0600: 445092.552: [Finalize Marking, 0.0028743 secs] 2022-09-28T03:34:19.444-0600: 445092.555: [GC ref-proc, 0.0345946 secs] 2022-09-28T03:34:19.478-0600: 445092.589: [Unloading, 0.1214838 secs], 0.1636558 secs]
 [Times: user=0.24 sys=0.00, real=0.16 secs] 
2022-09-28T03:34:19.605-0600: 445092.716: [GC cleanup 3609M->3609M(14336M), 0.0076502 secs]
 [Times: user=0.02 sys=0.00, real=0.01 secs] 
2022-09-28T03:35:58.486-0600: 445191.597: [GC pause (G1 Evacuation Pause) (young), 0.2017002 secs]
   [Parallel Time: 20.7 ms, GC Workers: 8]
      [GC Worker Start (ms): Min: 445191597.4, Avg: 445191613.3, Max: 445191618.0, Diff: 20.6]
      [Ext Root Scanning (ms): Min: 0.0, Avg: 0.8, Max: 6.3, Diff: 6.3, Sum: 6.4]
      [Update RS (ms): Min: 0.0, Avg: 0.9, Max: 6.8, Diff: 6.8, Sum: 7.1]
         [Processed Buffers: Min: 0, Avg: 6.1, Max: 44, Diff: 44, Sum: 49]
      [Scan RS (ms): Min: 0.0, Avg: 0.0, Max: 0.1, Diff: 0.1, Sum: 0.2]
      [Code Root Scanning (ms): Min: 0.0, Avg: 0.0, Max: 0.0, Diff: 0.0, Sum: 0.0]
      [Object Copy (ms): Min: 0.0, Avg: 1.2, Max: 3.3, Diff: 3.3, Sum: 9.3]
      [Termination (ms): Min: 0.0, Avg: 1.9, Max: 4.3, Diff: 4.3, Sum: 14.8]
         [Termination Attempts: Min: 1, Avg: 7.0, Max: 30, Diff: 29, Sum: 56]
      [GC Worker Other (ms): Min: 0.0, Avg: 0.0, Max: 0.0, Diff: 0.0, Sum: 0.0]
      [GC Worker Total (ms): Min: 0.0, Avg: 4.7, Max: 20.6, Diff: 20.6, Sum: 37.8]
      [GC Worker End (ms): Min: 445191618.0, Avg: 445191618.0, Max: 445191618.1, Diff: 0.1]
   [Code Root Fixup: 0.0 ms]
   [Code Root Purge: 0.0 ms]
   [Clear CT: 1.2 ms]
   [Other: 179.8 ms]
      [Choose CSet: 0.0 ms]
      [Ref Proc: 179.2 ms]
      [Ref Enq: 0.3 ms]
      [Redirty Cards: 0.1 ms]
      [Humongous Register: 0.0 ms]
      [Humongous Reclaim: 0.0 ms]
      [Free CSet: 0.2 ms]
   [Eden: 7152.0M(7152.0M)->0.0B(5712.0M) Survivors: 16384.0K->16384.0K Heap: 10640.6M(14336.0M)->3486.9M(14336.0M)]
 [Times: user=0.93 sys=0.00, real=0.20 secs] 
2022-09-28T03:37:18.877-0600: 445271.988: [GC pause (G1 Evacuation Pause) (mixed), 0.1331030 secs]
   [Parallel Time: 93.7 ms, GC Workers: 8]
      [GC Worker Start (ms): Min: 445271988.3, Avg: 445272046.5, Max: 445272081.7, Diff: 93.5]
      [Ext Root Scanning (ms): Min: 0.0, Avg: 0.8, Max: 3.1, Diff: 3.1, Sum: 6.4]
      [Update RS (ms): Min: 0.0, Avg: 0.8, Max: 2.6, Diff: 2.6, Sum: 6.5]
         [Processed Buffers: Min: 0, Avg: 4.9, Max: 22, Diff: 22, Sum: 39]
      [Scan RS (ms): Min: 0.0, Avg: 0.3, Max: 0.9, Diff: 0.9, Sum: 2.6]
      [Code Root Scanning (ms): Min: 0.0, Avg: 0.0, Max: 0.0, Diff: 0.0, Sum: 0.0]
      [Object Copy (ms): Min: 0.0, Avg: 1.1, Max: 2.9, Diff: 2.9, Sum: 8.5]
      [Termination (ms): Min: 0.0, Avg: 32.3, Max: 85.6, Diff: 85.6, Sum: 258.3]
         [Termination Attempts: Min: 1, Avg: 4.1, Max: 16, Diff: 15, Sum: 33]
      [GC Worker Other (ms): Min: 0.0, Avg: 0.0, Max: 0.0, Diff: 0.0, Sum: 0.0]
      [GC Worker Total (ms): Min: 0.0, Avg: 35.3, Max: 93.6, Diff: 93.6, Sum: 282.3]
      [GC Worker End (ms): Min: 445272081.7, Avg: 445272081.8, Max: 445272081.9, Diff: 0.2]
   [Code Root Fixup: 0.0 ms]
   [Code Root Purge: 0.0 ms]
   [Clear CT: 0.8 ms]
   [Other: 38.6 ms]
      [Choose CSet: 0.0 ms]
      [Ref Proc: 38.1 ms]
      [Ref Enq: 0.1 ms]
      [Redirty Cards: 0.1 ms]
      [Humongous Register: 0.0 ms]
      [Humongous Reclaim: 0.0 ms]
      [Free CSet: 0.1 ms]
   [Eden: 5712.0M(5712.0M)->0.0B(7152.0M) Survivors: 16384.0K->16384.0K Heap: 9198.9M(14336.0M)->3475.1M(14336.0M)]
 [Times: user=0.41 sys=0.00, real=0.14 secs] 
2022-09-28T03:38:58.486-0600: 445371.597: [GC pause (G1 Evacuation Pause) (young), 0.0494302 secs]
   [Parallel Time: 10.5 ms, GC Workers: 8]
      [GC Worker Start (ms): Min: 445371596.8, Avg: 445371600.8, Max: 445371605.2, Diff: 8.3]
      [Ext Root Scanning (ms): Min: 0.0, Avg: 0.8, Max: 2.9, Diff: 2.9, Sum: 6.2]
      [Update RS (ms): Min: 0.0, Avg: 1.6, Max: 3.6, Diff: 3.6, Sum: 12.8]
         [Processed Buffers: Min: 0, Avg: 8.6, Max: 25, Diff: 25, Sum: 69]
      [Scan RS (ms): Min: 0.0, Avg: 0.0, Max: 0.1, Diff: 0.1, Sum: 0.2]
      [Code Root Scanning (ms): Min: 0.0, Avg: 0.0, Max: 0.0, Diff: 0.0, Sum: 0.0]
      [Object Copy (ms): Min: 0.0, Avg: 1.8, Max: 5.1, Diff: 5.1, Sum: 14.6]
      [Termination (ms): Min: 0.0, Avg: 2.2, Max: 2.7, Diff: 2.7, Sum: 17.5]
         [Termination Attempts: Min: 1, Avg: 11.8, Max: 21, Diff: 20, Sum: 94]
      [GC Worker Other (ms): Min: 0.0, Avg: 0.0, Max: 0.0, Diff: 0.0, Sum: 0.0]
      [GC Worker Total (ms): Min: 2.1, Avg: 6.4, Max: 10.4, Diff: 8.3, Sum: 51.4]
      [GC Worker End (ms): Min: 445371607.1, Avg: 445371607.2, Max: 445371607.3, Diff: 0.1]
   [Code Root Fixup: 0.0 ms]
   [Code Root Purge: 0.0 ms]
   [Clear CT: 0.6 ms]
   [Other: 38.3 ms]
      [Choose CSet: 0.0 ms]
      [Ref Proc: 37.9 ms]
      [Ref Enq: 0.1 ms]
      [Redirty Cards: 0.1 ms]
      [Humongous Register: 0.0 ms]
      [Humongous Reclaim: 0.0 ms]
      [Free CSet: 0.1 ms]
   [Eden: 7152.0M(7152.0M)->0.0B(7152.0M) Survivors: 16384.0K->16384.0K Heap: 10627.1M(14336.0M)->3477.4M(14336.0M)]
 [Times: user=0.14 sys=0.00, real=0.05 secs] 
2022-09-28T03:40:39.879-0600: 445472.989: [GC pause (G1 Evacuation Pause) (young) (initial-mark), 0.0522303 secs]
   [Parallel Time: 16.2 ms, GC Workers: 8]
      [GC Worker Start (ms): Min: 445472990.8, Avg: 445472995.3, Max: 445472996.1, Diff: 5.4]
      [Ext Root Scanning (ms): Min: 2.0, Avg: 6.7, Max: 9.4, Diff: 7.4, Sum: 53.4]
      [Update RS (ms): Min: 0.0, Avg: 0.9, Max: 2.9, Diff: 2.9, Sum: 7.2]
         [Processed Buffers: Min: 0, Avg: 5.1, Max: 14, Diff: 14, Sum: 41]
      [Scan RS (ms): Min: 0.0, Avg: 0.0, Max: 0.1, Diff: 0.1, Sum: 0.2]
      [Code Root Scanning (ms): Min: 0.0, Avg: 0.0, Max: 0.0, Diff: 0.0, Sum: 0.0]
      [Object Copy (ms): Min: 0.0, Avg: 1.3, Max: 2.7, Diff: 2.7, Sum: 10.2]
      [Termination (ms): Min: 0.0, Avg: 1.3, Max: 2.0, Diff: 2.0, Sum: 10.7]
         [Termination Attempts: Min: 1, Avg: 1.1, Max: 2, Diff: 1, Sum: 9]
      [GC Worker Other (ms): Min: 0.0, Avg: 0.0, Max: 0.0, Diff: 0.0, Sum: 0.1]
      [GC Worker Total (ms): Min: 9.3, Avg: 10.2, Max: 14.8, Diff: 5.4, Sum: 81.7]
      [GC Worker End (ms): Min: 445473005.4, Avg: 445473005.5, Max: 445473005.6, Diff: 0.2]
   [Code Root Fixup: 0.0 ms]
   [Code Root Purge: 0.0 ms]
   [Clear CT: 0.8 ms]
   [Other: 35.3 ms]
      [Choose CSet: 0.0 ms]
      [Ref Proc: 34.8 ms]
      [Ref Enq: 0.1 ms]
      [Redirty Cards: 0.1 ms]
      [Humongous Register: 0.0 ms]
      [Humongous Reclaim: 0.0 ms]
      [Free CSet: 0.2 ms]
   [Eden: 7152.0M(7152.0M)->0.0B(7152.0M) Survivors: 16384.0K->16384.0K Heap: 10629.4M(14336.0M)->3478.1M(14336.0M)]
 [Times: user=0.19 sys=0.00, real=0.06 secs] 
2022-09-28T03:40:39.931-0600: 445473.042: [GC concurrent-root-region-scan-start]
2022-09-28T03:40:39.939-0600: 445473.050: [GC concurrent-root-region-scan-end, 0.0083187 secs]
2022-09-28T03:40:39.939-0600: 445473.050: [GC concurrent-mark-start]
2022-09-28T03:40:41.250-0600: 445474.361: [GC concurrent-mark-end, 1.3108836 secs]
2022-09-28T03:40:41.250-0600: 445474.361: [GC remark 2022-09-28T03:40:41.250-0600: 445474.361: [Finalize Marking, 0.0025894 secs] 2022-09-28T03:40:41.253-0600: 445474.364: [GC ref-proc, 0.0256313 secs] 2022-09-28T03:40:41.278-0600: 445474.389: [Unloading, 0.0271397 secs], 0.0602701 secs]
 [Times: user=0.27 sys=0.00, real=0.06 secs] 
2022-09-28T03:40:41.311-0600: 445474.422: [GC cleanup 3614M->3614M(14336M), 0.0072930 secs]
 [Times: user=0.03 sys=0.00, real=0.00 secs] 
2022-09-28T03:42:19.877-0600: 445572.988: [GC pause (G1 Evacuation Pause) (young), 0.4977806 secs]
   [Parallel Time: 11.4 ms, GC Workers: 8]
      [GC Worker Start (ms): Min: 445572988.8, Avg: 445572990.4, Max: 445572994.8, Diff: 6.0]
      [Ext Root Scanning (ms): Min: 0.0, Avg: 1.3, Max: 3.0, Diff: 3.0, Sum: 10.1]
      [Update RS (ms): Min: 0.0, Avg: 1.3, Max: 2.4, Diff: 2.4, Sum: 10.5]
         [Processed Buffers: Min: 0, Avg: 6.2, Max: 12, Diff: 12, Sum: 50]
      [Scan RS (ms): Min: 0.0, Avg: 0.0, Max: 0.1, Diff: 0.0, Sum: 0.2]
      [Code Root Scanning (ms): Min: 0.0, Avg: 0.0, Max: 0.0, Diff: 0.0, Sum: 0.0]
      [Object Copy (ms): Min: 0.0, Avg: 1.4, Max: 1.8, Diff: 1.8, Sum: 11.1]
      [Termination (ms): Min: 0.0, Avg: 0.5, Max: 0.6, Diff: 0.6, Sum: 4.0]
         [Termination Attempts: Min: 1, Avg: 8.0, Max: 13, Diff: 12, Sum: 64]
      [GC Worker Other (ms): Min: 0.0, Avg: 0.6, Max: 4.7, Diff: 4.7, Sum: 4.7]
      [GC Worker Total (ms): Min: 0.0, Avg: 5.1, Max: 10.6, Diff: 10.6, Sum: 40.7]
      [GC Worker End (ms): Min: 445572994.9, Avg: 445572995.5, Max: 445572999.5, Diff: 4.7]
   [Code Root Fixup: 0.0 ms]
   [Code Root Purge: 0.0 ms]
   [Clear CT: 30.8 ms]
   [Other: 455.6 ms]
      [Choose CSet: 0.0 ms]
      [Ref Proc: 455.0 ms]
      [Ref Enq: 0.2 ms]
      [Redirty Cards: 0.1 ms]
      [Humongous Register: 0.0 ms]
      [Humongous Reclaim: 0.0 ms]
      [Free CSet: 0.1 ms]
   [Eden: 7152.0M(7152.0M)->0.0B(5712.0M) Survivors: 16384.0K->16384.0K Heap: 10630.1M(14336.0M)->3479.8M(14336.0M)]
 [Times: user=0.34 sys=0.00, real=0.50 secs] 
2022-09-28T03:43:36.983-0600: 445650.094: [GC pause (G1 Evacuation Pause) (young), 0.1530711 secs]
   [Parallel Time: 121.2 ms, GC Workers: 8]
      [GC Worker Start (ms): Min: 445650093.9, Avg: 445650184.1, Max: 445650214.9, Diff: 121.1]
      [Ext Root Scanning (ms): Min: 0.0, Avg: 0.7, Max: 3.1, Diff: 3.1, Sum: 5.9]
      [Update RS (ms): Min: 0.0, Avg: 0.9, Max: 3.7, Diff: 3.7, Sum: 7.3]
         [Processed Buffers: Min: 0, Avg: 5.6, Max: 28, Diff: 28, Sum: 45]
      [Scan RS (ms): Min: 0.0, Avg: 0.0, Max: 0.1, Diff: 0.1, Sum: 0.1]
      [Code Root Scanning (ms): Min: 0.0, Avg: 0.0, Max: 0.0, Diff: 0.0, Sum: 0.0]
      [Object Copy (ms): Min: 0.0, Avg: 0.9, Max: 3.7, Diff: 3.7, Sum: 7.1]
      [Termination (ms): Min: 0.0, Avg: 28.3, Max: 110.9, Diff: 110.9, Sum: 226.0]
         [Termination Attempts: Min: 1, Avg: 2.0, Max: 9, Diff: 8, Sum: 16]
      [GC Worker Other (ms): Min: 0.0, Avg: 0.0, Max: 0.0, Diff: 0.0, Sum: 0.0]
      [GC Worker Total (ms): Min: 0.0, Avg: 30.8, Max: 121.1, Diff: 121.1, Sum: 246.5]
      [GC Worker End (ms): Min: 445650214.9, Avg: 445650214.9, Max: 445650215.0, Diff: 0.1]
   [Code Root Fixup: 0.0 ms]
   [Code Root Purge: 0.0 ms]
   [Clear CT: 0.8 ms]
   [Other: 31.1 ms]
      [Choose CSet: 0.0 ms]
      [Ref Proc: 30.7 ms]
      [Ref Enq: 0.1 ms]
      [Redirty Cards: 0.1 ms]
      [Humongous Register: 0.0 ms]
      [Humongous Reclaim: 0.0 ms]
      [Free CSet: 0.1 ms]
   [Eden: 5712.0M(5712.0M)->0.0B(5712.0M) Survivors: 16384.0K->16384.0K Heap: 9191.8M(14336.0M)->3480.4M(14336.0M)]
 [Times: user=0.34 sys=0.00, real=0.15 secs] 
2022-09-28T03:44:55.730-0600: 445728.841: [GC pause (G1 Evacuation Pause) (young) (initial-mark), 0.1304768 secs]
   [Parallel Time: 29.3 ms, GC Workers: 8]
      [GC Worker Start (ms): Min: 445728842.4, Avg: 445728844.6, Max: 445728845.8, Diff: 3.4]
      [Ext Root Scanning (ms): Min: 2.7, Avg: 7.2, Max: 11.0, Diff: 8.3, Sum: 57.6]
      [Update RS (ms): Min: 0.0, Avg: 1.4, Max: 2.8, Diff: 2.8, Sum: 10.9]
         [Processed Buffers: Min: 0, Avg: 5.0, Max: 17, Diff: 17, Sum: 40]
      [Scan RS (ms): Min: 0.0, Avg: 0.0, Max: 0.1, Diff: 0.1, Sum: 0.2]
      [Code Root Scanning (ms): Min: 0.0, Avg: 0.0, Max: 0.0, Diff: 0.0, Sum: 0.0]
      [Object Copy (ms): Min: 0.0, Avg: 1.5, Max: 2.9, Diff: 2.9, Sum: 11.9]
      [Termination (ms): Min: 0.0, Avg: 2.2, Max: 3.1, Diff: 3.1, Sum: 17.2]
         [Termination Attempts: Min: 1, Avg: 5.8, Max: 12, Diff: 11, Sum: 46]
      [GC Worker Other (ms): Min: 0.0, Avg: 0.0, Max: 0.0, Diff: 0.0, Sum: 0.1]
      [GC Worker Total (ms): Min: 11.0, Avg: 12.2, Max: 14.4, Diff: 3.4, Sum: 97.9]
      [GC Worker End (ms): Min: 445728856.8, Avg: 445728856.9, Max: 445728856.9, Diff: 0.1]
   [Code Root Fixup: 0.0 ms]
   [Code Root Purge: 0.0 ms]
   [Clear CT: 0.7 ms]
   [Other: 100.4 ms]
      [Choose CSet: 0.0 ms]
      [Ref Proc: 100.0 ms]
      [Ref Enq: 0.1 ms]
      [Redirty Cards: 0.1 ms]
      [Humongous Register: 0.0 ms]
      [Humongous Reclaim: 0.0 ms]
      [Free CSet: 0.1 ms]
   [Eden: 5712.0M(5712.0M)->0.0B(5712.0M) Survivors: 16384.0K->16384.0K Heap: 9192.4M(14336.0M)->3483.6M(14336.0M)]
 [Times: user=0.15 sys=0.00, real=0.13 secs] 
2022-09-28T03:44:55.861-0600: 445728.972: [GC concurrent-root-region-scan-start]
2022-09-28T03:44:55.867-0600: 445728.978: [GC concurrent-root-region-scan-end, 0.0060609 secs]
2022-09-28T03:44:55.867-0600: 445728.978: [GC concurrent-mark-start]
2022-09-28T03:44:57.215-0600: 445730.326: [GC concurrent-mark-end, 1.3478734 secs]
2022-09-28T03:44:57.215-0600: 445730.326: [GC remark 2022-09-28T03:44:57.215-0600: 445730.326: [Finalize Marking, 0.0025556 secs] 2022-09-28T03:44:57.217-0600: 445730.328: [GC ref-proc, 0.0298561 secs] 2022-09-28T03:44:57.247-0600: 445730.358: [Unloading, 0.1405002 secs], 0.2718520 secs]
 [Times: user=0.25 sys=0.00, real=0.27 secs] 
2022-09-28T03:44:57.487-0600: 445730.598: [GC cleanup 3625M->3625M(14336M), 0.0156506 secs]
 [Times: user=0.03 sys=0.00, real=0.02 secs] 
2022-09-28T03:46:15.587-0600: 445808.698: [GC pause (G1 Evacuation Pause) (young), 0.2459466 secs]
   [Parallel Time: 189.6 ms, GC Workers: 8]
      [GC Worker Start (ms): Min: 445808698.2, Avg: 445808741.9, Max: 445808867.3, Diff: 169.1]
      [Ext Root Scanning (ms): Min: 0.0, Avg: 0.8, Max: 3.1, Diff: 3.1, Sum: 6.5]
      [Update RS (ms): Min: 0.0, Avg: 1.1, Max: 2.7, Diff: 2.7, Sum: 8.8]
         [Processed Buffers: Min: 0, Avg: 6.2, Max: 24, Diff: 24, Sum: 50]
      [Scan RS (ms): Min: 0.0, Avg: 0.0, Max: 0.1, Diff: 0.1, Sum: 0.2]
      [Code Root Scanning (ms): Min: 0.0, Avg: 0.0, Max: 0.0, Diff: 0.0, Sum: 0.0]
      [Object Copy (ms): Min: 0.0, Avg: 1.3, Max: 2.3, Diff: 2.3, Sum: 10.1]
      [Termination (ms): Min: 0.0, Avg: 122.3, Max: 163.3, Diff: 163.3, Sum: 978.6]
         [Termination Attempts: Min: 1, Avg: 3.0, Max: 9, Diff: 8, Sum: 24]
      [GC Worker Other (ms): Min: 0.0, Avg: 0.0, Max: 0.0, Diff: 0.0, Sum: 0.1]
      [GC Worker Total (ms): Min: 0.0, Avg: 125.5, Max: 169.2, Diff: 169.2, Sum: 1004.2]
      [GC Worker End (ms): Min: 445808867.3, Avg: 445808867.4, Max: 445808867.5, Diff: 0.2]
   [Code Root Fixup: 0.0 ms]
   [Code Root Purge: 0.0 ms]
   [Clear CT: 0.6 ms]
   [Other: 55.8 ms]
      [Choose CSet: 0.0 ms]
      [Ref Proc: 55.2 ms]
      [Ref Enq: 0.1 ms]
      [Redirty Cards: 0.1 ms]
      [Humongous Register: 0.0 ms]
      [Humongous Reclaim: 0.0 ms]
      [Free CSet: 0.2 ms]
   [Eden: 5712.0M(5712.0M)->0.0B(5712.0M) Survivors: 16384.0K->16384.0K Heap: 9195.6M(14336.0M)->3482.7M(14336.0M)]
 [Times: user=1.17 sys=0.00, real=0.25 secs] 
2022-09-28T03:47:33.483-0600: 445886.594: [GC pause (G1 Evacuation Pause) (young), 0.2517467 secs]
   [Parallel Time: 132.6 ms, GC Workers: 8]
      [GC Worker Start (ms): Min: 445886594.0, Avg: 445886692.7, Max: 445886726.5, Diff: 132.5]
      [Ext Root Scanning (ms): Min: 0.0, Avg: 0.8, Max: 3.4, Diff: 3.4, Sum: 6.4]
      [Update RS (ms): Min: 0.0, Avg: 0.9, Max: 3.5, Diff: 3.5, Sum: 7.1]
         [Processed Buffers: Min: 0, Avg: 5.2, Max: 27, Diff: 27, Sum: 42]
      [Scan RS (ms): Min: 0.0, Avg: 0.0, Max: 0.1, Diff: 0.1, Sum: 0.1]
      [Code Root Scanning (ms): Min: 0.0, Avg: 0.0, Max: 0.0, Diff: 0.0, Sum: 0.0]
      [Object Copy (ms): Min: 0.0, Avg: 0.9, Max: 3.6, Diff: 3.6, Sum: 6.9]
      [Termination (ms): Min: 0.0, Avg: 31.3, Max: 122.3, Diff: 122.3, Sum: 250.1]
         [Termination Attempts: Min: 1, Avg: 1.0, Max: 1, Diff: 0, Sum: 8]
      [GC Worker Other (ms): Min: 0.0, Avg: 0.0, Max: 0.0, Diff: 0.0, Sum: 0.0]
      [GC Worker Total (ms): Min: 0.0, Avg: 33.8, Max: 132.5, Diff: 132.5, Sum: 270.7]
      [GC Worker End (ms): Min: 445886726.5, Avg: 445886726.5, Max: 445886726.6, Diff: 0.1]
   [Code Root Fixup: 0.0 ms]
   [Code Root Purge: 0.0 ms]
   [Clear CT: 0.7 ms]
   [Other: 118.5 ms]
      [Choose CSet: 0.0 ms]
      [Ref Proc: 118.0 ms]
      [Ref Enq: 0.2 ms]
      [Redirty Cards: 0.1 ms]
      [Humongous Register: 0.0 ms]
      [Humongous Reclaim: 0.0 ms]
      [Free CSet: 0.1 ms]
   [Eden: 5712.0M(5712.0M)->0.0B(5712.0M) Survivors: 16384.0K->16384.0K Heap: 9194.7M(14336.0M)->3483.1M(14336.0M)]
 [Times: user=0.70 sys=0.00, real=0.25 secs] 
2022-09-28T03:48:53.130-0600: 445966.241: [GC pause (G1 Evacuation Pause) (young) (initial-mark), 0.1330480 secs]
   [Parallel Time: 95.1 ms, GC Workers: 8]
      [GC Worker Start (ms): Min: 445966242.1, Avg: 445966315.2, Max: 445966325.7, Diff: 83.6]
      [Ext Root Scanning (ms): Min: 2.5, Avg: 15.7, Max: 85.6, Diff: 83.2, Sum: 125.7]
      [Update RS (ms): Min: 0.0, Avg: 1.0, Max: 2.2, Diff: 2.2, Sum: 8.1]
         [Processed Buffers: Min: 0, Avg: 5.4, Max: 18, Diff: 18, Sum: 43]
      [Scan RS (ms): Min: 0.0, Avg: 0.0, Max: 0.1, Diff: 0.0, Sum: 0.2]
      [Code Root Scanning (ms): Min: 0.0, Avg: 0.0, Max: 0.0, Diff: 0.0, Sum: 0.0]
      [Object Copy (ms): Min: 0.0, Avg: 1.1, Max: 2.4, Diff: 2.4, Sum: 8.9]
      [Termination (ms): Min: 0.0, Avg: 2.6, Max: 3.4, Diff: 3.4, Sum: 20.5]
         [Termination Attempts: Min: 1, Avg: 1.9, Max: 3, Diff: 2, Sum: 15]
      [GC Worker Other (ms): Min: 0.0, Avg: 0.0, Max: 0.0, Diff: 0.0, Sum: 0.0]
      [GC Worker Total (ms): Min: 9.9, Avg: 20.4, Max: 93.5, Diff: 83.6, Sum: 163.5]
      [GC Worker End (ms): Min: 445966335.6, Avg: 445966335.6, Max: 445966335.7, Diff: 0.1]
   [Code Root Fixup: 0.0 ms]
   [Code Root Purge: 0.0 ms]
   [Clear CT: 0.8 ms]
   [Other: 37.2 ms]
      [Choose CSet: 0.0 ms]
      [Ref Proc: 27.6 ms]
      [Ref Enq: 0.2 ms]
      [Redirty Cards: 9.1 ms]
      [Humongous Register: 0.0 ms]
      [Humongous Reclaim: 0.0 ms]
      [Free CSet: 0.1 ms]
   [Eden: 5712.0M(5712.0M)->0.0B(5712.0M) Survivors: 16384.0K->16384.0K Heap: 9195.1M(14336.0M)->3486.0M(14336.0M)]
 [Times: user=0.15 sys=0.00, real=0.13 secs] 
2022-09-28T03:48:53.263-0600: 445966.374: [GC concurrent-root-region-scan-start]
2022-09-28T03:48:53.270-0600: 445966.381: [GC concurrent-root-region-scan-end, 0.0071731 secs]
2022-09-28T03:48:53.270-0600: 445966.381: [GC concurrent-mark-start]
2022-09-28T03:48:54.633-0600: 445967.744: [GC concurrent-mark-end, 1.3627229 secs]
2022-09-28T03:48:54.633-0600: 445967.744: [GC remark 2022-09-28T03:48:54.633-0600: 445967.744: [Finalize Marking, 0.0024028 secs] 2022-09-28T03:48:54.636-0600: 445967.746: [GC ref-proc, 0.0334273 secs] 2022-09-28T03:48:54.669-0600: 445967.780: [Unloading, 0.0289963 secs], 0.0724061 secs]
 [Times: user=0.26 sys=0.00, real=0.07 secs] 
2022-09-28T03:48:54.706-0600: 445967.817: [GC cleanup 3621M->3621M(14336M), 0.0086740 secs]
 [Times: user=0.02 sys=0.00, real=0.01 secs] 
2022-09-28T03:50:12.081-0600: 446045.192: [GC pause (G1 Evacuation Pause) (young), 0.0528865 secs]
   [Parallel Time: 11.0 ms, GC Workers: 8]
      [GC Worker Start (ms): Min: 446045192.1, Avg: 446045195.7, Max: 446045202.7, Diff: 10.6]
      [Ext Root Scanning (ms): Min: 0.0, Avg: 0.8, Max: 2.8, Diff: 2.8, Sum: 6.2]
      [Update RS (ms): Min: 0.0, Avg: 1.6, Max: 4.9, Diff: 4.9, Sum: 13.1]
         [Processed Buffers: Min: 0, Avg: 6.4, Max: 16, Diff: 16, Sum: 51]
      [Scan RS (ms): Min: 0.0, Avg: 0.0, Max: 0.0, Diff: 0.0, Sum: 0.2]
      [Code Root Scanning (ms): Min: 0.0, Avg: 0.0, Max: 0.0, Diff: 0.0, Sum: 0.0]
      [Object Copy (ms): Min: 0.0, Avg: 1.1, Max: 1.9, Diff: 1.9, Sum: 8.7]
      [Termination (ms): Min: 0.0, Avg: 3.5, Max: 4.3, Diff: 4.3, Sum: 28.1]
         [Termination Attempts: Min: 1, Avg: 20.6, Max: 44, Diff: 43, Sum: 165]
      [GC Worker Other (ms): Min: 0.0, Avg: 0.0, Max: 0.0, Diff: 0.0, Sum: 0.0]
      [GC Worker Total (ms): Min: 0.0, Avg: 7.1, Max: 10.8, Diff: 10.8, Sum: 56.4]
      [GC Worker End (ms): Min: 446045202.7, Avg: 446045202.7, Max: 446045202.9, Diff: 0.2]
   [Code Root Fixup: 0.0 ms]
   [Code Root Purge: 0.0 ms]
   [Clear CT: 0.7 ms]
   [Other: 41.2 ms]
      [Choose CSet: 0.0 ms]
      [Ref Proc: 40.8 ms]
      [Ref Enq: 0.1 ms]
      [Redirty Cards: 0.1 ms]
      [Humongous Register: 0.0 ms]
      [Humongous Reclaim: 0.0 ms]
      [Free CSet: 0.1 ms]
   [Eden: 5712.0M(5712.0M)->0.0B(7152.0M) Survivors: 16384.0K->16384.0K Heap: 9198.0M(14336.0M)->3486.6M(14336.0M)]
 [Times: user=0.15 sys=0.00, real=0.05 secs] 
2022-09-28T03:51:50.982-0600: 446144.093: [GC pause (G1 Evacuation Pause) (young), 0.4838148 secs]
   [Parallel Time: 391.9 ms, GC Workers: 8]
      [GC Worker Start (ms): Min: 446144093.3, Avg: 446144188.6, Max: 446144465.0, Diff: 371.8]
      [Ext Root Scanning (ms): Min: 0.0, Avg: 0.8, Max: 2.9, Diff: 2.9, Sum: 6.7]
      [Update RS (ms): Min: 0.0, Avg: 1.1, Max: 2.5, Diff: 2.5, Sum: 9.0]
         [Processed Buffers: Min: 0, Avg: 5.8, Max: 15, Diff: 15, Sum: 46]
      [Scan RS (ms): Min: 0.0, Avg: 0.0, Max: 0.1, Diff: 0.1, Sum: 0.2]
      [Code Root Scanning (ms): Min: 0.0, Avg: 0.0, Max: 0.0, Diff: 0.0, Sum: 0.0]
      [Object Copy (ms): Min: 0.0, Avg: 1.1, Max: 2.3, Diff: 2.3, Sum: 9.1]
      [Termination (ms): Min: 0.0, Avg: 273.4, Max: 364.8, Diff: 364.8, Sum: 2187.2]
         [Termination Attempts: Min: 1, Avg: 3.1, Max: 8, Diff: 7, Sum: 25]
      [GC Worker Other (ms): Min: 0.0, Avg: 0.0, Max: 0.0, Diff: 0.0, Sum: 0.1]
      [GC Worker Total (ms): Min: 0.0, Avg: 276.5, Max: 371.9, Diff: 371.9, Sum: 2212.4]
      [GC Worker End (ms): Min: 446144465.1, Avg: 446144465.1, Max: 446144465.2, Diff: 0.2]
   [Code Root Fixup: 0.0 ms]
   [Code Root Purge: 0.0 ms]
   [Clear CT: 1.0 ms]
   [Other: 90.9 ms]
      [Choose CSet: 0.0 ms]
      [Ref Proc: 90.5 ms]
      [Ref Enq: 0.1 ms]
      [Redirty Cards: 0.1 ms]
      [Humongous Register: 0.0 ms]
      [Humongous Reclaim: 0.0 ms]
      [Free CSet: 0.1 ms]
   [Eden: 7152.0M(7152.0M)->0.0B(7152.0M) Survivors: 16384.0K->16384.0K Heap: 10638.6M(14336.0M)->3486.5M(14336.0M)]
 [Times: user=2.39 sys=0.00, real=0.48 secs] 
2022-09-28T03:53:29.078-0600: 446242.189: [GC pause (G1 Evacuation Pause) (young) (initial-mark), 0.3640418 secs]
   [Parallel Time: 229.1 ms, GC Workers: 8]
      [GC Worker Start (ms): Min: 446242190.4, Avg: 446242341.7, Max: 446242403.9, Diff: 213.5]
      [Ext Root Scanning (ms): Min: 1.7, Avg: 70.6, Max: 218.2, Diff: 216.5, Sum: 565.0]
      [Update RS (ms): Min: 0.0, Avg: 0.9, Max: 4.9, Diff: 4.9, Sum: 7.6]
         [Processed Buffers: Min: 0, Avg: 5.6, Max: 21, Diff: 21, Sum: 45]
      [Scan RS (ms): Min: 0.0, Avg: 0.0, Max: 0.1, Diff: 0.1, Sum: 0.2]
      [Code Root Scanning (ms): Min: 0.0, Avg: 0.0, Max: 0.0, Diff: 0.0, Sum: 0.0]
      [Object Copy (ms): Min: 0.0, Avg: 1.9, Max: 4.1, Diff: 4.1, Sum: 15.1]
      [Termination (ms): Min: 0.0, Avg: 2.9, Max: 4.1, Diff: 4.1, Sum: 22.9]
         [Termination Attempts: Min: 1, Avg: 28.2, Max: 62, Diff: 61, Sum: 226]
      [GC Worker Other (ms): Min: 0.0, Avg: 0.0, Max: 0.0, Diff: 0.0, Sum: 0.0]
      [GC Worker Total (ms): Min: 14.2, Avg: 76.4, Max: 227.7, Diff: 213.5, Sum: 610.9]
      [GC Worker End (ms): Min: 446242418.0, Avg: 446242418.0, Max: 446242418.1, Diff: 0.1]
   [Code Root Fixup: 0.0 ms]
   [Code Root Purge: 0.0 ms]
   [Clear CT: 0.9 ms]
   [Other: 134.0 ms]
      [Choose CSet: 0.0 ms]
      [Ref Proc: 133.6 ms]
      [Ref Enq: 0.1 ms]
      [Redirty Cards: 0.1 ms]
      [Humongous Register: 0.0 ms]
      [Humongous Reclaim: 0.0 ms]
      [Free CSet: 0.1 ms]
   [Eden: 7152.0M(7152.0M)->0.0B(5712.0M) Survivors: 16384.0K->16384.0K Heap: 10638.5M(14336.0M)->3489.4M(14336.0M)]
 [Times: user=0.22 sys=0.00, real=0.37 secs] 
2022-09-28T03:53:29.442-0600: 446242.553: [GC concurrent-root-region-scan-start]
2022-09-28T03:53:29.452-0600: 446242.563: [GC concurrent-root-region-scan-end, 0.0093242 secs]
2022-09-28T03:53:29.452-0600: 446242.563: [GC concurrent-mark-start]
2022-09-28T03:53:30.807-0600: 446243.918: [GC concurrent-mark-end, 1.3549377 secs]
2022-09-28T03:53:30.807-0600: 446243.918: [GC remark 2022-09-28T03:53:30.807-0600: 446243.918: [Finalize Marking, 0.0019947 secs] 2022-09-28T03:53:30.809-0600: 446243.920: [GC ref-proc, 0.0379757 secs] 2022-09-28T03:53:30.847-0600: 446243.958: [Unloading, 0.0411931 secs], 0.0972513 secs]
 [Times: user=0.46 sys=0.00, real=0.10 secs] 
2022-09-28T03:53:30.904-0600: 446244.015: [GC cleanup 3649M->3649M(14336M), 0.0100072 secs]
 [Times: user=0.02 sys=0.00, real=0.01 secs] 
2022-09-28T03:54:48.852-0600: 446321.963: [GC pause (G1 Evacuation Pause) (young), 0.4190856 secs]
   [Parallel Time: 7.4 ms, GC Workers: 8]
      [GC Worker Start (ms): Min: 446321962.8, Avg: 446321964.5, Max: 446321967.2, Diff: 4.3]
      [Ext Root Scanning (ms): Min: 0.0, Avg: 0.9, Max: 3.3, Diff: 3.3, Sum: 7.1]
      [Update RS (ms): Min: 0.0, Avg: 1.2, Max: 2.3, Diff: 2.3, Sum: 9.4]
         [Processed Buffers: Min: 0, Avg: 5.2, Max: 11, Diff: 11, Sum: 42]
      [Scan RS (ms): Min: 0.0, Avg: 0.0, Max: 0.1, Diff: 0.1, Sum: 0.2]
      [Code Root Scanning (ms): Min: 0.0, Avg: 0.0, Max: 0.0, Diff: 0.0, Sum: 0.0]
      [Object Copy (ms): Min: 1.1, Avg: 2.0, Max: 3.9, Diff: 2.7, Sum: 16.0]
      [Termination (ms): Min: 0.0, Avg: 1.5, Max: 1.8, Diff: 1.8, Sum: 11.6]
         [Termination Attempts: Min: 1, Avg: 1.1, Max: 2, Diff: 1, Sum: 9]
      [GC Worker Other (ms): Min: 0.0, Avg: 0.0, Max: 0.0, Diff: 0.0, Sum: 0.0]
      [GC Worker Total (ms): Min: 2.9, Avg: 5.5, Max: 7.3, Diff: 4.4, Sum: 44.2]
      [GC Worker End (ms): Min: 446321970.0, Avg: 446321970.1, Max: 446321970.1, Diff: 0.1]
   [Code Root Fixup: 0.0 ms]
   [Code Root Purge: 0.0 ms]
   [Clear CT: 0.6 ms]
   [Other: 411.1 ms]
      [Choose CSet: 0.0 ms]
      [Ref Proc: 410.7 ms]
      [Ref Enq: 0.1 ms]
      [Redirty Cards: 0.1 ms]
      [Humongous Register: 0.0 ms]
      [Humongous Reclaim: 0.0 ms]
      [Free CSet: 0.1 ms]
   [Eden: 5712.0M(5712.0M)->0.0B(5712.0M) Survivors: 16384.0K->16384.0K Heap: 9201.4M(14336.0M)->3490.1M(14336.0M)]
 [Times: user=0.57 sys=0.05, real=0.42 secs] 
2022-09-28T03:56:09.082-0600: 446402.193: [GC pause (G1 Evacuation Pause) (mixed), 0.3906058 secs]
   [Parallel Time: 298.7 ms, GC Workers: 8]
      [GC Worker Start (ms): Min: 446402193.3, Avg: 446402453.6, Max: 446402491.8, Diff: 298.5]
      [Ext Root Scanning (ms): Min: 0.0, Avg: 0.7, Max: 5.6, Diff: 5.6, Sum: 5.6]
      [Update RS (ms): Min: 0.0, Avg: 0.9, Max: 7.3, Diff: 7.3, Sum: 7.3]
         [Processed Buffers: Min: 0, Avg: 6.1, Max: 49, Diff: 49, Sum: 49]
      [Scan RS (ms): Min: 0.0, Avg: 0.3, Max: 2.5, Diff: 2.5, Sum: 2.6]
      [Code Root Scanning (ms): Min: 0.0, Avg: 0.0, Max: 0.0, Diff: 0.0, Sum: 0.0]
      [Object Copy (ms): Min: 0.0, Avg: 0.8, Max: 6.6, Diff: 6.6, Sum: 6.6]
      [Termination (ms): Min: 0.0, Avg: 35.4, Max: 276.5, Diff: 276.5, Sum: 283.6]
         [Termination Attempts: Min: 1, Avg: 1.0, Max: 1, Diff: 0, Sum: 8]
      [GC Worker Other (ms): Min: 0.0, Avg: 0.0, Max: 0.0, Diff: 0.0, Sum: 0.0]
      [GC Worker Total (ms): Min: 0.0, Avg: 38.2, Max: 298.5, Diff: 298.5, Sum: 305.7]
      [GC Worker End (ms): Min: 446402491.8, Avg: 446402491.8, Max: 446402491.9, Diff: 0.1]
   [Code Root Fixup: 0.0 ms]
   [Code Root Purge: 0.0 ms]
   [Clear CT: 0.5 ms]
   [Other: 91.5 ms]
      [Choose CSet: 0.0 ms]
      [Ref Proc: 74.6 ms]
      [Ref Enq: 1.6 ms]
      [Redirty Cards: 15.0 ms]
      [Humongous Register: 0.0 ms]
      [Humongous Reclaim: 0.0 ms]
      [Free CSet: 0.1 ms]
   [Eden: 5712.0M(5712.0M)->0.0B(5712.0M) Survivors: 16384.0K->16384.0K Heap: 9202.1M(14336.0M)->3474.3M(14336.0M)]
 [Times: user=0.42 sys=0.00, real=0.39 secs] 
2022-09-28T03:57:28.506-0600: 446481.616: [GC pause (G1 Evacuation Pause) (young), 0.0403565 secs]
   [Parallel Time: 8.9 ms, GC Workers: 8]
      [GC Worker Start (ms): Min: 446481616.5, Avg: 446481620.9, Max: 446481625.1, Diff: 8.6]
      [Ext Root Scanning (ms): Min: 0.0, Avg: 0.8, Max: 2.8, Diff: 2.8, Sum: 6.4]
      [Update RS (ms): Min: 0.0, Avg: 1.5, Max: 3.7, Diff: 3.7, Sum: 11.6]
         [Processed Buffers: Min: 0, Avg: 7.6, Max: 22, Diff: 22, Sum: 61]
      [Scan RS (ms): Min: 0.0, Avg: 0.0, Max: 0.0, Diff: 0.0, Sum: 0.2]
      [Code Root Scanning (ms): Min: 0.0, Avg: 0.0, Max: 0.0, Diff: 0.0, Sum: 0.0]
      [Object Copy (ms): Min: 0.0, Avg: 1.5, Max: 2.6, Diff: 2.6, Sum: 12.2]
      [Termination (ms): Min: 0.0, Avg: 0.5, Max: 0.7, Diff: 0.7, Sum: 3.8]
         [Termination Attempts: Min: 1, Avg: 14.4, Max: 28, Diff: 27, Sum: 115]
      [GC Worker Other (ms): Min: 0.0, Avg: 0.0, Max: 0.0, Diff: 0.0, Sum: 0.0]
      [GC Worker Total (ms): Min: 0.0, Avg: 4.3, Max: 8.6, Diff: 8.6, Sum: 34.2]
      [GC Worker End (ms): Min: 446481625.1, Avg: 446481625.2, Max: 446481625.3, Diff: 0.2]
   [Code Root Fixup: 0.0 ms]
   [Code Root Purge: 0.0 ms]
   [Clear CT: 1.2 ms]
   [Other: 30.3 ms]
      [Choose CSet: 0.0 ms]
      [Ref Proc: 29.9 ms]
      [Ref Enq: 0.1 ms]
      [Redirty Cards: 0.1 ms]
      [Humongous Register: 0.0 ms]
      [Humongous Reclaim: 0.0 ms]
      [Free CSet: 0.1 ms]
   [Eden: 5712.0M(5712.0M)->0.0B(5712.0M) Survivors: 16384.0K->16384.0K Heap: 9186.3M(14336.0M)->3478.4M(14336.0M)]
 [Times: user=0.14 sys=0.00, real=0.04 secs] 
2022-09-28T03:58:49.279-0600: 446562.390: [GC pause (G1 Evacuation Pause) (young) (initial-mark), 0.0590432 secs]
   [Parallel Time: 24.8 ms, GC Workers: 8]
      [GC Worker Start (ms): Min: 446562394.2, Avg: 446562398.6, Max: 446562399.6, Diff: 5.3]
      [Ext Root Scanning (ms): Min: 2.1, Avg: 5.9, Max: 9.8, Diff: 7.7, Sum: 47.2]
      [Update RS (ms): Min: 0.0, Avg: 1.2, Max: 2.9, Diff: 2.9, Sum: 9.5]
         [Processed Buffers: Min: 0, Avg: 5.4, Max: 15, Diff: 15, Sum: 43]
      [Scan RS (ms): Min: 0.0, Avg: 0.0, Max: 0.1, Diff: 0.1, Sum: 0.2]
      [Code Root Scanning (ms): Min: 0.0, Avg: 0.0, Max: 0.0, Diff: 0.0, Sum: 0.0]
      [Object Copy (ms): Min: 0.0, Avg: 3.4, Max: 10.0, Diff: 10.0, Sum: 27.0]
      [Termination (ms): Min: 0.0, Avg: 5.4, Max: 6.5, Diff: 6.5, Sum: 43.4]
         [Termination Attempts: Min: 1, Avg: 7.6, Max: 16, Diff: 15, Sum: 61]
      [GC Worker Other (ms): Min: 0.0, Avg: 0.0, Max: 0.0, Diff: 0.0, Sum: 0.0]
      [GC Worker Total (ms): Min: 15.0, Avg: 15.9, Max: 20.3, Diff: 5.4, Sum: 127.3]
      [GC Worker End (ms): Min: 446562414.5, Avg: 446562414.5, Max: 446562414.6, Diff: 0.0]
   [Code Root Fixup: 0.0 ms]
   [Code Root Purge: 0.0 ms]
   [Clear CT: 0.7 ms]
   [Other: 33.5 ms]
      [Choose CSet: 0.0 ms]
      [Ref Proc: 33.1 ms]
      [Ref Enq: 0.1 ms]
      [Redirty Cards: 0.1 ms]
      [Humongous Register: 0.0 ms]
      [Humongous Reclaim: 0.0 ms]
      [Free CSet: 0.1 ms]
   [Eden: 5712.0M(5712.0M)->0.0B(5712.0M) Survivors: 16384.0K->16384.0K Heap: 9190.4M(14336.0M)->3478.9M(14336.0M)]
 [Times: user=0.19 sys=0.00, real=0.06 secs] 
2022-09-28T03:58:49.338-0600: 446562.449: [GC concurrent-root-region-scan-start]
2022-09-28T03:58:49.345-0600: 446562.456: [GC concurrent-root-region-scan-end, 0.0068303 secs]
2022-09-28T03:58:49.345-0600: 446562.456: [GC concurrent-mark-start]
2022-09-28T03:58:50.709-0600: 446563.820: [GC concurrent-mark-end, 1.3640454 secs]
2022-09-28T03:58:50.709-0600: 446563.820: [GC remark 2022-09-28T03:58:50.709-0600: 446563.820: [Finalize Marking, 0.0032847 secs] 2022-09-28T03:58:50.712-0600: 446563.823: [GC ref-proc, 0.0311722 secs] 2022-09-28T03:58:50.744-0600: 446563.854: [Unloading, 0.0302033 secs], 0.0713254 secs]
 [Times: user=0.30 sys=0.00, real=0.07 secs] 
2022-09-28T03:58:50.781-0600: 446563.892: [GC cleanup 3586M->3586M(14336M), 0.0177151 secs]
 [Times: user=0.03 sys=0.00, real=0.01 secs] 
2022-09-28T04:00:10.129-0600: 446643.240: [GC pause (G1 Evacuation Pause) (young), 0.0398486 secs]
   [Parallel Time: 10.7 ms, GC Workers: 8]
      [GC Worker Start (ms): Min: 446643240.2, Avg: 446643246.5, Max: 446643250.7, Diff: 10.5]
      [Ext Root Scanning (ms): Min: 0.0, Avg: 0.7, Max: 3.0, Diff: 3.0, Sum: 5.7]
      [Update RS (ms): Min: 0.0, Avg: 1.1, Max: 2.9, Diff: 2.9, Sum: 8.6]
         [Processed Buffers: Min: 0, Avg: 6.2, Max: 19, Diff: 19, Sum: 50]
      [Scan RS (ms): Min: 0.0, Avg: 0.0, Max: 0.1, Diff: 0.1, Sum: 0.1]
      [Code Root Scanning (ms): Min: 0.0, Avg: 0.0, Max: 0.0, Diff: 0.0, Sum: 0.0]
      [Object Copy (ms): Min: 0.0, Avg: 0.9, Max: 2.5, Diff: 2.5, Sum: 7.0]
      [Termination (ms): Min: 0.0, Avg: 1.5, Max: 2.5, Diff: 2.5, Sum: 11.8]
         [Termination Attempts: Min: 1, Avg: 4.8, Max: 15, Diff: 14, Sum: 38]
      [GC Worker Other (ms): Min: 0.0, Avg: 0.0, Max: 0.0, Diff: 0.0, Sum: 0.0]
      [GC Worker Total (ms): Min: 0.0, Avg: 4.2, Max: 10.6, Diff: 10.6, Sum: 33.3]
      [GC Worker End (ms): Min: 446643250.7, Avg: 446643250.7, Max: 446643250.8, Diff: 0.2]
   [Code Root Fixup: 0.0 ms]
   [Code Root Purge: 0.0 ms]
   [Clear CT: 0.6 ms]
   [Other: 28.5 ms]
      [Choose CSet: 0.0 ms]
      [Ref Proc: 28.2 ms]
      [Ref Enq: 0.1 ms]
      [Redirty Cards: 0.1 ms]
      [Humongous Register: 0.0 ms]
      [Humongous Reclaim: 0.0 ms]
      [Free CSet: 0.1 ms]
   [Eden: 5712.0M(5712.0M)->0.0B(7152.0M) Survivors: 16384.0K->16384.0K Heap: 9190.9M(14336.0M)->3478.5M(14336.0M)]
 [Times: user=0.10 sys=0.00, real=0.04 secs] 
2022-09-28T04:01:51.230-0600: 446744.341: [GC pause (G1 Evacuation Pause) (young), 0.0267340 secs]
   [Parallel Time: 5.2 ms, GC Workers: 8]
      [GC Worker Start (ms): Min: 446744341.2, Avg: 446744342.0, Max: 446744343.2, Diff: 1.9]
      [Ext Root Scanning (ms): Min: 0.0, Avg: 1.5, Max: 4.5, Diff: 4.5, Sum: 11.8]
      [Update RS (ms): Min: 0.0, Avg: 1.1, Max: 1.7, Diff: 1.7, Sum: 9.0]
         [Processed Buffers: Min: 0, Avg: 5.0, Max: 11, Diff: 11, Sum: 40]
      [Scan RS (ms): Min: 0.0, Avg: 0.0, Max: 0.1, Diff: 0.1, Sum: 0.2]
      [Code Root Scanning (ms): Min: 0.0, Avg: 0.0, Max: 0.0, Diff: 0.0, Sum: 0.0]
      [Object Copy (ms): Min: 0.0, Avg: 1.2, Max: 1.5, Diff: 1.5, Sum: 9.6]
      [Termination (ms): Min: 0.0, Avg: 0.5, Max: 0.6, Diff: 0.6, Sum: 4.4]
         [Termination Attempts: Min: 1, Avg: 9.1, Max: 16, Diff: 15, Sum: 73]
      [GC Worker Other (ms): Min: 0.0, Avg: 0.0, Max: 0.0, Diff: 0.0, Sum: 0.0]
      [GC Worker Total (ms): Min: 3.2, Avg: 4.4, Max: 5.2, Diff: 1.9, Sum: 35.1]
      [GC Worker End (ms): Min: 446744346.4, Avg: 446744346.4, Max: 446744346.4, Diff: 0.0]
   [Code Root Fixup: 0.0 ms]
   [Code Root Purge: 0.0 ms]
   [Clear CT: 0.8 ms]
   [Other: 20.7 ms]
      [Choose CSet: 0.0 ms]
      [Ref Proc: 20.3 ms]
      [Ref Enq: 0.1 ms]
      [Redirty Cards: 0.1 ms]
      [Humongous Register: 0.0 ms]
      [Humongous Reclaim: 0.0 ms]
      [Free CSet: 0.1 ms]
   [Eden: 7152.0M(7152.0M)->0.0B(7152.0M) Survivors: 16384.0K->16384.0K Heap: 10630.5M(14336.0M)->3481.1M(14336.0M)]
 [Times: user=0.11 sys=0.00, real=0.02 secs] 
2022-09-28T04:03:28.292-0600: 446841.403: [GC pause (G1 Evacuation Pause) (young) (initial-mark), 0.0643760 secs]
   [Parallel Time: 14.0 ms, GC Workers: 8]
      [GC Worker Start (ms): Min: 446841404.5, Avg: 446841406.1, Max: 446841407.1, Diff: 2.5]
      [Ext Root Scanning (ms): Min: 1.7, Avg: 5.8, Max: 8.5, Diff: 6.7, Sum: 46.2]
      [Update RS (ms): Min: 0.0, Avg: 1.0, Max: 2.2, Diff: 2.2, Sum: 8.2]
         [Processed Buffers: Min: 0, Avg: 5.9, Max: 17, Diff: 17, Sum: 47]
      [Scan RS (ms): Min: 0.0, Avg: 0.0, Max: 0.1, Diff: 0.1, Sum: 0.2]
      [Code Root Scanning (ms): Min: 0.0, Avg: 0.0, Max: 0.0, Diff: 0.0, Sum: 0.0]
      [Object Copy (ms): Min: 0.0, Avg: 1.0, Max: 2.1, Diff: 2.1, Sum: 8.2]
      [Termination (ms): Min: 0.0, Avg: 1.8, Max: 4.3, Diff: 4.3, Sum: 14.5]
         [Termination Attempts: Min: 1, Avg: 3.1, Max: 8, Diff: 7, Sum: 25]
      [GC Worker Other (ms): Min: 0.0, Avg: 0.0, Max: 0.0, Diff: 0.0, Sum: 0.1]
      [GC Worker Total (ms): Min: 8.5, Avg: 9.7, Max: 11.2, Diff: 2.7, Sum: 77.4]
      [GC Worker End (ms): Min: 446841415.5, Avg: 446841415.8, Max: 446841417.1, Diff: 1.6]
   [Code Root Fixup: 0.0 ms]
   [Code Root Purge: 0.0 ms]
   [Clear CT: 0.9 ms]
   [Other: 49.4 ms]
      [Choose CSet: 0.0 ms]
      [Ref Proc: 49.0 ms]
      [Ref Enq: 0.1 ms]
      [Redirty Cards: 0.1 ms]
      [Humongous Register: 0.0 ms]
      [Humongous Reclaim: 0.0 ms]
      [Free CSet: 0.1 ms]
   [Eden: 7152.0M(7152.0M)->0.0B(7152.0M) Survivors: 16384.0K->16384.0K Heap: 10633.1M(14336.0M)->3481.0M(14336.0M)]
 [Times: user=0.19 sys=0.00, real=0.06 secs] 
2022-09-28T04:03:28.357-0600: 446841.468: [GC concurrent-root-region-scan-start]
2022-09-28T04:03:28.365-0600: 446841.476: [GC concurrent-root-region-scan-end, 0.0079725 secs]
2022-09-28T04:03:28.365-0600: 446841.476: [GC concurrent-mark-start]
2022-09-28T04:03:29.692-0600: 446842.803: [GC concurrent-mark-end, 1.3271155 secs]
2022-09-28T04:03:29.692-0600: 446842.803: [GC remark 2022-09-28T04:03:29.692-0600: 446842.803: [Finalize Marking, 0.0018332 secs] 2022-09-28T04:03:29.694-0600: 446842.805: [GC ref-proc, 0.0333421 secs] 2022-09-28T04:03:29.727-0600: 446842.838: [Unloading, 0.0309559 secs], 0.0850174 secs]
 [Times: user=0.25 sys=0.00, real=0.08 secs] 
2022-09-28T04:03:29.777-0600: 446842.888: [GC cleanup 3592M->3592M(14336M), 0.0104916 secs]
 [Times: user=0.04 sys=0.00, real=0.01 secs] 
2022-09-28T04:05:07.280-0600: 446940.391: [GC pause (G1 Evacuation Pause) (young), 0.2656929 secs]
   [Parallel Time: 222.8 ms, GC Workers: 8]
      [GC Worker Start (ms): Min: 446940390.7, Avg: 446940501.6, Max: 446940613.3, Diff: 222.6]
      [Ext Root Scanning (ms): Min: 0.0, Avg: 0.8, Max: 3.0, Diff: 3.0, Sum: 6.2]
      [Update RS (ms): Min: 0.0, Avg: 0.9, Max: 2.2, Diff: 2.2, Sum: 7.0]
         [Processed Buffers: Min: 0, Avg: 5.5, Max: 16, Diff: 16, Sum: 44]
      [Scan RS (ms): Min: 0.0, Avg: 0.0, Max: 0.1, Diff: 0.1, Sum: 0.2]
      [Code Root Scanning (ms): Min: 0.0, Avg: 0.0, Max: 0.0, Diff: 0.0, Sum: 0.0]
      [Object Copy (ms): Min: 0.0, Avg: 1.1, Max: 2.2, Diff: 2.2, Sum: 8.5]
      [Termination (ms): Min: 0.0, Avg: 109.0, Max: 217.1, Diff: 217.1, Sum: 871.9]
         [Termination Attempts: Min: 1, Avg: 1.6, Max: 3, Diff: 2, Sum: 13]
      [GC Worker Other (ms): Min: 0.0, Avg: 0.0, Max: 0.0, Diff: 0.0, Sum: 0.0]
      [GC Worker Total (ms): Min: 0.0, Avg: 111.7, Max: 222.7, Diff: 222.7, Sum: 893.9]
      [GC Worker End (ms): Min: 446940613.3, Avg: 446940613.3, Max: 446940613.4, Diff: 0.2]
   [Code Root Fixup: 0.0 ms]
   [Code Root Purge: 0.0 ms]
   [Clear CT: 0.7 ms]
   [Other: 42.2 ms]
      [Choose CSet: 0.0 ms]
      [Ref Proc: 41.8 ms]
      [Ref Enq: 0.1 ms]
      [Redirty Cards: 0.1 ms]
      [Humongous Register: 0.0 ms]
      [Humongous Reclaim: 0.0 ms]
      [Free CSet: 0.1 ms]
   [Eden: 7152.0M(7152.0M)->0.0B(7152.0M) Survivors: 16384.0K->16384.0K Heap: 10633.0M(14336.0M)->3483.8M(14336.0M)]
 [Times: user=1.03 sys=0.00, real=0.27 secs] 
2022-09-28T04:06:46.185-0600: 447039.295: [GC pause (G1 Evacuation Pause) (young), 0.0658643 secs]
   [Parallel Time: 45.0 ms, GC Workers: 8]
      [GC Worker Start (ms): Min: 447039295.6, Avg: 447039298.5, Max: 447039302.3, Diff: 6.8]
      [Ext Root Scanning (ms): Min: 0.0, Avg: 0.8, Max: 3.0, Diff: 3.0, Sum: 6.5]
      [Update RS (ms): Min: 0.0, Avg: 1.3, Max: 2.2, Diff: 2.2, Sum: 10.2]
         [Processed Buffers: Min: 0, Avg: 6.2, Max: 12, Diff: 12, Sum: 50]
      [Scan RS (ms): Min: 0.0, Avg: 0.0, Max: 0.1, Diff: 0.1, Sum: 0.3]
      [Code Root Scanning (ms): Min: 0.0, Avg: 0.0, Max: 0.0, Diff: 0.0, Sum: 0.0]
      [Object Copy (ms): Min: 0.0, Avg: 1.2, Max: 2.0, Diff: 2.0, Sum: 10.0]
      [Termination (ms): Min: 0.0, Avg: 0.5, Max: 0.7, Diff: 0.7, Sum: 3.8]
         [Termination Attempts: Min: 1, Avg: 6.2, Max: 16, Diff: 15, Sum: 50]
      [GC Worker Other (ms): Min: 0.0, Avg: 0.0, Max: 0.0, Diff: 0.0, Sum: 0.0]
      [GC Worker Total (ms): Min: 0.0, Avg: 3.9, Max: 6.8, Diff: 6.8, Sum: 30.8]
      [GC Worker End (ms): Min: 447039302.3, Avg: 447039302.3, Max: 447039302.4, Diff: 0.0]
   [Code Root Fixup: 0.0 ms]
   [Code Root Purge: 0.0 ms]
   [Clear CT: 0.8 ms]
   [Other: 20.1 ms]
      [Choose CSet: 0.0 ms]
      [Ref Proc: 19.6 ms]
      [Ref Enq: 0.1 ms]
      [Redirty Cards: 0.1 ms]
      [Humongous Register: 0.0 ms]
      [Humongous Reclaim: 0.0 ms]
      [Free CSet: 0.1 ms]
   [Eden: 7152.0M(7152.0M)->0.0B(7152.0M) Survivors: 16384.0K->16384.0K Heap: 10635.8M(14336.0M)->3483.0M(14336.0M)]
 [Times: user=0.12 sys=0.00, real=0.07 secs] 
2022-09-28T04:08:23.930-0600: 447137.041: [GC pause (G1 Evacuation Pause) (young) (initial-mark), 0.2141026 secs]
   [Parallel Time: 14.5 ms, GC Workers: 8]
      [GC Worker Start (ms): Min: 447137042.5, Avg: 447137044.5, Max: 447137045.5, Diff: 2.9]
      [Ext Root Scanning (ms): Min: 2.2, Avg: 6.5, Max: 10.1, Diff: 7.9, Sum: 51.8]
      [Update RS (ms): Min: 0.0, Avg: 1.0, Max: 2.9, Diff: 2.9, Sum: 8.2]
         [Processed Buffers: Min: 0, Avg: 5.1, Max: 20, Diff: 20, Sum: 41]
      [Scan RS (ms): Min: 0.0, Avg: 0.0, Max: 0.1, Diff: 0.1, Sum: 0.2]
      [Code Root Scanning (ms): Min: 0.0, Avg: 0.0, Max: 0.0, Diff: 0.0, Sum: 0.0]
      [Object Copy (ms): Min: 0.0, Avg: 2.5, Max: 4.4, Diff: 4.4, Sum: 20.3]
      [Termination (ms): Min: 0.0, Avg: 1.2, Max: 1.6, Diff: 1.6, Sum: 9.5]
         [Termination Attempts: Min: 1, Avg: 10.0, Max: 19, Diff: 18, Sum: 80]
      [GC Worker Other (ms): Min: 0.0, Avg: 0.0, Max: 0.0, Diff: 0.0, Sum: 0.0]
      [GC Worker Total (ms): Min: 10.1, Avg: 11.3, Max: 13.2, Diff: 3.1, Sum: 90.1]
      [GC Worker End (ms): Min: 447137055.6, Avg: 447137055.7, Max: 447137055.8, Diff: 0.2]
   [Code Root Fixup: 0.0 ms]
   [Code Root Purge: 0.0 ms]
   [Clear CT: 1.1 ms]
   [Other: 198.5 ms]
      [Choose CSet: 0.0 ms]
      [Ref Proc: 197.9 ms]
      [Ref Enq: 0.2 ms]
      [Redirty Cards: 0.1 ms]
      [Humongous Register: 0.0 ms]
      [Humongous Reclaim: 0.0 ms]
      [Free CSet: 0.1 ms]
   [Eden: 7152.0M(7152.0M)->0.0B(7152.0M) Survivors: 16384.0K->16384.0K Heap: 10635.0M(14336.0M)->3483.9M(14336.0M)]
 [Times: user=0.34 sys=0.00, real=0.21 secs] 
2022-09-28T04:08:24.144-0600: 447137.255: [GC concurrent-root-region-scan-start]
2022-09-28T04:08:24.152-0600: 447137.262: [GC concurrent-root-region-scan-end, 0.0070717 secs]
2022-09-28T04:08:24.152-0600: 447137.262: [GC concurrent-mark-start]
2022-09-28T04:08:25.516-0600: 447138.627: [GC concurrent-mark-end, 1.3645410 secs]
2022-09-28T04:08:25.516-0600: 447138.627: [GC remark 2022-09-28T04:08:25.516-0600: 447138.627: [Finalize Marking, 0.0020497 secs] 2022-09-28T04:08:25.518-0600: 447138.629: [GC ref-proc, 0.0248209 secs] 2022-09-28T04:08:25.543-0600: 447138.654: [Unloading, 0.0251568 secs], 0.0569063 secs]
 [Times: user=0.27 sys=0.00, real=0.06 secs] 
2022-09-28T04:08:25.573-0600: 447138.684: [GC cleanup 3611M->3611M(14336M), 0.0089284 secs]
 [Times: user=0.02 sys=0.00, real=0.01 secs] 
2022-09-28T04:10:03.380-0600: 447236.491: [GC pause (G1 Evacuation Pause) (young), 0.0826577 secs]
   [Parallel Time: 6.7 ms, GC Workers: 8]
      [GC Worker Start (ms): Min: 447236491.2, Avg: 447236493.9, Max: 447236497.8, Diff: 6.6]
      [Ext Root Scanning (ms): Min: 0.0, Avg: 0.8, Max: 3.1, Diff: 3.1, Sum: 6.7]
      [Update RS (ms): Min: 0.0, Avg: 1.1, Max: 2.5, Diff: 2.5, Sum: 8.8]
         [Processed Buffers: Min: 0, Avg: 5.9, Max: 13, Diff: 13, Sum: 47]
      [Scan RS (ms): Min: 0.0, Avg: 0.0, Max: 0.1, Diff: 0.1, Sum: 0.2]
      [Code Root Scanning (ms): Min: 0.0, Avg: 0.0, Max: 0.0, Diff: 0.0, Sum: 0.0]
      [Object Copy (ms): Min: 0.0, Avg: 1.4, Max: 1.9, Diff: 1.9, Sum: 11.4]
      [Termination (ms): Min: 0.0, Avg: 0.5, Max: 0.6, Diff: 0.6, Sum: 4.3]
         [Termination Attempts: Min: 1, Avg: 3.4, Max: 7, Diff: 6, Sum: 27]
      [GC Worker Other (ms): Min: 0.0, Avg: 0.0, Max: 0.0, Diff: 0.0, Sum: 0.1]
      [GC Worker Total (ms): Min: 0.0, Avg: 3.9, Max: 6.7, Diff: 6.6, Sum: 31.6]
      [GC Worker End (ms): Min: 447236497.8, Avg: 447236497.9, Max: 447236497.9, Diff: 0.0]
   [Code Root Fixup: 0.0 ms]
   [Code Root Purge: 0.0 ms]
   [Clear CT: 0.8 ms]
   [Other: 75.1 ms]
      [Choose CSet: 0.0 ms]
      [Ref Proc: 74.7 ms]
      [Ref Enq: 0.1 ms]
      [Redirty Cards: 0.1 ms]
      [Humongous Register: 0.0 ms]
      [Humongous Reclaim: 0.0 ms]
      [Free CSet: 0.1 ms]
   [Eden: 7152.0M(7152.0M)->0.0B(7152.0M) Survivors: 16384.0K->16384.0K Heap: 10635.9M(14336.0M)->3487.4M(14336.0M)]
 [Times: user=0.35 sys=0.00, real=0.09 secs] 
2022-09-28T04:11:41.857-0600: 447334.968: [GC pause (G1 Evacuation Pause) (young), 0.0579932 secs]
   [Parallel Time: 23.1 ms, GC Workers: 8]
      [GC Worker Start (ms): Min: 447334968.1, Avg: 447334976.4, Max: 447334989.2, Diff: 21.1]
      [Ext Root Scanning (ms): Min: 0.0, Avg: 2.2, Max: 6.8, Diff: 6.8, Sum: 17.3]
      [Update RS (ms): Min: 0.0, Avg: 4.7, Max: 11.0, Diff: 11.0, Sum: 37.5]
         [Processed Buffers: Min: 0, Avg: 6.5, Max: 14, Diff: 14, Sum: 52]
      [Scan RS (ms): Min: 0.0, Avg: 0.1, Max: 0.2, Diff: 0.2, Sum: 0.5]
      [Code Root Scanning (ms): Min: 0.0, Avg: 0.0, Max: 0.0, Diff: 0.0, Sum: 0.0]
      [Object Copy (ms): Min: 0.0, Avg: 5.3, Max: 9.8, Diff: 9.8, Sum: 42.4]
      [Termination (ms): Min: 0.0, Avg: 2.3, Max: 3.1, Diff: 3.1, Sum: 18.6]
         [Termination Attempts: Min: 1, Avg: 4.9, Max: 9, Diff: 8, Sum: 39]
      [GC Worker Other (ms): Min: 0.0, Avg: 0.0, Max: 0.0, Diff: 0.0, Sum: 0.1]
      [GC Worker Total (ms): Min: 1.9, Avg: 14.6, Max: 22.7, Diff: 20.8, Sum: 116.6]
      [GC Worker End (ms): Min: 447334990.9, Avg: 447334991.0, Max: 447334991.1, Diff: 0.2]
   [Code Root Fixup: 0.0 ms]
   [Code Root Purge: 0.0 ms]
   [Clear CT: 0.8 ms]
   [Other: 34.1 ms]
      [Choose CSet: 0.0 ms]
      [Ref Proc: 33.5 ms]
      [Ref Enq: 0.1 ms]
      [Redirty Cards: 0.1 ms]
      [Humongous Register: 0.1 ms]
      [Humongous Reclaim: 0.0 ms]
      [Free CSet: 0.1 ms]
   [Eden: 7152.0M(7152.0M)->0.0B(7152.0M) Survivors: 16384.0K->16384.0K Heap: 10639.4M(14336.0M)->3487.1M(14336.0M)]
 [Times: user=0.19 sys=0.00, real=0.06 secs] 
2022-09-28T04:13:19.580-0600: 447432.691: [GC pause (G1 Evacuation Pause) (young) (initial-mark), 0.2140176 secs]
   [Parallel Time: 132.4 ms, GC Workers: 8]
      [GC Worker Start (ms): Min: 447432808.9, Avg: 447432812.9, Max: 447432813.8, Diff: 4.9]
      [Ext Root Scanning (ms): Min: 2.3, Avg: 6.3, Max: 9.5, Diff: 7.3, Sum: 50.4]
      [Update RS (ms): Min: 0.0, Avg: 1.0, Max: 2.2, Diff: 2.2, Sum: 8.3]
         [Processed Buffers: Min: 0, Avg: 5.8, Max: 20, Diff: 20, Sum: 46]
      [Scan RS (ms): Min: 0.0, Avg: 0.0, Max: 0.1, Diff: 0.1, Sum: 0.2]
      [Code Root Scanning (ms): Min: 0.0, Avg: 0.0, Max: 0.0, Diff: 0.0, Sum: 0.0]
      [Object Copy (ms): Min: 0.0, Avg: 1.1, Max: 2.5, Diff: 2.5, Sum: 9.2]
      [Termination (ms): Min: 0.0, Avg: 2.0, Max: 3.1, Diff: 3.1, Sum: 16.3]
         [Termination Attempts: Min: 1, Avg: 3.2, Max: 8, Diff: 7, Sum: 26]
      [GC Worker Other (ms): Min: 0.0, Avg: 0.0, Max: 0.0, Diff: 0.0, Sum: 0.0]
      [GC Worker Total (ms): Min: 9.5, Avg: 10.6, Max: 14.5, Diff: 4.9, Sum: 84.5]
      [GC Worker End (ms): Min: 447432823.4, Avg: 447432823.4, Max: 447432823.5, Diff: 0.2]
   [Code Root Fixup: 0.0 ms]
   [Code Root Purge: 0.0 ms]
   [Clear CT: 0.8 ms]
   [Other: 80.8 ms]
      [Choose CSet: 0.0 ms]
      [Ref Proc: 80.4 ms]
      [Ref Enq: 0.1 ms]
      [Redirty Cards: 0.1 ms]
      [Humongous Register: 0.0 ms]
      [Humongous Reclaim: 0.0 ms]
      [Free CSet: 0.1 ms]
   [Eden: 7152.0M(7152.0M)->0.0B(7152.0M) Survivors: 16384.0K->16384.0K Heap: 10639.1M(14336.0M)->3487.3M(14336.0M)]
 [Times: user=0.30 sys=0.00, real=0.21 secs] 
2022-09-28T04:13:19.794-0600: 447432.905: [GC concurrent-root-region-scan-start]
2022-09-28T04:13:19.803-0600: 447432.913: [GC concurrent-root-region-scan-end, 0.0081553 secs]
2022-09-28T04:13:19.803-0600: 447432.913: [GC concurrent-mark-start]
2022-09-28T04:13:21.139-0600: 447434.250: [GC concurrent-mark-end, 1.3364905 secs]
2022-09-28T04:13:21.139-0600: 447434.250: [GC remark 2022-09-28T04:13:21.139-0600: 447434.250: [Finalize Marking, 0.0826772 secs] 2022-09-28T04:13:21.222-0600: 447434.333: [GC ref-proc, 0.2608819 secs] 2022-09-28T04:13:21.483-0600: 447434.594: [Unloading, 0.0282142 secs], 0.3760065 secs]
 [Times: user=1.66 sys=0.00, real=0.38 secs] 
2022-09-28T04:13:21.516-0600: 447434.627: [GC cleanup 3647M->3647M(14336M), 0.0072104 secs]
 [Times: user=0.02 sys=0.00, real=0.01 secs] 
2022-09-28T04:14:59.982-0600: 447533.092: [GC pause (G1 Evacuation Pause) (young), 0.0413567 secs]
   [Parallel Time: 7.5 ms, GC Workers: 8]
      [GC Worker Start (ms): Min: 447533092.5, Avg: 447533096.0, Max: 447533099.8, Diff: 7.2]
      [Ext Root Scanning (ms): Min: 0.0, Avg: 0.8, Max: 3.2, Diff: 3.2, Sum: 6.5]
      [Update RS (ms): Min: 0.0, Avg: 1.0, Max: 2.2, Diff: 2.2, Sum: 8.0]
         [Processed Buffers: Min: 0, Avg: 5.9, Max: 18, Diff: 18, Sum: 47]
      [Scan RS (ms): Min: 0.0, Avg: 0.0, Max: 0.1, Diff: 0.1, Sum: 0.2]
      [Code Root Scanning (ms): Min: 0.0, Avg: 0.0, Max: 0.0, Diff: 0.0, Sum: 0.0]
      [Object Copy (ms): Min: 0.0, Avg: 1.2, Max: 2.1, Diff: 2.1, Sum: 9.5]
      [Termination (ms): Min: 0.0, Avg: 0.9, Max: 1.2, Diff: 1.2, Sum: 6.9]
         [Termination Attempts: Min: 1, Avg: 4.4, Max: 12, Diff: 11, Sum: 35]
      [GC Worker Other (ms): Min: 0.0, Avg: 0.0, Max: 0.0, Diff: 0.0, Sum: 0.0]
      [GC Worker Total (ms): Min: 0.0, Avg: 3.9, Max: 7.4, Diff: 7.4, Sum: 31.1]
      [GC Worker End (ms): Min: 447533099.8, Avg: 447533099.9, Max: 447533100.0, Diff: 0.2]
   [Code Root Fixup: 0.0 ms]
   [Code Root Purge: 0.0 ms]
   [Clear CT: 0.8 ms]
   [Other: 33.0 ms]
      [Choose CSet: 0.0 ms]
      [Ref Proc: 32.6 ms]
      [Ref Enq: 0.1 ms]
      [Redirty Cards: 0.1 ms]
      [Humongous Register: 0.0 ms]
      [Humongous Reclaim: 0.0 ms]
      [Free CSet: 0.1 ms]
   [Eden: 7152.0M(7152.0M)->0.0B(5712.0M) Survivors: 16384.0K->16384.0K Heap: 10639.3M(14336.0M)->3490.1M(14336.0M)]
 [Times: user=0.13 sys=0.00, real=0.04 secs] 
2022-09-28T04:16:20.292-0600: 447613.403: [GC pause (G1 Evacuation Pause) (mixed), 0.0378324 secs]
   [Parallel Time: 12.7 ms, GC Workers: 8]
      [GC Worker Start (ms): Min: 447613403.0, Avg: 447613407.6, Max: 447613411.3, Diff: 8.3]
      [Ext Root Scanning (ms): Min: 0.0, Avg: 0.8, Max: 3.2, Diff: 3.2, Sum: 6.0]
      [Update RS (ms): Min: 0.0, Avg: 1.9, Max: 5.4, Diff: 5.4, Sum: 15.2]
         [Processed Buffers: Min: 0, Avg: 6.1, Max: 20, Diff: 20, Sum: 49]
      [Scan RS (ms): Min: 0.0, Avg: 0.9, Max: 2.0, Diff: 2.0, Sum: 7.1]
      [Code Root Scanning (ms): Min: 0.0, Avg: 0.0, Max: 0.0, Diff: 0.0, Sum: 0.0]
      [Object Copy (ms): Min: 3.2, Avg: 3.6, Max: 4.5, Diff: 1.3, Sum: 28.5]
      [Termination (ms): Min: 0.0, Avg: 0.8, Max: 0.9, Diff: 0.9, Sum: 6.2]
         [Termination Attempts: Min: 1, Avg: 59.8, Max: 81, Diff: 80, Sum: 478]
      [GC Worker Other (ms): Min: 0.0, Avg: 0.0, Max: 0.0, Diff: 0.0, Sum: 0.1]
      [GC Worker Total (ms): Min: 4.2, Avg: 7.9, Max: 12.5, Diff: 8.3, Sum: 63.0]
      [GC Worker End (ms): Min: 447613415.5, Avg: 447613415.5, Max: 447613415.5, Diff: 0.1]
   [Code Root Fixup: 0.0 ms]
   [Code Root Purge: 0.0 ms]
   [Clear CT: 0.7 ms]
   [Other: 24.5 ms]
      [Choose CSet: 0.0 ms]
      [Ref Proc: 24.0 ms]
      [Ref Enq: 0.1 ms]
      [Redirty Cards: 0.1 ms]
      [Humongous Register: 0.0 ms]
      [Humongous Reclaim: 0.0 ms]
      [Free CSet: 0.1 ms]
   [Eden: 5712.0M(5712.0M)->0.0B(7152.0M) Survivors: 16384.0K->16384.0K Heap: 9202.1M(14336.0M)->3475.9M(14336.0M)]
 [Times: user=0.15 sys=0.00, real=0.04 secs] 
2022-09-28T04:18:00.583-0600: 447713.693: [GC pause (G1 Evacuation Pause) (young), 0.2729331 secs]
   [Parallel Time: 234.2 ms, GC Workers: 8]
      [GC Worker Start (ms): Min: 447713693.5, Avg: 447713810.0, Max: 447713926.5, Diff: 233.0]
      [Ext Root Scanning (ms): Min: 0.0, Avg: 0.8, Max: 2.9, Diff: 2.9, Sum: 6.7]
      [Update RS (ms): Min: 0.0, Avg: 1.8, Max: 3.9, Diff: 3.9, Sum: 14.6]
         [Processed Buffers: Min: 0, Avg: 9.0, Max: 21, Diff: 21, Sum: 72]
      [Scan RS (ms): Min: 0.0, Avg: 0.0, Max: 0.1, Diff: 0.1, Sum: 0.2]
      [Code Root Scanning (ms): Min: 0.0, Avg: 0.0, Max: 0.0, Diff: 0.0, Sum: 0.0]
      [Object Copy (ms): Min: 0.0, Avg: 1.1, Max: 2.3, Diff: 2.3, Sum: 8.8]
      [Termination (ms): Min: 0.0, Avg: 112.9, Max: 226.2, Diff: 226.2, Sum: 903.4]
         [Termination Attempts: Min: 1, Avg: 1.6, Max: 3, Diff: 2, Sum: 13]
      [GC Worker Other (ms): Min: 0.0, Avg: 0.0, Max: 0.0, Diff: 0.0, Sum: 0.1]
      [GC Worker Total (ms): Min: 0.0, Avg: 116.7, Max: 234.1, Diff: 234.0, Sum: 933.7]
      [GC Worker End (ms): Min: 447713926.5, Avg: 447713926.7, Max: 447713927.6, Diff: 1.0]
   [Code Root Fixup: 0.0 ms]
   [Code Root Purge: 0.0 ms]
   [Clear CT: 0.7 ms]
   [Other: 38.0 ms]
      [Choose CSet: 0.0 ms]
      [Ref Proc: 37.6 ms]
      [Ref Enq: 0.1 ms]
      [Redirty Cards: 0.1 ms]
      [Humongous Register: 0.0 ms]
      [Humongous Reclaim: 0.0 ms]
      [Free CSet: 0.1 ms]
   [Eden: 7152.0M(7152.0M)->0.0B(7152.0M) Survivors: 16384.0K->16384.0K Heap: 10627.9M(14336.0M)->3477.0M(14336.0M)]
 [Times: user=1.10 sys=0.00, real=0.27 secs] 
2022-09-28T04:19:41.229-0600: 447814.340: [GC pause (G1 Evacuation Pause) (young) (initial-mark), 0.0427168 secs]
   [Parallel Time: 14.2 ms, GC Workers: 8]
      [GC Worker Start (ms): Min: 447814341.1, Avg: 447814343.4, Max: 447814344.4, Diff: 3.3]
      [Ext Root Scanning (ms): Min: 2.4, Avg: 5.7, Max: 9.5, Diff: 7.2, Sum: 45.9]
      [Update RS (ms): Min: 0.0, Avg: 1.1, Max: 2.1, Diff: 2.1, Sum: 8.7]
         [Processed Buffers: Min: 0, Avg: 5.2, Max: 12, Diff: 12, Sum: 42]
      [Scan RS (ms): Min: 0.0, Avg: 0.0, Max: 0.1, Diff: 0.1, Sum: 0.2]
      [Code Root Scanning (ms): Min: 0.0, Avg: 0.0, Max: 0.0, Diff: 0.0, Sum: 0.0]
      [Object Copy (ms): Min: 0.0, Avg: 1.3, Max: 2.2, Diff: 2.2, Sum: 10.4]
      [Termination (ms): Min: 0.0, Avg: 2.4, Max: 3.2, Diff: 3.2, Sum: 19.5]
         [Termination Attempts: Min: 1, Avg: 3.2, Max: 8, Diff: 7, Sum: 26]
      [GC Worker Other (ms): Min: 0.0, Avg: 0.0, Max: 0.0, Diff: 0.0, Sum: 0.0]
      [GC Worker Total (ms): Min: 9.5, Avg: 10.6, Max: 12.9, Diff: 3.4, Sum: 84.7]
      [GC Worker End (ms): Min: 447814353.9, Avg: 447814354.0, Max: 447814354.0, Diff: 0.1]
   [Code Root Fixup: 0.0 ms]
   [Code Root Purge: 0.0 ms]
   [Clear CT: 0.9 ms]
   [Other: 27.6 ms]
      [Choose CSet: 0.0 ms]
      [Ref Proc: 27.2 ms]
      [Ref Enq: 0.1 ms]
      [Redirty Cards: 0.1 ms]
      [Humongous Register: 0.0 ms]
      [Humongous Reclaim: 0.0 ms]
      [Free CSet: 0.1 ms]
   [Eden: 7152.0M(7152.0M)->0.0B(7152.0M) Survivors: 16384.0K->16384.0K Heap: 10629.0M(14336.0M)->3480.6M(14336.0M)]
 [Times: user=0.15 sys=0.00, real=0.04 secs] 
2022-09-28T04:19:41.272-0600: 447814.383: [GC concurrent-root-region-scan-start]
2022-09-28T04:19:41.278-0600: 447814.389: [GC concurrent-root-region-scan-end, 0.0061596 secs]
2022-09-28T04:19:41.278-0600: 447814.389: [GC concurrent-mark-start]
2022-09-28T04:19:42.623-0600: 447815.734: [GC concurrent-mark-end, 1.3447900 secs]
2022-09-28T04:19:42.623-0600: 447815.734: [GC remark 2022-09-28T04:19:42.623-0600: 447815.734: [Finalize Marking, 0.0025999 secs] 2022-09-28T04:19:42.625-0600: 447815.736: [GC ref-proc, 0.1470037 secs] 2022-09-28T04:19:42.772-0600: 447815.883: [Unloading, 0.0464181 secs], 0.2058939 secs]
 [Times: user=0.50 sys=0.00, real=0.21 secs] 
2022-09-28T04:19:42.829-0600: 447815.940: [GC cleanup 3616M->3616M(14336M), 0.0088578 secs]
 [Times: user=0.03 sys=0.00, real=0.00 secs] 
2022-09-28T04:21:22.230-0600: 447915.341: [GC pause (G1 Evacuation Pause) (young), 0.0716950 secs]
   [Parallel Time: 5.4 ms, GC Workers: 8]
      [GC Worker Start (ms): Min: 447915340.9, Avg: 447915342.4, Max: 447915346.2, Diff: 5.3]
      [Ext Root Scanning (ms): Min: 0.0, Avg: 0.9, Max: 3.3, Diff: 3.3, Sum: 7.3]
      [Update RS (ms): Min: 0.0, Avg: 1.2, Max: 2.0, Diff: 2.0, Sum: 9.6]
         [Processed Buffers: Min: 0, Avg: 6.4, Max: 19, Diff: 19, Sum: 51]
      [Scan RS (ms): Min: 0.0, Avg: 0.0, Max: 0.1, Diff: 0.1, Sum: 0.2]
      [Code Root Scanning (ms): Min: 0.0, Avg: 0.0, Max: 0.0, Diff: 0.0, Sum: 0.0]
      [Object Copy (ms): Min: 0.0, Avg: 1.1, Max: 1.5, Diff: 1.5, Sum: 9.0]
      [Termination (ms): Min: 0.0, Avg: 0.5, Max: 0.6, Diff: 0.6, Sum: 4.3]
         [Termination Attempts: Min: 1, Avg: 2.1, Max: 4, Diff: 3, Sum: 17]
      [GC Worker Other (ms): Min: 0.0, Avg: 0.0, Max: 0.0, Diff: 0.0, Sum: 0.0]
      [GC Worker Total (ms): Min: 0.0, Avg: 3.8, Max: 5.3, Diff: 5.3, Sum: 30.6]
      [GC Worker End (ms): Min: 447915346.2, Avg: 447915346.3, Max: 447915346.3, Diff: 0.0]
   [Code Root Fixup: 0.0 ms]
   [Code Root Purge: 0.0 ms]
   [Clear CT: 0.9 ms]
   [Other: 65.4 ms]
      [Choose CSet: 0.0 ms]
      [Ref Proc: 65.0 ms]
      [Ref Enq: 0.1 ms]
      [Redirty Cards: 0.1 ms]
      [Humongous Register: 0.0 ms]
      [Humongous Reclaim: 0.0 ms]
      [Free CSet: 0.1 ms]
   [Eden: 7152.0M(7152.0M)->0.0B(7152.0M) Survivors: 16384.0K->16384.0K Heap: 10632.6M(14336.0M)->3480.3M(14336.0M)]
 [Times: user=0.27 sys=0.00, real=0.07 secs] 
2022-09-28T04:23:00.728-0600: 448013.839: [GC pause (G1 Evacuation Pause) (young), 0.2262750 secs]
   [Parallel Time: 20.7 ms, GC Workers: 8]
      [GC Worker Start (ms): Min: 448013839.2, Avg: 448013852.4, Max: 448013859.8, Diff: 20.6]
      [Ext Root Scanning (ms): Min: 0.0, Avg: 0.8, Max: 3.5, Diff: 3.5, Sum: 6.7]
      [Update RS (ms): Min: 0.0, Avg: 1.1, Max: 3.0, Diff: 3.0, Sum: 8.6]
         [Processed Buffers: Min: 0, Avg: 5.9, Max: 20, Diff: 20, Sum: 47]
      [Scan RS (ms): Min: 0.0, Avg: 0.0, Max: 0.1, Diff: 0.1, Sum: 0.2]
      [Code Root Scanning (ms): Min: 0.0, Avg: 0.0, Max: 0.0, Diff: 0.0, Sum: 0.0]
      [Object Copy (ms): Min: 0.0, Avg: 2.0, Max: 6.6, Diff: 6.6, Sum: 16.3]
      [Termination (ms): Min: 0.0, Avg: 3.5, Max: 9.3, Diff: 9.3, Sum: 27.9]
         [Termination Attempts: Min: 1, Avg: 4.8, Max: 17, Diff: 16, Sum: 38]
      [GC Worker Other (ms): Min: 0.0, Avg: 0.0, Max: 0.0, Diff: 0.0, Sum: 0.0]
      [GC Worker Total (ms): Min: 0.0, Avg: 7.5, Max: 20.6, Diff: 20.6, Sum: 59.8]
      [GC Worker End (ms): Min: 448013859.8, Avg: 448013859.8, Max: 448013859.8, Diff: 0.0]
   [Code Root Fixup: 0.0 ms]
   [Code Root Purge: 0.0 ms]
   [Clear CT: 78.6 ms]
   [Other: 126.9 ms]
      [Choose CSet: 0.0 ms]
      [Ref Proc: 126.0 ms]
      [Ref Enq: 0.3 ms]
      [Redirty Cards: 0.3 ms]
      [Humongous Register: 0.0 ms]
      [Humongous Reclaim: 0.0 ms]
      [Free CSet: 0.2 ms]
   [Eden: 7152.0M(7152.0M)->0.0B(7152.0M) Survivors: 16384.0K->16384.0K Heap: 10632.3M(14336.0M)->3480.5M(14336.0M)]
 [Times: user=0.50 sys=0.00, real=0.22 secs] 
2022-09-28T04:24:38.684-0600: 448111.795: [GC pause (G1 Evacuation Pause) (young) (initial-mark), 0.0533742 secs]
   [Parallel Time: 17.3 ms, GC Workers: 8]
      [GC Worker Start (ms): Min: 448111796.3, Avg: 448111799.8, Max: 448111800.7, Diff: 4.4]
      [Ext Root Scanning (ms): Min: 2.3, Avg: 8.1, Max: 15.6, Diff: 13.3, Sum: 64.9]
      [Update RS (ms): Min: 0.0, Avg: 1.1, Max: 3.0, Diff: 3.0, Sum: 8.7]
         [Processed Buffers: Min: 0, Avg: 5.4, Max: 20, Diff: 20, Sum: 43]
      [Scan RS (ms): Min: 0.0, Avg: 0.0, Max: 0.1, Diff: 0.1, Sum: 0.2]
      [Code Root Scanning (ms): Min: 0.0, Avg: 0.0, Max: 0.0, Diff: 0.0, Sum: 0.0]
      [Object Copy (ms): Min: 0.0, Avg: 1.2, Max: 3.2, Diff: 3.2, Sum: 9.6]
      [Termination (ms): Min: 0.0, Avg: 2.0, Max: 3.4, Diff: 3.4, Sum: 15.9]
         [Termination Attempts: Min: 1, Avg: 1.9, Max: 5, Diff: 4, Sum: 15]
      [GC Worker Other (ms): Min: 0.0, Avg: 0.0, Max: 0.0, Diff: 0.0, Sum: 0.0]
      [GC Worker Total (ms): Min: 11.4, Avg: 12.4, Max: 15.8, Diff: 4.4, Sum: 99.5]
      [GC Worker End (ms): Min: 448111812.1, Avg: 448111812.2, Max: 448111812.3, Diff: 0.2]
   [Code Root Fixup: 0.0 ms]
   [Code Root Purge: 0.0 ms]
   [Clear CT: 0.9 ms]
   [Other: 35.2 ms]
      [Choose CSet: 0.0 ms]
      [Ref Proc: 34.7 ms]
      [Ref Enq: 0.1 ms]
      [Redirty Cards: 0.1 ms]
      [Humongous Register: 0.0 ms]
      [Humongous Reclaim: 0.0 ms]
      [Free CSet: 0.1 ms]
   [Eden: 7152.0M(7152.0M)->0.0B(7152.0M) Survivors: 16384.0K->16384.0K Heap: 10632.5M(14336.0M)->3484.8M(14336.0M)]
 [Times: user=0.19 sys=0.00, real=0.05 secs] 
2022-09-28T04:24:38.738-0600: 448111.848: [GC concurrent-root-region-scan-start]
2022-09-28T04:24:38.744-0600: 448111.855: [GC concurrent-root-region-scan-end, 0.0063224 secs]
2022-09-28T04:24:38.744-0600: 448111.855: [GC concurrent-mark-start]
2022-09-28T04:24:40.104-0600: 448113.215: [GC concurrent-mark-end, 1.3599608 secs]
2022-09-28T04:24:40.106-0600: 448113.217: [GC remark 2022-09-28T04:24:40.106-0600: 448113.217: [Finalize Marking, 0.0020711 secs] 2022-09-28T04:24:40.109-0600: 448113.219: [GC ref-proc, 0.0525488 secs] 2022-09-28T04:24:40.161-0600: 448113.272: [Unloading, 0.0288396 secs], 0.0987716 secs]
 [Times: user=0.31 sys=0.00, real=0.10 secs] 
2022-09-28T04:24:40.205-0600: 448113.316: [GC cleanup 3600M->3600M(14336M), 0.0077625 secs]
 [Times: user=0.02 sys=0.00, real=0.01 secs] 
2022-09-28T04:26:17.178-0600: 448210.289: [GC pause (G1 Evacuation Pause) (young), 0.0330567 secs]
   [Parallel Time: 6.6 ms, GC Workers: 8]
      [GC Worker Start (ms): Min: 448210288.8, Avg: 448210291.3, Max: 448210295.2, Diff: 6.3]
      [Ext Root Scanning (ms): Min: 0.0, Avg: 0.8, Max: 2.9, Diff: 2.9, Sum: 6.6]
      [Update RS (ms): Min: 0.0, Avg: 1.3, Max: 2.0, Diff: 2.0, Sum: 10.3]
         [Processed Buffers: Min: 0, Avg: 6.1, Max: 16, Diff: 16, Sum: 49]
      [Scan RS (ms): Min: 0.0, Avg: 0.0, Max: 0.1, Diff: 0.1, Sum: 0.2]
      [Code Root Scanning (ms): Min: 0.0, Avg: 0.0, Max: 0.0, Diff: 0.0, Sum: 0.0]
      [Object Copy (ms): Min: 0.0, Avg: 1.1, Max: 1.7, Diff: 1.7, Sum: 8.7]
      [Termination (ms): Min: 0.0, Avg: 0.7, Max: 1.0, Diff: 1.0, Sum: 5.8]
         [Termination Attempts: Min: 1, Avg: 5.0, Max: 9, Diff: 8, Sum: 40]
      [GC Worker Other (ms): Min: 0.0, Avg: 0.0, Max: 0.0, Diff: 0.0, Sum: 0.0]
      [GC Worker Total (ms): Min: 0.0, Avg: 4.0, Max: 6.5, Diff: 6.5, Sum: 31.7]
      [GC Worker End (ms): Min: 448210295.2, Avg: 448210295.3, Max: 448210295.4, Diff: 0.2]
   [Code Root Fixup: 0.0 ms]
   [Code Root Purge: 0.0 ms]
   [Clear CT: 0.9 ms]
   [Other: 25.5 ms]
      [Choose CSet: 0.0 ms]
      [Ref Proc: 25.2 ms]
      [Ref Enq: 0.1 ms]
      [Redirty Cards: 0.1 ms]
      [Humongous Register: 0.0 ms]
      [Humongous Reclaim: 0.0 ms]
      [Free CSet: 0.1 ms]
   [Eden: 7152.0M(7152.0M)->0.0B(7152.0M) Survivors: 16384.0K->16384.0K Heap: 10636.8M(14336.0M)->3483.1M(14336.0M)]
 [Times: user=0.15 sys=0.00, real=0.04 secs] 
2022-09-28T04:27:54.280-0600: 448307.391: [GC pause (G1 Evacuation Pause) (young), 0.4433632 secs]
   [Parallel Time: 172.9 ms, GC Workers: 8]
      [GC Worker Start (ms): Min: 448307391.0, Avg: 448307498.6, Max: 448307563.8, Diff: 172.7]
      [Ext Root Scanning (ms): Min: 0.0, Avg: 0.7, Max: 2.9, Diff: 2.9, Sum: 6.0]
      [Update RS (ms): Min: 0.0, Avg: 0.9, Max: 2.8, Diff: 2.8, Sum: 6.9]
         [Processed Buffers: Min: 0, Avg: 5.5, Max: 20, Diff: 20, Sum: 44]
      [Scan RS (ms): Min: 0.0, Avg: 0.0, Max: 0.1, Diff: 0.1, Sum: 0.2]
      [Code Root Scanning (ms): Min: 0.0, Avg: 0.0, Max: 0.0, Diff: 0.0, Sum: 0.0]
      [Object Copy (ms): Min: 0.0, Avg: 0.9, Max: 2.6, Diff: 2.6, Sum: 7.5]
      [Termination (ms): Min: 0.0, Avg: 62.7, Max: 166.0, Diff: 166.0, Sum: 501.5]
         [Termination Attempts: Min: 1, Avg: 1.4, Max: 3, Diff: 2, Sum: 11]
      [GC Worker Other (ms): Min: 0.0, Avg: 0.0, Max: 0.0, Diff: 0.0, Sum: 0.0]
      [GC Worker Total (ms): Min: 0.0, Avg: 65.3, Max: 172.8, Diff: 172.8, Sum: 522.0]
      [GC Worker End (ms): Min: 448307563.8, Avg: 448307563.8, Max: 448307563.9, Diff: 0.1]
   [Code Root Fixup: 0.0 ms]
   [Code Root Purge: 0.0 ms]
   [Clear CT: 0.6 ms]
   [Other: 269.9 ms]
      [Choose CSet: 0.0 ms]
      [Ref Proc: 269.5 ms]
      [Ref Enq: 0.1 ms]
      [Redirty Cards: 0.1 ms]
      [Humongous Register: 0.0 ms]
      [Humongous Reclaim: 0.0 ms]
      [Free CSet: 0.1 ms]
   [Eden: 7152.0M(7152.0M)->0.0B(5712.0M) Survivors: 16384.0K->16384.0K Heap: 10635.1M(14336.0M)->3484.0M(14336.0M)]
 [Times: user=0.75 sys=0.00, real=0.45 secs] 
2022-09-28T04:29:13.179-0600: 448386.290: [GC pause (G1 Evacuation Pause) (young) (initial-mark), 0.0797753 secs]
   [Parallel Time: 15.2 ms, GC Workers: 8]
      [GC Worker Start (ms): Min: 448386291.7, Avg: 448386293.4, Max: 448386294.4, Diff: 2.7]
      [Ext Root Scanning (ms): Min: 2.1, Avg: 7.8, Max: 11.6, Diff: 9.5, Sum: 62.5]
      [Update RS (ms): Min: 0.0, Avg: 0.9, Max: 2.6, Diff: 2.6, Sum: 7.6]
         [Processed Buffers: Min: 0, Avg: 5.0, Max: 15, Diff: 15, Sum: 40]
      [Scan RS (ms): Min: 0.0, Avg: 0.0, Max: 0.1, Diff: 0.0, Sum: 0.2]
      [Code Root Scanning (ms): Min: 0.0, Avg: 0.0, Max: 0.0, Diff: 0.0, Sum: 0.0]
      [Object Copy (ms): Min: 0.0, Avg: 1.0, Max: 2.7, Diff: 2.7, Sum: 8.2]
      [Termination (ms): Min: 0.0, Avg: 2.4, Max: 4.0, Diff: 4.0, Sum: 19.0]
         [Termination Attempts: Min: 1, Avg: 1.5, Max: 3, Diff: 2, Sum: 12]
      [GC Worker Other (ms): Min: 0.0, Avg: 0.0, Max: 0.0, Diff: 0.0, Sum: 0.0]
      [GC Worker Total (ms): Min: 11.1, Avg: 12.2, Max: 13.9, Diff: 2.8, Sum: 97.6]
      [GC Worker End (ms): Min: 448386305.5, Avg: 448386305.6, Max: 448386305.6, Diff: 0.1]
   [Code Root Fixup: 0.0 ms]
   [Code Root Purge: 0.0 ms]
   [Clear CT: 0.7 ms]
   [Other: 63.8 ms]
      [Choose CSet: 0.0 ms]
      [Ref Proc: 63.5 ms]
      [Ref Enq: 0.1 ms]
      [Redirty Cards: 0.0 ms]
      [Humongous Register: 0.0 ms]
      [Humongous Reclaim: 0.0 ms]
      [Free CSet: 0.1 ms]
   [Eden: 5712.0M(5712.0M)->0.0B(7152.0M) Survivors: 16384.0K->16384.0K Heap: 9196.0M(14336.0M)->3487.1M(14336.0M)]
 [Times: user=0.18 sys=0.00, real=0.08 secs] 
2022-09-28T04:29:13.259-0600: 448386.370: [GC concurrent-root-region-scan-start]
2022-09-28T04:29:13.266-0600: 448386.377: [GC concurrent-root-region-scan-end, 0.0064577 secs]
2022-09-28T04:29:13.266-0600: 448386.377: [GC concurrent-mark-start]
2022-09-28T04:29:14.775-0600: 448387.886: [GC concurrent-mark-end, 1.5090861 secs]
2022-09-28T04:29:14.775-0600: 448387.886: [GC remark 2022-09-28T04:29:14.775-0600: 448387.886: [Finalize Marking, 0.0026036 secs] 2022-09-28T04:29:14.778-0600: 448387.889: [GC ref-proc, 0.0539120 secs] 2022-09-28T04:29:14.832-0600: 448387.943: [Unloading, 0.1264102 secs], 0.2088228 secs]
 [Times: user=0.35 sys=0.00, real=0.21 secs] 
2022-09-28T04:29:14.984-0600: 448388.095: [GC cleanup 3615M->3615M(14336M), 0.0269629 secs]
 [Times: user=0.09 sys=0.00, real=0.03 secs] 
2022-09-28T04:30:52.286-0600: 448485.397: [GC pause (G1 Evacuation Pause) (young), 0.0401306 secs]
   [Parallel Time: 7.3 ms, GC Workers: 8]
      [GC Worker Start (ms): Min: 448485396.9, Avg: 448485397.8, Max: 448485399.2, Diff: 2.3]
      [Ext Root Scanning (ms): Min: 0.0, Avg: 3.1, Max: 6.4, Diff: 6.4, Sum: 24.4]
      [Update RS (ms): Min: 0.0, Avg: 1.3, Max: 2.3, Diff: 2.3, Sum: 10.4]
         [Processed Buffers: Min: 0, Avg: 6.1, Max: 17, Diff: 17, Sum: 49]
      [Scan RS (ms): Min: 0.0, Avg: 0.0, Max: 0.1, Diff: 0.1, Sum: 0.2]
      [Code Root Scanning (ms): Min: 0.0, Avg: 0.0, Max: 0.0, Diff: 0.0, Sum: 0.0]
      [Object Copy (ms): Min: 0.0, Avg: 1.0, Max: 1.7, Diff: 1.7, Sum: 8.0]
      [Termination (ms): Min: 0.0, Avg: 0.9, Max: 1.3, Diff: 1.3, Sum: 7.4]
         [Termination Attempts: Min: 1, Avg: 1.2, Max: 2, Diff: 1, Sum: 10]
      [GC Worker Other (ms): Min: 0.0, Avg: 0.0, Max: 0.0, Diff: 0.0, Sum: 0.0]
      [GC Worker Total (ms): Min: 4.9, Avg: 6.3, Max: 7.2, Diff: 2.3, Sum: 50.5]
      [GC Worker End (ms): Min: 448485404.0, Avg: 448485404.1, Max: 448485404.1, Diff: 0.1]
   [Code Root Fixup: 0.0 ms]
   [Code Root Purge: 0.0 ms]
   [Clear CT: 0.8 ms]
   [Other: 32.1 ms]
      [Choose CSet: 0.0 ms]
      [Ref Proc: 31.7 ms]
      [Ref Enq: 0.1 ms]
      [Redirty Cards: 0.1 ms]
      [Humongous Register: 0.0 ms]
      [Humongous Reclaim: 0.0 ms]
      [Free CSet: 0.1 ms]
   [Eden: 7152.0M(7152.0M)->0.0B(7152.0M) Survivors: 16384.0K->16384.0K Heap: 10639.1M(14336.0M)->3485.7M(14336.0M)]
 [Times: user=0.16 sys=0.00, real=0.04 secs] 
2022-09-28T04:32:28.484-0600: 448581.595: [GC pause (G1 Evacuation Pause) (young), 0.0338848 secs]
   [Parallel Time: 8.4 ms, GC Workers: 8]
      [GC Worker Start (ms): Min: 448581595.0, Avg: 448581599.6, Max: 448581603.2, Diff: 8.2]
      [Ext Root Scanning (ms): Min: 0.0, Avg: 0.9, Max: 3.1, Diff: 3.1, Sum: 6.9]
      [Update RS (ms): Min: 0.0, Avg: 1.0, Max: 2.6, Diff: 2.6, Sum: 8.1]
         [Processed Buffers: Min: 0, Avg: 5.6, Max: 17, Diff: 17, Sum: 45]
      [Scan RS (ms): Min: 0.0, Avg: 0.0, Max: 0.1, Diff: 0.1, Sum: 0.2]
      [Code Root Scanning (ms): Min: 0.0, Avg: 0.0, Max: 0.0, Diff: 0.0, Sum: 0.0]
      [Object Copy (ms): Min: 0.0, Avg: 1.1, Max: 2.4, Diff: 2.4, Sum: 8.6]
      [Termination (ms): Min: 0.0, Avg: 0.7, Max: 1.1, Diff: 1.1, Sum: 5.8]
         [Termination Attempts: Min: 1, Avg: 1.2, Max: 3, Diff: 2, Sum: 10]
      [GC Worker Other (ms): Min: 0.0, Avg: 0.0, Max: 0.0, Diff: 0.0, Sum: 0.0]
      [GC Worker Total (ms): Min: 0.0, Avg: 3.7, Max: 8.2, Diff: 8.2, Sum: 29.6]
      [GC Worker End (ms): Min: 448581603.2, Avg: 448581603.3, Max: 448581603.4, Diff: 0.2]
   [Code Root Fixup: 0.0 ms]
   [Code Root Purge: 0.0 ms]
   [Clear CT: 0.8 ms]
   [Other: 24.7 ms]
      [Choose CSet: 0.0 ms]
      [Ref Proc: 24.3 ms]
      [Ref Enq: 0.1 ms]
      [Redirty Cards: 0.1 ms]
      [Humongous Register: 0.0 ms]
      [Humongous Reclaim: 0.0 ms]
      [Free CSet: 0.1 ms]
   [Eden: 7152.0M(7152.0M)->0.0B(7152.0M) Survivors: 16384.0K->16384.0K Heap: 10637.7M(14336.0M)->3486.8M(14336.0M)]
 [Times: user=0.11 sys=0.00, real=0.03 secs] 
2022-09-28T04:34:07.545-0600: 448680.656: [GC pause (G1 Evacuation Pause) (young) (initial-mark), 0.0738236 secs]
   [Parallel Time: 14.7 ms, GC Workers: 8]
      [GC Worker Start (ms): Min: 448680657.9, Avg: 448680661.5, Max: 448680663.2, Diff: 5.3]
      [Ext Root Scanning (ms): Min: 3.0, Avg: 5.0, Max: 10.9, Diff: 7.9, Sum: 39.9]
      [Update RS (ms): Min: 0.0, Avg: 1.2, Max: 1.6, Diff: 1.6, Sum: 9.8]
         [Processed Buffers: Min: 0, Avg: 5.2, Max: 9, Diff: 9, Sum: 42]
      [Scan RS (ms): Min: 0.0, Avg: 0.0, Max: 0.1, Diff: 0.1, Sum: 0.2]
      [Code Root Scanning (ms): Min: 0.0, Avg: 0.0, Max: 0.0, Diff: 0.0, Sum: 0.0]
      [Object Copy (ms): Min: 0.4, Avg: 1.4, Max: 1.8, Diff: 1.4, Sum: 11.2]
      [Termination (ms): Min: 0.0, Avg: 0.0, Max: 0.0, Diff: 0.0, Sum: 0.0]
         [Termination Attempts: Min: 1, Avg: 1.8, Max: 3, Diff: 2, Sum: 14]
      [GC Worker Other (ms): Min: 0.0, Avg: 0.0, Max: 0.1, Diff: 0.1, Sum: 0.2]
      [GC Worker Total (ms): Min: 6.0, Avg: 7.7, Max: 11.3, Diff: 5.3, Sum: 61.4]
      [GC Worker End (ms): Min: 448680669.2, Avg: 448680669.2, Max: 448680669.3, Diff: 0.1]
   [Code Root Fixup: 0.0 ms]
   [Code Root Purge: 0.0 ms]
   [Clear CT: 0.9 ms]
   [Other: 58.2 ms]
      [Choose CSet: 0.0 ms]
      [Ref Proc: 57.6 ms]
      [Ref Enq: 0.2 ms]
      [Redirty Cards: 0.1 ms]
      [Humongous Register: 0.0 ms]
      [Humongous Reclaim: 0.0 ms]
      [Free CSet: 0.2 ms]
   [Eden: 7152.0M(7152.0M)->0.0B(7152.0M) Survivors: 16384.0K->16384.0K Heap: 10638.8M(14336.0M)->3491.1M(14336.0M)]
 [Times: user=0.16 sys=0.00, real=0.07 secs] 
2022-09-28T04:34:07.619-0600: 448680.730: [GC concurrent-root-region-scan-start]
2022-09-28T04:34:07.627-0600: 448680.737: [GC concurrent-root-region-scan-end, 0.0074214 secs]
2022-09-28T04:34:07.627-0600: 448680.737: [GC concurrent-mark-start]
2022-09-28T04:34:09.008-0600: 448682.119: [GC concurrent-mark-end, 1.3818203 secs]
2022-09-28T04:34:09.009-0600: 448682.119: [GC remark 2022-09-28T04:34:09.009-0600: 448682.119: [Finalize Marking, 0.0021520 secs] 2022-09-28T04:34:09.011-0600: 448682.122: [GC ref-proc, 0.3647725 secs] 2022-09-28T04:34:09.376-0600: 448682.486: [Unloading, 0.1175272 secs], 0.4936180 secs]
 [Times: user=0.99 sys=0.00, real=0.49 secs] 
2022-09-28T04:34:09.502-0600: 448682.613: [GC cleanup 3587M->3587M(14336M), 0.0077606 secs]
 [Times: user=0.03 sys=0.00, real=0.01 secs] 
2022-09-28T04:35:48.133-0600: 448781.244: [GC pause (G1 Evacuation Pause) (young), 0.0426806 secs]
   [Parallel Time: 18.2 ms, GC Workers: 8]
      [GC Worker Start (ms): Min: 448781243.9, Avg: 448781250.6, Max: 448781255.2, Diff: 11.2]
      [Ext Root Scanning (ms): Min: 0.0, Avg: 0.7, Max: 3.2, Diff: 3.2, Sum: 6.0]
      [Update RS (ms): Min: 0.0, Avg: 1.2, Max: 3.4, Diff: 3.4, Sum: 9.6]
         [Processed Buffers: Min: 0, Avg: 6.2, Max: 20, Diff: 20, Sum: 50]
      [Scan RS (ms): Min: 0.0, Avg: 0.0, Max: 0.1, Diff: 0.1, Sum: 0.2]
      [Code Root Scanning (ms): Min: 0.0, Avg: 0.0, Max: 0.0, Diff: 0.0, Sum: 0.0]
      [Object Copy (ms): Min: 0.0, Avg: 1.1, Max: 2.6, Diff: 2.6, Sum: 9.0]
      [Termination (ms): Min: 0.0, Avg: 1.6, Max: 2.3, Diff: 2.3, Sum: 12.6]
         [Termination Attempts: Min: 1, Avg: 5.6, Max: 17, Diff: 16, Sum: 45]
      [GC Worker Other (ms): Min: 0.0, Avg: 0.0, Max: 0.0, Diff: 0.0, Sum: 0.0]
      [GC Worker Total (ms): Min: 0.0, Avg: 4.7, Max: 11.3, Diff: 11.3, Sum: 37.4]
      [GC Worker End (ms): Min: 448781255.2, Avg: 448781255.2, Max: 448781255.3, Diff: 0.1]
   [Code Root Fixup: 0.0 ms]
   [Code Root Purge: 0.0 ms]
   [Clear CT: 0.5 ms]
   [Other: 24.0 ms]
      [Choose CSet: 0.0 ms]
      [Ref Proc: 23.6 ms]
      [Ref Enq: 0.1 ms]
      [Redirty Cards: 0.1 ms]
      [Humongous Register: 0.0 ms]
      [Humongous Reclaim: 0.0 ms]
      [Free CSet: 0.1 ms]
   [Eden: 7152.0M(7152.0M)->0.0B(5712.0M) Survivors: 16384.0K->16384.0K Heap: 10643.1M(14336.0M)->3488.1M(14336.0M)]
 [Times: user=0.13 sys=0.00, real=0.04 secs] 
2022-09-28T04:37:08.830-0600: 448861.941: [GC pause (G1 Evacuation Pause) (mixed), 0.0792090 secs]
   [Parallel Time: 29.0 ms, GC Workers: 8]
      [GC Worker Start (ms): Min: 448861941.0, Avg: 448861963.3, Max: 448861969.9, Diff: 28.8]
      [Ext Root Scanning (ms): Min: 0.0, Avg: 0.7, Max: 5.6, Diff: 5.6, Sum: 5.7]
      [Update RS (ms): Min: 0.0, Avg: 0.8, Max: 6.0, Diff: 6.0, Sum: 6.0]
         [Processed Buffers: Min: 0, Avg: 5.0, Max: 40, Diff: 40, Sum: 40]
      [Scan RS (ms): Min: 0.0, Avg: 0.5, Max: 2.0, Diff: 2.0, Sum: 3.7]
      [Code Root Scanning (ms): Min: 0.0, Avg: 0.0, Max: 0.0, Diff: 0.0, Sum: 0.0]
      [Object Copy (ms): Min: 0.0, Avg: 1.2, Max: 5.1, Diff: 5.1, Sum: 9.9]
      [Termination (ms): Min: 0.0, Avg: 3.4, Max: 10.1, Diff: 10.1, Sum: 27.5]
         [Termination Attempts: Min: 1, Avg: 5.9, Max: 40, Diff: 39, Sum: 47]
      [GC Worker Other (ms): Min: 0.0, Avg: 0.0, Max: 0.0, Diff: 0.0, Sum: 0.0]
      [GC Worker Total (ms): Min: 0.0, Avg: 6.6, Max: 28.8, Diff: 28.8, Sum: 52.8]
      [GC Worker End (ms): Min: 448861969.9, Avg: 448861969.9, Max: 448861970.0, Diff: 0.1]
   [Code Root Fixup: 0.0 ms]
   [Code Root Purge: 0.0 ms]
   [Clear CT: 0.7 ms]
   [Other: 49.5 ms]
      [Choose CSet: 0.0 ms]
      [Ref Proc: 49.1 ms]
      [Ref Enq: 0.1 ms]
      [Redirty Cards: 0.1 ms]
      [Humongous Register: 0.0 ms]
      [Humongous Reclaim: 0.0 ms]
      [Free CSet: 0.1 ms]
   [Eden: 5712.0M(5712.0M)->0.0B(7152.0M) Survivors: 16384.0K->16384.0K Heap: 9200.1M(14336.0M)->3476.0M(14336.0M)]
 [Times: user=0.21 sys=0.00, real=0.08 secs] 
2022-09-28T04:38:48.580-0600: 448961.691: [GC pause (G1 Evacuation Pause) (young), 0.4819754 secs]
   [Parallel Time: 385.5 ms, GC Workers: 8]
      [GC Worker Start (ms): Min: 448962013.7, Avg: 448962033.8, Max: 448962040.1, Diff: 26.4]
      [Ext Root Scanning (ms): Min: 0.0, Avg: 0.8, Max: 6.7, Diff: 6.7, Sum: 6.7]
      [Update RS (ms): Min: 0.0, Avg: 7.1, Max: 55.7, Diff: 55.7, Sum: 56.8]
         [Processed Buffers: Min: 0, Avg: 8.9, Max: 49, Diff: 49, Sum: 71]
      [Scan RS (ms): Min: 0.0, Avg: 0.0, Max: 0.1, Diff: 0.1, Sum: 0.2]
      [Code Root Scanning (ms): Min: 0.0, Avg: 0.0, Max: 0.0, Diff: 0.0, Sum: 0.0]
      [Object Copy (ms): Min: 0.0, Avg: 1.9, Max: 3.9, Diff: 3.9, Sum: 14.9]
      [Termination (ms): Min: 0.0, Avg: 33.0, Max: 38.3, Diff: 38.3, Sum: 264.3]
         [Termination Attempts: Min: 1, Avg: 39.8, Max: 69, Diff: 68, Sum: 318]
      [GC Worker Other (ms): Min: 0.0, Avg: 0.0, Max: 0.0, Diff: 0.0, Sum: 0.0]
      [GC Worker Total (ms): Min: 36.5, Avg: 42.9, Max: 62.9, Diff: 26.4, Sum: 342.9]
      [GC Worker End (ms): Min: 448962076.6, Avg: 448962076.7, Max: 448962076.8, Diff: 0.2]
   [Code Root Fixup: 0.0 ms]
   [Code Root Purge: 0.0 ms]
   [Clear CT: 1.0 ms]
   [Other: 95.5 ms]
      [Choose CSet: 0.0 ms]
      [Ref Proc: 95.0 ms]
      [Ref Enq: 0.1 ms]
      [Redirty Cards: 0.0 ms]
      [Humongous Register: 0.0 ms]
      [Humongous Reclaim: 0.0 ms]
      [Free CSet: 0.1 ms]
   [Eden: 7152.0M(7152.0M)->0.0B(5712.0M) Survivors: 16384.0K->16384.0K Heap: 10628.0M(14336.0M)->3477.6M(14336.0M)]
 [Times: user=0.63 sys=0.00, real=0.48 secs] 
2022-09-28T04:40:09.095-0600: 449042.206: [GC pause (G1 Evacuation Pause) (young) (initial-mark), 0.0469597 secs]
   [Parallel Time: 20.3 ms, GC Workers: 8]
      [GC Worker Start (ms): Min: 449042207.3, Avg: 449042210.8, Max: 449042211.8, Diff: 4.6]
      [Ext Root Scanning (ms): Min: 1.4, Avg: 7.2, Max: 13.6, Diff: 12.2, Sum: 57.8]
      [Update RS (ms): Min: 0.0, Avg: 1.1, Max: 3.7, Diff: 3.7, Sum: 9.0]
         [Processed Buffers: Min: 0, Avg: 5.4, Max: 14, Diff: 14, Sum: 43]
      [Scan RS (ms): Min: 0.0, Avg: 0.0, Max: 0.1, Diff: 0.1, Sum: 0.2]
      [Code Root Scanning (ms): Min: 0.0, Avg: 0.3, Max: 2.2, Diff: 2.2, Sum: 2.2]
      [Object Copy (ms): Min: 0.0, Avg: 3.0, Max: 4.6, Diff: 4.6, Sum: 23.6]
      [Termination (ms): Min: 0.0, Avg: 3.1, Max: 4.2, Diff: 4.2, Sum: 25.0]
         [Termination Attempts: Min: 1, Avg: 5.1, Max: 12, Diff: 11, Sum: 41]
      [GC Worker Other (ms): Min: 0.0, Avg: 0.0, Max: 0.0, Diff: 0.0, Sum: 0.1]
      [GC Worker Total (ms): Min: 13.7, Avg: 14.7, Max: 18.3, Diff: 4.6, Sum: 117.9]
      [GC Worker End (ms): Min: 449042225.5, Avg: 449042225.6, Max: 449042225.7, Diff: 0.3]
   [Code Root Fixup: 0.0 ms]
   [Code Root Purge: 0.0 ms]
   [Clear CT: 0.6 ms]
   [Other: 26.0 ms]
      [Choose CSet: 0.0 ms]
      [Ref Proc: 25.6 ms]
      [Ref Enq: 0.1 ms]
      [Redirty Cards: 0.1 ms]
      [Humongous Register: 0.0 ms]
      [Humongous Reclaim: 0.0 ms]
      [Free CSet: 0.1 ms]
   [Eden: 5712.0M(5712.0M)->0.0B(5712.0M) Survivors: 16384.0K->16384.0K Heap: 9189.6M(14336.0M)->3481.0M(14336.0M)]
 [Times: user=0.15 sys=0.00, real=0.05 secs] 
2022-09-28T04:40:09.142-0600: 449042.253: [GC concurrent-root-region-scan-start]
2022-09-28T04:40:09.149-0600: 449042.260: [GC concurrent-root-region-scan-end, 0.0069390 secs]
2022-09-28T04:40:09.149-0600: 449042.260: [GC concurrent-mark-start]
2022-09-28T04:40:10.530-0600: 449043.641: [GC concurrent-mark-end, 1.3818693 secs]
2022-09-28T04:40:10.531-0600: 449043.642: [GC remark 2022-09-28T04:40:10.531-0600: 449043.642: [Finalize Marking, 0.3609656 secs] 2022-09-28T04:40:10.892-0600: 449044.003: [GC ref-proc, 0.1255147 secs] 2022-09-28T04:40:11.017-0600: 449044.128: [Unloading, 0.0946583 secs], 0.5852902 secs]
 [Times: user=2.12 sys=0.00, real=0.58 secs] 
2022-09-28T04:40:11.116-0600: 449044.227: [GC cleanup 3609M->3609M(14336M), 0.0062270 secs]
 [Times: user=0.01 sys=0.00, real=0.01 secs] 
2022-09-28T04:41:29.329-0600: 449122.440: [GC pause (G1 Evacuation Pause) (young), 0.0447422 secs]
   [Parallel Time: 15.5 ms, GC Workers: 8]
      [GC Worker Start (ms): Min: 449122440.3, Avg: 449122446.3, Max: 449122455.2, Diff: 15.0]
      [Ext Root Scanning (ms): Min: 0.0, Avg: 1.7, Max: 5.3, Diff: 5.3, Sum: 13.9]
      [Update RS (ms): Min: 0.0, Avg: 4.0, Max: 10.4, Diff: 10.4, Sum: 31.9]
         [Processed Buffers: Min: 0, Avg: 6.4, Max: 19, Diff: 19, Sum: 51]
      [Scan RS (ms): Min: 0.0, Avg: 0.1, Max: 0.1, Diff: 0.1, Sum: 0.5]
      [Code Root Scanning (ms): Min: 0.0, Avg: 0.0, Max: 0.0, Diff: 0.0, Sum: 0.0]
      [Object Copy (ms): Min: 0.0, Avg: 2.2, Max: 3.7, Diff: 3.7, Sum: 17.8]
      [Termination (ms): Min: 0.0, Avg: 1.2, Max: 2.0, Diff: 2.0, Sum: 9.8]
         [Termination Attempts: Min: 1, Avg: 4.8, Max: 9, Diff: 8, Sum: 38]
      [GC Worker Other (ms): Min: 0.0, Avg: 0.0, Max: 0.0, Diff: 0.0, Sum: 0.1]
      [GC Worker Total (ms): Min: 0.3, Avg: 9.2, Max: 15.4, Diff: 15.1, Sum: 73.9]
      [GC Worker End (ms): Min: 449122455.4, Avg: 449122455.5, Max: 449122455.7, Diff: 0.2]
   [Code Root Fixup: 0.0 ms]
   [Code Root Purge: 0.0 ms]
   [Clear CT: 0.8 ms]
   [Other: 28.4 ms]
      [Choose CSet: 0.0 ms]
      [Ref Proc: 27.9 ms]
      [Ref Enq: 0.2 ms]
      [Redirty Cards: 0.1 ms]
      [Humongous Register: 0.0 ms]
      [Humongous Reclaim: 0.0 ms]
      [Free CSet: 0.1 ms]
   [Eden: 5712.0M(5712.0M)->0.0B(7152.0M) Survivors: 16384.0K->16384.0K Heap: 9193.0M(14336.0M)->3478.7M(14336.0M)]
 [Times: user=0.16 sys=0.00, real=0.04 secs] 
2022-09-28T04:43:06.333-0600: 449219.444: [GC pause (G1 Evacuation Pause) (young), 0.2741005 secs]
   [Parallel Time: 146.4 ms, GC Workers: 8]
      [GC Worker Start (ms): Min: 449219444.1, Avg: 449219480.6, Max: 449219590.1, Diff: 146.1]
      [Ext Root Scanning (ms): Min: 0.0, Avg: 1.3, Max: 3.1, Diff: 3.1, Sum: 10.5]
      [Update RS (ms): Min: 0.0, Avg: 1.2, Max: 2.2, Diff: 2.2, Sum: 9.3]
         [Processed Buffers: Min: 0, Avg: 5.6, Max: 12, Diff: 12, Sum: 45]
      [Scan RS (ms): Min: 0.0, Avg: 0.0, Max: 0.1, Diff: 0.0, Sum: 0.2]
      [Code Root Scanning (ms): Min: 0.0, Avg: 0.0, Max: 0.0, Diff: 0.0, Sum: 0.0]
      [Object Copy (ms): Min: 0.0, Avg: 1.6, Max: 2.2, Diff: 2.2, Sum: 12.6]
      [Termination (ms): Min: 0.0, Avg: 105.5, Max: 140.7, Diff: 140.7, Sum: 843.9]
         [Termination Attempts: Min: 1, Avg: 5.5, Max: 12, Diff: 11, Sum: 44]
      [GC Worker Other (ms): Min: 0.0, Avg: 0.0, Max: 0.0, Diff: 0.0, Sum: 0.0]
      [GC Worker Total (ms): Min: 0.0, Avg: 109.6, Max: 146.2, Diff: 146.1, Sum: 876.6]
      [GC Worker End (ms): Min: 449219590.1, Avg: 449219590.2, Max: 449219590.2, Diff: 0.1]
   [Code Root Fixup: 0.0 ms]
   [Code Root Purge: 0.0 ms]
   [Clear CT: 0.8 ms]
   [Other: 126.9 ms]
      [Choose CSet: 0.0 ms]
      [Ref Proc: 126.5 ms]
      [Ref Enq: 0.1 ms]
      [Redirty Cards: 0.1 ms]
      [Humongous Register: 0.0 ms]
      [Humongous Reclaim: 0.0 ms]
      [Free CSet: 0.1 ms]
   [Eden: 7152.0M(7152.0M)->0.0B(7152.0M) Survivors: 16384.0K->16384.0K Heap: 10630.7M(14336.0M)->3480.6M(14336.0M)]
 [Times: user=1.01 sys=0.00, real=0.27 secs] 
2022-09-28T04:44:43.931-0600: 449317.042: [GC pause (G1 Evacuation Pause) (young) (initial-mark), 0.1075911 secs]
   [Parallel Time: 14.1 ms, GC Workers: 8]
      [GC Worker Start (ms): Min: 449317043.3, Avg: 449317046.8, Max: 449317047.7, Diff: 4.4]
      [Ext Root Scanning (ms): Min: 2.3, Avg: 5.3, Max: 9.1, Diff: 6.8, Sum: 42.1]
      [Update RS (ms): Min: 0.0, Avg: 1.1, Max: 2.3, Diff: 2.3, Sum: 9.0]
         [Processed Buffers: Min: 0, Avg: 5.4, Max: 19, Diff: 19, Sum: 43]
      [Scan RS (ms): Min: 0.0, Avg: 0.0, Max: 0.1, Diff: 0.1, Sum: 0.3]
      [Code Root Scanning (ms): Min: 0.0, Avg: 0.0, Max: 0.0, Diff: 0.0, Sum: 0.0]
      [Object Copy (ms): Min: 0.0, Avg: 1.5, Max: 2.2, Diff: 2.2, Sum: 12.0]
      [Termination (ms): Min: 0.0, Avg: 1.2, Max: 1.7, Diff: 1.7, Sum: 9.7]
         [Termination Attempts: Min: 1, Avg: 1.1, Max: 2, Diff: 1, Sum: 9]
      [GC Worker Other (ms): Min: 0.0, Avg: 0.0, Max: 0.0, Diff: 0.0, Sum: 0.1]
      [GC Worker Total (ms): Min: 8.2, Avg: 9.1, Max: 12.6, Diff: 4.4, Sum: 73.1]
      [GC Worker End (ms): Min: 449317055.9, Avg: 449317055.9, Max: 449317056.0, Diff: 0.1]
   [Code Root Fixup: 0.0 ms]
   [Code Root Purge: 0.0 ms]
   [Clear CT: 0.9 ms]
   [Other: 92.6 ms]
      [Choose CSet: 0.0 ms]
      [Ref Proc: 92.2 ms]
      [Ref Enq: 0.1 ms]
      [Redirty Cards: 0.1 ms]
      [Humongous Register: 0.0 ms]
      [Humongous Reclaim: 0.0 ms]
      [Free CSet: 0.1 ms]
   [Eden: 7152.0M(7152.0M)->0.0B(7152.0M) Survivors: 16384.0K->16384.0K Heap: 10632.6M(14336.0M)->3484.0M(14336.0M)]
 [Times: user=0.58 sys=0.00, real=0.10 secs] 
2022-09-28T04:44:44.039-0600: 449317.150: [GC concurrent-root-region-scan-start]
2022-09-28T04:44:44.045-0600: 449317.156: [GC concurrent-root-region-scan-end, 0.0066312 secs]
2022-09-28T04:44:44.045-0600: 449317.156: [GC concurrent-mark-start]
2022-09-28T04:44:45.358-0600: 449318.469: [GC concurrent-mark-end, 1.3125061 secs]
2022-09-28T04:44:45.358-0600: 449318.469: [GC remark 2022-09-28T04:44:45.358-0600: 449318.469: [Finalize Marking, 0.0023749 secs] 2022-09-28T04:44:45.360-0600: 449318.471: [GC ref-proc, 0.0383134 secs] 2022-09-28T04:44:45.399-0600: 449318.510: [Unloading, 0.0246354 secs], 0.0692621 secs]
 [Times: user=0.30 sys=0.00, real=0.07 secs] 
2022-09-28T04:44:45.427-0600: 449318.538: [GC cleanup 3592M->3592M(14336M), 0.0086630 secs]
 [Times: user=0.03 sys=0.00, real=0.01 secs] 
2022-09-28T04:46:22.599-0600: 449415.710: [GC pause (G1 Evacuation Pause) (young), 0.0307907 secs]
   [Parallel Time: 5.3 ms, GC Workers: 8]
      [GC Worker Start (ms): Min: 449415709.9, Avg: 449415710.3, Max: 449415711.2, Diff: 1.3]
      [Ext Root Scanning (ms): Min: 0.2, Avg: 1.3, Max: 3.3, Diff: 3.0, Sum: 10.5]
      [Update RS (ms): Min: 0.0, Avg: 1.3, Max: 1.9, Diff: 1.9, Sum: 10.2]
         [Processed Buffers: Min: 0, Avg: 6.6, Max: 14, Diff: 14, Sum: 53]
      [Scan RS (ms): Min: 0.0, Avg: 0.0, Max: 0.1, Diff: 0.1, Sum: 0.2]
      [Code Root Scanning (ms): Min: 0.0, Avg: 0.0, Max: 0.0, Diff: 0.0, Sum: 0.0]
      [Object Copy (ms): Min: 1.2, Avg: 1.7, Max: 3.9, Diff: 2.7, Sum: 13.3]
      [Termination (ms): Min: 0.0, Avg: 0.5, Max: 0.6, Diff: 0.6, Sum: 4.3]
         [Termination Attempts: Min: 1, Avg: 5.0, Max: 11, Diff: 10, Sum: 40]
      [GC Worker Other (ms): Min: 0.0, Avg: 0.0, Max: 0.0, Diff: 0.0, Sum: 0.0]
      [GC Worker Total (ms): Min: 3.9, Avg: 4.8, Max: 5.2, Diff: 1.3, Sum: 38.6]
      [GC Worker End (ms): Min: 449415715.1, Avg: 449415715.1, Max: 449415715.1, Diff: 0.0]
   [Code Root Fixup: 0.0 ms]
   [Code Root Purge: 0.0 ms]
   [Clear CT: 0.8 ms]
   [Other: 24.7 ms]
      [Choose CSet: 0.0 ms]
      [Ref Proc: 24.4 ms]
      [Ref Enq: 0.1 ms]
      [Redirty Cards: 0.0 ms]
      [Humongous Register: 0.0 ms]
      [Humongous Reclaim: 0.0 ms]
      [Free CSet: 0.1 ms]
   [Eden: 7152.0M(7152.0M)->0.0B(7152.0M) Survivors: 16384.0K->16384.0K Heap: 10636.0M(14336.0M)->3483.9M(14336.0M)]
 [Times: user=0.11 sys=0.00, real=0.04 secs] 
2022-09-28T04:48:00.287-0600: 449513.398: [GC pause (G1 Evacuation Pause) (young), 0.0376019 secs]
   [Parallel Time: 13.1 ms, GC Workers: 8]
      [GC Worker Start (ms): Min: 449513398.4, Avg: 449513402.4, Max: 449513407.3, Diff: 8.8]
      [Ext Root Scanning (ms): Min: 0.0, Avg: 0.7, Max: 3.1, Diff: 3.1, Sum: 6.0]
      [Update RS (ms): Min: 0.0, Avg: 3.6, Max: 9.6, Diff: 9.6, Sum: 29.0]
         [Processed Buffers: Min: 0, Avg: 5.8, Max: 11, Diff: 11, Sum: 46]
      [Scan RS (ms): Min: 0.0, Avg: 0.0, Max: 0.1, Diff: 0.1, Sum: 0.2]
      [Code Root Scanning (ms): Min: 0.0, Avg: 0.0, Max: 0.0, Diff: 0.0, Sum: 0.0]
      [Object Copy (ms): Min: 0.0, Avg: 2.3, Max: 5.3, Diff: 5.3, Sum: 18.5]
      [Termination (ms): Min: 0.0, Avg: 2.3, Max: 2.8, Diff: 2.8, Sum: 18.1]
         [Termination Attempts: Min: 1, Avg: 4.0, Max: 7, Diff: 6, Sum: 32]
      [GC Worker Other (ms): Min: 0.0, Avg: 0.0, Max: 0.0, Diff: 0.0, Sum: 0.1]
      [GC Worker Total (ms): Min: 4.2, Avg: 9.0, Max: 13.0, Diff: 8.8, Sum: 71.9]
      [GC Worker End (ms): Min: 449513411.2, Avg: 449513411.4, Max: 449513411.5, Diff: 0.3]
   [Code Root Fixup: 0.0 ms]
   [Code Root Purge: 0.0 ms]
   [Clear CT: 0.6 ms]
   [Other: 23.9 ms]
      [Choose CSet: 0.0 ms]
      [Ref Proc: 23.5 ms]
      [Ref Enq: 0.1 ms]
      [Redirty Cards: 0.1 ms]
      [Humongous Register: 0.0 ms]
      [Humongous Reclaim: 0.0 ms]
      [Free CSet: 0.1 ms]
   [Eden: 7152.0M(7152.0M)->0.0B(7152.0M) Survivors: 16384.0K->16384.0K Heap: 10635.9M(14336.0M)->3484.5M(14336.0M)]
 [Times: user=0.13 sys=0.00, real=0.04 secs] 
2022-09-28T04:49:38.231-0600: 449611.341: [GC pause (G1 Evacuation Pause) (young) (initial-mark), 0.1664594 secs]
   [Parallel Time: 149.2 ms, GC Workers: 8]
      [GC Worker Start (ms): Min: 449611413.3, Avg: 449611419.2, Max: 449611433.4, Diff: 20.0]
      [Ext Root Scanning (ms): Min: 2.3, Avg: 18.6, Max: 25.9, Diff: 23.6, Sum: 148.7]
      [Update RS (ms): Min: 0.0, Avg: 1.5, Max: 6.0, Diff: 6.0, Sum: 11.9]
         [Processed Buffers: Min: 0, Avg: 5.8, Max: 18, Diff: 18, Sum: 46]
      [Scan RS (ms): Min: 0.0, Avg: 0.0, Max: 0.1, Diff: 0.1, Sum: 0.2]
      [Code Root Scanning (ms): Min: 0.0, Avg: 0.0, Max: 0.0, Diff: 0.0, Sum: 0.0]
      [Object Copy (ms): Min: 0.0, Avg: 6.3, Max: 38.9, Diff: 38.9, Sum: 50.7]
      [Termination (ms): Min: 0.0, Avg: 30.9, Max: 35.7, Diff: 35.7, Sum: 247.0]
         [Termination Attempts: Min: 1, Avg: 2.8, Max: 11, Diff: 10, Sum: 22]
      [GC Worker Other (ms): Min: 0.0, Avg: 0.0, Max: 0.0, Diff: 0.0, Sum: 0.1]
      [GC Worker Total (ms): Min: 43.1, Avg: 57.3, Max: 63.4, Diff: 20.2, Sum: 458.6]
      [GC Worker End (ms): Min: 449611476.5, Avg: 449611476.6, Max: 449611476.7, Diff: 0.2]
   [Code Root Fixup: 0.0 ms]
   [Code Root Purge: 0.0 ms]
   [Clear CT: 0.6 ms]
   [Other: 16.6 ms]
      [Choose CSet: 0.0 ms]
      [Ref Proc: 16.2 ms]
      [Ref Enq: 0.1 ms]
      [Redirty Cards: 0.1 ms]
      [Humongous Register: 0.0 ms]
      [Humongous Reclaim: 0.0 ms]
      [Free CSet: 0.1 ms]
   [Eden: 7152.0M(7152.0M)->0.0B(7152.0M) Survivors: 16384.0K->16384.0K Heap: 10636.5M(14336.0M)->3487.8M(14336.0M)]
 [Times: user=0.37 sys=0.00, real=0.16 secs] 
2022-09-28T04:49:38.397-0600: 449611.508: [GC concurrent-root-region-scan-start]
2022-09-28T04:49:38.405-0600: 449611.516: [GC concurrent-root-region-scan-end, 0.0082328 secs]
2022-09-28T04:49:38.405-0600: 449611.516: [GC concurrent-mark-start]
2022-09-28T04:49:39.746-0600: 449612.857: [GC concurrent-mark-end, 1.3406287 secs]
2022-09-28T04:49:39.778-0600: 449612.889: [GC remark 2022-09-28T04:49:39.778-0600: 449612.889: [Finalize Marking, 0.0489604 secs] 2022-09-28T04:49:39.827-0600: 449612.938: [GC ref-proc, 0.0459929 secs] 2022-09-28T04:49:39.873-0600: 449612.984: [Unloading, 0.0337818 secs], 0.1332708 secs]
 [Times: user=0.28 sys=0.00, real=0.14 secs] 
2022-09-28T04:49:39.932-0600: 449613.043: [GC cleanup 3615M->3615M(14336M), 0.0073580 secs]
 [Times: user=0.02 sys=0.00, real=0.00 secs] 
2022-09-28T04:51:15.232-0600: 449708.343: [GC pause (G1 Evacuation Pause) (young), 0.0274221 secs]
   [Parallel Time: 5.9 ms, GC Workers: 8]
      [GC Worker Start (ms): Min: 449708343.5, Avg: 449708345.6, Max: 449708349.3, Diff: 5.8]
      [Ext Root Scanning (ms): Min: 0.0, Avg: 0.8, Max: 3.1, Diff: 3.1, Sum: 6.7]
      [Update RS (ms): Min: 0.0, Avg: 1.1, Max: 2.2, Diff: 2.2, Sum: 9.2]
         [Processed Buffers: Min: 0, Avg: 6.5, Max: 15, Diff: 15, Sum: 52]
      [Scan RS (ms): Min: 0.0, Avg: 0.0, Max: 0.1, Diff: 0.1, Sum: 0.2]
      [Code Root Scanning (ms): Min: 0.0, Avg: 0.0, Max: 0.0, Diff: 0.0, Sum: 0.0]
      [Object Copy (ms): Min: 0.0, Avg: 1.2, Max: 1.8, Diff: 1.8, Sum: 9.4]
      [Termination (ms): Min: 0.0, Avg: 0.5, Max: 0.7, Diff: 0.7, Sum: 3.8]
         [Termination Attempts: Min: 1, Avg: 4.9, Max: 10, Diff: 9, Sum: 39]
      [GC Worker Other (ms): Min: 0.0, Avg: 0.0, Max: 0.0, Diff: 0.0, Sum: 0.0]
      [GC Worker Total (ms): Min: 0.0, Avg: 3.7, Max: 5.9, Diff: 5.8, Sum: 29.3]
      [GC Worker End (ms): Min: 449708349.3, Avg: 449708349.3, Max: 449708349.3, Diff: 0.0]
   [Code Root Fixup: 0.0 ms]
   [Code Root Purge: 0.0 ms]
   [Clear CT: 0.7 ms]
   [Other: 20.8 ms]
      [Choose CSet: 0.0 ms]
      [Ref Proc: 20.3 ms]
      [Ref Enq: 0.1 ms]
      [Redirty Cards: 0.1 ms]
      [Humongous Register: 0.0 ms]
      [Humongous Reclaim: 0.0 ms]
      [Free CSet: 0.1 ms]
   [Eden: 7152.0M(7152.0M)->0.0B(7152.0M) Survivors: 16384.0K->16384.0K Heap: 10639.8M(14336.0M)->3485.8M(14336.0M)]
 [Times: user=0.12 sys=0.00, real=0.02 secs] 
2022-09-28T04:52:52.431-0600: 449805.542: [GC pause (G1 Evacuation Pause) (young), 0.0425541 secs]
   [Parallel Time: 8.3 ms, GC Workers: 8]
      [GC Worker Start (ms): Min: 449805542.0, Avg: 449805545.7, Max: 449805550.2, Diff: 8.2]
      [Ext Root Scanning (ms): Min: 0.0, Avg: 0.8, Max: 2.8, Diff: 2.8, Sum: 6.7]
      [Update RS (ms): Min: 0.0, Avg: 0.9, Max: 2.5, Diff: 2.5, Sum: 7.0]
         [Processed Buffers: Min: 0, Avg: 5.6, Max: 18, Diff: 18, Sum: 45]
      [Scan RS (ms): Min: 0.0, Avg: 0.0, Max: 0.1, Diff: 0.1, Sum: 0.2]
      [Code Root Scanning (ms): Min: 0.0, Avg: 0.0, Max: 0.0, Diff: 0.0, Sum: 0.0]
      [Object Copy (ms): Min: 0.0, Avg: 2.3, Max: 3.4, Diff: 3.4, Sum: 18.6]
      [Termination (ms): Min: 0.0, Avg: 0.4, Max: 0.6, Diff: 0.6, Sum: 3.3]
         [Termination Attempts: Min: 1, Avg: 11.2, Max: 22, Diff: 21, Sum: 90]
      [GC Worker Other (ms): Min: 0.0, Avg: 0.0, Max: 0.0, Diff: 0.0, Sum: 0.1]
      [GC Worker Total (ms): Min: 0.0, Avg: 4.5, Max: 8.2, Diff: 8.2, Sum: 35.8]
      [GC Worker End (ms): Min: 449805550.2, Avg: 449805550.2, Max: 449805550.2, Diff: 0.0]
   [Code Root Fixup: 0.0 ms]
   [Code Root Purge: 0.0 ms]
   [Clear CT: 0.9 ms]
   [Other: 33.4 ms]
      [Choose CSet: 0.0 ms]
      [Ref Proc: 33.0 ms]
      [Ref Enq: 0.1 ms]
      [Redirty Cards: 0.1 ms]
      [Humongous Register: 0.0 ms]
      [Humongous Reclaim: 0.0 ms]
      [Free CSet: 0.1 ms]
   [Eden: 7152.0M(7152.0M)->0.0B(7152.0M) Survivors: 16384.0K->16384.0K Heap: 10637.8M(14336.0M)->3487.1M(14336.0M)]
 [Times: user=0.14 sys=0.00, real=0.04 secs] 
2022-09-28T04:54:31.878-0600: 449904.989: [GC pause (G1 Evacuation Pause) (young) (initial-mark), 0.0625761 secs]
   [Parallel Time: 25.2 ms, GC Workers: 8]
      [GC Worker Start (ms): Min: 449904990.5, Avg: 449904996.6, Max: 449904997.5, Diff: 6.9]
      [Ext Root Scanning (ms): Min: 2.0, Avg: 11.3, Max: 22.9, Diff: 20.9, Sum: 90.1]
      [Update RS (ms): Min: 0.0, Avg: 0.9, Max: 3.6, Diff: 3.6, Sum: 7.1]
         [Processed Buffers: Min: 0, Avg: 5.5, Max: 24, Diff: 24, Sum: 44]
      [Scan RS (ms): Min: 0.0, Avg: 0.0, Max: 0.1, Diff: 0.1, Sum: 0.2]
      [Code Root Scanning (ms): Min: 0.0, Avg: 0.0, Max: 0.0, Diff: 0.0, Sum: 0.0]
      [Object Copy (ms): Min: 0.0, Avg: 0.9, Max: 3.4, Diff: 3.4, Sum: 7.4]
      [Termination (ms): Min: 0.0, Avg: 4.4, Max: 7.6, Diff: 7.6, Sum: 34.9]
         [Termination Attempts: Min: 1, Avg: 1.1, Max: 2, Diff: 1, Sum: 9]
      [GC Worker Other (ms): Min: 0.0, Avg: 0.0, Max: 0.0, Diff: 0.0, Sum: 0.0]
      [GC Worker Total (ms): Min: 16.5, Avg: 17.5, Max: 23.4, Diff: 6.9, Sum: 139.7]
      [GC Worker End (ms): Min: 449905014.0, Avg: 449905014.0, Max: 449905014.1, Diff: 0.2]
   [Code Root Fixup: 0.0 ms]
   [Code Root Purge: 0.0 ms]
   [Clear CT: 0.7 ms]
   [Other: 36.6 ms]
      [Choose CSet: 0.0 ms]
      [Ref Proc: 36.1 ms]
      [Ref Enq: 0.1 ms]
      [Redirty Cards: 0.1 ms]
      [Humongous Register: 0.0 ms]
      [Humongous Reclaim: 0.0 ms]
      [Free CSet: 0.2 ms]
   [Eden: 7152.0M(7152.0M)->0.0B(7152.0M) Survivors: 16384.0K->16384.0K Heap: 10639.1M(14336.0M)->3489.9M(14336.0M)]
 [Times: user=0.12 sys=0.00, real=0.07 secs] 
2022-09-28T04:54:31.941-0600: 449905.052: [GC concurrent-root-region-scan-start]
2022-09-28T04:54:31.997-0600: 449905.108: [GC concurrent-root-region-scan-end, 0.0564047 secs]
2022-09-28T04:54:31.997-0600: 449905.108: [GC concurrent-mark-start]
2022-09-28T04:54:33.326-0600: 449906.437: [GC concurrent-mark-end, 1.3282382 secs]
2022-09-28T04:54:33.326-0600: 449906.437: [GC remark 2022-09-28T04:54:33.326-0600: 449906.437: [Finalize Marking, 0.0028271 secs] 2022-09-28T04:54:33.329-0600: 449906.440: [GC ref-proc, 0.0483108 secs] 2022-09-28T04:54:33.377-0600: 449906.488: [Unloading, 0.0301564 secs], 0.0872790 secs]
 [Times: user=0.26 sys=0.00, real=0.09 secs] 
2022-09-28T04:54:33.413-0600: 449906.524: [GC cleanup 3633M->3633M(14336M), 0.0086078 secs]
 [Times: user=0.03 sys=0.00, real=0.01 secs] 
2022-09-28T04:56:12.683-0600: 450005.794: [GC pause (G1 Evacuation Pause) (young), 0.0318959 secs]
   [Parallel Time: 10.5 ms, GC Workers: 8]
      [GC Worker Start (ms): Min: 450005793.6, Avg: 450005798.5, Max: 450005802.5, Diff: 8.9]
      [Ext Root Scanning (ms): Min: 0.0, Avg: 0.9, Max: 3.1, Diff: 3.1, Sum: 6.9]
      [Update RS (ms): Min: 0.0, Avg: 1.8, Max: 7.7, Diff: 7.7, Sum: 14.2]
         [Processed Buffers: Min: 0, Avg: 6.1, Max: 19, Diff: 19, Sum: 49]
      [Scan RS (ms): Min: 0.0, Avg: 0.0, Max: 0.1, Diff: 0.1, Sum: 0.2]
      [Code Root Scanning (ms): Min: 0.0, Avg: 0.0, Max: 0.0, Diff: 0.0, Sum: 0.0]
      [Object Copy (ms): Min: 0.0, Avg: 1.2, Max: 2.5, Diff: 2.5, Sum: 9.7]
      [Termination (ms): Min: 0.0, Avg: 1.6, Max: 2.1, Diff: 2.1, Sum: 13.2]
         [Termination Attempts: Min: 1, Avg: 7.4, Max: 15, Diff: 14, Sum: 59]
      [GC Worker Other (ms): Min: 0.0, Avg: 0.0, Max: 0.0, Diff: 0.0, Sum: 0.0]
      [GC Worker Total (ms): Min: 1.5, Avg: 5.5, Max: 10.4, Diff: 8.9, Sum: 44.3]
      [GC Worker End (ms): Min: 450005803.9, Avg: 450005804.0, Max: 450005804.1, Diff: 0.2]
   [Code Root Fixup: 0.0 ms]
   [Code Root Purge: 0.0 ms]
   [Clear CT: 0.9 ms]
   [Other: 20.5 ms]
      [Choose CSet: 0.0 ms]
      [Ref Proc: 20.2 ms]
      [Ref Enq: 0.1 ms]
      [Redirty Cards: 0.1 ms]
      [Humongous Register: 0.0 ms]
      [Humongous Reclaim: 0.0 ms]
      [Free CSet: 0.1 ms]
   [Eden: 7152.0M(7152.0M)->0.0B(5712.0M) Survivors: 16384.0K->16384.0K Heap: 10641.9M(14336.0M)->3488.5M(14336.0M)]
 [Times: user=0.12 sys=0.00, real=0.03 secs] 
2022-09-28T04:57:32.333-0600: 450085.444: [GC pause (G1 Evacuation Pause) (mixed), 0.4221997 secs]
   [Parallel Time: 57.3 ms, GC Workers: 8]
      [GC Worker Start (ms): Min: 450085444.4, Avg: 450085466.2, Max: 450085501.3, Diff: 57.0]
      [Ext Root Scanning (ms): Min: 0.0, Avg: 1.0, Max: 3.4, Diff: 3.4, Sum: 8.3]
      [Update RS (ms): Min: 0.0, Avg: 1.0, Max: 2.2, Diff: 2.2, Sum: 7.7]
         [Processed Buffers: Min: 0, Avg: 5.8, Max: 13, Diff: 13, Sum: 46]
      [Scan RS (ms): Min: 0.0, Avg: 0.6, Max: 1.0, Diff: 1.0, Sum: 4.5]
      [Code Root Scanning (ms): Min: 0.0, Avg: 0.0, Max: 0.0, Diff: 0.0, Sum: 0.0]
      [Object Copy (ms): Min: 0.0, Avg: 1.5, Max: 3.2, Diff: 3.2, Sum: 12.0]
      [Termination (ms): Min: 0.0, Avg: 31.2, Max: 50.0, Diff: 50.0, Sum: 249.9]
         [Termination Attempts: Min: 1, Avg: 3.9, Max: 9, Diff: 8, Sum: 31]
      [GC Worker Other (ms): Min: 0.0, Avg: 0.0, Max: 0.0, Diff: 0.0, Sum: 0.1]
      [GC Worker Total (ms): Min: 0.0, Avg: 35.3, Max: 57.2, Diff: 57.2, Sum: 282.3]
      [GC Worker End (ms): Min: 450085501.4, Avg: 450085501.5, Max: 450085501.6, Diff: 0.2]
   [Code Root Fixup: 0.0 ms]
   [Code Root Purge: 0.0 ms]
   [Clear CT: 1.0 ms]
   [Other: 363.9 ms]
      [Choose CSet: 0.0 ms]
      [Ref Proc: 363.5 ms]
      [Ref Enq: 0.1 ms]
      [Redirty Cards: 0.1 ms]
      [Humongous Register: 0.0 ms]
      [Humongous Reclaim: 0.0 ms]
      [Free CSet: 0.1 ms]
   [Eden: 5712.0M(5712.0M)->0.0B(5712.0M) Survivors: 16384.0K->16384.0K Heap: 9200.5M(14336.0M)->3475.4M(14336.0M)]
 [Times: user=2.40 sys=0.00, real=0.42 secs] 
2022-09-28T04:58:50.483-0600: 450163.594: [GC pause (G1 Evacuation Pause) (young), 0.0777073 secs]
   [Parallel Time: 13.6 ms, GC Workers: 8]
      [GC Worker Start (ms): Min: 450163593.8, Avg: 450163600.0, Max: 450163604.6, Diff: 10.8]
      [Ext Root Scanning (ms): Min: 0.0, Avg: 0.8, Max: 3.0, Diff: 3.0, Sum: 6.7]
      [Update RS (ms): Min: 0.0, Avg: 1.9, Max: 5.0, Diff: 5.0, Sum: 15.3]
         [Processed Buffers: Min: 0, Avg: 9.2, Max: 27, Diff: 27, Sum: 74]
      [Scan RS (ms): Min: 0.0, Avg: 0.0, Max: 0.0, Diff: 0.0, Sum: 0.2]
      [Code Root Scanning (ms): Min: 0.0, Avg: 0.0, Max: 0.0, Diff: 0.0, Sum: 0.0]
      [Object Copy (ms): Min: 0.0, Avg: 1.8, Max: 5.3, Diff: 5.3, Sum: 14.0]
      [Termination (ms): Min: 0.0, Avg: 2.7, Max: 3.2, Diff: 3.2, Sum: 21.5]
         [Termination Attempts: Min: 1, Avg: 4.5, Max: 9, Diff: 8, Sum: 36]
      [GC Worker Other (ms): Min: 0.0, Avg: 0.0, Max: 0.0, Diff: 0.0, Sum: 0.0]
      [GC Worker Total (ms): Min: 2.7, Avg: 7.2, Max: 13.3, Diff: 10.6, Sum: 57.8]
      [GC Worker End (ms): Min: 450163607.1, Avg: 450163607.3, Max: 450163607.3, Diff: 0.2]
   [Code Root Fixup: 0.0 ms]
   [Code Root Purge: 0.0 ms]
   [Clear CT: 0.9 ms]
   [Other: 63.2 ms]
      [Choose CSet: 0.0 ms]
      [Ref Proc: 62.8 ms]
      [Ref Enq: 0.1 ms]
      [Redirty Cards: 0.1 ms]
      [Humongous Register: 0.0 ms]
      [Humongous Reclaim: 0.0 ms]
      [Free CSet: 0.1 ms]
   [Eden: 5712.0M(5712.0M)->0.0B(7152.0M) Survivors: 16384.0K->16384.0K Heap: 9187.4M(14336.0M)->3480.2M(14336.0M)]
 [Times: user=0.31 sys=0.00, real=0.08 secs] 
2022-09-28T05:00:30.415-0600: 450263.525: [GC pause (G1 Evacuation Pause) (young) (initial-mark), 0.0730563 secs]
   [Parallel Time: 14.4 ms, GC Workers: 8]
      [GC Worker Start (ms): Min: 450263526.8, Avg: 450263528.7, Max: 450263529.7, Diff: 2.9]
      [Ext Root Scanning (ms): Min: 2.3, Avg: 6.6, Max: 10.1, Diff: 7.7, Sum: 53.0]
      [Update RS (ms): Min: 0.0, Avg: 1.2, Max: 2.4, Diff: 2.4, Sum: 9.4]
         [Processed Buffers: Min: 0, Avg: 6.0, Max: 15, Diff: 15, Sum: 48]
      [Scan RS (ms): Min: 0.0, Avg: 0.0, Max: 0.1, Diff: 0.1, Sum: 0.2]
      [Code Root Scanning (ms): Min: 0.0, Avg: 0.0, Max: 0.0, Diff: 0.0, Sum: 0.0]
      [Object Copy (ms): Min: 0.0, Avg: 1.1, Max: 2.3, Diff: 2.3, Sum: 8.9]
      [Termination (ms): Min: 0.0, Avg: 2.2, Max: 3.3, Diff: 3.3, Sum: 17.4]
         [Termination Attempts: Min: 1, Avg: 8.6, Max: 25, Diff: 24, Sum: 69]
      [GC Worker Other (ms): Min: 0.0, Avg: 0.0, Max: 0.0, Diff: 0.0, Sum: 0.0]
      [GC Worker Total (ms): Min: 10.1, Avg: 11.1, Max: 13.0, Diff: 3.0, Sum: 88.9]
      [GC Worker End (ms): Min: 450263539.8, Avg: 450263539.8, Max: 450263539.9, Diff: 0.1]
   [Code Root Fixup: 0.0 ms]
   [Code Root Purge: 0.0 ms]
   [Clear CT: 0.8 ms]
   [Other: 57.8 ms]
      [Choose CSet: 0.0 ms]
      [Ref Proc: 57.3 ms]
      [Ref Enq: 0.1 ms]
      [Redirty Cards: 0.1 ms]
      [Humongous Register: 0.0 ms]
      [Humongous Reclaim: 0.0 ms]
      [Free CSet: 0.1 ms]
   [Eden: 7152.0M(7152.0M)->0.0B(7152.0M) Survivors: 16384.0K->16384.0K Heap: 10632.2M(14336.0M)->3478.7M(14336.0M)]
 [Times: user=0.14 sys=0.00, real=0.07 secs] 
2022-09-28T05:00:30.488-0600: 450263.599: [GC concurrent-root-region-scan-start]
2022-09-28T05:00:30.494-0600: 450263.605: [GC concurrent-root-region-scan-end, 0.0065659 secs]
2022-09-28T05:00:30.494-0600: 450263.605: [GC concurrent-mark-start]
2022-09-28T05:00:31.842-0600: 450264.953: [GC concurrent-mark-end, 1.3476274 secs]
2022-09-28T05:00:31.842-0600: 450264.953: [GC remark 2022-09-28T05:00:31.842-0600: 450264.953: [Finalize Marking, 0.0026373 secs] 2022-09-28T05:00:31.845-0600: 450264.956: [GC ref-proc, 0.0409832 secs] 2022-09-28T05:00:31.886-0600: 450264.997: [Unloading, 0.0278814 secs], 0.0758767 secs]
 [Times: user=0.27 sys=0.00, real=0.07 secs] 
2022-09-28T05:00:31.918-0600: 450265.029: [GC cleanup 3622M->3622M(14336M), 0.0101948 secs]
 [Times: user=0.02 sys=0.00, real=0.02 secs] 
2022-09-28T05:02:11.240-0600: 450364.351: [GC pause (G1 Evacuation Pause) (young), 0.1599874 secs]
   [Parallel Time: 116.1 ms, GC Workers: 8]
      [GC Worker Start (ms): Min: 450364352.7, Avg: 450364394.4, Max: 450364461.4, Diff: 108.7]
      [Ext Root Scanning (ms): Min: 0.0, Avg: 1.0, Max: 3.7, Diff: 3.7, Sum: 7.7]
      [Update RS (ms): Min: 0.0, Avg: 1.0, Max: 2.0, Diff: 2.0, Sum: 8.2]
         [Processed Buffers: Min: 0, Avg: 5.1, Max: 17, Diff: 17, Sum: 41]
      [Scan RS (ms): Min: 0.0, Avg: 0.0, Max: 0.1, Diff: 0.1, Sum: 0.2]
      [Code Root Scanning (ms): Min: 0.0, Avg: 0.0, Max: 0.0, Diff: 0.0, Sum: 0.0]
      [Object Copy (ms): Min: 0.0, Avg: 1.1, Max: 1.9, Diff: 1.9, Sum: 8.4]
      [Termination (ms): Min: 0.0, Avg: 64.6, Max: 107.4, Diff: 107.4, Sum: 517.2]
         [Termination Attempts: Min: 1, Avg: 2.9, Max: 7, Diff: 6, Sum: 23]
      [GC Worker Other (ms): Min: 0.0, Avg: 0.0, Max: 0.0, Diff: 0.0, Sum: 0.1]
      [GC Worker Total (ms): Min: 0.0, Avg: 67.7, Max: 113.8, Diff: 113.8, Sum: 541.8]
      [GC Worker End (ms): Min: 450364461.4, Avg: 450364462.1, Max: 450364466.5, Diff: 5.1]
   [Code Root Fixup: 0.0 ms]
   [Code Root Purge: 0.0 ms]
   [Clear CT: 1.0 ms]
   [Other: 43.0 ms]
      [Choose CSet: 0.0 ms]
      [Ref Proc: 42.5 ms]
      [Ref Enq: 0.1 ms]
      [Redirty Cards: 0.1 ms]
      [Humongous Register: 0.0 ms]
      [Humongous Reclaim: 0.0 ms]
      [Free CSet: 0.1 ms]
   [Eden: 7152.0M(7152.0M)->0.0B(7152.0M) Survivors: 16384.0K->16384.0K Heap: 10630.7M(14336.0M)->3478.2M(14336.0M)]
 [Times: user=0.70 sys=0.00, real=0.16 secs] 
2022-09-28T05:03:47.834-0600: 450460.945: [GC pause (G1 Evacuation Pause) (young), 0.1346683 secs]
   [Parallel Time: 112.6 ms, GC Workers: 8]
      [GC Worker Start (ms): Min: 450461051.1, Avg: 450461052.0, Max: 450461057.7, Diff: 6.5]
      [Ext Root Scanning (ms): Min: 0.0, Avg: 2.7, Max: 6.4, Diff: 6.4, Sum: 21.2]
      [Update RS (ms): Min: 0.0, Avg: 1.0, Max: 2.6, Diff: 2.6, Sum: 7.8]
         [Processed Buffers: Min: 0, Avg: 5.5, Max: 21, Diff: 21, Sum: 44]
      [Scan RS (ms): Min: 0.0, Avg: 0.0, Max: 0.1, Diff: 0.1, Sum: 0.2]
      [Code Root Scanning (ms): Min: 0.0, Avg: 0.0, Max: 0.0, Diff: 0.0, Sum: 0.0]
      [Object Copy (ms): Min: 0.0, Avg: 1.6, Max: 2.3, Diff: 2.3, Sum: 12.5]
      [Termination (ms): Min: 0.0, Avg: 0.5, Max: 0.6, Diff: 0.6, Sum: 3.7]
         [Termination Attempts: Min: 1, Avg: 3.6, Max: 7, Diff: 6, Sum: 29]
      [GC Worker Other (ms): Min: 0.0, Avg: 0.0, Max: 0.0, Diff: 0.0, Sum: 0.0]
      [GC Worker Total (ms): Min: 0.0, Avg: 5.7, Max: 6.6, Diff: 6.6, Sum: 45.6]
      [GC Worker End (ms): Min: 450461057.7, Avg: 450461057.7, Max: 450461057.7, Diff: 0.0]
   [Code Root Fixup: 0.0 ms]
   [Code Root Purge: 0.0 ms]
   [Clear CT: 0.6 ms]
   [Other: 21.4 ms]
      [Choose CSet: 0.0 ms]
      [Ref Proc: 21.0 ms]
      [Ref Enq: 0.1 ms]
      [Redirty Cards: 0.1 ms]
      [Humongous Register: 0.0 ms]
      [Humongous Reclaim: 0.0 ms]
      [Free CSet: 0.1 ms]
   [Eden: 7152.0M(7152.0M)->0.0B(7152.0M) Survivors: 16384.0K->16384.0K Heap: 10630.2M(14336.0M)->3482.3M(14336.0M)]
 [Times: user=0.12 sys=0.00, real=0.14 secs] 
2022-09-28T05:05:26.432-0600: 450559.543: [GC pause (G1 Evacuation Pause) (young) (initial-mark), 0.0415006 secs]
   [Parallel Time: 20.6 ms, GC Workers: 8]
      [GC Worker Start (ms): Min: 450559543.8, Avg: 450559547.9, Max: 450559553.1, Diff: 9.3]
      [Ext Root Scanning (ms): Min: 2.6, Avg: 10.6, Max: 15.5, Diff: 12.9, Sum: 84.9]
      [Update RS (ms): Min: 0.0, Avg: 1.2, Max: 2.9, Diff: 2.9, Sum: 9.5]
         [Processed Buffers: Min: 0, Avg: 5.5, Max: 18, Diff: 18, Sum: 44]
      [Scan RS (ms): Min: 0.0, Avg: 0.0, Max: 0.1, Diff: 0.1, Sum: 0.2]
      [Code Root Scanning (ms): Min: 0.0, Avg: 0.0, Max: 0.0, Diff: 0.0, Sum: 0.0]
      [Object Copy (ms): Min: 0.0, Avg: 2.0, Max: 3.5, Diff: 3.5, Sum: 16.4]
      [Termination (ms): Min: 0.0, Avg: 1.3, Max: 1.5, Diff: 1.5, Sum: 10.1]
         [Termination Attempts: Min: 1, Avg: 21.2, Max: 31, Diff: 30, Sum: 170]
      [GC Worker Other (ms): Min: 0.0, Avg: 0.0, Max: 0.0, Diff: 0.0, Sum: 0.1]
      [GC Worker Total (ms): Min: 9.9, Avg: 15.2, Max: 19.3, Diff: 9.4, Sum: 121.2]
      [GC Worker End (ms): Min: 450559563.0, Avg: 450559563.1, Max: 450559563.1, Diff: 0.1]
   [Code Root Fixup: 0.0 ms]
   [Code Root Purge: 0.0 ms]
   [Clear CT: 0.8 ms]
   [Other: 20.0 ms]
      [Choose CSet: 0.0 ms]
      [Ref Proc: 19.6 ms]
      [Ref Enq: 0.1 ms]
      [Redirty Cards: 0.1 ms]
      [Humongous Register: 0.0 ms]
      [Humongous Reclaim: 0.0 ms]
      [Free CSet: 0.1 ms]
   [Eden: 7152.0M(7152.0M)->0.0B(7152.0M) Survivors: 16384.0K->16384.0K Heap: 10634.3M(14336.0M)->3481.7M(14336.0M)]
 [Times: user=0.12 sys=0.00, real=0.04 secs] 
2022-09-28T05:05:26.473-0600: 450559.584: [GC concurrent-root-region-scan-start]
2022-09-28T05:05:26.480-0600: 450559.591: [GC concurrent-root-region-scan-end, 0.0070669 secs]
2022-09-28T05:05:26.480-0600: 450559.591: [GC concurrent-mark-start]
2022-09-28T05:05:27.800-0600: 450560.911: [GC concurrent-mark-end, 1.3194643 secs]
2022-09-28T05:05:27.800-0600: 450560.911: [GC remark 2022-09-28T05:05:27.800-0600: 450560.911: [Finalize Marking, 0.0890035 secs] 2022-09-28T05:05:27.889-0600: 450561.000: [GC ref-proc, 0.3675499 secs] 2022-09-28T05:05:28.256-0600: 450561.367: [Unloading, 0.0272020 secs], 0.4878483 secs]
 [Times: user=0.44 sys=0.00, real=0.49 secs] 
2022-09-28T05:05:28.288-0600: 450561.399: [GC cleanup 3593M->3593M(14336M), 0.0095362 secs]
 [Times: user=0.03 sys=0.00, real=0.01 secs] 
2022-09-28T05:07:06.784-0600: 450659.895: [GC pause (G1 Evacuation Pause) (young), 0.0418748 secs]
   [Parallel Time: 23.3 ms, GC Workers: 8]
      [GC Worker Start (ms): Min: 450659895.3, Avg: 450659901.6, Max: 450659906.6, Diff: 11.3]
      [Ext Root Scanning (ms): Min: 0.0, Avg: 0.8, Max: 3.5, Diff: 3.5, Sum: 6.7]
      [Update RS (ms): Min: 0.0, Avg: 3.2, Max: 19.0, Diff: 19.0, Sum: 25.6]
         [Processed Buffers: Min: 0, Avg: 6.6, Max: 14, Diff: 14, Sum: 53]
      [Scan RS (ms): Min: 0.0, Avg: 0.0, Max: 0.1, Diff: 0.1, Sum: 0.2]
      [Code Root Scanning (ms): Min: 0.0, Avg: 0.0, Max: 0.0, Diff: 0.0, Sum: 0.0]
      [Object Copy (ms): Min: 0.0, Avg: 1.2, Max: 2.4, Diff: 2.4, Sum: 10.0]
      [Termination (ms): Min: 0.0, Avg: 10.9, Max: 13.1, Diff: 13.1, Sum: 87.3]
         [Termination Attempts: Min: 1, Avg: 26.2, Max: 61, Diff: 60, Sum: 210]
      [GC Worker Other (ms): Min: 0.0, Avg: 0.0, Max: 0.0, Diff: 0.0, Sum: 0.0]
      [GC Worker Total (ms): Min: 11.3, Avg: 16.2, Max: 22.6, Diff: 11.3, Sum: 129.8]
      [GC Worker End (ms): Min: 450659917.8, Avg: 450659917.8, Max: 450659917.9, Diff: 0.1]
   [Code Root Fixup: 0.0 ms]
   [Code Root Purge: 0.0 ms]
   [Clear CT: 0.6 ms]
   [Other: 17.9 ms]
      [Choose CSet: 0.0 ms]
      [Ref Proc: 17.5 ms]
      [Ref Enq: 0.1 ms]
      [Redirty Cards: 0.1 ms]
      [Humongous Register: 0.0 ms]
      [Humongous Reclaim: 0.0 ms]
      [Free CSet: 0.1 ms]
   [Eden: 7152.0M(7152.0M)->0.0B(7152.0M) Survivors: 16384.0K->16384.0K Heap: 10633.7M(14336.0M)->3482.7M(14336.0M)]
 [Times: user=0.15 sys=0.00, real=0.04 secs] 
2022-09-28T05:08:45.582-0600: 450758.693: [GC pause (G1 Evacuation Pause) (young), 0.2762312 secs]
   [Parallel Time: 7.1 ms, GC Workers: 8]
      [GC Worker Start (ms): Min: 450758692.8, Avg: 450758695.7, Max: 450758699.8, Diff: 7.0]
      [Ext Root Scanning (ms): Min: 0.0, Avg: 0.8, Max: 3.0, Diff: 3.0, Sum: 6.8]
      [Update RS (ms): Min: 0.0, Avg: 1.1, Max: 2.3, Diff: 2.3, Sum: 8.8]
         [Processed Buffers: Min: 0, Avg: 5.8, Max: 14, Diff: 14, Sum: 46]
      [Scan RS (ms): Min: 0.0, Avg: 0.0, Max: 0.1, Diff: 0.1, Sum: 0.2]
      [Code Root Scanning (ms): Min: 0.0, Avg: 0.0, Max: 0.0, Diff: 0.0, Sum: 0.0]
      [Object Copy (ms): Min: 0.0, Avg: 1.2, Max: 2.1, Diff: 2.1, Sum: 9.6]
      [Termination (ms): Min: 0.0, Avg: 0.9, Max: 1.2, Diff: 1.2, Sum: 7.3]
         [Termination Attempts: Min: 1, Avg: 3.2, Max: 8, Diff: 7, Sum: 26]
      [GC Worker Other (ms): Min: 0.0, Avg: 0.0, Max: 0.0, Diff: 0.0, Sum: 0.0]
      [GC Worker Total (ms): Min: 0.0, Avg: 4.1, Max: 7.0, Diff: 7.0, Sum: 32.9]
      [GC Worker End (ms): Min: 450758699.8, Avg: 450758699.8, Max: 450758699.8, Diff: 0.0]
   [Code Root Fixup: 0.0 ms]
   [Code Root Purge: 0.0 ms]
   [Clear CT: 1.0 ms]
   [Other: 268.1 ms]
      [Choose CSet: 0.0 ms]
      [Ref Proc: 267.7 ms]
      [Ref Enq: 0.1 ms]
      [Redirty Cards: 0.1 ms]
      [Humongous Register: 0.0 ms]
      [Humongous Reclaim: 0.0 ms]
      [Free CSet: 0.1 ms]
   [Eden: 7152.0M(7152.0M)->0.0B(7152.0M) Survivors: 16384.0K->16384.0K Heap: 10634.7M(14336.0M)->3483.5M(14336.0M)]
 [Times: user=1.36 sys=0.00, real=0.27 secs] 
2022-09-28T05:10:25.228-0600: 450858.339: [GC pause (G1 Evacuation Pause) (young) (initial-mark), 0.2894741 secs]
   [Parallel Time: 165.4 ms, GC Workers: 8]
      [GC Worker Start (ms): Min: 450858340.5, Avg: 450858455.8, Max: 450858494.3, Diff: 153.8]
      [Ext Root Scanning (ms): Min: 2.5, Avg: 43.4, Max: 156.1, Diff: 153.7, Sum: 347.2]
      [Update RS (ms): Min: 0.0, Avg: 1.4, Max: 2.4, Diff: 2.4, Sum: 11.5]
         [Processed Buffers: Min: 0, Avg: 5.1, Max: 15, Diff: 15, Sum: 41]
      [Scan RS (ms): Min: 0.0, Avg: 0.0, Max: 0.1, Diff: 0.1, Sum: 0.3]
      [Code Root Scanning (ms): Min: 0.0, Avg: 0.0, Max: 0.0, Diff: 0.0, Sum: 0.0]
      [Object Copy (ms): Min: 0.0, Avg: 1.3, Max: 2.2, Diff: 2.2, Sum: 10.1]
      [Termination (ms): Min: 0.0, Avg: 2.6, Max: 3.5, Diff: 3.5, Sum: 21.0]
         [Termination Attempts: Min: 1, Avg: 8.1, Max: 19, Diff: 18, Sum: 65]
      [GC Worker Other (ms): Min: 0.0, Avg: 0.0, Max: 0.0, Diff: 0.0, Sum: 0.0]
      [GC Worker Total (ms): Min: 10.3, Avg: 48.8, Max: 164.1, Diff: 153.8, Sum: 390.2]
      [GC Worker End (ms): Min: 450858504.5, Avg: 450858504.6, Max: 450858504.6, Diff: 0.0]
   [Code Root Fixup: 0.0 ms]
   [Code Root Purge: 0.0 ms]
   [Clear CT: 0.8 ms]
   [Other: 123.3 ms]
      [Choose CSet: 0.0 ms]
      [Ref Proc: 122.9 ms]
      [Ref Enq: 0.1 ms]
      [Redirty Cards: 0.1 ms]
      [Humongous Register: 0.0 ms]
      [Humongous Reclaim: 0.0 ms]
      [Free CSet: 0.1 ms]
   [Eden: 7152.0M(7152.0M)->0.0B(5712.0M) Survivors: 16384.0K->16384.0K Heap: 10635.5M(14336.0M)->3487.2M(14336.0M)]
 [Times: user=0.41 sys=0.00, real=0.28 secs] 
2022-09-28T05:10:25.518-0600: 450858.629: [GC concurrent-root-region-scan-start]
2022-09-28T05:10:25.524-0600: 450858.635: [GC concurrent-root-region-scan-end, 0.0057832 secs]
2022-09-28T05:10:25.524-0600: 450858.635: [GC concurrent-mark-start]
2022-09-28T05:10:26.859-0600: 450859.970: [GC concurrent-mark-end, 1.3357903 secs]
2022-09-28T05:10:26.860-0600: 450859.971: [GC remark 2022-09-28T05:10:26.860-0600: 450859.971: [Finalize Marking, 0.0018657 secs] 2022-09-28T05:10:26.862-0600: 450859.972: [GC ref-proc, 0.0363708 secs] 2022-09-28T05:10:26.898-0600: 450860.009: [Unloading, 0.0262103 secs], 0.0774178 secs]
 [Times: user=0.26 sys=0.00, real=0.08 secs] 
2022-09-28T05:10:26.937-0600: 450860.048: [GC cleanup 3647M->3647M(14336M), 0.0292093 secs]
 [Times: user=0.05 sys=0.00, real=0.03 secs] 
2022-09-28T05:11:43.129-0600: 450936.240: [GC pause (G1 Evacuation Pause) (young), 0.4412870 secs]
   [Parallel Time: 352.0 ms, GC Workers: 8]
      [GC Worker Start (ms): Min: 450936239.9, Avg: 450936463.7, Max: 450936591.7, Diff: 351.8]
      [Ext Root Scanning (ms): Min: 0.0, Avg: 0.7, Max: 5.4, Diff: 5.4, Sum: 5.5]
      [Update RS (ms): Min: 0.0, Avg: 0.9, Max: 6.8, Diff: 6.8, Sum: 6.8]
         [Processed Buffers: Min: 0, Avg: 6.1, Max: 49, Diff: 49, Sum: 49]
      [Scan RS (ms): Min: 0.0, Avg: 0.0, Max: 0.1, Diff: 0.1, Sum: 0.1]
      [Code Root Scanning (ms): Min: 0.0, Avg: 0.0, Max: 0.0, Diff: 0.0, Sum: 0.0]
      [Object Copy (ms): Min: 0.0, Avg: 0.9, Max: 5.1, Diff: 5.1, Sum: 7.2]
      [Termination (ms): Min: 0.0, Avg: 125.6, Max: 334.5, Diff: 334.5, Sum: 1005.2]
         [Termination Attempts: Min: 1, Avg: 4.5, Max: 29, Diff: 28, Sum: 36]
      [GC Worker Other (ms): Min: 0.0, Avg: 0.0, Max: 0.0, Diff: 0.0, Sum: 0.0]
      [GC Worker Total (ms): Min: 0.0, Avg: 128.1, Max: 351.9, Diff: 351.9, Sum: 1024.9]
      [GC Worker End (ms): Min: 450936591.7, Avg: 450936591.8, Max: 450936591.8, Diff: 0.1]
   [Code Root Fixup: 0.0 ms]
   [Code Root Purge: 0.0 ms]
   [Clear CT: 3.4 ms]
   [Other: 85.9 ms]
      [Choose CSet: 0.0 ms]
      [Ref Proc: 85.5 ms]
      [Ref Enq: 0.1 ms]
      [Redirty Cards: 0.1 ms]
      [Humongous Register: 0.0 ms]
      [Humongous Reclaim: 0.0 ms]
      [Free CSet: 0.1 ms]
   [Eden: 5712.0M(5712.0M)->0.0B(5712.0M) Survivors: 16384.0K->16384.0K Heap: 9199.2M(14336.0M)->3485.1M(14336.0M)]
 [Times: user=1.14 sys=0.00, real=0.44 secs] 
2022-09-28T05:13:00.000-0600: 451013.111: [GC pause (G1 Evacuation Pause) (young), 0.1901530 secs]
   [Parallel Time: 14.6 ms, GC Workers: 8]
      [GC Worker Start (ms): Min: 451013110.6, Avg: 451013111.6, Max: 451013115.2, Diff: 4.6]
      [Ext Root Scanning (ms): Min: 0.0, Avg: 5.5, Max: 9.1, Diff: 9.1, Sum: 43.7]
      [Update RS (ms): Min: 0.0, Avg: 1.0, Max: 2.5, Diff: 2.5, Sum: 8.4]
         [Processed Buffers: Min: 0, Avg: 5.4, Max: 20, Diff: 20, Sum: 43]
      [Scan RS (ms): Min: 0.0, Avg: 0.0, Max: 0.1, Diff: 0.1, Sum: 0.1]
      [Code Root Scanning (ms): Min: 0.0, Avg: 0.0, Max: 0.0, Diff: 0.0, Sum: 0.0]
      [Object Copy (ms): Min: 0.0, Avg: 1.0, Max: 2.4, Diff: 2.4, Sum: 8.3]
      [Termination (ms): Min: 0.0, Avg: 1.2, Max: 1.6, Diff: 1.6, Sum: 9.6]
         [Termination Attempts: Min: 1, Avg: 1.8, Max: 3, Diff: 2, Sum: 14]
      [GC Worker Other (ms): Min: 0.0, Avg: 0.0, Max: 0.0, Diff: 0.0, Sum: 0.0]
      [GC Worker Total (ms): Min: 5.2, Avg: 8.8, Max: 9.8, Diff: 4.6, Sum: 70.1]
      [GC Worker End (ms): Min: 451013120.3, Avg: 451013120.4, Max: 451013120.4, Diff: 0.1]
   [Code Root Fixup: 0.0 ms]
   [Code Root Purge: 0.0 ms]
   [Clear CT: 0.7 ms]
   [Other: 174.9 ms]
      [Choose CSet: 0.0 ms]
      [Ref Proc: 174.5 ms]
      [Ref Enq: 0.1 ms]
      [Redirty Cards: 0.1 ms]
      [Humongous Register: 0.0 ms]
      [Humongous Reclaim: 0.0 ms]
      [Free CSet: 0.1 ms]
   [Eden: 5712.0M(5712.0M)->0.0B(5712.0M) Survivors: 16384.0K->16384.0K Heap: 9197.1M(14336.0M)->3486.6M(14336.0M)]
 [Times: user=0.18 sys=0.00, real=0.20 secs] 
2022-09-28T05:14:19.486-0600: 451092.597: [GC pause (G1 Evacuation Pause) (young) (initial-mark), 0.0452033 secs]
   [Parallel Time: 16.5 ms, GC Workers: 8]
      [GC Worker Start (ms): Min: 451092597.9, Avg: 451092599.6, Max: 451092600.5, Diff: 2.7]
      [Ext Root Scanning (ms): Min: 2.1, Avg: 8.3, Max: 12.2, Diff: 10.1, Sum: 66.2]
      [Update RS (ms): Min: 0.0, Avg: 1.2, Max: 4.1, Diff: 4.1, Sum: 9.4]
         [Processed Buffers: Min: 0, Avg: 5.4, Max: 20, Diff: 20, Sum: 43]
      [Scan RS (ms): Min: 0.0, Avg: 0.0, Max: 0.1, Diff: 0.1, Sum: 0.1]
      [Code Root Scanning (ms): Min: 0.0, Avg: 0.0, Max: 0.0, Diff: 0.0, Sum: 0.0]
      [Object Copy (ms): Min: 0.0, Avg: 1.3, Max: 3.0, Diff: 3.0, Sum: 10.7]
      [Termination (ms): Min: 0.0, Avg: 2.4, Max: 3.4, Diff: 3.4, Sum: 19.4]
         [Termination Attempts: Min: 1, Avg: 4.5, Max: 12, Diff: 11, Sum: 36]
      [GC Worker Other (ms): Min: 0.0, Avg: 0.0, Max: 0.0, Diff: 0.0, Sum: 0.1]
      [GC Worker Total (ms): Min: 12.2, Avg: 13.2, Max: 14.9, Diff: 2.7, Sum: 105.9]
      [GC Worker End (ms): Min: 451092612.7, Avg: 451092612.8, Max: 451092612.9, Diff: 0.2]
   [Code Root Fixup: 0.0 ms]
   [Code Root Purge: 0.0 ms]
   [Clear CT: 0.8 ms]
   [Other: 27.9 ms]
      [Choose CSet: 0.0 ms]
      [Ref Proc: 27.5 ms]
      [Ref Enq: 0.1 ms]
      [Redirty Cards: 0.1 ms]
      [Humongous Register: 0.0 ms]
      [Humongous Reclaim: 0.0 ms]
      [Free CSet: 0.1 ms]
   [Eden: 5712.0M(5712.0M)->0.0B(5712.0M) Survivors: 16384.0K->16384.0K Heap: 9198.6M(14336.0M)->3489.7M(14336.0M)]
 [Times: user=0.13 sys=0.00, real=0.05 secs] 
2022-09-28T05:14:19.531-0600: 451092.642: [GC concurrent-root-region-scan-start]
2022-09-28T05:14:19.536-0600: 451092.647: [GC concurrent-root-region-scan-end, 0.0052567 secs]
2022-09-28T05:14:19.536-0600: 451092.647: [GC concurrent-mark-start]
2022-09-28T05:14:20.851-0600: 451093.962: [GC concurrent-mark-end, 1.3149872 secs]
2022-09-28T05:14:20.851-0600: 451093.962: [GC remark 2022-09-28T05:14:20.851-0600: 451093.962: [Finalize Marking, 0.0291215 secs] 2022-09-28T05:14:20.881-0600: 451093.991: [GC ref-proc, 0.0337850 secs] 2022-09-28T05:14:20.914-0600: 451094.025: [Unloading, 0.0280473 secs], 0.0976056 secs]
 [Times: user=0.42 sys=0.00, real=0.10 secs] 
2022-09-28T05:14:20.949-0600: 451094.060: [GC cleanup 3621M->3621M(14336M), 0.0081424 secs]
 [Times: user=0.03 sys=0.00, real=0.00 secs] 
2022-09-28T05:15:39.278-0600: 451172.389: [GC pause (G1 Evacuation Pause) (young), 0.0324732 secs]
   [Parallel Time: 7.1 ms, GC Workers: 8]
      [GC Worker Start (ms): Min: 451172388.6, Avg: 451172391.4, Max: 451172395.5, Diff: 6.9]
      [Ext Root Scanning (ms): Min: 0.0, Avg: 0.8, Max: 3.0, Diff: 3.0, Sum: 6.3]
      [Update RS (ms): Min: 0.0, Avg: 1.1, Max: 2.3, Diff: 2.3, Sum: 8.6]
         [Processed Buffers: Min: 0, Avg: 6.1, Max: 16, Diff: 16, Sum: 49]
      [Scan RS (ms): Min: 0.0, Avg: 0.0, Max: 0.1, Diff: 0.1, Sum: 0.2]
      [Code Root Scanning (ms): Min: 0.0, Avg: 0.0, Max: 0.0, Diff: 0.0, Sum: 0.0]
      [Object Copy (ms): Min: 0.0, Avg: 0.9, Max: 1.6, Diff: 1.6, Sum: 7.4]
      [Termination (ms): Min: 0.0, Avg: 1.4, Max: 1.9, Diff: 1.9, Sum: 10.9]
         [Termination Attempts: Min: 1, Avg: 1.4, Max: 3, Diff: 2, Sum: 11]
      [GC Worker Other (ms): Min: 0.0, Avg: 0.0, Max: 0.0, Diff: 0.0, Sum: 0.0]
      [GC Worker Total (ms): Min: 0.0, Avg: 4.2, Max: 7.0, Diff: 7.0, Sum: 33.3]
      [GC Worker End (ms): Min: 451172395.5, Avg: 451172395.5, Max: 451172395.7, Diff: 0.2]
   [Code Root Fixup: 0.0 ms]
   [Code Root Purge: 0.0 ms]
   [Clear CT: 0.7 ms]
   [Other: 24.7 ms]
      [Choose CSet: 0.0 ms]
      [Ref Proc: 24.3 ms]
      [Ref Enq: 0.1 ms]
      [Redirty Cards: 0.1 ms]
      [Humongous Register: 0.0 ms]
      [Humongous Reclaim: 0.0 ms]
      [Free CSet: 0.1 ms]
   [Eden: 5712.0M(5712.0M)->0.0B(5712.0M) Survivors: 16384.0K->16384.0K Heap: 9201.7M(14336.0M)->3488.6M(14336.0M)]
 [Times: user=0.11 sys=0.00, real=0.04 secs] 
2022-09-28T05:16:59.677-0600: 451252.788: [GC pause (G1 Evacuation Pause) (mixed), 0.3532580 secs]
   [Parallel Time: 324.8 ms, GC Workers: 8]
      [GC Worker Start (ms): Min: 451252788.0, Avg: 451252990.3, Max: 451253112.4, Diff: 324.3]
      [Ext Root Scanning (ms): Min: 0.0, Avg: 0.9, Max: 3.5, Diff: 3.5, Sum: 6.9]
      [Update RS (ms): Min: 0.0, Avg: 0.9, Max: 3.0, Diff: 3.0, Sum: 7.3]
         [Processed Buffers: Min: 0, Avg: 5.0, Max: 19, Diff: 19, Sum: 40]
      [Scan RS (ms): Min: 0.0, Avg: 0.6, Max: 1.7, Diff: 1.7, Sum: 4.8]
      [Code Root Scanning (ms): Min: 0.0, Avg: 0.0, Max: 0.0, Diff: 0.0, Sum: 0.0]
      [Object Copy (ms): Min: 0.0, Avg: 1.3, Max: 3.7, Diff: 3.7, Sum: 10.6]
      [Termination (ms): Min: 0.0, Avg: 118.4, Max: 314.4, Diff: 314.4, Sum: 947.4]
         [Termination Attempts: Min: 1, Avg: 3.5, Max: 12, Diff: 11, Sum: 28]
      [GC Worker Other (ms): Min: 0.0, Avg: 0.0, Max: 0.0, Diff: 0.0, Sum: 0.0]
      [GC Worker Total (ms): Min: 0.0, Avg: 122.1, Max: 324.4, Diff: 324.4, Sum: 977.0]
      [GC Worker End (ms): Min: 451253112.4, Avg: 451253112.5, Max: 451253112.6, Diff: 0.2]
   [Code Root Fixup: 0.0 ms]
   [Code Root Purge: 0.0 ms]
   [Clear CT: 0.9 ms]
   [Other: 27.6 ms]
      [Choose CSet: 0.0 ms]
      [Ref Proc: 27.3 ms]
      [Ref Enq: 0.1 ms]
      [Redirty Cards: 0.1 ms]
      [Humongous Register: 0.0 ms]
      [Humongous Reclaim: 0.0 ms]
      [Free CSet: 0.1 ms]
   [Eden: 5712.0M(5712.0M)->0.0B(5712.0M) Survivors: 16384.0K->16384.0K Heap: 9200.6M(14336.0M)->3475.0M(14336.0M)]
 [Times: user=1.06 sys=0.00, real=0.36 secs] 
2022-09-28T05:18:18.533-0600: 451331.644: [GC pause (G1 Evacuation Pause) (young), 0.0362544 secs]
   [Parallel Time: 10.4 ms, GC Workers: 8]
      [GC Worker Start (ms): Min: 451331644.5, Avg: 451331648.6, Max: 451331654.0, Diff: 9.6]
      [Ext Root Scanning (ms): Min: 0.0, Avg: 0.8, Max: 3.0, Diff: 3.0, Sum: 6.6]
      [Update RS (ms): Min: 0.0, Avg: 2.1, Max: 3.8, Diff: 3.8, Sum: 16.8]
         [Processed Buffers: Min: 0, Avg: 9.8, Max: 21, Diff: 21, Sum: 78]
      [Scan RS (ms): Min: 0.0, Avg: 0.0, Max: 0.1, Diff: 0.0, Sum: 0.2]
      [Code Root Scanning (ms): Min: 0.0, Avg: 0.0, Max: 0.0, Diff: 0.0, Sum: 0.0]
      [Object Copy (ms): Min: 0.0, Avg: 1.2, Max: 2.2, Diff: 2.2, Sum: 9.8]
      [Termination (ms): Min: 0.0, Avg: 1.4, Max: 1.9, Diff: 1.9, Sum: 10.9]
         [Termination Attempts: Min: 1, Avg: 4.6, Max: 11, Diff: 10, Sum: 37]
      [GC Worker Other (ms): Min: 0.0, Avg: 0.0, Max: 0.0, Diff: 0.0, Sum: 0.0]
      [GC Worker Total (ms): Min: 0.0, Avg: 5.5, Max: 9.6, Diff: 9.6, Sum: 44.3]
      [GC Worker End (ms): Min: 451331654.1, Avg: 451331654.1, Max: 451331654.2, Diff: 0.2]
   [Code Root Fixup: 0.0 ms]
   [Code Root Purge: 0.0 ms]
   [Clear CT: 0.7 ms]
   [Other: 25.1 ms]
      [Choose CSet: 0.0 ms]
      [Ref Proc: 24.8 ms]
      [Ref Enq: 0.1 ms]
      [Redirty Cards: 0.1 ms]
      [Humongous Register: 0.0 ms]
      [Humongous Reclaim: 0.0 ms]
      [Free CSet: 0.1 ms]
   [Eden: 5712.0M(5712.0M)->0.0B(7152.0M) Survivors: 16384.0K->16384.0K Heap: 9187.0M(14336.0M)->3477.6M(14336.0M)]
 [Times: user=0.13 sys=0.00, real=0.04 secs] 
2022-09-28T05:19:59.728-0600: 451432.839: [GC pause (G1 Evacuation Pause) (young) (initial-mark), 0.0441263 secs]
   [Parallel Time: 15.4 ms, GC Workers: 8]
      [GC Worker Start (ms): Min: 451432840.4, Avg: 451432844.4, Max: 451432845.3, Diff: 4.9]
      [Ext Root Scanning (ms): Min: 2.1, Avg: 5.4, Max: 9.1, Diff: 7.0, Sum: 43.1]
      [Update RS (ms): Min: 0.0, Avg: 0.9, Max: 2.9, Diff: 2.9, Sum: 7.4]
         [Processed Buffers: Min: 0, Avg: 5.2, Max: 22, Diff: 22, Sum: 42]
      [Scan RS (ms): Min: 0.0, Avg: 0.0, Max: 0.1, Diff: 0.1, Sum: 0.2]
      [Code Root Scanning (ms): Min: 0.0, Avg: 0.0, Max: 0.0, Diff: 0.0, Sum: 0.0]
      [Object Copy (ms): Min: 0.0, Avg: 2.6, Max: 6.1, Diff: 6.1, Sum: 21.2]
      [Termination (ms): Min: 0.0, Avg: 1.1, Max: 1.3, Diff: 1.3, Sum: 8.5]
         [Termination Attempts: Min: 1, Avg: 17.5, Max: 30, Diff: 29, Sum: 140]
      [GC Worker Other (ms): Min: 0.0, Avg: 0.0, Max: 0.0, Diff: 0.0, Sum: 0.1]
      [GC Worker Total (ms): Min: 9.1, Avg: 10.1, Max: 14.0, Diff: 4.9, Sum: 80.4]
      [GC Worker End (ms): Min: 451432854.4, Avg: 451432854.5, Max: 451432854.5, Diff: 0.1]
   [Code Root Fixup: 0.0 ms]
   [Code Root Purge: 0.0 ms]
   [Clear CT: 0.7 ms]
   [Other: 28.0 ms]
      [Choose CSet: 0.0 ms]
      [Ref Proc: 27.5 ms]
      [Ref Enq: 0.1 ms]
      [Redirty Cards: 0.1 ms]
      [Humongous Register: 0.0 ms]
      [Humongous Reclaim: 0.0 ms]
      [Free CSet: 0.1 ms]
   [Eden: 7152.0M(7152.0M)->0.0B(7152.0M) Survivors: 16384.0K->16384.0K Heap: 10629.6M(14336.0M)->3481.4M(14336.0M)]
 [Times: user=0.14 sys=0.00, real=0.05 secs] 
2022-09-28T05:20:00.000-0600: 451433.111: [GC concurrent-root-region-scan-start]
2022-09-28T05:20:00.057-0600: 451433.168: [GC concurrent-root-region-scan-end, 0.0569969 secs]
2022-09-28T05:20:00.057-0600: 451433.168: [GC concurrent-mark-start]
2022-09-28T05:20:01.430-0600: 451434.541: [GC concurrent-mark-end, 1.3726804 secs]
2022-09-28T05:20:01.430-0600: 451434.541: [GC remark 2022-09-28T05:20:01.430-0600: 451434.541: [Finalize Marking, 0.0028037 secs] 2022-09-28T05:20:01.433-0600: 451434.544: [GC ref-proc, 0.0440393 secs] 2022-09-28T05:20:01.477-0600: 451434.588: [Unloading, 0.0314412 secs], 0.1113124 secs]
 [Times: user=0.32 sys=0.00, real=0.11 secs] 
2022-09-28T05:20:01.542-0600: 451434.652: [GC cleanup 3617M->3617M(14336M), 0.0090645 secs]
 [Times: user=0.03 sys=0.00, real=0.01 secs] 
2022-09-28T05:21:39.980-0600: 451533.091: [GC pause (G1 Evacuation Pause) (young), 0.0386226 secs]
   [Parallel Time: 9.9 ms, GC Workers: 8]
      [GC Worker Start (ms): Min: 451533090.7, Avg: 451533096.5, Max: 451533100.4, Diff: 9.8]
      [Ext Root Scanning (ms): Min: 0.0, Avg: 0.9, Max: 3.1, Diff: 3.1, Sum: 6.9]
      [Update RS (ms): Min: 0.0, Avg: 1.2, Max: 3.4, Diff: 3.4, Sum: 9.4]
         [Processed Buffers: Min: 0, Avg: 6.2, Max: 26, Diff: 26, Sum: 50]
      [Scan RS (ms): Min: 0.0, Avg: 0.0, Max: 0.1, Diff: 0.1, Sum: 0.2]
      [Code Root Scanning (ms): Min: 0.0, Avg: 0.0, Max: 0.0, Diff: 0.0, Sum: 0.0]
      [Object Copy (ms): Min: 0.0, Avg: 1.2, Max: 4.0, Diff: 4.0, Sum: 9.3]
      [Termination (ms): Min: 0.0, Avg: 0.7, Max: 1.2, Diff: 1.2, Sum: 5.5]
         [Termination Attempts: Min: 1, Avg: 3.2, Max: 9, Diff: 8, Sum: 26]
      [GC Worker Other (ms): Min: 0.0, Avg: 0.0, Max: 0.0, Diff: 0.0, Sum: 0.0]
      [GC Worker Total (ms): Min: 0.0, Avg: 3.9, Max: 9.8, Diff: 9.8, Sum: 31.4]
      [GC Worker End (ms): Min: 451533100.4, Avg: 451533100.5, Max: 451533100.5, Diff: 0.0]
   [Code Root Fixup: 0.0 ms]
   [Code Root Purge: 0.0 ms]
   [Clear CT: 0.9 ms]
   [Other: 27.8 ms]
      [Choose CSet: 0.0 ms]
      [Ref Proc: 27.5 ms]
      [Ref Enq: 0.1 ms]
      [Redirty Cards: 0.1 ms]
      [Humongous Register: 0.0 ms]
      [Humongous Reclaim: 0.0 ms]
      [Free CSet: 0.1 ms]
   [Eden: 7152.0M(7152.0M)->0.0B(7152.0M) Survivors: 16384.0K->16384.0K Heap: 10633.4M(14336.0M)->3480.2M(14336.0M)]
 [Times: user=0.14 sys=0.00, real=0.04 secs] 
2022-09-28T05:23:18.182-0600: 451631.293: [GC pause (G1 Evacuation Pause) (young), 0.3056291 secs]
   [Parallel Time: 155.6 ms, GC Workers: 8]
      [GC Worker Start (ms): Min: 451631293.4, Avg: 451631352.7, Max: 451631448.8, Diff: 155.4]
      [Ext Root Scanning (ms): Min: 0.0, Avg: 0.8, Max: 3.1, Diff: 3.1, Sum: 6.6]
      [Update RS (ms): Min: 0.0, Avg: 1.1, Max: 2.5, Diff: 2.5, Sum: 8.5]
         [Processed Buffers: Min: 0, Avg: 6.0, Max: 22, Diff: 22, Sum: 48]
      [Scan RS (ms): Min: 0.0, Avg: 0.0, Max: 0.1, Diff: 0.1, Sum: 0.2]
      [Code Root Scanning (ms): Min: 0.0, Avg: 0.0, Max: 0.0, Diff: 0.0, Sum: 0.0]
      [Object Copy (ms): Min: 0.0, Avg: 1.2, Max: 2.6, Diff: 2.6, Sum: 10.0]
      [Termination (ms): Min: 0.0, Avg: 92.9, Max: 148.5, Diff: 148.5, Sum: 743.4]
         [Termination Attempts: Min: 1, Avg: 3.4, Max: 8, Diff: 7, Sum: 27]
      [GC Worker Other (ms): Min: 0.0, Avg: 0.0, Max: 0.0, Diff: 0.0, Sum: 0.1]
      [GC Worker Total (ms): Min: 0.0, Avg: 96.1, Max: 155.5, Diff: 155.5, Sum: 768.8]
      [GC Worker End (ms): Min: 451631448.8, Avg: 451631448.8, Max: 451631448.9, Diff: 0.1]
   [Code Root Fixup: 0.0 ms]
   [Code Root Purge: 0.0 ms]
   [Clear CT: 0.8 ms]
   [Other: 149.2 ms]
      [Choose CSet: 0.0 ms]
      [Ref Proc: 148.8 ms]
      [Ref Enq: 0.1 ms]
      [Redirty Cards: 0.0 ms]
      [Humongous Register: 0.0 ms]
      [Humongous Reclaim: 0.0 ms]
      [Free CSet: 0.1 ms]
   [Eden: 7152.0M(7152.0M)->0.0B(7152.0M) Survivors: 16384.0K->16384.0K Heap: 10632.2M(14336.0M)->3481.1M(14336.0M)]
 [Times: user=1.01 sys=0.00, real=0.30 secs] 
2022-09-28T05:24:55.434-0600: 451728.545: [GC pause (G1 Evacuation Pause) (young) (initial-mark), 0.0535757 secs]
   [Parallel Time: 19.0 ms, GC Workers: 8]
      [GC Worker Start (ms): Min: 451728550.3, Avg: 451728552.4, Max: 451728553.4, Diff: 3.1]
      [Ext Root Scanning (ms): Min: 2.0, Avg: 6.5, Max: 10.0, Diff: 7.9, Sum: 51.8]
      [Update RS (ms): Min: 0.0, Avg: 1.1, Max: 2.7, Diff: 2.7, Sum: 8.5]
         [Processed Buffers: Min: 0, Avg: 5.8, Max: 16, Diff: 16, Sum: 46]
      [Scan RS (ms): Min: 0.0, Avg: 0.0, Max: 0.1, Diff: 0.1, Sum: 0.2]
      [Code Root Scanning (ms): Min: 0.0, Avg: 0.0, Max: 0.0, Diff: 0.0, Sum: 0.0]
      [Object Copy (ms): Min: 0.0, Avg: 1.2, Max: 2.6, Diff: 2.6, Sum: 9.6]
      [Termination (ms): Min: 0.0, Avg: 2.3, Max: 3.2, Diff: 3.2, Sum: 18.1]
         [Termination Attempts: Min: 1, Avg: 1.0, Max: 1, Diff: 0, Sum: 8]
      [GC Worker Other (ms): Min: 0.0, Avg: 0.0, Max: 0.0, Diff: 0.0, Sum: 0.0]
      [GC Worker Total (ms): Min: 10.0, Avg: 11.0, Max: 13.2, Diff: 3.2, Sum: 88.2]
      [GC Worker End (ms): Min: 451728563.4, Avg: 451728563.4, Max: 451728563.5, Diff: 0.1]
   [Code Root Fixup: 0.0 ms]
   [Code Root Purge: 0.0 ms]
   [Clear CT: 0.8 ms]
   [Other: 33.8 ms]
      [Choose CSet: 0.0 ms]
      [Ref Proc: 33.4 ms]
      [Ref Enq: 0.1 ms]
      [Redirty Cards: 0.1 ms]
      [Humongous Register: 0.0 ms]
      [Humongous Reclaim: 0.0 ms]
      [Free CSet: 0.1 ms]
   [Eden: 7152.0M(7152.0M)->0.0B(7152.0M) Survivors: 16384.0K->16384.0K Heap: 10633.1M(14336.0M)->3484.6M(14336.0M)]
 [Times: user=0.16 sys=0.00, real=0.05 secs] 
2022-09-28T05:24:55.487-0600: 451728.598: [GC concurrent-root-region-scan-start]
2022-09-28T05:24:55.493-0600: 451728.604: [GC concurrent-root-region-scan-end, 0.0057705 secs]
2022-09-28T05:24:55.493-0600: 451728.604: [GC concurrent-mark-start]
2022-09-28T05:24:56.833-0600: 451729.944: [GC concurrent-mark-end, 1.3402172 secs]
2022-09-28T05:24:56.833-0600: 451729.944: [GC remark 2022-09-28T05:24:56.833-0600: 451729.944: [Finalize Marking, 0.0283104 secs] 2022-09-28T05:24:56.862-0600: 451729.973: [GC ref-proc, 0.0511977 secs] 2022-09-28T05:24:56.913-0600: 451730.024: [Unloading, 0.0259334 secs], 0.1093960 secs]
 [Times: user=0.30 sys=0.00, real=0.11 secs] 
2022-09-28T05:24:56.943-0600: 451730.054: [GC cleanup 3592M->3592M(14336M), 0.0085311 secs]
 [Times: user=0.02 sys=0.00, real=0.01 secs] 
2022-09-28T05:26:33.431-0600: 451826.542: [GC pause (G1 Evacuation Pause) (young), 0.0559713 secs]
   [Parallel Time: 6.5 ms, GC Workers: 8]
      [GC Worker Start (ms): Min: 451826542.4, Avg: 451826544.5, Max: 451826548.6, Diff: 6.2]
      [Ext Root Scanning (ms): Min: 0.0, Avg: 0.9, Max: 3.4, Diff: 3.4, Sum: 6.8]
      [Update RS (ms): Min: 0.0, Avg: 1.2, Max: 2.2, Diff: 2.2, Sum: 9.4]
         [Processed Buffers: Min: 0, Avg: 6.2, Max: 15, Diff: 15, Sum: 50]
      [Scan RS (ms): Min: 0.0, Avg: 0.0, Max: 0.1, Diff: 0.1, Sum: 0.2]
      [Code Root Scanning (ms): Min: 0.0, Avg: 0.0, Max: 0.0, Diff: 0.0, Sum: 0.0]
      [Object Copy (ms): Min: 0.0, Avg: 1.2, Max: 1.8, Diff: 1.8, Sum: 9.4]
      [Termination (ms): Min: 0.0, Avg: 0.9, Max: 1.2, Diff: 1.2, Sum: 7.3]
         [Termination Attempts: Min: 1, Avg: 1.8, Max: 3, Diff: 2, Sum: 14]
      [GC Worker Other (ms): Min: 0.0, Avg: 0.0, Max: 0.0, Diff: 0.0, Sum: 0.0]
      [GC Worker Total (ms): Min: 0.0, Avg: 4.2, Max: 6.4, Diff: 6.4, Sum: 33.3]
      [GC Worker End (ms): Min: 451826548.6, Avg: 451826548.7, Max: 451826548.8, Diff: 0.2]
   [Code Root Fixup: 0.0 ms]
   [Code Root Purge: 0.0 ms]
   [Clear CT: 1.0 ms]
   [Other: 48.5 ms]
      [Choose CSet: 0.0 ms]
      [Ref Proc: 48.2 ms]
      [Ref Enq: 0.1 ms]
      [Redirty Cards: 0.1 ms]
      [Humongous Register: 0.0 ms]
      [Humongous Reclaim: 0.0 ms]
      [Free CSet: 0.1 ms]
   [Eden: 7152.0M(7152.0M)->0.0B(7152.0M) Survivors: 16384.0K->16384.0K Heap: 10636.6M(14336.0M)->3483.4M(14336.0M)]
 [Times: user=0.15 sys=0.00, real=0.05 secs] 
2022-09-28T05:28:10.642-0600: 451923.753: [GC pause (G1 Evacuation Pause) (young), 0.0642841 secs]
   [Parallel Time: 10.1 ms, GC Workers: 8]
      [GC Worker Start (ms): Min: 451923753.1, Avg: 451923757.9, Max: 451923762.8, Diff: 9.7]
      [Ext Root Scanning (ms): Min: 0.0, Avg: 0.9, Max: 3.8, Diff: 3.8, Sum: 7.2]
      [Update RS (ms): Min: 0.0, Avg: 2.0, Max: 5.9, Diff: 5.9, Sum: 15.8]
         [Processed Buffers: Min: 0, Avg: 5.4, Max: 12, Diff: 12, Sum: 43]
      [Scan RS (ms): Min: 0.0, Avg: 0.0, Max: 0.1, Diff: 0.1, Sum: 0.2]
      [Code Root Scanning (ms): Min: 0.0, Avg: 0.0, Max: 0.0, Diff: 0.0, Sum: 0.0]
      [Object Copy (ms): Min: 0.0, Avg: 1.6, Max: 2.6, Diff: 2.6, Sum: 13.0]
      [Termination (ms): Min: 0.0, Avg: 0.5, Max: 0.9, Diff: 0.9, Sum: 4.1]
         [Termination Attempts: Min: 1, Avg: 12.0, Max: 25, Diff: 24, Sum: 96]
      [GC Worker Other (ms): Min: 0.0, Avg: 0.0, Max: 0.0, Diff: 0.0, Sum: 0.1]
      [GC Worker Total (ms): Min: 0.2, Avg: 5.1, Max: 9.8, Diff: 9.6, Sum: 40.4]
      [GC Worker End (ms): Min: 451923763.0, Avg: 451923763.0, Max: 451923763.2, Diff: 0.2]
   [Code Root Fixup: 0.0 ms]
   [Code Root Purge: 0.0 ms]
   [Clear CT: 12.4 ms]
   [Other: 41.8 ms]
      [Choose CSet: 0.0 ms]
      [Ref Proc: 40.9 ms]
      [Ref Enq: 0.3 ms]
      [Redirty Cards: 0.3 ms]
      [Humongous Register: 0.0 ms]
      [Humongous Reclaim: 0.0 ms]
      [Free CSet: 0.1 ms]
   [Eden: 7152.0M(7152.0M)->0.0B(7152.0M) Survivors: 16384.0K->16384.0K Heap: 10635.4M(14336.0M)->3484.8M(14336.0M)]
 [Times: user=0.11 sys=0.00, real=0.06 secs] 
2022-09-28T05:29:49.691-0600: 452022.802: [GC pause (G1 Evacuation Pause) (young) (initial-mark), 0.0495415 secs]
   [Parallel Time: 19.9 ms, GC Workers: 8]
      [GC Worker Start (ms): Min: 452022803.6, Avg: 452022807.9, Max: 452022808.8, Diff: 5.3]
      [Ext Root Scanning (ms): Min: 1.3, Avg: 9.1, Max: 16.0, Diff: 14.7, Sum: 73.1]
      [Update RS (ms): Min: 0.0, Avg: 1.1, Max: 5.4, Diff: 5.4, Sum: 8.8]
         [Processed Buffers: Min: 0, Avg: 5.4, Max: 27, Diff: 27, Sum: 43]
      [Scan RS (ms): Min: 0.0, Avg: 0.0, Max: 0.1, Diff: 0.1, Sum: 0.2]
      [Code Root Scanning (ms): Min: 0.0, Avg: 0.0, Max: 0.0, Diff: 0.0, Sum: 0.0]
      [Object Copy (ms): Min: 0.0, Avg: 1.4, Max: 3.3, Diff: 3.3, Sum: 11.4]
      [Termination (ms): Min: 0.0, Avg: 2.4, Max: 3.5, Diff: 3.5, Sum: 18.8]
         [Termination Attempts: Min: 1, Avg: 2.4, Max: 6, Diff: 5, Sum: 19]
      [GC Worker Other (ms): Min: 0.0, Avg: 0.0, Max: 0.0, Diff: 0.0, Sum: 0.0]
      [GC Worker Total (ms): Min: 13.2, Avg: 14.1, Max: 18.4, Diff: 5.2, Sum: 112.4]
      [GC Worker End (ms): Min: 452022822.0, Avg: 452022822.0, Max: 452022822.0, Diff: 0.0]
   [Code Root Fixup: 0.0 ms]
   [Code Root Purge: 0.0 ms]
   [Clear CT: 0.9 ms]
   [Other: 28.7 ms]
      [Choose CSet: 0.0 ms]
      [Ref Proc: 28.3 ms]
      [Ref Enq: 0.1 ms]
      [Redirty Cards: 0.1 ms]
      [Humongous Register: 0.0 ms]
      [Humongous Reclaim: 0.0 ms]
      [Free CSet: 0.1 ms]
   [Eden: 7152.0M(7152.0M)->0.0B(7152.0M) Survivors: 16384.0K->16384.0K Heap: 10636.8M(14336.0M)->3487.7M(14336.0M)]
 [Times: user=0.13 sys=0.00, real=0.05 secs] 
2022-09-28T05:29:49.741-0600: 452022.852: [GC concurrent-root-region-scan-start]
2022-09-28T05:29:49.747-0600: 452022.858: [GC concurrent-root-region-scan-end, 0.0057997 secs]
2022-09-28T05:29:49.747-0600: 452022.858: [GC concurrent-mark-start]
2022-09-28T05:29:51.059-0600: 452024.170: [GC concurrent-mark-end, 1.3120835 secs]
2022-09-28T05:29:51.059-0600: 452024.170: [GC remark 2022-09-28T05:29:51.059-0600: 452024.170: [Finalize Marking, 0.0123226 secs] 2022-09-28T05:29:51.071-0600: 452024.182: [GC ref-proc, 0.0291362 secs] 2022-09-28T05:29:51.100-0600: 452024.211: [Unloading, 0.0798587 secs], 0.3466008 secs]
 [Times: user=0.60 sys=0.00, real=0.35 secs] 
2022-09-28T05:29:51.406-0600: 452024.517: [GC cleanup 3615M->3615M(14336M), 0.1175149 secs]
 [Times: user=0.13 sys=0.00, real=0.12 secs] 
2022-09-28T05:31:28.229-0600: 452121.340: [GC pause (G1 Evacuation Pause) (young), 0.0504526 secs]
   [Parallel Time: 27.2 ms, GC Workers: 8]
      [GC Worker Start (ms): Min: 452121339.8, Avg: 452121345.3, Max: 452121348.4, Diff: 8.6]
      [Ext Root Scanning (ms): Min: 0.0, Avg: 0.7, Max: 3.0, Diff: 3.0, Sum: 5.8]
      [Update RS (ms): Min: 0.0, Avg: 1.0, Max: 2.9, Diff: 2.9, Sum: 8.1]
         [Processed Buffers: Min: 0, Avg: 6.2, Max: 19, Diff: 19, Sum: 50]
      [Scan RS (ms): Min: 0.0, Avg: 0.0, Max: 0.1, Diff: 0.1, Sum: 0.2]
      [Code Root Scanning (ms): Min: 0.0, Avg: 0.0, Max: 0.0, Diff: 0.0, Sum: 0.0]
      [Object Copy (ms): Min: 0.0, Avg: 1.9, Max: 9.5, Diff: 9.5, Sum: 15.3]
      [Termination (ms): Min: 0.0, Avg: 6.3, Max: 7.5, Diff: 7.5, Sum: 50.3]
         [Termination Attempts: Min: 1, Avg: 2.1, Max: 7, Diff: 6, Sum: 17]
      [GC Worker Other (ms): Min: 0.0, Avg: 0.0, Max: 0.0, Diff: 0.0, Sum: 0.0]
      [GC Worker Total (ms): Min: 6.9, Avg: 10.0, Max: 15.5, Diff: 8.6, Sum: 79.8]
      [GC Worker End (ms): Min: 452121355.3, Avg: 452121355.3, Max: 452121355.3, Diff: 0.0]
   [Code Root Fixup: 0.0 ms]
   [Code Root Purge: 0.0 ms]
   [Clear CT: 3.5 ms]
   [Other: 19.8 ms]
      [Choose CSet: 0.0 ms]
      [Ref Proc: 19.3 ms]
      [Ref Enq: 0.2 ms]
      [Redirty Cards: 0.1 ms]
      [Humongous Register: 0.0 ms]
      [Humongous Reclaim: 0.0 ms]
      [Free CSet: 0.1 ms]
   [Eden: 7152.0M(7152.0M)->0.0B(7152.0M) Survivors: 16384.0K->16384.0K Heap: 10639.7M(14336.0M)->3486.5M(14336.0M)]
 [Times: user=0.15 sys=0.00, real=0.04 secs] 
2022-09-28T05:33:04.731-0600: 452217.842: [GC pause (G1 Evacuation Pause) (young), 0.0322788 secs]
   [Parallel Time: 9.5 ms, GC Workers: 8]
      [GC Worker Start (ms): Min: 452217842.1, Avg: 452217846.4, Max: 452217851.2, Diff: 9.1]
      [Ext Root Scanning (ms): Min: 0.0, Avg: 0.8, Max: 2.9, Diff: 2.9, Sum: 6.3]
      [Update RS (ms): Min: 0.0, Avg: 1.9, Max: 6.5, Diff: 6.5, Sum: 15.4]
         [Processed Buffers: Min: 0, Avg: 5.9, Max: 15, Diff: 15, Sum: 47]
      [Scan RS (ms): Min: 0.0, Avg: 0.0, Max: 0.1, Diff: 0.1, Sum: 0.2]
      [Code Root Scanning (ms): Min: 0.0, Avg: 0.0, Max: 0.0, Diff: 0.0, Sum: 0.0]
      [Object Copy (ms): Min: 0.0, Avg: 1.3, Max: 2.6, Diff: 2.6, Sum: 10.4]
      [Termination (ms): Min: 0.0, Avg: 0.9, Max: 1.6, Diff: 1.6, Sum: 7.6]
         [Termination Attempts: Min: 1, Avg: 2.1, Max: 7, Diff: 6, Sum: 17]
      [GC Worker Other (ms): Min: 0.0, Avg: 0.0, Max: 0.0, Diff: 0.0, Sum: 0.0]
      [GC Worker Total (ms): Min: 0.2, Avg: 5.0, Max: 9.3, Diff: 9.1, Sum: 39.8]
      [GC Worker End (ms): Min: 452217851.4, Avg: 452217851.4, Max: 452217851.5, Diff: 0.2]
   [Code Root Fixup: 0.0 ms]
   [Code Root Purge: 0.0 ms]
   [Clear CT: 0.7 ms]
   [Other: 22.0 ms]
      [Choose CSet: 0.0 ms]
      [Ref Proc: 21.6 ms]
      [Ref Enq: 0.1 ms]
      [Redirty Cards: 0.1 ms]
      [Humongous Register: 0.0 ms]
      [Humongous Reclaim: 0.0 ms]
      [Free CSet: 0.1 ms]
   [Eden: 7152.0M(7152.0M)->0.0B(7152.0M) Survivors: 16384.0K->16384.0K Heap: 10638.5M(14336.0M)->3487.2M(14336.0M)]
 [Times: user=0.11 sys=0.00, real=0.03 secs] 
2022-09-28T05:34:45.034-0600: 452318.145: [GC pause (G1 Evacuation Pause) (young) (initial-mark), 0.0755453 secs]
   [Parallel Time: 44.9 ms, GC Workers: 8]
      [GC Worker Start (ms): Min: 452318146.6, Avg: 452318148.3, Max: 452318149.3, Diff: 2.7]
      [Ext Root Scanning (ms): Min: 1.7, Avg: 25.9, Max: 40.8, Diff: 39.1, Sum: 207.3]
      [Update RS (ms): Min: 0.0, Avg: 0.9, Max: 6.3, Diff: 6.3, Sum: 7.4]
         [Processed Buffers: Min: 0, Avg: 5.5, Max: 28, Diff: 28, Sum: 44]
      [Scan RS (ms): Min: 0.0, Avg: 0.0, Max: 0.1, Diff: 0.1, Sum: 0.2]
      [Code Root Scanning (ms): Min: 0.0, Avg: 0.0, Max: 0.0, Diff: 0.0, Sum: 0.0]
      [Object Copy (ms): Min: 0.0, Avg: 1.3, Max: 3.6, Diff: 3.6, Sum: 10.7]
      [Termination (ms): Min: 0.0, Avg: 13.5, Max: 29.3, Diff: 29.3, Sum: 108.2]
         [Termination Attempts: Min: 1, Avg: 7.4, Max: 28, Diff: 27, Sum: 59]
      [GC Worker Other (ms): Min: 0.0, Avg: 0.0, Max: 0.0, Diff: 0.0, Sum: 0.0]
      [GC Worker Total (ms): Min: 40.8, Avg: 41.7, Max: 43.5, Diff: 2.7, Sum: 333.9]
      [GC Worker End (ms): Min: 452318190.0, Avg: 452318190.0, Max: 452318190.1, Diff: 0.1]
   [Code Root Fixup: 0.0 ms]
   [Code Root Purge: 0.0 ms]
   [Clear CT: 1.0 ms]
   [Other: 29.6 ms]
      [Choose CSet: 0.0 ms]
      [Ref Proc: 29.2 ms]
      [Ref Enq: 0.1 ms]
      [Redirty Cards: 0.1 ms]
      [Humongous Register: 0.0 ms]
      [Humongous Reclaim: 0.0 ms]
      [Free CSet: 0.1 ms]
   [Eden: 7152.0M(7152.0M)->0.0B(7152.0M) Survivors: 16384.0K->16384.0K Heap: 10639.2M(14336.0M)->3490.7M(14336.0M)]
 [Times: user=0.29 sys=0.00, real=0.08 secs] 
2022-09-28T05:34:45.110-0600: 452318.221: [GC concurrent-root-region-scan-start]
2022-09-28T05:34:45.118-0600: 452318.229: [GC concurrent-root-region-scan-end, 0.0079825 secs]
2022-09-28T05:34:45.118-0600: 452318.229: [GC concurrent-mark-start]
2022-09-28T05:34:46.476-0600: 452319.587: [GC concurrent-mark-end, 1.3578348 secs]
2022-09-28T05:34:46.476-0600: 452319.587: [GC remark 2022-09-28T05:34:46.476-0600: 452319.587: [Finalize Marking, 0.0010490 secs] 2022-09-28T05:34:46.477-0600: 452319.588: [GC ref-proc, 0.0264996 secs] 2022-09-28T05:34:46.504-0600: 452319.614: [Unloading, 0.0255826 secs], 0.0689914 secs]
 [Times: user=0.24 sys=0.00, real=0.07 secs] 
2022-09-28T05:34:46.549-0600: 452319.660: [GC cleanup 3610M->3610M(14336M), 0.0170384 secs]
 [Times: user=0.04 sys=0.00, real=0.01 secs] 
2022-09-28T05:36:25.682-0600: 452418.793: [GC pause (G1 Evacuation Pause) (young), 0.4909240 secs]
   [Parallel Time: 339.1 ms, GC Workers: 8]
      [GC Worker Start (ms): Min: 452418793.4, Avg: 452418935.7, Max: 452419091.9, Diff: 298.5]
      [Ext Root Scanning (ms): Min: 0.0, Avg: 0.9, Max: 2.9, Diff: 2.9, Sum: 6.9]
      [Update RS (ms): Min: 0.0, Avg: 1.2, Max: 2.8, Diff: 2.8, Sum: 9.7]
         [Processed Buffers: Min: 0, Avg: 6.0, Max: 18, Diff: 18, Sum: 48]
      [Scan RS (ms): Min: 0.0, Avg: 0.0, Max: 0.1, Diff: 0.1, Sum: 0.2]
      [Code Root Scanning (ms): Min: 0.0, Avg: 0.0, Max: 0.0, Diff: 0.0, Sum: 0.0]
      [Object Copy (ms): Min: 0.0, Avg: 1.0, Max: 2.1, Diff: 2.1, Sum: 7.7]
      [Termination (ms): Min: 0.0, Avg: 153.4, Max: 294.0, Diff: 294.0, Sum: 1227.2]
         [Termination Attempts: Min: 1, Avg: 3.0, Max: 8, Diff: 7, Sum: 24]
      [GC Worker Other (ms): Min: 0.0, Avg: 0.0, Max: 0.0, Diff: 0.0, Sum: 0.1]
      [GC Worker Total (ms): Min: 0.0, Avg: 156.5, Max: 300.1, Diff: 300.1, Sum: 1251.8]
      [GC Worker End (ms): Min: 452419091.9, Avg: 452419092.2, Max: 452419093.8, Diff: 1.9]
   [Code Root Fixup: 0.0 ms]
   [Code Root Purge: 0.0 ms]
   [Clear CT: 49.7 ms]
   [Other: 102.1 ms]
      [Choose CSet: 0.0 ms]
      [Ref Proc: 101.2 ms]
      [Ref Enq: 0.3 ms]
      [Redirty Cards: 0.3 ms]
      [Humongous Register: 0.0 ms]
      [Humongous Reclaim: 0.0 ms]
      [Free CSet: 0.1 ms]
   [Eden: 7152.0M(7152.0M)->0.0B(5712.0M) Survivors: 16384.0K->16384.0K Heap: 10642.7M(14336.0M)->3489.1M(14336.0M)]
 [Times: user=1.70 sys=0.00, real=0.49 secs] 
2022-09-28T05:37:45.130-0600: 452498.241: [GC pause (G1 Evacuation Pause) (mixed), 0.1348725 secs]
   [Parallel Time: 81.5 ms, GC Workers: 8]
      [GC Worker Start (ms): Min: 452498241.0, Avg: 452498311.4, Max: 452498322.2, Diff: 81.2]
      [Ext Root Scanning (ms): Min: 0.0, Avg: 0.7, Max: 5.8, Diff: 5.7, Sum: 5.8]
      [Update RS (ms): Min: 0.0, Avg: 0.8, Max: 6.1, Diff: 6.1, Sum: 6.1]
         [Processed Buffers: Min: 0, Avg: 5.2, Max: 42, Diff: 42, Sum: 42]
      [Scan RS (ms): Min: 0.0, Avg: 0.5, Max: 3.8, Diff: 3.8, Sum: 3.8]
      [Code Root Scanning (ms): Min: 0.0, Avg: 0.0, Max: 0.0, Diff: 0.0, Sum: 0.0]
      [Object Copy (ms): Min: 0.0, Avg: 1.1, Max: 8.8, Diff: 8.8, Sum: 8.8]
      [Termination (ms): Min: 0.0, Avg: 7.8, Max: 56.8, Diff: 56.8, Sum: 62.4]
         [Termination Attempts: Min: 1, Avg: 1.0, Max: 1, Diff: 0, Sum: 8]
      [GC Worker Other (ms): Min: 0.0, Avg: 0.0, Max: 0.0, Diff: 0.0, Sum: 0.0]
      [GC Worker Total (ms): Min: 0.0, Avg: 10.9, Max: 81.3, Diff: 81.2, Sum: 87.0]
      [GC Worker End (ms): Min: 452498322.2, Avg: 452498322.2, Max: 452498322.3, Diff: 0.2]
   [Code Root Fixup: 0.0 ms]
   [Code Root Purge: 0.0 ms]
   [Clear CT: 0.9 ms]
   [Other: 52.5 ms]
      [Choose CSet: 0.0 ms]
      [Ref Proc: 51.9 ms]
      [Ref Enq: 0.3 ms]
      [Redirty Cards: 0.1 ms]
      [Humongous Register: 0.0 ms]
      [Humongous Reclaim: 0.0 ms]
      [Free CSet: 0.1 ms]
   [Eden: 5712.0M(5712.0M)->0.0B(7152.0M) Survivors: 16384.0K->16384.0K Heap: 9201.1M(14336.0M)->3475.9M(14336.0M)]
 [Times: user=0.29 sys=0.00, real=0.13 secs] 
2022-09-28T05:39:25.379-0600: 452598.490: [GC pause (G1 Evacuation Pause) (young), 0.0282579 secs]
   [Parallel Time: 8.5 ms, GC Workers: 8]
      [GC Worker Start (ms): Min: 452598489.7, Avg: 452598491.3, Max: 452598495.2, Diff: 5.5]
      [Ext Root Scanning (ms): Min: 0.0, Avg: 2.9, Max: 8.2, Diff: 8.2, Sum: 22.9]
      [Update RS (ms): Min: 0.0, Avg: 2.2, Max: 5.3, Diff: 5.3, Sum: 17.3]
         [Processed Buffers: Min: 0, Avg: 9.6, Max: 21, Diff: 21, Sum: 77]
      [Scan RS (ms): Min: 0.0, Avg: 0.0, Max: 0.1, Diff: 0.0, Sum: 0.2]
      [Code Root Scanning (ms): Min: 0.0, Avg: 0.0, Max: 0.0, Diff: 0.0, Sum: 0.0]
      [Object Copy (ms): Min: 0.0, Avg: 1.3, Max: 2.2, Diff: 2.2, Sum: 10.1]
      [Termination (ms): Min: 0.0, Avg: 0.5, Max: 0.8, Diff: 0.8, Sum: 4.2]
         [Termination Attempts: Min: 1, Avg: 4.6, Max: 9, Diff: 8, Sum: 37]
      [GC Worker Other (ms): Min: 0.0, Avg: 0.0, Max: 0.0, Diff: 0.0, Sum: 0.0]
      [GC Worker Total (ms): Min: 2.9, Avg: 6.8, Max: 8.4, Diff: 5.5, Sum: 54.7]
      [GC Worker End (ms): Min: 452598498.1, Avg: 452598498.1, Max: 452598498.1, Diff: 0.1]
   [Code Root Fixup: 0.0 ms]
   [Code Root Purge: 0.0 ms]
   [Clear CT: 0.9 ms]
   [Other: 18.8 ms]
      [Choose CSet: 0.0 ms]
      [Ref Proc: 18.5 ms]
      [Ref Enq: 0.1 ms]
      [Redirty Cards: 0.1 ms]
      [Humongous Register: 0.0 ms]
      [Humongous Reclaim: 0.0 ms]
      [Free CSet: 0.1 ms]
   [Eden: 7152.0M(7152.0M)->0.0B(7152.0M) Survivors: 16384.0K->16384.0K Heap: 10627.9M(14336.0M)->3480.4M(14336.0M)]
 [Times: user=0.09 sys=0.00, real=0.03 secs] 
2022-09-28T05:41:05.772-0600: 452698.883: [GC pause (G1 Evacuation Pause) (young) (initial-mark), 0.2137727 secs]
   [Parallel Time: 47.9 ms, GC Workers: 8]
      [GC Worker Start (ms): Min: 452698916.3, Avg: 452698919.2, Max: 452698920.1, Diff: 3.8]
      [Ext Root Scanning (ms): Min: 3.1, Avg: 6.6, Max: 10.6, Diff: 7.6, Sum: 52.5]
      [Update RS (ms): Min: 0.0, Avg: 1.1, Max: 2.8, Diff: 2.8, Sum: 8.4]
         [Processed Buffers: Min: 0, Avg: 6.6, Max: 25, Diff: 25, Sum: 53]
      [Scan RS (ms): Min: 0.0, Avg: 0.0, Max: 0.1, Diff: 0.1, Sum: 0.2]
      [Code Root Scanning (ms): Min: 0.0, Avg: 0.0, Max: 0.0, Diff: 0.0, Sum: 0.0]
      [Object Copy (ms): Min: 0.0, Avg: 1.1, Max: 1.9, Diff: 1.9, Sum: 9.0]
      [Termination (ms): Min: 0.0, Avg: 2.8, Max: 3.9, Diff: 3.9, Sum: 22.6]
         [Termination Attempts: Min: 1, Avg: 6.6, Max: 17, Diff: 16, Sum: 53]
      [GC Worker Other (ms): Min: 0.0, Avg: 0.0, Max: 0.0, Diff: 0.0, Sum: 0.1]
      [GC Worker Total (ms): Min: 10.6, Avg: 11.6, Max: 14.5, Diff: 3.8, Sum: 92.9]
      [GC Worker End (ms): Min: 452698930.7, Avg: 452698930.8, Max: 452698930.8, Diff: 0.1]
   [Code Root Fixup: 0.0 ms]
   [Code Root Purge: 0.0 ms]
   [Clear CT: 0.8 ms]
   [Other: 165.1 ms]
      [Choose CSet: 0.0 ms]
      [Ref Proc: 164.7 ms]
      [Ref Enq: 0.1 ms]
      [Redirty Cards: 0.1 ms]
      [Humongous Register: 0.0 ms]
      [Humongous Reclaim: 0.0 ms]
      [Free CSet: 0.1 ms]
   [Eden: 7152.0M(7152.0M)->0.0B(7152.0M) Survivors: 16384.0K->16384.0K Heap: 10632.4M(14336.0M)->3479.1M(14336.0M)]
 [Times: user=0.31 sys=0.01, real=0.21 secs] 
2022-09-28T05:41:05.986-0600: 452699.097: [GC concurrent-root-region-scan-start]
2022-09-28T05:41:05.992-0600: 452699.103: [GC concurrent-root-region-scan-end, 0.0057582 secs]
2022-09-28T05:41:05.992-0600: 452699.103: [GC concurrent-mark-start]
2022-09-28T05:41:07.351-0600: 452700.462: [GC concurrent-mark-end, 1.3597403 secs]
2022-09-28T05:41:07.352-0600: 452700.463: [GC remark 2022-09-28T05:41:07.352-0600: 452700.463: [Finalize Marking, 0.0022626 secs] 2022-09-28T05:41:07.354-0600: 452700.465: [GC ref-proc, 0.0382825 secs] 2022-09-28T05:41:07.392-0600: 452700.503: [Unloading, 0.0291117 secs], 0.0777522 secs]
 [Times: user=0.26 sys=0.00, real=0.08 secs] 
2022-09-28T05:41:07.430-0600: 452700.541: [GC cleanup 3607M->3607M(14336M), 0.0086085 secs]
 [Times: user=0.03 sys=0.00, real=0.00 secs] 
2022-09-28T05:42:41.182-0600: 452794.292: [GC pause (G1 Evacuation Pause) (young), 0.0467465 secs]
   [Parallel Time: 14.0 ms, GC Workers: 8]
      [GC Worker Start (ms): Min: 452794292.5, Avg: 452794299.3, Max: 452794306.3, Diff: 13.7]
      [Ext Root Scanning (ms): Min: 0.0, Avg: 1.0, Max: 6.5, Diff: 6.5, Sum: 8.3]
      [Update RS (ms): Min: 0.0, Avg: 2.1, Max: 4.4, Diff: 4.4, Sum: 16.6]
         [Processed Buffers: Min: 0, Avg: 10.1, Max: 21, Diff: 21, Sum: 81]
      [Scan RS (ms): Min: 0.0, Avg: 0.0, Max: 0.1, Diff: 0.0, Sum: 0.2]
      [Code Root Scanning (ms): Min: 0.0, Avg: 0.0, Max: 0.0, Diff: 0.0, Sum: 0.0]
      [Object Copy (ms): Min: 0.0, Avg: 3.3, Max: 4.5, Diff: 4.5, Sum: 26.7]
      [Termination (ms): Min: 0.0, Avg: 0.5, Max: 0.6, Diff: 0.6, Sum: 3.8]
         [Termination Attempts: Min: 1, Avg: 11.1, Max: 17, Diff: 16, Sum: 89]
      [GC Worker Other (ms): Min: 0.0, Avg: 0.0, Max: 0.0, Diff: 0.0, Sum: 0.0]
      [GC Worker Total (ms): Min: 0.0, Avg: 7.0, Max: 13.8, Diff: 13.7, Sum: 55.7]
      [GC Worker End (ms): Min: 452794306.3, Avg: 452794306.3, Max: 452794306.3, Diff: 0.0]
   [Code Root Fixup: 0.0 ms]
   [Code Root Purge: 0.0 ms]
   [Clear CT: 0.9 ms]
   [Other: 31.9 ms]
      [Choose CSet: 0.0 ms]
      [Ref Proc: 31.5 ms]
      [Ref Enq: 0.1 ms]
      [Redirty Cards: 0.1 ms]
      [Humongous Register: 0.0 ms]
      [Humongous Reclaim: 0.0 ms]
      [Free CSet: 0.1 ms]
   [Eden: 7152.0M(7152.0M)->0.0B(5696.0M) Survivors: 16384.0K->32768.0K Heap: 10631.1M(14336.0M)->3490.6M(14336.0M)]
 [Times: user=0.17 sys=0.00, real=0.05 secs] 
2022-09-28T05:44:03.691-0600: 452876.802: [GC pause (G1 Evacuation Pause) (mixed), 0.0373272 secs]
   [Parallel Time: 15.1 ms, GC Workers: 8]
      [GC Worker Start (ms): Min: 452876802.4, Avg: 452876807.0, Max: 452876811.7, Diff: 9.3]
      [Ext Root Scanning (ms): Min: 0.0, Avg: 0.9, Max: 3.4, Diff: 3.4, Sum: 6.9]
      [Update RS (ms): Min: 0.0, Avg: 1.5, Max: 3.4, Diff: 3.4, Sum: 11.9]
         [Processed Buffers: Min: 0, Avg: 7.5, Max: 25, Diff: 25, Sum: 60]
      [Scan RS (ms): Min: 0.0, Avg: 0.8, Max: 1.7, Diff: 1.7, Sum: 6.5]
      [Code Root Scanning (ms): Min: 0.0, Avg: 0.0, Max: 0.3, Diff: 0.3, Sum: 0.4]
      [Object Copy (ms): Min: 4.9, Avg: 6.5, Max: 8.3, Diff: 3.4, Sum: 52.4]
      [Termination (ms): Min: 0.0, Avg: 0.5, Max: 0.7, Diff: 0.7, Sum: 3.8]
         [Termination Attempts: Min: 1, Avg: 15.0, Max: 26, Diff: 25, Sum: 120]
      [GC Worker Other (ms): Min: 0.0, Avg: 0.0, Max: 0.0, Diff: 0.0, Sum: 0.0]
      [GC Worker Total (ms): Min: 5.6, Avg: 10.2, Max: 14.8, Diff: 9.3, Sum: 81.8]
      [GC Worker End (ms): Min: 452876817.3, Avg: 452876817.3, Max: 452876817.3, Diff: 0.0]
   [Code Root Fixup: 0.0 ms]
   [Code Root Purge: 0.0 ms]
   [Clear CT: 0.7 ms]
   [Other: 21.5 ms]
      [Choose CSet: 0.0 ms]
      [Ref Proc: 21.0 ms]
      [Ref Enq: 0.1 ms]
      [Redirty Cards: 0.2 ms]
      [Humongous Register: 0.0 ms]
      [Humongous Reclaim: 0.0 ms]
      [Free CSet: 0.1 ms]
   [Eden: 5696.0M(5696.0M)->0.0B(7136.0M) Survivors: 32768.0K->32768.0K Heap: 9186.6M(14336.0M)->3501.2M(14336.0M)]
 [Times: user=0.15 sys=0.00, real=0.04 secs] 
2022-09-28T05:45:52.928-0600: 452986.039: [GC pause (G1 Evacuation Pause) (young), 0.0350986 secs]
   [Parallel Time: 15.7 ms, GC Workers: 8]
      [GC Worker Start (ms): Min: 452986039.3, Avg: 452986045.3, Max: 452986054.1, Diff: 14.7]
      [Ext Root Scanning (ms): Min: 0.0, Avg: 0.7, Max: 3.0, Diff: 3.0, Sum: 5.8]
      [Update RS (ms): Min: 0.0, Avg: 5.9, Max: 11.6, Diff: 11.6, Sum: 47.6]
         [Processed Buffers: Min: 0, Avg: 22.4, Max: 38, Diff: 38, Sum: 179]
      [Scan RS (ms): Min: 0.0, Avg: 0.0, Max: 0.1, Diff: 0.0, Sum: 0.2]
      [Code Root Scanning (ms): Min: 0.0, Avg: 0.0, Max: 0.0, Diff: 0.0, Sum: 0.0]
      [Object Copy (ms): Min: 0.0, Avg: 1.7, Max: 2.5, Diff: 2.5, Sum: 13.3]
      [Termination (ms): Min: 0.0, Avg: 1.1, Max: 1.4, Diff: 1.4, Sum: 8.8]
         [Termination Attempts: Min: 1, Avg: 2.2, Max: 6, Diff: 5, Sum: 18]
      [GC Worker Other (ms): Min: 0.0, Avg: 0.0, Max: 0.0, Diff: 0.0, Sum: 0.1]
      [GC Worker Total (ms): Min: 0.7, Avg: 9.5, Max: 15.5, Diff: 14.8, Sum: 75.8]
      [GC Worker End (ms): Min: 452986054.8, Avg: 452986054.8, Max: 452986054.8, Diff: 0.1]
   [Code Root Fixup: 0.0 ms]
   [Code Root Purge: 0.0 ms]
   [Clear CT: 0.8 ms]
   [Other: 18.6 ms]
      [Choose CSet: 0.0 ms]
      [Ref Proc: 18.3 ms]
      [Ref Enq: 0.1 ms]
      [Redirty Cards: 0.1 ms]
      [Humongous Register: 0.0 ms]
      [Humongous Reclaim: 0.0 ms]
      [Free CSet: 0.1 ms]
   [Eden: 7136.0M(7136.0M)->0.0B(7152.0M) Survivors: 32768.0K->16384.0K Heap: 10637.2M(14336.0M)->3501.2M(14336.0M)]
 [Times: user=0.13 sys=0.00, real=0.03 secs] 
2022-09-28T05:47:37.429-0600: 453090.540: [GC pause (G1 Evacuation Pause) (young) (initial-mark), 0.0437109 secs]
   [Parallel Time: 19.1 ms, GC Workers: 8]
      [GC Worker Start (ms): Min: 453090541.3, Avg: 453090543.9, Max: 453090544.8, Diff: 3.4]
      [Ext Root Scanning (ms): Min: 1.6, Avg: 10.3, Max: 14.2, Diff: 12.7, Sum: 82.2]
      [Update RS (ms): Min: 0.0, Avg: 1.3, Max: 6.6, Diff: 6.6, Sum: 10.1]
         [Processed Buffers: Min: 0, Avg: 7.4, Max: 24, Diff: 24, Sum: 59]
      [Scan RS (ms): Min: 0.0, Avg: 0.0, Max: 0.1, Diff: 0.1, Sum: 0.2]
      [Code Root Scanning (ms): Min: 0.0, Avg: 0.0, Max: 0.0, Diff: 0.0, Sum: 0.0]
      [Object Copy (ms): Min: 0.0, Avg: 1.8, Max: 3.6, Diff: 3.6, Sum: 14.1]
      [Termination (ms): Min: 0.0, Avg: 1.8, Max: 2.7, Diff: 2.7, Sum: 14.4]
         [Termination Attempts: Min: 1, Avg: 15.9, Max: 46, Diff: 45, Sum: 127]
      [GC Worker Other (ms): Min: 0.0, Avg: 0.0, Max: 0.0, Diff: 0.0, Sum: 0.0]
      [GC Worker Total (ms): Min: 14.2, Avg: 15.1, Max: 17.8, Diff: 3.5, Sum: 121.1]
      [GC Worker End (ms): Min: 453090559.0, Avg: 453090559.1, Max: 453090559.1, Diff: 0.1]
   [Code Root Fixup: 0.0 ms]
   [Code Root Purge: 0.0 ms]
   [Clear CT: 0.5 ms]
   [Other: 24.1 ms]
      [Choose CSet: 0.0 ms]
      [Ref Proc: 23.6 ms]
      [Ref Enq: 0.1 ms]
      [Redirty Cards: 0.1 ms]
      [Humongous Register: 0.0 ms]
      [Humongous Reclaim: 0.0 ms]
      [Free CSet: 0.1 ms]
   [Eden: 7152.0M(7152.0M)->0.0B(7152.0M) Survivors: 16384.0K->16384.0K Heap: 10653.2M(14336.0M)->3503.4M(14336.0M)]
 [Times: user=0.14 sys=0.00, real=0.04 secs] 
2022-09-28T05:47:37.473-0600: 453090.584: [GC concurrent-root-region-scan-start]
2022-09-28T05:47:37.480-0600: 453090.591: [GC concurrent-root-region-scan-end, 0.0067474 secs]
2022-09-28T05:47:37.480-0600: 453090.591: [GC concurrent-mark-start]
2022-09-28T05:47:38.812-0600: 453091.923: [GC concurrent-mark-end, 1.3322359 secs]
2022-09-28T05:47:38.812-0600: 453091.923: [GC remark 2022-09-28T05:47:38.812-0600: 453091.923: [Finalize Marking, 0.0015052 secs] 2022-09-28T05:47:38.814-0600: 453091.924: [GC ref-proc, 0.2554724 secs] 2022-09-28T05:47:39.069-0600: 453092.180: [Unloading, 0.0387866 secs], 0.3039184 secs]
 [Times: user=0.74 sys=0.00, real=0.30 secs] 
2022-09-28T05:47:39.116-0600: 453092.227: [GC cleanup 3615M->3615M(14336M), 0.0089994 secs]
 [Times: user=0.03 sys=0.00, real=0.01 secs] 
2022-09-28T05:49:37.380-0600: 453210.491: [GC pause (G1 Evacuation Pause) (young), 0.0517240 secs]
   [Parallel Time: 32.3 ms, GC Workers: 8]
      [GC Worker Start (ms): Min: 453210491.3, Avg: 453210498.2, Max: 453210503.2, Diff: 11.9]
      [Ext Root Scanning (ms): Min: 0.0, Avg: 0.7, Max: 3.0, Diff: 3.0, Sum: 5.8]
      [Update RS (ms): Min: 0.0, Avg: 2.2, Max: 5.6, Diff: 5.6, Sum: 17.9]
         [Processed Buffers: Min: 0, Avg: 13.2, Max: 40, Diff: 40, Sum: 106]
      [Scan RS (ms): Min: 0.0, Avg: 0.0, Max: 0.1, Diff: 0.1, Sum: 0.3]
      [Code Root Scanning (ms): Min: 0.0, Avg: 0.0, Max: 0.0, Diff: 0.0, Sum: 0.0]
      [Object Copy (ms): Min: 19.7, Avg: 21.8, Max: 23.2, Diff: 3.5, Sum: 174.4]
      [Termination (ms): Min: 0.0, Avg: 0.5, Max: 0.6, Diff: 0.6, Sum: 4.1]
         [Termination Attempts: Min: 1, Avg: 1.0, Max: 1, Diff: 0, Sum: 8]
      [GC Worker Other (ms): Min: 0.0, Avg: 0.0, Max: 0.0, Diff: 0.0, Sum: 0.1]
      [GC Worker Total (ms): Min: 20.3, Avg: 25.3, Max: 32.2, Diff: 11.9, Sum: 202.5]
      [GC Worker End (ms): Min: 453210523.5, Avg: 453210523.5, Max: 453210523.6, Diff: 0.0]
   [Code Root Fixup: 0.0 ms]
   [Code Root Purge: 0.0 ms]
   [Clear CT: 0.8 ms]
   [Other: 18.7 ms]
      [Choose CSet: 0.0 ms]
      [Ref Proc: 18.3 ms]
      [Ref Enq: 0.1 ms]
      [Redirty Cards: 0.1 ms]
      [Humongous Register: 0.0 ms]
      [Humongous Reclaim: 0.0 ms]
      [Free CSet: 0.1 ms]
   [Eden: 7152.0M(7152.0M)->0.0B(5568.0M) Survivors: 16384.0K->160.0M Heap: 10655.4M(14336.0M)->3655.5M(14336.0M)]
 [Times: user=0.24 sys=0.00, real=0.05 secs] 
2022-09-28T05:51:27.287-0600: 453320.398: [GC pause (G1 Evacuation Pause) (mixed), 0.0741297 secs]
   [Parallel Time: 57.1 ms, GC Workers: 8]
      [GC Worker Start (ms): Min: 453320398.3, Avg: 453320407.0, Max: 453320414.6, Diff: 16.3]
      [Ext Root Scanning (ms): Min: 0.0, Avg: 0.9, Max: 3.3, Diff: 3.3, Sum: 6.9]
      [Update RS (ms): Min: 0.0, Avg: 1.7, Max: 4.6, Diff: 4.6, Sum: 13.5]
         [Processed Buffers: Min: 0, Avg: 9.9, Max: 41, Diff: 41, Sum: 79]
      [Scan RS (ms): Min: 0.0, Avg: 1.6, Max: 4.5, Diff: 4.5, Sum: 13.1]
      [Code Root Scanning (ms): Min: 0.0, Avg: 0.0, Max: 0.1, Diff: 0.1, Sum: 0.1]
      [Object Copy (ms): Min: 38.1, Avg: 41.8, Max: 44.0, Diff: 5.9, Sum: 334.7]
      [Termination (ms): Min: 0.0, Avg: 2.2, Max: 2.7, Diff: 2.7, Sum: 18.0]
         [Termination Attempts: Min: 1, Avg: 2.6, Max: 5, Diff: 4, Sum: 21]
      [GC Worker Other (ms): Min: 0.0, Avg: 0.0, Max: 0.0, Diff: 0.0, Sum: 0.1]
      [GC Worker Total (ms): Min: 40.6, Avg: 48.3, Max: 57.1, Diff: 16.5, Sum: 386.4]
      [GC Worker End (ms): Min: 453320455.1, Avg: 453320455.3, Max: 453320455.3, Diff: 0.2]
   [Code Root Fixup: 0.0 ms]
   [Code Root Purge: 0.0 ms]
   [Clear CT: 0.7 ms]
   [Other: 16.3 ms]
      [Choose CSet: 0.0 ms]
      [Ref Proc: 15.6 ms]
      [Ref Enq: 0.1 ms]
      [Redirty Cards: 0.3 ms]
      [Humongous Register: 0.0 ms]
      [Humongous Reclaim: 0.0 ms]
      [Free CSet: 0.1 ms]
   [Eden: 5568.0M(5568.0M)->0.0B(7040.0M) Survivors: 160.0M->128.0M Heap: 9223.5M(14336.0M)->3761.1M(14336.0M)]
 [Times: user=0.27 sys=0.00, real=0.08 secs] 
2022-09-28T05:53:37.929-0600: 453451.040: [GC pause (G1 Evacuation Pause) (young), 0.0403506 secs]
   [Parallel Time: 15.4 ms, GC Workers: 8]
      [GC Worker Start (ms): Min: 453451039.8, Avg: 453451044.3, Max: 453451047.2, Diff: 7.4]
      [Ext Root Scanning (ms): Min: 0.0, Avg: 0.7, Max: 3.0, Diff: 3.0, Sum: 5.8]
      [Update RS (ms): Min: 0.0, Avg: 3.2, Max: 5.1, Diff: 5.1, Sum: 25.5]
         [Processed Buffers: Min: 0, Avg: 25.0, Max: 41, Diff: 41, Sum: 200]
      [Scan RS (ms): Min: 0.0, Avg: 2.0, Max: 2.4, Diff: 2.4, Sum: 16.2]
      [Code Root Scanning (ms): Min: 0.0, Avg: 0.0, Max: 0.0, Diff: 0.0, Sum: 0.0]
      [Object Copy (ms): Min: 3.1, Avg: 4.4, Max: 12.3, Diff: 9.2, Sum: 35.3]
      [Termination (ms): Min: 0.0, Avg: 0.5, Max: 0.7, Diff: 0.6, Sum: 3.9]
         [Termination Attempts: Min: 7, Avg: 73.0, Max: 104, Diff: 97, Sum: 584]
      [GC Worker Other (ms): Min: 0.0, Avg: 0.0, Max: 0.0, Diff: 0.0, Sum: 0.1]
      [GC Worker Total (ms): Min: 8.0, Avg: 10.9, Max: 15.4, Diff: 7.4, Sum: 86.8]
      [GC Worker End (ms): Min: 453451055.2, Avg: 453451055.2, Max: 453451055.2, Diff: 0.0]
   [Code Root Fixup: 0.0 ms]
   [Code Root Purge: 0.0 ms]
   [Clear CT: 0.7 ms]
   [Other: 24.2 ms]
      [Choose CSet: 0.0 ms]
      [Ref Proc: 23.7 ms]
      [Ref Enq: 0.1 ms]
      [Redirty Cards: 0.2 ms]
      [Humongous Register: 0.0 ms]
      [Humongous Reclaim: 0.0 ms]
      [Free CSet: 0.1 ms]
   [Eden: 7040.0M(7040.0M)->0.0B(7104.0M) Survivors: 128.0M->65536.0K Heap: 10801.1M(14336.0M)->3774.6M(14336.0M)]
 [Times: user=0.14 sys=0.00, real=0.04 secs] 
2022-09-28T05:55:57.290-0600: 453590.401: [GC pause (G1 Evacuation Pause) (young) (initial-mark), 0.1347995 secs]
   [Parallel Time: 23.7 ms, GC Workers: 8]
      [GC Worker Start (ms): Min: 453590402.3, Avg: 453590405.4, Max: 453590406.4, Diff: 4.1]
      [Ext Root Scanning (ms): Min: 1.6, Avg: 9.5, Max: 18.0, Diff: 16.4, Sum: 75.8]
      [Update RS (ms): Min: 0.0, Avg: 2.9, Max: 6.1, Diff: 6.1, Sum: 22.9]
         [Processed Buffers: Min: 0, Avg: 26.0, Max: 57, Diff: 57, Sum: 208]
      [Scan RS (ms): Min: 0.0, Avg: 1.5, Max: 3.0, Diff: 3.0, Sum: 12.0]
      [Code Root Scanning (ms): Min: 0.0, Avg: 0.0, Max: 0.0, Diff: 0.0, Sum: 0.0]
      [Object Copy (ms): Min: 0.0, Avg: 2.0, Max: 3.4, Diff: 3.4, Sum: 16.1]
      [Termination (ms): Min: 0.0, Avg: 3.3, Max: 4.6, Diff: 4.6, Sum: 26.5]
         [Termination Attempts: Min: 1, Avg: 7.1, Max: 19, Diff: 18, Sum: 57]
      [GC Worker Other (ms): Min: 0.0, Avg: 0.0, Max: 0.0, Diff: 0.0, Sum: 0.0]
      [GC Worker Total (ms): Min: 18.1, Avg: 19.2, Max: 22.4, Diff: 4.3, Sum: 153.4]
      [GC Worker End (ms): Min: 453590424.5, Avg: 453590424.5, Max: 453590424.6, Diff: 0.2]
   [Code Root Fixup: 0.0 ms]
   [Code Root Purge: 0.0 ms]
   [Clear CT: 0.9 ms]
   [Other: 110.2 ms]
      [Choose CSet: 0.0 ms]
      [Ref Proc: 109.5 ms]
      [Ref Enq: 0.1 ms]
      [Redirty Cards: 0.3 ms]
      [Humongous Register: 0.0 ms]
      [Humongous Reclaim: 0.0 ms]
      [Free CSet: 0.2 ms]
   [Eden: 7104.0M(7104.0M)->0.0B(7152.0M) Survivors: 65536.0K->16384.0K Heap: 10878.6M(14336.0M)->3757.4M(14336.0M)]
 [Times: user=0.74 sys=0.00, real=0.13 secs] 
2022-09-28T05:55:57.425-0600: 453590.536: [GC concurrent-root-region-scan-start]
2022-09-28T05:55:57.629-0600: 453590.740: [GC concurrent-root-region-scan-end, 0.2038357 secs]
2022-09-28T05:55:57.629-0600: 453590.740: [GC concurrent-mark-start]
2022-09-28T05:55:58.872-0600: 453591.983: [GC concurrent-mark-end, 1.2432931 secs]
2022-09-28T05:55:58.873-0600: 453591.984: [GC remark 2022-09-28T05:55:58.873-0600: 453591.984: [Finalize Marking, 0.0025191 secs] 2022-09-28T05:55:58.875-0600: 453591.986: [GC ref-proc, 0.0320463 secs] 2022-09-28T05:55:58.907-0600: 453592.018: [Unloading, 0.1266738 secs], 0.1691015 secs]
 [Times: user=0.24 sys=0.00, real=0.17 secs] 
2022-09-28T05:55:59.042-0600: 453592.153: [GC cleanup 3837M->3837M(14336M), 0.0093766 secs]
 [Times: user=0.03 sys=0.00, real=0.01 secs] 
2022-09-28T05:58:15.728-0600: 453728.839: [GC pause (G1 Evacuation Pause) (young), 0.0568655 secs]
   [Parallel Time: 20.7 ms, GC Workers: 8]
      [GC Worker Start (ms): Min: 453728839.0, Avg: 453728841.7, Max: 453728845.0, Diff: 6.0]
      [Ext Root Scanning (ms): Min: 0.0, Avg: 0.9, Max: 3.4, Diff: 3.4, Sum: 7.2]
      [Update RS (ms): Min: 6.5, Avg: 11.7, Max: 18.7, Diff: 12.2, Sum: 93.8]
         [Processed Buffers: Min: 2, Avg: 40.0, Max: 66, Diff: 64, Sum: 320]
      [Scan RS (ms): Min: 0.0, Avg: 0.0, Max: 0.1, Diff: 0.1, Sum: 0.2]
      [Code Root Scanning (ms): Min: 0.0, Avg: 0.0, Max: 0.0, Diff: 0.0, Sum: 0.0]
      [Object Copy (ms): Min: 0.0, Avg: 0.9, Max: 1.7, Diff: 1.7, Sum: 6.9]
      [Termination (ms): Min: 0.0, Avg: 4.3, Max: 6.6, Diff: 6.6, Sum: 34.5]
         [Termination Attempts: Min: 1, Avg: 7.8, Max: 17, Diff: 16, Sum: 62]
      [GC Worker Other (ms): Min: 0.0, Avg: 0.0, Max: 0.0, Diff: 0.0, Sum: 0.0]
      [GC Worker Total (ms): Min: 14.7, Avg: 17.8, Max: 20.6, Diff: 5.9, Sum: 142.6]
      [GC Worker End (ms): Min: 453728859.5, Avg: 453728859.6, Max: 453728859.7, Diff: 0.2]
   [Code Root Fixup: 0.0 ms]
   [Code Root Purge: 0.0 ms]
   [Clear CT: 0.6 ms]
   [Other: 35.5 ms]
      [Choose CSet: 0.0 ms]
      [Ref Proc: 35.2 ms]
      [Ref Enq: 0.1 ms]
      [Redirty Cards: 0.0 ms]
      [Humongous Register: 0.0 ms]
      [Humongous Reclaim: 0.0 ms]
      [Free CSet: 0.1 ms]
   [Eden: 7152.0M(7152.0M)->0.0B(5712.0M) Survivors: 16384.0K->16384.0K Heap: 10909.4M(14336.0M)->3756.6M(14336.0M)]
 [Times: user=0.18 sys=0.00, real=0.06 secs] 
2022-09-28T06:00:05.288-0600: 453838.398: [GC pause (G1 Evacuation Pause) (mixed), 0.1043316 secs]
   [Parallel Time: 60.4 ms, GC Workers: 8]
      [GC Worker Start (ms): Min: 453838398.6, Avg: 453838400.1, Max: 453838403.2, Diff: 4.6]
      [Ext Root Scanning (ms): Min: 0.0, Avg: 15.7, Max: 59.6, Diff: 59.6, Sum: 126.0]
      [Update RS (ms): Min: 0.0, Avg: 0.6, Max: 2.2, Diff: 2.2, Sum: 5.1]
         [Processed Buffers: Min: 0, Avg: 5.0, Max: 21, Diff: 21, Sum: 40]
      [Scan RS (ms): Min: 0.0, Avg: 6.4, Max: 9.1, Diff: 9.1, Sum: 51.4]
      [Code Root Scanning (ms): Min: 0.0, Avg: 0.0, Max: 0.0, Diff: 0.0, Sum: 0.1]
      [Object Copy (ms): Min: 0.0, Avg: 11.4, Max: 15.4, Diff: 15.4, Sum: 91.3]
      [Termination (ms): Min: 0.0, Avg: 24.5, Max: 32.8, Diff: 32.8, Sum: 195.8]
         [Termination Attempts: Min: 1, Avg: 128.4, Max: 244, Diff: 243, Sum: 1027]
      [GC Worker Other (ms): Min: 0.0, Avg: 0.0, Max: 0.0, Diff: 0.0, Sum: 0.1]
      [GC Worker Total (ms): Min: 55.6, Avg: 58.7, Max: 60.2, Diff: 4.6, Sum: 469.7]
      [GC Worker End (ms): Min: 453838458.8, Avg: 453838458.8, Max: 453838458.9, Diff: 0.2]
   [Code Root Fixup: 0.0 ms]
   [Code Root Purge: 0.0 ms]
   [Clear CT: 1.2 ms]
   [Other: 42.7 ms]
      [Choose CSet: 0.1 ms]
      [Ref Proc: 41.8 ms]
      [Ref Enq: 0.1 ms]
      [Redirty Cards: 0.3 ms]
      [Humongous Register: 0.0 ms]
      [Humongous Reclaim: 0.0 ms]
      [Free CSet: 0.3 ms]
   [Eden: 5712.0M(5712.0M)->0.0B(7152.0M) Survivors: 16384.0K->16384.0K Heap: 9468.6M(14336.0M)->3373.3M(14336.0M)]
 [Times: user=0.49 sys=0.00, real=0.11 secs] 
2022-09-28T06:02:20.283-0600: 453973.394: [GC pause (G1 Evacuation Pause) (young), 0.0330128 secs]
   [Parallel Time: 13.7 ms, GC Workers: 8]
      [GC Worker Start (ms): Min: 453973394.1, Avg: 453973394.5, Max: 453973396.5, Diff: 2.4]
      [Ext Root Scanning (ms): Min: 0.0, Avg: 1.1, Max: 3.1, Diff: 3.1, Sum: 9.2]
      [Update RS (ms): Min: 5.3, Avg: 7.7, Max: 9.7, Diff: 4.4, Sum: 61.9]
         [Processed Buffers: Min: 4, Avg: 26.4, Max: 52, Diff: 48, Sum: 211]
      [Scan RS (ms): Min: 0.0, Avg: 0.1, Max: 0.3, Diff: 0.3, Sum: 0.8]
      [Code Root Scanning (ms): Min: 0.0, Avg: 0.0, Max: 0.0, Diff: 0.0, Sum: 0.0]
      [Object Copy (ms): Min: 0.1, Avg: 1.1, Max: 2.9, Diff: 2.8, Sum: 8.7]
      [Termination (ms): Min: 0.0, Avg: 3.0, Max: 3.7, Diff: 3.7, Sum: 24.0]
         [Termination Attempts: Min: 1, Avg: 4.1, Max: 21, Diff: 20, Sum: 33]
      [GC Worker Other (ms): Min: 0.0, Avg: 0.0, Max: 0.0, Diff: 0.0, Sum: 0.1]
      [GC Worker Total (ms): Min: 11.1, Avg: 13.1, Max: 13.5, Diff: 2.5, Sum: 104.6]
      [GC Worker End (ms): Min: 453973407.5, Avg: 453973407.5, Max: 453973407.6, Diff: 0.2]
   [Code Root Fixup: 0.0 ms]
   [Code Root Purge: 0.0 ms]
   [Clear CT: 0.8 ms]
   [Other: 18.5 ms]
      [Choose CSet: 0.0 ms]
      [Ref Proc: 18.1 ms]
      [Ref Enq: 0.1 ms]
      [Redirty Cards: 0.1 ms]
      [Humongous Register: 0.0 ms]
      [Humongous Reclaim: 0.0 ms]
      [Free CSet: 0.1 ms]
   [Eden: 7152.0M(7152.0M)->0.0B(7152.0M) Survivors: 16384.0K->16384.0K Heap: 10525.3M(14336.0M)->3413.7M(14336.0M)]
 [Times: user=0.13 sys=0.00, real=0.03 secs] 
2022-09-28T06:04:40.828-0600: 454113.939: [GC pause (G1 Evacuation Pause) (young) (initial-mark), 0.0414619 secs]
   [Parallel Time: 13.6 ms, GC Workers: 8]
      [GC Worker Start (ms): Min: 454113940.6, Avg: 454113942.9, Max: 454113943.8, Diff: 3.2]
      [Ext Root Scanning (ms): Min: 2.3, Avg: 6.2, Max: 8.9, Diff: 6.6, Sum: 49.3]
      [Update RS (ms): Min: 0.0, Avg: 0.6, Max: 1.9, Diff: 1.9, Sum: 5.1]
         [Processed Buffers: Min: 0, Avg: 5.8, Max: 22, Diff: 22, Sum: 46]
      [Scan RS (ms): Min: 0.0, Avg: 0.0, Max: 0.1, Diff: 0.1, Sum: 0.2]
      [Code Root Scanning (ms): Min: 0.0, Avg: 0.0, Max: 0.0, Diff: 0.0, Sum: 0.0]
      [Object Copy (ms): Min: 0.0, Avg: 0.6, Max: 1.5, Diff: 1.5, Sum: 4.9]
      [Termination (ms): Min: 0.0, Avg: 2.4, Max: 3.7, Diff: 3.7, Sum: 19.5]
         [Termination Attempts: Min: 1, Avg: 3.6, Max: 9, Diff: 8, Sum: 29]
      [GC Worker Other (ms): Min: 0.0, Avg: 0.0, Max: 0.0, Diff: 0.0, Sum: 0.1]
      [GC Worker Total (ms): Min: 8.9, Avg: 9.9, Max: 12.3, Diff: 3.3, Sum: 79.0]
      [GC Worker End (ms): Min: 454113952.7, Avg: 454113952.8, Max: 454113952.9, Diff: 0.1]
   [Code Root Fixup: 0.0 ms]
   [Code Root Purge: 0.0 ms]
   [Clear CT: 0.9 ms]
   [Other: 27.0 ms]
      [Choose CSet: 0.0 ms]
      [Ref Proc: 26.6 ms]
      [Ref Enq: 0.1 ms]
      [Redirty Cards: 0.1 ms]
      [Humongous Register: 0.0 ms]
      [Humongous Reclaim: 0.0 ms]
      [Free CSet: 0.1 ms]
   [Eden: 7152.0M(7152.0M)->0.0B(7152.0M) Survivors: 16384.0K->16384.0K Heap: 10565.7M(14336.0M)->3418.1M(14336.0M)]
 [Times: user=0.14 sys=0.00, real=0.04 secs] 
2022-09-28T06:04:40.870-0600: 454113.981: [GC concurrent-root-region-scan-start]
2022-09-28T06:04:40.875-0600: 454113.986: [GC concurrent-root-region-scan-end, 0.0052683 secs]
2022-09-28T06:04:40.875-0600: 454113.986: [GC concurrent-mark-start]
2022-09-28T06:04:42.162-0600: 454115.273: [GC concurrent-mark-end, 1.2870155 secs]
2022-09-28T06:04:42.163-0600: 454115.273: [GC remark 2022-09-28T06:04:42.163-0600: 454115.274: [Finalize Marking, 0.0034896 secs] 2022-09-28T06:04:42.166-0600: 454115.277: [GC ref-proc, 0.0214467 secs] 2022-09-28T06:04:42.188-0600: 454115.298: [Unloading, 0.1924702 secs], 0.2261623 secs]
 [Times: user=0.21 sys=0.00, real=0.23 secs] 
2022-09-28T06:04:42.389-0600: 454115.500: [GC cleanup 3514M->3514M(14336M), 0.0096335 secs]
 [Times: user=0.01 sys=0.00, real=0.00 secs] 
2022-09-28T06:07:02.580-0600: 454255.691: [GC pause (G1 Evacuation Pause) (young), 0.1230431 secs]
   [Parallel Time: 33.9 ms, GC Workers: 8]
      [GC Worker Start (ms): Min: 454255690.7, Avg: 454255698.5, Max: 454255716.6, Diff: 26.0]
      [Ext Root Scanning (ms): Min: 0.0, Avg: 0.8, Max: 3.1, Diff: 3.1, Sum: 6.6]
      [Update RS (ms): Min: 0.0, Avg: 0.6, Max: 1.8, Diff: 1.8, Sum: 4.7]
         [Processed Buffers: Min: 0, Avg: 4.5, Max: 18, Diff: 18, Sum: 36]
      [Scan RS (ms): Min: 0.0, Avg: 0.0, Max: 0.1, Diff: 0.1, Sum: 0.2]
      [Code Root Scanning (ms): Min: 0.0, Avg: 0.0, Max: 0.0, Diff: 0.0, Sum: 0.0]
      [Object Copy (ms): Min: 0.0, Avg: 0.8, Max: 1.9, Diff: 1.9, Sum: 6.6]
      [Termination (ms): Min: 0.0, Avg: 15.9, Max: 20.3, Diff: 20.3, Sum: 127.6]
         [Termination Attempts: Min: 1, Avg: 7.6, Max: 25, Diff: 24, Sum: 61]
      [GC Worker Other (ms): Min: 0.0, Avg: 0.0, Max: 0.0, Diff: 0.0, Sum: 0.0]
      [GC Worker Total (ms): Min: 0.0, Avg: 18.2, Max: 26.1, Diff: 26.0, Sum: 145.8]
      [GC Worker End (ms): Min: 454255716.7, Avg: 454255716.7, Max: 454255716.8, Diff: 0.2]
   [Code Root Fixup: 0.0 ms]
   [Code Root Purge: 0.0 ms]
   [Clear CT: 1.0 ms]
   [Other: 88.0 ms]
      [Choose CSet: 0.0 ms]
      [Ref Proc: 87.6 ms]
      [Ref Enq: 0.1 ms]
      [Redirty Cards: 0.1 ms]
      [Humongous Register: 0.0 ms]
      [Humongous Reclaim: 0.0 ms]
      [Free CSet: 0.2 ms]
   [Eden: 7152.0M(7152.0M)->0.0B(5712.0M) Survivors: 16384.0K->16384.0K Heap: 10570.1M(14336.0M)->3420.5M(14336.0M)]
 [Times: user=0.29 sys=0.00, real=0.13 secs] 
2022-09-28T06:08:50.085-0600: 454363.196: [GC pause (G1 Evacuation Pause) (mixed), 0.0366179 secs]
   [Parallel Time: 15.3 ms, GC Workers: 8]
      [GC Worker Start (ms): Min: 454363196.1, Avg: 454363197.9, Max: 454363201.8, Diff: 5.7]
      [Ext Root Scanning (ms): Min: 0.0, Avg: 1.6, Max: 3.2, Diff: 3.2, Sum: 12.5]
      [Update RS (ms): Min: 0.0, Avg: 0.6, Max: 1.9, Diff: 1.9, Sum: 4.6]
         [Processed Buffers: Min: 0, Avg: 5.0, Max: 14, Diff: 14, Sum: 40]
      [Scan RS (ms): Min: 0.0, Avg: 0.5, Max: 0.8, Diff: 0.8, Sum: 4.2]
      [Code Root Scanning (ms): Min: 0.0, Avg: 0.0, Max: 0.0, Diff: 0.0, Sum: 0.0]
      [Object Copy (ms): Min: 3.0, Avg: 4.9, Max: 10.9, Diff: 7.9, Sum: 39.5]
      [Termination (ms): Min: 0.0, Avg: 5.7, Max: 7.0, Diff: 7.0, Sum: 45.3]
         [Termination Attempts: Min: 1, Avg: 6.9, Max: 27, Diff: 26, Sum: 55]
      [GC Worker Other (ms): Min: 0.0, Avg: 0.0, Max: 0.0, Diff: 0.0, Sum: 0.1]
      [GC Worker Total (ms): Min: 9.4, Avg: 13.3, Max: 15.1, Diff: 5.8, Sum: 106.2]
      [GC Worker End (ms): Min: 454363211.1, Avg: 454363211.2, Max: 454363211.3, Diff: 0.2]
   [Code Root Fixup: 0.0 ms]
   [Code Root Purge: 0.0 ms]
   [Clear CT: 0.8 ms]
   [Other: 20.5 ms]
      [Choose CSet: 0.0 ms]
      [Ref Proc: 20.1 ms]
      [Ref Enq: 0.1 ms]
      [Redirty Cards: 0.1 ms]
      [Humongous Register: 0.0 ms]
      [Humongous Reclaim: 0.0 ms]
      [Free CSet: 0.1 ms]
   [Eden: 5712.0M(5712.0M)->0.0B(7152.0M) Survivors: 16384.0K->16384.0K Heap: 9132.5M(14336.0M)->3382.4M(14336.0M)]
 [Times: user=0.14 sys=0.00, real=0.04 secs] 
2022-09-28T06:11:05.230-0600: 454498.341: [GC pause (G1 Evacuation Pause) (young), 0.0206874 secs]
   [Parallel Time: 9.4 ms, GC Workers: 8]
      [GC Worker Start (ms): Min: 454498341.2, Avg: 454498344.4, Max: 454498347.2, Diff: 6.0]
      [Ext Root Scanning (ms): Min: 0.0, Avg: 0.8, Max: 2.9, Diff: 2.9, Sum: 6.6]
      [Update RS (ms): Min: 0.8, Avg: 3.4, Max: 6.3, Diff: 5.5, Sum: 27.0]
         [Processed Buffers: Min: 3, Avg: 10.5, Max: 22, Diff: 19, Sum: 84]
      [Scan RS (ms): Min: 0.0, Avg: 0.0, Max: 0.1, Diff: 0.1, Sum: 0.2]
      [Code Root Scanning (ms): Min: 0.0, Avg: 0.0, Max: 0.0, Diff: 0.0, Sum: 0.0]
      [Object Copy (ms): Min: 0.0, Avg: 1.0, Max: 1.5, Diff: 1.5, Sum: 8.3]
      [Termination (ms): Min: 0.0, Avg: 0.8, Max: 1.0, Diff: 1.0, Sum: 6.0]
         [Termination Attempts: Min: 1, Avg: 6.0, Max: 11, Diff: 10, Sum: 48]
      [GC Worker Other (ms): Min: 0.0, Avg: 0.0, Max: 0.0, Diff: 0.0, Sum: 0.0]
      [GC Worker Total (ms): Min: 3.3, Avg: 6.0, Max: 9.3, Diff: 6.0, Sum: 48.2]
      [GC Worker End (ms): Min: 454498350.3, Avg: 454498350.4, Max: 454498350.5, Diff: 0.1]
   [Code Root Fixup: 0.0 ms]
   [Code Root Purge: 0.0 ms]
   [Clear CT: 0.6 ms]
   [Other: 10.7 ms]
      [Choose CSet: 0.0 ms]
      [Ref Proc: 10.2 ms]
      [Ref Enq: 0.1 ms]
      [Redirty Cards: 0.1 ms]
      [Humongous Register: 0.0 ms]
      [Humongous Reclaim: 0.0 ms]
      [Free CSet: 0.1 ms]
   [Eden: 7152.0M(7152.0M)->0.0B(7152.0M) Survivors: 16384.0K->16384.0K Heap: 10534.4M(14336.0M)->3387.2M(14336.0M)]
 [Times: user=0.08 sys=0.00, real=0.02 secs] 
2022-09-28T06:13:19.515-0600: 454632.626: [GC pause (G1 Evacuation Pause) (young) (initial-mark), 0.0477044 secs]
   [Parallel Time: 10.3 ms, GC Workers: 8]
      [GC Worker Start (ms): Min: 454632627.0, Avg: 454632627.1, Max: 454632627.2, Diff: 0.2]
      [Ext Root Scanning (ms): Min: 3.9, Avg: 5.6, Max: 7.5, Diff: 3.6, Sum: 45.0]
      [Update RS (ms): Min: 0.0, Avg: 0.7, Max: 1.9, Diff: 1.9, Sum: 5.9]
         [Processed Buffers: Min: 0, Avg: 5.9, Max: 11, Diff: 11, Sum: 47]
      [Scan RS (ms): Min: 0.0, Avg: 0.0, Max: 0.1, Diff: 0.1, Sum: 0.3]
      [Code Root Scanning (ms): Min: 0.0, Avg: 0.0, Max: 0.0, Diff: 0.0, Sum: 0.0]
      [Object Copy (ms): Min: 0.7, Avg: 1.9, Max: 3.1, Diff: 2.4, Sum: 15.5]
      [Termination (ms): Min: 0.0, Avg: 0.5, Max: 0.7, Diff: 0.7, Sum: 3.8]
         [Termination Attempts: Min: 1, Avg: 46.0, Max: 66, Diff: 65, Sum: 368]
      [GC Worker Other (ms): Min: 0.0, Avg: 0.0, Max: 0.0, Diff: 0.0, Sum: 0.1]
      [GC Worker Total (ms): Min: 8.7, Avg: 8.8, Max: 8.9, Diff: 0.2, Sum: 70.5]
      [GC Worker End (ms): Min: 454632635.9, Avg: 454632635.9, Max: 454632635.9, Diff: 0.0]
   [Code Root Fixup: 0.0 ms]
   [Code Root Purge: 0.0 ms]
   [Clear CT: 0.9 ms]
   [Other: 36.5 ms]
      [Choose CSet: 0.0 ms]
      [Ref Proc: 36.1 ms]
      [Ref Enq: 0.1 ms]
      [Redirty Cards: 0.0 ms]
      [Humongous Register: 0.0 ms]
      [Humongous Reclaim: 0.0 ms]
      [Free CSet: 0.1 ms]
   [Eden: 7152.0M(7152.0M)->0.0B(7152.0M) Survivors: 16384.0K->16384.0K Heap: 10539.2M(14336.0M)->3389.3M(14336.0M)]
 [Times: user=0.19 sys=0.00, real=0.05 secs] 
2022-09-28T06:13:19.563-0600: 454632.673: [GC concurrent-root-region-scan-start]
2022-09-28T06:13:19.578-0600: 454632.689: [GC concurrent-root-region-scan-end, 0.0153003 secs]
2022-09-28T06:13:19.578-0600: 454632.689: [GC concurrent-mark-start]
2022-09-28T06:13:20.850-0600: 454633.961: [GC concurrent-mark-end, 1.2725678 secs]
2022-09-28T06:13:20.851-0600: 454633.961: [GC remark 2022-09-28T06:13:20.851-0600: 454633.962: [Finalize Marking, 0.0024038 secs] 2022-09-28T06:13:20.853-0600: 454633.964: [GC ref-proc, 0.0866833 secs] 2022-09-28T06:13:20.940-0600: 454634.051: [Unloading, 0.0281207 secs], 0.1239175 secs]
 [Times: user=0.51 sys=0.00, real=0.12 secs] 
2022-09-28T06:13:20.975-0600: 454634.086: [GC cleanup 3491M->3491M(14336M), 0.0090394 secs]
 [Times: user=0.02 sys=0.00, real=0.01 secs] 
2022-09-28T06:15:39.285-0600: 454772.396: [GC pause (G1 Evacuation Pause) (young), 0.0394468 secs]
   [Parallel Time: 7.5 ms, GC Workers: 8]
      [GC Worker Start (ms): Min: 454772396.3, Avg: 454772400.6, Max: 454772403.7, Diff: 7.4]
      [Ext Root Scanning (ms): Min: 0.0, Avg: 0.8, Max: 3.0, Diff: 3.0, Sum: 6.7]
      [Update RS (ms): Min: 0.0, Avg: 0.8, Max: 2.4, Diff: 2.4, Sum: 6.4]
         [Processed Buffers: Min: 0, Avg: 5.6, Max: 22, Diff: 22, Sum: 45]
      [Scan RS (ms): Min: 0.0, Avg: 0.0, Max: 0.1, Diff: 0.1, Sum: 0.2]
      [Code Root Scanning (ms): Min: 0.0, Avg: 0.0, Max: 0.0, Diff: 0.0, Sum: 0.0]
      [Object Copy (ms): Min: 0.0, Avg: 0.7, Max: 1.7, Diff: 1.7, Sum: 5.9]
      [Termination (ms): Min: 0.0, Avg: 0.7, Max: 1.3, Diff: 1.3, Sum: 5.7]
         [Termination Attempts: Min: 1, Avg: 3.6, Max: 10, Diff: 9, Sum: 29]
      [GC Worker Other (ms): Min: 0.0, Avg: 0.0, Max: 0.0, Diff: 0.0, Sum: 0.0]
      [GC Worker Total (ms): Min: 0.0, Avg: 3.1, Max: 7.5, Diff: 7.4, Sum: 25.1]
      [GC Worker End (ms): Min: 454772403.7, Avg: 454772403.7, Max: 454772403.8, Diff: 0.0]
   [Code Root Fixup: 0.0 ms]
   [Code Root Purge: 0.0 ms]
   [Clear CT: 0.7 ms]
   [Other: 31.2 ms]
      [Choose CSet: 0.0 ms]
      [Ref Proc: 30.8 ms]
      [Ref Enq: 0.1 ms]
      [Redirty Cards: 0.1 ms]
      [Humongous Register: 0.0 ms]
      [Humongous Reclaim: 0.0 ms]
      [Free CSet: 0.1 ms]
   [Eden: 7152.0M(7152.0M)->0.0B(5712.0M) Survivors: 16384.0K->16384.0K Heap: 10541.3M(14336.0M)->3389.4M(14336.0M)]
 [Times: user=0.12 sys=0.00, real=0.04 secs] 
2022-09-28T06:17:27.582-0600: 454880.693: [GC pause (G1 Evacuation Pause) (mixed), 0.0734930 secs]
   [Parallel Time: 46.7 ms, GC Workers: 8]
      [GC Worker Start (ms): Min: 454880693.2, Avg: 454880727.7, Max: 454880739.6, Diff: 46.5]
      [Ext Root Scanning (ms): Min: 0.0, Avg: 0.8, Max: 3.4, Diff: 3.4, Sum: 6.2]
      [Update RS (ms): Min: 0.0, Avg: 0.6, Max: 2.3, Diff: 2.3, Sum: 4.6]
         [Processed Buffers: Min: 0, Avg: 5.0, Max: 27, Diff: 27, Sum: 40]
      [Scan RS (ms): Min: 0.0, Avg: 0.6, Max: 2.3, Diff: 2.3, Sum: 4.7]
      [Code Root Scanning (ms): Min: 0.0, Avg: 0.1, Max: 0.6, Diff: 0.6, Sum: 0.7]
      [Object Copy (ms): Min: 0.0, Avg: 1.0, Max: 4.5, Diff: 4.5, Sum: 8.2]
      [Termination (ms): Min: 0.0, Avg: 8.9, Max: 34.2, Diff: 34.2, Sum: 71.4]
         [Termination Attempts: Min: 1, Avg: 1.6, Max: 6, Diff: 5, Sum: 13]
      [GC Worker Other (ms): Min: 0.0, Avg: 0.0, Max: 0.0, Diff: 0.0, Sum: 0.0]
      [GC Worker Total (ms): Min: 0.0, Avg: 12.0, Max: 46.6, Diff: 46.6, Sum: 95.7]
      [GC Worker End (ms): Min: 454880739.6, Avg: 454880739.7, Max: 454880739.8, Diff: 0.2]
   [Code Root Fixup: 0.0 ms]
   [Code Root Purge: 0.0 ms]
   [Clear CT: 1.1 ms]
   [Other: 25.7 ms]
      [Choose CSet: 0.0 ms]
      [Ref Proc: 25.3 ms]
      [Ref Enq: 0.1 ms]
      [Redirty Cards: 0.1 ms]
      [Humongous Register: 0.0 ms]
      [Humongous Reclaim: 0.0 ms]
      [Free CSet: 0.1 ms]
   [Eden: 5712.0M(5712.0M)->0.0B(7152.0M) Survivors: 16384.0K->16384.0K Heap: 9101.4M(14336.0M)->3362.1M(14336.0M)]
 [Times: user=0.19 sys=0.00, real=0.07 secs] 
2022-09-28T06:19:44.291-0600: 455017.402: [GC pause (G1 Evacuation Pause) (young), 0.1877165 secs]
   [Parallel Time: 153.0 ms, GC Workers: 8]
      [GC Worker Start (ms): Min: 455017401.6, Avg: 455017515.3, Max: 455017554.4, Diff: 152.8]
      [Ext Root Scanning (ms): Min: 0.0, Avg: 0.7, Max: 3.1, Diff: 3.1, Sum: 5.9]
      [Update RS (ms): Min: 0.0, Avg: 1.6, Max: 6.5, Diff: 6.5, Sum: 12.8]
         [Processed Buffers: Min: 0, Avg: 11.5, Max: 47, Diff: 47, Sum: 92]
      [Scan RS (ms): Min: 0.0, Avg: 0.0, Max: 0.1, Diff: 0.1, Sum: 0.2]
      [Code Root Scanning (ms): Min: 0.0, Avg: 0.0, Max: 0.0, Diff: 0.0, Sum: 0.0]
      [Object Copy (ms): Min: 0.0, Avg: 0.4, Max: 2.0, Diff: 2.0, Sum: 3.6]
      [Termination (ms): Min: 0.0, Avg: 36.4, Max: 141.7, Diff: 141.7, Sum: 290.9]
         [Termination Attempts: Min: 1, Avg: 1.1, Max: 2, Diff: 1, Sum: 9]
      [GC Worker Other (ms): Min: 0.0, Avg: 0.0, Max: 0.0, Diff: 0.0, Sum: 0.0]
      [GC Worker Total (ms): Min: 0.0, Avg: 39.2, Max: 152.9, Diff: 152.9, Sum: 313.4]
      [GC Worker End (ms): Min: 455017554.4, Avg: 455017554.5, Max: 455017554.5, Diff: 0.1]
   [Code Root Fixup: 0.0 ms]
   [Code Root Purge: 0.0 ms]
   [Clear CT: 0.7 ms]
   [Other: 34.0 ms]
      [Choose CSet: 0.0 ms]
      [Ref Proc: 33.6 ms]
      [Ref Enq: 0.1 ms]
      [Redirty Cards: 0.1 ms]
      [Humongous Register: 0.0 ms]
      [Humongous Reclaim: 0.0 ms]
      [Free CSet: 0.1 ms]
   [Eden: 7152.0M(7152.0M)->0.0B(7152.0M) Survivors: 16384.0K->16384.0K Heap: 10514.1M(14336.0M)->3364.3M(14336.0M)]
 [Times: user=0.43 sys=0.00, real=0.18 secs] 
2022-09-28T06:22:04.293-0600: 455157.404: [GC pause (G1 Evacuation Pause) (young) (initial-mark), 0.0537972 secs]
   [Parallel Time: 17.3 ms, GC Workers: 8]
      [GC Worker Start (ms): Min: 455157404.8, Avg: 455157408.4, Max: 455157409.2, Diff: 4.4]
      [Ext Root Scanning (ms): Min: 2.2, Avg: 7.4, Max: 11.3, Diff: 9.1, Sum: 58.9]
      [Update RS (ms): Min: 0.0, Avg: 0.6, Max: 1.8, Diff: 1.8, Sum: 5.2]
         [Processed Buffers: Min: 0, Avg: 4.5, Max: 17, Diff: 17, Sum: 36]
      [Scan RS (ms): Min: 0.0, Avg: 0.0, Max: 0.1, Diff: 0.1, Sum: 0.2]
      [Code Root Scanning (ms): Min: 0.0, Avg: 0.0, Max: 0.0, Diff: 0.0, Sum: 0.0]
      [Object Copy (ms): Min: 0.0, Avg: 0.5, Max: 1.4, Diff: 1.4, Sum: 4.0]
      [Termination (ms): Min: 0.0, Avg: 3.6, Max: 6.3, Diff: 6.3, Sum: 29.0]
         [Termination Attempts: Min: 1, Avg: 1.4, Max: 3, Diff: 2, Sum: 11]
      [GC Worker Other (ms): Min: 0.0, Avg: 0.0, Max: 0.0, Diff: 0.0, Sum: 0.0]
      [GC Worker Total (ms): Min: 11.3, Avg: 12.2, Max: 15.7, Diff: 4.4, Sum: 97.4]
      [GC Worker End (ms): Min: 455157420.5, Avg: 455157420.6, Max: 455157420.7, Diff: 0.2]
   [Code Root Fixup: 0.0 ms]
   [Code Root Purge: 0.0 ms]
   [Clear CT: 0.9 ms]
   [Other: 35.6 ms]
      [Choose CSet: 0.0 ms]
      [Ref Proc: 35.2 ms]
      [Ref Enq: 0.1 ms]
      [Redirty Cards: 0.1 ms]
      [Humongous Register: 0.0 ms]
      [Humongous Reclaim: 0.0 ms]
      [Free CSet: 0.1 ms]
   [Eden: 7152.0M(7152.0M)->0.0B(7152.0M) Survivors: 16384.0K->16384.0K Heap: 10516.3M(14336.0M)->3364.8M(14336.0M)]
 [Times: user=0.13 sys=0.00, real=0.05 secs] 
2022-09-28T06:22:04.346-0600: 455157.457: [GC concurrent-root-region-scan-start]
2022-09-28T06:22:04.351-0600: 455157.462: [GC concurrent-root-region-scan-end, 0.0048327 secs]
2022-09-28T06:22:04.351-0600: 455157.462: [GC concurrent-mark-start]
2022-09-28T06:22:05.675-0600: 455158.786: [GC concurrent-mark-end, 1.3241167 secs]
2022-09-28T06:22:05.680-0600: 455158.791: [GC remark 2022-09-28T06:22:05.680-0600: 455158.791: [Finalize Marking, 0.0031681 secs] 2022-09-28T06:22:05.683-0600: 455158.794: [GC ref-proc, 0.1082704 secs] 2022-09-28T06:22:05.792-0600: 455158.903: [Unloading, 0.2240972 secs], 0.3403734 secs]
 [Times: user=0.35 sys=0.00, real=0.35 secs] 
2022-09-28T06:22:06.021-0600: 455159.132: [GC cleanup 3460M->3460M(14336M), 0.1163525 secs]
 [Times: user=0.13 sys=0.00, real=0.11 secs] 
2022-09-28T06:24:19.924-0600: 455293.035: [GC pause (G1 Evacuation Pause) (young), 0.1274327 secs]
   [Parallel Time: 81.2 ms, GC Workers: 8]
      [GC Worker Start (ms): Min: 455293109.2, Avg: 455293113.2, Max: 455293115.8, Diff: 6.5]
      [Ext Root Scanning (ms): Min: 0.0, Avg: 0.8, Max: 3.1, Diff: 3.1, Sum: 6.5]
      [Update RS (ms): Min: 0.0, Avg: 0.6, Max: 1.4, Diff: 1.4, Sum: 4.6]
         [Processed Buffers: Min: 0, Avg: 5.1, Max: 14, Diff: 14, Sum: 41]
      [Scan RS (ms): Min: 0.0, Avg: 0.0, Max: 0.1, Diff: 0.1, Sum: 0.2]
      [Code Root Scanning (ms): Min: 0.0, Avg: 0.0, Max: 0.0, Diff: 0.0, Sum: 0.0]
      [Object Copy (ms): Min: 0.0, Avg: 0.7, Max: 1.4, Diff: 1.4, Sum: 5.3]
      [Termination (ms): Min: 0.0, Avg: 0.6, Max: 1.1, Diff: 1.1, Sum: 4.7]
         [Termination Attempts: Min: 1, Avg: 8.9, Max: 28, Diff: 27, Sum: 71]
      [GC Worker Other (ms): Min: 0.0, Avg: 0.0, Max: 0.0, Diff: 0.0, Sum: 0.0]
      [GC Worker Total (ms): Min: 0.0, Avg: 2.7, Max: 6.7, Diff: 6.7, Sum: 21.5]
      [GC Worker End (ms): Min: 455293115.8, Avg: 455293115.9, Max: 455293116.0, Diff: 0.1]
   [Code Root Fixup: 0.0 ms]
   [Code Root Purge: 0.0 ms]
   [Clear CT: 0.8 ms]
   [Other: 45.4 ms]
      [Choose CSet: 0.0 ms]
      [Ref Proc: 44.9 ms]
      [Ref Enq: 0.1 ms]
      [Redirty Cards: 0.2 ms]
      [Humongous Register: 0.0 ms]
      [Humongous Reclaim: 0.0 ms]
      [Free CSet: 0.1 ms]
   [Eden: 7152.0M(7152.0M)->0.0B(7152.0M) Survivors: 16384.0K->16384.0K Heap: 10516.8M(14336.0M)->3365.7M(14336.0M)]
 [Times: user=0.15 sys=0.00, real=0.13 secs] 
2022-09-28T06:26:35.294-0600: 455428.405: [GC pause (G1 Evacuation Pause) (young), 0.1273823 secs]
   [Parallel Time: 63.2 ms, GC Workers: 8]
      [GC Worker Start (ms): Min: 455428404.6, Avg: 455428436.2, Max: 455428467.6, Diff: 63.0]
      [Ext Root Scanning (ms): Min: 0.0, Avg: 1.0, Max: 3.1, Diff: 3.1, Sum: 8.2]
      [Update RS (ms): Min: 0.0, Avg: 0.6, Max: 1.5, Diff: 1.5, Sum: 5.0]
         [Processed Buffers: Min: 0, Avg: 4.4, Max: 13, Diff: 13, Sum: 35]
      [Scan RS (ms): Min: 0.0, Avg: 0.0, Max: 0.1, Diff: 0.1, Sum: 0.2]
      [Code Root Scanning (ms): Min: 0.0, Avg: 0.0, Max: 0.0, Diff: 0.0, Sum: 0.0]
      [Object Copy (ms): Min: 0.0, Avg: 0.6, Max: 1.4, Diff: 1.4, Sum: 4.6]
      [Termination (ms): Min: 0.0, Avg: 29.3, Max: 58.3, Diff: 58.3, Sum: 234.4]
         [Termination Attempts: Min: 1, Avg: 3.0, Max: 7, Diff: 6, Sum: 24]
      [GC Worker Other (ms): Min: 0.0, Avg: 0.0, Max: 0.0, Diff: 0.0, Sum: 0.0]
      [GC Worker Total (ms): Min: 0.0, Avg: 31.5, Max: 63.1, Diff: 63.1, Sum: 252.4]
      [GC Worker End (ms): Min: 455428467.7, Avg: 455428467.7, Max: 455428467.8, Diff: 0.1]
   [Code Root Fixup: 0.0 ms]
   [Code Root Purge: 0.0 ms]
   [Clear CT: 1.0 ms]
   [Other: 63.1 ms]
      [Choose CSet: 0.0 ms]
      [Ref Proc: 62.6 ms]
      [Ref Enq: 0.2 ms]
      [Redirty Cards: 0.2 ms]
      [Humongous Register: 0.0 ms]
      [Humongous Reclaim: 0.0 ms]
      [Free CSet: 0.1 ms]
   [Eden: 7152.0M(7152.0M)->0.0B(7152.0M) Survivors: 16384.0K->16384.0K Heap: 10517.7M(14336.0M)->3367.7M(14336.0M)]
 [Times: user=0.42 sys=0.00, real=0.13 secs] 
2022-09-28T06:28:51.315-0600: 455564.426: [GC pause (G1 Evacuation Pause) (young) (initial-mark), 0.4951337 secs]
   [Parallel Time: 349.6 ms, GC Workers: 8]
      [GC Worker Start (ms): Min: 455564427.3, Avg: 455564430.3, Max: 455564431.5, Diff: 4.1]
      [Ext Root Scanning (ms): Min: 1.5, Avg: 207.7, Max: 334.1, Diff: 332.6, Sum: 1661.8]
      [Update RS (ms): Min: 0.0, Avg: 0.5, Max: 4.0, Diff: 4.0, Sum: 4.0]
         [Processed Buffers: Min: 0, Avg: 4.9, Max: 39, Diff: 39, Sum: 39]
      [Scan RS (ms): Min: 0.0, Avg: 0.0, Max: 0.1, Diff: 0.1, Sum: 0.2]
      [Code Root Scanning (ms): Min: 0.0, Avg: 0.0, Max: 0.0, Diff: 0.0, Sum: 0.0]
      [Object Copy (ms): Min: 0.0, Avg: 1.0, Max: 7.3, Diff: 7.3, Sum: 7.8]
      [Termination (ms): Min: 0.0, Avg: 122.2, Max: 317.3, Diff: 317.3, Sum: 977.3]
         [Termination Attempts: Min: 1, Avg: 1.1, Max: 2, Diff: 1, Sum: 9]
      [GC Worker Other (ms): Min: 0.0, Avg: 0.0, Max: 0.0, Diff: 0.0, Sum: 0.1]
      [GC Worker Total (ms): Min: 330.2, Avg: 331.4, Max: 334.4, Diff: 4.3, Sum: 2651.1]
      [GC Worker End (ms): Min: 455564761.7, Avg: 455564761.7, Max: 455564761.8, Diff: 0.1]
   [Code Root Fixup: 0.0 ms]
   [Code Root Purge: 0.0 ms]
   [Clear CT: 0.9 ms]
   [Other: 144.6 ms]
      [Choose CSet: 0.0 ms]
      [Ref Proc: 144.2 ms]
      [Ref Enq: 0.1 ms]
      [Redirty Cards: 0.1 ms]
      [Humongous Register: 0.0 ms]
      [Humongous Reclaim: 0.0 ms]
      [Free CSet: 0.1 ms]
   [Eden: 7152.0M(7152.0M)->0.0B(5712.0M) Survivors: 16384.0K->16384.0K Heap: 10519.7M(14336.0M)->3367.8M(14336.0M)]
 [Times: user=2.15 sys=0.00, real=0.50 secs] 
2022-09-28T06:28:51.810-0600: 455564.921: [GC concurrent-root-region-scan-start]
2022-09-28T06:28:51.815-0600: 455564.925: [GC concurrent-root-region-scan-end, 0.0043257 secs]
2022-09-28T06:28:51.815-0600: 455564.926: [GC concurrent-mark-start]
2022-09-28T06:28:53.090-0600: 455566.201: [GC concurrent-mark-end, 1.2750641 secs]
2022-09-28T06:28:53.090-0600: 455566.201: [GC remark 2022-09-28T06:28:53.090-0600: 455566.201: [Finalize Marking, 0.0127267 secs] 2022-09-28T06:28:53.103-0600: 455566.213: [GC ref-proc, 0.0334860 secs] 2022-09-28T06:28:53.136-0600: 455566.247: [Unloading, 0.0283710 secs], 0.0788069 secs]
 [Times: user=0.33 sys=0.00, real=0.08 secs] 
2022-09-28T06:28:53.169-0600: 455566.280: [GC cleanup 3479M->3479M(14336M), 0.0102745 secs]
 [Times: user=0.02 sys=0.00, real=0.00 secs] 
2022-09-28T06:30:40.589-0600: 455673.699: [GC pause (G1 Evacuation Pause) (young), 0.1487332 secs]
   [Parallel Time: 23.7 ms, GC Workers: 8]
      [GC Worker Start (ms): Min: 455673699.5, Avg: 455673702.6, Max: 455673706.5, Diff: 7.0]
      [Ext Root Scanning (ms): Min: 0.0, Avg: 1.6, Max: 3.7, Diff: 3.7, Sum: 13.1]
      [Update RS (ms): Min: 0.0, Avg: 0.7, Max: 1.7, Diff: 1.7, Sum: 5.5]
         [Processed Buffers: Min: 0, Avg: 4.4, Max: 17, Diff: 17, Sum: 35]
      [Scan RS (ms): Min: 0.0, Avg: 0.0, Max: 0.1, Diff: 0.1, Sum: 0.2]
      [Code Root Scanning (ms): Min: 0.0, Avg: 0.0, Max: 0.0, Diff: 0.0, Sum: 0.0]
      [Object Copy (ms): Min: 2.6, Avg: 5.5, Max: 12.7, Diff: 10.0, Sum: 43.9]
      [Termination (ms): Min: 0.0, Avg: 8.9, Max: 10.4, Diff: 10.4, Sum: 70.9]
         [Termination Attempts: Min: 1, Avg: 1.0, Max: 1, Diff: 0, Sum: 8]
      [GC Worker Other (ms): Min: 0.0, Avg: 0.0, Max: 0.0, Diff: 0.0, Sum: 0.0]
      [GC Worker Total (ms): Min: 12.7, Avg: 16.7, Max: 19.8, Diff: 7.1, Sum: 133.6]
      [GC Worker End (ms): Min: 455673719.2, Avg: 455673719.3, Max: 455673719.3, Diff: 0.1]
   [Code Root Fixup: 0.0 ms]
   [Code Root Purge: 0.0 ms]
   [Clear CT: 0.7 ms]
   [Other: 124.3 ms]
      [Choose CSet: 0.0 ms]
      [Ref Proc: 123.8 ms]
      [Ref Enq: 0.1 ms]
      [Redirty Cards: 0.1 ms]
      [Humongous Register: 0.0 ms]
      [Humongous Reclaim: 0.0 ms]
      [Free CSet: 0.1 ms]
   [Eden: 5712.0M(5712.0M)->0.0B(5712.0M) Survivors: 16384.0K->16384.0K Heap: 9079.8M(14336.0M)->3370.6M(14336.0M)]
 [Times: user=0.18 sys=0.00, real=0.14 secs] 
2022-09-28T06:32:31.282-0600: 455784.393: [GC pause (G1 Evacuation Pause) (young), 0.0350466 secs]
   [Parallel Time: 16.4 ms, GC Workers: 8]
      [GC Worker Start (ms): Min: 455784393.0, Avg: 455784397.5, Max: 455784398.9, Diff: 5.9]
      [Ext Root Scanning (ms): Min: 0.0, Avg: 0.7, Max: 3.3, Diff: 3.3, Sum: 5.9]
      [Update RS (ms): Min: 0.0, Avg: 0.5, Max: 2.1, Diff: 2.1, Sum: 4.1]
         [Processed Buffers: Min: 0, Avg: 5.4, Max: 24, Diff: 24, Sum: 43]
      [Scan RS (ms): Min: 0.0, Avg: 0.0, Max: 0.1, Diff: 0.1, Sum: 0.1]
      [Code Root Scanning (ms): Min: 0.0, Avg: 0.0, Max: 0.0, Diff: 0.0, Sum: 0.0]
      [Object Copy (ms): Min: 4.6, Avg: 5.7, Max: 10.8, Diff: 6.2, Sum: 46.0]
      [Termination (ms): Min: 0.0, Avg: 4.8, Max: 5.8, Diff: 5.8, Sum: 38.4]
         [Termination Attempts: Min: 1, Avg: 1.9, Max: 4, Diff: 3, Sum: 15]
      [GC Worker Other (ms): Min: 0.0, Avg: 0.0, Max: 0.0, Diff: 0.0, Sum: 0.0]
      [GC Worker Total (ms): Min: 10.4, Avg: 11.8, Max: 16.2, Diff: 5.8, Sum: 94.5]
      [GC Worker End (ms): Min: 455784409.2, Avg: 455784409.3, Max: 455784409.4, Diff: 0.1]
   [Code Root Fixup: 0.0 ms]
   [Code Root Purge: 0.0 ms]
   [Clear CT: 0.6 ms]
   [Other: 18.0 ms]
      [Choose CSet: 0.0 ms]
      [Ref Proc: 17.6 ms]
      [Ref Enq: 0.1 ms]
      [Redirty Cards: 0.1 ms]
      [Humongous Register: 0.0 ms]
      [Humongous Reclaim: 0.0 ms]
      [Free CSet: 0.1 ms]
   [Eden: 5712.0M(5712.0M)->0.0B(7152.0M) Survivors: 16384.0K->16384.0K Heap: 9082.6M(14336.0M)->3370.1M(14336.0M)]
 [Times: user=0.09 sys=0.00, real=0.03 secs] 
2022-09-28T06:34:46.009-0600: 455919.120: [GC pause (G1 Evacuation Pause) (young) (initial-mark), 0.0602930 secs]
   [Parallel Time: 11.6 ms, GC Workers: 8]
      [GC Worker Start (ms): Min: 455919120.9, Avg: 455919122.9, Max: 455919123.7, Diff: 2.9]
      [Ext Root Scanning (ms): Min: 2.4, Avg: 5.1, Max: 7.7, Diff: 5.3, Sum: 41.2]
      [Update RS (ms): Min: 0.0, Avg: 0.6, Max: 1.3, Diff: 1.3, Sum: 4.8]
         [Processed Buffers: Min: 0, Avg: 4.9, Max: 15, Diff: 15, Sum: 39]
      [Scan RS (ms): Min: 0.0, Avg: 0.0, Max: 0.1, Diff: 0.1, Sum: 0.2]
      [Code Root Scanning (ms): Min: 0.0, Avg: 0.0, Max: 0.0, Diff: 0.0, Sum: 0.0]
      [Object Copy (ms): Min: 0.0, Avg: 0.5, Max: 1.1, Diff: 1.1, Sum: 4.2]
      [Termination (ms): Min: 0.0, Avg: 1.9, Max: 2.8, Diff: 2.8, Sum: 15.4]
         [Termination Attempts: Min: 1, Avg: 2.5, Max: 6, Diff: 5, Sum: 20]
      [GC Worker Other (ms): Min: 0.0, Avg: 0.0, Max: 0.0, Diff: 0.0, Sum: 0.0]
      [GC Worker Total (ms): Min: 7.3, Avg: 8.2, Max: 10.2, Diff: 2.9, Sum: 65.9]
      [GC Worker End (ms): Min: 455919131.1, Avg: 455919131.1, Max: 455919131.2, Diff: 0.1]
   [Code Root Fixup: 0.0 ms]
   [Code Root Purge: 0.0 ms]
   [Clear CT: 0.8 ms]
   [Other: 47.9 ms]
      [Choose CSet: 0.0 ms]
      [Ref Proc: 47.5 ms]
      [Ref Enq: 0.1 ms]
      [Redirty Cards: 0.1 ms]
      [Humongous Register: 0.0 ms]
      [Humongous Reclaim: 0.0 ms]
      [Free CSet: 0.1 ms]
   [Eden: 7152.0M(7152.0M)->0.0B(7152.0M) Survivors: 16384.0K->16384.0K Heap: 10522.1M(14336.0M)->3370.7M(14336.0M)]
 [Times: user=0.17 sys=0.00, real=0.06 secs] 
2022-09-28T06:34:46.069-0600: 455919.180: [GC concurrent-root-region-scan-start]
2022-09-28T06:34:46.075-0600: 455919.186: [GC concurrent-root-region-scan-end, 0.0058485 secs]
2022-09-28T06:34:46.075-0600: 455919.186: [GC concurrent-mark-start]
2022-09-28T06:34:47.370-0600: 455920.481: [GC concurrent-mark-end, 1.2953265 secs]
2022-09-28T06:34:47.371-0600: 455920.481: [GC remark 2022-09-28T06:34:47.371-0600: 455920.481: [Finalize Marking, 0.0024990 secs] 2022-09-28T06:34:47.373-0600: 455920.484: [GC ref-proc, 0.0335596 secs] 2022-09-28T06:34:47.407-0600: 455920.518: [Unloading, 0.4076060 secs], 0.4626075 secs]
 [Times: user=0.68 sys=0.00, real=0.46 secs] 
2022-09-28T06:34:47.833-0600: 455920.944: [GC cleanup 3482M->3482M(14336M), 0.0111302 secs]
 [Times: user=0.02 sys=0.00, real=0.01 secs] 
2022-09-28T06:37:01.295-0600: 456054.405: [GC pause (G1 Evacuation Pause) (young), 0.4957096 secs]
   [Parallel Time: 29.4 ms, GC Workers: 8]
      [GC Worker Start (ms): Min: 456054405.6, Avg: 456054412.6, Max: 456054415.3, Diff: 9.8]
      [Ext Root Scanning (ms): Min: 0.0, Avg: 0.7, Max: 3.7, Diff: 3.7, Sum: 5.8]
      [Update RS (ms): Min: 0.0, Avg: 0.5, Max: 1.9, Diff: 1.9, Sum: 3.7]
         [Processed Buffers: Min: 0, Avg: 4.1, Max: 22, Diff: 22, Sum: 33]
      [Scan RS (ms): Min: 0.0, Avg: 0.0, Max: 0.1, Diff: 0.1, Sum: 0.2]
      [Code Root Scanning (ms): Min: 0.0, Avg: 0.0, Max: 0.0, Diff: 0.0, Sum: 0.0]
      [Object Copy (ms): Min: 1.7, Avg: 9.2, Max: 21.4, Diff: 19.7, Sum: 74.0]
      [Termination (ms): Min: 0.0, Avg: 9.9, Max: 16.1, Diff: 16.1, Sum: 79.4]
         [Termination Attempts: Min: 1, Avg: 2.8, Max: 7, Diff: 6, Sum: 22]
      [GC Worker Other (ms): Min: 0.0, Avg: 0.0, Max: 0.0, Diff: 0.0, Sum: 0.0]
      [GC Worker Total (ms): Min: 17.6, Avg: 20.4, Max: 27.5, Diff: 9.9, Sum: 163.2]
      [GC Worker End (ms): Min: 456054432.9, Avg: 456054433.0, Max: 456054433.0, Diff: 0.1]
   [Code Root Fixup: 0.0 ms]
   [Code Root Purge: 0.0 ms]
   [Clear CT: 0.8 ms]
   [Other: 465.5 ms]
      [Choose CSet: 0.0 ms]
      [Ref Proc: 464.8 ms]
      [Ref Enq: 0.1 ms]
      [Redirty Cards: 0.1 ms]
      [Humongous Register: 0.0 ms]
      [Humongous Reclaim: 0.0 ms]
      [Free CSet: 0.2 ms]
   [Eden: 7152.0M(7152.0M)->0.0B(5712.0M) Survivors: 16384.0K->16384.0K Heap: 10522.7M(14336.0M)->3372.6M(14336.0M)]
 [Times: user=2.14 sys=0.00, real=0.50 secs] 
2022-09-28T06:38:48.053-0600: 456161.164: [GC pause (G1 Evacuation Pause) (young), 0.0279436 secs]
   [Parallel Time: 7.4 ms, GC Workers: 8]
      [GC Worker Start (ms): Min: 456161163.8, Avg: 456161166.3, Max: 456161167.7, Diff: 3.9]
      [Ext Root Scanning (ms): Min: 0.0, Avg: 0.7, Max: 2.8, Diff: 2.8, Sum: 5.8]
      [Update RS (ms): Min: 0.0, Avg: 0.6, Max: 1.9, Diff: 1.9, Sum: 4.7]
         [Processed Buffers: Min: 0, Avg: 5.1, Max: 17, Diff: 17, Sum: 41]
      [Scan RS (ms): Min: 0.0, Avg: 0.0, Max: 0.1, Diff: 0.1, Sum: 0.2]
      [Code Root Scanning (ms): Min: 0.0, Avg: 0.0, Max: 0.0, Diff: 0.0, Sum: 0.0]
      [Object Copy (ms): Min: 1.4, Avg: 1.9, Max: 3.3, Diff: 2.0, Sum: 15.4]
      [Termination (ms): Min: 0.0, Avg: 1.5, Max: 2.0, Diff: 2.0, Sum: 12.3]
         [Termination Attempts: Min: 1, Avg: 1.9, Max: 3, Diff: 2, Sum: 15]
      [GC Worker Other (ms): Min: 0.0, Avg: 0.0, Max: 0.0, Diff: 0.0, Sum: 0.0]
      [GC Worker Total (ms): Min: 3.3, Avg: 4.8, Max: 7.3, Diff: 4.0, Sum: 38.4]
      [GC Worker End (ms): Min: 456161171.1, Avg: 456161171.1, Max: 456161171.1, Diff: 0.1]
   [Code Root Fixup: 0.0 ms]
   [Code Root Purge: 0.0 ms]
   [Clear CT: 0.6 ms]
   [Other: 20.0 ms]
      [Choose CSet: 0.0 ms]
      [Ref Proc: 19.6 ms]
      [Ref Enq: 0.1 ms]
      [Redirty Cards: 0.1 ms]
      [Humongous Register: 0.0 ms]
      [Humongous Reclaim: 0.0 ms]
      [Free CSet: 0.1 ms]
   [Eden: 5712.0M(5712.0M)->0.0B(5712.0M) Survivors: 16384.0K->16384.0K Heap: 9084.6M(14336.0M)->3373.0M(14336.0M)]
 [Times: user=0.10 sys=0.00, real=0.03 secs] 
2022-09-28T06:40:36.878-0600: 456269.989: [GC pause (G1 Evacuation Pause) (young) (initial-mark), 0.3352955 secs]
   [Parallel Time: 60.3 ms, GC Workers: 8]
      [GC Worker Start (ms): Min: 456269990.2, Avg: 456269992.4, Max: 456269993.4, Diff: 3.2]
      [Ext Root Scanning (ms): Min: 1.5, Avg: 7.9, Max: 10.7, Diff: 9.2, Sum: 62.9]
      [Update RS (ms): Min: 0.0, Avg: 0.7, Max: 2.8, Diff: 2.8, Sum: 5.5]
         [Processed Buffers: Min: 0, Avg: 4.8, Max: 22, Diff: 22, Sum: 38]
      [Scan RS (ms): Min: 0.0, Avg: 0.0, Max: 0.1, Diff: 0.1, Sum: 0.2]
      [Code Root Scanning (ms): Min: 0.0, Avg: 0.0, Max: 0.0, Diff: 0.0, Sum: 0.0]
      [Object Copy (ms): Min: 0.0, Avg: 0.7, Max: 2.8, Diff: 2.8, Sum: 5.8]
      [Termination (ms): Min: 0.0, Avg: 7.9, Max: 48.8, Diff: 48.8, Sum: 62.9]
         [Termination Attempts: Min: 1, Avg: 1.4, Max: 4, Diff: 3, Sum: 11]
      [GC Worker Other (ms): Min: 0.0, Avg: 0.0, Max: 0.0, Diff: 0.0, Sum: 0.0]
      [GC Worker Total (ms): Min: 10.5, Avg: 17.2, Max: 58.0, Diff: 47.4, Sum: 137.4]
      [GC Worker End (ms): Min: 456270003.9, Avg: 456270009.6, Max: 456270049.1, Diff: 45.2]
   [Code Root Fixup: 0.0 ms]
   [Code Root Purge: 0.0 ms]
   [Clear CT: 0.7 ms]
   [Other: 274.3 ms]
      [Choose CSet: 0.0 ms]
      [Ref Proc: 274.0 ms]
      [Ref Enq: 0.1 ms]
      [Redirty Cards: 0.1 ms]
      [Humongous Register: 0.0 ms]
      [Humongous Reclaim: 0.0 ms]
      [Free CSet: 0.1 ms]
   [Eden: 5712.0M(5712.0M)->0.0B(5712.0M) Survivors: 16384.0K->16384.0K Heap: 9085.0M(14336.0M)->3373.4M(14336.0M)]
 [Times: user=0.20 sys=0.00, real=0.34 secs] 
2022-09-28T06:40:37.213-0600: 456270.324: [GC concurrent-root-region-scan-start]
2022-09-28T06:40:37.219-0600: 456270.330: [GC concurrent-root-region-scan-end, 0.0060517 secs]
2022-09-28T06:40:37.219-0600: 456270.330: [GC concurrent-mark-start]
2022-09-28T06:40:38.494-0600: 456271.605: [GC concurrent-mark-end, 1.2741747 secs]
2022-09-28T06:40:38.494-0600: 456271.605: [GC remark 2022-09-28T06:40:38.494-0600: 456271.605: [Finalize Marking, 0.0027112 secs] 2022-09-28T06:40:38.496-0600: 456271.607: [GC ref-proc, 0.0338171 secs] 2022-09-28T06:40:38.530-0600: 456271.641: [Unloading, 0.0242969 secs], 0.0655200 secs]
 [Times: user=0.28 sys=0.00, real=0.06 secs] 
2022-09-28T06:40:38.559-0600: 456271.670: [GC cleanup 3485M->3485M(14336M), 0.0165880 secs]
 [Times: user=0.02 sys=0.00, real=0.02 secs] 
2022-09-28T06:42:24.301-0600: 456377.412: [GC pause (G1 Evacuation Pause) (young), 0.0216307 secs]
   [Parallel Time: 5.5 ms, GC Workers: 8]
      [GC Worker Start (ms): Min: 456377412.2, Avg: 456377414.4, Max: 456377417.5, Diff: 5.4]
      [Ext Root Scanning (ms): Min: 0.0, Avg: 0.9, Max: 3.1, Diff: 3.1, Sum: 7.0]
      [Update RS (ms): Min: 0.0, Avg: 0.8, Max: 1.9, Diff: 1.9, Sum: 6.6]
         [Processed Buffers: Min: 0, Avg: 5.4, Max: 24, Diff: 24, Sum: 43]
      [Scan RS (ms): Min: 0.0, Avg: 0.0, Max: 0.0, Diff: 0.0, Sum: 0.2]
      [Code Root Scanning (ms): Min: 0.0, Avg: 0.0, Max: 0.0, Diff: 0.0, Sum: 0.0]
      [Object Copy (ms): Min: 0.0, Avg: 1.0, Max: 1.8, Diff: 1.8, Sum: 8.3]
      [Termination (ms): Min: 0.0, Avg: 0.4, Max: 0.7, Diff: 0.7, Sum: 3.3]
         [Termination Attempts: Min: 1, Avg: 2.0, Max: 4, Diff: 3, Sum: 16]
      [GC Worker Other (ms): Min: 0.0, Avg: 0.0, Max: 0.0, Diff: 0.0, Sum: 0.0]
      [GC Worker Total (ms): Min: 0.0, Avg: 3.2, Max: 5.4, Diff: 5.4, Sum: 25.5]
      [GC Worker End (ms): Min: 456377417.5, Avg: 456377417.5, Max: 456377417.6, Diff: 0.0]
   [Code Root Fixup: 0.0 ms]
   [Code Root Purge: 0.0 ms]
   [Clear CT: 0.6 ms]
   [Other: 15.6 ms]
      [Choose CSet: 0.0 ms]
      [Ref Proc: 15.2 ms]
      [Ref Enq: 0.1 ms]
      [Redirty Cards: 0.1 ms]
      [Humongous Register: 0.0 ms]
      [Humongous Reclaim: 0.0 ms]
      [Free CSet: 0.1 ms]
   [Eden: 5712.0M(5712.0M)->0.0B(5712.0M) Survivors: 16384.0K->16384.0K Heap: 9085.4M(14336.0M)->3377.8M(14336.0M)]
 [Times: user=0.08 sys=0.00, real=0.02 secs] 
2022-09-28T06:44:13.999-0600: 456487.110: [GC pause (G1 Evacuation Pause) (mixed), 0.4463515 secs]
   [Parallel Time: 15.2 ms, GC Workers: 8]
      [GC Worker Start (ms): Min: 456487109.7, Avg: 456487111.5, Max: 456487114.8, Diff: 5.1]
      [Ext Root Scanning (ms): Min: 0.0, Avg: 1.6, Max: 5.1, Diff: 5.1, Sum: 12.6]
      [Update RS (ms): Min: 0.0, Avg: 0.7, Max: 1.6, Diff: 1.6, Sum: 5.9]
         [Processed Buffers: Min: 0, Avg: 5.4, Max: 15, Diff: 15, Sum: 43]
      [Scan RS (ms): Min: 0.1, Avg: 0.8, Max: 1.3, Diff: 1.2, Sum: 6.5]
      [Code Root Scanning (ms): Min: 0.0, Avg: 0.7, Max: 5.9, Diff: 5.9, Sum: 5.9]
      [Object Copy (ms): Min: 0.2, Avg: 2.0, Max: 2.6, Diff: 2.3, Sum: 15.9]
      [Termination (ms): Min: 0.0, Avg: 3.0, Max: 3.6, Diff: 3.6, Sum: 24.3]
         [Termination Attempts: Min: 1, Avg: 47.1, Max: 61, Diff: 60, Sum: 377]
      [GC Worker Other (ms): Min: 0.0, Avg: 0.0, Max: 0.0, Diff: 0.0, Sum: 0.1]
      [GC Worker Total (ms): Min: 5.6, Avg: 8.9, Max: 10.7, Diff: 5.1, Sum: 71.2]
      [GC Worker End (ms): Min: 456487120.4, Avg: 456487120.4, Max: 456487120.5, Diff: 0.1]
   [Code Root Fixup: 0.1 ms]
   [Code Root Purge: 0.0 ms]
   [Clear CT: 1.0 ms]
   [Other: 430.1 ms]
      [Choose CSet: 0.0 ms]
      [Ref Proc: 429.6 ms]
      [Ref Enq: 0.1 ms]
      [Redirty Cards: 0.1 ms]
      [Humongous Register: 0.0 ms]
      [Humongous Reclaim: 0.0 ms]
      [Free CSet: 0.1 ms]
   [Eden: 5712.0M(5712.0M)->0.0B(5712.0M) Survivors: 16384.0K->16384.0K Heap: 9089.8M(14336.0M)->3366.3M(14336.0M)]
 [Times: user=0.16 sys=0.00, real=0.45 secs] 
2022-09-28T06:45:59.578-0600: 456592.688: [GC pause (G1 Evacuation Pause) (young), 0.0244816 secs]
   [Parallel Time: 7.6 ms, GC Workers: 8]
      [GC Worker Start (ms): Min: 456592688.5, Avg: 456592689.1, Max: 456592691.2, Diff: 2.7]
      [Ext Root Scanning (ms): Min: 0.0, Avg: 1.4, Max: 3.2, Diff: 3.2, Sum: 11.2]
      [Update RS (ms): Min: 1.6, Avg: 3.7, Max: 5.9, Diff: 4.3, Sum: 29.5]
         [Processed Buffers: Min: 8, Avg: 11.6, Max: 17, Diff: 9, Sum: 93]
      [Scan RS (ms): Min: 0.0, Avg: 0.0, Max: 0.1, Diff: 0.1, Sum: 0.2]
      [Code Root Scanning (ms): Min: 0.0, Avg: 0.0, Max: 0.0, Diff: 0.0, Sum: 0.0]
      [Object Copy (ms): Min: 0.0, Avg: 0.8, Max: 1.3, Diff: 1.3, Sum: 6.3]
      [Termination (ms): Min: 0.0, Avg: 0.9, Max: 1.4, Diff: 1.4, Sum: 7.3]
         [Termination Attempts: Min: 1, Avg: 13.1, Max: 32, Diff: 31, Sum: 105]
      [GC Worker Other (ms): Min: 0.0, Avg: 0.0, Max: 0.0, Diff: 0.0, Sum: 0.1]
      [GC Worker Total (ms): Min: 4.7, Avg: 6.8, Max: 7.3, Diff: 2.6, Sum: 54.7]
      [GC Worker End (ms): Min: 456592695.8, Avg: 456592695.9, Max: 456592696.0, Diff: 0.2]
   [Code Root Fixup: 0.0 ms]
   [Code Root Purge: 0.0 ms]
   [Clear CT: 0.5 ms]
   [Other: 16.4 ms]
      [Choose CSet: 0.0 ms]
      [Ref Proc: 16.0 ms]
      [Ref Enq: 0.1 ms]
      [Redirty Cards: 0.1 ms]
      [Humongous Register: 0.0 ms]
      [Humongous Reclaim: 0.0 ms]
      [Free CSet: 0.1 ms]
   [Eden: 5712.0M(5712.0M)->0.0B(5712.0M) Survivors: 16384.0K->16384.0K Heap: 9078.3M(14336.0M)->3368.5M(14336.0M)]
 [Times: user=0.09 sys=0.00, real=0.03 secs] 
2022-09-28T06:47:43.629-0600: 456696.740: [GC pause (G1 Evacuation Pause) (young) (initial-mark), 0.0396690 secs]
   [Parallel Time: 14.8 ms, GC Workers: 8]
      [GC Worker Start (ms): Min: 456696742.8, Avg: 456696745.4, Max: 456696746.3, Diff: 3.4]
      [Ext Root Scanning (ms): Min: 2.1, Avg: 4.9, Max: 8.4, Diff: 6.3, Sum: 39.0]
      [Update RS (ms): Min: 0.0, Avg: 1.8, Max: 5.5, Diff: 5.5, Sum: 14.7]
         [Processed Buffers: Min: 0, Avg: 5.2, Max: 19, Diff: 19, Sum: 42]
      [Scan RS (ms): Min: 0.0, Avg: 0.0, Max: 0.1, Diff: 0.1, Sum: 0.2]
      [Code Root Scanning (ms): Min: 0.0, Avg: 0.0, Max: 0.0, Diff: 0.0, Sum: 0.0]
      [Object Copy (ms): Min: 0.0, Avg: 1.1, Max: 2.0, Diff: 2.0, Sum: 8.4]
      [Termination (ms): Min: 0.0, Avg: 1.5, Max: 2.0, Diff: 2.0, Sum: 11.7]
         [Termination Attempts: Min: 1, Avg: 6.6, Max: 15, Diff: 14, Sum: 53]
      [GC Worker Other (ms): Min: 0.0, Avg: 0.0, Max: 0.0, Diff: 0.0, Sum: 0.1]
      [GC Worker Total (ms): Min: 8.4, Avg: 9.3, Max: 11.9, Diff: 3.5, Sum: 74.1]
      [GC Worker End (ms): Min: 456696754.6, Avg: 456696754.7, Max: 456696754.7, Diff: 0.1]
   [Code Root Fixup: 0.0 ms]
   [Code Root Purge: 0.0 ms]
   [Clear CT: 0.7 ms]
   [Other: 24.1 ms]
      [Choose CSet: 0.0 ms]
      [Ref Proc: 23.7 ms]
      [Ref Enq: 0.1 ms]
      [Redirty Cards: 0.1 ms]
      [Humongous Register: 0.0 ms]
      [Humongous Reclaim: 0.0 ms]
      [Free CSet: 0.1 ms]
   [Eden: 5712.0M(5712.0M)->0.0B(5712.0M) Survivors: 16384.0K->16384.0K Heap: 9080.5M(14336.0M)->3369.9M(14336.0M)]
 [Times: user=0.11 sys=0.00, real=0.04 secs] 
2022-09-28T06:47:43.669-0600: 456696.780: [GC concurrent-root-region-scan-start]
2022-09-28T06:47:43.674-0600: 456696.785: [GC concurrent-root-region-scan-end, 0.0051979 secs]
2022-09-28T06:47:43.674-0600: 456696.785: [GC concurrent-mark-start]
2022-09-28T06:47:45.180-0600: 456698.291: [GC concurrent-mark-end, 1.5064023 secs]
2022-09-28T06:47:45.181-0600: 456698.291: [GC remark 2022-09-28T06:47:45.181-0600: 456698.291: [Finalize Marking, 0.0023589 secs] 2022-09-28T06:47:45.183-0600: 456698.294: [GC ref-proc, 0.0272465 secs] 2022-09-28T06:47:45.210-0600: 456698.321: [Unloading, 0.0263335 secs], 0.0615328 secs]
 [Times: user=0.23 sys=0.00, real=0.06 secs] 
2022-09-28T06:47:45.242-0600: 456698.353: [GC cleanup 3462M->3462M(14336M), 0.0061580 secs]
 [Times: user=0.03 sys=0.00, real=0.01 secs] 
2022-09-28T06:49:33.285-0600: 456806.396: [GC pause (G1 Evacuation Pause) (young), 0.0609752 secs]
   [Parallel Time: 5.3 ms, GC Workers: 8]
      [GC Worker Start (ms): Min: 456806396.1, Avg: 456806398.3, Max: 456806401.3, Diff: 5.2]
      [Ext Root Scanning (ms): Min: 0.0, Avg: 0.8, Max: 3.1, Diff: 3.1, Sum: 6.8]
      [Update RS (ms): Min: 0.0, Avg: 0.7, Max: 1.6, Diff: 1.6, Sum: 5.6]
         [Processed Buffers: Min: 0, Avg: 5.0, Max: 11, Diff: 11, Sum: 40]
      [Scan RS (ms): Min: 0.0, Avg: 0.0, Max: 0.1, Diff: 0.1, Sum: 0.2]
      [Code Root Scanning (ms): Min: 0.0, Avg: 0.0, Max: 0.0, Diff: 0.0, Sum: 0.0]
      [Object Copy (ms): Min: 0.0, Avg: 0.9, Max: 1.4, Diff: 1.4, Sum: 7.2]
      [Termination (ms): Min: 0.0, Avg: 0.5, Max: 0.6, Diff: 0.6, Sum: 3.7]
         [Termination Attempts: Min: 1, Avg: 1.8, Max: 3, Diff: 2, Sum: 14]
      [GC Worker Other (ms): Min: 0.0, Avg: 0.0, Max: 0.0, Diff: 0.0, Sum: 0.0]
      [GC Worker Total (ms): Min: 0.0, Avg: 2.9, Max: 5.2, Diff: 5.2, Sum: 23.6]
      [GC Worker End (ms): Min: 456806401.3, Avg: 456806401.3, Max: 456806401.3, Diff: 0.0]
   [Code Root Fixup: 0.0 ms]
   [Code Root Purge: 0.0 ms]
   [Clear CT: 0.7 ms]
   [Other: 55.0 ms]
      [Choose CSet: 0.0 ms]
      [Ref Proc: 54.5 ms]
      [Ref Enq: 0.1 ms]
      [Redirty Cards: 0.1 ms]
      [Humongous Register: 0.0 ms]
      [Humongous Reclaim: 0.0 ms]
      [Free CSet: 0.1 ms]
   [Eden: 5712.0M(5712.0M)->0.0B(7152.0M) Survivors: 16384.0K->16384.0K Heap: 9081.9M(14336.0M)->3370.1M(14336.0M)]
 [Times: user=0.15 sys=0.00, real=0.06 secs] 
2022-09-28T06:51:46.291-0600: 456939.402: [GC pause (G1 Evacuation Pause) (young), 0.4537644 secs]
   [Parallel Time: 213.3 ms, GC Workers: 8]
      [GC Worker Start (ms): Min: 456939603.3, Avg: 456939607.3, Max: 456939610.6, Diff: 7.3]
      [Ext Root Scanning (ms): Min: 0.0, Avg: 0.8, Max: 3.3, Diff: 3.3, Sum: 6.3]
      [Update RS (ms): Min: 0.0, Avg: 2.5, Max: 8.3, Diff: 8.3, Sum: 20.4]
         [Processed Buffers: Min: 0, Avg: 4.8, Max: 14, Diff: 14, Sum: 38]
      [Scan RS (ms): Min: 0.0, Avg: 0.0, Max: 0.1, Diff: 0.1, Sum: 0.2]
      [Code Root Scanning (ms): Min: 0.0, Avg: 0.0, Max: 0.0, Diff: 0.0, Sum: 0.0]
      [Object Copy (ms): Min: 0.0, Avg: 0.8, Max: 1.7, Diff: 1.7, Sum: 6.4]
      [Termination (ms): Min: 0.0, Avg: 3.5, Max: 4.9, Diff: 4.9, Sum: 27.7]
         [Termination Attempts: Min: 1, Avg: 7.0, Max: 24, Diff: 23, Sum: 56]
      [GC Worker Other (ms): Min: 0.0, Avg: 0.0, Max: 0.0, Diff: 0.0, Sum: 0.0]
      [GC Worker Total (ms): Min: 4.3, Avg: 7.6, Max: 11.6, Diff: 7.3, Sum: 61.0]
      [GC Worker End (ms): Min: 456939614.9, Avg: 456939614.9, Max: 456939614.9, Diff: 0.0]
   [Code Root Fixup: 0.0 ms]
   [Code Root Purge: 0.0 ms]
   [Clear CT: 2.4 ms]
   [Other: 238.1 ms]
      [Choose CSet: 0.0 ms]
      [Ref Proc: 237.7 ms]
      [Ref Enq: 0.1 ms]
      [Redirty Cards: 0.1 ms]
      [Humongous Register: 0.0 ms]
      [Humongous Reclaim: 0.0 ms]
      [Free CSet: 0.1 ms]
   [Eden: 7152.0M(7152.0M)->0.0B(5712.0M) Survivors: 16384.0K->16384.0K Heap: 10522.1M(14336.0M)->3371.1M(14336.0M)]
 [Times: user=0.44 sys=0.00, real=0.45 secs] 
2022-09-28T06:53:29.682-0600: 457042.793: [GC pause (G1 Evacuation Pause) (young) (initial-mark), 0.0611288 secs]
   [Parallel Time: 16.4 ms, GC Workers: 8]
      [GC Worker Start (ms): Min: 457042793.9, Avg: 457042800.1, Max: 457042801.0, Diff: 7.1]
      [Ext Root Scanning (ms): Min: 2.4, Avg: 5.6, Max: 12.9, Diff: 10.5, Sum: 44.8]
      [Update RS (ms): Min: 0.0, Avg: 0.6, Max: 1.4, Diff: 1.4, Sum: 5.0]
         [Processed Buffers: Min: 0, Avg: 4.9, Max: 15, Diff: 15, Sum: 39]
      [Scan RS (ms): Min: 0.0, Avg: 0.0, Max: 0.1, Diff: 0.1, Sum: 0.2]
      [Code Root Scanning (ms): Min: 0.0, Avg: 0.0, Max: 0.0, Diff: 0.0, Sum: 0.0]
      [Object Copy (ms): Min: 0.0, Avg: 0.5, Max: 1.0, Diff: 1.0, Sum: 4.3]
      [Termination (ms): Min: 0.0, Avg: 2.1, Max: 3.3, Diff: 3.3, Sum: 16.9]
         [Termination Attempts: Min: 1, Avg: 1.9, Max: 5, Diff: 4, Sum: 15]
      [GC Worker Other (ms): Min: 0.0, Avg: 0.0, Max: 0.0, Diff: 0.0, Sum: 0.0]
      [GC Worker Total (ms): Min: 8.0, Avg: 8.9, Max: 15.1, Diff: 7.1, Sum: 71.3]
      [GC Worker End (ms): Min: 457042809.0, Avg: 457042809.0, Max: 457042809.0, Diff: 0.0]
   [Code Root Fixup: 0.0 ms]
   [Code Root Purge: 0.0 ms]
   [Clear CT: 0.6 ms]
   [Other: 44.1 ms]
      [Choose CSet: 0.0 ms]
      [Ref Proc: 43.7 ms]
      [Ref Enq: 0.1 ms]
      [Redirty Cards: 0.1 ms]
      [Humongous Register: 0.0 ms]
      [Humongous Reclaim: 0.0 ms]
      [Free CSet: 0.1 ms]
   [Eden: 5712.0M(5712.0M)->0.0B(5712.0M) Survivors: 16384.0K->16384.0K Heap: 9083.1M(14336.0M)->3372.6M(14336.0M)]
 [Times: user=0.15 sys=0.00, real=0.06 secs] 
2022-09-28T06:53:29.743-0600: 457042.854: [GC concurrent-root-region-scan-start]
2022-09-28T06:53:29.748-0600: 457042.859: [GC concurrent-root-region-scan-end, 0.0049197 secs]
2022-09-28T06:53:29.748-0600: 457042.859: [GC concurrent-mark-start]
2022-09-28T06:53:31.162-0600: 457044.273: [GC concurrent-mark-end, 1.4140197 secs]
2022-09-28T06:53:31.162-0600: 457044.273: [GC remark 2022-09-28T06:53:31.162-0600: 457044.273: [Finalize Marking, 0.0025078 secs] 2022-09-28T06:53:31.165-0600: 457044.275: [GC ref-proc, 0.0274015 secs] 2022-09-28T06:53:31.192-0600: 457044.303: [Unloading, 0.0264019 secs], 0.0618145 secs]
 [Times: user=0.25 sys=0.00, real=0.06 secs] 
2022-09-28T06:53:31.224-0600: 457044.335: [GC cleanup 3468M->3468M(14336M), 0.0092024 secs]
 [Times: user=0.03 sys=0.00, real=0.01 secs] 
2022-09-28T06:55:18.481-0600: 457151.592: [GC pause (G1 Evacuation Pause) (young), 0.0384196 secs]
   [Parallel Time: 8.9 ms, GC Workers: 8]
      [GC Worker Start (ms): Min: 457151591.8, Avg: 457151594.5, Max: 457151596.2, Diff: 4.5]
      [Ext Root Scanning (ms): Min: 0.0, Avg: 0.8, Max: 3.1, Diff: 3.1, Sum: 6.4]
      [Update RS (ms): Min: 0.0, Avg: 0.6, Max: 1.9, Diff: 1.9, Sum: 5.1]
         [Processed Buffers: Min: 0, Avg: 4.8, Max: 17, Diff: 17, Sum: 38]
      [Scan RS (ms): Min: 0.0, Avg: 0.0, Max: 0.1, Diff: 0.1, Sum: 0.2]
      [Code Root Scanning (ms): Min: 0.0, Avg: 0.0, Max: 0.0, Diff: 0.0, Sum: 0.0]
      [Object Copy (ms): Min: 3.7, Avg: 4.2, Max: 4.8, Diff: 1.1, Sum: 33.3]
      [Termination (ms): Min: 0.0, Avg: 0.4, Max: 0.6, Diff: 0.6, Sum: 3.0]
         [Termination Attempts: Min: 1, Avg: 1.8, Max: 3, Diff: 2, Sum: 14]
      [GC Worker Other (ms): Min: 0.0, Avg: 0.0, Max: 0.0, Diff: 0.0, Sum: 0.0]
      [GC Worker Total (ms): Min: 4.3, Avg: 6.0, Max: 8.8, Diff: 4.5, Sum: 48.0]
      [GC Worker End (ms): Min: 457151600.5, Avg: 457151600.5, Max: 457151600.6, Diff: 0.0]
   [Code Root Fixup: 0.0 ms]
   [Code Root Purge: 0.0 ms]
   [Clear CT: 0.6 ms]
   [Other: 28.9 ms]
      [Choose CSet: 0.0 ms]
      [Ref Proc: 28.4 ms]
      [Ref Enq: 0.1 ms]
      [Redirty Cards: 0.0 ms]
      [Humongous Register: 0.0 ms]
      [Humongous Reclaim: 0.0 ms]
      [Free CSet: 0.1 ms]
   [Eden: 5712.0M(5712.0M)->0.0B(7152.0M) Survivors: 16384.0K->16384.0K Heap: 9084.6M(14336.0M)->3373.0M(14336.0M)]
 [Times: user=0.11 sys=0.00, real=0.03 secs] 
2022-09-28T06:57:35.290-0600: 457288.400: [GC pause (G1 Evacuation Pause) (young), 0.4309722 secs]
   [Parallel Time: 7.6 ms, GC Workers: 8]
      [GC Worker Start (ms): Min: 457288400.5, Avg: 457288403.0, Max: 457288404.9, Diff: 4.3]
      [Ext Root Scanning (ms): Min: 0.0, Avg: 0.8, Max: 2.9, Diff: 2.9, Sum: 6.3]
      [Update RS (ms): Min: 0.0, Avg: 0.7, Max: 1.5, Diff: 1.5, Sum: 5.3]
         [Processed Buffers: Min: 0, Avg: 5.5, Max: 22, Diff: 22, Sum: 44]
      [Scan RS (ms): Min: 0.0, Avg: 0.0, Max: 0.1, Diff: 0.1, Sum: 0.2]
      [Code Root Scanning (ms): Min: 0.0, Avg: 0.0, Max: 0.0, Diff: 0.0, Sum: 0.0]
      [Object Copy (ms): Min: 1.2, Avg: 2.6, Max: 3.4, Diff: 2.2, Sum: 21.2]
      [Termination (ms): Min: 0.0, Avg: 0.8, Max: 1.9, Diff: 1.9, Sum: 6.1]
         [Termination Attempts: Min: 1, Avg: 3.5, Max: 11, Diff: 10, Sum: 28]
      [GC Worker Other (ms): Min: 0.0, Avg: 0.0, Max: 0.0, Diff: 0.0, Sum: 0.0]
      [GC Worker Total (ms): Min: 3.1, Avg: 4.9, Max: 7.4, Diff: 4.2, Sum: 39.1]
      [GC Worker End (ms): Min: 457288407.9, Avg: 457288407.9, Max: 457288408.0, Diff: 0.1]
   [Code Root Fixup: 0.0 ms]
   [Code Root Purge: 0.0 ms]
   [Clear CT: 1.8 ms]
   [Other: 421.6 ms]
      [Choose CSet: 0.0 ms]
      [Ref Proc: 418.4 ms]
      [Ref Enq: 0.1 ms]
      [Redirty Cards: 0.1 ms]
      [Humongous Register: 0.0 ms]
      [Humongous Reclaim: 0.0 ms]
      [Free CSet: 0.1 ms]
   [Eden: 7152.0M(7152.0M)->0.0B(5712.0M) Survivors: 16384.0K->16384.0K Heap: 10525.0M(14336.0M)->3375.3M(14336.0M)]
 [Times: user=0.73 sys=0.00, real=0.43 secs] 
2022-09-28T06:59:24.680-0600: 457397.791: [GC pause (G1 Evacuation Pause) (young) (initial-mark), 0.1525691 secs]
   [Parallel Time: 117.5 ms, GC Workers: 8]
      [GC Worker Start (ms): Min: 457397792.4, Avg: 457397807.1, Max: 457397899.2, Diff: 106.7]
      [Ext Root Scanning (ms): Min: 1.7, Avg: 98.2, Max: 113.4, Diff: 111.7, Sum: 785.3]
      [Update RS (ms): Min: 0.0, Avg: 0.8, Max: 3.2, Diff: 3.2, Sum: 6.3]
         [Processed Buffers: Min: 0, Avg: 5.0, Max: 22, Diff: 22, Sum: 40]
      [Scan RS (ms): Min: 0.0, Avg: 0.0, Max: 0.1, Diff: 0.1, Sum: 0.2]
      [Code Root Scanning (ms): Min: 0.0, Avg: 0.0, Max: 0.0, Diff: 0.0, Sum: 0.0]
      [Object Copy (ms): Min: 0.0, Avg: 1.4, Max: 4.3, Diff: 4.3, Sum: 10.9]
      [Termination (ms): Min: 0.0, Avg: 1.1, Max: 2.4, Diff: 2.4, Sum: 9.0]
         [Termination Attempts: Min: 1, Avg: 2.2, Max: 7, Diff: 6, Sum: 18]
      [GC Worker Other (ms): Min: 0.0, Avg: 0.0, Max: 0.0, Diff: 0.0, Sum: 0.0]
      [GC Worker Total (ms): Min: 9.4, Avg: 101.5, Max: 116.2, Diff: 106.8, Sum: 811.7]
      [GC Worker End (ms): Min: 457397908.6, Avg: 457397908.6, Max: 457397908.7, Diff: 0.1]
   [Code Root Fixup: 0.0 ms]
   [Code Root Purge: 0.0 ms]
   [Clear CT: 0.7 ms]
   [Other: 34.3 ms]
      [Choose CSet: 0.0 ms]
      [Ref Proc: 34.0 ms]
      [Ref Enq: 0.1 ms]
      [Redirty Cards: 0.1 ms]
      [Humongous Register: 0.0 ms]
      [Humongous Reclaim: 0.0 ms]
      [Free CSet: 0.1 ms]
   [Eden: 5712.0M(5712.0M)->0.0B(5712.0M) Survivors: 16384.0K->16384.0K Heap: 9087.3M(14336.0M)->3375.6M(14336.0M)]
 [Times: user=0.13 sys=0.00, real=0.15 secs] 
2022-09-28T06:59:24.833-0600: 457397.944: [GC concurrent-root-region-scan-start]
2022-09-28T06:59:24.839-0600: 457397.950: [GC concurrent-root-region-scan-end, 0.0061909 secs]
2022-09-28T06:59:24.839-0600: 457397.950: [GC concurrent-mark-start]
2022-09-28T06:59:26.124-0600: 457399.235: [GC concurrent-mark-end, 1.2853318 secs]
2022-09-28T06:59:26.125-0600: 457399.235: [GC remark 2022-09-28T06:59:26.125-0600: 457399.236: [Finalize Marking, 0.0602563 secs] 2022-09-28T06:59:26.185-0600: 457399.296: [GC ref-proc, 0.1671933 secs] 2022-09-28T06:59:26.352-0600: 457399.463: [Unloading, 0.0307515 secs], 0.2671006 secs]
 [Times: user=0.98 sys=0.00, real=0.27 secs] 
2022-09-28T06:59:26.392-0600: 457399.503: [GC cleanup 3484M->3484M(14336M), 0.0076791 secs]
 [Times: user=0.02 sys=0.00, real=0.00 secs] 
2022-09-28T07:01:11.781-0600: 457504.892: [GC pause (G1 Evacuation Pause) (young), 0.0185157 secs]
   [Parallel Time: 6.0 ms, GC Workers: 8]
      [GC Worker Start (ms): Min: 457504891.8, Avg: 457504893.5, Max: 457504896.5, Diff: 4.7]
      [Ext Root Scanning (ms): Min: 0.0, Avg: 0.9, Max: 3.4, Diff: 3.4, Sum: 6.9]
      [Update RS (ms): Min: 0.0, Avg: 0.6, Max: 1.4, Diff: 1.4, Sum: 4.8]
         [Processed Buffers: Min: 0, Avg: 4.8, Max: 13, Diff: 13, Sum: 38]
      [Scan RS (ms): Min: 0.0, Avg: 0.0, Max: 0.1, Diff: 0.1, Sum: 0.2]
      [Code Root Scanning (ms): Min: 0.0, Avg: 0.0, Max: 0.0, Diff: 0.0, Sum: 0.0]
      [Object Copy (ms): Min: 0.0, Avg: 1.3, Max: 3.4, Diff: 3.4, Sum: 10.1]
      [Termination (ms): Min: 0.0, Avg: 1.3, Max: 1.8, Diff: 1.8, Sum: 10.7]
         [Termination Attempts: Min: 1, Avg: 4.5, Max: 9, Diff: 8, Sum: 36]
      [GC Worker Other (ms): Min: 0.0, Avg: 0.0, Max: 0.0, Diff: 0.0, Sum: 0.0]
      [GC Worker Total (ms): Min: 1.1, Avg: 4.1, Max: 5.9, Diff: 4.8, Sum: 32.8]
      [GC Worker End (ms): Min: 457504897.6, Avg: 457504897.6, Max: 457504897.7, Diff: 0.1]
   [Code Root Fixup: 0.0 ms]
   [Code Root Purge: 0.0 ms]
   [Clear CT: 0.5 ms]
   [Other: 12.1 ms]
      [Choose CSet: 0.0 ms]
      [Ref Proc: 11.7 ms]
      [Ref Enq: 0.1 ms]
      [Redirty Cards: 0.1 ms]
      [Humongous Register: 0.0 ms]
      [Humongous Reclaim: 0.0 ms]
      [Free CSet: 0.1 ms]
   [Eden: 5712.0M(5712.0M)->0.0B(5712.0M) Survivors: 16384.0K->16384.0K Heap: 9087.6M(14336.0M)->3376.9M(14336.0M)]
 [Times: user=0.07 sys=0.00, real=0.01 secs] 
2022-09-28T07:03:01.149-0600: 457614.260: [GC pause (G1 Evacuation Pause) (mixed), 0.2811472 secs]
   [Parallel Time: 105.4 ms, GC Workers: 8]
      [GC Worker Start (ms): Min: 457614260.4, Avg: 457614313.1, Max: 457614365.6, Diff: 105.2]
      [Ext Root Scanning (ms): Min: 0.0, Avg: 0.9, Max: 3.5, Diff: 3.5, Sum: 7.3]
      [Update RS (ms): Min: 0.0, Avg: 0.7, Max: 1.9, Diff: 1.9, Sum: 5.8]
         [Processed Buffers: Min: 0, Avg: 5.2, Max: 16, Diff: 16, Sum: 42]
      [Scan RS (ms): Min: 0.0, Avg: 0.4, Max: 1.0, Diff: 1.0, Sum: 3.5]
      [Code Root Scanning (ms): Min: 0.0, Avg: 0.0, Max: 0.0, Diff: 0.0, Sum: 0.0]
      [Object Copy (ms): Min: 0.0, Avg: 5.0, Max: 10.2, Diff: 10.2, Sum: 39.7]
      [Termination (ms): Min: 0.0, Avg: 45.5, Max: 91.0, Diff: 91.0, Sum: 364.3]
         [Termination Attempts: Min: 1, Avg: 1.0, Max: 1, Diff: 0, Sum: 8]
      [GC Worker Other (ms): Min: 0.0, Avg: 0.0, Max: 0.0, Diff: 0.0, Sum: 0.0]
      [GC Worker Total (ms): Min: 0.0, Avg: 52.6, Max: 105.4, Diff: 105.4, Sum: 420.7]
      [GC Worker End (ms): Min: 457614365.6, Avg: 457614365.7, Max: 457614365.8, Diff: 0.2]
   [Code Root Fixup: 0.0 ms]
   [Code Root Purge: 0.0 ms]
   [Clear CT: 1.0 ms]
   [Other: 174.7 ms]
      [Choose CSet: 0.0 ms]
      [Ref Proc: 174.3 ms]
      [Ref Enq: 0.1 ms]
      [Redirty Cards: 0.1 ms]
      [Humongous Register: 0.0 ms]
      [Humongous Reclaim: 0.0 ms]
      [Free CSet: 0.1 ms]
   [Eden: 5712.0M(5712.0M)->0.0B(5712.0M) Survivors: 16384.0K->16384.0K Heap: 9088.9M(14336.0M)->3368.3M(14336.0M)]
 [Times: user=1.20 sys=0.00, real=0.28 secs] 
2022-09-28T07:04:49.580-0600: 457722.691: [GC pause (G1 Evacuation Pause) (young), 0.0320524 secs]
   [Parallel Time: 9.1 ms, GC Workers: 8]
      [GC Worker Start (ms): Min: 457722691.0, Avg: 457722693.4, Max: 457722696.6, Diff: 5.7]
      [Ext Root Scanning (ms): Min: 0.0, Avg: 0.9, Max: 3.2, Diff: 3.2, Sum: 6.8]
      [Update RS (ms): Min: 0.0, Avg: 2.2, Max: 4.0, Diff: 4.0, Sum: 17.4]
         [Processed Buffers: Min: 0, Avg: 10.9, Max: 23, Diff: 23, Sum: 87]
      [Scan RS (ms): Min: 0.0, Avg: 0.0, Max: 0.1, Diff: 0.0, Sum: 0.2]
      [Code Root Scanning (ms): Min: 0.0, Avg: 0.0, Max: 0.0, Diff: 0.0, Sum: 0.0]
      [Object Copy (ms): Min: 0.8, Avg: 1.6, Max: 3.5, Diff: 2.7, Sum: 13.1]
      [Termination (ms): Min: 0.0, Avg: 1.8, Max: 2.5, Diff: 2.5, Sum: 14.4]
         [Termination Attempts: Min: 1, Avg: 4.8, Max: 10, Diff: 9, Sum: 38]
      [GC Worker Other (ms): Min: 0.0, Avg: 0.0, Max: 0.0, Diff: 0.0, Sum: 0.0]
      [GC Worker Total (ms): Min: 3.3, Avg: 6.5, Max: 9.0, Diff: 5.7, Sum: 52.1]
      [GC Worker End (ms): Min: 457722699.9, Avg: 457722699.9, Max: 457722700.0, Diff: 0.1]
   [Code Root Fixup: 0.0 ms]
   [Code Root Purge: 0.0 ms]
   [Clear CT: 0.8 ms]
   [Other: 22.2 ms]
      [Choose CSet: 0.0 ms]
      [Ref Proc: 21.9 ms]
      [Ref Enq: 0.1 ms]
      [Redirty Cards: 0.1 ms]
      [Humongous Register: 0.0 ms]
      [Humongous Reclaim: 0.0 ms]
      [Free CSet: 0.1 ms]
   [Eden: 5712.0M(5712.0M)->0.0B(7152.0M) Survivors: 16384.0K->16384.0K Heap: 9080.3M(14336.0M)->3375.5M(14336.0M)]
 [Times: user=0.13 sys=0.00, real=0.04 secs] 
2022-09-28T07:07:05.781-0600: 457858.892: [GC pause (G1 Evacuation Pause) (young) (initial-mark), 0.1900801 secs]
   [Parallel Time: 31.1 ms, GC Workers: 8]
      [GC Worker Start (ms): Min: 457858909.7, Avg: 457858913.0, Max: 457858913.9, Diff: 4.2]
      [Ext Root Scanning (ms): Min: 2.0, Avg: 6.2, Max: 8.9, Diff: 6.9, Sum: 49.7]
      [Update RS (ms): Min: 0.0, Avg: 0.6, Max: 1.6, Diff: 1.6, Sum: 4.7]
         [Processed Buffers: Min: 0, Avg: 4.9, Max: 16, Diff: 16, Sum: 39]
      [Scan RS (ms): Min: 0.0, Avg: 0.0, Max: 0.1, Diff: 0.1, Sum: 0.2]
      [Code Root Scanning (ms): Min: 0.0, Avg: 0.0, Max: 0.0, Diff: 0.0, Sum: 0.0]
      [Object Copy (ms): Min: 0.0, Avg: 0.5, Max: 1.4, Diff: 1.4, Sum: 3.9]
      [Termination (ms): Min: 0.0, Avg: 2.5, Max: 4.3, Diff: 4.3, Sum: 20.0]
         [Termination Attempts: Min: 1, Avg: 1.9, Max: 5, Diff: 4, Sum: 15]
      [GC Worker Other (ms): Min: 0.0, Avg: 0.0, Max: 0.0, Diff: 0.0, Sum: 0.0]
      [GC Worker Total (ms): Min: 8.9, Avg: 9.8, Max: 13.2, Diff: 4.3, Sum: 78.6]
      [GC Worker End (ms): Min: 457858922.8, Avg: 457858922.8, Max: 457858922.9, Diff: 0.2]
   [Code Root Fixup: 0.0 ms]
   [Code Root Purge: 0.0 ms]
   [Clear CT: 0.8 ms]
   [Other: 158.2 ms]
      [Choose CSet: 0.0 ms]
      [Ref Proc: 157.8 ms]
      [Ref Enq: 0.1 ms]
      [Redirty Cards: 0.1 ms]
      [Humongous Register: 0.0 ms]
      [Humongous Reclaim: 0.0 ms]
      [Free CSet: 0.1 ms]
   [Eden: 7152.0M(7152.0M)->0.0B(7152.0M) Survivors: 16384.0K->16384.0K Heap: 10527.5M(14336.0M)->3376.4M(14336.0M)]
 [Times: user=0.87 sys=0.00, real=0.19 secs] 
2022-09-28T07:07:05.971-0600: 457859.082: [GC concurrent-root-region-scan-start]
2022-09-28T07:07:05.976-0600: 457859.087: [GC concurrent-root-region-scan-end, 0.0046769 secs]
2022-09-28T07:07:05.976-0600: 457859.087: [GC concurrent-mark-start]
2022-09-28T07:07:07.239-0600: 457860.349: [GC concurrent-mark-end, 1.2626346 secs]
2022-09-28T07:07:07.274-0600: 457860.385: [GC remark 2022-09-28T07:07:07.274-0600: 457860.385: [Finalize Marking, 0.0062335 secs] 2022-09-28T07:07:07.281-0600: 457860.392: [GC ref-proc, 0.0497163 secs] 2022-09-28T07:07:07.330-0600: 457860.441: [Unloading, 0.0262811 secs], 0.0860219 secs]
 [Times: user=0.39 sys=0.00, real=0.09 secs] 
2022-09-28T07:07:07.361-0600: 457860.472: [GC cleanup 3488M->3488M(14336M), 0.0098436 secs]
 [Times: user=0.02 sys=0.00, real=0.01 secs] 
2022-09-28T07:09:21.380-0600: 457994.490: [GC pause (G1 Evacuation Pause) (young), 0.2554318 secs]
   [Parallel Time: 226.9 ms, GC Workers: 8]
      [GC Worker Start (ms): Min: 457994490.5, Avg: 457994520.9, Max: 457994716.3, Diff: 225.7]
      [Ext Root Scanning (ms): Min: 0.0, Avg: 0.8, Max: 3.0, Diff: 3.0, Sum: 6.4]
      [Update RS (ms): Min: 0.0, Avg: 0.6, Max: 1.6, Diff: 1.6, Sum: 5.0]
         [Processed Buffers: Min: 0, Avg: 5.0, Max: 20, Diff: 20, Sum: 40]
      [Scan RS (ms): Min: 0.0, Avg: 0.0, Max: 0.1, Diff: 0.1, Sum: 0.2]
      [Code Root Scanning (ms): Min: 0.0, Avg: 0.0, Max: 0.0, Diff: 0.0, Sum: 0.0]
      [Object Copy (ms): Min: 0.0, Avg: 0.7, Max: 1.8, Diff: 1.8, Sum: 5.5]
      [Termination (ms): Min: 0.0, Avg: 193.4, Max: 222.0, Diff: 222.0, Sum: 1547.6]
         [Termination Attempts: Min: 1, Avg: 17.8, Max: 42, Diff: 41, Sum: 142]
      [GC Worker Other (ms): Min: 0.0, Avg: 0.0, Max: 0.0, Diff: 0.0, Sum: 0.0]
      [GC Worker Total (ms): Min: 0.0, Avg: 195.6, Max: 225.9, Diff: 225.9, Sum: 1564.7]
      [GC Worker End (ms): Min: 457994716.3, Avg: 457994716.5, Max: 457994717.3, Diff: 1.0]
   [Code Root Fixup: 0.0 ms]
   [Code Root Purge: 0.0 ms]
   [Clear CT: 0.8 ms]
   [Other: 27.7 ms]
      [Choose CSet: 0.0 ms]
      [Ref Proc: 27.3 ms]
      [Ref Enq: 0.1 ms]
      [Redirty Cards: 0.1 ms]
      [Humongous Register: 0.0 ms]
      [Humongous Reclaim: 0.0 ms]
      [Free CSet: 0.1 ms]
   [Eden: 7152.0M(7152.0M)->0.0B(5712.0M) Survivors: 16384.0K->16384.0K Heap: 10528.4M(14336.0M)->3378.8M(14336.0M)]
 [Times: user=1.64 sys=0.00, real=0.26 secs] 
2022-09-28T07:11:11.327-0600: 458104.438: [GC pause (G1 Evacuation Pause) (mixed), 0.4524938 secs]
   [Parallel Time: 172.7 ms, GC Workers: 8]
      [GC Worker Start (ms): Min: 458104438.1, Avg: 458104524.1, Max: 458104610.5, Diff: 172.5]
      [Ext Root Scanning (ms): Min: 0.0, Avg: 0.8, Max: 3.5, Diff: 3.5, Sum: 6.7]
      [Update RS (ms): Min: 0.0, Avg: 0.5, Max: 1.4, Diff: 1.4, Sum: 4.0]
         [Processed Buffers: Min: 0, Avg: 4.6, Max: 18, Diff: 18, Sum: 37]
      [Scan RS (ms): Min: 0.0, Avg: 0.4, Max: 0.9, Diff: 0.9, Sum: 3.0]
      [Code Root Scanning (ms): Min: 0.0, Avg: 0.0, Max: 0.0, Diff: 0.0, Sum: 0.0]
      [Object Copy (ms): Min: 0.0, Avg: 2.3, Max: 4.6, Diff: 4.6, Sum: 18.0]
      [Termination (ms): Min: 0.0, Avg: 82.6, Max: 164.5, Diff: 164.5, Sum: 660.6]
         [Termination Attempts: Min: 1, Avg: 8.1, Max: 26, Diff: 25, Sum: 65]
      [GC Worker Other (ms): Min: 0.0, Avg: 0.0, Max: 0.0, Diff: 0.0, Sum: 0.0]
      [GC Worker Total (ms): Min: 0.0, Avg: 86.5, Max: 172.6, Diff: 172.6, Sum: 692.3]
      [GC Worker End (ms): Min: 458104610.5, Avg: 458104610.6, Max: 458104610.7, Diff: 0.1]
   [Code Root Fixup: 0.0 ms]
   [Code Root Purge: 0.0 ms]
   [Clear CT: 1.2 ms]
   [Other: 278.6 ms]
      [Choose CSet: 0.0 ms]
      [Ref Proc: 257.5 ms]
      [Ref Enq: 0.2 ms]
      [Redirty Cards: 20.7 ms]
      [Humongous Register: 0.0 ms]
      [Humongous Reclaim: 0.0 ms]
      [Free CSet: 0.1 ms]
   [Eden: 5712.0M(5712.0M)->0.0B(5712.0M) Survivors: 16384.0K->16384.0K Heap: 9090.8M(14336.0M)->3369.7M(14336.0M)]
 [Times: user=0.85 sys=0.00, real=0.45 secs] 
2022-09-28T07:13:03.021-0600: 458216.132: [GC pause (G1 Evacuation Pause) (young), 0.1057386 secs]
   [Parallel Time: 60.6 ms, GC Workers: 8]
      [GC Worker Start (ms): Min: 458216148.5, Avg: 458216149.7, Max: 458216151.2, Diff: 2.7]
      [Ext Root Scanning (ms): Min: 0.0, Avg: 1.4, Max: 4.3, Diff: 4.3, Sum: 10.8]
      [Update RS (ms): Min: 0.5, Avg: 2.3, Max: 2.9, Diff: 2.4, Sum: 18.2]
         [Processed Buffers: Min: 2, Avg: 12.6, Max: 23, Diff: 21, Sum: 101]
      [Scan RS (ms): Min: 0.0, Avg: 0.0, Max: 0.1, Diff: 0.0, Sum: 0.2]
      [Code Root Scanning (ms): Min: 0.0, Avg: 0.0, Max: 0.0, Diff: 0.0, Sum: 0.0]
      [Object Copy (ms): Min: 0.9, Avg: 1.1, Max: 1.3, Diff: 0.3, Sum: 8.4]
      [Termination (ms): Min: 0.0, Avg: 0.0, Max: 0.0, Diff: 0.0, Sum: 0.1]
         [Termination Attempts: Min: 1, Avg: 13.5, Max: 18, Diff: 17, Sum: 108]
      [GC Worker Other (ms): Min: 0.0, Avg: 0.0, Max: 0.0, Diff: 0.0, Sum: 0.2]
      [GC Worker Total (ms): Min: 3.2, Avg: 4.7, Max: 6.0, Diff: 2.7, Sum: 37.9]
      [GC Worker End (ms): Min: 458216154.4, Avg: 458216154.4, Max: 458216154.5, Diff: 0.0]
   [Code Root Fixup: 0.0 ms]
   [Code Root Purge: 0.0 ms]
   [Clear CT: 0.7 ms]
   [Other: 44.4 ms]
      [Choose CSet: 0.0 ms]
      [Ref Proc: 44.0 ms]
      [Ref Enq: 0.1 ms]
      [Redirty Cards: 0.1 ms]
      [Humongous Register: 0.0 ms]
      [Humongous Reclaim: 0.0 ms]
      [Free CSet: 0.1 ms]
   [Eden: 5712.0M(5712.0M)->0.0B(5712.0M) Survivors: 16384.0K->16384.0K Heap: 9081.7M(14336.0M)->3378.9M(14336.0M)]
 [Times: user=0.18 sys=0.00, real=0.10 secs] 
2022-09-28T07:14:52.081-0600: 458325.192: [GC pause (G1 Evacuation Pause) (young) (initial-mark), 0.3772583 secs]
   [Parallel Time: 339.8 ms, GC Workers: 8]
      [GC Worker Start (ms): Min: 458325193.6, Avg: 458325264.3, Max: 458325467.6, Diff: 274.1]
      [Ext Root Scanning (ms): Min: 2.4, Avg: 216.4, Max: 299.0, Diff: 296.6, Sum: 1731.0]
      [Update RS (ms): Min: 0.0, Avg: 0.7, Max: 1.8, Diff: 1.8, Sum: 5.3]
         [Processed Buffers: Min: 0, Avg: 5.0, Max: 19, Diff: 19, Sum: 40]
      [Scan RS (ms): Min: 0.0, Avg: 0.0, Max: 0.1, Diff: 0.1, Sum: 0.2]
      [Code Root Scanning (ms): Min: 0.0, Avg: 0.0, Max: 0.0, Diff: 0.0, Sum: 0.0]
      [Object Copy (ms): Min: 0.0, Avg: 0.7, Max: 1.6, Diff: 1.6, Sum: 5.5]
      [Termination (ms): Min: 0.0, Avg: 19.0, Max: 59.0, Diff: 59.0, Sum: 152.0]
         [Termination Attempts: Min: 1, Avg: 5.1, Max: 16, Diff: 15, Sum: 41]
      [GC Worker Other (ms): Min: 0.0, Avg: 0.0, Max: 0.0, Diff: 0.0, Sum: 0.1]
      [GC Worker Total (ms): Min: 29.0, Avg: 236.8, Max: 336.8, Diff: 307.9, Sum: 1894.0]
      [GC Worker End (ms): Min: 458325496.6, Avg: 458325501.0, Max: 458325532.0, Diff: 35.4]
   [Code Root Fixup: 0.0 ms]
   [Code Root Purge: 0.0 ms]
   [Clear CT: 0.5 ms]
   [Other: 36.9 ms]
      [Choose CSet: 0.0 ms]
      [Ref Proc: 36.5 ms]
      [Ref Enq: 0.1 ms]
      [Redirty Cards: 0.1 ms]
      [Humongous Register: 0.0 ms]
      [Humongous Reclaim: 0.0 ms]
      [Free CSet: 0.1 ms]
   [Eden: 5712.0M(5712.0M)->0.0B(5712.0M) Survivors: 16384.0K->16384.0K Heap: 9090.9M(14336.0M)->3379.1M(14336.0M)]
 [Times: user=0.32 sys=0.00, real=0.37 secs] 
2022-09-28T07:14:52.459-0600: 458325.570: [GC concurrent-root-region-scan-start]
2022-09-28T07:14:52.464-0600: 458325.574: [GC concurrent-root-region-scan-end, 0.0046680 secs]
2022-09-28T07:14:52.464-0600: 458325.574: [GC concurrent-mark-start]
2022-09-28T07:14:53.825-0600: 458326.936: [GC concurrent-mark-end, 1.3613025 secs]
2022-09-28T07:14:53.825-0600: 458326.936: [GC remark 2022-09-28T07:14:53.825-0600: 458326.936: [Finalize Marking, 0.0026425 secs] 2022-09-28T07:14:53.828-0600: 458326.939: [GC ref-proc, 0.1074045 secs] 2022-09-28T07:14:53.935-0600: 458327.046: [Unloading, 0.0319874 secs], 0.1475061 secs]
 [Times: user=0.48 sys=0.00, real=0.15 secs] 
2022-09-28T07:14:53.973-0600: 458327.084: [GC cleanup 3503M->3503M(14336M), 0.0084004 secs]
 [Times: user=0.02 sys=0.00, real=0.01 secs] 
2022-09-28T07:16:43.295-0600: 458436.406: [GC pause (G1 Evacuation Pause) (young), 0.2882546 secs]
   [Parallel Time: 5.4 ms, GC Workers: 8]
      [GC Worker Start (ms): Min: 458436405.9, Avg: 458436406.8, Max: 458436410.4, Diff: 4.5]
      [Ext Root Scanning (ms): Min: 0.0, Avg: 1.3, Max: 3.9, Diff: 3.9, Sum: 10.5]
      [Update RS (ms): Min: 0.0, Avg: 0.8, Max: 1.5, Diff: 1.5, Sum: 6.4]
         [Processed Buffers: Min: 0, Avg: 5.1, Max: 10, Diff: 10, Sum: 41]
      [Scan RS (ms): Min: 0.0, Avg: 0.0, Max: 0.1, Diff: 0.1, Sum: 0.2]
      [Code Root Scanning (ms): Min: 0.0, Avg: 0.0, Max: 0.0, Diff: 0.0, Sum: 0.0]
      [Object Copy (ms): Min: 0.0, Avg: 0.8, Max: 1.3, Diff: 1.3, Sum: 6.8]
      [Termination (ms): Min: 0.0, Avg: 0.6, Max: 0.8, Diff: 0.8, Sum: 5.2]
         [Termination Attempts: Min: 1, Avg: 5.4, Max: 13, Diff: 12, Sum: 43]
      [GC Worker Other (ms): Min: 0.0, Avg: 0.0, Max: 0.0, Diff: 0.0, Sum: 0.0]
      [GC Worker Total (ms): Min: 0.0, Avg: 3.6, Max: 4.6, Diff: 4.5, Sum: 29.1]
      [GC Worker End (ms): Min: 458436410.4, Avg: 458436410.5, Max: 458436410.5, Diff: 0.1]
   [Code Root Fixup: 0.0 ms]
   [Code Root Purge: 0.0 ms]
   [Clear CT: 0.8 ms]
   [Other: 282.1 ms]
      [Choose CSet: 0.0 ms]
      [Ref Proc: 281.7 ms]
      [Ref Enq: 0.1 ms]
      [Redirty Cards: 0.1 ms]
      [Humongous Register: 0.0 ms]
      [Humongous Reclaim: 0.0 ms]
      [Free CSet: 0.1 ms]
   [Eden: 5712.0M(5712.0M)->0.0B(5712.0M) Survivors: 16384.0K->16384.0K Heap: 9091.1M(14336.0M)->3380.4M(14336.0M)]
 [Times: user=0.69 sys=0.00, real=0.29 secs] 
2022-09-28T07:18:29.288-0600: 458542.399: [GC pause (G1 Evacuation Pause) (mixed), 0.4840280 secs]
   [Parallel Time: 382.4 ms, GC Workers: 8]
      [GC Worker Start (ms): Min: 458542399.0, Avg: 458542721.6, Max: 458542781.2, Diff: 382.3]
      [Ext Root Scanning (ms): Min: 0.0, Avg: 0.7, Max: 5.6, Diff: 5.6, Sum: 5.6]
      [Update RS (ms): Min: 0.0, Avg: 0.5, Max: 3.8, Diff: 3.8, Sum: 3.8]
         [Processed Buffers: Min: 0, Avg: 4.9, Max: 39, Diff: 39, Sum: 39]
      [Scan RS (ms): Min: 0.0, Avg: 0.3, Max: 2.3, Diff: 2.2, Sum: 2.4]
      [Code Root Scanning (ms): Min: 0.0, Avg: 0.0, Max: 0.0, Diff: 0.0, Sum: 0.0]
      [Object Copy (ms): Min: 0.0, Avg: 1.4, Max: 11.5, Diff: 11.5, Sum: 11.5]
      [Termination (ms): Min: 0.0, Avg: 56.7, Max: 359.2, Diff: 359.2, Sum: 453.6]
         [Termination Attempts: Min: 1, Avg: 1.0, Max: 1, Diff: 0, Sum: 8]
      [GC Worker Other (ms): Min: 0.0, Avg: 0.0, Max: 0.0, Diff: 0.0, Sum: 0.1]
      [GC Worker Total (ms): Min: 0.0, Avg: 59.6, Max: 382.4, Diff: 382.3, Sum: 477.0]
      [GC Worker End (ms): Min: 458542781.2, Avg: 458542781.3, Max: 458542781.3, Diff: 0.1]
   [Code Root Fixup: 0.0 ms]
   [Code Root Purge: 0.0 ms]
   [Clear CT: 0.7 ms]
   [Other: 100.9 ms]
      [Choose CSet: 0.0 ms]
      [Ref Proc: 100.4 ms]
      [Ref Enq: 0.1 ms]
      [Redirty Cards: 0.1 ms]
      [Humongous Register: 0.0 ms]
      [Humongous Reclaim: 0.0 ms]
      [Free CSet: 0.1 ms]
   [Eden: 5712.0M(5712.0M)->0.0B(5712.0M) Survivors: 16384.0K->16384.0K Heap: 9092.4M(14336.0M)->3372.6M(14336.0M)]
 [Times: user=0.76 sys=0.00, real=0.49 secs] 
2022-09-28T07:20:16.680-0600: 458649.791: [GC pause (G1 Evacuation Pause) (young), 0.5161637 secs]
   [Parallel Time: 10.6 ms, GC Workers: 8]
      [GC Worker Start (ms): Min: 458649790.7, Avg: 458649796.6, Max: 458649801.2, Diff: 10.5]
      [Ext Root Scanning (ms): Min: 0.0, Avg: 0.8, Max: 3.3, Diff: 3.3, Sum: 6.3]
      [Update RS (ms): Min: 0.0, Avg: 2.7, Max: 7.1, Diff: 7.1, Sum: 21.6]
         [Processed Buffers: Min: 0, Avg: 12.8, Max: 33, Diff: 33, Sum: 102]
      [Scan RS (ms): Min: 0.0, Avg: 0.0, Max: 0.1, Diff: 0.1, Sum: 0.2]
      [Code Root Scanning (ms): Min: 0.0, Avg: 0.0, Max: 0.0, Diff: 0.0, Sum: 0.0]
      [Object Copy (ms): Min: 0.0, Avg: 0.7, Max: 0.9, Diff: 0.9, Sum: 5.4]
      [Termination (ms): Min: 0.0, Avg: 0.5, Max: 0.6, Diff: 0.6, Sum: 3.7]
         [Termination Attempts: Min: 1, Avg: 8.6, Max: 18, Diff: 17, Sum: 69]
      [GC Worker Other (ms): Min: 0.0, Avg: 0.0, Max: 0.0, Diff: 0.0, Sum: 0.0]
      [GC Worker Total (ms): Min: 0.0, Avg: 4.7, Max: 10.5, Diff: 10.5, Sum: 37.3]
      [GC Worker End (ms): Min: 458649801.3, Avg: 458649801.3, Max: 458649801.3, Diff: 0.0]
   [Code Root Fixup: 0.0 ms]
   [Code Root Purge: 0.0 ms]
   [Clear CT: 7.4 ms]
   [Other: 498.2 ms]
      [Choose CSet: 0.0 ms]
      [Ref Proc: 477.6 ms]
      [Ref Enq: 2.1 ms]
      [Redirty Cards: 18.3 ms]
      [Humongous Register: 0.0 ms]
      [Humongous Reclaim: 0.0 ms]
      [Free CSet: 0.1 ms]
   [Eden: 5712.0M(5712.0M)->0.0B(5712.0M) Survivors: 16384.0K->16384.0K Heap: 9084.6M(14336.0M)->3379.9M(14336.0M)]
 [Times: user=1.57 sys=0.00, real=0.52 secs] 
2022-09-28T07:22:07.293-0600: 458760.404: [GC pause (G1 Evacuation Pause) (young) (initial-mark), 0.0395865 secs]
   [Parallel Time: 14.2 ms, GC Workers: 8]
      [GC Worker Start (ms): Min: 458760405.7, Avg: 458760406.9, Max: 458760407.8, Diff: 2.2]
      [Ext Root Scanning (ms): Min: 2.0, Avg: 7.0, Max: 10.7, Diff: 8.7, Sum: 56.0]
      [Update RS (ms): Min: 0.0, Avg: 0.6, Max: 2.5, Diff: 2.5, Sum: 4.8]
         [Processed Buffers: Min: 0, Avg: 5.0, Max: 23, Diff: 23, Sum: 40]
      [Scan RS (ms): Min: 0.0, Avg: 0.0, Max: 0.1, Diff: 0.1, Sum: 0.2]
      [Code Root Scanning (ms): Min: 0.0, Avg: 0.0, Max: 0.0, Diff: 0.0, Sum: 0.0]
      [Object Copy (ms): Min: 0.0, Avg: 0.7, Max: 1.4, Diff: 1.4, Sum: 5.3]
      [Termination (ms): Min: 0.0, Avg: 3.3, Max: 5.1, Diff: 5.1, Sum: 26.4]
         [Termination Attempts: Min: 1, Avg: 2.5, Max: 6, Diff: 5, Sum: 20]
      [GC Worker Other (ms): Min: 0.0, Avg: 0.0, Max: 0.0, Diff: 0.0, Sum: 0.0]
      [GC Worker Total (ms): Min: 10.6, Avg: 11.6, Max: 12.9, Diff: 2.3, Sum: 92.7]
      [GC Worker End (ms): Min: 458760418.4, Avg: 458760418.5, Max: 458760418.6, Diff: 0.1]
   [Code Root Fixup: 0.0 ms]
   [Code Root Purge: 0.0 ms]
   [Clear CT: 0.5 ms]
   [Other: 24.9 ms]
      [Choose CSet: 0.0 ms]
      [Ref Proc: 24.4 ms]
      [Ref Enq: 0.1 ms]
      [Redirty Cards: 0.1 ms]
      [Humongous Register: 0.0 ms]
      [Humongous Reclaim: 0.0 ms]
      [Free CSet: 0.1 ms]
   [Eden: 5712.0M(5712.0M)->0.0B(5712.0M) Survivors: 16384.0K->16384.0K Heap: 9091.9M(14336.0M)->3380.2M(14336.0M)]
 [Times: user=0.16 sys=0.00, real=0.04 secs] 
2022-09-28T07:22:07.333-0600: 458760.444: [GC concurrent-root-region-scan-start]
2022-09-28T07:22:07.337-0600: 458760.448: [GC concurrent-root-region-scan-end, 0.0037694 secs]
2022-09-28T07:22:07.337-0600: 458760.448: [GC concurrent-mark-start]
2022-09-28T07:22:08.619-0600: 458761.730: [GC concurrent-mark-end, 1.2818237 secs]
2022-09-28T07:22:08.629-0600: 458761.740: [GC remark 2022-09-28T07:22:08.629-0600: 458761.740: [Finalize Marking, 0.0341712 secs] 2022-09-28T07:22:08.663-0600: 458761.774: [GC ref-proc, 0.5278105 secs] 2022-09-28T07:22:09.191-0600: 458762.302: [Unloading, 0.0269315 secs], 0.5926094 secs]
 [Times: user=2.92 sys=0.00, real=0.59 secs] 
2022-09-28T07:22:09.221-0600: 458762.332: [GC cleanup 3452M->3452M(14336M), 0.0084969 secs]
 [Times: user=0.02 sys=0.00, real=0.01 secs] 
2022-09-28T07:23:54.147-0600: 458867.258: [GC pause (G1 Evacuation Pause) (young), 0.0221084 secs]
   [Parallel Time: 4.4 ms, GC Workers: 8]
      [GC Worker Start (ms): Min: 458867258.4, Avg: 458867260.3, Max: 458867262.7, Diff: 4.3]
      [Ext Root Scanning (ms): Min: 0.0, Avg: 0.8, Max: 3.2, Diff: 3.2, Sum: 6.8]
      [Update RS (ms): Min: 0.0, Avg: 0.6, Max: 1.4, Diff: 1.4, Sum: 4.9]
         [Processed Buffers: Min: 0, Avg: 5.5, Max: 16, Diff: 16, Sum: 44]
      [Scan RS (ms): Min: 0.0, Avg: 0.0, Max: 0.1, Diff: 0.1, Sum: 0.2]
      [Code Root Scanning (ms): Min: 0.0, Avg: 0.0, Max: 0.0, Diff: 0.0, Sum: 0.0]
      [Object Copy (ms): Min: 0.0, Avg: 0.6, Max: 1.2, Diff: 1.2, Sum: 4.7]
      [Termination (ms): Min: 0.0, Avg: 0.4, Max: 0.6, Diff: 0.6, Sum: 3.1]
         [Termination Attempts: Min: 1, Avg: 4.4, Max: 12, Diff: 11, Sum: 35]
      [GC Worker Other (ms): Min: 0.0, Avg: 0.0, Max: 0.0, Diff: 0.0, Sum: 0.0]
      [GC Worker Total (ms): Min: 0.0, Avg: 2.5, Max: 4.3, Diff: 4.3, Sum: 19.7]
      [GC Worker End (ms): Min: 458867262.7, Avg: 458867262.7, Max: 458867262.7, Diff: 0.0]
   [Code Root Fixup: 0.0 ms]
   [Code Root Purge: 0.0 ms]
   [Clear CT: 0.6 ms]
   [Other: 17.1 ms]
      [Choose CSet: 0.0 ms]
      [Ref Proc: 16.7 ms]
      [Ref Enq: 0.1 ms]
      [Redirty Cards: 0.1 ms]
      [Humongous Register: 0.0 ms]
      [Humongous Reclaim: 0.0 ms]
      [Free CSet: 0.1 ms]
   [Eden: 5712.0M(5712.0M)->0.0B(5712.0M) Survivors: 16384.0K->16384.0K Heap: 9092.2M(14336.0M)->3381.2M(14336.0M)]
 [Times: user=0.07 sys=0.00, real=0.03 secs] 
2022-09-28T07:25:38.483-0600: 458971.593: [GC pause (G1 Evacuation Pause) (mixed), 0.3682088 secs]
   [Parallel Time: 12.1 ms, GC Workers: 8]
      [GC Worker Start (ms): Min: 458971593.5, Avg: 458971601.6, Max: 458971605.5, Diff: 12.0]
      [Ext Root Scanning (ms): Min: 0.0, Avg: 0.8, Max: 5.5, Diff: 5.5, Sum: 6.0]
      [Update RS (ms): Min: 0.0, Avg: 0.5, Max: 1.1, Diff: 1.1, Sum: 4.2]
         [Processed Buffers: Min: 0, Avg: 4.4, Max: 12, Diff: 12, Sum: 35]
      [Scan RS (ms): Min: 0.0, Avg: 0.4, Max: 0.8, Diff: 0.8, Sum: 3.0]
      [Code Root Scanning (ms): Min: 0.0, Avg: 0.0, Max: 0.0, Diff: 0.0, Sum: 0.1]
      [Object Copy (ms): Min: 0.0, Avg: 1.7, Max: 3.5, Diff: 3.5, Sum: 13.3]
      [Termination (ms): Min: 0.0, Avg: 0.7, Max: 1.2, Diff: 1.2, Sum: 5.4]
         [Termination Attempts: Min: 1, Avg: 1.1, Max: 2, Diff: 1, Sum: 9]
      [GC Worker Other (ms): Min: 0.0, Avg: 0.0, Max: 0.0, Diff: 0.0, Sum: 0.0]
      [GC Worker Total (ms): Min: 0.0, Avg: 4.0, Max: 12.0, Diff: 12.0, Sum: 32.0]
      [GC Worker End (ms): Min: 458971605.5, Avg: 458971605.5, Max: 458971605.6, Diff: 0.1]
   [Code Root Fixup: 0.0 ms]
   [Code Root Purge: 0.0 ms]
   [Clear CT: 0.9 ms]
   [Other: 355.2 ms]
      [Choose CSet: 0.0 ms]
      [Ref Proc: 354.9 ms]
      [Ref Enq: 0.0 ms]
      [Redirty Cards: 0.1 ms]
      [Humongous Register: 0.0 ms]
      [Humongous Reclaim: 0.0 ms]
      [Free CSet: 0.1 ms]
   [Eden: 5712.0M(5712.0M)->0.0B(5712.0M) Survivors: 16384.0K->16384.0K Heap: 9093.2M(14336.0M)->3373.8M(14336.0M)]
 [Times: user=0.23 sys=0.01, real=0.37 secs] 
2022-09-28T07:27:26.180-0600: 459079.291: [GC pause (G1 Evacuation Pause) (young), 0.0792927 secs]
   [Parallel Time: 10.5 ms, GC Workers: 8]
      [GC Worker Start (ms): Min: 459079291.3, Avg: 459079296.8, Max: 459079301.7, Diff: 10.4]
      [Ext Root Scanning (ms): Min: 0.0, Avg: 0.8, Max: 2.9, Diff: 2.9, Sum: 6.1]
      [Update RS (ms): Min: 0.0, Avg: 2.2, Max: 4.7, Diff: 4.7, Sum: 17.9]
         [Processed Buffers: Min: 0, Avg: 13.4, Max: 37, Diff: 37, Sum: 107]
      [Scan RS (ms): Min: 0.0, Avg: 0.0, Max: 0.1, Diff: 0.1, Sum: 0.2]
      [Code Root Scanning (ms): Min: 0.0, Avg: 0.0, Max: 0.0, Diff: 0.0, Sum: 0.0]
      [Object Copy (ms): Min: 0.0, Avg: 0.6, Max: 1.3, Diff: 1.3, Sum: 5.1]
      [Termination (ms): Min: 0.0, Avg: 1.3, Max: 1.8, Diff: 1.8, Sum: 10.2]
         [Termination Attempts: Min: 1, Avg: 1.6, Max: 3, Diff: 2, Sum: 13]
      [GC Worker Other (ms): Min: 0.0, Avg: 0.0, Max: 0.0, Diff: 0.0, Sum: 0.0]
      [GC Worker Total (ms): Min: 0.0, Avg: 4.9, Max: 10.5, Diff: 10.4, Sum: 39.4]
      [GC Worker End (ms): Min: 459079301.7, Avg: 459079301.7, Max: 459079301.8, Diff: 0.1]
   [Code Root Fixup: 0.0 ms]
   [Code Root Purge: 0.0 ms]
   [Clear CT: 0.7 ms]
   [Other: 68.1 ms]
      [Choose CSet: 0.0 ms]
      [Ref Proc: 67.7 ms]
      [Ref Enq: 0.1 ms]
      [Redirty Cards: 0.1 ms]
      [Humongous Register: 0.0 ms]
      [Humongous Reclaim: 0.0 ms]
      [Free CSet: 0.1 ms]
   [Eden: 5712.0M(5712.0M)->0.0B(5712.0M) Survivors: 16384.0K->16384.0K Heap: 9085.8M(14336.0M)->3378.2M(14336.0M)]
 [Times: user=0.23 sys=0.00, real=0.07 secs] 
2022-09-28T07:29:12.474-0600: 459185.585: [GC pause (G1 Evacuation Pause) (young) (initial-mark), 0.1977197 secs]
   [Parallel Time: 24.5 ms, GC Workers: 8]
      [GC Worker Start (ms): Min: 459185591.9, Avg: 459185594.7, Max: 459185595.9, Diff: 4.0]
      [Ext Root Scanning (ms): Min: 1.7, Avg: 6.5, Max: 11.0, Diff: 9.3, Sum: 52.2]
      [Update RS (ms): Min: 0.0, Avg: 0.7, Max: 2.6, Diff: 2.6, Sum: 5.8]
         [Processed Buffers: Min: 0, Avg: 4.6, Max: 18, Diff: 18, Sum: 37]
      [Scan RS (ms): Min: 0.0, Avg: 0.0, Max: 0.1, Diff: 0.0, Sum: 0.2]
      [Code Root Scanning (ms): Min: 0.0, Avg: 0.0, Max: 0.0, Diff: 0.0, Sum: 0.0]
      [Object Copy (ms): Min: 0.0, Avg: 0.7, Max: 1.5, Diff: 1.5, Sum: 5.8]
      [Termination (ms): Min: 0.0, Avg: 2.0, Max: 3.2, Diff: 3.2, Sum: 16.0]
         [Termination Attempts: Min: 1, Avg: 2.2, Max: 7, Diff: 6, Sum: 18]
      [GC Worker Other (ms): Min: 0.0, Avg: 0.0, Max: 0.0, Diff: 0.0, Sum: 0.0]
      [GC Worker Total (ms): Min: 8.7, Avg: 10.0, Max: 12.9, Diff: 4.2, Sum: 80.0]
      [GC Worker End (ms): Min: 459185604.6, Avg: 459185604.7, Max: 459185604.8, Diff: 0.2]
   [Code Root Fixup: 0.0 ms]
   [Code Root Purge: 0.0 ms]
   [Clear CT: 0.5 ms]
   [Other: 172.8 ms]
      [Choose CSet: 0.0 ms]
      [Ref Proc: 172.3 ms]
      [Ref Enq: 0.1 ms]
      [Redirty Cards: 0.1 ms]
      [Humongous Register: 0.0 ms]
      [Humongous Reclaim: 0.0 ms]
      [Free CSet: 0.1 ms]
   [Eden: 5712.0M(5712.0M)->0.0B(5712.0M) Survivors: 16384.0K->16384.0K Heap: 9090.2M(14336.0M)->3379.3M(14336.0M)]
 [Times: user=0.42 sys=0.00, real=0.20 secs] 
2022-09-28T07:29:12.672-0600: 459185.783: [GC concurrent-root-region-scan-start]
2022-09-28T07:29:12.677-0600: 459185.788: [GC concurrent-root-region-scan-end, 0.0046524 secs]
2022-09-28T07:29:12.677-0600: 459185.788: [GC concurrent-mark-start]
2022-09-28T07:29:13.954-0600: 459187.064: [GC concurrent-mark-end, 1.2769832 secs]
2022-09-28T07:29:13.954-0600: 459187.065: [GC remark 2022-09-28T07:29:13.954-0600: 459187.065: [Finalize Marking, 0.0080629 secs] 2022-09-28T07:29:13.962-0600: 459187.073: [GC ref-proc, 0.0318947 secs] 2022-09-28T07:29:13.994-0600: 459187.105: [Unloading, 0.0248709 secs], 0.0685600 secs]
 [Times: user=0.28 sys=0.00, real=0.07 secs] 
2022-09-28T07:29:14.023-0600: 459187.133: [GC cleanup 3467M->3467M(14336M), 0.0086467 secs]
 [Times: user=0.02 sys=0.00, real=0.01 secs] 
2022-09-28T07:31:03.328-0600: 459296.439: [GC pause (G1 Evacuation Pause) (young), 0.0381958 secs]
   [Parallel Time: 6.9 ms, GC Workers: 8]
      [GC Worker Start (ms): Min: 459296438.7, Avg: 459296442.7, Max: 459296445.5, Diff: 6.9]
      [Ext Root Scanning (ms): Min: 0.0, Avg: 0.8, Max: 3.1, Diff: 3.1, Sum: 6.6]
      [Update RS (ms): Min: 0.0, Avg: 0.6, Max: 1.8, Diff: 1.8, Sum: 4.5]
         [Processed Buffers: Min: 0, Avg: 4.2, Max: 13, Diff: 13, Sum: 34]
      [Scan RS (ms): Min: 0.0, Avg: 0.0, Max: 0.1, Diff: 0.1, Sum: 0.2]
      [Code Root Scanning (ms): Min: 0.0, Avg: 0.0, Max: 0.0, Diff: 0.0, Sum: 0.0]
      [Object Copy (ms): Min: 0.0, Avg: 0.7, Max: 1.9, Diff: 1.9, Sum: 5.3]
      [Termination (ms): Min: 0.0, Avg: 0.7, Max: 1.2, Diff: 1.2, Sum: 6.0]
         [Termination Attempts: Min: 1, Avg: 3.8, Max: 13, Diff: 12, Sum: 30]
      [GC Worker Other (ms): Min: 0.0, Avg: 0.0, Max: 0.0, Diff: 0.0, Sum: 0.0]
      [GC Worker Total (ms): Min: 0.0, Avg: 2.8, Max: 6.9, Diff: 6.9, Sum: 22.7]
      [GC Worker End (ms): Min: 459296445.5, Avg: 459296445.6, Max: 459296445.6, Diff: 0.0]
   [Code Root Fixup: 0.0 ms]
   [Code Root Purge: 0.0 ms]
   [Clear CT: 0.6 ms]
   [Other: 30.7 ms]
      [Choose CSet: 0.0 ms]
      [Ref Proc: 30.4 ms]
      [Ref Enq: 0.0 ms]
      [Redirty Cards: 0.1 ms]
      [Humongous Register: 0.0 ms]
      [Humongous Reclaim: 0.0 ms]
      [Free CSet: 0.1 ms]
   [Eden: 5712.0M(5712.0M)->0.0B(5712.0M) Survivors: 16384.0K->16384.0K Heap: 9091.3M(14336.0M)->3379.7M(14336.0M)]
 [Times: user=0.13 sys=0.00, real=0.04 secs] 
2022-09-28T07:32:50.287-0600: 459403.398: [GC pause (G1 Evacuation Pause) (mixed), 0.0457351 secs]
   [Parallel Time: 8.2 ms, GC Workers: 8]
      [GC Worker Start (ms): Min: 459403398.4, Avg: 459403398.9, Max: 459403399.2, Diff: 0.8]
      [Ext Root Scanning (ms): Min: 0.4, Avg: 1.1, Max: 4.0, Diff: 3.5, Sum: 9.0]
      [Update RS (ms): Min: 0.0, Avg: 0.7, Max: 1.2, Diff: 1.2, Sum: 5.8]
         [Processed Buffers: Min: 0, Avg: 4.5, Max: 11, Diff: 11, Sum: 36]
      [Scan RS (ms): Min: 0.0, Avg: 0.4, Max: 0.5, Diff: 0.5, Sum: 3.0]
      [Code Root Scanning (ms): Min: 0.0, Avg: 0.0, Max: 0.0, Diff: 0.0, Sum: 0.1]
      [Object Copy (ms): Min: 1.4, Avg: 3.0, Max: 5.4, Diff: 4.0, Sum: 23.7]
      [Termination (ms): Min: 0.0, Avg: 2.3, Max: 2.7, Diff: 2.7, Sum: 18.2]
         [Termination Attempts: Min: 1, Avg: 9.0, Max: 21, Diff: 20, Sum: 72]
      [GC Worker Other (ms): Min: 0.0, Avg: 0.0, Max: 0.0, Diff: 0.0, Sum: 0.0]
      [GC Worker Total (ms): Min: 7.2, Avg: 7.5, Max: 8.0, Diff: 0.9, Sum: 59.8]
      [GC Worker End (ms): Min: 459403406.3, Avg: 459403406.4, Max: 459403406.4, Diff: 0.1]
   [Code Root Fixup: 0.0 ms]
   [Code Root Purge: 0.0 ms]
   [Clear CT: 0.8 ms]
   [Other: 36.7 ms]
      [Choose CSet: 0.0 ms]
      [Ref Proc: 36.2 ms]
      [Ref Enq: 0.2 ms]
      [Redirty Cards: 0.1 ms]
      [Humongous Register: 0.0 ms]
      [Humongous Reclaim: 0.0 ms]
      [Free CSet: 0.1 ms]
   [Eden: 5712.0M(5712.0M)->0.0B(7152.0M) Survivors: 16384.0K->16384.0K Heap: 9091.7M(14336.0M)->3373.4M(14336.0M)]
 [Times: user=0.13 sys=0.00, real=0.05 secs] 
2022-09-28T07:35:04.629-0600: 459537.740: [GC pause (G1 Evacuation Pause) (young), 0.0448254 secs]
   [Parallel Time: 11.5 ms, GC Workers: 8]
      [GC Worker Start (ms): Min: 459537739.8, Avg: 459537745.6, Max: 459537750.4, Diff: 10.6]
      [Ext Root Scanning (ms): Min: 0.0, Avg: 0.7, Max: 3.1, Diff: 3.1, Sum: 5.8]
      [Update RS (ms): Min: 0.0, Avg: 2.3, Max: 8.1, Diff: 8.1, Sum: 18.6]
         [Processed Buffers: Min: 0, Avg: 11.9, Max: 32, Diff: 32, Sum: 95]
      [Scan RS (ms): Min: 0.0, Avg: 0.0, Max: 0.1, Diff: 0.1, Sum: 0.2]
      [Code Root Scanning (ms): Min: 0.0, Avg: 0.0, Max: 0.0, Diff: 0.0, Sum: 0.0]
      [Object Copy (ms): Min: 0.0, Avg: 1.0, Max: 1.7, Diff: 1.7, Sum: 8.3]
      [Termination (ms): Min: 0.0, Avg: 1.4, Max: 2.0, Diff: 2.0, Sum: 11.0]
         [Termination Attempts: Min: 1, Avg: 11.2, Max: 21, Diff: 20, Sum: 90]
      [GC Worker Other (ms): Min: 0.0, Avg: 0.0, Max: 0.0, Diff: 0.0, Sum: 0.0]
      [GC Worker Total (ms): Min: 0.6, Avg: 5.5, Max: 11.4, Diff: 10.8, Sum: 44.1]
      [GC Worker End (ms): Min: 459537751.1, Avg: 459537751.1, Max: 459537751.2, Diff: 0.2]
   [Code Root Fixup: 0.0 ms]
   [Code Root Purge: 0.0 ms]
   [Clear CT: 0.6 ms]
   [Other: 32.8 ms]
      [Choose CSet: 0.0 ms]
      [Ref Proc: 32.3 ms]
      [Ref Enq: 0.1 ms]
      [Redirty Cards: 0.1 ms]
      [Humongous Register: 0.0 ms]
      [Humongous Reclaim: 0.0 ms]
      [Free CSet: 0.1 ms]
   [Eden: 7152.0M(7152.0M)->0.0B(7152.0M) Survivors: 16384.0K->16384.0K Heap: 10525.4M(14336.0M)->3376.6M(14336.0M)]
 [Times: user=0.16 sys=0.00, real=0.04 secs] 
2022-09-28T07:37:19.555-0600: 459672.666: [GC pause (G1 Evacuation Pause) (young) (initial-mark), 0.4148802 secs]
   [Parallel Time: 365.5 ms, GC Workers: 8]
      [GC Worker Start (ms): Min: 459672667.2, Avg: 459672798.4, Max: 459673010.8, Diff: 343.5]
      [Ext Root Scanning (ms): Min: 2.4, Avg: 218.7, Max: 345.7, Diff: 343.3, Sum: 1749.9]
      [Update RS (ms): Min: 0.0, Avg: 0.8, Max: 1.7, Diff: 1.7, Sum: 6.2]
         [Processed Buffers: Min: 0, Avg: 5.1, Max: 14, Diff: 14, Sum: 41]
      [Scan RS (ms): Min: 0.0, Avg: 0.0, Max: 0.1, Diff: 0.1, Sum: 0.2]
      [Code Root Scanning (ms): Min: 0.0, Avg: 0.0, Max: 0.0, Diff: 0.0, Sum: 0.0]
      [Object Copy (ms): Min: 0.0, Avg: 0.7, Max: 1.5, Diff: 1.5, Sum: 5.2]
      [Termination (ms): Min: 0.0, Avg: 12.7, Max: 15.4, Diff: 15.4, Sum: 101.8]
         [Termination Attempts: Min: 1, Avg: 1.0, Max: 1, Diff: 0, Sum: 8]
      [GC Worker Other (ms): Min: 0.0, Avg: 0.0, Max: 0.0, Diff: 0.0, Sum: 0.0]
      [GC Worker Total (ms): Min: 20.6, Avg: 232.9, Max: 364.1, Diff: 343.5, Sum: 1863.4]
      [GC Worker End (ms): Min: 459673031.3, Avg: 459673031.3, Max: 459673031.4, Diff: 0.1]
   [Code Root Fixup: 0.0 ms]
   [Code Root Purge: 0.0 ms]
   [Clear CT: 0.8 ms]
   [Other: 48.6 ms]
      [Choose CSet: 0.0 ms]
      [Ref Proc: 48.1 ms]
      [Ref Enq: 0.1 ms]
      [Redirty Cards: 0.1 ms]
      [Humongous Register: 0.0 ms]
      [Humongous Reclaim: 0.0 ms]
      [Free CSet: 0.2 ms]
   [Eden: 7152.0M(7152.0M)->0.0B(5712.0M) Survivors: 16384.0K->16384.0K Heap: 10528.6M(14336.0M)->3377.3M(14336.0M)]
 [Times: user=0.34 sys=0.00, real=0.42 secs] 
2022-09-28T07:37:19.970-0600: 459673.081: [GC concurrent-root-region-scan-start]
2022-09-28T07:37:19.974-0600: 459673.085: [GC concurrent-root-region-scan-end, 0.0040513 secs]
2022-09-28T07:37:19.974-0600: 459673.085: [GC concurrent-mark-start]
2022-09-28T07:37:21.233-0600: 459674.344: [GC concurrent-mark-end, 1.2591641 secs]
2022-09-28T07:37:21.257-0600: 459674.368: [GC remark 2022-09-28T07:37:21.257-0600: 459674.368: [Finalize Marking, 0.0028503 secs] 2022-09-28T07:37:21.260-0600: 459674.371: [GC ref-proc, 0.0319158 secs] 2022-09-28T07:37:21.292-0600: 459674.403: [Unloading, 0.0279094 secs], 0.0673538 secs]
 [Times: user=0.23 sys=0.00, real=0.07 secs] 
2022-09-28T07:37:21.325-0600: 459674.436: [GC cleanup 3470M->3470M(14336M), 0.0072725 secs]
 [Times: user=0.02 sys=0.00, real=0.01 secs] 
2022-09-28T07:39:08.278-0600: 459781.389: [GC pause (G1 Evacuation Pause) (young), 0.0181816 secs]
   [Parallel Time: 4.6 ms, GC Workers: 8]
      [GC Worker Start (ms): Min: 459781389.4, Avg: 459781390.8, Max: 459781393.8, Diff: 4.4]
      [Ext Root Scanning (ms): Min: 0.0, Avg: 0.9, Max: 3.1, Diff: 3.1, Sum: 7.0]
      [Update RS (ms): Min: 0.0, Avg: 0.6, Max: 1.3, Diff: 1.3, Sum: 5.0]
         [Processed Buffers: Min: 0, Avg: 5.4, Max: 16, Diff: 16, Sum: 43]
      [Scan RS (ms): Min: 0.0, Avg: 0.0, Max: 0.1, Diff: 0.1, Sum: 0.2]
      [Code Root Scanning (ms): Min: 0.0, Avg: 0.0, Max: 0.0, Diff: 0.0, Sum: 0.0]
      [Object Copy (ms): Min: 0.0, Avg: 1.1, Max: 2.8, Diff: 2.8, Sum: 8.5]
      [Termination (ms): Min: 0.0, Avg: 0.5, Max: 0.6, Diff: 0.6, Sum: 3.7]
         [Termination Attempts: Min: 1, Avg: 3.4, Max: 8, Diff: 7, Sum: 27]
      [GC Worker Other (ms): Min: 0.0, Avg: 0.0, Max: 0.0, Diff: 0.0, Sum: 0.1]
      [GC Worker Total (ms): Min: 0.0, Avg: 3.1, Max: 4.5, Diff: 4.4, Sum: 24.5]
      [GC Worker End (ms): Min: 459781393.8, Avg: 459781393.8, Max: 459781393.8, Diff: 0.0]
   [Code Root Fixup: 0.0 ms]
   [Code Root Purge: 0.0 ms]
   [Clear CT: 0.6 ms]
   [Other: 13.0 ms]
      [Choose CSet: 0.0 ms]
      [Ref Proc: 12.6 ms]
      [Ref Enq: 0.1 ms]
      [Redirty Cards: 0.1 ms]
      [Humongous Register: 0.0 ms]
      [Humongous Reclaim: 0.0 ms]
      [Free CSet: 0.1 ms]
   [Eden: 5712.0M(5712.0M)->0.0B(5712.0M) Survivors: 16384.0K->16384.0K Heap: 9089.3M(14336.0M)->3379.9M(14336.0M)]
 [Times: user=0.06 sys=0.00, real=0.02 secs] 
2022-09-28T07:41:00.433-0600: 459893.544: [GC pause (G1 Evacuation Pause) (mixed), 0.0314310 secs]
   [Parallel Time: 8.6 ms, GC Workers: 8]
      [GC Worker Start (ms): Min: 459893543.7, Avg: 459893546.8, Max: 459893552.2, Diff: 8.4]
      [Ext Root Scanning (ms): Min: 0.0, Avg: 1.3, Max: 3.5, Diff: 3.5, Sum: 10.5]
      [Update RS (ms): Min: 0.0, Avg: 0.7, Max: 1.9, Diff: 1.9, Sum: 5.7]
         [Processed Buffers: Min: 0, Avg: 5.0, Max: 14, Diff: 14, Sum: 40]
      [Scan RS (ms): Min: 0.0, Avg: 0.5, Max: 0.9, Diff: 0.9, Sum: 3.8]
      [Code Root Scanning (ms): Min: 0.0, Avg: 0.0, Max: 0.0, Diff: 0.0, Sum: 0.0]
      [Object Copy (ms): Min: 0.0, Avg: 2.4, Max: 3.4, Diff: 3.4, Sum: 19.3]
      [Termination (ms): Min: 0.0, Avg: 0.5, Max: 0.6, Diff: 0.6, Sum: 4.1]
         [Termination Attempts: Min: 1, Avg: 14.8, Max: 27, Diff: 26, Sum: 118]
      [GC Worker Other (ms): Min: 0.0, Avg: 0.0, Max: 0.0, Diff: 0.0, Sum: 0.0]
      [GC Worker Total (ms): Min: 0.0, Avg: 5.4, Max: 8.5, Diff: 8.5, Sum: 43.4]
      [GC Worker End (ms): Min: 459893552.2, Avg: 459893552.2, Max: 459893552.2, Diff: 0.0]
   [Code Root Fixup: 0.0 ms]
   [Code Root Purge: 0.0 ms]
   [Clear CT: 0.9 ms]
   [Other: 21.9 ms]
      [Choose CSet: 0.0 ms]
      [Ref Proc: 21.5 ms]
      [Ref Enq: 0.1 ms]
      [Redirty Cards: 0.1 ms]
      [Humongous Register: 0.0 ms]
      [Humongous Reclaim: 0.0 ms]
      [Free CSet: 0.1 ms]
   [Eden: 5712.0M(5712.0M)->0.0B(7152.0M) Survivors: 16384.0K->16384.0K Heap: 9091.9M(14336.0M)->3371.1M(14336.0M)]
 [Times: user=0.10 sys=0.00, real=0.03 secs] 
2022-09-28T07:43:19.329-0600: 460032.440: [GC pause (G1 Evacuation Pause) (young), 0.1807123 secs]
   [Parallel Time: 43.1 ms, GC Workers: 8]
      [GC Worker Start (ms): Min: 460032440.1, Avg: 460032456.5, Max: 460032483.0, Diff: 42.9]
      [Ext Root Scanning (ms): Min: 0.0, Avg: 2.0, Max: 7.0, Diff: 7.0, Sum: 15.7]
      [Update RS (ms): Min: 0.0, Avg: 2.2, Max: 4.9, Diff: 4.9, Sum: 17.5]
         [Processed Buffers: Min: 0, Avg: 10.8, Max: 25, Diff: 25, Sum: 86]
      [Scan RS (ms): Min: 0.0, Avg: 0.0, Max: 0.1, Diff: 0.1, Sum: 0.2]
      [Code Root Scanning (ms): Min: 0.0, Avg: 0.0, Max: 0.0, Diff: 0.0, Sum: 0.0]
      [Object Copy (ms): Min: 0.0, Avg: 1.3, Max: 3.9, Diff: 3.9, Sum: 10.7]
      [Termination (ms): Min: 0.0, Avg: 21.0, Max: 34.1, Diff: 34.1, Sum: 168.2]
         [Termination Attempts: Min: 1, Avg: 1.2, Max: 3, Diff: 2, Sum: 10]
      [GC Worker Other (ms): Min: 0.0, Avg: 0.0, Max: 0.0, Diff: 0.0, Sum: 0.1]
      [GC Worker Total (ms): Min: 0.0, Avg: 26.5, Max: 43.0, Diff: 43.0, Sum: 212.4]
      [GC Worker End (ms): Min: 460032483.0, Avg: 460032483.0, Max: 460032483.1, Diff: 0.1]
   [Code Root Fixup: 0.0 ms]
   [Code Root Purge: 0.0 ms]
   [Clear CT: 0.8 ms]
   [Other: 136.9 ms]
      [Choose CSet: 0.0 ms]
      [Ref Proc: 136.4 ms]
      [Ref Enq: 0.1 ms]
      [Redirty Cards: 0.1 ms]
      [Humongous Register: 0.0 ms]
      [Humongous Reclaim: 0.0 ms]
      [Free CSet: 0.2 ms]
   [Eden: 7152.0M(7152.0M)->0.0B(7152.0M) Survivors: 16384.0K->16384.0K Heap: 10523.1M(14336.0M)->3375.5M(14336.0M)]
 [Times: user=0.40 sys=0.00, real=0.18 secs] 
2022-09-28T07:45:37.281-0600: 460170.392: [GC pause (G1 Evacuation Pause) (young) (initial-mark), 0.0711430 secs]
   [Parallel Time: 19.1 ms, GC Workers: 8]
      [GC Worker Start (ms): Min: 460170396.0, Avg: 460170400.6, Max: 460170402.3, Diff: 6.3]
      [Ext Root Scanning (ms): Min: 2.3, Avg: 7.3, Max: 12.6, Diff: 10.3, Sum: 58.4]
      [Update RS (ms): Min: 0.0, Avg: 0.6, Max: 1.6, Diff: 1.6, Sum: 4.8]
         [Processed Buffers: Min: 0, Avg: 5.2, Max: 21, Diff: 21, Sum: 42]
      [Scan RS (ms): Min: 0.0, Avg: 0.0, Max: 0.1, Diff: 0.1, Sum: 0.2]
      [Code Root Scanning (ms): Min: 0.0, Avg: 0.0, Max: 0.0, Diff: 0.0, Sum: 0.0]
      [Object Copy (ms): Min: 0.0, Avg: 0.6, Max: 1.5, Diff: 1.5, Sum: 4.5]
      [Termination (ms): Min: 0.0, Avg: 2.4, Max: 3.9, Diff: 3.9, Sum: 18.9]
         [Termination Attempts: Min: 1, Avg: 3.8, Max: 16, Diff: 15, Sum: 30]
      [GC Worker Other (ms): Min: 0.0, Avg: 0.0, Max: 0.0, Diff: 0.0, Sum: 0.1]
      [GC Worker Total (ms): Min: 9.2, Avg: 10.9, Max: 15.4, Diff: 6.1, Sum: 86.9]
      [GC Worker End (ms): Min: 460170411.4, Avg: 460170411.4, Max: 460170411.5, Diff: 0.1]
   [Code Root Fixup: 0.0 ms]
   [Code Root Purge: 0.0 ms]
   [Clear CT: 0.8 ms]
   [Other: 51.2 ms]
      [Choose CSet: 0.0 ms]
      [Ref Proc: 50.8 ms]
      [Ref Enq: 0.1 ms]
      [Redirty Cards: 0.1 ms]
      [Humongous Register: 0.0 ms]
      [Humongous Reclaim: 0.0 ms]
      [Free CSet: 0.1 ms]
   [Eden: 7152.0M(7152.0M)->0.0B(7152.0M) Survivors: 16384.0K->16384.0K Heap: 10527.5M(14336.0M)->3378.1M(14336.0M)]
 [Times: user=0.18 sys=0.00, real=0.07 secs] 
2022-09-28T07:45:37.353-0600: 460170.464: [GC concurrent-root-region-scan-start]
2022-09-28T07:45:37.357-0600: 460170.468: [GC concurrent-root-region-scan-end, 0.0046047 secs]
2022-09-28T07:45:37.357-0600: 460170.468: [GC concurrent-mark-start]
2022-09-28T07:45:38.633-0600: 460171.744: [GC concurrent-mark-end, 1.2759255 secs]
2022-09-28T07:45:38.683-0600: 460171.794: [GC remark 2022-09-28T07:45:38.683-0600: 460171.794: [Finalize Marking, 0.0023207 secs] 2022-09-28T07:45:38.685-0600: 460171.796: [GC ref-proc, 0.1664122 secs] 2022-09-28T07:45:38.852-0600: 460171.963: [Unloading, 0.0257715 secs], 0.1980804 secs]
 [Times: user=0.34 sys=0.00, real=0.20 secs] 
2022-09-28T07:45:38.881-0600: 460171.992: [GC cleanup 3490M->3490M(14336M), 0.0065324 secs]
 [Times: user=0.02 sys=0.00, real=0.00 secs] 
2022-09-28T07:47:55.332-0600: 460308.443: [GC pause (G1 Evacuation Pause) (young), 0.4008347 secs]
   [Parallel Time: 379.6 ms, GC Workers: 8]
      [GC Worker Start (ms): Min: 460308791.5, Avg: 460308806.8, Max: 460308822.6, Diff: 31.1]
      [Ext Root Scanning (ms): Min: 0.0, Avg: 0.7, Max: 3.1, Diff: 3.1, Sum: 5.9]
      [Update RS (ms): Min: 0.0, Avg: 0.6, Max: 2.2, Diff: 2.2, Sum: 4.4]
         [Processed Buffers: Min: 0, Avg: 5.2, Max: 22, Diff: 22, Sum: 42]
      [Scan RS (ms): Min: 0.0, Avg: 0.0, Max: 0.1, Diff: 0.1, Sum: 0.2]
      [Code Root Scanning (ms): Min: 0.0, Avg: 0.0, Max: 0.0, Diff: 0.0, Sum: 0.0]
      [Object Copy (ms): Min: 0.0, Avg: 0.5, Max: 2.1, Diff: 2.1, Sum: 4.0]
      [Termination (ms): Min: 0.0, Avg: 14.1, Max: 23.9, Diff: 23.9, Sum: 112.4]
         [Termination Attempts: Min: 1, Avg: 3.0, Max: 17, Diff: 16, Sum: 24]
      [GC Worker Other (ms): Min: 0.0, Avg: 0.0, Max: 0.0, Diff: 0.0, Sum: 0.0]
      [GC Worker Total (ms): Min: 0.0, Avg: 15.9, Max: 31.2, Diff: 31.2, Sum: 127.0]
      [GC Worker End (ms): Min: 460308822.6, Avg: 460308822.7, Max: 460308822.8, Diff: 0.2]
   [Code Root Fixup: 0.0 ms]
   [Code Root Purge: 0.0 ms]
   [Clear CT: 0.8 ms]
   [Other: 20.4 ms]
      [Choose CSet: 0.0 ms]
      [Ref Proc: 19.9 ms]
      [Ref Enq: 0.1 ms]
      [Redirty Cards: 0.1 ms]
      [Humongous Register: 0.0 ms]
      [Humongous Reclaim: 0.0 ms]
      [Free CSet: 0.2 ms]
   [Eden: 7152.0M(7152.0M)->0.0B(5712.0M) Survivors: 16384.0K->16384.0K Heap: 10530.1M(14336.0M)->3378.5M(14336.0M)]
 [Times: user=0.18 sys=0.00, real=0.40 secs] 
2022-09-28T07:49:40.782-0600: 460413.893: [GC pause (G1 Evacuation Pause) (mixed), 0.4075132 secs]
   [Parallel Time: 14.4 ms, GC Workers: 8]
      [GC Worker Start (ms): Min: 460413892.9, Avg: 460413894.8, Max: 460413898.7, Diff: 5.7]
      [Ext Root Scanning (ms): Min: 0.0, Avg: 1.5, Max: 5.0, Diff: 5.0, Sum: 11.7]
      [Update RS (ms): Min: 0.0, Avg: 0.7, Max: 1.6, Diff: 1.6, Sum: 5.7]
         [Processed Buffers: Min: 0, Avg: 4.4, Max: 12, Diff: 12, Sum: 35]
      [Scan RS (ms): Min: 0.0, Avg: 0.5, Max: 1.0, Diff: 1.0, Sum: 3.9]
      [Code Root Scanning (ms): Min: 0.0, Avg: 0.0, Max: 0.0, Diff: 0.0, Sum: 0.1]
      [Object Copy (ms): Min: 5.9, Avg: 7.6, Max: 10.4, Diff: 4.5, Sum: 60.4]
      [Termination (ms): Min: 0.0, Avg: 2.3, Max: 2.9, Diff: 2.9, Sum: 18.4]
         [Termination Attempts: Min: 1, Avg: 10.4, Max: 27, Diff: 26, Sum: 83]
      [GC Worker Other (ms): Min: 0.0, Avg: 0.0, Max: 0.0, Diff: 0.0, Sum: 0.1]
      [GC Worker Total (ms): Min: 8.7, Avg: 12.5, Max: 14.4, Diff: 5.7, Sum: 100.2]
      [GC Worker End (ms): Min: 460413907.2, Avg: 460413907.3, Max: 460413907.3, Diff: 0.2]
   [Code Root Fixup: 0.0 ms]
   [Code Root Purge: 0.0 ms]
   [Clear CT: 0.9 ms]
   [Other: 392.2 ms]
      [Choose CSet: 0.0 ms]
      [Ref Proc: 391.7 ms]
      [Ref Enq: 0.1 ms]
      [Redirty Cards: 0.1 ms]
      [Humongous Register: 0.0 ms]
      [Humongous Reclaim: 0.0 ms]
      [Free CSet: 0.1 ms]
   [Eden: 5712.0M(5712.0M)->0.0B(5712.0M) Survivors: 16384.0K->16384.0K Heap: 9090.5M(14336.0M)->3372.7M(14336.0M)]
 [Times: user=2.70 sys=0.00, real=0.41 secs] 
2022-09-28T07:51:26.232-0600: 460519.343: [GC pause (G1 Evacuation Pause) (young), 0.0404016 secs]
   [Parallel Time: 16.0 ms, GC Workers: 8]
      [GC Worker Start (ms): Min: 460519343.4, Avg: 460519347.4, Max: 460519352.6, Diff: 9.3]
      [Ext Root Scanning (ms): Min: 0.0, Avg: 1.0, Max: 4.2, Diff: 4.2, Sum: 8.3]
      [Update RS (ms): Min: 0.0, Avg: 2.8, Max: 6.7, Diff: 6.7, Sum: 22.7]
         [Processed Buffers: Min: 0, Avg: 13.0, Max: 30, Diff: 30, Sum: 104]
      [Scan RS (ms): Min: 0.0, Avg: 0.0, Max: 0.1, Diff: 0.1, Sum: 0.2]
      [Code Root Scanning (ms): Min: 0.0, Avg: 0.0, Max: 0.0, Diff: 0.0, Sum: 0.0]
      [Object Copy (ms): Min: 0.0, Avg: 1.8, Max: 8.6, Diff: 8.6, Sum: 14.3]
      [Termination (ms): Min: 0.0, Avg: 6.1, Max: 7.3, Diff: 7.3, Sum: 49.0]
         [Termination Attempts: Min: 1, Avg: 15.9, Max: 31, Diff: 30, Sum: 127]
      [GC Worker Other (ms): Min: 0.0, Avg: 0.0, Max: 0.0, Diff: 0.0, Sum: 0.0]
      [GC Worker Total (ms): Min: 6.6, Avg: 11.8, Max: 15.9, Diff: 9.3, Sum: 94.6]
      [GC Worker End (ms): Min: 460519359.2, Avg: 460519359.2, Max: 460519359.3, Diff: 0.2]
   [Code Root Fixup: 0.0 ms]
   [Code Root Purge: 0.0 ms]
   [Clear CT: 0.6 ms]
   [Other: 23.7 ms]
      [Choose CSet: 0.0 ms]
      [Ref Proc: 23.4 ms]
      [Ref Enq: 0.1 ms]
      [Redirty Cards: 0.1 ms]
      [Humongous Register: 0.0 ms]
      [Humongous Reclaim: 0.0 ms]
      [Free CSet: 0.1 ms]
   [Eden: 5712.0M(5712.0M)->0.0B(5712.0M) Survivors: 16384.0K->16384.0K Heap: 9084.7M(14336.0M)->3378.7M(14336.0M)]
 [Times: user=0.13 sys=0.00, real=0.04 secs] 
2022-09-28T07:53:12.890-0600: 460626.001: [GC pause (G1 Evacuation Pause) (young) (initial-mark), 0.0869251 secs]
   [Parallel Time: 14.5 ms, GC Workers: 8]
      [GC Worker Start (ms): Min: 460626002.5, Avg: 460626004.5, Max: 460626005.4, Diff: 2.9]
      [Ext Root Scanning (ms): Min: 1.3, Avg: 8.2, Max: 10.8, Diff: 9.5, Sum: 65.6]
      [Update RS (ms): Min: 0.0, Avg: 0.8, Max: 3.7, Diff: 3.7, Sum: 6.2]
         [Processed Buffers: Min: 0, Avg: 6.1, Max: 39, Diff: 39, Sum: 49]
      [Scan RS (ms): Min: 0.0, Avg: 0.0, Max: 0.1, Diff: 0.1, Sum: 0.2]
      [Code Root Scanning (ms): Min: 0.0, Avg: 0.0, Max: 0.0, Diff: 0.0, Sum: 0.0]
      [Object Copy (ms): Min: 0.0, Avg: 0.7, Max: 2.3, Diff: 2.3, Sum: 5.5]
      [Termination (ms): Min: 0.0, Avg: 1.5, Max: 3.0, Diff: 3.0, Sum: 11.8]
         [Termination Attempts: Min: 1, Avg: 1.9, Max: 6, Diff: 5, Sum: 15]
      [GC Worker Other (ms): Min: 0.0, Avg: 0.0, Max: 0.0, Diff: 0.0, Sum: 0.0]
      [GC Worker Total (ms): Min: 10.1, Avg: 11.2, Max: 13.2, Diff: 3.1, Sum: 89.3]
      [GC Worker End (ms): Min: 460626015.5, Avg: 460626015.7, Max: 460626015.7, Diff: 0.2]
   [Code Root Fixup: 0.0 ms]
   [Code Root Purge: 0.0 ms]
   [Clear CT: 44.8 ms]
   [Other: 27.7 ms]
      [Choose CSet: 0.0 ms]
      [Ref Proc: 27.1 ms]
      [Ref Enq: 0.1 ms]
      [Redirty Cards: 0.2 ms]
      [Humongous Register: 0.0 ms]
      [Humongous Reclaim: 0.0 ms]
      [Free CSet: 0.1 ms]
   [Eden: 5712.0M(5712.0M)->0.0B(5712.0M) Survivors: 16384.0K->16384.0K Heap: 9090.7M(14336.0M)->3379.6M(14336.0M)]
 [Times: user=0.13 sys=0.00, real=0.08 secs] 
2022-09-28T07:53:12.977-0600: 460626.088: [GC concurrent-root-region-scan-start]
2022-09-28T07:53:12.981-0600: 460626.092: [GC concurrent-root-region-scan-end, 0.0040400 secs]
2022-09-28T07:53:12.981-0600: 460626.092: [GC concurrent-mark-start]
2022-09-28T07:53:14.227-0600: 460627.338: [GC concurrent-mark-end, 1.2460658 secs]
2022-09-28T07:53:14.228-0600: 460627.339: [GC remark 2022-09-28T07:53:14.228-0600: 460627.339: [Finalize Marking, 0.0029927 secs] 2022-09-28T07:53:14.231-0600: 460627.342: [GC ref-proc, 0.0556425 secs] 2022-09-28T07:53:14.286-0600: 460627.397: [Unloading, 0.1238997 secs], 0.1913003 secs]
 [Times: user=0.41 sys=0.00, real=0.19 secs] 
2022-09-28T07:53:14.419-0600: 460627.530: [GC cleanup 3472M->3472M(14336M), 0.0059791 secs]
 [Times: user=0.03 sys=0.00, real=0.01 secs] 
2022-09-28T07:55:01.979-0600: 460735.090: [GC pause (G1 Evacuation Pause) (young), 0.2517745 secs]
   [Parallel Time: 67.3 ms, GC Workers: 8]
      [GC Worker Start (ms): Min: 460735090.4, Avg: 460735114.2, Max: 460735148.8, Diff: 58.4]
      [Ext Root Scanning (ms): Min: 0.0, Avg: 0.8, Max: 2.8, Diff: 2.8, Sum: 6.4]
      [Update RS (ms): Min: 0.0, Avg: 0.5, Max: 1.4, Diff: 1.4, Sum: 4.2]
         [Processed Buffers: Min: 0, Avg: 4.2, Max: 18, Diff: 18, Sum: 34]
      [Scan RS (ms): Min: 0.0, Avg: 1.1, Max: 8.5, Diff: 8.5, Sum: 8.6]
      [Code Root Scanning (ms): Min: 0.0, Avg: 0.0, Max: 0.0, Diff: 0.0, Sum: 0.0]
      [Object Copy (ms): Min: 0.0, Avg: 0.6, Max: 1.8, Diff: 1.8, Sum: 5.0]
      [Termination (ms): Min: 0.0, Avg: 40.2, Max: 61.3, Diff: 61.3, Sum: 321.9]
         [Termination Attempts: Min: 1, Avg: 5.4, Max: 21, Diff: 20, Sum: 43]
      [GC Worker Other (ms): Min: 0.0, Avg: 0.0, Max: 0.0, Diff: 0.0, Sum: 0.0]
      [GC Worker Total (ms): Min: 8.5, Avg: 43.3, Max: 66.9, Diff: 58.4, Sum: 346.2]
      [GC Worker End (ms): Min: 460735157.3, Avg: 460735157.4, Max: 460735157.5, Diff: 0.2]
   [Code Root Fixup: 0.0 ms]
   [Code Root Purge: 0.0 ms]
   [Clear CT: 0.7 ms]
   [Other: 183.8 ms]
      [Choose CSet: 0.0 ms]
      [Ref Proc: 183.5 ms]
      [Ref Enq: 0.1 ms]
      [Redirty Cards: 0.1 ms]
      [Humongous Register: 0.0 ms]
      [Humongous Reclaim: 0.0 ms]
      [Free CSet: 0.1 ms]
   [Eden: 5712.0M(5712.0M)->0.0B(5712.0M) Survivors: 16384.0K->16384.0K Heap: 9091.6M(14336.0M)->3382.0M(14336.0M)]
 [Times: user=0.57 sys=0.00, real=0.26 secs] 
2022-09-28T07:56:52.430-0600: 460845.541: [GC pause (G1 Evacuation Pause) (mixed), 0.0488378 secs]
   [Parallel Time: 13.8 ms, GC Workers: 8]
      [GC Worker Start (ms): Min: 460845541.3, Avg: 460845548.8, Max: 460845554.9, Diff: 13.6]
      [Ext Root Scanning (ms): Min: 0.0, Avg: 0.8, Max: 4.3, Diff: 4.3, Sum: 6.8]
      [Update RS (ms): Min: 0.0, Avg: 1.4, Max: 5.3, Diff: 5.3, Sum: 10.9]
         [Processed Buffers: Min: 0, Avg: 5.0, Max: 19, Diff: 19, Sum: 40]
      [Scan RS (ms): Min: 0.0, Avg: 0.7, Max: 1.9, Diff: 1.9, Sum: 5.4]
      [Code Root Scanning (ms): Min: 0.0, Avg: 0.1, Max: 0.7, Diff: 0.7, Sum: 0.7]
      [Object Copy (ms): Min: 0.0, Avg: 2.8, Max: 4.5, Diff: 4.5, Sum: 22.6]
      [Termination (ms): Min: 0.0, Avg: 0.4, Max: 0.7, Diff: 0.7, Sum: 3.4]
         [Termination Attempts: Min: 1, Avg: 57.6, Max: 99, Diff: 98, Sum: 461]
      [GC Worker Other (ms): Min: 0.0, Avg: 0.0, Max: 0.0, Diff: 0.0, Sum: 0.1]
      [GC Worker Total (ms): Min: 0.0, Avg: 6.2, Max: 13.7, Diff: 13.6, Sum: 49.8]
      [GC Worker End (ms): Min: 460845555.0, Avg: 460845555.0, Max: 460845555.0, Diff: 0.0]
   [Code Root Fixup: 0.0 ms]
   [Code Root Purge: 0.0 ms]
   [Clear CT: 0.9 ms]
   [Other: 34.1 ms]
      [Choose CSet: 0.0 ms]
      [Ref Proc: 33.7 ms]
      [Ref Enq: 0.1 ms]
      [Redirty Cards: 0.1 ms]
      [Humongous Register: 0.0 ms]
      [Humongous Reclaim: 0.0 ms]
      [Free CSet: 0.1 ms]
   [Eden: 5712.0M(5712.0M)->0.0B(7152.0M) Survivors: 16384.0K->16384.0K Heap: 9094.0M(14336.0M)->3370.4M(14336.0M)]
 [Times: user=0.18 sys=0.00, real=0.04 secs] 
2022-09-28T07:59:05.883-0600: 460978.994: [GC pause (G1 Evacuation Pause) (young), 0.4258866 secs]
   [Parallel Time: 10.6 ms, GC Workers: 8]
      [GC Worker Start (ms): Min: 460978993.6, Avg: 460978997.6, Max: 460978999.9, Diff: 6.3]
      [Ext Root Scanning (ms): Min: 0.0, Avg: 0.8, Max: 3.5, Diff: 3.5, Sum: 6.5]
      [Update RS (ms): Min: 1.3, Avg: 3.7, Max: 6.9, Diff: 5.6, Sum: 29.5]
         [Processed Buffers: Min: 2, Avg: 12.8, Max: 22, Diff: 20, Sum: 102]
      [Scan RS (ms): Min: 0.0, Avg: 0.0, Max: 0.1, Diff: 0.1, Sum: 0.2]
      [Code Root Scanning (ms): Min: 0.0, Avg: 0.0, Max: 0.0, Diff: 0.0, Sum: 0.0]
      [Object Copy (ms): Min: 0.0, Avg: 0.8, Max: 1.6, Diff: 1.6, Sum: 6.7]
      [Termination (ms): Min: 0.0, Avg: 1.2, Max: 1.7, Diff: 1.7, Sum: 9.9]
         [Termination Attempts: Min: 1, Avg: 30.2, Max: 63, Diff: 62, Sum: 242]
      [GC Worker Other (ms): Min: 0.0, Avg: 0.0, Max: 0.0, Diff: 0.0, Sum: 0.1]
      [GC Worker Total (ms): Min: 4.3, Avg: 6.6, Max: 10.5, Diff: 6.3, Sum: 52.9]
      [GC Worker End (ms): Min: 460979004.2, Avg: 460979004.2, Max: 460979004.2, Diff: 0.1]
   [Code Root Fixup: 0.0 ms]
   [Code Root Purge: 0.0 ms]
   [Clear CT: 10.2 ms]
   [Other: 405.1 ms]
      [Choose CSet: 0.0 ms]
      [Ref Proc: 30.6 ms]
      [Ref Enq: 374.1 ms]
      [Redirty Cards: 0.1 ms]
      [Humongous Register: 0.0 ms]
      [Humongous Reclaim: 0.0 ms]
      [Free CSet: 0.1 ms]
   [Eden: 7152.0M(7152.0M)->0.0B(5712.0M) Survivors: 16384.0K->16384.0K Heap: 10522.4M(14336.0M)->3373.9M(14336.0M)]
 [Times: user=0.14 sys=0.00, real=0.43 secs] 
2022-09-28T08:00:55.079-0600: 461088.190: [GC pause (G1 Evacuation Pause) (young) (initial-mark), 0.0491718 secs]
   [Parallel Time: 13.6 ms, GC Workers: 8]
      [GC Worker Start (ms): Min: 461088191.0, Avg: 461088192.5, Max: 461088193.4, Diff: 2.4]
      [Ext Root Scanning (ms): Min: 2.0, Avg: 6.2, Max: 9.8, Diff: 7.8, Sum: 49.7]
      [Update RS (ms): Min: 0.0, Avg: 0.6, Max: 1.5, Diff: 1.5, Sum: 4.6]
         [Processed Buffers: Min: 0, Avg: 4.8, Max: 16, Diff: 16, Sum: 38]
      [Scan RS (ms): Min: 0.0, Avg: 0.0, Max: 0.1, Diff: 0.1, Sum: 0.2]
      [Code Root Scanning (ms): Min: 0.0, Avg: 0.0, Max: 0.0, Diff: 0.0, Sum: 0.0]
      [Object Copy (ms): Min: 0.0, Avg: 0.7, Max: 1.5, Diff: 1.5, Sum: 5.5]
      [Termination (ms): Min: 0.0, Avg: 3.2, Max: 5.0, Diff: 5.0, Sum: 25.9]
         [Termination Attempts: Min: 1, Avg: 7.6, Max: 28, Diff: 27, Sum: 61]
      [GC Worker Other (ms): Min: 0.0, Avg: 0.0, Max: 0.0, Diff: 0.0, Sum: 0.0]
      [GC Worker Total (ms): Min: 9.8, Avg: 10.8, Max: 12.3, Diff: 2.5, Sum: 86.0]
      [GC Worker End (ms): Min: 461088203.2, Avg: 461088203.3, Max: 461088203.3, Diff: 0.1]
   [Code Root Fixup: 0.0 ms]
   [Code Root Purge: 0.0 ms]
   [Clear CT: 0.6 ms]
   [Other: 34.9 ms]
      [Choose CSet: 0.0 ms]
      [Ref Proc: 34.5 ms]
      [Ref Enq: 0.1 ms]
      [Redirty Cards: 0.1 ms]
      [Humongous Register: 0.0 ms]
      [Humongous Reclaim: 0.0 ms]
      [Free CSet: 0.1 ms]
   [Eden: 5712.0M(5712.0M)->0.0B(5712.0M) Survivors: 16384.0K->16384.0K Heap: 9085.9M(14336.0M)->3376.2M(14336.0M)]
 [Times: user=0.16 sys=0.00, real=0.05 secs] 
2022-09-28T08:00:55.128-0600: 461088.239: [GC concurrent-root-region-scan-start]
2022-09-28T08:00:55.133-0600: 461088.244: [GC concurrent-root-region-scan-end, 0.0047376 secs]
2022-09-28T08:00:55.133-0600: 461088.244: [GC concurrent-mark-start]
2022-09-28T08:00:56.414-0600: 461089.525: [GC concurrent-mark-end, 1.2811867 secs]
2022-09-28T08:00:56.414-0600: 461089.525: [GC remark 2022-09-28T08:00:56.414-0600: 461089.525: [Finalize Marking, 0.0029342 secs] 2022-09-28T08:00:56.417-0600: 461089.528: [GC ref-proc, 0.0315321 secs] 2022-09-28T08:00:56.449-0600: 461089.560: [Unloading, 0.0385387 secs], 0.0764593 secs]
 [Times: user=0.29 sys=0.00, real=0.08 secs] 
2022-09-28T08:00:56.491-0600: 461089.602: [GC cleanup 3488M->3488M(14336M), 0.0082725 secs]
 [Times: user=0.02 sys=0.00, real=0.00 secs] 
2022-09-28T08:02:38.680-0600: 461191.791: [GC pause (G1 Evacuation Pause) (young), 0.0622400 secs]
   [Parallel Time: 35.1 ms, GC Workers: 8]
      [GC Worker Start (ms): Min: 461191791.3, Avg: 461191797.5, Max: 461191826.1, Diff: 34.8]
      [Ext Root Scanning (ms): Min: 0.0, Avg: 0.8, Max: 3.0, Diff: 3.0, Sum: 6.2]
      [Update RS (ms): Min: 0.0, Avg: 0.6, Max: 1.7, Diff: 1.7, Sum: 5.0]
         [Processed Buffers: Min: 0, Avg: 5.4, Max: 27, Diff: 27, Sum: 43]
      [Scan RS (ms): Min: 0.0, Avg: 0.0, Max: 0.1, Diff: 0.1, Sum: 0.2]
      [Code Root Scanning (ms): Min: 0.0, Avg: 0.0, Max: 0.0, Diff: 0.0, Sum: 0.0]
      [Object Copy (ms): Min: 0.0, Avg: 0.8, Max: 1.5, Diff: 1.5, Sum: 6.4]
      [Termination (ms): Min: 0.0, Avg: 26.4, Max: 30.4, Diff: 30.4, Sum: 210.9]
         [Termination Attempts: Min: 1, Avg: 13.5, Max: 32, Diff: 31, Sum: 108]
      [GC Worker Other (ms): Min: 0.0, Avg: 0.0, Max: 0.0, Diff: 0.0, Sum: 0.0]
      [GC Worker Total (ms): Min: 0.0, Avg: 28.6, Max: 34.9, Diff: 34.9, Sum: 228.8]
      [GC Worker End (ms): Min: 461191826.1, Avg: 461191826.1, Max: 461191826.2, Diff: 0.1]
   [Code Root Fixup: 0.0 ms]
   [Code Root Purge: 0.0 ms]
   [Clear CT: 0.4 ms]
   [Other: 26.7 ms]
      [Choose CSet: 0.0 ms]
      [Ref Proc: 26.4 ms]
      [Ref Enq: 0.1 ms]
      [Redirty Cards: 0.1 ms]
      [Humongous Register: 0.0 ms]
      [Humongous Reclaim: 0.0 ms]
      [Free CSet: 0.1 ms]
   [Eden: 5712.0M(5712.0M)->0.0B(5712.0M) Survivors: 16384.0K->16384.0K Heap: 9088.2M(14336.0M)->3376.6M(14336.0M)]
 [Times: user=0.27 sys=0.00, real=0.06 secs] 
2022-09-28T08:04:28.284-0600: 461301.395: [GC pause (G1 Evacuation Pause) (mixed), 0.5298535 secs]
   [Parallel Time: 53.0 ms, GC Workers: 8]
      [GC Worker Start (ms): Min: 461301395.2, Avg: 461301419.3, Max: 461301443.8, Diff: 48.6]
      [Ext Root Scanning (ms): Min: 0.0, Avg: 0.9, Max: 3.1, Diff: 3.1, Sum: 7.0]
      [Update RS (ms): Min: 0.0, Avg: 0.7, Max: 1.9, Diff: 1.9, Sum: 5.7]
         [Processed Buffers: Min: 0, Avg: 5.2, Max: 17, Diff: 17, Sum: 42]
      [Scan RS (ms): Min: 0.0, Avg: 0.5, Max: 1.0, Diff: 1.0, Sum: 3.7]
      [Code Root Scanning (ms): Min: 0.0, Avg: 0.0, Max: 0.0, Diff: 0.0, Sum: 0.0]
      [Object Copy (ms): Min: 0.0, Avg: 2.3, Max: 5.6, Diff: 5.6, Sum: 18.4]
      [Termination (ms): Min: 0.0, Avg: 20.2, Max: 39.9, Diff: 39.9, Sum: 161.2]
         [Termination Attempts: Min: 1, Avg: 3.2, Max: 8, Diff: 7, Sum: 26]
      [GC Worker Other (ms): Min: 0.0, Avg: 0.0, Max: 0.0, Diff: 0.0, Sum: 0.0]
      [GC Worker Total (ms): Min: 0.0, Avg: 24.5, Max: 48.6, Diff: 48.6, Sum: 196.1]
      [GC Worker End (ms): Min: 461301443.8, Avg: 461301443.8, Max: 461301443.8, Diff: 0.1]
   [Code Root Fixup: 0.0 ms]
   [Code Root Purge: 0.0 ms]
   [Clear CT: 0.8 ms]
   [Other: 476.1 ms]
      [Choose CSet: 0.0 ms]
      [Ref Proc: 471.3 ms]
      [Ref Enq: 4.4 ms]
      [Redirty Cards: 0.1 ms]
      [Humongous Register: 0.0 ms]
      [Humongous Reclaim: 0.0 ms]
      [Free CSet: 0.1 ms]
   [Eden: 5712.0M(5712.0M)->0.0B(5712.0M) Survivors: 16384.0K->16384.0K Heap: 9088.6M(14336.0M)->3368.6M(14336.0M)]
 [Times: user=1.82 sys=0.00, real=0.53 secs] 
2022-09-28T08:06:16.292-0600: 461409.403: [GC pause (G1 Evacuation Pause) (young), 0.0643591 secs]
   [Parallel Time: 21.0 ms, GC Workers: 8]
      [GC Worker Start (ms): Min: 461409402.9, Avg: 461409412.6, Max: 461409417.9, Diff: 15.0]
      [Ext Root Scanning (ms): Min: 0.0, Avg: 1.1, Max: 3.5, Diff: 3.5, Sum: 8.7]
      [Update RS (ms): Min: 0.0, Avg: 2.5, Max: 8.5, Diff: 8.5, Sum: 19.8]
         [Processed Buffers: Min: 0, Avg: 10.2, Max: 46, Diff: 46, Sum: 82]
      [Scan RS (ms): Min: 0.0, Avg: 0.0, Max: 0.1, Diff: 0.1, Sum: 0.2]
      [Code Root Scanning (ms): Min: 0.0, Avg: 0.0, Max: 0.0, Diff: 0.0, Sum: 0.0]
      [Object Copy (ms): Min: 0.0, Avg: 3.2, Max: 8.8, Diff: 8.8, Sum: 25.3]
      [Termination (ms): Min: 0.0, Avg: 4.4, Max: 6.5, Diff: 6.5, Sum: 35.2]
         [Termination Attempts: Min: 1, Avg: 8.5, Max: 22, Diff: 21, Sum: 68]
      [GC Worker Other (ms): Min: 0.0, Avg: 0.0, Max: 0.0, Diff: 0.0, Sum: 0.1]
      [GC Worker Total (ms): Min: 6.0, Avg: 11.2, Max: 20.8, Diff: 14.9, Sum: 89.2]
      [GC Worker End (ms): Min: 461409423.7, Avg: 461409423.7, Max: 461409423.8, Diff: 0.2]
   [Code Root Fixup: 0.0 ms]
   [Code Root Purge: 0.0 ms]
   [Clear CT: 0.3 ms]
   [Other: 43.0 ms]
      [Choose CSet: 0.0 ms]
      [Ref Proc: 31.1 ms]
      [Ref Enq: 10.0 ms]
      [Redirty Cards: 1.7 ms]
      [Humongous Register: 0.0 ms]
      [Humongous Reclaim: 0.0 ms]
      [Free CSet: 0.1 ms]
   [Eden: 5712.0M(5712.0M)->0.0B(5712.0M) Survivors: 16384.0K->16384.0K Heap: 9080.6M(14336.0M)->3374.9M(14336.0M)]
 [Times: user=0.18 sys=0.00, real=0.06 secs] 
2022-09-28T08:08:05.288-0600: 461518.399: [GC pause (G1 Evacuation Pause) (young) (initial-mark), 0.2035067 secs]
   [Parallel Time: 177.4 ms, GC Workers: 8]
      [GC Worker Start (ms): Min: 461518400.7, Avg: 461518546.1, Max: 461518567.0, Diff: 166.3]
      [Ext Root Scanning (ms): Min: 2.0, Avg: 27.8, Max: 174.4, Diff: 172.3, Sum: 222.5]
      [Update RS (ms): Min: 0.0, Avg: 0.6, Max: 2.3, Diff: 2.3, Sum: 4.5]
         [Processed Buffers: Min: 0, Avg: 5.2, Max: 26, Diff: 26, Sum: 42]
      [Scan RS (ms): Min: 0.0, Avg: 0.0, Max: 0.1, Diff: 0.1, Sum: 0.2]
      [Code Root Scanning (ms): Min: 0.0, Avg: 0.0, Max: 0.0, Diff: 0.0, Sum: 0.0]
      [Object Copy (ms): Min: 0.0, Avg: 0.6, Max: 2.3, Diff: 2.3, Sum: 5.2]
      [Termination (ms): Min: 0.0, Avg: 1.4, Max: 3.1, Diff: 3.1, Sum: 11.4]
         [Termination Attempts: Min: 1, Avg: 2.6, Max: 14, Diff: 13, Sum: 21]
      [GC Worker Other (ms): Min: 0.0, Avg: 0.0, Max: 0.0, Diff: 0.0, Sum: 0.0]
      [GC Worker Total (ms): Min: 9.6, Avg: 30.5, Max: 175.9, Diff: 166.3, Sum: 243.8]
      [GC Worker End (ms): Min: 461518576.6, Avg: 461518576.6, Max: 461518576.7, Diff: 0.2]
   [Code Root Fixup: 0.0 ms]
   [Code Root Purge: 0.0 ms]
   [Clear CT: 0.7 ms]
   [Other: 25.4 ms]
      [Choose CSet: 0.0 ms]
      [Ref Proc: 25.0 ms]
      [Ref Enq: 0.1 ms]
      [Redirty Cards: 0.1 ms]
      [Humongous Register: 0.0 ms]
      [Humongous Reclaim: 0.0 ms]
      [Free CSet: 0.1 ms]
   [Eden: 5712.0M(5712.0M)->0.0B(5712.0M) Survivors: 16384.0K->16384.0K Heap: 9086.9M(14336.0M)->3376.2M(14336.0M)]
 [Times: user=0.11 sys=0.00, real=0.20 secs] 
2022-09-28T08:08:05.492-0600: 461518.603: [GC concurrent-root-region-scan-start]
2022-09-28T08:08:05.497-0600: 461518.608: [GC concurrent-root-region-scan-end, 0.0048530 secs]
2022-09-28T08:08:05.497-0600: 461518.608: [GC concurrent-mark-start]
2022-09-28T08:08:06.757-0600: 461519.868: [GC concurrent-mark-end, 1.2598200 secs]
2022-09-28T08:08:06.757-0600: 461519.868: [GC remark 2022-09-28T08:08:06.757-0600: 461519.868: [Finalize Marking, 0.0028261 secs] 2022-09-28T08:08:06.760-0600: 461519.871: [GC ref-proc, 0.0316620 secs] 2022-09-28T08:08:06.791-0600: 461519.902: [Unloading, 0.0312575 secs], 0.0701669 secs]
 [Times: user=0.25 sys=0.00, real=0.07 secs] 
2022-09-28T08:08:06.827-0600: 461519.938: [GC cleanup 3480M->3480M(14336M), 0.0092514 secs]
 [Times: user=0.03 sys=0.00, real=0.01 secs] 
2022-09-28T08:09:56.348-0600: 461629.459: [GC pause (G1 Evacuation Pause) (young), 0.0718360 secs]
   [Parallel Time: 12.4 ms, GC Workers: 8]
      [GC Worker Start (ms): Min: 461629459.0, Avg: 461629462.5, Max: 461629471.1, Diff: 12.1]
      [Ext Root Scanning (ms): Min: 0.0, Avg: 0.9, Max: 3.1, Diff: 3.1, Sum: 7.0]
      [Update RS (ms): Min: 0.0, Avg: 1.1, Max: 3.5, Diff: 3.5, Sum: 8.8]
         [Processed Buffers: Min: 0, Avg: 5.2, Max: 17, Diff: 17, Sum: 42]
      [Scan RS (ms): Min: 0.0, Avg: 0.0, Max: 0.1, Diff: 0.1, Sum: 0.2]
      [Code Root Scanning (ms): Min: 0.0, Avg: 0.0, Max: 0.0, Diff: 0.0, Sum: 0.0]
      [Object Copy (ms): Min: 0.0, Avg: 0.9, Max: 1.5, Diff: 1.5, Sum: 7.1]
      [Termination (ms): Min: 0.0, Avg: 5.8, Max: 7.9, Diff: 7.9, Sum: 46.4]
         [Termination Attempts: Min: 1, Avg: 1.8, Max: 5, Diff: 4, Sum: 14]
      [GC Worker Other (ms): Min: 0.0, Avg: 0.0, Max: 0.0, Diff: 0.0, Sum: 0.0]
      [GC Worker Total (ms): Min: 0.0, Avg: 8.7, Max: 12.3, Diff: 12.3, Sum: 69.6]
      [GC Worker End (ms): Min: 461629471.2, Avg: 461629471.2, Max: 461629471.3, Diff: 0.1]
   [Code Root Fixup: 0.0 ms]
   [Code Root Purge: 0.0 ms]
   [Clear CT: 0.6 ms]
   [Other: 58.8 ms]
      [Choose CSet: 0.0 ms]
      [Ref Proc: 58.4 ms]
      [Ref Enq: 0.1 ms]
      [Redirty Cards: 0.1 ms]
      [Humongous Register: 0.0 ms]
      [Humongous Reclaim: 0.0 ms]
      [Free CSet: 0.1 ms]
   [Eden: 5712.0M(5712.0M)->0.0B(5712.0M) Survivors: 16384.0K->16384.0K Heap: 9088.2M(14336.0M)->3379.3M(14336.0M)]
 [Times: user=0.27 sys=0.00, real=0.07 secs] 
2022-09-28T08:11:45.581-0600: 461738.692: [GC pause (G1 Evacuation Pause) (mixed), 0.0303100 secs]
   [Parallel Time: 7.9 ms, GC Workers: 8]
      [GC Worker Start (ms): Min: 461738692.4, Avg: 461738695.7, Max: 461738700.2, Diff: 7.8]
      [Ext Root Scanning (ms): Min: 0.0, Avg: 0.8, Max: 3.1, Diff: 3.1, Sum: 6.2]
      [Update RS (ms): Min: 0.0, Avg: 0.7, Max: 1.1, Diff: 1.1, Sum: 5.9]
         [Processed Buffers: Min: 0, Avg: 5.0, Max: 10, Diff: 10, Sum: 40]
      [Scan RS (ms): Min: 0.0, Avg: 0.5, Max: 0.7, Diff: 0.7, Sum: 3.8]
      [Code Root Scanning (ms): Min: 0.0, Avg: 0.0, Max: 0.0, Diff: 0.0, Sum: 0.1]
      [Object Copy (ms): Min: 0.0, Avg: 2.0, Max: 2.9, Diff: 2.9, Sum: 16.1]
      [Termination (ms): Min: 0.0, Avg: 0.5, Max: 0.6, Diff: 0.6, Sum: 3.7]
         [Termination Attempts: Min: 1, Avg: 5.9, Max: 13, Diff: 12, Sum: 47]
      [GC Worker Other (ms): Min: 0.0, Avg: 0.0, Max: 0.0, Diff: 0.0, Sum: 0.0]
      [GC Worker Total (ms): Min: 0.0, Avg: 4.5, Max: 7.8, Diff: 7.8, Sum: 35.9]
      [GC Worker End (ms): Min: 461738700.2, Avg: 461738700.2, Max: 461738700.2, Diff: 0.0]
   [Code Root Fixup: 0.0 ms]
   [Code Root Purge: 0.0 ms]
   [Clear CT: 0.9 ms]
   [Other: 21.5 ms]
      [Choose CSet: 0.0 ms]
      [Ref Proc: 21.1 ms]
      [Ref Enq: 0.1 ms]
      [Redirty Cards: 0.1 ms]
      [Humongous Register: 0.0 ms]
      [Humongous Reclaim: 0.0 ms]
      [Free CSet: 0.1 ms]
   [Eden: 5712.0M(5712.0M)->0.0B(7152.0M) Survivors: 16384.0K->16384.0K Heap: 9091.3M(14336.0M)->3370.6M(14336.0M)]
 [Times: user=0.10 sys=0.00, real=0.03 secs] 
2022-09-28T08:13:58.403-0600: 461871.514: [GC pause (G1 Evacuation Pause) (young), 0.0342744 secs]
   [Parallel Time: 10.0 ms, GC Workers: 8]
      [GC Worker Start (ms): Min: 461871514.3, Avg: 461871517.1, Max: 461871519.2, Diff: 4.9]
      [Ext Root Scanning (ms): Min: 0.0, Avg: 1.3, Max: 3.6, Diff: 3.5, Sum: 10.0]
      [Update RS (ms): Min: 1.6, Avg: 2.6, Max: 4.3, Diff: 2.7, Sum: 20.8]
         [Processed Buffers: Min: 7, Avg: 14.1, Max: 21, Diff: 14, Sum: 113]
      [Scan RS (ms): Min: 0.0, Avg: 0.0, Max: 0.1, Diff: 0.1, Sum: 0.2]
      [Code Root Scanning (ms): Min: 0.0, Avg: 0.0, Max: 0.0, Diff: 0.0, Sum: 0.0]
      [Object Copy (ms): Min: 0.3, Avg: 0.9, Max: 3.2, Diff: 2.9, Sum: 7.5]
      [Termination (ms): Min: 0.0, Avg: 2.3, Max: 2.7, Diff: 2.7, Sum: 18.7]
         [Termination Attempts: Min: 1, Avg: 11.8, Max: 16, Diff: 15, Sum: 94]
      [GC Worker Other (ms): Min: 0.0, Avg: 0.0, Max: 0.0, Diff: 0.0, Sum: 0.1]
      [GC Worker Total (ms): Min: 4.9, Avg: 7.2, Max: 10.0, Diff: 5.0, Sum: 57.4]
      [GC Worker End (ms): Min: 461871524.1, Avg: 461871524.2, Max: 461871524.3, Diff: 0.2]
   [Code Root Fixup: 0.0 ms]
   [Code Root Purge: 0.0 ms]
   [Clear CT: 0.5 ms]
   [Other: 23.7 ms]
      [Choose CSet: 0.0 ms]
      [Ref Proc: 23.3 ms]
      [Ref Enq: 0.1 ms]
      [Redirty Cards: 0.1 ms]
      [Humongous Register: 0.0 ms]
      [Humongous Reclaim: 0.0 ms]
      [Free CSet: 0.1 ms]
   [Eden: 7152.0M(7152.0M)->0.0B(7152.0M) Survivors: 16384.0K->16384.0K Heap: 10522.6M(14336.0M)->3378.5M(14336.0M)]
 [Times: user=0.14 sys=0.00, real=0.03 secs] 
2022-09-28T08:16:13.581-0600: 462006.692: [GC pause (G1 Evacuation Pause) (young) (initial-mark), 0.0444818 secs]
   [Parallel Time: 15.7 ms, GC Workers: 8]
      [GC Worker Start (ms): Min: 462006693.1, Avg: 462006695.9, Max: 462006696.8, Diff: 3.6]
      [Ext Root Scanning (ms): Min: 1.3, Avg: 7.4, Max: 10.6, Diff: 9.2, Sum: 58.9]
      [Update RS (ms): Min: 0.0, Avg: 0.6, Max: 2.9, Diff: 2.9, Sum: 4.8]
         [Processed Buffers: Min: 0, Avg: 4.4, Max: 17, Diff: 17, Sum: 35]
      [Scan RS (ms): Min: 0.0, Avg: 0.0, Max: 0.1, Diff: 0.1, Sum: 0.3]
      [Code Root Scanning (ms): Min: 0.0, Avg: 0.0, Max: 0.0, Diff: 0.0, Sum: 0.0]
      [Object Copy (ms): Min: 0.0, Avg: 0.7, Max: 1.8, Diff: 1.8, Sum: 5.5]
      [Termination (ms): Min: 0.0, Avg: 2.8, Max: 4.6, Diff: 4.6, Sum: 22.5]
         [Termination Attempts: Min: 1, Avg: 4.6, Max: 17, Diff: 16, Sum: 37]
      [GC Worker Other (ms): Min: 0.0, Avg: 0.0, Max: 0.0, Diff: 0.0, Sum: 0.0]
      [GC Worker Total (ms): Min: 10.6, Avg: 11.5, Max: 14.4, Diff: 3.8, Sum: 91.9]
      [GC Worker End (ms): Min: 462006707.3, Avg: 462006707.4, Max: 462006707.5, Diff: 0.1]
   [Code Root Fixup: 0.0 ms]
   [Code Root Purge: 0.0 ms]
   [Clear CT: 0.8 ms]
   [Other: 28.0 ms]
      [Choose CSet: 0.0 ms]
      [Ref Proc: 27.7 ms]
      [Ref Enq: 0.1 ms]
      [Redirty Cards: 0.1 ms]
      [Humongous Register: 0.0 ms]
      [Humongous Reclaim: 0.0 ms]
      [Free CSet: 0.1 ms]
   [Eden: 7152.0M(7152.0M)->0.0B(7152.0M) Survivors: 16384.0K->16384.0K Heap: 10530.5M(14336.0M)->3379.5M(14336.0M)]
 [Times: user=0.14 sys=0.00, real=0.04 secs] 
2022-09-28T08:16:13.625-0600: 462006.736: [GC concurrent-root-region-scan-start]
2022-09-28T08:16:13.630-0600: 462006.741: [GC concurrent-root-region-scan-end, 0.0049219 secs]
2022-09-28T08:16:13.630-0600: 462006.741: [GC concurrent-mark-start]
2022-09-28T08:16:14.924-0600: 462008.035: [GC concurrent-mark-end, 1.2936797 secs]
2022-09-28T08:16:14.924-0600: 462008.035: [GC remark 2022-09-28T08:16:14.924-0600: 462008.035: [Finalize Marking, 0.0199943 secs] 2022-09-28T08:16:14.944-0600: 462008.055: [GC ref-proc, 0.2537259 secs] 2022-09-28T08:16:15.198-0600: 462008.309: [Unloading, 0.0354130 secs], 0.3135793 secs]
 [Times: user=0.87 sys=0.00, real=0.31 secs] 
2022-09-28T08:16:15.238-0600: 462008.349: [GC cleanup 3475M->3475M(14336M), 0.0121692 secs]
 [Times: user=0.02 sys=0.00, real=0.02 secs] 
2022-09-28T08:18:30.427-0600: 462143.538: [GC pause (G1 Evacuation Pause) (young), 0.0279588 secs]
   [Parallel Time: 4.9 ms, GC Workers: 8]
      [GC Worker Start (ms): Min: 462143538.4, Avg: 462143539.9, Max: 462143543.2, Diff: 4.8]
      [Ext Root Scanning (ms): Min: 0.0, Avg: 1.5, Max: 4.3, Diff: 4.3, Sum: 11.7]
      [Update RS (ms): Min: 0.0, Avg: 0.6, Max: 1.3, Diff: 1.3, Sum: 5.0]
         [Processed Buffers: Min: 0, Avg: 5.2, Max: 15, Diff: 15, Sum: 42]
      [Scan RS (ms): Min: 0.0, Avg: 0.0, Max: 0.1, Diff: 0.1, Sum: 0.2]
      [Code Root Scanning (ms): Min: 0.0, Avg: 0.0, Max: 0.0, Diff: 0.0, Sum: 0.0]
      [Object Copy (ms): Min: 0.0, Avg: 0.8, Max: 1.4, Diff: 1.4, Sum: 6.1]
      [Termination (ms): Min: 0.0, Avg: 0.4, Max: 0.7, Diff: 0.7, Sum: 3.3]
         [Termination Attempts: Min: 1, Avg: 11.5, Max: 27, Diff: 26, Sum: 92]
      [GC Worker Other (ms): Min: 0.0, Avg: 0.0, Max: 0.0, Diff: 0.0, Sum: 0.0]
      [GC Worker Total (ms): Min: 0.0, Avg: 3.3, Max: 4.8, Diff: 4.8, Sum: 26.4]
      [GC Worker End (ms): Min: 462143543.2, Avg: 462143543.2, Max: 462143543.2, Diff: 0.0]
   [Code Root Fixup: 0.0 ms]
   [Code Root Purge: 0.0 ms]
   [Clear CT: 0.9 ms]
   [Other: 22.1 ms]
      [Choose CSet: 0.0 ms]
      [Ref Proc: 21.7 ms]
      [Ref Enq: 0.1 ms]
      [Redirty Cards: 0.1 ms]
      [Humongous Register: 0.0 ms]
      [Humongous Reclaim: 0.0 ms]
      [Free CSet: 0.1 ms]
   [Eden: 7152.0M(7152.0M)->0.0B(5712.0M) Survivors: 16384.0K->16384.0K Heap: 10531.5M(14336.0M)->3381.5M(14336.0M)]
 [Times: user=0.10 sys=0.00, real=0.03 secs] 
2022-09-28T08:20:22.093-0600: 462255.204: [GC pause (G1 Evacuation Pause) (mixed), 0.0318809 secs]
   [Parallel Time: 16.4 ms, GC Workers: 8]
      [GC Worker Start (ms): Min: 462255204.1, Avg: 462255210.2, Max: 462255213.5, Diff: 9.4]
      [Ext Root Scanning (ms): Min: 0.0, Avg: 0.8, Max: 3.2, Diff: 3.2, Sum: 6.1]
      [Update RS (ms): Min: 0.0, Avg: 0.6, Max: 1.8, Diff: 1.8, Sum: 4.9]
         [Processed Buffers: Min: 0, Avg: 4.6, Max: 21, Diff: 21, Sum: 37]
      [Scan RS (ms): Min: 0.0, Avg: 0.5, Max: 1.3, Diff: 1.3, Sum: 3.9]
      [Code Root Scanning (ms): Min: 0.0, Avg: 0.0, Max: 0.0, Diff: 0.0, Sum: 0.0]
      [Object Copy (ms): Min: 2.1, Avg: 4.3, Max: 10.2, Diff: 8.1, Sum: 34.1]
      [Termination (ms): Min: 0.0, Avg: 4.0, Max: 4.8, Diff: 4.8, Sum: 31.8]
         [Termination Attempts: Min: 1, Avg: 4.9, Max: 9, Diff: 8, Sum: 39]
      [GC Worker Other (ms): Min: 0.0, Avg: 0.0, Max: 0.0, Diff: 0.0, Sum: 0.1]
      [GC Worker Total (ms): Min: 6.8, Avg: 10.1, Max: 16.3, Diff: 9.4, Sum: 80.9]
      [GC Worker End (ms): Min: 462255220.3, Avg: 462255220.3, Max: 462255220.4, Diff: 0.1]
   [Code Root Fixup: 0.0 ms]
   [Code Root Purge: 0.0 ms]
   [Clear CT: 0.8 ms]
   [Other: 14.6 ms]
      [Choose CSet: 0.0 ms]
      [Ref Proc: 14.2 ms]
      [Ref Enq: 0.1 ms]
      [Redirty Cards: 0.1 ms]
      [Humongous Register: 0.0 ms]
      [Humongous Reclaim: 0.0 ms]
      [Free CSet: 0.1 ms]
   [Eden: 5712.0M(5712.0M)->0.0B(7152.0M) Survivors: 16384.0K->16384.0K Heap: 9093.5M(14336.0M)->3373.7M(14336.0M)]
 [Times: user=0.11 sys=0.00, real=0.03 secs] 
2022-09-28T08:22:39.779-0600: 462392.890: [GC pause (G1 Evacuation Pause) (young), 0.0186564 secs]
   [Parallel Time: 6.4 ms, GC Workers: 8]
      [GC Worker Start (ms): Min: 462392889.6, Avg: 462392891.2, Max: 462392895.9, Diff: 6.3]
      [Ext Root Scanning (ms): Min: 0.0, Avg: 0.8, Max: 3.1, Diff: 3.1, Sum: 6.6]
      [Update RS (ms): Min: 0.0, Avg: 2.4, Max: 3.3, Diff: 3.3, Sum: 19.3]
         [Processed Buffers: Min: 0, Avg: 11.1, Max: 19, Diff: 19, Sum: 89]
      [Scan RS (ms): Min: 0.0, Avg: 0.0, Max: 0.1, Diff: 0.1, Sum: 0.3]
      [Code Root Scanning (ms): Min: 0.0, Avg: 0.0, Max: 0.0, Diff: 0.0, Sum: 0.0]
      [Object Copy (ms): Min: 0.0, Avg: 0.9, Max: 1.2, Diff: 1.2, Sum: 7.4]
      [Termination (ms): Min: 0.0, Avg: 0.5, Max: 0.6, Diff: 0.6, Sum: 4.3]
         [Termination Attempts: Min: 1, Avg: 13.8, Max: 26, Diff: 25, Sum: 110]
      [GC Worker Other (ms): Min: 0.0, Avg: 0.0, Max: 0.0, Diff: 0.0, Sum: 0.1]
      [GC Worker Total (ms): Min: 0.0, Avg: 4.7, Max: 6.3, Diff: 6.3, Sum: 37.9]
      [GC Worker End (ms): Min: 462392895.9, Avg: 462392895.9, Max: 462392895.9, Diff: 0.0]
   [Code Root Fixup: 0.0 ms]
   [Code Root Purge: 0.0 ms]
   [Clear CT: 0.9 ms]
   [Other: 11.3 ms]
      [Choose CSet: 0.0 ms]
      [Ref Proc: 10.9 ms]
      [Ref Enq: 0.1 ms]
      [Redirty Cards: 0.1 ms]
      [Humongous Register: 0.0 ms]
      [Humongous Reclaim: 0.0 ms]
      [Free CSet: 0.1 ms]
   [Eden: 7152.0M(7152.0M)->0.0B(7152.0M) Survivors: 16384.0K->16384.0K Heap: 10525.7M(14336.0M)->3380.3M(14336.0M)]
 [Times: user=0.08 sys=0.00, real=0.02 secs] 
2022-09-28T08:25:03.681-0600: 462536.792: [GC pause (G1 Evacuation Pause) (young) (initial-mark), 0.4308739 secs]
   [Parallel Time: 39.3 ms, GC Workers: 8]
      [GC Worker Start (ms): Min: 462536793.0, Avg: 462536795.1, Max: 462536796.0, Diff: 3.1]
      [Ext Root Scanning (ms): Min: 2.4, Avg: 12.6, Max: 27.7, Diff: 25.3, Sum: 100.9]
      [Update RS (ms): Min: 0.0, Avg: 0.7, Max: 1.8, Diff: 1.8, Sum: 5.2]
         [Processed Buffers: Min: 0, Avg: 4.5, Max: 21, Diff: 21, Sum: 36]
      [Scan RS (ms): Min: 0.0, Avg: 0.0, Max: 0.1, Diff: 0.1, Sum: 0.2]
      [Code Root Scanning (ms): Min: 0.0, Avg: 0.0, Max: 0.0, Diff: 0.0, Sum: 0.0]
      [Object Copy (ms): Min: 0.0, Avg: 0.6, Max: 1.3, Diff: 1.3, Sum: 4.7]
      [Termination (ms): Min: 0.0, Avg: 14.8, Max: 22.4, Diff: 22.4, Sum: 118.7]
         [Termination Attempts: Min: 1, Avg: 1.1, Max: 2, Diff: 1, Sum: 9]
      [GC Worker Other (ms): Min: 0.0, Avg: 0.0, Max: 0.0, Diff: 0.0, Sum: 0.1]
      [GC Worker Total (ms): Min: 27.7, Avg: 28.7, Max: 30.8, Diff: 3.1, Sum: 229.8]
      [GC Worker End (ms): Min: 462536823.8, Avg: 462536823.8, Max: 462536823.8, Diff: 0.1]
   [Code Root Fixup: 0.0 ms]
   [Code Root Purge: 0.0 ms]
   [Clear CT: 0.9 ms]
   [Other: 390.6 ms]
      [Choose CSet: 0.0 ms]
      [Ref Proc: 390.2 ms]
      [Ref Enq: 0.1 ms]
      [Redirty Cards: 0.1 ms]
      [Humongous Register: 0.0 ms]
      [Humongous Reclaim: 0.0 ms]
      [Free CSet: 0.1 ms]
   [Eden: 7152.0M(7152.0M)->0.0B(5712.0M) Survivors: 16384.0K->16384.0K Heap: 10532.3M(14336.0M)->3381.5M(14336.0M)]
 [Times: user=1.04 sys=0.00, real=0.43 secs] 
2022-09-28T08:25:04.112-0600: 462537.223: [GC concurrent-root-region-scan-start]
2022-09-28T08:25:04.183-0600: 462537.294: [GC concurrent-root-region-scan-end, 0.0710576 secs]
2022-09-28T08:25:04.183-0600: 462537.294: [GC concurrent-mark-start]
2022-09-28T08:25:05.475-0600: 462538.586: [GC concurrent-mark-end, 1.2920446 secs]
2022-09-28T08:25:05.475-0600: 462538.586: [GC remark 2022-09-28T08:25:05.475-0600: 462538.586: [Finalize Marking, 0.0025053 secs] 2022-09-28T08:25:05.477-0600: 462538.588: [GC ref-proc, 0.1425181 secs] 2022-09-28T08:25:05.620-0600: 462538.731: [Unloading, 0.0309780 secs], 0.1799744 secs]
 [Times: user=0.48 sys=0.00, real=0.18 secs] 
2022-09-28T08:25:05.655-0600: 462538.766: [GC cleanup 3493M->3493M(14336M), 0.0080393 secs]
 [Times: user=0.02 sys=0.00, real=0.01 secs] 
2022-09-28T08:26:57.580-0600: 462650.691: [GC pause (G1 Evacuation Pause) (young), 0.0297121 secs]
   [Parallel Time: 6.8 ms, GC Workers: 8]
      [GC Worker Start (ms): Min: 462650690.7, Avg: 462650691.1, Max: 462650691.2, Diff: 0.5]
      [Ext Root Scanning (ms): Min: 1.7, Avg: 3.8, Max: 6.3, Diff: 4.6, Sum: 30.7]
      [Update RS (ms): Min: 0.0, Avg: 0.6, Max: 2.0, Diff: 2.0, Sum: 5.0]
         [Processed Buffers: Min: 0, Avg: 4.5, Max: 19, Diff: 19, Sum: 36]
      [Scan RS (ms): Min: 0.0, Avg: 0.0, Max: 0.1, Diff: 0.1, Sum: 0.2]
      [Code Root Scanning (ms): Min: 0.0, Avg: 0.0, Max: 0.0, Diff: 0.0, Sum: 0.0]
      [Object Copy (ms): Min: 0.0, Avg: 0.9, Max: 1.4, Diff: 1.4, Sum: 6.9]
      [Termination (ms): Min: 0.0, Avg: 1.0, Max: 1.2, Diff: 1.2, Sum: 7.9]
         [Termination Attempts: Min: 1, Avg: 9.8, Max: 21, Diff: 20, Sum: 78]
      [GC Worker Other (ms): Min: 0.0, Avg: 0.0, Max: 0.0, Diff: 0.0, Sum: 0.0]
      [GC Worker Total (ms): Min: 6.2, Avg: 6.3, Max: 6.7, Diff: 0.5, Sum: 50.7]
      [GC Worker End (ms): Min: 462650697.5, Avg: 462650697.5, Max: 462650697.5, Diff: 0.0]
   [Code Root Fixup: 0.0 ms]
   [Code Root Purge: 0.0 ms]
   [Clear CT: 0.5 ms]
   [Other: 22.4 ms]
      [Choose CSet: 0.0 ms]
      [Ref Proc: 22.0 ms]
      [Ref Enq: 0.1 ms]
      [Redirty Cards: 0.1 ms]
      [Humongous Register: 0.0 ms]
      [Humongous Reclaim: 0.0 ms]
      [Free CSet: 0.1 ms]
   [Eden: 5712.0M(5712.0M)->0.0B(5712.0M) Survivors: 16384.0K->16384.0K Heap: 9093.5M(14336.0M)->3380.8M(14336.0M)]
 [Times: user=0.10 sys=0.00, real=0.04 secs] 
2022-09-28T08:28:50.181-0600: 462763.292: [GC pause (G1 Evacuation Pause) (mixed), 0.1275576 secs]
   [Parallel Time: 21.9 ms, GC Workers: 8]
      [GC Worker Start (ms): Min: 462763291.8, Avg: 462763307.3, Max: 462763313.5, Diff: 21.7]
      [Ext Root Scanning (ms): Min: 0.0, Avg: 0.9, Max: 3.6, Diff: 3.6, Sum: 6.8]
      [Update RS (ms): Min: 0.0, Avg: 0.4, Max: 1.8, Diff: 1.8, Sum: 3.6]
         [Processed Buffers: Min: 0, Avg: 4.9, Max: 26, Diff: 26, Sum: 39]
      [Scan RS (ms): Min: 0.0, Avg: 0.4, Max: 1.5, Diff: 1.5, Sum: 3.1]
      [Code Root Scanning (ms): Min: 0.0, Avg: 0.0, Max: 0.0, Diff: 0.0, Sum: 0.0]
      [Object Copy (ms): Min: 0.0, Avg: 1.3, Max: 5.5, Diff: 5.5, Sum: 10.7]
      [Termination (ms): Min: 0.0, Avg: 3.2, Max: 9.8, Diff: 9.8, Sum: 25.8]
         [Termination Attempts: Min: 1, Avg: 1.8, Max: 7, Diff: 6, Sum: 14]
      [GC Worker Other (ms): Min: 0.0, Avg: 0.0, Max: 0.0, Diff: 0.0, Sum: 0.0]
      [GC Worker Total (ms): Min: 0.0, Avg: 6.3, Max: 21.8, Diff: 21.8, Sum: 50.1]
      [GC Worker End (ms): Min: 462763313.5, Avg: 462763313.5, Max: 462763313.7, Diff: 0.1]
   [Code Root Fixup: 0.0 ms]
   [Code Root Purge: 0.0 ms]
   [Clear CT: 1.0 ms]
   [Other: 104.6 ms]
      [Choose CSet: 0.0 ms]
      [Ref Proc: 103.8 ms]
      [Ref Enq: 0.2 ms]
      [Redirty Cards: 0.3 ms]
      [Humongous Register: 0.0 ms]
      [Humongous Reclaim: 0.0 ms]
      [Free CSet: 0.2 ms]
   [Eden: 5712.0M(5712.0M)->0.0B(7152.0M) Survivors: 16384.0K->16384.0K Heap: 9092.8M(14336.0M)->3371.3M(14336.0M)]
 [Times: user=0.23 sys=0.00, real=0.13 secs] 
2022-09-28T08:31:07.843-0600: 462900.954: [GC pause (G1 Evacuation Pause) (young), 0.1027778 secs]
   [Parallel Time: 9.0 ms, GC Workers: 8]
      [GC Worker Start (ms): Min: 462900954.0, Avg: 462900958.5, Max: 462900962.9, Diff: 8.9]
      [Ext Root Scanning (ms): Min: 0.0, Avg: 0.8, Max: 2.9, Diff: 2.9, Sum: 6.7]
      [Update RS (ms): Min: 0.0, Avg: 1.8, Max: 3.8, Diff: 3.8, Sum: 14.4]
         [Processed Buffers: Min: 0, Avg: 9.6, Max: 22, Diff: 22, Sum: 77]
      [Scan RS (ms): Min: 0.0, Avg: 0.0, Max: 0.1, Diff: 0.1, Sum: 0.2]
      [Code Root Scanning (ms): Min: 0.0, Avg: 0.0, Max: 0.0, Diff: 0.0, Sum: 0.0]
      [Object Copy (ms): Min: 0.0, Avg: 0.6, Max: 1.3, Diff: 1.3, Sum: 4.8]
      [Termination (ms): Min: 0.0, Avg: 1.2, Max: 1.8, Diff: 1.8, Sum: 9.4]
         [Termination Attempts: Min: 1, Avg: 7.1, Max: 20, Diff: 19, Sum: 57]
      [GC Worker Other (ms): Min: 0.0, Avg: 0.0, Max: 0.0, Diff: 0.0, Sum: 0.0]
      [GC Worker Total (ms): Min: 0.0, Avg: 4.4, Max: 8.9, Diff: 8.9, Sum: 35.6]
      [GC Worker End (ms): Min: 462900962.9, Avg: 462900962.9, Max: 462900962.9, Diff: 0.1]
   [Code Root Fixup: 0.0 ms]
   [Code Root Purge: 0.0 ms]
   [Clear CT: 2.2 ms]
   [Other: 91.5 ms]
      [Choose CSet: 0.0 ms]
      [Ref Proc: 91.1 ms]
      [Ref Enq: 0.1 ms]
      [Redirty Cards: 0.1 ms]
      [Humongous Register: 0.0 ms]
      [Humongous Reclaim: 0.0 ms]
      [Free CSet: 0.1 ms]
   [Eden: 7152.0M(7152.0M)->0.0B(7152.0M) Survivors: 16384.0K->16384.0K Heap: 10523.3M(14336.0M)->3375.0M(14336.0M)]
 [Times: user=0.34 sys=0.00, real=0.10 secs] 
2022-09-28T08:33:24.293-0600: 463037.404: [GC pause (G1 Evacuation Pause) (young) (initial-mark), 0.3921102 secs]
   [Parallel Time: 36.4 ms, GC Workers: 8]
      [GC Worker Start (ms): Min: 463037405.0, Avg: 463037410.9, Max: 463037411.7, Diff: 6.7]
      [Ext Root Scanning (ms): Min: 2.8, Avg: 16.8, Max: 27.9, Diff: 25.1, Sum: 134.2]
      [Update RS (ms): Min: 0.0, Avg: 0.7, Max: 1.8, Diff: 1.8, Sum: 5.3]
         [Processed Buffers: Min: 0, Avg: 4.5, Max: 20, Diff: 20, Sum: 36]
      [Scan RS (ms): Min: 0.0, Avg: 0.0, Max: 0.1, Diff: 0.1, Sum: 0.3]
      [Code Root Scanning (ms): Min: 0.0, Avg: 0.0, Max: 0.0, Diff: 0.0, Sum: 0.0]
      [Object Copy (ms): Min: 0.0, Avg: 0.7, Max: 2.1, Diff: 2.1, Sum: 5.5]
      [Termination (ms): Min: 0.0, Avg: 10.7, Max: 21.7, Diff: 21.7, Sum: 85.4]
         [Termination Attempts: Min: 1, Avg: 1.2, Max: 3, Diff: 2, Sum: 10]
      [GC Worker Other (ms): Min: 0.0, Avg: 0.0, Max: 0.0, Diff: 0.0, Sum: 0.0]
      [GC Worker Total (ms): Min: 27.9, Avg: 28.8, Max: 34.7, Diff: 6.8, Sum: 230.7]
      [GC Worker End (ms): Min: 463037439.6, Avg: 463037439.7, Max: 463037440.1, Diff: 0.5]
   [Code Root Fixup: 0.0 ms]
   [Code Root Purge: 0.0 ms]
   [Clear CT: 0.8 ms]
   [Other: 354.9 ms]
      [Choose CSet: 0.0 ms]
      [Ref Proc: 354.4 ms]
      [Ref Enq: 0.1 ms]
      [Redirty Cards: 0.1 ms]
      [Humongous Register: 0.0 ms]
      [Humongous Reclaim: 0.0 ms]
      [Free CSet: 0.1 ms]
   [Eden: 7152.0M(7152.0M)->0.0B(5712.0M) Survivors: 16384.0K->16384.0K Heap: 10527.0M(14336.0M)->3376.9M(14336.0M)]
 [Times: user=1.07 sys=0.00, real=0.39 secs] 
2022-09-28T08:33:24.685-0600: 463037.796: [GC concurrent-root-region-scan-start]
2022-09-28T08:33:24.691-0600: 463037.802: [GC concurrent-root-region-scan-end, 0.0063769 secs]
2022-09-28T08:33:24.691-0600: 463037.802: [GC concurrent-mark-start]
2022-09-28T08:33:25.969-0600: 463039.080: [GC concurrent-mark-end, 1.2778908 secs]
2022-09-28T08:33:25.969-0600: 463039.080: [GC remark 2022-09-28T08:33:25.969-0600: 463039.080: [Finalize Marking, 0.0028590 secs] 2022-09-28T08:33:25.972-0600: 463039.083: [GC ref-proc, 0.0377254 secs] 2022-09-28T08:33:26.010-0600: 463039.121: [Unloading, 0.0989819 secs], 0.1484186 secs]
 [Times: user=0.31 sys=0.00, real=0.14 secs] 
2022-09-28T08:33:26.120-0600: 463039.230: [GC cleanup 3504M->3504M(14336M), 0.1285587 secs]
 [Times: user=0.03 sys=0.00, real=0.13 secs] 
2022-09-28T08:35:14.231-0600: 463147.342: [GC pause (G1 Evacuation Pause) (young), 0.0660890 secs]
   [Parallel Time: 6.3 ms, GC Workers: 8]
      [GC Worker Start (ms): Min: 463147341.9, Avg: 463147344.4, Max: 463147348.0, Diff: 6.1]
      [Ext Root Scanning (ms): Min: 0.0, Avg: 0.9, Max: 3.5, Diff: 3.5, Sum: 7.3]
      [Update RS (ms): Min: 0.0, Avg: 0.7, Max: 1.6, Diff: 1.6, Sum: 5.7]
         [Processed Buffers: Min: 0, Avg: 4.9, Max: 15, Diff: 15, Sum: 39]
      [Scan RS (ms): Min: 0.0, Avg: 0.0, Max: 0.1, Diff: 0.1, Sum: 0.2]
      [Code Root Scanning (ms): Min: 0.0, Avg: 0.0, Max: 0.0, Diff: 0.0, Sum: 0.0]
      [Object Copy (ms): Min: 0.0, Avg: 0.6, Max: 1.2, Diff: 1.2, Sum: 4.9]
      [Termination (ms): Min: 0.0, Avg: 1.4, Max: 2.0, Diff: 2.0, Sum: 11.5]
         [Termination Attempts: Min: 1, Avg: 2.4, Max: 5, Diff: 4, Sum: 19]
      [GC Worker Other (ms): Min: 0.0, Avg: 0.0, Max: 0.0, Diff: 0.0, Sum: 0.0]
      [GC Worker Total (ms): Min: 0.0, Avg: 3.7, Max: 6.1, Diff: 6.1, Sum: 29.6]
      [GC Worker End (ms): Min: 463147348.0, Avg: 463147348.1, Max: 463147348.1, Diff: 0.1]
   [Code Root Fixup: 0.0 ms]
   [Code Root Purge: 0.0 ms]
   [Clear CT: 0.9 ms]
   [Other: 58.9 ms]
      [Choose CSet: 0.0 ms]
      [Ref Proc: 58.5 ms]
      [Ref Enq: 0.1 ms]
      [Redirty Cards: 0.1 ms]
      [Humongous Register: 0.0 ms]
      [Humongous Reclaim: 0.0 ms]
      [Free CSet: 0.1 ms]
   [Eden: 5712.0M(5712.0M)->0.0B(5712.0M) Survivors: 16384.0K->16384.0K Heap: 9088.9M(14336.0M)->3377.6M(14336.0M)]
 [Times: user=0.17 sys=0.00, real=0.06 secs] 
2022-09-28T08:37:00.128-0600: 463253.239: [GC pause (G1 Evacuation Pause) (mixed), 0.4913305 secs]
   [Parallel Time: 388.4 ms, GC Workers: 8]
      [GC Worker Start (ms): Min: 463253329.2, Avg: 463253537.2, Max: 463253607.2, Diff: 278.0]
      [Ext Root Scanning (ms): Min: 0.0, Avg: 1.0, Max: 4.1, Diff: 4.1, Sum: 8.2]
      [Update RS (ms): Min: 0.0, Avg: 0.5, Max: 1.9, Diff: 1.9, Sum: 3.7]
         [Processed Buffers: Min: 0, Avg: 4.9, Max: 27, Diff: 27, Sum: 39]
      [Scan RS (ms): Min: 0.0, Avg: 0.3, Max: 1.3, Diff: 1.3, Sum: 2.6]
      [Code Root Scanning (ms): Min: 0.0, Avg: 0.0, Max: 0.0, Diff: 0.0, Sum: 0.0]
      [Object Copy (ms): Min: 0.0, Avg: 1.9, Max: 7.6, Diff: 7.6, Sum: 15.2]
      [Termination (ms): Min: 0.0, Avg: 66.3, Max: 263.3, Diff: 263.3, Sum: 530.2]
         [Termination Attempts: Min: 1, Avg: 4.8, Max: 31, Diff: 30, Sum: 38]
      [GC Worker Other (ms): Min: 0.0, Avg: 0.0, Max: 0.0, Diff: 0.0, Sum: 0.0]
      [GC Worker Total (ms): Min: 0.0, Avg: 70.0, Max: 278.1, Diff: 278.1, Sum: 560.0]
      [GC Worker End (ms): Min: 463253607.2, Avg: 463253607.2, Max: 463253607.3, Diff: 0.1]
   [Code Root Fixup: 0.0 ms]
   [Code Root Purge: 0.0 ms]
   [Clear CT: 0.6 ms]
   [Other: 102.3 ms]
      [Choose CSet: 0.0 ms]
      [Ref Proc: 101.8 ms]
      [Ref Enq: 0.1 ms]
      [Redirty Cards: 0.1 ms]
      [Humongous Register: 0.0 ms]
      [Humongous Reclaim: 0.0 ms]
      [Free CSet: 0.1 ms]
   [Eden: 5712.0M(5712.0M)->0.0B(5712.0M) Survivors: 16384.0K->16384.0K Heap: 9089.6M(14336.0M)->3369.2M(14336.0M)]
 [Times: user=0.96 sys=0.00, real=0.49 secs] 
2022-09-28T08:38:47.330-0600: 463360.441: [GC pause (G1 Evacuation Pause) (young), 0.1184800 secs]
   [Parallel Time: 12.3 ms, GC Workers: 8]
      [GC Worker Start (ms): Min: 463360440.8, Avg: 463360446.3, Max: 463360451.4, Diff: 10.6]
      [Ext Root Scanning (ms): Min: 0.0, Avg: 0.9, Max: 3.7, Diff: 3.7, Sum: 7.0]
      [Update RS (ms): Min: 0.0, Avg: 2.6, Max: 6.5, Diff: 6.5, Sum: 20.8]
         [Processed Buffers: Min: 0, Avg: 13.4, Max: 37, Diff: 37, Sum: 107]
      [Scan RS (ms): Min: 0.0, Avg: 0.0, Max: 0.1, Diff: 0.1, Sum: 0.1]
      [Code Root Scanning (ms): Min: 0.0, Avg: 0.0, Max: 0.0, Diff: 0.0, Sum: 0.0]
      [Object Copy (ms): Min: 0.0, Avg: 1.1, Max: 3.7, Diff: 3.7, Sum: 8.5]
      [Termination (ms): Min: 0.0, Avg: 2.1, Max: 2.7, Diff: 2.7, Sum: 16.5]
         [Termination Attempts: Min: 1, Avg: 5.9, Max: 14, Diff: 13, Sum: 47]
      [GC Worker Other (ms): Min: 0.0, Avg: 0.0, Max: 0.0, Diff: 0.0, Sum: 0.0]
      [GC Worker Total (ms): Min: 1.6, Avg: 6.6, Max: 12.2, Diff: 10.6, Sum: 53.0]
      [GC Worker End (ms): Min: 463360453.0, Avg: 463360453.0, Max: 463360453.0, Diff: 0.0]
   [Code Root Fixup: 0.0 ms]
   [Code Root Purge: 0.0 ms]
   [Clear CT: 0.6 ms]
   [Other: 105.6 ms]
      [Choose CSet: 0.0 ms]
      [Ref Proc: 105.2 ms]
      [Ref Enq: 0.1 ms]
      [Redirty Cards: 0.0 ms]
      [Humongous Register: 0.0 ms]
      [Humongous Reclaim: 0.0 ms]
      [Free CSet: 0.1 ms]
   [Eden: 5712.0M(5712.0M)->0.0B(5712.0M) Survivors: 16384.0K->16384.0K Heap: 9081.2M(14336.0M)->3375.2M(14336.0M)]
 [Times: user=0.21 sys=0.00, real=0.12 secs] 
2022-09-28T08:40:40.189-0600: 463473.299: [GC pause (G1 Evacuation Pause) (young) (initial-mark), 0.0765728 secs]
   [Parallel Time: 15.0 ms, GC Workers: 8]
      [GC Worker Start (ms): Min: 463473300.8, Avg: 463473303.1, Max: 463473304.1, Diff: 3.3]
      [Ext Root Scanning (ms): Min: 2.0, Avg: 7.3, Max: 10.3, Diff: 8.3, Sum: 58.2]
      [Update RS (ms): Min: 0.0, Avg: 0.5, Max: 2.1, Diff: 2.1, Sum: 4.2]
         [Processed Buffers: Min: 0, Avg: 4.8, Max: 21, Diff: 21, Sum: 38]
      [Scan RS (ms): Min: 0.0, Avg: 0.0, Max: 0.1, Diff: 0.1, Sum: 0.2]
      [Code Root Scanning (ms): Min: 0.0, Avg: 0.0, Max: 0.0, Diff: 0.0, Sum: 0.0]
      [Object Copy (ms): Min: 0.0, Avg: 0.5, Max: 1.5, Diff: 1.5, Sum: 3.7]
      [Termination (ms): Min: 0.0, Avg: 2.9, Max: 4.7, Diff: 4.7, Sum: 23.0]
         [Termination Attempts: Min: 1, Avg: 2.6, Max: 9, Diff: 8, Sum: 21]
      [GC Worker Other (ms): Min: 0.0, Avg: 0.0, Max: 0.0, Diff: 0.0, Sum: 0.0]
      [GC Worker Total (ms): Min: 10.2, Avg: 11.2, Max: 13.6, Diff: 3.4, Sum: 89.3]
      [GC Worker End (ms): Min: 463473314.2, Avg: 463473314.3, Max: 463473314.4, Diff: 0.2]
   [Code Root Fixup: 0.0 ms]
   [Code Root Purge: 0.0 ms]
   [Clear CT: 0.5 ms]
   [Other: 61.0 ms]
      [Choose CSet: 0.0 ms]
      [Ref Proc: 60.6 ms]
      [Ref Enq: 0.1 ms]
      [Redirty Cards: 0.1 ms]
      [Humongous Register: 0.0 ms]
      [Humongous Reclaim: 0.0 ms]
      [Free CSet: 0.1 ms]
   [Eden: 5712.0M(5712.0M)->0.0B(5712.0M) Survivors: 16384.0K->16384.0K Heap: 9087.2M(14336.0M)->3377.1M(14336.0M)]
 [Times: user=0.18 sys=0.00, real=0.07 secs] 
2022-09-28T08:40:40.265-0600: 463473.376: [GC concurrent-root-region-scan-start]
2022-09-28T08:40:40.269-0600: 463473.380: [GC concurrent-root-region-scan-end, 0.0042316 secs]
2022-09-28T08:40:40.269-0600: 463473.380: [GC concurrent-mark-start]
2022-09-28T08:40:41.526-0600: 463474.637: [GC concurrent-mark-end, 1.2561077 secs]
2022-09-28T08:40:41.538-0600: 463474.649: [GC remark 2022-09-28T08:40:41.538-0600: 463474.649: [Finalize Marking, 0.0032174 secs] 2022-09-28T08:40:41.542-0600: 463474.652: [GC ref-proc, 0.4878431 secs] 2022-09-28T08:40:42.029-0600: 463475.140: [Unloading, 0.0449352 secs], 0.5404234 secs]
 [Times: user=0.57 sys=0.00, real=0.54 secs] 
2022-09-28T08:40:42.079-0600: 463475.190: [GC cleanup 3501M->3501M(14336M), 0.0899896 secs]
 [Times: user=0.02 sys=0.00, real=0.10 secs] 
2022-09-28T08:42:25.479-0600: 463578.590: [GC pause (G1 Evacuation Pause) (young), 0.0346136 secs]
   [Parallel Time: 6.1 ms, GC Workers: 8]
      [GC Worker Start (ms): Min: 463578589.6, Avg: 463578592.1, Max: 463578595.4, Diff: 5.8]
      [Ext Root Scanning (ms): Min: 0.0, Avg: 0.8, Max: 3.2, Diff: 3.2, Sum: 6.7]
      [Update RS (ms): Min: 0.0, Avg: 0.6, Max: 1.2, Diff: 1.2, Sum: 4.5]
         [Processed Buffers: Min: 0, Avg: 4.9, Max: 16, Diff: 16, Sum: 39]
      [Scan RS (ms): Min: 0.0, Avg: 0.0, Max: 0.1, Diff: 0.1, Sum: 0.2]
      [Code Root Scanning (ms): Min: 0.0, Avg: 0.0, Max: 0.0, Diff: 0.0, Sum: 0.0]
      [Object Copy (ms): Min: 0.0, Avg: 0.7, Max: 1.2, Diff: 1.2, Sum: 5.4]
      [Termination (ms): Min: 0.0, Avg: 1.3, Max: 1.8, Diff: 1.8, Sum: 10.2]
         [Termination Attempts: Min: 1, Avg: 1.4, Max: 3, Diff: 2, Sum: 11]
      [GC Worker Other (ms): Min: 0.0, Avg: 0.0, Max: 0.0, Diff: 0.0, Sum: 0.0]
      [GC Worker Total (ms): Min: 0.0, Avg: 3.4, Max: 5.9, Diff: 5.9, Sum: 27.0]
      [GC Worker End (ms): Min: 463578595.4, Avg: 463578595.5, Max: 463578595.5, Diff: 0.1]
   [Code Root Fixup: 0.0 ms]
   [Code Root Purge: 0.0 ms]
   [Clear CT: 0.5 ms]
   [Other: 28.1 ms]
      [Choose CSet: 0.0 ms]
      [Ref Proc: 27.7 ms]
      [Ref Enq: 0.1 ms]
      [Redirty Cards: 0.1 ms]
      [Humongous Register: 0.0 ms]
      [Humongous Reclaim: 0.0 ms]
      [Free CSet: 0.1 ms]
   [Eden: 5712.0M(5712.0M)->0.0B(5712.0M) Survivors: 16384.0K->16384.0K Heap: 9089.1M(14336.0M)->3377.7M(14336.0M)]
 [Times: user=0.14 sys=0.00, real=0.04 secs] 
2022-09-28T08:44:14.481-0600: 463687.592: [GC pause (G1 Evacuation Pause) (mixed), 0.3211954 secs]
   [Parallel Time: 12.6 ms, GC Workers: 8]
      [GC Worker Start (ms): Min: 463687592.2, Avg: 463687599.5, Max: 463687604.6, Diff: 12.4]
      [Ext Root Scanning (ms): Min: 0.0, Avg: 0.9, Max: 3.1, Diff: 3.1, Sum: 6.9]
      [Update RS (ms): Min: 0.0, Avg: 0.6, Max: 2.0, Diff: 2.0, Sum: 5.0]
         [Processed Buffers: Min: 0, Avg: 4.8, Max: 22, Diff: 22, Sum: 38]
      [Scan RS (ms): Min: 0.0, Avg: 0.5, Max: 1.2, Diff: 1.2, Sum: 3.7]
      [Code Root Scanning (ms): Min: 0.0, Avg: 0.0, Max: 0.0, Diff: 0.0, Sum: 0.0]
      [Object Copy (ms): Min: 0.0, Avg: 2.0, Max: 5.4, Diff: 5.4, Sum: 15.8]
      [Termination (ms): Min: 0.0, Avg: 1.2, Max: 1.9, Diff: 1.9, Sum: 9.3]
         [Termination Attempts: Min: 1, Avg: 2.6, Max: 8, Diff: 7, Sum: 21]
      [GC Worker Other (ms): Min: 0.0, Avg: 0.0, Max: 0.0, Diff: 0.0, Sum: 0.0]
      [GC Worker Total (ms): Min: 0.0, Avg: 5.1, Max: 12.5, Diff: 12.5, Sum: 40.7]
      [GC Worker End (ms): Min: 463687604.6, Avg: 463687604.6, Max: 463687604.6, Diff: 0.1]
   [Code Root Fixup: 0.0 ms]
   [Code Root Purge: 0.0 ms]
   [Clear CT: 0.8 ms]
   [Other: 307.7 ms]
      [Choose CSet: 0.0 ms]
      [Ref Proc: 307.4 ms]
      [Ref Enq: 0.1 ms]
      [Redirty Cards: 0.1 ms]
      [Humongous Register: 0.0 ms]
      [Humongous Reclaim: 0.0 ms]
      [Free CSet: 0.1 ms]
   [Eden: 5712.0M(5712.0M)->0.0B(5712.0M) Survivors: 16384.0K->16384.0K Heap: 9089.7M(14336.0M)->3369.6M(14336.0M)]
 [Times: user=0.13 sys=0.00, real=0.32 secs] 
2022-09-28T08:46:03.505-0600: 463796.616: [GC pause (G1 Evacuation Pause) (young), 0.0647668 secs]
   [Parallel Time: 21.3 ms, GC Workers: 8]
      [GC Worker Start (ms): Min: 463796616.0, Avg: 463796626.6, Max: 463796637.1, Diff: 21.1]
      [Ext Root Scanning (ms): Min: 0.0, Avg: 1.4, Max: 3.4, Diff: 3.4, Sum: 11.1]
      [Update RS (ms): Min: 0.0, Avg: 2.0, Max: 4.1, Diff: 4.1, Sum: 16.0]
         [Processed Buffers: Min: 0, Avg: 10.4, Max: 25, Diff: 25, Sum: 83]
      [Scan RS (ms): Min: 0.0, Avg: 0.0, Max: 0.1, Diff: 0.1, Sum: 0.2]
      [Code Root Scanning (ms): Min: 0.0, Avg: 0.0, Max: 0.0, Diff: 0.0, Sum: 0.0]
      [Object Copy (ms): Min: 0.0, Avg: 0.7, Max: 1.5, Diff: 1.5, Sum: 5.3]
      [Termination (ms): Min: 0.0, Avg: 6.5, Max: 12.6, Diff: 12.6, Sum: 51.8]
         [Termination Attempts: Min: 1, Avg: 7.9, Max: 21, Diff: 20, Sum: 63]
      [GC Worker Other (ms): Min: 0.0, Avg: 0.0, Max: 0.0, Diff: 0.0, Sum: 0.0]
      [GC Worker Total (ms): Min: 0.0, Avg: 10.5, Max: 21.2, Diff: 21.2, Sum: 84.4]
      [GC Worker End (ms): Min: 463796637.1, Avg: 463796637.2, Max: 463796637.3, Diff: 0.1]
   [Code Root Fixup: 0.0 ms]
   [Code Root Purge: 0.0 ms]
   [Clear CT: 0.6 ms]
   [Other: 42.8 ms]
      [Choose CSet: 0.0 ms]
      [Ref Proc: 42.4 ms]
      [Ref Enq: 0.1 ms]
      [Redirty Cards: 0.1 ms]
      [Humongous Register: 0.0 ms]
      [Humongous Reclaim: 0.0 ms]
      [Free CSet: 0.1 ms]
   [Eden: 5712.0M(5712.0M)->0.0B(5712.0M) Survivors: 16384.0K->16384.0K Heap: 9081.6M(14336.0M)->3374.4M(14336.0M)]
 [Times: user=0.22 sys=0.00, real=0.07 secs] 
2022-09-28T08:47:49.478-0600: 463902.589: [GC pause (G1 Evacuation Pause) (young) (initial-mark), 0.2687325 secs]
   [Parallel Time: 12.5 ms, GC Workers: 8]
      [GC Worker Start (ms): Min: 463902590.4, Avg: 463902591.7, Max: 463902592.8, Diff: 2.4]
      [Ext Root Scanning (ms): Min: 1.9, Avg: 6.6, Max: 9.7, Diff: 7.8, Sum: 53.1]
      [Update RS (ms): Min: 0.0, Avg: 0.7, Max: 2.2, Diff: 2.2, Sum: 5.4]
         [Processed Buffers: Min: 0, Avg: 5.5, Max: 25, Diff: 25, Sum: 44]
      [Scan RS (ms): Min: 0.0, Avg: 0.0, Max: 0.1, Diff: 0.1, Sum: 0.2]
      [Code Root Scanning (ms): Min: 0.0, Avg: 0.0, Max: 0.0, Diff: 0.0, Sum: 0.0]
      [Object Copy (ms): Min: 0.0, Avg: 0.6, Max: 1.6, Diff: 1.6, Sum: 5.2]
      [Termination (ms): Min: 0.0, Avg: 1.6, Max: 2.8, Diff: 2.8, Sum: 12.7]
         [Termination Attempts: Min: 1, Avg: 2.9, Max: 12, Diff: 11, Sum: 23]
      [GC Worker Other (ms): Min: 0.0, Avg: 0.0, Max: 0.0, Diff: 0.0, Sum: 0.1]
      [GC Worker Total (ms): Min: 8.5, Avg: 9.6, Max: 11.0, Diff: 2.6, Sum: 76.6]
      [GC Worker End (ms): Min: 463902601.2, Avg: 463902601.3, Max: 463902601.4, Diff: 0.2]
   [Code Root Fixup: 0.0 ms]
   [Code Root Purge: 0.0 ms]
   [Clear CT: 0.7 ms]
   [Other: 255.5 ms]
      [Choose CSet: 0.0 ms]
      [Ref Proc: 255.2 ms]
      [Ref Enq: 0.0 ms]
      [Redirty Cards: 0.0 ms]
      [Humongous Register: 0.0 ms]
      [Humongous Reclaim: 0.0 ms]
      [Free CSet: 0.1 ms]
   [Eden: 5712.0M(5712.0M)->0.0B(5712.0M) Survivors: 16384.0K->16384.0K Heap: 9086.4M(14336.0M)->3375.6M(14336.0M)]
 [Times: user=1.29 sys=0.00, real=0.27 secs] 
2022-09-28T08:47:49.747-0600: 463902.858: [GC concurrent-root-region-scan-start]
2022-09-28T08:47:49.751-0600: 463902.862: [GC concurrent-root-region-scan-end, 0.0042980 secs]
2022-09-28T08:47:49.751-0600: 463902.862: [GC concurrent-mark-start]
2022-09-28T08:47:51.038-0600: 463904.149: [GC concurrent-mark-end, 1.2868308 secs]
2022-09-28T08:47:51.038-0600: 463904.149: [GC remark 2022-09-28T08:47:51.038-0600: 463904.149: [Finalize Marking, 0.0047520 secs] 2022-09-28T08:47:51.043-0600: 463904.154: [GC ref-proc, 0.0436129 secs] 2022-09-28T08:47:51.086-0600: 463904.197: [Unloading, 0.0308855 secs], 0.0852507 secs]
 [Times: user=0.32 sys=0.00, real=0.09 secs] 
2022-09-28T08:47:51.124-0600: 463904.234: [GC cleanup 3471M->3471M(14336M), 0.0063219 secs]
 [Times: user=0.02 sys=0.00, real=0.01 secs] 
2022-09-28T08:49:40.278-0600: 464013.389: [GC pause (G1 Evacuation Pause) (young), 0.0353097 secs]
   [Parallel Time: 6.1 ms, GC Workers: 8]
      [GC Worker Start (ms): Min: 464013389.2, Avg: 464013391.8, Max: 464013395.2, Diff: 6.1]
      [Ext Root Scanning (ms): Min: 0.0, Avg: 0.8, Max: 3.0, Diff: 3.0, Sum: 6.3]
      [Update RS (ms): Min: 0.0, Avg: 0.7, Max: 1.5, Diff: 1.5, Sum: 5.2]
         [Processed Buffers: Min: 0, Avg: 4.2, Max: 10, Diff: 10, Sum: 34]
      [Scan RS (ms): Min: 0.0, Avg: 0.0, Max: 0.1, Diff: 0.0, Sum: 0.2]
      [Code Root Scanning (ms): Min: 0.0, Avg: 0.0, Max: 0.0, Diff: 0.0, Sum: 0.0]
      [Object Copy (ms): Min: 0.0, Avg: 0.7, Max: 1.1, Diff: 1.1, Sum: 5.3]
      [Termination (ms): Min: 0.0, Avg: 1.3, Max: 1.8, Diff: 1.8, Sum: 10.6]
         [Termination Attempts: Min: 1, Avg: 1.0, Max: 1, Diff: 0, Sum: 8]
      [GC Worker Other (ms): Min: 0.0, Avg: 0.0, Max: 0.0, Diff: 0.0, Sum: 0.0]
      [GC Worker Total (ms): Min: 0.0, Avg: 3.5, Max: 6.1, Diff: 6.1, Sum: 27.6]
      [GC Worker End (ms): Min: 464013395.2, Avg: 464013395.3, Max: 464013395.3, Diff: 0.0]
   [Code Root Fixup: 0.0 ms]
   [Code Root Purge: 0.0 ms]
   [Clear CT: 0.8 ms]
   [Other: 28.4 ms]
      [Choose CSet: 0.0 ms]
      [Ref Proc: 28.0 ms]
      [Ref Enq: 0.1 ms]
      [Redirty Cards: 0.1 ms]
      [Humongous Register: 0.0 ms]
      [Humongous Reclaim: 0.0 ms]
      [Free CSet: 0.1 ms]
   [Eden: 5712.0M(5712.0M)->0.0B(5712.0M) Survivors: 16384.0K->16384.0K Heap: 9087.6M(14336.0M)->3375.7M(14336.0M)]
 [Times: user=0.11 sys=0.00, real=0.04 secs] 
2022-09-28T08:51:28.577-0600: 464121.688: [GC pause (G1 Evacuation Pause) (mixed), 0.0655052 secs]
   [Parallel Time: 15.9 ms, GC Workers: 8]
      [GC Worker Start (ms): Min: 464121688.4, Avg: 464121693.4, Max: 464121698.9, Diff: 10.5]
      [Ext Root Scanning (ms): Min: 0.0, Avg: 0.9, Max: 3.2, Diff: 3.2, Sum: 7.1]
      [Update RS (ms): Min: 0.0, Avg: 2.0, Max: 10.6, Diff: 10.6, Sum: 15.6]
         [Processed Buffers: Min: 0, Avg: 4.6, Max: 12, Diff: 12, Sum: 37]
      [Scan RS (ms): Min: 0.0, Avg: 0.7, Max: 1.5, Diff: 1.5, Sum: 5.4]
      [Code Root Scanning (ms): Min: 0.0, Avg: 0.1, Max: 0.6, Diff: 0.6, Sum: 0.6]
      [Object Copy (ms): Min: 0.0, Avg: 1.3, Max: 2.8, Diff: 2.8, Sum: 10.1]
      [Termination (ms): Min: 0.0, Avg: 4.1, Max: 5.1, Diff: 5.1, Sum: 32.5]
         [Termination Attempts: Min: 1, Avg: 7.1, Max: 18, Diff: 17, Sum: 57]
      [GC Worker Other (ms): Min: 0.0, Avg: 0.0, Max: 0.0, Diff: 0.0, Sum: 0.0]
      [GC Worker Total (ms): Min: 3.5, Avg: 8.9, Max: 13.9, Diff: 10.4, Sum: 71.4]
      [GC Worker End (ms): Min: 464121702.3, Avg: 464121702.3, Max: 464121702.4, Diff: 0.1]
   [Code Root Fixup: 0.0 ms]
   [Code Root Purge: 0.0 ms]
   [Clear CT: 0.8 ms]
   [Other: 48.7 ms]
      [Choose CSet: 0.0 ms]
      [Ref Proc: 48.3 ms]
      [Ref Enq: 0.1 ms]
      [Redirty Cards: 0.1 ms]
      [Humongous Register: 0.0 ms]
      [Humongous Reclaim: 0.0 ms]
      [Free CSet: 0.1 ms]
   [Eden: 5712.0M(5712.0M)->0.0B(7152.0M) Survivors: 16384.0K->16384.0K Heap: 9087.7M(14336.0M)->3364.0M(14336.0M)]
 [Times: user=0.30 sys=0.00, real=0.07 secs] 
2022-09-28T08:53:39.227-0600: 464252.338: [GC pause (G1 Evacuation Pause) (young), 0.4539783 secs]
   [Parallel Time: 8.5 ms, GC Workers: 8]
      [GC Worker Start (ms): Min: 464252338.8, Avg: 464252341.5, Max: 464252346.0, Diff: 7.2]
      [Ext Root Scanning (ms): Min: 0.0, Avg: 0.8, Max: 3.0, Diff: 2.9, Sum: 6.5]
      [Update RS (ms): Min: 0.0, Avg: 2.6, Max: 4.9, Diff: 4.9, Sum: 20.8]
         [Processed Buffers: Min: 0, Avg: 12.0, Max: 26, Diff: 26, Sum: 96]
      [Scan RS (ms): Min: 0.0, Avg: 0.0, Max: 0.1, Diff: 0.1, Sum: 0.2]
      [Code Root Scanning (ms): Min: 0.0, Avg: 0.0, Max: 0.0, Diff: 0.0, Sum: 0.0]
      [Object Copy (ms): Min: 0.0, Avg: 0.8, Max: 1.4, Diff: 1.4, Sum: 6.1]
      [Termination (ms): Min: 0.0, Avg: 1.0, Max: 1.4, Diff: 1.4, Sum: 7.9]
         [Termination Attempts: Min: 1, Avg: 2.9, Max: 6, Diff: 5, Sum: 23]
      [GC Worker Other (ms): Min: 0.0, Avg: 0.0, Max: 0.0, Diff: 0.0, Sum: 0.1]
      [GC Worker Total (ms): Min: 0.7, Avg: 5.2, Max: 7.8, Diff: 7.1, Sum: 41.7]
      [GC Worker End (ms): Min: 464252346.7, Avg: 464252346.7, Max: 464252346.8, Diff: 0.2]
   [Code Root Fixup: 0.0 ms]
   [Code Root Purge: 0.0 ms]
   [Clear CT: 0.7 ms]
   [Other: 444.8 ms]
      [Choose CSet: 0.0 ms]
      [Ref Proc: 444.4 ms]
      [Ref Enq: 0.1 ms]
      [Redirty Cards: 0.1 ms]
      [Humongous Register: 0.0 ms]
      [Humongous Reclaim: 0.0 ms]
      [Free CSet: 0.1 ms]
   [Eden: 7152.0M(7152.0M)->0.0B(5712.0M) Survivors: 16384.0K->16384.0K Heap: 10516.0M(14336.0M)->3368.5M(14336.0M)]
 [Times: user=0.25 sys=0.00, real=0.46 secs] 
2022-09-28T08:55:25.328-0600: 464358.439: [GC pause (G1 Evacuation Pause) (young) (initial-mark), 0.1354784 secs]
   [Parallel Time: 13.3 ms, GC Workers: 8]
      [GC Worker Start (ms): Min: 464358440.5, Avg: 464358443.0, Max: 464358444.0, Diff: 3.6]
      [Ext Root Scanning (ms): Min: 2.2, Avg: 5.3, Max: 8.3, Diff: 6.1, Sum: 42.7]
      [Update RS (ms): Min: 0.0, Avg: 1.1, Max: 4.3, Diff: 4.3, Sum: 8.6]
         [Processed Buffers: Min: 0, Avg: 4.6, Max: 23, Diff: 23, Sum: 37]
      [Scan RS (ms): Min: 0.0, Avg: 0.0, Max: 0.1, Diff: 0.1, Sum: 0.2]
      [Code Root Scanning (ms): Min: 0.0, Avg: 0.0, Max: 0.0, Diff: 0.0, Sum: 0.0]
      [Object Copy (ms): Min: 0.0, Avg: 0.9, Max: 1.6, Diff: 1.6, Sum: 7.6]
      [Termination (ms): Min: 0.0, Avg: 2.0, Max: 2.6, Diff: 2.6, Sum: 15.6]
         [Termination Attempts: Min: 1, Avg: 13.4, Max: 44, Diff: 43, Sum: 107]
      [GC Worker Other (ms): Min: 0.0, Avg: 0.0, Max: 0.0, Diff: 0.0, Sum: 0.0]
      [GC Worker Total (ms): Min: 8.3, Avg: 9.3, Max: 11.9, Diff: 3.6, Sum: 74.7]
      [GC Worker End (ms): Min: 464358452.3, Avg: 464358452.4, Max: 464358452.4, Diff: 0.1]
   [Code Root Fixup: 0.0 ms]
   [Code Root Purge: 0.0 ms]
   [Clear CT: 0.8 ms]
   [Other: 121.4 ms]
      [Choose CSet: 0.0 ms]
      [Ref Proc: 120.7 ms]
      [Ref Enq: 0.2 ms]
      [Redirty Cards: 0.2 ms]
      [Humongous Register: 0.0 ms]
      [Humongous Reclaim: 0.0 ms]
      [Free CSet: 0.1 ms]
   [Eden: 5712.0M(5712.0M)->0.0B(5712.0M) Survivors: 16384.0K->16384.0K Heap: 9080.5M(14336.0M)->3369.9M(14336.0M)]
 [Times: user=0.14 sys=0.00, real=0.14 secs] 
2022-09-28T08:55:25.471-0600: 464358.582: [GC concurrent-root-region-scan-start]
2022-09-28T08:55:25.477-0600: 464358.588: [GC concurrent-root-region-scan-end, 0.0055832 secs]
2022-09-28T08:55:25.477-0600: 464358.588: [GC concurrent-mark-start]
2022-09-28T08:55:26.785-0600: 464359.896: [GC concurrent-mark-end, 1.3080320 secs]
2022-09-28T08:55:26.785-0600: 464359.896: [GC remark 2022-09-28T08:55:26.785-0600: 464359.896: [Finalize Marking, 0.0024503 secs] 2022-09-28T08:55:26.788-0600: 464359.898: [GC ref-proc, 0.0290400 secs] 2022-09-28T08:55:26.817-0600: 464359.928: [Unloading, 0.0259280 secs], 0.0652194 secs]
 [Times: user=0.25 sys=0.00, real=0.07 secs] 
2022-09-28T08:55:26.850-0600: 464359.961: [GC cleanup 3458M->3458M(14336M), 0.0081604 secs]
 [Times: user=0.02 sys=0.00, real=0.00 secs] 
2022-09-28T08:57:13.895-0600: 464467.006: [GC pause (G1 Evacuation Pause) (young), 0.3647981 secs]
   [Parallel Time: 282.4 ms, GC Workers: 8]
      [GC Worker Start (ms): Min: 464467005.8, Avg: 464467112.5, Max: 464467287.8, Diff: 282.0]
      [Ext Root Scanning (ms): Min: 0.0, Avg: 0.8, Max: 3.1, Diff: 3.0, Sum: 6.3]
      [Update RS (ms): Min: 0.0, Avg: 0.6, Max: 1.7, Diff: 1.7, Sum: 5.2]
         [Processed Buffers: Min: 0, Avg: 5.1, Max: 22, Diff: 22, Sum: 41]
      [Scan RS (ms): Min: 0.0, Avg: 0.0, Max: 0.1, Diff: 0.1, Sum: 0.3]
      [Code Root Scanning (ms): Min: 0.0, Avg: 0.0, Max: 0.0, Diff: 0.0, Sum: 0.0]
      [Object Copy (ms): Min: 0.0, Avg: 0.9, Max: 2.0, Diff: 2.0, Sum: 7.3]
      [Termination (ms): Min: 0.0, Avg: 173.1, Max: 277.0, Diff: 277.0, Sum: 1384.6]
         [Termination Attempts: Min: 1, Avg: 2.9, Max: 7, Diff: 6, Sum: 23]
      [GC Worker Other (ms): Min: 0.0, Avg: 0.0, Max: 0.0, Diff: 0.0, Sum: 0.0]
      [GC Worker Total (ms): Min: 0.0, Avg: 175.5, Max: 282.2, Diff: 282.2, Sum: 1403.7]
      [GC Worker End (ms): Min: 464467287.9, Avg: 464467287.9, Max: 464467288.0, Diff: 0.1]
   [Code Root Fixup: 0.0 ms]
   [Code Root Purge: 0.0 ms]
   [Clear CT: 0.6 ms]
   [Other: 81.9 ms]
      [Choose CSet: 0.0 ms]
      [Ref Proc: 81.5 ms]
      [Ref Enq: 0.1 ms]
      [Redirty Cards: 0.1 ms]
      [Humongous Register: 0.0 ms]
      [Humongous Reclaim: 0.0 ms]
      [Free CSet: 0.1 ms]
   [Eden: 5712.0M(5712.0M)->0.0B(5712.0M) Survivors: 16384.0K->16384.0K Heap: 9081.9M(14336.0M)->3370.9M(14336.0M)]
 [Times: user=1.55 sys=0.00, real=0.36 secs] 
2022-09-28T08:59:03.980-0600: 464577.090: [GC pause (G1 Evacuation Pause) (young), 0.3725945 secs]
   [Parallel Time: 72.1 ms, GC Workers: 8]
      [GC Worker Start (ms): Min: 464577090.5, Avg: 464577135.0, Max: 464577162.5, Diff: 72.0]
      [Ext Root Scanning (ms): Min: 0.0, Avg: 0.8, Max: 3.0, Diff: 3.0, Sum: 6.2]
      [Update RS (ms): Min: 0.0, Avg: 0.6, Max: 2.0, Diff: 2.0, Sum: 4.6]
         [Processed Buffers: Min: 0, Avg: 4.9, Max: 21, Diff: 21, Sum: 39]
      [Scan RS (ms): Min: 0.0, Avg: 0.0, Max: 0.1, Diff: 0.1, Sum: 0.1]
      [Code Root Scanning (ms): Min: 0.0, Avg: 0.0, Max: 0.0, Diff: 0.0, Sum: 0.0]
      [Object Copy (ms): Min: 0.0, Avg: 0.5, Max: 1.5, Diff: 1.5, Sum: 4.0]
      [Termination (ms): Min: 0.0, Avg: 25.6, Max: 67.0, Diff: 67.0, Sum: 204.9]
         [Termination Attempts: Min: 1, Avg: 2.5, Max: 8, Diff: 7, Sum: 20]
      [GC Worker Other (ms): Min: 0.0, Avg: 0.0, Max: 0.0, Diff: 0.0, Sum: 0.0]
      [GC Worker Total (ms): Min: 0.0, Avg: 27.5, Max: 72.0, Diff: 72.0, Sum: 219.9]
      [GC Worker End (ms): Min: 464577162.5, Avg: 464577162.5, Max: 464577162.6, Diff: 0.1]
   [Code Root Fixup: 0.0 ms]
   [Code Root Purge: 0.0 ms]
   [Clear CT: 0.7 ms]
   [Other: 299.8 ms]
      [Choose CSet: 0.0 ms]
      [Ref Proc: 299.6 ms]
      [Ref Enq: 0.0 ms]
      [Redirty Cards: 0.0 ms]
      [Humongous Register: 0.0 ms]
      [Humongous Reclaim: 0.0 ms]
      [Free CSet: 0.1 ms]
   [Eden: 5712.0M(5712.0M)->0.0B(5712.0M) Survivors: 16384.0K->16384.0K Heap: 9082.9M(14336.0M)->3372.5M(14336.0M)]
 [Times: user=1.25 sys=0.00, real=0.38 secs] 
2022-09-28T09:00:50.288-0600: 464683.399: [GC pause (G1 Evacuation Pause) (young) (initial-mark), 0.2282954 secs]
   [Parallel Time: 17.1 ms, GC Workers: 8]
      [GC Worker Start (ms): Min: 464683400.1, Avg: 464683404.1, Max: 464683405.0, Diff: 4.9]
      [Ext Root Scanning (ms): Min: 2.0, Avg: 7.5, Max: 10.8, Diff: 8.8, Sum: 60.0]
      [Update RS (ms): Min: 0.0, Avg: 0.7, Max: 2.3, Diff: 2.3, Sum: 5.5]
         [Processed Buffers: Min: 0, Avg: 5.2, Max: 19, Diff: 19, Sum: 42]
      [Scan RS (ms): Min: 0.0, Avg: 0.0, Max: 0.1, Diff: 0.1, Sum: 0.2]
      [Code Root Scanning (ms): Min: 0.0, Avg: 0.0, Max: 0.0, Diff: 0.0, Sum: 0.0]
      [Object Copy (ms): Min: 0.0, Avg: 0.6, Max: 1.9, Diff: 1.9, Sum: 5.1]
      [Termination (ms): Min: 0.0, Avg: 2.9, Max: 5.2, Diff: 5.2, Sum: 23.2]
         [Termination Attempts: Min: 1, Avg: 2.5, Max: 9, Diff: 8, Sum: 20]
      [GC Worker Other (ms): Min: 0.0, Avg: 0.0, Max: 0.0, Diff: 0.0, Sum: 0.1]
      [GC Worker Total (ms): Min: 10.8, Avg: 11.8, Max: 15.8, Diff: 5.0, Sum: 94.1]
      [GC Worker End (ms): Min: 464683415.8, Avg: 464683415.9, Max: 464683416.0, Diff: 0.1]
   [Code Root Fixup: 0.0 ms]
   [Code Root Purge: 0.0 ms]
   [Clear CT: 0.6 ms]
   [Other: 210.5 ms]
      [Choose CSet: 0.0 ms]
      [Ref Proc: 210.1 ms]
      [Ref Enq: 0.1 ms]
      [Redirty Cards: 0.1 ms]
      [Humongous Register: 0.0 ms]
      [Humongous Reclaim: 0.0 ms]
      [Free CSet: 0.1 ms]
   [Eden: 5712.0M(5712.0M)->0.0B(5712.0M) Survivors: 16384.0K->16384.0K Heap: 9084.5M(14336.0M)->3372.9M(14336.0M)]
 [Times: user=0.16 sys=0.00, real=0.23 secs] 
2022-09-28T09:00:50.516-0600: 464683.627: [GC concurrent-root-region-scan-start]
2022-09-28T09:00:50.525-0600: 464683.636: [GC concurrent-root-region-scan-end, 0.0083092 secs]
2022-09-28T09:00:50.525-0600: 464683.636: [GC concurrent-mark-start]
2022-09-28T09:00:51.855-0600: 464684.966: [GC concurrent-mark-end, 1.3308404 secs]
2022-09-28T09:00:51.865-0600: 464684.975: [GC remark 2022-09-28T09:00:51.865-0600: 464684.976: [Finalize Marking, 0.0034108 secs] 2022-09-28T09:00:51.868-0600: 464684.979: [GC ref-proc, 0.0624777 secs] 2022-09-28T09:00:51.931-0600: 464685.041: [Unloading, 0.0265887 secs], 0.0962219 secs]
 [Times: user=0.36 sys=0.00, real=0.10 secs] 
2022-09-28T09:00:51.961-0600: 464685.072: [GC cleanup 3484M->3484M(14336M), 0.0078931 secs]
 [Times: user=0.02 sys=0.00, real=0.01 secs] 
2022-09-28T09:02:39.292-0600: 464792.403: [GC pause (G1 Evacuation Pause) (young), 0.0485465 secs]
   [Parallel Time: 7.3 ms, GC Workers: 8]
      [GC Worker Start (ms): Min: 464792403.3, Avg: 464792407.8, Max: 464792410.5, Diff: 7.2]
      [Ext Root Scanning (ms): Min: 0.0, Avg: 0.8, Max: 3.4, Diff: 3.4, Sum: 6.5]
      [Update RS (ms): Min: 0.0, Avg: 0.6, Max: 1.5, Diff: 1.5, Sum: 4.5]
         [Processed Buffers: Min: 0, Avg: 4.5, Max: 18, Diff: 18, Sum: 36]
      [Scan RS (ms): Min: 0.0, Avg: 0.0, Max: 0.1, Diff: 0.1, Sum: 0.2]
      [Code Root Scanning (ms): Min: 0.0, Avg: 0.0, Max: 0.0, Diff: 0.0, Sum: 0.0]
      [Object Copy (ms): Min: 0.0, Avg: 0.6, Max: 1.5, Diff: 1.5, Sum: 4.6]
      [Termination (ms): Min: 0.0, Avg: 0.8, Max: 1.1, Diff: 1.1, Sum: 6.1]
         [Termination Attempts: Min: 1, Avg: 1.4, Max: 3, Diff: 2, Sum: 11]
      [GC Worker Other (ms): Min: 0.0, Avg: 0.0, Max: 0.0, Diff: 0.0, Sum: 0.0]
      [GC Worker Total (ms): Min: 0.0, Avg: 2.7, Max: 7.2, Diff: 7.2, Sum: 21.9]
      [GC Worker End (ms): Min: 464792410.5, Avg: 464792410.5, Max: 464792410.6, Diff: 0.1]
   [Code Root Fixup: 0.0 ms]
   [Code Root Purge: 0.0 ms]
   [Clear CT: 0.8 ms]
   [Other: 40.4 ms]
      [Choose CSet: 0.0 ms]
      [Ref Proc: 40.0 ms]
      [Ref Enq: 0.2 ms]
      [Redirty Cards: 0.1 ms]
      [Humongous Register: 0.0 ms]
      [Humongous Reclaim: 0.0 ms]
      [Free CSet: 0.1 ms]
   [Eden: 5712.0M(5712.0M)->0.0B(5712.0M) Survivors: 16384.0K->16384.0K Heap: 9084.9M(14336.0M)->3374.2M(14336.0M)]
 [Times: user=0.16 sys=0.00, real=0.05 secs] 
2022-09-28T09:04:30.529-0600: 464903.640: [GC pause (G1 Evacuation Pause) (mixed), 0.0315102 secs]
   [Parallel Time: 11.0 ms, GC Workers: 8]
      [GC Worker Start (ms): Min: 464903640.3, Avg: 464903644.3, Max: 464903651.0, Diff: 10.8]
      [Ext Root Scanning (ms): Min: 0.0, Avg: 2.4, Max: 10.2, Diff: 10.2, Sum: 19.2]
      [Update RS (ms): Min: 0.0, Avg: 0.8, Max: 1.7, Diff: 1.7, Sum: 6.4]
         [Processed Buffers: Min: 0, Avg: 5.1, Max: 20, Diff: 20, Sum: 41]
      [Scan RS (ms): Min: 0.0, Avg: 0.5, Max: 1.0, Diff: 1.0, Sum: 3.9]
      [Code Root Scanning (ms): Min: 0.0, Avg: 0.0, Max: 0.0, Diff: 0.0, Sum: 0.1]
      [Object Copy (ms): Min: 0.0, Avg: 2.3, Max: 5.2, Diff: 5.2, Sum: 18.4]
      [Termination (ms): Min: 0.0, Avg: 0.9, Max: 1.4, Diff: 1.4, Sum: 7.1]
         [Termination Attempts: Min: 1, Avg: 7.2, Max: 17, Diff: 16, Sum: 58]
      [GC Worker Other (ms): Min: 0.0, Avg: 0.0, Max: 0.0, Diff: 0.0, Sum: 0.0]
      [GC Worker Total (ms): Min: 0.2, Avg: 6.9, Max: 10.9, Diff: 10.7, Sum: 55.1]
      [GC Worker End (ms): Min: 464903651.1, Avg: 464903651.2, Max: 464903651.2, Diff: 0.1]
   [Code Root Fixup: 0.0 ms]
   [Code Root Purge: 0.0 ms]
   [Clear CT: 0.7 ms]
   [Other: 19.7 ms]
      [Choose CSet: 0.0 ms]
      [Ref Proc: 19.3 ms]
      [Ref Enq: 0.1 ms]
      [Redirty Cards: 0.1 ms]
      [Humongous Register: 0.0 ms]
      [Humongous Reclaim: 0.0 ms]
      [Free CSet: 0.1 ms]
   [Eden: 5712.0M(5712.0M)->0.0B(7152.0M) Survivors: 16384.0K->16384.0K Heap: 9086.2M(14336.0M)->3365.0M(14336.0M)]
 [Times: user=0.10 sys=0.00, real=0.03 secs] 
2022-09-28T09:06:48.530-0600: 465041.641: [GC pause (G1 Evacuation Pause) (young), 0.0402375 secs]
   [Parallel Time: 8.2 ms, GC Workers: 8]
      [GC Worker Start (ms): Min: 465041641.4, Avg: 465041645.5, Max: 465041649.5, Diff: 8.1]
      [Ext Root Scanning (ms): Min: 0.0, Avg: 0.8, Max: 3.0, Diff: 3.0, Sum: 6.1]
      [Update RS (ms): Min: 0.0, Avg: 1.9, Max: 3.5, Diff: 3.5, Sum: 15.3]
         [Processed Buffers: Min: 0, Avg: 12.8, Max: 28, Diff: 28, Sum: 102]
      [Scan RS (ms): Min: 0.0, Avg: 0.0, Max: 0.1, Diff: 0.1, Sum: 0.2]
      [Code Root Scanning (ms): Min: 0.0, Avg: 0.0, Max: 0.0, Diff: 0.0, Sum: 0.0]
      [Object Copy (ms): Min: 0.0, Avg: 0.5, Max: 1.1, Diff: 1.1, Sum: 4.4]
      [Termination (ms): Min: 0.0, Avg: 0.9, Max: 1.1, Diff: 1.1, Sum: 6.8]
         [Termination Attempts: Min: 1, Avg: 1.2, Max: 3, Diff: 2, Sum: 10]
      [GC Worker Other (ms): Min: 0.0, Avg: 0.0, Max: 0.0, Diff: 0.0, Sum: 0.0]
      [GC Worker Total (ms): Min: 0.0, Avg: 4.1, Max: 8.2, Diff: 8.1, Sum: 32.8]
      [GC Worker End (ms): Min: 465041649.5, Avg: 465041649.6, Max: 465041649.6, Diff: 0.0]
   [Code Root Fixup: 0.0 ms]
   [Code Root Purge: 0.0 ms]
   [Clear CT: 0.7 ms]
   [Other: 31.3 ms]
      [Choose CSet: 0.0 ms]
      [Ref Proc: 30.9 ms]
      [Ref Enq: 0.1 ms]
      [Redirty Cards: 0.1 ms]
      [Humongous Register: 0.0 ms]
      [Humongous Reclaim: 0.0 ms]
      [Free CSet: 0.1 ms]
   [Eden: 7152.0M(7152.0M)->0.0B(7152.0M) Survivors: 16384.0K->16384.0K Heap: 10517.0M(14336.0M)->3369.7M(14336.0M)]
 [Times: user=0.13 sys=0.00, real=0.04 secs] 
2022-09-28T09:09:07.228-0600: 465180.339: [GC pause (G1 Evacuation Pause) (young) (initial-mark), 0.2388223 secs]
   [Parallel Time: 155.9 ms, GC Workers: 8]
      [GC Worker Start (ms): Min: 465180340.8, Avg: 465180463.1, Max: 465180480.6, Diff: 139.7]
      [Ext Root Scanning (ms): Min: 1.7, Avg: 28.5, Max: 149.3, Diff: 147.6, Sum: 227.8]
      [Update RS (ms): Min: 0.0, Avg: 0.5, Max: 4.0, Diff: 4.0, Sum: 4.0]
         [Processed Buffers: Min: 0, Avg: 5.1, Max: 41, Diff: 41, Sum: 41]
      [Scan RS (ms): Min: 0.0, Avg: 0.0, Max: 0.1, Diff: 0.1, Sum: 0.2]
      [Code Root Scanning (ms): Min: 0.0, Avg: 0.0, Max: 0.0, Diff: 0.0, Sum: 0.0]
      [Object Copy (ms): Min: 0.0, Avg: 0.9, Max: 5.6, Diff: 5.6, Sum: 7.6]
      [Termination (ms): Min: 0.0, Avg: 2.2, Max: 3.9, Diff: 3.9, Sum: 17.9]
         [Termination Attempts: Min: 1, Avg: 4.9, Max: 18, Diff: 17, Sum: 39]
      [GC Worker Other (ms): Min: 0.0, Avg: 0.0, Max: 0.0, Diff: 0.0, Sum: 0.0]
      [GC Worker Total (ms): Min: 14.6, Avg: 32.2, Max: 154.4, Diff: 139.8, Sum: 257.5]
      [GC Worker End (ms): Min: 465180495.2, Avg: 465180495.3, Max: 465180495.3, Diff: 0.2]
   [Code Root Fixup: 0.0 ms]
   [Code Root Purge: 0.0 ms]
   [Clear CT: 16.0 ms]
   [Other: 66.9 ms]
      [Choose CSet: 0.0 ms]
      [Ref Proc: 66.5 ms]
      [Ref Enq: 0.1 ms]
      [Redirty Cards: 0.1 ms]
      [Humongous Register: 0.0 ms]
      [Humongous Reclaim: 0.0 ms]
      [Free CSet: 0.1 ms]
   [Eden: 7152.0M(7152.0M)->0.0B(7152.0M) Survivors: 16384.0K->16384.0K Heap: 10521.7M(14336.0M)->3372.5M(14336.0M)]
 [Times: user=0.31 sys=0.00, real=0.23 secs] 
2022-09-28T09:09:07.467-0600: 465180.578: [GC concurrent-root-region-scan-start]
2022-09-28T09:09:07.473-0600: 465180.584: [GC concurrent-root-region-scan-end, 0.0058855 secs]
2022-09-28T09:09:07.473-0600: 465180.584: [GC concurrent-mark-start]
2022-09-28T09:09:08.783-0600: 465181.894: [GC concurrent-mark-end, 1.3093092 secs]
2022-09-28T09:09:08.783-0600: 465181.894: [GC remark 2022-09-28T09:09:08.783-0600: 465181.894: [Finalize Marking, 0.0022428 secs] 2022-09-28T09:09:08.785-0600: 465181.896: [GC ref-proc, 0.0472372 secs] 2022-09-28T09:09:08.832-0600: 465181.943: [Unloading, 0.0843935 secs], 0.1398986 secs]
 [Times: user=0.34 sys=0.00, real=0.14 secs] 
2022-09-28T09:09:08.923-0600: 465182.034: [GC cleanup 3492M->3492M(14336M), 0.0063343 secs]
 [Times: user=0.02 sys=0.00, real=0.01 secs] 
2022-09-28T09:11:26.328-0600: 465319.439: [GC pause (G1 Evacuation Pause) (young), 0.0379694 secs]
   [Parallel Time: 7.8 ms, GC Workers: 8]
      [GC Worker Start (ms): Min: 465319439.0, Avg: 465319443.4, Max: 465319446.6, Diff: 7.6]
      [Ext Root Scanning (ms): Min: 0.0, Avg: 0.9, Max: 3.1, Diff: 3.1, Sum: 6.8]
      [Update RS (ms): Min: 0.0, Avg: 0.6, Max: 2.0, Diff: 2.0, Sum: 5.0]
         [Processed Buffers: Min: 0, Avg: 4.8, Max: 17, Diff: 17, Sum: 38]
      [Scan RS (ms): Min: 0.0, Avg: 0.0, Max: 0.1, Diff: 0.1, Sum: 0.2]
      [Code Root Scanning (ms): Min: 0.0, Avg: 0.0, Max: 0.0, Diff: 0.0, Sum: 0.0]
      [Object Copy (ms): Min: 0.0, Avg: 0.6, Max: 1.9, Diff: 1.9, Sum: 5.2]
      [Termination (ms): Min: 0.0, Avg: 1.1, Max: 2.0, Diff: 2.0, Sum: 8.8]
         [Termination Attempts: Min: 1, Avg: 1.2, Max: 2, Diff: 1, Sum: 10]
      [GC Worker Other (ms): Min: 0.0, Avg: 0.0, Max: 0.0, Diff: 0.0, Sum: 0.0]
      [GC Worker Total (ms): Min: 0.0, Avg: 3.3, Max: 7.7, Diff: 7.7, Sum: 26.1]
      [GC Worker End (ms): Min: 465319446.6, Avg: 465319446.7, Max: 465319446.8, Diff: 0.2]
   [Code Root Fixup: 0.0 ms]
   [Code Root Purge: 0.0 ms]
   [Clear CT: 0.8 ms]
   [Other: 29.4 ms]
      [Choose CSet: 0.0 ms]
      [Ref Proc: 29.0 ms]
      [Ref Enq: 0.1 ms]
      [Redirty Cards: 0.1 ms]
      [Humongous Register: 0.0 ms]
      [Humongous Reclaim: 0.0 ms]
      [Free CSet: 0.1 ms]
   [Eden: 7152.0M(7152.0M)->0.0B(7152.0M) Survivors: 16384.0K->16384.0K Heap: 10524.5M(14336.0M)->3374.1M(14336.0M)]
 [Times: user=0.11 sys=0.00, real=0.04 secs] 
2022-09-28T09:13:39.729-0600: 465452.840: [GC pause (G1 Evacuation Pause) (young), 0.0774476 secs]
   [Parallel Time: 45.8 ms, GC Workers: 8]
      [GC Worker Start (ms): Min: 465452867.0, Avg: 465452882.4, Max: 465452885.8, Diff: 18.8]
      [Ext Root Scanning (ms): Min: 0.0, Avg: 0.8, Max: 6.3, Diff: 6.3, Sum: 6.4]
      [Update RS (ms): Min: 0.0, Avg: 0.7, Max: 5.6, Diff: 5.6, Sum: 5.6]
         [Processed Buffers: Min: 0, Avg: 5.6, Max: 45, Diff: 45, Sum: 45]
      [Scan RS (ms): Min: 0.0, Avg: 0.0, Max: 0.1, Diff: 0.1, Sum: 0.2]
      [Code Root Scanning (ms): Min: 0.0, Avg: 0.0, Max: 0.0, Diff: 0.0, Sum: 0.0]
      [Object Copy (ms): Min: 0.0, Avg: 0.5, Max: 4.0, Diff: 4.0, Sum: 4.0]
      [Termination (ms): Min: 0.0, Avg: 1.5, Max: 2.7, Diff: 2.7, Sum: 12.0]
         [Termination Attempts: Min: 1, Avg: 1.0, Max: 1, Diff: 0, Sum: 8]
      [GC Worker Other (ms): Min: 0.0, Avg: 0.0, Max: 0.0, Diff: 0.0, Sum: 0.0]
      [GC Worker Total (ms): Min: 0.0, Avg: 3.5, Max: 18.8, Diff: 18.8, Sum: 28.2]
      [GC Worker End (ms): Min: 465452885.8, Avg: 465452885.9, Max: 465452886.0, Diff: 0.2]
   [Code Root Fixup: 0.0 ms]
   [Code Root Purge: 0.0 ms]
   [Clear CT: 1.9 ms]
   [Other: 29.7 ms]
      [Choose CSet: 0.0 ms]
      [Ref Proc: 29.4 ms]
      [Ref Enq: 0.1 ms]
      [Redirty Cards: 0.1 ms]
      [Humongous Register: 0.0 ms]
      [Humongous Reclaim: 0.0 ms]
      [Free CSet: 0.1 ms]
   [Eden: 7152.0M(7152.0M)->0.0B(7152.0M) Survivors: 16384.0K->16384.0K Heap: 10526.1M(14336.0M)->3373.3M(14336.0M)]
 [Times: user=0.12 sys=0.00, real=0.07 secs] 
2022-09-28T09:15:57.287-0600: 465590.398: [GC pause (G1 Evacuation Pause) (young) (initial-mark), 0.5463323 secs]
   [Parallel Time: 246.6 ms, GC Workers: 8]
      [GC Worker Start (ms): Min: 465590398.9, Avg: 465590407.3, Max: 465590413.7, Diff: 14.8]
      [Ext Root Scanning (ms): Min: 2.1, Avg: 13.1, Max: 24.6, Diff: 22.5, Sum: 105.2]
      [Update RS (ms): Min: 0.0, Avg: 0.7, Max: 2.0, Diff: 2.0, Sum: 5.3]
         [Processed Buffers: Min: 0, Avg: 4.6, Max: 19, Diff: 19, Sum: 37]
      [Scan RS (ms): Min: 0.0, Avg: 0.0, Max: 0.1, Diff: 0.1, Sum: 0.2]
      [Code Root Scanning (ms): Min: 0.0, Avg: 0.0, Max: 0.0, Diff: 0.0, Sum: 0.0]
      [Object Copy (ms): Min: 0.0, Avg: 0.7, Max: 1.9, Diff: 1.9, Sum: 5.5]
      [Termination (ms): Min: 0.0, Avg: 2.5, Max: 5.0, Diff: 5.0, Sum: 20.3]
         [Termination Attempts: Min: 1, Avg: 3.6, Max: 12, Diff: 11, Sum: 29]
      [GC Worker Other (ms): Min: 0.0, Avg: 0.0, Max: 0.0, Diff: 0.0, Sum: 0.0]
      [GC Worker Total (ms): Min: 10.7, Avg: 17.1, Max: 25.5, Diff: 14.9, Sum: 136.6]
      [GC Worker End (ms): Min: 465590424.3, Avg: 465590424.4, Max: 465590424.5, Diff: 0.2]
   [Code Root Fixup: 0.0 ms]
   [Code Root Purge: 0.0 ms]
   [Clear CT: 0.8 ms]
   [Other: 298.9 ms]
      [Choose CSet: 0.0 ms]
      [Ref Proc: 298.6 ms]
      [Ref Enq: 0.1 ms]
      [Redirty Cards: 0.1 ms]
      [Humongous Register: 0.0 ms]
      [Humongous Reclaim: 0.0 ms]
      [Free CSet: 0.1 ms]
   [Eden: 7152.0M(7152.0M)->0.0B(5712.0M) Survivors: 16384.0K->16384.0K Heap: 10525.3M(14336.0M)->3375.2M(14336.0M)]
 [Times: user=1.08 sys=0.00, real=0.55 secs] 
2022-09-28T09:15:57.833-0600: 465590.944: [GC concurrent-root-region-scan-start]
2022-09-28T09:15:57.837-0600: 465590.948: [GC concurrent-root-region-scan-end, 0.0044575 secs]
2022-09-28T09:15:57.837-0600: 465590.948: [GC concurrent-mark-start]
2022-09-28T09:15:59.155-0600: 465592.266: [GC concurrent-mark-end, 1.3178385 secs]
2022-09-28T09:15:59.155-0600: 465592.266: [GC remark 2022-09-28T09:15:59.155-0600: 465592.266: [Finalize Marking, 0.0025404 secs] 2022-09-28T09:15:59.158-0600: 465592.269: [GC ref-proc, 0.0267877 secs] 2022-09-28T09:15:59.185-0600: 465592.296: [Unloading, 0.0281483 secs], 0.0612692 secs]
 [Times: user=0.24 sys=0.00, real=0.06 secs] 
2022-09-28T09:15:59.217-0600: 465592.328: [GC cleanup 3487M->3487M(14336M), 0.0098204 secs]
 [Times: user=0.02 sys=0.00, real=0.01 secs] 
2022-09-28T09:17:44.442-0600: 465697.553: [GC pause (G1 Evacuation Pause) (young), 0.1464406 secs]
   [Parallel Time: 6.8 ms, GC Workers: 8]
      [GC Worker Start (ms): Min: 465697553.3, Avg: 465697554.0, Max: 465697555.5, Diff: 2.2]
      [Ext Root Scanning (ms): Min: 0.0, Avg: 3.1, Max: 6.1, Diff: 6.1, Sum: 24.5]
      [Update RS (ms): Min: 0.0, Avg: 0.7, Max: 1.7, Diff: 1.7, Sum: 5.3]
         [Processed Buffers: Min: 0, Avg: 5.0, Max: 17, Diff: 17, Sum: 40]
      [Scan RS (ms): Min: 0.0, Avg: 0.0, Max: 0.1, Diff: 0.1, Sum: 0.2]
      [Code Root Scanning (ms): Min: 0.0, Avg: 0.0, Max: 0.0, Diff: 0.0, Sum: 0.0]
      [Object Copy (ms): Min: 0.0, Avg: 1.1, Max: 3.6, Diff: 3.6, Sum: 9.0]
      [Termination (ms): Min: 0.0, Avg: 0.8, Max: 1.3, Diff: 1.3, Sum: 6.2]
         [Termination Attempts: Min: 1, Avg: 3.5, Max: 10, Diff: 9, Sum: 28]
      [GC Worker Other (ms): Min: 0.0, Avg: 0.0, Max: 0.0, Diff: 0.0, Sum: 0.0]
      [GC Worker Total (ms): Min: 4.1, Avg: 5.6, Max: 6.3, Diff: 2.2, Sum: 45.2]
      [GC Worker End (ms): Min: 465697559.6, Avg: 465697559.6, Max: 465697559.6, Diff: 0.0]
   [Code Root Fixup: 0.0 ms]
   [Code Root Purge: 0.0 ms]
   [Clear CT: 4.4 ms]
   [Other: 135.3 ms]
      [Choose CSet: 0.0 ms]
      [Ref Proc: 134.8 ms]
      [Ref Enq: 0.2 ms]
      [Redirty Cards: 0.2 ms]
      [Humongous Register: 0.0 ms]
      [Humongous Reclaim: 0.0 ms]
      [Free CSet: 0.1 ms]
   [Eden: 5712.0M(5712.0M)->0.0B(5712.0M) Survivors: 16384.0K->16384.0K Heap: 9087.2M(14336.0M)->3376.5M(14336.0M)]
 [Times: user=0.88 sys=0.00, real=0.15 secs] 
2022-09-28T09:19:31.288-0600: 465804.399: [GC pause (G1 Evacuation Pause) (mixed), 0.1708871 secs]
   [Parallel Time: 19.0 ms, GC Workers: 8]
      [GC Worker Start (ms): Min: 465804399.2, Avg: 465804404.0, Max: 465804410.4, Diff: 11.2]
      [Ext Root Scanning (ms): Min: 0.0, Avg: 1.9, Max: 7.8, Diff: 7.8, Sum: 14.8]
      [Update RS (ms): Min: 0.0, Avg: 0.6, Max: 2.1, Diff: 2.1, Sum: 5.1]
         [Processed Buffers: Min: 0, Avg: 4.6, Max: 24, Diff: 24, Sum: 37]
      [Scan RS (ms): Min: 0.0, Avg: 0.5, Max: 1.3, Diff: 1.3, Sum: 3.6]
      [Code Root Scanning (ms): Min: 0.0, Avg: 0.0, Max: 0.0, Diff: 0.0, Sum: 0.0]
      [Object Copy (ms): Min: 0.0, Avg: 2.5, Max: 4.8, Diff: 4.8, Sum: 19.9]
      [Termination (ms): Min: 0.0, Avg: 1.0, Max: 1.2, Diff: 1.2, Sum: 7.9]
         [Termination Attempts: Min: 1, Avg: 39.0, Max: 81, Diff: 80, Sum: 312]
      [GC Worker Other (ms): Min: 0.0, Avg: 0.0, Max: 0.0, Diff: 0.0, Sum: 0.1]
      [GC Worker Total (ms): Min: 0.0, Avg: 6.4, Max: 11.2, Diff: 11.2, Sum: 51.4]
      [GC Worker End (ms): Min: 465804410.4, Avg: 465804410.4, Max: 465804410.4, Diff: 0.0]
   [Code Root Fixup: 0.0 ms]
   [Code Root Purge: 0.0 ms]
   [Clear CT: 1.0 ms]
   [Other: 151.0 ms]
      [Choose CSet: 0.0 ms]
      [Ref Proc: 150.6 ms]
      [Ref Enq: 0.0 ms]
      [Redirty Cards: 0.1 ms]
      [Humongous Register: 0.0 ms]
      [Humongous Reclaim: 0.0 ms]
      [Free CSet: 0.1 ms]
   [Eden: 5712.0M(5712.0M)->0.0B(5712.0M) Survivors: 16384.0K->16384.0K Heap: 9088.5M(14336.0M)->3367.7M(14336.0M)]
 [Times: user=0.25 sys=0.03, real=0.16 secs] 
2022-09-28T09:21:25.178-0600: 465918.289: [GC pause (G1 Evacuation Pause) (young), 0.1528875 secs]
   [Parallel Time: 124.5 ms, GC Workers: 8]
      [GC Worker Start (ms): Min: 465918289.1, Avg: 465918381.2, Max: 465918395.6, Diff: 106.5]
      [Ext Root Scanning (ms): Min: 0.0, Avg: 0.7, Max: 5.4, Diff: 5.4, Sum: 5.5]
      [Update RS (ms): Min: 0.0, Avg: 1.6, Max: 12.5, Diff: 12.5, Sum: 12.5]
         [Processed Buffers: Min: 0, Avg: 11.1, Max: 89, Diff: 89, Sum: 89]
      [Scan RS (ms): Min: 0.0, Avg: 0.0, Max: 0.1, Diff: 0.1, Sum: 0.1]
      [Code Root Scanning (ms): Min: 0.0, Avg: 0.0, Max: 0.0, Diff: 0.0, Sum: 0.0]
      [Object Copy (ms): Min: 0.0, Avg: 0.4, Max: 2.9, Diff: 2.9, Sum: 2.9]
      [Termination (ms): Min: 0.0, Avg: 14.0, Max: 85.8, Diff: 85.8, Sum: 111.8]
         [Termination Attempts: Min: 1, Avg: 1.0, Max: 1, Diff: 0, Sum: 8]
      [GC Worker Other (ms): Min: 0.0, Avg: 0.0, Max: 0.0, Diff: 0.0, Sum: 0.0]
      [GC Worker Total (ms): Min: 0.0, Avg: 16.6, Max: 106.7, Diff: 106.7, Sum: 132.9]
      [GC Worker End (ms): Min: 465918395.6, Avg: 465918397.9, Max: 465918413.2, Diff: 17.6]
   [Code Root Fixup: 0.0 ms]
   [Code Root Purge: 0.0 ms]
   [Clear CT: 0.7 ms]
   [Other: 27.6 ms]
      [Choose CSet: 0.0 ms]
      [Ref Proc: 27.3 ms]
      [Ref Enq: 0.1 ms]
      [Redirty Cards: 0.1 ms]
      [Humongous Register: 0.0 ms]
      [Humongous Reclaim: 0.0 ms]
      [Free CSet: 0.1 ms]
   [Eden: 5712.0M(5712.0M)->0.0B(5712.0M) Survivors: 16384.0K->16384.0K Heap: 9079.7M(14336.0M)->3368.6M(14336.0M)]
 [Times: user=0.23 sys=0.00, real=0.16 secs] 
2022-09-28T09:23:15.129-0600: 466028.240: [GC pause (G1 Evacuation Pause) (young) (initial-mark), 0.0952738 secs]
   [Parallel Time: 42.9 ms, GC Workers: 8]
      [GC Worker Start (ms): Min: 466028241.2, Avg: 466028266.5, Max: 466028274.8, Diff: 33.7]
      [Ext Root Scanning (ms): Min: 2.5, Avg: 12.1, Max: 36.0, Diff: 33.5, Sum: 97.0]
      [Update RS (ms): Min: 0.0, Avg: 1.1, Max: 4.3, Diff: 4.3, Sum: 8.6]
         [Processed Buffers: Min: 0, Avg: 4.4, Max: 10, Diff: 10, Sum: 35]
      [Scan RS (ms): Min: 0.0, Avg: 0.0, Max: 0.1, Diff: 0.1, Sum: 0.3]
      [Code Root Scanning (ms): Min: 0.0, Avg: 0.0, Max: 0.0, Diff: 0.0, Sum: 0.0]
      [Object Copy (ms): Min: 0.0, Avg: 1.6, Max: 4.1, Diff: 4.1, Sum: 12.8]
      [Termination (ms): Min: 0.0, Avg: 1.3, Max: 1.8, Diff: 1.8, Sum: 10.5]
         [Termination Attempts: Min: 1, Avg: 1.8, Max: 5, Diff: 4, Sum: 14]
      [GC Worker Other (ms): Min: 0.0, Avg: 0.0, Max: 0.0, Diff: 0.0, Sum: 0.0]
      [GC Worker Total (ms): Min: 7.8, Avg: 16.2, Max: 41.5, Diff: 33.8, Sum: 129.3]
      [GC Worker End (ms): Min: 466028282.6, Avg: 466028282.7, Max: 466028282.7, Diff: 0.2]
   [Code Root Fixup: 0.0 ms]
   [Code Root Purge: 0.0 ms]
   [Clear CT: 0.6 ms]
   [Other: 51.8 ms]
      [Choose CSet: 0.0 ms]
      [Ref Proc: 51.3 ms]
      [Ref Enq: 0.1 ms]
      [Redirty Cards: 0.1 ms]
      [Humongous Register: 0.0 ms]
      [Humongous Reclaim: 0.0 ms]
      [Free CSet: 0.1 ms]
   [Eden: 5712.0M(5712.0M)->0.0B(5712.0M) Survivors: 16384.0K->16384.0K Heap: 9080.6M(14336.0M)->3371.1M(14336.0M)]
 [Times: user=0.17 sys=0.00, real=0.09 secs] 
2022-09-28T09:23:15.224-0600: 466028.335: [GC concurrent-root-region-scan-start]
2022-09-28T09:23:15.228-0600: 466028.339: [GC concurrent-root-region-scan-end, 0.0039451 secs]
2022-09-28T09:23:15.228-0600: 466028.339: [GC concurrent-mark-start]
2022-09-28T09:23:16.596-0600: 466029.707: [GC concurrent-mark-end, 1.3676431 secs]
2022-09-28T09:23:16.596-0600: 466029.707: [GC remark 2022-09-28T09:23:16.596-0600: 466029.707: [Finalize Marking, 0.0087957 secs] 2022-09-28T09:23:16.605-0600: 466029.716: [GC ref-proc, 0.0442037 secs] 2022-09-28T09:23:16.649-0600: 466029.760: [Unloading, 0.0303516 secs], 0.0932366 secs]
 [Times: user=0.24 sys=0.00, real=0.10 secs] 
2022-09-28T09:23:16.690-0600: 466029.800: [GC cleanup 3491M->3491M(14336M), 0.0093383 secs]
 [Times: user=0.02 sys=0.00, real=0.00 secs] 
2022-09-28T09:25:01.291-0600: 466134.402: [GC pause (G1 Evacuation Pause) (young), 0.3934741 secs]
   [Parallel Time: 329.0 ms, GC Workers: 8]
      [GC Worker Start (ms): Min: 466134586.4, Avg: 466134682.2, Max: 466134730.2, Diff: 143.8]
      [Ext Root Scanning (ms): Min: 0.0, Avg: 0.8, Max: 3.5, Diff: 3.5, Sum: 6.7]
      [Update RS (ms): Min: 0.0, Avg: 0.5, Max: 2.2, Diff: 2.2, Sum: 4.2]
         [Processed Buffers: Min: 0, Avg: 4.8, Max: 19, Diff: 19, Sum: 38]
      [Scan RS (ms): Min: 0.0, Avg: 0.0, Max: 0.1, Diff: 0.1, Sum: 0.1]
      [Code Root Scanning (ms): Min: 0.0, Avg: 0.0, Max: 0.0, Diff: 0.0, Sum: 0.0]
      [Object Copy (ms): Min: 0.0, Avg: 0.4, Max: 1.7, Diff: 1.7, Sum: 3.2]
      [Termination (ms): Min: 0.0, Avg: 46.2, Max: 136.9, Diff: 136.9, Sum: 370.0]
         [Termination Attempts: Min: 1, Avg: 1.2, Max: 3, Diff: 2, Sum: 10]
      [GC Worker Other (ms): Min: 0.0, Avg: 0.0, Max: 0.0, Diff: 0.0, Sum: 0.0]
      [GC Worker Total (ms): Min: 0.0, Avg: 48.0, Max: 143.9, Diff: 143.9, Sum: 384.2]
      [GC Worker End (ms): Min: 466134730.2, Avg: 466134730.3, Max: 466134730.4, Diff: 0.2]
   [Code Root Fixup: 0.0 ms]
   [Code Root Purge: 0.0 ms]
   [Clear CT: 0.8 ms]
   [Other: 63.6 ms]
      [Choose CSet: 0.0 ms]
      [Ref Proc: 63.3 ms]
      [Ref Enq: 0.1 ms]
      [Redirty Cards: 0.1 ms]
      [Humongous Register: 0.0 ms]
      [Humongous Reclaim: 0.0 ms]
      [Free CSet: 0.1 ms]
   [Eden: 5712.0M(5712.0M)->0.0B(5712.0M) Survivors: 16384.0K->16384.0K Heap: 9083.1M(14336.0M)->3371.1M(14336.0M)]
 [Times: user=0.54 sys=0.00, real=0.39 secs] 
2022-09-28T09:26:49.327-0600: 466242.438: [GC pause (G1 Evacuation Pause) (young), 0.0231787 secs]
   [Parallel Time: 6.1 ms, GC Workers: 8]
      [GC Worker Start (ms): Min: 466242438.3, Avg: 466242440.4, Max: 466242442.2, Diff: 3.9]
      [Ext Root Scanning (ms): Min: 0.0, Avg: 0.8, Max: 3.1, Diff: 3.1, Sum: 6.5]
      [Update RS (ms): Min: 0.0, Avg: 0.5, Max: 1.4, Diff: 1.4, Sum: 3.9]
         [Processed Buffers: Min: 0, Avg: 4.0, Max: 18, Diff: 18, Sum: 32]
      [Scan RS (ms): Min: 0.0, Avg: 0.0, Max: 0.1, Diff: 0.1, Sum: 0.1]
      [Code Root Scanning (ms): Min: 0.0, Avg: 0.0, Max: 0.0, Diff: 0.0, Sum: 0.0]
      [Object Copy (ms): Min: 0.8, Avg: 1.6, Max: 2.0, Diff: 1.1, Sum: 12.5]
      [Termination (ms): Min: 0.0, Avg: 0.9, Max: 1.2, Diff: 1.2, Sum: 7.5]
         [Termination Attempts: Min: 1, Avg: 12.8, Max: 30, Diff: 29, Sum: 102]
      [GC Worker Other (ms): Min: 0.0, Avg: 0.0, Max: 0.0, Diff: 0.0, Sum: 0.0]
      [GC Worker Total (ms): Min: 2.0, Avg: 3.8, Max: 5.9, Diff: 3.9, Sum: 30.6]
      [GC Worker End (ms): Min: 466242444.2, Avg: 466242444.2, Max: 466242444.3, Diff: 0.1]
   [Code Root Fixup: 0.0 ms]
   [Code Root Purge: 0.0 ms]
   [Clear CT: 0.5 ms]
   [Other: 16.6 ms]
      [Choose CSet: 0.0 ms]
      [Ref Proc: 16.2 ms]
      [Ref Enq: 0.1 ms]
      [Redirty Cards: 0.1 ms]
      [Humongous Register: 0.0 ms]
      [Humongous Reclaim: 0.0 ms]
      [Free CSet: 0.1 ms]
   [Eden: 5712.0M(5712.0M)->0.0B(5712.0M) Survivors: 16384.0K->16384.0K Heap: 9083.1M(14336.0M)->3373.1M(14336.0M)]
 [Times: user=0.09 sys=0.00, real=0.03 secs] 
2022-09-28T09:28:37.178-0600: 466350.289: [GC pause (G1 Evacuation Pause) (young) (initial-mark), 0.1492334 secs]
   [Parallel Time: 119.1 ms, GC Workers: 8]
      [GC Worker Start (ms): Min: 466350291.1, Avg: 466350305.2, Max: 466350396.7, Diff: 105.6]
      [Ext Root Scanning (ms): Min: 2.2, Avg: 98.2, Max: 116.7, Diff: 114.5, Sum: 785.7]
      [Update RS (ms): Min: 0.0, Avg: 0.7, Max: 1.9, Diff: 1.9, Sum: 5.4]
         [Processed Buffers: Min: 0, Avg: 5.1, Max: 20, Diff: 20, Sum: 41]
      [Scan RS (ms): Min: 0.0, Avg: 0.0, Max: 0.1, Diff: 0.1, Sum: 0.2]
      [Code Root Scanning (ms): Min: 0.0, Avg: 0.0, Max: 0.0, Diff: 0.0, Sum: 0.0]
      [Object Copy (ms): Min: 0.0, Avg: 0.9, Max: 2.5, Diff: 2.5, Sum: 7.6]
      [Termination (ms): Min: 0.0, Avg: 3.1, Max: 5.4, Diff: 5.4, Sum: 25.1]
         [Termination Attempts: Min: 1, Avg: 5.6, Max: 19, Diff: 18, Sum: 45]
      [GC Worker Other (ms): Min: 0.0, Avg: 0.0, Max: 0.0, Diff: 0.0, Sum: 0.0]
      [GC Worker Total (ms): Min: 11.5, Avg: 103.0, Max: 117.1, Diff: 105.5, Sum: 824.0]
      [GC Worker End (ms): Min: 466350408.1, Avg: 466350408.2, Max: 466350408.2, Diff: 0.1]
   [Code Root Fixup: 0.0 ms]
   [Code Root Purge: 0.0 ms]
   [Clear CT: 0.5 ms]
   [Other: 29.7 ms]
      [Choose CSet: 0.0 ms]
      [Ref Proc: 29.3 ms]
      [Ref Enq: 0.1 ms]
      [Redirty Cards: 0.1 ms]
      [Humongous Register: 0.0 ms]
      [Humongous Reclaim: 0.0 ms]
      [Free CSet: 0.1 ms]
   [Eden: 5712.0M(5712.0M)->0.0B(5712.0M) Survivors: 16384.0K->16384.0K Heap: 9085.1M(14336.0M)->3373.1M(14336.0M)]
 [Times: user=0.16 sys=0.00, real=0.15 secs] 
2022-09-28T09:28:37.328-0600: 466350.438: [GC concurrent-root-region-scan-start]
2022-09-28T09:28:37.332-0600: 466350.442: [GC concurrent-root-region-scan-end, 0.0039876 secs]
2022-09-28T09:28:37.332-0600: 466350.442: [GC concurrent-mark-start]
2022-09-28T09:28:38.604-0600: 466351.715: [GC concurrent-mark-end, 1.2722675 secs]
2022-09-28T09:28:38.604-0600: 466351.715: [GC remark 2022-09-28T09:28:38.604-0600: 466351.715: [Finalize Marking, 0.0164157 secs] 2022-09-28T09:28:38.620-0600: 466351.731: [GC ref-proc, 0.1430935 secs] 2022-09-28T09:28:38.764-0600: 466351.875: [Unloading, 0.0283370 secs], 0.1916102 secs]
 [Times: user=1.21 sys=0.00, real=0.19 secs] 
2022-09-28T09:28:38.796-0600: 466351.907: [GC cleanup 3469M->3469M(14336M), 0.0089226 secs]
 [Times: user=0.02 sys=0.00, real=0.01 secs] 
2022-09-28T09:30:24.894-0600: 466458.005: [GC pause (G1 Evacuation Pause) (young), 0.0233665 secs]
   [Parallel Time: 6.7 ms, GC Workers: 8]
      [GC Worker Start (ms): Min: 466458005.2, Avg: 466458005.8, Max: 466458005.9, Diff: 0.7]
      [Ext Root Scanning (ms): Min: 1.1, Avg: 2.7, Max: 5.1, Diff: 4.0, Sum: 21.7]
      [Update RS (ms): Min: 0.0, Avg: 0.6, Max: 1.5, Diff: 1.5, Sum: 5.1]
         [Processed Buffers: Min: 0, Avg: 4.2, Max: 10, Diff: 10, Sum: 34]
      [Scan RS (ms): Min: 0.0, Avg: 0.0, Max: 0.1, Diff: 0.1, Sum: 0.2]
      [Code Root Scanning (ms): Min: 0.0, Avg: 0.0, Max: 0.0, Diff: 0.0, Sum: 0.0]
      [Object Copy (ms): Min: 0.0, Avg: 1.2, Max: 3.2, Diff: 3.2, Sum: 9.3]
      [Termination (ms): Min: 0.0, Avg: 1.3, Max: 1.9, Diff: 1.9, Sum: 10.7]
         [Termination Attempts: Min: 1, Avg: 5.1, Max: 10, Diff: 9, Sum: 41]
      [GC Worker Other (ms): Min: 0.0, Avg: 0.0, Max: 0.0, Diff: 0.0, Sum: 0.0]
      [GC Worker Total (ms): Min: 5.7, Avg: 5.9, Max: 6.6, Diff: 0.9, Sum: 47.1]
      [GC Worker End (ms): Min: 466458011.7, Avg: 466458011.7, Max: 466458011.8, Diff: 0.2]
   [Code Root Fixup: 0.0 ms]
   [Code Root Purge: 0.0 ms]
   [Clear CT: 0.5 ms]
   [Other: 16.2 ms]
      [Choose CSet: 0.0 ms]
      [Ref Proc: 15.9 ms]
      [Ref Enq: 0.1 ms]
      [Redirty Cards: 0.1 ms]
      [Humongous Register: 0.0 ms]
      [Humongous Reclaim: 0.0 ms]
      [Free CSet: 0.1 ms]
   [Eden: 5712.0M(5712.0M)->0.0B(5712.0M) Survivors: 16384.0K->16384.0K Heap: 9085.1M(14336.0M)->3374.9M(14336.0M)]
 [Times: user=0.08 sys=0.00, real=0.02 secs] 
2022-09-28T09:32:09.680-0600: 466562.791: [GC pause (G1 Evacuation Pause) (mixed), 0.1813204 secs]
   [Parallel Time: 22.0 ms, GC Workers: 8]
      [GC Worker Start (ms): Min: 466562790.9, Avg: 466562799.5, Max: 466562812.7, Diff: 21.8]
      [Ext Root Scanning (ms): Min: 0.0, Avg: 0.9, Max: 3.6, Diff: 3.6, Sum: 7.1]
      [Update RS (ms): Min: 0.0, Avg: 0.6, Max: 1.7, Diff: 1.7, Sum: 4.7]
         [Processed Buffers: Min: 0, Avg: 4.6, Max: 20, Diff: 20, Sum: 37]
      [Scan RS (ms): Min: 0.0, Avg: 0.4, Max: 1.0, Diff: 1.0, Sum: 3.2]
      [Code Root Scanning (ms): Min: 0.0, Avg: 0.0, Max: 0.0, Diff: 0.0, Sum: 0.0]
      [Object Copy (ms): Min: 0.0, Avg: 3.0, Max: 5.1, Diff: 5.1, Sum: 24.4]
      [Termination (ms): Min: 0.0, Avg: 8.3, Max: 13.0, Diff: 13.0, Sum: 66.5]
         [Termination Attempts: Min: 1, Avg: 4.9, Max: 15, Diff: 14, Sum: 39]
      [GC Worker Other (ms): Min: 0.0, Avg: 0.0, Max: 0.0, Diff: 0.0, Sum: 0.1]
      [GC Worker Total (ms): Min: 0.0, Avg: 13.3, Max: 21.9, Diff: 21.9, Sum: 106.1]
      [GC Worker End (ms): Min: 466562812.7, Avg: 466562812.7, Max: 466562812.8, Diff: 0.1]
   [Code Root Fixup: 0.0 ms]
   [Code Root Purge: 0.0 ms]
   [Clear CT: 0.9 ms]
   [Other: 158.4 ms]
      [Choose CSet: 0.0 ms]
      [Ref Proc: 157.8 ms]
      [Ref Enq: 0.2 ms]
      [Redirty Cards: 0.2 ms]
      [Humongous Register: 0.0 ms]
      [Humongous Reclaim: 0.0 ms]
      [Free CSet: 0.2 ms]
   [Eden: 5712.0M(5712.0M)->0.0B(7152.0M) Survivors: 16384.0K->16384.0K Heap: 9086.9M(14336.0M)->3368.8M(14336.0M)]
 [Times: user=0.38 sys=0.00, real=0.19 secs] 
2022-09-28T09:34:22.286-0600: 466695.397: [GC pause (G1 Evacuation Pause) (young), 0.1617976 secs]
   [Parallel Time: 9.4 ms, GC Workers: 8]
      [GC Worker Start (ms): Min: 466695397.2, Avg: 466695400.8, Max: 466695405.9, Diff: 8.6]
      [Ext Root Scanning (ms): Min: 0.0, Avg: 0.9, Max: 3.0, Diff: 3.0, Sum: 7.3]
      [Update RS (ms): Min: 0.0, Avg: 2.3, Max: 4.1, Diff: 4.1, Sum: 18.6]
         [Processed Buffers: Min: 0, Avg: 14.2, Max: 28, Diff: 28, Sum: 114]
      [Scan RS (ms): Min: 0.0, Avg: 0.0, Max: 0.1, Diff: 0.1, Sum: 0.2]
      [Code Root Scanning (ms): Min: 0.0, Avg: 0.0, Max: 0.0, Diff: 0.0, Sum: 0.0]
      [Object Copy (ms): Min: 0.0, Avg: 0.8, Max: 1.4, Diff: 1.4, Sum: 6.2]
      [Termination (ms): Min: 0.0, Avg: 1.5, Max: 2.3, Diff: 2.3, Sum: 12.3]
         [Termination Attempts: Min: 1, Avg: 4.1, Max: 10, Diff: 9, Sum: 33]
      [GC Worker Other (ms): Min: 0.0, Avg: 0.1, Max: 1.0, Diff: 1.0, Sum: 1.0]
      [GC Worker Total (ms): Min: 0.6, Avg: 5.7, Max: 9.3, Diff: 8.7, Sum: 45.6]
      [GC Worker End (ms): Min: 466695406.5, Avg: 466695406.5, Max: 466695406.6, Diff: 0.1]
   [Code Root Fixup: 0.0 ms]
   [Code Root Purge: 0.0 ms]
   [Clear CT: 1.0 ms]
   [Other: 151.3 ms]
      [Choose CSet: 0.0 ms]
      [Ref Proc: 151.0 ms]
      [Ref Enq: 0.0 ms]
      [Redirty Cards: 0.0 ms]
      [Humongous Register: 0.0 ms]
      [Humongous Reclaim: 0.0 ms]
      [Free CSet: 0.2 ms]
   [Eden: 7152.0M(7152.0M)->0.0B(7152.0M) Survivors: 16384.0K->16384.0K Heap: 10520.8M(14336.0M)->3372.9M(14336.0M)]
 [Times: user=0.86 sys=0.00, real=0.16 secs] 
2022-09-28T09:36:38.404-0600: 466831.515: [GC pause (G1 Evacuation Pause) (young) (initial-mark), 0.0497949 secs]
   [Parallel Time: 16.3 ms, GC Workers: 8]
      [GC Worker Start (ms): Min: 466831516.0, Avg: 466831519.5, Max: 466831520.3, Diff: 4.3]
      [Ext Root Scanning (ms): Min: 1.5, Avg: 7.7, Max: 10.6, Diff: 9.2, Sum: 61.3]
      [Update RS (ms): Min: 0.0, Avg: 0.7, Max: 2.7, Diff: 2.7, Sum: 5.2]
         [Processed Buffers: Min: 0, Avg: 4.1, Max: 17, Diff: 17, Sum: 33]
      [Scan RS (ms): Min: 0.0, Avg: 0.0, Max: 0.1, Diff: 0.1, Sum: 0.2]
      [Code Root Scanning (ms): Min: 0.0, Avg: 0.0, Max: 0.0, Diff: 0.0, Sum: 0.0]
      [Object Copy (ms): Min: 0.0, Avg: 0.5, Max: 2.0, Diff: 2.0, Sum: 4.2]
      [Termination (ms): Min: 0.0, Avg: 2.6, Max: 4.7, Diff: 4.7, Sum: 21.1]
         [Termination Attempts: Min: 1, Avg: 1.5, Max: 5, Diff: 4, Sum: 12]
      [GC Worker Other (ms): Min: 0.0, Avg: 0.0, Max: 0.0, Diff: 0.0, Sum: 0.0]
      [GC Worker Total (ms): Min: 10.7, Avg: 11.5, Max: 15.0, Diff: 4.3, Sum: 92.0]
      [GC Worker End (ms): Min: 466831530.9, Avg: 466831531.0, Max: 466831531.0, Diff: 0.1]
   [Code Root Fixup: 0.0 ms]
   [Code Root Purge: 0.0 ms]
   [Clear CT: 0.8 ms]
   [Other: 32.6 ms]
      [Choose CSet: 0.0 ms]
      [Ref Proc: 32.3 ms]
      [Ref Enq: 0.1 ms]
      [Redirty Cards: 0.1 ms]
      [Humongous Register: 0.0 ms]
      [Humongous Reclaim: 0.0 ms]
      [Free CSet: 0.1 ms]
   [Eden: 7152.0M(7152.0M)->0.0B(7152.0M) Survivors: 16384.0K->16384.0K Heap: 10524.9M(14336.0M)->3373.1M(14336.0M)]
 [Times: user=0.15 sys=0.00, real=0.05 secs] 
2022-09-28T09:36:38.454-0600: 466831.565: [GC concurrent-root-region-scan-start]
2022-09-28T09:36:38.458-0600: 466831.569: [GC concurrent-root-region-scan-end, 0.0042229 secs]
2022-09-28T09:36:38.458-0600: 466831.569: [GC concurrent-mark-start]
2022-09-28T09:36:39.769-0600: 466832.880: [GC concurrent-mark-end, 1.3107593 secs]
2022-09-28T09:36:39.769-0600: 466832.880: [GC remark 2022-09-28T09:36:39.769-0600: 466832.880: [Finalize Marking, 0.0030500 secs] 2022-09-28T09:36:39.772-0600: 466832.883: [GC ref-proc, 0.0408162 secs] 2022-09-28T09:36:39.813-0600: 466832.924: [Unloading, 0.0332055 secs], 0.0871236 secs]
 [Times: user=0.22 sys=0.00, real=0.08 secs] 
2022-09-28T09:36:39.856-0600: 466832.967: [GC cleanup 3453M->3453M(14336M), 0.0093599 secs]
 [Times: user=0.02 sys=0.00, real=0.01 secs] 
2022-09-28T09:38:54.293-0600: 466967.404: [GC pause (G1 Evacuation Pause) (young), 0.0543852 secs]
   [Parallel Time: 6.9 ms, GC Workers: 8]
      [GC Worker Start (ms): Min: 466967403.7, Avg: 466967407.6, Max: 466967410.5, Diff: 6.8]
      [Ext Root Scanning (ms): Min: 0.0, Avg: 0.7, Max: 2.9, Diff: 2.9, Sum: 5.9]
      [Update RS (ms): Min: 0.0, Avg: 0.6, Max: 1.9, Diff: 1.9, Sum: 4.5]
         [Processed Buffers: Min: 0, Avg: 4.8, Max: 20, Diff: 20, Sum: 38]
      [Scan RS (ms): Min: 0.0, Avg: 0.0, Max: 0.1, Diff: 0.1, Sum: 0.2]
      [Code Root Scanning (ms): Min: 0.0, Avg: 0.0, Max: 0.0, Diff: 0.0, Sum: 0.0]
      [Object Copy (ms): Min: 0.0, Avg: 0.5, Max: 1.5, Diff: 1.5, Sum: 4.2]
      [Termination (ms): Min: 0.0, Avg: 1.0, Max: 1.8, Diff: 1.8, Sum: 8.2]
         [Termination Attempts: Min: 1, Avg: 2.0, Max: 5, Diff: 4, Sum: 16]
      [GC Worker Other (ms): Min: 0.0, Avg: 0.0, Max: 0.0, Diff: 0.0, Sum: 0.0]
      [GC Worker Total (ms): Min: 0.0, Avg: 2.9, Max: 6.8, Diff: 6.8, Sum: 23.0]
      [GC Worker End (ms): Min: 466967410.5, Avg: 466967410.5, Max: 466967410.5, Diff: 0.0]
   [Code Root Fixup: 0.0 ms]
   [Code Root Purge: 0.0 ms]
   [Clear CT: 1.0 ms]
   [Other: 46.5 ms]
      [Choose CSet: 0.0 ms]
      [Ref Proc: 46.1 ms]
      [Ref Enq: 0.1 ms]
      [Redirty Cards: 0.1 ms]
      [Humongous Register: 0.0 ms]
      [Humongous Reclaim: 0.0 ms]
      [Free CSet: 0.1 ms]
   [Eden: 7152.0M(7152.0M)->0.0B(5712.0M) Survivors: 16384.0K->16384.0K Heap: 10525.1M(14336.0M)->3374.2M(14336.0M)]
 [Times: user=0.12 sys=0.00, real=0.05 secs] 
2022-09-28T09:40:45.514-0600: 467078.625: [GC pause (G1 Evacuation Pause) (mixed), 0.5687078 secs]
   [Parallel Time: 86.6 ms, GC Workers: 8]
      [GC Worker Start (ms): Min: 467078625.0, Avg: 467078628.0, Max: 467078634.0, Diff: 9.0]
      [Ext Root Scanning (ms): Min: 0.0, Avg: 1.3, Max: 3.3, Diff: 3.3, Sum: 10.7]
      [Update RS (ms): Min: 0.0, Avg: 0.7, Max: 1.4, Diff: 1.4, Sum: 5.3]
         [Processed Buffers: Min: 0, Avg: 4.0, Max: 8, Diff: 8, Sum: 32]
      [Scan RS (ms): Min: 0.0, Avg: 0.8, Max: 1.4, Diff: 1.4, Sum: 6.5]
      [Code Root Scanning (ms): Min: 0.0, Avg: 0.1, Max: 0.7, Diff: 0.7, Sum: 0.7]
      [Object Copy (ms): Min: 0.0, Avg: 11.8, Max: 76.4, Diff: 76.4, Sum: 94.2]
      [Termination (ms): Min: 0.0, Avg: 63.8, Max: 73.2, Diff: 73.2, Sum: 510.5]
         [Termination Attempts: Min: 1, Avg: 14.2, Max: 25, Diff: 24, Sum: 114]
      [GC Worker Other (ms): Min: 0.0, Avg: 0.0, Max: 0.0, Diff: 0.0, Sum: 0.0]
      [GC Worker Total (ms): Min: 72.5, Avg: 78.5, Max: 81.5, Diff: 9.1, Sum: 628.0]
      [GC Worker End (ms): Min: 467078706.5, Avg: 467078706.5, Max: 467078706.6, Diff: 0.1]
   [Code Root Fixup: 0.0 ms]
   [Code Root Purge: 0.0 ms]
   [Clear CT: 0.6 ms]
   [Other: 481.5 ms]
      [Choose CSet: 0.0 ms]
      [Ref Proc: 481.0 ms]
      [Ref Enq: 0.1 ms]
      [Redirty Cards: 0.1 ms]
      [Humongous Register: 0.0 ms]
      [Humongous Reclaim: 0.0 ms]
      [Free CSet: 0.1 ms]
   [Eden: 5712.0M(5712.0M)->0.0B(5712.0M) Survivors: 16384.0K->16384.0K Heap: 9086.2M(14336.0M)->3365.0M(14336.0M)]
 [Times: user=1.77 sys=0.00, real=0.57 secs] 
2022-09-28T09:42:27.630-0600: 467180.741: [GC pause (G1 Evacuation Pause) (young), 0.0518334 secs]
   [Parallel Time: 10.1 ms, GC Workers: 8]
      [GC Worker Start (ms): Min: 467180741.4, Avg: 467180746.8, Max: 467180751.2, Diff: 9.8]
      [Ext Root Scanning (ms): Min: 0.0, Avg: 0.8, Max: 3.4, Diff: 3.4, Sum: 6.6]
      [Update RS (ms): Min: 0.0, Avg: 2.4, Max: 6.4, Diff: 6.4, Sum: 19.2]
         [Processed Buffers: Min: 0, Avg: 12.4, Max: 28, Diff: 28, Sum: 99]
      [Scan RS (ms): Min: 0.0, Avg: 0.0, Max: 0.1, Diff: 0.1, Sum: 0.2]
      [Code Root Scanning (ms): Min: 0.0, Avg: 0.0, Max: 0.0, Diff: 0.0, Sum: 0.0]
      [Object Copy (ms): Min: 0.0, Avg: 0.7, Max: 1.4, Diff: 1.4, Sum: 5.7]
      [Termination (ms): Min: 0.0, Avg: 0.5, Max: 0.8, Diff: 0.8, Sum: 4.4]
         [Termination Attempts: Min: 1, Avg: 10.4, Max: 22, Diff: 21, Sum: 83]
      [GC Worker Other (ms): Min: 0.0, Avg: 0.0, Max: 0.0, Diff: 0.0, Sum: 0.1]
      [GC Worker Total (ms): Min: 0.1, Avg: 4.5, Max: 9.9, Diff: 9.8, Sum: 36.1]
      [GC Worker End (ms): Min: 467180751.3, Avg: 467180751.3, Max: 467180751.4, Diff: 0.1]
   [Code Root Fixup: 0.0 ms]
   [Code Root Purge: 0.0 ms]
   [Clear CT: 0.8 ms]
   [Other: 41.0 ms]
      [Choose CSet: 0.0 ms]
      [Ref Proc: 40.6 ms]
      [Ref Enq: 0.1 ms]
      [Redirty Cards: 0.1 ms]
      [Humongous Register: 0.0 ms]
      [Humongous Reclaim: 0.0 ms]
      [Free CSet: 0.1 ms]
   [Eden: 5712.0M(5712.0M)->0.0B(5712.0M) Survivors: 16384.0K->16384.0K Heap: 9077.0M(14336.0M)->3366.3M(14336.0M)]
 [Times: user=0.16 sys=0.00, real=0.05 secs] 
2022-09-28T09:44:13.178-0600: 467286.289: [GC pause (G1 Evacuation Pause) (young) (initial-mark), 0.2664783 secs]
   [Parallel Time: 83.9 ms, GC Workers: 8]
      [GC Worker Start (ms): Min: 467286290.1, Avg: 467286351.8, Max: 467286360.6, Diff: 70.6]
      [Ext Root Scanning (ms): Min: 2.0, Avg: 16.6, Max: 72.3, Diff: 70.3, Sum: 132.6]
      [Update RS (ms): Min: 0.0, Avg: 0.6, Max: 2.2, Diff: 2.2, Sum: 4.4]
         [Processed Buffers: Min: 0, Avg: 5.1, Max: 27, Diff: 27, Sum: 41]
      [Scan RS (ms): Min: 0.0, Avg: 0.0, Max: 0.1, Diff: 0.1, Sum: 0.2]
      [Code Root Scanning (ms): Min: 0.0, Avg: 0.0, Max: 0.0, Diff: 0.0, Sum: 0.0]
      [Object Copy (ms): Min: 0.0, Avg: 0.5, Max: 2.0, Diff: 2.0, Sum: 3.7]
      [Termination (ms): Min: 0.0, Avg: 3.2, Max: 6.1, Diff: 6.1, Sum: 25.4]
         [Termination Attempts: Min: 1, Avg: 1.1, Max: 2, Diff: 1, Sum: 9]
      [GC Worker Other (ms): Min: 0.0, Avg: 0.0, Max: 0.0, Diff: 0.0, Sum: 0.0]
      [GC Worker Total (ms): Min: 11.9, Avg: 20.8, Max: 82.6, Diff: 70.6, Sum: 166.3]
      [GC Worker End (ms): Min: 467286372.5, Avg: 467286372.6, Max: 467286372.6, Diff: 0.1]
   [Code Root Fixup: 0.0 ms]
   [Code Root Purge: 0.0 ms]
   [Clear CT: 0.7 ms]
   [Other: 181.8 ms]
      [Choose CSet: 0.0 ms]
      [Ref Proc: 181.4 ms]
      [Ref Enq: 0.1 ms]
      [Redirty Cards: 0.1 ms]
      [Humongous Register: 0.0 ms]
      [Humongous Reclaim: 0.0 ms]
      [Free CSet: 0.1 ms]
   [Eden: 5712.0M(5712.0M)->0.0B(5712.0M) Survivors: 16384.0K->16384.0K Heap: 9078.3M(14336.0M)->3367.5M(14336.0M)]
 [Times: user=0.40 sys=0.00, real=0.27 secs] 
2022-09-28T09:44:13.444-0600: 467286.555: [GC concurrent-root-region-scan-start]
2022-09-28T09:44:13.449-0600: 467286.560: [GC concurrent-root-region-scan-end, 0.0049455 secs]
2022-09-28T09:44:13.449-0600: 467286.560: [GC concurrent-mark-start]
2022-09-28T09:44:14.750-0600: 467287.861: [GC concurrent-mark-end, 1.3007400 secs]
2022-09-28T09:44:14.750-0600: 467287.861: [GC remark 2022-09-28T09:44:14.750-0600: 467287.861: [Finalize Marking, 0.0021492 secs] 2022-09-28T09:44:14.752-0600: 467287.863: [GC ref-proc, 0.0298096 secs] 2022-09-28T09:44:14.782-0600: 467287.893: [Unloading, 0.0271223 secs], 0.0636748 secs]
 [Times: user=0.26 sys=0.00, real=0.06 secs] 
2022-09-28T09:44:14.814-0600: 467287.925: [GC cleanup 3479M->3479M(14336M), 0.0061896 secs]
 [Times: user=0.02 sys=0.00, real=0.01 secs] 
2022-09-28T09:46:04.514-0600: 467397.625: [GC pause (G1 Evacuation Pause) (young), 0.2225268 secs]
   [Parallel Time: 118.9 ms, GC Workers: 8]
      [GC Worker Start (ms): Min: 467397625.4, Avg: 467397699.5, Max: 467397744.2, Diff: 118.8]
      [Ext Root Scanning (ms): Min: 0.0, Avg: 0.8, Max: 2.9, Diff: 2.9, Sum: 6.4]
      [Update RS (ms): Min: 0.0, Avg: 0.6, Max: 2.0, Diff: 2.0, Sum: 4.7]
         [Processed Buffers: Min: 0, Avg: 4.4, Max: 15, Diff: 15, Sum: 35]
      [Scan RS (ms): Min: 0.0, Avg: 0.0, Max: 0.1, Diff: 0.1, Sum: 0.2]
      [Code Root Scanning (ms): Min: 0.0, Avg: 0.0, Max: 0.0, Diff: 0.0, Sum: 0.0]
      [Object Copy (ms): Min: 0.0, Avg: 0.4, Max: 1.4, Diff: 1.4, Sum: 3.4]
      [Termination (ms): Min: 0.0, Avg: 42.9, Max: 114.0, Diff: 114.0, Sum: 343.4]
         [Termination Attempts: Min: 1, Avg: 2.4, Max: 8, Diff: 7, Sum: 19]
      [GC Worker Other (ms): Min: 0.0, Avg: 0.0, Max: 0.0, Diff: 0.0, Sum: 0.0]
      [GC Worker Total (ms): Min: 0.0, Avg: 44.8, Max: 118.9, Diff: 118.9, Sum: 358.0]
      [GC Worker End (ms): Min: 467397744.2, Avg: 467397744.2, Max: 467397744.3, Diff: 0.1]
   [Code Root Fixup: 0.0 ms]
   [Code Root Purge: 0.0 ms]
   [Clear CT: 0.8 ms]
   [Other: 102.8 ms]
      [Choose CSet: 0.0 ms]
      [Ref Proc: 102.4 ms]
      [Ref Enq: 0.1 ms]
      [Redirty Cards: 0.0 ms]
      [Humongous Register: 0.0 ms]
      [Humongous Reclaim: 0.0 ms]
      [Free CSet: 0.1 ms]
   [Eden: 5712.0M(5712.0M)->0.0B(5712.0M) Survivors: 16384.0K->16384.0K Heap: 9079.5M(14336.0M)->3367.4M(14336.0M)]
 [Times: user=0.79 sys=0.00, real=0.22 secs] 
2022-09-28T09:47:54.978-0600: 467508.089: [GC pause (G1 Evacuation Pause) (young), 0.0401889 secs]
   [Parallel Time: 8.8 ms, GC Workers: 8]
      [GC Worker Start (ms): Min: 467508088.8, Avg: 467508093.9, Max: 467508097.5, Diff: 8.7]
      [Ext Root Scanning (ms): Min: 0.0, Avg: 0.8, Max: 3.0, Diff: 3.0, Sum: 6.2]
      [Update RS (ms): Min: 0.0, Avg: 0.6, Max: 1.6, Diff: 1.6, Sum: 4.6]
         [Processed Buffers: Min: 0, Avg: 4.5, Max: 21, Diff: 21, Sum: 36]
      [Scan RS (ms): Min: 0.0, Avg: 0.0, Max: 0.1, Diff: 0.1, Sum: 0.1]
      [Code Root Scanning (ms): Min: 0.0, Avg: 0.0, Max: 0.0, Diff: 0.0, Sum: 0.0]
      [Object Copy (ms): Min: 0.0, Avg: 0.6, Max: 1.6, Diff: 1.6, Sum: 4.4]
      [Termination (ms): Min: 0.0, Avg: 1.8, Max: 2.9, Diff: 2.9, Sum: 14.0]
         [Termination Attempts: Min: 1, Avg: 5.4, Max: 20, Diff: 19, Sum: 43]
      [GC Worker Other (ms): Min: 0.0, Avg: 0.0, Max: 0.0, Diff: 0.0, Sum: 0.0]
      [GC Worker Total (ms): Min: 0.0, Avg: 3.7, Max: 8.7, Diff: 8.7, Sum: 29.4]
      [GC Worker End (ms): Min: 467508097.5, Avg: 467508097.6, Max: 467508097.6, Diff: 0.1]
   [Code Root Fixup: 0.0 ms]
   [Code Root Purge: 0.0 ms]
   [Clear CT: 0.5 ms]
   [Other: 30.8 ms]
      [Choose CSet: 0.0 ms]
      [Ref Proc: 30.4 ms]
      [Ref Enq: 0.1 ms]
      [Redirty Cards: 0.1 ms]
      [Humongous Register: 0.0 ms]
      [Humongous Reclaim: 0.0 ms]
      [Free CSet: 0.1 ms]
   [Eden: 5712.0M(5712.0M)->0.0B(5712.0M) Survivors: 16384.0K->16384.0K Heap: 9079.4M(14336.0M)->3367.9M(14336.0M)]
 [Times: user=0.11 sys=0.00, real=0.04 secs] 
2022-09-28T09:49:44.339-0600: 467617.450: [GC pause (G1 Evacuation Pause) (young) (initial-mark), 0.0334643 secs]
   [Parallel Time: 12.2 ms, GC Workers: 8]
      [GC Worker Start (ms): Min: 467617451.4, Avg: 467617454.5, Max: 467617455.3, Diff: 3.9]
      [Ext Root Scanning (ms): Min: 2.4, Avg: 5.0, Max: 8.8, Diff: 6.4, Sum: 39.8]
      [Update RS (ms): Min: 0.0, Avg: 0.5, Max: 1.3, Diff: 1.3, Sum: 4.3]
         [Processed Buffers: Min: 0, Avg: 4.8, Max: 15, Diff: 15, Sum: 38]
      [Scan RS (ms): Min: 0.0, Avg: 0.0, Max: 0.1, Diff: 0.1, Sum: 0.1]
      [Code Root Scanning (ms): Min: 0.0, Avg: 0.0, Max: 0.0, Diff: 0.0, Sum: 0.0]
      [Object Copy (ms): Min: 0.0, Avg: 0.4, Max: 0.9, Diff: 0.9, Sum: 3.1]
      [Termination (ms): Min: 0.0, Avg: 1.8, Max: 2.8, Diff: 2.8, Sum: 14.4]
         [Termination Attempts: Min: 1, Avg: 1.2, Max: 3, Diff: 2, Sum: 10]
      [GC Worker Other (ms): Min: 0.0, Avg: 0.0, Max: 0.0, Diff: 0.0, Sum: 0.0]
      [GC Worker Total (ms): Min: 6.8, Avg: 7.7, Max: 10.8, Diff: 3.9, Sum: 61.8]
      [GC Worker End (ms): Min: 467617462.2, Avg: 467617462.2, Max: 467617462.3, Diff: 0.1]
   [Code Root Fixup: 0.0 ms]
   [Code Root Purge: 0.0 ms]
   [Clear CT: 0.5 ms]
   [Other: 20.8 ms]
      [Choose CSet: 0.0 ms]
      [Ref Proc: 20.4 ms]
      [Ref Enq: 0.1 ms]
      [Redirty Cards: 0.1 ms]
      [Humongous Register: 0.0 ms]
      [Humongous Reclaim: 0.0 ms]
      [Free CSet: 0.1 ms]
   [Eden: 5712.0M(5712.0M)->0.0B(7152.0M) Survivors: 16384.0K->16384.0K Heap: 9079.9M(14336.0M)->3369.1M(14336.0M)]
 [Times: user=0.11 sys=0.00, real=0.04 secs] 
2022-09-28T09:49:44.373-0600: 467617.484: [GC concurrent-root-region-scan-start]
2022-09-28T09:49:44.376-0600: 467617.487: [GC concurrent-root-region-scan-end, 0.0034349 secs]
2022-09-28T09:49:44.376-0600: 467617.487: [GC concurrent-mark-start]
2022-09-28T09:49:45.662-0600: 467618.773: [GC concurrent-mark-end, 1.2854927 secs]
2022-09-28T09:49:45.662-0600: 467618.773: [GC remark 2022-09-28T09:49:45.662-0600: 467618.773: [Finalize Marking, 0.0030723 secs] 2022-09-28T09:49:45.665-0600: 467618.776: [GC ref-proc, 0.0333232 secs] 2022-09-28T09:49:45.698-0600: 467618.809: [Unloading, 0.0484839 secs], 0.1075407 secs]
 [Times: user=0.33 sys=0.00, real=0.11 secs] 
2022-09-28T09:49:45.770-0600: 467618.881: [GC cleanup 3465M->3465M(14336M), 0.0064208 secs]
 [Times: user=0.02 sys=0.00, real=0.00 secs] 
2022-09-28T09:52:04.729-0600: 467757.840: [GC pause (G1 Evacuation Pause) (young), 0.0252254 secs]
   [Parallel Time: 5.5 ms, GC Workers: 8]
      [GC Worker Start (ms): Min: 467757839.9, Avg: 467757842.1, Max: 467757845.3, Diff: 5.4]
      [Ext Root Scanning (ms): Min: 0.0, Avg: 1.2, Max: 3.2, Diff: 3.2, Sum: 9.5]
      [Update RS (ms): Min: 0.0, Avg: 0.5, Max: 1.7, Diff: 1.7, Sum: 3.9]
         [Processed Buffers: Min: 0, Avg: 4.1, Max: 9, Diff: 9, Sum: 33]
      [Scan RS (ms): Min: 0.0, Avg: 0.0, Max: 0.1, Diff: 0.1, Sum: 0.2]
      [Code Root Scanning (ms): Min: 0.0, Avg: 0.0, Max: 0.0, Diff: 0.0, Sum: 0.0]
      [Object Copy (ms): Min: 0.0, Avg: 1.1, Max: 1.5, Diff: 1.5, Sum: 8.9]
      [Termination (ms): Min: 0.0, Avg: 0.4, Max: 0.6, Diff: 0.6, Sum: 3.5]
         [Termination Attempts: Min: 1, Avg: 7.4, Max: 15, Diff: 14, Sum: 59]
      [GC Worker Other (ms): Min: 0.0, Avg: 0.0, Max: 0.0, Diff: 0.0, Sum: 0.0]
      [GC Worker Total (ms): Min: 0.0, Avg: 3.3, Max: 5.4, Diff: 5.4, Sum: 26.0]
      [GC Worker End (ms): Min: 467757845.4, Avg: 467757845.4, Max: 467757845.4, Diff: 0.0]
   [Code Root Fixup: 0.0 ms]
   [Code Root Purge: 0.0 ms]
   [Clear CT: 0.8 ms]
   [Other: 18.9 ms]
      [Choose CSet: 0.0 ms]
      [Ref Proc: 18.5 ms]
      [Ref Enq: 0.1 ms]
      [Redirty Cards: 0.1 ms]
      [Humongous Register: 0.0 ms]
      [Humongous Reclaim: 0.0 ms]
      [Free CSet: 0.1 ms]
   [Eden: 7152.0M(7152.0M)->0.0B(7152.0M) Survivors: 16384.0K->16384.0K Heap: 10521.1M(14336.0M)->3370.0M(14336.0M)]
 [Times: user=0.09 sys=0.00, real=0.02 secs] 
2022-09-28T09:54:19.283-0600: 467892.394: [GC pause (G1 Evacuation Pause) (young), 0.0199947 secs]
   [Parallel Time: 6.1 ms, GC Workers: 8]
      [GC Worker Start (ms): Min: 467892393.7, Avg: 467892396.9, Max: 467892399.6, Diff: 5.9]
      [Ext Root Scanning (ms): Min: 0.0, Avg: 0.8, Max: 3.1, Diff: 3.1, Sum: 6.5]
      [Update RS (ms): Min: 0.0, Avg: 0.5, Max: 1.4, Diff: 1.4, Sum: 4.3]
         [Processed Buffers: Min: 0, Avg: 4.9, Max: 16, Diff: 16, Sum: 39]
      [Scan RS (ms): Min: 0.0, Avg: 0.0, Max: 0.1, Diff: 0.1, Sum: 0.2]
      [Code Root Scanning (ms): Min: 0.0, Avg: 0.0, Max: 0.0, Diff: 0.0, Sum: 0.0]
      [Object Copy (ms): Min: 0.0, Avg: 0.6, Max: 1.2, Diff: 1.2, Sum: 4.7]
      [Termination (ms): Min: 0.0, Avg: 0.8, Max: 1.3, Diff: 1.3, Sum: 6.1]
         [Termination Attempts: Min: 1, Avg: 7.4, Max: 19, Diff: 18, Sum: 59]
      [GC Worker Other (ms): Min: 0.0, Avg: 0.0, Max: 0.0, Diff: 0.0, Sum: 0.1]
      [GC Worker Total (ms): Min: 0.0, Avg: 2.7, Max: 5.9, Diff: 5.9, Sum: 21.9]
      [GC Worker End (ms): Min: 467892399.6, Avg: 467892399.7, Max: 467892399.8, Diff: 0.2]
   [Code Root Fixup: 0.0 ms]
   [Code Root Purge: 0.0 ms]
   [Clear CT: 0.6 ms]
   [Other: 13.3 ms]
      [Choose CSet: 0.0 ms]
      [Ref Proc: 12.9 ms]
      [Ref Enq: 0.1 ms]
      [Redirty Cards: 0.1 ms]
      [Humongous Register: 0.0 ms]
      [Humongous Reclaim: 0.0 ms]
      [Free CSet: 0.1 ms]
   [Eden: 7152.0M(7152.0M)->0.0B(7152.0M) Survivors: 16384.0K->16384.0K Heap: 10522.0M(14336.0M)->3371.7M(14336.0M)]
 [Times: user=0.07 sys=0.00, real=0.02 secs] 
2022-09-28T09:56:36.359-0600: 468029.470: [GC pause (G1 Evacuation Pause) (young) (initial-mark), 0.0514326 secs]
   [Parallel Time: 13.4 ms, GC Workers: 8]
      [GC Worker Start (ms): Min: 468029471.1, Avg: 468029472.3, Max: 468029473.4, Diff: 2.3]
      [Ext Root Scanning (ms): Min: 2.0, Avg: 6.8, Max: 9.8, Diff: 7.8, Sum: 54.7]
      [Update RS (ms): Min: 0.0, Avg: 0.6, Max: 1.9, Diff: 1.9, Sum: 4.5]
         [Processed Buffers: Min: 0, Avg: 4.6, Max: 17, Diff: 17, Sum: 37]
      [Scan RS (ms): Min: 0.0, Avg: 0.0, Max: 0.1, Diff: 0.1, Sum: 0.2]
      [Code Root Scanning (ms): Min: 0.0, Avg: 0.0, Max: 0.0, Diff: 0.0, Sum: 0.0]
      [Object Copy (ms): Min: 0.0, Avg: 0.6, Max: 1.6, Diff: 1.6, Sum: 4.8]
      [Termination (ms): Min: 0.0, Avg: 2.7, Max: 4.5, Diff: 4.5, Sum: 21.4]
         [Termination Attempts: Min: 1, Avg: 1.9, Max: 6, Diff: 5, Sum: 15]
      [GC Worker Other (ms): Min: 0.0, Avg: 0.0, Max: 0.0, Diff: 0.0, Sum: 0.1]
      [GC Worker Total (ms): Min: 9.7, Avg: 10.7, Max: 12.0, Diff: 2.3, Sum: 85.8]
      [GC Worker End (ms): Min: 468029483.0, Avg: 468029483.1, Max: 468029483.1, Diff: 0.1]
   [Code Root Fixup: 0.0 ms]
   [Code Root Purge: 0.0 ms]
   [Clear CT: 0.7 ms]
   [Other: 37.3 ms]
      [Choose CSet: 0.0 ms]
      [Ref Proc: 36.8 ms]
      [Ref Enq: 0.1 ms]
      [Redirty Cards: 0.1 ms]
      [Humongous Register: 0.0 ms]
      [Humongous Reclaim: 0.0 ms]
      [Free CSet: 0.1 ms]
   [Eden: 7152.0M(7152.0M)->0.0B(7152.0M) Survivors: 16384.0K->16384.0K Heap: 10523.7M(14336.0M)->3371.3M(14336.0M)]
 [Times: user=0.15 sys=0.00, real=0.06 secs] 
2022-09-28T09:56:36.410-0600: 468029.521: [GC concurrent-root-region-scan-start]
2022-09-28T09:56:36.414-0600: 468029.525: [GC concurrent-root-region-scan-end, 0.0039734 secs]
2022-09-28T09:56:36.414-0600: 468029.525: [GC concurrent-mark-start]
2022-09-28T09:56:37.690-0600: 468030.801: [GC concurrent-mark-end, 1.2757163 secs]
2022-09-28T09:56:37.690-0600: 468030.801: [GC remark 2022-09-28T09:56:37.690-0600: 468030.801: [Finalize Marking, 0.0030810 secs] 2022-09-28T09:56:37.693-0600: 468030.804: [GC ref-proc, 0.0337923 secs] 2022-09-28T09:56:37.727-0600: 468030.838: [Unloading, 0.0262665 secs], 0.0668841 secs]
 [Times: user=0.27 sys=0.00, real=0.06 secs] 
2022-09-28T09:56:37.757-0600: 468030.868: [GC cleanup 3491M->3491M(14336M), 0.0129409 secs]
 [Times: user=0.02 sys=0.00, real=0.02 secs] 
2022-09-28T09:58:55.285-0600: 468168.396: [GC pause (G1 Evacuation Pause) (young), 0.0346171 secs]
   [Parallel Time: 7.2 ms, GC Workers: 8]
      [GC Worker Start (ms): Min: 468168395.8, Avg: 468168399.6, Max: 468168402.9, Diff: 7.0]
      [Ext Root Scanning (ms): Min: 0.0, Avg: 0.8, Max: 4.0, Diff: 4.0, Sum: 6.7]
      [Update RS (ms): Min: 0.0, Avg: 0.7, Max: 1.3, Diff: 1.3, Sum: 5.5]
         [Processed Buffers: Min: 0, Avg: 5.0, Max: 15, Diff: 15, Sum: 40]
      [Scan RS (ms): Min: 0.0, Avg: 0.0, Max: 0.1, Diff: 0.1, Sum: 0.2]
      [Code Root Scanning (ms): Min: 0.0, Avg: 0.0, Max: 0.0, Diff: 0.0, Sum: 0.0]
      [Object Copy (ms): Min: 0.0, Avg: 0.8, Max: 1.1, Diff: 1.1, Sum: 6.0]
      [Termination (ms): Min: 0.0, Avg: 1.0, Max: 1.2, Diff: 1.2, Sum: 7.8]
         [Termination Attempts: Min: 1, Avg: 21.5, Max: 39, Diff: 38, Sum: 172]
      [GC Worker Other (ms): Min: 0.0, Avg: 0.0, Max: 0.0, Diff: 0.0, Sum: 0.0]
      [GC Worker Total (ms): Min: 0.0, Avg: 3.3, Max: 7.1, Diff: 7.0, Sum: 26.4]
      [GC Worker End (ms): Min: 468168402.9, Avg: 468168402.9, Max: 468168403.0, Diff: 0.1]
   [Code Root Fixup: 0.0 ms]
   [Code Root Purge: 0.0 ms]
   [Clear CT: 0.9 ms]
   [Other: 26.5 ms]
      [Choose CSet: 0.0 ms]
      [Ref Proc: 26.1 ms]
      [Ref Enq: 0.1 ms]
      [Redirty Cards: 0.1 ms]
      [Humongous Register: 0.0 ms]
      [Humongous Reclaim: 0.0 ms]
      [Free CSet: 0.1 ms]
   [Eden: 7152.0M(7152.0M)->0.0B(7152.0M) Survivors: 16384.0K->16384.0K Heap: 10523.3M(14336.0M)->3372.3M(14336.0M)]
 [Times: user=0.09 sys=0.00, real=0.03 secs] 
2022-09-28T10:01:15.279-0600: 468308.390: [GC pause (G1 Evacuation Pause) (young), 0.3652478 secs]
   [Parallel Time: 4.2 ms, GC Workers: 8]
      [GC Worker Start (ms): Min: 468308389.8, Avg: 468308390.8, Max: 468308393.9, Diff: 4.0]
      [Ext Root Scanning (ms): Min: 0.0, Avg: 1.1, Max: 3.6, Diff: 3.6, Sum: 8.5]
      [Update RS (ms): Min: 0.0, Avg: 0.6, Max: 1.2, Diff: 1.2, Sum: 5.2]
         [Processed Buffers: Min: 0, Avg: 4.1, Max: 10, Diff: 10, Sum: 33]
      [Scan RS (ms): Min: 0.0, Avg: 0.0, Max: 0.1, Diff: 0.1, Sum: 0.3]
      [Code Root Scanning (ms): Min: 0.0, Avg: 0.0, Max: 0.0, Diff: 0.0, Sum: 0.0]
      [Object Copy (ms): Min: 0.0, Avg: 0.8, Max: 1.3, Diff: 1.3, Sum: 6.7]
      [Termination (ms): Min: 0.0, Avg: 0.5, Max: 0.6, Diff: 0.6, Sum: 4.2]
         [Termination Attempts: Min: 1, Avg: 6.0, Max: 12, Diff: 11, Sum: 48]
      [GC Worker Other (ms): Min: 0.0, Avg: 0.0, Max: 0.0, Diff: 0.0, Sum: 0.1]
      [GC Worker Total (ms): Min: 0.0, Avg: 3.1, Max: 4.2, Diff: 4.1, Sum: 24.9]
      [GC Worker End (ms): Min: 468308393.9, Avg: 468308393.9, Max: 468308394.0, Diff: 0.1]
   [Code Root Fixup: 0.0 ms]
   [Code Root Purge: 0.0 ms]
   [Clear CT: 15.8 ms]
   [Other: 345.2 ms]
      [Choose CSet: 0.0 ms]
      [Ref Proc: 344.8 ms]
      [Ref Enq: 0.1 ms]
      [Redirty Cards: 0.1 ms]
      [Humongous Register: 0.0 ms]
      [Humongous Reclaim: 0.0 ms]
      [Free CSet: 0.1 ms]
   [Eden: 7152.0M(7152.0M)->0.0B(5712.0M) Survivors: 16384.0K->16384.0K Heap: 10524.3M(14336.0M)->3373.4M(14336.0M)]
 [Times: user=1.76 sys=0.00, real=0.37 secs] 
2022-09-28T10:03:02.284-0600: 468415.395: [GC pause (G1 Evacuation Pause) (young) (initial-mark), 0.1554665 secs]
   [Parallel Time: 126.3 ms, GC Workers: 8]
      [GC Worker Start (ms): Min: 468415500.8, Avg: 468415501.9, Max: 468415502.9, Diff: 2.0]
      [Ext Root Scanning (ms): Min: 2.6, Avg: 6.6, Max: 8.7, Diff: 6.1, Sum: 52.6]
      [Update RS (ms): Min: 0.0, Avg: 0.6, Max: 2.5, Diff: 2.5, Sum: 5.1]
         [Processed Buffers: Min: 0, Avg: 5.4, Max: 22, Diff: 22, Sum: 43]
      [Scan RS (ms): Min: 0.0, Avg: 0.0, Max: 0.1, Diff: 0.1, Sum: 0.2]
      [Code Root Scanning (ms): Min: 0.0, Avg: 0.0, Max: 0.0, Diff: 0.0, Sum: 0.0]
      [Object Copy (ms): Min: 0.0, Avg: 3.0, Max: 11.6, Diff: 11.6, Sum: 23.6]
      [Termination (ms): Min: 0.0, Avg: 7.7, Max: 9.4, Diff: 9.4, Sum: 61.7]
         [Termination Attempts: Min: 1, Avg: 3.1, Max: 7, Diff: 6, Sum: 25]
      [GC Worker Other (ms): Min: 0.0, Avg: 0.0, Max: 0.0, Diff: 0.0, Sum: 0.1]
      [GC Worker Total (ms): Min: 16.8, Avg: 17.9, Max: 19.0, Diff: 2.2, Sum: 143.3]
      [GC Worker End (ms): Min: 468415519.7, Avg: 468415519.8, Max: 468415519.9, Diff: 0.2]
   [Code Root Fixup: 0.0 ms]
   [Code Root Purge: 0.0 ms]
   [Clear CT: 0.4 ms]
   [Other: 28.7 ms]
      [Choose CSet: 0.0 ms]
      [Ref Proc: 28.2 ms]
      [Ref Enq: 0.1 ms]
      [Redirty Cards: 0.1 ms]
      [Humongous Register: 0.0 ms]
      [Humongous Reclaim: 0.0 ms]
      [Free CSet: 0.1 ms]
   [Eden: 5712.0M(5712.0M)->0.0B(5712.0M) Survivors: 16384.0K->16384.0K Heap: 9085.4M(14336.0M)->3374.6M(14336.0M)]
 [Times: user=0.14 sys=0.00, real=0.15 secs] 
2022-09-28T10:03:02.439-0600: 468415.550: [GC concurrent-root-region-scan-start]
2022-09-28T10:03:02.444-0600: 468415.555: [GC concurrent-root-region-scan-end, 0.0044167 secs]
2022-09-28T10:03:02.444-0600: 468415.555: [GC concurrent-mark-start]
2022-09-28T10:03:03.737-0600: 468416.848: [GC concurrent-mark-end, 1.2932529 secs]
2022-09-28T10:03:03.737-0600: 468416.848: [GC remark 2022-09-28T10:03:03.737-0600: 468416.848: [Finalize Marking, 0.0526601 secs] 2022-09-28T10:03:03.790-0600: 468416.901: [GC ref-proc, 0.1433116 secs] 2022-09-28T10:03:03.933-0600: 468417.044: [Unloading, 0.0325507 secs], 0.2327601 secs]
 [Times: user=0.43 sys=0.00, real=0.24 secs] 
2022-09-28T10:03:03.970-0600: 468417.081: [GC cleanup 3483M->3483M(14336M), 0.0079382 secs]
 [Times: user=0.02 sys=0.00, real=0.00 secs] 
2022-09-28T10:04:55.293-0600: 468528.404: [GC pause (G1 Evacuation Pause) (young), 0.0316155 secs]
   [Parallel Time: 8.3 ms, GC Workers: 8]
      [GC Worker Start (ms): Min: 468528404.2, Avg: 468528409.3, Max: 468528412.3, Diff: 8.1]
      [Ext Root Scanning (ms): Min: 0.0, Avg: 0.7, Max: 3.3, Diff: 3.3, Sum: 6.0]
      [Update RS (ms): Min: 0.0, Avg: 0.6, Max: 1.6, Diff: 1.6, Sum: 4.8]
         [Processed Buffers: Min: 0, Avg: 4.6, Max: 18, Diff: 18, Sum: 37]
      [Scan RS (ms): Min: 0.0, Avg: 0.0, Max: 0.1, Diff: 0.1, Sum: 0.2]
      [Code Root Scanning (ms): Min: 0.0, Avg: 0.0, Max: 0.0, Diff: 0.0, Sum: 0.0]
      [Object Copy (ms): Min: 0.0, Avg: 0.6, Max: 1.7, Diff: 1.7, Sum: 4.7]
      [Termination (ms): Min: 0.0, Avg: 1.1, Max: 1.8, Diff: 1.8, Sum: 8.7]
         [Termination Attempts: Min: 1, Avg: 1.6, Max: 4, Diff: 3, Sum: 13]
      [GC Worker Other (ms): Min: 0.0, Avg: 0.0, Max: 0.0, Diff: 0.0, Sum: 0.0]
      [GC Worker Total (ms): Min: 0.0, Avg: 3.0, Max: 8.2, Diff: 8.2, Sum: 24.3]
      [GC Worker End (ms): Min: 468528412.3, Avg: 468528412.4, Max: 468528412.4, Diff: 0.1]
   [Code Root Fixup: 0.0 ms]
   [Code Root Purge: 0.0 ms]
   [Clear CT: 0.5 ms]
   [Other: 22.8 ms]
      [Choose CSet: 0.0 ms]
      [Ref Proc: 22.4 ms]
      [Ref Enq: 0.1 ms]
      [Redirty Cards: 0.1 ms]
      [Humongous Register: 0.0 ms]
      [Humongous Reclaim: 0.0 ms]
      [Free CSet: 0.1 ms]
   [Eden: 5712.0M(5712.0M)->0.0B(5712.0M) Survivors: 16384.0K->16384.0K Heap: 9086.6M(14336.0M)->3375.3M(14336.0M)]
 [Times: user=0.11 sys=0.00, real=0.03 secs] 
2022-09-28T10:06:44.599-0600: 468637.710: [GC pause (G1 Evacuation Pause) (mixed), 0.0871298 secs]
   [Parallel Time: 7.7 ms, GC Workers: 8]
      [GC Worker Start (ms): Min: 468637709.8, Avg: 468637710.9, Max: 468637715.2, Diff: 5.4]
      [Ext Root Scanning (ms): Min: 0.0, Avg: 1.0, Max: 3.7, Diff: 3.7, Sum: 7.6]
      [Update RS (ms): Min: 0.0, Avg: 1.5, Max: 6.2, Diff: 6.2, Sum: 12.2]
         [Processed Buffers: Min: 0, Avg: 4.8, Max: 11, Diff: 11, Sum: 38]
      [Scan RS (ms): Min: 0.0, Avg: 0.5, Max: 1.0, Diff: 0.9, Sum: 4.2]
      [Code Root Scanning (ms): Min: 0.0, Avg: 0.0, Max: 0.0, Diff: 0.0, Sum: 0.1]
      [Object Copy (ms): Min: 0.2, Avg: 2.7, Max: 3.6, Diff: 3.4, Sum: 21.8]
      [Termination (ms): Min: 0.0, Avg: 0.7, Max: 0.9, Diff: 0.9, Sum: 5.4]
         [Termination Attempts: Min: 1, Avg: 15.4, Max: 28, Diff: 27, Sum: 123]
      [GC Worker Other (ms): Min: 0.0, Avg: 0.0, Max: 0.0, Diff: 0.0, Sum: 0.0]
      [GC Worker Total (ms): Min: 2.1, Avg: 6.4, Max: 7.6, Diff: 5.4, Sum: 51.3]
      [GC Worker End (ms): Min: 468637717.3, Avg: 468637717.3, Max: 468637717.3, Diff: 0.1]
   [Code Root Fixup: 0.0 ms]
   [Code Root Purge: 0.0 ms]
   [Clear CT: 0.5 ms]
   [Other: 79.0 ms]
      [Choose CSet: 0.0 ms]
      [Ref Proc: 78.4 ms]
      [Ref Enq: 0.1 ms]
      [Redirty Cards: 0.1 ms]
      [Humongous Register: 0.0 ms]
      [Humongous Reclaim: 0.0 ms]
      [Free CSet: 0.1 ms]
   [Eden: 5712.0M(5712.0M)->0.0B(7152.0M) Survivors: 16384.0K->16384.0K Heap: 9087.3M(14336.0M)->3370.6M(14336.0M)]
 [Times: user=0.21 sys=0.00, real=0.09 secs] 
2022-09-28T10:09:02.999-0600: 468776.110: [GC pause (G1 Evacuation Pause) (young), 0.0473110 secs]
   [Parallel Time: 12.1 ms, GC Workers: 8]
      [GC Worker Start (ms): Min: 468776110.2, Avg: 468776116.7, Max: 468776121.3, Diff: 11.1]
      [Ext Root Scanning (ms): Min: 0.0, Avg: 0.8, Max: 3.8, Diff: 3.8, Sum: 6.4]
      [Update RS (ms): Min: 0.0, Avg: 2.5, Max: 7.2, Diff: 7.2, Sum: 20.3]
         [Processed Buffers: Min: 0, Avg: 13.5, Max: 31, Diff: 31, Sum: 108]
      [Scan RS (ms): Min: 0.0, Avg: 0.0, Max: 0.2, Diff: 0.1, Sum: 0.3]
      [Code Root Scanning (ms): Min: 0.0, Avg: 0.0, Max: 0.0, Diff: 0.0, Sum: 0.0]
      [Object Copy (ms): Min: 0.0, Avg: 0.9, Max: 1.8, Diff: 1.8, Sum: 6.9]
      [Termination (ms): Min: 0.4, Avg: 1.0, Max: 1.4, Diff: 1.0, Sum: 7.9]
         [Termination Attempts: Min: 1, Avg: 13.1, Max: 32, Diff: 31, Sum: 105]
      [GC Worker Other (ms): Min: 0.0, Avg: 0.0, Max: 0.0, Diff: 0.0, Sum: 0.0]
      [GC Worker Total (ms): Min: 0.7, Avg: 5.2, Max: 11.7, Diff: 11.1, Sum: 41.9]
      [GC Worker End (ms): Min: 468776121.9, Avg: 468776122.0, Max: 468776122.1, Diff: 0.1]
   [Code Root Fixup: 0.0 ms]
   [Code Root Purge: 0.0 ms]
   [Clear CT: 0.5 ms]
   [Other: 34.7 ms]
      [Choose CSet: 0.0 ms]
      [Ref Proc: 34.3 ms]
      [Ref Enq: 0.1 ms]
      [Redirty Cards: 0.1 ms]
      [Humongous Register: 0.0 ms]
      [Humongous Reclaim: 0.0 ms]
      [Free CSet: 0.1 ms]
   [Eden: 7152.0M(7152.0M)->0.0B(7152.0M) Survivors: 16384.0K->16384.0K Heap: 10522.6M(14336.0M)->3375.7M(14336.0M)]
 [Times: user=0.17 sys=0.00, real=0.05 secs] 
2022-09-28T10:11:20.828-0600: 468913.939: [GC pause (G1 Evacuation Pause) (young) (initial-mark), 0.0384461 secs]
   [Parallel Time: 11.6 ms, GC Workers: 8]
      [GC Worker Start (ms): Min: 468913939.9, Avg: 468913942.3, Max: 468913943.3, Diff: 3.4]
      [Ext Root Scanning (ms): Min: 2.5, Avg: 4.6, Max: 5.8, Diff: 3.3, Sum: 36.6]
      [Update RS (ms): Min: 0.0, Avg: 0.8, Max: 1.7, Diff: 1.7, Sum: 6.5]
         [Processed Buffers: Min: 0, Avg: 5.5, Max: 14, Diff: 14, Sum: 44]
      [Scan RS (ms): Min: 0.0, Avg: 0.0, Max: 0.1, Diff: 0.1, Sum: 0.4]
      [Code Root Scanning (ms): Min: 0.0, Avg: 0.0, Max: 0.0, Diff: 0.0, Sum: 0.0]
      [Object Copy (ms): Min: 0.0, Avg: 1.4, Max: 3.2, Diff: 3.2, Sum: 11.5]
      [Termination (ms): Min: 0.0, Avg: 0.9, Max: 1.2, Diff: 1.2, Sum: 7.2]
         [Termination Attempts: Min: 1, Avg: 3.5, Max: 12, Diff: 11, Sum: 28]
      [GC Worker Other (ms): Min: 0.0, Avg: 0.0, Max: 0.0, Diff: 0.0, Sum: 0.1]
      [GC Worker Total (ms): Min: 6.8, Avg: 7.8, Max: 10.2, Diff: 3.4, Sum: 62.2]
      [GC Worker End (ms): Min: 468913950.1, Avg: 468913950.1, Max: 468913950.2, Diff: 0.1]
   [Code Root Fixup: 0.0 ms]
   [Code Root Purge: 0.0 ms]
   [Clear CT: 0.7 ms]
   [Other: 26.2 ms]
      [Choose CSet: 0.0 ms]
      [Ref Proc: 25.6 ms]
      [Ref Enq: 0.1 ms]
      [Redirty Cards: 0.1 ms]
      [Humongous Register: 0.0 ms]
      [Humongous Reclaim: 0.0 ms]
      [Free CSet: 0.2 ms]
   [Eden: 7152.0M(7152.0M)->0.0B(7152.0M) Survivors: 16384.0K->16384.0K Heap: 10527.7M(14336.0M)->3376.9M(14336.0M)]
 [Times: user=0.10 sys=0.00, real=0.04 secs] 
2022-09-28T10:11:20.866-0600: 468913.977: [GC concurrent-root-region-scan-start]
2022-09-28T10:11:20.872-0600: 468913.983: [GC concurrent-root-region-scan-end, 0.0055810 secs]
2022-09-28T10:11:20.872-0600: 468913.983: [GC concurrent-mark-start]
2022-09-28T10:11:22.190-0600: 468915.301: [GC concurrent-mark-end, 1.3182838 secs]
2022-09-28T10:11:22.190-0600: 468915.301: [GC remark 2022-09-28T10:11:22.190-0600: 468915.301: [Finalize Marking, 0.0036135 secs] 2022-09-28T10:11:22.194-0600: 468915.305: [GC ref-proc, 0.0330919 secs] 2022-09-28T10:11:22.227-0600: 468915.338: [Unloading, 0.0249519 secs], 0.0651622 secs]
 [Times: user=0.31 sys=0.00, real=0.06 secs] 
2022-09-28T10:11:22.256-0600: 468915.367: [GC cleanup 3464M->3464M(14336M), 0.0054884 secs]
 [Times: user=0.02 sys=0.00, real=0.01 secs] 
2022-09-28T10:13:37.295-0600: 469050.406: [GC pause (G1 Evacuation Pause) (young), 0.0399312 secs]
   [Parallel Time: 4.9 ms, GC Workers: 8]
      [GC Worker Start (ms): Min: 469050406.0, Avg: 469050407.8, Max: 469050410.7, Diff: 4.7]
      [Ext Root Scanning (ms): Min: 0.0, Avg: 0.9, Max: 3.5, Diff: 3.5, Sum: 7.3]
      [Update RS (ms): Min: 0.0, Avg: 0.6, Max: 1.4, Diff: 1.4, Sum: 4.5]
         [Processed Buffers: Min: 0, Avg: 5.5, Max: 20, Diff: 20, Sum: 44]
      [Scan RS (ms): Min: 0.0, Avg: 0.0, Max: 0.1, Diff: 0.1, Sum: 0.3]
      [Code Root Scanning (ms): Min: 0.0, Avg: 0.0, Max: 0.0, Diff: 0.0, Sum: 0.0]
      [Object Copy (ms): Min: 0.0, Avg: 0.6, Max: 1.3, Diff: 1.3, Sum: 4.5]
      [Termination (ms): Min: 0.0, Avg: 0.8, Max: 1.1, Diff: 1.1, Sum: 6.7]
         [Termination Attempts: Min: 1, Avg: 1.8, Max: 3, Diff: 2, Sum: 14]
      [GC Worker Other (ms): Min: 0.0, Avg: 0.0, Max: 0.0, Diff: 0.0, Sum: 0.1]
      [GC Worker Total (ms): Min: 0.0, Avg: 2.9, Max: 4.8, Diff: 4.8, Sum: 23.4]
      [GC Worker End (ms): Min: 469050410.7, Avg: 469050410.8, Max: 469050410.8, Diff: 0.1]
   [Code Root Fixup: 0.0 ms]
   [Code Root Purge: 0.0 ms]
   [Clear CT: 0.7 ms]
   [Other: 34.2 ms]
      [Choose CSet: 0.0 ms]
      [Ref Proc: 33.9 ms]
      [Ref Enq: 0.1 ms]
      [Redirty Cards: 0.1 ms]
      [Humongous Register: 0.0 ms]
      [Humongous Reclaim: 0.0 ms]
      [Free CSet: 0.1 ms]
   [Eden: 7152.0M(7152.0M)->0.0B(5712.0M) Survivors: 16384.0K->16384.0K Heap: 10528.9M(14336.0M)->3377.5M(14336.0M)]
 [Times: user=0.15 sys=0.00, real=0.04 secs] 
2022-09-28T10:15:25.877-0600: 469158.988: [GC pause (G1 Evacuation Pause) (mixed), 0.1143684 secs]
   [Parallel Time: 15.2 ms, GC Workers: 8]
      [GC Worker Start (ms): Min: 469158988.4, Avg: 469158993.0, Max: 469159001.3, Diff: 12.9]
      [Ext Root Scanning (ms): Min: 0.0, Avg: 2.6, Max: 6.2, Diff: 6.2, Sum: 21.1]
      [Update RS (ms): Min: 0.0, Avg: 0.7, Max: 2.0, Diff: 2.0, Sum: 5.6]
         [Processed Buffers: Min: 0, Avg: 4.9, Max: 17, Diff: 17, Sum: 39]
      [Scan RS (ms): Min: 0.0, Avg: 0.5, Max: 1.4, Diff: 1.4, Sum: 4.0]
      [Code Root Scanning (ms): Min: 0.0, Avg: 0.0, Max: 0.0, Diff: 0.0, Sum: 0.0]
      [Object Copy (ms): Min: 0.0, Avg: 4.4, Max: 8.3, Diff: 8.3, Sum: 34.8]
      [Termination (ms): Min: 0.0, Avg: 2.3, Max: 2.9, Diff: 2.9, Sum: 18.8]
         [Termination Attempts: Min: 1, Avg: 18.6, Max: 36, Diff: 35, Sum: 149]
      [GC Worker Other (ms): Min: 0.0, Avg: 0.0, Max: 0.0, Diff: 0.0, Sum: 0.1]
      [GC Worker Total (ms): Min: 2.2, Avg: 10.5, Max: 15.1, Diff: 12.8, Sum: 84.4]
      [GC Worker End (ms): Min: 469159003.5, Avg: 469159003.5, Max: 469159003.6, Diff: 0.1]
   [Code Root Fixup: 0.0 ms]
   [Code Root Purge: 0.0 ms]
   [Clear CT: 0.6 ms]
   [Other: 98.5 ms]
      [Choose CSet: 0.0 ms]
      [Ref Proc: 97.9 ms]
      [Ref Enq: 0.1 ms]
      [Redirty Cards: 0.2 ms]
      [Humongous Register: 0.0 ms]
      [Humongous Reclaim: 0.0 ms]
      [Free CSet: 0.2 ms]
   [Eden: 5712.0M(5712.0M)->0.0B(7152.0M) Survivors: 16384.0K->16384.0K Heap: 9089.5M(14336.0M)->3369.6M(14336.0M)]
 [Times: user=0.35 sys=0.00, real=0.12 secs] 
2022-09-28T10:17:46.678-0600: 469299.789: [GC pause (G1 Evacuation Pause) (young), 0.0548888 secs]
   [Parallel Time: 16.1 ms, GC Workers: 8]
      [GC Worker Start (ms): Min: 469299789.4, Avg: 469299793.7, Max: 469299798.2, Diff: 8.8]
      [Ext Root Scanning (ms): Min: 0.0, Avg: 0.8, Max: 2.8, Diff: 2.8, Sum: 6.1]
      [Update RS (ms): Min: 0.0, Avg: 3.0, Max: 13.1, Diff: 13.1, Sum: 24.0]
         [Processed Buffers: Min: 0, Avg: 11.1, Max: 31, Diff: 31, Sum: 89]
      [Scan RS (ms): Min: 0.0, Avg: 0.0, Max: 0.1, Diff: 0.1, Sum: 0.2]
      [Code Root Scanning (ms): Min: 0.0, Avg: 0.0, Max: 0.0, Diff: 0.0, Sum: 0.0]
      [Object Copy (ms): Min: 0.0, Avg: 0.8, Max: 1.4, Diff: 1.4, Sum: 6.4]
      [Termination (ms): Min: 0.0, Avg: 7.0, Max: 8.4, Diff: 8.4, Sum: 56.0]
         [Termination Attempts: Min: 1, Avg: 4.9, Max: 11, Diff: 10, Sum: 39]
      [GC Worker Other (ms): Min: 0.0, Avg: 0.0, Max: 0.0, Diff: 0.0, Sum: 0.0]
      [GC Worker Total (ms): Min: 7.1, Avg: 11.6, Max: 15.9, Diff: 8.8, Sum: 92.9]
      [GC Worker End (ms): Min: 469299805.3, Avg: 469299805.3, Max: 469299805.5, Diff: 0.2]
   [Code Root Fixup: 0.0 ms]
   [Code Root Purge: 0.0 ms]
   [Clear CT: 0.6 ms]
   [Other: 38.1 ms]
      [Choose CSet: 0.0 ms]
      [Ref Proc: 37.8 ms]
      [Ref Enq: 0.1 ms]
      [Redirty Cards: 0.1 ms]
      [Humongous Register: 0.0 ms]
      [Humongous Reclaim: 0.0 ms]
      [Free CSet: 0.1 ms]
   [Eden: 7152.0M(7152.0M)->0.0B(7152.0M) Survivors: 16384.0K->16384.0K Heap: 10521.6M(14336.0M)->3374.9M(14336.0M)]
 [Times: user=0.17 sys=0.00, real=0.06 secs] 
2022-09-28T10:20:02.520-0600: 469435.631: [GC pause (G1 Evacuation Pause) (young) (initial-mark), 0.0534966 secs]
   [Parallel Time: 14.3 ms, GC Workers: 8]
      [GC Worker Start (ms): Min: 469435632.5, Avg: 469435635.8, Max: 469435636.7, Diff: 4.3]
      [Ext Root Scanning (ms): Min: 2.4, Avg: 5.9, Max: 8.5, Diff: 6.1, Sum: 47.1]
      [Update RS (ms): Min: 0.0, Avg: 0.7, Max: 1.5, Diff: 1.5, Sum: 5.9]
         [Processed Buffers: Min: 0, Avg: 5.0, Max: 16, Diff: 16, Sum: 40]
      [Scan RS (ms): Min: 0.0, Avg: 0.0, Max: 0.1, Diff: 0.1, Sum: 0.2]
      [Code Root Scanning (ms): Min: 0.0, Avg: 0.0, Max: 0.0, Diff: 0.0, Sum: 0.0]
      [Object Copy (ms): Min: 0.0, Avg: 0.8, Max: 1.7, Diff: 1.7, Sum: 6.1]
      [Termination (ms): Min: 0.0, Avg: 2.1, Max: 3.3, Diff: 3.3, Sum: 16.7]
         [Termination Attempts: Min: 1, Avg: 3.5, Max: 12, Diff: 11, Sum: 28]
      [GC Worker Other (ms): Min: 0.0, Avg: 0.0, Max: 0.0, Diff: 0.0, Sum: 0.0]
      [GC Worker Total (ms): Min: 8.5, Avg: 9.5, Max: 12.8, Diff: 4.3, Sum: 76.1]
      [GC Worker End (ms): Min: 469435645.3, Avg: 469435645.3, Max: 469435645.4, Diff: 0.1]
   [Code Root Fixup: 0.0 ms]
   [Code Root Purge: 0.0 ms]
   [Clear CT: 0.7 ms]
   [Other: 38.4 ms]
      [Choose CSet: 0.0 ms]
      [Ref Proc: 38.0 ms]
      [Ref Enq: 0.1 ms]
      [Redirty Cards: 0.1 ms]
      [Humongous Register: 0.0 ms]
      [Humongous Reclaim: 0.0 ms]
      [Free CSet: 0.1 ms]
   [Eden: 7152.0M(7152.0M)->0.0B(7152.0M) Survivors: 16384.0K->16384.0K Heap: 10526.9M(14336.0M)->3375.7M(14336.0M)]
 [Times: user=0.19 sys=0.00, real=0.06 secs] 
2022-09-28T10:20:02.574-0600: 469435.685: [GC concurrent-root-region-scan-start]
2022-09-28T10:20:02.579-0600: 469435.690: [GC concurrent-root-region-scan-end, 0.0053607 secs]
2022-09-28T10:20:02.579-0600: 469435.690: [GC concurrent-mark-start]
2022-09-28T10:20:03.879-0600: 469436.990: [GC concurrent-mark-end, 1.2997864 secs]
2022-09-28T10:20:03.879-0600: 469436.990: [GC remark 2022-09-28T10:20:03.879-0600: 469436.990: [Finalize Marking, 0.0023592 secs] 2022-09-28T10:20:03.882-0600: 469436.992: [GC ref-proc, 0.0630417 secs] 2022-09-28T10:20:03.945-0600: 469437.055: [Unloading, 0.0394696 secs], 0.1102764 secs]
 [Times: user=0.29 sys=0.00, real=0.12 secs] 
2022-09-28T10:20:03.990-0600: 469437.101: [GC cleanup 3471M->3471M(14336M), 0.0105289 secs]
 [Times: user=0.02 sys=0.00, real=0.00 secs] 
2022-09-28T10:22:23.282-0600: 469576.393: [GC pause (G1 Evacuation Pause) (young), 0.0279773 secs]
   [Parallel Time: 5.5 ms, GC Workers: 8]
      [GC Worker Start (ms): Min: 469576393.0, Avg: 469576395.8, Max: 469576398.3, Diff: 5.3]
      [Ext Root Scanning (ms): Min: 0.0, Avg: 0.8, Max: 3.0, Diff: 3.0, Sum: 6.4]
      [Update RS (ms): Min: 0.0, Avg: 0.6, Max: 1.2, Diff: 1.2, Sum: 4.6]
         [Processed Buffers: Min: 0, Avg: 4.4, Max: 12, Diff: 12, Sum: 35]
      [Scan RS (ms): Min: 0.0, Avg: 0.0, Max: 0.1, Diff: 0.1, Sum: 0.2]
      [Code Root Scanning (ms): Min: 0.0, Avg: 0.0, Max: 0.0, Diff: 0.0, Sum: 0.0]
      [Object Copy (ms): Min: 0.0, Avg: 0.7, Max: 1.3, Diff: 1.3, Sum: 5.2]
      [Termination (ms): Min: 0.0, Avg: 0.4, Max: 0.6, Diff: 0.6, Sum: 3.2]
         [Termination Attempts: Min: 1, Avg: 2.2, Max: 5, Diff: 4, Sum: 18]
      [GC Worker Other (ms): Min: 0.0, Avg: 0.0, Max: 0.0, Diff: 0.0, Sum: 0.0]
      [GC Worker Total (ms): Min: 0.0, Avg: 2.5, Max: 5.3, Diff: 5.3, Sum: 19.7]
      [GC Worker End (ms): Min: 469576398.3, Avg: 469576398.3, Max: 469576398.3, Diff: 0.0]
   [Code Root Fixup: 0.0 ms]
   [Code Root Purge: 0.0 ms]
   [Clear CT: 0.9 ms]
   [Other: 21.6 ms]
      [Choose CSet: 0.0 ms]
      [Ref Proc: 21.1 ms]
      [Ref Enq: 0.1 ms]
      [Redirty Cards: 0.1 ms]
      [Humongous Register: 0.1 ms]
      [Humongous Reclaim: 0.0 ms]
      [Free CSet: 0.1 ms]
   [Eden: 7152.0M(7152.0M)->0.0B(5712.0M) Survivors: 16384.0K->16384.0K Heap: 10527.7M(14336.0M)->3377.3M(14336.0M)]
 [Times: user=0.10 sys=0.00, real=0.03 secs] 
2022-09-28T10:24:11.877-0600: 469684.988: [GC pause (G1 Evacuation Pause) (mixed), 0.3863944 secs]
   [Parallel Time: 363.5 ms, GC Workers: 8]
      [GC Worker Start (ms): Min: 469685344.7, Avg: 469685346.3, Max: 469685351.6, Diff: 6.9]
      [Ext Root Scanning (ms): Min: 0.0, Avg: 1.1, Max: 3.8, Diff: 3.8, Sum: 9.1]
      [Update RS (ms): Min: 0.0, Avg: 1.3, Max: 5.4, Diff: 5.4, Sum: 10.6]
         [Processed Buffers: Min: 0, Avg: 5.2, Max: 12, Diff: 12, Sum: 42]
      [Scan RS (ms): Min: 0.0, Avg: 0.8, Max: 1.3, Diff: 1.3, Sum: 6.5]
      [Code Root Scanning (ms): Min: 0.0, Avg: 0.1, Max: 0.6, Diff: 0.6, Sum: 0.6]
      [Object Copy (ms): Min: 0.1, Avg: 1.7, Max: 3.1, Diff: 3.1, Sum: 13.3]
      [Termination (ms): Min: 0.0, Avg: 0.5, Max: 0.7, Diff: 0.7, Sum: 3.9]
         [Termination Attempts: Min: 1, Avg: 6.0, Max: 13, Diff: 12, Sum: 48]
      [GC Worker Other (ms): Min: 0.0, Avg: 0.0, Max: 0.0, Diff: 0.0, Sum: 0.1]
      [GC Worker Total (ms): Min: 0.1, Avg: 5.5, Max: 7.0, Diff: 6.9, Sum: 44.1]
      [GC Worker End (ms): Min: 469685351.8, Avg: 469685351.8, Max: 469685351.8, Diff: 0.0]
   [Code Root Fixup: 0.0 ms]
   [Code Root Purge: 0.0 ms]
   [Clear CT: 0.6 ms]
   [Other: 22.2 ms]
      [Choose CSet: 0.0 ms]
      [Ref Proc: 21.8 ms]
      [Ref Enq: 0.1 ms]
      [Redirty Cards: 0.1 ms]
      [Humongous Register: 0.0 ms]
      [Humongous Reclaim: 0.0 ms]
      [Free CSet: 0.1 ms]
   [Eden: 5712.0M(5712.0M)->0.0B(5712.0M) Survivors: 16384.0K->16384.0K Heap: 9089.3M(14336.0M)->3366.7M(14336.0M)]
 [Times: user=0.11 sys=0.00, real=0.39 secs] 
2022-09-28T10:26:01.286-0600: 469794.397: [GC pause (G1 Evacuation Pause) (young), 0.0276095 secs]
   [Parallel Time: 9.2 ms, GC Workers: 8]
      [GC Worker Start (ms): Min: 469794397.4, Avg: 469794398.9, Max: 469794400.3, Diff: 2.9]
      [Ext Root Scanning (ms): Min: 0.0, Avg: 0.8, Max: 3.0, Diff: 3.0, Sum: 6.3]
      [Update RS (ms): Min: 4.1, Avg: 4.8, Max: 7.0, Diff: 2.9, Sum: 38.8]
         [Processed Buffers: Min: 1, Avg: 11.9, Max: 34, Diff: 33, Sum: 95]
      [Scan RS (ms): Min: 0.0, Avg: 0.0, Max: 0.1, Diff: 0.1, Sum: 0.2]
      [Code Root Scanning (ms): Min: 0.0, Avg: 0.0, Max: 0.0, Diff: 0.0, Sum: 0.0]
      [Object Copy (ms): Min: 0.0, Avg: 0.8, Max: 1.2, Diff: 1.2, Sum: 6.2]
      [Termination (ms): Min: 0.0, Avg: 1.2, Max: 1.5, Diff: 1.5, Sum: 9.7]
         [Termination Attempts: Min: 1, Avg: 4.6, Max: 9, Diff: 8, Sum: 37]
      [GC Worker Other (ms): Min: 0.0, Avg: 0.0, Max: 0.0, Diff: 0.0, Sum: 0.1]
      [GC Worker Total (ms): Min: 6.3, Avg: 7.7, Max: 9.1, Diff: 2.8, Sum: 61.3]
      [GC Worker End (ms): Min: 469794406.5, Avg: 469794406.5, Max: 469794406.6, Diff: 0.1]
   [Code Root Fixup: 0.0 ms]
   [Code Root Purge: 0.0 ms]
   [Clear CT: 0.6 ms]
   [Other: 17.8 ms]
      [Choose CSet: 0.0 ms]
      [Ref Proc: 17.4 ms]
      [Ref Enq: 0.1 ms]
      [Redirty Cards: 0.1 ms]
      [Humongous Register: 0.0 ms]
      [Humongous Reclaim: 0.0 ms]
      [Free CSet: 0.1 ms]
   [Eden: 5712.0M(5712.0M)->0.0B(7152.0M) Survivors: 16384.0K->16384.0K Heap: 9078.7M(14336.0M)->3369.3M(14336.0M)]
 [Times: user=0.09 sys=0.00, real=0.03 secs] 
2022-09-28T10:28:16.294-0600: 469929.405: [GC pause (G1 Evacuation Pause) (young) (initial-mark), 0.0929181 secs]
   [Parallel Time: 55.8 ms, GC Workers: 8]
      [GC Worker Start (ms): Min: 469929406.5, Avg: 469929445.1, Max: 469929451.3, Diff: 44.8]
      [Ext Root Scanning (ms): Min: 2.2, Avg: 12.0, Max: 46.6, Diff: 44.4, Sum: 96.2]
      [Update RS (ms): Min: 0.0, Avg: 0.7, Max: 1.9, Diff: 1.9, Sum: 5.5]
         [Processed Buffers: Min: 0, Avg: 5.2, Max: 23, Diff: 23, Sum: 42]
      [Scan RS (ms): Min: 0.0, Avg: 0.0, Max: 0.1, Diff: 0.1, Sum: 0.2]
      [Code Root Scanning (ms): Min: 0.0, Avg: 0.0, Max: 0.0, Diff: 0.0, Sum: 0.0]
      [Object Copy (ms): Min: 0.0, Avg: 0.7, Max: 2.2, Diff: 2.2, Sum: 5.7]
      [Termination (ms): Min: 0.0, Avg: 2.2, Max: 3.8, Diff: 3.8, Sum: 18.0]
         [Termination Attempts: Min: 1, Avg: 3.9, Max: 15, Diff: 14, Sum: 31]
      [GC Worker Other (ms): Min: 0.0, Avg: 0.0, Max: 0.0, Diff: 0.0, Sum: 0.0]
      [GC Worker Total (ms): Min: 9.5, Avg: 15.7, Max: 54.3, Diff: 44.9, Sum: 125.6]
      [GC Worker End (ms): Min: 469929460.7, Avg: 469929460.8, Max: 469929460.9, Diff: 0.1]
   [Code Root Fixup: 0.0 ms]
   [Code Root Purge: 0.0 ms]
   [Clear CT: 0.9 ms]
   [Other: 36.2 ms]
      [Choose CSet: 0.0 ms]
      [Ref Proc: 35.9 ms]
      [Ref Enq: 0.0 ms]
      [Redirty Cards: 0.0 ms]
      [Humongous Register: 0.0 ms]
      [Humongous Reclaim: 0.0 ms]
      [Free CSet: 0.1 ms]
   [Eden: 7152.0M(7152.0M)->0.0B(7152.0M) Survivors: 16384.0K->16384.0K Heap: 10521.3M(14336.0M)->3370.4M(14336.0M)]
 [Times: user=0.22 sys=0.00, real=0.09 secs] 
2022-09-28T10:28:16.387-0600: 469929.498: [GC concurrent-root-region-scan-start]
2022-09-28T10:28:16.392-0600: 469929.503: [GC concurrent-root-region-scan-end, 0.0047118 secs]
2022-09-28T10:28:16.392-0600: 469929.503: [GC concurrent-mark-start]
2022-09-28T10:28:17.657-0600: 469930.768: [GC concurrent-mark-end, 1.2653998 secs]
2022-09-28T10:28:17.658-0600: 469930.768: [GC remark 2022-09-28T10:28:17.658-0600: 469930.768: [Finalize Marking, 0.0027825 secs] 2022-09-28T10:28:17.660-0600: 469930.771: [GC ref-proc, 0.0811149 secs] 2022-09-28T10:28:17.741-0600: 469930.852: [Unloading, 0.0264395 secs], 0.1141162 secs]
 [Times: user=0.39 sys=0.00, real=0.12 secs] 
2022-09-28T10:28:17.778-0600: 469930.888: [GC cleanup 3474M->3474M(14336M), 0.0114040 secs]
 [Times: user=0.02 sys=0.00, real=0.02 secs] 
2022-09-28T10:30:31.778-0600: 470064.889: [GC pause (G1 Evacuation Pause) (young), 0.0349104 secs]
   [Parallel Time: 5.6 ms, GC Workers: 8]
      [GC Worker Start (ms): Min: 470064888.8, Avg: 470064890.2, Max: 470064894.3, Diff: 5.5]
      [Ext Root Scanning (ms): Min: 0.0, Avg: 1.5, Max: 4.9, Diff: 4.9, Sum: 12.1]
      [Update RS (ms): Min: 0.0, Avg: 0.7, Max: 1.6, Diff: 1.6, Sum: 5.6]
         [Processed Buffers: Min: 0, Avg: 5.0, Max: 15, Diff: 15, Sum: 40]
      [Scan RS (ms): Min: 0.0, Avg: 0.0, Max: 0.1, Diff: 0.1, Sum: 0.2]
      [Code Root Scanning (ms): Min: 0.0, Avg: 0.0, Max: 0.0, Diff: 0.0, Sum: 0.0]
      [Object Copy (ms): Min: 0.0, Avg: 1.0, Max: 1.9, Diff: 1.9, Sum: 7.8]
      [Termination (ms): Min: 0.0, Avg: 0.9, Max: 1.2, Diff: 1.2, Sum: 7.2]
         [Termination Attempts: Min: 1, Avg: 3.9, Max: 10, Diff: 9, Sum: 31]
      [GC Worker Other (ms): Min: 0.0, Avg: 0.0, Max: 0.0, Diff: 0.0, Sum: 0.0]
      [GC Worker Total (ms): Min: 0.0, Avg: 4.1, Max: 5.5, Diff: 5.5, Sum: 33.0]
      [GC Worker End (ms): Min: 470064894.3, Avg: 470064894.3, Max: 470064894.3, Diff: 0.1]
   [Code Root Fixup: 0.0 ms]
   [Code Root Purge: 0.0 ms]
   [Clear CT: 0.9 ms]
   [Other: 28.4 ms]
      [Choose CSet: 0.0 ms]
      [Ref Proc: 28.0 ms]
      [Ref Enq: 0.1 ms]
      [Redirty Cards: 0.1 ms]
      [Humongous Register: 0.0 ms]
      [Humongous Reclaim: 0.0 ms]
      [Free CSet: 0.1 ms]
   [Eden: 7152.0M(7152.0M)->0.0B(7152.0M) Survivors: 16384.0K->16384.0K Heap: 10522.4M(14336.0M)->3373.6M(14336.0M)]
 [Times: user=0.11 sys=0.00, real=0.04 secs] 
2022-09-28T10:32:48.292-0600: 470201.403: [GC pause (G1 Evacuation Pause) (young), 0.3695778 secs]
   [Parallel Time: 6.9 ms, GC Workers: 8]
      [GC Worker Start (ms): Min: 470201402.7, Avg: 470201406.2, Max: 470201409.4, Diff: 6.7]
      [Ext Root Scanning (ms): Min: 0.0, Avg: 0.8, Max: 3.0, Diff: 3.0, Sum: 6.1]
      [Update RS (ms): Min: 0.0, Avg: 0.6, Max: 2.2, Diff: 2.2, Sum: 4.9]
         [Processed Buffers: Min: 0, Avg: 5.8, Max: 25, Diff: 25, Sum: 46]
      [Scan RS (ms): Min: 0.0, Avg: 0.0, Max: 0.1, Diff: 0.1, Sum: 0.2]
      [Code Root Scanning (ms): Min: 0.0, Avg: 0.0, Max: 0.0, Diff: 0.0, Sum: 0.0]
      [Object Copy (ms): Min: 0.0, Avg: 0.6, Max: 1.3, Diff: 1.3, Sum: 5.0]
      [Termination (ms): Min: 0.0, Avg: 1.2, Max: 1.7, Diff: 1.7, Sum: 10.0]
         [Termination Attempts: Min: 1, Avg: 4.2, Max: 9, Diff: 8, Sum: 34]
      [GC Worker Other (ms): Min: 0.0, Avg: 0.0, Max: 0.0, Diff: 0.0, Sum: 0.0]
      [GC Worker Total (ms): Min: 0.0, Avg: 3.3, Max: 6.8, Diff: 6.7, Sum: 26.2]
      [GC Worker End (ms): Min: 470201409.5, Avg: 470201409.5, Max: 470201409.5, Diff: 0.1]
   [Code Root Fixup: 0.0 ms]
   [Code Root Purge: 0.0 ms]
   [Clear CT: 0.9 ms]
   [Other: 361.7 ms]
      [Choose CSet: 0.0 ms]
      [Ref Proc: 361.2 ms]
      [Ref Enq: 0.1 ms]
      [Redirty Cards: 0.1 ms]
      [Humongous Register: 0.0 ms]
      [Humongous Reclaim: 0.0 ms]
      [Free CSet: 0.2 ms]
   [Eden: 7152.0M(7152.0M)->0.0B(5712.0M) Survivors: 16384.0K->16384.0K Heap: 10525.6M(14336.0M)->3373.2M(14336.0M)]
 [Times: user=0.45 sys=0.00, real=0.37 secs] 
2022-09-28T10:34:36.769-0600: 470309.880: [GC pause (G1 Evacuation Pause) (young) (initial-mark), 0.0581074 secs]
   [Parallel Time: 13.6 ms, GC Workers: 8]
      [GC Worker Start (ms): Min: 470309881.7, Avg: 470309883.7, Max: 470309884.7, Diff: 3.0]
      [Ext Root Scanning (ms): Min: 2.3, Avg: 6.6, Max: 10.0, Diff: 7.8, Sum: 52.6]
      [Update RS (ms): Min: 0.0, Avg: 0.6, Max: 1.6, Diff: 1.6, Sum: 4.9]
         [Processed Buffers: Min: 0, Avg: 4.8, Max: 21, Diff: 21, Sum: 38]
      [Scan RS (ms): Min: 0.0, Avg: 0.0, Max: 0.1, Diff: 0.1, Sum: 0.2]
      [Code Root Scanning (ms): Min: 0.0, Avg: 0.0, Max: 0.0, Diff: 0.0, Sum: 0.0]
      [Object Copy (ms): Min: 0.0, Avg: 0.6, Max: 1.7, Diff: 1.7, Sum: 4.9]
      [Termination (ms): Min: 0.0, Avg: 2.2, Max: 3.8, Diff: 3.8, Sum: 17.9]
         [Termination Attempts: Min: 1, Avg: 1.5, Max: 3, Diff: 2, Sum: 12]
      [GC Worker Other (ms): Min: 0.0, Avg: 0.0, Max: 0.0, Diff: 0.0, Sum: 0.0]
      [GC Worker Total (ms): Min: 9.1, Avg: 10.1, Max: 12.2, Diff: 3.1, Sum: 80.4]
      [GC Worker End (ms): Min: 470309893.7, Avg: 470309893.8, Max: 470309893.9, Diff: 0.1]
   [Code Root Fixup: 0.0 ms]
   [Code Root Purge: 0.0 ms]
   [Clear CT: 0.7 ms]
   [Other: 43.8 ms]
      [Choose CSet: 0.0 ms]
      [Ref Proc: 43.4 ms]
      [Ref Enq: 0.1 ms]
      [Redirty Cards: 0.1 ms]
      [Humongous Register: 0.0 ms]
      [Humongous Reclaim: 0.0 ms]
      [Free CSet: 0.1 ms]
   [Eden: 5712.0M(5712.0M)->0.0B(7152.0M) Survivors: 16384.0K->16384.0K Heap: 9085.2M(14336.0M)->3373.1M(14336.0M)]
 [Times: user=0.18 sys=0.00, real=0.05 secs] 
2022-09-28T10:34:36.828-0600: 470309.939: [GC concurrent-root-region-scan-start]
2022-09-28T10:34:36.833-0600: 470309.943: [GC concurrent-root-region-scan-end, 0.0048920 secs]
2022-09-28T10:34:36.833-0600: 470309.943: [GC concurrent-mark-start]
2022-09-28T10:34:38.086-0600: 470311.197: [GC concurrent-mark-end, 1.2533477 secs]
2022-09-28T10:34:38.086-0600: 470311.197: [GC remark 2022-09-28T10:34:38.086-0600: 470311.197: [Finalize Marking, 0.0021392 secs] 2022-09-28T10:34:38.088-0600: 470311.199: [GC ref-proc, 0.0326905 secs] 2022-09-28T10:34:38.121-0600: 470311.232: [Unloading, 0.0266568 secs], 0.0666274 secs]
 [Times: user=0.25 sys=0.00, real=0.07 secs] 
2022-09-28T10:34:38.153-0600: 470311.264: [GC cleanup 3461M->3461M(14336M), 0.0077439 secs]
 [Times: user=0.02 sys=0.00, real=0.01 secs] 
2022-09-28T10:36:55.629-0600: 470448.740: [GC pause (G1 Evacuation Pause) (young), 0.0256397 secs]
   [Parallel Time: 4.3 ms, GC Workers: 8]
      [GC Worker Start (ms): Min: 470448739.8, Avg: 470448740.7, Max: 470448744.0, Diff: 4.2]
      [Ext Root Scanning (ms): Min: 0.0, Avg: 1.3, Max: 3.4, Diff: 3.4, Sum: 10.4]
      [Update RS (ms): Min: 0.0, Avg: 0.7, Max: 1.3, Diff: 1.3, Sum: 5.9]
         [Processed Buffers: Min: 0, Avg: 5.1, Max: 13, Diff: 13, Sum: 41]
      [Scan RS (ms): Min: 0.0, Avg: 0.0, Max: 0.1, Diff: 0.1, Sum: 0.3]
      [Code Root Scanning (ms): Min: 0.0, Avg: 0.0, Max: 0.0, Diff: 0.0, Sum: 0.0]
      [Object Copy (ms): Min: 0.0, Avg: 0.7, Max: 1.2, Diff: 1.2, Sum: 5.8]
      [Termination (ms): Min: 0.0, Avg: 0.5, Max: 0.6, Diff: 0.6, Sum: 4.3]
         [Termination Attempts: Min: 1, Avg: 3.9, Max: 8, Diff: 7, Sum: 31]
      [GC Worker Other (ms): Min: 0.0, Avg: 0.0, Max: 0.0, Diff: 0.0, Sum: 0.1]
      [GC Worker Total (ms): Min: 0.0, Avg: 3.3, Max: 4.2, Diff: 4.2, Sum: 26.7]
      [GC Worker End (ms): Min: 470448744.0, Avg: 470448744.0, Max: 470448744.1, Diff: 0.0]
   [Code Root Fixup: 0.0 ms]
   [Code Root Purge: 0.0 ms]
   [Clear CT: 0.9 ms]
   [Other: 20.4 ms]
      [Choose CSet: 0.0 ms]
      [Ref Proc: 20.0 ms]
      [Ref Enq: 0.1 ms]
      [Redirty Cards: 0.1 ms]
      [Humongous Register: 0.0 ms]
      [Humongous Reclaim: 0.0 ms]
      [Free CSet: 0.1 ms]
   [Eden: 7152.0M(7152.0M)->0.0B(5712.0M) Survivors: 16384.0K->16384.0K Heap: 10525.1M(14336.0M)->3373.9M(14336.0M)]
 [Times: user=0.08 sys=0.00, real=0.02 secs] 
2022-09-28T10:38:45.281-0600: 470558.392: [GC pause (G1 Evacuation Pause) (mixed), 0.0336689 secs]
   [Parallel Time: 7.3 ms, GC Workers: 8]
      [GC Worker Start (ms): Min: 470558391.7, Avg: 470558392.1, Max: 470558392.1, Diff: 0.4]
      [Ext Root Scanning (ms): Min: 1.0, Avg: 2.6, Max: 6.8, Diff: 5.9, Sum: 20.6]
      [Update RS (ms): Min: 0.0, Avg: 0.7, Max: 1.6, Diff: 1.6, Sum: 5.4]
         [Processed Buffers: Min: 0, Avg: 5.4, Max: 19, Diff: 19, Sum: 43]
      [Scan RS (ms): Min: 0.0, Avg: 0.6, Max: 1.0, Diff: 1.0, Sum: 4.8]
      [Code Root Scanning (ms): Min: 0.0, Avg: 0.0, Max: 0.0, Diff: 0.0, Sum: 0.0]
      [Object Copy (ms): Min: 0.0, Avg: 2.5, Max: 3.0, Diff: 3.0, Sum: 20.2]
      [Termination (ms): Min: 0.0, Avg: 0.5, Max: 0.6, Diff: 0.6, Sum: 4.4]
         [Termination Attempts: Min: 1, Avg: 1.1, Max: 2, Diff: 1, Sum: 9]
      [GC Worker Other (ms): Min: 0.0, Avg: 0.0, Max: 0.0, Diff: 0.0, Sum: 0.1]
      [GC Worker Total (ms): Min: 6.9, Avg: 6.9, Max: 7.2, Diff: 0.4, Sum: 55.5]
      [GC Worker End (ms): Min: 470558399.0, Avg: 470558399.0, Max: 470558399.0, Diff: 0.0]
   [Code Root Fixup: 0.0 ms]
   [Code Root Purge: 0.0 ms]
   [Clear CT: 1.0 ms]
   [Other: 25.4 ms]
      [Choose CSet: 0.0 ms]
      [Ref Proc: 25.0 ms]
      [Ref Enq: 0.1 ms]
      [Redirty Cards: 0.1 ms]
      [Humongous Register: 0.0 ms]
      [Humongous Reclaim: 0.0 ms]
      [Free CSet: 0.1 ms]
   [Eden: 5712.0M(5712.0M)->0.0B(7152.0M) Survivors: 16384.0K->16384.0K Heap: 9085.9M(14336.0M)->3366.9M(14336.0M)]
 [Times: user=0.13 sys=0.00, real=0.03 secs] 
2022-09-28T10:41:05.179-0600: 470698.290: [GC pause (G1 Evacuation Pause) (young), 0.2672535 secs]
   [Parallel Time: 7.4 ms, GC Workers: 8]
      [GC Worker Start (ms): Min: 470698290.2, Avg: 470698292.3, Max: 470698297.3, Diff: 7.2]
      [Ext Root Scanning (ms): Min: 0.0, Avg: 0.9, Max: 3.1, Diff: 3.1, Sum: 7.0]
      [Update RS (ms): Min: 0.0, Avg: 2.9, Max: 5.7, Diff: 5.7, Sum: 23.6]
         [Processed Buffers: Min: 0, Avg: 10.8, Max: 24, Diff: 24, Sum: 86]
      [Scan RS (ms): Min: 0.0, Avg: 0.0, Max: 0.1, Diff: 0.1, Sum: 0.2]
      [Code Root Scanning (ms): Min: 0.0, Avg: 0.0, Max: 0.0, Diff: 0.0, Sum: 0.0]
      [Object Copy (ms): Min: 0.0, Avg: 0.8, Max: 1.5, Diff: 1.5, Sum: 6.3]
      [Termination (ms): Min: 0.0, Avg: 0.4, Max: 0.7, Diff: 0.7, Sum: 3.5]
         [Termination Attempts: Min: 1, Avg: 7.8, Max: 14, Diff: 13, Sum: 62]
      [GC Worker Other (ms): Min: 0.0, Avg: 0.0, Max: 0.0, Diff: 0.0, Sum: 0.1]
      [GC Worker Total (ms): Min: 0.1, Avg: 5.1, Max: 7.3, Diff: 7.2, Sum: 40.6]
      [GC Worker End (ms): Min: 470698297.4, Avg: 470698297.4, Max: 470698297.5, Diff: 0.1]
   [Code Root Fixup: 0.0 ms]
   [Code Root Purge: 0.0 ms]
   [Clear CT: 2.5 ms]
   [Other: 257.3 ms]
      [Choose CSet: 0.0 ms]
      [Ref Proc: 256.8 ms]
      [Ref Enq: 0.1 ms]
      [Redirty Cards: 0.1 ms]
      [Humongous Register: 0.0 ms]
      [Humongous Reclaim: 0.0 ms]
      [Free CSet: 0.2 ms]
   [Eden: 7152.0M(7152.0M)->0.0B(7152.0M) Survivors: 16384.0K->16384.0K Heap: 10518.9M(14336.0M)->3370.0M(14336.0M)]
 [Times: user=0.39 sys=0.02, real=0.27 secs] 
2022-09-28T10:43:27.578-0600: 470840.689: [GC pause (G1 Evacuation Pause) (young) (initial-mark), 0.1046061 secs]
   [Parallel Time: 72.8 ms, GC Workers: 8]
      [GC Worker Start (ms): Min: 470840727.4, Avg: 470840730.4, Max: 470840733.8, Diff: 6.4]
      [Ext Root Scanning (ms): Min: 2.0, Avg: 9.4, Max: 12.7, Diff: 10.8, Sum: 75.4]
      [Update RS (ms): Min: 0.0, Avg: 0.5, Max: 2.0, Diff: 2.0, Sum: 3.9]
         [Processed Buffers: Min: 0, Avg: 4.9, Max: 26, Diff: 26, Sum: 39]
      [Scan RS (ms): Min: 0.0, Avg: 0.0, Max: 0.1, Diff: 0.1, Sum: 0.2]
      [Code Root Scanning (ms): Min: 0.0, Avg: 0.0, Max: 0.0, Diff: 0.0, Sum: 0.0]
      [Object Copy (ms): Min: 0.0, Avg: 0.4, Max: 1.4, Diff: 1.4, Sum: 2.8]
      [Termination (ms): Min: 0.0, Avg: 2.6, Max: 4.4, Diff: 4.4, Sum: 20.7]
         [Termination Attempts: Min: 1, Avg: 1.1, Max: 2, Diff: 1, Sum: 9]
      [GC Worker Other (ms): Min: 0.0, Avg: 0.0, Max: 0.0, Diff: 0.0, Sum: 0.0]
      [GC Worker Total (ms): Min: 9.5, Avg: 12.9, Max: 16.1, Diff: 6.6, Sum: 103.1]
      [GC Worker End (ms): Min: 470840743.3, Avg: 470840743.3, Max: 470840743.4, Diff: 0.1]
   [Code Root Fixup: 0.0 ms]
   [Code Root Purge: 0.0 ms]
   [Clear CT: 0.8 ms]
   [Other: 31.0 ms]
      [Choose CSet: 0.0 ms]
      [Ref Proc: 30.6 ms]
      [Ref Enq: 0.1 ms]
      [Redirty Cards: 0.0 ms]
      [Humongous Register: 0.0 ms]
      [Humongous Reclaim: 0.0 ms]
      [Free CSet: 0.1 ms]
   [Eden: 7152.0M(7152.0M)->0.0B(7152.0M) Survivors: 16384.0K->16384.0K Heap: 10522.0M(14336.0M)->3370.0M(14336.0M)]
 [Times: user=0.13 sys=0.00, real=0.11 secs] 
2022-09-28T10:43:27.683-0600: 470840.794: [GC concurrent-root-region-scan-start]
2022-09-28T10:43:27.687-0600: 470840.798: [GC concurrent-root-region-scan-end, 0.0045343 secs]
2022-09-28T10:43:27.687-0600: 470840.798: [GC concurrent-mark-start]
2022-09-28T10:43:28.997-0600: 470842.108: [GC concurrent-mark-end, 1.3097031 secs]
2022-09-28T10:43:28.997-0600: 470842.108: [GC remark 2022-09-28T10:43:28.997-0600: 470842.108: [Finalize Marking, 0.0017029 secs] 2022-09-28T10:43:28.999-0600: 470842.110: [GC ref-proc, 0.0355762 secs] 2022-09-28T10:43:29.035-0600: 470842.146: [Unloading, 0.0255648 secs], 0.0668572 secs]
 [Times: user=0.29 sys=0.00, real=0.07 secs] 
2022-09-28T10:43:29.064-0600: 470842.175: [GC cleanup 3474M->3474M(14336M), 0.0077047 secs]
 [Times: user=0.02 sys=0.00, real=0.01 secs] 
2022-09-28T10:45:49.751-0600: 470982.862: [GC pause (G1 Evacuation Pause) (young), 0.0381585 secs]
   [Parallel Time: 13.7 ms, GC Workers: 8]
      [GC Worker Start (ms): Min: 470982861.6, Avg: 470982865.5, Max: 470982868.6, Diff: 7.0]
      [Ext Root Scanning (ms): Min: 0.0, Avg: 0.9, Max: 3.4, Diff: 3.4, Sum: 7.0]
      [Update RS (ms): Min: 0.0, Avg: 0.7, Max: 2.2, Diff: 2.2, Sum: 5.4]
         [Processed Buffers: Min: 0, Avg: 4.8, Max: 21, Diff: 21, Sum: 38]
      [Scan RS (ms): Min: 0.0, Avg: 0.0, Max: 0.1, Diff: 0.1, Sum: 0.2]
      [Code Root Scanning (ms): Min: 0.0, Avg: 0.0, Max: 0.0, Diff: 0.0, Sum: 0.0]
      [Object Copy (ms): Min: 0.0, Avg: 2.2, Max: 9.1, Diff: 9.1, Sum: 17.5]
      [Termination (ms): Min: 0.0, Avg: 6.0, Max: 7.3, Diff: 7.3, Sum: 47.7]
         [Termination Attempts: Min: 1, Avg: 2.6, Max: 7, Diff: 6, Sum: 21]
      [GC Worker Other (ms): Min: 0.0, Avg: 0.0, Max: 0.0, Diff: 0.0, Sum: 0.0]
      [GC Worker Total (ms): Min: 6.6, Avg: 9.7, Max: 13.6, Diff: 7.0, Sum: 77.9]
      [GC Worker End (ms): Min: 470982875.2, Avg: 470982875.2, Max: 470982875.3, Diff: 0.1]
   [Code Root Fixup: 0.0 ms]
   [Code Root Purge: 0.0 ms]
   [Clear CT: 0.8 ms]
   [Other: 23.6 ms]
      [Choose CSet: 0.0 ms]
      [Ref Proc: 23.2 ms]
      [Ref Enq: 0.1 ms]
      [Redirty Cards: 0.1 ms]
      [Humongous Register: 0.0 ms]
      [Humongous Reclaim: 0.0 ms]
      [Free CSet: 0.1 ms]
   [Eden: 7152.0M(7152.0M)->0.0B(7152.0M) Survivors: 16384.0K->16384.0K Heap: 10522.0M(14336.0M)->3371.0M(14336.0M)]
 [Times: user=0.13 sys=0.00, real=0.04 secs] 
2022-09-28T10:48:08.478-0600: 471121.589: [GC pause (G1 Evacuation Pause) (young), 0.0344316 secs]
   [Parallel Time: 6.7 ms, GC Workers: 8]
      [GC Worker Start (ms): Min: 471121589.2, Avg: 471121592.5, Max: 471121595.8, Diff: 6.5]
      [Ext Root Scanning (ms): Min: 0.0, Avg: 0.9, Max: 3.0, Diff: 3.0, Sum: 7.0]
      [Update RS (ms): Min: 0.0, Avg: 0.6, Max: 1.4, Diff: 1.4, Sum: 4.4]
         [Processed Buffers: Min: 0, Avg: 4.8, Max: 16, Diff: 16, Sum: 38]
      [Scan RS (ms): Min: 0.0, Avg: 0.0, Max: 0.1, Diff: 0.1, Sum: 0.2]
      [Code Root Scanning (ms): Min: 0.0, Avg: 0.0, Max: 0.0, Diff: 0.0, Sum: 0.0]
      [Object Copy (ms): Min: 0.0, Avg: 0.6, Max: 1.3, Diff: 1.3, Sum: 4.9]
      [Termination (ms): Min: 0.0, Avg: 1.2, Max: 1.8, Diff: 1.8, Sum: 9.5]
         [Termination Attempts: Min: 1, Avg: 1.0, Max: 1, Diff: 0, Sum: 8]
      [GC Worker Other (ms): Min: 0.0, Avg: 0.0, Max: 0.0, Diff: 0.0, Sum: 0.0]
      [GC Worker Total (ms): Min: 0.0, Avg: 3.3, Max: 6.5, Diff: 6.5, Sum: 26.0]
      [GC Worker End (ms): Min: 471121595.8, Avg: 471121595.8, Max: 471121595.8, Diff: 0.0]
   [Code Root Fixup: 0.0 ms]
   [Code Root Purge: 0.0 ms]
   [Clear CT: 0.7 ms]
   [Other: 27.0 ms]
      [Choose CSet: 0.0 ms]
      [Ref Proc: 26.6 ms]
      [Ref Enq: 0.1 ms]
      [Redirty Cards: 0.1 ms]
      [Humongous Register: 0.0 ms]
      [Humongous Reclaim: 0.0 ms]
      [Free CSet: 0.1 ms]
   [Eden: 7152.0M(7152.0M)->0.0B(7152.0M) Survivors: 16384.0K->16384.0K Heap: 10523.0M(14336.0M)->3372.6M(14336.0M)]
 [Times: user=0.11 sys=0.00, real=0.04 secs] 
2022-09-28T10:50:29.300-0600: 471262.411: [GC pause (G1 Evacuation Pause) (young) (initial-mark), 0.0342006 secs]
   [Parallel Time: 14.8 ms, GC Workers: 8]
      [GC Worker Start (ms): Min: 471262412.6, Avg: 471262414.7, Max: 471262415.7, Diff: 3.1]
      [Ext Root Scanning (ms): Min: 1.4, Avg: 8.0, Max: 11.7, Diff: 10.3, Sum: 64.1]
      [Update RS (ms): Min: 0.0, Avg: 0.6, Max: 3.7, Diff: 3.7, Sum: 4.6]
         [Processed Buffers: Min: 0, Avg: 4.4, Max: 23, Diff: 23, Sum: 35]
      [Scan RS (ms): Min: 0.0, Avg: 0.0, Max: 0.1, Diff: 0.1, Sum: 0.2]
      [Code Root Scanning (ms): Min: 0.0, Avg: 0.0, Max: 0.0, Diff: 0.0, Sum: 0.0]
      [Object Copy (ms): Min: 0.0, Avg: 0.8, Max: 2.2, Diff: 2.2, Sum: 6.7]
      [Termination (ms): Min: 0.0, Avg: 1.7, Max: 3.1, Diff: 3.1, Sum: 13.4]
         [Termination Attempts: Min: 1, Avg: 6.0, Max: 23, Diff: 22, Sum: 48]
      [GC Worker Other (ms): Min: 0.0, Avg: 0.0, Max: 0.0, Diff: 0.0, Sum: 0.1]
      [GC Worker Total (ms): Min: 10.1, Avg: 11.1, Max: 13.2, Diff: 3.1, Sum: 89.0]
      [GC Worker End (ms): Min: 471262425.8, Avg: 471262425.8, Max: 471262426.0, Diff: 0.2]
   [Code Root Fixup: 0.0 ms]
   [Code Root Purge: 0.0 ms]
   [Clear CT: 0.5 ms]
   [Other: 18.9 ms]
      [Choose CSet: 0.0 ms]
      [Ref Proc: 18.4 ms]
      [Ref Enq: 0.1 ms]
      [Redirty Cards: 0.1 ms]
      [Humongous Register: 0.0 ms]
      [Humongous Reclaim: 0.0 ms]
      [Free CSet: 0.1 ms]
   [Eden: 7152.0M(7152.0M)->0.0B(7152.0M) Survivors: 16384.0K->16384.0K Heap: 10524.6M(14336.0M)->3373.1M(14336.0M)]
 [Times: user=0.10 sys=0.00, real=0.03 secs] 
2022-09-28T10:50:29.365-0600: 471262.476: [GC concurrent-root-region-scan-start]
2022-09-28T10:50:29.370-0600: 471262.481: [GC concurrent-root-region-scan-end, 0.0049196 secs]
2022-09-28T10:50:29.370-0600: 471262.481: [GC concurrent-mark-start]
2022-09-28T10:50:30.622-0600: 471263.733: [GC concurrent-mark-end, 1.2523505 secs]
2022-09-28T10:50:30.623-0600: 471263.734: [GC remark 2022-09-28T10:50:30.623-0600: 471263.734: [Finalize Marking, 0.0554483 secs] 2022-09-28T10:50:30.678-0600: 471263.789: [GC ref-proc, 0.0595350 secs] 2022-09-28T10:50:30.738-0600: 471263.849: [Unloading, 0.0353068 secs], 0.1600380 secs]
 [Times: user=0.52 sys=0.00, real=0.16 secs] 
2022-09-28T10:50:30.783-0600: 471263.894: [GC cleanup 3469M->3469M(14336M), 0.0180137 secs]
 [Times: user=0.04 sys=0.00, real=0.02 secs] 
2022-09-28T10:52:49.482-0600: 471402.593: [GC pause (G1 Evacuation Pause) (young), 0.1661985 secs]
   [Parallel Time: 127.6 ms, GC Workers: 8]
      [GC Worker Start (ms): Min: 471402592.6, Avg: 471402702.0, Max: 471402718.5, Diff: 125.8]
      [Ext Root Scanning (ms): Min: 0.0, Avg: 1.0, Max: 5.4, Diff: 5.4, Sum: 8.0]
      [Update RS (ms): Min: 0.0, Avg: 0.5, Max: 3.8, Diff: 3.8, Sum: 3.8]
         [Processed Buffers: Min: 0, Avg: 5.5, Max: 44, Diff: 44, Sum: 44]
      [Scan RS (ms): Min: 0.0, Avg: 0.0, Max: 0.1, Diff: 0.1, Sum: 0.2]
      [Code Root Scanning (ms): Min: 0.0, Avg: 0.0, Max: 0.0, Diff: 0.0, Sum: 0.0]
      [Object Copy (ms): Min: 0.0, Avg: 0.5, Max: 4.3, Diff: 4.3, Sum: 4.3]
      [Termination (ms): Min: 0.0, Avg: 16.0, Max: 113.9, Diff: 113.9, Sum: 127.8]
         [Termination Attempts: Min: 1, Avg: 1.0, Max: 1, Diff: 0, Sum: 8]
      [GC Worker Other (ms): Min: 0.0, Avg: 0.0, Max: 0.0, Diff: 0.0, Sum: 0.0]
      [GC Worker Total (ms): Min: 1.6, Avg: 18.0, Max: 127.5, Diff: 125.8, Sum: 144.1]
      [GC Worker End (ms): Min: 471402719.9, Avg: 471402720.0, Max: 471402720.1, Diff: 0.2]
   [Code Root Fixup: 0.0 ms]
   [Code Root Purge: 0.0 ms]
   [Clear CT: 0.8 ms]
   [Other: 37.8 ms]
      [Choose CSet: 0.0 ms]
      [Ref Proc: 37.5 ms]
      [Ref Enq: 0.1 ms]
      [Redirty Cards: 0.1 ms]
      [Humongous Register: 0.0 ms]
      [Humongous Reclaim: 0.0 ms]
      [Free CSet: 0.1 ms]
   [Eden: 7152.0M(7152.0M)->0.0B(5712.0M) Survivors: 16384.0K->16384.0K Heap: 10525.1M(14336.0M)->3372.7M(14336.0M)]
 [Times: user=0.37 sys=0.00, real=0.16 secs] 
2022-09-28T10:54:43.294-0600: 471516.405: [GC pause (G1 Evacuation Pause) (mixed), 0.0365894 secs]
   [Parallel Time: 7.9 ms, GC Workers: 8]
      [GC Worker Start (ms): Min: 471516404.8, Avg: 471516407.6, Max: 471516412.6, Diff: 7.8]
      [Ext Root Scanning (ms): Min: 0.0, Avg: 0.9, Max: 3.5, Diff: 3.5, Sum: 7.1]
      [Update RS (ms): Min: 0.0, Avg: 0.7, Max: 1.6, Diff: 1.6, Sum: 5.7]
         [Processed Buffers: Min: 0, Avg: 4.6, Max: 12, Diff: 12, Sum: 37]
      [Scan RS (ms): Min: 0.0, Avg: 0.5, Max: 0.8, Diff: 0.8, Sum: 3.8]
      [Code Root Scanning (ms): Min: 0.0, Avg: 0.0, Max: 0.0, Diff: 0.0, Sum: 0.1]
      [Object Copy (ms): Min: 0.0, Avg: 1.9, Max: 2.7, Diff: 2.7, Sum: 15.3]
      [Termination (ms): Min: 0.0, Avg: 1.0, Max: 1.2, Diff: 1.2, Sum: 7.9]
         [Termination Attempts: Min: 1, Avg: 1.0, Max: 1, Diff: 0, Sum: 8]
      [GC Worker Other (ms): Min: 0.0, Avg: 0.0, Max: 0.0, Diff: 0.0, Sum: 0.1]
      [GC Worker Total (ms): Min: 0.0, Avg: 5.0, Max: 7.8, Diff: 7.8, Sum: 39.9]
      [GC Worker End (ms): Min: 471516412.6, Avg: 471516412.6, Max: 471516412.6, Diff: 0.1]
   [Code Root Fixup: 0.0 ms]
   [Code Root Purge: 0.0 ms]
   [Clear CT: 0.9 ms]
   [Other: 27.8 ms]
      [Choose CSet: 0.0 ms]
      [Ref Proc: 27.4 ms]
      [Ref Enq: 0.1 ms]
      [Redirty Cards: 0.1 ms]
      [Humongous Register: 0.0 ms]
      [Humongous Reclaim: 0.0 ms]
      [Free CSet: 0.1 ms]
   [Eden: 5712.0M(5712.0M)->0.0B(7152.0M) Survivors: 16384.0K->16384.0K Heap: 9084.7M(14336.0M)->3366.6M(14336.0M)]
 [Times: user=0.12 sys=0.00, real=0.04 secs] 
2022-09-28T10:57:04.179-0600: 471657.290: [GC pause (G1 Evacuation Pause) (young), 0.1323031 secs]
   [Parallel Time: 9.9 ms, GC Workers: 8]
      [GC Worker Start (ms): Min: 471657290.3, Avg: 471657294.6, Max: 471657299.8, Diff: 9.5]
      [Ext Root Scanning (ms): Min: 0.0, Avg: 0.8, Max: 3.0, Diff: 3.0, Sum: 6.3]
      [Update RS (ms): Min: 0.0, Avg: 3.2, Max: 6.9, Diff: 6.9, Sum: 25.3]
         [Processed Buffers: Min: 0, Avg: 12.9, Max: 26, Diff: 26, Sum: 103]
      [Scan RS (ms): Min: 0.0, Avg: 0.0, Max: 0.1, Diff: 0.1, Sum: 0.2]
      [Code Root Scanning (ms): Min: 0.0, Avg: 0.0, Max: 0.0, Diff: 0.0, Sum: 0.0]
      [Object Copy (ms): Min: 0.0, Avg: 0.9, Max: 2.2, Diff: 2.2, Sum: 7.2]
      [Termination (ms): Min: 0.0, Avg: 0.4, Max: 0.8, Diff: 0.8, Sum: 3.2]
         [Termination Attempts: Min: 1, Avg: 2.4, Max: 6, Diff: 5, Sum: 19]
      [GC Worker Other (ms): Min: 0.0, Avg: 0.0, Max: 0.0, Diff: 0.0, Sum: 0.1]
      [GC Worker Total (ms): Min: 0.0, Avg: 5.3, Max: 9.6, Diff: 9.6, Sum: 42.3]
      [GC Worker End (ms): Min: 471657299.9, Avg: 471657299.9, Max: 471657300.0, Diff: 0.2]
   [Code Root Fixup: 0.0 ms]
   [Code Root Purge: 0.0 ms]
   [Clear CT: 1.0 ms]
   [Other: 121.4 ms]
      [Choose CSet: 0.0 ms]
      [Ref Proc: 121.0 ms]
      [Ref Enq: 0.1 ms]
      [Redirty Cards: 0.1 ms]
      [Humongous Register: 0.0 ms]
      [Humongous Reclaim: 0.0 ms]
      [Free CSet: 0.1 ms]
   [Eden: 7152.0M(7152.0M)->0.0B(7152.0M) Survivors: 16384.0K->16384.0K Heap: 10518.6M(14336.0M)->3369.8M(14336.0M)]
 [Times: user=0.63 sys=0.00, real=0.14 secs] 
2022-09-28T10:59:19.287-0600: 471792.398: [GC pause (G1 Evacuation Pause) (young) (initial-mark), 0.0896455 secs]
   [Parallel Time: 13.1 ms, GC Workers: 8]
      [GC Worker Start (ms): Min: 471792399.0, Avg: 471792400.8, Max: 471792401.8, Diff: 2.8]
      [Ext Root Scanning (ms): Min: 2.2, Avg: 5.9, Max: 8.9, Diff: 6.7, Sum: 47.6]
      [Update RS (ms): Min: 0.0, Avg: 0.7, Max: 1.6, Diff: 1.6, Sum: 5.8]
         [Processed Buffers: Min: 0, Avg: 4.8, Max: 19, Diff: 19, Sum: 38]
      [Scan RS (ms): Min: 0.0, Avg: 0.0, Max: 0.1, Diff: 0.1, Sum: 0.2]
      [Code Root Scanning (ms): Min: 0.0, Avg: 0.0, Max: 0.0, Diff: 0.0, Sum: 0.0]
      [Object Copy (ms): Min: 0.0, Avg: 0.7, Max: 1.5, Diff: 1.5, Sum: 5.4]
      [Termination (ms): Min: 0.0, Avg: 2.6, Max: 4.1, Diff: 4.1, Sum: 20.7]
         [Termination Attempts: Min: 1, Avg: 2.1, Max: 5, Diff: 4, Sum: 17]
      [GC Worker Other (ms): Min: 0.0, Avg: 0.0, Max: 0.0, Diff: 0.0, Sum: 0.0]
      [GC Worker Total (ms): Min: 8.9, Avg: 10.0, Max: 11.7, Diff: 2.8, Sum: 79.8]
      [GC Worker End (ms): Min: 471792410.7, Avg: 471792410.8, Max: 471792410.8, Diff: 0.1]
   [Code Root Fixup: 0.0 ms]
   [Code Root Purge: 0.0 ms]
   [Clear CT: 1.1 ms]
   [Other: 75.4 ms]
      [Choose CSet: 0.0 ms]
      [Ref Proc: 75.0 ms]
      [Ref Enq: 0.1 ms]
      [Redirty Cards: 0.1 ms]
      [Humongous Register: 0.0 ms]
      [Humongous Reclaim: 0.0 ms]
      [Free CSet: 0.1 ms]
   [Eden: 7152.0M(7152.0M)->0.0B(7152.0M) Survivors: 16384.0K->16384.0K Heap: 10521.8M(14336.0M)->3370.4M(14336.0M)]
 [Times: user=0.15 sys=0.00, real=0.09 secs] 
2022-09-28T10:59:19.377-0600: 471792.487: [GC concurrent-root-region-scan-start]
2022-09-28T10:59:19.381-0600: 471792.491: [GC concurrent-root-region-scan-end, 0.0040219 secs]
2022-09-28T10:59:19.381-0600: 471792.492: [GC concurrent-mark-start]
2022-09-28T10:59:20.699-0600: 471793.810: [GC concurrent-mark-end, 1.3181066 secs]
2022-09-28T10:59:20.699-0600: 471793.810: [GC remark 2022-09-28T10:59:20.699-0600: 471793.810: [Finalize Marking, 0.0026532 secs] 2022-09-28T10:59:20.701-0600: 471793.812: [GC ref-proc, 0.0390791 secs] 2022-09-28T10:59:20.741-0600: 471793.851: [Unloading, 0.0287437 secs], 0.0827131 secs]
 [Times: user=0.29 sys=0.00, real=0.09 secs] 
2022-09-28T10:59:20.783-0600: 471793.894: [GC cleanup 3474M->3474M(14336M), 0.0070446 secs]
 [Times: user=0.02 sys=0.00, real=0.01 secs] 
2022-09-28T11:01:39.287-0600: 471932.398: [GC pause (G1 Evacuation Pause) (young), 0.2827083 secs]
   [Parallel Time: 248.0 ms, GC Workers: 8]
      [GC Worker Start (ms): Min: 471932402.1, Avg: 471932499.6, Max: 471932644.7, Diff: 242.6]
      [Ext Root Scanning (ms): Min: 0.0, Avg: 0.8, Max: 3.3, Diff: 3.3, Sum: 6.7]
      [Update RS (ms): Min: 0.0, Avg: 0.6, Max: 1.8, Diff: 1.8, Sum: 4.9]
         [Processed Buffers: Min: 0, Avg: 4.6, Max: 18, Diff: 18, Sum: 37]
      [Scan RS (ms): Min: 0.0, Avg: 0.0, Max: 0.1, Diff: 0.1, Sum: 0.3]
      [Code Root Scanning (ms): Min: 0.0, Avg: 0.0, Max: 0.0, Diff: 0.0, Sum: 0.0]
      [Object Copy (ms): Min: 0.0, Avg: 1.0, Max: 2.1, Diff: 2.1, Sum: 7.7]
      [Termination (ms): Min: 0.0, Avg: 142.9, Max: 238.0, Diff: 238.0, Sum: 1143.0]
         [Termination Attempts: Min: 1, Avg: 1.9, Max: 4, Diff: 3, Sum: 15]
      [GC Worker Other (ms): Min: 0.0, Avg: 0.0, Max: 0.0, Diff: 0.0, Sum: 0.0]
      [GC Worker Total (ms): Min: 0.0, Avg: 145.3, Max: 243.7, Diff: 243.7, Sum: 1162.6]
      [GC Worker End (ms): Min: 471932644.8, Avg: 471932644.9, Max: 471932645.8, Diff: 1.0]
   [Code Root Fixup: 0.0 ms]
   [Code Root Purge: 0.0 ms]
   [Clear CT: 0.7 ms]
   [Other: 34.0 ms]
      [Choose CSet: 0.0 ms]
      [Ref Proc: 33.6 ms]
      [Ref Enq: 0.1 ms]
      [Redirty Cards: 0.1 ms]
      [Humongous Register: 0.0 ms]
      [Humongous Reclaim: 0.0 ms]
      [Free CSet: 0.2 ms]
   [Eden: 7152.0M(7152.0M)->0.0B(7152.0M) Survivors: 16384.0K->16384.0K Heap: 10522.4M(14336.0M)->3372.3M(14336.0M)]
 [Times: user=1.27 sys=0.00, real=0.29 secs] 
2022-09-28T11:03:58.282-0600: 472071.393: [GC pause (G1 Evacuation Pause) (young), 0.0407542 secs]
   [Parallel Time: 9.9 ms, GC Workers: 8]
      [GC Worker Start (ms): Min: 472071393.1, Avg: 472071398.3, Max: 472071399.9, Diff: 6.8]
      [Ext Root Scanning (ms): Min: 0.0, Avg: 0.8, Max: 4.2, Diff: 4.2, Sum: 6.5]
      [Update RS (ms): Min: 0.0, Avg: 0.7, Max: 3.0, Diff: 3.0, Sum: 5.6]
         [Processed Buffers: Min: 0, Avg: 4.4, Max: 16, Diff: 16, Sum: 35]
      [Scan RS (ms): Min: 0.0, Avg: 0.0, Max: 0.1, Diff: 0.1, Sum: 0.2]
      [Code Root Scanning (ms): Min: 0.0, Avg: 0.0, Max: 0.0, Diff: 0.0, Sum: 0.0]
      [Object Copy (ms): Min: 1.3, Avg: 2.3, Max: 3.2, Diff: 1.9, Sum: 18.4]
      [Termination (ms): Min: 0.0, Avg: 0.7, Max: 1.2, Diff: 1.2, Sum: 5.9]
         [Termination Attempts: Min: 1, Avg: 6.5, Max: 17, Diff: 16, Sum: 52]
      [GC Worker Other (ms): Min: 0.0, Avg: 0.0, Max: 0.0, Diff: 0.0, Sum: 0.1]
      [GC Worker Total (ms): Min: 3.0, Avg: 4.6, Max: 9.7, Diff: 6.8, Sum: 36.8]
      [GC Worker End (ms): Min: 472071402.9, Avg: 472071402.9, Max: 472071402.9, Diff: 0.0]
   [Code Root Fixup: 0.0 ms]
   [Code Root Purge: 0.0 ms]
   [Clear CT: 0.8 ms]
   [Other: 30.1 ms]
      [Choose CSet: 0.0 ms]
      [Ref Proc: 29.8 ms]
      [Ref Enq: 0.1 ms]
      [Redirty Cards: 0.1 ms]
      [Humongous Register: 0.0 ms]
      [Humongous Reclaim: 0.0 ms]
      [Free CSet: 0.1 ms]
   [Eden: 7152.0M(7152.0M)->0.0B(7152.0M) Survivors: 16384.0K->16384.0K Heap: 10524.3M(14336.0M)->3373.0M(14336.0M)]
 [Times: user=0.11 sys=0.00, real=0.04 secs] 
2022-09-28T11:14:05.257-0600: 472678.367: [GC pause (G1 Evacuation Pause) (young) (initial-mark), 0.1726697 secs]
   [Parallel Time: 25.5 ms, GC Workers: 8]
      [GC Worker Start (ms): Min: 472678368.7, Avg: 472678373.6, Max: 472678374.5, Diff: 5.8]
      [Ext Root Scanning (ms): Min: 1.3, Avg: 15.3, Max: 22.5, Diff: 21.2, Sum: 122.5]
      [Update RS (ms): Min: 0.0, Avg: 1.1, Max: 8.7, Diff: 8.7, Sum: 8.7]
         [Processed Buffers: Min: 0, Avg: 11.9, Max: 95, Diff: 95, Sum: 95]
      [Scan RS (ms): Min: 0.0, Avg: 0.0, Max: 0.1, Diff: 0.1, Sum: 0.2]
      [Code Root Scanning (ms): Min: 0.0, Avg: 0.0, Max: 0.0, Diff: 0.0, Sum: 0.0]
      [Object Copy (ms): Min: 0.0, Avg: 0.6, Max: 4.3, Diff: 4.3, Sum: 4.9]
      [Termination (ms): Min: 0.0, Avg: 2.1, Max: 3.7, Diff: 3.7, Sum: 16.5]
         [Termination Attempts: Min: 1, Avg: 1.0, Max: 1, Diff: 0, Sum: 8]
      [GC Worker Other (ms): Min: 0.0, Avg: 0.0, Max: 0.0, Diff: 0.0, Sum: 0.1]
      [GC Worker Total (ms): Min: 18.1, Avg: 19.1, Max: 24.0, Diff: 5.9, Sum: 152.9]
      [GC Worker End (ms): Min: 472678392.7, Avg: 472678392.7, Max: 472678392.9, Diff: 0.2]
   [Code Root Fixup: 0.0 ms]
   [Code Root Purge: 0.0 ms]
   [Clear CT: 0.8 ms]
   [Other: 146.3 ms]
      [Choose CSet: 0.0 ms]
      [Ref Proc: 145.9 ms]
      [Ref Enq: 0.1 ms]
      [Redirty Cards: 0.1 ms]
      [Humongous Register: 0.0 ms]
      [Humongous Reclaim: 0.0 ms]
      [Free CSet: 0.1 ms]
   [Eden: 7152.0M(7152.0M)->0.0B(7152.0M) Survivors: 16384.0K->16384.0K Heap: 10525.0M(14336.0M)->3373.7M(14336.0M)]
 [Times: user=0.25 sys=0.01, real=0.18 secs] 
2022-09-28T11:14:05.429-0600: 472678.540: [GC concurrent-root-region-scan-start]
2022-09-28T11:14:05.435-0600: 472678.546: [GC concurrent-root-region-scan-end, 0.0059004 secs]
2022-09-28T11:14:05.435-0600: 472678.546: [GC concurrent-mark-start]
2022-09-28T11:14:06.677-0600: 472679.788: [GC concurrent-mark-end, 1.2415599 secs]
2022-09-28T11:14:06.677-0600: 472679.788: [GC remark 2022-09-28T11:14:06.677-0600: 472679.788: [Finalize Marking, 0.0020865 secs] 2022-09-28T11:14:06.679-0600: 472679.790: [GC ref-proc, 0.0582883 secs] 2022-09-28T11:14:06.737-0600: 472679.848: [Unloading, 0.0298460 secs], 0.0957360 secs]
 [Times: user=0.31 sys=0.00, real=0.10 secs] 
2022-09-28T11:14:06.773-0600: 472679.884: [GC cleanup 3441M->3441M(14336M), 0.0076455 secs]
 [Times: user=0.02 sys=0.00, real=0.01 secs] 
2022-09-28T11:31:06.008-0600: 473699.119: [GC pause (G1 Evacuation Pause) (young), 0.3310107 secs]
   [Parallel Time: 256.6 ms, GC Workers: 8]
      [GC Worker Start (ms): Min: 473699118.8, Avg: 473699170.4, Max: 473699332.3, Diff: 213.4]
      [Ext Root Scanning (ms): Min: 0.0, Avg: 0.9, Max: 3.2, Diff: 3.2, Sum: 7.1]
      [Update RS (ms): Min: 0.0, Avg: 1.0, Max: 2.5, Diff: 2.5, Sum: 7.9]
         [Processed Buffers: Min: 0, Avg: 18.2, Max: 73, Diff: 73, Sum: 146]
      [Scan RS (ms): Min: 0.0, Avg: 0.0, Max: 0.1, Diff: 0.1, Sum: 0.3]
      [Code Root Scanning (ms): Min: 0.0, Avg: 0.0, Max: 0.0, Diff: 0.0, Sum: 0.0]
      [Object Copy (ms): Min: 0.0, Avg: 0.8, Max: 1.5, Diff: 1.5, Sum: 6.5]
      [Termination (ms): Min: 0.0, Avg: 159.3, Max: 209.2, Diff: 209.2, Sum: 1274.2]
         [Termination Attempts: Min: 1, Avg: 1.2, Max: 2, Diff: 1, Sum: 10]
      [GC Worker Other (ms): Min: 0.0, Avg: 0.0, Max: 0.0, Diff: 0.0, Sum: 0.1]
      [GC Worker Total (ms): Min: 0.0, Avg: 162.0, Max: 213.6, Diff: 213.6, Sum: 1296.1]
      [GC Worker End (ms): Min: 473699332.3, Avg: 473699332.4, Max: 473699332.4, Diff: 0.2]
   [Code Root Fixup: 0.0 ms]
   [Code Root Purge: 0.0 ms]
   [Clear CT: 0.6 ms]
   [Other: 73.8 ms]
      [Choose CSet: 0.0 ms]
      [Ref Proc: 73.3 ms]
      [Ref Enq: 0.1 ms]
      [Redirty Cards: 0.1 ms]
      [Humongous Register: 0.0 ms]
      [Humongous Reclaim: 0.0 ms]
      [Free CSet: 0.2 ms]
   [Eden: 7152.0M(7152.0M)->0.0B(5712.0M) Survivors: 16384.0K->16384.0K Heap: 10525.7M(14336.0M)->3375.8M(14336.0M)]
 [Times: user=1.63 sys=0.00, real=0.33 secs] 
2022-09-28T11:44:42.240-0600: 474515.351: [GC pause (G1 Evacuation Pause) (mixed), 0.1347174 secs]
   [Parallel Time: 18.3 ms, GC Workers: 8]
      [GC Worker Start (ms): Min: 474515351.5, Avg: 474515358.6, Max: 474515368.6, Diff: 17.2]
      [Ext Root Scanning (ms): Min: 0.0, Avg: 0.8, Max: 3.4, Diff: 3.4, Sum: 6.5]
      [Update RS (ms): Min: 0.0, Avg: 0.9, Max: 2.8, Diff: 2.8, Sum: 7.4]
         [Processed Buffers: Min: 0, Avg: 21.6, Max: 85, Diff: 85, Sum: 173]
      [Scan RS (ms): Min: 0.0, Avg: 3.8, Max: 13.0, Diff: 13.0, Sum: 30.1]
      [Code Root Scanning (ms): Min: 0.0, Avg: 0.1, Max: 0.6, Diff: 0.6, Sum: 0.6]
      [Object Copy (ms): Min: 0.0, Avg: 3.8, Max: 7.7, Diff: 7.7, Sum: 30.3]
      [Termination (ms): Min: 0.0, Avg: 1.7, Max: 2.4, Diff: 2.4, Sum: 13.7]
         [Termination Attempts: Min: 1, Avg: 4.2, Max: 16, Diff: 15, Sum: 34]
      [GC Worker Other (ms): Min: 0.0, Avg: 0.0, Max: 0.0, Diff: 0.0, Sum: 0.1]
      [GC Worker Total (ms): Min: 1.1, Avg: 11.1, Max: 18.2, Diff: 17.2, Sum: 88.7]
      [GC Worker End (ms): Min: 474515369.7, Avg: 474515369.7, Max: 474515369.8, Diff: 0.1]
   [Code Root Fixup: 0.0 ms]
   [Code Root Purge: 0.0 ms]
   [Clear CT: 1.0 ms]
   [Other: 115.4 ms]
      [Choose CSet: 0.0 ms]
      [Ref Proc: 114.9 ms]
      [Ref Enq: 0.1 ms]
      [Redirty Cards: 0.1 ms]
      [Humongous Register: 0.0 ms]
      [Humongous Reclaim: 0.0 ms]
      [Free CSet: 0.1 ms]
   [Eden: 5712.0M(5712.0M)->0.0B(7152.0M) Survivors: 16384.0K->16384.0K Heap: 9087.8M(14336.0M)->3334.8M(14336.0M)]
 [Times: user=0.60 sys=0.00, real=0.13 secs] 
2022-09-28T12:01:22.178-0600: 475515.288: [GC pause (G1 Evacuation Pause) (young), 0.1252414 secs]
   [Parallel Time: 15.9 ms, GC Workers: 8]
      [GC Worker Start (ms): Min: 475515288.5, Avg: 475515298.6, Max: 475515303.5, Diff: 15.0]
      [Ext Root Scanning (ms): Min: 0.0, Avg: 0.7, Max: 5.3, Diff: 5.3, Sum: 5.4]
      [Update RS (ms): Min: 0.0, Avg: 3.9, Max: 8.8, Diff: 8.8, Sum: 30.9]
         [Processed Buffers: Min: 0, Avg: 30.4, Max: 76, Diff: 76, Sum: 243]
      [Scan RS (ms): Min: 0.0, Avg: 0.0, Max: 0.2, Diff: 0.2, Sum: 0.3]
      [Code Root Scanning (ms): Min: 0.0, Avg: 0.0, Max: 0.0, Diff: 0.0, Sum: 0.0]
      [Object Copy (ms): Min: 0.0, Avg: 0.2, Max: 0.3, Diff: 0.3, Sum: 1.3]
      [Termination (ms): Min: 0.0, Avg: 0.9, Max: 1.4, Diff: 1.4, Sum: 7.5]
         [Termination Attempts: Min: 1, Avg: 1.6, Max: 3, Diff: 2, Sum: 13]
      [GC Worker Other (ms): Min: 0.0, Avg: 0.0, Max: 0.0, Diff: 0.0, Sum: 0.1]
      [GC Worker Total (ms): Min: 0.8, Avg: 5.7, Max: 15.8, Diff: 15.0, Sum: 45.5]
      [GC Worker End (ms): Min: 475515304.2, Avg: 475515304.3, Max: 475515304.3, Diff: 0.1]
   [Code Root Fixup: 0.0 ms]
   [Code Root Purge: 0.0 ms]
   [Clear CT: 8.1 ms]
   [Other: 101.3 ms]
      [Choose CSet: 0.0 ms]
      [Ref Proc: 100.8 ms]
      [Ref Enq: 0.1 ms]
      [Redirty Cards: 0.1 ms]
      [Humongous Register: 0.0 ms]
      [Humongous Reclaim: 0.0 ms]
      [Free CSet: 0.1 ms]
   [Eden: 7152.0M(7152.0M)->0.0B(7152.0M) Survivors: 16384.0K->16384.0K Heap: 10486.8M(14336.0M)->3341.8M(14336.0M)]
 [Times: user=0.38 sys=0.00, real=0.13 secs] 
2022-09-28T12:17:43.232-0600: 476496.343: [GC pause (G1 Evacuation Pause) (young) (initial-mark), 0.1696018 secs]
   [Parallel Time: 123.7 ms, GC Workers: 8]
      [GC Worker Start (ms): Min: 476496444.2, Avg: 476496455.2, Max: 476496458.9, Diff: 14.7]
      [Ext Root Scanning (ms): Min: 2.4, Avg: 8.3, Max: 16.9, Diff: 14.5, Sum: 66.8]
      [Update RS (ms): Min: 0.0, Avg: 0.2, Max: 0.8, Diff: 0.8, Sum: 1.5]
         [Processed Buffers: Min: 0, Avg: 16.2, Max: 67, Diff: 67, Sum: 130]
      [Scan RS (ms): Min: 0.0, Avg: 0.0, Max: 0.1, Diff: 0.1, Sum: 0.2]
      [Code Root Scanning (ms): Min: 0.0, Avg: 0.0, Max: 0.0, Diff: 0.0, Sum: 0.0]
      [Object Copy (ms): Min: 0.0, Avg: 0.1, Max: 0.6, Diff: 0.6, Sum: 1.2]
      [Termination (ms): Min: 0.0, Avg: 2.9, Max: 4.8, Diff: 4.8, Sum: 22.9]
         [Termination Attempts: Min: 1, Avg: 1.5, Max: 4, Diff: 3, Sum: 12]
      [GC Worker Other (ms): Min: 0.0, Avg: 0.0, Max: 0.0, Diff: 0.0, Sum: 0.1]
      [GC Worker Total (ms): Min: 7.8, Avg: 11.6, Max: 22.7, Diff: 14.8, Sum: 92.6]
      [GC Worker End (ms): Min: 476496466.8, Avg: 476496466.8, Max: 476496466.9, Diff: 0.2]
   [Code Root Fixup: 0.0 ms]
   [Code Root Purge: 0.0 ms]
   [Clear CT: 0.9 ms]
   [Other: 45.0 ms]
      [Choose CSet: 0.0 ms]
      [Ref Proc: 44.6 ms]
      [Ref Enq: 0.1 ms]
      [Redirty Cards: 0.1 ms]
      [Humongous Register: 0.0 ms]
      [Humongous Reclaim: 0.0 ms]
      [Free CSet: 0.1 ms]
   [Eden: 7152.0M(7152.0M)->0.0B(7152.0M) Survivors: 16384.0K->16384.0K Heap: 10493.8M(14336.0M)->3343.6M(14336.0M)]
 [Times: user=0.19 sys=0.00, real=0.17 secs] 
2022-09-28T12:17:43.402-0600: 476496.513: [GC concurrent-root-region-scan-start]
2022-09-28T12:17:43.405-0600: 476496.516: [GC concurrent-root-region-scan-end, 0.0033078 secs]
2022-09-28T12:17:43.405-0600: 476496.516: [GC concurrent-mark-start]
2022-09-28T12:17:44.595-0600: 476497.706: [GC concurrent-mark-end, 1.1896267 secs]
2022-09-28T12:17:44.595-0600: 476497.706: [GC remark 2022-09-28T12:17:44.595-0600: 476497.706: [Finalize Marking, 0.0669696 secs] 2022-09-28T12:17:44.662-0600: 476497.773: [GC ref-proc, 0.0690249 secs] 2022-09-28T12:17:44.731-0600: 476497.842: [Unloading, 0.0311729 secs], 0.1737527 secs]
 [Times: user=0.90 sys=0.00, real=0.18 secs] 
2022-09-28T12:17:44.769-0600: 476497.880: [GC cleanup 3375M->3375M(14336M), 0.0081344 secs]
 [Times: user=0.02 sys=0.00, real=0.00 secs] 
2022-09-28T12:34:10.013-0600: 477483.124: [GC pause (G1 Evacuation Pause) (young), 0.1082336 secs]
   [Parallel Time: 77.5 ms, GC Workers: 8]
      [GC Worker Start (ms): Min: 477483124.5, Avg: 477483127.8, Max: 477483129.9, Diff: 5.4]
      [Ext Root Scanning (ms): Min: 0.0, Avg: 0.7, Max: 2.9, Diff: 2.9, Sum: 5.7]
      [Update RS (ms): Min: 0.0, Avg: 0.2, Max: 0.8, Diff: 0.8, Sum: 1.5]
         [Processed Buffers: Min: 0, Avg: 17.8, Max: 130, Diff: 130, Sum: 142]
      [Scan RS (ms): Min: 0.0, Avg: 0.0, Max: 0.1, Diff: 0.1, Sum: 0.2]
      [Code Root Scanning (ms): Min: 0.0, Avg: 0.0, Max: 0.0, Diff: 0.0, Sum: 0.0]
      [Object Copy (ms): Min: 0.0, Avg: 0.1, Max: 0.7, Diff: 0.7, Sum: 1.1]
      [Termination (ms): Min: 0.0, Avg: 1.0, Max: 1.8, Diff: 1.8, Sum: 8.1]
         [Termination Attempts: Min: 1, Avg: 1.0, Max: 1, Diff: 0, Sum: 8]
      [GC Worker Other (ms): Min: 0.0, Avg: 0.0, Max: 0.0, Diff: 0.0, Sum: 0.1]
      [GC Worker Total (ms): Min: 0.0, Avg: 2.1, Max: 5.5, Diff: 5.5, Sum: 16.8]
      [GC Worker End (ms): Min: 477483129.9, Avg: 477483129.9, Max: 477483130.0, Diff: 0.1]
   [Code Root Fixup: 0.0 ms]
   [Code Root Purge: 0.0 ms]
   [Clear CT: 0.6 ms]
   [Other: 30.1 ms]
      [Choose CSet: 0.0 ms]
      [Ref Proc: 29.7 ms]
      [Ref Enq: 0.1 ms]
      [Redirty Cards: 0.1 ms]
      [Humongous Register: 0.0 ms]
      [Humongous Reclaim: 0.0 ms]
      [Free CSet: 0.2 ms]
   [Eden: 7152.0M(7152.0M)->0.0B(5712.0M) Survivors: 16384.0K->16384.0K Heap: 10495.6M(14336.0M)->3343.8M(14336.0M)]
 [Times: user=0.10 sys=0.00, real=0.11 secs] 
2022-09-28T12:48:01.109-0600: 478314.219: [GC pause (G1 Evacuation Pause) (mixed), 0.1287478 secs]
   [Parallel Time: 14.7 ms, GC Workers: 8]
      [GC Worker Start (ms): Min: 478314219.6, Avg: 478314224.3, Max: 478314234.0, Diff: 14.5]
      [Ext Root Scanning (ms): Min: 0.0, Avg: 1.6, Max: 5.5, Diff: 5.5, Sum: 12.9]
      [Update RS (ms): Min: 0.0, Avg: 0.2, Max: 1.0, Diff: 1.0, Sum: 1.6]
         [Processed Buffers: Min: 0, Avg: 14.9, Max: 109, Diff: 109, Sum: 119]
      [Scan RS (ms): Min: 0.0, Avg: 1.0, Max: 3.0, Diff: 3.0, Sum: 7.8]
      [Code Root Scanning (ms): Min: 0.0, Avg: 0.0, Max: 0.1, Diff: 0.1, Sum: 0.1]
      [Object Copy (ms): Min: 0.0, Avg: 6.2, Max: 8.3, Diff: 8.3, Sum: 49.8]
      [Termination (ms): Min: 0.0, Avg: 0.8, Max: 1.3, Diff: 1.3, Sum: 6.5]
         [Termination Attempts: Min: 1, Avg: 148.4, Max: 232, Diff: 231, Sum: 1187]
      [GC Worker Other (ms): Min: 0.0, Avg: 0.0, Max: 0.0, Diff: 0.0, Sum: 0.1]
      [GC Worker Total (ms): Min: 0.0, Avg: 9.8, Max: 14.5, Diff: 14.5, Sum: 78.7]
      [GC Worker End (ms): Min: 478314234.1, Avg: 478314234.1, Max: 478314234.2, Diff: 0.2]
   [Code Root Fixup: 0.0 ms]
   [Code Root Purge: 0.0 ms]
   [Clear CT: 8.8 ms]
   [Other: 105.2 ms]
      [Choose CSet: 0.0 ms]
      [Ref Proc: 104.5 ms]
      [Ref Enq: 0.1 ms]
      [Redirty Cards: 0.2 ms]
      [Humongous Register: 0.0 ms]
      [Humongous Reclaim: 0.0 ms]
      [Free CSet: 0.2 ms]
   [Eden: 5712.0M(5712.0M)->0.0B(7152.0M) Survivors: 16384.0K->16384.0K Heap: 9055.8M(14336.0M)->3230.0M(14336.0M)]
 [Times: user=0.35 sys=0.00, real=0.12 secs] 
2022-09-28T13:04:37.378-0600: 479310.488: [GC pause (G1 Evacuation Pause) (young), 0.1209142 secs]
   [Parallel Time: 62.5 ms, GC Workers: 8]
      [GC Worker Start (ms): Min: 479310488.5, Avg: 479310531.8, Max: 479310550.6, Diff: 62.1]
      [Ext Root Scanning (ms): Min: 0.0, Avg: 0.7, Max: 3.1, Diff: 3.1, Sum: 5.9]
      [Update RS (ms): Min: 0.0, Avg: 2.5, Max: 10.1, Diff: 10.1, Sum: 19.9]
         [Processed Buffers: Min: 0, Avg: 30.9, Max: 158, Diff: 158, Sum: 247]
      [Scan RS (ms): Min: 0.0, Avg: 0.0, Max: 0.1, Diff: 0.1, Sum: 0.2]
      [Code Root Scanning (ms): Min: 0.0, Avg: 0.0, Max: 0.0, Diff: 0.0, Sum: 0.0]
      [Object Copy (ms): Min: 0.0, Avg: 0.1, Max: 0.6, Diff: 0.6, Sum: 1.1]
      [Termination (ms): Min: 0.0, Avg: 15.5, Max: 48.7, Diff: 48.7, Sum: 124.3]
         [Termination Attempts: Min: 1, Avg: 1.2, Max: 3, Diff: 2, Sum: 10]
      [GC Worker Other (ms): Min: 0.0, Avg: 0.0, Max: 0.0, Diff: 0.0, Sum: 0.1]
      [GC Worker Total (ms): Min: 0.0, Avg: 18.9, Max: 62.3, Diff: 62.2, Sum: 151.5]
      [GC Worker End (ms): Min: 479310550.6, Avg: 479310550.7, Max: 479310550.8, Diff: 0.2]
   [Code Root Fixup: 0.0 ms]
   [Code Root Purge: 0.0 ms]
   [Clear CT: 0.9 ms]
   [Other: 57.4 ms]
      [Choose CSet: 0.0 ms]
      [Ref Proc: 57.0 ms]
      [Ref Enq: 0.1 ms]
      [Redirty Cards: 0.1 ms]
      [Humongous Register: 0.0 ms]
      [Humongous Reclaim: 0.0 ms]
      [Free CSet: 0.1 ms]
   [Eden: 7152.0M(7152.0M)->0.0B(7152.0M) Survivors: 16384.0K->16384.0K Heap: 10382.0M(14336.0M)->3232.8M(14336.0M)]
 [Times: user=0.32 sys=0.00, real=0.12 secs] 
2022-09-28T13:21:11.538-0600: 480304.649: [GC pause (G1 Evacuation Pause) (young) (initial-mark), 0.2393021 secs]
   [Parallel Time: 210.2 ms, GC Workers: 8]
      [GC Worker Start (ms): Min: 480304850.0, Avg: 480304851.4, Max: 480304852.4, Diff: 2.4]
      [Ext Root Scanning (ms): Min: 2.8, Avg: 5.2, Max: 7.7, Diff: 4.8, Sum: 41.3]
      [Update RS (ms): Min: 0.0, Avg: 0.2, Max: 0.8, Diff: 0.8, Sum: 1.6]
         [Processed Buffers: Min: 0, Avg: 17.8, Max: 101, Diff: 101, Sum: 142]
      [Scan RS (ms): Min: 0.0, Avg: 0.0, Max: 0.1, Diff: 0.1, Sum: 0.2]
      [Code Root Scanning (ms): Min: 0.0, Avg: 0.0, Max: 0.0, Diff: 0.0, Sum: 0.0]
      [Object Copy (ms): Min: 0.0, Avg: 0.2, Max: 0.6, Diff: 0.6, Sum: 1.6]
      [Termination (ms): Min: 0.0, Avg: 1.8, Max: 2.9, Diff: 2.9, Sum: 14.3]
         [Termination Attempts: Min: 1, Avg: 1.6, Max: 4, Diff: 3, Sum: 13]
      [GC Worker Other (ms): Min: 0.0, Avg: 0.0, Max: 0.0, Diff: 0.0, Sum: 0.1]
      [GC Worker Total (ms): Min: 6.3, Avg: 7.4, Max: 8.8, Diff: 2.5, Sum: 59.1]
      [GC Worker End (ms): Min: 480304858.7, Avg: 480304858.8, Max: 480304858.9, Diff: 0.2]
   [Code Root Fixup: 0.0 ms]
   [Code Root Purge: 0.0 ms]
   [Clear CT: 0.7 ms]
   [Other: 28.3 ms]
      [Choose CSet: 0.0 ms]
      [Ref Proc: 28.0 ms]
      [Ref Enq: 0.1 ms]
      [Redirty Cards: 0.0 ms]
      [Humongous Register: 0.0 ms]
      [Humongous Reclaim: 0.0 ms]
      [Free CSet: 0.1 ms]
   [Eden: 7152.0M(7152.0M)->0.0B(7152.0M) Survivors: 16384.0K->16384.0K Heap: 10384.8M(14336.0M)->3233.7M(14336.0M)]
 [Times: user=0.12 sys=0.00, real=0.24 secs] 
2022-09-28T13:21:11.777-0600: 480304.888: [GC concurrent-root-region-scan-start]
2022-09-28T13:21:11.780-0600: 480304.891: [GC concurrent-root-region-scan-end, 0.0028853 secs]
2022-09-28T13:21:11.780-0600: 480304.891: [GC concurrent-mark-start]
2022-09-28T13:21:12.965-0600: 480306.076: [GC concurrent-mark-end, 1.1852003 secs]
2022-09-28T13:21:13.045-0600: 480306.156: [GC remark 2022-09-28T13:21:13.045-0600: 480306.156: [Finalize Marking, 0.0039087 secs] 2022-09-28T13:21:13.049-0600: 480306.160: [GC ref-proc, 0.1366336 secs] 2022-09-28T13:21:13.186-0600: 480306.297: [Unloading, 0.0298186 secs], 0.1779219 secs]
 [Times: user=0.24 sys=0.00, real=0.18 secs] 
2022-09-28T13:21:13.223-0600: 480306.334: [GC cleanup 3265M->3265M(14336M), 0.0079182 secs]
 [Times: user=0.02 sys=0.00, real=0.01 secs] 
2022-09-28T13:37:48.078-0600: 481301.189: [GC pause (G1 Evacuation Pause) (young), 0.2768217 secs]
   [Parallel Time: 5.1 ms, GC Workers: 8]
      [GC Worker Start (ms): Min: 481301188.6, Avg: 481301191.8, Max: 481301193.6, Diff: 5.0]
      [Ext Root Scanning (ms): Min: 0.0, Avg: 0.8, Max: 3.0, Diff: 3.0, Sum: 6.1]
      [Update RS (ms): Min: 0.0, Avg: 0.2, Max: 0.7, Diff: 0.7, Sum: 1.4]
         [Processed Buffers: Min: 0, Avg: 17.6, Max: 116, Diff: 116, Sum: 141]
      [Scan RS (ms): Min: 0.0, Avg: 0.0, Max: 0.1, Diff: 0.1, Sum: 0.2]
      [Code Root Scanning (ms): Min: 0.0, Avg: 0.0, Max: 0.0, Diff: 0.0, Sum: 0.0]
      [Object Copy (ms): Min: 0.0, Avg: 0.2, Max: 0.7, Diff: 0.7, Sum: 1.2]
      [Termination (ms): Min: 0.0, Avg: 0.7, Max: 1.2, Diff: 1.2, Sum: 5.4]
         [Termination Attempts: Min: 1, Avg: 2.1, Max: 5, Diff: 4, Sum: 17]
      [GC Worker Other (ms): Min: 0.0, Avg: 0.0, Max: 0.0, Diff: 0.0, Sum: 0.0]
      [GC Worker Total (ms): Min: 0.0, Avg: 1.8, Max: 5.0, Diff: 5.0, Sum: 14.4]
      [GC Worker End (ms): Min: 481301193.6, Avg: 481301193.6, Max: 481301193.7, Diff: 0.0]
   [Code Root Fixup: 0.0 ms]
   [Code Root Purge: 0.0 ms]
   [Clear CT: 1.0 ms]
   [Other: 270.7 ms]
      [Choose CSet: 0.0 ms]
      [Ref Proc: 270.3 ms]
      [Ref Enq: 0.1 ms]
      [Redirty Cards: 0.1 ms]
      [Humongous Register: 0.0 ms]
      [Humongous Reclaim: 0.0 ms]
      [Free CSet: 0.1 ms]
   [Eden: 7152.0M(7152.0M)->0.0B(5712.0M) Survivors: 16384.0K->16384.0K Heap: 10385.7M(14336.0M)->3233.9M(14336.0M)]
 [Times: user=0.17 sys=0.00, real=0.28 secs] 
2022-09-28T13:51:37.779-0600: 482130.890: [GC pause (G1 Evacuation Pause) (young), 0.0304541 secs]
   [Parallel Time: 5.0 ms, GC Workers: 8]
      [GC Worker Start (ms): Min: 482130890.4, Avg: 482130892.8, Max: 482130895.2, Diff: 4.9]
      [Ext Root Scanning (ms): Min: 0.0, Avg: 0.8, Max: 3.1, Diff: 3.1, Sum: 6.6]
      [Update RS (ms): Min: 0.0, Avg: 0.2, Max: 0.7, Diff: 0.7, Sum: 1.4]
         [Processed Buffers: Min: 0, Avg: 16.0, Max: 119, Diff: 119, Sum: 128]
      [Scan RS (ms): Min: 0.0, Avg: 0.0, Max: 0.1, Diff: 0.1, Sum: 0.2]
      [Code Root Scanning (ms): Min: 0.0, Avg: 0.0, Max: 0.0, Diff: 0.0, Sum: 0.0]
      [Object Copy (ms): Min: 0.0, Avg: 0.1, Max: 0.5, Diff: 0.5, Sum: 1.1]
      [Termination (ms): Min: 0.0, Avg: 1.3, Max: 2.3, Diff: 2.3, Sum: 10.6]
         [Termination Attempts: Min: 1, Avg: 1.5, Max: 4, Diff: 3, Sum: 12]
      [GC Worker Other (ms): Min: 0.0, Avg: 0.0, Max: 0.0, Diff: 0.0, Sum: 0.0]
      [GC Worker Total (ms): Min: 0.0, Avg: 2.5, Max: 4.9, Diff: 4.9, Sum: 19.9]
      [GC Worker End (ms): Min: 482130895.3, Avg: 482130895.3, Max: 482130895.3, Diff: 0.0]
   [Code Root Fixup: 0.0 ms]
   [Code Root Purge: 0.0 ms]
   [Clear CT: 0.5 ms]
   [Other: 24.9 ms]
      [Choose CSet: 0.0 ms]
      [Ref Proc: 24.6 ms]
      [Ref Enq: 0.1 ms]
      [Redirty Cards: 0.1 ms]
      [Humongous Register: 0.0 ms]
      [Humongous Reclaim: 0.0 ms]
      [Free CSet: 0.1 ms]
   [Eden: 5712.0M(5712.0M)->0.0B(7152.0M) Survivors: 16384.0K->16384.0K Heap: 8945.9M(14336.0M)->3234.0M(14336.0M)]
 [Times: user=0.11 sys=0.00, real=0.04 secs] 
2022-09-28T14:07:53.178-0600: 483106.289: [GC pause (G1 Evacuation Pause) (young) (initial-mark), 0.1829798 secs]
   [Parallel Time: 137.7 ms, GC Workers: 8]
      [GC Worker Start (ms): Min: 483106290.0, Avg: 483106374.4, Max: 483106402.6, Diff: 112.5]
      [Ext Root Scanning (ms): Min: 2.4, Avg: 42.9, Max: 114.7, Diff: 112.4, Sum: 343.1]
      [Update RS (ms): Min: 0.0, Avg: 0.2, Max: 0.7, Diff: 0.7, Sum: 1.4]
         [Processed Buffers: Min: 0, Avg: 17.9, Max: 90, Diff: 90, Sum: 143]
      [Scan RS (ms): Min: 0.0, Avg: 0.0, Max: 0.1, Diff: 0.1, Sum: 0.2]
      [Code Root Scanning (ms): Min: 0.0, Avg: 0.0, Max: 0.0, Diff: 0.0, Sum: 0.0]
      [Object Copy (ms): Min: 0.0, Avg: 0.1, Max: 0.6, Diff: 0.6, Sum: 1.2]
      [Termination (ms): Min: 0.0, Avg: 8.6, Max: 20.6, Diff: 20.6, Sum: 68.6]
         [Termination Attempts: Min: 1, Avg: 1.0, Max: 1, Diff: 0, Sum: 8]
      [GC Worker Other (ms): Min: 0.0, Avg: 0.0, Max: 0.0, Diff: 0.0, Sum: 0.1]
      [GC Worker Total (ms): Min: 23.6, Avg: 51.8, Max: 136.3, Diff: 112.7, Sum: 414.6]
      [GC Worker End (ms): Min: 483106426.2, Avg: 483106426.2, Max: 483106426.3, Diff: 0.1]
   [Code Root Fixup: 0.0 ms]
   [Code Root Purge: 0.0 ms]
   [Clear CT: 0.8 ms]
   [Other: 44.5 ms]
      [Choose CSet: 0.0 ms]
      [Ref Proc: 44.0 ms]
      [Ref Enq: 0.1 ms]
      [Redirty Cards: 0.1 ms]
      [Humongous Register: 0.0 ms]
      [Humongous Reclaim: 0.0 ms]
      [Free CSet: 0.1 ms]
   [Eden: 7152.0M(7152.0M)->0.0B(7152.0M) Survivors: 16384.0K->16384.0K Heap: 10386.0M(14336.0M)->3233.9M(14336.0M)]
 [Times: user=0.23 sys=0.00, real=0.19 secs] 
2022-09-28T14:07:53.361-0600: 483106.472: [GC concurrent-root-region-scan-start]
2022-09-28T14:07:53.365-0600: 483106.476: [GC concurrent-root-region-scan-end, 0.0041563 secs]
2022-09-28T14:07:53.365-0600: 483106.476: [GC concurrent-mark-start]
2022-09-28T14:07:54.602-0600: 483107.713: [GC concurrent-mark-end, 1.2367324 secs]
2022-09-28T14:07:54.602-0600: 483107.713: [GC remark 2022-09-28T14:07:54.602-0600: 483107.713: [Finalize Marking, 0.0024552 secs] 2022-09-28T14:07:54.604-0600: 483107.715: [GC ref-proc, 0.0277097 secs] 2022-09-28T14:07:54.632-0600: 483107.743: [Unloading, 0.0315910 secs], 0.0891864 secs]
 [Times: user=0.29 sys=0.00, real=0.09 secs] 
2022-09-28T14:07:54.691-0600: 483107.802: [GC cleanup 3297M->3297M(14336M), 0.0071172 secs]
 [Times: user=0.02 sys=0.00, real=0.00 secs] 
2022-09-28T14:24:24.077-0600: 484097.188: [GC pause (G1 Evacuation Pause) (young), 0.0211346 secs]
   [Parallel Time: 3.9 ms, GC Workers: 8]
      [GC Worker Start (ms): Min: 484097188.3, Avg: 484097190.0, Max: 484097191.8, Diff: 3.4]
      [Ext Root Scanning (ms): Min: 0.0, Avg: 0.9, Max: 3.7, Diff: 3.7, Sum: 7.0]
      [Update RS (ms): Min: 0.0, Avg: 0.2, Max: 0.7, Diff: 0.7, Sum: 1.4]
         [Processed Buffers: Min: 0, Avg: 18.4, Max: 59, Diff: 59, Sum: 147]
      [Scan RS (ms): Min: 0.0, Avg: 0.0, Max: 0.1, Diff: 0.1, Sum: 0.2]
      [Code Root Scanning (ms): Min: 0.0, Avg: 0.0, Max: 0.0, Diff: 0.0, Sum: 0.0]
      [Object Copy (ms): Min: 0.0, Avg: 0.1, Max: 0.4, Diff: 0.4, Sum: 1.0]
      [Termination (ms): Min: 0.0, Avg: 0.9, Max: 1.6, Diff: 1.6, Sum: 7.1]
         [Termination Attempts: Min: 1, Avg: 1.0, Max: 1, Diff: 0, Sum: 8]
      [GC Worker Other (ms): Min: 0.0, Avg: 0.0, Max: 0.0, Diff: 0.0, Sum: 0.0]
      [GC Worker Total (ms): Min: 0.4, Avg: 2.1, Max: 3.8, Diff: 3.4, Sum: 16.7]
      [GC Worker End (ms): Min: 484097192.0, Avg: 484097192.1, Max: 484097192.2, Diff: 0.1]
   [Code Root Fixup: 0.0 ms]
   [Code Root Purge: 0.0 ms]
   [Clear CT: 0.5 ms]
   [Other: 16.7 ms]
      [Choose CSet: 0.0 ms]
      [Ref Proc: 16.3 ms]
      [Ref Enq: 0.1 ms]
      [Redirty Cards: 0.1 ms]
      [Humongous Register: 0.0 ms]
      [Humongous Reclaim: 0.0 ms]
      [Free CSet: 0.1 ms]
   [Eden: 7152.0M(7152.0M)->0.0B(7152.0M) Survivors: 16384.0K->16384.0K Heap: 10385.9M(14336.0M)->3234.0M(14336.0M)]
 [Times: user=0.08 sys=0.00, real=0.02 secs] 
2022-09-28T14:40:47.278-0600: 485080.389: [GC pause (G1 Evacuation Pause) (young), 0.0225417 secs]
   [Parallel Time: 4.5 ms, GC Workers: 8]
      [GC Worker Start (ms): Min: 485080388.6, Avg: 485080391.0, Max: 485080392.9, Diff: 4.3]
      [Ext Root Scanning (ms): Min: 0.0, Avg: 0.8, Max: 3.2, Diff: 3.2, Sum: 6.6]
      [Update RS (ms): Min: 0.0, Avg: 0.2, Max: 0.8, Diff: 0.8, Sum: 1.5]
         [Processed Buffers: Min: 0, Avg: 16.9, Max: 91, Diff: 91, Sum: 135]
      [Scan RS (ms): Min: 0.0, Avg: 0.0, Max: 0.1, Diff: 0.1, Sum: 0.2]
      [Code Root Scanning (ms): Min: 0.0, Avg: 0.0, Max: 0.0, Diff: 0.0, Sum: 0.0]
      [Object Copy (ms): Min: 0.0, Avg: 0.1, Max: 0.6, Diff: 0.6, Sum: 1.2]
      [Termination (ms): Min: 0.0, Avg: 0.7, Max: 1.2, Diff: 1.2, Sum: 5.9]
         [Termination Attempts: Min: 1, Avg: 1.2, Max: 2, Diff: 1, Sum: 10]
      [GC Worker Other (ms): Min: 0.0, Avg: 0.0, Max: 0.0, Diff: 0.0, Sum: 0.1]
      [GC Worker Total (ms): Min: 0.0, Avg: 1.9, Max: 4.4, Diff: 4.3, Sum: 15.5]
      [GC Worker End (ms): Min: 485080392.9, Avg: 485080392.9, Max: 485080393.0, Diff: 0.1]
   [Code Root Fixup: 0.0 ms]
   [Code Root Purge: 0.0 ms]
   [Clear CT: 0.8 ms]
   [Other: 17.2 ms]
      [Choose CSet: 0.0 ms]
      [Ref Proc: 16.9 ms]
      [Ref Enq: 0.1 ms]
      [Redirty Cards: 0.1 ms]
      [Humongous Register: 0.0 ms]
      [Humongous Reclaim: 0.0 ms]
      [Free CSet: 0.1 ms]
   [Eden: 7152.0M(7152.0M)->0.0B(7152.0M) Survivors: 16384.0K->16384.0K Heap: 10386.0M(14336.0M)->3234.0M(14336.0M)]
 [Times: user=0.08 sys=0.00, real=0.03 secs] 
2022-09-28T14:57:23.378-0600: 486076.489: [GC pause (G1 Evacuation Pause) (young) (initial-mark), 0.0553833 secs]
   [Parallel Time: 8.5 ms, GC Workers: 8]
      [GC Worker Start (ms): Min: 486076490.6, Avg: 486076491.7, Max: 486076492.7, Diff: 2.1]
      [Ext Root Scanning (ms): Min: 2.3, Avg: 4.6, Max: 5.8, Diff: 3.5, Sum: 36.9]
      [Update RS (ms): Min: 0.0, Avg: 0.3, Max: 1.2, Diff: 1.2, Sum: 2.0]
         [Processed Buffers: Min: 0, Avg: 18.1, Max: 90, Diff: 90, Sum: 145]
      [Scan RS (ms): Min: 0.0, Avg: 0.0, Max: 0.1, Diff: 0.1, Sum: 0.3]
      [Code Root Scanning (ms): Min: 0.0, Avg: 0.0, Max: 0.0, Diff: 0.0, Sum: 0.0]
      [Object Copy (ms): Min: 0.0, Avg: 0.2, Max: 0.6, Diff: 0.6, Sum: 1.5]
      [Termination (ms): Min: 0.0, Avg: 0.9, Max: 1.7, Diff: 1.7, Sum: 7.2]
         [Termination Attempts: Min: 1, Avg: 1.5, Max: 4, Diff: 3, Sum: 12]
      [GC Worker Other (ms): Min: 0.0, Avg: 0.0, Max: 0.0, Diff: 0.0, Sum: 0.1]
      [GC Worker Total (ms): Min: 4.9, Avg: 6.0, Max: 7.2, Diff: 2.3, Sum: 48.0]
      [GC Worker End (ms): Min: 486076497.7, Avg: 486076497.7, Max: 486076497.8, Diff: 0.2]
   [Code Root Fixup: 0.0 ms]
   [Code Root Purge: 0.0 ms]
   [Clear CT: 0.6 ms]
   [Other: 46.3 ms]
      [Choose CSet: 0.0 ms]
      [Ref Proc: 45.9 ms]
      [Ref Enq: 0.1 ms]
      [Redirty Cards: 0.1 ms]
      [Humongous Register: 0.0 ms]
      [Humongous Reclaim: 0.0 ms]
      [Free CSet: 0.1 ms]
   [Eden: 7152.0M(7152.0M)->0.0B(7152.0M) Survivors: 16384.0K->16384.0K Heap: 10386.0M(14336.0M)->3234.2M(14336.0M)]
 [Times: user=0.19 sys=0.00, real=0.06 secs] 
2022-09-28T14:57:23.434-0600: 486076.545: [GC concurrent-root-region-scan-start]
2022-09-28T14:57:23.437-0600: 486076.548: [GC concurrent-root-region-scan-end, 0.0033642 secs]
2022-09-28T14:57:23.437-0600: 486076.548: [GC concurrent-mark-start]
2022-09-28T14:57:24.630-0600: 486077.741: [GC concurrent-mark-end, 1.1930587 secs]
2022-09-28T14:57:24.630-0600: 486077.741: [GC remark 2022-09-28T14:57:24.630-0600: 486077.741: [Finalize Marking, 0.0029629 secs] 2022-09-28T14:57:24.633-0600: 486077.744: [GC ref-proc, 0.0439809 secs] 2022-09-28T14:57:24.677-0600: 486077.788: [Unloading, 0.0404771 secs], 0.0921723 secs]
 [Times: user=0.25 sys=0.00, real=0.09 secs] 
2022-09-28T14:57:24.723-0600: 486077.834: [GC cleanup 3298M->3298M(14336M), 0.0066976 secs]
 [Times: user=0.02 sys=0.00, real=0.01 secs] 
2022-09-28T15:13:45.277-0600: 487058.388: [GC pause (G1 Evacuation Pause) (young), 0.0248817 secs]
   [Parallel Time: 4.9 ms, GC Workers: 8]
      [GC Worker Start (ms): Min: 487058388.4, Avg: 487058391.2, Max: 487058393.2, Diff: 4.7]
      [Ext Root Scanning (ms): Min: 0.0, Avg: 0.9, Max: 3.1, Diff: 3.1, Sum: 7.0]
      [Update RS (ms): Min: 0.0, Avg: 0.2, Max: 0.6, Diff: 0.6, Sum: 1.6]
         [Processed Buffers: Min: 0, Avg: 17.8, Max: 62, Diff: 62, Sum: 142]
      [Scan RS (ms): Min: 0.0, Avg: 0.0, Max: 0.1, Diff: 0.1, Sum: 0.2]
      [Code Root Scanning (ms): Min: 0.0, Avg: 0.0, Max: 0.0, Diff: 0.0, Sum: 0.0]
      [Object Copy (ms): Min: 0.0, Avg: 0.2, Max: 0.3, Diff: 0.3, Sum: 1.4]
      [Termination (ms): Min: 0.0, Avg: 0.8, Max: 1.1, Diff: 1.1, Sum: 6.1]
         [Termination Attempts: Min: 1, Avg: 1.8, Max: 4, Diff: 3, Sum: 14]
      [GC Worker Other (ms): Min: 0.0, Avg: 0.0, Max: 0.0, Diff: 0.0, Sum: 0.1]
      [GC Worker Total (ms): Min: 0.0, Avg: 2.0, Max: 4.8, Diff: 4.8, Sum: 16.3]
      [GC Worker End (ms): Min: 487058393.2, Avg: 487058393.2, Max: 487058393.3, Diff: 0.1]
   [Code Root Fixup: 0.0 ms]
   [Code Root Purge: 0.0 ms]
   [Clear CT: 0.7 ms]
   [Other: 19.2 ms]
      [Choose CSet: 0.0 ms]
      [Ref Proc: 18.9 ms]
      [Ref Enq: 0.1 ms]
      [Redirty Cards: 0.1 ms]
      [Humongous Register: 0.0 ms]
      [Humongous Reclaim: 0.0 ms]
      [Free CSet: 0.1 ms]
   [Eden: 7152.0M(7152.0M)->0.0B(7152.0M) Survivors: 16384.0K->16384.0K Heap: 10386.2M(14336.0M)->3234.0M(14336.0M)]
 [Times: user=0.07 sys=0.00, real=0.03 secs] 
2022-09-28T15:30:15.578-0600: 488048.689: [GC pause (G1 Evacuation Pause) (young), 0.0919398 secs]
   [Parallel Time: 4.2 ms, GC Workers: 8]
      [GC Worker Start (ms): Min: 488048688.6, Avg: 488048690.3, Max: 488048692.5, Diff: 3.9]
      [Ext Root Scanning (ms): Min: 0.0, Avg: 0.9, Max: 3.3, Diff: 3.3, Sum: 7.2]
      [Update RS (ms): Min: 0.0, Avg: 0.2, Max: 0.7, Diff: 0.7, Sum: 1.7]
         [Processed Buffers: Min: 0, Avg: 17.8, Max: 50, Diff: 50, Sum: 142]
      [Scan RS (ms): Min: 0.0, Avg: 0.0, Max: 0.1, Diff: 0.1, Sum: 0.2]
      [Code Root Scanning (ms): Min: 0.0, Avg: 0.0, Max: 0.0, Diff: 0.0, Sum: 0.0]
      [Object Copy (ms): Min: 0.0, Avg: 0.2, Max: 0.5, Diff: 0.5, Sum: 1.3]
      [Termination (ms): Min: 0.0, Avg: 1.0, Max: 1.6, Diff: 1.6, Sum: 8.1]
         [Termination Attempts: Min: 1, Avg: 2.5, Max: 6, Diff: 5, Sum: 20]
      [GC Worker Other (ms): Min: 0.0, Avg: 0.0, Max: 0.0, Diff: 0.0, Sum: 0.1]
      [GC Worker Total (ms): Min: 0.0, Avg: 2.3, Max: 3.9, Diff: 3.9, Sum: 18.6]
      [GC Worker End (ms): Min: 488048692.5, Avg: 488048692.6, Max: 488048692.7, Diff: 0.2]
   [Code Root Fixup: 0.0 ms]
   [Code Root Purge: 0.0 ms]
   [Clear CT: 0.8 ms]
   [Other: 87.0 ms]
      [Choose CSet: 0.0 ms]
      [Ref Proc: 86.6 ms]
      [Ref Enq: 0.1 ms]
      [Redirty Cards: 0.1 ms]
      [Humongous Register: 0.0 ms]
      [Humongous Reclaim: 0.0 ms]
      [Free CSet: 0.1 ms]
   [Eden: 7152.0M(7152.0M)->0.0B(7152.0M) Survivors: 16384.0K->16384.0K Heap: 10386.0M(14336.0M)->3234.1M(14336.0M)]
 [Times: user=0.19 sys=0.00, real=0.10 secs] 
2022-09-28T15:46:50.728-0600: 489043.839: [GC pause (G1 Evacuation Pause) (young) (initial-mark), 0.0298292 secs]
   [Parallel Time: 13.0 ms, GC Workers: 8]
      [GC Worker Start (ms): Min: 489043840.1, Avg: 489043844.0, Max: 489043844.8, Diff: 4.8]
      [Ext Root Scanning (ms): Min: 1.3, Avg: 5.2, Max: 11.3, Diff: 10.0, Sum: 41.5]
      [Update RS (ms): Min: 0.0, Avg: 0.2, Max: 1.3, Diff: 1.3, Sum: 1.3]
         [Processed Buffers: Min: 0, Avg: 16.0, Max: 128, Diff: 128, Sum: 128]
      [Scan RS (ms): Min: 0.0, Avg: 0.0, Max: 0.1, Diff: 0.1, Sum: 0.2]
      [Code Root Scanning (ms): Min: 0.0, Avg: 0.0, Max: 0.0, Diff: 0.0, Sum: 0.0]
      [Object Copy (ms): Min: 0.0, Avg: 0.2, Max: 0.7, Diff: 0.7, Sum: 1.4]
      [Termination (ms): Min: 0.0, Avg: 2.0, Max: 3.4, Diff: 3.4, Sum: 16.1]
         [Termination Attempts: Min: 1, Avg: 1.1, Max: 2, Diff: 1, Sum: 9]
      [GC Worker Other (ms): Min: 0.0, Avg: 0.0, Max: 0.0, Diff: 0.0, Sum: 0.1]
      [GC Worker Total (ms): Min: 6.8, Avg: 7.6, Max: 11.5, Diff: 4.7, Sum: 60.7]
      [GC Worker End (ms): Min: 489043851.5, Avg: 489043851.6, Max: 489043851.7, Diff: 0.2]
   [Code Root Fixup: 0.0 ms]
   [Code Root Purge: 0.0 ms]
   [Clear CT: 0.7 ms]
   [Other: 16.1 ms]
      [Choose CSet: 0.0 ms]
      [Ref Proc: 15.6 ms]
      [Ref Enq: 0.1 ms]
      [Redirty Cards: 0.1 ms]
      [Humongous Register: 0.0 ms]
      [Humongous Reclaim: 0.0 ms]
      [Free CSet: 0.1 ms]
   [Eden: 7152.0M(7152.0M)->0.0B(7152.0M) Survivors: 16384.0K->16384.0K Heap: 10386.1M(14336.0M)->3234.3M(14336.0M)]
 [Times: user=0.08 sys=0.00, real=0.03 secs] 
2022-09-28T15:46:50.758-0600: 489043.869: [GC concurrent-root-region-scan-start]
2022-09-28T15:46:50.761-0600: 489043.872: [GC concurrent-root-region-scan-end, 0.0029741 secs]
2022-09-28T15:46:50.761-0600: 489043.872: [GC concurrent-mark-start]
2022-09-28T15:46:51.967-0600: 489045.078: [GC concurrent-mark-end, 1.2066887 secs]
2022-09-28T15:46:51.968-0600: 489045.078: [GC remark 2022-09-28T15:46:51.968-0600: 489045.078: [Finalize Marking, 0.0048415 secs] 2022-09-28T15:46:51.972-0600: 489045.083: [GC ref-proc, 0.0468627 secs] 2022-09-28T15:46:52.019-0600: 489045.130: [Unloading, 0.4232853 secs], 0.4803527 secs]
 [Times: user=0.34 sys=0.00, real=0.48 secs] 
2022-09-28T15:46:52.448-0600: 489045.559: [GC cleanup 3266M->3266M(14336M), 0.0055057 secs]
 [Times: user=0.02 sys=0.00, real=0.01 secs] 
2022-09-28T16:03:14.254-0600: 490027.365: [GC pause (G1 Evacuation Pause) (young), 0.2343488 secs]
   [Parallel Time: 5.3 ms, GC Workers: 8]
      [GC Worker Start (ms): Min: 490027364.6, Avg: 490027367.3, Max: 490027369.6, Diff: 5.0]
      [Ext Root Scanning (ms): Min: 0.0, Avg: 0.8, Max: 3.0, Diff: 3.0, Sum: 6.2]
      [Update RS (ms): Min: 0.0, Avg: 0.2, Max: 1.0, Diff: 1.0, Sum: 1.6]
         [Processed Buffers: Min: 0, Avg: 18.0, Max: 91, Diff: 91, Sum: 144]
      [Scan RS (ms): Min: 0.0, Avg: 0.0, Max: 0.1, Diff: 0.1, Sum: 0.2]
      [Code Root Scanning (ms): Min: 0.0, Avg: 0.0, Max: 0.0, Diff: 0.0, Sum: 0.0]
      [Object Copy (ms): Min: 0.0, Avg: 0.2, Max: 0.6, Diff: 0.6, Sum: 1.5]
      [Termination (ms): Min: 0.0, Avg: 1.2, Max: 1.8, Diff: 1.8, Sum: 9.7]
         [Termination Attempts: Min: 1, Avg: 2.1, Max: 7, Diff: 6, Sum: 17]
      [GC Worker Other (ms): Min: 0.0, Avg: 0.0, Max: 0.0, Diff: 0.0, Sum: 0.1]
      [GC Worker Total (ms): Min: 0.0, Avg: 2.4, Max: 5.0, Diff: 5.0, Sum: 19.3]
      [GC Worker End (ms): Min: 490027369.7, Avg: 490027369.7, Max: 490027369.7, Diff: 0.0]
   [Code Root Fixup: 0.0 ms]
   [Code Root Purge: 0.0 ms]
   [Clear CT: 0.6 ms]
   [Other: 228.4 ms]
      [Choose CSet: 0.0 ms]
      [Ref Proc: 227.8 ms]
      [Ref Enq: 0.2 ms]
      [Redirty Cards: 0.1 ms]
      [Humongous Register: 0.0 ms]
      [Humongous Reclaim: 0.0 ms]
      [Free CSet: 0.2 ms]
   [Eden: 7152.0M(7152.0M)->0.0B(7152.0M) Survivors: 16384.0K->16384.0K Heap: 10386.3M(14336.0M)->3234.1M(14336.0M)]
 [Times: user=0.07 sys=0.00, real=0.23 secs] 
2022-09-28T16:19:56.177-0600: 491029.288: [GC pause (G1 Evacuation Pause) (young), 0.0714108 secs]
   [Parallel Time: 6.2 ms, GC Workers: 8]
      [GC Worker Start (ms): Min: 491029288.3, Avg: 491029292.1, Max: 491029294.4, Diff: 6.1]
      [Ext Root Scanning (ms): Min: 0.0, Avg: 0.8, Max: 3.4, Diff: 3.4, Sum: 6.2]
      [Update RS (ms): Min: 0.0, Avg: 0.2, Max: 0.8, Diff: 0.8, Sum: 1.5]
         [Processed Buffers: Min: 0, Avg: 18.0, Max: 101, Diff: 101, Sum: 144]
      [Scan RS (ms): Min: 0.0, Avg: 0.0, Max: 0.1, Diff: 0.1, Sum: 0.2]
      [Code Root Scanning (ms): Min: 0.0, Avg: 0.0, Max: 0.0, Diff: 0.0, Sum: 0.0]
      [Object Copy (ms): Min: 0.0, Avg: 0.1, Max: 0.5, Diff: 0.5, Sum: 1.2]
      [Termination (ms): Min: 0.0, Avg: 1.2, Max: 1.9, Diff: 1.9, Sum: 9.3]
         [Termination Attempts: Min: 1, Avg: 1.9, Max: 5, Diff: 4, Sum: 15]
      [GC Worker Other (ms): Min: 0.0, Avg: 0.0, Max: 0.0, Diff: 0.0, Sum: 0.0]
      [GC Worker Total (ms): Min: 0.0, Avg: 2.3, Max: 6.2, Diff: 6.2, Sum: 18.4]
      [GC Worker End (ms): Min: 491029294.4, Avg: 491029294.4, Max: 491029294.5, Diff: 0.1]
   [Code Root Fixup: 0.0 ms]
   [Code Root Purge: 0.0 ms]
   [Clear CT: 0.5 ms]
   [Other: 64.7 ms]
      [Choose CSet: 0.0 ms]
      [Ref Proc: 64.2 ms]
      [Ref Enq: 0.1 ms]
      [Redirty Cards: 0.1 ms]
      [Humongous Register: 0.0 ms]
      [Humongous Reclaim: 0.0 ms]
      [Free CSet: 0.1 ms]
   [Eden: 7152.0M(7152.0M)->0.0B(7152.0M) Survivors: 16384.0K->16384.0K Heap: 10386.1M(14336.0M)->3234.0M(14336.0M)]
 [Times: user=0.10 sys=0.00, real=0.08 secs] 
2022-09-28T16:36:36.378-0600: 492029.489: [GC pause (G1 Evacuation Pause) (young) (initial-mark), 0.0315141 secs]
   [Parallel Time: 11.0 ms, GC Workers: 8]
      [GC Worker Start (ms): Min: 492029490.3, Avg: 492029492.6, Max: 492029493.5, Diff: 3.2]
      [Ext Root Scanning (ms): Min: 2.4, Avg: 4.9, Max: 6.4, Diff: 4.0, Sum: 38.9]
      [Update RS (ms): Min: 0.0, Avg: 0.2, Max: 0.7, Diff: 0.7, Sum: 1.6]
         [Processed Buffers: Min: 0, Avg: 17.4, Max: 77, Diff: 77, Sum: 139]
      [Scan RS (ms): Min: 0.0, Avg: 0.0, Max: 0.1, Diff: 0.1, Sum: 0.2]
      [Code Root Scanning (ms): Min: 0.0, Avg: 0.0, Max: 0.0, Diff: 0.0, Sum: 0.0]
      [Object Copy (ms): Min: 0.0, Avg: 0.2, Max: 0.5, Diff: 0.5, Sum: 1.3]
      [Termination (ms): Min: 0.0, Avg: 2.2, Max: 3.6, Diff: 3.6, Sum: 17.2]
         [Termination Attempts: Min: 1, Avg: 1.4, Max: 2, Diff: 1, Sum: 11]
      [GC Worker Other (ms): Min: 0.0, Avg: 0.0, Max: 0.0, Diff: 0.0, Sum: 0.0]
      [GC Worker Total (ms): Min: 6.4, Avg: 7.4, Max: 9.6, Diff: 3.2, Sum: 59.3]
      [GC Worker End (ms): Min: 492029499.9, Avg: 492029500.0, Max: 492029500.1, Diff: 0.2]
   [Code Root Fixup: 0.0 ms]
   [Code Root Purge: 0.0 ms]
   [Clear CT: 0.6 ms]
   [Other: 19.9 ms]
      [Choose CSet: 0.0 ms]
      [Ref Proc: 19.5 ms]
      [Ref Enq: 0.1 ms]
      [Redirty Cards: 0.1 ms]
      [Humongous Register: 0.0 ms]
      [Humongous Reclaim: 0.0 ms]
      [Free CSet: 0.1 ms]
   [Eden: 7152.0M(7152.0M)->0.0B(7152.0M) Survivors: 16384.0K->16384.0K Heap: 10386.0M(14336.0M)->3234.1M(14336.0M)]
 [Times: user=0.10 sys=0.00, real=0.04 secs] 
2022-09-28T16:36:36.410-0600: 492029.521: [GC concurrent-root-region-scan-start]
2022-09-28T16:36:36.413-0600: 492029.524: [GC concurrent-root-region-scan-end, 0.0029292 secs]
2022-09-28T16:36:36.413-0600: 492029.524: [GC concurrent-mark-start]
2022-09-28T16:36:37.680-0600: 492030.791: [GC concurrent-mark-end, 1.2676285 secs]
2022-09-28T16:36:37.680-0600: 492030.791: [GC remark 2022-09-28T16:36:37.680-0600: 492030.791: [Finalize Marking, 0.0024706 secs] 2022-09-28T16:36:37.683-0600: 492030.794: [GC ref-proc, 0.0328905 secs] 2022-09-28T16:36:37.716-0600: 492030.827: [Unloading, 0.0276520 secs], 0.0696305 secs]
 [Times: user=0.27 sys=0.00, real=0.07 secs] 
2022-09-28T16:36:37.750-0600: 492030.861: [GC cleanup 3298M->3298M(14336M), 0.0075635 secs]
 [Times: user=0.03 sys=0.00, real=0.00 secs] 
2022-09-28T16:53:01.778-0600: 493014.889: [GC pause (G1 Evacuation Pause) (young), 0.0496986 secs]
   [Parallel Time: 6.6 ms, GC Workers: 8]
      [GC Worker Start (ms): Min: 493014890.3, Avg: 493014893.0, Max: 493014895.2, Diff: 4.9]
      [Ext Root Scanning (ms): Min: 0.0, Avg: 0.8, Max: 2.9, Diff: 2.9, Sum: 6.1]
      [Update RS (ms): Min: 0.0, Avg: 0.2, Max: 0.9, Diff: 0.9, Sum: 1.3]
         [Processed Buffers: Min: 0, Avg: 16.5, Max: 68, Diff: 68, Sum: 132]
      [Scan RS (ms): Min: 0.0, Avg: 0.0, Max: 0.1, Diff: 0.1, Sum: 0.2]
      [Code Root Scanning (ms): Min: 0.0, Avg: 0.0, Max: 0.0, Diff: 0.0, Sum: 0.0]
      [Object Copy (ms): Min: 0.0, Avg: 0.2, Max: 0.6, Diff: 0.6, Sum: 1.4]
      [Termination (ms): Min: 0.0, Avg: 1.2, Max: 2.0, Diff: 2.0, Sum: 9.5]
         [Termination Attempts: Min: 1, Avg: 1.0, Max: 1, Diff: 0, Sum: 8]
      [GC Worker Other (ms): Min: 0.0, Avg: 0.0, Max: 0.0, Diff: 0.0, Sum: 0.1]
      [GC Worker Total (ms): Min: 0.0, Avg: 2.3, Max: 5.1, Diff: 5.0, Sum: 18.6]
      [GC Worker End (ms): Min: 493014895.2, Avg: 493014895.3, Max: 493014895.4, Diff: 0.2]
   [Code Root Fixup: 0.0 ms]
   [Code Root Purge: 0.0 ms]
   [Clear CT: 0.9 ms]
   [Other: 42.2 ms]
      [Choose CSet: 0.0 ms]
      [Ref Proc: 41.9 ms]
      [Ref Enq: 0.1 ms]
      [Redirty Cards: 0.1 ms]
      [Humongous Register: 0.0 ms]
      [Humongous Reclaim: 0.0 ms]
      [Free CSet: 0.1 ms]
   [Eden: 7152.0M(7152.0M)->0.0B(7152.0M) Survivors: 16384.0K->16384.0K Heap: 10386.1M(14336.0M)->3234.1M(14336.0M)]
 [Times: user=0.13 sys=0.00, real=0.05 secs] 
2022-09-28T17:09:31.178-0600: 494004.289: [GC pause (G1 Evacuation Pause) (young), 0.5023563 secs]
   [Parallel Time: 4.9 ms, GC Workers: 8]
      [GC Worker Start (ms): Min: 494004288.9, Avg: 494004291.0, Max: 494004293.5, Diff: 4.6]
      [Ext Root Scanning (ms): Min: 0.0, Avg: 0.8, Max: 3.0, Diff: 3.0, Sum: 6.4]
      [Update RS (ms): Min: 0.0, Avg: 0.2, Max: 0.6, Diff: 0.6, Sum: 1.6]
         [Processed Buffers: Min: 0, Avg: 17.6, Max: 56, Diff: 56, Sum: 141]
      [Scan RS (ms): Min: 0.0, Avg: 0.0, Max: 0.1, Diff: 0.1, Sum: 0.2]
      [Code Root Scanning (ms): Min: 0.0, Avg: 0.0, Max: 0.0, Diff: 0.0, Sum: 0.0]
      [Object Copy (ms): Min: 0.0, Avg: 0.2, Max: 0.6, Diff: 0.6, Sum: 1.3]
      [Termination (ms): Min: 0.0, Avg: 1.3, Max: 1.9, Diff: 1.9, Sum: 10.8]
         [Termination Attempts: Min: 1, Avg: 1.6, Max: 3, Diff: 2, Sum: 13]
      [GC Worker Other (ms): Min: 0.0, Avg: 0.0, Max: 0.0, Diff: 0.0, Sum: 0.0]
      [GC Worker Total (ms): Min: 0.0, Avg: 2.6, Max: 4.7, Diff: 4.7, Sum: 20.5]
      [GC Worker End (ms): Min: 494004293.5, Avg: 494004293.6, Max: 494004293.7, Diff: 0.2]
   [Code Root Fixup: 0.0 ms]
   [Code Root Purge: 0.0 ms]
   [Clear CT: 0.8 ms]
   [Other: 496.6 ms]
      [Choose CSet: 0.0 ms]
      [Ref Proc: 496.3 ms]
      [Ref Enq: 0.1 ms]
      [Redirty Cards: 0.1 ms]
      [Humongous Register: 0.0 ms]
      [Humongous Reclaim: 0.0 ms]
      [Free CSet: 0.1 ms]
   [Eden: 7152.0M(7152.0M)->0.0B(5712.0M) Survivors: 16384.0K->16384.0K Heap: 10386.1M(14336.0M)->3234.1M(14336.0M)]
 [Times: user=2.74 sys=0.00, real=0.51 secs] 
2022-09-28T17:22:43.478-0600: 494796.588: [GC pause (G1 Evacuation Pause) (young) (initial-mark), 0.0367053 secs]
   [Parallel Time: 10.8 ms, GC Workers: 8]
      [GC Worker Start (ms): Min: 494796589.8, Avg: 494796592.2, Max: 494796593.1, Diff: 3.3]
      [Ext Root Scanning (ms): Min: 1.5, Avg: 4.7, Max: 6.1, Diff: 4.6, Sum: 37.4]
      [Update RS (ms): Min: 0.0, Avg: 0.2, Max: 0.9, Diff: 0.9, Sum: 1.6]
         [Processed Buffers: Min: 0, Avg: 15.9, Max: 118, Diff: 118, Sum: 127]
      [Scan RS (ms): Min: 0.0, Avg: 0.0, Max: 0.1, Diff: 0.1, Sum: 0.2]
      [Code Root Scanning (ms): Min: 0.0, Avg: 0.0, Max: 0.0, Diff: 0.0, Sum: 0.0]
      [Object Copy (ms): Min: 0.0, Avg: 0.2, Max: 0.5, Diff: 0.5, Sum: 1.2]
      [Termination (ms): Min: 0.0, Avg: 2.0, Max: 3.5, Diff: 3.5, Sum: 16.3]
         [Termination Attempts: Min: 1, Avg: 1.1, Max: 2, Diff: 1, Sum: 9]
      [GC Worker Other (ms): Min: 0.0, Avg: 0.0, Max: 0.0, Diff: 0.0, Sum: 0.1]
      [GC Worker Total (ms): Min: 6.1, Avg: 7.1, Max: 9.5, Diff: 3.4, Sum: 56.9]
      [GC Worker End (ms): Min: 494796599.3, Avg: 494796599.3, Max: 494796599.4, Diff: 0.1]
   [Code Root Fixup: 0.0 ms]
   [Code Root Purge: 0.0 ms]
   [Clear CT: 0.8 ms]
   [Other: 25.1 ms]
      [Choose CSet: 0.0 ms]
      [Ref Proc: 24.7 ms]
      [Ref Enq: 0.1 ms]
      [Redirty Cards: 0.1 ms]
      [Humongous Register: 0.0 ms]
      [Humongous Reclaim: 0.0 ms]
      [Free CSet: 0.1 ms]
   [Eden: 5712.0M(5712.0M)->0.0B(5712.0M) Survivors: 16384.0K->16384.0K Heap: 8946.1M(14336.0M)->3233.9M(14336.0M)]
 [Times: user=0.11 sys=0.00, real=0.04 secs] 
2022-09-28T17:22:43.514-0600: 494796.625: [GC concurrent-root-region-scan-start]
2022-09-28T17:22:43.560-0600: 494796.671: [GC concurrent-root-region-scan-end, 0.0458712 secs]
2022-09-28T17:22:43.560-0600: 494796.671: [GC concurrent-mark-start]
2022-09-28T17:22:44.839-0600: 494797.950: [GC concurrent-mark-end, 1.2787102 secs]
2022-09-28T17:22:44.839-0600: 494797.950: [GC remark 2022-09-28T17:22:44.839-0600: 494797.950: [Finalize Marking, 0.0041297 secs] 2022-09-28T17:22:44.843-0600: 494797.954: [GC ref-proc, 0.0340545 secs] 2022-09-28T17:22:44.877-0600: 494797.988: [Unloading, 0.1155979 secs], 0.1577374 secs]
 [Times: user=0.27 sys=0.00, real=0.16 secs] 
2022-09-28T17:22:44.997-0600: 494798.108: [GC cleanup 3264M->3264M(14336M), 0.0204397 secs]
 [Times: user=0.04 sys=0.00, real=0.02 secs] 
2022-09-28T17:35:52.278-0600: 495585.389: [GC pause (G1 Evacuation Pause) (young), 0.4433642 secs]
   [Parallel Time: 19.6 ms, GC Workers: 8]
      [GC Worker Start (ms): Min: 495585388.6, Avg: 495585389.9, Max: 495585392.1, Diff: 3.5]
      [Ext Root Scanning (ms): Min: 0.0, Avg: 0.9, Max: 3.2, Diff: 3.2, Sum: 7.2]
      [Update RS (ms): Min: 0.0, Avg: 0.2, Max: 0.6, Diff: 0.6, Sum: 1.8]
         [Processed Buffers: Min: 0, Avg: 16.9, Max: 127, Diff: 127, Sum: 135]
      [Scan RS (ms): Min: 0.0, Avg: 0.0, Max: 0.1, Diff: 0.1, Sum: 0.2]
      [Code Root Scanning (ms): Min: 0.0, Avg: 0.0, Max: 0.0, Diff: 0.0, Sum: 0.0]
      [Object Copy (ms): Min: 0.0, Avg: 0.2, Max: 0.5, Diff: 0.5, Sum: 1.4]
      [Termination (ms): Min: 0.0, Avg: 0.9, Max: 1.6, Diff: 1.6, Sum: 7.4]
         [Termination Attempts: Min: 1, Avg: 4.5, Max: 11, Diff: 10, Sum: 36]
      [GC Worker Other (ms): Min: 0.0, Avg: 0.0, Max: 0.0, Diff: 0.0, Sum: 0.1]
      [GC Worker Total (ms): Min: 0.0, Avg: 2.3, Max: 3.5, Diff: 3.5, Sum: 18.0]
      [GC Worker End (ms): Min: 495585392.1, Avg: 495585392.2, Max: 495585392.3, Diff: 0.2]
   [Code Root Fixup: 0.0 ms]
   [Code Root Purge: 0.0 ms]
   [Clear CT: 0.5 ms]
   [Other: 423.2 ms]
      [Choose CSet: 0.0 ms]
      [Ref Proc: 422.8 ms]
      [Ref Enq: 0.1 ms]
      [Redirty Cards: 0.1 ms]
      [Humongous Register: 0.0 ms]
      [Humongous Reclaim: 0.0 ms]
      [Free CSet: 0.1 ms]
   [Eden: 5712.0M(5712.0M)->0.0B(5712.0M) Survivors: 16384.0K->16384.0K Heap: 8945.9M(14336.0M)->3234.1M(14336.0M)]
 [Times: user=0.78 sys=0.00, real=0.45 secs] 
2022-09-28T17:37:08.140-0600: 495661.251: [GC pause (G1 Humongous Allocation) (young) (initial-mark), 0.1881599 secs]
   [Parallel Time: 172.7 ms, GC Workers: 8]
      [GC Worker Start (ms): Min: 495661252.2, Avg: 495661295.3, Max: 495661418.2, Diff: 166.0]
      [Ext Root Scanning (ms): Min: 2.5, Avg: 126.3, Max: 168.4, Diff: 165.9, Sum: 1010.8]
      [Update RS (ms): Min: 0.0, Avg: 0.3, Max: 1.1, Diff: 1.1, Sum: 2.0]
         [Processed Buffers: Min: 0, Avg: 4.2, Max: 25, Diff: 25, Sum: 34]
      [Scan RS (ms): Min: 0.0, Avg: 0.0, Max: 0.0, Diff: 0.0, Sum: 0.0]
      [Code Root Scanning (ms): Min: 0.0, Avg: 0.0, Max: 0.0, Diff: 0.0, Sum: 0.0]
      [Object Copy (ms): Min: 0.0, Avg: 0.3, Max: 0.6, Diff: 0.6, Sum: 2.1]
      [Termination (ms): Min: 0.0, Avg: 1.3, Max: 2.1, Diff: 2.1, Sum: 10.8]
         [Termination Attempts: Min: 1, Avg: 1.0, Max: 1, Diff: 0, Sum: 8]
      [GC Worker Other (ms): Min: 0.0, Avg: 0.0, Max: 0.0, Diff: 0.0, Sum: 0.0]
      [GC Worker Total (ms): Min: 5.3, Avg: 128.2, Max: 171.4, Diff: 166.2, Sum: 1025.7]
      [GC Worker End (ms): Min: 495661423.5, Avg: 495661423.5, Max: 495661423.6, Diff: 0.1]
   [Code Root Fixup: 0.0 ms]
   [Code Root Purge: 0.0 ms]
   [Clear CT: 0.1 ms]
   [Other: 15.3 ms]
      [Choose CSet: 0.0 ms]
      [Ref Proc: 15.0 ms]
      [Ref Enq: 0.1 ms]
      [Redirty Cards: 0.1 ms]
      [Humongous Register: 0.0 ms]
      [Humongous Reclaim: 0.0 ms]
      [Free CSet: 0.0 ms]
   [Eden: 576.0M(5712.0M)->0.0B(5712.0M) Survivors: 16384.0K->16384.0K Heap: 3808.4M(14336.0M)->3236.2M(14336.0M)]
 [Times: user=0.09 sys=0.00, real=0.19 secs] 
2022-09-28T17:37:08.328-0600: 495661.439: [GC concurrent-root-region-scan-start]
2022-09-28T17:37:08.331-0600: 495661.442: [GC concurrent-root-region-scan-end, 0.0026407 secs]
2022-09-28T17:37:08.331-0600: 495661.442: [GC concurrent-mark-start]
2022-09-28T17:37:09.569-0600: 495662.680: [GC concurrent-mark-end, 1.2381063 secs]
2022-09-28T17:37:09.569-0600: 495662.680: [GC remark 2022-09-28T17:37:09.569-0600: 495662.680: [Finalize Marking, 0.0027943 secs] 2022-09-28T17:37:09.572-0600: 495662.683: [GC ref-proc, 0.1440870 secs] 2022-09-28T17:37:09.716-0600: 495662.827: [Unloading, 0.1398502 secs], 0.2929953 secs]
 [Times: user=0.94 sys=0.00, real=0.29 secs] 
2022-09-28T17:37:09.868-0600: 495662.979: [GC cleanup 3292M->3292M(14336M), 0.0071277 secs]
 [Times: user=0.02 sys=0.00, real=0.01 secs] 
2022-09-28T17:39:02.308-0600: 495775.418: [GC pause (G1 Evacuation Pause) (young), 0.1194523 secs]
   [Parallel Time: 29.2 ms, GC Workers: 8]
      [GC Worker Start (ms): Min: 495775418.6, Avg: 495775426.0, Max: 495775435.2, Diff: 16.6]
      [Ext Root Scanning (ms): Min: 0.0, Avg: 0.7, Max: 2.8, Diff: 2.8, Sum: 5.8]
      [Update RS (ms): Min: 0.0, Avg: 0.7, Max: 2.2, Diff: 2.2, Sum: 5.4]
         [Processed Buffers: Min: 0, Avg: 21.1, Max: 68, Diff: 68, Sum: 169]
      [Scan RS (ms): Min: 0.0, Avg: 0.0, Max: 0.1, Diff: 0.1, Sum: 0.2]
      [Code Root Scanning (ms): Min: 0.0, Avg: 0.0, Max: 0.0, Diff: 0.0, Sum: 0.0]
      [Object Copy (ms): Min: 12.0, Avg: 19.8, Max: 24.7, Diff: 12.7, Sum: 158.3]
      [Termination (ms): Min: 0.0, Avg: 0.5, Max: 0.6, Diff: 0.6, Sum: 4.1]
         [Termination Attempts: Min: 1, Avg: 6.8, Max: 13, Diff: 12, Sum: 54]
      [GC Worker Other (ms): Min: 0.0, Avg: 0.0, Max: 0.0, Diff: 0.0, Sum: 0.1]
      [GC Worker Total (ms): Min: 12.6, Avg: 21.7, Max: 29.2, Diff: 16.6, Sum: 173.9]
      [GC Worker End (ms): Min: 495775447.7, Avg: 495775447.8, Max: 495775447.8, Diff: 0.0]
   [Code Root Fixup: 0.0 ms]
   [Code Root Purge: 0.0 ms]
   [Clear CT: 0.9 ms]
   [Other: 89.3 ms]
      [Choose CSet: 0.0 ms]
      [Ref Proc: 88.9 ms]
      [Ref Enq: 0.1 ms]
      [Redirty Cards: 0.1 ms]
      [Humongous Register: 0.0 ms]
      [Humongous Reclaim: 0.0 ms]
      [Free CSet: 0.1 ms]
   [Eden: 5712.0M(5712.0M)->0.0B(5568.0M) Survivors: 16384.0K->160.0M Heap: 8964.2M(14336.0M)->3398.1M(14336.0M)]
 [Times: user=0.31 sys=0.00, real=0.12 secs] 
2022-09-28T17:40:21.458-0600: 495854.569: [GC pause (G1 Evacuation Pause) (young), 0.0724044 secs]
   [Parallel Time: 55.3 ms, GC Workers: 8]
      [GC Worker Start (ms): Min: 495854573.0, Avg: 495854582.9, Max: 495854591.2, Diff: 18.2]
      [Ext Root Scanning (ms): Min: 0.0, Avg: 0.8, Max: 3.4, Diff: 3.4, Sum: 6.1]
      [Update RS (ms): Min: 0.0, Avg: 0.8, Max: 2.2, Diff: 2.2, Sum: 6.5]
         [Processed Buffers: Min: 0, Avg: 6.6, Max: 33, Diff: 33, Sum: 53]
      [Scan RS (ms): Min: 0.0, Avg: 0.0, Max: 0.1, Diff: 0.1, Sum: 0.2]
      [Code Root Scanning (ms): Min: 0.0, Avg: 0.0, Max: 0.0, Diff: 0.0, Sum: 0.0]
      [Object Copy (ms): Min: 32.9, Avg: 39.6, Max: 45.4, Diff: 12.6, Sum: 316.7]
      [Termination (ms): Min: 0.0, Avg: 0.0, Max: 0.0, Diff: 0.0, Sum: 0.3]
         [Termination Attempts: Min: 1, Avg: 61.1, Max: 85, Diff: 84, Sum: 489]
      [GC Worker Other (ms): Min: 0.0, Avg: 0.0, Max: 0.1, Diff: 0.1, Sum: 0.3]
      [GC Worker Total (ms): Min: 32.9, Avg: 41.3, Max: 51.1, Diff: 18.2, Sum: 330.2]
      [GC Worker End (ms): Min: 495854624.2, Avg: 495854624.2, Max: 495854624.3, Diff: 0.1]
   [Code Root Fixup: 0.0 ms]
   [Code Root Purge: 0.0 ms]
   [Clear CT: 0.8 ms]
   [Other: 16.3 ms]
      [Choose CSet: 0.0 ms]
      [Ref Proc: 15.8 ms]
      [Ref Enq: 0.1 ms]
      [Redirty Cards: 0.1 ms]
      [Humongous Register: 0.0 ms]
      [Humongous Reclaim: 0.0 ms]
      [Free CSet: 0.1 ms]
   [Eden: 5568.0M(5568.0M)->0.0B(5536.0M) Survivors: 160.0M->192.0M Heap: 8966.1M(14336.0M)->3524.3M(14336.0M)]
 [Times: user=0.34 sys=0.00, real=0.08 secs] 
2022-09-28T17:41:28.284-0600: 495921.394: [GC pause (G1 Evacuation Pause) (young) (initial-mark), 0.0805033 secs]
   [Parallel Time: 58.9 ms, GC Workers: 8]
      [GC Worker Start (ms): Min: 495921395.8, Avg: 495921399.3, Max: 495921400.1, Diff: 4.4]
      [Ext Root Scanning (ms): Min: 2.4, Avg: 6.0, Max: 10.1, Diff: 7.7, Sum: 48.0]
      [Update RS (ms): Min: 4.3, Avg: 9.5, Max: 13.4, Diff: 9.1, Sum: 76.1]
         [Processed Buffers: Min: 27, Avg: 45.4, Max: 81, Diff: 54, Sum: 363]
      [Scan RS (ms): Min: 0.0, Avg: 0.0, Max: 0.1, Diff: 0.0, Sum: 0.2]
      [Code Root Scanning (ms): Min: 0.0, Avg: 0.0, Max: 0.0, Diff: 0.0, Sum: 0.0]
      [Object Copy (ms): Min: 23.4, Avg: 24.3, Max: 24.7, Diff: 1.2, Sum: 194.7]
      [Termination (ms): Min: 0.0, Avg: 0.1, Max: 0.1, Diff: 0.1, Sum: 0.5]
         [Termination Attempts: Min: 1, Avg: 122.2, Max: 177, Diff: 176, Sum: 978]
      [GC Worker Other (ms): Min: 0.0, Avg: 0.0, Max: 0.0, Diff: 0.0, Sum: 0.1]
      [GC Worker Total (ms): Min: 39.2, Avg: 40.0, Max: 43.5, Diff: 4.4, Sum: 319.8]
      [GC Worker End (ms): Min: 495921439.3, Avg: 495921439.3, Max: 495921439.3, Diff: 0.0]
   [Code Root Fixup: 0.0 ms]
   [Code Root Purge: 0.0 ms]
   [Clear CT: 0.8 ms]
   [Other: 20.8 ms]
      [Choose CSet: 0.0 ms]
      [Ref Proc: 20.3 ms]
      [Ref Enq: 0.1 ms]
      [Redirty Cards: 0.2 ms]
      [Humongous Register: 0.0 ms]
      [Humongous Reclaim: 0.0 ms]
      [Free CSet: 0.1 ms]
   [Eden: 5536.0M(5536.0M)->0.0B(6976.0M) Survivors: 192.0M->192.0M Heap: 9060.3M(14336.0M)->3652.7M(14336.0M)]
 [Times: user=0.33 sys=0.00, real=0.08 secs] 
2022-09-28T17:41:28.364-0600: 495921.475: [GC concurrent-root-region-scan-start]
2022-09-28T17:41:28.389-0600: 495921.500: [GC concurrent-root-region-scan-end, 0.0247131 secs]
2022-09-28T17:41:28.389-0600: 495921.500: [GC concurrent-mark-start]
2022-09-28T17:41:29.633-0600: 495922.743: [GC concurrent-mark-end, 1.2436531 secs]
2022-09-28T17:41:29.633-0600: 495922.744: [GC remark 2022-09-28T17:41:29.633-0600: 495922.744: [Finalize Marking, 0.0026273 secs] 2022-09-28T17:41:29.635-0600: 495922.746: [GC ref-proc, 0.0397352 secs] 2022-09-28T17:41:29.675-0600: 495922.786: [Unloading, 0.0270278 secs], 0.0731115 secs]
 [Times: user=0.31 sys=0.00, real=0.07 secs] 
2022-09-28T17:41:29.706-0600: 495922.817: [GC cleanup 3748M->3748M(14336M), 0.0061446 secs]
 [Times: user=0.02 sys=0.00, real=0.01 secs] 
2022-09-28T17:42:43.587-0600: 495996.698: [GC pause (G1 Evacuation Pause) (young), 0.1501422 secs]
   [Parallel Time: 56.1 ms, GC Workers: 8]
      [GC Worker Start (ms): Min: 495996704.3, Avg: 495996708.8, Max: 495996715.2, Diff: 10.8]
      [Ext Root Scanning (ms): Min: 0.0, Avg: 3.2, Max: 8.1, Diff: 8.1, Sum: 25.8]
      [Update RS (ms): Min: 4.2, Avg: 8.8, Max: 22.4, Diff: 18.2, Sum: 70.7]
         [Processed Buffers: Min: 16, Avg: 44.5, Max: 74, Diff: 58, Sum: 356]
      [Scan RS (ms): Min: 0.0, Avg: 0.0, Max: 0.1, Diff: 0.1, Sum: 0.3]
      [Code Root Scanning (ms): Min: 0.0, Avg: 0.0, Max: 0.0, Diff: 0.0, Sum: 0.0]
      [Object Copy (ms): Min: 23.3, Avg: 32.9, Max: 34.5, Diff: 11.2, Sum: 263.5]
      [Termination (ms): Min: 0.0, Avg: 0.5, Max: 0.6, Diff: 0.6, Sum: 4.2]
         [Termination Attempts: Min: 1, Avg: 41.0, Max: 72, Diff: 71, Sum: 328]
      [GC Worker Other (ms): Min: 0.0, Avg: 0.0, Max: 0.0, Diff: 0.0, Sum: 0.1]
      [GC Worker Total (ms): Min: 39.2, Avg: 45.6, Max: 50.1, Diff: 10.8, Sum: 364.7]
      [GC Worker End (ms): Min: 495996754.4, Avg: 495996754.4, Max: 495996754.4, Diff: 0.0]
   [Code Root Fixup: 0.0 ms]
   [Code Root Purge: 0.0 ms]
   [Clear CT: 0.9 ms]
   [Other: 93.1 ms]
      [Choose CSet: 0.0 ms]
      [Ref Proc: 92.4 ms]
      [Ref Enq: 0.3 ms]
      [Redirty Cards: 0.2 ms]
      [Humongous Register: 0.0 ms]
      [Humongous Reclaim: 0.0 ms]
      [Free CSet: 0.2 ms]
   [Eden: 6976.0M(6976.0M)->0.0B(5504.0M) Survivors: 192.0M->224.0M Heap: 10628.7M(14336.0M)->3737.9M(14336.0M)]
 [Times: user=0.60 sys=0.00, real=0.15 secs] 
2022-09-28T17:44:06.333-0600: 496079.444: [GC pause (G1 Evacuation Pause) (mixed), 0.1420437 secs]
   [Parallel Time: 120.7 ms, GC Workers: 8]
      [GC Worker Start (ms): Min: 496079496.3, Avg: 496079500.8, Max: 496079510.4, Diff: 14.1]
      [Ext Root Scanning (ms): Min: 0.0, Avg: 0.8, Max: 3.3, Diff: 3.3, Sum: 6.5]
      [Update RS (ms): Min: 0.0, Avg: 3.4, Max: 13.6, Diff: 13.6, Sum: 27.4]
         [Processed Buffers: Min: 0, Avg: 35.2, Max: 72, Diff: 72, Sum: 282]
      [Scan RS (ms): Min: 0.0, Avg: 0.6, Max: 0.9, Diff: 0.9, Sum: 4.6]
      [Code Root Scanning (ms): Min: 0.0, Avg: 0.0, Max: 0.0, Diff: 0.0, Sum: 0.1]
      [Object Copy (ms): Min: 45.7, Avg: 53.5, Max: 56.6, Diff: 10.9, Sum: 428.0]
      [Termination (ms): Min: 0.0, Avg: 1.1, Max: 1.3, Diff: 1.3, Sum: 8.5]
         [Termination Attempts: Min: 1, Avg: 3.1, Max: 5, Diff: 4, Sum: 25]
      [GC Worker Other (ms): Min: 0.0, Avg: 0.0, Max: 0.0, Diff: 0.0, Sum: 0.1]
      [GC Worker Total (ms): Min: 49.8, Avg: 59.4, Max: 63.8, Diff: 14.1, Sum: 475.1]
      [GC Worker End (ms): Min: 496079560.1, Avg: 496079560.2, Max: 496079560.3, Diff: 0.1]
   [Code Root Fixup: 0.0 ms]
   [Code Root Purge: 0.0 ms]
   [Clear CT: 0.8 ms]
   [Other: 20.6 ms]
      [Choose CSet: 0.0 ms]
      [Ref Proc: 19.8 ms]
      [Ref Enq: 0.1 ms]
      [Redirty Cards: 0.4 ms]
      [Humongous Register: 0.0 ms]
      [Humongous Reclaim: 0.0 ms]
      [Free CSet: 0.2 ms]
   [Eden: 5504.0M(5504.0M)->0.0B(7040.0M) Survivors: 224.0M->128.0M Heap: 9241.9M(14336.0M)->3662.3M(14336.0M)]
 [Times: user=0.45 sys=0.00, real=0.14 secs] 
2022-09-28T17:45:52.287-0600: 496185.398: [GC pause (G1 Evacuation Pause) (young), 0.0464676 secs]
   [Parallel Time: 18.8 ms, GC Workers: 8]
      [GC Worker Start (ms): Min: 496185398.1, Avg: 496185399.2, Max: 496185400.0, Diff: 1.9]
      [Ext Root Scanning (ms): Min: 0.0, Avg: 0.9, Max: 3.1, Diff: 3.1, Sum: 7.1]
      [Update RS (ms): Min: 12.6, Avg: 14.1, Max: 16.8, Diff: 4.2, Sum: 113.0]
         [Processed Buffers: Min: 0, Avg: 42.4, Max: 78, Diff: 78, Sum: 339]
      [Scan RS (ms): Min: 0.0, Avg: 0.3, Max: 0.4, Diff: 0.4, Sum: 2.0]
      [Code Root Scanning (ms): Min: 0.0, Avg: 0.0, Max: 0.0, Diff: 0.0, Sum: 0.0]
      [Object Copy (ms): Min: 0.1, Avg: 1.8, Max: 2.5, Diff: 2.4, Sum: 14.5]
      [Termination (ms): Min: 0.0, Avg: 0.5, Max: 0.7, Diff: 0.7, Sum: 4.3]
         [Termination Attempts: Min: 1, Avg: 45.9, Max: 72, Diff: 71, Sum: 367]
      [GC Worker Other (ms): Min: 0.0, Avg: 0.0, Max: 0.0, Diff: 0.0, Sum: 0.0]
      [GC Worker Total (ms): Min: 16.8, Avg: 17.6, Max: 18.7, Diff: 1.9, Sum: 141.0]
      [GC Worker End (ms): Min: 496185416.8, Avg: 496185416.8, Max: 496185416.8, Diff: 0.1]
   [Code Root Fixup: 0.0 ms]
   [Code Root Purge: 0.0 ms]
   [Clear CT: 0.8 ms]
   [Other: 26.8 ms]
      [Choose CSet: 0.0 ms]
      [Ref Proc: 26.3 ms]
      [Ref Enq: 0.1 ms]
      [Redirty Cards: 0.1 ms]
      [Humongous Register: 0.0 ms]
      [Humongous Reclaim: 0.0 ms]
      [Free CSet: 0.1 ms]
   [Eden: 7040.0M(7040.0M)->0.0B(7040.0M) Survivors: 128.0M->128.0M Heap: 10702.3M(14336.0M)->3717.7M(14336.0M)]
 [Times: user=0.18 sys=0.00, real=0.05 secs] 
2022-09-28T17:47:38.131-0600: 496291.242: [GC pause (G1 Evacuation Pause) (young) (initial-mark), 0.0972542 secs]
   [Parallel Time: 69.4 ms, GC Workers: 8]
      [GC Worker Start (ms): Min: 496291243.4, Avg: 496291259.6, Max: 496291298.9, Diff: 55.4]
      [Ext Root Scanning (ms): Min: 2.0, Avg: 46.8, Max: 62.6, Diff: 60.6, Sum: 374.5]
      [Update RS (ms): Min: 0.0, Avg: 0.9, Max: 3.7, Diff: 3.7, Sum: 7.2]
         [Processed Buffers: Min: 0, Avg: 6.8, Max: 34, Diff: 34, Sum: 54]
      [Scan RS (ms): Min: 0.0, Avg: 0.0, Max: 0.1, Diff: 0.1, Sum: 0.2]
      [Code Root Scanning (ms): Min: 0.0, Avg: 0.0, Max: 0.0, Diff: 0.0, Sum: 0.0]
      [Object Copy (ms): Min: 0.0, Avg: 1.5, Max: 3.8, Diff: 3.8, Sum: 12.3]
      [Termination (ms): Min: 0.0, Avg: 2.5, Max: 3.2, Diff: 3.2, Sum: 20.0]
         [Termination Attempts: Min: 1, Avg: 3.9, Max: 9, Diff: 8, Sum: 31]
      [GC Worker Other (ms): Min: 0.0, Avg: 0.0, Max: 0.0, Diff: 0.0, Sum: 0.0]
      [GC Worker Total (ms): Min: 12.5, Avg: 51.8, Max: 68.1, Diff: 55.6, Sum: 414.2]
      [GC Worker End (ms): Min: 496291311.3, Avg: 496291311.4, Max: 496291311.5, Diff: 0.2]
   [Code Root Fixup: 0.0 ms]
   [Code Root Purge: 0.0 ms]
   [Clear CT: 0.9 ms]
   [Other: 26.9 ms]
      [Choose CSet: 0.0 ms]
      [Ref Proc: 26.5 ms]
      [Ref Enq: 0.1 ms]
      [Redirty Cards: 0.1 ms]
      [Humongous Register: 0.0 ms]
      [Humongous Reclaim: 0.0 ms]
      [Free CSet: 0.1 ms]
   [Eden: 7040.0M(7040.0M)->0.0B(7136.0M) Survivors: 128.0M->32768.0K Heap: 10757.7M(14336.0M)->3677.0M(14336.0M)]
 [Times: user=0.20 sys=0.00, real=0.10 secs] 
2022-09-28T17:47:38.229-0600: 496291.339: [GC concurrent-root-region-scan-start]
2022-09-28T17:47:38.235-0600: 496291.345: [GC concurrent-root-region-scan-end, 0.0060245 secs]
2022-09-28T17:47:38.235-0600: 496291.345: [GC concurrent-mark-start]
2022-09-28T17:47:39.589-0600: 496292.700: [GC concurrent-mark-end, 1.3542249 secs]
2022-09-28T17:47:39.589-0600: 496292.700: [GC remark 2022-09-28T17:47:39.589-0600: 496292.700: [Finalize Marking, 0.0034590 secs] 2022-09-28T17:47:39.592-0600: 496292.703: [GC ref-proc, 0.0291361 secs] 2022-09-28T17:47:39.622-0600: 496292.732: [Unloading, 0.0278256 secs], 0.0653473 secs]
 [Times: user=0.27 sys=0.00, real=0.06 secs] 
2022-09-28T17:47:39.654-0600: 496292.765: [GC cleanup 3788M->3788M(14336M), 0.0083599 secs]
 [Times: user=0.03 sys=0.00, real=0.01 secs] 
2022-09-28T17:49:15.430-0600: 496388.541: [GC pause (G1 Evacuation Pause) (young), 0.3179668 secs]
   [Parallel Time: 280.5 ms, GC Workers: 8]
      [GC Worker Start (ms): Min: 496388541.4, Avg: 496388567.8, Max: 496388711.9, Diff: 170.5]
      [Ext Root Scanning (ms): Min: 0.0, Avg: 0.8, Max: 2.8, Diff: 2.8, Sum: 6.1]
      [Update RS (ms): Min: 0.0, Avg: 1.8, Max: 4.4, Diff: 4.4, Sum: 14.1]
         [Processed Buffers: Min: 0, Avg: 10.5, Max: 30, Diff: 30, Sum: 84]
      [Scan RS (ms): Min: 0.0, Avg: 0.0, Max: 0.1, Diff: 0.1, Sum: 0.3]
      [Code Root Scanning (ms): Min: 0.0, Avg: 0.0, Max: 0.0, Diff: 0.0, Sum: 0.0]
      [Object Copy (ms): Min: 0.0, Avg: 9.2, Max: 12.4, Diff: 12.4, Sum: 73.4]
      [Termination (ms): Min: 0.0, Avg: 132.4, Max: 151.5, Diff: 151.5, Sum: 1059.4]
         [Termination Attempts: Min: 1, Avg: 6.0, Max: 12, Diff: 11, Sum: 48]
      [GC Worker Other (ms): Min: 0.0, Avg: 0.0, Max: 0.0, Diff: 0.0, Sum: 0.1]
      [GC Worker Total (ms): Min: 0.1, Avg: 144.2, Max: 170.7, Diff: 170.7, Sum: 1153.4]
      [GC Worker End (ms): Min: 496388711.9, Avg: 496388712.0, Max: 496388712.1, Diff: 0.2]
   [Code Root Fixup: 0.0 ms]
   [Code Root Purge: 0.0 ms]
   [Clear CT: 0.9 ms]
   [Other: 36.6 ms]
      [Choose CSet: 0.0 ms]
      [Ref Proc: 36.1 ms]
      [Ref Enq: 0.1 ms]
      [Redirty Cards: 0.1 ms]
      [Humongous Register: 0.0 ms]
      [Humongous Reclaim: 0.0 ms]
      [Free CSet: 0.1 ms]
   [Eden: 7136.0M(7136.0M)->0.0B(5664.0M) Survivors: 32768.0K->65536.0K Heap: 10813.0M(14336.0M)->3725.7M(14336.0M)]
 [Times: user=1.37 sys=0.00, real=0.32 secs] 
2022-09-28T17:50:36.380-0600: 496469.491: [GC pause (G1 Evacuation Pause) (mixed), 0.0522107 secs]
   [Parallel Time: 35.6 ms, GC Workers: 8]
      [GC Worker Start (ms): Min: 496469491.2, Avg: 496469498.9, Max: 496469503.9, Diff: 12.7]
      [Ext Root Scanning (ms): Min: 0.0, Avg: 0.8, Max: 4.8, Diff: 4.8, Sum: 6.5]
      [Update RS (ms): Min: 0.0, Avg: 1.9, Max: 7.7, Diff: 7.7, Sum: 15.0]
         [Processed Buffers: Min: 0, Avg: 8.5, Max: 22, Diff: 22, Sum: 68]
      [Scan RS (ms): Min: 0.0, Avg: 1.5, Max: 3.1, Diff: 3.1, Sum: 12.0]
      [Code Root Scanning (ms): Min: 0.0, Avg: 0.1, Max: 1.1, Diff: 1.1, Sum: 1.2]
      [Object Copy (ms): Min: 21.5, Avg: 22.3, Max: 23.0, Diff: 1.5, Sum: 178.2]
      [Termination (ms): Min: 0.0, Avg: 0.5, Max: 1.3, Diff: 1.3, Sum: 4.2]
         [Termination Attempts: Min: 1, Avg: 4.4, Max: 11, Diff: 10, Sum: 35]
      [GC Worker Other (ms): Min: 0.0, Avg: 0.0, Max: 0.0, Diff: 0.0, Sum: 0.1]
      [GC Worker Total (ms): Min: 22.1, Avg: 27.1, Max: 34.8, Diff: 12.7, Sum: 217.1]
      [GC Worker End (ms): Min: 496469526.0, Avg: 496469526.1, Max: 496469526.7, Diff: 0.7]
   [Code Root Fixup: 0.0 ms]
   [Code Root Purge: 0.0 ms]
   [Clear CT: 1.1 ms]
   [Other: 15.6 ms]
      [Choose CSet: 0.0 ms]
      [Ref Proc: 14.9 ms]
      [Ref Enq: 0.1 ms]
      [Redirty Cards: 0.2 ms]
      [Humongous Register: 0.0 ms]
      [Humongous Reclaim: 0.0 ms]
      [Free CSet: 0.2 ms]
   [Eden: 5664.0M(5664.0M)->0.0B(7040.0M) Survivors: 65536.0K->128.0M Heap: 9389.7M(14336.0M)->3622.9M(14336.0M)]
 [Times: user=0.22 sys=0.00, real=0.06 secs] 
2022-09-28T17:52:16.330-0600: 496569.441: [GC pause (G1 Evacuation Pause) (young), 0.0834389 secs]
   [Parallel Time: 40.0 ms, GC Workers: 8]
      [GC Worker Start (ms): Min: 496569440.7, Avg: 496569462.0, Max: 496569479.0, Diff: 38.3]
      [Ext Root Scanning (ms): Min: 0.0, Avg: 0.8, Max: 3.5, Diff: 3.5, Sum: 6.7]
      [Update RS (ms): Min: 0.0, Avg: 14.6, Max: 32.1, Diff: 32.1, Sum: 117.1]
         [Processed Buffers: Min: 0, Avg: 43.2, Max: 122, Diff: 122, Sum: 346]
      [Scan RS (ms): Min: 0.0, Avg: 0.0, Max: 0.1, Diff: 0.1, Sum: 0.2]
      [Code Root Scanning (ms): Min: 0.0, Avg: 0.0, Max: 0.0, Diff: 0.0, Sum: 0.0]
      [Object Copy (ms): Min: 0.0, Avg: 1.3, Max: 2.3, Diff: 2.3, Sum: 10.1]
      [Termination (ms): Min: 0.0, Avg: 1.7, Max: 2.2, Diff: 2.2, Sum: 13.2]
         [Termination Attempts: Min: 1, Avg: 4.2, Max: 7, Diff: 6, Sum: 34]
      [GC Worker Other (ms): Min: 0.0, Avg: 0.0, Max: 0.0, Diff: 0.0, Sum: 0.1]
      [GC Worker Total (ms): Min: 1.4, Avg: 18.4, Max: 39.8, Diff: 38.5, Sum: 147.4]
      [GC Worker End (ms): Min: 496569480.4, Avg: 496569480.4, Max: 496569480.5, Diff: 0.2]
   [Code Root Fixup: 0.0 ms]
   [Code Root Purge: 0.0 ms]
   [Clear CT: 0.8 ms]
   [Other: 42.6 ms]
      [Choose CSet: 0.0 ms]
      [Ref Proc: 42.2 ms]
      [Ref Enq: 0.1 ms]
      [Redirty Cards: 0.0 ms]
      [Humongous Register: 0.0 ms]
      [Humongous Reclaim: 0.0 ms]
      [Free CSet: 0.2 ms]
   [Eden: 7040.0M(7040.0M)->0.0B(7136.0M) Survivors: 128.0M->32768.0K Heap: 10662.9M(14336.0M)->3572.4M(14336.0M)]
 [Times: user=0.23 sys=0.00, real=0.08 secs] 
2022-09-28T17:53:57.733-0600: 496670.844: [GC pause (G1 Evacuation Pause) (young) (initial-mark), 0.0393812 secs]
   [Parallel Time: 18.9 ms, GC Workers: 8]
      [GC Worker Start (ms): Min: 496670845.7, Avg: 496670848.2, Max: 496670849.1, Diff: 3.4]
      [Ext Root Scanning (ms): Min: 2.4, Avg: 7.3, Max: 13.7, Diff: 11.3, Sum: 58.8]
      [Update RS (ms): Min: 0.0, Avg: 3.9, Max: 11.8, Diff: 11.8, Sum: 31.4]
         [Processed Buffers: Min: 0, Avg: 24.6, Max: 59, Diff: 59, Sum: 197]
      [Scan RS (ms): Min: 0.0, Avg: 0.0, Max: 0.1, Diff: 0.1, Sum: 0.2]
      [Code Root Scanning (ms): Min: 0.0, Avg: 0.0, Max: 0.0, Diff: 0.0, Sum: 0.0]
      [Object Copy (ms): Min: 0.0, Avg: 2.3, Max: 3.9, Diff: 3.9, Sum: 18.6]
      [Termination (ms): Min: 0.0, Avg: 1.5, Max: 2.2, Diff: 2.2, Sum: 11.7]
         [Termination Attempts: Min: 1, Avg: 51.0, Max: 94, Diff: 93, Sum: 408]
      [GC Worker Other (ms): Min: 0.0, Avg: 0.0, Max: 0.0, Diff: 0.0, Sum: 0.1]
      [GC Worker Total (ms): Min: 14.2, Avg: 15.1, Max: 17.6, Diff: 3.4, Sum: 120.8]
      [GC Worker End (ms): Min: 496670863.3, Avg: 496670863.3, Max: 496670863.3, Diff: 0.0]
   [Code Root Fixup: 0.0 ms]
   [Code Root Purge: 0.0 ms]
   [Clear CT: 0.7 ms]
   [Other: 19.8 ms]
      [Choose CSet: 0.0 ms]
      [Ref Proc: 19.3 ms]
      [Ref Enq: 0.1 ms]
      [Redirty Cards: 0.1 ms]
      [Humongous Register: 0.0 ms]
      [Humongous Reclaim: 0.0 ms]
      [Free CSet: 0.1 ms]
   [Eden: 7136.0M(7136.0M)->0.0B(7152.0M) Survivors: 32768.0K->16384.0K Heap: 10708.4M(14336.0M)->3584.4M(14336.0M)]
 [Times: user=0.15 sys=0.00, real=0.04 secs] 
2022-09-28T17:53:57.773-0600: 496670.884: [GC concurrent-root-region-scan-start]
2022-09-28T17:53:57.781-0600: 496670.892: [GC concurrent-root-region-scan-end, 0.0081904 secs]
2022-09-28T17:53:57.781-0600: 496670.892: [GC concurrent-mark-start]
2022-09-28T17:53:59.087-0600: 496672.198: [GC concurrent-mark-end, 1.3061796 secs]
2022-09-28T17:53:59.088-0600: 496672.198: [GC remark 2022-09-28T17:53:59.088-0600: 496672.199: [Finalize Marking, 0.0030275 secs] 2022-09-28T17:53:59.091-0600: 496672.202: [GC ref-proc, 0.0438656 secs] 2022-09-28T17:53:59.135-0600: 496672.246: [Unloading, 0.0329858 secs], 0.0886243 secs]
 [Times: user=0.27 sys=0.00, real=0.09 secs] 
2022-09-28T17:53:59.176-0600: 496672.287: [GC cleanup 3691M->3691M(14336M), 0.0102227 secs]
 [Times: user=0.02 sys=0.00, real=0.01 secs] 
2022-09-28T17:56:51.036-0600: 496844.147: [GC pause (G1 Evacuation Pause) (young), 0.0351742 secs]
   [Parallel Time: 14.5 ms, GC Workers: 8]
      [GC Worker Start (ms): Min: 496844146.7, Avg: 496844149.6, Max: 496844155.2, Diff: 8.5]
      [Ext Root Scanning (ms): Min: 0.0, Avg: 0.9, Max: 3.3, Diff: 3.3, Sum: 7.0]
      [Update RS (ms): Min: 0.0, Avg: 5.1, Max: 12.7, Diff: 12.7, Sum: 40.5]
         [Processed Buffers: Min: 0, Avg: 30.1, Max: 73, Diff: 73, Sum: 241]
      [Scan RS (ms): Min: 0.0, Avg: 0.0, Max: 0.1, Diff: 0.1, Sum: 0.3]
      [Code Root Scanning (ms): Min: 0.0, Avg: 0.0, Max: 0.0, Diff: 0.0, Sum: 0.0]
      [Object Copy (ms): Min: 0.2, Avg: 5.0, Max: 6.0, Diff: 5.8, Sum: 39.7]
      [Termination (ms): Min: 0.0, Avg: 0.6, Max: 0.7, Diff: 0.7, Sum: 4.6]
         [Termination Attempts: Min: 1, Avg: 29.0, Max: 49, Diff: 48, Sum: 232]
      [GC Worker Other (ms): Min: 0.0, Avg: 0.0, Max: 0.0, Diff: 0.0, Sum: 0.1]
      [GC Worker Total (ms): Min: 5.9, Avg: 11.5, Max: 14.4, Diff: 8.5, Sum: 92.1]
      [GC Worker End (ms): Min: 496844161.1, Avg: 496844161.1, Max: 496844161.1, Diff: 0.0]
   [Code Root Fixup: 0.0 ms]
   [Code Root Purge: 0.0 ms]
   [Clear CT: 0.8 ms]
   [Other: 19.9 ms]
      [Choose CSet: 0.0 ms]
      [Ref Proc: 19.3 ms]
      [Ref Enq: 0.1 ms]
      [Redirty Cards: 0.2 ms]
      [Humongous Register: 0.0 ms]
      [Humongous Reclaim: 0.0 ms]
      [Free CSet: 0.1 ms]
   [Eden: 7152.0M(7152.0M)->0.0B(5696.0M) Survivors: 16384.0K->32768.0K Heap: 10736.4M(14336.0M)->3596.3M(14336.0M)]
 [Times: user=0.15 sys=0.00, real=0.04 secs] 
2022-09-28T18:10:51.283-0600: 497684.394: [GC pause (G1 Evacuation Pause) (mixed), 0.1928540 secs]
   [Parallel Time: 17.6 ms, GC Workers: 8]
      [GC Worker Start (ms): Min: 497684394.9, Avg: 497684401.4, Max: 497684408.7, Diff: 13.8]
      [Ext Root Scanning (ms): Min: 0.0, Avg: 0.9, Max: 3.5, Diff: 3.5, Sum: 6.9]
      [Update RS (ms): Min: 0.0, Avg: 4.2, Max: 8.5, Diff: 8.5, Sum: 33.5]
         [Processed Buffers: Min: 0, Avg: 41.9, Max: 92, Diff: 92, Sum: 335]
      [Scan RS (ms): Min: 0.0, Avg: 0.3, Max: 0.6, Diff: 0.6, Sum: 2.7]
      [Code Root Scanning (ms): Min: 0.0, Avg: 0.0, Max: 0.0, Diff: 0.0, Sum: 0.0]
      [Object Copy (ms): Min: 1.2, Avg: 3.4, Max: 5.4, Diff: 4.3, Sum: 27.4]
      [Termination (ms): Min: 0.0, Avg: 1.4, Max: 1.7, Diff: 1.7, Sum: 11.5]
         [Termination Attempts: Min: 1, Avg: 5.6, Max: 12, Diff: 11, Sum: 45]
      [GC Worker Other (ms): Min: 0.0, Avg: 0.0, Max: 0.0, Diff: 0.0, Sum: 0.1]
      [GC Worker Total (ms): Min: 2.9, Avg: 10.3, Max: 16.7, Diff: 13.8, Sum: 82.1]
      [GC Worker End (ms): Min: 497684411.6, Avg: 497684411.6, Max: 497684411.6, Diff: 0.0]
   [Code Root Fixup: 0.0 ms]
   [Code Root Purge: 0.0 ms]
   [Clear CT: 0.7 ms]
   [Other: 174.6 ms]
      [Choose CSet: 0.0 ms]
      [Ref Proc: 174.2 ms]
      [Ref Enq: 0.1 ms]
      [Redirty Cards: 0.1 ms]
      [Humongous Register: 0.0 ms]
      [Humongous Reclaim: 0.0 ms]
      [Free CSet: 0.1 ms]
   [Eden: 5696.0M(5696.0M)->0.0B(7136.0M) Survivors: 32768.0K->32768.0K Heap: 9292.3M(14336.0M)->3522.4M(14336.0M)]
 [Times: user=0.31 sys=0.00, real=0.19 secs] 
2022-09-28T18:27:28.377-0600: 498681.488: [GC pause (G1 Evacuation Pause) (young), 0.0626710 secs]
   [Parallel Time: 25.7 ms, GC Workers: 8]
      [GC Worker Start (ms): Min: 498681491.6, Avg: 498681505.6, Max: 498681513.6, Diff: 22.0]
      [Ext Root Scanning (ms): Min: 0.0, Avg: 0.8, Max: 4.5, Diff: 4.5, Sum: 6.3]
      [Update RS (ms): Min: 0.0, Avg: 2.5, Max: 6.8, Diff: 6.8, Sum: 19.8]
         [Processed Buffers: Min: 0, Avg: 29.2, Max: 164, Diff: 164, Sum: 234]
      [Scan RS (ms): Min: 0.0, Avg: 0.0, Max: 0.1, Diff: 0.1, Sum: 0.2]
      [Code Root Scanning (ms): Min: 0.0, Avg: 0.0, Max: 0.0, Diff: 0.0, Sum: 0.0]
      [Object Copy (ms): Min: 0.0, Avg: 0.4, Max: 1.1, Diff: 1.1, Sum: 3.0]
      [Termination (ms): Min: 0.0, Avg: 4.4, Max: 10.0, Diff: 10.0, Sum: 35.1]
         [Termination Attempts: Min: 1, Avg: 1.1, Max: 2, Diff: 1, Sum: 9]
      [GC Worker Other (ms): Min: 0.0, Avg: 0.0, Max: 0.0, Diff: 0.0, Sum: 0.1]
      [GC Worker Total (ms): Min: 0.0, Avg: 8.1, Max: 22.0, Diff: 22.0, Sum: 64.5]
      [GC Worker End (ms): Min: 498681513.6, Avg: 498681513.6, Max: 498681513.7, Diff: 0.2]
   [Code Root Fixup: 0.0 ms]
   [Code Root Purge: 0.0 ms]
   [Clear CT: 0.8 ms]
   [Other: 36.2 ms]
      [Choose CSet: 0.0 ms]
      [Ref Proc: 35.7 ms]
      [Ref Enq: 0.2 ms]
      [Redirty Cards: 0.1 ms]
      [Humongous Register: 0.0 ms]
      [Humongous Reclaim: 0.0 ms]
      [Free CSet: 0.1 ms]
   [Eden: 7136.0M(7136.0M)->0.0B(7152.0M) Survivors: 32768.0K->16384.0K Heap: 10658.4M(14336.0M)->3513.0M(14336.0M)]
 [Times: user=0.19 sys=0.00, real=0.06 secs] 
2022-09-28T18:43:52.564-0600: 499665.674: [GC pause (G1 Evacuation Pause) (young) (initial-mark), 0.1668031 secs]
   [Parallel Time: 117.2 ms, GC Workers: 8]
      [GC Worker Start (ms): Min: 499665675.8, Avg: 499665756.5, Max: 499665783.3, Diff: 107.5]
      [Ext Root Scanning (ms): Min: 2.3, Avg: 32.0, Max: 109.7, Diff: 107.3, Sum: 256.2]
      [Update RS (ms): Min: 0.0, Avg: 0.4, Max: 1.5, Diff: 1.5, Sum: 3.4]
         [Processed Buffers: Min: 0, Avg: 18.4, Max: 87, Diff: 87, Sum: 147]
      [Scan RS (ms): Min: 0.0, Avg: 0.0, Max: 0.1, Diff: 0.1, Sum: 0.2]
      [Code Root Scanning (ms): Min: 0.0, Avg: 0.0, Max: 0.0, Diff: 0.0, Sum: 0.0]
      [Object Copy (ms): Min: 0.0, Avg: 0.2, Max: 0.7, Diff: 0.7, Sum: 1.4]
      [Termination (ms): Min: 0.0, Avg: 2.5, Max: 4.5, Diff: 4.5, Sum: 20.1]
         [Termination Attempts: Min: 1, Avg: 2.4, Max: 8, Diff: 7, Sum: 19]
      [GC Worker Other (ms): Min: 0.0, Avg: 0.0, Max: 0.0, Diff: 0.0, Sum: 0.1]
      [GC Worker Total (ms): Min: 8.3, Avg: 35.2, Max: 115.9, Diff: 107.6, Sum: 281.4]
      [GC Worker End (ms): Min: 499665791.6, Avg: 499665791.7, Max: 499665791.7, Diff: 0.1]
   [Code Root Fixup: 0.0 ms]
   [Code Root Purge: 0.0 ms]
   [Clear CT: 0.9 ms]
   [Other: 48.7 ms]
      [Choose CSet: 0.0 ms]
      [Ref Proc: 48.3 ms]
      [Ref Enq: 0.1 ms]
      [Redirty Cards: 0.0 ms]
      [Humongous Register: 0.0 ms]
      [Humongous Reclaim: 0.0 ms]
      [Free CSet: 0.1 ms]
   [Eden: 7152.0M(7152.0M)->0.0B(7152.0M) Survivors: 16384.0K->16384.0K Heap: 10665.0M(14336.0M)->3511.7M(14336.0M)]
 [Times: user=0.24 sys=0.03, real=0.17 secs] 
2022-09-28T18:43:52.731-0600: 499665.842: [GC concurrent-root-region-scan-start]
2022-09-28T18:43:52.734-0600: 499665.845: [GC concurrent-root-region-scan-end, 0.0034931 secs]
2022-09-28T18:43:52.734-0600: 499665.845: [GC concurrent-mark-start]
2022-09-28T18:43:53.954-0600: 499667.065: [GC concurrent-mark-end, 1.2194909 secs]
2022-09-28T18:43:53.954-0600: 499667.065: [GC remark 2022-09-28T18:43:53.954-0600: 499667.065: [Finalize Marking, 0.0043792 secs] 2022-09-28T18:43:53.958-0600: 499667.069: [GC ref-proc, 0.0606118 secs] 2022-09-28T18:43:54.019-0600: 499667.130: [Unloading, 0.0245464 secs], 0.0948589 secs]
 [Times: user=0.46 sys=0.00, real=0.10 secs] 
2022-09-28T18:43:54.051-0600: 499667.161: [GC cleanup 3543M->3543M(14336M), 0.0081876 secs]
 [Times: user=0.03 sys=0.00, real=0.00 secs] 
