2022-07-28 15:52:59 GC log file created gc.log.2
OpenJDK 64-Bit Server VM (25.312-b07) for linux-amd64 JRE (1.8.0_312-8u312-b07-0ubuntu1~20.04-b07), built on Nov  3 2021 13:54:59 by "buildd" with gcc 9.3.0
Memory: 4k page, physical 24560344k(201752k free), swap 2097148k(920k free)
CommandLine flags: -XX:+AlwaysPreTouch -XX:CICompilerCount=4 -XX:ConcGCThreads=2 -XX:+DisableExplicitGC -XX:G1HeapRegionSize=16777216 -XX:G1HeapWastePercent=5 -XX:G1MaxNewSizePercent=50 -XX:G1MixedGCCountTarget=4 -XX:G1MixedGCLiveThresholdPercent=90 -XX:G1NewSizePercent=40 -XX:G1RSetUpdatingPauseTimePercent=5 -XX:G1ReservePercent=15 -XX:GCLogFileSize=1048576 -XX:InitialHeapSize=15032385536 -XX:InitialTenuringThreshold=1 -XX:InitiatingHeapOccupancyPercent=20 -XX:MarkStackSize=4194304 -XX:MaxGCPauseMillis=200 -XX:MaxHeapSize=15032385536 -XX:MaxNewSize=7516192768 -XX:MaxTenuringThreshold=1 -XX:MinHeapDeltaBytes=16777216 -XX:NumberOfGCLogFiles=5 -XX:+ParallelRefProcEnabled -XX:+PerfDisableSharedMem -XX:+PrintGC -XX:+PrintGCDateStamps -XX:+PrintGCDetails -XX:+PrintGCTimeStamps -XX:SurvivorRatio=32 -XX:+UnlockExperimentalVMOptions -XX:+UseCompressedClassPointers -XX:+UseCompressedOops -XX:+UseFastUnorderedTimeStamps -XX:+UseG1GC -XX:+UseGCLogFileRotation 
2022-07-28T15:53:46.419-0700: 585797.924: [GC pause (G1 Evacuation Pause) (young), 0.0108851 secs]
   [Parallel Time: 7.8 ms, GC Workers: 8]
      [GC Worker Start (ms): Min: 585797923.9, Avg: 585797923.9, Max: 585797924.0, Diff: 0.1]
      [Ext Root Scanning (ms): Min: 1.1, Avg: 1.8, Max: 5.2, Diff: 4.1, Sum: 14.4]
      [Update RS (ms): Min: 0.4, Avg: 3.6, Max: 4.8, Diff: 4.4, Sum: 28.5]
         [Processed Buffers: Min: 2, Avg: 11.6, Max: 21, Diff: 19, Sum: 93]
      [Scan RS (ms): Min: 0.0, Avg: 0.1, Max: 0.1, Diff: 0.1, Sum: 0.4]
      [Code Root Scanning (ms): Min: 0.0, Avg: 0.0, Max: 0.0, Diff: 0.0, Sum: 0.0]
      [Object Copy (ms): Min: 1.6, Avg: 2.2, Max: 2.4, Diff: 0.7, Sum: 17.3]
      [Termination (ms): Min: 0.0, Avg: 0.0, Max: 0.0, Diff: 0.0, Sum: 0.0]
         [Termination Attempts: Min: 1, Avg: 1.0, Max: 1, Diff: 0, Sum: 8]
      [GC Worker Other (ms): Min: 0.0, Avg: 0.0, Max: 0.1, Diff: 0.1, Sum: 0.3]
      [GC Worker Total (ms): Min: 7.6, Avg: 7.6, Max: 7.7, Diff: 0.1, Sum: 61.0]
      [GC Worker End (ms): Min: 585797931.5, Avg: 585797931.6, Max: 585797931.6, Diff: 0.1]
   [Code Root Fixup: 0.0 ms]
   [Code Root Purge: 0.0 ms]
   [Clear CT: 0.8 ms]
   [Other: 2.3 ms]
      [Choose CSet: 0.0 ms]
      [Ref Proc: 1.7 ms]
      [Ref Enq: 0.1 ms]
      [Redirty Cards: 0.1 ms]
      [Humongous Register: 0.1 ms]
      [Humongous Reclaim: 0.0 ms]
      [Free CSet: 0.3 ms]
   [Eden: 7152.0M(7152.0M)->0.0B(7152.0M) Survivors: 16384.0K->16384.0K Heap: 10743.1M(14336.0M)->3598.7M(14336.0M)]
 [Times: user=0.07 sys=0.00, real=0.01 secs] 
2022-07-28T15:55:43.771-0700: 585915.276: [GC pause (G1 Evacuation Pause) (young) (initial-mark), 0.0169035 secs]
   [Parallel Time: 12.0 ms, GC Workers: 8]
      [GC Worker Start (ms): Min: 585915277.8, Avg: 585915277.9, Max: 585915278.0, Diff: 0.1]
      [Ext Root Scanning (ms): Min: 6.0, Avg: 6.2, Max: 6.4, Diff: 0.4, Sum: 49.3]
      [Update RS (ms): Min: 1.3, Avg: 1.6, Max: 2.1, Diff: 0.8, Sum: 12.5]
         [Processed Buffers: Min: 3, Avg: 5.2, Max: 12, Diff: 9, Sum: 42]
      [Scan RS (ms): Min: 0.0, Avg: 0.0, Max: 0.1, Diff: 0.1, Sum: 0.4]
      [Code Root Scanning (ms): Min: 0.0, Avg: 0.0, Max: 0.0, Diff: 0.0, Sum: 0.0]
      [Object Copy (ms): Min: 1.6, Avg: 2.0, Max: 2.2, Diff: 0.6, Sum: 15.7]
      [Termination (ms): Min: 0.0, Avg: 0.0, Max: 0.0, Diff: 0.0, Sum: 0.0]
         [Termination Attempts: Min: 1, Avg: 1.1, Max: 2, Diff: 1, Sum: 9]
      [GC Worker Other (ms): Min: 0.0, Avg: 0.1, Max: 0.2, Diff: 0.2, Sum: 0.6]
      [GC Worker Total (ms): Min: 9.7, Avg: 9.8, Max: 10.0, Diff: 0.3, Sum: 78.5]
      [GC Worker End (ms): Min: 585915287.7, Avg: 585915287.7, Max: 585915287.8, Diff: 0.2]
   [Code Root Fixup: 0.0 ms]
   [Code Root Purge: 0.0 ms]
   [Clear CT: 0.8 ms]
   [Other: 4.1 ms]
      [Choose CSet: 0.0 ms]
      [Ref Proc: 3.4 ms]
      [Ref Enq: 0.1 ms]
      [Redirty Cards: 0.1 ms]
      [Humongous Register: 0.0 ms]
      [Humongous Reclaim: 0.0 ms]
      [Free CSet: 0.3 ms]
   [Eden: 7152.0M(7152.0M)->0.0B(7152.0M) Survivors: 16384.0K->16384.0K Heap: 10750.7M(14336.0M)->3597.2M(14336.0M)]
 [Times: user=0.08 sys=0.00, real=0.02 secs] 
2022-07-28T15:55:43.788-0700: 585915.293: [GC concurrent-root-region-scan-start]
2022-07-28T15:55:43.800-0700: 585915.304: [GC concurrent-root-region-scan-end, 0.0115127 secs]
2022-07-28T15:55:43.800-0700: 585915.304: [GC concurrent-mark-start]
2022-07-28T15:55:46.484-0700: 585917.989: [GC concurrent-mark-end, 2.6847060 secs]
2022-07-28T15:55:46.485-0700: 585917.989: [GC remark 2022-07-28T15:55:46.485-0700: 585917.989: [Finalize Marking, 0.0002042 secs] 2022-07-28T15:55:46.485-0700: 585917.990: [GC ref-proc, 0.0106326 secs] 2022-07-28T15:55:46.496-0700: 585918.000: [Unloading, 0.0275316 secs], 0.0440709 secs]
 [Times: user=0.25 sys=0.00, real=0.04 secs] 
2022-07-28T15:55:46.529-0700: 585918.034: [GC cleanup 3781M->3781M(14336M), 0.0086504 secs]
 [Times: user=0.07 sys=0.00, real=0.01 secs] 
2022-07-28T15:57:44.319-0700: 586035.824: [GC pause (G1 Evacuation Pause) (young), 0.0093600 secs]
   [Parallel Time: 5.7 ms, GC Workers: 8]
      [GC Worker Start (ms): Min: 586035823.9, Avg: 586035824.0, Max: 586035824.0, Diff: 0.1]
      [Ext Root Scanning (ms): Min: 1.2, Avg: 1.9, Max: 5.6, Diff: 4.4, Sum: 15.6]
      [Update RS (ms): Min: 0.0, Avg: 1.7, Max: 2.5, Diff: 2.5, Sum: 13.8]
         [Processed Buffers: Min: 0, Avg: 6.0, Max: 9, Diff: 9, Sum: 48]
      [Scan RS (ms): Min: 0.0, Avg: 0.1, Max: 0.1, Diff: 0.1, Sum: 0.4]
      [Code Root Scanning (ms): Min: 0.0, Avg: 0.0, Max: 0.0, Diff: 0.0, Sum: 0.0]
      [Object Copy (ms): Min: 0.0, Avg: 1.8, Max: 2.2, Diff: 2.2, Sum: 14.1]
      [Termination (ms): Min: 0.0, Avg: 0.1, Max: 0.1, Diff: 0.1, Sum: 1.0]
         [Termination Attempts: Min: 1, Avg: 1.9, Max: 3, Diff: 2, Sum: 15]
      [GC Worker Other (ms): Min: 0.0, Avg: 0.0, Max: 0.0, Diff: 0.0, Sum: 0.1]
      [GC Worker Total (ms): Min: 5.6, Avg: 5.6, Max: 5.7, Diff: 0.1, Sum: 45.1]
      [GC Worker End (ms): Min: 586035829.6, Avg: 586035829.6, Max: 586035829.6, Diff: 0.0]
   [Code Root Fixup: 0.0 ms]
   [Code Root Purge: 0.0 ms]
   [Clear CT: 0.7 ms]
   [Other: 3.0 ms]
      [Choose CSet: 0.0 ms]
      [Ref Proc: 1.9 ms]
      [Ref Enq: 0.2 ms]
      [Redirty Cards: 0.3 ms]
      [Humongous Register: 0.0 ms]
      [Humongous Reclaim: 0.0 ms]
      [Free CSet: 0.3 ms]
   [Eden: 7152.0M(7152.0M)->0.0B(5712.0M) Survivors: 16384.0K->16384.0K Heap: 10749.2M(14336.0M)->3598.1M(14336.0M)]
 [Times: user=0.05 sys=0.00, real=0.01 secs] 
2022-07-28T15:59:20.767-0700: 586132.272: [GC pause (G1 Evacuation Pause) (mixed), 0.0149096 secs]
   [Parallel Time: 9.1 ms, GC Workers: 8]
      [GC Worker Start (ms): Min: 586132272.3, Avg: 586132272.4, Max: 586132272.5, Diff: 0.2]
      [Ext Root Scanning (ms): Min: 1.1, Avg: 2.1, Max: 6.9, Diff: 5.8, Sum: 17.0]
      [Update RS (ms): Min: 0.0, Avg: 1.5, Max: 2.5, Diff: 2.5, Sum: 11.6]
         [Processed Buffers: Min: 0, Avg: 5.4, Max: 14, Diff: 14, Sum: 43]
      [Scan RS (ms): Min: 0.0, Avg: 0.6, Max: 0.9, Diff: 0.9, Sum: 5.1]
      [Code Root Scanning (ms): Min: 0.0, Avg: 0.0, Max: 0.0, Diff: 0.0, Sum: 0.1]
      [Object Copy (ms): Min: 2.0, Avg: 4.7, Max: 5.1, Diff: 3.1, Sum: 37.3]
      [Termination (ms): Min: 0.0, Avg: 0.0, Max: 0.0, Diff: 0.0, Sum: 0.0]
         [Termination Attempts: Min: 1, Avg: 16.0, Max: 22, Diff: 21, Sum: 128]
      [GC Worker Other (ms): Min: 0.0, Avg: 0.0, Max: 0.1, Diff: 0.1, Sum: 0.4]
      [GC Worker Total (ms): Min: 8.8, Avg: 8.9, Max: 9.0, Diff: 0.2, Sum: 71.4]
      [GC Worker End (ms): Min: 586132281.3, Avg: 586132281.4, Max: 586132281.4, Diff: 0.1]
   [Code Root Fixup: 0.0 ms]
   [Code Root Purge: 0.0 ms]
   [Clear CT: 0.8 ms]
   [Other: 5.0 ms]
      [Choose CSet: 0.0 ms]
      [Ref Proc: 4.3 ms]
      [Ref Enq: 0.1 ms]
      [Redirty Cards: 0.1 ms]
      [Humongous Register: 0.1 ms]
      [Humongous Reclaim: 0.0 ms]
      [Free CSet: 0.2 ms]
   [Eden: 5712.0M(5712.0M)->0.0B(7152.0M) Survivors: 16384.0K->16384.0K Heap: 9310.1M(14336.0M)->3591.9M(14336.0M)]
 [Times: user=0.09 sys=0.01, real=0.01 secs] 
2022-07-28T16:01:22.812-0700: 586254.317: [GC pause (G1 Evacuation Pause) (young), 0.0129169 secs]
   [Parallel Time: 8.8 ms, GC Workers: 8]
      [GC Worker Start (ms): Min: 586254317.0, Avg: 586254317.1, Max: 586254317.2, Diff: 0.2]
      [Ext Root Scanning (ms): Min: 1.4, Avg: 2.2, Max: 5.9, Diff: 4.5, Sum: 18.0]
      [Update RS (ms): Min: 1.0, Avg: 4.2, Max: 5.5, Diff: 4.6, Sum: 33.8]
         [Processed Buffers: Min: 2, Avg: 11.1, Max: 20, Diff: 18, Sum: 89]
      [Scan RS (ms): Min: 0.0, Avg: 0.0, Max: 0.1, Diff: 0.1, Sum: 0.4]
      [Code Root Scanning (ms): Min: 0.0, Avg: 0.0, Max: 0.0, Diff: 0.0, Sum: 0.0]
      [Object Copy (ms): Min: 1.3, Avg: 1.9, Max: 2.1, Diff: 0.8, Sum: 14.8]
      [Termination (ms): Min: 0.0, Avg: 0.0, Max: 0.0, Diff: 0.0, Sum: 0.0]
         [Termination Attempts: Min: 3, Avg: 4.9, Max: 7, Diff: 4, Sum: 39]
      [GC Worker Other (ms): Min: 0.0, Avg: 0.1, Max: 0.2, Diff: 0.1, Sum: 0.6]
      [GC Worker Total (ms): Min: 8.4, Avg: 8.5, Max: 8.5, Diff: 0.1, Sum: 67.6]
      [GC Worker End (ms): Min: 586254325.5, Avg: 586254325.6, Max: 586254325.6, Diff: 0.1]
   [Code Root Fixup: 0.0 ms]
   [Code Root Purge: 0.0 ms]
   [Clear CT: 0.7 ms]
   [Other: 3.3 ms]
      [Choose CSet: 0.0 ms]
      [Ref Proc: 2.7 ms]
      [Ref Enq: 0.1 ms]
      [Redirty Cards: 0.1 ms]
      [Humongous Register: 0.1 ms]
      [Humongous Reclaim: 0.0 ms]
      [Free CSet: 0.3 ms]
   [Eden: 7152.0M(7152.0M)->0.0B(7152.0M) Survivors: 16384.0K->16384.0K Heap: 10743.9M(14336.0M)->3593.5M(14336.0M)]
 [Times: user=0.08 sys=0.00, real=0.02 secs] 
2022-07-28T16:03:21.828-0700: 586373.333: [GC pause (G1 Evacuation Pause) (young) (initial-mark), 0.0171736 secs]
   [Parallel Time: 12.1 ms, GC Workers: 8]
      [GC Worker Start (ms): Min: 586373335.1, Avg: 586373335.1, Max: 586373335.2, Diff: 0.1]
      [Ext Root Scanning (ms): Min: 5.9, Avg: 6.1, Max: 6.3, Diff: 0.4, Sum: 48.7]
      [Update RS (ms): Min: 1.5, Avg: 1.7, Max: 2.4, Diff: 0.9, Sum: 13.5]
         [Processed Buffers: Min: 3, Avg: 5.4, Max: 13, Diff: 10, Sum: 43]
      [Scan RS (ms): Min: 0.0, Avg: 0.1, Max: 0.2, Diff: 0.2, Sum: 0.6]
      [Code Root Scanning (ms): Min: 0.0, Avg: 0.0, Max: 0.0, Diff: 0.0, Sum: 0.0]
      [Object Copy (ms): Min: 1.1, Avg: 1.8, Max: 2.2, Diff: 1.1, Sum: 14.8]
      [Termination (ms): Min: 0.0, Avg: 0.0, Max: 0.0, Diff: 0.0, Sum: 0.1]
         [Termination Attempts: Min: 1, Avg: 4.1, Max: 6, Diff: 5, Sum: 33]
      [GC Worker Other (ms): Min: 0.0, Avg: 0.0, Max: 0.1, Diff: 0.1, Sum: 0.3]
      [GC Worker Total (ms): Min: 9.7, Avg: 9.8, Max: 9.8, Diff: 0.1, Sum: 78.0]
      [GC Worker End (ms): Min: 586373344.9, Avg: 586373344.9, Max: 586373344.9, Diff: 0.1]
   [Code Root Fixup: 0.0 ms]
   [Code Root Purge: 0.0 ms]
   [Clear CT: 0.7 ms]
   [Other: 4.3 ms]
      [Choose CSet: 0.0 ms]
      [Ref Proc: 3.6 ms]
      [Ref Enq: 0.1 ms]
      [Redirty Cards: 0.1 ms]
      [Humongous Register: 0.0 ms]
      [Humongous Reclaim: 0.0 ms]
      [Free CSet: 0.3 ms]
   [Eden: 7152.0M(7152.0M)->0.0B(7152.0M) Survivors: 16384.0K->16384.0K Heap: 10745.5M(14336.0M)->3597.6M(14336.0M)]
 [Times: user=0.08 sys=0.00, real=0.02 secs] 
2022-07-28T16:03:21.845-0700: 586373.350: [GC concurrent-root-region-scan-start]
2022-07-28T16:03:21.855-0700: 586373.359: [GC concurrent-root-region-scan-end, 0.0091727 secs]
2022-07-28T16:03:21.855-0700: 586373.359: [GC concurrent-mark-start]
2022-07-28T16:03:24.581-0700: 586376.086: [GC concurrent-mark-end, 2.7263274 secs]
2022-07-28T16:03:24.581-0700: 586376.086: [GC remark 2022-07-28T16:03:24.581-0700: 586376.086: [Finalize Marking, 0.0004197 secs] 2022-07-28T16:03:24.582-0700: 586376.087: [GC ref-proc, 0.0073939 secs] 2022-07-28T16:03:24.589-0700: 586376.094: [Unloading, 0.0284177 secs], 0.0422007 secs]
 [Times: user=0.26 sys=0.00, real=0.05 secs] 
2022-07-28T16:03:24.624-0700: 586376.129: [GC cleanup 3797M->3797M(14336M), 0.0088479 secs]
 [Times: user=0.06 sys=0.00, real=0.00 secs] 
2022-07-28T16:05:23.825-0700: 586495.329: [GC pause (G1 Evacuation Pause) (young), 0.0116989 secs]
   [Parallel Time: 5.9 ms, GC Workers: 8]
      [GC Worker Start (ms): Min: 586495329.5, Avg: 586495329.6, Max: 586495329.7, Diff: 0.2]
      [Ext Root Scanning (ms): Min: 0.9, Avg: 1.6, Max: 5.7, Diff: 4.8, Sum: 13.2]
      [Update RS (ms): Min: 0.0, Avg: 1.2, Max: 2.1, Diff: 2.1, Sum: 9.9]
         [Processed Buffers: Min: 0, Avg: 5.2, Max: 18, Diff: 18, Sum: 42]
      [Scan RS (ms): Min: 0.0, Avg: 0.1, Max: 0.1, Diff: 0.1, Sum: 0.4]
      [Code Root Scanning (ms): Min: 0.0, Avg: 0.0, Max: 0.0, Diff: 0.0, Sum: 0.0]
      [Object Copy (ms): Min: 0.0, Avg: 1.5, Max: 1.9, Diff: 1.9, Sum: 11.8]
      [Termination (ms): Min: 0.0, Avg: 1.2, Max: 1.4, Diff: 1.4, Sum: 9.8]
         [Termination Attempts: Min: 1, Avg: 1.0, Max: 1, Diff: 0, Sum: 8]
      [GC Worker Other (ms): Min: 0.0, Avg: 0.0, Max: 0.1, Diff: 0.1, Sum: 0.3]
      [GC Worker Total (ms): Min: 5.6, Avg: 5.7, Max: 5.7, Diff: 0.1, Sum: 45.4]
      [GC Worker End (ms): Min: 586495335.3, Avg: 586495335.3, Max: 586495335.3, Diff: 0.1]
   [Code Root Fixup: 0.0 ms]
   [Code Root Purge: 0.0 ms]
   [Clear CT: 0.6 ms]
   [Other: 5.2 ms]
      [Choose CSet: 0.0 ms]
      [Ref Proc: 4.5 ms]
      [Ref Enq: 0.1 ms]
      [Redirty Cards: 0.1 ms]
      [Humongous Register: 0.1 ms]
      [Humongous Reclaim: 0.0 ms]
      [Free CSet: 0.3 ms]
   [Eden: 7152.0M(7152.0M)->0.0B(7152.0M) Survivors: 16384.0K->16384.0K Heap: 10749.6M(14336.0M)->3595.3M(14336.0M)]
 [Times: user=0.05 sys=0.01, real=0.01 secs] 
2022-07-28T16:07:23.820-0700: 586615.325: [GC pause (G1 Evacuation Pause) (young), 0.0089015 secs]
   [Parallel Time: 5.9 ms, GC Workers: 8]
      [GC Worker Start (ms): Min: 586615325.1, Avg: 586615325.2, Max: 586615325.2, Diff: 0.1]
      [Ext Root Scanning (ms): Min: 1.2, Avg: 2.0, Max: 5.7, Diff: 4.5, Sum: 16.3]
      [Update RS (ms): Min: 0.0, Avg: 1.5, Max: 2.3, Diff: 2.3, Sum: 12.3]
         [Processed Buffers: Min: 0, Avg: 4.8, Max: 9, Diff: 9, Sum: 38]
      [Scan RS (ms): Min: 0.0, Avg: 0.1, Max: 0.1, Diff: 0.1, Sum: 0.4]
      [Code Root Scanning (ms): Min: 0.0, Avg: 0.0, Max: 0.0, Diff: 0.0, Sum: 0.0]
      [Object Copy (ms): Min: 0.0, Avg: 1.6, Max: 2.0, Diff: 2.0, Sum: 12.6]
      [Termination (ms): Min: 0.0, Avg: 0.5, Max: 0.6, Diff: 0.6, Sum: 3.9]
         [Termination Attempts: Min: 1, Avg: 6.0, Max: 13, Diff: 12, Sum: 48]
      [GC Worker Other (ms): Min: 0.0, Avg: 0.0, Max: 0.1, Diff: 0.1, Sum: 0.4]
      [GC Worker Total (ms): Min: 5.7, Avg: 5.8, Max: 5.8, Diff: 0.1, Sum: 46.0]
      [GC Worker End (ms): Min: 586615330.9, Avg: 586615330.9, Max: 586615331.0, Diff: 0.1]
   [Code Root Fixup: 0.0 ms]
   [Code Root Purge: 0.0 ms]
   [Clear CT: 0.6 ms]
   [Other: 2.4 ms]
      [Choose CSet: 0.0 ms]
      [Ref Proc: 1.7 ms]
      [Ref Enq: 0.1 ms]
      [Redirty Cards: 0.1 ms]
      [Humongous Register: 0.1 ms]
      [Humongous Reclaim: 0.0 ms]
      [Free CSet: 0.3 ms]
   [Eden: 7152.0M(7152.0M)->0.0B(7152.0M) Survivors: 16384.0K->16384.0K Heap: 10747.3M(14336.0M)->3596.7M(14336.0M)]
 [Times: user=0.04 sys=0.00, real=0.01 secs] 
2022-07-28T16:09:19.928-0700: 586731.432: [GC pause (G1 Evacuation Pause) (young) (initial-mark), 0.0183325 secs]
   [Parallel Time: 12.8 ms, GC Workers: 8]
      [GC Worker Start (ms): Min: 586731434.6, Avg: 586731434.7, Max: 586731434.8, Diff: 0.2]
      [Ext Root Scanning (ms): Min: 6.0, Avg: 6.2, Max: 6.4, Diff: 0.4, Sum: 49.4]
      [Update RS (ms): Min: 1.2, Avg: 1.4, Max: 1.9, Diff: 0.6, Sum: 11.4]
         [Processed Buffers: Min: 2, Avg: 5.1, Max: 11, Diff: 9, Sum: 41]
      [Scan RS (ms): Min: 0.0, Avg: 0.1, Max: 0.1, Diff: 0.1, Sum: 0.4]
      [Code Root Scanning (ms): Min: 0.0, Avg: 0.0, Max: 0.0, Diff: 0.0, Sum: 0.0]
      [Object Copy (ms): Min: 2.5, Avg: 2.8, Max: 3.1, Diff: 0.6, Sum: 22.7]
      [Termination (ms): Min: 0.0, Avg: 0.0, Max: 0.0, Diff: 0.0, Sum: 0.0]
         [Termination Attempts: Min: 2, Avg: 3.6, Max: 5, Diff: 3, Sum: 29]
      [GC Worker Other (ms): Min: 0.0, Avg: 0.1, Max: 0.2, Diff: 0.1, Sum: 0.6]
      [GC Worker Total (ms): Min: 10.5, Avg: 10.6, Max: 10.7, Diff: 0.2, Sum: 84.6]
      [GC Worker End (ms): Min: 586731445.2, Avg: 586731445.3, Max: 586731445.4, Diff: 0.1]
   [Code Root Fixup: 0.0 ms]
   [Code Root Purge: 0.0 ms]
   [Clear CT: 0.7 ms]
   [Other: 4.8 ms]
      [Choose CSet: 0.0 ms]
      [Ref Proc: 4.1 ms]
      [Ref Enq: 0.1 ms]
      [Redirty Cards: 0.1 ms]
      [Humongous Register: 0.0 ms]
      [Humongous Reclaim: 0.0 ms]
      [Free CSet: 0.3 ms]
   [Eden: 7152.0M(7152.0M)->0.0B(7152.0M) Survivors: 16384.0K->16384.0K Heap: 10748.7M(14336.0M)->3603.3M(14336.0M)]
 [Times: user=0.08 sys=0.00, real=0.02 secs] 
2022-07-28T16:09:19.946-0700: 586731.451: [GC concurrent-root-region-scan-start]
2022-07-28T16:09:19.957-0700: 586731.462: [GC concurrent-root-region-scan-end, 0.0108783 secs]
2022-07-28T16:09:19.957-0700: 586731.462: [GC concurrent-mark-start]
2022-07-28T16:09:22.929-0700: 586734.434: [GC concurrent-mark-end, 2.9720979 secs]
2022-07-28T16:09:22.929-0700: 586734.434: [GC remark 2022-07-28T16:09:22.930-0700: 586734.434: [Finalize Marking, 0.0002439 secs] 2022-07-28T16:09:22.930-0700: 586734.435: [GC ref-proc, 0.0059056 secs] 2022-07-28T16:09:22.936-0700: 586734.440: [Unloading, 0.0276453 secs], 0.0394792 secs]
 [Times: user=0.25 sys=0.00, real=0.04 secs] 
2022-07-28T16:09:22.969-0700: 586734.474: [GC cleanup 3835M->3835M(14336M), 0.0085750 secs]
 [Times: user=0.07 sys=0.00, real=0.01 secs] 
2022-07-28T16:11:19.668-0700: 586851.173: [GC pause (GCLocker Initiated GC) (young), 0.0111254 secs]
   [Parallel Time: 6.7 ms, GC Workers: 8]
      [GC Worker Start (ms): Min: 586851173.1, Avg: 586851173.2, Max: 586851173.2, Diff: 0.1]
      [Ext Root Scanning (ms): Min: 0.9, Avg: 1.7, Max: 6.2, Diff: 5.3, Sum: 13.9]
      [Update RS (ms): Min: 0.0, Avg: 1.4, Max: 2.2, Diff: 2.2, Sum: 11.4]
         [Processed Buffers: Min: 0, Avg: 4.8, Max: 10, Diff: 10, Sum: 38]
      [Scan RS (ms): Min: 0.0, Avg: 0.1, Max: 0.1, Diff: 0.1, Sum: 0.5]
      [Code Root Scanning (ms): Min: 0.0, Avg: 0.0, Max: 0.0, Diff: 0.0, Sum: 0.0]
      [Object Copy (ms): Min: 0.0, Avg: 3.0, Max: 3.6, Diff: 3.6, Sum: 24.1]
      [Termination (ms): Min: 0.0, Avg: 0.0, Max: 0.0, Diff: 0.0, Sum: 0.0]
         [Termination Attempts: Min: 1, Avg: 5.1, Max: 8, Diff: 7, Sum: 41]
      [GC Worker Other (ms): Min: 0.0, Avg: 0.1, Max: 0.1, Diff: 0.1, Sum: 0.5]
      [GC Worker Total (ms): Min: 6.2, Avg: 6.3, Max: 6.4, Diff: 0.1, Sum: 50.3]
      [GC Worker End (ms): Min: 586851179.4, Avg: 586851179.5, Max: 586851179.5, Diff: 0.1]
   [Code Root Fixup: 0.0 ms]
   [Code Root Purge: 0.0 ms]
   [Clear CT: 0.7 ms]
   [Other: 3.7 ms]
      [Choose CSet: 0.0 ms]
      [Ref Proc: 2.9 ms]
      [Ref Enq: 0.1 ms]
      [Redirty Cards: 0.1 ms]
      [Humongous Register: 0.1 ms]
      [Humongous Reclaim: 0.0 ms]
      [Free CSet: 0.3 ms]
   [Eden: 7168.0M(7152.0M)->0.0B(5712.0M) Survivors: 16384.0K->16384.0K Heap: 10760.1M(14336.0M)->3609.2M(14336.0M)]
 [Times: user=0.07 sys=0.00, real=0.01 secs] 
2022-07-28T16:12:53.963-0700: 586945.468: [GC pause (G1 Evacuation Pause) (mixed), 0.0120050 secs]
   [Parallel Time: 9.0 ms, GC Workers: 8]
      [GC Worker Start (ms): Min: 586945467.7, Avg: 586945467.8, Max: 586945467.9, Diff: 0.1]
      [Ext Root Scanning (ms): Min: 0.9, Avg: 1.8, Max: 6.4, Diff: 5.4, Sum: 14.4]
      [Update RS (ms): Min: 0.0, Avg: 2.0, Max: 3.0, Diff: 3.0, Sum: 16.3]
         [Processed Buffers: Min: 0, Avg: 8.5, Max: 15, Diff: 15, Sum: 68]
      [Scan RS (ms): Min: 0.0, Avg: 0.7, Max: 0.9, Diff: 0.9, Sum: 5.2]
      [Code Root Scanning (ms): Min: 0.0, Avg: 0.0, Max: 0.1, Diff: 0.1, Sum: 0.1]
      [Object Copy (ms): Min: 2.4, Avg: 4.2, Max: 4.6, Diff: 2.2, Sum: 34.0]
      [Termination (ms): Min: 0.0, Avg: 0.0, Max: 0.0, Diff: 0.0, Sum: 0.0]
         [Termination Attempts: Min: 1, Avg: 2.6, Max: 4, Diff: 3, Sum: 21]
      [GC Worker Other (ms): Min: 0.0, Avg: 0.1, Max: 0.1, Diff: 0.1, Sum: 0.4]
      [GC Worker Total (ms): Min: 8.7, Avg: 8.8, Max: 8.9, Diff: 0.1, Sum: 70.5]
      [GC Worker End (ms): Min: 586945476.6, Avg: 586945476.6, Max: 586945476.7, Diff: 0.1]
   [Code Root Fixup: 0.0 ms]
   [Code Root Purge: 0.0 ms]
   [Clear CT: 0.6 ms]
   [Other: 2.3 ms]
      [Choose CSet: 0.0 ms]
      [Ref Proc: 1.7 ms]
      [Ref Enq: 0.1 ms]
      [Redirty Cards: 0.1 ms]
      [Humongous Register: 0.1 ms]
      [Humongous Reclaim: 0.0 ms]
      [Free CSet: 0.3 ms]
   [Eden: 5712.0M(5712.0M)->0.0B(7152.0M) Survivors: 16384.0K->16384.0K Heap: 9321.2M(14336.0M)->3597.2M(14336.0M)]
 [Times: user=0.08 sys=0.00, real=0.01 secs] 
2022-07-28T16:14:52.862-0700: 587064.366: [GC pause (G1 Evacuation Pause) (young), 0.0132093 secs]
   [Parallel Time: 9.9 ms, GC Workers: 8]
      [GC Worker Start (ms): Min: 587064366.5, Avg: 587064366.6, Max: 587064366.7, Diff: 0.1]
      [Ext Root Scanning (ms): Min: 1.3, Avg: 2.1, Max: 6.2, Diff: 4.9, Sum: 16.6]
      [Update RS (ms): Min: 1.7, Avg: 5.5, Max: 6.8, Diff: 5.2, Sum: 43.7]
         [Processed Buffers: Min: 3, Avg: 12.2, Max: 18, Diff: 15, Sum: 98]
      [Scan RS (ms): Min: 0.0, Avg: 0.1, Max: 0.1, Diff: 0.1, Sum: 0.4]
      [Code Root Scanning (ms): Min: 0.0, Avg: 0.0, Max: 0.0, Diff: 0.0, Sum: 0.0]
      [Object Copy (ms): Min: 0.4, Avg: 2.1, Max: 2.5, Diff: 2.1, Sum: 16.5]
      [Termination (ms): Min: 0.0, Avg: 0.0, Max: 0.0, Diff: 0.0, Sum: 0.0]
         [Termination Attempts: Min: 1, Avg: 4.8, Max: 8, Diff: 7, Sum: 38]
      [GC Worker Other (ms): Min: 0.0, Avg: 0.1, Max: 0.1, Diff: 0.1, Sum: 0.5]
      [GC Worker Total (ms): Min: 9.6, Avg: 9.7, Max: 9.8, Diff: 0.2, Sum: 77.7]
      [GC Worker End (ms): Min: 587064376.3, Avg: 587064376.3, Max: 587064376.4, Diff: 0.1]
   [Code Root Fixup: 0.0 ms]
   [Code Root Purge: 0.0 ms]
   [Clear CT: 0.7 ms]
   [Other: 2.6 ms]
      [Choose CSet: 0.0 ms]
      [Ref Proc: 2.0 ms]
      [Ref Enq: 0.1 ms]
      [Redirty Cards: 0.1 ms]
      [Humongous Register: 0.1 ms]
      [Humongous Reclaim: 0.0 ms]
      [Free CSet: 0.3 ms]
   [Eden: 7152.0M(7152.0M)->0.0B(7152.0M) Survivors: 16384.0K->16384.0K Heap: 10749.2M(14336.0M)->3604.8M(14336.0M)]
 [Times: user=0.09 sys=0.00, real=0.02 secs] 
2022-07-28T16:16:49.926-0700: 587181.431: [GC pause (G1 Evacuation Pause) (young) (initial-mark), 0.0170660 secs]
   [Parallel Time: 12.0 ms, GC Workers: 8]
      [GC Worker Start (ms): Min: 587181433.1, Avg: 587181433.2, Max: 587181433.3, Diff: 0.2]
      [Ext Root Scanning (ms): Min: 5.5, Avg: 5.7, Max: 5.8, Diff: 0.3, Sum: 45.6]
      [Update RS (ms): Min: 1.5, Avg: 1.8, Max: 2.2, Diff: 0.7, Sum: 14.4]
         [Processed Buffers: Min: 3, Avg: 5.6, Max: 9, Diff: 6, Sum: 45]
      [Scan RS (ms): Min: 0.0, Avg: 0.1, Max: 0.1, Diff: 0.1, Sum: 0.4]
      [Code Root Scanning (ms): Min: 0.0, Avg: 0.0, Max: 0.0, Diff: 0.0, Sum: 0.0]
      [Object Copy (ms): Min: 1.4, Avg: 2.0, Max: 2.2, Diff: 0.8, Sum: 15.8]
      [Termination (ms): Min: 0.0, Avg: 0.0, Max: 0.0, Diff: 0.0, Sum: 0.0]
         [Termination Attempts: Min: 1, Avg: 1.0, Max: 1, Diff: 0, Sum: 8]
      [GC Worker Other (ms): Min: 0.0, Avg: 0.0, Max: 0.1, Diff: 0.1, Sum: 0.4]
      [GC Worker Total (ms): Min: 9.5, Avg: 9.6, Max: 9.7, Diff: 0.2, Sum: 76.6]
      [GC Worker End (ms): Min: 587181442.7, Avg: 587181442.8, Max: 587181442.8, Diff: 0.1]
   [Code Root Fixup: 0.0 ms]
   [Code Root Purge: 0.0 ms]
   [Clear CT: 0.7 ms]
   [Other: 4.3 ms]
      [Choose CSet: 0.0 ms]
      [Ref Proc: 3.6 ms]
      [Ref Enq: 0.1 ms]
      [Redirty Cards: 0.1 ms]
      [Humongous Register: 0.0 ms]
      [Humongous Reclaim: 0.0 ms]
      [Free CSet: 0.3 ms]
   [Eden: 7152.0M(7152.0M)->0.0B(7152.0M) Survivors: 16384.0K->16384.0K Heap: 10756.8M(14336.0M)->3604.1M(14336.0M)]
 [Times: user=0.08 sys=0.00, real=0.02 secs] 
2022-07-28T16:16:49.943-0700: 587181.448: [GC concurrent-root-region-scan-start]
2022-07-28T16:16:49.952-0700: 587181.457: [GC concurrent-root-region-scan-end, 0.0088902 secs]
2022-07-28T16:16:49.952-0700: 587181.457: [GC concurrent-mark-start]
2022-07-28T16:16:52.628-0700: 587184.133: [GC concurrent-mark-end, 2.6760774 secs]
2022-07-28T16:16:52.628-0700: 587184.133: [GC remark 2022-07-28T16:16:52.628-0700: 587184.133: [Finalize Marking, 0.0003114 secs] 2022-07-28T16:16:52.629-0700: 587184.133: [GC ref-proc, 0.0059087 secs] 2022-07-28T16:16:52.635-0700: 587184.139: [Unloading, 0.0269604 secs], 0.0388603 secs]
 [Times: user=0.25 sys=0.00, real=0.04 secs] 
2022-07-28T16:16:52.668-0700: 587184.172: [GC cleanup 3772M->3772M(14336M), 0.0091517 secs]
 [Times: user=0.06 sys=0.00, real=0.01 secs] 
2022-07-28T16:18:48.119-0700: 587299.624: [GC pause (G1 Evacuation Pause) (young), 0.0115227 secs]
   [Parallel Time: 7.2 ms, GC Workers: 8]
      [GC Worker Start (ms): Min: 587299623.9, Avg: 587299623.9, Max: 587299624.0, Diff: 0.2]
      [Ext Root Scanning (ms): Min: 1.3, Avg: 2.2, Max: 6.1, Diff: 4.7, Sum: 17.5]
      [Update RS (ms): Min: 0.0, Avg: 1.9, Max: 2.7, Diff: 2.7, Sum: 14.8]
         [Processed Buffers: Min: 0, Avg: 5.9, Max: 16, Diff: 16, Sum: 47]
      [Scan RS (ms): Min: 0.0, Avg: 0.1, Max: 0.1, Diff: 0.1, Sum: 0.5]
      [Code Root Scanning (ms): Min: 0.0, Avg: 0.0, Max: 0.0, Diff: 0.0, Sum: 0.0]
      [Object Copy (ms): Min: 0.9, Avg: 2.9, Max: 3.3, Diff: 2.4, Sum: 22.8]
      [Termination (ms): Min: 0.0, Avg: 0.0, Max: 0.0, Diff: 0.0, Sum: 0.1]
         [Termination Attempts: Min: 23, Avg: 28.6, Max: 36, Diff: 13, Sum: 229]
      [GC Worker Other (ms): Min: 0.0, Avg: 0.0, Max: 0.1, Diff: 0.1, Sum: 0.4]
      [GC Worker Total (ms): Min: 6.9, Avg: 7.0, Max: 7.1, Diff: 0.2, Sum: 56.1]
      [GC Worker End (ms): Min: 587299630.9, Avg: 587299631.0, Max: 587299631.0, Diff: 0.1]
   [Code Root Fixup: 0.0 ms]
   [Code Root Purge: 0.0 ms]
   [Clear CT: 0.7 ms]
   [Other: 3.6 ms]
      [Choose CSet: 0.0 ms]
      [Ref Proc: 2.9 ms]
      [Ref Enq: 0.1 ms]
      [Redirty Cards: 0.1 ms]
      [Humongous Register: 0.1 ms]
      [Humongous Reclaim: 0.0 ms]
      [Free CSet: 0.3 ms]
   [Eden: 7152.0M(7152.0M)->0.0B(5712.0M) Survivors: 16384.0K->16384.0K Heap: 10756.1M(14336.0M)->3608.5M(14336.0M)]
 [Times: user=0.05 sys=0.01, real=0.01 secs] 
2022-07-28T16:20:22.175-0700: 587393.680: [GC pause (G1 Evacuation Pause) (mixed), 0.0132710 secs]
   [Parallel Time: 8.9 ms, GC Workers: 8]
      [GC Worker Start (ms): Min: 587393679.9, Avg: 587393680.0, Max: 587393680.1, Diff: 0.1]
      [Ext Root Scanning (ms): Min: 1.2, Avg: 2.2, Max: 7.0, Diff: 5.8, Sum: 17.3]
      [Update RS (ms): Min: 0.0, Avg: 1.6, Max: 2.0, Diff: 2.0, Sum: 12.5]
         [Processed Buffers: Min: 0, Avg: 5.4, Max: 12, Diff: 12, Sum: 43]
      [Scan RS (ms): Min: 0.0, Avg: 0.6, Max: 0.9, Diff: 0.8, Sum: 4.9]
      [Code Root Scanning (ms): Min: 0.0, Avg: 0.0, Max: 0.0, Diff: 0.0, Sum: 0.1]
      [Object Copy (ms): Min: 1.7, Avg: 4.3, Max: 4.7, Diff: 3.1, Sum: 34.2]
      [Termination (ms): Min: 0.0, Avg: 0.0, Max: 0.0, Diff: 0.0, Sum: 0.1]
         [Termination Attempts: Min: 11, Avg: 20.5, Max: 30, Diff: 19, Sum: 164]
      [GC Worker Other (ms): Min: 0.0, Avg: 0.0, Max: 0.1, Diff: 0.1, Sum: 0.3]
      [GC Worker Total (ms): Min: 8.6, Avg: 8.7, Max: 8.8, Diff: 0.2, Sum: 69.4]
      [GC Worker End (ms): Min: 587393688.7, Avg: 587393688.7, Max: 587393688.8, Diff: 0.1]
   [Code Root Fixup: 0.0 ms]
   [Code Root Purge: 0.0 ms]
   [Clear CT: 0.7 ms]
   [Other: 3.6 ms]
      [Choose CSet: 0.0 ms]
      [Ref Proc: 3.0 ms]
      [Ref Enq: 0.1 ms]
      [Redirty Cards: 0.1 ms]
      [Humongous Register: 0.1 ms]
      [Humongous Reclaim: 0.0 ms]
      [Free CSet: 0.2 ms]
   [Eden: 5712.0M(5712.0M)->0.0B(7152.0M) Survivors: 16384.0K->16384.0K Heap: 9320.5M(14336.0M)->3596.5M(14336.0M)]
 [Times: user=0.09 sys=0.00, real=0.01 secs] 
2022-07-28T16:22:22.268-0700: 587513.773: [GC pause (G1 Evacuation Pause) (young), 0.0113806 secs]
   [Parallel Time: 8.6 ms, GC Workers: 8]
      [GC Worker Start (ms): Min: 587513773.3, Avg: 587513773.4, Max: 587513773.5, Diff: 0.2]
      [Ext Root Scanning (ms): Min: 1.2, Avg: 2.0, Max: 5.3, Diff: 4.0, Sum: 15.8]
      [Update RS (ms): Min: 2.3, Avg: 4.5, Max: 5.1, Diff: 2.8, Sum: 35.7]
         [Processed Buffers: Min: 3, Avg: 11.9, Max: 20, Diff: 17, Sum: 95]
      [Scan RS (ms): Min: 0.0, Avg: 0.1, Max: 0.1, Diff: 0.1, Sum: 0.4]
      [Code Root Scanning (ms): Min: 0.0, Avg: 0.0, Max: 0.0, Diff: 0.0, Sum: 0.0]
      [Object Copy (ms): Min: 0.8, Avg: 1.9, Max: 2.1, Diff: 1.3, Sum: 14.8]
      [Termination (ms): Min: 0.0, Avg: 0.0, Max: 0.0, Diff: 0.0, Sum: 0.0]
         [Termination Attempts: Min: 1, Avg: 2.5, Max: 5, Diff: 4, Sum: 20]
      [GC Worker Other (ms): Min: 0.0, Avg: 0.1, Max: 0.1, Diff: 0.1, Sum: 0.5]
      [GC Worker Total (ms): Min: 8.3, Avg: 8.4, Max: 8.5, Diff: 0.2, Sum: 67.3]
      [GC Worker End (ms): Min: 587513781.8, Avg: 587513781.8, Max: 587513781.9, Diff: 0.1]
   [Code Root Fixup: 0.0 ms]
   [Code Root Purge: 0.0 ms]
   [Clear CT: 0.7 ms]
   [Other: 2.1 ms]
      [Choose CSet: 0.0 ms]
      [Ref Proc: 1.4 ms]
      [Ref Enq: 0.1 ms]
      [Redirty Cards: 0.1 ms]
      [Humongous Register: 0.1 ms]
      [Humongous Reclaim: 0.0 ms]
      [Free CSet: 0.3 ms]
   [Eden: 7152.0M(7152.0M)->0.0B(7152.0M) Survivors: 16384.0K->16384.0K Heap: 10748.5M(14336.0M)->3602.9M(14336.0M)]
 [Times: user=0.08 sys=0.00, real=0.01 secs] 
2022-07-28T16:24:19.366-0700: 587630.871: [GC pause (G1 Evacuation Pause) (young) (initial-mark), 0.0176538 secs]
   [Parallel Time: 12.4 ms, GC Workers: 8]
      [GC Worker Start (ms): Min: 587630873.2, Avg: 587630873.2, Max: 587630873.3, Diff: 0.1]
      [Ext Root Scanning (ms): Min: 5.6, Avg: 5.9, Max: 6.4, Diff: 0.8, Sum: 47.2]
      [Update RS (ms): Min: 1.3, Avg: 1.6, Max: 2.1, Diff: 0.8, Sum: 13.1]
         [Processed Buffers: Min: 2, Avg: 5.1, Max: 13, Diff: 11, Sum: 41]
      [Scan RS (ms): Min: 0.0, Avg: 0.1, Max: 0.2, Diff: 0.1, Sum: 0.4]
      [Code Root Scanning (ms): Min: 0.0, Avg: 0.0, Max: 0.0, Diff: 0.0, Sum: 0.0]
      [Object Copy (ms): Min: 1.4, Avg: 2.2, Max: 2.7, Diff: 1.3, Sum: 17.8]
      [Termination (ms): Min: 0.0, Avg: 0.0, Max: 0.0, Diff: 0.0, Sum: 0.0]
         [Termination Attempts: Min: 8, Avg: 13.5, Max: 19, Diff: 11, Sum: 108]
      [GC Worker Other (ms): Min: 0.0, Avg: 0.1, Max: 0.1, Diff: 0.1, Sum: 0.5]
      [GC Worker Total (ms): Min: 9.8, Avg: 9.9, Max: 10.0, Diff: 0.1, Sum: 79.1]
      [GC Worker End (ms): Min: 587630883.1, Avg: 587630883.1, Max: 587630883.2, Diff: 0.1]
   [Code Root Fixup: 0.0 ms]
   [Code Root Purge: 0.0 ms]
   [Clear CT: 0.7 ms]
   [Other: 4.5 ms]
      [Choose CSet: 0.0 ms]
      [Ref Proc: 3.8 ms]
      [Ref Enq: 0.1 ms]
      [Redirty Cards: 0.1 ms]
      [Humongous Register: 0.0 ms]
      [Humongous Reclaim: 0.0 ms]
      [Free CSet: 0.3 ms]
   [Eden: 7152.0M(7152.0M)->0.0B(7152.0M) Survivors: 16384.0K->16384.0K Heap: 10754.9M(14336.0M)->3607.1M(14336.0M)]
 [Times: user=0.08 sys=0.00, real=0.02 secs] 
2022-07-28T16:24:19.384-0700: 587630.889: [GC concurrent-root-region-scan-start]
2022-07-28T16:24:19.394-0700: 587630.899: [GC concurrent-root-region-scan-end, 0.0103976 secs]
2022-07-28T16:24:19.394-0700: 587630.899: [GC concurrent-mark-start]
2022-07-28T16:24:22.073-0700: 587633.578: [GC concurrent-mark-end, 2.6792560 secs]
2022-07-28T16:24:22.074-0700: 587633.578: [GC remark 2022-07-28T16:24:22.074-0700: 587633.578: [Finalize Marking, 0.0002795 secs] 2022-07-28T16:24:22.074-0700: 587633.579: [GC ref-proc, 0.0067795 secs] 2022-07-28T16:24:22.081-0700: 587633.586: [Unloading, 0.0274951 secs], 0.0401865 secs]
 [Times: user=0.26 sys=0.00, real=0.04 secs] 
2022-07-28T16:24:22.114-0700: 587633.619: [GC cleanup 3763M->3763M(14336M), 0.0082756 secs]
 [Times: user=0.07 sys=0.00, real=0.01 secs] 
2022-07-28T16:26:18.270-0700: 587749.775: [GC pause (G1 Evacuation Pause) (young), 0.0093029 secs]
   [Parallel Time: 6.1 ms, GC Workers: 8]
      [GC Worker Start (ms): Min: 587749775.0, Avg: 587749775.1, Max: 587749775.2, Diff: 0.1]
      [Ext Root Scanning (ms): Min: 1.2, Avg: 2.0, Max: 5.8, Diff: 4.6, Sum: 16.3]
      [Update RS (ms): Min: 0.0, Avg: 1.5, Max: 2.2, Diff: 2.2, Sum: 12.3]
         [Processed Buffers: Min: 0, Avg: 4.6, Max: 10, Diff: 10, Sum: 37]
      [Scan RS (ms): Min: 0.0, Avg: 0.1, Max: 0.2, Diff: 0.1, Sum: 0.5]
      [Code Root Scanning (ms): Min: 0.0, Avg: 0.0, Max: 0.0, Diff: 0.0, Sum: 0.0]
      [Object Copy (ms): Min: 0.0, Avg: 2.1, Max: 2.7, Diff: 2.7, Sum: 17.2]
      [Termination (ms): Min: 0.0, Avg: 0.0, Max: 0.0, Diff: 0.0, Sum: 0.2]
         [Termination Attempts: Min: 1, Avg: 8.5, Max: 14, Diff: 13, Sum: 68]
      [GC Worker Other (ms): Min: 0.0, Avg: 0.0, Max: 0.1, Diff: 0.1, Sum: 0.2]
      [GC Worker Total (ms): Min: 5.8, Avg: 5.8, Max: 5.9, Diff: 0.2, Sum: 46.7]
      [GC Worker End (ms): Min: 587749780.9, Avg: 587749781.0, Max: 587749781.0, Diff: 0.1]
   [Code Root Fixup: 0.0 ms]
   [Code Root Purge: 0.0 ms]
   [Clear CT: 0.7 ms]
   [Other: 2.5 ms]
      [Choose CSet: 0.0 ms]
      [Ref Proc: 1.8 ms]
      [Ref Enq: 0.1 ms]
      [Redirty Cards: 0.1 ms]
      [Humongous Register: 0.1 ms]
      [Humongous Reclaim: 0.0 ms]
      [Free CSet: 0.3 ms]
   [Eden: 7152.0M(7152.0M)->0.0B(5712.0M) Survivors: 16384.0K->16384.0K Heap: 10759.1M(14336.0M)->3605.6M(14336.0M)]
 [Times: user=0.06 sys=0.00, real=0.01 secs] 
2022-07-28T16:27:50.819-0700: 587842.324: [GC pause (G1 Evacuation Pause) (mixed), 0.0135286 secs]
   [Parallel Time: 9.2 ms, GC Workers: 8]
      [GC Worker Start (ms): Min: 587842323.8, Avg: 587842323.9, Max: 587842324.0, Diff: 0.2]
      [Ext Root Scanning (ms): Min: 1.3, Avg: 2.2, Max: 7.1, Diff: 5.8, Sum: 18.0]
      [Update RS (ms): Min: 0.0, Avg: 1.8, Max: 2.6, Diff: 2.6, Sum: 14.0]
         [Processed Buffers: Min: 0, Avg: 5.6, Max: 10, Diff: 10, Sum: 45]
      [Scan RS (ms): Min: 0.0, Avg: 0.7, Max: 1.0, Diff: 0.9, Sum: 5.2]
      [Code Root Scanning (ms): Min: 0.0, Avg: 0.0, Max: 0.1, Diff: 0.1, Sum: 0.1]
      [Object Copy (ms): Min: 1.8, Avg: 4.1, Max: 4.6, Diff: 2.8, Sum: 33.0]
      [Termination (ms): Min: 0.0, Avg: 0.0, Max: 0.0, Diff: 0.0, Sum: 0.0]
         [Termination Attempts: Min: 1, Avg: 3.5, Max: 7, Diff: 6, Sum: 28]
      [GC Worker Other (ms): Min: 0.0, Avg: 0.1, Max: 0.1, Diff: 0.1, Sum: 0.5]
      [GC Worker Total (ms): Min: 8.8, Avg: 8.8, Max: 9.0, Diff: 0.2, Sum: 70.8]
      [GC Worker End (ms): Min: 587842332.7, Avg: 587842332.7, Max: 587842332.8, Diff: 0.1]
   [Code Root Fixup: 0.0 ms]
   [Code Root Purge: 0.0 ms]
   [Clear CT: 0.7 ms]
   [Other: 3.6 ms]
      [Choose CSet: 0.0 ms]
      [Ref Proc: 3.0 ms]
      [Ref Enq: 0.1 ms]
      [Redirty Cards: 0.1 ms]
      [Humongous Register: 0.1 ms]
      [Humongous Reclaim: 0.0 ms]
      [Free CSet: 0.2 ms]
   [Eden: 5712.0M(5712.0M)->0.0B(7152.0M) Survivors: 16384.0K->16384.0K Heap: 9317.6M(14336.0M)->3596.9M(14336.0M)]
 [Times: user=0.07 sys=0.01, real=0.01 secs] 
2022-07-28T16:29:47.574-0700: 587959.079: [GC pause (G1 Evacuation Pause) (young), 0.0127138 secs]
   [Parallel Time: 8.5 ms, GC Workers: 8]
      [GC Worker Start (ms): Min: 587959078.7, Avg: 587959078.8, Max: 587959078.9, Diff: 0.1]
      [Ext Root Scanning (ms): Min: 1.1, Avg: 1.9, Max: 5.5, Diff: 4.4, Sum: 15.1]
      [Update RS (ms): Min: 0.7, Avg: 4.0, Max: 5.1, Diff: 4.4, Sum: 32.2]
         [Processed Buffers: Min: 3, Avg: 11.9, Max: 18, Diff: 15, Sum: 95]
      [Scan RS (ms): Min: 0.0, Avg: 0.1, Max: 0.1, Diff: 0.1, Sum: 0.4]
      [Code Root Scanning (ms): Min: 0.0, Avg: 0.0, Max: 0.0, Diff: 0.0, Sum: 0.0]
      [Object Copy (ms): Min: 1.8, Avg: 2.1, Max: 2.3, Diff: 0.6, Sum: 16.6]
      [Termination (ms): Min: 0.0, Avg: 0.0, Max: 0.0, Diff: 0.0, Sum: 0.0]
         [Termination Attempts: Min: 1, Avg: 5.1, Max: 9, Diff: 8, Sum: 41]
      [GC Worker Other (ms): Min: 0.0, Avg: 0.0, Max: 0.1, Diff: 0.1, Sum: 0.4]
      [GC Worker Total (ms): Min: 8.0, Avg: 8.1, Max: 8.2, Diff: 0.2, Sum: 64.6]
      [GC Worker End (ms): Min: 587959086.8, Avg: 587959086.9, Max: 587959086.9, Diff: 0.1]
   [Code Root Fixup: 0.0 ms]
   [Code Root Purge: 0.0 ms]
   [Clear CT: 0.7 ms]
   [Other: 3.5 ms]
      [Choose CSet: 0.0 ms]
      [Ref Proc: 2.9 ms]
      [Ref Enq: 0.1 ms]
      [Redirty Cards: 0.1 ms]
      [Humongous Register: 0.1 ms]
      [Humongous Reclaim: 0.0 ms]
      [Free CSet: 0.3 ms]
   [Eden: 7152.0M(7152.0M)->0.0B(7152.0M) Survivors: 16384.0K->16384.0K Heap: 10748.9M(14336.0M)->3605.9M(14336.0M)]
 [Times: user=0.08 sys=0.00, real=0.02 secs] 
2022-07-28T16:31:45.262-0700: 588076.767: [GC pause (G1 Evacuation Pause) (young) (initial-mark), 0.0180878 secs]
   [Parallel Time: 13.0 ms, GC Workers: 8]
      [GC Worker Start (ms): Min: 588076768.7, Avg: 588076768.8, Max: 588076768.8, Diff: 0.1]
      [Ext Root Scanning (ms): Min: 5.8, Avg: 6.3, Max: 6.9, Diff: 1.0, Sum: 50.2]
      [Update RS (ms): Min: 1.4, Avg: 1.6, Max: 2.0, Diff: 0.6, Sum: 13.0]
         [Processed Buffers: Min: 2, Avg: 5.2, Max: 12, Diff: 10, Sum: 42]
      [Scan RS (ms): Min: 0.0, Avg: 0.1, Max: 0.1, Diff: 0.1, Sum: 0.4]
      [Code Root Scanning (ms): Min: 0.0, Avg: 0.0, Max: 0.0, Diff: 0.0, Sum: 0.0]
      [Object Copy (ms): Min: 1.8, Avg: 2.7, Max: 3.1, Diff: 1.4, Sum: 21.7]
      [Termination (ms): Min: 0.0, Avg: 0.0, Max: 0.1, Diff: 0.0, Sum: 0.3]
         [Termination Attempts: Min: 26, Avg: 34.6, Max: 45, Diff: 19, Sum: 277]
      [GC Worker Other (ms): Min: 0.0, Avg: 0.1, Max: 0.1, Diff: 0.1, Sum: 0.4]
      [GC Worker Total (ms): Min: 10.7, Avg: 10.7, Max: 10.8, Diff: 0.1, Sum: 86.0]
      [GC Worker End (ms): Min: 588076779.5, Avg: 588076779.5, Max: 588076779.6, Diff: 0.1]
   [Code Root Fixup: 0.0 ms]
   [Code Root Purge: 0.0 ms]
   [Clear CT: 0.7 ms]
   [Other: 4.4 ms]
      [Choose CSet: 0.0 ms]
      [Ref Proc: 3.7 ms]
      [Ref Enq: 0.1 ms]
      [Redirty Cards: 0.1 ms]
      [Humongous Register: 0.0 ms]
      [Humongous Reclaim: 0.0 ms]
      [Free CSet: 0.3 ms]
   [Eden: 7152.0M(7152.0M)->0.0B(7152.0M) Survivors: 16384.0K->16384.0K Heap: 10757.9M(14336.0M)->3604.4M(14336.0M)]
 [Times: user=0.09 sys=0.00, real=0.02 secs] 
2022-07-28T16:31:45.280-0700: 588076.785: [GC concurrent-root-region-scan-start]
2022-07-28T16:31:45.289-0700: 588076.794: [GC concurrent-root-region-scan-end, 0.0093098 secs]
2022-07-28T16:31:45.289-0700: 588076.794: [GC concurrent-mark-start]
2022-07-28T16:31:47.935-0700: 588079.440: [GC concurrent-mark-end, 2.6459874 secs]
2022-07-28T16:31:47.936-0700: 588079.441: [GC remark 2022-07-28T16:31:47.936-0700: 588079.441: [Finalize Marking, 0.0005701 secs] 2022-07-28T16:31:47.937-0700: 588079.441: [GC ref-proc, 0.0075749 secs] 2022-07-28T16:31:47.944-0700: 588079.449: [Unloading, 0.0303222 secs], 0.0442472 secs]
 [Times: user=0.27 sys=0.00, real=0.04 secs] 
2022-07-28T16:31:47.980-0700: 588079.485: [GC cleanup 3793M->3793M(14336M), 0.0087902 secs]
 [Times: user=0.06 sys=0.00, real=0.01 secs] 
2022-07-28T16:33:43.118-0700: 588194.623: [GC pause (G1 Evacuation Pause) (young), 0.0100532 secs]
   [Parallel Time: 6.1 ms, GC Workers: 8]
      [GC Worker Start (ms): Min: 588194622.7, Avg: 588194622.8, Max: 588194622.9, Diff: 0.1]
      [Ext Root Scanning (ms): Min: 1.2, Avg: 1.9, Max: 5.5, Diff: 4.3, Sum: 15.5]
      [Update RS (ms): Min: 0.0, Avg: 1.8, Max: 2.6, Diff: 2.6, Sum: 14.5]
         [Processed Buffers: Min: 0, Avg: 6.2, Max: 13, Diff: 13, Sum: 50]
      [Scan RS (ms): Min: 0.0, Avg: 0.1, Max: 0.1, Diff: 0.1, Sum: 0.4]
      [Code Root Scanning (ms): Min: 0.0, Avg: 0.0, Max: 0.0, Diff: 0.0, Sum: 0.0]
      [Object Copy (ms): Min: 0.3, Avg: 1.9, Max: 2.3, Diff: 2.0, Sum: 15.6]
      [Termination (ms): Min: 0.0, Avg: 0.0, Max: 0.0, Diff: 0.0, Sum: 0.0]
         [Termination Attempts: Min: 1, Avg: 2.4, Max: 4, Diff: 3, Sum: 19]
      [GC Worker Other (ms): Min: 0.0, Avg: 0.0, Max: 0.1, Diff: 0.1, Sum: 0.3]
      [GC Worker Total (ms): Min: 5.7, Avg: 5.8, Max: 5.9, Diff: 0.2, Sum: 46.3]
      [GC Worker End (ms): Min: 588194628.6, Avg: 588194628.6, Max: 588194628.6, Diff: 0.1]
   [Code Root Fixup: 0.0 ms]
   [Code Root Purge: 0.0 ms]
   [Clear CT: 0.7 ms]
   [Other: 3.3 ms]
      [Choose CSet: 0.0 ms]
      [Ref Proc: 2.6 ms]
      [Ref Enq: 0.1 ms]
      [Redirty Cards: 0.1 ms]
      [Humongous Register: 0.1 ms]
      [Humongous Reclaim: 0.0 ms]
      [Free CSet: 0.3 ms]
   [Eden: 7152.0M(7152.0M)->0.0B(5712.0M) Survivors: 16384.0K->16384.0K Heap: 10756.4M(14336.0M)->3608.4M(14336.0M)]
 [Times: user=0.05 sys=0.00, real=0.01 secs] 
2022-07-28T16:35:16.374-0700: 588287.879: [GC pause (G1 Evacuation Pause) (mixed), 0.0127330 secs]
   [Parallel Time: 8.7 ms, GC Workers: 8]
      [GC Worker Start (ms): Min: 588287878.9, Avg: 588287879.0, Max: 588287879.1, Diff: 0.2]
      [Ext Root Scanning (ms): Min: 1.1, Avg: 2.0, Max: 6.6, Diff: 5.5, Sum: 16.1]
      [Update RS (ms): Min: 0.0, Avg: 1.4, Max: 2.3, Diff: 2.3, Sum: 11.2]
         [Processed Buffers: Min: 0, Avg: 5.1, Max: 9, Diff: 9, Sum: 41]
      [Scan RS (ms): Min: 0.0, Avg: 0.6, Max: 1.0, Diff: 0.9, Sum: 5.1]
      [Code Root Scanning (ms): Min: 0.0, Avg: 0.0, Max: 0.1, Diff: 0.1, Sum: 0.1]
      [Object Copy (ms): Min: 1.9, Avg: 4.4, Max: 4.8, Diff: 3.0, Sum: 35.0]
      [Termination (ms): Min: 0.0, Avg: 0.0, Max: 0.0, Diff: 0.0, Sum: 0.0]
         [Termination Attempts: Min: 2, Avg: 2.9, Max: 4, Diff: 2, Sum: 23]
      [GC Worker Other (ms): Min: 0.0, Avg: 0.1, Max: 0.1, Diff: 0.1, Sum: 0.5]
      [GC Worker Total (ms): Min: 8.4, Avg: 8.5, Max: 8.6, Diff: 0.2, Sum: 68.0]
      [GC Worker End (ms): Min: 588287887.4, Avg: 588287887.5, Max: 588287887.6, Diff: 0.1]
   [Code Root Fixup: 0.0 ms]
   [Code Root Purge: 0.0 ms]
   [Clear CT: 0.7 ms]
   [Other: 3.3 ms]
      [Choose CSet: 0.0 ms]
      [Ref Proc: 2.6 ms]
      [Ref Enq: 0.1 ms]
      [Redirty Cards: 0.1 ms]
      [Humongous Register: 0.1 ms]
      [Humongous Reclaim: 0.0 ms]
      [Free CSet: 0.3 ms]
   [Eden: 5712.0M(5712.0M)->0.0B(7152.0M) Survivors: 16384.0K->16384.0K Heap: 9320.4M(14336.0M)->3597.3M(14336.0M)]
 [Times: user=0.08 sys=0.00, real=0.02 secs] 
2022-07-28T16:37:15.157-0700: 588406.661: [GC pause (G1 Evacuation Pause) (young), 0.0137446 secs]
   [Parallel Time: 10.7 ms, GC Workers: 8]
      [GC Worker Start (ms): Min: 588406661.5, Avg: 588406661.6, Max: 588406661.7, Diff: 0.2]
      [Ext Root Scanning (ms): Min: 1.4, Avg: 2.3, Max: 6.2, Diff: 4.7, Sum: 18.3]
      [Update RS (ms): Min: 2.2, Avg: 5.7, Max: 7.1, Diff: 4.9, Sum: 45.9]
         [Processed Buffers: Min: 5, Avg: 12.5, Max: 21, Diff: 16, Sum: 100]
      [Scan RS (ms): Min: 0.0, Avg: 0.1, Max: 0.1, Diff: 0.1, Sum: 0.5]
      [Code Root Scanning (ms): Min: 0.0, Avg: 0.0, Max: 0.0, Diff: 0.0, Sum: 0.0]
      [Object Copy (ms): Min: 1.6, Avg: 2.1, Max: 2.4, Diff: 0.8, Sum: 17.1]
      [Termination (ms): Min: 0.0, Avg: 0.0, Max: 0.0, Diff: 0.0, Sum: 0.0]
         [Termination Attempts: Min: 1, Avg: 3.0, Max: 5, Diff: 4, Sum: 24]
      [GC Worker Other (ms): Min: 0.0, Avg: 0.1, Max: 0.2, Diff: 0.2, Sum: 0.8]
      [GC Worker Total (ms): Min: 10.2, Avg: 10.3, Max: 10.5, Diff: 0.3, Sum: 82.8]
      [GC Worker End (ms): Min: 588406671.8, Avg: 588406671.9, Max: 588406672.0, Diff: 0.2]
   [Code Root Fixup: 0.0 ms]
   [Code Root Purge: 0.0 ms]
   [Clear CT: 0.7 ms]
   [Other: 2.3 ms]
      [Choose CSet: 0.0 ms]
      [Ref Proc: 1.7 ms]
      [Ref Enq: 0.1 ms]
      [Redirty Cards: 0.1 ms]
      [Humongous Register: 0.1 ms]
      [Humongous Reclaim: 0.0 ms]
      [Free CSet: 0.3 ms]
   [Eden: 7152.0M(7152.0M)->0.0B(7152.0M) Survivors: 16384.0K->16384.0K Heap: 10749.3M(14336.0M)->3604.2M(14336.0M)]
 [Times: user=0.10 sys=0.00, real=0.01 secs] 
2022-07-28T16:39:12.925-0700: 588524.430: [GC pause (G1 Evacuation Pause) (young) (initial-mark), 0.0155794 secs]
   [Parallel Time: 11.3 ms, GC Workers: 8]
      [GC Worker Start (ms): Min: 588524432.2, Avg: 588524432.3, Max: 588524432.3, Diff: 0.2]
      [Ext Root Scanning (ms): Min: 5.0, Avg: 5.3, Max: 5.7, Diff: 0.7, Sum: 42.5]
      [Update RS (ms): Min: 1.2, Avg: 1.4, Max: 2.0, Diff: 0.8, Sum: 11.3]
         [Processed Buffers: Min: 3, Avg: 5.4, Max: 8, Diff: 5, Sum: 43]
      [Scan RS (ms): Min: 0.0, Avg: 0.1, Max: 0.1, Diff: 0.1, Sum: 0.5]
      [Code Root Scanning (ms): Min: 0.0, Avg: 0.0, Max: 0.0, Diff: 0.0, Sum: 0.0]
      [Object Copy (ms): Min: 1.7, Avg: 2.2, Max: 2.6, Diff: 0.9, Sum: 17.5]
      [Termination (ms): Min: 0.0, Avg: 0.0, Max: 0.0, Diff: 0.0, Sum: 0.0]
         [Termination Attempts: Min: 1, Avg: 7.4, Max: 13, Diff: 12, Sum: 59]
      [GC Worker Other (ms): Min: 0.0, Avg: 0.1, Max: 0.1, Diff: 0.1, Sum: 0.5]
      [GC Worker Total (ms): Min: 8.9, Avg: 9.0, Max: 9.1, Diff: 0.2, Sum: 72.3]
      [GC Worker End (ms): Min: 588524441.2, Avg: 588524441.3, Max: 588524441.4, Diff: 0.1]
   [Code Root Fixup: 0.0 ms]
   [Code Root Purge: 0.0 ms]
   [Clear CT: 0.7 ms]
   [Other: 3.6 ms]
      [Choose CSet: 0.0 ms]
      [Ref Proc: 2.9 ms]
      [Ref Enq: 0.1 ms]
      [Redirty Cards: 0.1 ms]
      [Humongous Register: 0.0 ms]
      [Humongous Reclaim: 0.0 ms]
      [Free CSet: 0.3 ms]
   [Eden: 7152.0M(7152.0M)->0.0B(7152.0M) Survivors: 16384.0K->16384.0K Heap: 10756.2M(14336.0M)->3606.8M(14336.0M)]
 [Times: user=0.07 sys=0.01, real=0.01 secs] 
2022-07-28T16:39:12.941-0700: 588524.446: [GC concurrent-root-region-scan-start]
2022-07-28T16:39:12.951-0700: 588524.455: [GC concurrent-root-region-scan-end, 0.0094264 secs]
2022-07-28T16:39:12.951-0700: 588524.455: [GC concurrent-mark-start]
2022-07-28T16:39:15.621-0700: 588527.125: [GC concurrent-mark-end, 2.6700612 secs]
2022-07-28T16:39:15.621-0700: 588527.126: [GC remark 2022-07-28T16:39:15.621-0700: 588527.126: [Finalize Marking, 0.0002587 secs] 2022-07-28T16:39:15.621-0700: 588527.126: [GC ref-proc, 0.0100573 secs] 2022-07-28T16:39:15.632-0700: 588527.136: [Unloading, 0.0274866 secs], 0.0436965 secs]
 [Times: user=0.25 sys=0.00, real=0.05 secs] 
2022-07-28T16:39:15.665-0700: 588527.170: [GC cleanup 3787M->3787M(14336M), 0.0086971 secs]
 [Times: user=0.06 sys=0.00, real=0.00 secs] 
2022-07-28T16:41:13.311-0700: 588644.816: [GC pause (G1 Evacuation Pause) (young), 0.0125747 secs]
   [Parallel Time: 7.2 ms, GC Workers: 8]
      [GC Worker Start (ms): Min: 588644816.4, Avg: 588644816.5, Max: 588644816.5, Diff: 0.2]
      [Ext Root Scanning (ms): Min: 1.5, Avg: 2.4, Max: 6.4, Diff: 4.9, Sum: 18.9]
      [Update RS (ms): Min: 0.0, Avg: 1.9, Max: 3.0, Diff: 3.0, Sum: 15.0]
         [Processed Buffers: Min: 0, Avg: 5.4, Max: 10, Diff: 10, Sum: 43]
      [Scan RS (ms): Min: 0.0, Avg: 0.1, Max: 0.1, Diff: 0.1, Sum: 0.5]
      [Code Root Scanning (ms): Min: 0.0, Avg: 0.0, Max: 0.0, Diff: 0.0, Sum: 0.0]
      [Object Copy (ms): Min: 0.5, Avg: 2.5, Max: 3.0, Diff: 2.6, Sum: 19.8]
      [Termination (ms): Min: 0.0, Avg: 0.0, Max: 0.0, Diff: 0.0, Sum: 0.0]
         [Termination Attempts: Min: 1, Avg: 2.1, Max: 5, Diff: 4, Sum: 17]
      [GC Worker Other (ms): Min: 0.0, Avg: 0.1, Max: 0.1, Diff: 0.1, Sum: 0.4]
      [GC Worker Total (ms): Min: 6.8, Avg: 6.8, Max: 7.0, Diff: 0.2, Sum: 54.6]
      [GC Worker End (ms): Min: 588644823.3, Avg: 588644823.3, Max: 588644823.3, Diff: 0.1]
   [Code Root Fixup: 0.0 ms]
   [Code Root Purge: 0.0 ms]
   [Clear CT: 0.7 ms]
   [Other: 4.7 ms]
      [Choose CSet: 0.0 ms]
      [Ref Proc: 4.0 ms]
      [Ref Enq: 0.1 ms]
      [Redirty Cards: 0.1 ms]
      [Humongous Register: 0.1 ms]
      [Humongous Reclaim: 0.0 ms]
      [Free CSet: 0.3 ms]
   [Eden: 7152.0M(7152.0M)->0.0B(5712.0M) Survivors: 16384.0K->16384.0K Heap: 10758.8M(14336.0M)->3606.1M(14336.0M)]
 [Times: user=0.06 sys=0.01, real=0.02 secs] 
2022-07-28T16:42:46.823-0700: 588738.328: [GC pause (G1 Evacuation Pause) (mixed), 0.0117872 secs]
   [Parallel Time: 8.9 ms, GC Workers: 8]
      [GC Worker Start (ms): Min: 588738328.1, Avg: 588738328.2, Max: 588738328.3, Diff: 0.2]
      [Ext Root Scanning (ms): Min: 1.1, Avg: 2.1, Max: 7.1, Diff: 5.9, Sum: 16.9]
      [Update RS (ms): Min: 0.0, Avg: 1.6, Max: 2.6, Diff: 2.6, Sum: 13.0]
         [Processed Buffers: Min: 0, Avg: 5.5, Max: 9, Diff: 9, Sum: 44]
      [Scan RS (ms): Min: 0.0, Avg: 0.6, Max: 0.9, Diff: 0.9, Sum: 4.9]
      [Code Root Scanning (ms): Min: 0.0, Avg: 0.0, Max: 0.1, Diff: 0.1, Sum: 0.1]
      [Object Copy (ms): Min: 1.5, Avg: 4.2, Max: 4.6, Diff: 3.1, Sum: 33.3]
      [Termination (ms): Min: 0.0, Avg: 0.0, Max: 0.0, Diff: 0.0, Sum: 0.0]
         [Termination Attempts: Min: 1, Avg: 13.4, Max: 22, Diff: 21, Sum: 107]
      [GC Worker Other (ms): Min: 0.0, Avg: 0.1, Max: 0.1, Diff: 0.1, Sum: 0.4]
      [GC Worker Total (ms): Min: 8.5, Avg: 8.6, Max: 8.7, Diff: 0.2, Sum: 68.6]
      [GC Worker End (ms): Min: 588738336.8, Avg: 588738336.8, Max: 588738336.8, Diff: 0.1]
   [Code Root Fixup: 0.0 ms]
   [Code Root Purge: 0.0 ms]
   [Clear CT: 0.7 ms]
   [Other: 2.2 ms]
      [Choose CSet: 0.0 ms]
      [Ref Proc: 1.6 ms]
      [Ref Enq: 0.1 ms]
      [Redirty Cards: 0.1 ms]
      [Humongous Register: 0.1 ms]
      [Humongous Reclaim: 0.0 ms]
      [Free CSet: 0.2 ms]
   [Eden: 5712.0M(5712.0M)->0.0B(7152.0M) Survivors: 16384.0K->16384.0K Heap: 9318.1M(14336.0M)->3597.0M(14336.0M)]
 [Times: user=0.08 sys=0.00, real=0.01 secs] 
2022-07-28T16:44:45.222-0700: 588856.726: [GC pause (G1 Evacuation Pause) (young), 0.0110430 secs]
   [Parallel Time: 7.3 ms, GC Workers: 8]
      [GC Worker Start (ms): Min: 588856726.6, Avg: 588856726.6, Max: 588856726.7, Diff: 0.1]
      [Ext Root Scanning (ms): Min: 1.1, Avg: 1.9, Max: 5.1, Diff: 3.9, Sum: 15.0]
      [Update RS (ms): Min: 0.4, Avg: 3.3, Max: 4.4, Diff: 4.1, Sum: 26.5]
         [Processed Buffers: Min: 1, Avg: 11.0, Max: 19, Diff: 18, Sum: 88]
      [Scan RS (ms): Min: 0.0, Avg: 0.0, Max: 0.1, Diff: 0.1, Sum: 0.4]
      [Code Root Scanning (ms): Min: 0.0, Avg: 0.0, Max: 0.0, Diff: 0.0, Sum: 0.0]
      [Object Copy (ms): Min: 1.3, Avg: 1.8, Max: 2.0, Diff: 0.7, Sum: 14.0]
      [Termination (ms): Min: 0.0, Avg: 0.0, Max: 0.0, Diff: 0.0, Sum: 0.0]
         [Termination Attempts: Min: 1, Avg: 1.1, Max: 2, Diff: 1, Sum: 9]
      [GC Worker Other (ms): Min: 0.0, Avg: 0.1, Max: 0.2, Diff: 0.2, Sum: 0.9]
      [GC Worker Total (ms): Min: 7.0, Avg: 7.1, Max: 7.2, Diff: 0.2, Sum: 56.8]
      [GC Worker End (ms): Min: 588856733.6, Avg: 588856733.7, Max: 588856733.8, Diff: 0.2]
   [Code Root Fixup: 0.0 ms]
   [Code Root Purge: 0.0 ms]
   [Clear CT: 0.8 ms]
   [Other: 3.0 ms]
      [Choose CSet: 0.0 ms]
      [Ref Proc: 2.3 ms]
      [Ref Enq: 0.1 ms]
      [Redirty Cards: 0.1 ms]
      [Humongous Register: 0.1 ms]
      [Humongous Reclaim: 0.0 ms]
      [Free CSet: 0.3 ms]
   [Eden: 7152.0M(7152.0M)->0.0B(7152.0M) Survivors: 16384.0K->16384.0K Heap: 10749.0M(14336.0M)->3605.5M(14336.0M)]
 [Times: user=0.07 sys=0.00, real=0.01 secs] 
2022-07-28T16:46:40.616-0700: 588972.120: [GC pause (G1 Evacuation Pause) (young) (initial-mark), 0.0154714 secs]
   [Parallel Time: 11.5 ms, GC Workers: 8]
      [GC Worker Start (ms): Min: 588972122.2, Avg: 588972122.3, Max: 588972122.3, Diff: 0.1]
      [Ext Root Scanning (ms): Min: 5.6, Avg: 5.8, Max: 6.1, Diff: 0.5, Sum: 46.1]
      [Update RS (ms): Min: 1.3, Avg: 1.4, Max: 1.9, Diff: 0.6, Sum: 11.6]
         [Processed Buffers: Min: 2, Avg: 5.4, Max: 12, Diff: 10, Sum: 43]
      [Scan RS (ms): Min: 0.0, Avg: 0.0, Max: 0.1, Diff: 0.1, Sum: 0.4]
      [Code Root Scanning (ms): Min: 0.0, Avg: 0.0, Max: 0.0, Diff: 0.0, Sum: 0.0]
      [Object Copy (ms): Min: 1.4, Avg: 2.1, Max: 2.4, Diff: 1.0, Sum: 17.0]
      [Termination (ms): Min: 0.0, Avg: 0.0, Max: 0.0, Diff: 0.0, Sum: 0.0]
         [Termination Attempts: Min: 1, Avg: 1.2, Max: 3, Diff: 2, Sum: 10]
      [GC Worker Other (ms): Min: 0.0, Avg: 0.0, Max: 0.1, Diff: 0.1, Sum: 0.3]
      [GC Worker Total (ms): Min: 9.4, Avg: 9.4, Max: 9.5, Diff: 0.1, Sum: 75.4]
      [GC Worker End (ms): Min: 588972131.7, Avg: 588972131.7, Max: 588972131.7, Diff: 0.1]
   [Code Root Fixup: 0.0 ms]
   [Code Root Purge: 0.0 ms]
   [Clear CT: 0.7 ms]
   [Other: 3.2 ms]
      [Choose CSet: 0.0 ms]
      [Ref Proc: 2.5 ms]
      [Ref Enq: 0.1 ms]
      [Redirty Cards: 0.1 ms]
      [Humongous Register: 0.0 ms]
      [Humongous Reclaim: 0.0 ms]
      [Free CSet: 0.3 ms]
   [Eden: 7152.0M(7152.0M)->0.0B(7152.0M) Survivors: 16384.0K->16384.0K Heap: 10757.5M(14336.0M)->3603.6M(14336.0M)]
 [Times: user=0.08 sys=0.00, real=0.01 secs] 
2022-07-28T16:46:40.631-0700: 588972.136: [GC concurrent-root-region-scan-start]
2022-07-28T16:46:40.644-0700: 588972.149: [GC concurrent-root-region-scan-end, 0.0132285 secs]
2022-07-28T16:46:40.644-0700: 588972.149: [GC concurrent-mark-start]
2022-07-28T16:46:43.355-0700: 588974.860: [GC concurrent-mark-end, 2.7109674 secs]
2022-07-28T16:46:43.356-0700: 588974.860: [GC remark 2022-07-28T16:46:43.356-0700: 588974.860: [Finalize Marking, 0.0004525 secs] 2022-07-28T16:46:43.356-0700: 588974.861: [GC ref-proc, 0.0076723 secs] 2022-07-28T16:46:43.364-0700: 588974.869: [Unloading, 0.0272446 secs], 0.0410335 secs]
 [Times: user=0.26 sys=0.00, real=0.04 secs] 
2022-07-28T16:46:43.397-0700: 588974.902: [GC cleanup 3805M->3805M(14336M), 0.0090188 secs]
 [Times: user=0.06 sys=0.00, real=0.01 secs] 
2022-07-28T16:48:35.563-0700: 589087.068: [GC pause (G1 Evacuation Pause) (young), 0.0120589 secs]
   [Parallel Time: 7.8 ms, GC Workers: 8]
      [GC Worker Start (ms): Min: 589087068.1, Avg: 589087068.2, Max: 589087068.2, Diff: 0.1]
      [Ext Root Scanning (ms): Min: 1.5, Avg: 2.4, Max: 6.4, Diff: 4.9, Sum: 18.9]
      [Update RS (ms): Min: 0.0, Avg: 2.0, Max: 3.0, Diff: 3.0, Sum: 16.3]
         [Processed Buffers: Min: 0, Avg: 5.5, Max: 10, Diff: 10, Sum: 44]
      [Scan RS (ms): Min: 0.0, Avg: 0.1, Max: 0.1, Diff: 0.1, Sum: 0.5]
      [Code Root Scanning (ms): Min: 0.0, Avg: 0.0, Max: 0.0, Diff: 0.0, Sum: 0.0]
      [Object Copy (ms): Min: 0.7, Avg: 2.7, Max: 3.3, Diff: 2.6, Sum: 21.3]
      [Termination (ms): Min: 0.0, Avg: 0.4, Max: 0.5, Diff: 0.5, Sum: 3.5]
         [Termination Attempts: Min: 1, Avg: 5.1, Max: 8, Diff: 7, Sum: 41]
      [GC Worker Other (ms): Min: 0.0, Avg: 0.0, Max: 0.0, Diff: 0.0, Sum: 0.1]
      [GC Worker Total (ms): Min: 7.5, Avg: 7.6, Max: 7.7, Diff: 0.2, Sum: 60.7]
      [GC Worker End (ms): Min: 589087075.7, Avg: 589087075.7, Max: 589087075.8, Diff: 0.0]
   [Code Root Fixup: 0.0 ms]
   [Code Root Purge: 0.0 ms]
   [Clear CT: 0.7 ms]
   [Other: 3.5 ms]
      [Choose CSet: 0.0 ms]
      [Ref Proc: 2.8 ms]
      [Ref Enq: 0.1 ms]
      [Redirty Cards: 0.1 ms]
      [Humongous Register: 0.1 ms]
      [Humongous Reclaim: 0.0 ms]
      [Free CSet: 0.3 ms]
   [Eden: 7152.0M(7152.0M)->0.0B(5712.0M) Survivors: 16384.0K->16384.0K Heap: 10755.6M(14336.0M)->3608.2M(14336.0M)]
 [Times: user=0.07 sys=0.00, real=0.01 secs] 
2022-07-28T16:50:10.512-0700: 589182.017: [GC pause (G1 Evacuation Pause) (mixed), 0.0127931 secs]
   [Parallel Time: 10.2 ms, GC Workers: 8]
      [GC Worker Start (ms): Min: 589182017.3, Avg: 589182017.4, Max: 589182017.4, Diff: 0.1]
      [Ext Root Scanning (ms): Min: 1.4, Avg: 2.3, Max: 6.5, Diff: 5.1, Sum: 18.4]
      [Update RS (ms): Min: 0.0, Avg: 1.8, Max: 2.7, Diff: 2.7, Sum: 14.4]
         [Processed Buffers: Min: 0, Avg: 5.6, Max: 14, Diff: 14, Sum: 45]
      [Scan RS (ms): Min: 0.0, Avg: 0.8, Max: 1.0, Diff: 1.0, Sum: 6.0]
      [Code Root Scanning (ms): Min: 0.0, Avg: 0.0, Max: 0.1, Diff: 0.1, Sum: 0.1]
      [Object Copy (ms): Min: 3.4, Avg: 5.1, Max: 5.4, Diff: 2.0, Sum: 40.4]
      [Termination (ms): Min: 0.0, Avg: 0.0, Max: 0.0, Diff: 0.0, Sum: 0.1]
         [Termination Attempts: Min: 26, Avg: 32.8, Max: 42, Diff: 16, Sum: 262]
      [GC Worker Other (ms): Min: 0.0, Avg: 0.1, Max: 0.1, Diff: 0.1, Sum: 0.5]
      [GC Worker Total (ms): Min: 9.9, Avg: 10.0, Max: 10.1, Diff: 0.2, Sum: 80.0]
      [GC Worker End (ms): Min: 589182027.3, Avg: 589182027.4, Max: 589182027.4, Diff: 0.1]
   [Code Root Fixup: 0.0 ms]
   [Code Root Purge: 0.0 ms]
   [Clear CT: 0.7 ms]
   [Other: 1.9 ms]
      [Choose CSet: 0.0 ms]
      [Ref Proc: 1.3 ms]
      [Ref Enq: 0.1 ms]
      [Redirty Cards: 0.1 ms]
      [Humongous Register: 0.1 ms]
      [Humongous Reclaim: 0.0 ms]
      [Free CSet: 0.2 ms]
   [Eden: 5712.0M(5712.0M)->0.0B(7152.0M) Survivors: 16384.0K->16384.0K Heap: 9320.2M(14336.0M)->3596.6M(14336.0M)]
 [Times: user=0.08 sys=0.01, real=0.02 secs] 
2022-07-28T16:52:06.921-0700: 589298.425: [GC pause (G1 Evacuation Pause) (young), 0.0147472 secs]
   [Parallel Time: 10.0 ms, GC Workers: 8]
      [GC Worker Start (ms): Min: 589298425.5, Avg: 589298425.6, Max: 589298425.7, Diff: 0.2]
      [Ext Root Scanning (ms): Min: 1.6, Avg: 3.2, Max: 9.7, Diff: 8.2, Sum: 25.9]
      [Update RS (ms): Min: 0.0, Avg: 4.5, Max: 6.2, Diff: 6.2, Sum: 36.2]
         [Processed Buffers: Min: 0, Avg: 12.4, Max: 25, Diff: 25, Sum: 99]
      [Scan RS (ms): Min: 0.0, Avg: 0.0, Max: 0.1, Diff: 0.1, Sum: 0.4]
      [Code Root Scanning (ms): Min: 0.0, Avg: 0.0, Max: 0.0, Diff: 0.0, Sum: 0.0]
      [Object Copy (ms): Min: 0.0, Avg: 1.7, Max: 2.3, Diff: 2.3, Sum: 13.8]
      [Termination (ms): Min: 0.0, Avg: 0.2, Max: 0.2, Diff: 0.2, Sum: 1.3]
         [Termination Attempts: Min: 1, Avg: 1.0, Max: 1, Diff: 0, Sum: 8]
      [GC Worker Other (ms): Min: 0.0, Avg: 0.0, Max: 0.1, Diff: 0.1, Sum: 0.2]
      [GC Worker Total (ms): Min: 9.6, Avg: 9.7, Max: 9.8, Diff: 0.2, Sum: 77.8]
      [GC Worker End (ms): Min: 589298435.3, Avg: 589298435.3, Max: 589298435.4, Diff: 0.1]
   [Code Root Fixup: 0.0 ms]
   [Code Root Purge: 0.0 ms]
   [Clear CT: 0.8 ms]
   [Other: 4.0 ms]
      [Choose CSet: 0.0 ms]
      [Ref Proc: 3.3 ms]
      [Ref Enq: 0.1 ms]
      [Redirty Cards: 0.1 ms]
      [Humongous Register: 0.0 ms]
      [Humongous Reclaim: 0.0 ms]
      [Free CSet: 0.3 ms]
   [Eden: 7152.0M(7152.0M)->0.0B(7152.0M) Survivors: 16384.0K->16384.0K Heap: 10748.6M(14336.0M)->3602.3M(14336.0M)]
 [Times: user=0.09 sys=0.00, real=0.02 secs] 
2022-07-28T16:54:04.827-0700: 589416.332: [GC pause (G1 Evacuation Pause) (young) (initial-mark), 0.0170464 secs]
   [Parallel Time: 12.4 ms, GC Workers: 8]
      [GC Worker Start (ms): Min: 589416333.7, Avg: 589416333.8, Max: 589416333.9, Diff: 0.2]
      [Ext Root Scanning (ms): Min: 5.2, Avg: 5.5, Max: 5.9, Diff: 0.7, Sum: 44.0]
      [Update RS (ms): Min: 1.6, Avg: 1.7, Max: 2.1, Diff: 0.5, Sum: 13.8]
         [Processed Buffers: Min: 2, Avg: 5.6, Max: 14, Diff: 12, Sum: 45]
      [Scan RS (ms): Min: 0.0, Avg: 0.1, Max: 0.1, Diff: 0.1, Sum: 0.4]
      [Code Root Scanning (ms): Min: 0.0, Avg: 0.0, Max: 0.0, Diff: 0.0, Sum: 0.0]
      [Object Copy (ms): Min: 2.1, Avg: 2.5, Max: 2.9, Diff: 0.8, Sum: 20.0]
      [Termination (ms): Min: 0.0, Avg: 0.0, Max: 0.0, Diff: 0.0, Sum: 0.0]
         [Termination Attempts: Min: 1, Avg: 8.1, Max: 12, Diff: 11, Sum: 65]
      [GC Worker Other (ms): Min: 0.0, Avg: 0.1, Max: 0.2, Diff: 0.1, Sum: 0.7]
      [GC Worker Total (ms): Min: 9.7, Avg: 9.9, Max: 10.0, Diff: 0.2, Sum: 78.9]
      [GC Worker End (ms): Min: 589416343.6, Avg: 589416343.7, Max: 589416343.8, Diff: 0.1]
   [Code Root Fixup: 0.0 ms]
   [Code Root Purge: 0.0 ms]
   [Clear CT: 0.8 ms]
   [Other: 3.9 ms]
      [Choose CSet: 0.0 ms]
      [Ref Proc: 3.2 ms]
      [Ref Enq: 0.1 ms]
      [Redirty Cards: 0.1 ms]
      [Humongous Register: 0.0 ms]
      [Humongous Reclaim: 0.0 ms]
      [Free CSet: 0.3 ms]
   [Eden: 7152.0M(7152.0M)->0.0B(7152.0M) Survivors: 16384.0K->16384.0K Heap: 10754.3M(14336.0M)->3607.1M(14336.0M)]
 [Times: user=0.09 sys=0.00, real=0.02 secs] 
2022-07-28T16:54:04.844-0700: 589416.349: [GC concurrent-root-region-scan-start]
2022-07-28T16:54:04.854-0700: 589416.358: [GC concurrent-root-region-scan-end, 0.0095595 secs]
2022-07-28T16:54:04.854-0700: 589416.358: [GC concurrent-mark-start]
2022-07-28T16:54:07.519-0700: 589419.024: [GC concurrent-mark-end, 2.6656181 secs]
2022-07-28T16:54:07.520-0700: 589419.024: [GC remark 2022-07-28T16:54:07.520-0700: 589419.024: [Finalize Marking, 0.0002191 secs] 2022-07-28T16:54:07.520-0700: 589419.025: [GC ref-proc, 0.0081805 secs] 2022-07-28T16:54:07.528-0700: 589419.033: [Unloading, 0.0276424 secs], 0.0420288 secs]
 [Times: user=0.26 sys=0.00, real=0.04 secs] 
2022-07-28T16:54:07.562-0700: 589419.067: [GC cleanup 3836M->3836M(14336M), 0.0085148 secs]
 [Times: user=0.06 sys=0.00, real=0.01 secs] 
2022-07-28T16:56:01.112-0700: 589532.616: [GC pause (G1 Evacuation Pause) (young), 0.0097965 secs]
   [Parallel Time: 6.4 ms, GC Workers: 8]
      [GC Worker Start (ms): Min: 589532616.5, Avg: 589532616.6, Max: 589532616.7, Diff: 0.1]
      [Ext Root Scanning (ms): Min: 1.2, Avg: 2.0, Max: 5.9, Diff: 4.7, Sum: 15.7]
      [Update RS (ms): Min: 0.0, Avg: 2.0, Max: 2.9, Diff: 2.9, Sum: 16.1]
         [Processed Buffers: Min: 0, Avg: 5.1, Max: 11, Diff: 11, Sum: 41]
      [Scan RS (ms): Min: 0.0, Avg: 0.1, Max: 0.1, Diff: 0.1, Sum: 0.5]
      [Code Root Scanning (ms): Min: 0.0, Avg: 0.0, Max: 0.0, Diff: 0.0, Sum: 0.0]
      [Object Copy (ms): Min: 0.3, Avg: 2.2, Max: 2.7, Diff: 2.4, Sum: 17.4]
      [Termination (ms): Min: 0.0, Avg: 0.0, Max: 0.0, Diff: 0.0, Sum: 0.0]
         [Termination Attempts: Min: 1, Avg: 1.8, Max: 4, Diff: 3, Sum: 14]
      [GC Worker Other (ms): Min: 0.0, Avg: 0.0, Max: 0.1, Diff: 0.1, Sum: 0.4]
      [GC Worker Total (ms): Min: 6.2, Avg: 6.3, Max: 6.3, Diff: 0.1, Sum: 50.0]
      [GC Worker End (ms): Min: 589532622.8, Avg: 589532622.9, Max: 589532622.9, Diff: 0.1]
   [Code Root Fixup: 0.0 ms]
   [Code Root Purge: 0.0 ms]
   [Clear CT: 0.7 ms]
   [Other: 2.6 ms]
      [Choose CSet: 0.0 ms]
      [Ref Proc: 1.8 ms]
      [Ref Enq: 0.1 ms]
      [Redirty Cards: 0.1 ms]
      [Humongous Register: 0.1 ms]
      [Humongous Reclaim: 0.0 ms]
      [Free CSet: 0.3 ms]
   [Eden: 7152.0M(7152.0M)->0.0B(5712.0M) Survivors: 16384.0K->16384.0K Heap: 10759.1M(14336.0M)->3604.7M(14336.0M)]
 [Times: user=0.06 sys=0.00, real=0.01 secs] 
2022-07-28T16:57:36.134-0700: 589627.638: [GC pause (G1 Evacuation Pause) (mixed), 0.0151337 secs]
   [Parallel Time: 10.3 ms, GC Workers: 8]
      [GC Worker Start (ms): Min: 589627638.5, Avg: 589627638.5, Max: 589627638.6, Diff: 0.1]
      [Ext Root Scanning (ms): Min: 1.3, Avg: 2.3, Max: 7.3, Diff: 6.0, Sum: 18.2]
      [Update RS (ms): Min: 0.0, Avg: 2.3, Max: 3.3, Diff: 3.3, Sum: 18.0]
         [Processed Buffers: Min: 0, Avg: 5.1, Max: 11, Diff: 11, Sum: 41]
      [Scan RS (ms): Min: 0.0, Avg: 0.8, Max: 1.2, Diff: 1.2, Sum: 6.6]
      [Code Root Scanning (ms): Min: 0.0, Avg: 0.0, Max: 0.1, Diff: 0.1, Sum: 0.1]
      [Object Copy (ms): Min: 2.8, Avg: 4.7, Max: 5.1, Diff: 2.3, Sum: 37.8]
      [Termination (ms): Min: 0.0, Avg: 0.0, Max: 0.0, Diff: 0.0, Sum: 0.0]
         [Termination Attempts: Min: 1, Avg: 5.4, Max: 8, Diff: 7, Sum: 43]
      [GC Worker Other (ms): Min: 0.0, Avg: 0.1, Max: 0.1, Diff: 0.1, Sum: 0.5]
      [GC Worker Total (ms): Min: 10.1, Avg: 10.1, Max: 10.2, Diff: 0.2, Sum: 81.1]
      [GC Worker End (ms): Min: 589627648.6, Avg: 589627648.7, Max: 589627648.7, Diff: 0.1]
   [Code Root Fixup: 0.0 ms]
   [Code Root Purge: 0.0 ms]
   [Clear CT: 0.7 ms]
   [Other: 4.1 ms]
      [Choose CSet: 0.0 ms]
      [Ref Proc: 3.5 ms]
      [Ref Enq: 0.1 ms]
      [Redirty Cards: 0.0 ms]
      [Humongous Register: 0.1 ms]
      [Humongous Reclaim: 0.0 ms]
      [Free CSet: 0.2 ms]
   [Eden: 5712.0M(5712.0M)->0.0B(7152.0M) Survivors: 16384.0K->16384.0K Heap: 9316.7M(14336.0M)->3596.6M(14336.0M)]
 [Times: user=0.10 sys=0.00, real=0.02 secs] 
2022-07-28T16:59:32.620-0700: 589744.125: [GC pause (G1 Evacuation Pause) (young), 0.0135173 secs]
   [Parallel Time: 8.3 ms, GC Workers: 8]
      [GC Worker Start (ms): Min: 589744125.2, Avg: 589744125.3, Max: 589744125.3, Diff: 0.1]
      [Ext Root Scanning (ms): Min: 1.3, Avg: 2.0, Max: 5.6, Diff: 4.3, Sum: 16.2]
      [Update RS (ms): Min: 0.6, Avg: 3.8, Max: 4.9, Diff: 4.3, Sum: 30.6]
         [Processed Buffers: Min: 2, Avg: 11.8, Max: 21, Diff: 19, Sum: 94]
      [Scan RS (ms): Min: 0.0, Avg: 0.1, Max: 0.1, Diff: 0.1, Sum: 0.4]
      [Code Root Scanning (ms): Min: 0.0, Avg: 0.0, Max: 0.0, Diff: 0.0, Sum: 0.0]
      [Object Copy (ms): Min: 1.6, Avg: 2.0, Max: 2.2, Diff: 0.7, Sum: 16.1]
      [Termination (ms): Min: 0.0, Avg: 0.0, Max: 0.0, Diff: 0.0, Sum: 0.0]
         [Termination Attempts: Min: 10, Avg: 11.9, Max: 13, Diff: 3, Sum: 95]
      [GC Worker Other (ms): Min: 0.0, Avg: 0.1, Max: 0.1, Diff: 0.0, Sum: 0.4]
      [GC Worker Total (ms): Min: 7.9, Avg: 8.0, Max: 8.0, Diff: 0.1, Sum: 63.8]
      [GC Worker End (ms): Min: 589744133.2, Avg: 589744133.2, Max: 589744133.3, Diff: 0.1]
   [Code Root Fixup: 0.0 ms]
   [Code Root Purge: 0.0 ms]
   [Clear CT: 0.7 ms]
   [Other: 4.4 ms]
      [Choose CSet: 0.0 ms]
      [Ref Proc: 3.8 ms]
      [Ref Enq: 0.1 ms]
      [Redirty Cards: 0.1 ms]
      [Humongous Register: 0.1 ms]
      [Humongous Reclaim: 0.0 ms]
      [Free CSet: 0.3 ms]
   [Eden: 7152.0M(7152.0M)->0.0B(7152.0M) Survivors: 16384.0K->16384.0K Heap: 10748.6M(14336.0M)->3605.4M(14336.0M)]
 [Times: user=0.08 sys=0.00, real=0.01 secs] 
2022-07-28T17:01:32.664-0700: 589864.169: [GC pause (G1 Evacuation Pause) (young) (initial-mark), 0.0169715 secs]
   [Parallel Time: 11.8 ms, GC Workers: 8]
      [GC Worker Start (ms): Min: 589864171.1, Avg: 589864171.2, Max: 589864171.2, Diff: 0.1]
      [Ext Root Scanning (ms): Min: 5.4, Avg: 5.8, Max: 6.3, Diff: 0.9, Sum: 46.4]
      [Update RS (ms): Min: 1.2, Avg: 1.4, Max: 1.9, Diff: 0.8, Sum: 11.3]
         [Processed Buffers: Min: 3, Avg: 5.1, Max: 9, Diff: 6, Sum: 41]
      [Scan RS (ms): Min: 0.0, Avg: 0.0, Max: 0.1, Diff: 0.1, Sum: 0.4]
      [Code Root Scanning (ms): Min: 0.0, Avg: 0.0, Max: 0.0, Diff: 0.0, Sum: 0.0]
      [Object Copy (ms): Min: 1.8, Avg: 2.3, Max: 2.8, Diff: 0.9, Sum: 18.1]
      [Termination (ms): Min: 0.0, Avg: 0.0, Max: 0.0, Diff: 0.0, Sum: 0.0]
         [Termination Attempts: Min: 10, Avg: 13.4, Max: 17, Diff: 7, Sum: 107]
      [GC Worker Other (ms): Min: 0.0, Avg: 0.0, Max: 0.1, Diff: 0.0, Sum: 0.3]
      [GC Worker Total (ms): Min: 9.5, Avg: 9.6, Max: 9.6, Diff: 0.1, Sum: 76.6]
      [GC Worker End (ms): Min: 589864180.7, Avg: 589864180.8, Max: 589864180.8, Diff: 0.1]
   [Code Root Fixup: 0.0 ms]
   [Code Root Purge: 0.0 ms]
   [Clear CT: 0.8 ms]
   [Other: 4.4 ms]
      [Choose CSet: 0.0 ms]
      [Ref Proc: 3.7 ms]
      [Ref Enq: 0.1 ms]
      [Redirty Cards: 0.1 ms]
      [Humongous Register: 0.0 ms]
      [Humongous Reclaim: 0.0 ms]
      [Free CSet: 0.3 ms]
   [Eden: 7152.0M(7152.0M)->0.0B(7152.0M) Survivors: 16384.0K->16384.0K Heap: 10757.4M(14336.0M)->3604.1M(14336.0M)]
 [Times: user=0.08 sys=0.00, real=0.01 secs] 
2022-07-28T17:01:32.681-0700: 589864.186: [GC concurrent-root-region-scan-start]
2022-07-28T17:01:32.690-0700: 589864.195: [GC concurrent-root-region-scan-end, 0.0087868 secs]
2022-07-28T17:01:32.690-0700: 589864.195: [GC concurrent-mark-start]
2022-07-28T17:01:35.328-0700: 589866.833: [GC concurrent-mark-end, 2.6382725 secs]
2022-07-28T17:01:35.329-0700: 589866.834: [GC remark 2022-07-28T17:01:35.329-0700: 589866.834: [Finalize Marking, 0.0004069 secs] 2022-07-28T17:01:35.329-0700: 589866.834: [GC ref-proc, 0.0100917 secs] 2022-07-28T17:01:35.339-0700: 589866.844: [Unloading, 0.0276462 secs], 0.0440276 secs]
 [Times: user=0.26 sys=0.00, real=0.04 secs] 
2022-07-28T17:01:35.373-0700: 589866.878: [GC cleanup 3816M->3816M(14336M), 0.0087920 secs]
 [Times: user=0.06 sys=0.00, real=0.01 secs] 
2022-07-28T17:03:29.679-0700: 589981.184: [GC pause (G1 Evacuation Pause) (young), 0.0114862 secs]
   [Parallel Time: 5.9 ms, GC Workers: 8]
      [GC Worker Start (ms): Min: 589981183.9, Avg: 589981184.0, Max: 589981184.1, Diff: 0.2]
      [Ext Root Scanning (ms): Min: 1.1, Avg: 1.9, Max: 5.3, Diff: 4.2, Sum: 14.8]
      [Update RS (ms): Min: 0.0, Avg: 1.6, Max: 2.5, Diff: 2.5, Sum: 12.6]
         [Processed Buffers: Min: 0, Avg: 5.9, Max: 11, Diff: 11, Sum: 47]
      [Scan RS (ms): Min: 0.0, Avg: 0.0, Max: 0.1, Diff: 0.1, Sum: 0.4]
      [Code Root Scanning (ms): Min: 0.0, Avg: 0.0, Max: 0.0, Diff: 0.0, Sum: 0.0]
      [Object Copy (ms): Min: 0.2, Avg: 1.9, Max: 2.6, Diff: 2.4, Sum: 15.6]
      [Termination (ms): Min: 0.0, Avg: 0.0, Max: 0.0, Diff: 0.0, Sum: 0.0]
         [Termination Attempts: Min: 1, Avg: 3.0, Max: 5, Diff: 4, Sum: 24]
      [GC Worker Other (ms): Min: 0.0, Avg: 0.1, Max: 0.2, Diff: 0.1, Sum: 0.6]
      [GC Worker Total (ms): Min: 5.4, Avg: 5.5, Max: 5.7, Diff: 0.3, Sum: 44.0]
      [GC Worker End (ms): Min: 589981189.4, Avg: 589981189.5, Max: 589981189.5, Diff: 0.1]
   [Code Root Fixup: 0.0 ms]
   [Code Root Purge: 0.0 ms]
   [Clear CT: 0.7 ms]
   [Other: 4.8 ms]
      [Choose CSet: 0.0 ms]
      [Ref Proc: 4.1 ms]
      [Ref Enq: 0.1 ms]
      [Redirty Cards: 0.1 ms]
      [Humongous Register: 0.1 ms]
      [Humongous Reclaim: 0.0 ms]
      [Free CSet: 0.3 ms]
   [Eden: 7152.0M(7152.0M)->0.0B(5712.0M) Survivors: 16384.0K->16384.0K Heap: 10756.1M(14336.0M)->3608.9M(14336.0M)]
 [Times: user=0.05 sys=0.01, real=0.01 secs] 
2022-07-28T17:05:05.922-0700: 590077.427: [GC pause (G1 Evacuation Pause) (mixed), 0.0141973 secs]
   [Parallel Time: 9.1 ms, GC Workers: 8]
      [GC Worker Start (ms): Min: 590077427.1, Avg: 590077427.2, Max: 590077427.3, Diff: 0.1]
      [Ext Root Scanning (ms): Min: 1.2, Avg: 2.3, Max: 6.4, Diff: 5.2, Sum: 18.6]
      [Update RS (ms): Min: 0.0, Avg: 1.2, Max: 1.6, Diff: 1.6, Sum: 9.5]
         [Processed Buffers: Min: 0, Avg: 5.0, Max: 9, Diff: 9, Sum: 40]
      [Scan RS (ms): Min: 0.0, Avg: 0.7, Max: 1.0, Diff: 1.0, Sum: 5.3]
      [Code Root Scanning (ms): Min: 0.0, Avg: 0.0, Max: 0.1, Diff: 0.1, Sum: 0.1]
      [Object Copy (ms): Min: 2.2, Avg: 4.4, Max: 4.9, Diff: 2.7, Sum: 35.3]
      [Termination (ms): Min: 0.0, Avg: 0.0, Max: 0.0, Diff: 0.0, Sum: 0.0]
         [Termination Attempts: Min: 1, Avg: 8.4, Max: 12, Diff: 11, Sum: 67]
      [GC Worker Other (ms): Min: 0.0, Avg: 0.1, Max: 0.1, Diff: 0.1, Sum: 0.5]
      [GC Worker Total (ms): Min: 8.5, Avg: 8.6, Max: 8.8, Diff: 0.2, Sum: 69.2]
      [GC Worker End (ms): Min: 590077435.8, Avg: 590077435.9, Max: 590077435.9, Diff: 0.1]
   [Code Root Fixup: 0.0 ms]
   [Code Root Purge: 0.0 ms]
   [Clear CT: 0.7 ms]
   [Other: 4.3 ms]
      [Choose CSet: 0.0 ms]
      [Ref Proc: 3.7 ms]
      [Ref Enq: 0.1 ms]
      [Redirty Cards: 0.1 ms]
      [Humongous Register: 0.1 ms]
      [Humongous Reclaim: 0.0 ms]
      [Free CSet: 0.2 ms]
   [Eden: 5712.0M(5712.0M)->0.0B(7152.0M) Survivors: 16384.0K->16384.0K Heap: 9320.9M(14336.0M)->3597.8M(14336.0M)]
 [Times: user=0.08 sys=0.00, real=0.02 secs] 
2022-07-28T17:07:03.669-0700: 590195.173: [GC pause (G1 Evacuation Pause) (young), 0.0113067 secs]
   [Parallel Time: 7.7 ms, GC Workers: 8]
      [GC Worker Start (ms): Min: 590195173.5, Avg: 590195173.6, Max: 590195173.6, Diff: 0.1]
      [Ext Root Scanning (ms): Min: 0.9, Avg: 1.5, Max: 4.9, Diff: 4.0, Sum: 12.2]
      [Update RS (ms): Min: 0.9, Avg: 4.1, Max: 5.2, Diff: 4.3, Sum: 32.6]
         [Processed Buffers: Min: 5, Avg: 13.2, Max: 17, Diff: 12, Sum: 106]
      [Scan RS (ms): Min: 0.0, Avg: 0.0, Max: 0.1, Diff: 0.1, Sum: 0.4]
      [Code Root Scanning (ms): Min: 0.0, Avg: 0.0, Max: 0.0, Diff: 0.0, Sum: 0.0]
      [Object Copy (ms): Min: 1.2, Avg: 1.7, Max: 1.9, Diff: 0.7, Sum: 13.6]
      [Termination (ms): Min: 0.0, Avg: 0.0, Max: 0.0, Diff: 0.0, Sum: 0.0]
         [Termination Attempts: Min: 11, Avg: 15.5, Max: 18, Diff: 7, Sum: 124]
      [GC Worker Other (ms): Min: 0.0, Avg: 0.0, Max: 0.1, Diff: 0.1, Sum: 0.3]
      [GC Worker Total (ms): Min: 7.3, Avg: 7.4, Max: 7.5, Diff: 0.1, Sum: 59.2]
      [GC Worker End (ms): Min: 590195180.9, Avg: 590195181.0, Max: 590195181.0, Diff: 0.1]
   [Code Root Fixup: 0.0 ms]
   [Code Root Purge: 0.0 ms]
   [Clear CT: 0.7 ms]
   [Other: 2.9 ms]
      [Choose CSet: 0.0 ms]
      [Ref Proc: 2.2 ms]
      [Ref Enq: 0.1 ms]
      [Redirty Cards: 0.1 ms]
      [Humongous Register: 0.1 ms]
      [Humongous Reclaim: 0.0 ms]
      [Free CSet: 0.3 ms]
   [Eden: 7152.0M(7152.0M)->0.0B(7152.0M) Survivors: 16384.0K->16384.0K Heap: 10749.8M(14336.0M)->3605.4M(14336.0M)]
 [Times: user=0.07 sys=0.00, real=0.01 secs] 
2022-07-28T17:08:59.269-0700: 590310.773: [GC pause (G1 Evacuation Pause) (young) (initial-mark), 0.0157782 secs]
   [Parallel Time: 11.4 ms, GC Workers: 8]
      [GC Worker Start (ms): Min: 590310775.6, Avg: 590310775.7, Max: 590310775.7, Diff: 0.1]
      [Ext Root Scanning (ms): Min: 5.0, Avg: 5.3, Max: 5.8, Diff: 0.8, Sum: 42.6]
      [Update RS (ms): Min: 1.2, Avg: 1.4, Max: 1.7, Diff: 0.5, Sum: 11.1]
         [Processed Buffers: Min: 2, Avg: 5.8, Max: 9, Diff: 7, Sum: 46]
      [Scan RS (ms): Min: 0.0, Avg: 0.0, Max: 0.1, Diff: 0.1, Sum: 0.4]
      [Code Root Scanning (ms): Min: 0.0, Avg: 0.0, Max: 0.0, Diff: 0.0, Sum: 0.0]
      [Object Copy (ms): Min: 2.0, Avg: 2.4, Max: 2.8, Diff: 0.7, Sum: 19.4]
      [Termination (ms): Min: 0.0, Avg: 0.0, Max: 0.0, Diff: 0.0, Sum: 0.1]
         [Termination Attempts: Min: 15, Avg: 21.4, Max: 29, Diff: 14, Sum: 171]
      [GC Worker Other (ms): Min: 0.0, Avg: 0.0, Max: 0.1, Diff: 0.1, Sum: 0.4]
      [GC Worker Total (ms): Min: 9.2, Avg: 9.2, Max: 9.3, Diff: 0.2, Sum: 73.9]
      [GC Worker End (ms): Min: 590310784.9, Avg: 590310784.9, Max: 590310784.9, Diff: 0.1]
   [Code Root Fixup: 0.0 ms]
   [Code Root Purge: 0.0 ms]
   [Clear CT: 0.7 ms]
   [Other: 3.7 ms]
      [Choose CSet: 0.0 ms]
      [Ref Proc: 3.0 ms]
      [Ref Enq: 0.1 ms]
      [Redirty Cards: 0.1 ms]
      [Humongous Register: 0.0 ms]
      [Humongous Reclaim: 0.0 ms]
      [Free CSet: 0.3 ms]
   [Eden: 7152.0M(7152.0M)->0.0B(7152.0M) Survivors: 16384.0K->16384.0K Heap: 10757.4M(14336.0M)->3609.6M(14336.0M)]
 [Times: user=0.08 sys=0.00, real=0.02 secs] 
2022-07-28T17:08:59.285-0700: 590310.789: [GC concurrent-root-region-scan-start]
2022-07-28T17:08:59.294-0700: 590310.799: [GC concurrent-root-region-scan-end, 0.0092279 secs]
2022-07-28T17:08:59.294-0700: 590310.799: [GC concurrent-mark-start]
2022-07-28T17:09:01.982-0700: 590313.486: [GC concurrent-mark-end, 2.6877193 secs]
2022-07-28T17:09:01.982-0700: 590313.487: [GC remark 2022-07-28T17:09:01.982-0700: 590313.487: [Finalize Marking, 0.0001639 secs] 2022-07-28T17:09:01.982-0700: 590313.487: [GC ref-proc, 0.0055463 secs] 2022-07-28T17:09:01.988-0700: 590313.492: [Unloading, 0.0272344 secs], 0.0386288 secs]
 [Times: user=0.25 sys=0.00, real=0.04 secs] 
2022-07-28T17:09:02.021-0700: 590313.526: [GC cleanup 3790M->3790M(14336M), 0.0088179 secs]
 [Times: user=0.06 sys=0.00, real=0.01 secs] 
2022-07-28T17:10:56.877-0700: 590428.382: [GC pause (G1 Evacuation Pause) (young), 0.0110054 secs]
   [Parallel Time: 5.6 ms, GC Workers: 8]
      [GC Worker Start (ms): Min: 590428381.7, Avg: 590428381.8, Max: 590428381.8, Diff: 0.1]
      [Ext Root Scanning (ms): Min: 1.0, Avg: 1.7, Max: 5.3, Diff: 4.3, Sum: 13.8]
      [Update RS (ms): Min: 0.0, Avg: 1.5, Max: 2.4, Diff: 2.4, Sum: 12.3]
         [Processed Buffers: Min: 0, Avg: 5.5, Max: 10, Diff: 10, Sum: 44]
      [Scan RS (ms): Min: 0.0, Avg: 0.0, Max: 0.1, Diff: 0.1, Sum: 0.4]
      [Code Root Scanning (ms): Min: 0.0, Avg: 0.0, Max: 0.0, Diff: 0.0, Sum: 0.0]
      [Object Copy (ms): Min: 0.0, Avg: 1.8, Max: 2.2, Diff: 2.2, Sum: 14.3]
      [Termination (ms): Min: 0.0, Avg: 0.2, Max: 0.2, Diff: 0.2, Sum: 1.5]
         [Termination Attempts: Min: 1, Avg: 4.0, Max: 8, Diff: 7, Sum: 32]
      [GC Worker Other (ms): Min: 0.0, Avg: 0.1, Max: 0.2, Diff: 0.2, Sum: 0.5]
      [GC Worker Total (ms): Min: 5.3, Avg: 5.4, Max: 5.5, Diff: 0.2, Sum: 42.9]
      [GC Worker End (ms): Min: 590428387.1, Avg: 590428387.1, Max: 590428387.2, Diff: 0.2]
   [Code Root Fixup: 0.0 ms]
   [Code Root Purge: 0.0 ms]
   [Clear CT: 0.6 ms]
   [Other: 4.7 ms]
      [Choose CSet: 0.0 ms]
      [Ref Proc: 4.0 ms]
      [Ref Enq: 0.1 ms]
      [Redirty Cards: 0.1 ms]
      [Humongous Register: 0.1 ms]
      [Humongous Reclaim: 0.0 ms]
      [Free CSet: 0.3 ms]
   [Eden: 7152.0M(7152.0M)->0.0B(5712.0M) Survivors: 16384.0K->16384.0K Heap: 10761.6M(14336.0M)->3607.4M(14336.0M)]
 [Times: user=0.06 sys=0.00, real=0.01 secs] 
2022-07-28T17:12:31.616-0700: 590523.120: [GC pause (G1 Evacuation Pause) (mixed), 0.0119394 secs]
   [Parallel Time: 9.2 ms, GC Workers: 8]
      [GC Worker Start (ms): Min: 590523120.4, Avg: 590523120.5, Max: 590523120.6, Diff: 0.1]
      [Ext Root Scanning (ms): Min: 1.5, Avg: 2.4, Max: 7.3, Diff: 5.8, Sum: 19.5]
      [Update RS (ms): Min: 0.0, Avg: 1.8, Max: 2.7, Diff: 2.7, Sum: 14.3]
         [Processed Buffers: Min: 0, Avg: 5.5, Max: 14, Diff: 14, Sum: 44]
      [Scan RS (ms): Min: 0.0, Avg: 0.6, Max: 0.9, Diff: 0.9, Sum: 5.2]
      [Code Root Scanning (ms): Min: 0.0, Avg: 0.0, Max: 0.1, Diff: 0.1, Sum: 0.1]
      [Object Copy (ms): Min: 1.7, Avg: 4.1, Max: 4.6, Diff: 2.9, Sum: 33.0]
      [Termination (ms): Min: 0.0, Avg: 0.0, Max: 0.0, Diff: 0.0, Sum: 0.0]
         [Termination Attempts: Min: 1, Avg: 4.9, Max: 11, Diff: 10, Sum: 39]
      [GC Worker Other (ms): Min: 0.0, Avg: 0.1, Max: 0.1, Diff: 0.1, Sum: 0.5]
      [GC Worker Total (ms): Min: 9.0, Avg: 9.1, Max: 9.2, Diff: 0.1, Sum: 72.6]
      [GC Worker End (ms): Min: 590523129.5, Avg: 590523129.6, Max: 590523129.6, Diff: 0.1]
   [Code Root Fixup: 0.0 ms]
   [Code Root Purge: 0.0 ms]
   [Clear CT: 0.7 ms]
   [Other: 2.0 ms]
      [Choose CSet: 0.0 ms]
      [Ref Proc: 1.4 ms]
      [Ref Enq: 0.1 ms]
      [Redirty Cards: 0.0 ms]
      [Humongous Register: 0.1 ms]
      [Humongous Reclaim: 0.0 ms]
      [Free CSet: 0.2 ms]
   [Eden: 5712.0M(5712.0M)->0.0B(7152.0M) Survivors: 16384.0K->16384.0K Heap: 9319.4M(14336.0M)->3597.9M(14336.0M)]
 [Times: user=0.08 sys=0.00, real=0.01 secs] 
2022-07-28T17:14:28.376-0700: 590639.881: [GC pause (G1 Evacuation Pause) (young), 0.0124630 secs]
   [Parallel Time: 7.4 ms, GC Workers: 8]
      [GC Worker Start (ms): Min: 590639881.3, Avg: 590639881.4, Max: 590639881.4, Diff: 0.1]
      [Ext Root Scanning (ms): Min: 0.9, Avg: 1.6, Max: 5.3, Diff: 4.4, Sum: 13.1]
      [Update RS (ms): Min: 0.0, Avg: 3.4, Max: 4.4, Diff: 4.4, Sum: 27.1]
         [Processed Buffers: Min: 0, Avg: 11.6, Max: 19, Diff: 19, Sum: 93]
      [Scan RS (ms): Min: 0.0, Avg: 0.0, Max: 0.1, Diff: 0.1, Sum: 0.4]
      [Code Root Scanning (ms): Min: 0.0, Avg: 0.0, Max: 0.0, Diff: 0.0, Sum: 0.0]
      [Object Copy (ms): Min: 1.7, Avg: 2.1, Max: 2.3, Diff: 0.5, Sum: 16.5]
      [Termination (ms): Min: 0.0, Avg: 0.0, Max: 0.0, Diff: 0.0, Sum: 0.2]
         [Termination Attempts: Min: 26, Avg: 40.8, Max: 51, Diff: 25, Sum: 326]
      [GC Worker Other (ms): Min: 0.0, Avg: 0.1, Max: 0.1, Diff: 0.1, Sum: 0.4]
      [GC Worker Total (ms): Min: 7.2, Avg: 7.2, Max: 7.3, Diff: 0.1, Sum: 57.7]
      [GC Worker End (ms): Min: 590639888.5, Avg: 590639888.6, Max: 590639888.6, Diff: 0.1]
   [Code Root Fixup: 0.0 ms]
   [Code Root Purge: 0.0 ms]
   [Clear CT: 0.8 ms]
   [Other: 4.3 ms]
      [Choose CSet: 0.0 ms]
      [Ref Proc: 3.6 ms]
      [Ref Enq: 0.1 ms]
      [Redirty Cards: 0.1 ms]
      [Humongous Register: 0.1 ms]
      [Humongous Reclaim: 0.0 ms]
      [Free CSet: 0.3 ms]
   [Eden: 7152.0M(7152.0M)->0.0B(7152.0M) Survivors: 16384.0K->16384.0K Heap: 10749.9M(14336.0M)->3606.6M(14336.0M)]
 [Times: user=0.08 sys=0.00, real=0.01 secs] 
2022-07-28T17:16:24.822-0700: 590756.326: [GC pause (G1 Evacuation Pause) (young) (initial-mark), 0.0167484 secs]
   [Parallel Time: 11.8 ms, GC Workers: 8]
      [GC Worker Start (ms): Min: 590756328.6, Avg: 590756328.7, Max: 590756328.8, Diff: 0.1]
      [Ext Root Scanning (ms): Min: 5.2, Avg: 5.6, Max: 6.0, Diff: 0.9, Sum: 44.5]
      [Update RS (ms): Min: 1.4, Avg: 1.5, Max: 1.9, Diff: 0.5, Sum: 12.4]
         [Processed Buffers: Min: 3, Avg: 5.1, Max: 9, Diff: 6, Sum: 41]
      [Scan RS (ms): Min: 0.0, Avg: 0.0, Max: 0.1, Diff: 0.1, Sum: 0.4]
      [Code Root Scanning (ms): Min: 0.0, Avg: 0.0, Max: 0.0, Diff: 0.0, Sum: 0.0]
      [Object Copy (ms): Min: 1.4, Avg: 2.2, Max: 2.6, Diff: 1.2, Sum: 17.5]
      [Termination (ms): Min: 0.0, Avg: 0.0, Max: 0.0, Diff: 0.0, Sum: 0.0]
         [Termination Attempts: Min: 1, Avg: 1.8, Max: 2, Diff: 1, Sum: 14]
      [GC Worker Other (ms): Min: 0.0, Avg: 0.0, Max: 0.1, Diff: 0.1, Sum: 0.3]
      [GC Worker Total (ms): Min: 9.3, Avg: 9.4, Max: 9.5, Diff: 0.2, Sum: 75.1]
      [GC Worker End (ms): Min: 590756338.1, Avg: 590756338.1, Max: 590756338.1, Diff: 0.0]
   [Code Root Fixup: 0.0 ms]
   [Code Root Purge: 0.0 ms]
   [Clear CT: 0.8 ms]
   [Other: 4.2 ms]
      [Choose CSet: 0.0 ms]
      [Ref Proc: 3.4 ms]
      [Ref Enq: 0.1 ms]
      [Redirty Cards: 0.1 ms]
      [Humongous Register: 0.0 ms]
      [Humongous Reclaim: 0.0 ms]
      [Free CSet: 0.3 ms]
   [Eden: 7152.0M(7152.0M)->0.0B(7152.0M) Survivors: 16384.0K->16384.0K Heap: 10758.6M(14336.0M)->3604.5M(14336.0M)]
 [Times: user=0.08 sys=0.00, real=0.02 secs] 
2022-07-28T17:16:24.839-0700: 590756.343: [GC concurrent-root-region-scan-start]
2022-07-28T17:16:24.851-0700: 590756.356: [GC concurrent-root-region-scan-end, 0.0129269 secs]
2022-07-28T17:16:24.851-0700: 590756.356: [GC concurrent-mark-start]
2022-07-28T17:16:27.523-0700: 590759.028: [GC concurrent-mark-end, 2.6718962 secs]
2022-07-28T17:16:27.524-0700: 590759.028: [GC remark 2022-07-28T17:16:27.524-0700: 590759.028: [Finalize Marking, 0.0003447 secs] 2022-07-28T17:16:27.524-0700: 590759.029: [GC ref-proc, 0.0066814 secs] 2022-07-28T17:16:27.531-0700: 590759.035: [Unloading, 0.0284702 secs], 0.0413055 secs]
 [Times: user=0.25 sys=0.00, real=0.04 secs] 
2022-07-28T17:16:27.565-0700: 590759.070: [GC cleanup 3761M->3761M(14336M), 0.0083106 secs]
 [Times: user=0.06 sys=0.00, real=0.00 secs] 
2022-07-28T17:18:23.474-0700: 590874.979: [GC pause (G1 Evacuation Pause) (young), 0.0107954 secs]
   [Parallel Time: 5.6 ms, GC Workers: 8]
      [GC Worker Start (ms): Min: 590874978.8, Avg: 590874978.9, Max: 590874979.0, Diff: 0.2]
      [Ext Root Scanning (ms): Min: 1.1, Avg: 1.8, Max: 5.3, Diff: 4.3, Sum: 14.4]
      [Update RS (ms): Min: 0.0, Avg: 1.5, Max: 2.3, Diff: 2.3, Sum: 12.3]
         [Processed Buffers: Min: 0, Avg: 5.9, Max: 11, Diff: 11, Sum: 47]
      [Scan RS (ms): Min: 0.0, Avg: 0.1, Max: 0.1, Diff: 0.1, Sum: 0.4]
      [Code Root Scanning (ms): Min: 0.0, Avg: 0.0, Max: 0.0, Diff: 0.0, Sum: 0.0]
      [Object Copy (ms): Min: 0.0, Avg: 1.9, Max: 2.3, Diff: 2.3, Sum: 15.0]
      [Termination (ms): Min: 0.0, Avg: 0.0, Max: 0.0, Diff: 0.0, Sum: 0.0]
         [Termination Attempts: Min: 4, Avg: 9.0, Max: 17, Diff: 13, Sum: 72]
      [GC Worker Other (ms): Min: 0.0, Avg: 0.1, Max: 0.1, Diff: 0.1, Sum: 0.6]
      [GC Worker Total (ms): Min: 5.2, Avg: 5.3, Max: 5.4, Diff: 0.2, Sum: 42.8]
      [GC Worker End (ms): Min: 590874984.2, Avg: 590874984.3, Max: 590874984.4, Diff: 0.1]
   [Code Root Fixup: 0.0 ms]
   [Code Root Purge: 0.0 ms]
   [Clear CT: 0.8 ms]
   [Other: 4.4 ms]
      [Choose CSet: 0.0 ms]
      [Ref Proc: 3.4 ms]
      [Ref Enq: 0.2 ms]
      [Redirty Cards: 0.3 ms]
      [Humongous Register: 0.1 ms]
      [Humongous Reclaim: 0.0 ms]
      [Free CSet: 0.3 ms]
   [Eden: 7152.0M(7152.0M)->0.0B(5712.0M) Survivors: 16384.0K->16384.0K Heap: 10756.5M(14336.0M)->3608.7M(14336.0M)]
 [Times: user=0.05 sys=0.00, real=0.02 secs] 
2022-07-28T17:19:58.319-0700: 590969.824: [GC pause (G1 Evacuation Pause) (mixed), 0.0139176 secs]
   [Parallel Time: 9.6 ms, GC Workers: 8]
      [GC Worker Start (ms): Min: 590969824.2, Avg: 590969824.3, Max: 590969824.4, Diff: 0.2]
      [Ext Root Scanning (ms): Min: 1.3, Avg: 2.4, Max: 6.3, Diff: 5.1, Sum: 18.9]
      [Update RS (ms): Min: 0.0, Avg: 2.2, Max: 7.4, Diff: 7.4, Sum: 17.5]
         [Processed Buffers: Min: 0, Avg: 5.0, Max: 11, Diff: 11, Sum: 40]
      [Scan RS (ms): Min: 0.0, Avg: 0.6, Max: 1.0, Diff: 0.9, Sum: 4.7]
      [Code Root Scanning (ms): Min: 0.0, Avg: 0.0, Max: 0.1, Diff: 0.1, Sum: 0.1]
      [Object Copy (ms): Min: 0.5, Avg: 4.0, Max: 5.1, Diff: 4.5, Sum: 32.2]
      [Termination (ms): Min: 0.0, Avg: 0.1, Max: 0.2, Diff: 0.2, Sum: 1.1]
         [Termination Attempts: Min: 1, Avg: 7.0, Max: 13, Diff: 12, Sum: 56]
      [GC Worker Other (ms): Min: 0.0, Avg: 0.0, Max: 0.0, Diff: 0.0, Sum: 0.2]
      [GC Worker Total (ms): Min: 9.2, Avg: 9.3, Max: 9.4, Diff: 0.2, Sum: 74.6]
      [GC Worker End (ms): Min: 590969833.6, Avg: 590969833.6, Max: 590969833.6, Diff: 0.0]
   [Code Root Fixup: 0.0 ms]
   [Code Root Purge: 0.0 ms]
   [Clear CT: 0.7 ms]
   [Other: 3.6 ms]
      [Choose CSet: 0.0 ms]
      [Ref Proc: 2.9 ms]
      [Ref Enq: 0.1 ms]
      [Redirty Cards: 0.1 ms]
      [Humongous Register: 0.1 ms]
      [Humongous Reclaim: 0.0 ms]
      [Free CSet: 0.2 ms]
   [Eden: 5712.0M(5712.0M)->0.0B(7152.0M) Survivors: 16384.0K->16384.0K Heap: 9320.7M(14336.0M)->3596.7M(14336.0M)]
 [Times: user=0.08 sys=0.00, real=0.01 secs] 
2022-07-28T17:21:56.616-0700: 591088.121: [GC pause (G1 Evacuation Pause) (young), 0.0119598 secs]
   [Parallel Time: 8.4 ms, GC Workers: 8]
      [GC Worker Start (ms): Min: 591088120.7, Avg: 591088120.8, Max: 591088120.9, Diff: 0.1]
      [Ext Root Scanning (ms): Min: 1.3, Avg: 2.0, Max: 5.3, Diff: 4.0, Sum: 16.2]
      [Update RS (ms): Min: 1.3, Avg: 4.3, Max: 5.4, Diff: 4.1, Sum: 34.3]
         [Processed Buffers: Min: 4, Avg: 11.5, Max: 19, Diff: 15, Sum: 92]
      [Scan RS (ms): Min: 0.0, Avg: 0.1, Max: 0.1, Diff: 0.1, Sum: 0.5]
      [Code Root Scanning (ms): Min: 0.0, Avg: 0.0, Max: 0.0, Diff: 0.0, Sum: 0.0]
      [Object Copy (ms): Min: 1.3, Avg: 1.7, Max: 1.9, Diff: 0.6, Sum: 13.6]
      [Termination (ms): Min: 0.0, Avg: 0.0, Max: 0.0, Diff: 0.0, Sum: 0.1]
         [Termination Attempts: Min: 17, Avg: 27.8, Max: 36, Diff: 19, Sum: 222]
      [GC Worker Other (ms): Min: 0.0, Avg: 0.0, Max: 0.1, Diff: 0.1, Sum: 0.3]
      [GC Worker Total (ms): Min: 8.1, Avg: 8.1, Max: 8.2, Diff: 0.1, Sum: 65.1]
      [GC Worker End (ms): Min: 591088128.9, Avg: 591088128.9, Max: 591088129.0, Diff: 0.1]
   [Code Root Fixup: 0.0 ms]
   [Code Root Purge: 0.0 ms]
   [Clear CT: 0.7 ms]
   [Other: 2.8 ms]
      [Choose CSet: 0.0 ms]
      [Ref Proc: 2.2 ms]
      [Ref Enq: 0.1 ms]
      [Redirty Cards: 0.1 ms]
      [Humongous Register: 0.1 ms]
      [Humongous Reclaim: 0.0 ms]
      [Free CSet: 0.3 ms]
   [Eden: 7152.0M(7152.0M)->0.0B(7152.0M) Survivors: 16384.0K->16384.0K Heap: 10748.7M(14336.0M)->3602.7M(14336.0M)]
 [Times: user=0.07 sys=0.00, real=0.01 secs] 
2022-07-28T17:23:54.921-0700: 591206.425: [GC pause (G1 Evacuation Pause) (young) (initial-mark), 0.0168714 secs]
   [Parallel Time: 12.0 ms, GC Workers: 8]
      [GC Worker Start (ms): Min: 591206427.5, Avg: 591206427.5, Max: 591206427.6, Diff: 0.2]
      [Ext Root Scanning (ms): Min: 5.6, Avg: 5.9, Max: 6.4, Diff: 0.8, Sum: 47.4]
      [Update RS (ms): Min: 1.5, Avg: 1.7, Max: 2.2, Diff: 0.7, Sum: 13.3]
         [Processed Buffers: Min: 3, Avg: 5.2, Max: 8, Diff: 5, Sum: 42]
      [Scan RS (ms): Min: 0.0, Avg: 0.0, Max: 0.1, Diff: 0.1, Sum: 0.4]
      [Code Root Scanning (ms): Min: 0.0, Avg: 0.0, Max: 0.0, Diff: 0.0, Sum: 0.0]
      [Object Copy (ms): Min: 1.4, Avg: 2.2, Max: 2.6, Diff: 1.2, Sum: 17.6]
      [Termination (ms): Min: 0.0, Avg: 0.0, Max: 0.0, Diff: 0.0, Sum: 0.0]
         [Termination Attempts: Min: 1, Avg: 5.1, Max: 8, Diff: 7, Sum: 41]
      [GC Worker Other (ms): Min: 0.0, Avg: 0.1, Max: 0.1, Diff: 0.1, Sum: 0.6]
      [GC Worker Total (ms): Min: 9.8, Avg: 9.9, Max: 10.0, Diff: 0.2, Sum: 79.3]
      [GC Worker End (ms): Min: 591206437.4, Avg: 591206437.4, Max: 591206437.5, Diff: 0.1]
   [Code Root Fixup: 0.0 ms]
   [Code Root Purge: 0.0 ms]
   [Clear CT: 0.7 ms]
   [Other: 4.1 ms]
      [Choose CSet: 0.0 ms]
      [Ref Proc: 3.4 ms]
      [Ref Enq: 0.1 ms]
      [Redirty Cards: 0.1 ms]
      [Humongous Register: 0.0 ms]
      [Humongous Reclaim: 0.0 ms]
      [Free CSet: 0.3 ms]
   [Eden: 7152.0M(7152.0M)->0.0B(7152.0M) Survivors: 16384.0K->16384.0K Heap: 10754.7M(14336.0M)->3605.6M(14336.0M)]
 [Times: user=0.09 sys=0.00, real=0.02 secs] 
2022-07-28T17:23:54.938-0700: 591206.442: [GC concurrent-root-region-scan-start]
2022-07-28T17:23:54.947-0700: 591206.452: [GC concurrent-root-region-scan-end, 0.0093827 secs]
2022-07-28T17:23:54.947-0700: 591206.452: [GC concurrent-mark-start]
2022-07-28T17:23:57.589-0700: 591209.094: [GC concurrent-mark-end, 2.6419866 secs]
2022-07-28T17:23:57.590-0700: 591209.094: [GC remark 2022-07-28T17:23:57.590-0700: 591209.094: [Finalize Marking, 0.0003666 secs] 2022-07-28T17:23:57.590-0700: 591209.095: [GC ref-proc, 0.0075410 secs] 2022-07-28T17:23:57.598-0700: 591209.102: [Unloading, 0.0277573 secs], 0.0414476 secs]
 [Times: user=0.26 sys=0.00, real=0.04 secs] 
2022-07-28T17:23:57.631-0700: 591209.136: [GC cleanup 3781M->3781M(14336M), 0.0088866 secs]
 [Times: user=0.06 sys=0.00, real=0.01 secs] 
2022-07-28T17:25:52.914-0700: 591324.418: [GC pause (G1 Evacuation Pause) (young), 0.0095554 secs]
   [Parallel Time: 6.7 ms, GC Workers: 8]
      [GC Worker Start (ms): Min: 591324418.5, Avg: 591324418.6, Max: 591324418.6, Diff: 0.1]
      [Ext Root Scanning (ms): Min: 1.5, Avg: 2.3, Max: 6.3, Diff: 4.9, Sum: 18.5]
      [Update RS (ms): Min: 0.0, Avg: 2.0, Max: 3.1, Diff: 3.1, Sum: 15.7]
         [Processed Buffers: Min: 0, Avg: 4.8, Max: 11, Diff: 11, Sum: 38]
      [Scan RS (ms): Min: 0.0, Avg: 0.1, Max: 0.1, Diff: 0.1, Sum: 0.6]
      [Code Root Scanning (ms): Min: 0.0, Avg: 0.0, Max: 0.0, Diff: 0.0, Sum: 0.0]
      [Object Copy (ms): Min: 0.1, Avg: 2.1, Max: 2.6, Diff: 2.5, Sum: 16.6]
      [Termination (ms): Min: 0.0, Avg: 0.0, Max: 0.0, Diff: 0.0, Sum: 0.0]
         [Termination Attempts: Min: 1, Avg: 5.5, Max: 9, Diff: 8, Sum: 44]
      [GC Worker Other (ms): Min: 0.0, Avg: 0.0, Max: 0.1, Diff: 0.1, Sum: 0.4]
      [GC Worker Total (ms): Min: 6.4, Avg: 6.5, Max: 6.5, Diff: 0.1, Sum: 51.9]
      [GC Worker End (ms): Min: 591324425.0, Avg: 591324425.0, Max: 591324425.1, Diff: 0.1]
   [Code Root Fixup: 0.0 ms]
   [Code Root Purge: 0.0 ms]
   [Clear CT: 0.7 ms]
   [Other: 2.2 ms]
      [Choose CSet: 0.0 ms]
      [Ref Proc: 1.5 ms]
      [Ref Enq: 0.1 ms]
      [Redirty Cards: 0.1 ms]
      [Humongous Register: 0.1 ms]
      [Humongous Reclaim: 0.0 ms]
      [Free CSet: 0.3 ms]
   [Eden: 7152.0M(7152.0M)->0.0B(5712.0M) Survivors: 16384.0K->16384.0K Heap: 10757.6M(14336.0M)->3604.8M(14336.0M)]
 [Times: user=0.06 sys=0.00, real=0.02 secs] 
2022-07-28T17:27:25.704-0700: 591417.209: [GC pause (G1 Evacuation Pause) (mixed), 0.0157721 secs]
   [Parallel Time: 11.1 ms, GC Workers: 8]
      [GC Worker Start (ms): Min: 591417209.3, Avg: 591417209.3, Max: 591417209.4, Diff: 0.1]
      [Ext Root Scanning (ms): Min: 1.5, Avg: 2.4, Max: 6.9, Diff: 5.4, Sum: 18.9]
      [Update RS (ms): Min: 0.0, Avg: 2.0, Max: 3.1, Diff: 3.1, Sum: 16.2]
         [Processed Buffers: Min: 0, Avg: 5.6, Max: 11, Diff: 11, Sum: 45]
      [Scan RS (ms): Min: 0.0, Avg: 0.9, Max: 1.3, Diff: 1.3, Sum: 7.0]
      [Code Root Scanning (ms): Min: 0.0, Avg: 0.0, Max: 0.1, Diff: 0.1, Sum: 0.1]
      [Object Copy (ms): Min: 3.8, Avg: 5.4, Max: 5.8, Diff: 1.9, Sum: 43.2]
      [Termination (ms): Min: 0.0, Avg: 0.0, Max: 0.0, Diff: 0.0, Sum: 0.0]
         [Termination Attempts: Min: 12, Avg: 16.4, Max: 19, Diff: 7, Sum: 131]
      [GC Worker Other (ms): Min: 0.0, Avg: 0.1, Max: 0.1, Diff: 0.1, Sum: 0.6]
      [GC Worker Total (ms): Min: 10.6, Avg: 10.8, Max: 10.9, Diff: 0.2, Sum: 86.1]
      [GC Worker End (ms): Min: 591417220.1, Avg: 591417220.1, Max: 591417220.2, Diff: 0.1]
   [Code Root Fixup: 0.0 ms]
   [Code Root Purge: 0.0 ms]
   [Clear CT: 0.7 ms]
   [Other: 4.0 ms]
      [Choose CSet: 0.0 ms]
      [Ref Proc: 3.4 ms]
      [Ref Enq: 0.1 ms]
      [Redirty Cards: 0.1 ms]
      [Humongous Register: 0.1 ms]
      [Humongous Reclaim: 0.0 ms]
      [Free CSet: 0.2 ms]
   [Eden: 5712.0M(5712.0M)->0.0B(7152.0M) Survivors: 16384.0K->16384.0K Heap: 9316.8M(14336.0M)->3597.5M(14336.0M)]
 [Times: user=0.10 sys=0.00, real=0.01 secs] 
2022-07-28T17:29:20.561-0700: 591532.065: [GC pause (G1 Evacuation Pause) (young), 0.0146881 secs]
   [Parallel Time: 9.8 ms, GC Workers: 8]
      [GC Worker Start (ms): Min: 591532065.5, Avg: 591532065.6, Max: 591532065.7, Diff: 0.2]
      [Ext Root Scanning (ms): Min: 1.5, Avg: 2.3, Max: 6.2, Diff: 4.7, Sum: 18.5]
      [Update RS (ms): Min: 1.3, Avg: 4.8, Max: 6.0, Diff: 4.7, Sum: 38.6]
         [Processed Buffers: Min: 10, Avg: 12.6, Max: 15, Diff: 5, Sum: 101]
      [Scan RS (ms): Min: 0.0, Avg: 0.1, Max: 0.1, Diff: 0.1, Sum: 0.4]
      [Code Root Scanning (ms): Min: 0.0, Avg: 0.0, Max: 0.0, Diff: 0.0, Sum: 0.0]
      [Object Copy (ms): Min: 1.9, Avg: 2.3, Max: 2.6, Diff: 0.7, Sum: 18.5]
      [Termination (ms): Min: 0.0, Avg: 0.0, Max: 0.0, Diff: 0.0, Sum: 0.0]
         [Termination Attempts: Min: 1, Avg: 9.8, Max: 13, Diff: 12, Sum: 78]
      [GC Worker Other (ms): Min: 0.0, Avg: 0.1, Max: 0.1, Diff: 0.1, Sum: 0.5]
      [GC Worker Total (ms): Min: 9.4, Avg: 9.6, Max: 9.7, Diff: 0.2, Sum: 76.5]
      [GC Worker End (ms): Min: 591532075.2, Avg: 591532075.2, Max: 591532075.2, Diff: 0.1]
   [Code Root Fixup: 0.0 ms]
   [Code Root Purge: 0.0 ms]
   [Clear CT: 0.7 ms]
   [Other: 4.1 ms]
      [Choose CSet: 0.0 ms]
      [Ref Proc: 3.5 ms]
      [Ref Enq: 0.1 ms]
      [Redirty Cards: 0.1 ms]
      [Humongous Register: 0.1 ms]
      [Humongous Reclaim: 0.0 ms]
      [Free CSet: 0.3 ms]
   [Eden: 7152.0M(7152.0M)->0.0B(7152.0M) Survivors: 16384.0K->16384.0K Heap: 10749.5M(14336.0M)->3606.6M(14336.0M)]
 [Times: user=0.09 sys=0.00, real=0.02 secs] 
2022-07-28T17:31:16.827-0700: 591648.332: [GC pause (G1 Evacuation Pause) (young) (initial-mark), 0.0164651 secs]
   [Parallel Time: 12.1 ms, GC Workers: 8]
      [GC Worker Start (ms): Min: 591648334.1, Avg: 591648334.2, Max: 591648334.3, Diff: 0.2]
      [Ext Root Scanning (ms): Min: 5.0, Avg: 5.4, Max: 5.9, Diff: 0.9, Sum: 43.3]
      [Update RS (ms): Min: 1.7, Avg: 1.9, Max: 2.7, Diff: 1.0, Sum: 15.2]
         [Processed Buffers: Min: 3, Avg: 5.5, Max: 8, Diff: 5, Sum: 44]
      [Scan RS (ms): Min: 0.0, Avg: 0.1, Max: 0.1, Diff: 0.1, Sum: 0.4]
      [Code Root Scanning (ms): Min: 0.0, Avg: 0.0, Max: 0.0, Diff: 0.0, Sum: 0.0]
      [Object Copy (ms): Min: 1.7, Avg: 2.3, Max: 2.8, Diff: 1.1, Sum: 18.4]
      [Termination (ms): Min: 0.0, Avg: 0.0, Max: 0.0, Diff: 0.0, Sum: 0.0]
         [Termination Attempts: Min: 4, Avg: 6.2, Max: 9, Diff: 5, Sum: 50]
      [GC Worker Other (ms): Min: 0.0, Avg: 0.1, Max: 0.1, Diff: 0.1, Sum: 0.5]
      [GC Worker Total (ms): Min: 9.7, Avg: 9.7, Max: 9.8, Diff: 0.2, Sum: 77.9]
      [GC Worker End (ms): Min: 591648343.9, Avg: 591648344.0, Max: 591648344.0, Diff: 0.1]
   [Code Root Fixup: 0.0 ms]
   [Code Root Purge: 0.0 ms]
   [Clear CT: 0.7 ms]
   [Other: 3.7 ms]
      [Choose CSet: 0.0 ms]
      [Ref Proc: 3.0 ms]
      [Ref Enq: 0.1 ms]
      [Redirty Cards: 0.1 ms]
      [Humongous Register: 0.0 ms]
      [Humongous Reclaim: 0.0 ms]
      [Free CSet: 0.3 ms]
   [Eden: 7152.0M(7152.0M)->0.0B(7152.0M) Survivors: 16384.0K->16384.0K Heap: 10758.6M(14336.0M)->3605.1M(14336.0M)]
 [Times: user=0.08 sys=0.00, real=0.02 secs] 
2022-07-28T17:31:16.844-0700: 591648.349: [GC concurrent-root-region-scan-start]
2022-07-28T17:31:16.856-0700: 591648.361: [GC concurrent-root-region-scan-end, 0.0123571 secs]
2022-07-28T17:31:16.856-0700: 591648.361: [GC concurrent-mark-start]
2022-07-28T17:31:19.534-0700: 591651.039: [GC concurrent-mark-end, 2.6777885 secs]
2022-07-28T17:31:19.534-0700: 591651.039: [GC remark 2022-07-28T17:31:19.534-0700: 591651.039: [Finalize Marking, 0.0002210 secs] 2022-07-28T17:31:19.535-0700: 591651.039: [GC ref-proc, 0.0098155 secs] 2022-07-28T17:31:19.544-0700: 591651.049: [Unloading, 0.0278302 secs], 0.0437119 secs]
 [Times: user=0.26 sys=0.00, real=0.05 secs] 
2022-07-28T17:31:19.578-0700: 591651.083: [GC cleanup 3826M->3826M(14336M), 0.0083641 secs]
 [Times: user=0.07 sys=0.00, real=0.01 secs] 
2022-07-28T17:33:13.162-0700: 591764.667: [GC pause (G1 Evacuation Pause) (young), 0.0105935 secs]
   [Parallel Time: 7.0 ms, GC Workers: 8]
      [GC Worker Start (ms): Min: 591764666.9, Avg: 591764666.9, Max: 591764667.0, Diff: 0.1]
      [Ext Root Scanning (ms): Min: 1.4, Avg: 2.2, Max: 5.8, Diff: 4.3, Sum: 17.7]
      [Update RS (ms): Min: 0.0, Avg: 2.1, Max: 2.9, Diff: 2.9, Sum: 17.1]
         [Processed Buffers: Min: 0, Avg: 5.9, Max: 17, Diff: 17, Sum: 47]
      [Scan RS (ms): Min: 0.0, Avg: 0.1, Max: 0.2, Diff: 0.1, Sum: 0.5]
      [Code Root Scanning (ms): Min: 0.0, Avg: 0.0, Max: 0.0, Diff: 0.0, Sum: 0.0]
      [Object Copy (ms): Min: 1.1, Avg: 2.4, Max: 2.9, Diff: 1.8, Sum: 19.6]
      [Termination (ms): Min: 0.0, Avg: 0.0, Max: 0.0, Diff: 0.0, Sum: 0.0]
         [Termination Attempts: Min: 1, Avg: 1.0, Max: 1, Diff: 0, Sum: 8]
      [GC Worker Other (ms): Min: 0.0, Avg: 0.1, Max: 0.1, Diff: 0.1, Sum: 0.4]
      [GC Worker Total (ms): Min: 6.8, Avg: 6.9, Max: 7.0, Diff: 0.2, Sum: 55.3]
      [GC Worker End (ms): Min: 591764673.8, Avg: 591764673.9, Max: 591764673.9, Diff: 0.1]
   [Code Root Fixup: 0.0 ms]
   [Code Root Purge: 0.0 ms]
   [Clear CT: 0.8 ms]
   [Other: 2.7 ms]
      [Choose CSet: 0.0 ms]
      [Ref Proc: 1.7 ms]
      [Ref Enq: 0.2 ms]
      [Redirty Cards: 0.3 ms]
      [Humongous Register: 0.1 ms]
      [Humongous Reclaim: 0.0 ms]
      [Free CSet: 0.3 ms]
   [Eden: 7152.0M(7152.0M)->0.0B(5712.0M) Survivors: 16384.0K->16384.0K Heap: 10757.1M(14336.0M)->3609.3M(14336.0M)]
 [Times: user=0.07 sys=0.00, real=0.01 secs] 
2022-07-28T17:34:47.913-0700: 591859.418: [GC pause (G1 Evacuation Pause) (mixed), 0.0134472 secs]
   [Parallel Time: 10.6 ms, GC Workers: 8]
      [GC Worker Start (ms): Min: 591859418.0, Avg: 591859418.0, Max: 591859418.1, Diff: 0.1]
      [Ext Root Scanning (ms): Min: 1.4, Avg: 2.3, Max: 6.6, Diff: 5.2, Sum: 18.2]
      [Update RS (ms): Min: 0.0, Avg: 1.9, Max: 3.0, Diff: 3.0, Sum: 15.1]
         [Processed Buffers: Min: 0, Avg: 5.1, Max: 14, Diff: 14, Sum: 41]
      [Scan RS (ms): Min: 0.0, Avg: 0.8, Max: 1.2, Diff: 1.2, Sum: 6.6]
      [Code Root Scanning (ms): Min: 0.0, Avg: 0.0, Max: 0.1, Diff: 0.1, Sum: 0.1]
      [Object Copy (ms): Min: 3.8, Avg: 5.4, Max: 5.8, Diff: 2.0, Sum: 43.4]
      [Termination (ms): Min: 0.0, Avg: 0.0, Max: 0.0, Diff: 0.0, Sum: 0.1]
         [Termination Attempts: Min: 27, Avg: 33.2, Max: 39, Diff: 12, Sum: 266]
      [GC Worker Other (ms): Min: 0.0, Avg: 0.0, Max: 0.1, Diff: 0.1, Sum: 0.4]
      [GC Worker Total (ms): Min: 10.4, Avg: 10.5, Max: 10.6, Diff: 0.1, Sum: 83.9]
      [GC Worker End (ms): Min: 591859428.5, Avg: 591859428.5, Max: 591859428.5, Diff: 0.1]
   [Code Root Fixup: 0.0 ms]
   [Code Root Purge: 0.0 ms]
   [Clear CT: 0.7 ms]
   [Other: 2.2 ms]
      [Choose CSet: 0.0 ms]
      [Ref Proc: 1.5 ms]
      [Ref Enq: 0.1 ms]
      [Redirty Cards: 0.1 ms]
      [Humongous Register: 0.1 ms]
      [Humongous Reclaim: 0.0 ms]
      [Free CSet: 0.2 ms]
   [Eden: 5712.0M(5712.0M)->0.0B(7152.0M) Survivors: 16384.0K->16384.0K Heap: 9321.3M(14336.0M)->3598.0M(14336.0M)]
 [Times: user=0.10 sys=0.00, real=0.02 secs] 
2022-07-28T17:36:44.126-0700: 591975.631: [GC pause (G1 Evacuation Pause) (young), 0.0123538 secs]
   [Parallel Time: 8.0 ms, GC Workers: 8]
      [GC Worker Start (ms): Min: 591975631.2, Avg: 591975631.3, Max: 591975631.4, Diff: 0.1]
      [Ext Root Scanning (ms): Min: 1.1, Avg: 1.8, Max: 5.3, Diff: 4.2, Sum: 14.6]
      [Update RS (ms): Min: 1.0, Avg: 4.1, Max: 5.2, Diff: 4.2, Sum: 33.2]
         [Processed Buffers: Min: 3, Avg: 12.9, Max: 19, Diff: 16, Sum: 103]
      [Scan RS (ms): Min: 0.0, Avg: 0.0, Max: 0.1, Diff: 0.1, Sum: 0.4]
      [Code Root Scanning (ms): Min: 0.0, Avg: 0.0, Max: 0.0, Diff: 0.0, Sum: 0.0]
      [Object Copy (ms): Min: 1.3, Avg: 1.7, Max: 1.9, Diff: 0.6, Sum: 13.4]
      [Termination (ms): Min: 0.0, Avg: 0.0, Max: 0.0, Diff: 0.0, Sum: 0.0]
         [Termination Attempts: Min: 1, Avg: 2.9, Max: 5, Diff: 4, Sum: 23]
      [GC Worker Other (ms): Min: 0.0, Avg: 0.1, Max: 0.1, Diff: 0.1, Sum: 0.4]
      [GC Worker Total (ms): Min: 7.7, Avg: 7.7, Max: 7.8, Diff: 0.1, Sum: 62.0]
      [GC Worker End (ms): Min: 591975639.0, Avg: 591975639.0, Max: 591975639.1, Diff: 0.1]
   [Code Root Fixup: 0.0 ms]
   [Code Root Purge: 0.0 ms]
   [Clear CT: 0.7 ms]
   [Other: 3.6 ms]
      [Choose CSet: 0.0 ms]
      [Ref Proc: 3.0 ms]
      [Ref Enq: 0.1 ms]
      [Redirty Cards: 0.1 ms]
      [Humongous Register: 0.1 ms]
      [Humongous Reclaim: 0.0 ms]
      [Free CSet: 0.3 ms]
   [Eden: 7152.0M(7152.0M)->0.0B(7152.0M) Survivors: 16384.0K->16384.0K Heap: 10750.0M(14336.0M)->3606.0M(14336.0M)]
 [Times: user=0.08 sys=0.00, real=0.01 secs] 
2022-07-28T17:38:42.616-0700: 592094.121: [GC pause (G1 Evacuation Pause) (young) (initial-mark), 0.0177772 secs]
   [Parallel Time: 12.4 ms, GC Workers: 8]
      [GC Worker Start (ms): Min: 592094122.6, Avg: 592094122.7, Max: 592094122.8, Diff: 0.1]
      [Ext Root Scanning (ms): Min: 5.6, Avg: 6.0, Max: 6.4, Diff: 0.9, Sum: 48.0]
      [Update RS (ms): Min: 1.4, Avg: 1.7, Max: 2.3, Diff: 0.9, Sum: 13.5]
         [Processed Buffers: Min: 3, Avg: 5.9, Max: 13, Diff: 10, Sum: 47]
      [Scan RS (ms): Min: 0.0, Avg: 0.1, Max: 0.1, Diff: 0.1, Sum: 0.4]
      [Code Root Scanning (ms): Min: 0.0, Avg: 0.0, Max: 0.0, Diff: 0.0, Sum: 0.0]
      [Object Copy (ms): Min: 1.5, Avg: 2.5, Max: 3.0, Diff: 1.5, Sum: 19.9]
      [Termination (ms): Min: 0.0, Avg: 0.0, Max: 0.0, Diff: 0.0, Sum: 0.0]
         [Termination Attempts: Min: 1, Avg: 3.5, Max: 5, Diff: 4, Sum: 28]
      [GC Worker Other (ms): Min: 0.0, Avg: 0.1, Max: 0.1, Diff: 0.1, Sum: 0.4]
      [GC Worker Total (ms): Min: 10.2, Avg: 10.3, Max: 10.4, Diff: 0.2, Sum: 82.3]
      [GC Worker End (ms): Min: 592094132.9, Avg: 592094133.0, Max: 592094133.0, Diff: 0.1]
   [Code Root Fixup: 0.0 ms]
   [Code Root Purge: 0.0 ms]
   [Clear CT: 0.8 ms]
   [Other: 4.6 ms]
      [Choose CSet: 0.0 ms]
      [Ref Proc: 3.9 ms]
      [Ref Enq: 0.1 ms]
      [Redirty Cards: 0.1 ms]
      [Humongous Register: 0.0 ms]
      [Humongous Reclaim: 0.0 ms]
      [Free CSet: 0.3 ms]
   [Eden: 7152.0M(7152.0M)->0.0B(7152.0M) Survivors: 16384.0K->16384.0K Heap: 10758.0M(14336.0M)->3608.3M(14336.0M)]
 [Times: user=0.09 sys=0.00, real=0.01 secs] 
2022-07-28T17:38:42.634-0700: 592094.138: [GC concurrent-root-region-scan-start]
2022-07-28T17:38:42.643-0700: 592094.148: [GC concurrent-root-region-scan-end, 0.0096867 secs]
2022-07-28T17:38:42.643-0700: 592094.148: [GC concurrent-mark-start]
2022-07-28T17:38:45.374-0700: 592096.878: [GC concurrent-mark-end, 2.7301422 secs]
2022-07-28T17:38:45.374-0700: 592096.879: [GC remark 2022-07-28T17:38:45.374-0700: 592096.879: [Finalize Marking, 0.0001449 secs] 2022-07-28T17:38:45.374-0700: 592096.879: [GC ref-proc, 0.0056160 secs] 2022-07-28T17:38:45.380-0700: 592096.884: [Unloading, 0.0272580 secs], 0.0387306 secs]
 [Times: user=0.25 sys=0.00, real=0.04 secs] 
2022-07-28T17:38:45.413-0700: 592096.918: [GC cleanup 3845M->3845M(14336M), 0.0083572 secs]
 [Times: user=0.06 sys=0.00, real=0.01 secs] 
2022-07-28T17:40:40.219-0700: 592211.724: [GC pause (G1 Evacuation Pause) (young), 0.0114459 secs]
   [Parallel Time: 5.7 ms, GC Workers: 8]
      [GC Worker Start (ms): Min: 592211724.3, Avg: 592211724.4, Max: 592211724.4, Diff: 0.1]
      [Ext Root Scanning (ms): Min: 1.2, Avg: 1.9, Max: 5.5, Diff: 4.3, Sum: 15.6]
      [Update RS (ms): Min: 0.0, Avg: 1.6, Max: 2.4, Diff: 2.4, Sum: 12.7]
         [Processed Buffers: Min: 0, Avg: 5.0, Max: 8, Diff: 8, Sum: 40]
      [Scan RS (ms): Min: 0.0, Avg: 0.1, Max: 0.1, Diff: 0.1, Sum: 0.5]
      [Code Root Scanning (ms): Min: 0.0, Avg: 0.0, Max: 0.0, Diff: 0.0, Sum: 0.0]
      [Object Copy (ms): Min: 0.0, Avg: 1.9, Max: 2.4, Diff: 2.3, Sum: 15.3]
      [Termination (ms): Min: 0.0, Avg: 0.0, Max: 0.0, Diff: 0.0, Sum: 0.0]
         [Termination Attempts: Min: 1, Avg: 1.8, Max: 3, Diff: 2, Sum: 14]
      [GC Worker Other (ms): Min: 0.0, Avg: 0.0, Max: 0.1, Diff: 0.1, Sum: 0.4]
      [GC Worker Total (ms): Min: 5.5, Avg: 5.6, Max: 5.6, Diff: 0.1, Sum: 44.4]
      [GC Worker End (ms): Min: 592211729.9, Avg: 592211729.9, Max: 592211729.9, Diff: 0.1]
   [Code Root Fixup: 0.0 ms]
   [Code Root Purge: 0.0 ms]
   [Clear CT: 0.7 ms]
   [Other: 5.0 ms]
      [Choose CSet: 0.0 ms]
      [Ref Proc: 4.3 ms]
      [Ref Enq: 0.1 ms]
      [Redirty Cards: 0.1 ms]
      [Humongous Register: 0.1 ms]
      [Humongous Reclaim: 0.0 ms]
      [Free CSet: 0.3 ms]
   [Eden: 7152.0M(7152.0M)->0.0B(5712.0M) Survivors: 16384.0K->16384.0K Heap: 10760.3M(14336.0M)->3608.5M(14336.0M)]
 [Times: user=0.05 sys=0.00, real=0.01 secs] 
2022-07-28T17:42:16.320-0700: 592307.825: [GC pause (G1 Evacuation Pause) (mixed), 0.0123790 secs]
   [Parallel Time: 8.9 ms, GC Workers: 8]
      [GC Worker Start (ms): Min: 592307825.0, Avg: 592307825.1, Max: 592307825.2, Diff: 0.2]
      [Ext Root Scanning (ms): Min: 1.3, Avg: 2.2, Max: 6.6, Diff: 5.3, Sum: 17.5]
      [Update RS (ms): Min: 0.0, Avg: 1.5, Max: 2.4, Diff: 2.4, Sum: 11.9]
         [Processed Buffers: Min: 0, Avg: 5.6, Max: 9, Diff: 9, Sum: 45]
      [Scan RS (ms): Min: 0.0, Avg: 0.6, Max: 0.9, Diff: 0.8, Sum: 4.8]
      [Code Root Scanning (ms): Min: 0.0, Avg: 0.0, Max: 0.0, Diff: 0.0, Sum: 0.1]
      [Object Copy (ms): Min: 1.9, Avg: 4.2, Max: 4.6, Diff: 2.7, Sum: 33.4]
      [Termination (ms): Min: 0.0, Avg: 0.0, Max: 0.0, Diff: 0.0, Sum: 0.0]
         [Termination Attempts: Min: 1, Avg: 8.9, Max: 16, Diff: 15, Sum: 71]
      [GC Worker Other (ms): Min: 0.0, Avg: 0.1, Max: 0.2, Diff: 0.1, Sum: 0.6]
      [GC Worker Total (ms): Min: 8.4, Avg: 8.5, Max: 8.7, Diff: 0.3, Sum: 68.3]
      [GC Worker End (ms): Min: 592307833.6, Avg: 592307833.6, Max: 592307833.7, Diff: 0.1]
   [Code Root Fixup: 0.0 ms]
   [Code Root Purge: 0.0 ms]
   [Clear CT: 0.7 ms]
   [Other: 2.8 ms]
      [Choose CSet: 0.0 ms]
      [Ref Proc: 2.2 ms]
      [Ref Enq: 0.1 ms]
      [Redirty Cards: 0.1 ms]
      [Humongous Register: 0.1 ms]
      [Humongous Reclaim: 0.0 ms]
      [Free CSet: 0.2 ms]
   [Eden: 5712.0M(5712.0M)->0.0B(7152.0M) Survivors: 16384.0K->16384.0K Heap: 9320.5M(14336.0M)->3598.5M(14336.0M)]
 [Times: user=0.08 sys=0.00, real=0.01 secs] 
2022-07-28T17:44:09.365-0700: 592420.870: [GC pause (G1 Evacuation Pause) (young), 0.0125331 secs]
   [Parallel Time: 9.8 ms, GC Workers: 8]
      [GC Worker Start (ms): Min: 592420869.7, Avg: 592420869.8, Max: 592420869.8, Diff: 0.1]
      [Ext Root Scanning (ms): Min: 1.3, Avg: 2.1, Max: 5.6, Diff: 4.2, Sum: 16.5]
      [Update RS (ms): Min: 1.9, Avg: 4.9, Max: 6.0, Diff: 4.1, Sum: 38.9]
         [Processed Buffers: Min: 6, Avg: 12.6, Max: 15, Diff: 9, Sum: 101]
      [Scan RS (ms): Min: 0.0, Avg: 0.1, Max: 0.1, Diff: 0.1, Sum: 0.4]
      [Code Root Scanning (ms): Min: 0.0, Avg: 0.0, Max: 0.0, Diff: 0.0, Sum: 0.0]
      [Object Copy (ms): Min: 2.2, Avg: 2.6, Max: 2.9, Diff: 0.8, Sum: 21.0]
      [Termination (ms): Min: 0.0, Avg: 0.0, Max: 0.0, Diff: 0.0, Sum: 0.0]
         [Termination Attempts: Min: 1, Avg: 5.5, Max: 9, Diff: 8, Sum: 44]
      [GC Worker Other (ms): Min: 0.0, Avg: 0.0, Max: 0.1, Diff: 0.0, Sum: 0.3]
      [GC Worker Total (ms): Min: 9.6, Avg: 9.7, Max: 9.7, Diff: 0.1, Sum: 77.2]
      [GC Worker End (ms): Min: 592420879.4, Avg: 592420879.4, Max: 592420879.4, Diff: 0.0]
   [Code Root Fixup: 0.0 ms]
   [Code Root Purge: 0.0 ms]
   [Clear CT: 0.7 ms]
   [Other: 2.0 ms]
      [Choose CSet: 0.0 ms]
      [Ref Proc: 1.4 ms]
      [Ref Enq: 0.1 ms]
      [Redirty Cards: 0.1 ms]
      [Humongous Register: 0.1 ms]
      [Humongous Reclaim: 0.0 ms]
      [Free CSet: 0.3 ms]
   [Eden: 7152.0M(7152.0M)->0.0B(7152.0M) Survivors: 16384.0K->16384.0K Heap: 10750.5M(14336.0M)->3607.6M(14336.0M)]
 [Times: user=0.09 sys=0.00, real=0.01 secs] 
2022-07-28T17:46:02.849-0700: 592534.354: [GC pause (G1 Evacuation Pause) (young) (initial-mark), 0.0212104 secs]
   [Parallel Time: 16.7 ms, GC Workers: 8]
      [GC Worker Start (ms): Min: 592534355.6, Avg: 592534355.7, Max: 592534355.7, Diff: 0.2]
      [Ext Root Scanning (ms): Min: 5.5, Avg: 5.7, Max: 5.9, Diff: 0.4, Sum: 45.7]
      [Update RS (ms): Min: 4.1, Avg: 4.2, Max: 4.3, Diff: 0.2, Sum: 33.5]
         [Processed Buffers: Min: 8, Avg: 10.2, Max: 15, Diff: 7, Sum: 82]
      [Scan RS (ms): Min: 0.0, Avg: 0.1, Max: 0.1, Diff: 0.1, Sum: 0.4]
      [Code Root Scanning (ms): Min: 0.0, Avg: 0.0, Max: 0.0, Diff: 0.0, Sum: 0.1]
      [Object Copy (ms): Min: 4.3, Avg: 4.5, Max: 4.7, Diff: 0.4, Sum: 35.9]
      [Termination (ms): Min: 0.0, Avg: 0.0, Max: 0.0, Diff: 0.0, Sum: 0.0]
         [Termination Attempts: Min: 1, Avg: 4.5, Max: 8, Diff: 7, Sum: 36]
      [GC Worker Other (ms): Min: 0.0, Avg: 0.1, Max: 0.2, Diff: 0.2, Sum: 0.8]
      [GC Worker Total (ms): Min: 14.4, Avg: 14.5, Max: 14.6, Diff: 0.2, Sum: 116.3]
      [GC Worker End (ms): Min: 592534370.1, Avg: 592534370.2, Max: 592534370.3, Diff: 0.2]
   [Code Root Fixup: 0.0 ms]
   [Code Root Purge: 0.0 ms]
   [Clear CT: 0.7 ms]
   [Other: 3.8 ms]
      [Choose CSet: 0.0 ms]
      [Ref Proc: 3.1 ms]
      [Ref Enq: 0.1 ms]
      [Redirty Cards: 0.1 ms]
      [Humongous Register: 0.0 ms]
      [Humongous Reclaim: 0.0 ms]
      [Free CSet: 0.3 ms]
   [Eden: 7152.0M(7152.0M)->0.0B(7152.0M) Survivors: 16384.0K->16384.0K Heap: 10759.6M(14336.0M)->3615.3M(14336.0M)]
 [Times: user=0.10 sys=0.01, real=0.02 secs] 
2022-07-28T17:46:02.870-0700: 592534.375: [GC concurrent-root-region-scan-start]
2022-07-28T17:46:02.887-0700: 592534.392: [GC concurrent-root-region-scan-end, 0.0169609 secs]
2022-07-28T17:46:02.887-0700: 592534.392: [GC concurrent-mark-start]
2022-07-28T17:46:05.563-0700: 592537.067: [GC concurrent-mark-end, 2.6753166 secs]
2022-07-28T17:46:05.563-0700: 592537.068: [GC remark 2022-07-28T17:46:05.563-0700: 592537.068: [Finalize Marking, 0.0003816 secs] 2022-07-28T17:46:05.563-0700: 592537.068: [GC ref-proc, 0.0091666 secs] 2022-07-28T17:46:05.572-0700: 592537.077: [Unloading, 0.0280181 secs], 0.0433825 secs]
 [Times: user=0.26 sys=0.00, real=0.04 secs] 
2022-07-28T17:46:05.607-0700: 592537.111: [GC cleanup 3815M->3815M(14336M), 0.0091124 secs]
 [Times: user=0.06 sys=0.00, real=0.01 secs] 
2022-07-28T17:47:39.562-0700: 592631.067: [GC pause (G1 Evacuation Pause) (young), 0.0508025 secs]
   [Parallel Time: 46.8 ms, GC Workers: 8]
      [GC Worker Start (ms): Min: 592631067.0, Avg: 592631067.1, Max: 592631067.2, Diff: 0.2]
      [Ext Root Scanning (ms): Min: 1.4, Avg: 2.3, Max: 6.3, Diff: 4.8, Sum: 18.1]
      [Update RS (ms): Min: 2.6, Avg: 6.2, Max: 7.1, Diff: 4.5, Sum: 49.3]
         [Processed Buffers: Min: 8, Avg: 15.2, Max: 20, Diff: 12, Sum: 122]
      [Scan RS (ms): Min: 0.0, Avg: 0.1, Max: 0.1, Diff: 0.1, Sum: 0.4]
      [Code Root Scanning (ms): Min: 0.0, Avg: 0.0, Max: 0.0, Diff: 0.0, Sum: 0.0]
      [Object Copy (ms): Min: 37.5, Avg: 37.9, Max: 38.1, Diff: 0.6, Sum: 303.0]
      [Termination (ms): Min: 0.0, Avg: 0.0, Max: 0.0, Diff: 0.0, Sum: 0.0]
         [Termination Attempts: Min: 1, Avg: 1.0, Max: 1, Diff: 0, Sum: 8]
      [GC Worker Other (ms): Min: 0.0, Avg: 0.1, Max: 0.1, Diff: 0.1, Sum: 0.5]
      [GC Worker Total (ms): Min: 46.3, Avg: 46.4, Max: 46.6, Diff: 0.3, Sum: 371.3]
      [GC Worker End (ms): Min: 592631113.5, Avg: 592631113.5, Max: 592631113.6, Diff: 0.1]
   [Code Root Fixup: 0.0 ms]
   [Code Root Purge: 0.0 ms]
   [Clear CT: 0.8 ms]
   [Other: 3.2 ms]
      [Choose CSet: 0.0 ms]
      [Ref Proc: 2.5 ms]
      [Ref Enq: 0.1 ms]
      [Redirty Cards: 0.1 ms]
      [Humongous Register: 0.1 ms]
      [Humongous Reclaim: 0.0 ms]
      [Free CSet: 0.3 ms]
   [Eden: 7152.0M(7152.0M)->0.0B(5552.0M) Survivors: 16384.0K->176.0M Heap: 10767.3M(14336.0M)->3770.8M(14336.0M)]
 [Times: user=0.38 sys=0.00, real=0.05 secs] 
2022-07-28T17:48:14.766-0700: 592666.271: [GC pause (G1 Evacuation Pause) (mixed), 0.0771507 secs]
   [Parallel Time: 73.8 ms, GC Workers: 8]
      [GC Worker Start (ms): Min: 592666270.7, Avg: 592666270.7, Max: 592666270.8, Diff: 0.1]
      [Ext Root Scanning (ms): Min: 1.1, Avg: 2.0, Max: 7.0, Diff: 5.9, Sum: 16.1]
      [Update RS (ms): Min: 2.8, Avg: 7.4, Max: 8.2, Diff: 5.4, Sum: 58.9]
         [Processed Buffers: Min: 5, Avg: 16.8, Max: 24, Diff: 19, Sum: 134]
      [Scan RS (ms): Min: 0.4, Avg: 0.6, Max: 0.7, Diff: 0.3, Sum: 5.0]
      [Code Root Scanning (ms): Min: 0.0, Avg: 0.0, Max: 0.1, Diff: 0.1, Sum: 0.1]
      [Object Copy (ms): Min: 63.3, Avg: 63.5, Max: 63.6, Diff: 0.4, Sum: 508.1]
      [Termination (ms): Min: 0.0, Avg: 0.0, Max: 0.0, Diff: 0.0, Sum: 0.0]
         [Termination Attempts: Min: 1, Avg: 6.8, Max: 13, Diff: 12, Sum: 54]
      [GC Worker Other (ms): Min: 0.0, Avg: 0.1, Max: 0.1, Diff: 0.1, Sum: 0.5]
      [GC Worker Total (ms): Min: 73.5, Avg: 73.6, Max: 73.7, Diff: 0.1, Sum: 588.7]
      [GC Worker End (ms): Min: 592666344.3, Avg: 592666344.3, Max: 592666344.4, Diff: 0.1]
   [Code Root Fixup: 0.0 ms]
   [Code Root Purge: 0.0 ms]
   [Clear CT: 0.7 ms]
   [Other: 2.7 ms]
      [Choose CSet: 0.0 ms]
      [Ref Proc: 2.0 ms]
      [Ref Enq: 0.1 ms]
      [Redirty Cards: 0.1 ms]
      [Humongous Register: 0.1 ms]
      [Humongous Reclaim: 0.0 ms]
      [Free CSet: 0.3 ms]
   [Eden: 5552.0M(5552.0M)->0.0B(6976.0M) Survivors: 176.0M->192.0M Heap: 9322.8M(14336.0M)->3845.4M(14336.0M)]
 [Times: user=0.60 sys=0.00, real=0.08 secs] 
2022-07-28T17:50:03.325-0700: 592774.830: [GC pause (G1 Evacuation Pause) (young), 0.0715709 secs]
   [Parallel Time: 66.8 ms, GC Workers: 8]
      [GC Worker Start (ms): Min: 592774830.0, Avg: 592774830.1, Max: 592774830.2, Diff: 0.1]
      [Ext Root Scanning (ms): Min: 1.2, Avg: 1.9, Max: 5.0, Diff: 3.8, Sum: 15.4]
      [Update RS (ms): Min: 8.9, Avg: 11.6, Max: 12.3, Diff: 3.4, Sum: 92.5]
         [Processed Buffers: Min: 25, Avg: 31.9, Max: 37, Diff: 12, Sum: 255]
      [Scan RS (ms): Min: 0.0, Avg: 0.1, Max: 0.1, Diff: 0.1, Sum: 0.4]
      [Code Root Scanning (ms): Min: 0.0, Avg: 0.0, Max: 0.0, Diff: 0.0, Sum: 0.0]
      [Object Copy (ms): Min: 52.4, Avg: 52.8, Max: 53.0, Diff: 0.6, Sum: 422.5]
      [Termination (ms): Min: 0.0, Avg: 0.0, Max: 0.0, Diff: 0.0, Sum: 0.0]
         [Termination Attempts: Min: 1, Avg: 15.8, Max: 25, Diff: 24, Sum: 126]
      [GC Worker Other (ms): Min: 0.0, Avg: 0.1, Max: 0.2, Diff: 0.1, Sum: 0.6]
      [GC Worker Total (ms): Min: 66.3, Avg: 66.4, Max: 66.5, Diff: 0.2, Sum: 531.4]
      [GC Worker End (ms): Min: 592774896.5, Avg: 592774896.5, Max: 592774896.6, Diff: 0.1]
   [Code Root Fixup: 0.0 ms]
   [Code Root Purge: 0.0 ms]
   [Clear CT: 0.8 ms]
   [Other: 4.0 ms]
      [Choose CSet: 0.0 ms]
      [Ref Proc: 3.2 ms]
      [Ref Enq: 0.1 ms]
      [Redirty Cards: 0.2 ms]
      [Humongous Register: 0.1 ms]
      [Humongous Reclaim: 0.0 ms]
      [Free CSet: 0.3 ms]
   [Eden: 6976.0M(6976.0M)->0.0B(7040.0M) Survivors: 192.0M->128.0M Heap: 10821.4M(14336.0M)->3992.0M(14336.0M)]
 [Times: user=0.55 sys=0.00, real=0.07 secs] 
2022-07-28T17:52:00.266-0700: 592891.770: [GC pause (G1 Evacuation Pause) (young) (initial-mark), 0.0348396 secs]
   [Parallel Time: 31.7 ms, GC Workers: 8]
      [GC Worker Start (ms): Min: 592891772.7, Avg: 592891772.8, Max: 592891772.8, Diff: 0.2]
      [Ext Root Scanning (ms): Min: 5.2, Avg: 5.6, Max: 6.0, Diff: 0.8, Sum: 44.7]
      [Update RS (ms): Min: 16.0, Avg: 16.2, Max: 16.6, Diff: 0.6, Sum: 129.8]
         [Processed Buffers: Min: 20, Avg: 25.0, Max: 34, Diff: 14, Sum: 200]
      [Scan RS (ms): Min: 0.2, Avg: 0.5, Max: 1.2, Diff: 1.0, Sum: 4.2]
      [Code Root Scanning (ms): Min: 0.0, Avg: 0.0, Max: 0.0, Diff: 0.0, Sum: 0.0]
      [Object Copy (ms): Min: 6.4, Avg: 6.9, Max: 7.3, Diff: 0.9, Sum: 55.0]
      [Termination (ms): Min: 0.0, Avg: 0.0, Max: 0.0, Diff: 0.0, Sum: 0.0]
         [Termination Attempts: Min: 1, Avg: 3.2, Max: 7, Diff: 6, Sum: 26]
      [GC Worker Other (ms): Min: 0.0, Avg: 0.1, Max: 0.2, Diff: 0.2, Sum: 0.9]
      [GC Worker Total (ms): Min: 29.2, Avg: 29.3, Max: 29.4, Diff: 0.2, Sum: 234.6]
      [GC Worker End (ms): Min: 592891802.0, Avg: 592891802.1, Max: 592891802.2, Diff: 0.2]
   [Code Root Fixup: 0.0 ms]
   [Code Root Purge: 0.0 ms]
   [Clear CT: 0.8 ms]
   [Other: 2.4 ms]
      [Choose CSet: 0.0 ms]
      [Ref Proc: 1.6 ms]
      [Ref Enq: 0.1 ms]
      [Redirty Cards: 0.1 ms]
      [Humongous Register: 0.0 ms]
      [Humongous Reclaim: 0.0 ms]
      [Free CSet: 0.3 ms]
   [Eden: 7040.0M(7040.0M)->0.0B(7104.0M) Survivors: 128.0M->65536.0K Heap: 11032.0M(14336.0M)->3987.6M(14336.0M)]
 [Times: user=0.24 sys=0.00, real=0.03 secs] 
2022-07-28T17:52:00.301-0700: 592891.805: [GC concurrent-root-region-scan-start]
2022-07-28T17:52:00.307-0700: 592891.812: [GC concurrent-root-region-scan-end, 0.0067540 secs]
2022-07-28T17:52:00.307-0700: 592891.812: [GC concurrent-mark-start]
2022-07-28T17:52:02.975-0700: 592894.480: [GC concurrent-mark-end, 2.6679321 secs]
2022-07-28T17:52:02.976-0700: 592894.480: [GC remark 2022-07-28T17:52:02.976-0700: 592894.480: [Finalize Marking, 0.0024776 secs] 2022-07-28T17:52:02.978-0700: 592894.483: [GC ref-proc, 0.0055906 secs] 2022-07-28T17:52:02.984-0700: 592894.488: [Unloading, 0.0317076 secs], 0.0457273 secs]
 [Times: user=0.27 sys=0.00, real=0.04 secs] 
2022-07-28T17:52:03.022-0700: 592894.526: [GC cleanup 4178M->4178M(14336M), 0.0091428 secs]
 [Times: user=0.06 sys=0.00, real=0.01 secs] 
2022-07-28T17:53:36.470-0700: 592987.975: [GC pause (G1 Evacuation Pause) (young), 0.0386137 secs]
   [Parallel Time: 34.6 ms, GC Workers: 8]
      [GC Worker Start (ms): Min: 592987975.2, Avg: 592987975.3, Max: 592987975.4, Diff: 0.2]
      [Ext Root Scanning (ms): Min: 2.5, Avg: 3.7, Max: 5.0, Diff: 2.5, Sum: 29.6]
      [Update RS (ms): Min: 5.4, Avg: 6.1, Max: 6.6, Diff: 1.2, Sum: 48.4]
         [Processed Buffers: Min: 23, Avg: 28.5, Max: 35, Diff: 12, Sum: 228]
      [Scan RS (ms): Min: 14.8, Avg: 15.2, Max: 16.1, Diff: 1.3, Sum: 121.9]
      [Code Root Scanning (ms): Min: 0.0, Avg: 0.0, Max: 0.0, Diff: 0.0, Sum: 0.0]
      [Object Copy (ms): Min: 8.3, Avg: 8.6, Max: 9.9, Diff: 1.6, Sum: 69.2]
      [Termination (ms): Min: 0.0, Avg: 0.6, Max: 0.8, Diff: 0.8, Sum: 5.0]
         [Termination Attempts: Min: 1, Avg: 57.4, Max: 84, Diff: 83, Sum: 459]
      [GC Worker Other (ms): Min: 0.0, Avg: 0.0, Max: 0.0, Diff: 0.0, Sum: 0.1]
      [GC Worker Total (ms): Min: 34.2, Avg: 34.3, Max: 34.4, Diff: 0.2, Sum: 274.2]
      [GC Worker End (ms): Min: 592988009.6, Avg: 592988009.6, Max: 592988009.6, Diff: 0.0]
   [Code Root Fixup: 0.0 ms]
   [Code Root Purge: 0.0 ms]
   [Clear CT: 0.7 ms]
   [Other: 3.3 ms]
      [Choose CSet: 0.0 ms]
      [Ref Proc: 2.4 ms]
      [Ref Enq: 0.1 ms]
      [Redirty Cards: 0.2 ms]
      [Humongous Register: 0.1 ms]
      [Humongous Reclaim: 0.0 ms]
      [Free CSet: 0.3 ms]
   [Eden: 5664.0M(5664.0M)->0.0B(5696.0M) Survivors: 65536.0K->32768.0K Heap: 9651.6M(14336.0M)->3995.5M(14336.0M)]
 [Times: user=0.27 sys=0.00, real=0.04 secs] 
2022-07-28T17:55:12.126-0700: 593083.631: [GC pause (G1 Evacuation Pause) (mixed), 0.0577239 secs]
   [Parallel Time: 51.8 ms, GC Workers: 8]
      [GC Worker Start (ms): Min: 593083630.8, Avg: 593083630.9, Max: 593083631.0, Diff: 0.1]
      [Ext Root Scanning (ms): Min: 1.2, Avg: 2.1, Max: 6.5, Diff: 5.3, Sum: 16.7]
      [Update RS (ms): Min: 0.4, Avg: 4.3, Max: 5.1, Diff: 4.7, Sum: 34.6]
         [Processed Buffers: Min: 1, Avg: 24.6, Max: 34, Diff: 33, Sum: 197]
      [Scan RS (ms): Min: 17.2, Avg: 17.3, Max: 17.4, Diff: 0.2, Sum: 138.8]
      [Code Root Scanning (ms): Min: 0.0, Avg: 0.0, Max: 0.1, Diff: 0.1, Sum: 0.3]
      [Object Copy (ms): Min: 27.4, Avg: 27.7, Max: 27.9, Diff: 0.5, Sum: 221.9]
      [Termination (ms): Min: 0.0, Avg: 0.0, Max: 0.0, Diff: 0.0, Sum: 0.0]
         [Termination Attempts: Min: 1, Avg: 21.6, Max: 28, Diff: 27, Sum: 173]
      [GC Worker Other (ms): Min: 0.0, Avg: 0.1, Max: 0.2, Diff: 0.1, Sum: 0.7]
      [GC Worker Total (ms): Min: 51.5, Avg: 51.6, Max: 51.8, Diff: 0.3, Sum: 413.0]
      [GC Worker End (ms): Min: 593083682.5, Avg: 593083682.5, Max: 593083682.6, Diff: 0.1]
   [Code Root Fixup: 0.0 ms]
   [Code Root Purge: 0.0 ms]
   [Clear CT: 0.9 ms]
   [Other: 5.0 ms]
      [Choose CSet: 0.1 ms]
      [Ref Proc: 3.8 ms]
      [Ref Enq: 0.1 ms]
      [Redirty Cards: 0.3 ms]
      [Humongous Register: 0.1 ms]
      [Humongous Reclaim: 0.0 ms]
      [Free CSet: 0.4 ms]
   [Eden: 5696.0M(5696.0M)->0.0B(7152.0M) Survivors: 32768.0K->16384.0K Heap: 9691.5M(14336.0M)->3622.5M(14336.0M)]
 [Times: user=0.39 sys=0.00, real=0.06 secs] 
2022-07-28T17:57:14.519-0700: 593206.024: [GC pause (G1 Evacuation Pause) (young), 0.0175670 secs]
   [Parallel Time: 13.1 ms, GC Workers: 8]
      [GC Worker Start (ms): Min: 593206023.7, Avg: 593206023.7, Max: 593206023.8, Diff: 0.1]
      [Ext Root Scanning (ms): Min: 1.2, Avg: 1.9, Max: 5.2, Diff: 4.0, Sum: 15.2]
      [Update RS (ms): Min: 5.8, Avg: 8.6, Max: 9.3, Diff: 3.6, Sum: 68.9]
         [Processed Buffers: Min: 20, Avg: 27.2, Max: 36, Diff: 16, Sum: 218]
      [Scan RS (ms): Min: 0.2, Avg: 0.3, Max: 0.5, Diff: 0.3, Sum: 2.8]
      [Code Root Scanning (ms): Min: 0.0, Avg: 0.0, Max: 0.0, Diff: 0.0, Sum: 0.0]
      [Object Copy (ms): Min: 1.6, Avg: 1.9, Max: 2.1, Diff: 0.5, Sum: 15.2]
      [Termination (ms): Min: 0.0, Avg: 0.0, Max: 0.0, Diff: 0.0, Sum: 0.1]
         [Termination Attempts: Min: 15, Avg: 21.5, Max: 30, Diff: 15, Sum: 172]
      [GC Worker Other (ms): Min: 0.0, Avg: 0.0, Max: 0.1, Diff: 0.1, Sum: 0.4]
      [GC Worker Total (ms): Min: 12.8, Avg: 12.8, Max: 12.9, Diff: 0.1, Sum: 102.6]
      [GC Worker End (ms): Min: 593206036.5, Avg: 593206036.5, Max: 593206036.6, Diff: 0.1]
   [Code Root Fixup: 0.0 ms]
   [Code Root Purge: 0.0 ms]
   [Clear CT: 0.8 ms]
   [Other: 3.6 ms]
      [Choose CSet: 0.0 ms]
      [Ref Proc: 3.0 ms]
      [Ref Enq: 0.1 ms]
      [Redirty Cards: 0.1 ms]
      [Humongous Register: 0.1 ms]
      [Humongous Reclaim: 0.0 ms]
      [Free CSet: 0.3 ms]
   [Eden: 7152.0M(7152.0M)->0.0B(7152.0M) Survivors: 16384.0K->16384.0K Heap: 10774.5M(14336.0M)->3684.5M(14336.0M)]
 [Times: user=0.11 sys=0.00, real=0.02 secs] 
2022-07-28T17:59:17.464-0700: 593328.969: [GC pause (G1 Evacuation Pause) (young) (initial-mark), 0.0172966 secs]
   [Parallel Time: 12.5 ms, GC Workers: 8]
      [GC Worker Start (ms): Min: 593328971.0, Avg: 593328971.1, Max: 593328971.1, Diff: 0.1]
      [Ext Root Scanning (ms): Min: 6.0, Avg: 6.3, Max: 6.8, Diff: 0.9, Sum: 50.5]
      [Update RS (ms): Min: 1.4, Avg: 1.6, Max: 1.9, Diff: 0.5, Sum: 12.8]
         [Processed Buffers: Min: 3, Avg: 6.0, Max: 10, Diff: 7, Sum: 48]
      [Scan RS (ms): Min: 0.0, Avg: 0.0, Max: 0.1, Diff: 0.1, Sum: 0.4]
      [Code Root Scanning (ms): Min: 0.0, Avg: 0.0, Max: 0.0, Diff: 0.0, Sum: 0.0]
      [Object Copy (ms): Min: 2.0, Avg: 2.5, Max: 2.9, Diff: 0.9, Sum: 20.0]
      [Termination (ms): Min: 0.0, Avg: 0.0, Max: 0.0, Diff: 0.0, Sum: 0.0]
         [Termination Attempts: Min: 10, Avg: 13.4, Max: 19, Diff: 9, Sum: 107]
      [GC Worker Other (ms): Min: 0.0, Avg: 0.1, Max: 0.2, Diff: 0.1, Sum: 0.6]
      [GC Worker Total (ms): Min: 10.4, Avg: 10.5, Max: 10.7, Diff: 0.2, Sum: 84.3]
      [GC Worker End (ms): Min: 593328981.6, Avg: 593328981.6, Max: 593328981.7, Diff: 0.1]
   [Code Root Fixup: 0.0 ms]
   [Code Root Purge: 0.0 ms]
   [Clear CT: 0.8 ms]
   [Other: 4.0 ms]
      [Choose CSet: 0.0 ms]
      [Ref Proc: 3.4 ms]
      [Ref Enq: 0.1 ms]
      [Redirty Cards: 0.1 ms]
      [Humongous Register: 0.0 ms]
      [Humongous Reclaim: 0.0 ms]
      [Free CSet: 0.3 ms]
   [Eden: 7152.0M(7152.0M)->0.0B(7152.0M) Survivors: 16384.0K->16384.0K Heap: 10836.5M(14336.0M)->3702.5M(14336.0M)]
 [Times: user=0.08 sys=0.01, real=0.01 secs] 
2022-07-28T17:59:17.482-0700: 593328.987: [GC concurrent-root-region-scan-start]
2022-07-28T17:59:17.491-0700: 593328.996: [GC concurrent-root-region-scan-end, 0.0096130 secs]
2022-07-28T17:59:17.491-0700: 593328.996: [GC concurrent-mark-start]
2022-07-28T17:59:20.123-0700: 593331.628: [GC concurrent-mark-end, 2.6314198 secs]
2022-07-28T17:59:20.123-0700: 593331.628: [GC remark 2022-07-28T17:59:20.123-0700: 593331.628: [Finalize Marking, 0.0002500 secs] 2022-07-28T17:59:20.123-0700: 593331.628: [GC ref-proc, 0.0068714 secs] 2022-07-28T17:59:20.130-0700: 593331.635: [Unloading, 0.0274099 secs], 0.0402533 secs]
 [Times: user=0.25 sys=0.00, real=0.04 secs] 
2022-07-28T17:59:20.164-0700: 593331.668: [GC cleanup 3886M->3886M(14336M), 0.0088290 secs]
 [Times: user=0.06 sys=0.00, real=0.00 secs] 
2022-07-28T18:01:20.828-0700: 593452.333: [GC pause (G1 Evacuation Pause) (young), 0.0128317 secs]
   [Parallel Time: 6.9 ms, GC Workers: 8]
      [GC Worker Start (ms): Min: 593452332.8, Avg: 593452332.9, Max: 593452333.0, Diff: 0.1]
      [Ext Root Scanning (ms): Min: 0.6, Avg: 1.9, Max: 5.0, Diff: 4.4, Sum: 15.3]
      [Update RS (ms): Min: 0.0, Avg: 2.0, Max: 4.7, Diff: 4.7, Sum: 15.9]
         [Processed Buffers: Min: 0, Avg: 5.8, Max: 11, Diff: 11, Sum: 46]
      [Scan RS (ms): Min: 0.0, Avg: 0.0, Max: 0.1, Diff: 0.1, Sum: 0.4]
      [Code Root Scanning (ms): Min: 0.0, Avg: 0.0, Max: 0.0, Diff: 0.0, Sum: 0.0]
      [Object Copy (ms): Min: 0.4, Avg: 2.3, Max: 3.4, Diff: 2.9, Sum: 18.3]
      [Termination (ms): Min: 0.0, Avg: 0.4, Max: 0.5, Diff: 0.5, Sum: 3.0]
         [Termination Attempts: Min: 1, Avg: 12.8, Max: 24, Diff: 23, Sum: 102]
      [GC Worker Other (ms): Min: 0.0, Avg: 0.0, Max: 0.0, Diff: 0.0, Sum: 0.1]
      [GC Worker Total (ms): Min: 6.6, Avg: 6.6, Max: 6.7, Diff: 0.1, Sum: 53.0]
      [GC Worker End (ms): Min: 593452339.5, Avg: 593452339.5, Max: 593452339.6, Diff: 0.0]
   [Code Root Fixup: 0.0 ms]
   [Code Root Purge: 0.0 ms]
   [Clear CT: 0.8 ms]
   [Other: 5.2 ms]
      [Choose CSet: 0.0 ms]
      [Ref Proc: 4.4 ms]
      [Ref Enq: 0.1 ms]
      [Redirty Cards: 0.1 ms]
      [Humongous Register: 0.1 ms]
      [Humongous Reclaim: 0.0 ms]
      [Free CSet: 0.3 ms]
   [Eden: 7152.0M(7152.0M)->0.0B(5712.0M) Survivors: 16384.0K->16384.0K Heap: 10854.5M(14336.0M)->3702.5M(14336.0M)]
 [Times: user=0.06 sys=0.00, real=0.01 secs] 
2022-07-28T18:02:58.614-0700: 593550.119: [GC pause (G1 Evacuation Pause) (mixed), 0.0205668 secs]
   [Parallel Time: 15.8 ms, GC Workers: 8]
      [GC Worker Start (ms): Min: 593550118.9, Avg: 593550119.0, Max: 593550119.1, Diff: 0.2]
      [Ext Root Scanning (ms): Min: 1.4, Avg: 2.3, Max: 6.7, Diff: 5.3, Sum: 18.8]
      [Update RS (ms): Min: 0.0, Avg: 2.1, Max: 2.8, Diff: 2.8, Sum: 16.5]
         [Processed Buffers: Min: 0, Avg: 5.8, Max: 8, Diff: 8, Sum: 46]
      [Scan RS (ms): Min: 0.0, Avg: 1.5, Max: 2.0, Diff: 2.0, Sum: 11.8]
      [Code Root Scanning (ms): Min: 0.0, Avg: 0.0, Max: 0.0, Diff: 0.0, Sum: 0.0]
      [Object Copy (ms): Min: 8.7, Avg: 9.4, Max: 9.7, Diff: 1.0, Sum: 75.6]
      [Termination (ms): Min: 0.0, Avg: 0.0, Max: 0.0, Diff: 0.0, Sum: 0.1]
         [Termination Attempts: Min: 32, Avg: 37.5, Max: 44, Diff: 12, Sum: 300]
      [GC Worker Other (ms): Min: 0.0, Avg: 0.1, Max: 0.2, Diff: 0.2, Sum: 0.7]
      [GC Worker Total (ms): Min: 15.3, Avg: 15.4, Max: 15.6, Diff: 0.3, Sum: 123.5]
      [GC Worker End (ms): Min: 593550134.3, Avg: 593550134.4, Max: 593550134.5, Diff: 0.2]
   [Code Root Fixup: 0.0 ms]
   [Code Root Purge: 0.0 ms]
   [Clear CT: 0.8 ms]
   [Other: 3.9 ms]
      [Choose CSet: 0.0 ms]
      [Ref Proc: 3.2 ms]
      [Ref Enq: 0.1 ms]
      [Redirty Cards: 0.1 ms]
      [Humongous Register: 0.1 ms]
      [Humongous Reclaim: 0.0 ms]
      [Free CSet: 0.3 ms]
   [Eden: 5712.0M(5712.0M)->0.0B(7152.0M) Survivors: 16384.0K->16384.0K Heap: 9414.5M(14336.0M)->3582.3M(14336.0M)]
 [Times: user=0.14 sys=0.00, real=0.03 secs] 
2022-07-28T18:05:01.712-0700: 593673.216: [GC pause (G1 Evacuation Pause) (young), 0.0164429 secs]
   [Parallel Time: 13.8 ms, GC Workers: 8]
      [GC Worker Start (ms): Min: 593673216.5, Avg: 593673216.5, Max: 593673216.6, Diff: 0.1]
      [Ext Root Scanning (ms): Min: 1.4, Avg: 2.2, Max: 5.6, Diff: 4.2, Sum: 17.7]
      [Update RS (ms): Min: 6.2, Avg: 9.2, Max: 9.9, Diff: 3.7, Sum: 73.4]
         [Processed Buffers: Min: 16, Avg: 21.6, Max: 25, Diff: 9, Sum: 173]
      [Scan RS (ms): Min: 0.0, Avg: 0.1, Max: 0.1, Diff: 0.1, Sum: 0.4]
      [Code Root Scanning (ms): Min: 0.0, Avg: 0.0, Max: 0.0, Diff: 0.0, Sum: 0.0]
      [Object Copy (ms): Min: 1.7, Avg: 2.1, Max: 2.3, Diff: 0.5, Sum: 16.9]
      [Termination (ms): Min: 0.0, Avg: 0.0, Max: 0.0, Diff: 0.0, Sum: 0.0]
         [Termination Attempts: Min: 3, Avg: 10.1, Max: 18, Diff: 15, Sum: 81]
      [GC Worker Other (ms): Min: 0.0, Avg: 0.1, Max: 0.1, Diff: 0.1, Sum: 0.4]
      [GC Worker Total (ms): Min: 13.5, Avg: 13.6, Max: 13.7, Diff: 0.2, Sum: 108.9]
      [GC Worker End (ms): Min: 593673230.1, Avg: 593673230.1, Max: 593673230.2, Diff: 0.1]
   [Code Root Fixup: 0.0 ms]
   [Code Root Purge: 0.0 ms]
   [Clear CT: 0.8 ms]
   [Other: 1.9 ms]
      [Choose CSet: 0.0 ms]
      [Ref Proc: 1.3 ms]
      [Ref Enq: 0.1 ms]
      [Redirty Cards: 0.1 ms]
      [Humongous Register: 0.1 ms]
      [Humongous Reclaim: 0.0 ms]
      [Free CSet: 0.3 ms]
   [Eden: 7152.0M(7152.0M)->0.0B(7152.0M) Survivors: 16384.0K->16384.0K Heap: 10734.3M(14336.0M)->3592.7M(14336.0M)]
 [Times: user=0.12 sys=0.00, real=0.02 secs] 
2022-07-28T18:07:03.622-0700: 593795.127: [GC pause (G1 Evacuation Pause) (young) (initial-mark), 0.0168886 secs]
   [Parallel Time: 11.7 ms, GC Workers: 8]
      [GC Worker Start (ms): Min: 593795129.4, Avg: 593795129.5, Max: 593795129.6, Diff: 0.2]
      [Ext Root Scanning (ms): Min: 4.7, Avg: 5.1, Max: 5.6, Diff: 0.8, Sum: 41.0]
      [Update RS (ms): Min: 1.6, Avg: 1.7, Max: 2.0, Diff: 0.5, Sum: 13.9]
         [Processed Buffers: Min: 3, Avg: 5.6, Max: 11, Diff: 8, Sum: 45]
      [Scan RS (ms): Min: 0.0, Avg: 0.1, Max: 0.1, Diff: 0.1, Sum: 0.4]
      [Code Root Scanning (ms): Min: 0.0, Avg: 0.0, Max: 0.0, Diff: 0.0, Sum: 0.0]
      [Object Copy (ms): Min: 1.9, Avg: 2.3, Max: 2.7, Diff: 0.9, Sum: 18.5]
      [Termination (ms): Min: 0.0, Avg: 0.0, Max: 0.0, Diff: 0.0, Sum: 0.0]
         [Termination Attempts: Min: 2, Avg: 3.4, Max: 4, Diff: 2, Sum: 27]
      [GC Worker Other (ms): Min: 0.0, Avg: 0.1, Max: 0.1, Diff: 0.1, Sum: 0.5]
      [GC Worker Total (ms): Min: 9.2, Avg: 9.3, Max: 9.4, Diff: 0.2, Sum: 74.4]
      [GC Worker End (ms): Min: 593795138.7, Avg: 593795138.8, Max: 593795138.9, Diff: 0.1]
   [Code Root Fixup: 0.0 ms]
   [Code Root Purge: 0.0 ms]
   [Clear CT: 0.8 ms]
   [Other: 4.5 ms]
      [Choose CSet: 0.0 ms]
      [Ref Proc: 3.7 ms]
      [Ref Enq: 0.1 ms]
      [Redirty Cards: 0.1 ms]
      [Humongous Register: 0.0 ms]
      [Humongous Reclaim: 0.0 ms]
      [Free CSet: 0.3 ms]
   [Eden: 7152.0M(7152.0M)->0.0B(7152.0M) Survivors: 16384.0K->16384.0K Heap: 10744.7M(14336.0M)->3597.1M(14336.0M)]
 [Times: user=0.09 sys=0.00, real=0.02 secs] 
2022-07-28T18:07:03.639-0700: 593795.144: [GC concurrent-root-region-scan-start]
2022-07-28T18:07:03.651-0700: 593795.155: [GC concurrent-root-region-scan-end, 0.0112367 secs]
2022-07-28T18:07:03.651-0700: 593795.155: [GC concurrent-mark-start]
2022-07-28T18:07:06.303-0700: 593797.808: [GC concurrent-mark-end, 2.6521702 secs]
2022-07-28T18:07:06.303-0700: 593797.808: [GC remark 2022-07-28T18:07:06.303-0700: 593797.808: [Finalize Marking, 0.0003938 secs] 2022-07-28T18:07:06.304-0700: 593797.808: [GC ref-proc, 0.0079844 secs] 2022-07-28T18:07:06.312-0700: 593797.816: [Unloading, 0.0274971 secs], 0.0417827 secs]
 [Times: user=0.26 sys=0.00, real=0.04 secs] 
2022-07-28T18:07:06.345-0700: 593797.850: [GC cleanup 3807M->3807M(14336M), 0.0086557 secs]
 [Times: user=0.06 sys=0.00, real=0.00 secs] 
2022-07-28T18:09:00.912-0700: 593912.417: [GC pause (GCLocker Initiated GC) (young), 0.0124146 secs]
   [Parallel Time: 7.0 ms, GC Workers: 8]
      [GC Worker Start (ms): Min: 593912417.4, Avg: 593912417.5, Max: 593912417.5, Diff: 0.1]
      [Ext Root Scanning (ms): Min: 1.2, Avg: 2.1, Max: 5.7, Diff: 4.4, Sum: 16.6]
      [Update RS (ms): Min: 0.0, Avg: 1.5, Max: 2.1, Diff: 2.1, Sum: 12.4]
         [Processed Buffers: Min: 0, Avg: 5.4, Max: 12, Diff: 12, Sum: 43]
      [Scan RS (ms): Min: 0.0, Avg: 0.1, Max: 0.1, Diff: 0.1, Sum: 0.5]
      [Code Root Scanning (ms): Min: 0.0, Avg: 0.0, Max: 0.0, Diff: 0.0, Sum: 0.0]
      [Object Copy (ms): Min: 1.1, Avg: 3.1, Max: 3.5, Diff: 2.4, Sum: 25.0]
      [Termination (ms): Min: 0.0, Avg: 0.0, Max: 0.0, Diff: 0.0, Sum: 0.0]
         [Termination Attempts: Min: 1, Avg: 6.4, Max: 9, Diff: 8, Sum: 51]
      [GC Worker Other (ms): Min: 0.0, Avg: 0.0, Max: 0.1, Diff: 0.1, Sum: 0.3]
      [GC Worker Total (ms): Min: 6.7, Avg: 6.8, Max: 6.9, Diff: 0.2, Sum: 54.8]
      [GC Worker End (ms): Min: 593912424.3, Avg: 593912424.3, Max: 593912424.3, Diff: 0.1]
   [Code Root Fixup: 0.0 ms]
   [Code Root Purge: 0.0 ms]
   [Clear CT: 0.8 ms]
   [Other: 4.6 ms]
      [Choose CSet: 0.0 ms]
      [Ref Proc: 3.8 ms]
      [Ref Enq: 0.1 ms]
      [Redirty Cards: 0.1 ms]
      [Humongous Register: 0.1 ms]
      [Humongous Reclaim: 0.0 ms]
      [Free CSet: 0.3 ms]
   [Eden: 7152.0M(7152.0M)->0.0B(5712.0M) Survivors: 16384.0K->16384.0K Heap: 10749.1M(14336.0M)->3605.4M(14336.0M)]
 [Times: user=0.07 sys=0.00, real=0.02 secs] 
2022-07-28T18:10:38.836-0700: 594010.341: [GC pause (G1 Evacuation Pause) (mixed), 0.0136296 secs]
   [Parallel Time: 9.1 ms, GC Workers: 8]
      [GC Worker Start (ms): Min: 594010341.1, Avg: 594010341.3, Max: 594010341.3, Diff: 0.2]
      [Ext Root Scanning (ms): Min: 1.1, Avg: 2.1, Max: 6.8, Diff: 5.7, Sum: 16.6]
      [Update RS (ms): Min: 0.0, Avg: 1.4, Max: 2.0, Diff: 2.0, Sum: 11.4]
         [Processed Buffers: Min: 0, Avg: 5.2, Max: 10, Diff: 10, Sum: 42]
      [Scan RS (ms): Min: 0.0, Avg: 0.9, Max: 1.0, Diff: 1.0, Sum: 6.9]
      [Code Root Scanning (ms): Min: 0.0, Avg: 0.0, Max: 0.0, Diff: 0.0, Sum: 0.0]
      [Object Copy (ms): Min: 1.8, Avg: 4.2, Max: 4.7, Diff: 2.8, Sum: 33.8]
      [Termination (ms): Min: 0.0, Avg: 0.0, Max: 0.0, Diff: 0.0, Sum: 0.0]
         [Termination Attempts: Min: 1, Avg: 18.5, Max: 26, Diff: 25, Sum: 148]
      [GC Worker Other (ms): Min: 0.0, Avg: 0.1, Max: 0.2, Diff: 0.1, Sum: 0.6]
      [GC Worker Total (ms): Min: 8.6, Avg: 8.7, Max: 8.7, Diff: 0.2, Sum: 69.4]
      [GC Worker End (ms): Min: 594010349.9, Avg: 594010349.9, Max: 594010350.0, Diff: 0.1]
   [Code Root Fixup: 0.0 ms]
   [Code Root Purge: 0.0 ms]
   [Clear CT: 0.8 ms]
   [Other: 3.8 ms]
      [Choose CSet: 0.0 ms]
      [Ref Proc: 3.1 ms]
      [Ref Enq: 0.1 ms]
      [Redirty Cards: 0.1 ms]
      [Humongous Register: 0.1 ms]
      [Humongous Reclaim: 0.0 ms]
      [Free CSet: 0.2 ms]
   [Eden: 5712.0M(5712.0M)->0.0B(7152.0M) Survivors: 16384.0K->16384.0K Heap: 9317.4M(14336.0M)->3596.0M(14336.0M)]
 [Times: user=0.08 sys=0.00, real=0.01 secs] 
2022-07-28T18:12:40.971-0700: 594132.476: [GC pause (GCLocker Initiated GC) (young), 0.0127837 secs]
   [Parallel Time: 7.8 ms, GC Workers: 8]
      [GC Worker Start (ms): Min: 594132475.7, Avg: 594132475.8, Max: 594132475.9, Diff: 0.2]
      [Ext Root Scanning (ms): Min: 1.1, Avg: 1.8, Max: 5.2, Diff: 4.1, Sum: 14.7]
      [Update RS (ms): Min: 0.4, Avg: 3.4, Max: 4.1, Diff: 3.7, Sum: 27.1]
         [Processed Buffers: Min: 1, Avg: 14.0, Max: 23, Diff: 22, Sum: 112]
      [Scan RS (ms): Min: 0.0, Avg: 0.0, Max: 0.1, Diff: 0.1, Sum: 0.4]
      [Code Root Scanning (ms): Min: 0.0, Avg: 0.0, Max: 0.0, Diff: 0.0, Sum: 0.0]
      [Object Copy (ms): Min: 1.8, Avg: 2.1, Max: 2.2, Diff: 0.4, Sum: 16.6]
      [Termination (ms): Min: 0.0, Avg: 0.1, Max: 0.1, Diff: 0.1, Sum: 0.6]
         [Termination Attempts: Min: 29, Avg: 38.2, Max: 46, Diff: 17, Sum: 306]
      [GC Worker Other (ms): Min: 0.0, Avg: 0.1, Max: 0.1, Diff: 0.1, Sum: 0.4]
      [GC Worker Total (ms): Min: 7.4, Avg: 7.5, Max: 7.6, Diff: 0.2, Sum: 59.9]
      [GC Worker End (ms): Min: 594132483.3, Avg: 594132483.3, Max: 594132483.4, Diff: 0.1]
   [Code Root Fixup: 0.0 ms]
   [Code Root Purge: 0.0 ms]
   [Clear CT: 0.7 ms]
   [Other: 4.3 ms]
      [Choose CSet: 0.0 ms]
      [Ref Proc: 3.6 ms]
      [Ref Enq: 0.1 ms]
      [Redirty Cards: 0.1 ms]
      [Humongous Register: 0.1 ms]
      [Humongous Reclaim: 0.0 ms]
      [Free CSet: 0.3 ms]
   [Eden: 7168.0M(7152.0M)->0.0B(7152.0M) Survivors: 16384.0K->16384.0K Heap: 10756.0M(14336.0M)->3601.7M(14336.0M)]
 [Times: user=0.07 sys=0.01, real=0.02 secs] 
2022-07-28T18:14:40.838-0700: 594252.343: [GC pause (G1 Evacuation Pause) (young) (initial-mark), 0.0175603 secs]
   [Parallel Time: 11.9 ms, GC Workers: 8]
      [GC Worker Start (ms): Min: 594252344.7, Avg: 594252344.8, Max: 594252344.8, Diff: 0.2]
      [Ext Root Scanning (ms): Min: 5.3, Avg: 5.7, Max: 6.2, Diff: 0.9, Sum: 45.6]
      [Update RS (ms): Min: 1.3, Avg: 1.5, Max: 2.1, Diff: 0.8, Sum: 12.1]
         [Processed Buffers: Min: 3, Avg: 5.9, Max: 8, Diff: 5, Sum: 47]
      [Scan RS (ms): Min: 0.0, Avg: 0.0, Max: 0.1, Diff: 0.1, Sum: 0.4]
      [Code Root Scanning (ms): Min: 0.0, Avg: 0.0, Max: 0.0, Diff: 0.0, Sum: 0.0]
      [Object Copy (ms): Min: 1.9, Avg: 2.4, Max: 2.8, Diff: 0.9, Sum: 18.8]
      [Termination (ms): Min: 0.0, Avg: 0.0, Max: 0.0, Diff: 0.0, Sum: 0.0]
         [Termination Attempts: Min: 3, Avg: 6.6, Max: 10, Diff: 7, Sum: 53]
      [GC Worker Other (ms): Min: 0.0, Avg: 0.1, Max: 0.1, Diff: 0.1, Sum: 0.5]
      [GC Worker Total (ms): Min: 9.6, Avg: 9.7, Max: 9.8, Diff: 0.2, Sum: 77.4]
      [GC Worker End (ms): Min: 594252354.4, Avg: 594252354.4, Max: 594252354.5, Diff: 0.1]
   [Code Root Fixup: 0.0 ms]
   [Code Root Purge: 0.0 ms]
   [Clear CT: 0.8 ms]
   [Other: 4.8 ms]
      [Choose CSet: 0.0 ms]
      [Ref Proc: 4.0 ms]
      [Ref Enq: 0.1 ms]
      [Redirty Cards: 0.1 ms]
      [Humongous Register: 0.0 ms]
      [Humongous Reclaim: 0.0 ms]
      [Free CSet: 0.3 ms]
   [Eden: 7152.0M(7152.0M)->0.0B(7152.0M) Survivors: 16384.0K->16384.0K Heap: 10753.7M(14336.0M)->3606.5M(14336.0M)]
 [Times: user=0.08 sys=0.00, real=0.02 secs] 
2022-07-28T18:14:40.856-0700: 594252.360: [GC concurrent-root-region-scan-start]
2022-07-28T18:14:40.867-0700: 594252.372: [GC concurrent-root-region-scan-end, 0.0116809 secs]
2022-07-28T18:14:40.867-0700: 594252.372: [GC concurrent-mark-start]
2022-07-28T18:14:43.532-0700: 594255.037: [GC concurrent-mark-end, 2.6648278 secs]
2022-07-28T18:14:43.532-0700: 594255.037: [GC remark 2022-07-28T18:14:43.533-0700: 594255.037: [Finalize Marking, 0.0004028 secs] 2022-07-28T18:14:43.533-0700: 594255.038: [GC ref-proc, 0.0111202 secs] 2022-07-28T18:14:43.544-0700: 594255.049: [Unloading, 0.0275881 secs], 0.0448870 secs]
 [Times: user=0.26 sys=0.00, real=0.05 secs] 
2022-07-28T18:14:43.578-0700: 594255.082: [GC cleanup 3762M->3762M(14336M), 0.0087305 secs]
 [Times: user=0.06 sys=0.00, real=0.01 secs] 
2022-07-28T18:16:41.320-0700: 594372.825: [GC pause (G1 Evacuation Pause) (young), 0.0111062 secs]
   [Parallel Time: 5.8 ms, GC Workers: 8]
      [GC Worker Start (ms): Min: 594372824.8, Avg: 594372824.9, Max: 594372825.0, Diff: 0.2]
      [Ext Root Scanning (ms): Min: 1.2, Avg: 1.9, Max: 5.4, Diff: 4.2, Sum: 15.5]
      [Update RS (ms): Min: 0.0, Avg: 1.6, Max: 2.1, Diff: 2.1, Sum: 12.4]
         [Processed Buffers: Min: 0, Avg: 5.8, Max: 17, Diff: 17, Sum: 46]
      [Scan RS (ms): Min: 0.0, Avg: 0.1, Max: 0.1, Diff: 0.1, Sum: 0.4]
      [Code Root Scanning (ms): Min: 0.0, Avg: 0.0, Max: 0.0, Diff: 0.0, Sum: 0.0]
      [Object Copy (ms): Min: 0.1, Avg: 1.8, Max: 2.2, Diff: 2.2, Sum: 14.6]
      [Termination (ms): Min: 0.0, Avg: 0.0, Max: 0.0, Diff: 0.0, Sum: 0.0]
         [Termination Attempts: Min: 8, Avg: 16.6, Max: 23, Diff: 15, Sum: 133]
      [GC Worker Other (ms): Min: 0.0, Avg: 0.0, Max: 0.1, Diff: 0.1, Sum: 0.3]
      [GC Worker Total (ms): Min: 5.3, Avg: 5.4, Max: 5.5, Diff: 0.2, Sum: 43.3]
      [GC Worker End (ms): Min: 594372830.3, Avg: 594372830.3, Max: 594372830.3, Diff: 0.1]
   [Code Root Fixup: 0.0 ms]
   [Code Root Purge: 0.0 ms]
   [Clear CT: 0.7 ms]
   [Other: 4.6 ms]
      [Choose CSet: 0.0 ms]
      [Ref Proc: 3.8 ms]
      [Ref Enq: 0.2 ms]
      [Redirty Cards: 0.1 ms]
      [Humongous Register: 0.1 ms]
      [Humongous Reclaim: 0.0 ms]
      [Free CSet: 0.3 ms]
   [Eden: 7152.0M(7152.0M)->0.0B(5712.0M) Survivors: 16384.0K->16384.0K Heap: 10758.5M(14336.0M)->3603.1M(14336.0M)]
 [Times: user=0.05 sys=0.00, real=0.01 secs] 
2022-07-28T18:18:19.266-0700: 594470.770: [GC pause (G1 Evacuation Pause) (mixed), 0.0196364 secs]
   [Parallel Time: 17.1 ms, GC Workers: 8]
      [GC Worker Start (ms): Min: 594470770.6, Avg: 594470770.7, Max: 594470770.7, Diff: 0.1]
      [Ext Root Scanning (ms): Min: 1.3, Avg: 2.3, Max: 6.9, Diff: 5.5, Sum: 18.1]
      [Update RS (ms): Min: 0.0, Avg: 1.5, Max: 2.1, Diff: 2.1, Sum: 11.9]
         [Processed Buffers: Min: 0, Avg: 5.6, Max: 9, Diff: 9, Sum: 45]
      [Scan RS (ms): Min: 0.1, Avg: 1.0, Max: 1.3, Diff: 1.2, Sum: 7.9]
      [Code Root Scanning (ms): Min: 0.0, Avg: 0.0, Max: 0.0, Diff: 0.0, Sum: 0.0]
      [Object Copy (ms): Min: 3.7, Avg: 6.6, Max: 12.4, Diff: 8.7, Sum: 53.0]
      [Termination (ms): Min: 0.0, Avg: 5.5, Max: 6.3, Diff: 6.3, Sum: 44.2]
         [Termination Attempts: Min: 1, Avg: 45.4, Max: 63, Diff: 62, Sum: 363]
      [GC Worker Other (ms): Min: 0.0, Avg: 0.0, Max: 0.0, Diff: 0.0, Sum: 0.2]
      [GC Worker Total (ms): Min: 16.8, Avg: 16.9, Max: 17.0, Diff: 0.1, Sum: 135.3]
      [GC Worker End (ms): Min: 594470787.6, Avg: 594470787.6, Max: 594470787.6, Diff: 0.0]
   [Code Root Fixup: 0.0 ms]
   [Code Root Purge: 0.0 ms]
   [Clear CT: 0.7 ms]
   [Other: 1.9 ms]
      [Choose CSet: 0.0 ms]
      [Ref Proc: 1.3 ms]
      [Ref Enq: 0.1 ms]
      [Redirty Cards: 0.0 ms]
      [Humongous Register: 0.1 ms]
      [Humongous Reclaim: 0.0 ms]
      [Free CSet: 0.2 ms]
   [Eden: 5712.0M(5712.0M)->0.0B(7152.0M) Survivors: 16384.0K->16384.0K Heap: 9315.1M(14336.0M)->3580.4M(14336.0M)]
 [Times: user=0.13 sys=0.00, real=0.02 secs] 
2022-07-28T18:20:22.213-0700: 594593.718: [GC pause (G1 Evacuation Pause) (young), 0.0117246 secs]
   [Parallel Time: 9.0 ms, GC Workers: 8]
      [GC Worker Start (ms): Min: 594593718.3, Avg: 594593718.3, Max: 594593718.4, Diff: 0.1]
      [Ext Root Scanning (ms): Min: 1.4, Avg: 2.2, Max: 5.7, Diff: 4.3, Sum: 17.5]
      [Update RS (ms): Min: 1.1, Avg: 4.2, Max: 4.9, Diff: 3.8, Sum: 33.3]
         [Processed Buffers: Min: 4, Avg: 10.0, Max: 16, Diff: 12, Sum: 80]
      [Scan RS (ms): Min: 0.0, Avg: 0.1, Max: 0.1, Diff: 0.1, Sum: 0.4]
      [Code Root Scanning (ms): Min: 0.0, Avg: 0.0, Max: 0.0, Diff: 0.0, Sum: 0.0]
      [Object Copy (ms): Min: 2.0, Avg: 2.4, Max: 2.6, Diff: 0.6, Sum: 19.0]
      [Termination (ms): Min: 0.0, Avg: 0.0, Max: 0.0, Diff: 0.0, Sum: 0.0]
         [Termination Attempts: Min: 1, Avg: 5.6, Max: 9, Diff: 8, Sum: 45]
      [GC Worker Other (ms): Min: 0.0, Avg: 0.0, Max: 0.1, Diff: 0.1, Sum: 0.4]
      [GC Worker Total (ms): Min: 8.8, Avg: 8.8, Max: 8.9, Diff: 0.1, Sum: 70.7]
      [GC Worker End (ms): Min: 594593727.1, Avg: 594593727.1, Max: 594593727.2, Diff: 0.1]
   [Code Root Fixup: 0.0 ms]
   [Code Root Purge: 0.0 ms]
   [Clear CT: 0.7 ms]
   [Other: 2.0 ms]
      [Choose CSet: 0.0 ms]
      [Ref Proc: 1.4 ms]
      [Ref Enq: 0.1 ms]
      [Redirty Cards: 0.1 ms]
      [Humongous Register: 0.1 ms]
      [Humongous Reclaim: 0.0 ms]
      [Free CSet: 0.3 ms]
   [Eden: 7152.0M(7152.0M)->0.0B(7152.0M) Survivors: 16384.0K->16384.0K Heap: 10732.4M(14336.0M)->3585.8M(14336.0M)]
 [Times: user=0.08 sys=0.00, real=0.02 secs] 
2022-07-28T18:22:25.919-0700: 594717.424: [GC pause (G1 Evacuation Pause) (young) (initial-mark), 0.0171725 secs]
   [Parallel Time: 11.8 ms, GC Workers: 8]
      [GC Worker Start (ms): Min: 594717426.2, Avg: 594717426.3, Max: 594717426.3, Diff: 0.1]
      [Ext Root Scanning (ms): Min: 5.2, Avg: 5.5, Max: 6.0, Diff: 0.8, Sum: 44.2]
      [Update RS (ms): Min: 1.6, Avg: 1.7, Max: 1.9, Diff: 0.3, Sum: 13.8]
         [Processed Buffers: Min: 3, Avg: 5.4, Max: 12, Diff: 9, Sum: 43]
      [Scan RS (ms): Min: 0.0, Avg: 0.1, Max: 0.1, Diff: 0.1, Sum: 0.5]
      [Code Root Scanning (ms): Min: 0.0, Avg: 0.0, Max: 0.0, Diff: 0.0, Sum: 0.0]
      [Object Copy (ms): Min: 1.8, Avg: 2.3, Max: 2.6, Diff: 0.8, Sum: 18.1]
      [Termination (ms): Min: 0.0, Avg: 0.0, Max: 0.0, Diff: 0.0, Sum: 0.1]
         [Termination Attempts: Min: 20, Avg: 23.8, Max: 29, Diff: 9, Sum: 190]
      [GC Worker Other (ms): Min: 0.0, Avg: 0.0, Max: 0.1, Diff: 0.0, Sum: 0.3]
      [GC Worker Total (ms): Min: 9.6, Avg: 9.6, Max: 9.7, Diff: 0.1, Sum: 77.0]
      [GC Worker End (ms): Min: 594717435.9, Avg: 594717435.9, Max: 594717435.9, Diff: 0.0]
   [Code Root Fixup: 0.0 ms]
   [Code Root Purge: 0.0 ms]
   [Clear CT: 0.7 ms]
   [Other: 4.6 ms]
      [Choose CSet: 0.0 ms]
      [Ref Proc: 3.9 ms]
      [Ref Enq: 0.1 ms]
      [Redirty Cards: 0.1 ms]
      [Humongous Register: 0.0 ms]
      [Humongous Reclaim: 0.0 ms]
      [Free CSet: 0.3 ms]
   [Eden: 7152.0M(7152.0M)->0.0B(7152.0M) Survivors: 16384.0K->16384.0K Heap: 10737.8M(14336.0M)->3586.4M(14336.0M)]
 [Times: user=0.08 sys=0.00, real=0.02 secs] 
2022-07-28T18:22:25.937-0700: 594717.441: [GC concurrent-root-region-scan-start]
2022-07-28T18:22:25.949-0700: 594717.454: [GC concurrent-root-region-scan-end, 0.0127585 secs]
2022-07-28T18:22:25.949-0700: 594717.454: [GC concurrent-mark-start]
2022-07-28T18:22:28.601-0700: 594720.106: [GC concurrent-mark-end, 2.6521455 secs]
2022-07-28T18:22:28.602-0700: 594720.107: [GC remark 2022-07-28T18:22:28.602-0700: 594720.107: [Finalize Marking, 0.0002950 secs] 2022-07-28T18:22:28.602-0700: 594720.107: [GC ref-proc, 0.0057309 secs] 2022-07-28T18:22:28.608-0700: 594720.113: [Unloading, 0.0274815 secs], 0.0392788 secs]
 [Times: user=0.26 sys=0.00, real=0.04 secs] 
2022-07-28T18:22:28.642-0700: 594720.146: [GC cleanup 3774M->3774M(14336M), 0.0087812 secs]
 [Times: user=0.06 sys=0.00, real=0.01 secs] 
2022-07-28T18:24:28.826-0700: 594840.331: [GC pause (G1 Evacuation Pause) (young), 0.0115855 secs]
   [Parallel Time: 5.7 ms, GC Workers: 8]
      [GC Worker Start (ms): Min: 594840331.3, Avg: 594840331.4, Max: 594840331.4, Diff: 0.2]
      [Ext Root Scanning (ms): Min: 1.2, Avg: 1.9, Max: 5.4, Diff: 4.3, Sum: 15.4]
      [Update RS (ms): Min: 0.0, Avg: 1.3, Max: 2.0, Diff: 2.0, Sum: 10.4]
         [Processed Buffers: Min: 0, Avg: 5.1, Max: 8, Diff: 8, Sum: 41]
      [Scan RS (ms): Min: 0.0, Avg: 0.1, Max: 0.1, Diff: 0.1, Sum: 0.4]
      [Code Root Scanning (ms): Min: 0.0, Avg: 0.0, Max: 0.0, Diff: 0.0, Sum: 0.0]
      [Object Copy (ms): Min: 0.0, Avg: 2.0, Max: 2.5, Diff: 2.5, Sum: 16.1]
      [Termination (ms): Min: 0.0, Avg: 0.1, Max: 0.1, Diff: 0.1, Sum: 0.7]
         [Termination Attempts: Min: 1, Avg: 6.5, Max: 11, Diff: 10, Sum: 52]
      [GC Worker Other (ms): Min: 0.0, Avg: 0.0, Max: 0.1, Diff: 0.1, Sum: 0.3]
      [GC Worker Total (ms): Min: 5.4, Avg: 5.4, Max: 5.5, Diff: 0.1, Sum: 43.3]
      [GC Worker End (ms): Min: 594840336.7, Avg: 594840336.8, Max: 594840336.8, Diff: 0.1]
   [Code Root Fixup: 0.0 ms]
   [Code Root Purge: 0.0 ms]
   [Clear CT: 0.7 ms]
   [Other: 5.1 ms]
      [Choose CSet: 0.0 ms]
      [Ref Proc: 4.4 ms]
      [Ref Enq: 0.1 ms]
      [Redirty Cards: 0.1 ms]
      [Humongous Register: 0.1 ms]
      [Humongous Reclaim: 0.0 ms]
      [Free CSet: 0.3 ms]
   [Eden: 7152.0M(7152.0M)->0.0B(5712.0M) Survivors: 16384.0K->16384.0K Heap: 10738.4M(14336.0M)->3590.6M(14336.0M)]
 [Times: user=0.06 sys=0.00, real=0.01 secs] 
2022-07-28T18:26:07.833-0700: 594939.338: [GC pause (G1 Evacuation Pause) (mixed), 0.0133856 secs]
   [Parallel Time: 8.4 ms, GC Workers: 8]
      [GC Worker Start (ms): Min: 594939337.8, Avg: 594939337.9, Max: 594939337.9, Diff: 0.1]
      [Ext Root Scanning (ms): Min: 1.2, Avg: 2.1, Max: 6.8, Diff: 5.6, Sum: 16.6]
      [Update RS (ms): Min: 0.0, Avg: 1.2, Max: 1.8, Diff: 1.8, Sum: 9.7]
         [Processed Buffers: Min: 0, Avg: 4.5, Max: 12, Diff: 12, Sum: 36]
      [Scan RS (ms): Min: 0.0, Avg: 0.9, Max: 1.2, Diff: 1.1, Sum: 7.5]
      [Code Root Scanning (ms): Min: 0.0, Avg: 0.0, Max: 0.0, Diff: 0.0, Sum: 0.0]
      [Object Copy (ms): Min: 1.2, Avg: 3.7, Max: 4.2, Diff: 3.0, Sum: 29.8]
      [Termination (ms): Min: 0.0, Avg: 0.0, Max: 0.0, Diff: 0.0, Sum: 0.0]
         [Termination Attempts: Min: 1, Avg: 5.4, Max: 8, Diff: 7, Sum: 43]
      [GC Worker Other (ms): Min: 0.0, Avg: 0.1, Max: 0.1, Diff: 0.1, Sum: 0.5]
      [GC Worker Total (ms): Min: 8.0, Avg: 8.0, Max: 8.1, Diff: 0.2, Sum: 64.1]
      [GC Worker End (ms): Min: 594939345.9, Avg: 594939345.9, Max: 594939346.0, Diff: 0.1]
   [Code Root Fixup: 0.0 ms]
   [Code Root Purge: 0.0 ms]
   [Clear CT: 0.8 ms]
   [Other: 4.2 ms]
      [Choose CSet: 0.0 ms]
      [Ref Proc: 3.6 ms]
      [Ref Enq: 0.1 ms]
      [Redirty Cards: 0.1 ms]
      [Humongous Register: 0.1 ms]
      [Humongous Reclaim: 0.0 ms]
      [Free CSet: 0.2 ms]
   [Eden: 5712.0M(5712.0M)->0.0B(7152.0M) Survivors: 16384.0K->16384.0K Heap: 9302.6M(14336.0M)->3577.8M(14336.0M)]
 [Times: user=0.07 sys=0.00, real=0.02 secs] 
2022-07-28T18:28:07.720-0700: 595059.224: [GC pause (G1 Evacuation Pause) (young), 0.0130681 secs]
   [Parallel Time: 8.0 ms, GC Workers: 8]
      [GC Worker Start (ms): Min: 595059224.5, Avg: 595059224.6, Max: 595059224.7, Diff: 0.1]
      [Ext Root Scanning (ms): Min: 1.2, Avg: 2.0, Max: 5.5, Diff: 4.3, Sum: 15.9]
      [Update RS (ms): Min: 0.1, Avg: 3.3, Max: 4.1, Diff: 4.0, Sum: 26.4]
         [Processed Buffers: Min: 2, Avg: 12.0, Max: 17, Diff: 15, Sum: 96]
      [Scan RS (ms): Min: 0.0, Avg: 0.0, Max: 0.1, Diff: 0.1, Sum: 0.4]
      [Code Root Scanning (ms): Min: 0.0, Avg: 0.0, Max: 0.0, Diff: 0.0, Sum: 0.0]
      [Object Copy (ms): Min: 1.9, Avg: 2.2, Max: 2.4, Diff: 0.5, Sum: 17.3]
      [Termination (ms): Min: 0.0, Avg: 0.0, Max: 0.0, Diff: 0.0, Sum: 0.0]
         [Termination Attempts: Min: 1, Avg: 1.0, Max: 1, Diff: 0, Sum: 8]
      [GC Worker Other (ms): Min: 0.0, Avg: 0.1, Max: 0.1, Diff: 0.1, Sum: 0.4]
      [GC Worker Total (ms): Min: 7.5, Avg: 7.5, Max: 7.6, Diff: 0.2, Sum: 60.4]
      [GC Worker End (ms): Min: 595059232.1, Avg: 595059232.1, Max: 595059232.2, Diff: 0.1]
   [Code Root Fixup: 0.0 ms]
   [Code Root Purge: 0.0 ms]
   [Clear CT: 0.7 ms]
   [Other: 4.4 ms]
      [Choose CSet: 0.0 ms]
      [Ref Proc: 3.6 ms]
      [Ref Enq: 0.1 ms]
      [Redirty Cards: 0.1 ms]
      [Humongous Register: 0.1 ms]
      [Humongous Reclaim: 0.0 ms]
      [Free CSet: 0.3 ms]
   [Eden: 7152.0M(7152.0M)->0.0B(7152.0M) Survivors: 16384.0K->16384.0K Heap: 10729.8M(14336.0M)->3585.7M(14336.0M)]
 [Times: user=0.08 sys=0.00, real=0.01 secs] 
2022-07-28T18:30:11.270-0700: 595182.775: [GC pause (G1 Evacuation Pause) (young) (initial-mark), 0.0160932 secs]
   [Parallel Time: 11.1 ms, GC Workers: 8]
      [GC Worker Start (ms): Min: 595182776.5, Avg: 595182776.5, Max: 595182776.6, Diff: 0.1]
      [Ext Root Scanning (ms): Min: 4.9, Avg: 5.3, Max: 5.7, Diff: 0.8, Sum: 42.1]
      [Update RS (ms): Min: 1.1, Avg: 1.3, Max: 1.5, Diff: 0.5, Sum: 10.2]
         [Processed Buffers: Min: 3, Avg: 4.9, Max: 7, Diff: 4, Sum: 39]
      [Scan RS (ms): Min: 0.0, Avg: 0.0, Max: 0.1, Diff: 0.1, Sum: 0.4]
      [Code Root Scanning (ms): Min: 0.0, Avg: 0.0, Max: 0.0, Diff: 0.0, Sum: 0.0]
      [Object Copy (ms): Min: 1.9, Avg: 2.4, Max: 2.8, Diff: 0.9, Sum: 19.2]
      [Termination (ms): Min: 0.0, Avg: 0.0, Max: 0.0, Diff: 0.0, Sum: 0.1]
         [Termination Attempts: Min: 13, Avg: 19.4, Max: 22, Diff: 9, Sum: 155]
      [GC Worker Other (ms): Min: 0.0, Avg: 0.1, Max: 0.1, Diff: 0.1, Sum: 0.4]
      [GC Worker Total (ms): Min: 9.0, Avg: 9.0, Max: 9.1, Diff: 0.2, Sum: 72.4]
      [GC Worker End (ms): Min: 595182785.5, Avg: 595182785.6, Max: 595182785.6, Diff: 0.1]
   [Code Root Fixup: 0.0 ms]
   [Code Root Purge: 0.0 ms]
   [Clear CT: 0.8 ms]
   [Other: 4.3 ms]
      [Choose CSet: 0.0 ms]
      [Ref Proc: 3.6 ms]
      [Ref Enq: 0.1 ms]
      [Redirty Cards: 0.1 ms]
      [Humongous Register: 0.0 ms]
      [Humongous Reclaim: 0.0 ms]
      [Free CSet: 0.3 ms]
   [Eden: 7152.0M(7152.0M)->0.0B(7152.0M) Survivors: 16384.0K->16384.0K Heap: 10737.7M(14336.0M)->3584.5M(14336.0M)]
 [Times: user=0.07 sys=0.01, real=0.02 secs] 
2022-07-28T18:30:11.286-0700: 595182.791: [GC concurrent-root-region-scan-start]
2022-07-28T18:30:11.296-0700: 595182.800: [GC concurrent-root-region-scan-end, 0.0095697 secs]
2022-07-28T18:30:11.296-0700: 595182.800: [GC concurrent-mark-start]
2022-07-28T18:30:13.911-0700: 595185.416: [GC concurrent-mark-end, 2.6157605 secs]
2022-07-28T18:30:13.912-0700: 595185.417: [GC remark 2022-07-28T18:30:13.912-0700: 595185.417: [Finalize Marking, 0.0002371 secs] 2022-07-28T18:30:13.912-0700: 595185.417: [GC ref-proc, 0.0058224 secs] 2022-07-28T18:30:13.918-0700: 595185.423: [Unloading, 0.0274926 secs], 0.0393823 secs]
 [Times: user=0.26 sys=0.00, real=0.04 secs] 
2022-07-28T18:30:13.951-0700: 595185.456: [GC cleanup 3776M->3776M(14336M), 0.0083311 secs]
 [Times: user=0.06 sys=0.00, real=0.01 secs] 
2022-07-28T18:32:14.142-0700: 595305.646: [GC pause (G1 Evacuation Pause) (young), 0.0122851 secs]
   [Parallel Time: 7.1 ms, GC Workers: 8]
      [GC Worker Start (ms): Min: 595305646.5, Avg: 595305646.6, Max: 595305646.7, Diff: 0.1]
      [Ext Root Scanning (ms): Min: 1.5, Avg: 2.3, Max: 6.1, Diff: 4.6, Sum: 18.2]
      [Update RS (ms): Min: 0.0, Avg: 2.4, Max: 3.1, Diff: 3.1, Sum: 19.4]
         [Processed Buffers: Min: 0, Avg: 6.0, Max: 9, Diff: 9, Sum: 48]
      [Scan RS (ms): Min: 0.0, Avg: 0.1, Max: 0.1, Diff: 0.1, Sum: 0.4]
      [Code Root Scanning (ms): Min: 0.0, Avg: 0.0, Max: 0.0, Diff: 0.0, Sum: 0.0]
      [Object Copy (ms): Min: 0.8, Avg: 2.1, Max: 2.5, Diff: 1.7, Sum: 16.7]
      [Termination (ms): Min: 0.0, Avg: 0.0, Max: 0.0, Diff: 0.0, Sum: 0.0]
         [Termination Attempts: Min: 1, Avg: 1.4, Max: 2, Diff: 1, Sum: 11]
      [GC Worker Other (ms): Min: 0.0, Avg: 0.1, Max: 0.1, Diff: 0.1, Sum: 0.5]
      [GC Worker Total (ms): Min: 6.8, Avg: 6.9, Max: 7.0, Diff: 0.2, Sum: 55.3]
      [GC Worker End (ms): Min: 595305653.5, Avg: 595305653.6, Max: 595305653.6, Diff: 0.1]
   [Code Root Fixup: 0.0 ms]
   [Code Root Purge: 0.0 ms]
   [Clear CT: 0.8 ms]
   [Other: 4.4 ms]
      [Choose CSet: 0.0 ms]
      [Ref Proc: 3.6 ms]
      [Ref Enq: 0.1 ms]
      [Redirty Cards: 0.1 ms]
      [Humongous Register: 0.1 ms]
      [Humongous Reclaim: 0.0 ms]
      [Free CSet: 0.3 ms]
   [Eden: 7152.0M(7152.0M)->0.0B(5712.0M) Survivors: 16384.0K->16384.0K Heap: 10736.5M(14336.0M)->3586.0M(14336.0M)]
 [Times: user=0.07 sys=0.00, real=0.01 secs] 
2022-07-28T18:33:49.915-0700: 595401.419: [GC pause (G1 Evacuation Pause) (mixed), 0.0181968 secs]
   [Parallel Time: 13.6 ms, GC Workers: 8]
      [GC Worker Start (ms): Min: 595401419.7, Avg: 595401419.7, Max: 595401419.8, Diff: 0.2]
      [Ext Root Scanning (ms): Min: 1.3, Avg: 2.2, Max: 6.6, Diff: 5.2, Sum: 17.8]
      [Update RS (ms): Min: 0.0, Avg: 1.7, Max: 2.3, Diff: 2.3, Sum: 13.3]
         [Processed Buffers: Min: 0, Avg: 4.8, Max: 9, Diff: 9, Sum: 38]
      [Scan RS (ms): Min: 0.0, Avg: 2.0, Max: 2.5, Diff: 2.5, Sum: 16.2]
      [Code Root Scanning (ms): Min: 0.0, Avg: 0.0, Max: 0.0, Diff: 0.0, Sum: 0.0]
      [Object Copy (ms): Min: 6.7, Avg: 7.3, Max: 7.5, Diff: 0.8, Sum: 58.1]
      [Termination (ms): Min: 0.0, Avg: 0.0, Max: 0.0, Diff: 0.0, Sum: 0.0]
         [Termination Attempts: Min: 1, Avg: 9.0, Max: 17, Diff: 16, Sum: 72]
      [GC Worker Other (ms): Min: 0.0, Avg: 0.1, Max: 0.1, Diff: 0.1, Sum: 0.5]
      [GC Worker Total (ms): Min: 13.2, Avg: 13.2, Max: 13.3, Diff: 0.2, Sum: 106.0]
      [GC Worker End (ms): Min: 595401433.0, Avg: 595401433.0, Max: 595401433.1, Diff: 0.1]
   [Code Root Fixup: 0.0 ms]
   [Code Root Purge: 0.0 ms]
   [Clear CT: 0.8 ms]
   [Other: 3.8 ms]
      [Choose CSet: 0.0 ms]
      [Ref Proc: 3.1 ms]
      [Ref Enq: 0.1 ms]
      [Redirty Cards: 0.1 ms]
      [Humongous Register: 0.1 ms]
      [Humongous Reclaim: 0.0 ms]
      [Free CSet: 0.2 ms]
   [Eden: 5712.0M(5712.0M)->0.0B(7152.0M) Survivors: 16384.0K->16384.0K Heap: 9298.0M(14336.0M)->3572.7M(14336.0M)]
 [Times: user=0.12 sys=0.00, real=0.01 secs] 
2022-07-28T18:35:50.971-0700: 595522.476: [GC pause (G1 Evacuation Pause) (young), 0.0149228 secs]
   [Parallel Time: 10.5 ms, GC Workers: 8]
      [GC Worker Start (ms): Min: 595522476.2, Avg: 595522476.3, Max: 595522476.3, Diff: 0.1]
      [Ext Root Scanning (ms): Min: 1.1, Avg: 1.9, Max: 5.0, Diff: 3.9, Sum: 14.9]
      [Update RS (ms): Min: 3.4, Avg: 6.2, Max: 6.9, Diff: 3.4, Sum: 49.8]
         [Processed Buffers: Min: 11, Avg: 17.1, Max: 20, Diff: 9, Sum: 137]
      [Scan RS (ms): Min: 0.0, Avg: 0.0, Max: 0.1, Diff: 0.1, Sum: 0.4]
      [Code Root Scanning (ms): Min: 0.0, Avg: 0.0, Max: 0.0, Diff: 0.0, Sum: 0.0]
      [Object Copy (ms): Min: 1.4, Avg: 2.0, Max: 2.1, Diff: 0.7, Sum: 15.7]
      [Termination (ms): Min: 0.0, Avg: 0.0, Max: 0.0, Diff: 0.0, Sum: 0.0]
         [Termination Attempts: Min: 1, Avg: 4.0, Max: 6, Diff: 5, Sum: 32]
      [GC Worker Other (ms): Min: 0.0, Avg: 0.1, Max: 0.1, Diff: 0.1, Sum: 0.4]
      [GC Worker Total (ms): Min: 10.1, Avg: 10.2, Max: 10.2, Diff: 0.2, Sum: 81.3]
      [GC Worker End (ms): Min: 595522486.4, Avg: 595522486.4, Max: 595522486.5, Diff: 0.1]
   [Code Root Fixup: 0.0 ms]
   [Code Root Purge: 0.0 ms]
   [Clear CT: 0.8 ms]
   [Other: 3.7 ms]
      [Choose CSet: 0.0 ms]
      [Ref Proc: 3.0 ms]
      [Ref Enq: 0.1 ms]
      [Redirty Cards: 0.1 ms]
      [Humongous Register: 0.1 ms]
      [Humongous Reclaim: 0.0 ms]
      [Free CSet: 0.3 ms]
   [Eden: 7152.0M(7152.0M)->0.0B(7152.0M) Survivors: 16384.0K->16384.0K Heap: 10724.7M(14336.0M)->3579.6M(14336.0M)]
 [Times: user=0.09 sys=0.01, real=0.02 secs] 
2022-07-28T18:37:52.716-0700: 595644.221: [GC pause (G1 Evacuation Pause) (young) (initial-mark), 0.0156981 secs]
   [Parallel Time: 12.5 ms, GC Workers: 8]
      [GC Worker Start (ms): Min: 595644222.4, Avg: 595644222.5, Max: 595644222.5, Diff: 0.1]
      [Ext Root Scanning (ms): Min: 5.1, Avg: 5.5, Max: 5.9, Diff: 0.8, Sum: 43.7]
      [Update RS (ms): Min: 1.5, Avg: 1.7, Max: 2.1, Diff: 0.5, Sum: 13.3]
         [Processed Buffers: Min: 3, Avg: 6.5, Max: 12, Diff: 9, Sum: 52]
      [Scan RS (ms): Min: 0.0, Avg: 0.1, Max: 0.1, Diff: 0.1, Sum: 0.4]
      [Code Root Scanning (ms): Min: 0.0, Avg: 0.0, Max: 0.0, Diff: 0.0, Sum: 0.0]
      [Object Copy (ms): Min: 3.0, Avg: 3.4, Max: 3.8, Diff: 0.8, Sum: 27.1]
      [Termination (ms): Min: 0.0, Avg: 0.0, Max: 0.0, Diff: 0.0, Sum: 0.0]
         [Termination Attempts: Min: 2, Avg: 3.4, Max: 4, Diff: 2, Sum: 27]
      [GC Worker Other (ms): Min: 0.0, Avg: 0.1, Max: 0.1, Diff: 0.1, Sum: 0.4]
      [GC Worker Total (ms): Min: 10.5, Avg: 10.6, Max: 10.7, Diff: 0.2, Sum: 84.9]
      [GC Worker End (ms): Min: 595644233.0, Avg: 595644233.1, Max: 595644233.1, Diff: 0.1]
   [Code Root Fixup: 0.0 ms]
   [Code Root Purge: 0.0 ms]
   [Clear CT: 0.8 ms]
   [Other: 2.4 ms]
      [Choose CSet: 0.0 ms]
      [Ref Proc: 1.8 ms]
      [Ref Enq: 0.1 ms]
      [Redirty Cards: 0.1 ms]
      [Humongous Register: 0.0 ms]
      [Humongous Reclaim: 0.0 ms]
      [Free CSet: 0.3 ms]
   [Eden: 7152.0M(7152.0M)->0.0B(7152.0M) Survivors: 16384.0K->16384.0K Heap: 10731.6M(14336.0M)->3588.3M(14336.0M)]
 [Times: user=0.09 sys=0.00, real=0.01 secs] 
2022-07-28T18:37:52.732-0700: 595644.236: [GC concurrent-root-region-scan-start]
2022-07-28T18:37:52.746-0700: 595644.250: [GC concurrent-root-region-scan-end, 0.0140843 secs]
2022-07-28T18:37:52.746-0700: 595644.251: [GC concurrent-mark-start]
2022-07-28T18:37:55.405-0700: 595646.910: [GC concurrent-mark-end, 2.6593506 secs]
2022-07-28T18:37:55.405-0700: 595646.910: [GC remark 2022-07-28T18:37:55.405-0700: 595646.910: [Finalize Marking, 0.0002474 secs] 2022-07-28T18:37:55.406-0700: 595646.910: [GC ref-proc, 0.0125523 secs] 2022-07-28T18:37:55.418-0700: 595646.923: [Unloading, 0.0277310 secs], 0.0464695 secs]
 [Times: user=0.26 sys=0.00, real=0.04 secs] 
2022-07-28T18:37:55.452-0700: 595646.957: [GC cleanup 3824M->3824M(14336M), 0.0088357 secs]
 [Times: user=0.06 sys=0.00, real=0.01 secs] 
2022-07-28T18:39:54.169-0700: 595765.673: [GC pause (G1 Evacuation Pause) (young), 0.0113555 secs]
   [Parallel Time: 5.8 ms, GC Workers: 8]
      [GC Worker Start (ms): Min: 595765673.4, Avg: 595765673.5, Max: 595765673.6, Diff: 0.2]
      [Ext Root Scanning (ms): Min: 1.1, Avg: 1.9, Max: 5.4, Diff: 4.3, Sum: 15.4]
      [Update RS (ms): Min: 0.0, Avg: 1.4, Max: 2.1, Diff: 2.1, Sum: 11.4]
         [Processed Buffers: Min: 0, Avg: 5.8, Max: 11, Diff: 11, Sum: 46]
      [Scan RS (ms): Min: 0.0, Avg: 0.1, Max: 0.1, Diff: 0.1, Sum: 0.4]
      [Code Root Scanning (ms): Min: 0.0, Avg: 0.0, Max: 0.0, Diff: 0.0, Sum: 0.0]
      [Object Copy (ms): Min: 0.1, Avg: 2.0, Max: 2.4, Diff: 2.4, Sum: 16.3]
      [Termination (ms): Min: 0.0, Avg: 0.0, Max: 0.0, Diff: 0.0, Sum: 0.1]
         [Termination Attempts: Min: 15, Avg: 18.2, Max: 21, Diff: 6, Sum: 146]
      [GC Worker Other (ms): Min: 0.0, Avg: 0.0, Max: 0.1, Diff: 0.1, Sum: 0.3]
      [GC Worker Total (ms): Min: 5.4, Avg: 5.5, Max: 5.6, Diff: 0.2, Sum: 44.0]
      [GC Worker End (ms): Min: 595765679.0, Avg: 595765679.0, Max: 595765679.1, Diff: 0.1]
   [Code Root Fixup: 0.0 ms]
   [Code Root Purge: 0.0 ms]
   [Clear CT: 0.8 ms]
   [Other: 4.8 ms]
      [Choose CSet: 0.0 ms]
      [Ref Proc: 4.1 ms]
      [Ref Enq: 0.1 ms]
      [Redirty Cards: 0.1 ms]
      [Humongous Register: 0.0 ms]
      [Humongous Reclaim: 0.0 ms]
      [Free CSet: 0.3 ms]
   [Eden: 7152.0M(7152.0M)->0.0B(5712.0M) Survivors: 16384.0K->16384.0K Heap: 10740.3M(14336.0M)->3589.9M(14336.0M)]
 [Times: user=0.06 sys=0.00, real=0.01 secs] 
2022-07-28T18:41:32.622-0700: 595864.126: [GC pause (G1 Evacuation Pause) (mixed), 0.0108753 secs]
   [Parallel Time: 7.2 ms, GC Workers: 8]
      [GC Worker Start (ms): Min: 595864126.6, Avg: 595864126.7, Max: 595864126.8, Diff: 0.2]
      [Ext Root Scanning (ms): Min: 1.2, Avg: 2.2, Max: 7.0, Diff: 5.7, Sum: 17.4]
      [Update RS (ms): Min: 0.0, Avg: 1.4, Max: 2.0, Diff: 2.0, Sum: 11.6]
         [Processed Buffers: Min: 0, Avg: 5.2, Max: 12, Diff: 12, Sum: 42]
      [Scan RS (ms): Min: 0.0, Avg: 0.4, Max: 0.5, Diff: 0.5, Sum: 2.9]
      [Code Root Scanning (ms): Min: 0.0, Avg: 0.0, Max: 0.0, Diff: 0.0, Sum: 0.0]
      [Object Copy (ms): Min: 0.0, Avg: 2.9, Max: 3.4, Diff: 3.4, Sum: 23.4]
      [Termination (ms): Min: 0.0, Avg: 0.0, Max: 0.0, Diff: 0.0, Sum: 0.0]
         [Termination Attempts: Min: 5, Avg: 9.4, Max: 13, Diff: 8, Sum: 75]
      [GC Worker Other (ms): Min: 0.0, Avg: 0.0, Max: 0.1, Diff: 0.1, Sum: 0.4]
      [GC Worker Total (ms): Min: 6.9, Avg: 7.0, Max: 7.0, Diff: 0.1, Sum: 55.7]
      [GC Worker End (ms): Min: 595864133.6, Avg: 595864133.7, Max: 595864133.7, Diff: 0.1]
   [Code Root Fixup: 0.0 ms]
   [Code Root Purge: 0.0 ms]
   [Clear CT: 0.7 ms]
   [Other: 3.0 ms]
      [Choose CSet: 0.0 ms]
      [Ref Proc: 2.4 ms]
      [Ref Enq: 0.1 ms]
      [Redirty Cards: 0.1 ms]
      [Humongous Register: 0.1 ms]
      [Humongous Reclaim: 0.0 ms]
      [Free CSet: 0.2 ms]
   [Eden: 5712.0M(5712.0M)->0.0B(7152.0M) Survivors: 16384.0K->16384.0K Heap: 9301.9M(14336.0M)->3572.4M(14336.0M)]
 [Times: user=0.07 sys=0.00, real=0.01 secs] 
2022-07-28T18:43:33.423-0700: 595984.928: [GC pause (G1 Evacuation Pause) (young), 0.0114973 secs]
   [Parallel Time: 7.0 ms, GC Workers: 8]
      [GC Worker Start (ms): Min: 595984927.7, Avg: 595984927.7, Max: 595984927.7, Diff: 0.1]
      [Ext Root Scanning (ms): Min: 1.3, Avg: 2.0, Max: 5.6, Diff: 4.3, Sum: 16.2]
      [Update RS (ms): Min: 0.0, Avg: 2.5, Max: 3.2, Diff: 3.2, Sum: 20.1]
         [Processed Buffers: Min: 0, Avg: 7.9, Max: 14, Diff: 14, Sum: 63]
      [Scan RS (ms): Min: 0.0, Avg: 0.0, Max: 0.1, Diff: 0.1, Sum: 0.4]
      [Code Root Scanning (ms): Min: 0.0, Avg: 0.0, Max: 0.0, Diff: 0.0, Sum: 0.0]
      [Object Copy (ms): Min: 1.0, Avg: 2.0, Max: 2.3, Diff: 1.2, Sum: 16.0]
      [Termination (ms): Min: 0.0, Avg: 0.0, Max: 0.0, Diff: 0.0, Sum: 0.0]
         [Termination Attempts: Min: 1, Avg: 1.2, Max: 2, Diff: 1, Sum: 10]
      [GC Worker Other (ms): Min: 0.0, Avg: 0.1, Max: 0.1, Diff: 0.1, Sum: 0.5]
      [GC Worker Total (ms): Min: 6.6, Avg: 6.6, Max: 6.7, Diff: 0.1, Sum: 53.2]
      [GC Worker End (ms): Min: 595984934.3, Avg: 595984934.4, Max: 595984934.4, Diff: 0.1]
   [Code Root Fixup: 0.0 ms]
   [Code Root Purge: 0.0 ms]
   [Clear CT: 0.7 ms]
   [Other: 3.8 ms]
      [Choose CSet: 0.0 ms]
      [Ref Proc: 3.1 ms]
      [Ref Enq: 0.1 ms]
      [Redirty Cards: 0.1 ms]
      [Humongous Register: 0.1 ms]
      [Humongous Reclaim: 0.0 ms]
      [Free CSet: 0.3 ms]
   [Eden: 7152.0M(7152.0M)->0.0B(7152.0M) Survivors: 16384.0K->16384.0K Heap: 10724.4M(14336.0M)->3579.4M(14336.0M)]
 [Times: user=0.06 sys=0.01, real=0.00 secs] 
2022-07-28T18:45:36.365-0700: 596107.870: [GC pause (G1 Evacuation Pause) (young) (initial-mark), 0.0174539 secs]
   [Parallel Time: 12.3 ms, GC Workers: 8]
      [GC Worker Start (ms): Min: 596107871.9, Avg: 596107872.0, Max: 596107872.0, Diff: 0.1]
      [Ext Root Scanning (ms): Min: 5.7, Avg: 6.1, Max: 6.6, Diff: 0.9, Sum: 48.8]
      [Update RS (ms): Min: 1.2, Avg: 1.3, Max: 1.6, Diff: 0.5, Sum: 10.6]
         [Processed Buffers: Min: 2, Avg: 4.5, Max: 6, Diff: 4, Sum: 36]
      [Scan RS (ms): Min: 0.0, Avg: 0.1, Max: 0.1, Diff: 0.1, Sum: 0.4]
      [Code Root Scanning (ms): Min: 0.0, Avg: 0.0, Max: 0.0, Diff: 0.0, Sum: 0.0]
      [Object Copy (ms): Min: 1.7, Avg: 2.2, Max: 2.6, Diff: 1.0, Sum: 17.7]
      [Termination (ms): Min: 0.0, Avg: 0.0, Max: 0.0, Diff: 0.0, Sum: 0.0]
         [Termination Attempts: Min: 6, Avg: 10.8, Max: 14, Diff: 8, Sum: 86]
      [GC Worker Other (ms): Min: 0.0, Avg: 0.1, Max: 0.1, Diff: 0.1, Sum: 0.5]
      [GC Worker Total (ms): Min: 9.6, Avg: 9.8, Max: 9.8, Diff: 0.2, Sum: 78.1]
      [GC Worker End (ms): Min: 596107881.7, Avg: 596107881.7, Max: 596107881.8, Diff: 0.1]
   [Code Root Fixup: 0.0 ms]
   [Code Root Purge: 0.0 ms]
   [Clear CT: 0.8 ms]
   [Other: 4.4 ms]
      [Choose CSet: 0.0 ms]
      [Ref Proc: 3.6 ms]
      [Ref Enq: 0.1 ms]
      [Redirty Cards: 0.1 ms]
      [Humongous Register: 0.0 ms]
      [Humongous Reclaim: 0.0 ms]
      [Free CSet: 0.3 ms]
   [Eden: 7152.0M(7152.0M)->0.0B(7152.0M) Survivors: 16384.0K->16384.0K Heap: 10731.4M(14336.0M)->3577.5M(14336.0M)]
 [Times: user=0.07 sys=0.01, real=0.01 secs] 
2022-07-28T18:45:36.382-0700: 596107.887: [GC concurrent-root-region-scan-start]
2022-07-28T18:45:36.391-0700: 596107.896: [GC concurrent-root-region-scan-end, 0.0087633 secs]
2022-07-28T18:45:36.391-0700: 596107.896: [GC concurrent-mark-start]
2022-07-28T18:45:39.061-0700: 596110.566: [GC concurrent-mark-end, 2.6701947 secs]
2022-07-28T18:45:39.062-0700: 596110.566: [GC remark 2022-07-28T18:45:39.062-0700: 596110.566: [Finalize Marking, 0.0002034 secs] 2022-07-28T18:45:39.062-0700: 596110.567: [GC ref-proc, 0.0054836 secs] 2022-07-28T18:45:39.067-0700: 596110.572: [Unloading, 0.0279904 secs], 0.0394975 secs]
 [Times: user=0.26 sys=0.00, real=0.04 secs] 
2022-07-28T18:45:39.102-0700: 596110.606: [GC cleanup 3737M->3737M(14336M), 0.0090594 secs]
 [Times: user=0.06 sys=0.00, real=0.01 secs] 
2022-07-28T18:47:38.834-0700: 596230.339: [GC pause (G1 Evacuation Pause) (young), 0.0111028 secs]
   [Parallel Time: 6.2 ms, GC Workers: 8]
      [GC Worker Start (ms): Min: 596230339.0, Avg: 596230339.1, Max: 596230339.2, Diff: 0.2]
      [Ext Root Scanning (ms): Min: 1.1, Avg: 1.9, Max: 5.9, Diff: 4.9, Sum: 15.5]
      [Update RS (ms): Min: 0.0, Avg: 1.5, Max: 1.8, Diff: 1.8, Sum: 11.6]
         [Processed Buffers: Min: 0, Avg: 5.9, Max: 13, Diff: 13, Sum: 47]
      [Scan RS (ms): Min: 0.0, Avg: 0.1, Max: 0.1, Diff: 0.1, Sum: 0.4]
      [Code Root Scanning (ms): Min: 0.0, Avg: 0.0, Max: 0.0, Diff: 0.0, Sum: 0.0]
      [Object Copy (ms): Min: 0.0, Avg: 1.9, Max: 2.3, Diff: 2.3, Sum: 15.4]
      [Termination (ms): Min: 0.0, Avg: 0.5, Max: 0.6, Diff: 0.6, Sum: 4.1]
         [Termination Attempts: Min: 1, Avg: 8.4, Max: 11, Diff: 10, Sum: 67]
      [GC Worker Other (ms): Min: 0.0, Avg: 0.0, Max: 0.1, Diff: 0.1, Sum: 0.2]
      [GC Worker Total (ms): Min: 5.8, Avg: 5.9, Max: 6.0, Diff: 0.2, Sum: 47.3]
      [GC Worker End (ms): Min: 596230345.0, Avg: 596230345.0, Max: 596230345.1, Diff: 0.1]
   [Code Root Fixup: 0.0 ms]
   [Code Root Purge: 0.0 ms]
   [Clear CT: 0.6 ms]
   [Other: 4.2 ms]
      [Choose CSet: 0.0 ms]
      [Ref Proc: 3.6 ms]
      [Ref Enq: 0.1 ms]
      [Redirty Cards: 0.1 ms]
      [Humongous Register: 0.1 ms]
      [Humongous Reclaim: 0.0 ms]
      [Free CSet: 0.3 ms]
   [Eden: 7152.0M(7152.0M)->0.0B(7152.0M) Survivors: 16384.0K->16384.0K Heap: 10729.5M(14336.0M)->3578.9M(14336.0M)]
 [Times: user=0.06 sys=0.00, real=0.02 secs] 
2022-07-28T18:49:39.724-0700: 596351.229: [GC pause (G1 Evacuation Pause) (young), 0.0093335 secs]
   [Parallel Time: 6.0 ms, GC Workers: 8]
      [GC Worker Start (ms): Min: 596351229.3, Avg: 596351229.4, Max: 596351229.4, Diff: 0.2]
      [Ext Root Scanning (ms): Min: 1.2, Avg: 2.0, Max: 5.7, Diff: 4.6, Sum: 15.8]
      [Update RS (ms): Min: 0.0, Avg: 1.3, Max: 1.8, Diff: 1.8, Sum: 10.6]
         [Processed Buffers: Min: 0, Avg: 5.0, Max: 8, Diff: 8, Sum: 40]
      [Scan RS (ms): Min: 0.0, Avg: 0.1, Max: 0.1, Diff: 0.1, Sum: 0.4]
      [Code Root Scanning (ms): Min: 0.0, Avg: 0.0, Max: 0.0, Diff: 0.0, Sum: 0.0]
      [Object Copy (ms): Min: 0.0, Avg: 2.2, Max: 2.6, Diff: 2.6, Sum: 17.3]
      [Termination (ms): Min: 0.0, Avg: 0.1, Max: 0.1, Diff: 0.1, Sum: 1.0]
         [Termination Attempts: Min: 1, Avg: 3.8, Max: 11, Diff: 10, Sum: 30]
      [GC Worker Other (ms): Min: 0.0, Avg: 0.1, Max: 0.1, Diff: 0.1, Sum: 0.4]
      [GC Worker Total (ms): Min: 5.6, Avg: 5.7, Max: 5.8, Diff: 0.2, Sum: 45.6]
      [GC Worker End (ms): Min: 596351235.0, Avg: 596351235.1, Max: 596351235.2, Diff: 0.1]
   [Code Root Fixup: 0.0 ms]
   [Code Root Purge: 0.0 ms]
   [Clear CT: 0.7 ms]
   [Other: 2.6 ms]
      [Choose CSet: 0.0 ms]
      [Ref Proc: 2.0 ms]
      [Ref Enq: 0.1 ms]
      [Redirty Cards: 0.1 ms]
      [Humongous Register: 0.1 ms]
      [Humongous Reclaim: 0.0 ms]
      [Free CSet: 0.3 ms]
   [Eden: 7152.0M(7152.0M)->0.0B(7152.0M) Survivors: 16384.0K->16384.0K Heap: 10730.9M(14336.0M)->3582.6M(14336.0M)]
 [Times: user=0.06 sys=0.00, real=0.00 secs] 
2022-07-28T18:51:42.823-0700: 596474.327: [GC pause (G1 Evacuation Pause) (young) (initial-mark), 0.0172605 secs]
   [Parallel Time: 12.1 ms, GC Workers: 8]
      [GC Worker Start (ms): Min: 596474329.7, Avg: 596474329.7, Max: 596474329.8, Diff: 0.1]
      [Ext Root Scanning (ms): Min: 5.3, Avg: 5.7, Max: 6.2, Diff: 0.8, Sum: 45.6]
      [Update RS (ms): Min: 1.4, Avg: 1.5, Max: 1.7, Diff: 0.3, Sum: 12.2]
         [Processed Buffers: Min: 3, Avg: 5.4, Max: 9, Diff: 6, Sum: 43]
      [Scan RS (ms): Min: 0.0, Avg: 0.0, Max: 0.1, Diff: 0.1, Sum: 0.4]
      [Code Root Scanning (ms): Min: 0.0, Avg: 0.0, Max: 0.0, Diff: 0.0, Sum: 0.0]
      [Object Copy (ms): Min: 2.0, Avg: 2.5, Max: 2.9, Diff: 0.9, Sum: 20.4]
      [Termination (ms): Min: 0.0, Avg: 0.0, Max: 0.0, Diff: 0.0, Sum: 0.0]
         [Termination Attempts: Min: 1, Avg: 1.0, Max: 1, Diff: 0, Sum: 8]
      [GC Worker Other (ms): Min: 0.0, Avg: 0.1, Max: 0.1, Diff: 0.1, Sum: 0.5]
      [GC Worker Total (ms): Min: 9.8, Avg: 9.9, Max: 10.0, Diff: 0.2, Sum: 79.0]
      [GC Worker End (ms): Min: 596474339.6, Avg: 596474339.6, Max: 596474339.6, Diff: 0.1]
   [Code Root Fixup: 0.0 ms]
   [Code Root Purge: 0.0 ms]
   [Clear CT: 0.8 ms]
   [Other: 4.4 ms]
      [Choose CSet: 0.0 ms]
      [Ref Proc: 3.6 ms]
      [Ref Enq: 0.1 ms]
      [Redirty Cards: 0.1 ms]
      [Humongous Register: 0.0 ms]
      [Humongous Reclaim: 0.0 ms]
      [Free CSet: 0.3 ms]
   [Eden: 7152.0M(7152.0M)->0.0B(7152.0M) Survivors: 16384.0K->16384.0K Heap: 10734.6M(14336.0M)->3580.8M(14336.0M)]
 [Times: user=0.09 sys=0.00, real=0.02 secs] 
2022-07-28T18:51:42.840-0700: 596474.345: [GC concurrent-root-region-scan-start]
2022-07-28T18:51:42.850-0700: 596474.355: [GC concurrent-root-region-scan-end, 0.0098152 secs]
2022-07-28T18:51:42.850-0700: 596474.355: [GC concurrent-mark-start]
2022-07-28T18:51:45.570-0700: 596477.074: [GC concurrent-mark-end, 2.7197719 secs]
2022-07-28T18:51:45.570-0700: 596477.075: [GC remark 2022-07-28T18:51:45.570-0700: 596477.075: [Finalize Marking, 0.0003707 secs] 2022-07-28T18:51:45.570-0700: 596477.075: [GC ref-proc, 0.0079899 secs] 2022-07-28T18:51:45.578-0700: 596477.083: [Unloading, 0.0281145 secs], 0.0422352 secs]
 [Times: user=0.26 sys=0.00, real=0.04 secs] 
2022-07-28T18:51:45.613-0700: 596477.117: [GC cleanup 3804M->3804M(14336M), 0.0085464 secs]
 [Times: user=0.06 sys=0.00, real=0.01 secs] 
2022-07-28T18:53:41.971-0700: 596593.476: [GC pause (G1 Evacuation Pause) (young), 0.0102524 secs]
   [Parallel Time: 6.0 ms, GC Workers: 8]
      [GC Worker Start (ms): Min: 596593476.0, Avg: 596593476.2, Max: 596593476.3, Diff: 0.2]
      [Ext Root Scanning (ms): Min: 1.2, Avg: 2.0, Max: 5.4, Diff: 4.3, Sum: 15.7]
      [Update RS (ms): Min: 0.0, Avg: 1.5, Max: 2.2, Diff: 2.2, Sum: 11.7]
         [Processed Buffers: Min: 0, Avg: 5.5, Max: 9, Diff: 9, Sum: 44]
      [Scan RS (ms): Min: 0.0, Avg: 0.1, Max: 0.1, Diff: 0.1, Sum: 0.4]
      [Code Root Scanning (ms): Min: 0.0, Avg: 0.0, Max: 0.0, Diff: 0.0, Sum: 0.0]
      [Object Copy (ms): Min: 0.2, Avg: 2.1, Max: 2.5, Diff: 2.3, Sum: 16.6]
      [Termination (ms): Min: 0.0, Avg: 0.0, Max: 0.0, Diff: 0.0, Sum: 0.0]
         [Termination Attempts: Min: 10, Avg: 15.1, Max: 19, Diff: 9, Sum: 121]
      [GC Worker Other (ms): Min: 0.0, Avg: 0.1, Max: 0.1, Diff: 0.1, Sum: 0.5]
      [GC Worker Total (ms): Min: 5.5, Avg: 5.6, Max: 5.7, Diff: 0.2, Sum: 44.9]
      [GC Worker End (ms): Min: 596593481.7, Avg: 596593481.8, Max: 596593481.8, Diff: 0.1]
   [Code Root Fixup: 0.0 ms]
   [Code Root Purge: 0.0 ms]
   [Clear CT: 0.7 ms]
   [Other: 3.6 ms]
      [Choose CSet: 0.0 ms]
      [Ref Proc: 2.9 ms]
      [Ref Enq: 0.1 ms]
      [Redirty Cards: 0.1 ms]
      [Humongous Register: 0.1 ms]
      [Humongous Reclaim: 0.0 ms]
      [Free CSet: 0.3 ms]
   [Eden: 7152.0M(7152.0M)->0.0B(7152.0M) Survivors: 16384.0K->16384.0K Heap: 10732.8M(14336.0M)->3586.4M(14336.0M)]
 [Times: user=0.05 sys=0.01, real=0.01 secs] 
2022-07-28T18:55:41.468-0700: 596712.973: [GC pause (G1 Evacuation Pause) (young), 0.0093256 secs]
   [Parallel Time: 6.5 ms, GC Workers: 8]
      [GC Worker Start (ms): Min: 596712972.8, Avg: 596712972.9, Max: 596712972.9, Diff: 0.2]
      [Ext Root Scanning (ms): Min: 1.3, Avg: 2.1, Max: 5.7, Diff: 4.4, Sum: 16.7]
      [Update RS (ms): Min: 0.0, Avg: 2.0, Max: 2.9, Diff: 2.9, Sum: 16.1]
         [Processed Buffers: Min: 0, Avg: 5.5, Max: 12, Diff: 12, Sum: 44]
      [Scan RS (ms): Min: 0.0, Avg: 0.1, Max: 0.1, Diff: 0.1, Sum: 0.5]
      [Code Root Scanning (ms): Min: 0.0, Avg: 0.0, Max: 0.0, Diff: 0.0, Sum: 0.0]
      [Object Copy (ms): Min: 0.6, Avg: 2.1, Max: 2.5, Diff: 1.9, Sum: 17.0]
      [Termination (ms): Min: 0.0, Avg: 0.0, Max: 0.0, Diff: 0.0, Sum: 0.0]
         [Termination Attempts: Min: 1, Avg: 1.2, Max: 2, Diff: 1, Sum: 10]
      [GC Worker Other (ms): Min: 0.0, Avg: 0.0, Max: 0.1, Diff: 0.1, Sum: 0.4]
      [GC Worker Total (ms): Min: 6.3, Avg: 6.3, Max: 6.4, Diff: 0.1, Sum: 50.7]
      [GC Worker End (ms): Min: 596712979.2, Avg: 596712979.2, Max: 596712979.2, Diff: 0.1]
   [Code Root Fixup: 0.0 ms]
   [Code Root Purge: 0.0 ms]
   [Clear CT: 0.7 ms]
   [Other: 2.1 ms]
      [Choose CSet: 0.0 ms]
      [Ref Proc: 1.4 ms]
      [Ref Enq: 0.1 ms]
      [Redirty Cards: 0.1 ms]
      [Humongous Register: 0.1 ms]
      [Humongous Reclaim: 0.0 ms]
      [Free CSet: 0.3 ms]
   [Eden: 7152.0M(7152.0M)->0.0B(7152.0M) Survivors: 16384.0K->16384.0K Heap: 10738.4M(14336.0M)->3583.4M(14336.0M)]
 [Times: user=0.06 sys=0.00, real=0.01 secs] 
2022-07-28T18:57:42.315-0700: 596833.819: [GC pause (G1 Evacuation Pause) (young) (initial-mark), 0.0184503 secs]
   [Parallel Time: 12.9 ms, GC Workers: 8]
      [GC Worker Start (ms): Min: 596833821.6, Avg: 596833821.7, Max: 596833821.8, Diff: 0.2]
      [Ext Root Scanning (ms): Min: 5.8, Avg: 6.2, Max: 6.8, Diff: 1.0, Sum: 49.8]
      [Update RS (ms): Min: 1.6, Avg: 1.7, Max: 1.9, Diff: 0.3, Sum: 13.9]
         [Processed Buffers: Min: 4, Avg: 6.1, Max: 9, Diff: 5, Sum: 49]
      [Scan RS (ms): Min: 0.0, Avg: 0.1, Max: 0.1, Diff: 0.1, Sum: 0.4]
      [Code Root Scanning (ms): Min: 0.0, Avg: 0.0, Max: 0.0, Diff: 0.0, Sum: 0.0]
      [Object Copy (ms): Min: 1.9, Avg: 2.3, Max: 2.7, Diff: 0.8, Sum: 18.7]
      [Termination (ms): Min: 0.0, Avg: 0.0, Max: 0.0, Diff: 0.0, Sum: 0.1]
         [Termination Attempts: Min: 20, Avg: 23.1, Max: 30, Diff: 10, Sum: 185]
      [GC Worker Other (ms): Min: 0.0, Avg: 0.1, Max: 0.1, Diff: 0.1, Sum: 0.6]
      [GC Worker Total (ms): Min: 10.3, Avg: 10.4, Max: 10.6, Diff: 0.3, Sum: 83.5]
      [GC Worker End (ms): Min: 596833832.0, Avg: 596833832.1, Max: 596833832.2, Diff: 0.1]
   [Code Root Fixup: 0.0 ms]
   [Code Root Purge: 0.0 ms]
   [Clear CT: 0.7 ms]
   [Other: 4.7 ms]
      [Choose CSet: 0.0 ms]
      [Ref Proc: 3.9 ms]
      [Ref Enq: 0.1 ms]
      [Redirty Cards: 0.1 ms]
      [Humongous Register: 0.0 ms]
      [Humongous Reclaim: 0.0 ms]
      [Free CSet: 0.3 ms]
   [Eden: 7152.0M(7152.0M)->0.0B(7152.0M) Survivors: 16384.0K->16384.0K Heap: 10735.4M(14336.0M)->3584.6M(14336.0M)]
 [Times: user=0.09 sys=0.00, real=0.02 secs] 
2022-07-28T18:57:42.333-0700: 596833.838: [GC concurrent-root-region-scan-start]
2022-07-28T18:57:42.343-0700: 596833.848: [GC concurrent-root-region-scan-end, 0.0099798 secs]
2022-07-28T18:57:42.343-0700: 596833.848: [GC concurrent-mark-start]
2022-07-28T18:57:44.993-0700: 596836.497: [GC concurrent-mark-end, 2.6493873 secs]
2022-07-28T18:57:44.993-0700: 596836.498: [GC remark 2022-07-28T18:57:44.993-0700: 596836.498: [Finalize Marking, 0.0002247 secs] 2022-07-28T18:57:44.993-0700: 596836.498: [GC ref-proc, 0.0124837 secs] 2022-07-28T18:57:45.006-0700: 596836.510: [Unloading, 0.0273484 secs], 0.0457507 secs]
 [Times: user=0.26 sys=0.00, real=0.05 secs] 
2022-07-28T18:57:45.039-0700: 596836.544: [GC cleanup 3784M->3784M(14336M), 0.0088366 secs]
 [Times: user=0.06 sys=0.00, real=0.01 secs] 
2022-07-28T18:59:44.125-0700: 596955.630: [GC pause (G1 Evacuation Pause) (young), 0.0102959 secs]
   [Parallel Time: 5.7 ms, GC Workers: 8]
      [GC Worker Start (ms): Min: 596955630.3, Avg: 596955630.3, Max: 596955630.4, Diff: 0.2]
      [Ext Root Scanning (ms): Min: 1.1, Avg: 1.9, Max: 5.5, Diff: 4.3, Sum: 15.3]
      [Update RS (ms): Min: 0.0, Avg: 1.3, Max: 2.0, Diff: 2.0, Sum: 10.7]
         [Processed Buffers: Min: 0, Avg: 5.4, Max: 10, Diff: 10, Sum: 43]
      [Scan RS (ms): Min: 0.0, Avg: 0.0, Max: 0.1, Diff: 0.1, Sum: 0.4]
      [Code Root Scanning (ms): Min: 0.0, Avg: 0.0, Max: 0.0, Diff: 0.0, Sum: 0.0]
      [Object Copy (ms): Min: 0.0, Avg: 2.0, Max: 2.5, Diff: 2.5, Sum: 16.3]
      [Termination (ms): Min: 0.0, Avg: 0.1, Max: 0.1, Diff: 0.1, Sum: 0.8]
         [Termination Attempts: Min: 1, Avg: 7.9, Max: 11, Diff: 10, Sum: 63]
      [GC Worker Other (ms): Min: 0.0, Avg: 0.0, Max: 0.0, Diff: 0.0, Sum: 0.2]
      [GC Worker Total (ms): Min: 5.4, Avg: 5.5, Max: 5.6, Diff: 0.2, Sum: 43.7]
      [GC Worker End (ms): Min: 596955635.8, Avg: 596955635.8, Max: 596955635.8, Diff: 0.0]
   [Code Root Fixup: 0.0 ms]
   [Code Root Purge: 0.0 ms]
   [Clear CT: 0.6 ms]
   [Other: 3.9 ms]
      [Choose CSet: 0.0 ms]
      [Ref Proc: 3.2 ms]
      [Ref Enq: 0.1 ms]
      [Redirty Cards: 0.1 ms]
      [Humongous Register: 0.1 ms]
      [Humongous Reclaim: 0.0 ms]
      [Free CSet: 0.3 ms]
   [Eden: 7152.0M(7152.0M)->0.0B(5712.0M) Survivors: 16384.0K->16384.0K Heap: 10736.6M(14336.0M)->3588.5M(14336.0M)]
 [Times: user=0.06 sys=0.00, real=0.01 secs] 
2022-07-28T19:01:21.923-0700: 597053.428: [GC pause (G1 Evacuation Pause) (mixed), 0.0121487 secs]
   [Parallel Time: 7.6 ms, GC Workers: 8]
      [GC Worker Start (ms): Min: 597053428.3, Avg: 597053428.4, Max: 597053428.5, Diff: 0.2]
      [Ext Root Scanning (ms): Min: 1.2, Avg: 2.1, Max: 6.8, Diff: 5.6, Sum: 17.0]
      [Update RS (ms): Min: 0.0, Avg: 1.4, Max: 1.7, Diff: 1.7, Sum: 11.0]
         [Processed Buffers: Min: 0, Avg: 4.6, Max: 12, Diff: 12, Sum: 37]
      [Scan RS (ms): Min: 0.0, Avg: 0.5, Max: 0.7, Diff: 0.6, Sum: 3.9]
      [Code Root Scanning (ms): Min: 0.0, Avg: 0.0, Max: 0.0, Diff: 0.0, Sum: 0.0]
      [Object Copy (ms): Min: 0.6, Avg: 3.3, Max: 3.8, Diff: 3.2, Sum: 26.5]
      [Termination (ms): Min: 0.0, Avg: 0.0, Max: 0.0, Diff: 0.0, Sum: 0.0]
         [Termination Attempts: Min: 1, Avg: 4.6, Max: 8, Diff: 7, Sum: 37]
      [GC Worker Other (ms): Min: 0.0, Avg: 0.1, Max: 0.1, Diff: 0.1, Sum: 0.5]
      [GC Worker Total (ms): Min: 7.2, Avg: 7.4, Max: 7.4, Diff: 0.2, Sum: 58.8]
      [GC Worker End (ms): Min: 597053435.7, Avg: 597053435.7, Max: 597053435.8, Diff: 0.1]
   [Code Root Fixup: 0.0 ms]
   [Code Root Purge: 0.0 ms]
   [Clear CT: 0.7 ms]
   [Other: 3.9 ms]
      [Choose CSet: 0.0 ms]
      [Ref Proc: 3.2 ms]
      [Ref Enq: 0.1 ms]
      [Redirty Cards: 0.1 ms]
      [Humongous Register: 0.1 ms]
      [Humongous Reclaim: 0.0 ms]
      [Free CSet: 0.2 ms]
   [Eden: 5712.0M(5712.0M)->0.0B(7152.0M) Survivors: 16384.0K->16384.0K Heap: 9300.5M(14336.0M)->3574.2M(14336.0M)]
 [Times: user=0.07 sys=0.00, real=0.01 secs] 
2022-07-28T19:03:21.817-0700: 597173.321: [GC pause (G1 Evacuation Pause) (young), 0.0129572 secs]
   [Parallel Time: 7.7 ms, GC Workers: 8]
      [GC Worker Start (ms): Min: 597173321.5, Avg: 597173321.6, Max: 597173321.7, Diff: 0.2]
      [Ext Root Scanning (ms): Min: 1.3, Avg: 2.1, Max: 5.8, Diff: 4.6, Sum: 16.4]
      [Update RS (ms): Min: 0.0, Avg: 3.1, Max: 3.8, Diff: 3.8, Sum: 24.7]
         [Processed Buffers: Min: 0, Avg: 8.6, Max: 14, Diff: 14, Sum: 69]
      [Scan RS (ms): Min: 0.0, Avg: 0.1, Max: 0.1, Diff: 0.1, Sum: 0.5]
      [Code Root Scanning (ms): Min: 0.0, Avg: 0.0, Max: 0.0, Diff: 0.0, Sum: 0.0]
      [Object Copy (ms): Min: 1.7, Avg: 2.3, Max: 2.4, Diff: 0.8, Sum: 18.1]
      [Termination (ms): Min: 0.0, Avg: 0.0, Max: 0.0, Diff: 0.0, Sum: 0.0]
         [Termination Attempts: Min: 2, Avg: 4.6, Max: 8, Diff: 6, Sum: 37]
      [GC Worker Other (ms): Min: 0.0, Avg: 0.0, Max: 0.1, Diff: 0.1, Sum: 0.4]
      [GC Worker Total (ms): Min: 7.4, Avg: 7.5, Max: 7.6, Diff: 0.1, Sum: 60.1]
      [GC Worker End (ms): Min: 597173329.1, Avg: 597173329.1, Max: 597173329.2, Diff: 0.1]
   [Code Root Fixup: 0.0 ms]
   [Code Root Purge: 0.0 ms]
   [Clear CT: 0.7 ms]
   [Other: 4.5 ms]
      [Choose CSet: 0.0 ms]
      [Ref Proc: 3.8 ms]
      [Ref Enq: 0.1 ms]
      [Redirty Cards: 0.1 ms]
      [Humongous Register: 0.1 ms]
      [Humongous Reclaim: 0.0 ms]
      [Free CSet: 0.3 ms]
   [Eden: 7152.0M(7152.0M)->0.0B(7152.0M) Survivors: 16384.0K->16384.0K Heap: 10726.2M(14336.0M)->3581.7M(14336.0M)]
 [Times: user=0.08 sys=0.00, real=0.01 secs] 
2022-07-28T19:05:23.565-0700: 597295.070: [GC pause (G1 Evacuation Pause) (young) (initial-mark), 0.0175418 secs]
   [Parallel Time: 12.7 ms, GC Workers: 8]
      [GC Worker Start (ms): Min: 597295071.9, Avg: 597295072.0, Max: 597295072.0, Diff: 0.2]
      [Ext Root Scanning (ms): Min: 6.1, Avg: 6.5, Max: 6.9, Diff: 0.9, Sum: 51.9]
      [Update RS (ms): Min: 1.3, Avg: 1.4, Max: 1.6, Diff: 0.3, Sum: 11.2]
         [Processed Buffers: Min: 3, Avg: 4.9, Max: 8, Diff: 5, Sum: 39]
      [Scan RS (ms): Min: 0.0, Avg: 0.0, Max: 0.1, Diff: 0.1, Sum: 0.4]
      [Code Root Scanning (ms): Min: 0.0, Avg: 0.0, Max: 0.0, Diff: 0.0, Sum: 0.0]
      [Object Copy (ms): Min: 1.7, Avg: 2.3, Max: 2.7, Diff: 1.1, Sum: 18.6]
      [Termination (ms): Min: 0.0, Avg: 0.0, Max: 0.0, Diff: 0.0, Sum: 0.2]
         [Termination Attempts: Min: 6, Avg: 9.4, Max: 13, Diff: 7, Sum: 75]
      [GC Worker Other (ms): Min: 0.0, Avg: 0.1, Max: 0.2, Diff: 0.1, Sum: 0.6]
      [GC Worker Total (ms): Min: 10.3, Avg: 10.4, Max: 10.5, Diff: 0.2, Sum: 82.9]
      [GC Worker End (ms): Min: 597295082.3, Avg: 597295082.3, Max: 597295082.4, Diff: 0.1]
   [Code Root Fixup: 0.0 ms]
   [Code Root Purge: 0.0 ms]
   [Clear CT: 0.8 ms]
   [Other: 4.0 ms]
      [Choose CSet: 0.0 ms]
      [Ref Proc: 3.2 ms]
      [Ref Enq: 0.1 ms]
      [Redirty Cards: 0.1 ms]
      [Humongous Register: 0.0 ms]
      [Humongous Reclaim: 0.0 ms]
      [Free CSet: 0.3 ms]
   [Eden: 7152.0M(7152.0M)->0.0B(7152.0M) Survivors: 16384.0K->16384.0K Heap: 10733.7M(14336.0M)->3580.0M(14336.0M)]
 [Times: user=0.08 sys=0.01, real=0.02 secs] 
2022-07-28T19:05:23.583-0700: 597295.088: [GC concurrent-root-region-scan-start]
2022-07-28T19:05:23.596-0700: 597295.101: [GC concurrent-root-region-scan-end, 0.0130585 secs]
2022-07-28T19:05:23.596-0700: 597295.101: [GC concurrent-mark-start]
2022-07-28T19:05:26.242-0700: 597297.747: [GC concurrent-mark-end, 2.6465670 secs]
2022-07-28T19:05:26.243-0700: 597297.748: [GC remark 2022-07-28T19:05:26.243-0700: 597297.748: [Finalize Marking, 0.0004809 secs] 2022-07-28T19:05:26.243-0700: 597297.748: [GC ref-proc, 0.0081296 secs] 2022-07-28T19:05:26.251-0700: 597297.756: [Unloading, 0.0279535 secs], 0.0422700 secs]
 [Times: user=0.26 sys=0.00, real=0.04 secs] 
2022-07-28T19:05:26.285-0700: 597297.790: [GC cleanup 3739M->3739M(14336M), 0.0088497 secs]
 [Times: user=0.07 sys=0.00, real=0.00 secs] 
2022-07-28T19:07:26.219-0700: 597417.724: [GC pause (G1 Evacuation Pause) (young), 0.0096067 secs]
   [Parallel Time: 6.3 ms, GC Workers: 8]
      [GC Worker Start (ms): Min: 597417723.7, Avg: 597417723.8, Max: 597417723.8, Diff: 0.1]
      [Ext Root Scanning (ms): Min: 1.3, Avg: 2.1, Max: 5.8, Diff: 4.5, Sum: 16.4]
      [Update RS (ms): Min: 0.0, Avg: 1.8, Max: 2.4, Diff: 2.4, Sum: 14.7]
         [Processed Buffers: Min: 0, Avg: 6.0, Max: 13, Diff: 13, Sum: 48]
      [Scan RS (ms): Min: 0.0, Avg: 0.1, Max: 0.1, Diff: 0.1, Sum: 0.4]
      [Code Root Scanning (ms): Min: 0.0, Avg: 0.0, Max: 0.0, Diff: 0.0, Sum: 0.0]
      [Object Copy (ms): Min: 0.2, Avg: 2.0, Max: 2.4, Diff: 2.2, Sum: 16.2]
      [Termination (ms): Min: 0.0, Avg: 0.0, Max: 0.0, Diff: 0.0, Sum: 0.0]
         [Termination Attempts: Min: 1, Avg: 3.4, Max: 5, Diff: 4, Sum: 27]
      [GC Worker Other (ms): Min: 0.0, Avg: 0.1, Max: 0.2, Diff: 0.2, Sum: 0.5]
      [GC Worker Total (ms): Min: 6.0, Avg: 6.0, Max: 6.2, Diff: 0.3, Sum: 48.3]
      [GC Worker End (ms): Min: 597417729.7, Avg: 597417729.8, Max: 597417729.9, Diff: 0.2]
   [Code Root Fixup: 0.0 ms]
   [Code Root Purge: 0.0 ms]
   [Clear CT: 0.7 ms]
   [Other: 2.6 ms]
      [Choose CSet: 0.0 ms]
      [Ref Proc: 1.8 ms]
      [Ref Enq: 0.1 ms]
      [Redirty Cards: 0.2 ms]
      [Humongous Register: 0.0 ms]
      [Humongous Reclaim: 0.0 ms]
      [Free CSet: 0.3 ms]
   [Eden: 7152.0M(7152.0M)->0.0B(7152.0M) Survivors: 16384.0K->16384.0K Heap: 10732.0M(14336.0M)->3582.0M(14336.0M)]
 [Times: user=0.06 sys=0.00, real=0.01 secs] 
2022-07-28T19:09:27.412-0700: 597538.917: [GC pause (G1 Evacuation Pause) (young), 0.0096967 secs]
   [Parallel Time: 7.0 ms, GC Workers: 8]
      [GC Worker Start (ms): Min: 597538916.6, Avg: 597538916.7, Max: 597538916.8, Diff: 0.1]
      [Ext Root Scanning (ms): Min: 1.4, Avg: 2.2, Max: 5.8, Diff: 4.3, Sum: 17.9]
      [Update RS (ms): Min: 0.0, Avg: 1.7, Max: 2.5, Diff: 2.5, Sum: 13.9]
         [Processed Buffers: Min: 0, Avg: 5.4, Max: 11, Diff: 11, Sum: 43]
      [Scan RS (ms): Min: 0.0, Avg: 0.1, Max: 0.1, Diff: 0.1, Sum: 0.5]
      [Code Root Scanning (ms): Min: 0.0, Avg: 0.0, Max: 0.0, Diff: 0.0, Sum: 0.0]
      [Object Copy (ms): Min: 1.1, Avg: 2.8, Max: 3.2, Diff: 2.1, Sum: 22.2]
      [Termination (ms): Min: 0.0, Avg: 0.0, Max: 0.0, Diff: 0.0, Sum: 0.0]
         [Termination Attempts: Min: 1, Avg: 1.4, Max: 2, Diff: 1, Sum: 11]
      [GC Worker Other (ms): Min: 0.0, Avg: 0.1, Max: 0.1, Diff: 0.1, Sum: 0.4]
      [GC Worker Total (ms): Min: 6.8, Avg: 6.9, Max: 6.9, Diff: 0.1, Sum: 54.9]
      [GC Worker End (ms): Min: 597538923.5, Avg: 597538923.6, Max: 597538923.6, Diff: 0.1]
   [Code Root Fixup: 0.0 ms]
   [Code Root Purge: 0.0 ms]
   [Clear CT: 0.7 ms]
   [Other: 2.0 ms]
      [Choose CSet: 0.0 ms]
      [Ref Proc: 1.3 ms]
      [Ref Enq: 0.1 ms]
      [Redirty Cards: 0.1 ms]
      [Humongous Register: 0.1 ms]
      [Humongous Reclaim: 0.0 ms]
      [Free CSet: 0.3 ms]
   [Eden: 7152.0M(7152.0M)->0.0B(7152.0M) Survivors: 16384.0K->16384.0K Heap: 10734.0M(14336.0M)->3586.5M(14336.0M)]
 [Times: user=0.07 sys=0.00, real=0.01 secs] 
2022-07-28T19:11:28.767-0700: 597660.272: [GC pause (G1 Evacuation Pause) (young) (initial-mark), 0.0151360 secs]
   [Parallel Time: 11.7 ms, GC Workers: 8]
      [GC Worker Start (ms): Min: 597660273.9, Avg: 597660274.0, Max: 597660274.0, Diff: 0.1]
      [Ext Root Scanning (ms): Min: 5.4, Avg: 5.7, Max: 6.1, Diff: 0.8, Sum: 45.5]
      [Update RS (ms): Min: 1.4, Avg: 1.5, Max: 1.7, Diff: 0.3, Sum: 12.3]
         [Processed Buffers: Min: 3, Avg: 4.9, Max: 10, Diff: 7, Sum: 39]
      [Scan RS (ms): Min: 0.0, Avg: 0.1, Max: 0.1, Diff: 0.1, Sum: 0.4]
      [Code Root Scanning (ms): Min: 0.0, Avg: 0.0, Max: 0.0, Diff: 0.0, Sum: 0.0]
      [Object Copy (ms): Min: 2.0, Avg: 2.5, Max: 2.9, Diff: 0.9, Sum: 19.9]
      [Termination (ms): Min: 0.0, Avg: 0.0, Max: 0.0, Diff: 0.0, Sum: 0.0]
         [Termination Attempts: Min: 1, Avg: 7.9, Max: 12, Diff: 11, Sum: 63]
      [GC Worker Other (ms): Min: 0.0, Avg: 0.1, Max: 0.1, Diff: 0.1, Sum: 0.5]
      [GC Worker Total (ms): Min: 9.7, Avg: 9.8, Max: 9.9, Diff: 0.2, Sum: 78.6]
      [GC Worker End (ms): Min: 597660283.7, Avg: 597660283.8, Max: 597660283.8, Diff: 0.1]
   [Code Root Fixup: 0.0 ms]
   [Code Root Purge: 0.0 ms]
   [Clear CT: 0.8 ms]
   [Other: 2.6 ms]
      [Choose CSet: 0.0 ms]
      [Ref Proc: 1.9 ms]
      [Ref Enq: 0.1 ms]
      [Redirty Cards: 0.1 ms]
      [Humongous Register: 0.0 ms]
      [Humongous Reclaim: 0.0 ms]
      [Free CSet: 0.3 ms]
   [Eden: 7152.0M(7152.0M)->0.0B(7152.0M) Survivors: 16384.0K->16384.0K Heap: 10738.5M(14336.0M)->3583.5M(14336.0M)]
 [Times: user=0.08 sys=0.00, real=0.01 secs] 
2022-07-28T19:11:28.783-0700: 597660.287: [GC concurrent-root-region-scan-start]
2022-07-28T19:11:28.792-0700: 597660.297: [GC concurrent-root-region-scan-end, 0.0098534 secs]
2022-07-28T19:11:28.792-0700: 597660.297: [GC concurrent-mark-start]
2022-07-28T19:11:31.463-0700: 597662.968: [GC concurrent-mark-end, 2.6710915 secs]
2022-07-28T19:11:31.464-0700: 597662.969: [GC remark 2022-07-28T19:11:31.464-0700: 597662.969: [Finalize Marking, 0.0002331 secs] 2022-07-28T19:11:31.464-0700: 597662.969: [GC ref-proc, 0.0083309 secs] 2022-07-28T19:11:31.472-0700: 597662.977: [Unloading, 0.0278928 secs], 0.0421644 secs]
 [Times: user=0.26 sys=0.00, real=0.04 secs] 
2022-07-28T19:11:31.506-0700: 597663.011: [GC cleanup 3802M->3802M(14336M), 0.0081917 secs]
 [Times: user=0.06 sys=0.00, real=0.00 secs] 
2022-07-28T19:13:29.366-0700: 597780.870: [GC pause (G1 Evacuation Pause) (young), 0.0115504 secs]
   [Parallel Time: 6.3 ms, GC Workers: 8]
      [GC Worker Start (ms): Min: 597780870.4, Avg: 597780870.5, Max: 597780870.5, Diff: 0.1]
      [Ext Root Scanning (ms): Min: 1.4, Avg: 2.1, Max: 5.8, Diff: 4.5, Sum: 17.1]
      [Update RS (ms): Min: 0.0, Avg: 1.5, Max: 2.2, Diff: 2.2, Sum: 12.1]
         [Processed Buffers: Min: 0, Avg: 5.9, Max: 10, Diff: 10, Sum: 47]
      [Scan RS (ms): Min: 0.0, Avg: 0.1, Max: 0.1, Diff: 0.1, Sum: 0.4]
      [Code Root Scanning (ms): Min: 0.0, Avg: 0.0, Max: 0.0, Diff: 0.0, Sum: 0.0]
      [Object Copy (ms): Min: 0.2, Avg: 2.3, Max: 2.9, Diff: 2.6, Sum: 18.6]
      [Termination (ms): Min: 0.0, Avg: 0.1, Max: 0.1, Diff: 0.1, Sum: 0.5]
         [Termination Attempts: Min: 26, Avg: 34.4, Max: 43, Diff: 17, Sum: 275]
      [GC Worker Other (ms): Min: 0.0, Avg: 0.0, Max: 0.1, Diff: 0.0, Sum: 0.3]
      [GC Worker Total (ms): Min: 6.1, Avg: 6.1, Max: 6.2, Diff: 0.1, Sum: 49.0]
      [GC Worker End (ms): Min: 597780876.6, Avg: 597780876.6, Max: 597780876.6, Diff: 0.0]
   [Code Root Fixup: 0.0 ms]
   [Code Root Purge: 0.0 ms]
   [Clear CT: 0.7 ms]
   [Other: 4.5 ms]
      [Choose CSet: 0.0 ms]
      [Ref Proc: 3.9 ms]
      [Ref Enq: 0.1 ms]
      [Redirty Cards: 0.1 ms]
      [Humongous Register: 0.1 ms]
      [Humongous Reclaim: 0.0 ms]
      [Free CSet: 0.3 ms]
   [Eden: 7152.0M(7152.0M)->0.0B(5712.0M) Survivors: 16384.0K->16384.0K Heap: 10735.5M(14336.0M)->3588.2M(14336.0M)]
 [Times: user=0.07 sys=0.00, real=0.01 secs] 
2022-07-28T19:15:04.822-0700: 597876.327: [GC pause (G1 Evacuation Pause) (mixed), 0.0140010 secs]
   [Parallel Time: 8.9 ms, GC Workers: 8]
      [GC Worker Start (ms): Min: 597876327.0, Avg: 597876327.1, Max: 597876327.2, Diff: 0.2]
      [Ext Root Scanning (ms): Min: 1.1, Avg: 2.1, Max: 7.1, Diff: 6.0, Sum: 17.2]
      [Update RS (ms): Min: 0.0, Avg: 1.3, Max: 1.8, Diff: 1.8, Sum: 10.7]
         [Processed Buffers: Min: 0, Avg: 5.4, Max: 11, Diff: 11, Sum: 43]
      [Scan RS (ms): Min: 0.0, Avg: 0.5, Max: 0.7, Diff: 0.7, Sum: 4.1]
      [Code Root Scanning (ms): Min: 0.0, Avg: 0.0, Max: 0.0, Diff: 0.0, Sum: 0.0]
      [Object Copy (ms): Min: 0.6, Avg: 3.8, Max: 5.0, Diff: 4.4, Sum: 30.4]
      [Termination (ms): Min: 0.0, Avg: 0.7, Max: 0.9, Diff: 0.9, Sum: 6.0]
         [Termination Attempts: Min: 1, Avg: 9.9, Max: 15, Diff: 14, Sum: 79]
      [GC Worker Other (ms): Min: 0.0, Avg: 0.0, Max: 0.0, Diff: 0.0, Sum: 0.1]
      [GC Worker Total (ms): Min: 8.5, Avg: 8.6, Max: 8.7, Diff: 0.2, Sum: 68.5]
      [GC Worker End (ms): Min: 597876335.7, Avg: 597876335.7, Max: 597876335.8, Diff: 0.1]
   [Code Root Fixup: 0.0 ms]
   [Code Root Purge: 0.0 ms]
   [Clear CT: 0.6 ms]
   [Other: 4.5 ms]
      [Choose CSet: 0.0 ms]
      [Ref Proc: 3.8 ms]
      [Ref Enq: 0.1 ms]
      [Redirty Cards: 0.1 ms]
      [Humongous Register: 0.1 ms]
      [Humongous Reclaim: 0.0 ms]
      [Free CSet: 0.2 ms]
   [Eden: 5712.0M(5712.0M)->0.0B(7152.0M) Survivors: 16384.0K->16384.0K Heap: 9300.2M(14336.0M)->3574.5M(14336.0M)]
 [Times: user=0.08 sys=0.00, real=0.02 secs] 
2022-07-28T19:17:05.911-0700: 597997.416: [GC pause (G1 Evacuation Pause) (young), 0.0138864 secs]
   [Parallel Time: 8.6 ms, GC Workers: 8]
      [GC Worker Start (ms): Min: 597997415.8, Avg: 597997415.9, Max: 597997415.9, Diff: 0.2]
      [Ext Root Scanning (ms): Min: 1.5, Avg: 2.3, Max: 6.2, Diff: 4.7, Sum: 18.7]
      [Update RS (ms): Min: 0.3, Avg: 3.7, Max: 4.5, Diff: 4.2, Sum: 29.2]
         [Processed Buffers: Min: 7, Avg: 9.1, Max: 11, Diff: 4, Sum: 73]
      [Scan RS (ms): Min: 0.0, Avg: 0.1, Max: 0.1, Diff: 0.1, Sum: 0.5]
      [Code Root Scanning (ms): Min: 0.0, Avg: 0.0, Max: 0.0, Diff: 0.0, Sum: 0.0]
      [Object Copy (ms): Min: 1.8, Avg: 2.2, Max: 2.4, Diff: 0.6, Sum: 17.9]
      [Termination (ms): Min: 0.0, Avg: 0.0, Max: 0.0, Diff: 0.0, Sum: 0.0]
         [Termination Attempts: Min: 1, Avg: 8.9, Max: 12, Diff: 11, Sum: 71]
      [GC Worker Other (ms): Min: 0.0, Avg: 0.1, Max: 0.1, Diff: 0.1, Sum: 0.5]
      [GC Worker Total (ms): Min: 8.3, Avg: 8.3, Max: 8.4, Diff: 0.1, Sum: 66.7]
      [GC Worker End (ms): Min: 597997424.2, Avg: 597997424.2, Max: 597997424.2, Diff: 0.1]
   [Code Root Fixup: 0.0 ms]
   [Code Root Purge: 0.0 ms]
   [Clear CT: 0.7 ms]
   [Other: 4.6 ms]
      [Choose CSet: 0.0 ms]
      [Ref Proc: 3.9 ms]
      [Ref Enq: 0.1 ms]
      [Redirty Cards: 0.1 ms]
      [Humongous Register: 0.1 ms]
      [Humongous Reclaim: 0.0 ms]
      [Free CSet: 0.3 ms]
   [Eden: 7152.0M(7152.0M)->0.0B(7152.0M) Survivors: 16384.0K->16384.0K Heap: 10726.5M(14336.0M)->3580.1M(14336.0M)]
 [Times: user=0.08 sys=0.00, real=0.02 secs] 
2022-07-28T19:19:07.569-0700: 598119.074: [GC pause (G1 Evacuation Pause) (young) (initial-mark), 0.0162510 secs]
   [Parallel Time: 11.3 ms, GC Workers: 8]
      [GC Worker Start (ms): Min: 598119076.1, Avg: 598119076.1, Max: 598119076.2, Diff: 0.1]
      [Ext Root Scanning (ms): Min: 5.0, Avg: 5.3, Max: 5.8, Diff: 0.8, Sum: 42.7]
      [Update RS (ms): Min: 1.1, Avg: 1.3, Max: 1.5, Diff: 0.4, Sum: 10.0]
         [Processed Buffers: Min: 3, Avg: 5.6, Max: 11, Diff: 8, Sum: 45]
      [Scan RS (ms): Min: 0.0, Avg: 0.0, Max: 0.1, Diff: 0.1, Sum: 0.4]
      [Code Root Scanning (ms): Min: 0.0, Avg: 0.0, Max: 0.0, Diff: 0.0, Sum: 0.0]
      [Object Copy (ms): Min: 2.1, Avg: 2.6, Max: 3.0, Diff: 0.9, Sum: 21.1]
      [Termination (ms): Min: 0.0, Avg: 0.0, Max: 0.0, Diff: 0.0, Sum: 0.0]
         [Termination Attempts: Min: 1, Avg: 9.2, Max: 15, Diff: 14, Sum: 74]
      [GC Worker Other (ms): Min: 0.0, Avg: 0.1, Max: 0.1, Diff: 0.1, Sum: 0.4]
      [GC Worker Total (ms): Min: 9.3, Avg: 9.3, Max: 9.4, Diff: 0.1, Sum: 74.7]
      [GC Worker End (ms): Min: 598119085.4, Avg: 598119085.5, Max: 598119085.5, Diff: 0.1]
   [Code Root Fixup: 0.0 ms]
   [Code Root Purge: 0.0 ms]
   [Clear CT: 0.7 ms]
   [Other: 4.2 ms]
      [Choose CSet: 0.0 ms]
      [Ref Proc: 3.5 ms]
      [Ref Enq: 0.1 ms]
      [Redirty Cards: 0.1 ms]
      [Humongous Register: 0.0 ms]
      [Humongous Reclaim: 0.0 ms]
      [Free CSet: 0.3 ms]
   [Eden: 7152.0M(7152.0M)->0.0B(7152.0M) Survivors: 16384.0K->16384.0K Heap: 10732.1M(14336.0M)->3585.3M(14336.0M)]
 [Times: user=0.07 sys=0.01, real=0.02 secs] 
2022-07-28T19:19:07.586-0700: 598119.091: [GC concurrent-root-region-scan-start]
2022-07-28T19:19:07.596-0700: 598119.101: [GC concurrent-root-region-scan-end, 0.0104355 secs]
2022-07-28T19:19:07.596-0700: 598119.101: [GC concurrent-mark-start]
2022-07-28T19:19:10.298-0700: 598121.803: [GC concurrent-mark-end, 2.7022002 secs]
2022-07-28T19:19:10.299-0700: 598121.803: [GC remark 2022-07-28T19:19:10.299-0700: 598121.803: [Finalize Marking, 0.0003259 secs] 2022-07-28T19:19:10.299-0700: 598121.804: [GC ref-proc, 0.0090975 secs] 2022-07-28T19:19:10.308-0700: 598121.813: [Unloading, 0.0271421 secs], 0.0424288 secs]
 [Times: user=0.26 sys=0.00, real=0.04 secs] 
2022-07-28T19:19:10.341-0700: 598121.846: [GC cleanup 3801M->3801M(14336M), 0.0088460 secs]
 [Times: user=0.06 sys=0.00, real=0.01 secs] 
2022-07-28T19:21:10.518-0700: 598242.023: [GC pause (G1 Evacuation Pause) (young), 0.0100689 secs]
   [Parallel Time: 6.0 ms, GC Workers: 8]
      [GC Worker Start (ms): Min: 598242022.7, Avg: 598242022.8, Max: 598242022.9, Diff: 0.2]
      [Ext Root Scanning (ms): Min: 1.2, Avg: 1.9, Max: 5.4, Diff: 4.3, Sum: 15.3]
      [Update RS (ms): Min: 0.0, Avg: 1.4, Max: 2.0, Diff: 2.0, Sum: 11.2]
         [Processed Buffers: Min: 0, Avg: 5.4, Max: 8, Diff: 8, Sum: 43]
      [Scan RS (ms): Min: 0.0, Avg: 0.1, Max: 0.1, Diff: 0.1, Sum: 0.4]
      [Code Root Scanning (ms): Min: 0.0, Avg: 0.0, Max: 0.0, Diff: 0.0, Sum: 0.0]
      [Object Copy (ms): Min: 0.3, Avg: 2.3, Max: 2.7, Diff: 2.4, Sum: 18.0]
      [Termination (ms): Min: 0.0, Avg: 0.0, Max: 0.0, Diff: 0.0, Sum: 0.1]
         [Termination Attempts: Min: 15, Avg: 18.2, Max: 21, Diff: 6, Sum: 146]
      [GC Worker Other (ms): Min: 0.0, Avg: 0.0, Max: 0.1, Diff: 0.1, Sum: 0.4]
      [GC Worker Total (ms): Min: 5.6, Avg: 5.7, Max: 5.8, Diff: 0.2, Sum: 45.4]
      [GC Worker End (ms): Min: 598242028.4, Avg: 598242028.5, Max: 598242028.5, Diff: 0.1]
   [Code Root Fixup: 0.0 ms]
   [Code Root Purge: 0.0 ms]
   [Clear CT: 0.8 ms]
   [Other: 3.3 ms]
      [Choose CSet: 0.0 ms]
      [Ref Proc: 2.6 ms]
      [Ref Enq: 0.1 ms]
      [Redirty Cards: 0.1 ms]
      [Humongous Register: 0.1 ms]
      [Humongous Reclaim: 0.0 ms]
      [Free CSet: 0.3 ms]
   [Eden: 7152.0M(7152.0M)->0.0B(7152.0M) Survivors: 16384.0K->16384.0K Heap: 10737.3M(14336.0M)->3582.1M(14336.0M)]
 [Times: user=0.06 sys=0.00, real=0.01 secs] 
2022-07-28T19:23:11.566-0700: 598363.071: [GC pause (G1 Evacuation Pause) (young), 0.0103945 secs]
   [Parallel Time: 6.2 ms, GC Workers: 8]
      [GC Worker Start (ms): Min: 598363071.0, Avg: 598363071.1, Max: 598363071.1, Diff: 0.1]
      [Ext Root Scanning (ms): Min: 1.2, Avg: 2.0, Max: 5.5, Diff: 4.2, Sum: 15.8]
      [Update RS (ms): Min: 0.0, Avg: 1.6, Max: 2.2, Diff: 2.2, Sum: 12.7]
         [Processed Buffers: Min: 0, Avg: 6.2, Max: 14, Diff: 14, Sum: 50]
      [Scan RS (ms): Min: 0.0, Avg: 0.1, Max: 0.2, Diff: 0.1, Sum: 0.4]
      [Code Root Scanning (ms): Min: 0.0, Avg: 0.0, Max: 0.0, Diff: 0.0, Sum: 0.0]
      [Object Copy (ms): Min: 0.5, Avg: 2.3, Max: 2.7, Diff: 2.2, Sum: 18.1]
      [Termination (ms): Min: 0.0, Avg: 0.0, Max: 0.0, Diff: 0.0, Sum: 0.0]
         [Termination Attempts: Min: 1, Avg: 5.0, Max: 8, Diff: 7, Sum: 40]
      [GC Worker Other (ms): Min: 0.0, Avg: 0.0, Max: 0.1, Diff: 0.1, Sum: 0.4]
      [GC Worker Total (ms): Min: 5.9, Avg: 5.9, Max: 6.0, Diff: 0.1, Sum: 47.5]
      [GC Worker End (ms): Min: 598363077.0, Avg: 598363077.0, Max: 598363077.1, Diff: 0.1]
   [Code Root Fixup: 0.0 ms]
   [Code Root Purge: 0.0 ms]
   [Clear CT: 0.7 ms]
   [Other: 3.5 ms]
      [Choose CSet: 0.0 ms]
      [Ref Proc: 2.8 ms]
      [Ref Enq: 0.1 ms]
      [Redirty Cards: 0.1 ms]
      [Humongous Register: 0.1 ms]
      [Humongous Reclaim: 0.0 ms]
      [Free CSet: 0.3 ms]
   [Eden: 7152.0M(7152.0M)->0.0B(7152.0M) Survivors: 16384.0K->16384.0K Heap: 10734.1M(14336.0M)->3586.9M(14336.0M)]
 [Times: user=0.06 sys=0.00, real=0.01 secs] 
2022-07-28T19:25:15.578-0700: 598487.083: [GC pause (G1 Evacuation Pause) (young) (initial-mark), 0.0168735 secs]
   [Parallel Time: 11.9 ms, GC Workers: 8]
      [GC Worker Start (ms): Min: 598487085.2, Avg: 598487085.3, Max: 598487085.4, Diff: 0.2]
      [Ext Root Scanning (ms): Min: 5.3, Avg: 5.6, Max: 6.1, Diff: 0.9, Sum: 45.2]
      [Update RS (ms): Min: 1.3, Avg: 1.4, Max: 1.5, Diff: 0.3, Sum: 11.1]
         [Processed Buffers: Min: 3, Avg: 5.5, Max: 16, Diff: 13, Sum: 44]
      [Scan RS (ms): Min: 0.0, Avg: 0.1, Max: 0.1, Diff: 0.1, Sum: 0.4]
      [Code Root Scanning (ms): Min: 0.0, Avg: 0.0, Max: 0.0, Diff: 0.0, Sum: 0.0]
      [Object Copy (ms): Min: 1.7, Avg: 2.1, Max: 2.5, Diff: 0.8, Sum: 16.9]
      [Termination (ms): Min: 0.0, Avg: 0.0, Max: 0.0, Diff: 0.0, Sum: 0.0]
         [Termination Attempts: Min: 1, Avg: 1.0, Max: 1, Diff: 0, Sum: 8]
      [GC Worker Other (ms): Min: 0.0, Avg: 0.1, Max: 0.2, Diff: 0.1, Sum: 0.5]
      [GC Worker Total (ms): Min: 9.1, Avg: 9.3, Max: 9.4, Diff: 0.3, Sum: 74.1]
      [GC Worker End (ms): Min: 598487094.5, Avg: 598487094.5, Max: 598487094.6, Diff: 0.1]
   [Code Root Fixup: 0.0 ms]
   [Code Root Purge: 0.0 ms]
   [Clear CT: 0.7 ms]
   [Other: 4.2 ms]
      [Choose CSet: 0.0 ms]
      [Ref Proc: 3.5 ms]
      [Ref Enq: 0.1 ms]
      [Redirty Cards: 0.1 ms]
      [Humongous Register: 0.1 ms]
      [Humongous Reclaim: 0.0 ms]
      [Free CSet: 0.3 ms]
   [Eden: 7152.0M(7152.0M)->0.0B(7152.0M) Survivors: 16384.0K->16384.0K Heap: 10738.9M(14336.0M)->3584.4M(14336.0M)]
 [Times: user=0.08 sys=0.00, real=0.02 secs] 
2022-07-28T19:25:15.595-0700: 598487.100: [GC concurrent-root-region-scan-start]
2022-07-28T19:25:15.604-0700: 598487.109: [GC concurrent-root-region-scan-end, 0.0088973 secs]
2022-07-28T19:25:15.604-0700: 598487.109: [GC concurrent-mark-start]
2022-07-28T19:25:18.253-0700: 598489.757: [GC concurrent-mark-end, 2.6485955 secs]
2022-07-28T19:25:18.253-0700: 598489.758: [GC remark 2022-07-28T19:25:18.253-0700: 598489.758: [Finalize Marking, 0.0002289 secs] 2022-07-28T19:25:18.253-0700: 598489.758: [GC ref-proc, 0.0060964 secs] 2022-07-28T19:25:18.259-0700: 598489.764: [Unloading, 0.0287906 secs], 0.0410612 secs]
 [Times: user=0.25 sys=0.00, real=0.04 secs] 
2022-07-28T19:25:18.294-0700: 598489.799: [GC cleanup 3776M->3776M(14336M), 0.0086376 secs]
 [Times: user=0.07 sys=0.00, real=0.02 secs] 
2022-07-28T19:27:16.817-0700: 598608.322: [GC pause (G1 Evacuation Pause) (young), 0.0121516 secs]
   [Parallel Time: 6.5 ms, GC Workers: 8]
      [GC Worker Start (ms): Min: 598608321.7, Avg: 598608321.8, Max: 598608321.8, Diff: 0.1]
      [Ext Root Scanning (ms): Min: 1.1, Avg: 2.1, Max: 6.1, Diff: 5.0, Sum: 17.0]
      [Update RS (ms): Min: 0.0, Avg: 1.8, Max: 2.4, Diff: 2.4, Sum: 14.1]
         [Processed Buffers: Min: 0, Avg: 6.0, Max: 10, Diff: 10, Sum: 48]
      [Scan RS (ms): Min: 0.0, Avg: 0.1, Max: 0.2, Diff: 0.1, Sum: 0.5]
      [Code Root Scanning (ms): Min: 0.0, Avg: 0.0, Max: 0.0, Diff: 0.0, Sum: 0.0]
      [Object Copy (ms): Min: 0.0, Avg: 2.0, Max: 2.6, Diff: 2.6, Sum: 16.1]
      [Termination (ms): Min: 0.0, Avg: 0.1, Max: 0.1, Diff: 0.1, Sum: 0.9]
         [Termination Attempts: Min: 1, Avg: 2.8, Max: 5, Diff: 4, Sum: 22]
      [GC Worker Other (ms): Min: 0.0, Avg: 0.0, Max: 0.0, Diff: 0.0, Sum: 0.2]
      [GC Worker Total (ms): Min: 6.1, Avg: 6.1, Max: 6.2, Diff: 0.1, Sum: 48.9]
      [GC Worker End (ms): Min: 598608327.8, Avg: 598608327.9, Max: 598608327.9, Diff: 0.0]
   [Code Root Fixup: 0.0 ms]
   [Code Root Purge: 0.0 ms]
   [Clear CT: 0.8 ms]
   [Other: 4.9 ms]
      [Choose CSet: 0.0 ms]
      [Ref Proc: 4.3 ms]
      [Ref Enq: 0.1 ms]
      [Redirty Cards: 0.1 ms]
      [Humongous Register: 0.1 ms]
      [Humongous Reclaim: 0.0 ms]
      [Free CSet: 0.3 ms]
   [Eden: 7152.0M(7152.0M)->0.0B(5712.0M) Survivors: 16384.0K->16384.0K Heap: 10736.4M(14336.0M)->3585.2M(14336.0M)]
 [Times: user=0.06 sys=0.00, real=0.01 secs] 
2022-07-28T19:28:50.766-0700: 598702.271: [GC pause (G1 Evacuation Pause) (mixed), 0.0136294 secs]
   [Parallel Time: 8.9 ms, GC Workers: 8]
      [GC Worker Start (ms): Min: 598702270.7, Avg: 598702270.8, Max: 598702270.9, Diff: 0.1]
      [Ext Root Scanning (ms): Min: 1.3, Avg: 2.3, Max: 7.3, Diff: 6.0, Sum: 18.4]
      [Update RS (ms): Min: 0.0, Avg: 1.7, Max: 2.3, Diff: 2.3, Sum: 13.5]
         [Processed Buffers: Min: 0, Avg: 5.2, Max: 12, Diff: 12, Sum: 42]
      [Scan RS (ms): Min: 0.0, Avg: 0.7, Max: 0.9, Diff: 0.9, Sum: 5.7]
      [Code Root Scanning (ms): Min: 0.0, Avg: 0.0, Max: 0.0, Diff: 0.0, Sum: 0.0]
      [Object Copy (ms): Min: 1.3, Avg: 3.9, Max: 4.4, Diff: 3.0, Sum: 31.0]
      [Termination (ms): Min: 0.0, Avg: 0.0, Max: 0.0, Diff: 0.0, Sum: 0.0]
         [Termination Attempts: Min: 1, Avg: 4.8, Max: 7, Diff: 6, Sum: 38]
      [GC Worker Other (ms): Min: 0.0, Avg: 0.1, Max: 0.1, Diff: 0.1, Sum: 0.5]
      [GC Worker Total (ms): Min: 8.6, Avg: 8.7, Max: 8.7, Diff: 0.2, Sum: 69.2]
      [GC Worker End (ms): Min: 598702279.4, Avg: 598702279.5, Max: 598702279.5, Diff: 0.1]
   [Code Root Fixup: 0.0 ms]
   [Code Root Purge: 0.0 ms]
   [Clear CT: 0.8 ms]
   [Other: 3.9 ms]
      [Choose CSet: 0.0 ms]
      [Ref Proc: 3.3 ms]
      [Ref Enq: 0.1 ms]
      [Redirty Cards: 0.1 ms]
      [Humongous Register: 0.1 ms]
      [Humongous Reclaim: 0.0 ms]
      [Free CSet: 0.2 ms]
   [Eden: 5712.0M(5712.0M)->0.0B(7152.0M) Survivors: 16384.0K->16384.0K Heap: 9297.2M(14336.0M)->3578.4M(14336.0M)]
 [Times: user=0.08 sys=0.00, real=0.01 secs] 
2022-07-28T19:30:51.448-0700: 598822.953: [GC pause (G1 Evacuation Pause) (young), 0.0133522 secs]
   [Parallel Time: 8.5 ms, GC Workers: 8]
      [GC Worker Start (ms): Min: 598822952.9, Avg: 598822953.0, Max: 598822953.1, Diff: 0.2]
      [Ext Root Scanning (ms): Min: 1.3, Avg: 2.1, Max: 5.7, Diff: 4.4, Sum: 17.0]
      [Update RS (ms): Min: 0.6, Avg: 3.7, Max: 4.4, Diff: 3.9, Sum: 29.7]
         [Processed Buffers: Min: 6, Avg: 8.8, Max: 11, Diff: 5, Sum: 70]
      [Scan RS (ms): Min: 0.0, Avg: 0.1, Max: 0.1, Diff: 0.1, Sum: 0.5]
      [Code Root Scanning (ms): Min: 0.0, Avg: 0.0, Max: 0.0, Diff: 0.0, Sum: 0.0]
      [Object Copy (ms): Min: 1.8, Avg: 2.3, Max: 2.5, Diff: 0.7, Sum: 18.3]
      [Termination (ms): Min: 0.0, Avg: 0.0, Max: 0.0, Diff: 0.0, Sum: 0.2]
         [Termination Attempts: Min: 1, Avg: 4.2, Max: 7, Diff: 6, Sum: 34]
      [GC Worker Other (ms): Min: 0.0, Avg: 0.0, Max: 0.1, Diff: 0.0, Sum: 0.3]
      [GC Worker Total (ms): Min: 8.2, Avg: 8.3, Max: 8.4, Diff: 0.2, Sum: 66.0]
      [GC Worker End (ms): Min: 598822961.2, Avg: 598822961.3, Max: 598822961.3, Diff: 0.0]
   [Code Root Fixup: 0.0 ms]
   [Code Root Purge: 0.0 ms]
   [Clear CT: 0.8 ms]
   [Other: 4.1 ms]
      [Choose CSet: 0.0 ms]
      [Ref Proc: 3.5 ms]
      [Ref Enq: 0.1 ms]
      [Redirty Cards: 0.1 ms]
      [Humongous Register: 0.1 ms]
      [Humongous Reclaim: 0.0 ms]
      [Free CSet: 0.3 ms]
   [Eden: 7152.0M(7152.0M)->0.0B(7152.0M) Survivors: 16384.0K->16384.0K Heap: 10730.4M(14336.0M)->3579.5M(14336.0M)]
 [Times: user=0.08 sys=0.01, real=0.01 secs] 
2022-07-28T19:32:52.010-0700: 598943.515: [GC pause (G1 Evacuation Pause) (young) (initial-mark), 0.0253624 secs]
   [Parallel Time: 20.0 ms, GC Workers: 8]
      [GC Worker Start (ms): Min: 598943517.5, Avg: 598943517.5, Max: 598943517.6, Diff: 0.1]
      [Ext Root Scanning (ms): Min: 5.4, Avg: 5.6, Max: 6.0, Diff: 0.6, Sum: 45.2]
      [Update RS (ms): Min: 1.4, Avg: 2.7, Max: 11.3, Diff: 9.9, Sum: 21.8]
         [Processed Buffers: Min: 3, Avg: 6.1, Max: 8, Diff: 5, Sum: 49]
      [Scan RS (ms): Min: 0.0, Avg: 0.1, Max: 0.1, Diff: 0.1, Sum: 0.4]
      [Code Root Scanning (ms): Min: 0.0, Avg: 0.0, Max: 0.0, Diff: 0.0, Sum: 0.0]
      [Object Copy (ms): Min: 0.1, Avg: 6.2, Max: 7.4, Diff: 7.3, Sum: 49.9]
      [Termination (ms): Min: 0.0, Avg: 2.7, Max: 3.1, Diff: 3.1, Sum: 21.6]
         [Termination Attempts: Min: 1, Avg: 26.1, Max: 37, Diff: 36, Sum: 209]
      [GC Worker Other (ms): Min: 0.0, Avg: 0.0, Max: 0.1, Diff: 0.0, Sum: 0.2]
      [GC Worker Total (ms): Min: 17.3, Avg: 17.4, Max: 17.5, Diff: 0.2, Sum: 139.0]
      [GC Worker End (ms): Min: 598943534.9, Avg: 598943534.9, Max: 598943535.0, Diff: 0.1]
   [Code Root Fixup: 0.0 ms]
   [Code Root Purge: 0.0 ms]
   [Clear CT: 0.7 ms]
   [Other: 4.7 ms]
      [Choose CSet: 0.0 ms]
      [Ref Proc: 4.0 ms]
      [Ref Enq: 0.1 ms]
      [Redirty Cards: 0.1 ms]
      [Humongous Register: 0.0 ms]
      [Humongous Reclaim: 0.0 ms]
      [Free CSet: 0.3 ms]
   [Eden: 7152.0M(7152.0M)->0.0B(7136.0M) Survivors: 16384.0K->32768.0K Heap: 10731.5M(14336.0M)->3596.1M(14336.0M)]
 [Times: user=0.14 sys=0.00, real=0.03 secs] 
2022-07-28T19:32:52.036-0700: 598943.541: [GC concurrent-root-region-scan-start]
2022-07-28T19:32:52.056-0700: 598943.560: [GC concurrent-root-region-scan-end, 0.0196807 secs]
2022-07-28T19:32:52.056-0700: 598943.560: [GC concurrent-mark-start]
2022-07-28T19:32:54.831-0700: 598946.336: [GC concurrent-mark-end, 2.7752930 secs]
2022-07-28T19:32:54.831-0700: 598946.336: [GC remark 2022-07-28T19:32:54.831-0700: 598946.336: [Finalize Marking, 0.0004648 secs] 2022-07-28T19:32:54.832-0700: 598946.336: [GC ref-proc, 0.0063464 secs] 2022-07-28T19:32:54.838-0700: 598946.343: [Unloading, 0.0280026 secs], 0.0405863 secs]
 [Times: user=0.25 sys=0.00, real=0.04 secs] 
2022-07-28T19:32:54.872-0700: 598946.377: [GC cleanup 3804M->3804M(14336M), 0.0083425 secs]
 [Times: user=0.06 sys=0.00, real=0.01 secs] 
2022-07-28T19:34:51.968-0700: 599063.473: [GC pause (G1 Evacuation Pause) (young), 0.0112976 secs]
   [Parallel Time: 6.1 ms, GC Workers: 8]
      [GC Worker Start (ms): Min: 599063473.3, Avg: 599063473.4, Max: 599063473.5, Diff: 0.3]
      [Ext Root Scanning (ms): Min: 1.1, Avg: 2.0, Max: 5.7, Diff: 4.6, Sum: 15.8]
      [Update RS (ms): Min: 0.0, Avg: 1.3, Max: 1.8, Diff: 1.8, Sum: 10.5]
         [Processed Buffers: Min: 0, Avg: 5.2, Max: 9, Diff: 9, Sum: 42]
      [Scan RS (ms): Min: 0.0, Avg: 0.1, Max: 0.1, Diff: 0.1, Sum: 0.4]
      [Code Root Scanning (ms): Min: 0.0, Avg: 0.0, Max: 0.0, Diff: 0.0, Sum: 0.0]
      [Object Copy (ms): Min: 0.0, Avg: 2.1, Max: 2.5, Diff: 2.5, Sum: 16.6]
      [Termination (ms): Min: 0.0, Avg: 0.2, Max: 0.3, Diff: 0.3, Sum: 1.7]
         [Termination Attempts: Min: 1, Avg: 2.8, Max: 5, Diff: 4, Sum: 22]
      [GC Worker Other (ms): Min: 0.0, Avg: 0.1, Max: 0.1, Diff: 0.1, Sum: 0.4]
      [GC Worker Total (ms): Min: 5.5, Avg: 5.7, Max: 5.8, Diff: 0.3, Sum: 45.5]
      [GC Worker End (ms): Min: 599063479.0, Avg: 599063479.1, Max: 599063479.2, Diff: 0.1]
   [Code Root Fixup: 0.0 ms]
   [Code Root Purge: 0.0 ms]
   [Clear CT: 0.8 ms]
   [Other: 4.4 ms]
      [Choose CSet: 0.0 ms]
      [Ref Proc: 3.8 ms]
      [Ref Enq: 0.1 ms]
      [Redirty Cards: 0.1 ms]
      [Humongous Register: 0.1 ms]
      [Humongous Reclaim: 0.0 ms]
      [Free CSet: 0.3 ms]
   [Eden: 7136.0M(7136.0M)->0.0B(7136.0M) Survivors: 32768.0K->32768.0K Heap: 10732.1M(14336.0M)->3601.1M(14336.0M)]
 [Times: user=0.06 sys=0.00, real=0.01 secs] 
2022-07-28T19:36:53.674-0700: 599185.178: [GC pause (G1 Evacuation Pause) (young), 0.0108059 secs]
   [Parallel Time: 5.8 ms, GC Workers: 8]
      [GC Worker Start (ms): Min: 599185178.5, Avg: 599185178.6, Max: 599185178.6, Diff: 0.1]
      [Ext Root Scanning (ms): Min: 1.2, Avg: 1.9, Max: 5.6, Diff: 4.4, Sum: 15.6]
      [Update RS (ms): Min: 0.0, Avg: 1.5, Max: 2.3, Diff: 2.3, Sum: 12.2]
         [Processed Buffers: Min: 0, Avg: 5.6, Max: 9, Diff: 9, Sum: 45]
      [Scan RS (ms): Min: 0.0, Avg: 0.0, Max: 0.1, Diff: 0.1, Sum: 0.4]
      [Code Root Scanning (ms): Min: 0.0, Avg: 0.0, Max: 0.0, Diff: 0.0, Sum: 0.0]
      [Object Copy (ms): Min: 0.0, Avg: 2.0, Max: 3.2, Diff: 3.2, Sum: 15.7]
      [Termination (ms): Min: 0.0, Avg: 0.0, Max: 0.0, Diff: 0.0, Sum: 0.0]
         [Termination Attempts: Min: 1, Avg: 1.6, Max: 3, Diff: 2, Sum: 13]
      [GC Worker Other (ms): Min: 0.0, Avg: 0.0, Max: 0.1, Diff: 0.1, Sum: 0.3]
      [GC Worker Total (ms): Min: 5.5, Avg: 5.5, Max: 5.6, Diff: 0.1, Sum: 44.2]
      [GC Worker End (ms): Min: 599185184.1, Avg: 599185184.1, Max: 599185184.1, Diff: 0.1]
   [Code Root Fixup: 0.0 ms]
   [Code Root Purge: 0.0 ms]
   [Clear CT: 0.8 ms]
   [Other: 4.2 ms]
      [Choose CSet: 0.0 ms]
      [Ref Proc: 3.5 ms]
      [Ref Enq: 0.1 ms]
      [Redirty Cards: 0.1 ms]
      [Humongous Register: 0.1 ms]
      [Humongous Reclaim: 0.0 ms]
      [Free CSet: 0.3 ms]
   [Eden: 7136.0M(7136.0M)->0.0B(7152.0M) Survivors: 32768.0K->16384.0K Heap: 10737.1M(14336.0M)->3582.8M(14336.0M)]
 [Times: user=0.06 sys=0.00, real=0.02 secs] 
2022-07-28T19:38:55.828-0700: 599307.332: [GC pause (G1 Evacuation Pause) (young) (initial-mark), 0.0174598 secs]
   [Parallel Time: 12.9 ms, GC Workers: 8]
      [GC Worker Start (ms): Min: 599307334.6, Avg: 599307334.7, Max: 599307334.7, Diff: 0.2]
      [Ext Root Scanning (ms): Min: 6.0, Avg: 6.3, Max: 6.8, Diff: 0.8, Sum: 50.6]
      [Update RS (ms): Min: 1.6, Avg: 1.7, Max: 2.0, Diff: 0.4, Sum: 13.8]
         [Processed Buffers: Min: 4, Avg: 5.8, Max: 9, Diff: 5, Sum: 46]
      [Scan RS (ms): Min: 0.0, Avg: 0.1, Max: 0.1, Diff: 0.1, Sum: 0.5]
      [Code Root Scanning (ms): Min: 0.0, Avg: 0.0, Max: 0.0, Diff: 0.0, Sum: 0.0]
      [Object Copy (ms): Min: 1.9, Avg: 2.4, Max: 2.8, Diff: 0.9, Sum: 19.4]
      [Termination (ms): Min: 0.0, Avg: 0.0, Max: 0.0, Diff: 0.0, Sum: 0.0]
         [Termination Attempts: Min: 1, Avg: 4.4, Max: 7, Diff: 6, Sum: 35]
      [GC Worker Other (ms): Min: 0.0, Avg: 0.0, Max: 0.1, Diff: 0.1, Sum: 0.4]
      [GC Worker Total (ms): Min: 10.5, Avg: 10.6, Max: 10.7, Diff: 0.2, Sum: 84.7]
      [GC Worker End (ms): Min: 599307345.2, Avg: 599307345.3, Max: 599307345.3, Diff: 0.1]
   [Code Root Fixup: 0.0 ms]
   [Code Root Purge: 0.0 ms]
   [Clear CT: 0.8 ms]
   [Other: 3.8 ms]
      [Choose CSet: 0.0 ms]
      [Ref Proc: 3.1 ms]
      [Ref Enq: 0.1 ms]
      [Redirty Cards: 0.1 ms]
      [Humongous Register: 0.0 ms]
      [Humongous Reclaim: 0.0 ms]
      [Free CSet: 0.3 ms]
   [Eden: 7152.0M(7152.0M)->0.0B(7152.0M) Survivors: 16384.0K->16384.0K Heap: 10734.8M(14336.0M)->3588.7M(14336.0M)]
 [Times: user=0.08 sys=0.00, real=0.02 secs] 
2022-07-28T19:38:55.845-0700: 599307.350: [GC concurrent-root-region-scan-start]
2022-07-28T19:38:55.855-0700: 599307.360: [GC concurrent-root-region-scan-end, 0.0099934 secs]
2022-07-28T19:38:55.855-0700: 599307.360: [GC concurrent-mark-start]
2022-07-28T19:38:58.605-0700: 599310.110: [GC concurrent-mark-end, 2.7501056 secs]
2022-07-28T19:38:58.606-0700: 599310.110: [GC remark 2022-07-28T19:38:58.606-0700: 599310.111: [Finalize Marking, 0.0003366 secs] 2022-07-28T19:38:58.606-0700: 599310.111: [GC ref-proc, 0.0074207 secs] 2022-07-28T19:38:58.614-0700: 599310.118: [Unloading, 0.0281078 secs], 0.0417591 secs]
 [Times: user=0.26 sys=0.00, real=0.04 secs] 
2022-07-28T19:38:58.648-0700: 599310.153: [GC cleanup 3823M->3823M(14336M), 0.0084500 secs]
 [Times: user=0.06 sys=0.00, real=0.01 secs] 
2022-07-28T19:40:59.211-0700: 599430.716: [GC pause (G1 Evacuation Pause) (young), 0.0153253 secs]
   [Parallel Time: 8.6 ms, GC Workers: 8]
      [GC Worker Start (ms): Min: 599430716.1, Avg: 599430716.2, Max: 599430716.3, Diff: 0.2]
      [Ext Root Scanning (ms): Min: 3.1, Avg: 3.9, Max: 5.3, Diff: 2.2, Sum: 31.1]
      [Update RS (ms): Min: 0.7, Avg: 1.9, Max: 2.5, Diff: 1.8, Sum: 15.0]
         [Processed Buffers: Min: 1, Avg: 5.0, Max: 14, Diff: 13, Sum: 40]
      [Scan RS (ms): Min: 0.0, Avg: 0.1, Max: 0.1, Diff: 0.1, Sum: 0.6]
      [Code Root Scanning (ms): Min: 0.0, Avg: 0.0, Max: 0.0, Diff: 0.0, Sum: 0.0]
      [Object Copy (ms): Min: 2.1, Avg: 2.4, Max: 2.6, Diff: 0.5, Sum: 19.1]
      [Termination (ms): Min: 0.0, Avg: 0.0, Max: 0.0, Diff: 0.0, Sum: 0.0]
         [Termination Attempts: Min: 1, Avg: 3.9, Max: 6, Diff: 5, Sum: 31]
      [GC Worker Other (ms): Min: 0.0, Avg: 0.0, Max: 0.1, Diff: 0.1, Sum: 0.3]
      [GC Worker Total (ms): Min: 8.1, Avg: 8.3, Max: 8.3, Diff: 0.2, Sum: 66.1]
      [GC Worker End (ms): Min: 599430724.4, Avg: 599430724.4, Max: 599430724.5, Diff: 0.1]
   [Code Root Fixup: 0.0 ms]
   [Code Root Purge: 0.0 ms]
   [Clear CT: 0.8 ms]
   [Other: 5.9 ms]
      [Choose CSet: 0.0 ms]
      [Ref Proc: 5.2 ms]
      [Ref Enq: 0.1 ms]
      [Redirty Cards: 0.1 ms]
      [Humongous Register: 0.1 ms]
      [Humongous Reclaim: 0.0 ms]
      [Free CSet: 0.3 ms]
   [Eden: 7152.0M(7152.0M)->0.0B(5712.0M) Survivors: 16384.0K->16384.0K Heap: 10740.7M(14336.0M)->3584.3M(14336.0M)]
 [Times: user=0.06 sys=0.01, real=0.02 secs] 
2022-07-28T19:42:39.164-0700: 599530.669: [GC pause (G1 Evacuation Pause) (mixed), 0.0132788 secs]
   [Parallel Time: 10.2 ms, GC Workers: 8]
      [GC Worker Start (ms): Min: 599530668.8, Avg: 599530668.8, Max: 599530668.9, Diff: 0.1]
      [Ext Root Scanning (ms): Min: 2.7, Avg: 3.9, Max: 6.6, Diff: 3.9, Sum: 30.8]
      [Update RS (ms): Min: 0.0, Avg: 1.5, Max: 2.0, Diff: 2.0, Sum: 12.3]
         [Processed Buffers: Min: 0, Avg: 5.5, Max: 9, Diff: 9, Sum: 44]
      [Scan RS (ms): Min: 0.0, Avg: 0.6, Max: 0.8, Diff: 0.8, Sum: 5.1]
      [Code Root Scanning (ms): Min: 0.0, Avg: 0.0, Max: 0.0, Diff: 0.0, Sum: 0.0]
      [Object Copy (ms): Min: 3.3, Avg: 3.9, Max: 4.5, Diff: 1.3, Sum: 31.0]
      [Termination (ms): Min: 0.0, Avg: 0.1, Max: 0.1, Diff: 0.1, Sum: 0.6]
         [Termination Attempts: Min: 1, Avg: 4.8, Max: 8, Diff: 7, Sum: 38]
      [GC Worker Other (ms): Min: 0.0, Avg: 0.0, Max: 0.1, Diff: 0.0, Sum: 0.3]
      [GC Worker Total (ms): Min: 9.9, Avg: 10.0, Max: 10.1, Diff: 0.2, Sum: 80.0]
      [GC Worker End (ms): Min: 599530678.8, Avg: 599530678.8, Max: 599530678.8, Diff: 0.0]
   [Code Root Fixup: 0.0 ms]
   [Code Root Purge: 0.0 ms]
   [Clear CT: 0.7 ms]
   [Other: 2.4 ms]
      [Choose CSet: 0.0 ms]
      [Ref Proc: 1.7 ms]
      [Ref Enq: 0.1 ms]
      [Redirty Cards: 0.1 ms]
      [Humongous Register: 0.0 ms]
      [Humongous Reclaim: 0.0 ms]
      [Free CSet: 0.2 ms]
   [Eden: 5712.0M(5712.0M)->0.0B(7152.0M) Survivors: 16384.0K->16384.0K Heap: 9296.3M(14336.0M)->3574.8M(14336.0M)]
 [Times: user=0.06 sys=0.01, real=0.01 secs] 
2022-07-28T19:44:41.074-0700: 599652.579: [GC pause (G1 Evacuation Pause) (young), 0.0105314 secs]
   [Parallel Time: 6.9 ms, GC Workers: 8]
      [GC Worker Start (ms): Min: 599652579.0, Avg: 599652579.0, Max: 599652579.1, Diff: 0.1]
      [Ext Root Scanning (ms): Min: 1.1, Avg: 1.8, Max: 5.1, Diff: 4.0, Sum: 14.7]
      [Update RS (ms): Min: 0.0, Avg: 2.9, Max: 3.6, Diff: 3.6, Sum: 22.9]
         [Processed Buffers: Min: 0, Avg: 9.6, Max: 18, Diff: 18, Sum: 77]
      [Scan RS (ms): Min: 0.0, Avg: 0.0, Max: 0.1, Diff: 0.1, Sum: 0.4]
      [Code Root Scanning (ms): Min: 0.0, Avg: 0.0, Max: 0.0, Diff: 0.0, Sum: 0.0]
      [Object Copy (ms): Min: 1.6, Avg: 1.9, Max: 2.1, Diff: 0.4, Sum: 15.6]
      [Termination (ms): Min: 0.0, Avg: 0.0, Max: 0.0, Diff: 0.0, Sum: 0.0]
         [Termination Attempts: Min: 1, Avg: 10.6, Max: 13, Diff: 12, Sum: 85]
      [GC Worker Other (ms): Min: 0.0, Avg: 0.0, Max: 0.1, Diff: 0.1, Sum: 0.4]
      [GC Worker Total (ms): Min: 6.7, Avg: 6.7, Max: 6.8, Diff: 0.2, Sum: 53.9]
      [GC Worker End (ms): Min: 599652585.8, Avg: 599652585.8, Max: 599652585.8, Diff: 0.1]
   [Code Root Fixup: 0.0 ms]
   [Code Root Purge: 0.0 ms]
   [Clear CT: 0.7 ms]
   [Other: 2.9 ms]
      [Choose CSet: 0.0 ms]
      [Ref Proc: 2.2 ms]
      [Ref Enq: 0.1 ms]
      [Redirty Cards: 0.1 ms]
      [Humongous Register: 0.0 ms]
      [Humongous Reclaim: 0.0 ms]
      [Free CSet: 0.3 ms]
   [Eden: 7152.0M(7152.0M)->0.0B(7152.0M) Survivors: 16384.0K->16384.0K Heap: 10726.8M(14336.0M)->3583.1M(14336.0M)]
 [Times: user=0.07 sys=0.00, real=0.02 secs] 
2022-07-28T19:46:43.820-0700: 599775.325: [GC pause (G1 Evacuation Pause) (young) (initial-mark), 0.0170760 secs]
   [Parallel Time: 12.1 ms, GC Workers: 8]
      [GC Worker Start (ms): Min: 599775327.3, Avg: 599775327.4, Max: 599775327.4, Diff: 0.1]
      [Ext Root Scanning (ms): Min: 5.6, Avg: 6.0, Max: 6.5, Diff: 0.9, Sum: 47.7]
      [Update RS (ms): Min: 1.1, Avg: 1.4, Max: 1.6, Diff: 0.5, Sum: 11.1]
         [Processed Buffers: Min: 3, Avg: 4.8, Max: 7, Diff: 4, Sum: 38]
      [Scan RS (ms): Min: 0.0, Avg: 0.1, Max: 0.1, Diff: 0.1, Sum: 0.4]
      [Code Root Scanning (ms): Min: 0.0, Avg: 0.0, Max: 0.0, Diff: 0.0, Sum: 0.0]
      [Object Copy (ms): Min: 1.9, Avg: 2.3, Max: 2.9, Diff: 1.0, Sum: 18.7]
      [Termination (ms): Min: 0.0, Avg: 0.0, Max: 0.0, Diff: 0.0, Sum: 0.1]
         [Termination Attempts: Min: 15, Avg: 23.8, Max: 30, Diff: 15, Sum: 190]
      [GC Worker Other (ms): Min: 0.0, Avg: 0.1, Max: 0.1, Diff: 0.1, Sum: 0.5]
      [GC Worker Total (ms): Min: 9.7, Avg: 9.8, Max: 9.9, Diff: 0.2, Sum: 78.5]
      [GC Worker End (ms): Min: 599775337.1, Avg: 599775337.2, Max: 599775337.2, Diff: 0.1]
   [Code Root Fixup: 0.0 ms]
   [Code Root Purge: 0.0 ms]
   [Clear CT: 0.7 ms]
   [Other: 4.2 ms]
      [Choose CSet: 0.0 ms]
      [Ref Proc: 3.5 ms]
      [Ref Enq: 0.1 ms]
      [Redirty Cards: 0.1 ms]
      [Humongous Register: 0.0 ms]
      [Humongous Reclaim: 0.0 ms]
      [Free CSet: 0.3 ms]
   [Eden: 7152.0M(7152.0M)->0.0B(7152.0M) Survivors: 16384.0K->16384.0K Heap: 10735.1M(14336.0M)->3580.7M(14336.0M)]
 [Times: user=0.07 sys=0.02, real=0.02 secs] 
2022-07-28T19:46:43.837-0700: 599775.342: [GC concurrent-root-region-scan-start]
2022-07-28T19:46:43.847-0700: 599775.351: [GC concurrent-root-region-scan-end, 0.0092881 secs]
2022-07-28T19:46:43.847-0700: 599775.351: [GC concurrent-mark-start]
2022-07-28T19:46:46.500-0700: 599778.005: [GC concurrent-mark-end, 2.6536930 secs]
2022-07-28T19:46:46.501-0700: 599778.006: [GC remark 2022-07-28T19:46:46.501-0700: 599778.006: [Finalize Marking, 0.0002670 secs] 2022-07-28T19:46:46.501-0700: 599778.006: [GC ref-proc, 0.0058810 secs] 2022-07-28T19:46:46.507-0700: 599778.012: [Unloading, 0.0280337 secs], 0.0398739 secs]
 [Times: user=0.26 sys=0.00, real=0.04 secs] 
2022-07-28T19:46:46.541-0700: 599778.046: [GC cleanup 3785M->3785M(14336M), 0.0084366 secs]
 [Times: user=0.06 sys=0.00, real=0.01 secs] 
2022-07-28T19:48:41.521-0700: 599893.026: [GC pause (G1 Evacuation Pause) (young), 0.0109959 secs]
   [Parallel Time: 5.7 ms, GC Workers: 8]
      [GC Worker Start (ms): Min: 599893025.9, Avg: 599893025.9, Max: 599893026.0, Diff: 0.2]
      [Ext Root Scanning (ms): Min: 1.1, Avg: 1.9, Max: 5.3, Diff: 4.2, Sum: 15.2]
      [Update RS (ms): Min: 0.0, Avg: 1.5, Max: 2.0, Diff: 2.0, Sum: 11.9]
         [Processed Buffers: Min: 0, Avg: 5.6, Max: 14, Diff: 14, Sum: 45]
      [Scan RS (ms): Min: 0.0, Avg: 0.1, Max: 0.1, Diff: 0.1, Sum: 0.4]
      [Code Root Scanning (ms): Min: 0.0, Avg: 0.0, Max: 0.0, Diff: 0.0, Sum: 0.0]
      [Object Copy (ms): Min: 0.1, Avg: 1.9, Max: 2.3, Diff: 2.2, Sum: 15.2]
      [Termination (ms): Min: 0.0, Avg: 0.0, Max: 0.0, Diff: 0.0, Sum: 0.0]
         [Termination Attempts: Min: 1, Avg: 1.8, Max: 4, Diff: 3, Sum: 14]
      [GC Worker Other (ms): Min: 0.0, Avg: 0.1, Max: 0.1, Diff: 0.1, Sum: 0.5]
      [GC Worker Total (ms): Min: 5.3, Avg: 5.4, Max: 5.5, Diff: 0.2, Sum: 43.2]
      [GC Worker End (ms): Min: 599893031.3, Avg: 599893031.3, Max: 599893031.4, Diff: 0.1]
   [Code Root Fixup: 0.0 ms]
   [Code Root Purge: 0.0 ms]
   [Clear CT: 0.7 ms]
   [Other: 4.5 ms]
      [Choose CSet: 0.0 ms]
      [Ref Proc: 3.9 ms]
      [Ref Enq: 0.1 ms]
      [Redirty Cards: 0.1 ms]
      [Humongous Register: 0.0 ms]
      [Humongous Reclaim: 0.0 ms]
      [Free CSet: 0.3 ms]
   [Eden: 7152.0M(7152.0M)->0.0B(5712.0M) Survivors: 16384.0K->16384.0K Heap: 10732.7M(14336.0M)->3585.3M(14336.0M)]
 [Times: user=0.05 sys=0.01, real=0.01 secs] 
2022-07-28T19:50:18.563-0700: 599990.068: [GC pause (G1 Evacuation Pause) (mixed), 0.0129435 secs]
   [Parallel Time: 9.4 ms, GC Workers: 8]
      [GC Worker Start (ms): Min: 599990067.9, Avg: 599990068.0, Max: 599990068.1, Diff: 0.2]
      [Ext Root Scanning (ms): Min: 1.3, Avg: 2.3, Max: 7.1, Diff: 5.8, Sum: 18.3]
      [Update RS (ms): Min: 0.0, Avg: 1.6, Max: 2.2, Diff: 2.2, Sum: 12.7]
         [Processed Buffers: Min: 0, Avg: 4.8, Max: 11, Diff: 11, Sum: 38]
      [Scan RS (ms): Min: 0.0, Avg: 0.7, Max: 1.0, Diff: 1.0, Sum: 5.8]
      [Code Root Scanning (ms): Min: 0.0, Avg: 0.0, Max: 0.0, Diff: 0.0, Sum: 0.0]
      [Object Copy (ms): Min: 2.0, Avg: 4.4, Max: 4.9, Diff: 3.0, Sum: 35.5]
      [Termination (ms): Min: 0.0, Avg: 0.0, Max: 0.0, Diff: 0.0, Sum: 0.0]
         [Termination Attempts: Min: 6, Avg: 8.4, Max: 10, Diff: 4, Sum: 67]
      [GC Worker Other (ms): Min: 0.0, Avg: 0.1, Max: 0.1, Diff: 0.1, Sum: 0.5]
      [GC Worker Total (ms): Min: 9.0, Avg: 9.1, Max: 9.2, Diff: 0.2, Sum: 72.8]
      [GC Worker End (ms): Min: 599990077.1, Avg: 599990077.1, Max: 599990077.2, Diff: 0.1]
   [Code Root Fixup: 0.0 ms]
   [Code Root Purge: 0.0 ms]
   [Clear CT: 0.8 ms]
   [Other: 2.8 ms]
      [Choose CSet: 0.0 ms]
      [Ref Proc: 2.1 ms]
      [Ref Enq: 0.1 ms]
      [Redirty Cards: 0.1 ms]
      [Humongous Register: 0.1 ms]
      [Humongous Reclaim: 0.0 ms]
      [Free CSet: 0.2 ms]
   [Eden: 5712.0M(5712.0M)->0.0B(7152.0M) Survivors: 16384.0K->16384.0K Heap: 9297.3M(14336.0M)->3574.2M(14336.0M)]
 [Times: user=0.08 sys=0.00, real=0.01 secs] 
2022-07-28T19:52:19.566-0700: 600111.070: [GC pause (G1 Evacuation Pause) (young), 0.0109458 secs]
   [Parallel Time: 8.0 ms, GC Workers: 8]
      [GC Worker Start (ms): Min: 600111070.4, Avg: 600111070.5, Max: 600111070.5, Diff: 0.1]
      [Ext Root Scanning (ms): Min: 1.3, Avg: 2.0, Max: 5.5, Diff: 4.2, Sum: 16.3]
      [Update RS (ms): Min: 0.7, Avg: 3.8, Max: 4.5, Diff: 3.8, Sum: 30.6]
         [Processed Buffers: Min: 5, Avg: 9.8, Max: 16, Diff: 11, Sum: 78]
      [Scan RS (ms): Min: 0.0, Avg: 0.0, Max: 0.1, Diff: 0.1, Sum: 0.4]
      [Code Root Scanning (ms): Min: 0.0, Avg: 0.0, Max: 0.0, Diff: 0.0, Sum: 0.0]
      [Object Copy (ms): Min: 1.5, Avg: 1.9, Max: 2.1, Diff: 0.6, Sum: 15.0]
      [Termination (ms): Min: 0.0, Avg: 0.0, Max: 0.0, Diff: 0.0, Sum: 0.0]
         [Termination Attempts: Min: 1, Avg: 2.2, Max: 5, Diff: 4, Sum: 18]
      [GC Worker Other (ms): Min: 0.0, Avg: 0.1, Max: 0.1, Diff: 0.1, Sum: 0.4]
      [GC Worker Total (ms): Min: 7.8, Avg: 7.8, Max: 7.9, Diff: 0.1, Sum: 62.8]
      [GC Worker End (ms): Min: 600111078.3, Avg: 600111078.3, Max: 600111078.4, Diff: 0.1]
   [Code Root Fixup: 0.0 ms]
   [Code Root Purge: 0.0 ms]
   [Clear CT: 0.7 ms]
   [Other: 2.2 ms]
      [Choose CSet: 0.0 ms]
      [Ref Proc: 1.5 ms]
      [Ref Enq: 0.1 ms]
      [Redirty Cards: 0.1 ms]
      [Humongous Register: 0.1 ms]
      [Humongous Reclaim: 0.0 ms]
      [Free CSet: 0.3 ms]
   [Eden: 7152.0M(7152.0M)->0.0B(7152.0M) Survivors: 16384.0K->16384.0K Heap: 10726.2M(14336.0M)->3579.1M(14336.0M)]
 [Times: user=0.07 sys=0.00, real=0.01 secs] 
2022-07-28T19:54:18.516-0700: 600230.021: [GC pause (G1 Evacuation Pause) (young) (initial-mark), 0.0163524 secs]
   [Parallel Time: 11.6 ms, GC Workers: 8]
      [GC Worker Start (ms): Min: 600230023.0, Avg: 600230023.1, Max: 600230023.2, Diff: 0.2]
      [Ext Root Scanning (ms): Min: 5.3, Avg: 5.7, Max: 6.2, Diff: 0.9, Sum: 45.5]
      [Update RS (ms): Min: 1.3, Avg: 1.5, Max: 1.7, Diff: 0.4, Sum: 12.0]
         [Processed Buffers: Min: 3, Avg: 5.8, Max: 14, Diff: 11, Sum: 46]
      [Scan RS (ms): Min: 0.0, Avg: 0.0, Max: 0.1, Diff: 0.1, Sum: 0.4]
      [Code Root Scanning (ms): Min: 0.0, Avg: 0.0, Max: 0.0, Diff: 0.0, Sum: 0.0]
      [Object Copy (ms): Min: 1.7, Avg: 2.3, Max: 2.7, Diff: 1.0, Sum: 18.3]
      [Termination (ms): Min: 0.0, Avg: 0.0, Max: 0.0, Diff: 0.0, Sum: 0.0]
         [Termination Attempts: Min: 1, Avg: 9.0, Max: 12, Diff: 11, Sum: 72]
      [GC Worker Other (ms): Min: 0.0, Avg: 0.1, Max: 0.1, Diff: 0.1, Sum: 0.4]
      [GC Worker Total (ms): Min: 9.5, Avg: 9.6, Max: 9.7, Diff: 0.1, Sum: 76.7]
      [GC Worker End (ms): Min: 600230032.6, Avg: 600230032.7, Max: 600230032.8, Diff: 0.1]
   [Code Root Fixup: 0.0 ms]
   [Code Root Purge: 0.0 ms]
   [Clear CT: 0.7 ms]
   [Other: 4.0 ms]
      [Choose CSet: 0.0 ms]
      [Ref Proc: 3.4 ms]
      [Ref Enq: 0.1 ms]
      [Redirty Cards: 0.1 ms]
      [Humongous Register: 0.0 ms]
      [Humongous Reclaim: 0.0 ms]
      [Free CSet: 0.3 ms]
   [Eden: 7152.0M(7152.0M)->0.0B(7152.0M) Survivors: 16384.0K->16384.0K Heap: 10731.1M(14336.0M)->3585.0M(14336.0M)]
 [Times: user=0.08 sys=0.00, real=0.01 secs] 
2022-07-28T19:54:18.533-0700: 600230.038: [GC concurrent-root-region-scan-start]
2022-07-28T19:54:18.546-0700: 600230.051: [GC concurrent-root-region-scan-end, 0.0131788 secs]
2022-07-28T19:54:18.546-0700: 600230.051: [GC concurrent-mark-start]
2022-07-28T19:54:21.260-0700: 600232.765: [GC concurrent-mark-end, 2.7144454 secs]
2022-07-28T19:54:21.261-0700: 600232.765: [GC remark 2022-07-28T19:54:21.261-0700: 600232.766: [Finalize Marking, 0.0001745 secs] 2022-07-28T19:54:21.261-0700: 600232.766: [GC ref-proc, 0.0056319 secs] 2022-07-28T19:54:21.267-0700: 600232.771: [Unloading, 0.0281401 secs], 0.0396446 secs]
 [Times: user=0.26 sys=0.00, real=0.04 secs] 
2022-07-28T19:54:21.301-0700: 600232.805: [GC cleanup 3737M->3737M(14336M), 0.0087444 secs]
 [Times: user=0.06 sys=0.00, real=0.01 secs] 
2022-07-28T19:56:18.867-0700: 600350.371: [GC pause (G1 Evacuation Pause) (young), 0.0105893 secs]
   [Parallel Time: 6.1 ms, GC Workers: 8]
      [GC Worker Start (ms): Min: 600350371.5, Avg: 600350371.5, Max: 600350371.6, Diff: 0.1]
      [Ext Root Scanning (ms): Min: 1.3, Avg: 2.1, Max: 5.7, Diff: 4.4, Sum: 16.5]
      [Update RS (ms): Min: 0.0, Avg: 1.4, Max: 1.9, Diff: 1.9, Sum: 11.1]
         [Processed Buffers: Min: 0, Avg: 4.9, Max: 12, Diff: 12, Sum: 39]
      [Scan RS (ms): Min: 0.0, Avg: 0.1, Max: 0.1, Diff: 0.1, Sum: 0.5]
      [Code Root Scanning (ms): Min: 0.0, Avg: 0.0, Max: 0.0, Diff: 0.0, Sum: 0.0]
      [Object Copy (ms): Min: 0.2, Avg: 2.4, Max: 2.8, Diff: 2.6, Sum: 18.8]
      [Termination (ms): Min: 0.0, Avg: 0.0, Max: 0.0, Diff: 0.0, Sum: 0.0]
         [Termination Attempts: Min: 1, Avg: 4.9, Max: 9, Diff: 8, Sum: 39]
      [GC Worker Other (ms): Min: 0.0, Avg: 0.0, Max: 0.1, Diff: 0.1, Sum: 0.4]
      [GC Worker Total (ms): Min: 5.8, Avg: 5.9, Max: 5.9, Diff: 0.1, Sum: 47.3]
      [GC Worker End (ms): Min: 600350377.4, Avg: 600350377.4, Max: 600350377.5, Diff: 0.1]
   [Code Root Fixup: 0.0 ms]
   [Code Root Purge: 0.0 ms]
   [Clear CT: 0.7 ms]
   [Other: 3.8 ms]
      [Choose CSet: 0.0 ms]
      [Ref Proc: 3.1 ms]
      [Ref Enq: 0.1 ms]
      [Redirty Cards: 0.1 ms]
      [Humongous Register: 0.1 ms]
      [Humongous Reclaim: 0.0 ms]
      [Free CSet: 0.3 ms]
   [Eden: 7152.0M(7152.0M)->0.0B(7152.0M) Survivors: 16384.0K->16384.0K Heap: 10737.0M(14336.0M)->3582.1M(14336.0M)]
 [Times: user=0.05 sys=0.01, real=0.01 secs] 
2022-07-28T19:58:20.817-0700: 600472.322: [GC pause (G1 Evacuation Pause) (young), 0.0108846 secs]
   [Parallel Time: 6.5 ms, GC Workers: 8]
      [GC Worker Start (ms): Min: 600472322.3, Avg: 600472322.4, Max: 600472322.4, Diff: 0.1]
      [Ext Root Scanning (ms): Min: 1.3, Avg: 2.1, Max: 5.9, Diff: 4.6, Sum: 16.5]
      [Update RS (ms): Min: 0.0, Avg: 1.7, Max: 2.3, Diff: 2.3, Sum: 13.7]
         [Processed Buffers: Min: 0, Avg: 6.1, Max: 11, Diff: 11, Sum: 49]
      [Scan RS (ms): Min: 0.0, Avg: 0.1, Max: 0.1, Diff: 0.1, Sum: 0.4]
      [Code Root Scanning (ms): Min: 0.0, Avg: 0.0, Max: 0.0, Diff: 0.0, Sum: 0.0]
      [Object Copy (ms): Min: 0.3, Avg: 2.3, Max: 2.7, Diff: 2.4, Sum: 18.2]
      [Termination (ms): Min: 0.0, Avg: 0.0, Max: 0.0, Diff: 0.0, Sum: 0.0]
         [Termination Attempts: Min: 5, Avg: 8.4, Max: 10, Diff: 5, Sum: 67]
      [GC Worker Other (ms): Min: 0.0, Avg: 0.0, Max: 0.1, Diff: 0.1, Sum: 0.3]
      [GC Worker Total (ms): Min: 6.1, Avg: 6.2, Max: 6.2, Diff: 0.1, Sum: 49.3]
      [GC Worker End (ms): Min: 600472328.5, Avg: 600472328.5, Max: 600472328.6, Diff: 0.1]
   [Code Root Fixup: 0.0 ms]
   [Code Root Purge: 0.0 ms]
   [Clear CT: 0.7 ms]
   [Other: 3.6 ms]
      [Choose CSet: 0.0 ms]
      [Ref Proc: 2.8 ms]
      [Ref Enq: 0.1 ms]
      [Redirty Cards: 0.2 ms]
      [Humongous Register: 0.1 ms]
      [Humongous Reclaim: 0.0 ms]
      [Free CSet: 0.3 ms]
   [Eden: 7152.0M(7152.0M)->0.0B(7152.0M) Survivors: 16384.0K->16384.0K Heap: 10734.1M(14336.0M)->3586.3M(14336.0M)]
 [Times: user=0.06 sys=0.00, real=0.01 secs] 
2022-07-28T20:00:23.714-0700: 600595.219: [GC pause (G1 Evacuation Pause) (young) (initial-mark), 0.0171624 secs]
   [Parallel Time: 12.5 ms, GC Workers: 8]
      [GC Worker Start (ms): Min: 600595220.6, Avg: 600595220.6, Max: 600595220.7, Diff: 0.1]
      [Ext Root Scanning (ms): Min: 5.4, Avg: 5.8, Max: 6.2, Diff: 0.7, Sum: 46.3]
      [Update RS (ms): Min: 0.0, Avg: 1.5, Max: 1.9, Diff: 1.8, Sum: 11.7]
         [Processed Buffers: Min: 0, Avg: 5.5, Max: 17, Diff: 17, Sum: 44]
      [Scan RS (ms): Min: 0.0, Avg: 0.0, Max: 0.1, Diff: 0.1, Sum: 0.4]
      [Code Root Scanning (ms): Min: 0.0, Avg: 0.0, Max: 0.0, Diff: 0.0, Sum: 0.0]
      [Object Copy (ms): Min: 2.0, Avg: 2.8, Max: 4.6, Diff: 2.6, Sum: 22.6]
      [Termination (ms): Min: 0.0, Avg: 0.2, Max: 0.2, Diff: 0.2, Sum: 1.3]
         [Termination Attempts: Min: 1, Avg: 3.2, Max: 5, Diff: 4, Sum: 26]
      [GC Worker Other (ms): Min: 0.0, Avg: 0.0, Max: 0.1, Diff: 0.0, Sum: 0.2]
      [GC Worker Total (ms): Min: 10.3, Avg: 10.3, Max: 10.4, Diff: 0.1, Sum: 82.5]
      [GC Worker End (ms): Min: 600595230.9, Avg: 600595230.9, Max: 600595230.9, Diff: 0.0]
   [Code Root Fixup: 0.0 ms]
   [Code Root Purge: 0.0 ms]
   [Clear CT: 0.8 ms]
   [Other: 3.9 ms]
      [Choose CSet: 0.0 ms]
      [Ref Proc: 3.1 ms]
      [Ref Enq: 0.1 ms]
      [Redirty Cards: 0.1 ms]
      [Humongous Register: 0.0 ms]
      [Humongous Reclaim: 0.0 ms]
      [Free CSet: 0.3 ms]
   [Eden: 7152.0M(7152.0M)->0.0B(7152.0M) Survivors: 16384.0K->16384.0K Heap: 10738.3M(14336.0M)->3584.9M(14336.0M)]
 [Times: user=0.07 sys=0.01, real=0.02 secs] 
2022-07-28T20:00:23.731-0700: 600595.236: [GC concurrent-root-region-scan-start]
2022-07-28T20:00:23.745-0700: 600595.249: [GC concurrent-root-region-scan-end, 0.0134417 secs]
2022-07-28T20:00:23.745-0700: 600595.249: [GC concurrent-mark-start]
2022-07-28T20:00:26.421-0700: 600597.925: [GC concurrent-mark-end, 2.6758442 secs]
2022-07-28T20:00:26.421-0700: 600597.926: [GC remark 2022-07-28T20:00:26.421-0700: 600597.926: [Finalize Marking, 0.0004901 secs] 2022-07-28T20:00:26.421-0700: 600597.926: [GC ref-proc, 0.0062231 secs] 2022-07-28T20:00:26.428-0700: 600597.932: [Unloading, 0.0281685 secs], 0.0406532 secs]
 [Times: user=0.26 sys=0.00, real=0.04 secs] 
2022-07-28T20:00:26.462-0700: 600597.967: [GC cleanup 3805M->3805M(14336M), 0.0085778 secs]
 [Times: user=0.06 sys=0.00, real=0.01 secs] 
2022-07-28T20:02:27.116-0700: 600718.621: [GC pause (G1 Evacuation Pause) (young), 0.0121790 secs]
   [Parallel Time: 6.9 ms, GC Workers: 8]
      [GC Worker Start (ms): Min: 600718620.9, Avg: 600718621.0, Max: 600718621.0, Diff: 0.1]
      [Ext Root Scanning (ms): Min: 1.2, Avg: 2.1, Max: 6.0, Diff: 4.8, Sum: 16.7]
      [Update RS (ms): Min: 0.0, Avg: 1.8, Max: 2.6, Diff: 2.6, Sum: 14.7]
         [Processed Buffers: Min: 0, Avg: 6.1, Max: 9, Diff: 9, Sum: 49]
      [Scan RS (ms): Min: 0.0, Avg: 0.1, Max: 0.1, Diff: 0.1, Sum: 0.5]
      [Code Root Scanning (ms): Min: 0.0, Avg: 0.0, Max: 0.0, Diff: 0.0, Sum: 0.0]
      [Object Copy (ms): Min: 0.4, Avg: 2.4, Max: 2.9, Diff: 2.4, Sum: 19.5]
      [Termination (ms): Min: 0.0, Avg: 0.0, Max: 0.0, Diff: 0.0, Sum: 0.1]
         [Termination Attempts: Min: 8, Avg: 11.1, Max: 15, Diff: 7, Sum: 89]
      [GC Worker Other (ms): Min: 0.0, Avg: 0.1, Max: 0.1, Diff: 0.1, Sum: 0.7]
      [GC Worker Total (ms): Min: 6.4, Avg: 6.5, Max: 6.6, Diff: 0.2, Sum: 52.2]
      [GC Worker End (ms): Min: 600718627.4, Avg: 600718627.5, Max: 600718627.5, Diff: 0.1]
   [Code Root Fixup: 0.0 ms]
   [Code Root Purge: 0.0 ms]
   [Clear CT: 0.7 ms]
   [Other: 4.7 ms]
      [Choose CSet: 0.0 ms]
      [Ref Proc: 3.9 ms]
      [Ref Enq: 0.1 ms]
      [Redirty Cards: 0.1 ms]
      [Humongous Register: 0.1 ms]
      [Humongous Reclaim: 0.0 ms]
      [Free CSet: 0.3 ms]
   [Eden: 7152.0M(7152.0M)->0.0B(5712.0M) Survivors: 16384.0K->16384.0K Heap: 10736.9M(14336.0M)->3587.0M(14336.0M)]
 [Times: user=0.07 sys=0.00, real=0.01 secs] 
2022-07-28T20:04:04.214-0700: 600815.719: [GC pause (G1 Evacuation Pause) (mixed), 0.0115559 secs]
   [Parallel Time: 8.8 ms, GC Workers: 8]
      [GC Worker Start (ms): Min: 600815719.1, Avg: 600815719.2, Max: 600815719.2, Diff: 0.1]
      [Ext Root Scanning (ms): Min: 1.4, Avg: 2.3, Max: 6.8, Diff: 5.4, Sum: 18.7]
      [Update RS (ms): Min: 0.0, Avg: 1.7, Max: 2.4, Diff: 2.4, Sum: 13.5]
         [Processed Buffers: Min: 0, Avg: 5.5, Max: 11, Diff: 11, Sum: 44]
      [Scan RS (ms): Min: 0.0, Avg: 0.6, Max: 0.9, Diff: 0.9, Sum: 5.1]
      [Code Root Scanning (ms): Min: 0.0, Avg: 0.0, Max: 0.0, Diff: 0.0, Sum: 0.0]
      [Object Copy (ms): Min: 1.8, Avg: 3.9, Max: 4.4, Diff: 2.6, Sum: 31.4]
      [Termination (ms): Min: 0.0, Avg: 0.0, Max: 0.0, Diff: 0.0, Sum: 0.0]
         [Termination Attempts: Min: 1, Avg: 1.1, Max: 2, Diff: 1, Sum: 9]
      [GC Worker Other (ms): Min: 0.0, Avg: 0.0, Max: 0.1, Diff: 0.1, Sum: 0.3]
      [GC Worker Total (ms): Min: 8.5, Avg: 8.6, Max: 8.7, Diff: 0.1, Sum: 69.0]
      [GC Worker End (ms): Min: 600815727.8, Avg: 600815727.8, Max: 600815727.8, Diff: 0.1]
   [Code Root Fixup: 0.0 ms]
   [Code Root Purge: 0.0 ms]
   [Clear CT: 0.7 ms]
   [Other: 2.0 ms]
      [Choose CSet: 0.0 ms]
      [Ref Proc: 1.4 ms]
      [Ref Enq: 0.1 ms]
      [Redirty Cards: 0.1 ms]
      [Humongous Register: 0.1 ms]
      [Humongous Reclaim: 0.0 ms]
      [Free CSet: 0.2 ms]
   [Eden: 5712.0M(5712.0M)->0.0B(7152.0M) Survivors: 16384.0K->16384.0K Heap: 9299.0M(14336.0M)->3581.1M(14336.0M)]
 [Times: user=0.07 sys=0.00, real=0.02 secs] 
2022-07-28T20:06:08.817-0700: 600940.321: [GC pause (G1 Evacuation Pause) (young), 0.0113188 secs]
   [Parallel Time: 7.9 ms, GC Workers: 8]
      [GC Worker Start (ms): Min: 600940321.6, Avg: 600940321.7, Max: 600940321.8, Diff: 0.2]
      [Ext Root Scanning (ms): Min: 1.4, Avg: 2.2, Max: 5.8, Diff: 4.5, Sum: 17.4]
      [Update RS (ms): Min: 0.0, Avg: 2.9, Max: 3.7, Diff: 3.7, Sum: 23.6]
         [Processed Buffers: Min: 0, Avg: 10.1, Max: 17, Diff: 17, Sum: 81]
      [Scan RS (ms): Min: 0.0, Avg: 0.0, Max: 0.1, Diff: 0.1, Sum: 0.4]
      [Code Root Scanning (ms): Min: 0.0, Avg: 0.0, Max: 0.0, Diff: 0.0, Sum: 0.0]
      [Object Copy (ms): Min: 1.7, Avg: 2.3, Max: 2.6, Diff: 0.8, Sum: 18.7]
      [Termination (ms): Min: 0.0, Avg: 0.0, Max: 0.0, Diff: 0.0, Sum: 0.0]
         [Termination Attempts: Min: 1, Avg: 1.2, Max: 2, Diff: 1, Sum: 10]
      [GC Worker Other (ms): Min: 0.0, Avg: 0.1, Max: 0.1, Diff: 0.1, Sum: 0.4]
      [GC Worker Total (ms): Min: 7.5, Avg: 7.6, Max: 7.6, Diff: 0.1, Sum: 60.6]
      [GC Worker End (ms): Min: 600940329.2, Avg: 600940329.3, Max: 600940329.3, Diff: 0.1]
   [Code Root Fixup: 0.0 ms]
   [Code Root Purge: 0.0 ms]
   [Clear CT: 0.7 ms]
   [Other: 2.7 ms]
      [Choose CSet: 0.0 ms]
      [Ref Proc: 2.0 ms]
      [Ref Enq: 0.1 ms]
      [Redirty Cards: 0.1 ms]
      [Humongous Register: 0.1 ms]
      [Humongous Reclaim: 0.0 ms]
      [Free CSet: 0.3 ms]
   [Eden: 7152.0M(7152.0M)->0.0B(7152.0M) Survivors: 16384.0K->16384.0K Heap: 10733.1M(14336.0M)->3582.4M(14336.0M)]
 [Times: user=0.07 sys=0.00, real=0.01 secs] 
2022-07-28T20:08:08.661-0700: 601060.166: [GC pause (G1 Evacuation Pause) (young) (initial-mark), 0.0163146 secs]
   [Parallel Time: 12.3 ms, GC Workers: 8]
      [GC Worker Start (ms): Min: 601060167.7, Avg: 601060167.8, Max: 601060167.9, Diff: 0.2]
      [Ext Root Scanning (ms): Min: 5.6, Avg: 6.0, Max: 6.5, Diff: 0.9, Sum: 48.2]
      [Update RS (ms): Min: 1.5, Avg: 1.6, Max: 1.8, Diff: 0.3, Sum: 13.0]
         [Processed Buffers: Min: 3, Avg: 5.8, Max: 9, Diff: 6, Sum: 46]
      [Scan RS (ms): Min: 0.0, Avg: 0.0, Max: 0.1, Diff: 0.1, Sum: 0.4]
      [Code Root Scanning (ms): Min: 0.0, Avg: 0.0, Max: 0.0, Diff: 0.0, Sum: 0.0]
      [Object Copy (ms): Min: 1.9, Avg: 2.5, Max: 2.9, Diff: 1.0, Sum: 20.0]
      [Termination (ms): Min: 0.0, Avg: 0.0, Max: 0.0, Diff: 0.0, Sum: 0.0]
         [Termination Attempts: Min: 1, Avg: 1.4, Max: 2, Diff: 1, Sum: 11]
      [GC Worker Other (ms): Min: 0.0, Avg: 0.1, Max: 0.1, Diff: 0.1, Sum: 0.5]
      [GC Worker Total (ms): Min: 10.2, Avg: 10.3, Max: 10.4, Diff: 0.2, Sum: 82.1]
      [GC Worker End (ms): Min: 601060178.1, Avg: 601060178.1, Max: 601060178.1, Diff: 0.1]
   [Code Root Fixup: 0.0 ms]
   [Code Root Purge: 0.0 ms]
   [Clear CT: 0.8 ms]
   [Other: 3.2 ms]
      [Choose CSet: 0.0 ms]
      [Ref Proc: 2.4 ms]
      [Ref Enq: 0.1 ms]
      [Redirty Cards: 0.1 ms]
      [Humongous Register: 0.0 ms]
      [Humongous Reclaim: 0.0 ms]
      [Free CSet: 0.3 ms]
   [Eden: 7152.0M(7152.0M)->0.0B(7152.0M) Survivors: 16384.0K->16384.0K Heap: 10734.4M(14336.0M)->3588.9M(14336.0M)]
 [Times: user=0.07 sys=0.01, real=0.02 secs] 
2022-07-28T20:08:08.678-0700: 601060.182: [GC concurrent-root-region-scan-start]
2022-07-28T20:08:08.691-0700: 601060.196: [GC concurrent-root-region-scan-end, 0.0138577 secs]
2022-07-28T20:08:08.691-0700: 601060.196: [GC concurrent-mark-start]
2022-07-28T20:08:11.344-0700: 601062.849: [GC concurrent-mark-end, 2.6525957 secs]
2022-07-28T20:08:11.345-0700: 601062.849: [GC remark 2022-07-28T20:08:11.345-0700: 601062.849: [Finalize Marking, 0.0002172 secs] 2022-07-28T20:08:11.345-0700: 601062.850: [GC ref-proc, 0.0072344 secs] 2022-07-28T20:08:11.352-0700: 601062.857: [Unloading, 0.0276804 secs], 0.0410007 secs]
 [Times: user=0.26 sys=0.00, real=0.04 secs] 
2022-07-28T20:08:11.386-0700: 601062.891: [GC cleanup 3744M->3744M(14336M), 0.0086301 secs]
 [Times: user=0.06 sys=0.00, real=0.00 secs] 
2022-07-28T20:10:10.713-0700: 601182.218: [GC pause (GCLocker Initiated GC) (young), 0.0099463 secs]
   [Parallel Time: 6.7 ms, GC Workers: 8]
      [GC Worker Start (ms): Min: 601182217.9, Avg: 601182217.9, Max: 601182218.0, Diff: 0.1]
      [Ext Root Scanning (ms): Min: 1.2, Avg: 2.0, Max: 6.0, Diff: 4.8, Sum: 16.0]
      [Update RS (ms): Min: 0.0, Avg: 1.5, Max: 2.2, Diff: 2.2, Sum: 12.1]
         [Processed Buffers: Min: 0, Avg: 5.6, Max: 13, Diff: 13, Sum: 45]
      [Scan RS (ms): Min: 0.0, Avg: 0.1, Max: 0.1, Diff: 0.1, Sum: 0.5]
      [Code Root Scanning (ms): Min: 0.0, Avg: 0.0, Max: 0.0, Diff: 0.0, Sum: 0.0]
      [Object Copy (ms): Min: 0.3, Avg: 2.8, Max: 3.3, Diff: 2.9, Sum: 22.3]
      [Termination (ms): Min: 0.0, Avg: 0.0, Max: 0.0, Diff: 0.0, Sum: 0.0]
         [Termination Attempts: Min: 1, Avg: 1.0, Max: 1, Diff: 0, Sum: 8]
      [GC Worker Other (ms): Min: 0.0, Avg: 0.1, Max: 0.1, Diff: 0.1, Sum: 0.5]
      [GC Worker Total (ms): Min: 6.4, Avg: 6.4, Max: 6.5, Diff: 0.2, Sum: 51.3]
      [GC Worker End (ms): Min: 601182224.3, Avg: 601182224.3, Max: 601182224.4, Diff: 0.1]
   [Code Root Fixup: 0.0 ms]
   [Code Root Purge: 0.0 ms]
   [Clear CT: 0.7 ms]
   [Other: 2.5 ms]
      [Choose CSet: 0.0 ms]
      [Ref Proc: 1.8 ms]
      [Ref Enq: 0.1 ms]
      [Redirty Cards: 0.1 ms]
      [Humongous Register: 0.1 ms]
      [Humongous Reclaim: 0.0 ms]
      [Free CSet: 0.4 ms]
   [Eden: 7168.0M(7152.0M)->0.0B(5712.0M) Survivors: 16384.0K->16384.0K Heap: 10748.9M(14336.0M)->3590.9M(14336.0M)]
 [Times: user=0.07 sys=0.00, real=0.02 secs] 
2022-07-28T20:11:48.110-0700: 601279.615: [GC pause (G1 Evacuation Pause) (mixed), 0.0116005 secs]
   [Parallel Time: 8.6 ms, GC Workers: 8]
      [GC Worker Start (ms): Min: 601279615.4, Avg: 601279615.5, Max: 601279615.6, Diff: 0.2]
      [Ext Root Scanning (ms): Min: 0.9, Avg: 1.8, Max: 6.6, Diff: 5.7, Sum: 14.2]
      [Update RS (ms): Min: 0.0, Avg: 1.4, Max: 1.9, Diff: 1.9, Sum: 11.1]
         [Processed Buffers: Min: 0, Avg: 5.8, Max: 13, Diff: 13, Sum: 46]
      [Scan RS (ms): Min: 0.0, Avg: 0.6, Max: 0.8, Diff: 0.8, Sum: 4.9]
      [Code Root Scanning (ms): Min: 0.0, Avg: 0.0, Max: 0.0, Diff: 0.0, Sum: 0.0]
      [Object Copy (ms): Min: 1.6, Avg: 4.4, Max: 4.8, Diff: 3.2, Sum: 35.0]
      [Termination (ms): Min: 0.0, Avg: 0.0, Max: 0.0, Diff: 0.0, Sum: 0.0]
         [Termination Attempts: Min: 7, Avg: 13.2, Max: 23, Diff: 16, Sum: 106]
      [GC Worker Other (ms): Min: 0.0, Avg: 0.1, Max: 0.2, Diff: 0.2, Sum: 0.6]
      [GC Worker Total (ms): Min: 8.1, Avg: 8.2, Max: 8.4, Diff: 0.3, Sum: 65.8]
      [GC Worker End (ms): Min: 601279623.7, Avg: 601279623.7, Max: 601279623.8, Diff: 0.2]
   [Code Root Fixup: 0.0 ms]
   [Code Root Purge: 0.0 ms]
   [Clear CT: 0.7 ms]
   [Other: 2.3 ms]
      [Choose CSet: 0.0 ms]
      [Ref Proc: 1.6 ms]
      [Ref Enq: 0.1 ms]
      [Redirty Cards: 0.1 ms]
      [Humongous Register: 0.0 ms]
      [Humongous Reclaim: 0.0 ms]
      [Free CSet: 0.2 ms]
   [Eden: 5712.0M(5712.0M)->0.0B(7152.0M) Survivors: 16384.0K->16384.0K Heap: 9302.9M(14336.0M)->3587.1M(14336.0M)]
 [Times: user=0.08 sys=0.00, real=0.01 secs] 
2022-07-28T20:13:51.116-0700: 601402.621: [GC pause (G1 Evacuation Pause) (young), 0.0114672 secs]
   [Parallel Time: 8.2 ms, GC Workers: 8]
      [GC Worker Start (ms): Min: 601402621.3, Avg: 601402621.4, Max: 601402621.4, Diff: 0.1]
      [Ext Root Scanning (ms): Min: 1.3, Avg: 2.1, Max: 5.5, Diff: 4.2, Sum: 16.7]
      [Update RS (ms): Min: 0.5, Avg: 3.5, Max: 4.2, Diff: 3.8, Sum: 28.0]
         [Processed Buffers: Min: 3, Avg: 13.5, Max: 21, Diff: 18, Sum: 108]
      [Scan RS (ms): Min: 0.0, Avg: 0.1, Max: 0.1, Diff: 0.1, Sum: 0.5]
      [Code Root Scanning (ms): Min: 0.0, Avg: 0.0, Max: 0.0, Diff: 0.0, Sum: 0.0]
      [Object Copy (ms): Min: 1.9, Avg: 2.3, Max: 2.4, Diff: 0.5, Sum: 18.3]
      [Termination (ms): Min: 0.0, Avg: 0.0, Max: 0.0, Diff: 0.0, Sum: 0.0]
         [Termination Attempts: Min: 5, Avg: 7.9, Max: 10, Diff: 5, Sum: 63]
      [GC Worker Other (ms): Min: 0.0, Avg: 0.0, Max: 0.1, Diff: 0.1, Sum: 0.4]
      [GC Worker Total (ms): Min: 7.9, Avg: 8.0, Max: 8.1, Diff: 0.1, Sum: 64.0]
      [GC Worker End (ms): Min: 601402629.3, Avg: 601402629.4, Max: 601402629.4, Diff: 0.1]
   [Code Root Fixup: 0.0 ms]
   [Code Root Purge: 0.0 ms]
   [Clear CT: 0.8 ms]
   [Other: 2.5 ms]
      [Choose CSet: 0.0 ms]
      [Ref Proc: 1.8 ms]
      [Ref Enq: 0.1 ms]
      [Redirty Cards: 0.1 ms]
      [Humongous Register: 0.0 ms]
      [Humongous Reclaim: 0.0 ms]
      [Free CSet: 0.3 ms]
   [Eden: 7152.0M(7152.0M)->0.0B(7152.0M) Survivors: 16384.0K->16384.0K Heap: 10739.1M(14336.0M)->3592.5M(14336.0M)]
 [Times: user=0.07 sys=0.00, real=0.01 secs] 
2022-07-28T20:15:53.824-0700: 601525.329: [GC pause (G1 Evacuation Pause) (young) (initial-mark), 0.0161025 secs]
   [Parallel Time: 11.8 ms, GC Workers: 8]
      [GC Worker Start (ms): Min: 601525331.2, Avg: 601525331.3, Max: 601525331.4, Diff: 0.2]
      [Ext Root Scanning (ms): Min: 5.2, Avg: 5.6, Max: 6.0, Diff: 0.8, Sum: 44.5]
      [Update RS (ms): Min: 1.6, Avg: 1.8, Max: 2.1, Diff: 0.5, Sum: 14.5]
         [Processed Buffers: Min: 3, Avg: 5.8, Max: 9, Diff: 6, Sum: 46]
      [Scan RS (ms): Min: 0.0, Avg: 0.1, Max: 0.1, Diff: 0.1, Sum: 0.4]
      [Code Root Scanning (ms): Min: 0.0, Avg: 0.0, Max: 0.0, Diff: 0.0, Sum: 0.0]
      [Object Copy (ms): Min: 1.6, Avg: 2.1, Max: 2.5, Diff: 0.9, Sum: 16.6]
      [Termination (ms): Min: 0.0, Avg: 0.0, Max: 0.0, Diff: 0.0, Sum: 0.0]
         [Termination Attempts: Min: 5, Avg: 9.2, Max: 13, Diff: 8, Sum: 74]
      [GC Worker Other (ms): Min: 0.0, Avg: 0.1, Max: 0.1, Diff: 0.1, Sum: 0.4]
      [GC Worker Total (ms): Min: 9.5, Avg: 9.6, Max: 9.6, Diff: 0.2, Sum: 76.5]
      [GC Worker End (ms): Min: 601525340.8, Avg: 601525340.9, Max: 601525340.9, Diff: 0.1]
   [Code Root Fixup: 0.0 ms]
   [Code Root Purge: 0.0 ms]
   [Clear CT: 0.7 ms]
   [Other: 3.6 ms]
      [Choose CSet: 0.0 ms]
      [Ref Proc: 2.9 ms]
      [Ref Enq: 0.1 ms]
      [Redirty Cards: 0.1 ms]
      [Humongous Register: 0.0 ms]
      [Humongous Reclaim: 0.0 ms]
      [Free CSet: 0.3 ms]
   [Eden: 7152.0M(7152.0M)->0.0B(7152.0M) Survivors: 16384.0K->16384.0K Heap: 10744.5M(14336.0M)->3591.8M(14336.0M)]
 [Times: user=0.09 sys=0.00, real=0.01 secs] 
2022-07-28T20:15:53.840-0700: 601525.345: [GC concurrent-root-region-scan-start]
2022-07-28T20:15:53.850-0700: 601525.354: [GC concurrent-root-region-scan-end, 0.0092414 secs]
2022-07-28T20:15:53.850-0700: 601525.354: [GC concurrent-mark-start]
2022-07-28T20:15:56.543-0700: 601528.048: [GC concurrent-mark-end, 2.6936173 secs]
2022-07-28T20:15:56.544-0700: 601528.048: [GC remark 2022-07-28T20:15:56.544-0700: 601528.049: [Finalize Marking, 0.0005471 secs] 2022-07-28T20:15:56.544-0700: 601528.049: [GC ref-proc, 0.0098979 secs] 2022-07-28T20:15:56.554-0700: 601528.059: [Unloading, 0.0274917 secs], 0.0436901 secs]
 [Times: user=0.26 sys=0.00, real=0.04 secs] 
2022-07-28T20:15:56.588-0700: 601528.093: [GC cleanup 3811M->3811M(14336M), 0.0142876 secs]
 [Times: user=0.06 sys=0.00, real=0.01 secs] 
2022-07-28T20:17:55.327-0700: 601646.832: [GC pause (G1 Evacuation Pause) (young), 0.0114185 secs]
   [Parallel Time: 5.7 ms, GC Workers: 8]
      [GC Worker Start (ms): Min: 601646832.2, Avg: 601646832.3, Max: 601646832.3, Diff: 0.1]
      [Ext Root Scanning (ms): Min: 1.1, Avg: 1.9, Max: 5.4, Diff: 4.3, Sum: 15.1]
      [Update RS (ms): Min: 0.0, Avg: 1.5, Max: 2.0, Diff: 2.0, Sum: 11.8]
         [Processed Buffers: Min: 0, Avg: 6.2, Max: 11, Diff: 11, Sum: 50]
      [Scan RS (ms): Min: 0.0, Avg: 0.0, Max: 0.1, Diff: 0.1, Sum: 0.4]
      [Code Root Scanning (ms): Min: 0.0, Avg: 0.0, Max: 0.0, Diff: 0.0, Sum: 0.0]
      [Object Copy (ms): Min: 0.1, Avg: 2.0, Max: 2.4, Diff: 2.3, Sum: 15.8]
      [Termination (ms): Min: 0.0, Avg: 0.0, Max: 0.0, Diff: 0.0, Sum: 0.0]
         [Termination Attempts: Min: 1, Avg: 1.0, Max: 1, Diff: 0, Sum: 8]
      [GC Worker Other (ms): Min: 0.0, Avg: 0.1, Max: 0.1, Diff: 0.1, Sum: 0.5]
      [GC Worker Total (ms): Min: 5.4, Avg: 5.4, Max: 5.5, Diff: 0.1, Sum: 43.6]
      [GC Worker End (ms): Min: 601646837.7, Avg: 601646837.7, Max: 601646837.8, Diff: 0.1]
   [Code Root Fixup: 0.0 ms]
   [Code Root Purge: 0.0 ms]
   [Clear CT: 0.8 ms]
   [Other: 5.0 ms]
      [Choose CSet: 0.0 ms]
      [Ref Proc: 4.3 ms]
      [Ref Enq: 0.1 ms]
      [Redirty Cards: 0.1 ms]
      [Humongous Register: 0.1 ms]
      [Humongous Reclaim: 0.0 ms]
      [Free CSet: 0.3 ms]
   [Eden: 7152.0M(7152.0M)->0.0B(5712.0M) Survivors: 16384.0K->16384.0K Heap: 10743.8M(14336.0M)->3596.7M(14336.0M)]
 [Times: user=0.06 sys=0.00, real=0.01 secs] 
2022-07-28T20:19:32.824-0700: 601744.329: [GC pause (G1 Evacuation Pause) (mixed), 0.0143558 secs]
   [Parallel Time: 9.3 ms, GC Workers: 8]
      [GC Worker Start (ms): Min: 601744329.4, Avg: 601744329.5, Max: 601744329.5, Diff: 0.2]
      [Ext Root Scanning (ms): Min: 1.2, Avg: 2.1, Max: 7.0, Diff: 5.8, Sum: 17.2]
      [Update RS (ms): Min: 0.0, Avg: 1.7, Max: 4.7, Diff: 4.7, Sum: 13.7]
         [Processed Buffers: Min: 0, Avg: 5.0, Max: 12, Diff: 12, Sum: 40]
      [Scan RS (ms): Min: 0.0, Avg: 0.5, Max: 0.8, Diff: 0.8, Sum: 4.3]
      [Code Root Scanning (ms): Min: 0.0, Avg: 0.0, Max: 0.0, Diff: 0.0, Sum: 0.0]
      [Object Copy (ms): Min: 1.9, Avg: 4.4, Max: 5.2, Diff: 3.3, Sum: 35.0]
      [Termination (ms): Min: 0.0, Avg: 0.0, Max: 0.0, Diff: 0.0, Sum: 0.0]
         [Termination Attempts: Min: 1, Avg: 8.2, Max: 15, Diff: 14, Sum: 66]
      [GC Worker Other (ms): Min: 0.0, Avg: 0.1, Max: 0.1, Diff: 0.1, Sum: 0.4]
      [GC Worker Total (ms): Min: 8.7, Avg: 8.8, Max: 8.9, Diff: 0.2, Sum: 70.6]
      [GC Worker End (ms): Min: 601744338.3, Avg: 601744338.3, Max: 601744338.3, Diff: 0.1]
   [Code Root Fixup: 0.0 ms]
   [Code Root Purge: 0.0 ms]
   [Clear CT: 0.7 ms]
   [Other: 4.3 ms]
      [Choose CSet: 0.0 ms]
      [Ref Proc: 3.7 ms]
      [Ref Enq: 0.1 ms]
      [Redirty Cards: 0.1 ms]
      [Humongous Register: 0.1 ms]
      [Humongous Reclaim: 0.0 ms]
      [Free CSet: 0.2 ms]
   [Eden: 5712.0M(5712.0M)->0.0B(7152.0M) Survivors: 16384.0K->16384.0K Heap: 9308.7M(14336.0M)->3585.4M(14336.0M)]
 [Times: user=0.07 sys=0.01, real=0.01 secs] 
2022-07-28T20:21:36.422-0700: 601867.927: [GC pause (G1 Evacuation Pause) (young), 0.0117807 secs]
   [Parallel Time: 7.6 ms, GC Workers: 8]
      [GC Worker Start (ms): Min: 601867927.2, Avg: 601867927.3, Max: 601867927.4, Diff: 0.1]
      [Ext Root Scanning (ms): Min: 1.2, Avg: 1.9, Max: 5.1, Diff: 3.9, Sum: 14.9]
      [Update RS (ms): Min: 0.3, Avg: 3.2, Max: 3.9, Diff: 3.6, Sum: 25.4]
         [Processed Buffers: Min: 4, Avg: 11.0, Max: 19, Diff: 15, Sum: 88]
      [Scan RS (ms): Min: 0.0, Avg: 0.1, Max: 0.1, Diff: 0.1, Sum: 0.4]
      [Code Root Scanning (ms): Min: 0.0, Avg: 0.0, Max: 0.0, Diff: 0.0, Sum: 0.0]
      [Object Copy (ms): Min: 1.8, Avg: 2.1, Max: 2.2, Diff: 0.5, Sum: 16.5]
      [Termination (ms): Min: 0.0, Avg: 0.0, Max: 0.0, Diff: 0.0, Sum: 0.0]
         [Termination Attempts: Min: 3, Avg: 10.0, Max: 13, Diff: 10, Sum: 80]
      [GC Worker Other (ms): Min: 0.0, Avg: 0.1, Max: 0.1, Diff: 0.1, Sum: 0.6]
      [GC Worker Total (ms): Min: 7.1, Avg: 7.2, Max: 7.3, Diff: 0.1, Sum: 57.8]
      [GC Worker End (ms): Min: 601867934.5, Avg: 601867934.5, Max: 601867934.6, Diff: 0.1]
   [Code Root Fixup: 0.0 ms]
   [Code Root Purge: 0.0 ms]
   [Clear CT: 1.3 ms]
   [Other: 2.9 ms]
      [Choose CSet: 0.0 ms]
      [Ref Proc: 2.2 ms]
      [Ref Enq: 0.1 ms]
      [Redirty Cards: 0.1 ms]
      [Humongous Register: 0.1 ms]
      [Humongous Reclaim: 0.0 ms]
      [Free CSet: 0.3 ms]
   [Eden: 7152.0M(7152.0M)->0.0B(7152.0M) Survivors: 16384.0K->16384.0K Heap: 10737.4M(14336.0M)->3592.3M(14336.0M)]
 [Times: user=0.06 sys=0.01, real=0.01 secs] 
2022-07-28T20:23:38.371-0700: 601989.875: [GC pause (G1 Evacuation Pause) (young) (initial-mark), 0.0171331 secs]
   [Parallel Time: 11.4 ms, GC Workers: 8]
      [GC Worker Start (ms): Min: 601989877.4, Avg: 601989877.5, Max: 601989877.6, Diff: 0.2]
      [Ext Root Scanning (ms): Min: 5.4, Avg: 5.8, Max: 6.3, Diff: 0.9, Sum: 46.4]
      [Update RS (ms): Min: 1.2, Avg: 1.3, Max: 1.6, Diff: 0.4, Sum: 10.4]
         [Processed Buffers: Min: 3, Avg: 4.8, Max: 8, Diff: 5, Sum: 38]
      [Scan RS (ms): Min: 0.0, Avg: 0.1, Max: 0.1, Diff: 0.1, Sum: 0.4]
      [Code Root Scanning (ms): Min: 0.0, Avg: 0.0, Max: 0.0, Diff: 0.0, Sum: 0.0]
      [Object Copy (ms): Min: 1.8, Avg: 2.2, Max: 2.6, Diff: 0.8, Sum: 17.8]
      [Termination (ms): Min: 0.0, Avg: 0.0, Max: 0.0, Diff: 0.0, Sum: 0.0]
         [Termination Attempts: Min: 1, Avg: 7.6, Max: 13, Diff: 12, Sum: 61]
      [GC Worker Other (ms): Min: 0.0, Avg: 0.1, Max: 0.1, Diff: 0.1, Sum: 0.4]
      [GC Worker Total (ms): Min: 9.3, Avg: 9.4, Max: 9.5, Diff: 0.2, Sum: 75.4]
      [GC Worker End (ms): Min: 601989886.9, Avg: 601989886.9, Max: 601989887.0, Diff: 0.1]
   [Code Root Fixup: 0.0 ms]
   [Code Root Purge: 0.0 ms]
   [Clear CT: 0.8 ms]
   [Other: 5.0 ms]
      [Choose CSet: 0.0 ms]
      [Ref Proc: 4.3 ms]
      [Ref Enq: 0.1 ms]
      [Redirty Cards: 0.1 ms]
      [Humongous Register: 0.0 ms]
      [Humongous Reclaim: 0.0 ms]
      [Free CSet: 0.3 ms]
   [Eden: 7152.0M(7152.0M)->0.0B(7152.0M) Survivors: 16384.0K->16384.0K Heap: 10744.3M(14336.0M)->3596.3M(14336.0M)]
 [Times: user=0.08 sys=0.00, real=0.02 secs] 
2022-07-28T20:23:38.388-0700: 601989.893: [GC concurrent-root-region-scan-start]
2022-07-28T20:23:38.398-0700: 601989.903: [GC concurrent-root-region-scan-end, 0.0097874 secs]
2022-07-28T20:23:38.398-0700: 601989.903: [GC concurrent-mark-start]
2022-07-28T20:23:41.070-0700: 601992.575: [GC concurrent-mark-end, 2.6721187 secs]
2022-07-28T20:23:41.070-0700: 601992.575: [GC remark 2022-07-28T20:23:41.070-0700: 601992.575: [Finalize Marking, 0.0003049 secs] 2022-07-28T20:23:41.071-0700: 601992.575: [GC ref-proc, 0.0076451 secs] 2022-07-28T20:23:41.078-0700: 601992.583: [Unloading, 0.0279030 secs], 0.0416167 secs]
 [Times: user=0.26 sys=0.00, real=0.04 secs] 
2022-07-28T20:23:41.112-0700: 601992.617: [GC cleanup 3753M->3753M(14336M), 0.0085698 secs]
 [Times: user=0.06 sys=0.00, real=0.01 secs] 
2022-07-28T20:25:43.422-0700: 602114.927: [GC pause (G1 Evacuation Pause) (young), 0.0101205 secs]
   [Parallel Time: 5.6 ms, GC Workers: 8]
      [GC Worker Start (ms): Min: 602114927.0, Avg: 602114927.1, Max: 602114927.1, Diff: 0.2]
      [Ext Root Scanning (ms): Min: 1.2, Avg: 2.0, Max: 5.4, Diff: 4.2, Sum: 15.7]
      [Update RS (ms): Min: 0.0, Avg: 1.3, Max: 1.8, Diff: 1.8, Sum: 10.1]
         [Processed Buffers: Min: 0, Avg: 4.8, Max: 9, Diff: 9, Sum: 38]
      [Scan RS (ms): Min: 0.0, Avg: 0.1, Max: 0.1, Diff: 0.1, Sum: 0.4]
      [Code Root Scanning (ms): Min: 0.0, Avg: 0.0, Max: 0.0, Diff: 0.0, Sum: 0.0]
      [Object Copy (ms): Min: 0.0, Avg: 1.8, Max: 2.2, Diff: 2.2, Sum: 14.6]
      [Termination (ms): Min: 0.0, Avg: 0.2, Max: 0.3, Diff: 0.3, Sum: 1.8]
         [Termination Attempts: Min: 1, Avg: 1.0, Max: 1, Diff: 0, Sum: 8]
      [GC Worker Other (ms): Min: 0.0, Avg: 0.0, Max: 0.0, Diff: 0.0, Sum: 0.2]
      [GC Worker Total (ms): Min: 5.3, Avg: 5.4, Max: 5.4, Diff: 0.1, Sum: 42.8]
      [GC Worker End (ms): Min: 602114932.4, Avg: 602114932.4, Max: 602114932.4, Diff: 0.0]
   [Code Root Fixup: 0.0 ms]
   [Code Root Purge: 0.0 ms]
   [Clear CT: 0.6 ms]
   [Other: 3.8 ms]
      [Choose CSet: 0.0 ms]
      [Ref Proc: 3.1 ms]
      [Ref Enq: 0.1 ms]
      [Redirty Cards: 0.1 ms]
      [Humongous Register: 0.1 ms]
      [Humongous Reclaim: 0.0 ms]
      [Free CSet: 0.3 ms]
   [Eden: 7152.0M(7152.0M)->0.0B(5712.0M) Survivors: 16384.0K->16384.0K Heap: 10748.3M(14336.0M)->3592.9M(14336.0M)]
 [Times: user=0.06 sys=0.00, real=0.01 secs] 
2022-07-28T20:27:19.568-0700: 602211.073: [GC pause (G1 Evacuation Pause) (mixed), 0.0115647 secs]
   [Parallel Time: 8.3 ms, GC Workers: 8]
      [GC Worker Start (ms): Min: 602211072.9, Avg: 602211072.9, Max: 602211073.0, Diff: 0.1]
      [Ext Root Scanning (ms): Min: 2.1, Avg: 3.0, Max: 6.0, Diff: 3.9, Sum: 24.3]
      [Update RS (ms): Min: 0.0, Avg: 1.6, Max: 2.0, Diff: 2.0, Sum: 12.8]
         [Processed Buffers: Min: 0, Avg: 5.4, Max: 10, Diff: 10, Sum: 43]
      [Scan RS (ms): Min: 0.0, Avg: 0.6, Max: 0.8, Diff: 0.8, Sum: 4.5]
      [Code Root Scanning (ms): Min: 0.0, Avg: 0.0, Max: 0.0, Diff: 0.0, Sum: 0.0]
      [Object Copy (ms): Min: 2.1, Avg: 2.9, Max: 3.5, Diff: 1.4, Sum: 23.2]
      [Termination (ms): Min: 0.0, Avg: 0.0, Max: 0.0, Diff: 0.0, Sum: 0.0]
         [Termination Attempts: Min: 1, Avg: 1.4, Max: 2, Diff: 1, Sum: 11]
      [GC Worker Other (ms): Min: 0.0, Avg: 0.1, Max: 0.1, Diff: 0.1, Sum: 0.5]
      [GC Worker Total (ms): Min: 8.1, Avg: 8.2, Max: 8.2, Diff: 0.2, Sum: 65.3]
      [GC Worker End (ms): Min: 602211081.0, Avg: 602211081.1, Max: 602211081.1, Diff: 0.1]
   [Code Root Fixup: 0.0 ms]
   [Code Root Purge: 0.0 ms]
   [Clear CT: 0.7 ms]
   [Other: 2.5 ms]
      [Choose CSet: 0.0 ms]
      [Ref Proc: 1.9 ms]
      [Ref Enq: 0.1 ms]
      [Redirty Cards: 0.1 ms]
      [Humongous Register: 0.1 ms]
      [Humongous Reclaim: 0.0 ms]
      [Free CSet: 0.2 ms]
   [Eden: 5712.0M(5712.0M)->0.0B(7152.0M) Survivors: 16384.0K->16384.0K Heap: 9304.9M(14336.0M)->3581.3M(14336.0M)]
 [Times: user=0.06 sys=0.00, real=0.01 secs] 
2022-07-28T20:29:21.026-0700: 602332.530: [GC pause (G1 Evacuation Pause) (young), 0.0168001 secs]
   [Parallel Time: 7.5 ms, GC Workers: 8]
      [GC Worker Start (ms): Min: 602332530.5, Avg: 602332530.6, Max: 602332530.7, Diff: 0.1]
      [Ext Root Scanning (ms): Min: 1.4, Avg: 2.7, Max: 7.2, Diff: 5.9, Sum: 21.9]
      [Update RS (ms): Min: 0.0, Avg: 2.3, Max: 3.2, Diff: 3.2, Sum: 18.1]
         [Processed Buffers: Min: 0, Avg: 8.4, Max: 23, Diff: 23, Sum: 67]
      [Scan RS (ms): Min: 0.0, Avg: 0.0, Max: 0.1, Diff: 0.1, Sum: 0.4]
      [Code Root Scanning (ms): Min: 0.0, Avg: 0.0, Max: 0.0, Diff: 0.0, Sum: 0.0]
      [Object Copy (ms): Min: 0.0, Avg: 2.1, Max: 2.6, Diff: 2.6, Sum: 16.8]
      [Termination (ms): Min: 0.0, Avg: 0.1, Max: 0.2, Diff: 0.2, Sum: 1.1]
         [Termination Attempts: Min: 1, Avg: 9.8, Max: 16, Diff: 15, Sum: 78]
      [GC Worker Other (ms): Min: 0.0, Avg: 0.0, Max: 0.0, Diff: 0.0, Sum: 0.1]
      [GC Worker Total (ms): Min: 7.3, Avg: 7.3, Max: 7.4, Diff: 0.1, Sum: 58.4]
      [GC Worker End (ms): Min: 602332537.9, Avg: 602332537.9, Max: 602332537.9, Diff: 0.0]
   [Code Root Fixup: 0.0 ms]
   [Code Root Purge: 0.0 ms]
   [Clear CT: 0.7 ms]
   [Other: 8.6 ms]
      [Choose CSet: 0.0 ms]
      [Ref Proc: 8.0 ms]
      [Ref Enq: 0.1 ms]
      [Redirty Cards: 0.1 ms]
      [Humongous Register: 0.1 ms]
      [Humongous Reclaim: 0.0 ms]
      [Free CSet: 0.3 ms]
   [Eden: 7152.0M(7152.0M)->0.0B(7152.0M) Survivors: 16384.0K->16384.0K Heap: 10733.3M(14336.0M)->3586.5M(14336.0M)]
 [Times: user=0.11 sys=0.00, real=0.01 secs] 
2022-07-28T20:31:24.169-0700: 602455.674: [GC pause (G1 Evacuation Pause) (young) (initial-mark), 0.0162822 secs]
   [Parallel Time: 11.4 ms, GC Workers: 8]
      [GC Worker Start (ms): Min: 602455675.9, Avg: 602455675.9, Max: 602455676.0, Diff: 0.2]
      [Ext Root Scanning (ms): Min: 5.0, Avg: 5.4, Max: 5.8, Diff: 0.8, Sum: 43.3]
      [Update RS (ms): Min: 1.4, Avg: 1.6, Max: 1.9, Diff: 0.5, Sum: 12.5]
         [Processed Buffers: Min: 3, Avg: 4.9, Max: 12, Diff: 9, Sum: 39]
      [Scan RS (ms): Min: 0.0, Avg: 0.1, Max: 0.1, Diff: 0.1, Sum: 0.4]
      [Code Root Scanning (ms): Min: 0.0, Avg: 0.0, Max: 0.0, Diff: 0.0, Sum: 0.0]
      [Object Copy (ms): Min: 1.8, Avg: 2.3, Max: 2.7, Diff: 0.8, Sum: 18.1]
      [Termination (ms): Min: 0.0, Avg: 0.0, Max: 0.0, Diff: 0.0, Sum: 0.0]
         [Termination Attempts: Min: 1, Avg: 1.2, Max: 3, Diff: 2, Sum: 10]
      [GC Worker Other (ms): Min: 0.0, Avg: 0.1, Max: 0.1, Diff: 0.1, Sum: 0.5]
      [GC Worker Total (ms): Min: 9.3, Avg: 9.4, Max: 9.5, Diff: 0.2, Sum: 74.9]
      [GC Worker End (ms): Min: 602455685.3, Avg: 602455685.3, Max: 602455685.4, Diff: 0.1]
   [Code Root Fixup: 0.0 ms]
   [Code Root Purge: 0.0 ms]
   [Clear CT: 0.8 ms]
   [Other: 4.1 ms]
      [Choose CSet: 0.0 ms]
      [Ref Proc: 3.3 ms]
      [Ref Enq: 0.1 ms]
      [Redirty Cards: 0.1 ms]
      [Humongous Register: 0.0 ms]
      [Humongous Reclaim: 0.0 ms]
      [Free CSet: 0.3 ms]
   [Eden: 7152.0M(7152.0M)->0.0B(7152.0M) Survivors: 16384.0K->16384.0K Heap: 10738.5M(14336.0M)->3584.5M(14336.0M)]
 [Times: user=0.07 sys=0.01, real=0.02 secs] 
2022-07-28T20:31:24.186-0700: 602455.690: [GC concurrent-root-region-scan-start]
2022-07-28T20:31:24.195-0700: 602455.700: [GC concurrent-root-region-scan-end, 0.0093165 secs]
2022-07-28T20:31:24.195-0700: 602455.700: [GC concurrent-mark-start]
2022-07-28T20:31:26.857-0700: 602458.362: [GC concurrent-mark-end, 2.6623685 secs]
2022-07-28T20:31:26.857-0700: 602458.362: [GC remark 2022-07-28T20:31:26.857-0700: 602458.362: [Finalize Marking, 0.0001526 secs] 2022-07-28T20:31:26.858-0700: 602458.362: [GC ref-proc, 0.0123735 secs] 2022-07-28T20:31:26.870-0700: 602458.375: [Unloading, 0.0276124 secs], 0.0458604 secs]
 [Times: user=0.27 sys=0.00, real=0.05 secs] 
2022-07-28T20:31:26.904-0700: 602458.408: [GC cleanup 3800M->3800M(14336M), 0.0086988 secs]
 [Times: user=0.06 sys=0.00, real=0.00 secs] 
2022-07-28T20:33:26.267-0700: 602577.772: [GC pause (G1 Evacuation Pause) (young), 0.0095105 secs]
   [Parallel Time: 6.3 ms, GC Workers: 8]
      [GC Worker Start (ms): Min: 602577771.8, Avg: 602577771.9, Max: 602577771.9, Diff: 0.1]
      [Ext Root Scanning (ms): Min: 1.4, Avg: 2.3, Max: 6.2, Diff: 4.8, Sum: 18.0]
      [Update RS (ms): Min: 0.0, Avg: 1.7, Max: 2.4, Diff: 2.4, Sum: 13.8]
         [Processed Buffers: Min: 0, Avg: 6.0, Max: 12, Diff: 12, Sum: 48]
      [Scan RS (ms): Min: 0.0, Avg: 0.1, Max: 0.1, Diff: 0.1, Sum: 0.4]
      [Code Root Scanning (ms): Min: 0.0, Avg: 0.0, Max: 0.0, Diff: 0.0, Sum: 0.0]
      [Object Copy (ms): Min: 0.0, Avg: 2.1, Max: 2.6, Diff: 2.6, Sum: 16.7]
      [Termination (ms): Min: 0.0, Avg: 0.0, Max: 0.1, Diff: 0.1, Sum: 0.2]
         [Termination Attempts: Min: 1, Avg: 17.4, Max: 24, Diff: 23, Sum: 139]
      [GC Worker Other (ms): Min: 0.0, Avg: 0.0, Max: 0.1, Diff: 0.0, Sum: 0.2]
      [GC Worker Total (ms): Min: 6.1, Avg: 6.2, Max: 6.2, Diff: 0.1, Sum: 49.4]
      [GC Worker End (ms): Min: 602577778.0, Avg: 602577778.0, Max: 602577778.1, Diff: 0.0]
   [Code Root Fixup: 0.0 ms]
   [Code Root Purge: 0.0 ms]
   [Clear CT: 0.7 ms]
   [Other: 2.5 ms]
      [Choose CSet: 0.0 ms]
      [Ref Proc: 1.8 ms]
      [Ref Enq: 0.1 ms]
      [Redirty Cards: 0.1 ms]
      [Humongous Register: 0.1 ms]
      [Humongous Reclaim: 0.0 ms]
      [Free CSet: 0.3 ms]
   [Eden: 7152.0M(7152.0M)->0.0B(5712.0M) Survivors: 16384.0K->16384.0K Heap: 10736.5M(14336.0M)->3589.3M(14336.0M)]
 [Times: user=0.05 sys=0.01, real=0.01 secs] 
2022-07-28T20:35:01.513-0700: 602673.018: [GC pause (G1 Evacuation Pause) (mixed), 0.0118401 secs]
   [Parallel Time: 9.1 ms, GC Workers: 8]
      [GC Worker Start (ms): Min: 602673018.2, Avg: 602673018.3, Max: 602673018.3, Diff: 0.1]
      [Ext Root Scanning (ms): Min: 1.3, Avg: 2.3, Max: 7.2, Diff: 5.9, Sum: 18.0]
      [Update RS (ms): Min: 0.0, Avg: 1.6, Max: 2.3, Diff: 2.3, Sum: 12.6]
         [Processed Buffers: Min: 0, Avg: 5.1, Max: 9, Diff: 9, Sum: 41]
      [Scan RS (ms): Min: 0.0, Avg: 0.7, Max: 1.0, Diff: 0.9, Sum: 5.7]
      [Code Root Scanning (ms): Min: 0.0, Avg: 0.0, Max: 0.0, Diff: 0.0, Sum: 0.0]
      [Object Copy (ms): Min: 1.7, Avg: 4.4, Max: 4.9, Diff: 3.1, Sum: 35.1]
      [Termination (ms): Min: 0.0, Avg: 0.0, Max: 0.0, Diff: 0.0, Sum: 0.0]
         [Termination Attempts: Min: 1, Avg: 1.1, Max: 2, Diff: 1, Sum: 9]
      [GC Worker Other (ms): Min: 0.0, Avg: 0.1, Max: 0.1, Diff: 0.1, Sum: 0.5]
      [GC Worker Total (ms): Min: 8.9, Avg: 9.0, Max: 9.0, Diff: 0.1, Sum: 72.0]
      [GC Worker End (ms): Min: 602673027.2, Avg: 602673027.2, Max: 602673027.3, Diff: 0.1]
   [Code Root Fixup: 0.0 ms]
   [Code Root Purge: 0.0 ms]
   [Clear CT: 0.7 ms]
   [Other: 2.0 ms]
      [Choose CSet: 0.0 ms]
      [Ref Proc: 1.4 ms]
      [Ref Enq: 0.1 ms]
      [Redirty Cards: 0.1 ms]
      [Humongous Register: 0.1 ms]
      [Humongous Reclaim: 0.0 ms]
      [Free CSet: 0.2 ms]
   [Eden: 5712.0M(5712.0M)->0.0B(7152.0M) Survivors: 16384.0K->16384.0K Heap: 9301.3M(14336.0M)->3577.1M(14336.0M)]
 [Times: user=0.07 sys=0.00, real=0.02 secs] 
2022-07-28T20:37:02.311-0700: 602793.816: [GC pause (G1 Evacuation Pause) (young), 0.0136232 secs]
   [Parallel Time: 8.8 ms, GC Workers: 8]
      [GC Worker Start (ms): Min: 602793816.3, Avg: 602793816.4, Max: 602793816.4, Diff: 0.1]
      [Ext Root Scanning (ms): Min: 1.5, Avg: 2.2, Max: 5.9, Diff: 4.4, Sum: 18.0]
      [Update RS (ms): Min: 1.3, Avg: 4.3, Max: 5.0, Diff: 3.7, Sum: 34.3]
         [Processed Buffers: Min: 2, Avg: 11.0, Max: 16, Diff: 14, Sum: 88]
      [Scan RS (ms): Min: 0.0, Avg: 0.1, Max: 0.1, Diff: 0.1, Sum: 0.5]
      [Code Root Scanning (ms): Min: 0.0, Avg: 0.0, Max: 0.0, Diff: 0.0, Sum: 0.0]
      [Object Copy (ms): Min: 1.3, Avg: 1.8, Max: 2.1, Diff: 0.8, Sum: 14.7]
      [Termination (ms): Min: 0.0, Avg: 0.0, Max: 0.0, Diff: 0.0, Sum: 0.1]
         [Termination Attempts: Min: 1, Avg: 2.9, Max: 6, Diff: 5, Sum: 23]
      [GC Worker Other (ms): Min: 0.0, Avg: 0.0, Max: 0.1, Diff: 0.1, Sum: 0.4]
      [GC Worker Total (ms): Min: 8.4, Avg: 8.5, Max: 8.6, Diff: 0.2, Sum: 68.0]
      [GC Worker End (ms): Min: 602793824.8, Avg: 602793824.9, Max: 602793824.9, Diff: 0.1]
   [Code Root Fixup: 0.0 ms]
   [Code Root Purge: 0.0 ms]
   [Clear CT: 0.7 ms]
   [Other: 4.1 ms]
      [Choose CSet: 0.0 ms]
      [Ref Proc: 3.4 ms]
      [Ref Enq: 0.1 ms]
      [Redirty Cards: 0.1 ms]
      [Humongous Register: 0.1 ms]
      [Humongous Reclaim: 0.0 ms]
      [Free CSet: 0.3 ms]
   [Eden: 7152.0M(7152.0M)->0.0B(7152.0M) Survivors: 16384.0K->16384.0K Heap: 10729.1M(14336.0M)->3584.7M(14336.0M)]
 [Times: user=0.08 sys=0.00, real=0.02 secs] 
2022-07-28T20:39:04.816-0700: 602916.321: [GC pause (G1 Evacuation Pause) (young) (initial-mark), 0.0169073 secs]
   [Parallel Time: 12.5 ms, GC Workers: 8]
      [GC Worker Start (ms): Min: 602916322.9, Avg: 602916323.0, Max: 602916323.0, Diff: 0.1]
      [Ext Root Scanning (ms): Min: 5.6, Avg: 6.0, Max: 6.5, Diff: 0.9, Sum: 48.2]
      [Update RS (ms): Min: 1.3, Avg: 1.5, Max: 1.9, Diff: 0.6, Sum: 11.9]
         [Processed Buffers: Min: 3, Avg: 5.4, Max: 10, Diff: 7, Sum: 43]
      [Scan RS (ms): Min: 0.0, Avg: 0.1, Max: 0.1, Diff: 0.1, Sum: 0.4]
      [Code Root Scanning (ms): Min: 0.0, Avg: 0.0, Max: 0.0, Diff: 0.0, Sum: 0.0]
      [Object Copy (ms): Min: 1.9, Avg: 2.5, Max: 2.8, Diff: 0.9, Sum: 19.6]
      [Termination (ms): Min: 0.0, Avg: 0.0, Max: 0.0, Diff: 0.0, Sum: 0.0]
         [Termination Attempts: Min: 1, Avg: 4.8, Max: 8, Diff: 7, Sum: 38]
      [GC Worker Other (ms): Min: 0.0, Avg: 0.1, Max: 0.2, Diff: 0.1, Sum: 0.6]
      [GC Worker Total (ms): Min: 10.0, Avg: 10.1, Max: 10.2, Diff: 0.2, Sum: 80.8]
      [GC Worker End (ms): Min: 602916333.0, Avg: 602916333.1, Max: 602916333.2, Diff: 0.1]
   [Code Root Fixup: 0.0 ms]
   [Code Root Purge: 0.0 ms]
   [Clear CT: 0.8 ms]
   [Other: 3.7 ms]
      [Choose CSet: 0.0 ms]
      [Ref Proc: 2.9 ms]
      [Ref Enq: 0.1 ms]
      [Redirty Cards: 0.1 ms]
      [Humongous Register: 0.0 ms]
      [Humongous Reclaim: 0.0 ms]
      [Free CSet: 0.3 ms]
   [Eden: 7152.0M(7152.0M)->0.0B(7152.0M) Survivors: 16384.0K->16384.0K Heap: 10736.7M(14336.0M)->3589.5M(14336.0M)]
 [Times: user=0.08 sys=0.00, real=0.01 secs] 
2022-07-28T20:39:04.833-0700: 602916.338: [GC concurrent-root-region-scan-start]
2022-07-28T20:39:04.843-0700: 602916.348: [GC concurrent-root-region-scan-end, 0.0097699 secs]
2022-07-28T20:39:04.843-0700: 602916.348: [GC concurrent-mark-start]
2022-07-28T20:39:07.536-0700: 602919.041: [GC concurrent-mark-end, 2.6929577 secs]
2022-07-28T20:39:07.536-0700: 602919.041: [GC remark 2022-07-28T20:39:07.536-0700: 602919.041: [Finalize Marking, 0.0002925 secs] 2022-07-28T20:39:07.537-0700: 602919.041: [GC ref-proc, 0.0074428 secs] 2022-07-28T20:39:07.544-0700: 602919.049: [Unloading, 0.0275131 secs], 0.0409888 secs]
 [Times: user=0.26 sys=0.00, real=0.04 secs] 
2022-07-28T20:39:07.578-0700: 602919.082: [GC cleanup 3769M->3769M(14336M), 0.0088759 secs]
 [Times: user=0.06 sys=0.00, real=0.01 secs] 
2022-07-28T20:41:06.877-0700: 603038.382: [GC pause (G1 Evacuation Pause) (young), 0.0113288 secs]
   [Parallel Time: 5.6 ms, GC Workers: 8]
      [GC Worker Start (ms): Min: 603038382.3, Avg: 603038382.4, Max: 603038382.5, Diff: 0.2]
      [Ext Root Scanning (ms): Min: 1.1, Avg: 1.8, Max: 5.3, Diff: 4.2, Sum: 14.7]
      [Update RS (ms): Min: 0.0, Avg: 1.3, Max: 1.9, Diff: 1.9, Sum: 10.0]
         [Processed Buffers: Min: 0, Avg: 5.4, Max: 9, Diff: 9, Sum: 43]
      [Scan RS (ms): Min: 0.0, Avg: 0.1, Max: 0.1, Diff: 0.1, Sum: 0.4]
      [Code Root Scanning (ms): Min: 0.0, Avg: 0.0, Max: 0.0, Diff: 0.0, Sum: 0.0]
      [Object Copy (ms): Min: 0.0, Avg: 2.1, Max: 2.5, Diff: 2.5, Sum: 16.5]
      [Termination (ms): Min: 0.0, Avg: 0.0, Max: 0.1, Diff: 0.1, Sum: 0.4]
         [Termination Attempts: Min: 1, Avg: 2.0, Max: 4, Diff: 3, Sum: 16]
      [GC Worker Other (ms): Min: 0.0, Avg: 0.0, Max: 0.0, Diff: 0.0, Sum: 0.1]
      [GC Worker Total (ms): Min: 5.2, Avg: 5.3, Max: 5.4, Diff: 0.1, Sum: 42.2]
      [GC Worker End (ms): Min: 603038387.7, Avg: 603038387.7, Max: 603038387.7, Diff: 0.0]
   [Code Root Fixup: 0.0 ms]
   [Code Root Purge: 0.0 ms]
   [Clear CT: 0.7 ms]
   [Other: 5.0 ms]
      [Choose CSet: 0.0 ms]
      [Ref Proc: 4.3 ms]
      [Ref Enq: 0.1 ms]
      [Redirty Cards: 0.1 ms]
      [Humongous Register: 0.1 ms]
      [Humongous Reclaim: 0.0 ms]
      [Free CSet: 0.3 ms]
   [Eden: 7152.0M(7152.0M)->0.0B(5712.0M) Survivors: 16384.0K->16384.0K Heap: 10741.5M(14336.0M)->3587.0M(14336.0M)]
 [Times: user=0.06 sys=0.00, real=0.01 secs] 
2022-07-28T20:42:46.475-0700: 603137.980: [GC pause (G1 Evacuation Pause) (mixed), 0.0134341 secs]
   [Parallel Time: 8.2 ms, GC Workers: 8]
      [GC Worker Start (ms): Min: 603137979.8, Avg: 603137979.9, Max: 603137980.0, Diff: 0.2]
      [Ext Root Scanning (ms): Min: 1.2, Avg: 2.1, Max: 6.4, Diff: 5.2, Sum: 16.6]
      [Update RS (ms): Min: 0.0, Avg: 1.4, Max: 2.0, Diff: 2.0, Sum: 11.3]
         [Processed Buffers: Min: 0, Avg: 5.5, Max: 12, Diff: 12, Sum: 44]
      [Scan RS (ms): Min: 0.0, Avg: 0.6, Max: 0.9, Diff: 0.8, Sum: 4.9]
      [Code Root Scanning (ms): Min: 0.0, Avg: 0.0, Max: 0.0, Diff: 0.0, Sum: 0.0]
      [Object Copy (ms): Min: 1.7, Avg: 3.9, Max: 4.3, Diff: 2.6, Sum: 31.4]
      [Termination (ms): Min: 0.0, Avg: 0.0, Max: 0.0, Diff: 0.0, Sum: 0.0]
         [Termination Attempts: Min: 1, Avg: 3.4, Max: 8, Diff: 7, Sum: 27]
      [GC Worker Other (ms): Min: 0.0, Avg: 0.1, Max: 0.1, Diff: 0.1, Sum: 0.4]
      [GC Worker Total (ms): Min: 8.0, Avg: 8.1, Max: 8.2, Diff: 0.2, Sum: 64.6]
      [GC Worker End (ms): Min: 603137987.9, Avg: 603137988.0, Max: 603137988.0, Diff: 0.1]
   [Code Root Fixup: 0.0 ms]
   [Code Root Purge: 0.0 ms]
   [Clear CT: 0.7 ms]
   [Other: 4.5 ms]
      [Choose CSet: 0.0 ms]
      [Ref Proc: 3.5 ms]
      [Ref Enq: 0.3 ms]
      [Redirty Cards: 0.2 ms]
      [Humongous Register: 0.1 ms]
      [Humongous Reclaim: 0.0 ms]
      [Free CSet: 0.2 ms]
   [Eden: 5712.0M(5712.0M)->0.0B(7152.0M) Survivors: 16384.0K->16384.0K Heap: 9299.0M(14336.0M)->3579.9M(14336.0M)]
 [Times: user=0.08 sys=0.00, real=0.01 secs] 
2022-07-28T20:44:49.617-0700: 603261.122: [GC pause (G1 Evacuation Pause) (young), 0.0114955 secs]
   [Parallel Time: 8.2 ms, GC Workers: 8]
      [GC Worker Start (ms): Min: 603261121.8, Avg: 603261121.8, Max: 603261121.9, Diff: 0.1]
      [Ext Root Scanning (ms): Min: 1.3, Avg: 2.1, Max: 5.8, Diff: 4.5, Sum: 16.8]
      [Update RS (ms): Min: 0.4, Avg: 3.7, Max: 4.5, Diff: 4.0, Sum: 29.4]
         [Processed Buffers: Min: 9, Avg: 10.8, Max: 14, Diff: 5, Sum: 86]
      [Scan RS (ms): Min: 0.0, Avg: 0.0, Max: 0.1, Diff: 0.1, Sum: 0.4]
      [Code Root Scanning (ms): Min: 0.0, Avg: 0.0, Max: 0.0, Diff: 0.0, Sum: 0.0]
      [Object Copy (ms): Min: 1.7, Avg: 2.1, Max: 2.2, Diff: 0.5, Sum: 16.5]
      [Termination (ms): Min: 0.0, Avg: 0.0, Max: 0.0, Diff: 0.0, Sum: 0.0]
         [Termination Attempts: Min: 1, Avg: 2.6, Max: 5, Diff: 4, Sum: 21]
      [GC Worker Other (ms): Min: 0.0, Avg: 0.1, Max: 0.1, Diff: 0.1, Sum: 0.5]
      [GC Worker Total (ms): Min: 7.9, Avg: 7.9, Max: 8.0, Diff: 0.2, Sum: 63.5]
      [GC Worker End (ms): Min: 603261129.7, Avg: 603261129.8, Max: 603261129.8, Diff: 0.1]
   [Code Root Fixup: 0.0 ms]
   [Code Root Purge: 0.0 ms]
   [Clear CT: 0.7 ms]
   [Other: 2.5 ms]
      [Choose CSet: 0.0 ms]
      [Ref Proc: 1.8 ms]
      [Ref Enq: 0.1 ms]
      [Redirty Cards: 0.1 ms]
      [Humongous Register: 0.1 ms]
      [Humongous Reclaim: 0.0 ms]
      [Free CSet: 0.3 ms]
   [Eden: 7152.0M(7152.0M)->0.0B(7152.0M) Survivors: 16384.0K->16384.0K Heap: 10731.9M(14336.0M)->3589.5M(14336.0M)]
 [Times: user=0.08 sys=0.00, real=0.01 secs] 
2022-07-28T20:46:52.420-0700: 603383.925: [GC pause (G1 Evacuation Pause) (young) (initial-mark), 0.0180602 secs]
   [Parallel Time: 12.8 ms, GC Workers: 8]
      [GC Worker Start (ms): Min: 603383927.0, Avg: 603383927.1, Max: 603383927.2, Diff: 0.2]
      [Ext Root Scanning (ms): Min: 5.9, Avg: 6.2, Max: 6.7, Diff: 0.9, Sum: 49.9]
      [Update RS (ms): Min: 1.4, Avg: 1.6, Max: 1.9, Diff: 0.5, Sum: 12.8]
         [Processed Buffers: Min: 4, Avg: 5.5, Max: 10, Diff: 6, Sum: 44]
      [Scan RS (ms): Min: 0.0, Avg: 0.1, Max: 0.1, Diff: 0.1, Sum: 0.5]
      [Code Root Scanning (ms): Min: 0.0, Avg: 0.0, Max: 0.0, Diff: 0.0, Sum: 0.0]
      [Object Copy (ms): Min: 1.7, Avg: 2.4, Max: 2.8, Diff: 1.1, Sum: 18.9]
      [Termination (ms): Min: 0.0, Avg: 0.0, Max: 0.0, Diff: 0.0, Sum: 0.0]
         [Termination Attempts: Min: 1, Avg: 1.0, Max: 1, Diff: 0, Sum: 8]
      [GC Worker Other (ms): Min: 0.0, Avg: 0.1, Max: 0.1, Diff: 0.1, Sum: 0.5]
      [GC Worker Total (ms): Min: 10.2, Avg: 10.3, Max: 10.4, Diff: 0.2, Sum: 82.6]
      [GC Worker End (ms): Min: 603383937.4, Avg: 603383937.4, Max: 603383937.5, Diff: 0.1]
   [Code Root Fixup: 0.0 ms]
   [Code Root Purge: 0.0 ms]
   [Clear CT: 0.7 ms]
   [Other: 4.5 ms]
      [Choose CSet: 0.0 ms]
      [Ref Proc: 3.9 ms]
      [Ref Enq: 0.1 ms]
      [Redirty Cards: 0.1 ms]
      [Humongous Register: 0.0 ms]
      [Humongous Reclaim: 0.0 ms]
      [Free CSet: 0.3 ms]
   [Eden: 7152.0M(7152.0M)->0.0B(7152.0M) Survivors: 16384.0K->16384.0K Heap: 10741.5M(14336.0M)->3588.6M(14336.0M)]
 [Times: user=0.09 sys=0.00, real=0.02 secs] 
2022-07-28T20:46:52.438-0700: 603383.943: [GC concurrent-root-region-scan-start]
2022-07-28T20:46:52.449-0700: 603383.954: [GC concurrent-root-region-scan-end, 0.0106778 secs]
2022-07-28T20:46:52.449-0700: 603383.954: [GC concurrent-mark-start]
2022-07-28T20:46:55.070-0700: 603386.574: [GC concurrent-mark-end, 2.6208976 secs]
2022-07-28T20:46:55.070-0700: 603386.575: [GC remark 2022-07-28T20:46:55.070-0700: 603386.575: [Finalize Marking, 0.0002630 secs] 2022-07-28T20:46:55.070-0700: 603386.575: [GC ref-proc, 0.0058082 secs] 2022-07-28T20:46:55.076-0700: 603386.581: [Unloading, 0.0294209 secs], 0.0424466 secs]
 [Times: user=0.26 sys=0.00, real=0.04 secs] 
2022-07-28T20:46:55.113-0700: 603386.618: [GC cleanup 3823M->3823M(14336M), 0.0089331 secs]
 [Times: user=0.07 sys=0.00, real=0.01 secs] 
2022-07-28T20:48:53.372-0700: 603504.877: [GC pause (G1 Evacuation Pause) (young), 0.0115840 secs]
   [Parallel Time: 6.5 ms, GC Workers: 8]
      [GC Worker Start (ms): Min: 603504876.8, Avg: 603504876.9, Max: 603504877.0, Diff: 0.1]
      [Ext Root Scanning (ms): Min: 1.2, Avg: 2.1, Max: 6.2, Diff: 4.9, Sum: 16.7]
      [Update RS (ms): Min: 0.0, Avg: 1.7, Max: 2.3, Diff: 2.3, Sum: 13.4]
         [Processed Buffers: Min: 0, Avg: 6.2, Max: 13, Diff: 13, Sum: 50]
      [Scan RS (ms): Min: 0.0, Avg: 0.1, Max: 0.1, Diff: 0.1, Sum: 0.5]
      [Code Root Scanning (ms): Min: 0.0, Avg: 0.0, Max: 0.0, Diff: 0.0, Sum: 0.0]
      [Object Copy (ms): Min: 0.0, Avg: 2.3, Max: 2.8, Diff: 2.8, Sum: 18.6]
      [Termination (ms): Min: 0.0, Avg: 0.0, Max: 0.0, Diff: 0.0, Sum: 0.0]
         [Termination Attempts: Min: 1, Avg: 1.0, Max: 1, Diff: 0, Sum: 8]
      [GC Worker Other (ms): Min: 0.0, Avg: 0.1, Max: 0.1, Diff: 0.1, Sum: 0.6]
      [GC Worker Total (ms): Min: 6.2, Avg: 6.2, Max: 6.3, Diff: 0.1, Sum: 49.9]
      [GC Worker End (ms): Min: 603504883.1, Avg: 603504883.1, Max: 603504883.2, Diff: 0.1]
   [Code Root Fixup: 0.0 ms]
   [Code Root Purge: 0.0 ms]
   [Clear CT: 0.8 ms]
   [Other: 4.4 ms]
      [Choose CSet: 0.0 ms]
      [Ref Proc: 3.7 ms]
      [Ref Enq: 0.1 ms]
      [Redirty Cards: 0.1 ms]
      [Humongous Register: 0.1 ms]
      [Humongous Reclaim: 0.0 ms]
      [Free CSet: 0.3 ms]
   [Eden: 7152.0M(7152.0M)->0.0B(5712.0M) Survivors: 16384.0K->16384.0K Heap: 10740.6M(14336.0M)->3594.0M(14336.0M)]
 [Times: user=0.06 sys=0.00, real=0.02 secs] 
2022-07-28T20:50:31.169-0700: 603602.673: [GC pause (G1 Evacuation Pause) (mixed), 0.0120357 secs]
   [Parallel Time: 8.9 ms, GC Workers: 8]
      [GC Worker Start (ms): Min: 603602673.5, Avg: 603602673.6, Max: 603602673.7, Diff: 0.2]
      [Ext Root Scanning (ms): Min: 1.3, Avg: 2.2, Max: 7.0, Diff: 5.7, Sum: 17.8]
      [Update RS (ms): Min: 0.0, Avg: 1.5, Max: 2.0, Diff: 2.0, Sum: 11.7]
         [Processed Buffers: Min: 0, Avg: 5.2, Max: 8, Diff: 8, Sum: 42]
      [Scan RS (ms): Min: 0.0, Avg: 0.7, Max: 0.9, Diff: 0.8, Sum: 5.4]
      [Code Root Scanning (ms): Min: 0.0, Avg: 0.0, Max: 0.0, Diff: 0.0, Sum: 0.0]
      [Object Copy (ms): Min: 1.6, Avg: 4.2, Max: 4.6, Diff: 3.0, Sum: 33.3]
      [Termination (ms): Min: 0.0, Avg: 0.0, Max: 0.0, Diff: 0.0, Sum: 0.0]
         [Termination Attempts: Min: 1, Avg: 4.0, Max: 9, Diff: 8, Sum: 32]
      [GC Worker Other (ms): Min: 0.0, Avg: 0.1, Max: 0.1, Diff: 0.1, Sum: 0.6]
      [GC Worker Total (ms): Min: 8.5, Avg: 8.6, Max: 8.7, Diff: 0.2, Sum: 68.9]
      [GC Worker End (ms): Min: 603602682.2, Avg: 603602682.2, Max: 603602682.3, Diff: 0.1]
   [Code Root Fixup: 0.0 ms]
   [Code Root Purge: 0.0 ms]
   [Clear CT: 0.8 ms]
   [Other: 2.4 ms]
      [Choose CSet: 0.0 ms]
      [Ref Proc: 1.7 ms]
      [Ref Enq: 0.1 ms]
      [Redirty Cards: 0.1 ms]
      [Humongous Register: 0.1 ms]
      [Humongous Reclaim: 0.0 ms]
      [Free CSet: 0.2 ms]
   [Eden: 5712.0M(5712.0M)->0.0B(7152.0M) Survivors: 16384.0K->16384.0K Heap: 9306.0M(14336.0M)->3581.7M(14336.0M)]
 [Times: user=0.08 sys=0.00, real=0.01 secs] 
2022-07-28T20:52:32.974-0700: 603724.479: [GC pause (G1 Evacuation Pause) (young), 0.0107638 secs]
   [Parallel Time: 7.4 ms, GC Workers: 8]
      [GC Worker Start (ms): Min: 603724479.1, Avg: 603724479.2, Max: 603724479.3, Diff: 0.1]
      [Ext Root Scanning (ms): Min: 1.2, Avg: 1.9, Max: 5.4, Diff: 4.2, Sum: 15.4]
      [Update RS (ms): Min: 0.5, Avg: 3.3, Max: 3.9, Diff: 3.4, Sum: 26.5]
         [Processed Buffers: Min: 8, Avg: 11.0, Max: 14, Diff: 6, Sum: 88]
      [Scan RS (ms): Min: 0.0, Avg: 0.1, Max: 0.1, Diff: 0.1, Sum: 0.4]
      [Code Root Scanning (ms): Min: 0.0, Avg: 0.0, Max: 0.0, Diff: 0.0, Sum: 0.0]
      [Object Copy (ms): Min: 1.2, Avg: 1.7, Max: 1.9, Diff: 0.7, Sum: 13.8]
      [Termination (ms): Min: 0.0, Avg: 0.0, Max: 0.0, Diff: 0.0, Sum: 0.0]
         [Termination Attempts: Min: 3, Avg: 5.4, Max: 8, Diff: 5, Sum: 43]
      [GC Worker Other (ms): Min: 0.0, Avg: 0.1, Max: 0.1, Diff: 0.1, Sum: 0.6]
      [GC Worker Total (ms): Min: 7.0, Avg: 7.1, Max: 7.2, Diff: 0.2, Sum: 56.7]
      [GC Worker End (ms): Min: 603724486.2, Avg: 603724486.3, Max: 603724486.3, Diff: 0.1]
   [Code Root Fixup: 0.0 ms]
   [Code Root Purge: 0.0 ms]
   [Clear CT: 0.7 ms]
   [Other: 2.7 ms]
      [Choose CSet: 0.0 ms]
      [Ref Proc: 2.1 ms]
      [Ref Enq: 0.1 ms]
      [Redirty Cards: 0.1 ms]
      [Humongous Register: 0.0 ms]
      [Humongous Reclaim: 0.0 ms]
      [Free CSet: 0.3 ms]
   [Eden: 7152.0M(7152.0M)->0.0B(7152.0M) Survivors: 16384.0K->16384.0K Heap: 10733.7M(14336.0M)->3588.7M(14336.0M)]
 [Times: user=0.07 sys=0.00, real=0.02 secs] 
2022-07-28T20:54:33.576-0700: 603845.080: [GC pause (G1 Evacuation Pause) (young) (initial-mark), 0.0170354 secs]
   [Parallel Time: 11.9 ms, GC Workers: 8]
      [GC Worker Start (ms): Min: 603845082.6, Avg: 603845082.7, Max: 603845082.8, Diff: 0.1]
      [Ext Root Scanning (ms): Min: 5.4, Avg: 5.7, Max: 6.2, Diff: 0.8, Sum: 45.5]
      [Update RS (ms): Min: 1.2, Avg: 1.4, Max: 1.6, Diff: 0.4, Sum: 11.3]
         [Processed Buffers: Min: 3, Avg: 5.2, Max: 10, Diff: 7, Sum: 42]
      [Scan RS (ms): Min: 0.0, Avg: 0.1, Max: 0.1, Diff: 0.1, Sum: 0.4]
      [Code Root Scanning (ms): Min: 0.0, Avg: 0.0, Max: 0.0, Diff: 0.0, Sum: 0.0]
      [Object Copy (ms): Min: 1.7, Avg: 2.3, Max: 2.7, Diff: 1.1, Sum: 18.8]
      [Termination (ms): Min: 0.0, Avg: 0.0, Max: 0.0, Diff: 0.0, Sum: 0.0]
         [Termination Attempts: Min: 4, Avg: 8.4, Max: 12, Diff: 8, Sum: 67]
      [GC Worker Other (ms): Min: 0.0, Avg: 0.1, Max: 0.1, Diff: 0.1, Sum: 0.4]
      [GC Worker Total (ms): Min: 9.5, Avg: 9.6, Max: 9.6, Diff: 0.2, Sum: 76.5]
      [GC Worker End (ms): Min: 603845092.2, Avg: 603845092.2, Max: 603845092.3, Diff: 0.1]
   [Code Root Fixup: 0.0 ms]
   [Code Root Purge: 0.0 ms]
   [Clear CT: 0.8 ms]
   [Other: 4.4 ms]
      [Choose CSet: 0.0 ms]
      [Ref Proc: 3.7 ms]
      [Ref Enq: 0.1 ms]
      [Redirty Cards: 0.1 ms]
      [Humongous Register: 0.0 ms]
      [Humongous Reclaim: 0.0 ms]
      [Free CSet: 0.3 ms]
   [Eden: 7152.0M(7152.0M)->0.0B(7152.0M) Survivors: 16384.0K->16384.0K Heap: 10740.7M(14336.0M)->3592.7M(14336.0M)]
 [Times: user=0.08 sys=0.00, real=0.01 secs] 
2022-07-28T20:54:33.593-0700: 603845.098: [GC concurrent-root-region-scan-start]
2022-07-28T20:54:33.602-0700: 603845.107: [GC concurrent-root-region-scan-end, 0.0092260 secs]
2022-07-28T20:54:33.602-0700: 603845.107: [GC concurrent-mark-start]
2022-07-28T20:54:36.269-0700: 603847.773: [GC concurrent-mark-end, 2.6665856 secs]
2022-07-28T20:54:36.269-0700: 603847.774: [GC remark 2022-07-28T20:54:36.269-0700: 603847.774: [Finalize Marking, 0.0003513 secs] 2022-07-28T20:54:36.269-0700: 603847.774: [GC ref-proc, 0.0118670 secs] 2022-07-28T20:54:36.281-0700: 603847.786: [Unloading, 0.0277066 secs], 0.0456261 secs]
 [Times: user=0.26 sys=0.00, real=0.05 secs] 
2022-07-28T20:54:36.315-0700: 603847.820: [GC cleanup 3800M->3800M(14336M), 0.0083770 secs]
 [Times: user=0.06 sys=0.00, real=0.01 secs] 
2022-07-28T20:56:35.573-0700: 603967.078: [GC pause (G1 Evacuation Pause) (young), 0.0103715 secs]
   [Parallel Time: 5.8 ms, GC Workers: 8]
      [GC Worker Start (ms): Min: 603967078.0, Avg: 603967078.0, Max: 603967078.1, Diff: 0.1]
      [Ext Root Scanning (ms): Min: 1.1, Avg: 1.9, Max: 5.7, Diff: 4.6, Sum: 15.5]
      [Update RS (ms): Min: 0.0, Avg: 1.3, Max: 1.9, Diff: 1.9, Sum: 10.8]
         [Processed Buffers: Min: 0, Avg: 5.2, Max: 8, Diff: 8, Sum: 42]
      [Scan RS (ms): Min: 0.0, Avg: 0.1, Max: 0.1, Diff: 0.1, Sum: 0.4]
      [Code Root Scanning (ms): Min: 0.0, Avg: 0.0, Max: 0.0, Diff: 0.0, Sum: 0.0]
      [Object Copy (ms): Min: 0.0, Avg: 2.0, Max: 2.4, Diff: 2.4, Sum: 15.8]
      [Termination (ms): Min: 0.0, Avg: 0.3, Max: 0.4, Diff: 0.4, Sum: 2.6]
         [Termination Attempts: Min: 1, Avg: 1.0, Max: 1, Diff: 0, Sum: 8]
      [GC Worker Other (ms): Min: 0.0, Avg: 0.0, Max: 0.0, Diff: 0.0, Sum: 0.1]
      [GC Worker Total (ms): Min: 5.6, Avg: 5.7, Max: 5.7, Diff: 0.1, Sum: 45.2]
      [GC Worker End (ms): Min: 603967083.7, Avg: 603967083.7, Max: 603967083.7, Diff: 0.0]
   [Code Root Fixup: 0.0 ms]
   [Code Root Purge: 0.0 ms]
   [Clear CT: 0.8 ms]
   [Other: 3.8 ms]
      [Choose CSet: 0.0 ms]
      [Ref Proc: 3.1 ms]
      [Ref Enq: 0.1 ms]
      [Redirty Cards: 0.1 ms]
      [Humongous Register: 0.1 ms]
      [Humongous Reclaim: 0.0 ms]
      [Free CSet: 0.3 ms]
   [Eden: 7152.0M(7152.0M)->0.0B(5712.0M) Survivors: 16384.0K->16384.0K Heap: 10744.7M(14336.0M)->3590.6M(14336.0M)]
 [Times: user=0.06 sys=0.00, real=0.02 secs] 
2022-07-28T20:58:12.615-0700: 604064.120: [GC pause (G1 Evacuation Pause) (mixed), 0.0151082 secs]
   [Parallel Time: 9.7 ms, GC Workers: 8]
      [GC Worker Start (ms): Min: 604064119.7, Avg: 604064119.8, Max: 604064119.8, Diff: 0.1]
      [Ext Root Scanning (ms): Min: 1.7, Avg: 2.8, Max: 6.7, Diff: 5.0, Sum: 22.5]
      [Update RS (ms): Min: 0.0, Avg: 1.6, Max: 2.4, Diff: 2.4, Sum: 13.1]
         [Processed Buffers: Min: 0, Avg: 5.8, Max: 13, Diff: 13, Sum: 46]
      [Scan RS (ms): Min: 0.0, Avg: 0.6, Max: 0.8, Diff: 0.8, Sum: 5.0]
      [Code Root Scanning (ms): Min: 0.0, Avg: 0.0, Max: 0.0, Diff: 0.0, Sum: 0.0]
      [Object Copy (ms): Min: 2.8, Avg: 4.3, Max: 4.8, Diff: 2.0, Sum: 34.6]
      [Termination (ms): Min: 0.0, Avg: 0.0, Max: 0.0, Diff: 0.0, Sum: 0.0]
         [Termination Attempts: Min: 1, Avg: 13.6, Max: 22, Diff: 21, Sum: 109]
      [GC Worker Other (ms): Min: 0.0, Avg: 0.1, Max: 0.1, Diff: 0.1, Sum: 0.5]
      [GC Worker Total (ms): Min: 9.4, Avg: 9.5, Max: 9.6, Diff: 0.2, Sum: 75.6]
      [GC Worker End (ms): Min: 604064129.2, Avg: 604064129.2, Max: 604064129.3, Diff: 0.1]
   [Code Root Fixup: 0.0 ms]
   [Code Root Purge: 0.0 ms]
   [Clear CT: 0.8 ms]
   [Other: 4.6 ms]
      [Choose CSet: 0.0 ms]
      [Ref Proc: 3.9 ms]
      [Ref Enq: 0.1 ms]
      [Redirty Cards: 0.1 ms]
      [Humongous Register: 0.1 ms]
      [Humongous Reclaim: 0.0 ms]
      [Free CSet: 0.2 ms]
   [Eden: 5712.0M(5712.0M)->0.0B(7152.0M) Survivors: 16384.0K->16384.0K Heap: 9302.6M(14336.0M)->3586.1M(14336.0M)]
 [Times: user=0.09 sys=0.00, real=0.01 secs] 
2022-07-28T21:00:16.197-0700: 604187.702: [GC pause (G1 Evacuation Pause) (young), 0.0123404 secs]
   [Parallel Time: 9.0 ms, GC Workers: 8]
      [GC Worker Start (ms): Min: 604187701.9, Avg: 604187702.0, Max: 604187702.1, Diff: 0.1]
      [Ext Root Scanning (ms): Min: 1.4, Avg: 2.2, Max: 6.2, Diff: 4.8, Sum: 18.0]
      [Update RS (ms): Min: 0.6, Avg: 4.2, Max: 5.0, Diff: 4.4, Sum: 33.4]
         [Processed Buffers: Min: 2, Avg: 10.8, Max: 18, Diff: 16, Sum: 86]
      [Scan RS (ms): Min: 0.0, Avg: 0.0, Max: 0.1, Diff: 0.1, Sum: 0.4]
      [Code Root Scanning (ms): Min: 0.0, Avg: 0.0, Max: 0.0, Diff: 0.0, Sum: 0.0]
      [Object Copy (ms): Min: 1.7, Avg: 2.2, Max: 2.4, Diff: 0.6, Sum: 17.3]
      [Termination (ms): Min: 0.0, Avg: 0.0, Max: 0.0, Diff: 0.0, Sum: 0.0]
         [Termination Attempts: Min: 1, Avg: 9.4, Max: 14, Diff: 13, Sum: 75]
      [GC Worker Other (ms): Min: 0.0, Avg: 0.1, Max: 0.1, Diff: 0.1, Sum: 0.4]
      [GC Worker Total (ms): Min: 8.6, Avg: 8.7, Max: 8.8, Diff: 0.2, Sum: 69.5]
      [GC Worker End (ms): Min: 604187710.7, Avg: 604187710.7, Max: 604187710.7, Diff: 0.1]
   [Code Root Fixup: 0.0 ms]
   [Code Root Purge: 0.0 ms]
   [Clear CT: 0.8 ms]
   [Other: 2.5 ms]
      [Choose CSet: 0.0 ms]
      [Ref Proc: 1.8 ms]
      [Ref Enq: 0.1 ms]
      [Redirty Cards: 0.1 ms]
      [Humongous Register: 0.1 ms]
      [Humongous Reclaim: 0.0 ms]
      [Free CSet: 0.3 ms]
   [Eden: 7152.0M(7152.0M)->0.0B(7152.0M) Survivors: 16384.0K->16384.0K Heap: 10738.1M(14336.0M)->3588.8M(14336.0M)]
 [Times: user=0.08 sys=0.00, real=0.01 secs] 
2022-07-28T21:02:19.823-0700: 604311.327: [GC pause (G1 Evacuation Pause) (young) (initial-mark), 0.0167565 secs]
   [Parallel Time: 11.4 ms, GC Workers: 8]
      [GC Worker Start (ms): Min: 604311329.7, Avg: 604311329.8, Max: 604311329.9, Diff: 0.2]
      [Ext Root Scanning (ms): Min: 4.9, Avg: 5.3, Max: 5.7, Diff: 0.9, Sum: 42.1]
      [Update RS (ms): Min: 1.3, Avg: 1.5, Max: 1.9, Diff: 0.5, Sum: 11.9]
         [Processed Buffers: Min: 3, Avg: 5.8, Max: 8, Diff: 5, Sum: 46]
      [Scan RS (ms): Min: 0.0, Avg: 0.0, Max: 0.1, Diff: 0.1, Sum: 0.4]
      [Code Root Scanning (ms): Min: 0.0, Avg: 0.0, Max: 0.0, Diff: 0.0, Sum: 0.0]
      [Object Copy (ms): Min: 1.6, Avg: 2.0, Max: 2.4, Diff: 0.7, Sum: 16.3]
      [Termination (ms): Min: 0.0, Avg: 0.0, Max: 0.0, Diff: 0.0, Sum: 0.0]
         [Termination Attempts: Min: 1, Avg: 1.2, Max: 2, Diff: 1, Sum: 10]
      [GC Worker Other (ms): Min: 0.0, Avg: 0.1, Max: 0.2, Diff: 0.2, Sum: 0.7]
      [GC Worker Total (ms): Min: 8.8, Avg: 8.9, Max: 9.1, Diff: 0.3, Sum: 71.4]
      [GC Worker End (ms): Min: 604311338.7, Avg: 604311338.7, Max: 604311338.9, Diff: 0.2]
   [Code Root Fixup: 0.0 ms]
   [Code Root Purge: 0.0 ms]
   [Clear CT: 0.7 ms]
   [Other: 4.6 ms]
      [Choose CSet: 0.0 ms]
      [Ref Proc: 3.9 ms]
      [Ref Enq: 0.1 ms]
      [Redirty Cards: 0.1 ms]
      [Humongous Register: 0.0 ms]
      [Humongous Reclaim: 0.0 ms]
      [Free CSet: 0.3 ms]
   [Eden: 7152.0M(7152.0M)->0.0B(7152.0M) Survivors: 16384.0K->16384.0K Heap: 10740.8M(14336.0M)->3590.5M(14336.0M)]
 [Times: user=0.08 sys=0.00, real=0.01 secs] 
2022-07-28T21:02:19.840-0700: 604311.344: [GC concurrent-root-region-scan-start]
2022-07-28T21:02:19.849-0700: 604311.354: [GC concurrent-root-region-scan-end, 0.0095161 secs]
2022-07-28T21:02:19.849-0700: 604311.354: [GC concurrent-mark-start]
2022-07-28T21:02:22.570-0700: 604314.075: [GC concurrent-mark-end, 2.7213250 secs]
2022-07-28T21:02:22.571-0700: 604314.076: [GC remark 2022-07-28T21:02:22.571-0700: 604314.076: [Finalize Marking, 0.0003702 secs] 2022-07-28T21:02:22.571-0700: 604314.076: [GC ref-proc, 0.0067981 secs] 2022-07-28T21:02:22.578-0700: 604314.083: [Unloading, 0.0281010 secs], 0.0412732 secs]
 [Times: user=0.26 sys=0.00, real=0.04 secs] 
2022-07-28T21:02:22.612-0700: 604314.117: [GC cleanup 3794M->3794M(14336M), 0.0086956 secs]
 [Times: user=0.07 sys=0.00, real=0.01 secs] 
2022-07-28T21:04:21.062-0700: 604432.567: [GC pause (G1 Evacuation Pause) (young), 0.0098960 secs]
   [Parallel Time: 6.8 ms, GC Workers: 8]
      [GC Worker Start (ms): Min: 604432566.8, Avg: 604432566.8, Max: 604432566.9, Diff: 0.1]
      [Ext Root Scanning (ms): Min: 1.4, Avg: 2.2, Max: 6.2, Diff: 4.8, Sum: 17.9]
      [Update RS (ms): Min: 0.0, Avg: 1.7, Max: 2.3, Diff: 2.3, Sum: 14.0]
         [Processed Buffers: Min: 0, Avg: 5.1, Max: 9, Diff: 9, Sum: 41]
      [Scan RS (ms): Min: 0.0, Avg: 0.1, Max: 0.2, Diff: 0.1, Sum: 0.5]
      [Code Root Scanning (ms): Min: 0.0, Avg: 0.0, Max: 0.0, Diff: 0.0, Sum: 0.0]
      [Object Copy (ms): Min: 0.4, Avg: 2.5, Max: 3.0, Diff: 2.6, Sum: 20.2]
      [Termination (ms): Min: 0.0, Avg: 0.0, Max: 0.0, Diff: 0.0, Sum: 0.0]
         [Termination Attempts: Min: 1, Avg: 3.4, Max: 6, Diff: 5, Sum: 27]
      [GC Worker Other (ms): Min: 0.0, Avg: 0.0, Max: 0.1, Diff: 0.1, Sum: 0.3]
      [GC Worker Total (ms): Min: 6.5, Avg: 6.6, Max: 6.7, Diff: 0.2, Sum: 53.0]
      [GC Worker End (ms): Min: 604432573.4, Avg: 604432573.5, Max: 604432573.5, Diff: 0.1]
   [Code Root Fixup: 0.0 ms]
   [Code Root Purge: 0.0 ms]
   [Clear CT: 0.7 ms]
   [Other: 2.4 ms]
      [Choose CSet: 0.0 ms]
      [Ref Proc: 1.7 ms]
      [Ref Enq: 0.1 ms]
      [Redirty Cards: 0.1 ms]
      [Humongous Register: 0.1 ms]
      [Humongous Reclaim: 0.0 ms]
      [Free CSet: 0.3 ms]
   [Eden: 7152.0M(7152.0M)->0.0B(5712.0M) Survivors: 16384.0K->16384.0K Heap: 10742.5M(14336.0M)->3594.6M(14336.0M)]
 [Times: user=0.07 sys=0.00, real=0.01 secs] 
2022-07-28T21:05:57.829-0700: 604529.334: [GC pause (G1 Evacuation Pause) (mixed), 0.0110245 secs]
   [Parallel Time: 8.0 ms, GC Workers: 8]
      [GC Worker Start (ms): Min: 604529334.3, Avg: 604529334.4, Max: 604529334.5, Diff: 0.1]
      [Ext Root Scanning (ms): Min: 1.1, Avg: 2.1, Max: 6.9, Diff: 5.8, Sum: 17.0]
      [Update RS (ms): Min: 0.0, Avg: 1.2, Max: 1.7, Diff: 1.7, Sum: 9.4]
         [Processed Buffers: Min: 0, Avg: 4.6, Max: 9, Diff: 9, Sum: 37]
      [Scan RS (ms): Min: 0.0, Avg: 0.6, Max: 0.8, Diff: 0.8, Sum: 4.7]
      [Code Root Scanning (ms): Min: 0.0, Avg: 0.0, Max: 0.0, Diff: 0.0, Sum: 0.0]
      [Object Copy (ms): Min: 0.8, Avg: 3.8, Max: 4.3, Diff: 3.5, Sum: 30.5]
      [Termination (ms): Min: 0.0, Avg: 0.0, Max: 0.0, Diff: 0.0, Sum: 0.0]
         [Termination Attempts: Min: 1, Avg: 1.5, Max: 2, Diff: 1, Sum: 12]
      [GC Worker Other (ms): Min: 0.0, Avg: 0.0, Max: 0.1, Diff: 0.1, Sum: 0.4]
      [GC Worker Total (ms): Min: 7.7, Avg: 7.7, Max: 7.8, Diff: 0.2, Sum: 61.9]
      [GC Worker End (ms): Min: 604529342.1, Avg: 604529342.2, Max: 604529342.2, Diff: 0.1]
   [Code Root Fixup: 0.0 ms]
   [Code Root Purge: 0.0 ms]
   [Clear CT: 0.7 ms]
   [Other: 2.3 ms]
      [Choose CSet: 0.0 ms]
      [Ref Proc: 1.7 ms]
      [Ref Enq: 0.1 ms]
      [Redirty Cards: 0.1 ms]
      [Humongous Register: 0.1 ms]
      [Humongous Reclaim: 0.0 ms]
      [Free CSet: 0.2 ms]
   [Eden: 5712.0M(5712.0M)->0.0B(7152.0M) Survivors: 16384.0K->16384.0K Heap: 9306.6M(14336.0M)->3582.3M(14336.0M)]
 [Times: user=0.07 sys=0.00, real=0.01 secs] 
2022-07-28T21:07:57.821-0700: 604649.325: [GC pause (G1 Evacuation Pause) (young), 0.0107842 secs]
   [Parallel Time: 7.6 ms, GC Workers: 8]
      [GC Worker Start (ms): Min: 604649325.5, Avg: 604649325.5, Max: 604649325.6, Diff: 0.1]
      [Ext Root Scanning (ms): Min: 1.2, Avg: 1.9, Max: 5.3, Diff: 4.1, Sum: 15.4]
      [Update RS (ms): Min: 0.0, Avg: 3.0, Max: 3.9, Diff: 3.9, Sum: 24.0]
         [Processed Buffers: Min: 0, Avg: 10.5, Max: 15, Diff: 15, Sum: 84]
      [Scan RS (ms): Min: 0.0, Avg: 0.0, Max: 0.1, Diff: 0.1, Sum: 0.4]
      [Code Root Scanning (ms): Min: 0.0, Avg: 0.0, Max: 0.0, Diff: 0.0, Sum: 0.0]
      [Object Copy (ms): Min: 1.9, Avg: 2.2, Max: 2.4, Diff: 0.5, Sum: 17.3]
      [Termination (ms): Min: 0.0, Avg: 0.0, Max: 0.0, Diff: 0.0, Sum: 0.0]
         [Termination Attempts: Min: 1, Avg: 4.0, Max: 7, Diff: 6, Sum: 32]
      [GC Worker Other (ms): Min: 0.0, Avg: 0.1, Max: 0.2, Diff: 0.1, Sum: 0.6]
      [GC Worker Total (ms): Min: 7.1, Avg: 7.2, Max: 7.3, Diff: 0.2, Sum: 57.7]
      [GC Worker End (ms): Min: 604649332.7, Avg: 604649332.7, Max: 604649332.8, Diff: 0.1]
   [Code Root Fixup: 0.0 ms]
   [Code Root Purge: 0.0 ms]
   [Clear CT: 0.7 ms]
   [Other: 2.5 ms]
      [Choose CSet: 0.0 ms]
      [Ref Proc: 1.8 ms]
      [Ref Enq: 0.1 ms]
      [Redirty Cards: 0.1 ms]
      [Humongous Register: 0.1 ms]
      [Humongous Reclaim: 0.0 ms]
      [Free CSet: 0.3 ms]
   [Eden: 7152.0M(7152.0M)->0.0B(7152.0M) Survivors: 16384.0K->16384.0K Heap: 10734.3M(14336.0M)->3590.8M(14336.0M)]
 [Times: user=0.06 sys=0.00, real=0.01 secs] 
2022-07-28T21:09:57.839-0700: 604769.344: [GC pause (G1 Evacuation Pause) (young) (initial-mark), 0.0171483 secs]
   [Parallel Time: 12.0 ms, GC Workers: 8]
      [GC Worker Start (ms): Min: 604769346.1, Avg: 604769346.2, Max: 604769346.3, Diff: 0.2]
      [Ext Root Scanning (ms): Min: 5.2, Avg: 5.5, Max: 6.0, Diff: 0.8, Sum: 44.3]
      [Update RS (ms): Min: 1.4, Avg: 1.6, Max: 1.9, Diff: 0.5, Sum: 12.9]
         [Processed Buffers: Min: 4, Avg: 5.6, Max: 9, Diff: 5, Sum: 45]
      [Scan RS (ms): Min: 0.0, Avg: 0.0, Max: 0.1, Diff: 0.1, Sum: 0.4]
      [Code Root Scanning (ms): Min: 0.0, Avg: 0.0, Max: 0.0, Diff: 0.0, Sum: 0.0]
      [Object Copy (ms): Min: 1.6, Avg: 2.2, Max: 2.6, Diff: 0.9, Sum: 17.5]
      [Termination (ms): Min: 0.0, Avg: 0.0, Max: 0.0, Diff: 0.0, Sum: 0.0]
         [Termination Attempts: Min: 6, Avg: 10.0, Max: 14, Diff: 8, Sum: 80]
      [GC Worker Other (ms): Min: 0.0, Avg: 0.1, Max: 0.1, Diff: 0.1, Sum: 0.5]
      [GC Worker Total (ms): Min: 9.4, Avg: 9.5, Max: 9.5, Diff: 0.2, Sum: 75.6]
      [GC Worker End (ms): Min: 604769355.6, Avg: 604769355.6, Max: 604769355.7, Diff: 0.1]
   [Code Root Fixup: 0.0 ms]
   [Code Root Purge: 0.0 ms]
   [Clear CT: 0.7 ms]
   [Other: 4.5 ms]
      [Choose CSet: 0.0 ms]
      [Ref Proc: 3.7 ms]
      [Ref Enq: 0.1 ms]
      [Redirty Cards: 0.1 ms]
      [Humongous Register: 0.0 ms]
      [Humongous Reclaim: 0.0 ms]
      [Free CSet: 0.3 ms]
   [Eden: 7152.0M(7152.0M)->0.0B(7152.0M) Survivors: 16384.0K->16384.0K Heap: 10742.8M(14336.0M)->3589.6M(14336.0M)]
 [Times: user=0.09 sys=0.00, real=0.02 secs] 
2022-07-28T21:09:57.856-0700: 604769.361: [GC concurrent-root-region-scan-start]
2022-07-28T21:09:57.866-0700: 604769.370: [GC concurrent-root-region-scan-end, 0.0094024 secs]
2022-07-28T21:09:57.866-0700: 604769.370: [GC concurrent-mark-start]
2022-07-28T21:10:00.518-0700: 604772.022: [GC concurrent-mark-end, 2.6519740 secs]
2022-07-28T21:10:00.518-0700: 604772.023: [GC remark 2022-07-28T21:10:00.518-0700: 604772.023: [Finalize Marking, 0.0002320 secs] 2022-07-28T21:10:00.518-0700: 604772.023: [GC ref-proc, 0.0062298 secs] 2022-07-28T21:10:00.525-0700: 604772.029: [Unloading, 0.0276558 secs], 0.0400352 secs]
 [Times: user=0.25 sys=0.00, real=0.04 secs] 
2022-07-28T21:10:00.558-0700: 604772.063: [GC cleanup 3757M->3757M(14336M), 0.0093241 secs]
 [Times: user=0.06 sys=0.00, real=0.01 secs] 
2022-07-28T21:11:58.917-0700: 604890.422: [GC pause (G1 Evacuation Pause) (young), 0.0106726 secs]
   [Parallel Time: 6.4 ms, GC Workers: 8]
      [GC Worker Start (ms): Min: 604890421.7, Avg: 604890421.8, Max: 604890421.9, Diff: 0.1]
      [Ext Root Scanning (ms): Min: 1.3, Avg: 2.1, Max: 6.1, Diff: 4.8, Sum: 16.8]
      [Update RS (ms): Min: 0.0, Avg: 1.7, Max: 2.3, Diff: 2.3, Sum: 13.6]
         [Processed Buffers: Min: 0, Avg: 5.8, Max: 13, Diff: 13, Sum: 46]
      [Scan RS (ms): Min: 0.0, Avg: 0.1, Max: 0.1, Diff: 0.1, Sum: 0.5]
      [Code Root Scanning (ms): Min: 0.0, Avg: 0.0, Max: 0.0, Diff: 0.0, Sum: 0.0]
      [Object Copy (ms): Min: 0.0, Avg: 2.1, Max: 2.5, Diff: 2.5, Sum: 16.5]
      [Termination (ms): Min: 0.0, Avg: 0.1, Max: 0.1, Diff: 0.1, Sum: 0.9]
         [Termination Attempts: Min: 1, Avg: 1.0, Max: 1, Diff: 0, Sum: 8]
      [GC Worker Other (ms): Min: 0.0, Avg: 0.0, Max: 0.1, Diff: 0.0, Sum: 0.2]
      [GC Worker Total (ms): Min: 6.0, Avg: 6.1, Max: 6.1, Diff: 0.1, Sum: 48.5]
      [GC Worker End (ms): Min: 604890427.8, Avg: 604890427.9, Max: 604890427.9, Diff: 0.1]
   [Code Root Fixup: 0.0 ms]
   [Code Root Purge: 0.0 ms]
   [Clear CT: 0.6 ms]
   [Other: 3.6 ms]
      [Choose CSet: 0.0 ms]
      [Ref Proc: 2.9 ms]
      [Ref Enq: 0.1 ms]
      [Redirty Cards: 0.1 ms]
      [Humongous Register: 0.1 ms]
      [Humongous Reclaim: 0.0 ms]
      [Free CSet: 0.3 ms]
   [Eden: 7152.0M(7152.0M)->0.0B(5712.0M) Survivors: 16384.0K->16384.0K Heap: 10741.6M(14336.0M)->3589.8M(14336.0M)]
 [Times: user=0.06 sys=0.00, real=0.01 secs] 
2022-07-28T21:13:34.723-0700: 604986.228: [GC pause (G1 Evacuation Pause) (mixed), 0.0110125 secs]
   [Parallel Time: 8.4 ms, GC Workers: 8]
      [GC Worker Start (ms): Min: 604986227.9, Avg: 604986227.9, Max: 604986228.0, Diff: 0.1]
      [Ext Root Scanning (ms): Min: 1.3, Avg: 2.4, Max: 6.3, Diff: 4.9, Sum: 19.2]
      [Update RS (ms): Min: 0.0, Avg: 1.2, Max: 2.0, Diff: 2.0, Sum: 9.7]
         [Processed Buffers: Min: 0, Avg: 5.0, Max: 11, Diff: 11, Sum: 40]
      [Scan RS (ms): Min: 0.0, Avg: 0.6, Max: 0.8, Diff: 0.7, Sum: 4.8]
      [Code Root Scanning (ms): Min: 0.0, Avg: 0.0, Max: 0.0, Diff: 0.0, Sum: 0.0]
      [Object Copy (ms): Min: 1.9, Avg: 3.9, Max: 4.4, Diff: 2.5, Sum: 31.6]
      [Termination (ms): Min: 0.0, Avg: 0.0, Max: 0.0, Diff: 0.0, Sum: 0.0]
         [Termination Attempts: Min: 1, Avg: 2.9, Max: 5, Diff: 4, Sum: 23]
      [GC Worker Other (ms): Min: 0.0, Avg: 0.0, Max: 0.1, Diff: 0.0, Sum: 0.3]
      [GC Worker Total (ms): Min: 8.2, Avg: 8.2, Max: 8.2, Diff: 0.1, Sum: 65.6]
      [GC Worker End (ms): Min: 604986236.1, Avg: 604986236.1, Max: 604986236.2, Diff: 0.0]
   [Code Root Fixup: 0.0 ms]
   [Code Root Purge: 0.0 ms]
   [Clear CT: 0.7 ms]
   [Other: 1.9 ms]
      [Choose CSet: 0.0 ms]
      [Ref Proc: 1.3 ms]
      [Ref Enq: 0.1 ms]
      [Redirty Cards: 0.1 ms]
      [Humongous Register: 0.0 ms]
      [Humongous Reclaim: 0.0 ms]
      [Free CSet: 0.2 ms]
   [Eden: 5712.0M(5712.0M)->0.0B(7152.0M) Survivors: 16384.0K->16384.0K Heap: 9301.8M(14336.0M)->3584.4M(14336.0M)]
 [Times: user=0.07 sys=0.00, real=0.00 secs] 
2022-07-28T21:15:36.814-0700: 605108.318: [GC pause (G1 Evacuation Pause) (young), 0.0120334 secs]
   [Parallel Time: 9.0 ms, GC Workers: 8]
      [GC Worker Start (ms): Min: 605108318.5, Avg: 605108318.5, Max: 605108318.6, Diff: 0.2]
      [Ext Root Scanning (ms): Min: 1.2, Avg: 2.0, Max: 5.3, Diff: 4.1, Sum: 16.2]
      [Update RS (ms): Min: 1.3, Avg: 4.2, Max: 4.8, Diff: 3.5, Sum: 33.5]
         [Processed Buffers: Min: 3, Avg: 11.1, Max: 16, Diff: 13, Sum: 89]
      [Scan RS (ms): Min: 0.0, Avg: 0.1, Max: 0.1, Diff: 0.1, Sum: 0.4]
      [Code Root Scanning (ms): Min: 0.0, Avg: 0.0, Max: 0.0, Diff: 0.0, Sum: 0.0]
      [Object Copy (ms): Min: 2.0, Avg: 2.3, Max: 2.5, Diff: 0.5, Sum: 18.6]
      [Termination (ms): Min: 0.0, Avg: 0.0, Max: 0.0, Diff: 0.0, Sum: 0.0]
         [Termination Attempts: Min: 7, Avg: 11.5, Max: 19, Diff: 12, Sum: 92]
      [GC Worker Other (ms): Min: 0.0, Avg: 0.1, Max: 0.1, Diff: 0.1, Sum: 0.6]
      [GC Worker Total (ms): Min: 8.6, Avg: 8.7, Max: 8.8, Diff: 0.2, Sum: 69.3]
      [GC Worker End (ms): Min: 605108327.2, Avg: 605108327.2, Max: 605108327.3, Diff: 0.1]
   [Code Root Fixup: 0.0 ms]
   [Code Root Purge: 0.0 ms]
   [Clear CT: 0.7 ms]
   [Other: 2.4 ms]
      [Choose CSet: 0.0 ms]
      [Ref Proc: 1.7 ms]
      [Ref Enq: 0.1 ms]
      [Redirty Cards: 0.1 ms]
      [Humongous Register: 0.1 ms]
      [Humongous Reclaim: 0.0 ms]
      [Free CSet: 0.3 ms]
   [Eden: 7152.0M(7152.0M)->0.0B(7152.0M) Survivors: 16384.0K->16384.0K Heap: 10736.4M(14336.0M)->3587.3M(14336.0M)]
 [Times: user=0.07 sys=0.00, real=0.02 secs] 
2022-07-28T21:17:38.573-0700: 605230.078: [GC pause (G1 Evacuation Pause) (young) (initial-mark), 0.0162456 secs]
   [Parallel Time: 11.3 ms, GC Workers: 8]
      [GC Worker Start (ms): Min: 605230079.8, Avg: 605230079.8, Max: 605230079.9, Diff: 0.2]
      [Ext Root Scanning (ms): Min: 4.9, Avg: 5.2, Max: 5.6, Diff: 0.8, Sum: 41.6]
      [Update RS (ms): Min: 1.4, Avg: 1.5, Max: 1.7, Diff: 0.4, Sum: 12.3]
         [Processed Buffers: Min: 3, Avg: 6.0, Max: 10, Diff: 7, Sum: 48]
      [Scan RS (ms): Min: 0.0, Avg: 0.0, Max: 0.1, Diff: 0.1, Sum: 0.4]
      [Code Root Scanning (ms): Min: 0.0, Avg: 0.0, Max: 0.0, Diff: 0.0, Sum: 0.0]
      [Object Copy (ms): Min: 1.6, Avg: 2.2, Max: 2.6, Diff: 1.0, Sum: 17.2]
      [Termination (ms): Min: 0.0, Avg: 0.0, Max: 0.0, Diff: 0.0, Sum: 0.0]
         [Termination Attempts: Min: 3, Avg: 5.6, Max: 8, Diff: 5, Sum: 45]
      [GC Worker Other (ms): Min: 0.0, Avg: 0.1, Max: 0.1, Diff: 0.1, Sum: 0.4]
      [GC Worker Total (ms): Min: 8.9, Avg: 9.0, Max: 9.1, Diff: 0.1, Sum: 72.0]
      [GC Worker End (ms): Min: 605230088.8, Avg: 605230088.9, Max: 605230088.9, Diff: 0.1]
   [Code Root Fixup: 0.0 ms]
   [Code Root Purge: 0.0 ms]
   [Clear CT: 0.7 ms]
   [Other: 4.3 ms]
      [Choose CSet: 0.0 ms]
      [Ref Proc: 3.5 ms]
      [Ref Enq: 0.1 ms]
      [Redirty Cards: 0.1 ms]
      [Humongous Register: 0.0 ms]
      [Humongous Reclaim: 0.0 ms]
      [Free CSet: 0.3 ms]
   [Eden: 7152.0M(7152.0M)->0.0B(7152.0M) Survivors: 16384.0K->16384.0K Heap: 10739.3M(14336.0M)->3589.7M(14336.0M)]
 [Times: user=0.08 sys=0.00, real=0.02 secs] 
2022-07-28T21:17:38.589-0700: 605230.094: [GC concurrent-root-region-scan-start]
2022-07-28T21:17:38.599-0700: 605230.104: [GC concurrent-root-region-scan-end, 0.0096470 secs]
2022-07-28T21:17:38.599-0700: 605230.104: [GC concurrent-mark-start]
2022-07-28T21:17:41.288-0700: 605232.792: [GC concurrent-mark-end, 2.6888286 secs]
2022-07-28T21:17:41.288-0700: 605232.793: [GC remark 2022-07-28T21:17:41.288-0700: 605232.793: [Finalize Marking, 0.0001214 secs] 2022-07-28T21:17:41.288-0700: 605232.793: [GC ref-proc, 0.0058693 secs] 2022-07-28T21:17:41.294-0700: 605232.799: [Unloading, 0.0273488 secs], 0.0390642 secs]
 [Times: user=0.25 sys=0.00, real=0.04 secs] 
2022-07-28T21:17:41.327-0700: 605232.832: [GC cleanup 3805M->3805M(14336M), 0.0093236 secs]
 [Times: user=0.07 sys=0.00, real=0.01 secs] 
2022-07-28T21:19:37.830-0700: 605349.335: [GC pause (G1 Evacuation Pause) (young), 0.0109676 secs]
   [Parallel Time: 6.0 ms, GC Workers: 8]
      [GC Worker Start (ms): Min: 605349335.4, Avg: 605349335.5, Max: 605349335.5, Diff: 0.1]
      [Ext Root Scanning (ms): Min: 1.1, Avg: 1.9, Max: 5.7, Diff: 4.6, Sum: 15.5]
      [Update RS (ms): Min: 0.0, Avg: 1.3, Max: 1.9, Diff: 1.9, Sum: 10.3]
         [Processed Buffers: Min: 0, Avg: 5.2, Max: 10, Diff: 10, Sum: 42]
      [Scan RS (ms): Min: 0.0, Avg: 0.1, Max: 0.1, Diff: 0.1, Sum: 0.4]
      [Code Root Scanning (ms): Min: 0.0, Avg: 0.0, Max: 0.0, Diff: 0.0, Sum: 0.0]
      [Object Copy (ms): Min: 0.0, Avg: 2.0, Max: 2.4, Diff: 2.4, Sum: 16.1]
      [Termination (ms): Min: 0.0, Avg: 0.4, Max: 0.5, Diff: 0.5, Sum: 3.3]
         [Termination Attempts: Min: 1, Avg: 2.1, Max: 4, Diff: 3, Sum: 17]
      [GC Worker Other (ms): Min: 0.0, Avg: 0.0, Max: 0.0, Diff: 0.0, Sum: 0.1]
      [GC Worker Total (ms): Min: 5.6, Avg: 5.7, Max: 5.8, Diff: 0.1, Sum: 45.7]
      [GC Worker End (ms): Min: 605349341.2, Avg: 605349341.2, Max: 605349341.2, Diff: 0.0]
   [Code Root Fixup: 0.0 ms]
   [Code Root Purge: 0.0 ms]
   [Clear CT: 0.7 ms]
   [Other: 4.2 ms]
      [Choose CSet: 0.0 ms]
      [Ref Proc: 3.5 ms]
      [Ref Enq: 0.1 ms]
      [Redirty Cards: 0.1 ms]
      [Humongous Register: 0.1 ms]
      [Humongous Reclaim: 0.0 ms]
      [Free CSet: 0.3 ms]
   [Eden: 7152.0M(7152.0M)->0.0B(5712.0M) Survivors: 16384.0K->16384.0K Heap: 10741.7M(14336.0M)->3594.0M(14336.0M)]
 [Times: user=0.06 sys=0.01, real=0.01 secs] 
2022-07-28T21:21:15.705-0700: 605447.210: [GC pause (G1 Evacuation Pause) (mixed), 0.0145699 secs]
   [Parallel Time: 10.8 ms, GC Workers: 8]
      [GC Worker Start (ms): Min: 605447210.4, Avg: 605447210.5, Max: 605447210.5, Diff: 0.1]
      [Ext Root Scanning (ms): Min: 1.4, Avg: 2.4, Max: 7.3, Diff: 5.8, Sum: 19.2]
      [Update RS (ms): Min: 0.0, Avg: 1.7, Max: 2.9, Diff: 2.9, Sum: 13.9]
         [Processed Buffers: Min: 0, Avg: 5.1, Max: 9, Diff: 9, Sum: 41]
      [Scan RS (ms): Min: 0.0, Avg: 0.8, Max: 1.2, Diff: 1.2, Sum: 6.6]
      [Code Root Scanning (ms): Min: 0.0, Avg: 0.0, Max: 0.0, Diff: 0.0, Sum: 0.0]
      [Object Copy (ms): Min: 3.1, Avg: 5.4, Max: 8.2, Diff: 5.1, Sum: 42.9]
      [Termination (ms): Min: 0.0, Avg: 0.0, Max: 0.0, Diff: 0.0, Sum: 0.0]
         [Termination Attempts: Min: 1, Avg: 3.6, Max: 6, Diff: 5, Sum: 29]
      [GC Worker Other (ms): Min: 0.0, Avg: 0.1, Max: 0.1, Diff: 0.1, Sum: 0.5]
      [GC Worker Total (ms): Min: 10.3, Avg: 10.4, Max: 10.5, Diff: 0.1, Sum: 83.1]
      [GC Worker End (ms): Min: 605447220.8, Avg: 605447220.8, Max: 605447220.9, Diff: 0.1]
   [Code Root Fixup: 0.0 ms]
   [Code Root Purge: 0.0 ms]
   [Clear CT: 0.7 ms]
   [Other: 3.1 ms]
      [Choose CSet: 0.0 ms]
      [Ref Proc: 2.5 ms]
      [Ref Enq: 0.1 ms]
      [Redirty Cards: 0.1 ms]
      [Humongous Register: 0.1 ms]
      [Humongous Reclaim: 0.0 ms]
      [Free CSet: 0.2 ms]
   [Eden: 5712.0M(5712.0M)->0.0B(7152.0M) Survivors: 16384.0K->16384.0K Heap: 9306.0M(14336.0M)->3582.7M(14336.0M)]
 [Times: user=0.09 sys=0.00, real=0.01 secs] 
2022-07-28T21:23:17.413-0700: 605568.918: [GC pause (G1 Evacuation Pause) (young), 0.0119180 secs]
   [Parallel Time: 8.9 ms, GC Workers: 8]
      [GC Worker Start (ms): Min: 605568917.9, Avg: 605568918.0, Max: 605568918.1, Diff: 0.1]
      [Ext Root Scanning (ms): Min: 1.5, Avg: 2.2, Max: 5.6, Diff: 4.1, Sum: 17.7]
      [Update RS (ms): Min: 1.2, Avg: 4.3, Max: 5.0, Diff: 3.8, Sum: 34.0]
         [Processed Buffers: Min: 8, Avg: 11.6, Max: 18, Diff: 10, Sum: 93]
      [Scan RS (ms): Min: 0.0, Avg: 0.1, Max: 0.1, Diff: 0.1, Sum: 0.4]
      [Code Root Scanning (ms): Min: 0.0, Avg: 0.0, Max: 0.0, Diff: 0.0, Sum: 0.0]
      [Object Copy (ms): Min: 1.8, Avg: 2.1, Max: 2.4, Diff: 0.6, Sum: 17.1]
      [Termination (ms): Min: 0.0, Avg: 0.1, Max: 0.1, Diff: 0.1, Sum: 0.5]
         [Termination Attempts: Min: 29, Avg: 36.4, Max: 43, Diff: 14, Sum: 291]
      [GC Worker Other (ms): Min: 0.0, Avg: 0.1, Max: 0.1, Diff: 0.1, Sum: 0.4]
      [GC Worker Total (ms): Min: 8.7, Avg: 8.8, Max: 8.8, Diff: 0.1, Sum: 70.2]
      [GC Worker End (ms): Min: 605568926.7, Avg: 605568926.8, Max: 605568926.8, Diff: 0.1]
   [Code Root Fixup: 0.0 ms]
   [Code Root Purge: 0.0 ms]
   [Clear CT: 0.7 ms]
   [Other: 2.3 ms]
      [Choose CSet: 0.0 ms]
      [Ref Proc: 1.6 ms]
      [Ref Enq: 0.1 ms]
      [Redirty Cards: 0.1 ms]
      [Humongous Register: 0.1 ms]
      [Humongous Reclaim: 0.0 ms]
      [Free CSet: 0.3 ms]
   [Eden: 7152.0M(7152.0M)->0.0B(7152.0M) Survivors: 16384.0K->16384.0K Heap: 10734.7M(14336.0M)->3592.0M(14336.0M)]
 [Times: user=0.08 sys=0.00, real=0.02 secs] 
2022-07-28T21:25:20.823-0700: 605692.328: [GC pause (G1 Evacuation Pause) (young) (initial-mark), 0.0156787 secs]
   [Parallel Time: 11.1 ms, GC Workers: 8]
      [GC Worker Start (ms): Min: 605692330.4, Avg: 605692330.5, Max: 605692330.6, Diff: 0.2]
      [Ext Root Scanning (ms): Min: 5.2, Avg: 5.6, Max: 6.0, Diff: 0.8, Sum: 44.4]
      [Update RS (ms): Min: 1.0, Avg: 1.2, Max: 1.4, Diff: 0.4, Sum: 9.6]
         [Processed Buffers: Min: 2, Avg: 4.6, Max: 11, Diff: 9, Sum: 37]
      [Scan RS (ms): Min: 0.0, Avg: 0.0, Max: 0.1, Diff: 0.1, Sum: 0.4]
      [Code Root Scanning (ms): Min: 0.0, Avg: 0.0, Max: 0.0, Diff: 0.0, Sum: 0.0]
      [Object Copy (ms): Min: 1.4, Avg: 2.1, Max: 2.5, Diff: 1.0, Sum: 16.4]
      [Termination (ms): Min: 0.0, Avg: 0.0, Max: 0.0, Diff: 0.0, Sum: 0.0]
         [Termination Attempts: Min: 8, Avg: 9.8, Max: 13, Diff: 5, Sum: 78]
      [GC Worker Other (ms): Min: 0.0, Avg: 0.1, Max: 0.1, Diff: 0.1, Sum: 0.4]
      [GC Worker Total (ms): Min: 8.8, Avg: 8.9, Max: 9.0, Diff: 0.1, Sum: 71.3]
      [GC Worker End (ms): Min: 605692339.4, Avg: 605692339.4, Max: 605692339.4, Diff: 0.1]
   [Code Root Fixup: 0.0 ms]
   [Code Root Purge: 0.0 ms]
   [Clear CT: 0.7 ms]
   [Other: 3.9 ms]
      [Choose CSet: 0.0 ms]
      [Ref Proc: 3.1 ms]
      [Ref Enq: 0.1 ms]
      [Redirty Cards: 0.1 ms]
      [Humongous Register: 0.0 ms]
      [Humongous Reclaim: 0.0 ms]
      [Free CSet: 0.3 ms]
   [Eden: 7152.0M(7152.0M)->0.0B(7152.0M) Survivors: 16384.0K->16384.0K Heap: 10744.0M(14336.0M)->3589.8M(14336.0M)]
 [Times: user=0.07 sys=0.00, real=0.01 secs] 
2022-07-28T21:25:20.839-0700: 605692.344: [GC concurrent-root-region-scan-start]
2022-07-28T21:25:20.848-0700: 605692.353: [GC concurrent-root-region-scan-end, 0.0091992 secs]
2022-07-28T21:25:20.848-0700: 605692.353: [GC concurrent-mark-start]
2022-07-28T21:25:23.504-0700: 605695.009: [GC concurrent-mark-end, 2.6553549 secs]
2022-07-28T21:25:23.504-0700: 605695.009: [GC remark 2022-07-28T21:25:23.504-0700: 605695.009: [Finalize Marking, 0.0004117 secs] 2022-07-28T21:25:23.505-0700: 605695.010: [GC ref-proc, 0.0101079 secs] 2022-07-28T21:25:23.515-0700: 605695.020: [Unloading, 0.0275878 secs], 0.0439908 secs]
 [Times: user=0.26 sys=0.00, real=0.04 secs] 
2022-07-28T21:25:23.549-0700: 605695.053: [GC cleanup 3801M->3801M(14336M), 0.0086210 secs]
 [Times: user=0.06 sys=0.00, real=0.01 secs] 
2022-07-28T21:27:22.371-0700: 605813.875: [GC pause (G1 Evacuation Pause) (young), 0.0107146 secs]
   [Parallel Time: 5.5 ms, GC Workers: 8]
      [GC Worker Start (ms): Min: 605813875.4, Avg: 605813875.5, Max: 605813875.5, Diff: 0.1]
      [Ext Root Scanning (ms): Min: 1.2, Avg: 1.9, Max: 5.3, Diff: 4.2, Sum: 15.1]
      [Update RS (ms): Min: 0.0, Avg: 1.3, Max: 1.8, Diff: 1.8, Sum: 10.6]
         [Processed Buffers: Min: 0, Avg: 5.4, Max: 8, Diff: 8, Sum: 43]
      [Scan RS (ms): Min: 0.0, Avg: 0.0, Max: 0.1, Diff: 0.1, Sum: 0.4]
      [Code Root Scanning (ms): Min: 0.0, Avg: 0.0, Max: 0.0, Diff: 0.0, Sum: 0.0]
      [Object Copy (ms): Min: 0.0, Avg: 1.9, Max: 2.3, Diff: 2.3, Sum: 15.5]
      [Termination (ms): Min: 0.0, Avg: 0.1, Max: 0.2, Diff: 0.2, Sum: 1.2]
         [Termination Attempts: Min: 1, Avg: 15.5, Max: 22, Diff: 21, Sum: 124]
      [GC Worker Other (ms): Min: 0.0, Avg: 0.0, Max: 0.1, Diff: 0.1, Sum: 0.2]
      [GC Worker Total (ms): Min: 5.3, Avg: 5.4, Max: 5.4, Diff: 0.1, Sum: 42.9]
      [GC Worker End (ms): Min: 605813880.8, Avg: 605813880.8, Max: 605813880.9, Diff: 0.1]
   [Code Root Fixup: 0.0 ms]
   [Code Root Purge: 0.0 ms]
   [Clear CT: 0.6 ms]
   [Other: 4.5 ms]
      [Choose CSet: 0.0 ms]
      [Ref Proc: 3.5 ms]
      [Ref Enq: 0.3 ms]
      [Redirty Cards: 0.1 ms]
      [Humongous Register: 0.1 ms]
      [Humongous Reclaim: 0.0 ms]
      [Free CSet: 0.3 ms]
   [Eden: 7152.0M(7152.0M)->0.0B(5712.0M) Survivors: 16384.0K->16384.0K Heap: 10741.8M(14336.0M)->3591.3M(14336.0M)]
 [Times: user=0.06 sys=0.00, real=0.01 secs] 
2022-07-28T21:28:56.117-0700: 605907.621: [GC pause (G1 Evacuation Pause) (mixed), 0.0110638 secs]
   [Parallel Time: 8.3 ms, GC Workers: 8]
      [GC Worker Start (ms): Min: 605907621.5, Avg: 605907621.6, Max: 605907621.6, Diff: 0.1]
      [Ext Root Scanning (ms): Min: 1.2, Avg: 2.0, Max: 6.3, Diff: 5.2, Sum: 16.3]
      [Update RS (ms): Min: 0.0, Avg: 1.3, Max: 1.7, Diff: 1.7, Sum: 10.2]
         [Processed Buffers: Min: 0, Avg: 5.1, Max: 9, Diff: 9, Sum: 41]
      [Scan RS (ms): Min: 0.0, Avg: 0.6, Max: 0.8, Diff: 0.7, Sum: 4.7]
      [Code Root Scanning (ms): Min: 0.0, Avg: 0.0, Max: 0.0, Diff: 0.0, Sum: 0.0]
      [Object Copy (ms): Min: 1.7, Avg: 4.1, Max: 4.6, Diff: 2.9, Sum: 33.2]
      [Termination (ms): Min: 0.0, Avg: 0.0, Max: 0.0, Diff: 0.0, Sum: 0.1]
         [Termination Attempts: Min: 15, Avg: 23.8, Max: 33, Diff: 18, Sum: 190]
      [GC Worker Other (ms): Min: 0.0, Avg: 0.1, Max: 0.1, Diff: 0.1, Sum: 0.5]
      [GC Worker Total (ms): Min: 8.1, Avg: 8.1, Max: 8.2, Diff: 0.2, Sum: 65.0]
      [GC Worker End (ms): Min: 605907629.6, Avg: 605907629.7, Max: 605907629.7, Diff: 0.1]
   [Code Root Fixup: 0.0 ms]
   [Code Root Purge: 0.0 ms]
   [Clear CT: 0.7 ms]
   [Other: 2.0 ms]
      [Choose CSet: 0.0 ms]
      [Ref Proc: 1.4 ms]
      [Ref Enq: 0.1 ms]
      [Redirty Cards: 0.1 ms]
      [Humongous Register: 0.0 ms]
      [Humongous Reclaim: 0.0 ms]
      [Free CSet: 0.2 ms]
   [Eden: 5712.0M(5712.0M)->0.0B(7152.0M) Survivors: 16384.0K->16384.0K Heap: 9303.3M(14336.0M)->3585.8M(14336.0M)]
 [Times: user=0.07 sys=0.00, real=0.01 secs] 
2022-07-28T21:30:57.364-0700: 606028.869: [GC pause (G1 Evacuation Pause) (young), 0.0122293 secs]
   [Parallel Time: 8.8 ms, GC Workers: 8]
      [GC Worker Start (ms): Min: 606028868.7, Avg: 606028868.7, Max: 606028868.8, Diff: 0.1]
      [Ext Root Scanning (ms): Min: 1.4, Avg: 2.1, Max: 5.6, Diff: 4.2, Sum: 17.1]
      [Update RS (ms): Min: 1.3, Avg: 4.3, Max: 5.0, Diff: 3.8, Sum: 34.5]
         [Processed Buffers: Min: 6, Avg: 10.2, Max: 16, Diff: 10, Sum: 82]
      [Scan RS (ms): Min: 0.0, Avg: 0.0, Max: 0.1, Diff: 0.1, Sum: 0.4]
      [Code Root Scanning (ms): Min: 0.0, Avg: 0.0, Max: 0.0, Diff: 0.0, Sum: 0.0]
      [Object Copy (ms): Min: 1.6, Avg: 1.9, Max: 2.1, Diff: 0.5, Sum: 15.3]
      [Termination (ms): Min: 0.0, Avg: 0.0, Max: 0.0, Diff: 0.0, Sum: 0.0]
         [Termination Attempts: Min: 1, Avg: 2.8, Max: 5, Diff: 4, Sum: 22]
      [GC Worker Other (ms): Min: 0.0, Avg: 0.1, Max: 0.1, Diff: 0.1, Sum: 0.5]
      [GC Worker Total (ms): Min: 8.4, Avg: 8.5, Max: 8.6, Diff: 0.2, Sum: 67.9]
      [GC Worker End (ms): Min: 606028877.2, Avg: 606028877.2, Max: 606028877.3, Diff: 0.1]
   [Code Root Fixup: 0.0 ms]
   [Code Root Purge: 0.0 ms]
   [Clear CT: 0.8 ms]
   [Other: 2.7 ms]
      [Choose CSet: 0.0 ms]
      [Ref Proc: 2.0 ms]
      [Ref Enq: 0.1 ms]
      [Redirty Cards: 0.1 ms]
      [Humongous Register: 0.1 ms]
      [Humongous Reclaim: 0.0 ms]
      [Free CSet: 0.3 ms]
   [Eden: 7152.0M(7152.0M)->0.0B(7152.0M) Survivors: 16384.0K->16384.0K Heap: 10737.8M(14336.0M)->3587.9M(14336.0M)]
 [Times: user=0.08 sys=0.00, real=0.01 secs] 
2022-07-28T21:32:57.863-0700: 606149.368: [GC pause (G1 Evacuation Pause) (young) (initial-mark), 0.0168615 secs]
   [Parallel Time: 12.4 ms, GC Workers: 8]
      [GC Worker Start (ms): Min: 606149370.1, Avg: 606149370.2, Max: 606149370.2, Diff: 0.1]
      [Ext Root Scanning (ms): Min: 5.4, Avg: 5.8, Max: 6.4, Diff: 1.0, Sum: 46.5]
      [Update RS (ms): Min: 1.5, Avg: 1.6, Max: 2.0, Diff: 0.5, Sum: 12.7]
         [Processed Buffers: Min: 3, Avg: 5.9, Max: 16, Diff: 13, Sum: 47]
      [Scan RS (ms): Min: 0.0, Avg: 0.1, Max: 0.1, Diff: 0.1, Sum: 0.4]
      [Code Root Scanning (ms): Min: 0.0, Avg: 0.0, Max: 0.0, Diff: 0.0, Sum: 0.0]
      [Object Copy (ms): Min: 1.9, Avg: 2.5, Max: 3.0, Diff: 1.1, Sum: 20.0]
      [Termination (ms): Min: 0.0, Avg: 0.0, Max: 0.0, Diff: 0.0, Sum: 0.1]
         [Termination Attempts: Min: 12, Avg: 16.6, Max: 21, Diff: 9, Sum: 133]
      [GC Worker Other (ms): Min: 0.0, Avg: 0.1, Max: 0.2, Diff: 0.2, Sum: 0.6]
      [GC Worker Total (ms): Min: 9.9, Avg: 10.0, Max: 10.1, Diff: 0.2, Sum: 80.3]
      [GC Worker End (ms): Min: 606149380.2, Avg: 606149380.2, Max: 606149380.4, Diff: 0.2]
   [Code Root Fixup: 0.0 ms]
   [Code Root Purge: 0.0 ms]
   [Clear CT: 0.8 ms]
   [Other: 3.7 ms]
      [Choose CSet: 0.0 ms]
      [Ref Proc: 3.0 ms]
      [Ref Enq: 0.1 ms]
      [Redirty Cards: 0.1 ms]
      [Humongous Register: 0.0 ms]
      [Humongous Reclaim: 0.0 ms]
      [Free CSet: 0.3 ms]
   [Eden: 7152.0M(7152.0M)->0.0B(7152.0M) Survivors: 16384.0K->16384.0K Heap: 10739.9M(14336.0M)->3593.3M(14336.0M)]
 [Times: user=0.08 sys=0.00, real=0.01 secs] 
2022-07-28T21:32:57.880-0700: 606149.385: [GC concurrent-root-region-scan-start]
2022-07-28T21:32:57.893-0700: 606149.398: [GC concurrent-root-region-scan-end, 0.0130203 secs]
2022-07-28T21:32:57.893-0700: 606149.398: [GC concurrent-mark-start]
2022-07-28T21:33:00.597-0700: 606152.102: [GC concurrent-mark-end, 2.7038757 secs]
2022-07-28T21:33:00.598-0700: 606152.102: [GC remark 2022-07-28T21:33:00.598-0700: 606152.102: [Finalize Marking, 0.0004998 secs] 2022-07-28T21:33:00.598-0700: 606152.103: [GC ref-proc, 0.0091637 secs] 2022-07-28T21:33:00.607-0700: 606152.112: [Unloading, 0.0276016 secs], 0.0432573 secs]
 [Times: user=0.26 sys=0.00, real=0.04 secs] 
2022-07-28T21:33:00.641-0700: 606152.146: [GC cleanup 3817M->3817M(14336M), 0.0091334 secs]
 [Times: user=0.06 sys=0.00, real=0.01 secs] 
2022-07-28T21:34:59.827-0700: 606271.332: [GC pause (G1 Evacuation Pause) (young), 0.0109947 secs]
   [Parallel Time: 5.8 ms, GC Workers: 8]
      [GC Worker Start (ms): Min: 606271332.2, Avg: 606271332.3, Max: 606271332.4, Diff: 0.2]
      [Ext Root Scanning (ms): Min: 1.1, Avg: 1.9, Max: 5.4, Diff: 4.3, Sum: 15.1]
      [Update RS (ms): Min: 0.0, Avg: 1.4, Max: 1.8, Diff: 1.8, Sum: 10.8]
         [Processed Buffers: Min: 0, Avg: 5.0, Max: 8, Diff: 8, Sum: 40]
      [Scan RS (ms): Min: 0.0, Avg: 0.1, Max: 0.1, Diff: 0.1, Sum: 0.4]
      [Code Root Scanning (ms): Min: 0.0, Avg: 0.0, Max: 0.0, Diff: 0.0, Sum: 0.0]
      [Object Copy (ms): Min: 0.0, Avg: 2.0, Max: 2.4, Diff: 2.4, Sum: 15.8]
      [Termination (ms): Min: 0.0, Avg: 0.1, Max: 0.1, Diff: 0.1, Sum: 0.9]
         [Termination Attempts: Min: 1, Avg: 7.9, Max: 13, Diff: 12, Sum: 63]
      [GC Worker Other (ms): Min: 0.0, Avg: 0.0, Max: 0.1, Diff: 0.0, Sum: 0.2]
      [GC Worker Total (ms): Min: 5.3, Avg: 5.4, Max: 5.5, Diff: 0.2, Sum: 43.2]
      [GC Worker End (ms): Min: 606271337.7, Avg: 606271337.8, Max: 606271337.8, Diff: 0.1]
   [Code Root Fixup: 0.0 ms]
   [Code Root Purge: 0.0 ms]
   [Clear CT: 0.7 ms]
   [Other: 4.6 ms]
      [Choose CSet: 0.0 ms]
      [Ref Proc: 3.8 ms]
      [Ref Enq: 0.2 ms]
      [Redirty Cards: 0.1 ms]
      [Humongous Register: 0.1 ms]
      [Humongous Reclaim: 0.0 ms]
      [Free CSet: 0.3 ms]
   [Eden: 7152.0M(7152.0M)->0.0B(5712.0M) Survivors: 16384.0K->16384.0K Heap: 10745.3M(14336.0M)->3590.7M(14336.0M)]
 [Times: user=0.05 sys=0.01, real=0.01 secs] 
2022-07-28T21:36:35.970-0700: 606367.474: [GC pause (G1 Evacuation Pause) (mixed), 0.0139682 secs]
   [Parallel Time: 9.1 ms, GC Workers: 8]
      [GC Worker Start (ms): Min: 606367474.5, Avg: 606367474.6, Max: 606367474.6, Diff: 0.1]
      [Ext Root Scanning (ms): Min: 1.2, Avg: 2.2, Max: 7.0, Diff: 5.8, Sum: 17.5]
      [Update RS (ms): Min: 0.0, Avg: 1.5, Max: 2.0, Diff: 2.0, Sum: 12.0]
         [Processed Buffers: Min: 0, Avg: 5.5, Max: 12, Diff: 12, Sum: 44]
      [Scan RS (ms): Min: 0.0, Avg: 0.7, Max: 1.0, Diff: 1.0, Sum: 5.6]
      [Code Root Scanning (ms): Min: 0.0, Avg: 0.0, Max: 0.0, Diff: 0.0, Sum: 0.0]
      [Object Copy (ms): Min: 1.6, Avg: 4.3, Max: 4.7, Diff: 3.1, Sum: 34.1]
      [Termination (ms): Min: 0.0, Avg: 0.0, Max: 0.0, Diff: 0.0, Sum: 0.0]
         [Termination Attempts: Min: 1, Avg: 1.0, Max: 1, Diff: 0, Sum: 8]
      [GC Worker Other (ms): Min: 0.0, Avg: 0.1, Max: 0.1, Diff: 0.1, Sum: 0.4]
      [GC Worker Total (ms): Min: 8.6, Avg: 8.7, Max: 8.8, Diff: 0.2, Sum: 69.7]
      [GC Worker End (ms): Min: 606367483.3, Avg: 606367483.3, Max: 606367483.3, Diff: 0.1]
   [Code Root Fixup: 0.0 ms]
   [Code Root Purge: 0.0 ms]
   [Clear CT: 0.8 ms]
   [Other: 4.0 ms]
      [Choose CSet: 0.0 ms]
      [Ref Proc: 3.4 ms]
      [Ref Enq: 0.1 ms]
      [Redirty Cards: 0.1 ms]
      [Humongous Register: 0.1 ms]
      [Humongous Reclaim: 0.0 ms]
      [Free CSet: 0.2 ms]
   [Eden: 5712.0M(5712.0M)->0.0B(7152.0M) Survivors: 16384.0K->16384.0K Heap: 9302.7M(14336.0M)->3582.6M(14336.0M)]
 [Times: user=0.08 sys=0.00, real=0.02 secs] 
2022-07-28T21:38:37.713-0700: 606489.218: [GC pause (G1 Evacuation Pause) (young), 0.0115597 secs]
   [Parallel Time: 8.8 ms, GC Workers: 8]
      [GC Worker Start (ms): Min: 606489218.4, Avg: 606489218.4, Max: 606489218.5, Diff: 0.1]
      [Ext Root Scanning (ms): Min: 1.5, Avg: 2.3, Max: 6.2, Diff: 4.7, Sum: 18.4]
      [Update RS (ms): Min: 0.8, Avg: 4.1, Max: 4.8, Diff: 4.0, Sum: 32.8]
         [Processed Buffers: Min: 5, Avg: 10.9, Max: 18, Diff: 13, Sum: 87]
      [Scan RS (ms): Min: 0.0, Avg: 0.0, Max: 0.1, Diff: 0.1, Sum: 0.4]
      [Code Root Scanning (ms): Min: 0.0, Avg: 0.0, Max: 0.0, Diff: 0.0, Sum: 0.0]
      [Object Copy (ms): Min: 1.7, Avg: 2.2, Max: 2.4, Diff: 0.7, Sum: 17.4]
      [Termination (ms): Min: 0.0, Avg: 0.0, Max: 0.0, Diff: 0.0, Sum: 0.0]
         [Termination Attempts: Min: 1, Avg: 1.4, Max: 3, Diff: 2, Sum: 11]
      [GC Worker Other (ms): Min: 0.0, Avg: 0.1, Max: 0.1, Diff: 0.1, Sum: 0.5]
      [GC Worker Total (ms): Min: 8.6, Avg: 8.7, Max: 8.8, Diff: 0.1, Sum: 69.6]
      [GC Worker End (ms): Min: 606489227.1, Avg: 606489227.1, Max: 606489227.1, Diff: 0.1]
   [Code Root Fixup: 0.0 ms]
   [Code Root Purge: 0.0 ms]
   [Clear CT: 0.7 ms]
   [Other: 2.0 ms]
      [Choose CSet: 0.0 ms]
      [Ref Proc: 1.4 ms]
      [Ref Enq: 0.1 ms]
      [Redirty Cards: 0.1 ms]
      [Humongous Register: 0.1 ms]
      [Humongous Reclaim: 0.0 ms]
      [Free CSet: 0.3 ms]
   [Eden: 7152.0M(7152.0M)->0.0B(7152.0M) Survivors: 16384.0K->16384.0K Heap: 10734.6M(14336.0M)->3592.3M(14336.0M)]
 [Times: user=0.08 sys=0.00, real=0.02 secs] 
2022-07-28T21:40:40.572-0700: 606612.077: [GC pause (G1 Evacuation Pause) (young) (initial-mark), 0.0167893 secs]
   [Parallel Time: 12.1 ms, GC Workers: 8]
      [GC Worker Start (ms): Min: 606612079.0, Avg: 606612079.1, Max: 606612079.1, Diff: 0.1]
      [Ext Root Scanning (ms): Min: 5.3, Avg: 5.7, Max: 6.1, Diff: 0.8, Sum: 45.4]
      [Update RS (ms): Min: 1.2, Avg: 1.4, Max: 1.7, Diff: 0.5, Sum: 11.4]
         [Processed Buffers: Min: 3, Avg: 5.4, Max: 11, Diff: 8, Sum: 43]
      [Scan RS (ms): Min: 0.0, Avg: 0.1, Max: 0.1, Diff: 0.1, Sum: 0.5]
      [Code Root Scanning (ms): Min: 0.0, Avg: 0.0, Max: 0.0, Diff: 0.0, Sum: 0.0]
      [Object Copy (ms): Min: 1.7, Avg: 2.3, Max: 2.7, Diff: 1.0, Sum: 18.5]
      [Termination (ms): Min: 0.0, Avg: 0.0, Max: 0.0, Diff: 0.0, Sum: 0.0]
         [Termination Attempts: Min: 1, Avg: 2.8, Max: 5, Diff: 4, Sum: 22]
      [GC Worker Other (ms): Min: 0.0, Avg: 0.1, Max: 0.3, Diff: 0.2, Sum: 0.9]
      [GC Worker Total (ms): Min: 9.5, Avg: 9.6, Max: 9.7, Diff: 0.2, Sum: 76.6]
      [GC Worker End (ms): Min: 606612088.5, Avg: 606612088.6, Max: 606612088.8, Diff: 0.2]
   [Code Root Fixup: 0.0 ms]
   [Code Root Purge: 0.0 ms]
   [Clear CT: 0.8 ms]
   [Other: 3.9 ms]
      [Choose CSet: 0.0 ms]
      [Ref Proc: 3.2 ms]
      [Ref Enq: 0.1 ms]
      [Redirty Cards: 0.1 ms]
      [Humongous Register: 0.0 ms]
      [Humongous Reclaim: 0.0 ms]
      [Free CSet: 0.3 ms]
   [Eden: 7152.0M(7152.0M)->0.0B(7152.0M) Survivors: 16384.0K->16384.0K Heap: 10744.3M(14336.0M)->3590.3M(14336.0M)]
 [Times: user=0.08 sys=0.00, real=0.02 secs] 
2022-07-28T21:40:40.589-0700: 606612.094: [GC concurrent-root-region-scan-start]
2022-07-28T21:40:40.598-0700: 606612.103: [GC concurrent-root-region-scan-end, 0.0088494 secs]
2022-07-28T21:40:40.598-0700: 606612.103: [GC concurrent-mark-start]
2022-07-28T21:40:43.238-0700: 606614.743: [GC concurrent-mark-end, 2.6401850 secs]
2022-07-28T21:40:43.239-0700: 606614.743: [GC remark 2022-07-28T21:40:43.239-0700: 606614.743: [Finalize Marking, 0.0002900 secs] 2022-07-28T21:40:43.239-0700: 606614.744: [GC ref-proc, 0.0108803 secs] 2022-07-28T21:40:43.250-0700: 606614.755: [Unloading, 0.0276437 secs], 0.0447623 secs]
 [Times: user=0.26 sys=0.00, real=0.05 secs] 
2022-07-28T21:40:43.284-0700: 606614.788: [GC cleanup 3778M->3778M(14336M), 0.0087732 secs]
 [Times: user=0.07 sys=0.00, real=0.00 secs] 
2022-07-28T21:42:43.824-0700: 606735.329: [GC pause (G1 Evacuation Pause) (young), 0.0090906 secs]
   [Parallel Time: 5.8 ms, GC Workers: 8]
      [GC Worker Start (ms): Min: 606735328.7, Avg: 606735328.8, Max: 606735328.9, Diff: 0.2]
      [Ext Root Scanning (ms): Min: 1.3, Avg: 2.1, Max: 4.9, Diff: 3.5, Sum: 17.0]
      [Update RS (ms): Min: 0.0, Avg: 1.5, Max: 2.2, Diff: 2.2, Sum: 11.9]
         [Processed Buffers: Min: 0, Avg: 5.6, Max: 10, Diff: 10, Sum: 45]
      [Scan RS (ms): Min: 0.0, Avg: 0.0, Max: 0.1, Diff: 0.1, Sum: 0.4]
      [Code Root Scanning (ms): Min: 0.0, Avg: 0.0, Max: 0.0, Diff: 0.0, Sum: 0.0]
      [Object Copy (ms): Min: 0.7, Avg: 1.8, Max: 2.2, Diff: 1.5, Sum: 14.5]
      [Termination (ms): Min: 0.0, Avg: 0.0, Max: 0.0, Diff: 0.0, Sum: 0.1]
         [Termination Attempts: Min: 14, Avg: 18.5, Max: 22, Diff: 8, Sum: 148]
      [GC Worker Other (ms): Min: 0.0, Avg: 0.1, Max: 0.1, Diff: 0.1, Sum: 0.4]
      [GC Worker Total (ms): Min: 5.4, Avg: 5.5, Max: 5.7, Diff: 0.2, Sum: 44.3]
      [GC Worker End (ms): Min: 606735334.3, Avg: 606735334.4, Max: 606735334.4, Diff: 0.1]
   [Code Root Fixup: 0.0 ms]
   [Code Root Purge: 0.0 ms]
   [Clear CT: 0.7 ms]
   [Other: 2.6 ms]
      [Choose CSet: 0.0 ms]
      [Ref Proc: 1.9 ms]
      [Ref Enq: 0.1 ms]
      [Redirty Cards: 0.1 ms]
      [Humongous Register: 0.1 ms]
      [Humongous Reclaim: 0.0 ms]
      [Free CSet: 0.3 ms]
   [Eden: 7152.0M(7152.0M)->0.0B(5712.0M) Survivors: 16384.0K->16384.0K Heap: 10742.3M(14336.0M)->3592.4M(14336.0M)]
 [Times: user=0.05 sys=0.00, real=0.00 secs] 
2022-07-28T21:44:21.770-0700: 606833.274: [GC pause (G1 Evacuation Pause) (mixed), 0.0186245 secs]
   [Parallel Time: 15.3 ms, GC Workers: 8]
      [GC Worker Start (ms): Min: 606833274.6, Avg: 606833274.7, Max: 606833274.8, Diff: 0.2]
      [Ext Root Scanning (ms): Min: 1.3, Avg: 2.2, Max: 6.8, Diff: 5.5, Sum: 17.8]
      [Update RS (ms): Min: 0.0, Avg: 1.3, Max: 1.8, Diff: 1.8, Sum: 10.0]
         [Processed Buffers: Min: 0, Avg: 4.9, Max: 12, Diff: 12, Sum: 39]
      [Scan RS (ms): Min: 0.0, Avg: 0.7, Max: 0.9, Diff: 0.8, Sum: 5.6]
      [Code Root Scanning (ms): Min: 0.0, Avg: 0.0, Max: 0.0, Diff: 0.0, Sum: 0.0]
      [Object Copy (ms): Min: 2.1, Avg: 5.4, Max: 10.8, Diff: 8.8, Sum: 43.2]
      [Termination (ms): Min: 0.0, Avg: 5.5, Max: 6.3, Diff: 6.3, Sum: 43.8]
         [Termination Attempts: Min: 1, Avg: 3.1, Max: 7, Diff: 6, Sum: 25]
      [GC Worker Other (ms): Min: 0.0, Avg: 0.0, Max: 0.0, Diff: 0.0, Sum: 0.1]
      [GC Worker Total (ms): Min: 15.0, Avg: 15.1, Max: 15.2, Diff: 0.2, Sum: 120.6]
      [GC Worker End (ms): Min: 606833289.8, Avg: 606833289.8, Max: 606833289.8, Diff: 0.0]
   [Code Root Fixup: 0.0 ms]
   [Code Root Purge: 0.0 ms]
   [Clear CT: 0.6 ms]
   [Other: 2.6 ms]
      [Choose CSet: 0.0 ms]
      [Ref Proc: 2.0 ms]
      [Ref Enq: 0.1 ms]
      [Redirty Cards: 0.0 ms]
      [Humongous Register: 0.1 ms]
      [Humongous Reclaim: 0.0 ms]
      [Free CSet: 0.2 ms]
   [Eden: 5712.0M(5712.0M)->0.0B(7152.0M) Survivors: 16384.0K->16384.0K Heap: 9304.4M(14336.0M)->3587.4M(14336.0M)]
 [Times: user=0.12 sys=0.00, real=0.02 secs] 
2022-07-28T21:46:25.374-0700: 606956.879: [GC pause (G1 Evacuation Pause) (young), 0.0126683 secs]
   [Parallel Time: 7.7 ms, GC Workers: 8]
      [GC Worker Start (ms): Min: 606956879.3, Avg: 606956879.4, Max: 606956879.6, Diff: 0.2]
      [Ext Root Scanning (ms): Min: 1.1, Avg: 2.0, Max: 6.7, Diff: 5.6, Sum: 16.2]
      [Update RS (ms): Min: 0.0, Avg: 3.0, Max: 3.8, Diff: 3.8, Sum: 24.0]
         [Processed Buffers: Min: 0, Avg: 10.0, Max: 14, Diff: 14, Sum: 80]
      [Scan RS (ms): Min: 0.0, Avg: 0.0, Max: 0.1, Diff: 0.1, Sum: 0.4]
      [Code Root Scanning (ms): Min: 0.0, Avg: 0.0, Max: 0.0, Diff: 0.0, Sum: 0.0]
      [Object Copy (ms): Min: 0.5, Avg: 2.0, Max: 2.3, Diff: 1.9, Sum: 15.9]
      [Termination (ms): Min: 0.0, Avg: 0.0, Max: 0.0, Diff: 0.0, Sum: 0.0]
         [Termination Attempts: Min: 1, Avg: 1.0, Max: 1, Diff: 0, Sum: 8]
      [GC Worker Other (ms): Min: 0.0, Avg: 0.1, Max: 0.1, Diff: 0.1, Sum: 0.6]
      [GC Worker Total (ms): Min: 7.0, Avg: 7.1, Max: 7.3, Diff: 0.2, Sum: 57.2]
      [GC Worker End (ms): Min: 606956886.5, Avg: 606956886.6, Max: 606956886.7, Diff: 0.1]
   [Code Root Fixup: 0.0 ms]
   [Code Root Purge: 0.0 ms]
   [Clear CT: 0.8 ms]
   [Other: 4.2 ms]
      [Choose CSet: 0.0 ms]
      [Ref Proc: 3.6 ms]
      [Ref Enq: 0.1 ms]
      [Redirty Cards: 0.1 ms]
      [Humongous Register: 0.1 ms]
      [Humongous Reclaim: 0.0 ms]
      [Free CSet: 0.3 ms]
   [Eden: 7152.0M(7152.0M)->0.0B(7152.0M) Survivors: 16384.0K->16384.0K Heap: 10739.4M(14336.0M)->3589.3M(14336.0M)]
 [Times: user=0.06 sys=0.01, real=0.02 secs] 
2022-07-28T21:48:25.877-0700: 607077.382: [GC pause (G1 Evacuation Pause) (young) (initial-mark), 0.0168512 secs]
   [Parallel Time: 12.2 ms, GC Workers: 8]
      [GC Worker Start (ms): Min: 607077383.8, Avg: 607077383.8, Max: 607077383.9, Diff: 0.1]
      [Ext Root Scanning (ms): Min: 4.9, Avg: 5.2, Max: 5.7, Diff: 0.7, Sum: 41.9]
      [Update RS (ms): Min: 1.6, Avg: 1.8, Max: 2.2, Diff: 0.6, Sum: 14.2]
         [Processed Buffers: Min: 2, Avg: 6.6, Max: 12, Diff: 10, Sum: 53]
      [Scan RS (ms): Min: 0.0, Avg: 0.1, Max: 0.1, Diff: 0.1, Sum: 0.4]
      [Code Root Scanning (ms): Min: 0.0, Avg: 0.0, Max: 0.0, Diff: 0.0, Sum: 0.0]
      [Object Copy (ms): Min: 2.0, Avg: 2.6, Max: 3.0, Diff: 1.0, Sum: 20.5]
      [Termination (ms): Min: 0.0, Avg: 0.0, Max: 0.0, Diff: 0.0, Sum: 0.0]
         [Termination Attempts: Min: 1, Avg: 3.5, Max: 5, Diff: 4, Sum: 28]
      [GC Worker Other (ms): Min: 0.0, Avg: 0.1, Max: 0.1, Diff: 0.1, Sum: 0.4]
      [GC Worker Total (ms): Min: 9.6, Avg: 9.7, Max: 9.7, Diff: 0.1, Sum: 77.5]
      [GC Worker End (ms): Min: 607077393.5, Avg: 607077393.5, Max: 607077393.6, Diff: 0.1]
   [Code Root Fixup: 0.0 ms]
   [Code Root Purge: 0.0 ms]
   [Clear CT: 0.7 ms]
   [Other: 3.9 ms]
      [Choose CSet: 0.0 ms]
      [Ref Proc: 3.2 ms]
      [Ref Enq: 0.1 ms]
      [Redirty Cards: 0.1 ms]
      [Humongous Register: 0.0 ms]
      [Humongous Reclaim: 0.0 ms]
      [Free CSet: 0.3 ms]
   [Eden: 7152.0M(7152.0M)->0.0B(7152.0M) Survivors: 16384.0K->16384.0K Heap: 10741.3M(14336.0M)->3594.5M(14336.0M)]
 [Times: user=0.08 sys=0.00, real=0.01 secs] 
2022-07-28T21:48:25.894-0700: 607077.399: [GC concurrent-root-region-scan-start]
2022-07-28T21:48:25.904-0700: 607077.409: [GC concurrent-root-region-scan-end, 0.0101012 secs]
2022-07-28T21:48:25.904-0700: 607077.409: [GC concurrent-mark-start]
2022-07-28T21:48:28.589-0700: 607080.093: [GC concurrent-mark-end, 2.6848046 secs]
2022-07-28T21:48:28.589-0700: 607080.094: [GC remark 2022-07-28T21:48:28.589-0700: 607080.094: [Finalize Marking, 0.0003426 secs] 2022-07-28T21:48:28.590-0700: 607080.094: [GC ref-proc, 0.0061349 secs] 2022-07-28T21:48:28.596-0700: 607080.100: [Unloading, 0.0279909 secs], 0.0403871 secs]
 [Times: user=0.26 sys=0.00, real=0.04 secs] 
2022-07-28T21:48:28.630-0700: 607080.135: [GC cleanup 3784M->3784M(14336M), 0.0084913 secs]
 [Times: user=0.06 sys=0.00, real=0.01 secs] 
2022-07-28T21:50:28.763-0700: 607200.267: [GC pause (G1 Evacuation Pause) (young), 0.0100563 secs]
   [Parallel Time: 7.1 ms, GC Workers: 8]
      [GC Worker Start (ms): Min: 607200267.6, Avg: 607200267.7, Max: 607200267.7, Diff: 0.1]
      [Ext Root Scanning (ms): Min: 1.5, Avg: 2.3, Max: 5.8, Diff: 4.3, Sum: 18.4]
      [Update RS (ms): Min: 0.0, Avg: 2.0, Max: 2.7, Diff: 2.7, Sum: 15.9]
         [Processed Buffers: Min: 0, Avg: 5.4, Max: 9, Diff: 9, Sum: 43]
      [Scan RS (ms): Min: 0.0, Avg: 0.1, Max: 0.1, Diff: 0.1, Sum: 0.5]
      [Code Root Scanning (ms): Min: 0.0, Avg: 0.0, Max: 0.0, Diff: 0.0, Sum: 0.0]
      [Object Copy (ms): Min: 1.1, Avg: 2.5, Max: 2.8, Diff: 1.8, Sum: 19.7]
      [Termination (ms): Min: 0.0, Avg: 0.0, Max: 0.0, Diff: 0.0, Sum: 0.0]
         [Termination Attempts: Min: 1, Avg: 1.1, Max: 2, Diff: 1, Sum: 9]
      [GC Worker Other (ms): Min: 0.0, Avg: 0.1, Max: 0.1, Diff: 0.1, Sum: 0.5]
      [GC Worker Total (ms): Min: 6.8, Avg: 6.9, Max: 6.9, Diff: 0.2, Sum: 55.1]
      [GC Worker End (ms): Min: 607200274.5, Avg: 607200274.5, Max: 607200274.6, Diff: 0.1]
   [Code Root Fixup: 0.0 ms]
   [Code Root Purge: 0.0 ms]
   [Clear CT: 0.7 ms]
   [Other: 2.2 ms]
      [Choose CSet: 0.0 ms]
      [Ref Proc: 1.6 ms]
      [Ref Enq: 0.1 ms]
      [Redirty Cards: 0.1 ms]
      [Humongous Register: 0.1 ms]
      [Humongous Reclaim: 0.0 ms]
      [Free CSet: 0.3 ms]
   [Eden: 7152.0M(7152.0M)->0.0B(5712.0M) Survivors: 16384.0K->16384.0K Heap: 10746.5M(14336.0M)->3591.5M(14336.0M)]
 [Times: user=0.06 sys=0.01, real=0.00 secs] 
2022-07-28T21:52:05.720-0700: 607297.225: [GC pause (G1 Evacuation Pause) (mixed), 0.0133768 secs]
   [Parallel Time: 8.6 ms, GC Workers: 8]
      [GC Worker Start (ms): Min: 607297225.0, Avg: 607297225.1, Max: 607297225.2, Diff: 0.1]
      [Ext Root Scanning (ms): Min: 1.3, Avg: 2.1, Max: 6.4, Diff: 5.1, Sum: 16.9]
      [Update RS (ms): Min: 0.0, Avg: 1.5, Max: 2.2, Diff: 2.2, Sum: 12.3]
         [Processed Buffers: Min: 0, Avg: 5.9, Max: 12, Diff: 12, Sum: 47]
      [Scan RS (ms): Min: 0.0, Avg: 0.6, Max: 0.9, Diff: 0.8, Sum: 5.1]
      [Code Root Scanning (ms): Min: 0.0, Avg: 0.0, Max: 0.0, Diff: 0.0, Sum: 0.0]
      [Object Copy (ms): Min: 2.0, Avg: 4.1, Max: 4.5, Diff: 2.5, Sum: 32.7]
      [Termination (ms): Min: 0.0, Avg: 0.0, Max: 0.0, Diff: 0.0, Sum: 0.0]
         [Termination Attempts: Min: 3, Avg: 8.8, Max: 13, Diff: 10, Sum: 70]
      [GC Worker Other (ms): Min: 0.0, Avg: 0.1, Max: 0.1, Diff: 0.1, Sum: 0.5]
      [GC Worker Total (ms): Min: 8.3, Avg: 8.4, Max: 8.5, Diff: 0.2, Sum: 67.4]
      [GC Worker End (ms): Min: 607297233.5, Avg: 607297233.5, Max: 607297233.6, Diff: 0.1]
   [Code Root Fixup: 0.0 ms]
   [Code Root Purge: 0.0 ms]
   [Clear CT: 0.7 ms]
   [Other: 4.0 ms]
      [Choose CSet: 0.0 ms]
      [Ref Proc: 3.4 ms]
      [Ref Enq: 0.1 ms]
      [Redirty Cards: 0.0 ms]
      [Humongous Register: 0.1 ms]
      [Humongous Reclaim: 0.0 ms]
      [Free CSet: 0.2 ms]
   [Eden: 5712.0M(5712.0M)->0.0B(7152.0M) Survivors: 16384.0K->16384.0K Heap: 9303.5M(14336.0M)->3583.7M(14336.0M)]
 [Times: user=0.08 sys=0.00, real=0.01 secs] 
2022-07-28T21:54:06.362-0700: 607417.867: [GC pause (G1 Evacuation Pause) (young), 0.0121694 secs]
   [Parallel Time: 9.4 ms, GC Workers: 8]
      [GC Worker Start (ms): Min: 607417866.9, Avg: 607417867.0, Max: 607417867.0, Diff: 0.1]
      [Ext Root Scanning (ms): Min: 1.5, Avg: 2.2, Max: 5.7, Diff: 4.2, Sum: 17.8]
      [Update RS (ms): Min: 1.7, Avg: 4.5, Max: 5.2, Diff: 3.4, Sum: 35.7]
         [Processed Buffers: Min: 4, Avg: 10.9, Max: 17, Diff: 13, Sum: 87]
      [Scan RS (ms): Min: 0.0, Avg: 0.1, Max: 0.1, Diff: 0.1, Sum: 0.4]
      [Code Root Scanning (ms): Min: 0.0, Avg: 0.0, Max: 0.0, Diff: 0.0, Sum: 0.0]
      [Object Copy (ms): Min: 1.7, Avg: 2.4, Max: 2.6, Diff: 0.9, Sum: 19.3]
      [Termination (ms): Min: 0.0, Avg: 0.0, Max: 0.0, Diff: 0.0, Sum: 0.1]
         [Termination Attempts: Min: 12, Avg: 16.8, Max: 22, Diff: 10, Sum: 134]
      [GC Worker Other (ms): Min: 0.0, Avg: 0.1, Max: 0.1, Diff: 0.1, Sum: 0.5]
      [GC Worker Total (ms): Min: 9.2, Avg: 9.2, Max: 9.3, Diff: 0.1, Sum: 73.8]
      [GC Worker End (ms): Min: 607417876.1, Avg: 607417876.2, Max: 607417876.2, Diff: 0.1]
   [Code Root Fixup: 0.0 ms]
   [Code Root Purge: 0.0 ms]
   [Clear CT: 0.7 ms]
   [Other: 2.1 ms]
      [Choose CSet: 0.0 ms]
      [Ref Proc: 1.4 ms]
      [Ref Enq: 0.1 ms]
      [Redirty Cards: 0.1 ms]
      [Humongous Register: 0.1 ms]
      [Humongous Reclaim: 0.0 ms]
      [Free CSet: 0.3 ms]
   [Eden: 7152.0M(7152.0M)->0.0B(7152.0M) Survivors: 16384.0K->16384.0K Heap: 10735.7M(14336.0M)->3592.1M(14336.0M)]
 [Times: user=0.08 sys=0.00, real=0.01 secs] 
2022-07-28T21:56:08.834-0700: 607540.339: [GC pause (G1 Evacuation Pause) (young) (initial-mark), 0.0170122 secs]
   [Parallel Time: 11.8 ms, GC Workers: 8]
      [GC Worker Start (ms): Min: 607540341.4, Avg: 607540341.5, Max: 607540341.5, Diff: 0.2]
      [Ext Root Scanning (ms): Min: 5.1, Avg: 5.5, Max: 6.0, Diff: 0.9, Sum: 43.7]
      [Update RS (ms): Min: 1.2, Avg: 1.3, Max: 1.6, Diff: 0.5, Sum: 10.6]
         [Processed Buffers: Min: 3, Avg: 5.0, Max: 10, Diff: 7, Sum: 40]
      [Scan RS (ms): Min: 0.0, Avg: 0.1, Max: 0.1, Diff: 0.1, Sum: 0.4]
      [Code Root Scanning (ms): Min: 0.0, Avg: 0.0, Max: 0.0, Diff: 0.0, Sum: 0.0]
      [Object Copy (ms): Min: 1.6, Avg: 2.3, Max: 2.7, Diff: 1.2, Sum: 18.5]
      [Termination (ms): Min: 0.0, Avg: 0.0, Max: 0.0, Diff: 0.0, Sum: 0.0]
         [Termination Attempts: Min: 5, Avg: 9.9, Max: 14, Diff: 9, Sum: 79]
      [GC Worker Other (ms): Min: 0.0, Avg: 0.1, Max: 0.1, Diff: 0.1, Sum: 0.5]
      [GC Worker Total (ms): Min: 9.1, Avg: 9.2, Max: 9.3, Diff: 0.2, Sum: 73.9]
      [GC Worker End (ms): Min: 607540350.7, Avg: 607540350.7, Max: 607540350.8, Diff: 0.1]
   [Code Root Fixup: 0.0 ms]
   [Code Root Purge: 0.0 ms]
   [Clear CT: 0.8 ms]
   [Other: 4.4 ms]
      [Choose CSet: 0.0 ms]
      [Ref Proc: 3.7 ms]
      [Ref Enq: 0.1 ms]
      [Redirty Cards: 0.1 ms]
      [Humongous Register: 0.0 ms]
      [Humongous Reclaim: 0.0 ms]
      [Free CSet: 0.3 ms]
   [Eden: 7152.0M(7152.0M)->0.0B(7152.0M) Survivors: 16384.0K->16384.0K Heap: 10744.1M(14336.0M)->3590.0M(14336.0M)]
 [Times: user=0.09 sys=0.00, real=0.02 secs] 
2022-07-28T21:56:08.852-0700: 607540.356: [GC concurrent-root-region-scan-start]
2022-07-28T21:56:08.860-0700: 607540.365: [GC concurrent-root-region-scan-end, 0.0088403 secs]
2022-07-28T21:56:08.860-0700: 607540.365: [GC concurrent-mark-start]
2022-07-28T21:56:11.560-0700: 607543.065: [GC concurrent-mark-end, 2.6996170 secs]
2022-07-28T21:56:11.560-0700: 607543.065: [GC remark 2022-07-28T21:56:11.560-0700: 607543.065: [Finalize Marking, 0.0002163 secs] 2022-07-28T21:56:11.561-0700: 607543.065: [GC ref-proc, 0.0066375 secs] 2022-07-28T21:56:11.567-0700: 607543.072: [Unloading, 0.0275716 secs], 0.0402106 secs]
 [Times: user=0.26 sys=0.00, real=0.04 secs] 
2022-07-28T21:56:11.601-0700: 607543.106: [GC cleanup 3798M->3798M(14336M), 0.0087667 secs]
 [Times: user=0.06 sys=0.00, real=0.01 secs] 
2022-07-28T21:58:12.473-0700: 607663.978: [GC pause (G1 Evacuation Pause) (young), 0.0109106 secs]
   [Parallel Time: 5.9 ms, GC Workers: 8]
      [GC Worker Start (ms): Min: 607663978.2, Avg: 607663978.3, Max: 607663978.3, Diff: 0.2]
      [Ext Root Scanning (ms): Min: 1.1, Avg: 1.8, Max: 5.6, Diff: 4.5, Sum: 14.8]
      [Update RS (ms): Min: 0.0, Avg: 1.6, Max: 2.1, Diff: 2.1, Sum: 12.4]
         [Processed Buffers: Min: 0, Avg: 6.1, Max: 14, Diff: 14, Sum: 49]
      [Scan RS (ms): Min: 0.0, Avg: 0.1, Max: 0.1, Diff: 0.1, Sum: 0.4]
      [Code Root Scanning (ms): Min: 0.0, Avg: 0.0, Max: 0.0, Diff: 0.0, Sum: 0.0]
      [Object Copy (ms): Min: 0.0, Avg: 2.0, Max: 2.4, Diff: 2.4, Sum: 15.9]
      [Termination (ms): Min: 0.0, Avg: 0.1, Max: 0.1, Diff: 0.1, Sum: 0.6]
         [Termination Attempts: Min: 1, Avg: 1.0, Max: 1, Diff: 0, Sum: 8]
      [GC Worker Other (ms): Min: 0.0, Avg: 0.0, Max: 0.1, Diff: 0.1, Sum: 0.2]
      [GC Worker Total (ms): Min: 5.5, Avg: 5.5, Max: 5.6, Diff: 0.1, Sum: 44.4]
      [GC Worker End (ms): Min: 607663983.8, Avg: 607663983.8, Max: 607663983.8, Diff: 0.1]
   [Code Root Fixup: 0.0 ms]
   [Code Root Purge: 0.0 ms]
   [Clear CT: 0.7 ms]
   [Other: 4.3 ms]
      [Choose CSet: 0.0 ms]
      [Ref Proc: 3.5 ms]
      [Ref Enq: 0.1 ms]
      [Redirty Cards: 0.1 ms]
      [Humongous Register: 0.0 ms]
      [Humongous Reclaim: 0.0 ms]
      [Free CSet: 0.3 ms]
   [Eden: 7152.0M(7152.0M)->0.0B(5712.0M) Survivors: 16384.0K->16384.0K Heap: 10742.0M(14336.0M)->3594.6M(14336.0M)]
 [Times: user=0.06 sys=0.00, real=0.02 secs] 
2022-07-28T21:59:50.966-0700: 607762.471: [GC pause (G1 Evacuation Pause) (mixed), 0.0137496 secs]
   [Parallel Time: 9.4 ms, GC Workers: 8]
      [GC Worker Start (ms): Min: 607762470.7, Avg: 607762470.8, Max: 607762470.9, Diff: 0.2]
      [Ext Root Scanning (ms): Min: 1.2, Avg: 2.1, Max: 6.5, Diff: 5.2, Sum: 17.0]
      [Update RS (ms): Min: 0.0, Avg: 1.5, Max: 2.1, Diff: 2.1, Sum: 12.1]
         [Processed Buffers: Min: 0, Avg: 5.1, Max: 10, Diff: 10, Sum: 41]
      [Scan RS (ms): Min: 0.0, Avg: 0.8, Max: 1.1, Diff: 1.1, Sum: 6.4]
      [Code Root Scanning (ms): Min: 0.0, Avg: 0.0, Max: 0.0, Diff: 0.0, Sum: 0.0]
      [Object Copy (ms): Min: 2.6, Avg: 4.6, Max: 4.9, Diff: 2.3, Sum: 36.4]
      [Termination (ms): Min: 0.0, Avg: 0.0, Max: 0.0, Diff: 0.0, Sum: 0.0]
         [Termination Attempts: Min: 1, Avg: 3.9, Max: 6, Diff: 5, Sum: 31]
      [GC Worker Other (ms): Min: 0.0, Avg: 0.1, Max: 0.1, Diff: 0.1, Sum: 0.6]
      [GC Worker Total (ms): Min: 9.0, Avg: 9.1, Max: 9.2, Diff: 0.2, Sum: 72.5]
      [GC Worker End (ms): Min: 607762479.8, Avg: 607762479.9, Max: 607762479.9, Diff: 0.1]
   [Code Root Fixup: 0.0 ms]
   [Code Root Purge: 0.0 ms]
   [Clear CT: 0.8 ms]
   [Other: 3.6 ms]
      [Choose CSet: 0.0 ms]
      [Ref Proc: 3.0 ms]
      [Ref Enq: 0.1 ms]
      [Redirty Cards: 0.1 ms]
      [Humongous Register: 0.1 ms]
      [Humongous Reclaim: 0.0 ms]
      [Free CSet: 0.2 ms]
   [Eden: 5712.0M(5712.0M)->0.0B(7152.0M) Survivors: 16384.0K->16384.0K Heap: 9306.6M(14336.0M)->3582.8M(14336.0M)]
 [Times: user=0.09 sys=0.00, real=0.01 secs] 
2022-07-28T22:01:54.068-0700: 607885.573: [GC pause (G1 Evacuation Pause) (young), 0.0101533 secs]
   [Parallel Time: 7.1 ms, GC Workers: 8]
      [GC Worker Start (ms): Min: 607885573.2, Avg: 607885573.2, Max: 607885573.3, Diff: 0.1]
      [Ext Root Scanning (ms): Min: 1.3, Avg: 2.0, Max: 5.3, Diff: 4.0, Sum: 16.4]
      [Update RS (ms): Min: 0.3, Avg: 3.2, Max: 4.0, Diff: 3.7, Sum: 25.5]
         [Processed Buffers: Min: 1, Avg: 10.6, Max: 16, Diff: 15, Sum: 85]
      [Scan RS (ms): Min: 0.0, Avg: 0.0, Max: 0.1, Diff: 0.1, Sum: 0.4]
      [Code Root Scanning (ms): Min: 0.0, Avg: 0.0, Max: 0.0, Diff: 0.0, Sum: 0.0]
      [Object Copy (ms): Min: 1.4, Avg: 1.7, Max: 1.9, Diff: 0.5, Sum: 13.6]
      [Termination (ms): Min: 0.0, Avg: 0.0, Max: 0.0, Diff: 0.0, Sum: 0.0]
         [Termination Attempts: Min: 1, Avg: 2.0, Max: 3, Diff: 2, Sum: 16]
      [GC Worker Other (ms): Min: 0.0, Avg: 0.0, Max: 0.1, Diff: 0.0, Sum: 0.3]
      [GC Worker Total (ms): Min: 7.0, Avg: 7.0, Max: 7.1, Diff: 0.1, Sum: 56.2]
      [GC Worker End (ms): Min: 607885580.2, Avg: 607885580.2, Max: 607885580.3, Diff: 0.0]
   [Code Root Fixup: 0.0 ms]
   [Code Root Purge: 0.0 ms]
   [Clear CT: 0.7 ms]
   [Other: 2.3 ms]
      [Choose CSet: 0.0 ms]
      [Ref Proc: 1.7 ms]
      [Ref Enq: 0.1 ms]
      [Redirty Cards: 0.1 ms]
      [Humongous Register: 0.1 ms]
      [Humongous Reclaim: 0.0 ms]
      [Free CSet: 0.3 ms]
   [Eden: 7152.0M(7152.0M)->0.0B(7152.0M) Survivors: 16384.0K->16384.0K Heap: 10734.8M(14336.0M)->3588.8M(14336.0M)]
 [Times: user=0.06 sys=0.00, real=0.01 secs] 
2022-07-28T22:03:55.466-0700: 608006.971: [GC pause (G1 Evacuation Pause) (young) (initial-mark), 0.0166921 secs]
   [Parallel Time: 12.1 ms, GC Workers: 8]
      [GC Worker Start (ms): Min: 608006972.8, Avg: 608006972.9, Max: 608006972.9, Diff: 0.2]
      [Ext Root Scanning (ms): Min: 5.2, Avg: 5.6, Max: 6.1, Diff: 0.8, Sum: 44.8]
      [Update RS (ms): Min: 1.2, Avg: 1.4, Max: 1.6, Diff: 0.4, Sum: 11.4]
         [Processed Buffers: Min: 3, Avg: 5.1, Max: 8, Diff: 5, Sum: 41]
      [Scan RS (ms): Min: 0.0, Avg: 0.1, Max: 0.1, Diff: 0.1, Sum: 0.4]
      [Code Root Scanning (ms): Min: 0.0, Avg: 0.0, Max: 0.0, Diff: 0.0, Sum: 0.0]
      [Object Copy (ms): Min: 1.9, Avg: 2.5, Max: 2.9, Diff: 0.9, Sum: 19.6]
      [Termination (ms): Min: 0.0, Avg: 0.0, Max: 0.0, Diff: 0.0, Sum: 0.0]
         [Termination Attempts: Min: 1, Avg: 3.0, Max: 4, Diff: 3, Sum: 24]
      [GC Worker Other (ms): Min: 0.0, Avg: 0.0, Max: 0.1, Diff: 0.1, Sum: 0.4]
      [GC Worker Total (ms): Min: 9.5, Avg: 9.6, Max: 9.7, Diff: 0.2, Sum: 76.7]
      [GC Worker End (ms): Min: 608006982.4, Avg: 608006982.5, Max: 608006982.5, Diff: 0.1]
   [Code Root Fixup: 0.0 ms]
   [Code Root Purge: 0.0 ms]
   [Clear CT: 0.7 ms]
   [Other: 3.9 ms]
      [Choose CSet: 0.0 ms]
      [Ref Proc: 3.2 ms]
      [Ref Enq: 0.1 ms]
      [Redirty Cards: 0.1 ms]
      [Humongous Register: 0.0 ms]
      [Humongous Reclaim: 0.0 ms]
      [Free CSet: 0.3 ms]
   [Eden: 7152.0M(7152.0M)->0.0B(7152.0M) Survivors: 16384.0K->16384.0K Heap: 10740.8M(14336.0M)->3594.1M(14336.0M)]
 [Times: user=0.08 sys=0.00, real=0.02 secs] 
2022-07-28T22:03:55.483-0700: 608006.987: [GC concurrent-root-region-scan-start]
2022-07-28T22:03:55.493-0700: 608006.998: [GC concurrent-root-region-scan-end, 0.0105415 secs]
2022-07-28T22:03:55.493-0700: 608006.998: [GC concurrent-mark-start]
2022-07-28T22:03:58.254-0700: 608009.759: [GC concurrent-mark-end, 2.7605477 secs]
2022-07-28T22:03:58.254-0700: 608009.759: [GC remark 2022-07-28T22:03:58.254-0700: 608009.759: [Finalize Marking, 0.0003550 secs] 2022-07-28T22:03:58.255-0700: 608009.759: [GC ref-proc, 0.0089995 secs] 2022-07-28T22:03:58.264-0700: 608009.768: [Unloading, 0.0286295 secs], 0.0440008 secs]
 [Times: user=0.27 sys=0.00, real=0.05 secs] 
2022-07-28T22:03:58.299-0700: 608009.803: [GC cleanup 3782M->3782M(14336M), 0.0087941 secs]
 [Times: user=0.06 sys=0.00, real=0.01 secs] 
2022-07-28T22:05:58.320-0700: 608129.825: [GC pause (G1 Evacuation Pause) (young), 0.0085301 secs]
   [Parallel Time: 5.6 ms, GC Workers: 8]
      [GC Worker Start (ms): Min: 608129825.4, Avg: 608129825.4, Max: 608129825.4, Diff: 0.1]
      [Ext Root Scanning (ms): Min: 1.1, Avg: 1.9, Max: 5.4, Diff: 4.3, Sum: 15.1]
      [Update RS (ms): Min: 0.0, Avg: 1.3, Max: 1.9, Diff: 1.9, Sum: 10.2]
         [Processed Buffers: Min: 0, Avg: 5.1, Max: 11, Diff: 11, Sum: 41]
      [Scan RS (ms): Min: 0.0, Avg: 0.1, Max: 0.1, Diff: 0.1, Sum: 0.4]
      [Code Root Scanning (ms): Min: 0.0, Avg: 0.0, Max: 0.0, Diff: 0.0, Sum: 0.0]
      [Object Copy (ms): Min: 0.0, Avg: 2.2, Max: 2.7, Diff: 2.6, Sum: 17.7]
      [Termination (ms): Min: 0.0, Avg: 0.0, Max: 0.0, Diff: 0.0, Sum: 0.0]
         [Termination Attempts: Min: 1, Avg: 6.5, Max: 11, Diff: 10, Sum: 52]
      [GC Worker Other (ms): Min: 0.0, Avg: 0.0, Max: 0.1, Diff: 0.1, Sum: 0.3]
      [GC Worker Total (ms): Min: 5.4, Avg: 5.5, Max: 5.5, Diff: 0.1, Sum: 43.8]
      [GC Worker End (ms): Min: 608129830.9, Avg: 608129830.9, Max: 608129830.9, Diff: 0.1]
   [Code Root Fixup: 0.0 ms]
   [Code Root Purge: 0.0 ms]
   [Clear CT: 0.7 ms]
   [Other: 2.2 ms]
      [Choose CSet: 0.0 ms]
      [Ref Proc: 1.5 ms]
      [Ref Enq: 0.1 ms]
      [Redirty Cards: 0.1 ms]
      [Humongous Register: 0.0 ms]
      [Humongous Reclaim: 0.0 ms]
      [Free CSet: 0.3 ms]
   [Eden: 7152.0M(7152.0M)->0.0B(5712.0M) Survivors: 16384.0K->16384.0K Heap: 10746.1M(14336.0M)->3592.1M(14336.0M)]
 [Times: user=0.06 sys=0.00, real=0.01 secs] 
2022-07-28T22:07:34.269-0700: 608225.774: [GC pause (G1 Evacuation Pause) (mixed), 0.0121887 secs]
   [Parallel Time: 8.9 ms, GC Workers: 8]
      [GC Worker Start (ms): Min: 608225773.8, Avg: 608225773.9, Max: 608225774.0, Diff: 0.2]
      [Ext Root Scanning (ms): Min: 1.3, Avg: 2.2, Max: 6.6, Diff: 5.4, Sum: 17.3]
      [Update RS (ms): Min: 0.0, Avg: 1.5, Max: 2.1, Diff: 2.1, Sum: 12.3]
         [Processed Buffers: Min: 0, Avg: 5.8, Max: 8, Diff: 8, Sum: 46]
      [Scan RS (ms): Min: 0.0, Avg: 0.6, Max: 0.8, Diff: 0.8, Sum: 4.6]
      [Code Root Scanning (ms): Min: 0.0, Avg: 0.0, Max: 0.0, Diff: 0.0, Sum: 0.0]
      [Object Copy (ms): Min: 2.0, Avg: 4.3, Max: 4.7, Diff: 2.7, Sum: 34.1]
      [Termination (ms): Min: 0.0, Avg: 0.0, Max: 0.0, Diff: 0.0, Sum: 0.0]
         [Termination Attempts: Min: 1, Avg: 1.0, Max: 1, Diff: 0, Sum: 8]
      [GC Worker Other (ms): Min: 0.0, Avg: 0.1, Max: 0.2, Diff: 0.2, Sum: 0.6]
      [GC Worker Total (ms): Min: 8.5, Avg: 8.6, Max: 8.7, Diff: 0.2, Sum: 68.9]
      [GC Worker End (ms): Min: 608225782.5, Avg: 608225782.5, Max: 608225782.6, Diff: 0.2]
   [Code Root Fixup: 0.0 ms]
   [Code Root Purge: 0.0 ms]
   [Clear CT: 0.8 ms]
   [Other: 2.5 ms]
      [Choose CSet: 0.0 ms]
      [Ref Proc: 1.9 ms]
      [Ref Enq: 0.1 ms]
      [Redirty Cards: 0.1 ms]
      [Humongous Register: 0.1 ms]
      [Humongous Reclaim: 0.0 ms]
      [Free CSet: 0.2 ms]
   [Eden: 5712.0M(5712.0M)->0.0B(7152.0M) Survivors: 16384.0K->16384.0K Heap: 9304.1M(14336.0M)->3584.6M(14336.0M)]
 [Times: user=0.08 sys=0.00, real=0.01 secs] 
2022-07-28T22:09:32.918-0700: 608344.422: [GC pause (GCLocker Initiated GC) (young), 0.0111922 secs]
   [Parallel Time: 8.2 ms, GC Workers: 8]
      [GC Worker Start (ms): Min: 608344422.5, Avg: 608344422.6, Max: 608344422.7, Diff: 0.2]
      [Ext Root Scanning (ms): Min: 1.0, Avg: 1.8, Max: 5.0, Diff: 4.0, Sum: 14.5]
      [Update RS (ms): Min: 0.3, Avg: 3.1, Max: 3.8, Diff: 3.5, Sum: 25.0]
         [Processed Buffers: Min: 2, Avg: 11.1, Max: 15, Diff: 13, Sum: 89]
      [Scan RS (ms): Min: 0.0, Avg: 0.0, Max: 0.1, Diff: 0.1, Sum: 0.4]
      [Code Root Scanning (ms): Min: 0.0, Avg: 0.0, Max: 0.0, Diff: 0.0, Sum: 0.0]
      [Object Copy (ms): Min: 2.4, Avg: 2.7, Max: 3.0, Diff: 0.5, Sum: 22.0]
      [Termination (ms): Min: 0.0, Avg: 0.0, Max: 0.0, Diff: 0.0, Sum: 0.1]
         [Termination Attempts: Min: 24, Avg: 34.5, Max: 42, Diff: 18, Sum: 276]
      [GC Worker Other (ms): Min: 0.0, Avg: 0.1, Max: 0.1, Diff: 0.1, Sum: 0.5]
      [GC Worker Total (ms): Min: 7.7, Avg: 7.8, Max: 7.9, Diff: 0.2, Sum: 62.4]
      [GC Worker End (ms): Min: 608344430.3, Avg: 608344430.4, Max: 608344430.5, Diff: 0.1]
   [Code Root Fixup: 0.0 ms]
   [Code Root Purge: 0.0 ms]
   [Clear CT: 0.8 ms]
   [Other: 2.2 ms]
      [Choose CSet: 0.0 ms]
      [Ref Proc: 1.6 ms]
      [Ref Enq: 0.1 ms]
      [Redirty Cards: 0.1 ms]
      [Humongous Register: 0.0 ms]
      [Humongous Reclaim: 0.0 ms]
      [Free CSet: 0.3 ms]
   [Eden: 7168.0M(7152.0M)->0.0B(7152.0M) Survivors: 16384.0K->16384.0K Heap: 10736.6M(14336.0M)->3595.7M(14336.0M)]
 [Times: user=0.08 sys=0.00, real=0.01 secs] 
2022-07-28T22:11:35.016-0700: 608466.521: [GC pause (GCLocker Initiated GC) (young) (initial-mark), 0.0200248 secs]
   [Parallel Time: 15.5 ms, GC Workers: 8]
      [GC Worker Start (ms): Min: 608466522.6, Avg: 608466522.7, Max: 608466522.8, Diff: 0.2]
      [Ext Root Scanning (ms): Min: 4.8, Avg: 6.2, Max: 13.4, Diff: 8.6, Sum: 49.6]
      [Update RS (ms): Min: 0.0, Avg: 1.4, Max: 1.9, Diff: 1.9, Sum: 11.2]
         [Processed Buffers: Min: 0, Avg: 4.9, Max: 9, Diff: 9, Sum: 39]
      [Scan RS (ms): Min: 0.0, Avg: 0.1, Max: 0.1, Diff: 0.1, Sum: 0.4]
      [Code Root Scanning (ms): Min: 0.0, Avg: 0.0, Max: 0.0, Diff: 0.0, Sum: 0.0]
      [Object Copy (ms): Min: 0.0, Avg: 3.0, Max: 3.8, Diff: 3.8, Sum: 24.0]
      [Termination (ms): Min: 0.0, Avg: 2.8, Max: 3.3, Diff: 3.3, Sum: 22.7]
         [Termination Attempts: Min: 1, Avg: 6.8, Max: 12, Diff: 11, Sum: 54]
      [GC Worker Other (ms): Min: 0.0, Avg: 0.0, Max: 0.0, Diff: 0.0, Sum: 0.1]
      [GC Worker Total (ms): Min: 13.4, Avg: 13.5, Max: 13.7, Diff: 0.2, Sum: 108.1]
      [GC Worker End (ms): Min: 608466536.2, Avg: 608466536.2, Max: 608466536.2, Diff: 0.0]
   [Code Root Fixup: 0.0 ms]
   [Code Root Purge: 0.0 ms]
   [Clear CT: 1.2 ms]
   [Other: 3.3 ms]
      [Choose CSet: 0.0 ms]
      [Ref Proc: 2.7 ms]
      [Ref Enq: 0.1 ms]
      [Redirty Cards: 0.1 ms]
      [Humongous Register: 0.0 ms]
      [Humongous Reclaim: 0.0 ms]
      [Free CSet: 0.3 ms]
   [Eden: 7168.0M(7152.0M)->0.0B(7152.0M) Survivors: 16384.0K->16384.0K Heap: 10747.7M(14336.0M)->3601.5M(14336.0M)]
 [Times: user=0.11 sys=0.00, real=0.02 secs] 
2022-07-28T22:11:35.036-0700: 608466.541: [GC concurrent-root-region-scan-start]
2022-07-28T22:11:35.046-0700: 608466.550: [GC concurrent-root-region-scan-end, 0.0091648 secs]
2022-07-28T22:11:35.046-0700: 608466.550: [GC concurrent-mark-start]
2022-07-28T22:11:37.988-0700: 608469.493: [GC concurrent-mark-end, 2.9426093 secs]
2022-07-28T22:11:37.988-0700: 608469.493: [GC remark 2022-07-28T22:11:37.988-0700: 608469.493: [Finalize Marking, 0.0001714 secs] 2022-07-28T22:11:37.989-0700: 608469.493: [GC ref-proc, 0.0056319 secs] 2022-07-28T22:11:37.994-0700: 608469.499: [Unloading, 0.0277068 secs], 0.0392591 secs]
 [Times: user=0.25 sys=0.00, real=0.04 secs] 
2022-07-28T22:11:38.028-0700: 608469.533: [GC cleanup 3825M->3825M(14336M), 0.0084710 secs]
 [Times: user=0.06 sys=0.00, real=0.01 secs] 
2022-07-28T22:13:34.920-0700: 608586.425: [GC pause (G1 Evacuation Pause) (young), 0.0110070 secs]
   [Parallel Time: 6.9 ms, GC Workers: 8]
      [GC Worker Start (ms): Min: 608586425.0, Avg: 608586425.1, Max: 608586425.1, Diff: 0.2]
      [Ext Root Scanning (ms): Min: 1.1, Avg: 1.9, Max: 5.3, Diff: 4.2, Sum: 14.9]
      [Update RS (ms): Min: 0.0, Avg: 2.0, Max: 2.4, Diff: 2.4, Sum: 16.0]
         [Processed Buffers: Min: 0, Avg: 8.5, Max: 12, Diff: 12, Sum: 68]
      [Scan RS (ms): Min: 0.0, Avg: 0.1, Max: 0.1, Diff: 0.1, Sum: 0.4]
      [Code Root Scanning (ms): Min: 0.0, Avg: 0.0, Max: 0.0, Diff: 0.0, Sum: 0.0]
      [Object Copy (ms): Min: 1.1, Avg: 2.4, Max: 2.8, Diff: 1.7, Sum: 19.5]
      [Termination (ms): Min: 0.0, Avg: 0.0, Max: 0.0, Diff: 0.0, Sum: 0.0]
         [Termination Attempts: Min: 9, Avg: 16.5, Max: 22, Diff: 13, Sum: 132]
      [GC Worker Other (ms): Min: 0.0, Avg: 0.1, Max: 0.2, Diff: 0.2, Sum: 0.6]
      [GC Worker Total (ms): Min: 6.3, Avg: 6.4, Max: 6.5, Diff: 0.2, Sum: 51.5]
      [GC Worker End (ms): Min: 608586431.4, Avg: 608586431.5, Max: 608586431.6, Diff: 0.2]
   [Code Root Fixup: 0.0 ms]
   [Code Root Purge: 0.0 ms]
   [Clear CT: 0.7 ms]
   [Other: 3.4 ms]
      [Choose CSet: 0.0 ms]
      [Ref Proc: 2.6 ms]
      [Ref Enq: 0.1 ms]
      [Redirty Cards: 0.1 ms]
      [Humongous Register: 0.1 ms]
      [Humongous Reclaim: 0.0 ms]
      [Free CSet: 0.3 ms]
   [Eden: 7152.0M(7152.0M)->0.0B(5712.0M) Survivors: 16384.0K->16384.0K Heap: 10753.5M(14336.0M)->3603.1M(14336.0M)]
 [Times: user=0.06 sys=0.00, real=0.02 secs] 
2022-07-28T22:15:11.229-0700: 608682.733: [GC pause (G1 Evacuation Pause) (mixed), 0.0126343 secs]
   [Parallel Time: 8.2 ms, GC Workers: 8]
      [GC Worker Start (ms): Min: 608682733.4, Avg: 608682733.5, Max: 608682733.6, Diff: 0.2]
      [Ext Root Scanning (ms): Min: 1.1, Avg: 2.0, Max: 6.5, Diff: 5.4, Sum: 16.1]
      [Update RS (ms): Min: 0.0, Avg: 1.3, Max: 1.9, Diff: 1.9, Sum: 10.7]
         [Processed Buffers: Min: 0, Avg: 5.2, Max: 12, Diff: 12, Sum: 42]
      [Scan RS (ms): Min: 0.0, Avg: 0.5, Max: 0.8, Diff: 0.7, Sum: 4.4]
      [Code Root Scanning (ms): Min: 0.0, Avg: 0.0, Max: 0.0, Diff: 0.0, Sum: 0.0]
      [Object Copy (ms): Min: 1.4, Avg: 3.9, Max: 4.4, Diff: 3.0, Sum: 31.2]
      [Termination (ms): Min: 0.0, Avg: 0.0, Max: 0.0, Diff: 0.0, Sum: 0.0]
         [Termination Attempts: Min: 1, Avg: 2.2, Max: 4, Diff: 3, Sum: 18]
      [GC Worker Other (ms): Min: 0.0, Avg: 0.1, Max: 0.1, Diff: 0.1, Sum: 0.5]
      [GC Worker Total (ms): Min: 7.8, Avg: 7.9, Max: 8.0, Diff: 0.2, Sum: 63.0]
      [GC Worker End (ms): Min: 608682741.3, Avg: 608682741.4, Max: 608682741.4, Diff: 0.1]
   [Code Root Fixup: 0.0 ms]
   [Code Root Purge: 0.0 ms]
   [Clear CT: 0.7 ms]
   [Other: 3.7 ms]
      [Choose CSet: 0.0 ms]
      [Ref Proc: 3.1 ms]
      [Ref Enq: 0.1 ms]
      [Redirty Cards: 0.1 ms]
      [Humongous Register: 0.0 ms]
      [Humongous Reclaim: 0.0 ms]
      [Free CSet: 0.3 ms]
   [Eden: 5712.0M(5712.0M)->0.0B(7152.0M) Survivors: 16384.0K->16384.0K Heap: 9315.1M(14336.0M)->3591.4M(14336.0M)]
 [Times: user=0.07 sys=0.01, real=0.01 secs] 
2022-07-28T22:17:11.856-0700: 608803.361: [GC pause (G1 Evacuation Pause) (young), 0.0125861 secs]
   [Parallel Time: 9.3 ms, GC Workers: 8]
      [GC Worker Start (ms): Min: 608803361.2, Avg: 608803361.2, Max: 608803361.3, Diff: 0.1]
      [Ext Root Scanning (ms): Min: 1.3, Avg: 2.1, Max: 5.8, Diff: 4.4, Sum: 17.0]
      [Update RS (ms): Min: 1.3, Avg: 4.6, Max: 5.4, Diff: 4.1, Sum: 36.9]
         [Processed Buffers: Min: 6, Avg: 10.8, Max: 16, Diff: 10, Sum: 86]
      [Scan RS (ms): Min: 0.0, Avg: 0.1, Max: 0.1, Diff: 0.1, Sum: 0.4]
      [Code Root Scanning (ms): Min: 0.0, Avg: 0.0, Max: 0.0, Diff: 0.0, Sum: 0.0]
      [Object Copy (ms): Min: 1.7, Avg: 2.1, Max: 2.3, Diff: 0.6, Sum: 16.7]
      [Termination (ms): Min: 0.0, Avg: 0.0, Max: 0.0, Diff: 0.0, Sum: 0.0]
         [Termination Attempts: Min: 7, Avg: 11.1, Max: 16, Diff: 9, Sum: 89]
      [GC Worker Other (ms): Min: 0.0, Avg: 0.1, Max: 0.1, Diff: 0.1, Sum: 0.5]
      [GC Worker Total (ms): Min: 8.9, Avg: 9.0, Max: 9.0, Diff: 0.1, Sum: 71.6]
      [GC Worker End (ms): Min: 608803370.2, Avg: 608803370.2, Max: 608803370.2, Diff: 0.1]
   [Code Root Fixup: 0.0 ms]
   [Code Root Purge: 0.0 ms]
   [Clear CT: 0.7 ms]
   [Other: 2.6 ms]
      [Choose CSet: 0.0 ms]
      [Ref Proc: 1.9 ms]
      [Ref Enq: 0.1 ms]
      [Redirty Cards: 0.1 ms]
      [Humongous Register: 0.1 ms]
      [Humongous Reclaim: 0.0 ms]
      [Free CSet: 0.3 ms]
   [Eden: 7152.0M(7152.0M)->0.0B(7152.0M) Survivors: 16384.0K->16384.0K Heap: 10743.4M(14336.0M)->3598.6M(14336.0M)]
 [Times: user=0.08 sys=0.00, real=0.01 secs] 
2022-07-28T22:19:11.829-0700: 608923.334: [GC pause (G1 Evacuation Pause) (young) (initial-mark), 0.0167073 secs]
   [Parallel Time: 11.9 ms, GC Workers: 8]
      [GC Worker Start (ms): Min: 608923336.4, Avg: 608923336.5, Max: 608923336.6, Diff: 0.2]
      [Ext Root Scanning (ms): Min: 5.1, Avg: 5.7, Max: 6.3, Diff: 1.2, Sum: 45.9]
      [Update RS (ms): Min: 1.3, Avg: 1.4, Max: 1.7, Diff: 0.4, Sum: 11.5]
         [Processed Buffers: Min: 3, Avg: 5.4, Max: 9, Diff: 6, Sum: 43]
      [Scan RS (ms): Min: 0.0, Avg: 0.1, Max: 0.1, Diff: 0.1, Sum: 0.4]
      [Code Root Scanning (ms): Min: 0.0, Avg: 0.0, Max: 0.0, Diff: 0.0, Sum: 0.0]
      [Object Copy (ms): Min: 1.9, Avg: 2.4, Max: 2.7, Diff: 0.8, Sum: 18.8]
      [Termination (ms): Min: 0.0, Avg: 0.0, Max: 0.0, Diff: 0.0, Sum: 0.0]
         [Termination Attempts: Min: 1, Avg: 4.0, Max: 6, Diff: 5, Sum: 32]
      [GC Worker Other (ms): Min: 0.0, Avg: 0.1, Max: 0.1, Diff: 0.1, Sum: 0.5]
      [GC Worker Total (ms): Min: 9.5, Avg: 9.6, Max: 9.7, Diff: 0.2, Sum: 77.1]
      [GC Worker End (ms): Min: 608923346.1, Avg: 608923346.1, Max: 608923346.2, Diff: 0.1]
   [Code Root Fixup: 0.0 ms]
   [Code Root Purge: 0.0 ms]
   [Clear CT: 0.8 ms]
   [Other: 4.0 ms]
      [Choose CSet: 0.0 ms]
      [Ref Proc: 3.3 ms]
      [Ref Enq: 0.1 ms]
      [Redirty Cards: 0.1 ms]
      [Humongous Register: 0.0 ms]
      [Humongous Reclaim: 0.0 ms]
      [Free CSet: 0.3 ms]
   [Eden: 7152.0M(7152.0M)->0.0B(7152.0M) Survivors: 16384.0K->16384.0K Heap: 10750.6M(14336.0M)->3601.5M(14336.0M)]
 [Times: user=0.07 sys=0.00, real=0.02 secs] 
2022-07-28T22:19:11.846-0700: 608923.351: [GC concurrent-root-region-scan-start]
2022-07-28T22:19:11.857-0700: 608923.362: [GC concurrent-root-region-scan-end, 0.0105551 secs]
2022-07-28T22:19:11.857-0700: 608923.362: [GC concurrent-mark-start]
2022-07-28T22:19:14.529-0700: 608926.034: [GC concurrent-mark-end, 2.6726376 secs]
2022-07-28T22:19:14.530-0700: 608926.034: [GC remark 2022-07-28T22:19:14.530-0700: 608926.035: [Finalize Marking, 0.0002405 secs] 2022-07-28T22:19:14.530-0700: 608926.035: [GC ref-proc, 0.0062198 secs] 2022-07-28T22:19:14.536-0700: 608926.041: [Unloading, 0.0282699 secs], 0.0404682 secs]
 [Times: user=0.26 sys=0.00, real=0.04 secs] 
2022-07-28T22:19:14.571-0700: 608926.075: [GC cleanup 3769M->3769M(14336M), 0.0088490 secs]
 [Times: user=0.06 sys=0.00, real=0.01 secs] 
2022-07-28T22:21:15.970-0700: 609047.475: [GC pause (G1 Evacuation Pause) (young), 0.0105977 secs]
   [Parallel Time: 5.7 ms, GC Workers: 8]
      [GC Worker Start (ms): Min: 609047474.7, Avg: 609047474.8, Max: 609047474.9, Diff: 0.2]
      [Ext Root Scanning (ms): Min: 1.2, Avg: 1.9, Max: 5.4, Diff: 4.2, Sum: 15.6]
      [Update RS (ms): Min: 0.0, Avg: 1.2, Max: 1.7, Diff: 1.7, Sum: 9.5]
         [Processed Buffers: Min: 0, Avg: 4.9, Max: 10, Diff: 10, Sum: 39]
      [Scan RS (ms): Min: 0.0, Avg: 0.1, Max: 0.1, Diff: 0.1, Sum: 0.4]
      [Code Root Scanning (ms): Min: 0.0, Avg: 0.0, Max: 0.0, Diff: 0.0, Sum: 0.0]
      [Object Copy (ms): Min: 0.0, Avg: 2.0, Max: 2.3, Diff: 2.3, Sum: 15.7]
      [Termination (ms): Min: 0.0, Avg: 0.2, Max: 0.2, Diff: 0.2, Sum: 1.3]
         [Termination Attempts: Min: 1, Avg: 1.1, Max: 2, Diff: 1, Sum: 9]
      [GC Worker Other (ms): Min: 0.0, Avg: 0.0, Max: 0.0, Diff: 0.0, Sum: 0.2]
      [GC Worker Total (ms): Min: 5.3, Avg: 5.3, Max: 5.4, Diff: 0.2, Sum: 42.7]
      [GC Worker End (ms): Min: 609047480.1, Avg: 609047480.2, Max: 609047480.2, Diff: 0.0]
   [Code Root Fixup: 0.0 ms]
   [Code Root Purge: 0.0 ms]
   [Clear CT: 0.7 ms]
   [Other: 4.1 ms]
      [Choose CSet: 0.0 ms]
      [Ref Proc: 3.5 ms]
      [Ref Enq: 0.1 ms]
      [Redirty Cards: 0.1 ms]
      [Humongous Register: 0.1 ms]
      [Humongous Reclaim: 0.0 ms]
      [Free CSet: 0.3 ms]
   [Eden: 7152.0M(7152.0M)->0.0B(5712.0M) Survivors: 16384.0K->16384.0K Heap: 10753.5M(14336.0M)->3600.4M(14336.0M)]
 [Times: user=0.06 sys=0.00, real=0.01 secs] 
2022-07-28T22:22:52.471-0700: 609143.975: [GC pause (G1 Evacuation Pause) (mixed), 0.0159497 secs]
   [Parallel Time: 12.3 ms, GC Workers: 8]
      [GC Worker Start (ms): Min: 609143975.6, Avg: 609143975.7, Max: 609143975.8, Diff: 0.2]
      [Ext Root Scanning (ms): Min: 1.4, Avg: 2.3, Max: 6.9, Diff: 5.5, Sum: 18.5]
      [Update RS (ms): Min: 0.0, Avg: 1.7, Max: 2.3, Diff: 2.3, Sum: 13.8]
         [Processed Buffers: Min: 0, Avg: 5.5, Max: 11, Diff: 11, Sum: 44]
      [Scan RS (ms): Min: 0.0, Avg: 0.6, Max: 0.8, Diff: 0.8, Sum: 5.1]
      [Code Root Scanning (ms): Min: 0.0, Avg: 0.0, Max: 0.0, Diff: 0.0, Sum: 0.0]
      [Object Copy (ms): Min: 5.2, Avg: 7.4, Max: 7.8, Diff: 2.6, Sum: 58.9]
      [Termination (ms): Min: 0.0, Avg: 0.0, Max: 0.0, Diff: 0.0, Sum: 0.0]
         [Termination Attempts: Min: 1, Avg: 1.0, Max: 1, Diff: 0, Sum: 8]
      [GC Worker Other (ms): Min: 0.0, Avg: 0.1, Max: 0.1, Diff: 0.1, Sum: 0.6]
      [GC Worker Total (ms): Min: 12.0, Avg: 12.1, Max: 12.2, Diff: 0.3, Sum: 96.9]
      [GC Worker End (ms): Min: 609143987.8, Avg: 609143987.8, Max: 609143987.9, Diff: 0.1]
   [Code Root Fixup: 0.0 ms]
   [Code Root Purge: 0.0 ms]
   [Clear CT: 0.8 ms]
   [Other: 2.8 ms]
      [Choose CSet: 0.0 ms]
      [Ref Proc: 2.2 ms]
      [Ref Enq: 0.1 ms]
      [Redirty Cards: 0.1 ms]
      [Humongous Register: 0.0 ms]
      [Humongous Reclaim: 0.0 ms]
      [Free CSet: 0.2 ms]
   [Eden: 5712.0M(5712.0M)->0.0B(7152.0M) Survivors: 16384.0K->16384.0K Heap: 9312.4M(14336.0M)->3589.9M(14336.0M)]
 [Times: user=0.11 sys=0.00, real=0.02 secs] 
2022-07-28T22:24:55.915-0700: 609267.419: [GC pause (G1 Evacuation Pause) (young), 0.0104484 secs]
   [Parallel Time: 7.5 ms, GC Workers: 8]
      [GC Worker Start (ms): Min: 609267419.5, Avg: 609267419.5, Max: 609267419.6, Diff: 0.1]
      [Ext Root Scanning (ms): Min: 1.2, Avg: 1.9, Max: 5.4, Diff: 4.2, Sum: 15.4]
      [Update RS (ms): Min: 0.4, Avg: 3.2, Max: 4.3, Diff: 3.9, Sum: 25.9]
         [Processed Buffers: Min: 2, Avg: 12.2, Max: 19, Diff: 17, Sum: 98]
      [Scan RS (ms): Min: 0.0, Avg: 0.0, Max: 0.1, Diff: 0.1, Sum: 0.4]
      [Code Root Scanning (ms): Min: 0.0, Avg: 0.0, Max: 0.0, Diff: 0.0, Sum: 0.0]
      [Object Copy (ms): Min: 1.4, Avg: 2.0, Max: 4.1, Diff: 2.7, Sum: 16.2]
      [Termination (ms): Min: 0.0, Avg: 0.0, Max: 0.0, Diff: 0.0, Sum: 0.0]
         [Termination Attempts: Min: 1, Avg: 1.0, Max: 1, Diff: 0, Sum: 8]
      [GC Worker Other (ms): Min: 0.0, Avg: 0.0, Max: 0.1, Diff: 0.1, Sum: 0.4]
      [GC Worker Total (ms): Min: 7.2, Avg: 7.3, Max: 7.4, Diff: 0.1, Sum: 58.3]
      [GC Worker End (ms): Min: 609267426.8, Avg: 609267426.8, Max: 609267426.9, Diff: 0.1]
   [Code Root Fixup: 0.0 ms]
   [Code Root Purge: 0.0 ms]
   [Clear CT: 0.8 ms]
   [Other: 2.2 ms]
      [Choose CSet: 0.0 ms]
      [Ref Proc: 1.6 ms]
      [Ref Enq: 0.1 ms]
      [Redirty Cards: 0.1 ms]
      [Humongous Register: 0.0 ms]
      [Humongous Reclaim: 0.0 ms]
      [Free CSet: 0.3 ms]
   [Eden: 7152.0M(7152.0M)->0.0B(7136.0M) Survivors: 16384.0K->32768.0K Heap: 10741.9M(14336.0M)->3601.7M(14336.0M)]
 [Times: user=0.06 sys=0.00, real=0.01 secs] 
2022-07-28T22:27:00.264-0700: 609391.768: [GC pause (G1 Evacuation Pause) (young) (initial-mark), 0.0175780 secs]
   [Parallel Time: 11.3 ms, GC Workers: 8]
      [GC Worker Start (ms): Min: 609391770.2, Avg: 609391770.2, Max: 609391770.3, Diff: 0.1]
      [Ext Root Scanning (ms): Min: 5.4, Avg: 5.8, Max: 6.3, Diff: 0.9, Sum: 46.4]
      [Update RS (ms): Min: 1.3, Avg: 1.5, Max: 1.8, Diff: 0.5, Sum: 11.7]
         [Processed Buffers: Min: 3, Avg: 5.5, Max: 9, Diff: 6, Sum: 44]
      [Scan RS (ms): Min: 0.0, Avg: 0.1, Max: 0.1, Diff: 0.1, Sum: 0.4]
      [Code Root Scanning (ms): Min: 0.0, Avg: 0.0, Max: 0.0, Diff: 0.0, Sum: 0.0]
      [Object Copy (ms): Min: 1.5, Avg: 2.0, Max: 2.4, Diff: 0.9, Sum: 16.1]
      [Termination (ms): Min: 0.0, Avg: 0.0, Max: 0.0, Diff: 0.0, Sum: 0.0]
         [Termination Attempts: Min: 1, Avg: 1.1, Max: 2, Diff: 1, Sum: 9]
      [GC Worker Other (ms): Min: 0.0, Avg: 0.1, Max: 0.1, Diff: 0.1, Sum: 0.5]
      [GC Worker Total (ms): Min: 9.3, Avg: 9.4, Max: 9.4, Diff: 0.1, Sum: 75.1]
      [GC Worker End (ms): Min: 609391779.6, Avg: 609391779.6, Max: 609391779.7, Diff: 0.1]
   [Code Root Fixup: 0.0 ms]
   [Code Root Purge: 0.0 ms]
   [Clear CT: 2.2 ms]
   [Other: 4.0 ms]
      [Choose CSet: 0.0 ms]
      [Ref Proc: 3.2 ms]
      [Ref Enq: 0.1 ms]
      [Redirty Cards: 0.2 ms]
      [Humongous Register: 0.0 ms]
      [Humongous Reclaim: 0.0 ms]
      [Free CSet: 0.3 ms]
   [Eden: 7136.0M(7136.0M)->0.0B(7152.0M) Survivors: 32768.0K->16384.0K Heap: 10737.7M(14336.0M)->3588.5M(14336.0M)]
 [Times: user=0.08 sys=0.00, real=0.01 secs] 
2022-07-28T22:27:00.281-0700: 609391.786: [GC concurrent-root-region-scan-start]
2022-07-28T22:27:00.290-0700: 609391.795: [GC concurrent-root-region-scan-end, 0.0089757 secs]
2022-07-28T22:27:00.290-0700: 609391.795: [GC concurrent-mark-start]
2022-07-28T22:27:02.977-0700: 609394.482: [GC concurrent-mark-end, 2.6866705 secs]
2022-07-28T22:27:02.977-0700: 609394.482: [GC remark 2022-07-28T22:27:02.977-0700: 609394.482: [Finalize Marking, 0.0002934 secs] 2022-07-28T22:27:02.978-0700: 609394.482: [GC ref-proc, 0.0112097 secs] 2022-07-28T22:27:02.989-0700: 609394.494: [Unloading, 0.0272059 secs], 0.0445326 secs]
 [Times: user=0.26 sys=0.00, real=0.04 secs] 
2022-07-28T22:27:03.022-0700: 609394.527: [GC cleanup 3748M->3748M(14336M), 0.0084400 secs]
 [Times: user=0.06 sys=0.00, real=0.01 secs] 
2022-07-28T22:29:01.763-0700: 609513.267: [GC pause (G1 Evacuation Pause) (young), 0.0122228 secs]
   [Parallel Time: 6.4 ms, GC Workers: 8]
      [GC Worker Start (ms): Min: 609513267.6, Avg: 609513267.7, Max: 609513267.7, Diff: 0.1]
      [Ext Root Scanning (ms): Min: 1.4, Avg: 2.2, Max: 6.1, Diff: 4.6, Sum: 17.8]
      [Update RS (ms): Min: 0.0, Avg: 1.8, Max: 2.3, Diff: 2.3, Sum: 14.4]
         [Processed Buffers: Min: 0, Avg: 5.2, Max: 11, Diff: 11, Sum: 42]
      [Scan RS (ms): Min: 0.0, Avg: 0.1, Max: 0.1, Diff: 0.1, Sum: 0.4]
      [Code Root Scanning (ms): Min: 0.0, Avg: 0.0, Max: 0.0, Diff: 0.0, Sum: 0.0]
      [Object Copy (ms): Min: 0.3, Avg: 2.2, Max: 2.7, Diff: 2.4, Sum: 17.6]
      [Termination (ms): Min: 0.0, Avg: 0.0, Max: 0.0, Diff: 0.0, Sum: 0.0]
         [Termination Attempts: Min: 9, Avg: 13.2, Max: 18, Diff: 9, Sum: 106]
      [GC Worker Other (ms): Min: 0.0, Avg: 0.0, Max: 0.1, Diff: 0.1, Sum: 0.3]
      [GC Worker Total (ms): Min: 6.3, Avg: 6.3, Max: 6.4, Diff: 0.1, Sum: 50.5]
      [GC Worker End (ms): Min: 609513273.9, Avg: 609513274.0, Max: 609513274.0, Diff: 0.1]
   [Code Root Fixup: 0.0 ms]
   [Code Root Purge: 0.0 ms]
   [Clear CT: 0.8 ms]
   [Other: 5.0 ms]
      [Choose CSet: 0.0 ms]
      [Ref Proc: 4.3 ms]
      [Ref Enq: 0.1 ms]
      [Redirty Cards: 0.1 ms]
      [Humongous Register: 0.0 ms]
      [Humongous Reclaim: 0.0 ms]
      [Free CSet: 0.3 ms]
   [Eden: 7152.0M(7152.0M)->0.0B(5712.0M) Survivors: 16384.0K->16384.0K Heap: 10740.5M(14336.0M)->3593.3M(14336.0M)]
 [Times: user=0.06 sys=0.01, real=0.01 secs] 
2022-07-28T22:30:40.477-0700: 609611.981: [GC pause (G1 Evacuation Pause) (mixed), 0.0133240 secs]
   [Parallel Time: 8.4 ms, GC Workers: 8]
      [GC Worker Start (ms): Min: 609611981.4, Avg: 609611981.5, Max: 609611981.6, Diff: 0.2]
      [Ext Root Scanning (ms): Min: 1.2, Avg: 2.1, Max: 6.8, Diff: 5.6, Sum: 16.9]
      [Update RS (ms): Min: 0.0, Avg: 1.2, Max: 1.6, Diff: 1.6, Sum: 9.4]
         [Processed Buffers: Min: 0, Avg: 4.9, Max: 13, Diff: 13, Sum: 39]
      [Scan RS (ms): Min: 0.0, Avg: 1.0, Max: 1.3, Diff: 1.2, Sum: 8.0]
      [Code Root Scanning (ms): Min: 0.0, Avg: 0.0, Max: 0.0, Diff: 0.0, Sum: 0.0]
      [Object Copy (ms): Min: 1.3, Avg: 3.7, Max: 4.2, Diff: 2.9, Sum: 29.9]
      [Termination (ms): Min: 0.0, Avg: 0.0, Max: 0.0, Diff: 0.0, Sum: 0.0]
         [Termination Attempts: Min: 1, Avg: 10.1, Max: 13, Diff: 12, Sum: 81]
      [GC Worker Other (ms): Min: 0.0, Avg: 0.1, Max: 0.2, Diff: 0.2, Sum: 0.9]
      [GC Worker Total (ms): Min: 8.0, Avg: 8.2, Max: 8.3, Diff: 0.3, Sum: 65.2]
      [GC Worker End (ms): Min: 609611989.6, Avg: 609611989.7, Max: 609611989.8, Diff: 0.2]
   [Code Root Fixup: 0.0 ms]
   [Code Root Purge: 0.0 ms]
   [Clear CT: 0.8 ms]
   [Other: 4.1 ms]
      [Choose CSet: 0.0 ms]
      [Ref Proc: 3.5 ms]
      [Ref Enq: 0.1 ms]
      [Redirty Cards: 0.1 ms]
      [Humongous Register: 0.1 ms]
      [Humongous Reclaim: 0.0 ms]
      [Free CSet: 0.2 ms]
   [Eden: 5712.0M(5712.0M)->0.0B(7152.0M) Survivors: 16384.0K->16384.0K Heap: 9305.3M(14336.0M)->3580.3M(14336.0M)]
 [Times: user=0.08 sys=0.00, real=0.01 secs] 
2022-07-28T22:32:42.825-0700: 609734.330: [GC pause (G1 Evacuation Pause) (young), 0.0129402 secs]
   [Parallel Time: 7.2 ms, GC Workers: 8]
      [GC Worker Start (ms): Min: 609734330.0, Avg: 609734330.1, Max: 609734330.2, Diff: 0.2]
      [Ext Root Scanning (ms): Min: 1.1, Avg: 1.9, Max: 5.2, Diff: 4.1, Sum: 14.9]
      [Update RS (ms): Min: 0.2, Avg: 3.1, Max: 4.0, Diff: 3.8, Sum: 25.0]
         [Processed Buffers: Min: 9, Avg: 11.2, Max: 14, Diff: 5, Sum: 90]
      [Scan RS (ms): Min: 0.0, Avg: 0.0, Max: 0.1, Diff: 0.1, Sum: 0.4]
      [Code Root Scanning (ms): Min: 0.0, Avg: 0.0, Max: 0.0, Diff: 0.0, Sum: 0.0]
      [Object Copy (ms): Min: 1.5, Avg: 1.8, Max: 1.9, Diff: 0.4, Sum: 14.1]
      [Termination (ms): Min: 0.0, Avg: 0.0, Max: 0.0, Diff: 0.0, Sum: 0.0]
         [Termination Attempts: Min: 1, Avg: 13.9, Max: 21, Diff: 20, Sum: 111]
      [GC Worker Other (ms): Min: 0.0, Avg: 0.0, Max: 0.1, Diff: 0.1, Sum: 0.4]
      [GC Worker Total (ms): Min: 6.8, Avg: 6.9, Max: 7.0, Diff: 0.2, Sum: 54.9]
      [GC Worker End (ms): Min: 609734336.9, Avg: 609734337.0, Max: 609734337.0, Diff: 0.1]
   [Code Root Fixup: 0.0 ms]
   [Code Root Purge: 0.0 ms]
   [Clear CT: 0.8 ms]
   [Other: 4.9 ms]
      [Choose CSet: 0.0 ms]
      [Ref Proc: 4.1 ms]
      [Ref Enq: 0.2 ms]
      [Redirty Cards: 0.1 ms]
      [Humongous Register: 0.1 ms]
      [Humongous Reclaim: 0.0 ms]
      [Free CSet: 0.3 ms]
   [Eden: 7152.0M(7152.0M)->0.0B(7152.0M) Survivors: 16384.0K->16384.0K Heap: 10732.3M(14336.0M)->3585.5M(14336.0M)]
 [Times: user=0.07 sys=0.00, real=0.01 secs] 
2022-07-28T22:34:41.211-0700: 609852.715: [GC pause (G1 Evacuation Pause) (young) (initial-mark), 0.0181261 secs]
   [Parallel Time: 13.4 ms, GC Workers: 8]
      [GC Worker Start (ms): Min: 609852717.6, Avg: 609852717.7, Max: 609852717.8, Diff: 0.1]
      [Ext Root Scanning (ms): Min: 6.0, Avg: 6.5, Max: 7.0, Diff: 0.9, Sum: 51.7]
      [Update RS (ms): Min: 1.4, Avg: 1.5, Max: 1.7, Diff: 0.4, Sum: 12.3]
         [Processed Buffers: Min: 2, Avg: 5.2, Max: 11, Diff: 9, Sum: 42]
      [Scan RS (ms): Min: 0.0, Avg: 0.1, Max: 0.1, Diff: 0.1, Sum: 0.5]
      [Code Root Scanning (ms): Min: 0.0, Avg: 0.0, Max: 0.0, Diff: 0.0, Sum: 0.0]
      [Object Copy (ms): Min: 1.9, Avg: 2.6, Max: 3.1, Diff: 1.1, Sum: 20.9]
      [Termination (ms): Min: 0.0, Avg: 0.0, Max: 0.0, Diff: 0.0, Sum: 0.0]
         [Termination Attempts: Min: 1, Avg: 1.1, Max: 2, Diff: 1, Sum: 9]
      [GC Worker Other (ms): Min: 0.0, Avg: 0.1, Max: 0.2, Diff: 0.2, Sum: 0.8]
      [GC Worker Total (ms): Min: 10.6, Avg: 10.8, Max: 10.9, Diff: 0.3, Sum: 86.2]
      [GC Worker End (ms): Min: 609852728.4, Avg: 609852728.5, Max: 609852728.6, Diff: 0.2]
   [Code Root Fixup: 0.0 ms]
   [Code Root Purge: 0.0 ms]
   [Clear CT: 0.7 ms]
   [Other: 4.0 ms]
      [Choose CSet: 0.0 ms]
      [Ref Proc: 3.3 ms]
      [Ref Enq: 0.1 ms]
      [Redirty Cards: 0.1 ms]
      [Humongous Register: 0.0 ms]
      [Humongous Reclaim: 0.0 ms]
      [Free CSet: 0.3 ms]
   [Eden: 7152.0M(7152.0M)->0.0B(7152.0M) Survivors: 16384.0K->16384.0K Heap: 10737.5M(14336.0M)->3589.9M(14336.0M)]
 [Times: user=0.09 sys=0.00, real=0.02 secs] 
2022-07-28T22:34:41.229-0700: 609852.734: [GC concurrent-root-region-scan-start]
2022-07-28T22:34:41.238-0700: 609852.743: [GC concurrent-root-region-scan-end, 0.0093152 secs]
2022-07-28T22:34:41.238-0700: 609852.743: [GC concurrent-mark-start]
2022-07-28T22:34:43.881-0700: 609855.386: [GC concurrent-mark-end, 2.6433355 secs]
2022-07-28T22:34:43.882-0700: 609855.387: [GC remark 2022-07-28T22:34:43.882-0700: 609855.387: [Finalize Marking, 0.0003555 secs] 2022-07-28T22:34:43.882-0700: 609855.387: [GC ref-proc, 0.0071852 secs] 2022-07-28T22:34:43.890-0700: 609855.394: [Unloading, 0.0292564 secs], 0.0432266 secs]
 [Times: user=0.26 sys=0.00, real=0.05 secs] 
2022-07-28T22:34:43.925-0700: 609855.430: [GC cleanup 3757M->3757M(14336M), 0.0088256 secs]
 [Times: user=0.06 sys=0.00, real=0.00 secs] 
2022-07-28T22:36:42.326-0700: 609973.830: [GC pause (G1 Evacuation Pause) (young), 0.0107620 secs]
   [Parallel Time: 5.8 ms, GC Workers: 8]
      [GC Worker Start (ms): Min: 609973830.5, Avg: 609973830.6, Max: 609973830.7, Diff: 0.2]
      [Ext Root Scanning (ms): Min: 1.1, Avg: 1.9, Max: 5.3, Diff: 4.3, Sum: 15.3]
      [Update RS (ms): Min: 0.0, Avg: 1.5, Max: 2.0, Diff: 2.0, Sum: 11.8]
         [Processed Buffers: Min: 0, Avg: 5.2, Max: 11, Diff: 11, Sum: 42]
      [Scan RS (ms): Min: 0.0, Avg: 0.1, Max: 0.1, Diff: 0.1, Sum: 0.4]
      [Code Root Scanning (ms): Min: 0.0, Avg: 0.0, Max: 0.0, Diff: 0.0, Sum: 0.0]
      [Object Copy (ms): Min: 0.0, Avg: 1.9, Max: 2.2, Diff: 2.2, Sum: 14.8]
      [Termination (ms): Min: 0.0, Avg: 0.0, Max: 0.0, Diff: 0.0, Sum: 0.0]
         [Termination Attempts: Min: 1, Avg: 2.1, Max: 4, Diff: 3, Sum: 17]
      [GC Worker Other (ms): Min: 0.0, Avg: 0.1, Max: 0.1, Diff: 0.1, Sum: 0.5]
      [GC Worker Total (ms): Min: 5.3, Avg: 5.4, Max: 5.5, Diff: 0.2, Sum: 42.9]
      [GC Worker End (ms): Min: 609973835.9, Avg: 609973835.9, Max: 609973836.0, Diff: 0.1]
   [Code Root Fixup: 0.0 ms]
   [Code Root Purge: 0.0 ms]
   [Clear CT: 0.8 ms]
   [Other: 4.2 ms]
      [Choose CSet: 0.0 ms]
      [Ref Proc: 3.5 ms]
      [Ref Enq: 0.1 ms]
      [Redirty Cards: 0.1 ms]
      [Humongous Register: 0.1 ms]
      [Humongous Reclaim: 0.0 ms]
      [Free CSet: 0.3 ms]
   [Eden: 7152.0M(7152.0M)->0.0B(5712.0M) Survivors: 16384.0K->16384.0K Heap: 10741.9M(14336.0M)->3587.0M(14336.0M)]
 [Times: user=0.05 sys=0.00, real=0.01 secs] 
2022-07-28T22:38:18.558-0700: 610070.063: [GC pause (G1 Evacuation Pause) (mixed), 0.0146673 secs]
   [Parallel Time: 11.0 ms, GC Workers: 8]
      [GC Worker Start (ms): Min: 610070063.1, Avg: 610070063.3, Max: 610070063.4, Diff: 0.2]
      [Ext Root Scanning (ms): Min: 1.4, Avg: 2.4, Max: 7.0, Diff: 5.6, Sum: 19.0]
      [Update RS (ms): Min: 0.0, Avg: 1.9, Max: 2.9, Diff: 2.9, Sum: 15.0]
         [Processed Buffers: Min: 0, Avg: 5.4, Max: 11, Diff: 11, Sum: 43]
      [Scan RS (ms): Min: 0.0, Avg: 0.8, Max: 1.0, Diff: 1.0, Sum: 6.2]
      [Code Root Scanning (ms): Min: 0.0, Avg: 0.0, Max: 0.0, Diff: 0.0, Sum: 0.0]
      [Object Copy (ms): Min: 3.7, Avg: 5.6, Max: 7.6, Diff: 3.9, Sum: 44.5]
      [Termination (ms): Min: 0.0, Avg: 0.0, Max: 0.0, Diff: 0.0, Sum: 0.0]
         [Termination Attempts: Min: 1, Avg: 8.1, Max: 12, Diff: 11, Sum: 65]
      [GC Worker Other (ms): Min: 0.0, Avg: 0.1, Max: 0.2, Diff: 0.1, Sum: 0.7]
      [GC Worker Total (ms): Min: 10.6, Avg: 10.7, Max: 10.8, Diff: 0.2, Sum: 85.5]
      [GC Worker End (ms): Min: 610070073.9, Avg: 610070073.9, Max: 610070074.0, Diff: 0.1]
   [Code Root Fixup: 0.0 ms]
   [Code Root Purge: 0.0 ms]
   [Clear CT: 0.7 ms]
   [Other: 2.9 ms]
      [Choose CSet: 0.0 ms]
      [Ref Proc: 2.3 ms]
      [Ref Enq: 0.1 ms]
      [Redirty Cards: 0.1 ms]
      [Humongous Register: 0.1 ms]
      [Humongous Reclaim: 0.0 ms]
      [Free CSet: 0.2 ms]
   [Eden: 5712.0M(5712.0M)->0.0B(7152.0M) Survivors: 16384.0K->16384.0K Heap: 9299.0M(14336.0M)->3584.8M(14336.0M)]
 [Times: user=0.10 sys=0.00, real=0.01 secs] 
2022-07-28T22:40:20.513-0700: 610192.018: [GC pause (G1 Evacuation Pause) (young), 0.0116109 secs]
   [Parallel Time: 8.8 ms, GC Workers: 8]
      [GC Worker Start (ms): Min: 610192017.9, Avg: 610192017.9, Max: 610192018.0, Diff: 0.1]
      [Ext Root Scanning (ms): Min: 1.4, Avg: 2.1, Max: 5.6, Diff: 4.2, Sum: 16.8]
      [Update RS (ms): Min: 1.4, Avg: 4.4, Max: 5.1, Diff: 3.7, Sum: 35.3]
         [Processed Buffers: Min: 10, Avg: 11.9, Max: 13, Diff: 3, Sum: 95]
      [Scan RS (ms): Min: 0.0, Avg: 0.0, Max: 0.1, Diff: 0.1, Sum: 0.4]
      [Code Root Scanning (ms): Min: 0.0, Avg: 0.0, Max: 0.0, Diff: 0.0, Sum: 0.0]
      [Object Copy (ms): Min: 1.6, Avg: 2.0, Max: 2.1, Diff: 0.5, Sum: 16.0]
      [Termination (ms): Min: 0.0, Avg: 0.0, Max: 0.0, Diff: 0.0, Sum: 0.0]
         [Termination Attempts: Min: 1, Avg: 1.0, Max: 1, Diff: 0, Sum: 8]
      [GC Worker Other (ms): Min: 0.0, Avg: 0.1, Max: 0.1, Diff: 0.1, Sum: 0.4]
      [GC Worker Total (ms): Min: 8.5, Avg: 8.6, Max: 8.7, Diff: 0.1, Sum: 69.0]
      [GC Worker End (ms): Min: 610192026.5, Avg: 610192026.6, Max: 610192026.6, Diff: 0.1]
   [Code Root Fixup: 0.0 ms]
   [Code Root Purge: 0.0 ms]
   [Clear CT: 0.7 ms]
   [Other: 2.1 ms]
      [Choose CSet: 0.0 ms]
      [Ref Proc: 1.4 ms]
      [Ref Enq: 0.1 ms]
      [Redirty Cards: 0.1 ms]
      [Humongous Register: 0.1 ms]
      [Humongous Reclaim: 0.0 ms]
      [Free CSet: 0.3 ms]
   [Eden: 7152.0M(7152.0M)->0.0B(7152.0M) Survivors: 16384.0K->16384.0K Heap: 10736.8M(14336.0M)->3589.2M(14336.0M)]
 [Times: user=0.08 sys=0.00, real=0.02 secs] 
2022-07-28T22:42:21.798-0700: 610313.303: [GC pause (G1 Evacuation Pause) (young) (initial-mark), 0.0178133 secs]
   [Parallel Time: 12.8 ms, GC Workers: 8]
      [GC Worker Start (ms): Min: 610313305.2, Avg: 610313305.4, Max: 610313305.4, Diff: 0.2]
      [Ext Root Scanning (ms): Min: 6.0, Avg: 6.4, Max: 6.9, Diff: 1.0, Sum: 51.2]
      [Update RS (ms): Min: 1.4, Avg: 1.5, Max: 1.8, Diff: 0.4, Sum: 12.2]
         [Processed Buffers: Min: 3, Avg: 5.2, Max: 13, Diff: 10, Sum: 42]
      [Scan RS (ms): Min: 0.0, Avg: 0.1, Max: 0.1, Diff: 0.1, Sum: 0.4]
      [Code Root Scanning (ms): Min: 0.0, Avg: 0.0, Max: 0.0, Diff: 0.0, Sum: 0.0]
      [Object Copy (ms): Min: 1.5, Avg: 2.1, Max: 2.6, Diff: 1.0, Sum: 16.9]
      [Termination (ms): Min: 0.0, Avg: 0.0, Max: 0.0, Diff: 0.0, Sum: 0.1]
         [Termination Attempts: Min: 1, Avg: 1.5, Max: 2, Diff: 1, Sum: 12]
      [GC Worker Other (ms): Min: 0.0, Avg: 0.0, Max: 0.1, Diff: 0.1, Sum: 0.3]
      [GC Worker Total (ms): Min: 10.0, Avg: 10.1, Max: 10.3, Diff: 0.2, Sum: 81.1]
      [GC Worker End (ms): Min: 610313315.5, Avg: 610313315.5, Max: 610313315.6, Diff: 0.1]
   [Code Root Fixup: 0.0 ms]
   [Code Root Purge: 0.0 ms]
   [Clear CT: 0.7 ms]
   [Other: 4.4 ms]
      [Choose CSet: 0.0 ms]
      [Ref Proc: 3.6 ms]
      [Ref Enq: 0.1 ms]
      [Redirty Cards: 0.1 ms]
      [Humongous Register: 0.0 ms]
      [Humongous Reclaim: 0.0 ms]
      [Free CSet: 0.3 ms]
   [Eden: 7152.0M(7152.0M)->0.0B(7152.0M) Survivors: 16384.0K->16384.0K Heap: 10741.2M(14336.0M)->3590.7M(14336.0M)]
 [Times: user=0.09 sys=0.00, real=0.02 secs] 
2022-07-28T22:42:21.816-0700: 610313.321: [GC concurrent-root-region-scan-start]
2022-07-28T22:42:21.825-0700: 610313.330: [GC concurrent-root-region-scan-end, 0.0091104 secs]
2022-07-28T22:42:21.825-0700: 610313.330: [GC concurrent-mark-start]
2022-07-28T22:42:24.448-0700: 610315.953: [GC concurrent-mark-end, 2.6226689 secs]
2022-07-28T22:42:24.448-0700: 610315.953: [GC remark 2022-07-28T22:42:24.448-0700: 610315.953: [Finalize Marking, 0.0001988 secs] 2022-07-28T22:42:24.448-0700: 610315.953: [GC ref-proc, 0.0105750 secs] 2022-07-28T22:42:24.459-0700: 610315.964: [Unloading, 0.0289408 secs], 0.0461641 secs]
 [Times: user=0.26 sys=0.00, real=0.04 secs] 
2022-07-28T22:42:24.495-0700: 610315.999: [GC cleanup 3762M->3762M(14336M), 0.0087827 secs]
 [Times: user=0.06 sys=0.00, real=0.02 secs] 
2022-07-28T22:44:19.514-0700: 610431.018: [GC pause (G1 Evacuation Pause) (young), 0.0104808 secs]
   [Parallel Time: 6.9 ms, GC Workers: 8]
      [GC Worker Start (ms): Min: 610431018.5, Avg: 610431018.6, Max: 610431018.7, Diff: 0.2]
      [Ext Root Scanning (ms): Min: 1.5, Avg: 2.3, Max: 6.1, Diff: 4.6, Sum: 18.4]
      [Update RS (ms): Min: 0.0, Avg: 1.9, Max: 2.7, Diff: 2.7, Sum: 15.0]
         [Processed Buffers: Min: 0, Avg: 5.0, Max: 12, Diff: 12, Sum: 40]
      [Scan RS (ms): Min: 0.0, Avg: 0.1, Max: 0.2, Diff: 0.2, Sum: 0.6]
      [Code Root Scanning (ms): Min: 0.0, Avg: 0.0, Max: 0.0, Diff: 0.0, Sum: 0.0]
      [Object Copy (ms): Min: 0.5, Avg: 2.3, Max: 2.7, Diff: 2.2, Sum: 18.3]
      [Termination (ms): Min: 0.0, Avg: 0.0, Max: 0.0, Diff: 0.0, Sum: 0.1]
         [Termination Attempts: Min: 14, Avg: 20.9, Max: 27, Diff: 13, Sum: 167]
      [GC Worker Other (ms): Min: 0.0, Avg: 0.0, Max: 0.1, Diff: 0.1, Sum: 0.3]
      [GC Worker Total (ms): Min: 6.5, Avg: 6.6, Max: 6.7, Diff: 0.2, Sum: 52.7]
      [GC Worker End (ms): Min: 610431025.2, Avg: 610431025.2, Max: 610431025.2, Diff: 0.1]
   [Code Root Fixup: 0.0 ms]
   [Code Root Purge: 0.0 ms]
   [Clear CT: 0.7 ms]
   [Other: 2.9 ms]
      [Choose CSet: 0.0 ms]
      [Ref Proc: 2.2 ms]
      [Ref Enq: 0.1 ms]
      [Redirty Cards: 0.1 ms]
      [Humongous Register: 0.1 ms]
      [Humongous Reclaim: 0.0 ms]
      [Free CSet: 0.3 ms]
   [Eden: 7152.0M(7152.0M)->0.0B(5712.0M) Survivors: 16384.0K->16384.0K Heap: 10742.7M(14336.0M)->3595.1M(14336.0M)]
 [Times: user=0.06 sys=0.00, real=0.02 secs] 
2022-07-28T22:45:57.517-0700: 610529.022: [GC pause (G1 Evacuation Pause) (mixed), 0.0117899 secs]
   [Parallel Time: 9.0 ms, GC Workers: 8]
      [GC Worker Start (ms): Min: 610529022.1, Avg: 610529022.1, Max: 610529022.2, Diff: 0.1]
      [Ext Root Scanning (ms): Min: 1.2, Avg: 2.1, Max: 6.6, Diff: 5.4, Sum: 16.5]
      [Update RS (ms): Min: 0.0, Avg: 1.2, Max: 1.6, Diff: 1.6, Sum: 9.4]
         [Processed Buffers: Min: 0, Avg: 4.8, Max: 8, Diff: 8, Sum: 38]
      [Scan RS (ms): Min: 0.0, Avg: 0.7, Max: 0.9, Diff: 0.8, Sum: 5.3]
      [Code Root Scanning (ms): Min: 0.0, Avg: 0.0, Max: 0.0, Diff: 0.0, Sum: 0.0]
      [Object Copy (ms): Min: 2.2, Avg: 4.8, Max: 5.3, Diff: 3.1, Sum: 38.6]
      [Termination (ms): Min: 0.0, Avg: 0.0, Max: 0.0, Diff: 0.0, Sum: 0.0]
         [Termination Attempts: Min: 1, Avg: 5.8, Max: 9, Diff: 8, Sum: 46]
      [GC Worker Other (ms): Min: 0.0, Avg: 0.1, Max: 0.1, Diff: 0.1, Sum: 0.5]
      [GC Worker Total (ms): Min: 8.7, Avg: 8.8, Max: 8.9, Diff: 0.1, Sum: 70.3]
      [GC Worker End (ms): Min: 610529030.9, Avg: 610529030.9, Max: 610529031.0, Diff: 0.1]
   [Code Root Fixup: 0.0 ms]
   [Code Root Purge: 0.0 ms]
   [Clear CT: 0.7 ms]
   [Other: 2.0 ms]
      [Choose CSet: 0.0 ms]
      [Ref Proc: 1.4 ms]
      [Ref Enq: 0.1 ms]
      [Redirty Cards: 0.1 ms]
      [Humongous Register: 0.1 ms]
      [Humongous Reclaim: 0.0 ms]
      [Free CSet: 0.2 ms]
   [Eden: 5712.0M(5712.0M)->0.0B(7152.0M) Survivors: 16384.0K->16384.0K Heap: 9307.1M(14336.0M)->3586.0M(14336.0M)]
 [Times: user=0.08 sys=0.00, real=0.01 secs] 
2022-07-28T22:47:56.423-0700: 610647.927: [GC pause (G1 Evacuation Pause) (young), 0.0131609 secs]
   [Parallel Time: 8.0 ms, GC Workers: 8]
      [GC Worker Start (ms): Min: 610647927.5, Avg: 610647927.6, Max: 610647927.6, Diff: 0.1]
      [Ext Root Scanning (ms): Min: 1.1, Avg: 1.8, Max: 5.1, Diff: 4.0, Sum: 14.4]
      [Update RS (ms): Min: 0.8, Avg: 3.7, Max: 4.5, Diff: 3.7, Sum: 29.9]
         [Processed Buffers: Min: 4, Avg: 12.6, Max: 16, Diff: 12, Sum: 101]
      [Scan RS (ms): Min: 0.0, Avg: 0.0, Max: 0.1, Diff: 0.1, Sum: 0.4]
      [Code Root Scanning (ms): Min: 0.0, Avg: 0.0, Max: 0.0, Diff: 0.0, Sum: 0.0]
      [Object Copy (ms): Min: 1.9, Avg: 2.2, Max: 2.4, Diff: 0.5, Sum: 17.8]
      [Termination (ms): Min: 0.0, Avg: 0.0, Max: 0.0, Diff: 0.0, Sum: 0.0]
         [Termination Attempts: Min: 4, Avg: 6.9, Max: 10, Diff: 6, Sum: 55]
      [GC Worker Other (ms): Min: 0.0, Avg: 0.0, Max: 0.1, Diff: 0.1, Sum: 0.3]
      [GC Worker Total (ms): Min: 7.8, Avg: 7.9, Max: 7.9, Diff: 0.1, Sum: 62.9]
      [GC Worker End (ms): Min: 610647935.4, Avg: 610647935.5, Max: 610647935.5, Diff: 0.1]
   [Code Root Fixup: 0.0 ms]
   [Code Root Purge: 0.0 ms]
   [Clear CT: 0.7 ms]
   [Other: 4.4 ms]
      [Choose CSet: 0.0 ms]
      [Ref Proc: 3.7 ms]
      [Ref Enq: 0.1 ms]
      [Redirty Cards: 0.1 ms]
      [Humongous Register: 0.1 ms]
      [Humongous Reclaim: 0.0 ms]
      [Free CSet: 0.3 ms]
   [Eden: 7152.0M(7152.0M)->0.0B(7152.0M) Survivors: 16384.0K->16384.0K Heap: 10738.0M(14336.0M)->3595.5M(14336.0M)]
 [Times: user=0.08 sys=0.00, real=0.01 secs] 
2022-07-28T22:49:56.721-0700: 610768.226: [GC pause (G1 Evacuation Pause) (young) (initial-mark), 0.0169163 secs]
   [Parallel Time: 11.6 ms, GC Workers: 8]
      [GC Worker Start (ms): Min: 610768227.8, Avg: 610768227.8, Max: 610768227.9, Diff: 0.1]
      [Ext Root Scanning (ms): Min: 5.1, Avg: 5.5, Max: 6.0, Diff: 0.8, Sum: 44.1]
      [Update RS (ms): Min: 1.5, Avg: 1.7, Max: 2.0, Diff: 0.4, Sum: 13.4]
         [Processed Buffers: Min: 3, Avg: 6.0, Max: 12, Diff: 9, Sum: 48]
      [Scan RS (ms): Min: 0.0, Avg: 0.1, Max: 0.1, Diff: 0.1, Sum: 0.4]
      [Code Root Scanning (ms): Min: 0.0, Avg: 0.0, Max: 0.0, Diff: 0.0, Sum: 0.0]
      [Object Copy (ms): Min: 1.8, Avg: 2.2, Max: 2.5, Diff: 0.6, Sum: 17.7]
      [Termination (ms): Min: 0.0, Avg: 0.0, Max: 0.0, Diff: 0.0, Sum: 0.0]
         [Termination Attempts: Min: 1, Avg: 2.8, Max: 5, Diff: 4, Sum: 22]
      [GC Worker Other (ms): Min: 0.0, Avg: 0.1, Max: 0.2, Diff: 0.2, Sum: 0.8]
      [GC Worker Total (ms): Min: 9.5, Avg: 9.6, Max: 9.6, Diff: 0.1, Sum: 76.5]
      [GC Worker End (ms): Min: 610768237.3, Avg: 610768237.4, Max: 610768237.5, Diff: 0.2]
   [Code Root Fixup: 0.0 ms]
   [Code Root Purge: 0.0 ms]
   [Clear CT: 0.7 ms]
   [Other: 4.6 ms]
      [Choose CSet: 0.0 ms]
      [Ref Proc: 3.9 ms]
      [Ref Enq: 0.1 ms]
      [Redirty Cards: 0.1 ms]
      [Humongous Register: 0.1 ms]
      [Humongous Reclaim: 0.0 ms]
      [Free CSet: 0.3 ms]
   [Eden: 7152.0M(7152.0M)->0.0B(7152.0M) Survivors: 16384.0K->16384.0K Heap: 10747.5M(14336.0M)->3595.9M(14336.0M)]
 [Times: user=0.08 sys=0.00, real=0.02 secs] 
2022-07-28T22:49:56.738-0700: 610768.243: [GC concurrent-root-region-scan-start]
2022-07-28T22:49:56.748-0700: 610768.253: [GC concurrent-root-region-scan-end, 0.0099797 secs]
2022-07-28T22:49:56.748-0700: 610768.253: [GC concurrent-mark-start]
2022-07-28T22:49:59.420-0700: 610770.925: [GC concurrent-mark-end, 2.6716432 secs]
2022-07-28T22:49:59.420-0700: 610770.925: [GC remark 2022-07-28T22:49:59.420-0700: 610770.925: [Finalize Marking, 0.0002673 secs] 2022-07-28T22:49:59.420-0700: 610770.925: [GC ref-proc, 0.0066768 secs] 2022-07-28T22:49:59.427-0700: 610770.932: [Unloading, 0.0280182 secs], 0.0415320 secs]
 [Times: user=0.25 sys=0.00, real=0.04 secs] 
2022-07-28T22:49:59.462-0700: 610770.967: [GC cleanup 3763M->3763M(14336M), 0.0089011 secs]
 [Times: user=0.06 sys=0.00, real=0.01 secs] 
2022-07-28T22:51:59.867-0700: 610891.371: [GC pause (G1 Evacuation Pause) (young), 0.0093813 secs]
   [Parallel Time: 6.0 ms, GC Workers: 8]
      [GC Worker Start (ms): Min: 610891371.5, Avg: 610891371.5, Max: 610891371.5, Diff: 0.1]
      [Ext Root Scanning (ms): Min: 1.2, Avg: 2.0, Max: 5.9, Diff: 4.7, Sum: 16.0]
      [Update RS (ms): Min: 0.0, Avg: 1.6, Max: 2.3, Diff: 2.3, Sum: 13.1]
         [Processed Buffers: Min: 0, Avg: 5.9, Max: 9, Diff: 9, Sum: 47]
      [Scan RS (ms): Min: 0.0, Avg: 0.1, Max: 0.1, Diff: 0.1, Sum: 0.5]
      [Code Root Scanning (ms): Min: 0.0, Avg: 0.0, Max: 0.0, Diff: 0.0, Sum: 0.0]
      [Object Copy (ms): Min: 0.0, Avg: 2.0, Max: 2.5, Diff: 2.4, Sum: 16.1]
      [Termination (ms): Min: 0.0, Avg: 0.2, Max: 0.2, Diff: 0.2, Sum: 1.3]
         [Termination Attempts: Min: 1, Avg: 1.0, Max: 1, Diff: 0, Sum: 8]
      [GC Worker Other (ms): Min: 0.0, Avg: 0.0, Max: 0.0, Diff: 0.0, Sum: 0.1]
      [GC Worker Total (ms): Min: 5.9, Avg: 5.9, Max: 6.0, Diff: 0.1, Sum: 47.2]
      [GC Worker End (ms): Min: 610891377.4, Avg: 610891377.4, Max: 610891377.4, Diff: 0.1]
   [Code Root Fixup: 0.0 ms]
   [Code Root Purge: 0.0 ms]
   [Clear CT: 0.8 ms]
   [Other: 2.6 ms]
      [Choose CSet: 0.0 ms]
      [Ref Proc: 1.9 ms]
      [Ref Enq: 0.1 ms]
      [Redirty Cards: 0.1 ms]
      [Humongous Register: 0.1 ms]
      [Humongous Reclaim: 0.0 ms]
      [Free CSet: 0.3 ms]
   [Eden: 7152.0M(7152.0M)->0.0B(5712.0M) Survivors: 16384.0K->16384.0K Heap: 10747.9M(14336.0M)->3595.8M(14336.0M)]
 [Times: user=0.05 sys=0.00, real=0.01 secs] 
2022-07-28T22:53:36.712-0700: 610988.217: [GC pause (G1 Evacuation Pause) (mixed), 0.0117949 secs]
   [Parallel Time: 8.9 ms, GC Workers: 8]
      [GC Worker Start (ms): Min: 610988217.2, Avg: 610988217.2, Max: 610988217.3, Diff: 0.1]
      [Ext Root Scanning (ms): Min: 1.5, Avg: 2.4, Max: 6.8, Diff: 5.2, Sum: 19.4]
      [Update RS (ms): Min: 0.0, Avg: 1.5, Max: 2.1, Diff: 2.1, Sum: 11.9]
         [Processed Buffers: Min: 0, Avg: 4.8, Max: 8, Diff: 8, Sum: 38]
      [Scan RS (ms): Min: 0.0, Avg: 0.7, Max: 1.0, Diff: 1.0, Sum: 5.5]
      [Code Root Scanning (ms): Min: 0.0, Avg: 0.0, Max: 0.0, Diff: 0.0, Sum: 0.0]
      [Object Copy (ms): Min: 1.9, Avg: 4.1, Max: 4.6, Diff: 2.6, Sum: 32.6]
      [Termination (ms): Min: 0.0, Avg: 0.0, Max: 0.0, Diff: 0.0, Sum: 0.0]
         [Termination Attempts: Min: 1, Avg: 1.0, Max: 1, Diff: 0, Sum: 8]
      [GC Worker Other (ms): Min: 0.0, Avg: 0.1, Max: 0.1, Diff: 0.0, Sum: 0.4]
      [GC Worker Total (ms): Min: 8.7, Avg: 8.7, Max: 8.8, Diff: 0.1, Sum: 69.9]
      [GC Worker End (ms): Min: 610988225.9, Avg: 610988226.0, Max: 610988226.0, Diff: 0.1]
   [Code Root Fixup: 0.0 ms]
   [Code Root Purge: 0.0 ms]
   [Clear CT: 0.7 ms]
   [Other: 2.2 ms]
      [Choose CSet: 0.0 ms]
      [Ref Proc: 1.5 ms]
      [Ref Enq: 0.1 ms]
      [Redirty Cards: 0.1 ms]
      [Humongous Register: 0.1 ms]
      [Humongous Reclaim: 0.0 ms]
      [Free CSet: 0.3 ms]
   [Eden: 5712.0M(5712.0M)->0.0B(7152.0M) Survivors: 16384.0K->16384.0K Heap: 9307.8M(14336.0M)->3588.5M(14336.0M)]
 [Times: user=0.08 sys=0.00, real=0.02 secs] 
2022-07-28T22:55:37.167-0700: 611108.671: [GC pause (G1 Evacuation Pause) (young), 0.0124018 secs]
   [Parallel Time: 7.5 ms, GC Workers: 8]
      [GC Worker Start (ms): Min: 611108671.4, Avg: 611108671.4, Max: 611108671.5, Diff: 0.1]
      [Ext Root Scanning (ms): Min: 1.2, Avg: 1.9, Max: 5.2, Diff: 4.0, Sum: 15.4]
      [Update RS (ms): Min: 0.5, Avg: 3.1, Max: 3.7, Diff: 3.3, Sum: 24.8]
         [Processed Buffers: Min: 3, Avg: 9.5, Max: 14, Diff: 11, Sum: 76]
      [Scan RS (ms): Min: 0.0, Avg: 0.0, Max: 0.1, Diff: 0.1, Sum: 0.4]
      [Code Root Scanning (ms): Min: 0.0, Avg: 0.0, Max: 0.0, Diff: 0.0, Sum: 0.0]
      [Object Copy (ms): Min: 1.4, Avg: 2.0, Max: 2.1, Diff: 0.7, Sum: 15.8]
      [Termination (ms): Min: 0.0, Avg: 0.0, Max: 0.0, Diff: 0.0, Sum: 0.0]
         [Termination Attempts: Min: 1, Avg: 1.1, Max: 2, Diff: 1, Sum: 9]
      [GC Worker Other (ms): Min: 0.0, Avg: 0.0, Max: 0.1, Diff: 0.1, Sum: 0.4]
      [GC Worker Total (ms): Min: 7.0, Avg: 7.1, Max: 7.2, Diff: 0.2, Sum: 56.8]
      [GC Worker End (ms): Min: 611108678.5, Avg: 611108678.5, Max: 611108678.6, Diff: 0.1]
   [Code Root Fixup: 0.0 ms]
   [Code Root Purge: 0.0 ms]
   [Clear CT: 0.7 ms]
   [Other: 4.2 ms]
      [Choose CSet: 0.0 ms]
      [Ref Proc: 3.5 ms]
      [Ref Enq: 0.1 ms]
      [Redirty Cards: 0.1 ms]
      [Humongous Register: 0.0 ms]
      [Humongous Reclaim: 0.0 ms]
      [Free CSet: 0.3 ms]
   [Eden: 7152.0M(7152.0M)->0.0B(7152.0M) Survivors: 16384.0K->16384.0K Heap: 10740.5M(14336.0M)->3590.3M(14336.0M)]
 [Times: user=0.07 sys=0.00, real=0.01 secs] 
2022-07-28T22:57:37.075-0700: 611228.580: [GC pause (G1 Evacuation Pause) (young) (initial-mark), 0.0167720 secs]
   [Parallel Time: 11.3 ms, GC Workers: 8]
      [GC Worker Start (ms): Min: 611228582.0, Avg: 611228582.1, Max: 611228582.1, Diff: 0.2]
      [Ext Root Scanning (ms): Min: 5.1, Avg: 5.4, Max: 5.9, Diff: 0.8, Sum: 43.5]
      [Update RS (ms): Min: 1.3, Avg: 1.4, Max: 1.7, Diff: 0.4, Sum: 11.6]
         [Processed Buffers: Min: 4, Avg: 5.8, Max: 9, Diff: 5, Sum: 46]
      [Scan RS (ms): Min: 0.0, Avg: 0.0, Max: 0.1, Diff: 0.1, Sum: 0.4]
      [Code Root Scanning (ms): Min: 0.0, Avg: 0.0, Max: 0.0, Diff: 0.0, Sum: 0.0]
      [Object Copy (ms): Min: 1.7, Avg: 2.1, Max: 2.5, Diff: 0.8, Sum: 16.8]
      [Termination (ms): Min: 0.0, Avg: 0.0, Max: 0.0, Diff: 0.0, Sum: 0.1]
         [Termination Attempts: Min: 14, Avg: 18.0, Max: 24, Diff: 10, Sum: 144]
      [GC Worker Other (ms): Min: 0.0, Avg: 0.1, Max: 0.1, Diff: 0.1, Sum: 0.5]
      [GC Worker Total (ms): Min: 9.0, Avg: 9.1, Max: 9.2, Diff: 0.2, Sum: 72.9]
      [GC Worker End (ms): Min: 611228591.1, Avg: 611228591.2, Max: 611228591.2, Diff: 0.1]
   [Code Root Fixup: 0.0 ms]
   [Code Root Purge: 0.0 ms]
   [Clear CT: 0.7 ms]
   [Other: 4.7 ms]
      [Choose CSet: 0.0 ms]
      [Ref Proc: 3.9 ms]
      [Ref Enq: 0.1 ms]
      [Redirty Cards: 0.1 ms]
      [Humongous Register: 0.0 ms]
      [Humongous Reclaim: 0.0 ms]
      [Free CSet: 0.3 ms]
   [Eden: 7152.0M(7152.0M)->0.0B(7152.0M) Survivors: 16384.0K->16384.0K Heap: 10742.3M(14336.0M)->3593.1M(14336.0M)]
 [Times: user=0.07 sys=0.00, real=0.01 secs] 
2022-07-28T22:57:37.092-0700: 611228.597: [GC concurrent-root-region-scan-start]
2022-07-28T22:57:37.101-0700: 611228.606: [GC concurrent-root-region-scan-end, 0.0093673 secs]
2022-07-28T22:57:37.101-0700: 611228.606: [GC concurrent-mark-start]
2022-07-28T22:57:39.853-0700: 611231.358: [GC concurrent-mark-end, 2.7517747 secs]
2022-07-28T22:57:39.854-0700: 611231.358: [GC remark 2022-07-28T22:57:39.854-0700: 611231.358: [Finalize Marking, 0.0004475 secs] 2022-07-28T22:57:39.854-0700: 611231.359: [GC ref-proc, 0.0063934 secs] 2022-07-28T22:57:39.860-0700: 611231.365: [Unloading, 0.0272403 secs], 0.0398883 secs]
 [Times: user=0.25 sys=0.00, real=0.04 secs] 
2022-07-28T22:57:39.894-0700: 611231.399: [GC cleanup 3761M->3761M(14336M), 0.0086557 secs]
 [Times: user=0.06 sys=0.00, real=0.01 secs] 
2022-07-28T22:59:39.067-0700: 611350.572: [GC pause (G1 Evacuation Pause) (young), 0.0117930 secs]
   [Parallel Time: 6.3 ms, GC Workers: 8]
      [GC Worker Start (ms): Min: 611350571.9, Avg: 611350572.0, Max: 611350572.1, Diff: 0.2]
      [Ext Root Scanning (ms): Min: 1.4, Avg: 2.2, Max: 5.7, Diff: 4.3, Sum: 17.5]
      [Update RS (ms): Min: 0.0, Avg: 1.6, Max: 2.2, Diff: 2.2, Sum: 12.9]
         [Processed Buffers: Min: 0, Avg: 5.2, Max: 10, Diff: 10, Sum: 42]
      [Scan RS (ms): Min: 0.0, Avg: 0.0, Max: 0.1, Diff: 0.1, Sum: 0.4]
      [Code Root Scanning (ms): Min: 0.0, Avg: 0.0, Max: 0.0, Diff: 0.0, Sum: 0.0]
      [Object Copy (ms): Min: 0.3, Avg: 2.2, Max: 2.5, Diff: 2.2, Sum: 17.2]
      [Termination (ms): Min: 0.0, Avg: 0.0, Max: 0.0, Diff: 0.0, Sum: 0.0]
         [Termination Attempts: Min: 11, Avg: 15.9, Max: 18, Diff: 7, Sum: 127]
      [GC Worker Other (ms): Min: 0.0, Avg: 0.1, Max: 0.1, Diff: 0.1, Sum: 0.4]
      [GC Worker Total (ms): Min: 5.9, Avg: 6.1, Max: 6.2, Diff: 0.3, Sum: 48.4]
      [GC Worker End (ms): Min: 611350578.1, Avg: 611350578.1, Max: 611350578.2, Diff: 0.1]
   [Code Root Fixup: 0.0 ms]
   [Code Root Purge: 0.0 ms]
   [Clear CT: 0.8 ms]
   [Other: 4.7 ms]
      [Choose CSet: 0.0 ms]
      [Ref Proc: 3.9 ms]
      [Ref Enq: 0.2 ms]
      [Redirty Cards: 0.1 ms]
      [Humongous Register: 0.1 ms]
      [Humongous Reclaim: 0.0 ms]
      [Free CSet: 0.3 ms]
   [Eden: 7152.0M(7152.0M)->0.0B(5712.0M) Survivors: 16384.0K->16384.0K Heap: 10745.1M(14336.0M)->3597.0M(14336.0M)]
 [Times: user=0.06 sys=0.00, real=0.01 secs] 
2022-07-28T23:01:18.421-0700: 611449.926: [GC pause (G1 Evacuation Pause) (mixed), 0.0110016 secs]
   [Parallel Time: 7.9 ms, GC Workers: 8]
      [GC Worker Start (ms): Min: 611449926.4, Avg: 611449926.5, Max: 611449926.5, Diff: 0.2]
      [Ext Root Scanning (ms): Min: 1.2, Avg: 2.0, Max: 6.2, Diff: 5.1, Sum: 16.3]
      [Update RS (ms): Min: 0.0, Avg: 1.5, Max: 2.0, Diff: 2.0, Sum: 11.8]
         [Processed Buffers: Min: 0, Avg: 5.6, Max: 12, Diff: 12, Sum: 45]
      [Scan RS (ms): Min: 0.0, Avg: 0.5, Max: 0.7, Diff: 0.6, Sum: 3.8]
      [Code Root Scanning (ms): Min: 0.0, Avg: 0.0, Max: 0.0, Diff: 0.0, Sum: 0.0]
      [Object Copy (ms): Min: 1.4, Avg: 3.6, Max: 4.0, Diff: 2.6, Sum: 28.8]
      [Termination (ms): Min: 0.0, Avg: 0.0, Max: 0.0, Diff: 0.0, Sum: 0.0]
         [Termination Attempts: Min: 1, Avg: 2.1, Max: 5, Diff: 4, Sum: 17]
      [GC Worker Other (ms): Min: 0.0, Avg: 0.1, Max: 0.1, Diff: 0.1, Sum: 0.5]
      [GC Worker Total (ms): Min: 7.6, Avg: 7.6, Max: 7.7, Diff: 0.1, Sum: 61.2]
      [GC Worker End (ms): Min: 611449934.1, Avg: 611449934.1, Max: 611449934.2, Diff: 0.1]
   [Code Root Fixup: 0.0 ms]
   [Code Root Purge: 0.0 ms]
   [Clear CT: 0.7 ms]
   [Other: 2.4 ms]
      [Choose CSet: 0.0 ms]
      [Ref Proc: 1.8 ms]
      [Ref Enq: 0.1 ms]
      [Redirty Cards: 0.1 ms]
      [Humongous Register: 0.1 ms]
      [Humongous Reclaim: 0.0 ms]
      [Free CSet: 0.2 ms]
   [Eden: 5712.0M(5712.0M)->0.0B(7152.0M) Survivors: 16384.0K->16384.0K Heap: 9309.0M(14336.0M)->3583.3M(14336.0M)]
 [Times: user=0.07 sys=0.00, real=0.01 secs] 
2022-07-28T23:03:20.428-0700: 611571.932: [GC pause (G1 Evacuation Pause) (young), 0.0121647 secs]
   [Parallel Time: 7.3 ms, GC Workers: 8]
      [GC Worker Start (ms): Min: 611571932.5, Avg: 611571932.6, Max: 611571932.7, Diff: 0.2]
      [Ext Root Scanning (ms): Min: 1.1, Avg: 1.9, Max: 5.5, Diff: 4.4, Sum: 15.2]
      [Update RS (ms): Min: 0.0, Avg: 2.8, Max: 3.5, Diff: 3.5, Sum: 22.4]
         [Processed Buffers: Min: 0, Avg: 10.1, Max: 15, Diff: 15, Sum: 81]
      [Scan RS (ms): Min: 0.0, Avg: 0.1, Max: 0.1, Diff: 0.1, Sum: 0.4]
      [Code Root Scanning (ms): Min: 0.0, Avg: 0.0, Max: 0.0, Diff: 0.0, Sum: 0.0]
      [Object Copy (ms): Min: 1.5, Avg: 2.1, Max: 2.3, Diff: 0.8, Sum: 16.7]
      [Termination (ms): Min: 0.0, Avg: 0.0, Max: 0.0, Diff: 0.0, Sum: 0.1]
         [Termination Attempts: Min: 14, Avg: 17.4, Max: 22, Diff: 8, Sum: 139]
      [GC Worker Other (ms): Min: 0.0, Avg: 0.0, Max: 0.1, Diff: 0.1, Sum: 0.4]
      [GC Worker Total (ms): Min: 6.8, Avg: 6.9, Max: 7.1, Diff: 0.3, Sum: 55.2]
      [GC Worker End (ms): Min: 611571939.5, Avg: 611571939.5, Max: 611571939.6, Diff: 0.1]
   [Code Root Fixup: 0.0 ms]
   [Code Root Purge: 0.0 ms]
   [Clear CT: 0.7 ms]
   [Other: 4.1 ms]
      [Choose CSet: 0.0 ms]
      [Ref Proc: 3.5 ms]
      [Ref Enq: 0.1 ms]
      [Redirty Cards: 0.1 ms]
      [Humongous Register: 0.1 ms]
      [Humongous Reclaim: 0.0 ms]
      [Free CSet: 0.3 ms]
   [Eden: 7152.0M(7152.0M)->0.0B(7152.0M) Survivors: 16384.0K->16384.0K Heap: 10735.3M(14336.0M)->3591.7M(14336.0M)]
 [Times: user=0.07 sys=0.00, real=0.01 secs] 
2022-07-28T23:05:23.967-0700: 611695.471: [GC pause (G1 Evacuation Pause) (young) (initial-mark), 0.0167407 secs]
   [Parallel Time: 11.6 ms, GC Workers: 8]
      [GC Worker Start (ms): Min: 611695473.5, Avg: 611695473.5, Max: 611695473.6, Diff: 0.1]
      [Ext Root Scanning (ms): Min: 5.3, Avg: 5.7, Max: 6.2, Diff: 0.9, Sum: 45.5]
      [Update RS (ms): Min: 1.2, Avg: 1.4, Max: 1.6, Diff: 0.4, Sum: 11.2]
         [Processed Buffers: Min: 3, Avg: 4.8, Max: 7, Diff: 4, Sum: 38]
      [Scan RS (ms): Min: 0.0, Avg: 0.1, Max: 0.1, Diff: 0.1, Sum: 0.4]
      [Code Root Scanning (ms): Min: 0.0, Avg: 0.0, Max: 0.0, Diff: 0.0, Sum: 0.0]
      [Object Copy (ms): Min: 1.8, Avg: 2.3, Max: 2.7, Diff: 0.9, Sum: 18.4]
      [Termination (ms): Min: 0.0, Avg: 0.0, Max: 0.0, Diff: 0.0, Sum: 0.0]
         [Termination Attempts: Min: 1, Avg: 1.6, Max: 4, Diff: 3, Sum: 13]
      [GC Worker Other (ms): Min: 0.0, Avg: 0.1, Max: 0.1, Diff: 0.1, Sum: 0.5]
      [GC Worker Total (ms): Min: 9.4, Avg: 9.5, Max: 9.6, Diff: 0.1, Sum: 76.0]
      [GC Worker End (ms): Min: 611695483.0, Avg: 611695483.0, Max: 611695483.1, Diff: 0.1]
   [Code Root Fixup: 0.0 ms]
   [Code Root Purge: 0.0 ms]
   [Clear CT: 0.7 ms]
   [Other: 4.4 ms]
      [Choose CSet: 0.0 ms]
      [Ref Proc: 3.6 ms]
      [Ref Enq: 0.1 ms]
      [Redirty Cards: 0.1 ms]
      [Humongous Register: 0.0 ms]
      [Humongous Reclaim: 0.0 ms]
      [Free CSet: 0.3 ms]
   [Eden: 7152.0M(7152.0M)->0.0B(7152.0M) Survivors: 16384.0K->16384.0K Heap: 10743.7M(14336.0M)->3589.4M(14336.0M)]
 [Times: user=0.08 sys=0.00, real=0.02 secs] 
2022-07-28T23:05:23.983-0700: 611695.488: [GC concurrent-root-region-scan-start]
2022-07-28T23:05:23.996-0700: 611695.500: [GC concurrent-root-region-scan-end, 0.0123109 secs]
2022-07-28T23:05:23.996-0700: 611695.500: [GC concurrent-mark-start]
2022-07-28T23:05:26.690-0700: 611698.195: [GC concurrent-mark-end, 2.6944724 secs]
2022-07-28T23:05:26.691-0700: 611698.195: [GC remark 2022-07-28T23:05:26.691-0700: 611698.195: [Finalize Marking, 0.0002923 secs] 2022-07-28T23:05:26.691-0700: 611698.196: [GC ref-proc, 0.0085756 secs] 2022-07-28T23:05:26.700-0700: 611698.204: [Unloading, 0.0274248 secs], 0.0422305 secs]
 [Times: user=0.25 sys=0.00, real=0.04 secs] 
2022-07-28T23:05:26.733-0700: 611698.238: [GC cleanup 3797M->3797M(14336M), 0.0089748 secs]
 [Times: user=0.07 sys=0.00, real=0.01 secs] 
2022-07-28T23:07:25.869-0700: 611817.373: [GC pause (G1 Evacuation Pause) (young), 0.0117067 secs]
   [Parallel Time: 6.6 ms, GC Workers: 8]
      [GC Worker Start (ms): Min: 611817373.5, Avg: 611817373.6, Max: 611817373.6, Diff: 0.1]
      [Ext Root Scanning (ms): Min: 1.3, Avg: 2.7, Max: 5.9, Diff: 4.6, Sum: 21.5]
      [Update RS (ms): Min: 0.0, Avg: 1.5, Max: 2.5, Diff: 2.5, Sum: 12.3]
         [Processed Buffers: Min: 0, Avg: 5.6, Max: 12, Diff: 12, Sum: 45]
      [Scan RS (ms): Min: 0.0, Avg: 0.0, Max: 0.1, Diff: 0.1, Sum: 0.4]
      [Code Root Scanning (ms): Min: 0.0, Avg: 0.0, Max: 0.0, Diff: 0.0, Sum: 0.0]
      [Object Copy (ms): Min: 0.5, Avg: 2.0, Max: 2.7, Diff: 2.2, Sum: 15.7]
      [Termination (ms): Min: 0.0, Avg: 0.1, Max: 0.2, Diff: 0.2, Sum: 1.0]
         [Termination Attempts: Min: 1, Avg: 15.4, Max: 25, Diff: 24, Sum: 123]
      [GC Worker Other (ms): Min: 0.0, Avg: 0.0, Max: 0.0, Diff: 0.0, Sum: 0.2]
      [GC Worker Total (ms): Min: 6.3, Avg: 6.4, Max: 6.5, Diff: 0.1, Sum: 51.1]
      [GC Worker End (ms): Min: 611817380.0, Avg: 611817380.0, Max: 611817380.0, Diff: 0.0]
   [Code Root Fixup: 0.0 ms]
   [Code Root Purge: 0.0 ms]
   [Clear CT: 0.7 ms]
   [Other: 4.4 ms]
      [Choose CSet: 0.0 ms]
      [Ref Proc: 3.7 ms]
      [Ref Enq: 0.1 ms]
      [Redirty Cards: 0.1 ms]
      [Humongous Register: 0.1 ms]
      [Humongous Reclaim: 0.0 ms]
      [Free CSet: 0.3 ms]
   [Eden: 7152.0M(7152.0M)->0.0B(5712.0M) Survivors: 16384.0K->16384.0K Heap: 10741.4M(14336.0M)->3590.9M(14336.0M)]
 [Times: user=0.06 sys=0.00, real=0.01 secs] 
2022-07-28T23:09:00.769-0700: 611912.274: [GC pause (G1 Evacuation Pause) (mixed), 0.0115572 secs]
   [Parallel Time: 8.7 ms, GC Workers: 8]
      [GC Worker Start (ms): Min: 611912273.7, Avg: 611912273.8, Max: 611912273.9, Diff: 0.1]
      [Ext Root Scanning (ms): Min: 1.4, Avg: 2.2, Max: 6.6, Diff: 5.3, Sum: 17.9]
      [Update RS (ms): Min: 0.0, Avg: 1.2, Max: 1.7, Diff: 1.7, Sum: 9.7]
         [Processed Buffers: Min: 0, Avg: 5.6, Max: 10, Diff: 10, Sum: 45]
      [Scan RS (ms): Min: 0.0, Avg: 0.6, Max: 0.9, Diff: 0.9, Sum: 5.2]
      [Code Root Scanning (ms): Min: 0.0, Avg: 0.0, Max: 0.0, Diff: 0.0, Sum: 0.0]
      [Object Copy (ms): Min: 1.9, Avg: 4.4, Max: 4.9, Diff: 3.0, Sum: 35.1]
      [Termination (ms): Min: 0.0, Avg: 0.0, Max: 0.0, Diff: 0.0, Sum: 0.0]
         [Termination Attempts: Min: 12, Avg: 14.0, Max: 17, Diff: 5, Sum: 112]
      [GC Worker Other (ms): Min: 0.0, Avg: 0.1, Max: 0.1, Diff: 0.1, Sum: 0.4]
      [GC Worker Total (ms): Min: 8.5, Avg: 8.5, Max: 8.6, Diff: 0.1, Sum: 68.4]
      [GC Worker End (ms): Min: 611912282.3, Avg: 611912282.3, Max: 611912282.4, Diff: 0.1]
   [Code Root Fixup: 0.0 ms]
   [Code Root Purge: 0.0 ms]
   [Clear CT: 0.7 ms]
   [Other: 2.1 ms]
      [Choose CSet: 0.0 ms]
      [Ref Proc: 1.5 ms]
      [Ref Enq: 0.1 ms]
      [Redirty Cards: 0.1 ms]
      [Humongous Register: 0.1 ms]
      [Humongous Reclaim: 0.0 ms]
      [Free CSet: 0.2 ms]
   [Eden: 5712.0M(5712.0M)->0.0B(7152.0M) Survivors: 16384.0K->16384.0K Heap: 9302.9M(14336.0M)->3587.1M(14336.0M)]
 [Times: user=0.07 sys=0.01, real=0.01 secs] 
2022-07-28T23:11:03.221-0700: 612034.725: [GC pause (G1 Evacuation Pause) (young), 0.0129955 secs]
   [Parallel Time: 7.6 ms, GC Workers: 8]
      [GC Worker Start (ms): Min: 612034725.5, Avg: 612034725.6, Max: 612034725.7, Diff: 0.2]
      [Ext Root Scanning (ms): Min: 1.1, Avg: 1.9, Max: 5.4, Diff: 4.3, Sum: 15.2]
      [Update RS (ms): Min: 0.4, Avg: 3.5, Max: 4.2, Diff: 3.9, Sum: 27.9]
         [Processed Buffers: Min: 1, Avg: 11.0, Max: 19, Diff: 18, Sum: 88]
      [Scan RS (ms): Min: 0.0, Avg: 0.1, Max: 0.1, Diff: 0.1, Sum: 0.4]
      [Code Root Scanning (ms): Min: 0.0, Avg: 0.0, Max: 0.0, Diff: 0.0, Sum: 0.0]
      [Object Copy (ms): Min: 1.5, Avg: 1.8, Max: 2.0, Diff: 0.5, Sum: 14.6]
      [Termination (ms): Min: 0.0, Avg: 0.0, Max: 0.0, Diff: 0.0, Sum: 0.0]
         [Termination Attempts: Min: 1, Avg: 4.9, Max: 8, Diff: 7, Sum: 39]
      [GC Worker Other (ms): Min: 0.0, Avg: 0.1, Max: 0.1, Diff: 0.1, Sum: 0.4]
      [GC Worker Total (ms): Min: 7.2, Avg: 7.3, Max: 7.4, Diff: 0.2, Sum: 58.7]
      [GC Worker End (ms): Min: 612034732.9, Avg: 612034732.9, Max: 612034733.0, Diff: 0.1]
   [Code Root Fixup: 0.0 ms]
   [Code Root Purge: 0.0 ms]
   [Clear CT: 0.9 ms]
   [Other: 4.6 ms]
      [Choose CSet: 0.0 ms]
      [Ref Proc: 3.8 ms]
      [Ref Enq: 0.1 ms]
      [Redirty Cards: 0.1 ms]
      [Humongous Register: 0.0 ms]
      [Humongous Reclaim: 0.0 ms]
      [Free CSet: 0.3 ms]
   [Eden: 7152.0M(7152.0M)->0.0B(7152.0M) Survivors: 16384.0K->16384.0K Heap: 10739.1M(14336.0M)->3588.7M(14336.0M)]
 [Times: user=0.08 sys=0.00, real=0.01 secs] 
2022-07-28T23:13:04.966-0700: 612156.470: [GC pause (G1 Evacuation Pause) (young) (initial-mark), 0.0181700 secs]
   [Parallel Time: 12.7 ms, GC Workers: 8]
      [GC Worker Start (ms): Min: 612156472.7, Avg: 612156472.8, Max: 612156472.8, Diff: 0.2]
      [Ext Root Scanning (ms): Min: 5.7, Avg: 6.1, Max: 6.7, Diff: 1.0, Sum: 49.0]
      [Update RS (ms): Min: 1.4, Avg: 1.5, Max: 1.7, Diff: 0.3, Sum: 12.3]
         [Processed Buffers: Min: 3, Avg: 6.4, Max: 9, Diff: 6, Sum: 51]
      [Scan RS (ms): Min: 0.0, Avg: 0.1, Max: 0.1, Diff: 0.1, Sum: 0.4]
      [Code Root Scanning (ms): Min: 0.0, Avg: 0.0, Max: 0.0, Diff: 0.0, Sum: 0.0]
      [Object Copy (ms): Min: 1.8, Avg: 2.5, Max: 2.9, Diff: 1.0, Sum: 19.6]
      [Termination (ms): Min: 0.0, Avg: 0.0, Max: 0.0, Diff: 0.0, Sum: 0.1]
         [Termination Attempts: Min: 15, Avg: 19.5, Max: 24, Diff: 9, Sum: 156]
      [GC Worker Other (ms): Min: 0.0, Avg: 0.1, Max: 0.1, Diff: 0.1, Sum: 0.4]
      [GC Worker Total (ms): Min: 10.2, Avg: 10.2, Max: 10.4, Diff: 0.2, Sum: 81.9]
      [GC Worker End (ms): Min: 612156483.0, Avg: 612156483.0, Max: 612156483.1, Diff: 0.1]
   [Code Root Fixup: 0.0 ms]
   [Code Root Purge: 0.0 ms]
   [Clear CT: 0.7 ms]
   [Other: 4.7 ms]
      [Choose CSet: 0.0 ms]
      [Ref Proc: 3.9 ms]
      [Ref Enq: 0.1 ms]
      [Redirty Cards: 0.1 ms]
      [Humongous Register: 0.0 ms]
      [Humongous Reclaim: 0.0 ms]
      [Free CSet: 0.3 ms]
   [Eden: 7152.0M(7152.0M)->0.0B(7152.0M) Survivors: 16384.0K->16384.0K Heap: 10740.7M(14336.0M)->3593.6M(14336.0M)]
 [Times: user=0.09 sys=0.00, real=0.02 secs] 
2022-07-28T23:13:04.984-0700: 612156.489: [GC concurrent-root-region-scan-start]
2022-07-28T23:13:04.994-0700: 612156.498: [GC concurrent-root-region-scan-end, 0.0097709 secs]
2022-07-28T23:13:04.994-0700: 612156.498: [GC concurrent-mark-start]
2022-07-28T23:13:07.639-0700: 612159.144: [GC concurrent-mark-end, 2.6451883 secs]
2022-07-28T23:13:07.639-0700: 612159.144: [GC remark 2022-07-28T23:13:07.639-0700: 612159.144: [Finalize Marking, 0.0003427 secs] 2022-07-28T23:13:07.640-0700: 612159.144: [GC ref-proc, 0.0099215 secs] 2022-07-28T23:13:07.650-0700: 612159.154: [Unloading, 0.0278609 secs], 0.0441525 secs]
 [Times: user=0.26 sys=0.00, real=0.05 secs] 
2022-07-28T23:13:07.684-0700: 612159.188: [GC cleanup 3761M->3761M(14336M), 0.0095389 secs]
 [Times: user=0.06 sys=0.00, real=0.00 secs] 
2022-07-28T23:15:06.071-0700: 612277.576: [GC pause (G1 Evacuation Pause) (young), 0.0105991 secs]
   [Parallel Time: 6.0 ms, GC Workers: 8]
      [GC Worker Start (ms): Min: 612277576.1, Avg: 612277576.2, Max: 612277576.3, Diff: 0.2]
      [Ext Root Scanning (ms): Min: 1.2, Avg: 2.0, Max: 5.7, Diff: 4.5, Sum: 15.9]
      [Update RS (ms): Min: 0.0, Avg: 1.3, Max: 1.9, Diff: 1.9, Sum: 10.8]
         [Processed Buffers: Min: 0, Avg: 5.4, Max: 12, Diff: 12, Sum: 43]
      [Scan RS (ms): Min: 0.0, Avg: 0.1, Max: 0.1, Diff: 0.1, Sum: 0.4]
      [Code Root Scanning (ms): Min: 0.0, Avg: 0.0, Max: 0.0, Diff: 0.0, Sum: 0.0]
      [Object Copy (ms): Min: 0.0, Avg: 1.9, Max: 2.4, Diff: 2.4, Sum: 15.5]
      [Termination (ms): Min: 0.0, Avg: 0.3, Max: 0.3, Diff: 0.3, Sum: 2.3]
         [Termination Attempts: Min: 1, Avg: 3.2, Max: 6, Diff: 5, Sum: 26]
      [GC Worker Other (ms): Min: 0.0, Avg: 0.0, Max: 0.0, Diff: 0.0, Sum: 0.2]
      [GC Worker Total (ms): Min: 5.6, Avg: 5.6, Max: 5.7, Diff: 0.2, Sum: 45.1]
      [GC Worker End (ms): Min: 612277581.8, Avg: 612277581.8, Max: 612277581.9, Diff: 0.0]
   [Code Root Fixup: 0.0 ms]
   [Code Root Purge: 0.0 ms]
   [Clear CT: 0.6 ms]
   [Other: 4.0 ms]
      [Choose CSet: 0.0 ms]
      [Ref Proc: 3.3 ms]
      [Ref Enq: 0.1 ms]
      [Redirty Cards: 0.1 ms]
      [Humongous Register: 0.1 ms]
      [Humongous Reclaim: 0.0 ms]
      [Free CSet: 0.3 ms]
   [Eden: 7152.0M(7152.0M)->0.0B(5712.0M) Survivors: 16384.0K->16384.0K Heap: 10745.6M(14336.0M)->3591.3M(14336.0M)]
 [Times: user=0.06 sys=0.00, real=0.01 secs] 
2022-07-28T23:16:42.651-0700: 612374.156: [GC pause (G1 Evacuation Pause) (mixed), 0.0146124 secs]
   [Parallel Time: 10.8 ms, GC Workers: 8]
      [GC Worker Start (ms): Min: 612374156.1, Avg: 612374156.2, Max: 612374156.3, Diff: 0.2]
      [Ext Root Scanning (ms): Min: 1.4, Avg: 2.4, Max: 6.7, Diff: 5.3, Sum: 18.9]
      [Update RS (ms): Min: 0.0, Avg: 1.9, Max: 2.6, Diff: 2.6, Sum: 15.2]
         [Processed Buffers: Min: 0, Avg: 5.2, Max: 9, Diff: 9, Sum: 42]
      [Scan RS (ms): Min: 0.0, Avg: 0.8, Max: 1.1, Diff: 1.1, Sum: 6.1]
      [Code Root Scanning (ms): Min: 0.0, Avg: 0.0, Max: 0.0, Diff: 0.0, Sum: 0.0]
      [Object Copy (ms): Min: 3.6, Avg: 5.1, Max: 5.5, Diff: 1.9, Sum: 41.1]
      [Termination (ms): Min: 0.0, Avg: 0.0, Max: 0.0, Diff: 0.0, Sum: 0.1]
         [Termination Attempts: Min: 1, Avg: 23.4, Max: 32, Diff: 31, Sum: 187]
      [GC Worker Other (ms): Min: 0.0, Avg: 0.1, Max: 0.2, Diff: 0.1, Sum: 0.7]
      [GC Worker Total (ms): Min: 10.1, Avg: 10.3, Max: 10.3, Diff: 0.2, Sum: 82.1]
      [GC Worker End (ms): Min: 612374166.4, Avg: 612374166.5, Max: 612374166.5, Diff: 0.1]
   [Code Root Fixup: 0.0 ms]
   [Code Root Purge: 0.0 ms]
   [Clear CT: 0.7 ms]
   [Other: 3.1 ms]
      [Choose CSet: 0.0 ms]
      [Ref Proc: 2.5 ms]
      [Ref Enq: 0.1 ms]
      [Redirty Cards: 0.1 ms]
      [Humongous Register: 0.1 ms]
      [Humongous Reclaim: 0.0 ms]
      [Free CSet: 0.2 ms]
   [Eden: 5712.0M(5712.0M)->0.0B(7152.0M) Survivors: 16384.0K->16384.0K Heap: 9303.3M(14336.0M)->3583.9M(14336.0M)]
 [Times: user=0.09 sys=0.00, real=0.02 secs] 
2022-07-28T23:18:46.376-0700: 612497.881: [GC pause (G1 Evacuation Pause) (young), 0.0116696 secs]
   [Parallel Time: 8.0 ms, GC Workers: 8]
      [GC Worker Start (ms): Min: 612497880.8, Avg: 612497880.9, Max: 612497880.9, Diff: 0.1]
      [Ext Root Scanning (ms): Min: 1.1, Avg: 1.9, Max: 5.2, Diff: 4.1, Sum: 15.0]
      [Update RS (ms): Min: 0.5, Avg: 3.6, Max: 4.4, Diff: 3.9, Sum: 28.8]
         [Processed Buffers: Min: 5, Avg: 11.1, Max: 20, Diff: 15, Sum: 89]
      [Scan RS (ms): Min: 0.0, Avg: 0.0, Max: 0.1, Diff: 0.1, Sum: 0.4]
      [Code Root Scanning (ms): Min: 0.0, Avg: 0.0, Max: 0.0, Diff: 0.0, Sum: 0.0]
      [Object Copy (ms): Min: 1.9, Avg: 2.2, Max: 2.4, Diff: 0.5, Sum: 17.6]
      [Termination (ms): Min: 0.0, Avg: 0.0, Max: 0.0, Diff: 0.0, Sum: 0.1]
         [Termination Attempts: Min: 23, Avg: 26.9, Max: 30, Diff: 7, Sum: 215]
      [GC Worker Other (ms): Min: 0.0, Avg: 0.1, Max: 0.1, Diff: 0.1, Sum: 0.5]
      [GC Worker Total (ms): Min: 7.7, Avg: 7.8, Max: 7.9, Diff: 0.2, Sum: 62.3]
      [GC Worker End (ms): Min: 612497888.6, Avg: 612497888.7, Max: 612497888.7, Diff: 0.1]
   [Code Root Fixup: 0.0 ms]
   [Code Root Purge: 0.0 ms]
   [Clear CT: 0.8 ms]
   [Other: 2.9 ms]
      [Choose CSet: 0.0 ms]
      [Ref Proc: 2.2 ms]
      [Ref Enq: 0.1 ms]
      [Redirty Cards: 0.1 ms]
      [Humongous Register: 0.1 ms]
      [Humongous Reclaim: 0.0 ms]
      [Free CSet: 0.3 ms]
   [Eden: 7152.0M(7152.0M)->0.0B(7152.0M) Survivors: 16384.0K->16384.0K Heap: 10735.9M(14336.0M)->3593.4M(14336.0M)]
 [Times: user=0.08 sys=0.00, real=0.01 secs] 
2022-07-28T23:20:50.663-0700: 612622.168: [GC pause (G1 Evacuation Pause) (young) (initial-mark), 0.0162316 secs]
   [Parallel Time: 12.6 ms, GC Workers: 8]
      [GC Worker Start (ms): Min: 612622169.8, Avg: 612622169.9, Max: 612622169.9, Diff: 0.1]
      [Ext Root Scanning (ms): Min: 6.0, Avg: 6.5, Max: 7.0, Diff: 1.0, Sum: 51.8]
      [Update RS (ms): Min: 1.3, Avg: 1.5, Max: 1.7, Diff: 0.4, Sum: 11.9]
         [Processed Buffers: Min: 3, Avg: 4.9, Max: 7, Diff: 4, Sum: 39]
      [Scan RS (ms): Min: 0.0, Avg: 0.1, Max: 0.1, Diff: 0.1, Sum: 0.4]
      [Code Root Scanning (ms): Min: 0.0, Avg: 0.0, Max: 0.0, Diff: 0.0, Sum: 0.0]
      [Object Copy (ms): Min: 1.8, Avg: 2.5, Max: 2.9, Diff: 1.2, Sum: 19.7]
      [Termination (ms): Min: 0.0, Avg: 0.0, Max: 0.0, Diff: 0.0, Sum: 0.0]
         [Termination Attempts: Min: 1, Avg: 1.1, Max: 2, Diff: 1, Sum: 9]
      [GC Worker Other (ms): Min: 0.0, Avg: 0.0, Max: 0.1, Diff: 0.1, Sum: 0.4]
      [GC Worker Total (ms): Min: 10.4, Avg: 10.5, Max: 10.6, Diff: 0.1, Sum: 84.2]
      [GC Worker End (ms): Min: 612622180.4, Avg: 612622180.4, Max: 612622180.4, Diff: 0.1]
   [Code Root Fixup: 0.0 ms]
   [Code Root Purge: 0.0 ms]
   [Clear CT: 0.7 ms]
   [Other: 2.9 ms]
      [Choose CSet: 0.0 ms]
      [Ref Proc: 2.1 ms]
      [Ref Enq: 0.1 ms]
      [Redirty Cards: 0.1 ms]
      [Humongous Register: 0.0 ms]
      [Humongous Reclaim: 0.0 ms]
      [Free CSet: 0.3 ms]
   [Eden: 7152.0M(7152.0M)->0.0B(7152.0M) Survivors: 16384.0K->16384.0K Heap: 10745.4M(14336.0M)->3592.5M(14336.0M)]
 [Times: user=0.09 sys=0.00, real=0.01 secs] 
2022-07-28T23:20:50.679-0700: 612622.184: [GC concurrent-root-region-scan-start]
2022-07-28T23:20:50.689-0700: 612622.194: [GC concurrent-root-region-scan-end, 0.0095701 secs]
2022-07-28T23:20:50.689-0700: 612622.194: [GC concurrent-mark-start]
2022-07-28T23:20:53.344-0700: 612624.848: [GC concurrent-mark-end, 2.6547165 secs]
2022-07-28T23:20:53.344-0700: 612624.849: [GC remark 2022-07-28T23:20:53.344-0700: 612624.849: [Finalize Marking, 0.0002459 secs] 2022-07-28T23:20:53.344-0700: 612624.849: [GC ref-proc, 0.0098606 secs] 2022-07-28T23:20:53.354-0700: 612624.859: [Unloading, 0.0279927 secs], 0.0439978 secs]
 [Times: user=0.25 sys=0.00, real=0.04 secs] 
2022-07-28T23:20:53.388-0700: 612624.893: [GC cleanup 3808M->3808M(14336M), 0.0085197 secs]
 [Times: user=0.06 sys=0.00, real=0.01 secs] 
2022-07-28T23:22:53.014-0700: 612744.519: [GC pause (G1 Evacuation Pause) (young), 0.0101789 secs]
   [Parallel Time: 6.7 ms, GC Workers: 8]
      [GC Worker Start (ms): Min: 612744519.0, Avg: 612744519.1, Max: 612744519.2, Diff: 0.1]
      [Ext Root Scanning (ms): Min: 1.3, Avg: 2.1, Max: 6.0, Diff: 4.7, Sum: 16.6]
      [Update RS (ms): Min: 0.0, Avg: 1.8, Max: 2.3, Diff: 2.3, Sum: 14.0]
         [Processed Buffers: Min: 0, Avg: 5.5, Max: 9, Diff: 9, Sum: 44]
      [Scan RS (ms): Min: 0.0, Avg: 0.1, Max: 0.1, Diff: 0.1, Sum: 0.5]
      [Code Root Scanning (ms): Min: 0.0, Avg: 0.0, Max: 0.0, Diff: 0.0, Sum: 0.0]
      [Object Copy (ms): Min: 0.4, Avg: 2.5, Max: 2.9, Diff: 2.5, Sum: 19.8]
      [Termination (ms): Min: 0.0, Avg: 0.0, Max: 0.0, Diff: 0.0, Sum: 0.0]
         [Termination Attempts: Min: 1, Avg: 1.0, Max: 1, Diff: 0, Sum: 8]
      [GC Worker Other (ms): Min: 0.0, Avg: 0.1, Max: 0.1, Diff: 0.1, Sum: 0.4]
      [GC Worker Total (ms): Min: 6.4, Avg: 6.4, Max: 6.5, Diff: 0.1, Sum: 51.4]
      [GC Worker End (ms): Min: 612744525.5, Avg: 612744525.5, Max: 612744525.6, Diff: 0.1]
   [Code Root Fixup: 0.0 ms]
   [Code Root Purge: 0.0 ms]
   [Clear CT: 0.8 ms]
   [Other: 2.7 ms]
      [Choose CSet: 0.0 ms]
      [Ref Proc: 2.0 ms]
      [Ref Enq: 0.1 ms]
      [Redirty Cards: 0.1 ms]
      [Humongous Register: 0.1 ms]
      [Humongous Reclaim: 0.0 ms]
      [Free CSet: 0.3 ms]
   [Eden: 7152.0M(7152.0M)->0.0B(5712.0M) Survivors: 16384.0K->16384.0K Heap: 10744.5M(14336.0M)->3597.7M(14336.0M)]
 [Times: user=0.07 sys=0.00, real=0.02 secs] 
2022-07-28T23:24:31.922-0700: 612843.427: [GC pause (G1 Evacuation Pause) (mixed), 0.0111756 secs]
   [Parallel Time: 7.9 ms, GC Workers: 8]
      [GC Worker Start (ms): Min: 612843426.9, Avg: 612843427.0, Max: 612843427.0, Diff: 0.1]
      [Ext Root Scanning (ms): Min: 1.2, Avg: 2.1, Max: 6.6, Diff: 5.4, Sum: 16.6]
      [Update RS (ms): Min: 0.0, Avg: 1.1, Max: 1.5, Diff: 1.5, Sum: 9.0]
         [Processed Buffers: Min: 0, Avg: 4.8, Max: 9, Diff: 9, Sum: 38]
      [Scan RS (ms): Min: 0.0, Avg: 0.6, Max: 0.7, Diff: 0.7, Sum: 4.6]
      [Code Root Scanning (ms): Min: 0.0, Avg: 0.0, Max: 0.0, Diff: 0.0, Sum: 0.0]
      [Object Copy (ms): Min: 1.1, Avg: 3.8, Max: 4.3, Diff: 3.3, Sum: 30.5]
      [Termination (ms): Min: 0.0, Avg: 0.0, Max: 0.0, Diff: 0.0, Sum: 0.0]
         [Termination Attempts: Min: 1, Avg: 4.0, Max: 6, Diff: 5, Sum: 32]
      [GC Worker Other (ms): Min: 0.0, Avg: 0.1, Max: 0.1, Diff: 0.1, Sum: 0.5]
      [GC Worker Total (ms): Min: 7.6, Avg: 7.6, Max: 7.7, Diff: 0.1, Sum: 61.2]
      [GC Worker End (ms): Min: 612843434.6, Avg: 612843434.6, Max: 612843434.6, Diff: 0.1]
   [Code Root Fixup: 0.0 ms]
   [Code Root Purge: 0.0 ms]
   [Clear CT: 0.7 ms]
   [Other: 2.6 ms]
      [Choose CSet: 0.0 ms]
      [Ref Proc: 2.0 ms]
      [Ref Enq: 0.1 ms]
      [Redirty Cards: 0.1 ms]
      [Humongous Register: 0.1 ms]
      [Humongous Reclaim: 0.0 ms]
      [Free CSet: 0.2 ms]
   [Eden: 5712.0M(5712.0M)->0.0B(7152.0M) Survivors: 16384.0K->16384.0K Heap: 9309.7M(14336.0M)->3587.0M(14336.0M)]
 [Times: user=0.07 sys=0.00, real=0.01 secs] 
2022-07-28T23:26:35.018-0700: 612966.523: [GC pause (G1 Evacuation Pause) (young), 0.0104681 secs]
   [Parallel Time: 7.3 ms, GC Workers: 8]
      [GC Worker Start (ms): Min: 612966523.0, Avg: 612966523.1, Max: 612966523.2, Diff: 0.1]
      [Ext Root Scanning (ms): Min: 1.1, Avg: 1.8, Max: 5.0, Diff: 3.9, Sum: 14.6]
      [Update RS (ms): Min: 0.4, Avg: 3.2, Max: 3.9, Diff: 3.4, Sum: 25.5]
         [Processed Buffers: Min: 6, Avg: 11.1, Max: 14, Diff: 8, Sum: 89]
      [Scan RS (ms): Min: 0.0, Avg: 0.0, Max: 0.1, Diff: 0.1, Sum: 0.4]
      [Code Root Scanning (ms): Min: 0.0, Avg: 0.0, Max: 0.0, Diff: 0.0, Sum: 0.0]
      [Object Copy (ms): Min: 1.6, Avg: 1.9, Max: 2.1, Diff: 0.5, Sum: 15.3]
      [Termination (ms): Min: 0.0, Avg: 0.0, Max: 0.0, Diff: 0.0, Sum: 0.1]
         [Termination Attempts: Min: 27, Avg: 32.8, Max: 43, Diff: 16, Sum: 262]
      [GC Worker Other (ms): Min: 0.0, Avg: 0.1, Max: 0.1, Diff: 0.1, Sum: 0.5]
      [GC Worker Total (ms): Min: 7.0, Avg: 7.1, Max: 7.1, Diff: 0.2, Sum: 56.4]
      [GC Worker End (ms): Min: 612966530.1, Avg: 612966530.2, Max: 612966530.2, Diff: 0.1]
   [Code Root Fixup: 0.0 ms]
   [Code Root Purge: 0.0 ms]
   [Clear CT: 0.8 ms]
   [Other: 2.4 ms]
      [Choose CSet: 0.0 ms]
      [Ref Proc: 1.8 ms]
      [Ref Enq: 0.1 ms]
      [Redirty Cards: 0.1 ms]
      [Humongous Register: 0.0 ms]
      [Humongous Reclaim: 0.0 ms]
      [Free CSet: 0.3 ms]
   [Eden: 7152.0M(7152.0M)->0.0B(7152.0M) Survivors: 16384.0K->16384.0K Heap: 10739.0M(14336.0M)->3590.0M(14336.0M)]
 [Times: user=0.07 sys=0.00, real=0.01 secs] 
2022-07-28T23:28:33.827-0700: 613085.332: [GC pause (G1 Evacuation Pause) (young) (initial-mark), 0.0181495 secs]
   [Parallel Time: 12.2 ms, GC Workers: 8]
      [GC Worker Start (ms): Min: 613085334.4, Avg: 613085334.5, Max: 613085334.6, Diff: 0.2]
      [Ext Root Scanning (ms): Min: 5.4, Avg: 5.7, Max: 6.2, Diff: 0.8, Sum: 45.9]
      [Update RS (ms): Min: 1.3, Avg: 1.5, Max: 1.8, Diff: 0.5, Sum: 12.4]
         [Processed Buffers: Min: 4, Avg: 5.5, Max: 8, Diff: 4, Sum: 44]
      [Scan RS (ms): Min: 0.0, Avg: 0.1, Max: 0.1, Diff: 0.1, Sum: 0.4]
      [Code Root Scanning (ms): Min: 0.0, Avg: 0.0, Max: 0.0, Diff: 0.0, Sum: 0.0]
      [Object Copy (ms): Min: 2.1, Avg: 2.6, Max: 2.9, Diff: 0.9, Sum: 21.1]
      [Termination (ms): Min: 0.0, Avg: 0.0, Max: 0.0, Diff: 0.0, Sum: 0.0]
         [Termination Attempts: Min: 4, Avg: 7.4, Max: 10, Diff: 6, Sum: 59]
      [GC Worker Other (ms): Min: 0.0, Avg: 0.1, Max: 0.1, Diff: 0.1, Sum: 0.4]
      [GC Worker Total (ms): Min: 10.0, Avg: 10.0, Max: 10.1, Diff: 0.2, Sum: 80.3]
      [GC Worker End (ms): Min: 613085344.5, Avg: 613085344.5, Max: 613085344.6, Diff: 0.1]
   [Code Root Fixup: 0.0 ms]
   [Code Root Purge: 0.0 ms]
   [Clear CT: 0.7 ms]
   [Other: 5.2 ms]
      [Choose CSet: 0.0 ms]
      [Ref Proc: 4.5 ms]
      [Ref Enq: 0.1 ms]
      [Redirty Cards: 0.1 ms]
      [Humongous Register: 0.0 ms]
      [Humongous Reclaim: 0.0 ms]
      [Free CSet: 0.3 ms]
   [Eden: 7152.0M(7152.0M)->0.0B(7152.0M) Survivors: 16384.0K->16384.0K Heap: 10742.0M(14336.0M)->3595.5M(14336.0M)]
 [Times: user=0.09 sys=0.00, real=0.02 secs] 
2022-07-28T23:28:33.846-0700: 613085.351: [GC concurrent-root-region-scan-start]
2022-07-28T23:28:33.856-0700: 613085.361: [GC concurrent-root-region-scan-end, 0.0101506 secs]
2022-07-28T23:28:33.856-0700: 613085.361: [GC concurrent-mark-start]
2022-07-28T23:28:36.558-0700: 613088.063: [GC concurrent-mark-end, 2.7018640 secs]
2022-07-28T23:28:36.558-0700: 613088.063: [GC remark 2022-07-28T23:28:36.558-0700: 613088.063: [Finalize Marking, 0.0003352 secs] 2022-07-28T23:28:36.559-0700: 613088.063: [GC ref-proc, 0.0111820 secs] 2022-07-28T23:28:36.570-0700: 613088.075: [Unloading, 0.0272130 secs], 0.0444772 secs]
 [Times: user=0.25 sys=0.00, real=0.05 secs] 
2022-07-28T23:28:36.603-0700: 613088.108: [GC cleanup 3783M->3783M(14336M), 0.0084916 secs]
 [Times: user=0.07 sys=0.00, real=0.00 secs] 
2022-07-28T23:30:37.120-0700: 613208.624: [GC pause (G1 Evacuation Pause) (young), 0.0095847 secs]
   [Parallel Time: 6.3 ms, GC Workers: 8]
      [GC Worker Start (ms): Min: 613208624.7, Avg: 613208624.7, Max: 613208624.8, Diff: 0.1]
      [Ext Root Scanning (ms): Min: 1.3, Avg: 2.1, Max: 5.6, Diff: 4.3, Sum: 16.5]
      [Update RS (ms): Min: 0.0, Avg: 1.7, Max: 2.1, Diff: 2.1, Sum: 13.4]
         [Processed Buffers: Min: 0, Avg: 5.6, Max: 9, Diff: 9, Sum: 45]
      [Scan RS (ms): Min: 0.0, Avg: 0.1, Max: 0.1, Diff: 0.1, Sum: 0.4]
      [Code Root Scanning (ms): Min: 0.0, Avg: 0.0, Max: 0.0, Diff: 0.0, Sum: 0.0]
      [Object Copy (ms): Min: 0.1, Avg: 1.9, Max: 2.2, Diff: 2.1, Sum: 15.1]
      [Termination (ms): Min: 0.0, Avg: 0.0, Max: 0.0, Diff: 0.0, Sum: 0.0]
         [Termination Attempts: Min: 1, Avg: 3.0, Max: 6, Diff: 5, Sum: 24]
      [GC Worker Other (ms): Min: 0.0, Avg: 0.1, Max: 0.3, Diff: 0.3, Sum: 1.0]
      [GC Worker Total (ms): Min: 5.7, Avg: 5.8, Max: 5.9, Diff: 0.2, Sum: 46.4]
      [GC Worker End (ms): Min: 613208630.4, Avg: 613208630.5, Max: 613208630.7, Diff: 0.3]
   [Code Root Fixup: 0.0 ms]
   [Code Root Purge: 0.0 ms]
   [Clear CT: 0.7 ms]
   [Other: 2.6 ms]
      [Choose CSet: 0.0 ms]
      [Ref Proc: 2.0 ms]
      [Ref Enq: 0.1 ms]
      [Redirty Cards: 0.1 ms]
      [Humongous Register: 0.1 ms]
      [Humongous Reclaim: 0.0 ms]
      [Free CSet: 0.3 ms]
   [Eden: 7152.0M(7152.0M)->0.0B(5712.0M) Survivors: 16384.0K->16384.0K Heap: 10747.5M(14336.0M)->3593.2M(14336.0M)]
 [Times: user=0.04 sys=0.01, real=0.01 secs] 
2022-07-28T23:32:15.521-0700: 613307.026: [GC pause (G1 Evacuation Pause) (mixed), 0.0129647 secs]
   [Parallel Time: 8.1 ms, GC Workers: 8]
      [GC Worker Start (ms): Min: 613307026.0, Avg: 613307026.1, Max: 613307026.2, Diff: 0.1]
      [Ext Root Scanning (ms): Min: 1.2, Avg: 2.1, Max: 6.5, Diff: 5.3, Sum: 16.8]
      [Update RS (ms): Min: 0.0, Avg: 1.3, Max: 2.0, Diff: 2.0, Sum: 10.7]
         [Processed Buffers: Min: 0, Avg: 5.2, Max: 12, Diff: 12, Sum: 42]
      [Scan RS (ms): Min: 0.0, Avg: 0.5, Max: 0.7, Diff: 0.7, Sum: 4.3]
      [Code Root Scanning (ms): Min: 0.0, Avg: 0.0, Max: 0.0, Diff: 0.0, Sum: 0.0]
      [Object Copy (ms): Min: 1.0, Avg: 3.6, Max: 4.1, Diff: 3.0, Sum: 28.5]
      [Termination (ms): Min: 0.0, Avg: 0.0, Max: 0.0, Diff: 0.0, Sum: 0.0]
         [Termination Attempts: Min: 1, Avg: 2.6, Max: 4, Diff: 3, Sum: 21]
      [GC Worker Other (ms): Min: 0.0, Avg: 0.1, Max: 0.1, Diff: 0.1, Sum: 0.5]
      [GC Worker Total (ms): Min: 7.5, Avg: 7.6, Max: 7.6, Diff: 0.1, Sum: 60.8]
      [GC Worker End (ms): Min: 613307033.7, Avg: 613307033.7, Max: 613307033.8, Diff: 0.1]
   [Code Root Fixup: 0.0 ms]
   [Code Root Purge: 0.0 ms]
   [Clear CT: 0.7 ms]
   [Other: 4.2 ms]
      [Choose CSet: 0.0 ms]
      [Ref Proc: 3.6 ms]
      [Ref Enq: 0.1 ms]
      [Redirty Cards: 0.1 ms]
      [Humongous Register: 0.1 ms]
      [Humongous Reclaim: 0.0 ms]
      [Free CSet: 0.2 ms]
   [Eden: 5712.0M(5712.0M)->0.0B(7152.0M) Survivors: 16384.0K->16384.0K Heap: 9305.2M(14336.0M)->3584.8M(14336.0M)]
 [Times: user=0.08 sys=0.00, real=0.01 secs] 
2022-07-28T23:34:14.301-0700: 613425.805: [GC pause (G1 Evacuation Pause) (young), 0.0144360 secs]
   [Parallel Time: 9.4 ms, GC Workers: 8]
      [GC Worker Start (ms): Min: 613425805.5, Avg: 613425805.6, Max: 613425805.7, Diff: 0.2]
      [Ext Root Scanning (ms): Min: 1.3, Avg: 2.1, Max: 5.6, Diff: 4.3, Sum: 17.1]
      [Update RS (ms): Min: 1.3, Avg: 4.4, Max: 5.2, Diff: 3.8, Sum: 34.8]
         [Processed Buffers: Min: 3, Avg: 10.2, Max: 15, Diff: 12, Sum: 82]
      [Scan RS (ms): Min: 0.0, Avg: 0.1, Max: 0.1, Diff: 0.1, Sum: 0.4]
      [Code Root Scanning (ms): Min: 0.0, Avg: 0.0, Max: 0.0, Diff: 0.0, Sum: 0.0]
      [Object Copy (ms): Min: 2.1, Avg: 2.5, Max: 2.7, Diff: 0.6, Sum: 19.8]
      [Termination (ms): Min: 0.0, Avg: 0.0, Max: 0.0, Diff: 0.0, Sum: 0.0]
         [Termination Attempts: Min: 1, Avg: 2.6, Max: 5, Diff: 4, Sum: 21]
      [GC Worker Other (ms): Min: 0.0, Avg: 0.1, Max: 0.1, Diff: 0.1, Sum: 0.5]
      [GC Worker Total (ms): Min: 9.0, Avg: 9.1, Max: 9.2, Diff: 0.2, Sum: 72.7]
      [GC Worker End (ms): Min: 613425814.6, Avg: 613425814.7, Max: 613425814.7, Diff: 0.1]
   [Code Root Fixup: 0.0 ms]
   [Code Root Purge: 0.0 ms]
   [Clear CT: 0.8 ms]
   [Other: 4.2 ms]
      [Choose CSet: 0.0 ms]
      [Ref Proc: 3.6 ms]
      [Ref Enq: 0.1 ms]
      [Redirty Cards: 0.1 ms]
      [Humongous Register: 0.1 ms]
      [Humongous Reclaim: 0.0 ms]
      [Free CSet: 0.3 ms]
   [Eden: 7152.0M(7152.0M)->0.0B(7152.0M) Survivors: 16384.0K->16384.0K Heap: 10736.8M(14336.0M)->3593.3M(14336.0M)]
 [Times: user=0.08 sys=0.00, real=0.02 secs] 
2022-07-28T23:36:14.371-0700: 613545.876: [GC pause (G1 Evacuation Pause) (young) (initial-mark), 0.0140681 secs]
   [Parallel Time: 10.7 ms, GC Workers: 8]
      [GC Worker Start (ms): Min: 613545877.9, Avg: 613545878.0, Max: 613545878.1, Diff: 0.2]
      [Ext Root Scanning (ms): Min: 4.6, Avg: 5.0, Max: 5.4, Diff: 0.8, Sum: 39.8]
      [Update RS (ms): Min: 1.2, Avg: 1.3, Max: 1.4, Diff: 0.2, Sum: 10.3]
         [Processed Buffers: Min: 3, Avg: 5.1, Max: 11, Diff: 8, Sum: 41]
      [Scan RS (ms): Min: 0.0, Avg: 0.0, Max: 0.1, Diff: 0.1, Sum: 0.4]
      [Code Root Scanning (ms): Min: 0.0, Avg: 0.0, Max: 0.0, Diff: 0.0, Sum: 0.0]
      [Object Copy (ms): Min: 1.6, Avg: 2.1, Max: 2.4, Diff: 0.8, Sum: 16.6]
      [Termination (ms): Min: 0.0, Avg: 0.0, Max: 0.0, Diff: 0.0, Sum: 0.0]
         [Termination Attempts: Min: 1, Avg: 5.5, Max: 8, Diff: 7, Sum: 44]
      [GC Worker Other (ms): Min: 0.0, Avg: 0.1, Max: 0.1, Diff: 0.1, Sum: 0.6]
      [GC Worker Total (ms): Min: 8.3, Avg: 8.5, Max: 8.6, Diff: 0.2, Sum: 67.8]
      [GC Worker End (ms): Min: 613545886.4, Avg: 613545886.5, Max: 613545886.5, Diff: 0.1]
   [Code Root Fixup: 0.0 ms]
   [Code Root Purge: 0.0 ms]
   [Clear CT: 0.7 ms]
   [Other: 2.6 ms]
      [Choose CSet: 0.0 ms]
      [Ref Proc: 2.0 ms]
      [Ref Enq: 0.1 ms]
      [Redirty Cards: 0.1 ms]
      [Humongous Register: 0.0 ms]
      [Humongous Reclaim: 0.0 ms]
      [Free CSet: 0.3 ms]
   [Eden: 7152.0M(7152.0M)->0.0B(7152.0M) Survivors: 16384.0K->16384.0K Heap: 10745.3M(14336.0M)->3590.9M(14336.0M)]
 [Times: user=0.07 sys=0.00, real=0.02 secs] 
2022-07-28T23:36:14.385-0700: 613545.890: [GC concurrent-root-region-scan-start]
2022-07-28T23:36:14.395-0700: 613545.899: [GC concurrent-root-region-scan-end, 0.0094043 secs]
2022-07-28T23:36:14.395-0700: 613545.899: [GC concurrent-mark-start]
2022-07-28T23:36:17.073-0700: 613548.578: [GC concurrent-mark-end, 2.6782218 secs]
2022-07-28T23:36:17.073-0700: 613548.578: [GC remark 2022-07-28T23:36:17.073-0700: 613548.578: [Finalize Marking, 0.0003413 secs] 2022-07-28T23:36:17.074-0700: 613548.578: [GC ref-proc, 0.0082768 secs] 2022-07-28T23:36:17.082-0700: 613548.587: [Unloading, 0.0275866 secs], 0.0420346 secs]
 [Times: user=0.26 sys=0.00, real=0.05 secs] 
2022-07-28T23:36:17.116-0700: 613548.620: [GC cleanup 3759M->3759M(14336M), 0.0089479 secs]
 [Times: user=0.06 sys=0.00, real=0.01 secs] 
2022-07-28T23:38:16.565-0700: 613668.070: [GC pause (G1 Evacuation Pause) (young), 0.0106396 secs]
   [Parallel Time: 6.8 ms, GC Workers: 8]
      [GC Worker Start (ms): Min: 613668069.7, Avg: 613668069.8, Max: 613668069.9, Diff: 0.1]
      [Ext Root Scanning (ms): Min: 1.3, Avg: 2.1, Max: 5.6, Diff: 4.3, Sum: 16.9]
      [Update RS (ms): Min: 0.0, Avg: 1.9, Max: 2.6, Diff: 2.6, Sum: 15.5]
         [Processed Buffers: Min: 0, Avg: 5.8, Max: 11, Diff: 11, Sum: 46]
      [Scan RS (ms): Min: 0.0, Avg: 0.1, Max: 0.2, Diff: 0.1, Sum: 0.5]
      [Code Root Scanning (ms): Min: 0.0, Avg: 0.0, Max: 0.0, Diff: 0.0, Sum: 0.0]
      [Object Copy (ms): Min: 0.9, Avg: 2.4, Max: 2.8, Diff: 1.9, Sum: 18.9]
      [Termination (ms): Min: 0.0, Avg: 0.0, Max: 0.0, Diff: 0.0, Sum: 0.2]
         [Termination Attempts: Min: 24, Avg: 29.8, Max: 36, Diff: 12, Sum: 238]
      [GC Worker Other (ms): Min: 0.0, Avg: 0.0, Max: 0.0, Diff: 0.0, Sum: 0.2]
      [GC Worker Total (ms): Min: 6.5, Avg: 6.5, Max: 6.6, Diff: 0.1, Sum: 52.2]
      [GC Worker End (ms): Min: 613668076.3, Avg: 613668076.3, Max: 613668076.4, Diff: 0.0]
   [Code Root Fixup: 0.0 ms]
   [Code Root Purge: 0.0 ms]
   [Clear CT: 0.7 ms]
   [Other: 3.1 ms]
      [Choose CSet: 0.0 ms]
      [Ref Proc: 2.4 ms]
      [Ref Enq: 0.1 ms]
      [Redirty Cards: 0.1 ms]
      [Humongous Register: 0.0 ms]
      [Humongous Reclaim: 0.0 ms]
      [Free CSet: 0.3 ms]
   [Eden: 7152.0M(7152.0M)->0.0B(5712.0M) Survivors: 16384.0K->16384.0K Heap: 10742.9M(14336.0M)->3594.9M(14336.0M)]
 [Times: user=0.07 sys=0.00, real=0.01 secs] 
2022-07-28T23:39:54.913-0700: 613766.418: [GC pause (G1 Evacuation Pause) (mixed), 0.0118254 secs]
   [Parallel Time: 9.2 ms, GC Workers: 8]
      [GC Worker Start (ms): Min: 613766418.0, Avg: 613766418.0, Max: 613766418.1, Diff: 0.1]
      [Ext Root Scanning (ms): Min: 1.5, Avg: 2.5, Max: 7.6, Diff: 6.1, Sum: 19.8]
      [Update RS (ms): Min: 0.0, Avg: 1.5, Max: 2.0, Diff: 2.0, Sum: 12.0]
         [Processed Buffers: Min: 0, Avg: 5.0, Max: 10, Diff: 10, Sum: 40]
      [Scan RS (ms): Min: 0.0, Avg: 0.7, Max: 0.9, Diff: 0.9, Sum: 6.0]
      [Code Root Scanning (ms): Min: 0.0, Avg: 0.0, Max: 0.0, Diff: 0.0, Sum: 0.0]
      [Object Copy (ms): Min: 1.5, Avg: 4.4, Max: 4.9, Diff: 3.4, Sum: 35.0]
      [Termination (ms): Min: 0.0, Avg: 0.0, Max: 0.0, Diff: 0.0, Sum: 0.0]
         [Termination Attempts: Min: 1, Avg: 8.8, Max: 12, Diff: 11, Sum: 70]
      [GC Worker Other (ms): Min: 0.0, Avg: 0.0, Max: 0.1, Diff: 0.1, Sum: 0.3]
      [GC Worker Total (ms): Min: 9.1, Avg: 9.1, Max: 9.2, Diff: 0.1, Sum: 73.2]
      [GC Worker End (ms): Min: 613766427.1, Avg: 613766427.2, Max: 613766427.2, Diff: 0.0]
   [Code Root Fixup: 0.0 ms]
   [Code Root Purge: 0.0 ms]
   [Clear CT: 0.7 ms]
   [Other: 1.9 ms]
      [Choose CSet: 0.0 ms]
      [Ref Proc: 1.3 ms]
      [Ref Enq: 0.1 ms]
      [Redirty Cards: 0.1 ms]
      [Humongous Register: 0.1 ms]
      [Humongous Reclaim: 0.0 ms]
      [Free CSet: 0.2 ms]
   [Eden: 5712.0M(5712.0M)->0.0B(7152.0M) Survivors: 16384.0K->16384.0K Heap: 9306.9M(14336.0M)->3583.9M(14336.0M)]
 [Times: user=0.09 sys=0.00, real=0.02 secs] 
2022-07-28T23:41:57.564-0700: 613889.069: [GC pause (G1 Evacuation Pause) (young), 0.0117457 secs]
   [Parallel Time: 8.3 ms, GC Workers: 8]
      [GC Worker Start (ms): Min: 613889069.4, Avg: 613889069.4, Max: 613889069.4, Diff: 0.1]
      [Ext Root Scanning (ms): Min: 1.3, Avg: 2.1, Max: 5.8, Diff: 4.4, Sum: 17.0]
      [Update RS (ms): Min: 0.9, Avg: 4.0, Max: 4.9, Diff: 4.0, Sum: 32.3]
         [Processed Buffers: Min: 2, Avg: 10.8, Max: 18, Diff: 16, Sum: 86]
      [Scan RS (ms): Min: 0.0, Avg: 0.0, Max: 0.1, Diff: 0.1, Sum: 0.4]
      [Code Root Scanning (ms): Min: 0.0, Avg: 0.0, Max: 0.0, Diff: 0.0, Sum: 0.0]
      [Object Copy (ms): Min: 1.3, Avg: 1.7, Max: 1.9, Diff: 0.6, Sum: 13.7]
      [Termination (ms): Min: 0.0, Avg: 0.0, Max: 0.0, Diff: 0.0, Sum: 0.2]
         [Termination Attempts: Min: 1, Avg: 3.0, Max: 5, Diff: 4, Sum: 24]
      [GC Worker Other (ms): Min: 0.0, Avg: 0.0, Max: 0.1, Diff: 0.0, Sum: 0.2]
      [GC Worker Total (ms): Min: 7.9, Avg: 8.0, Max: 8.0, Diff: 0.1, Sum: 63.7]
      [GC Worker End (ms): Min: 613889077.4, Avg: 613889077.4, Max: 613889077.4, Diff: 0.0]
   [Code Root Fixup: 0.0 ms]
   [Code Root Purge: 0.0 ms]
   [Clear CT: 0.7 ms]
   [Other: 2.7 ms]
      [Choose CSet: 0.0 ms]
      [Ref Proc: 2.0 ms]
      [Ref Enq: 0.1 ms]
      [Redirty Cards: 0.1 ms]
      [Humongous Register: 0.1 ms]
      [Humongous Reclaim: 0.0 ms]
      [Free CSet: 0.3 ms]
   [Eden: 7152.0M(7152.0M)->0.0B(7152.0M) Survivors: 16384.0K->16384.0K Heap: 10735.9M(14336.0M)->3590.2M(14336.0M)]
 [Times: user=0.07 sys=0.00, real=0.01 secs] 
2022-07-28T23:43:59.068-0700: 614010.572: [GC pause (G1 Evacuation Pause) (young) (initial-mark), 0.0170725 secs]
   [Parallel Time: 12.4 ms, GC Workers: 8]
      [GC Worker Start (ms): Min: 614010574.6, Avg: 614010574.7, Max: 614010574.8, Diff: 0.2]
      [Ext Root Scanning (ms): Min: 5.7, Avg: 6.1, Max: 6.5, Diff: 0.8, Sum: 48.5]
      [Update RS (ms): Min: 1.4, Avg: 1.6, Max: 1.9, Diff: 0.5, Sum: 12.4]
         [Processed Buffers: Min: 3, Avg: 4.8, Max: 7, Diff: 4, Sum: 38]
      [Scan RS (ms): Min: 0.0, Avg: 0.1, Max: 0.1, Diff: 0.1, Sum: 0.5]
      [Code Root Scanning (ms): Min: 0.0, Avg: 0.0, Max: 0.0, Diff: 0.0, Sum: 0.0]
      [Object Copy (ms): Min: 2.0, Avg: 2.4, Max: 2.8, Diff: 0.8, Sum: 18.9]
      [Termination (ms): Min: 0.0, Avg: 0.0, Max: 0.0, Diff: 0.0, Sum: 0.0]
         [Termination Attempts: Min: 1, Avg: 6.4, Max: 12, Diff: 11, Sum: 51]
      [GC Worker Other (ms): Min: 0.0, Avg: 0.1, Max: 0.1, Diff: 0.1, Sum: 0.4]
      [GC Worker Total (ms): Min: 10.0, Avg: 10.1, Max: 10.2, Diff: 0.2, Sum: 80.7]
      [GC Worker End (ms): Min: 614010584.8, Avg: 614010584.8, Max: 614010584.9, Diff: 0.1]
   [Code Root Fixup: 0.0 ms]
   [Code Root Purge: 0.0 ms]
   [Clear CT: 0.7 ms]
   [Other: 3.9 ms]
      [Choose CSet: 0.0 ms]
      [Ref Proc: 3.2 ms]
      [Ref Enq: 0.1 ms]
      [Redirty Cards: 0.1 ms]
      [Humongous Register: 0.0 ms]
      [Humongous Reclaim: 0.0 ms]
      [Free CSet: 0.3 ms]
   [Eden: 7152.0M(7152.0M)->0.0B(7152.0M) Survivors: 16384.0K->16384.0K Heap: 10742.2M(14336.0M)->3594.5M(14336.0M)]
 [Times: user=0.09 sys=0.00, real=0.02 secs] 
2022-07-28T23:43:59.085-0700: 614010.590: [GC concurrent-root-region-scan-start]
2022-07-28T23:43:59.094-0700: 614010.599: [GC concurrent-root-region-scan-end, 0.0091294 secs]
2022-07-28T23:43:59.094-0700: 614010.599: [GC concurrent-mark-start]
2022-07-28T23:44:01.719-0700: 614013.224: [GC concurrent-mark-end, 2.6253882 secs]
2022-07-28T23:44:01.720-0700: 614013.224: [GC remark 2022-07-28T23:44:01.720-0700: 614013.224: [Finalize Marking, 0.0003516 secs] 2022-07-28T23:44:01.720-0700: 614013.225: [GC ref-proc, 0.0072442 secs] 2022-07-28T23:44:01.727-0700: 614013.232: [Unloading, 0.0282494 secs], 0.0416145 secs]
 [Times: user=0.26 sys=0.00, real=0.04 secs] 
2022-07-28T23:44:01.762-0700: 614013.266: [GC cleanup 3786M->3786M(14336M), 0.0083448 secs]
 [Times: user=0.06 sys=0.00, real=0.01 secs] 
2022-07-28T23:46:00.825-0700: 614132.330: [GC pause (G1 Evacuation Pause) (young), 0.0116580 secs]
   [Parallel Time: 6.3 ms, GC Workers: 8]
      [GC Worker Start (ms): Min: 614132330.3, Avg: 614132330.4, Max: 614132330.5, Diff: 0.1]
      [Ext Root Scanning (ms): Min: 1.2, Avg: 2.0, Max: 5.7, Diff: 4.5, Sum: 16.0]
      [Update RS (ms): Min: 0.0, Avg: 1.3, Max: 1.8, Diff: 1.8, Sum: 10.3]
         [Processed Buffers: Min: 0, Avg: 5.1, Max: 8, Diff: 8, Sum: 41]
      [Scan RS (ms): Min: 0.0, Avg: 0.1, Max: 0.1, Diff: 0.1, Sum: 0.4]
      [Code Root Scanning (ms): Min: 0.0, Avg: 0.0, Max: 0.0, Diff: 0.0, Sum: 0.0]
      [Object Copy (ms): Min: 0.0, Avg: 2.1, Max: 2.5, Diff: 2.5, Sum: 16.5]
      [Termination (ms): Min: 0.0, Avg: 0.3, Max: 0.3, Diff: 0.3, Sum: 2.2]
         [Termination Attempts: Min: 1, Avg: 5.0, Max: 6, Diff: 5, Sum: 40]
      [GC Worker Other (ms): Min: 0.0, Avg: 0.0, Max: 0.0, Diff: 0.0, Sum: 0.2]
      [GC Worker Total (ms): Min: 5.6, Avg: 5.7, Max: 5.8, Diff: 0.1, Sum: 45.6]
      [GC Worker End (ms): Min: 614132336.1, Avg: 614132336.1, Max: 614132336.1, Diff: 0.0]
   [Code Root Fixup: 0.0 ms]
   [Code Root Purge: 0.0 ms]
   [Clear CT: 0.6 ms]
   [Other: 4.7 ms]
      [Choose CSet: 0.0 ms]
      [Ref Proc: 4.0 ms]
      [Ref Enq: 0.1 ms]
      [Redirty Cards: 0.1 ms]
      [Humongous Register: 0.1 ms]
      [Humongous Reclaim: 0.0 ms]
      [Free CSet: 0.3 ms]
   [Eden: 7152.0M(7152.0M)->0.0B(5712.0M) Survivors: 16384.0K->16384.0K Heap: 10746.5M(14336.0M)->3592.3M(14336.0M)]
 [Times: user=0.06 sys=0.00, real=0.01 secs] 
2022-07-28T23:47:37.164-0700: 614228.669: [GC pause (G1 Evacuation Pause) (mixed), 0.0123397 secs]
   [Parallel Time: 9.4 ms, GC Workers: 8]
      [GC Worker Start (ms): Min: 614228669.2, Avg: 614228669.3, Max: 614228669.4, Diff: 0.1]
      [Ext Root Scanning (ms): Min: 1.5, Avg: 2.4, Max: 6.8, Diff: 5.3, Sum: 19.4]
      [Update RS (ms): Min: 0.0, Avg: 1.5, Max: 2.1, Diff: 2.1, Sum: 12.1]
         [Processed Buffers: Min: 0, Avg: 5.2, Max: 10, Diff: 10, Sum: 42]
      [Scan RS (ms): Min: 0.0, Avg: 0.6, Max: 0.9, Diff: 0.9, Sum: 5.2]
      [Code Root Scanning (ms): Min: 0.0, Avg: 0.0, Max: 0.0, Diff: 0.0, Sum: 0.0]
      [Object Copy (ms): Min: 2.4, Avg: 4.6, Max: 5.0, Diff: 2.6, Sum: 36.7]
      [Termination (ms): Min: 0.0, Avg: 0.0, Max: 0.0, Diff: 0.0, Sum: 0.0]
         [Termination Attempts: Min: 1, Avg: 16.2, Max: 28, Diff: 27, Sum: 130]
      [GC Worker Other (ms): Min: 0.0, Avg: 0.1, Max: 0.1, Diff: 0.1, Sum: 0.5]
      [GC Worker Total (ms): Min: 9.2, Avg: 9.2, Max: 9.3, Diff: 0.2, Sum: 73.9]
      [GC Worker End (ms): Min: 614228678.5, Avg: 614228678.5, Max: 614228678.6, Diff: 0.1]
   [Code Root Fixup: 0.0 ms]
   [Code Root Purge: 0.0 ms]
   [Clear CT: 0.7 ms]
   [Other: 2.2 ms]
      [Choose CSet: 0.0 ms]
      [Ref Proc: 1.6 ms]
      [Ref Enq: 0.1 ms]
      [Redirty Cards: 0.1 ms]
      [Humongous Register: 0.1 ms]
      [Humongous Reclaim: 0.0 ms]
      [Free CSet: 0.2 ms]
   [Eden: 5712.0M(5712.0M)->0.0B(7152.0M) Survivors: 16384.0K->16384.0K Heap: 9304.3M(14336.0M)->3584.2M(14336.0M)]
 [Times: user=0.08 sys=0.00, real=0.01 secs] 
2022-07-28T23:49:36.716-0700: 614348.221: [GC pause (G1 Evacuation Pause) (young), 0.0126055 secs]
   [Parallel Time: 8.0 ms, GC Workers: 8]
      [GC Worker Start (ms): Min: 614348221.4, Avg: 614348221.4, Max: 614348221.5, Diff: 0.1]
      [Ext Root Scanning (ms): Min: 1.1, Avg: 1.9, Max: 5.1, Diff: 4.0, Sum: 15.0]
      [Update RS (ms): Min: 0.7, Avg: 3.6, Max: 4.2, Diff: 3.5, Sum: 28.6]
         [Processed Buffers: Min: 3, Avg: 11.8, Max: 17, Diff: 14, Sum: 94]
      [Scan RS (ms): Min: 0.0, Avg: 0.0, Max: 0.1, Diff: 0.1, Sum: 0.4]
      [Code Root Scanning (ms): Min: 0.0, Avg: 0.0, Max: 0.0, Diff: 0.0, Sum: 0.0]
      [Object Copy (ms): Min: 1.7, Avg: 2.0, Max: 2.2, Diff: 0.5, Sum: 16.1]
      [Termination (ms): Min: 0.0, Avg: 0.0, Max: 0.0, Diff: 0.0, Sum: 0.0]
         [Termination Attempts: Min: 1, Avg: 5.6, Max: 12, Diff: 11, Sum: 45]
      [GC Worker Other (ms): Min: 0.0, Avg: 0.1, Max: 0.2, Diff: 0.1, Sum: 0.6]
      [GC Worker Total (ms): Min: 7.5, Avg: 7.6, Max: 7.7, Diff: 0.2, Sum: 60.6]
      [GC Worker End (ms): Min: 614348229.0, Avg: 614348229.0, Max: 614348229.1, Diff: 0.1]
   [Code Root Fixup: 0.0 ms]
   [Code Root Purge: 0.0 ms]
   [Clear CT: 1.3 ms]
   [Other: 3.2 ms]
      [Choose CSet: 0.0 ms]
      [Ref Proc: 2.6 ms]
      [Ref Enq: 0.1 ms]
      [Redirty Cards: 0.1 ms]
      [Humongous Register: 0.0 ms]
      [Humongous Reclaim: 0.0 ms]
      [Free CSet: 0.3 ms]
   [Eden: 7152.0M(7152.0M)->0.0B(7152.0M) Survivors: 16384.0K->16384.0K Heap: 10736.2M(14336.0M)->3593.2M(14336.0M)]
 [Times: user=0.07 sys=0.00, real=0.01 secs] 
2022-07-28T23:51:36.846-0700: 614468.351: [GC pause (G1 Evacuation Pause) (young) (initial-mark), 0.0208901 secs]
   [Parallel Time: 16.6 ms, GC Workers: 8]
      [GC Worker Start (ms): Min: 614468353.0, Avg: 614468353.1, Max: 614468353.2, Diff: 0.2]
      [Ext Root Scanning (ms): Min: 6.1, Avg: 7.4, Max: 14.1, Diff: 8.0, Sum: 58.9]
      [Update RS (ms): Min: 0.0, Avg: 1.4, Max: 1.8, Diff: 1.8, Sum: 11.0]
         [Processed Buffers: Min: 0, Avg: 5.2, Max: 12, Diff: 12, Sum: 42]
      [Scan RS (ms): Min: 0.0, Avg: 0.0, Max: 0.1, Diff: 0.1, Sum: 0.4]
      [Code Root Scanning (ms): Min: 0.0, Avg: 0.0, Max: 0.0, Diff: 0.0, Sum: 0.0]
      [Object Copy (ms): Min: 0.1, Avg: 2.3, Max: 3.0, Diff: 2.9, Sum: 18.5]
      [Termination (ms): Min: 0.0, Avg: 3.2, Max: 3.7, Diff: 3.7, Sum: 25.8]
         [Termination Attempts: Min: 1, Avg: 1.0, Max: 1, Diff: 0, Sum: 8]
      [GC Worker Other (ms): Min: 0.0, Avg: 0.0, Max: 0.0, Diff: 0.0, Sum: 0.1]
      [GC Worker Total (ms): Min: 14.2, Avg: 14.3, Max: 14.4, Diff: 0.2, Sum: 114.7]
      [GC Worker End (ms): Min: 614468367.4, Avg: 614468367.4, Max: 614468367.4, Diff: 0.0]
   [Code Root Fixup: 0.0 ms]
   [Code Root Purge: 0.0 ms]
   [Clear CT: 0.6 ms]
   [Other: 3.7 ms]
      [Choose CSet: 0.0 ms]
      [Ref Proc: 3.0 ms]
      [Ref Enq: 0.1 ms]
      [Redirty Cards: 0.1 ms]
      [Humongous Register: 0.0 ms]
      [Humongous Reclaim: 0.0 ms]
      [Free CSet: 0.3 ms]
   [Eden: 7152.0M(7152.0M)->0.0B(7152.0M) Survivors: 16384.0K->16384.0K Heap: 10745.2M(14336.0M)->3591.8M(14336.0M)]
 [Times: user=0.11 sys=0.00, real=0.02 secs] 
2022-07-28T23:51:36.867-0700: 614468.372: [GC concurrent-root-region-scan-start]
2022-07-28T23:51:36.880-0700: 614468.384: [GC concurrent-root-region-scan-end, 0.0127465 secs]
2022-07-28T23:51:36.880-0700: 614468.384: [GC concurrent-mark-start]
2022-07-28T23:51:39.572-0700: 614471.077: [GC concurrent-mark-end, 2.6922579 secs]
2022-07-28T23:51:39.572-0700: 614471.077: [GC remark 2022-07-28T23:51:39.572-0700: 614471.077: [Finalize Marking, 0.0004592 secs] 2022-07-28T23:51:39.573-0700: 614471.078: [GC ref-proc, 0.0103784 secs] 2022-07-28T23:51:39.583-0700: 614471.088: [Unloading, 0.0273070 secs], 0.0438733 secs]
 [Times: user=0.25 sys=0.00, real=0.05 secs] 
2022-07-28T23:51:39.617-0700: 614471.121: [GC cleanup 3764M->3764M(14336M), 0.0085574 secs]
 [Times: user=0.07 sys=0.00, real=0.01 secs] 
2022-07-28T23:53:35.562-0700: 614587.067: [GC pause (G1 Evacuation Pause) (young), 0.0102726 secs]
   [Parallel Time: 7.4 ms, GC Workers: 8]
      [GC Worker Start (ms): Min: 614587067.0, Avg: 614587067.1, Max: 614587067.2, Diff: 0.1]
      [Ext Root Scanning (ms): Min: 1.6, Avg: 2.4, Max: 6.3, Diff: 4.7, Sum: 19.2]
      [Update RS (ms): Min: 0.0, Avg: 2.1, Max: 2.7, Diff: 2.7, Sum: 16.6]
         [Processed Buffers: Min: 0, Avg: 5.5, Max: 10, Diff: 10, Sum: 44]
      [Scan RS (ms): Min: 0.0, Avg: 0.1, Max: 0.1, Diff: 0.1, Sum: 0.5]
      [Code Root Scanning (ms): Min: 0.0, Avg: 0.0, Max: 0.0, Diff: 0.0, Sum: 0.0]
      [Object Copy (ms): Min: 1.0, Avg: 2.6, Max: 3.0, Diff: 2.1, Sum: 21.2]
      [Termination (ms): Min: 0.0, Avg: 0.0, Max: 0.0, Diff: 0.0, Sum: 0.1]
         [Termination Attempts: Min: 26, Avg: 33.6, Max: 42, Diff: 16, Sum: 269]
      [GC Worker Other (ms): Min: 0.0, Avg: 0.0, Max: 0.1, Diff: 0.1, Sum: 0.3]
      [GC Worker Total (ms): Min: 7.2, Avg: 7.2, Max: 7.4, Diff: 0.2, Sum: 57.9]
      [GC Worker End (ms): Min: 614587074.4, Avg: 614587074.4, Max: 614587074.4, Diff: 0.1]
   [Code Root Fixup: 0.0 ms]
   [Code Root Purge: 0.0 ms]
   [Clear CT: 0.8 ms]
   [Other: 2.1 ms]
      [Choose CSet: 0.0 ms]
      [Ref Proc: 1.5 ms]
      [Ref Enq: 0.1 ms]
      [Redirty Cards: 0.1 ms]
      [Humongous Register: 0.1 ms]
      [Humongous Reclaim: 0.0 ms]
      [Free CSet: 0.3 ms]
   [Eden: 7152.0M(7152.0M)->0.0B(5712.0M) Survivors: 16384.0K->16384.0K Heap: 10743.8M(14336.0M)->3596.0M(14336.0M)]
 [Times: user=0.07 sys=0.00, real=0.01 secs] 
2022-07-28T23:55:12.319-0700: 614683.823: [GC pause (G1 Evacuation Pause) (mixed), 0.0144192 secs]
   [Parallel Time: 9.2 ms, GC Workers: 8]
      [GC Worker Start (ms): Min: 614683823.5, Avg: 614683823.6, Max: 614683823.7, Diff: 0.2]
      [Ext Root Scanning (ms): Min: 1.7, Avg: 2.7, Max: 6.2, Diff: 4.5, Sum: 21.8]
      [Update RS (ms): Min: 0.0, Avg: 1.5, Max: 2.0, Diff: 2.0, Sum: 11.7]
         [Processed Buffers: Min: 0, Avg: 5.0, Max: 9, Diff: 9, Sum: 40]
      [Scan RS (ms): Min: 0.0, Avg: 0.6, Max: 0.8, Diff: 0.7, Sum: 4.9]
      [Code Root Scanning (ms): Min: 0.0, Avg: 0.0, Max: 0.0, Diff: 0.0, Sum: 0.0]
      [Object Copy (ms): Min: 2.8, Avg: 4.1, Max: 4.6, Diff: 1.8, Sum: 32.6]
      [Termination (ms): Min: 0.0, Avg: 0.0, Max: 0.0, Diff: 0.0, Sum: 0.0]
         [Termination Attempts: Min: 1, Avg: 3.2, Max: 5, Diff: 4, Sum: 26]
      [GC Worker Other (ms): Min: 0.0, Avg: 0.1, Max: 0.1, Diff: 0.1, Sum: 0.5]
      [GC Worker Total (ms): Min: 8.8, Avg: 8.9, Max: 9.0, Diff: 0.2, Sum: 71.6]
      [GC Worker End (ms): Min: 614683832.5, Avg: 614683832.5, Max: 614683832.6, Diff: 0.1]
   [Code Root Fixup: 0.0 ms]
   [Code Root Purge: 0.0 ms]
   [Clear CT: 0.7 ms]
   [Other: 4.5 ms]
      [Choose CSet: 0.0 ms]
      [Ref Proc: 3.8 ms]
      [Ref Enq: 0.1 ms]
      [Redirty Cards: 0.1 ms]
      [Humongous Register: 0.1 ms]
      [Humongous Reclaim: 0.0 ms]
      [Free CSet: 0.2 ms]
   [Eden: 5712.0M(5712.0M)->0.0B(7152.0M) Survivors: 16384.0K->16384.0K Heap: 9308.0M(14336.0M)->3584.6M(14336.0M)]
 [Times: user=0.08 sys=0.00, real=0.01 secs] 
2022-07-28T23:57:11.519-0700: 614803.024: [GC pause (G1 Evacuation Pause) (young), 0.0127363 secs]
   [Parallel Time: 7.8 ms, GC Workers: 8]
      [GC Worker Start (ms): Min: 614803024.3, Avg: 614803024.4, Max: 614803024.5, Diff: 0.2]
      [Ext Root Scanning (ms): Min: 1.2, Avg: 2.0, Max: 5.7, Diff: 4.5, Sum: 16.2]
      [Update RS (ms): Min: 0.2, Avg: 3.5, Max: 4.3, Diff: 4.1, Sum: 27.9]
         [Processed Buffers: Min: 10, Avg: 11.1, Max: 12, Diff: 2, Sum: 89]
      [Scan RS (ms): Min: 0.0, Avg: 0.0, Max: 0.1, Diff: 0.1, Sum: 0.4]
      [Code Root Scanning (ms): Min: 0.0, Avg: 0.0, Max: 0.0, Diff: 0.0, Sum: 0.0]
      [Object Copy (ms): Min: 1.5, Avg: 1.8, Max: 2.0, Diff: 0.5, Sum: 14.2]
      [Termination (ms): Min: 0.0, Avg: 0.0, Max: 0.0, Diff: 0.0, Sum: 0.0]
         [Termination Attempts: Min: 5, Avg: 7.1, Max: 11, Diff: 6, Sum: 57]
      [GC Worker Other (ms): Min: 0.0, Avg: 0.1, Max: 0.2, Diff: 0.2, Sum: 0.6]
      [GC Worker Total (ms): Min: 7.3, Avg: 7.4, Max: 7.6, Diff: 0.3, Sum: 59.5]
      [GC Worker End (ms): Min: 614803031.8, Avg: 614803031.9, Max: 614803032.0, Diff: 0.2]
   [Code Root Fixup: 0.0 ms]
   [Code Root Purge: 0.0 ms]
   [Clear CT: 0.7 ms]
   [Other: 4.3 ms]
      [Choose CSet: 0.0 ms]
      [Ref Proc: 3.6 ms]
      [Ref Enq: 0.1 ms]
      [Redirty Cards: 0.1 ms]
      [Humongous Register: 0.1 ms]
      [Humongous Reclaim: 0.0 ms]
      [Free CSet: 0.3 ms]
   [Eden: 7152.0M(7152.0M)->0.0B(7152.0M) Survivors: 16384.0K->16384.0K Heap: 10736.6M(14336.0M)->3591.6M(14336.0M)]
 [Times: user=0.07 sys=0.00, real=0.01 secs] 
2022-07-28T23:59:13.113-0700: 614924.618: [GC pause (G1 Evacuation Pause) (young) (initial-mark), 0.0180748 secs]
   [Parallel Time: 12.4 ms, GC Workers: 8]
      [GC Worker Start (ms): Min: 614924619.6, Avg: 614924619.7, Max: 614924619.8, Diff: 0.1]
      [Ext Root Scanning (ms): Min: 5.6, Avg: 6.0, Max: 6.6, Diff: 1.0, Sum: 48.1]
      [Update RS (ms): Min: 1.3, Avg: 1.5, Max: 1.8, Diff: 0.5, Sum: 11.8]
         [Processed Buffers: Min: 3, Avg: 6.0, Max: 17, Diff: 14, Sum: 48]
      [Scan RS (ms): Min: 0.0, Avg: 0.1, Max: 0.1, Diff: 0.1, Sum: 0.4]
      [Code Root Scanning (ms): Min: 0.0, Avg: 0.0, Max: 0.0, Diff: 0.0, Sum: 0.0]
      [Object Copy (ms): Min: 1.9, Avg: 2.5, Max: 3.0, Diff: 1.1, Sum: 20.2]
      [Termination (ms): Min: 0.0, Avg: 0.0, Max: 0.0, Diff: 0.0, Sum: 0.0]
         [Termination Attempts: Min: 1, Avg: 3.5, Max: 6, Diff: 5, Sum: 28]
      [GC Worker Other (ms): Min: 0.0, Avg: 0.1, Max: 0.1, Diff: 0.1, Sum: 0.5]
      [GC Worker Total (ms): Min: 10.0, Avg: 10.1, Max: 10.2, Diff: 0.2, Sum: 81.1]
      [GC Worker End (ms): Min: 614924629.8, Avg: 614924629.8, Max: 614924629.9, Diff: 0.1]
   [Code Root Fixup: 0.0 ms]
   [Code Root Purge: 0.0 ms]
   [Clear CT: 0.7 ms]
   [Other: 4.9 ms]
      [Choose CSet: 0.0 ms]
      [Ref Proc: 4.2 ms]
      [Ref Enq: 0.1 ms]
      [Redirty Cards: 0.1 ms]
      [Humongous Register: 0.0 ms]
      [Humongous Reclaim: 0.0 ms]
      [Free CSet: 0.3 ms]
   [Eden: 7152.0M(7152.0M)->0.0B(7152.0M) Survivors: 16384.0K->16384.0K Heap: 10743.6M(14336.0M)->3596.0M(14336.0M)]
 [Times: user=0.08 sys=0.00, real=0.02 secs] 
2022-07-28T23:59:13.131-0700: 614924.636: [GC concurrent-root-region-scan-start]
2022-07-28T23:59:13.142-0700: 614924.646: [GC concurrent-root-region-scan-end, 0.0102706 secs]
2022-07-28T23:59:13.142-0700: 614924.646: [GC concurrent-mark-start]
2022-07-28T23:59:15.751-0700: 614927.255: [GC concurrent-mark-end, 2.6091553 secs]
2022-07-28T23:59:15.751-0700: 614927.256: [GC remark 2022-07-28T23:59:15.751-0700: 614927.256: [Finalize Marking, 0.0004947 secs] 2022-07-28T23:59:15.752-0700: 614927.256: [GC ref-proc, 0.0099431 secs] 2022-07-28T23:59:15.762-0700: 614927.266: [Unloading, 0.0274604 secs], 0.0436221 secs]
 [Times: user=0.26 sys=0.00, real=0.05 secs] 
2022-07-28T23:59:15.795-0700: 614927.300: [GC cleanup 3747M->3747M(14336M), 0.0088307 secs]
 [Times: user=0.06 sys=0.00, real=0.01 secs] 
2022-07-29T00:01:17.331-0700: 615048.835: [GC pause (G1 Evacuation Pause) (young), 0.0116547 secs]
   [Parallel Time: 5.9 ms, GC Workers: 8]
      [GC Worker Start (ms): Min: 615048835.6, Avg: 615048835.7, Max: 615048835.7, Diff: 0.2]
      [Ext Root Scanning (ms): Min: 1.1, Avg: 1.9, Max: 5.5, Diff: 4.4, Sum: 15.2]
      [Update RS (ms): Min: 0.0, Avg: 1.3, Max: 1.8, Diff: 1.8, Sum: 10.1]
         [Processed Buffers: Min: 0, Avg: 5.1, Max: 9, Diff: 9, Sum: 41]
      [Scan RS (ms): Min: 0.0, Avg: 0.1, Max: 0.1, Diff: 0.1, Sum: 0.4]
      [Code Root Scanning (ms): Min: 0.0, Avg: 0.0, Max: 0.0, Diff: 0.0, Sum: 0.0]
      [Object Copy (ms): Min: 0.0, Avg: 2.0, Max: 2.3, Diff: 2.3, Sum: 15.6]
      [Termination (ms): Min: 0.0, Avg: 0.3, Max: 0.3, Diff: 0.3, Sum: 2.2]
         [Termination Attempts: Min: 1, Avg: 1.1, Max: 2, Diff: 1, Sum: 9]
      [GC Worker Other (ms): Min: 0.0, Avg: 0.0, Max: 0.0, Diff: 0.0, Sum: 0.2]
      [GC Worker Total (ms): Min: 5.4, Avg: 5.5, Max: 5.6, Diff: 0.2, Sum: 43.9]
      [GC Worker End (ms): Min: 615048841.1, Avg: 615048841.2, Max: 615048841.2, Diff: 0.0]
   [Code Root Fixup: 0.0 ms]
   [Code Root Purge: 0.0 ms]
   [Clear CT: 0.7 ms]
   [Other: 5.1 ms]
      [Choose CSet: 0.0 ms]
      [Ref Proc: 4.2 ms]
      [Ref Enq: 0.2 ms]
      [Redirty Cards: 0.1 ms]
      [Humongous Register: 0.1 ms]
      [Humongous Reclaim: 0.0 ms]
      [Free CSet: 0.3 ms]
   [Eden: 7152.0M(7152.0M)->0.0B(5712.0M) Survivors: 16384.0K->16384.0K Heap: 10748.0M(14336.0M)->3593.3M(14336.0M)]
 [Times: user=0.06 sys=0.01, real=0.01 secs] 
2022-07-29T00:02:53.862-0700: 615145.367: [GC pause (G1 Evacuation Pause) (mixed), 0.0128402 secs]
   [Parallel Time: 10.0 ms, GC Workers: 8]
      [GC Worker Start (ms): Min: 615145367.1, Avg: 615145367.2, Max: 615145367.2, Diff: 0.1]
      [Ext Root Scanning (ms): Min: 1.5, Avg: 2.6, Max: 7.9, Diff: 6.4, Sum: 20.8]
      [Update RS (ms): Min: 0.0, Avg: 2.0, Max: 2.7, Diff: 2.7, Sum: 15.8]
         [Processed Buffers: Min: 0, Avg: 5.4, Max: 10, Diff: 10, Sum: 43]
      [Scan RS (ms): Min: 0.0, Avg: 0.7, Max: 1.0, Diff: 0.9, Sum: 5.8]
      [Code Root Scanning (ms): Min: 0.0, Avg: 0.0, Max: 0.0, Diff: 0.0, Sum: 0.0]
      [Object Copy (ms): Min: 1.9, Avg: 4.4, Max: 4.9, Diff: 3.1, Sum: 35.6]
      [Termination (ms): Min: 0.0, Avg: 0.0, Max: 0.0, Diff: 0.0, Sum: 0.0]
         [Termination Attempts: Min: 1, Avg: 1.8, Max: 3, Diff: 2, Sum: 14]
      [GC Worker Other (ms): Min: 0.0, Avg: 0.0, Max: 0.1, Diff: 0.1, Sum: 0.4]
      [GC Worker Total (ms): Min: 9.7, Avg: 9.8, Max: 9.9, Diff: 0.2, Sum: 78.3]
      [GC Worker End (ms): Min: 615145376.9, Avg: 615145377.0, Max: 615145377.0, Diff: 0.0]
   [Code Root Fixup: 0.0 ms]
   [Code Root Purge: 0.0 ms]
   [Clear CT: 0.7 ms]
   [Other: 2.2 ms]
      [Choose CSet: 0.0 ms]
      [Ref Proc: 1.5 ms]
      [Ref Enq: 0.1 ms]
      [Redirty Cards: 0.1 ms]
      [Humongous Register: 0.1 ms]
      [Humongous Reclaim: 0.0 ms]
      [Free CSet: 0.2 ms]
   [Eden: 5712.0M(5712.0M)->0.0B(7152.0M) Survivors: 16384.0K->16384.0K Heap: 9305.3M(14336.0M)->3587.8M(14336.0M)]
 [Times: user=0.09 sys=0.00, real=0.02 secs] 
2022-07-29T00:04:56.815-0700: 615268.320: [GC pause (G1 Evacuation Pause) (young), 0.0132116 secs]
   [Parallel Time: 8.1 ms, GC Workers: 8]
      [GC Worker Start (ms): Min: 615268320.2, Avg: 615268320.3, Max: 615268320.4, Diff: 0.2]
      [Ext Root Scanning (ms): Min: 1.5, Avg: 2.2, Max: 5.7, Diff: 4.2, Sum: 17.7]
      [Update RS (ms): Min: 0.3, Avg: 3.3, Max: 3.9, Diff: 3.6, Sum: 26.3]
         [Processed Buffers: Min: 9, Avg: 10.1, Max: 11, Diff: 2, Sum: 81]
      [Scan RS (ms): Min: 0.0, Avg: 0.0, Max: 0.1, Diff: 0.1, Sum: 0.4]
      [Code Root Scanning (ms): Min: 0.0, Avg: 0.0, Max: 0.0, Diff: 0.0, Sum: 0.0]
      [Object Copy (ms): Min: 1.5, Avg: 2.0, Max: 2.2, Diff: 0.7, Sum: 16.2]
      [Termination (ms): Min: 0.0, Avg: 0.0, Max: 0.0, Diff: 0.0, Sum: 0.1]
         [Termination Attempts: Min: 16, Avg: 24.2, Max: 29, Diff: 13, Sum: 194]
      [GC Worker Other (ms): Min: 0.0, Avg: 0.1, Max: 0.1, Diff: 0.1, Sum: 0.4]
      [GC Worker Total (ms): Min: 7.6, Avg: 7.6, Max: 7.8, Diff: 0.2, Sum: 61.2]
      [GC Worker End (ms): Min: 615268327.9, Avg: 615268328.0, Max: 615268328.0, Diff: 0.1]
   [Code Root Fixup: 0.0 ms]
   [Code Root Purge: 0.0 ms]
   [Clear CT: 0.8 ms]
   [Other: 4.3 ms]
      [Choose CSet: 0.0 ms]
      [Ref Proc: 3.6 ms]
      [Ref Enq: 0.1 ms]
      [Redirty Cards: 0.1 ms]
      [Humongous Register: 0.1 ms]
      [Humongous Reclaim: 0.0 ms]
      [Free CSet: 0.3 ms]
   [Eden: 7152.0M(7152.0M)->0.0B(7152.0M) Survivors: 16384.0K->16384.0K Heap: 10739.8M(14336.0M)->3590.4M(14336.0M)]
 [Times: user=0.08 sys=0.00, real=0.01 secs] 
2022-07-29T00:06:59.832-0700: 615391.336: [GC pause (G1 Evacuation Pause) (young) (initial-mark), 0.0155168 secs]
   [Parallel Time: 11.0 ms, GC Workers: 8]
      [GC Worker Start (ms): Min: 615391338.5, Avg: 615391338.6, Max: 615391338.7, Diff: 0.1]
      [Ext Root Scanning (ms): Min: 5.0, Avg: 5.3, Max: 5.8, Diff: 0.8, Sum: 42.3]
      [Update RS (ms): Min: 1.3, Avg: 1.4, Max: 1.6, Diff: 0.3, Sum: 11.4]
         [Processed Buffers: Min: 3, Avg: 5.2, Max: 8, Diff: 5, Sum: 42]
      [Scan RS (ms): Min: 0.0, Avg: 0.0, Max: 0.1, Diff: 0.1, Sum: 0.4]
      [Code Root Scanning (ms): Min: 0.0, Avg: 0.0, Max: 0.0, Diff: 0.0, Sum: 0.0]
      [Object Copy (ms): Min: 1.4, Avg: 2.0, Max: 2.3, Diff: 0.9, Sum: 15.7]
      [Termination (ms): Min: 0.0, Avg: 0.0, Max: 0.1, Diff: 0.1, Sum: 0.4]
         [Termination Attempts: Min: 4, Avg: 11.2, Max: 17, Diff: 13, Sum: 90]
      [GC Worker Other (ms): Min: 0.0, Avg: 0.0, Max: 0.0, Diff: 0.0, Sum: 0.2]
      [GC Worker Total (ms): Min: 8.7, Avg: 8.8, Max: 8.9, Diff: 0.2, Sum: 70.4]
      [GC Worker End (ms): Min: 615391347.4, Avg: 615391347.4, Max: 615391347.4, Diff: 0.0]
   [Code Root Fixup: 0.0 ms]
   [Code Root Purge: 0.0 ms]
   [Clear CT: 0.7 ms]
   [Other: 3.7 ms]
      [Choose CSet: 0.0 ms]
      [Ref Proc: 3.0 ms]
      [Ref Enq: 0.1 ms]
      [Redirty Cards: 0.1 ms]
      [Humongous Register: 0.0 ms]
      [Humongous Reclaim: 0.0 ms]
      [Free CSet: 0.3 ms]
   [Eden: 7152.0M(7152.0M)->0.0B(7152.0M) Survivors: 16384.0K->16384.0K Heap: 10742.4M(14336.0M)->3592.4M(14336.0M)]
 [Times: user=0.07 sys=0.00, real=0.02 secs] 
2022-07-29T00:06:59.847-0700: 615391.352: [GC concurrent-root-region-scan-start]
2022-07-29T00:06:59.857-0700: 615391.361: [GC concurrent-root-region-scan-end, 0.0094277 secs]
2022-07-29T00:06:59.857-0700: 615391.361: [GC concurrent-mark-start]
2022-07-29T00:07:02.530-0700: 615394.035: [GC concurrent-mark-end, 2.6736967 secs]
2022-07-29T00:07:02.531-0700: 615394.035: [GC remark 2022-07-29T00:07:02.531-0700: 615394.035: [Finalize Marking, 0.0002921 secs] 2022-07-29T00:07:02.531-0700: 615394.036: [GC ref-proc, 0.0059618 secs] 2022-07-29T00:07:02.537-0700: 615394.042: [Unloading, 0.0281211 secs], 0.0400606 secs]
 [Times: user=0.26 sys=0.00, real=0.04 secs] 
2022-07-29T00:07:02.571-0700: 615394.076: [GC cleanup 3808M->3808M(14336M), 0.0083469 secs]
 [Times: user=0.06 sys=0.00, real=0.01 secs] 
2022-07-29T00:08:58.820-0700: 615510.325: [GC pause (GCLocker Initiated GC) (young), 0.0116860 secs]
   [Parallel Time: 6.3 ms, GC Workers: 8]
      [GC Worker Start (ms): Min: 615510325.2, Avg: 615510325.2, Max: 615510325.3, Diff: 0.1]
      [Ext Root Scanning (ms): Min: 1.1, Avg: 2.0, Max: 6.0, Diff: 4.9, Sum: 15.7]
      [Update RS (ms): Min: 0.0, Avg: 1.3, Max: 1.8, Diff: 1.8, Sum: 10.3]
         [Processed Buffers: Min: 0, Avg: 5.6, Max: 10, Diff: 10, Sum: 45]
      [Scan RS (ms): Min: 0.0, Avg: 0.1, Max: 0.1, Diff: 0.1, Sum: 0.4]
      [Code Root Scanning (ms): Min: 0.0, Avg: 0.0, Max: 0.0, Diff: 0.0, Sum: 0.0]
      [Object Copy (ms): Min: 0.0, Avg: 2.6, Max: 3.1, Diff: 3.1, Sum: 20.7]
      [Termination (ms): Min: 0.0, Avg: 0.1, Max: 0.1, Diff: 0.1, Sum: 0.7]
         [Termination Attempts: Min: 1, Avg: 5.8, Max: 12, Diff: 11, Sum: 46]
      [GC Worker Other (ms): Min: 0.0, Avg: 0.0, Max: 0.1, Diff: 0.1, Sum: 0.3]
      [GC Worker Total (ms): Min: 5.9, Avg: 6.0, Max: 6.2, Diff: 0.2, Sum: 48.1]
      [GC Worker End (ms): Min: 615510331.2, Avg: 615510331.3, Max: 615510331.3, Diff: 0.1]
   [Code Root Fixup: 0.0 ms]
   [Code Root Purge: 0.0 ms]
   [Clear CT: 0.7 ms]
   [Other: 4.7 ms]
      [Choose CSet: 0.0 ms]
      [Ref Proc: 4.0 ms]
      [Ref Enq: 0.1 ms]
      [Redirty Cards: 0.1 ms]
      [Humongous Register: 0.1 ms]
      [Humongous Reclaim: 0.0 ms]
      [Free CSet: 0.3 ms]
   [Eden: 7168.0M(7152.0M)->0.0B(5712.0M) Survivors: 16384.0K->16384.0K Heap: 10752.4M(14336.0M)->3598.5M(14336.0M)]
 [Times: user=0.05 sys=0.01, real=0.01 secs] 
2022-07-29T00:10:35.664-0700: 615607.169: [GC pause (GCLocker Initiated GC) (mixed), 0.0133026 secs]
   [Parallel Time: 9.0 ms, GC Workers: 8]
      [GC Worker Start (ms): Min: 615607169.0, Avg: 615607169.1, Max: 615607169.2, Diff: 0.2]
      [Ext Root Scanning (ms): Min: 1.2, Avg: 2.1, Max: 6.4, Diff: 5.2, Sum: 16.9]
      [Update RS (ms): Min: 0.0, Avg: 1.2, Max: 1.8, Diff: 1.8, Sum: 9.4]
         [Processed Buffers: Min: 0, Avg: 4.8, Max: 11, Diff: 11, Sum: 38]
      [Scan RS (ms): Min: 0.0, Avg: 0.6, Max: 0.8, Diff: 0.7, Sum: 4.7]
      [Code Root Scanning (ms): Min: 0.0, Avg: 0.0, Max: 0.0, Diff: 0.0, Sum: 0.0]
      [Object Copy (ms): Min: 2.1, Avg: 4.6, Max: 5.1, Diff: 2.9, Sum: 36.8]
      [Termination (ms): Min: 0.0, Avg: 0.0, Max: 0.0, Diff: 0.0, Sum: 0.0]
         [Termination Attempts: Min: 1, Avg: 1.0, Max: 1, Diff: 0, Sum: 8]
      [GC Worker Other (ms): Min: 0.0, Avg: 0.0, Max: 0.1, Diff: 0.1, Sum: 0.4]
      [GC Worker Total (ms): Min: 8.4, Avg: 8.5, Max: 8.7, Diff: 0.2, Sum: 68.2]
      [GC Worker End (ms): Min: 615607177.6, Avg: 615607177.7, Max: 615607177.7, Diff: 0.1]
   [Code Root Fixup: 0.0 ms]
   [Code Root Purge: 0.0 ms]
   [Clear CT: 0.7 ms]
   [Other: 3.6 ms]
      [Choose CSet: 0.0 ms]
      [Ref Proc: 3.0 ms]
      [Ref Enq: 0.1 ms]
      [Redirty Cards: 0.1 ms]
      [Humongous Register: 0.1 ms]
      [Humongous Reclaim: 0.0 ms]
      [Free CSet: 0.2 ms]
   [Eden: 5728.0M(5712.0M)->0.0B(7152.0M) Survivors: 16384.0K->16384.0K Heap: 9313.9M(14336.0M)->3594.6M(14336.0M)]
 [Times: user=0.08 sys=0.00, real=0.01 secs] 
2022-07-29T00:12:38.571-0700: 615730.075: [GC pause (GCLocker Initiated GC) (young), 0.0123927 secs]
   [Parallel Time: 7.6 ms, GC Workers: 8]
      [GC Worker Start (ms): Min: 615730075.5, Avg: 615730075.6, Max: 615730075.7, Diff: 0.2]
      [Ext Root Scanning (ms): Min: 1.1, Avg: 1.8, Max: 5.2, Diff: 4.1, Sum: 14.4]
      [Update RS (ms): Min: 0.6, Avg: 3.7, Max: 4.5, Diff: 3.9, Sum: 29.3]
         [Processed Buffers: Min: 2, Avg: 14.5, Max: 22, Diff: 20, Sum: 116]
      [Scan RS (ms): Min: 0.0, Avg: 0.0, Max: 0.1, Diff: 0.1, Sum: 0.4]
      [Code Root Scanning (ms): Min: 0.0, Avg: 0.0, Max: 0.0, Diff: 0.0, Sum: 0.0]
      [Object Copy (ms): Min: 1.5, Avg: 1.8, Max: 1.9, Diff: 0.4, Sum: 14.4]
      [Termination (ms): Min: 0.0, Avg: 0.0, Max: 0.0, Diff: 0.0, Sum: 0.0]
         [Termination Attempts: Min: 1, Avg: 1.0, Max: 1, Diff: 0, Sum: 8]
      [GC Worker Other (ms): Min: 0.0, Avg: 0.1, Max: 0.1, Diff: 0.1, Sum: 0.5]
      [GC Worker Total (ms): Min: 7.3, Avg: 7.4, Max: 7.5, Diff: 0.2, Sum: 59.0]
      [GC Worker End (ms): Min: 615730083.0, Avg: 615730083.0, Max: 615730083.0, Diff: 0.1]
   [Code Root Fixup: 0.0 ms]
   [Code Root Purge: 0.0 ms]
   [Clear CT: 0.7 ms]
   [Other: 4.0 ms]
      [Choose CSet: 0.0 ms]
      [Ref Proc: 3.4 ms]
      [Ref Enq: 0.1 ms]
      [Redirty Cards: 0.1 ms]
      [Humongous Register: 0.0 ms]
      [Humongous Reclaim: 0.0 ms]
      [Free CSet: 0.3 ms]
   [Eden: 7168.0M(7152.0M)->0.0B(7152.0M) Survivors: 16384.0K->16384.0K Heap: 10746.6M(14336.0M)->3600.0M(14336.0M)]
 [Times: user=0.06 sys=0.01, real=0.02 secs] 
2022-07-29T00:14:39.766-0700: 615851.271: [GC pause (G1 Evacuation Pause) (young) (initial-mark), 0.0163696 secs]
   [Parallel Time: 11.8 ms, GC Workers: 8]
      [GC Worker Start (ms): Min: 615851272.8, Avg: 615851272.9, Max: 615851273.0, Diff: 0.1]
      [Ext Root Scanning (ms): Min: 5.3, Avg: 5.7, Max: 6.3, Diff: 1.0, Sum: 45.7]
      [Update RS (ms): Min: 1.2, Avg: 1.3, Max: 1.6, Diff: 0.4, Sum: 10.4]
         [Processed Buffers: Min: 3, Avg: 5.1, Max: 10, Diff: 7, Sum: 41]
      [Scan RS (ms): Min: 0.0, Avg: 0.0, Max: 0.1, Diff: 0.1, Sum: 0.4]
      [Code Root Scanning (ms): Min: 0.0, Avg: 0.0, Max: 0.0, Diff: 0.0, Sum: 0.0]
      [Object Copy (ms): Min: 1.6, Avg: 2.3, Max: 2.7, Diff: 1.1, Sum: 18.0]
      [Termination (ms): Min: 0.0, Avg: 0.0, Max: 0.0, Diff: 0.0, Sum: 0.1]
         [Termination Attempts: Min: 14, Avg: 21.2, Max: 30, Diff: 16, Sum: 170]
      [GC Worker Other (ms): Min: 0.0, Avg: 0.1, Max: 0.1, Diff: 0.1, Sum: 0.5]
      [GC Worker Total (ms): Min: 9.3, Avg: 9.4, Max: 9.5, Diff: 0.2, Sum: 75.1]
      [GC Worker End (ms): Min: 615851282.3, Avg: 615851282.3, Max: 615851282.4, Diff: 0.1]
   [Code Root Fixup: 0.0 ms]
   [Code Root Purge: 0.0 ms]
   [Clear CT: 0.7 ms]
   [Other: 3.9 ms]
      [Choose CSet: 0.0 ms]
      [Ref Proc: 3.2 ms]
      [Ref Enq: 0.1 ms]
      [Redirty Cards: 0.1 ms]
      [Humongous Register: 0.0 ms]
      [Humongous Reclaim: 0.0 ms]
      [Free CSet: 0.3 ms]
   [Eden: 7152.0M(7152.0M)->0.0B(7152.0M) Survivors: 16384.0K->16384.0K Heap: 10752.0M(14336.0M)->3601.5M(14336.0M)]
 [Times: user=0.08 sys=0.00, real=0.01 secs] 
2022-07-29T00:14:39.782-0700: 615851.287: [GC concurrent-root-region-scan-start]
2022-07-29T00:14:39.793-0700: 615851.298: [GC concurrent-root-region-scan-end, 0.0105849 secs]
2022-07-29T00:14:39.793-0700: 615851.298: [GC concurrent-mark-start]
2022-07-29T00:14:42.413-0700: 615853.918: [GC concurrent-mark-end, 2.6201609 secs]
2022-07-29T00:14:42.413-0700: 615853.918: [GC remark 2022-07-29T00:14:42.413-0700: 615853.918: [Finalize Marking, 0.0001672 secs] 2022-07-29T00:14:42.414-0700: 615853.918: [GC ref-proc, 0.0080720 secs] 2022-07-29T00:14:42.422-0700: 615853.926: [Unloading, 0.0274465 secs], 0.0414589 secs]
 [Times: user=0.26 sys=0.00, real=0.05 secs] 
2022-07-29T00:14:42.455-0700: 615853.960: [GC cleanup 3793M->3793M(14336M), 0.0089720 secs]
 [Times: user=0.06 sys=0.00, real=0.01 secs] 
2022-07-29T00:16:42.074-0700: 615973.579: [GC pause (G1 Evacuation Pause) (young), 0.0112746 secs]
   [Parallel Time: 5.6 ms, GC Workers: 8]
      [GC Worker Start (ms): Min: 615973579.1, Avg: 615973579.1, Max: 615973579.2, Diff: 0.1]
      [Ext Root Scanning (ms): Min: 1.2, Avg: 1.9, Max: 5.3, Diff: 4.2, Sum: 15.1]
      [Update RS (ms): Min: 0.0, Avg: 1.4, Max: 1.9, Diff: 1.9, Sum: 11.2]
         [Processed Buffers: Min: 0, Avg: 5.8, Max: 10, Diff: 10, Sum: 46]
      [Scan RS (ms): Min: 0.0, Avg: 0.1, Max: 0.1, Diff: 0.1, Sum: 0.4]
      [Code Root Scanning (ms): Min: 0.0, Avg: 0.0, Max: 0.0, Diff: 0.0, Sum: 0.0]
      [Object Copy (ms): Min: 0.0, Avg: 1.8, Max: 2.1, Diff: 2.1, Sum: 14.3]
      [Termination (ms): Min: 0.0, Avg: 0.2, Max: 0.2, Diff: 0.2, Sum: 1.3]
         [Termination Attempts: Min: 1, Avg: 19.8, Max: 30, Diff: 29, Sum: 158]
      [GC Worker Other (ms): Min: 0.0, Avg: 0.0, Max: 0.0, Diff: 0.0, Sum: 0.2]
      [GC Worker Total (ms): Min: 5.3, Avg: 5.3, Max: 5.4, Diff: 0.1, Sum: 42.6]
      [GC Worker End (ms): Min: 615973584.4, Avg: 615973584.4, Max: 615973584.5, Diff: 0.0]
   [Code Root Fixup: 0.0 ms]
   [Code Root Purge: 0.0 ms]
   [Clear CT: 0.7 ms]
   [Other: 4.9 ms]
      [Choose CSet: 0.0 ms]
      [Ref Proc: 4.2 ms]
      [Ref Enq: 0.1 ms]
      [Redirty Cards: 0.1 ms]
      [Humongous Register: 0.1 ms]
      [Humongous Reclaim: 0.0 ms]
      [Free CSet: 0.3 ms]
   [Eden: 7152.0M(7152.0M)->0.0B(5712.0M) Survivors: 16384.0K->16384.0K Heap: 10753.5M(14336.0M)->3600.3M(14336.0M)]
 [Times: user=0.06 sys=0.00, real=0.02 secs] 
2022-07-29T00:18:19.521-0700: 616071.026: [GC pause (G1 Evacuation Pause) (mixed), 0.0144461 secs]
   [Parallel Time: 9.8 ms, GC Workers: 8]
      [GC Worker Start (ms): Min: 616071025.7, Avg: 616071025.8, Max: 616071025.9, Diff: 0.2]
      [Ext Root Scanning (ms): Min: 1.1, Avg: 2.1, Max: 6.5, Diff: 5.4, Sum: 16.5]
      [Update RS (ms): Min: 0.0, Avg: 1.1, Max: 1.6, Diff: 1.6, Sum: 9.1]
         [Processed Buffers: Min: 0, Avg: 4.6, Max: 11, Diff: 11, Sum: 37]
      [Scan RS (ms): Min: 0.0, Avg: 0.8, Max: 1.0, Diff: 1.0, Sum: 6.1]
      [Code Root Scanning (ms): Min: 0.0, Avg: 0.0, Max: 0.0, Diff: 0.0, Sum: 0.0]
      [Object Copy (ms): Min: 2.9, Avg: 5.4, Max: 5.9, Diff: 3.0, Sum: 43.2]
      [Termination (ms): Min: 0.0, Avg: 0.0, Max: 0.0, Diff: 0.0, Sum: 0.0]
         [Termination Attempts: Min: 1, Avg: 10.2, Max: 16, Diff: 15, Sum: 82]
      [GC Worker Other (ms): Min: 0.0, Avg: 0.1, Max: 0.1, Diff: 0.1, Sum: 0.5]
      [GC Worker Total (ms): Min: 9.4, Avg: 9.4, Max: 9.6, Diff: 0.2, Sum: 75.5]
      [GC Worker End (ms): Min: 616071035.2, Avg: 616071035.3, Max: 616071035.3, Diff: 0.1]
   [Code Root Fixup: 0.0 ms]
   [Code Root Purge: 0.0 ms]
   [Clear CT: 0.8 ms]
   [Other: 3.9 ms]
      [Choose CSet: 0.0 ms]
      [Ref Proc: 3.2 ms]
      [Ref Enq: 0.1 ms]
      [Redirty Cards: 0.1 ms]
      [Humongous Register: 0.1 ms]
      [Humongous Reclaim: 0.0 ms]
      [Free CSet: 0.2 ms]
   [Eden: 5712.0M(5712.0M)->0.0B(7152.0M) Survivors: 16384.0K->16384.0K Heap: 9312.3M(14336.0M)->3583.4M(14336.0M)]
 [Times: user=0.09 sys=0.00, real=0.02 secs] 
2022-07-29T00:20:21.817-0700: 616193.322: [GC pause (G1 Evacuation Pause) (young), 0.0146650 secs]
   [Parallel Time: 9.6 ms, GC Workers: 8]
      [GC Worker Start (ms): Min: 616193322.3, Avg: 616193322.4, Max: 616193322.5, Diff: 0.1]
      [Ext Root Scanning (ms): Min: 1.3, Avg: 2.1, Max: 5.8, Diff: 4.5, Sum: 16.6]
      [Update RS (ms): Min: 1.6, Avg: 4.8, Max: 5.5, Diff: 3.9, Sum: 38.7]
         [Processed Buffers: Min: 4, Avg: 13.2, Max: 23, Diff: 19, Sum: 106]
      [Scan RS (ms): Min: 0.0, Avg: 0.1, Max: 0.1, Diff: 0.1, Sum: 0.5]
      [Code Root Scanning (ms): Min: 0.0, Avg: 0.0, Max: 0.0, Diff: 0.0, Sum: 0.0]
      [Object Copy (ms): Min: 1.8, Avg: 2.4, Max: 2.5, Diff: 0.7, Sum: 18.9]
      [Termination (ms): Min: 0.0, Avg: 0.0, Max: 0.0, Diff: 0.0, Sum: 0.1]
         [Termination Attempts: Min: 31, Avg: 35.4, Max: 43, Diff: 12, Sum: 283]
      [GC Worker Other (ms): Min: 0.0, Avg: 0.1, Max: 0.1, Diff: 0.1, Sum: 0.5]
      [GC Worker Total (ms): Min: 9.3, Avg: 9.4, Max: 9.5, Diff: 0.2, Sum: 75.3]
      [GC Worker End (ms): Min: 616193331.8, Avg: 616193331.8, Max: 616193331.9, Diff: 0.1]
   [Code Root Fixup: 0.0 ms]
   [Code Root Purge: 0.0 ms]
   [Clear CT: 0.7 ms]
   [Other: 4.3 ms]
      [Choose CSet: 0.0 ms]
      [Ref Proc: 3.7 ms]
      [Ref Enq: 0.1 ms]
      [Redirty Cards: 0.1 ms]
      [Humongous Register: 0.1 ms]
      [Humongous Reclaim: 0.0 ms]
      [Free CSet: 0.3 ms]
   [Eden: 7152.0M(7152.0M)->0.0B(7152.0M) Survivors: 16384.0K->16384.0K Heap: 10735.4M(14336.0M)->3589.4M(14336.0M)]
 [Times: user=0.09 sys=0.00, real=0.01 secs] 
2022-07-29T00:22:24.465-0700: 616315.970: [GC pause (G1 Evacuation Pause) (young) (initial-mark), 0.0171837 secs]
   [Parallel Time: 12.6 ms, GC Workers: 8]
      [GC Worker Start (ms): Min: 616315972.0, Avg: 616315972.1, Max: 616315972.2, Diff: 0.1]
      [Ext Root Scanning (ms): Min: 6.2, Avg: 6.6, Max: 7.1, Diff: 0.9, Sum: 52.8]
      [Update RS (ms): Min: 1.3, Avg: 1.5, Max: 1.6, Diff: 0.3, Sum: 11.6]
         [Processed Buffers: Min: 3, Avg: 5.1, Max: 8, Diff: 5, Sum: 41]
      [Scan RS (ms): Min: 0.0, Avg: 0.0, Max: 0.1, Diff: 0.1, Sum: 0.4]
      [Code Root Scanning (ms): Min: 0.0, Avg: 0.0, Max: 0.0, Diff: 0.0, Sum: 0.0]
      [Object Copy (ms): Min: 1.4, Avg: 1.9, Max: 2.3, Diff: 0.9, Sum: 15.4]
      [Termination (ms): Min: 0.0, Avg: 0.0, Max: 0.0, Diff: 0.0, Sum: 0.1]
         [Termination Attempts: Min: 15, Avg: 20.6, Max: 25, Diff: 10, Sum: 165]
      [GC Worker Other (ms): Min: 0.0, Avg: 0.0, Max: 0.1, Diff: 0.1, Sum: 0.4]
      [GC Worker Total (ms): Min: 10.0, Avg: 10.1, Max: 10.2, Diff: 0.2, Sum: 80.7]
      [GC Worker End (ms): Min: 616315982.2, Avg: 616315982.2, Max: 616315982.3, Diff: 0.1]
   [Code Root Fixup: 0.0 ms]
   [Code Root Purge: 0.0 ms]
   [Clear CT: 0.8 ms]
   [Other: 3.9 ms]
      [Choose CSet: 0.0 ms]
      [Ref Proc: 3.2 ms]
      [Ref Enq: 0.1 ms]
      [Redirty Cards: 0.1 ms]
      [Humongous Register: 0.0 ms]
      [Humongous Reclaim: 0.0 ms]
      [Free CSet: 0.3 ms]
   [Eden: 7152.0M(7152.0M)->0.0B(7152.0M) Survivors: 16384.0K->16384.0K Heap: 10741.4M(14336.0M)->3592.3M(14336.0M)]
 [Times: user=0.08 sys=0.02, real=0.01 secs] 
2022-07-29T00:22:24.482-0700: 616315.987: [GC concurrent-root-region-scan-start]
2022-07-29T00:22:24.492-0700: 616315.996: [GC concurrent-root-region-scan-end, 0.0092506 secs]
2022-07-29T00:22:24.492-0700: 616315.996: [GC concurrent-mark-start]
2022-07-29T00:22:27.176-0700: 616318.681: [GC concurrent-mark-end, 2.6840616 secs]
2022-07-29T00:22:27.176-0700: 616318.681: [GC remark 2022-07-29T00:22:27.176-0700: 616318.681: [Finalize Marking, 0.0001969 secs] 2022-07-29T00:22:27.176-0700: 616318.681: [GC ref-proc, 0.0080877 secs] 2022-07-29T00:22:27.184-0700: 616318.689: [Unloading, 0.0276024 secs], 0.0417129 secs]
 [Times: user=0.25 sys=0.00, real=0.04 secs] 
2022-07-29T00:22:27.218-0700: 616318.723: [GC cleanup 3764M->3764M(14336M), 0.0084086 secs]
 [Times: user=0.06 sys=0.00, real=0.01 secs] 
2022-07-29T00:24:27.660-0700: 616439.165: [GC pause (G1 Evacuation Pause) (young), 0.0121824 secs]
   [Parallel Time: 7.1 ms, GC Workers: 8]
      [GC Worker Start (ms): Min: 616439165.1, Avg: 616439165.2, Max: 616439165.3, Diff: 0.2]
      [Ext Root Scanning (ms): Min: 1.3, Avg: 2.2, Max: 5.9, Diff: 4.6, Sum: 17.4]
      [Update RS (ms): Min: 0.0, Avg: 1.7, Max: 2.6, Diff: 2.6, Sum: 13.7]
         [Processed Buffers: Min: 0, Avg: 5.2, Max: 8, Diff: 8, Sum: 42]
      [Scan RS (ms): Min: 0.0, Avg: 0.1, Max: 0.1, Diff: 0.1, Sum: 0.6]
      [Code Root Scanning (ms): Min: 0.0, Avg: 0.0, Max: 0.0, Diff: 0.0, Sum: 0.0]
      [Object Copy (ms): Min: 0.8, Avg: 2.7, Max: 3.1, Diff: 2.3, Sum: 21.7]
      [Termination (ms): Min: 0.0, Avg: 0.0, Max: 0.0, Diff: 0.0, Sum: 0.0]
         [Termination Attempts: Min: 1, Avg: 3.6, Max: 6, Diff: 5, Sum: 29]
      [GC Worker Other (ms): Min: 0.0, Avg: 0.0, Max: 0.1, Diff: 0.1, Sum: 0.4]
      [GC Worker Total (ms): Min: 6.6, Avg: 6.7, Max: 6.8, Diff: 0.2, Sum: 53.7]
      [GC Worker End (ms): Min: 616439171.9, Avg: 616439171.9, Max: 616439172.0, Diff: 0.1]
   [Code Root Fixup: 0.0 ms]
   [Code Root Purge: 0.0 ms]
   [Clear CT: 0.8 ms]
   [Other: 4.3 ms]
      [Choose CSet: 0.0 ms]
      [Ref Proc: 3.6 ms]
      [Ref Enq: 0.1 ms]
      [Redirty Cards: 0.1 ms]
      [Humongous Register: 0.1 ms]
      [Humongous Reclaim: 0.0 ms]
      [Free CSet: 0.3 ms]
   [Eden: 7152.0M(7152.0M)->0.0B(5712.0M) Survivors: 16384.0K->16384.0K Heap: 10744.3M(14336.0M)->3595.9M(14336.0M)]
 [Times: user=0.06 sys=0.00, real=0.01 secs] 
2022-07-29T00:26:05.315-0700: 616536.820: [GC pause (G1 Evacuation Pause) (mixed), 0.0145878 secs]
   [Parallel Time: 9.5 ms, GC Workers: 8]
      [GC Worker Start (ms): Min: 616536820.4, Avg: 616536820.4, Max: 616536820.5, Diff: 0.1]
      [Ext Root Scanning (ms): Min: 1.4, Avg: 2.5, Max: 7.2, Diff: 5.8, Sum: 19.6]
      [Update RS (ms): Min: 0.0, Avg: 1.4, Max: 1.9, Diff: 1.9, Sum: 11.2]
         [Processed Buffers: Min: 0, Avg: 4.5, Max: 8, Diff: 8, Sum: 36]
      [Scan RS (ms): Min: 0.0, Avg: 1.1, Max: 1.3, Diff: 1.3, Sum: 8.5]
      [Code Root Scanning (ms): Min: 0.0, Avg: 0.0, Max: 0.0, Diff: 0.0, Sum: 0.0]
      [Object Copy (ms): Min: 2.0, Avg: 4.2, Max: 4.7, Diff: 2.7, Sum: 33.9]
      [Termination (ms): Min: 0.0, Avg: 0.0, Max: 0.0, Diff: 0.0, Sum: 0.0]
         [Termination Attempts: Min: 1, Avg: 10.1, Max: 16, Diff: 15, Sum: 81]
      [GC Worker Other (ms): Min: 0.0, Avg: 0.1, Max: 0.2, Diff: 0.1, Sum: 0.6]
      [GC Worker Total (ms): Min: 9.2, Avg: 9.2, Max: 9.3, Diff: 0.2, Sum: 73.9]
      [GC Worker End (ms): Min: 616536829.6, Avg: 616536829.7, Max: 616536829.8, Diff: 0.1]
   [Code Root Fixup: 0.0 ms]
   [Code Root Purge: 0.0 ms]
   [Clear CT: 0.8 ms]
   [Other: 4.3 ms]
      [Choose CSet: 0.0 ms]
      [Ref Proc: 3.6 ms]
      [Ref Enq: 0.1 ms]
      [Redirty Cards: 0.1 ms]
      [Humongous Register: 0.1 ms]
      [Humongous Reclaim: 0.0 ms]
      [Free CSet: 0.2 ms]
   [Eden: 5712.0M(5712.0M)->0.0B(7152.0M) Survivors: 16384.0K->16384.0K Heap: 9307.9M(14336.0M)->3584.1M(14336.0M)]
 [Times: user=0.08 sys=0.00, real=0.01 secs] 
2022-07-29T00:28:06.163-0700: 616657.667: [GC pause (G1 Evacuation Pause) (young), 0.0120047 secs]
   [Parallel Time: 9.2 ms, GC Workers: 8]
      [GC Worker Start (ms): Min: 616657667.6, Avg: 616657667.7, Max: 616657667.7, Diff: 0.1]
      [Ext Root Scanning (ms): Min: 1.4, Avg: 2.1, Max: 5.6, Diff: 4.2, Sum: 17.0]
      [Update RS (ms): Min: 1.5, Avg: 4.5, Max: 5.4, Diff: 4.0, Sum: 36.3]
         [Processed Buffers: Min: 4, Avg: 12.0, Max: 18, Diff: 14, Sum: 96]
      [Scan RS (ms): Min: 0.0, Avg: 0.1, Max: 0.1, Diff: 0.1, Sum: 0.4]
      [Code Root Scanning (ms): Min: 0.0, Avg: 0.0, Max: 0.0, Diff: 0.0, Sum: 0.0]
      [Object Copy (ms): Min: 2.0, Avg: 2.3, Max: 2.5, Diff: 0.5, Sum: 18.6]
      [Termination (ms): Min: 0.0, Avg: 0.0, Max: 0.1, Diff: 0.1, Sum: 0.4]
         [Termination Attempts: Min: 1, Avg: 1.1, Max: 2, Diff: 1, Sum: 9]
      [GC Worker Other (ms): Min: 0.0, Avg: 0.0, Max: 0.0, Diff: 0.0, Sum: 0.2]
      [GC Worker Total (ms): Min: 9.1, Avg: 9.1, Max: 9.2, Diff: 0.1, Sum: 72.9]
      [GC Worker End (ms): Min: 616657676.8, Avg: 616657676.8, Max: 616657676.8, Diff: 0.0]
   [Code Root Fixup: 0.0 ms]
   [Code Root Purge: 0.0 ms]
   [Clear CT: 0.7 ms]
   [Other: 2.0 ms]
      [Choose CSet: 0.0 ms]
      [Ref Proc: 1.4 ms]
      [Ref Enq: 0.1 ms]
      [Redirty Cards: 0.1 ms]
      [Humongous Register: 0.1 ms]
      [Humongous Reclaim: 0.0 ms]
      [Free CSet: 0.3 ms]
   [Eden: 7152.0M(7152.0M)->0.0B(7152.0M) Survivors: 16384.0K->16384.0K Heap: 10736.1M(14336.0M)->3591.8M(14336.0M)]
 [Times: user=0.09 sys=0.00, real=0.01 secs] 
2022-07-29T00:30:08.076-0700: 616779.581: [GC pause (G1 Evacuation Pause) (young) (initial-mark), 0.0156041 secs]
   [Parallel Time: 11.4 ms, GC Workers: 8]
      [GC Worker Start (ms): Min: 616779583.0, Avg: 616779583.1, Max: 616779583.2, Diff: 0.1]
      [Ext Root Scanning (ms): Min: 4.7, Avg: 5.1, Max: 5.5, Diff: 0.8, Sum: 40.6]
      [Update RS (ms): Min: 1.4, Avg: 1.6, Max: 1.9, Diff: 0.5, Sum: 12.4]
         [Processed Buffers: Min: 4, Avg: 5.1, Max: 9, Diff: 5, Sum: 41]
      [Scan RS (ms): Min: 0.0, Avg: 0.1, Max: 0.1, Diff: 0.1, Sum: 0.4]
      [Code Root Scanning (ms): Min: 0.0, Avg: 0.0, Max: 0.0, Diff: 0.0, Sum: 0.0]
      [Object Copy (ms): Min: 1.8, Avg: 2.2, Max: 2.6, Diff: 0.8, Sum: 17.6]
      [Termination (ms): Min: 0.0, Avg: 0.0, Max: 0.0, Diff: 0.0, Sum: 0.0]
         [Termination Attempts: Min: 1, Avg: 4.5, Max: 6, Diff: 5, Sum: 36]
      [GC Worker Other (ms): Min: 0.0, Avg: 0.1, Max: 0.2, Diff: 0.2, Sum: 0.6]
      [GC Worker Total (ms): Min: 8.8, Avg: 9.0, Max: 9.1, Diff: 0.3, Sum: 71.6]
      [GC Worker End (ms): Min: 616779592.0, Avg: 616779592.0, Max: 616779592.1, Diff: 0.2]
   [Code Root Fixup: 0.0 ms]
   [Code Root Purge: 0.0 ms]
   [Clear CT: 0.7 ms]
   [Other: 3.5 ms]
      [Choose CSet: 0.0 ms]
      [Ref Proc: 2.8 ms]
      [Ref Enq: 0.1 ms]
      [Redirty Cards: 0.1 ms]
      [Humongous Register: 0.0 ms]
      [Humongous Reclaim: 0.0 ms]
      [Free CSet: 0.3 ms]
   [Eden: 7152.0M(7152.0M)->0.0B(7152.0M) Survivors: 16384.0K->16384.0K Heap: 10743.8M(14336.0M)->3589.7M(14336.0M)]
 [Times: user=0.08 sys=0.00, real=0.01 secs] 
2022-07-29T00:30:08.092-0700: 616779.597: [GC concurrent-root-region-scan-start]
2022-07-29T00:30:08.101-0700: 616779.605: [GC concurrent-root-region-scan-end, 0.0086904 secs]
2022-07-29T00:30:08.101-0700: 616779.605: [GC concurrent-mark-start]
2022-07-29T00:30:10.818-0700: 616782.323: [GC concurrent-mark-end, 2.7176064 secs]
2022-07-29T00:30:10.818-0700: 616782.323: [GC remark 2022-07-29T00:30:10.818-0700: 616782.323: [Finalize Marking, 0.0002809 secs] 2022-07-29T00:30:10.819-0700: 616782.324: [GC ref-proc, 0.0055398 secs] 2022-07-29T00:30:10.824-0700: 616782.329: [Unloading, 0.0271914 secs], 0.0387813 secs]
 [Times: user=0.25 sys=0.00, real=0.04 secs] 
2022-07-29T00:30:10.858-0700: 616782.362: [GC cleanup 3797M->3797M(14336M), 0.0087778 secs]
 [Times: user=0.06 sys=0.00, real=0.01 secs] 
2022-07-29T00:32:11.222-0700: 616902.727: [GC pause (G1 Evacuation Pause) (young), 0.0105914 secs]
   [Parallel Time: 5.6 ms, GC Workers: 8]
      [GC Worker Start (ms): Min: 616902726.9, Avg: 616902727.0, Max: 616902727.0, Diff: 0.1]
      [Ext Root Scanning (ms): Min: 1.2, Avg: 1.9, Max: 5.3, Diff: 4.2, Sum: 15.2]
      [Update RS (ms): Min: 0.0, Avg: 1.6, Max: 2.2, Diff: 2.2, Sum: 12.9]
         [Processed Buffers: Min: 0, Avg: 6.0, Max: 14, Diff: 14, Sum: 48]
      [Scan RS (ms): Min: 0.0, Avg: 0.1, Max: 0.1, Diff: 0.1, Sum: 0.4]
      [Code Root Scanning (ms): Min: 0.0, Avg: 0.0, Max: 0.0, Diff: 0.0, Sum: 0.0]
      [Object Copy (ms): Min: 0.1, Avg: 1.8, Max: 2.2, Diff: 2.1, Sum: 14.1]
      [Termination (ms): Min: 0.0, Avg: 0.0, Max: 0.0, Diff: 0.0, Sum: 0.0]
         [Termination Attempts: Min: 1, Avg: 1.4, Max: 3, Diff: 2, Sum: 11]
      [GC Worker Other (ms): Min: 0.0, Avg: 0.1, Max: 0.1, Diff: 0.1, Sum: 0.4]
      [GC Worker Total (ms): Min: 5.3, Avg: 5.4, Max: 5.5, Diff: 0.2, Sum: 43.1]
      [GC Worker End (ms): Min: 616902732.3, Avg: 616902732.3, Max: 616902732.4, Diff: 0.1]
   [Code Root Fixup: 0.0 ms]
   [Code Root Purge: 0.0 ms]
   [Clear CT: 0.8 ms]
   [Other: 4.1 ms]
      [Choose CSet: 0.0 ms]
      [Ref Proc: 3.5 ms]
      [Ref Enq: 0.1 ms]
      [Redirty Cards: 0.1 ms]
      [Humongous Register: 0.0 ms]
      [Humongous Reclaim: 0.0 ms]
      [Free CSet: 0.3 ms]
   [Eden: 7152.0M(7152.0M)->0.0B(5712.0M) Survivors: 16384.0K->16384.0K Heap: 10741.7M(14336.0M)->3591.3M(14336.0M)]
 [Times: user=0.05 sys=0.00, real=0.01 secs] 
2022-07-29T00:33:45.820-0700: 616997.325: [GC pause (G1 Evacuation Pause) (mixed), 0.0129621 secs]
   [Parallel Time: 7.4 ms, GC Workers: 8]
      [GC Worker Start (ms): Min: 616997325.4, Avg: 616997325.5, Max: 616997325.6, Diff: 0.2]
      [Ext Root Scanning (ms): Min: 1.2, Avg: 2.1, Max: 6.3, Diff: 5.1, Sum: 16.7]
      [Update RS (ms): Min: 0.0, Avg: 1.3, Max: 1.8, Diff: 1.8, Sum: 10.0]
         [Processed Buffers: Min: 0, Avg: 5.2, Max: 10, Diff: 10, Sum: 42]
      [Scan RS (ms): Min: 0.0, Avg: 0.8, Max: 1.0, Diff: 1.0, Sum: 6.5]
      [Code Root Scanning (ms): Min: 0.0, Avg: 0.0, Max: 0.0, Diff: 0.0, Sum: 0.0]
      [Object Copy (ms): Min: 0.8, Avg: 3.0, Max: 3.3, Diff: 2.5, Sum: 23.6]
      [Termination (ms): Min: 0.0, Avg: 0.0, Max: 0.0, Diff: 0.0, Sum: 0.0]
         [Termination Attempts: Min: 4, Avg: 6.2, Max: 9, Diff: 5, Sum: 50]
      [GC Worker Other (ms): Min: 0.0, Avg: 0.1, Max: 0.1, Diff: 0.1, Sum: 0.4]
      [GC Worker Total (ms): Min: 7.1, Avg: 7.2, Max: 7.3, Diff: 0.2, Sum: 57.3]
      [GC Worker End (ms): Min: 616997332.6, Avg: 616997332.7, Max: 616997332.7, Diff: 0.1]
   [Code Root Fixup: 0.0 ms]
   [Code Root Purge: 0.0 ms]
   [Clear CT: 0.7 ms]
   [Other: 4.9 ms]
      [Choose CSet: 0.0 ms]
      [Ref Proc: 4.2 ms]
      [Ref Enq: 0.1 ms]
      [Redirty Cards: 0.1 ms]
      [Humongous Register: 0.1 ms]
      [Humongous Reclaim: 0.0 ms]
      [Free CSet: 0.2 ms]
   [Eden: 5712.0M(5712.0M)->0.0B(7152.0M) Survivors: 16384.0K->16384.0K Heap: 9303.3M(14336.0M)->3583.0M(14336.0M)]
 [Times: user=0.07 sys=0.00, real=0.01 secs] 
2022-07-29T00:35:45.411-0700: 617116.916: [GC pause (G1 Evacuation Pause) (young), 0.0139512 secs]
   [Parallel Time: 8.5 ms, GC Workers: 8]
      [GC Worker Start (ms): Min: 617116915.9, Avg: 617116916.0, Max: 617116916.1, Diff: 0.1]
      [Ext Root Scanning (ms): Min: 1.4, Avg: 2.2, Max: 5.6, Diff: 4.2, Sum: 17.4]
      [Update RS (ms): Min: 0.6, Avg: 3.4, Max: 4.4, Diff: 3.8, Sum: 27.1]
         [Processed Buffers: Min: 3, Avg: 9.1, Max: 15, Diff: 12, Sum: 73]
      [Scan RS (ms): Min: 0.0, Avg: 0.1, Max: 0.1, Diff: 0.1, Sum: 0.5]
      [Code Root Scanning (ms): Min: 0.0, Avg: 0.0, Max: 0.0, Diff: 0.0, Sum: 0.0]
      [Object Copy (ms): Min: 1.9, Avg: 2.5, Max: 4.2, Diff: 2.2, Sum: 20.3]
      [Termination (ms): Min: 0.0, Avg: 0.0, Max: 0.0, Diff: 0.0, Sum: 0.0]
         [Termination Attempts: Min: 2, Avg: 10.4, Max: 14, Diff: 12, Sum: 83]
      [GC Worker Other (ms): Min: 0.0, Avg: 0.1, Max: 0.1, Diff: 0.1, Sum: 0.4]
      [GC Worker Total (ms): Min: 8.1, Avg: 8.2, Max: 8.3, Diff: 0.1, Sum: 65.7]
      [GC Worker End (ms): Min: 617116924.2, Avg: 617116924.2, Max: 617116924.2, Diff: 0.1]
   [Code Root Fixup: 0.0 ms]
   [Code Root Purge: 0.0 ms]
   [Clear CT: 0.8 ms]
   [Other: 4.7 ms]
      [Choose CSet: 0.0 ms]
      [Ref Proc: 4.0 ms]
      [Ref Enq: 0.1 ms]
      [Redirty Cards: 0.1 ms]
      [Humongous Register: 0.1 ms]
      [Humongous Reclaim: 0.0 ms]
      [Free CSet: 0.3 ms]
   [Eden: 7152.0M(7152.0M)->0.0B(7152.0M) Survivors: 16384.0K->16384.0K Heap: 10735.0M(14336.0M)->3581.8M(14336.0M)]
 [Times: user=0.07 sys=0.01, real=0.02 secs] 
2022-07-29T00:37:46.371-0700: 617237.876: [GC pause (G1 Evacuation Pause) (young) (initial-mark), 0.0162143 secs]
   [Parallel Time: 11.6 ms, GC Workers: 8]
      [GC Worker Start (ms): Min: 617237878.1, Avg: 617237878.2, Max: 617237878.3, Diff: 0.2]
      [Ext Root Scanning (ms): Min: 5.3, Avg: 5.6, Max: 6.1, Diff: 0.8, Sum: 45.1]
      [Update RS (ms): Min: 1.5, Avg: 1.6, Max: 1.9, Diff: 0.5, Sum: 12.8]
         [Processed Buffers: Min: 3, Avg: 6.0, Max: 8, Diff: 5, Sum: 48]
      [Scan RS (ms): Min: 0.0, Avg: 0.0, Max: 0.1, Diff: 0.1, Sum: 0.4]
      [Code Root Scanning (ms): Min: 0.0, Avg: 0.0, Max: 0.0, Diff: 0.0, Sum: 0.0]
      [Object Copy (ms): Min: 1.7, Avg: 2.1, Max: 2.5, Diff: 0.8, Sum: 16.8]
      [Termination (ms): Min: 0.0, Avg: 0.0, Max: 0.0, Diff: 0.0, Sum: 0.1]
         [Termination Attempts: Min: 16, Avg: 21.4, Max: 27, Diff: 11, Sum: 171]
      [GC Worker Other (ms): Min: 0.0, Avg: 0.1, Max: 0.1, Diff: 0.1, Sum: 0.4]
      [GC Worker Total (ms): Min: 9.3, Avg: 9.5, Max: 9.6, Diff: 0.3, Sum: 75.6]
      [GC Worker End (ms): Min: 617237887.6, Avg: 617237887.6, Max: 617237887.7, Diff: 0.1]
   [Code Root Fixup: 0.0 ms]
   [Code Root Purge: 0.0 ms]
   [Clear CT: 0.7 ms]
   [Other: 3.9 ms]
      [Choose CSet: 0.0 ms]
      [Ref Proc: 3.2 ms]
      [Ref Enq: 0.1 ms]
      [Redirty Cards: 0.1 ms]
      [Humongous Register: 0.0 ms]
      [Humongous Reclaim: 0.0 ms]
      [Free CSet: 0.3 ms]
   [Eden: 7152.0M(7152.0M)->0.0B(7152.0M) Survivors: 16384.0K->16384.0K Heap: 10733.8M(14336.0M)->3583.6M(14336.0M)]
 [Times: user=0.08 sys=0.00, real=0.02 secs] 
2022-07-29T00:37:46.388-0700: 617237.892: [GC concurrent-root-region-scan-start]
2022-07-29T00:37:46.396-0700: 617237.901: [GC concurrent-root-region-scan-end, 0.0088310 secs]
2022-07-29T00:37:46.396-0700: 617237.901: [GC concurrent-mark-start]
2022-07-29T00:37:49.112-0700: 617240.617: [GC concurrent-mark-end, 2.7155737 secs]
2022-07-29T00:37:49.112-0700: 617240.617: [GC remark 2022-07-29T00:37:49.112-0700: 617240.617: [Finalize Marking, 0.0003807 secs] 2022-07-29T00:37:49.113-0700: 617240.618: [GC ref-proc, 0.0079666 secs] 2022-07-29T00:37:49.121-0700: 617240.626: [Unloading, 0.0276045 secs], 0.0417073 secs]
 [Times: user=0.26 sys=0.00, real=0.04 secs] 
2022-07-29T00:37:49.154-0700: 617240.659: [GC cleanup 3807M->3807M(14336M), 0.0081984 secs]
 [Times: user=0.06 sys=0.00, real=0.02 secs] 
2022-07-29T00:39:45.966-0700: 617357.471: [GC pause (G1 Evacuation Pause) (young), 0.0099613 secs]
   [Parallel Time: 6.8 ms, GC Workers: 8]
      [GC Worker Start (ms): Min: 617357471.2, Avg: 617357471.2, Max: 617357471.3, Diff: 0.1]
      [Ext Root Scanning (ms): Min: 1.5, Avg: 2.3, Max: 6.2, Diff: 4.7, Sum: 18.5]
      [Update RS (ms): Min: 0.0, Avg: 1.9, Max: 2.6, Diff: 2.6, Sum: 15.2]
         [Processed Buffers: Min: 0, Avg: 5.6, Max: 11, Diff: 11, Sum: 45]
      [Scan RS (ms): Min: 0.0, Avg: 0.1, Max: 0.1, Diff: 0.1, Sum: 0.4]
      [Code Root Scanning (ms): Min: 0.0, Avg: 0.0, Max: 0.0, Diff: 0.0, Sum: 0.0]
      [Object Copy (ms): Min: 0.3, Avg: 2.2, Max: 2.7, Diff: 2.3, Sum: 17.9]
      [Termination (ms): Min: 0.0, Avg: 0.0, Max: 0.0, Diff: 0.0, Sum: 0.0]
         [Termination Attempts: Min: 1, Avg: 10.0, Max: 17, Diff: 16, Sum: 80]
      [GC Worker Other (ms): Min: 0.0, Avg: 0.1, Max: 0.1, Diff: 0.1, Sum: 0.4]
      [GC Worker Total (ms): Min: 6.5, Avg: 6.6, Max: 6.6, Diff: 0.1, Sum: 52.5]
      [GC Worker End (ms): Min: 617357477.7, Avg: 617357477.8, Max: 617357477.8, Diff: 0.1]
   [Code Root Fixup: 0.0 ms]
   [Code Root Purge: 0.0 ms]
   [Clear CT: 0.8 ms]
   [Other: 2.4 ms]
      [Choose CSet: 0.0 ms]
      [Ref Proc: 1.8 ms]
      [Ref Enq: 0.1 ms]
      [Redirty Cards: 0.1 ms]
      [Humongous Register: 0.1 ms]
      [Humongous Reclaim: 0.0 ms]
      [Free CSet: 0.3 ms]
   [Eden: 7152.0M(7152.0M)->0.0B(5712.0M) Survivors: 16384.0K->16384.0K Heap: 10735.6M(14336.0M)->3587.9M(14336.0M)]
 [Times: user=0.06 sys=0.00, real=0.01 secs] 
2022-07-29T00:41:22.827-0700: 617454.332: [GC pause (G1 Evacuation Pause) (mixed), 0.0127754 secs]
   [Parallel Time: 9.6 ms, GC Workers: 8]
      [GC Worker Start (ms): Min: 617454331.9, Avg: 617454332.0, Max: 617454332.1, Diff: 0.1]
      [Ext Root Scanning (ms): Min: 1.2, Avg: 2.1, Max: 6.8, Diff: 5.6, Sum: 16.9]
      [Update RS (ms): Min: 0.0, Avg: 1.4, Max: 1.9, Diff: 1.9, Sum: 11.0]
         [Processed Buffers: Min: 0, Avg: 4.8, Max: 8, Diff: 8, Sum: 38]
      [Scan RS (ms): Min: 0.0, Avg: 0.8, Max: 1.0, Diff: 1.0, Sum: 6.2]
      [Code Root Scanning (ms): Min: 0.0, Avg: 0.0, Max: 0.0, Diff: 0.0, Sum: 0.0]
      [Object Copy (ms): Min: 2.6, Avg: 5.1, Max: 5.5, Diff: 2.9, Sum: 40.7]
      [Termination (ms): Min: 0.0, Avg: 0.0, Max: 0.0, Diff: 0.0, Sum: 0.0]
         [Termination Attempts: Min: 1, Avg: 2.5, Max: 4, Diff: 3, Sum: 20]
      [GC Worker Other (ms): Min: 0.0, Avg: 0.1, Max: 0.1, Diff: 0.1, Sum: 0.5]
      [GC Worker Total (ms): Min: 9.3, Avg: 9.4, Max: 9.5, Diff: 0.2, Sum: 75.3]
      [GC Worker End (ms): Min: 617454341.4, Avg: 617454341.4, Max: 617454341.5, Diff: 0.1]
   [Code Root Fixup: 0.0 ms]
   [Code Root Purge: 0.0 ms]
   [Clear CT: 0.8 ms]
   [Other: 2.3 ms]
      [Choose CSet: 0.0 ms]
      [Ref Proc: 1.6 ms]
      [Ref Enq: 0.1 ms]
      [Redirty Cards: 0.1 ms]
      [Humongous Register: 0.1 ms]
      [Humongous Reclaim: 0.0 ms]
      [Free CSet: 0.2 ms]
   [Eden: 5712.0M(5712.0M)->0.0B(7152.0M) Survivors: 16384.0K->16384.0K Heap: 9299.9M(14336.0M)->3577.7M(14336.0M)]
 [Times: user=0.08 sys=0.00, real=0.01 secs] 
2022-07-29T00:43:23.970-0700: 617575.475: [GC pause (G1 Evacuation Pause) (young), 0.0133484 secs]
   [Parallel Time: 8.8 ms, GC Workers: 8]
      [GC Worker Start (ms): Min: 617575474.9, Avg: 617575475.0, Max: 617575475.0, Diff: 0.1]
      [Ext Root Scanning (ms): Min: 1.2, Avg: 1.9, Max: 5.4, Diff: 4.3, Sum: 15.5]
      [Update RS (ms): Min: 1.4, Avg: 4.6, Max: 5.3, Diff: 3.9, Sum: 36.5]
         [Processed Buffers: Min: 6, Avg: 13.1, Max: 22, Diff: 16, Sum: 105]
      [Scan RS (ms): Min: 0.0, Avg: 0.1, Max: 0.1, Diff: 0.1, Sum: 0.4]
      [Code Root Scanning (ms): Min: 0.0, Avg: 0.0, Max: 0.0, Diff: 0.0, Sum: 0.0]
      [Object Copy (ms): Min: 1.8, Avg: 2.1, Max: 2.2, Diff: 0.5, Sum: 16.4]
      [Termination (ms): Min: 0.0, Avg: 0.0, Max: 0.0, Diff: 0.0, Sum: 0.0]
         [Termination Attempts: Min: 1, Avg: 3.0, Max: 4, Diff: 3, Sum: 24]
      [GC Worker Other (ms): Min: 0.0, Avg: 0.0, Max: 0.1, Diff: 0.0, Sum: 0.3]
      [GC Worker Total (ms): Min: 8.6, Avg: 8.7, Max: 8.7, Diff: 0.1, Sum: 69.2]
      [GC Worker End (ms): Min: 617575483.6, Avg: 617575483.6, Max: 617575483.6, Diff: 0.0]
   [Code Root Fixup: 0.0 ms]
   [Code Root Purge: 0.0 ms]
   [Clear CT: 0.7 ms]
   [Other: 3.8 ms]
      [Choose CSet: 0.0 ms]
      [Ref Proc: 3.2 ms]
      [Ref Enq: 0.1 ms]
      [Redirty Cards: 0.1 ms]
      [Humongous Register: 0.1 ms]
      [Humongous Reclaim: 0.0 ms]
      [Free CSet: 0.3 ms]
   [Eden: 7152.0M(7152.0M)->0.0B(7152.0M) Survivors: 16384.0K->16384.0K Heap: 10729.7M(14336.0M)->3589.8M(14336.0M)]
 [Times: user=0.08 sys=0.00, real=0.02 secs] 
2022-07-29T00:45:26.663-0700: 617698.167: [GC pause (G1 Evacuation Pause) (young) (initial-mark), 0.0148546 secs]
   [Parallel Time: 11.7 ms, GC Workers: 8]
      [GC Worker Start (ms): Min: 617698169.6, Avg: 617698169.6, Max: 617698169.7, Diff: 0.1]
      [Ext Root Scanning (ms): Min: 4.9, Avg: 5.4, Max: 6.0, Diff: 1.1, Sum: 43.6]
      [Update RS (ms): Min: 1.3, Avg: 1.5, Max: 1.7, Diff: 0.4, Sum: 11.7]
         [Processed Buffers: Min: 3, Avg: 5.4, Max: 11, Diff: 8, Sum: 43]
      [Scan RS (ms): Min: 0.0, Avg: 0.1, Max: 0.1, Diff: 0.1, Sum: 0.4]
      [Code Root Scanning (ms): Min: 0.0, Avg: 0.0, Max: 0.0, Diff: 0.0, Sum: 0.0]
      [Object Copy (ms): Min: 1.8, Avg: 2.4, Max: 3.1, Diff: 1.3, Sum: 19.3]
      [Termination (ms): Min: 0.0, Avg: 0.0, Max: 0.0, Diff: 0.0, Sum: 0.1]
         [Termination Attempts: Min: 16, Avg: 20.1, Max: 23, Diff: 7, Sum: 161]
      [GC Worker Other (ms): Min: 0.0, Avg: 0.0, Max: 0.1, Diff: 0.1, Sum: 0.4]
      [GC Worker Total (ms): Min: 9.4, Avg: 9.4, Max: 9.5, Diff: 0.2, Sum: 75.4]
      [GC Worker End (ms): Min: 617698179.1, Avg: 617698179.1, Max: 617698179.1, Diff: 0.1]
   [Code Root Fixup: 0.0 ms]
   [Code Root Purge: 0.0 ms]
   [Clear CT: 0.8 ms]
   [Other: 2.4 ms]
      [Choose CSet: 0.0 ms]
      [Ref Proc: 1.8 ms]
      [Ref Enq: 0.1 ms]
      [Redirty Cards: 0.1 ms]
      [Humongous Register: 0.0 ms]
      [Humongous Reclaim: 0.0 ms]
      [Free CSet: 0.3 ms]
   [Eden: 7152.0M(7152.0M)->0.0B(7152.0M) Survivors: 16384.0K->16384.0K Heap: 10741.8M(14336.0M)->3588.5M(14336.0M)]
 [Times: user=0.08 sys=0.00, real=0.01 secs] 
2022-07-29T00:45:26.678-0700: 617698.182: [GC concurrent-root-region-scan-start]
2022-07-29T00:45:26.687-0700: 617698.191: [GC concurrent-root-region-scan-end, 0.0090209 secs]
2022-07-29T00:45:26.687-0700: 617698.191: [GC concurrent-mark-start]
2022-07-29T00:45:29.361-0700: 617700.865: [GC concurrent-mark-end, 2.6739973 secs]
2022-07-29T00:45:29.361-0700: 617700.866: [GC remark 2022-07-29T00:45:29.361-0700: 617700.866: [Finalize Marking, 0.0001486 secs] 2022-07-29T00:45:29.361-0700: 617700.866: [GC ref-proc, 0.0055666 secs] 2022-07-29T00:45:29.367-0700: 617700.872: [Unloading, 0.0275546 secs], 0.0389395 secs]
 [Times: user=0.25 sys=0.00, real=0.04 secs] 
2022-07-29T00:45:29.400-0700: 617700.905: [GC cleanup 3812M->3812M(14336M), 0.0083953 secs]
 [Times: user=0.06 sys=0.00, real=0.01 secs] 
2022-07-29T00:47:29.828-0700: 617821.332: [GC pause (G1 Evacuation Pause) (young), 0.0113853 secs]
   [Parallel Time: 5.8 ms, GC Workers: 8]
      [GC Worker Start (ms): Min: 617821332.6, Avg: 617821332.6, Max: 617821332.7, Diff: 0.2]
      [Ext Root Scanning (ms): Min: 1.1, Avg: 1.9, Max: 5.6, Diff: 4.5, Sum: 15.1]
      [Update RS (ms): Min: 0.0, Avg: 1.6, Max: 2.1, Diff: 2.1, Sum: 12.4]
         [Processed Buffers: Min: 0, Avg: 5.6, Max: 9, Diff: 9, Sum: 45]
      [Scan RS (ms): Min: 0.0, Avg: 0.1, Max: 0.1, Diff: 0.1, Sum: 0.4]
      [Code Root Scanning (ms): Min: 0.0, Avg: 0.0, Max: 0.0, Diff: 0.0, Sum: 0.0]
      [Object Copy (ms): Min: 0.0, Avg: 1.9, Max: 2.3, Diff: 2.3, Sum: 15.3]
      [Termination (ms): Min: 0.0, Avg: 0.1, Max: 0.2, Diff: 0.2, Sum: 1.2]
         [Termination Attempts: Min: 1, Avg: 1.6, Max: 3, Diff: 2, Sum: 13]
      [GC Worker Other (ms): Min: 0.0, Avg: 0.0, Max: 0.1, Diff: 0.0, Sum: 0.2]
      [GC Worker Total (ms): Min: 5.5, Avg: 5.6, Max: 5.7, Diff: 0.2, Sum: 44.6]
      [GC Worker End (ms): Min: 617821338.2, Avg: 617821338.2, Max: 617821338.3, Diff: 0.0]
   [Code Root Fixup: 0.0 ms]
   [Code Root Purge: 0.0 ms]
   [Clear CT: 0.7 ms]
   [Other: 4.8 ms]
      [Choose CSet: 0.0 ms]
      [Ref Proc: 4.1 ms]
      [Ref Enq: 0.1 ms]
      [Redirty Cards: 0.1 ms]
      [Humongous Register: 0.1 ms]
      [Humongous Reclaim: 0.0 ms]
      [Free CSet: 0.3 ms]
   [Eden: 7152.0M(7152.0M)->0.0B(5712.0M) Survivors: 16384.0K->16384.0K Heap: 10740.5M(14336.0M)->3589.1M(14336.0M)]
 [Times: user=0.05 sys=0.01, real=0.01 secs] 
2022-07-29T00:49:06.112-0700: 617917.617: [GC pause (G1 Evacuation Pause) (mixed), 0.0132703 secs]
   [Parallel Time: 10.5 ms, GC Workers: 8]
      [GC Worker Start (ms): Min: 617917616.8, Avg: 617917616.9, Max: 617917616.9, Diff: 0.1]
      [Ext Root Scanning (ms): Min: 1.5, Avg: 2.5, Max: 7.0, Diff: 5.5, Sum: 19.7]
      [Update RS (ms): Min: 0.0, Avg: 1.7, Max: 2.2, Diff: 2.2, Sum: 13.4]
         [Processed Buffers: Min: 0, Avg: 5.0, Max: 10, Diff: 10, Sum: 40]
      [Scan RS (ms): Min: 0.0, Avg: 1.4, Max: 1.8, Diff: 1.7, Sum: 11.3]
      [Code Root Scanning (ms): Min: 0.0, Avg: 0.0, Max: 0.0, Diff: 0.0, Sum: 0.0]
      [Object Copy (ms): Min: 3.2, Avg: 4.7, Max: 5.0, Diff: 1.8, Sum: 37.6]
      [Termination (ms): Min: 0.0, Avg: 0.0, Max: 0.0, Diff: 0.0, Sum: 0.0]
         [Termination Attempts: Min: 1, Avg: 13.8, Max: 19, Diff: 18, Sum: 110]
      [GC Worker Other (ms): Min: 0.0, Avg: 0.1, Max: 0.1, Diff: 0.1, Sum: 0.6]
      [GC Worker Total (ms): Min: 10.3, Avg: 10.3, Max: 10.4, Diff: 0.1, Sum: 82.8]
      [GC Worker End (ms): Min: 617917627.2, Avg: 617917627.2, Max: 617917627.3, Diff: 0.1]
   [Code Root Fixup: 0.0 ms]
   [Code Root Purge: 0.0 ms]
   [Clear CT: 0.7 ms]
   [Other: 2.0 ms]
      [Choose CSet: 0.0 ms]
      [Ref Proc: 1.4 ms]
      [Ref Enq: 0.1 ms]
      [Redirty Cards: 0.1 ms]
      [Humongous Register: 0.1 ms]
      [Humongous Reclaim: 0.0 ms]
      [Free CSet: 0.2 ms]
   [Eden: 5712.0M(5712.0M)->0.0B(7152.0M) Survivors: 16384.0K->16384.0K Heap: 9301.1M(14336.0M)->3584.2M(14336.0M)]
 [Times: user=0.09 sys=0.01, real=0.02 secs] 
2022-07-29T00:51:08.464-0700: 618039.969: [GC pause (G1 Evacuation Pause) (young), 0.0123608 secs]
   [Parallel Time: 9.0 ms, GC Workers: 8]
      [GC Worker Start (ms): Min: 618039969.1, Avg: 618039969.2, Max: 618039969.2, Diff: 0.1]
      [Ext Root Scanning (ms): Min: 1.4, Avg: 2.1, Max: 6.1, Diff: 4.7, Sum: 17.2]
      [Update RS (ms): Min: 1.0, Avg: 4.5, Max: 5.5, Diff: 4.5, Sum: 36.3]
         [Processed Buffers: Min: 5, Avg: 12.0, Max: 19, Diff: 14, Sum: 96]
      [Scan RS (ms): Min: 0.0, Avg: 0.0, Max: 0.1, Diff: 0.1, Sum: 0.4]
      [Code Root Scanning (ms): Min: 0.0, Avg: 0.0, Max: 0.0, Diff: 0.0, Sum: 0.0]
      [Object Copy (ms): Min: 1.6, Avg: 1.9, Max: 2.1, Diff: 0.5, Sum: 15.0]
      [Termination (ms): Min: 0.0, Avg: 0.0, Max: 0.0, Diff: 0.0, Sum: 0.0]
         [Termination Attempts: Min: 1, Avg: 1.5, Max: 3, Diff: 2, Sum: 12]
      [GC Worker Other (ms): Min: 0.0, Avg: 0.1, Max: 0.1, Diff: 0.1, Sum: 0.5]
      [GC Worker Total (ms): Min: 8.6, Avg: 8.7, Max: 8.7, Diff: 0.1, Sum: 69.4]
      [GC Worker End (ms): Min: 618039977.8, Avg: 618039977.8, Max: 618039977.9, Diff: 0.1]
   [Code Root Fixup: 0.0 ms]
   [Code Root Purge: 0.0 ms]
   [Clear CT: 0.7 ms]
   [Other: 2.6 ms]
      [Choose CSet: 0.0 ms]
      [Ref Proc: 2.0 ms]
      [Ref Enq: 0.1 ms]
      [Redirty Cards: 0.1 ms]
      [Humongous Register: 0.1 ms]
      [Humongous Reclaim: 0.0 ms]
      [Free CSet: 0.3 ms]
   [Eden: 7152.0M(7152.0M)->0.0B(7152.0M) Survivors: 16384.0K->16384.0K Heap: 10736.2M(14336.0M)->3585.2M(14336.0M)]
 [Times: user=0.08 sys=0.00, real=0.01 secs] 
2022-07-29T00:53:10.175-0700: 618161.679: [GC pause (G1 Evacuation Pause) (young) (initial-mark), 0.0191402 secs]
   [Parallel Time: 12.5 ms, GC Workers: 8]
      [GC Worker Start (ms): Min: 618161681.5, Avg: 618161681.5, Max: 618161681.6, Diff: 0.1]
      [Ext Root Scanning (ms): Min: 5.3, Avg: 5.9, Max: 6.3, Diff: 1.0, Sum: 46.8]
      [Update RS (ms): Min: 1.6, Avg: 1.7, Max: 1.8, Diff: 0.3, Sum: 13.4]
         [Processed Buffers: Min: 3, Avg: 5.5, Max: 10, Diff: 7, Sum: 44]
      [Scan RS (ms): Min: 0.0, Avg: 0.1, Max: 0.1, Diff: 0.1, Sum: 0.4]
      [Code Root Scanning (ms): Min: 0.0, Avg: 0.0, Max: 0.0, Diff: 0.0, Sum: 0.0]
      [Object Copy (ms): Min: 1.9, Avg: 2.4, Max: 2.8, Diff: 0.9, Sum: 19.3]
      [Termination (ms): Min: 0.0, Avg: 0.0, Max: 0.0, Diff: 0.0, Sum: 0.1]
         [Termination Attempts: Min: 9, Avg: 14.9, Max: 23, Diff: 14, Sum: 119]
      [GC Worker Other (ms): Min: 0.0, Avg: 0.1, Max: 0.1, Diff: 0.1, Sum: 0.4]
      [GC Worker Total (ms): Min: 10.0, Avg: 10.1, Max: 10.2, Diff: 0.2, Sum: 80.4]
      [GC Worker End (ms): Min: 618161691.5, Avg: 618161691.6, Max: 618161691.6, Diff: 0.1]
   [Code Root Fixup: 0.0 ms]
   [Code Root Purge: 0.0 ms]
   [Clear CT: 0.8 ms]
   [Other: 5.9 ms]
      [Choose CSet: 0.0 ms]
      [Ref Proc: 5.2 ms]
      [Ref Enq: 0.1 ms]
      [Redirty Cards: 0.1 ms]
      [Humongous Register: 0.0 ms]
      [Humongous Reclaim: 0.0 ms]
      [Free CSet: 0.3 ms]
   [Eden: 7152.0M(7152.0M)->0.0B(7152.0M) Survivors: 16384.0K->16384.0K Heap: 10737.2M(14336.0M)->3589.9M(14336.0M)]
 [Times: user=0.11 sys=0.00, real=0.02 secs] 
2022-07-29T00:53:10.194-0700: 618161.699: [GC concurrent-root-region-scan-start]
2022-07-29T00:53:10.204-0700: 618161.708: [GC concurrent-root-region-scan-end, 0.0097945 secs]
2022-07-29T00:53:10.204-0700: 618161.708: [GC concurrent-mark-start]
2022-07-29T00:53:12.852-0700: 618164.357: [GC concurrent-mark-end, 2.6485161 secs]
2022-07-29T00:53:12.852-0700: 618164.357: [GC remark 2022-07-29T00:53:12.853-0700: 618164.357: [Finalize Marking, 0.0004015 secs] 2022-07-29T00:53:12.853-0700: 618164.358: [GC ref-proc, 0.0060702 secs] 2022-07-29T00:53:12.859-0700: 618164.364: [Unloading, 0.0271449 secs], 0.0393713 secs]
 [Times: user=0.25 sys=0.00, real=0.04 secs] 
2022-07-29T00:53:12.892-0700: 618164.397: [GC cleanup 3749M->3749M(14336M), 0.0087121 secs]
 [Times: user=0.06 sys=0.00, real=0.01 secs] 
2022-07-29T00:55:10.123-0700: 618281.628: [GC pause (G1 Evacuation Pause) (young), 0.0090075 secs]
   [Parallel Time: 6.0 ms, GC Workers: 8]
      [GC Worker Start (ms): Min: 618281628.0, Avg: 618281628.0, Max: 618281628.1, Diff: 0.1]
      [Ext Root Scanning (ms): Min: 1.2, Avg: 2.0, Max: 5.8, Diff: 4.6, Sum: 16.4]
      [Update RS (ms): Min: 0.0, Avg: 1.3, Max: 1.8, Diff: 1.8, Sum: 10.2]
         [Processed Buffers: Min: 0, Avg: 4.9, Max: 8, Diff: 8, Sum: 39]
      [Scan RS (ms): Min: 0.0, Avg: 0.1, Max: 0.1, Diff: 0.1, Sum: 0.4]
      [Code Root Scanning (ms): Min: 0.0, Avg: 0.0, Max: 0.0, Diff: 0.0, Sum: 0.0]
      [Object Copy (ms): Min: 0.0, Avg: 2.0, Max: 2.4, Diff: 2.4, Sum: 15.6]
      [Termination (ms): Min: 0.0, Avg: 0.4, Max: 0.5, Diff: 0.5, Sum: 3.4]
         [Termination Attempts: Min: 1, Avg: 4.6, Max: 7, Diff: 6, Sum: 37]
      [GC Worker Other (ms): Min: 0.0, Avg: 0.0, Max: 0.1, Diff: 0.0, Sum: 0.3]
      [GC Worker Total (ms): Min: 5.7, Avg: 5.8, Max: 5.8, Diff: 0.2, Sum: 46.2]
      [GC Worker End (ms): Min: 618281633.8, Avg: 618281633.8, Max: 618281633.8, Diff: 0.0]
   [Code Root Fixup: 0.0 ms]
   [Code Root Purge: 0.0 ms]
   [Clear CT: 0.6 ms]
   [Other: 2.4 ms]
      [Choose CSet: 0.0 ms]
      [Ref Proc: 1.6 ms]
      [Ref Enq: 0.1 ms]
      [Redirty Cards: 0.1 ms]
      [Humongous Register: 0.1 ms]
      [Humongous Reclaim: 0.0 ms]
      [Free CSet: 0.3 ms]
   [Eden: 7152.0M(7152.0M)->0.0B(5712.0M) Survivors: 16384.0K->16384.0K Heap: 10741.9M(14336.0M)->3587.5M(14336.0M)]
 [Times: user=0.05 sys=0.01, real=0.00 secs] 
2022-07-29T00:56:47.074-0700: 618378.578: [GC pause (G1 Evacuation Pause) (mixed), 0.0116728 secs]
   [Parallel Time: 8.7 ms, GC Workers: 8]
      [GC Worker Start (ms): Min: 618378578.4, Avg: 618378578.5, Max: 618378578.6, Diff: 0.2]
      [Ext Root Scanning (ms): Min: 1.1, Avg: 2.0, Max: 6.1, Diff: 5.0, Sum: 15.9]
      [Update RS (ms): Min: 0.0, Avg: 1.5, Max: 2.0, Diff: 2.0, Sum: 11.7]
         [Processed Buffers: Min: 0, Avg: 5.5, Max: 11, Diff: 11, Sum: 44]
      [Scan RS (ms): Min: 0.0, Avg: 1.1, Max: 1.4, Diff: 1.3, Sum: 8.6]
      [Code Root Scanning (ms): Min: 0.0, Avg: 0.0, Max: 0.0, Diff: 0.0, Sum: 0.0]
      [Object Copy (ms): Min: 2.3, Avg: 3.8, Max: 4.2, Diff: 1.9, Sum: 30.8]
      [Termination (ms): Min: 0.0, Avg: 0.0, Max: 0.0, Diff: 0.0, Sum: 0.0]
         [Termination Attempts: Min: 1, Avg: 1.0, Max: 1, Diff: 0, Sum: 8]
      [GC Worker Other (ms): Min: 0.0, Avg: 0.1, Max: 0.1, Diff: 0.1, Sum: 0.5]
      [GC Worker Total (ms): Min: 8.4, Avg: 8.4, Max: 8.6, Diff: 0.2, Sum: 67.4]
      [GC Worker End (ms): Min: 618378586.9, Avg: 618378587.0, Max: 618378587.0, Diff: 0.1]
   [Code Root Fixup: 0.0 ms]
   [Code Root Purge: 0.0 ms]
   [Clear CT: 0.8 ms]
   [Other: 2.2 ms]
      [Choose CSet: 0.0 ms]
      [Ref Proc: 1.5 ms]
      [Ref Enq: 0.1 ms]
      [Redirty Cards: 0.1 ms]
      [Humongous Register: 0.1 ms]
      [Humongous Reclaim: 0.0 ms]
      [Free CSet: 0.2 ms]
   [Eden: 5712.0M(5712.0M)->0.0B(7152.0M) Survivors: 16384.0K->16384.0K Heap: 9299.5M(14336.0M)->3579.6M(14336.0M)]
 [Times: user=0.07 sys=0.00, real=0.02 secs] 
2022-07-29T00:58:50.971-0700: 618502.476: [GC pause (G1 Evacuation Pause) (young), 0.0143577 secs]
   [Parallel Time: 11.4 ms, GC Workers: 8]
      [GC Worker Start (ms): Min: 618502475.7, Avg: 618502475.8, Max: 618502475.9, Diff: 0.1]
      [Ext Root Scanning (ms): Min: 1.2, Avg: 2.7, Max: 7.6, Diff: 6.3, Sum: 22.0]
      [Update RS (ms): Min: 0.0, Avg: 3.2, Max: 4.3, Diff: 4.3, Sum: 25.5]
         [Processed Buffers: Min: 0, Avg: 12.1, Max: 21, Diff: 21, Sum: 97]
      [Scan RS (ms): Min: 0.0, Avg: 0.0, Max: 0.1, Diff: 0.1, Sum: 0.4]
      [Code Root Scanning (ms): Min: 0.0, Avg: 0.0, Max: 0.0, Diff: 0.0, Sum: 0.0]
      [Object Copy (ms): Min: 0.4, Avg: 2.4, Max: 5.4, Diff: 5.0, Sum: 19.2]
      [Termination (ms): Min: 0.0, Avg: 2.6, Max: 3.0, Diff: 3.0, Sum: 20.7]
         [Termination Attempts: Min: 1, Avg: 12.0, Max: 19, Diff: 18, Sum: 96]
      [GC Worker Other (ms): Min: 0.0, Avg: 0.0, Max: 0.0, Diff: 0.0, Sum: 0.2]
      [GC Worker Total (ms): Min: 10.9, Avg: 11.0, Max: 11.1, Diff: 0.1, Sum: 88.0]
      [GC Worker End (ms): Min: 618502486.8, Avg: 618502486.8, Max: 618502486.8, Diff: 0.0]
   [Code Root Fixup: 0.0 ms]
   [Code Root Purge: 0.0 ms]
   [Clear CT: 0.7 ms]
   [Other: 2.2 ms]
      [Choose CSet: 0.0 ms]
      [Ref Proc: 1.6 ms]
      [Ref Enq: 0.1 ms]
      [Redirty Cards: 0.1 ms]
      [Humongous Register: 0.1 ms]
      [Humongous Reclaim: 0.0 ms]
      [Free CSet: 0.3 ms]
   [Eden: 7152.0M(7152.0M)->0.0B(7152.0M) Survivors: 16384.0K->16384.0K Heap: 10731.6M(14336.0M)->3587.7M(14336.0M)]
 [Times: user=0.07 sys=0.01, real=0.02 secs] 
2022-07-29T01:00:53.761-0700: 618625.266: [GC pause (G1 Evacuation Pause) (young) (initial-mark), 0.0185437 secs]
   [Parallel Time: 13.7 ms, GC Workers: 8]
      [GC Worker Start (ms): Min: 618625268.1, Avg: 618625268.2, Max: 618625268.3, Diff: 0.2]
      [Ext Root Scanning (ms): Min: 6.7, Avg: 7.2, Max: 7.7, Diff: 1.0, Sum: 57.3]
      [Update RS (ms): Min: 1.3, Avg: 1.5, Max: 1.9, Diff: 0.6, Sum: 11.8]
         [Processed Buffers: Min: 3, Avg: 5.5, Max: 11, Diff: 8, Sum: 44]
      [Scan RS (ms): Min: 0.0, Avg: 0.1, Max: 0.1, Diff: 0.1, Sum: 0.4]
      [Code Root Scanning (ms): Min: 0.0, Avg: 0.0, Max: 0.0, Diff: 0.0, Sum: 0.0]
      [Object Copy (ms): Min: 1.5, Avg: 2.4, Max: 2.8, Diff: 1.3, Sum: 18.9]
      [Termination (ms): Min: 0.0, Avg: 0.0, Max: 0.0, Diff: 0.0, Sum: 0.0]
         [Termination Attempts: Min: 1, Avg: 4.0, Max: 8, Diff: 7, Sum: 32]
      [GC Worker Other (ms): Min: 0.0, Avg: 0.1, Max: 0.1, Diff: 0.1, Sum: 0.5]
      [GC Worker Total (ms): Min: 11.0, Avg: 11.1, Max: 11.2, Diff: 0.2, Sum: 88.9]
      [GC Worker End (ms): Min: 618625279.3, Avg: 618625279.3, Max: 618625279.4, Diff: 0.1]
   [Code Root Fixup: 0.0 ms]
   [Code Root Purge: 0.0 ms]
   [Clear CT: 0.8 ms]
   [Other: 4.1 ms]
      [Choose CSet: 0.0 ms]
      [Ref Proc: 3.4 ms]
      [Ref Enq: 0.1 ms]
      [Redirty Cards: 0.1 ms]
      [Humongous Register: 0.0 ms]
      [Humongous Reclaim: 0.0 ms]
      [Free CSet: 0.3 ms]
   [Eden: 7152.0M(7152.0M)->0.0B(7152.0M) Survivors: 16384.0K->16384.0K Heap: 10739.7M(14336.0M)->3585.9M(14336.0M)]
 [Times: user=0.08 sys=0.00, real=0.02 secs] 
2022-07-29T01:00:53.780-0700: 618625.285: [GC concurrent-root-region-scan-start]
2022-07-29T01:00:53.793-0700: 618625.298: [GC concurrent-root-region-scan-end, 0.0129956 secs]
2022-07-29T01:00:53.793-0700: 618625.298: [GC concurrent-mark-start]
2022-07-29T01:00:56.488-0700: 618627.993: [GC concurrent-mark-end, 2.6952029 secs]
2022-07-29T01:00:56.488-0700: 618627.993: [GC remark 2022-07-29T01:00:56.488-0700: 618627.993: [Finalize Marking, 0.0002293 secs] 2022-07-29T01:00:56.488-0700: 618627.993: [GC ref-proc, 0.0061643 secs] 2022-07-29T01:00:56.495-0700: 618627.999: [Unloading, 0.0274438 secs], 0.0395791 secs]
 [Times: user=0.25 sys=0.00, real=0.04 secs] 
2022-07-29T01:00:56.528-0700: 618628.033: [GC cleanup 3805M->3805M(14336M), 0.0082730 secs]
 [Times: user=0.07 sys=0.00, real=0.01 secs] 
2022-07-29T01:02:54.567-0700: 618746.072: [GC pause (G1 Evacuation Pause) (young), 0.0100990 secs]
   [Parallel Time: 6.3 ms, GC Workers: 8]
      [GC Worker Start (ms): Min: 618746071.8, Avg: 618746071.9, Max: 618746072.0, Diff: 0.2]
      [Ext Root Scanning (ms): Min: 1.3, Avg: 2.2, Max: 5.7, Diff: 4.3, Sum: 17.3]
      [Update RS (ms): Min: 0.0, Avg: 1.9, Max: 2.4, Diff: 2.4, Sum: 15.5]
         [Processed Buffers: Min: 0, Avg: 5.8, Max: 10, Diff: 10, Sum: 46]
      [Scan RS (ms): Min: 0.0, Avg: 0.1, Max: 0.1, Diff: 0.1, Sum: 0.4]
      [Code Root Scanning (ms): Min: 0.0, Avg: 0.0, Max: 0.0, Diff: 0.0, Sum: 0.0]
      [Object Copy (ms): Min: 0.4, Avg: 1.9, Max: 2.3, Diff: 1.8, Sum: 15.1]
      [Termination (ms): Min: 0.0, Avg: 0.0, Max: 0.0, Diff: 0.0, Sum: 0.0]
         [Termination Attempts: Min: 2, Avg: 6.8, Max: 13, Diff: 11, Sum: 54]
      [GC Worker Other (ms): Min: 0.0, Avg: 0.0, Max: 0.1, Diff: 0.1, Sum: 0.4]
      [GC Worker Total (ms): Min: 6.0, Avg: 6.1, Max: 6.2, Diff: 0.1, Sum: 48.7]
      [GC Worker End (ms): Min: 618746078.0, Avg: 618746078.0, Max: 618746078.1, Diff: 0.1]
   [Code Root Fixup: 0.0 ms]
   [Code Root Purge: 0.0 ms]
   [Clear CT: 0.7 ms]
   [Other: 3.1 ms]
      [Choose CSet: 0.0 ms]
      [Ref Proc: 2.4 ms]
      [Ref Enq: 0.1 ms]
      [Redirty Cards: 0.1 ms]
      [Humongous Register: 0.1 ms]
      [Humongous Reclaim: 0.0 ms]
      [Free CSet: 0.3 ms]
   [Eden: 7152.0M(7152.0M)->0.0B(5712.0M) Survivors: 16384.0K->16384.0K Heap: 10737.9M(14336.0M)->3589.9M(14336.0M)]
 [Times: user=0.05 sys=0.00, real=0.01 secs] 
2022-07-29T01:04:33.014-0700: 618844.519: [GC pause (G1 Evacuation Pause) (mixed), 0.0124009 secs]
   [Parallel Time: 9.6 ms, GC Workers: 8]
      [GC Worker Start (ms): Min: 618844519.2, Avg: 618844519.2, Max: 618844519.3, Diff: 0.1]
      [Ext Root Scanning (ms): Min: 1.6, Avg: 2.4, Max: 6.5, Diff: 4.9, Sum: 19.1]
      [Update RS (ms): Min: 0.0, Avg: 1.3, Max: 1.7, Diff: 1.7, Sum: 10.2]
         [Processed Buffers: Min: 0, Avg: 4.9, Max: 10, Diff: 10, Sum: 39]
      [Scan RS (ms): Min: 0.0, Avg: 1.3, Max: 1.6, Diff: 1.6, Sum: 10.1]
      [Code Root Scanning (ms): Min: 0.0, Avg: 0.0, Max: 0.0, Diff: 0.0, Sum: 0.0]
      [Object Copy (ms): Min: 2.9, Avg: 4.4, Max: 4.8, Diff: 1.9, Sum: 35.5]
      [Termination (ms): Min: 0.0, Avg: 0.0, Max: 0.0, Diff: 0.0, Sum: 0.0]
         [Termination Attempts: Min: 1, Avg: 1.5, Max: 2, Diff: 1, Sum: 12]
      [GC Worker Other (ms): Min: 0.0, Avg: 0.0, Max: 0.1, Diff: 0.1, Sum: 0.4]
      [GC Worker Total (ms): Min: 9.3, Avg: 9.4, Max: 9.5, Diff: 0.1, Sum: 75.2]
      [GC Worker End (ms): Min: 618844528.6, Avg: 618844528.7, Max: 618844528.7, Diff: 0.1]
   [Code Root Fixup: 0.0 ms]
   [Code Root Purge: 0.0 ms]
   [Clear CT: 0.7 ms]
   [Other: 2.0 ms]
      [Choose CSet: 0.0 ms]
      [Ref Proc: 1.4 ms]
      [Ref Enq: 0.1 ms]
      [Redirty Cards: 0.1 ms]
      [Humongous Register: 0.1 ms]
      [Humongous Reclaim: 0.0 ms]
      [Free CSet: 0.3 ms]
   [Eden: 5712.0M(5712.0M)->0.0B(7152.0M) Survivors: 16384.0K->16384.0K Heap: 9301.9M(14336.0M)->3578.3M(14336.0M)]
 [Times: user=0.08 sys=0.00, real=0.02 secs] 
2022-07-29T01:06:36.873-0700: 618968.378: [GC pause (G1 Evacuation Pause) (young), 0.0110412 secs]
   [Parallel Time: 7.5 ms, GC Workers: 8]
      [GC Worker Start (ms): Min: 618968378.1, Avg: 618968378.1, Max: 618968378.2, Diff: 0.1]
      [Ext Root Scanning (ms): Min: 1.2, Avg: 1.9, Max: 5.1, Diff: 3.9, Sum: 15.2]
      [Update RS (ms): Min: 0.6, Avg: 3.4, Max: 4.1, Diff: 3.5, Sum: 27.5]
         [Processed Buffers: Min: 2, Avg: 12.5, Max: 21, Diff: 19, Sum: 100]
      [Scan RS (ms): Min: 0.0, Avg: 0.0, Max: 0.1, Diff: 0.1, Sum: 0.4]
      [Code Root Scanning (ms): Min: 0.0, Avg: 0.0, Max: 0.0, Diff: 0.0, Sum: 0.0]
      [Object Copy (ms): Min: 1.5, Avg: 1.9, Max: 2.0, Diff: 0.6, Sum: 15.0]
      [Termination (ms): Min: 0.0, Avg: 0.0, Max: 0.0, Diff: 0.0, Sum: 0.0]
         [Termination Attempts: Min: 1, Avg: 3.0, Max: 5, Diff: 4, Sum: 24]
      [GC Worker Other (ms): Min: 0.0, Avg: 0.1, Max: 0.1, Diff: 0.1, Sum: 0.5]
      [GC Worker Total (ms): Min: 7.2, Avg: 7.3, Max: 7.4, Diff: 0.1, Sum: 58.5]
      [GC Worker End (ms): Min: 618968385.4, Avg: 618968385.5, Max: 618968385.5, Diff: 0.1]
   [Code Root Fixup: 0.0 ms]
   [Code Root Purge: 0.0 ms]
   [Clear CT: 0.8 ms]
   [Other: 2.8 ms]
      [Choose CSet: 0.0 ms]
      [Ref Proc: 2.1 ms]
      [Ref Enq: 0.1 ms]
      [Redirty Cards: 0.1 ms]
      [Humongous Register: 0.1 ms]
      [Humongous Reclaim: 0.0 ms]
      [Free CSet: 0.3 ms]
   [Eden: 7152.0M(7152.0M)->0.0B(7152.0M) Survivors: 16384.0K->16384.0K Heap: 10730.3M(14336.0M)->3584.5M(14336.0M)]
 [Times: user=0.07 sys=0.00, real=0.02 secs] 
2022-07-29T01:08:38.368-0700: 619089.873: [GC pause (G1 Evacuation Pause) (young) (initial-mark), 0.0173481 secs]
   [Parallel Time: 12.3 ms, GC Workers: 8]
      [GC Worker Start (ms): Min: 619089875.2, Avg: 619089875.3, Max: 619089875.4, Diff: 0.2]
      [Ext Root Scanning (ms): Min: 5.2, Avg: 5.7, Max: 6.2, Diff: 1.0, Sum: 45.4]
      [Update RS (ms): Min: 1.2, Avg: 1.4, Max: 1.6, Diff: 0.4, Sum: 11.0]
         [Processed Buffers: Min: 2, Avg: 5.2, Max: 11, Diff: 9, Sum: 42]
      [Scan RS (ms): Min: 0.0, Avg: 0.1, Max: 0.1, Diff: 0.1, Sum: 0.4]
      [Code Root Scanning (ms): Min: 0.0, Avg: 0.0, Max: 0.0, Diff: 0.0, Sum: 0.0]
      [Object Copy (ms): Min: 1.9, Avg: 2.5, Max: 2.8, Diff: 0.9, Sum: 19.9]
      [Termination (ms): Min: 0.0, Avg: 0.0, Max: 0.0, Diff: 0.0, Sum: 0.0]
         [Termination Attempts: Min: 1, Avg: 5.5, Max: 9, Diff: 8, Sum: 44]
      [GC Worker Other (ms): Min: 0.0, Avg: 0.1, Max: 0.1, Diff: 0.1, Sum: 0.5]
      [GC Worker Total (ms): Min: 9.6, Avg: 9.7, Max: 9.8, Diff: 0.2, Sum: 77.3]
      [GC Worker End (ms): Min: 619089884.9, Avg: 619089885.0, Max: 619089885.1, Diff: 0.1]
   [Code Root Fixup: 0.0 ms]
   [Code Root Purge: 0.0 ms]
   [Clear CT: 0.8 ms]
   [Other: 4.3 ms]
      [Choose CSet: 0.0 ms]
      [Ref Proc: 3.6 ms]
      [Ref Enq: 0.1 ms]
      [Redirty Cards: 0.1 ms]
      [Humongous Register: 0.0 ms]
      [Humongous Reclaim: 0.0 ms]
      [Free CSet: 0.3 ms]
   [Eden: 7152.0M(7152.0M)->0.0B(7152.0M) Survivors: 16384.0K->16384.0K Heap: 10736.5M(14336.0M)->3588.8M(14336.0M)]
 [Times: user=0.08 sys=0.00, real=0.02 secs] 
2022-07-29T01:08:38.386-0700: 619089.890: [GC concurrent-root-region-scan-start]
2022-07-29T01:08:38.395-0700: 619089.900: [GC concurrent-root-region-scan-end, 0.0098435 secs]
2022-07-29T01:08:38.395-0700: 619089.900: [GC concurrent-mark-start]
2022-07-29T01:08:41.078-0700: 619092.583: [GC concurrent-mark-end, 2.6829855 secs]
2022-07-29T01:08:41.079-0700: 619092.583: [GC remark 2022-07-29T01:08:41.079-0700: 619092.584: [Finalize Marking, 0.0003019 secs] 2022-07-29T01:08:41.079-0700: 619092.584: [GC ref-proc, 0.0108241 secs] 2022-07-29T01:08:41.090-0700: 619092.595: [Unloading, 0.0275266 secs], 0.0444890 secs]
 [Times: user=0.26 sys=0.00, real=0.05 secs] 
2022-07-29T01:08:41.124-0700: 619092.628: [GC cleanup 3756M->3756M(14336M), 0.0085690 secs]
 [Times: user=0.07 sys=0.00, real=0.00 secs] 
2022-07-29T01:10:42.365-0700: 619213.869: [GC pause (G1 Evacuation Pause) (young), 0.0107101 secs]
   [Parallel Time: 6.3 ms, GC Workers: 8]
      [GC Worker Start (ms): Min: 619213869.4, Avg: 619213869.5, Max: 619213869.5, Diff: 0.1]
      [Ext Root Scanning (ms): Min: 1.5, Avg: 2.2, Max: 5.6, Diff: 4.2, Sum: 18.0]
      [Update RS (ms): Min: 0.0, Avg: 1.7, Max: 2.4, Diff: 2.4, Sum: 13.8]
         [Processed Buffers: Min: 0, Avg: 5.2, Max: 8, Diff: 8, Sum: 42]
      [Scan RS (ms): Min: 0.0, Avg: 0.1, Max: 0.1, Diff: 0.1, Sum: 0.4]
      [Code Root Scanning (ms): Min: 0.0, Avg: 0.0, Max: 0.0, Diff: 0.0, Sum: 0.0]
      [Object Copy (ms): Min: 0.6, Avg: 2.1, Max: 2.5, Diff: 2.0, Sum: 17.2]
      [Termination (ms): Min: 0.0, Avg: 0.0, Max: 0.0, Diff: 0.0, Sum: 0.0]
         [Termination Attempts: Min: 1, Avg: 1.1, Max: 2, Diff: 1, Sum: 9]
      [GC Worker Other (ms): Min: 0.0, Avg: 0.0, Max: 0.1, Diff: 0.0, Sum: 0.3]
      [GC Worker Total (ms): Min: 6.2, Avg: 6.2, Max: 6.3, Diff: 0.1, Sum: 49.7]
      [GC Worker End (ms): Min: 619213875.7, Avg: 619213875.7, Max: 619213875.7, Diff: 0.1]
   [Code Root Fixup: 0.0 ms]
   [Code Root Purge: 0.0 ms]
   [Clear CT: 0.7 ms]
   [Other: 3.6 ms]
      [Choose CSet: 0.0 ms]
      [Ref Proc: 3.0 ms]
      [Ref Enq: 0.1 ms]
      [Redirty Cards: 0.1 ms]
      [Humongous Register: 0.1 ms]
      [Humongous Reclaim: 0.0 ms]
      [Free CSet: 0.3 ms]
   [Eden: 7152.0M(7152.0M)->0.0B(5712.0M) Survivors: 16384.0K->16384.0K Heap: 10740.8M(14336.0M)->3586.3M(14336.0M)]
 [Times: user=0.06 sys=0.00, real=0.01 secs] 
2022-07-29T01:12:20.926-0700: 619312.431: [GC pause (G1 Evacuation Pause) (mixed), 0.0122589 secs]
   [Parallel Time: 9.1 ms, GC Workers: 8]
      [GC Worker Start (ms): Min: 619312431.2, Avg: 619312431.3, Max: 619312431.4, Diff: 0.2]
      [Ext Root Scanning (ms): Min: 1.1, Avg: 2.0, Max: 6.3, Diff: 5.3, Sum: 15.9]
      [Update RS (ms): Min: 0.0, Avg: 1.4, Max: 2.0, Diff: 2.0, Sum: 11.0]
         [Processed Buffers: Min: 0, Avg: 5.4, Max: 8, Diff: 8, Sum: 43]
      [Scan RS (ms): Min: 0.0, Avg: 0.8, Max: 1.1, Diff: 1.1, Sum: 6.8]
      [Code Root Scanning (ms): Min: 0.0, Avg: 0.0, Max: 0.0, Diff: 0.0, Sum: 0.0]
      [Object Copy (ms): Min: 2.6, Avg: 4.7, Max: 5.1, Diff: 2.4, Sum: 37.3]
      [Termination (ms): Min: 0.0, Avg: 0.0, Max: 0.0, Diff: 0.0, Sum: 0.0]
         [Termination Attempts: Min: 1, Avg: 1.0, Max: 1, Diff: 0, Sum: 8]
      [GC Worker Other (ms): Min: 0.0, Avg: 0.0, Max: 0.1, Diff: 0.1, Sum: 0.4]
      [GC Worker Total (ms): Min: 8.8, Avg: 8.9, Max: 9.1, Diff: 0.3, Sum: 71.4]
      [GC Worker End (ms): Min: 619312440.2, Avg: 619312440.3, Max: 619312440.3, Diff: 0.1]
   [Code Root Fixup: 0.0 ms]
   [Code Root Purge: 0.0 ms]
   [Clear CT: 0.8 ms]
   [Other: 2.3 ms]
      [Choose CSet: 0.0 ms]
      [Ref Proc: 1.7 ms]
      [Ref Enq: 0.1 ms]
      [Redirty Cards: 0.1 ms]
      [Humongous Register: 0.1 ms]
      [Humongous Reclaim: 0.0 ms]
      [Free CSet: 0.2 ms]
   [Eden: 5712.0M(5712.0M)->0.0B(7152.0M) Survivors: 16384.0K->16384.0K Heap: 9298.3M(14336.0M)->3580.7M(14336.0M)]
 [Times: user=0.08 sys=0.00, real=0.01 secs] 
2022-07-29T01:14:20.387-0700: 619431.891: [GC pause (G1 Evacuation Pause) (young), 0.0155473 secs]
   [Parallel Time: 10.7 ms, GC Workers: 8]
      [GC Worker Start (ms): Min: 619431891.6, Avg: 619431891.7, Max: 619431891.8, Diff: 0.2]
      [Ext Root Scanning (ms): Min: 1.5, Avg: 2.4, Max: 6.3, Diff: 4.8, Sum: 19.0]
      [Update RS (ms): Min: 2.1, Avg: 5.4, Max: 6.2, Diff: 4.1, Sum: 43.1]
         [Processed Buffers: Min: 4, Avg: 12.6, Max: 17, Diff: 13, Sum: 101]
      [Scan RS (ms): Min: 0.0, Avg: 0.0, Max: 0.1, Diff: 0.1, Sum: 0.4]
      [Code Root Scanning (ms): Min: 0.0, Avg: 0.0, Max: 0.0, Diff: 0.0, Sum: 0.0]
      [Object Copy (ms): Min: 1.8, Avg: 2.3, Max: 2.5, Diff: 0.7, Sum: 18.4]
      [Termination (ms): Min: 0.0, Avg: 0.0, Max: 0.0, Diff: 0.0, Sum: 0.0]
         [Termination Attempts: Min: 1, Avg: 5.9, Max: 12, Diff: 11, Sum: 47]
      [GC Worker Other (ms): Min: 0.0, Avg: 0.1, Max: 0.3, Diff: 0.2, Sum: 1.0]
      [GC Worker Total (ms): Min: 10.1, Avg: 10.2, Max: 10.4, Diff: 0.3, Sum: 81.9]
      [GC Worker End (ms): Min: 619431901.8, Avg: 619431901.9, Max: 619431902.1, Diff: 0.2]
   [Code Root Fixup: 0.0 ms]
   [Code Root Purge: 0.0 ms]
   [Clear CT: 0.8 ms]
   [Other: 4.0 ms]
      [Choose CSet: 0.0 ms]
      [Ref Proc: 3.4 ms]
      [Ref Enq: 0.1 ms]
      [Redirty Cards: 0.1 ms]
      [Humongous Register: 0.1 ms]
      [Humongous Reclaim: 0.0 ms]
      [Free CSet: 0.3 ms]
   [Eden: 7152.0M(7152.0M)->0.0B(7152.0M) Survivors: 16384.0K->16384.0K Heap: 10732.7M(14336.0M)->3590.9M(14336.0M)]
 [Times: user=0.09 sys=0.01, real=0.01 secs] 
2022-07-29T01:16:21.812-0700: 619553.316: [GC pause (G1 Evacuation Pause) (young) (initial-mark), 0.0180005 secs]
   [Parallel Time: 13.1 ms, GC Workers: 8]
      [GC Worker Start (ms): Min: 619553318.6, Avg: 619553318.6, Max: 619553318.7, Diff: 0.1]
      [Ext Root Scanning (ms): Min: 6.2, Avg: 6.5, Max: 7.1, Diff: 0.9, Sum: 52.3]
      [Update RS (ms): Min: 1.4, Avg: 1.6, Max: 1.7, Diff: 0.3, Sum: 12.5]
         [Processed Buffers: Min: 3, Avg: 5.6, Max: 8, Diff: 5, Sum: 45]
      [Scan RS (ms): Min: 0.0, Avg: 0.1, Max: 0.1, Diff: 0.1, Sum: 0.5]
      [Code Root Scanning (ms): Min: 0.0, Avg: 0.0, Max: 0.0, Diff: 0.0, Sum: 0.0]
      [Object Copy (ms): Min: 1.8, Avg: 2.5, Max: 2.9, Diff: 1.1, Sum: 19.7]
      [Termination (ms): Min: 0.0, Avg: 0.0, Max: 0.0, Diff: 0.0, Sum: 0.1]
         [Termination Attempts: Min: 27, Avg: 31.4, Max: 39, Diff: 12, Sum: 251]
      [GC Worker Other (ms): Min: 0.0, Avg: 0.1, Max: 0.1, Diff: 0.1, Sum: 0.5]
      [GC Worker Total (ms): Min: 10.6, Avg: 10.7, Max: 10.8, Diff: 0.2, Sum: 85.6]
      [GC Worker End (ms): Min: 619553329.3, Avg: 619553329.3, Max: 619553329.4, Diff: 0.1]
   [Code Root Fixup: 0.0 ms]
   [Code Root Purge: 0.0 ms]
   [Clear CT: 0.7 ms]
   [Other: 4.2 ms]
      [Choose CSet: 0.0 ms]
      [Ref Proc: 3.5 ms]
      [Ref Enq: 0.1 ms]
      [Redirty Cards: 0.1 ms]
      [Humongous Register: 0.0 ms]
      [Humongous Reclaim: 0.0 ms]
      [Free CSet: 0.3 ms]
   [Eden: 7152.0M(7152.0M)->0.0B(7152.0M) Survivors: 16384.0K->16384.0K Heap: 10742.9M(14336.0M)->3589.3M(14336.0M)]
 [Times: user=0.09 sys=0.00, real=0.02 secs] 
2022-07-29T01:16:21.830-0700: 619553.334: [GC concurrent-root-region-scan-start]
2022-07-29T01:16:21.839-0700: 619553.344: [GC concurrent-root-region-scan-end, 0.0091718 secs]
2022-07-29T01:16:21.839-0700: 619553.344: [GC concurrent-mark-start]
2022-07-29T01:16:24.535-0700: 619556.040: [GC concurrent-mark-end, 2.6958991 secs]
2022-07-29T01:16:24.535-0700: 619556.040: [GC remark 2022-07-29T01:16:24.535-0700: 619556.040: [Finalize Marking, 0.0002920 secs] 2022-07-29T01:16:24.536-0700: 619556.040: [GC ref-proc, 0.0063028 secs] 2022-07-29T01:16:24.542-0700: 619556.047: [Unloading, 0.0285921 secs], 0.0409354 secs]
 [Times: user=0.25 sys=0.00, real=0.04 secs] 
2022-07-29T01:16:24.576-0700: 619556.081: [GC cleanup 3764M->3764M(14336M), 0.0090857 secs]
 [Times: user=0.07 sys=0.00, real=0.01 secs] 
2022-07-29T01:18:24.265-0700: 619675.770: [GC pause (G1 Evacuation Pause) (young), 0.0102694 secs]
   [Parallel Time: 7.0 ms, GC Workers: 8]
      [GC Worker Start (ms): Min: 619675770.3, Avg: 619675770.4, Max: 619675770.5, Diff: 0.2]
      [Ext Root Scanning (ms): Min: 1.4, Avg: 2.3, Max: 6.3, Diff: 4.9, Sum: 18.0]
      [Update RS (ms): Min: 0.0, Avg: 2.1, Max: 2.9, Diff: 2.9, Sum: 16.8]
         [Processed Buffers: Min: 0, Avg: 6.1, Max: 11, Diff: 11, Sum: 49]
      [Scan RS (ms): Min: 0.0, Avg: 0.1, Max: 0.1, Diff: 0.1, Sum: 0.5]
      [Code Root Scanning (ms): Min: 0.0, Avg: 0.0, Max: 0.0, Diff: 0.0, Sum: 0.0]
      [Object Copy (ms): Min: 0.5, Avg: 2.4, Max: 2.8, Diff: 2.3, Sum: 18.9]
      [Termination (ms): Min: 0.0, Avg: 0.0, Max: 0.0, Diff: 0.0, Sum: 0.0]
         [Termination Attempts: Min: 1, Avg: 3.4, Max: 5, Diff: 4, Sum: 27]
      [GC Worker Other (ms): Min: 0.0, Avg: 0.0, Max: 0.1, Diff: 0.1, Sum: 0.3]
      [GC Worker Total (ms): Min: 6.7, Avg: 6.8, Max: 6.9, Diff: 0.2, Sum: 54.6]
      [GC Worker End (ms): Min: 619675777.2, Avg: 619675777.2, Max: 619675777.3, Diff: 0.1]
   [Code Root Fixup: 0.0 ms]
   [Code Root Purge: 0.0 ms]
   [Clear CT: 0.8 ms]
   [Other: 2.5 ms]
      [Choose CSet: 0.0 ms]
      [Ref Proc: 1.9 ms]
      [Ref Enq: 0.1 ms]
      [Redirty Cards: 0.1 ms]
      [Humongous Register: 0.1 ms]
      [Humongous Reclaim: 0.0 ms]
      [Free CSet: 0.3 ms]
   [Eden: 7152.0M(7152.0M)->0.0B(5712.0M) Survivors: 16384.0K->16384.0K Heap: 10741.3M(14336.0M)->3593.1M(14336.0M)]
 [Times: user=0.06 sys=0.00, real=0.01 secs] 
2022-07-29T01:20:03.014-0700: 619774.519: [GC pause (G1 Evacuation Pause) (mixed), 0.0143484 secs]
   [Parallel Time: 10.2 ms, GC Workers: 8]
      [GC Worker Start (ms): Min: 619774519.2, Avg: 619774519.3, Max: 619774519.4, Diff: 0.1]
      [Ext Root Scanning (ms): Min: 1.3, Avg: 2.2, Max: 6.8, Diff: 5.6, Sum: 17.6]
      [Update RS (ms): Min: 0.0, Avg: 1.5, Max: 2.1, Diff: 2.1, Sum: 12.3]
         [Processed Buffers: Min: 0, Avg: 5.1, Max: 9, Diff: 9, Sum: 41]
      [Scan RS (ms): Min: 0.0, Avg: 1.4, Max: 1.7, Diff: 1.7, Sum: 11.0]
      [Code Root Scanning (ms): Min: 0.0, Avg: 0.0, Max: 0.0, Diff: 0.0, Sum: 0.0]
      [Object Copy (ms): Min: 3.0, Avg: 4.7, Max: 5.0, Diff: 2.0, Sum: 37.4]
      [Termination (ms): Min: 0.0, Avg: 0.0, Max: 0.0, Diff: 0.0, Sum: 0.0]
         [Termination Attempts: Min: 1, Avg: 6.5, Max: 10, Diff: 9, Sum: 52]
      [GC Worker Other (ms): Min: 0.0, Avg: 0.1, Max: 0.1, Diff: 0.1, Sum: 0.5]
      [GC Worker Total (ms): Min: 9.8, Avg: 9.9, Max: 10.0, Diff: 0.2, Sum: 79.0]
      [GC Worker End (ms): Min: 619774529.1, Avg: 619774529.2, Max: 619774529.2, Diff: 0.1]
   [Code Root Fixup: 0.0 ms]
   [Code Root Purge: 0.0 ms]
   [Clear CT: 0.8 ms]
   [Other: 3.4 ms]
      [Choose CSet: 0.0 ms]
      [Ref Proc: 2.7 ms]
      [Ref Enq: 0.1 ms]
      [Redirty Cards: 0.1 ms]
      [Humongous Register: 0.1 ms]
      [Humongous Reclaim: 0.0 ms]
      [Free CSet: 0.2 ms]
   [Eden: 5712.0M(5712.0M)->0.0B(7152.0M) Survivors: 16384.0K->16384.0K Heap: 9305.1M(14336.0M)->3582.2M(14336.0M)]
 [Times: user=0.09 sys=0.00, real=0.02 secs] 
2022-07-29T01:22:08.721-0700: 619900.226: [GC pause (G1 Evacuation Pause) (young), 0.0127063 secs]
   [Parallel Time: 7.9 ms, GC Workers: 8]
      [GC Worker Start (ms): Min: 619900225.9, Avg: 619900226.0, Max: 619900226.0, Diff: 0.1]
      [Ext Root Scanning (ms): Min: 1.1, Avg: 2.0, Max: 5.8, Diff: 4.7, Sum: 15.7]
      [Update RS (ms): Min: 0.4, Avg: 3.8, Max: 4.6, Diff: 4.1, Sum: 30.2]
         [Processed Buffers: Min: 3, Avg: 13.2, Max: 20, Diff: 17, Sum: 106]
      [Scan RS (ms): Min: 0.0, Avg: 0.0, Max: 0.1, Diff: 0.1, Sum: 0.4]
      [Code Root Scanning (ms): Min: 0.0, Avg: 0.0, Max: 0.0, Diff: 0.0, Sum: 0.0]
      [Object Copy (ms): Min: 1.4, Avg: 1.8, Max: 2.0, Diff: 0.6, Sum: 14.3]
      [Termination (ms): Min: 0.0, Avg: 0.0, Max: 0.0, Diff: 0.0, Sum: 0.0]
         [Termination Attempts: Min: 1, Avg: 1.8, Max: 3, Diff: 2, Sum: 14]
      [GC Worker Other (ms): Min: 0.0, Avg: 0.1, Max: 0.2, Diff: 0.2, Sum: 0.6]
      [GC Worker Total (ms): Min: 7.5, Avg: 7.7, Max: 7.8, Diff: 0.2, Sum: 61.3]
      [GC Worker End (ms): Min: 619900233.6, Avg: 619900233.6, Max: 619900233.7, Diff: 0.2]
   [Code Root Fixup: 0.0 ms]
   [Code Root Purge: 0.0 ms]
   [Clear CT: 0.7 ms]
   [Other: 4.0 ms]
      [Choose CSet: 0.0 ms]
      [Ref Proc: 3.4 ms]
      [Ref Enq: 0.1 ms]
      [Redirty Cards: 0.1 ms]
      [Humongous Register: 0.1 ms]
      [Humongous Reclaim: 0.0 ms]
      [Free CSet: 0.3 ms]
   [Eden: 7152.0M(7152.0M)->0.0B(7152.0M) Survivors: 16384.0K->16384.0K Heap: 10734.2M(14336.0M)->3588.4M(14336.0M)]
 [Times: user=0.07 sys=0.00, real=0.01 secs] 
2022-07-29T01:24:10.826-0700: 620022.331: [GC pause (G1 Evacuation Pause) (young) (initial-mark), 0.0175971 secs]
   [Parallel Time: 12.0 ms, GC Workers: 8]
      [GC Worker Start (ms): Min: 620022333.3, Avg: 620022333.4, Max: 620022333.4, Diff: 0.1]
      [Ext Root Scanning (ms): Min: 5.3, Avg: 5.7, Max: 6.1, Diff: 0.8, Sum: 45.2]
      [Update RS (ms): Min: 1.3, Avg: 1.4, Max: 1.9, Diff: 0.6, Sum: 11.6]
         [Processed Buffers: Min: 3, Avg: 5.4, Max: 7, Diff: 4, Sum: 43]
      [Scan RS (ms): Min: 0.0, Avg: 0.1, Max: 0.1, Diff: 0.1, Sum: 0.5]
      [Code Root Scanning (ms): Min: 0.0, Avg: 0.0, Max: 0.0, Diff: 0.0, Sum: 0.0]
      [Object Copy (ms): Min: 2.0, Avg: 2.4, Max: 2.8, Diff: 0.8, Sum: 18.9]
      [Termination (ms): Min: 0.0, Avg: 0.0, Max: 0.0, Diff: 0.0, Sum: 0.0]
         [Termination Attempts: Min: 1, Avg: 1.8, Max: 3, Diff: 2, Sum: 14]
      [GC Worker Other (ms): Min: 0.0, Avg: 0.1, Max: 0.1, Diff: 0.1, Sum: 0.6]
      [GC Worker Total (ms): Min: 9.5, Avg: 9.6, Max: 9.7, Diff: 0.2, Sum: 76.8]
      [GC Worker End (ms): Min: 620022342.9, Avg: 620022343.0, Max: 620022343.0, Diff: 0.1]
   [Code Root Fixup: 0.0 ms]
   [Code Root Purge: 0.0 ms]
   [Clear CT: 0.7 ms]
   [Other: 4.8 ms]
      [Choose CSet: 0.0 ms]
      [Ref Proc: 4.0 ms]
      [Ref Enq: 0.1 ms]
      [Redirty Cards: 0.1 ms]
      [Humongous Register: 0.0 ms]
      [Humongous Reclaim: 0.0 ms]
      [Free CSet: 0.3 ms]
   [Eden: 7152.0M(7152.0M)->0.0B(7152.0M) Survivors: 16384.0K->16384.0K Heap: 10740.4M(14336.0M)->3593.0M(14336.0M)]
 [Times: user=0.08 sys=0.00, real=0.02 secs] 
2022-07-29T01:24:10.844-0700: 620022.349: [GC concurrent-root-region-scan-start]
2022-07-29T01:24:10.855-0700: 620022.360: [GC concurrent-root-region-scan-end, 0.0111697 secs]
2022-07-29T01:24:10.855-0700: 620022.360: [GC concurrent-mark-start]
2022-07-29T01:24:13.503-0700: 620025.007: [GC concurrent-mark-end, 2.6476290 secs]
2022-07-29T01:24:13.503-0700: 620025.008: [GC remark 2022-07-29T01:24:13.503-0700: 620025.008: [Finalize Marking, 0.0003193 secs] 2022-07-29T01:24:13.503-0700: 620025.008: [GC ref-proc, 0.0109172 secs] 2022-07-29T01:24:13.514-0700: 620025.019: [Unloading, 0.0274453 secs], 0.0443982 secs]
 [Times: user=0.26 sys=0.00, real=0.04 secs] 
2022-07-29T01:24:13.548-0700: 620025.052: [GC cleanup 3736M->3736M(14336M), 0.0087320 secs]
 [Times: user=0.06 sys=0.00, real=0.01 secs] 
2022-07-29T01:26:14.666-0700: 620146.171: [GC pause (G1 Evacuation Pause) (young), 0.0100023 secs]
   [Parallel Time: 6.0 ms, GC Workers: 8]
      [GC Worker Start (ms): Min: 620146170.8, Avg: 620146170.8, Max: 620146170.9, Diff: 0.1]
      [Ext Root Scanning (ms): Min: 1.3, Avg: 2.0, Max: 5.5, Diff: 4.3, Sum: 16.2]
      [Update RS (ms): Min: 0.0, Avg: 1.4, Max: 2.0, Diff: 2.0, Sum: 11.4]
         [Processed Buffers: Min: 0, Avg: 4.9, Max: 10, Diff: 10, Sum: 39]
      [Scan RS (ms): Min: 0.0, Avg: 0.1, Max: 0.1, Diff: 0.1, Sum: 0.5]
      [Code Root Scanning (ms): Min: 0.0, Avg: 0.0, Max: 0.0, Diff: 0.0, Sum: 0.0]
      [Object Copy (ms): Min: 0.3, Avg: 2.3, Max: 2.7, Diff: 2.4, Sum: 18.4]
      [Termination (ms): Min: 0.0, Avg: 0.0, Max: 0.0, Diff: 0.0, Sum: 0.0]
         [Termination Attempts: Min: 1, Avg: 4.4, Max: 6, Diff: 5, Sum: 35]
      [GC Worker Other (ms): Min: 0.0, Avg: 0.0, Max: 0.1, Diff: 0.1, Sum: 0.4]
      [GC Worker Total (ms): Min: 5.8, Avg: 5.9, Max: 5.9, Diff: 0.1, Sum: 46.9]
      [GC Worker End (ms): Min: 620146176.6, Avg: 620146176.7, Max: 620146176.7, Diff: 0.1]
   [Code Root Fixup: 0.0 ms]
   [Code Root Purge: 0.0 ms]
   [Clear CT: 0.8 ms]
   [Other: 3.2 ms]
      [Choose CSet: 0.0 ms]
      [Ref Proc: 2.6 ms]
      [Ref Enq: 0.1 ms]
      [Redirty Cards: 0.1 ms]
      [Humongous Register: 0.1 ms]
      [Humongous Reclaim: 0.0 ms]
      [Free CSet: 0.3 ms]
   [Eden: 7152.0M(7152.0M)->0.0B(5712.0M) Survivors: 16384.0K->16384.0K Heap: 10745.0M(14336.0M)->3590.3M(14336.0M)]
 [Times: user=0.06 sys=0.00, real=0.01 secs] 
2022-07-29T01:27:51.074-0700: 620242.579: [GC pause (G1 Evacuation Pause) (mixed), 0.0110973 secs]
   [Parallel Time: 8.5 ms, GC Workers: 8]
      [GC Worker Start (ms): Min: 620242578.7, Avg: 620242578.8, Max: 620242578.8, Diff: 0.1]
      [Ext Root Scanning (ms): Min: 1.1, Avg: 2.0, Max: 6.1, Diff: 5.0, Sum: 15.6]
      [Update RS (ms): Min: 0.0, Avg: 1.4, Max: 2.0, Diff: 2.0, Sum: 10.9]
         [Processed Buffers: Min: 0, Avg: 5.5, Max: 9, Diff: 9, Sum: 44]
      [Scan RS (ms): Min: 0.0, Avg: 1.1, Max: 1.4, Diff: 1.3, Sum: 8.6]
      [Code Root Scanning (ms): Min: 0.0, Avg: 0.0, Max: 0.0, Diff: 0.0, Sum: 0.0]
      [Object Copy (ms): Min: 2.1, Avg: 3.8, Max: 4.1, Diff: 2.1, Sum: 30.1]
      [Termination (ms): Min: 0.0, Avg: 0.0, Max: 0.0, Diff: 0.0, Sum: 0.0]
         [Termination Attempts: Min: 1, Avg: 15.9, Max: 22, Diff: 21, Sum: 127]
      [GC Worker Other (ms): Min: 0.0, Avg: 0.1, Max: 0.1, Diff: 0.1, Sum: 0.4]
      [GC Worker Total (ms): Min: 8.1, Avg: 8.2, Max: 8.3, Diff: 0.1, Sum: 65.6]
      [GC Worker End (ms): Min: 620242586.9, Avg: 620242587.0, Max: 620242587.0, Diff: 0.1]
   [Code Root Fixup: 0.0 ms]
   [Code Root Purge: 0.0 ms]
   [Clear CT: 0.7 ms]
   [Other: 1.9 ms]
      [Choose CSet: 0.0 ms]
      [Ref Proc: 1.3 ms]
      [Ref Enq: 0.1 ms]
      [Redirty Cards: 0.0 ms]
      [Humongous Register: 0.0 ms]
      [Humongous Reclaim: 0.0 ms]
      [Free CSet: 0.2 ms]
   [Eden: 5712.0M(5712.0M)->0.0B(7152.0M) Survivors: 16384.0K->16384.0K Heap: 9302.3M(14336.0M)->3580.9M(14336.0M)]
 [Times: user=0.07 sys=0.00, real=0.02 secs] 
2022-07-29T01:29:53.519-0700: 620365.024: [GC pause (G1 Evacuation Pause) (young), 0.0124727 secs]
   [Parallel Time: 8.3 ms, GC Workers: 8]
      [GC Worker Start (ms): Min: 620365024.1, Avg: 620365024.2, Max: 620365024.3, Diff: 0.2]
      [Ext Root Scanning (ms): Min: 1.2, Avg: 2.0, Max: 5.8, Diff: 4.5, Sum: 16.1]
      [Update RS (ms): Min: 0.4, Avg: 3.8, Max: 4.7, Diff: 4.3, Sum: 30.5]
         [Processed Buffers: Min: 2, Avg: 11.9, Max: 17, Diff: 15, Sum: 95]
      [Scan RS (ms): Min: 0.0, Avg: 0.1, Max: 0.1, Diff: 0.1, Sum: 0.4]
      [Code Root Scanning (ms): Min: 0.0, Avg: 0.0, Max: 0.0, Diff: 0.0, Sum: 0.0]
      [Object Copy (ms): Min: 1.8, Avg: 2.1, Max: 2.2, Diff: 0.5, Sum: 16.6]
      [Termination (ms): Min: 0.0, Avg: 0.0, Max: 0.0, Diff: 0.0, Sum: 0.0]
         [Termination Attempts: Min: 1, Avg: 2.6, Max: 5, Diff: 4, Sum: 21]
      [GC Worker Other (ms): Min: 0.0, Avg: 0.1, Max: 0.2, Diff: 0.1, Sum: 0.7]
      [GC Worker Total (ms): Min: 7.9, Avg: 8.0, Max: 8.1, Diff: 0.2, Sum: 64.4]
      [GC Worker End (ms): Min: 620365032.2, Avg: 620365032.2, Max: 620365032.3, Diff: 0.1]
   [Code Root Fixup: 0.0 ms]
   [Code Root Purge: 0.0 ms]
   [Clear CT: 0.8 ms]
   [Other: 3.4 ms]
      [Choose CSet: 0.0 ms]
      [Ref Proc: 2.7 ms]
      [Ref Enq: 0.1 ms]
      [Redirty Cards: 0.1 ms]
      [Humongous Register: 0.1 ms]
      [Humongous Reclaim: 0.0 ms]
      [Free CSet: 0.3 ms]
   [Eden: 7152.0M(7152.0M)->0.0B(7152.0M) Survivors: 16384.0K->16384.0K Heap: 10732.9M(14336.0M)->3588.8M(14336.0M)]
 [Times: user=0.08 sys=0.00, real=0.01 secs] 
2022-07-29T01:31:55.920-0700: 620487.425: [GC pause (G1 Evacuation Pause) (young) (initial-mark), 0.0163975 secs]
   [Parallel Time: 11.8 ms, GC Workers: 8]
      [GC Worker Start (ms): Min: 620487427.1, Avg: 620487427.1, Max: 620487427.2, Diff: 0.1]
      [Ext Root Scanning (ms): Min: 5.6, Avg: 5.9, Max: 6.2, Diff: 0.6, Sum: 46.9]
      [Update RS (ms): Min: 1.3, Avg: 1.5, Max: 1.7, Diff: 0.4, Sum: 11.7]
         [Processed Buffers: Min: 3, Avg: 5.1, Max: 10, Diff: 7, Sum: 41]
      [Scan RS (ms): Min: 0.0, Avg: 0.1, Max: 0.1, Diff: 0.1, Sum: 0.4]
      [Code Root Scanning (ms): Min: 0.0, Avg: 0.0, Max: 0.0, Diff: 0.0, Sum: 0.0]
      [Object Copy (ms): Min: 1.9, Avg: 2.4, Max: 2.8, Diff: 0.9, Sum: 18.8]
      [Termination (ms): Min: 0.0, Avg: 0.0, Max: 0.0, Diff: 0.0, Sum: 0.0]
         [Termination Attempts: Min: 1, Avg: 1.0, Max: 1, Diff: 0, Sum: 8]
      [GC Worker Other (ms): Min: 0.0, Avg: 0.0, Max: 0.1, Diff: 0.1, Sum: 0.4]
      [GC Worker Total (ms): Min: 9.7, Avg: 9.8, Max: 9.9, Diff: 0.2, Sum: 78.2]
      [GC Worker End (ms): Min: 620487436.9, Avg: 620487436.9, Max: 620487436.9, Diff: 0.1]
   [Code Root Fixup: 0.0 ms]
   [Code Root Purge: 0.0 ms]
   [Clear CT: 0.8 ms]
   [Other: 3.8 ms]
      [Choose CSet: 0.0 ms]
      [Ref Proc: 3.1 ms]
      [Ref Enq: 0.1 ms]
      [Redirty Cards: 0.1 ms]
      [Humongous Register: 0.1 ms]
      [Humongous Reclaim: 0.0 ms]
      [Free CSet: 0.3 ms]
   [Eden: 7152.0M(7152.0M)->0.0B(7152.0M) Survivors: 16384.0K->16384.0K Heap: 10740.8M(14336.0M)->3587.3M(14336.0M)]
 [Times: user=0.08 sys=0.00, real=0.02 secs] 
2022-07-29T01:31:55.937-0700: 620487.442: [GC concurrent-root-region-scan-start]
2022-07-29T01:31:55.947-0700: 620487.452: [GC concurrent-root-region-scan-end, 0.0100662 secs]
2022-07-29T01:31:55.947-0700: 620487.452: [GC concurrent-mark-start]
2022-07-29T01:31:58.629-0700: 620490.133: [GC concurrent-mark-end, 2.6815713 secs]
2022-07-29T01:31:58.629-0700: 620490.134: [GC remark 2022-07-29T01:31:58.629-0700: 620490.134: [Finalize Marking, 0.0003055 secs] 2022-07-29T01:31:58.629-0700: 620490.134: [GC ref-proc, 0.0077008 secs] 2022-07-29T01:31:58.637-0700: 620490.142: [Unloading, 0.0275672 secs], 0.0415665 secs]
 [Times: user=0.26 sys=0.00, real=0.04 secs] 
2022-07-29T01:31:58.671-0700: 620490.176: [GC cleanup 3815M->3815M(14336M), 0.0090177 secs]
 [Times: user=0.06 sys=0.00, real=0.01 secs] 
2022-07-29T01:33:55.718-0700: 620607.223: [GC pause (G1 Evacuation Pause) (young), 0.0106861 secs]
   [Parallel Time: 5.9 ms, GC Workers: 8]
      [GC Worker Start (ms): Min: 620607223.1, Avg: 620607223.2, Max: 620607223.3, Diff: 0.1]
      [Ext Root Scanning (ms): Min: 1.2, Avg: 2.0, Max: 5.7, Diff: 4.5, Sum: 15.6]
      [Update RS (ms): Min: 0.0, Avg: 1.5, Max: 2.1, Diff: 2.1, Sum: 12.0]
         [Processed Buffers: Min: 0, Avg: 5.9, Max: 13, Diff: 13, Sum: 47]
      [Scan RS (ms): Min: 0.0, Avg: 0.1, Max: 0.1, Diff: 0.1, Sum: 0.4]
      [Code Root Scanning (ms): Min: 0.0, Avg: 0.0, Max: 0.0, Diff: 0.0, Sum: 0.0]
      [Object Copy (ms): Min: 0.0, Avg: 2.0, Max: 2.4, Diff: 2.4, Sum: 16.1]
      [Termination (ms): Min: 0.0, Avg: 0.1, Max: 0.1, Diff: 0.1, Sum: 0.8]
         [Termination Attempts: Min: 1, Avg: 5.0, Max: 8, Diff: 7, Sum: 40]
      [GC Worker Other (ms): Min: 0.0, Avg: 0.0, Max: 0.1, Diff: 0.1, Sum: 0.3]
      [GC Worker Total (ms): Min: 5.6, Avg: 5.7, Max: 5.7, Diff: 0.1, Sum: 45.3]
      [GC Worker End (ms): Min: 620607228.8, Avg: 620607228.9, Max: 620607228.9, Diff: 0.1]
   [Code Root Fixup: 0.0 ms]
   [Code Root Purge: 0.0 ms]
   [Clear CT: 0.7 ms]
   [Other: 4.1 ms]
      [Choose CSet: 0.0 ms]
      [Ref Proc: 3.4 ms]
      [Ref Enq: 0.1 ms]
      [Redirty Cards: 0.1 ms]
      [Humongous Register: 0.0 ms]
      [Humongous Reclaim: 0.0 ms]
      [Free CSet: 0.3 ms]
   [Eden: 7152.0M(7152.0M)->0.0B(5712.0M) Survivors: 16384.0K->16384.0K Heap: 10739.3M(14336.0M)->3591.1M(14336.0M)]
 [Times: user=0.06 sys=0.00, real=0.01 secs] 
2022-07-29T01:35:31.091-0700: 620702.596: [GC pause (G1 Evacuation Pause) (mixed), 0.0142806 secs]
   [Parallel Time: 10.9 ms, GC Workers: 8]
      [GC Worker Start (ms): Min: 620702595.7, Avg: 620702595.8, Max: 620702595.9, Diff: 0.2]
      [Ext Root Scanning (ms): Min: 1.4, Avg: 2.3, Max: 6.4, Diff: 5.1, Sum: 18.4]
      [Update RS (ms): Min: 0.0, Avg: 1.9, Max: 2.6, Diff: 2.6, Sum: 15.4]
         [Processed Buffers: Min: 0, Avg: 5.2, Max: 8, Diff: 8, Sum: 42]
      [Scan RS (ms): Min: 0.0, Avg: 1.3, Max: 1.8, Diff: 1.8, Sum: 10.8]
      [Code Root Scanning (ms): Min: 0.0, Avg: 0.0, Max: 0.0, Diff: 0.0, Sum: 0.0]
      [Object Copy (ms): Min: 4.1, Avg: 4.9, Max: 5.2, Diff: 1.1, Sum: 39.3]
      [Termination (ms): Min: 0.0, Avg: 0.0, Max: 0.0, Diff: 0.0, Sum: 0.0]
         [Termination Attempts: Min: 1, Avg: 2.2, Max: 6, Diff: 5, Sum: 18]
      [GC Worker Other (ms): Min: 0.0, Avg: 0.1, Max: 0.1, Diff: 0.1, Sum: 0.4]
      [GC Worker Total (ms): Min: 10.5, Avg: 10.6, Max: 10.6, Diff: 0.2, Sum: 84.4]
      [GC Worker End (ms): Min: 620702606.3, Avg: 620702606.3, Max: 620702606.4, Diff: 0.1]
   [Code Root Fixup: 0.0 ms]
   [Code Root Purge: 0.0 ms]
   [Clear CT: 0.8 ms]
   [Other: 2.6 ms]
      [Choose CSet: 0.0 ms]
      [Ref Proc: 1.9 ms]
      [Ref Enq: 0.1 ms]
      [Redirty Cards: 0.1 ms]
      [Humongous Register: 0.1 ms]
      [Humongous Reclaim: 0.0 ms]
      [Free CSet: 0.2 ms]
   [Eden: 5712.0M(5712.0M)->0.0B(7152.0M) Survivors: 16384.0K->16384.0K Heap: 9303.1M(14336.0M)->3580.5M(14336.0M)]
 [Times: user=0.09 sys=0.01, real=0.02 secs] 
2022-07-29T01:37:33.015-0700: 620824.519: [GC pause (G1 Evacuation Pause) (young), 0.0118652 secs]
   [Parallel Time: 8.8 ms, GC Workers: 8]
      [GC Worker Start (ms): Min: 620824519.4, Avg: 620824519.5, Max: 620824519.6, Diff: 0.1]
      [Ext Root Scanning (ms): Min: 1.3, Avg: 2.0, Max: 5.7, Diff: 4.4, Sum: 16.3]
      [Update RS (ms): Min: 1.4, Avg: 4.5, Max: 5.2, Diff: 3.8, Sum: 36.4]
         [Processed Buffers: Min: 4, Avg: 12.8, Max: 18, Diff: 14, Sum: 102]
      [Scan RS (ms): Min: 0.0, Avg: 0.1, Max: 0.1, Diff: 0.1, Sum: 0.5]
      [Code Root Scanning (ms): Min: 0.0, Avg: 0.0, Max: 0.0, Diff: 0.0, Sum: 0.0]
      [Object Copy (ms): Min: 1.2, Avg: 1.8, Max: 2.0, Diff: 0.8, Sum: 14.6]
      [Termination (ms): Min: 0.0, Avg: 0.0, Max: 0.0, Diff: 0.0, Sum: 0.0]
         [Termination Attempts: Min: 1, Avg: 5.0, Max: 10, Diff: 9, Sum: 40]
      [GC Worker Other (ms): Min: 0.0, Avg: 0.1, Max: 0.1, Diff: 0.1, Sum: 0.6]
      [GC Worker Total (ms): Min: 8.4, Avg: 8.5, Max: 8.7, Diff: 0.2, Sum: 68.3]
      [GC Worker End (ms): Min: 620824528.0, Avg: 620824528.1, Max: 620824528.1, Diff: 0.1]
   [Code Root Fixup: 0.0 ms]
   [Code Root Purge: 0.0 ms]
   [Clear CT: 0.7 ms]
   [Other: 2.3 ms]
      [Choose CSet: 0.0 ms]
      [Ref Proc: 1.7 ms]
      [Ref Enq: 0.1 ms]
      [Redirty Cards: 0.1 ms]
      [Humongous Register: 0.1 ms]
      [Humongous Reclaim: 0.0 ms]
      [Free CSet: 0.3 ms]
   [Eden: 7152.0M(7152.0M)->0.0B(7152.0M) Survivors: 16384.0K->16384.0K Heap: 10732.5M(14336.0M)->3585.9M(14336.0M)]
 [Times: user=0.08 sys=0.00, real=0.02 secs] 
2022-07-29T01:39:35.425-0700: 620946.930: [GC pause (G1 Evacuation Pause) (young) (initial-mark), 0.0166370 secs]
   [Parallel Time: 11.5 ms, GC Workers: 8]
      [GC Worker Start (ms): Min: 620946932.3, Avg: 620946932.4, Max: 620946932.5, Diff: 0.2]
      [Ext Root Scanning (ms): Min: 5.0, Avg: 5.3, Max: 5.7, Diff: 0.8, Sum: 42.2]
      [Update RS (ms): Min: 1.2, Avg: 1.4, Max: 1.6, Diff: 0.4, Sum: 11.0]
         [Processed Buffers: Min: 4, Avg: 5.8, Max: 9, Diff: 5, Sum: 46]
      [Scan RS (ms): Min: 0.0, Avg: 0.0, Max: 0.1, Diff: 0.1, Sum: 0.4]
      [Code Root Scanning (ms): Min: 0.0, Avg: 0.0, Max: 0.0, Diff: 0.0, Sum: 0.0]
      [Object Copy (ms): Min: 1.8, Avg: 2.3, Max: 2.7, Diff: 0.9, Sum: 18.5]
      [Termination (ms): Min: 0.0, Avg: 0.0, Max: 0.0, Diff: 0.0, Sum: 0.0]
         [Termination Attempts: Min: 1, Avg: 3.8, Max: 6, Diff: 5, Sum: 30]
      [GC Worker Other (ms): Min: 0.0, Avg: 0.1, Max: 0.2, Diff: 0.2, Sum: 0.6]
      [GC Worker Total (ms): Min: 9.0, Avg: 9.1, Max: 9.2, Diff: 0.2, Sum: 72.7]
      [GC Worker End (ms): Min: 620946941.5, Avg: 620946941.5, Max: 620946941.6, Diff: 0.2]
   [Code Root Fixup: 0.0 ms]
   [Code Root Purge: 0.0 ms]
   [Clear CT: 0.7 ms]
   [Other: 4.4 ms]
      [Choose CSet: 0.0 ms]
      [Ref Proc: 3.7 ms]
      [Ref Enq: 0.1 ms]
      [Redirty Cards: 0.1 ms]
      [Humongous Register: 0.1 ms]
      [Humongous Reclaim: 0.0 ms]
      [Free CSet: 0.3 ms]
   [Eden: 7152.0M(7152.0M)->0.0B(7152.0M) Survivors: 16384.0K->16384.0K Heap: 10737.9M(14336.0M)->3590.6M(14336.0M)]
 [Times: user=0.08 sys=0.00, real=0.01 secs] 
2022-07-29T01:39:35.442-0700: 620946.947: [GC concurrent-root-region-scan-start]
2022-07-29T01:39:35.452-0700: 620946.956: [GC concurrent-root-region-scan-end, 0.0096013 secs]
2022-07-29T01:39:35.452-0700: 620946.956: [GC concurrent-mark-start]
2022-07-29T01:39:38.094-0700: 620949.599: [GC concurrent-mark-end, 2.6426493 secs]
2022-07-29T01:39:38.095-0700: 620949.599: [GC remark 2022-07-29T01:39:38.095-0700: 620949.600: [Finalize Marking, 0.0002209 secs] 2022-07-29T01:39:38.095-0700: 620949.600: [GC ref-proc, 0.0073936 secs] 2022-07-29T01:39:38.102-0700: 620949.607: [Unloading, 0.0277422 secs], 0.0410899 secs]
 [Times: user=0.26 sys=0.00, real=0.04 secs] 
2022-07-29T01:39:38.136-0700: 620949.641: [GC cleanup 3799M->3799M(14336M), 0.0087360 secs]
 [Times: user=0.06 sys=0.00, real=0.01 secs] 
2022-07-29T01:41:38.174-0700: 621069.678: [GC pause (G1 Evacuation Pause) (young), 0.0110813 secs]
   [Parallel Time: 6.0 ms, GC Workers: 8]
      [GC Worker Start (ms): Min: 621069678.5, Avg: 621069678.5, Max: 621069678.6, Diff: 0.1]
      [Ext Root Scanning (ms): Min: 1.2, Avg: 2.0, Max: 5.6, Diff: 4.4, Sum: 15.9]
      [Update RS (ms): Min: 0.0, Avg: 1.3, Max: 1.9, Diff: 1.9, Sum: 10.7]
         [Processed Buffers: Min: 0, Avg: 5.2, Max: 10, Diff: 10, Sum: 42]
      [Scan RS (ms): Min: 0.0, Avg: 0.1, Max: 0.1, Diff: 0.1, Sum: 0.4]
      [Code Root Scanning (ms): Min: 0.0, Avg: 0.0, Max: 0.0, Diff: 0.0, Sum: 0.0]
      [Object Copy (ms): Min: 0.0, Avg: 1.9, Max: 2.4, Diff: 2.3, Sum: 15.4]
      [Termination (ms): Min: 0.0, Avg: 0.3, Max: 0.3, Diff: 0.3, Sum: 2.4]
         [Termination Attempts: Min: 1, Avg: 4.5, Max: 7, Diff: 6, Sum: 36]
      [GC Worker Other (ms): Min: 0.0, Avg: 0.0, Max: 0.1, Diff: 0.1, Sum: 0.2]
      [GC Worker Total (ms): Min: 5.6, Avg: 5.6, Max: 5.7, Diff: 0.1, Sum: 45.0]
      [GC Worker End (ms): Min: 621069684.1, Avg: 621069684.2, Max: 621069684.2, Diff: 0.1]
   [Code Root Fixup: 0.0 ms]
   [Code Root Purge: 0.0 ms]
   [Clear CT: 0.7 ms]
   [Other: 4.3 ms]
      [Choose CSet: 0.0 ms]
      [Ref Proc: 3.7 ms]
      [Ref Enq: 0.1 ms]
      [Redirty Cards: 0.1 ms]
      [Humongous Register: 0.1 ms]
      [Humongous Reclaim: 0.0 ms]
      [Free CSet: 0.3 ms]
   [Eden: 7152.0M(7152.0M)->0.0B(5712.0M) Survivors: 16384.0K->16384.0K Heap: 10742.6M(14336.0M)->3588.1M(14336.0M)]
 [Times: user=0.06 sys=0.00, real=0.02 secs] 
2022-07-29T01:43:14.566-0700: 621166.070: [GC pause (G1 Evacuation Pause) (mixed), 0.0150425 secs]
   [Parallel Time: 10.4 ms, GC Workers: 8]
      [GC Worker Start (ms): Min: 621166070.4, Avg: 621166070.5, Max: 621166070.6, Diff: 0.2]
      [Ext Root Scanning (ms): Min: 1.4, Avg: 2.3, Max: 6.6, Diff: 5.2, Sum: 18.2]
      [Update RS (ms): Min: 0.0, Avg: 1.9, Max: 2.7, Diff: 2.7, Sum: 15.4]
         [Processed Buffers: Min: 0, Avg: 5.8, Max: 10, Diff: 10, Sum: 46]
      [Scan RS (ms): Min: 0.0, Avg: 0.8, Max: 1.1, Diff: 1.1, Sum: 6.4]
      [Code Root Scanning (ms): Min: 0.0, Avg: 0.0, Max: 0.0, Diff: 0.0, Sum: 0.0]
      [Object Copy (ms): Min: 3.3, Avg: 4.8, Max: 5.2, Diff: 1.9, Sum: 38.7]
      [Termination (ms): Min: 0.0, Avg: 0.0, Max: 0.0, Diff: 0.0, Sum: 0.0]
         [Termination Attempts: Min: 1, Avg: 1.0, Max: 1, Diff: 0, Sum: 8]
      [GC Worker Other (ms): Min: 0.0, Avg: 0.1, Max: 0.1, Diff: 0.1, Sum: 0.6]
      [GC Worker Total (ms): Min: 9.8, Avg: 9.9, Max: 10.1, Diff: 0.3, Sum: 79.3]
      [GC Worker End (ms): Min: 621166080.4, Avg: 621166080.4, Max: 621166080.5, Diff: 0.1]
   [Code Root Fixup: 0.0 ms]
   [Code Root Purge: 0.0 ms]
   [Clear CT: 0.7 ms]
   [Other: 3.9 ms]
      [Choose CSet: 0.0 ms]
      [Ref Proc: 3.2 ms]
      [Ref Enq: 0.1 ms]
      [Redirty Cards: 0.1 ms]
      [Humongous Register: 0.1 ms]
      [Humongous Reclaim: 0.0 ms]
      [Free CSet: 0.2 ms]
   [Eden: 5712.0M(5712.0M)->0.0B(7152.0M) Survivors: 16384.0K->16384.0K Heap: 9300.1M(14336.0M)->3586.2M(14336.0M)]
 [Times: user=0.09 sys=0.00, real=0.01 secs] 
2022-07-29T01:45:16.464-0700: 621287.969: [GC pause (G1 Evacuation Pause) (young), 0.0129986 secs]
   [Parallel Time: 8.8 ms, GC Workers: 8]
      [GC Worker Start (ms): Min: 621287968.7, Avg: 621287968.7, Max: 621287968.8, Diff: 0.1]
      [Ext Root Scanning (ms): Min: 1.3, Avg: 2.0, Max: 5.3, Diff: 4.1, Sum: 16.0]
      [Update RS (ms): Min: 1.7, Avg: 4.7, Max: 5.3, Diff: 3.5, Sum: 37.4]
         [Processed Buffers: Min: 4, Avg: 13.1, Max: 26, Diff: 22, Sum: 105]
      [Scan RS (ms): Min: 0.0, Avg: 0.0, Max: 0.1, Diff: 0.1, Sum: 0.4]
      [Code Root Scanning (ms): Min: 0.0, Avg: 0.0, Max: 0.0, Diff: 0.0, Sum: 0.0]
      [Object Copy (ms): Min: 1.5, Avg: 1.9, Max: 2.0, Diff: 0.5, Sum: 14.8]
      [Termination (ms): Min: 0.0, Avg: 0.0, Max: 0.0, Diff: 0.0, Sum: 0.0]
         [Termination Attempts: Min: 1, Avg: 2.0, Max: 3, Diff: 2, Sum: 16]
      [GC Worker Other (ms): Min: 0.0, Avg: 0.1, Max: 0.1, Diff: 0.1, Sum: 0.4]
      [GC Worker Total (ms): Min: 8.6, Avg: 8.6, Max: 8.7, Diff: 0.2, Sum: 69.0]
      [GC Worker End (ms): Min: 621287977.3, Avg: 621287977.3, Max: 621287977.4, Diff: 0.1]
   [Code Root Fixup: 0.0 ms]
   [Code Root Purge: 0.0 ms]
   [Clear CT: 0.8 ms]
   [Other: 3.4 ms]
      [Choose CSet: 0.0 ms]
      [Ref Proc: 2.8 ms]
      [Ref Enq: 0.1 ms]
      [Redirty Cards: 0.1 ms]
      [Humongous Register: 0.0 ms]
      [Humongous Reclaim: 0.0 ms]
      [Free CSet: 0.3 ms]
   [Eden: 7152.0M(7152.0M)->0.0B(7152.0M) Survivors: 16384.0K->16384.0K Heap: 10738.2M(14336.0M)->3591.2M(14336.0M)]
 [Times: user=0.08 sys=0.00, real=0.01 secs] 
2022-07-29T01:47:15.964-0700: 621407.469: [GC pause (G1 Evacuation Pause) (young) (initial-mark), 0.0164916 secs]
   [Parallel Time: 11.8 ms, GC Workers: 8]
      [GC Worker Start (ms): Min: 621407470.8, Avg: 621407470.9, Max: 621407470.9, Diff: 0.1]
      [Ext Root Scanning (ms): Min: 5.5, Avg: 5.9, Max: 6.5, Diff: 0.9, Sum: 47.5]
      [Update RS (ms): Min: 1.5, Avg: 1.6, Max: 1.8, Diff: 0.3, Sum: 13.0]
         [Processed Buffers: Min: 3, Avg: 5.4, Max: 8, Diff: 5, Sum: 43]
      [Scan RS (ms): Min: 0.0, Avg: 0.1, Max: 0.2, Diff: 0.1, Sum: 0.4]
      [Code Root Scanning (ms): Min: 0.0, Avg: 0.0, Max: 0.0, Diff: 0.0, Sum: 0.0]
      [Object Copy (ms): Min: 1.7, Avg: 2.2, Max: 2.6, Diff: 0.9, Sum: 17.8]
      [Termination (ms): Min: 0.0, Avg: 0.0, Max: 0.0, Diff: 0.0, Sum: 0.1]
         [Termination Attempts: Min: 15, Avg: 18.1, Max: 24, Diff: 9, Sum: 145]
      [GC Worker Other (ms): Min: 0.0, Avg: 0.0, Max: 0.1, Diff: 0.1, Sum: 0.4]
      [GC Worker Total (ms): Min: 9.8, Avg: 9.9, Max: 9.9, Diff: 0.1, Sum: 79.1]
      [GC Worker End (ms): Min: 621407480.7, Avg: 621407480.8, Max: 621407480.8, Diff: 0.1]
   [Code Root Fixup: 0.0 ms]
   [Code Root Purge: 0.0 ms]
   [Clear CT: 0.8 ms]
   [Other: 3.9 ms]
      [Choose CSet: 0.0 ms]
      [Ref Proc: 3.1 ms]
      [Ref Enq: 0.1 ms]
      [Redirty Cards: 0.1 ms]
      [Humongous Register: 0.0 ms]
      [Humongous Reclaim: 0.0 ms]
      [Free CSet: 0.3 ms]
   [Eden: 7152.0M(7152.0M)->0.0B(7152.0M) Survivors: 16384.0K->16384.0K Heap: 10743.2M(14336.0M)->3594.4M(14336.0M)]
 [Times: user=0.09 sys=0.00, real=0.01 secs] 
2022-07-29T01:47:15.981-0700: 621407.486: [GC concurrent-root-region-scan-start]
2022-07-29T01:47:15.991-0700: 621407.495: [GC concurrent-root-region-scan-end, 0.0097022 secs]
2022-07-29T01:47:15.991-0700: 621407.495: [GC concurrent-mark-start]
2022-07-29T01:47:18.666-0700: 621410.171: [GC concurrent-mark-end, 2.6753226 secs]
2022-07-29T01:47:18.666-0700: 621410.171: [GC remark 2022-07-29T01:47:18.666-0700: 621410.171: [Finalize Marking, 0.0001779 secs] 2022-07-29T01:47:18.666-0700: 621410.171: [GC ref-proc, 0.0064806 secs] 2022-07-29T01:47:18.673-0700: 621410.178: [Unloading, 0.0272486 secs], 0.0397167 secs]
 [Times: user=0.25 sys=0.00, real=0.04 secs] 
2022-07-29T01:47:18.706-0700: 621410.211: [GC cleanup 3782M->3782M(14336M), 0.0083072 secs]
 [Times: user=0.06 sys=0.00, real=0.00 secs] 
2022-07-29T01:49:15.867-0700: 621527.372: [GC pause (G1 Evacuation Pause) (young), 0.0099823 secs]
   [Parallel Time: 6.1 ms, GC Workers: 8]
      [GC Worker Start (ms): Min: 621527371.7, Avg: 621527371.8, Max: 621527371.8, Diff: 0.1]
      [Ext Root Scanning (ms): Min: 1.3, Avg: 2.0, Max: 5.5, Diff: 4.2, Sum: 16.2]
      [Update RS (ms): Min: 0.0, Avg: 1.4, Max: 2.0, Diff: 2.0, Sum: 11.4]
         [Processed Buffers: Min: 0, Avg: 5.2, Max: 13, Diff: 13, Sum: 42]
      [Scan RS (ms): Min: 0.0, Avg: 0.1, Max: 0.1, Diff: 0.1, Sum: 0.5]
      [Code Root Scanning (ms): Min: 0.0, Avg: 0.0, Max: 0.0, Diff: 0.0, Sum: 0.0]
      [Object Copy (ms): Min: 0.4, Avg: 2.3, Max: 2.7, Diff: 2.4, Sum: 18.7]
      [Termination (ms): Min: 0.0, Avg: 0.0, Max: 0.0, Diff: 0.0, Sum: 0.0]
         [Termination Attempts: Min: 2, Avg: 4.6, Max: 7, Diff: 5, Sum: 37]
      [GC Worker Other (ms): Min: 0.0, Avg: 0.0, Max: 0.1, Diff: 0.1, Sum: 0.3]
      [GC Worker Total (ms): Min: 5.8, Avg: 5.9, Max: 6.0, Diff: 0.1, Sum: 47.2]
      [GC Worker End (ms): Min: 621527377.6, Avg: 621527377.6, Max: 621527377.7, Diff: 0.1]
   [Code Root Fixup: 0.0 ms]
   [Code Root Purge: 0.0 ms]
   [Clear CT: 0.7 ms]
   [Other: 3.1 ms]
      [Choose CSet: 0.0 ms]
      [Ref Proc: 2.4 ms]
      [Ref Enq: 0.1 ms]
      [Redirty Cards: 0.1 ms]
      [Humongous Register: 0.1 ms]
      [Humongous Reclaim: 0.0 ms]
      [Free CSet: 0.3 ms]
   [Eden: 7152.0M(7152.0M)->0.0B(5712.0M) Survivors: 16384.0K->16384.0K Heap: 10746.4M(14336.0M)->3598.9M(14336.0M)]
 [Times: user=0.05 sys=0.00, real=0.01 secs] 
2022-07-29T01:50:53.824-0700: 621625.329: [GC pause (G1 Evacuation Pause) (mixed), 0.0134193 secs]
   [Parallel Time: 9.0 ms, GC Workers: 8]
      [GC Worker Start (ms): Min: 621625329.2, Avg: 621625329.3, Max: 621625329.4, Diff: 0.2]
      [Ext Root Scanning (ms): Min: 1.2, Avg: 2.2, Max: 6.9, Diff: 5.7, Sum: 17.6]
      [Update RS (ms): Min: 0.0, Avg: 1.4, Max: 1.9, Diff: 1.9, Sum: 11.4]
         [Processed Buffers: Min: 0, Avg: 5.6, Max: 8, Diff: 8, Sum: 45]
      [Scan RS (ms): Min: 0.0, Avg: 0.6, Max: 0.8, Diff: 0.8, Sum: 5.0]
      [Code Root Scanning (ms): Min: 0.0, Avg: 0.0, Max: 0.0, Diff: 0.0, Sum: 0.0]
      [Object Copy (ms): Min: 1.8, Avg: 4.4, Max: 4.9, Diff: 3.1, Sum: 34.9]
      [Termination (ms): Min: 0.0, Avg: 0.0, Max: 0.0, Diff: 0.0, Sum: 0.0]
         [Termination Attempts: Min: 16, Avg: 19.4, Max: 24, Diff: 8, Sum: 155]
      [GC Worker Other (ms): Min: 0.0, Avg: 0.1, Max: 0.1, Diff: 0.1, Sum: 0.6]
      [GC Worker Total (ms): Min: 8.6, Avg: 8.7, Max: 8.8, Diff: 0.2, Sum: 69.6]
      [GC Worker End (ms): Min: 621625337.9, Avg: 621625338.0, Max: 621625338.0, Diff: 0.1]
   [Code Root Fixup: 0.0 ms]
   [Code Root Purge: 0.0 ms]
   [Clear CT: 0.7 ms]
   [Other: 3.7 ms]
      [Choose CSet: 0.0 ms]
      [Ref Proc: 3.1 ms]
      [Ref Enq: 0.1 ms]
      [Redirty Cards: 0.1 ms]
      [Humongous Register: 0.1 ms]
      [Humongous Reclaim: 0.0 ms]
      [Free CSet: 0.2 ms]
   [Eden: 5712.0M(5712.0M)->0.0B(7152.0M) Survivors: 16384.0K->16384.0K Heap: 9310.9M(14336.0M)->3587.7M(14336.0M)]
 [Times: user=0.08 sys=0.00, real=0.01 secs] 
2022-07-29T01:52:55.315-0700: 621746.819: [GC pause (G1 Evacuation Pause) (young), 0.0116924 secs]
   [Parallel Time: 8.8 ms, GC Workers: 8]
      [GC Worker Start (ms): Min: 621746819.6, Avg: 621746819.6, Max: 621746819.7, Diff: 0.1]
      [Ext Root Scanning (ms): Min: 1.5, Avg: 2.2, Max: 5.7, Diff: 4.2, Sum: 17.9]
      [Update RS (ms): Min: 1.2, Avg: 4.2, Max: 4.9, Diff: 3.7, Sum: 33.7]
         [Processed Buffers: Min: 6, Avg: 12.6, Max: 25, Diff: 19, Sum: 101]
      [Scan RS (ms): Min: 0.0, Avg: 0.0, Max: 0.1, Diff: 0.1, Sum: 0.4]
      [Code Root Scanning (ms): Min: 0.0, Avg: 0.0, Max: 0.0, Diff: 0.0, Sum: 0.0]
      [Object Copy (ms): Min: 1.7, Avg: 2.1, Max: 2.3, Diff: 0.6, Sum: 16.6]
      [Termination (ms): Min: 0.0, Avg: 0.0, Max: 0.0, Diff: 0.0, Sum: 0.0]
         [Termination Attempts: Min: 3, Avg: 8.9, Max: 15, Diff: 12, Sum: 71]
      [GC Worker Other (ms): Min: 0.0, Avg: 0.1, Max: 0.1, Diff: 0.1, Sum: 0.5]
      [GC Worker Total (ms): Min: 8.6, Avg: 8.6, Max: 8.7, Diff: 0.1, Sum: 69.1]
      [GC Worker End (ms): Min: 621746828.3, Avg: 621746828.3, Max: 621746828.3, Diff: 0.1]
   [Code Root Fixup: 0.0 ms]
   [Code Root Purge: 0.0 ms]
   [Clear CT: 0.7 ms]
   [Other: 2.2 ms]
      [Choose CSet: 0.0 ms]
      [Ref Proc: 1.5 ms]
      [Ref Enq: 0.1 ms]
      [Redirty Cards: 0.1 ms]
      [Humongous Register: 0.1 ms]
      [Humongous Reclaim: 0.0 ms]
      [Free CSet: 0.3 ms]
   [Eden: 7152.0M(7152.0M)->0.0B(7152.0M) Survivors: 16384.0K->16384.0K Heap: 10739.7M(14336.0M)->3598.2M(14336.0M)]
 [Times: user=0.08 sys=0.00, real=0.01 secs] 
2022-07-29T01:54:56.827-0700: 621868.331: [GC pause (G1 Evacuation Pause) (young) (initial-mark), 0.0171750 secs]
   [Parallel Time: 12.4 ms, GC Workers: 8]
      [GC Worker Start (ms): Min: 621868333.9, Avg: 621868334.0, Max: 621868334.1, Diff: 0.2]
      [Ext Root Scanning (ms): Min: 5.4, Avg: 5.8, Max: 6.4, Diff: 0.9, Sum: 46.5]
      [Update RS (ms): Min: 1.3, Avg: 1.4, Max: 1.7, Diff: 0.4, Sum: 11.3]
         [Processed Buffers: Min: 3, Avg: 5.2, Max: 11, Diff: 8, Sum: 42]
      [Scan RS (ms): Min: 0.0, Avg: 0.0, Max: 0.1, Diff: 0.1, Sum: 0.4]
      [Code Root Scanning (ms): Min: 0.0, Avg: 0.0, Max: 0.0, Diff: 0.0, Sum: 0.0]
      [Object Copy (ms): Min: 1.7, Avg: 2.4, Max: 2.9, Diff: 1.1, Sum: 19.2]
      [Termination (ms): Min: 0.0, Avg: 0.0, Max: 0.0, Diff: 0.0, Sum: 0.0]
         [Termination Attempts: Min: 1, Avg: 7.9, Max: 11, Diff: 10, Sum: 63]
      [GC Worker Other (ms): Min: 0.0, Avg: 0.1, Max: 0.2, Diff: 0.2, Sum: 0.6]
      [GC Worker Total (ms): Min: 9.6, Avg: 9.7, Max: 9.9, Diff: 0.3, Sum: 78.0]
      [GC Worker End (ms): Min: 621868343.7, Avg: 621868343.7, Max: 621868343.8, Diff: 0.2]
   [Code Root Fixup: 0.0 ms]
   [Code Root Purge: 0.0 ms]
   [Clear CT: 0.7 ms]
   [Other: 4.0 ms]
      [Choose CSet: 0.0 ms]
      [Ref Proc: 3.2 ms]
      [Ref Enq: 0.1 ms]
      [Redirty Cards: 0.1 ms]
      [Humongous Register: 0.0 ms]
      [Humongous Reclaim: 0.0 ms]
      [Free CSet: 0.3 ms]
   [Eden: 7152.0M(7152.0M)->0.0B(7152.0M) Survivors: 16384.0K->16384.0K Heap: 10750.2M(14336.0M)->3597.2M(14336.0M)]
 [Times: user=0.09 sys=0.00, real=0.02 secs] 
2022-07-29T01:54:56.844-0700: 621868.349: [GC concurrent-root-region-scan-start]
2022-07-29T01:54:56.854-0700: 621868.358: [GC concurrent-root-region-scan-end, 0.0095590 secs]
2022-07-29T01:54:56.854-0700: 621868.358: [GC concurrent-mark-start]
2022-07-29T01:54:59.587-0700: 621871.092: [GC concurrent-mark-end, 2.7331445 secs]
2022-07-29T01:54:59.587-0700: 621871.092: [GC remark 2022-07-29T01:54:59.587-0700: 621871.092: [Finalize Marking, 0.0003038 secs] 2022-07-29T01:54:59.588-0700: 621871.092: [GC ref-proc, 0.0104215 secs] 2022-07-29T01:54:59.598-0700: 621871.103: [Unloading, 0.0278213 secs], 0.0445865 secs]
 [Times: user=0.26 sys=0.00, real=0.04 secs] 
2022-07-29T01:54:59.632-0700: 621871.137: [GC cleanup 3749M->3749M(14336M), 0.0092649 secs]
 [Times: user=0.07 sys=0.00, real=0.01 secs] 
2022-07-29T01:56:59.020-0700: 621990.525: [GC pause (G1 Evacuation Pause) (young), 0.0118344 secs]
   [Parallel Time: 6.0 ms, GC Workers: 8]
      [GC Worker Start (ms): Min: 621990525.0, Avg: 621990525.0, Max: 621990525.1, Diff: 0.1]
      [Ext Root Scanning (ms): Min: 1.3, Avg: 2.1, Max: 5.9, Diff: 4.6, Sum: 16.8]
      [Update RS (ms): Min: 0.0, Avg: 1.7, Max: 2.3, Diff: 2.3, Sum: 13.5]
         [Processed Buffers: Min: 0, Avg: 5.9, Max: 11, Diff: 11, Sum: 47]
      [Scan RS (ms): Min: 0.0, Avg: 0.1, Max: 0.1, Diff: 0.1, Sum: 0.4]
      [Code Root Scanning (ms): Min: 0.0, Avg: 0.0, Max: 0.0, Diff: 0.0, Sum: 0.0]
      [Object Copy (ms): Min: 0.0, Avg: 1.8, Max: 2.1, Diff: 2.1, Sum: 14.2]
      [Termination (ms): Min: 0.0, Avg: 0.2, Max: 0.3, Diff: 0.3, Sum: 1.8]
         [Termination Attempts: Min: 1, Avg: 1.9, Max: 3, Diff: 2, Sum: 15]
      [GC Worker Other (ms): Min: 0.0, Avg: 0.0, Max: 0.0, Diff: 0.0, Sum: 0.1]
      [GC Worker Total (ms): Min: 5.8, Avg: 5.9, Max: 5.9, Diff: 0.1, Sum: 46.8]
      [GC Worker End (ms): Min: 621990530.9, Avg: 621990530.9, Max: 621990530.9, Diff: 0.0]
   [Code Root Fixup: 0.0 ms]
   [Code Root Purge: 0.0 ms]
   [Clear CT: 0.8 ms]
   [Other: 5.1 ms]
      [Choose CSet: 0.0 ms]
      [Ref Proc: 4.4 ms]
      [Ref Enq: 0.1 ms]
      [Redirty Cards: 0.1 ms]
      [Humongous Register: 0.1 ms]
      [Humongous Reclaim: 0.0 ms]
      [Free CSet: 0.3 ms]
   [Eden: 7152.0M(7152.0M)->0.0B(5712.0M) Survivors: 16384.0K->16384.0K Heap: 10749.2M(14336.0M)->3598.4M(14336.0M)]
 [Times: user=0.06 sys=0.01, real=0.01 secs] 
2022-07-29T01:58:36.828-0700: 622088.333: [GC pause (G1 Evacuation Pause) (mixed), 0.0127479 secs]
   [Parallel Time: 9.7 ms, GC Workers: 8]
      [GC Worker Start (ms): Min: 622088333.0, Avg: 622088333.1, Max: 622088333.1, Diff: 0.1]
      [Ext Root Scanning (ms): Min: 1.2, Avg: 2.1, Max: 6.7, Diff: 5.5, Sum: 16.5]
      [Update RS (ms): Min: 0.0, Avg: 1.2, Max: 1.6, Diff: 1.6, Sum: 10.0]
         [Processed Buffers: Min: 0, Avg: 5.8, Max: 12, Diff: 12, Sum: 46]
      [Scan RS (ms): Min: 0.0, Avg: 0.7, Max: 0.8, Diff: 0.8, Sum: 5.3]
      [Code Root Scanning (ms): Min: 0.0, Avg: 0.0, Max: 0.0, Diff: 0.0, Sum: 0.0]
      [Object Copy (ms): Min: 2.5, Avg: 5.2, Max: 5.6, Diff: 3.1, Sum: 41.3]
      [Termination (ms): Min: 0.0, Avg: 0.0, Max: 0.0, Diff: 0.0, Sum: 0.0]
         [Termination Attempts: Min: 3, Avg: 5.0, Max: 7, Diff: 4, Sum: 40]
      [GC Worker Other (ms): Min: 0.0, Avg: 0.1, Max: 0.2, Diff: 0.2, Sum: 0.7]
      [GC Worker Total (ms): Min: 9.1, Avg: 9.2, Max: 9.4, Diff: 0.3, Sum: 73.8]
      [GC Worker End (ms): Min: 622088342.2, Avg: 622088342.3, Max: 622088342.4, Diff: 0.1]
   [Code Root Fixup: 0.0 ms]
   [Code Root Purge: 0.0 ms]
   [Clear CT: 0.7 ms]
   [Other: 2.3 ms]
      [Choose CSet: 0.0 ms]
      [Ref Proc: 1.7 ms]
      [Ref Enq: 0.1 ms]
      [Redirty Cards: 0.1 ms]
      [Humongous Register: 0.1 ms]
      [Humongous Reclaim: 0.0 ms]
      [Free CSet: 0.2 ms]
   [Eden: 5712.0M(5712.0M)->0.0B(7152.0M) Survivors: 16384.0K->16384.0K Heap: 9310.4M(14336.0M)->3581.3M(14336.0M)]
 [Times: user=0.08 sys=0.00, real=0.01 secs] 
2022-07-29T02:00:40.820-0700: 622212.325: [GC pause (G1 Evacuation Pause) (young), 0.0134778 secs]
   [Parallel Time: 9.5 ms, GC Workers: 8]
      [GC Worker Start (ms): Min: 622212325.1, Avg: 622212325.2, Max: 622212325.2, Diff: 0.1]
      [Ext Root Scanning (ms): Min: 1.6, Avg: 2.4, Max: 5.4, Diff: 3.9, Sum: 19.0]
      [Update RS (ms): Min: 1.6, Avg: 4.3, Max: 5.0, Diff: 3.4, Sum: 34.2]
         [Processed Buffers: Min: 6, Avg: 13.6, Max: 21, Diff: 15, Sum: 109]
      [Scan RS (ms): Min: 0.0, Avg: 0.1, Max: 0.1, Diff: 0.1, Sum: 0.4]
      [Code Root Scanning (ms): Min: 0.0, Avg: 0.0, Max: 0.0, Diff: 0.0, Sum: 0.0]
      [Object Copy (ms): Min: 1.9, Avg: 2.3, Max: 2.5, Diff: 0.6, Sum: 18.2]
      [Termination (ms): Min: 0.0, Avg: 0.0, Max: 0.0, Diff: 0.0, Sum: 0.0]
         [Termination Attempts: Min: 1, Avg: 1.0, Max: 1, Diff: 0, Sum: 8]
      [GC Worker Other (ms): Min: 0.0, Avg: 0.1, Max: 0.1, Diff: 0.1, Sum: 0.4]
      [GC Worker Total (ms): Min: 9.0, Avg: 9.0, Max: 9.1, Diff: 0.1, Sum: 72.3]
      [GC Worker End (ms): Min: 622212334.2, Avg: 622212334.2, Max: 622212334.2, Diff: 0.1]
   [Code Root Fixup: 0.0 ms]
   [Code Root Purge: 0.0 ms]
   [Clear CT: 0.8 ms]
   [Other: 3.2 ms]
      [Choose CSet: 0.0 ms]
      [Ref Proc: 2.5 ms]
      [Ref Enq: 0.1 ms]
      [Redirty Cards: 0.1 ms]
      [Humongous Register: 0.1 ms]
      [Humongous Reclaim: 0.0 ms]
      [Free CSet: 0.3 ms]
   [Eden: 7152.0M(7152.0M)->0.0B(7152.0M) Survivors: 16384.0K->16384.0K Heap: 10733.3M(14336.0M)->3587.3M(14336.0M)]
 [Times: user=0.07 sys=0.01, real=0.01 secs] 
2022-07-29T02:02:42.722-0700: 622334.227: [GC pause (G1 Evacuation Pause) (young) (initial-mark), 0.0166157 secs]
   [Parallel Time: 10.9 ms, GC Workers: 8]
      [GC Worker Start (ms): Min: 622334229.0, Avg: 622334229.1, Max: 622334229.2, Diff: 0.2]
      [Ext Root Scanning (ms): Min: 4.8, Avg: 5.2, Max: 5.8, Diff: 0.9, Sum: 42.0]
      [Update RS (ms): Min: 1.4, Avg: 1.6, Max: 1.7, Diff: 0.4, Sum: 12.5]
         [Processed Buffers: Min: 3, Avg: 5.8, Max: 15, Diff: 12, Sum: 46]
      [Scan RS (ms): Min: 0.0, Avg: 0.1, Max: 0.1, Diff: 0.1, Sum: 0.4]
      [Code Root Scanning (ms): Min: 0.0, Avg: 0.0, Max: 0.0, Diff: 0.0, Sum: 0.0]
      [Object Copy (ms): Min: 1.6, Avg: 2.0, Max: 2.4, Diff: 0.8, Sum: 16.0]
      [Termination (ms): Min: 0.0, Avg: 0.0, Max: 0.0, Diff: 0.0, Sum: 0.0]
         [Termination Attempts: Min: 1, Avg: 1.2, Max: 2, Diff: 1, Sum: 10]
      [GC Worker Other (ms): Min: 0.0, Avg: 0.1, Max: 0.1, Diff: 0.1, Sum: 0.5]
      [GC Worker Total (ms): Min: 8.8, Avg: 8.9, Max: 9.0, Diff: 0.2, Sum: 71.3]
      [GC Worker End (ms): Min: 622334238.0, Avg: 622334238.0, Max: 622334238.1, Diff: 0.1]
   [Code Root Fixup: 0.0 ms]
   [Code Root Purge: 0.0 ms]
   [Clear CT: 0.8 ms]
   [Other: 4.9 ms]
      [Choose CSet: 0.0 ms]
      [Ref Proc: 4.2 ms]
      [Ref Enq: 0.1 ms]
      [Redirty Cards: 0.1 ms]
      [Humongous Register: 0.0 ms]
      [Humongous Reclaim: 0.0 ms]
      [Free CSet: 0.3 ms]
   [Eden: 7152.0M(7152.0M)->0.0B(7152.0M) Survivors: 16384.0K->16384.0K Heap: 10739.3M(14336.0M)->3589.2M(14336.0M)]
 [Times: user=0.08 sys=0.01, real=0.02 secs] 
2022-07-29T02:02:42.739-0700: 622334.244: [GC concurrent-root-region-scan-start]
2022-07-29T02:02:42.748-0700: 622334.253: [GC concurrent-root-region-scan-end, 0.0091739 secs]
2022-07-29T02:02:42.748-0700: 622334.253: [GC concurrent-mark-start]
2022-07-29T02:02:45.418-0700: 622336.923: [GC concurrent-mark-end, 2.6702259 secs]
2022-07-29T02:02:45.419-0700: 622336.923: [GC remark 2022-07-29T02:02:45.419-0700: 622336.923: [Finalize Marking, 0.0002782 secs] 2022-07-29T02:02:45.419-0700: 622336.924: [GC ref-proc, 0.0054712 secs] 2022-07-29T02:02:45.425-0700: 622336.929: [Unloading, 0.0275063 secs], 0.0389764 secs]
 [Times: user=0.25 sys=0.00, real=0.04 secs] 
2022-07-29T02:02:45.458-0700: 622336.963: [GC cleanup 3817M->3817M(14336M), 0.0084361 secs]
 [Times: user=0.06 sys=0.00, real=0.01 secs] 
2022-07-29T02:04:45.772-0700: 622457.277: [GC pause (G1 Evacuation Pause) (young), 0.0109511 secs]
   [Parallel Time: 5.5 ms, GC Workers: 8]
      [GC Worker Start (ms): Min: 622457277.3, Avg: 622457277.3, Max: 622457277.4, Diff: 0.1]
      [Ext Root Scanning (ms): Min: 1.1, Avg: 1.9, Max: 5.3, Diff: 4.2, Sum: 14.9]
      [Update RS (ms): Min: 0.0, Avg: 1.3, Max: 1.8, Diff: 1.8, Sum: 10.7]
         [Processed Buffers: Min: 0, Avg: 5.4, Max: 9, Diff: 9, Sum: 43]
      [Scan RS (ms): Min: 0.0, Avg: 0.1, Max: 0.1, Diff: 0.1, Sum: 0.4]
      [Code Root Scanning (ms): Min: 0.0, Avg: 0.0, Max: 0.0, Diff: 0.0, Sum: 0.0]
      [Object Copy (ms): Min: 0.0, Avg: 1.8, Max: 2.2, Diff: 2.2, Sum: 14.2]
      [Termination (ms): Min: 0.0, Avg: 0.2, Max: 0.3, Diff: 0.3, Sum: 1.7]
         [Termination Attempts: Min: 1, Avg: 6.4, Max: 11, Diff: 10, Sum: 51]
      [GC Worker Other (ms): Min: 0.0, Avg: 0.0, Max: 0.1, Diff: 0.1, Sum: 0.3]
      [GC Worker Total (ms): Min: 5.2, Avg: 5.3, Max: 5.3, Diff: 0.1, Sum: 42.2]
      [GC Worker End (ms): Min: 622457282.6, Avg: 622457282.6, Max: 622457282.7, Diff: 0.1]
   [Code Root Fixup: 0.0 ms]
   [Code Root Purge: 0.0 ms]
   [Clear CT: 0.8 ms]
   [Other: 4.7 ms]
      [Choose CSet: 0.0 ms]
      [Ref Proc: 4.0 ms]
      [Ref Enq: 0.1 ms]
      [Redirty Cards: 0.1 ms]
      [Humongous Register: 0.1 ms]
      [Humongous Reclaim: 0.0 ms]
      [Free CSet: 0.3 ms]
   [Eden: 7152.0M(7152.0M)->0.0B(5712.0M) Survivors: 16384.0K->16384.0K Heap: 10741.2M(14336.0M)->3592.9M(14336.0M)]
 [Times: user=0.05 sys=0.00, real=0.02 secs] 
2022-07-29T02:06:25.467-0700: 622556.972: [GC pause (G1 Evacuation Pause) (mixed), 0.0144195 secs]
   [Parallel Time: 10.9 ms, GC Workers: 8]
      [GC Worker Start (ms): Min: 622556971.8, Avg: 622556971.8, Max: 622556971.9, Diff: 0.1]
      [Ext Root Scanning (ms): Min: 1.4, Avg: 2.3, Max: 6.7, Diff: 5.2, Sum: 18.6]
      [Update RS (ms): Min: 0.0, Avg: 1.9, Max: 2.8, Diff: 2.8, Sum: 15.1]
         [Processed Buffers: Min: 0, Avg: 5.1, Max: 13, Diff: 13, Sum: 41]
      [Scan RS (ms): Min: 0.0, Avg: 1.1, Max: 1.5, Diff: 1.5, Sum: 8.9]
      [Code Root Scanning (ms): Min: 0.0, Avg: 0.0, Max: 0.0, Diff: 0.0, Sum: 0.0]
      [Object Copy (ms): Min: 4.0, Avg: 5.3, Max: 5.6, Diff: 1.6, Sum: 42.1]
      [Termination (ms): Min: 0.0, Avg: 0.0, Max: 0.0, Diff: 0.0, Sum: 0.0]
         [Termination Attempts: Min: 1, Avg: 4.4, Max: 6, Diff: 5, Sum: 35]
      [GC Worker Other (ms): Min: 0.0, Avg: 0.1, Max: 0.1, Diff: 0.1, Sum: 0.4]
      [GC Worker Total (ms): Min: 10.6, Avg: 10.6, Max: 10.7, Diff: 0.2, Sum: 85.2]
      [GC Worker End (ms): Min: 622556982.5, Avg: 622556982.5, Max: 622556982.5, Diff: 0.1]
   [Code Root Fixup: 0.0 ms]
   [Code Root Purge: 0.0 ms]
   [Clear CT: 0.8 ms]
   [Other: 2.6 ms]
      [Choose CSet: 0.0 ms]
      [Ref Proc: 2.0 ms]
      [Ref Enq: 0.1 ms]
      [Redirty Cards: 0.1 ms]
      [Humongous Register: 0.1 ms]
      [Humongous Reclaim: 0.0 ms]
      [Free CSet: 0.2 ms]
   [Eden: 5712.0M(5712.0M)->0.0B(7152.0M) Survivors: 16384.0K->16384.0K Heap: 9304.9M(14336.0M)->3583.7M(14336.0M)]
 [Times: user=0.09 sys=0.01, real=0.01 secs] 
2022-07-29T02:08:23.921-0700: 622675.426: [GC pause (G1 Evacuation Pause) (young), 0.0132379 secs]
   [Parallel Time: 8.5 ms, GC Workers: 8]
      [GC Worker Start (ms): Min: 622675426.3, Avg: 622675426.4, Max: 622675426.5, Diff: 0.1]
      [Ext Root Scanning (ms): Min: 1.1, Avg: 1.9, Max: 5.2, Diff: 4.0, Sum: 15.0]
      [Update RS (ms): Min: 1.4, Avg: 4.3, Max: 5.1, Diff: 3.6, Sum: 34.7]
         [Processed Buffers: Min: 8, Avg: 13.4, Max: 17, Diff: 9, Sum: 107]
      [Scan RS (ms): Min: 0.0, Avg: 0.0, Max: 0.1, Diff: 0.1, Sum: 0.4]
      [Code Root Scanning (ms): Min: 0.0, Avg: 0.0, Max: 0.0, Diff: 0.0, Sum: 0.0]
      [Object Copy (ms): Min: 1.5, Avg: 1.8, Max: 2.0, Diff: 0.5, Sum: 14.7]
      [Termination (ms): Min: 0.0, Avg: 0.0, Max: 0.0, Diff: 0.0, Sum: 0.0]
         [Termination Attempts: Min: 1, Avg: 3.9, Max: 6, Diff: 5, Sum: 31]
      [GC Worker Other (ms): Min: 0.0, Avg: 0.1, Max: 0.1, Diff: 0.1, Sum: 0.5]
      [GC Worker Total (ms): Min: 8.1, Avg: 8.2, Max: 8.2, Diff: 0.2, Sum: 65.3]
      [GC Worker End (ms): Min: 622675434.5, Avg: 622675434.6, Max: 622675434.6, Diff: 0.1]
   [Code Root Fixup: 0.0 ms]
   [Code Root Purge: 0.0 ms]
   [Clear CT: 0.8 ms]
   [Other: 3.9 ms]
      [Choose CSet: 0.0 ms]
      [Ref Proc: 3.3 ms]
      [Ref Enq: 0.1 ms]
      [Redirty Cards: 0.1 ms]
      [Humongous Register: 0.1 ms]
      [Humongous Reclaim: 0.0 ms]
      [Free CSet: 0.3 ms]
   [Eden: 7152.0M(7152.0M)->0.0B(7152.0M) Survivors: 16384.0K->16384.0K Heap: 10735.7M(14336.0M)->3593.9M(14336.0M)]
 [Times: user=0.08 sys=0.00, real=0.02 secs] 
2022-07-29T02:10:25.662-0700: 622797.166: [GC pause (GCLocker Initiated GC) (young) (initial-mark), 0.0162963 secs]
   [Parallel Time: 11.6 ms, GC Workers: 8]
      [GC Worker Start (ms): Min: 622797168.0, Avg: 622797168.0, Max: 622797168.1, Diff: 0.1]
      [Ext Root Scanning (ms): Min: 5.3, Avg: 5.7, Max: 6.0, Diff: 0.7, Sum: 45.3]
      [Update RS (ms): Min: 1.0, Avg: 1.1, Max: 1.4, Diff: 0.4, Sum: 9.1]
         [Processed Buffers: Min: 2, Avg: 5.5, Max: 11, Diff: 9, Sum: 44]
      [Scan RS (ms): Min: 0.0, Avg: 0.1, Max: 0.1, Diff: 0.1, Sum: 0.4]
      [Code Root Scanning (ms): Min: 0.0, Avg: 0.0, Max: 0.0, Diff: 0.0, Sum: 0.0]
      [Object Copy (ms): Min: 2.2, Avg: 2.8, Max: 3.2, Diff: 1.0, Sum: 22.6]
      [Termination (ms): Min: 0.0, Avg: 0.0, Max: 0.0, Diff: 0.0, Sum: 0.0]
         [Termination Attempts: Min: 9, Avg: 11.4, Max: 14, Diff: 5, Sum: 91]
      [GC Worker Other (ms): Min: 0.0, Avg: 0.1, Max: 0.2, Diff: 0.1, Sum: 0.6]
      [GC Worker Total (ms): Min: 9.7, Avg: 9.8, Max: 9.8, Diff: 0.2, Sum: 78.1]
      [GC Worker End (ms): Min: 622797177.7, Avg: 622797177.8, Max: 622797177.9, Diff: 0.1]
   [Code Root Fixup: 0.0 ms]
   [Code Root Purge: 0.0 ms]
   [Clear CT: 0.8 ms]
   [Other: 3.9 ms]
      [Choose CSet: 0.0 ms]
      [Ref Proc: 3.3 ms]
      [Ref Enq: 0.1 ms]
      [Redirty Cards: 0.1 ms]
      [Humongous Register: 0.0 ms]
      [Humongous Reclaim: 0.0 ms]
      [Free CSet: 0.3 ms]
   [Eden: 7168.0M(7152.0M)->0.0B(7152.0M) Survivors: 16384.0K->16384.0K Heap: 10753.9M(14336.0M)->3598.3M(14336.0M)]
 [Times: user=0.07 sys=0.01, real=0.02 secs] 
2022-07-29T02:10:25.678-0700: 622797.183: [GC concurrent-root-region-scan-start]
2022-07-29T02:10:25.692-0700: 622797.197: [GC concurrent-root-region-scan-end, 0.0141483 secs]
2022-07-29T02:10:25.692-0700: 622797.197: [GC concurrent-mark-start]
2022-07-29T02:10:28.491-0700: 622799.996: [GC concurrent-mark-end, 2.7984051 secs]
2022-07-29T02:10:28.491-0700: 622799.996: [GC remark 2022-07-29T02:10:28.491-0700: 622799.996: [Finalize Marking, 0.0002307 secs] 2022-07-29T02:10:28.491-0700: 622799.996: [GC ref-proc, 0.0063751 secs] 2022-07-29T02:10:28.498-0700: 622800.002: [Unloading, 0.0282266 secs], 0.0407402 secs]
 [Times: user=0.26 sys=0.00, real=0.04 secs] 
2022-07-29T02:10:28.532-0700: 622800.037: [GC cleanup 3774M->3774M(14336M), 0.0111183 secs]
 [Times: user=0.06 sys=0.00, real=0.02 secs] 
2022-07-29T02:12:28.812-0700: 622920.317: [GC pause (GCLocker Initiated GC) (young), 0.0114943 secs]
   [Parallel Time: 6.2 ms, GC Workers: 8]
      [GC Worker Start (ms): Min: 622920316.8, Avg: 622920316.9, Max: 622920317.0, Diff: 0.2]
      [Ext Root Scanning (ms): Min: 1.1, Avg: 1.9, Max: 5.7, Diff: 4.6, Sum: 15.0]
      [Update RS (ms): Min: 0.0, Avg: 1.4, Max: 2.0, Diff: 2.0, Sum: 11.0]
         [Processed Buffers: Min: 0, Avg: 5.6, Max: 9, Diff: 9, Sum: 45]
      [Scan RS (ms): Min: 0.0, Avg: 0.1, Max: 0.1, Diff: 0.1, Sum: 0.5]
      [Code Root Scanning (ms): Min: 0.0, Avg: 0.0, Max: 0.0, Diff: 0.0, Sum: 0.0]
      [Object Copy (ms): Min: 0.1, Avg: 2.5, Max: 2.9, Diff: 2.8, Sum: 19.8]
      [Termination (ms): Min: 0.0, Avg: 0.0, Max: 0.0, Diff: 0.0, Sum: 0.0]
         [Termination Attempts: Min: 1, Avg: 1.0, Max: 1, Diff: 0, Sum: 8]
      [GC Worker Other (ms): Min: 0.0, Avg: 0.1, Max: 0.1, Diff: 0.1, Sum: 0.4]
      [GC Worker Total (ms): Min: 5.8, Avg: 5.8, Max: 5.9, Diff: 0.2, Sum: 46.7]
      [GC Worker End (ms): Min: 622920322.8, Avg: 622920322.8, Max: 622920322.9, Diff: 0.1]
   [Code Root Fixup: 0.0 ms]
   [Code Root Purge: 0.0 ms]
   [Clear CT: 0.7 ms]
   [Other: 4.5 ms]
      [Choose CSet: 0.0 ms]
      [Ref Proc: 3.9 ms]
      [Ref Enq: 0.1 ms]
      [Redirty Cards: 0.1 ms]
      [Humongous Register: 0.1 ms]
      [Humongous Reclaim: 0.0 ms]
      [Free CSet: 0.3 ms]
   [Eden: 7168.0M(7152.0M)->0.0B(5712.0M) Survivors: 16384.0K->16384.0K Heap: 10758.3M(14336.0M)->3604.8M(14336.0M)]
 [Times: user=0.06 sys=0.00, real=0.02 secs] 
2022-07-29T02:14:06.022-0700: 623017.527: [GC pause (G1 Evacuation Pause) (mixed), 0.0119584 secs]
   [Parallel Time: 8.9 ms, GC Workers: 8]
      [GC Worker Start (ms): Min: 623017527.1, Avg: 623017527.2, Max: 623017527.2, Diff: 0.2]
      [Ext Root Scanning (ms): Min: 1.2, Avg: 2.1, Max: 6.2, Diff: 4.9, Sum: 16.7]
      [Update RS (ms): Min: 0.0, Avg: 1.7, Max: 2.4, Diff: 2.4, Sum: 13.7]
         [Processed Buffers: Min: 0, Avg: 7.8, Max: 14, Diff: 14, Sum: 62]
      [Scan RS (ms): Min: 0.0, Avg: 0.8, Max: 1.0, Diff: 0.9, Sum: 6.3]
      [Code Root Scanning (ms): Min: 0.0, Avg: 0.0, Max: 0.0, Diff: 0.0, Sum: 0.0]
      [Object Copy (ms): Min: 2.5, Avg: 4.1, Max: 4.4, Diff: 1.8, Sum: 32.5]
      [Termination (ms): Min: 0.0, Avg: 0.0, Max: 0.0, Diff: 0.0, Sum: 0.0]
         [Termination Attempts: Min: 11, Avg: 14.0, Max: 18, Diff: 7, Sum: 112]
      [GC Worker Other (ms): Min: 0.0, Avg: 0.1, Max: 0.1, Diff: 0.1, Sum: 0.4]
      [GC Worker Total (ms): Min: 8.6, Avg: 8.7, Max: 8.8, Diff: 0.2, Sum: 69.6]
      [GC Worker End (ms): Min: 623017535.8, Avg: 623017535.9, Max: 623017535.9, Diff: 0.1]
   [Code Root Fixup: 0.0 ms]
   [Code Root Purge: 0.0 ms]
   [Clear CT: 0.7 ms]
   [Other: 2.3 ms]
      [Choose CSet: 0.0 ms]
      [Ref Proc: 1.7 ms]
      [Ref Enq: 0.1 ms]
      [Redirty Cards: 0.1 ms]
      [Humongous Register: 0.1 ms]
      [Humongous Reclaim: 0.0 ms]
      [Free CSet: 0.2 ms]
   [Eden: 5712.0M(5712.0M)->0.0B(7152.0M) Survivors: 16384.0K->16384.0K Heap: 9316.8M(14336.0M)->3593.2M(14336.0M)]
 [Times: user=0.08 sys=0.00, real=0.01 secs] 
2022-07-29T02:16:03.923-0700: 623135.428: [GC pause (G1 Evacuation Pause) (young), 0.0106018 secs]
   [Parallel Time: 7.4 ms, GC Workers: 8]
      [GC Worker Start (ms): Min: 623135428.1, Avg: 623135428.2, Max: 623135428.3, Diff: 0.2]
      [Ext Root Scanning (ms): Min: 1.1, Avg: 1.8, Max: 5.0, Diff: 4.0, Sum: 14.3]
      [Update RS (ms): Min: 0.6, Avg: 3.5, Max: 4.2, Diff: 3.6, Sum: 27.9]
         [Processed Buffers: Min: 7, Avg: 11.5, Max: 15, Diff: 8, Sum: 92]
      [Scan RS (ms): Min: 0.0, Avg: 0.0, Max: 0.1, Diff: 0.1, Sum: 0.4]
      [Code Root Scanning (ms): Min: 0.0, Avg: 0.0, Max: 0.0, Diff: 0.0, Sum: 0.0]
      [Object Copy (ms): Min: 1.4, Avg: 1.7, Max: 1.9, Diff: 0.5, Sum: 13.8]
      [Termination (ms): Min: 0.0, Avg: 0.0, Max: 0.0, Diff: 0.0, Sum: 0.0]
         [Termination Attempts: Min: 1, Avg: 1.0, Max: 1, Diff: 0, Sum: 8]
      [GC Worker Other (ms): Min: 0.0, Avg: 0.1, Max: 0.1, Diff: 0.1, Sum: 0.5]
      [GC Worker Total (ms): Min: 7.1, Avg: 7.1, Max: 7.2, Diff: 0.1, Sum: 57.0]
      [GC Worker End (ms): Min: 623135435.3, Avg: 623135435.3, Max: 623135435.4, Diff: 0.1]
   [Code Root Fixup: 0.0 ms]
   [Code Root Purge: 0.0 ms]
   [Clear CT: 0.7 ms]
   [Other: 2.5 ms]
      [Choose CSet: 0.0 ms]
      [Ref Proc: 1.8 ms]
      [Ref Enq: 0.1 ms]
      [Redirty Cards: 0.1 ms]
      [Humongous Register: 0.1 ms]
      [Humongous Reclaim: 0.0 ms]
      [Free CSet: 0.3 ms]
   [Eden: 7152.0M(7152.0M)->0.0B(7152.0M) Survivors: 16384.0K->16384.0K Heap: 10745.2M(14336.0M)->3597.1M(14336.0M)]
 [Times: user=0.05 sys=0.01, real=0.00 secs] 
2022-07-29T02:18:06.860-0700: 623258.365: [GC pause (G1 Evacuation Pause) (young) (initial-mark), 0.0172087 secs]
   [Parallel Time: 12.7 ms, GC Workers: 8]
      [GC Worker Start (ms): Min: 623258367.1, Avg: 623258367.2, Max: 623258367.3, Diff: 0.2]
      [Ext Root Scanning (ms): Min: 6.0, Avg: 6.5, Max: 7.0, Diff: 1.0, Sum: 52.0]
      [Update RS (ms): Min: 1.6, Avg: 1.7, Max: 1.9, Diff: 0.3, Sum: 13.6]
         [Processed Buffers: Min: 3, Avg: 5.6, Max: 12, Diff: 9, Sum: 45]
      [Scan RS (ms): Min: 0.0, Avg: 0.0, Max: 0.1, Diff: 0.1, Sum: 0.4]
      [Code Root Scanning (ms): Min: 0.0, Avg: 0.0, Max: 0.0, Diff: 0.0, Sum: 0.0]
      [Object Copy (ms): Min: 1.5, Avg: 2.1, Max: 2.7, Diff: 1.2, Sum: 17.1]
      [Termination (ms): Min: 0.0, Avg: 0.0, Max: 0.0, Diff: 0.0, Sum: 0.0]
         [Termination Attempts: Min: 1, Avg: 7.5, Max: 14, Diff: 13, Sum: 60]
      [GC Worker Other (ms): Min: 0.0, Avg: 0.1, Max: 0.1, Diff: 0.1, Sum: 0.5]
      [GC Worker Total (ms): Min: 10.4, Avg: 10.5, Max: 10.5, Diff: 0.2, Sum: 83.7]
      [GC Worker End (ms): Min: 623258377.6, Avg: 623258377.7, Max: 623258377.8, Diff: 0.1]
   [Code Root Fixup: 0.0 ms]
   [Code Root Purge: 0.0 ms]
   [Clear CT: 0.7 ms]
   [Other: 3.8 ms]
      [Choose CSet: 0.0 ms]
      [Ref Proc: 3.1 ms]
      [Ref Enq: 0.1 ms]
      [Redirty Cards: 0.1 ms]
      [Humongous Register: 0.0 ms]
      [Humongous Reclaim: 0.0 ms]
      [Free CSet: 0.3 ms]
   [Eden: 7152.0M(7152.0M)->0.0B(7152.0M) Survivors: 16384.0K->16384.0K Heap: 10749.1M(14336.0M)->3602.1M(14336.0M)]
 [Times: user=0.09 sys=0.00, real=0.02 secs] 
2022-07-29T02:18:06.878-0700: 623258.383: [GC concurrent-root-region-scan-start]
2022-07-29T02:18:06.892-0700: 623258.396: [GC concurrent-root-region-scan-end, 0.0137903 secs]
2022-07-29T02:18:06.892-0700: 623258.396: [GC concurrent-mark-start]
2022-07-29T02:18:09.537-0700: 623261.042: [GC concurrent-mark-end, 2.6456831 secs]
2022-07-29T02:18:09.538-0700: 623261.042: [GC remark 2022-07-29T02:18:09.538-0700: 623261.042: [Finalize Marking, 0.0003245 secs] 2022-07-29T02:18:09.538-0700: 623261.043: [GC ref-proc, 0.0103610 secs] 2022-07-29T02:18:09.548-0700: 623261.053: [Unloading, 0.0275105 secs], 0.0440396 secs]
 [Times: user=0.26 sys=0.00, real=0.04 secs] 
2022-07-29T02:18:09.582-0700: 623261.087: [GC cleanup 3746M->3746M(14336M), 0.0085454 secs]
 [Times: user=0.06 sys=0.00, real=0.01 secs] 
2022-07-29T02:20:08.676-0700: 623380.181: [GC pause (G1 Evacuation Pause) (young), 0.0112829 secs]
   [Parallel Time: 5.9 ms, GC Workers: 8]
      [GC Worker Start (ms): Min: 623380180.9, Avg: 623380181.0, Max: 623380181.0, Diff: 0.1]
      [Ext Root Scanning (ms): Min: 1.1, Avg: 1.9, Max: 5.6, Diff: 4.5, Sum: 15.4]
      [Update RS (ms): Min: 0.0, Avg: 1.3, Max: 1.9, Diff: 1.9, Sum: 10.3]
         [Processed Buffers: Min: 0, Avg: 4.5, Max: 8, Diff: 8, Sum: 36]
      [Scan RS (ms): Min: 0.0, Avg: 0.1, Max: 0.1, Diff: 0.1, Sum: 0.4]
      [Code Root Scanning (ms): Min: 0.0, Avg: 0.0, Max: 0.0, Diff: 0.0, Sum: 0.0]
      [Object Copy (ms): Min: 0.0, Avg: 1.8, Max: 2.2, Diff: 2.2, Sum: 14.6]
      [Termination (ms): Min: 0.0, Avg: 0.5, Max: 0.6, Diff: 0.6, Sum: 4.0]
         [Termination Attempts: Min: 1, Avg: 1.9, Max: 4, Diff: 3, Sum: 15]
      [GC Worker Other (ms): Min: 0.0, Avg: 0.0, Max: 0.0, Diff: 0.0, Sum: 0.2]
      [GC Worker Total (ms): Min: 5.5, Avg: 5.6, Max: 5.7, Diff: 0.2, Sum: 45.0]
      [GC Worker End (ms): Min: 623380186.6, Avg: 623380186.6, Max: 623380186.6, Diff: 0.0]
   [Code Root Fixup: 0.0 ms]
   [Code Root Purge: 0.0 ms]
   [Clear CT: 0.7 ms]
   [Other: 4.7 ms]
      [Choose CSet: 0.0 ms]
      [Ref Proc: 4.0 ms]
      [Ref Enq: 0.1 ms]
      [Redirty Cards: 0.1 ms]
      [Humongous Register: 0.1 ms]
      [Humongous Reclaim: 0.0 ms]
      [Free CSet: 0.3 ms]
   [Eden: 7152.0M(7152.0M)->0.0B(5712.0M) Survivors: 16384.0K->16384.0K Heap: 10754.1M(14336.0M)->3599.7M(14336.0M)]
 [Times: user=0.06 sys=0.00, real=0.01 secs] 
2022-07-29T02:21:46.875-0700: 623478.380: [GC pause (G1 Evacuation Pause) (mixed), 0.0132641 secs]
   [Parallel Time: 9.7 ms, GC Workers: 8]
      [GC Worker Start (ms): Min: 623478379.8, Avg: 623478379.9, Max: 623478379.9, Diff: 0.1]
      [Ext Root Scanning (ms): Min: 1.2, Avg: 2.1, Max: 6.3, Diff: 5.1, Sum: 16.8]
      [Update RS (ms): Min: 0.0, Avg: 1.6, Max: 2.2, Diff: 2.2, Sum: 12.6]
         [Processed Buffers: Min: 0, Avg: 5.8, Max: 12, Diff: 12, Sum: 46]
      [Scan RS (ms): Min: 0.0, Avg: 0.9, Max: 1.3, Diff: 1.2, Sum: 7.5]
      [Code Root Scanning (ms): Min: 0.0, Avg: 0.0, Max: 0.0, Diff: 0.0, Sum: 0.0]
      [Object Copy (ms): Min: 3.1, Avg: 4.8, Max: 5.2, Diff: 2.0, Sum: 38.4]
      [Termination (ms): Min: 0.0, Avg: 0.0, Max: 0.0, Diff: 0.0, Sum: 0.0]
         [Termination Attempts: Min: 1, Avg: 1.0, Max: 1, Diff: 0, Sum: 8]
      [GC Worker Other (ms): Min: 0.0, Avg: 0.1, Max: 0.2, Diff: 0.1, Sum: 0.5]
      [GC Worker Total (ms): Min: 9.4, Avg: 9.5, Max: 9.7, Diff: 0.3, Sum: 75.9]
      [GC Worker End (ms): Min: 623478389.3, Avg: 623478389.4, Max: 623478389.5, Diff: 0.1]
   [Code Root Fixup: 0.0 ms]
   [Code Root Purge: 0.0 ms]
   [Clear CT: 0.8 ms]
   [Other: 2.7 ms]
      [Choose CSet: 0.0 ms]
      [Ref Proc: 2.0 ms]
      [Ref Enq: 0.1 ms]
      [Redirty Cards: 0.1 ms]
      [Humongous Register: 0.1 ms]
      [Humongous Reclaim: 0.0 ms]
      [Free CSet: 0.2 ms]
   [Eden: 5712.0M(5712.0M)->0.0B(7152.0M) Survivors: 16384.0K->16384.0K Heap: 9311.7M(14336.0M)->3578.8M(14336.0M)]
 [Times: user=0.09 sys=0.00, real=0.01 secs] 
2022-07-29T02:23:47.975-0700: 623599.479: [GC pause (G1 Evacuation Pause) (young), 0.0138010 secs]
   [Parallel Time: 8.5 ms, GC Workers: 8]
      [GC Worker Start (ms): Min: 623599479.5, Avg: 623599479.6, Max: 623599479.6, Diff: 0.1]
      [Ext Root Scanning (ms): Min: 1.1, Avg: 1.8, Max: 5.1, Diff: 4.0, Sum: 14.6]
      [Update RS (ms): Min: 1.6, Avg: 4.2, Max: 4.8, Diff: 3.1, Sum: 33.4]
         [Processed Buffers: Min: 6, Avg: 13.0, Max: 16, Diff: 10, Sum: 104]
      [Scan RS (ms): Min: 0.0, Avg: 0.0, Max: 0.1, Diff: 0.1, Sum: 0.4]
      [Code Root Scanning (ms): Min: 0.0, Avg: 0.0, Max: 0.0, Diff: 0.0, Sum: 0.0]
      [Object Copy (ms): Min: 1.5, Avg: 2.1, Max: 2.2, Diff: 0.7, Sum: 16.6]
      [Termination (ms): Min: 0.0, Avg: 0.0, Max: 0.0, Diff: 0.0, Sum: 0.0]
         [Termination Attempts: Min: 1, Avg: 4.4, Max: 7, Diff: 6, Sum: 35]
      [GC Worker Other (ms): Min: 0.0, Avg: 0.1, Max: 0.1, Diff: 0.1, Sum: 0.4]
      [GC Worker Total (ms): Min: 8.1, Avg: 8.2, Max: 8.3, Diff: 0.2, Sum: 65.5]
      [GC Worker End (ms): Min: 623599487.7, Avg: 623599487.7, Max: 623599487.8, Diff: 0.1]
   [Code Root Fixup: 0.0 ms]
   [Code Root Purge: 0.0 ms]
   [Clear CT: 0.7 ms]
   [Other: 4.6 ms]
      [Choose CSet: 0.0 ms]
      [Ref Proc: 3.9 ms]
      [Ref Enq: 0.1 ms]
      [Redirty Cards: 0.1 ms]
      [Humongous Register: 0.0 ms]
      [Humongous Reclaim: 0.0 ms]
      [Free CSet: 0.3 ms]
   [Eden: 7152.0M(7152.0M)->0.0B(7152.0M) Survivors: 16384.0K->16384.0K Heap: 10730.8M(14336.0M)->3589.0M(14336.0M)]
 [Times: user=0.08 sys=0.00, real=0.02 secs] 
2022-07-29T02:25:50.320-0700: 623721.825: [GC pause (G1 Evacuation Pause) (young) (initial-mark), 0.0163516 secs]
   [Parallel Time: 11.6 ms, GC Workers: 8]
      [GC Worker Start (ms): Min: 623721827.0, Avg: 623721827.0, Max: 623721827.1, Diff: 0.1]
      [Ext Root Scanning (ms): Min: 5.4, Avg: 5.7, Max: 6.2, Diff: 0.8, Sum: 45.9]
      [Update RS (ms): Min: 1.3, Avg: 1.5, Max: 1.8, Diff: 0.5, Sum: 12.1]
         [Processed Buffers: Min: 4, Avg: 5.1, Max: 8, Diff: 4, Sum: 41]
      [Scan RS (ms): Min: 0.0, Avg: 0.1, Max: 0.1, Diff: 0.1, Sum: 0.4]
      [Code Root Scanning (ms): Min: 0.0, Avg: 0.0, Max: 0.0, Diff: 0.0, Sum: 0.0]
      [Object Copy (ms): Min: 1.5, Avg: 2.2, Max: 2.7, Diff: 1.1, Sum: 17.9]
      [Termination (ms): Min: 0.0, Avg: 0.0, Max: 0.0, Diff: 0.0, Sum: 0.0]
         [Termination Attempts: Min: 7, Avg: 9.6, Max: 15, Diff: 8, Sum: 77]
      [GC Worker Other (ms): Min: 0.0, Avg: 0.0, Max: 0.1, Diff: 0.1, Sum: 0.4]
      [GC Worker Total (ms): Min: 9.6, Avg: 9.6, Max: 9.7, Diff: 0.1, Sum: 76.8]
      [GC Worker End (ms): Min: 623721836.6, Avg: 623721836.6, Max: 623721836.7, Diff: 0.1]
   [Code Root Fixup: 0.0 ms]
   [Code Root Purge: 0.0 ms]
   [Clear CT: 0.7 ms]
   [Other: 4.1 ms]
      [Choose CSet: 0.0 ms]
      [Ref Proc: 3.4 ms]
      [Ref Enq: 0.1 ms]
      [Redirty Cards: 0.1 ms]
      [Humongous Register: 0.0 ms]
      [Humongous Reclaim: 0.0 ms]
      [Free CSet: 0.3 ms]
   [Eden: 7152.0M(7152.0M)->0.0B(7152.0M) Survivors: 16384.0K->16384.0K Heap: 10741.0M(14336.0M)->3587.1M(14336.0M)]
 [Times: user=0.08 sys=0.00, real=0.02 secs] 
2022-07-29T02:25:50.337-0700: 623721.842: [GC concurrent-root-region-scan-start]
2022-07-29T02:25:50.346-0700: 623721.850: [GC concurrent-root-region-scan-end, 0.0088930 secs]
2022-07-29T02:25:50.346-0700: 623721.850: [GC concurrent-mark-start]
2022-07-29T02:25:53.051-0700: 623724.556: [GC concurrent-mark-end, 2.7050997 secs]
2022-07-29T02:25:53.051-0700: 623724.556: [GC remark 2022-07-29T02:25:53.051-0700: 623724.556: [Finalize Marking, 0.0004733 secs] 2022-07-29T02:25:53.052-0700: 623724.556: [GC ref-proc, 0.0073710 secs] 2022-07-29T02:25:53.059-0700: 623724.564: [Unloading, 0.0291770 secs], 0.0428463 secs]
 [Times: user=0.25 sys=0.00, real=0.04 secs] 
2022-07-29T02:25:53.094-0700: 623724.599: [GC cleanup 3823M->3823M(14336M), 0.0082942 secs]
 [Times: user=0.06 sys=0.00, real=0.02 secs] 
2022-07-29T02:27:51.016-0700: 623842.521: [GC pause (G1 Evacuation Pause) (young), 0.0093445 secs]
   [Parallel Time: 6.2 ms, GC Workers: 8]
      [GC Worker Start (ms): Min: 623842520.9, Avg: 623842521.0, Max: 623842521.0, Diff: 0.1]
      [Ext Root Scanning (ms): Min: 1.5, Avg: 2.3, Max: 5.9, Diff: 4.4, Sum: 18.1]
      [Update RS (ms): Min: 0.0, Avg: 1.6, Max: 2.0, Diff: 2.0, Sum: 12.7]
         [Processed Buffers: Min: 0, Avg: 5.9, Max: 15, Diff: 15, Sum: 47]
      [Scan RS (ms): Min: 0.0, Avg: 0.1, Max: 0.2, Diff: 0.1, Sum: 0.4]
      [Code Root Scanning (ms): Min: 0.0, Avg: 0.0, Max: 0.0, Diff: 0.0, Sum: 0.0]
      [Object Copy (ms): Min: 0.0, Avg: 2.0, Max: 2.4, Diff: 2.4, Sum: 16.0]
      [Termination (ms): Min: 0.0, Avg: 0.0, Max: 0.0, Diff: 0.0, Sum: 0.0]
         [Termination Attempts: Min: 1, Avg: 1.4, Max: 2, Diff: 1, Sum: 11]
      [GC Worker Other (ms): Min: 0.0, Avg: 0.0, Max: 0.1, Diff: 0.1, Sum: 0.3]
      [GC Worker Total (ms): Min: 5.9, Avg: 5.9, Max: 6.0, Diff: 0.2, Sum: 47.6]
      [GC Worker End (ms): Min: 623842526.9, Avg: 623842526.9, Max: 623842527.0, Diff: 0.1]
   [Code Root Fixup: 0.0 ms]
   [Code Root Purge: 0.0 ms]
   [Clear CT: 0.8 ms]
   [Other: 2.4 ms]
      [Choose CSet: 0.0 ms]
      [Ref Proc: 1.8 ms]
      [Ref Enq: 0.1 ms]
      [Redirty Cards: 0.1 ms]
      [Humongous Register: 0.1 ms]
      [Humongous Reclaim: 0.0 ms]
      [Free CSet: 0.3 ms]
   [Eden: 7152.0M(7152.0M)->0.0B(5712.0M) Survivors: 16384.0K->16384.0K Heap: 10739.1M(14336.0M)->3588.8M(14336.0M)]
 [Times: user=0.06 sys=0.00, real=0.01 secs] 
2022-07-29T02:29:25.840-0700: 623937.345: [GC pause (G1 Evacuation Pause) (mixed), 0.0141436 secs]
   [Parallel Time: 9.1 ms, GC Workers: 8]
      [GC Worker Start (ms): Min: 623937345.1, Avg: 623937345.2, Max: 623937345.3, Diff: 0.2]
      [Ext Root Scanning (ms): Min: 1.1, Avg: 1.9, Max: 6.1, Diff: 5.0, Sum: 15.6]
      [Update RS (ms): Min: 0.0, Avg: 1.3, Max: 1.9, Diff: 1.9, Sum: 10.7]
         [Processed Buffers: Min: 0, Avg: 5.4, Max: 9, Diff: 9, Sum: 43]
      [Scan RS (ms): Min: 0.0, Avg: 1.1, Max: 1.4, Diff: 1.4, Sum: 8.8]
      [Code Root Scanning (ms): Min: 0.0, Avg: 0.0, Max: 0.0, Diff: 0.0, Sum: 0.0]
      [Object Copy (ms): Min: 2.7, Avg: 4.3, Max: 4.6, Diff: 1.9, Sum: 34.5]
      [Termination (ms): Min: 0.0, Avg: 0.0, Max: 0.0, Diff: 0.0, Sum: 0.0]
         [Termination Attempts: Min: 1, Avg: 1.4, Max: 4, Diff: 3, Sum: 11]
      [GC Worker Other (ms): Min: 0.0, Avg: 0.1, Max: 0.1, Diff: 0.1, Sum: 0.5]
      [GC Worker Total (ms): Min: 8.7, Avg: 8.8, Max: 8.9, Diff: 0.3, Sum: 70.1]
      [GC Worker End (ms): Min: 623937354.0, Avg: 623937354.0, Max: 623937354.1, Diff: 0.1]
   [Code Root Fixup: 0.0 ms]
   [Code Root Purge: 0.0 ms]
   [Clear CT: 0.7 ms]
   [Other: 4.3 ms]
      [Choose CSet: 0.0 ms]
      [Ref Proc: 3.6 ms]
      [Ref Enq: 0.1 ms]
      [Redirty Cards: 0.1 ms]
      [Humongous Register: 0.1 ms]
      [Humongous Reclaim: 0.0 ms]
      [Free CSet: 0.2 ms]
   [Eden: 5712.0M(5712.0M)->0.0B(7152.0M) Survivors: 16384.0K->16384.0K Heap: 9300.8M(14336.0M)->3584.5M(14336.0M)]
 [Times: user=0.08 sys=0.01, real=0.01 secs] 
2022-07-29T02:31:27.128-0700: 624058.633: [GC pause (G1 Evacuation Pause) (young), 0.0123315 secs]
   [Parallel Time: 8.0 ms, GC Workers: 8]
      [GC Worker Start (ms): Min: 624058633.1, Avg: 624058633.2, Max: 624058633.3, Diff: 0.1]
      [Ext Root Scanning (ms): Min: 1.2, Avg: 1.9, Max: 5.1, Diff: 3.9, Sum: 15.1]
      [Update RS (ms): Min: 0.8, Avg: 3.5, Max: 4.3, Diff: 3.5, Sum: 28.4]
         [Processed Buffers: Min: 5, Avg: 12.5, Max: 16, Diff: 11, Sum: 100]
      [Scan RS (ms): Min: 0.0, Avg: 0.0, Max: 0.1, Diff: 0.1, Sum: 0.4]
      [Code Root Scanning (ms): Min: 0.0, Avg: 0.0, Max: 0.0, Diff: 0.0, Sum: 0.0]
      [Object Copy (ms): Min: 1.6, Avg: 2.0, Max: 2.2, Diff: 0.5, Sum: 16.1]
      [Termination (ms): Min: 0.0, Avg: 0.0, Max: 0.0, Diff: 0.0, Sum: 0.0]
         [Termination Attempts: Min: 1, Avg: 3.1, Max: 5, Diff: 4, Sum: 25]
      [GC Worker Other (ms): Min: 0.0, Avg: 0.1, Max: 0.1, Diff: 0.1, Sum: 0.4]
      [GC Worker Total (ms): Min: 7.5, Avg: 7.6, Max: 7.7, Diff: 0.2, Sum: 60.5]
      [GC Worker End (ms): Min: 624058640.7, Avg: 624058640.8, Max: 624058640.9, Diff: 0.1]
   [Code Root Fixup: 0.0 ms]
   [Code Root Purge: 0.0 ms]
   [Clear CT: 0.7 ms]
   [Other: 3.6 ms]
      [Choose CSet: 0.0 ms]
      [Ref Proc: 2.9 ms]
      [Ref Enq: 0.1 ms]
      [Redirty Cards: 0.1 ms]
      [Humongous Register: 0.1 ms]
      [Humongous Reclaim: 0.0 ms]
      [Free CSet: 0.3 ms]
   [Eden: 7152.0M(7152.0M)->0.0B(7152.0M) Survivors: 16384.0K->16384.0K Heap: 10736.5M(14336.0M)->3585.9M(14336.0M)]
 [Times: user=0.08 sys=0.00, real=0.01 secs] 
2022-07-29T02:33:27.661-0700: 624179.165: [GC pause (G1 Evacuation Pause) (young) (initial-mark), 0.0184517 secs]
   [Parallel Time: 13.4 ms, GC Workers: 8]
      [GC Worker Start (ms): Min: 624179167.5, Avg: 624179167.6, Max: 624179167.7, Diff: 0.1]
      [Ext Root Scanning (ms): Min: 6.4, Avg: 6.7, Max: 7.2, Diff: 0.8, Sum: 53.8]
      [Update RS (ms): Min: 1.5, Avg: 1.7, Max: 2.0, Diff: 0.4, Sum: 13.4]
         [Processed Buffers: Min: 3, Avg: 6.0, Max: 9, Diff: 6, Sum: 48]
      [Scan RS (ms): Min: 0.0, Avg: 0.1, Max: 0.1, Diff: 0.1, Sum: 0.4]
      [Code Root Scanning (ms): Min: 0.0, Avg: 0.0, Max: 0.0, Diff: 0.0, Sum: 0.0]
      [Object Copy (ms): Min: 1.8, Avg: 2.3, Max: 2.8, Diff: 1.0, Sum: 18.6]
      [Termination (ms): Min: 0.0, Avg: 0.0, Max: 0.0, Diff: 0.0, Sum: 0.0]
         [Termination Attempts: Min: 1, Avg: 2.8, Max: 4, Diff: 3, Sum: 22]
      [GC Worker Other (ms): Min: 0.0, Avg: 0.1, Max: 0.2, Diff: 0.2, Sum: 0.6]
      [GC Worker Total (ms): Min: 10.7, Avg: 10.9, Max: 11.0, Diff: 0.3, Sum: 86.9]
      [GC Worker End (ms): Min: 624179178.4, Avg: 624179178.5, Max: 624179178.6, Diff: 0.2]
   [Code Root Fixup: 0.0 ms]
   [Code Root Purge: 0.0 ms]
   [Clear CT: 0.7 ms]
   [Other: 4.3 ms]
      [Choose CSet: 0.0 ms]
      [Ref Proc: 3.6 ms]
      [Ref Enq: 0.1 ms]
      [Redirty Cards: 0.1 ms]
      [Humongous Register: 0.0 ms]
      [Humongous Reclaim: 0.0 ms]
      [Free CSet: 0.3 ms]
   [Eden: 7152.0M(7152.0M)->0.0B(7152.0M) Survivors: 16384.0K->16384.0K Heap: 10737.9M(14336.0M)->3591.0M(14336.0M)]
 [Times: user=0.09 sys=0.00, real=0.02 secs] 
2022-07-29T02:33:27.679-0700: 624179.184: [GC concurrent-root-region-scan-start]
2022-07-29T02:33:27.690-0700: 624179.194: [GC concurrent-root-region-scan-end, 0.0104552 secs]
2022-07-29T02:33:27.690-0700: 624179.194: [GC concurrent-mark-start]
2022-07-29T02:33:30.338-0700: 624181.843: [GC concurrent-mark-end, 2.6482378 secs]
2022-07-29T02:33:30.338-0700: 624181.843: [GC remark 2022-07-29T02:33:30.338-0700: 624181.843: [Finalize Marking, 0.0002659 secs] 2022-07-29T02:33:30.339-0700: 624181.843: [GC ref-proc, 0.0062254 secs] 2022-07-29T02:33:30.345-0700: 624181.850: [Unloading, 0.0271260 secs], 0.0393772 secs]
 [Times: user=0.25 sys=0.00, real=0.04 secs] 
2022-07-29T02:33:30.378-0700: 624181.883: [GC cleanup 3767M->3767M(14336M), 0.0090257 secs]
 [Times: user=0.07 sys=0.00, real=0.01 secs] 
2022-07-29T02:35:26.269-0700: 624297.773: [GC pause (G1 Evacuation Pause) (young), 0.0113649 secs]
   [Parallel Time: 5.8 ms, GC Workers: 8]
      [GC Worker Start (ms): Min: 624297773.5, Avg: 624297773.6, Max: 624297773.7, Diff: 0.1]
      [Ext Root Scanning (ms): Min: 1.3, Avg: 2.1, Max: 5.6, Diff: 4.3, Sum: 16.6]
      [Update RS (ms): Min: 0.0, Avg: 1.3, Max: 1.7, Diff: 1.7, Sum: 10.5]
         [Processed Buffers: Min: 0, Avg: 5.2, Max: 12, Diff: 12, Sum: 42]
      [Scan RS (ms): Min: 0.0, Avg: 0.1, Max: 0.1, Diff: 0.1, Sum: 0.4]
      [Code Root Scanning (ms): Min: 0.0, Avg: 0.0, Max: 0.0, Diff: 0.0, Sum: 0.0]
      [Object Copy (ms): Min: 0.0, Avg: 1.9, Max: 2.3, Diff: 2.3, Sum: 15.6]
      [Termination (ms): Min: 0.0, Avg: 0.1, Max: 0.2, Diff: 0.2, Sum: 1.1]
         [Termination Attempts: Min: 1, Avg: 2.0, Max: 5, Diff: 4, Sum: 16]
      [GC Worker Other (ms): Min: 0.0, Avg: 0.0, Max: 0.1, Diff: 0.1, Sum: 0.3]
      [GC Worker Total (ms): Min: 5.5, Avg: 5.6, Max: 5.6, Diff: 0.1, Sum: 44.5]
      [GC Worker End (ms): Min: 624297779.1, Avg: 624297779.2, Max: 624297779.2, Diff: 0.1]
   [Code Root Fixup: 0.0 ms]
   [Code Root Purge: 0.0 ms]
   [Clear CT: 0.8 ms]
   [Other: 4.8 ms]
      [Choose CSet: 0.0 ms]
      [Ref Proc: 4.1 ms]
      [Ref Enq: 0.1 ms]
      [Redirty Cards: 0.1 ms]
      [Humongous Register: 0.1 ms]
      [Humongous Reclaim: 0.0 ms]
      [Free CSet: 0.3 ms]
   [Eden: 7152.0M(7152.0M)->0.0B(5712.0M) Survivors: 16384.0K->16384.0K Heap: 10743.0M(14336.0M)->3588.3M(14336.0M)]
 [Times: user=0.06 sys=0.00, real=0.01 secs] 
2022-07-29T02:37:03.369-0700: 624394.874: [GC pause (G1 Evacuation Pause) (mixed), 0.0131675 secs]
   [Parallel Time: 9.2 ms, GC Workers: 8]
      [GC Worker Start (ms): Min: 624394874.0, Avg: 624394874.1, Max: 624394874.2, Diff: 0.1]
      [Ext Root Scanning (ms): Min: 1.2, Avg: 2.1, Max: 6.4, Diff: 5.2, Sum: 16.5]
      [Update RS (ms): Min: 0.0, Avg: 1.5, Max: 2.0, Diff: 2.0, Sum: 12.3]
         [Processed Buffers: Min: 0, Avg: 5.9, Max: 14, Diff: 14, Sum: 47]
      [Scan RS (ms): Min: 0.0, Avg: 1.1, Max: 1.4, Diff: 1.4, Sum: 9.1]
      [Code Root Scanning (ms): Min: 0.0, Avg: 0.0, Max: 0.0, Diff: 0.0, Sum: 0.0]
      [Object Copy (ms): Min: 2.4, Avg: 4.0, Max: 4.4, Diff: 2.0, Sum: 32.3]
      [Termination (ms): Min: 0.0, Avg: 0.0, Max: 0.0, Diff: 0.0, Sum: 0.0]
         [Termination Attempts: Min: 1, Avg: 1.4, Max: 3, Diff: 2, Sum: 11]
      [GC Worker Other (ms): Min: 0.0, Avg: 0.1, Max: 0.1, Diff: 0.1, Sum: 0.5]
      [GC Worker Total (ms): Min: 8.7, Avg: 8.8, Max: 9.0, Diff: 0.2, Sum: 70.6]
      [GC Worker End (ms): Min: 624394882.9, Avg: 624394882.9, Max: 624394883.0, Diff: 0.1]
   [Code Root Fixup: 0.0 ms]
   [Code Root Purge: 0.0 ms]
   [Clear CT: 0.8 ms]
   [Other: 3.1 ms]
      [Choose CSet: 0.0 ms]
      [Ref Proc: 2.4 ms]
      [Ref Enq: 0.1 ms]
      [Redirty Cards: 0.1 ms]
      [Humongous Register: 0.1 ms]
      [Humongous Reclaim: 0.0 ms]
      [Free CSet: 0.2 ms]
   [Eden: 5712.0M(5712.0M)->0.0B(7152.0M) Survivors: 16384.0K->16384.0K Heap: 9300.3M(14336.0M)->3581.0M(14336.0M)]
 [Times: user=0.08 sys=0.00, real=0.01 secs] 
2022-07-29T02:39:03.717-0700: 624515.221: [GC pause (G1 Evacuation Pause) (young), 0.0119968 secs]
   [Parallel Time: 9.0 ms, GC Workers: 8]
      [GC Worker Start (ms): Min: 624515221.6, Avg: 624515221.6, Max: 624515221.7, Diff: 0.1]
      [Ext Root Scanning (ms): Min: 1.5, Avg: 2.4, Max: 6.0, Diff: 4.5, Sum: 19.3]
      [Update RS (ms): Min: 0.8, Avg: 3.9, Max: 4.8, Diff: 4.0, Sum: 31.4]
         [Processed Buffers: Min: 6, Avg: 13.0, Max: 17, Diff: 11, Sum: 104]
      [Scan RS (ms): Min: 0.0, Avg: 0.0, Max: 0.1, Diff: 0.1, Sum: 0.4]
      [Code Root Scanning (ms): Min: 0.0, Avg: 0.0, Max: 0.0, Diff: 0.0, Sum: 0.0]
      [Object Copy (ms): Min: 1.9, Avg: 2.4, Max: 2.6, Diff: 0.7, Sum: 18.8]
      [Termination (ms): Min: 0.0, Avg: 0.0, Max: 0.0, Diff: 0.0, Sum: 0.1]
         [Termination Attempts: Min: 15, Avg: 24.4, Max: 28, Diff: 13, Sum: 195]
      [GC Worker Other (ms): Min: 0.0, Avg: 0.1, Max: 0.1, Diff: 0.1, Sum: 0.4]
      [GC Worker Total (ms): Min: 8.7, Avg: 8.8, Max: 8.9, Diff: 0.2, Sum: 70.5]
      [GC Worker End (ms): Min: 624515230.4, Avg: 624515230.4, Max: 624515230.5, Diff: 0.1]
   [Code Root Fixup: 0.0 ms]
   [Code Root Purge: 0.0 ms]
   [Clear CT: 0.7 ms]
   [Other: 2.3 ms]
      [Choose CSet: 0.0 ms]
      [Ref Proc: 1.7 ms]
      [Ref Enq: 0.1 ms]
      [Redirty Cards: 0.1 ms]
      [Humongous Register: 0.1 ms]
      [Humongous Reclaim: 0.0 ms]
      [Free CSet: 0.3 ms]
   [Eden: 7152.0M(7152.0M)->0.0B(7152.0M) Survivors: 16384.0K->16384.0K Heap: 10733.0M(14336.0M)->3590.1M(14336.0M)]
 [Times: user=0.08 sys=0.00, real=0.01 secs] 
2022-07-29T02:41:06.835-0700: 624638.339: [GC pause (G1 Evacuation Pause) (young) (initial-mark), 0.0168459 secs]
   [Parallel Time: 11.8 ms, GC Workers: 8]
      [GC Worker Start (ms): Min: 624638341.7, Avg: 624638341.7, Max: 624638341.8, Diff: 0.1]
      [Ext Root Scanning (ms): Min: 5.3, Avg: 5.7, Max: 6.1, Diff: 0.8, Sum: 45.4]
      [Update RS (ms): Min: 1.2, Avg: 1.3, Max: 1.4, Diff: 0.2, Sum: 10.5]
         [Processed Buffers: Min: 3, Avg: 4.8, Max: 8, Diff: 5, Sum: 38]
      [Scan RS (ms): Min: 0.0, Avg: 0.0, Max: 0.1, Diff: 0.1, Sum: 0.4]
      [Code Root Scanning (ms): Min: 0.0, Avg: 0.0, Max: 0.0, Diff: 0.0, Sum: 0.0]
      [Object Copy (ms): Min: 1.8, Avg: 2.2, Max: 2.6, Diff: 0.8, Sum: 17.7]
      [Termination (ms): Min: 0.0, Avg: 0.0, Max: 0.0, Diff: 0.0, Sum: 0.0]
         [Termination Attempts: Min: 1, Avg: 1.0, Max: 1, Diff: 0, Sum: 8]
      [GC Worker Other (ms): Min: 0.0, Avg: 0.1, Max: 0.2, Diff: 0.2, Sum: 0.7]
      [GC Worker Total (ms): Min: 9.2, Avg: 9.3, Max: 9.5, Diff: 0.3, Sum: 74.7]
      [GC Worker End (ms): Min: 624638351.0, Avg: 624638351.1, Max: 624638351.2, Diff: 0.2]
   [Code Root Fixup: 0.0 ms]
   [Code Root Purge: 0.0 ms]
   [Clear CT: 0.8 ms]
   [Other: 4.2 ms]
      [Choose CSet: 0.0 ms]
      [Ref Proc: 3.3 ms]
      [Ref Enq: 0.2 ms]
      [Redirty Cards: 0.1 ms]
      [Humongous Register: 0.0 ms]
      [Humongous Reclaim: 0.0 ms]
      [Free CSet: 0.3 ms]
   [Eden: 7152.0M(7152.0M)->0.0B(7152.0M) Survivors: 16384.0K->16384.0K Heap: 10742.1M(14336.0M)->3588.3M(14336.0M)]
 [Times: user=0.08 sys=0.00, real=0.02 secs] 
2022-07-29T02:41:06.852-0700: 624638.356: [GC concurrent-root-region-scan-start]
2022-07-29T02:41:06.862-0700: 624638.367: [GC concurrent-root-region-scan-end, 0.0103870 secs]
2022-07-29T02:41:06.862-0700: 624638.367: [GC concurrent-mark-start]
2022-07-29T02:41:09.603-0700: 624641.108: [GC concurrent-mark-end, 2.7414131 secs]
2022-07-29T02:41:09.604-0700: 624641.109: [GC remark 2022-07-29T02:41:09.604-0700: 624641.109: [Finalize Marking, 0.0002866 secs] 2022-07-29T02:41:09.604-0700: 624641.109: [GC ref-proc, 0.0084806 secs] 2022-07-29T02:41:09.613-0700: 624641.117: [Unloading, 0.0276561 secs], 0.0423096 secs]
 [Times: user=0.26 sys=0.00, real=0.04 secs] 
2022-07-29T02:41:09.646-0700: 624641.151: [GC cleanup 3767M->3767M(14336M), 0.0084193 secs]
 [Times: user=0.06 sys=0.00, real=0.01 secs] 
2022-07-29T02:43:06.574-0700: 624758.079: [GC pause (G1 Evacuation Pause) (young), 0.0094842 secs]
   [Parallel Time: 5.8 ms, GC Workers: 8]
      [GC Worker Start (ms): Min: 624758079.1, Avg: 624758079.2, Max: 624758079.2, Diff: 0.1]
      [Ext Root Scanning (ms): Min: 1.1, Avg: 1.9, Max: 5.7, Diff: 4.6, Sum: 15.2]
      [Update RS (ms): Min: 0.0, Avg: 1.5, Max: 2.2, Diff: 2.2, Sum: 12.2]
         [Processed Buffers: Min: 0, Avg: 6.2, Max: 11, Diff: 11, Sum: 50]
      [Scan RS (ms): Min: 0.0, Avg: 0.0, Max: 0.1, Diff: 0.1, Sum: 0.4]
      [Code Root Scanning (ms): Min: 0.0, Avg: 0.0, Max: 0.0, Diff: 0.0, Sum: 0.0]
      [Object Copy (ms): Min: 0.0, Avg: 2.0, Max: 2.4, Diff: 2.4, Sum: 15.9]
      [Termination (ms): Min: 0.0, Avg: 0.1, Max: 0.2, Diff: 0.2, Sum: 1.1]
         [Termination Attempts: Min: 1, Avg: 3.9, Max: 9, Diff: 8, Sum: 31]
      [GC Worker Other (ms): Min: 0.0, Avg: 0.0, Max: 0.1, Diff: 0.0, Sum: 0.2]
      [GC Worker Total (ms): Min: 5.6, Avg: 5.6, Max: 5.7, Diff: 0.1, Sum: 45.1]
      [GC Worker End (ms): Min: 624758084.8, Avg: 624758084.8, Max: 624758084.8, Diff: 0.0]
   [Code Root Fixup: 0.0 ms]
   [Code Root Purge: 0.0 ms]
   [Clear CT: 0.8 ms]
   [Other: 2.9 ms]
      [Choose CSet: 0.0 ms]
      [Ref Proc: 2.2 ms]
      [Ref Enq: 0.1 ms]
      [Redirty Cards: 0.1 ms]
      [Humongous Register: 0.1 ms]
      [Humongous Reclaim: 0.0 ms]
      [Free CSet: 0.3 ms]
   [Eden: 7152.0M(7152.0M)->0.0B(5712.0M) Survivors: 16384.0K->16384.0K Heap: 10740.3M(14336.0M)->3592.1M(14336.0M)]
 [Times: user=0.06 sys=0.00, real=0.02 secs] 
2022-07-29T02:44:43.673-0700: 624855.177: [GC pause (G1 Evacuation Pause) (mixed), 0.0123440 secs]
   [Parallel Time: 9.4 ms, GC Workers: 8]
      [GC Worker Start (ms): Min: 624855177.5, Avg: 624855177.5, Max: 624855177.6, Diff: 0.1]
      [Ext Root Scanning (ms): Min: 1.2, Avg: 2.1, Max: 6.5, Diff: 5.3, Sum: 16.8]
      [Update RS (ms): Min: 0.0, Avg: 1.2, Max: 1.8, Diff: 1.8, Sum: 9.7]
         [Processed Buffers: Min: 0, Avg: 4.6, Max: 10, Diff: 10, Sum: 37]
      [Scan RS (ms): Min: 0.0, Avg: 0.7, Max: 0.9, Diff: 0.8, Sum: 5.3]
      [Code Root Scanning (ms): Min: 0.0, Avg: 0.0, Max: 0.0, Diff: 0.0, Sum: 0.0]
      [Object Copy (ms): Min: 2.6, Avg: 5.0, Max: 5.5, Diff: 2.9, Sum: 40.3]
      [Termination (ms): Min: 0.0, Avg: 0.0, Max: 0.0, Diff: 0.0, Sum: 0.0]
         [Termination Attempts: Min: 2, Avg: 4.5, Max: 8, Diff: 6, Sum: 36]
      [GC Worker Other (ms): Min: 0.0, Avg: 0.1, Max: 0.2, Diff: 0.1, Sum: 0.5]
      [GC Worker Total (ms): Min: 9.0, Avg: 9.1, Max: 9.2, Diff: 0.2, Sum: 72.7]
      [GC Worker End (ms): Min: 624855186.6, Avg: 624855186.6, Max: 624855186.7, Diff: 0.1]
   [Code Root Fixup: 0.0 ms]
   [Code Root Purge: 0.0 ms]
   [Clear CT: 0.7 ms]
   [Other: 2.2 ms]
      [Choose CSet: 0.0 ms]
      [Ref Proc: 1.5 ms]
      [Ref Enq: 0.1 ms]
      [Redirty Cards: 0.1 ms]
      [Humongous Register: 0.1 ms]
      [Humongous Reclaim: 0.0 ms]
      [Free CSet: 0.2 ms]
   [Eden: 5712.0M(5712.0M)->0.0B(7152.0M) Survivors: 16384.0K->16384.0K Heap: 9304.1M(14336.0M)->3586.1M(14336.0M)]
 [Times: user=0.09 sys=0.00, real=0.02 secs] 
2022-07-29T02:46:46.063-0700: 624977.567: [GC pause (G1 Evacuation Pause) (young), 0.0125316 secs]
   [Parallel Time: 9.8 ms, GC Workers: 8]
      [GC Worker Start (ms): Min: 624977567.6, Avg: 624977567.7, Max: 624977567.7, Diff: 0.1]
      [Ext Root Scanning (ms): Min: 1.4, Avg: 2.2, Max: 5.8, Diff: 4.4, Sum: 17.4]
      [Update RS (ms): Min: 2.1, Avg: 5.3, Max: 6.0, Diff: 3.9, Sum: 42.3]
         [Processed Buffers: Min: 5, Avg: 13.9, Max: 19, Diff: 14, Sum: 111]
      [Scan RS (ms): Min: 0.0, Avg: 0.0, Max: 0.1, Diff: 0.1, Sum: 0.4]
      [Code Root Scanning (ms): Min: 0.0, Avg: 0.0, Max: 0.0, Diff: 0.0, Sum: 0.0]
      [Object Copy (ms): Min: 1.6, Avg: 2.1, Max: 2.3, Diff: 0.6, Sum: 16.6]
      [Termination (ms): Min: 0.0, Avg: 0.0, Max: 0.0, Diff: 0.0, Sum: 0.0]
         [Termination Attempts: Min: 1, Avg: 1.5, Max: 3, Diff: 2, Sum: 12]
      [GC Worker Other (ms): Min: 0.0, Avg: 0.0, Max: 0.1, Diff: 0.1, Sum: 0.3]
      [GC Worker Total (ms): Min: 9.6, Avg: 9.6, Max: 9.7, Diff: 0.1, Sum: 77.1]
      [GC Worker End (ms): Min: 624977577.3, Avg: 624977577.3, Max: 624977577.3, Diff: 0.0]
   [Code Root Fixup: 0.0 ms]
   [Code Root Purge: 0.0 ms]
   [Clear CT: 0.7 ms]
   [Other: 2.1 ms]
      [Choose CSet: 0.0 ms]
      [Ref Proc: 1.4 ms]
      [Ref Enq: 0.1 ms]
      [Redirty Cards: 0.1 ms]
      [Humongous Register: 0.1 ms]
      [Humongous Reclaim: 0.0 ms]
      [Free CSet: 0.3 ms]
   [Eden: 7152.0M(7152.0M)->0.0B(7152.0M) Survivors: 16384.0K->16384.0K Heap: 10738.1M(14336.0M)->3594.9M(14336.0M)]
 [Times: user=0.08 sys=0.00, real=0.01 secs] 
2022-07-29T02:48:43.623-0700: 625095.127: [GC pause (G1 Evacuation Pause) (young) (initial-mark), 0.0172558 secs]
   [Parallel Time: 12.4 ms, GC Workers: 8]
      [GC Worker Start (ms): Min: 625095129.6, Avg: 625095129.7, Max: 625095129.8, Diff: 0.2]
      [Ext Root Scanning (ms): Min: 5.1, Avg: 5.5, Max: 6.0, Diff: 0.9, Sum: 44.1]
      [Update RS (ms): Min: 1.5, Avg: 1.7, Max: 1.8, Diff: 0.2, Sum: 13.4]
         [Processed Buffers: Min: 3, Avg: 5.5, Max: 12, Diff: 9, Sum: 44]
      [Scan RS (ms): Min: 0.0, Avg: 0.1, Max: 0.1, Diff: 0.1, Sum: 0.4]
      [Code Root Scanning (ms): Min: 0.0, Avg: 0.0, Max: 0.0, Diff: 0.0, Sum: 0.0]
      [Object Copy (ms): Min: 2.0, Avg: 2.4, Max: 2.8, Diff: 0.8, Sum: 19.5]
      [Termination (ms): Min: 0.0, Avg: 0.0, Max: 0.0, Diff: 0.0, Sum: 0.0]
         [Termination Attempts: Min: 1, Avg: 1.1, Max: 2, Diff: 1, Sum: 9]
      [GC Worker Other (ms): Min: 0.0, Avg: 0.1, Max: 0.2, Diff: 0.1, Sum: 0.5]
      [GC Worker Total (ms): Min: 9.6, Avg: 9.7, Max: 9.9, Diff: 0.3, Sum: 77.9]
      [GC Worker End (ms): Min: 625095139.4, Avg: 625095139.4, Max: 625095139.5, Diff: 0.1]
   [Code Root Fixup: 0.0 ms]
   [Code Root Purge: 0.0 ms]
   [Clear CT: 0.7 ms]
   [Other: 4.2 ms]
      [Choose CSet: 0.0 ms]
      [Ref Proc: 3.5 ms]
      [Ref Enq: 0.1 ms]
      [Redirty Cards: 0.1 ms]
      [Humongous Register: 0.0 ms]
      [Humongous Reclaim: 0.0 ms]
      [Free CSet: 0.3 ms]
   [Eden: 7152.0M(7152.0M)->0.0B(7152.0M) Survivors: 16384.0K->16384.0K Heap: 10746.9M(14336.0M)->3601.0M(14336.0M)]
 [Times: user=0.09 sys=0.00, real=0.02 secs] 
2022-07-29T02:48:43.640-0700: 625095.145: [GC concurrent-root-region-scan-start]
2022-07-29T02:48:43.651-0700: 625095.156: [GC concurrent-root-region-scan-end, 0.0113563 secs]
2022-07-29T02:48:43.651-0700: 625095.156: [GC concurrent-mark-start]
2022-07-29T02:48:46.304-0700: 625097.808: [GC concurrent-mark-end, 2.6523577 secs]
2022-07-29T02:48:46.304-0700: 625097.809: [GC remark 2022-07-29T02:48:46.304-0700: 625097.809: [Finalize Marking, 0.0002889 secs] 2022-07-29T02:48:46.304-0700: 625097.809: [GC ref-proc, 0.0079043 secs] 2022-07-29T02:48:46.312-0700: 625097.817: [Unloading, 0.0273623 secs], 0.0413432 secs]
 [Times: user=0.26 sys=0.00, real=0.04 secs] 
2022-07-29T02:48:46.346-0700: 625097.850: [GC cleanup 3761M->3761M(14336M), 0.0082740 secs]
 [Times: user=0.06 sys=0.00, real=0.00 secs] 
2022-07-29T02:50:44.665-0700: 625216.170: [GC pause (G1 Evacuation Pause) (young), 0.0093407 secs]
   [Parallel Time: 6.2 ms, GC Workers: 8]
      [GC Worker Start (ms): Min: 625216170.1, Avg: 625216170.2, Max: 625216170.2, Diff: 0.1]
      [Ext Root Scanning (ms): Min: 1.4, Avg: 2.1, Max: 5.7, Diff: 4.3, Sum: 17.0]
      [Update RS (ms): Min: 0.0, Avg: 1.7, Max: 2.2, Diff: 2.2, Sum: 13.4]
         [Processed Buffers: Min: 0, Avg: 5.6, Max: 12, Diff: 12, Sum: 45]
      [Scan RS (ms): Min: 0.0, Avg: 0.1, Max: 0.1, Diff: 0.1, Sum: 0.4]
      [Code Root Scanning (ms): Min: 0.0, Avg: 0.0, Max: 0.0, Diff: 0.0, Sum: 0.0]
      [Object Copy (ms): Min: 0.4, Avg: 2.2, Max: 2.6, Diff: 2.2, Sum: 17.3]
      [Termination (ms): Min: 0.0, Avg: 0.0, Max: 0.0, Diff: 0.0, Sum: 0.0]
         [Termination Attempts: Min: 1, Avg: 5.6, Max: 9, Diff: 8, Sum: 45]
      [GC Worker Other (ms): Min: 0.0, Avg: 0.0, Max: 0.1, Diff: 0.1, Sum: 0.4]
      [GC Worker Total (ms): Min: 6.0, Avg: 6.1, Max: 6.1, Diff: 0.1, Sum: 48.5]
      [GC Worker End (ms): Min: 625216176.2, Avg: 625216176.3, Max: 625216176.3, Diff: 0.1]
   [Code Root Fixup: 0.0 ms]
   [Code Root Purge: 0.0 ms]
   [Clear CT: 0.7 ms]
   [Other: 2.5 ms]
      [Choose CSet: 0.0 ms]
      [Ref Proc: 1.8 ms]
      [Ref Enq: 0.1 ms]
      [Redirty Cards: 0.1 ms]
      [Humongous Register: 0.1 ms]
      [Humongous Reclaim: 0.0 ms]
      [Free CSet: 0.3 ms]
   [Eden: 7152.0M(7152.0M)->0.0B(5712.0M) Survivors: 16384.0K->16384.0K Heap: 10753.0M(14336.0M)->3598.0M(14336.0M)]
 [Times: user=0.06 sys=0.00, real=0.01 secs] 
2022-07-29T02:52:21.487-0700: 625312.992: [GC pause (G1 Evacuation Pause) (mixed), 0.0133805 secs]
   [Parallel Time: 10.3 ms, GC Workers: 8]
      [GC Worker Start (ms): Min: 625312992.4, Avg: 625312992.4, Max: 625312992.5, Diff: 0.2]
      [Ext Root Scanning (ms): Min: 1.4, Avg: 2.3, Max: 6.8, Diff: 5.3, Sum: 18.6]
      [Update RS (ms): Min: 0.0, Avg: 2.0, Max: 2.6, Diff: 2.6, Sum: 15.8]
         [Processed Buffers: Min: 0, Avg: 5.8, Max: 14, Diff: 14, Sum: 46]
      [Scan RS (ms): Min: 0.0, Avg: 0.8, Max: 1.1, Diff: 1.1, Sum: 6.4]
      [Code Root Scanning (ms): Min: 0.0, Avg: 0.0, Max: 0.0, Diff: 0.0, Sum: 0.0]
      [Object Copy (ms): Min: 3.2, Avg: 4.8, Max: 5.2, Diff: 2.0, Sum: 38.7]
      [Termination (ms): Min: 0.0, Avg: 0.0, Max: 0.0, Diff: 0.0, Sum: 0.0]
         [Termination Attempts: Min: 1, Avg: 4.6, Max: 8, Diff: 7, Sum: 37]
      [GC Worker Other (ms): Min: 0.0, Avg: 0.1, Max: 0.2, Diff: 0.2, Sum: 0.7]
      [GC Worker Total (ms): Min: 9.9, Avg: 10.0, Max: 10.2, Diff: 0.2, Sum: 80.3]
      [GC Worker End (ms): Min: 625313002.4, Avg: 625313002.5, Max: 625313002.6, Diff: 0.2]
   [Code Root Fixup: 0.0 ms]
   [Code Root Purge: 0.0 ms]
   [Clear CT: 0.7 ms]
   [Other: 2.3 ms]
      [Choose CSet: 0.0 ms]
      [Ref Proc: 1.7 ms]
      [Ref Enq: 0.1 ms]
      [Redirty Cards: 0.1 ms]
      [Humongous Register: 0.1 ms]
      [Humongous Reclaim: 0.0 ms]
      [Free CSet: 0.2 ms]
   [Eden: 5712.0M(5712.0M)->0.0B(7152.0M) Survivors: 16384.0K->16384.0K Heap: 9310.0M(14336.0M)->3590.0M(14336.0M)]
 [Times: user=0.09 sys=0.00, real=0.01 secs] 
2022-07-29T02:54:20.811-0700: 625432.316: [GC pause (G1 Evacuation Pause) (young), 0.0142928 secs]
   [Parallel Time: 9.2 ms, GC Workers: 8]
      [GC Worker Start (ms): Min: 625432316.3, Avg: 625432316.4, Max: 625432316.4, Diff: 0.2]
      [Ext Root Scanning (ms): Min: 1.3, Avg: 2.1, Max: 5.7, Diff: 4.3, Sum: 17.1]
      [Update RS (ms): Min: 1.2, Avg: 4.3, Max: 5.0, Diff: 3.8, Sum: 34.2]
         [Processed Buffers: Min: 4, Avg: 10.8, Max: 16, Diff: 12, Sum: 86]
      [Scan RS (ms): Min: 0.0, Avg: 0.1, Max: 0.1, Diff: 0.1, Sum: 0.4]
      [Code Root Scanning (ms): Min: 0.0, Avg: 0.0, Max: 0.0, Diff: 0.0, Sum: 0.0]
      [Object Copy (ms): Min: 1.9, Avg: 2.3, Max: 2.5, Diff: 0.6, Sum: 18.4]
      [Termination (ms): Min: 0.0, Avg: 0.0, Max: 0.0, Diff: 0.0, Sum: 0.1]
         [Termination Attempts: Min: 20, Avg: 26.1, Max: 35, Diff: 15, Sum: 209]
      [GC Worker Other (ms): Min: 0.0, Avg: 0.1, Max: 0.1, Diff: 0.1, Sum: 0.5]
      [GC Worker Total (ms): Min: 8.7, Avg: 8.8, Max: 9.0, Diff: 0.2, Sum: 70.8]
      [GC Worker End (ms): Min: 625432325.2, Avg: 625432325.2, Max: 625432325.3, Diff: 0.1]
   [Code Root Fixup: 0.0 ms]
   [Code Root Purge: 0.0 ms]
   [Clear CT: 0.8 ms]
   [Other: 4.3 ms]
      [Choose CSet: 0.0 ms]
      [Ref Proc: 3.7 ms]
      [Ref Enq: 0.1 ms]
      [Redirty Cards: 0.1 ms]
      [Humongous Register: 0.0 ms]
      [Humongous Reclaim: 0.0 ms]
      [Free CSet: 0.3 ms]
   [Eden: 7152.0M(7152.0M)->0.0B(7152.0M) Survivors: 16384.0K->16384.0K Heap: 10742.0M(14336.0M)->3598.2M(14336.0M)]
 [Times: user=0.09 sys=0.00, real=0.02 secs] 
2022-07-29T02:56:19.315-0700: 625550.820: [GC pause (G1 Evacuation Pause) (young) (initial-mark), 0.0205071 secs]
   [Parallel Time: 16.2 ms, GC Workers: 8]
      [GC Worker Start (ms): Min: 625550821.7, Avg: 625550821.7, Max: 625550821.8, Diff: 0.1]
      [Ext Root Scanning (ms): Min: 5.3, Avg: 6.4, Max: 11.1, Diff: 5.8, Sum: 51.3]
      [Update RS (ms): Min: 0.0, Avg: 1.3, Max: 1.7, Diff: 1.7, Sum: 10.4]
         [Processed Buffers: Min: 0, Avg: 5.1, Max: 10, Diff: 10, Sum: 41]
      [Scan RS (ms): Min: 0.0, Avg: 0.0, Max: 0.1, Diff: 0.1, Sum: 0.4]
      [Code Root Scanning (ms): Min: 0.0, Avg: 0.0, Max: 0.0, Diff: 0.0, Sum: 0.0]
      [Object Copy (ms): Min: 0.0, Avg: 2.7, Max: 7.2, Diff: 7.2, Sum: 21.3]
      [Termination (ms): Min: 0.1, Avg: 3.8, Max: 4.6, Diff: 4.6, Sum: 30.7]
         [Termination Attempts: Min: 1, Avg: 21.8, Max: 39, Diff: 38, Sum: 174]
      [GC Worker Other (ms): Min: 0.0, Avg: 0.0, Max: 0.0, Diff: 0.0, Sum: 0.1]
      [GC Worker Total (ms): Min: 14.2, Avg: 14.3, Max: 14.3, Diff: 0.1, Sum: 114.3]
      [GC Worker End (ms): Min: 625550836.0, Avg: 625550836.0, Max: 625550836.1, Diff: 0.0]
   [Code Root Fixup: 0.0 ms]
   [Code Root Purge: 0.0 ms]
   [Clear CT: 0.6 ms]
   [Other: 3.6 ms]
      [Choose CSet: 0.0 ms]
      [Ref Proc: 2.9 ms]
      [Ref Enq: 0.1 ms]
      [Redirty Cards: 0.1 ms]
      [Humongous Register: 0.0 ms]
      [Humongous Reclaim: 0.0 ms]
      [Free CSet: 0.3 ms]
   [Eden: 7152.0M(7152.0M)->0.0B(7152.0M) Survivors: 16384.0K->16384.0K Heap: 10750.2M(14336.0M)->3597.2M(14336.0M)]
 [Times: user=0.11 sys=0.00, real=0.02 secs] 
2022-07-29T02:56:19.336-0700: 625550.841: [GC concurrent-root-region-scan-start]
2022-07-29T02:56:19.345-0700: 625550.850: [GC concurrent-root-region-scan-end, 0.0089372 secs]
2022-07-29T02:56:19.345-0700: 625550.850: [GC concurrent-mark-start]
2022-07-29T02:56:22.042-0700: 625553.547: [GC concurrent-mark-end, 2.6976594 secs]
2022-07-29T02:56:22.043-0700: 625553.548: [GC remark 2022-07-29T02:56:22.043-0700: 625553.548: [Finalize Marking, 0.0003122 secs] 2022-07-29T02:56:22.043-0700: 625553.548: [GC ref-proc, 0.0073343 secs] 2022-07-29T02:56:22.051-0700: 625553.555: [Unloading, 0.0286028 secs], 0.0420374 secs]
 [Times: user=0.26 sys=0.00, real=0.04 secs] 
2022-07-29T02:56:22.085-0700: 625553.590: [GC cleanup 3797M->3797M(14336M), 0.0085419 secs]
 [Times: user=0.06 sys=0.00, real=0.00 secs] 
2022-07-29T02:58:19.515-0700: 625671.019: [GC pause (G1 Evacuation Pause) (young), 0.0104016 secs]
   [Parallel Time: 7.0 ms, GC Workers: 8]
      [GC Worker Start (ms): Min: 625671019.6, Avg: 625671019.6, Max: 625671019.7, Diff: 0.1]
      [Ext Root Scanning (ms): Min: 1.3, Avg: 2.1, Max: 5.6, Diff: 4.3, Sum: 17.0]
      [Update RS (ms): Min: 0.0, Avg: 1.9, Max: 2.5, Diff: 2.5, Sum: 15.5]
         [Processed Buffers: Min: 0, Avg: 5.8, Max: 13, Diff: 13, Sum: 46]
      [Scan RS (ms): Min: 0.0, Avg: 0.1, Max: 0.2, Diff: 0.1, Sum: 0.5]
      [Code Root Scanning (ms): Min: 0.0, Avg: 0.0, Max: 0.0, Diff: 0.0, Sum: 0.0]
      [Object Copy (ms): Min: 1.2, Avg: 2.6, Max: 3.0, Diff: 1.8, Sum: 21.2]
      [Termination (ms): Min: 0.0, Avg: 0.0, Max: 0.0, Diff: 0.0, Sum: 0.1]
         [Termination Attempts: Min: 25, Avg: 30.5, Max: 37, Diff: 12, Sum: 244]
      [GC Worker Other (ms): Min: 0.0, Avg: 0.0, Max: 0.1, Diff: 0.1, Sum: 0.3]
      [GC Worker Total (ms): Min: 6.7, Avg: 6.8, Max: 6.9, Diff: 0.2, Sum: 54.6]
      [GC Worker End (ms): Min: 625671026.4, Avg: 625671026.5, Max: 625671026.5, Diff: 0.1]
   [Code Root Fixup: 0.0 ms]
   [Code Root Purge: 0.0 ms]
   [Clear CT: 0.8 ms]
   [Other: 2.6 ms]
      [Choose CSet: 0.0 ms]
      [Ref Proc: 2.0 ms]
      [Ref Enq: 0.1 ms]
      [Redirty Cards: 0.1 ms]
      [Humongous Register: 0.1 ms]
      [Humongous Reclaim: 0.0 ms]
      [Free CSet: 0.3 ms]
   [Eden: 7152.0M(7152.0M)->0.0B(5712.0M) Survivors: 16384.0K->16384.0K Heap: 10749.2M(14336.0M)->3601.5M(14336.0M)]
 [Times: user=0.06 sys=0.02, real=0.01 secs] 
2022-07-29T02:59:56.069-0700: 625767.574: [GC pause (G1 Evacuation Pause) (mixed), 0.0134133 secs]
   [Parallel Time: 10.6 ms, GC Workers: 8]
      [GC Worker Start (ms): Min: 625767574.0, Avg: 625767574.0, Max: 625767574.1, Diff: 0.1]
      [Ext Root Scanning (ms): Min: 1.2, Avg: 2.1, Max: 6.3, Diff: 5.1, Sum: 16.8]
      [Update RS (ms): Min: 0.0, Avg: 1.3, Max: 1.9, Diff: 1.9, Sum: 10.7]
         [Processed Buffers: Min: 0, Avg: 4.9, Max: 9, Diff: 9, Sum: 39]
      [Scan RS (ms): Min: 0.0, Avg: 0.8, Max: 1.0, Diff: 1.0, Sum: 6.3]
      [Code Root Scanning (ms): Min: 0.0, Avg: 0.0, Max: 0.0, Diff: 0.0, Sum: 0.0]
      [Object Copy (ms): Min: 4.1, Avg: 6.2, Max: 6.6, Diff: 2.5, Sum: 49.3]
      [Termination (ms): Min: 0.0, Avg: 0.0, Max: 0.0, Diff: 0.0, Sum: 0.1]
         [Termination Attempts: Min: 18, Avg: 25.6, Max: 31, Diff: 13, Sum: 205]
      [GC Worker Other (ms): Min: 0.0, Avg: 0.0, Max: 0.1, Diff: 0.1, Sum: 0.4]
      [GC Worker Total (ms): Min: 10.4, Avg: 10.4, Max: 10.5, Diff: 0.1, Sum: 83.5]
      [GC Worker End (ms): Min: 625767584.4, Avg: 625767584.5, Max: 625767584.5, Diff: 0.1]
   [Code Root Fixup: 0.0 ms]
   [Code Root Purge: 0.0 ms]
   [Clear CT: 0.7 ms]
   [Other: 2.1 ms]
      [Choose CSet: 0.0 ms]
      [Ref Proc: 1.5 ms]
      [Ref Enq: 0.1 ms]
      [Redirty Cards: 0.1 ms]
      [Humongous Register: 0.1 ms]
      [Humongous Reclaim: 0.0 ms]
      [Free CSet: 0.2 ms]
   [Eden: 5712.0M(5712.0M)->0.0B(7152.0M) Survivors: 16384.0K->16384.0K Heap: 9313.5M(14336.0M)->3579.9M(14336.0M)]
 [Times: user=0.10 sys=0.00, real=0.01 secs] 
2022-07-29T03:01:58.321-0700: 625889.825: [GC pause (G1 Evacuation Pause) (young), 0.0152318 secs]
   [Parallel Time: 10.2 ms, GC Workers: 8]
      [GC Worker Start (ms): Min: 625889825.4, Avg: 625889825.5, Max: 625889825.6, Diff: 0.1]
      [Ext Root Scanning (ms): Min: 2.3, Avg: 3.0, Max: 5.0, Diff: 2.7, Sum: 24.0]
      [Update RS (ms): Min: 3.1, Avg: 4.8, Max: 5.2, Diff: 2.1, Sum: 38.8]
         [Processed Buffers: Min: 10, Avg: 15.4, Max: 20, Diff: 10, Sum: 123]
      [Scan RS (ms): Min: 0.0, Avg: 0.1, Max: 0.1, Diff: 0.1, Sum: 0.4]
      [Code Root Scanning (ms): Min: 0.0, Avg: 0.0, Max: 0.0, Diff: 0.0, Sum: 0.0]
      [Object Copy (ms): Min: 1.8, Avg: 2.0, Max: 2.5, Diff: 0.7, Sum: 16.2]
      [Termination (ms): Min: 0.0, Avg: 0.0, Max: 0.0, Diff: 0.0, Sum: 0.0]
         [Termination Attempts: Min: 1, Avg: 12.4, Max: 19, Diff: 18, Sum: 99]
      [GC Worker Other (ms): Min: 0.0, Avg: 0.1, Max: 0.2, Diff: 0.1, Sum: 0.5]
      [GC Worker Total (ms): Min: 9.9, Avg: 10.0, Max: 10.2, Diff: 0.3, Sum: 79.9]
      [GC Worker End (ms): Min: 625889835.4, Avg: 625889835.5, Max: 625889835.6, Diff: 0.1]
   [Code Root Fixup: 0.0 ms]
   [Code Root Purge: 0.0 ms]
   [Clear CT: 0.7 ms]
   [Other: 4.3 ms]
      [Choose CSet: 0.0 ms]
      [Ref Proc: 3.6 ms]
      [Ref Enq: 0.1 ms]
      [Redirty Cards: 0.1 ms]
      [Humongous Register: 0.1 ms]
      [Humongous Reclaim: 0.0 ms]
      [Free CSet: 0.3 ms]
   [Eden: 7152.0M(7152.0M)->0.0B(7152.0M) Survivors: 16384.0K->16384.0K Heap: 10731.9M(14336.0M)->3590.9M(14336.0M)]
 [Times: user=0.08 sys=0.00, real=0.02 secs] 
2022-07-29T03:03:57.462-0700: 626008.967: [GC pause (G1 Evacuation Pause) (young) (initial-mark), 0.0162844 secs]
   [Parallel Time: 12.4 ms, GC Workers: 8]
      [GC Worker Start (ms): Min: 626008968.7, Avg: 626008968.8, Max: 626008968.8, Diff: 0.1]
      [Ext Root Scanning (ms): Min: 6.0, Avg: 6.4, Max: 7.0, Diff: 1.0, Sum: 51.3]
      [Update RS (ms): Min: 1.3, Avg: 1.4, Max: 1.5, Diff: 0.3, Sum: 10.9]
         [Processed Buffers: Min: 3, Avg: 5.2, Max: 8, Diff: 5, Sum: 42]
      [Scan RS (ms): Min: 0.0, Avg: 0.1, Max: 0.1, Diff: 0.1, Sum: 0.4]
      [Code Root Scanning (ms): Min: 0.0, Avg: 0.0, Max: 0.0, Diff: 0.0, Sum: 0.0]
      [Object Copy (ms): Min: 2.0, Avg: 2.5, Max: 3.0, Diff: 0.9, Sum: 20.2]
      [Termination (ms): Min: 0.0, Avg: 0.0, Max: 0.0, Diff: 0.0, Sum: 0.0]
         [Termination Attempts: Min: 1, Avg: 1.0, Max: 1, Diff: 0, Sum: 8]
      [GC Worker Other (ms): Min: 0.0, Avg: 0.1, Max: 0.1, Diff: 0.1, Sum: 0.5]
      [GC Worker Total (ms): Min: 10.3, Avg: 10.4, Max: 10.5, Diff: 0.2, Sum: 83.4]
      [GC Worker End (ms): Min: 626008979.1, Avg: 626008979.2, Max: 626008979.2, Diff: 0.1]
   [Code Root Fixup: 0.0 ms]
   [Code Root Purge: 0.0 ms]
   [Clear CT: 0.8 ms]
   [Other: 3.1 ms]
      [Choose CSet: 0.0 ms]
      [Ref Proc: 2.4 ms]
      [Ref Enq: 0.1 ms]
      [Redirty Cards: 0.1 ms]
      [Humongous Register: 0.0 ms]
      [Humongous Reclaim: 0.0 ms]
      [Free CSet: 0.3 ms]
   [Eden: 7152.0M(7152.0M)->0.0B(7152.0M) Survivors: 16384.0K->16384.0K Heap: 10742.9M(14336.0M)->3596.7M(14336.0M)]
 [Times: user=0.09 sys=0.00, real=0.02 secs] 
2022-07-29T03:03:57.478-0700: 626008.983: [GC concurrent-root-region-scan-start]
2022-07-29T03:03:57.490-0700: 626008.995: [GC concurrent-root-region-scan-end, 0.0116458 secs]
2022-07-29T03:03:57.490-0700: 626008.995: [GC concurrent-mark-start]
2022-07-29T03:04:00.164-0700: 626011.669: [GC concurrent-mark-end, 2.6739093 secs]
2022-07-29T03:04:00.164-0700: 626011.669: [GC remark 2022-07-29T03:04:00.164-0700: 626011.669: [Finalize Marking, 0.0002044 secs] 2022-07-29T03:04:00.165-0700: 626011.669: [GC ref-proc, 0.0063799 secs] 2022-07-29T03:04:00.171-0700: 626011.676: [Unloading, 0.0276774 secs], 0.0402376 secs]
 [Times: user=0.25 sys=0.00, real=0.04 secs] 
2022-07-29T03:04:00.205-0700: 626011.710: [GC cleanup 3817M->3817M(14336M), 0.0095381 secs]
 [Times: user=0.07 sys=0.00, real=0.00 secs] 
2022-07-29T03:05:59.269-0700: 626130.773: [GC pause (G1 Evacuation Pause) (young), 0.0111076 secs]
   [Parallel Time: 6.0 ms, GC Workers: 8]
      [GC Worker Start (ms): Min: 626130773.5, Avg: 626130773.6, Max: 626130773.7, Diff: 0.2]
      [Ext Root Scanning (ms): Min: 1.4, Avg: 2.2, Max: 5.7, Diff: 4.3, Sum: 17.3]
      [Update RS (ms): Min: 0.0, Avg: 1.3, Max: 1.8, Diff: 1.8, Sum: 10.1]
         [Processed Buffers: Min: 0, Avg: 5.4, Max: 9, Diff: 9, Sum: 43]
      [Scan RS (ms): Min: 0.0, Avg: 0.1, Max: 0.1, Diff: 0.1, Sum: 0.4]
      [Code Root Scanning (ms): Min: 0.0, Avg: 0.0, Max: 0.0, Diff: 0.0, Sum: 0.0]
      [Object Copy (ms): Min: 0.2, Avg: 2.3, Max: 2.8, Diff: 2.6, Sum: 18.5]
      [Termination (ms): Min: 0.0, Avg: 0.0, Max: 0.0, Diff: 0.0, Sum: 0.0]
         [Termination Attempts: Min: 8, Avg: 11.5, Max: 15, Diff: 7, Sum: 92]
      [GC Worker Other (ms): Min: 0.0, Avg: 0.0, Max: 0.1, Diff: 0.1, Sum: 0.3]
      [GC Worker Total (ms): Min: 5.7, Avg: 5.8, Max: 5.9, Diff: 0.2, Sum: 46.6]
      [GC Worker End (ms): Min: 626130779.4, Avg: 626130779.5, Max: 626130779.5, Diff: 0.1]
   [Code Root Fixup: 0.0 ms]
   [Code Root Purge: 0.0 ms]
   [Clear CT: 0.8 ms]
   [Other: 4.3 ms]
      [Choose CSet: 0.0 ms]
      [Ref Proc: 3.5 ms]
      [Ref Enq: 0.2 ms]
      [Redirty Cards: 0.1 ms]
      [Humongous Register: 0.1 ms]
      [Humongous Reclaim: 0.0 ms]
      [Free CSet: 0.3 ms]
   [Eden: 7152.0M(7152.0M)->0.0B(5712.0M) Survivors: 16384.0K->16384.0K Heap: 10748.7M(14336.0M)->3594.3M(14336.0M)]
 [Times: user=0.06 sys=0.00, real=0.01 secs] 
2022-07-29T03:07:35.172-0700: 626226.677: [GC pause (G1 Evacuation Pause) (mixed), 0.0126404 secs]
   [Parallel Time: 9.4 ms, GC Workers: 8]
      [GC Worker Start (ms): Min: 626226677.1, Avg: 626226677.2, Max: 626226677.3, Diff: 0.2]
      [Ext Root Scanning (ms): Min: 1.3, Avg: 2.1, Max: 6.1, Diff: 4.8, Sum: 16.8]
      [Update RS (ms): Min: 0.0, Avg: 1.4, Max: 1.9, Diff: 1.9, Sum: 11.2]
         [Processed Buffers: Min: 0, Avg: 5.2, Max: 11, Diff: 11, Sum: 42]
      [Scan RS (ms): Min: 0.0, Avg: 1.1, Max: 1.4, Diff: 1.4, Sum: 8.8]
      [Code Root Scanning (ms): Min: 0.0, Avg: 0.0, Max: 0.0, Diff: 0.0, Sum: 0.0]
      [Object Copy (ms): Min: 2.9, Avg: 4.4, Max: 4.6, Diff: 1.7, Sum: 34.8]
      [Termination (ms): Min: 0.0, Avg: 0.0, Max: 0.0, Diff: 0.0, Sum: 0.0]
         [Termination Attempts: Min: 1, Avg: 9.8, Max: 15, Diff: 14, Sum: 78]
      [GC Worker Other (ms): Min: 0.0, Avg: 0.1, Max: 0.2, Diff: 0.1, Sum: 0.6]
      [GC Worker Total (ms): Min: 9.0, Avg: 9.0, Max: 9.1, Diff: 0.1, Sum: 72.3]
      [GC Worker End (ms): Min: 626226686.2, Avg: 626226686.3, Max: 626226686.3, Diff: 0.1]
   [Code Root Fixup: 0.0 ms]
   [Code Root Purge: 0.0 ms]
   [Clear CT: 0.8 ms]
   [Other: 2.4 ms]
      [Choose CSet: 0.0 ms]
      [Ref Proc: 1.8 ms]
      [Ref Enq: 0.1 ms]
      [Redirty Cards: 0.1 ms]
      [Humongous Register: 0.1 ms]
      [Humongous Reclaim: 0.0 ms]
      [Free CSet: 0.2 ms]
   [Eden: 5712.0M(5712.0M)->0.0B(7152.0M) Survivors: 16384.0K->16384.0K Heap: 9306.3M(14336.0M)->3587.2M(14336.0M)]
 [Times: user=0.09 sys=0.00, real=0.02 secs] 
2022-07-29T03:09:34.921-0700: 626346.426: [GC pause (G1 Evacuation Pause) (young), 0.0116365 secs]
   [Parallel Time: 8.4 ms, GC Workers: 8]
      [GC Worker Start (ms): Min: 626346425.8, Avg: 626346425.9, Max: 626346425.9, Diff: 0.1]
      [Ext Root Scanning (ms): Min: 1.2, Avg: 1.9, Max: 5.0, Diff: 3.8, Sum: 15.2]
      [Update RS (ms): Min: 1.3, Avg: 4.0, Max: 4.7, Diff: 3.5, Sum: 32.0]
         [Processed Buffers: Min: 11, Avg: 14.0, Max: 16, Diff: 5, Sum: 112]
      [Scan RS (ms): Min: 0.0, Avg: 0.0, Max: 0.1, Diff: 0.1, Sum: 0.4]
      [Code Root Scanning (ms): Min: 0.0, Avg: 0.0, Max: 0.0, Diff: 0.0, Sum: 0.0]
      [Object Copy (ms): Min: 1.8, Avg: 2.1, Max: 2.2, Diff: 0.5, Sum: 16.7]
      [Termination (ms): Min: 0.0, Avg: 0.0, Max: 0.0, Diff: 0.0, Sum: 0.0]
         [Termination Attempts: Min: 10, Avg: 15.0, Max: 21, Diff: 11, Sum: 120]
      [GC Worker Other (ms): Min: 0.0, Avg: 0.1, Max: 0.2, Diff: 0.1, Sum: 0.6]
      [GC Worker Total (ms): Min: 8.0, Avg: 8.1, Max: 8.3, Diff: 0.2, Sum: 64.9]
      [GC Worker End (ms): Min: 626346433.9, Avg: 626346434.0, Max: 626346434.1, Diff: 0.1]
   [Code Root Fixup: 0.0 ms]
   [Code Root Purge: 0.0 ms]
   [Clear CT: 0.7 ms]
   [Other: 2.5 ms]
      [Choose CSet: 0.0 ms]
      [Ref Proc: 1.9 ms]
      [Ref Enq: 0.1 ms]
      [Redirty Cards: 0.1 ms]
      [Humongous Register: 0.1 ms]
      [Humongous Reclaim: 0.0 ms]
      [Free CSet: 0.3 ms]
   [Eden: 7152.0M(7152.0M)->0.0B(7152.0M) Survivors: 16384.0K->16384.0K Heap: 10739.2M(14336.0M)->3595.2M(14336.0M)]
 [Times: user=0.08 sys=0.00, real=0.01 secs] 
2022-07-29T03:11:35.565-0700: 626467.070: [GC pause (G1 Evacuation Pause) (young) (initial-mark), 0.0178065 secs]
   [Parallel Time: 12.7 ms, GC Workers: 8]
      [GC Worker Start (ms): Min: 626467072.0, Avg: 626467072.1, Max: 626467072.1, Diff: 0.1]
      [Ext Root Scanning (ms): Min: 5.6, Avg: 6.1, Max: 6.6, Diff: 1.1, Sum: 48.5]
      [Update RS (ms): Min: 0.8, Avg: 1.5, Max: 1.8, Diff: 1.0, Sum: 12.1]
         [Processed Buffers: Min: 2, Avg: 5.1, Max: 10, Diff: 8, Sum: 41]
      [Scan RS (ms): Min: 0.0, Avg: 0.1, Max: 0.1, Diff: 0.1, Sum: 0.4]
      [Code Root Scanning (ms): Min: 0.0, Avg: 0.0, Max: 0.0, Diff: 0.0, Sum: 0.0]
      [Object Copy (ms): Min: 1.8, Avg: 2.3, Max: 2.6, Diff: 0.8, Sum: 18.3]
      [Termination (ms): Min: 0.0, Avg: 0.0, Max: 0.0, Diff: 0.0, Sum: 0.0]
         [Termination Attempts: Min: 1, Avg: 1.4, Max: 3, Diff: 2, Sum: 11]
      [GC Worker Other (ms): Min: 0.0, Avg: 0.1, Max: 0.2, Diff: 0.2, Sum: 0.7]
      [GC Worker Total (ms): Min: 9.9, Avg: 10.0, Max: 10.1, Diff: 0.2, Sum: 80.0]
      [GC Worker End (ms): Min: 626467082.0, Avg: 626467082.1, Max: 626467082.2, Diff: 0.2]
   [Code Root Fixup: 0.0 ms]
   [Code Root Purge: 0.0 ms]
   [Clear CT: 0.7 ms]
   [Other: 4.4 ms]
      [Choose CSet: 0.0 ms]
      [Ref Proc: 3.7 ms]
      [Ref Enq: 0.1 ms]
      [Redirty Cards: 0.1 ms]
      [Humongous Register: 0.0 ms]
      [Humongous Reclaim: 0.0 ms]
      [Free CSet: 0.3 ms]
   [Eden: 7152.0M(7152.0M)->0.0B(7152.0M) Survivors: 16384.0K->16384.0K Heap: 10747.2M(14336.0M)->3594.8M(14336.0M)]
 [Times: user=0.07 sys=0.01, real=0.02 secs] 
2022-07-29T03:11:35.583-0700: 626467.088: [GC concurrent-root-region-scan-start]
2022-07-29T03:11:35.593-0700: 626467.097: [GC concurrent-root-region-scan-end, 0.0098742 secs]
2022-07-29T03:11:35.593-0700: 626467.097: [GC concurrent-mark-start]
2022-07-29T03:11:38.270-0700: 626469.775: [GC concurrent-mark-end, 2.6770751 secs]
2022-07-29T03:11:38.270-0700: 626469.775: [GC remark 2022-07-29T03:11:38.270-0700: 626469.775: [Finalize Marking, 0.0002306 secs] 2022-07-29T03:11:38.270-0700: 626469.775: [GC ref-proc, 0.0101218 secs] 2022-07-29T03:11:38.281-0700: 626469.785: [Unloading, 0.0279907 secs], 0.0440824 secs]
 [Times: user=0.26 sys=0.00, real=0.04 secs] 
2022-07-29T03:11:38.314-0700: 626469.819: [GC cleanup 3826M->3826M(14336M), 0.0083653 secs]
 [Times: user=0.06 sys=0.00, real=0.02 secs] 
2022-07-29T03:13:33.725-0700: 626585.230: [GC pause (G1 Evacuation Pause) (young), 0.0120512 secs]
   [Parallel Time: 6.3 ms, GC Workers: 8]
      [GC Worker Start (ms): Min: 626585229.9, Avg: 626585230.0, Max: 626585230.0, Diff: 0.2]
      [Ext Root Scanning (ms): Min: 1.1, Avg: 2.0, Max: 5.9, Diff: 4.7, Sum: 15.8]
      [Update RS (ms): Min: 0.0, Avg: 1.6, Max: 2.2, Diff: 2.2, Sum: 13.0]
         [Processed Buffers: Min: 0, Avg: 5.4, Max: 11, Diff: 11, Sum: 43]
      [Scan RS (ms): Min: 0.0, Avg: 0.1, Max: 0.1, Diff: 0.1, Sum: 0.5]
      [Code Root Scanning (ms): Min: 0.0, Avg: 0.0, Max: 0.0, Diff: 0.0, Sum: 0.0]
      [Object Copy (ms): Min: 0.0, Avg: 2.1, Max: 2.5, Diff: 2.5, Sum: 16.7]
      [Termination (ms): Min: 0.0, Avg: 0.1, Max: 0.1, Diff: 0.1, Sum: 0.4]
         [Termination Attempts: Min: 1, Avg: 1.5, Max: 2, Diff: 1, Sum: 12]
      [GC Worker Other (ms): Min: 0.0, Avg: 0.0, Max: 0.1, Diff: 0.0, Sum: 0.2]
      [GC Worker Total (ms): Min: 5.8, Avg: 5.8, Max: 5.9, Diff: 0.1, Sum: 46.7]
      [GC Worker End (ms): Min: 626585235.8, Avg: 626585235.8, Max: 626585235.8, Diff: 0.1]
   [Code Root Fixup: 0.0 ms]
   [Code Root Purge: 0.0 ms]
   [Clear CT: 0.7 ms]
   [Other: 5.0 ms]
      [Choose CSet: 0.0 ms]
      [Ref Proc: 4.4 ms]
      [Ref Enq: 0.1 ms]
      [Redirty Cards: 0.1 ms]
      [Humongous Register: 0.0 ms]
      [Humongous Reclaim: 0.0 ms]
      [Free CSet: 0.3 ms]
   [Eden: 7152.0M(7152.0M)->0.0B(5712.0M) Survivors: 16384.0K->16384.0K Heap: 10746.8M(14336.0M)->3598.5M(14336.0M)]
 [Times: user=0.06 sys=0.00, real=0.01 secs] 
2022-07-29T03:15:09.662-0700: 626681.167: [GC pause (G1 Evacuation Pause) (mixed), 0.0120418 secs]
   [Parallel Time: 9.4 ms, GC Workers: 8]
      [GC Worker Start (ms): Min: 626681167.0, Avg: 626681167.1, Max: 626681167.2, Diff: 0.2]
      [Ext Root Scanning (ms): Min: 1.4, Avg: 2.3, Max: 6.9, Diff: 5.5, Sum: 18.8]
      [Update RS (ms): Min: 0.0, Avg: 2.0, Max: 2.7, Diff: 2.7, Sum: 16.2]
         [Processed Buffers: Min: 0, Avg: 5.6, Max: 10, Diff: 10, Sum: 45]
      [Scan RS (ms): Min: 0.0, Avg: 1.0, Max: 1.3, Diff: 1.3, Sum: 7.8]
      [Code Root Scanning (ms): Min: 0.0, Avg: 0.0, Max: 0.0, Diff: 0.0, Sum: 0.0]
      [Object Copy (ms): Min: 2.2, Avg: 3.8, Max: 4.1, Diff: 1.9, Sum: 30.0]
      [Termination (ms): Min: 0.0, Avg: 0.0, Max: 0.0, Diff: 0.0, Sum: 0.0]
         [Termination Attempts: Min: 1, Avg: 5.4, Max: 7, Diff: 6, Sum: 43]
      [GC Worker Other (ms): Min: 0.0, Avg: 0.1, Max: 0.1, Diff: 0.1, Sum: 0.4]
      [GC Worker Total (ms): Min: 9.1, Avg: 9.2, Max: 9.2, Diff: 0.1, Sum: 73.2]
      [GC Worker End (ms): Min: 626681176.2, Avg: 626681176.2, Max: 626681176.3, Diff: 0.1]
   [Code Root Fixup: 0.0 ms]
   [Code Root Purge: 0.0 ms]
   [Clear CT: 0.6 ms]
   [Other: 2.0 ms]
      [Choose CSet: 0.0 ms]
      [Ref Proc: 1.4 ms]
      [Ref Enq: 0.1 ms]
      [Redirty Cards: 0.1 ms]
      [Humongous Register: 0.1 ms]
      [Humongous Reclaim: 0.0 ms]
      [Free CSet: 0.2 ms]
   [Eden: 5712.0M(5712.0M)->0.0B(7152.0M) Survivors: 16384.0K->16384.0K Heap: 9310.5M(14336.0M)->3582.8M(14336.0M)]
 [Times: user=0.08 sys=0.00, real=0.01 secs] 
2022-07-29T03:17:10.711-0700: 626802.216: [GC pause (G1 Evacuation Pause) (young), 0.0118163 secs]
   [Parallel Time: 8.2 ms, GC Workers: 8]
      [GC Worker Start (ms): Min: 626802215.9, Avg: 626802216.0, Max: 626802216.0, Diff: 0.2]
      [Ext Root Scanning (ms): Min: 1.4, Avg: 2.2, Max: 6.1, Diff: 4.7, Sum: 17.9]
      [Update RS (ms): Min: 0.1, Avg: 3.6, Max: 4.5, Diff: 4.5, Sum: 28.4]
         [Processed Buffers: Min: 4, Avg: 9.1, Max: 13, Diff: 9, Sum: 73]
      [Scan RS (ms): Min: 0.0, Avg: 0.1, Max: 0.1, Diff: 0.1, Sum: 0.5]
      [Code Root Scanning (ms): Min: 0.0, Avg: 0.0, Max: 0.0, Diff: 0.0, Sum: 0.0]
      [Object Copy (ms): Min: 1.8, Avg: 2.1, Max: 2.4, Diff: 0.6, Sum: 16.6]
      [Termination (ms): Min: 0.0, Avg: 0.0, Max: 0.0, Diff: 0.0, Sum: 0.1]
         [Termination Attempts: Min: 3, Avg: 5.6, Max: 8, Diff: 5, Sum: 45]
      [GC Worker Other (ms): Min: 0.0, Avg: 0.0, Max: 0.0, Diff: 0.0, Sum: 0.2]
      [GC Worker Total (ms): Min: 7.9, Avg: 8.0, Max: 8.1, Diff: 0.2, Sum: 63.7]
      [GC Worker End (ms): Min: 626802223.9, Avg: 626802223.9, Max: 626802223.9, Diff: 0.0]
   [Code Root Fixup: 0.0 ms]
   [Code Root Purge: 0.0 ms]
   [Clear CT: 0.7 ms]
   [Other: 2.9 ms]
      [Choose CSet: 0.0 ms]
      [Ref Proc: 2.2 ms]
      [Ref Enq: 0.1 ms]
      [Redirty Cards: 0.1 ms]
      [Humongous Register: 0.1 ms]
      [Humongous Reclaim: 0.0 ms]
      [Free CSet: 0.3 ms]
   [Eden: 7152.0M(7152.0M)->0.0B(7152.0M) Survivors: 16384.0K->16384.0K Heap: 10734.8M(14336.0M)->3586.4M(14336.0M)]
 [Times: user=0.07 sys=0.00, real=0.02 secs] 
2022-07-29T03:19:12.216-0700: 626923.720: [GC pause (G1 Evacuation Pause) (young) (initial-mark), 0.0161160 secs]
   [Parallel Time: 11.7 ms, GC Workers: 8]
      [GC Worker Start (ms): Min: 626923722.1, Avg: 626923722.2, Max: 626923722.2, Diff: 0.1]
      [Ext Root Scanning (ms): Min: 4.9, Avg: 5.7, Max: 8.0, Diff: 3.1, Sum: 45.3]
      [Update RS (ms): Min: 0.0, Avg: 1.3, Max: 1.7, Diff: 1.6, Sum: 10.5]
         [Processed Buffers: Min: 0, Avg: 5.1, Max: 12, Diff: 12, Sum: 41]
      [Scan RS (ms): Min: 0.0, Avg: 0.1, Max: 0.4, Diff: 0.4, Sum: 0.8]
      [Code Root Scanning (ms): Min: 0.0, Avg: 0.0, Max: 0.0, Diff: 0.0, Sum: 0.0]
      [Object Copy (ms): Min: 1.4, Avg: 2.2, Max: 2.7, Diff: 1.3, Sum: 17.5]
      [Termination (ms): Min: 0.0, Avg: 0.7, Max: 0.8, Diff: 0.8, Sum: 5.4]
         [Termination Attempts: Min: 1, Avg: 2.5, Max: 6, Diff: 5, Sum: 20]
      [GC Worker Other (ms): Min: 0.0, Avg: 0.0, Max: 0.1, Diff: 0.1, Sum: 0.1]
      [GC Worker Total (ms): Min: 9.9, Avg: 10.0, Max: 10.0, Diff: 0.1, Sum: 79.7]
      [GC Worker End (ms): Min: 626923732.1, Avg: 626923732.1, Max: 626923732.1, Diff: 0.0]
   [Code Root Fixup: 0.0 ms]
   [Code Root Purge: 0.0 ms]
   [Clear CT: 0.8 ms]
   [Other: 3.6 ms]
      [Choose CSet: 0.0 ms]
      [Ref Proc: 3.0 ms]
      [Ref Enq: 0.1 ms]
      [Redirty Cards: 0.1 ms]
      [Humongous Register: 0.0 ms]
      [Humongous Reclaim: 0.0 ms]
      [Free CSet: 0.3 ms]
   [Eden: 7152.0M(7152.0M)->0.0B(7152.0M) Survivors: 16384.0K->16384.0K Heap: 10738.4M(14336.0M)->3588.3M(14336.0M)]
 [Times: user=0.08 sys=0.00, real=0.01 secs] 
2022-07-29T03:19:12.232-0700: 626923.737: [GC concurrent-root-region-scan-start]
2022-07-29T03:19:12.241-0700: 626923.746: [GC concurrent-root-region-scan-end, 0.0093724 secs]
2022-07-29T03:19:12.241-0700: 626923.746: [GC concurrent-mark-start]
2022-07-29T03:19:14.871-0700: 626926.376: [GC concurrent-mark-end, 2.6297364 secs]
2022-07-29T03:19:14.871-0700: 626926.376: [GC remark 2022-07-29T03:19:14.871-0700: 626926.376: [Finalize Marking, 0.0002335 secs] 2022-07-29T03:19:14.872-0700: 626926.376: [GC ref-proc, 0.0074840 secs] 2022-07-29T03:19:14.879-0700: 626926.384: [Unloading, 0.0272539 secs], 0.0408397 secs]
 [Times: user=0.25 sys=0.00, real=0.04 secs] 
2022-07-29T03:19:14.912-0700: 626926.417: [GC cleanup 3777M->3777M(14336M), 0.0084939 secs]
 [Times: user=0.06 sys=0.00, real=0.01 secs] 
2022-07-29T03:21:13.173-0700: 627044.678: [GC pause (G1 Evacuation Pause) (young), 0.0096264 secs]
   [Parallel Time: 6.8 ms, GC Workers: 8]
      [GC Worker Start (ms): Min: 627044677.9, Avg: 627044678.0, Max: 627044678.0, Diff: 0.1]
      [Ext Root Scanning (ms): Min: 1.3, Avg: 2.0, Max: 5.4, Diff: 4.1, Sum: 15.7]
      [Update RS (ms): Min: 0.0, Avg: 1.7, Max: 4.5, Diff: 4.5, Sum: 13.9]
         [Processed Buffers: Min: 0, Avg: 5.8, Max: 14, Diff: 14, Sum: 46]
      [Scan RS (ms): Min: 0.0, Avg: 0.1, Max: 0.1, Diff: 0.1, Sum: 0.4]
      [Code Root Scanning (ms): Min: 0.0, Avg: 0.0, Max: 0.0, Diff: 0.0, Sum: 0.0]
      [Object Copy (ms): Min: 0.2, Avg: 1.9, Max: 2.5, Diff: 2.3, Sum: 15.3]
      [Termination (ms): Min: 0.0, Avg: 0.9, Max: 1.1, Diff: 1.1, Sum: 7.3]
         [Termination Attempts: Min: 1, Avg: 40.8, Max: 67, Diff: 66, Sum: 326]
      [GC Worker Other (ms): Min: 0.0, Avg: 0.0, Max: 0.0, Diff: 0.0, Sum: 0.2]
      [GC Worker Total (ms): Min: 6.5, Avg: 6.6, Max: 6.7, Diff: 0.1, Sum: 52.8]
      [GC Worker End (ms): Min: 627044684.6, Avg: 627044684.6, Max: 627044684.6, Diff: 0.0]
   [Code Root Fixup: 0.0 ms]
   [Code Root Purge: 0.0 ms]
   [Clear CT: 0.6 ms]
   [Other: 2.2 ms]
      [Choose CSet: 0.0 ms]
      [Ref Proc: 1.5 ms]
      [Ref Enq: 0.1 ms]
      [Redirty Cards: 0.1 ms]
      [Humongous Register: 0.1 ms]
      [Humongous Reclaim: 0.0 ms]
      [Free CSet: 0.3 ms]
   [Eden: 7152.0M(7152.0M)->0.0B(5712.0M) Survivors: 16384.0K->16384.0K Heap: 10740.3M(14336.0M)->3587.1M(14336.0M)]
 [Times: user=0.06 sys=0.00, real=0.02 secs] 
2022-07-29T03:22:50.369-0700: 627141.874: [GC pause (G1 Evacuation Pause) (mixed), 0.0120060 secs]
   [Parallel Time: 8.5 ms, GC Workers: 8]
      [GC Worker Start (ms): Min: 627141873.7, Avg: 627141873.7, Max: 627141873.8, Diff: 0.1]
      [Ext Root Scanning (ms): Min: 1.2, Avg: 2.1, Max: 6.4, Diff: 5.2, Sum: 16.5]
      [Update RS (ms): Min: 0.0, Avg: 1.4, Max: 2.0, Diff: 2.0, Sum: 11.5]
         [Processed Buffers: Min: 0, Avg: 5.4, Max: 10, Diff: 10, Sum: 43]
      [Scan RS (ms): Min: 0.0, Avg: 1.1, Max: 1.4, Diff: 1.3, Sum: 8.7]
      [Code Root Scanning (ms): Min: 0.0, Avg: 0.0, Max: 0.0, Diff: 0.0, Sum: 0.0]
      [Object Copy (ms): Min: 1.8, Avg: 3.6, Max: 4.0, Diff: 2.1, Sum: 28.7]
      [Termination (ms): Min: 0.0, Avg: 0.0, Max: 0.0, Diff: 0.0, Sum: 0.0]
         [Termination Attempts: Min: 1, Avg: 1.6, Max: 3, Diff: 2, Sum: 13]
      [GC Worker Other (ms): Min: 0.0, Avg: 0.1, Max: 0.1, Diff: 0.1, Sum: 0.5]
      [GC Worker Total (ms): Min: 8.1, Avg: 8.2, Max: 8.4, Diff: 0.2, Sum: 65.9]
      [GC Worker End (ms): Min: 627141881.9, Avg: 627141881.9, Max: 627141882.0, Diff: 0.1]
   [Code Root Fixup: 0.0 ms]
   [Code Root Purge: 0.0 ms]
   [Clear CT: 0.7 ms]
   [Other: 2.8 ms]
      [Choose CSet: 0.0 ms]
      [Ref Proc: 2.1 ms]
      [Ref Enq: 0.1 ms]
      [Redirty Cards: 0.1 ms]
      [Humongous Register: 0.1 ms]
      [Humongous Reclaim: 0.0 ms]
      [Free CSet: 0.2 ms]
   [Eden: 5712.0M(5712.0M)->0.0B(7152.0M) Survivors: 16384.0K->16384.0K Heap: 9299.1M(14336.0M)->3578.2M(14336.0M)]
 [Times: user=0.08 sys=0.00, real=0.01 secs] 
2022-07-29T03:24:50.918-0700: 627262.423: [GC pause (G1 Evacuation Pause) (young), 0.0110129 secs]
   [Parallel Time: 7.9 ms, GC Workers: 8]
      [GC Worker Start (ms): Min: 627262422.8, Avg: 627262422.8, Max: 627262422.9, Diff: 0.1]
      [Ext Root Scanning (ms): Min: 1.2, Avg: 2.0, Max: 5.9, Diff: 4.7, Sum: 16.1]
      [Update RS (ms): Min: 0.1, Avg: 3.4, Max: 4.5, Diff: 4.4, Sum: 26.9]
         [Processed Buffers: Min: 5, Avg: 11.6, Max: 15, Diff: 10, Sum: 93]
      [Scan RS (ms): Min: 0.0, Avg: 0.1, Max: 0.1, Diff: 0.1, Sum: 0.4]
      [Code Root Scanning (ms): Min: 0.0, Avg: 0.0, Max: 0.0, Diff: 0.0, Sum: 0.0]
      [Object Copy (ms): Min: 1.7, Avg: 2.2, Max: 4.0, Diff: 2.3, Sum: 17.6]
      [Termination (ms): Min: 0.0, Avg: 0.0, Max: 0.0, Diff: 0.0, Sum: 0.0]
         [Termination Attempts: Min: 4, Avg: 8.1, Max: 12, Diff: 8, Sum: 65]
      [GC Worker Other (ms): Min: 0.0, Avg: 0.1, Max: 0.1, Diff: 0.1, Sum: 0.4]
      [GC Worker Total (ms): Min: 7.6, Avg: 7.7, Max: 7.7, Diff: 0.1, Sum: 61.5]
      [GC Worker End (ms): Min: 627262430.5, Avg: 627262430.5, Max: 627262430.5, Diff: 0.1]
   [Code Root Fixup: 0.0 ms]
   [Code Root Purge: 0.0 ms]
   [Clear CT: 0.7 ms]
   [Other: 2.3 ms]
      [Choose CSet: 0.0 ms]
      [Ref Proc: 1.7 ms]
      [Ref Enq: 0.1 ms]
      [Redirty Cards: 0.1 ms]
      [Humongous Register: 0.1 ms]
      [Humongous Reclaim: 0.0 ms]
      [Free CSet: 0.3 ms]
   [Eden: 7152.0M(7152.0M)->0.0B(7152.0M) Survivors: 16384.0K->16384.0K Heap: 10730.2M(14336.0M)->3586.6M(14336.0M)]
 [Times: user=0.07 sys=0.00, real=0.01 secs] 
2022-07-29T03:26:51.575-0700: 627383.079: [GC pause (G1 Evacuation Pause) (young) (initial-mark), 0.0162360 secs]
   [Parallel Time: 11.0 ms, GC Workers: 8]
      [GC Worker Start (ms): Min: 627383080.9, Avg: 627383081.0, Max: 627383081.1, Diff: 0.2]
      [Ext Root Scanning (ms): Min: 5.1, Avg: 5.5, Max: 5.9, Diff: 0.8, Sum: 43.7]
      [Update RS (ms): Min: 1.3, Avg: 1.4, Max: 1.6, Diff: 0.3, Sum: 11.1]
         [Processed Buffers: Min: 3, Avg: 5.5, Max: 9, Diff: 6, Sum: 44]
      [Scan RS (ms): Min: 0.0, Avg: 0.0, Max: 0.1, Diff: 0.1, Sum: 0.4]
      [Code Root Scanning (ms): Min: 0.0, Avg: 0.0, Max: 0.0, Diff: 0.0, Sum: 0.0]
      [Object Copy (ms): Min: 1.8, Avg: 2.2, Max: 2.6, Diff: 0.8, Sum: 17.7]
      [Termination (ms): Min: 0.0, Avg: 0.0, Max: 0.0, Diff: 0.0, Sum: 0.0]
         [Termination Attempts: Min: 1, Avg: 1.0, Max: 1, Diff: 0, Sum: 8]
      [GC Worker Other (ms): Min: 0.0, Avg: 0.0, Max: 0.1, Diff: 0.1, Sum: 0.4]
      [GC Worker Total (ms): Min: 9.1, Avg: 9.2, Max: 9.3, Diff: 0.2, Sum: 73.3]
      [GC Worker End (ms): Min: 627383090.1, Avg: 627383090.2, Max: 627383090.2, Diff: 0.1]
   [Code Root Fixup: 0.0 ms]
   [Code Root Purge: 0.0 ms]
   [Clear CT: 0.8 ms]
   [Other: 4.4 ms]
      [Choose CSet: 0.0 ms]
      [Ref Proc: 3.7 ms]
      [Ref Enq: 0.1 ms]
      [Redirty Cards: 0.1 ms]
      [Humongous Register: 0.0 ms]
      [Humongous Reclaim: 0.0 ms]
      [Free CSet: 0.3 ms]
   [Eden: 7152.0M(7152.0M)->0.0B(7152.0M) Survivors: 16384.0K->16384.0K Heap: 10738.6M(14336.0M)->3584.4M(14336.0M)]
 [Times: user=0.08 sys=0.00, real=0.02 secs] 
2022-07-29T03:26:51.591-0700: 627383.096: [GC concurrent-root-region-scan-start]
2022-07-29T03:26:51.601-0700: 627383.105: [GC concurrent-root-region-scan-end, 0.0098439 secs]
2022-07-29T03:26:51.601-0700: 627383.105: [GC concurrent-mark-start]
2022-07-29T03:26:54.280-0700: 627385.785: [GC concurrent-mark-end, 2.6792947 secs]
2022-07-29T03:26:54.280-0700: 627385.785: [GC remark 2022-07-29T03:26:54.280-0700: 627385.785: [Finalize Marking, 0.0001888 secs] 2022-07-29T03:26:54.281-0700: 627385.785: [GC ref-proc, 0.0086729 secs] 2022-07-29T03:26:54.289-0700: 627385.794: [Unloading, 0.0275102 secs], 0.0421911 secs]
 [Times: user=0.26 sys=0.00, real=0.04 secs] 
2022-07-29T03:26:54.323-0700: 627385.828: [GC cleanup 3784M->3784M(14336M), 0.0083562 secs]
 [Times: user=0.06 sys=0.00, real=0.00 secs] 
2022-07-29T03:28:49.465-0700: 627500.970: [GC pause (G1 Evacuation Pause) (young), 0.0096332 secs]
   [Parallel Time: 6.8 ms, GC Workers: 8]
      [GC Worker Start (ms): Min: 627500970.0, Avg: 627500970.1, Max: 627500970.2, Diff: 0.2]
      [Ext Root Scanning (ms): Min: 1.4, Avg: 2.3, Max: 6.0, Diff: 4.6, Sum: 18.1]
      [Update RS (ms): Min: 0.0, Avg: 2.0, Max: 2.6, Diff: 2.6, Sum: 16.1]
         [Processed Buffers: Min: 0, Avg: 5.9, Max: 9, Diff: 9, Sum: 47]
      [Scan RS (ms): Min: 0.0, Avg: 0.1, Max: 0.1, Diff: 0.1, Sum: 0.5]
      [Code Root Scanning (ms): Min: 0.0, Avg: 0.0, Max: 0.0, Diff: 0.0, Sum: 0.0]
      [Object Copy (ms): Min: 0.6, Avg: 2.2, Max: 2.7, Diff: 2.1, Sum: 17.7]
      [Termination (ms): Min: 0.0, Avg: 0.0, Max: 0.0, Diff: 0.0, Sum: 0.0]
         [Termination Attempts: Min: 1, Avg: 1.8, Max: 3, Diff: 2, Sum: 14]
      [GC Worker Other (ms): Min: 0.0, Avg: 0.1, Max: 0.1, Diff: 0.1, Sum: 0.4]
      [GC Worker Total (ms): Min: 6.5, Avg: 6.6, Max: 6.7, Diff: 0.2, Sum: 52.8]
      [GC Worker End (ms): Min: 627500976.7, Avg: 627500976.7, Max: 627500976.7, Diff: 0.1]
   [Code Root Fixup: 0.0 ms]
   [Code Root Purge: 0.0 ms]
   [Clear CT: 0.7 ms]
   [Other: 2.1 ms]
      [Choose CSet: 0.0 ms]
      [Ref Proc: 1.4 ms]
      [Ref Enq: 0.1 ms]
      [Redirty Cards: 0.1 ms]
      [Humongous Register: 0.1 ms]
      [Humongous Reclaim: 0.0 ms]
      [Free CSet: 0.3 ms]
   [Eden: 7152.0M(7152.0M)->0.0B(5712.0M) Survivors: 16384.0K->16384.0K Heap: 10736.4M(14336.0M)->3588.6M(14336.0M)]
 [Times: user=0.06 sys=0.00, real=0.01 secs] 
2022-07-29T03:30:26.022-0700: 627597.527: [GC pause (G1 Evacuation Pause) (mixed), 0.0127669 secs]
   [Parallel Time: 9.8 ms, GC Workers: 8]
      [GC Worker Start (ms): Min: 627597527.3, Avg: 627597527.3, Max: 627597527.4, Diff: 0.1]
      [Ext Root Scanning (ms): Min: 1.2, Avg: 2.0, Max: 6.3, Diff: 5.1, Sum: 16.4]
      [Update RS (ms): Min: 0.0, Avg: 1.5, Max: 2.0, Diff: 2.0, Sum: 11.7]
         [Processed Buffers: Min: 0, Avg: 5.5, Max: 10, Diff: 10, Sum: 44]
      [Scan RS (ms): Min: 0.0, Avg: 0.9, Max: 1.2, Diff: 1.2, Sum: 7.4]
      [Code Root Scanning (ms): Min: 0.0, Avg: 0.0, Max: 0.0, Diff: 0.0, Sum: 0.0]
      [Object Copy (ms): Min: 3.3, Avg: 5.1, Max: 5.4, Diff: 2.1, Sum: 40.8]
      [Termination (ms): Min: 0.0, Avg: 0.0, Max: 0.0, Diff: 0.0, Sum: 0.0]
         [Termination Attempts: Min: 1, Avg: 1.1, Max: 2, Diff: 1, Sum: 9]
      [GC Worker Other (ms): Min: 0.0, Avg: 0.1, Max: 0.1, Diff: 0.1, Sum: 0.4]
      [GC Worker Total (ms): Min: 9.5, Avg: 9.6, Max: 9.7, Diff: 0.1, Sum: 76.8]
      [GC Worker End (ms): Min: 627597536.9, Avg: 627597536.9, Max: 627597537.0, Diff: 0.1]
   [Code Root Fixup: 0.0 ms]
   [Code Root Purge: 0.0 ms]
   [Clear CT: 0.8 ms]
   [Other: 2.2 ms]
      [Choose CSet: 0.0 ms]
      [Ref Proc: 1.5 ms]
      [Ref Enq: 0.1 ms]
      [Redirty Cards: 0.1 ms]
      [Humongous Register: 0.1 ms]
      [Humongous Reclaim: 0.0 ms]
      [Free CSet: 0.2 ms]
   [Eden: 5712.0M(5712.0M)->0.0B(7152.0M) Survivors: 16384.0K->16384.0K Heap: 9300.6M(14336.0M)->3580.6M(14336.0M)]
 [Times: user=0.09 sys=0.00, real=0.02 secs] 
2022-07-29T03:32:27.823-0700: 627719.328: [GC pause (G1 Evacuation Pause) (young), 0.0115984 secs]
   [Parallel Time: 8.7 ms, GC Workers: 8]
      [GC Worker Start (ms): Min: 627719327.8, Avg: 627719327.8, Max: 627719327.9, Diff: 0.1]
      [Ext Root Scanning (ms): Min: 1.3, Avg: 2.1, Max: 5.5, Diff: 4.1, Sum: 17.1]
      [Update RS (ms): Min: 1.5, Avg: 4.4, Max: 5.2, Diff: 3.7, Sum: 35.4]
         [Processed Buffers: Min: 11, Avg: 13.6, Max: 17, Diff: 6, Sum: 109]
      [Scan RS (ms): Min: 0.0, Avg: 0.0, Max: 0.1, Diff: 0.1, Sum: 0.4]
      [Code Root Scanning (ms): Min: 0.0, Avg: 0.0, Max: 0.0, Diff: 0.0, Sum: 0.0]
      [Object Copy (ms): Min: 1.5, Avg: 1.9, Max: 2.1, Diff: 0.5, Sum: 14.8]
      [Termination (ms): Min: 0.0, Avg: 0.0, Max: 0.0, Diff: 0.0, Sum: 0.1]
         [Termination Attempts: Min: 17, Avg: 21.0, Max: 27, Diff: 10, Sum: 168]
      [GC Worker Other (ms): Min: 0.0, Avg: 0.0, Max: 0.1, Diff: 0.1, Sum: 0.4]
      [GC Worker Total (ms): Min: 8.4, Avg: 8.5, Max: 8.6, Diff: 0.2, Sum: 68.1]
      [GC Worker End (ms): Min: 627719336.3, Avg: 627719336.3, Max: 627719336.4, Diff: 0.1]
   [Code Root Fixup: 0.0 ms]
   [Code Root Purge: 0.0 ms]
   [Clear CT: 0.8 ms]
   [Other: 2.2 ms]
      [Choose CSet: 0.0 ms]
      [Ref Proc: 1.5 ms]
      [Ref Enq: 0.1 ms]
      [Redirty Cards: 0.1 ms]
      [Humongous Register: 0.1 ms]
      [Humongous Reclaim: 0.0 ms]
      [Free CSet: 0.3 ms]
   [Eden: 7152.0M(7152.0M)->0.0B(7152.0M) Survivors: 16384.0K->16384.0K Heap: 10732.6M(14336.0M)->3589.5M(14336.0M)]
 [Times: user=0.08 sys=0.00, real=0.00 secs] 
2022-07-29T03:34:26.264-0700: 627837.769: [GC pause (G1 Evacuation Pause) (young) (initial-mark), 0.0166675 secs]
   [Parallel Time: 12.1 ms, GC Workers: 8]
      [GC Worker Start (ms): Min: 627837771.5, Avg: 627837771.6, Max: 627837771.6, Diff: 0.2]
      [Ext Root Scanning (ms): Min: 5.4, Avg: 5.8, Max: 6.4, Diff: 0.9, Sum: 46.5]
      [Update RS (ms): Min: 1.3, Avg: 1.6, Max: 1.7, Diff: 0.4, Sum: 12.8]
         [Processed Buffers: Min: 3, Avg: 5.5, Max: 9, Diff: 6, Sum: 44]
      [Scan RS (ms): Min: 0.0, Avg: 0.1, Max: 0.2, Diff: 0.1, Sum: 0.5]
      [Code Root Scanning (ms): Min: 0.0, Avg: 0.0, Max: 0.0, Diff: 0.0, Sum: 0.0]
      [Object Copy (ms): Min: 1.7, Avg: 2.2, Max: 2.6, Diff: 0.9, Sum: 17.9]
      [Termination (ms): Min: 0.0, Avg: 0.0, Max: 0.0, Diff: 0.0, Sum: 0.0]
         [Termination Attempts: Min: 1, Avg: 3.0, Max: 5, Diff: 4, Sum: 24]
      [GC Worker Other (ms): Min: 0.0, Avg: 0.0, Max: 0.1, Diff: 0.1, Sum: 0.4]
      [GC Worker Total (ms): Min: 9.7, Avg: 9.8, Max: 9.9, Diff: 0.2, Sum: 78.1]
      [GC Worker End (ms): Min: 627837781.3, Avg: 627837781.3, Max: 627837781.4, Diff: 0.1]
   [Code Root Fixup: 0.0 ms]
   [Code Root Purge: 0.0 ms]
   [Clear CT: 0.8 ms]
   [Other: 3.7 ms]
      [Choose CSet: 0.0 ms]
      [Ref Proc: 3.0 ms]
      [Ref Enq: 0.1 ms]
      [Redirty Cards: 0.1 ms]
      [Humongous Register: 0.0 ms]
      [Humongous Reclaim: 0.0 ms]
      [Free CSet: 0.3 ms]
   [Eden: 7152.0M(7152.0M)->0.0B(7152.0M) Survivors: 16384.0K->16384.0K Heap: 10741.5M(14336.0M)->3593.6M(14336.0M)]
 [Times: user=0.07 sys=0.02, real=0.01 secs] 
2022-07-29T03:34:26.281-0700: 627837.786: [GC concurrent-root-region-scan-start]
2022-07-29T03:34:26.291-0700: 627837.795: [GC concurrent-root-region-scan-end, 0.0093884 secs]
2022-07-29T03:34:26.291-0700: 627837.795: [GC concurrent-mark-start]
2022-07-29T03:34:28.943-0700: 627840.448: [GC concurrent-mark-end, 2.6526236 secs]
2022-07-29T03:34:28.944-0700: 627840.448: [GC remark 2022-07-29T03:34:28.944-0700: 627840.448: [Finalize Marking, 0.0003364 secs] 2022-07-29T03:34:28.944-0700: 627840.449: [GC ref-proc, 0.0098867 secs] 2022-07-29T03:34:28.954-0700: 627840.459: [Unloading, 0.0274546 secs], 0.0433926 secs]
 [Times: user=0.26 sys=0.00, real=0.04 secs] 
2022-07-29T03:34:28.987-0700: 627840.492: [GC cleanup 3761M->3761M(14336M), 0.0088084 secs]
 [Times: user=0.06 sys=0.00, real=0.01 secs] 
2022-07-29T03:36:25.967-0700: 627957.471: [GC pause (G1 Evacuation Pause) (young), 0.0112210 secs]
   [Parallel Time: 6.3 ms, GC Workers: 8]
      [GC Worker Start (ms): Min: 627957471.7, Avg: 627957471.7, Max: 627957471.8, Diff: 0.2]
      [Ext Root Scanning (ms): Min: 1.4, Avg: 2.2, Max: 5.8, Diff: 4.4, Sum: 17.4]
      [Update RS (ms): Min: 0.0, Avg: 1.8, Max: 2.4, Diff: 2.4, Sum: 14.2]
         [Processed Buffers: Min: 0, Avg: 5.8, Max: 9, Diff: 9, Sum: 46]
      [Scan RS (ms): Min: 0.0, Avg: 0.1, Max: 0.1, Diff: 0.1, Sum: 0.4]
      [Code Root Scanning (ms): Min: 0.0, Avg: 0.0, Max: 0.0, Diff: 0.0, Sum: 0.0]
      [Object Copy (ms): Min: 0.4, Avg: 2.1, Max: 2.5, Diff: 2.2, Sum: 16.7]
      [Termination (ms): Min: 0.0, Avg: 0.0, Max: 0.0, Diff: 0.0, Sum: 0.0]
         [Termination Attempts: Min: 5, Avg: 12.1, Max: 16, Diff: 11, Sum: 97]
      [GC Worker Other (ms): Min: 0.0, Avg: 0.0, Max: 0.1, Diff: 0.1, Sum: 0.3]
      [GC Worker Total (ms): Min: 6.1, Avg: 6.1, Max: 6.2, Diff: 0.1, Sum: 49.2]
      [GC Worker End (ms): Min: 627957477.9, Avg: 627957477.9, Max: 627957477.9, Diff: 0.1]
   [Code Root Fixup: 0.0 ms]
   [Code Root Purge: 0.0 ms]
   [Clear CT: 0.7 ms]
   [Other: 4.1 ms]
      [Choose CSet: 0.0 ms]
      [Ref Proc: 3.5 ms]
      [Ref Enq: 0.1 ms]
      [Redirty Cards: 0.1 ms]
      [Humongous Register: 0.1 ms]
      [Humongous Reclaim: 0.0 ms]
      [Free CSet: 0.3 ms]
   [Eden: 7152.0M(7152.0M)->0.0B(5712.0M) Survivors: 16384.0K->16384.0K Heap: 10745.6M(14336.0M)->3591.6M(14336.0M)]
 [Times: user=0.06 sys=0.01, real=0.01 secs] 
2022-07-29T03:38:01.820-0700: 628053.325: [GC pause (G1 Evacuation Pause) (mixed), 0.0147076 secs]
   [Parallel Time: 9.6 ms, GC Workers: 8]
      [GC Worker Start (ms): Min: 628053325.1, Avg: 628053325.2, Max: 628053325.2, Diff: 0.2]
      [Ext Root Scanning (ms): Min: 1.4, Avg: 2.2, Max: 6.5, Diff: 5.1, Sum: 17.9]
      [Update RS (ms): Min: 0.0, Avg: 1.4, Max: 1.8, Diff: 1.8, Sum: 11.5]
         [Processed Buffers: Min: 0, Avg: 5.6, Max: 9, Diff: 9, Sum: 45]
      [Scan RS (ms): Min: 0.0, Avg: 1.2, Max: 1.4, Diff: 1.4, Sum: 9.3]
      [Code Root Scanning (ms): Min: 0.0, Avg: 0.0, Max: 0.0, Diff: 0.0, Sum: 0.0]
      [Object Copy (ms): Min: 2.8, Avg: 4.4, Max: 4.7, Diff: 1.9, Sum: 35.3]
      [Termination (ms): Min: 0.0, Avg: 0.0, Max: 0.0, Diff: 0.0, Sum: 0.0]
         [Termination Attempts: Min: 1, Avg: 4.8, Max: 7, Diff: 6, Sum: 38]
      [GC Worker Other (ms): Min: 0.0, Avg: 0.0, Max: 0.1, Diff: 0.1, Sum: 0.4]
      [GC Worker Total (ms): Min: 9.2, Avg: 9.3, Max: 9.4, Diff: 0.2, Sum: 74.4]
      [GC Worker End (ms): Min: 628053334.4, Avg: 628053334.5, Max: 628053334.5, Diff: 0.1]
   [Code Root Fixup: 0.0 ms]
   [Code Root Purge: 0.0 ms]
   [Clear CT: 0.8 ms]
   [Other: 4.3 ms]
      [Choose CSet: 0.0 ms]
      [Ref Proc: 3.5 ms]
      [Ref Enq: 0.1 ms]
      [Redirty Cards: 0.1 ms]
      [Humongous Register: 0.1 ms]
      [Humongous Reclaim: 0.0 ms]
      [Free CSet: 0.3 ms]
   [Eden: 5712.0M(5712.0M)->0.0B(7152.0M) Survivors: 16384.0K->16384.0K Heap: 9303.6M(14336.0M)->3588.4M(14336.0M)]
 [Times: user=0.09 sys=0.01, real=0.02 secs] 
2022-07-29T03:40:04.369-0700: 628175.873: [GC pause (G1 Evacuation Pause) (young), 0.0126245 secs]
   [Parallel Time: 8.1 ms, GC Workers: 8]
      [GC Worker Start (ms): Min: 628175873.6, Avg: 628175873.6, Max: 628175873.7, Diff: 0.1]
      [Ext Root Scanning (ms): Min: 1.4, Avg: 2.1, Max: 5.6, Diff: 4.2, Sum: 17.1]
      [Update RS (ms): Min: 0.8, Avg: 3.7, Max: 4.4, Diff: 3.6, Sum: 29.7]
         [Processed Buffers: Min: 4, Avg: 13.2, Max: 17, Diff: 13, Sum: 106]
      [Scan RS (ms): Min: 0.0, Avg: 0.0, Max: 0.1, Diff: 0.1, Sum: 0.4]
      [Code Root Scanning (ms): Min: 0.0, Avg: 0.0, Max: 0.0, Diff: 0.0, Sum: 0.0]
      [Object Copy (ms): Min: 1.4, Avg: 1.8, Max: 2.0, Diff: 0.6, Sum: 14.6]
      [Termination (ms): Min: 0.0, Avg: 0.0, Max: 0.0, Diff: 0.0, Sum: 0.2]
         [Termination Attempts: Min: 1, Avg: 2.8, Max: 5, Diff: 4, Sum: 22]
      [GC Worker Other (ms): Min: 0.0, Avg: 0.0, Max: 0.1, Diff: 0.0, Sum: 0.3]
      [GC Worker Total (ms): Min: 7.7, Avg: 7.8, Max: 7.9, Diff: 0.2, Sum: 62.3]
      [GC Worker End (ms): Min: 628175881.4, Avg: 628175881.4, Max: 628175881.5, Diff: 0.1]
   [Code Root Fixup: 0.0 ms]
   [Code Root Purge: 0.0 ms]
   [Clear CT: 0.8 ms]
   [Other: 3.7 ms]
      [Choose CSet: 0.0 ms]
      [Ref Proc: 2.9 ms]
      [Ref Enq: 0.1 ms]
      [Redirty Cards: 0.1 ms]
      [Humongous Register: 0.1 ms]
      [Humongous Reclaim: 0.0 ms]
      [Free CSet: 0.3 ms]
   [Eden: 7152.0M(7152.0M)->0.0B(7152.0M) Survivors: 16384.0K->16384.0K Heap: 10740.4M(14336.0M)->3590.5M(14336.0M)]
 [Times: user=0.07 sys=0.00, real=0.01 secs] 
2022-07-29T03:42:07.620-0700: 628299.124: [GC pause (G1 Evacuation Pause) (young) (initial-mark), 0.0168554 secs]
   [Parallel Time: 11.6 ms, GC Workers: 8]
      [GC Worker Start (ms): Min: 628299126.5, Avg: 628299126.6, Max: 628299126.7, Diff: 0.2]
      [Ext Root Scanning (ms): Min: 5.2, Avg: 5.6, Max: 6.1, Diff: 0.9, Sum: 45.2]
      [Update RS (ms): Min: 1.4, Avg: 1.6, Max: 1.8, Diff: 0.4, Sum: 12.6]
         [Processed Buffers: Min: 3, Avg: 5.6, Max: 10, Diff: 7, Sum: 45]
      [Scan RS (ms): Min: 0.0, Avg: 0.1, Max: 0.1, Diff: 0.1, Sum: 0.5]
      [Code Root Scanning (ms): Min: 0.0, Avg: 0.0, Max: 0.0, Diff: 0.0, Sum: 0.0]
      [Object Copy (ms): Min: 1.4, Avg: 2.0, Max: 2.4, Diff: 1.0, Sum: 16.3]
      [Termination (ms): Min: 0.0, Avg: 0.1, Max: 0.1, Diff: 0.1, Sum: 0.4]
         [Termination Attempts: Min: 30, Avg: 33.4, Max: 39, Diff: 9, Sum: 267]
      [GC Worker Other (ms): Min: 0.0, Avg: 0.1, Max: 0.1, Diff: 0.1, Sum: 0.4]
      [GC Worker Total (ms): Min: 9.3, Avg: 9.4, Max: 9.5, Diff: 0.2, Sum: 75.3]
      [GC Worker End (ms): Min: 628299136.0, Avg: 628299136.0, Max: 628299136.1, Diff: 0.1]
   [Code Root Fixup: 0.0 ms]
   [Code Root Purge: 0.0 ms]
   [Clear CT: 0.8 ms]
   [Other: 4.4 ms]
      [Choose CSet: 0.0 ms]
      [Ref Proc: 3.7 ms]
      [Ref Enq: 0.1 ms]
      [Redirty Cards: 0.1 ms]
      [Humongous Register: 0.0 ms]
      [Humongous Reclaim: 0.0 ms]
      [Free CSet: 0.3 ms]
   [Eden: 7152.0M(7152.0M)->0.0B(7152.0M) Survivors: 16384.0K->16384.0K Heap: 10742.5M(14336.0M)->3592.1M(14336.0M)]
 [Times: user=0.09 sys=0.00, real=0.02 secs] 
2022-07-29T03:42:07.637-0700: 628299.141: [GC concurrent-root-region-scan-start]
2022-07-29T03:42:07.645-0700: 628299.150: [GC concurrent-root-region-scan-end, 0.0086998 secs]
2022-07-29T03:42:07.645-0700: 628299.150: [GC concurrent-mark-start]
2022-07-29T03:42:10.323-0700: 628301.828: [GC concurrent-mark-end, 2.6780219 secs]
2022-07-29T03:42:10.324-0700: 628301.828: [GC remark 2022-07-29T03:42:10.324-0700: 628301.828: [Finalize Marking, 0.0001281 secs] 2022-07-29T03:42:10.324-0700: 628301.828: [GC ref-proc, 0.0067734 secs] 2022-07-29T03:42:10.331-0700: 628301.835: [Unloading, 0.0277729 secs], 0.0404607 secs]
 [Times: user=0.25 sys=0.00, real=0.04 secs] 
2022-07-29T03:42:10.364-0700: 628301.869: [GC cleanup 3752M->3752M(14336M), 0.0090459 secs]
 [Times: user=0.06 sys=0.00, real=0.00 secs] 
2022-07-29T03:44:07.125-0700: 628418.630: [GC pause (G1 Evacuation Pause) (young), 0.0090740 secs]
   [Parallel Time: 5.7 ms, GC Workers: 8]
      [GC Worker Start (ms): Min: 628418629.7, Avg: 628418629.8, Max: 628418629.8, Diff: 0.1]
      [Ext Root Scanning (ms): Min: 1.3, Avg: 2.1, Max: 5.5, Diff: 4.2, Sum: 16.6]
      [Update RS (ms): Min: 0.0, Avg: 1.2, Max: 1.7, Diff: 1.7, Sum: 9.9]
         [Processed Buffers: Min: 0, Avg: 5.5, Max: 9, Diff: 9, Sum: 44]
      [Scan RS (ms): Min: 0.0, Avg: 0.1, Max: 0.1, Diff: 0.1, Sum: 0.4]
      [Code Root Scanning (ms): Min: 0.0, Avg: 0.0, Max: 0.0, Diff: 0.0, Sum: 0.0]
      [Object Copy (ms): Min: 0.0, Avg: 2.0, Max: 2.5, Diff: 2.5, Sum: 16.2]
      [Termination (ms): Min: 0.0, Avg: 0.1, Max: 0.1, Diff: 0.1, Sum: 0.8]
         [Termination Attempts: Min: 1, Avg: 2.8, Max: 6, Diff: 5, Sum: 22]
      [GC Worker Other (ms): Min: 0.0, Avg: 0.0, Max: 0.0, Diff: 0.0, Sum: 0.2]
      [GC Worker Total (ms): Min: 5.4, Avg: 5.5, Max: 5.6, Diff: 0.1, Sum: 44.1]
      [GC Worker End (ms): Min: 628418635.3, Avg: 628418635.3, Max: 628418635.3, Diff: 0.0]
   [Code Root Fixup: 0.0 ms]
   [Code Root Purge: 0.0 ms]
   [Clear CT: 0.8 ms]
   [Other: 2.6 ms]
      [Choose CSet: 0.0 ms]
      [Ref Proc: 2.0 ms]
      [Ref Enq: 0.1 ms]
      [Redirty Cards: 0.1 ms]
      [Humongous Register: 0.1 ms]
      [Humongous Reclaim: 0.0 ms]
      [Free CSet: 0.3 ms]
   [Eden: 7152.0M(7152.0M)->0.0B(5712.0M) Survivors: 16384.0K->16384.0K Heap: 10744.1M(14336.0M)->3597.3M(14336.0M)]
 [Times: user=0.05 sys=0.01, real=0.00 secs] 
2022-07-29T03:45:45.429-0700: 628516.933: [GC pause (G1 Evacuation Pause) (mixed), 0.0114726 secs]
   [Parallel Time: 8.1 ms, GC Workers: 8]
      [GC Worker Start (ms): Min: 628516933.5, Avg: 628516933.6, Max: 628516933.7, Diff: 0.1]
      [Ext Root Scanning (ms): Min: 1.1, Avg: 2.0, Max: 6.7, Diff: 5.6, Sum: 16.4]
      [Update RS (ms): Min: 0.0, Avg: 1.2, Max: 1.8, Diff: 1.8, Sum: 9.6]
         [Processed Buffers: Min: 0, Avg: 4.9, Max: 9, Diff: 9, Sum: 39]
      [Scan RS (ms): Min: 0.0, Avg: 1.1, Max: 1.3, Diff: 1.3, Sum: 8.5]
      [Code Root Scanning (ms): Min: 0.0, Avg: 0.0, Max: 0.0, Diff: 0.0, Sum: 0.0]
      [Object Copy (ms): Min: 1.1, Avg: 3.5, Max: 3.9, Diff: 2.8, Sum: 27.8]
      [Termination (ms): Min: 0.0, Avg: 0.0, Max: 0.0, Diff: 0.0, Sum: 0.0]
         [Termination Attempts: Min: 1, Avg: 1.0, Max: 1, Diff: 0, Sum: 8]
      [GC Worker Other (ms): Min: 0.0, Avg: 0.1, Max: 0.1, Diff: 0.1, Sum: 0.5]
      [GC Worker Total (ms): Min: 7.8, Avg: 7.8, Max: 7.9, Diff: 0.1, Sum: 62.8]
      [GC Worker End (ms): Min: 628516941.4, Avg: 628516941.4, Max: 628516941.5, Diff: 0.1]
   [Code Root Fixup: 0.0 ms]
   [Code Root Purge: 0.0 ms]
   [Clear CT: 0.7 ms]
   [Other: 2.6 ms]
      [Choose CSet: 0.0 ms]
      [Ref Proc: 1.9 ms]
      [Ref Enq: 0.1 ms]
      [Redirty Cards: 0.1 ms]
      [Humongous Register: 0.1 ms]
      [Humongous Reclaim: 0.0 ms]
      [Free CSet: 0.2 ms]
   [Eden: 5712.0M(5712.0M)->0.0B(7152.0M) Survivors: 16384.0K->16384.0K Heap: 9309.3M(14336.0M)->3583.1M(14336.0M)]
 [Times: user=0.08 sys=0.00, real=0.01 secs] 
2022-07-29T03:47:43.262-0700: 628634.767: [GC pause (G1 Evacuation Pause) (young), 0.0114759 secs]
   [Parallel Time: 8.8 ms, GC Workers: 8]
      [GC Worker Start (ms): Min: 628634766.7, Avg: 628634766.8, Max: 628634766.8, Diff: 0.1]
      [Ext Root Scanning (ms): Min: 1.4, Avg: 2.2, Max: 6.0, Diff: 4.6, Sum: 17.7]
      [Update RS (ms): Min: 1.0, Avg: 4.3, Max: 5.0, Diff: 4.0, Sum: 34.3]
         [Processed Buffers: Min: 5, Avg: 11.2, Max: 16, Diff: 11, Sum: 90]
      [Scan RS (ms): Min: 0.0, Avg: 0.0, Max: 0.1, Diff: 0.1, Sum: 0.4]
      [Code Root Scanning (ms): Min: 0.0, Avg: 0.0, Max: 0.0, Diff: 0.0, Sum: 0.0]
      [Object Copy (ms): Min: 1.7, Avg: 2.1, Max: 2.2, Diff: 0.6, Sum: 16.4]
      [Termination (ms): Min: 0.0, Avg: 0.0, Max: 0.0, Diff: 0.0, Sum: 0.0]
         [Termination Attempts: Min: 1, Avg: 7.8, Max: 12, Diff: 11, Sum: 62]
      [GC Worker Other (ms): Min: 0.0, Avg: 0.1, Max: 0.1, Diff: 0.1, Sum: 0.4]
      [GC Worker Total (ms): Min: 8.6, Avg: 8.7, Max: 8.7, Diff: 0.1, Sum: 69.2]
      [GC Worker End (ms): Min: 628634775.4, Avg: 628634775.4, Max: 628634775.5, Diff: 0.1]
   [Code Root Fixup: 0.0 ms]
   [Code Root Purge: 0.0 ms]
   [Clear CT: 0.7 ms]
   [Other: 2.0 ms]
      [Choose CSet: 0.0 ms]
      [Ref Proc: 1.3 ms]
      [Ref Enq: 0.1 ms]
      [Redirty Cards: 0.1 ms]
      [Humongous Register: 0.1 ms]
      [Humongous Reclaim: 0.0 ms]
      [Free CSet: 0.3 ms]
   [Eden: 7152.0M(7152.0M)->0.0B(7152.0M) Survivors: 16384.0K->16384.0K Heap: 10735.1M(14336.0M)->3587.8M(14336.0M)]
 [Times: user=0.08 sys=0.00, real=0.01 secs] 
2022-07-29T03:49:42.113-0700: 628753.618: [GC pause (G1 Evacuation Pause) (young) (initial-mark), 0.0168502 secs]
   [Parallel Time: 12.2 ms, GC Workers: 8]
      [GC Worker Start (ms): Min: 628753619.8, Avg: 628753619.9, Max: 628753619.9, Diff: 0.1]
      [Ext Root Scanning (ms): Min: 5.8, Avg: 6.2, Max: 6.7, Diff: 0.9, Sum: 49.5]
      [Update RS (ms): Min: 1.3, Avg: 1.5, Max: 1.6, Diff: 0.3, Sum: 11.6]
         [Processed Buffers: Min: 3, Avg: 5.2, Max: 10, Diff: 7, Sum: 42]
      [Scan RS (ms): Min: 0.0, Avg: 0.0, Max: 0.1, Diff: 0.1, Sum: 0.4]
      [Code Root Scanning (ms): Min: 0.0, Avg: 0.0, Max: 0.0, Diff: 0.0, Sum: 0.0]
      [Object Copy (ms): Min: 1.8, Avg: 2.3, Max: 2.7, Diff: 0.9, Sum: 18.4]
      [Termination (ms): Min: 0.0, Avg: 0.0, Max: 0.0, Diff: 0.0, Sum: 0.0]
         [Termination Attempts: Min: 1, Avg: 1.6, Max: 3, Diff: 2, Sum: 13]
      [GC Worker Other (ms): Min: 0.0, Avg: 0.1, Max: 0.1, Diff: 0.1, Sum: 0.6]
      [GC Worker Total (ms): Min: 10.0, Avg: 10.1, Max: 10.2, Diff: 0.2, Sum: 80.5]
      [GC Worker End (ms): Min: 628753629.9, Avg: 628753629.9, Max: 628753630.0, Diff: 0.1]
   [Code Root Fixup: 0.0 ms]
   [Code Root Purge: 0.0 ms]
   [Clear CT: 0.8 ms]
   [Other: 3.9 ms]
      [Choose CSet: 0.0 ms]
      [Ref Proc: 3.2 ms]
      [Ref Enq: 0.1 ms]
      [Redirty Cards: 0.1 ms]
      [Humongous Register: 0.0 ms]
      [Humongous Reclaim: 0.0 ms]
      [Free CSet: 0.3 ms]
   [Eden: 7152.0M(7152.0M)->0.0B(7152.0M) Survivors: 16384.0K->16384.0K Heap: 10739.8M(14336.0M)->3592.4M(14336.0M)]
 [Times: user=0.08 sys=0.01, real=0.02 secs] 
2022-07-29T03:49:42.130-0700: 628753.635: [GC concurrent-root-region-scan-start]
2022-07-29T03:49:42.140-0700: 628753.645: [GC concurrent-root-region-scan-end, 0.0100955 secs]
2022-07-29T03:49:42.140-0700: 628753.645: [GC concurrent-mark-start]
2022-07-29T03:49:44.862-0700: 628756.367: [GC concurrent-mark-end, 2.7217289 secs]
2022-07-29T03:49:44.862-0700: 628756.367: [GC remark 2022-07-29T03:49:44.862-0700: 628756.367: [Finalize Marking, 0.0004309 secs] 2022-07-29T03:49:44.863-0700: 628756.367: [GC ref-proc, 0.0090240 secs] 2022-07-29T03:49:44.872-0700: 628756.377: [Unloading, 0.0273051 secs], 0.0424178 secs]
 [Times: user=0.27 sys=0.00, real=0.05 secs] 
2022-07-29T03:49:44.905-0700: 628756.410: [GC cleanup 3808M->3808M(14336M), 0.0083978 secs]
 [Times: user=0.06 sys=0.00, real=0.00 secs] 
2022-07-29T03:51:43.824-0700: 628875.329: [GC pause (G1 Evacuation Pause) (young), 0.0117283 secs]
   [Parallel Time: 6.2 ms, GC Workers: 8]
      [GC Worker Start (ms): Min: 628875328.8, Avg: 628875328.9, Max: 628875329.0, Diff: 0.2]
      [Ext Root Scanning (ms): Min: 1.1, Avg: 1.9, Max: 5.8, Diff: 4.6, Sum: 15.4]
      [Update RS (ms): Min: 0.0, Avg: 1.5, Max: 2.2, Diff: 2.2, Sum: 11.7]
         [Processed Buffers: Min: 0, Avg: 5.2, Max: 8, Diff: 8, Sum: 42]
      [Scan RS (ms): Min: 0.0, Avg: 0.1, Max: 0.1, Diff: 0.1, Sum: 0.4]
      [Code Root Scanning (ms): Min: 0.0, Avg: 0.0, Max: 0.0, Diff: 0.0, Sum: 0.0]
      [Object Copy (ms): Min: 0.0, Avg: 2.0, Max: 2.4, Diff: 2.4, Sum: 15.7]
      [Termination (ms): Min: 0.0, Avg: 0.3, Max: 0.3, Diff: 0.3, Sum: 2.2]
         [Termination Attempts: Min: 1, Avg: 1.4, Max: 2, Diff: 1, Sum: 11]
      [GC Worker Other (ms): Min: 0.0, Avg: 0.0, Max: 0.1, Diff: 0.0, Sum: 0.2]
      [GC Worker Total (ms): Min: 5.6, Avg: 5.7, Max: 5.8, Diff: 0.1, Sum: 45.7]
      [GC Worker End (ms): Min: 628875334.6, Avg: 628875334.7, Max: 628875334.7, Diff: 0.0]
   [Code Root Fixup: 0.0 ms]
   [Code Root Purge: 0.0 ms]
   [Clear CT: 0.8 ms]
   [Other: 4.8 ms]
      [Choose CSet: 0.0 ms]
      [Ref Proc: 3.9 ms]
      [Ref Enq: 0.2 ms]
      [Redirty Cards: 0.1 ms]
      [Humongous Register: 0.1 ms]
      [Humongous Reclaim: 0.0 ms]
      [Free CSet: 0.3 ms]
   [Eden: 7152.0M(7152.0M)->0.0B(5712.0M) Survivors: 16384.0K->16384.0K Heap: 10744.4M(14336.0M)->3589.9M(14336.0M)]
 [Times: user=0.06 sys=0.00, real=0.01 secs] 
2022-07-29T03:53:18.673-0700: 628970.178: [GC pause (G1 Evacuation Pause) (mixed), 0.0120759 secs]
   [Parallel Time: 8.8 ms, GC Workers: 8]
      [GC Worker Start (ms): Min: 628970178.1, Avg: 628970178.2, Max: 628970178.3, Diff: 0.2]
      [Ext Root Scanning (ms): Min: 1.2, Avg: 2.1, Max: 6.6, Diff: 5.4, Sum: 16.6]
      [Update RS (ms): Min: 0.0, Avg: 1.4, Max: 2.0, Diff: 2.0, Sum: 11.2]
         [Processed Buffers: Min: 0, Avg: 5.4, Max: 9, Diff: 9, Sum: 43]
      [Scan RS (ms): Min: 0.0, Avg: 1.0, Max: 1.2, Diff: 1.2, Sum: 7.8]
      [Code Root Scanning (ms): Min: 0.0, Avg: 0.0, Max: 0.0, Diff: 0.0, Sum: 0.0]
      [Object Copy (ms): Min: 1.9, Avg: 4.0, Max: 4.4, Diff: 2.5, Sum: 31.9]
      [Termination (ms): Min: 0.0, Avg: 0.0, Max: 0.0, Diff: 0.0, Sum: 0.0]
         [Termination Attempts: Min: 1, Avg: 1.1, Max: 2, Diff: 1, Sum: 9]
      [GC Worker Other (ms): Min: 0.0, Avg: 0.1, Max: 0.2, Diff: 0.1, Sum: 0.6]
      [GC Worker Total (ms): Min: 8.4, Avg: 8.5, Max: 8.6, Diff: 0.2, Sum: 68.1]
      [GC Worker End (ms): Min: 628970186.7, Avg: 628970186.7, Max: 628970186.8, Diff: 0.1]
   [Code Root Fixup: 0.0 ms]
   [Code Root Purge: 0.0 ms]
   [Clear CT: 0.8 ms]
   [Other: 2.5 ms]
      [Choose CSet: 0.0 ms]
      [Ref Proc: 1.8 ms]
      [Ref Enq: 0.1 ms]
      [Redirty Cards: 0.1 ms]
      [Humongous Register: 0.1 ms]
      [Humongous Reclaim: 0.0 ms]
      [Free CSet: 0.2 ms]
   [Eden: 5712.0M(5712.0M)->0.0B(7152.0M) Survivors: 16384.0K->16384.0K Heap: 9301.9M(14336.0M)->3585.1M(14336.0M)]
 [Times: user=0.08 sys=0.00, real=0.02 secs] 
2022-07-29T03:55:17.116-0700: 629088.621: [GC pause (G1 Evacuation Pause) (young), 0.0117051 secs]
   [Parallel Time: 8.3 ms, GC Workers: 8]
      [GC Worker Start (ms): Min: 629088620.9, Avg: 629088621.0, Max: 629088621.0, Diff: 0.1]
      [Ext Root Scanning (ms): Min: 1.5, Avg: 2.3, Max: 5.6, Diff: 4.1, Sum: 18.2]
      [Update RS (ms): Min: 0.7, Avg: 3.6, Max: 4.4, Diff: 3.7, Sum: 29.1]
         [Processed Buffers: Min: 7, Avg: 12.1, Max: 15, Diff: 8, Sum: 97]
      [Scan RS (ms): Min: 0.0, Avg: 0.1, Max: 0.1, Diff: 0.1, Sum: 0.4]
      [Code Root Scanning (ms): Min: 0.0, Avg: 0.0, Max: 0.0, Diff: 0.0, Sum: 0.0]
      [Object Copy (ms): Min: 1.7, Avg: 2.1, Max: 2.3, Diff: 0.6, Sum: 16.7]
      [Termination (ms): Min: 0.0, Avg: 0.0, Max: 0.0, Diff: 0.0, Sum: 0.0]
         [Termination Attempts: Min: 2, Avg: 2.9, Max: 4, Diff: 2, Sum: 23]
      [GC Worker Other (ms): Min: 0.0, Avg: 0.0, Max: 0.1, Diff: 0.1, Sum: 0.4]
      [GC Worker Total (ms): Min: 8.0, Avg: 8.1, Max: 8.2, Diff: 0.2, Sum: 64.9]
      [GC Worker End (ms): Min: 629088629.0, Avg: 629088629.1, Max: 629088629.1, Diff: 0.1]
   [Code Root Fixup: 0.0 ms]
   [Code Root Purge: 0.0 ms]
   [Clear CT: 0.7 ms]
   [Other: 2.6 ms]
      [Choose CSet: 0.0 ms]
      [Ref Proc: 2.0 ms]
      [Ref Enq: 0.1 ms]
      [Redirty Cards: 0.1 ms]
      [Humongous Register: 0.1 ms]
      [Humongous Reclaim: 0.0 ms]
      [Free CSet: 0.3 ms]
   [Eden: 7152.0M(7152.0M)->0.0B(7152.0M) Survivors: 16384.0K->16384.0K Heap: 10737.1M(14336.0M)->3587.3M(14336.0M)]
 [Times: user=0.08 sys=0.00, real=0.01 secs] 
2022-07-29T03:57:15.815-0700: 629207.320: [GC pause (G1 Evacuation Pause) (young) (initial-mark), 0.0254171 secs]
   [Parallel Time: 20.8 ms, GC Workers: 8]
      [GC Worker Start (ms): Min: 629207321.9, Avg: 629207322.0, Max: 629207322.1, Diff: 0.1]
      [Ext Root Scanning (ms): Min: 5.2, Avg: 5.6, Max: 6.0, Diff: 0.8, Sum: 45.0]
      [Update RS (ms): Min: 1.4, Avg: 3.2, Max: 12.5, Diff: 11.1, Sum: 25.7]
         [Processed Buffers: Min: 1, Avg: 6.1, Max: 13, Diff: 12, Sum: 49]
      [Scan RS (ms): Min: 0.0, Avg: 0.1, Max: 0.1, Diff: 0.1, Sum: 0.4]
      [Code Root Scanning (ms): Min: 0.0, Avg: 0.0, Max: 0.0, Diff: 0.0, Sum: 0.0]
      [Object Copy (ms): Min: 0.2, Avg: 2.1, Max: 2.8, Diff: 2.5, Sum: 16.9]
      [Termination (ms): Min: 0.0, Avg: 7.6, Max: 8.8, Diff: 8.8, Sum: 61.0]
         [Termination Attempts: Min: 1, Avg: 54.5, Max: 79, Diff: 78, Sum: 436]
      [GC Worker Other (ms): Min: 0.0, Avg: 0.0, Max: 0.0, Diff: 0.0, Sum: 0.1]
      [GC Worker Total (ms): Min: 18.6, Avg: 18.6, Max: 18.7, Diff: 0.1, Sum: 149.1]
      [GC Worker End (ms): Min: 629207340.6, Avg: 629207340.6, Max: 629207340.7, Diff: 0.0]
   [Code Root Fixup: 0.0 ms]
   [Code Root Purge: 0.0 ms]
   [Clear CT: 0.7 ms]
   [Other: 3.9 ms]
      [Choose CSet: 0.0 ms]
      [Ref Proc: 3.1 ms]
      [Ref Enq: 0.1 ms]
      [Redirty Cards: 0.1 ms]
      [Humongous Register: 0.1 ms]
      [Humongous Reclaim: 0.0 ms]
      [Free CSet: 0.3 ms]
   [Eden: 7152.0M(7152.0M)->0.0B(7152.0M) Survivors: 16384.0K->16384.0K Heap: 10739.3M(14336.0M)->3589.5M(14336.0M)]
 [Times: user=0.14 sys=0.00, real=0.02 secs] 
2022-07-29T03:57:15.841-0700: 629207.345: [GC concurrent-root-region-scan-start]
2022-07-29T03:57:15.853-0700: 629207.357: [GC concurrent-root-region-scan-end, 0.0121926 secs]
2022-07-29T03:57:15.853-0700: 629207.357: [GC concurrent-mark-start]
2022-07-29T03:57:18.586-0700: 629210.091: [GC concurrent-mark-end, 2.7332932 secs]
2022-07-29T03:57:18.586-0700: 629210.091: [GC remark 2022-07-29T03:57:18.586-0700: 629210.091: [Finalize Marking, 0.0002013 secs] 2022-07-29T03:57:18.587-0700: 629210.091: [GC ref-proc, 0.0120016 secs] 2022-07-29T03:57:18.599-0700: 629210.103: [Unloading, 0.0277365 secs], 0.0458633 secs]
 [Times: user=0.27 sys=0.00, real=0.04 secs] 
2022-07-29T03:57:18.632-0700: 629210.137: [GC cleanup 3762M->3762M(14336M), 0.0087582 secs]
 [Times: user=0.06 sys=0.00, real=0.01 secs] 
2022-07-29T03:59:14.820-0700: 629326.325: [GC pause (G1 Evacuation Pause) (young), 0.0110917 secs]
   [Parallel Time: 5.9 ms, GC Workers: 8]
      [GC Worker Start (ms): Min: 629326324.7, Avg: 629326324.8, Max: 629326324.9, Diff: 0.1]
      [Ext Root Scanning (ms): Min: 1.2, Avg: 1.9, Max: 5.4, Diff: 4.3, Sum: 15.3]
      [Update RS (ms): Min: 0.0, Avg: 1.3, Max: 1.9, Diff: 1.9, Sum: 10.2]
         [Processed Buffers: Min: 0, Avg: 5.5, Max: 10, Diff: 10, Sum: 44]
      [Scan RS (ms): Min: 0.0, Avg: 0.1, Max: 0.1, Diff: 0.1, Sum: 0.5]
      [Code Root Scanning (ms): Min: 0.0, Avg: 0.0, Max: 0.0, Diff: 0.0, Sum: 0.0]
      [Object Copy (ms): Min: 0.0, Avg: 2.1, Max: 2.5, Diff: 2.5, Sum: 16.9]
      [Termination (ms): Min: 0.0, Avg: 0.0, Max: 0.0, Diff: 0.0, Sum: 0.1]
         [Termination Attempts: Min: 1, Avg: 8.9, Max: 14, Diff: 13, Sum: 71]
      [GC Worker Other (ms): Min: 0.0, Avg: 0.0, Max: 0.1, Diff: 0.1, Sum: 0.3]
      [GC Worker Total (ms): Min: 5.3, Avg: 5.4, Max: 5.5, Diff: 0.2, Sum: 43.2]
      [GC Worker End (ms): Min: 629326330.2, Avg: 629326330.2, Max: 629326330.3, Diff: 0.1]
   [Code Root Fixup: 0.0 ms]
   [Code Root Purge: 0.0 ms]
   [Clear CT: 0.8 ms]
   [Other: 4.4 ms]
      [Choose CSet: 0.0 ms]
      [Ref Proc: 3.7 ms]
      [Ref Enq: 0.1 ms]
      [Redirty Cards: 0.1 ms]
      [Humongous Register: 0.1 ms]
      [Humongous Reclaim: 0.0 ms]
      [Free CSet: 0.3 ms]
   [Eden: 7152.0M(7152.0M)->0.0B(5712.0M) Survivors: 16384.0K->16384.0K Heap: 10741.5M(14336.0M)->3591.5M(14336.0M)]
 [Times: user=0.05 sys=0.01, real=0.01 secs] 
2022-07-29T04:00:53.075-0700: 629424.580: [GC pause (G1 Evacuation Pause) (mixed), 0.0126385 secs]
   [Parallel Time: 9.6 ms, GC Workers: 8]
      [GC Worker Start (ms): Min: 629424579.9, Avg: 629424579.9, Max: 629424580.0, Diff: 0.2]
      [Ext Root Scanning (ms): Min: 1.1, Avg: 2.1, Max: 6.4, Diff: 5.2, Sum: 16.4]
      [Update RS (ms): Min: 0.0, Avg: 1.3, Max: 1.8, Diff: 1.8, Sum: 10.5]
         [Processed Buffers: Min: 0, Avg: 4.9, Max: 11, Diff: 11, Sum: 39]
      [Scan RS (ms): Min: 0.0, Avg: 0.9, Max: 1.2, Diff: 1.1, Sum: 7.3]
      [Code Root Scanning (ms): Min: 0.0, Avg: 0.0, Max: 0.0, Diff: 0.0, Sum: 0.0]
      [Object Copy (ms): Min: 3.0, Avg: 5.1, Max: 5.4, Diff: 2.4, Sum: 40.5]
      [Termination (ms): Min: 0.0, Avg: 0.0, Max: 0.0, Diff: 0.0, Sum: 0.0]
         [Termination Attempts: Min: 1, Avg: 1.0, Max: 1, Diff: 0, Sum: 8]
      [GC Worker Other (ms): Min: 0.0, Avg: 0.1, Max: 0.1, Diff: 0.1, Sum: 0.5]
      [GC Worker Total (ms): Min: 9.3, Avg: 9.4, Max: 9.5, Diff: 0.2, Sum: 75.2]
      [GC Worker End (ms): Min: 629424589.3, Avg: 629424589.3, Max: 629424589.4, Diff: 0.1]
   [Code Root Fixup: 0.0 ms]
   [Code Root Purge: 0.0 ms]
   [Clear CT: 0.9 ms]
   [Other: 2.1 ms]
      [Choose CSet: 0.0 ms]
      [Ref Proc: 1.5 ms]
      [Ref Enq: 0.1 ms]
      [Redirty Cards: 0.1 ms]
      [Humongous Register: 0.1 ms]
      [Humongous Reclaim: 0.0 ms]
      [Free CSet: 0.2 ms]
   [Eden: 5712.0M(5712.0M)->0.0B(7152.0M) Survivors: 16384.0K->16384.0K Heap: 9303.5M(14336.0M)->3584.7M(14336.0M)]
 [Times: user=0.09 sys=0.00, real=0.01 secs] 
2022-07-29T04:02:53.974-0700: 629545.478: [GC pause (G1 Evacuation Pause) (young), 0.0114854 secs]
   [Parallel Time: 8.7 ms, GC Workers: 8]
      [GC Worker Start (ms): Min: 629545478.7, Avg: 629545478.7, Max: 629545478.8, Diff: 0.1]
      [Ext Root Scanning (ms): Min: 1.2, Avg: 1.9, Max: 5.1, Diff: 3.9, Sum: 15.1]
      [Update RS (ms): Min: 1.5, Avg: 4.3, Max: 5.1, Diff: 3.6, Sum: 34.2]
         [Processed Buffers: Min: 5, Avg: 13.8, Max: 18, Diff: 13, Sum: 110]
      [Scan RS (ms): Min: 0.0, Avg: 0.0, Max: 0.1, Diff: 0.1, Sum: 0.4]
      [Code Root Scanning (ms): Min: 0.0, Avg: 0.0, Max: 0.0, Diff: 0.0, Sum: 0.0]
      [Object Copy (ms): Min: 1.7, Avg: 2.0, Max: 2.2, Diff: 0.5, Sum: 16.2]
      [Termination (ms): Min: 0.0, Avg: 0.1, Max: 0.1, Diff: 0.1, Sum: 0.4]
         [Termination Attempts: Min: 28, Avg: 45.5, Max: 58, Diff: 30, Sum: 364]
      [GC Worker Other (ms): Min: 0.0, Avg: 0.1, Max: 0.2, Diff: 0.1, Sum: 0.7]
      [GC Worker Total (ms): Min: 8.3, Avg: 8.4, Max: 8.5, Diff: 0.2, Sum: 66.9]
      [GC Worker End (ms): Min: 629545487.0, Avg: 629545487.1, Max: 629545487.2, Diff: 0.1]
   [Code Root Fixup: 0.0 ms]
   [Code Root Purge: 0.0 ms]
   [Clear CT: 0.7 ms]
   [Other: 2.1 ms]
      [Choose CSet: 0.0 ms]
      [Ref Proc: 1.4 ms]
      [Ref Enq: 0.1 ms]
      [Redirty Cards: 0.1 ms]
      [Humongous Register: 0.1 ms]
      [Humongous Reclaim: 0.0 ms]
      [Free CSet: 0.3 ms]
   [Eden: 7152.0M(7152.0M)->0.0B(7152.0M) Survivors: 16384.0K->16384.0K Heap: 10736.7M(14336.0M)->3594.0M(14336.0M)]
 [Times: user=0.07 sys=0.01, real=0.02 secs] 
2022-07-29T04:04:55.665-0700: 629667.170: [GC pause (G1 Evacuation Pause) (young) (initial-mark), 0.0172508 secs]
   [Parallel Time: 12.1 ms, GC Workers: 8]
      [GC Worker Start (ms): Min: 629667171.8, Avg: 629667171.8, Max: 629667171.9, Diff: 0.1]
      [Ext Root Scanning (ms): Min: 5.4, Avg: 5.9, Max: 6.4, Diff: 0.9, Sum: 47.0]
      [Update RS (ms): Min: 1.3, Avg: 1.4, Max: 1.6, Diff: 0.4, Sum: 11.5]
         [Processed Buffers: Min: 3, Avg: 5.0, Max: 8, Diff: 5, Sum: 40]
      [Scan RS (ms): Min: 0.0, Avg: 0.1, Max: 0.1, Diff: 0.1, Sum: 0.4]
      [Code Root Scanning (ms): Min: 0.0, Avg: 0.0, Max: 0.0, Diff: 0.0, Sum: 0.0]
      [Object Copy (ms): Min: 1.8, Avg: 2.3, Max: 2.7, Diff: 0.9, Sum: 18.2]
      [Termination (ms): Min: 0.0, Avg: 0.0, Max: 0.0, Diff: 0.0, Sum: 0.1]
         [Termination Attempts: Min: 24, Avg: 27.2, Max: 32, Diff: 8, Sum: 218]
      [GC Worker Other (ms): Min: 0.0, Avg: 0.1, Max: 0.1, Diff: 0.1, Sum: 0.5]
      [GC Worker Total (ms): Min: 9.6, Avg: 9.7, Max: 9.9, Diff: 0.3, Sum: 77.7]
      [GC Worker End (ms): Min: 629667181.5, Avg: 629667181.6, Max: 629667181.6, Diff: 0.1]
   [Code Root Fixup: 0.0 ms]
   [Code Root Purge: 0.0 ms]
   [Clear CT: 0.8 ms]
   [Other: 4.4 ms]
      [Choose CSet: 0.0 ms]
      [Ref Proc: 3.5 ms]
      [Ref Enq: 0.1 ms]
      [Redirty Cards: 0.1 ms]
      [Humongous Register: 0.0 ms]
      [Humongous Reclaim: 0.0 ms]
      [Free CSet: 0.3 ms]
   [Eden: 7152.0M(7152.0M)->0.0B(7152.0M) Survivors: 16384.0K->16384.0K Heap: 10746.0M(14336.0M)->3592.9M(14336.0M)]
 [Times: user=0.07 sys=0.02, real=0.01 secs] 
2022-07-29T04:04:55.682-0700: 629667.187: [GC concurrent-root-region-scan-start]
2022-07-29T04:04:55.692-0700: 629667.197: [GC concurrent-root-region-scan-end, 0.0094220 secs]
2022-07-29T04:04:55.692-0700: 629667.197: [GC concurrent-mark-start]
2022-07-29T04:04:58.358-0700: 629669.863: [GC concurrent-mark-end, 2.6659927 secs]
2022-07-29T04:04:58.358-0700: 629669.863: [GC remark 2022-07-29T04:04:58.358-0700: 629669.863: [Finalize Marking, 0.0002950 secs] 2022-07-29T04:04:58.359-0700: 629669.863: [GC ref-proc, 0.0066013 secs] 2022-07-29T04:04:58.365-0700: 629669.870: [Unloading, 0.0274333 secs], 0.0400968 secs]
 [Times: user=0.26 sys=0.00, real=0.04 secs] 
2022-07-29T04:04:58.399-0700: 629669.903: [GC cleanup 3760M->3760M(14336M), 0.0087095 secs]
 [Times: user=0.06 sys=0.00, real=0.01 secs] 
2022-07-29T04:06:57.519-0700: 629789.024: [GC pause (G1 Evacuation Pause) (young), 0.0099855 secs]
   [Parallel Time: 5.6 ms, GC Workers: 8]
      [GC Worker Start (ms): Min: 629789024.3, Avg: 629789024.3, Max: 629789024.4, Diff: 0.1]
      [Ext Root Scanning (ms): Min: 1.2, Avg: 1.9, Max: 5.3, Diff: 4.2, Sum: 15.2]
      [Update RS (ms): Min: 0.0, Avg: 1.5, Max: 2.0, Diff: 2.0, Sum: 11.7]
         [Processed Buffers: Min: 0, Avg: 5.6, Max: 11, Diff: 11, Sum: 45]
      [Scan RS (ms): Min: 0.0, Avg: 0.1, Max: 0.1, Diff: 0.1, Sum: 0.4]
      [Code Root Scanning (ms): Min: 0.0, Avg: 0.0, Max: 0.0, Diff: 0.0, Sum: 0.0]
      [Object Copy (ms): Min: 0.0, Avg: 1.9, Max: 2.3, Diff: 2.3, Sum: 15.1]
      [Termination (ms): Min: 0.0, Avg: 0.0, Max: 0.0, Diff: 0.0, Sum: 0.0]
         [Termination Attempts: Min: 1, Avg: 4.1, Max: 8, Diff: 7, Sum: 33]
      [GC Worker Other (ms): Min: 0.0, Avg: 0.1, Max: 0.1, Diff: 0.1, Sum: 0.5]
      [GC Worker Total (ms): Min: 5.3, Avg: 5.4, Max: 5.5, Diff: 0.2, Sum: 43.0]
      [GC Worker End (ms): Min: 629789029.7, Avg: 629789029.7, Max: 629789029.8, Diff: 0.1]
   [Code Root Fixup: 0.0 ms]
   [Code Root Purge: 0.0 ms]
   [Clear CT: 0.6 ms]
   [Other: 3.7 ms]
      [Choose CSet: 0.0 ms]
      [Ref Proc: 2.9 ms]
      [Ref Enq: 0.1 ms]
      [Redirty Cards: 0.1 ms]
      [Humongous Register: 0.1 ms]
      [Humongous Reclaim: 0.0 ms]
      [Free CSet: 0.3 ms]
   [Eden: 7152.0M(7152.0M)->0.0B(5712.0M) Survivors: 16384.0K->16384.0K Heap: 10744.9M(14336.0M)->3595.1M(14336.0M)]
 [Times: user=0.04 sys=0.01, real=0.01 secs] 
2022-07-29T04:08:31.312-0700: 629882.817: [GC pause (GCLocker Initiated GC) (mixed), 0.0125366 secs]
   [Parallel Time: 9.5 ms, GC Workers: 8]
      [GC Worker Start (ms): Min: 629882817.3, Avg: 629882817.4, Max: 629882817.5, Diff: 0.1]
      [Ext Root Scanning (ms): Min: 1.1, Avg: 2.1, Max: 7.0, Diff: 5.9, Sum: 16.7]
      [Update RS (ms): Min: 0.0, Avg: 1.3, Max: 1.7, Diff: 1.7, Sum: 10.0]
         [Processed Buffers: Min: 0, Avg: 5.4, Max: 11, Diff: 11, Sum: 43]
      [Scan RS (ms): Min: 0.0, Avg: 0.8, Max: 1.1, Diff: 1.0, Sum: 6.2]
      [Code Root Scanning (ms): Min: 0.0, Avg: 0.0, Max: 0.0, Diff: 0.0, Sum: 0.0]
      [Object Copy (ms): Min: 2.3, Avg: 5.1, Max: 5.6, Diff: 3.4, Sum: 41.1]
      [Termination (ms): Min: 0.0, Avg: 0.0, Max: 0.0, Diff: 0.0, Sum: 0.0]
         [Termination Attempts: Min: 1, Avg: 2.2, Max: 4, Diff: 3, Sum: 18]
      [GC Worker Other (ms): Min: 0.0, Avg: 0.1, Max: 0.1, Diff: 0.1, Sum: 0.5]
      [GC Worker Total (ms): Min: 9.2, Avg: 9.3, Max: 9.4, Diff: 0.2, Sum: 74.5]
      [GC Worker End (ms): Min: 629882826.7, Avg: 629882826.7, Max: 629882826.8, Diff: 0.1]
   [Code Root Fixup: 0.0 ms]
   [Code Root Purge: 0.0 ms]
   [Clear CT: 0.8 ms]
   [Other: 2.2 ms]
      [Choose CSet: 0.0 ms]
      [Ref Proc: 1.6 ms]
      [Ref Enq: 0.1 ms]
      [Redirty Cards: 0.1 ms]
      [Humongous Register: 0.1 ms]
      [Humongous Reclaim: 0.0 ms]
      [Free CSet: 0.2 ms]
   [Eden: 5728.0M(5712.0M)->0.0B(7152.0M) Survivors: 16384.0K->16384.0K Heap: 9315.1M(14336.0M)->3593.0M(14336.0M)]
 [Times: user=0.08 sys=0.01, real=0.02 secs] 
2022-07-29T04:10:33.286-0700: 630004.791: [GC pause (GCLocker Initiated GC) (young), 0.0114392 secs]
   [Parallel Time: 8.3 ms, GC Workers: 8]
      [GC Worker Start (ms): Min: 630004790.9, Avg: 630004791.0, Max: 630004791.1, Diff: 0.2]
      [Ext Root Scanning (ms): Min: 1.0, Avg: 1.8, Max: 5.4, Diff: 4.3, Sum: 14.3]
      [Update RS (ms): Min: 0.4, Avg: 3.7, Max: 4.6, Diff: 4.1, Sum: 29.8]
         [Processed Buffers: Min: 1, Avg: 11.9, Max: 15, Diff: 14, Sum: 95]
      [Scan RS (ms): Min: 0.0, Avg: 0.0, Max: 0.1, Diff: 0.1, Sum: 0.4]
      [Code Root Scanning (ms): Min: 0.0, Avg: 0.0, Max: 0.0, Diff: 0.0, Sum: 0.0]
      [Object Copy (ms): Min: 2.3, Avg: 2.5, Max: 2.7, Diff: 0.4, Sum: 20.0]
      [Termination (ms): Min: 0.0, Avg: 0.0, Max: 0.0, Diff: 0.0, Sum: 0.0]
         [Termination Attempts: Min: 1, Avg: 1.8, Max: 2, Diff: 1, Sum: 14]
      [GC Worker Other (ms): Min: 0.0, Avg: 0.0, Max: 0.1, Diff: 0.1, Sum: 0.4]
      [GC Worker Total (ms): Min: 8.0, Avg: 8.1, Max: 8.2, Diff: 0.1, Sum: 64.8]
      [GC Worker End (ms): Min: 630004799.1, Avg: 630004799.1, Max: 630004799.1, Diff: 0.1]
   [Code Root Fixup: 0.0 ms]
   [Code Root Purge: 0.0 ms]
   [Clear CT: 0.8 ms]
   [Other: 2.3 ms]
      [Choose CSet: 0.0 ms]
      [Ref Proc: 1.6 ms]
      [Ref Enq: 0.1 ms]
      [Redirty Cards: 0.1 ms]
      [Humongous Register: 0.1 ms]
      [Humongous Reclaim: 0.0 ms]
      [Free CSet: 0.3 ms]
   [Eden: 7168.0M(7152.0M)->0.0B(7152.0M) Survivors: 16384.0K->16384.0K Heap: 10745.0M(14336.0M)->3602.5M(14336.0M)]
 [Times: user=0.07 sys=0.00, real=0.01 secs] 
2022-07-29T04:12:36.465-0700: 630127.970: [GC pause (GCLocker Initiated GC) (young) (initial-mark), 0.0165787 secs]
   [Parallel Time: 12.2 ms, GC Workers: 8]
      [GC Worker Start (ms): Min: 630127972.2, Avg: 630127972.3, Max: 630127972.5, Diff: 0.3]
      [Ext Root Scanning (ms): Min: 5.2, Avg: 5.6, Max: 6.1, Diff: 0.9, Sum: 45.0]
      [Update RS (ms): Min: 1.8, Avg: 1.9, Max: 2.0, Diff: 0.2, Sum: 15.1]
         [Processed Buffers: Min: 5, Avg: 8.8, Max: 13, Diff: 8, Sum: 70]
      [Scan RS (ms): Min: 0.0, Avg: 0.0, Max: 0.1, Diff: 0.1, Sum: 0.4]
      [Code Root Scanning (ms): Min: 0.0, Avg: 0.0, Max: 0.0, Diff: 0.0, Sum: 0.0]
      [Object Copy (ms): Min: 1.9, Avg: 2.3, Max: 2.7, Diff: 0.8, Sum: 18.6]
      [Termination (ms): Min: 0.0, Avg: 0.0, Max: 0.0, Diff: 0.0, Sum: 0.0]
         [Termination Attempts: Min: 1, Avg: 5.5, Max: 9, Diff: 8, Sum: 44]
      [GC Worker Other (ms): Min: 0.0, Avg: 0.1, Max: 0.1, Diff: 0.1, Sum: 0.4]
      [GC Worker Total (ms): Min: 9.8, Avg: 9.9, Max: 10.1, Diff: 0.3, Sum: 79.5]
      [GC Worker End (ms): Min: 630127982.3, Avg: 630127982.3, Max: 630127982.3, Diff: 0.1]
   [Code Root Fixup: 0.0 ms]
   [Code Root Purge: 0.0 ms]
   [Clear CT: 0.7 ms]
   [Other: 3.6 ms]
      [Choose CSet: 0.0 ms]
      [Ref Proc: 2.9 ms]
      [Ref Enq: 0.1 ms]
      [Redirty Cards: 0.1 ms]
      [Humongous Register: 0.0 ms]
      [Humongous Reclaim: 0.0 ms]
      [Free CSet: 0.3 ms]
   [Eden: 7152.0M(7152.0M)->0.0B(7152.0M) Survivors: 16384.0K->16384.0K Heap: 10754.5M(14336.0M)->3602.1M(14336.0M)]
 [Times: user=0.08 sys=0.01, real=0.01 secs] 
2022-07-29T04:12:36.482-0700: 630127.987: [GC concurrent-root-region-scan-start]
2022-07-29T04:12:36.492-0700: 630127.997: [GC concurrent-root-region-scan-end, 0.0096386 secs]
2022-07-29T04:12:36.492-0700: 630127.997: [GC concurrent-mark-start]
2022-07-29T04:12:39.309-0700: 630130.813: [GC concurrent-mark-end, 2.8169122 secs]
2022-07-29T04:12:39.309-0700: 630130.814: [GC remark 2022-07-29T04:12:39.309-0700: 630130.814: [Finalize Marking, 0.0003785 secs] 2022-07-29T04:12:39.309-0700: 630130.814: [GC ref-proc, 0.0061469 secs] 2022-07-29T04:12:39.316-0700: 630130.820: [Unloading, 0.0320492 secs], 0.0450499 secs]
 [Times: user=0.26 sys=0.00, real=0.04 secs] 
2022-07-29T04:12:39.354-0700: 630130.859: [GC cleanup 3822M->3822M(14336M), 0.0091481 secs]
 [Times: user=0.06 sys=0.00, real=0.02 secs] 
2022-07-29T04:14:36.824-0700: 630248.329: [GC pause (G1 Evacuation Pause) (young), 0.0109254 secs]
   [Parallel Time: 6.2 ms, GC Workers: 8]
      [GC Worker Start (ms): Min: 630248328.9, Avg: 630248329.0, Max: 630248329.1, Diff: 0.2]
      [Ext Root Scanning (ms): Min: 1.2, Avg: 2.0, Max: 5.7, Diff: 4.5, Sum: 16.2]
      [Update RS (ms): Min: 0.0, Avg: 1.6, Max: 2.1, Diff: 2.1, Sum: 12.9]
         [Processed Buffers: Min: 0, Avg: 5.8, Max: 9, Diff: 9, Sum: 46]
      [Scan RS (ms): Min: 0.0, Avg: 0.1, Max: 0.1, Diff: 0.1, Sum: 0.4]
      [Code Root Scanning (ms): Min: 0.0, Avg: 0.0, Max: 0.0, Diff: 0.0, Sum: 0.0]
      [Object Copy (ms): Min: 0.2, Avg: 2.2, Max: 2.6, Diff: 2.4, Sum: 17.3]
      [Termination (ms): Min: 0.0, Avg: 0.0, Max: 0.0, Diff: 0.0, Sum: 0.0]
         [Termination Attempts: Min: 1, Avg: 2.5, Max: 5, Diff: 4, Sum: 20]
      [GC Worker Other (ms): Min: 0.0, Avg: 0.1, Max: 0.1, Diff: 0.1, Sum: 0.4]
      [GC Worker Total (ms): Min: 5.8, Avg: 5.9, Max: 6.0, Diff: 0.2, Sum: 47.2]
      [GC Worker End (ms): Min: 630248334.9, Avg: 630248334.9, Max: 630248334.9, Diff: 0.1]
   [Code Root Fixup: 0.0 ms]
   [Code Root Purge: 0.0 ms]
   [Clear CT: 0.8 ms]
   [Other: 3.9 ms]
      [Choose CSet: 0.0 ms]
      [Ref Proc: 3.3 ms]
      [Ref Enq: 0.1 ms]
      [Redirty Cards: 0.1 ms]
      [Humongous Register: 0.1 ms]
      [Humongous Reclaim: 0.0 ms]
      [Free CSet: 0.3 ms]
   [Eden: 7152.0M(7152.0M)->0.0B(5712.0M) Survivors: 16384.0K->16384.0K Heap: 10754.1M(14336.0M)->3602.6M(14336.0M)]
 [Times: user=0.05 sys=0.01, real=0.01 secs] 
2022-07-29T04:16:13.000-0700: 630344.505: [GC pause (G1 Evacuation Pause) (mixed), 0.0172078 secs]
   [Parallel Time: 14.3 ms, GC Workers: 8]
      [GC Worker Start (ms): Min: 630344505.3, Avg: 630344505.4, Max: 630344505.4, Diff: 0.1]
      [Ext Root Scanning (ms): Min: 1.5, Avg: 2.5, Max: 7.8, Diff: 6.3, Sum: 20.2]
      [Update RS (ms): Min: 0.0, Avg: 2.3, Max: 3.1, Diff: 3.1, Sum: 18.3]
         [Processed Buffers: Min: 0, Avg: 5.9, Max: 14, Diff: 14, Sum: 47]
      [Scan RS (ms): Min: 0.0, Avg: 1.8, Max: 2.2, Diff: 2.2, Sum: 14.3]
      [Code Root Scanning (ms): Min: 0.0, Avg: 0.0, Max: 0.0, Diff: 0.0, Sum: 0.0]
      [Object Copy (ms): Min: 6.3, Avg: 7.4, Max: 7.7, Diff: 1.4, Sum: 59.2]
      [Termination (ms): Min: 0.0, Avg: 0.0, Max: 0.0, Diff: 0.0, Sum: 0.0]
         [Termination Attempts: Min: 1, Avg: 8.0, Max: 14, Diff: 13, Sum: 64]
      [GC Worker Other (ms): Min: 0.0, Avg: 0.1, Max: 0.1, Diff: 0.1, Sum: 0.6]
      [GC Worker Total (ms): Min: 14.0, Avg: 14.1, Max: 14.1, Diff: 0.2, Sum: 112.7]
      [GC Worker End (ms): Min: 630344519.4, Avg: 630344519.4, Max: 630344519.5, Diff: 0.1]
   [Code Root Fixup: 0.0 ms]
   [Code Root Purge: 0.0 ms]
   [Clear CT: 0.9 ms]
   [Other: 2.0 ms]
      [Choose CSet: 0.0 ms]
      [Ref Proc: 1.4 ms]
      [Ref Enq: 0.1 ms]
      [Redirty Cards: 0.1 ms]
      [Humongous Register: 0.1 ms]
      [Humongous Reclaim: 0.0 ms]
      [Free CSet: 0.2 ms]
   [Eden: 5712.0M(5712.0M)->0.0B(7152.0M) Survivors: 16384.0K->16384.0K Heap: 9314.6M(14336.0M)->3581.5M(14336.0M)]
 [Times: user=0.12 sys=0.00, real=0.02 secs] 
2022-07-29T04:18:15.821-0700: 630467.326: [GC pause (G1 Evacuation Pause) (young), 0.0124552 secs]
   [Parallel Time: 9.4 ms, GC Workers: 8]
      [GC Worker Start (ms): Min: 630467326.0, Avg: 630467326.1, Max: 630467326.1, Diff: 0.1]
      [Ext Root Scanning (ms): Min: 1.2, Avg: 1.9, Max: 5.4, Diff: 4.1, Sum: 15.6]
      [Update RS (ms): Min: 2.5, Avg: 5.3, Max: 6.0, Diff: 3.5, Sum: 42.3]
         [Processed Buffers: Min: 9, Avg: 15.9, Max: 24, Diff: 15, Sum: 127]
      [Scan RS (ms): Min: 0.0, Avg: 0.0, Max: 0.1, Diff: 0.1, Sum: 0.4]
      [Code Root Scanning (ms): Min: 0.0, Avg: 0.0, Max: 0.0, Diff: 0.0, Sum: 0.0]
      [Object Copy (ms): Min: 1.5, Avg: 2.0, Max: 2.2, Diff: 0.7, Sum: 15.8]
      [Termination (ms): Min: 0.0, Avg: 0.0, Max: 0.0, Diff: 0.0, Sum: 0.0]
         [Termination Attempts: Min: 1, Avg: 3.9, Max: 5, Diff: 4, Sum: 31]
      [GC Worker Other (ms): Min: 0.0, Avg: 0.1, Max: 0.1, Diff: 0.1, Sum: 0.4]
      [GC Worker Total (ms): Min: 9.3, Avg: 9.3, Max: 9.4, Diff: 0.1, Sum: 74.5]
      [GC Worker End (ms): Min: 630467335.4, Avg: 630467335.4, Max: 630467335.4, Diff: 0.0]
   [Code Root Fixup: 0.0 ms]
   [Code Root Purge: 0.0 ms]
   [Clear CT: 0.7 ms]
   [Other: 2.3 ms]
      [Choose CSet: 0.0 ms]
      [Ref Proc: 1.6 ms]
      [Ref Enq: 0.1 ms]
      [Redirty Cards: 0.1 ms]
      [Humongous Register: 0.1 ms]
      [Humongous Reclaim: 0.0 ms]
      [Free CSet: 0.3 ms]
   [Eden: 7152.0M(7152.0M)->0.0B(7152.0M) Survivors: 16384.0K->16384.0K Heap: 10733.5M(14336.0M)->3595.0M(14336.0M)]
 [Times: user=0.08 sys=0.00, real=0.01 secs] 
2022-07-29T04:20:18.832-0700: 630590.336: [GC pause (G1 Evacuation Pause) (young) (initial-mark), 0.0164849 secs]
   [Parallel Time: 12.0 ms, GC Workers: 8]
      [GC Worker Start (ms): Min: 630590338.5, Avg: 630590338.7, Max: 630590338.7, Diff: 0.2]
      [Ext Root Scanning (ms): Min: 5.1, Avg: 5.5, Max: 6.0, Diff: 0.9, Sum: 44.4]
      [Update RS (ms): Min: 1.3, Avg: 1.4, Max: 1.5, Diff: 0.2, Sum: 11.0]
         [Processed Buffers: Min: 3, Avg: 5.4, Max: 9, Diff: 6, Sum: 43]
      [Scan RS (ms): Min: 0.0, Avg: 0.1, Max: 0.1, Diff: 0.1, Sum: 0.4]
      [Code Root Scanning (ms): Min: 0.0, Avg: 0.0, Max: 0.0, Diff: 0.0, Sum: 0.0]
      [Object Copy (ms): Min: 2.0, Avg: 2.5, Max: 2.9, Diff: 0.8, Sum: 20.2]
      [Termination (ms): Min: 0.0, Avg: 0.0, Max: 0.0, Diff: 0.0, Sum: 0.1]
         [Termination Attempts: Min: 25, Avg: 30.9, Max: 36, Diff: 11, Sum: 247]
      [GC Worker Other (ms): Min: 0.0, Avg: 0.0, Max: 0.1, Diff: 0.1, Sum: 0.4]
      [GC Worker Total (ms): Min: 9.5, Avg: 9.6, Max: 9.7, Diff: 0.2, Sum: 76.5]
      [GC Worker End (ms): Min: 630590348.2, Avg: 630590348.2, Max: 630590348.3, Diff: 0.1]
   [Code Root Fixup: 0.0 ms]
   [Code Root Purge: 0.0 ms]
   [Clear CT: 0.8 ms]
   [Other: 3.7 ms]
      [Choose CSet: 0.0 ms]
      [Ref Proc: 3.0 ms]
      [Ref Enq: 0.1 ms]
      [Redirty Cards: 0.1 ms]
      [Humongous Register: 0.0 ms]
      [Humongous Reclaim: 0.0 ms]
      [Free CSet: 0.3 ms]
   [Eden: 7152.0M(7152.0M)->0.0B(7152.0M) Survivors: 16384.0K->16384.0K Heap: 10747.0M(14336.0M)->3594.5M(14336.0M)]
 [Times: user=0.09 sys=0.00, real=0.02 secs] 
2022-07-29T04:20:18.848-0700: 630590.353: [GC concurrent-root-region-scan-start]
2022-07-29T04:20:18.860-0700: 630590.365: [GC concurrent-root-region-scan-end, 0.0119980 secs]
2022-07-29T04:20:18.860-0700: 630590.365: [GC concurrent-mark-start]
2022-07-29T04:20:21.555-0700: 630593.059: [GC concurrent-mark-end, 2.6945264 secs]
2022-07-29T04:20:21.555-0700: 630593.060: [GC remark 2022-07-29T04:20:21.555-0700: 630593.060: [Finalize Marking, 0.0002735 secs] 2022-07-29T04:20:21.555-0700: 630593.060: [GC ref-proc, 0.0087243 secs] 2022-07-29T04:20:21.564-0700: 630593.069: [Unloading, 0.0275033 secs], 0.0424275 secs]
 [Times: user=0.26 sys=0.00, real=0.04 secs] 
2022-07-29T04:20:21.598-0700: 630593.103: [GC cleanup 3802M->3802M(14336M), 0.0091466 secs]
 [Times: user=0.06 sys=0.00, real=0.01 secs] 
2022-07-29T04:22:21.862-0700: 630713.367: [GC pause (G1 Evacuation Pause) (young), 0.0122229 secs]
   [Parallel Time: 7.4 ms, GC Workers: 8]
      [GC Worker Start (ms): Min: 630713367.3, Avg: 630713367.4, Max: 630713367.4, Diff: 0.2]
      [Ext Root Scanning (ms): Min: 1.6, Avg: 2.4, Max: 6.4, Diff: 4.8, Sum: 19.6]
      [Update RS (ms): Min: 0.0, Avg: 2.1, Max: 2.8, Diff: 2.8, Sum: 16.6]
         [Processed Buffers: Min: 0, Avg: 5.8, Max: 17, Diff: 17, Sum: 46]
      [Scan RS (ms): Min: 0.0, Avg: 0.1, Max: 0.1, Diff: 0.1, Sum: 0.5]
      [Code Root Scanning (ms): Min: 0.0, Avg: 0.0, Max: 0.0, Diff: 0.0, Sum: 0.0]
      [Object Copy (ms): Min: 0.5, Avg: 2.2, Max: 2.6, Diff: 2.1, Sum: 17.7]
      [Termination (ms): Min: 0.0, Avg: 0.0, Max: 0.0, Diff: 0.0, Sum: 0.0]
         [Termination Attempts: Min: 1, Avg: 1.0, Max: 1, Diff: 0, Sum: 8]
      [GC Worker Other (ms): Min: 0.0, Avg: 0.1, Max: 0.2, Diff: 0.1, Sum: 0.5]
      [GC Worker Total (ms): Min: 6.8, Avg: 6.9, Max: 6.9, Diff: 0.2, Sum: 54.9]
      [GC Worker End (ms): Min: 630713374.2, Avg: 630713374.2, Max: 630713374.3, Diff: 0.1]
   [Code Root Fixup: 0.0 ms]
   [Code Root Purge: 0.0 ms]
   [Clear CT: 0.7 ms]
   [Other: 4.1 ms]
      [Choose CSet: 0.0 ms]
      [Ref Proc: 3.4 ms]
      [Ref Enq: 0.1 ms]
      [Redirty Cards: 0.1 ms]
      [Humongous Register: 0.1 ms]
      [Humongous Reclaim: 0.0 ms]
      [Free CSet: 0.3 ms]
   [Eden: 7152.0M(7152.0M)->0.0B(5712.0M) Survivors: 16384.0K->16384.0K Heap: 10746.5M(14336.0M)->3596.4M(14336.0M)]
 [Times: user=0.06 sys=0.00, real=0.02 secs] 
2022-07-29T04:23:58.838-0700: 630810.343: [GC pause (G1 Evacuation Pause) (mixed), 0.0125091 secs]
   [Parallel Time: 9.0 ms, GC Workers: 8]
      [GC Worker Start (ms): Min: 630810343.0, Avg: 630810343.1, Max: 630810343.1, Diff: 0.2]
      [Ext Root Scanning (ms): Min: 1.1, Avg: 2.1, Max: 6.9, Diff: 5.8, Sum: 16.5]
      [Update RS (ms): Min: 0.0, Avg: 1.3, Max: 1.9, Diff: 1.9, Sum: 10.0]
         [Processed Buffers: Min: 0, Avg: 4.9, Max: 15, Diff: 15, Sum: 39]
      [Scan RS (ms): Min: 0.1, Avg: 1.2, Max: 1.5, Diff: 1.4, Sum: 9.6]
      [Code Root Scanning (ms): Min: 0.0, Avg: 0.0, Max: 0.0, Diff: 0.0, Sum: 0.0]
      [Object Copy (ms): Min: 1.8, Avg: 4.2, Max: 4.6, Diff: 2.8, Sum: 33.3]
      [Termination (ms): Min: 0.0, Avg: 0.0, Max: 0.0, Diff: 0.0, Sum: 0.0]
         [Termination Attempts: Min: 1, Avg: 4.5, Max: 9, Diff: 8, Sum: 36]
      [GC Worker Other (ms): Min: 0.0, Avg: 0.1, Max: 0.1, Diff: 0.1, Sum: 0.5]
      [GC Worker Total (ms): Min: 8.6, Avg: 8.7, Max: 8.8, Diff: 0.2, Sum: 69.9]
      [GC Worker End (ms): Min: 630810351.8, Avg: 630810351.8, Max: 630810351.9, Diff: 0.1]
   [Code Root Fixup: 0.0 ms]
   [Code Root Purge: 0.0 ms]
   [Clear CT: 0.8 ms]
   [Other: 2.8 ms]
      [Choose CSet: 0.0 ms]
      [Ref Proc: 2.2 ms]
      [Ref Enq: 0.1 ms]
      [Redirty Cards: 0.0 ms]
      [Humongous Register: 0.1 ms]
      [Humongous Reclaim: 0.0 ms]
      [Free CSet: 0.2 ms]
   [Eden: 5712.0M(5712.0M)->0.0B(7152.0M) Survivors: 16384.0K->16384.0K Heap: 9308.4M(14336.0M)->3591.2M(14336.0M)]
 [Times: user=0.09 sys=0.00, real=0.01 secs] 
2022-07-29T04:26:02.169-0700: 630933.674: [GC pause (G1 Evacuation Pause) (young), 0.0113750 secs]
   [Parallel Time: 8.4 ms, GC Workers: 8]
      [GC Worker Start (ms): Min: 630933674.1, Avg: 630933674.1, Max: 630933674.2, Diff: 0.1]
      [Ext Root Scanning (ms): Min: 1.2, Avg: 2.0, Max: 5.5, Diff: 4.3, Sum: 15.8]
      [Update RS (ms): Min: 0.7, Avg: 3.9, Max: 4.8, Diff: 4.1, Sum: 31.1]
         [Processed Buffers: Min: 3, Avg: 12.0, Max: 15, Diff: 12, Sum: 96]
      [Scan RS (ms): Min: 0.0, Avg: 0.1, Max: 0.1, Diff: 0.1, Sum: 0.4]
      [Code Root Scanning (ms): Min: 0.0, Avg: 0.0, Max: 0.0, Diff: 0.0, Sum: 0.0]
      [Object Copy (ms): Min: 1.9, Avg: 2.2, Max: 2.4, Diff: 0.5, Sum: 17.7]
      [Termination (ms): Min: 0.0, Avg: 0.0, Max: 0.0, Diff: 0.0, Sum: 0.0]
         [Termination Attempts: Min: 1, Avg: 4.4, Max: 8, Diff: 7, Sum: 35]
      [GC Worker Other (ms): Min: 0.0, Avg: 0.1, Max: 0.1, Diff: 0.1, Sum: 0.5]
      [GC Worker Total (ms): Min: 8.1, Avg: 8.2, Max: 8.3, Diff: 0.1, Sum: 65.6]
      [GC Worker End (ms): Min: 630933682.3, Avg: 630933682.3, Max: 630933682.4, Diff: 0.1]
   [Code Root Fixup: 0.0 ms]
   [Code Root Purge: 0.0 ms]
   [Clear CT: 0.7 ms]
   [Other: 2.3 ms]
      [Choose CSet: 0.0 ms]
      [Ref Proc: 1.6 ms]
      [Ref Enq: 0.1 ms]
      [Redirty Cards: 0.1 ms]
      [Humongous Register: 0.0 ms]
      [Humongous Reclaim: 0.0 ms]
      [Free CSet: 0.3 ms]
   [Eden: 7152.0M(7152.0M)->0.0B(7152.0M) Survivors: 16384.0K->16384.0K Heap: 10743.2M(14336.0M)->3593.4M(14336.0M)]
 [Times: user=0.07 sys=0.00, real=0.01 secs] 
2022-07-29T04:28:01.671-0700: 631053.176: [GC pause (G1 Evacuation Pause) (young) (initial-mark), 0.0167071 secs]
   [Parallel Time: 11.6 ms, GC Workers: 8]
      [GC Worker Start (ms): Min: 631053178.0, Avg: 631053178.0, Max: 631053178.1, Diff: 0.1]
      [Ext Root Scanning (ms): Min: 5.0, Avg: 5.3, Max: 5.8, Diff: 0.8, Sum: 42.8]
      [Update RS (ms): Min: 1.3, Avg: 1.5, Max: 1.7, Diff: 0.4, Sum: 11.9]
         [Processed Buffers: Min: 3, Avg: 5.8, Max: 9, Diff: 6, Sum: 46]
      [Scan RS (ms): Min: 0.0, Avg: 0.1, Max: 0.1, Diff: 0.1, Sum: 0.4]
      [Code Root Scanning (ms): Min: 0.0, Avg: 0.0, Max: 0.0, Diff: 0.0, Sum: 0.0]
      [Object Copy (ms): Min: 2.0, Avg: 2.5, Max: 2.7, Diff: 0.7, Sum: 19.6]
      [Termination (ms): Min: 0.0, Avg: 0.1, Max: 0.1, Diff: 0.1, Sum: 0.5]
         [Termination Attempts: Min: 23, Avg: 28.8, Max: 37, Diff: 14, Sum: 230]
      [GC Worker Other (ms): Min: 0.0, Avg: 0.0, Max: 0.1, Diff: 0.1, Sum: 0.3]
      [GC Worker Total (ms): Min: 9.3, Avg: 9.4, Max: 9.5, Diff: 0.2, Sum: 75.5]
      [GC Worker End (ms): Min: 631053187.5, Avg: 631053187.5, Max: 631053187.5, Diff: 0.1]
   [Code Root Fixup: 0.0 ms]
   [Code Root Purge: 0.0 ms]
   [Clear CT: 0.7 ms]
   [Other: 4.3 ms]
      [Choose CSet: 0.0 ms]
      [Ref Proc: 3.6 ms]
      [Ref Enq: 0.1 ms]
      [Redirty Cards: 0.1 ms]
      [Humongous Register: 0.1 ms]
      [Humongous Reclaim: 0.0 ms]
      [Free CSet: 0.3 ms]
   [Eden: 7152.0M(7152.0M)->0.0B(7152.0M) Survivors: 16384.0K->16384.0K Heap: 10745.4M(14336.0M)->3598.2M(14336.0M)]
 [Times: user=0.08 sys=0.00, real=0.02 secs] 
2022-07-29T04:28:01.688-0700: 631053.193: [GC concurrent-root-region-scan-start]
2022-07-29T04:28:01.697-0700: 631053.202: [GC concurrent-root-region-scan-end, 0.0094092 secs]
2022-07-29T04:28:01.697-0700: 631053.202: [GC concurrent-mark-start]
2022-07-29T04:28:04.422-0700: 631055.927: [GC concurrent-mark-end, 2.7249237 secs]
2022-07-29T04:28:04.423-0700: 631055.927: [GC remark 2022-07-29T04:28:04.423-0700: 631055.927: [Finalize Marking, 0.0002315 secs] 2022-07-29T04:28:04.423-0700: 631055.928: [GC ref-proc, 0.0064864 secs] 2022-07-29T04:28:04.429-0700: 631055.934: [Unloading, 0.0275642 secs], 0.0400488 secs]
 [Times: user=0.25 sys=0.00, real=0.05 secs] 
2022-07-29T04:28:04.463-0700: 631055.968: [GC cleanup 3758M->3758M(14336M), 0.0089278 secs]
 [Times: user=0.06 sys=0.00, real=0.00 secs] 
2022-07-29T04:30:03.769-0700: 631175.273: [GC pause (G1 Evacuation Pause) (young), 0.0108305 secs]
   [Parallel Time: 6.0 ms, GC Workers: 8]
      [GC Worker Start (ms): Min: 631175273.5, Avg: 631175273.6, Max: 631175273.7, Diff: 0.2]
      [Ext Root Scanning (ms): Min: 1.1, Avg: 1.9, Max: 5.7, Diff: 4.6, Sum: 15.5]
      [Update RS (ms): Min: 0.0, Avg: 1.8, Max: 2.3, Diff: 2.3, Sum: 14.2]
         [Processed Buffers: Min: 0, Avg: 6.5, Max: 10, Diff: 10, Sum: 52]
      [Scan RS (ms): Min: 0.0, Avg: 0.1, Max: 0.1, Diff: 0.1, Sum: 0.4]
      [Code Root Scanning (ms): Min: 0.0, Avg: 0.0, Max: 0.0, Diff: 0.0, Sum: 0.0]
      [Object Copy (ms): Min: 0.0, Avg: 1.8, Max: 2.2, Diff: 2.2, Sum: 14.4]
      [Termination (ms): Min: 0.0, Avg: 0.1, Max: 0.1, Diff: 0.1, Sum: 0.6]
         [Termination Attempts: Min: 1, Avg: 1.0, Max: 1, Diff: 0, Sum: 8]
      [GC Worker Other (ms): Min: 0.0, Avg: 0.0, Max: 0.0, Diff: 0.0, Sum: 0.2]
      [GC Worker Total (ms): Min: 5.6, Avg: 5.7, Max: 5.7, Diff: 0.1, Sum: 45.4]
      [GC Worker End (ms): Min: 631175279.2, Avg: 631175279.3, Max: 631175279.3, Diff: 0.0]
   [Code Root Fixup: 0.0 ms]
   [Code Root Purge: 0.0 ms]
   [Clear CT: 0.8 ms]
   [Other: 4.1 ms]
      [Choose CSet: 0.0 ms]
      [Ref Proc: 3.4 ms]
      [Ref Enq: 0.1 ms]
      [Redirty Cards: 0.1 ms]
      [Humongous Register: 0.1 ms]
      [Humongous Reclaim: 0.0 ms]
      [Free CSet: 0.3 ms]
   [Eden: 7152.0M(7152.0M)->0.0B(5712.0M) Survivors: 16384.0K->16384.0K Heap: 10750.2M(14336.0M)->3597.4M(14336.0M)]
 [Times: user=0.06 sys=0.00, real=0.01 secs] 
2022-07-29T04:31:41.828-0700: 631273.333: [GC pause (G1 Evacuation Pause) (mixed), 0.0120568 secs]
   [Parallel Time: 7.0 ms, GC Workers: 8]
      [GC Worker Start (ms): Min: 631273333.0, Avg: 631273333.0, Max: 631273333.1, Diff: 0.2]
      [Ext Root Scanning (ms): Min: 1.1, Avg: 2.1, Max: 6.6, Diff: 5.4, Sum: 16.5]
      [Update RS (ms): Min: 0.0, Avg: 1.4, Max: 2.0, Diff: 2.0, Sum: 11.4]
         [Processed Buffers: Min: 0, Avg: 5.6, Max: 12, Diff: 12, Sum: 45]
      [Scan RS (ms): Min: 0.0, Avg: 0.6, Max: 0.8, Diff: 0.8, Sum: 4.5]
      [Code Root Scanning (ms): Min: 0.0, Avg: 0.0, Max: 0.0, Diff: 0.0, Sum: 0.0]
      [Object Copy (ms): Min: 0.1, Avg: 2.6, Max: 3.0, Diff: 2.9, Sum: 20.5]
      [Termination (ms): Min: 0.0, Avg: 0.0, Max: 0.0, Diff: 0.0, Sum: 0.0]
         [Termination Attempts: Min: 1, Avg: 2.9, Max: 5, Diff: 4, Sum: 23]
      [GC Worker Other (ms): Min: 0.0, Avg: 0.0, Max: 0.1, Diff: 0.1, Sum: 0.3]
      [GC Worker Total (ms): Min: 6.6, Avg: 6.7, Max: 6.8, Diff: 0.2, Sum: 53.2]
      [GC Worker End (ms): Min: 631273339.7, Avg: 631273339.7, Max: 631273339.7, Diff: 0.1]
   [Code Root Fixup: 0.0 ms]
   [Code Root Purge: 0.0 ms]
   [Clear CT: 0.7 ms]
   [Other: 4.3 ms]
      [Choose CSet: 0.0 ms]
      [Ref Proc: 3.6 ms]
      [Ref Enq: 0.1 ms]
      [Redirty Cards: 0.1 ms]
      [Humongous Register: 0.1 ms]
      [Humongous Reclaim: 0.0 ms]
      [Free CSet: 0.3 ms]
   [Eden: 5712.0M(5712.0M)->0.0B(7152.0M) Survivors: 16384.0K->16384.0K Heap: 9309.4M(14336.0M)->3583.7M(14336.0M)]
 [Times: user=0.06 sys=0.00, real=0.01 secs] 
2022-07-29T04:33:43.837-0700: 631395.342: [GC pause (G1 Evacuation Pause) (young), 0.0121700 secs]
   [Parallel Time: 6.5 ms, GC Workers: 8]
      [GC Worker Start (ms): Min: 631395342.4, Avg: 631395342.5, Max: 631395342.5, Diff: 0.1]
      [Ext Root Scanning (ms): Min: 1.1, Avg: 1.9, Max: 5.3, Diff: 4.2, Sum: 15.0]
      [Update RS (ms): Min: 0.0, Avg: 2.3, Max: 3.0, Diff: 3.0, Sum: 18.1]
         [Processed Buffers: Min: 0, Avg: 7.6, Max: 15, Diff: 15, Sum: 61]
      [Scan RS (ms): Min: 0.0, Avg: 0.0, Max: 0.1, Diff: 0.1, Sum: 0.4]
      [Code Root Scanning (ms): Min: 0.0, Avg: 0.0, Max: 0.0, Diff: 0.0, Sum: 0.0]
      [Object Copy (ms): Min: 0.9, Avg: 2.0, Max: 2.3, Diff: 1.4, Sum: 15.8]
      [Termination (ms): Min: 0.0, Avg: 0.0, Max: 0.0, Diff: 0.0, Sum: 0.1]
         [Termination Attempts: Min: 1, Avg: 7.4, Max: 14, Diff: 13, Sum: 59]
      [GC Worker Other (ms): Min: 0.0, Avg: 0.1, Max: 0.1, Diff: 0.1, Sum: 0.5]
      [GC Worker Total (ms): Min: 6.1, Avg: 6.2, Max: 6.3, Diff: 0.2, Sum: 49.9]
      [GC Worker End (ms): Min: 631395348.7, Avg: 631395348.7, Max: 631395348.7, Diff: 0.1]
   [Code Root Fixup: 0.0 ms]
   [Code Root Purge: 0.0 ms]
   [Clear CT: 0.7 ms]
   [Other: 5.0 ms]
      [Choose CSet: 0.0 ms]
      [Ref Proc: 4.1 ms]
      [Ref Enq: 0.2 ms]
      [Redirty Cards: 0.1 ms]
      [Humongous Register: 0.1 ms]
      [Humongous Reclaim: 0.0 ms]
      [Free CSet: 0.3 ms]
   [Eden: 7152.0M(7152.0M)->0.0B(7152.0M) Survivors: 16384.0K->16384.0K Heap: 10735.7M(14336.0M)->3588.8M(14336.0M)]
 [Times: user=0.07 sys=0.00, real=0.01 secs] 
2022-07-29T04:35:45.316-0700: 631516.821: [GC pause (G1 Evacuation Pause) (young) (initial-mark), 0.0170686 secs]
   [Parallel Time: 12.5 ms, GC Workers: 8]
      [GC Worker Start (ms): Min: 631516823.2, Avg: 631516823.3, Max: 631516823.3, Diff: 0.1]
      [Ext Root Scanning (ms): Min: 5.5, Avg: 5.9, Max: 6.3, Diff: 0.9, Sum: 46.8]
      [Update RS (ms): Min: 1.5, Avg: 1.7, Max: 1.9, Diff: 0.4, Sum: 13.7]
         [Processed Buffers: Min: 3, Avg: 5.2, Max: 10, Diff: 7, Sum: 42]
      [Scan RS (ms): Min: 0.0, Avg: 0.1, Max: 0.1, Diff: 0.1, Sum: 0.5]
      [Code Root Scanning (ms): Min: 0.0, Avg: 0.0, Max: 0.0, Diff: 0.0, Sum: 0.0]
      [Object Copy (ms): Min: 2.1, Avg: 2.6, Max: 3.0, Diff: 0.8, Sum: 20.6]
      [Termination (ms): Min: 0.0, Avg: 0.0, Max: 0.0, Diff: 0.0, Sum: 0.0]
         [Termination Attempts: Min: 1, Avg: 1.4, Max: 3, Diff: 2, Sum: 11]
      [GC Worker Other (ms): Min: 0.0, Avg: 0.1, Max: 0.2, Diff: 0.2, Sum: 0.7]
      [GC Worker Total (ms): Min: 10.2, Avg: 10.3, Max: 10.4, Diff: 0.2, Sum: 82.4]
      [GC Worker End (ms): Min: 631516833.5, Avg: 631516833.6, Max: 631516833.7, Diff: 0.2]
   [Code Root Fixup: 0.0 ms]
   [Code Root Purge: 0.0 ms]
   [Clear CT: 0.7 ms]
   [Other: 3.8 ms]
      [Choose CSet: 0.0 ms]
      [Ref Proc: 3.1 ms]
      [Ref Enq: 0.1 ms]
      [Redirty Cards: 0.1 ms]
      [Humongous Register: 0.0 ms]
      [Humongous Reclaim: 0.0 ms]
      [Free CSet: 0.3 ms]
   [Eden: 7152.0M(7152.0M)->0.0B(7152.0M) Survivors: 16384.0K->16384.0K Heap: 10740.8M(14336.0M)->3586.6M(14336.0M)]
 [Times: user=0.08 sys=0.01, real=0.01 secs] 
2022-07-29T04:35:45.334-0700: 631516.838: [GC concurrent-root-region-scan-start]
2022-07-29T04:35:45.343-0700: 631516.848: [GC concurrent-root-region-scan-end, 0.0094521 secs]
2022-07-29T04:35:45.343-0700: 631516.848: [GC concurrent-mark-start]
2022-07-29T04:35:48.038-0700: 631519.543: [GC concurrent-mark-end, 2.6951759 secs]
2022-07-29T04:35:48.039-0700: 631519.543: [GC remark 2022-07-29T04:35:48.039-0700: 631519.543: [Finalize Marking, 0.0004491 secs] 2022-07-29T04:35:48.039-0700: 631519.544: [GC ref-proc, 0.0068806 secs] 2022-07-29T04:35:48.046-0700: 631519.551: [Unloading, 0.0280337 secs], 0.0412163 secs]
 [Times: user=0.26 sys=0.00, real=0.04 secs] 
2022-07-29T04:35:48.080-0700: 631519.585: [GC cleanup 3810M->3810M(14336M), 0.0086462 secs]
 [Times: user=0.06 sys=0.00, real=0.01 secs] 
2022-07-29T04:37:44.716-0700: 631636.220: [GC pause (G1 Evacuation Pause) (young), 0.0097541 secs]
   [Parallel Time: 6.2 ms, GC Workers: 8]
      [GC Worker Start (ms): Min: 631636220.4, Avg: 631636220.5, Max: 631636220.5, Diff: 0.2]
      [Ext Root Scanning (ms): Min: 1.2, Avg: 2.0, Max: 5.5, Diff: 4.3, Sum: 16.1]
      [Update RS (ms): Min: 0.0, Avg: 1.8, Max: 2.4, Diff: 2.4, Sum: 14.2]
         [Processed Buffers: Min: 0, Avg: 5.8, Max: 12, Diff: 12, Sum: 46]
      [Scan RS (ms): Min: 0.0, Avg: 0.1, Max: 0.1, Diff: 0.1, Sum: 0.5]
      [Code Root Scanning (ms): Min: 0.0, Avg: 0.0, Max: 0.0, Diff: 0.0, Sum: 0.0]
      [Object Copy (ms): Min: 0.5, Avg: 2.1, Max: 2.5, Diff: 2.0, Sum: 17.1]
      [Termination (ms): Min: 0.0, Avg: 0.0, Max: 0.0, Diff: 0.0, Sum: 0.0]
         [Termination Attempts: Min: 1, Avg: 1.0, Max: 1, Diff: 0, Sum: 8]
      [GC Worker Other (ms): Min: 0.0, Avg: 0.1, Max: 0.1, Diff: 0.1, Sum: 0.4]
      [GC Worker Total (ms): Min: 5.9, Avg: 6.0, Max: 6.1, Diff: 0.2, Sum: 48.3]
      [GC Worker End (ms): Min: 631636226.5, Avg: 631636226.5, Max: 631636226.6, Diff: 0.1]
   [Code Root Fixup: 0.0 ms]
   [Code Root Purge: 0.0 ms]
   [Clear CT: 0.7 ms]
   [Other: 2.7 ms]
      [Choose CSet: 0.0 ms]
      [Ref Proc: 2.0 ms]
      [Ref Enq: 0.1 ms]
      [Redirty Cards: 0.1 ms]
      [Humongous Register: 0.1 ms]
      [Humongous Reclaim: 0.0 ms]
      [Free CSet: 0.3 ms]
   [Eden: 7152.0M(7152.0M)->0.0B(5712.0M) Survivors: 16384.0K->16384.0K Heap: 10738.6M(14336.0M)->3588.6M(14336.0M)]
 [Times: user=0.06 sys=0.00, real=0.01 secs] 
2022-07-29T04:39:21.224-0700: 631732.729: [GC pause (G1 Evacuation Pause) (mixed), 0.0138134 secs]
   [Parallel Time: 9.0 ms, GC Workers: 8]
      [GC Worker Start (ms): Min: 631732729.3, Avg: 631732729.3, Max: 631732729.4, Diff: 0.1]
      [Ext Root Scanning (ms): Min: 1.1, Avg: 2.0, Max: 6.2, Diff: 5.1, Sum: 16.3]
      [Update RS (ms): Min: 0.0, Avg: 1.3, Max: 1.7, Diff: 1.7, Sum: 10.5]
         [Processed Buffers: Min: 0, Avg: 5.2, Max: 13, Diff: 13, Sum: 42]
      [Scan RS (ms): Min: 0.0, Avg: 0.9, Max: 1.1, Diff: 1.1, Sum: 7.0]
      [Code Root Scanning (ms): Min: 0.0, Avg: 0.0, Max: 0.0, Diff: 0.0, Sum: 0.0]
      [Object Copy (ms): Min: 2.4, Avg: 4.3, Max: 4.7, Diff: 2.4, Sum: 34.8]
      [Termination (ms): Min: 0.0, Avg: 0.0, Max: 0.0, Diff: 0.0, Sum: 0.0]
         [Termination Attempts: Min: 1, Avg: 3.0, Max: 7, Diff: 6, Sum: 24]
      [GC Worker Other (ms): Min: 0.0, Avg: 0.1, Max: 0.2, Diff: 0.1, Sum: 0.5]
      [GC Worker Total (ms): Min: 8.5, Avg: 8.6, Max: 8.8, Diff: 0.3, Sum: 69.1]
      [GC Worker End (ms): Min: 631732737.9, Avg: 631732738.0, Max: 631732738.1, Diff: 0.2]
   [Code Root Fixup: 0.0 ms]
   [Code Root Purge: 0.0 ms]
   [Clear CT: 0.7 ms]
   [Other: 4.0 ms]
      [Choose CSet: 0.0 ms]
      [Ref Proc: 3.4 ms]
      [Ref Enq: 0.1 ms]
      [Redirty Cards: 0.0 ms]
      [Humongous Register: 0.1 ms]
      [Humongous Reclaim: 0.0 ms]
      [Free CSet: 0.2 ms]
   [Eden: 5712.0M(5712.0M)->0.0B(7152.0M) Survivors: 16384.0K->16384.0K Heap: 9300.6M(14336.0M)->3584.0M(14336.0M)]
 [Times: user=0.08 sys=0.00, real=0.01 secs] 
2022-07-29T04:41:25.163-0700: 631856.667: [GC pause (G1 Evacuation Pause) (young), 0.0133497 secs]
   [Parallel Time: 8.3 ms, GC Workers: 8]
      [GC Worker Start (ms): Min: 631856667.6, Avg: 631856667.6, Max: 631856667.7, Diff: 0.1]
      [Ext Root Scanning (ms): Min: 1.5, Avg: 2.3, Max: 5.6, Diff: 4.1, Sum: 18.0]
      [Update RS (ms): Min: 1.1, Avg: 3.8, Max: 4.5, Diff: 3.5, Sum: 30.8]
         [Processed Buffers: Min: 3, Avg: 11.1, Max: 20, Diff: 17, Sum: 89]
      [Scan RS (ms): Min: 0.0, Avg: 0.1, Max: 0.1, Diff: 0.1, Sum: 0.4]
      [Code Root Scanning (ms): Min: 0.0, Avg: 0.0, Max: 0.0, Diff: 0.0, Sum: 0.0]
      [Object Copy (ms): Min: 1.4, Avg: 1.9, Max: 2.1, Diff: 0.7, Sum: 15.4]
      [Termination (ms): Min: 0.0, Avg: 0.0, Max: 0.0, Diff: 0.0, Sum: 0.0]
         [Termination Attempts: Min: 1, Avg: 1.0, Max: 1, Diff: 0, Sum: 8]
      [GC Worker Other (ms): Min: 0.0, Avg: 0.1, Max: 0.1, Diff: 0.1, Sum: 0.4]
      [GC Worker Total (ms): Min: 8.1, Avg: 8.1, Max: 8.2, Diff: 0.1, Sum: 65.0]
      [GC Worker End (ms): Min: 631856675.7, Avg: 631856675.8, Max: 631856675.8, Diff: 0.1]
   [Code Root Fixup: 0.0 ms]
   [Code Root Purge: 0.0 ms]
   [Clear CT: 0.8 ms]
   [Other: 4.3 ms]
      [Choose CSet: 0.0 ms]
      [Ref Proc: 3.6 ms]
      [Ref Enq: 0.1 ms]
      [Redirty Cards: 0.1 ms]
      [Humongous Register: 0.1 ms]
      [Humongous Reclaim: 0.0 ms]
      [Free CSet: 0.3 ms]
   [Eden: 7152.0M(7152.0M)->0.0B(7152.0M) Survivors: 16384.0K->16384.0K Heap: 10736.0M(14336.0M)->3585.0M(14336.0M)]
 [Times: user=0.08 sys=0.00, real=0.01 secs] 
2022-07-29T04:43:27.465-0700: 631978.970: [GC pause (G1 Evacuation Pause) (young) (initial-mark), 0.0171411 secs]
   [Parallel Time: 11.9 ms, GC Workers: 8]
      [GC Worker Start (ms): Min: 631978972.3, Avg: 631978972.4, Max: 631978972.5, Diff: 0.2]
      [Ext Root Scanning (ms): Min: 5.1, Avg: 5.5, Max: 5.9, Diff: 0.8, Sum: 43.8]
      [Update RS (ms): Min: 1.5, Avg: 1.6, Max: 1.9, Diff: 0.4, Sum: 13.0]
         [Processed Buffers: Min: 3, Avg: 5.9, Max: 16, Diff: 13, Sum: 47]
      [Scan RS (ms): Min: 0.0, Avg: 0.1, Max: 0.1, Diff: 0.1, Sum: 0.4]
      [Code Root Scanning (ms): Min: 0.0, Avg: 0.0, Max: 0.0, Diff: 0.0, Sum: 0.0]
      [Object Copy (ms): Min: 1.9, Avg: 2.4, Max: 2.7, Diff: 0.8, Sum: 18.9]
      [Termination (ms): Min: 0.0, Avg: 0.0, Max: 0.0, Diff: 0.0, Sum: 0.1]
         [Termination Attempts: Min: 17, Avg: 22.9, Max: 28, Diff: 11, Sum: 183]
      [GC Worker Other (ms): Min: 0.0, Avg: 0.1, Max: 0.1, Diff: 0.1, Sum: 0.5]
      [GC Worker Total (ms): Min: 9.5, Avg: 9.6, Max: 9.7, Diff: 0.3, Sum: 76.6]
      [GC Worker End (ms): Min: 631978981.9, Avg: 631978982.0, Max: 631978982.0, Diff: 0.1]
   [Code Root Fixup: 0.0 ms]
   [Code Root Purge: 0.0 ms]
   [Clear CT: 0.7 ms]
   [Other: 4.5 ms]
      [Choose CSet: 0.0 ms]
      [Ref Proc: 3.7 ms]
      [Ref Enq: 0.1 ms]
      [Redirty Cards: 0.1 ms]
      [Humongous Register: 0.0 ms]
      [Humongous Reclaim: 0.0 ms]
      [Free CSet: 0.3 ms]
   [Eden: 7152.0M(7152.0M)->0.0B(7152.0M) Survivors: 16384.0K->16384.0K Heap: 10737.0M(14336.0M)->3590.1M(14336.0M)]
 [Times: user=0.07 sys=0.01, real=0.01 secs] 
2022-07-29T04:43:27.482-0700: 631978.987: [GC concurrent-root-region-scan-start]
2022-07-29T04:43:27.494-0700: 631978.998: [GC concurrent-root-region-scan-end, 0.0110562 secs]
2022-07-29T04:43:27.494-0700: 631978.998: [GC concurrent-mark-start]
2022-07-29T04:43:30.203-0700: 631981.708: [GC concurrent-mark-end, 2.7096776 secs]
2022-07-29T04:43:30.204-0700: 631981.708: [GC remark 2022-07-29T04:43:30.204-0700: 631981.708: [Finalize Marking, 0.0004771 secs] 2022-07-29T04:43:30.204-0700: 631981.709: [GC ref-proc, 0.0070523 secs] 2022-07-29T04:43:30.211-0700: 631981.716: [Unloading, 0.0282891 secs], 0.0415562 secs]
 [Times: user=0.27 sys=0.00, real=0.04 secs] 
2022-07-29T04:43:30.246-0700: 631981.750: [GC cleanup 3808M->3808M(14336M), 0.0084756 secs]
 [Times: user=0.06 sys=0.00, real=0.00 secs] 
2022-07-29T04:45:31.829-0700: 632103.333: [GC pause (G1 Evacuation Pause) (young), 0.0096808 secs]
   [Parallel Time: 5.9 ms, GC Workers: 8]
      [GC Worker Start (ms): Min: 632103333.5, Avg: 632103333.6, Max: 632103333.6, Diff: 0.1]
      [Ext Root Scanning (ms): Min: 1.3, Avg: 2.1, Max: 5.7, Diff: 4.4, Sum: 16.6]
      [Update RS (ms): Min: 0.0, Avg: 1.2, Max: 1.7, Diff: 1.7, Sum: 9.4]
         [Processed Buffers: Min: 0, Avg: 4.4, Max: 11, Diff: 11, Sum: 35]
      [Scan RS (ms): Min: 0.0, Avg: 0.1, Max: 0.1, Diff: 0.1, Sum: 0.4]
      [Code Root Scanning (ms): Min: 0.0, Avg: 0.0, Max: 0.0, Diff: 0.0, Sum: 0.0]
      [Object Copy (ms): Min: 0.0, Avg: 1.8, Max: 2.2, Diff: 2.2, Sum: 14.2]
      [Termination (ms): Min: 0.0, Avg: 0.6, Max: 0.7, Diff: 0.7, Sum: 4.9]
         [Termination Attempts: Min: 1, Avg: 2.2, Max: 3, Diff: 2, Sum: 18]
      [GC Worker Other (ms): Min: 0.0, Avg: 0.0, Max: 0.0, Diff: 0.0, Sum: 0.2]
      [GC Worker Total (ms): Min: 5.7, Avg: 5.7, Max: 5.8, Diff: 0.1, Sum: 45.7]
      [GC Worker End (ms): Min: 632103339.3, Avg: 632103339.3, Max: 632103339.3, Diff: 0.0]
   [Code Root Fixup: 0.0 ms]
   [Code Root Purge: 0.0 ms]
   [Clear CT: 1.7 ms]
   [Other: 2.1 ms]
      [Choose CSet: 0.0 ms]
      [Ref Proc: 1.5 ms]
      [Ref Enq: 0.1 ms]
      [Redirty Cards: 0.1 ms]
      [Humongous Register: 0.1 ms]
      [Humongous Reclaim: 0.0 ms]
      [Free CSet: 0.3 ms]
   [Eden: 7152.0M(7152.0M)->0.0B(5712.0M) Survivors: 16384.0K->16384.0K Heap: 10742.1M(14336.0M)->3587.3M(14336.0M)]
 [Times: user=0.05 sys=0.01, real=0.01 secs] 
2022-07-29T04:47:10.761-0700: 632202.266: [GC pause (G1 Evacuation Pause) (mixed), 0.0162817 secs]
   [Parallel Time: 11.3 ms, GC Workers: 8]
      [GC Worker Start (ms): Min: 632202266.0, Avg: 632202266.0, Max: 632202266.1, Diff: 0.2]
      [Ext Root Scanning (ms): Min: 1.5, Avg: 2.4, Max: 6.7, Diff: 5.3, Sum: 19.3]
      [Update RS (ms): Min: 0.0, Avg: 2.1, Max: 2.7, Diff: 2.7, Sum: 16.7]
         [Processed Buffers: Min: 0, Avg: 5.4, Max: 8, Diff: 8, Sum: 43]
      [Scan RS (ms): Min: 0.0, Avg: 1.2, Max: 1.6, Diff: 1.6, Sum: 9.8]
      [Code Root Scanning (ms): Min: 0.0, Avg: 0.0, Max: 0.0, Diff: 0.0, Sum: 0.0]
      [Object Copy (ms): Min: 4.4, Avg: 5.3, Max: 5.7, Diff: 1.3, Sum: 42.5]
      [Termination (ms): Min: 0.0, Avg: 0.0, Max: 0.0, Diff: 0.0, Sum: 0.0]
         [Termination Attempts: Min: 1, Avg: 1.0, Max: 1, Diff: 0, Sum: 8]
      [GC Worker Other (ms): Min: 0.0, Avg: 0.1, Max: 0.2, Diff: 0.1, Sum: 0.6]
      [GC Worker Total (ms): Min: 11.0, Avg: 11.1, Max: 11.2, Diff: 0.2, Sum: 88.9]
      [GC Worker End (ms): Min: 632202277.1, Avg: 632202277.2, Max: 632202277.2, Diff: 0.1]
   [Code Root Fixup: 0.0 ms]
   [Code Root Purge: 0.0 ms]
   [Clear CT: 0.8 ms]
   [Other: 4.1 ms]
      [Choose CSet: 0.0 ms]
      [Ref Proc: 3.4 ms]
      [Ref Enq: 0.1 ms]
      [Redirty Cards: 0.1 ms]
      [Humongous Register: 0.1 ms]
      [Humongous Reclaim: 0.0 ms]
      [Free CSet: 0.2 ms]
   [Eden: 5712.0M(5712.0M)->0.0B(7152.0M) Survivors: 16384.0K->16384.0K Heap: 9299.3M(14336.0M)->3581.7M(14336.0M)]
 [Times: user=0.10 sys=0.00, real=0.02 secs] 
2022-07-29T04:49:11.968-0700: 632323.473: [GC pause (G1 Evacuation Pause) (young), 0.0148223 secs]
   [Parallel Time: 9.0 ms, GC Workers: 8]
      [GC Worker Start (ms): Min: 632323473.4, Avg: 632323473.4, Max: 632323473.5, Diff: 0.1]
      [Ext Root Scanning (ms): Min: 1.2, Avg: 1.9, Max: 5.4, Diff: 4.2, Sum: 15.5]
      [Update RS (ms): Min: 2.0, Avg: 4.9, Max: 5.6, Diff: 3.7, Sum: 39.2]
         [Processed Buffers: Min: 5, Avg: 13.9, Max: 20, Diff: 15, Sum: 111]
      [Scan RS (ms): Min: 0.0, Avg: 0.0, Max: 0.1, Diff: 0.1, Sum: 0.4]
      [Code Root Scanning (ms): Min: 0.0, Avg: 0.0, Max: 0.0, Diff: 0.0, Sum: 0.0]
      [Object Copy (ms): Min: 1.4, Avg: 1.9, Max: 2.1, Diff: 0.6, Sum: 14.9]
      [Termination (ms): Min: 0.0, Avg: 0.0, Max: 0.0, Diff: 0.0, Sum: 0.0]
         [Termination Attempts: Min: 1, Avg: 3.4, Max: 7, Diff: 6, Sum: 27]
      [GC Worker Other (ms): Min: 0.0, Avg: 0.1, Max: 0.1, Diff: 0.1, Sum: 0.5]
      [GC Worker Total (ms): Min: 8.8, Avg: 8.8, Max: 8.9, Diff: 0.1, Sum: 70.6]
      [GC Worker End (ms): Min: 632323482.2, Avg: 632323482.3, Max: 632323482.3, Diff: 0.1]
   [Code Root Fixup: 0.0 ms]
   [Code Root Purge: 0.0 ms]
   [Clear CT: 0.7 ms]
   [Other: 5.0 ms]
      [Choose CSet: 0.0 ms]
      [Ref Proc: 4.3 ms]
      [Ref Enq: 0.2 ms]
      [Redirty Cards: 0.1 ms]
      [Humongous Register: 0.1 ms]
      [Humongous Reclaim: 0.0 ms]
      [Free CSet: 0.3 ms]
   [Eden: 7152.0M(7152.0M)->0.0B(7152.0M) Survivors: 16384.0K->16384.0K Heap: 10733.7M(14336.0M)->3593.0M(14336.0M)]
 [Times: user=0.09 sys=0.00, real=0.02 secs] 
2022-07-29T04:51:13.593-0700: 632445.098: [GC pause (G1 Evacuation Pause) (young) (initial-mark), 0.0171621 secs]
   [Parallel Time: 12.2 ms, GC Workers: 8]
      [GC Worker Start (ms): Min: 632445099.7, Avg: 632445099.8, Max: 632445099.9, Diff: 0.1]
      [Ext Root Scanning (ms): Min: 6.0, Avg: 6.4, Max: 6.9, Diff: 0.8, Sum: 51.2]
      [Update RS (ms): Min: 1.3, Avg: 1.5, Max: 1.8, Diff: 0.5, Sum: 12.2]
         [Processed Buffers: Min: 3, Avg: 5.1, Max: 9, Diff: 6, Sum: 41]
      [Scan RS (ms): Min: 0.0, Avg: 0.0, Max: 0.1, Diff: 0.1, Sum: 0.4]
      [Code Root Scanning (ms): Min: 0.0, Avg: 0.0, Max: 0.0, Diff: 0.0, Sum: 0.0]
      [Object Copy (ms): Min: 1.6, Avg: 2.2, Max: 2.6, Diff: 1.0, Sum: 17.3]
      [Termination (ms): Min: 0.0, Avg: 0.0, Max: 0.0, Diff: 0.0, Sum: 0.0]
         [Termination Attempts: Min: 1, Avg: 6.8, Max: 10, Diff: 9, Sum: 54]
      [GC Worker Other (ms): Min: 0.0, Avg: 0.0, Max: 0.1, Diff: 0.1, Sum: 0.4]
      [GC Worker Total (ms): Min: 10.1, Avg: 10.2, Max: 10.3, Diff: 0.2, Sum: 81.5]
      [GC Worker End (ms): Min: 632445110.0, Avg: 632445110.0, Max: 632445110.1, Diff: 0.1]
   [Code Root Fixup: 0.0 ms]
   [Code Root Purge: 0.0 ms]
   [Clear CT: 0.7 ms]
   [Other: 4.2 ms]
      [Choose CSet: 0.0 ms]
      [Ref Proc: 3.5 ms]
      [Ref Enq: 0.1 ms]
      [Redirty Cards: 0.1 ms]
      [Humongous Register: 0.0 ms]
      [Humongous Reclaim: 0.0 ms]
      [Free CSet: 0.3 ms]
   [Eden: 7152.0M(7152.0M)->0.0B(7152.0M) Survivors: 16384.0K->16384.0K Heap: 10745.0M(14336.0M)->3591.5M(14336.0M)]
 [Times: user=0.09 sys=0.01, real=0.02 secs] 
2022-07-29T04:51:13.610-0700: 632445.115: [GC concurrent-root-region-scan-start]
2022-07-29T04:51:13.620-0700: 632445.124: [GC concurrent-root-region-scan-end, 0.0094469 secs]
2022-07-29T04:51:13.620-0700: 632445.125: [GC concurrent-mark-start]
2022-07-29T04:51:16.335-0700: 632447.840: [GC concurrent-mark-end, 2.7152999 secs]
2022-07-29T04:51:16.335-0700: 632447.840: [GC remark 2022-07-29T04:51:16.336-0700: 632447.840: [Finalize Marking, 0.0002831 secs] 2022-07-29T04:51:16.336-0700: 632447.841: [GC ref-proc, 0.0069927 secs] 2022-07-29T04:51:16.343-0700: 632447.848: [Unloading, 0.0274634 secs], 0.0404419 secs]
 [Times: user=0.25 sys=0.00, real=0.04 secs] 
2022-07-29T04:51:16.376-0700: 632447.881: [GC cleanup 3779M->3779M(14336M), 0.0091311 secs]
 [Times: user=0.07 sys=0.00, real=0.01 secs] 
2022-07-29T04:53:15.221-0700: 632566.725: [GC pause (G1 Evacuation Pause) (young), 0.0110867 secs]
   [Parallel Time: 5.5 ms, GC Workers: 8]
      [GC Worker Start (ms): Min: 632566725.5, Avg: 632566725.6, Max: 632566725.7, Diff: 0.1]
      [Ext Root Scanning (ms): Min: 1.2, Avg: 1.9, Max: 5.3, Diff: 4.1, Sum: 15.2]
      [Update RS (ms): Min: 0.0, Avg: 1.4, Max: 2.1, Diff: 2.1, Sum: 11.4]
         [Processed Buffers: Min: 0, Avg: 5.9, Max: 10, Diff: 10, Sum: 47]
      [Scan RS (ms): Min: 0.0, Avg: 0.1, Max: 0.1, Diff: 0.1, Sum: 0.4]
      [Code Root Scanning (ms): Min: 0.0, Avg: 0.0, Max: 0.0, Diff: 0.0, Sum: 0.0]
      [Object Copy (ms): Min: 0.0, Avg: 1.7, Max: 2.1, Diff: 2.1, Sum: 13.7]
      [Termination (ms): Min: 0.0, Avg: 0.2, Max: 0.2, Diff: 0.2, Sum: 1.5]
         [Termination Attempts: Min: 1, Avg: 1.0, Max: 1, Diff: 0, Sum: 8]
      [GC Worker Other (ms): Min: 0.0, Avg: 0.0, Max: 0.0, Diff: 0.0, Sum: 0.2]
      [GC Worker Total (ms): Min: 5.2, Avg: 5.3, Max: 5.3, Diff: 0.1, Sum: 42.4]
      [GC Worker End (ms): Min: 632566730.9, Avg: 632566730.9, Max: 632566730.9, Diff: 0.1]
   [Code Root Fixup: 0.0 ms]
   [Code Root Purge: 0.0 ms]
   [Clear CT: 0.7 ms]
   [Other: 4.9 ms]
      [Choose CSet: 0.0 ms]
      [Ref Proc: 4.2 ms]
      [Ref Enq: 0.1 ms]
      [Redirty Cards: 0.1 ms]
      [Humongous Register: 0.1 ms]
      [Humongous Reclaim: 0.0 ms]
      [Free CSet: 0.3 ms]
   [Eden: 7152.0M(7152.0M)->0.0B(5712.0M) Survivors: 16384.0K->16384.0K Heap: 10743.5M(14336.0M)->3595.2M(14336.0M)]
 [Times: user=0.06 sys=0.00, real=0.01 secs] 
2022-07-29T04:54:52.367-0700: 632663.871: [GC pause (G1 Evacuation Pause) (mixed), 0.0155812 secs]
   [Parallel Time: 10.8 ms, GC Workers: 8]
      [GC Worker Start (ms): Min: 632663871.5, Avg: 632663871.6, Max: 632663871.7, Diff: 0.2]
      [Ext Root Scanning (ms): Min: 1.4, Avg: 2.4, Max: 7.0, Diff: 5.5, Sum: 19.0]
      [Update RS (ms): Min: 0.0, Avg: 1.6, Max: 2.4, Diff: 2.4, Sum: 12.4]
         [Processed Buffers: Min: 0, Avg: 5.1, Max: 10, Diff: 10, Sum: 41]
      [Scan RS (ms): Min: 0.0, Avg: 0.8, Max: 1.2, Diff: 1.2, Sum: 6.5]
      [Code Root Scanning (ms): Min: 0.0, Avg: 0.0, Max: 0.0, Diff: 0.0, Sum: 0.0]
      [Object Copy (ms): Min: 3.4, Avg: 5.6, Max: 8.8, Diff: 5.4, Sum: 44.6]
      [Termination (ms): Min: 0.0, Avg: 0.1, Max: 0.1, Diff: 0.1, Sum: 0.6]
         [Termination Attempts: Min: 1, Avg: 9.9, Max: 14, Diff: 13, Sum: 79]
      [GC Worker Other (ms): Min: 0.0, Avg: 0.0, Max: 0.1, Diff: 0.1, Sum: 0.3]
      [GC Worker Total (ms): Min: 10.3, Avg: 10.4, Max: 10.5, Diff: 0.2, Sum: 83.5]
      [GC Worker End (ms): Min: 632663882.0, Avg: 632663882.0, Max: 632663882.0, Diff: 0.0]
   [Code Root Fixup: 0.0 ms]
   [Code Root Purge: 0.0 ms]
   [Clear CT: 0.8 ms]
   [Other: 3.9 ms]
      [Choose CSet: 0.0 ms]
      [Ref Proc: 3.3 ms]
      [Ref Enq: 0.1 ms]
      [Redirty Cards: 0.1 ms]
      [Humongous Register: 0.1 ms]
      [Humongous Reclaim: 0.0 ms]
      [Free CSet: 0.2 ms]
   [Eden: 5712.0M(5712.0M)->0.0B(7152.0M) Survivors: 16384.0K->16384.0K Heap: 9307.2M(14336.0M)->3586.3M(14336.0M)]
 [Times: user=0.09 sys=0.00, real=0.01 secs] 
2022-07-29T04:56:53.620-0700: 632785.125: [GC pause (G1 Evacuation Pause) (young), 0.0121949 secs]
   [Parallel Time: 8.6 ms, GC Workers: 8]
      [GC Worker Start (ms): Min: 632785124.8, Avg: 632785124.8, Max: 632785124.9, Diff: 0.2]
      [Ext Root Scanning (ms): Min: 1.3, Avg: 2.0, Max: 5.3, Diff: 4.0, Sum: 15.9]
      [Update RS (ms): Min: 1.3, Avg: 4.3, Max: 5.0, Diff: 3.7, Sum: 34.3]
         [Processed Buffers: Min: 6, Avg: 13.6, Max: 20, Diff: 14, Sum: 109]
      [Scan RS (ms): Min: 0.0, Avg: 0.0, Max: 0.1, Diff: 0.1, Sum: 0.4]
      [Code Root Scanning (ms): Min: 0.0, Avg: 0.0, Max: 0.0, Diff: 0.0, Sum: 0.0]
      [Object Copy (ms): Min: 1.6, Avg: 1.9, Max: 2.1, Diff: 0.5, Sum: 15.4]
      [Termination (ms): Min: 0.0, Avg: 0.0, Max: 0.0, Diff: 0.0, Sum: 0.1]
         [Termination Attempts: Min: 1, Avg: 1.2, Max: 2, Diff: 1, Sum: 10]
      [GC Worker Other (ms): Min: 0.0, Avg: 0.0, Max: 0.1, Diff: 0.1, Sum: 0.4]
      [GC Worker Total (ms): Min: 8.2, Avg: 8.3, Max: 8.4, Diff: 0.1, Sum: 66.5]
      [GC Worker End (ms): Min: 632785133.1, Avg: 632785133.2, Max: 632785133.2, Diff: 0.1]
   [Code Root Fixup: 0.0 ms]
   [Code Root Purge: 0.0 ms]
   [Clear CT: 0.7 ms]
   [Other: 2.8 ms]
      [Choose CSet: 0.0 ms]
      [Ref Proc: 2.1 ms]
      [Ref Enq: 0.1 ms]
      [Redirty Cards: 0.1 ms]
      [Humongous Register: 0.1 ms]
      [Humongous Reclaim: 0.0 ms]
      [Free CSet: 0.3 ms]
   [Eden: 7152.0M(7152.0M)->0.0B(7152.0M) Survivors: 16384.0K->16384.0K Heap: 10738.3M(14336.0M)->3594.3M(14336.0M)]
 [Times: user=0.08 sys=0.00, real=0.01 secs] 
2022-07-29T04:58:55.519-0700: 632907.024: [GC pause (G1 Evacuation Pause) (young) (initial-mark), 0.0170326 secs]
   [Parallel Time: 12.6 ms, GC Workers: 8]
      [GC Worker Start (ms): Min: 632907025.8, Avg: 632907025.9, Max: 632907025.9, Diff: 0.1]
      [Ext Root Scanning (ms): Min: 5.4, Avg: 5.7, Max: 6.2, Diff: 0.8, Sum: 45.9]
      [Update RS (ms): Min: 1.3, Avg: 1.5, Max: 1.8, Diff: 0.5, Sum: 11.6]
         [Processed Buffers: Min: 3, Avg: 5.0, Max: 10, Diff: 7, Sum: 40]
      [Scan RS (ms): Min: 0.0, Avg: 0.1, Max: 0.1, Diff: 0.1, Sum: 0.4]
      [Code Root Scanning (ms): Min: 0.0, Avg: 0.0, Max: 0.0, Diff: 0.0, Sum: 0.0]
      [Object Copy (ms): Min: 2.1, Avg: 2.6, Max: 3.0, Diff: 0.9, Sum: 20.6]
      [Termination (ms): Min: 0.0, Avg: 0.0, Max: 0.0, Diff: 0.0, Sum: 0.0]
         [Termination Attempts: Min: 1, Avg: 2.0, Max: 3, Diff: 2, Sum: 16]
      [GC Worker Other (ms): Min: 0.0, Avg: 0.1, Max: 0.2, Diff: 0.2, Sum: 0.9]
      [GC Worker Total (ms): Min: 9.9, Avg: 10.0, Max: 10.1, Diff: 0.2, Sum: 79.6]
      [GC Worker End (ms): Min: 632907035.7, Avg: 632907035.8, Max: 632907035.9, Diff: 0.2]
   [Code Root Fixup: 0.0 ms]
   [Code Root Purge: 0.0 ms]
   [Clear CT: 0.8 ms]
   [Other: 3.7 ms]
      [Choose CSet: 0.0 ms]
      [Ref Proc: 3.0 ms]
      [Ref Enq: 0.1 ms]
      [Redirty Cards: 0.1 ms]
      [Humongous Register: 0.0 ms]
      [Humongous Reclaim: 0.0 ms]
      [Free CSet: 0.3 ms]
   [Eden: 7152.0M(7152.0M)->0.0B(7152.0M) Survivors: 16384.0K->16384.0K Heap: 10746.3M(14336.0M)->3599.3M(14336.0M)]
 [Times: user=0.08 sys=0.00, real=0.02 secs] 
2022-07-29T04:58:55.536-0700: 632907.041: [GC concurrent-root-region-scan-start]
2022-07-29T04:58:55.546-0700: 632907.051: [GC concurrent-root-region-scan-end, 0.0100530 secs]
2022-07-29T04:58:55.546-0700: 632907.051: [GC concurrent-mark-start]
2022-07-29T04:58:58.261-0700: 632909.766: [GC concurrent-mark-end, 2.7149951 secs]
2022-07-29T04:58:58.261-0700: 632909.766: [GC remark 2022-07-29T04:58:58.261-0700: 632909.766: [Finalize Marking, 0.0001439 secs] 2022-07-29T04:58:58.261-0700: 632909.766: [GC ref-proc, 0.0057876 secs] 2022-07-29T04:58:58.267-0700: 632909.772: [Unloading, 0.0278711 secs], 0.0395622 secs]
 [Times: user=0.25 sys=0.00, real=0.04 secs] 
2022-07-29T04:58:58.301-0700: 632909.806: [GC cleanup 3817M->3817M(14336M), 0.0090353 secs]
 [Times: user=0.07 sys=0.00, real=0.01 secs] 
2022-07-29T05:00:58.514-0700: 633030.019: [GC pause (G1 Evacuation Pause) (young), 0.0102908 secs]
   [Parallel Time: 6.9 ms, GC Workers: 8]
      [GC Worker Start (ms): Min: 633030019.0, Avg: 633030019.0, Max: 633030019.1, Diff: 0.1]
      [Ext Root Scanning (ms): Min: 1.5, Avg: 2.3, Max: 6.3, Diff: 4.9, Sum: 18.5]
      [Update RS (ms): Min: 0.0, Avg: 2.1, Max: 2.8, Diff: 2.8, Sum: 17.1]
         [Processed Buffers: Min: 0, Avg: 5.1, Max: 8, Diff: 8, Sum: 41]
      [Scan RS (ms): Min: 0.0, Avg: 0.1, Max: 0.1, Diff: 0.1, Sum: 0.4]
      [Code Root Scanning (ms): Min: 0.0, Avg: 0.0, Max: 0.0, Diff: 0.0, Sum: 0.0]
      [Object Copy (ms): Min: 0.5, Avg: 2.3, Max: 2.7, Diff: 2.2, Sum: 18.0]
      [Termination (ms): Min: 0.0, Avg: 0.0, Max: 0.0, Diff: 0.0, Sum: 0.0]
         [Termination Attempts: Min: 1, Avg: 4.1, Max: 9, Diff: 8, Sum: 33]
      [GC Worker Other (ms): Min: 0.0, Avg: 0.0, Max: 0.1, Diff: 0.1, Sum: 0.4]
      [GC Worker Total (ms): Min: 6.7, Avg: 6.8, Max: 6.9, Diff: 0.2, Sum: 54.4]
      [GC Worker End (ms): Min: 633030025.8, Avg: 633030025.8, Max: 633030025.9, Diff: 0.1]
   [Code Root Fixup: 0.0 ms]
   [Code Root Purge: 0.0 ms]
   [Clear CT: 0.8 ms]
   [Other: 2.6 ms]
      [Choose CSet: 0.0 ms]
      [Ref Proc: 1.9 ms]
      [Ref Enq: 0.1 ms]
      [Redirty Cards: 0.1 ms]
      [Humongous Register: 0.1 ms]
      [Humongous Reclaim: 0.0 ms]
      [Free CSet: 0.3 ms]
   [Eden: 7152.0M(7152.0M)->0.0B(5712.0M) Survivors: 16384.0K->16384.0K Heap: 10751.3M(14336.0M)->3596.7M(14336.0M)]
 [Times: user=0.07 sys=0.00, real=0.02 secs] 
2022-07-29T05:02:36.565-0700: 633128.069: [GC pause (G1 Evacuation Pause) (mixed), 0.0133898 secs]
   [Parallel Time: 8.6 ms, GC Workers: 8]
      [GC Worker Start (ms): Min: 633128069.4, Avg: 633128069.5, Max: 633128069.5, Diff: 0.1]
      [Ext Root Scanning (ms): Min: 1.4, Avg: 2.2, Max: 6.6, Diff: 5.2, Sum: 17.9]
      [Update RS (ms): Min: 0.0, Avg: 1.9, Max: 2.6, Diff: 2.6, Sum: 15.1]
         [Processed Buffers: Min: 0, Avg: 5.6, Max: 10, Diff: 10, Sum: 45]
      [Scan RS (ms): Min: 0.0, Avg: 0.8, Max: 1.1, Diff: 1.0, Sum: 6.3]
      [Code Root Scanning (ms): Min: 0.0, Avg: 0.0, Max: 0.0, Diff: 0.0, Sum: 0.0]
      [Object Copy (ms): Min: 1.7, Avg: 3.3, Max: 3.7, Diff: 2.0, Sum: 26.7]
      [Termination (ms): Min: 0.0, Avg: 0.0, Max: 0.0, Diff: 0.0, Sum: 0.0]
         [Termination Attempts: Min: 1, Avg: 1.2, Max: 2, Diff: 1, Sum: 10]
      [GC Worker Other (ms): Min: 0.0, Avg: 0.0, Max: 0.1, Diff: 0.1, Sum: 0.4]
      [GC Worker Total (ms): Min: 8.2, Avg: 8.3, Max: 8.4, Diff: 0.2, Sum: 66.4]
      [GC Worker End (ms): Min: 633128077.7, Avg: 633128077.8, Max: 633128077.8, Diff: 0.1]
   [Code Root Fixup: 0.0 ms]
   [Code Root Purge: 0.0 ms]
   [Clear CT: 0.8 ms]
   [Other: 4.0 ms]
      [Choose CSet: 0.0 ms]
      [Ref Proc: 3.4 ms]
      [Ref Enq: 0.1 ms]
      [Redirty Cards: 0.1 ms]
      [Humongous Register: 0.0 ms]
      [Humongous Reclaim: 0.0 ms]
      [Free CSet: 0.2 ms]
   [Eden: 5712.0M(5712.0M)->0.0B(7152.0M) Survivors: 16384.0K->16384.0K Heap: 9308.7M(14336.0M)->3585.7M(14336.0M)]
 [Times: user=0.08 sys=0.00, real=0.01 secs] 
2022-07-29T05:04:37.567-0700: 633249.072: [GC pause (G1 Evacuation Pause) (young), 0.0124718 secs]
   [Parallel Time: 7.5 ms, GC Workers: 8]
      [GC Worker Start (ms): Min: 633249071.6, Avg: 633249071.7, Max: 633249071.8, Diff: 0.1]
      [Ext Root Scanning (ms): Min: 1.1, Avg: 1.9, Max: 5.2, Diff: 4.0, Sum: 15.2]
      [Update RS (ms): Min: 0.0, Avg: 3.0, Max: 3.9, Diff: 3.9, Sum: 23.8]
         [Processed Buffers: Min: 0, Avg: 9.5, Max: 15, Diff: 15, Sum: 76]
      [Scan RS (ms): Min: 0.0, Avg: 0.1, Max: 0.1, Diff: 0.1, Sum: 0.4]
      [Code Root Scanning (ms): Min: 0.0, Avg: 0.0, Max: 0.0, Diff: 0.0, Sum: 0.0]
      [Object Copy (ms): Min: 1.8, Avg: 2.3, Max: 2.5, Diff: 0.7, Sum: 18.3]
      [Termination (ms): Min: 0.0, Avg: 0.0, Max: 0.0, Diff: 0.0, Sum: 0.0]
         [Termination Attempts: Min: 2, Avg: 4.4, Max: 6, Diff: 4, Sum: 35]
      [GC Worker Other (ms): Min: 0.0, Avg: 0.0, Max: 0.1, Diff: 0.1, Sum: 0.4]
      [GC Worker Total (ms): Min: 7.2, Avg: 7.3, Max: 7.4, Diff: 0.1, Sum: 58.2]
      [GC Worker End (ms): Min: 633249079.0, Avg: 633249079.0, Max: 633249079.0, Diff: 0.1]
   [Code Root Fixup: 0.0 ms]
   [Code Root Purge: 0.0 ms]
   [Clear CT: 0.8 ms]
   [Other: 4.2 ms]
      [Choose CSet: 0.0 ms]
      [Ref Proc: 3.4 ms]
      [Ref Enq: 0.2 ms]
      [Redirty Cards: 0.1 ms]
      [Humongous Register: 0.1 ms]
      [Humongous Reclaim: 0.0 ms]
      [Free CSet: 0.3 ms]
   [Eden: 7152.0M(7152.0M)->0.0B(7152.0M) Survivors: 16384.0K->16384.0K Heap: 10737.7M(14336.0M)->3592.9M(14336.0M)]
 [Times: user=0.07 sys=0.01, real=0.01 secs] 
2022-07-29T05:06:39.125-0700: 633370.629: [GC pause (G1 Evacuation Pause) (young) (initial-mark), 0.0162760 secs]
   [Parallel Time: 11.9 ms, GC Workers: 8]
      [GC Worker Start (ms): Min: 633370631.7, Avg: 633370631.8, Max: 633370631.9, Diff: 0.2]
      [Ext Root Scanning (ms): Min: 4.5, Avg: 5.4, Max: 6.1, Diff: 1.6, Sum: 43.5]
      [Update RS (ms): Min: 1.2, Avg: 1.3, Max: 1.5, Diff: 0.3, Sum: 10.5]
         [Processed Buffers: Min: 3, Avg: 5.1, Max: 9, Diff: 6, Sum: 41]
      [Scan RS (ms): Min: 0.0, Avg: 0.1, Max: 0.1, Diff: 0.1, Sum: 0.4]
      [Code Root Scanning (ms): Min: 0.0, Avg: 0.0, Max: 0.0, Diff: 0.0, Sum: 0.0]
      [Object Copy (ms): Min: 1.9, Avg: 2.5, Max: 3.5, Diff: 1.5, Sum: 20.0]
      [Termination (ms): Min: 0.0, Avg: 0.0, Max: 0.0, Diff: 0.0, Sum: 0.1]
         [Termination Attempts: Min: 18, Avg: 27.6, Max: 39, Diff: 21, Sum: 221]
      [GC Worker Other (ms): Min: 0.0, Avg: 0.1, Max: 0.1, Diff: 0.1, Sum: 0.4]
      [GC Worker Total (ms): Min: 9.3, Avg: 9.4, Max: 9.5, Diff: 0.2, Sum: 74.9]
      [GC Worker End (ms): Min: 633370641.1, Avg: 633370641.1, Max: 633370641.2, Diff: 0.1]
   [Code Root Fixup: 0.0 ms]
   [Code Root Purge: 0.0 ms]
   [Clear CT: 0.7 ms]
   [Other: 3.6 ms]
      [Choose CSet: 0.0 ms]
      [Ref Proc: 2.9 ms]
      [Ref Enq: 0.1 ms]
      [Redirty Cards: 0.1 ms]
      [Humongous Register: 0.0 ms]
      [Humongous Reclaim: 0.0 ms]
      [Free CSet: 0.3 ms]
   [Eden: 7152.0M(7152.0M)->0.0B(7152.0M) Survivors: 16384.0K->16384.0K Heap: 10744.9M(14336.0M)->3591.2M(14336.0M)]
 [Times: user=0.07 sys=0.01, real=0.01 secs] 
2022-07-29T05:06:39.141-0700: 633370.646: [GC concurrent-root-region-scan-start]
2022-07-29T05:06:39.151-0700: 633370.656: [GC concurrent-root-region-scan-end, 0.0101561 secs]
2022-07-29T05:06:39.151-0700: 633370.656: [GC concurrent-mark-start]
2022-07-29T05:06:41.875-0700: 633373.380: [GC concurrent-mark-end, 2.7236429 secs]
2022-07-29T05:06:41.875-0700: 633373.380: [GC remark 2022-07-29T05:06:41.875-0700: 633373.380: [Finalize Marking, 0.0002764 secs] 2022-07-29T05:06:41.875-0700: 633373.380: [GC ref-proc, 0.0052857 secs] 2022-07-29T05:06:41.881-0700: 633373.385: [Unloading, 0.0278703 secs], 0.0391164 secs]
 [Times: user=0.25 sys=0.00, real=0.03 secs] 
2022-07-29T05:06:41.915-0700: 633373.419: [GC cleanup 3751M->3751M(14336M), 0.0088288 secs]
 [Times: user=0.07 sys=0.00, real=0.02 secs] 
2022-07-29T05:08:38.831-0700: 633490.336: [GC pause (G1 Evacuation Pause) (young), 0.0096035 secs]
   [Parallel Time: 6.2 ms, GC Workers: 8]
      [GC Worker Start (ms): Min: 633490335.9, Avg: 633490335.9, Max: 633490336.0, Diff: 0.1]
      [Ext Root Scanning (ms): Min: 1.3, Avg: 2.4, Max: 5.2, Diff: 3.9, Sum: 19.4]
      [Update RS (ms): Min: 0.0, Avg: 1.5, Max: 2.3, Diff: 2.3, Sum: 11.8]
         [Processed Buffers: Min: 0, Avg: 5.4, Max: 15, Diff: 15, Sum: 43]
      [Scan RS (ms): Min: 0.0, Avg: 0.0, Max: 0.1, Diff: 0.1, Sum: 0.4]
      [Code Root Scanning (ms): Min: 0.0, Avg: 0.0, Max: 0.0, Diff: 0.0, Sum: 0.0]
      [Object Copy (ms): Min: 0.8, Avg: 2.1, Max: 2.6, Diff: 1.7, Sum: 16.6]
      [Termination (ms): Min: 0.0, Avg: 0.0, Max: 0.0, Diff: 0.0, Sum: 0.0]
         [Termination Attempts: Min: 1, Avg: 1.1, Max: 2, Diff: 1, Sum: 9]
      [GC Worker Other (ms): Min: 0.0, Avg: 0.1, Max: 0.1, Diff: 0.1, Sum: 0.6]
      [GC Worker Total (ms): Min: 6.0, Avg: 6.1, Max: 6.2, Diff: 0.2, Sum: 48.9]
      [GC Worker End (ms): Min: 633490342.0, Avg: 633490342.0, Max: 633490342.1, Diff: 0.1]
   [Code Root Fixup: 0.0 ms]
   [Code Root Purge: 0.0 ms]
   [Clear CT: 0.7 ms]
   [Other: 2.6 ms]
      [Choose CSet: 0.0 ms]
      [Ref Proc: 1.8 ms]
      [Ref Enq: 0.2 ms]
      [Redirty Cards: 0.1 ms]
      [Humongous Register: 0.1 ms]
      [Humongous Reclaim: 0.0 ms]
      [Free CSet: 0.3 ms]
   [Eden: 7152.0M(7152.0M)->0.0B(5712.0M) Survivors: 16384.0K->16384.0K Heap: 10743.2M(14336.0M)->3595.7M(14336.0M)]
 [Times: user=0.05 sys=0.01, real=0.01 secs] 
2022-07-29T05:10:16.836-0700: 633588.340: [GC pause (G1 Evacuation Pause) (mixed), 0.0126992 secs]
   [Parallel Time: 8.3 ms, GC Workers: 8]
      [GC Worker Start (ms): Min: 633588340.6, Avg: 633588340.7, Max: 633588340.7, Diff: 0.2]
      [Ext Root Scanning (ms): Min: 1.1, Avg: 2.0, Max: 6.2, Diff: 5.0, Sum: 15.9]
      [Update RS (ms): Min: 0.0, Avg: 1.4, Max: 1.9, Diff: 1.9, Sum: 11.6]
         [Processed Buffers: Min: 0, Avg: 5.4, Max: 9, Diff: 9, Sum: 43]
      [Scan RS (ms): Min: 0.0, Avg: 0.6, Max: 0.8, Diff: 0.8, Sum: 4.8]
      [Code Root Scanning (ms): Min: 0.0, Avg: 0.0, Max: 0.0, Diff: 0.0, Sum: 0.0]
      [Object Copy (ms): Min: 1.8, Avg: 3.8, Max: 4.2, Diff: 2.5, Sum: 30.7]
      [Termination (ms): Min: 0.0, Avg: 0.0, Max: 0.0, Diff: 0.0, Sum: 0.0]
         [Termination Attempts: Min: 1, Avg: 2.5, Max: 4, Diff: 3, Sum: 20]
      [GC Worker Other (ms): Min: 0.0, Avg: 0.0, Max: 0.1, Diff: 0.1, Sum: 0.4]
      [GC Worker Total (ms): Min: 7.8, Avg: 7.9, Max: 8.0, Diff: 0.2, Sum: 63.4]
      [GC Worker End (ms): Min: 633588348.6, Avg: 633588348.6, Max: 633588348.6, Diff: 0.1]
   [Code Root Fixup: 0.0 ms]
   [Code Root Purge: 0.0 ms]
   [Clear CT: 0.7 ms]
   [Other: 3.7 ms]
      [Choose CSet: 0.0 ms]
      [Ref Proc: 3.0 ms]
      [Ref Enq: 0.1 ms]
      [Redirty Cards: 0.1 ms]
      [Humongous Register: 0.1 ms]
      [Humongous Reclaim: 0.0 ms]
      [Free CSet: 0.2 ms]
   [Eden: 5712.0M(5712.0M)->0.0B(7152.0M) Survivors: 16384.0K->16384.0K Heap: 9307.7M(14336.0M)->3583.3M(14336.0M)]
 [Times: user=0.08 sys=0.00, real=0.01 secs] 
2022-07-29T05:12:18.796-0700: 633710.301: [GC pause (G1 Evacuation Pause) (young), 0.0127509 secs]
   [Parallel Time: 8.6 ms, GC Workers: 8]
      [GC Worker Start (ms): Min: 633710301.0, Avg: 633710301.0, Max: 633710301.1, Diff: 0.1]
      [Ext Root Scanning (ms): Min: 1.4, Avg: 2.2, Max: 5.7, Diff: 4.3, Sum: 17.5]
      [Update RS (ms): Min: 1.5, Avg: 4.4, Max: 5.2, Diff: 3.7, Sum: 35.2]
         [Processed Buffers: Min: 6, Avg: 11.0, Max: 17, Diff: 11, Sum: 88]
      [Scan RS (ms): Min: 0.0, Avg: 0.0, Max: 0.1, Diff: 0.1, Sum: 0.4]
      [Code Root Scanning (ms): Min: 0.0, Avg: 0.0, Max: 0.0, Diff: 0.0, Sum: 0.0]
      [Object Copy (ms): Min: 1.3, Avg: 1.8, Max: 2.0, Diff: 0.7, Sum: 14.1]
      [Termination (ms): Min: 0.0, Avg: 0.0, Max: 0.0, Diff: 0.0, Sum: 0.0]
         [Termination Attempts: Min: 3, Avg: 6.8, Max: 9, Diff: 6, Sum: 54]
      [GC Worker Other (ms): Min: 0.0, Avg: 0.1, Max: 0.1, Diff: 0.1, Sum: 0.4]
      [GC Worker Total (ms): Min: 8.4, Avg: 8.4, Max: 8.5, Diff: 0.1, Sum: 67.6]
      [GC Worker End (ms): Min: 633710309.5, Avg: 633710309.5, Max: 633710309.5, Diff: 0.1]
   [Code Root Fixup: 0.0 ms]
   [Code Root Purge: 0.0 ms]
   [Clear CT: 0.7 ms]
   [Other: 3.4 ms]
      [Choose CSet: 0.0 ms]
      [Ref Proc: 2.7 ms]
      [Ref Enq: 0.1 ms]
      [Redirty Cards: 0.1 ms]
      [Humongous Register: 0.1 ms]
      [Humongous Reclaim: 0.0 ms]
      [Free CSet: 0.3 ms]
   [Eden: 7152.0M(7152.0M)->0.0B(7152.0M) Survivors: 16384.0K->16384.0K Heap: 10735.3M(14336.0M)->3589.4M(14336.0M)]
 [Times: user=0.07 sys=0.01, real=0.01 secs] 
2022-07-29T05:14:17.469-0700: 633828.974: [GC pause (G1 Evacuation Pause) (young) (initial-mark), 0.0161615 secs]
   [Parallel Time: 11.2 ms, GC Workers: 8]
      [GC Worker Start (ms): Min: 633828976.4, Avg: 633828976.4, Max: 633828976.5, Diff: 0.1]
      [Ext Root Scanning (ms): Min: 5.1, Avg: 5.5, Max: 5.9, Diff: 0.8, Sum: 43.7]
      [Update RS (ms): Min: 1.1, Avg: 1.3, Max: 1.5, Diff: 0.4, Sum: 10.4]
         [Processed Buffers: Min: 3, Avg: 5.2, Max: 10, Diff: 7, Sum: 42]
      [Scan RS (ms): Min: 0.0, Avg: 0.1, Max: 0.1, Diff: 0.1, Sum: 0.4]
      [Code Root Scanning (ms): Min: 0.0, Avg: 0.0, Max: 0.0, Diff: 0.0, Sum: 0.0]
      [Object Copy (ms): Min: 1.5, Avg: 2.2, Max: 2.6, Diff: 1.0, Sum: 17.3]
      [Termination (ms): Min: 0.0, Avg: 0.0, Max: 0.0, Diff: 0.0, Sum: 0.0]
         [Termination Attempts: Min: 1, Avg: 1.1, Max: 2, Diff: 1, Sum: 9]
      [GC Worker Other (ms): Min: 0.0, Avg: 0.0, Max: 0.1, Diff: 0.1, Sum: 0.4]
      [GC Worker Total (ms): Min: 9.0, Avg: 9.0, Max: 9.1, Diff: 0.1, Sum: 72.3]
      [GC Worker End (ms): Min: 633828985.5, Avg: 633828985.5, Max: 633828985.5, Diff: 0.1]
   [Code Root Fixup: 0.0 ms]
   [Code Root Purge: 0.0 ms]
   [Clear CT: 0.8 ms]
   [Other: 4.2 ms]
      [Choose CSet: 0.0 ms]
      [Ref Proc: 3.5 ms]
      [Ref Enq: 0.1 ms]
      [Redirty Cards: 0.1 ms]
      [Humongous Register: 0.0 ms]
      [Humongous Reclaim: 0.0 ms]
      [Free CSet: 0.3 ms]
   [Eden: 7152.0M(7152.0M)->0.0B(7152.0M) Survivors: 16384.0K->16384.0K Heap: 10741.4M(14336.0M)->3593.0M(14336.0M)]
 [Times: user=0.06 sys=0.02, real=0.02 secs] 
2022-07-29T05:14:17.486-0700: 633828.990: [GC concurrent-root-region-scan-start]
2022-07-29T05:14:17.495-0700: 633829.000: [GC concurrent-root-region-scan-end, 0.0097844 secs]
2022-07-29T05:14:17.496-0700: 633829.000: [GC concurrent-mark-start]
2022-07-29T05:14:20.135-0700: 633831.640: [GC concurrent-mark-end, 2.6393414 secs]
2022-07-29T05:14:20.135-0700: 633831.640: [GC remark 2022-07-29T05:14:20.135-0700: 633831.640: [Finalize Marking, 0.0005874 secs] 2022-07-29T05:14:20.136-0700: 633831.641: [GC ref-proc, 0.0073334 secs] 2022-07-29T05:14:20.143-0700: 633831.648: [Unloading, 0.0273182 secs], 0.0409944 secs]
 [Times: user=0.26 sys=0.00, real=0.04 secs] 
2022-07-29T05:14:20.177-0700: 633831.681: [GC cleanup 3753M->3753M(14336M), 0.0087904 secs]
 [Times: user=0.06 sys=0.00, real=0.01 secs] 
2022-07-29T05:16:18.771-0700: 633950.276: [GC pause (G1 Evacuation Pause) (young), 0.0103611 secs]
   [Parallel Time: 5.9 ms, GC Workers: 8]
      [GC Worker Start (ms): Min: 633950276.1, Avg: 633950276.2, Max: 633950276.2, Diff: 0.1]
      [Ext Root Scanning (ms): Min: 1.2, Avg: 1.9, Max: 5.4, Diff: 4.2, Sum: 15.6]
      [Update RS (ms): Min: 0.0, Avg: 1.4, Max: 1.8, Diff: 1.8, Sum: 11.1]
         [Processed Buffers: Min: 0, Avg: 5.6, Max: 10, Diff: 10, Sum: 45]
      [Scan RS (ms): Min: 0.0, Avg: 0.0, Max: 0.1, Diff: 0.1, Sum: 0.4]
      [Code Root Scanning (ms): Min: 0.0, Avg: 0.0, Max: 0.0, Diff: 0.0, Sum: 0.0]
      [Object Copy (ms): Min: 0.0, Avg: 1.9, Max: 2.3, Diff: 2.3, Sum: 14.8]
      [Termination (ms): Min: 0.0, Avg: 0.1, Max: 0.1, Diff: 0.1, Sum: 0.5]
         [Termination Attempts: Min: 1, Avg: 3.4, Max: 6, Diff: 5, Sum: 27]
      [GC Worker Other (ms): Min: 0.0, Avg: 0.0, Max: 0.1, Diff: 0.1, Sum: 0.2]
      [GC Worker Total (ms): Min: 5.3, Avg: 5.3, Max: 5.4, Diff: 0.1, Sum: 42.6]
      [GC Worker End (ms): Min: 633950281.5, Avg: 633950281.5, Max: 633950281.5, Diff: 0.1]
   [Code Root Fixup: 0.0 ms]
   [Code Root Purge: 0.0 ms]
   [Clear CT: 0.8 ms]
   [Other: 3.7 ms]
      [Choose CSet: 0.0 ms]
      [Ref Proc: 3.1 ms]
      [Ref Enq: 0.1 ms]
      [Redirty Cards: 0.1 ms]
      [Humongous Register: 0.1 ms]
      [Humongous Reclaim: 0.0 ms]
      [Free CSet: 0.3 ms]
   [Eden: 7152.0M(7152.0M)->0.0B(5712.0M) Survivors: 16384.0K->16384.0K Heap: 10745.0M(14336.0M)->3590.6M(14336.0M)]
 [Times: user=0.05 sys=0.01, real=0.01 secs] 
2022-07-29T05:17:55.674-0700: 634047.179: [GC pause (G1 Evacuation Pause) (mixed), 0.0157353 secs]
   [Parallel Time: 10.4 ms, GC Workers: 8]
      [GC Worker Start (ms): Min: 634047179.1, Avg: 634047179.2, Max: 634047179.3, Diff: 0.2]
      [Ext Root Scanning (ms): Min: 1.2, Avg: 2.9, Max: 8.3, Diff: 7.1, Sum: 23.4]
      [Update RS (ms): Min: 0.0, Avg: 1.3, Max: 2.1, Diff: 2.1, Sum: 10.4]
         [Processed Buffers: Min: 0, Avg: 5.8, Max: 15, Diff: 15, Sum: 46]
      [Scan RS (ms): Min: 0.0, Avg: 0.8, Max: 1.3, Diff: 1.3, Sum: 6.7]
      [Code Root Scanning (ms): Min: 0.0, Avg: 0.0, Max: 0.0, Diff: 0.0, Sum: 0.0]
      [Object Copy (ms): Min: 1.7, Avg: 4.9, Max: 5.8, Diff: 4.0, Sum: 39.0]
      [Termination (ms): Min: 0.0, Avg: 0.0, Max: 0.0, Diff: 0.0, Sum: 0.0]
         [Termination Attempts: Min: 1, Avg: 11.1, Max: 17, Diff: 16, Sum: 89]
      [GC Worker Other (ms): Min: 0.0, Avg: 0.1, Max: 0.1, Diff: 0.1, Sum: 0.5]
      [GC Worker Total (ms): Min: 9.9, Avg: 10.0, Max: 10.1, Diff: 0.2, Sum: 80.0]
      [GC Worker End (ms): Min: 634047189.1, Avg: 634047189.2, Max: 634047189.2, Diff: 0.1]
   [Code Root Fixup: 0.0 ms]
   [Code Root Purge: 0.0 ms]
   [Clear CT: 0.8 ms]
   [Other: 4.6 ms]
      [Choose CSet: 0.0 ms]
      [Ref Proc: 3.9 ms]
      [Ref Enq: 0.1 ms]
      [Redirty Cards: 0.1 ms]
      [Humongous Register: 0.1 ms]
      [Humongous Reclaim: 0.0 ms]
      [Free CSet: 0.2 ms]
   [Eden: 5712.0M(5712.0M)->0.0B(7152.0M) Survivors: 16384.0K->16384.0K Heap: 9302.6M(14336.0M)->3588.3M(14336.0M)]
 [Times: user=0.09 sys=0.00, real=0.02 secs] 
2022-07-29T05:19:57.961-0700: 634169.466: [GC pause (G1 Evacuation Pause) (young), 0.0132276 secs]
   [Parallel Time: 10.4 ms, GC Workers: 8]
      [GC Worker Start (ms): Min: 634169466.1, Avg: 634169466.2, Max: 634169466.3, Diff: 0.2]
      [Ext Root Scanning (ms): Min: 1.4, Avg: 2.3, Max: 6.3, Diff: 4.9, Sum: 18.0]
      [Update RS (ms): Min: 2.1, Avg: 5.4, Max: 6.3, Diff: 4.2, Sum: 43.6]
         [Processed Buffers: Min: 6, Avg: 12.9, Max: 20, Diff: 14, Sum: 103]
      [Scan RS (ms): Min: 0.0, Avg: 0.1, Max: 0.1, Diff: 0.1, Sum: 0.4]
      [Code Root Scanning (ms): Min: 0.0, Avg: 0.0, Max: 0.0, Diff: 0.0, Sum: 0.0]
      [Object Copy (ms): Min: 1.8, Avg: 2.3, Max: 2.5, Diff: 0.7, Sum: 18.4]
      [Termination (ms): Min: 0.0, Avg: 0.0, Max: 0.0, Diff: 0.0, Sum: 0.0]
         [Termination Attempts: Min: 1, Avg: 4.1, Max: 7, Diff: 6, Sum: 33]
      [GC Worker Other (ms): Min: 0.0, Avg: 0.1, Max: 0.2, Diff: 0.2, Sum: 0.6]
      [GC Worker Total (ms): Min: 10.0, Avg: 10.1, Max: 10.3, Diff: 0.3, Sum: 81.0]
      [GC Worker End (ms): Min: 634169476.2, Avg: 634169476.3, Max: 634169476.4, Diff: 0.2]
   [Code Root Fixup: 0.0 ms]
   [Code Root Purge: 0.0 ms]
   [Clear CT: 0.8 ms]
   [Other: 2.0 ms]
      [Choose CSet: 0.0 ms]
      [Ref Proc: 1.3 ms]
      [Ref Enq: 0.1 ms]
      [Redirty Cards: 0.1 ms]
      [Humongous Register: 0.1 ms]
      [Humongous Reclaim: 0.0 ms]
      [Free CSet: 0.3 ms]
   [Eden: 7152.0M(7152.0M)->0.0B(7152.0M) Survivors: 16384.0K->16384.0K Heap: 10740.3M(14336.0M)->3591.8M(14336.0M)]
 [Times: user=0.10 sys=0.00, real=0.01 secs] 
2022-07-29T05:21:59.069-0700: 634290.574: [GC pause (G1 Evacuation Pause) (young) (initial-mark), 0.0160301 secs]
   [Parallel Time: 11.5 ms, GC Workers: 8]
      [GC Worker Start (ms): Min: 634290575.7, Avg: 634290575.8, Max: 634290575.9, Diff: 0.1]
      [Ext Root Scanning (ms): Min: 5.3, Avg: 5.6, Max: 6.0, Diff: 0.8, Sum: 44.6]
      [Update RS (ms): Min: 1.5, Avg: 1.6, Max: 2.0, Diff: 0.5, Sum: 13.1]
         [Processed Buffers: Min: 3, Avg: 5.9, Max: 16, Diff: 13, Sum: 47]
      [Scan RS (ms): Min: 0.0, Avg: 0.1, Max: 0.1, Diff: 0.1, Sum: 0.4]
      [Code Root Scanning (ms): Min: 0.0, Avg: 0.0, Max: 0.0, Diff: 0.0, Sum: 0.0]
      [Object Copy (ms): Min: 1.3, Avg: 1.9, Max: 2.3, Diff: 1.0, Sum: 15.3]
      [Termination (ms): Min: 0.0, Avg: 0.0, Max: 0.0, Diff: 0.0, Sum: 0.0]
         [Termination Attempts: Min: 5, Avg: 8.2, Max: 11, Diff: 6, Sum: 66]
      [GC Worker Other (ms): Min: 0.0, Avg: 0.1, Max: 0.1, Diff: 0.1, Sum: 0.4]
      [GC Worker Total (ms): Min: 9.2, Avg: 9.2, Max: 9.3, Diff: 0.1, Sum: 73.9]
      [GC Worker End (ms): Min: 634290585.0, Avg: 634290585.0, Max: 634290585.1, Diff: 0.1]
   [Code Root Fixup: 0.0 ms]
   [Code Root Purge: 0.0 ms]
   [Clear CT: 0.7 ms]
   [Other: 3.8 ms]
      [Choose CSet: 0.0 ms]
      [Ref Proc: 3.2 ms]
      [Ref Enq: 0.1 ms]
      [Redirty Cards: 0.1 ms]
      [Humongous Register: 0.0 ms]
      [Humongous Reclaim: 0.0 ms]
      [Free CSet: 0.3 ms]
   [Eden: 7152.0M(7152.0M)->0.0B(7152.0M) Survivors: 16384.0K->16384.0K Heap: 10743.8M(14336.0M)->3594.6M(14336.0M)]
 [Times: user=0.08 sys=0.00, real=0.02 secs] 
2022-07-29T05:21:59.085-0700: 634290.590: [GC concurrent-root-region-scan-start]
2022-07-29T05:21:59.094-0700: 634290.599: [GC concurrent-root-region-scan-end, 0.0093544 secs]
2022-07-29T05:21:59.094-0700: 634290.599: [GC concurrent-mark-start]
2022-07-29T05:22:01.821-0700: 634293.326: [GC concurrent-mark-end, 2.7269668 secs]
2022-07-29T05:22:01.822-0700: 634293.326: [GC remark 2022-07-29T05:22:01.822-0700: 634293.326: [Finalize Marking, 0.0002580 secs] 2022-07-29T05:22:01.822-0700: 634293.327: [GC ref-proc, 0.0093116 secs] 2022-07-29T05:22:01.831-0700: 634293.336: [Unloading, 0.0279892 secs], 0.0435553 secs]
 [Times: user=0.26 sys=0.00, real=0.05 secs] 
2022-07-29T05:22:01.866-0700: 634293.370: [GC cleanup 3754M->3754M(14336M), 0.0090072 secs]
 [Times: user=0.06 sys=0.00, real=0.00 secs] 
2022-07-29T05:23:59.966-0700: 634411.471: [GC pause (G1 Evacuation Pause) (young), 0.0097361 secs]
   [Parallel Time: 6.3 ms, GC Workers: 8]
      [GC Worker Start (ms): Min: 634411471.4, Avg: 634411471.5, Max: 634411471.5, Diff: 0.1]
      [Ext Root Scanning (ms): Min: 1.5, Avg: 2.3, Max: 5.8, Diff: 4.4, Sum: 18.1]
      [Update RS (ms): Min: 0.0, Avg: 1.8, Max: 2.5, Diff: 2.5, Sum: 14.1]
         [Processed Buffers: Min: 0, Avg: 5.9, Max: 14, Diff: 14, Sum: 47]
      [Scan RS (ms): Min: 0.0, Avg: 0.0, Max: 0.1, Diff: 0.1, Sum: 0.4]
      [Code Root Scanning (ms): Min: 0.0, Avg: 0.0, Max: 0.0, Diff: 0.0, Sum: 0.0]
      [Object Copy (ms): Min: 0.4, Avg: 2.1, Max: 2.5, Diff: 2.1, Sum: 16.7]
      [Termination (ms): Min: 0.0, Avg: 0.0, Max: 0.0, Diff: 0.0, Sum: 0.0]
         [Termination Attempts: Min: 9, Avg: 12.1, Max: 15, Diff: 6, Sum: 97]
      [GC Worker Other (ms): Min: 0.0, Avg: 0.0, Max: 0.1, Diff: 0.1, Sum: 0.4]
      [GC Worker Total (ms): Min: 6.1, Avg: 6.2, Max: 6.3, Diff: 0.2, Sum: 49.7]
      [GC Worker End (ms): Min: 634411477.7, Avg: 634411477.7, Max: 634411477.7, Diff: 0.1]
   [Code Root Fixup: 0.0 ms]
   [Code Root Purge: 0.0 ms]
   [Clear CT: 0.7 ms]
   [Other: 2.7 ms]
      [Choose CSet: 0.0 ms]
      [Ref Proc: 1.8 ms]
      [Ref Enq: 0.1 ms]
      [Redirty Cards: 0.2 ms]
      [Humongous Register: 0.1 ms]
      [Humongous Reclaim: 0.0 ms]
      [Free CSet: 0.3 ms]
   [Eden: 7152.0M(7152.0M)->0.0B(5712.0M) Survivors: 16384.0K->16384.0K Heap: 10746.6M(14336.0M)->3598.8M(14336.0M)]
 [Times: user=0.06 sys=0.01, real=0.01 secs] 
2022-07-29T05:25:38.720-0700: 634510.225: [GC pause (G1 Evacuation Pause) (mixed), 0.0145425 secs]
   [Parallel Time: 8.9 ms, GC Workers: 8]
      [GC Worker Start (ms): Min: 634510224.9, Avg: 634510224.9, Max: 634510225.0, Diff: 0.1]
      [Ext Root Scanning (ms): Min: 1.4, Avg: 2.3, Max: 6.7, Diff: 5.3, Sum: 18.7]
      [Update RS (ms): Min: 0.0, Avg: 1.2, Max: 1.7, Diff: 1.7, Sum: 9.9]
         [Processed Buffers: Min: 0, Avg: 4.9, Max: 10, Diff: 10, Sum: 39]
      [Scan RS (ms): Min: 0.0, Avg: 0.8, Max: 1.0, Diff: 1.0, Sum: 6.5]
      [Code Root Scanning (ms): Min: 0.0, Avg: 0.0, Max: 0.0, Diff: 0.0, Sum: 0.0]
      [Object Copy (ms): Min: 1.8, Avg: 4.0, Max: 4.4, Diff: 2.7, Sum: 32.2]
      [Termination (ms): Min: 0.0, Avg: 0.0, Max: 0.0, Diff: 0.0, Sum: 0.0]
         [Termination Attempts: Min: 1, Avg: 1.2, Max: 2, Diff: 1, Sum: 10]
      [GC Worker Other (ms): Min: 0.0, Avg: 0.1, Max: 0.1, Diff: 0.1, Sum: 0.5]
      [GC Worker Total (ms): Min: 8.4, Avg: 8.5, Max: 8.6, Diff: 0.2, Sum: 67.8]
      [GC Worker End (ms): Min: 634510233.4, Avg: 634510233.4, Max: 634510233.4, Diff: 0.1]
   [Code Root Fixup: 0.0 ms]
   [Code Root Purge: 0.0 ms]
   [Clear CT: 0.9 ms]
   [Other: 4.8 ms]
      [Choose CSet: 0.0 ms]
      [Ref Proc: 4.1 ms]
      [Ref Enq: 0.1 ms]
      [Redirty Cards: 0.1 ms]
      [Humongous Register: 0.1 ms]
      [Humongous Reclaim: 0.0 ms]
      [Free CSet: 0.2 ms]
   [Eden: 5712.0M(5712.0M)->0.0B(7152.0M) Survivors: 16384.0K->16384.0K Heap: 9310.8M(14336.0M)->3586.4M(14336.0M)]
 [Times: user=0.08 sys=0.00, real=0.01 secs] 
2022-07-29T05:27:39.672-0700: 634631.176: [GC pause (G1 Evacuation Pause) (young), 0.0135219 secs]
   [Parallel Time: 8.1 ms, GC Workers: 8]
      [GC Worker Start (ms): Min: 634631176.5, Avg: 634631176.6, Max: 634631176.6, Diff: 0.1]
      [Ext Root Scanning (ms): Min: 1.4, Avg: 2.3, Max: 5.3, Diff: 4.0, Sum: 18.1]
      [Update RS (ms): Min: 0.9, Avg: 3.7, Max: 4.3, Diff: 3.4, Sum: 29.5]
         [Processed Buffers: Min: 10, Avg: 12.2, Max: 16, Diff: 6, Sum: 98]
      [Scan RS (ms): Min: 0.0, Avg: 0.0, Max: 0.1, Diff: 0.1, Sum: 0.4]
      [Code Root Scanning (ms): Min: 0.0, Avg: 0.0, Max: 0.0, Diff: 0.0, Sum: 0.0]
      [Object Copy (ms): Min: 1.3, Avg: 1.9, Max: 2.1, Diff: 0.8, Sum: 15.0]
      [Termination (ms): Min: 0.0, Avg: 0.0, Max: 0.0, Diff: 0.0, Sum: 0.0]
         [Termination Attempts: Min: 1, Avg: 6.0, Max: 10, Diff: 9, Sum: 48]
      [GC Worker Other (ms): Min: 0.0, Avg: 0.1, Max: 0.1, Diff: 0.1, Sum: 0.4]
      [GC Worker Total (ms): Min: 7.9, Avg: 7.9, Max: 8.0, Diff: 0.1, Sum: 63.4]
      [GC Worker End (ms): Min: 634631184.5, Avg: 634631184.5, Max: 634631184.6, Diff: 0.1]
   [Code Root Fixup: 0.0 ms]
   [Code Root Purge: 0.0 ms]
   [Clear CT: 0.7 ms]
   [Other: 4.7 ms]
      [Choose CSet: 0.0 ms]
      [Ref Proc: 4.0 ms]
      [Ref Enq: 0.1 ms]
      [Redirty Cards: 0.1 ms]
      [Humongous Register: 0.0 ms]
      [Humongous Reclaim: 0.0 ms]
      [Free CSet: 0.3 ms]
   [Eden: 7152.0M(7152.0M)->0.0B(7152.0M) Survivors: 16384.0K->16384.0K Heap: 10738.4M(14336.0M)->3593.1M(14336.0M)]
 [Times: user=0.07 sys=0.00, real=0.02 secs] 
2022-07-29T05:29:38.265-0700: 634749.770: [GC pause (G1 Evacuation Pause) (young) (initial-mark), 0.0168140 secs]
   [Parallel Time: 12.0 ms, GC Workers: 8]
      [GC Worker Start (ms): Min: 634749772.0, Avg: 634749772.1, Max: 634749772.2, Diff: 0.1]
      [Ext Root Scanning (ms): Min: 5.4, Avg: 5.8, Max: 6.2, Diff: 0.8, Sum: 46.3]
      [Update RS (ms): Min: 1.3, Avg: 1.5, Max: 1.6, Diff: 0.3, Sum: 11.7]
         [Processed Buffers: Min: 3, Avg: 5.8, Max: 11, Diff: 8, Sum: 46]
      [Scan RS (ms): Min: 0.0, Avg: 0.1, Max: 0.1, Diff: 0.1, Sum: 0.4]
      [Code Root Scanning (ms): Min: 0.0, Avg: 0.0, Max: 0.0, Diff: 0.0, Sum: 0.0]
      [Object Copy (ms): Min: 1.8, Avg: 2.3, Max: 2.7, Diff: 0.8, Sum: 18.2]
      [Termination (ms): Min: 0.0, Avg: 0.0, Max: 0.0, Diff: 0.0, Sum: 0.0]
         [Termination Attempts: Min: 1, Avg: 4.0, Max: 6, Diff: 5, Sum: 32]
      [GC Worker Other (ms): Min: 0.0, Avg: 0.1, Max: 0.1, Diff: 0.1, Sum: 0.6]
      [GC Worker Total (ms): Min: 9.6, Avg: 9.7, Max: 9.8, Diff: 0.2, Sum: 77.3]
      [GC Worker End (ms): Min: 634749781.7, Avg: 634749781.8, Max: 634749781.8, Diff: 0.1]
   [Code Root Fixup: 0.0 ms]
   [Code Root Purge: 0.0 ms]
   [Clear CT: 0.8 ms]
   [Other: 4.1 ms]
      [Choose CSet: 0.0 ms]
      [Ref Proc: 3.4 ms]
      [Ref Enq: 0.1 ms]
      [Redirty Cards: 0.1 ms]
      [Humongous Register: 0.0 ms]
      [Humongous Reclaim: 0.0 ms]
      [Free CSet: 0.3 ms]
   [Eden: 7152.0M(7152.0M)->0.0B(7152.0M) Survivors: 16384.0K->16384.0K Heap: 10745.1M(14336.0M)->3597.8M(14336.0M)]
 [Times: user=0.07 sys=0.01, real=0.01 secs] 
2022-07-29T05:29:38.282-0700: 634749.787: [GC concurrent-root-region-scan-start]
2022-07-29T05:29:38.293-0700: 634749.797: [GC concurrent-root-region-scan-end, 0.0103769 secs]
2022-07-29T05:29:38.293-0700: 634749.797: [GC concurrent-mark-start]
2022-07-29T05:29:40.963-0700: 634752.467: [GC concurrent-mark-end, 2.6700562 secs]
2022-07-29T05:29:40.963-0700: 634752.468: [GC remark 2022-07-29T05:29:40.963-0700: 634752.468: [Finalize Marking, 0.0003318 secs] 2022-07-29T05:29:40.963-0700: 634752.468: [GC ref-proc, 0.0102639 secs] 2022-07-29T05:29:40.974-0700: 634752.478: [Unloading, 0.0275786 secs], 0.0440639 secs]
 [Times: user=0.26 sys=0.00, real=0.04 secs] 
2022-07-29T05:29:41.007-0700: 634752.512: [GC cleanup 3781M->3781M(14336M), 0.0091564 secs]
 [Times: user=0.07 sys=0.00, real=0.01 secs] 
2022-07-29T05:31:39.369-0700: 634870.874: [GC pause (G1 Evacuation Pause) (young), 0.0111538 secs]
   [Parallel Time: 6.3 ms, GC Workers: 8]
      [GC Worker Start (ms): Min: 634870874.3, Avg: 634870874.4, Max: 634870874.4, Diff: 0.2]
      [Ext Root Scanning (ms): Min: 1.4, Avg: 2.0, Max: 4.8, Diff: 3.5, Sum: 16.2]
      [Update RS (ms): Min: 0.0, Avg: 1.4, Max: 2.2, Diff: 2.2, Sum: 10.9]
         [Processed Buffers: Min: 0, Avg: 5.2, Max: 11, Diff: 11, Sum: 42]
      [Scan RS (ms): Min: 0.0, Avg: 0.0, Max: 0.1, Diff: 0.1, Sum: 0.4]
      [Code Root Scanning (ms): Min: 0.0, Avg: 0.0, Max: 0.0, Diff: 0.0, Sum: 0.0]
      [Object Copy (ms): Min: 1.2, Avg: 2.5, Max: 4.5, Diff: 3.2, Sum: 20.3]
      [Termination (ms): Min: 0.0, Avg: 0.1, Max: 0.1, Diff: 0.1, Sum: 0.6]
         [Termination Attempts: Min: 1, Avg: 1.2, Max: 2, Diff: 1, Sum: 10]
      [GC Worker Other (ms): Min: 0.0, Avg: 0.0, Max: 0.1, Diff: 0.1, Sum: 0.3]
      [GC Worker Total (ms): Min: 6.0, Avg: 6.1, Max: 6.2, Diff: 0.2, Sum: 48.7]
      [GC Worker End (ms): Min: 634870880.4, Avg: 634870880.4, Max: 634870880.5, Diff: 0.1]
   [Code Root Fixup: 0.0 ms]
   [Code Root Purge: 0.0 ms]
   [Clear CT: 0.7 ms]
   [Other: 4.1 ms]
      [Choose CSet: 0.0 ms]
      [Ref Proc: 3.5 ms]
      [Ref Enq: 0.1 ms]
      [Redirty Cards: 0.1 ms]
      [Humongous Register: 0.1 ms]
      [Humongous Reclaim: 0.0 ms]
      [Free CSet: 0.3 ms]
   [Eden: 7152.0M(7152.0M)->0.0B(5712.0M) Survivors: 16384.0K->16384.0K Heap: 10749.8M(14336.0M)->3595.3M(14336.0M)]
 [Times: user=0.05 sys=0.00, real=0.01 secs] 
2022-07-29T05:33:15.664-0700: 634967.169: [GC pause (G1 Evacuation Pause) (mixed), 0.0144439 secs]
   [Parallel Time: 9.6 ms, GC Workers: 8]
      [GC Worker Start (ms): Min: 634967168.8, Avg: 634967168.8, Max: 634967168.9, Diff: 0.1]
      [Ext Root Scanning (ms): Min: 1.5, Avg: 2.4, Max: 7.2, Diff: 5.7, Sum: 19.4]
      [Update RS (ms): Min: 0.0, Avg: 1.8, Max: 2.4, Diff: 2.4, Sum: 14.3]
         [Processed Buffers: Min: 0, Avg: 5.9, Max: 14, Diff: 14, Sum: 47]
      [Scan RS (ms): Min: 0.0, Avg: 0.7, Max: 0.9, Diff: 0.9, Sum: 5.2]
      [Code Root Scanning (ms): Min: 0.0, Avg: 0.0, Max: 0.0, Diff: 0.0, Sum: 0.0]
      [Object Copy (ms): Min: 1.9, Avg: 4.2, Max: 4.7, Diff: 2.8, Sum: 34.0]
      [Termination (ms): Min: 0.0, Avg: 0.0, Max: 0.0, Diff: 0.0, Sum: 0.0]
         [Termination Attempts: Min: 1, Avg: 3.1, Max: 6, Diff: 5, Sum: 25]
      [GC Worker Other (ms): Min: 0.0, Avg: 0.1, Max: 0.2, Diff: 0.1, Sum: 0.7]
      [GC Worker Total (ms): Min: 9.1, Avg: 9.2, Max: 9.3, Diff: 0.2, Sum: 73.5]
      [GC Worker End (ms): Min: 634967178.0, Avg: 634967178.0, Max: 634967178.1, Diff: 0.1]
   [Code Root Fixup: 0.0 ms]
   [Code Root Purge: 0.0 ms]
   [Clear CT: 0.8 ms]
   [Other: 4.0 ms]
      [Choose CSet: 0.0 ms]
      [Ref Proc: 3.4 ms]
      [Ref Enq: 0.1 ms]
      [Redirty Cards: 0.1 ms]
      [Humongous Register: 0.1 ms]
      [Humongous Reclaim: 0.0 ms]
      [Free CSet: 0.2 ms]
   [Eden: 5712.0M(5712.0M)->0.0B(7152.0M) Survivors: 16384.0K->16384.0K Heap: 9307.3M(14336.0M)->3588.9M(14336.0M)]
 [Times: user=0.09 sys=0.00, real=0.01 secs] 
2022-07-29T05:35:12.840-0700: 635084.345: [GC pause (G1 Evacuation Pause) (young), 0.0124720 secs]
   [Parallel Time: 9.0 ms, GC Workers: 8]
      [GC Worker Start (ms): Min: 635084344.6, Avg: 635084344.7, Max: 635084344.9, Diff: 0.2]
      [Ext Root Scanning (ms): Min: 2.9, Avg: 3.7, Max: 5.3, Diff: 2.4, Sum: 29.3]
      [Update RS (ms): Min: 1.9, Avg: 3.2, Max: 3.6, Diff: 1.8, Sum: 25.4]
         [Processed Buffers: Min: 6, Avg: 10.0, Max: 12, Diff: 6, Sum: 80]
      [Scan RS (ms): Min: 0.0, Avg: 0.0, Max: 0.1, Diff: 0.1, Sum: 0.4]
      [Code Root Scanning (ms): Min: 0.0, Avg: 0.0, Max: 0.0, Diff: 0.0, Sum: 0.0]
      [Object Copy (ms): Min: 1.6, Avg: 1.8, Max: 2.4, Diff: 0.9, Sum: 14.5]
      [Termination (ms): Min: 0.0, Avg: 0.0, Max: 0.0, Diff: 0.0, Sum: 0.0]
         [Termination Attempts: Min: 1, Avg: 1.6, Max: 2, Diff: 1, Sum: 13]
      [GC Worker Other (ms): Min: 0.0, Avg: 0.1, Max: 0.1, Diff: 0.1, Sum: 0.6]
      [GC Worker Total (ms): Min: 8.6, Avg: 8.8, Max: 8.9, Diff: 0.2, Sum: 70.1]
      [GC Worker End (ms): Min: 635084353.5, Avg: 635084353.5, Max: 635084353.6, Diff: 0.1]
   [Code Root Fixup: 0.0 ms]
   [Code Root Purge: 0.0 ms]
   [Clear CT: 0.8 ms]
   [Other: 2.7 ms]
      [Choose CSet: 0.0 ms]
      [Ref Proc: 2.0 ms]
      [Ref Enq: 0.1 ms]
      [Redirty Cards: 0.1 ms]
      [Humongous Register: 0.1 ms]
      [Humongous Reclaim: 0.0 ms]
      [Free CSet: 0.3 ms]
   [Eden: 7152.0M(7152.0M)->0.0B(7152.0M) Survivors: 16384.0K->16384.0K Heap: 10740.9M(14336.0M)->3590.3M(14336.0M)]
 [Times: user=0.06 sys=0.00, real=0.01 secs] 
2022-07-29T05:37:14.205-0700: 635205.709: [GC pause (G1 Evacuation Pause) (young) (initial-mark), 0.0182188 secs]
   [Parallel Time: 12.9 ms, GC Workers: 8]
      [GC Worker Start (ms): Min: 635205711.8, Avg: 635205711.9, Max: 635205712.0, Diff: 0.2]
      [Ext Root Scanning (ms): Min: 5.9, Avg: 6.3, Max: 6.8, Diff: 0.9, Sum: 50.3]
      [Update RS (ms): Min: 1.6, Avg: 1.8, Max: 2.0, Diff: 0.3, Sum: 14.2]
         [Processed Buffers: Min: 3, Avg: 5.5, Max: 9, Diff: 6, Sum: 44]
      [Scan RS (ms): Min: 0.0, Avg: 0.1, Max: 0.1, Diff: 0.1, Sum: 0.4]
      [Code Root Scanning (ms): Min: 0.0, Avg: 0.0, Max: 0.0, Diff: 0.0, Sum: 0.0]
      [Object Copy (ms): Min: 1.5, Avg: 2.1, Max: 2.5, Diff: 1.0, Sum: 16.5]
      [Termination (ms): Min: 0.0, Avg: 0.0, Max: 0.0, Diff: 0.0, Sum: 0.1]
         [Termination Attempts: Min: 18, Avg: 25.0, Max: 36, Diff: 18, Sum: 200]
      [GC Worker Other (ms): Min: 0.0, Avg: 0.1, Max: 0.2, Diff: 0.2, Sum: 0.6]
      [GC Worker Total (ms): Min: 10.2, Avg: 10.3, Max: 10.4, Diff: 0.2, Sum: 82.1]
      [GC Worker End (ms): Min: 635205722.1, Avg: 635205722.2, Max: 635205722.3, Diff: 0.2]
   [Code Root Fixup: 0.0 ms]
   [Code Root Purge: 0.0 ms]
   [Clear CT: 0.7 ms]
   [Other: 4.5 ms]
      [Choose CSet: 0.0 ms]
      [Ref Proc: 3.8 ms]
      [Ref Enq: 0.1 ms]
      [Redirty Cards: 0.1 ms]
      [Humongous Register: 0.0 ms]
      [Humongous Reclaim: 0.0 ms]
      [Free CSet: 0.3 ms]
   [Eden: 7152.0M(7152.0M)->0.0B(7152.0M) Survivors: 16384.0K->16384.0K Heap: 10742.3M(14336.0M)->3592.6M(14336.0M)]
 [Times: user=0.08 sys=0.02, real=0.02 secs] 
2022-07-29T05:37:14.223-0700: 635205.728: [GC concurrent-root-region-scan-start]
2022-07-29T05:37:14.233-0700: 635205.737: [GC concurrent-root-region-scan-end, 0.0094981 secs]
2022-07-29T05:37:14.233-0700: 635205.737: [GC concurrent-mark-start]
2022-07-29T05:37:16.893-0700: 635208.398: [GC concurrent-mark-end, 2.6607452 secs]
2022-07-29T05:37:16.894-0700: 635208.398: [GC remark 2022-07-29T05:37:16.894-0700: 635208.398: [Finalize Marking, 0.0001631 secs] 2022-07-29T05:37:16.894-0700: 635208.399: [GC ref-proc, 0.0110938 secs] 2022-07-29T05:37:16.905-0700: 635208.410: [Unloading, 0.0278580 secs], 0.0449107 secs]
 [Times: user=0.26 sys=0.00, real=0.05 secs] 
2022-07-29T05:37:16.939-0700: 635208.444: [GC cleanup 3760M->3760M(14336M), 0.0085408 secs]
 [Times: user=0.06 sys=0.00, real=0.01 secs] 
2022-07-29T05:39:15.827-0700: 635327.331: [GC pause (G1 Evacuation Pause) (young), 0.0107203 secs]
   [Parallel Time: 5.8 ms, GC Workers: 8]
      [GC Worker Start (ms): Min: 635327331.4, Avg: 635327331.5, Max: 635327331.6, Diff: 0.1]
      [Ext Root Scanning (ms): Min: 1.1, Avg: 1.9, Max: 5.5, Diff: 4.3, Sum: 15.1]
      [Update RS (ms): Min: 0.0, Avg: 1.3, Max: 2.0, Diff: 2.0, Sum: 10.8]
         [Processed Buffers: Min: 0, Avg: 5.1, Max: 10, Diff: 10, Sum: 41]
      [Scan RS (ms): Min: 0.0, Avg: 0.1, Max: 0.1, Diff: 0.1, Sum: 0.4]
      [Code Root Scanning (ms): Min: 0.0, Avg: 0.0, Max: 0.0, Diff: 0.0, Sum: 0.0]
      [Object Copy (ms): Min: 0.0, Avg: 2.1, Max: 2.5, Diff: 2.5, Sum: 16.8]
      [Termination (ms): Min: 0.0, Avg: 0.0, Max: 0.0, Diff: 0.0, Sum: 0.2]
         [Termination Attempts: Min: 1, Avg: 4.6, Max: 9, Diff: 8, Sum: 37]
      [GC Worker Other (ms): Min: 0.0, Avg: 0.0, Max: 0.0, Diff: 0.0, Sum: 0.1]
      [GC Worker Total (ms): Min: 5.4, Avg: 5.4, Max: 5.5, Diff: 0.1, Sum: 43.4]
      [GC Worker End (ms): Min: 635327336.9, Avg: 635327336.9, Max: 635327337.0, Diff: 0.0]
   [Code Root Fixup: 0.0 ms]
   [Code Root Purge: 0.0 ms]
   [Clear CT: 0.7 ms]
   [Other: 4.2 ms]
      [Choose CSet: 0.0 ms]
      [Ref Proc: 3.4 ms]
      [Ref Enq: 0.1 ms]
      [Redirty Cards: 0.1 ms]
      [Humongous Register: 0.1 ms]
      [Humongous Reclaim: 0.0 ms]
      [Free CSet: 0.3 ms]
   [Eden: 7152.0M(7152.0M)->0.0B(5712.0M) Survivors: 16384.0K->16384.0K Heap: 10744.6M(14336.0M)->3594.9M(14336.0M)]
 [Times: user=0.06 sys=0.00, real=0.01 secs] 
2022-07-29T05:40:54.432-0700: 635425.937: [GC pause (G1 Evacuation Pause) (mixed), 0.0133037 secs]
   [Parallel Time: 10.0 ms, GC Workers: 8]
      [GC Worker Start (ms): Min: 635425936.8, Avg: 635425936.9, Max: 635425936.9, Diff: 0.1]
      [Ext Root Scanning (ms): Min: 1.2, Avg: 2.1, Max: 6.9, Diff: 5.7, Sum: 17.1]
      [Update RS (ms): Min: 0.0, Avg: 1.6, Max: 2.2, Diff: 2.2, Sum: 13.2]
         [Processed Buffers: Min: 0, Avg: 5.4, Max: 9, Diff: 9, Sum: 43]
      [Scan RS (ms): Min: 0.0, Avg: 1.1, Max: 1.4, Diff: 1.4, Sum: 9.1]
      [Code Root Scanning (ms): Min: 0.0, Avg: 0.0, Max: 0.0, Diff: 0.0, Sum: 0.0]
      [Object Copy (ms): Min: 2.8, Avg: 4.7, Max: 5.1, Diff: 2.3, Sum: 37.9]
      [Termination (ms): Min: 0.0, Avg: 0.0, Max: 0.0, Diff: 0.0, Sum: 0.1]
         [Termination Attempts: Min: 17, Avg: 22.9, Max: 31, Diff: 14, Sum: 183]
      [GC Worker Other (ms): Min: 0.0, Avg: 0.1, Max: 0.1, Diff: 0.1, Sum: 0.5]
      [GC Worker Total (ms): Min: 9.7, Avg: 9.7, Max: 9.8, Diff: 0.2, Sum: 77.8]
      [GC Worker End (ms): Min: 635425946.6, Avg: 635425946.6, Max: 635425946.7, Diff: 0.1]
   [Code Root Fixup: 0.0 ms]
   [Code Root Purge: 0.0 ms]
   [Clear CT: 0.7 ms]
   [Other: 2.5 ms]
      [Choose CSet: 0.0 ms]
      [Ref Proc: 1.8 ms]
      [Ref Enq: 0.1 ms]
      [Redirty Cards: 0.1 ms]
      [Humongous Register: 0.1 ms]
      [Humongous Reclaim: 0.0 ms]
      [Free CSet: 0.2 ms]
   [Eden: 5712.0M(5712.0M)->0.0B(7152.0M) Survivors: 16384.0K->16384.0K Heap: 9306.9M(14336.0M)->3584.1M(14336.0M)]
 [Times: user=0.08 sys=0.01, real=0.02 secs] 
2022-07-29T05:42:55.563-0700: 635547.068: [GC pause (G1 Evacuation Pause) (young), 0.0122733 secs]
   [Parallel Time: 9.1 ms, GC Workers: 8]
      [GC Worker Start (ms): Min: 635547068.3, Avg: 635547068.4, Max: 635547068.4, Diff: 0.1]
      [Ext Root Scanning (ms): Min: 1.3, Avg: 2.1, Max: 5.5, Diff: 4.1, Sum: 16.8]
      [Update RS (ms): Min: 1.5, Avg: 4.6, Max: 5.4, Diff: 3.9, Sum: 36.7]
         [Processed Buffers: Min: 8, Avg: 11.9, Max: 16, Diff: 8, Sum: 95]
      [Scan RS (ms): Min: 0.0, Avg: 0.1, Max: 0.1, Diff: 0.1, Sum: 0.5]
      [Code Root Scanning (ms): Min: 0.0, Avg: 0.0, Max: 0.0, Diff: 0.0, Sum: 0.0]
      [Object Copy (ms): Min: 1.8, Avg: 2.1, Max: 2.3, Diff: 0.5, Sum: 16.7]
      [Termination (ms): Min: 0.0, Avg: 0.0, Max: 0.0, Diff: 0.0, Sum: 0.1]
         [Termination Attempts: Min: 21, Avg: 26.5, Max: 31, Diff: 10, Sum: 212]
      [GC Worker Other (ms): Min: 0.0, Avg: 0.0, Max: 0.1, Diff: 0.1, Sum: 0.3]
      [GC Worker Total (ms): Min: 8.8, Avg: 8.9, Max: 9.0, Diff: 0.1, Sum: 71.1]
      [GC Worker End (ms): Min: 635547077.2, Avg: 635547077.2, Max: 635547077.3, Diff: 0.0]
   [Code Root Fixup: 0.0 ms]
   [Code Root Purge: 0.0 ms]
   [Clear CT: 0.7 ms]
   [Other: 2.5 ms]
      [Choose CSet: 0.0 ms]
      [Ref Proc: 1.8 ms]
      [Ref Enq: 0.1 ms]
      [Redirty Cards: 0.1 ms]
      [Humongous Register: 0.1 ms]
      [Humongous Reclaim: 0.0 ms]
      [Free CSet: 0.3 ms]
   [Eden: 7152.0M(7152.0M)->0.0B(7152.0M) Survivors: 16384.0K->16384.0K Heap: 10736.1M(14336.0M)->3593.6M(14336.0M)]
 [Times: user=0.08 sys=0.00, real=0.01 secs] 
2022-07-29T05:44:58.825-0700: 635670.329: [GC pause (G1 Evacuation Pause) (young) (initial-mark), 0.0165467 secs]
   [Parallel Time: 11.7 ms, GC Workers: 8]
      [GC Worker Start (ms): Min: 635670331.4, Avg: 635670331.5, Max: 635670331.6, Diff: 0.2]
      [Ext Root Scanning (ms): Min: 5.3, Avg: 5.6, Max: 6.0, Diff: 0.7, Sum: 44.9]
      [Update RS (ms): Min: 1.2, Avg: 1.3, Max: 1.7, Diff: 0.6, Sum: 10.5]
         [Processed Buffers: Min: 3, Avg: 5.1, Max: 11, Diff: 8, Sum: 41]
      [Scan RS (ms): Min: 0.0, Avg: 0.0, Max: 0.1, Diff: 0.1, Sum: 0.4]
      [Code Root Scanning (ms): Min: 0.0, Avg: 0.0, Max: 0.0, Diff: 0.0, Sum: 0.0]
      [Object Copy (ms): Min: 1.4, Avg: 2.2, Max: 2.6, Diff: 1.2, Sum: 17.8]
      [Termination (ms): Min: 0.0, Avg: 0.0, Max: 0.0, Diff: 0.0, Sum: 0.0]
         [Termination Attempts: Min: 1, Avg: 3.0, Max: 5, Diff: 4, Sum: 24]
      [GC Worker Other (ms): Min: 0.0, Avg: 0.1, Max: 0.1, Diff: 0.1, Sum: 0.4]
      [GC Worker Total (ms): Min: 9.1, Avg: 9.3, Max: 9.3, Diff: 0.2, Sum: 74.0]
      [GC Worker End (ms): Min: 635670340.7, Avg: 635670340.7, Max: 635670340.8, Diff: 0.1]
   [Code Root Fixup: 0.0 ms]
   [Code Root Purge: 0.0 ms]
   [Clear CT: 0.7 ms]
   [Other: 4.2 ms]
      [Choose CSet: 0.0 ms]
      [Ref Proc: 3.4 ms]
      [Ref Enq: 0.1 ms]
      [Redirty Cards: 0.1 ms]
      [Humongous Register: 0.0 ms]
      [Humongous Reclaim: 0.0 ms]
      [Free CSet: 0.3 ms]
   [Eden: 7152.0M(7152.0M)->0.0B(7152.0M) Survivors: 16384.0K->16384.0K Heap: 10745.6M(14336.0M)->3592.2M(14336.0M)]
 [Times: user=0.08 sys=0.01, real=0.01 secs] 
2022-07-29T05:44:58.841-0700: 635670.346: [GC concurrent-root-region-scan-start]
2022-07-29T05:44:58.850-0700: 635670.355: [GC concurrent-root-region-scan-end, 0.0091053 secs]
2022-07-29T05:44:58.850-0700: 635670.355: [GC concurrent-mark-start]
2022-07-29T05:45:01.503-0700: 635673.008: [GC concurrent-mark-end, 2.6526968 secs]
2022-07-29T05:45:01.503-0700: 635673.008: [GC remark 2022-07-29T05:45:01.503-0700: 635673.008: [Finalize Marking, 0.0003859 secs] 2022-07-29T05:45:01.504-0700: 635673.009: [GC ref-proc, 0.0076125 secs] 2022-07-29T05:45:01.512-0700: 635673.016: [Unloading, 0.0278845 secs], 0.0419235 secs]
 [Times: user=0.25 sys=0.00, real=0.04 secs] 
2022-07-29T05:45:01.546-0700: 635673.050: [GC cleanup 3776M->3776M(14336M), 0.0089027 secs]
 [Times: user=0.07 sys=0.00, real=0.01 secs] 
2022-07-29T05:46:59.967-0700: 635791.471: [GC pause (G1 Evacuation Pause) (young), 0.0103889 secs]
   [Parallel Time: 6.5 ms, GC Workers: 8]
      [GC Worker Start (ms): Min: 635791471.4, Avg: 635791471.5, Max: 635791471.6, Diff: 0.1]
      [Ext Root Scanning (ms): Min: 1.2, Avg: 2.0, Max: 5.8, Diff: 4.6, Sum: 16.0]
      [Update RS (ms): Min: 0.0, Avg: 2.0, Max: 2.6, Diff: 2.6, Sum: 16.2]
         [Processed Buffers: Min: 0, Avg: 7.1, Max: 17, Diff: 17, Sum: 57]
      [Scan RS (ms): Min: 0.0, Avg: 0.1, Max: 0.1, Diff: 0.1, Sum: 0.4]
      [Code Root Scanning (ms): Min: 0.0, Avg: 0.0, Max: 0.0, Diff: 0.0, Sum: 0.0]
      [Object Copy (ms): Min: 0.5, Avg: 2.2, Max: 2.6, Diff: 2.1, Sum: 17.9]
      [Termination (ms): Min: 0.0, Avg: 0.0, Max: 0.0, Diff: 0.0, Sum: 0.0]
         [Termination Attempts: Min: 1, Avg: 1.0, Max: 1, Diff: 0, Sum: 8]
      [GC Worker Other (ms): Min: 0.0, Avg: 0.0, Max: 0.1, Diff: 0.0, Sum: 0.3]
      [GC Worker Total (ms): Min: 6.3, Avg: 6.4, Max: 6.4, Diff: 0.1, Sum: 50.8]
      [GC Worker End (ms): Min: 635791477.8, Avg: 635791477.9, Max: 635791477.9, Diff: 0.1]
   [Code Root Fixup: 0.0 ms]
   [Code Root Purge: 0.0 ms]
   [Clear CT: 0.7 ms]
   [Other: 3.1 ms]
      [Choose CSet: 0.0 ms]
      [Ref Proc: 2.4 ms]
      [Ref Enq: 0.1 ms]
      [Redirty Cards: 0.1 ms]
      [Humongous Register: 0.1 ms]
      [Humongous Reclaim: 0.0 ms]
      [Free CSet: 0.3 ms]
   [Eden: 7152.0M(7152.0M)->0.0B(5712.0M) Survivors: 16384.0K->16384.0K Heap: 10744.2M(14336.0M)->3595.2M(14336.0M)]
 [Times: user=0.06 sys=0.01, real=0.01 secs] 
2022-07-29T05:48:32.935-0700: 635884.440: [GC pause (G1 Evacuation Pause) (mixed), 0.0142448 secs]
   [Parallel Time: 11.4 ms, GC Workers: 8]
      [GC Worker Start (ms): Min: 635884439.9, Avg: 635884440.0, Max: 635884440.0, Diff: 0.2]
      [Ext Root Scanning (ms): Min: 1.5, Avg: 2.5, Max: 7.4, Diff: 6.0, Sum: 19.9]
      [Update RS (ms): Min: 0.0, Avg: 2.2, Max: 2.8, Diff: 2.8, Sum: 17.8]
         [Processed Buffers: Min: 0, Avg: 6.1, Max: 17, Diff: 17, Sum: 49]
      [Scan RS (ms): Min: 0.0, Avg: 1.0, Max: 1.3, Diff: 1.2, Sum: 8.2]
      [Code Root Scanning (ms): Min: 0.0, Avg: 0.0, Max: 0.0, Diff: 0.0, Sum: 0.0]
      [Object Copy (ms): Min: 3.7, Avg: 5.4, Max: 5.7, Diff: 2.0, Sum: 43.1]
      [Termination (ms): Min: 0.0, Avg: 0.0, Max: 0.0, Diff: 0.0, Sum: 0.0]
         [Termination Attempts: Min: 8, Avg: 11.9, Max: 14, Diff: 6, Sum: 95]
      [GC Worker Other (ms): Min: 0.0, Avg: 0.1, Max: 0.1, Diff: 0.1, Sum: 0.4]
      [GC Worker Total (ms): Min: 11.1, Avg: 11.2, Max: 11.3, Diff: 0.2, Sum: 89.5]
      [GC Worker End (ms): Min: 635884451.1, Avg: 635884451.1, Max: 635884451.2, Diff: 0.1]
   [Code Root Fixup: 0.0 ms]
   [Code Root Purge: 0.0 ms]
   [Clear CT: 0.8 ms]
   [Other: 2.0 ms]
      [Choose CSet: 0.0 ms]
      [Ref Proc: 1.4 ms]
      [Ref Enq: 0.1 ms]
      [Redirty Cards: 0.1 ms]
      [Humongous Register: 0.1 ms]
      [Humongous Reclaim: 0.0 ms]
      [Free CSet: 0.2 ms]
   [Eden: 5712.0M(5712.0M)->0.0B(7152.0M) Survivors: 16384.0K->16384.0K Heap: 9307.2M(14336.0M)->3592.0M(14336.0M)]
 [Times: user=0.09 sys=0.01, real=0.01 secs] 
2022-07-29T05:50:32.966-0700: 636004.471: [GC pause (G1 Evacuation Pause) (young), 0.0120554 secs]
   [Parallel Time: 9.2 ms, GC Workers: 8]
      [GC Worker Start (ms): Min: 636004471.3, Avg: 636004471.3, Max: 636004471.4, Diff: 0.1]
      [Ext Root Scanning (ms): Min: 1.3, Avg: 2.1, Max: 5.8, Diff: 4.4, Sum: 17.1]
      [Update RS (ms): Min: 1.5, Avg: 4.7, Max: 5.5, Diff: 4.0, Sum: 37.8]
         [Processed Buffers: Min: 4, Avg: 12.9, Max: 17, Diff: 13, Sum: 103]
      [Scan RS (ms): Min: 0.0, Avg: 0.0, Max: 0.1, Diff: 0.1, Sum: 0.4]
      [Code Root Scanning (ms): Min: 0.0, Avg: 0.0, Max: 0.0, Diff: 0.0, Sum: 0.0]
      [Object Copy (ms): Min: 1.7, Avg: 2.1, Max: 2.3, Diff: 0.6, Sum: 16.9]
      [Termination (ms): Min: 0.0, Avg: 0.0, Max: 0.0, Diff: 0.0, Sum: 0.0]
         [Termination Attempts: Min: 1, Avg: 1.6, Max: 3, Diff: 2, Sum: 13]
      [GC Worker Other (ms): Min: 0.0, Avg: 0.1, Max: 0.1, Diff: 0.1, Sum: 0.4]
      [GC Worker Total (ms): Min: 9.0, Avg: 9.1, Max: 9.1, Diff: 0.1, Sum: 72.6]
      [GC Worker End (ms): Min: 636004480.4, Avg: 636004480.4, Max: 636004480.4, Diff: 0.1]
   [Code Root Fixup: 0.0 ms]
   [Code Root Purge: 0.0 ms]
   [Clear CT: 0.7 ms]
   [Other: 2.1 ms]
      [Choose CSet: 0.0 ms]
      [Ref Proc: 1.4 ms]
      [Ref Enq: 0.1 ms]
      [Redirty Cards: 0.1 ms]
      [Humongous Register: 0.1 ms]
      [Humongous Reclaim: 0.0 ms]
      [Free CSet: 0.3 ms]
   [Eden: 7152.0M(7152.0M)->0.0B(7152.0M) Survivors: 16384.0K->16384.0K Heap: 10744.0M(14336.0M)->3594.4M(14336.0M)]
 [Times: user=0.08 sys=0.00, real=0.01 secs] 
2022-07-29T05:53:10.723-0700: 636162.228: [GC pause (G1 Evacuation Pause) (young) (initial-mark), 0.0287501 secs]
   [Parallel Time: 24.0 ms, GC Workers: 8]
      [GC Worker Start (ms): Min: 636162229.9, Avg: 636162230.0, Max: 636162230.0, Diff: 0.1]
      [Ext Root Scanning (ms): Min: 6.6, Avg: 6.9, Max: 7.2, Diff: 0.6, Sum: 54.9]
      [Update RS (ms): Min: 5.5, Avg: 5.6, Max: 5.7, Diff: 0.3, Sum: 45.1]
         [Processed Buffers: Min: 13, Avg: 16.5, Max: 20, Diff: 7, Sum: 132]
      [Scan RS (ms): Min: 0.0, Avg: 0.0, Max: 0.1, Diff: 0.1, Sum: 0.4]
      [Code Root Scanning (ms): Min: 0.0, Avg: 0.0, Max: 0.0, Diff: 0.0, Sum: 0.0]
      [Object Copy (ms): Min: 9.1, Avg: 9.4, Max: 9.6, Diff: 0.5, Sum: 75.2]
      [Termination (ms): Min: 0.0, Avg: 0.0, Max: 0.0, Diff: 0.0, Sum: 0.0]
         [Termination Attempts: Min: 1, Avg: 1.0, Max: 1, Diff: 0, Sum: 8]
      [GC Worker Other (ms): Min: 0.0, Avg: 0.1, Max: 0.1, Diff: 0.1, Sum: 0.5]
      [GC Worker Total (ms): Min: 21.9, Avg: 22.0, Max: 22.1, Diff: 0.2, Sum: 176.1]
      [GC Worker End (ms): Min: 636162251.9, Avg: 636162252.0, Max: 636162252.0, Diff: 0.1]
   [Code Root Fixup: 0.0 ms]
   [Code Root Purge: 0.0 ms]
   [Clear CT: 0.7 ms]
   [Other: 4.0 ms]
      [Choose CSet: 0.0 ms]
      [Ref Proc: 3.4 ms]
      [Ref Enq: 0.1 ms]
      [Redirty Cards: 0.1 ms]
      [Humongous Register: 0.0 ms]
      [Humongous Reclaim: 0.0 ms]
      [Free CSet: 0.3 ms]
   [Eden: 7152.0M(7152.0M)->0.0B(7120.0M) Survivors: 16384.0K->49152.0K Heap: 10746.4M(14336.0M)->3626.7M(14336.0M)]
 [Times: user=0.18 sys=0.00, real=0.02 secs] 
2022-07-29T05:53:10.752-0700: 636162.257: [GC concurrent-root-region-scan-start]
2022-07-29T05:53:10.768-0700: 636162.273: [GC concurrent-root-region-scan-end, 0.0160618 secs]
2022-07-29T05:53:10.768-0700: 636162.273: [GC concurrent-mark-start]
2022-07-29T05:53:13.358-0700: 636164.862: [GC concurrent-mark-end, 2.5892932 secs]
2022-07-29T05:53:13.358-0700: 636164.863: [GC remark 2022-07-29T05:53:13.358-0700: 636164.863: [Finalize Marking, 0.0002976 secs] 2022-07-29T05:53:13.358-0700: 636164.863: [GC ref-proc, 0.0100227 secs] 2022-07-29T05:53:13.368-0700: 636164.873: [Unloading, 0.0283111 secs], 0.0443968 secs]
 [Times: user=0.26 sys=0.00, real=0.04 secs] 
2022-07-29T05:53:13.403-0700: 636164.907: [GC cleanup 3685M->3685M(14336M), 0.0090032 secs]
 [Times: user=0.07 sys=0.00, real=0.00 secs] 
2022-07-29T06:10:21.580-0700: 637193.085: [GC pause (GCLocker Initiated GC) (young), 0.0163847 secs]
   [Parallel Time: 13.6 ms, GC Workers: 8]
      [GC Worker Start (ms): Min: 637193085.2, Avg: 637193085.3, Max: 637193085.4, Diff: 0.2]
      [Ext Root Scanning (ms): Min: 1.1, Avg: 1.9, Max: 5.7, Diff: 4.5, Sum: 15.5]
      [Update RS (ms): Min: 0.0, Avg: 2.7, Max: 3.4, Diff: 3.4, Sum: 21.5]
         [Processed Buffers: Min: 0, Avg: 28.2, Max: 74, Diff: 74, Sum: 226]
      [Scan RS (ms): Min: 0.0, Avg: 0.1, Max: 0.1, Diff: 0.1, Sum: 0.4]
      [Code Root Scanning (ms): Min: 0.0, Avg: 0.0, Max: 0.0, Diff: 0.0, Sum: 0.0]
      [Object Copy (ms): Min: 7.6, Avg: 8.5, Max: 8.7, Diff: 1.2, Sum: 67.7]
      [Termination (ms): Min: 0.0, Avg: 0.0, Max: 0.0, Diff: 0.0, Sum: 0.0]
         [Termination Attempts: Min: 1, Avg: 4.1, Max: 7, Diff: 6, Sum: 33]
      [GC Worker Other (ms): Min: 0.0, Avg: 0.1, Max: 0.2, Diff: 0.2, Sum: 0.8]
      [GC Worker Total (ms): Min: 13.1, Avg: 13.3, Max: 13.3, Diff: 0.2, Sum: 106.1]
      [GC Worker End (ms): Min: 637193098.5, Avg: 637193098.5, Max: 637193098.6, Diff: 0.2]
   [Code Root Fixup: 0.0 ms]
   [Code Root Purge: 0.0 ms]
   [Clear CT: 0.7 ms]
   [Other: 2.1 ms]
      [Choose CSet: 0.0 ms]
      [Ref Proc: 1.4 ms]
      [Ref Enq: 0.1 ms]
      [Redirty Cards: 0.1 ms]
      [Humongous Register: 0.1 ms]
      [Humongous Reclaim: 0.0 ms]
      [Free CSet: 0.3 ms]
   [Eden: 7136.0M(7120.0M)->0.0B(5664.0M) Survivors: 49152.0K->65536.0K Heap: 10746.7M(14336.0M)->3666.9M(14336.0M)]
 [Times: user=0.12 sys=0.00, real=0.02 secs] 
2022-07-29T06:24:14.364-0700: 638025.868: [GC pause (G1 Evacuation Pause) (mixed), 0.0364849 secs]
   [Parallel Time: 32.1 ms, GC Workers: 8]
      [GC Worker Start (ms): Min: 638025868.5, Avg: 638025868.6, Max: 638025868.7, Diff: 0.2]
      [Ext Root Scanning (ms): Min: 1.1, Avg: 2.0, Max: 7.0, Diff: 6.0, Sum: 16.0]
      [Update RS (ms): Min: 2.5, Avg: 7.3, Max: 8.2, Diff: 5.7, Sum: 58.2]
         [Processed Buffers: Min: 16, Avg: 33.0, Max: 72, Diff: 56, Sum: 264]
      [Scan RS (ms): Min: 3.0, Avg: 3.2, Max: 3.3, Diff: 0.4, Sum: 25.6]
      [Code Root Scanning (ms): Min: 0.0, Avg: 0.0, Max: 0.0, Diff: 0.0, Sum: 0.0]
      [Object Copy (ms): Min: 18.8, Avg: 19.0, Max: 19.2, Diff: 0.4, Sum: 152.1]
      [Termination (ms): Min: 0.0, Avg: 0.0, Max: 0.0, Diff: 0.0, Sum: 0.1]
         [Termination Attempts: Min: 1, Avg: 80.0, Max: 103, Diff: 102, Sum: 640]
      [GC Worker Other (ms): Min: 0.0, Avg: 0.1, Max: 0.2, Diff: 0.1, Sum: 0.6]
      [GC Worker Total (ms): Min: 31.5, Avg: 31.6, Max: 31.7, Diff: 0.3, Sum: 252.7]
      [GC Worker End (ms): Min: 638025900.1, Avg: 638025900.2, Max: 638025900.3, Diff: 0.1]
   [Code Root Fixup: 0.0 ms]
   [Code Root Purge: 0.0 ms]
   [Clear CT: 0.8 ms]
   [Other: 3.6 ms]
      [Choose CSet: 0.0 ms]
      [Ref Proc: 2.7 ms]
      [Ref Enq: 0.1 ms]
      [Redirty Cards: 0.2 ms]
      [Humongous Register: 0.1 ms]
      [Humongous Reclaim: 0.0 ms]
      [Free CSet: 0.3 ms]
   [Eden: 5664.0M(5664.0M)->0.0B(7152.0M) Survivors: 65536.0K->16384.0K Heap: 9330.9M(14336.0M)->3600.8M(14336.0M)]
 [Times: user=0.27 sys=0.00, real=0.04 secs] 
2022-07-29T06:40:46.213-0700: 639017.718: [GC pause (G1 Evacuation Pause) (young), 0.0122771 secs]
   [Parallel Time: 9.5 ms, GC Workers: 8]
      [GC Worker Start (ms): Min: 639017718.2, Avg: 639017718.3, Max: 639017718.4, Diff: 0.1]
      [Ext Root Scanning (ms): Min: 1.2, Avg: 1.8, Max: 5.5, Diff: 4.3, Sum: 14.8]
      [Update RS (ms): Min: 3.5, Avg: 6.9, Max: 7.7, Diff: 4.2, Sum: 55.3]
         [Processed Buffers: Min: 14, Avg: 35.5, Max: 58, Diff: 44, Sum: 284]
      [Scan RS (ms): Min: 0.0, Avg: 0.1, Max: 0.1, Diff: 0.1, Sum: 0.5]
      [Code Root Scanning (ms): Min: 0.0, Avg: 0.0, Max: 0.0, Diff: 0.0, Sum: 0.0]
      [Object Copy (ms): Min: 0.2, Avg: 0.4, Max: 0.6, Diff: 0.3, Sum: 3.5]
      [Termination (ms): Min: 0.0, Avg: 0.0, Max: 0.0, Diff: 0.0, Sum: 0.1]
         [Termination Attempts: Min: 1, Avg: 6.2, Max: 11, Diff: 10, Sum: 50]
      [GC Worker Other (ms): Min: 0.0, Avg: 0.0, Max: 0.1, Diff: 0.1, Sum: 0.3]
      [GC Worker Total (ms): Min: 9.2, Avg: 9.3, Max: 9.4, Diff: 0.1, Sum: 74.5]
      [GC Worker End (ms): Min: 639017727.6, Avg: 639017727.6, Max: 639017727.7, Diff: 0.1]
   [Code Root Fixup: 0.0 ms]
   [Code Root Purge: 0.0 ms]
   [Clear CT: 0.6 ms]
   [Other: 2.1 ms]
      [Choose CSet: 0.0 ms]
      [Ref Proc: 1.4 ms]
      [Ref Enq: 0.1 ms]
      [Redirty Cards: 0.1 ms]
      [Humongous Register: 0.1 ms]
      [Humongous Reclaim: 0.0 ms]
      [Free CSet: 0.3 ms]
   [Eden: 7152.0M(7152.0M)->0.0B(7152.0M) Survivors: 16384.0K->16384.0K Heap: 10752.8M(14336.0M)->3625.6M(14336.0M)]
 [Times: user=0.08 sys=0.00, real=0.02 secs] 
2022-07-29T06:57:27.314-0700: 640018.819: [GC pause (G1 Evacuation Pause) (young) (initial-mark), 0.0154858 secs]
   [Parallel Time: 9.6 ms, GC Workers: 8]
      [GC Worker Start (ms): Min: 640018820.6, Avg: 640018820.7, Max: 640018820.8, Diff: 0.2]
      [Ext Root Scanning (ms): Min: 6.0, Avg: 6.3, Max: 6.5, Diff: 0.5, Sum: 50.1]
      [Update RS (ms): Min: 0.2, Avg: 0.3, Max: 0.6, Diff: 0.4, Sum: 2.6]
         [Processed Buffers: Min: 1, Avg: 20.8, Max: 62, Diff: 61, Sum: 166]
      [Scan RS (ms): Min: 0.0, Avg: 0.1, Max: 0.1, Diff: 0.1, Sum: 0.5]
      [Code Root Scanning (ms): Min: 0.0, Avg: 0.0, Max: 0.0, Diff: 0.0, Sum: 0.0]
      [Object Copy (ms): Min: 0.2, Avg: 0.4, Max: 0.7, Diff: 0.5, Sum: 3.5]
      [Termination (ms): Min: 0.0, Avg: 0.1, Max: 0.1, Diff: 0.1, Sum: 0.5]
         [Termination Attempts: Min: 1, Avg: 1.6, Max: 2, Diff: 1, Sum: 13]
      [GC Worker Other (ms): Min: 0.0, Avg: 0.0, Max: 0.1, Diff: 0.0, Sum: 0.2]
      [GC Worker Total (ms): Min: 7.1, Avg: 7.2, Max: 7.3, Diff: 0.2, Sum: 57.5]
      [GC Worker End (ms): Min: 640018827.9, Avg: 640018827.9, Max: 640018827.9, Diff: 0.0]
   [Code Root Fixup: 0.0 ms]
   [Code Root Purge: 0.0 ms]
   [Clear CT: 0.7 ms]
   [Other: 5.2 ms]
      [Choose CSet: 0.0 ms]
      [Ref Proc: 4.3 ms]
      [Ref Enq: 0.1 ms]
      [Redirty Cards: 0.2 ms]
      [Humongous Register: 0.0 ms]
      [Humongous Reclaim: 0.0 ms]
      [Free CSet: 0.3 ms]
   [Eden: 7152.0M(7152.0M)->0.0B(7152.0M) Survivors: 16384.0K->16384.0K Heap: 10777.6M(14336.0M)->3629.0M(14336.0M)]
 [Times: user=0.06 sys=0.00, real=0.02 secs] 
2022-07-29T06:57:27.329-0700: 640018.834: [GC concurrent-root-region-scan-start]
2022-07-29T06:57:27.334-0700: 640018.839: [GC concurrent-root-region-scan-end, 0.0046435 secs]
2022-07-29T06:57:27.334-0700: 640018.839: [GC concurrent-mark-start]
2022-07-29T06:57:29.796-0700: 640021.301: [GC concurrent-mark-end, 2.4619281 secs]
2022-07-29T06:57:29.796-0700: 640021.301: [GC remark 2022-07-29T06:57:29.796-0700: 640021.301: [Finalize Marking, 0.0004351 secs] 2022-07-29T06:57:29.797-0700: 640021.302: [GC ref-proc, 0.0115817 secs] 2022-07-29T06:57:29.809-0700: 640021.313: [Unloading, 0.0298882 secs], 0.0474096 secs]
 [Times: user=0.27 sys=0.00, real=0.05 secs] 
2022-07-29T06:57:29.844-0700: 640021.349: [GC cleanup 3669M->3653M(14336M), 0.0091453 secs]
 [Times: user=0.06 sys=0.00, real=0.00 secs] 
2022-07-29T06:57:29.853-0700: 640021.358: [GC concurrent-cleanup-start]
2022-07-29T06:57:29.854-0700: 640021.358: [GC concurrent-cleanup-end, 0.0000146 secs]
2022-07-29T07:14:04.912-0700: 641016.417: [GC pause (G1 Evacuation Pause) (young), 0.0118090 secs]
   [Parallel Time: 6.0 ms, GC Workers: 8]
      [GC Worker Start (ms): Min: 641016417.2, Avg: 641016417.2, Max: 641016417.3, Diff: 0.2]
      [Ext Root Scanning (ms): Min: 1.2, Avg: 2.0, Max: 5.8, Diff: 4.6, Sum: 15.8]
      [Update RS (ms): Min: 0.0, Avg: 0.5, Max: 0.9, Diff: 0.9, Sum: 3.8]
         [Processed Buffers: Min: 0, Avg: 21.9, Max: 52, Diff: 52, Sum: 175]
      [Scan RS (ms): Min: 0.0, Avg: 0.1, Max: 0.2, Diff: 0.2, Sum: 0.6]
      [Code Root Scanning (ms): Min: 0.0, Avg: 0.0, Max: 0.0, Diff: 0.0, Sum: 0.0]
      [Object Copy (ms): Min: 0.0, Avg: 0.6, Max: 0.8, Diff: 0.8, Sum: 4.4]
      [Termination (ms): Min: 0.0, Avg: 2.7, Max: 3.1, Diff: 3.1, Sum: 21.7]
         [Termination Attempts: Min: 1, Avg: 6.1, Max: 10, Diff: 9, Sum: 49]
      [GC Worker Other (ms): Min: 0.0, Avg: 0.0, Max: 0.0, Diff: 0.0, Sum: 0.2]
      [GC Worker Total (ms): Min: 5.7, Avg: 5.8, Max: 5.9, Diff: 0.1, Sum: 46.6]
      [GC Worker End (ms): Min: 641016423.0, Avg: 641016423.0, Max: 641016423.1, Diff: 0.0]
   [Code Root Fixup: 0.0 ms]
   [Code Root Purge: 0.0 ms]
   [Clear CT: 0.6 ms]
   [Other: 5.2 ms]
      [Choose CSet: 0.0 ms]
      [Ref Proc: 4.5 ms]
      [Ref Enq: 0.1 ms]
      [Redirty Cards: 0.1 ms]
      [Humongous Register: 0.0 ms]
      [Humongous Reclaim: 0.0 ms]
      [Free CSet: 0.3 ms]
   [Eden: 7152.0M(7152.0M)->0.0B(5712.0M) Survivors: 16384.0K->16384.0K Heap: 10765.0M(14336.0M)->3614.4M(14336.0M)]
 [Times: user=0.05 sys=0.01, real=0.02 secs] 
2022-07-29T07:27:22.261-0700: 641813.766: [GC pause (G1 Evacuation Pause) (mixed), 0.0212144 secs]
   [Parallel Time: 16.5 ms, GC Workers: 8]
      [GC Worker Start (ms): Min: 641813766.2, Avg: 641813766.3, Max: 641813766.4, Diff: 0.1]
      [Ext Root Scanning (ms): Min: 1.2, Avg: 2.1, Max: 7.0, Diff: 5.8, Sum: 17.0]
      [Update RS (ms): Min: 0.0, Avg: 0.3, Max: 0.7, Diff: 0.7, Sum: 2.7]
         [Processed Buffers: Min: 0, Avg: 18.5, Max: 52, Diff: 52, Sum: 148]
      [Scan RS (ms): Min: 0.0, Avg: 3.4, Max: 4.1, Diff: 4.1, Sum: 27.4]
      [Code Root Scanning (ms): Min: 0.0, Avg: 0.0, Max: 0.2, Diff: 0.2, Sum: 0.3]
      [Object Copy (ms): Min: 8.9, Avg: 10.0, Max: 10.3, Diff: 1.3, Sum: 80.2]
      [Termination (ms): Min: 0.0, Avg: 0.0, Max: 0.0, Diff: 0.0, Sum: 0.0]
         [Termination Attempts: Min: 1, Avg: 1.4, Max: 3, Diff: 2, Sum: 11]
      [GC Worker Other (ms): Min: 0.0, Avg: 0.1, Max: 0.2, Diff: 0.1, Sum: 0.7]
      [GC Worker Total (ms): Min: 15.9, Avg: 16.0, Max: 16.1, Diff: 0.2, Sum: 128.3]
      [GC Worker End (ms): Min: 641813782.3, Avg: 641813782.4, Max: 641813782.4, Diff: 0.1]
   [Code Root Fixup: 0.0 ms]
   [Code Root Purge: 0.0 ms]
   [Clear CT: 0.9 ms]
   [Other: 3.9 ms]
      [Choose CSet: 0.1 ms]
      [Ref Proc: 3.1 ms]
      [Ref Enq: 0.1 ms]
      [Redirty Cards: 0.1 ms]
      [Humongous Register: 0.1 ms]
      [Humongous Reclaim: 0.0 ms]
      [Free CSet: 0.3 ms]
   [Eden: 5712.0M(5712.0M)->0.0B(7152.0M) Survivors: 16384.0K->16384.0K Heap: 9326.4M(14336.0M)->3383.9M(14336.0M)]
 [Times: user=0.15 sys=0.00, real=0.02 secs] 
2022-07-29T07:44:00.812-0700: 642812.316: [GC pause (G1 Evacuation Pause) (young), 0.0135778 secs]
   [Parallel Time: 11.1 ms, GC Workers: 8]
      [GC Worker Start (ms): Min: 642812316.4, Avg: 642812316.4, Max: 642812316.5, Diff: 0.1]
      [Ext Root Scanning (ms): Min: 1.2, Avg: 1.9, Max: 5.5, Diff: 4.3, Sum: 15.2]
      [Update RS (ms): Min: 5.1, Avg: 8.5, Max: 9.1, Diff: 4.0, Sum: 67.9]
         [Processed Buffers: Min: 23, Avg: 42.2, Max: 62, Diff: 39, Sum: 338]
      [Scan RS (ms): Min: 0.0, Avg: 0.1, Max: 0.1, Diff: 0.1, Sum: 0.4]
      [Code Root Scanning (ms): Min: 0.0, Avg: 0.0, Max: 0.0, Diff: 0.0, Sum: 0.0]
      [Object Copy (ms): Min: 0.0, Avg: 0.5, Max: 0.6, Diff: 0.6, Sum: 3.8]
      [Termination (ms): Min: 0.0, Avg: 0.0, Max: 0.0, Diff: 0.0, Sum: 0.1]
         [Termination Attempts: Min: 2, Avg: 4.0, Max: 6, Diff: 4, Sum: 32]
      [GC Worker Other (ms): Min: 0.0, Avg: 0.0, Max: 0.0, Diff: 0.0, Sum: 0.2]
      [GC Worker Total (ms): Min: 10.9, Avg: 11.0, Max: 11.0, Diff: 0.1, Sum: 87.7]
      [GC Worker End (ms): Min: 642812327.4, Avg: 642812327.4, Max: 642812327.4, Diff: 0.0]
   [Code Root Fixup: 0.0 ms]
   [Code Root Purge: 0.0 ms]
   [Clear CT: 0.6 ms]
   [Other: 1.9 ms]
      [Choose CSet: 0.0 ms]
      [Ref Proc: 1.3 ms]
      [Ref Enq: 0.1 ms]
      [Redirty Cards: 0.1 ms]
      [Humongous Register: 0.0 ms]
      [Humongous Reclaim: 0.0 ms]
      [Free CSet: 0.3 ms]
   [Eden: 7152.0M(7152.0M)->0.0B(7152.0M) Survivors: 16384.0K->16384.0K Heap: 10535.9M(14336.0M)->3388.5M(14336.0M)]
 [Times: user=0.10 sys=0.00, real=0.02 secs] 
2022-07-29T08:00:51.799-0700: 643823.304: [GC pause (G1 Evacuation Pause) (young) (initial-mark), 0.0141757 secs]
   [Parallel Time: 8.8 ms, GC Workers: 8]
      [GC Worker Start (ms): Min: 643823305.5, Avg: 643823305.6, Max: 643823305.7, Diff: 0.2]
      [Ext Root Scanning (ms): Min: 5.7, Avg: 5.9, Max: 6.3, Diff: 0.6, Sum: 47.4]
      [Update RS (ms): Min: 0.2, Avg: 0.3, Max: 0.5, Diff: 0.3, Sum: 2.3]
         [Processed Buffers: Min: 5, Avg: 21.2, Max: 36, Diff: 31, Sum: 170]
      [Scan RS (ms): Min: 0.0, Avg: 0.1, Max: 0.1, Diff: 0.1, Sum: 0.5]
      [Code Root Scanning (ms): Min: 0.0, Avg: 0.0, Max: 0.0, Diff: 0.0, Sum: 0.0]
      [Object Copy (ms): Min: 0.1, Avg: 0.5, Max: 0.8, Diff: 0.7, Sum: 3.9]
      [Termination (ms): Min: 0.0, Avg: 0.0, Max: 0.0, Diff: 0.0, Sum: 0.2]
         [Termination Attempts: Min: 1, Avg: 1.0, Max: 1, Diff: 0, Sum: 8]
      [GC Worker Other (ms): Min: 0.0, Avg: 0.0, Max: 0.1, Diff: 0.0, Sum: 0.2]
      [GC Worker Total (ms): Min: 6.7, Avg: 6.8, Max: 6.9, Diff: 0.2, Sum: 54.5]
      [GC Worker End (ms): Min: 643823312.4, Avg: 643823312.4, Max: 643823312.5, Diff: 0.0]
   [Code Root Fixup: 0.0 ms]
   [Code Root Purge: 0.0 ms]
   [Clear CT: 0.6 ms]
   [Other: 4.7 ms]
      [Choose CSet: 0.0 ms]
      [Ref Proc: 4.0 ms]
      [Ref Enq: 0.1 ms]
      [Redirty Cards: 0.1 ms]
      [Humongous Register: 0.0 ms]
      [Humongous Reclaim: 0.0 ms]
      [Free CSet: 0.3 ms]
   [Eden: 7152.0M(7152.0M)->0.0B(7152.0M) Survivors: 16384.0K->16384.0K Heap: 10540.5M(14336.0M)->3391.3M(14336.0M)]
 [Times: user=0.06 sys=0.00, real=0.01 secs] 
2022-07-29T08:00:51.813-0700: 643823.318: [GC concurrent-root-region-scan-start]
2022-07-29T08:00:51.818-0700: 643823.323: [GC concurrent-root-region-scan-end, 0.0048823 secs]
2022-07-29T08:00:51.818-0700: 643823.323: [GC concurrent-mark-start]
2022-07-29T08:00:54.267-0700: 643825.772: [GC concurrent-mark-end, 2.4490577 secs]
2022-07-29T08:00:54.268-0700: 643825.772: [GC remark 2022-07-29T08:00:54.268-0700: 643825.772: [Finalize Marking, 0.0003969 secs] 2022-07-29T08:00:54.268-0700: 643825.773: [GC ref-proc, 0.0081837 secs] 2022-07-29T08:00:54.276-0700: 643825.781: [Unloading, 0.0278909 secs], 0.0419547 secs]
 [Times: user=0.26 sys=0.00, real=0.04 secs] 
2022-07-29T08:00:54.310-0700: 643825.815: [GC cleanup 3455M->3455M(14336M), 0.0079873 secs]
 [Times: user=0.06 sys=0.00, real=0.01 secs] 
2022-07-29T08:17:36.262-0700: 644827.767: [GC pause (G1 Evacuation Pause) (young), 0.0114208 secs]
   [Parallel Time: 6.4 ms, GC Workers: 8]
      [GC Worker Start (ms): Min: 644827767.1, Avg: 644827767.2, Max: 644827767.3, Diff: 0.2]
      [Ext Root Scanning (ms): Min: 1.3, Avg: 2.1, Max: 6.2, Diff: 5.0, Sum: 16.4]
      [Update RS (ms): Min: 0.0, Avg: 0.4, Max: 0.8, Diff: 0.8, Sum: 3.1]
         [Processed Buffers: Min: 0, Avg: 20.8, Max: 55, Diff: 55, Sum: 166]
      [Scan RS (ms): Min: 0.0, Avg: 0.1, Max: 0.2, Diff: 0.1, Sum: 0.7]
      [Code Root Scanning (ms): Min: 0.0, Avg: 0.0, Max: 0.0, Diff: 0.0, Sum: 0.0]
      [Object Copy (ms): Min: 0.0, Avg: 0.5, Max: 0.7, Diff: 0.7, Sum: 3.9]
      [Termination (ms): Min: 0.0, Avg: 3.2, Max: 3.6, Diff: 3.6, Sum: 25.3]
         [Termination Attempts: Min: 1, Avg: 1.0, Max: 1, Diff: 0, Sum: 8]
      [GC Worker Other (ms): Min: 0.0, Avg: 0.0, Max: 0.0, Diff: 0.0, Sum: 0.2]
      [GC Worker Total (ms): Min: 6.1, Avg: 6.2, Max: 6.3, Diff: 0.1, Sum: 49.6]
      [GC Worker End (ms): Min: 644827773.4, Avg: 644827773.4, Max: 644827773.4, Diff: 0.0]
   [Code Root Fixup: 0.0 ms]
   [Code Root Purge: 0.0 ms]
   [Clear CT: 0.6 ms]
   [Other: 4.4 ms]
      [Choose CSet: 0.0 ms]
      [Ref Proc: 3.8 ms]
      [Ref Enq: 0.1 ms]
      [Redirty Cards: 0.1 ms]
      [Humongous Register: 0.1 ms]
      [Humongous Reclaim: 0.0 ms]
      [Free CSet: 0.3 ms]
   [Eden: 7152.0M(7152.0M)->0.0B(5712.0M) Survivors: 16384.0K->16384.0K Heap: 10543.3M(14336.0M)->3391.9M(14336.0M)]
 [Times: user=0.06 sys=0.00, real=0.01 secs] 
2022-07-29T08:31:00.513-0700: 645632.018: [GC pause (G1 Evacuation Pause) (mixed), 0.0130284 secs]
   [Parallel Time: 7.8 ms, GC Workers: 8]
      [GC Worker Start (ms): Min: 645632017.9, Avg: 645632018.0, Max: 645632018.1, Diff: 0.2]
      [Ext Root Scanning (ms): Min: 1.3, Avg: 2.2, Max: 7.4, Diff: 6.1, Sum: 17.9]
      [Update RS (ms): Min: 0.0, Avg: 0.4, Max: 0.8, Diff: 0.8, Sum: 3.0]
         [Processed Buffers: Min: 0, Avg: 18.9, Max: 39, Diff: 39, Sum: 151]
      [Scan RS (ms): Min: 0.0, Avg: 1.4, Max: 1.7, Diff: 1.6, Sum: 11.0]
      [Code Root Scanning (ms): Min: 0.0, Avg: 0.0, Max: 0.0, Diff: 0.0, Sum: 0.0]
      [Object Copy (ms): Min: 0.0, Avg: 2.9, Max: 3.4, Diff: 3.4, Sum: 23.1]
      [Termination (ms): Min: 0.0, Avg: 0.5, Max: 0.6, Diff: 0.6, Sum: 3.9]
         [Termination Attempts: Min: 1, Avg: 3.8, Max: 6, Diff: 5, Sum: 30]
      [GC Worker Other (ms): Min: 0.0, Avg: 0.0, Max: 0.0, Diff: 0.0, Sum: 0.2]
      [GC Worker Total (ms): Min: 7.3, Avg: 7.4, Max: 7.5, Diff: 0.2, Sum: 59.1]
      [GC Worker End (ms): Min: 645632025.4, Avg: 645632025.4, Max: 645632025.4, Diff: 0.0]
   [Code Root Fixup: 0.0 ms]
   [Code Root Purge: 0.0 ms]
   [Clear CT: 0.6 ms]
   [Other: 4.6 ms]
      [Choose CSet: 0.0 ms]
      [Ref Proc: 4.0 ms]
      [Ref Enq: 0.1 ms]
      [Redirty Cards: 0.1 ms]
      [Humongous Register: 0.1 ms]
      [Humongous Reclaim: 0.0 ms]
      [Free CSet: 0.2 ms]
   [Eden: 5712.0M(5712.0M)->0.0B(7152.0M) Survivors: 16384.0K->16384.0K Heap: 9103.9M(14336.0M)->3382.7M(14336.0M)]
 [Times: user=0.07 sys=0.00, real=0.02 secs] 
2022-07-29T08:47:47.262-0700: 646638.766: [GC pause (G1 Evacuation Pause) (young), 0.0111650 secs]
   [Parallel Time: 6.4 ms, GC Workers: 8]
      [GC Worker Start (ms): Min: 646638766.5, Avg: 646638766.6, Max: 646638766.7, Diff: 0.2]
      [Ext Root Scanning (ms): Min: 1.3, Avg: 2.1, Max: 6.2, Diff: 4.8, Sum: 17.0]
      [Update RS (ms): Min: 0.0, Avg: 3.1, Max: 3.9, Diff: 3.9, Sum: 25.2]
         [Processed Buffers: Min: 0, Avg: 27.0, Max: 71, Diff: 71, Sum: 216]
      [Scan RS (ms): Min: 0.0, Avg: 0.1, Max: 0.1, Diff: 0.1, Sum: 0.5]
      [Code Root Scanning (ms): Min: 0.0, Avg: 0.0, Max: 0.0, Diff: 0.0, Sum: 0.0]
      [Object Copy (ms): Min: 0.0, Avg: 0.5, Max: 0.6, Diff: 0.6, Sum: 3.6]
      [Termination (ms): Min: 0.0, Avg: 0.3, Max: 0.4, Diff: 0.4, Sum: 2.4]
         [Termination Attempts: Min: 1, Avg: 2.9, Max: 5, Diff: 4, Sum: 23]
      [GC Worker Other (ms): Min: 0.0, Avg: 0.0, Max: 0.1, Diff: 0.0, Sum: 0.2]
      [GC Worker Total (ms): Min: 6.1, Avg: 6.1, Max: 6.2, Diff: 0.1, Sum: 49.0]
      [GC Worker End (ms): Min: 646638772.7, Avg: 646638772.7, Max: 646638772.8, Diff: 0.1]
   [Code Root Fixup: 0.0 ms]
   [Code Root Purge: 0.0 ms]
   [Clear CT: 0.6 ms]
   [Other: 4.1 ms]
      [Choose CSet: 0.0 ms]
      [Ref Proc: 3.5 ms]
      [Ref Enq: 0.1 ms]
      [Redirty Cards: 0.1 ms]
      [Humongous Register: 0.0 ms]
      [Humongous Reclaim: 0.0 ms]
      [Free CSet: 0.3 ms]
   [Eden: 7152.0M(7152.0M)->0.0B(7152.0M) Survivors: 16384.0K->16384.0K Heap: 10534.7M(14336.0M)->3386.0M(14336.0M)]
 [Times: user=0.06 sys=0.00, real=0.01 secs] 
2022-07-29T09:04:16.112-0700: 647627.617: [GC pause (G1 Evacuation Pause) (young) (initial-mark), 0.0132311 secs]
   [Parallel Time: 9.2 ms, GC Workers: 8]
      [GC Worker Start (ms): Min: 647627618.6, Avg: 647627618.7, Max: 647627618.8, Diff: 0.1]
      [Ext Root Scanning (ms): Min: 6.1, Avg: 6.3, Max: 6.6, Diff: 0.5, Sum: 50.6]
      [Update RS (ms): Min: 0.2, Avg: 0.3, Max: 0.5, Diff: 0.3, Sum: 2.6]
         [Processed Buffers: Min: 1, Avg: 21.8, Max: 48, Diff: 47, Sum: 174]
      [Scan RS (ms): Min: 0.0, Avg: 0.1, Max: 0.1, Diff: 0.1, Sum: 0.5]
      [Code Root Scanning (ms): Min: 0.0, Avg: 0.0, Max: 0.0, Diff: 0.0, Sum: 0.0]
      [Object Copy (ms): Min: 0.2, Avg: 0.5, Max: 0.7, Diff: 0.4, Sum: 4.0]
      [Termination (ms): Min: 0.0, Avg: 0.0, Max: 0.0, Diff: 0.0, Sum: 0.2]
         [Termination Attempts: Min: 1, Avg: 1.4, Max: 2, Diff: 1, Sum: 11]
      [GC Worker Other (ms): Min: 0.0, Avg: 0.0, Max: 0.1, Diff: 0.1, Sum: 0.2]
      [GC Worker Total (ms): Min: 7.3, Avg: 7.3, Max: 7.3, Diff: 0.1, Sum: 58.3]
      [GC Worker End (ms): Min: 647627626.0, Avg: 647627626.0, Max: 647627626.0, Diff: 0.1]
   [Code Root Fixup: 0.0 ms]
   [Code Root Purge: 0.0 ms]
   [Clear CT: 0.7 ms]
   [Other: 3.3 ms]
      [Choose CSet: 0.0 ms]
      [Ref Proc: 2.5 ms]
      [Ref Enq: 0.2 ms]
      [Redirty Cards: 0.1 ms]
      [Humongous Register: 0.0 ms]
      [Humongous Reclaim: 0.0 ms]
      [Free CSet: 0.3 ms]
   [Eden: 7152.0M(7152.0M)->0.0B(7152.0M) Survivors: 16384.0K->16384.0K Heap: 10538.0M(14336.0M)->3386.3M(14336.0M)]
 [Times: user=0.06 sys=0.00, real=0.02 secs] 
2022-07-29T09:04:16.125-0700: 647627.630: [GC concurrent-root-region-scan-start]
2022-07-29T09:04:16.130-0700: 647627.635: [GC concurrent-root-region-scan-end, 0.0048914 secs]
2022-07-29T09:04:16.130-0700: 647627.635: [GC concurrent-mark-start]
2022-07-29T09:04:18.613-0700: 647630.118: [GC concurrent-mark-end, 2.4830613 secs]
2022-07-29T09:04:18.614-0700: 647630.119: [GC remark 2022-07-29T09:04:18.614-0700: 647630.119: [Finalize Marking, 0.0004011 secs] 2022-07-29T09:04:18.614-0700: 647630.119: [GC ref-proc, 0.0105315 secs] 2022-07-29T09:04:18.625-0700: 647630.130: [Unloading, 0.0297748 secs], 0.0461221 secs]
 [Times: user=0.26 sys=0.00, real=0.05 secs] 
2022-07-29T09:04:18.660-0700: 647630.165: [GC cleanup 3458M->3458M(14336M), 0.0082416 secs]
 [Times: user=0.05 sys=0.00, real=0.01 secs] 
2022-07-29T09:20:54.863-0700: 648626.368: [GC pause (G1 Evacuation Pause) (young), 0.0106905 secs]
   [Parallel Time: 5.4 ms, GC Workers: 8]
      [GC Worker Start (ms): Min: 648626368.2, Avg: 648626368.3, Max: 648626368.4, Diff: 0.1]
      [Ext Root Scanning (ms): Min: 1.2, Avg: 1.9, Max: 5.3, Diff: 4.1, Sum: 15.0]
      [Update RS (ms): Min: 0.0, Avg: 0.4, Max: 0.9, Diff: 0.9, Sum: 3.0]
         [Processed Buffers: Min: 0, Avg: 20.0, Max: 46, Diff: 46, Sum: 160]
      [Scan RS (ms): Min: 0.0, Avg: 0.1, Max: 0.1, Diff: 0.1, Sum: 0.6]
      [Code Root Scanning (ms): Min: 0.0, Avg: 0.0, Max: 0.0, Diff: 0.0, Sum: 0.0]
      [Object Copy (ms): Min: 0.0, Avg: 0.5, Max: 0.7, Diff: 0.7, Sum: 3.9]
      [Termination (ms): Min: 0.0, Avg: 2.4, Max: 2.8, Diff: 2.8, Sum: 19.2]
         [Termination Attempts: Min: 1, Avg: 1.6, Max: 2, Diff: 1, Sum: 13]
      [GC Worker Other (ms): Min: 0.0, Avg: 0.0, Max: 0.0, Diff: 0.0, Sum: 0.2]
      [GC Worker Total (ms): Min: 5.2, Avg: 5.2, Max: 5.3, Diff: 0.1, Sum: 42.0]
      [GC Worker End (ms): Min: 648626373.5, Avg: 648626373.6, Max: 648626373.6, Diff: 0.0]
   [Code Root Fixup: 0.0 ms]
   [Code Root Purge: 0.0 ms]
   [Clear CT: 0.6 ms]
   [Other: 4.7 ms]
      [Choose CSet: 0.0 ms]
      [Ref Proc: 4.1 ms]
      [Ref Enq: 0.1 ms]
      [Redirty Cards: 0.1 ms]
      [Humongous Register: 0.1 ms]
      [Humongous Reclaim: 0.0 ms]
      [Free CSet: 0.3 ms]
   [Eden: 7152.0M(7152.0M)->0.0B(5712.0M) Survivors: 16384.0K->16384.0K Heap: 10538.3M(14336.0M)->3386.5M(14336.0M)]
 [Times: user=0.05 sys=0.01, real=0.00 secs] 
2022-07-29T09:34:11.113-0700: 649422.618: [GC pause (G1 Evacuation Pause) (mixed), 0.0102314 secs]
   [Parallel Time: 7.1 ms, GC Workers: 8]
      [GC Worker Start (ms): Min: 649422618.1, Avg: 649422618.2, Max: 649422618.3, Diff: 0.1]
      [Ext Root Scanning (ms): Min: 1.2, Avg: 2.0, Max: 6.8, Diff: 5.7, Sum: 16.2]
      [Update RS (ms): Min: 0.0, Avg: 0.3, Max: 0.6, Diff: 0.6, Sum: 2.5]
         [Processed Buffers: Min: 0, Avg: 18.5, Max: 58, Diff: 58, Sum: 148]
      [Scan RS (ms): Min: 0.0, Avg: 1.1, Max: 1.4, Diff: 1.4, Sum: 9.2]
      [Code Root Scanning (ms): Min: 0.0, Avg: 0.0, Max: 0.0, Diff: 0.0, Sum: 0.0]
      [Object Copy (ms): Min: 0.0, Avg: 2.7, Max: 3.2, Diff: 3.2, Sum: 22.0]
      [Termination (ms): Min: 0.0, Avg: 0.6, Max: 0.7, Diff: 0.7, Sum: 4.7]
         [Termination Attempts: Min: 1, Avg: 2.8, Max: 7, Diff: 6, Sum: 22]
      [GC Worker Other (ms): Min: 0.0, Avg: 0.0, Max: 0.1, Diff: 0.1, Sum: 0.3]
      [GC Worker Total (ms): Min: 6.8, Avg: 6.9, Max: 6.9, Diff: 0.1, Sum: 54.9]
      [GC Worker End (ms): Min: 649422625.0, Avg: 649422625.1, Max: 649422625.1, Diff: 0.1]
   [Code Root Fixup: 0.0 ms]
   [Code Root Purge: 0.0 ms]
   [Clear CT: 0.6 ms]
   [Other: 2.5 ms]
      [Choose CSet: 0.0 ms]
      [Ref Proc: 1.8 ms]
      [Ref Enq: 0.1 ms]
      [Redirty Cards: 0.1 ms]
      [Humongous Register: 0.1 ms]
      [Humongous Reclaim: 0.0 ms]
      [Free CSet: 0.2 ms]
   [Eden: 5712.0M(5712.0M)->0.0B(7152.0M) Survivors: 16384.0K->16384.0K Heap: 9098.5M(14336.0M)->3376.9M(14336.0M)]
 [Times: user=0.07 sys=0.00, real=0.02 secs] 
2022-07-29T09:50:52.863-0700: 650424.368: [GC pause (G1 Evacuation Pause) (young), 0.0113325 secs]
   [Parallel Time: 5.9 ms, GC Workers: 8]
      [GC Worker Start (ms): Min: 650424368.4, Avg: 650424368.6, Max: 650424369.8, Diff: 1.4]
      [Ext Root Scanning (ms): Min: 0.3, Avg: 1.8, Max: 5.5, Diff: 5.2, Sum: 14.3]
      [Update RS (ms): Min: 0.0, Avg: 2.9, Max: 3.6, Diff: 3.6, Sum: 23.1]
         [Processed Buffers: Min: 0, Avg: 27.1, Max: 73, Diff: 73, Sum: 217]
      [Scan RS (ms): Min: 0.0, Avg: 0.1, Max: 0.1, Diff: 0.1, Sum: 0.5]
      [Code Root Scanning (ms): Min: 0.0, Avg: 0.0, Max: 0.0, Diff: 0.0, Sum: 0.0]
      [Object Copy (ms): Min: 0.0, Avg: 0.4, Max: 0.7, Diff: 0.7, Sum: 3.6]
      [Termination (ms): Min: 0.0, Avg: 0.1, Max: 0.1, Diff: 0.1, Sum: 0.8]
         [Termination Attempts: Min: 1, Avg: 5.1, Max: 7, Diff: 6, Sum: 41]
      [GC Worker Other (ms): Min: 0.0, Avg: 0.0, Max: 0.1, Diff: 0.1, Sum: 0.3]
      [GC Worker Total (ms): Min: 4.2, Avg: 5.3, Max: 5.6, Diff: 1.3, Sum: 42.7]
      [GC Worker End (ms): Min: 650424373.9, Avg: 650424374.0, Max: 650424374.0, Diff: 0.1]
   [Code Root Fixup: 0.0 ms]
   [Code Root Purge: 0.0 ms]
   [Clear CT: 0.7 ms]
   [Other: 4.7 ms]
      [Choose CSet: 0.0 ms]
      [Ref Proc: 3.9 ms]
      [Ref Enq: 0.1 ms]
      [Redirty Cards: 0.1 ms]
      [Humongous Register: 0.1 ms]
      [Humongous Reclaim: 0.0 ms]
      [Free CSet: 0.3 ms]
   [Eden: 7152.0M(7152.0M)->0.0B(7152.0M) Survivors: 16384.0K->16384.0K Heap: 10528.9M(14336.0M)->3378.1M(14336.0M)]
 [Times: user=0.06 sys=0.01, real=0.01 secs] 
2022-07-29T10:07:26.212-0700: 651417.717: [GC pause (G1 Evacuation Pause) (young) (initial-mark), 0.0160112 secs]
   [Parallel Time: 10.4 ms, GC Workers: 8]
      [GC Worker Start (ms): Min: 651417719.2, Avg: 651417719.3, Max: 651417719.3, Diff: 0.1]
      [Ext Root Scanning (ms): Min: 6.6, Avg: 6.9, Max: 7.2, Diff: 0.7, Sum: 55.1]
      [Update RS (ms): Min: 0.2, Avg: 0.3, Max: 0.6, Diff: 0.4, Sum: 2.5]
         [Processed Buffers: Min: 1, Avg: 22.8, Max: 48, Diff: 47, Sum: 182]
      [Scan RS (ms): Min: 0.0, Avg: 0.1, Max: 0.1, Diff: 0.1, Sum: 0.5]
      [Code Root Scanning (ms): Min: 0.0, Avg: 0.0, Max: 0.0, Diff: 0.0, Sum: 0.0]
      [Object Copy (ms): Min: 0.1, Avg: 0.5, Max: 0.8, Diff: 0.7, Sum: 4.3]
      [Termination (ms): Min: 0.0, Avg: 0.1, Max: 0.1, Diff: 0.1, Sum: 0.7]
         [Termination Attempts: Min: 1, Avg: 1.5, Max: 2, Diff: 1, Sum: 12]
      [GC Worker Other (ms): Min: 0.0, Avg: 0.0, Max: 0.1, Diff: 0.1, Sum: 0.3]
      [GC Worker Total (ms): Min: 7.9, Avg: 7.9, Max: 8.0, Diff: 0.2, Sum: 63.4]
      [GC Worker End (ms): Min: 651417727.1, Avg: 651417727.2, Max: 651417727.2, Diff: 0.1]
   [Code Root Fixup: 0.0 ms]
   [Code Root Purge: 0.0 ms]
   [Clear CT: 0.7 ms]
   [Other: 4.9 ms]
      [Choose CSet: 0.0 ms]
      [Ref Proc: 4.2 ms]
      [Ref Enq: 0.1 ms]
      [Redirty Cards: 0.1 ms]
      [Humongous Register: 0.0 ms]
      [Humongous Reclaim: 0.0 ms]
      [Free CSet: 0.3 ms]
   [Eden: 7152.0M(7152.0M)->0.0B(7152.0M) Survivors: 16384.0K->16384.0K Heap: 10530.1M(14336.0M)->3378.4M(14336.0M)]
 [Times: user=0.06 sys=0.01, real=0.02 secs] 
2022-07-29T10:07:26.228-0700: 651417.733: [GC concurrent-root-region-scan-start]
2022-07-29T10:07:26.233-0700: 651417.737: [GC concurrent-root-region-scan-end, 0.0045637 secs]
2022-07-29T10:07:26.233-0700: 651417.738: [GC concurrent-mark-start]
2022-07-29T10:07:28.691-0700: 651420.195: [GC concurrent-mark-end, 2.4578112 secs]
2022-07-29T10:07:28.691-0700: 651420.196: [GC remark 2022-07-29T10:07:28.691-0700: 651420.196: [Finalize Marking, 0.0004022 secs] 2022-07-29T10:07:28.691-0700: 651420.196: [GC ref-proc, 0.0089589 secs] 2022-07-29T10:07:28.700-0700: 651420.205: [Unloading, 0.0285803 secs], 0.0434299 secs]
 [Times: user=0.26 sys=0.00, real=0.04 secs] 
2022-07-29T10:07:28.735-0700: 651420.239: [GC cleanup 3418M->3418M(14336M), 0.0084197 secs]
 [Times: user=0.06 sys=0.00, real=0.01 secs] 
2022-07-29T10:24:00.062-0700: 652411.567: [GC pause (G1 Evacuation Pause) (young), 0.0091223 secs]
   [Parallel Time: 6.0 ms, GC Workers: 8]
      [GC Worker Start (ms): Min: 652411567.3, Avg: 652411567.3, Max: 652411567.4, Diff: 0.1]
      [Ext Root Scanning (ms): Min: 1.2, Avg: 2.0, Max: 5.8, Diff: 4.6, Sum: 16.0]
      [Update RS (ms): Min: 0.0, Avg: 0.4, Max: 0.8, Diff: 0.8, Sum: 3.0]
         [Processed Buffers: Min: 0, Avg: 21.5, Max: 60, Diff: 60, Sum: 172]
      [Scan RS (ms): Min: 0.0, Avg: 0.1, Max: 0.2, Diff: 0.1, Sum: 0.7]
      [Code Root Scanning (ms): Min: 0.0, Avg: 0.0, Max: 0.0, Diff: 0.0, Sum: 0.0]
      [Object Copy (ms): Min: 0.0, Avg: 0.5, Max: 0.8, Diff: 0.8, Sum: 4.3]
      [Termination (ms): Min: 0.0, Avg: 2.8, Max: 3.2, Diff: 3.2, Sum: 22.2]
         [Termination Attempts: Min: 1, Avg: 6.8, Max: 11, Diff: 10, Sum: 54]
      [GC Worker Other (ms): Min: 0.0, Avg: 0.0, Max: 0.0, Diff: 0.0, Sum: 0.1]
      [GC Worker Total (ms): Min: 5.7, Avg: 5.8, Max: 5.9, Diff: 0.1, Sum: 46.4]
      [GC Worker End (ms): Min: 652411573.1, Avg: 652411573.1, Max: 652411573.1, Diff: 0.0]
   [Code Root Fixup: 0.0 ms]
   [Code Root Purge: 0.0 ms]
   [Clear CT: 0.7 ms]
   [Other: 2.5 ms]
      [Choose CSet: 0.0 ms]
      [Ref Proc: 1.7 ms]
      [Ref Enq: 0.1 ms]
      [Redirty Cards: 0.1 ms]
      [Humongous Register: 0.1 ms]
      [Humongous Reclaim: 0.0 ms]
      [Free CSet: 0.3 ms]
   [Eden: 7152.0M(7152.0M)->0.0B(7152.0M) Survivors: 16384.0K->16384.0K Heap: 10530.4M(14336.0M)->3378.5M(14336.0M)]
 [Times: user=0.05 sys=0.00, real=0.01 secs] 
2022-07-29T10:40:33.063-0700: 653404.567: [GC pause (G1 Evacuation Pause) (young), 0.0102678 secs]
   [Parallel Time: 5.6 ms, GC Workers: 8]
      [GC Worker Start (ms): Min: 653404567.5, Avg: 653404567.5, Max: 653404567.6, Diff: 0.1]
      [Ext Root Scanning (ms): Min: 1.2, Avg: 1.9, Max: 5.4, Diff: 4.2, Sum: 15.3]
      [Update RS (ms): Min: 0.0, Avg: 0.4, Max: 0.8, Diff: 0.8, Sum: 3.0]
         [Processed Buffers: Min: 0, Avg: 23.5, Max: 68, Diff: 68, Sum: 188]
      [Scan RS (ms): Min: 0.0, Avg: 0.1, Max: 0.2, Diff: 0.1, Sum: 0.6]
      [Code Root Scanning (ms): Min: 0.0, Avg: 0.0, Max: 0.0, Diff: 0.0, Sum: 0.0]
      [Object Copy (ms): Min: 0.0, Avg: 0.5, Max: 0.7, Diff: 0.7, Sum: 4.2]
      [Termination (ms): Min: 0.0, Avg: 2.5, Max: 2.8, Diff: 2.8, Sum: 19.8]
         [Termination Attempts: Min: 1, Avg: 4.8, Max: 9, Diff: 8, Sum: 38]
      [GC Worker Other (ms): Min: 0.0, Avg: 0.0, Max: 0.0, Diff: 0.0, Sum: 0.2]
      [GC Worker Total (ms): Min: 5.3, Avg: 5.4, Max: 5.4, Diff: 0.1, Sum: 43.1]
      [GC Worker End (ms): Min: 653404572.9, Avg: 653404572.9, Max: 653404572.9, Diff: 0.0]
   [Code Root Fixup: 0.0 ms]
   [Code Root Purge: 0.0 ms]
   [Clear CT: 0.6 ms]
   [Other: 4.0 ms]
      [Choose CSet: 0.0 ms]
      [Ref Proc: 3.4 ms]
      [Ref Enq: 0.1 ms]
      [Redirty Cards: 0.1 ms]
      [Humongous Register: 0.1 ms]
      [Humongous Reclaim: 0.0 ms]
      [Free CSet: 0.3 ms]
   [Eden: 7152.0M(7152.0M)->0.0B(7152.0M) Survivors: 16384.0K->16384.0K Heap: 10530.5M(14336.0M)->3378.5M(14336.0M)]
 [Times: user=0.04 sys=0.00, real=0.01 secs] 
2022-07-29T10:57:26.364-0700: 654417.868: [GC pause (G1 Evacuation Pause) (young) (initial-mark), 0.0124095 secs]
   [Parallel Time: 9.1 ms, GC Workers: 8]
      [GC Worker Start (ms): Min: 654417870.2, Avg: 654417870.2, Max: 654417870.3, Diff: 0.1]
      [Ext Root Scanning (ms): Min: 6.0, Avg: 6.2, Max: 6.4, Diff: 0.4, Sum: 49.6]
      [Update RS (ms): Min: 0.2, Avg: 0.3, Max: 0.5, Diff: 0.4, Sum: 2.5]
         [Processed Buffers: Min: 1, Avg: 19.8, Max: 58, Diff: 57, Sum: 158]
      [Scan RS (ms): Min: 0.0, Avg: 0.1, Max: 0.1, Diff: 0.1, Sum: 0.6]
      [Code Root Scanning (ms): Min: 0.0, Avg: 0.0, Max: 0.0, Diff: 0.0, Sum: 0.0]
      [Object Copy (ms): Min: 0.2, Avg: 0.5, Max: 0.7, Diff: 0.6, Sum: 4.1]
      [Termination (ms): Min: 0.0, Avg: 0.0, Max: 0.0, Diff: 0.0, Sum: 0.0]
         [Termination Attempts: Min: 2, Avg: 5.2, Max: 8, Diff: 6, Sum: 42]
      [GC Worker Other (ms): Min: 0.0, Avg: 0.1, Max: 0.1, Diff: 0.1, Sum: 0.5]
      [GC Worker Total (ms): Min: 7.1, Avg: 7.2, Max: 7.2, Diff: 0.2, Sum: 57.3]
      [GC Worker End (ms): Min: 654417877.3, Avg: 654417877.4, Max: 654417877.4, Diff: 0.1]
   [Code Root Fixup: 0.0 ms]
   [Code Root Purge: 0.0 ms]
   [Clear CT: 0.6 ms]
   [Other: 2.7 ms]
      [Choose CSet: 0.0 ms]
      [Ref Proc: 2.0 ms]
      [Ref Enq: 0.1 ms]
      [Redirty Cards: 0.1 ms]
      [Humongous Register: 0.0 ms]
      [Humongous Reclaim: 0.0 ms]
      [Free CSet: 0.3 ms]
   [Eden: 7152.0M(7152.0M)->0.0B(7152.0M) Survivors: 16384.0K->16384.0K Heap: 10530.5M(14336.0M)->3378.5M(14336.0M)]
 [Times: user=0.06 sys=0.00, real=0.01 secs] 
2022-07-29T10:57:26.376-0700: 654417.881: [GC concurrent-root-region-scan-start]
2022-07-29T10:57:26.381-0700: 654417.885: [GC concurrent-root-region-scan-end, 0.0045027 secs]
2022-07-29T10:57:26.381-0700: 654417.885: [GC concurrent-mark-start]
2022-07-29T10:57:28.862-0700: 654420.367: [GC concurrent-mark-end, 2.4815309 secs]
2022-07-29T10:57:28.863-0700: 654420.367: [GC remark 2022-07-29T10:57:28.863-0700: 654420.367: [Finalize Marking, 0.0003022 secs] 2022-07-29T10:57:28.863-0700: 654420.368: [GC ref-proc, 0.0076441 secs] 2022-07-29T10:57:28.871-0700: 654420.375: [Unloading, 0.0279765 secs], 0.0412502 secs]
 [Times: user=0.26 sys=0.00, real=0.05 secs] 
2022-07-29T10:57:28.904-0700: 654420.409: [GC cleanup 3442M->3442M(14336M), 0.0078660 secs]
 [Times: user=0.05 sys=0.00, real=0.00 secs] 
2022-07-29T11:14:03.226-0700: 655414.731: [GC pause (G1 Evacuation Pause) (young), 0.0110606 secs]
   [Parallel Time: 5.7 ms, GC Workers: 8]
      [GC Worker Start (ms): Min: 655414730.7, Avg: 655414730.8, Max: 655414730.9, Diff: 0.2]
      [Ext Root Scanning (ms): Min: 1.2, Avg: 1.9, Max: 5.4, Diff: 4.2, Sum: 15.1]
      [Update RS (ms): Min: 0.0, Avg: 0.4, Max: 0.7, Diff: 0.7, Sum: 2.8]
         [Processed Buffers: Min: 0, Avg: 21.6, Max: 61, Diff: 61, Sum: 173]
      [Scan RS (ms): Min: 0.0, Avg: 0.1, Max: 0.1, Diff: 0.1, Sum: 0.6]
      [Code Root Scanning (ms): Min: 0.0, Avg: 0.0, Max: 0.0, Diff: 0.0, Sum: 0.0]
      [Object Copy (ms): Min: 0.0, Avg: 0.5, Max: 0.7, Diff: 0.7, Sum: 3.8]
      [Termination (ms): Min: 0.0, Avg: 2.6, Max: 3.0, Diff: 3.0, Sum: 20.6]
         [Termination Attempts: Min: 1, Avg: 3.6, Max: 5, Diff: 4, Sum: 29]
      [GC Worker Other (ms): Min: 0.0, Avg: 0.0, Max: 0.1, Diff: 0.1, Sum: 0.3]
      [GC Worker Total (ms): Min: 5.3, Avg: 5.4, Max: 5.5, Diff: 0.2, Sum: 43.3]
      [GC Worker End (ms): Min: 655414736.2, Avg: 655414736.2, Max: 655414736.2, Diff: 0.0]
   [Code Root Fixup: 0.0 ms]
   [Code Root Purge: 0.0 ms]
   [Clear CT: 0.7 ms]
   [Other: 4.7 ms]
      [Choose CSet: 0.0 ms]
      [Ref Proc: 4.0 ms]
      [Ref Enq: 0.1 ms]
      [Redirty Cards: 0.1 ms]
      [Humongous Register: 0.0 ms]
      [Humongous Reclaim: 0.0 ms]
      [Free CSet: 0.3 ms]
   [Eden: 7152.0M(7152.0M)->0.0B(7152.0M) Survivors: 16384.0K->16384.0K Heap: 10530.5M(14336.0M)->3378.6M(14336.0M)]
 [Times: user=0.05 sys=0.00, real=0.01 secs] 
2022-07-29T11:30:46.712-0700: 656418.217: [GC pause (G1 Evacuation Pause) (young), 0.0113604 secs]
   [Parallel Time: 6.3 ms, GC Workers: 8]
      [GC Worker Start (ms): Min: 656418217.0, Avg: 656418217.1, Max: 656418217.2, Diff: 0.2]
      [Ext Root Scanning (ms): Min: 1.2, Avg: 2.0, Max: 6.0, Diff: 4.8, Sum: 15.7]
      [Update RS (ms): Min: 0.0, Avg: 0.4, Max: 0.7, Diff: 0.7, Sum: 3.1]
         [Processed Buffers: Min: 0, Avg: 20.9, Max: 45, Diff: 45, Sum: 167]
      [Scan RS (ms): Min: 0.0, Avg: 0.1, Max: 0.1, Diff: 0.1, Sum: 0.6]
      [Code Root Scanning (ms): Min: 0.0, Avg: 0.0, Max: 0.0, Diff: 0.0, Sum: 0.0]
      [Object Copy (ms): Min: 0.0, Avg: 0.5, Max: 0.7, Diff: 0.7, Sum: 3.8]
      [Termination (ms): Min: 0.0, Avg: 3.1, Max: 3.5, Diff: 3.5, Sum: 24.5]
         [Termination Attempts: Min: 1, Avg: 2.2, Max: 4, Diff: 3, Sum: 18]
      [GC Worker Other (ms): Min: 0.0, Avg: 0.0, Max: 0.1, Diff: 0.0, Sum: 0.3]
      [GC Worker Total (ms): Min: 5.9, Avg: 6.0, Max: 6.1, Diff: 0.2, Sum: 48.0]
      [GC Worker End (ms): Min: 656418223.0, Avg: 656418223.1, Max: 656418223.1, Diff: 0.1]
   [Code Root Fixup: 0.0 ms]
   [Code Root Purge: 0.0 ms]
   [Clear CT: 0.6 ms]
   [Other: 4.4 ms]
      [Choose CSet: 0.0 ms]
      [Ref Proc: 3.8 ms]
      [Ref Enq: 0.1 ms]
      [Redirty Cards: 0.1 ms]
      [Humongous Register: 0.1 ms]
      [Humongous Reclaim: 0.0 ms]
      [Free CSet: 0.3 ms]
   [Eden: 7152.0M(7152.0M)->0.0B(7152.0M) Survivors: 16384.0K->16384.0K Heap: 10530.6M(14336.0M)->3378.4M(14336.0M)]
 [Times: user=0.07 sys=0.00, real=0.02 secs] 
2022-07-29T11:47:21.912-0700: 657413.416: [GC pause (G1 Evacuation Pause) (young) (initial-mark), 0.0135940 secs]
   [Parallel Time: 7.9 ms, GC Workers: 8]
      [GC Worker Start (ms): Min: 657413418.1, Avg: 657413418.2, Max: 657413418.2, Diff: 0.1]
      [Ext Root Scanning (ms): Min: 5.1, Avg: 5.4, Max: 5.6, Diff: 0.5, Sum: 43.1]
      [Update RS (ms): Min: 0.2, Avg: 0.3, Max: 0.4, Diff: 0.2, Sum: 2.1]
         [Processed Buffers: Min: 1, Avg: 22.4, Max: 71, Diff: 70, Sum: 179]
      [Scan RS (ms): Min: 0.0, Avg: 0.1, Max: 0.1, Diff: 0.1, Sum: 0.4]
      [Code Root Scanning (ms): Min: 0.0, Avg: 0.0, Max: 0.0, Diff: 0.0, Sum: 0.0]
      [Object Copy (ms): Min: 0.2, Avg: 0.4, Max: 0.6, Diff: 0.4, Sum: 2.8]
      [Termination (ms): Min: 0.0, Avg: 0.0, Max: 0.0, Diff: 0.0, Sum: 0.1]
         [Termination Attempts: Min: 1, Avg: 2.6, Max: 5, Diff: 4, Sum: 21]
      [GC Worker Other (ms): Min: 0.0, Avg: 0.0, Max: 0.1, Diff: 0.0, Sum: 0.3]
      [GC Worker Total (ms): Min: 6.0, Avg: 6.1, Max: 6.2, Diff: 0.1, Sum: 48.9]
      [GC Worker End (ms): Min: 657413424.3, Avg: 657413424.3, Max: 657413424.3, Diff: 0.0]
   [Code Root Fixup: 0.0 ms]
   [Code Root Purge: 0.0 ms]
   [Clear CT: 0.7 ms]
   [Other: 4.9 ms]
      [Choose CSet: 0.0 ms]
      [Ref Proc: 4.1 ms]
      [Ref Enq: 0.2 ms]
      [Redirty Cards: 0.1 ms]
      [Humongous Register: 0.0 ms]
      [Humongous Reclaim: 0.0 ms]
      [Free CSet: 0.3 ms]
   [Eden: 7152.0M(7152.0M)->0.0B(7152.0M) Survivors: 16384.0K->16384.0K Heap: 10530.4M(14336.0M)->3378.5M(14336.0M)]
 [Times: user=0.05 sys=0.00, real=0.02 secs] 
2022-07-29T11:47:21.925-0700: 657413.430: [GC concurrent-root-region-scan-start]
2022-07-29T11:47:21.931-0700: 657413.436: [GC concurrent-root-region-scan-end, 0.0059131 secs]
2022-07-29T11:47:21.931-0700: 657413.436: [GC concurrent-mark-start]
2022-07-29T11:47:24.418-0700: 657415.922: [GC concurrent-mark-end, 2.4863701 secs]
2022-07-29T11:47:24.418-0700: 657415.923: [GC remark 2022-07-29T11:47:24.418-0700: 657415.923: [Finalize Marking, 0.0002102 secs] 2022-07-29T11:47:24.418-0700: 657415.923: [GC ref-proc, 0.0071759 secs] 2022-07-29T11:47:24.426-0700: 657415.930: [Unloading, 0.0278305 secs], 0.0408983 secs]
 [Times: user=0.25 sys=0.00, real=0.04 secs] 
2022-07-29T11:47:24.459-0700: 657415.964: [GC cleanup 3418M->3418M(14336M), 0.0089923 secs]
 [Times: user=0.07 sys=0.00, real=0.01 secs] 
2022-07-29T12:03:58.015-0700: 658409.520: [GC pause (G1 Evacuation Pause) (young), 0.0095828 secs]
   [Parallel Time: 5.2 ms, GC Workers: 8]
      [GC Worker Start (ms): Min: 658409520.1, Avg: 658409520.2, Max: 658409520.2, Diff: 0.1]
      [Ext Root Scanning (ms): Min: 0.9, Avg: 1.6, Max: 4.9, Diff: 4.0, Sum: 12.7]
      [Update RS (ms): Min: 0.0, Avg: 0.3, Max: 0.5, Diff: 0.5, Sum: 2.2]
         [Processed Buffers: Min: 0, Avg: 21.5, Max: 75, Diff: 75, Sum: 172]
      [Scan RS (ms): Min: 0.0, Avg: 0.1, Max: 0.1, Diff: 0.1, Sum: 0.5]
      [Code Root Scanning (ms): Min: 0.0, Avg: 0.0, Max: 0.0, Diff: 0.0, Sum: 0.0]
      [Object Copy (ms): Min: 0.0, Avg: 0.4, Max: 0.6, Diff: 0.6, Sum: 3.2]
      [Termination (ms): Min: 0.0, Avg: 2.6, Max: 2.9, Diff: 2.9, Sum: 20.5]
         [Termination Attempts: Min: 1, Avg: 1.8, Max: 3, Diff: 2, Sum: 14]
      [GC Worker Other (ms): Min: 0.0, Avg: 0.0, Max: 0.1, Diff: 0.1, Sum: 0.3]
      [GC Worker Total (ms): Min: 4.9, Avg: 4.9, Max: 5.0, Diff: 0.2, Sum: 39.4]
      [GC Worker End (ms): Min: 658409525.1, Avg: 658409525.1, Max: 658409525.2, Diff: 0.1]
   [Code Root Fixup: 0.0 ms]
   [Code Root Purge: 0.0 ms]
   [Clear CT: 0.6 ms]
   [Other: 3.8 ms]
      [Choose CSet: 0.0 ms]
      [Ref Proc: 3.2 ms]
      [Ref Enq: 0.1 ms]
      [Redirty Cards: 0.1 ms]
      [Humongous Register: 0.0 ms]
      [Humongous Reclaim: 0.0 ms]
      [Free CSet: 0.3 ms]
   [Eden: 7152.0M(7152.0M)->0.0B(7152.0M) Survivors: 16384.0K->16384.0K Heap: 10530.5M(14336.0M)->3378.6M(14336.0M)]
 [Times: user=0.05 sys=0.01, real=0.01 secs] 
2022-07-29T12:20:33.164-0700: 659404.668: [GC pause (G1 Evacuation Pause) (young), 0.0103463 secs]
   [Parallel Time: 5.3 ms, GC Workers: 8]
      [GC Worker Start (ms): Min: 659404668.5, Avg: 659404668.6, Max: 659404668.6, Diff: 0.1]
      [Ext Root Scanning (ms): Min: 1.0, Avg: 1.6, Max: 5.0, Diff: 4.1, Sum: 13.0]
      [Update RS (ms): Min: 0.0, Avg: 0.3, Max: 0.5, Diff: 0.5, Sum: 2.2]
         [Processed Buffers: Min: 0, Avg: 22.0, Max: 82, Diff: 82, Sum: 176]
      [Scan RS (ms): Min: 0.0, Avg: 0.1, Max: 0.1, Diff: 0.1, Sum: 0.5]
      [Code Root Scanning (ms): Min: 0.0, Avg: 0.0, Max: 0.0, Diff: 0.0, Sum: 0.0]
      [Object Copy (ms): Min: 0.0, Avg: 0.4, Max: 0.5, Diff: 0.5, Sum: 2.8]
      [Termination (ms): Min: 0.0, Avg: 2.7, Max: 3.0, Diff: 3.0, Sum: 21.3]
         [Termination Attempts: Min: 1, Avg: 2.5, Max: 4, Diff: 3, Sum: 20]
      [GC Worker Other (ms): Min: 0.0, Avg: 0.0, Max: 0.0, Diff: 0.0, Sum: 0.2]
      [GC Worker Total (ms): Min: 5.0, Avg: 5.0, Max: 5.1, Diff: 0.1, Sum: 40.1]
      [GC Worker End (ms): Min: 659404673.6, Avg: 659404673.6, Max: 659404673.6, Diff: 0.0]
   [Code Root Fixup: 0.0 ms]
   [Code Root Purge: 0.0 ms]
   [Clear CT: 0.6 ms]
   [Other: 4.4 ms]
      [Choose CSet: 0.0 ms]
      [Ref Proc: 3.7 ms]
      [Ref Enq: 0.2 ms]
      [Redirty Cards: 0.1 ms]
      [Humongous Register: 0.0 ms]
      [Humongous Reclaim: 0.0 ms]
      [Free CSet: 0.3 ms]
   [Eden: 7152.0M(7152.0M)->0.0B(7152.0M) Survivors: 16384.0K->16384.0K Heap: 10530.6M(14336.0M)->3378.5M(14336.0M)]
 [Times: user=0.05 sys=0.00, real=0.00 secs] 
2022-07-29T12:37:10.565-0700: 660402.070: [GC pause (G1 Evacuation Pause) (young) (initial-mark), 0.0150167 secs]
   [Parallel Time: 9.5 ms, GC Workers: 8]
      [GC Worker Start (ms): Min: 660402072.3, Avg: 660402072.4, Max: 660402072.5, Diff: 0.1]
      [Ext Root Scanning (ms): Min: 6.1, Avg: 6.3, Max: 6.5, Diff: 0.5, Sum: 50.1]
      [Update RS (ms): Min: 0.2, Avg: 0.3, Max: 0.5, Diff: 0.4, Sum: 2.5]
         [Processed Buffers: Min: 1, Avg: 20.9, Max: 50, Diff: 49, Sum: 167]
      [Scan RS (ms): Min: 0.0, Avg: 0.1, Max: 0.1, Diff: 0.1, Sum: 0.5]
      [Code Root Scanning (ms): Min: 0.0, Avg: 0.0, Max: 0.0, Diff: 0.0, Sum: 0.0]
      [Object Copy (ms): Min: 0.3, Avg: 0.5, Max: 0.7, Diff: 0.3, Sum: 4.1]
      [Termination (ms): Min: 0.0, Avg: 0.0, Max: 0.0, Diff: 0.0, Sum: 0.3]
         [Termination Attempts: Min: 1, Avg: 4.5, Max: 9, Diff: 8, Sum: 36]
      [GC Worker Other (ms): Min: 0.0, Avg: 0.0, Max: 0.1, Diff: 0.0, Sum: 0.2]
      [GC Worker Total (ms): Min: 7.1, Avg: 7.2, Max: 7.3, Diff: 0.1, Sum: 57.8]
      [GC Worker End (ms): Min: 660402079.6, Avg: 660402079.6, Max: 660402079.6, Diff: 0.0]
   [Code Root Fixup: 0.0 ms]
   [Code Root Purge: 0.0 ms]
   [Clear CT: 0.6 ms]
   [Other: 4.9 ms]
      [Choose CSet: 0.0 ms]
      [Ref Proc: 4.1 ms]
      [Ref Enq: 0.1 ms]
      [Redirty Cards: 0.1 ms]
      [Humongous Register: 0.0 ms]
      [Humongous Reclaim: 0.0 ms]
      [Free CSet: 0.3 ms]
   [Eden: 7152.0M(7152.0M)->0.0B(7152.0M) Survivors: 16384.0K->16384.0K Heap: 10530.5M(14336.0M)->3378.5M(14336.0M)]
 [Times: user=0.05 sys=0.00, real=0.01 secs] 
2022-07-29T12:37:10.581-0700: 660402.085: [GC concurrent-root-region-scan-start]
2022-07-29T12:37:10.586-0700: 660402.091: [GC concurrent-root-region-scan-end, 0.0052888 secs]
2022-07-29T12:37:10.586-0700: 660402.091: [GC concurrent-mark-start]
2022-07-29T12:37:13.043-0700: 660404.548: [GC concurrent-mark-end, 2.4571113 secs]
2022-07-29T12:37:13.043-0700: 660404.548: [GC remark 2022-07-29T12:37:13.043-0700: 660404.548: [Finalize Marking, 0.0002667 secs] 2022-07-29T12:37:13.044-0700: 660404.548: [GC ref-proc, 0.0112146 secs] 2022-07-29T12:37:13.055-0700: 660404.560: [Unloading, 0.0278770 secs], 0.0448960 secs]
 [Times: user=0.26 sys=0.00, real=0.04 secs] 
2022-07-29T12:37:13.089-0700: 660404.593: [GC cleanup 3418M->3418M(14336M), 0.0084992 secs]
 [Times: user=0.06 sys=0.00, real=0.01 secs] 
2022-07-29T12:53:53.514-0700: 661405.019: [GC pause (G1 Evacuation Pause) (young), 0.0085203 secs]
   [Parallel Time: 5.1 ms, GC Workers: 8]
      [GC Worker Start (ms): Min: 661405018.7, Avg: 661405018.7, Max: 661405018.8, Diff: 0.1]
      [Ext Root Scanning (ms): Min: 1.0, Avg: 1.7, Max: 5.0, Diff: 3.9, Sum: 13.5]
      [Update RS (ms): Min: 0.0, Avg: 0.3, Max: 0.5, Diff: 0.5, Sum: 2.3]
         [Processed Buffers: Min: 0, Avg: 20.5, Max: 63, Diff: 63, Sum: 164]
      [Scan RS (ms): Min: 0.0, Avg: 0.1, Max: 0.1, Diff: 0.1, Sum: 0.5]
      [Code Root Scanning (ms): Min: 0.0, Avg: 0.0, Max: 0.0, Diff: 0.0, Sum: 0.0]
      [Object Copy (ms): Min: 0.0, Avg: 0.4, Max: 0.6, Diff: 0.6, Sum: 3.1]
      [Termination (ms): Min: 0.0, Avg: 2.5, Max: 2.9, Diff: 2.9, Sum: 20.1]
         [Termination Attempts: Min: 1, Avg: 1.9, Max: 5, Diff: 4, Sum: 15]
      [GC Worker Other (ms): Min: 0.0, Avg: 0.0, Max: 0.0, Diff: 0.0, Sum: 0.1]
      [GC Worker Total (ms): Min: 4.9, Avg: 5.0, Max: 5.0, Diff: 0.1, Sum: 39.8]
      [GC Worker End (ms): Min: 661405023.7, Avg: 661405023.7, Max: 661405023.7, Diff: 0.0]
   [Code Root Fixup: 0.0 ms]
   [Code Root Purge: 0.0 ms]
   [Clear CT: 0.6 ms]
   [Other: 2.8 ms]
      [Choose CSet: 0.0 ms]
      [Ref Proc: 2.1 ms]
      [Ref Enq: 0.1 ms]
      [Redirty Cards: 0.1 ms]
      [Humongous Register: 0.1 ms]
      [Humongous Reclaim: 0.0 ms]
      [Free CSet: 0.3 ms]
   [Eden: 7152.0M(7152.0M)->0.0B(7152.0M) Survivors: 16384.0K->16384.0K Heap: 10530.5M(14336.0M)->3378.7M(14336.0M)]
 [Times: user=0.05 sys=0.00, real=0.01 secs] 
2022-07-29T13:10:31.663-0700: 662403.168: [GC pause (G1 Evacuation Pause) (young), 0.0111574 secs]
   [Parallel Time: 5.9 ms, GC Workers: 8]
      [GC Worker Start (ms): Min: 662403167.8, Avg: 662403167.9, Max: 662403168.0, Diff: 0.2]
      [Ext Root Scanning (ms): Min: 1.2, Avg: 2.0, Max: 5.6, Diff: 4.4, Sum: 15.7]
      [Update RS (ms): Min: 0.0, Avg: 0.4, Max: 0.7, Diff: 0.7, Sum: 3.0]
         [Processed Buffers: Min: 0, Avg: 21.1, Max: 58, Diff: 58, Sum: 169]
      [Scan RS (ms): Min: 0.0, Avg: 0.1, Max: 0.2, Diff: 0.1, Sum: 0.7]
      [Code Root Scanning (ms): Min: 0.0, Avg: 0.0, Max: 0.0, Diff: 0.0, Sum: 0.0]
      [Object Copy (ms): Min: 0.0, Avg: 0.5, Max: 0.7, Diff: 0.7, Sum: 3.9]
      [Termination (ms): Min: 0.0, Avg: 2.7, Max: 3.1, Diff: 3.1, Sum: 21.5]
         [Termination Attempts: Min: 1, Avg: 1.5, Max: 2, Diff: 1, Sum: 12]
      [GC Worker Other (ms): Min: 0.0, Avg: 0.0, Max: 0.0, Diff: 0.0, Sum: 0.1]
      [GC Worker Total (ms): Min: 5.5, Avg: 5.6, Max: 5.7, Diff: 0.2, Sum: 44.8]
      [GC Worker End (ms): Min: 662403173.5, Avg: 662403173.5, Max: 662403173.5, Diff: 0.0]
   [Code Root Fixup: 0.0 ms]
   [Code Root Purge: 0.0 ms]
   [Clear CT: 0.6 ms]
   [Other: 4.7 ms]
      [Choose CSet: 0.0 ms]
      [Ref Proc: 4.0 ms]
      [Ref Enq: 0.1 ms]
      [Redirty Cards: 0.1 ms]
      [Humongous Register: 0.1 ms]
      [Humongous Reclaim: 0.0 ms]
      [Free CSet: 0.3 ms]
   [Eden: 7152.0M(7152.0M)->0.0B(7152.0M) Survivors: 16384.0K->16384.0K Heap: 10530.7M(14336.0M)->3378.5M(14336.0M)]
 [Times: user=0.06 sys=0.00, real=0.00 secs] 
2022-07-29T13:27:11.813-0700: 663403.318: [GC pause (G1 Evacuation Pause) (young) (initial-mark), 0.0155753 secs]
   [Parallel Time: 10.1 ms, GC Workers: 8]
      [GC Worker Start (ms): Min: 663403319.9, Avg: 663403320.0, Max: 663403320.1, Diff: 0.1]
      [Ext Root Scanning (ms): Min: 6.3, Avg: 6.6, Max: 6.9, Diff: 0.6, Sum: 52.7]
      [Update RS (ms): Min: 0.2, Avg: 0.3, Max: 0.6, Diff: 0.4, Sum: 2.4]
         [Processed Buffers: Min: 1, Avg: 22.8, Max: 68, Diff: 67, Sum: 182]
      [Scan RS (ms): Min: 0.0, Avg: 0.1, Max: 0.1, Diff: 0.1, Sum: 0.5]
      [Code Root Scanning (ms): Min: 0.0, Avg: 0.0, Max: 0.0, Diff: 0.0, Sum: 0.0]
      [Object Copy (ms): Min: 0.2, Avg: 0.5, Max: 0.8, Diff: 0.6, Sum: 4.3]
      [Termination (ms): Min: 0.0, Avg: 0.0, Max: 0.0, Diff: 0.0, Sum: 0.1]
         [Termination Attempts: Min: 1, Avg: 3.6, Max: 5, Diff: 4, Sum: 29]
      [GC Worker Other (ms): Min: 0.0, Avg: 0.0, Max: 0.1, Diff: 0.0, Sum: 0.2]
      [GC Worker Total (ms): Min: 7.5, Avg: 7.5, Max: 7.6, Diff: 0.1, Sum: 60.4]
      [GC Worker End (ms): Min: 663403327.5, Avg: 663403327.5, Max: 663403327.6, Diff: 0.0]
   [Code Root Fixup: 0.0 ms]
   [Code Root Purge: 0.0 ms]
   [Clear CT: 0.7 ms]
   [Other: 4.7 ms]
      [Choose CSet: 0.0 ms]
      [Ref Proc: 3.9 ms]
      [Ref Enq: 0.2 ms]
      [Redirty Cards: 0.1 ms]
      [Humongous Register: 0.0 ms]
      [Humongous Reclaim: 0.0 ms]
      [Free CSet: 0.3 ms]
   [Eden: 7152.0M(7152.0M)->0.0B(7152.0M) Survivors: 16384.0K->16384.0K Heap: 10530.5M(14336.0M)->3378.5M(14336.0M)]
 [Times: user=0.06 sys=0.00, real=0.02 secs] 
2022-07-29T13:27:11.829-0700: 663403.333: [GC concurrent-root-region-scan-start]
2022-07-29T13:27:11.834-0700: 663403.339: [GC concurrent-root-region-scan-end, 0.0053393 secs]
2022-07-29T13:27:11.834-0700: 663403.339: [GC concurrent-mark-start]
2022-07-29T13:27:14.311-0700: 663405.816: [GC concurrent-mark-end, 2.4772328 secs]
2022-07-29T13:27:14.312-0700: 663405.816: [GC remark 2022-07-29T13:27:14.312-0700: 663405.816: [Finalize Marking, 0.0004019 secs] 2022-07-29T13:27:14.312-0700: 663405.817: [GC ref-proc, 0.0082723 secs] 2022-07-29T13:27:14.320-0700: 663405.825: [Unloading, 0.0277211 secs], 0.0417456 secs]
 [Times: user=0.26 sys=0.00, real=0.04 secs] 
2022-07-29T13:27:14.354-0700: 663405.858: [GC cleanup 3442M->3442M(14336M), 0.0084072 secs]
 [Times: user=0.06 sys=0.00, real=0.01 secs] 
2022-07-29T13:43:47.151-0700: 664398.655: [GC pause (G1 Evacuation Pause) (young), 0.0105161 secs]
   [Parallel Time: 5.7 ms, GC Workers: 8]
      [GC Worker Start (ms): Min: 664398655.5, Avg: 664398655.6, Max: 664398655.6, Diff: 0.1]
      [Ext Root Scanning (ms): Min: 1.2, Avg: 1.9, Max: 5.4, Diff: 4.2, Sum: 15.2]
      [Update RS (ms): Min: 0.0, Avg: 0.4, Max: 0.8, Diff: 0.8, Sum: 3.0]
         [Processed Buffers: Min: 0, Avg: 21.6, Max: 55, Diff: 55, Sum: 173]
      [Scan RS (ms): Min: 0.0, Avg: 0.1, Max: 0.2, Diff: 0.1, Sum: 0.7]
      [Code Root Scanning (ms): Min: 0.0, Avg: 0.0, Max: 0.0, Diff: 0.0, Sum: 0.0]
      [Object Copy (ms): Min: 0.0, Avg: 0.5, Max: 0.8, Diff: 0.8, Sum: 4.3]
      [Termination (ms): Min: 0.0, Avg: 2.5, Max: 2.9, Diff: 2.9, Sum: 20.1]
         [Termination Attempts: Min: 1, Avg: 6.6, Max: 10, Diff: 9, Sum: 53]
      [GC Worker Other (ms): Min: 0.0, Avg: 0.0, Max: 0.1, Diff: 0.1, Sum: 0.2]
      [GC Worker Total (ms): Min: 5.4, Avg: 5.4, Max: 5.5, Diff: 0.1, Sum: 43.5]
      [GC Worker End (ms): Min: 664398661.0, Avg: 664398661.0, Max: 664398661.0, Diff: 0.0]
   [Code Root Fixup: 0.0 ms]
   [Code Root Purge: 0.0 ms]
   [Clear CT: 0.6 ms]
   [Other: 4.2 ms]
      [Choose CSet: 0.0 ms]
      [Ref Proc: 3.3 ms]
      [Ref Enq: 0.1 ms]
      [Redirty Cards: 0.1 ms]
      [Humongous Register: 0.1 ms]
      [Humongous Reclaim: 0.0 ms]
      [Free CSet: 0.3 ms]
   [Eden: 7152.0M(7152.0M)->0.0B(7152.0M) Survivors: 16384.0K->16384.0K Heap: 10530.5M(14336.0M)->3378.6M(14336.0M)]
 [Times: user=0.05 sys=0.01, real=0.01 secs] 
2022-07-29T14:00:26.363-0700: 665397.868: [GC pause (G1 Evacuation Pause) (young), 0.0109861 secs]
   [Parallel Time: 6.1 ms, GC Workers: 8]
      [GC Worker Start (ms): Min: 665397867.8, Avg: 665397867.9, Max: 665397867.9, Diff: 0.1]
      [Ext Root Scanning (ms): Min: 1.2, Avg: 2.0, Max: 5.8, Diff: 4.5, Sum: 15.8]
      [Update RS (ms): Min: 0.0, Avg: 0.3, Max: 0.7, Diff: 0.7, Sum: 2.8]
         [Processed Buffers: Min: 0, Avg: 21.2, Max: 56, Diff: 56, Sum: 170]
      [Scan RS (ms): Min: 0.0, Avg: 0.1, Max: 0.2, Diff: 0.1, Sum: 0.6]
      [Code Root Scanning (ms): Min: 0.0, Avg: 0.0, Max: 0.0, Diff: 0.0, Sum: 0.0]
      [Object Copy (ms): Min: 0.0, Avg: 0.5, Max: 0.7, Diff: 0.7, Sum: 4.0]
      [Termination (ms): Min: 0.0, Avg: 2.8, Max: 3.2, Diff: 3.2, Sum: 22.7]
         [Termination Attempts: Min: 1, Avg: 6.6, Max: 9, Diff: 8, Sum: 53]
      [GC Worker Other (ms): Min: 0.0, Avg: 0.0, Max: 0.0, Diff: 0.0, Sum: 0.2]
      [GC Worker Total (ms): Min: 5.7, Avg: 5.8, Max: 5.8, Diff: 0.1, Sum: 46.1]
      [GC Worker End (ms): Min: 665397873.6, Avg: 665397873.6, Max: 665397873.6, Diff: 0.0]
   [Code Root Fixup: 0.0 ms]
   [Code Root Purge: 0.0 ms]
   [Clear CT: 0.6 ms]
   [Other: 4.3 ms]
      [Choose CSet: 0.0 ms]
      [Ref Proc: 3.6 ms]
      [Ref Enq: 0.1 ms]
      [Redirty Cards: 0.1 ms]
      [Humongous Register: 0.1 ms]
      [Humongous Reclaim: 0.0 ms]
      [Free CSet: 0.3 ms]
   [Eden: 7152.0M(7152.0M)->0.0B(7152.0M) Survivors: 16384.0K->16384.0K Heap: 10530.6M(14336.0M)->3378.5M(14336.0M)]
 [Times: user=0.05 sys=0.01, real=0.00 secs] 
2022-07-29T14:16:58.849-0700: 666390.354: [GC pause (G1 Evacuation Pause) (young) (initial-mark), 0.0158963 secs]
   [Parallel Time: 10.3 ms, GC Workers: 8]
      [GC Worker Start (ms): Min: 666390356.0, Avg: 666390356.1, Max: 666390356.2, Diff: 0.2]
      [Ext Root Scanning (ms): Min: 6.5, Avg: 6.8, Max: 7.2, Diff: 0.6, Sum: 54.4]
      [Update RS (ms): Min: 0.2, Avg: 0.3, Max: 0.5, Diff: 0.3, Sum: 2.6]
         [Processed Buffers: Min: 1, Avg: 21.8, Max: 59, Diff: 58, Sum: 174]
      [Scan RS (ms): Min: 0.0, Avg: 0.1, Max: 0.1, Diff: 0.1, Sum: 0.5]
      [Code Root Scanning (ms): Min: 0.0, Avg: 0.0, Max: 0.0, Diff: 0.0, Sum: 0.0]
      [Object Copy (ms): Min: 0.3, Avg: 0.5, Max: 0.8, Diff: 0.5, Sum: 4.3]
      [Termination (ms): Min: 0.0, Avg: 0.0, Max: 0.0, Diff: 0.0, Sum: 0.2]
         [Termination Attempts: Min: 1, Avg: 1.0, Max: 1, Diff: 0, Sum: 8]
      [GC Worker Other (ms): Min: 0.0, Avg: 0.1, Max: 0.1, Diff: 0.1, Sum: 0.5]
      [GC Worker Total (ms): Min: 7.7, Avg: 7.8, Max: 8.0, Diff: 0.3, Sum: 62.6]
      [GC Worker End (ms): Min: 666390363.9, Avg: 666390364.0, Max: 666390364.1, Diff: 0.1]
   [Code Root Fixup: 0.0 ms]
   [Code Root Purge: 0.0 ms]
   [Clear CT: 0.7 ms]
   [Other: 4.9 ms]
      [Choose CSet: 0.0 ms]
      [Ref Proc: 4.1 ms]
      [Ref Enq: 0.1 ms]
      [Redirty Cards: 0.1 ms]
      [Humongous Register: 0.0 ms]
      [Humongous Reclaim: 0.0 ms]
      [Free CSet: 0.3 ms]
   [Eden: 7152.0M(7152.0M)->0.0B(7152.0M) Survivors: 16384.0K->16384.0K Heap: 10530.5M(14336.0M)->3378.6M(14336.0M)]
 [Times: user=0.07 sys=0.01, real=0.02 secs] 
2022-07-29T14:16:58.865-0700: 666390.370: [GC concurrent-root-region-scan-start]
2022-07-29T14:16:58.870-0700: 666390.374: [GC concurrent-root-region-scan-end, 0.0046859 secs]
2022-07-29T14:16:58.870-0700: 666390.374: [GC concurrent-mark-start]
2022-07-29T14:17:01.339-0700: 666392.844: [GC concurrent-mark-end, 2.4693172 secs]
2022-07-29T14:17:01.339-0700: 666392.844: [GC remark 2022-07-29T14:17:01.339-0700: 666392.844: [Finalize Marking, 0.0004598 secs] 2022-07-29T14:17:01.340-0700: 666392.845: [GC ref-proc, 0.0093666 secs] 2022-07-29T14:17:01.349-0700: 666392.854: [Unloading, 0.0277386 secs], 0.0428868 secs]
 [Times: user=0.25 sys=0.00, real=0.04 secs] 
2022-07-29T14:17:01.382-0700: 666392.887: [GC cleanup 3418M->3418M(14336M), 0.0084396 secs]
 [Times: user=0.06 sys=0.00, real=0.01 secs] 
2022-07-29T14:33:39.841-0700: 667391.346: [GC pause (G1 Evacuation Pause) (young), 0.0110082 secs]
   [Parallel Time: 5.9 ms, GC Workers: 8]
      [GC Worker Start (ms): Min: 667391346.3, Avg: 667391346.4, Max: 667391346.5, Diff: 0.1]
      [Ext Root Scanning (ms): Min: 1.2, Avg: 1.9, Max: 5.8, Diff: 4.6, Sum: 15.3]
      [Update RS (ms): Min: 0.0, Avg: 0.4, Max: 0.7, Diff: 0.7, Sum: 3.0]
         [Processed Buffers: Min: 0, Avg: 21.5, Max: 52, Diff: 52, Sum: 172]
      [Scan RS (ms): Min: 0.0, Avg: 0.1, Max: 0.2, Diff: 0.2, Sum: 0.7]
      [Code Root Scanning (ms): Min: 0.0, Avg: 0.0, Max: 0.0, Diff: 0.0, Sum: 0.0]
      [Object Copy (ms): Min: 0.0, Avg: 0.6, Max: 0.8, Diff: 0.8, Sum: 4.6]
      [Termination (ms): Min: 0.0, Avg: 2.8, Max: 3.3, Diff: 3.3, Sum: 22.8]
         [Termination Attempts: Min: 1, Avg: 4.5, Max: 8, Diff: 7, Sum: 36]
      [GC Worker Other (ms): Min: 0.0, Avg: 0.0, Max: 0.0, Diff: 0.0, Sum: 0.1]
      [GC Worker Total (ms): Min: 5.7, Avg: 5.8, Max: 5.9, Diff: 0.1, Sum: 46.4]
      [GC Worker End (ms): Min: 667391352.2, Avg: 667391352.2, Max: 667391352.2, Diff: 0.0]
   [Code Root Fixup: 0.0 ms]
   [Code Root Purge: 0.0 ms]
   [Clear CT: 0.6 ms]
   [Other: 4.5 ms]
      [Choose CSet: 0.0 ms]
      [Ref Proc: 3.8 ms]
      [Ref Enq: 0.1 ms]
      [Redirty Cards: 0.1 ms]
      [Humongous Register: 0.1 ms]
      [Humongous Reclaim: 0.0 ms]
      [Free CSet: 0.3 ms]
   [Eden: 7152.0M(7152.0M)->0.0B(7152.0M) Survivors: 16384.0K->16384.0K Heap: 10530.6M(14336.0M)->3378.7M(14336.0M)]
 [Times: user=0.06 sys=0.00, real=0.01 secs] 
2022-07-29T14:50:27.661-0700: 668399.166: [GC pause (G1 Evacuation Pause) (young), 0.0120180 secs]
   [Parallel Time: 6.2 ms, GC Workers: 8]
      [GC Worker Start (ms): Min: 668399165.8, Avg: 668399165.9, Max: 668399165.9, Diff: 0.2]
      [Ext Root Scanning (ms): Min: 1.2, Avg: 2.0, Max: 6.1, Diff: 4.8, Sum: 16.1]
      [Update RS (ms): Min: 0.0, Avg: 0.3, Max: 0.8, Diff: 0.8, Sum: 2.7]
         [Processed Buffers: Min: 0, Avg: 21.5, Max: 59, Diff: 59, Sum: 172]
      [Scan RS (ms): Min: 0.0, Avg: 0.1, Max: 0.1, Diff: 0.1, Sum: 0.6]
      [Code Root Scanning (ms): Min: 0.0, Avg: 0.0, Max: 0.0, Diff: 0.0, Sum: 0.0]
      [Object Copy (ms): Min: 0.0, Avg: 0.5, Max: 0.7, Diff: 0.7, Sum: 3.8]
      [Termination (ms): Min: 0.0, Avg: 3.1, Max: 3.6, Diff: 3.6, Sum: 25.0]
         [Termination Attempts: Min: 1, Avg: 2.2, Max: 4, Diff: 3, Sum: 18]
      [GC Worker Other (ms): Min: 0.0, Avg: 0.0, Max: 0.0, Diff: 0.0, Sum: 0.1]
      [GC Worker Total (ms): Min: 6.0, Avg: 6.1, Max: 6.1, Diff: 0.1, Sum: 48.5]
      [GC Worker End (ms): Min: 668399171.9, Avg: 668399171.9, Max: 668399171.9, Diff: 0.0]
   [Code Root Fixup: 0.0 ms]
   [Code Root Purge: 0.0 ms]
   [Clear CT: 0.6 ms]
   [Other: 5.2 ms]
      [Choose CSet: 0.0 ms]
      [Ref Proc: 4.4 ms]
      [Ref Enq: 0.1 ms]
      [Redirty Cards: 0.1 ms]
      [Humongous Register: 0.1 ms]
      [Humongous Reclaim: 0.0 ms]
      [Free CSet: 0.3 ms]
   [Eden: 7152.0M(7152.0M)->0.0B(7152.0M) Survivors: 16384.0K->16384.0K Heap: 10530.7M(14336.0M)->3378.6M(14336.0M)]
 [Times: user=0.06 sys=0.00, real=0.01 secs] 
2022-07-29T15:07:10.713-0700: 669402.218: [GC pause (G1 Evacuation Pause) (young) (initial-mark), 0.0145364 secs]
   [Parallel Time: 9.6 ms, GC Workers: 8]
      [GC Worker Start (ms): Min: 669402219.5, Avg: 669402219.5, Max: 669402219.6, Diff: 0.1]
      [Ext Root Scanning (ms): Min: 6.4, Avg: 6.6, Max: 6.8, Diff: 0.4, Sum: 52.8]
      [Update RS (ms): Min: 0.2, Avg: 0.3, Max: 0.5, Diff: 0.4, Sum: 2.5]
         [Processed Buffers: Min: 1, Avg: 21.2, Max: 59, Diff: 58, Sum: 170]
      [Scan RS (ms): Min: 0.0, Avg: 0.1, Max: 0.1, Diff: 0.1, Sum: 0.6]
      [Code Root Scanning (ms): Min: 0.0, Avg: 0.0, Max: 0.0, Diff: 0.0, Sum: 0.0]
      [Object Copy (ms): Min: 0.1, Avg: 0.5, Max: 0.7, Diff: 0.6, Sum: 4.1]
      [Termination (ms): Min: 0.0, Avg: 0.0, Max: 0.0, Diff: 0.0, Sum: 0.0]
         [Termination Attempts: Min: 1, Avg: 4.9, Max: 9, Diff: 8, Sum: 39]
      [GC Worker Other (ms): Min: 0.0, Avg: 0.1, Max: 0.1, Diff: 0.1, Sum: 0.5]
      [GC Worker Total (ms): Min: 7.5, Avg: 7.6, Max: 7.7, Diff: 0.2, Sum: 60.5]
      [GC Worker End (ms): Min: 669402227.1, Avg: 669402227.1, Max: 669402227.2, Diff: 0.1]
   [Code Root Fixup: 0.0 ms]
   [Code Root Purge: 0.0 ms]
   [Clear CT: 0.7 ms]
   [Other: 4.3 ms]
      [Choose CSet: 0.0 ms]
      [Ref Proc: 3.6 ms]
      [Ref Enq: 0.1 ms]
      [Redirty Cards: 0.1 ms]
      [Humongous Register: 0.0 ms]
      [Humongous Reclaim: 0.0 ms]
      [Free CSet: 0.3 ms]
   [Eden: 7152.0M(7152.0M)->0.0B(7152.0M) Survivors: 16384.0K->16384.0K Heap: 10530.6M(14336.0M)->3378.6M(14336.0M)]
 [Times: user=0.06 sys=0.00, real=0.02 secs] 
2022-07-29T15:07:10.727-0700: 669402.232: [GC concurrent-root-region-scan-start]
2022-07-29T15:07:10.732-0700: 669402.237: [GC concurrent-root-region-scan-end, 0.0047767 secs]
2022-07-29T15:07:10.732-0700: 669402.237: [GC concurrent-mark-start]
2022-07-29T15:07:13.197-0700: 669404.702: [GC concurrent-mark-end, 2.4651777 secs]
2022-07-29T15:07:13.198-0700: 669404.703: [GC remark 2022-07-29T15:07:13.198-0700: 669404.703: [Finalize Marking, 0.0003511 secs] 2022-07-29T15:07:13.198-0700: 669404.703: [GC ref-proc, 0.0094637 secs] 2022-07-29T15:07:13.208-0700: 669404.712: [Unloading, 0.0279165 secs], 0.0431618 secs]
 [Times: user=0.26 sys=0.00, real=0.04 secs] 
2022-07-29T15:07:13.241-0700: 669404.746: [GC cleanup 3418M->3418M(14336M), 0.0079501 secs]
 [Times: user=0.06 sys=0.00, real=0.01 secs] 
2022-07-29T15:23:44.412-0700: 670395.916: [GC pause (G1 Evacuation Pause) (young), 0.0087627 secs]
   [Parallel Time: 5.5 ms, GC Workers: 8]
      [GC Worker Start (ms): Min: 670395916.5, Avg: 670395916.5, Max: 670395916.6, Diff: 0.1]
      [Ext Root Scanning (ms): Min: 1.2, Avg: 1.9, Max: 5.3, Diff: 4.1, Sum: 15.3]
      [Update RS (ms): Min: 0.0, Avg: 0.4, Max: 0.7, Diff: 0.7, Sum: 3.0]
         [Processed Buffers: Min: 0, Avg: 21.9, Max: 71, Diff: 71, Sum: 175]
      [Scan RS (ms): Min: 0.0, Avg: 0.1, Max: 0.2, Diff: 0.1, Sum: 0.7]
      [Code Root Scanning (ms): Min: 0.0, Avg: 0.0, Max: 0.0, Diff: 0.0, Sum: 0.0]
      [Object Copy (ms): Min: 0.0, Avg: 0.6, Max: 0.8, Diff: 0.8, Sum: 4.5]
      [Termination (ms): Min: 0.0, Avg: 2.4, Max: 2.7, Diff: 2.7, Sum: 19.2]
         [Termination Attempts: Min: 1, Avg: 2.4, Max: 4, Diff: 3, Sum: 19]
      [GC Worker Other (ms): Min: 0.0, Avg: 0.0, Max: 0.0, Diff: 0.0, Sum: 0.1]
      [GC Worker Total (ms): Min: 5.3, Avg: 5.3, Max: 5.4, Diff: 0.1, Sum: 42.8]
      [GC Worker End (ms): Min: 670395921.8, Avg: 670395921.9, Max: 670395921.9, Diff: 0.0]
   [Code Root Fixup: 0.0 ms]
   [Code Root Purge: 0.0 ms]
   [Clear CT: 0.6 ms]
   [Other: 2.7 ms]
      [Choose CSet: 0.0 ms]
      [Ref Proc: 1.8 ms]
      [Ref Enq: 0.1 ms]
      [Redirty Cards: 0.2 ms]
      [Humongous Register: 0.1 ms]
      [Humongous Reclaim: 0.0 ms]
      [Free CSet: 0.3 ms]
   [Eden: 7152.0M(7152.0M)->0.0B(7152.0M) Survivors: 16384.0K->16384.0K Heap: 10530.6M(14336.0M)->3378.7M(14336.0M)]
 [Times: user=0.05 sys=0.01, real=0.01 secs] 
2022-07-29T15:40:29.382-0700: 671400.887: [GC pause (G1 Evacuation Pause) (young), 0.0091645 secs]
   [Parallel Time: 6.0 ms, GC Workers: 8]
      [GC Worker Start (ms): Min: 671400887.2, Avg: 671400887.3, Max: 671400887.4, Diff: 0.2]
      [Ext Root Scanning (ms): Min: 1.1, Avg: 1.9, Max: 5.7, Diff: 4.6, Sum: 15.5]
      [Update RS (ms): Min: 0.0, Avg: 0.4, Max: 0.9, Diff: 0.9, Sum: 3.1]
         [Processed Buffers: Min: 0, Avg: 21.8, Max: 45, Diff: 45, Sum: 174]
      [Scan RS (ms): Min: 0.0, Avg: 0.1, Max: 0.2, Diff: 0.2, Sum: 0.7]
      [Code Root Scanning (ms): Min: 0.0, Avg: 0.0, Max: 0.0, Diff: 0.0, Sum: 0.0]
      [Object Copy (ms): Min: 0.0, Avg: 0.5, Max: 0.7, Diff: 0.7, Sum: 4.0]
      [Termination (ms): Min: 0.0, Avg: 2.8, Max: 3.2, Diff: 3.2, Sum: 22.4]
         [Termination Attempts: Min: 1, Avg: 1.0, Max: 1, Diff: 0, Sum: 8]
      [GC Worker Other (ms): Min: 0.0, Avg: 0.0, Max: 0.0, Diff: 0.0, Sum: 0.1]
      [GC Worker Total (ms): Min: 5.6, Avg: 5.7, Max: 5.8, Diff: 0.2, Sum: 45.8]
      [GC Worker End (ms): Min: 671400893.0, Avg: 671400893.0, Max: 671400893.0, Diff: 0.0]
   [Code Root Fixup: 0.0 ms]
   [Code Root Purge: 0.0 ms]
   [Clear CT: 0.6 ms]
   [Other: 2.5 ms]
      [Choose CSet: 0.0 ms]
      [Ref Proc: 1.8 ms]
      [Ref Enq: 0.1 ms]
      [Redirty Cards: 0.1 ms]
      [Humongous Register: 0.1 ms]
      [Humongous Reclaim: 0.0 ms]
      [Free CSet: 0.3 ms]
   [Eden: 7152.0M(7152.0M)->0.0B(7152.0M) Survivors: 16384.0K->16384.0K Heap: 10530.7M(14336.0M)->3378.8M(14336.0M)]
 [Times: user=0.06 sys=0.00, real=0.01 secs] 
2022-07-29T15:57:06.711-0700: 672398.216: [GC pause (G1 Evacuation Pause) (young) (initial-mark), 0.0156331 secs]
   [Parallel Time: 10.1 ms, GC Workers: 8]
      [GC Worker Start (ms): Min: 672398218.0, Avg: 672398218.1, Max: 672398218.2, Diff: 0.2]
      [Ext Root Scanning (ms): Min: 6.5, Avg: 6.8, Max: 7.1, Diff: 0.6, Sum: 54.1]
      [Update RS (ms): Min: 0.2, Avg: 0.3, Max: 0.5, Diff: 0.2, Sum: 2.3]
         [Processed Buffers: Min: 1, Avg: 22.5, Max: 59, Diff: 58, Sum: 180]
      [Scan RS (ms): Min: 0.0, Avg: 0.1, Max: 0.1, Diff: 0.1, Sum: 0.5]
      [Code Root Scanning (ms): Min: 0.0, Avg: 0.0, Max: 0.0, Diff: 0.0, Sum: 0.0]
      [Object Copy (ms): Min: 0.1, Avg: 0.5, Max: 0.8, Diff: 0.6, Sum: 3.9]
      [Termination (ms): Min: 0.0, Avg: 0.0, Max: 0.0, Diff: 0.0, Sum: 0.1]
         [Termination Attempts: Min: 1, Avg: 1.2, Max: 2, Diff: 1, Sum: 10]
      [GC Worker Other (ms): Min: 0.0, Avg: 0.0, Max: 0.1, Diff: 0.1, Sum: 0.3]
      [GC Worker Total (ms): Min: 7.6, Avg: 7.7, Max: 7.8, Diff: 0.3, Sum: 61.3]
      [GC Worker End (ms): Min: 672398225.7, Avg: 672398225.8, Max: 672398225.8, Diff: 0.1]
   [Code Root Fixup: 0.0 ms]
   [Code Root Purge: 0.0 ms]
   [Clear CT: 0.6 ms]
   [Other: 4.9 ms]
      [Choose CSet: 0.0 ms]
      [Ref Proc: 4.2 ms]
      [Ref Enq: 0.1 ms]
      [Redirty Cards: 0.1 ms]
      [Humongous Register: 0.0 ms]
      [Humongous Reclaim: 0.0 ms]
      [Free CSet: 0.3 ms]
   [Eden: 7152.0M(7152.0M)->0.0B(7152.0M) Survivors: 16384.0K->16384.0K Heap: 10530.8M(14336.0M)->3378.5M(14336.0M)]
 [Times: user=0.06 sys=0.00, real=0.02 secs] 
2022-07-29T15:57:06.727-0700: 672398.232: [GC concurrent-root-region-scan-start]
2022-07-29T15:57:06.732-0700: 672398.236: [GC concurrent-root-region-scan-end, 0.0047989 secs]
2022-07-29T15:57:06.732-0700: 672398.236: [GC concurrent-mark-start]
2022-07-29T15:57:09.174-0700: 672400.679: [GC concurrent-mark-end, 2.4425252 secs]
2022-07-29T15:57:09.175-0700: 672400.679: [GC remark 2022-07-29T15:57:09.175-0700: 672400.679: [Finalize Marking, 0.0003833 secs] 2022-07-29T15:57:09.175-0700: 672400.680: [GC ref-proc, 0.0078476 secs] 2022-07-29T15:57:09.183-0700: 672400.688: [Unloading, 0.0271547 secs], 0.0407411 secs]
 [Times: user=0.26 sys=0.00, real=0.05 secs] 
2022-07-29T15:57:09.216-0700: 672400.720: [GC cleanup 3418M->3418M(14336M), 0.0080764 secs]
 [Times: user=0.06 sys=0.00, real=0.01 secs] 
2022-07-29T16:13:34.497-0700: 673386.002: [GC pause (G1 Evacuation Pause) (young), 0.0122458 secs]
   [Parallel Time: 6.3 ms, GC Workers: 8]
      [GC Worker Start (ms): Min: 673386002.1, Avg: 673386002.2, Max: 673386002.3, Diff: 0.2]
      [Ext Root Scanning (ms): Min: 1.0, Avg: 2.0, Max: 5.8, Diff: 4.8, Sum: 16.4]
      [Update RS (ms): Min: 0.0, Avg: 0.4, Max: 0.8, Diff: 0.8, Sum: 3.0]
         [Processed Buffers: Min: 0, Avg: 20.2, Max: 71, Diff: 71, Sum: 162]
      [Scan RS (ms): Min: 0.0, Avg: 0.1, Max: 0.2, Diff: 0.2, Sum: 0.7]
      [Code Root Scanning (ms): Min: 0.0, Avg: 0.0, Max: 0.0, Diff: 0.0, Sum: 0.0]
      [Object Copy (ms): Min: 0.0, Avg: 0.5, Max: 1.0, Diff: 1.0, Sum: 4.3]
      [Termination (ms): Min: 0.0, Avg: 2.7, Max: 3.2, Diff: 3.2, Sum: 21.9]
         [Termination Attempts: Min: 1, Avg: 2.1, Max: 4, Diff: 3, Sum: 17]
      [GC Worker Other (ms): Min: 0.0, Avg: 0.0, Max: 0.0, Diff: 0.0, Sum: 0.2]
      [GC Worker Total (ms): Min: 5.7, Avg: 5.8, Max: 5.9, Diff: 0.1, Sum: 46.5]
      [GC Worker End (ms): Min: 673386008.0, Avg: 673386008.0, Max: 673386008.0, Diff: 0.0]
   [Code Root Fixup: 0.0 ms]
   [Code Root Purge: 0.0 ms]
   [Clear CT: 0.8 ms]
   [Other: 5.1 ms]
      [Choose CSet: 0.0 ms]
      [Ref Proc: 4.4 ms]
      [Ref Enq: 0.1 ms]
      [Redirty Cards: 0.1 ms]
      [Humongous Register: 0.1 ms]
      [Humongous Reclaim: 0.0 ms]
      [Free CSet: 0.3 ms]
   [Eden: 7152.0M(7152.0M)->0.0B(7152.0M) Survivors: 16384.0K->16384.0K Heap: 10530.5M(14336.0M)->3378.7M(14336.0M)]
 [Times: user=0.07 sys=0.00, real=0.01 secs] 
2022-07-29T16:30:11.913-0700: 674383.418: [GC pause (G1 Evacuation Pause) (young), 0.0105764 secs]
   [Parallel Time: 5.5 ms, GC Workers: 8]
      [GC Worker Start (ms): Min: 674383417.9, Avg: 674383418.0, Max: 674383418.0, Diff: 0.1]
      [Ext Root Scanning (ms): Min: 1.3, Avg: 2.0, Max: 5.3, Diff: 4.0, Sum: 15.6]
      [Update RS (ms): Min: 0.0, Avg: 0.3, Max: 0.7, Diff: 0.7, Sum: 2.7]
         [Processed Buffers: Min: 0, Avg: 20.6, Max: 74, Diff: 74, Sum: 165]
      [Scan RS (ms): Min: 0.0, Avg: 0.1, Max: 0.1, Diff: 0.1, Sum: 0.6]
      [Code Root Scanning (ms): Min: 0.0, Avg: 0.0, Max: 0.0, Diff: 0.0, Sum: 0.0]
      [Object Copy (ms): Min: 0.0, Avg: 0.5, Max: 0.7, Diff: 0.7, Sum: 3.8]
      [Termination (ms): Min: 0.0, Avg: 2.5, Max: 2.8, Diff: 2.8, Sum: 19.6]
         [Termination Attempts: Min: 1, Avg: 1.2, Max: 2, Diff: 1, Sum: 10]
      [GC Worker Other (ms): Min: 0.0, Avg: 0.0, Max: 0.0, Diff: 0.0, Sum: 0.2]
      [GC Worker Total (ms): Min: 5.3, Avg: 5.3, Max: 5.4, Diff: 0.1, Sum: 42.6]
      [GC Worker End (ms): Min: 674383423.3, Avg: 674383423.3, Max: 674383423.3, Diff: 0.1]
   [Code Root Fixup: 0.0 ms]
   [Code Root Purge: 0.0 ms]
   [Clear CT: 0.6 ms]
   [Other: 4.5 ms]
      [Choose CSet: 0.0 ms]
      [Ref Proc: 3.8 ms]
      [Ref Enq: 0.1 ms]
      [Redirty Cards: 0.1 ms]
      [Humongous Register: 0.1 ms]
      [Humongous Reclaim: 0.0 ms]
      [Free CSet: 0.3 ms]
   [Eden: 7152.0M(7152.0M)->0.0B(7152.0M) Survivors: 16384.0K->16384.0K Heap: 10530.7M(14336.0M)->3378.6M(14336.0M)]
 [Times: user=0.05 sys=0.00, real=0.02 secs] 
2022-07-29T16:46:45.013-0700: 675376.518: [GC pause (G1 Evacuation Pause) (young) (initial-mark), 0.0147506 secs]
   [Parallel Time: 10.0 ms, GC Workers: 8]
      [GC Worker Start (ms): Min: 675376520.2, Avg: 675376520.3, Max: 675376520.4, Diff: 0.2]
      [Ext Root Scanning (ms): Min: 6.3, Avg: 6.5, Max: 6.8, Diff: 0.5, Sum: 52.3]
      [Update RS (ms): Min: 0.2, Avg: 0.3, Max: 0.5, Diff: 0.3, Sum: 2.5]
         [Processed Buffers: Min: 1, Avg: 22.2, Max: 57, Diff: 56, Sum: 178]
      [Scan RS (ms): Min: 0.0, Avg: 0.1, Max: 0.1, Diff: 0.1, Sum: 0.5]
      [Code Root Scanning (ms): Min: 0.0, Avg: 0.0, Max: 0.0, Diff: 0.0, Sum: 0.0]
      [Object Copy (ms): Min: 0.1, Avg: 0.5, Max: 0.7, Diff: 0.6, Sum: 3.9]
      [Termination (ms): Min: 0.0, Avg: 0.1, Max: 0.1, Diff: 0.1, Sum: 0.6]
         [Termination Attempts: Min: 1, Avg: 2.1, Max: 3, Diff: 2, Sum: 17]
      [GC Worker Other (ms): Min: 0.0, Avg: 0.0, Max: 0.1, Diff: 0.0, Sum: 0.2]
      [GC Worker Total (ms): Min: 7.4, Avg: 7.5, Max: 7.6, Diff: 0.2, Sum: 60.1]
      [GC Worker End (ms): Min: 675376527.8, Avg: 675376527.8, Max: 675376527.8, Diff: 0.0]
   [Code Root Fixup: 0.0 ms]
   [Code Root Purge: 0.0 ms]
   [Clear CT: 0.6 ms]
   [Other: 4.2 ms]
      [Choose CSet: 0.0 ms]
      [Ref Proc: 3.5 ms]
      [Ref Enq: 0.1 ms]
      [Redirty Cards: 0.1 ms]
      [Humongous Register: 0.0 ms]
      [Humongous Reclaim: 0.0 ms]
      [Free CSet: 0.3 ms]
   [Eden: 7152.0M(7152.0M)->0.0B(7152.0M) Survivors: 16384.0K->16384.0K Heap: 10530.6M(14336.0M)->3378.8M(14336.0M)]
 [Times: user=0.06 sys=0.00, real=0.02 secs] 
2022-07-29T16:46:45.028-0700: 675376.533: [GC concurrent-root-region-scan-start]
2022-07-29T16:46:45.033-0700: 675376.537: [GC concurrent-root-region-scan-end, 0.0044398 secs]
2022-07-29T16:46:45.033-0700: 675376.537: [GC concurrent-mark-start]
2022-07-29T16:46:47.504-0700: 675379.009: [GC concurrent-mark-end, 2.4715235 secs]
2022-07-29T16:46:47.504-0700: 675379.009: [GC remark 2022-07-29T16:46:47.504-0700: 675379.009: [Finalize Marking, 0.0003308 secs] 2022-07-29T16:46:47.505-0700: 675379.010: [GC ref-proc, 0.0109727 secs] 2022-07-29T16:46:47.516-0700: 675379.021: [Unloading, 0.0277280 secs], 0.0444675 secs]
 [Times: user=0.26 sys=0.00, real=0.04 secs] 
2022-07-29T16:46:47.549-0700: 675379.054: [GC cleanup 3450M->3450M(14336M), 0.0082744 secs]
 [Times: user=0.06 sys=0.00, real=0.01 secs] 
2022-07-29T17:03:13.712-0700: 676365.217: [GC pause (G1 Evacuation Pause) (young), 0.0099866 secs]
   [Parallel Time: 5.4 ms, GC Workers: 8]
      [GC Worker Start (ms): Min: 676365217.1, Avg: 676365217.2, Max: 676365217.3, Diff: 0.2]
      [Ext Root Scanning (ms): Min: 1.2, Avg: 1.9, Max: 5.3, Diff: 4.1, Sum: 15.1]
      [Update RS (ms): Min: 0.0, Avg: 0.4, Max: 0.7, Diff: 0.7, Sum: 3.1]
         [Processed Buffers: Min: 0, Avg: 22.6, Max: 72, Diff: 72, Sum: 181]
      [Scan RS (ms): Min: 0.0, Avg: 0.1, Max: 0.2, Diff: 0.2, Sum: 0.7]
      [Code Root Scanning (ms): Min: 0.0, Avg: 0.0, Max: 0.0, Diff: 0.0, Sum: 0.0]
      [Object Copy (ms): Min: 0.0, Avg: 0.5, Max: 0.7, Diff: 0.7, Sum: 3.8]
      [Termination (ms): Min: 0.0, Avg: 2.4, Max: 2.7, Diff: 2.7, Sum: 19.0]
         [Termination Attempts: Min: 1, Avg: 2.2, Max: 4, Diff: 3, Sum: 18]
      [GC Worker Other (ms): Min: 0.0, Avg: 0.0, Max: 0.0, Diff: 0.0, Sum: 0.2]
      [GC Worker Total (ms): Min: 5.2, Avg: 5.2, Max: 5.3, Diff: 0.2, Sum: 42.0]
      [GC Worker End (ms): Min: 676365222.5, Avg: 676365222.5, Max: 676365222.5, Diff: 0.0]
   [Code Root Fixup: 0.0 ms]
   [Code Root Purge: 0.0 ms]
   [Clear CT: 0.6 ms]
   [Other: 4.0 ms]
      [Choose CSet: 0.0 ms]
      [Ref Proc: 2.7 ms]
      [Ref Enq: 0.4 ms]
      [Redirty Cards: 0.3 ms]
      [Humongous Register: 0.0 ms]
      [Humongous Reclaim: 0.0 ms]
      [Free CSet: 0.3 ms]
   [Eden: 7152.0M(7152.0M)->0.0B(7152.0M) Survivors: 16384.0K->16384.0K Heap: 10530.8M(14336.0M)->3378.7M(14336.0M)]
 [Times: user=0.04 sys=0.01, real=0.01 secs] 
2022-07-29T17:19:58.462-0700: 677369.966: [GC pause (G1 Evacuation Pause) (young), 0.0110884 secs]
   [Parallel Time: 5.8 ms, GC Workers: 8]
      [GC Worker Start (ms): Min: 677369966.5, Avg: 677369966.5, Max: 677369966.6, Diff: 0.1]
      [Ext Root Scanning (ms): Min: 1.2, Avg: 1.9, Max: 5.4, Diff: 4.2, Sum: 15.2]
      [Update RS (ms): Min: 0.0, Avg: 0.3, Max: 0.8, Diff: 0.8, Sum: 2.7]
         [Processed Buffers: Min: 0, Avg: 21.5, Max: 46, Diff: 46, Sum: 172]
      [Scan RS (ms): Min: 0.0, Avg: 0.1, Max: 0.1, Diff: 0.1, Sum: 0.6]
      [Code Root Scanning (ms): Min: 0.0, Avg: 0.0, Max: 0.0, Diff: 0.0, Sum: 0.0]
      [Object Copy (ms): Min: 0.0, Avg: 0.5, Max: 0.7, Diff: 0.7, Sum: 3.7]
      [Termination (ms): Min: 0.0, Avg: 2.6, Max: 2.9, Diff: 2.9, Sum: 20.5]
         [Termination Attempts: Min: 1, Avg: 3.0, Max: 5, Diff: 4, Sum: 24]
      [GC Worker Other (ms): Min: 0.0, Avg: 0.0, Max: 0.1, Diff: 0.1, Sum: 0.2]
      [GC Worker Total (ms): Min: 5.3, Avg: 5.4, Max: 5.4, Diff: 0.1, Sum: 42.9]
      [GC Worker End (ms): Min: 677369971.9, Avg: 677369971.9, Max: 677369972.0, Diff: 0.1]
   [Code Root Fixup: 0.0 ms]
   [Code Root Purge: 0.0 ms]
   [Clear CT: 0.7 ms]
   [Other: 4.6 ms]
      [Choose CSet: 0.0 ms]
      [Ref Proc: 4.0 ms]
      [Ref Enq: 0.1 ms]
      [Redirty Cards: 0.1 ms]
      [Humongous Register: 0.1 ms]
      [Humongous Reclaim: 0.0 ms]
      [Free CSet: 0.3 ms]
   [Eden: 7152.0M(7152.0M)->0.0B(7152.0M) Survivors: 16384.0K->16384.0K Heap: 10530.7M(14336.0M)->3378.8M(14336.0M)]
 [Times: user=0.05 sys=0.00, real=0.01 secs] 
2022-07-29T17:36:34.963-0700: 678366.468: [GC pause (G1 Evacuation Pause) (young) (initial-mark), 0.0140049 secs]
   [Parallel Time: 8.9 ms, GC Workers: 8]
      [GC Worker Start (ms): Min: 678366470.1, Avg: 678366470.2, Max: 678366470.2, Diff: 0.2]
      [Ext Root Scanning (ms): Min: 5.5, Avg: 5.6, Max: 5.8, Diff: 0.3, Sum: 45.2]
      [Update RS (ms): Min: 0.2, Avg: 0.3, Max: 0.5, Diff: 0.3, Sum: 2.2]
         [Processed Buffers: Min: 1, Avg: 21.6, Max: 67, Diff: 66, Sum: 173]
      [Scan RS (ms): Min: 0.0, Avg: 0.1, Max: 0.1, Diff: 0.1, Sum: 0.5]
      [Code Root Scanning (ms): Min: 0.0, Avg: 0.0, Max: 0.0, Diff: 0.0, Sum: 0.0]
      [Object Copy (ms): Min: 0.2, Avg: 0.4, Max: 0.6, Diff: 0.4, Sum: 3.4]
      [Termination (ms): Min: 0.0, Avg: 0.1, Max: 0.1, Diff: 0.1, Sum: 0.4]
         [Termination Attempts: Min: 1, Avg: 5.9, Max: 10, Diff: 9, Sum: 47]
      [GC Worker Other (ms): Min: 0.0, Avg: 0.1, Max: 0.2, Diff: 0.2, Sum: 0.5]
      [GC Worker Total (ms): Min: 6.4, Avg: 6.5, Max: 6.7, Diff: 0.3, Sum: 52.3]
      [GC Worker End (ms): Min: 678366476.6, Avg: 678366476.7, Max: 678366476.8, Diff: 0.2]
   [Code Root Fixup: 0.0 ms]
   [Code Root Purge: 0.0 ms]
   [Clear CT: 0.7 ms]
   [Other: 4.4 ms]
      [Choose CSet: 0.0 ms]
      [Ref Proc: 3.6 ms]
      [Ref Enq: 0.1 ms]
      [Redirty Cards: 0.1 ms]
      [Humongous Register: 0.0 ms]
      [Humongous Reclaim: 0.0 ms]
      [Free CSet: 0.3 ms]
   [Eden: 7152.0M(7152.0M)->0.0B(7152.0M) Survivors: 16384.0K->16384.0K Heap: 10530.8M(14336.0M)->3378.7M(14336.0M)]
 [Times: user=0.05 sys=0.00, real=0.01 secs] 
2022-07-29T17:36:34.977-0700: 678366.482: [GC concurrent-root-region-scan-start]
2022-07-29T17:36:34.982-0700: 678366.487: [GC concurrent-root-region-scan-end, 0.0047518 secs]
2022-07-29T17:36:34.982-0700: 678366.487: [GC concurrent-mark-start]
2022-07-29T17:36:37.467-0700: 678368.972: [GC concurrent-mark-end, 2.4847362 secs]
2022-07-29T17:36:37.467-0700: 678368.972: [GC remark 2022-07-29T17:36:37.467-0700: 678368.972: [Finalize Marking, 0.0004779 secs] 2022-07-29T17:36:37.468-0700: 678368.972: [GC ref-proc, 0.0101495 secs] 2022-07-29T17:36:37.478-0700: 678368.983: [Unloading, 0.0278080 secs], 0.0439858 secs]
 [Times: user=0.26 sys=0.00, real=0.04 secs] 
2022-07-29T17:36:37.511-0700: 678369.016: [GC cleanup 3450M->3450M(14336M), 0.0083306 secs]
 [Times: user=0.06 sys=0.00, real=0.01 secs] 
2022-07-29T17:53:15.412-0700: 679366.916: [GC pause (G1 Evacuation Pause) (young), 0.0082860 secs]
   [Parallel Time: 5.5 ms, GC Workers: 8]
      [GC Worker Start (ms): Min: 679366916.5, Avg: 679366916.6, Max: 679366916.7, Diff: 0.1]
      [Ext Root Scanning (ms): Min: 1.2, Avg: 1.9, Max: 5.4, Diff: 4.2, Sum: 15.1]
      [Update RS (ms): Min: 0.0, Avg: 0.4, Max: 0.8, Diff: 0.8, Sum: 2.9]
         [Processed Buffers: Min: 0, Avg: 21.5, Max: 74, Diff: 74, Sum: 172]
      [Scan RS (ms): Min: 0.0, Avg: 0.1, Max: 0.2, Diff: 0.1, Sum: 0.7]
      [Code Root Scanning (ms): Min: 0.0, Avg: 0.0, Max: 0.0, Diff: 0.0, Sum: 0.0]
      [Object Copy (ms): Min: 0.0, Avg: 0.5, Max: 0.8, Diff: 0.8, Sum: 4.2]
      [Termination (ms): Min: 0.0, Avg: 2.5, Max: 2.9, Diff: 2.9, Sum: 20.2]
         [Termination Attempts: Min: 1, Avg: 1.1, Max: 2, Diff: 1, Sum: 9]
      [GC Worker Other (ms): Min: 0.0, Avg: 0.0, Max: 0.0, Diff: 0.0, Sum: 0.1]
      [GC Worker Total (ms): Min: 5.4, Avg: 5.4, Max: 5.5, Diff: 0.1, Sum: 43.3]
      [GC Worker End (ms): Min: 679366922.0, Avg: 679366922.0, Max: 679366922.0, Diff: 0.0]
   [Code Root Fixup: 0.0 ms]
   [Code Root Purge: 0.0 ms]
   [Clear CT: 0.6 ms]
   [Other: 2.2 ms]
      [Choose CSet: 0.0 ms]
      [Ref Proc: 1.5 ms]
      [Ref Enq: 0.1 ms]
      [Redirty Cards: 0.1 ms]
      [Humongous Register: 0.0 ms]
      [Humongous Reclaim: 0.0 ms]
      [Free CSet: 0.3 ms]
   [Eden: 7152.0M(7152.0M)->0.0B(7152.0M) Survivors: 16384.0K->16384.0K Heap: 10530.7M(14336.0M)->3378.7M(14336.0M)]
 [Times: user=0.05 sys=0.00, real=0.01 secs] 
2022-07-29T18:10:04.613-0700: 680376.117: [GC pause (G1 Evacuation Pause) (young), 0.0104839 secs]
   [Parallel Time: 5.2 ms, GC Workers: 8]
      [GC Worker Start (ms): Min: 680376117.6, Avg: 680376117.6, Max: 680376117.7, Diff: 0.1]
      [Ext Root Scanning (ms): Min: 0.8, Avg: 1.5, Max: 4.8, Diff: 4.0, Sum: 12.0]
      [Update RS (ms): Min: 0.0, Avg: 0.3, Max: 0.6, Diff: 0.6, Sum: 2.1]
         [Processed Buffers: Min: 0, Avg: 20.8, Max: 72, Diff: 72, Sum: 166]
      [Scan RS (ms): Min: 0.0, Avg: 0.1, Max: 0.1, Diff: 0.1, Sum: 0.5]
      [Code Root Scanning (ms): Min: 0.0, Avg: 0.0, Max: 0.0, Diff: 0.0, Sum: 0.0]
      [Object Copy (ms): Min: 0.0, Avg: 0.3, Max: 0.5, Diff: 0.5, Sum: 2.5]
      [Termination (ms): Min: 0.0, Avg: 2.7, Max: 3.1, Diff: 3.1, Sum: 21.3]
         [Termination Attempts: Min: 1, Avg: 1.6, Max: 2, Diff: 1, Sum: 13]
      [GC Worker Other (ms): Min: 0.0, Avg: 0.0, Max: 0.0, Diff: 0.0, Sum: 0.1]
      [GC Worker Total (ms): Min: 4.8, Avg: 4.8, Max: 4.9, Diff: 0.1, Sum: 38.5]
      [GC Worker End (ms): Min: 680376122.4, Avg: 680376122.5, Max: 680376122.5, Diff: 0.0]
   [Code Root Fixup: 0.0 ms]
   [Code Root Purge: 0.0 ms]
   [Clear CT: 0.6 ms]
   [Other: 4.6 ms]
      [Choose CSet: 0.0 ms]
      [Ref Proc: 3.9 ms]
      [Ref Enq: 0.1 ms]
      [Redirty Cards: 0.1 ms]
      [Humongous Register: 0.1 ms]
      [Humongous Reclaim: 0.0 ms]
      [Free CSet: 0.3 ms]
   [Eden: 7152.0M(7152.0M)->0.0B(7152.0M) Survivors: 16384.0K->16384.0K Heap: 10530.7M(14336.0M)->3378.7M(14336.0M)]
 [Times: user=0.05 sys=0.01, real=0.02 secs] 
2022-07-29T18:26:39.862-0700: 681371.367: [GC pause (G1 Evacuation Pause) (young) (initial-mark), 0.0159127 secs]
   [Parallel Time: 10.2 ms, GC Workers: 8]
      [GC Worker Start (ms): Min: 681371368.9, Avg: 681371369.0, Max: 681371369.1, Diff: 0.2]
      [Ext Root Scanning (ms): Min: 6.3, Avg: 6.6, Max: 6.9, Diff: 0.6, Sum: 52.5]
      [Update RS (ms): Min: 0.1, Avg: 0.3, Max: 0.5, Diff: 0.4, Sum: 2.3]
         [Processed Buffers: Min: 1, Avg: 19.9, Max: 70, Diff: 69, Sum: 159]
      [Scan RS (ms): Min: 0.0, Avg: 0.1, Max: 0.1, Diff: 0.1, Sum: 0.6]
      [Code Root Scanning (ms): Min: 0.0, Avg: 0.0, Max: 0.0, Diff: 0.0, Sum: 0.0]
      [Object Copy (ms): Min: 0.2, Avg: 0.5, Max: 0.7, Diff: 0.5, Sum: 4.0]
      [Termination (ms): Min: 0.0, Avg: 0.0, Max: 0.0, Diff: 0.0, Sum: 0.1]
         [Termination Attempts: Min: 1, Avg: 1.4, Max: 2, Diff: 1, Sum: 11]
      [GC Worker Other (ms): Min: 0.0, Avg: 0.1, Max: 0.2, Diff: 0.1, Sum: 0.6]
      [GC Worker Total (ms): Min: 7.4, Avg: 7.5, Max: 7.7, Diff: 0.3, Sum: 60.0]
      [GC Worker End (ms): Min: 681371376.5, Avg: 681371376.5, Max: 681371376.6, Diff: 0.1]
   [Code Root Fixup: 0.0 ms]
   [Code Root Purge: 0.0 ms]
   [Clear CT: 0.7 ms]
   [Other: 5.0 ms]
      [Choose CSet: 0.0 ms]
      [Ref Proc: 4.2 ms]
      [Ref Enq: 0.1 ms]
      [Redirty Cards: 0.1 ms]
      [Humongous Register: 0.0 ms]
      [Humongous Reclaim: 0.0 ms]
      [Free CSet: 0.3 ms]
   [Eden: 7152.0M(7152.0M)->0.0B(7152.0M) Survivors: 16384.0K->16384.0K Heap: 10530.7M(14336.0M)->3378.7M(14336.0M)]
 [Times: user=0.07 sys=0.00, real=0.02 secs] 
2022-07-29T18:26:39.878-0700: 681371.383: [GC concurrent-root-region-scan-start]
2022-07-29T18:26:39.883-0700: 681371.387: [GC concurrent-root-region-scan-end, 0.0048872 secs]
2022-07-29T18:26:39.883-0700: 681371.388: [GC concurrent-mark-start]
2022-07-29T18:26:42.345-0700: 681373.849: [GC concurrent-mark-end, 2.4619584 secs]
2022-07-29T18:26:42.345-0700: 681373.850: [GC remark 2022-07-29T18:26:42.345-0700: 681373.850: [Finalize Marking, 0.0002344 secs] 2022-07-29T18:26:42.345-0700: 681373.850: [GC ref-proc, 0.0113040 secs] 2022-07-29T18:26:42.357-0700: 681373.861: [Unloading, 0.0276783 secs], 0.0446851 secs]
 [Times: user=0.26 sys=0.00, real=0.04 secs] 
2022-07-29T18:26:42.390-0700: 681373.895: [GC cleanup 3450M->3450M(14336M), 0.0085195 secs]
 [Times: user=0.06 sys=0.00, real=0.01 secs] 
2022-07-29T18:43:17.713-0700: 682369.217: [GC pause (G1 Evacuation Pause) (young), 0.0110034 secs]
   [Parallel Time: 5.5 ms, GC Workers: 8]
      [GC Worker Start (ms): Min: 682369217.6, Avg: 682369217.7, Max: 682369217.8, Diff: 0.1]
      [Ext Root Scanning (ms): Min: 1.3, Avg: 2.0, Max: 5.3, Diff: 4.1, Sum: 15.7]
      [Update RS (ms): Min: 0.0, Avg: 0.3, Max: 0.6, Diff: 0.6, Sum: 2.4]
         [Processed Buffers: Min: 0, Avg: 19.2, Max: 60, Diff: 60, Sum: 154]
      [Scan RS (ms): Min: 0.0, Avg: 0.1, Max: 0.2, Diff: 0.1, Sum: 0.5]
      [Code Root Scanning (ms): Min: 0.0, Avg: 0.0, Max: 0.0, Diff: 0.0, Sum: 0.0]
      [Object Copy (ms): Min: 0.0, Avg: 0.5, Max: 0.7, Diff: 0.7, Sum: 3.9]
      [Termination (ms): Min: 0.0, Avg: 2.5, Max: 2.9, Diff: 2.9, Sum: 20.0]
         [Termination Attempts: Min: 1, Avg: 5.2, Max: 10, Diff: 9, Sum: 42]
      [GC Worker Other (ms): Min: 0.0, Avg: 0.0, Max: 0.0, Diff: 0.0, Sum: 0.1]
      [GC Worker Total (ms): Min: 5.3, Avg: 5.3, Max: 5.4, Diff: 0.1, Sum: 42.6]
      [GC Worker End (ms): Min: 682369223.0, Avg: 682369223.0, Max: 682369223.0, Diff: 0.0]
   [Code Root Fixup: 0.0 ms]
   [Code Root Purge: 0.0 ms]
   [Clear CT: 0.6 ms]
   [Other: 4.9 ms]
      [Choose CSet: 0.0 ms]
      [Ref Proc: 4.2 ms]
      [Ref Enq: 0.1 ms]
      [Redirty Cards: 0.1 ms]
      [Humongous Register: 0.1 ms]
      [Humongous Reclaim: 0.0 ms]
      [Free CSet: 0.3 ms]
   [Eden: 7152.0M(7152.0M)->0.0B(7152.0M) Survivors: 16384.0K->16384.0K Heap: 10530.7M(14336.0M)->3378.7M(14336.0M)]
 [Times: user=0.06 sys=0.00, real=0.02 secs] 
2022-07-29T19:00:02.813-0700: 683374.318: [GC pause (G1 Evacuation Pause) (young), 0.0104130 secs]
   [Parallel Time: 5.6 ms, GC Workers: 8]
      [GC Worker Start (ms): Min: 683374317.8, Avg: 683374317.9, Max: 683374318.0, Diff: 0.2]
      [Ext Root Scanning (ms): Min: 1.2, Avg: 1.8, Max: 5.2, Diff: 4.0, Sum: 14.6]
      [Update RS (ms): Min: 0.0, Avg: 0.3, Max: 0.6, Diff: 0.6, Sum: 2.3]
         [Processed Buffers: Min: 0, Avg: 20.2, Max: 72, Diff: 72, Sum: 162]
      [Scan RS (ms): Min: 0.0, Avg: 0.1, Max: 0.1, Diff: 0.1, Sum: 0.5]
      [Code Root Scanning (ms): Min: 0.0, Avg: 0.0, Max: 0.0, Diff: 0.0, Sum: 0.0]
      [Object Copy (ms): Min: 0.0, Avg: 0.4, Max: 0.6, Diff: 0.6, Sum: 3.3]
      [Termination (ms): Min: 0.0, Avg: 2.6, Max: 2.9, Diff: 2.9, Sum: 20.4]
         [Termination Attempts: Min: 1, Avg: 1.4, Max: 2, Diff: 1, Sum: 11]
      [GC Worker Other (ms): Min: 0.0, Avg: 0.0, Max: 0.1, Diff: 0.0, Sum: 0.2]
      [GC Worker Total (ms): Min: 5.1, Avg: 5.2, Max: 5.3, Diff: 0.2, Sum: 41.4]
      [GC Worker End (ms): Min: 683374323.0, Avg: 683374323.1, Max: 683374323.1, Diff: 0.0]
   [Code Root Fixup: 0.0 ms]
   [Code Root Purge: 0.0 ms]
   [Clear CT: 0.6 ms]
   [Other: 4.2 ms]
      [Choose CSet: 0.0 ms]
      [Ref Proc: 3.5 ms]
      [Ref Enq: 0.1 ms]
      [Redirty Cards: 0.1 ms]
      [Humongous Register: 0.1 ms]
      [Humongous Reclaim: 0.0 ms]
      [Free CSet: 0.3 ms]
   [Eden: 7152.0M(7152.0M)->0.0B(7152.0M) Survivors: 16384.0K->16384.0K Heap: 10530.7M(14336.0M)->3378.7M(14336.0M)]
 [Times: user=0.05 sys=0.00, real=0.02 secs] 
2022-07-29T19:16:43.813-0700: 684375.318: [GC pause (G1 Evacuation Pause) (young) (initial-mark), 0.0154984 secs]
   [Parallel Time: 9.6 ms, GC Workers: 8]
      [GC Worker Start (ms): Min: 684375320.4, Avg: 684375320.5, Max: 684375320.6, Diff: 0.2]
      [Ext Root Scanning (ms): Min: 6.2, Avg: 6.5, Max: 6.8, Diff: 0.6, Sum: 51.8]
      [Update RS (ms): Min: 0.2, Avg: 0.3, Max: 0.4, Diff: 0.2, Sum: 2.4]
         [Processed Buffers: Min: 1, Avg: 21.4, Max: 64, Diff: 63, Sum: 171]
      [Scan RS (ms): Min: 0.0, Avg: 0.1, Max: 0.1, Diff: 0.1, Sum: 0.4]
      [Code Root Scanning (ms): Min: 0.0, Avg: 0.0, Max: 0.0, Diff: 0.0, Sum: 0.0]
      [Object Copy (ms): Min: 0.1, Avg: 0.5, Max: 0.7, Diff: 0.6, Sum: 3.9]
      [Termination (ms): Min: 0.0, Avg: 0.0, Max: 0.0, Diff: 0.0, Sum: 0.0]
         [Termination Attempts: Min: 1, Avg: 1.6, Max: 2, Diff: 1, Sum: 13]
      [GC Worker Other (ms): Min: 0.0, Avg: 0.0, Max: 0.1, Diff: 0.1, Sum: 0.4]
      [GC Worker Total (ms): Min: 7.3, Avg: 7.4, Max: 7.5, Diff: 0.2, Sum: 58.9]
      [GC Worker End (ms): Min: 684375327.8, Avg: 684375327.8, Max: 684375327.9, Diff: 0.1]
   [Code Root Fixup: 0.0 ms]
   [Code Root Purge: 0.0 ms]
   [Clear CT: 0.7 ms]
   [Other: 5.2 ms]
      [Choose CSet: 0.0 ms]
      [Ref Proc: 4.4 ms]
      [Ref Enq: 0.1 ms]
      [Redirty Cards: 0.1 ms]
      [Humongous Register: 0.0 ms]
      [Humongous Reclaim: 0.0 ms]
      [Free CSet: 0.3 ms]
   [Eden: 7152.0M(7152.0M)->0.0B(7152.0M) Survivors: 16384.0K->16384.0K Heap: 10530.7M(14336.0M)->3378.6M(14336.0M)]
 [Times: user=0.05 sys=0.01, real=0.02 secs] 
2022-07-29T19:16:43.829-0700: 684375.334: [GC concurrent-root-region-scan-start]
2022-07-29T19:16:43.834-0700: 684375.338: [GC concurrent-root-region-scan-end, 0.0045326 secs]
2022-07-29T19:16:43.834-0700: 684375.338: [GC concurrent-mark-start]
2022-07-29T19:16:46.331-0700: 684377.836: [GC concurrent-mark-end, 2.4977935 secs]
2022-07-29T19:16:46.332-0700: 684377.836: [GC remark 2022-07-29T19:16:46.332-0700: 684377.836: [Finalize Marking, 0.0002603 secs] 2022-07-29T19:16:46.332-0700: 684377.837: [GC ref-proc, 0.0059328 secs] 2022-07-29T19:16:46.338-0700: 684377.843: [Unloading, 0.0277154 secs], 0.0392915 secs]
 [Times: user=0.26 sys=0.00, real=0.04 secs] 
2022-07-29T19:16:46.371-0700: 684377.876: [GC cleanup 3418M->3418M(14336M), 0.0077453 secs]
 [Times: user=0.06 sys=0.00, real=0.01 secs] 
2022-07-29T19:33:18.063-0700: 685369.567: [GC pause (G1 Evacuation Pause) (young), 0.0108811 secs]
   [Parallel Time: 5.7 ms, GC Workers: 8]
      [GC Worker Start (ms): Min: 685369567.6, Avg: 685369567.7, Max: 685369567.8, Diff: 0.2]
      [Ext Root Scanning (ms): Min: 1.1, Avg: 1.9, Max: 5.3, Diff: 4.2, Sum: 15.4]
      [Update RS (ms): Min: 0.0, Avg: 0.3, Max: 0.6, Diff: 0.6, Sum: 2.6]
         [Processed Buffers: Min: 0, Avg: 21.9, Max: 79, Diff: 79, Sum: 175]
      [Scan RS (ms): Min: 0.0, Avg: 0.1, Max: 0.1, Diff: 0.1, Sum: 0.6]
      [Code Root Scanning (ms): Min: 0.0, Avg: 0.0, Max: 0.0, Diff: 0.0, Sum: 0.0]
      [Object Copy (ms): Min: 0.0, Avg: 0.5, Max: 0.7, Diff: 0.7, Sum: 3.8]
      [Termination (ms): Min: 0.0, Avg: 2.5, Max: 2.9, Diff: 2.9, Sum: 20.1]
         [Termination Attempts: Min: 1, Avg: 5.0, Max: 6, Diff: 5, Sum: 40]
      [GC Worker Other (ms): Min: 0.0, Avg: 0.0, Max: 0.0, Diff: 0.0, Sum: 0.2]
      [GC Worker Total (ms): Min: 5.2, Avg: 5.3, Max: 5.4, Diff: 0.2, Sum: 42.5]
      [GC Worker End (ms): Min: 685369573.0, Avg: 685369573.1, Max: 685369573.1, Diff: 0.0]
   [Code Root Fixup: 0.0 ms]
   [Code Root Purge: 0.0 ms]
   [Clear CT: 0.6 ms]
   [Other: 4.6 ms]
      [Choose CSet: 0.0 ms]
      [Ref Proc: 3.8 ms]
      [Ref Enq: 0.1 ms]
      [Redirty Cards: 0.1 ms]
      [Humongous Register: 0.1 ms]
      [Humongous Reclaim: 0.0 ms]
      [Free CSet: 0.4 ms]
   [Eden: 7152.0M(7152.0M)->0.0B(7152.0M) Survivors: 16384.0K->16384.0K Heap: 10530.6M(14336.0M)->3378.7M(14336.0M)]
 [Times: user=0.04 sys=0.00, real=0.00 secs] 
2022-07-29T19:49:58.262-0700: 686369.767: [GC pause (G1 Evacuation Pause) (young), 0.0115167 secs]
   [Parallel Time: 5.9 ms, GC Workers: 8]
      [GC Worker Start (ms): Min: 686369767.2, Avg: 686369767.3, Max: 686369767.3, Diff: 0.2]
      [Ext Root Scanning (ms): Min: 1.1, Avg: 1.9, Max: 5.8, Diff: 4.7, Sum: 15.1]
      [Update RS (ms): Min: 0.0, Avg: 0.3, Max: 0.6, Diff: 0.6, Sum: 2.8]
         [Processed Buffers: Min: 0, Avg: 21.4, Max: 68, Diff: 68, Sum: 171]
      [Scan RS (ms): Min: 0.0, Avg: 0.1, Max: 0.2, Diff: 0.1, Sum: 0.6]
      [Code Root Scanning (ms): Min: 0.0, Avg: 0.0, Max: 0.0, Diff: 0.0, Sum: 0.0]
      [Object Copy (ms): Min: 0.0, Avg: 0.5, Max: 0.7, Diff: 0.7, Sum: 3.6]
      [Termination (ms): Min: 0.0, Avg: 3.0, Max: 3.4, Diff: 3.4, Sum: 23.7]
         [Termination Attempts: Min: 1, Avg: 3.0, Max: 5, Diff: 4, Sum: 24]
      [GC Worker Other (ms): Min: 0.0, Avg: 0.0, Max: 0.0, Diff: 0.0, Sum: 0.2]
      [GC Worker Total (ms): Min: 5.7, Avg: 5.8, Max: 5.8, Diff: 0.2, Sum: 46.1]
      [GC Worker End (ms): Min: 686369773.0, Avg: 686369773.0, Max: 686369773.0, Diff: 0.0]
   [Code Root Fixup: 0.0 ms]
   [Code Root Purge: 0.0 ms]
   [Clear CT: 0.6 ms]
   [Other: 5.0 ms]
      [Choose CSet: 0.0 ms]
      [Ref Proc: 4.2 ms]
      [Ref Enq: 0.1 ms]
      [Redirty Cards: 0.1 ms]
      [Humongous Register: 0.1 ms]
      [Humongous Reclaim: 0.0 ms]
      [Free CSet: 0.3 ms]
   [Eden: 7152.0M(7152.0M)->0.0B(7152.0M) Survivors: 16384.0K->16384.0K Heap: 10530.7M(14336.0M)->3378.8M(14336.0M)]
 [Times: user=0.05 sys=0.02, real=0.01 secs] 
2022-07-29T20:06:43.362-0700: 687374.867: [GC pause (G1 Evacuation Pause) (young) (initial-mark), 0.0147802 secs]
   [Parallel Time: 9.1 ms, GC Workers: 8]
      [GC Worker Start (ms): Min: 687374868.4, Avg: 687374868.4, Max: 687374868.5, Diff: 0.1]
      [Ext Root Scanning (ms): Min: 5.9, Avg: 6.1, Max: 6.5, Diff: 0.6, Sum: 49.2]
      [Update RS (ms): Min: 0.2, Avg: 0.3, Max: 0.5, Diff: 0.3, Sum: 2.5]
         [Processed Buffers: Min: 1, Avg: 22.1, Max: 57, Diff: 56, Sum: 177]
      [Scan RS (ms): Min: 0.0, Avg: 0.1, Max: 0.1, Diff: 0.1, Sum: 0.6]
      [Code Root Scanning (ms): Min: 0.0, Avg: 0.0, Max: 0.0, Diff: 0.0, Sum: 0.0]
      [Object Copy (ms): Min: 0.1, Avg: 0.6, Max: 0.8, Diff: 0.7, Sum: 4.5]
      [Termination (ms): Min: 0.0, Avg: 0.0, Max: 0.0, Diff: 0.0, Sum: 0.2]
         [Termination Attempts: Min: 1, Avg: 1.0, Max: 1, Diff: 0, Sum: 8]
      [GC Worker Other (ms): Min: 0.0, Avg: 0.0, Max: 0.1, Diff: 0.1, Sum: 0.3]
      [GC Worker Total (ms): Min: 7.1, Avg: 7.1, Max: 7.2, Diff: 0.1, Sum: 57.2]
      [GC Worker End (ms): Min: 687374875.5, Avg: 687374875.6, Max: 687374875.6, Diff: 0.1]
   [Code Root Fixup: 0.0 ms]
   [Code Root Purge: 0.0 ms]
   [Clear CT: 0.6 ms]
   [Other: 5.0 ms]
      [Choose CSet: 0.0 ms]
      [Ref Proc: 4.3 ms]
      [Ref Enq: 0.1 ms]
      [Redirty Cards: 0.1 ms]
      [Humongous Register: 0.0 ms]
      [Humongous Reclaim: 0.0 ms]
      [Free CSet: 0.3 ms]
   [Eden: 7152.0M(7152.0M)->0.0B(7152.0M) Survivors: 16384.0K->16384.0K Heap: 10530.8M(14336.0M)->3378.8M(14336.0M)]
 [Times: user=0.06 sys=0.00, real=0.02 secs] 
2022-07-29T20:06:43.377-0700: 687374.881: [GC concurrent-root-region-scan-start]
2022-07-29T20:06:43.382-0700: 687374.886: [GC concurrent-root-region-scan-end, 0.0048726 secs]
2022-07-29T20:06:43.382-0700: 687374.886: [GC concurrent-mark-start]
2022-07-29T20:06:45.866-0700: 687377.370: [GC concurrent-mark-end, 2.4840259 secs]
2022-07-29T20:06:45.866-0700: 687377.371: [GC remark 2022-07-29T20:06:45.866-0700: 687377.371: [Finalize Marking, 0.0052273 secs] 2022-07-29T20:06:45.871-0700: 687377.376: [GC ref-proc, 0.0088809 secs] 2022-07-29T20:06:45.880-0700: 687377.385: [Unloading, 0.0275496 secs], 0.0472286 secs]
 [Times: user=0.26 sys=0.00, real=0.04 secs] 
2022-07-29T20:06:45.914-0700: 687377.418: [GC cleanup 3442M->3442M(14336M), 0.0083872 secs]
 [Times: user=0.06 sys=0.00, real=0.01 secs] 
2022-07-29T20:23:20.712-0700: 688372.217: [GC pause (G1 Evacuation Pause) (young), 0.0089032 secs]
   [Parallel Time: 5.6 ms, GC Workers: 8]
      [GC Worker Start (ms): Min: 688372217.0, Avg: 688372217.1, Max: 688372217.1, Diff: 0.2]
      [Ext Root Scanning (ms): Min: 1.2, Avg: 1.9, Max: 5.4, Diff: 4.2, Sum: 15.0]
      [Update RS (ms): Min: 0.0, Avg: 0.4, Max: 0.8, Diff: 0.8, Sum: 3.0]
         [Processed Buffers: Min: 0, Avg: 19.6, Max: 68, Diff: 68, Sum: 157]
      [Scan RS (ms): Min: 0.0, Avg: 0.1, Max: 0.2, Diff: 0.1, Sum: 0.8]
      [Code Root Scanning (ms): Min: 0.0, Avg: 0.0, Max: 0.0, Diff: 0.0, Sum: 0.0]
      [Object Copy (ms): Min: 0.0, Avg: 0.5, Max: 0.7, Diff: 0.7, Sum: 4.1]
      [Termination (ms): Min: 0.0, Avg: 2.4, Max: 2.8, Diff: 2.8, Sum: 19.5]
         [Termination Attempts: Min: 1, Avg: 4.2, Max: 7, Diff: 6, Sum: 34]
      [GC Worker Other (ms): Min: 0.0, Avg: 0.0, Max: 0.1, Diff: 0.1, Sum: 0.3]
      [GC Worker Total (ms): Min: 5.3, Avg: 5.3, Max: 5.4, Diff: 0.2, Sum: 42.7]
      [GC Worker End (ms): Min: 688372222.4, Avg: 688372222.4, Max: 688372222.4, Diff: 0.1]
   [Code Root Fixup: 0.0 ms]
   [Code Root Purge: 0.0 ms]
   [Clear CT: 0.6 ms]
   [Other: 2.7 ms]
      [Choose CSet: 0.0 ms]
      [Ref Proc: 2.0 ms]
      [Ref Enq: 0.1 ms]
      [Redirty Cards: 0.1 ms]
      [Humongous Register: 0.0 ms]
      [Humongous Reclaim: 0.0 ms]
      [Free CSet: 0.3 ms]
   [Eden: 7152.0M(7152.0M)->0.0B(7152.0M) Survivors: 16384.0K->16384.0K Heap: 10530.8M(14336.0M)->3378.9M(14336.0M)]
 [Times: user=0.05 sys=0.00, real=0.01 secs] 
2022-07-29T20:39:53.162-0700: 689364.667: [GC pause (G1 Evacuation Pause) (young), 0.0111816 secs]
   [Parallel Time: 5.7 ms, GC Workers: 8]
      [GC Worker Start (ms): Min: 689364666.8, Avg: 689364666.9, Max: 689364666.9, Diff: 0.2]
      [Ext Root Scanning (ms): Min: 1.4, Avg: 2.1, Max: 5.5, Diff: 4.1, Sum: 16.8]
      [Update RS (ms): Min: 0.0, Avg: 0.4, Max: 0.7, Diff: 0.7, Sum: 2.9]
         [Processed Buffers: Min: 0, Avg: 21.9, Max: 88, Diff: 88, Sum: 175]
      [Scan RS (ms): Min: 0.0, Avg: 0.1, Max: 0.2, Diff: 0.1, Sum: 0.7]
      [Code Root Scanning (ms): Min: 0.0, Avg: 0.0, Max: 0.0, Diff: 0.0, Sum: 0.0]
      [Object Copy (ms): Min: 0.0, Avg: 0.5, Max: 0.8, Diff: 0.8, Sum: 4.1]
      [Termination (ms): Min: 0.0, Avg: 2.4, Max: 2.8, Diff: 2.8, Sum: 19.4]
         [Termination Attempts: Min: 1, Avg: 4.4, Max: 7, Diff: 6, Sum: 35]
      [GC Worker Other (ms): Min: 0.0, Avg: 0.0, Max: 0.0, Diff: 0.0, Sum: 0.1]
      [GC Worker Total (ms): Min: 5.4, Avg: 5.5, Max: 5.6, Diff: 0.1, Sum: 44.1]
      [GC Worker End (ms): Min: 689364672.3, Avg: 689364672.4, Max: 689364672.4, Diff: 0.0]
   [Code Root Fixup: 0.0 ms]
   [Code Root Purge: 0.0 ms]
   [Clear CT: 0.6 ms]
   [Other: 4.8 ms]
      [Choose CSet: 0.0 ms]
      [Ref Proc: 4.1 ms]
      [Ref Enq: 0.1 ms]
      [Redirty Cards: 0.1 ms]
      [Humongous Register: 0.0 ms]
      [Humongous Reclaim: 0.0 ms]
      [Free CSet: 0.3 ms]
   [Eden: 7152.0M(7152.0M)->0.0B(7152.0M) Survivors: 16384.0K->16384.0K Heap: 10530.9M(14336.0M)->3378.8M(14336.0M)]
 [Times: user=0.06 sys=0.00, real=0.01 secs] 
2022-07-29T20:56:34.812-0700: 690366.317: [GC pause (G1 Evacuation Pause) (young) (initial-mark), 0.0124757 secs]
   [Parallel Time: 9.1 ms, GC Workers: 8]
      [GC Worker Start (ms): Min: 690366319.4, Avg: 690366319.5, Max: 690366319.6, Diff: 0.1]
      [Ext Root Scanning (ms): Min: 5.8, Avg: 6.0, Max: 6.2, Diff: 0.4, Sum: 47.8]
      [Update RS (ms): Min: 0.1, Avg: 0.3, Max: 0.4, Diff: 0.3, Sum: 2.0]
         [Processed Buffers: Min: 1, Avg: 21.2, Max: 56, Diff: 55, Sum: 170]
      [Scan RS (ms): Min: 0.0, Avg: 0.1, Max: 0.1, Diff: 0.1, Sum: 0.4]
      [Code Root Scanning (ms): Min: 0.0, Avg: 0.0, Max: 0.0, Diff: 0.0, Sum: 0.0]
      [Object Copy (ms): Min: 0.1, Avg: 0.5, Max: 0.7, Diff: 0.6, Sum: 3.9]
      [Termination (ms): Min: 0.0, Avg: 0.1, Max: 0.1, Diff: 0.1, Sum: 0.4]
         [Termination Attempts: Min: 1, Avg: 2.6, Max: 4, Diff: 3, Sum: 21]
      [GC Worker Other (ms): Min: 0.0, Avg: 0.0, Max: 0.1, Diff: 0.0, Sum: 0.2]
      [GC Worker Total (ms): Min: 6.8, Avg: 6.8, Max: 7.0, Diff: 0.2, Sum: 54.8]
      [GC Worker End (ms): Min: 690366326.4, Avg: 690366326.4, Max: 690366326.4, Diff: 0.1]
   [Code Root Fixup: 0.0 ms]
   [Code Root Purge: 0.0 ms]
   [Clear CT: 0.6 ms]
   [Other: 2.7 ms]
      [Choose CSet: 0.0 ms]
      [Ref Proc: 2.1 ms]
      [Ref Enq: 0.1 ms]
      [Redirty Cards: 0.1 ms]
      [Humongous Register: 0.0 ms]
      [Humongous Reclaim: 0.0 ms]
      [Free CSet: 0.3 ms]
   [Eden: 7152.0M(7152.0M)->0.0B(7152.0M) Survivors: 16384.0K->16384.0K Heap: 10530.8M(14336.0M)->3378.8M(14336.0M)]
 [Times: user=0.05 sys=0.01, real=0.02 secs] 
2022-07-29T20:56:34.825-0700: 690366.330: [GC concurrent-root-region-scan-start]
2022-07-29T20:56:34.830-0700: 690366.335: [GC concurrent-root-region-scan-end, 0.0047040 secs]
2022-07-29T20:56:34.830-0700: 690366.335: [GC concurrent-mark-start]
2022-07-29T20:56:37.284-0700: 690368.789: [GC concurrent-mark-end, 2.4546485 secs]
2022-07-29T20:56:37.285-0700: 690368.790: [GC remark 2022-07-29T20:56:37.285-0700: 690368.790: [Finalize Marking, 0.0004181 secs] 2022-07-29T20:56:37.285-0700: 690368.790: [GC ref-proc, 0.0121702 secs] 2022-07-29T20:56:37.298-0700: 690368.802: [Unloading, 0.0277827 secs], 0.0458324 secs]
 [Times: user=0.26 sys=0.00, real=0.04 secs] 
2022-07-29T20:56:37.331-0700: 690368.836: [GC cleanup 3450M->3450M(14336M), 0.0083673 secs]
 [Times: user=0.06 sys=0.00, real=0.01 secs] 
2022-07-29T21:12:58.213-0700: 691349.718: [GC pause (G1 Evacuation Pause) (young), 0.0115234 secs]
   [Parallel Time: 5.9 ms, GC Workers: 8]
      [GC Worker Start (ms): Min: 691349718.2, Avg: 691349718.3, Max: 691349718.3, Diff: 0.2]
      [Ext Root Scanning (ms): Min: 1.2, Avg: 1.9, Max: 5.7, Diff: 4.6, Sum: 15.6]
      [Update RS (ms): Min: 0.0, Avg: 0.4, Max: 0.8, Diff: 0.8, Sum: 2.9]
         [Processed Buffers: Min: 0, Avg: 22.8, Max: 80, Diff: 80, Sum: 182]
      [Scan RS (ms): Min: 0.0, Avg: 0.1, Max: 0.2, Diff: 0.1, Sum: 0.6]
      [Code Root Scanning (ms): Min: 0.0, Avg: 0.0, Max: 0.0, Diff: 0.0, Sum: 0.0]
      [Object Copy (ms): Min: 0.0, Avg: 0.5, Max: 0.8, Diff: 0.8, Sum: 4.3]
      [Termination (ms): Min: 0.0, Avg: 2.8, Max: 3.2, Diff: 3.2, Sum: 22.0]
         [Termination Attempts: Min: 1, Avg: 5.5, Max: 8, Diff: 7, Sum: 44]
      [GC Worker Other (ms): Min: 0.0, Avg: 0.0, Max: 0.0, Diff: 0.0, Sum: 0.2]
      [GC Worker Total (ms): Min: 5.6, Avg: 5.7, Max: 5.8, Diff: 0.1, Sum: 45.7]
      [GC Worker End (ms): Min: 691349724.0, Avg: 691349724.0, Max: 691349724.0, Diff: 0.0]
   [Code Root Fixup: 0.0 ms]
   [Code Root Purge: 0.0 ms]
   [Clear CT: 0.6 ms]
   [Other: 5.0 ms]
      [Choose CSet: 0.0 ms]
      [Ref Proc: 4.2 ms]
      [Ref Enq: 0.2 ms]
      [Redirty Cards: 0.1 ms]
      [Humongous Register: 0.1 ms]
      [Humongous Reclaim: 0.0 ms]
      [Free CSet: 0.3 ms]
   [Eden: 7152.0M(7152.0M)->0.0B(7152.0M) Survivors: 16384.0K->16384.0K Heap: 10530.8M(14336.0M)->3378.7M(14336.0M)]
 [Times: user=0.06 sys=0.00, real=0.02 secs] 
2022-07-29T21:29:40.212-0700: 692351.717: [GC pause (G1 Evacuation Pause) (young), 0.0107883 secs]
   [Parallel Time: 4.9 ms, GC Workers: 8]
      [GC Worker Start (ms): Min: 692351717.0, Avg: 692351717.1, Max: 692351717.1, Diff: 0.1]
      [Ext Root Scanning (ms): Min: 0.9, Avg: 1.5, Max: 4.6, Diff: 3.7, Sum: 12.1]
      [Update RS (ms): Min: 0.0, Avg: 0.2, Max: 0.5, Diff: 0.5, Sum: 2.0]
         [Processed Buffers: Min: 0, Avg: 20.6, Max: 96, Diff: 96, Sum: 165]
      [Scan RS (ms): Min: 0.0, Avg: 0.1, Max: 0.1, Diff: 0.1, Sum: 0.5]
      [Code Root Scanning (ms): Min: 0.0, Avg: 0.0, Max: 0.0, Diff: 0.0, Sum: 0.0]
      [Object Copy (ms): Min: 0.0, Avg: 0.3, Max: 0.5, Diff: 0.5, Sum: 2.6]
      [Termination (ms): Min: 0.0, Avg: 2.4, Max: 2.8, Diff: 2.8, Sum: 19.5]
         [Termination Attempts: Min: 1, Avg: 4.5, Max: 8, Diff: 7, Sum: 36]
      [GC Worker Other (ms): Min: 0.0, Avg: 0.0, Max: 0.0, Diff: 0.0, Sum: 0.1]
      [GC Worker Total (ms): Min: 4.6, Avg: 4.6, Max: 4.7, Diff: 0.1, Sum: 36.8]
      [GC Worker End (ms): Min: 692351721.7, Avg: 692351721.7, Max: 692351721.7, Diff: 0.0]
   [Code Root Fixup: 0.0 ms]
   [Code Root Purge: 0.0 ms]
   [Clear CT: 0.6 ms]
   [Other: 5.3 ms]
      [Choose CSet: 0.0 ms]
      [Ref Proc: 4.5 ms]
      [Ref Enq: 0.2 ms]
      [Redirty Cards: 0.1 ms]
      [Humongous Register: 0.1 ms]
      [Humongous Reclaim: 0.0 ms]
      [Free CSet: 0.3 ms]
   [Eden: 7152.0M(7152.0M)->0.0B(7152.0M) Survivors: 16384.0K->16384.0K Heap: 10530.7M(14336.0M)->3378.8M(14336.0M)]
 [Times: user=0.05 sys=0.01, real=0.02 secs] 
2022-07-29T21:46:28.061-0700: 693359.566: [GC pause (G1 Evacuation Pause) (young) (initial-mark), 0.0163408 secs]
   [Parallel Time: 10.7 ms, GC Workers: 8]
      [GC Worker Start (ms): Min: 693359568.3, Avg: 693359568.3, Max: 693359568.4, Diff: 0.2]
      [Ext Root Scanning (ms): Min: 7.0, Avg: 7.2, Max: 7.5, Diff: 0.5, Sum: 57.5]
      [Update RS (ms): Min: 0.2, Avg: 0.2, Max: 0.4, Diff: 0.2, Sum: 2.0]
         [Processed Buffers: Min: 1, Avg: 20.8, Max: 62, Diff: 61, Sum: 166]
      [Scan RS (ms): Min: 0.0, Avg: 0.1, Max: 0.1, Diff: 0.1, Sum: 0.4]
      [Code Root Scanning (ms): Min: 0.0, Avg: 0.0, Max: 0.0, Diff: 0.0, Sum: 0.0]
      [Object Copy (ms): Min: 0.2, Avg: 0.5, Max: 0.8, Diff: 0.6, Sum: 4.1]
      [Termination (ms): Min: 0.0, Avg: 0.0, Max: 0.0, Diff: 0.0, Sum: 0.2]
         [Termination Attempts: Min: 1, Avg: 5.8, Max: 8, Diff: 7, Sum: 46]
      [GC Worker Other (ms): Min: 0.0, Avg: 0.0, Max: 0.1, Diff: 0.1, Sum: 0.3]
      [GC Worker Total (ms): Min: 8.0, Avg: 8.1, Max: 8.2, Diff: 0.2, Sum: 64.5]
      [GC Worker End (ms): Min: 693359576.4, Avg: 693359576.4, Max: 693359576.5, Diff: 0.1]
   [Code Root Fixup: 0.0 ms]
   [Code Root Purge: 0.0 ms]
   [Clear CT: 0.7 ms]
   [Other: 4.9 ms]
      [Choose CSet: 0.0 ms]
      [Ref Proc: 4.2 ms]
      [Ref Enq: 0.1 ms]
      [Redirty Cards: 0.1 ms]
      [Humongous Register: 0.0 ms]
      [Humongous Reclaim: 0.0 ms]
      [Free CSet: 0.3 ms]
   [Eden: 7152.0M(7152.0M)->0.0B(7152.0M) Survivors: 16384.0K->16384.0K Heap: 10530.8M(14336.0M)->3378.7M(14336.0M)]
 [Times: user=0.05 sys=0.01, real=0.02 secs] 
2022-07-29T21:46:28.078-0700: 693359.582: [GC concurrent-root-region-scan-start]
2022-07-29T21:46:28.083-0700: 693359.588: [GC concurrent-root-region-scan-end, 0.0051859 secs]
2022-07-29T21:46:28.083-0700: 693359.588: [GC concurrent-mark-start]
2022-07-29T21:46:30.620-0700: 693362.124: [GC concurrent-mark-end, 2.5367532 secs]
2022-07-29T21:46:30.620-0700: 693362.125: [GC remark 2022-07-29T21:46:30.620-0700: 693362.125: [Finalize Marking, 0.0005934 secs] 2022-07-29T21:46:30.621-0700: 693362.125: [GC ref-proc, 0.0098982 secs] 2022-07-29T21:46:30.631-0700: 693362.135: [Unloading, 0.0275767 secs], 0.0436817 secs]
 [Times: user=0.26 sys=0.00, real=0.05 secs] 
2022-07-29T21:46:30.664-0700: 693362.169: [GC cleanup 3450M->3450M(14336M), 0.0081296 secs]
 [Times: user=0.05 sys=0.00, real=0.00 secs] 
2022-07-29T22:03:17.127-0700: 694368.632: [GC pause (G1 Evacuation Pause) (young), 0.0111850 secs]
   [Parallel Time: 5.8 ms, GC Workers: 8]
      [GC Worker Start (ms): Min: 694368632.2, Avg: 694368632.3, Max: 694368632.3, Diff: 0.2]
      [Ext Root Scanning (ms): Min: 1.0, Avg: 1.8, Max: 5.5, Diff: 4.4, Sum: 14.2]
      [Update RS (ms): Min: 0.0, Avg: 0.3, Max: 0.6, Diff: 0.6, Sum: 2.4]
         [Processed Buffers: Min: 0, Avg: 20.4, Max: 65, Diff: 65, Sum: 163]
      [Scan RS (ms): Min: 0.0, Avg: 0.1, Max: 0.1, Diff: 0.1, Sum: 0.5]
      [Code Root Scanning (ms): Min: 0.0, Avg: 0.0, Max: 0.0, Diff: 0.0, Sum: 0.0]
      [Object Copy (ms): Min: 0.0, Avg: 0.4, Max: 0.6, Diff: 0.6, Sum: 3.2]
      [Termination (ms): Min: 0.0, Avg: 2.9, Max: 3.3, Diff: 3.3, Sum: 23.0]
         [Termination Attempts: Min: 1, Avg: 4.4, Max: 8, Diff: 7, Sum: 35]
      [GC Worker Other (ms): Min: 0.0, Avg: 0.0, Max: 0.0, Diff: 0.0, Sum: 0.1]
      [GC Worker Total (ms): Min: 5.4, Avg: 5.4, Max: 5.5, Diff: 0.2, Sum: 43.6]
      [GC Worker End (ms): Min: 694368637.7, Avg: 694368637.7, Max: 694368637.8, Diff: 0.0]
   [Code Root Fixup: 0.0 ms]
   [Code Root Purge: 0.0 ms]
   [Clear CT: 0.6 ms]
   [Other: 4.8 ms]
      [Choose CSet: 0.0 ms]
      [Ref Proc: 4.0 ms]
      [Ref Enq: 0.1 ms]
      [Redirty Cards: 0.1 ms]
      [Humongous Register: 0.1 ms]
      [Humongous Reclaim: 0.0 ms]
      [Free CSet: 0.3 ms]
   [Eden: 7152.0M(7152.0M)->0.0B(7152.0M) Survivors: 16384.0K->16384.0K Heap: 10530.7M(14336.0M)->3378.8M(14336.0M)]
 [Times: user=0.05 sys=0.01, real=0.01 secs] 
2022-07-29T22:19:53.962-0700: 695365.467: [GC pause (G1 Evacuation Pause) (young), 0.0119013 secs]
   [Parallel Time: 5.9 ms, GC Workers: 8]
      [GC Worker Start (ms): Min: 695365466.8, Avg: 695365466.9, Max: 695365467.0, Diff: 0.1]
      [Ext Root Scanning (ms): Min: 1.1, Avg: 1.9, Max: 5.7, Diff: 4.6, Sum: 14.8]
      [Update RS (ms): Min: 0.0, Avg: 0.3, Max: 0.6, Diff: 0.6, Sum: 2.5]
         [Processed Buffers: Min: 0, Avg: 21.2, Max: 56, Diff: 56, Sum: 170]
      [Scan RS (ms): Min: 0.0, Avg: 0.1, Max: 0.2, Diff: 0.1, Sum: 0.6]
      [Code Root Scanning (ms): Min: 0.0, Avg: 0.0, Max: 0.0, Diff: 0.0, Sum: 0.0]
      [Object Copy (ms): Min: 0.0, Avg: 0.6, Max: 1.4, Diff: 1.4, Sum: 4.7]
      [Termination (ms): Min: 0.0, Avg: 2.9, Max: 3.4, Diff: 3.4, Sum: 23.2]
         [Termination Attempts: Min: 1, Avg: 5.4, Max: 9, Diff: 8, Sum: 43]
      [GC Worker Other (ms): Min: 0.0, Avg: 0.0, Max: 0.0, Diff: 0.0, Sum: 0.1]
      [GC Worker Total (ms): Min: 5.7, Avg: 5.7, Max: 5.8, Diff: 0.1, Sum: 46.0]
      [GC Worker End (ms): Min: 695365472.6, Avg: 695365472.7, Max: 695365472.7, Diff: 0.0]
   [Code Root Fixup: 0.0 ms]
   [Code Root Purge: 0.0 ms]
   [Clear CT: 0.7 ms]
   [Other: 5.3 ms]
      [Choose CSet: 0.0 ms]
      [Ref Proc: 4.6 ms]
      [Ref Enq: 0.2 ms]
      [Redirty Cards: 0.1 ms]
      [Humongous Register: 0.0 ms]
      [Humongous Reclaim: 0.0 ms]
      [Free CSet: 0.3 ms]
   [Eden: 7152.0M(7152.0M)->0.0B(7152.0M) Survivors: 16384.0K->16384.0K Heap: 10530.8M(14336.0M)->3378.8M(14336.0M)]
 [Times: user=0.05 sys=0.00, real=0.01 secs] 
2022-07-29T22:36:35.862-0700: 696367.367: [GC pause (G1 Evacuation Pause) (young) (initial-mark), 0.0149123 secs]
   [Parallel Time: 9.9 ms, GC Workers: 8]
      [GC Worker Start (ms): Min: 696367369.2, Avg: 696367369.3, Max: 696367369.3, Diff: 0.2]
      [Ext Root Scanning (ms): Min: 6.3, Avg: 6.5, Max: 6.9, Diff: 0.5, Sum: 52.4]
      [Update RS (ms): Min: 0.2, Avg: 0.3, Max: 0.5, Diff: 0.4, Sum: 2.3]
         [Processed Buffers: Min: 1, Avg: 19.4, Max: 66, Diff: 65, Sum: 155]
      [Scan RS (ms): Min: 0.0, Avg: 0.1, Max: 0.1, Diff: 0.1, Sum: 0.5]
      [Code Root Scanning (ms): Min: 0.0, Avg: 0.0, Max: 0.0, Diff: 0.0, Sum: 0.0]
      [Object Copy (ms): Min: 0.2, Avg: 0.5, Max: 0.8, Diff: 0.6, Sum: 4.1]
      [Termination (ms): Min: 0.0, Avg: 0.1, Max: 0.1, Diff: 0.1, Sum: 0.5]
         [Termination Attempts: Min: 1, Avg: 7.2, Max: 11, Diff: 10, Sum: 58]
      [GC Worker Other (ms): Min: 0.0, Avg: 0.0, Max: 0.1, Diff: 0.1, Sum: 0.3]
      [GC Worker Total (ms): Min: 7.4, Avg: 7.5, Max: 7.6, Diff: 0.1, Sum: 60.0]
      [GC Worker End (ms): Min: 696367376.7, Avg: 696367376.8, Max: 696367376.8, Diff: 0.1]
   [Code Root Fixup: 0.0 ms]
   [Code Root Purge: 0.0 ms]
   [Clear CT: 0.7 ms]
   [Other: 4.4 ms]
      [Choose CSet: 0.0 ms]
      [Ref Proc: 3.7 ms]
      [Ref Enq: 0.1 ms]
      [Redirty Cards: 0.1 ms]
      [Humongous Register: 0.0 ms]
      [Humongous Reclaim: 0.0 ms]
      [Free CSet: 0.3 ms]
   [Eden: 7152.0M(7152.0M)->0.0B(7152.0M) Survivors: 16384.0K->16384.0K Heap: 10530.8M(14336.0M)->3378.8M(14336.0M)]
 [Times: user=0.06 sys=0.00, real=0.02 secs] 
2022-07-29T22:36:35.877-0700: 696367.382: [GC concurrent-root-region-scan-start]
2022-07-29T22:36:35.882-0700: 696367.387: [GC concurrent-root-region-scan-end, 0.0049708 secs]
2022-07-29T22:36:35.882-0700: 696367.387: [GC concurrent-mark-start]
2022-07-29T22:36:38.339-0700: 696369.844: [GC concurrent-mark-end, 2.4566145 secs]
2022-07-29T22:36:38.339-0700: 696369.844: [GC remark 2022-07-29T22:36:38.339-0700: 696369.844: [Finalize Marking, 0.0003834 secs] 2022-07-29T22:36:38.340-0700: 696369.845: [GC ref-proc, 0.0063724 secs] 2022-07-29T22:36:38.346-0700: 696369.851: [Unloading, 0.0273472 secs], 0.0395718 secs]
 [Times: user=0.24 sys=0.00, real=0.04 secs] 
2022-07-29T22:36:38.379-0700: 696369.884: [GC cleanup 3418M->3418M(14336M), 0.0079053 secs]
 [Times: user=0.06 sys=0.00, real=0.01 secs] 
2022-07-29T22:53:14.311-0700: 697365.816: [GC pause (G1 Evacuation Pause) (young), 0.0114542 secs]
   [Parallel Time: 5.9 ms, GC Workers: 8]
      [GC Worker Start (ms): Min: 697365816.0, Avg: 697365816.1, Max: 697365816.1, Diff: 0.1]
      [Ext Root Scanning (ms): Min: 1.1, Avg: 1.9, Max: 5.7, Diff: 4.6, Sum: 15.3]
      [Update RS (ms): Min: 0.0, Avg: 0.4, Max: 0.7, Diff: 0.7, Sum: 3.0]
         [Processed Buffers: Min: 0, Avg: 21.2, Max: 74, Diff: 74, Sum: 170]
      [Scan RS (ms): Min: 0.0, Avg: 0.1, Max: 0.2, Diff: 0.1, Sum: 0.7]
      [Code Root Scanning (ms): Min: 0.0, Avg: 0.0, Max: 0.0, Diff: 0.0, Sum: 0.0]
      [Object Copy (ms): Min: 0.0, Avg: 0.5, Max: 0.7, Diff: 0.7, Sum: 3.9]
      [Termination (ms): Min: 0.0, Avg: 2.8, Max: 3.3, Diff: 3.3, Sum: 22.7]
         [Termination Attempts: Min: 1, Avg: 1.0, Max: 1, Diff: 0, Sum: 8]
      [GC Worker Other (ms): Min: 0.0, Avg: 0.0, Max: 0.0, Diff: 0.0, Sum: 0.1]
      [GC Worker Total (ms): Min: 5.6, Avg: 5.7, Max: 5.8, Diff: 0.1, Sum: 45.8]
      [GC Worker End (ms): Min: 697365821.8, Avg: 697365821.8, Max: 697365821.8, Diff: 0.0]
   [Code Root Fixup: 0.0 ms]
   [Code Root Purge: 0.0 ms]
   [Clear CT: 0.6 ms]
   [Other: 5.0 ms]
      [Choose CSet: 0.0 ms]
      [Ref Proc: 4.2 ms]
      [Ref Enq: 0.1 ms]
      [Redirty Cards: 0.1 ms]
      [Humongous Register: 0.1 ms]
      [Humongous Reclaim: 0.0 ms]
      [Free CSet: 0.3 ms]
   [Eden: 7152.0M(7152.0M)->0.0B(7152.0M) Survivors: 16384.0K->16384.0K Heap: 10530.8M(14336.0M)->3378.8M(14336.0M)]
 [Times: user=0.06 sys=0.00, real=0.02 secs] 
2022-07-29T23:09:56.846-0700: 698368.351: [GC pause (G1 Evacuation Pause) (young), 0.0110919 secs]
   [Parallel Time: 5.9 ms, GC Workers: 8]
      [GC Worker Start (ms): Min: 698368350.8, Avg: 698368350.9, Max: 698368351.0, Diff: 0.2]
      [Ext Root Scanning (ms): Min: 1.2, Avg: 1.9, Max: 5.6, Diff: 4.4, Sum: 15.4]
      [Update RS (ms): Min: 0.0, Avg: 0.4, Max: 0.6, Diff: 0.6, Sum: 2.9]
         [Processed Buffers: Min: 0, Avg: 20.8, Max: 73, Diff: 73, Sum: 166]
      [Scan RS (ms): Min: 0.0, Avg: 0.1, Max: 0.1, Diff: 0.1, Sum: 0.6]
      [Code Root Scanning (ms): Min: 0.0, Avg: 0.0, Max: 0.0, Diff: 0.0, Sum: 0.0]
      [Object Copy (ms): Min: 0.0, Avg: 0.5, Max: 0.7, Diff: 0.7, Sum: 4.1]
      [Termination (ms): Min: 0.0, Avg: 2.7, Max: 3.1, Diff: 3.1, Sum: 21.3]
         [Termination Attempts: Min: 1, Avg: 1.0, Max: 1, Diff: 0, Sum: 8]
      [GC Worker Other (ms): Min: 0.0, Avg: 0.0, Max: 0.0, Diff: 0.0, Sum: 0.2]
      [GC Worker Total (ms): Min: 5.5, Avg: 5.6, Max: 5.6, Diff: 0.2, Sum: 44.4]
      [GC Worker End (ms): Min: 698368356.4, Avg: 698368356.4, Max: 698368356.5, Diff: 0.0]
   [Code Root Fixup: 0.0 ms]
   [Code Root Purge: 0.0 ms]
   [Clear CT: 0.6 ms]
   [Other: 4.6 ms]
      [Choose CSet: 0.0 ms]
      [Ref Proc: 3.9 ms]
      [Ref Enq: 0.1 ms]
      [Redirty Cards: 0.1 ms]
      [Humongous Register: 0.1 ms]
      [Humongous Reclaim: 0.0 ms]
      [Free CSet: 0.3 ms]
   [Eden: 7152.0M(7152.0M)->0.0B(7152.0M) Survivors: 16384.0K->16384.0K Heap: 10530.8M(14336.0M)->3378.9M(14336.0M)]
 [Times: user=0.06 sys=0.00, real=0.01 secs] 
2022-07-29T23:26:26.212-0700: 699357.716: [GC pause (G1 Evacuation Pause) (young) (initial-mark), 0.0132077 secs]
   [Parallel Time: 9.5 ms, GC Workers: 8]
      [GC Worker Start (ms): Min: 699357718.6, Avg: 699357718.7, Max: 699357718.8, Diff: 0.2]
      [Ext Root Scanning (ms): Min: 6.1, Avg: 6.3, Max: 6.7, Diff: 0.6, Sum: 50.4]
      [Update RS (ms): Min: 0.2, Avg: 0.3, Max: 0.6, Diff: 0.3, Sum: 2.6]
         [Processed Buffers: Min: 1, Avg: 22.6, Max: 76, Diff: 75, Sum: 181]
      [Scan RS (ms): Min: 0.0, Avg: 0.1, Max: 0.1, Diff: 0.1, Sum: 0.6]
      [Code Root Scanning (ms): Min: 0.0, Avg: 0.0, Max: 0.0, Diff: 0.0, Sum: 0.0]
      [Object Copy (ms): Min: 0.2, Avg: 0.5, Max: 0.7, Diff: 0.5, Sum: 4.1]
      [Termination (ms): Min: 0.0, Avg: 0.0, Max: 0.0, Diff: 0.0, Sum: 0.0]
         [Termination Attempts: Min: 1, Avg: 1.1, Max: 2, Diff: 1, Sum: 9]
      [GC Worker Other (ms): Min: 0.0, Avg: 0.1, Max: 0.1, Diff: 0.1, Sum: 0.5]
      [GC Worker Total (ms): Min: 7.2, Avg: 7.3, Max: 7.4, Diff: 0.2, Sum: 58.2]
      [GC Worker End (ms): Min: 699357725.9, Avg: 699357726.0, Max: 699357726.0, Diff: 0.1]
   [Code Root Fixup: 0.0 ms]
   [Code Root Purge: 0.0 ms]
   [Clear CT: 0.6 ms]
   [Other: 3.1 ms]
      [Choose CSet: 0.0 ms]
      [Ref Proc: 2.3 ms]
      [Ref Enq: 0.1 ms]
      [Redirty Cards: 0.1 ms]
      [Humongous Register: 0.0 ms]
      [Humongous Reclaim: 0.0 ms]
      [Free CSet: 0.3 ms]
   [Eden: 7152.0M(7152.0M)->0.0B(7152.0M) Survivors: 16384.0K->16384.0K Heap: 10530.9M(14336.0M)->3378.8M(14336.0M)]
 [Times: user=0.05 sys=0.00, real=0.02 secs] 
2022-07-29T23:26:26.225-0700: 699357.730: [GC concurrent-root-region-scan-start]
2022-07-29T23:26:26.230-0700: 699357.735: [GC concurrent-root-region-scan-end, 0.0047174 secs]
2022-07-29T23:26:26.230-0700: 699357.735: [GC concurrent-mark-start]
2022-07-29T23:26:28.711-0700: 699360.216: [GC concurrent-mark-end, 2.4811914 secs]
2022-07-29T23:26:28.711-0700: 699360.216: [GC remark 2022-07-29T23:26:28.711-0700: 699360.216: [Finalize Marking, 0.0003122 secs] 2022-07-29T23:26:28.712-0700: 699360.216: [GC ref-proc, 0.0068186 secs] 2022-07-29T23:26:28.719-0700: 699360.223: [Unloading, 0.0282363 secs], 0.0408076 secs]
 [Times: user=0.25 sys=0.00, real=0.04 secs] 
2022-07-29T23:26:28.753-0700: 699360.257: [GC cleanup 3450M->3450M(14336M), 0.0079296 secs]
 [Times: user=0.06 sys=0.00, real=0.01 secs] 
2022-07-29T23:43:09.411-0700: 700360.916: [GC pause (G1 Evacuation Pause) (young), 0.0120761 secs]
   [Parallel Time: 6.1 ms, GC Workers: 8]
      [GC Worker Start (ms): Min: 700360915.7, Avg: 700360915.9, Max: 700360915.9, Diff: 0.2]
      [Ext Root Scanning (ms): Min: 1.2, Avg: 2.0, Max: 5.9, Diff: 4.8, Sum: 16.0]
      [Update RS (ms): Min: 0.0, Avg: 0.4, Max: 0.9, Diff: 0.9, Sum: 3.0]
         [Processed Buffers: Min: 0, Avg: 21.5, Max: 64, Diff: 64, Sum: 172]
      [Scan RS (ms): Min: 0.0, Avg: 0.1, Max: 0.2, Diff: 0.1, Sum: 0.7]
      [Code Root Scanning (ms): Min: 0.0, Avg: 0.0, Max: 0.0, Diff: 0.0, Sum: 0.0]
      [Object Copy (ms): Min: 0.0, Avg: 0.5, Max: 0.7, Diff: 0.7, Sum: 3.9]
      [Termination (ms): Min: 0.0, Avg: 2.9, Max: 3.4, Diff: 3.4, Sum: 23.4]
         [Termination Attempts: Min: 1, Avg: 6.4, Max: 12, Diff: 11, Sum: 51]
      [GC Worker Other (ms): Min: 0.0, Avg: 0.0, Max: 0.0, Diff: 0.0, Sum: 0.2]
      [GC Worker Total (ms): Min: 5.8, Avg: 5.9, Max: 6.0, Diff: 0.2, Sum: 47.1]
      [GC Worker End (ms): Min: 700360921.7, Avg: 700360921.7, Max: 700360921.8, Diff: 0.0]
   [Code Root Fixup: 0.0 ms]
   [Code Root Purge: 0.0 ms]
   [Clear CT: 0.6 ms]
   [Other: 5.4 ms]
      [Choose CSet: 0.0 ms]
      [Ref Proc: 4.7 ms]
      [Ref Enq: 0.2 ms]
      [Redirty Cards: 0.1 ms]
      [Humongous Register: 0.1 ms]
      [Humongous Reclaim: 0.0 ms]
      [Free CSet: 0.3 ms]
   [Eden: 7152.0M(7152.0M)->0.0B(7152.0M) Survivors: 16384.0K->16384.0K Heap: 10530.8M(14336.0M)->3378.8M(14336.0M)]
 [Times: user=0.05 sys=0.00, real=0.02 secs] 
2022-07-29T23:59:54.412-0700: 701365.917: [GC pause (G1 Evacuation Pause) (young), 0.0116392 secs]
   [Parallel Time: 6.5 ms, GC Workers: 8]
      [GC Worker Start (ms): Min: 701365917.4, Avg: 701365917.5, Max: 701365917.6, Diff: 0.2]
      [Ext Root Scanning (ms): Min: 1.2, Avg: 2.0, Max: 6.0, Diff: 4.9, Sum: 16.0]
      [Update RS (ms): Min: 0.0, Avg: 0.4, Max: 0.7, Diff: 0.7, Sum: 3.2]
         [Processed Buffers: Min: 0, Avg: 21.4, Max: 74, Diff: 74, Sum: 171]
      [Scan RS (ms): Min: 0.0, Avg: 0.1, Max: 0.3, Diff: 0.2, Sum: 0.9]
      [Code Root Scanning (ms): Min: 0.0, Avg: 0.0, Max: 0.0, Diff: 0.0, Sum: 0.0]
      [Object Copy (ms): Min: 0.0, Avg: 0.5, Max: 0.7, Diff: 0.7, Sum: 3.9]
      [Termination (ms): Min: 0.0, Avg: 3.2, Max: 3.7, Diff: 3.7, Sum: 25.7]
         [Termination Attempts: Min: 1, Avg: 8.1, Max: 14, Diff: 13, Sum: 65]
      [GC Worker Other (ms): Min: 0.0, Avg: 0.0, Max: 0.0, Diff: 0.0, Sum: 0.1]
      [GC Worker Total (ms): Min: 6.2, Avg: 6.2, Max: 6.3, Diff: 0.2, Sum: 49.9]
      [GC Worker End (ms): Min: 701365923.7, Avg: 701365923.7, Max: 701365923.7, Diff: 0.0]
   [Code Root Fixup: 0.0 ms]
   [Code Root Purge: 0.0 ms]
   [Clear CT: 0.7 ms]
   [Other: 4.4 ms]
      [Choose CSet: 0.0 ms]
      [Ref Proc: 3.7 ms]
      [Ref Enq: 0.1 ms]
      [Redirty Cards: 0.1 ms]
      [Humongous Register: 0.1 ms]
      [Humongous Reclaim: 0.0 ms]
      [Free CSet: 0.3 ms]
   [Eden: 7152.0M(7152.0M)->0.0B(7152.0M) Survivors: 16384.0K->16384.0K Heap: 10530.8M(14336.0M)->3378.8M(14336.0M)]
 [Times: user=0.06 sys=0.00, real=0.02 secs] 
2022-07-30T00:16:33.111-0700: 702364.616: [GC pause (G1 Evacuation Pause) (young) (initial-mark), 0.0156808 secs]
   [Parallel Time: 10.0 ms, GC Workers: 8]
      [GC Worker Start (ms): Min: 702364618.1, Avg: 702364618.1, Max: 702364618.2, Diff: 0.2]
      [Ext Root Scanning (ms): Min: 6.4, Avg: 6.7, Max: 7.0, Diff: 0.5, Sum: 53.3]
      [Update RS (ms): Min: 0.2, Avg: 0.3, Max: 0.5, Diff: 0.3, Sum: 2.4]
         [Processed Buffers: Min: 1, Avg: 21.6, Max: 54, Diff: 53, Sum: 173]
      [Scan RS (ms): Min: 0.0, Avg: 0.1, Max: 0.1, Diff: 0.1, Sum: 0.5]
      [Code Root Scanning (ms): Min: 0.0, Avg: 0.0, Max: 0.0, Diff: 0.0, Sum: 0.0]
      [Object Copy (ms): Min: 0.1, Avg: 0.5, Max: 0.7, Diff: 0.6, Sum: 3.7]
      [Termination (ms): Min: 0.0, Avg: 0.0, Max: 0.0, Diff: 0.0, Sum: 0.1]
         [Termination Attempts: Min: 1, Avg: 1.2, Max: 2, Diff: 1, Sum: 10]
      [GC Worker Other (ms): Min: 0.0, Avg: 0.0, Max: 0.1, Diff: 0.1, Sum: 0.4]
      [GC Worker Total (ms): Min: 7.5, Avg: 7.6, Max: 7.7, Diff: 0.2, Sum: 60.4]
      [GC Worker End (ms): Min: 702364625.7, Avg: 702364625.7, Max: 702364625.8, Diff: 0.1]
   [Code Root Fixup: 0.0 ms]
   [Code Root Purge: 0.0 ms]
   [Clear CT: 0.6 ms]
   [Other: 5.1 ms]
      [Choose CSet: 0.0 ms]
      [Ref Proc: 4.4 ms]
      [Ref Enq: 0.1 ms]
      [Redirty Cards: 0.1 ms]
      [Humongous Register: 0.0 ms]
      [Humongous Reclaim: 0.0 ms]
      [Free CSet: 0.3 ms]
   [Eden: 7152.0M(7152.0M)->0.0B(7152.0M) Survivors: 16384.0K->16384.0K Heap: 10530.8M(14336.0M)->3378.8M(14336.0M)]
 [Times: user=0.07 sys=0.00, real=0.02 secs] 
2022-07-30T00:16:33.127-0700: 702364.632: [GC concurrent-root-region-scan-start]
2022-07-30T00:16:33.132-0700: 702364.637: [GC concurrent-root-region-scan-end, 0.0051049 secs]
2022-07-30T00:16:33.132-0700: 702364.637: [GC concurrent-mark-start]
2022-07-30T00:16:35.603-0700: 702367.107: [GC concurrent-mark-end, 2.4707453 secs]
2022-07-30T00:16:35.603-0700: 702367.108: [GC remark 2022-07-30T00:16:35.603-0700: 702367.108: [Finalize Marking, 0.0002906 secs] 2022-07-30T00:16:35.603-0700: 702367.108: [GC ref-proc, 0.0118350 secs] 2022-07-30T00:16:35.615-0700: 702367.120: [Unloading, 0.0276956 secs], 0.0452255 secs]
 [Times: user=0.26 sys=0.00, real=0.04 secs] 
2022-07-30T00:16:35.649-0700: 702367.153: [GC cleanup 3418M->3418M(14336M), 0.0082619 secs]
 [Times: user=0.06 sys=0.00, real=0.01 secs] 
2022-07-30T00:33:10.863-0700: 703362.368: [GC pause (G1 Evacuation Pause) (young), 0.0116400 secs]
   [Parallel Time: 5.9 ms, GC Workers: 8]
      [GC Worker Start (ms): Min: 703362367.8, Avg: 703362367.9, Max: 703362367.9, Diff: 0.2]
      [Ext Root Scanning (ms): Min: 1.3, Avg: 1.9, Max: 5.5, Diff: 4.3, Sum: 15.6]
      [Update RS (ms): Min: 0.0, Avg: 0.4, Max: 0.7, Diff: 0.7, Sum: 3.0]
         [Processed Buffers: Min: 0, Avg: 21.2, Max: 47, Diff: 47, Sum: 170]
      [Scan RS (ms): Min: 0.0, Avg: 0.1, Max: 0.2, Diff: 0.1, Sum: 0.7]
      [Code Root Scanning (ms): Min: 0.0, Avg: 0.0, Max: 0.0, Diff: 0.0, Sum: 0.0]
      [Object Copy (ms): Min: 0.0, Avg: 0.5, Max: 0.8, Diff: 0.8, Sum: 4.4]
      [Termination (ms): Min: 0.0, Avg: 2.5, Max: 2.9, Diff: 2.9, Sum: 20.3]
         [Termination Attempts: Min: 1, Avg: 7.0, Max: 12, Diff: 11, Sum: 56]
      [GC Worker Other (ms): Min: 0.0, Avg: 0.0, Max: 0.0, Diff: 0.0, Sum: 0.1]
      [GC Worker Total (ms): Min: 5.4, Avg: 5.5, Max: 5.6, Diff: 0.2, Sum: 44.1]
      [GC Worker End (ms): Min: 703362373.4, Avg: 703362373.4, Max: 703362373.4, Diff: 0.0]
   [Code Root Fixup: 0.0 ms]
   [Code Root Purge: 0.0 ms]
   [Clear CT: 0.6 ms]
   [Other: 5.2 ms]
      [Choose CSet: 0.0 ms]
      [Ref Proc: 4.3 ms]
      [Ref Enq: 0.2 ms]
      [Redirty Cards: 0.1 ms]
      [Humongous Register: 0.1 ms]
      [Humongous Reclaim: 0.0 ms]
      [Free CSet: 0.3 ms]
   [Eden: 7152.0M(7152.0M)->0.0B(7152.0M) Survivors: 16384.0K->16384.0K Heap: 10530.8M(14336.0M)->3379.0M(14336.0M)]
 [Times: user=0.05 sys=0.01, real=0.01 secs] 
2022-07-30T00:49:45.112-0700: 704356.616: [GC pause (G1 Evacuation Pause) (young), 0.0112794 secs]
   [Parallel Time: 5.8 ms, GC Workers: 8]
      [GC Worker Start (ms): Min: 704356616.5, Avg: 704356616.6, Max: 704356616.7, Diff: 0.2]
      [Ext Root Scanning (ms): Min: 1.2, Avg: 1.9, Max: 5.5, Diff: 4.4, Sum: 15.4]
      [Update RS (ms): Min: 0.0, Avg: 0.4, Max: 0.8, Diff: 0.8, Sum: 3.0]
         [Processed Buffers: Min: 0, Avg: 21.1, Max: 62, Diff: 62, Sum: 169]
      [Scan RS (ms): Min: 0.0, Avg: 0.1, Max: 0.2, Diff: 0.1, Sum: 0.7]
      [Code Root Scanning (ms): Min: 0.0, Avg: 0.0, Max: 0.0, Diff: 0.0, Sum: 0.0]
      [Object Copy (ms): Min: 0.0, Avg: 0.5, Max: 0.8, Diff: 0.8, Sum: 4.2]
      [Termination (ms): Min: 0.0, Avg: 2.6, Max: 3.0, Diff: 3.0, Sum: 21.0]
         [Termination Attempts: Min: 1, Avg: 7.9, Max: 12, Diff: 11, Sum: 63]
      [GC Worker Other (ms): Min: 0.0, Avg: 0.0, Max: 0.0, Diff: 0.0, Sum: 0.1]
      [GC Worker Total (ms): Min: 5.5, Avg: 5.5, Max: 5.6, Diff: 0.2, Sum: 44.4]
      [GC Worker End (ms): Min: 704356622.1, Avg: 704356622.2, Max: 704356622.2, Diff: 0.0]
   [Code Root Fixup: 0.0 ms]
   [Code Root Purge: 0.0 ms]
   [Clear CT: 0.6 ms]
   [Other: 4.9 ms]
      [Choose CSet: 0.0 ms]
      [Ref Proc: 4.2 ms]
      [Ref Enq: 0.1 ms]
      [Redirty Cards: 0.1 ms]
      [Humongous Register: 0.1 ms]
      [Humongous Reclaim: 0.0 ms]
      [Free CSet: 0.3 ms]
   [Eden: 7152.0M(7152.0M)->0.0B(7152.0M) Survivors: 16384.0K->16384.0K Heap: 10531.0M(14336.0M)->3378.8M(14336.0M)]
 [Times: user=0.05 sys=0.01, real=0.02 secs] 
2022-07-30T01:06:32.026-0700: 705363.531: [GC pause (G1 Evacuation Pause) (young) (initial-mark), 0.0152730 secs]
   [Parallel Time: 10.1 ms, GC Workers: 8]
      [GC Worker Start (ms): Min: 705363532.7, Avg: 705363532.8, Max: 705363532.8, Diff: 0.2]
      [Ext Root Scanning (ms): Min: 6.5, Avg: 6.8, Max: 7.2, Diff: 0.7, Sum: 54.1]
      [Update RS (ms): Min: 0.2, Avg: 0.3, Max: 0.4, Diff: 0.3, Sum: 2.1]
         [Processed Buffers: Min: 1, Avg: 21.1, Max: 62, Diff: 61, Sum: 169]
      [Scan RS (ms): Min: 0.0, Avg: 0.1, Max: 0.1, Diff: 0.1, Sum: 0.5]
      [Code Root Scanning (ms): Min: 0.0, Avg: 0.0, Max: 0.0, Diff: 0.0, Sum: 0.0]
      [Object Copy (ms): Min: 0.2, Avg: 0.5, Max: 0.7, Diff: 0.5, Sum: 3.8]
      [Termination (ms): Min: 0.0, Avg: 0.0, Max: 0.0, Diff: 0.0, Sum: 0.1]
         [Termination Attempts: Min: 1, Avg: 1.9, Max: 3, Diff: 2, Sum: 15]
      [GC Worker Other (ms): Min: 0.0, Avg: 0.1, Max: 0.2, Diff: 0.2, Sum: 0.5]
      [GC Worker Total (ms): Min: 7.5, Avg: 7.6, Max: 7.8, Diff: 0.3, Sum: 61.0]
      [GC Worker End (ms): Min: 705363540.3, Avg: 705363540.4, Max: 705363540.5, Diff: 0.2]
   [Code Root Fixup: 0.0 ms]
   [Code Root Purge: 0.0 ms]
   [Clear CT: 0.6 ms]
   [Other: 4.5 ms]
      [Choose CSet: 0.0 ms]
      [Ref Proc: 3.7 ms]
      [Ref Enq: 0.2 ms]
      [Redirty Cards: 0.1 ms]
      [Humongous Register: 0.0 ms]
      [Humongous Reclaim: 0.0 ms]
      [Free CSet: 0.3 ms]
   [Eden: 7152.0M(7152.0M)->0.0B(7152.0M) Survivors: 16384.0K->16384.0K Heap: 10530.8M(14336.0M)->3378.8M(14336.0M)]
 [Times: user=0.06 sys=0.00, real=0.01 secs] 
2022-07-30T01:06:32.041-0700: 705363.546: [GC concurrent-root-region-scan-start]
2022-07-30T01:06:32.047-0700: 705363.551: [GC concurrent-root-region-scan-end, 0.0052817 secs]
2022-07-30T01:06:32.047-0700: 705363.551: [GC concurrent-mark-start]
2022-07-30T01:06:34.511-0700: 705366.015: [GC concurrent-mark-end, 2.4639902 secs]
2022-07-30T01:06:34.511-0700: 705366.016: [GC remark 2022-07-30T01:06:34.511-0700: 705366.016: [Finalize Marking, 0.0003567 secs] 2022-07-30T01:06:34.511-0700: 705366.016: [GC ref-proc, 0.0106726 secs] 2022-07-30T01:06:34.522-0700: 705366.027: [Unloading, 0.0277763 secs], 0.0442852 secs]
 [Times: user=0.26 sys=0.00, real=0.05 secs] 
2022-07-30T01:06:34.556-0700: 705366.060: [GC cleanup 3418M->3418M(14336M), 0.0083223 secs]
 [Times: user=0.06 sys=0.00, real=0.01 secs] 
2022-07-30T01:23:04.270-0700: 706355.775: [GC pause (G1 Evacuation Pause) (young), 0.0109556 secs]
   [Parallel Time: 5.2 ms, GC Workers: 8]
      [GC Worker Start (ms): Min: 706355774.9, Avg: 706355775.0, Max: 706355775.1, Diff: 0.1]
      [Ext Root Scanning (ms): Min: 1.1, Avg: 1.7, Max: 5.1, Diff: 4.0, Sum: 13.8]
      [Update RS (ms): Min: 0.0, Avg: 0.3, Max: 0.6, Diff: 0.6, Sum: 2.4]
         [Processed Buffers: Min: 0, Avg: 22.0, Max: 58, Diff: 58, Sum: 176]
      [Scan RS (ms): Min: 0.0, Avg: 0.1, Max: 0.2, Diff: 0.1, Sum: 0.6]
      [Code Root Scanning (ms): Min: 0.0, Avg: 0.0, Max: 0.0, Diff: 0.0, Sum: 0.0]
      [Object Copy (ms): Min: 0.0, Avg: 0.4, Max: 0.6, Diff: 0.6, Sum: 3.3]
      [Termination (ms): Min: 0.0, Avg: 2.5, Max: 2.9, Diff: 2.9, Sum: 20.4]
         [Termination Attempts: Min: 1, Avg: 3.9, Max: 6, Diff: 5, Sum: 31]
      [GC Worker Other (ms): Min: 0.0, Avg: 0.0, Max: 0.0, Diff: 0.0, Sum: 0.1]
      [GC Worker Total (ms): Min: 5.0, Avg: 5.1, Max: 5.1, Diff: 0.1, Sum: 40.6]
      [GC Worker End (ms): Min: 706355780.1, Avg: 706355780.1, Max: 706355780.1, Diff: 0.0]
   [Code Root Fixup: 0.0 ms]
   [Code Root Purge: 0.0 ms]
   [Clear CT: 0.6 ms]
   [Other: 5.2 ms]
      [Choose CSet: 0.0 ms]
      [Ref Proc: 4.5 ms]
      [Ref Enq: 0.1 ms]
      [Redirty Cards: 0.1 ms]
      [Humongous Register: 0.1 ms]
      [Humongous Reclaim: 0.0 ms]
      [Free CSet: 0.3 ms]
   [Eden: 7152.0M(7152.0M)->0.0B(7152.0M) Survivors: 16384.0K->16384.0K Heap: 10530.8M(14336.0M)->3378.9M(14336.0M)]
 [Times: user=0.06 sys=0.00, real=0.01 secs] 
2022-07-30T01:39:28.262-0700: 707339.766: [GC pause (G1 Evacuation Pause) (young), 0.0121094 secs]
   [Parallel Time: 6.2 ms, GC Workers: 8]
      [GC Worker Start (ms): Min: 707339766.5, Avg: 707339766.6, Max: 707339766.7, Diff: 0.1]
      [Ext Root Scanning (ms): Min: 1.2, Avg: 1.9, Max: 5.9, Diff: 4.7, Sum: 15.5]
      [Update RS (ms): Min: 0.0, Avg: 0.3, Max: 0.7, Diff: 0.7, Sum: 2.7]
         [Processed Buffers: Min: 0, Avg: 21.1, Max: 50, Diff: 50, Sum: 169]
      [Scan RS (ms): Min: 0.0, Avg: 0.1, Max: 0.2, Diff: 0.1, Sum: 0.6]
      [Code Root Scanning (ms): Min: 0.0, Avg: 0.0, Max: 0.0, Diff: 0.0, Sum: 0.0]
      [Object Copy (ms): Min: 0.0, Avg: 0.6, Max: 1.4, Diff: 1.4, Sum: 4.8]
      [Termination (ms): Min: 0.0, Avg: 2.9, Max: 3.4, Diff: 3.4, Sum: 23.5]
         [Termination Attempts: Min: 1, Avg: 1.6, Max: 3, Diff: 2, Sum: 13]
      [GC Worker Other (ms): Min: 0.0, Avg: 0.0, Max: 0.0, Diff: 0.0, Sum: 0.1]
      [GC Worker Total (ms): Min: 5.8, Avg: 5.9, Max: 6.0, Diff: 0.1, Sum: 47.2]
      [GC Worker End (ms): Min: 707339772.5, Avg: 707339772.5, Max: 707339772.5, Diff: 0.0]
   [Code Root Fixup: 0.0 ms]
   [Code Root Purge: 0.0 ms]
   [Clear CT: 0.6 ms]
   [Other: 5.2 ms]
      [Choose CSet: 0.0 ms]
      [Ref Proc: 4.5 ms]
      [Ref Enq: 0.1 ms]
      [Redirty Cards: 0.1 ms]
      [Humongous Register: 0.1 ms]
      [Humongous Reclaim: 0.0 ms]
      [Free CSet: 0.3 ms]
   [Eden: 7152.0M(7152.0M)->0.0B(7152.0M) Survivors: 16384.0K->16384.0K Heap: 10530.9M(14336.0M)->3378.9M(14336.0M)]
 [Times: user=0.06 sys=0.00, real=0.01 secs] 
2022-07-30T01:56:01.963-0700: 708333.468: [GC pause (G1 Evacuation Pause) (young) (initial-mark), 0.0144642 secs]
   [Parallel Time: 9.6 ms, GC Workers: 8]
      [GC Worker Start (ms): Min: 708333469.8, Avg: 708333469.9, Max: 708333470.0, Diff: 0.1]
      [Ext Root Scanning (ms): Min: 6.3, Avg: 6.5, Max: 6.7, Diff: 0.5, Sum: 51.7]
      [Update RS (ms): Min: 0.2, Avg: 0.3, Max: 0.5, Diff: 0.3, Sum: 2.2]
         [Processed Buffers: Min: 1, Avg: 21.8, Max: 74, Diff: 73, Sum: 174]
      [Scan RS (ms): Min: 0.0, Avg: 0.1, Max: 0.1, Diff: 0.1, Sum: 0.5]
      [Code Root Scanning (ms): Min: 0.0, Avg: 0.0, Max: 0.0, Diff: 0.0, Sum: 0.0]
      [Object Copy (ms): Min: 0.2, Avg: 0.5, Max: 0.7, Diff: 0.5, Sum: 3.9]
      [Termination (ms): Min: 0.0, Avg: 0.0, Max: 0.0, Diff: 0.0, Sum: 0.0]
         [Termination Attempts: Min: 1, Avg: 5.0, Max: 8, Diff: 7, Sum: 40]
      [GC Worker Other (ms): Min: 0.0, Avg: 0.1, Max: 0.1, Diff: 0.1, Sum: 0.6]
      [GC Worker Total (ms): Min: 7.3, Avg: 7.4, Max: 7.5, Diff: 0.2, Sum: 59.0]
      [GC Worker End (ms): Min: 708333477.2, Avg: 708333477.3, Max: 708333477.4, Diff: 0.1]
   [Code Root Fixup: 0.0 ms]
   [Code Root Purge: 0.0 ms]
   [Clear CT: 0.6 ms]
   [Other: 4.2 ms]
      [Choose CSet: 0.0 ms]
      [Ref Proc: 3.5 ms]
      [Ref Enq: 0.1 ms]
      [Redirty Cards: 0.1 ms]
      [Humongous Register: 0.0 ms]
      [Humongous Reclaim: 0.0 ms]
      [Free CSet: 0.3 ms]
   [Eden: 7152.0M(7152.0M)->0.0B(7152.0M) Survivors: 16384.0K->16384.0K Heap: 10530.9M(14336.0M)->3378.9M(14336.0M)]
 [Times: user=0.06 sys=0.00, real=0.01 secs] 
2022-07-30T01:56:01.978-0700: 708333.482: [GC concurrent-root-region-scan-start]
2022-07-30T01:56:01.983-0700: 708333.487: [GC concurrent-root-region-scan-end, 0.0049730 secs]
2022-07-30T01:56:01.983-0700: 708333.487: [GC concurrent-mark-start]
2022-07-30T01:56:04.464-0700: 708335.968: [GC concurrent-mark-end, 2.4809408 secs]
2022-07-30T01:56:04.464-0700: 708335.969: [GC remark 2022-07-30T01:56:04.464-0700: 708335.969: [Finalize Marking, 0.0005027 secs] 2022-07-30T01:56:04.465-0700: 708335.969: [GC ref-proc, 0.0119554 secs] 2022-07-30T01:56:04.477-0700: 708335.981: [Unloading, 0.0275245 secs], 0.0454124 secs]
 [Times: user=0.26 sys=0.00, real=0.04 secs] 
2022-07-30T01:56:04.510-0700: 708336.014: [GC cleanup 3450M->3450M(14336M), 0.0083858 secs]
 [Times: user=0.06 sys=0.00, real=0.01 secs] 
2022-07-30T02:12:29.512-0700: 709321.017: [GC pause (G1 Evacuation Pause) (young), 0.0115342 secs]
   [Parallel Time: 6.0 ms, GC Workers: 8]
      [GC Worker Start (ms): Min: 709321016.7, Avg: 709321016.8, Max: 709321016.9, Diff: 0.2]
      [Ext Root Scanning (ms): Min: 1.0, Avg: 1.8, Max: 5.8, Diff: 4.8, Sum: 14.6]
      [Update RS (ms): Min: 0.0, Avg: 0.4, Max: 0.8, Diff: 0.8, Sum: 3.0]
         [Processed Buffers: Min: 0, Avg: 21.6, Max: 71, Diff: 71, Sum: 173]
      [Scan RS (ms): Min: 0.0, Avg: 0.1, Max: 0.2, Diff: 0.1, Sum: 0.7]
      [Code Root Scanning (ms): Min: 0.0, Avg: 0.0, Max: 0.0, Diff: 0.0, Sum: 0.0]
      [Object Copy (ms): Min: 0.0, Avg: 0.4, Max: 0.7, Diff: 0.6, Sum: 3.6]
      [Termination (ms): Min: 0.0, Avg: 3.0, Max: 3.5, Diff: 3.5, Sum: 24.2]
         [Termination Attempts: Min: 1, Avg: 1.8, Max: 3, Diff: 2, Sum: 14]
      [GC Worker Other (ms): Min: 0.0, Avg: 0.0, Max: 0.0, Diff: 0.0, Sum: 0.1]
      [GC Worker Total (ms): Min: 5.7, Avg: 5.8, Max: 5.9, Diff: 0.2, Sum: 46.2]
      [GC Worker End (ms): Min: 709321022.6, Avg: 709321022.6, Max: 709321022.6, Diff: 0.0]
   [Code Root Fixup: 0.0 ms]
   [Code Root Purge: 0.0 ms]
   [Clear CT: 0.6 ms]
   [Other: 4.9 ms]
      [Choose CSet: 0.0 ms]
      [Ref Proc: 4.2 ms]
      [Ref Enq: 0.1 ms]
      [Redirty Cards: 0.1 ms]
      [Humongous Register: 0.1 ms]
      [Humongous Reclaim: 0.0 ms]
      [Free CSet: 0.3 ms]
   [Eden: 7152.0M(7152.0M)->0.0B(7152.0M) Survivors: 16384.0K->16384.0K Heap: 10530.9M(14336.0M)->3378.9M(14336.0M)]
 [Times: user=0.06 sys=0.00, real=0.02 secs] 
2022-07-30T02:29:09.061-0700: 710320.566: [GC pause (G1 Evacuation Pause) (young), 0.0106557 secs]
   [Parallel Time: 5.9 ms, GC Workers: 8]
      [GC Worker Start (ms): Min: 710320566.1, Avg: 710320566.2, Max: 710320566.3, Diff: 0.2]
      [Ext Root Scanning (ms): Min: 1.3, Avg: 2.0, Max: 5.6, Diff: 4.3, Sum: 15.9]
      [Update RS (ms): Min: 0.0, Avg: 0.4, Max: 0.7, Diff: 0.7, Sum: 2.9]
         [Processed Buffers: Min: 0, Avg: 20.4, Max: 74, Diff: 74, Sum: 163]
      [Scan RS (ms): Min: 0.0, Avg: 0.1, Max: 0.1, Diff: 0.1, Sum: 0.7]
      [Code Root Scanning (ms): Min: 0.0, Avg: 0.0, Max: 0.0, Diff: 0.0, Sum: 0.0]
      [Object Copy (ms): Min: 0.0, Avg: 0.5, Max: 0.7, Diff: 0.7, Sum: 4.1]
      [Termination (ms): Min: 0.0, Avg: 2.6, Max: 2.9, Diff: 2.9, Sum: 20.5]
         [Termination Attempts: Min: 1, Avg: 1.2, Max: 2, Diff: 1, Sum: 10]
      [GC Worker Other (ms): Min: 0.0, Avg: 0.0, Max: 0.1, Diff: 0.0, Sum: 0.2]
      [GC Worker Total (ms): Min: 5.4, Avg: 5.5, Max: 5.6, Diff: 0.2, Sum: 44.3]
      [GC Worker End (ms): Min: 710320571.7, Avg: 710320571.7, Max: 710320571.7, Diff: 0.0]
   [Code Root Fixup: 0.0 ms]
   [Code Root Purge: 0.0 ms]
   [Clear CT: 0.6 ms]
   [Other: 4.1 ms]
      [Choose CSet: 0.0 ms]
      [Ref Proc: 3.5 ms]
      [Ref Enq: 0.1 ms]
      [Redirty Cards: 0.1 ms]
      [Humongous Register: 0.1 ms]
      [Humongous Reclaim: 0.0 ms]
      [Free CSet: 0.3 ms]
   [Eden: 7152.0M(7152.0M)->0.0B(7152.0M) Survivors: 16384.0K->16384.0K Heap: 10530.9M(14336.0M)->3378.9M(14336.0M)]
 [Times: user=0.06 sys=0.00, real=0.01 secs] 
2022-07-30T02:45:44.912-0700: 711316.417: [GC pause (G1 Evacuation Pause) (young) (initial-mark), 0.0136384 secs]
   [Parallel Time: 8.8 ms, GC Workers: 8]
      [GC Worker Start (ms): Min: 711316418.7, Avg: 711316418.8, Max: 711316418.9, Diff: 0.1]
      [Ext Root Scanning (ms): Min: 5.7, Avg: 5.9, Max: 6.2, Diff: 0.6, Sum: 47.3]
      [Update RS (ms): Min: 0.2, Avg: 0.3, Max: 0.4, Diff: 0.3, Sum: 2.2]
         [Processed Buffers: Min: 1, Avg: 21.8, Max: 61, Diff: 60, Sum: 174]
      [Scan RS (ms): Min: 0.0, Avg: 0.1, Max: 0.1, Diff: 0.1, Sum: 0.5]
      [Code Root Scanning (ms): Min: 0.0, Avg: 0.0, Max: 0.0, Diff: 0.0, Sum: 0.0]
      [Object Copy (ms): Min: 0.3, Avg: 0.5, Max: 0.8, Diff: 0.5, Sum: 4.1]
      [Termination (ms): Min: 0.0, Avg: 0.0, Max: 0.0, Diff: 0.0, Sum: 0.0]
         [Termination Attempts: Min: 2, Avg: 4.6, Max: 8, Diff: 6, Sum: 37]
      [GC Worker Other (ms): Min: 0.0, Avg: 0.1, Max: 0.1, Diff: 0.1, Sum: 0.4]
      [GC Worker Total (ms): Min: 6.8, Avg: 6.8, Max: 6.9, Diff: 0.1, Sum: 54.5]
      [GC Worker End (ms): Min: 711316425.6, Avg: 711316425.6, Max: 711316425.7, Diff: 0.1]
   [Code Root Fixup: 0.0 ms]
   [Code Root Purge: 0.0 ms]
   [Clear CT: 0.7 ms]
   [Other: 4.2 ms]
      [Choose CSet: 0.0 ms]
      [Ref Proc: 3.5 ms]
      [Ref Enq: 0.1 ms]
      [Redirty Cards: 0.1 ms]
      [Humongous Register: 0.0 ms]
      [Humongous Reclaim: 0.0 ms]
      [Free CSet: 0.3 ms]
   [Eden: 7152.0M(7152.0M)->0.0B(7152.0M) Survivors: 16384.0K->16384.0K Heap: 10530.9M(14336.0M)->3379.0M(14336.0M)]
 [Times: user=0.05 sys=0.00, real=0.02 secs] 
2022-07-30T02:45:44.926-0700: 711316.431: [GC concurrent-root-region-scan-start]
2022-07-30T02:45:44.930-0700: 711316.435: [GC concurrent-root-region-scan-end, 0.0044945 secs]
2022-07-30T02:45:44.930-0700: 711316.435: [GC concurrent-mark-start]
2022-07-30T02:45:47.436-0700: 711318.941: [GC concurrent-mark-end, 2.5058949 secs]
2022-07-30T02:45:47.437-0700: 711318.941: [GC remark 2022-07-30T02:45:47.437-0700: 711318.941: [Finalize Marking, 0.0002724 secs] 2022-07-30T02:45:47.437-0700: 711318.942: [GC ref-proc, 0.0114846 secs] 2022-07-30T02:45:47.449-0700: 711318.953: [Unloading, 0.0282843 secs], 0.0456360 secs]
 [Times: user=0.26 sys=0.00, real=0.04 secs] 
2022-07-30T02:45:47.483-0700: 711318.987: [GC cleanup 3451M->3451M(14336M), 0.0080967 secs]
 [Times: user=0.06 sys=0.00, real=0.00 secs] 
2022-07-30T03:02:22.711-0700: 712314.216: [GC pause (G1 Evacuation Pause) (young), 0.0110851 secs]
   [Parallel Time: 5.8 ms, GC Workers: 8]
      [GC Worker Start (ms): Min: 712314216.1, Avg: 712314216.3, Max: 712314216.3, Diff: 0.2]
      [Ext Root Scanning (ms): Min: 1.2, Avg: 1.9, Max: 5.5, Diff: 4.3, Sum: 15.1]
      [Update RS (ms): Min: 0.0, Avg: 0.4, Max: 0.7, Diff: 0.7, Sum: 3.0]
         [Processed Buffers: Min: 0, Avg: 21.2, Max: 78, Diff: 78, Sum: 170]
      [Scan RS (ms): Min: 0.0, Avg: 0.1, Max: 0.2, Diff: 0.1, Sum: 0.6]
      [Code Root Scanning (ms): Min: 0.0, Avg: 0.0, Max: 0.0, Diff: 0.0, Sum: 0.0]
      [Object Copy (ms): Min: 0.0, Avg: 0.5, Max: 0.8, Diff: 0.8, Sum: 4.1]
      [Termination (ms): Min: 0.0, Avg: 2.6, Max: 2.9, Diff: 2.9, Sum: 20.5]
         [Termination Attempts: Min: 1, Avg: 3.4, Max: 5, Diff: 4, Sum: 27]
      [GC Worker Other (ms): Min: 0.0, Avg: 0.0, Max: 0.1, Diff: 0.0, Sum: 0.3]
      [GC Worker Total (ms): Min: 5.4, Avg: 5.5, Max: 5.6, Diff: 0.2, Sum: 43.7]
      [GC Worker End (ms): Min: 712314221.7, Avg: 712314221.7, Max: 712314221.7, Diff: 0.0]
   [Code Root Fixup: 0.0 ms]
   [Code Root Purge: 0.0 ms]
   [Clear CT: 0.6 ms]
   [Other: 4.7 ms]
      [Choose CSet: 0.0 ms]
      [Ref Proc: 4.0 ms]
      [Ref Enq: 0.1 ms]
      [Redirty Cards: 0.1 ms]
      [Humongous Register: 0.1 ms]
      [Humongous Reclaim: 0.0 ms]
      [Free CSet: 0.3 ms]
   [Eden: 7152.0M(7152.0M)->0.0B(7152.0M) Survivors: 16384.0K->16384.0K Heap: 10531.0M(14336.0M)->3378.9M(14336.0M)]
 [Times: user=0.06 sys=0.01, real=0.01 secs] 
2022-07-30T03:19:02.710-0700: 713314.215: [GC pause (G1 Evacuation Pause) (young), 0.0111465 secs]
   [Parallel Time: 5.7 ms, GC Workers: 8]
      [GC Worker Start (ms): Min: 713314215.3, Avg: 713314215.4, Max: 713314215.5, Diff: 0.2]
      [Ext Root Scanning (ms): Min: 1.1, Avg: 1.9, Max: 5.5, Diff: 4.4, Sum: 15.1]
      [Update RS (ms): Min: 0.0, Avg: 0.4, Max: 0.8, Diff: 0.8, Sum: 2.9]
         [Processed Buffers: Min: 0, Avg: 19.6, Max: 61, Diff: 61, Sum: 157]
      [Scan RS (ms): Min: 0.0, Avg: 0.1, Max: 0.1, Diff: 0.1, Sum: 0.6]
      [Code Root Scanning (ms): Min: 0.0, Avg: 0.0, Max: 0.0, Diff: 0.0, Sum: 0.0]
      [Object Copy (ms): Min: 0.0, Avg: 0.5, Max: 0.8, Diff: 0.8, Sum: 3.9]
      [Termination (ms): Min: 0.0, Avg: 2.7, Max: 3.1, Diff: 3.1, Sum: 21.4]
         [Termination Attempts: Min: 1, Avg: 2.4, Max: 3, Diff: 2, Sum: 19]
      [GC Worker Other (ms): Min: 0.0, Avg: 0.0, Max: 0.0, Diff: 0.0, Sum: 0.2]
      [GC Worker Total (ms): Min: 5.4, Avg: 5.5, Max: 5.6, Diff: 0.2, Sum: 44.1]
      [GC Worker End (ms): Min: 713314220.9, Avg: 713314220.9, Max: 713314221.0, Diff: 0.0]
   [Code Root Fixup: 0.0 ms]
   [Code Root Purge: 0.0 ms]
   [Clear CT: 0.6 ms]
   [Other: 4.9 ms]
      [Choose CSet: 0.0 ms]
      [Ref Proc: 4.2 ms]
      [Ref Enq: 0.1 ms]
      [Redirty Cards: 0.1 ms]
      [Humongous Register: 0.1 ms]
      [Humongous Reclaim: 0.0 ms]
      [Free CSet: 0.3 ms]
   [Eden: 7152.0M(7152.0M)->0.0B(7152.0M) Survivors: 16384.0K->16384.0K Heap: 10530.9M(14336.0M)->3378.8M(14336.0M)]
 [Times: user=0.05 sys=0.01, real=0.01 secs] 
2022-07-30T03:35:36.812-0700: 714308.317: [GC pause (G1 Evacuation Pause) (young) (initial-mark), 0.0154881 secs]
   [Parallel Time: 10.4 ms, GC Workers: 8]
      [GC Worker Start (ms): Min: 714308319.4, Avg: 714308319.5, Max: 714308319.6, Diff: 0.1]
      [Ext Root Scanning (ms): Min: 6.8, Avg: 7.0, Max: 7.3, Diff: 0.5, Sum: 56.0]
      [Update RS (ms): Min: 0.2, Avg: 0.3, Max: 0.6, Diff: 0.4, Sum: 2.7]
         [Processed Buffers: Min: 1, Avg: 20.1, Max: 58, Diff: 57, Sum: 161]
      [Scan RS (ms): Min: 0.0, Avg: 0.1, Max: 0.1, Diff: 0.1, Sum: 0.6]
      [Code Root Scanning (ms): Min: 0.0, Avg: 0.0, Max: 0.0, Diff: 0.0, Sum: 0.0]
      [Object Copy (ms): Min: 0.3, Avg: 0.5, Max: 0.8, Diff: 0.6, Sum: 4.4]
      [Termination (ms): Min: 0.0, Avg: 0.0, Max: 0.0, Diff: 0.0, Sum: 0.2]
         [Termination Attempts: Min: 1, Avg: 5.0, Max: 8, Diff: 7, Sum: 40]
      [GC Worker Other (ms): Min: 0.0, Avg: 0.0, Max: 0.1, Diff: 0.0, Sum: 0.2]
      [GC Worker Total (ms): Min: 7.9, Avg: 8.0, Max: 8.1, Diff: 0.2, Sum: 64.1]
      [GC Worker End (ms): Min: 714308327.5, Avg: 714308327.5, Max: 714308327.5, Diff: 0.0]
   [Code Root Fixup: 0.0 ms]
   [Code Root Purge: 0.0 ms]
   [Clear CT: 0.6 ms]
   [Other: 4.4 ms]
      [Choose CSet: 0.0 ms]
      [Ref Proc: 3.7 ms]
      [Ref Enq: 0.1 ms]
      [Redirty Cards: 0.1 ms]
      [Humongous Register: 0.0 ms]
      [Humongous Reclaim: 0.0 ms]
      [Free CSet: 0.3 ms]
   [Eden: 7152.0M(7152.0M)->0.0B(7152.0M) Survivors: 16384.0K->16384.0K Heap: 10530.8M(14336.0M)->3378.9M(14336.0M)]
 [Times: user=0.06 sys=0.00, real=0.02 secs] 
2022-07-30T03:35:36.828-0700: 714308.333: [GC concurrent-root-region-scan-start]
2022-07-30T03:35:36.833-0700: 714308.338: [GC concurrent-root-region-scan-end, 0.0049848 secs]
2022-07-30T03:35:36.833-0700: 714308.338: [GC concurrent-mark-start]
2022-07-30T03:35:39.313-0700: 714310.818: [GC concurrent-mark-end, 2.4802479 secs]
2022-07-30T03:35:39.314-0700: 714310.818: [GC remark 2022-07-30T03:35:39.314-0700: 714310.818: [Finalize Marking, 0.0003827 secs] 2022-07-30T03:35:39.314-0700: 714310.819: [GC ref-proc, 0.0067206 secs] 2022-07-30T03:35:39.321-0700: 714310.826: [Unloading, 0.0289558 secs], 0.0414633 secs]
 [Times: user=0.25 sys=0.00, real=0.05 secs] 
2022-07-30T03:35:39.356-0700: 714310.860: [GC cleanup 3458M->3458M(14336M), 0.0083053 secs]
 [Times: user=0.06 sys=0.00, real=0.01 secs] 
2022-07-30T03:52:30.062-0700: 715321.567: [GC pause (G1 Evacuation Pause) (young), 0.0107768 secs]
   [Parallel Time: 5.7 ms, GC Workers: 8]
      [GC Worker Start (ms): Min: 715321567.3, Avg: 715321567.4, Max: 715321567.5, Diff: 0.2]
      [Ext Root Scanning (ms): Min: 1.1, Avg: 1.9, Max: 5.4, Diff: 4.2, Sum: 15.0]
      [Update RS (ms): Min: 0.0, Avg: 0.4, Max: 0.7, Diff: 0.7, Sum: 2.9]
         [Processed Buffers: Min: 0, Avg: 19.0, Max: 65, Diff: 65, Sum: 152]
      [Scan RS (ms): Min: 0.0, Avg: 0.1, Max: 0.1, Diff: 0.1, Sum: 0.7]
      [Code Root Scanning (ms): Min: 0.0, Avg: 0.0, Max: 0.0, Diff: 0.0, Sum: 0.0]
      [Object Copy (ms): Min: 0.0, Avg: 0.5, Max: 0.7, Diff: 0.7, Sum: 4.1]
      [Termination (ms): Min: 0.0, Avg: 2.5, Max: 2.8, Diff: 2.8, Sum: 19.7]
         [Termination Attempts: Min: 1, Avg: 2.8, Max: 5, Diff: 4, Sum: 22]
      [GC Worker Other (ms): Min: 0.0, Avg: 0.0, Max: 0.0, Diff: 0.0, Sum: 0.1]
      [GC Worker Total (ms): Min: 5.2, Avg: 5.3, Max: 5.4, Diff: 0.2, Sum: 42.6]
      [GC Worker End (ms): Min: 715321572.7, Avg: 715321572.7, Max: 715321572.8, Diff: 0.0]
   [Code Root Fixup: 0.0 ms]
   [Code Root Purge: 0.0 ms]
   [Clear CT: 0.6 ms]
   [Other: 4.5 ms]
      [Choose CSet: 0.0 ms]
      [Ref Proc: 3.8 ms]
      [Ref Enq: 0.1 ms]
      [Redirty Cards: 0.1 ms]
      [Humongous Register: 0.1 ms]
      [Humongous Reclaim: 0.0 ms]
      [Free CSet: 0.3 ms]
   [Eden: 7152.0M(7152.0M)->0.0B(7152.0M) Survivors: 16384.0K->16384.0K Heap: 10530.9M(14336.0M)->3378.9M(14336.0M)]
 [Times: user=0.06 sys=0.00, real=0.01 secs] 
2022-07-30T04:08:59.362-0700: 716310.867: [GC pause (G1 Evacuation Pause) (young), 0.0162120 secs]
   [Parallel Time: 9.0 ms, GC Workers: 8]
      [GC Worker Start (ms): Min: 716310867.3, Avg: 716310867.4, Max: 716310867.5, Diff: 0.2]
      [Ext Root Scanning (ms): Min: 2.4, Avg: 4.0, Max: 8.3, Diff: 5.9, Sum: 32.4]
      [Update RS (ms): Min: 0.0, Avg: 0.3, Max: 1.0, Diff: 1.0, Sum: 2.7]
         [Processed Buffers: Min: 0, Avg: 20.6, Max: 84, Diff: 84, Sum: 165]
      [Scan RS (ms): Min: 0.0, Avg: 0.1, Max: 0.3, Diff: 0.3, Sum: 0.9]
      [Code Root Scanning (ms): Min: 0.0, Avg: 0.0, Max: 0.0, Diff: 0.0, Sum: 0.0]
      [Object Copy (ms): Min: 0.0, Avg: 0.4, Max: 0.8, Diff: 0.8, Sum: 3.1]
      [Termination (ms): Min: 0.0, Avg: 3.8, Max: 4.4, Diff: 4.4, Sum: 30.2]
         [Termination Attempts: Min: 1, Avg: 1.0, Max: 1, Diff: 0, Sum: 8]
      [GC Worker Other (ms): Min: 0.0, Avg: 0.0, Max: 0.1, Diff: 0.0, Sum: 0.2]
      [GC Worker Total (ms): Min: 8.6, Avg: 8.7, Max: 8.8, Diff: 0.2, Sum: 69.5]
      [GC Worker End (ms): Min: 716310876.1, Avg: 716310876.1, Max: 716310876.1, Diff: 0.0]
   [Code Root Fixup: 0.0 ms]
   [Code Root Purge: 0.0 ms]
   [Clear CT: 0.6 ms]
   [Other: 6.6 ms]
      [Choose CSet: 0.0 ms]
      [Ref Proc: 6.0 ms]
      [Ref Enq: 0.1 ms]
      [Redirty Cards: 0.1 ms]
      [Humongous Register: 0.1 ms]
      [Humongous Reclaim: 0.0 ms]
      [Free CSet: 0.3 ms]
   [Eden: 7152.0M(7152.0M)->0.0B(7152.0M) Survivors: 16384.0K->16384.0K Heap: 10530.9M(14336.0M)->3378.9M(14336.0M)]
 [Times: user=0.09 sys=0.00, real=0.02 secs] 
2022-07-30T04:25:37.195-0700: 717308.700: [GC pause (G1 Evacuation Pause) (young) (initial-mark), 0.0155736 secs]
   [Parallel Time: 10.0 ms, GC Workers: 8]
      [GC Worker Start (ms): Min: 717308701.8, Avg: 717308701.9, Max: 717308702.0, Diff: 0.2]
      [Ext Root Scanning (ms): Min: 6.5, Avg: 6.8, Max: 7.0, Diff: 0.5, Sum: 54.1]
      [Update RS (ms): Min: 0.2, Avg: 0.3, Max: 0.5, Diff: 0.3, Sum: 2.3]
         [Processed Buffers: Min: 1, Avg: 20.6, Max: 61, Diff: 60, Sum: 165]
      [Scan RS (ms): Min: 0.0, Avg: 0.1, Max: 0.1, Diff: 0.1, Sum: 0.5]
      [Code Root Scanning (ms): Min: 0.0, Avg: 0.0, Max: 0.0, Diff: 0.0, Sum: 0.0]
      [Object Copy (ms): Min: 0.2, Avg: 0.5, Max: 0.7, Diff: 0.5, Sum: 3.9]
      [Termination (ms): Min: 0.0, Avg: 0.1, Max: 0.1, Diff: 0.1, Sum: 0.4]
         [Termination Attempts: Min: 1, Avg: 1.4, Max: 3, Diff: 2, Sum: 11]
      [GC Worker Other (ms): Min: 0.0, Avg: 0.0, Max: 0.1, Diff: 0.0, Sum: 0.2]
      [GC Worker Total (ms): Min: 7.6, Avg: 7.7, Max: 7.8, Diff: 0.1, Sum: 61.4]
      [GC Worker End (ms): Min: 717308709.6, Avg: 717308709.6, Max: 717308709.6, Diff: 0.0]
   [Code Root Fixup: 0.0 ms]
   [Code Root Purge: 0.0 ms]
   [Clear CT: 0.7 ms]
   [Other: 4.8 ms]
      [Choose CSet: 0.0 ms]
      [Ref Proc: 4.0 ms]
      [Ref Enq: 0.1 ms]
      [Redirty Cards: 0.1 ms]
      [Humongous Register: 0.0 ms]
      [Humongous Reclaim: 0.0 ms]
      [Free CSet: 0.3 ms]
   [Eden: 7152.0M(7152.0M)->0.0B(7152.0M) Survivors: 16384.0K->16384.0K Heap: 10530.9M(14336.0M)->3379.0M(14336.0M)]
 [Times: user=0.06 sys=0.00, real=0.01 secs] 
2022-07-30T04:25:37.211-0700: 717308.715: [GC concurrent-root-region-scan-start]
2022-07-30T04:25:37.216-0700: 717308.720: [GC concurrent-root-region-scan-end, 0.0048834 secs]
2022-07-30T04:25:37.216-0700: 717308.720: [GC concurrent-mark-start]
2022-07-30T04:25:39.676-0700: 717311.180: [GC concurrent-mark-end, 2.4599558 secs]
2022-07-30T04:25:39.676-0700: 717311.181: [GC remark 2022-07-30T04:25:39.676-0700: 717311.181: [Finalize Marking, 0.0003709 secs] 2022-07-30T04:25:39.676-0700: 717311.181: [GC ref-proc, 0.0061818 secs] 2022-07-30T04:25:39.683-0700: 717311.187: [Unloading, 0.0279371 secs], 0.0398613 secs]
 [Times: user=0.26 sys=0.00, real=0.04 secs] 
2022-07-30T04:25:39.716-0700: 717311.221: [GC cleanup 3419M->3419M(14336M), 0.0077084 secs]
 [Times: user=0.05 sys=0.00, real=0.01 secs] 
2022-07-30T04:42:21.662-0700: 718313.167: [GC pause (G1 Evacuation Pause) (young), 0.0118319 secs]
   [Parallel Time: 6.1 ms, GC Workers: 8]
      [GC Worker Start (ms): Min: 718313167.4, Avg: 718313167.5, Max: 718313167.6, Diff: 0.2]
      [Ext Root Scanning (ms): Min: 1.2, Avg: 2.0, Max: 5.9, Diff: 4.7, Sum: 15.8]
      [Update RS (ms): Min: 0.0, Avg: 0.4, Max: 0.7, Diff: 0.7, Sum: 3.1]
         [Processed Buffers: Min: 0, Avg: 21.5, Max: 67, Diff: 67, Sum: 172]
      [Scan RS (ms): Min: 0.0, Avg: 0.1, Max: 0.2, Diff: 0.2, Sum: 0.7]
      [Code Root Scanning (ms): Min: 0.0, Avg: 0.0, Max: 0.0, Diff: 0.0, Sum: 0.0]
      [Object Copy (ms): Min: 0.0, Avg: 0.5, Max: 0.8, Diff: 0.8, Sum: 4.2]
      [Termination (ms): Min: 0.0, Avg: 2.9, Max: 3.3, Diff: 3.3, Sum: 23.1]
         [Termination Attempts: Min: 1, Avg: 3.9, Max: 8, Diff: 7, Sum: 31]
      [GC Worker Other (ms): Min: 0.0, Avg: 0.0, Max: 0.0, Diff: 0.0, Sum: 0.2]
      [GC Worker Total (ms): Min: 5.8, Avg: 5.9, Max: 5.9, Diff: 0.1, Sum: 47.0]
      [GC Worker End (ms): Min: 718313173.4, Avg: 718313173.4, Max: 718313173.4, Diff: 0.0]
   [Code Root Fixup: 0.0 ms]
   [Code Root Purge: 0.0 ms]
   [Clear CT: 0.6 ms]
   [Other: 5.2 ms]
      [Choose CSet: 0.0 ms]
      [Ref Proc: 4.4 ms]
      [Ref Enq: 0.1 ms]
      [Redirty Cards: 0.1 ms]
      [Humongous Register: 0.1 ms]
      [Humongous Reclaim: 0.0 ms]
      [Free CSet: 0.3 ms]
   [Eden: 7152.0M(7152.0M)->0.0B(7152.0M) Survivors: 16384.0K->16384.0K Heap: 10531.0M(14336.0M)->3379.0M(14336.0M)]
 [Times: user=0.06 sys=0.00, real=0.01 secs] 
2022-07-30T04:59:05.113-0700: 719316.617: [GC pause (G1 Evacuation Pause) (young), 0.0088975 secs]
   [Parallel Time: 5.7 ms, GC Workers: 8]
      [GC Worker Start (ms): Min: 719316617.4, Avg: 719316617.5, Max: 719316617.5, Diff: 0.1]
      [Ext Root Scanning (ms): Min: 1.3, Avg: 2.0, Max: 5.5, Diff: 4.2, Sum: 15.9]
      [Update RS (ms): Min: 0.0, Avg: 0.4, Max: 0.7, Diff: 0.7, Sum: 2.9]
         [Processed Buffers: Min: 0, Avg: 22.4, Max: 60, Diff: 60, Sum: 179]
      [Scan RS (ms): Min: 0.0, Avg: 0.1, Max: 0.1, Diff: 0.1, Sum: 0.6]
      [Code Root Scanning (ms): Min: 0.0, Avg: 0.0, Max: 0.0, Diff: 0.0, Sum: 0.0]
      [Object Copy (ms): Min: 0.0, Avg: 0.5, Max: 0.7, Diff: 0.7, Sum: 3.8]
      [Termination (ms): Min: 0.0, Avg: 2.6, Max: 2.9, Diff: 2.9, Sum: 20.5]
         [Termination Attempts: Min: 1, Avg: 2.8, Max: 4, Diff: 3, Sum: 22]
      [GC Worker Other (ms): Min: 0.0, Avg: 0.0, Max: 0.1, Diff: 0.0, Sum: 0.2]
      [GC Worker Total (ms): Min: 5.4, Avg: 5.5, Max: 5.5, Diff: 0.1, Sum: 43.9]
      [GC Worker End (ms): Min: 719316622.9, Avg: 719316623.0, Max: 719316623.0, Diff: 0.1]
   [Code Root Fixup: 0.0 ms]
   [Code Root Purge: 0.0 ms]
   [Clear CT: 0.6 ms]
   [Other: 2.6 ms]
      [Choose CSet: 0.0 ms]
      [Ref Proc: 1.8 ms]
      [Ref Enq: 0.1 ms]
      [Redirty Cards: 0.1 ms]
      [Humongous Register: 0.1 ms]
      [Humongous Reclaim: 0.0 ms]
      [Free CSet: 0.3 ms]
   [Eden: 7152.0M(7152.0M)->0.0B(7152.0M) Survivors: 16384.0K->16384.0K Heap: 10531.0M(14336.0M)->3378.9M(14336.0M)]
 [Times: user=0.06 sys=0.00, real=0.01 secs] 
2022-07-30T05:15:39.163-0700: 720310.668: [GC pause (G1 Evacuation Pause) (young) (initial-mark), 0.0119642 secs]
   [Parallel Time: 8.8 ms, GC Workers: 8]
      [GC Worker Start (ms): Min: 720310669.6, Avg: 720310669.7, Max: 720310669.7, Diff: 0.1]
      [Ext Root Scanning (ms): Min: 5.9, Avg: 6.1, Max: 6.5, Diff: 0.5, Sum: 49.1]
      [Update RS (ms): Min: 0.2, Avg: 0.3, Max: 0.5, Diff: 0.3, Sum: 2.1]
         [Processed Buffers: Min: 1, Avg: 21.6, Max: 71, Diff: 70, Sum: 173]
      [Scan RS (ms): Min: 0.0, Avg: 0.1, Max: 0.1, Diff: 0.1, Sum: 0.5]
      [Code Root Scanning (ms): Min: 0.0, Avg: 0.0, Max: 0.0, Diff: 0.0, Sum: 0.0]
      [Object Copy (ms): Min: 0.1, Avg: 0.5, Max: 0.7, Diff: 0.6, Sum: 3.8]
      [Termination (ms): Min: 0.0, Avg: 0.1, Max: 0.1, Diff: 0.1, Sum: 0.4]
         [Termination Attempts: Min: 1, Avg: 3.8, Max: 6, Diff: 5, Sum: 30]
      [GC Worker Other (ms): Min: 0.0, Avg: 0.0, Max: 0.1, Diff: 0.0, Sum: 0.3]
      [GC Worker Total (ms): Min: 7.0, Avg: 7.0, Max: 7.1, Diff: 0.2, Sum: 56.2]
      [GC Worker End (ms): Min: 720310676.7, Avg: 720310676.7, Max: 720310676.7, Diff: 0.1]
   [Code Root Fixup: 0.0 ms]
   [Code Root Purge: 0.0 ms]
   [Clear CT: 0.7 ms]
   [Other: 2.4 ms]
      [Choose CSet: 0.0 ms]
      [Ref Proc: 1.7 ms]
      [Ref Enq: 0.1 ms]
      [Redirty Cards: 0.1 ms]
      [Humongous Register: 0.0 ms]
      [Humongous Reclaim: 0.0 ms]
      [Free CSet: 0.3 ms]
   [Eden: 7152.0M(7152.0M)->0.0B(7152.0M) Survivors: 16384.0K->16384.0K Heap: 10530.9M(14336.0M)->3379.1M(14336.0M)]
 [Times: user=0.06 sys=0.00, real=0.01 secs] 
2022-07-30T05:15:39.175-0700: 720310.680: [GC concurrent-root-region-scan-start]
2022-07-30T05:15:39.180-0700: 720310.685: [GC concurrent-root-region-scan-end, 0.0047542 secs]
2022-07-30T05:15:39.180-0700: 720310.685: [GC concurrent-mark-start]
2022-07-30T05:15:41.651-0700: 720313.156: [GC concurrent-mark-end, 2.4709197 secs]
2022-07-30T05:15:41.651-0700: 720313.156: [GC remark 2022-07-30T05:15:41.651-0700: 720313.156: [Finalize Marking, 0.0002440 secs] 2022-07-30T05:15:41.652-0700: 720313.156: [GC ref-proc, 0.0106494 secs] 2022-07-30T05:15:41.662-0700: 720313.167: [Unloading, 0.0278518 secs], 0.0441461 secs]
 [Times: user=0.26 sys=0.00, real=0.05 secs] 
2022-07-30T05:15:41.696-0700: 720313.200: [GC cleanup 3443M->3443M(14336M), 0.0080314 secs]
 [Times: user=0.06 sys=0.00, real=0.01 secs] 
2022-07-30T05:32:22.663-0700: 721314.167: [GC pause (G1 Evacuation Pause) (young), 0.0117215 secs]
   [Parallel Time: 6.1 ms, GC Workers: 8]
      [GC Worker Start (ms): Min: 721314167.5, Avg: 721314167.6, Max: 721314167.7, Diff: 0.2]
      [Ext Root Scanning (ms): Min: 1.1, Avg: 1.9, Max: 5.7, Diff: 4.6, Sum: 14.9]
      [Update RS (ms): Min: 0.0, Avg: 0.3, Max: 0.8, Diff: 0.8, Sum: 2.7]
         [Processed Buffers: Min: 0, Avg: 21.0, Max: 49, Diff: 49, Sum: 168]
      [Scan RS (ms): Min: 0.0, Avg: 0.1, Max: 0.1, Diff: 0.1, Sum: 0.6]
      [Code Root Scanning (ms): Min: 0.0, Avg: 0.0, Max: 0.0, Diff: 0.0, Sum: 0.0]
      [Object Copy (ms): Min: 0.0, Avg: 0.4, Max: 0.7, Diff: 0.6, Sum: 3.4]
      [Termination (ms): Min: 0.0, Avg: 2.9, Max: 3.4, Diff: 3.4, Sum: 23.6]
         [Termination Attempts: Min: 1, Avg: 1.2, Max: 2, Diff: 1, Sum: 10]
      [GC Worker Other (ms): Min: 0.0, Avg: 0.0, Max: 0.0, Diff: 0.0, Sum: 0.1]
      [GC Worker Total (ms): Min: 5.6, Avg: 5.7, Max: 5.7, Diff: 0.2, Sum: 45.4]
      [GC Worker End (ms): Min: 721314173.2, Avg: 721314173.3, Max: 721314173.3, Diff: 0.0]
   [Code Root Fixup: 0.0 ms]
   [Code Root Purge: 0.0 ms]
   [Clear CT: 0.6 ms]
   [Other: 5.1 ms]
      [Choose CSet: 0.0 ms]
      [Ref Proc: 4.3 ms]
      [Ref Enq: 0.1 ms]
      [Redirty Cards: 0.1 ms]
      [Humongous Register: 0.1 ms]
      [Humongous Reclaim: 0.0 ms]
      [Free CSet: 0.3 ms]
   [Eden: 7152.0M(7152.0M)->0.0B(7152.0M) Survivors: 16384.0K->16384.0K Heap: 10531.1M(14336.0M)->3379.0M(14336.0M)]
 [Times: user=0.06 sys=0.00, real=0.01 secs] 
2022-07-30T05:48:53.013-0700: 722304.518: [GC pause (G1 Evacuation Pause) (young), 0.0088287 secs]
   [Parallel Time: 5.6 ms, GC Workers: 8]
      [GC Worker Start (ms): Min: 722304517.6, Avg: 722304517.8, Max: 722304517.8, Diff: 0.2]
      [Ext Root Scanning (ms): Min: 1.2, Avg: 2.0, Max: 5.4, Diff: 4.2, Sum: 15.7]
      [Update RS (ms): Min: 0.0, Avg: 0.3, Max: 0.5, Diff: 0.5, Sum: 2.5]
         [Processed Buffers: Min: 0, Avg: 21.0, Max: 53, Diff: 53, Sum: 168]
      [Scan RS (ms): Min: 0.0, Avg: 0.1, Max: 0.1, Diff: 0.1, Sum: 0.5]
      [Code Root Scanning (ms): Min: 0.0, Avg: 0.0, Max: 0.0, Diff: 0.0, Sum: 0.0]
      [Object Copy (ms): Min: 0.0, Avg: 0.4, Max: 0.6, Diff: 0.6, Sum: 3.5]
      [Termination (ms): Min: 0.0, Avg: 2.6, Max: 2.9, Diff: 2.9, Sum: 20.6]
         [Termination Attempts: Min: 1, Avg: 1.8, Max: 3, Diff: 2, Sum: 14]
      [GC Worker Other (ms): Min: 0.0, Avg: 0.0, Max: 0.1, Diff: 0.0, Sum: 0.2]
      [GC Worker Total (ms): Min: 5.3, Avg: 5.4, Max: 5.5, Diff: 0.2, Sum: 43.0]
      [GC Worker End (ms): Min: 722304523.1, Avg: 722304523.1, Max: 722304523.2, Diff: 0.0]
   [Code Root Fixup: 0.0 ms]
   [Code Root Purge: 0.0 ms]
   [Clear CT: 0.6 ms]
   [Other: 2.6 ms]
      [Choose CSet: 0.0 ms]
      [Ref Proc: 1.9 ms]
      [Ref Enq: 0.1 ms]
      [Redirty Cards: 0.1 ms]
      [Humongous Register: 0.1 ms]
      [Humongous Reclaim: 0.0 ms]
      [Free CSet: 0.3 ms]
   [Eden: 7152.0M(7152.0M)->0.0B(7152.0M) Survivors: 16384.0K->16384.0K Heap: 10531.0M(14336.0M)->3378.9M(14336.0M)]
 [Times: user=0.06 sys=0.00, real=0.01 secs] 
2022-07-30T06:05:32.212-0700: 723303.717: [GC pause (G1 Evacuation Pause) (young) (initial-mark), 0.0151040 secs]
   [Parallel Time: 9.9 ms, GC Workers: 8]
      [GC Worker Start (ms): Min: 723303718.9, Avg: 723303719.0, Max: 723303719.1, Diff: 0.2]
      [Ext Root Scanning (ms): Min: 6.4, Avg: 6.6, Max: 7.0, Diff: 0.6, Sum: 53.0]
      [Update RS (ms): Min: 0.2, Avg: 0.3, Max: 0.6, Diff: 0.4, Sum: 2.4]
         [Processed Buffers: Min: 1, Avg: 22.2, Max: 56, Diff: 55, Sum: 178]
      [Scan RS (ms): Min: 0.0, Avg: 0.1, Max: 0.1, Diff: 0.1, Sum: 0.5]
      [Code Root Scanning (ms): Min: 0.0, Avg: 0.0, Max: 0.0, Diff: 0.0, Sum: 0.0]
      [Object Copy (ms): Min: 0.0, Avg: 0.5, Max: 0.7, Diff: 0.7, Sum: 4.0]
      [Termination (ms): Min: 0.0, Avg: 0.1, Max: 0.1, Diff: 0.1, Sum: 0.5]
         [Termination Attempts: Min: 1, Avg: 1.5, Max: 3, Diff: 2, Sum: 12]
      [GC Worker Other (ms): Min: 0.0, Avg: 0.0, Max: 0.1, Diff: 0.1, Sum: 0.3]
      [GC Worker Total (ms): Min: 7.5, Avg: 7.6, Max: 7.7, Diff: 0.2, Sum: 60.7]
      [GC Worker End (ms): Min: 723303726.6, Avg: 723303726.6, Max: 723303726.6, Diff: 0.1]
   [Code Root Fixup: 0.0 ms]
   [Code Root Purge: 0.0 ms]
   [Clear CT: 0.6 ms]
   [Other: 4.5 ms]
      [Choose CSet: 0.0 ms]
      [Ref Proc: 3.8 ms]
      [Ref Enq: 0.1 ms]
      [Redirty Cards: 0.1 ms]
      [Humongous Register: 0.0 ms]
      [Humongous Reclaim: 0.0 ms]
      [Free CSet: 0.3 ms]
   [Eden: 7152.0M(7152.0M)->0.0B(7152.0M) Survivors: 16384.0K->16384.0K Heap: 10530.9M(14336.0M)->3379.1M(14336.0M)]
 [Times: user=0.06 sys=0.00, real=0.02 secs] 
2022-07-30T06:05:32.227-0700: 723303.732: [GC concurrent-root-region-scan-start]
2022-07-30T06:05:32.232-0700: 723303.737: [GC concurrent-root-region-scan-end, 0.0051486 secs]
2022-07-30T06:05:32.232-0700: 723303.737: [GC concurrent-mark-start]
2022-07-30T06:05:34.694-0700: 723306.199: [GC concurrent-mark-end, 2.4616863 secs]
2022-07-30T06:05:34.695-0700: 723306.199: [GC remark 2022-07-30T06:05:34.695-0700: 723306.199: [Finalize Marking, 0.0002394 secs] 2022-07-30T06:05:34.695-0700: 723306.200: [GC ref-proc, 0.0102854 secs] 2022-07-30T06:05:34.705-0700: 723306.210: [Unloading, 0.0271941 secs], 0.0432022 secs]
 [Times: user=0.25 sys=0.00, real=0.05 secs] 
2022-07-30T06:05:34.738-0700: 723306.243: [GC cleanup 3423M->3423M(14336M), 0.0079705 secs]
 [Times: user=0.06 sys=0.00, real=0.01 secs] 
2022-07-30T06:22:08.063-0700: 724299.568: [GC pause (G1 Evacuation Pause) (young), 0.0112588 secs]
   [Parallel Time: 5.8 ms, GC Workers: 8]
      [GC Worker Start (ms): Min: 724299567.6, Avg: 724299567.7, Max: 724299567.8, Diff: 0.1]
      [Ext Root Scanning (ms): Min: 1.1, Avg: 1.9, Max: 5.7, Diff: 4.5, Sum: 14.9]
      [Update RS (ms): Min: 0.0, Avg: 0.3, Max: 0.6, Diff: 0.6, Sum: 2.6]
         [Processed Buffers: Min: 0, Avg: 21.6, Max: 58, Diff: 58, Sum: 173]
      [Scan RS (ms): Min: 0.0, Avg: 0.1, Max: 0.1, Diff: 0.1, Sum: 0.6]
      [Code Root Scanning (ms): Min: 0.0, Avg: 0.0, Max: 0.0, Diff: 0.0, Sum: 0.0]
      [Object Copy (ms): Min: 0.0, Avg: 0.4, Max: 0.7, Diff: 0.7, Sum: 3.3]
      [Termination (ms): Min: 0.0, Avg: 3.0, Max: 3.4, Diff: 3.4, Sum: 23.7]
         [Termination Attempts: Min: 1, Avg: 1.0, Max: 1, Diff: 0, Sum: 8]
      [GC Worker Other (ms): Min: 0.0, Avg: 0.0, Max: 0.0, Diff: 0.0, Sum: 0.2]
      [GC Worker Total (ms): Min: 5.6, Avg: 5.7, Max: 5.7, Diff: 0.1, Sum: 45.3]
      [GC Worker End (ms): Min: 724299573.4, Avg: 724299573.4, Max: 724299573.4, Diff: 0.0]
   [Code Root Fixup: 0.0 ms]
   [Code Root Purge: 0.0 ms]
   [Clear CT: 0.6 ms]
   [Other: 4.9 ms]
      [Choose CSet: 0.0 ms]
      [Ref Proc: 4.2 ms]
      [Ref Enq: 0.1 ms]
      [Redirty Cards: 0.1 ms]
      [Humongous Register: 0.1 ms]
      [Humongous Reclaim: 0.0 ms]
      [Free CSet: 0.3 ms]
   [Eden: 7152.0M(7152.0M)->0.0B(7152.0M) Survivors: 16384.0K->16384.0K Heap: 10531.1M(14336.0M)->3379.0M(14336.0M)]
 [Times: user=0.05 sys=0.01, real=0.00 secs] 
2022-07-30T06:38:31.712-0700: 725283.217: [GC pause (G1 Evacuation Pause) (young), 0.0117783 secs]
   [Parallel Time: 5.6 ms, GC Workers: 8]
      [GC Worker Start (ms): Min: 725283217.2, Avg: 725283217.3, Max: 725283217.3, Diff: 0.1]
      [Ext Root Scanning (ms): Min: 1.1, Avg: 1.8, Max: 5.2, Diff: 4.2, Sum: 14.4]
      [Update RS (ms): Min: 0.0, Avg: 0.3, Max: 0.7, Diff: 0.7, Sum: 2.8]
         [Processed Buffers: Min: 0, Avg: 21.8, Max: 47, Diff: 47, Sum: 174]
      [Scan RS (ms): Min: 0.0, Avg: 0.1, Max: 0.1, Diff: 0.1, Sum: 0.6]
      [Code Root Scanning (ms): Min: 0.0, Avg: 0.0, Max: 0.0, Diff: 0.0, Sum: 0.0]
      [Object Copy (ms): Min: 0.0, Avg: 0.5, Max: 0.7, Diff: 0.7, Sum: 3.6]
      [Termination (ms): Min: 0.0, Avg: 2.5, Max: 2.9, Diff: 2.9, Sum: 20.4]
         [Termination Attempts: Min: 1, Avg: 1.9, Max: 3, Diff: 2, Sum: 15]
      [GC Worker Other (ms): Min: 0.0, Avg: 0.0, Max: 0.0, Diff: 0.0, Sum: 0.1]
      [GC Worker Total (ms): Min: 5.2, Avg: 5.3, Max: 5.3, Diff: 0.2, Sum: 42.0]
      [GC Worker End (ms): Min: 725283222.5, Avg: 725283222.5, Max: 725283222.6, Diff: 0.1]
   [Code Root Fixup: 0.0 ms]
   [Code Root Purge: 0.0 ms]
   [Clear CT: 0.7 ms]
   [Other: 5.5 ms]
      [Choose CSet: 0.0 ms]
      [Ref Proc: 4.7 ms]
      [Ref Enq: 0.1 ms]
      [Redirty Cards: 0.1 ms]
      [Humongous Register: 0.1 ms]
      [Humongous Reclaim: 0.0 ms]
      [Free CSet: 0.3 ms]
   [Eden: 7152.0M(7152.0M)->0.0B(7152.0M) Survivors: 16384.0K->16384.0K Heap: 10531.0M(14336.0M)->3379.1M(14336.0M)]
 [Times: user=0.06 sys=0.01, real=0.02 secs] 
2022-07-30T06:51:00.548-0700: 726032.053: [GC pause (G1 Humongous Allocation) (young) (initial-mark), 0.0152975 secs]
   [Parallel Time: 10.9 ms, GC Workers: 8]
      [GC Worker Start (ms): Min: 726032055.1, Avg: 726032055.2, Max: 726032055.3, Diff: 0.2]
      [Ext Root Scanning (ms): Min: 7.0, Avg: 7.4, Max: 7.6, Diff: 0.6, Sum: 58.9]
      [Update RS (ms): Min: 0.2, Avg: 0.4, Max: 0.7, Diff: 0.4, Sum: 2.9]
         [Processed Buffers: Min: 1, Avg: 17.8, Max: 63, Diff: 62, Sum: 142]
      [Scan RS (ms): Min: 0.0, Avg: 0.1, Max: 0.2, Diff: 0.2, Sum: 0.5]
      [Code Root Scanning (ms): Min: 0.0, Avg: 0.0, Max: 0.0, Diff: 0.0, Sum: 0.0]
      [Object Copy (ms): Min: 0.3, Avg: 0.6, Max: 0.9, Diff: 0.6, Sum: 5.2]
      [Termination (ms): Min: 0.0, Avg: 0.0, Max: 0.1, Diff: 0.1, Sum: 0.3]
         [Termination Attempts: Min: 1, Avg: 1.1, Max: 2, Diff: 1, Sum: 9]
      [GC Worker Other (ms): Min: 0.0, Avg: 0.0, Max: 0.0, Diff: 0.0, Sum: 0.2]
      [GC Worker Total (ms): Min: 8.4, Avg: 8.5, Max: 8.6, Diff: 0.2, Sum: 68.0]
      [GC Worker End (ms): Min: 726032063.7, Avg: 726032063.7, Max: 726032063.7, Diff: 0.0]
   [Code Root Fixup: 0.0 ms]
   [Code Root Purge: 0.0 ms]
   [Clear CT: 0.5 ms]
   [Other: 3.9 ms]
      [Choose CSet: 0.0 ms]
      [Ref Proc: 3.2 ms]
      [Ref Enq: 0.1 ms]
      [Redirty Cards: 0.1 ms]
      [Humongous Register: 0.0 ms]
      [Humongous Reclaim: 0.0 ms]
      [Free CSet: 0.2 ms]
   [Eden: 5360.0M(7152.0M)->0.0B(7152.0M) Survivors: 16384.0K->16384.0K Heap: 8732.3M(14336.0M)->3381.2M(14336.0M)]
 [Times: user=0.07 sys=0.00, real=0.02 secs] 
2022-07-30T06:51:00.564-0700: 726032.068: [GC concurrent-root-region-scan-start]
2022-07-30T06:51:00.569-0700: 726032.074: [GC concurrent-root-region-scan-end, 0.0053851 secs]
2022-07-30T06:51:00.569-0700: 726032.074: [GC concurrent-mark-start]
2022-07-30T06:51:03.042-0700: 726034.547: [GC concurrent-mark-end, 2.4728323 secs]
2022-07-30T06:51:03.042-0700: 726034.547: [GC remark 2022-07-30T06:51:03.042-0700: 726034.547: [Finalize Marking, 0.0002174 secs] 2022-07-30T06:51:03.043-0700: 726034.547: [GC ref-proc, 0.0103588 secs] 2022-07-30T06:51:03.053-0700: 726034.558: [Unloading, 0.0277913 secs], 0.0438695 secs]
 [Times: user=0.26 sys=0.00, real=0.05 secs] 
2022-07-30T06:51:03.086-0700: 726034.591: [GC cleanup 3438M->3438M(14336M), 0.0076826 secs]
 [Times: user=0.06 sys=0.00, real=0.00 secs] 
2022-07-30T06:52:45.066-0700: 726136.571: [GC pause (GCLocker Initiated GC) (young), 0.0611311 secs]
   [Parallel Time: 57.9 ms, GC Workers: 8]
      [GC Worker Start (ms): Min: 726136570.7, Avg: 726136570.7, Max: 726136570.8, Diff: 0.1]
      [Ext Root Scanning (ms): Min: 1.2, Avg: 2.0, Max: 6.0, Diff: 4.8, Sum: 15.8]
      [Update RS (ms): Min: 0.0, Avg: 1.9, Max: 2.3, Diff: 2.3, Sum: 15.1]
         [Processed Buffers: Min: 0, Avg: 20.8, Max: 35, Diff: 35, Sum: 166]
      [Scan RS (ms): Min: 0.0, Avg: 0.1, Max: 0.2, Diff: 0.1, Sum: 0.5]
      [Code Root Scanning (ms): Min: 0.0, Avg: 0.0, Max: 0.0, Diff: 0.0, Sum: 0.0]
      [Object Copy (ms): Min: 49.1, Avg: 51.4, Max: 54.0, Diff: 4.9, Sum: 411.6]
      [Termination (ms): Min: 0.0, Avg: 2.2, Max: 2.6, Diff: 2.6, Sum: 17.6]
         [Termination Attempts: Min: 1, Avg: 1.2, Max: 2, Diff: 1, Sum: 10]
      [GC Worker Other (ms): Min: 0.0, Avg: 0.0, Max: 0.0, Diff: 0.0, Sum: 0.1]
      [GC Worker Total (ms): Min: 57.5, Avg: 57.6, Max: 57.7, Diff: 0.2, Sum: 460.7]
      [GC Worker End (ms): Min: 726136628.3, Avg: 726136628.3, Max: 726136628.4, Diff: 0.1]
   [Code Root Fixup: 0.0 ms]
   [Code Root Purge: 0.0 ms]
   [Clear CT: 0.7 ms]
   [Other: 2.6 ms]
      [Choose CSet: 0.0 ms]
      [Ref Proc: 1.9 ms]
      [Ref Enq: 0.1 ms]
      [Redirty Cards: 0.1 ms]
      [Humongous Register: 0.1 ms]
      [Humongous Reclaim: 0.0 ms]
      [Free CSet: 0.3 ms]
   [Eden: 7168.0M(7152.0M)->0.0B(6976.0M) Survivors: 16384.0K->192.0M Heap: 10549.2M(14336.0M)->3580.2M(14336.0M)]
 [Times: user=0.47 sys=0.00, real=0.06 secs] 
2022-07-30T06:54:05.624-0700: 726217.128: [GC pause (G1 Evacuation Pause) (young), 0.1297298 secs]
   [Parallel Time: 124.8 ms, GC Workers: 8]
      [GC Worker Start (ms): Min: 726217128.5, Avg: 726217128.6, Max: 726217128.7, Diff: 0.1]
      [Ext Root Scanning (ms): Min: 0.9, Avg: 1.6, Max: 5.3, Diff: 4.4, Sum: 13.0]
      [Update RS (ms): Min: 0.1, Avg: 3.7, Max: 4.4, Diff: 4.3, Sum: 29.6]
         [Processed Buffers: Min: 5, Avg: 8.0, Max: 12, Diff: 7, Sum: 64]
      [Scan RS (ms): Min: 0.0, Avg: 0.0, Max: 0.1, Diff: 0.1, Sum: 0.4]
      [Code Root Scanning (ms): Min: 0.0, Avg: 0.0, Max: 0.0, Diff: 0.0, Sum: 0.0]
      [Object Copy (ms): Min: 119.0, Avg: 119.1, Max: 119.3, Diff: 0.2, Sum: 953.1]
      [Termination (ms): Min: 0.0, Avg: 0.0, Max: 0.0, Diff: 0.0, Sum: 0.1]
         [Termination Attempts: Min: 1, Avg: 1.8, Max: 3, Diff: 2, Sum: 14]
      [GC Worker Other (ms): Min: 0.0, Avg: 0.0, Max: 0.1, Diff: 0.1, Sum: 0.3]
      [GC Worker Total (ms): Min: 124.5, Avg: 124.6, Max: 124.6, Diff: 0.1, Sum: 996.6]
      [GC Worker End (ms): Min: 726217253.2, Avg: 726217253.2, Max: 726217253.2, Diff: 0.1]
   [Code Root Fixup: 0.0 ms]
   [Code Root Purge: 0.0 ms]
   [Clear CT: 0.7 ms]
   [Other: 4.2 ms]
      [Choose CSet: 0.0 ms]
      [Ref Proc: 3.3 ms]
      [Ref Enq: 0.1 ms]
      [Redirty Cards: 0.2 ms]
      [Humongous Register: 0.1 ms]
      [Humongous Reclaim: 0.0 ms]
      [Free CSet: 0.3 ms]
   [Eden: 6976.0M(6976.0M)->0.0B(6944.0M) Survivors: 192.0M->224.0M Heap: 10556.2M(14336.0M)->3822.4M(14336.0M)]
 [Times: user=0.97 sys=0.00, real=0.12 secs] 
2022-07-30T06:56:25.817-0700: 726357.322: [GC pause (G1 Evacuation Pause) (young) (initial-mark), 0.0914357 secs]
   [Parallel Time: 87.3 ms, GC Workers: 8]
      [GC Worker Start (ms): Min: 726357324.0, Avg: 726357324.1, Max: 726357324.2, Diff: 0.2]
      [Ext Root Scanning (ms): Min: 5.6, Avg: 6.0, Max: 6.4, Diff: 0.8, Sum: 47.9]
      [Update RS (ms): Min: 11.7, Avg: 11.9, Max: 12.2, Diff: 0.5, Sum: 94.9]
         [Processed Buffers: Min: 42, Avg: 43.6, Max: 46, Diff: 4, Sum: 349]
      [Scan RS (ms): Min: 7.0, Avg: 7.3, Max: 7.5, Diff: 0.5, Sum: 58.6]
      [Code Root Scanning (ms): Min: 0.0, Avg: 0.0, Max: 0.0, Diff: 0.0, Sum: 0.0]
      [Object Copy (ms): Min: 59.3, Avg: 59.8, Max: 60.1, Diff: 0.8, Sum: 478.1]
      [Termination (ms): Min: 0.0, Avg: 0.0, Max: 0.0, Diff: 0.0, Sum: 0.0]
         [Termination Attempts: Min: 1, Avg: 34.5, Max: 58, Diff: 57, Sum: 276]
      [GC Worker Other (ms): Min: 0.0, Avg: 0.1, Max: 0.3, Diff: 0.3, Sum: 1.0]
      [GC Worker Total (ms): Min: 84.9, Avg: 85.1, Max: 85.2, Diff: 0.2, Sum: 680.5]
      [GC Worker End (ms): Min: 726357409.1, Avg: 726357409.2, Max: 726357409.3, Diff: 0.3]
   [Code Root Fixup: 0.0 ms]
   [Code Root Purge: 0.0 ms]
   [Clear CT: 0.7 ms]
   [Other: 3.4 ms]
      [Choose CSet: 0.0 ms]
      [Ref Proc: 2.4 ms]
      [Ref Enq: 0.1 ms]
      [Redirty Cards: 0.4 ms]
      [Humongous Register: 0.0 ms]
      [Humongous Reclaim: 0.0 ms]
      [Free CSet: 0.3 ms]
   [Eden: 5504.0M(5504.0M)->0.0B(7040.0M) Survivors: 224.0M->128.0M Heap: 9326.4M(14336.0M)->3984.0M(14336.0M)]
 [Times: user=0.68 sys=0.00, real=0.09 secs] 
2022-07-30T06:56:25.910-0700: 726357.415: [GC concurrent-root-region-scan-start]
2022-07-30T06:56:25.953-0700: 726357.458: [GC concurrent-root-region-scan-end, 0.0432263 secs]
2022-07-30T06:56:25.953-0700: 726357.458: [GC concurrent-mark-start]
2022-07-30T06:56:28.664-0700: 726360.168: [GC concurrent-mark-end, 2.7102844 secs]
2022-07-30T06:56:28.664-0700: 726360.169: [GC remark 2022-07-30T06:56:28.664-0700: 726360.169: [Finalize Marking, 0.0003370 secs] 2022-07-30T06:56:28.664-0700: 726360.169: [GC ref-proc, 0.0064917 secs] 2022-07-30T06:56:28.671-0700: 726360.176: [Unloading, 0.0281518 secs], 0.0412866 secs]
 [Times: user=0.26 sys=0.00, real=0.04 secs] 
2022-07-30T06:56:28.706-0700: 726360.210: [GC cleanup 4128M->4128M(14336M), 0.0090840 secs]
 [Times: user=0.06 sys=0.00, real=0.01 secs] 
2022-07-30T06:58:03.545-0700: 726455.050: [GC pause (GCLocker Initiated GC) (young), 0.1124834 secs]
   [Parallel Time: 109.0 ms, GC Workers: 8]
      [GC Worker Start (ms): Min: 726455050.0, Avg: 726455050.0, Max: 726455050.0, Diff: 0.1]
      [Ext Root Scanning (ms): Min: 0.9, Avg: 1.6, Max: 5.2, Diff: 4.3, Sum: 12.7]
      [Update RS (ms): Min: 4.5, Avg: 8.0, Max: 8.6, Diff: 4.2, Sum: 63.6]
         [Processed Buffers: Min: 21, Avg: 37.4, Max: 44, Diff: 23, Sum: 299]
      [Scan RS (ms): Min: 37.3, Avg: 37.5, Max: 37.6, Diff: 0.3, Sum: 299.8]
      [Code Root Scanning (ms): Min: 0.0, Avg: 0.0, Max: 0.0, Diff: 0.0, Sum: 0.0]
      [Object Copy (ms): Min: 61.6, Avg: 61.8, Max: 61.9, Diff: 0.3, Sum: 494.6]
      [Termination (ms): Min: 0.0, Avg: 0.0, Max: 0.0, Diff: 0.0, Sum: 0.3]
         [Termination Attempts: Min: 1, Avg: 173.2, Max: 215, Diff: 214, Sum: 1386]
      [GC Worker Other (ms): Min: 0.0, Avg: 0.0, Max: 0.1, Diff: 0.1, Sum: 0.3]
      [GC Worker Total (ms): Min: 108.9, Avg: 108.9, Max: 108.9, Diff: 0.1, Sum: 871.3]
      [GC Worker End (ms): Min: 726455158.9, Avg: 726455158.9, Max: 726455158.9, Diff: 0.1]
   [Code Root Fixup: 0.0 ms]
   [Code Root Purge: 0.0 ms]
   [Clear CT: 0.8 ms]
   [Other: 2.7 ms]
      [Choose CSet: 0.0 ms]
      [Ref Proc: 1.5 ms]
      [Ref Enq: 0.1 ms]
      [Redirty Cards: 0.4 ms]
      [Humongous Register: 0.0 ms]
      [Humongous Reclaim: 0.0 ms]
      [Free CSet: 0.4 ms]
   [Eden: 5600.0M(5600.0M)->0.0B(5536.0M) Survivors: 128.0M->192.0M Heap: 9584.0M(14336.0M)->4176.0M(14336.0M)]
 [Times: user=0.88 sys=0.00, real=0.11 secs] 
2022-07-30T06:59:27.816-0700: 726539.321: [GC pause (G1 Evacuation Pause) (mixed), 0.2133106 secs]
   [Parallel Time: 207.7 ms, GC Workers: 8]
      [GC Worker Start (ms): Min: 726539321.4, Avg: 726539321.5, Max: 726539321.6, Diff: 0.1]
      [Ext Root Scanning (ms): Min: 0.3, Avg: 1.8, Max: 5.5, Diff: 5.2, Sum: 14.7]
      [Update RS (ms): Min: 21.7, Avg: 22.3, Max: 24.7, Diff: 3.0, Sum: 178.7]
         [Processed Buffers: Min: 36, Avg: 40.6, Max: 47, Diff: 11, Sum: 325]
      [Scan RS (ms): Min: 14.5, Avg: 14.9, Max: 15.4, Diff: 0.9, Sum: 119.2]
      [Code Root Scanning (ms): Min: 0.0, Avg: 0.0, Max: 0.2, Diff: 0.2, Sum: 0.3]
      [Object Copy (ms): Min: 164.5, Avg: 168.0, Max: 170.0, Diff: 5.5, Sum: 1343.8]
      [Termination (ms): Min: 0.0, Avg: 0.5, Max: 0.8, Diff: 0.8, Sum: 3.8]
         [Termination Attempts: Min: 1, Avg: 150.1, Max: 221, Diff: 220, Sum: 1201]
      [GC Worker Other (ms): Min: 0.0, Avg: 0.0, Max: 0.0, Diff: 0.0, Sum: 0.1]
      [GC Worker Total (ms): Min: 207.5, Avg: 207.6, Max: 207.6, Diff: 0.1, Sum: 1660.6]
      [GC Worker End (ms): Min: 726539529.1, Avg: 726539529.1, Max: 726539529.1, Diff: 0.0]
   [Code Root Fixup: 0.0 ms]
   [Code Root Purge: 0.0 ms]
   [Clear CT: 0.9 ms]
   [Other: 4.7 ms]
      [Choose CSet: 0.1 ms]
      [Ref Proc: 3.2 ms]
      [Ref Enq: 0.1 ms]
      [Redirty Cards: 0.6 ms]
      [Humongous Register: 0.1 ms]
      [Humongous Reclaim: 0.0 ms]
      [Free CSet: 0.4 ms]
   [Eden: 5536.0M(5536.0M)->0.0B(5584.0M) Survivors: 192.0M->144.0M Heap: 9712.0M(14336.0M)->4197.6M(14336.0M)]
 [Times: user=1.16 sys=0.00, real=0.21 secs] 
2022-07-30T07:01:03.838-0700: 726635.342: [GC pause (G1 Evacuation Pause) (young), 0.0471422 secs]
   [Parallel Time: 42.6 ms, GC Workers: 8]
      [GC Worker Start (ms): Min: 726635342.5, Avg: 726635342.6, Max: 726635342.7, Diff: 0.2]
      [Ext Root Scanning (ms): Min: 1.2, Avg: 1.9, Max: 5.4, Diff: 4.3, Sum: 15.3]
      [Update RS (ms): Min: 23.7, Avg: 26.7, Max: 27.6, Diff: 3.8, Sum: 213.8]
         [Processed Buffers: Min: 32, Avg: 38.4, Max: 47, Diff: 15, Sum: 307]
      [Scan RS (ms): Min: 1.5, Avg: 1.8, Max: 1.9, Diff: 0.4, Sum: 14.2]
      [Code Root Scanning (ms): Min: 0.0, Avg: 0.0, Max: 0.0, Diff: 0.0, Sum: 0.0]
      [Object Copy (ms): Min: 11.4, Avg: 11.7, Max: 11.9, Diff: 0.5, Sum: 93.9]
      [Termination (ms): Min: 0.0, Avg: 0.0, Max: 0.0, Diff: 0.0, Sum: 0.0]
         [Termination Attempts: Min: 1, Avg: 5.2, Max: 8, Diff: 7, Sum: 42]
      [GC Worker Other (ms): Min: 0.0, Avg: 0.1, Max: 0.2, Diff: 0.1, Sum: 0.6]
      [GC Worker Total (ms): Min: 42.1, Avg: 42.2, Max: 42.4, Diff: 0.3, Sum: 337.9]
      [GC Worker End (ms): Min: 726635384.8, Avg: 726635384.8, Max: 726635384.9, Diff: 0.1]
   [Code Root Fixup: 0.0 ms]
   [Code Root Purge: 0.0 ms]
   [Clear CT: 0.8 ms]
   [Other: 3.7 ms]
      [Choose CSet: 0.0 ms]
      [Ref Proc: 3.0 ms]
      [Ref Enq: 0.1 ms]
      [Redirty Cards: 0.1 ms]
      [Humongous Register: 0.1 ms]
      [Humongous Reclaim: 0.0 ms]
      [Free CSet: 0.3 ms]
   [Eden: 5584.0M(5584.0M)->0.0B(7056.0M) Survivors: 144.0M->112.0M Heap: 9781.6M(14336.0M)->4226.7M(14336.0M)]
 [Times: user=0.35 sys=0.00, real=0.05 secs] 
2022-07-30T07:05:06.106-0700: 726877.610: [GC pause (G1 Evacuation Pause) (young) (initial-mark), 0.0444845 secs]
   [Parallel Time: 39.7 ms, GC Workers: 8]
      [GC Worker Start (ms): Min: 726877612.6, Avg: 726877612.7, Max: 726877612.8, Diff: 0.2]
      [Ext Root Scanning (ms): Min: 5.9, Avg: 6.3, Max: 6.9, Diff: 1.0, Sum: 50.0]
      [Update RS (ms): Min: 6.7, Avg: 6.9, Max: 7.1, Diff: 0.4, Sum: 54.8]
         [Processed Buffers: Min: 32, Avg: 39.6, Max: 45, Diff: 13, Sum: 317]
      [Scan RS (ms): Min: 7.0, Avg: 7.3, Max: 7.4, Diff: 0.4, Sum: 58.0]
      [Code Root Scanning (ms): Min: 0.0, Avg: 0.0, Max: 0.0, Diff: 0.0, Sum: 0.0]
      [Object Copy (ms): Min: 16.2, Avg: 16.7, Max: 17.1, Diff: 1.0, Sum: 133.9]
      [Termination (ms): Min: 0.0, Avg: 0.0, Max: 0.0, Diff: 0.0, Sum: 0.0]
         [Termination Attempts: Min: 1, Avg: 1.2, Max: 3, Diff: 2, Sum: 10]
      [GC Worker Other (ms): Min: 0.0, Avg: 0.1, Max: 0.2, Diff: 0.2, Sum: 0.9]
      [GC Worker Total (ms): Min: 37.0, Avg: 37.2, Max: 37.4, Diff: 0.3, Sum: 297.6]
      [GC Worker End (ms): Min: 726877649.8, Avg: 726877649.9, Max: 726877650.0, Diff: 0.2]
   [Code Root Fixup: 0.0 ms]
   [Code Root Purge: 0.0 ms]
   [Clear CT: 0.8 ms]
   [Other: 3.9 ms]
      [Choose CSet: 0.0 ms]
      [Ref Proc: 3.0 ms]
      [Ref Enq: 0.1 ms]
      [Redirty Cards: 0.2 ms]
      [Humongous Register: 0.0 ms]
      [Humongous Reclaim: 0.0 ms]
      [Free CSet: 0.3 ms]
   [Eden: 7056.0M(7056.0M)->0.0B(7104.0M) Survivors: 112.0M->65536.0K Heap: 11282.7M(14336.0M)->4244.9M(14336.0M)]
 [Times: user=0.30 sys=0.00, real=0.04 secs] 
2022-07-30T07:05:06.150-0700: 726877.655: [GC concurrent-root-region-scan-start]
2022-07-30T07:05:06.188-0700: 726877.692: [GC concurrent-root-region-scan-end, 0.0372298 secs]
2022-07-30T07:05:06.188-0700: 726877.692: [GC concurrent-mark-start]
2022-07-30T07:05:08.788-0700: 726880.292: [GC concurrent-mark-end, 2.6000587 secs]
2022-07-30T07:05:08.788-0700: 726880.293: [GC remark 2022-07-30T07:05:08.788-0700: 726880.293: [Finalize Marking, 0.0004718 secs] 2022-07-30T07:05:08.789-0700: 726880.293: [GC ref-proc, 0.0106486 secs] 2022-07-30T07:05:08.799-0700: 726880.304: [Unloading, 0.0280161 secs], 0.0449842 secs]
 [Times: user=0.27 sys=0.00, real=0.04 secs] 
2022-07-30T07:05:08.833-0700: 726880.338: [GC cleanup 4332M->4268M(14336M), 0.0101970 secs]
 [Times: user=0.07 sys=0.00, real=0.02 secs] 
2022-07-30T07:05:08.844-0700: 726880.348: [GC concurrent-cleanup-start]
2022-07-30T07:05:08.844-0700: 726880.348: [GC concurrent-cleanup-end, 0.0000336 secs]
2022-07-30T07:09:16.767-0700: 727128.272: [GC pause (G1 Evacuation Pause) (young), 0.0770222 secs]
   [Parallel Time: 73.1 ms, GC Workers: 8]
      [GC Worker Start (ms): Min: 727128271.9, Avg: 727128272.0, Max: 727128272.0, Diff: 0.1]
      [Ext Root Scanning (ms): Min: 1.2, Avg: 1.9, Max: 5.4, Diff: 4.2, Sum: 15.6]
      [Update RS (ms): Min: 5.0, Avg: 8.2, Max: 9.0, Diff: 4.0, Sum: 65.6]
         [Processed Buffers: Min: 23, Avg: 39.9, Max: 62, Diff: 39, Sum: 319]
      [Scan RS (ms): Min: 9.3, Avg: 9.5, Max: 9.6, Diff: 0.4, Sum: 75.9]
      [Code Root Scanning (ms): Min: 0.0, Avg: 0.0, Max: 0.0, Diff: 0.0, Sum: 0.0]
      [Object Copy (ms): Min: 52.9, Avg: 53.2, Max: 53.4, Diff: 0.5, Sum: 425.7]
      [Termination (ms): Min: 0.0, Avg: 0.0, Max: 0.0, Diff: 0.0, Sum: 0.0]
         [Termination Attempts: Min: 1, Avg: 6.1, Max: 9, Diff: 8, Sum: 49]
      [GC Worker Other (ms): Min: 0.0, Avg: 0.0, Max: 0.1, Diff: 0.1, Sum: 0.4]
      [GC Worker Total (ms): Min: 72.8, Avg: 72.9, Max: 73.0, Diff: 0.1, Sum: 583.2]
      [GC Worker End (ms): Min: 727128344.9, Avg: 727128344.9, Max: 727128344.9, Diff: 0.1]
   [Code Root Fixup: 0.0 ms]
   [Code Root Purge: 0.0 ms]
   [Clear CT: 0.8 ms]
   [Other: 3.1 ms]
      [Choose CSet: 0.0 ms]
      [Ref Proc: 2.2 ms]
      [Ref Enq: 0.1 ms]
      [Redirty Cards: 0.2 ms]
      [Humongous Register: 0.1 ms]
      [Humongous Reclaim: 0.0 ms]
      [Free CSet: 0.3 ms]
   [Eden: 7104.0M(7104.0M)->0.0B(5504.0M) Survivors: 65536.0K->224.0M Heap: 11284.9M(14336.0M)->4385.4M(14336.0M)]
 [Times: user=0.59 sys=0.00, real=0.08 secs] 
2022-07-30T07:10:24.565-0700: 727196.070: [GC pause (G1 Evacuation Pause) (mixed), 0.3271451 secs]
   [Parallel Time: 321.2 ms, GC Workers: 8]
      [GC Worker Start (ms): Min: 727196070.1, Avg: 727196070.1, Max: 727196070.1, Diff: 0.1]
      [Ext Root Scanning (ms): Min: 1.1, Avg: 2.0, Max: 6.1, Diff: 5.0, Sum: 16.0]
      [Update RS (ms): Min: 3.2, Avg: 7.0, Max: 8.1, Diff: 4.8, Sum: 56.0]
         [Processed Buffers: Min: 15, Avg: 39.0, Max: 49, Diff: 34, Sum: 312]
      [Scan RS (ms): Min: 3.5, Avg: 3.8, Max: 4.0, Diff: 0.6, Sum: 30.7]
      [Code Root Scanning (ms): Min: 0.0, Avg: 0.0, Max: 0.2, Diff: 0.2, Sum: 0.3]
      [Object Copy (ms): Min: 307.2, Avg: 307.9, Max: 308.3, Diff: 1.1, Sum: 2462.8]
      [Termination (ms): Min: 0.0, Avg: 0.4, Max: 0.7, Diff: 0.7, Sum: 3.0]
         [Termination Attempts: Min: 1, Avg: 1.6, Max: 4, Diff: 3, Sum: 13]
      [GC Worker Other (ms): Min: 0.0, Avg: 0.0, Max: 0.0, Diff: 0.0, Sum: 0.1]
      [GC Worker Total (ms): Min: 321.1, Avg: 321.1, Max: 321.1, Diff: 0.1, Sum: 2568.8]
      [GC Worker End (ms): Min: 727196391.2, Avg: 727196391.2, Max: 727196391.2, Diff: 0.0]
   [Code Root Fixup: 0.0 ms]
   [Code Root Purge: 0.0 ms]
   [Clear CT: 0.9 ms]
   [Other: 5.0 ms]
      [Choose CSet: 0.1 ms]
      [Ref Proc: 3.7 ms]
      [Ref Enq: 0.1 ms]
      [Redirty Cards: 0.4 ms]
      [Humongous Register: 0.0 ms]
      [Humongous Reclaim: 0.0 ms]
      [Free CSet: 0.5 ms]
   [Eden: 5504.0M(5504.0M)->0.0B(6976.0M) Survivors: 224.0M->192.0M Heap: 9889.4M(14336.0M)->3905.1M(14336.0M)]
 [Times: user=1.06 sys=0.01, real=0.32 secs] 
2022-07-30T07:13:08.836-0700: 727360.340: [GC pause (G1 Evacuation Pause) (young), 0.0901107 secs]
   [Parallel Time: 86.5 ms, GC Workers: 8]
      [GC Worker Start (ms): Min: 727360340.6, Avg: 727360340.7, Max: 727360340.8, Diff: 0.2]
      [Ext Root Scanning (ms): Min: 1.2, Avg: 2.6, Max: 6.8, Diff: 5.6, Sum: 20.5]
      [Update RS (ms): Min: 10.7, Avg: 14.7, Max: 15.8, Diff: 5.1, Sum: 117.5]
         [Processed Buffers: Min: 42, Avg: 56.9, Max: 68, Diff: 26, Sum: 455]
      [Scan RS (ms): Min: 3.1, Avg: 3.3, Max: 3.4, Diff: 0.3, Sum: 26.6]
      [Code Root Scanning (ms): Min: 0.0, Avg: 0.0, Max: 0.0, Diff: 0.0, Sum: 0.0]
      [Object Copy (ms): Min: 65.2, Avg: 65.5, Max: 65.6, Diff: 0.4, Sum: 523.7]
      [Termination (ms): Min: 0.0, Avg: 0.0, Max: 0.0, Diff: 0.0, Sum: 0.1]
         [Termination Attempts: Min: 1, Avg: 71.0, Max: 92, Diff: 91, Sum: 568]
      [GC Worker Other (ms): Min: 0.0, Avg: 0.1, Max: 0.1, Diff: 0.1, Sum: 0.5]
      [GC Worker Total (ms): Min: 86.0, Avg: 86.1, Max: 86.3, Diff: 0.3, Sum: 688.9]
      [GC Worker End (ms): Min: 727360426.7, Avg: 727360426.8, Max: 727360426.8, Diff: 0.1]
   [Code Root Fixup: 0.0 ms]
   [Code Root Purge: 0.0 ms]
   [Clear CT: 0.9 ms]
   [Other: 2.8 ms]
      [Choose CSet: 0.0 ms]
      [Ref Proc: 1.8 ms]
      [Ref Enq: 0.1 ms]
      [Redirty Cards: 0.3 ms]
      [Humongous Register: 0.1 ms]
      [Humongous Reclaim: 0.0 ms]
      [Free CSet: 0.3 ms]
   [Eden: 6976.0M(6976.0M)->0.0B(6960.0M) Survivors: 192.0M->208.0M Heap: 10881.1M(14336.0M)->4080.0M(14336.0M)]
 [Times: user=0.70 sys=0.00, real=0.09 secs] 
2022-07-30T07:14:59.563-0700: 727471.068: [GC pause (G1 Evacuation Pause) (young) (initial-mark), 0.1090042 secs]
   [Parallel Time: 105.5 ms, GC Workers: 8]
      [GC Worker Start (ms): Min: 727471070.6, Avg: 727471070.6, Max: 727471070.7, Diff: 0.1]
      [Ext Root Scanning (ms): Min: 4.9, Avg: 5.2, Max: 5.7, Diff: 0.8, Sum: 41.9]
      [Update RS (ms): Min: 15.2, Avg: 15.5, Max: 17.2, Diff: 2.0, Sum: 124.2]
         [Processed Buffers: Min: 8, Avg: 41.4, Max: 53, Diff: 45, Sum: 331]
      [Scan RS (ms): Min: 11.4, Avg: 13.2, Max: 14.3, Diff: 3.0, Sum: 105.8]
      [Code Root Scanning (ms): Min: 0.0, Avg: 0.0, Max: 0.0, Diff: 0.0, Sum: 0.0]
      [Object Copy (ms): Min: 68.0, Avg: 69.1, Max: 69.6, Diff: 1.5, Sum: 553.0]
      [Termination (ms): Min: 0.0, Avg: 0.0, Max: 0.0, Diff: 0.0, Sum: 0.0]
         [Termination Attempts: Min: 1, Avg: 8.2, Max: 12, Diff: 11, Sum: 66]
      [GC Worker Other (ms): Min: 0.0, Avg: 0.1, Max: 0.1, Diff: 0.1, Sum: 0.6]
      [GC Worker Total (ms): Min: 103.1, Avg: 103.2, Max: 103.3, Diff: 0.2, Sum: 825.5]
      [GC Worker End (ms): Min: 727471173.8, Avg: 727471173.8, Max: 727471173.9, Diff: 0.1]
   [Code Root Fixup: 0.0 ms]
   [Code Root Purge: 0.0 ms]
   [Clear CT: 0.7 ms]
   [Other: 2.8 ms]
      [Choose CSet: 0.0 ms]
      [Ref Proc: 1.6 ms]
      [Ref Enq: 0.1 ms]
      [Redirty Cards: 0.4 ms]
      [Humongous Register: 0.1 ms]
      [Humongous Reclaim: 0.0 ms]
      [Free CSet: 0.2 ms]
   [Eden: 5520.0M(5520.0M)->0.0B(6976.0M) Survivors: 208.0M->192.0M Heap: 9600.0M(14336.0M)->4240.0M(14336.0M)]
 [Times: user=0.82 sys=0.00, real=0.10 secs] 
2022-07-30T07:14:59.673-0700: 727471.177: [GC concurrent-root-region-scan-start]
2022-07-30T07:14:59.750-0700: 727471.255: [GC concurrent-root-region-scan-end, 0.0773579 secs]
2022-07-30T07:14:59.750-0700: 727471.255: [GC concurrent-mark-start]
2022-07-30T07:15:02.418-0700: 727473.923: [GC concurrent-mark-end, 2.6680613 secs]
2022-07-30T07:15:02.418-0700: 727473.923: [GC remark 2022-07-30T07:15:02.418-0700: 727473.923: [Finalize Marking, 0.0003403 secs] 2022-07-30T07:15:02.419-0700: 727473.924: [GC ref-proc, 0.0079085 secs] 2022-07-30T07:15:02.427-0700: 727473.931: [Unloading, 0.0301928 secs], 0.0439733 secs]
 [Times: user=0.27 sys=0.00, real=0.04 secs] 
2022-07-30T07:15:02.463-0700: 727473.967: [GC cleanup 4512M->4496M(14336M), 0.0097620 secs]
 [Times: user=0.07 sys=0.00, real=0.00 secs] 
2022-07-30T07:15:02.473-0700: 727473.977: [GC concurrent-cleanup-start]
2022-07-30T07:15:02.473-0700: 727473.977: [GC concurrent-cleanup-end, 0.0000253 secs]
2022-07-30T07:19:25.720-0700: 727737.225: [GC pause (G1 Evacuation Pause) (young), 0.1537966 secs]
   [Parallel Time: 147.7 ms, GC Workers: 8]
      [GC Worker Start (ms): Min: 727737225.0, Avg: 727737225.1, Max: 727737225.2, Diff: 0.2]
      [Ext Root Scanning (ms): Min: 1.2, Avg: 1.9, Max: 5.2, Diff: 4.0, Sum: 15.5]
      [Update RS (ms): Min: 44.5, Avg: 47.4, Max: 48.5, Diff: 4.0, Sum: 378.9]
         [Processed Buffers: Min: 30, Avg: 41.4, Max: 66, Diff: 36, Sum: 331]
      [Scan RS (ms): Min: 0.1, Avg: 0.7, Max: 1.0, Diff: 0.9, Sum: 5.7]
      [Code Root Scanning (ms): Min: 0.0, Avg: 0.0, Max: 0.0, Diff: 0.0, Sum: 0.0]
      [Object Copy (ms): Min: 96.8, Avg: 97.2, Max: 97.3, Diff: 0.6, Sum: 777.5]
      [Termination (ms): Min: 0.0, Avg: 0.1, Max: 0.1, Diff: 0.1, Sum: 0.9]
         [Termination Attempts: Min: 1, Avg: 1.0, Max: 1, Diff: 0, Sum: 8]
      [GC Worker Other (ms): Min: 0.0, Avg: 0.0, Max: 0.0, Diff: 0.0, Sum: 0.2]
      [GC Worker Total (ms): Min: 147.3, Avg: 147.3, Max: 147.4, Diff: 0.2, Sum: 1178.6]
      [GC Worker End (ms): Min: 727737372.4, Avg: 727737372.5, Max: 727737372.5, Diff: 0.0]
   [Code Root Fixup: 0.0 ms]
   [Code Root Purge: 0.0 ms]
   [Clear CT: 0.8 ms]
   [Other: 5.3 ms]
      [Choose CSet: 0.0 ms]
      [Ref Proc: 4.3 ms]
      [Ref Enq: 0.1 ms]
      [Redirty Cards: 0.3 ms]
      [Humongous Register: 0.1 ms]
      [Humongous Reclaim: 0.0 ms]
      [Free CSet: 0.3 ms]
   [Eden: 6976.0M(6976.0M)->0.0B(5504.0M) Survivors: 192.0M->224.0M Heap: 11200.0M(14336.0M)->4487.3M(14336.0M)]
 [Times: user=1.13 sys=0.00, real=0.15 secs] 
2022-07-30T07:21:09.553-0700: 727841.058: [GC pause (G1 Evacuation Pause) (mixed), 0.6249154 secs]
   [Parallel Time: 617.9 ms, GC Workers: 8]
      [GC Worker Start (ms): Min: 727841058.5, Avg: 727841058.6, Max: 727841058.7, Diff: 0.2]
      [Ext Root Scanning (ms): Min: 0.3, Avg: 1.7, Max: 5.5, Diff: 5.2, Sum: 13.9]
      [Update RS (ms): Min: 17.7, Avg: 17.8, Max: 18.0, Diff: 0.3, Sum: 142.3]
         [Processed Buffers: Min: 27, Avg: 31.5, Max: 40, Diff: 13, Sum: 252]
      [Scan RS (ms): Min: 15.2, Avg: 16.3, Max: 16.6, Diff: 1.4, Sum: 130.8]
      [Code Root Scanning (ms): Min: 0.0, Avg: 0.2, Max: 1.4, Diff: 1.4, Sum: 1.7]
      [Object Copy (ms): Min: 577.3, Avg: 581.4, Max: 583.1, Diff: 5.8, Sum: 4650.9]
      [Termination (ms): Min: 0.0, Avg: 0.3, Max: 0.7, Diff: 0.6, Sum: 2.5]
         [Termination Attempts: Min: 2, Avg: 88.9, Max: 143, Diff: 141, Sum: 711]
      [GC Worker Other (ms): Min: 0.0, Avg: 0.0, Max: 0.0, Diff: 0.0, Sum: 0.1]
      [GC Worker Total (ms): Min: 617.7, Avg: 617.8, Max: 617.8, Diff: 0.1, Sum: 4942.2]
      [GC Worker End (ms): Min: 727841676.4, Avg: 727841676.4, Max: 727841676.4, Diff: 0.0]
   [Code Root Fixup: 0.1 ms]
   [Code Root Purge: 0.0 ms]
   [Clear CT: 0.9 ms]
   [Other: 6.0 ms]
      [Choose CSet: 0.1 ms]
      [Ref Proc: 4.1 ms]
      [Ref Enq: 0.1 ms]
      [Redirty Cards: 0.6 ms]
      [Humongous Register: 0.1 ms]
      [Humongous Reclaim: 0.0 ms]
      [Free CSet: 0.5 ms]
   [Eden: 5504.0M(5504.0M)->0.0B(5600.0M) Survivors: 224.0M->128.0M Heap: 9991.3M(14336.0M)->4104.0M(14336.0M)]
 [Times: user=1.03 sys=0.13, real=0.63 secs] 
2022-07-30T07:22:53.822-0700: 727945.327: [GC pause (G1 Evacuation Pause) (young), 0.0381317 secs]
   [Parallel Time: 35.1 ms, GC Workers: 8]
      [GC Worker Start (ms): Min: 727945326.9, Avg: 727945327.0, Max: 727945327.1, Diff: 0.1]
      [Ext Root Scanning (ms): Min: 0.9, Avg: 1.7, Max: 5.6, Diff: 4.7, Sum: 13.4]
      [Update RS (ms): Min: 2.6, Avg: 10.3, Max: 33.8, Diff: 31.1, Sum: 82.7]
         [Processed Buffers: Min: 14, Avg: 32.8, Max: 42, Diff: 28, Sum: 262]
      [Scan RS (ms): Min: 0.0, Avg: 0.8, Max: 1.2, Diff: 1.1, Sum: 6.4]
      [Code Root Scanning (ms): Min: 0.0, Avg: 0.0, Max: 0.0, Diff: 0.0, Sum: 0.0]
      [Object Copy (ms): Min: 0.2, Avg: 9.1, Max: 11.0, Diff: 10.7, Sum: 72.5]
      [Termination (ms): Min: 0.0, Avg: 13.1, Max: 15.0, Diff: 15.0, Sum: 105.1]
         [Termination Attempts: Min: 1, Avg: 13.1, Max: 23, Diff: 22, Sum: 105]
      [GC Worker Other (ms): Min: 0.0, Avg: 0.0, Max: 0.0, Diff: 0.0, Sum: 0.1]
      [GC Worker Total (ms): Min: 35.0, Avg: 35.0, Max: 35.1, Diff: 0.1, Sum: 280.2]
      [GC Worker End (ms): Min: 727945362.0, Avg: 727945362.0, Max: 727945362.1, Diff: 0.0]
   [Code Root Fixup: 0.0 ms]
   [Code Root Purge: 0.0 ms]
   [Clear CT: 0.6 ms]
   [Other: 2.3 ms]
      [Choose CSet: 0.0 ms]
      [Ref Proc: 1.5 ms]
      [Ref Enq: 0.1 ms]
      [Redirty Cards: 0.1 ms]
      [Humongous Register: 0.1 ms]
      [Humongous Reclaim: 0.0 ms]
      [Free CSet: 0.3 ms]
   [Eden: 5600.0M(5600.0M)->0.0B(5856.0M) Survivors: 128.0M->128.0M Heap: 9704.0M(14336.0M)->4147.3M(14336.0M)]
 [Times: user=0.29 sys=0.00, real=0.04 secs] 
2022-07-30T07:24:38.870-0700: 728050.375: [GC pause (G1 Evacuation Pause) (young) (initial-mark), 0.0347913 secs]
   [Parallel Time: 31.6 ms, GC Workers: 8]
      [GC Worker Start (ms): Min: 728050377.0, Avg: 728050377.1, Max: 728050377.1, Diff: 0.2]
      [Ext Root Scanning (ms): Min: 4.8, Avg: 5.2, Max: 5.6, Diff: 0.8, Sum: 41.6]
      [Update RS (ms): Min: 5.1, Avg: 5.7, Max: 9.4, Diff: 4.3, Sum: 45.5]
         [Processed Buffers: Min: 16, Avg: 26.8, Max: 30, Diff: 14, Sum: 214]
      [Scan RS (ms): Min: 6.8, Avg: 10.5, Max: 11.2, Diff: 4.4, Sum: 83.9]
      [Code Root Scanning (ms): Min: 0.0, Avg: 0.0, Max: 0.0, Diff: 0.0, Sum: 0.0]
      [Object Copy (ms): Min: 7.4, Avg: 7.9, Max: 8.3, Diff: 1.0, Sum: 63.5]
      [Termination (ms): Min: 0.0, Avg: 0.0, Max: 0.0, Diff: 0.0, Sum: 0.0]
         [Termination Attempts: Min: 1, Avg: 9.1, Max: 14, Diff: 13, Sum: 73]
      [GC Worker Other (ms): Min: 0.0, Avg: 0.1, Max: 0.1, Diff: 0.1, Sum: 0.7]
      [GC Worker Total (ms): Min: 29.3, Avg: 29.4, Max: 29.5, Diff: 0.2, Sum: 235.2]
      [GC Worker End (ms): Min: 728050406.4, Avg: 728050406.5, Max: 728050406.5, Diff: 0.1]
   [Code Root Fixup: 0.0 ms]
   [Code Root Purge: 0.0 ms]
   [Clear CT: 0.7 ms]
   [Other: 2.5 ms]
      [Choose CSet: 0.0 ms]
      [Ref Proc: 1.7 ms]
      [Ref Enq: 0.1 ms]
      [Redirty Cards: 0.2 ms]
      [Humongous Register: 0.0 ms]
      [Humongous Reclaim: 0.0 ms]
      [Free CSet: 0.2 ms]
   [Eden: 5600.0M(5600.0M)->0.0B(7120.0M) Survivors: 128.0M->49152.0K Heap: 9747.3M(14336.0M)->4129.6M(14336.0M)]
 [Times: user=0.24 sys=0.00, real=0.04 secs] 
2022-07-30T07:24:38.905-0700: 728050.410: [GC concurrent-root-region-scan-start]
2022-07-30T07:24:38.929-0700: 728050.434: [GC concurrent-root-region-scan-end, 0.0242324 secs]
2022-07-30T07:24:38.929-0700: 728050.434: [GC concurrent-mark-start]
2022-07-30T07:24:41.587-0700: 728053.092: [GC concurrent-mark-end, 2.6577496 secs]
2022-07-30T07:24:41.587-0700: 728053.092: [GC remark 2022-07-30T07:24:41.587-0700: 728053.092: [Finalize Marking, 0.0004898 secs] 2022-07-30T07:24:41.588-0700: 728053.093: [GC ref-proc, 0.0106131 secs] 2022-07-30T07:24:41.598-0700: 728053.103: [Unloading, 0.0301887 secs], 0.0472436 secs]
 [Times: user=0.27 sys=0.00, real=0.04 secs] 
2022-07-30T07:24:41.635-0700: 728053.140: [GC cleanup 4241M->4113M(14336M), 0.0098212 secs]
 [Times: user=0.07 sys=0.00, real=0.01 secs] 
2022-07-30T07:24:41.645-0700: 728053.150: [GC concurrent-cleanup-start]
2022-07-30T07:24:41.645-0700: 728053.150: [GC concurrent-cleanup-end, 0.0000598 secs]
2022-07-30T07:26:56.074-0700: 728187.579: [GC pause (G1 Evacuation Pause) (young), 0.0222848 secs]
   [Parallel Time: 18.6 ms, GC Workers: 8]
      [GC Worker Start (ms): Min: 728187579.3, Avg: 728187579.4, Max: 728187579.4, Diff: 0.1]
      [Ext Root Scanning (ms): Min: 1.1, Avg: 1.8, Max: 5.6, Diff: 4.5, Sum: 14.7]
      [Update RS (ms): Min: 3.5, Avg: 6.8, Max: 7.7, Diff: 4.2, Sum: 54.3]
         [Processed Buffers: Min: 15, Avg: 29.8, Max: 38, Diff: 23, Sum: 238]
      [Scan RS (ms): Min: 3.6, Avg: 3.9, Max: 4.1, Diff: 0.5, Sum: 31.6]
      [Code Root Scanning (ms): Min: 0.0, Avg: 0.0, Max: 0.0, Diff: 0.0, Sum: 0.0]
      [Object Copy (ms): Min: 5.3, Avg: 5.6, Max: 5.7, Diff: 0.4, Sum: 44.5]
      [Termination (ms): Min: 0.0, Avg: 0.0, Max: 0.0, Diff: 0.0, Sum: 0.0]
         [Termination Attempts: Min: 1, Avg: 22.4, Max: 32, Diff: 31, Sum: 179]
      [GC Worker Other (ms): Min: 0.0, Avg: 0.1, Max: 0.2, Diff: 0.2, Sum: 0.7]
      [GC Worker Total (ms): Min: 18.2, Avg: 18.2, Max: 18.4, Diff: 0.2, Sum: 145.9]
      [GC Worker End (ms): Min: 728187597.6, Avg: 728187597.6, Max: 728187597.7, Diff: 0.2]
   [Code Root Fixup: 0.0 ms]
   [Code Root Purge: 0.0 ms]
   [Clear CT: 0.9 ms]
   [Other: 2.8 ms]
      [Choose CSet: 0.0 ms]
      [Ref Proc: 2.1 ms]
      [Ref Enq: 0.1 ms]
      [Redirty Cards: 0.1 ms]
      [Humongous Register: 0.1 ms]
      [Humongous Reclaim: 0.0 ms]
      [Free CSet: 0.3 ms]
   [Eden: 7120.0M(7120.0M)->0.0B(5712.0M) Survivors: 49152.0K->16384.0K Heap: 11121.6M(14336.0M)->3990.8M(14336.0M)]
 [Times: user=0.16 sys=0.00, real=0.03 secs] 
2022-07-30T07:28:42.813-0700: 728294.318: [GC pause (G1 Evacuation Pause) (mixed), 0.0352682 secs]
   [Parallel Time: 31.6 ms, GC Workers: 8]
      [GC Worker Start (ms): Min: 728294318.0, Avg: 728294318.0, Max: 728294318.1, Diff: 0.1]
      [Ext Root Scanning (ms): Min: 1.6, Avg: 2.5, Max: 7.3, Diff: 5.7, Sum: 20.1]
      [Update RS (ms): Min: 3.7, Avg: 8.1, Max: 8.9, Diff: 5.1, Sum: 64.5]
         [Processed Buffers: Min: 21, Avg: 30.5, Max: 41, Diff: 20, Sum: 244]
      [Scan RS (ms): Min: 9.8, Avg: 9.9, Max: 10.0, Diff: 0.2, Sum: 78.9]
      [Code Root Scanning (ms): Min: 0.0, Avg: 0.0, Max: 0.0, Diff: 0.0, Sum: 0.0]
      [Object Copy (ms): Min: 10.2, Avg: 10.7, Max: 10.9, Diff: 0.6, Sum: 85.4]
      [Termination (ms): Min: 0.0, Avg: 0.0, Max: 0.0, Diff: 0.0, Sum: 0.0]
         [Termination Attempts: Min: 1, Avg: 15.8, Max: 25, Diff: 24, Sum: 126]
      [GC Worker Other (ms): Min: 0.0, Avg: 0.1, Max: 0.2, Diff: 0.2, Sum: 0.8]
      [GC Worker Total (ms): Min: 31.1, Avg: 31.2, Max: 31.3, Diff: 0.2, Sum: 249.8]
      [GC Worker End (ms): Min: 728294349.2, Avg: 728294349.3, Max: 728294349.4, Diff: 0.2]
   [Code Root Fixup: 0.0 ms]
   [Code Root Purge: 0.0 ms]
   [Clear CT: 0.9 ms]
   [Other: 2.7 ms]
      [Choose CSet: 0.1 ms]
      [Ref Proc: 1.7 ms]
      [Ref Enq: 0.1 ms]
      [Redirty Cards: 0.2 ms]
      [Humongous Register: 0.1 ms]
      [Humongous Reclaim: 0.0 ms]
      [Free CSet: 0.4 ms]
   [Eden: 5712.0M(5712.0M)->0.0B(7152.0M) Survivors: 16384.0K->16384.0K Heap: 9702.8M(14336.0M)->3604.9M(14336.0M)]
 [Times: user=0.26 sys=0.00, real=0.04 secs] 
2022-07-30T07:30:56.814-0700: 728428.319: [GC pause (G1 Evacuation Pause) (young), 0.0203227 secs]
   [Parallel Time: 16.1 ms, GC Workers: 8]
      [GC Worker Start (ms): Min: 728428318.9, Avg: 728428319.0, Max: 728428319.1, Diff: 0.2]
      [Ext Root Scanning (ms): Min: 1.4, Avg: 2.2, Max: 6.1, Diff: 4.7, Sum: 17.9]
      [Update RS (ms): Min: 7.7, Avg: 11.1, Max: 11.9, Diff: 4.2, Sum: 88.7]
         [Processed Buffers: Min: 22, Avg: 34.0, Max: 40, Diff: 18, Sum: 272]
      [Scan RS (ms): Min: 0.0, Avg: 0.1, Max: 0.2, Diff: 0.2, Sum: 0.8]
      [Code Root Scanning (ms): Min: 0.0, Avg: 0.0, Max: 0.0, Diff: 0.0, Sum: 0.0]
      [Object Copy (ms): Min: 2.0, Avg: 2.3, Max: 2.5, Diff: 0.5, Sum: 18.6]
      [Termination (ms): Min: 0.0, Avg: 0.0, Max: 0.0, Diff: 0.0, Sum: 0.0]
         [Termination Attempts: Min: 1, Avg: 5.1, Max: 9, Diff: 8, Sum: 41]
      [GC Worker Other (ms): Min: 0.0, Avg: 0.1, Max: 0.1, Diff: 0.1, Sum: 0.4]
      [GC Worker Total (ms): Min: 15.7, Avg: 15.8, Max: 15.9, Diff: 0.1, Sum: 126.5]
      [GC Worker End (ms): Min: 728428334.8, Avg: 728428334.8, Max: 728428334.8, Diff: 0.1]
   [Code Root Fixup: 0.0 ms]
   [Code Root Purge: 0.0 ms]
   [Clear CT: 0.8 ms]
   [Other: 3.5 ms]
      [Choose CSet: 0.0 ms]
      [Ref Proc: 2.8 ms]
      [Ref Enq: 0.1 ms]
      [Redirty Cards: 0.1 ms]
      [Humongous Register: 0.1 ms]
      [Humongous Reclaim: 0.0 ms]
      [Free CSet: 0.3 ms]
   [Eden: 7152.0M(7152.0M)->0.0B(7152.0M) Survivors: 16384.0K->16384.0K Heap: 10756.9M(14336.0M)->3621.0M(14336.0M)]
 [Times: user=0.14 sys=0.00, real=0.02 secs] 
2022-07-30T07:33:10.165-0700: 728561.670: [GC pause (G1 Evacuation Pause) (young) (initial-mark), 0.0186194 secs]
   [Parallel Time: 13.4 ms, GC Workers: 8]
      [GC Worker Start (ms): Min: 728561671.7, Avg: 728561671.7, Max: 728561671.8, Diff: 0.1]
      [Ext Root Scanning (ms): Min: 6.1, Avg: 6.3, Max: 6.6, Diff: 0.5, Sum: 50.6]
      [Update RS (ms): Min: 2.3, Avg: 2.5, Max: 2.7, Diff: 0.4, Sum: 20.4]
         [Processed Buffers: Min: 6, Avg: 9.6, Max: 13, Diff: 7, Sum: 77]
      [Scan RS (ms): Min: 0.0, Avg: 0.0, Max: 0.1, Diff: 0.1, Sum: 0.4]
      [Code Root Scanning (ms): Min: 0.0, Avg: 0.0, Max: 0.0, Diff: 0.0, Sum: 0.0]
      [Object Copy (ms): Min: 2.1, Avg: 2.4, Max: 2.8, Diff: 0.7, Sum: 19.3]
      [Termination (ms): Min: 0.0, Avg: 0.0, Max: 0.0, Diff: 0.0, Sum: 0.0]
         [Termination Attempts: Min: 4, Avg: 4.9, Max: 7, Diff: 3, Sum: 39]
      [GC Worker Other (ms): Min: 0.0, Avg: 0.1, Max: 0.2, Diff: 0.2, Sum: 0.6]
      [GC Worker Total (ms): Min: 11.3, Avg: 11.4, Max: 11.5, Diff: 0.2, Sum: 91.3]
      [GC Worker End (ms): Min: 728561683.0, Avg: 728561683.1, Max: 728561683.2, Diff: 0.1]
   [Code Root Fixup: 0.0 ms]
   [Code Root Purge: 0.0 ms]
   [Clear CT: 0.7 ms]
   [Other: 4.4 ms]
      [Choose CSet: 0.0 ms]
      [Ref Proc: 3.7 ms]
      [Ref Enq: 0.1 ms]
      [Redirty Cards: 0.1 ms]
      [Humongous Register: 0.0 ms]
      [Humongous Reclaim: 0.0 ms]
      [Free CSet: 0.3 ms]
   [Eden: 7152.0M(7152.0M)->0.0B(7152.0M) Survivors: 16384.0K->16384.0K Heap: 10773.0M(14336.0M)->3629.2M(14336.0M)]
 [Times: user=0.09 sys=0.00, real=0.02 secs] 
2022-07-30T07:33:10.184-0700: 728561.688: [GC concurrent-root-region-scan-start]
2022-07-30T07:33:10.194-0700: 728561.698: [GC concurrent-root-region-scan-end, 0.0099126 secs]
2022-07-30T07:33:10.194-0700: 728561.698: [GC concurrent-mark-start]
2022-07-30T07:33:12.854-0700: 728564.359: [GC concurrent-mark-end, 2.6601416 secs]
2022-07-30T07:33:12.854-0700: 728564.359: [GC remark 2022-07-30T07:33:12.854-0700: 728564.359: [Finalize Marking, 0.0001742 secs] 2022-07-30T07:33:12.854-0700: 728564.359: [GC ref-proc, 0.0074457 secs] 2022-07-30T07:33:12.862-0700: 728564.367: [Unloading, 0.0305797 secs], 0.0439970 secs]
 [Times: user=0.27 sys=0.00, real=0.05 secs] 
2022-07-30T07:33:12.899-0700: 728564.403: [GC cleanup 3813M->3813M(14336M), 0.0103170 secs]
 [Times: user=0.07 sys=0.00, real=0.01 secs] 
2022-07-30T07:35:22.175-0700: 728693.679: [GC pause (G1 Evacuation Pause) (young), 0.0105341 secs]
   [Parallel Time: 5.8 ms, GC Workers: 8]
      [GC Worker Start (ms): Min: 728693679.5, Avg: 728693679.5, Max: 728693679.6, Diff: 0.1]
      [Ext Root Scanning (ms): Min: 0.9, Avg: 1.6, Max: 5.6, Diff: 4.7, Sum: 13.0]
      [Update RS (ms): Min: 0.0, Avg: 1.6, Max: 2.3, Diff: 2.3, Sum: 13.1]
         [Processed Buffers: Min: 0, Avg: 7.0, Max: 13, Diff: 13, Sum: 56]
      [Scan RS (ms): Min: 0.0, Avg: 0.0, Max: 0.1, Diff: 0.1, Sum: 0.4]
      [Code Root Scanning (ms): Min: 0.0, Avg: 0.0, Max: 0.0, Diff: 0.0, Sum: 0.0]
      [Object Copy (ms): Min: 0.0, Avg: 1.8, Max: 2.2, Diff: 2.2, Sum: 14.2]
      [Termination (ms): Min: 0.0, Avg: 0.5, Max: 0.5, Diff: 0.5, Sum: 3.7]
         [Termination Attempts: Min: 1, Avg: 1.6, Max: 2, Diff: 1, Sum: 13]
      [GC Worker Other (ms): Min: 0.0, Avg: 0.0, Max: 0.0, Diff: 0.0, Sum: 0.2]
      [GC Worker Total (ms): Min: 5.5, Avg: 5.6, Max: 5.7, Diff: 0.1, Sum: 44.6]
      [GC Worker End (ms): Min: 728693685.1, Avg: 728693685.1, Max: 728693685.1, Diff: 0.0]
   [Code Root Fixup: 0.0 ms]
   [Code Root Purge: 0.0 ms]
   [Clear CT: 0.6 ms]
   [Other: 4.1 ms]
      [Choose CSet: 0.0 ms]
      [Ref Proc: 3.4 ms]
      [Ref Enq: 0.1 ms]
      [Redirty Cards: 0.1 ms]
      [Humongous Register: 0.1 ms]
      [Humongous Reclaim: 0.0 ms]
      [Free CSet: 0.3 ms]
   [Eden: 7152.0M(7152.0M)->0.0B(5712.0M) Survivors: 16384.0K->16384.0K Heap: 10781.2M(14336.0M)->3627.2M(14336.0M)]
 [Times: user=0.05 sys=0.01, real=0.02 secs] 
2022-07-30T07:37:09.620-0700: 728801.124: [GC pause (G1 Evacuation Pause) (mixed), 0.0260633 secs]
   [Parallel Time: 21.2 ms, GC Workers: 8]
      [GC Worker Start (ms): Min: 728801124.5, Avg: 728801124.6, Max: 728801124.7, Diff: 0.2]
      [Ext Root Scanning (ms): Min: 1.2, Avg: 2.1, Max: 6.6, Diff: 5.4, Sum: 17.0]
      [Update RS (ms): Min: 0.0, Avg: 1.7, Max: 2.3, Diff: 2.2, Sum: 13.4]
         [Processed Buffers: Min: 0, Avg: 7.2, Max: 16, Diff: 16, Sum: 58]
      [Scan RS (ms): Min: 4.3, Avg: 6.6, Max: 7.0, Diff: 2.7, Sum: 52.7]
      [Code Root Scanning (ms): Min: 0.0, Avg: 1.2, Max: 9.5, Diff: 9.5, Sum: 9.5]
      [Object Copy (ms): Min: 0.6, Avg: 9.2, Max: 10.6, Diff: 10.0, Sum: 73.9]
      [Termination (ms): Min: 0.0, Avg: 0.0, Max: 0.0, Diff: 0.0, Sum: 0.1]
         [Termination Attempts: Min: 1, Avg: 64.9, Max: 82, Diff: 81, Sum: 519]
      [GC Worker Other (ms): Min: 0.0, Avg: 0.0, Max: 0.1, Diff: 0.1, Sum: 0.4]
      [GC Worker Total (ms): Min: 20.8, Avg: 20.9, Max: 21.0, Diff: 0.2, Sum: 167.1]
      [GC Worker End (ms): Min: 728801145.5, Avg: 728801145.5, Max: 728801145.6, Diff: 0.1]
   [Code Root Fixup: 0.2 ms]
   [Code Root Purge: 0.0 ms]
   [Clear CT: 1.0 ms]
   [Other: 3.6 ms]
      [Choose CSet: 0.0 ms]
      [Ref Proc: 2.8 ms]
      [Ref Enq: 0.1 ms]
      [Redirty Cards: 0.2 ms]
      [Humongous Register: 0.0 ms]
      [Humongous Reclaim: 0.0 ms]
      [Free CSet: 0.3 ms]
   [Eden: 5712.0M(5712.0M)->0.0B(7152.0M) Survivors: 16384.0K->16384.0K Heap: 9339.2M(14336.0M)->3586.3M(14336.0M)]
 [Times: user=0.19 sys=0.00, real=0.03 secs] 
2022-07-30T07:38:58.015-0700: 728909.520: [GC pause (G1 Evacuation Pause) (young), 0.0312470 secs]
   [Parallel Time: 27.8 ms, GC Workers: 8]
      [GC Worker Start (ms): Min: 728909520.1, Avg: 728909520.2, Max: 728909520.2, Diff: 0.1]
      [Ext Root Scanning (ms): Min: 1.0, Avg: 1.8, Max: 5.8, Diff: 4.8, Sum: 14.3]
      [Update RS (ms): Min: 7.6, Avg: 11.3, Max: 12.0, Diff: 4.5, Sum: 90.5]
         [Processed Buffers: Min: 22, Avg: 29.6, Max: 34, Diff: 12, Sum: 237]
      [Scan RS (ms): Min: 0.0, Avg: 0.1, Max: 0.1, Diff: 0.1, Sum: 0.4]
      [Code Root Scanning (ms): Min: 0.0, Avg: 0.0, Max: 0.0, Diff: 0.0, Sum: 0.0]
      [Object Copy (ms): Min: 14.1, Avg: 14.3, Max: 14.4, Diff: 0.3, Sum: 114.3]
      [Termination (ms): Min: 0.0, Avg: 0.0, Max: 0.0, Diff: 0.0, Sum: 0.0]
         [Termination Attempts: Min: 1, Avg: 3.8, Max: 6, Diff: 5, Sum: 30]
      [GC Worker Other (ms): Min: 0.0, Avg: 0.1, Max: 0.1, Diff: 0.1, Sum: 0.5]
      [GC Worker Total (ms): Min: 27.5, Avg: 27.5, Max: 27.7, Diff: 0.2, Sum: 220.2]
      [GC Worker End (ms): Min: 728909547.7, Avg: 728909547.7, Max: 728909547.8, Diff: 0.1]
   [Code Root Fixup: 0.0 ms]
   [Code Root Purge: 0.0 ms]
   [Clear CT: 0.7 ms]
   [Other: 2.7 ms]
      [Choose CSet: 0.0 ms]
      [Ref Proc: 2.0 ms]
      [Ref Enq: 0.1 ms]
      [Redirty Cards: 0.1 ms]
      [Humongous Register: 0.1 ms]
      [Humongous Reclaim: 0.0 ms]
      [Free CSet: 0.3 ms]
   [Eden: 7152.0M(7152.0M)->0.0B(7104.0M) Survivors: 16384.0K->65536.0K Heap: 10738.3M(14336.0M)->3650.5M(14336.0M)]
 [Times: user=0.23 sys=0.00, real=0.03 secs] 
2022-07-30T07:39:46.434-0700: 728957.938: [GC pause (GCLocker Initiated GC) (young) (initial-mark), 0.0410758 secs]
   [Parallel Time: 36.3 ms, GC Workers: 8]
      [GC Worker Start (ms): Min: 728957940.5, Avg: 728957940.6, Max: 728957940.7, Diff: 0.2]
      [Ext Root Scanning (ms): Min: 5.6, Avg: 5.8, Max: 5.9, Diff: 0.3, Sum: 46.0]
      [Update RS (ms): Min: 4.8, Avg: 4.8, Max: 5.0, Diff: 0.2, Sum: 38.7]
         [Processed Buffers: Min: 13, Avg: 16.2, Max: 24, Diff: 11, Sum: 130]
      [Scan RS (ms): Min: 0.0, Avg: 0.1, Max: 0.1, Diff: 0.1, Sum: 0.4]
      [Code Root Scanning (ms): Min: 0.0, Avg: 0.0, Max: 0.0, Diff: 0.0, Sum: 0.0]
      [Object Copy (ms): Min: 22.8, Avg: 23.0, Max: 23.2, Diff: 0.4, Sum: 184.2]
      [Termination (ms): Min: 0.0, Avg: 0.0, Max: 0.0, Diff: 0.0, Sum: 0.0]
         [Termination Attempts: Min: 1, Avg: 1.0, Max: 1, Diff: 0, Sum: 8]
      [GC Worker Other (ms): Min: 0.0, Avg: 0.1, Max: 0.2, Diff: 0.2, Sum: 0.9]
      [GC Worker Total (ms): Min: 33.6, Avg: 33.8, Max: 33.9, Diff: 0.3, Sum: 270.2]
      [GC Worker End (ms): Min: 728957974.3, Avg: 728957974.4, Max: 728957974.5, Diff: 0.2]
   [Code Root Fixup: 0.0 ms]
   [Code Root Purge: 0.0 ms]
   [Clear CT: 0.8 ms]
   [Other: 4.0 ms]
      [Choose CSet: 0.0 ms]
      [Ref Proc: 3.2 ms]
      [Ref Enq: 0.1 ms]
      [Redirty Cards: 0.1 ms]
      [Humongous Register: 0.0 ms]
      [Humongous Reclaim: 0.0 ms]
      [Free CSet: 0.3 ms]
   [Eden: 7120.0M(7104.0M)->0.0B(7056.0M) Survivors: 65536.0K->112.0M Heap: 10758.5M(14336.0M)->3753.2M(14336.0M)]
 [Times: user=0.27 sys=0.00, real=0.05 secs] 
2022-07-30T07:39:46.475-0700: 728957.979: [GC concurrent-root-region-scan-start]
2022-07-30T07:39:46.503-0700: 728958.007: [GC concurrent-root-region-scan-end, 0.0277732 secs]
2022-07-30T07:39:46.503-0700: 728958.007: [GC concurrent-mark-start]
2022-07-30T07:39:49.632-0700: 728961.137: [GC concurrent-mark-end, 3.1292557 secs]
2022-07-30T07:39:49.632-0700: 728961.137: [GC remark 2022-07-30T07:39:49.632-0700: 728961.137: [Finalize Marking, 0.0002613 secs] 2022-07-30T07:39:49.632-0700: 728961.137: [GC ref-proc, 0.0110741 secs] 2022-07-30T07:39:49.644-0700: 728961.148: [Unloading, 0.0300716 secs], 0.0473049 secs]
 [Times: user=0.27 sys=0.00, real=0.05 secs] 
2022-07-30T07:39:49.680-0700: 728961.185: [GC cleanup 6057M->6057M(14336M), 0.0087934 secs]
 [Times: user=0.06 sys=0.00, real=0.01 secs] 
2022-07-30T07:39:57.271-0700: 728968.776: [GC pause (GCLocker Initiated GC) (young), 0.0225166 secs]
   [Parallel Time: 19.7 ms, GC Workers: 8]
      [GC Worker Start (ms): Min: 728968776.3, Avg: 728968776.3, Max: 728968776.3, Diff: 0.1]
      [Ext Root Scanning (ms): Min: 0.9, Avg: 1.6, Max: 5.1, Diff: 4.1, Sum: 12.8]
      [Update RS (ms): Min: 1.6, Avg: 6.6, Max: 10.7, Diff: 9.1, Sum: 52.6]
         [Processed Buffers: Min: 5, Avg: 22.8, Max: 33, Diff: 28, Sum: 182]
      [Scan RS (ms): Min: 0.0, Avg: 0.1, Max: 0.1, Diff: 0.1, Sum: 0.4]
      [Code Root Scanning (ms): Min: 0.0, Avg: 0.0, Max: 0.0, Diff: 0.0, Sum: 0.0]
      [Object Copy (ms): Min: 7.8, Avg: 11.3, Max: 16.9, Diff: 9.1, Sum: 90.3]
      [Termination (ms): Min: 0.0, Avg: 0.0, Max: 0.0, Diff: 0.0, Sum: 0.0]
         [Termination Attempts: Min: 1, Avg: 1.0, Max: 1, Diff: 0, Sum: 8]
      [GC Worker Other (ms): Min: 0.0, Avg: 0.0, Max: 0.1, Diff: 0.1, Sum: 0.3]
      [GC Worker Total (ms): Min: 19.5, Avg: 19.6, Max: 19.6, Diff: 0.1, Sum: 156.5]
      [GC Worker End (ms): Min: 728968795.8, Avg: 728968795.9, Max: 728968795.9, Diff: 0.1]
   [Code Root Fixup: 0.0 ms]
   [Code Root Purge: 0.0 ms]
   [Clear CT: 0.7 ms]
   [Other: 2.1 ms]
      [Choose CSet: 0.0 ms]
      [Ref Proc: 1.4 ms]
      [Ref Enq: 0.1 ms]
      [Redirty Cards: 0.1 ms]
      [Humongous Register: 0.0 ms]
      [Humongous Reclaim: 0.0 ms]
      [Free CSet: 0.3 ms]
   [Eden: 7072.0M(7056.0M)->0.0B(5648.0M) Survivors: 112.0M->81920.0K Heap: 10809.2M(14336.0M)->3760.9M(14336.0M)]
 [Times: user=0.16 sys=0.00, real=0.02 secs] 
2022-07-30T07:40:13.778-0700: 728985.283: [GC pause (GCLocker Initiated GC) (mixed), 0.0534755 secs]
   [Parallel Time: 50.1 ms, GC Workers: 8]
      [GC Worker Start (ms): Min: 728985283.2, Avg: 728985283.7, Max: 728985287.4, Diff: 4.2]
      [Ext Root Scanning (ms): Min: 0.0, Avg: 1.7, Max: 6.0, Diff: 6.0, Sum: 13.4]
      [Update RS (ms): Min: 2.3, Avg: 5.9, Max: 7.2, Diff: 4.9, Sum: 47.5]
         [Processed Buffers: Min: 9, Avg: 16.0, Max: 22, Diff: 13, Sum: 128]
      [Scan RS (ms): Min: 4.1, Avg: 4.4, Max: 4.7, Diff: 0.5, Sum: 35.0]
      [Code Root Scanning (ms): Min: 0.0, Avg: 0.0, Max: 0.1, Diff: 0.1, Sum: 0.2]
      [Object Copy (ms): Min: 37.2, Avg: 37.4, Max: 37.5, Diff: 0.4, Sum: 299.1]
      [Termination (ms): Min: 0.0, Avg: 0.0, Max: 0.0, Diff: 0.0, Sum: 0.0]
         [Termination Attempts: Min: 1, Avg: 20.9, Max: 29, Diff: 28, Sum: 167]
      [GC Worker Other (ms): Min: 0.0, Avg: 0.0, Max: 0.1, Diff: 0.1, Sum: 0.4]
      [GC Worker Total (ms): Min: 45.8, Avg: 49.4, Max: 50.0, Diff: 4.2, Sum: 395.6]
      [GC Worker End (ms): Min: 728985333.1, Avg: 728985333.2, Max: 728985333.2, Diff: 0.1]
   [Code Root Fixup: 0.0 ms]
   [Code Root Purge: 0.0 ms]
   [Clear CT: 1.0 ms]
   [Other: 2.3 ms]
      [Choose CSet: 0.0 ms]
      [Ref Proc: 1.4 ms]
      [Ref Enq: 0.1 ms]
      [Redirty Cards: 0.3 ms]
      [Humongous Register: 0.0 ms]
      [Humongous Reclaim: 0.0 ms]
      [Free CSet: 0.3 ms]
   [Eden: 5664.0M(5648.0M)->0.0B(7088.0M) Survivors: 81920.0K->81920.0K Heap: 9416.9M(14336.0M)->3710.5M(14336.0M)]
 [Times: user=0.40 sys=0.00, real=0.05 secs] 
2022-07-30T07:42:27.263-0700: 729118.768: [GC pause (G1 Evacuation Pause) (young), 0.0320036 secs]
   [Parallel Time: 28.8 ms, GC Workers: 8]
      [GC Worker Start (ms): Min: 729118768.2, Avg: 729118768.3, Max: 729118768.3, Diff: 0.2]
      [Ext Root Scanning (ms): Min: 1.5, Avg: 2.3, Max: 6.1, Diff: 4.6, Sum: 18.2]
      [Update RS (ms): Min: 7.5, Avg: 10.8, Max: 11.5, Diff: 4.0, Sum: 86.5]
         [Processed Buffers: Min: 26, Avg: 30.0, Max: 35, Diff: 9, Sum: 240]
      [Scan RS (ms): Min: 0.2, Avg: 0.3, Max: 0.4, Diff: 0.2, Sum: 2.2]
      [Code Root Scanning (ms): Min: 0.0, Avg: 0.0, Max: 0.0, Diff: 0.0, Sum: 0.0]
      [Object Copy (ms): Min: 14.6, Avg: 15.1, Max: 15.2, Diff: 0.6, Sum: 120.4]
      [Termination (ms): Min: 0.0, Avg: 0.0, Max: 0.0, Diff: 0.0, Sum: 0.0]
         [Termination Attempts: Min: 1, Avg: 1.4, Max: 3, Diff: 2, Sum: 11]
      [GC Worker Other (ms): Min: 0.0, Avg: 0.1, Max: 0.1, Diff: 0.1, Sum: 0.4]
      [GC Worker Total (ms): Min: 28.4, Avg: 28.5, Max: 28.6, Diff: 0.2, Sum: 227.8]
      [GC Worker End (ms): Min: 729118796.7, Avg: 729118796.7, Max: 729118796.8, Diff: 0.1]
   [Code Root Fixup: 0.0 ms]
   [Code Root Purge: 0.0 ms]
   [Clear CT: 0.7 ms]
   [Other: 2.5 ms]
      [Choose CSet: 0.0 ms]
      [Ref Proc: 1.7 ms]
      [Ref Enq: 0.1 ms]
      [Redirty Cards: 0.1 ms]
      [Humongous Register: 0.1 ms]
      [Humongous Reclaim: 0.0 ms]
      [Free CSet: 0.3 ms]
   [Eden: 7088.0M(7088.0M)->0.0B(7088.0M) Survivors: 81920.0K->81920.0K Heap: 10798.5M(14336.0M)->3782.7M(14336.0M)]
 [Times: user=0.24 sys=0.00, real=0.03 secs] 
2022-07-30T07:44:42.713-0700: 729254.218: [GC pause (G1 Evacuation Pause) (young) (initial-mark), 0.0498062 secs]
   [Parallel Time: 45.2 ms, GC Workers: 8]
      [GC Worker Start (ms): Min: 729254219.8, Avg: 729254219.8, Max: 729254219.9, Diff: 0.1]
      [Ext Root Scanning (ms): Min: 6.2, Avg: 6.5, Max: 6.8, Diff: 0.6, Sum: 51.9]
      [Update RS (ms): Min: 13.5, Avg: 13.7, Max: 13.9, Diff: 0.3, Sum: 109.3]
         [Processed Buffers: Min: 26, Avg: 30.4, Max: 39, Diff: 13, Sum: 243]
      [Scan RS (ms): Min: 0.0, Avg: 0.0, Max: 0.1, Diff: 0.1, Sum: 0.4]
      [Code Root Scanning (ms): Min: 0.0, Avg: 0.0, Max: 0.0, Diff: 0.0, Sum: 0.0]
      [Object Copy (ms): Min: 22.1, Avg: 22.6, Max: 22.8, Diff: 0.8, Sum: 180.7]
      [Termination (ms): Min: 0.0, Avg: 0.0, Max: 0.0, Diff: 0.0, Sum: 0.0]
         [Termination Attempts: Min: 1, Avg: 1.0, Max: 1, Diff: 0, Sum: 8]
      [GC Worker Other (ms): Min: 0.0, Avg: 0.1, Max: 0.1, Diff: 0.1, Sum: 0.5]
      [GC Worker Total (ms): Min: 42.8, Avg: 42.9, Max: 43.0, Diff: 0.2, Sum: 342.9]
      [GC Worker End (ms): Min: 729254262.6, Avg: 729254262.7, Max: 729254262.8, Diff: 0.1]
   [Code Root Fixup: 0.0 ms]
   [Code Root Purge: 0.0 ms]
   [Clear CT: 0.7 ms]
   [Other: 3.9 ms]
      [Choose CSet: 0.0 ms]
      [Ref Proc: 3.1 ms]
      [Ref Enq: 0.1 ms]
      [Redirty Cards: 0.2 ms]
      [Humongous Register: 0.0 ms]
      [Humongous Reclaim: 0.0 ms]
      [Free CSet: 0.3 ms]
   [Eden: 7088.0M(7088.0M)->0.0B(7056.0M) Survivors: 81920.0K->112.0M Heap: 10870.7M(14336.0M)->3877.0M(14336.0M)]
 [Times: user=0.35 sys=0.00, real=0.06 secs] 
2022-07-30T07:44:42.763-0700: 729254.268: [GC concurrent-root-region-scan-start]
2022-07-30T07:44:42.789-0700: 729254.294: [GC concurrent-root-region-scan-end, 0.0264711 secs]
2022-07-30T07:44:42.789-0700: 729254.294: [GC concurrent-mark-start]
2022-07-30T07:44:45.357-0700: 729256.862: [GC concurrent-mark-end, 2.5679627 secs]
2022-07-30T07:44:45.358-0700: 729256.862: [GC remark 2022-07-30T07:44:45.358-0700: 729256.862: [Finalize Marking, 0.0002150 secs] 2022-07-30T07:44:45.358-0700: 729256.863: [GC ref-proc, 0.0094189 secs] 2022-07-30T07:44:45.367-0700: 729256.872: [Unloading, 0.0277043 secs], 0.0430550 secs]
 [Times: user=0.26 sys=0.00, real=0.04 secs] 
2022-07-30T07:44:45.401-0700: 729256.906: [GC cleanup 4028M->4028M(14336M), 0.0099080 secs]
 [Times: user=0.06 sys=0.00, real=0.01 secs] 
2022-07-30T07:47:02.418-0700: 729393.923: [GC pause (G1 Evacuation Pause) (young), 0.0407242 secs]
   [Parallel Time: 37.6 ms, GC Workers: 8]
      [GC Worker Start (ms): Min: 729393923.1, Avg: 729393923.2, Max: 729393923.2, Diff: 0.1]
      [Ext Root Scanning (ms): Min: 1.0, Avg: 1.8, Max: 5.8, Diff: 4.7, Sum: 14.2]
      [Update RS (ms): Min: 8.7, Avg: 12.4, Max: 13.1, Diff: 4.4, Sum: 99.1]
         [Processed Buffers: Min: 18, Avg: 28.0, Max: 34, Diff: 16, Sum: 224]
      [Scan RS (ms): Min: 0.9, Avg: 1.2, Max: 1.4, Diff: 0.5, Sum: 9.5]
      [Code Root Scanning (ms): Min: 0.0, Avg: 0.0, Max: 0.0, Diff: 0.0, Sum: 0.0]
      [Object Copy (ms): Min: 21.8, Avg: 22.0, Max: 22.1, Diff: 0.3, Sum: 175.9]
      [Termination (ms): Min: 0.0, Avg: 0.0, Max: 0.0, Diff: 0.0, Sum: 0.0]
         [Termination Attempts: Min: 1, Avg: 2.2, Max: 4, Diff: 3, Sum: 18]
      [GC Worker Other (ms): Min: 0.0, Avg: 0.0, Max: 0.1, Diff: 0.1, Sum: 0.4]
      [GC Worker Total (ms): Min: 37.3, Avg: 37.4, Max: 37.5, Diff: 0.2, Sum: 299.2]
      [GC Worker End (ms): Min: 729393960.5, Avg: 729393960.5, Max: 729393960.6, Diff: 0.1]
   [Code Root Fixup: 0.0 ms]
   [Code Root Purge: 0.0 ms]
   [Clear CT: 0.8 ms]
   [Other: 2.3 ms]
      [Choose CSet: 0.0 ms]
      [Ref Proc: 1.5 ms]
      [Ref Enq: 0.1 ms]
      [Redirty Cards: 0.2 ms]
      [Humongous Register: 0.1 ms]
      [Humongous Reclaim: 0.0 ms]
      [Free CSet: 0.3 ms]
   [Eden: 7056.0M(7056.0M)->0.0B(5600.0M) Survivors: 112.0M->128.0M Heap: 10933.0M(14336.0M)->3984.8M(14336.0M)]
 [Times: user=0.31 sys=0.00, real=0.04 secs] 
2022-07-30T07:49:19.761-0700: 729531.265: [GC pause (G1 Evacuation Pause) (mixed), 0.0585361 secs]
   [Parallel Time: 54.2 ms, GC Workers: 8]
      [GC Worker Start (ms): Min: 729531265.6, Avg: 729531265.7, Max: 729531265.8, Diff: 0.2]
      [Ext Root Scanning (ms): Min: 1.2, Avg: 2.1, Max: 7.0, Diff: 5.8, Sum: 16.7]
      [Update RS (ms): Min: 4.8, Avg: 9.3, Max: 10.2, Diff: 5.4, Sum: 74.3]
         [Processed Buffers: Min: 13, Avg: 24.2, Max: 39, Diff: 26, Sum: 194]
      [Scan RS (ms): Min: 3.8, Avg: 4.2, Max: 4.4, Diff: 0.6, Sum: 33.4]
      [Code Root Scanning (ms): Min: 0.0, Avg: 0.2, Max: 1.6, Diff: 1.6, Sum: 1.7]
      [Object Copy (ms): Min: 37.1, Avg: 38.1, Max: 38.4, Diff: 1.3, Sum: 304.6]
      [Termination (ms): Min: 0.0, Avg: 0.0, Max: 0.0, Diff: 0.0, Sum: 0.0]
         [Termination Attempts: Min: 1, Avg: 10.8, Max: 17, Diff: 16, Sum: 86]
      [GC Worker Other (ms): Min: 0.0, Avg: 0.1, Max: 0.2, Diff: 0.1, Sum: 0.5]
      [GC Worker Total (ms): Min: 53.8, Avg: 53.9, Max: 54.0, Diff: 0.2, Sum: 431.2]
      [GC Worker End (ms): Min: 729531319.6, Avg: 729531319.6, Max: 729531319.7, Diff: 0.1]
   [Code Root Fixup: 0.0 ms]
   [Code Root Purge: 0.0 ms]
   [Clear CT: 0.9 ms]
   [Other: 3.5 ms]
      [Choose CSet: 0.1 ms]
      [Ref Proc: 2.3 ms]
      [Ref Enq: 0.1 ms]
      [Redirty Cards: 0.3 ms]
      [Humongous Register: 0.1 ms]
      [Humongous Reclaim: 0.0 ms]
      [Free CSet: 0.4 ms]
   [Eden: 5600.0M(5600.0M)->0.0B(7120.0M) Survivors: 128.0M->49152.0K Heap: 9584.8M(14336.0M)->3720.8M(14336.0M)]
 [Times: user=0.45 sys=0.00, real=0.06 secs] 
2022-07-30T07:52:01.219-0700: 729692.723: [GC pause (G1 Evacuation Pause) (young), 0.0239417 secs]
   [Parallel Time: 19.6 ms, GC Workers: 8]
      [GC Worker Start (ms): Min: 729692723.7, Avg: 729692723.8, Max: 729692723.8, Diff: 0.1]
      [Ext Root Scanning (ms): Min: 1.2, Avg: 1.9, Max: 5.2, Diff: 4.0, Sum: 15.5]
      [Update RS (ms): Min: 8.5, Avg: 11.3, Max: 12.0, Diff: 3.5, Sum: 90.4]
         [Processed Buffers: Min: 18, Avg: 27.6, Max: 42, Diff: 24, Sum: 221]
      [Scan RS (ms): Min: 0.5, Avg: 0.8, Max: 1.4, Diff: 1.0, Sum: 6.4]
      [Code Root Scanning (ms): Min: 0.0, Avg: 0.0, Max: 0.0, Diff: 0.0, Sum: 0.0]
      [Object Copy (ms): Min: 4.6, Avg: 5.1, Max: 5.5, Diff: 0.9, Sum: 41.1]
      [Termination (ms): Min: 0.0, Avg: 0.0, Max: 0.0, Diff: 0.0, Sum: 0.0]
         [Termination Attempts: Min: 1, Avg: 1.6, Max: 2, Diff: 1, Sum: 13]
      [GC Worker Other (ms): Min: 0.0, Avg: 0.1, Max: 0.2, Diff: 0.2, Sum: 0.7]
      [GC Worker Total (ms): Min: 19.2, Avg: 19.3, Max: 19.4, Diff: 0.3, Sum: 154.2]
      [GC Worker End (ms): Min: 729692743.0, Avg: 729692743.0, Max: 729692743.1, Diff: 0.2]
   [Code Root Fixup: 0.0 ms]
   [Code Root Purge: 0.0 ms]
   [Clear CT: 0.8 ms]
   [Other: 3.5 ms]
      [Choose CSet: 0.0 ms]
      [Ref Proc: 2.7 ms]
      [Ref Enq: 0.1 ms]
      [Redirty Cards: 0.1 ms]
      [Humongous Register: 0.1 ms]
      [Humongous Reclaim: 0.0 ms]
      [Free CSet: 0.3 ms]
   [Eden: 7120.0M(7120.0M)->0.0B(7136.0M) Survivors: 49152.0K->32768.0K Heap: 10840.8M(14336.0M)->3770.3M(14336.0M)]
 [Times: user=0.17 sys=0.00, real=0.03 secs] 
2022-07-30T07:54:46.470-0700: 729857.975: [GC pause (GCLocker Initiated GC) (young) (initial-mark), 0.0253102 secs]
   [Parallel Time: 20.9 ms, GC Workers: 8]
      [GC Worker Start (ms): Min: 729857976.9, Avg: 729857977.0, Max: 729857977.1, Diff: 0.1]
      [Ext Root Scanning (ms): Min: 5.7, Avg: 6.1, Max: 6.6, Diff: 0.9, Sum: 48.4]
      [Update RS (ms): Min: 4.3, Avg: 4.3, Max: 4.4, Diff: 0.2, Sum: 34.8]
         [Processed Buffers: Min: 16, Avg: 17.6, Max: 21, Diff: 5, Sum: 141]
      [Scan RS (ms): Min: 0.0, Avg: 0.0, Max: 0.1, Diff: 0.1, Sum: 0.4]
      [Code Root Scanning (ms): Min: 0.0, Avg: 0.0, Max: 0.0, Diff: 0.0, Sum: 0.0]
      [Object Copy (ms): Min: 7.4, Avg: 7.9, Max: 8.3, Diff: 0.8, Sum: 63.3]
      [Termination (ms): Min: 0.0, Avg: 0.0, Max: 0.0, Diff: 0.0, Sum: 0.0]
         [Termination Attempts: Min: 1, Avg: 1.6, Max: 3, Diff: 2, Sum: 13]
      [GC Worker Other (ms): Min: 0.0, Avg: 0.0, Max: 0.1, Diff: 0.1, Sum: 0.3]
      [GC Worker Total (ms): Min: 18.3, Avg: 18.4, Max: 18.5, Diff: 0.1, Sum: 147.3]
      [GC Worker End (ms): Min: 729857995.4, Avg: 729857995.4, Max: 729857995.5, Diff: 0.1]
   [Code Root Fixup: 0.0 ms]
   [Code Root Purge: 0.0 ms]
   [Clear CT: 0.7 ms]
   [Other: 3.6 ms]
      [Choose CSet: 0.0 ms]
      [Ref Proc: 2.9 ms]
      [Ref Enq: 0.1 ms]
      [Redirty Cards: 0.1 ms]
      [Humongous Register: 0.0 ms]
      [Humongous Reclaim: 0.0 ms]
      [Free CSet: 0.3 ms]
   [Eden: 7152.0M(7136.0M)->0.0B(7120.0M) Survivors: 32768.0K->49152.0K Heap: 10914.3M(14336.0M)->3821.8M(14336.0M)]
 [Times: user=0.15 sys=0.00, real=0.03 secs] 
2022-07-30T07:54:46.495-0700: 729858.000: [GC concurrent-root-region-scan-start]
2022-07-30T07:54:46.506-0700: 729858.010: [GC concurrent-root-region-scan-end, 0.0102558 secs]
2022-07-30T07:54:46.506-0700: 729858.010: [GC concurrent-mark-start]
2022-07-30T07:54:49.125-0700: 729860.629: [GC concurrent-mark-end, 2.6189718 secs]
2022-07-30T07:54:49.125-0700: 729860.630: [GC remark 2022-07-30T07:54:49.125-0700: 729860.630: [Finalize Marking, 0.0003204 secs] 2022-07-30T07:54:49.125-0700: 729860.630: [GC ref-proc, 0.0072559 secs] 2022-07-30T07:54:49.132-0700: 729860.637: [Unloading, 0.0275221 secs], 0.0408295 secs]
 [Times: user=0.26 sys=0.00, real=0.04 secs] 
2022-07-30T07:54:49.166-0700: 729860.671: [GC cleanup 3967M->3967M(14336M), 0.0089698 secs]
 [Times: user=0.07 sys=0.00, real=0.01 secs] 
2022-07-30T07:57:28.269-0700: 730019.774: [GC pause (G1 Evacuation Pause) (young), 0.0219521 secs]
   [Parallel Time: 18.2 ms, GC Workers: 8]
      [GC Worker Start (ms): Min: 730019773.7, Avg: 730019773.8, Max: 730019773.9, Diff: 0.1]
      [Ext Root Scanning (ms): Min: 1.3, Avg: 2.0, Max: 5.3, Diff: 4.0, Sum: 16.0]
      [Update RS (ms): Min: 2.0, Avg: 5.0, Max: 5.7, Diff: 3.6, Sum: 39.8]
         [Processed Buffers: Min: 12, Avg: 15.1, Max: 20, Diff: 8, Sum: 121]
      [Scan RS (ms): Min: 0.0, Avg: 0.0, Max: 0.1, Diff: 0.1, Sum: 0.4]
      [Code Root Scanning (ms): Min: 0.0, Avg: 0.0, Max: 0.0, Diff: 0.0, Sum: 0.0]
      [Object Copy (ms): Min: 10.5, Avg: 10.8, Max: 11.0, Diff: 0.5, Sum: 86.4]
      [Termination (ms): Min: 0.0, Avg: 0.0, Max: 0.0, Diff: 0.0, Sum: 0.0]
         [Termination Attempts: Min: 1, Avg: 1.1, Max: 2, Diff: 1, Sum: 9]
      [GC Worker Other (ms): Min: 0.0, Avg: 0.1, Max: 0.2, Diff: 0.2, Sum: 0.8]
      [GC Worker Total (ms): Min: 17.8, Avg: 17.9, Max: 18.0, Diff: 0.2, Sum: 143.4]
      [GC Worker End (ms): Min: 730019791.7, Avg: 730019791.7, Max: 730019791.8, Diff: 0.2]
   [Code Root Fixup: 0.0 ms]
   [Code Root Purge: 0.0 ms]
   [Clear CT: 0.7 ms]
   [Other: 3.0 ms]
      [Choose CSet: 0.0 ms]
      [Ref Proc: 2.3 ms]
      [Ref Enq: 0.1 ms]
      [Redirty Cards: 0.1 ms]
      [Humongous Register: 0.1 ms]
      [Humongous Reclaim: 0.0 ms]
      [Free CSet: 0.3 ms]
   [Eden: 7120.0M(7120.0M)->0.0B(5664.0M) Survivors: 49152.0K->65536.0K Heap: 10941.8M(14336.0M)->3877.7M(14336.0M)]
 [Times: user=0.15 sys=0.00, real=0.02 secs] 
2022-07-30T07:59:26.507-0700: 730138.012: [GC pause (G1 Evacuation Pause) (mixed), 0.0586903 secs]
   [Parallel Time: 54.5 ms, GC Workers: 8]
      [GC Worker Start (ms): Min: 730138012.3, Avg: 730138012.4, Max: 730138012.5, Diff: 0.2]
      [Ext Root Scanning (ms): Min: 1.0, Avg: 1.8, Max: 6.4, Diff: 5.4, Sum: 14.7]
      [Update RS (ms): Min: 0.5, Avg: 4.8, Max: 5.6, Diff: 5.1, Sum: 38.2]
         [Processed Buffers: Min: 7, Avg: 21.9, Max: 30, Diff: 23, Sum: 175]
      [Scan RS (ms): Min: 4.8, Avg: 5.0, Max: 5.1, Diff: 0.3, Sum: 39.7]
      [Code Root Scanning (ms): Min: 0.0, Avg: 0.2, Max: 1.8, Diff: 1.8, Sum: 1.8]
      [Object Copy (ms): Min: 40.6, Avg: 42.4, Max: 42.7, Diff: 2.0, Sum: 338.8]
      [Termination (ms): Min: 0.0, Avg: 0.0, Max: 0.0, Diff: 0.0, Sum: 0.0]
         [Termination Attempts: Min: 1, Avg: 1.0, Max: 1, Diff: 0, Sum: 8]
      [GC Worker Other (ms): Min: 0.0, Avg: 0.1, Max: 0.2, Diff: 0.2, Sum: 0.8]
      [GC Worker Total (ms): Min: 54.1, Avg: 54.2, Max: 54.4, Diff: 0.2, Sum: 434.0]
      [GC Worker End (ms): Min: 730138066.6, Avg: 730138066.7, Max: 730138066.8, Diff: 0.2]
   [Code Root Fixup: 0.1 ms]
   [Code Root Purge: 0.0 ms]
   [Clear CT: 0.9 ms]
   [Other: 3.2 ms]
      [Choose CSet: 0.1 ms]
      [Ref Proc: 2.0 ms]
      [Ref Enq: 0.1 ms]
      [Redirty Cards: 0.3 ms]
      [Humongous Register: 0.1 ms]
      [Humongous Reclaim: 0.0 ms]
      [Free CSet: 0.4 ms]
   [Eden: 5664.0M(5664.0M)->0.0B(7104.0M) Survivors: 65536.0K->65536.0K Heap: 9541.7M(14336.0M)->3650.0M(14336.0M)]
 [Times: user=0.45 sys=0.00, real=0.06 secs] 
2022-07-30T08:01:22.044-0700: 730253.549: [GC pause (G1 Evacuation Pause) (young), 0.0286203 secs]
   [Parallel Time: 24.3 ms, GC Workers: 8]
      [GC Worker Start (ms): Min: 730253548.9, Avg: 730253549.0, Max: 730253549.1, Diff: 0.2]
      [Ext Root Scanning (ms): Min: 1.4, Avg: 2.2, Max: 6.1, Diff: 4.7, Sum: 17.7]
      [Update RS (ms): Min: 8.0, Avg: 11.4, Max: 12.1, Diff: 4.1, Sum: 90.8]
         [Processed Buffers: Min: 21, Avg: 27.5, Max: 33, Diff: 12, Sum: 220]
      [Scan RS (ms): Min: 0.9, Avg: 0.9, Max: 1.1, Diff: 0.2, Sum: 7.5]
      [Code Root Scanning (ms): Min: 0.0, Avg: 0.0, Max: 0.0, Diff: 0.0, Sum: 0.0]
      [Object Copy (ms): Min: 8.8, Avg: 9.2, Max: 9.4, Diff: 0.7, Sum: 73.9]
      [Termination (ms): Min: 0.0, Avg: 0.0, Max: 0.0, Diff: 0.0, Sum: 0.0]
         [Termination Attempts: Min: 1, Avg: 1.9, Max: 3, Diff: 2, Sum: 15]
      [GC Worker Other (ms): Min: 0.0, Avg: 0.1, Max: 0.2, Diff: 0.2, Sum: 0.6]
      [GC Worker Total (ms): Min: 23.7, Avg: 23.8, Max: 24.0, Diff: 0.3, Sum: 190.5]
      [GC Worker End (ms): Min: 730253572.7, Avg: 730253572.8, Max: 730253572.9, Diff: 0.2]
   [Code Root Fixup: 0.0 ms]
   [Code Root Purge: 0.0 ms]
   [Clear CT: 0.8 ms]
   [Other: 3.6 ms]
      [Choose CSet: 0.0 ms]
      [Ref Proc: 2.8 ms]
      [Ref Enq: 0.1 ms]
      [Redirty Cards: 0.1 ms]
      [Humongous Register: 0.1 ms]
      [Humongous Reclaim: 0.0 ms]
      [Free CSet: 0.3 ms]
   [Eden: 7104.0M(7104.0M)->0.0B(7120.0M) Survivors: 65536.0K->49152.0K Heap: 10754.0M(14336.0M)->3707.1M(14336.0M)]
 [Times: user=0.20 sys=0.00, real=0.02 secs] 
2022-07-30T08:04:05.028-0700: 730416.533: [GC pause (G1 Evacuation Pause) (young) (initial-mark), 0.0288787 secs]
   [Parallel Time: 24.3 ms, GC Workers: 8]
      [GC Worker Start (ms): Min: 730416535.0, Avg: 730416535.1, Max: 730416535.1, Diff: 0.1]
      [Ext Root Scanning (ms): Min: 5.5, Avg: 5.8, Max: 6.3, Diff: 0.8, Sum: 46.6]
      [Update RS (ms): Min: 8.5, Avg: 8.7, Max: 9.1, Diff: 0.6, Sum: 69.9]
         [Processed Buffers: Min: 19, Avg: 24.4, Max: 33, Diff: 14, Sum: 195]
      [Scan RS (ms): Min: 0.0, Avg: 0.0, Max: 0.1, Diff: 0.1, Sum: 0.4]
      [Code Root Scanning (ms): Min: 0.0, Avg: 0.0, Max: 0.0, Diff: 0.0, Sum: 0.0]
      [Object Copy (ms): Min: 6.6, Avg: 7.0, Max: 7.4, Diff: 0.8, Sum: 55.9]
      [Termination (ms): Min: 0.0, Avg: 0.0, Max: 0.0, Diff: 0.0, Sum: 0.0]
         [Termination Attempts: Min: 1, Avg: 1.0, Max: 1, Diff: 0, Sum: 8]
      [GC Worker Other (ms): Min: 0.0, Avg: 0.1, Max: 0.2, Diff: 0.2, Sum: 0.7]
      [GC Worker Total (ms): Min: 21.6, Avg: 21.7, Max: 21.8, Diff: 0.2, Sum: 173.6]
      [GC Worker End (ms): Min: 730416556.7, Avg: 730416556.8, Max: 730416556.9, Diff: 0.2]
   [Code Root Fixup: 0.0 ms]
   [Code Root Purge: 0.0 ms]
   [Clear CT: 0.7 ms]
   [Other: 3.9 ms]
      [Choose CSet: 0.0 ms]
      [Ref Proc: 3.1 ms]
      [Ref Enq: 0.1 ms]
      [Redirty Cards: 0.1 ms]
      [Humongous Register: 0.1 ms]
      [Humongous Reclaim: 0.0 ms]
      [Free CSet: 0.3 ms]
   [Eden: 7120.0M(7120.0M)->0.0B(7136.0M) Survivors: 49152.0K->32768.0K Heap: 10827.1M(14336.0M)->3731.9M(14336.0M)]
 [Times: user=0.18 sys=0.00, real=0.03 secs] 
2022-07-30T08:04:05.057-0700: 730416.562: [GC concurrent-root-region-scan-start]
2022-07-30T08:04:05.068-0700: 730416.573: [GC concurrent-root-region-scan-end, 0.0114965 secs]
2022-07-30T08:04:05.068-0700: 730416.573: [GC concurrent-mark-start]
2022-07-30T08:04:07.642-0700: 730419.146: [GC concurrent-mark-end, 2.5734144 secs]
2022-07-30T08:04:07.642-0700: 730419.147: [GC remark 2022-07-30T08:04:07.642-0700: 730419.147: [Finalize Marking, 0.0002587 secs] 2022-07-30T08:04:07.643-0700: 730419.147: [GC ref-proc, 0.0116787 secs] 2022-07-30T08:04:07.654-0700: 730419.159: [Unloading, 0.0273795 secs], 0.0450486 secs]
 [Times: user=0.26 sys=0.00, real=0.05 secs] 
2022-07-30T08:04:07.688-0700: 730419.192: [GC cleanup 3883M->3883M(14336M), 0.0089053 secs]
 [Times: user=0.07 sys=0.00, real=0.01 secs] 
2022-07-30T08:05:35.161-0700: 730506.666: [GC pause (G1 Evacuation Pause) (young), 0.0654221 secs]
   [Parallel Time: 62.3 ms, GC Workers: 8]
      [GC Worker Start (ms): Min: 730506666.3, Avg: 730506666.4, Max: 730506666.5, Diff: 0.2]
      [Ext Root Scanning (ms): Min: 1.6, Avg: 2.5, Max: 6.3, Diff: 4.7, Sum: 19.9]
      [Update RS (ms): Min: 5.1, Avg: 8.6, Max: 9.8, Diff: 4.6, Sum: 69.1]
         [Processed Buffers: Min: 17, Avg: 21.9, Max: 26, Diff: 9, Sum: 175]
      [Scan RS (ms): Min: 0.0, Avg: 0.0, Max: 0.1, Diff: 0.1, Sum: 0.4]
      [Code Root Scanning (ms): Min: 0.0, Avg: 0.0, Max: 0.0, Diff: 0.0, Sum: 0.0]
      [Object Copy (ms): Min: 50.3, Avg: 50.8, Max: 51.1, Diff: 0.9, Sum: 406.4]
      [Termination (ms): Min: 0.0, Avg: 0.0, Max: 0.0, Diff: 0.0, Sum: 0.0]
         [Termination Attempts: Min: 1, Avg: 1.5, Max: 3, Diff: 2, Sum: 12]
      [GC Worker Other (ms): Min: 0.0, Avg: 0.1, Max: 0.1, Diff: 0.1, Sum: 0.7]
      [GC Worker Total (ms): Min: 62.0, Avg: 62.1, Max: 62.2, Diff: 0.2, Sum: 496.5]
      [GC Worker End (ms): Min: 730506728.4, Avg: 730506728.5, Max: 730506728.5, Diff: 0.1]
   [Code Root Fixup: 0.0 ms]
   [Code Root Purge: 0.0 ms]
   [Clear CT: 0.8 ms]
   [Other: 2.3 ms]
      [Choose CSet: 0.0 ms]
      [Ref Proc: 1.6 ms]
      [Ref Enq: 0.1 ms]
      [Redirty Cards: 0.1 ms]
      [Humongous Register: 0.1 ms]
      [Humongous Reclaim: 0.0 ms]
      [Free CSet: 0.3 ms]
   [Eden: 7136.0M(7136.0M)->0.0B(5536.0M) Survivors: 32768.0K->192.0M Heap: 10867.9M(14336.0M)->3912.5M(14336.0M)]
 [Times: user=0.51 sys=0.00, real=0.07 secs] 
2022-07-30T08:06:56.868-0700: 730588.373: [GC pause (G1 Evacuation Pause) (mixed), 0.0845428 secs]
   [Parallel Time: 79.3 ms, GC Workers: 8]
      [GC Worker Start (ms): Min: 730588373.0, Avg: 730588373.2, Max: 730588373.2, Diff: 0.2]
      [Ext Root Scanning (ms): Min: 0.9, Avg: 1.7, Max: 6.3, Diff: 5.4, Sum: 14.0]
      [Update RS (ms): Min: 0.0, Avg: 3.5, Max: 4.2, Diff: 4.2, Sum: 27.8]
         [Processed Buffers: Min: 0, Avg: 15.0, Max: 22, Diff: 22, Sum: 120]
      [Scan RS (ms): Min: 2.3, Avg: 3.1, Max: 3.3, Diff: 1.0, Sum: 24.7]
      [Code Root Scanning (ms): Min: 0.0, Avg: 0.0, Max: 0.1, Diff: 0.1, Sum: 0.2]
      [Object Copy (ms): Min: 70.1, Avg: 70.3, Max: 70.6, Diff: 0.4, Sum: 562.6]
      [Termination (ms): Min: 0.0, Avg: 0.2, Max: 0.2, Diff: 0.2, Sum: 1.7]
         [Termination Attempts: Min: 1, Avg: 2.5, Max: 4, Diff: 3, Sum: 20]
      [GC Worker Other (ms): Min: 0.0, Avg: 0.1, Max: 0.1, Diff: 0.1, Sum: 0.5]
      [GC Worker Total (ms): Min: 78.8, Avg: 78.9, Max: 79.0, Diff: 0.2, Sum: 631.5]
      [GC Worker End (ms): Min: 730588452.0, Avg: 730588452.1, Max: 730588452.2, Diff: 0.1]
   [Code Root Fixup: 0.0 ms]
   [Code Root Purge: 0.0 ms]
   [Clear CT: 1.0 ms]
   [Other: 4.2 ms]
      [Choose CSet: 0.1 ms]
      [Ref Proc: 3.2 ms]
      [Ref Enq: 0.1 ms]
      [Redirty Cards: 0.3 ms]
      [Humongous Register: 0.1 ms]
      [Humongous Reclaim: 0.0 ms]
      [Free CSet: 0.3 ms]
   [Eden: 5536.0M(5536.0M)->0.0B(7040.0M) Survivors: 192.0M->128.0M Heap: 9448.5M(14336.0M)->3795.0M(14336.0M)]
 [Times: user=0.61 sys=0.00, real=0.08 secs] 
2022-07-30T08:08:42.824-0700: 730694.328: [GC pause (G1 Evacuation Pause) (young), 0.0322124 secs]
   [Parallel Time: 28.6 ms, GC Workers: 8]
      [GC Worker Start (ms): Min: 730694328.7, Avg: 730694328.7, Max: 730694328.8, Diff: 0.1]
      [Ext Root Scanning (ms): Min: 1.3, Avg: 2.0, Max: 5.6, Diff: 4.4, Sum: 16.4]
      [Update RS (ms): Min: 1.7, Avg: 4.9, Max: 5.7, Diff: 4.0, Sum: 39.4]
         [Processed Buffers: Min: 18, Avg: 25.0, Max: 32, Diff: 14, Sum: 200]
      [Scan RS (ms): Min: 10.9, Avg: 11.1, Max: 11.2, Diff: 0.2, Sum: 88.8]
      [Code Root Scanning (ms): Min: 0.0, Avg: 0.0, Max: 0.0, Diff: 0.0, Sum: 0.0]
      [Object Copy (ms): Min: 9.8, Avg: 10.2, Max: 10.4, Diff: 0.6, Sum: 81.4]
      [Termination (ms): Min: 0.0, Avg: 0.1, Max: 0.1, Diff: 0.1, Sum: 0.6]
         [Termination Attempts: Min: 21, Avg: 27.9, Max: 36, Diff: 15, Sum: 223]
      [GC Worker Other (ms): Min: 0.0, Avg: 0.1, Max: 0.1, Diff: 0.1, Sum: 0.5]
      [GC Worker Total (ms): Min: 28.3, Avg: 28.4, Max: 28.5, Diff: 0.2, Sum: 227.1]
      [GC Worker End (ms): Min: 730694357.1, Avg: 730694357.1, Max: 730694357.2, Diff: 0.1]
   [Code Root Fixup: 0.0 ms]
   [Code Root Purge: 0.0 ms]
   [Clear CT: 0.8 ms]
   [Other: 2.8 ms]
      [Choose CSet: 0.0 ms]
      [Ref Proc: 1.9 ms]
      [Ref Enq: 0.1 ms]
      [Redirty Cards: 0.2 ms]
      [Humongous Register: 0.1 ms]
      [Humongous Reclaim: 0.0 ms]
      [Free CSet: 0.3 ms]
   [Eden: 7040.0M(7040.0M)->0.0B(7072.0M) Survivors: 128.0M->98304.0K Heap: 10835.0M(14336.0M)->3820.5M(14336.0M)]
 [Times: user=0.24 sys=0.00, real=0.03 secs] 
2022-07-30T08:10:31.367-0700: 730802.872: [GC pause (G1 Evacuation Pause) (young) (initial-mark), 0.0373935 secs]
   [Parallel Time: 32.3 ms, GC Workers: 8]
      [GC Worker Start (ms): Min: 730802874.0, Avg: 730802874.1, Max: 730802874.2, Diff: 0.2]
      [Ext Root Scanning (ms): Min: 5.2, Avg: 5.6, Max: 6.0, Diff: 0.8, Sum: 44.6]
      [Update RS (ms): Min: 7.3, Avg: 7.5, Max: 7.7, Diff: 0.4, Sum: 59.7]
         [Processed Buffers: Min: 18, Avg: 29.0, Max: 35, Diff: 17, Sum: 232]
      [Scan RS (ms): Min: 10.4, Avg: 10.6, Max: 10.8, Diff: 0.4, Sum: 84.8]
      [Code Root Scanning (ms): Min: 0.0, Avg: 0.0, Max: 0.0, Diff: 0.0, Sum: 0.0]
      [Object Copy (ms): Min: 5.7, Avg: 6.2, Max: 6.6, Diff: 0.9, Sum: 49.5]
      [Termination (ms): Min: 0.0, Avg: 0.0, Max: 0.0, Diff: 0.0, Sum: 0.0]
         [Termination Attempts: Min: 1, Avg: 5.5, Max: 7, Diff: 6, Sum: 44]
      [GC Worker Other (ms): Min: 0.0, Avg: 0.1, Max: 0.1, Diff: 0.1, Sum: 0.5]
      [GC Worker Total (ms): Min: 29.8, Avg: 29.9, Max: 30.0, Diff: 0.2, Sum: 239.2]
      [GC Worker End (ms): Min: 730802904.0, Avg: 730802904.0, Max: 730802904.1, Diff: 0.1]
   [Code Root Fixup: 0.0 ms]
   [Code Root Purge: 0.0 ms]
   [Clear CT: 0.8 ms]
   [Other: 4.3 ms]
      [Choose CSet: 0.0 ms]
      [Ref Proc: 3.4 ms]
      [Ref Enq: 0.1 ms]
      [Redirty Cards: 0.2 ms]
      [Humongous Register: 0.0 ms]
      [Humongous Reclaim: 0.0 ms]
      [Free CSet: 0.3 ms]
   [Eden: 7072.0M(7072.0M)->0.0B(7152.0M) Survivors: 98304.0K->16384.0K Heap: 10892.5M(14336.0M)->3806.3M(14336.0M)]
 [Times: user=0.25 sys=0.00, real=0.04 secs] 
2022-07-30T08:10:31.405-0700: 730802.909: [GC concurrent-root-region-scan-start]
2022-07-30T08:10:31.416-0700: 730802.920: [GC concurrent-root-region-scan-end, 0.0108920 secs]
2022-07-30T08:10:31.416-0700: 730802.920: [GC concurrent-mark-start]
2022-07-30T08:10:34.054-0700: 730805.559: [GC concurrent-mark-end, 2.6389228 secs]
2022-07-30T08:10:34.055-0700: 730805.560: [GC remark 2022-07-30T08:10:34.055-0700: 730805.560: [Finalize Marking, 0.0001797 secs] 2022-07-30T08:10:34.055-0700: 730805.560: [GC ref-proc, 0.0093883 secs] 2022-07-30T08:10:34.065-0700: 730805.569: [Unloading, 0.0319300 secs], 0.0472741 secs]
 [Times: user=0.27 sys=0.00, real=0.04 secs] 
2022-07-30T08:10:34.103-0700: 730805.607: [GC cleanup 4046M->4046M(14336M), 0.0092959 secs]
 [Times: user=0.07 sys=0.00, real=0.01 secs] 
2022-07-30T08:12:17.268-0700: 730908.773: [GC pause (G1 Evacuation Pause) (young), 0.0272986 secs]
   [Parallel Time: 24.3 ms, GC Workers: 8]
      [GC Worker Start (ms): Min: 730908773.1, Avg: 730908773.2, Max: 730908773.2, Diff: 0.2]
      [Ext Root Scanning (ms): Min: 1.3, Avg: 2.1, Max: 5.4, Diff: 4.0, Sum: 16.5]
      [Update RS (ms): Min: 6.2, Avg: 9.1, Max: 9.8, Diff: 3.6, Sum: 73.2]
         [Processed Buffers: Min: 24, Avg: 33.8, Max: 37, Diff: 13, Sum: 270]
      [Scan RS (ms): Min: 0.0, Avg: 0.2, Max: 0.3, Diff: 0.3, Sum: 1.4]
      [Code Root Scanning (ms): Min: 0.0, Avg: 0.0, Max: 0.0, Diff: 0.0, Sum: 0.0]
      [Object Copy (ms): Min: 12.2, Avg: 12.6, Max: 12.8, Diff: 0.6, Sum: 100.9]
      [Termination (ms): Min: 0.0, Avg: 0.0, Max: 0.0, Diff: 0.0, Sum: 0.0]
         [Termination Attempts: Min: 1, Avg: 3.5, Max: 7, Diff: 6, Sum: 28]
      [GC Worker Other (ms): Min: 0.0, Avg: 0.1, Max: 0.1, Diff: 0.1, Sum: 0.4]
      [GC Worker Total (ms): Min: 24.0, Avg: 24.1, Max: 24.1, Diff: 0.2, Sum: 192.5]
      [GC Worker End (ms): Min: 730908797.2, Avg: 730908797.2, Max: 730908797.3, Diff: 0.1]
   [Code Root Fixup: 0.0 ms]
   [Code Root Purge: 0.0 ms]
   [Clear CT: 0.8 ms]
   [Other: 2.2 ms]
      [Choose CSet: 0.0 ms]
      [Ref Proc: 1.5 ms]
      [Ref Enq: 0.1 ms]
      [Redirty Cards: 0.1 ms]
      [Humongous Register: 0.1 ms]
      [Humongous Reclaim: 0.0 ms]
      [Free CSet: 0.3 ms]
   [Eden: 7152.0M(7152.0M)->0.0B(5664.0M) Survivors: 16384.0K->65536.0K Heap: 10958.3M(14336.0M)->3859.6M(14336.0M)]
 [Times: user=0.21 sys=0.00, real=0.03 secs] 
2022-07-30T08:13:50.772-0700: 731002.276: [GC pause (G1 Evacuation Pause) (mixed), 0.0691616 secs]
   [Parallel Time: 63.5 ms, GC Workers: 8]
      [GC Worker Start (ms): Min: 731002276.6, Avg: 731002276.7, Max: 731002276.8, Diff: 0.2]
      [Ext Root Scanning (ms): Min: 1.4, Avg: 2.3, Max: 6.8, Diff: 5.4, Sum: 18.4]
      [Update RS (ms): Min: 0.0, Avg: 2.8, Max: 3.5, Diff: 3.5, Sum: 22.1]
         [Processed Buffers: Min: 0, Avg: 11.8, Max: 21, Diff: 21, Sum: 94]
      [Scan RS (ms): Min: 15.7, Avg: 16.8, Max: 17.3, Diff: 1.6, Sum: 134.4]
      [Code Root Scanning (ms): Min: 0.0, Avg: 0.2, Max: 1.5, Diff: 1.5, Sum: 1.7]
      [Object Copy (ms): Min: 40.6, Avg: 41.0, Max: 41.2, Diff: 0.6, Sum: 327.8]
      [Termination (ms): Min: 0.0, Avg: 0.0, Max: 0.0, Diff: 0.0, Sum: 0.0]
         [Termination Attempts: Min: 1, Avg: 8.5, Max: 15, Diff: 14, Sum: 68]
      [GC Worker Other (ms): Min: 0.0, Avg: 0.1, Max: 0.1, Diff: 0.1, Sum: 0.6]
      [GC Worker Total (ms): Min: 63.0, Avg: 63.1, Max: 63.3, Diff: 0.3, Sum: 505.1]
      [GC Worker End (ms): Min: 731002339.8, Avg: 731002339.8, Max: 731002339.9, Diff: 0.1]
   [Code Root Fixup: 0.0 ms]
   [Code Root Purge: 0.0 ms]
   [Clear CT: 0.8 ms]
   [Other: 4.7 ms]
      [Choose CSet: 0.1 ms]
      [Ref Proc: 3.5 ms]
      [Ref Enq: 0.1 ms]
      [Redirty Cards: 0.4 ms]
      [Humongous Register: 0.1 ms]
      [Humongous Reclaim: 0.0 ms]
      [Free CSet: 0.4 ms]
   [Eden: 5664.0M(5664.0M)->0.0B(7072.0M) Survivors: 65536.0K->98304.0K Heap: 9523.6M(14336.0M)->3721.9M(14336.0M)]
 [Times: user=0.53 sys=0.00, real=0.07 secs] 
2022-07-30T08:15:49.813-0700: 731121.317: [GC pause (G1 Evacuation Pause) (young), 0.0279552 secs]
   [Parallel Time: 23.4 ms, GC Workers: 8]
      [GC Worker Start (ms): Min: 731121317.5, Avg: 731121317.6, Max: 731121317.7, Diff: 0.2]
      [Ext Root Scanning (ms): Min: 1.5, Avg: 2.7, Max: 5.6, Diff: 4.1, Sum: 21.3]
      [Update RS (ms): Min: 9.6, Avg: 12.1, Max: 13.2, Diff: 3.6, Sum: 96.5]
         [Processed Buffers: Min: 27, Avg: 32.4, Max: 36, Diff: 9, Sum: 259]
      [Scan RS (ms): Min: 3.3, Avg: 3.5, Max: 3.6, Diff: 0.3, Sum: 28.0]
      [Code Root Scanning (ms): Min: 0.0, Avg: 0.0, Max: 0.0, Diff: 0.0, Sum: 0.0]
      [Object Copy (ms): Min: 4.4, Avg: 4.8, Max: 5.0, Diff: 0.5, Sum: 38.0]
      [Termination (ms): Min: 0.0, Avg: 0.0, Max: 0.0, Diff: 0.0, Sum: 0.0]
         [Termination Attempts: Min: 1, Avg: 6.8, Max: 10, Diff: 9, Sum: 54]
      [GC Worker Other (ms): Min: 0.0, Avg: 0.1, Max: 0.1, Diff: 0.1, Sum: 0.6]
      [GC Worker Total (ms): Min: 23.0, Avg: 23.1, Max: 23.1, Diff: 0.2, Sum: 184.6]
      [GC Worker End (ms): Min: 731121340.6, Avg: 731121340.7, Max: 731121340.7, Diff: 0.1]
   [Code Root Fixup: 0.0 ms]
   [Code Root Purge: 0.0 ms]
   [Clear CT: 0.8 ms]
   [Other: 3.8 ms]
      [Choose CSet: 0.0 ms]
      [Ref Proc: 3.0 ms]
      [Ref Enq: 0.1 ms]
      [Redirty Cards: 0.1 ms]
      [Humongous Register: 0.1 ms]
      [Humongous Reclaim: 0.0 ms]
      [Free CSet: 0.3 ms]
   [Eden: 7072.0M(7072.0M)->0.0B(7152.0M) Survivors: 98304.0K->16384.0K Heap: 10793.9M(14336.0M)->3714.1M(14336.0M)]
 [Times: user=0.19 sys=0.00, real=0.03 secs] 
2022-07-30T08:17:51.111-0700: 731242.615: [GC pause (G1 Evacuation Pause) (young) (initial-mark), 0.0222258 secs]
   [Parallel Time: 18.1 ms, GC Workers: 8]
      [GC Worker Start (ms): Min: 731242617.7, Avg: 731242617.7, Max: 731242617.8, Diff: 0.1]
      [Ext Root Scanning (ms): Min: 6.3, Avg: 6.7, Max: 7.3, Diff: 1.0, Sum: 53.7]
      [Update RS (ms): Min: 6.6, Avg: 6.9, Max: 7.0, Diff: 0.4, Sum: 55.1]
         [Processed Buffers: Min: 21, Avg: 24.6, Max: 27, Diff: 6, Sum: 197]
      [Scan RS (ms): Min: 0.0, Avg: 0.0, Max: 0.1, Diff: 0.1, Sum: 0.4]
      [Code Root Scanning (ms): Min: 0.0, Avg: 0.0, Max: 0.0, Diff: 0.0, Sum: 0.0]
      [Object Copy (ms): Min: 1.5, Avg: 2.0, Max: 2.4, Diff: 0.9, Sum: 16.2]
      [Termination (ms): Min: 0.0, Avg: 0.0, Max: 0.0, Diff: 0.0, Sum: 0.0]
         [Termination Attempts: Min: 2, Avg: 3.6, Max: 6, Diff: 4, Sum: 29]
      [GC Worker Other (ms): Min: 0.0, Avg: 0.1, Max: 0.1, Diff: 0.1, Sum: 0.5]
      [GC Worker Total (ms): Min: 15.7, Avg: 15.7, Max: 15.8, Diff: 0.2, Sum: 125.9]
      [GC Worker End (ms): Min: 731242633.4, Avg: 731242633.5, Max: 731242633.5, Diff: 0.1]
   [Code Root Fixup: 0.0 ms]
   [Code Root Purge: 0.0 ms]
   [Clear CT: 0.8 ms]
   [Other: 3.4 ms]
      [Choose CSet: 0.0 ms]
      [Ref Proc: 2.7 ms]
      [Ref Enq: 0.1 ms]
      [Redirty Cards: 0.1 ms]
      [Humongous Register: 0.0 ms]
      [Humongous Reclaim: 0.0 ms]
      [Free CSet: 0.3 ms]
   [Eden: 7152.0M(7152.0M)->0.0B(7152.0M) Survivors: 16384.0K->16384.0K Heap: 10866.1M(14336.0M)->3734.2M(14336.0M)]
 [Times: user=0.13 sys=0.00, real=0.02 secs] 
2022-07-30T08:17:51.133-0700: 731242.638: [GC concurrent-root-region-scan-start]
2022-07-30T08:17:51.143-0700: 731242.648: [GC concurrent-root-region-scan-end, 0.0097594 secs]
2022-07-30T08:17:51.143-0700: 731242.648: [GC concurrent-mark-start]
2022-07-30T08:17:53.802-0700: 731245.307: [GC concurrent-mark-end, 2.6593191 secs]
2022-07-30T08:17:53.802-0700: 731245.307: [GC remark 2022-07-30T08:17:53.802-0700: 731245.307: [Finalize Marking, 0.0003570 secs] 2022-07-30T08:17:53.803-0700: 731245.308: [GC ref-proc, 0.0063518 secs] 2022-07-30T08:17:53.809-0700: 731245.314: [Unloading, 0.0324809 secs], 0.0455340 secs]
 [Times: user=0.26 sys=0.00, real=0.05 secs] 
2022-07-30T08:17:53.848-0700: 731245.353: [GC cleanup 3918M->3918M(14336M), 0.0088361 secs]
 [Times: user=0.07 sys=0.00, real=0.01 secs] 
2022-07-30T08:19:51.676-0700: 731363.181: [GC pause (G1 Evacuation Pause) (young), 0.0093046 secs]
   [Parallel Time: 5.9 ms, GC Workers: 8]
      [GC Worker Start (ms): Min: 731363180.7, Avg: 731363180.7, Max: 731363180.7, Diff: 0.1]
      [Ext Root Scanning (ms): Min: 1.1, Avg: 1.9, Max: 5.4, Diff: 4.3, Sum: 15.2]
      [Update RS (ms): Min: 0.0, Avg: 1.5, Max: 2.0, Diff: 2.0, Sum: 12.4]
         [Processed Buffers: Min: 0, Avg: 5.5, Max: 10, Diff: 10, Sum: 44]
      [Scan RS (ms): Min: 0.0, Avg: 0.0, Max: 0.1, Diff: 0.1, Sum: 0.4]
      [Code Root Scanning (ms): Min: 0.0, Avg: 0.0, Max: 0.0, Diff: 0.0, Sum: 0.0]
      [Object Copy (ms): Min: 0.2, Avg: 2.0, Max: 2.4, Diff: 2.2, Sum: 16.3]
      [Termination (ms): Min: 0.0, Avg: 0.0, Max: 0.0, Diff: 0.0, Sum: 0.1]
         [Termination Attempts: Min: 18, Avg: 24.1, Max: 30, Diff: 12, Sum: 193]
      [GC Worker Other (ms): Min: 0.0, Avg: 0.0, Max: 0.1, Diff: 0.1, Sum: 0.3]
      [GC Worker Total (ms): Min: 5.5, Avg: 5.6, Max: 5.6, Diff: 0.1, Sum: 44.7]
      [GC Worker End (ms): Min: 731363186.3, Avg: 731363186.3, Max: 731363186.3, Diff: 0.1]
   [Code Root Fixup: 0.0 ms]
   [Code Root Purge: 0.0 ms]
   [Clear CT: 0.8 ms]
   [Other: 2.7 ms]
      [Choose CSet: 0.0 ms]
      [Ref Proc: 2.0 ms]
      [Ref Enq: 0.1 ms]
      [Redirty Cards: 0.1 ms]
      [Humongous Register: 0.1 ms]
      [Humongous Reclaim: 0.0 ms]
      [Free CSet: 0.3 ms]
   [Eden: 7152.0M(7152.0M)->0.0B(5712.0M) Survivors: 16384.0K->16384.0K Heap: 10886.2M(14336.0M)->3746.1M(14336.0M)]
 [Times: user=0.05 sys=0.00, real=0.01 secs] 
2022-07-30T08:21:29.787-0700: 731461.292: [GC pause (G1 Evacuation Pause) (mixed), 0.0411815 secs]
   [Parallel Time: 36.7 ms, GC Workers: 8]
      [GC Worker Start (ms): Min: 731461292.3, Avg: 731461292.4, Max: 731461292.5, Diff: 0.1]
      [Ext Root Scanning (ms): Min: 1.2, Avg: 2.1, Max: 6.7, Diff: 5.5, Sum: 16.8]
      [Update RS (ms): Min: 0.0, Avg: 1.3, Max: 1.8, Diff: 1.8, Sum: 10.3]
         [Processed Buffers: Min: 0, Avg: 5.5, Max: 8, Diff: 8, Sum: 44]
      [Scan RS (ms): Min: 9.8, Avg: 12.5, Max: 13.2, Diff: 3.4, Sum: 100.1]
      [Code Root Scanning (ms): Min: 0.0, Avg: 1.2, Max: 8.0, Diff: 8.0, Sum: 9.6]
      [Object Copy (ms): Min: 12.4, Avg: 19.2, Max: 20.4, Diff: 8.0, Sum: 153.5]
      [Termination (ms): Min: 0.0, Avg: 0.0, Max: 0.0, Diff: 0.0, Sum: 0.0]
         [Termination Attempts: Min: 1, Avg: 16.5, Max: 25, Diff: 24, Sum: 132]
      [GC Worker Other (ms): Min: 0.0, Avg: 0.1, Max: 0.1, Diff: 0.1, Sum: 0.5]
      [GC Worker Total (ms): Min: 36.2, Avg: 36.3, Max: 36.4, Diff: 0.2, Sum: 290.8]
      [GC Worker End (ms): Min: 731461328.7, Avg: 731461328.7, Max: 731461328.8, Diff: 0.1]
   [Code Root Fixup: 0.2 ms]
   [Code Root Purge: 0.0 ms]
   [Clear CT: 1.0 ms]
   [Other: 3.3 ms]
      [Choose CSet: 0.1 ms]
      [Ref Proc: 2.3 ms]
      [Ref Enq: 0.1 ms]
      [Redirty Cards: 0.3 ms]
      [Humongous Register: 0.1 ms]
      [Humongous Reclaim: 0.0 ms]
      [Free CSet: 0.4 ms]
   [Eden: 5712.0M(5712.0M)->0.0B(7152.0M) Survivors: 16384.0K->16384.0K Heap: 9458.1M(14336.0M)->3633.2M(14336.0M)]
 [Times: user=0.31 sys=0.00, real=0.04 secs] 
2022-07-30T08:23:30.616-0700: 731582.121: [GC pause (G1 Evacuation Pause) (young), 0.0199879 secs]
   [Parallel Time: 15.7 ms, GC Workers: 8]
      [GC Worker Start (ms): Min: 731582121.3, Avg: 731582121.3, Max: 731582121.4, Diff: 0.1]
      [Ext Root Scanning (ms): Min: 1.2, Avg: 1.9, Max: 5.6, Diff: 4.4, Sum: 15.6]
      [Update RS (ms): Min: 7.7, Avg: 11.0, Max: 11.8, Diff: 4.2, Sum: 88.1]
         [Processed Buffers: Min: 24, Avg: 29.1, Max: 37, Diff: 13, Sum: 233]
      [Scan RS (ms): Min: 0.0, Avg: 0.1, Max: 0.2, Diff: 0.2, Sum: 1.0]
      [Code Root Scanning (ms): Min: 0.0, Avg: 0.0, Max: 0.0, Diff: 0.0, Sum: 0.0]
      [Object Copy (ms): Min: 1.9, Avg: 2.2, Max: 2.3, Diff: 0.5, Sum: 17.6]
      [Termination (ms): Min: 0.0, Avg: 0.0, Max: 0.0, Diff: 0.0, Sum: 0.1]
         [Termination Attempts: Min: 21, Avg: 26.0, Max: 30, Diff: 9, Sum: 208]
      [GC Worker Other (ms): Min: 0.0, Avg: 0.1, Max: 0.1, Diff: 0.1, Sum: 0.5]
      [GC Worker Total (ms): Min: 15.3, Avg: 15.3, Max: 15.4, Diff: 0.2, Sum: 122.8]
      [GC Worker End (ms): Min: 731582136.6, Avg: 731582136.7, Max: 731582136.7, Diff: 0.1]
   [Code Root Fixup: 0.0 ms]
   [Code Root Purge: 0.0 ms]
   [Clear CT: 0.8 ms]
   [Other: 3.5 ms]
      [Choose CSet: 0.0 ms]
      [Ref Proc: 2.9 ms]
      [Ref Enq: 0.1 ms]
      [Redirty Cards: 0.1 ms]
      [Humongous Register: 0.1 ms]
      [Humongous Reclaim: 0.0 ms]
      [Free CSet: 0.3 ms]
   [Eden: 7152.0M(7152.0M)->0.0B(7152.0M) Survivors: 16384.0K->16384.0K Heap: 10785.2M(14336.0M)->3679.0M(14336.0M)]
 [Times: user=0.13 sys=0.00, real=0.02 secs] 
2022-07-30T08:25:33.812-0700: 731705.317: [GC pause (G1 Evacuation Pause) (young) (initial-mark), 0.0172601 secs]
   [Parallel Time: 13.4 ms, GC Workers: 8]
      [GC Worker Start (ms): Min: 731705318.8, Avg: 731705319.0, Max: 731705319.1, Diff: 0.2]
      [Ext Root Scanning (ms): Min: 6.2, Avg: 6.6, Max: 7.0, Diff: 0.8, Sum: 52.8]
      [Update RS (ms): Min: 1.5, Avg: 1.7, Max: 1.9, Diff: 0.4, Sum: 13.4]
         [Processed Buffers: Min: 3, Avg: 5.5, Max: 9, Diff: 6, Sum: 44]
      [Scan RS (ms): Min: 0.0, Avg: 0.0, Max: 0.1, Diff: 0.1, Sum: 0.4]
      [Code Root Scanning (ms): Min: 0.0, Avg: 0.0, Max: 0.0, Diff: 0.0, Sum: 0.0]
      [Object Copy (ms): Min: 2.0, Avg: 2.5, Max: 2.9, Diff: 0.9, Sum: 19.7]
      [Termination (ms): Min: 0.0, Avg: 0.0, Max: 0.0, Diff: 0.0, Sum: 0.1]
         [Termination Attempts: Min: 14, Avg: 17.0, Max: 23, Diff: 9, Sum: 136]
      [GC Worker Other (ms): Min: 0.0, Avg: 0.0, Max: 0.1, Diff: 0.1, Sum: 0.4]
      [GC Worker Total (ms): Min: 10.8, Avg: 10.8, Max: 11.0, Diff: 0.3, Sum: 86.7]
      [GC Worker End (ms): Min: 731705329.8, Avg: 731705329.8, Max: 731705329.9, Diff: 0.1]
   [Code Root Fixup: 0.0 ms]
   [Code Root Purge: 0.0 ms]
   [Clear CT: 0.8 ms]
   [Other: 3.1 ms]
      [Choose CSet: 0.0 ms]
      [Ref Proc: 2.3 ms]
      [Ref Enq: 0.1 ms]
      [Redirty Cards: 0.1 ms]
      [Humongous Register: 0.0 ms]
      [Humongous Reclaim: 0.0 ms]
      [Free CSet: 0.3 ms]
   [Eden: 7152.0M(7152.0M)->0.0B(7152.0M) Survivors: 16384.0K->16384.0K Heap: 10831.0M(14336.0M)->3685.2M(14336.0M)]
 [Times: user=0.08 sys=0.00, real=0.02 secs] 
2022-07-30T08:25:33.829-0700: 731705.334: [GC concurrent-root-region-scan-start]
2022-07-30T08:25:33.839-0700: 731705.343: [GC concurrent-root-region-scan-end, 0.0093663 secs]
2022-07-30T08:25:33.839-0700: 731705.343: [GC concurrent-mark-start]
2022-07-30T08:25:36.489-0700: 731707.994: [GC concurrent-mark-end, 2.6506165 secs]
2022-07-30T08:25:36.490-0700: 731707.994: [GC remark 2022-07-30T08:25:36.490-0700: 731707.994: [Finalize Marking, 0.0003982 secs] 2022-07-30T08:25:36.490-0700: 731707.995: [GC ref-proc, 0.0101453 secs] 2022-07-30T08:25:36.500-0700: 731708.005: [Unloading, 0.0274895 secs], 0.0441189 secs]
 [Times: user=0.26 sys=0.00, real=0.04 secs] 
2022-07-30T08:25:36.534-0700: 731708.039: [GC cleanup 3825M->3825M(14336M), 0.0092888 secs]
 [Times: user=0.06 sys=0.00, real=0.02 secs] 
2022-07-30T08:27:38.146-0700: 731829.650: [GC pause (G1 Evacuation Pause) (young), 0.0112792 secs]
   [Parallel Time: 6.5 ms, GC Workers: 8]
      [GC Worker Start (ms): Min: 731829650.4, Avg: 731829650.5, Max: 731829650.5, Diff: 0.1]
      [Ext Root Scanning (ms): Min: 1.3, Avg: 2.0, Max: 5.6, Diff: 4.3, Sum: 16.1]
      [Update RS (ms): Min: 0.0, Avg: 2.0, Max: 2.5, Diff: 2.5, Sum: 15.8]
         [Processed Buffers: Min: 0, Avg: 6.1, Max: 13, Diff: 13, Sum: 49]
      [Scan RS (ms): Min: 0.0, Avg: 0.1, Max: 0.1, Diff: 0.1, Sum: 0.5]
      [Code Root Scanning (ms): Min: 0.0, Avg: 0.0, Max: 0.0, Diff: 0.0, Sum: 0.0]
      [Object Copy (ms): Min: 0.8, Avg: 2.2, Max: 2.6, Diff: 1.8, Sum: 17.9]
      [Termination (ms): Min: 0.0, Avg: 0.0, Max: 0.0, Diff: 0.0, Sum: 0.0]
         [Termination Attempts: Min: 1, Avg: 9.9, Max: 15, Diff: 14, Sum: 79]
      [GC Worker Other (ms): Min: 0.0, Avg: 0.0, Max: 0.1, Diff: 0.1, Sum: 0.4]
      [GC Worker Total (ms): Min: 6.3, Avg: 6.3, Max: 6.4, Diff: 0.1, Sum: 50.7]
      [GC Worker End (ms): Min: 731829656.8, Avg: 731829656.8, Max: 731829656.9, Diff: 0.1]
   [Code Root Fixup: 0.0 ms]
   [Code Root Purge: 0.0 ms]
   [Clear CT: 0.7 ms]
   [Other: 4.1 ms]
      [Choose CSet: 0.0 ms]
      [Ref Proc: 3.4 ms]
      [Ref Enq: 0.1 ms]
      [Redirty Cards: 0.1 ms]
      [Humongous Register: 0.0 ms]
      [Humongous Reclaim: 0.0 ms]
      [Free CSet: 0.3 ms]
   [Eden: 7152.0M(7152.0M)->0.0B(5712.0M) Survivors: 16384.0K->16384.0K Heap: 10837.2M(14336.0M)->3687.5M(14336.0M)]
 [Times: user=0.07 sys=0.00, real=0.01 secs] 
2022-07-30T08:29:15.560-0700: 731927.065: [GC pause (G1 Evacuation Pause) (mixed), 0.0154041 secs]
   [Parallel Time: 10.2 ms, GC Workers: 8]
      [GC Worker Start (ms): Min: 731927065.0, Avg: 731927065.1, Max: 731927065.1, Diff: 0.1]
      [Ext Root Scanning (ms): Min: 1.2, Avg: 2.2, Max: 7.5, Diff: 6.3, Sum: 17.9]
      [Update RS (ms): Min: 0.0, Avg: 1.8, Max: 2.5, Diff: 2.4, Sum: 14.3]
         [Processed Buffers: Min: 0, Avg: 5.1, Max: 10, Diff: 10, Sum: 41]
      [Scan RS (ms): Min: 0.1, Avg: 1.0, Max: 1.3, Diff: 1.2, Sum: 7.8]
      [Code Root Scanning (ms): Min: 0.0, Avg: 0.6, Max: 4.8, Diff: 4.8, Sum: 4.8]
      [Object Copy (ms): Min: 0.5, Avg: 3.9, Max: 4.9, Diff: 4.5, Sum: 31.5]
      [Termination (ms): Min: 0.0, Avg: 0.3, Max: 0.4, Diff: 0.4, Sum: 2.7]
         [Termination Attempts: Min: 1, Avg: 9.1, Max: 13, Diff: 12, Sum: 73]
      [GC Worker Other (ms): Min: 0.0, Avg: 0.0, Max: 0.0, Diff: 0.0, Sum: 0.1]
      [GC Worker Total (ms): Min: 9.8, Avg: 9.9, Max: 9.9, Diff: 0.1, Sum: 79.1]
      [GC Worker End (ms): Min: 731927074.9, Avg: 731927075.0, Max: 731927075.0, Diff: 0.0]
   [Code Root Fixup: 0.1 ms]
   [Code Root Purge: 0.0 ms]
   [Clear CT: 0.7 ms]
   [Other: 4.3 ms]
      [Choose CSet: 0.0 ms]
      [Ref Proc: 3.6 ms]
      [Ref Enq: 0.1 ms]
      [Redirty Cards: 0.1 ms]
      [Humongous Register: 0.1 ms]
      [Humongous Reclaim: 0.0 ms]
      [Free CSet: 0.3 ms]
   [Eden: 5712.0M(5712.0M)->0.0B(7152.0M) Survivors: 16384.0K->16384.0K Heap: 9399.5M(14336.0M)->3632.2M(14336.0M)]
 [Times: user=0.09 sys=0.00, real=0.02 secs] 
2022-07-30T08:31:17.514-0700: 732049.019: [GC pause (G1 Evacuation Pause) (young), 0.0118989 secs]
   [Parallel Time: 8.3 ms, GC Workers: 8]
      [GC Worker Start (ms): Min: 732049018.7, Avg: 732049018.8, Max: 732049018.9, Diff: 0.1]
      [Ext Root Scanning (ms): Min: 1.4, Avg: 2.1, Max: 5.5, Diff: 4.1, Sum: 16.8]
      [Update RS (ms): Min: 0.9, Avg: 3.8, Max: 4.5, Diff: 3.6, Sum: 30.1]
         [Processed Buffers: Min: 3, Avg: 9.6, Max: 13, Diff: 10, Sum: 77]
      [Scan RS (ms): Min: 0.0, Avg: 0.0, Max: 0.1, Diff: 0.1, Sum: 0.4]
      [Code Root Scanning (ms): Min: 0.0, Avg: 0.0, Max: 0.0, Diff: 0.0, Sum: 0.0]
      [Object Copy (ms): Min: 1.7, Avg: 2.2, Max: 2.4, Diff: 0.7, Sum: 17.6]
      [Termination (ms): Min: 0.0, Avg: 0.0, Max: 0.0, Diff: 0.0, Sum: 0.0]
         [Termination Attempts: Min: 1, Avg: 2.5, Max: 5, Diff: 4, Sum: 20]
      [GC Worker Other (ms): Min: 0.0, Avg: 0.1, Max: 0.1, Diff: 0.1, Sum: 0.5]
      [GC Worker Total (ms): Min: 8.1, Avg: 8.2, Max: 8.2, Diff: 0.1, Sum: 65.4]
      [GC Worker End (ms): Min: 732049026.9, Avg: 732049027.0, Max: 732049027.0, Diff: 0.1]
   [Code Root Fixup: 0.0 ms]
   [Code Root Purge: 0.0 ms]
   [Clear CT: 0.7 ms]
   [Other: 2.9 ms]
      [Choose CSet: 0.0 ms]
      [Ref Proc: 2.0 ms]
      [Ref Enq: 0.2 ms]
      [Redirty Cards: 0.1 ms]
      [Humongous Register: 0.1 ms]
      [Humongous Reclaim: 0.0 ms]
      [Free CSet: 0.3 ms]
   [Eden: 7152.0M(7152.0M)->0.0B(7152.0M) Survivors: 16384.0K->16384.0K Heap: 10784.2M(14336.0M)->3634.0M(14336.0M)]
 [Times: user=0.08 sys=0.00, real=0.02 secs] 
2022-07-30T08:33:15.967-0700: 732167.471: [GC pause (G1 Evacuation Pause) (young) (initial-mark), 0.0190081 secs]
   [Parallel Time: 14.0 ms, GC Workers: 8]
      [GC Worker Start (ms): Min: 732167473.6, Avg: 732167473.7, Max: 732167473.8, Diff: 0.1]
      [Ext Root Scanning (ms): Min: 5.7, Avg: 6.1, Max: 6.6, Diff: 0.9, Sum: 48.8]
      [Update RS (ms): Min: 3.1, Avg: 3.2, Max: 3.4, Diff: 0.3, Sum: 26.0]
         [Processed Buffers: Min: 7, Avg: 10.1, Max: 14, Diff: 7, Sum: 81]
      [Scan RS (ms): Min: 0.0, Avg: 0.0, Max: 0.1, Diff: 0.1, Sum: 0.4]
      [Code Root Scanning (ms): Min: 0.0, Avg: 0.0, Max: 0.0, Diff: 0.0, Sum: 0.0]
      [Object Copy (ms): Min: 1.9, Avg: 2.4, Max: 2.8, Diff: 1.0, Sum: 18.9]
      [Termination (ms): Min: 0.0, Avg: 0.0, Max: 0.0, Diff: 0.0, Sum: 0.0]
         [Termination Attempts: Min: 3, Avg: 5.4, Max: 9, Diff: 6, Sum: 43]
      [GC Worker Other (ms): Min: 0.0, Avg: 0.1, Max: 0.2, Diff: 0.2, Sum: 0.7]
      [GC Worker Total (ms): Min: 11.7, Avg: 11.8, Max: 12.0, Diff: 0.3, Sum: 94.7]
      [GC Worker End (ms): Min: 732167485.5, Avg: 732167485.5, Max: 732167485.6, Diff: 0.2]
   [Code Root Fixup: 0.0 ms]
   [Code Root Purge: 0.0 ms]
   [Clear CT: 0.8 ms]
   [Other: 4.2 ms]
      [Choose CSet: 0.0 ms]
      [Ref Proc: 3.5 ms]
      [Ref Enq: 0.1 ms]
      [Redirty Cards: 0.1 ms]
      [Humongous Register: 0.0 ms]
      [Humongous Reclaim: 0.0 ms]
      [Free CSet: 0.3 ms]
   [Eden: 7152.0M(7152.0M)->0.0B(7152.0M) Survivors: 16384.0K->16384.0K Heap: 10786.0M(14336.0M)->3636.1M(14336.0M)]
 [Times: user=0.10 sys=0.00, real=0.02 secs] 
2022-07-30T08:33:15.986-0700: 732167.491: [GC concurrent-root-region-scan-start]
2022-07-30T08:33:15.999-0700: 732167.504: [GC concurrent-root-region-scan-end, 0.0131667 secs]
2022-07-30T08:33:15.999-0700: 732167.504: [GC concurrent-mark-start]
2022-07-30T08:33:18.662-0700: 732170.167: [GC concurrent-mark-end, 2.6632665 secs]
2022-07-30T08:33:18.663-0700: 732170.168: [GC remark 2022-07-30T08:33:18.663-0700: 732170.168: [Finalize Marking, 0.0002743 secs] 2022-07-30T08:33:18.663-0700: 732170.168: [GC ref-proc, 0.0092628 secs] 2022-07-30T08:33:18.672-0700: 732170.177: [Unloading, 0.0275524 secs], 0.0430984 secs]
 [Times: user=0.26 sys=0.00, real=0.04 secs] 
2022-07-30T08:33:18.706-0700: 732170.211: [GC cleanup 3829M->3829M(14336M), 0.0087704 secs]
 [Times: user=0.06 sys=0.00, real=0.01 secs] 
2022-07-30T08:35:23.192-0700: 732294.696: [GC pause (G1 Evacuation Pause) (young), 0.0099585 secs]
   [Parallel Time: 6.8 ms, GC Workers: 8]
      [GC Worker Start (ms): Min: 732294696.4, Avg: 732294696.4, Max: 732294696.4, Diff: 0.1]
      [Ext Root Scanning (ms): Min: 1.0, Avg: 1.7, Max: 5.3, Diff: 4.3, Sum: 13.5]
      [Update RS (ms): Min: 0.0, Avg: 2.3, Max: 3.2, Diff: 3.2, Sum: 18.6]
         [Processed Buffers: Min: 0, Avg: 8.8, Max: 17, Diff: 17, Sum: 70]
      [Scan RS (ms): Min: 0.0, Avg: 0.0, Max: 0.1, Diff: 0.1, Sum: 0.4]
      [Code Root Scanning (ms): Min: 0.0, Avg: 0.0, Max: 0.0, Diff: 0.0, Sum: 0.0]
      [Object Copy (ms): Min: 1.3, Avg: 2.6, Max: 2.9, Diff: 1.5, Sum: 20.8]
      [Termination (ms): Min: 0.0, Avg: 0.0, Max: 0.0, Diff: 0.0, Sum: 0.0]
         [Termination Attempts: Min: 1, Avg: 1.0, Max: 1, Diff: 0, Sum: 8]
      [GC Worker Other (ms): Min: 0.0, Avg: 0.0, Max: 0.1, Diff: 0.1, Sum: 0.4]
      [GC Worker Total (ms): Min: 6.6, Avg: 6.7, Max: 6.8, Diff: 0.1, Sum: 53.6]
      [GC Worker End (ms): Min: 732294703.1, Avg: 732294703.1, Max: 732294703.1, Diff: 0.1]
   [Code Root Fixup: 0.0 ms]
   [Code Root Purge: 0.0 ms]
   [Clear CT: 0.8 ms]
   [Other: 2.4 ms]
      [Choose CSet: 0.0 ms]
      [Ref Proc: 1.6 ms]
      [Ref Enq: 0.1 ms]
      [Redirty Cards: 0.1 ms]
      [Humongous Register: 0.0 ms]
      [Humongous Reclaim: 0.0 ms]
      [Free CSet: 0.3 ms]
   [Eden: 7152.0M(7152.0M)->0.0B(5712.0M) Survivors: 16384.0K->16384.0K Heap: 10788.1M(14336.0M)->3638.0M(14336.0M)]
 [Times: user=0.05 sys=0.01, real=0.01 secs] 
2022-07-30T08:37:02.970-0700: 732394.475: [GC pause (G1 Evacuation Pause) (mixed), 0.0151407 secs]
   [Parallel Time: 10.7 ms, GC Workers: 8]
      [GC Worker Start (ms): Min: 732394474.9, Avg: 732394475.0, Max: 732394475.0, Diff: 0.2]
      [Ext Root Scanning (ms): Min: 1.0, Avg: 1.9, Max: 6.9, Diff: 5.9, Sum: 15.5]
      [Update RS (ms): Min: 0.0, Avg: 3.1, Max: 3.7, Diff: 3.7, Sum: 24.8]
         [Processed Buffers: Min: 0, Avg: 10.2, Max: 15, Diff: 15, Sum: 82]
      [Scan RS (ms): Min: 0.2, Avg: 0.7, Max: 0.9, Diff: 0.8, Sum: 5.9]
      [Code Root Scanning (ms): Min: 0.0, Avg: 0.6, Max: 4.6, Diff: 4.6, Sum: 4.6]
      [Object Copy (ms): Min: 0.3, Avg: 4.1, Max: 4.9, Diff: 4.6, Sum: 32.6]
      [Termination (ms): Min: 0.0, Avg: 0.0, Max: 0.0, Diff: 0.0, Sum: 0.1]
         [Termination Attempts: Min: 1, Avg: 31.8, Max: 43, Diff: 42, Sum: 254]
      [GC Worker Other (ms): Min: 0.0, Avg: 0.0, Max: 0.1, Diff: 0.0, Sum: 0.3]
      [GC Worker Total (ms): Min: 10.4, Avg: 10.5, Max: 10.6, Diff: 0.2, Sum: 83.7]
      [GC Worker End (ms): Min: 732394485.4, Avg: 732394485.4, Max: 732394485.5, Diff: 0.0]
   [Code Root Fixup: 0.1 ms]
   [Code Root Purge: 0.0 ms]
   [Clear CT: 0.8 ms]
   [Other: 3.5 ms]
      [Choose CSet: 0.0 ms]
      [Ref Proc: 2.8 ms]
      [Ref Enq: 0.1 ms]
      [Redirty Cards: 0.1 ms]
      [Humongous Register: 0.1 ms]
      [Humongous Reclaim: 0.0 ms]
      [Free CSet: 0.3 ms]
   [Eden: 5712.0M(5712.0M)->0.0B(7152.0M) Survivors: 16384.0K->16384.0K Heap: 9350.0M(14336.0M)->3628.3M(14336.0M)]
 [Times: user=0.09 sys=0.00, real=0.02 secs] 
2022-07-30T08:38:13.044-0700: 732464.549: [GC pause (G1 Evacuation Pause) (young), 0.0241932 secs]
   [Parallel Time: 21.4 ms, GC Workers: 8]
      [GC Worker Start (ms): Min: 732464549.2, Avg: 732464549.3, Max: 732464549.3, Diff: 0.1]
      [Ext Root Scanning (ms): Min: 0.9, Avg: 1.6, Max: 5.0, Diff: 4.1, Sum: 12.6]
      [Update RS (ms): Min: 3.1, Avg: 6.1, Max: 6.7, Diff: 3.6, Sum: 48.5]
         [Processed Buffers: Min: 13, Avg: 18.2, Max: 21, Diff: 8, Sum: 146]
      [Scan RS (ms): Min: 0.0, Avg: 0.0, Max: 0.1, Diff: 0.1, Sum: 0.4]
      [Code Root Scanning (ms): Min: 0.0, Avg: 0.0, Max: 0.0, Diff: 0.0, Sum: 0.0]
      [Object Copy (ms): Min: 13.2, Avg: 13.6, Max: 13.7, Diff: 0.5, Sum: 108.5]
      [Termination (ms): Min: 0.0, Avg: 0.0, Max: 0.0, Diff: 0.0, Sum: 0.0]
         [Termination Attempts: Min: 1, Avg: 1.0, Max: 1, Diff: 0, Sum: 8]
      [GC Worker Other (ms): Min: 0.0, Avg: 0.0, Max: 0.1, Diff: 0.1, Sum: 0.4]
      [GC Worker Total (ms): Min: 21.3, Avg: 21.3, Max: 21.4, Diff: 0.1, Sum: 170.4]
      [GC Worker End (ms): Min: 732464570.6, Avg: 732464570.6, Max: 732464570.6, Diff: 0.1]
   [Code Root Fixup: 0.0 ms]
   [Code Root Purge: 0.0 ms]
   [Clear CT: 0.8 ms]
   [Other: 2.0 ms]
      [Choose CSet: 0.0 ms]
      [Ref Proc: 1.3 ms]
      [Ref Enq: 0.1 ms]
      [Redirty Cards: 0.1 ms]
      [Humongous Register: 0.0 ms]
      [Humongous Reclaim: 0.0 ms]
      [Free CSet: 0.3 ms]
   [Eden: 7152.0M(7152.0M)->0.0B(7104.0M) Survivors: 16384.0K->65536.0K Heap: 10780.3M(14336.0M)->3674.4M(14336.0M)]
 [Times: user=0.18 sys=0.00, real=0.02 secs] 
2022-07-30T08:38:23.228-0700: 732474.733: [GC pause (G1 Evacuation Pause) (young) (initial-mark), 0.0237177 secs]
   [Parallel Time: 19.0 ms, GC Workers: 8]
      [GC Worker Start (ms): Min: 732474734.2, Avg: 732474734.2, Max: 732474734.3, Diff: 0.1]
      [Ext Root Scanning (ms): Min: 5.0, Avg: 5.1, Max: 5.4, Diff: 0.4, Sum: 41.1]
      [Update RS (ms): Min: 2.9, Avg: 3.0, Max: 3.3, Diff: 0.4, Sum: 23.7]
         [Processed Buffers: Min: 7, Avg: 9.4, Max: 12, Diff: 5, Sum: 75]
      [Scan RS (ms): Min: 0.0, Avg: 0.0, Max: 0.1, Diff: 0.1, Sum: 0.4]
      [Code Root Scanning (ms): Min: 0.0, Avg: 0.0, Max: 0.0, Diff: 0.0, Sum: 0.0]
      [Object Copy (ms): Min: 8.8, Avg: 9.0, Max: 9.2, Diff: 0.3, Sum: 72.0]
      [Termination (ms): Min: 0.0, Avg: 0.0, Max: 0.0, Diff: 0.0, Sum: 0.0]
         [Termination Attempts: Min: 1, Avg: 4.1, Max: 6, Diff: 5, Sum: 33]
      [GC Worker Other (ms): Min: 0.0, Avg: 0.1, Max: 0.1, Diff: 0.1, Sum: 0.5]
      [GC Worker Total (ms): Min: 17.2, Avg: 17.2, Max: 17.3, Diff: 0.2, Sum: 137.7]
      [GC Worker End (ms): Min: 732474751.4, Avg: 732474751.4, Max: 732474751.5, Diff: 0.1]
   [Code Root Fixup: 0.0 ms]
   [Code Root Purge: 0.0 ms]
   [Clear CT: 0.7 ms]
   [Other: 4.1 ms]
      [Choose CSet: 0.0 ms]
      [Ref Proc: 3.4 ms]
      [Ref Enq: 0.1 ms]
      [Redirty Cards: 0.1 ms]
      [Humongous Register: 0.0 ms]
      [Humongous Reclaim: 0.0 ms]
      [Free CSet: 0.3 ms]
   [Eden: 7104.0M(7104.0M)->0.0B(7088.0M) Survivors: 65536.0K->81920.0K Heap: 10778.4M(14336.0M)->3709.8M(14336.0M)]
 [Times: user=0.15 sys=0.00, real=0.02 secs] 
2022-07-30T08:38:23.252-0700: 732474.756: [GC concurrent-root-region-scan-start]
2022-07-30T08:38:23.268-0700: 732474.773: [GC concurrent-root-region-scan-end, 0.0165327 secs]
2022-07-30T08:38:23.268-0700: 732474.773: [GC concurrent-mark-start]
2022-07-30T08:38:26.152-0700: 732477.657: [GC concurrent-mark-end, 2.8835963 secs]
2022-07-30T08:38:26.152-0700: 732477.657: [GC remark 2022-07-30T08:38:26.152-0700: 732477.657: [Finalize Marking, 0.0002838 secs] 2022-07-30T08:38:26.152-0700: 732477.657: [GC ref-proc, 0.0061614 secs] 2022-07-30T08:38:26.159-0700: 732477.663: [Unloading, 0.0307034 secs], 0.0426735 secs]
 [Times: user=0.27 sys=0.00, real=0.05 secs] 
2022-07-30T08:38:26.195-0700: 732477.700: [GC cleanup 5397M->5381M(14336M), 0.0095889 secs]
 [Times: user=0.06 sys=0.00, real=0.01 secs] 
2022-07-30T08:38:26.205-0700: 732477.710: [GC concurrent-cleanup-start]
2022-07-30T08:38:26.205-0700: 732477.710: [GC concurrent-cleanup-end, 0.0000203 secs]
2022-07-30T08:38:34.785-0700: 732486.290: [GC pause (G1 Evacuation Pause) (young), 0.0269919 secs]
   [Parallel Time: 23.1 ms, GC Workers: 8]
      [GC Worker Start (ms): Min: 732486289.7, Avg: 732486289.8, Max: 732486289.8, Diff: 0.2]
      [Ext Root Scanning (ms): Min: 0.9, Avg: 1.6, Max: 5.2, Diff: 4.3, Sum: 13.0]
      [Update RS (ms): Min: 3.8, Avg: 7.3, Max: 8.1, Diff: 4.3, Sum: 58.6]
         [Processed Buffers: Min: 8, Avg: 15.4, Max: 22, Diff: 14, Sum: 123]
      [Scan RS (ms): Min: 0.0, Avg: 0.0, Max: 0.1, Diff: 0.1, Sum: 0.4]
      [Code Root Scanning (ms): Min: 0.0, Avg: 0.0, Max: 0.0, Diff: 0.0, Sum: 0.0]
      [Object Copy (ms): Min: 13.6, Avg: 13.8, Max: 13.9, Diff: 0.3, Sum: 110.5]
      [Termination (ms): Min: 0.0, Avg: 0.0, Max: 0.0, Diff: 0.0, Sum: 0.0]
         [Termination Attempts: Min: 1, Avg: 1.8, Max: 3, Diff: 2, Sum: 14]
      [GC Worker Other (ms): Min: 0.0, Avg: 0.0, Max: 0.1, Diff: 0.1, Sum: 0.4]
      [GC Worker Total (ms): Min: 22.8, Avg: 22.9, Max: 23.0, Diff: 0.1, Sum: 183.0]
      [GC Worker End (ms): Min: 732486312.6, Avg: 732486312.6, Max: 732486312.7, Diff: 0.1]
   [Code Root Fixup: 0.0 ms]
   [Code Root Purge: 0.0 ms]
   [Clear CT: 0.7 ms]
   [Other: 3.2 ms]
      [Choose CSet: 0.0 ms]
      [Ref Proc: 2.5 ms]
      [Ref Enq: 0.1 ms]
      [Redirty Cards: 0.1 ms]
      [Humongous Register: 0.1 ms]
      [Humongous Reclaim: 0.0 ms]
      [Free CSet: 0.3 ms]
   [Eden: 7088.0M(7088.0M)->0.0B(5648.0M) Survivors: 81920.0K->81920.0K Heap: 10781.8M(14336.0M)->3715.8M(14336.0M)]
 [Times: user=0.19 sys=0.00, real=0.02 secs] 
2022-07-30 08:38:35 GC log file has reached the maximum size. Saved as gc.log.2
