OpenJDK 64-Bit Server VM (25.312-b07) for linux-amd64 JRE (1.8.0_312-8u312-b07-0ubuntu1~20.04-b07), built on Nov  3 2021 13:54:59 by "buildd" with gcc 9.3.0
Memory: 4k page, physical 24560344k(14358596k free), swap 2097148k(1591512k free)
CommandLine flags: -XX:+AlwaysPreTouch -XX:+DisableExplicitGC -XX:G1HeapRegionSize=16777216 -XX:G1HeapWastePercent=5 -XX:G1MaxNewSizePercent=50 -XX:G1MixedGCCountTarget=4 -XX:G1MixedGCLiveThresholdPercent=90 -XX:G1NewSizePercent=40 -XX:G1RSetUpdatingPauseTimePercent=5 -XX:G1ReservePercent=15 -XX:GCLogFileSize=1048576 -XX:InitialHeapSize=15032385536 -XX:InitialTenuringThreshold=1 -XX:InitiatingHeapOccupancyPercent=20 -XX:MaxGCPauseMillis=200 -XX:MaxHeapSize=15032385536 -XX:MaxTenuringThreshold=1 -XX:NumberOfGCLogFiles=5 -XX:+ParallelRefProcEnabled -XX:+PerfDisableSharedMem -XX:+PrintGC -XX:+PrintGCDateStamps -XX:+PrintGCDetails -XX:+PrintGCTimeStamps -XX:SurvivorRatio=32 -XX:+UnlockExperimentalVMOptions -XX:+UseCompressedClassPointers -XX:+UseCompressedOops -XX:+UseG1GC -XX:+UseGCLogFileRotation 
2022-07-21T21:10:34.519-0700: 6.024: [GC pause (Metadata GC Threshold) (young) (initial-mark), 0.0220005 secs]
   [Parallel Time: 18.5 ms, GC Workers: 8]
      [GC Worker Start (ms): Min: 6024.4, Avg: 6024.5, Max: 6025.0, Diff: 0.6]
      [Ext Root Scanning (ms): Min: 0.4, Avg: 0.8, Max: 1.1, Diff: 0.7, Sum: 6.1]
      [Update RS (ms): Min: 0.0, Avg: 0.0, Max: 0.0, Diff: 0.0, Sum: 0.0]
         [Processed Buffers: Min: 0, Avg: 0.0, Max: 0, Diff: 0, Sum: 0]
      [Scan RS (ms): Min: 0.0, Avg: 0.0, Max: 0.0, Diff: 0.0, Sum: 0.0]
      [Code Root Scanning (ms): Min: 0.0, Avg: 1.2, Max: 7.4, Diff: 7.4, Sum: 9.9]
      [Object Copy (ms): Min: 10.1, Avg: 16.1, Max: 17.5, Diff: 7.4, Sum: 128.9]
      [Termination (ms): Min: 0.0, Avg: 0.1, Max: 0.1, Diff: 0.1, Sum: 0.6]
         [Termination Attempts: Min: 1, Avg: 1.0, Max: 1, Diff: 0, Sum: 8]
      [GC Worker Other (ms): Min: 0.0, Avg: 0.0, Max: 0.0, Diff: 0.0, Sum: 0.1]
      [GC Worker Total (ms): Min: 17.7, Avg: 18.2, Max: 18.3, Diff: 0.6, Sum: 145.8]
      [GC Worker End (ms): Min: 6042.7, Avg: 6042.7, Max: 6042.7, Diff: 0.0]
   [Code Root Fixup: 0.1 ms]
   [Code Root Purge: 0.0 ms]
   [Clear CT: 0.1 ms]
   [Other: 3.3 ms]
      [Choose CSet: 0.0 ms]
      [Ref Proc: 2.9 ms]
      [Ref Enq: 0.1 ms]
      [Redirty Cards: 0.1 ms]
      [Humongous Register: 0.0 ms]
      [Humongous Reclaim: 0.0 ms]
      [Free CSet: 0.1 ms]
   [Eden: 288.0M(5728.0M)->0.0B(5648.0M) Survivors: 0.0B->81920.0K Heap: 288.0M(14336.0M)->70239.7K(14336.0M)]
 [Times: user=0.15 sys=0.00, real=0.02 secs] 
2022-07-21T21:10:34.542-0700: 6.046: [GC concurrent-root-region-scan-start]
2022-07-21T21:10:34.561-0700: 6.066: [GC concurrent-root-region-scan-end, 0.0198227 secs]
2022-07-21T21:10:34.561-0700: 6.066: [GC concurrent-mark-start]
2022-07-21T21:10:34.562-0700: 6.066: [GC concurrent-mark-end, 0.0003209 secs]
2022-07-21T21:10:34.562-0700: 6.067: [GC remark 2022-07-21T21:10:34.562-0700: 6.067: [Finalize Marking, 0.0002128 secs] 2022-07-21T21:10:34.562-0700: 6.067: [GC ref-proc, 0.0014238 secs] 2022-07-21T21:10:34.564-0700: 6.068: [Unloading, 0.0017672 secs], 0.0037157 secs]
 [Times: user=0.02 sys=0.01, real=0.01 secs] 
2022-07-21T21:10:34.566-0700: 6.070: [GC cleanup 94703K->94703K(14336M), 0.0012364 secs]
 [Times: user=0.00 sys=0.00, real=0.00 secs] 
2022-07-21T21:10:36.866-0700: 8.371: [GC pause (Metadata GC Threshold) (young) (initial-mark), 0.0491563 secs]
   [Parallel Time: 40.8 ms, GC Workers: 8]
      [GC Worker Start (ms): Min: 8370.7, Avg: 8371.0, Max: 8371.6, Diff: 0.8]
      [Ext Root Scanning (ms): Min: 1.9, Avg: 2.3, Max: 3.1, Diff: 1.2, Sum: 18.7]
      [Update RS (ms): Min: 0.0, Avg: 0.0, Max: 0.0, Diff: 0.0, Sum: 0.0]
         [Processed Buffers: Min: 0, Avg: 0.0, Max: 0, Diff: 0, Sum: 0]
      [Scan RS (ms): Min: 0.0, Avg: 0.0, Max: 0.1, Diff: 0.1, Sum: 0.2]
      [Code Root Scanning (ms): Min: 0.0, Avg: 4.2, Max: 17.9, Diff: 17.9, Sum: 34.0]
      [Object Copy (ms): Min: 19.5, Avg: 33.6, Max: 38.0, Diff: 18.5, Sum: 269.0]
      [Termination (ms): Min: 0.0, Avg: 0.1, Max: 0.1, Diff: 0.1, Sum: 0.7]
         [Termination Attempts: Min: 1, Avg: 1.0, Max: 1, Diff: 0, Sum: 8]
      [GC Worker Other (ms): Min: 0.0, Avg: 0.0, Max: 0.1, Diff: 0.1, Sum: 0.1]
      [GC Worker Total (ms): Min: 39.7, Avg: 40.3, Max: 40.6, Diff: 0.8, Sum: 322.6]
      [GC Worker End (ms): Min: 8411.3, Avg: 8411.3, Max: 8411.3, Diff: 0.0]
   [Code Root Fixup: 0.4 ms]
   [Code Root Purge: 0.0 ms]
   [Clear CT: 0.1 ms]
   [Other: 7.9 ms]
      [Choose CSet: 0.0 ms]
      [Ref Proc: 7.2 ms]
      [Ref Enq: 0.1 ms]
      [Redirty Cards: 0.1 ms]
      [Humongous Register: 0.0 ms]
      [Humongous Reclaim: 0.0 ms]
      [Free CSet: 0.3 ms]
   [Eden: 576.0M(5648.0M)->0.0B(5584.0M) Survivors: 81920.0K->144.0M Heap: 644.5M(14336.0M)->196.0M(14336.0M)]
 [Times: user=0.35 sys=0.01, real=0.05 secs] 
2022-07-21T21:10:36.915-0700: 8.420: [GC concurrent-root-region-scan-start]
2022-07-21T21:10:36.941-0700: 8.446: [GC concurrent-root-region-scan-end, 0.0260718 secs]
2022-07-21T21:10:36.941-0700: 8.446: [GC concurrent-mark-start]
2022-07-21T21:10:37.027-0700: 8.532: [GC concurrent-mark-end, 0.0856962 secs]
2022-07-21T21:10:37.027-0700: 8.532: [GC remark 2022-07-21T21:10:37.027-0700: 8.532: [Finalize Marking, 0.0003298 secs] 2022-07-21T21:10:37.027-0700: 8.532: [GC ref-proc, 0.0038316 secs] 2022-07-21T21:10:37.031-0700: 8.536: [Unloading, 0.0045028 secs], 0.0091351 secs]
 [Times: user=0.06 sys=0.00, real=0.01 secs] 
2022-07-21T21:10:37.036-0700: 8.541: [GC cleanup 235M->235M(14336M), 0.0010508 secs]
 [Times: user=0.01 sys=0.00, real=0.00 secs] 
2022-07-21T21:10:44.713-0700: 16.218: [GC pause (Metadata GC Threshold) (young) (initial-mark), 0.0979403 secs]
   [Parallel Time: 93.5 ms, GC Workers: 8]
      [GC Worker Start (ms): Min: 16218.2, Avg: 16218.5, Max: 16219.4, Diff: 1.2]
      [Ext Root Scanning (ms): Min: 1.5, Avg: 2.1, Max: 2.8, Diff: 1.3, Sum: 16.7]
      [Update RS (ms): Min: 0.0, Avg: 0.2, Max: 0.5, Diff: 0.5, Sum: 1.9]
         [Processed Buffers: Min: 0, Avg: 2.5, Max: 7, Diff: 7, Sum: 20]
      [Scan RS (ms): Min: 0.1, Avg: 0.3, Max: 0.4, Diff: 0.3, Sum: 2.2]
      [Code Root Scanning (ms): Min: 0.2, Avg: 0.8, Max: 1.6, Diff: 1.4, Sum: 6.2]
      [Object Copy (ms): Min: 88.5, Avg: 89.5, Max: 90.1, Diff: 1.6, Sum: 715.8]
      [Termination (ms): Min: 0.0, Avg: 0.0, Max: 0.0, Diff: 0.0, Sum: 0.0]
         [Termination Attempts: Min: 1, Avg: 1.0, Max: 1, Diff: 0, Sum: 8]
      [GC Worker Other (ms): Min: 0.0, Avg: 0.0, Max: 0.1, Diff: 0.0, Sum: 0.3]
      [GC Worker Total (ms): Min: 92.0, Avg: 92.9, Max: 93.2, Diff: 1.2, Sum: 743.1]
      [GC Worker End (ms): Min: 16311.4, Avg: 16311.4, Max: 16311.4, Diff: 0.0]
   [Code Root Fixup: 0.2 ms]
   [Code Root Purge: 0.1 ms]
   [Clear CT: 0.3 ms]
   [Other: 3.9 ms]
      [Choose CSet: 0.0 ms]
      [Ref Proc: 3.2 ms]
      [Ref Enq: 0.1 ms]
      [Redirty Cards: 0.1 ms]
      [Humongous Register: 0.0 ms]
      [Humongous Reclaim: 0.0 ms]
      [Free CSet: 0.4 ms]
   [Eden: 3680.0M(5584.0M)->0.0B(5536.0M) Survivors: 144.0M->192.0M Heap: 3876.0M(14336.0M)->348.0M(14336.0M)]
 [Times: user=0.76 sys=0.00, real=0.10 secs] 
2022-07-21T21:10:44.811-0700: 16.316: [GC concurrent-root-region-scan-start]
2022-07-21T21:10:45.042-0700: 16.547: [GC concurrent-root-region-scan-end, 0.2306426 secs]
2022-07-21T21:10:45.042-0700: 16.547: [GC concurrent-mark-start]
2022-07-21T21:10:45.232-0700: 16.737: [GC concurrent-mark-end, 0.1906957 secs]
2022-07-21T21:10:45.235-0700: 16.739: [GC remark 2022-07-21T21:10:45.235-0700: 16.739: [Finalize Marking, 0.0002079 secs] 2022-07-21T21:10:45.235-0700: 16.740: [GC ref-proc, 0.0046583 secs] 2022-07-21T21:10:45.240-0700: 16.744: [Unloading, 0.0062411 secs], 0.0116711 secs]
 [Times: user=0.07 sys=0.00, real=0.02 secs] 
2022-07-21T21:10:45.246-0700: 16.751: [GC cleanup 1194M->1194M(14336M), 0.0012045 secs]
 [Times: user=0.00 sys=0.00, real=0.00 secs] 
2022-07-21T21:10:47.052-0700: 18.557: [GC pause (G1 Evacuation Pause) (young) (initial-mark), 0.1030948 secs]
   [Parallel Time: 98.7 ms, GC Workers: 8]
      [GC Worker Start (ms): Min: 18557.2, Avg: 18557.4, Max: 18558.3, Diff: 1.2]
      [Ext Root Scanning (ms): Min: 0.7, Avg: 2.9, Max: 14.1, Diff: 13.4, Sum: 23.1]
      [Update RS (ms): Min: 0.0, Avg: 0.2, Max: 0.6, Diff: 0.6, Sum: 1.6]
         [Processed Buffers: Min: 0, Avg: 2.1, Max: 7, Diff: 7, Sum: 17]
      [Scan RS (ms): Min: 0.0, Avg: 0.5, Max: 0.8, Diff: 0.7, Sum: 4.1]
      [Code Root Scanning (ms): Min: 0.0, Avg: 0.8, Max: 4.5, Diff: 4.5, Sum: 6.6]
      [Object Copy (ms): Min: 83.9, Avg: 93.4, Max: 96.0, Diff: 12.0, Sum: 747.1]
      [Termination (ms): Min: 0.0, Avg: 0.1, Max: 0.1, Diff: 0.1, Sum: 0.7]
         [Termination Attempts: Min: 1, Avg: 1.1, Max: 2, Diff: 1, Sum: 9]
      [GC Worker Other (ms): Min: 0.0, Avg: 0.0, Max: 0.1, Diff: 0.0, Sum: 0.3]
      [GC Worker Total (ms): Min: 97.0, Avg: 97.9, Max: 98.1, Diff: 1.1, Sum: 783.5]
      [GC Worker End (ms): Min: 18655.3, Avg: 18655.3, Max: 18655.3, Diff: 0.0]
   [Code Root Fixup: 0.1 ms]
   [Code Root Purge: 0.0 ms]
   [Clear CT: 0.5 ms]
   [Other: 3.8 ms]
      [Choose CSet: 0.0 ms]
      [Ref Proc: 2.9 ms]
      [Ref Enq: 0.1 ms]
      [Redirty Cards: 0.4 ms]
      [Humongous Register: 0.0 ms]
      [Humongous Reclaim: 0.0 ms]
      [Free CSet: 0.3 ms]
   [Eden: 5536.0M(5536.0M)->0.0B(5600.0M) Survivors: 192.0M->128.0M Heap: 5884.0M(14336.0M)->482.9M(14336.0M)]
 [Times: user=0.80 sys=0.01, real=0.11 secs] 
2022-07-21T21:10:47.155-0700: 18.660: [GC concurrent-root-region-scan-start]
2022-07-21T21:10:47.238-0700: 18.743: [GC concurrent-root-region-scan-end, 0.0828759 secs]
2022-07-21T21:10:47.238-0700: 18.743: [GC concurrent-mark-start]
2022-07-21T21:10:47.923-0700: 19.428: [GC concurrent-mark-end, 0.6849401 secs]
2022-07-21T21:10:47.923-0700: 19.428: [GC remark 2022-07-21T21:10:47.923-0700: 19.428: [Finalize Marking, 0.0003059 secs] 2022-07-21T21:10:47.924-0700: 19.428: [GC ref-proc, 0.0045934 secs] 2022-07-21T21:10:47.928-0700: 19.433: [Unloading, 0.0087327 secs], 0.0146282 secs]
 [Times: user=0.09 sys=0.00, real=0.01 secs] 
2022-07-21T21:10:47.938-0700: 19.443: [GC cleanup 2234M->2218M(14336M), 0.0011493 secs]
 [Times: user=0.01 sys=0.00, real=0.00 secs] 
2022-07-21T21:10:47.939-0700: 19.444: [GC concurrent-cleanup-start]
2022-07-21T21:10:47.939-0700: 19.444: [GC concurrent-cleanup-end, 0.0000136 secs]
2022-07-21T21:10:49.175-0700: 20.679: [GC pause (G1 Evacuation Pause) (young), 0.0207571 secs]
   [Parallel Time: 18.1 ms, GC Workers: 8]
      [GC Worker Start (ms): Min: 20679.4, Avg: 20679.5, Max: 20679.6, Diff: 0.2]
      [Ext Root Scanning (ms): Min: 0.1, Avg: 0.6, Max: 2.1, Diff: 2.0, Sum: 4.8]
      [Update RS (ms): Min: 0.0, Avg: 1.0, Max: 2.4, Diff: 2.4, Sum: 8.3]
         [Processed Buffers: Min: 0, Avg: 3.2, Max: 10, Diff: 10, Sum: 26]
      [Scan RS (ms): Min: 1.1, Avg: 3.7, Max: 10.0, Diff: 8.9, Sum: 29.4]
      [Code Root Scanning (ms): Min: 0.0, Avg: 0.0, Max: 0.1, Diff: 0.1, Sum: 0.3]
      [Object Copy (ms): Min: 5.8, Avg: 12.4, Max: 16.6, Diff: 10.8, Sum: 99.4]
      [Termination (ms): Min: 0.0, Avg: 0.1, Max: 0.1, Diff: 0.1, Sum: 0.6]
         [Termination Attempts: Min: 1, Avg: 1.0, Max: 1, Diff: 0, Sum: 8]
      [GC Worker Other (ms): Min: 0.0, Avg: 0.0, Max: 0.0, Diff: 0.0, Sum: 0.2]
      [GC Worker Total (ms): Min: 17.7, Avg: 17.9, Max: 17.9, Diff: 0.2, Sum: 142.9]
      [GC Worker End (ms): Min: 20697.3, Avg: 20697.3, Max: 20697.4, Diff: 0.0]
   [Code Root Fixup: 0.0 ms]
   [Code Root Purge: 0.0 ms]
   [Clear CT: 0.6 ms]
   [Other: 2.1 ms]
      [Choose CSet: 0.0 ms]
      [Ref Proc: 1.5 ms]
      [Ref Enq: 0.1 ms]
      [Redirty Cards: 0.1 ms]
      [Humongous Register: 0.0 ms]
      [Humongous Reclaim: 0.0 ms]
      [Free CSet: 0.2 ms]
   [Eden: 5600.0M(5600.0M)->0.0B(5632.0M) Survivors: 128.0M->98304.0K Heap: 6066.9M(14336.0M)->492.6M(14336.0M)]
 [Times: user=0.15 sys=0.00, real=0.03 secs] 
2022-07-21T21:10:50.776-0700: 22.281: [GC pause (G1 Evacuation Pause) (young), 0.0083612 secs]
   [Parallel Time: 6.0 ms, GC Workers: 8]
      [GC Worker Start (ms): Min: 22281.3, Avg: 22281.3, Max: 22281.3, Diff: 0.1]
      [Ext Root Scanning (ms): Min: 0.3, Avg: 0.6, Max: 2.1, Diff: 1.8, Sum: 4.9]
      [Update RS (ms): Min: 0.0, Avg: 0.6, Max: 1.0, Diff: 1.0, Sum: 5.0]
         [Processed Buffers: Min: 0, Avg: 3.0, Max: 6, Diff: 6, Sum: 24]
      [Scan RS (ms): Min: 0.0, Avg: 0.8, Max: 2.3, Diff: 2.3, Sum: 6.1]
      [Code Root Scanning (ms): Min: 0.0, Avg: 0.0, Max: 0.0, Diff: 0.0, Sum: 0.1]
      [Object Copy (ms): Min: 2.6, Avg: 3.9, Max: 4.4, Diff: 1.8, Sum: 31.1]
      [Termination (ms): Min: 0.0, Avg: 0.0, Max: 0.0, Diff: 0.0, Sum: 0.0]
         [Termination Attempts: Min: 1, Avg: 8.2, Max: 14, Diff: 13, Sum: 66]
      [GC Worker Other (ms): Min: 0.0, Avg: 0.1, Max: 0.1, Diff: 0.0, Sum: 0.4]
      [GC Worker Total (ms): Min: 5.9, Avg: 6.0, Max: 6.0, Diff: 0.1, Sum: 47.7]
      [GC Worker End (ms): Min: 22287.2, Avg: 22287.3, Max: 22287.3, Diff: 0.1]
   [Code Root Fixup: 0.0 ms]
   [Code Root Purge: 0.0 ms]
   [Clear CT: 0.6 ms]
   [Other: 1.7 ms]
      [Choose CSet: 0.0 ms]
      [Ref Proc: 1.2 ms]
      [Ref Enq: 0.1 ms]
      [Redirty Cards: 0.1 ms]
      [Humongous Register: 0.0 ms]
      [Humongous Reclaim: 0.0 ms]
      [Free CSet: 0.2 ms]
   [Eden: 5632.0M(5632.0M)->0.0B(5696.0M) Survivors: 98304.0K->32768.0K Heap: 6124.6M(14336.0M)->479.9M(14336.0M)]
 [Times: user=0.06 sys=0.01, real=0.01 secs] 
2022-07-21T21:10:53.167-0700: 24.672: [GC pause (G1 Evacuation Pause) (young), 0.0262711 secs]
   [Parallel Time: 18.6 ms, GC Workers: 8]
      [GC Worker Start (ms): Min: 24671.9, Avg: 24671.9, Max: 24672.0, Diff: 0.2]
      [Ext Root Scanning (ms): Min: 1.0, Avg: 3.1, Max: 5.0, Diff: 4.0, Sum: 24.7]
      [Update RS (ms): Min: 0.0, Avg: 1.1, Max: 2.5, Diff: 2.5, Sum: 8.8]
         [Processed Buffers: Min: 0, Avg: 4.8, Max: 11, Diff: 11, Sum: 38]
      [Scan RS (ms): Min: 0.0, Avg: 0.3, Max: 0.8, Diff: 0.7, Sum: 2.5]
      [Code Root Scanning (ms): Min: 0.0, Avg: 1.4, Max: 11.4, Diff: 11.4, Sum: 11.6]
      [Object Copy (ms): Min: 0.5, Avg: 9.4, Max: 11.2, Diff: 10.7, Sum: 75.2]
      [Termination (ms): Min: 0.0, Avg: 0.5, Max: 3.2, Diff: 3.2, Sum: 4.2]
         [Termination Attempts: Min: 1, Avg: 4.5, Max: 7, Diff: 6, Sum: 36]
      [GC Worker Other (ms): Min: 0.0, Avg: 0.0, Max: 0.0, Diff: 0.0, Sum: 0.1]
      [GC Worker Total (ms): Min: 15.5, Avg: 15.9, Max: 18.4, Diff: 2.9, Sum: 127.1]
      [GC Worker End (ms): Min: 24687.4, Avg: 24687.8, Max: 24690.4, Diff: 3.0]
   [Code Root Fixup: 0.0 ms]
   [Code Root Purge: 0.0 ms]
   [Clear CT: 0.6 ms]
   [Other: 7.1 ms]
      [Choose CSet: 0.0 ms]
      [Ref Proc: 6.4 ms]
      [Ref Enq: 0.1 ms]
      [Redirty Cards: 0.1 ms]
      [Humongous Register: 0.0 ms]
      [Humongous Reclaim: 0.0 ms]
      [Free CSet: 0.3 ms]
   [Eden: 5696.0M(5696.0M)->0.0B(5696.0M) Survivors: 32768.0K->32768.0K Heap: 6175.9M(14336.0M)->488.8M(14336.0M)]
 [Times: user=0.15 sys=0.02, real=0.02 secs] 
2022-07-21T21:10:55.219-0700: 26.724: [GC pause (Metadata GC Threshold) (young) (initial-mark), 0.0550835 secs]
   [Parallel Time: 51.2 ms, GC Workers: 8]
      [GC Worker Start (ms): Min: 26724.4, Avg: 26725.0, Max: 26727.0, Diff: 2.6]
      [Ext Root Scanning (ms): Min: 1.4, Avg: 3.8, Max: 7.5, Diff: 6.1, Sum: 30.5]
      [Update RS (ms): Min: 0.0, Avg: 1.0, Max: 1.4, Diff: 1.4, Sum: 7.6]
         [Processed Buffers: Min: 0, Avg: 4.5, Max: 8, Diff: 8, Sum: 36]
      [Scan RS (ms): Min: 0.0, Avg: 0.7, Max: 2.2, Diff: 2.2, Sum: 5.9]
      [Code Root Scanning (ms): Min: 0.0, Avg: 5.9, Max: 29.6, Diff: 29.6, Sum: 47.5]
      [Object Copy (ms): Min: 13.8, Avg: 37.0, Max: 43.0, Diff: 29.2, Sum: 295.7]
      [Termination (ms): Min: 0.0, Avg: 1.3, Max: 1.5, Diff: 1.5, Sum: 10.5]
         [Termination Attempts: Min: 1, Avg: 6.5, Max: 13, Diff: 12, Sum: 52]
      [GC Worker Other (ms): Min: 0.0, Avg: 0.0, Max: 0.0, Diff: 0.0, Sum: 0.1]
      [GC Worker Total (ms): Min: 47.7, Avg: 49.7, Max: 50.4, Diff: 2.7, Sum: 397.9]
      [GC Worker End (ms): Min: 26774.7, Avg: 26774.8, Max: 26774.8, Diff: 0.0]
   [Code Root Fixup: 0.0 ms]
   [Code Root Purge: 0.0 ms]
   [Clear CT: 0.4 ms]
   [Other: 3.5 ms]
      [Choose CSet: 0.0 ms]
      [Ref Proc: 2.9 ms]
      [Ref Enq: 0.1 ms]
      [Redirty Cards: 0.1 ms]
      [Humongous Register: 0.0 ms]
      [Humongous Reclaim: 0.0 ms]
      [Free CSet: 0.2 ms]
   [Eden: 4016.0M(5696.0M)->0.0B(5648.0M) Survivors: 32768.0K->81920.0K Heap: 4504.8M(14336.0M)->558.6M(14336.0M)]
 [Times: user=0.40 sys=0.01, real=0.05 secs] 
2022-07-21T21:10:55.274-0700: 26.779: [GC concurrent-root-region-scan-start]
2022-07-21T21:10:55.387-0700: 26.892: [GC concurrent-root-region-scan-end, 0.1127390 secs]
2022-07-21T21:10:55.387-0700: 26.892: [GC concurrent-mark-start]
2022-07-21T21:10:56.438-0700: 27.943: [GC concurrent-mark-end, 1.0508845 secs]
2022-07-21T21:10:56.438-0700: 27.943: [GC remark 2022-07-21T21:10:56.438-0700: 27.943: [Finalize Marking, 0.0002279 secs] 2022-07-21T21:10:56.439-0700: 27.943: [GC ref-proc, 0.0042845 secs] 2022-07-21T21:10:56.443-0700: 27.948: [Unloading, 0.0113013 secs], 0.0169812 secs]
 [Times: user=0.09 sys=0.00, real=0.02 secs] 
2022-07-21T21:10:56.456-0700: 27.960: [GC cleanup 2462M->2462M(14336M), 0.0015037 secs]
 [Times: user=0.00 sys=0.00, real=0.00 secs] 
2022-07-21T21:10:58.198-0700: 29.703: [GC pause (G1 Evacuation Pause) (young) (initial-mark), 0.0626766 secs]
   [Parallel Time: 58.4 ms, GC Workers: 8]
      [GC Worker Start (ms): Min: 29703.5, Avg: 29703.8, Max: 29705.6, Diff: 2.1]
      [Ext Root Scanning (ms): Min: 1.9, Avg: 4.0, Max: 8.7, Diff: 6.8, Sum: 31.8]
      [Update RS (ms): Min: 0.0, Avg: 0.9, Max: 1.1, Diff: 1.1, Sum: 7.0]
         [Processed Buffers: Min: 0, Avg: 4.0, Max: 7, Diff: 7, Sum: 32]
      [Scan RS (ms): Min: 0.0, Avg: 1.0, Max: 1.3, Diff: 1.3, Sum: 8.3]
      [Code Root Scanning (ms): Min: 0.0, Avg: 0.0, Max: 0.2, Diff: 0.2, Sum: 0.3]
      [Object Copy (ms): Min: 48.8, Avg: 51.3, Max: 52.1, Diff: 3.2, Sum: 410.8]
      [Termination (ms): Min: 0.0, Avg: 0.0, Max: 0.0, Diff: 0.0, Sum: 0.0]
         [Termination Attempts: Min: 1, Avg: 17.5, Max: 26, Diff: 25, Sum: 140]
      [GC Worker Other (ms): Min: 0.0, Avg: 0.0, Max: 0.1, Diff: 0.1, Sum: 0.4]
      [GC Worker Total (ms): Min: 55.5, Avg: 57.3, Max: 57.6, Diff: 2.1, Sum: 458.6]
      [GC Worker End (ms): Min: 29761.1, Avg: 29761.1, Max: 29761.2, Diff: 0.1]
   [Code Root Fixup: 0.0 ms]
   [Code Root Purge: 0.0 ms]
   [Clear CT: 0.6 ms]
   [Other: 3.6 ms]
      [Choose CSet: 0.0 ms]
      [Ref Proc: 3.0 ms]
      [Ref Enq: 0.1 ms]
      [Redirty Cards: 0.2 ms]
      [Humongous Register: 0.0 ms]
      [Humongous Reclaim: 0.0 ms]
      [Free CSet: 0.2 ms]
   [Eden: 5648.0M(5648.0M)->0.0B(5600.0M) Survivors: 81920.0K->128.0M Heap: 6206.6M(14336.0M)->670.7M(14336.0M)]
 [Times: user=0.47 sys=0.00, real=0.06 secs] 
2022-07-21T21:10:58.261-0700: 29.766: [GC concurrent-root-region-scan-start]
2022-07-21T21:10:58.381-0700: 29.886: [GC concurrent-root-region-scan-end, 0.1205551 secs]
2022-07-21T21:10:58.381-0700: 29.886: [GC concurrent-mark-start]
2022-07-21T21:10:59.935-0700: 31.439: [GC concurrent-mark-end, 1.5532712 secs]
2022-07-21T21:10:59.939-0700: 31.444: [GC remark 2022-07-21T21:10:59.939-0700: 31.444: [Finalize Marking, 0.0004260 secs] 2022-07-21T21:10:59.940-0700: 31.444: [GC ref-proc, 0.0061787 secs] 2022-07-21T21:10:59.946-0700: 31.451: [Unloading, 0.0145893 secs], 0.0223742 secs]
 [Times: user=0.14 sys=0.00, real=0.02 secs] 
2022-07-21T21:10:59.962-0700: 31.466: [GC cleanup 3786M->3786M(14336M), 0.0013453 secs]
 [Times: user=0.01 sys=0.00, real=0.01 secs] 
2022-07-21T21:11:01.094-0700: 32.599: [GC pause (G1 Evacuation Pause) (young), 0.0619030 secs]
   [Parallel Time: 59.2 ms, GC Workers: 8]
      [GC Worker Start (ms): Min: 32599.0, Avg: 32599.6, Max: 32603.4, Diff: 4.4]
      [Ext Root Scanning (ms): Min: 0.0, Avg: 2.3, Max: 7.6, Diff: 7.6, Sum: 18.0]
      [Update RS (ms): Min: 0.0, Avg: 1.2, Max: 2.1, Diff: 2.1, Sum: 9.9]
         [Processed Buffers: Min: 0, Avg: 4.6, Max: 10, Diff: 10, Sum: 37]
      [Scan RS (ms): Min: 0.0, Avg: 1.6, Max: 4.0, Diff: 4.0, Sum: 12.4]
      [Code Root Scanning (ms): Min: 0.0, Avg: 0.1, Max: 0.2, Diff: 0.2, Sum: 0.4]
      [Object Copy (ms): Min: 51.4, Avg: 53.3, Max: 54.3, Diff: 2.9, Sum: 426.5]
      [Termination (ms): Min: 0.0, Avg: 0.0, Max: 0.0, Diff: 0.0, Sum: 0.0]
         [Termination Attempts: Min: 1, Avg: 3.0, Max: 4, Diff: 3, Sum: 24]
      [GC Worker Other (ms): Min: 0.0, Avg: 0.0, Max: 0.1, Diff: 0.1, Sum: 0.3]
      [GC Worker Total (ms): Min: 54.7, Avg: 58.5, Max: 59.1, Diff: 4.4, Sum: 467.6]
      [GC Worker End (ms): Min: 32658.0, Avg: 32658.1, Max: 32658.1, Diff: 0.1]
   [Code Root Fixup: 0.0 ms]
   [Code Root Purge: 0.0 ms]
   [Clear CT: 0.6 ms]
   [Other: 2.1 ms]
      [Choose CSet: 0.0 ms]
      [Ref Proc: 1.4 ms]
      [Ref Enq: 0.1 ms]
      [Redirty Cards: 0.2 ms]
      [Humongous Register: 0.0 ms]
      [Humongous Reclaim: 0.0 ms]
      [Free CSet: 0.2 ms]
   [Eden: 5600.0M(5600.0M)->0.0B(5616.0M) Survivors: 128.0M->112.0M Heap: 6270.7M(14336.0M)->726.7M(14336.0M)]
 [Times: user=0.47 sys=0.00, real=0.07 secs] 
2022-07-21T21:11:03.230-0700: 34.735: [GC pause (G1 Evacuation Pause) (young), 0.0539165 secs]
   [Parallel Time: 50.6 ms, GC Workers: 8]
      [GC Worker Start (ms): Min: 34734.7, Avg: 34734.9, Max: 34736.0, Diff: 1.3]
      [Ext Root Scanning (ms): Min: 0.0, Avg: 1.1, Max: 4.4, Diff: 4.4, Sum: 8.8]
      [Update RS (ms): Min: 0.0, Avg: 2.7, Max: 7.5, Diff: 7.5, Sum: 22.0]
         [Processed Buffers: Min: 0, Avg: 4.8, Max: 10, Diff: 10, Sum: 38]
      [Scan RS (ms): Min: 0.0, Avg: 1.2, Max: 1.7, Diff: 1.7, Sum: 9.3]
      [Code Root Scanning (ms): Min: 0.0, Avg: 0.0, Max: 0.1, Diff: 0.1, Sum: 0.3]
      [Object Copy (ms): Min: 41.6, Avg: 45.0, Max: 45.8, Diff: 4.2, Sum: 360.4]
      [Termination (ms): Min: 0.0, Avg: 0.0, Max: 0.0, Diff: 0.0, Sum: 0.0]
         [Termination Attempts: Min: 1, Avg: 4.9, Max: 10, Diff: 9, Sum: 39]
      [GC Worker Other (ms): Min: 0.0, Avg: 0.1, Max: 0.2, Diff: 0.1, Sum: 0.6]
      [GC Worker Total (ms): Min: 49.1, Avg: 50.2, Max: 50.4, Diff: 1.4, Sum: 401.4]
      [GC Worker End (ms): Min: 34785.0, Avg: 34785.1, Max: 34785.2, Diff: 0.1]
   [Code Root Fixup: 0.0 ms]
   [Code Root Purge: 0.0 ms]
   [Clear CT: 0.7 ms]
   [Other: 2.6 ms]
      [Choose CSet: 0.0 ms]
      [Ref Proc: 2.0 ms]
      [Ref Enq: 0.1 ms]
      [Redirty Cards: 0.2 ms]
      [Humongous Register: 0.0 ms]
      [Humongous Reclaim: 0.0 ms]
      [Free CSet: 0.2 ms]
   [Eden: 5616.0M(5616.0M)->0.0B(7072.0M) Survivors: 112.0M->98304.0K Heap: 6342.7M(14336.0M)->813.4M(14336.0M)]
 [Times: user=0.42 sys=0.00, real=0.06 secs] 
2022-07-21T21:11:05.277-0700: 36.782: [GC pause (G1 Evacuation Pause) (young), 0.0681625 secs]
   [Parallel Time: 65.0 ms, GC Workers: 8]
      [GC Worker Start (ms): Min: 36781.7, Avg: 36781.9, Max: 36782.8, Diff: 1.1]
      [Ext Root Scanning (ms): Min: 0.0, Avg: 1.0, Max: 3.4, Diff: 3.4, Sum: 7.7]
      [Update RS (ms): Min: 0.0, Avg: 3.0, Max: 8.8, Diff: 8.8, Sum: 23.9]
         [Processed Buffers: Min: 0, Avg: 4.1, Max: 6, Diff: 6, Sum: 33]
      [Scan RS (ms): Min: 0.1, Avg: 1.7, Max: 3.2, Diff: 3.1, Sum: 13.3]
      [Code Root Scanning (ms): Min: 0.0, Avg: 0.0, Max: 0.1, Diff: 0.1, Sum: 0.2]
      [Object Copy (ms): Min: 55.1, Avg: 58.9, Max: 59.8, Diff: 4.7, Sum: 470.8]
      [Termination (ms): Min: 0.0, Avg: 0.1, Max: 0.1, Diff: 0.1, Sum: 0.8]
         [Termination Attempts: Min: 1, Avg: 151.9, Max: 195, Diff: 194, Sum: 1215]
      [GC Worker Other (ms): Min: 0.0, Avg: 0.0, Max: 0.0, Diff: 0.0, Sum: 0.2]
      [GC Worker Total (ms): Min: 63.7, Avg: 64.6, Max: 64.8, Diff: 1.0, Sum: 516.9]
      [GC Worker End (ms): Min: 36846.5, Avg: 36846.5, Max: 36846.5, Diff: 0.0]
   [Code Root Fixup: 0.0 ms]
   [Code Root Purge: 0.0 ms]
   [Clear CT: 0.8 ms]
   [Other: 2.4 ms]
      [Choose CSet: 0.0 ms]
      [Ref Proc: 1.7 ms]
      [Ref Enq: 0.1 ms]
      [Redirty Cards: 0.1 ms]
      [Humongous Register: 0.0 ms]
      [Humongous Reclaim: 0.0 ms]
      [Free CSet: 0.3 ms]
   [Eden: 7072.0M(7072.0M)->0.0B(7072.0M) Survivors: 98304.0K->98304.0K Heap: 7885.4M(14336.0M)->897.3M(14336.0M)]
 [Times: user=0.53 sys=0.00, real=0.07 secs] 
2022-07-21T21:11:07.726-0700: 39.231: [GC pause (G1 Evacuation Pause) (young), 0.0853322 secs]
   [Parallel Time: 82.1 ms, GC Workers: 8]
      [GC Worker Start (ms): Min: 39230.7, Avg: 39230.7, Max: 39230.8, Diff: 0.1]
      [Ext Root Scanning (ms): Min: 0.5, Avg: 0.9, Max: 3.2, Diff: 2.7, Sum: 7.6]
      [Update RS (ms): Min: 0.0, Avg: 1.7, Max: 2.2, Diff: 2.2, Sum: 13.7]
         [Processed Buffers: Min: 0, Avg: 3.8, Max: 6, Diff: 6, Sum: 30]
      [Scan RS (ms): Min: 1.0, Avg: 1.4, Max: 1.6, Diff: 0.6, Sum: 10.9]
      [Code Root Scanning (ms): Min: 0.0, Avg: 0.0, Max: 0.1, Diff: 0.1, Sum: 0.1]
      [Object Copy (ms): Min: 77.6, Avg: 77.7, Max: 77.8, Diff: 0.2, Sum: 621.8]
      [Termination (ms): Min: 0.0, Avg: 0.0, Max: 0.0, Diff: 0.0, Sum: 0.1]
         [Termination Attempts: Min: 1, Avg: 56.5, Max: 75, Diff: 74, Sum: 452]
      [GC Worker Other (ms): Min: 0.0, Avg: 0.0, Max: 0.1, Diff: 0.1, Sum: 0.4]
      [GC Worker Total (ms): Min: 81.8, Avg: 81.8, Max: 81.9, Diff: 0.2, Sum: 654.6]
      [GC Worker End (ms): Min: 39312.5, Avg: 39312.6, Max: 39312.6, Diff: 0.1]
   [Code Root Fixup: 0.0 ms]
   [Code Root Purge: 0.0 ms]
   [Clear CT: 0.8 ms]
   [Other: 2.4 ms]
      [Choose CSet: 0.0 ms]
      [Ref Proc: 1.7 ms]
      [Ref Enq: 0.1 ms]
      [Redirty Cards: 0.2 ms]
      [Humongous Register: 0.0 ms]
      [Humongous Reclaim: 0.0 ms]
      [Free CSet: 0.3 ms]
   [Eden: 7072.0M(7072.0M)->0.0B(6992.0M) Survivors: 98304.0K->176.0M Heap: 7969.3M(14336.0M)->1062.3M(14336.0M)]
 [Times: user=0.66 sys=0.01, real=0.08 secs] 
2022-07-21T21:11:10.143-0700: 41.647: [GC pause (G1 Evacuation Pause) (young), 0.0884312 secs]
   [Parallel Time: 85.7 ms, GC Workers: 8]
      [GC Worker Start (ms): Min: 41647.5, Avg: 41647.5, Max: 41647.6, Diff: 0.1]
      [Ext Root Scanning (ms): Min: 0.6, Avg: 1.0, Max: 3.1, Diff: 2.5, Sum: 8.4]
      [Update RS (ms): Min: 0.0, Avg: 2.0, Max: 3.6, Diff: 3.6, Sum: 16.3]
         [Processed Buffers: Min: 0, Avg: 4.4, Max: 10, Diff: 10, Sum: 35]
      [Scan RS (ms): Min: 0.4, Avg: 2.1, Max: 5.0, Diff: 4.6, Sum: 16.5]
      [Code Root Scanning (ms): Min: 0.0, Avg: 0.0, Max: 0.1, Diff: 0.1, Sum: 0.2]
      [Object Copy (ms): Min: 77.6, Avg: 80.4, Max: 80.9, Diff: 3.3, Sum: 642.9]
      [Termination (ms): Min: 0.0, Avg: 0.0, Max: 0.0, Diff: 0.0, Sum: 0.0]
         [Termination Attempts: Min: 1, Avg: 5.8, Max: 10, Diff: 9, Sum: 46]
      [GC Worker Other (ms): Min: 0.0, Avg: 0.1, Max: 0.1, Diff: 0.1, Sum: 0.4]
      [GC Worker Total (ms): Min: 85.5, Avg: 85.6, Max: 85.6, Diff: 0.1, Sum: 684.6]
      [GC Worker End (ms): Min: 41733.0, Avg: 41733.1, Max: 41733.1, Diff: 0.1]
   [Code Root Fixup: 0.0 ms]
   [Code Root Purge: 0.0 ms]
   [Clear CT: 0.8 ms]
   [Other: 1.9 ms]
      [Choose CSet: 0.0 ms]
      [Ref Proc: 1.2 ms]
      [Ref Enq: 0.1 ms]
      [Redirty Cards: 0.2 ms]
      [Humongous Register: 0.0 ms]
      [Humongous Reclaim: 0.0 ms]
      [Free CSet: 0.3 ms]
   [Eden: 6992.0M(6992.0M)->0.0B(7056.0M) Survivors: 176.0M->112.0M Heap: 8054.3M(14336.0M)->1118.8M(14336.0M)]
 [Times: user=0.69 sys=0.00, real=0.09 secs] 
2022-07-21T21:11:21.135-0700: 52.640: [GC pause (G1 Evacuation Pause) (young), 0.2772537 secs]
   [Parallel Time: 270.1 ms, GC Workers: 8]
      [GC Worker Start (ms): Min: 52640.0, Avg: 52640.1, Max: 52640.2, Diff: 0.2]
      [Ext Root Scanning (ms): Min: 0.7, Avg: 1.6, Max: 6.9, Diff: 6.2, Sum: 12.9]
      [Update RS (ms): Min: 0.0, Avg: 2.1, Max: 2.5, Diff: 2.5, Sum: 16.9]
         [Processed Buffers: Min: 0, Avg: 4.8, Max: 7, Diff: 7, Sum: 38]
      [Scan RS (ms): Min: 0.2, Avg: 2.2, Max: 2.6, Diff: 2.3, Sum: 17.4]
      [Code Root Scanning (ms): Min: 0.0, Avg: 0.1, Max: 0.4, Diff: 0.4, Sum: 1.1]
      [Object Copy (ms): Min: 262.6, Avg: 263.5, Max: 263.8, Diff: 1.2, Sum: 2108.3]
      [Termination (ms): Min: 0.0, Avg: 0.0, Max: 0.0, Diff: 0.0, Sum: 0.0]
         [Termination Attempts: Min: 1, Avg: 11.9, Max: 19, Diff: 18, Sum: 95]
      [GC Worker Other (ms): Min: 0.0, Avg: 0.1, Max: 0.1, Diff: 0.1, Sum: 0.5]
      [GC Worker Total (ms): Min: 269.5, Avg: 269.7, Max: 269.7, Diff: 0.2, Sum: 2157.2]
      [GC Worker End (ms): Min: 52909.7, Avg: 52909.7, Max: 52909.8, Diff: 0.1]
   [Code Root Fixup: 0.0 ms]
   [Code Root Purge: 0.0 ms]
   [Clear CT: 0.8 ms]
   [Other: 6.4 ms]
      [Choose CSet: 0.0 ms]
      [Ref Proc: 5.1 ms]
      [Ref Enq: 0.1 ms]
      [Redirty Cards: 0.6 ms]
      [Humongous Register: 0.0 ms]
      [Humongous Reclaim: 0.0 ms]
      [Free CSet: 0.4 ms]
   [Eden: 7056.0M(7056.0M)->0.0B(5504.0M) Survivors: 112.0M->224.0M Heap: 8174.8M(14336.0M)->1624.0M(14336.0M)]
 [Times: user=2.18 sys=0.01, real=0.27 secs] 
2022-07-21T21:11:36.497-0700: 68.001: [GC pause (G1 Evacuation Pause) (young), 0.2965841 secs]
   [Parallel Time: 290.6 ms, GC Workers: 8]
      [GC Worker Start (ms): Min: 68001.6, Avg: 68001.8, Max: 68001.8, Diff: 0.2]
      [Ext Root Scanning (ms): Min: 0.8, Avg: 2.0, Max: 9.1, Diff: 8.2, Sum: 16.2]
      [Update RS (ms): Min: 0.0, Avg: 5.0, Max: 6.3, Diff: 6.3, Sum: 39.7]
         [Processed Buffers: Min: 0, Avg: 5.2, Max: 10, Diff: 10, Sum: 42]
      [Scan RS (ms): Min: 69.0, Avg: 70.1, Max: 70.9, Diff: 1.8, Sum: 561.1]
      [Code Root Scanning (ms): Min: 0.0, Avg: 0.4, Max: 1.2, Diff: 1.2, Sum: 2.8]
      [Object Copy (ms): Min: 211.9, Avg: 212.6, Max: 212.9, Diff: 1.0, Sum: 1700.7]
      [Termination (ms): Min: 0.0, Avg: 0.1, Max: 0.1, Diff: 0.1, Sum: 0.5]
         [Termination Attempts: Min: 1, Avg: 287.0, Max: 357, Diff: 356, Sum: 2296]
      [GC Worker Other (ms): Min: 0.0, Avg: 0.1, Max: 0.2, Diff: 0.1, Sum: 0.6]
      [GC Worker Total (ms): Min: 290.1, Avg: 290.2, Max: 290.4, Diff: 0.3, Sum: 2321.6]
      [GC Worker End (ms): Min: 68291.9, Avg: 68291.9, Max: 68292.0, Diff: 0.1]
   [Code Root Fixup: 0.1 ms]
   [Code Root Purge: 0.1 ms]
   [Clear CT: 0.7 ms]
   [Other: 5.2 ms]
      [Choose CSet: 0.0 ms]
      [Ref Proc: 3.5 ms]
      [Ref Enq: 0.1 ms]
      [Redirty Cards: 0.8 ms]
      [Humongous Register: 0.0 ms]
      [Humongous Reclaim: 0.0 ms]
      [Free CSet: 0.5 ms]
   [Eden: 5504.0M(5504.0M)->0.0B(5536.0M) Survivors: 224.0M->192.0M Heap: 7136.0M(14336.0M)->1928.0M(14336.0M)]
 [Times: user=2.32 sys=0.02, real=0.29 secs] 
2022-07-21T21:11:43.776-0700: 75.281: [GC pause (G1 Evacuation Pause) (young), 0.2269926 secs]
   [Parallel Time: 221.9 ms, GC Workers: 8]
      [GC Worker Start (ms): Min: 75281.2, Avg: 75281.3, Max: 75281.4, Diff: 0.2]
      [Ext Root Scanning (ms): Min: 1.0, Avg: 2.0, Max: 7.6, Diff: 6.6, Sum: 15.7]
      [Update RS (ms): Min: 0.0, Avg: 2.4, Max: 3.0, Diff: 3.0, Sum: 19.5]
         [Processed Buffers: Min: 0, Avg: 5.2, Max: 13, Diff: 13, Sum: 42]
      [Scan RS (ms): Min: 68.5, Avg: 71.5, Max: 72.0, Diff: 3.5, Sum: 571.6]
      [Code Root Scanning (ms): Min: 0.0, Avg: 0.4, Max: 0.7, Diff: 0.7, Sum: 2.8]
      [Object Copy (ms): Min: 145.0, Avg: 145.4, Max: 145.7, Diff: 0.6, Sum: 1163.5]
      [Termination (ms): Min: 0.0, Avg: 0.0, Max: 0.0, Diff: 0.0, Sum: 0.0]
         [Termination Attempts: Min: 1, Avg: 1.0, Max: 1, Diff: 0, Sum: 8]
      [GC Worker Other (ms): Min: 0.0, Avg: 0.0, Max: 0.1, Diff: 0.1, Sum: 0.4]
      [GC Worker Total (ms): Min: 221.6, Avg: 221.7, Max: 221.8, Diff: 0.2, Sum: 1773.6]
      [GC Worker End (ms): Min: 75503.0, Avg: 75503.0, Max: 75503.0, Diff: 0.1]
   [Code Root Fixup: 0.1 ms]
   [Code Root Purge: 0.0 ms]
   [Clear CT: 0.7 ms]
   [Other: 4.2 ms]
      [Choose CSet: 0.0 ms]
      [Ref Proc: 2.6 ms]
      [Ref Enq: 0.1 ms]
      [Redirty Cards: 1.0 ms]
      [Humongous Register: 0.0 ms]
      [Humongous Reclaim: 0.0 ms]
      [Free CSet: 0.4 ms]
   [Eden: 5536.0M(5536.0M)->0.0B(5536.0M) Survivors: 192.0M->192.0M Heap: 7464.0M(14336.0M)->2208.0M(14336.0M)]
 [Times: user=1.79 sys=0.00, real=0.23 secs] 
2022-07-21T21:11:58.357-0700: 89.862: [GC pause (G1 Evacuation Pause) (young), 0.1543379 secs]
   [Parallel Time: 148.5 ms, GC Workers: 8]
      [GC Worker Start (ms): Min: 89862.1, Avg: 89862.2, Max: 89862.2, Diff: 0.2]
      [Ext Root Scanning (ms): Min: 0.8, Avg: 1.6, Max: 5.9, Diff: 5.1, Sum: 12.7]
      [Update RS (ms): Min: 0.0, Avg: 1.5, Max: 1.8, Diff: 1.8, Sum: 11.9]
         [Processed Buffers: Min: 0, Avg: 5.1, Max: 10, Diff: 10, Sum: 41]
      [Scan RS (ms): Min: 56.8, Avg: 58.9, Max: 59.7, Diff: 2.8, Sum: 471.6]
      [Code Root Scanning (ms): Min: 0.0, Avg: 0.4, Max: 1.6, Diff: 1.6, Sum: 3.1]
      [Object Copy (ms): Min: 85.3, Avg: 85.6, Max: 85.8, Diff: 0.4, Sum: 684.8]
      [Termination (ms): Min: 0.0, Avg: 0.0, Max: 0.0, Diff: 0.0, Sum: 0.0]
         [Termination Attempts: Min: 1, Avg: 1.0, Max: 1, Diff: 0, Sum: 8]
      [GC Worker Other (ms): Min: 0.0, Avg: 0.1, Max: 0.2, Diff: 0.2, Sum: 0.6]
      [GC Worker Total (ms): Min: 148.0, Avg: 148.1, Max: 148.2, Diff: 0.3, Sum: 1184.8]
      [GC Worker End (ms): Min: 90010.2, Avg: 90010.3, Max: 90010.4, Diff: 0.2]
   [Code Root Fixup: 0.1 ms]
   [Code Root Purge: 0.1 ms]
   [Clear CT: 0.7 ms]
   [Other: 5.0 ms]
      [Choose CSet: 0.0 ms]
      [Ref Proc: 3.5 ms]
      [Ref Enq: 0.1 ms]
      [Redirty Cards: 0.7 ms]
      [Humongous Register: 0.0 ms]
      [Humongous Reclaim: 0.0 ms]
      [Free CSet: 0.5 ms]
   [Eden: 5536.0M(5536.0M)->0.0B(5536.0M) Survivors: 192.0M->192.0M Heap: 7744.0M(14336.0M)->2368.0M(14336.0M)]
 [Times: user=1.20 sys=0.00, real=0.15 secs] 
2022-07-21T21:12:12.283-0700: 103.787: [GC pause (G1 Evacuation Pause) (young), 0.1995245 secs]
   [Parallel Time: 193.8 ms, GC Workers: 8]
      [GC Worker Start (ms): Min: 103787.5, Avg: 103787.6, Max: 103787.7, Diff: 0.2]
      [Ext Root Scanning (ms): Min: 0.8, Avg: 1.5, Max: 5.2, Diff: 4.4, Sum: 12.2]
      [Update RS (ms): Min: 1.6, Avg: 4.7, Max: 5.6, Diff: 3.9, Sum: 37.9]
         [Processed Buffers: Min: 2, Avg: 6.0, Max: 9, Diff: 7, Sum: 48]
      [Scan RS (ms): Min: 68.7, Avg: 69.7, Max: 70.5, Diff: 1.7, Sum: 557.6]
      [Code Root Scanning (ms): Min: 0.0, Avg: 0.3, Max: 1.2, Diff: 1.2, Sum: 2.5]
      [Object Copy (ms): Min: 116.3, Avg: 116.7, Max: 117.3, Diff: 0.9, Sum: 933.2]
      [Termination (ms): Min: 0.0, Avg: 0.3, Max: 0.4, Diff: 0.4, Sum: 2.5]
         [Termination Attempts: Min: 1, Avg: 1556.0, Max: 2091, Diff: 2090, Sum: 12448]
      [GC Worker Other (ms): Min: 0.0, Avg: 0.1, Max: 0.2, Diff: 0.1, Sum: 0.6]
      [GC Worker Total (ms): Min: 193.2, Avg: 193.3, Max: 193.5, Diff: 0.3, Sum: 1546.6]
      [GC Worker End (ms): Min: 103980.9, Avg: 103980.9, Max: 103981.0, Diff: 0.2]
   [Code Root Fixup: 0.0 ms]
   [Code Root Purge: 0.0 ms]
   [Clear CT: 0.7 ms]
   [Other: 4.9 ms]
      [Choose CSet: 0.0 ms]
      [Ref Proc: 3.5 ms]
      [Ref Enq: 0.1 ms]
      [Redirty Cards: 0.6 ms]
      [Humongous Register: 0.0 ms]
      [Humongous Reclaim: 0.0 ms]
      [Free CSet: 0.5 ms]
   [Eden: 5536.0M(5536.0M)->0.0B(5536.0M) Survivors: 192.0M->192.0M Heap: 7904.0M(14336.0M)->2520.0M(14336.0M)]
 [Times: user=1.54 sys=0.00, real=0.20 secs] 
2022-07-21T21:12:21.487-0700: 112.992: [GC pause (G1 Evacuation Pause) (young), 0.2693498 secs]
   [Parallel Time: 263.5 ms, GC Workers: 8]
      [GC Worker Start (ms): Min: 112992.4, Avg: 112992.5, Max: 112992.6, Diff: 0.2]
      [Ext Root Scanning (ms): Min: 1.0, Avg: 1.8, Max: 6.1, Diff: 5.1, Sum: 14.4]
      [Update RS (ms): Min: 0.0, Avg: 2.1, Max: 2.6, Diff: 2.6, Sum: 16.5]
         [Processed Buffers: Min: 0, Avg: 6.6, Max: 10, Diff: 10, Sum: 53]
      [Scan RS (ms): Min: 60.5, Avg: 62.2, Max: 62.8, Diff: 2.2, Sum: 497.3]
      [Code Root Scanning (ms): Min: 0.0, Avg: 0.3, Max: 0.6, Diff: 0.6, Sum: 2.1]
      [Object Copy (ms): Min: 196.4, Avg: 196.8, Max: 196.9, Diff: 0.4, Sum: 1574.2]
      [Termination (ms): Min: 0.0, Avg: 0.0, Max: 0.0, Diff: 0.0, Sum: 0.0]
         [Termination Attempts: Min: 1, Avg: 1.0, Max: 1, Diff: 0, Sum: 8]
      [GC Worker Other (ms): Min: 0.0, Avg: 0.1, Max: 0.1, Diff: 0.1, Sum: 0.6]
      [GC Worker Total (ms): Min: 263.0, Avg: 263.1, Max: 263.2, Diff: 0.2, Sum: 2105.1]
      [GC Worker End (ms): Min: 113255.6, Avg: 113255.6, Max: 113255.7, Diff: 0.1]
   [Code Root Fixup: 0.1 ms]
   [Code Root Purge: 0.0 ms]
   [Clear CT: 0.7 ms]
   [Other: 5.0 ms]
      [Choose CSet: 0.0 ms]
      [Ref Proc: 3.3 ms]
      [Ref Enq: 0.1 ms]
      [Redirty Cards: 1.0 ms]
      [Humongous Register: 0.0 ms]
      [Humongous Reclaim: 0.0 ms]
      [Free CSet: 0.4 ms]
   [Eden: 5536.0M(5536.0M)->0.0B(5536.0M) Survivors: 192.0M->192.0M Heap: 8056.0M(14336.0M)->2927.9M(14336.0M)]
 [Times: user=2.12 sys=0.00, real=0.27 secs] 
2022-07-21T21:12:37.066-0700: 128.570: [GC pause (Metadata GC Threshold) (young) (initial-mark), 0.1827599 secs]
   [Parallel Time: 177.4 ms, GC Workers: 8]
      [GC Worker Start (ms): Min: 128572.6, Avg: 128572.7, Max: 128572.7, Diff: 0.1]
      [Ext Root Scanning (ms): Min: 5.3, Avg: 5.6, Max: 5.9, Diff: 0.6, Sum: 44.5]
      [Update RS (ms): Min: 2.3, Avg: 2.4, Max: 2.6, Diff: 0.4, Sum: 18.9]
         [Processed Buffers: Min: 3, Avg: 7.4, Max: 12, Diff: 9, Sum: 59]
      [Scan RS (ms): Min: 13.1, Avg: 13.9, Max: 14.4, Diff: 1.3, Sum: 111.3]
      [Code Root Scanning (ms): Min: 0.0, Avg: 0.5, Max: 1.2, Diff: 1.2, Sum: 4.0]
      [Object Copy (ms): Min: 152.5, Avg: 152.9, Max: 153.3, Diff: 0.8, Sum: 1223.6]
      [Termination (ms): Min: 0.0, Avg: 0.0, Max: 0.0, Diff: 0.0, Sum: 0.0]
         [Termination Attempts: Min: 6, Avg: 8.1, Max: 11, Diff: 5, Sum: 65]
      [GC Worker Other (ms): Min: 0.0, Avg: 0.0, Max: 0.1, Diff: 0.1, Sum: 0.3]
      [GC Worker Total (ms): Min: 175.2, Avg: 175.3, Max: 175.4, Diff: 0.2, Sum: 1402.4]
      [GC Worker End (ms): Min: 128748.0, Avg: 128748.0, Max: 128748.0, Diff: 0.0]
   [Code Root Fixup: 0.1 ms]
   [Code Root Purge: 0.1 ms]
   [Clear CT: 0.5 ms]
   [Other: 4.7 ms]
      [Choose CSet: 0.0 ms]
      [Ref Proc: 3.3 ms]
      [Ref Enq: 0.2 ms]
      [Redirty Cards: 0.7 ms]
      [Humongous Register: 0.0 ms]
      [Humongous Reclaim: 0.0 ms]
      [Free CSet: 0.2 ms]
   [Eden: 2464.0M(5536.0M)->0.0B(5536.0M) Survivors: 192.0M->192.0M Heap: 5387.4M(14336.0M)->3272.0M(14336.0M)]
 [Times: user=1.38 sys=0.00, real=0.18 secs] 
2022-07-21T21:12:37.249-0700: 128.753: [GC concurrent-root-region-scan-start]
2022-07-21T21:12:37.388-0700: 128.892: [GC concurrent-root-region-scan-end, 0.1389044 secs]
2022-07-21T21:12:37.388-0700: 128.892: [GC concurrent-mark-start]
2022-07-21T21:12:39.445-0700: 130.950: [GC concurrent-mark-end, 2.0578256 secs]
2022-07-21T21:12:39.446-0700: 130.951: [GC remark 2022-07-21T21:12:39.446-0700: 130.951: [Finalize Marking, 0.0005568 secs] 2022-07-21T21:12:39.446-0700: 130.951: [GC ref-proc, 0.0071098 secs] 2022-07-21T21:12:39.454-0700: 130.958: [Unloading, 0.0234512 secs], 0.0353779 secs]
 [Times: user=0.20 sys=0.00, real=0.03 secs] 
2022-07-21T21:12:39.482-0700: 130.986: [GC cleanup 3320M->3032M(14336M), 0.0056038 secs]
 [Times: user=0.04 sys=0.00, real=0.01 secs] 
2022-07-21T21:12:39.487-0700: 130.992: [GC concurrent-cleanup-start]
2022-07-21T21:12:39.487-0700: 130.992: [GC concurrent-cleanup-end, 0.0000645 secs]
2022-07-21T21:27:25.539-0700: 1017.043: [GC pause (G1 Evacuation Pause) (young), 0.0936459 secs]
   [Parallel Time: 89.6 ms, GC Workers: 8]
      [GC Worker Start (ms): Min: 1017043.5, Avg: 1017043.6, Max: 1017043.6, Diff: 0.2]
      [Ext Root Scanning (ms): Min: 1.1, Avg: 1.9, Max: 6.1, Diff: 5.0, Sum: 15.5]
      [Update RS (ms): Min: 0.0, Avg: 0.7, Max: 1.2, Diff: 1.2, Sum: 5.4]
         [Processed Buffers: Min: 0, Avg: 7.0, Max: 17, Diff: 17, Sum: 56]
      [Scan RS (ms): Min: 7.8, Avg: 10.6, Max: 11.6, Diff: 3.8, Sum: 85.2]
      [Code Root Scanning (ms): Min: 0.0, Avg: 0.4, Max: 1.2, Diff: 1.2, Sum: 3.0]
      [Object Copy (ms): Min: 75.3, Avg: 75.8, Max: 76.0, Diff: 0.7, Sum: 606.2]
      [Termination (ms): Min: 0.0, Avg: 0.0, Max: 0.0, Diff: 0.0, Sum: 0.3]
         [Termination Attempts: Min: 33, Avg: 130.1, Max: 170, Diff: 137, Sum: 1041]
      [GC Worker Other (ms): Min: 0.0, Avg: 0.1, Max: 0.1, Diff: 0.1, Sum: 0.4]
      [GC Worker Total (ms): Min: 89.4, Avg: 89.5, Max: 89.6, Diff: 0.2, Sum: 715.9]
      [GC Worker End (ms): Min: 1017133.0, Avg: 1017133.0, Max: 1017133.1, Diff: 0.1]
   [Code Root Fixup: 0.1 ms]
   [Code Root Purge: 0.0 ms]
   [Clear CT: 1.0 ms]
   [Other: 2.9 ms]
      [Choose CSet: 0.0 ms]
      [Ref Proc: 1.7 ms]
      [Ref Enq: 0.1 ms]
      [Redirty Cards: 0.6 ms]
      [Humongous Register: 0.0 ms]
      [Humongous Reclaim: 0.0 ms]
      [Free CSet: 0.3 ms]
   [Eden: 5536.0M(5536.0M)->0.0B(5600.0M) Survivors: 192.0M->128.0M Heap: 8520.0M(14336.0M)->3128.0M(14336.0M)]
 [Times: user=0.70 sys=0.00, real=0.09 secs] 
2022-07-21T21:41:49.361-0700: 1880.866: [GC pause (G1 Evacuation Pause) (mixed), 0.0284519 secs]
   [Parallel Time: 24.9 ms, GC Workers: 8]
      [GC Worker Start (ms): Min: 1880866.1, Avg: 1880866.1, Max: 1880866.2, Diff: 0.1]
      [Ext Root Scanning (ms): Min: 1.1, Avg: 2.0, Max: 6.6, Diff: 5.5, Sum: 16.1]
      [Update RS (ms): Min: 0.0, Avg: 0.7, Max: 1.4, Diff: 1.4, Sum: 5.9]
         [Processed Buffers: Min: 0, Avg: 7.4, Max: 20, Diff: 20, Sum: 59]
      [Scan RS (ms): Min: 8.5, Avg: 12.6, Max: 13.5, Diff: 5.0, Sum: 100.6]
      [Code Root Scanning (ms): Min: 0.0, Avg: 0.3, Max: 1.0, Diff: 1.0, Sum: 2.6]
      [Object Copy (ms): Min: 8.6, Avg: 8.9, Max: 9.0, Diff: 0.5, Sum: 71.1]
      [Termination (ms): Min: 0.0, Avg: 0.0, Max: 0.0, Diff: 0.0, Sum: 0.1]
         [Termination Attempts: Min: 1, Avg: 46.4, Max: 61, Diff: 60, Sum: 371]
      [GC Worker Other (ms): Min: 0.0, Avg: 0.1, Max: 0.1, Diff: 0.1, Sum: 0.5]
      [GC Worker Total (ms): Min: 24.5, Avg: 24.6, Max: 24.7, Diff: 0.2, Sum: 196.8]
      [GC Worker End (ms): Min: 1880890.7, Avg: 1880890.8, Max: 1880890.8, Diff: 0.1]
   [Code Root Fixup: 0.0 ms]
   [Code Root Purge: 0.0 ms]
   [Clear CT: 0.9 ms]
   [Other: 2.6 ms]
      [Choose CSet: 0.0 ms]
      [Ref Proc: 1.8 ms]
      [Ref Enq: 0.1 ms]
      [Redirty Cards: 0.2 ms]
      [Humongous Register: 0.0 ms]
      [Humongous Reclaim: 0.0 ms]
      [Free CSet: 0.3 ms]
   [Eden: 5600.0M(5600.0M)->0.0B(7040.0M) Survivors: 128.0M->128.0M Heap: 8728.0M(14336.0M)->2990.0M(14336.0M)]
 [Times: user=0.21 sys=0.00, real=0.03 secs] 
2022-07-21T21:58:47.611-0700: 2899.116: [GC pause (G1 Evacuation Pause) (young), 0.0100966 secs]
   [Parallel Time: 5.3 ms, GC Workers: 8]
      [GC Worker Start (ms): Min: 2899116.3, Avg: 2899116.4, Max: 2899116.5, Diff: 0.2]
      [Ext Root Scanning (ms): Min: 1.1, Avg: 1.7, Max: 5.0, Diff: 3.9, Sum: 13.8]
      [Update RS (ms): Min: 0.0, Avg: 0.6, Max: 1.1, Diff: 1.1, Sum: 5.2]
         [Processed Buffers: Min: 0, Avg: 7.6, Max: 30, Diff: 30, Sum: 61]
      [Scan RS (ms): Min: 0.0, Avg: 0.1, Max: 0.2, Diff: 0.2, Sum: 1.2]
      [Code Root Scanning (ms): Min: 0.0, Avg: 0.0, Max: 0.0, Diff: 0.0, Sum: 0.1]
      [Object Copy (ms): Min: 0.0, Avg: 0.5, Max: 0.6, Diff: 0.6, Sum: 3.6]
      [Termination (ms): Min: 0.0, Avg: 2.0, Max: 2.3, Diff: 2.3, Sum: 16.0]
         [Termination Attempts: Min: 1, Avg: 2.6, Max: 4, Diff: 3, Sum: 21]
      [GC Worker Other (ms): Min: 0.0, Avg: 0.0, Max: 0.0, Diff: 0.0, Sum: 0.2]
      [GC Worker Total (ms): Min: 4.9, Avg: 5.0, Max: 5.1, Diff: 0.2, Sum: 40.0]
      [GC Worker End (ms): Min: 2899121.4, Avg: 2899121.4, Max: 2899121.4, Diff: 0.0]
   [Code Root Fixup: 0.0 ms]
   [Code Root Purge: 0.0 ms]
   [Clear CT: 0.7 ms]
   [Other: 4.1 ms]
      [Choose CSet: 0.0 ms]
      [Ref Proc: 3.5 ms]
      [Ref Enq: 0.1 ms]
      [Redirty Cards: 0.1 ms]
      [Humongous Register: 0.0 ms]
      [Humongous Reclaim: 0.0 ms]
      [Free CSet: 0.3 ms]
   [Eden: 7040.0M(7040.0M)->0.0B(7136.0M) Survivors: 128.0M->32768.0K Heap: 10030.0M(14336.0M)->2950.4M(14336.0M)]
 [Times: user=0.05 sys=0.00, real=0.01 secs] 
2022-07-21T22:15:52.061-0700: 3923.566: [GC pause (G1 Evacuation Pause) (young) (initial-mark), 0.0141704 secs]
   [Parallel Time: 9.2 ms, GC Workers: 8]
      [GC Worker Start (ms): Min: 3923568.0, Avg: 3923568.1, Max: 3923568.1, Diff: 0.2]
      [Ext Root Scanning (ms): Min: 5.8, Avg: 6.2, Max: 6.5, Diff: 0.7, Sum: 49.3]
      [Update RS (ms): Min: 0.2, Avg: 0.3, Max: 0.4, Diff: 0.2, Sum: 2.1]
         [Processed Buffers: Min: 0, Avg: 8.1, Max: 21, Diff: 21, Sum: 65]
      [Scan RS (ms): Min: 0.0, Avg: 0.1, Max: 0.1, Diff: 0.1, Sum: 0.7]
      [Code Root Scanning (ms): Min: 0.0, Avg: 0.0, Max: 0.0, Diff: 0.0, Sum: 0.1]
      [Object Copy (ms): Min: 0.2, Avg: 0.5, Max: 0.8, Diff: 0.6, Sum: 4.4]
      [Termination (ms): Min: 0.0, Avg: 0.0, Max: 0.0, Diff: 0.0, Sum: 0.0]
         [Termination Attempts: Min: 1, Avg: 1.4, Max: 2, Diff: 1, Sum: 11]
      [GC Worker Other (ms): Min: 0.0, Avg: 0.1, Max: 0.2, Diff: 0.2, Sum: 0.7]
      [GC Worker Total (ms): Min: 7.1, Avg: 7.2, Max: 7.3, Diff: 0.2, Sum: 57.3]
      [GC Worker End (ms): Min: 3923575.2, Avg: 3923575.2, Max: 3923575.3, Diff: 0.2]
   [Code Root Fixup: 0.0 ms]
   [Code Root Purge: 0.0 ms]
   [Clear CT: 0.7 ms]
   [Other: 4.3 ms]
      [Choose CSet: 0.0 ms]
      [Ref Proc: 3.5 ms]
      [Ref Enq: 0.1 ms]
      [Redirty Cards: 0.1 ms]
      [Humongous Register: 0.0 ms]
      [Humongous Reclaim: 0.0 ms]
      [Free CSet: 0.3 ms]
   [Eden: 7136.0M(7136.0M)->0.0B(7152.0M) Survivors: 32768.0K->16384.0K Heap: 10086.4M(14336.0M)->2947.4M(14336.0M)]
 [Times: user=0.06 sys=0.00, real=0.02 secs] 
2022-07-21T22:15:52.076-0700: 3923.580: [GC concurrent-root-region-scan-start]
2022-07-21T22:15:52.080-0700: 3923.585: [GC concurrent-root-region-scan-end, 0.0043240 secs]
2022-07-21T22:15:52.080-0700: 3923.585: [GC concurrent-mark-start]
2022-07-21T22:15:54.248-0700: 3925.753: [GC concurrent-mark-end, 2.1680774 secs]
2022-07-21T22:15:54.248-0700: 3925.753: [GC remark 2022-07-21T22:15:54.248-0700: 3925.753: [Finalize Marking, 0.0002404 secs] 2022-07-21T22:15:54.249-0700: 3925.753: [GC ref-proc, 0.0104252 secs] 2022-07-21T22:15:54.259-0700: 3925.764: [Unloading, 0.0228066 secs], 0.0380858 secs]
 [Times: user=0.21 sys=0.00, real=0.04 secs] 
2022-07-21T22:15:54.287-0700: 3925.791: [GC cleanup 2980M->2964M(14336M), 0.0058856 secs]
 [Times: user=0.04 sys=0.00, real=0.00 secs] 
2022-07-21T22:15:54.293-0700: 3925.797: [GC concurrent-cleanup-start]
2022-07-21T22:15:54.293-0700: 3925.797: [GC concurrent-cleanup-end, 0.0000252 secs]
2022-07-21T22:33:11.063-0700: 4962.567: [GC pause (G1 Evacuation Pause) (young), 0.0109365 secs]
   [Parallel Time: 5.1 ms, GC Workers: 8]
      [GC Worker Start (ms): Min: 4962567.6, Avg: 4962567.6, Max: 4962567.7, Diff: 0.1]
      [Ext Root Scanning (ms): Min: 1.1, Avg: 1.8, Max: 4.9, Diff: 3.8, Sum: 14.3]
      [Update RS (ms): Min: 0.0, Avg: 0.3, Max: 0.6, Diff: 0.6, Sum: 2.5]
         [Processed Buffers: Min: 0, Avg: 8.6, Max: 17, Diff: 17, Sum: 69]
      [Scan RS (ms): Min: 0.0, Avg: 0.1, Max: 0.1, Diff: 0.1, Sum: 0.7]
      [Code Root Scanning (ms): Min: 0.0, Avg: 0.0, Max: 0.0, Diff: 0.0, Sum: 0.1]
      [Object Copy (ms): Min: 0.0, Avg: 0.5, Max: 0.7, Diff: 0.7, Sum: 4.2]
      [Termination (ms): Min: 0.0, Avg: 2.2, Max: 2.5, Diff: 2.5, Sum: 17.6]
         [Termination Attempts: Min: 1, Avg: 1.8, Max: 2, Diff: 1, Sum: 14]
      [GC Worker Other (ms): Min: 0.0, Avg: 0.0, Max: 0.0, Diff: 0.0, Sum: 0.2]
      [GC Worker Total (ms): Min: 4.9, Avg: 4.9, Max: 5.0, Diff: 0.1, Sum: 39.5]
      [GC Worker End (ms): Min: 4962572.6, Avg: 4962572.6, Max: 4962572.6, Diff: 0.0]
   [Code Root Fixup: 0.0 ms]
   [Code Root Purge: 0.0 ms]
   [Clear CT: 0.7 ms]
   [Other: 5.2 ms]
      [Choose CSet: 0.0 ms]
      [Ref Proc: 4.6 ms]
      [Ref Enq: 0.1 ms]
      [Redirty Cards: 0.1 ms]
      [Humongous Register: 0.0 ms]
      [Humongous Reclaim: 0.0 ms]
      [Free CSet: 0.3 ms]
   [Eden: 7152.0M(7152.0M)->0.0B(5712.0M) Survivors: 16384.0K->16384.0K Heap: 10083.4M(14336.0M)->2930.5M(14336.0M)]
 [Times: user=0.05 sys=0.01, real=0.00 secs] 
2022-07-21T22:47:47.562-0700: 5839.067: [GC pause (G1 Evacuation Pause) (mixed), 0.0304515 secs]
   [Parallel Time: 26.5 ms, GC Workers: 8]
      [GC Worker Start (ms): Min: 5839067.4, Avg: 5839067.4, Max: 5839067.5, Diff: 0.2]
      [Ext Root Scanning (ms): Min: 1.1, Avg: 1.9, Max: 6.6, Diff: 5.6, Sum: 15.5]
      [Update RS (ms): Min: 0.0, Avg: 0.3, Max: 0.8, Diff: 0.8, Sum: 2.2]
         [Processed Buffers: Min: 0, Avg: 9.4, Max: 20, Diff: 20, Sum: 75]
      [Scan RS (ms): Min: 3.2, Avg: 7.6, Max: 12.5, Diff: 9.3, Sum: 61.1]
      [Code Root Scanning (ms): Min: 0.0, Avg: 0.1, Max: 0.2, Diff: 0.2, Sum: 0.5]
      [Object Copy (ms): Min: 11.9, Avg: 16.1, Max: 17.4, Diff: 5.4, Sum: 128.8]
      [Termination (ms): Min: 0.0, Avg: 0.0, Max: 0.0, Diff: 0.0, Sum: 0.1]
         [Termination Attempts: Min: 5, Avg: 52.9, Max: 69, Diff: 64, Sum: 423]
      [GC Worker Other (ms): Min: 0.0, Avg: 0.0, Max: 0.1, Diff: 0.1, Sum: 0.4]
      [GC Worker Total (ms): Min: 26.0, Avg: 26.1, Max: 26.2, Diff: 0.2, Sum: 208.6]
      [GC Worker End (ms): Min: 5839093.5, Avg: 5839093.5, Max: 5839093.6, Diff: 0.1]
   [Code Root Fixup: 0.0 ms]
   [Code Root Purge: 0.0 ms]
   [Clear CT: 1.0 ms]
   [Other: 2.9 ms]
      [Choose CSet: 0.0 ms]
      [Ref Proc: 2.3 ms]
      [Ref Enq: 0.1 ms]
      [Redirty Cards: 0.1 ms]
      [Humongous Register: 0.0 ms]
      [Humongous Reclaim: 0.0 ms]
      [Free CSet: 0.3 ms]
   [Eden: 5712.0M(5712.0M)->0.0B(5712.0M) Survivors: 16384.0K->16384.0K Heap: 8642.5M(14336.0M)->2799.7M(14336.0M)]
 [Times: user=0.22 sys=0.00, real=0.03 secs] 
2022-07-21T23:01:57.462-0700: 6688.967: [GC pause (G1 Evacuation Pause) (young), 0.0078635 secs]
   [Parallel Time: 5.3 ms, GC Workers: 8]
      [GC Worker Start (ms): Min: 6688967.1, Avg: 6688967.2, Max: 6688967.2, Diff: 0.1]
      [Ext Root Scanning (ms): Min: 1.1, Avg: 1.8, Max: 5.2, Diff: 4.1, Sum: 14.1]
      [Update RS (ms): Min: 0.0, Avg: 0.5, Max: 0.9, Diff: 0.9, Sum: 3.7]
         [Processed Buffers: Min: 0, Avg: 10.0, Max: 26, Diff: 26, Sum: 80]
      [Scan RS (ms): Min: 0.0, Avg: 0.2, Max: 0.2, Diff: 0.2, Sum: 1.2]
      [Code Root Scanning (ms): Min: 0.0, Avg: 0.0, Max: 0.0, Diff: 0.0, Sum: 0.0]
      [Object Copy (ms): Min: 0.0, Avg: 0.5, Max: 0.7, Diff: 0.7, Sum: 4.3]
      [Termination (ms): Min: 0.0, Avg: 2.2, Max: 2.5, Diff: 2.5, Sum: 17.8]
         [Termination Attempts: Min: 1, Avg: 1.5, Max: 2, Diff: 1, Sum: 12]
      [GC Worker Other (ms): Min: 0.0, Avg: 0.0, Max: 0.0, Diff: 0.0, Sum: 0.1]
      [GC Worker Total (ms): Min: 5.1, Avg: 5.2, Max: 5.2, Diff: 0.1, Sum: 41.2]
      [GC Worker End (ms): Min: 6688972.3, Avg: 6688972.3, Max: 6688972.3, Diff: 0.0]
   [Code Root Fixup: 0.0 ms]
   [Code Root Purge: 0.0 ms]
   [Clear CT: 0.5 ms]
   [Other: 2.1 ms]
      [Choose CSet: 0.0 ms]
      [Ref Proc: 1.4 ms]
      [Ref Enq: 0.1 ms]
      [Redirty Cards: 0.1 ms]
      [Humongous Register: 0.1 ms]
      [Humongous Reclaim: 0.0 ms]
      [Free CSet: 0.2 ms]
   [Eden: 5712.0M(5712.0M)->0.0B(5712.0M) Survivors: 16384.0K->16384.0K Heap: 8511.7M(14336.0M)->2818.9M(14336.0M)]
 [Times: user=0.05 sys=0.00, real=0.01 secs] 
2022-07-21T23:16:13.412-0700: 7544.917: [GC pause (G1 Evacuation Pause) (young), 0.0113265 secs]
   [Parallel Time: 5.4 ms, GC Workers: 8]
      [GC Worker Start (ms): Min: 7544917.2, Avg: 7544917.4, Max: 7544917.5, Diff: 0.2]
      [Ext Root Scanning (ms): Min: 1.1, Avg: 1.8, Max: 5.3, Diff: 4.2, Sum: 14.6]
      [Update RS (ms): Min: 0.0, Avg: 0.3, Max: 0.5, Diff: 0.5, Sum: 2.6]
         [Processed Buffers: Min: 0, Avg: 13.0, Max: 28, Diff: 28, Sum: 104]
      [Scan RS (ms): Min: 0.0, Avg: 0.1, Max: 0.1, Diff: 0.1, Sum: 0.5]
      [Code Root Scanning (ms): Min: 0.0, Avg: 0.0, Max: 0.0, Diff: 0.0, Sum: 0.0]
      [Object Copy (ms): Min: 0.0, Avg: 0.4, Max: 0.6, Diff: 0.6, Sum: 3.5]
      [Termination (ms): Min: 0.0, Avg: 2.6, Max: 2.9, Diff: 2.9, Sum: 20.5]
         [Termination Attempts: Min: 1, Avg: 1.0, Max: 1, Diff: 0, Sum: 8]
      [GC Worker Other (ms): Min: 0.0, Avg: 0.0, Max: 0.0, Diff: 0.0, Sum: 0.1]
      [GC Worker Total (ms): Min: 5.1, Avg: 5.2, Max: 5.3, Diff: 0.2, Sum: 41.9]
      [GC Worker End (ms): Min: 7544922.6, Avg: 7544922.6, Max: 7544922.6, Diff: 0.0]
   [Code Root Fixup: 0.0 ms]
   [Code Root Purge: 0.0 ms]
   [Clear CT: 0.5 ms]
   [Other: 5.5 ms]
      [Choose CSet: 0.0 ms]
      [Ref Proc: 4.8 ms]
      [Ref Enq: 0.1 ms]
      [Redirty Cards: 0.1 ms]
      [Humongous Register: 0.0 ms]
      [Humongous Reclaim: 0.0 ms]
      [Free CSet: 0.2 ms]
   [Eden: 5712.0M(5712.0M)->0.0B(7152.0M) Survivors: 16384.0K->16384.0K Heap: 8530.9M(14336.0M)->2823.2M(14336.0M)]
 [Times: user=0.06 sys=0.00, real=0.02 secs] 
2022-07-21T23:33:29.213-0700: 8580.718: [GC pause (G1 Evacuation Pause) (young), 0.0109881 secs]
   [Parallel Time: 5.5 ms, GC Workers: 8]
      [GC Worker Start (ms): Min: 8580718.1, Avg: 8580718.2, Max: 8580718.2, Diff: 0.1]
      [Ext Root Scanning (ms): Min: 1.1, Avg: 1.8, Max: 5.4, Diff: 4.3, Sum: 14.4]
      [Update RS (ms): Min: 0.0, Avg: 0.3, Max: 0.6, Diff: 0.6, Sum: 2.4]
         [Processed Buffers: Min: 0, Avg: 13.6, Max: 24, Diff: 24, Sum: 109]
      [Scan RS (ms): Min: 0.0, Avg: 0.1, Max: 0.1, Diff: 0.1, Sum: 0.7]
      [Code Root Scanning (ms): Min: 0.0, Avg: 0.0, Max: 0.0, Diff: 0.0, Sum: 0.0]
      [Object Copy (ms): Min: 0.0, Avg: 0.5, Max: 0.7, Diff: 0.7, Sum: 3.9]
      [Termination (ms): Min: 0.0, Avg: 2.7, Max: 3.1, Diff: 3.1, Sum: 21.8]
         [Termination Attempts: Min: 1, Avg: 1.1, Max: 2, Diff: 1, Sum: 9]
      [GC Worker Other (ms): Min: 0.0, Avg: 0.0, Max: 0.0, Diff: 0.0, Sum: 0.1]
      [GC Worker Total (ms): Min: 5.4, Avg: 5.4, Max: 5.5, Diff: 0.1, Sum: 43.3]
      [GC Worker End (ms): Min: 8580723.6, Avg: 8580723.6, Max: 8580723.6, Diff: 0.0]
   [Code Root Fixup: 0.0 ms]
   [Code Root Purge: 0.0 ms]
   [Clear CT: 0.6 ms]
   [Other: 4.9 ms]
      [Choose CSet: 0.0 ms]
      [Ref Proc: 4.3 ms]
      [Ref Enq: 0.1 ms]
      [Redirty Cards: 0.1 ms]
      [Humongous Register: 0.0 ms]
      [Humongous Reclaim: 0.0 ms]
      [Free CSet: 0.3 ms]
   [Eden: 7152.0M(7152.0M)->0.0B(7152.0M) Survivors: 16384.0K->16384.0K Heap: 9975.2M(14336.0M)->2823.8M(14336.0M)]
 [Times: user=0.06 sys=0.00, real=0.02 secs] 
2022-07-21T23:50:46.161-0700: 9617.666: [GC pause (G1 Evacuation Pause) (young), 0.0109639 secs]
   [Parallel Time: 5.3 ms, GC Workers: 8]
      [GC Worker Start (ms): Min: 9617666.1, Avg: 9617666.2, Max: 9617666.3, Diff: 0.2]
      [Ext Root Scanning (ms): Min: 1.0, Avg: 1.7, Max: 5.0, Diff: 4.0, Sum: 13.7]
      [Update RS (ms): Min: 0.0, Avg: 0.3, Max: 0.4, Diff: 0.4, Sum: 2.0]
         [Processed Buffers: Min: 0, Avg: 11.8, Max: 19, Diff: 19, Sum: 94]
      [Scan RS (ms): Min: 0.0, Avg: 0.1, Max: 0.1, Diff: 0.1, Sum: 0.6]
      [Code Root Scanning (ms): Min: 0.0, Avg: 0.0, Max: 0.0, Diff: 0.0, Sum: 0.0]
      [Object Copy (ms): Min: 0.0, Avg: 0.5, Max: 0.6, Diff: 0.6, Sum: 3.7]
      [Termination (ms): Min: 0.0, Avg: 2.5, Max: 2.8, Diff: 2.8, Sum: 19.9]
         [Termination Attempts: Min: 1, Avg: 1.9, Max: 3, Diff: 2, Sum: 15]
      [GC Worker Other (ms): Min: 0.0, Avg: 0.0, Max: 0.1, Diff: 0.0, Sum: 0.2]
      [GC Worker Total (ms): Min: 4.9, Avg: 5.0, Max: 5.1, Diff: 0.1, Sum: 40.1]
      [GC Worker End (ms): Min: 9617671.2, Avg: 9617671.2, Max: 9617671.2, Diff: 0.1]
   [Code Root Fixup: 0.0 ms]
   [Code Root Purge: 0.0 ms]
   [Clear CT: 0.7 ms]
   [Other: 5.0 ms]
      [Choose CSet: 0.0 ms]
      [Ref Proc: 4.2 ms]
      [Ref Enq: 0.1 ms]
      [Redirty Cards: 0.1 ms]
      [Humongous Register: 0.0 ms]
      [Humongous Reclaim: 0.0 ms]
      [Free CSet: 0.3 ms]
   [Eden: 7152.0M(7152.0M)->0.0B(5712.0M) Survivors: 16384.0K->16384.0K Heap: 9975.8M(14336.0M)->2823.9M(14336.0M)]
 [Times: user=0.05 sys=0.00, real=0.01 secs] 
2022-07-22T00:04:40.062-0700: 10451.567: [GC pause (G1 Evacuation Pause) (young), 0.0078766 secs]
   [Parallel Time: 5.3 ms, GC Workers: 8]
      [GC Worker Start (ms): Min: 10451566.9, Avg: 10451567.0, Max: 10451567.1, Diff: 0.2]
      [Ext Root Scanning (ms): Min: 1.1, Avg: 1.8, Max: 5.2, Diff: 4.1, Sum: 14.2]
      [Update RS (ms): Min: 0.0, Avg: 0.3, Max: 0.5, Diff: 0.5, Sum: 2.5]
         [Processed Buffers: Min: 0, Avg: 14.2, Max: 25, Diff: 25, Sum: 114]
      [Scan RS (ms): Min: 0.0, Avg: 0.1, Max: 0.1, Diff: 0.1, Sum: 0.5]
      [Code Root Scanning (ms): Min: 0.0, Avg: 0.0, Max: 0.0, Diff: 0.0, Sum: 0.0]
      [Object Copy (ms): Min: 0.0, Avg: 0.5, Max: 0.6, Diff: 0.6, Sum: 3.9]
      [Termination (ms): Min: 0.0, Avg: 2.5, Max: 2.9, Diff: 2.9, Sum: 20.0]
         [Termination Attempts: Min: 1, Avg: 1.0, Max: 1, Diff: 0, Sum: 8]
      [GC Worker Other (ms): Min: 0.0, Avg: 0.0, Max: 0.0, Diff: 0.0, Sum: 0.1]
      [GC Worker Total (ms): Min: 5.1, Avg: 5.1, Max: 5.2, Diff: 0.1, Sum: 41.0]
      [GC Worker End (ms): Min: 10451572.1, Avg: 10451572.1, Max: 10451572.1, Diff: 0.0]
   [Code Root Fixup: 0.0 ms]
   [Code Root Purge: 0.0 ms]
   [Clear CT: 0.4 ms]
   [Other: 2.2 ms]
      [Choose CSet: 0.0 ms]
      [Ref Proc: 1.6 ms]
      [Ref Enq: 0.1 ms]
      [Redirty Cards: 0.1 ms]
      [Humongous Register: 0.0 ms]
      [Humongous Reclaim: 0.0 ms]
      [Free CSet: 0.2 ms]
   [Eden: 5712.0M(5712.0M)->0.0B(7152.0M) Survivors: 16384.0K->16384.0K Heap: 8535.9M(14336.0M)->2823.9M(14336.0M)]
 [Times: user=0.05 sys=0.00, real=0.01 secs] 
2022-07-22T00:21:51.263-0700: 11482.768: [GC pause (G1 Evacuation Pause) (young), 0.0106472 secs]
   [Parallel Time: 4.8 ms, GC Workers: 8]
      [GC Worker Start (ms): Min: 11482768.0, Avg: 11482768.1, Max: 11482768.2, Diff: 0.1]
      [Ext Root Scanning (ms): Min: 0.9, Avg: 1.6, Max: 4.7, Diff: 3.8, Sum: 12.6]
      [Update RS (ms): Min: 0.0, Avg: 0.3, Max: 0.7, Diff: 0.7, Sum: 2.1]
         [Processed Buffers: Min: 0, Avg: 16.4, Max: 32, Diff: 32, Sum: 131]
      [Scan RS (ms): Min: 0.0, Avg: 0.1, Max: 0.1, Diff: 0.1, Sum: 0.5]
      [Code Root Scanning (ms): Min: 0.0, Avg: 0.0, Max: 0.0, Diff: 0.0, Sum: 0.0]
      [Object Copy (ms): Min: 0.0, Avg: 0.4, Max: 0.6, Diff: 0.6, Sum: 3.2]
      [Termination (ms): Min: 0.0, Avg: 2.4, Max: 2.7, Diff: 2.7, Sum: 19.0]
         [Termination Attempts: Min: 1, Avg: 2.1, Max: 4, Diff: 3, Sum: 17]
      [GC Worker Other (ms): Min: 0.0, Avg: 0.0, Max: 0.0, Diff: 0.0, Sum: 0.1]
      [GC Worker Total (ms): Min: 4.6, Avg: 4.7, Max: 4.8, Diff: 0.1, Sum: 37.6]
      [GC Worker End (ms): Min: 11482772.8, Avg: 11482772.8, Max: 11482772.8, Diff: 0.0]
   [Code Root Fixup: 0.0 ms]
   [Code Root Purge: 0.0 ms]
   [Clear CT: 0.7 ms]
   [Other: 5.2 ms]
      [Choose CSet: 0.0 ms]
      [Ref Proc: 4.6 ms]
      [Ref Enq: 0.1 ms]
      [Redirty Cards: 0.1 ms]
      [Humongous Register: 0.0 ms]
      [Humongous Reclaim: 0.0 ms]
      [Free CSet: 0.3 ms]
   [Eden: 7152.0M(7152.0M)->0.0B(7152.0M) Survivors: 16384.0K->16384.0K Heap: 9975.9M(14336.0M)->2824.1M(14336.0M)]
 [Times: user=0.05 sys=0.00, real=0.00 secs] 
2022-07-22T00:39:15.063-0700: 12526.568: [GC pause (G1 Evacuation Pause) (young), 0.0103365 secs]
   [Parallel Time: 5.4 ms, GC Workers: 8]
      [GC Worker Start (ms): Min: 12526567.9, Avg: 12526568.0, Max: 12526568.0, Diff: 0.2]
      [Ext Root Scanning (ms): Min: 1.2, Avg: 1.8, Max: 5.1, Diff: 4.0, Sum: 14.6]
      [Update RS (ms): Min: 0.0, Avg: 0.3, Max: 0.5, Diff: 0.5, Sum: 2.5]
         [Processed Buffers: Min: 0, Avg: 15.4, Max: 31, Diff: 31, Sum: 123]
      [Scan RS (ms): Min: 0.0, Avg: 0.1, Max: 0.2, Diff: 0.1, Sum: 0.7]
      [Code Root Scanning (ms): Min: 0.0, Avg: 0.0, Max: 0.0, Diff: 0.0, Sum: 0.0]
      [Object Copy (ms): Min: 0.0, Avg: 0.5, Max: 0.7, Diff: 0.7, Sum: 4.2]
      [Termination (ms): Min: 0.0, Avg: 2.4, Max: 2.7, Diff: 2.7, Sum: 18.8]
         [Termination Attempts: Min: 1, Avg: 4.2, Max: 8, Diff: 7, Sum: 34]
      [GC Worker Other (ms): Min: 0.0, Avg: 0.0, Max: 0.0, Diff: 0.0, Sum: 0.2]
      [GC Worker Total (ms): Min: 5.1, Avg: 5.1, Max: 5.2, Diff: 0.1, Sum: 41.0]
      [GC Worker End (ms): Min: 12526573.1, Avg: 12526573.1, Max: 12526573.1, Diff: 0.0]
   [Code Root Fixup: 0.0 ms]
   [Code Root Purge: 0.0 ms]
   [Clear CT: 0.6 ms]
   [Other: 4.3 ms]
      [Choose CSet: 0.0 ms]
      [Ref Proc: 3.7 ms]
      [Ref Enq: 0.1 ms]
      [Redirty Cards: 0.1 ms]
      [Humongous Register: 0.0 ms]
      [Humongous Reclaim: 0.0 ms]
      [Free CSet: 0.3 ms]
   [Eden: 7152.0M(7152.0M)->0.0B(7152.0M) Survivors: 16384.0K->16384.0K Heap: 9976.1M(14336.0M)->2824.1M(14336.0M)]
 [Times: user=0.04 sys=0.01, real=0.00 secs] 
2022-07-22T00:56:30.613-0700: 13562.118: [GC pause (G1 Evacuation Pause) (young), 0.0111079 secs]
   [Parallel Time: 5.7 ms, GC Workers: 8]
      [GC Worker Start (ms): Min: 13562118.1, Avg: 13562118.2, Max: 13562118.3, Diff: 0.1]
      [Ext Root Scanning (ms): Min: 1.1, Avg: 1.8, Max: 5.5, Diff: 4.3, Sum: 14.6]
      [Update RS (ms): Min: 0.0, Avg: 0.3, Max: 0.8, Diff: 0.8, Sum: 2.5]
         [Processed Buffers: Min: 0, Avg: 21.0, Max: 56, Diff: 56, Sum: 168]
      [Scan RS (ms): Min: 0.0, Avg: 0.1, Max: 0.1, Diff: 0.1, Sum: 0.6]
      [Code Root Scanning (ms): Min: 0.0, Avg: 0.0, Max: 0.0, Diff: 0.0, Sum: 0.0]
      [Object Copy (ms): Min: 0.0, Avg: 0.5, Max: 0.7, Diff: 0.7, Sum: 3.9]
      [Termination (ms): Min: 0.0, Avg: 2.7, Max: 3.1, Diff: 3.1, Sum: 21.8]
         [Termination Attempts: Min: 1, Avg: 1.1, Max: 2, Diff: 1, Sum: 9]
      [GC Worker Other (ms): Min: 0.0, Avg: 0.0, Max: 0.0, Diff: 0.0, Sum: 0.1]
      [GC Worker Total (ms): Min: 5.4, Avg: 5.4, Max: 5.5, Diff: 0.1, Sum: 43.5]
      [GC Worker End (ms): Min: 13562123.6, Avg: 13562123.6, Max: 13562123.7, Diff: 0.0]
   [Code Root Fixup: 0.0 ms]
   [Code Root Purge: 0.0 ms]
   [Clear CT: 0.6 ms]
   [Other: 4.7 ms]
      [Choose CSet: 0.0 ms]
      [Ref Proc: 4.1 ms]
      [Ref Enq: 0.1 ms]
      [Redirty Cards: 0.1 ms]
      [Humongous Register: 0.1 ms]
      [Humongous Reclaim: 0.0 ms]
      [Free CSet: 0.3 ms]
   [Eden: 7152.0M(7152.0M)->0.0B(7152.0M) Survivors: 16384.0K->16384.0K Heap: 9976.1M(14336.0M)->2824.2M(14336.0M)]
 [Times: user=0.05 sys=0.00, real=0.02 secs] 
2022-07-22T01:13:43.613-0700: 14595.117: [GC pause (G1 Evacuation Pause) (young), 0.0114694 secs]
   [Parallel Time: 5.9 ms, GC Workers: 8]
      [GC Worker Start (ms): Min: 14595117.4, Avg: 14595117.5, Max: 14595117.6, Diff: 0.2]
      [Ext Root Scanning (ms): Min: 1.2, Avg: 2.0, Max: 5.6, Diff: 4.4, Sum: 15.9]
      [Update RS (ms): Min: 0.0, Avg: 0.3, Max: 0.7, Diff: 0.7, Sum: 2.7]
         [Processed Buffers: Min: 0, Avg: 21.0, Max: 51, Diff: 51, Sum: 168]
      [Scan RS (ms): Min: 0.0, Avg: 0.1, Max: 0.2, Diff: 0.1, Sum: 0.6]
      [Code Root Scanning (ms): Min: 0.0, Avg: 0.0, Max: 0.0, Diff: 0.0, Sum: 0.0]
      [Object Copy (ms): Min: 0.0, Avg: 0.6, Max: 0.8, Diff: 0.8, Sum: 4.5]
      [Termination (ms): Min: 0.0, Avg: 2.6, Max: 3.0, Diff: 3.0, Sum: 20.9]
         [Termination Attempts: Min: 1, Avg: 3.2, Max: 4, Diff: 3, Sum: 26]
      [GC Worker Other (ms): Min: 0.0, Avg: 0.0, Max: 0.0, Diff: 0.0, Sum: 0.1]
      [GC Worker Total (ms): Min: 5.5, Avg: 5.6, Max: 5.7, Diff: 0.1, Sum: 44.7]
      [GC Worker End (ms): Min: 14595123.0, Avg: 14595123.1, Max: 14595123.1, Diff: 0.0]
   [Code Root Fixup: 0.0 ms]
   [Code Root Purge: 0.0 ms]
   [Clear CT: 0.6 ms]
   [Other: 4.9 ms]
      [Choose CSet: 0.0 ms]
      [Ref Proc: 4.4 ms]
      [Ref Enq: 0.1 ms]
      [Redirty Cards: 0.1 ms]
      [Humongous Register: 0.0 ms]
      [Humongous Reclaim: 0.0 ms]
      [Free CSet: 0.3 ms]
   [Eden: 7152.0M(7152.0M)->0.0B(7152.0M) Survivors: 16384.0K->16384.0K Heap: 9976.2M(14336.0M)->2824.0M(14336.0M)]
 [Times: user=0.06 sys=0.00, real=0.02 secs] 
2022-07-22T01:30:48.211-0700: 15619.716: [GC pause (G1 Evacuation Pause) (young), 0.0104106 secs]
   [Parallel Time: 5.5 ms, GC Workers: 8]
      [GC Worker Start (ms): Min: 15619716.1, Avg: 15619716.2, Max: 15619716.2, Diff: 0.2]
      [Ext Root Scanning (ms): Min: 1.1, Avg: 1.8, Max: 5.2, Diff: 4.1, Sum: 14.6]
      [Update RS (ms): Min: 0.0, Avg: 0.3, Max: 0.7, Diff: 0.7, Sum: 2.7]
         [Processed Buffers: Min: 0, Avg: 23.1, Max: 56, Diff: 56, Sum: 185]
      [Scan RS (ms): Min: 0.0, Avg: 0.1, Max: 0.2, Diff: 0.1, Sum: 0.6]
      [Code Root Scanning (ms): Min: 0.0, Avg: 0.0, Max: 0.0, Diff: 0.0, Sum: 0.0]
      [Object Copy (ms): Min: 0.0, Avg: 0.5, Max: 0.7, Diff: 0.7, Sum: 3.8]
      [Termination (ms): Min: 0.0, Avg: 2.5, Max: 2.8, Diff: 2.8, Sum: 19.8]
         [Termination Attempts: Min: 1, Avg: 1.1, Max: 2, Diff: 1, Sum: 9]
      [GC Worker Other (ms): Min: 0.0, Avg: 0.0, Max: 0.0, Diff: 0.0, Sum: 0.2]
      [GC Worker Total (ms): Min: 5.1, Avg: 5.2, Max: 5.3, Diff: 0.2, Sum: 41.7]
      [GC Worker End (ms): Min: 15619721.4, Avg: 15619721.4, Max: 15619721.4, Diff: 0.0]
   [Code Root Fixup: 0.0 ms]
   [Code Root Purge: 0.0 ms]
   [Clear CT: 0.6 ms]
   [Other: 4.2 ms]
      [Choose CSet: 0.0 ms]
      [Ref Proc: 3.6 ms]
      [Ref Enq: 0.1 ms]
      [Redirty Cards: 0.1 ms]
      [Humongous Register: 0.0 ms]
      [Humongous Reclaim: 0.0 ms]
      [Free CSet: 0.3 ms]
   [Eden: 7152.0M(7152.0M)->0.0B(7152.0M) Survivors: 16384.0K->16384.0K Heap: 9976.0M(14336.0M)->2824.1M(14336.0M)]
 [Times: user=0.06 sys=0.00, real=0.01 secs] 
2022-07-22T01:48:08.111-0700: 16659.616: [GC pause (G1 Evacuation Pause) (young), 0.0106677 secs]
   [Parallel Time: 5.5 ms, GC Workers: 8]
      [GC Worker Start (ms): Min: 16659616.0, Avg: 16659616.1, Max: 16659616.2, Diff: 0.2]
      [Ext Root Scanning (ms): Min: 1.1, Avg: 1.8, Max: 5.2, Diff: 4.0, Sum: 14.2]
      [Update RS (ms): Min: 0.0, Avg: 0.3, Max: 0.7, Diff: 0.7, Sum: 2.6]
         [Processed Buffers: Min: 0, Avg: 20.1, Max: 52, Diff: 52, Sum: 161]
      [Scan RS (ms): Min: 0.0, Avg: 0.1, Max: 0.2, Diff: 0.1, Sum: 0.7]
      [Code Root Scanning (ms): Min: 0.0, Avg: 0.0, Max: 0.0, Diff: 0.0, Sum: 0.0]
      [Object Copy (ms): Min: 0.0, Avg: 0.5, Max: 0.7, Diff: 0.7, Sum: 4.1]
      [Termination (ms): Min: 0.0, Avg: 2.4, Max: 2.7, Diff: 2.7, Sum: 19.1]
         [Termination Attempts: Min: 1, Avg: 2.9, Max: 4, Diff: 3, Sum: 23]
      [GC Worker Other (ms): Min: 0.0, Avg: 0.0, Max: 0.1, Diff: 0.1, Sum: 0.3]
      [GC Worker Total (ms): Min: 5.0, Avg: 5.1, Max: 5.2, Diff: 0.2, Sum: 41.0]
      [GC Worker End (ms): Min: 16659621.2, Avg: 16659621.3, Max: 16659621.3, Diff: 0.1]
   [Code Root Fixup: 0.0 ms]
   [Code Root Purge: 0.0 ms]
   [Clear CT: 0.6 ms]
   [Other: 4.6 ms]
      [Choose CSet: 0.0 ms]
      [Ref Proc: 4.0 ms]
      [Ref Enq: 0.1 ms]
      [Redirty Cards: 0.1 ms]
      [Humongous Register: 0.0 ms]
      [Humongous Reclaim: 0.0 ms]
      [Free CSet: 0.3 ms]
   [Eden: 7152.0M(7152.0M)->0.0B(7152.0M) Survivors: 16384.0K->16384.0K Heap: 9976.1M(14336.0M)->2824.1M(14336.0M)]
 [Times: user=0.05 sys=0.00, real=0.01 secs] 
2022-07-22T02:05:23.515-0700: 17695.020: [GC pause (G1 Evacuation Pause) (young), 0.0112483 secs]
   [Parallel Time: 5.5 ms, GC Workers: 8]
      [GC Worker Start (ms): Min: 17695019.8, Avg: 17695019.8, Max: 17695019.9, Diff: 0.1]
      [Ext Root Scanning (ms): Min: 1.0, Avg: 1.7, Max: 5.2, Diff: 4.2, Sum: 13.5]
      [Update RS (ms): Min: 0.0, Avg: 0.3, Max: 0.6, Diff: 0.6, Sum: 2.3]
         [Processed Buffers: Min: 0, Avg: 21.0, Max: 58, Diff: 58, Sum: 168]
      [Scan RS (ms): Min: 0.0, Avg: 0.1, Max: 0.1, Diff: 0.1, Sum: 0.6]
      [Code Root Scanning (ms): Min: 0.0, Avg: 0.0, Max: 0.0, Diff: 0.0, Sum: 0.0]
      [Object Copy (ms): Min: 0.0, Avg: 0.4, Max: 0.6, Diff: 0.6, Sum: 3.3]
      [Termination (ms): Min: 0.0, Avg: 2.7, Max: 3.1, Diff: 3.1, Sum: 21.5]
         [Termination Attempts: Min: 1, Avg: 3.0, Max: 4, Diff: 3, Sum: 24]
      [GC Worker Other (ms): Min: 0.0, Avg: 0.0, Max: 0.0, Diff: 0.0, Sum: 0.1]
      [GC Worker Total (ms): Min: 5.1, Avg: 5.2, Max: 5.2, Diff: 0.1, Sum: 41.4]
      [GC Worker End (ms): Min: 17695025.0, Avg: 17695025.0, Max: 17695025.0, Diff: 0.0]
   [Code Root Fixup: 0.0 ms]
   [Code Root Purge: 0.0 ms]
   [Clear CT: 0.7 ms]
   [Other: 5.1 ms]
      [Choose CSet: 0.0 ms]
      [Ref Proc: 4.4 ms]
      [Ref Enq: 0.1 ms]
      [Redirty Cards: 0.1 ms]
      [Humongous Register: 0.0 ms]
      [Humongous Reclaim: 0.0 ms]
      [Free CSet: 0.3 ms]
   [Eden: 7152.0M(7152.0M)->0.0B(7152.0M) Survivors: 16384.0K->16384.0K Heap: 9976.1M(14336.0M)->2824.2M(14336.0M)]
 [Times: user=0.05 sys=0.00, real=0.01 secs] 
2022-07-22T02:22:36.662-0700: 18728.167: [GC pause (G1 Evacuation Pause) (young), 0.0104271 secs]
   [Parallel Time: 5.2 ms, GC Workers: 8]
      [GC Worker Start (ms): Min: 18728167.3, Avg: 18728167.4, Max: 18728167.5, Diff: 0.1]
      [Ext Root Scanning (ms): Min: 1.1, Avg: 1.7, Max: 4.8, Diff: 3.7, Sum: 13.7]
      [Update RS (ms): Min: 0.0, Avg: 0.4, Max: 1.2, Diff: 1.2, Sum: 3.2]
         [Processed Buffers: Min: 0, Avg: 20.9, Max: 77, Diff: 77, Sum: 167]
      [Scan RS (ms): Min: 0.0, Avg: 0.1, Max: 0.1, Diff: 0.1, Sum: 0.6]
      [Code Root Scanning (ms): Min: 0.0, Avg: 0.0, Max: 0.0, Diff: 0.0, Sum: 0.0]
      [Object Copy (ms): Min: 0.0, Avg: 0.5, Max: 0.8, Diff: 0.8, Sum: 4.4]
      [Termination (ms): Min: 0.0, Avg: 2.0, Max: 2.4, Diff: 2.4, Sum: 16.2]
         [Termination Attempts: Min: 1, Avg: 20.6, Max: 44, Diff: 43, Sum: 165]
      [GC Worker Other (ms): Min: 0.0, Avg: 0.0, Max: 0.1, Diff: 0.0, Sum: 0.2]
      [GC Worker Total (ms): Min: 4.7, Avg: 4.8, Max: 4.9, Diff: 0.1, Sum: 38.4]
      [GC Worker End (ms): Min: 18728172.2, Avg: 18728172.2, Max: 18728172.2, Diff: 0.1]
   [Code Root Fixup: 0.0 ms]
   [Code Root Purge: 0.0 ms]
   [Clear CT: 0.6 ms]
   [Other: 4.6 ms]
      [Choose CSet: 0.0 ms]
      [Ref Proc: 4.0 ms]
      [Ref Enq: 0.1 ms]
      [Redirty Cards: 0.1 ms]
      [Humongous Register: 0.0 ms]
      [Humongous Reclaim: 0.0 ms]
      [Free CSet: 0.3 ms]
   [Eden: 7152.0M(7152.0M)->0.0B(7152.0M) Survivors: 16384.0K->16384.0K Heap: 9976.2M(14336.0M)->2824.1M(14336.0M)]
 [Times: user=0.05 sys=0.00, real=0.01 secs] 
2022-07-22T02:39:56.362-0700: 19767.866: [GC pause (G1 Evacuation Pause) (young), 0.0108676 secs]
   [Parallel Time: 5.1 ms, GC Workers: 8]
      [GC Worker Start (ms): Min: 19767866.4, Avg: 19767866.6, Max: 19767866.6, Diff: 0.2]
      [Ext Root Scanning (ms): Min: 1.1, Avg: 1.8, Max: 5.0, Diff: 3.9, Sum: 14.3]
      [Update RS (ms): Min: 0.0, Avg: 0.3, Max: 0.7, Diff: 0.7, Sum: 2.6]
         [Processed Buffers: Min: 0, Avg: 19.2, Max: 47, Diff: 47, Sum: 154]
      [Scan RS (ms): Min: 0.0, Avg: 0.1, Max: 0.2, Diff: 0.1, Sum: 0.7]
      [Code Root Scanning (ms): Min: 0.0, Avg: 0.0, Max: 0.0, Diff: 0.0, Sum: 0.0]
      [Object Copy (ms): Min: 0.0, Avg: 0.5, Max: 0.7, Diff: 0.7, Sum: 4.0]
      [Termination (ms): Min: 0.0, Avg: 2.2, Max: 2.6, Diff: 2.6, Sum: 17.8]
         [Termination Attempts: Min: 1, Avg: 4.2, Max: 6, Diff: 5, Sum: 34]
      [GC Worker Other (ms): Min: 0.0, Avg: 0.0, Max: 0.0, Diff: 0.0, Sum: 0.1]
      [GC Worker Total (ms): Min: 4.9, Avg: 4.9, Max: 5.0, Diff: 0.2, Sum: 39.5]
      [GC Worker End (ms): Min: 19767871.5, Avg: 19767871.5, Max: 19767871.5, Diff: 0.0]
   [Code Root Fixup: 0.0 ms]
   [Code Root Purge: 0.0 ms]
   [Clear CT: 0.6 ms]
   [Other: 5.2 ms]
      [Choose CSet: 0.0 ms]
      [Ref Proc: 4.5 ms]
      [Ref Enq: 0.1 ms]
      [Redirty Cards: 0.1 ms]
      [Humongous Register: 0.0 ms]
      [Humongous Reclaim: 0.0 ms]
      [Free CSet: 0.3 ms]
   [Eden: 7152.0M(7152.0M)->0.0B(7152.0M) Survivors: 16384.0K->16384.0K Heap: 9976.1M(14336.0M)->2824.2M(14336.0M)]
 [Times: user=0.05 sys=0.00, real=0.01 secs] 
2022-07-22T02:57:24.213-0700: 20815.717: [GC pause (G1 Evacuation Pause) (young), 0.0107595 secs]
   [Parallel Time: 5.1 ms, GC Workers: 8]
      [GC Worker Start (ms): Min: 20815717.4, Avg: 20815717.5, Max: 20815717.6, Diff: 0.2]
      [Ext Root Scanning (ms): Min: 1.2, Avg: 1.8, Max: 4.9, Diff: 3.7, Sum: 14.2]
      [Update RS (ms): Min: 0.0, Avg: 0.3, Max: 0.6, Diff: 0.6, Sum: 2.6]
         [Processed Buffers: Min: 0, Avg: 19.9, Max: 47, Diff: 47, Sum: 159]
      [Scan RS (ms): Min: 0.0, Avg: 0.1, Max: 0.1, Diff: 0.1, Sum: 0.6]
      [Code Root Scanning (ms): Min: 0.0, Avg: 0.0, Max: 0.0, Diff: 0.0, Sum: 0.0]
      [Object Copy (ms): Min: 0.0, Avg: 0.4, Max: 0.6, Diff: 0.6, Sum: 3.4]
      [Termination (ms): Min: 0.0, Avg: 2.2, Max: 2.5, Diff: 2.5, Sum: 17.5]
         [Termination Attempts: Min: 1, Avg: 5.1, Max: 8, Diff: 7, Sum: 41]
      [GC Worker Other (ms): Min: 0.0, Avg: 0.0, Max: 0.0, Diff: 0.0, Sum: 0.1]
      [GC Worker Total (ms): Min: 4.7, Avg: 4.8, Max: 4.9, Diff: 0.2, Sum: 38.5]
      [GC Worker End (ms): Min: 20815722.3, Avg: 20815722.3, Max: 20815722.3, Diff: 0.0]
   [Code Root Fixup: 0.0 ms]
   [Code Root Purge: 0.0 ms]
   [Clear CT: 0.6 ms]
   [Other: 5.0 ms]
      [Choose CSet: 0.0 ms]
      [Ref Proc: 4.3 ms]
      [Ref Enq: 0.1 ms]
      [Redirty Cards: 0.1 ms]
      [Humongous Register: 0.0 ms]
      [Humongous Reclaim: 0.0 ms]
      [Free CSet: 0.3 ms]
   [Eden: 7152.0M(7152.0M)->0.0B(7152.0M) Survivors: 16384.0K->16384.0K Heap: 9976.2M(14336.0M)->2824.0M(14336.0M)]
 [Times: user=0.06 sys=0.00, real=0.02 secs] 
2022-07-22T03:14:30.611-0700: 21842.116: [GC pause (G1 Evacuation Pause) (young), 0.0111386 secs]
   [Parallel Time: 5.6 ms, GC Workers: 8]
      [GC Worker Start (ms): Min: 21842116.1, Avg: 21842116.1, Max: 21842116.2, Diff: 0.2]
      [Ext Root Scanning (ms): Min: 1.1, Avg: 1.8, Max: 5.2, Diff: 4.1, Sum: 14.4]
      [Update RS (ms): Min: 0.0, Avg: 0.3, Max: 0.7, Diff: 0.7, Sum: 2.5]
         [Processed Buffers: Min: 0, Avg: 21.0, Max: 45, Diff: 45, Sum: 168]
      [Scan RS (ms): Min: 0.0, Avg: 0.1, Max: 0.2, Diff: 0.1, Sum: 0.6]
      [Code Root Scanning (ms): Min: 0.0, Avg: 0.0, Max: 0.0, Diff: 0.0, Sum: 0.0]
      [Object Copy (ms): Min: 0.0, Avg: 0.5, Max: 0.7, Diff: 0.7, Sum: 4.0]
      [Termination (ms): Min: 0.0, Avg: 2.5, Max: 2.8, Diff: 2.8, Sum: 19.8]
         [Termination Attempts: Min: 1, Avg: 1.9, Max: 3, Diff: 2, Sum: 15]
      [GC Worker Other (ms): Min: 0.0, Avg: 0.0, Max: 0.0, Diff: 0.0, Sum: 0.2]
      [GC Worker Total (ms): Min: 5.1, Avg: 5.2, Max: 5.3, Diff: 0.1, Sum: 41.5]
      [GC Worker End (ms): Min: 21842121.3, Avg: 21842121.3, Max: 21842121.3, Diff: 0.0]
   [Code Root Fixup: 0.0 ms]
   [Code Root Purge: 0.0 ms]
   [Clear CT: 0.6 ms]
   [Other: 4.9 ms]
      [Choose CSet: 0.0 ms]
      [Ref Proc: 4.3 ms]
      [Ref Enq: 0.1 ms]
      [Redirty Cards: 0.1 ms]
      [Humongous Register: 0.0 ms]
      [Humongous Reclaim: 0.0 ms]
      [Free CSet: 0.3 ms]
   [Eden: 7152.0M(7152.0M)->0.0B(7152.0M) Survivors: 16384.0K->16384.0K Heap: 9976.0M(14336.0M)->2824.1M(14336.0M)]
 [Times: user=0.05 sys=0.00, real=0.01 secs] 
2022-07-22T03:31:49.863-0700: 22881.367: [GC pause (G1 Evacuation Pause) (young), 0.0105232 secs]
   [Parallel Time: 5.0 ms, GC Workers: 8]
      [GC Worker Start (ms): Min: 22881367.5, Avg: 22881367.5, Max: 22881367.6, Diff: 0.1]
      [Ext Root Scanning (ms): Min: 1.1, Avg: 1.7, Max: 4.9, Diff: 3.8, Sum: 13.8]
      [Update RS (ms): Min: 0.0, Avg: 0.3, Max: 0.6, Diff: 0.6, Sum: 2.2]
         [Processed Buffers: Min: 0, Avg: 22.1, Max: 56, Diff: 56, Sum: 177]
      [Scan RS (ms): Min: 0.0, Avg: 0.1, Max: 0.1, Diff: 0.1, Sum: 0.6]
      [Code Root Scanning (ms): Min: 0.0, Avg: 0.0, Max: 0.0, Diff: 0.0, Sum: 0.0]
      [Object Copy (ms): Min: 0.0, Avg: 0.5, Max: 0.7, Diff: 0.7, Sum: 3.8]
      [Termination (ms): Min: 0.0, Avg: 2.3, Max: 2.7, Diff: 2.7, Sum: 18.6]
         [Termination Attempts: Min: 1, Avg: 1.0, Max: 1, Diff: 0, Sum: 8]
      [GC Worker Other (ms): Min: 0.0, Avg: 0.0, Max: 0.0, Diff: 0.0, Sum: 0.1]
      [GC Worker Total (ms): Min: 4.8, Avg: 4.9, Max: 4.9, Diff: 0.1, Sum: 39.1]
      [GC Worker End (ms): Min: 22881372.4, Avg: 22881372.4, Max: 22881372.4, Diff: 0.0]
   [Code Root Fixup: 0.0 ms]
   [Code Root Purge: 0.0 ms]
   [Clear CT: 0.7 ms]
   [Other: 4.8 ms]
      [Choose CSet: 0.0 ms]
      [Ref Proc: 4.1 ms]
      [Ref Enq: 0.1 ms]
      [Redirty Cards: 0.1 ms]
      [Humongous Register: 0.0 ms]
      [Humongous Reclaim: 0.0 ms]
      [Free CSet: 0.3 ms]
   [Eden: 7152.0M(7152.0M)->0.0B(7152.0M) Survivors: 16384.0K->16384.0K Heap: 9976.1M(14336.0M)->2824.1M(14336.0M)]
 [Times: user=0.06 sys=0.00, real=0.00 secs] 
2022-07-22T03:49:00.064-0700: 23911.568: [GC pause (G1 Evacuation Pause) (young), 0.0085970 secs]
   [Parallel Time: 5.0 ms, GC Workers: 8]
      [GC Worker Start (ms): Min: 23911568.6, Avg: 23911568.6, Max: 23911568.6, Diff: 0.1]
      [Ext Root Scanning (ms): Min: 1.1, Avg: 1.7, Max: 4.8, Diff: 3.8, Sum: 13.5]
      [Update RS (ms): Min: 0.0, Avg: 0.3, Max: 0.7, Diff: 0.7, Sum: 2.5]
         [Processed Buffers: Min: 0, Avg: 22.5, Max: 63, Diff: 63, Sum: 180]
      [Scan RS (ms): Min: 0.0, Avg: 0.1, Max: 0.1, Diff: 0.1, Sum: 0.6]
      [Code Root Scanning (ms): Min: 0.0, Avg: 0.0, Max: 0.0, Diff: 0.0, Sum: 0.0]
      [Object Copy (ms): Min: 0.0, Avg: 0.5, Max: 0.7, Diff: 0.7, Sum: 4.0]
      [Termination (ms): Min: 0.0, Avg: 2.3, Max: 2.6, Diff: 2.6, Sum: 18.0]
         [Termination Attempts: Min: 1, Avg: 1.0, Max: 1, Diff: 0, Sum: 8]
      [GC Worker Other (ms): Min: 0.0, Avg: 0.0, Max: 0.0, Diff: 0.0, Sum: 0.1]
      [GC Worker Total (ms): Min: 4.8, Avg: 4.8, Max: 4.9, Diff: 0.1, Sum: 38.7]
      [GC Worker End (ms): Min: 23911573.4, Avg: 23911573.4, Max: 23911573.5, Diff: 0.0]
   [Code Root Fixup: 0.0 ms]
   [Code Root Purge: 0.0 ms]
   [Clear CT: 0.8 ms]
   [Other: 2.8 ms]
      [Choose CSet: 0.0 ms]
      [Ref Proc: 2.0 ms]
      [Ref Enq: 0.2 ms]
      [Redirty Cards: 0.1 ms]
      [Humongous Register: 0.0 ms]
      [Humongous Reclaim: 0.0 ms]
      [Free CSet: 0.3 ms]
   [Eden: 7152.0M(7152.0M)->0.0B(7152.0M) Survivors: 16384.0K->16384.0K Heap: 9976.1M(14336.0M)->2824.1M(14336.0M)]
 [Times: user=0.05 sys=0.01, real=0.00 secs] 
2022-07-22T04:06:10.612-0700: 24942.117: [GC pause (G1 Evacuation Pause) (young), 0.0100581 secs]
   [Parallel Time: 5.1 ms, GC Workers: 8]
      [GC Worker Start (ms): Min: 24942116.9, Avg: 24942116.9, Max: 24942117.0, Diff: 0.1]
      [Ext Root Scanning (ms): Min: 1.1, Avg: 1.8, Max: 4.9, Diff: 3.7, Sum: 14.0]
      [Update RS (ms): Min: 0.0, Avg: 0.3, Max: 0.8, Diff: 0.8, Sum: 2.5]
         [Processed Buffers: Min: 0, Avg: 21.0, Max: 81, Diff: 81, Sum: 168]
      [Scan RS (ms): Min: 0.0, Avg: 0.1, Max: 0.1, Diff: 0.1, Sum: 0.6]
      [Code Root Scanning (ms): Min: 0.0, Avg: 0.0, Max: 0.0, Diff: 0.0, Sum: 0.0]
      [Object Copy (ms): Min: 0.0, Avg: 0.5, Max: 0.7, Diff: 0.7, Sum: 3.9]
      [Termination (ms): Min: 0.0, Avg: 2.2, Max: 2.5, Diff: 2.5, Sum: 17.7]
         [Termination Attempts: Min: 1, Avg: 2.1, Max: 5, Diff: 4, Sum: 17]
      [GC Worker Other (ms): Min: 0.0, Avg: 0.0, Max: 0.0, Diff: 0.0, Sum: 0.1]
      [GC Worker Total (ms): Min: 4.8, Avg: 4.9, Max: 4.9, Diff: 0.1, Sum: 38.9]
      [GC Worker End (ms): Min: 24942121.8, Avg: 24942121.8, Max: 24942121.8, Diff: 0.0]
   [Code Root Fixup: 0.0 ms]
   [Code Root Purge: 0.0 ms]
   [Clear CT: 0.6 ms]
   [Other: 4.3 ms]
      [Choose CSet: 0.0 ms]
      [Ref Proc: 3.7 ms]
      [Ref Enq: 0.1 ms]
      [Redirty Cards: 0.1 ms]
      [Humongous Register: 0.0 ms]
      [Humongous Reclaim: 0.0 ms]
      [Free CSet: 0.3 ms]
   [Eden: 7152.0M(7152.0M)->0.0B(7152.0M) Survivors: 16384.0K->16384.0K Heap: 9976.1M(14336.0M)->2824.2M(14336.0M)]
 [Times: user=0.05 sys=0.00, real=0.01 secs] 
2022-07-22T04:23:34.018-0700: 25985.522: [GC pause (G1 Evacuation Pause) (young), 0.0112992 secs]
   [Parallel Time: 5.4 ms, GC Workers: 8]
      [GC Worker Start (ms): Min: 25985522.4, Avg: 25985522.5, Max: 25985522.6, Diff: 0.2]
      [Ext Root Scanning (ms): Min: 1.1, Avg: 1.8, Max: 5.2, Diff: 4.1, Sum: 14.1]
      [Update RS (ms): Min: 0.0, Avg: 0.3, Max: 0.6, Diff: 0.6, Sum: 2.4]
         [Processed Buffers: Min: 0, Avg: 22.4, Max: 74, Diff: 74, Sum: 179]
      [Scan RS (ms): Min: 0.0, Avg: 0.1, Max: 0.1, Diff: 0.1, Sum: 0.6]
      [Code Root Scanning (ms): Min: 0.0, Avg: 0.0, Max: 0.0, Diff: 0.0, Sum: 0.0]
      [Object Copy (ms): Min: 0.0, Avg: 0.4, Max: 0.6, Diff: 0.6, Sum: 3.4]
      [Termination (ms): Min: 0.0, Avg: 2.6, Max: 3.0, Diff: 3.0, Sum: 21.2]
         [Termination Attempts: Min: 1, Avg: 1.2, Max: 2, Diff: 1, Sum: 10]
      [GC Worker Other (ms): Min: 0.0, Avg: 0.0, Max: 0.0, Diff: 0.0, Sum: 0.1]
      [GC Worker Total (ms): Min: 5.1, Avg: 5.2, Max: 5.3, Diff: 0.2, Sum: 41.7]
      [GC Worker End (ms): Min: 25985527.7, Avg: 25985527.7, Max: 25985527.7, Diff: 0.0]
   [Code Root Fixup: 0.0 ms]
   [Code Root Purge: 0.0 ms]
   [Clear CT: 0.6 ms]
   [Other: 5.2 ms]
      [Choose CSet: 0.0 ms]
      [Ref Proc: 4.7 ms]
      [Ref Enq: 0.1 ms]
      [Redirty Cards: 0.1 ms]
      [Humongous Register: 0.0 ms]
      [Humongous Reclaim: 0.0 ms]
      [Free CSet: 0.3 ms]
   [Eden: 7152.0M(7152.0M)->0.0B(7152.0M) Survivors: 16384.0K->16384.0K Heap: 9976.2M(14336.0M)->2824.1M(14336.0M)]
 [Times: user=0.05 sys=0.00, real=0.01 secs] 
2022-07-22T04:40:59.113-0700: 27030.617: [GC pause (G1 Evacuation Pause) (young), 0.0107084 secs]
   [Parallel Time: 5.4 ms, GC Workers: 8]
      [GC Worker Start (ms): Min: 27030617.4, Avg: 27030617.5, Max: 27030617.6, Diff: 0.2]
      [Ext Root Scanning (ms): Min: 1.1, Avg: 1.8, Max: 5.1, Diff: 3.9, Sum: 14.0]
      [Update RS (ms): Min: 0.0, Avg: 0.3, Max: 0.7, Diff: 0.7, Sum: 2.8]
         [Processed Buffers: Min: 0, Avg: 21.0, Max: 74, Diff: 74, Sum: 168]
      [Scan RS (ms): Min: 0.0, Avg: 0.1, Max: 0.1, Diff: 0.1, Sum: 0.6]
      [Code Root Scanning (ms): Min: 0.0, Avg: 0.0, Max: 0.0, Diff: 0.0, Sum: 0.0]
      [Object Copy (ms): Min: 0.0, Avg: 0.5, Max: 0.7, Diff: 0.7, Sum: 3.7]
      [Termination (ms): Min: 0.0, Avg: 2.4, Max: 2.7, Diff: 2.7, Sum: 19.1]
         [Termination Attempts: Min: 1, Avg: 1.6, Max: 3, Diff: 2, Sum: 13]
      [GC Worker Other (ms): Min: 0.0, Avg: 0.0, Max: 0.0, Diff: 0.0, Sum: 0.1]
      [GC Worker Total (ms): Min: 5.0, Avg: 5.1, Max: 5.1, Diff: 0.2, Sum: 40.5]
      [GC Worker End (ms): Min: 27030622.5, Avg: 27030622.6, Max: 27030622.6, Diff: 0.1]
   [Code Root Fixup: 0.0 ms]
   [Code Root Purge: 0.0 ms]
   [Clear CT: 0.6 ms]
   [Other: 4.7 ms]
      [Choose CSet: 0.0 ms]
      [Ref Proc: 4.1 ms]
      [Ref Enq: 0.1 ms]
      [Redirty Cards: 0.1 ms]
      [Humongous Register: 0.0 ms]
      [Humongous Reclaim: 0.0 ms]
      [Free CSet: 0.3 ms]
   [Eden: 7152.0M(7152.0M)->0.0B(7152.0M) Survivors: 16384.0K->16384.0K Heap: 9976.1M(14336.0M)->2824.2M(14336.0M)]
 [Times: user=0.06 sys=0.00, real=0.02 secs] 
2022-07-22T04:58:15.263-0700: 28066.767: [GC pause (G1 Evacuation Pause) (young), 0.0099228 secs]
   [Parallel Time: 5.1 ms, GC Workers: 8]
      [GC Worker Start (ms): Min: 28066767.5, Avg: 28066767.6, Max: 28066767.6, Diff: 0.1]
      [Ext Root Scanning (ms): Min: 1.1, Avg: 1.8, Max: 4.9, Diff: 3.8, Sum: 14.1]
      [Update RS (ms): Min: 0.0, Avg: 0.3, Max: 0.8, Diff: 0.8, Sum: 2.6]
         [Processed Buffers: Min: 0, Avg: 20.8, Max: 74, Diff: 74, Sum: 166]
      [Scan RS (ms): Min: 0.0, Avg: 0.1, Max: 0.2, Diff: 0.1, Sum: 0.7]
      [Code Root Scanning (ms): Min: 0.0, Avg: 0.0, Max: 0.0, Diff: 0.0, Sum: 0.0]
      [Object Copy (ms): Min: 0.0, Avg: 0.5, Max: 0.7, Diff: 0.7, Sum: 4.2]
      [Termination (ms): Min: 0.0, Avg: 2.2, Max: 2.6, Diff: 2.6, Sum: 17.9]
         [Termination Attempts: Min: 1, Avg: 1.8, Max: 3, Diff: 2, Sum: 14]
      [GC Worker Other (ms): Min: 0.0, Avg: 0.0, Max: 0.0, Diff: 0.0, Sum: 0.1]
      [GC Worker Total (ms): Min: 4.9, Avg: 5.0, Max: 5.0, Diff: 0.1, Sum: 39.6]
      [GC Worker End (ms): Min: 28066772.5, Avg: 28066772.5, Max: 28066772.5, Diff: 0.0]
   [Code Root Fixup: 0.0 ms]
   [Code Root Purge: 0.0 ms]
   [Clear CT: 0.6 ms]
   [Other: 4.2 ms]
      [Choose CSet: 0.0 ms]
      [Ref Proc: 3.5 ms]
      [Ref Enq: 0.2 ms]
      [Redirty Cards: 0.1 ms]
      [Humongous Register: 0.0 ms]
      [Humongous Reclaim: 0.0 ms]
      [Free CSet: 0.3 ms]
   [Eden: 7152.0M(7152.0M)->0.0B(7152.0M) Survivors: 16384.0K->16384.0K Heap: 9976.2M(14336.0M)->2824.2M(14336.0M)]
 [Times: user=0.04 sys=0.01, real=0.00 secs] 
2022-07-22T05:15:22.512-0700: 29094.017: [GC pause (G1 Evacuation Pause) (young), 0.0109492 secs]
   [Parallel Time: 5.1 ms, GC Workers: 8]
      [GC Worker Start (ms): Min: 29094017.2, Avg: 29094017.9, Max: 29094022.0, Diff: 4.8]
      [Ext Root Scanning (ms): Min: 0.0, Avg: 1.8, Max: 4.6, Diff: 4.6, Sum: 14.0]
      [Update RS (ms): Min: 0.0, Avg: 0.3, Max: 0.7, Diff: 0.7, Sum: 2.6]
         [Processed Buffers: Min: 0, Avg: 22.4, Max: 80, Diff: 80, Sum: 179]
      [Scan RS (ms): Min: 0.0, Avg: 0.1, Max: 0.1, Diff: 0.1, Sum: 0.6]
      [Code Root Scanning (ms): Min: 0.0, Avg: 0.0, Max: 0.0, Diff: 0.0, Sum: 0.0]
      [Object Copy (ms): Min: 0.0, Avg: 0.5, Max: 0.8, Diff: 0.8, Sum: 3.8]
      [Termination (ms): Min: 0.0, Avg: 1.5, Max: 2.0, Diff: 2.0, Sum: 12.1]
         [Termination Attempts: Min: 1, Avg: 1.6, Max: 2, Diff: 1, Sum: 13]
      [GC Worker Other (ms): Min: 0.0, Avg: 0.0, Max: 0.1, Diff: 0.1, Sum: 0.2]
      [GC Worker Total (ms): Min: 0.0, Avg: 4.2, Max: 4.9, Diff: 4.8, Sum: 33.4]
      [GC Worker End (ms): Min: 29094022.0, Avg: 29094022.1, Max: 29094022.1, Diff: 0.1]
   [Code Root Fixup: 0.0 ms]
   [Code Root Purge: 0.0 ms]
   [Clear CT: 0.6 ms]
   [Other: 5.3 ms]
      [Choose CSet: 0.0 ms]
      [Ref Proc: 4.5 ms]
      [Ref Enq: 0.2 ms]
      [Redirty Cards: 0.2 ms]
      [Humongous Register: 0.0 ms]
      [Humongous Reclaim: 0.0 ms]
      [Free CSet: 0.3 ms]
   [Eden: 7152.0M(7152.0M)->0.0B(7152.0M) Survivors: 16384.0K->16384.0K Heap: 9976.2M(14336.0M)->2824.3M(14336.0M)]
 [Times: user=0.04 sys=0.01, real=0.02 secs] 
2022-07-22T05:32:46.862-0700: 30138.367: [GC pause (G1 Evacuation Pause) (young), 0.0079612 secs]
   [Parallel Time: 5.2 ms, GC Workers: 8]
      [GC Worker Start (ms): Min: 30138367.1, Avg: 30138367.2, Max: 30138367.2, Diff: 0.1]
      [Ext Root Scanning (ms): Min: 1.1, Avg: 1.7, Max: 5.0, Diff: 3.8, Sum: 14.0]
      [Update RS (ms): Min: 0.0, Avg: 0.3, Max: 0.7, Diff: 0.7, Sum: 2.5]
         [Processed Buffers: Min: 0, Avg: 20.0, Max: 72, Diff: 72, Sum: 160]
      [Scan RS (ms): Min: 0.0, Avg: 0.1, Max: 0.1, Diff: 0.1, Sum: 0.6]
      [Code Root Scanning (ms): Min: 0.0, Avg: 0.0, Max: 0.0, Diff: 0.0, Sum: 0.0]
      [Object Copy (ms): Min: 0.0, Avg: 0.5, Max: 0.7, Diff: 0.7, Sum: 4.0]
      [Termination (ms): Min: 0.0, Avg: 2.3, Max: 2.7, Diff: 2.7, Sum: 18.7]
         [Termination Attempts: Min: 1, Avg: 1.0, Max: 1, Diff: 0, Sum: 8]
      [GC Worker Other (ms): Min: 0.0, Avg: 0.0, Max: 0.0, Diff: 0.0, Sum: 0.1]
      [GC Worker Total (ms): Min: 4.9, Avg: 5.0, Max: 5.0, Diff: 0.1, Sum: 39.9]
      [GC Worker End (ms): Min: 30138372.1, Avg: 30138372.1, Max: 30138372.2, Diff: 0.0]
   [Code Root Fixup: 0.0 ms]
   [Code Root Purge: 0.0 ms]
   [Clear CT: 0.6 ms]
   [Other: 2.2 ms]
      [Choose CSet: 0.0 ms]
      [Ref Proc: 1.6 ms]
      [Ref Enq: 0.1 ms]
      [Redirty Cards: 0.1 ms]
      [Humongous Register: 0.0 ms]
      [Humongous Reclaim: 0.0 ms]
      [Free CSet: 0.3 ms]
   [Eden: 7152.0M(7152.0M)->0.0B(7152.0M) Survivors: 16384.0K->16384.0K Heap: 9976.3M(14336.0M)->2824.2M(14336.0M)]
 [Times: user=0.05 sys=0.00, real=0.01 secs] 
2022-07-22T05:49:58.211-0700: 31169.716: [GC pause (G1 Evacuation Pause) (young), 0.0093346 secs]
   [Parallel Time: 5.3 ms, GC Workers: 8]
      [GC Worker Start (ms): Min: 31169716.0, Avg: 31169716.1, Max: 31169716.2, Diff: 0.1]
      [Ext Root Scanning (ms): Min: 1.1, Avg: 1.8, Max: 5.1, Diff: 4.1, Sum: 14.1]
      [Update RS (ms): Min: 0.0, Avg: 0.3, Max: 0.7, Diff: 0.7, Sum: 2.5]
         [Processed Buffers: Min: 0, Avg: 21.1, Max: 85, Diff: 85, Sum: 169]
      [Scan RS (ms): Min: 0.0, Avg: 0.1, Max: 0.2, Diff: 0.1, Sum: 0.7]
      [Code Root Scanning (ms): Min: 0.0, Avg: 0.0, Max: 0.0, Diff: 0.0, Sum: 0.0]
      [Object Copy (ms): Min: 0.0, Avg: 0.5, Max: 0.7, Diff: 0.7, Sum: 3.9]
      [Termination (ms): Min: 0.0, Avg: 2.5, Max: 2.8, Diff: 2.8, Sum: 19.9]
         [Termination Attempts: Min: 1, Avg: 1.0, Max: 1, Diff: 0, Sum: 8]
      [GC Worker Other (ms): Min: 0.0, Avg: 0.0, Max: 0.0, Diff: 0.0, Sum: 0.1]
      [GC Worker Total (ms): Min: 5.1, Avg: 5.1, Max: 5.2, Diff: 0.1, Sum: 41.1]
      [GC Worker End (ms): Min: 31169721.2, Avg: 31169721.2, Max: 31169721.2, Diff: 0.0]
   [Code Root Fixup: 0.0 ms]
   [Code Root Purge: 0.0 ms]
   [Clear CT: 0.6 ms]
   [Other: 3.4 ms]
      [Choose CSet: 0.0 ms]
      [Ref Proc: 2.7 ms]
      [Ref Enq: 0.1 ms]
      [Redirty Cards: 0.1 ms]
      [Humongous Register: 0.0 ms]
      [Humongous Reclaim: 0.0 ms]
      [Free CSet: 0.3 ms]
   [Eden: 7152.0M(7152.0M)->0.0B(7152.0M) Survivors: 16384.0K->16384.0K Heap: 9976.2M(14336.0M)->2824.3M(14336.0M)]
 [Times: user=0.06 sys=0.00, real=0.01 secs] 
2022-07-22T06:07:14.062-0700: 32205.567: [GC pause (G1 Evacuation Pause) (young), 0.0105830 secs]
   [Parallel Time: 5.4 ms, GC Workers: 8]
      [GC Worker Start (ms): Min: 32205567.1, Avg: 32205567.2, Max: 32205567.3, Diff: 0.2]
      [Ext Root Scanning (ms): Min: 1.1, Avg: 1.8, Max: 5.2, Diff: 4.1, Sum: 14.2]
      [Update RS (ms): Min: 0.0, Avg: 0.3, Max: 0.7, Diff: 0.7, Sum: 2.5]
         [Processed Buffers: Min: 0, Avg: 20.4, Max: 76, Diff: 76, Sum: 163]
      [Scan RS (ms): Min: 0.0, Avg: 0.1, Max: 0.2, Diff: 0.1, Sum: 0.7]
      [Code Root Scanning (ms): Min: 0.0, Avg: 0.0, Max: 0.0, Diff: 0.0, Sum: 0.0]
      [Object Copy (ms): Min: 0.0, Avg: 0.5, Max: 0.7, Diff: 0.7, Sum: 3.8]
      [Termination (ms): Min: 0.0, Avg: 2.5, Max: 2.8, Diff: 2.8, Sum: 19.8]
         [Termination Attempts: Min: 1, Avg: 1.8, Max: 3, Diff: 2, Sum: 14]
      [GC Worker Other (ms): Min: 0.0, Avg: 0.0, Max: 0.0, Diff: 0.0, Sum: 0.2]
      [GC Worker Total (ms): Min: 5.1, Avg: 5.2, Max: 5.2, Diff: 0.2, Sum: 41.2]
      [GC Worker End (ms): Min: 32205572.4, Avg: 32205572.4, Max: 32205572.4, Diff: 0.0]
   [Code Root Fixup: 0.0 ms]
   [Code Root Purge: 0.0 ms]
   [Clear CT: 0.6 ms]
   [Other: 4.6 ms]
      [Choose CSet: 0.0 ms]
      [Ref Proc: 4.0 ms]
      [Ref Enq: 0.1 ms]
      [Redirty Cards: 0.1 ms]
      [Humongous Register: 0.0 ms]
      [Humongous Reclaim: 0.0 ms]
      [Free CSet: 0.3 ms]
   [Eden: 7152.0M(7152.0M)->0.0B(7152.0M) Survivors: 16384.0K->16384.0K Heap: 9976.3M(14336.0M)->2824.1M(14336.0M)]
 [Times: user=0.06 sys=0.00, real=0.01 secs] 
2022-07-22T06:24:28.462-0700: 33239.967: [GC pause (G1 Evacuation Pause) (young), 0.0105398 secs]
   [Parallel Time: 5.7 ms, GC Workers: 8]
      [GC Worker Start (ms): Min: 33239966.9, Avg: 33239967.0, Max: 33239967.1, Diff: 0.2]
      [Ext Root Scanning (ms): Min: 1.1, Avg: 1.9, Max: 5.5, Diff: 4.4, Sum: 14.8]
      [Update RS (ms): Min: 0.0, Avg: 0.3, Max: 0.8, Diff: 0.8, Sum: 2.6]
         [Processed Buffers: Min: 0, Avg: 22.6, Max: 83, Diff: 83, Sum: 181]
      [Scan RS (ms): Min: 0.0, Avg: 0.1, Max: 0.2, Diff: 0.1, Sum: 0.7]
      [Code Root Scanning (ms): Min: 0.0, Avg: 0.0, Max: 0.0, Diff: 0.0, Sum: 0.0]
      [Object Copy (ms): Min: 0.0, Avg: 0.5, Max: 0.7, Diff: 0.7, Sum: 4.2]
      [Termination (ms): Min: 0.0, Avg: 2.6, Max: 3.0, Diff: 3.0, Sum: 20.9]
         [Termination Attempts: Min: 1, Avg: 1.8, Max: 4, Diff: 3, Sum: 14]
      [GC Worker Other (ms): Min: 0.0, Avg: 0.0, Max: 0.0, Diff: 0.0, Sum: 0.1]
      [GC Worker Total (ms): Min: 5.3, Avg: 5.4, Max: 5.5, Diff: 0.2, Sum: 43.4]
      [GC Worker End (ms): Min: 33239972.4, Avg: 33239972.4, Max: 33239972.5, Diff: 0.0]
   [Code Root Fixup: 0.0 ms]
   [Code Root Purge: 0.0 ms]
   [Clear CT: 0.5 ms]
   [Other: 4.3 ms]
      [Choose CSet: 0.0 ms]
      [Ref Proc: 3.7 ms]
      [Ref Enq: 0.1 ms]
      [Redirty Cards: 0.1 ms]
      [Humongous Register: 0.0 ms]
      [Humongous Reclaim: 0.0 ms]
      [Free CSet: 0.3 ms]
   [Eden: 7152.0M(7152.0M)->0.0B(7152.0M) Survivors: 16384.0K->16384.0K Heap: 9976.1M(14336.0M)->2824.1M(14336.0M)]
 [Times: user=0.06 sys=0.00, real=0.01 secs] 
2022-07-22T06:41:55.913-0700: 34287.418: [GC pause (G1 Evacuation Pause) (young), 0.0100389 secs]
   [Parallel Time: 5.0 ms, GC Workers: 8]
      [GC Worker Start (ms): Min: 34287417.8, Avg: 34287417.9, Max: 34287417.9, Diff: 0.2]
      [Ext Root Scanning (ms): Min: 1.1, Avg: 1.7, Max: 4.7, Diff: 3.6, Sum: 13.8]
      [Update RS (ms): Min: 0.0, Avg: 0.2, Max: 0.5, Diff: 0.5, Sum: 2.0]
         [Processed Buffers: Min: 0, Avg: 21.4, Max: 80, Diff: 80, Sum: 171]
      [Scan RS (ms): Min: 0.0, Avg: 0.1, Max: 0.1, Diff: 0.1, Sum: 0.5]
      [Code Root Scanning (ms): Min: 0.0, Avg: 0.0, Max: 0.0, Diff: 0.0, Sum: 0.0]
      [Object Copy (ms): Min: 0.0, Avg: 0.4, Max: 0.6, Diff: 0.6, Sum: 3.5]
      [Termination (ms): Min: 0.0, Avg: 2.2, Max: 2.5, Diff: 2.5, Sum: 17.6]
         [Termination Attempts: Min: 1, Avg: 1.4, Max: 2, Diff: 1, Sum: 11]
      [GC Worker Other (ms): Min: 0.0, Avg: 0.0, Max: 0.1, Diff: 0.1, Sum: 0.3]
      [GC Worker Total (ms): Min: 4.6, Avg: 4.7, Max: 4.8, Diff: 0.2, Sum: 37.7]
      [GC Worker End (ms): Min: 34287422.5, Avg: 34287422.6, Max: 34287422.6, Diff: 0.1]
   [Code Root Fixup: 0.0 ms]
   [Code Root Purge: 0.0 ms]
   [Clear CT: 0.6 ms]
   [Other: 4.4 ms]
      [Choose CSet: 0.0 ms]
      [Ref Proc: 3.8 ms]
      [Ref Enq: 0.1 ms]
      [Redirty Cards: 0.1 ms]
      [Humongous Register: 0.0 ms]
      [Humongous Reclaim: 0.0 ms]
      [Free CSet: 0.3 ms]
   [Eden: 7152.0M(7152.0M)->0.0B(7152.0M) Survivors: 16384.0K->16384.0K Heap: 9976.1M(14336.0M)->2824.3M(14336.0M)]
 [Times: user=0.05 sys=0.01, real=0.02 secs] 
2022-07-22T06:59:18.862-0700: 35330.367: [GC pause (G1 Evacuation Pause) (young), 0.0077356 secs]
   [Parallel Time: 5.1 ms, GC Workers: 8]
      [GC Worker Start (ms): Min: 35330367.1, Avg: 35330367.1, Max: 35330367.2, Diff: 0.1]
      [Ext Root Scanning (ms): Min: 1.0, Avg: 1.7, Max: 4.9, Diff: 3.9, Sum: 13.5]
      [Update RS (ms): Min: 0.0, Avg: 0.3, Max: 0.7, Diff: 0.7, Sum: 2.4]
         [Processed Buffers: Min: 0, Avg: 23.0, Max: 69, Diff: 69, Sum: 184]
      [Scan RS (ms): Min: 0.0, Avg: 0.1, Max: 0.2, Diff: 0.1, Sum: 0.6]
      [Code Root Scanning (ms): Min: 0.0, Avg: 0.0, Max: 0.0, Diff: 0.0, Sum: 0.0]
      [Object Copy (ms): Min: 0.0, Avg: 0.5, Max: 0.6, Diff: 0.6, Sum: 3.6]
      [Termination (ms): Min: 0.0, Avg: 2.4, Max: 2.7, Diff: 2.7, Sum: 19.2]
         [Termination Attempts: Min: 1, Avg: 1.0, Max: 1, Diff: 0, Sum: 8]
      [GC Worker Other (ms): Min: 0.0, Avg: 0.0, Max: 0.1, Diff: 0.0, Sum: 0.2]
      [GC Worker Total (ms): Min: 4.9, Avg: 4.9, Max: 5.0, Diff: 0.1, Sum: 39.5]
      [GC Worker End (ms): Min: 35330372.1, Avg: 35330372.1, Max: 35330372.1, Diff: 0.0]
   [Code Root Fixup: 0.0 ms]
   [Code Root Purge: 0.0 ms]
   [Clear CT: 0.6 ms]
   [Other: 2.1 ms]
      [Choose CSet: 0.0 ms]
      [Ref Proc: 1.5 ms]
      [Ref Enq: 0.1 ms]
      [Redirty Cards: 0.1 ms]
      [Humongous Register: 0.0 ms]
      [Humongous Reclaim: 0.0 ms]
      [Free CSet: 0.3 ms]
   [Eden: 7152.0M(7152.0M)->0.0B(7152.0M) Survivors: 16384.0K->16384.0K Heap: 9976.3M(14336.0M)->2824.2M(14336.0M)]
 [Times: user=0.04 sys=0.00, real=0.01 secs] 
2022-07-22T07:16:31.963-0700: 36363.468: [GC pause (G1 Evacuation Pause) (young), 0.0101921 secs]
   [Parallel Time: 5.2 ms, GC Workers: 8]
      [GC Worker Start (ms): Min: 36363467.7, Avg: 36363467.8, Max: 36363467.9, Diff: 0.2]
      [Ext Root Scanning (ms): Min: 1.1, Avg: 1.7, Max: 4.9, Diff: 3.7, Sum: 13.9]
      [Update RS (ms): Min: 0.0, Avg: 0.3, Max: 0.7, Diff: 0.7, Sum: 2.6]
         [Processed Buffers: Min: 0, Avg: 20.9, Max: 75, Diff: 75, Sum: 167]
      [Scan RS (ms): Min: 0.0, Avg: 0.1, Max: 0.2, Diff: 0.1, Sum: 0.7]
      [Code Root Scanning (ms): Min: 0.0, Avg: 0.0, Max: 0.0, Diff: 0.0, Sum: 0.0]
      [Object Copy (ms): Min: 0.0, Avg: 0.4, Max: 0.6, Diff: 0.6, Sum: 3.5]
      [Termination (ms): Min: 0.0, Avg: 2.2, Max: 2.6, Diff: 2.6, Sum: 17.7]
         [Termination Attempts: Min: 1, Avg: 1.1, Max: 2, Diff: 1, Sum: 9]
      [GC Worker Other (ms): Min: 0.0, Avg: 0.0, Max: 0.0, Diff: 0.0, Sum: 0.1]
      [GC Worker Total (ms): Min: 4.7, Avg: 4.8, Max: 4.9, Diff: 0.2, Sum: 38.5]
      [GC Worker End (ms): Min: 36363472.6, Avg: 36363472.6, Max: 36363472.6, Diff: 0.0]
   [Code Root Fixup: 0.0 ms]
   [Code Root Purge: 0.0 ms]
   [Clear CT: 0.6 ms]
   [Other: 4.4 ms]
      [Choose CSet: 0.0 ms]
      [Ref Proc: 3.7 ms]
      [Ref Enq: 0.1 ms]
      [Redirty Cards: 0.1 ms]
      [Humongous Register: 0.1 ms]
      [Humongous Reclaim: 0.0 ms]
      [Free CSet: 0.3 ms]
   [Eden: 7152.0M(7152.0M)->0.0B(7152.0M) Survivors: 16384.0K->16384.0K Heap: 9976.2M(14336.0M)->2824.3M(14336.0M)]
 [Times: user=0.05 sys=0.00, real=0.00 secs] 
2022-07-22T07:33:46.211-0700: 37397.716: [GC pause (G1 Evacuation Pause) (young), 0.0114782 secs]
   [Parallel Time: 5.6 ms, GC Workers: 8]
      [GC Worker Start (ms): Min: 37397716.1, Avg: 37397716.2, Max: 37397716.3, Diff: 0.2]
      [Ext Root Scanning (ms): Min: 1.1, Avg: 1.8, Max: 5.3, Diff: 4.1, Sum: 14.6]
      [Update RS (ms): Min: 0.0, Avg: 0.3, Max: 0.7, Diff: 0.7, Sum: 2.6]
         [Processed Buffers: Min: 0, Avg: 23.0, Max: 60, Diff: 60, Sum: 184]
      [Scan RS (ms): Min: 0.0, Avg: 0.1, Max: 0.2, Diff: 0.1, Sum: 0.7]
      [Code Root Scanning (ms): Min: 0.0, Avg: 0.0, Max: 0.0, Diff: 0.0, Sum: 0.0]
      [Object Copy (ms): Min: 0.0, Avg: 0.5, Max: 0.7, Diff: 0.7, Sum: 3.9]
      [Termination (ms): Min: 0.0, Avg: 2.5, Max: 2.9, Diff: 2.9, Sum: 20.0]
         [Termination Attempts: Min: 1, Avg: 1.5, Max: 2, Diff: 1, Sum: 12]
      [GC Worker Other (ms): Min: 0.0, Avg: 0.0, Max: 0.0, Diff: 0.0, Sum: 0.1]
      [GC Worker Total (ms): Min: 5.2, Avg: 5.2, Max: 5.3, Diff: 0.2, Sum: 42.0]
      [GC Worker End (ms): Min: 37397721.4, Avg: 37397721.4, Max: 37397721.5, Diff: 0.0]
   [Code Root Fixup: 0.0 ms]
   [Code Root Purge: 0.0 ms]
   [Clear CT: 0.6 ms]
   [Other: 5.2 ms]
      [Choose CSet: 0.0 ms]
      [Ref Proc: 4.5 ms]
      [Ref Enq: 0.2 ms]
      [Redirty Cards: 0.1 ms]
      [Humongous Register: 0.0 ms]
      [Humongous Reclaim: 0.0 ms]
      [Free CSet: 0.3 ms]
   [Eden: 7152.0M(7152.0M)->0.0B(7152.0M) Survivors: 16384.0K->16384.0K Heap: 9976.3M(14336.0M)->2824.1M(14336.0M)]
 [Times: user=0.05 sys=0.00, real=0.02 secs] 
2022-07-22T07:51:11.063-0700: 38442.568: [GC pause (G1 Evacuation Pause) (young), 0.0096369 secs]
   [Parallel Time: 5.4 ms, GC Workers: 8]
      [GC Worker Start (ms): Min: 38442567.9, Avg: 38442567.9, Max: 38442568.0, Diff: 0.2]
      [Ext Root Scanning (ms): Min: 1.0, Avg: 1.7, Max: 5.2, Diff: 4.2, Sum: 13.6]
      [Update RS (ms): Min: 0.0, Avg: 0.3, Max: 0.6, Diff: 0.6, Sum: 2.3]
         [Processed Buffers: Min: 0, Avg: 21.5, Max: 54, Diff: 54, Sum: 172]
      [Scan RS (ms): Min: 0.0, Avg: 0.1, Max: 0.2, Diff: 0.1, Sum: 0.6]
      [Code Root Scanning (ms): Min: 0.0, Avg: 0.0, Max: 0.0, Diff: 0.0, Sum: 0.0]
      [Object Copy (ms): Min: 0.0, Avg: 0.4, Max: 0.6, Diff: 0.6, Sum: 3.4]
      [Termination (ms): Min: 0.0, Avg: 2.7, Max: 3.1, Diff: 3.1, Sum: 21.7]
         [Termination Attempts: Min: 1, Avg: 1.0, Max: 1, Diff: 0, Sum: 8]
      [GC Worker Other (ms): Min: 0.0, Avg: 0.0, Max: 0.1, Diff: 0.1, Sum: 0.2]
      [GC Worker Total (ms): Min: 5.1, Avg: 5.2, Max: 5.3, Diff: 0.1, Sum: 41.9]
      [GC Worker End (ms): Min: 38442573.1, Avg: 38442573.2, Max: 38442573.2, Diff: 0.1]
   [Code Root Fixup: 0.0 ms]
   [Code Root Purge: 0.0 ms]
   [Clear CT: 0.6 ms]
   [Other: 3.6 ms]
      [Choose CSet: 0.0 ms]
      [Ref Proc: 3.0 ms]
      [Ref Enq: 0.1 ms]
      [Redirty Cards: 0.1 ms]
      [Humongous Register: 0.0 ms]
      [Humongous Reclaim: 0.0 ms]
      [Free CSet: 0.3 ms]
   [Eden: 7152.0M(7152.0M)->0.0B(7152.0M) Survivors: 16384.0K->16384.0K Heap: 9976.1M(14336.0M)->2824.2M(14336.0M)]
 [Times: user=0.06 sys=0.00, real=0.00 secs] 
2022-07-22T08:08:41.662-0700: 39493.167: [GC pause (G1 Evacuation Pause) (young), 0.0103471 secs]
   [Parallel Time: 5.3 ms, GC Workers: 8]
      [GC Worker Start (ms): Min: 39493166.7, Avg: 39493166.7, Max: 39493166.8, Diff: 0.1]
      [Ext Root Scanning (ms): Min: 1.1, Avg: 1.8, Max: 5.0, Diff: 3.9, Sum: 14.0]
      [Update RS (ms): Min: 0.0, Avg: 0.4, Max: 0.8, Diff: 0.8, Sum: 3.0]
         [Processed Buffers: Min: 0, Avg: 20.0, Max: 59, Diff: 59, Sum: 160]
      [Scan RS (ms): Min: 0.0, Avg: 0.1, Max: 0.2, Diff: 0.1, Sum: 0.7]
      [Code Root Scanning (ms): Min: 0.0, Avg: 0.0, Max: 0.0, Diff: 0.0, Sum: 0.1]
      [Object Copy (ms): Min: 0.0, Avg: 0.5, Max: 0.7, Diff: 0.7, Sum: 4.2]
      [Termination (ms): Min: 0.0, Avg: 2.2, Max: 2.6, Diff: 2.6, Sum: 17.9]
         [Termination Attempts: Min: 1, Avg: 2.1, Max: 3, Diff: 2, Sum: 17]
      [GC Worker Other (ms): Min: 0.0, Avg: 0.0, Max: 0.1, Diff: 0.0, Sum: 0.2]
      [GC Worker Total (ms): Min: 4.9, Avg: 5.0, Max: 5.0, Diff: 0.1, Sum: 40.0]
      [GC Worker End (ms): Min: 39493171.7, Avg: 39493171.7, Max: 39493171.8, Diff: 0.0]
   [Code Root Fixup: 0.0 ms]
   [Code Root Purge: 0.0 ms]
   [Clear CT: 0.6 ms]
   [Other: 4.5 ms]
      [Choose CSet: 0.0 ms]
      [Ref Proc: 3.8 ms]
      [Ref Enq: 0.1 ms]
      [Redirty Cards: 0.1 ms]
      [Humongous Register: 0.0 ms]
      [Humongous Reclaim: 0.0 ms]
      [Free CSet: 0.3 ms]
   [Eden: 7152.0M(7152.0M)->0.0B(7152.0M) Survivors: 16384.0K->16384.0K Heap: 9976.2M(14336.0M)->2824.3M(14336.0M)]
 [Times: user=0.05 sys=0.00, real=0.01 secs] 
2022-07-22T08:25:52.761-0700: 40524.266: [GC pause (G1 Evacuation Pause) (young), 0.0107033 secs]
   [Parallel Time: 5.7 ms, GC Workers: 8]
      [GC Worker Start (ms): Min: 40524266.0, Avg: 40524266.1, Max: 40524266.2, Diff: 0.2]
      [Ext Root Scanning (ms): Min: 1.1, Avg: 1.8, Max: 5.6, Diff: 4.5, Sum: 14.8]
      [Update RS (ms): Min: 0.0, Avg: 0.3, Max: 0.7, Diff: 0.7, Sum: 2.8]
         [Processed Buffers: Min: 0, Avg: 21.6, Max: 79, Diff: 79, Sum: 173]
      [Scan RS (ms): Min: 0.0, Avg: 0.1, Max: 0.1, Diff: 0.1, Sum: 0.7]
      [Code Root Scanning (ms): Min: 0.0, Avg: 0.0, Max: 0.0, Diff: 0.0, Sum: 0.0]
      [Object Copy (ms): Min: 0.0, Avg: 0.5, Max: 0.7, Diff: 0.7, Sum: 4.0]
      [Termination (ms): Min: 0.0, Avg: 2.8, Max: 3.2, Diff: 3.2, Sum: 22.5]
         [Termination Attempts: Min: 1, Avg: 2.8, Max: 4, Diff: 3, Sum: 22]
      [GC Worker Other (ms): Min: 0.0, Avg: 0.0, Max: 0.0, Diff: 0.0, Sum: 0.1]
      [GC Worker Total (ms): Min: 5.5, Avg: 5.6, Max: 5.7, Diff: 0.1, Sum: 44.8]
      [GC Worker End (ms): Min: 40524271.7, Avg: 40524271.7, Max: 40524271.7, Diff: 0.0]
   [Code Root Fixup: 0.0 ms]
   [Code Root Purge: 0.0 ms]
   [Clear CT: 0.5 ms]
   [Other: 4.4 ms]
      [Choose CSet: 0.0 ms]
      [Ref Proc: 3.8 ms]
      [Ref Enq: 0.1 ms]
      [Redirty Cards: 0.1 ms]
      [Humongous Register: 0.0 ms]
      [Humongous Reclaim: 0.0 ms]
      [Free CSet: 0.3 ms]
   [Eden: 7152.0M(7152.0M)->0.0B(7152.0M) Survivors: 16384.0K->16384.0K Heap: 9976.3M(14336.0M)->2824.3M(14336.0M)]
 [Times: user=0.06 sys=0.00, real=0.01 secs] 
2022-07-22T08:43:08.811-0700: 41560.316: [GC pause (G1 Evacuation Pause) (young), 0.0107021 secs]
   [Parallel Time: 5.9 ms, GC Workers: 8]
      [GC Worker Start (ms): Min: 41560315.9, Avg: 41560316.0, Max: 41560316.1, Diff: 0.2]
      [Ext Root Scanning (ms): Min: 1.2, Avg: 1.9, Max: 5.5, Diff: 4.3, Sum: 14.8]
      [Update RS (ms): Min: 0.0, Avg: 0.4, Max: 0.8, Diff: 0.8, Sum: 2.9]
         [Processed Buffers: Min: 0, Avg: 21.9, Max: 66, Diff: 66, Sum: 175]
      [Scan RS (ms): Min: 0.0, Avg: 0.1, Max: 0.1, Diff: 0.1, Sum: 0.7]
      [Code Root Scanning (ms): Min: 0.0, Avg: 0.0, Max: 0.0, Diff: 0.0, Sum: 0.0]
      [Object Copy (ms): Min: 0.0, Avg: 0.5, Max: 0.7, Diff: 0.7, Sum: 3.9]
      [Termination (ms): Min: 0.0, Avg: 2.7, Max: 3.1, Diff: 3.1, Sum: 21.3]
         [Termination Attempts: Min: 1, Avg: 1.4, Max: 2, Diff: 1, Sum: 11]
      [GC Worker Other (ms): Min: 0.0, Avg: 0.0, Max: 0.0, Diff: 0.0, Sum: 0.1]
      [GC Worker Total (ms): Min: 5.4, Avg: 5.5, Max: 5.6, Diff: 0.2, Sum: 43.8]
      [GC Worker End (ms): Min: 41560321.5, Avg: 41560321.5, Max: 41560321.5, Diff: 0.0]
   [Code Root Fixup: 0.0 ms]
   [Code Root Purge: 0.0 ms]
   [Clear CT: 0.6 ms]
   [Other: 4.1 ms]
      [Choose CSet: 0.0 ms]
      [Ref Proc: 3.5 ms]
      [Ref Enq: 0.1 ms]
      [Redirty Cards: 0.1 ms]
      [Humongous Register: 0.0 ms]
      [Humongous Reclaim: 0.0 ms]
      [Free CSet: 0.3 ms]
   [Eden: 7152.0M(7152.0M)->0.0B(7152.0M) Survivors: 16384.0K->16384.0K Heap: 9976.3M(14336.0M)->2824.1M(14336.0M)]
 [Times: user=0.05 sys=0.01, real=0.01 secs] 
2022-07-22T09:00:27.612-0700: 42599.117: [GC pause (G1 Evacuation Pause) (young), 0.0107338 secs]
   [Parallel Time: 5.3 ms, GC Workers: 8]
      [GC Worker Start (ms): Min: 42599116.9, Avg: 42599117.0, Max: 42599117.1, Diff: 0.2]
      [Ext Root Scanning (ms): Min: 1.0, Avg: 1.7, Max: 5.0, Diff: 4.0, Sum: 13.8]
      [Update RS (ms): Min: 0.0, Avg: 0.3, Max: 0.7, Diff: 0.7, Sum: 2.4]
         [Processed Buffers: Min: 0, Avg: 21.6, Max: 61, Diff: 61, Sum: 173]
      [Scan RS (ms): Min: 0.0, Avg: 0.1, Max: 0.2, Diff: 0.1, Sum: 0.6]
      [Code Root Scanning (ms): Min: 0.0, Avg: 0.0, Max: 0.0, Diff: 0.0, Sum: 0.0]
      [Object Copy (ms): Min: 0.0, Avg: 0.4, Max: 0.6, Diff: 0.6, Sum: 3.5]
      [Termination (ms): Min: 0.0, Avg: 2.5, Max: 2.9, Diff: 2.9, Sum: 19.9]
         [Termination Attempts: Min: 1, Avg: 1.0, Max: 1, Diff: 0, Sum: 8]
      [GC Worker Other (ms): Min: 0.0, Avg: 0.0, Max: 0.0, Diff: 0.0, Sum: 0.1]
      [GC Worker Total (ms): Min: 5.0, Avg: 5.0, Max: 5.1, Diff: 0.1, Sum: 40.4]
      [GC Worker End (ms): Min: 42599122.0, Avg: 42599122.0, Max: 42599122.1, Diff: 0.1]
   [Code Root Fixup: 0.0 ms]
   [Code Root Purge: 0.0 ms]
   [Clear CT: 0.6 ms]
   [Other: 4.7 ms]
      [Choose CSet: 0.0 ms]
      [Ref Proc: 4.1 ms]
      [Ref Enq: 0.1 ms]
      [Redirty Cards: 0.1 ms]
      [Humongous Register: 0.0 ms]
      [Humongous Reclaim: 0.0 ms]
      [Free CSet: 0.3 ms]
   [Eden: 7152.0M(7152.0M)->0.0B(7152.0M) Survivors: 16384.0K->16384.0K Heap: 9976.1M(14336.0M)->2824.4M(14336.0M)]
 [Times: user=0.04 sys=0.01, real=0.02 secs] 
2022-07-22T09:17:46.262-0700: 43637.767: [GC pause (G1 Evacuation Pause) (young), 0.0109407 secs]
   [Parallel Time: 5.5 ms, GC Workers: 8]
      [GC Worker Start (ms): Min: 43637767.0, Avg: 43637767.1, Max: 43637767.2, Diff: 0.2]
      [Ext Root Scanning (ms): Min: 1.2, Avg: 2.0, Max: 5.1, Diff: 3.9, Sum: 15.6]
      [Update RS (ms): Min: 0.0, Avg: 0.3, Max: 0.7, Diff: 0.7, Sum: 2.5]
         [Processed Buffers: Min: 0, Avg: 20.9, Max: 51, Diff: 51, Sum: 167]
      [Scan RS (ms): Min: 0.0, Avg: 0.1, Max: 0.2, Diff: 0.1, Sum: 0.6]
      [Code Root Scanning (ms): Min: 0.0, Avg: 0.0, Max: 0.0, Diff: 0.0, Sum: 0.0]
      [Object Copy (ms): Min: 0.0, Avg: 0.6, Max: 0.8, Diff: 0.8, Sum: 4.9]
      [Termination (ms): Min: 0.0, Avg: 2.1, Max: 2.4, Diff: 2.4, Sum: 16.9]
         [Termination Attempts: Min: 1, Avg: 1.0, Max: 1, Diff: 0, Sum: 8]
      [GC Worker Other (ms): Min: 0.0, Avg: 0.0, Max: 0.0, Diff: 0.0, Sum: 0.2]
      [GC Worker Total (ms): Min: 5.0, Avg: 5.1, Max: 5.2, Diff: 0.1, Sum: 40.8]
      [GC Worker End (ms): Min: 43637772.2, Avg: 43637772.2, Max: 43637772.3, Diff: 0.0]
   [Code Root Fixup: 0.0 ms]
   [Code Root Purge: 0.0 ms]
   [Clear CT: 0.7 ms]
   [Other: 4.8 ms]
      [Choose CSet: 0.0 ms]
      [Ref Proc: 4.2 ms]
      [Ref Enq: 0.1 ms]
      [Redirty Cards: 0.1 ms]
      [Humongous Register: 0.0 ms]
      [Humongous Reclaim: 0.0 ms]
      [Free CSet: 0.3 ms]
   [Eden: 7152.0M(7152.0M)->0.0B(7152.0M) Survivors: 16384.0K->16384.0K Heap: 9976.4M(14336.0M)->2824.3M(14336.0M)]
 [Times: user=0.06 sys=0.00, real=0.01 secs] 
2022-07-22T09:35:10.262-0700: 44681.767: [GC pause (G1 Evacuation Pause) (young), 0.0080772 secs]
   [Parallel Time: 5.4 ms, GC Workers: 8]
      [GC Worker Start (ms): Min: 44681766.9, Avg: 44681767.0, Max: 44681767.1, Diff: 0.2]
      [Ext Root Scanning (ms): Min: 1.1, Avg: 1.8, Max: 5.2, Diff: 4.1, Sum: 14.5]
      [Update RS (ms): Min: 0.0, Avg: 0.3, Max: 0.9, Diff: 0.9, Sum: 2.7]
         [Processed Buffers: Min: 0, Avg: 22.5, Max: 61, Diff: 61, Sum: 180]
      [Scan RS (ms): Min: 0.0, Avg: 0.1, Max: 0.2, Diff: 0.1, Sum: 0.7]
      [Code Root Scanning (ms): Min: 0.0, Avg: 0.0, Max: 0.0, Diff: 0.0, Sum: 0.0]
      [Object Copy (ms): Min: 0.0, Avg: 0.5, Max: 0.7, Diff: 0.7, Sum: 3.9]
      [Termination (ms): Min: 0.0, Avg: 2.4, Max: 2.8, Diff: 2.8, Sum: 19.2]
         [Termination Attempts: Min: 1, Avg: 2.5, Max: 4, Diff: 3, Sum: 20]
      [GC Worker Other (ms): Min: 0.0, Avg: 0.0, Max: 0.0, Diff: 0.0, Sum: 0.2]
      [GC Worker Total (ms): Min: 5.1, Avg: 5.2, Max: 5.2, Diff: 0.1, Sum: 41.3]
      [GC Worker End (ms): Min: 44681772.2, Avg: 44681772.2, Max: 44681772.2, Diff: 0.0]
   [Code Root Fixup: 0.0 ms]
   [Code Root Purge: 0.0 ms]
   [Clear CT: 0.6 ms]
   [Other: 2.2 ms]
      [Choose CSet: 0.0 ms]
      [Ref Proc: 1.5 ms]
      [Ref Enq: 0.1 ms]
      [Redirty Cards: 0.1 ms]
      [Humongous Register: 0.0 ms]
      [Humongous Reclaim: 0.0 ms]
      [Free CSet: 0.3 ms]
   [Eden: 7152.0M(7152.0M)->0.0B(7152.0M) Survivors: 16384.0K->16384.0K Heap: 9976.3M(14336.0M)->2824.4M(14336.0M)]
 [Times: user=0.05 sys=0.00, real=0.01 secs] 
2022-07-22T09:52:09.363-0700: 45700.867: [GC pause (G1 Evacuation Pause) (young), 0.0108223 secs]
   [Parallel Time: 5.6 ms, GC Workers: 8]
      [GC Worker Start (ms): Min: 45700867.5, Avg: 45700867.6, Max: 45700867.7, Diff: 0.2]
      [Ext Root Scanning (ms): Min: 1.1, Avg: 1.8, Max: 5.2, Diff: 4.1, Sum: 14.7]
      [Update RS (ms): Min: 0.0, Avg: 0.3, Max: 0.8, Diff: 0.8, Sum: 2.6]
         [Processed Buffers: Min: 0, Avg: 22.0, Max: 57, Diff: 57, Sum: 176]
      [Scan RS (ms): Min: 0.0, Avg: 0.1, Max: 0.2, Diff: 0.1, Sum: 0.7]
      [Code Root Scanning (ms): Min: 0.0, Avg: 0.0, Max: 0.0, Diff: 0.0, Sum: 0.0]
      [Object Copy (ms): Min: 0.0, Avg: 0.5, Max: 0.7, Diff: 0.7, Sum: 3.9]
      [Termination (ms): Min: 0.0, Avg: 2.4, Max: 2.8, Diff: 2.8, Sum: 19.5]
         [Termination Attempts: Min: 1, Avg: 2.8, Max: 4, Diff: 3, Sum: 22]
      [GC Worker Other (ms): Min: 0.0, Avg: 0.0, Max: 0.0, Diff: 0.0, Sum: 0.1]
      [GC Worker Total (ms): Min: 5.1, Avg: 5.2, Max: 5.3, Diff: 0.1, Sum: 41.5]
      [GC Worker End (ms): Min: 45700872.8, Avg: 45700872.8, Max: 45700872.8, Diff: 0.0]
   [Code Root Fixup: 0.0 ms]
   [Code Root Purge: 0.0 ms]
   [Clear CT: 0.6 ms]
   [Other: 4.6 ms]
      [Choose CSet: 0.0 ms]
      [Ref Proc: 4.0 ms]
      [Ref Enq: 0.1 ms]
      [Redirty Cards: 0.1 ms]
      [Humongous Register: 0.0 ms]
      [Humongous Reclaim: 0.0 ms]
      [Free CSet: 0.3 ms]
   [Eden: 7152.0M(7152.0M)->0.0B(7152.0M) Survivors: 16384.0K->16384.0K Heap: 9976.4M(14336.0M)->2824.3M(14336.0M)]
 [Times: user=0.05 sys=0.00, real=0.00 secs] 
2022-07-22T10:09:24.462-0700: 46735.967: [GC pause (G1 Evacuation Pause) (young), 0.0104294 secs]
   [Parallel Time: 5.6 ms, GC Workers: 8]
      [GC Worker Start (ms): Min: 46735967.4, Avg: 46735967.5, Max: 46735967.6, Diff: 0.2]
      [Ext Root Scanning (ms): Min: 1.1, Avg: 1.7, Max: 5.1, Diff: 4.1, Sum: 14.0]
      [Update RS (ms): Min: 0.0, Avg: 0.3, Max: 0.6, Diff: 0.6, Sum: 2.5]
         [Processed Buffers: Min: 0, Avg: 22.1, Max: 65, Diff: 65, Sum: 177]
      [Scan RS (ms): Min: 0.0, Avg: 0.1, Max: 0.6, Diff: 0.6, Sum: 1.2]
      [Code Root Scanning (ms): Min: 0.0, Avg: 0.0, Max: 0.0, Diff: 0.0, Sum: 0.0]
      [Object Copy (ms): Min: 0.0, Avg: 0.5, Max: 0.7, Diff: 0.7, Sum: 4.2]
      [Termination (ms): Min: 0.0, Avg: 2.4, Max: 2.7, Diff: 2.7, Sum: 18.8]
         [Termination Attempts: Min: 1, Avg: 4.0, Max: 9, Diff: 8, Sum: 32]
      [GC Worker Other (ms): Min: 0.0, Avg: 0.0, Max: 0.0, Diff: 0.0, Sum: 0.2]
      [GC Worker Total (ms): Min: 5.0, Avg: 5.1, Max: 5.2, Diff: 0.2, Sum: 40.9]
      [GC Worker End (ms): Min: 46735972.6, Avg: 46735972.6, Max: 46735972.7, Diff: 0.0]
   [Code Root Fixup: 0.0 ms]
   [Code Root Purge: 0.0 ms]
   [Clear CT: 0.6 ms]
   [Other: 4.2 ms]
      [Choose CSet: 0.0 ms]
      [Ref Proc: 3.6 ms]
      [Ref Enq: 0.1 ms]
      [Redirty Cards: 0.1 ms]
      [Humongous Register: 0.0 ms]
      [Humongous Reclaim: 0.0 ms]
      [Free CSet: 0.3 ms]
   [Eden: 7152.0M(7152.0M)->0.0B(7152.0M) Survivors: 16384.0K->16384.0K Heap: 9976.3M(14336.0M)->2824.2M(14336.0M)]
 [Times: user=0.05 sys=0.01, real=0.01 secs] 
2022-07-22T10:26:37.062-0700: 47768.567: [GC pause (G1 Evacuation Pause) (young), 0.0102252 secs]
   [Parallel Time: 5.0 ms, GC Workers: 8]
      [GC Worker Start (ms): Min: 47768567.0, Avg: 47768567.1, Max: 47768567.2, Diff: 0.2]
      [Ext Root Scanning (ms): Min: 1.0, Avg: 1.6, Max: 4.8, Diff: 3.8, Sum: 13.1]
      [Update RS (ms): Min: 0.0, Avg: 0.3, Max: 0.7, Diff: 0.7, Sum: 2.3]
         [Processed Buffers: Min: 0, Avg: 21.0, Max: 77, Diff: 77, Sum: 168]
      [Scan RS (ms): Min: 0.0, Avg: 0.1, Max: 0.1, Diff: 0.1, Sum: 0.6]
      [Code Root Scanning (ms): Min: 0.0, Avg: 0.0, Max: 0.0, Diff: 0.0, Sum: 0.0]
      [Object Copy (ms): Min: 0.0, Avg: 0.4, Max: 0.6, Diff: 0.6, Sum: 3.2]
      [Termination (ms): Min: 0.0, Avg: 2.4, Max: 2.7, Diff: 2.7, Sum: 18.9]
         [Termination Attempts: Min: 1, Avg: 1.8, Max: 3, Diff: 2, Sum: 14]
      [GC Worker Other (ms): Min: 0.0, Avg: 0.0, Max: 0.0, Diff: 0.0, Sum: 0.1]
      [GC Worker Total (ms): Min: 4.7, Avg: 4.8, Max: 4.8, Diff: 0.1, Sum: 38.2]
      [GC Worker End (ms): Min: 47768571.9, Avg: 47768571.9, Max: 47768571.9, Diff: 0.0]
   [Code Root Fixup: 0.0 ms]
   [Code Root Purge: 0.0 ms]
   [Clear CT: 0.6 ms]
   [Other: 4.6 ms]
      [Choose CSet: 0.0 ms]
      [Ref Proc: 4.0 ms]
      [Ref Enq: 0.1 ms]
      [Redirty Cards: 0.1 ms]
      [Humongous Register: 0.0 ms]
      [Humongous Reclaim: 0.0 ms]
      [Free CSet: 0.3 ms]
   [Eden: 7152.0M(7152.0M)->0.0B(7152.0M) Survivors: 16384.0K->16384.0K Heap: 9976.2M(14336.0M)->2824.3M(14336.0M)]
 [Times: user=0.05 sys=0.00, real=0.01 secs] 
2022-07-22T10:43:53.440-0700: 48804.945: [GC pause (G1 Evacuation Pause) (young), 0.0114232 secs]
   [Parallel Time: 5.4 ms, GC Workers: 8]
      [GC Worker Start (ms): Min: 48804944.7, Avg: 48804944.8, Max: 48804944.9, Diff: 0.2]
      [Ext Root Scanning (ms): Min: 1.1, Avg: 1.7, Max: 5.1, Diff: 4.0, Sum: 13.9]
      [Update RS (ms): Min: 0.0, Avg: 0.3, Max: 0.7, Diff: 0.7, Sum: 2.5]
         [Processed Buffers: Min: 0, Avg: 22.2, Max: 79, Diff: 79, Sum: 178]
      [Scan RS (ms): Min: 0.0, Avg: 0.1, Max: 0.2, Diff: 0.1, Sum: 0.6]
      [Code Root Scanning (ms): Min: 0.0, Avg: 0.0, Max: 0.0, Diff: 0.0, Sum: 0.0]
      [Object Copy (ms): Min: 0.0, Avg: 0.5, Max: 0.7, Diff: 0.7, Sum: 4.0]
      [Termination (ms): Min: 0.0, Avg: 2.4, Max: 2.7, Diff: 2.7, Sum: 19.0]
         [Termination Attempts: Min: 1, Avg: 1.5, Max: 2, Diff: 1, Sum: 12]
      [GC Worker Other (ms): Min: 0.0, Avg: 0.0, Max: 0.0, Diff: 0.0, Sum: 0.1]
      [GC Worker Total (ms): Min: 5.0, Avg: 5.0, Max: 5.1, Diff: 0.2, Sum: 40.2]
      [GC Worker End (ms): Min: 48804949.8, Avg: 48804949.8, Max: 48804949.8, Diff: 0.0]
   [Code Root Fixup: 0.0 ms]
   [Code Root Purge: 0.0 ms]
   [Clear CT: 0.6 ms]
   [Other: 5.4 ms]
      [Choose CSet: 0.0 ms]
      [Ref Proc: 4.7 ms]
      [Ref Enq: 0.2 ms]
      [Redirty Cards: 0.1 ms]
      [Humongous Register: 0.0 ms]
      [Humongous Reclaim: 0.0 ms]
      [Free CSet: 0.3 ms]
   [Eden: 7152.0M(7152.0M)->0.0B(7152.0M) Survivors: 16384.0K->16384.0K Heap: 9976.3M(14336.0M)->2824.3M(14336.0M)]
 [Times: user=0.05 sys=0.02, real=0.01 secs] 
2022-07-22T11:01:05.863-0700: 49837.368: [GC pause (G1 Evacuation Pause) (young), 0.0113251 secs]
   [Parallel Time: 5.6 ms, GC Workers: 8]
      [GC Worker Start (ms): Min: 49837368.2, Avg: 49837368.3, Max: 49837368.3, Diff: 0.2]
      [Ext Root Scanning (ms): Min: 1.1, Avg: 1.8, Max: 5.4, Diff: 4.3, Sum: 14.3]
      [Update RS (ms): Min: 0.0, Avg: 0.3, Max: 0.8, Diff: 0.8, Sum: 2.6]
         [Processed Buffers: Min: 0, Avg: 21.6, Max: 78, Diff: 78, Sum: 173]
      [Scan RS (ms): Min: 0.0, Avg: 0.1, Max: 0.1, Diff: 0.1, Sum: 0.7]
      [Code Root Scanning (ms): Min: 0.0, Avg: 0.0, Max: 0.0, Diff: 0.0, Sum: 0.0]
      [Object Copy (ms): Min: 0.0, Avg: 0.6, Max: 1.5, Diff: 1.5, Sum: 4.9]
      [Termination (ms): Min: 0.0, Avg: 2.5, Max: 3.0, Diff: 3.0, Sum: 20.2]
         [Termination Attempts: Min: 1, Avg: 1.0, Max: 1, Diff: 0, Sum: 8]
      [GC Worker Other (ms): Min: 0.0, Avg: 0.0, Max: 0.0, Diff: 0.0, Sum: 0.1]
      [GC Worker Total (ms): Min: 5.2, Avg: 5.3, Max: 5.4, Diff: 0.2, Sum: 42.8]
      [GC Worker End (ms): Min: 49837373.6, Avg: 49837373.6, Max: 49837373.6, Diff: 0.0]
   [Code Root Fixup: 0.0 ms]
   [Code Root Purge: 0.0 ms]
   [Clear CT: 0.7 ms]
   [Other: 5.0 ms]
      [Choose CSet: 0.0 ms]
      [Ref Proc: 4.4 ms]
      [Ref Enq: 0.1 ms]
      [Redirty Cards: 0.1 ms]
      [Humongous Register: 0.0 ms]
      [Humongous Reclaim: 0.0 ms]
      [Free CSet: 0.3 ms]
   [Eden: 7152.0M(7152.0M)->0.0B(7152.0M) Survivors: 16384.0K->16384.0K Heap: 9976.3M(14336.0M)->2824.4M(14336.0M)]
 [Times: user=0.05 sys=0.01, real=0.01 secs] 
2022-07-22T11:18:18.862-0700: 50870.367: [GC pause (G1 Evacuation Pause) (young), 0.0107262 secs]
   [Parallel Time: 5.5 ms, GC Workers: 8]
      [GC Worker Start (ms): Min: 50870367.1, Avg: 50870367.1, Max: 50870367.2, Diff: 0.1]
      [Ext Root Scanning (ms): Min: 1.1, Avg: 1.8, Max: 5.2, Diff: 4.0, Sum: 14.3]
      [Update RS (ms): Min: 0.0, Avg: 0.3, Max: 0.7, Diff: 0.7, Sum: 2.5]
         [Processed Buffers: Min: 0, Avg: 21.9, Max: 87, Diff: 87, Sum: 175]
      [Scan RS (ms): Min: 0.0, Avg: 0.1, Max: 0.2, Diff: 0.1, Sum: 0.7]
      [Code Root Scanning (ms): Min: 0.0, Avg: 0.0, Max: 0.0, Diff: 0.0, Sum: 0.0]
      [Object Copy (ms): Min: 0.0, Avg: 0.5, Max: 0.8, Diff: 0.8, Sum: 4.2]
      [Termination (ms): Min: 0.0, Avg: 2.4, Max: 2.8, Diff: 2.8, Sum: 19.4]
         [Termination Attempts: Min: 1, Avg: 1.8, Max: 3, Diff: 2, Sum: 14]
      [GC Worker Other (ms): Min: 0.0, Avg: 0.0, Max: 0.0, Diff: 0.0, Sum: 0.2]
      [GC Worker Total (ms): Min: 5.1, Avg: 5.2, Max: 5.2, Diff: 0.1, Sum: 41.2]
      [GC Worker End (ms): Min: 50870372.3, Avg: 50870372.3, Max: 50870372.3, Diff: 0.0]
   [Code Root Fixup: 0.0 ms]
   [Code Root Purge: 0.0 ms]
   [Clear CT: 0.5 ms]
   [Other: 4.7 ms]
      [Choose CSet: 0.0 ms]
      [Ref Proc: 4.1 ms]
      [Ref Enq: 0.1 ms]
      [Redirty Cards: 0.1 ms]
      [Humongous Register: 0.0 ms]
      [Humongous Reclaim: 0.0 ms]
      [Free CSet: 0.3 ms]
   [Eden: 7152.0M(7152.0M)->0.0B(7152.0M) Survivors: 16384.0K->16384.0K Heap: 9976.4M(14336.0M)->2824.3M(14336.0M)]
 [Times: user=0.05 sys=0.00, real=0.01 secs] 
2022-07-22T11:35:33.261-0700: 51904.766: [GC pause (G1 Evacuation Pause) (young), 0.0096588 secs]
   [Parallel Time: 5.5 ms, GC Workers: 8]
      [GC Worker Start (ms): Min: 51904765.6, Avg: 51904765.8, Max: 51904765.8, Diff: 0.2]
      [Ext Root Scanning (ms): Min: 1.1, Avg: 1.8, Max: 5.3, Diff: 4.2, Sum: 14.3]
      [Update RS (ms): Min: 0.0, Avg: 0.3, Max: 0.8, Diff: 0.8, Sum: 2.6]
         [Processed Buffers: Min: 0, Avg: 21.6, Max: 62, Diff: 62, Sum: 173]
      [Scan RS (ms): Min: 0.0, Avg: 0.1, Max: 0.1, Diff: 0.1, Sum: 0.7]
      [Code Root Scanning (ms): Min: 0.0, Avg: 0.0, Max: 0.0, Diff: 0.0, Sum: 0.0]
      [Object Copy (ms): Min: 0.0, Avg: 0.5, Max: 0.6, Diff: 0.6, Sum: 3.7]
      [Termination (ms): Min: 0.0, Avg: 2.6, Max: 3.0, Diff: 3.0, Sum: 20.6]
         [Termination Attempts: Min: 1, Avg: 1.4, Max: 2, Diff: 1, Sum: 11]
      [GC Worker Other (ms): Min: 0.0, Avg: 0.0, Max: 0.1, Diff: 0.0, Sum: 0.2]
      [GC Worker Total (ms): Min: 5.2, Avg: 5.3, Max: 5.3, Diff: 0.2, Sum: 42.1]
      [GC Worker End (ms): Min: 51904771.0, Avg: 51904771.0, Max: 51904771.0, Diff: 0.1]
   [Code Root Fixup: 0.0 ms]
   [Code Root Purge: 0.0 ms]
   [Clear CT: 0.6 ms]
   [Other: 3.5 ms]
      [Choose CSet: 0.0 ms]
      [Ref Proc: 2.7 ms]
      [Ref Enq: 0.2 ms]
      [Redirty Cards: 0.1 ms]
      [Humongous Register: 0.0 ms]
      [Humongous Reclaim: 0.0 ms]
      [Free CSet: 0.4 ms]
   [Eden: 7152.0M(7152.0M)->0.0B(7152.0M) Survivors: 16384.0K->16384.0K Heap: 9976.3M(14336.0M)->2824.4M(14336.0M)]
 [Times: user=0.05 sys=0.01, real=0.01 secs] 
2022-07-22T11:52:48.662-0700: 52940.167: [GC pause (G1 Evacuation Pause) (young), 0.0106083 secs]
   [Parallel Time: 5.8 ms, GC Workers: 8]
      [GC Worker Start (ms): Min: 52940167.4, Avg: 52940167.5, Max: 52940167.5, Diff: 0.1]
      [Ext Root Scanning (ms): Min: 1.2, Avg: 1.8, Max: 5.4, Diff: 4.2, Sum: 14.8]
      [Update RS (ms): Min: 0.0, Avg: 0.3, Max: 0.7, Diff: 0.7, Sum: 2.6]
         [Processed Buffers: Min: 0, Avg: 22.5, Max: 66, Diff: 66, Sum: 180]
      [Scan RS (ms): Min: 0.0, Avg: 0.1, Max: 0.2, Diff: 0.2, Sum: 0.7]
      [Code Root Scanning (ms): Min: 0.0, Avg: 0.0, Max: 0.0, Diff: 0.0, Sum: 0.0]
      [Object Copy (ms): Min: 0.0, Avg: 0.5, Max: 0.7, Diff: 0.7, Sum: 3.8]
      [Termination (ms): Min: 0.0, Avg: 2.6, Max: 3.0, Diff: 3.0, Sum: 20.9]
         [Termination Attempts: Min: 1, Avg: 1.4, Max: 2, Diff: 1, Sum: 11]
      [GC Worker Other (ms): Min: 0.0, Avg: 0.0, Max: 0.1, Diff: 0.1, Sum: 0.2]
      [GC Worker Total (ms): Min: 5.3, Avg: 5.4, Max: 5.5, Diff: 0.1, Sum: 43.0]
      [GC Worker End (ms): Min: 52940172.8, Avg: 52940172.8, Max: 52940172.9, Diff: 0.1]
   [Code Root Fixup: 0.0 ms]
   [Code Root Purge: 0.0 ms]
   [Clear CT: 0.6 ms]
   [Other: 4.2 ms]
      [Choose CSet: 0.0 ms]
      [Ref Proc: 3.6 ms]
      [Ref Enq: 0.1 ms]
      [Redirty Cards: 0.1 ms]
      [Humongous Register: 0.0 ms]
      [Humongous Reclaim: 0.0 ms]
      [Free CSet: 0.3 ms]
   [Eden: 7152.0M(7152.0M)->0.0B(7152.0M) Survivors: 16384.0K->16384.0K Heap: 9976.4M(14336.0M)->2824.3M(14336.0M)]
 [Times: user=0.05 sys=0.01, real=0.01 secs] 
2022-07-22T12:10:13.862-0700: 53985.366: [GC pause (G1 Evacuation Pause) (young), 0.0103566 secs]
   [Parallel Time: 5.5 ms, GC Workers: 8]
      [GC Worker Start (ms): Min: 53985366.4, Avg: 53985366.5, Max: 53985366.5, Diff: 0.2]
      [Ext Root Scanning (ms): Min: 1.1, Avg: 1.8, Max: 5.2, Diff: 4.1, Sum: 14.1]
      [Update RS (ms): Min: 0.0, Avg: 0.3, Max: 0.7, Diff: 0.7, Sum: 2.4]
         [Processed Buffers: Min: 0, Avg: 21.1, Max: 52, Diff: 52, Sum: 169]
      [Scan RS (ms): Min: 0.0, Avg: 0.1, Max: 0.1, Diff: 0.1, Sum: 0.6]
      [Code Root Scanning (ms): Min: 0.0, Avg: 0.0, Max: 0.0, Diff: 0.0, Sum: 0.0]
      [Object Copy (ms): Min: 0.0, Avg: 0.5, Max: 0.6, Diff: 0.6, Sum: 3.7]
      [Termination (ms): Min: 0.0, Avg: 2.5, Max: 2.9, Diff: 2.9, Sum: 20.2]
         [Termination Attempts: Min: 1, Avg: 1.6, Max: 2, Diff: 1, Sum: 13]
      [GC Worker Other (ms): Min: 0.0, Avg: 0.0, Max: 0.0, Diff: 0.0, Sum: 0.2]
      [GC Worker Total (ms): Min: 5.1, Avg: 5.2, Max: 5.3, Diff: 0.2, Sum: 41.3]
      [GC Worker End (ms): Min: 53985371.6, Avg: 53985371.6, Max: 53985371.6, Diff: 0.0]
   [Code Root Fixup: 0.0 ms]
   [Code Root Purge: 0.0 ms]
   [Clear CT: 0.6 ms]
   [Other: 4.2 ms]
      [Choose CSet: 0.0 ms]
      [Ref Proc: 3.6 ms]
      [Ref Enq: 0.1 ms]
      [Redirty Cards: 0.1 ms]
      [Humongous Register: 0.0 ms]
      [Humongous Reclaim: 0.0 ms]
      [Free CSet: 0.3 ms]
   [Eden: 7152.0M(7152.0M)->0.0B(7152.0M) Survivors: 16384.0K->16384.0K Heap: 9976.3M(14336.0M)->2824.3M(14336.0M)]
 [Times: user=0.06 sys=0.00, real=0.01 secs] 
2022-07-22T12:27:31.663-0700: 55023.167: [GC pause (G1 Evacuation Pause) (young), 0.0103899 secs]
   [Parallel Time: 5.6 ms, GC Workers: 8]
      [GC Worker Start (ms): Min: 55023167.6, Avg: 55023167.7, Max: 55023167.8, Diff: 0.2]
      [Ext Root Scanning (ms): Min: 1.1, Avg: 1.8, Max: 5.2, Diff: 4.1, Sum: 14.3]
      [Update RS (ms): Min: 0.0, Avg: 0.3, Max: 0.8, Diff: 0.8, Sum: 2.6]
         [Processed Buffers: Min: 0, Avg: 20.5, Max: 53, Diff: 53, Sum: 164]
      [Scan RS (ms): Min: 0.0, Avg: 0.1, Max: 0.2, Diff: 0.1, Sum: 0.7]
      [Code Root Scanning (ms): Min: 0.0, Avg: 0.0, Max: 0.1, Diff: 0.1, Sum: 0.1]
      [Object Copy (ms): Min: 0.0, Avg: 0.5, Max: 0.6, Diff: 0.6, Sum: 3.7]
      [Termination (ms): Min: 0.0, Avg: 2.5, Max: 2.8, Diff: 2.8, Sum: 19.8]
         [Termination Attempts: Min: 1, Avg: 1.0, Max: 1, Diff: 0, Sum: 8]
      [GC Worker Other (ms): Min: 0.0, Avg: 0.0, Max: 0.0, Diff: 0.0, Sum: 0.1]
      [GC Worker Total (ms): Min: 5.1, Avg: 5.2, Max: 5.3, Diff: 0.2, Sum: 41.3]
      [GC Worker End (ms): Min: 55023172.9, Avg: 55023172.9, Max: 55023172.9, Diff: 0.0]
   [Code Root Fixup: 0.0 ms]
   [Code Root Purge: 0.0 ms]
   [Clear CT: 0.6 ms]
   [Other: 4.1 ms]
      [Choose CSet: 0.0 ms]
      [Ref Proc: 3.5 ms]
      [Ref Enq: 0.1 ms]
      [Redirty Cards: 0.1 ms]
      [Humongous Register: 0.0 ms]
      [Humongous Reclaim: 0.0 ms]
      [Free CSet: 0.3 ms]
   [Eden: 7152.0M(7152.0M)->0.0B(7152.0M) Survivors: 16384.0K->16384.0K Heap: 9976.3M(14336.0M)->2824.4M(14336.0M)]
 [Times: user=0.05 sys=0.01, real=0.00 secs] 
2022-07-22T12:44:52.312-0700: 56063.816: [GC pause (G1 Evacuation Pause) (young), 0.0109207 secs]
   [Parallel Time: 5.5 ms, GC Workers: 8]
      [GC Worker Start (ms): Min: 56063816.5, Avg: 56063816.7, Max: 56063816.7, Diff: 0.2]
      [Ext Root Scanning (ms): Min: 1.1, Avg: 1.8, Max: 5.2, Diff: 4.1, Sum: 14.5]
      [Update RS (ms): Min: 0.0, Avg: 0.3, Max: 0.7, Diff: 0.7, Sum: 2.6]
         [Processed Buffers: Min: 0, Avg: 21.4, Max: 54, Diff: 54, Sum: 171]
      [Scan RS (ms): Min: 0.0, Avg: 0.1, Max: 0.2, Diff: 0.1, Sum: 0.7]
      [Code Root Scanning (ms): Min: 0.0, Avg: 0.0, Max: 0.1, Diff: 0.1, Sum: 0.1]
      [Object Copy (ms): Min: 0.0, Avg: 0.6, Max: 1.7, Diff: 1.7, Sum: 5.0]
      [Termination (ms): Min: 0.0, Avg: 2.2, Max: 2.7, Diff: 2.7, Sum: 17.9]
         [Termination Attempts: Min: 1, Avg: 2.1, Max: 5, Diff: 4, Sum: 17]
      [GC Worker Other (ms): Min: 0.0, Avg: 0.0, Max: 0.0, Diff: 0.0, Sum: 0.1]
      [GC Worker Total (ms): Min: 5.0, Avg: 5.1, Max: 5.2, Diff: 0.2, Sum: 40.9]
      [GC Worker End (ms): Min: 56063821.7, Avg: 56063821.8, Max: 56063821.8, Diff: 0.0]
   [Code Root Fixup: 0.0 ms]
   [Code Root Purge: 0.0 ms]
   [Clear CT: 0.6 ms]
   [Other: 4.9 ms]
      [Choose CSet: 0.0 ms]
      [Ref Proc: 4.1 ms]
      [Ref Enq: 0.2 ms]
      [Redirty Cards: 0.1 ms]
      [Humongous Register: 0.0 ms]
      [Humongous Reclaim: 0.0 ms]
      [Free CSet: 0.3 ms]
   [Eden: 7152.0M(7152.0M)->0.0B(7152.0M) Survivors: 16384.0K->16384.0K Heap: 9976.4M(14336.0M)->2824.3M(14336.0M)]
 [Times: user=0.05 sys=0.01, real=0.02 secs] 
2022-07-22T13:02:14.449-0700: 57105.954: [GC pause (G1 Evacuation Pause) (young), 0.0115535 secs]
   [Parallel Time: 5.9 ms, GC Workers: 8]
      [GC Worker Start (ms): Min: 57105953.7, Avg: 57105953.9, Max: 57105954.0, Diff: 0.2]
      [Ext Root Scanning (ms): Min: 1.1, Avg: 1.8, Max: 5.6, Diff: 4.5, Sum: 14.6]
      [Update RS (ms): Min: 0.0, Avg: 0.3, Max: 0.7, Diff: 0.7, Sum: 2.5]
         [Processed Buffers: Min: 0, Avg: 22.8, Max: 52, Diff: 52, Sum: 182]
      [Scan RS (ms): Min: 0.0, Avg: 0.1, Max: 0.2, Diff: 0.1, Sum: 0.7]
      [Code Root Scanning (ms): Min: 0.0, Avg: 0.0, Max: 0.0, Diff: 0.0, Sum: 0.0]
      [Object Copy (ms): Min: 0.0, Avg: 0.5, Max: 0.6, Diff: 0.6, Sum: 3.7]
      [Termination (ms): Min: 0.0, Avg: 2.8, Max: 3.2, Diff: 3.2, Sum: 22.6]
         [Termination Attempts: Min: 1, Avg: 2.5, Max: 4, Diff: 3, Sum: 20]
      [GC Worker Other (ms): Min: 0.0, Avg: 0.0, Max: 0.1, Diff: 0.1, Sum: 0.2]
      [GC Worker Total (ms): Min: 5.5, Avg: 5.5, Max: 5.6, Diff: 0.2, Sum: 44.3]
      [GC Worker End (ms): Min: 57105959.4, Avg: 57105959.4, Max: 57105959.4, Diff: 0.1]
   [Code Root Fixup: 0.0 ms]
   [Code Root Purge: 0.0 ms]
   [Clear CT: 0.6 ms]
   [Other: 5.0 ms]
      [Choose CSet: 0.0 ms]
      [Ref Proc: 4.3 ms]
      [Ref Enq: 0.2 ms]
      [Redirty Cards: 0.1 ms]
      [Humongous Register: 0.0 ms]
      [Humongous Reclaim: 0.0 ms]
      [Free CSet: 0.3 ms]
   [Eden: 7152.0M(7152.0M)->0.0B(7152.0M) Survivors: 16384.0K->16384.0K Heap: 9976.3M(14336.0M)->2824.3M(14336.0M)]
 [Times: user=0.06 sys=0.00, real=0.01 secs] 
2022-07-22T13:19:35.562-0700: 58147.067: [GC pause (G1 Evacuation Pause) (young), 0.0109006 secs]
   [Parallel Time: 5.9 ms, GC Workers: 8]
      [GC Worker Start (ms): Min: 58147067.2, Avg: 58147067.2, Max: 58147067.3, Diff: 0.2]
      [Ext Root Scanning (ms): Min: 1.1, Avg: 1.8, Max: 5.5, Diff: 4.4, Sum: 14.6]
      [Update RS (ms): Min: 0.0, Avg: 0.3, Max: 0.8, Diff: 0.8, Sum: 2.6]
         [Processed Buffers: Min: 0, Avg: 20.6, Max: 54, Diff: 54, Sum: 165]
      [Scan RS (ms): Min: 0.0, Avg: 0.1, Max: 0.1, Diff: 0.1, Sum: 0.7]
      [Code Root Scanning (ms): Min: 0.0, Avg: 0.0, Max: 0.0, Diff: 0.0, Sum: 0.1]
      [Object Copy (ms): Min: 0.0, Avg: 0.5, Max: 0.7, Diff: 0.7, Sum: 3.9]
      [Termination (ms): Min: 0.0, Avg: 2.7, Max: 3.1, Diff: 3.1, Sum: 21.8]
         [Termination Attempts: Min: 1, Avg: 2.1, Max: 4, Diff: 3, Sum: 17]
      [GC Worker Other (ms): Min: 0.0, Avg: 0.0, Max: 0.0, Diff: 0.0, Sum: 0.2]
      [GC Worker Total (ms): Min: 5.4, Avg: 5.5, Max: 5.5, Diff: 0.2, Sum: 43.7]
      [GC Worker End (ms): Min: 58147072.7, Avg: 58147072.7, Max: 58147072.7, Diff: 0.0]
   [Code Root Fixup: 0.0 ms]
   [Code Root Purge: 0.0 ms]
   [Clear CT: 0.6 ms]
   [Other: 4.5 ms]
      [Choose CSet: 0.0 ms]
      [Ref Proc: 3.8 ms]
      [Ref Enq: 0.1 ms]
      [Redirty Cards: 0.1 ms]
      [Humongous Register: 0.1 ms]
      [Humongous Reclaim: 0.0 ms]
      [Free CSet: 0.3 ms]
   [Eden: 7152.0M(7152.0M)->0.0B(7152.0M) Survivors: 16384.0K->16384.0K Heap: 9976.3M(14336.0M)->2824.4M(14336.0M)]
 [Times: user=0.06 sys=0.00, real=0.01 secs] 
2022-07-22T13:36:50.611-0700: 59182.116: [GC pause (G1 Evacuation Pause) (young), 0.0108030 secs]
   [Parallel Time: 5.8 ms, GC Workers: 8]
      [GC Worker Start (ms): Min: 59182115.9, Avg: 59182116.0, Max: 59182116.1, Diff: 0.2]
      [Ext Root Scanning (ms): Min: 1.2, Avg: 1.8, Max: 5.5, Diff: 4.3, Sum: 14.8]
      [Update RS (ms): Min: 0.0, Avg: 0.3, Max: 0.7, Diff: 0.7, Sum: 2.6]
         [Processed Buffers: Min: 0, Avg: 23.1, Max: 64, Diff: 64, Sum: 185]
      [Scan RS (ms): Min: 0.0, Avg: 0.1, Max: 0.2, Diff: 0.1, Sum: 0.7]
      [Code Root Scanning (ms): Min: 0.0, Avg: 0.0, Max: 0.0, Diff: 0.0, Sum: 0.1]
      [Object Copy (ms): Min: 0.0, Avg: 0.5, Max: 0.7, Diff: 0.7, Sum: 4.0]
      [Termination (ms): Min: 0.0, Avg: 2.6, Max: 3.0, Diff: 3.0, Sum: 21.2]
         [Termination Attempts: Min: 1, Avg: 2.5, Max: 6, Diff: 5, Sum: 20]
      [GC Worker Other (ms): Min: 0.0, Avg: 0.0, Max: 0.1, Diff: 0.1, Sum: 0.3]
      [GC Worker Total (ms): Min: 5.4, Avg: 5.5, Max: 5.5, Diff: 0.2, Sum: 43.6]
      [GC Worker End (ms): Min: 59182121.4, Avg: 59182121.4, Max: 59182121.5, Diff: 0.1]
   [Code Root Fixup: 0.0 ms]
   [Code Root Purge: 0.0 ms]
   [Clear CT: 0.6 ms]
   [Other: 4.4 ms]
      [Choose CSet: 0.0 ms]
      [Ref Proc: 3.7 ms]
      [Ref Enq: 0.1 ms]
      [Redirty Cards: 0.1 ms]
      [Humongous Register: 0.0 ms]
      [Humongous Reclaim: 0.0 ms]
      [Free CSet: 0.3 ms]
   [Eden: 7152.0M(7152.0M)->0.0B(7152.0M) Survivors: 16384.0K->16384.0K Heap: 9976.4M(14336.0M)->2824.4M(14336.0M)]
 [Times: user=0.05 sys=0.00, real=0.01 secs] 
2022-07-22T13:54:11.961-0700: 60223.466: [GC pause (G1 Evacuation Pause) (young), 0.0115610 secs]
   [Parallel Time: 6.0 ms, GC Workers: 8]
      [GC Worker Start (ms): Min: 60223465.7, Avg: 60223465.8, Max: 60223465.9, Diff: 0.2]
      [Ext Root Scanning (ms): Min: 1.1, Avg: 1.8, Max: 5.7, Diff: 4.5, Sum: 14.8]
      [Update RS (ms): Min: 0.0, Avg: 0.3, Max: 0.7, Diff: 0.7, Sum: 2.6]
         [Processed Buffers: Min: 0, Avg: 21.9, Max: 57, Diff: 57, Sum: 175]
      [Scan RS (ms): Min: 0.0, Avg: 0.1, Max: 0.2, Diff: 0.1, Sum: 0.7]
      [Code Root Scanning (ms): Min: 0.0, Avg: 0.0, Max: 0.0, Diff: 0.0, Sum: 0.0]
      [Object Copy (ms): Min: 0.0, Avg: 0.5, Max: 0.6, Diff: 0.6, Sum: 3.8]
      [Termination (ms): Min: 0.0, Avg: 2.9, Max: 3.3, Diff: 3.3, Sum: 23.1]
         [Termination Attempts: Min: 1, Avg: 1.2, Max: 2, Diff: 1, Sum: 10]
      [GC Worker Other (ms): Min: 0.0, Avg: 0.0, Max: 0.0, Diff: 0.0, Sum: 0.1]
      [GC Worker Total (ms): Min: 5.5, Avg: 5.6, Max: 5.7, Diff: 0.1, Sum: 45.0]
      [GC Worker End (ms): Min: 60223471.4, Avg: 60223471.5, Max: 60223471.5, Diff: 0.0]
   [Code Root Fixup: 0.0 ms]
   [Code Root Purge: 0.0 ms]
   [Clear CT: 0.6 ms]
   [Other: 5.0 ms]
      [Choose CSet: 0.0 ms]
      [Ref Proc: 4.3 ms]
      [Ref Enq: 0.2 ms]
      [Redirty Cards: 0.1 ms]
      [Humongous Register: 0.0 ms]
      [Humongous Reclaim: 0.0 ms]
      [Free CSet: 0.3 ms]
   [Eden: 7152.0M(7152.0M)->0.0B(7152.0M) Survivors: 16384.0K->16384.0K Heap: 9976.4M(14336.0M)->2824.4M(14336.0M)]
 [Times: user=0.06 sys=0.00, real=0.01 secs] 
2022-07-22T14:11:30.661-0700: 61262.166: [GC pause (G1 Evacuation Pause) (young), 0.0110653 secs]
   [Parallel Time: 5.2 ms, GC Workers: 8]
      [GC Worker Start (ms): Min: 61262165.9, Avg: 61262166.0, Max: 61262166.1, Diff: 0.1]
      [Ext Root Scanning (ms): Min: 1.1, Avg: 1.8, Max: 5.0, Diff: 3.9, Sum: 14.1]
      [Update RS (ms): Min: 0.0, Avg: 0.3, Max: 0.6, Diff: 0.6, Sum: 2.2]
         [Processed Buffers: Min: 0, Avg: 21.5, Max: 58, Diff: 58, Sum: 172]
      [Scan RS (ms): Min: 0.0, Avg: 0.1, Max: 0.1, Diff: 0.1, Sum: 0.6]
      [Code Root Scanning (ms): Min: 0.0, Avg: 0.0, Max: 0.0, Diff: 0.0, Sum: 0.0]
      [Object Copy (ms): Min: 0.0, Avg: 0.4, Max: 0.6, Diff: 0.6, Sum: 3.5]
      [Termination (ms): Min: 0.0, Avg: 2.4, Max: 2.8, Diff: 2.8, Sum: 19.3]
         [Termination Attempts: Min: 1, Avg: 1.0, Max: 1, Diff: 0, Sum: 8]
      [GC Worker Other (ms): Min: 0.0, Avg: 0.0, Max: 0.0, Diff: 0.0, Sum: 0.2]
      [GC Worker Total (ms): Min: 4.9, Avg: 5.0, Max: 5.1, Diff: 0.1, Sum: 40.0]
      [GC Worker End (ms): Min: 61262171.0, Avg: 61262171.0, Max: 61262171.0, Diff: 0.1]
   [Code Root Fixup: 0.0 ms]
   [Code Root Purge: 0.0 ms]
   [Clear CT: 0.6 ms]
   [Other: 5.2 ms]
      [Choose CSet: 0.0 ms]
      [Ref Proc: 4.6 ms]
      [Ref Enq: 0.1 ms]
      [Redirty Cards: 0.1 ms]
      [Humongous Register: 0.0 ms]
      [Humongous Reclaim: 0.0 ms]
      [Free CSet: 0.3 ms]
   [Eden: 7152.0M(7152.0M)->0.0B(7152.0M) Survivors: 16384.0K->16384.0K Heap: 9976.4M(14336.0M)->2824.4M(14336.0M)]
 [Times: user=0.06 sys=0.00, real=0.01 secs] 
2022-07-22T14:28:36.001-0700: 62287.506: [GC pause (G1 Evacuation Pause) (young), 0.0111983 secs]
   [Parallel Time: 5.9 ms, GC Workers: 8]
      [GC Worker Start (ms): Min: 62287506.2, Avg: 62287506.3, Max: 62287506.4, Diff: 0.2]
      [Ext Root Scanning (ms): Min: 1.1, Avg: 1.9, Max: 5.6, Diff: 4.4, Sum: 14.9]
      [Update RS (ms): Min: 0.0, Avg: 0.3, Max: 0.7, Diff: 0.7, Sum: 2.5]
         [Processed Buffers: Min: 0, Avg: 22.0, Max: 57, Diff: 57, Sum: 176]
      [Scan RS (ms): Min: 0.0, Avg: 0.1, Max: 0.2, Diff: 0.1, Sum: 0.7]
      [Code Root Scanning (ms): Min: 0.0, Avg: 0.0, Max: 0.0, Diff: 0.0, Sum: 0.0]
      [Object Copy (ms): Min: 0.0, Avg: 0.5, Max: 0.7, Diff: 0.7, Sum: 3.8]
      [Termination (ms): Min: 0.0, Avg: 2.8, Max: 3.2, Diff: 3.2, Sum: 22.1]
         [Termination Attempts: Min: 1, Avg: 3.1, Max: 5, Diff: 4, Sum: 25]
      [GC Worker Other (ms): Min: 0.0, Avg: 0.0, Max: 0.0, Diff: 0.0, Sum: 0.1]
      [GC Worker Total (ms): Min: 5.5, Avg: 5.5, Max: 5.6, Diff: 0.2, Sum: 44.2]
      [GC Worker End (ms): Min: 62287511.8, Avg: 62287511.8, Max: 62287511.8, Diff: 0.0]
   [Code Root Fixup: 0.0 ms]
   [Code Root Purge: 0.0 ms]
   [Clear CT: 0.6 ms]
   [Other: 4.6 ms]
      [Choose CSet: 0.0 ms]
      [Ref Proc: 4.1 ms]
      [Ref Enq: 0.1 ms]
      [Redirty Cards: 0.1 ms]
      [Humongous Register: 0.0 ms]
      [Humongous Reclaim: 0.0 ms]
      [Free CSet: 0.3 ms]
   [Eden: 7152.0M(7152.0M)->0.0B(7152.0M) Survivors: 16384.0K->16384.0K Heap: 9976.4M(14336.0M)->2824.3M(14336.0M)]
 [Times: user=0.06 sys=0.00, real=0.01 secs] 
2022-07-22T14:45:58.360-0700: 63329.865: [GC pause (G1 Evacuation Pause) (young), 0.0111470 secs]
   [Parallel Time: 5.5 ms, GC Workers: 8]
      [GC Worker Start (ms): Min: 63329865.0, Avg: 63329865.1, Max: 63329865.2, Diff: 0.2]
      [Ext Root Scanning (ms): Min: 1.1, Avg: 1.8, Max: 5.1, Diff: 4.0, Sum: 14.1]
      [Update RS (ms): Min: 0.0, Avg: 0.3, Max: 0.7, Diff: 0.7, Sum: 2.6]
         [Processed Buffers: Min: 0, Avg: 20.8, Max: 56, Diff: 56, Sum: 166]
      [Scan RS (ms): Min: 0.0, Avg: 0.1, Max: 0.1, Diff: 0.1, Sum: 0.7]
      [Code Root Scanning (ms): Min: 0.0, Avg: 0.0, Max: 0.0, Diff: 0.0, Sum: 0.0]
      [Object Copy (ms): Min: 0.0, Avg: 0.5, Max: 0.7, Diff: 0.7, Sum: 3.9]
      [Termination (ms): Min: 0.0, Avg: 2.4, Max: 2.8, Diff: 2.8, Sum: 19.2]
         [Termination Attempts: Min: 1, Avg: 1.9, Max: 3, Diff: 2, Sum: 15]
      [GC Worker Other (ms): Min: 0.0, Avg: 0.0, Max: 0.0, Diff: 0.0, Sum: 0.1]
      [GC Worker Total (ms): Min: 5.0, Avg: 5.1, Max: 5.2, Diff: 0.2, Sum: 40.7]
      [GC Worker End (ms): Min: 63329870.2, Avg: 63329870.2, Max: 63329870.2, Diff: 0.0]
   [Code Root Fixup: 0.0 ms]
   [Code Root Purge: 0.0 ms]
   [Clear CT: 0.7 ms]
   [Other: 5.0 ms]
      [Choose CSet: 0.0 ms]
      [Ref Proc: 4.3 ms]
      [Ref Enq: 0.1 ms]
      [Redirty Cards: 0.1 ms]
      [Humongous Register: 0.0 ms]
      [Humongous Reclaim: 0.0 ms]
      [Free CSet: 0.3 ms]
   [Eden: 7152.0M(7152.0M)->0.0B(7152.0M) Survivors: 16384.0K->16384.0K Heap: 9976.3M(14336.0M)->2824.5M(14336.0M)]
 [Times: user=0.05 sys=0.00, real=0.01 secs] 
2022-07-22T15:03:03.112-0700: 64354.617: [GC pause (G1 Evacuation Pause) (young), 0.0103217 secs]
   [Parallel Time: 5.0 ms, GC Workers: 8]
      [GC Worker Start (ms): Min: 64354617.3, Avg: 64354617.3, Max: 64354617.4, Diff: 0.1]
      [Ext Root Scanning (ms): Min: 0.9, Avg: 1.6, Max: 4.7, Diff: 3.8, Sum: 12.6]
      [Update RS (ms): Min: 0.0, Avg: 0.3, Max: 0.6, Diff: 0.6, Sum: 2.1]
         [Processed Buffers: Min: 0, Avg: 21.6, Max: 53, Diff: 53, Sum: 173]
      [Scan RS (ms): Min: 0.0, Avg: 0.1, Max: 0.2, Diff: 0.1, Sum: 0.6]
      [Code Root Scanning (ms): Min: 0.0, Avg: 0.0, Max: 0.0, Diff: 0.0, Sum: 0.0]
      [Object Copy (ms): Min: 0.0, Avg: 0.4, Max: 0.6, Diff: 0.6, Sum: 3.2]
      [Termination (ms): Min: 0.0, Avg: 2.4, Max: 2.7, Diff: 2.7, Sum: 19.1]
         [Termination Attempts: Min: 1, Avg: 1.6, Max: 2, Diff: 1, Sum: 13]
      [GC Worker Other (ms): Min: 0.0, Avg: 0.0, Max: 0.0, Diff: 0.0, Sum: 0.2]
      [GC Worker Total (ms): Min: 4.6, Avg: 4.7, Max: 4.8, Diff: 0.1, Sum: 37.7]
      [GC Worker End (ms): Min: 64354622.0, Avg: 64354622.0, Max: 64354622.1, Diff: 0.0]
   [Code Root Fixup: 0.0 ms]
   [Code Root Purge: 0.0 ms]
   [Clear CT: 0.6 ms]
   [Other: 4.7 ms]
      [Choose CSet: 0.0 ms]
      [Ref Proc: 4.0 ms]
      [Ref Enq: 0.1 ms]
      [Redirty Cards: 0.1 ms]
      [Humongous Register: 0.0 ms]
      [Humongous Reclaim: 0.0 ms]
      [Free CSet: 0.3 ms]
   [Eden: 7152.0M(7152.0M)->0.0B(7152.0M) Survivors: 16384.0K->16384.0K Heap: 9976.5M(14336.0M)->2824.4M(14336.0M)]
 [Times: user=0.05 sys=0.00, real=0.02 secs] 
2022-07-22T15:20:33.312-0700: 65404.816: [GC pause (G1 Evacuation Pause) (young), 0.0109632 secs]
   [Parallel Time: 5.2 ms, GC Workers: 8]
      [GC Worker Start (ms): Min: 65404816.5, Avg: 65404816.6, Max: 65404816.6, Diff: 0.2]
      [Ext Root Scanning (ms): Min: 1.0, Avg: 1.7, Max: 5.0, Diff: 3.9, Sum: 13.4]
      [Update RS (ms): Min: 0.0, Avg: 0.3, Max: 0.7, Diff: 0.7, Sum: 2.4]
         [Processed Buffers: Min: 0, Avg: 22.0, Max: 51, Diff: 51, Sum: 176]
      [Scan RS (ms): Min: 0.0, Avg: 0.1, Max: 0.2, Diff: 0.1, Sum: 0.6]
      [Code Root Scanning (ms): Min: 0.0, Avg: 0.0, Max: 0.0, Diff: 0.0, Sum: 0.0]
      [Object Copy (ms): Min: 0.0, Avg: 0.5, Max: 0.6, Diff: 0.6, Sum: 3.9]
      [Termination (ms): Min: 0.0, Avg: 2.4, Max: 2.7, Diff: 2.7, Sum: 18.9]
         [Termination Attempts: Min: 1, Avg: 1.0, Max: 1, Diff: 0, Sum: 8]
      [GC Worker Other (ms): Min: 0.0, Avg: 0.0, Max: 0.1, Diff: 0.1, Sum: 0.2]
      [GC Worker Total (ms): Min: 4.9, Avg: 4.9, Max: 5.0, Diff: 0.1, Sum: 39.5]
      [GC Worker End (ms): Min: 65404821.5, Avg: 65404821.5, Max: 65404821.5, Diff: 0.1]
   [Code Root Fixup: 0.0 ms]
   [Code Root Purge: 0.0 ms]
   [Clear CT: 0.6 ms]
   [Other: 5.2 ms]
      [Choose CSet: 0.0 ms]
      [Ref Proc: 4.6 ms]
      [Ref Enq: 0.1 ms]
      [Redirty Cards: 0.1 ms]
      [Humongous Register: 0.0 ms]
      [Humongous Reclaim: 0.0 ms]
      [Free CSet: 0.3 ms]
   [Eden: 7152.0M(7152.0M)->0.0B(7152.0M) Survivors: 16384.0K->16384.0K Heap: 9976.4M(14336.0M)->2824.5M(14336.0M)]
 [Times: user=0.05 sys=0.00, real=0.02 secs] 
2022-07-22T15:37:52.111-0700: 66443.616: [GC pause (G1 Evacuation Pause) (young), 0.0105187 secs]
   [Parallel Time: 5.2 ms, GC Workers: 8]
      [GC Worker Start (ms): Min: 66443615.9, Avg: 66443616.0, Max: 66443616.1, Diff: 0.1]
      [Ext Root Scanning (ms): Min: 1.1, Avg: 1.7, Max: 4.9, Diff: 3.8, Sum: 13.9]
      [Update RS (ms): Min: 0.0, Avg: 0.3, Max: 0.7, Diff: 0.7, Sum: 2.6]
         [Processed Buffers: Min: 0, Avg: 21.4, Max: 51, Diff: 51, Sum: 171]
      [Scan RS (ms): Min: 0.0, Avg: 0.1, Max: 0.1, Diff: 0.1, Sum: 0.6]
      [Code Root Scanning (ms): Min: 0.0, Avg: 0.0, Max: 0.0, Diff: 0.0, Sum: 0.0]
      [Object Copy (ms): Min: 0.0, Avg: 0.5, Max: 0.7, Diff: 0.7, Sum: 4.0]
      [Termination (ms): Min: 0.0, Avg: 2.2, Max: 2.6, Diff: 2.6, Sum: 17.9]
         [Termination Attempts: Min: 1, Avg: 1.2, Max: 2, Diff: 1, Sum: 10]
      [GC Worker Other (ms): Min: 0.0, Avg: 0.0, Max: 0.1, Diff: 0.0, Sum: 0.2]
      [GC Worker Total (ms): Min: 4.8, Avg: 4.9, Max: 5.0, Diff: 0.1, Sum: 39.2]
      [GC Worker End (ms): Min: 66443620.9, Avg: 66443620.9, Max: 66443620.9, Diff: 0.0]
   [Code Root Fixup: 0.0 ms]
   [Code Root Purge: 0.0 ms]
   [Clear CT: 0.6 ms]
   [Other: 4.7 ms]
      [Choose CSet: 0.0 ms]
      [Ref Proc: 4.1 ms]
      [Ref Enq: 0.1 ms]
      [Redirty Cards: 0.1 ms]
      [Humongous Register: 0.1 ms]
      [Humongous Reclaim: 0.0 ms]
      [Free CSet: 0.3 ms]
   [Eden: 7152.0M(7152.0M)->0.0B(7152.0M) Survivors: 16384.0K->16384.0K Heap: 9976.5M(14336.0M)->2824.4M(14336.0M)]
 [Times: user=0.05 sys=0.00, real=0.01 secs] 
2022-07-22T15:55:10.562-0700: 67482.066: [GC pause (G1 Evacuation Pause) (young), 0.0109257 secs]
   [Parallel Time: 5.7 ms, GC Workers: 8]
      [GC Worker Start (ms): Min: 67482066.5, Avg: 67482066.6, Max: 67482066.7, Diff: 0.2]
      [Ext Root Scanning (ms): Min: 1.1, Avg: 1.8, Max: 5.4, Diff: 4.3, Sum: 14.4]
      [Update RS (ms): Min: 0.0, Avg: 0.3, Max: 0.6, Diff: 0.6, Sum: 2.2]
         [Processed Buffers: Min: 0, Avg: 21.9, Max: 61, Diff: 61, Sum: 175]
      [Scan RS (ms): Min: 0.0, Avg: 0.1, Max: 0.2, Diff: 0.1, Sum: 0.6]
      [Code Root Scanning (ms): Min: 0.0, Avg: 0.0, Max: 0.0, Diff: 0.0, Sum: 0.0]
      [Object Copy (ms): Min: 0.0, Avg: 0.6, Max: 1.3, Diff: 1.3, Sum: 4.6]
      [Termination (ms): Min: 0.0, Avg: 2.6, Max: 3.0, Diff: 3.0, Sum: 21.1]
         [Termination Attempts: Min: 1, Avg: 1.5, Max: 2, Diff: 1, Sum: 12]
      [GC Worker Other (ms): Min: 0.0, Avg: 0.0, Max: 0.0, Diff: 0.0, Sum: 0.1]
      [GC Worker Total (ms): Min: 5.3, Avg: 5.4, Max: 5.5, Diff: 0.2, Sum: 43.0]
      [GC Worker End (ms): Min: 67482072.0, Avg: 67482072.0, Max: 67482072.0, Diff: 0.0]
   [Code Root Fixup: 0.0 ms]
   [Code Root Purge: 0.0 ms]
   [Clear CT: 0.7 ms]
   [Other: 4.5 ms]
      [Choose CSet: 0.0 ms]
      [Ref Proc: 3.9 ms]
      [Ref Enq: 0.1 ms]
      [Redirty Cards: 0.1 ms]
      [Humongous Register: 0.0 ms]
      [Humongous Reclaim: 0.0 ms]
      [Free CSet: 0.3 ms]
   [Eden: 7152.0M(7152.0M)->0.0B(7152.0M) Survivors: 16384.0K->16384.0K Heap: 9976.4M(14336.0M)->2824.5M(14336.0M)]
 [Times: user=0.05 sys=0.00, real=0.01 secs] 
2022-07-22T16:12:26.511-0700: 68518.016: [GC pause (G1 Evacuation Pause) (young), 0.0141036 secs]
   [Parallel Time: 10.6 ms, GC Workers: 8]
      [GC Worker Start (ms): Min: 68518015.8, Avg: 68518015.9, Max: 68518016.0, Diff: 0.2]
      [Ext Root Scanning (ms): Min: 0.8, Avg: 1.8, Max: 5.4, Diff: 4.6, Sum: 14.4]
      [Update RS (ms): Min: 0.0, Avg: 0.3, Max: 0.8, Diff: 0.8, Sum: 2.5]
         [Processed Buffers: Min: 0, Avg: 21.1, Max: 63, Diff: 63, Sum: 169]
      [Scan RS (ms): Min: 0.0, Avg: 0.1, Max: 0.1, Diff: 0.1, Sum: 0.6]
      [Code Root Scanning (ms): Min: 0.0, Avg: 0.0, Max: 0.0, Diff: 0.0, Sum: 0.0]
      [Object Copy (ms): Min: 0.0, Avg: 1.6, Max: 9.4, Diff: 9.4, Sum: 13.1]
      [Termination (ms): Min: 0.0, Avg: 6.5, Max: 7.9, Diff: 7.9, Sum: 51.8]
         [Termination Attempts: Min: 1, Avg: 1.0, Max: 1, Diff: 0, Sum: 8]
      [GC Worker Other (ms): Min: 0.0, Avg: 0.0, Max: 0.0, Diff: 0.0, Sum: 0.1]
      [GC Worker Total (ms): Min: 10.2, Avg: 10.3, Max: 10.4, Diff: 0.2, Sum: 82.6]
      [GC Worker End (ms): Min: 68518026.2, Avg: 68518026.2, Max: 68518026.3, Diff: 0.1]
   [Code Root Fixup: 0.0 ms]
   [Code Root Purge: 0.0 ms]
   [Clear CT: 0.6 ms]
   [Other: 2.9 ms]
      [Choose CSet: 0.0 ms]
      [Ref Proc: 2.4 ms]
      [Ref Enq: 0.1 ms]
      [Redirty Cards: 0.1 ms]
      [Humongous Register: 0.0 ms]
      [Humongous Reclaim: 0.0 ms]
      [Free CSet: 0.3 ms]
   [Eden: 7152.0M(7152.0M)->0.0B(7152.0M) Survivors: 16384.0K->16384.0K Heap: 9976.5M(14336.0M)->2824.4M(14336.0M)]
 [Times: user=0.08 sys=0.00, real=0.02 secs] 
2022-07-22T16:29:36.061-0700: 69547.566: [GC pause (G1 Evacuation Pause) (young), 0.0110528 secs]
   [Parallel Time: 5.5 ms, GC Workers: 8]
      [GC Worker Start (ms): Min: 69547565.8, Avg: 69547565.9, Max: 69547566.0, Diff: 0.2]
      [Ext Root Scanning (ms): Min: 1.1, Avg: 1.8, Max: 5.1, Diff: 4.0, Sum: 14.2]
      [Update RS (ms): Min: 0.0, Avg: 0.3, Max: 0.7, Diff: 0.7, Sum: 2.5]
         [Processed Buffers: Min: 0, Avg: 21.4, Max: 82, Diff: 82, Sum: 171]
      [Scan RS (ms): Min: 0.0, Avg: 0.1, Max: 0.1, Diff: 0.1, Sum: 0.6]
      [Code Root Scanning (ms): Min: 0.0, Avg: 0.0, Max: 0.0, Diff: 0.0, Sum: 0.0]
      [Object Copy (ms): Min: 0.0, Avg: 0.5, Max: 0.7, Diff: 0.7, Sum: 3.7]
      [Termination (ms): Min: 0.0, Avg: 2.5, Max: 2.9, Diff: 2.9, Sum: 19.9]
         [Termination Attempts: Min: 1, Avg: 1.1, Max: 2, Diff: 1, Sum: 9]
      [GC Worker Other (ms): Min: 0.0, Avg: 0.0, Max: 0.0, Diff: 0.0, Sum: 0.1]
      [GC Worker Total (ms): Min: 5.0, Avg: 5.1, Max: 5.2, Diff: 0.2, Sum: 41.1]
      [GC Worker End (ms): Min: 69547571.0, Avg: 69547571.0, Max: 69547571.1, Diff: 0.0]
   [Code Root Fixup: 0.0 ms]
   [Code Root Purge: 0.0 ms]
   [Clear CT: 0.6 ms]
   [Other: 5.0 ms]
      [Choose CSet: 0.0 ms]
      [Ref Proc: 4.3 ms]
      [Ref Enq: 0.1 ms]
      [Redirty Cards: 0.1 ms]
      [Humongous Register: 0.0 ms]
      [Humongous Reclaim: 0.0 ms]
      [Free CSet: 0.3 ms]
   [Eden: 7152.0M(7152.0M)->0.0B(7152.0M) Survivors: 16384.0K->16384.0K Heap: 9976.4M(14336.0M)->2824.5M(14336.0M)]
 [Times: user=0.06 sys=0.00, real=0.01 secs] 
2022-07-22T16:46:41.662-0700: 70573.167: [GC pause (G1 Evacuation Pause) (young), 0.0113990 secs]
   [Parallel Time: 5.4 ms, GC Workers: 8]
      [GC Worker Start (ms): Min: 70573167.0, Avg: 70573167.1, Max: 70573167.1, Diff: 0.1]
      [Ext Root Scanning (ms): Min: 1.1, Avg: 1.8, Max: 5.3, Diff: 4.1, Sum: 14.1]
      [Update RS (ms): Min: 0.0, Avg: 0.3, Max: 0.7, Diff: 0.7, Sum: 2.5]
         [Processed Buffers: Min: 0, Avg: 22.9, Max: 69, Diff: 69, Sum: 183]
      [Scan RS (ms): Min: 0.0, Avg: 0.1, Max: 0.1, Diff: 0.1, Sum: 0.6]
      [Code Root Scanning (ms): Min: 0.0, Avg: 0.0, Max: 0.0, Diff: 0.0, Sum: 0.0]
      [Object Copy (ms): Min: 0.0, Avg: 0.5, Max: 0.7, Diff: 0.7, Sum: 4.0]
      [Termination (ms): Min: 0.0, Avg: 2.6, Max: 3.0, Diff: 3.0, Sum: 20.7]
         [Termination Attempts: Min: 1, Avg: 1.0, Max: 1, Diff: 0, Sum: 8]
      [GC Worker Other (ms): Min: 0.0, Avg: 0.0, Max: 0.0, Diff: 0.0, Sum: 0.1]
      [GC Worker Total (ms): Min: 5.2, Avg: 5.3, Max: 5.3, Diff: 0.1, Sum: 42.1]
      [GC Worker End (ms): Min: 70573172.3, Avg: 70573172.3, Max: 70573172.3, Diff: 0.0]
   [Code Root Fixup: 0.0 ms]
   [Code Root Purge: 0.0 ms]
   [Clear CT: 0.6 ms]
   [Other: 5.4 ms]
      [Choose CSet: 0.0 ms]
      [Ref Proc: 4.6 ms]
      [Ref Enq: 0.2 ms]
      [Redirty Cards: 0.2 ms]
      [Humongous Register: 0.0 ms]
      [Humongous Reclaim: 0.0 ms]
      [Free CSet: 0.3 ms]
   [Eden: 7152.0M(7152.0M)->0.0B(7152.0M) Survivors: 16384.0K->16384.0K Heap: 9976.5M(14336.0M)->2824.4M(14336.0M)]
 [Times: user=0.06 sys=0.00, real=0.01 secs] 
2022-07-22T17:03:58.185-0700: 71609.690: [GC pause (G1 Evacuation Pause) (young), 0.0101709 secs]
   [Parallel Time: 5.4 ms, GC Workers: 8]
      [GC Worker Start (ms): Min: 71609689.8, Avg: 71609689.9, Max: 71609690.0, Diff: 0.2]
      [Ext Root Scanning (ms): Min: 1.1, Avg: 1.8, Max: 5.1, Diff: 4.0, Sum: 14.5]
      [Update RS (ms): Min: 0.0, Avg: 0.3, Max: 0.7, Diff: 0.7, Sum: 2.6]
         [Processed Buffers: Min: 0, Avg: 21.2, Max: 42, Diff: 42, Sum: 170]
      [Scan RS (ms): Min: 0.0, Avg: 0.1, Max: 0.1, Diff: 0.1, Sum: 0.7]
      [Code Root Scanning (ms): Min: 0.0, Avg: 0.0, Max: 0.0, Diff: 0.0, Sum: 0.0]
      [Object Copy (ms): Min: 0.0, Avg: 0.5, Max: 0.7, Diff: 0.7, Sum: 3.7]
      [Termination (ms): Min: 0.0, Avg: 2.4, Max: 2.7, Diff: 2.7, Sum: 18.9]
         [Termination Attempts: Min: 1, Avg: 1.2, Max: 2, Diff: 1, Sum: 10]
      [GC Worker Other (ms): Min: 0.0, Avg: 0.0, Max: 0.1, Diff: 0.0, Sum: 0.2]
      [GC Worker Total (ms): Min: 5.0, Avg: 5.1, Max: 5.1, Diff: 0.1, Sum: 40.5]
      [GC Worker End (ms): Min: 71609694.9, Avg: 71609695.0, Max: 71609695.0, Diff: 0.0]
   [Code Root Fixup: 0.0 ms]
   [Code Root Purge: 0.0 ms]
   [Clear CT: 0.6 ms]
   [Other: 4.2 ms]
      [Choose CSet: 0.0 ms]
      [Ref Proc: 3.6 ms]
      [Ref Enq: 0.1 ms]
      [Redirty Cards: 0.1 ms]
      [Humongous Register: 0.1 ms]
      [Humongous Reclaim: 0.0 ms]
      [Free CSet: 0.3 ms]
   [Eden: 7152.0M(7152.0M)->0.0B(7152.0M) Survivors: 16384.0K->16384.0K Heap: 9976.4M(14336.0M)->2824.5M(14336.0M)]
 [Times: user=0.05 sys=0.00, real=0.01 secs] 
2022-07-22T17:21:07.063-0700: 72638.568: [GC pause (G1 Evacuation Pause) (young), 0.0092567 secs]
   [Parallel Time: 5.1 ms, GC Workers: 8]
      [GC Worker Start (ms): Min: 72638568.3, Avg: 72638568.4, Max: 72638568.5, Diff: 0.1]
      [Ext Root Scanning (ms): Min: 1.1, Avg: 1.8, Max: 4.8, Diff: 3.7, Sum: 14.0]
      [Update RS (ms): Min: 0.0, Avg: 0.3, Max: 0.7, Diff: 0.7, Sum: 2.6]
         [Processed Buffers: Min: 0, Avg: 22.1, Max: 69, Diff: 69, Sum: 177]
      [Scan RS (ms): Min: 0.0, Avg: 0.1, Max: 0.2, Diff: 0.1, Sum: 0.7]
      [Code Root Scanning (ms): Min: 0.0, Avg: 0.0, Max: 0.0, Diff: 0.0, Sum: 0.0]
      [Object Copy (ms): Min: 0.0, Avg: 0.5, Max: 0.7, Diff: 0.7, Sum: 3.9]
      [Termination (ms): Min: 0.0, Avg: 2.2, Max: 2.5, Diff: 2.5, Sum: 17.3]
         [Termination Attempts: Min: 1, Avg: 1.2, Max: 2, Diff: 1, Sum: 10]
      [GC Worker Other (ms): Min: 0.0, Avg: 0.0, Max: 0.0, Diff: 0.0, Sum: 0.1]
      [GC Worker Total (ms): Min: 4.8, Avg: 4.8, Max: 4.9, Diff: 0.1, Sum: 38.6]
      [GC Worker End (ms): Min: 72638573.2, Avg: 72638573.2, Max: 72638573.2, Diff: 0.0]
   [Code Root Fixup: 0.0 ms]
   [Code Root Purge: 0.0 ms]
   [Clear CT: 0.6 ms]
   [Other: 3.6 ms]
      [Choose CSet: 0.0 ms]
      [Ref Proc: 2.9 ms]
      [Ref Enq: 0.1 ms]
      [Redirty Cards: 0.1 ms]
      [Humongous Register: 0.0 ms]
      [Humongous Reclaim: 0.0 ms]
      [Free CSet: 0.3 ms]
   [Eden: 7152.0M(7152.0M)->0.0B(7152.0M) Survivors: 16384.0K->16384.0K Heap: 9976.5M(14336.0M)->2824.5M(14336.0M)]
 [Times: user=0.05 sys=0.00, real=0.00 secs] 
2022-07-22T17:38:42.262-0700: 73693.767: [GC pause (G1 Evacuation Pause) (young), 0.0082739 secs]
   [Parallel Time: 5.2 ms, GC Workers: 8]
      [GC Worker Start (ms): Min: 73693767.0, Avg: 73693767.1, Max: 73693767.2, Diff: 0.1]
      [Ext Root Scanning (ms): Min: 1.1, Avg: 1.7, Max: 5.0, Diff: 3.9, Sum: 13.9]
      [Update RS (ms): Min: 0.0, Avg: 0.3, Max: 0.7, Diff: 0.7, Sum: 2.5]
         [Processed Buffers: Min: 0, Avg: 21.8, Max: 92, Diff: 92, Sum: 174]
      [Scan RS (ms): Min: 0.0, Avg: 0.1, Max: 0.1, Diff: 0.1, Sum: 0.6]
      [Code Root Scanning (ms): Min: 0.0, Avg: 0.0, Max: 0.0, Diff: 0.0, Sum: 0.0]
      [Object Copy (ms): Min: 0.0, Avg: 0.5, Max: 0.7, Diff: 0.7, Sum: 4.0]
      [Termination (ms): Min: 0.0, Avg: 2.4, Max: 2.7, Diff: 2.7, Sum: 19.1]
         [Termination Attempts: Min: 1, Avg: 2.8, Max: 4, Diff: 3, Sum: 22]
      [GC Worker Other (ms): Min: 0.0, Avg: 0.0, Max: 0.0, Diff: 0.0, Sum: 0.1]
      [GC Worker Total (ms): Min: 5.0, Avg: 5.0, Max: 5.1, Diff: 0.1, Sum: 40.2]
      [GC Worker End (ms): Min: 73693772.1, Avg: 73693772.1, Max: 73693772.1, Diff: 0.0]
   [Code Root Fixup: 0.0 ms]
   [Code Root Purge: 0.0 ms]
   [Clear CT: 0.6 ms]
   [Other: 2.4 ms]
      [Choose CSet: 0.0 ms]
      [Ref Proc: 1.8 ms]
      [Ref Enq: 0.1 ms]
      [Redirty Cards: 0.1 ms]
      [Humongous Register: 0.0 ms]
      [Humongous Reclaim: 0.0 ms]
      [Free CSet: 0.3 ms]
   [Eden: 7152.0M(7152.0M)->0.0B(7152.0M) Survivors: 16384.0K->16384.0K Heap: 9976.5M(14336.0M)->2824.5M(14336.0M)]
 [Times: user=0.05 sys=0.00, real=0.01 secs] 
2022-07-22T17:56:04.811-0700: 74736.316: [GC pause (G1 Evacuation Pause) (young), 0.0111200 secs]
   [Parallel Time: 4.7 ms, GC Workers: 8]
      [GC Worker Start (ms): Min: 74736316.0, Avg: 74736316.6, Max: 74736320.6, Diff: 4.6]
      [Ext Root Scanning (ms): Min: 0.0, Avg: 1.8, Max: 4.5, Diff: 4.5, Sum: 14.4]
      [Update RS (ms): Min: 0.0, Avg: 0.3, Max: 0.8, Diff: 0.8, Sum: 2.7]
         [Processed Buffers: Min: 0, Avg: 20.0, Max: 67, Diff: 67, Sum: 160]
      [Scan RS (ms): Min: 0.0, Avg: 0.1, Max: 0.2, Diff: 0.2, Sum: 0.7]
      [Code Root Scanning (ms): Min: 0.0, Avg: 0.0, Max: 0.0, Diff: 0.0, Sum: 0.0]
      [Object Copy (ms): Min: 0.0, Avg: 0.5, Max: 0.8, Diff: 0.8, Sum: 4.0]
      [Termination (ms): Min: 0.0, Avg: 1.2, Max: 1.6, Diff: 1.6, Sum: 9.9]
         [Termination Attempts: Min: 1, Avg: 1.1, Max: 2, Diff: 1, Sum: 9]
      [GC Worker Other (ms): Min: 0.0, Avg: 0.0, Max: 0.0, Diff: 0.0, Sum: 0.1]
      [GC Worker Total (ms): Min: 0.0, Avg: 4.0, Max: 4.6, Diff: 4.6, Sum: 31.9]
      [GC Worker End (ms): Min: 74736320.6, Avg: 74736320.6, Max: 74736320.6, Diff: 0.0]
   [Code Root Fixup: 0.0 ms]
   [Code Root Purge: 0.0 ms]
   [Clear CT: 0.7 ms]
   [Other: 5.7 ms]
      [Choose CSet: 0.0 ms]
      [Ref Proc: 5.0 ms]
      [Ref Enq: 0.1 ms]
      [Redirty Cards: 0.1 ms]
      [Humongous Register: 0.0 ms]
      [Humongous Reclaim: 0.0 ms]
      [Free CSet: 0.3 ms]
   [Eden: 7152.0M(7152.0M)->0.0B(7152.0M) Survivors: 16384.0K->16384.0K Heap: 9976.5M(14336.0M)->2824.5M(14336.0M)]
 [Times: user=0.04 sys=0.01, real=0.01 secs] 
2022-07-22T18:13:20.212-0700: 75771.716: [GC pause (G1 Evacuation Pause) (young), 0.0108858 secs]
   [Parallel Time: 5.7 ms, GC Workers: 8]
      [GC Worker Start (ms): Min: 75771716.6, Avg: 75771716.7, Max: 75771716.8, Diff: 0.2]
      [Ext Root Scanning (ms): Min: 1.1, Avg: 1.8, Max: 5.4, Diff: 4.3, Sum: 14.6]
      [Update RS (ms): Min: 0.0, Avg: 0.3, Max: 0.7, Diff: 0.7, Sum: 2.6]
         [Processed Buffers: Min: 0, Avg: 22.0, Max: 74, Diff: 74, Sum: 176]
      [Scan RS (ms): Min: 0.0, Avg: 0.1, Max: 0.1, Diff: 0.1, Sum: 0.7]
      [Code Root Scanning (ms): Min: 0.0, Avg: 0.0, Max: 0.0, Diff: 0.0, Sum: 0.0]
      [Object Copy (ms): Min: 0.0, Avg: 0.5, Max: 0.6, Diff: 0.6, Sum: 3.9]
      [Termination (ms): Min: 0.0, Avg: 2.7, Max: 3.1, Diff: 3.1, Sum: 21.4]
         [Termination Attempts: Min: 1, Avg: 2.4, Max: 4, Diff: 3, Sum: 19]
      [GC Worker Other (ms): Min: 0.0, Avg: 0.0, Max: 0.0, Diff: 0.0, Sum: 0.1]
      [GC Worker Total (ms): Min: 5.3, Avg: 5.4, Max: 5.5, Diff: 0.1, Sum: 43.2]
      [GC Worker End (ms): Min: 75771722.1, Avg: 75771722.1, Max: 75771722.1, Diff: 0.0]
   [Code Root Fixup: 0.0 ms]
   [Code Root Purge: 0.0 ms]
   [Clear CT: 0.6 ms]
   [Other: 4.6 ms]
      [Choose CSet: 0.0 ms]
      [Ref Proc: 4.0 ms]
      [Ref Enq: 0.1 ms]
      [Redirty Cards: 0.1 ms]
      [Humongous Register: 0.0 ms]
      [Humongous Reclaim: 0.0 ms]
      [Free CSet: 0.3 ms]
   [Eden: 7152.0M(7152.0M)->0.0B(7152.0M) Survivors: 16384.0K->16384.0K Heap: 9976.5M(14336.0M)->2824.5M(14336.0M)]
 [Times: user=0.05 sys=0.00, real=0.02 secs] 
2022-07-22T18:30:50.362-0700: 76821.867: [GC pause (G1 Evacuation Pause) (young), 0.0095317 secs]
   [Parallel Time: 5.4 ms, GC Workers: 8]
      [GC Worker Start (ms): Min: 76821866.7, Avg: 76821866.9, Max: 76821867.2, Diff: 0.4]
      [Ext Root Scanning (ms): Min: 1.3, Avg: 2.0, Max: 5.1, Diff: 3.8, Sum: 16.2]
      [Update RS (ms): Min: 0.0, Avg: 0.3, Max: 0.6, Diff: 0.6, Sum: 2.4]
         [Processed Buffers: Min: 0, Avg: 22.5, Max: 62, Diff: 62, Sum: 180]
      [Scan RS (ms): Min: 0.0, Avg: 0.1, Max: 0.2, Diff: 0.1, Sum: 0.6]
      [Code Root Scanning (ms): Min: 0.0, Avg: 0.0, Max: 0.0, Diff: 0.0, Sum: 0.1]
      [Object Copy (ms): Min: 0.0, Avg: 0.4, Max: 0.7, Diff: 0.7, Sum: 3.5]
      [Termination (ms): Min: 0.0, Avg: 2.2, Max: 2.5, Diff: 2.5, Sum: 17.4]
         [Termination Attempts: Min: 1, Avg: 1.5, Max: 3, Diff: 2, Sum: 12]
      [GC Worker Other (ms): Min: 0.0, Avg: 0.0, Max: 0.0, Diff: 0.0, Sum: 0.1]
      [GC Worker Total (ms): Min: 4.7, Avg: 5.0, Max: 5.1, Diff: 0.4, Sum: 40.3]
      [GC Worker End (ms): Min: 76821871.9, Avg: 76821871.9, Max: 76821871.9, Diff: 0.0]
   [Code Root Fixup: 0.0 ms]
   [Code Root Purge: 0.0 ms]
   [Clear CT: 0.6 ms]
   [Other: 3.5 ms]
      [Choose CSet: 0.0 ms]
      [Ref Proc: 2.9 ms]
      [Ref Enq: 0.1 ms]
      [Redirty Cards: 0.1 ms]
      [Humongous Register: 0.1 ms]
      [Humongous Reclaim: 0.0 ms]
      [Free CSet: 0.3 ms]
   [Eden: 7152.0M(7152.0M)->0.0B(7152.0M) Survivors: 16384.0K->16384.0K Heap: 9976.5M(14336.0M)->2824.6M(14336.0M)]
 [Times: user=0.05 sys=0.00, real=0.01 secs] 
2022-07-22T18:47:53.361-0700: 77844.866: [GC pause (G1 Evacuation Pause) (young), 0.0099121 secs]
   [Parallel Time: 5.7 ms, GC Workers: 8]
      [GC Worker Start (ms): Min: 77844866.1, Avg: 77844866.2, Max: 77844866.3, Diff: 0.2]
      [Ext Root Scanning (ms): Min: 1.1, Avg: 1.8, Max: 5.5, Diff: 4.4, Sum: 14.6]
      [Update RS (ms): Min: 0.0, Avg: 0.3, Max: 0.7, Diff: 0.7, Sum: 2.5]
         [Processed Buffers: Min: 0, Avg: 20.4, Max: 50, Diff: 50, Sum: 163]
      [Scan RS (ms): Min: 0.0, Avg: 0.1, Max: 0.2, Diff: 0.1, Sum: 0.7]
      [Code Root Scanning (ms): Min: 0.0, Avg: 0.0, Max: 0.0, Diff: 0.0, Sum: 0.1]
      [Object Copy (ms): Min: 0.0, Avg: 0.5, Max: 0.7, Diff: 0.7, Sum: 4.0]
      [Termination (ms): Min: 0.0, Avg: 2.7, Max: 3.1, Diff: 3.1, Sum: 21.5]
         [Termination Attempts: Min: 1, Avg: 1.2, Max: 2, Diff: 1, Sum: 10]
      [GC Worker Other (ms): Min: 0.0, Avg: 0.0, Max: 0.0, Diff: 0.0, Sum: 0.2]
      [GC Worker Total (ms): Min: 5.4, Avg: 5.4, Max: 5.5, Diff: 0.2, Sum: 43.5]
      [GC Worker End (ms): Min: 77844871.6, Avg: 77844871.6, Max: 77844871.6, Diff: 0.0]
   [Code Root Fixup: 0.0 ms]
   [Code Root Purge: 0.0 ms]
   [Clear CT: 0.6 ms]
   [Other: 3.6 ms]
      [Choose CSet: 0.0 ms]
      [Ref Proc: 3.0 ms]
      [Ref Enq: 0.1 ms]
      [Redirty Cards: 0.1 ms]
      [Humongous Register: 0.0 ms]
      [Humongous Reclaim: 0.0 ms]
      [Free CSet: 0.3 ms]
   [Eden: 7152.0M(7152.0M)->0.0B(7152.0M) Survivors: 16384.0K->16384.0K Heap: 9976.6M(14336.0M)->2824.4M(14336.0M)]
 [Times: user=0.05 sys=0.00, real=0.01 secs] 
2022-07-22T19:05:21.413-0700: 78892.917: [GC pause (G1 Evacuation Pause) (young), 0.0110042 secs]
   [Parallel Time: 5.3 ms, GC Workers: 8]
      [GC Worker Start (ms): Min: 78892917.5, Avg: 78892917.6, Max: 78892917.7, Diff: 0.1]
      [Ext Root Scanning (ms): Min: 1.2, Avg: 1.9, Max: 5.0, Diff: 3.8, Sum: 14.9]
      [Update RS (ms): Min: 0.0, Avg: 0.3, Max: 0.6, Diff: 0.6, Sum: 2.3]
         [Processed Buffers: Min: 0, Avg: 20.9, Max: 60, Diff: 60, Sum: 167]
      [Scan RS (ms): Min: 0.0, Avg: 0.1, Max: 0.1, Diff: 0.1, Sum: 0.5]
      [Code Root Scanning (ms): Min: 0.0, Avg: 0.0, Max: 0.0, Diff: 0.0, Sum: 0.0]
      [Object Copy (ms): Min: 0.0, Avg: 0.5, Max: 0.7, Diff: 0.7, Sum: 3.7]
      [Termination (ms): Min: 0.0, Avg: 2.3, Max: 2.6, Diff: 2.6, Sum: 18.3]
         [Termination Attempts: Min: 1, Avg: 2.5, Max: 5, Diff: 4, Sum: 20]
      [GC Worker Other (ms): Min: 0.0, Avg: 0.0, Max: 0.1, Diff: 0.1, Sum: 0.4]
      [GC Worker Total (ms): Min: 4.9, Avg: 5.0, Max: 5.1, Diff: 0.2, Sum: 40.1]
      [GC Worker End (ms): Min: 78892922.6, Avg: 78892922.6, Max: 78892922.7, Diff: 0.1]
   [Code Root Fixup: 0.0 ms]
   [Code Root Purge: 0.0 ms]
   [Clear CT: 0.6 ms]
   [Other: 5.1 ms]
      [Choose CSet: 0.0 ms]
      [Ref Proc: 4.5 ms]
      [Ref Enq: 0.1 ms]
      [Redirty Cards: 0.1 ms]
      [Humongous Register: 0.0 ms]
      [Humongous Reclaim: 0.0 ms]
      [Free CSet: 0.3 ms]
   [Eden: 7152.0M(7152.0M)->0.0B(7152.0M) Survivors: 16384.0K->16384.0K Heap: 9976.4M(14336.0M)->2824.6M(14336.0M)]
 [Times: user=0.05 sys=0.00, real=0.02 secs] 
2022-07-22T19:22:32.362-0700: 79923.867: [GC pause (G1 Evacuation Pause) (young), 0.0108410 secs]
   [Parallel Time: 5.4 ms, GC Workers: 8]
      [GC Worker Start (ms): Min: 79923866.9, Avg: 79923867.0, Max: 79923867.1, Diff: 0.2]
      [Ext Root Scanning (ms): Min: 1.2, Avg: 1.8, Max: 5.0, Diff: 3.9, Sum: 14.2]
      [Update RS (ms): Min: 0.0, Avg: 0.3, Max: 0.7, Diff: 0.7, Sum: 2.5]
         [Processed Buffers: Min: 0, Avg: 21.2, Max: 53, Diff: 53, Sum: 170]
      [Scan RS (ms): Min: 0.0, Avg: 0.1, Max: 0.2, Diff: 0.1, Sum: 0.7]
      [Code Root Scanning (ms): Min: 0.0, Avg: 0.0, Max: 0.0, Diff: 0.0, Sum: 0.0]
      [Object Copy (ms): Min: 0.0, Avg: 0.5, Max: 0.7, Diff: 0.7, Sum: 3.9]
      [Termination (ms): Min: 0.0, Avg: 2.3, Max: 2.7, Diff: 2.7, Sum: 18.7]
         [Termination Attempts: Min: 1, Avg: 1.9, Max: 3, Diff: 2, Sum: 15]
      [GC Worker Other (ms): Min: 0.0, Avg: 0.0, Max: 0.0, Diff: 0.0, Sum: 0.1]
      [GC Worker Total (ms): Min: 4.9, Avg: 5.0, Max: 5.1, Diff: 0.2, Sum: 40.1]
      [GC Worker End (ms): Min: 79923872.0, Avg: 79923872.0, Max: 79923872.0, Diff: 0.0]
   [Code Root Fixup: 0.0 ms]
   [Code Root Purge: 0.0 ms]
   [Clear CT: 0.6 ms]
   [Other: 4.9 ms]
      [Choose CSet: 0.0 ms]
      [Ref Proc: 4.3 ms]
      [Ref Enq: 0.1 ms]
      [Redirty Cards: 0.1 ms]
      [Humongous Register: 0.0 ms]
      [Humongous Reclaim: 0.0 ms]
      [Free CSet: 0.3 ms]
   [Eden: 7152.0M(7152.0M)->0.0B(7152.0M) Survivors: 16384.0K->16384.0K Heap: 9976.6M(14336.0M)->2824.5M(14336.0M)]
 [Times: user=0.05 sys=0.00, real=0.01 secs] 
2022-07-22T19:39:40.813-0700: 80952.317: [GC pause (G1 Evacuation Pause) (young), 0.0104340 secs]
   [Parallel Time: 5.2 ms, GC Workers: 8]
      [GC Worker Start (ms): Min: 80952317.4, Avg: 80952317.5, Max: 80952317.6, Diff: 0.1]
      [Ext Root Scanning (ms): Min: 1.1, Avg: 1.8, Max: 4.9, Diff: 3.7, Sum: 14.1]
      [Update RS (ms): Min: 0.0, Avg: 0.3, Max: 0.6, Diff: 0.6, Sum: 2.6]
         [Processed Buffers: Min: 0, Avg: 22.6, Max: 57, Diff: 57, Sum: 181]
      [Scan RS (ms): Min: 0.0, Avg: 0.1, Max: 0.1, Diff: 0.1, Sum: 0.5]
      [Code Root Scanning (ms): Min: 0.0, Avg: 0.0, Max: 0.0, Diff: 0.0, Sum: 0.0]
      [Object Copy (ms): Min: 0.0, Avg: 0.4, Max: 0.6, Diff: 0.6, Sum: 3.4]
      [Termination (ms): Min: 0.0, Avg: 2.3, Max: 2.6, Diff: 2.6, Sum: 18.2]
         [Termination Attempts: Min: 1, Avg: 1.2, Max: 2, Diff: 1, Sum: 10]
      [GC Worker Other (ms): Min: 0.0, Avg: 0.0, Max: 0.0, Diff: 0.0, Sum: 0.1]
      [GC Worker Total (ms): Min: 4.8, Avg: 4.9, Max: 4.9, Diff: 0.1, Sum: 39.0]
      [GC Worker End (ms): Min: 80952322.4, Avg: 80952322.4, Max: 80952322.4, Diff: 0.0]
   [Code Root Fixup: 0.0 ms]
   [Code Root Purge: 0.0 ms]
   [Clear CT: 0.6 ms]
   [Other: 4.6 ms]
      [Choose CSet: 0.0 ms]
      [Ref Proc: 3.9 ms]
      [Ref Enq: 0.2 ms]
      [Redirty Cards: 0.1 ms]
      [Humongous Register: 0.0 ms]
      [Humongous Reclaim: 0.0 ms]
      [Free CSet: 0.3 ms]
   [Eden: 7152.0M(7152.0M)->0.0B(7152.0M) Survivors: 16384.0K->16384.0K Heap: 9976.5M(14336.0M)->2824.5M(14336.0M)]
 [Times: user=0.05 sys=0.00, real=0.02 secs] 
2022-07-22T19:57:08.873-0700: 82000.378: [GC pause (G1 Evacuation Pause) (young), 0.0107727 secs]
   [Parallel Time: 5.5 ms, GC Workers: 8]
      [GC Worker Start (ms): Min: 82000377.8, Avg: 82000378.0, Max: 82000378.0, Diff: 0.2]
      [Ext Root Scanning (ms): Min: 1.1, Avg: 1.8, Max: 5.1, Diff: 4.0, Sum: 14.2]
      [Update RS (ms): Min: 0.0, Avg: 0.3, Max: 0.7, Diff: 0.7, Sum: 2.5]
         [Processed Buffers: Min: 0, Avg: 21.0, Max: 56, Diff: 56, Sum: 168]
      [Scan RS (ms): Min: 0.0, Avg: 0.1, Max: 0.2, Diff: 0.2, Sum: 0.7]
      [Code Root Scanning (ms): Min: 0.0, Avg: 0.0, Max: 0.0, Diff: 0.0, Sum: 0.0]
      [Object Copy (ms): Min: 0.0, Avg: 0.5, Max: 0.7, Diff: 0.7, Sum: 3.8]
      [Termination (ms): Min: 0.0, Avg: 2.4, Max: 2.7, Diff: 2.7, Sum: 18.9]
         [Termination Attempts: Min: 1, Avg: 1.6, Max: 3, Diff: 2, Sum: 13]
      [GC Worker Other (ms): Min: 0.0, Avg: 0.0, Max: 0.0, Diff: 0.0, Sum: 0.1]
      [GC Worker Total (ms): Min: 4.9, Avg: 5.0, Max: 5.1, Diff: 0.2, Sum: 40.2]
      [GC Worker End (ms): Min: 82000383.0, Avg: 82000383.0, Max: 82000383.0, Diff: 0.0]
   [Code Root Fixup: 0.0 ms]
   [Code Root Purge: 0.0 ms]
   [Clear CT: 0.6 ms]
   [Other: 4.7 ms]
      [Choose CSet: 0.0 ms]
      [Ref Proc: 3.9 ms]
      [Ref Enq: 0.2 ms]
      [Redirty Cards: 0.1 ms]
      [Humongous Register: 0.0 ms]
      [Humongous Reclaim: 0.0 ms]
      [Free CSet: 0.3 ms]
   [Eden: 7152.0M(7152.0M)->0.0B(7152.0M) Survivors: 16384.0K->16384.0K Heap: 9976.5M(14336.0M)->2824.6M(14336.0M)]
 [Times: user=0.06 sys=0.00, real=0.02 secs] 
2022-07-22T20:14:14.062-0700: 83025.567: [GC pause (G1 Evacuation Pause) (young), 0.0076284 secs]
   [Parallel Time: 4.7 ms, GC Workers: 8]
      [GC Worker Start (ms): Min: 83025567.0, Avg: 83025567.1, Max: 83025567.2, Diff: 0.1]
      [Ext Root Scanning (ms): Min: 1.0, Avg: 1.6, Max: 4.6, Diff: 3.7, Sum: 12.7]
      [Update RS (ms): Min: 0.0, Avg: 0.3, Max: 0.6, Diff: 0.6, Sum: 2.1]
         [Processed Buffers: Min: 0, Avg: 20.8, Max: 49, Diff: 49, Sum: 166]
      [Scan RS (ms): Min: 0.0, Avg: 0.1, Max: 0.1, Diff: 0.1, Sum: 0.5]
      [Code Root Scanning (ms): Min: 0.0, Avg: 0.0, Max: 0.0, Diff: 0.0, Sum: 0.0]
      [Object Copy (ms): Min: 0.0, Avg: 0.4, Max: 0.6, Diff: 0.6, Sum: 3.2]
      [Termination (ms): Min: 0.0, Avg: 2.3, Max: 2.6, Diff: 2.6, Sum: 18.2]
         [Termination Attempts: Min: 1, Avg: 1.0, Max: 1, Diff: 0, Sum: 8]
      [GC Worker Other (ms): Min: 0.0, Avg: 0.0, Max: 0.0, Diff: 0.0, Sum: 0.1]
      [GC Worker Total (ms): Min: 4.5, Avg: 4.6, Max: 4.7, Diff: 0.1, Sum: 36.8]
      [GC Worker End (ms): Min: 83025571.7, Avg: 83025571.7, Max: 83025571.7, Diff: 0.0]
   [Code Root Fixup: 0.0 ms]
   [Code Root Purge: 0.0 ms]
   [Clear CT: 0.6 ms]
   [Other: 2.3 ms]
      [Choose CSet: 0.0 ms]
      [Ref Proc: 1.7 ms]
      [Ref Enq: 0.1 ms]
      [Redirty Cards: 0.1 ms]
      [Humongous Register: 0.0 ms]
      [Humongous Reclaim: 0.0 ms]
      [Free CSet: 0.3 ms]
   [Eden: 7152.0M(7152.0M)->0.0B(7152.0M) Survivors: 16384.0K->16384.0K Heap: 9976.6M(14336.0M)->2824.5M(14336.0M)]
 [Times: user=0.05 sys=0.00, real=0.01 secs] 
2022-07-22T20:31:32.794-0700: 84064.299: [GC pause (G1 Evacuation Pause) (young), 0.0104009 secs]
   [Parallel Time: 5.7 ms, GC Workers: 8]
      [GC Worker Start (ms): Min: 84064299.1, Avg: 84064299.2, Max: 84064299.3, Diff: 0.1]
      [Ext Root Scanning (ms): Min: 1.1, Avg: 1.8, Max: 5.4, Diff: 4.3, Sum: 14.3]
      [Update RS (ms): Min: 0.0, Avg: 0.3, Max: 0.7, Diff: 0.7, Sum: 2.5]
         [Processed Buffers: Min: 0, Avg: 22.0, Max: 46, Diff: 46, Sum: 176]
      [Scan RS (ms): Min: 0.0, Avg: 0.1, Max: 0.2, Diff: 0.1, Sum: 0.7]
      [Code Root Scanning (ms): Min: 0.0, Avg: 0.0, Max: 0.0, Diff: 0.0, Sum: 0.0]
      [Object Copy (ms): Min: 0.0, Avg: 0.5, Max: 0.7, Diff: 0.7, Sum: 3.9]
      [Termination (ms): Min: 0.0, Avg: 2.7, Max: 3.1, Diff: 3.1, Sum: 21.7]
         [Termination Attempts: Min: 1, Avg: 1.0, Max: 1, Diff: 0, Sum: 8]
      [GC Worker Other (ms): Min: 0.0, Avg: 0.0, Max: 0.0, Diff: 0.0, Sum: 0.1]
      [GC Worker Total (ms): Min: 5.3, Avg: 5.4, Max: 5.5, Diff: 0.1, Sum: 43.2]
      [GC Worker End (ms): Min: 84064304.6, Avg: 84064304.6, Max: 84064304.6, Diff: 0.0]
   [Code Root Fixup: 0.0 ms]
   [Code Root Purge: 0.0 ms]
   [Clear CT: 0.6 ms]
   [Other: 4.0 ms]
      [Choose CSet: 0.0 ms]
      [Ref Proc: 3.5 ms]
      [Ref Enq: 0.1 ms]
      [Redirty Cards: 0.1 ms]
      [Humongous Register: 0.0 ms]
      [Humongous Reclaim: 0.0 ms]
      [Free CSet: 0.3 ms]
   [Eden: 7152.0M(7152.0M)->0.0B(7152.0M) Survivors: 16384.0K->16384.0K Heap: 9976.5M(14336.0M)->2824.7M(14336.0M)]
 [Times: user=0.05 sys=0.00, real=0.02 secs] 
2022-07-22T20:48:32.963-0700: 85084.468: [GC pause (G1 Evacuation Pause) (young), 0.0111754 secs]
   [Parallel Time: 5.5 ms, GC Workers: 8]
      [GC Worker Start (ms): Min: 85084467.9, Avg: 85084468.0, Max: 85084468.0, Diff: 0.1]
      [Ext Root Scanning (ms): Min: 1.1, Avg: 1.7, Max: 5.3, Diff: 4.3, Sum: 13.9]
      [Update RS (ms): Min: 0.0, Avg: 0.3, Max: 0.6, Diff: 0.6, Sum: 2.4]
         [Processed Buffers: Min: 0, Avg: 22.1, Max: 50, Diff: 50, Sum: 177]
      [Scan RS (ms): Min: 0.0, Avg: 0.1, Max: 0.2, Diff: 0.1, Sum: 0.6]
      [Code Root Scanning (ms): Min: 0.0, Avg: 0.0, Max: 0.0, Diff: 0.0, Sum: 0.0]
      [Object Copy (ms): Min: 0.0, Avg: 0.5, Max: 0.7, Diff: 0.7, Sum: 3.9]
      [Termination (ms): Min: 0.0, Avg: 2.7, Max: 3.2, Diff: 3.2, Sum: 22.0]
         [Termination Attempts: Min: 1, Avg: 1.1, Max: 2, Diff: 1, Sum: 9]
      [GC Worker Other (ms): Min: 0.0, Avg: 0.0, Max: 0.0, Diff: 0.0, Sum: 0.1]
      [GC Worker Total (ms): Min: 5.3, Avg: 5.4, Max: 5.4, Diff: 0.1, Sum: 42.9]
      [GC Worker End (ms): Min: 85084473.3, Avg: 85084473.3, Max: 85084473.4, Diff: 0.0]
   [Code Root Fixup: 0.0 ms]
   [Code Root Purge: 0.0 ms]
   [Clear CT: 0.7 ms]
   [Other: 5.0 ms]
      [Choose CSet: 0.0 ms]
      [Ref Proc: 4.4 ms]
      [Ref Enq: 0.1 ms]
      [Redirty Cards: 0.1 ms]
      [Humongous Register: 0.0 ms]
      [Humongous Reclaim: 0.0 ms]
      [Free CSet: 0.3 ms]
   [Eden: 7152.0M(7152.0M)->0.0B(7152.0M) Survivors: 16384.0K->16384.0K Heap: 9976.7M(14336.0M)->2824.6M(14336.0M)]
 [Times: user=0.05 sys=0.01, real=0.00 secs] 
2022-07-22T21:05:38.261-0700: 86109.766: [GC pause (G1 Evacuation Pause) (young), 0.0080011 secs]
   [Parallel Time: 5.4 ms, GC Workers: 8]
      [GC Worker Start (ms): Min: 86109766.3, Avg: 86109766.3, Max: 86109766.4, Diff: 0.1]
      [Ext Root Scanning (ms): Min: 1.1, Avg: 1.8, Max: 5.1, Diff: 4.1, Sum: 14.1]
      [Update RS (ms): Min: 0.0, Avg: 0.3, Max: 0.7, Diff: 0.7, Sum: 2.5]
         [Processed Buffers: Min: 0, Avg: 21.0, Max: 49, Diff: 49, Sum: 168]
      [Scan RS (ms): Min: 0.0, Avg: 0.1, Max: 0.1, Diff: 0.1, Sum: 0.7]
      [Code Root Scanning (ms): Min: 0.0, Avg: 0.0, Max: 0.0, Diff: 0.0, Sum: 0.0]
      [Object Copy (ms): Min: 0.0, Avg: 0.5, Max: 0.7, Diff: 0.7, Sum: 4.1]
      [Termination (ms): Min: 0.0, Avg: 2.5, Max: 2.8, Diff: 2.8, Sum: 19.7]
         [Termination Attempts: Min: 1, Avg: 2.5, Max: 4, Diff: 3, Sum: 20]
      [GC Worker Other (ms): Min: 0.0, Avg: 0.0, Max: 0.1, Diff: 0.0, Sum: 0.2]
      [GC Worker Total (ms): Min: 5.1, Avg: 5.2, Max: 5.2, Diff: 0.1, Sum: 41.2]
      [GC Worker End (ms): Min: 86109771.4, Avg: 86109771.5, Max: 86109771.5, Diff: 0.0]
   [Code Root Fixup: 0.0 ms]
   [Code Root Purge: 0.0 ms]
   [Clear CT: 0.6 ms]
   [Other: 2.1 ms]
      [Choose CSet: 0.0 ms]
      [Ref Proc: 1.5 ms]
      [Ref Enq: 0.1 ms]
      [Redirty Cards: 0.1 ms]
      [Humongous Register: 0.0 ms]
      [Humongous Reclaim: 0.0 ms]
      [Free CSet: 0.3 ms]
   [Eden: 7152.0M(7152.0M)->0.0B(7152.0M) Survivors: 16384.0K->16384.0K Heap: 9976.6M(14336.0M)->2824.9M(14336.0M)]
 [Times: user=0.06 sys=0.00, real=0.01 secs] 
2022-07-22T21:22:57.702-0700: 87149.207: [GC pause (G1 Evacuation Pause) (young), 0.0109586 secs]
   [Parallel Time: 5.5 ms, GC Workers: 8]
      [GC Worker Start (ms): Min: 87149207.3, Avg: 87149207.4, Max: 87149207.4, Diff: 0.2]
      [Ext Root Scanning (ms): Min: 1.1, Avg: 1.8, Max: 5.2, Diff: 4.1, Sum: 14.1]
      [Update RS (ms): Min: 0.0, Avg: 0.3, Max: 0.7, Diff: 0.7, Sum: 2.5]
         [Processed Buffers: Min: 0, Avg: 21.8, Max: 45, Diff: 45, Sum: 174]
      [Scan RS (ms): Min: 0.0, Avg: 0.1, Max: 0.2, Diff: 0.1, Sum: 0.7]
      [Code Root Scanning (ms): Min: 0.0, Avg: 0.0, Max: 0.0, Diff: 0.0, Sum: 0.0]
      [Object Copy (ms): Min: 0.0, Avg: 0.5, Max: 0.6, Diff: 0.6, Sum: 3.7]
      [Termination (ms): Min: 0.0, Avg: 2.5, Max: 2.9, Diff: 2.9, Sum: 20.3]
         [Termination Attempts: Min: 1, Avg: 1.1, Max: 2, Diff: 1, Sum: 9]
      [GC Worker Other (ms): Min: 0.0, Avg: 0.0, Max: 0.1, Diff: 0.1, Sum: 0.3]
      [GC Worker Total (ms): Min: 5.1, Avg: 5.2, Max: 5.3, Diff: 0.2, Sum: 41.7]
      [GC Worker End (ms): Min: 87149212.5, Avg: 87149212.6, Max: 87149212.6, Diff: 0.1]
   [Code Root Fixup: 0.0 ms]
   [Code Root Purge: 0.0 ms]
   [Clear CT: 0.6 ms]
   [Other: 4.8 ms]
      [Choose CSet: 0.0 ms]
      [Ref Proc: 4.0 ms]
      [Ref Enq: 0.1 ms]
      [Redirty Cards: 0.1 ms]
      [Humongous Register: 0.0 ms]
      [Humongous Reclaim: 0.0 ms]
      [Free CSet: 0.4 ms]
   [Eden: 7152.0M(7152.0M)->0.0B(7152.0M) Survivors: 16384.0K->16384.0K Heap: 9976.9M(14336.0M)->2824.5M(14336.0M)]
 [Times: user=0.05 sys=0.00, real=0.01 secs] 
2022-07-22T21:40:18.211-0700: 88189.716: [GC pause (G1 Evacuation Pause) (young), 0.0107434 secs]
   [Parallel Time: 5.4 ms, GC Workers: 8]
      [GC Worker Start (ms): Min: 88189716.1, Avg: 88189716.2, Max: 88189716.3, Diff: 0.1]
      [Ext Root Scanning (ms): Min: 1.1, Avg: 1.8, Max: 5.1, Diff: 4.0, Sum: 14.1]
      [Update RS (ms): Min: 0.0, Avg: 0.3, Max: 0.7, Diff: 0.7, Sum: 2.5]
         [Processed Buffers: Min: 0, Avg: 22.1, Max: 48, Diff: 48, Sum: 177]
      [Scan RS (ms): Min: 0.0, Avg: 0.1, Max: 0.2, Diff: 0.1, Sum: 0.7]
      [Code Root Scanning (ms): Min: 0.0, Avg: 0.0, Max: 0.0, Diff: 0.0, Sum: 0.0]
      [Object Copy (ms): Min: 0.0, Avg: 0.5, Max: 0.6, Diff: 0.6, Sum: 3.6]
      [Termination (ms): Min: 0.0, Avg: 2.5, Max: 2.9, Diff: 2.9, Sum: 19.9]
         [Termination Attempts: Min: 1, Avg: 2.5, Max: 4, Diff: 3, Sum: 20]
      [GC Worker Other (ms): Min: 0.0, Avg: 0.0, Max: 0.0, Diff: 0.0, Sum: 0.1]
      [GC Worker Total (ms): Min: 5.1, Avg: 5.1, Max: 5.2, Diff: 0.1, Sum: 41.0]
      [GC Worker End (ms): Min: 88189721.3, Avg: 88189721.3, Max: 88189721.3, Diff: 0.0]
   [Code Root Fixup: 0.0 ms]
   [Code Root Purge: 0.0 ms]
   [Clear CT: 0.7 ms]
   [Other: 4.7 ms]
      [Choose CSet: 0.0 ms]
      [Ref Proc: 4.1 ms]
      [Ref Enq: 0.1 ms]
      [Redirty Cards: 0.1 ms]
      [Humongous Register: 0.0 ms]
      [Humongous Reclaim: 0.0 ms]
      [Free CSet: 0.3 ms]
   [Eden: 7152.0M(7152.0M)->0.0B(7152.0M) Survivors: 16384.0K->16384.0K Heap: 9976.5M(14336.0M)->2824.5M(14336.0M)]
 [Times: user=0.05 sys=0.01, real=0.01 secs] 
2022-07-22T21:57:23.462-0700: 89214.967: [GC pause (G1 Evacuation Pause) (young), 0.0085979 secs]
   [Parallel Time: 5.7 ms, GC Workers: 8]
      [GC Worker Start (ms): Min: 89214967.1, Avg: 89214967.2, Max: 89214967.3, Diff: 0.2]
      [Ext Root Scanning (ms): Min: 1.2, Avg: 1.9, Max: 5.5, Diff: 4.3, Sum: 15.4]
      [Update RS (ms): Min: 0.0, Avg: 0.3, Max: 0.7, Diff: 0.7, Sum: 2.7]
         [Processed Buffers: Min: 0, Avg: 21.5, Max: 52, Diff: 52, Sum: 172]
      [Scan RS (ms): Min: 0.0, Avg: 0.1, Max: 0.2, Diff: 0.1, Sum: 0.7]
      [Code Root Scanning (ms): Min: 0.0, Avg: 0.0, Max: 0.0, Diff: 0.0, Sum: 0.0]
      [Object Copy (ms): Min: 0.0, Avg: 0.5, Max: 0.7, Diff: 0.7, Sum: 4.0]
      [Termination (ms): Min: 0.0, Avg: 2.6, Max: 3.0, Diff: 3.0, Sum: 20.9]
         [Termination Attempts: Min: 1, Avg: 1.0, Max: 1, Diff: 0, Sum: 8]
      [GC Worker Other (ms): Min: 0.0, Avg: 0.0, Max: 0.0, Diff: 0.0, Sum: 0.2]
      [GC Worker Total (ms): Min: 5.4, Avg: 5.5, Max: 5.6, Diff: 0.2, Sum: 43.8]
      [GC Worker End (ms): Min: 89214972.7, Avg: 89214972.7, Max: 89214972.7, Diff: 0.0]
   [Code Root Fixup: 0.0 ms]
   [Code Root Purge: 0.0 ms]
   [Clear CT: 0.6 ms]
   [Other: 2.3 ms]
      [Choose CSet: 0.0 ms]
      [Ref Proc: 1.7 ms]
      [Ref Enq: 0.1 ms]
      [Redirty Cards: 0.1 ms]
      [Humongous Register: 0.0 ms]
      [Humongous Reclaim: 0.0 ms]
      [Free CSet: 0.3 ms]
   [Eden: 7152.0M(7152.0M)->0.0B(7152.0M) Survivors: 16384.0K->16384.0K Heap: 9976.5M(14336.0M)->2824.5M(14336.0M)]
 [Times: user=0.05 sys=0.00, real=0.01 secs] 
2022-07-22T22:14:40.461-0700: 90251.966: [GC pause (G1 Evacuation Pause) (young), 0.0111270 secs]
   [Parallel Time: 5.4 ms, GC Workers: 8]
      [GC Worker Start (ms): Min: 90251966.0, Avg: 90251966.1, Max: 90251966.2, Diff: 0.2]
      [Ext Root Scanning (ms): Min: 1.1, Avg: 1.8, Max: 5.1, Diff: 4.0, Sum: 14.3]
      [Update RS (ms): Min: 0.0, Avg: 0.3, Max: 0.7, Diff: 0.7, Sum: 2.5]
         [Processed Buffers: Min: 0, Avg: 21.9, Max: 52, Diff: 52, Sum: 175]
      [Scan RS (ms): Min: 0.0, Avg: 0.1, Max: 0.2, Diff: 0.1, Sum: 0.7]
      [Code Root Scanning (ms): Min: 0.0, Avg: 0.0, Max: 0.0, Diff: 0.0, Sum: 0.0]
      [Object Copy (ms): Min: 0.0, Avg: 0.5, Max: 0.7, Diff: 0.7, Sum: 4.0]
      [Termination (ms): Min: 0.0, Avg: 2.4, Max: 2.8, Diff: 2.8, Sum: 19.4]
         [Termination Attempts: Min: 1, Avg: 1.8, Max: 3, Diff: 2, Sum: 14]
      [GC Worker Other (ms): Min: 0.0, Avg: 0.0, Max: 0.0, Diff: 0.0, Sum: 0.1]
      [GC Worker Total (ms): Min: 5.1, Avg: 5.1, Max: 5.2, Diff: 0.1, Sum: 41.1]
      [GC Worker End (ms): Min: 90251971.2, Avg: 90251971.2, Max: 90251971.2, Diff: 0.0]
   [Code Root Fixup: 0.0 ms]
   [Code Root Purge: 0.0 ms]
   [Clear CT: 0.6 ms]
   [Other: 5.0 ms]
      [Choose CSet: 0.0 ms]
      [Ref Proc: 4.4 ms]
      [Ref Enq: 0.1 ms]
      [Redirty Cards: 0.1 ms]
      [Humongous Register: 0.0 ms]
      [Humongous Reclaim: 0.0 ms]
      [Free CSet: 0.3 ms]
   [Eden: 7152.0M(7152.0M)->0.0B(7152.0M) Survivors: 16384.0K->16384.0K Heap: 9976.5M(14336.0M)->2824.7M(14336.0M)]
 [Times: user=0.05 sys=0.00, real=0.01 secs] 
2022-07-22T22:31:45.461-0700: 91276.966: [GC pause (G1 Evacuation Pause) (young), 0.0086840 secs]
   [Parallel Time: 5.4 ms, GC Workers: 8]
      [GC Worker Start (ms): Min: 91276966.1, Avg: 91276966.2, Max: 91276966.2, Diff: 0.1]
      [Ext Root Scanning (ms): Min: 1.0, Avg: 1.7, Max: 5.2, Diff: 4.1, Sum: 13.8]
      [Update RS (ms): Min: 0.0, Avg: 0.3, Max: 0.7, Diff: 0.7, Sum: 2.4]
         [Processed Buffers: Min: 0, Avg: 22.1, Max: 51, Diff: 51, Sum: 177]
      [Scan RS (ms): Min: 0.0, Avg: 0.1, Max: 0.2, Diff: 0.1, Sum: 0.7]
      [Code Root Scanning (ms): Min: 0.0, Avg: 0.0, Max: 0.0, Diff: 0.0, Sum: 0.0]
      [Object Copy (ms): Min: 0.0, Avg: 0.5, Max: 0.7, Diff: 0.7, Sum: 3.8]
      [Termination (ms): Min: 0.0, Avg: 2.6, Max: 2.9, Diff: 2.9, Sum: 20.5]
         [Termination Attempts: Min: 1, Avg: 1.5, Max: 3, Diff: 2, Sum: 12]
      [GC Worker Other (ms): Min: 0.0, Avg: 0.0, Max: 0.1, Diff: 0.1, Sum: 0.3]
      [GC Worker Total (ms): Min: 5.1, Avg: 5.2, Max: 5.3, Diff: 0.1, Sum: 41.5]
      [GC Worker End (ms): Min: 91276971.3, Avg: 91276971.4, Max: 91276971.4, Diff: 0.1]
   [Code Root Fixup: 0.0 ms]
   [Code Root Purge: 0.0 ms]
   [Clear CT: 0.6 ms]
   [Other: 2.7 ms]
      [Choose CSet: 0.0 ms]
      [Ref Proc: 2.1 ms]
      [Ref Enq: 0.1 ms]
      [Redirty Cards: 0.1 ms]
      [Humongous Register: 0.0 ms]
      [Humongous Reclaim: 0.0 ms]
      [Free CSet: 0.3 ms]
   [Eden: 7152.0M(7152.0M)->0.0B(7152.0M) Survivors: 16384.0K->16384.0K Heap: 9976.7M(14336.0M)->2824.6M(14336.0M)]
 [Times: user=0.05 sys=0.00, real=0.01 secs] 
2022-07-22T22:48:50.613-0700: 92302.117: [GC pause (G1 Evacuation Pause) (young), 0.0113011 secs]
   [Parallel Time: 5.9 ms, GC Workers: 8]
      [GC Worker Start (ms): Min: 92302117.5, Avg: 92302117.7, Max: 92302117.7, Diff: 0.2]
      [Ext Root Scanning (ms): Min: 1.1, Avg: 1.9, Max: 5.6, Diff: 4.5, Sum: 14.8]
      [Update RS (ms): Min: 0.0, Avg: 0.3, Max: 0.7, Diff: 0.7, Sum: 2.6]
         [Processed Buffers: Min: 0, Avg: 22.1, Max: 56, Diff: 56, Sum: 177]
      [Scan RS (ms): Min: 0.0, Avg: 0.1, Max: 0.2, Diff: 0.1, Sum: 0.6]
      [Code Root Scanning (ms): Min: 0.0, Avg: 0.0, Max: 0.0, Diff: 0.0, Sum: 0.0]
      [Object Copy (ms): Min: 0.0, Avg: 0.5, Max: 0.7, Diff: 0.7, Sum: 3.9]
      [Termination (ms): Min: 0.0, Avg: 2.8, Max: 3.2, Diff: 3.2, Sum: 22.3]
         [Termination Attempts: Min: 1, Avg: 2.4, Max: 4, Diff: 3, Sum: 19]
      [GC Worker Other (ms): Min: 0.0, Avg: 0.0, Max: 0.0, Diff: 0.0, Sum: 0.1]
      [GC Worker Total (ms): Min: 5.5, Avg: 5.6, Max: 5.6, Diff: 0.2, Sum: 44.5]
      [GC Worker End (ms): Min: 92302123.2, Avg: 92302123.2, Max: 92302123.2, Diff: 0.0]
   [Code Root Fixup: 0.0 ms]
   [Code Root Purge: 0.0 ms]
   [Clear CT: 0.6 ms]
   [Other: 4.8 ms]
      [Choose CSet: 0.0 ms]
      [Ref Proc: 4.1 ms]
      [Ref Enq: 0.1 ms]
      [Redirty Cards: 0.1 ms]
      [Humongous Register: 0.0 ms]
      [Humongous Reclaim: 0.0 ms]
      [Free CSet: 0.3 ms]
   [Eden: 7152.0M(7152.0M)->0.0B(7152.0M) Survivors: 16384.0K->16384.0K Heap: 9976.6M(14336.0M)->2824.6M(14336.0M)]
 [Times: user=0.06 sys=0.00, real=0.02 secs] 
2022-07-22T23:06:16.362-0700: 93347.867: [GC pause (G1 Evacuation Pause) (young), 0.0109148 secs]
   [Parallel Time: 5.8 ms, GC Workers: 8]
      [GC Worker Start (ms): Min: 93347867.0, Avg: 93347867.1, Max: 93347867.1, Diff: 0.2]
      [Ext Root Scanning (ms): Min: 1.1, Avg: 1.8, Max: 5.5, Diff: 4.3, Sum: 14.6]
      [Update RS (ms): Min: 0.0, Avg: 0.3, Max: 0.7, Diff: 0.7, Sum: 2.5]
         [Processed Buffers: Min: 0, Avg: 20.9, Max: 59, Diff: 59, Sum: 167]
      [Scan RS (ms): Min: 0.0, Avg: 0.1, Max: 0.2, Diff: 0.1, Sum: 0.7]
      [Code Root Scanning (ms): Min: 0.0, Avg: 0.0, Max: 0.0, Diff: 0.0, Sum: 0.0]
      [Object Copy (ms): Min: 0.0, Avg: 0.5, Max: 0.6, Diff: 0.6, Sum: 3.8]
      [Termination (ms): Min: 0.0, Avg: 2.7, Max: 3.1, Diff: 3.1, Sum: 21.6]
         [Termination Attempts: Min: 1, Avg: 1.5, Max: 2, Diff: 1, Sum: 12]
      [GC Worker Other (ms): Min: 0.0, Avg: 0.0, Max: 0.0, Diff: 0.0, Sum: 0.1]
      [GC Worker Total (ms): Min: 5.3, Avg: 5.4, Max: 5.5, Diff: 0.2, Sum: 43.3]
      [GC Worker End (ms): Min: 93347872.5, Avg: 93347872.5, Max: 93347872.5, Diff: 0.0]
   [Code Root Fixup: 0.0 ms]
   [Code Root Purge: 0.0 ms]
   [Clear CT: 0.6 ms]
   [Other: 4.5 ms]
      [Choose CSet: 0.0 ms]
      [Ref Proc: 3.9 ms]
      [Ref Enq: 0.1 ms]
      [Redirty Cards: 0.1 ms]
      [Humongous Register: 0.0 ms]
      [Humongous Reclaim: 0.0 ms]
      [Free CSet: 0.3 ms]
   [Eden: 7152.0M(7152.0M)->0.0B(7152.0M) Survivors: 16384.0K->16384.0K Heap: 9976.6M(14336.0M)->2824.7M(14336.0M)]
 [Times: user=0.05 sys=0.00, real=0.01 secs] 
2022-07-22T23:23:24.961-0700: 94376.466: [GC pause (G1 Evacuation Pause) (young), 0.0080752 secs]
   [Parallel Time: 5.0 ms, GC Workers: 8]
      [GC Worker Start (ms): Min: 94376466.1, Avg: 94376466.2, Max: 94376466.3, Diff: 0.1]
      [Ext Root Scanning (ms): Min: 1.1, Avg: 1.7, Max: 4.8, Diff: 3.7, Sum: 13.7]
      [Update RS (ms): Min: 0.0, Avg: 0.3, Max: 0.6, Diff: 0.6, Sum: 2.2]
         [Processed Buffers: Min: 0, Avg: 21.4, Max: 52, Diff: 52, Sum: 171]
      [Scan RS (ms): Min: 0.0, Avg: 0.1, Max: 0.1, Diff: 0.1, Sum: 0.6]
      [Code Root Scanning (ms): Min: 0.0, Avg: 0.0, Max: 0.0, Diff: 0.0, Sum: 0.0]
      [Object Copy (ms): Min: 0.0, Avg: 0.4, Max: 0.6, Diff: 0.6, Sum: 3.3]
      [Termination (ms): Min: 0.0, Avg: 2.3, Max: 2.6, Diff: 2.6, Sum: 18.2]
         [Termination Attempts: Min: 1, Avg: 1.6, Max: 3, Diff: 2, Sum: 13]
      [GC Worker Other (ms): Min: 0.0, Avg: 0.0, Max: 0.1, Diff: 0.1, Sum: 0.3]
      [GC Worker Total (ms): Min: 4.7, Avg: 4.8, Max: 4.9, Diff: 0.2, Sum: 38.3]
      [GC Worker End (ms): Min: 94376471.0, Avg: 94376471.0, Max: 94376471.1, Diff: 0.1]
   [Code Root Fixup: 0.0 ms]
   [Code Root Purge: 0.0 ms]
   [Clear CT: 0.6 ms]
   [Other: 2.5 ms]
      [Choose CSet: 0.0 ms]
      [Ref Proc: 1.8 ms]
      [Ref Enq: 0.1 ms]
      [Redirty Cards: 0.1 ms]
      [Humongous Register: 0.0 ms]
      [Humongous Reclaim: 0.0 ms]
      [Free CSet: 0.3 ms]
   [Eden: 7152.0M(7152.0M)->0.0B(7152.0M) Survivors: 16384.0K->16384.0K Heap: 9976.7M(14336.0M)->2824.5M(14336.0M)]
 [Times: user=0.05 sys=0.00, real=0.01 secs] 
2022-07-22T23:40:45.863-0700: 95417.367: [GC pause (G1 Evacuation Pause) (young), 0.0109716 secs]
   [Parallel Time: 5.7 ms, GC Workers: 8]
      [GC Worker Start (ms): Min: 95417367.6, Avg: 95417367.7, Max: 95417367.8, Diff: 0.2]
      [Ext Root Scanning (ms): Min: 1.1, Avg: 1.8, Max: 5.4, Diff: 4.3, Sum: 14.5]
      [Update RS (ms): Min: 0.0, Avg: 0.3, Max: 0.7, Diff: 0.7, Sum: 2.5]
         [Processed Buffers: Min: 0, Avg: 21.2, Max: 65, Diff: 65, Sum: 170]
      [Scan RS (ms): Min: 0.0, Avg: 0.1, Max: 0.2, Diff: 0.1, Sum: 0.7]
      [Code Root Scanning (ms): Min: 0.0, Avg: 0.0, Max: 0.0, Diff: 0.0, Sum: 0.0]
      [Object Copy (ms): Min: 0.0, Avg: 0.5, Max: 0.7, Diff: 0.7, Sum: 3.8]
      [Termination (ms): Min: 0.0, Avg: 2.7, Max: 3.1, Diff: 3.1, Sum: 21.3]
         [Termination Attempts: Min: 1, Avg: 1.5, Max: 3, Diff: 2, Sum: 12]
      [GC Worker Other (ms): Min: 0.0, Avg: 0.0, Max: 0.1, Diff: 0.0, Sum: 0.2]
      [GC Worker Total (ms): Min: 5.3, Avg: 5.4, Max: 5.5, Diff: 0.2, Sum: 43.0]
      [GC Worker End (ms): Min: 95417373.0, Avg: 95417373.0, Max: 95417373.1, Diff: 0.1]
   [Code Root Fixup: 0.0 ms]
   [Code Root Purge: 0.0 ms]
   [Clear CT: 0.6 ms]
   [Other: 4.6 ms]
      [Choose CSet: 0.0 ms]
      [Ref Proc: 4.0 ms]
      [Ref Enq: 0.1 ms]
      [Redirty Cards: 0.1 ms]
      [Humongous Register: 0.0 ms]
      [Humongous Reclaim: 0.0 ms]
      [Free CSet: 0.3 ms]
   [Eden: 7152.0M(7152.0M)->0.0B(7152.0M) Survivors: 16384.0K->16384.0K Heap: 9976.5M(14336.0M)->2824.7M(14336.0M)]
 [Times: user=0.05 sys=0.00, real=0.00 secs] 
2022-07-22T23:57:54.263-0700: 96445.768: [GC pause (G1 Evacuation Pause) (young), 0.0076221 secs]
   [Parallel Time: 4.8 ms, GC Workers: 8]
      [GC Worker Start (ms): Min: 96445768.3, Avg: 96445768.4, Max: 96445768.4, Diff: 0.1]
      [Ext Root Scanning (ms): Min: 0.9, Avg: 1.6, Max: 4.7, Diff: 3.7, Sum: 12.5]
      [Update RS (ms): Min: 0.0, Avg: 0.3, Max: 0.6, Diff: 0.6, Sum: 2.1]
         [Processed Buffers: Min: 0, Avg: 21.1, Max: 53, Diff: 53, Sum: 169]
      [Scan RS (ms): Min: 0.0, Avg: 0.1, Max: 0.1, Diff: 0.1, Sum: 0.6]
      [Code Root Scanning (ms): Min: 0.0, Avg: 0.0, Max: 0.0, Diff: 0.0, Sum: 0.0]
      [Object Copy (ms): Min: 0.0, Avg: 0.4, Max: 0.6, Diff: 0.6, Sum: 3.2]
      [Termination (ms): Min: 0.0, Avg: 2.4, Max: 2.7, Diff: 2.7, Sum: 18.8]
         [Termination Attempts: Min: 1, Avg: 1.1, Max: 2, Diff: 1, Sum: 9]
      [GC Worker Other (ms): Min: 0.0, Avg: 0.0, Max: 0.0, Diff: 0.0, Sum: 0.1]
      [GC Worker Total (ms): Min: 4.6, Avg: 4.7, Max: 4.7, Diff: 0.1, Sum: 37.3]
      [GC Worker End (ms): Min: 96445773.0, Avg: 96445773.0, Max: 96445773.0, Diff: 0.0]
   [Code Root Fixup: 0.0 ms]
   [Code Root Purge: 0.0 ms]
   [Clear CT: 0.6 ms]
   [Other: 2.2 ms]
      [Choose CSet: 0.0 ms]
      [Ref Proc: 1.6 ms]
      [Ref Enq: 0.1 ms]
      [Redirty Cards: 0.1 ms]
      [Humongous Register: 0.0 ms]
      [Humongous Reclaim: 0.0 ms]
      [Free CSet: 0.3 ms]
   [Eden: 7152.0M(7152.0M)->0.0B(7152.0M) Survivors: 16384.0K->16384.0K Heap: 9976.7M(14336.0M)->2824.6M(14336.0M)]
 [Times: user=0.05 sys=0.00, real=0.00 secs] 
2022-07-23T00:15:13.164-0700: 97484.668: [GC pause (G1 Evacuation Pause) (young), 0.0080581 secs]
   [Parallel Time: 5.1 ms, GC Workers: 8]
      [GC Worker Start (ms): Min: 97484668.4, Avg: 97484668.5, Max: 97484668.5, Diff: 0.1]
      [Ext Root Scanning (ms): Min: 1.1, Avg: 1.7, Max: 4.9, Diff: 3.9, Sum: 13.5]
      [Update RS (ms): Min: 0.0, Avg: 0.3, Max: 0.8, Diff: 0.8, Sum: 2.5]
         [Processed Buffers: Min: 0, Avg: 21.0, Max: 50, Diff: 50, Sum: 168]
      [Scan RS (ms): Min: 0.0, Avg: 0.1, Max: 0.1, Diff: 0.1, Sum: 0.7]
      [Code Root Scanning (ms): Min: 0.0, Avg: 0.0, Max: 0.0, Diff: 0.0, Sum: 0.0]
      [Object Copy (ms): Min: 0.0, Avg: 0.5, Max: 0.7, Diff: 0.7, Sum: 3.9]
      [Termination (ms): Min: 0.0, Avg: 2.4, Max: 2.7, Diff: 2.7, Sum: 19.1]
         [Termination Attempts: Min: 1, Avg: 1.0, Max: 1, Diff: 0, Sum: 8]
      [GC Worker Other (ms): Min: 0.0, Avg: 0.0, Max: 0.0, Diff: 0.0, Sum: 0.2]
      [GC Worker Total (ms): Min: 4.9, Avg: 5.0, Max: 5.0, Diff: 0.1, Sum: 39.8]
      [GC Worker End (ms): Min: 97484673.4, Avg: 97484673.4, Max: 97484673.5, Diff: 0.1]
   [Code Root Fixup: 0.0 ms]
   [Code Root Purge: 0.0 ms]
   [Clear CT: 0.6 ms]
   [Other: 2.4 ms]
      [Choose CSet: 0.0 ms]
      [Ref Proc: 1.7 ms]
      [Ref Enq: 0.1 ms]
      [Redirty Cards: 0.1 ms]
      [Humongous Register: 0.0 ms]
      [Humongous Reclaim: 0.0 ms]
      [Free CSet: 0.3 ms]
   [Eden: 7152.0M(7152.0M)->0.0B(7152.0M) Survivors: 16384.0K->16384.0K Heap: 9976.6M(14336.0M)->2824.9M(14336.0M)]
 [Times: user=0.05 sys=0.00, real=0.00 secs] 
2022-07-23T00:32:32.260-0700: 98523.765: [GC pause (G1 Evacuation Pause) (young), 0.0108470 secs]
   [Parallel Time: 5.4 ms, GC Workers: 8]
      [GC Worker Start (ms): Min: 98523765.1, Avg: 98523765.2, Max: 98523765.2, Diff: 0.2]
      [Ext Root Scanning (ms): Min: 1.1, Avg: 1.7, Max: 5.1, Diff: 4.0, Sum: 13.9]
      [Update RS (ms): Min: 0.0, Avg: 0.3, Max: 0.9, Diff: 0.9, Sum: 2.5]
         [Processed Buffers: Min: 0, Avg: 22.0, Max: 67, Diff: 67, Sum: 176]
      [Scan RS (ms): Min: 0.0, Avg: 0.1, Max: 0.2, Diff: 0.1, Sum: 0.6]
      [Code Root Scanning (ms): Min: 0.0, Avg: 0.0, Max: 0.0, Diff: 0.0, Sum: 0.0]
      [Object Copy (ms): Min: 0.0, Avg: 0.6, Max: 1.2, Diff: 1.2, Sum: 4.7]
      [Termination (ms): Min: 0.0, Avg: 2.4, Max: 2.7, Diff: 2.7, Sum: 18.9]
         [Termination Attempts: Min: 1, Avg: 1.6, Max: 3, Diff: 2, Sum: 13]
      [GC Worker Other (ms): Min: 0.0, Avg: 0.0, Max: 0.0, Diff: 0.0, Sum: 0.2]
      [GC Worker Total (ms): Min: 5.0, Avg: 5.1, Max: 5.2, Diff: 0.2, Sum: 40.7]
      [GC Worker End (ms): Min: 98523770.2, Avg: 98523770.3, Max: 98523770.3, Diff: 0.0]
   [Code Root Fixup: 0.0 ms]
   [Code Root Purge: 0.0 ms]
   [Clear CT: 0.7 ms]
   [Other: 4.8 ms]
      [Choose CSet: 0.0 ms]
      [Ref Proc: 4.0 ms]
      [Ref Enq: 0.1 ms]
      [Redirty Cards: 0.2 ms]
      [Humongous Register: 0.0 ms]
      [Humongous Reclaim: 0.0 ms]
      [Free CSet: 0.3 ms]
   [Eden: 7152.0M(7152.0M)->0.0B(7152.0M) Survivors: 16384.0K->16384.0K Heap: 9976.9M(14336.0M)->2824.6M(14336.0M)]
 [Times: user=0.05 sys=0.01, real=0.01 secs] 
2022-07-23T00:49:54.735-0700: 99566.240: [GC pause (G1 Evacuation Pause) (young), 0.0100458 secs]
   [Parallel Time: 5.8 ms, GC Workers: 8]
      [GC Worker Start (ms): Min: 99566239.7, Avg: 99566239.8, Max: 99566239.9, Diff: 0.2]
      [Ext Root Scanning (ms): Min: 1.1, Avg: 1.9, Max: 5.5, Diff: 4.3, Sum: 14.9]
      [Update RS (ms): Min: 0.0, Avg: 0.3, Max: 0.7, Diff: 0.7, Sum: 2.5]
         [Processed Buffers: Min: 0, Avg: 21.2, Max: 83, Diff: 83, Sum: 170]
      [Scan RS (ms): Min: 0.0, Avg: 0.1, Max: 0.2, Diff: 0.2, Sum: 0.7]
      [Code Root Scanning (ms): Min: 0.0, Avg: 0.0, Max: 0.0, Diff: 0.0, Sum: 0.0]
      [Object Copy (ms): Min: 0.0, Avg: 0.5, Max: 0.7, Diff: 0.7, Sum: 3.7]
      [Termination (ms): Min: 0.0, Avg: 2.7, Max: 3.1, Diff: 3.1, Sum: 21.6]
         [Termination Attempts: Min: 1, Avg: 1.5, Max: 2, Diff: 1, Sum: 12]
      [GC Worker Other (ms): Min: 0.0, Avg: 0.0, Max: 0.0, Diff: 0.0, Sum: 0.1]
      [GC Worker Total (ms): Min: 5.4, Avg: 5.4, Max: 5.5, Diff: 0.1, Sum: 43.5]
      [GC Worker End (ms): Min: 99566245.2, Avg: 99566245.2, Max: 99566245.2, Diff: 0.0]
   [Code Root Fixup: 0.0 ms]
   [Code Root Purge: 0.0 ms]
   [Clear CT: 0.6 ms]
   [Other: 3.7 ms]
      [Choose CSet: 0.0 ms]
      [Ref Proc: 3.1 ms]
      [Ref Enq: 0.1 ms]
      [Redirty Cards: 0.1 ms]
      [Humongous Register: 0.0 ms]
      [Humongous Reclaim: 0.0 ms]
      [Free CSet: 0.3 ms]
   [Eden: 7152.0M(7152.0M)->0.0B(7152.0M) Survivors: 16384.0K->16384.0K Heap: 9976.6M(14336.0M)->2824.7M(14336.0M)]
 [Times: user=0.06 sys=0.00, real=0.01 secs] 
2022-07-23T01:07:20.662-0700: 100612.167: [GC pause (G1 Evacuation Pause) (young), 0.0105398 secs]
   [Parallel Time: 5.6 ms, GC Workers: 8]
      [GC Worker Start (ms): Min: 100612167.3, Avg: 100612167.4, Max: 100612167.5, Diff: 0.1]
      [Ext Root Scanning (ms): Min: 1.1, Avg: 1.8, Max: 5.3, Diff: 4.2, Sum: 14.4]
      [Update RS (ms): Min: 0.0, Avg: 0.3, Max: 0.7, Diff: 0.7, Sum: 2.6]
         [Processed Buffers: Min: 0, Avg: 20.9, Max: 75, Diff: 75, Sum: 167]
      [Scan RS (ms): Min: 0.0, Avg: 0.1, Max: 0.2, Diff: 0.1, Sum: 0.7]
      [Code Root Scanning (ms): Min: 0.0, Avg: 0.0, Max: 0.0, Diff: 0.0, Sum: 0.0]
      [Object Copy (ms): Min: 0.0, Avg: 0.5, Max: 0.7, Diff: 0.7, Sum: 4.0]
      [Termination (ms): Min: 0.0, Avg: 2.6, Max: 3.0, Diff: 3.0, Sum: 20.7]
         [Termination Attempts: Min: 1, Avg: 1.4, Max: 2, Diff: 1, Sum: 11]
      [GC Worker Other (ms): Min: 0.0, Avg: 0.0, Max: 0.0, Diff: 0.0, Sum: 0.1]
      [GC Worker Total (ms): Min: 5.2, Avg: 5.3, Max: 5.4, Diff: 0.1, Sum: 42.5]
      [GC Worker End (ms): Min: 100612172.7, Avg: 100612172.7, Max: 100612172.7, Diff: 0.0]
   [Code Root Fixup: 0.0 ms]
   [Code Root Purge: 0.0 ms]
   [Clear CT: 0.6 ms]
   [Other: 4.3 ms]
      [Choose CSet: 0.0 ms]
      [Ref Proc: 3.7 ms]
      [Ref Enq: 0.1 ms]
      [Redirty Cards: 0.1 ms]
      [Humongous Register: 0.0 ms]
      [Humongous Reclaim: 0.0 ms]
      [Free CSet: 0.3 ms]
   [Eden: 7152.0M(7152.0M)->0.0B(7152.0M) Survivors: 16384.0K->16384.0K Heap: 9976.7M(14336.0M)->2824.6M(14336.0M)]
 [Times: user=0.05 sys=0.01, real=0.01 secs] 
2022-07-23T01:24:41.410-0700: 101652.915: [GC pause (G1 Evacuation Pause) (young), 0.0105825 secs]
   [Parallel Time: 6.0 ms, GC Workers: 8]
      [GC Worker Start (ms): Min: 101652915.1, Avg: 101652915.2, Max: 101652915.2, Diff: 0.2]
      [Ext Root Scanning (ms): Min: 1.1, Avg: 1.8, Max: 5.6, Diff: 4.5, Sum: 14.5]
      [Update RS (ms): Min: 0.0, Avg: 0.5, Max: 2.3, Diff: 2.3, Sum: 4.1]
         [Processed Buffers: Min: 0, Avg: 22.1, Max: 84, Diff: 84, Sum: 177]
      [Scan RS (ms): Min: 0.0, Avg: 0.1, Max: 0.1, Diff: 0.1, Sum: 0.7]
      [Code Root Scanning (ms): Min: 0.0, Avg: 0.0, Max: 0.0, Diff: 0.0, Sum: 0.0]
      [Object Copy (ms): Min: 0.0, Avg: 0.5, Max: 0.7, Diff: 0.7, Sum: 4.0]
      [Termination (ms): Min: 0.0, Avg: 2.6, Max: 3.2, Diff: 3.2, Sum: 20.9]
         [Termination Attempts: Min: 1, Avg: 2.4, Max: 4, Diff: 3, Sum: 19]
      [GC Worker Other (ms): Min: 0.0, Avg: 0.0, Max: 0.0, Diff: 0.0, Sum: 0.2]
      [GC Worker Total (ms): Min: 5.5, Avg: 5.6, Max: 5.7, Diff: 0.2, Sum: 44.5]
      [GC Worker End (ms): Min: 101652920.7, Avg: 101652920.7, Max: 101652920.8, Diff: 0.0]
   [Code Root Fixup: 0.0 ms]
   [Code Root Purge: 0.0 ms]
   [Clear CT: 0.6 ms]
   [Other: 4.0 ms]
      [Choose CSet: 0.0 ms]
      [Ref Proc: 3.4 ms]
      [Ref Enq: 0.1 ms]
      [Redirty Cards: 0.1 ms]
      [Humongous Register: 0.0 ms]
      [Humongous Reclaim: 0.0 ms]
      [Free CSet: 0.3 ms]
   [Eden: 7152.0M(7152.0M)->0.0B(7152.0M) Survivors: 16384.0K->16384.0K Heap: 9976.6M(14336.0M)->2824.7M(14336.0M)]
 [Times: user=0.06 sys=0.00, real=0.01 secs] 
2022-07-23T01:42:06.063-0700: 102697.567: [GC pause (G1 Evacuation Pause) (young), 0.0120538 secs]
   [Parallel Time: 5.9 ms, GC Workers: 8]
      [GC Worker Start (ms): Min: 102697567.5, Avg: 102697567.6, Max: 102697567.7, Diff: 0.2]
      [Ext Root Scanning (ms): Min: 1.1, Avg: 1.8, Max: 5.5, Diff: 4.4, Sum: 14.8]
      [Update RS (ms): Min: 0.0, Avg: 0.5, Max: 1.8, Diff: 1.8, Sum: 4.2]
         [Processed Buffers: Min: 0, Avg: 21.2, Max: 73, Diff: 73, Sum: 170]
      [Scan RS (ms): Min: 0.0, Avg: 0.1, Max: 0.2, Diff: 0.2, Sum: 0.7]
      [Code Root Scanning (ms): Min: 0.0, Avg: 0.0, Max: 0.0, Diff: 0.0, Sum: 0.0]
      [Object Copy (ms): Min: 0.0, Avg: 0.5, Max: 0.7, Diff: 0.7, Sum: 4.1]
      [Termination (ms): Min: 0.0, Avg: 2.4, Max: 3.0, Diff: 3.0, Sum: 19.6]
         [Termination Attempts: Min: 1, Avg: 10.9, Max: 28, Diff: 27, Sum: 87]
      [GC Worker Other (ms): Min: 0.0, Avg: 0.0, Max: 0.0, Diff: 0.0, Sum: 0.1]
      [GC Worker Total (ms): Min: 5.3, Avg: 5.4, Max: 5.5, Diff: 0.2, Sum: 43.5]
      [GC Worker End (ms): Min: 102697573.0, Avg: 102697573.0, Max: 102697573.0, Diff: 0.0]
   [Code Root Fixup: 0.0 ms]
   [Code Root Purge: 0.0 ms]
   [Clear CT: 0.6 ms]
   [Other: 5.6 ms]
      [Choose CSet: 0.0 ms]
      [Ref Proc: 5.0 ms]
      [Ref Enq: 0.1 ms]
      [Redirty Cards: 0.1 ms]
      [Humongous Register: 0.1 ms]
      [Humongous Reclaim: 0.0 ms]
      [Free CSet: 0.3 ms]
   [Eden: 7152.0M(7152.0M)->0.0B(7152.0M) Survivors: 16384.0K->16384.0K Heap: 9976.7M(14336.0M)->2824.6M(14336.0M)]
 [Times: user=0.06 sys=0.01, real=0.02 secs] 
2022-07-23T01:59:25.661-0700: 103737.166: [GC pause (G1 Evacuation Pause) (young), 0.0086858 secs]
   [Parallel Time: 5.6 ms, GC Workers: 8]
      [GC Worker Start (ms): Min: 103737166.2, Avg: 103737166.3, Max: 103737166.4, Diff: 0.2]
      [Ext Root Scanning (ms): Min: 1.1, Avg: 1.9, Max: 5.4, Diff: 4.2, Sum: 14.8]
      [Update RS (ms): Min: 0.0, Avg: 0.5, Max: 1.7, Diff: 1.7, Sum: 3.9]
         [Processed Buffers: Min: 0, Avg: 21.6, Max: 86, Diff: 86, Sum: 173]
      [Scan RS (ms): Min: 0.0, Avg: 0.1, Max: 0.2, Diff: 0.2, Sum: 0.6]
      [Code Root Scanning (ms): Min: 0.0, Avg: 0.0, Max: 0.0, Diff: 0.0, Sum: 0.0]
      [Object Copy (ms): Min: 0.0, Avg: 0.5, Max: 0.8, Diff: 0.8, Sum: 4.2]
      [Termination (ms): Min: 0.0, Avg: 2.4, Max: 2.8, Diff: 2.8, Sum: 18.9]
         [Termination Attempts: Min: 1, Avg: 21.1, Max: 38, Diff: 37, Sum: 169]
      [GC Worker Other (ms): Min: 0.0, Avg: 0.0, Max: 0.0, Diff: 0.0, Sum: 0.1]
      [GC Worker Total (ms): Min: 5.3, Avg: 5.3, Max: 5.4, Diff: 0.2, Sum: 42.7]
      [GC Worker End (ms): Min: 103737171.6, Avg: 103737171.6, Max: 103737171.6, Diff: 0.0]
   [Code Root Fixup: 0.0 ms]
   [Code Root Purge: 0.0 ms]
   [Clear CT: 0.6 ms]
   [Other: 2.5 ms]
      [Choose CSet: 0.0 ms]
      [Ref Proc: 1.9 ms]
      [Ref Enq: 0.1 ms]
      [Redirty Cards: 0.1 ms]
      [Humongous Register: 0.0 ms]
      [Humongous Reclaim: 0.0 ms]
      [Free CSet: 0.3 ms]
   [Eden: 7152.0M(7152.0M)->0.0B(7152.0M) Survivors: 16384.0K->16384.0K Heap: 9976.6M(14336.0M)->2824.7M(14336.0M)]
 [Times: user=0.06 sys=0.00, real=0.01 secs] 
2022-07-23T02:16:48.262-0700: 104779.766: [GC pause (G1 Evacuation Pause) (young), 0.0111289 secs]
   [Parallel Time: 5.3 ms, GC Workers: 8]
      [GC Worker Start (ms): Min: 104779766.6, Avg: 104779766.7, Max: 104779766.8, Diff: 0.2]
      [Ext Root Scanning (ms): Min: 1.1, Avg: 1.8, Max: 5.0, Diff: 3.9, Sum: 14.1]
      [Update RS (ms): Min: 0.0, Avg: 0.3, Max: 0.7, Diff: 0.7, Sum: 2.5]
         [Processed Buffers: Min: 0, Avg: 21.1, Max: 64, Diff: 64, Sum: 169]
      [Scan RS (ms): Min: 0.0, Avg: 0.1, Max: 0.2, Diff: 0.1, Sum: 0.7]
      [Code Root Scanning (ms): Min: 0.0, Avg: 0.0, Max: 0.0, Diff: 0.0, Sum: 0.0]
      [Object Copy (ms): Min: 0.0, Avg: 0.5, Max: 0.7, Diff: 0.7, Sum: 3.9]
      [Termination (ms): Min: 0.0, Avg: 2.4, Max: 2.7, Diff: 2.7, Sum: 18.8]
         [Termination Attempts: Min: 1, Avg: 2.0, Max: 4, Diff: 3, Sum: 16]
      [GC Worker Other (ms): Min: 0.0, Avg: 0.0, Max: 0.0, Diff: 0.0, Sum: 0.2]
      [GC Worker Total (ms): Min: 4.9, Avg: 5.0, Max: 5.1, Diff: 0.2, Sum: 40.2]
      [GC Worker End (ms): Min: 104779771.7, Avg: 104779771.7, Max: 104779771.7, Diff: 0.0]
   [Code Root Fixup: 0.0 ms]
   [Code Root Purge: 0.0 ms]
   [Clear CT: 0.6 ms]
   [Other: 5.2 ms]
      [Choose CSet: 0.0 ms]
      [Ref Proc: 4.5 ms]
      [Ref Enq: 0.2 ms]
      [Redirty Cards: 0.1 ms]
      [Humongous Register: 0.0 ms]
      [Humongous Reclaim: 0.0 ms]
      [Free CSet: 0.3 ms]
   [Eden: 7152.0M(7152.0M)->0.0B(7152.0M) Survivors: 16384.0K->16384.0K Heap: 9976.7M(14336.0M)->2824.6M(14336.0M)]
 [Times: user=0.05 sys=0.00, real=0.01 secs] 
2022-07-23T02:34:03.662-0700: 105815.167: [GC pause (G1 Evacuation Pause) (young), 0.0110661 secs]
   [Parallel Time: 5.8 ms, GC Workers: 8]
      [GC Worker Start (ms): Min: 105815166.9, Avg: 105815167.0, Max: 105815167.1, Diff: 0.1]
      [Ext Root Scanning (ms): Min: 1.1, Avg: 1.8, Max: 5.6, Diff: 4.5, Sum: 14.7]
      [Update RS (ms): Min: 0.0, Avg: 0.3, Max: 0.7, Diff: 0.7, Sum: 2.5]
         [Processed Buffers: Min: 0, Avg: 21.6, Max: 68, Diff: 68, Sum: 173]
      [Scan RS (ms): Min: 0.0, Avg: 0.1, Max: 0.2, Diff: 0.1, Sum: 0.7]
      [Code Root Scanning (ms): Min: 0.0, Avg: 0.0, Max: 0.0, Diff: 0.0, Sum: 0.0]
      [Object Copy (ms): Min: 0.0, Avg: 0.4, Max: 0.6, Diff: 0.6, Sum: 3.6]
      [Termination (ms): Min: 0.0, Avg: 2.9, Max: 3.4, Diff: 3.4, Sum: 23.4]
         [Termination Attempts: Min: 1, Avg: 1.5, Max: 3, Diff: 2, Sum: 12]
      [GC Worker Other (ms): Min: 0.0, Avg: 0.0, Max: 0.0, Diff: 0.0, Sum: 0.1]
      [GC Worker Total (ms): Min: 5.6, Avg: 5.6, Max: 5.7, Diff: 0.1, Sum: 45.0]
      [GC Worker End (ms): Min: 105815172.6, Avg: 105815172.6, Max: 105815172.7, Diff: 0.1]
   [Code Root Fixup: 0.0 ms]
   [Code Root Purge: 0.0 ms]
   [Clear CT: 0.6 ms]
   [Other: 4.6 ms]
      [Choose CSet: 0.0 ms]
      [Ref Proc: 4.0 ms]
      [Ref Enq: 0.1 ms]
      [Redirty Cards: 0.1 ms]
      [Humongous Register: 0.0 ms]
      [Humongous Reclaim: 0.0 ms]
      [Free CSet: 0.3 ms]
   [Eden: 7152.0M(7152.0M)->0.0B(7152.0M) Survivors: 16384.0K->16384.0K Heap: 9976.6M(14336.0M)->2824.6M(14336.0M)]
 [Times: user=0.06 sys=0.00, real=0.01 secs] 
2022-07-23T02:51:23.262-0700: 106854.767: [GC pause (G1 Evacuation Pause) (young), 0.0089402 secs]
   [Parallel Time: 5.6 ms, GC Workers: 8]
      [GC Worker Start (ms): Min: 106854767.0, Avg: 106854767.1, Max: 106854767.2, Diff: 0.2]
      [Ext Root Scanning (ms): Min: 1.2, Avg: 1.9, Max: 5.3, Diff: 4.2, Sum: 14.9]
      [Update RS (ms): Min: 0.0, Avg: 0.3, Max: 0.8, Diff: 0.8, Sum: 2.6]
         [Processed Buffers: Min: 0, Avg: 20.8, Max: 71, Diff: 71, Sum: 166]
      [Scan RS (ms): Min: 0.0, Avg: 0.1, Max: 0.1, Diff: 0.1, Sum: 0.6]
      [Code Root Scanning (ms): Min: 0.0, Avg: 0.0, Max: 0.0, Diff: 0.0, Sum: 0.0]
      [Object Copy (ms): Min: 0.0, Avg: 0.5, Max: 0.7, Diff: 0.7, Sum: 4.0]
      [Termination (ms): Min: 0.0, Avg: 2.5, Max: 2.9, Diff: 2.9, Sum: 20.1]
         [Termination Attempts: Min: 1, Avg: 1.2, Max: 2, Diff: 1, Sum: 10]
      [GC Worker Other (ms): Min: 0.0, Avg: 0.0, Max: 0.0, Diff: 0.0, Sum: 0.1]
      [GC Worker Total (ms): Min: 5.2, Avg: 5.3, Max: 5.4, Diff: 0.2, Sum: 42.3]
      [GC Worker End (ms): Min: 106854772.4, Avg: 106854772.4, Max: 106854772.4, Diff: 0.0]
   [Code Root Fixup: 0.0 ms]
   [Code Root Purge: 0.0 ms]
   [Clear CT: 0.6 ms]
   [Other: 2.7 ms]
      [Choose CSet: 0.0 ms]
      [Ref Proc: 2.1 ms]
      [Ref Enq: 0.1 ms]
      [Redirty Cards: 0.1 ms]
      [Humongous Register: 0.0 ms]
      [Humongous Reclaim: 0.0 ms]
      [Free CSet: 0.3 ms]
   [Eden: 7152.0M(7152.0M)->0.0B(7152.0M) Survivors: 16384.0K->16384.0K Heap: 9976.6M(14336.0M)->2824.7M(14336.0M)]
 [Times: user=0.06 sys=0.00, real=0.01 secs] 
2022-07-23T03:08:25.712-0700: 107877.216: [GC pause (G1 Evacuation Pause) (young), 0.0111286 secs]
   [Parallel Time: 5.4 ms, GC Workers: 8]
      [GC Worker Start (ms): Min: 107877216.5, Avg: 107877216.6, Max: 107877216.6, Diff: 0.2]
      [Ext Root Scanning (ms): Min: 1.1, Avg: 1.7, Max: 5.1, Diff: 4.0, Sum: 13.8]
      [Update RS (ms): Min: 0.0, Avg: 0.3, Max: 0.7, Diff: 0.7, Sum: 2.5]
         [Processed Buffers: Min: 0, Avg: 23.2, Max: 65, Diff: 65, Sum: 186]
      [Scan RS (ms): Min: 0.0, Avg: 0.1, Max: 0.2, Diff: 0.1, Sum: 0.6]
      [Code Root Scanning (ms): Min: 0.0, Avg: 0.0, Max: 0.0, Diff: 0.0, Sum: 0.0]
      [Object Copy (ms): Min: 0.0, Avg: 0.5, Max: 0.7, Diff: 0.7, Sum: 3.7]
      [Termination (ms): Min: 0.0, Avg: 2.5, Max: 2.8, Diff: 2.8, Sum: 19.6]
         [Termination Attempts: Min: 1, Avg: 1.5, Max: 2, Diff: 1, Sum: 12]
      [GC Worker Other (ms): Min: 0.0, Avg: 0.0, Max: 0.0, Diff: 0.0, Sum: 0.1]
      [GC Worker Total (ms): Min: 5.0, Avg: 5.1, Max: 5.1, Diff: 0.1, Sum: 40.4]
      [GC Worker End (ms): Min: 107877221.6, Avg: 107877221.6, Max: 107877221.6, Diff: 0.0]
   [Code Root Fixup: 0.0 ms]
   [Code Root Purge: 0.0 ms]
   [Clear CT: 0.6 ms]
   [Other: 5.1 ms]
      [Choose CSet: 0.0 ms]
      [Ref Proc: 4.4 ms]
      [Ref Enq: 0.1 ms]
      [Redirty Cards: 0.1 ms]
      [Humongous Register: 0.0 ms]
      [Humongous Reclaim: 0.0 ms]
      [Free CSet: 0.3 ms]
   [Eden: 7152.0M(7152.0M)->0.0B(7152.0M) Survivors: 16384.0K->16384.0K Heap: 9976.7M(14336.0M)->2824.7M(14336.0M)]
 [Times: user=0.05 sys=0.00, real=0.02 secs] 
2022-07-23T03:25:37.462-0700: 108908.966: [GC pause (G1 Evacuation Pause) (young), 0.0108321 secs]
   [Parallel Time: 5.6 ms, GC Workers: 8]
      [GC Worker Start (ms): Min: 108908966.4, Avg: 108908966.5, Max: 108908966.6, Diff: 0.2]
      [Ext Root Scanning (ms): Min: 1.1, Avg: 1.8, Max: 5.2, Diff: 4.1, Sum: 14.5]
      [Update RS (ms): Min: 0.0, Avg: 0.3, Max: 0.7, Diff: 0.7, Sum: 2.7]
         [Processed Buffers: Min: 0, Avg: 24.0, Max: 74, Diff: 74, Sum: 192]
      [Scan RS (ms): Min: 0.0, Avg: 0.1, Max: 0.2, Diff: 0.2, Sum: 0.7]
      [Code Root Scanning (ms): Min: 0.0, Avg: 0.0, Max: 0.0, Diff: 0.0, Sum: 0.1]
      [Object Copy (ms): Min: 0.0, Avg: 0.5, Max: 0.6, Diff: 0.6, Sum: 3.6]
      [Termination (ms): Min: 0.0, Avg: 2.5, Max: 2.8, Diff: 2.8, Sum: 19.7]
         [Termination Attempts: Min: 1, Avg: 1.1, Max: 2, Diff: 1, Sum: 9]
      [GC Worker Other (ms): Min: 0.0, Avg: 0.0, Max: 0.0, Diff: 0.0, Sum: 0.1]
      [GC Worker Total (ms): Min: 5.1, Avg: 5.2, Max: 5.3, Diff: 0.1, Sum: 41.3]
      [GC Worker End (ms): Min: 108908971.6, Avg: 108908971.6, Max: 108908971.7, Diff: 0.0]
   [Code Root Fixup: 0.0 ms]
   [Code Root Purge: 0.0 ms]
   [Clear CT: 0.6 ms]
   [Other: 4.7 ms]
      [Choose CSet: 0.0 ms]
      [Ref Proc: 4.1 ms]
      [Ref Enq: 0.1 ms]
      [Redirty Cards: 0.1 ms]
      [Humongous Register: 0.0 ms]
      [Humongous Reclaim: 0.0 ms]
      [Free CSet: 0.3 ms]
   [Eden: 7152.0M(7152.0M)->0.0B(7152.0M) Survivors: 16384.0K->16384.0K Heap: 9976.7M(14336.0M)->2824.7M(14336.0M)]
 [Times: user=0.05 sys=0.00, real=0.01 secs] 
2022-07-23T03:42:55.983-0700: 109947.488: [GC pause (G1 Evacuation Pause) (young), 0.0110334 secs]
   [Parallel Time: 5.4 ms, GC Workers: 8]
      [GC Worker Start (ms): Min: 109947487.9, Avg: 109947488.0, Max: 109947488.1, Diff: 0.2]
      [Ext Root Scanning (ms): Min: 1.1, Avg: 1.8, Max: 5.1, Diff: 4.0, Sum: 14.2]
      [Update RS (ms): Min: 0.0, Avg: 0.3, Max: 0.7, Diff: 0.7, Sum: 2.6]
         [Processed Buffers: Min: 0, Avg: 21.6, Max: 49, Diff: 49, Sum: 173]
      [Scan RS (ms): Min: 0.0, Avg: 0.1, Max: 0.1, Diff: 0.1, Sum: 0.7]
      [Code Root Scanning (ms): Min: 0.0, Avg: 0.0, Max: 0.0, Diff: 0.0, Sum: 0.1]
      [Object Copy (ms): Min: 0.0, Avg: 0.5, Max: 0.7, Diff: 0.7, Sum: 4.0]
      [Termination (ms): Min: 0.0, Avg: 2.4, Max: 2.7, Diff: 2.7, Sum: 19.1]
         [Termination Attempts: Min: 1, Avg: 1.5, Max: 3, Diff: 2, Sum: 12]
      [GC Worker Other (ms): Min: 0.0, Avg: 0.0, Max: 0.0, Diff: 0.0, Sum: 0.1]
      [GC Worker Total (ms): Min: 5.0, Avg: 5.1, Max: 5.2, Diff: 0.2, Sum: 40.8]
      [GC Worker End (ms): Min: 109947493.1, Avg: 109947493.1, Max: 109947493.1, Diff: 0.0]
   [Code Root Fixup: 0.0 ms]
   [Code Root Purge: 0.0 ms]
   [Clear CT: 0.6 ms]
   [Other: 5.0 ms]
      [Choose CSet: 0.0 ms]
      [Ref Proc: 4.4 ms]
      [Ref Enq: 0.1 ms]
      [Redirty Cards: 0.1 ms]
      [Humongous Register: 0.0 ms]
      [Humongous Reclaim: 0.0 ms]
      [Free CSet: 0.3 ms]
   [Eden: 7152.0M(7152.0M)->0.0B(7152.0M) Survivors: 16384.0K->16384.0K Heap: 9976.7M(14336.0M)->2824.7M(14336.0M)]
 [Times: user=0.04 sys=0.01, real=0.00 secs] 
2022-07-23T04:00:14.031-0700: 110985.536: [GC pause (G1 Evacuation Pause) (young), 0.0111906 secs]
   [Parallel Time: 5.6 ms, GC Workers: 8]
      [GC Worker Start (ms): Min: 110985536.2, Avg: 110985536.2, Max: 110985536.3, Diff: 0.2]
      [Ext Root Scanning (ms): Min: 1.1, Avg: 1.8, Max: 5.3, Diff: 4.2, Sum: 14.3]
      [Update RS (ms): Min: 0.0, Avg: 0.3, Max: 0.7, Diff: 0.7, Sum: 2.6]
         [Processed Buffers: Min: 0, Avg: 21.6, Max: 47, Diff: 47, Sum: 173]
      [Scan RS (ms): Min: 0.0, Avg: 0.1, Max: 0.2, Diff: 0.2, Sum: 0.7]
      [Code Root Scanning (ms): Min: 0.0, Avg: 0.0, Max: 0.0, Diff: 0.0, Sum: 0.0]
      [Object Copy (ms): Min: 0.0, Avg: 0.5, Max: 0.7, Diff: 0.7, Sum: 3.9]
      [Termination (ms): Min: 0.0, Avg: 2.6, Max: 2.9, Diff: 2.9, Sum: 20.5]
         [Termination Attempts: Min: 1, Avg: 1.0, Max: 1, Diff: 0, Sum: 8]
      [GC Worker Other (ms): Min: 0.0, Avg: 0.0, Max: 0.0, Diff: 0.0, Sum: 0.1]
      [GC Worker Total (ms): Min: 5.2, Avg: 5.3, Max: 5.3, Diff: 0.2, Sum: 42.1]
      [GC Worker End (ms): Min: 110985541.5, Avg: 110985541.5, Max: 110985541.5, Diff: 0.0]
   [Code Root Fixup: 0.0 ms]
   [Code Root Purge: 0.0 ms]
   [Clear CT: 0.6 ms]
   [Other: 4.9 ms]
      [Choose CSet: 0.0 ms]
      [Ref Proc: 4.4 ms]
      [Ref Enq: 0.1 ms]
      [Redirty Cards: 0.1 ms]
      [Humongous Register: 0.0 ms]
      [Humongous Reclaim: 0.0 ms]
      [Free CSet: 0.3 ms]
   [Eden: 7152.0M(7152.0M)->0.0B(7152.0M) Survivors: 16384.0K->16384.0K Heap: 9976.7M(14336.0M)->2824.8M(14336.0M)]
 [Times: user=0.05 sys=0.01, real=0.02 secs] 
2022-07-23T04:17:27.023-0700: 112018.528: [GC pause (G1 Evacuation Pause) (young), 0.0091473 secs]
   [Parallel Time: 4.5 ms, GC Workers: 8]
      [GC Worker Start (ms): Min: 112018527.9, Avg: 112018527.9, Max: 112018528.0, Diff: 0.1]
      [Ext Root Scanning (ms): Min: 0.8, Avg: 1.4, Max: 4.4, Diff: 3.6, Sum: 11.1]
      [Update RS (ms): Min: 0.0, Avg: 0.2, Max: 0.4, Diff: 0.4, Sum: 1.6]
         [Processed Buffers: Min: 0, Avg: 20.5, Max: 43, Diff: 43, Sum: 164]
      [Scan RS (ms): Min: 0.0, Avg: 0.1, Max: 0.1, Diff: 0.1, Sum: 0.5]
      [Code Root Scanning (ms): Min: 0.0, Avg: 0.0, Max: 0.0, Diff: 0.0, Sum: 0.0]
      [Object Copy (ms): Min: 0.0, Avg: 0.7, Max: 0.9, Diff: 0.9, Sum: 5.4]
      [Termination (ms): Min: 0.0, Avg: 2.0, Max: 2.3, Diff: 2.3, Sum: 16.3]
         [Termination Attempts: Min: 1, Avg: 1.0, Max: 1, Diff: 0, Sum: 8]
      [GC Worker Other (ms): Min: 0.0, Avg: 0.0, Max: 0.0, Diff: 0.0, Sum: 0.1]
      [GC Worker Total (ms): Min: 4.3, Avg: 4.4, Max: 4.4, Diff: 0.1, Sum: 35.0]
      [GC Worker End (ms): Min: 112018532.3, Avg: 112018532.3, Max: 112018532.3, Diff: 0.0]
   [Code Root Fixup: 0.0 ms]
   [Code Root Purge: 0.0 ms]
   [Clear CT: 0.5 ms]
   [Other: 4.1 ms]
      [Choose CSet: 0.0 ms]
      [Ref Proc: 3.6 ms]
      [Ref Enq: 0.1 ms]
      [Redirty Cards: 0.1 ms]
      [Humongous Register: 0.0 ms]
      [Humongous Reclaim: 0.0 ms]
      [Free CSet: 0.3 ms]
   [Eden: 7152.0M(7152.0M)->0.0B(7152.0M) Survivors: 16384.0K->16384.0K Heap: 9976.8M(14336.0M)->2826.0M(14336.0M)]
 [Times: user=0.04 sys=0.00, real=0.00 secs] 
2022-07-23T04:34:49.608-0700: 113061.112: [GC pause (G1 Evacuation Pause) (young), 0.0108224 secs]
   [Parallel Time: 5.6 ms, GC Workers: 8]
      [GC Worker Start (ms): Min: 113061112.6, Avg: 113061113.0, Max: 113061115.5, Diff: 2.9]
      [Ext Root Scanning (ms): Min: 0.0, Avg: 1.8, Max: 5.3, Diff: 5.3, Sum: 14.3]
      [Update RS (ms): Min: 0.0, Avg: 0.3, Max: 0.7, Diff: 0.7, Sum: 2.6]
         [Processed Buffers: Min: 0, Avg: 20.6, Max: 70, Diff: 70, Sum: 165]
      [Scan RS (ms): Min: 0.0, Avg: 0.1, Max: 0.2, Diff: 0.2, Sum: 0.7]
      [Code Root Scanning (ms): Min: 0.0, Avg: 0.0, Max: 0.0, Diff: 0.0, Sum: 0.0]
      [Object Copy (ms): Min: 0.0, Avg: 0.5, Max: 0.8, Diff: 0.8, Sum: 3.9]
      [Termination (ms): Min: 0.0, Avg: 2.3, Max: 2.6, Diff: 2.6, Sum: 18.2]
         [Termination Attempts: Min: 1, Avg: 1.6, Max: 3, Diff: 2, Sum: 13]
      [GC Worker Other (ms): Min: 0.0, Avg: 0.0, Max: 0.0, Diff: 0.0, Sum: 0.1]
      [GC Worker Total (ms): Min: 2.5, Avg: 5.0, Max: 5.4, Diff: 2.9, Sum: 40.0]
      [GC Worker End (ms): Min: 113061118.0, Avg: 113061118.0, Max: 113061118.0, Diff: 0.0]
   [Code Root Fixup: 0.0 ms]
   [Code Root Purge: 0.0 ms]
   [Clear CT: 0.6 ms]
   [Other: 4.6 ms]
      [Choose CSet: 0.0 ms]
      [Ref Proc: 3.9 ms]
      [Ref Enq: 0.1 ms]
      [Redirty Cards: 0.1 ms]
      [Humongous Register: 0.0 ms]
      [Humongous Reclaim: 0.0 ms]
      [Free CSet: 0.3 ms]
   [Eden: 7152.0M(7152.0M)->0.0B(7152.0M) Survivors: 16384.0K->16384.0K Heap: 9978.0M(14336.0M)->2826.0M(14336.0M)]
 [Times: user=0.04 sys=0.01, real=0.01 secs] 
2022-07-23T04:52:05.612-0700: 114097.117: [GC pause (G1 Evacuation Pause) (young), 0.0106258 secs]
   [Parallel Time: 5.3 ms, GC Workers: 8]
      [GC Worker Start (ms): Min: 114097117.3, Avg: 114097117.4, Max: 114097117.5, Diff: 0.1]
      [Ext Root Scanning (ms): Min: 1.1, Avg: 1.8, Max: 5.1, Diff: 4.0, Sum: 14.0]
      [Update RS (ms): Min: 0.0, Avg: 0.3, Max: 0.7, Diff: 0.7, Sum: 2.5]
         [Processed Buffers: Min: 0, Avg: 21.9, Max: 67, Diff: 67, Sum: 175]
      [Scan RS (ms): Min: 0.0, Avg: 0.1, Max: 0.2, Diff: 0.2, Sum: 0.8]
      [Code Root Scanning (ms): Min: 0.0, Avg: 0.0, Max: 0.0, Diff: 0.0, Sum: 0.0]
      [Object Copy (ms): Min: 0.0, Avg: 0.5, Max: 0.7, Diff: 0.7, Sum: 3.7]
      [Termination (ms): Min: 0.0, Avg: 2.4, Max: 2.8, Diff: 2.8, Sum: 19.5]
         [Termination Attempts: Min: 1, Avg: 3.1, Max: 6, Diff: 5, Sum: 25]
      [GC Worker Other (ms): Min: 0.0, Avg: 0.0, Max: 0.0, Diff: 0.0, Sum: 0.1]
      [GC Worker Total (ms): Min: 5.0, Avg: 5.1, Max: 5.1, Diff: 0.1, Sum: 40.7]
      [GC Worker End (ms): Min: 114097122.5, Avg: 114097122.5, Max: 114097122.5, Diff: 0.0]
   [Code Root Fixup: 0.0 ms]
   [Code Root Purge: 0.0 ms]
   [Clear CT: 0.6 ms]
   [Other: 4.8 ms]
      [Choose CSet: 0.0 ms]
      [Ref Proc: 4.1 ms]
      [Ref Enq: 0.1 ms]
      [Redirty Cards: 0.1 ms]
      [Humongous Register: 0.0 ms]
      [Humongous Reclaim: 0.0 ms]
      [Free CSet: 0.3 ms]
   [Eden: 7152.0M(7152.0M)->0.0B(7152.0M) Survivors: 16384.0K->16384.0K Heap: 9978.0M(14336.0M)->2825.1M(14336.0M)]
 [Times: user=0.04 sys=0.01, real=0.02 secs] 
2022-07-23T05:09:26.961-0700: 115138.465: [GC pause (G1 Evacuation Pause) (young), 0.0107150 secs]
   [Parallel Time: 5.9 ms, GC Workers: 8]
      [GC Worker Start (ms): Min: 115138465.6, Avg: 115138465.7, Max: 115138465.7, Diff: 0.2]
      [Ext Root Scanning (ms): Min: 1.1, Avg: 1.9, Max: 5.6, Diff: 4.5, Sum: 15.1]
      [Update RS (ms): Min: 0.0, Avg: 0.3, Max: 0.7, Diff: 0.7, Sum: 2.6]
         [Processed Buffers: Min: 0, Avg: 20.9, Max: 61, Diff: 61, Sum: 167]
      [Scan RS (ms): Min: 0.0, Avg: 0.1, Max: 0.2, Diff: 0.1, Sum: 0.8]
      [Code Root Scanning (ms): Min: 0.0, Avg: 0.0, Max: 0.0, Diff: 0.0, Sum: 0.0]
      [Object Copy (ms): Min: 0.0, Avg: 0.5, Max: 0.7, Diff: 0.7, Sum: 4.0]
      [Termination (ms): Min: 0.0, Avg: 2.8, Max: 3.2, Diff: 3.2, Sum: 22.5]
         [Termination Attempts: Min: 1, Avg: 1.6, Max: 3, Diff: 2, Sum: 13]
      [GC Worker Other (ms): Min: 0.0, Avg: 0.0, Max: 0.0, Diff: 0.0, Sum: 0.1]
      [GC Worker Total (ms): Min: 5.5, Avg: 5.6, Max: 5.7, Diff: 0.2, Sum: 45.1]
      [GC Worker End (ms): Min: 115138471.3, Avg: 115138471.3, Max: 115138471.3, Diff: 0.0]
   [Code Root Fixup: 0.0 ms]
   [Code Root Purge: 0.0 ms]
   [Clear CT: 0.6 ms]
   [Other: 4.2 ms]
      [Choose CSet: 0.0 ms]
      [Ref Proc: 3.6 ms]
      [Ref Enq: 0.1 ms]
      [Redirty Cards: 0.1 ms]
      [Humongous Register: 0.0 ms]
      [Humongous Reclaim: 0.0 ms]
      [Free CSet: 0.3 ms]
   [Eden: 7152.0M(7152.0M)->0.0B(7152.0M) Survivors: 16384.0K->16384.0K Heap: 9977.1M(14336.0M)->2824.8M(14336.0M)]
 [Times: user=0.06 sys=0.00, real=0.01 secs] 
2022-07-23T05:26:46.012-0700: 116177.517: [GC pause (G1 Evacuation Pause) (young), 0.0105153 secs]
   [Parallel Time: 5.5 ms, GC Workers: 8]
      [GC Worker Start (ms): Min: 116177516.9, Avg: 116177517.0, Max: 116177517.1, Diff: 0.2]
      [Ext Root Scanning (ms): Min: 1.1, Avg: 1.8, Max: 5.1, Diff: 4.0, Sum: 14.1]
      [Update RS (ms): Min: 0.0, Avg: 0.3, Max: 0.9, Diff: 0.9, Sum: 2.6]
         [Processed Buffers: Min: 0, Avg: 21.9, Max: 61, Diff: 61, Sum: 175]
      [Scan RS (ms): Min: 0.0, Avg: 0.1, Max: 0.2, Diff: 0.2, Sum: 0.7]
      [Code Root Scanning (ms): Min: 0.0, Avg: 0.0, Max: 0.0, Diff: 0.0, Sum: 0.0]
      [Object Copy (ms): Min: 0.0, Avg: 0.5, Max: 0.8, Diff: 0.8, Sum: 4.1]
      [Termination (ms): Min: 0.0, Avg: 2.3, Max: 2.7, Diff: 2.7, Sum: 18.7]
         [Termination Attempts: Min: 1, Avg: 1.8, Max: 3, Diff: 2, Sum: 14]
      [GC Worker Other (ms): Min: 0.0, Avg: 0.0, Max: 0.1, Diff: 0.0, Sum: 0.2]
      [GC Worker Total (ms): Min: 5.0, Avg: 5.1, Max: 5.1, Diff: 0.1, Sum: 40.5]
      [GC Worker End (ms): Min: 116177522.0, Avg: 116177522.1, Max: 116177522.1, Diff: 0.0]
   [Code Root Fixup: 0.0 ms]
   [Code Root Purge: 0.0 ms]
   [Clear CT: 0.6 ms]
   [Other: 4.4 ms]
      [Choose CSet: 0.0 ms]
      [Ref Proc: 3.7 ms]
      [Ref Enq: 0.1 ms]
      [Redirty Cards: 0.1 ms]
      [Humongous Register: 0.0 ms]
      [Humongous Reclaim: 0.0 ms]
      [Free CSet: 0.3 ms]
   [Eden: 7152.0M(7152.0M)->0.0B(7152.0M) Survivors: 16384.0K->16384.0K Heap: 9976.8M(14336.0M)->2824.8M(14336.0M)]
 [Times: user=0.05 sys=0.01, real=0.02 secs] 
2022-07-23T05:44:07.462-0700: 117218.967: [GC pause (G1 Evacuation Pause) (young), 0.0084479 secs]
   [Parallel Time: 5.4 ms, GC Workers: 8]
      [GC Worker Start (ms): Min: 117218966.9, Avg: 117218967.3, Max: 117218969.2, Diff: 2.3]
      [Ext Root Scanning (ms): Min: 0.0, Avg: 1.8, Max: 5.3, Diff: 5.3, Sum: 14.0]
      [Update RS (ms): Min: 0.0, Avg: 0.3, Max: 0.8, Diff: 0.8, Sum: 2.5]
         [Processed Buffers: Min: 0, Avg: 21.2, Max: 74, Diff: 74, Sum: 170]
      [Scan RS (ms): Min: 0.0, Avg: 0.1, Max: 0.2, Diff: 0.1, Sum: 0.7]
      [Code Root Scanning (ms): Min: 0.0, Avg: 0.0, Max: 0.0, Diff: 0.0, Sum: 0.0]
      [Object Copy (ms): Min: 0.0, Avg: 0.5, Max: 0.8, Diff: 0.8, Sum: 4.2]
      [Termination (ms): Min: 0.0, Avg: 2.3, Max: 2.6, Diff: 2.6, Sum: 18.2]
         [Termination Attempts: Min: 1, Avg: 1.5, Max: 2, Diff: 1, Sum: 12]
      [GC Worker Other (ms): Min: 0.0, Avg: 0.0, Max: 0.0, Diff: 0.0, Sum: 0.1]
      [GC Worker Total (ms): Min: 3.0, Avg: 5.0, Max: 5.3, Diff: 2.3, Sum: 39.7]
      [GC Worker End (ms): Min: 117218972.2, Avg: 117218972.2, Max: 117218972.3, Diff: 0.0]
   [Code Root Fixup: 0.0 ms]
   [Code Root Purge: 0.0 ms]
   [Clear CT: 0.6 ms]
   [Other: 2.4 ms]
      [Choose CSet: 0.0 ms]
      [Ref Proc: 1.8 ms]
      [Ref Enq: 0.1 ms]
      [Redirty Cards: 0.1 ms]
      [Humongous Register: 0.0 ms]
      [Humongous Reclaim: 0.0 ms]
      [Free CSet: 0.3 ms]
   [Eden: 7152.0M(7152.0M)->0.0B(7152.0M) Survivors: 16384.0K->16384.0K Heap: 9976.8M(14336.0M)->2824.8M(14336.0M)]
 [Times: user=0.05 sys=0.00, real=0.01 secs] 
2022-07-23T06:01:06.612-0700: 118238.117: [GC pause (G1 Evacuation Pause) (young), 0.0113369 secs]
   [Parallel Time: 5.7 ms, GC Workers: 8]
      [GC Worker Start (ms): Min: 118238116.8, Avg: 118238116.9, Max: 118238117.0, Diff: 0.2]
      [Ext Root Scanning (ms): Min: 1.1, Avg: 1.8, Max: 5.3, Diff: 4.2, Sum: 14.3]
      [Update RS (ms): Min: 0.0, Avg: 0.3, Max: 0.7, Diff: 0.7, Sum: 2.5]
         [Processed Buffers: Min: 0, Avg: 21.2, Max: 67, Diff: 67, Sum: 170]
      [Scan RS (ms): Min: 0.0, Avg: 0.1, Max: 0.2, Diff: 0.1, Sum: 0.7]
      [Code Root Scanning (ms): Min: 0.0, Avg: 0.0, Max: 0.0, Diff: 0.0, Sum: 0.0]
      [Object Copy (ms): Min: 0.0, Avg: 0.4, Max: 0.6, Diff: 0.6, Sum: 3.5]
      [Termination (ms): Min: 0.0, Avg: 2.6, Max: 3.0, Diff: 3.0, Sum: 20.8]
         [Termination Attempts: Min: 1, Avg: 1.0, Max: 1, Diff: 0, Sum: 8]
      [GC Worker Other (ms): Min: 0.0, Avg: 0.0, Max: 0.0, Diff: 0.0, Sum: 0.2]
      [GC Worker Total (ms): Min: 5.2, Avg: 5.3, Max: 5.4, Diff: 0.2, Sum: 42.0]
      [GC Worker End (ms): Min: 118238122.2, Avg: 118238122.2, Max: 118238122.2, Diff: 0.0]
   [Code Root Fixup: 0.0 ms]
   [Code Root Purge: 0.0 ms]
   [Clear CT: 0.7 ms]
   [Other: 5.0 ms]
      [Choose CSet: 0.0 ms]
      [Ref Proc: 4.4 ms]
      [Ref Enq: 0.1 ms]
      [Redirty Cards: 0.1 ms]
      [Humongous Register: 0.0 ms]
      [Humongous Reclaim: 0.0 ms]
      [Free CSet: 0.3 ms]
   [Eden: 7152.0M(7152.0M)->0.0B(7152.0M) Survivors: 16384.0K->16384.0K Heap: 9976.8M(14336.0M)->2824.8M(14336.0M)]
 [Times: user=0.06 sys=0.00, real=0.02 secs] 
2022-07-23T06:18:14.626-0700: 119266.131: [GC pause (G1 Evacuation Pause) (young), 0.0115032 secs]
   [Parallel Time: 6.0 ms, GC Workers: 8]
      [GC Worker Start (ms): Min: 119266131.1, Avg: 119266131.2, Max: 119266131.3, Diff: 0.2]
      [Ext Root Scanning (ms): Min: 1.1, Avg: 1.8, Max: 5.6, Diff: 4.5, Sum: 14.5]
      [Update RS (ms): Min: 0.0, Avg: 0.3, Max: 0.7, Diff: 0.7, Sum: 2.5]
         [Processed Buffers: Min: 0, Avg: 21.5, Max: 69, Diff: 69, Sum: 172]
      [Scan RS (ms): Min: 0.0, Avg: 0.1, Max: 0.1, Diff: 0.1, Sum: 0.6]
      [Code Root Scanning (ms): Min: 0.0, Avg: 0.0, Max: 0.0, Diff: 0.0, Sum: 0.0]
      [Object Copy (ms): Min: 0.0, Avg: 0.5, Max: 0.6, Diff: 0.6, Sum: 3.7]
      [Termination (ms): Min: 0.0, Avg: 2.9, Max: 3.3, Diff: 3.3, Sum: 23.0]
         [Termination Attempts: Min: 1, Avg: 1.9, Max: 3, Diff: 2, Sum: 15]
      [GC Worker Other (ms): Min: 0.0, Avg: 0.0, Max: 0.0, Diff: 0.0, Sum: 0.2]
      [GC Worker Total (ms): Min: 5.5, Avg: 5.6, Max: 5.6, Diff: 0.1, Sum: 44.6]
      [GC Worker End (ms): Min: 119266136.8, Avg: 119266136.8, Max: 119266136.8, Diff: 0.0]
   [Code Root Fixup: 0.0 ms]
   [Code Root Purge: 0.0 ms]
   [Clear CT: 0.6 ms]
   [Other: 4.9 ms]
      [Choose CSet: 0.0 ms]
      [Ref Proc: 4.2 ms]
      [Ref Enq: 0.1 ms]
      [Redirty Cards: 0.1 ms]
      [Humongous Register: 0.0 ms]
      [Humongous Reclaim: 0.0 ms]
      [Free CSet: 0.4 ms]
   [Eden: 7152.0M(7152.0M)->0.0B(7152.0M) Survivors: 16384.0K->16384.0K Heap: 9976.8M(14336.0M)->2824.7M(14336.0M)]
 [Times: user=0.06 sys=0.00, real=0.01 secs] 
2022-07-23T06:35:34.062-0700: 120305.566: [GC pause (G1 Evacuation Pause) (young), 0.0109434 secs]
   [Parallel Time: 5.3 ms, GC Workers: 8]
      [GC Worker Start (ms): Min: 120305566.5, Avg: 120305566.5, Max: 120305566.6, Diff: 0.1]
      [Ext Root Scanning (ms): Min: 1.1, Avg: 1.8, Max: 5.2, Diff: 4.1, Sum: 14.3]
      [Update RS (ms): Min: 0.0, Avg: 0.3, Max: 0.7, Diff: 0.7, Sum: 2.5]
         [Processed Buffers: Min: 0, Avg: 20.1, Max: 62, Diff: 62, Sum: 161]
      [Scan RS (ms): Min: 0.0, Avg: 0.1, Max: 0.2, Diff: 0.2, Sum: 0.6]
      [Code Root Scanning (ms): Min: 0.0, Avg: 0.0, Max: 0.0, Diff: 0.0, Sum: 0.0]
      [Object Copy (ms): Min: 0.0, Avg: 0.5, Max: 0.7, Diff: 0.7, Sum: 3.8]
      [Termination (ms): Min: 0.0, Avg: 2.5, Max: 2.9, Diff: 2.9, Sum: 19.9]
         [Termination Attempts: Min: 1, Avg: 1.0, Max: 1, Diff: 0, Sum: 8]
      [GC Worker Other (ms): Min: 0.0, Avg: 0.0, Max: 0.0, Diff: 0.0, Sum: 0.1]
      [GC Worker Total (ms): Min: 5.1, Avg: 5.2, Max: 5.2, Diff: 0.1, Sum: 41.3]
      [GC Worker End (ms): Min: 120305571.7, Avg: 120305571.7, Max: 120305571.7, Diff: 0.0]
   [Code Root Fixup: 0.0 ms]
   [Code Root Purge: 0.0 ms]
   [Clear CT: 0.6 ms]
   [Other: 5.1 ms]
      [Choose CSet: 0.0 ms]
      [Ref Proc: 4.3 ms]
      [Ref Enq: 0.2 ms]
      [Redirty Cards: 0.1 ms]
      [Humongous Register: 0.0 ms]
      [Humongous Reclaim: 0.0 ms]
      [Free CSet: 0.3 ms]
   [Eden: 7152.0M(7152.0M)->0.0B(7152.0M) Survivors: 16384.0K->16384.0K Heap: 9976.7M(14336.0M)->2824.8M(14336.0M)]
 [Times: user=0.06 sys=0.00, real=0.01 secs] 
2022-07-23T06:52:50.213-0700: 121341.717: [GC pause (G1 Evacuation Pause) (young), 0.0095372 secs]
   [Parallel Time: 4.7 ms, GC Workers: 8]
      [GC Worker Start (ms): Min: 121341717.5, Avg: 121341717.8, Max: 121341719.8, Diff: 2.4]
      [Ext Root Scanning (ms): Min: 0.0, Avg: 1.5, Max: 4.5, Diff: 4.5, Sum: 12.0]
      [Update RS (ms): Min: 0.0, Avg: 0.2, Max: 0.7, Diff: 0.7, Sum: 2.0]
         [Processed Buffers: Min: 0, Avg: 21.4, Max: 66, Diff: 66, Sum: 171]
      [Scan RS (ms): Min: 0.0, Avg: 0.1, Max: 0.1, Diff: 0.1, Sum: 0.6]
      [Code Root Scanning (ms): Min: 0.0, Avg: 0.0, Max: 0.0, Diff: 0.0, Sum: 0.0]
      [Object Copy (ms): Min: 0.0, Avg: 0.4, Max: 0.6, Diff: 0.6, Sum: 3.0]
      [Termination (ms): Min: 0.0, Avg: 2.0, Max: 2.3, Diff: 2.3, Sum: 15.9]
         [Termination Attempts: Min: 1, Avg: 1.8, Max: 3, Diff: 2, Sum: 14]
      [GC Worker Other (ms): Min: 0.0, Avg: 0.0, Max: 0.0, Diff: 0.0, Sum: 0.1]
      [GC Worker Total (ms): Min: 2.2, Avg: 4.2, Max: 4.5, Diff: 2.3, Sum: 33.5]
      [GC Worker End (ms): Min: 121341722.0, Avg: 121341722.0, Max: 121341722.0, Diff: 0.0]
   [Code Root Fixup: 0.0 ms]
   [Code Root Purge: 0.0 ms]
   [Clear CT: 0.6 ms]
   [Other: 4.2 ms]
      [Choose CSet: 0.0 ms]
      [Ref Proc: 3.5 ms]
      [Ref Enq: 0.1 ms]
      [Redirty Cards: 0.1 ms]
      [Humongous Register: 0.1 ms]
      [Humongous Reclaim: 0.0 ms]
      [Free CSet: 0.3 ms]
   [Eden: 7152.0M(7152.0M)->0.0B(7152.0M) Survivors: 16384.0K->16384.0K Heap: 9976.8M(14336.0M)->2824.8M(14336.0M)]
 [Times: user=0.05 sys=0.00, real=0.01 secs] 
2022-07-23T07:10:13.461-0700: 122384.966: [GC pause (G1 Evacuation Pause) (young), 0.0098498 secs]
   [Parallel Time: 5.1 ms, GC Workers: 8]
      [GC Worker Start (ms): Min: 122384966.2, Avg: 122384966.2, Max: 122384966.3, Diff: 0.1]
      [Ext Root Scanning (ms): Min: 1.1, Avg: 1.7, Max: 5.0, Diff: 3.8, Sum: 13.8]
      [Update RS (ms): Min: 0.0, Avg: 0.3, Max: 0.6, Diff: 0.6, Sum: 2.2]
         [Processed Buffers: Min: 0, Avg: 21.5, Max: 97, Diff: 97, Sum: 172]
      [Scan RS (ms): Min: 0.0, Avg: 0.1, Max: 0.1, Diff: 0.1, Sum: 0.6]
      [Code Root Scanning (ms): Min: 0.0, Avg: 0.0, Max: 0.0, Diff: 0.0, Sum: 0.0]
      [Object Copy (ms): Min: 0.0, Avg: 0.5, Max: 0.7, Diff: 0.7, Sum: 3.8]
      [Termination (ms): Min: 0.0, Avg: 2.4, Max: 2.7, Diff: 2.7, Sum: 19.0]
         [Termination Attempts: Min: 1, Avg: 1.4, Max: 2, Diff: 1, Sum: 11]
      [GC Worker Other (ms): Min: 0.0, Avg: 0.0, Max: 0.0, Diff: 0.0, Sum: 0.1]
      [GC Worker Total (ms): Min: 4.9, Avg: 5.0, Max: 5.0, Diff: 0.1, Sum: 39.6]
      [GC Worker End (ms): Min: 122384971.2, Avg: 122384971.2, Max: 122384971.2, Diff: 0.0]
   [Code Root Fixup: 0.0 ms]
   [Code Root Purge: 0.0 ms]
   [Clear CT: 0.6 ms]
   [Other: 4.1 ms]
      [Choose CSet: 0.0 ms]
      [Ref Proc: 3.3 ms]
      [Ref Enq: 0.1 ms]
      [Redirty Cards: 0.2 ms]
      [Humongous Register: 0.0 ms]
      [Humongous Reclaim: 0.0 ms]
      [Free CSet: 0.3 ms]
   [Eden: 7152.0M(7152.0M)->0.0B(7152.0M) Survivors: 16384.0K->16384.0K Heap: 9976.8M(14336.0M)->2825.1M(14336.0M)]
 [Times: user=0.05 sys=0.01, real=0.01 secs] 
2022-07-23T07:27:18.662-0700: 123410.167: [GC pause (G1 Evacuation Pause) (young), 0.0102892 secs]
   [Parallel Time: 5.5 ms, GC Workers: 8]
      [GC Worker Start (ms): Min: 123410166.7, Avg: 123410166.7, Max: 123410166.8, Diff: 0.2]
      [Ext Root Scanning (ms): Min: 1.1, Avg: 1.8, Max: 5.3, Diff: 4.2, Sum: 14.5]
      [Update RS (ms): Min: 0.0, Avg: 0.3, Max: 0.6, Diff: 0.6, Sum: 2.4]
         [Processed Buffers: Min: 0, Avg: 22.1, Max: 62, Diff: 62, Sum: 177]
      [Scan RS (ms): Min: 0.0, Avg: 0.1, Max: 0.1, Diff: 0.1, Sum: 0.7]
      [Code Root Scanning (ms): Min: 0.0, Avg: 0.0, Max: 0.0, Diff: 0.0, Sum: 0.0]
      [Object Copy (ms): Min: 0.0, Avg: 0.6, Max: 1.4, Diff: 1.4, Sum: 5.1]
      [Termination (ms): Min: 0.0, Avg: 2.4, Max: 2.8, Diff: 2.8, Sum: 19.3]
         [Termination Attempts: Min: 1, Avg: 1.0, Max: 1, Diff: 0, Sum: 8]
      [GC Worker Other (ms): Min: 0.0, Avg: 0.0, Max: 0.0, Diff: 0.0, Sum: 0.1]
      [GC Worker Total (ms): Min: 5.2, Avg: 5.3, Max: 5.3, Diff: 0.1, Sum: 42.1]
      [GC Worker End (ms): Min: 123410172.0, Avg: 123410172.0, Max: 123410172.0, Diff: 0.0]
   [Code Root Fixup: 0.0 ms]
   [Code Root Purge: 0.0 ms]
   [Clear CT: 0.6 ms]
   [Other: 4.1 ms]
      [Choose CSet: 0.0 ms]
      [Ref Proc: 3.6 ms]
      [Ref Enq: 0.1 ms]
      [Redirty Cards: 0.1 ms]
      [Humongous Register: 0.0 ms]
      [Humongous Reclaim: 0.0 ms]
      [Free CSet: 0.3 ms]
   [Eden: 7152.0M(7152.0M)->0.0B(7152.0M) Survivors: 16384.0K->16384.0K Heap: 9977.1M(14336.0M)->2824.8M(14336.0M)]
 [Times: user=0.05 sys=0.00, real=0.01 secs] 
2022-07-23T07:44:32.011-0700: 124443.516: [GC pause (G1 Evacuation Pause) (young), 0.0106314 secs]
   [Parallel Time: 5.1 ms, GC Workers: 8]
      [GC Worker Start (ms): Min: 124443516.2, Avg: 124443516.3, Max: 124443516.4, Diff: 0.2]
      [Ext Root Scanning (ms): Min: 1.1, Avg: 1.7, Max: 5.0, Diff: 3.9, Sum: 14.0]
      [Update RS (ms): Min: 0.0, Avg: 0.3, Max: 0.8, Diff: 0.8, Sum: 2.5]
         [Processed Buffers: Min: 0, Avg: 21.4, Max: 61, Diff: 61, Sum: 171]
      [Scan RS (ms): Min: 0.0, Avg: 0.1, Max: 0.1, Diff: 0.1, Sum: 0.6]
      [Code Root Scanning (ms): Min: 0.0, Avg: 0.0, Max: 0.0, Diff: 0.0, Sum: 0.0]
      [Object Copy (ms): Min: 0.0, Avg: 0.5, Max: 0.8, Diff: 0.8, Sum: 4.1]
      [Termination (ms): Min: 0.0, Avg: 2.3, Max: 2.6, Diff: 2.6, Sum: 18.4]
         [Termination Attempts: Min: 1, Avg: 1.0, Max: 1, Diff: 0, Sum: 8]
      [GC Worker Other (ms): Min: 0.0, Avg: 0.0, Max: 0.0, Diff: 0.0, Sum: 0.1]
      [GC Worker Total (ms): Min: 4.9, Avg: 5.0, Max: 5.0, Diff: 0.1, Sum: 39.8]
      [GC Worker End (ms): Min: 124443521.3, Avg: 124443521.3, Max: 124443521.3, Diff: 0.0]
   [Code Root Fixup: 0.0 ms]
   [Code Root Purge: 0.0 ms]
   [Clear CT: 0.6 ms]
   [Other: 4.9 ms]
      [Choose CSet: 0.0 ms]
      [Ref Proc: 4.3 ms]
      [Ref Enq: 0.1 ms]
      [Redirty Cards: 0.1 ms]
      [Humongous Register: 0.0 ms]
      [Humongous Reclaim: 0.0 ms]
      [Free CSet: 0.3 ms]
   [Eden: 7152.0M(7152.0M)->0.0B(7152.0M) Survivors: 16384.0K->16384.0K Heap: 9976.8M(14336.0M)->2824.8M(14336.0M)]
 [Times: user=0.05 sys=0.00, real=0.01 secs] 
2022-07-23T08:01:42.863-0700: 125474.368: [GC pause (G1 Evacuation Pause) (young), 0.0104936 secs]
   [Parallel Time: 5.2 ms, GC Workers: 8]
      [GC Worker Start (ms): Min: 125474368.1, Avg: 125474368.2, Max: 125474368.2, Diff: 0.1]
      [Ext Root Scanning (ms): Min: 1.1, Avg: 1.8, Max: 5.0, Diff: 3.9, Sum: 14.0]
      [Update RS (ms): Min: 0.0, Avg: 0.3, Max: 0.8, Diff: 0.7, Sum: 2.7]
         [Processed Buffers: Min: 0, Avg: 21.4, Max: 49, Diff: 49, Sum: 171]
      [Scan RS (ms): Min: 0.0, Avg: 0.1, Max: 0.2, Diff: 0.1, Sum: 0.7]
      [Code Root Scanning (ms): Min: 0.0, Avg: 0.0, Max: 0.0, Diff: 0.0, Sum: 0.0]
      [Object Copy (ms): Min: 0.0, Avg: 0.5, Max: 0.7, Diff: 0.7, Sum: 4.0]
      [Termination (ms): Min: 0.0, Avg: 2.3, Max: 2.6, Diff: 2.6, Sum: 18.5]
         [Termination Attempts: Min: 1, Avg: 1.0, Max: 1, Diff: 0, Sum: 8]
      [GC Worker Other (ms): Min: 0.0, Avg: 0.0, Max: 0.0, Diff: 0.0, Sum: 0.1]
      [GC Worker Total (ms): Min: 4.9, Avg: 5.0, Max: 5.0, Diff: 0.1, Sum: 40.0]
      [GC Worker End (ms): Min: 125474373.2, Avg: 125474373.2, Max: 125474373.2, Diff: 0.0]
   [Code Root Fixup: 0.0 ms]
   [Code Root Purge: 0.0 ms]
   [Clear CT: 0.6 ms]
   [Other: 4.6 ms]
      [Choose CSet: 0.0 ms]
      [Ref Proc: 4.0 ms]
      [Ref Enq: 0.1 ms]
      [Redirty Cards: 0.1 ms]
      [Humongous Register: 0.0 ms]
      [Humongous Reclaim: 0.0 ms]
      [Free CSet: 0.3 ms]
   [Eden: 7152.0M(7152.0M)->0.0B(7152.0M) Survivors: 16384.0K->16384.0K Heap: 9976.8M(14336.0M)->2825.0M(14336.0M)]
 [Times: user=0.05 sys=0.00, real=0.00 secs] 
2022-07-23T08:18:53.062-0700: 126504.566: [GC pause (G1 Evacuation Pause) (young), 0.0103840 secs]
   [Parallel Time: 5.7 ms, GC Workers: 8]
      [GC Worker Start (ms): Min: 126504566.4, Avg: 126504566.5, Max: 126504566.6, Diff: 0.2]
      [Ext Root Scanning (ms): Min: 1.1, Avg: 1.8, Max: 5.5, Diff: 4.4, Sum: 14.6]
      [Update RS (ms): Min: 0.0, Avg: 0.3, Max: 0.6, Diff: 0.6, Sum: 2.4]
         [Processed Buffers: Min: 0, Avg: 22.5, Max: 87, Diff: 87, Sum: 180]
      [Scan RS (ms): Min: 0.0, Avg: 0.1, Max: 0.1, Diff: 0.1, Sum: 0.6]
      [Code Root Scanning (ms): Min: 0.0, Avg: 0.0, Max: 0.0, Diff: 0.0, Sum: 0.0]
      [Object Copy (ms): Min: 0.0, Avg: 0.5, Max: 0.7, Diff: 0.7, Sum: 3.7]
      [Termination (ms): Min: 0.0, Avg: 2.7, Max: 3.2, Diff: 3.2, Sum: 22.0]
         [Termination Attempts: Min: 1, Avg: 2.1, Max: 3, Diff: 2, Sum: 17]
      [GC Worker Other (ms): Min: 0.0, Avg: 0.0, Max: 0.0, Diff: 0.0, Sum: 0.2]
      [GC Worker Total (ms): Min: 5.4, Avg: 5.4, Max: 5.5, Diff: 0.2, Sum: 43.5]
      [GC Worker End (ms): Min: 126504571.9, Avg: 126504571.9, Max: 126504572.0, Diff: 0.0]
   [Code Root Fixup: 0.0 ms]
   [Code Root Purge: 0.0 ms]
   [Clear CT: 0.6 ms]
   [Other: 4.0 ms]
      [Choose CSet: 0.0 ms]
      [Ref Proc: 3.4 ms]
      [Ref Enq: 0.1 ms]
      [Redirty Cards: 0.1 ms]
      [Humongous Register: 0.0 ms]
      [Humongous Reclaim: 0.0 ms]
      [Free CSet: 0.3 ms]
   [Eden: 7152.0M(7152.0M)->0.0B(7152.0M) Survivors: 16384.0K->16384.0K Heap: 9977.0M(14336.0M)->2824.9M(14336.0M)]
 [Times: user=0.06 sys=0.00, real=0.01 secs] 
2022-07-23T08:36:22.662-0700: 127554.167: [GC pause (G1 Evacuation Pause) (young), 0.0139918 secs]
   [Parallel Time: 5.8 ms, GC Workers: 8]
      [GC Worker Start (ms): Min: 127554166.8, Avg: 127554166.9, Max: 127554167.0, Diff: 0.2]
      [Ext Root Scanning (ms): Min: 1.1, Avg: 1.8, Max: 5.5, Diff: 4.4, Sum: 14.6]
      [Update RS (ms): Min: 0.0, Avg: 0.3, Max: 0.8, Diff: 0.8, Sum: 2.6]
         [Processed Buffers: Min: 0, Avg: 21.6, Max: 89, Diff: 89, Sum: 173]
      [Scan RS (ms): Min: 0.0, Avg: 0.1, Max: 0.2, Diff: 0.1, Sum: 0.7]
      [Code Root Scanning (ms): Min: 0.0, Avg: 0.0, Max: 0.0, Diff: 0.0, Sum: 0.0]
      [Object Copy (ms): Min: 0.0, Avg: 0.5, Max: 0.7, Diff: 0.7, Sum: 4.0]
      [Termination (ms): Min: 0.0, Avg: 2.7, Max: 3.1, Diff: 3.1, Sum: 21.8]
         [Termination Attempts: Min: 1, Avg: 1.2, Max: 2, Diff: 1, Sum: 10]
      [GC Worker Other (ms): Min: 0.0, Avg: 0.0, Max: 0.0, Diff: 0.0, Sum: 0.2]
      [GC Worker Total (ms): Min: 5.4, Avg: 5.5, Max: 5.6, Diff: 0.2, Sum: 43.9]
      [GC Worker End (ms): Min: 127554172.4, Avg: 127554172.4, Max: 127554172.4, Diff: 0.0]
   [Code Root Fixup: 0.0 ms]
   [Code Root Purge: 0.0 ms]
   [Clear CT: 0.6 ms]
   [Other: 7.5 ms]
      [Choose CSet: 0.0 ms]
      [Ref Proc: 6.9 ms]
      [Ref Enq: 0.1 ms]
      [Redirty Cards: 0.1 ms]
      [Humongous Register: 0.0 ms]
      [Humongous Reclaim: 0.0 ms]
      [Free CSet: 0.3 ms]
   [Eden: 7152.0M(7152.0M)->0.0B(7152.0M) Survivors: 16384.0K->16384.0K Heap: 9976.9M(14336.0M)->2824.8M(14336.0M)]
 [Times: user=0.06 sys=0.00, real=0.02 secs] 
2022-07-23T08:53:38.062-0700: 128589.567: [GC pause (G1 Evacuation Pause) (young), 0.0113610 secs]
   [Parallel Time: 5.7 ms, GC Workers: 8]
      [GC Worker Start (ms): Min: 128589566.9, Avg: 128589567.0, Max: 128589567.0, Diff: 0.2]
      [Ext Root Scanning (ms): Min: 1.1, Avg: 1.8, Max: 5.5, Diff: 4.4, Sum: 14.5]
      [Update RS (ms): Min: 0.0, Avg: 0.3, Max: 0.7, Diff: 0.7, Sum: 2.6]
         [Processed Buffers: Min: 0, Avg: 22.5, Max: 90, Diff: 90, Sum: 180]
      [Scan RS (ms): Min: 0.0, Avg: 0.1, Max: 0.1, Diff: 0.1, Sum: 0.6]
      [Code Root Scanning (ms): Min: 0.0, Avg: 0.0, Max: 0.0, Diff: 0.0, Sum: 0.0]
      [Object Copy (ms): Min: 0.0, Avg: 0.5, Max: 0.7, Diff: 0.7, Sum: 3.9]
      [Termination (ms): Min: 0.0, Avg: 2.7, Max: 3.2, Diff: 3.2, Sum: 22.0]
         [Termination Attempts: Min: 1, Avg: 1.5, Max: 3, Diff: 2, Sum: 12]
      [GC Worker Other (ms): Min: 0.0, Avg: 0.0, Max: 0.0, Diff: 0.0, Sum: 0.1]
      [GC Worker Total (ms): Min: 5.4, Avg: 5.5, Max: 5.5, Diff: 0.2, Sum: 43.8]
      [GC Worker End (ms): Min: 128589572.4, Avg: 128589572.4, Max: 128589572.4, Diff: 0.0]
   [Code Root Fixup: 0.0 ms]
   [Code Root Purge: 0.0 ms]
   [Clear CT: 0.6 ms]
   [Other: 5.1 ms]
      [Choose CSet: 0.0 ms]
      [Ref Proc: 4.3 ms]
      [Ref Enq: 0.1 ms]
      [Redirty Cards: 0.2 ms]
      [Humongous Register: 0.0 ms]
      [Humongous Reclaim: 0.0 ms]
      [Free CSet: 0.3 ms]
   [Eden: 7152.0M(7152.0M)->0.0B(7152.0M) Survivors: 16384.0K->16384.0K Heap: 9976.8M(14336.0M)->2824.8M(14336.0M)]
 [Times: user=0.06 sys=0.00, real=0.01 secs] 
2022-07-23T09:10:50.911-0700: 129622.416: [GC pause (G1 Evacuation Pause) (young), 0.0106017 secs]
   [Parallel Time: 5.4 ms, GC Workers: 8]
      [GC Worker Start (ms): Min: 129622416.1, Avg: 129622416.1, Max: 129622416.2, Diff: 0.1]
      [Ext Root Scanning (ms): Min: 1.1, Avg: 1.8, Max: 5.2, Diff: 4.1, Sum: 14.2]
      [Update RS (ms): Min: 0.0, Avg: 0.3, Max: 0.6, Diff: 0.6, Sum: 2.5]
         [Processed Buffers: Min: 0, Avg: 21.5, Max: 65, Diff: 65, Sum: 172]
      [Scan RS (ms): Min: 0.0, Avg: 0.1, Max: 0.2, Diff: 0.1, Sum: 0.6]
      [Code Root Scanning (ms): Min: 0.0, Avg: 0.0, Max: 0.0, Diff: 0.0, Sum: 0.0]
      [Object Copy (ms): Min: 0.0, Avg: 0.5, Max: 0.7, Diff: 0.7, Sum: 3.8]
      [Termination (ms): Min: 0.0, Avg: 2.5, Max: 2.9, Diff: 2.9, Sum: 20.1]
         [Termination Attempts: Min: 1, Avg: 2.1, Max: 4, Diff: 3, Sum: 17]
      [GC Worker Other (ms): Min: 0.0, Avg: 0.0, Max: 0.1, Diff: 0.1, Sum: 0.3]
      [GC Worker Total (ms): Min: 5.1, Avg: 5.2, Max: 5.3, Diff: 0.2, Sum: 41.6]
      [GC Worker End (ms): Min: 129622421.3, Avg: 129622421.3, Max: 129622421.4, Diff: 0.1]
   [Code Root Fixup: 0.0 ms]
   [Code Root Purge: 0.0 ms]
   [Clear CT: 0.6 ms]
   [Other: 4.6 ms]
      [Choose CSet: 0.0 ms]
      [Ref Proc: 4.0 ms]
      [Ref Enq: 0.1 ms]
      [Redirty Cards: 0.1 ms]
      [Humongous Register: 0.0 ms]
      [Humongous Reclaim: 0.0 ms]
      [Free CSet: 0.3 ms]
   [Eden: 7152.0M(7152.0M)->0.0B(7152.0M) Survivors: 16384.0K->16384.0K Heap: 9976.8M(14336.0M)->2824.9M(14336.0M)]
 [Times: user=0.05 sys=0.00, real=0.01 secs] 
2022-07-23T09:28:07.062-0700: 130658.567: [GC pause (G1 Evacuation Pause) (young), 0.0108992 secs]
   [Parallel Time: 5.9 ms, GC Workers: 8]
      [GC Worker Start (ms): Min: 130658566.7, Avg: 130658566.8, Max: 130658566.9, Diff: 0.2]
      [Ext Root Scanning (ms): Min: 1.1, Avg: 1.8, Max: 5.5, Diff: 4.3, Sum: 14.8]
      [Update RS (ms): Min: 0.0, Avg: 0.3, Max: 0.7, Diff: 0.7, Sum: 2.5]
         [Processed Buffers: Min: 0, Avg: 20.8, Max: 52, Diff: 52, Sum: 166]
      [Scan RS (ms): Min: 0.0, Avg: 0.1, Max: 0.2, Diff: 0.1, Sum: 0.7]
      [Code Root Scanning (ms): Min: 0.0, Avg: 0.0, Max: 0.0, Diff: 0.0, Sum: 0.0]
      [Object Copy (ms): Min: 0.0, Avg: 0.5, Max: 0.7, Diff: 0.7, Sum: 4.0]
      [Termination (ms): Min: 0.0, Avg: 2.6, Max: 3.0, Diff: 3.0, Sum: 21.2]
         [Termination Attempts: Min: 1, Avg: 1.0, Max: 1, Diff: 0, Sum: 8]
      [GC Worker Other (ms): Min: 0.0, Avg: 0.0, Max: 0.1, Diff: 0.0, Sum: 0.2]
      [GC Worker Total (ms): Min: 5.4, Avg: 5.4, Max: 5.5, Diff: 0.1, Sum: 43.4]
      [GC Worker End (ms): Min: 130658572.2, Avg: 130658572.2, Max: 130658572.2, Diff: 0.0]
   [Code Root Fixup: 0.0 ms]
   [Code Root Purge: 0.0 ms]
   [Clear CT: 0.6 ms]
   [Other: 4.4 ms]
      [Choose CSet: 0.0 ms]
      [Ref Proc: 3.8 ms]
      [Ref Enq: 0.1 ms]
      [Redirty Cards: 0.1 ms]
      [Humongous Register: 0.0 ms]
      [Humongous Reclaim: 0.0 ms]
      [Free CSet: 0.3 ms]
   [Eden: 7152.0M(7152.0M)->0.0B(7152.0M) Survivors: 16384.0K->16384.0K Heap: 9976.9M(14336.0M)->2824.9M(14336.0M)]
 [Times: user=0.06 sys=0.00, real=0.01 secs] 
2022-07-23T09:45:22.262-0700: 131693.766: [GC pause (G1 Evacuation Pause) (young), 0.0081238 secs]
   [Parallel Time: 5.4 ms, GC Workers: 8]
      [GC Worker Start (ms): Min: 131693766.3, Avg: 131693766.4, Max: 131693766.5, Diff: 0.1]
      [Ext Root Scanning (ms): Min: 1.1, Avg: 1.8, Max: 5.3, Diff: 4.2, Sum: 14.5]
      [Update RS (ms): Min: 0.0, Avg: 0.3, Max: 0.7, Diff: 0.7, Sum: 2.5]
         [Processed Buffers: Min: 0, Avg: 22.2, Max: 67, Diff: 67, Sum: 178]
      [Scan RS (ms): Min: 0.0, Avg: 0.1, Max: 0.2, Diff: 0.1, Sum: 0.6]
      [Code Root Scanning (ms): Min: 0.0, Avg: 0.0, Max: 0.0, Diff: 0.0, Sum: 0.0]
      [Object Copy (ms): Min: 0.0, Avg: 0.5, Max: 0.7, Diff: 0.7, Sum: 4.0]
      [Termination (ms): Min: 0.0, Avg: 2.6, Max: 3.0, Diff: 3.0, Sum: 20.9]
         [Termination Attempts: Min: 1, Avg: 1.0, Max: 1, Diff: 0, Sum: 8]
      [GC Worker Other (ms): Min: 0.0, Avg: 0.0, Max: 0.0, Diff: 0.0, Sum: 0.1]
      [GC Worker Total (ms): Min: 5.3, Avg: 5.3, Max: 5.4, Diff: 0.1, Sum: 42.6]
      [GC Worker End (ms): Min: 131693771.7, Avg: 131693771.7, Max: 131693771.7, Diff: 0.0]
   [Code Root Fixup: 0.0 ms]
   [Code Root Purge: 0.0 ms]
   [Clear CT: 0.6 ms]
   [Other: 2.1 ms]
      [Choose CSet: 0.0 ms]
      [Ref Proc: 1.6 ms]
      [Ref Enq: 0.1 ms]
      [Redirty Cards: 0.1 ms]
      [Humongous Register: 0.0 ms]
      [Humongous Reclaim: 0.0 ms]
      [Free CSet: 0.3 ms]
   [Eden: 7152.0M(7152.0M)->0.0B(7152.0M) Survivors: 16384.0K->16384.0K Heap: 9976.9M(14336.0M)->2825.0M(14336.0M)]
 [Times: user=0.05 sys=0.00, real=0.01 secs] 
2022-07-23T10:02:44.863-0700: 132736.368: [GC pause (G1 Evacuation Pause) (young), 0.0102103 secs]
   [Parallel Time: 5.2 ms, GC Workers: 8]
      [GC Worker Start (ms): Min: 132736368.0, Avg: 132736368.0, Max: 132736368.1, Diff: 0.2]
      [Ext Root Scanning (ms): Min: 1.1, Avg: 1.8, Max: 5.0, Diff: 3.8, Sum: 14.3]
      [Update RS (ms): Min: 0.0, Avg: 0.3, Max: 0.8, Diff: 0.8, Sum: 2.6]
         [Processed Buffers: Min: 0, Avg: 21.2, Max: 87, Diff: 87, Sum: 170]
      [Scan RS (ms): Min: 0.0, Avg: 0.1, Max: 0.1, Diff: 0.1, Sum: 0.7]
      [Code Root Scanning (ms): Min: 0.0, Avg: 0.0, Max: 0.0, Diff: 0.0, Sum: 0.0]
      [Object Copy (ms): Min: 0.0, Avg: 0.5, Max: 0.7, Diff: 0.7, Sum: 4.0]
      [Termination (ms): Min: 0.0, Avg: 2.2, Max: 2.5, Diff: 2.5, Sum: 17.6]
         [Termination Attempts: Min: 1, Avg: 1.2, Max: 2, Diff: 1, Sum: 10]
      [GC Worker Other (ms): Min: 0.0, Avg: 0.0, Max: 0.0, Diff: 0.0, Sum: 0.1]
      [GC Worker Total (ms): Min: 4.9, Avg: 4.9, Max: 5.0, Diff: 0.2, Sum: 39.4]
      [GC Worker End (ms): Min: 132736373.0, Avg: 132736373.0, Max: 132736373.0, Diff: 0.0]
   [Code Root Fixup: 0.0 ms]
   [Code Root Purge: 0.0 ms]
   [Clear CT: 0.6 ms]
   [Other: 4.4 ms]
      [Choose CSet: 0.0 ms]
      [Ref Proc: 3.8 ms]
      [Ref Enq: 0.1 ms]
      [Redirty Cards: 0.1 ms]
      [Humongous Register: 0.0 ms]
      [Humongous Reclaim: 0.0 ms]
      [Free CSet: 0.3 ms]
   [Eden: 7152.0M(7152.0M)->0.0B(7152.0M) Survivors: 16384.0K->16384.0K Heap: 9977.0M(14336.0M)->2824.9M(14336.0M)]
 [Times: user=0.05 sys=0.00, real=0.00 secs] 
2022-07-23T10:20:06.662-0700: 133778.166: [GC pause (G1 Evacuation Pause) (young), 0.0106081 secs]
   [Parallel Time: 5.4 ms, GC Workers: 8]
      [GC Worker Start (ms): Min: 133778166.4, Avg: 133778166.5, Max: 133778166.6, Diff: 0.2]
      [Ext Root Scanning (ms): Min: 1.1, Avg: 1.7, Max: 5.1, Diff: 4.1, Sum: 14.0]
      [Update RS (ms): Min: 0.0, Avg: 0.3, Max: 0.7, Diff: 0.7, Sum: 2.5]
         [Processed Buffers: Min: 0, Avg: 21.0, Max: 91, Diff: 91, Sum: 168]
      [Scan RS (ms): Min: 0.0, Avg: 0.1, Max: 0.2, Diff: 0.1, Sum: 0.7]
      [Code Root Scanning (ms): Min: 0.0, Avg: 0.0, Max: 0.0, Diff: 0.0, Sum: 0.0]
      [Object Copy (ms): Min: 0.0, Avg: 0.5, Max: 0.7, Diff: 0.7, Sum: 3.8]
      [Termination (ms): Min: 0.0, Avg: 2.5, Max: 2.8, Diff: 2.8, Sum: 19.6]
         [Termination Attempts: Min: 1, Avg: 1.0, Max: 1, Diff: 0, Sum: 8]
      [GC Worker Other (ms): Min: 0.0, Avg: 0.0, Max: 0.0, Diff: 0.0, Sum: 0.2]
      [GC Worker Total (ms): Min: 5.0, Avg: 5.1, Max: 5.2, Diff: 0.2, Sum: 40.8]
      [GC Worker End (ms): Min: 133778171.6, Avg: 133778171.6, Max: 133778171.6, Diff: 0.0]
   [Code Root Fixup: 0.0 ms]
   [Code Root Purge: 0.0 ms]
   [Clear CT: 0.6 ms]
   [Other: 4.7 ms]
      [Choose CSet: 0.0 ms]
      [Ref Proc: 4.0 ms]
      [Ref Enq: 0.1 ms]
      [Redirty Cards: 0.1 ms]
      [Humongous Register: 0.0 ms]
      [Humongous Reclaim: 0.0 ms]
      [Free CSet: 0.3 ms]
   [Eden: 7152.0M(7152.0M)->0.0B(7152.0M) Survivors: 16384.0K->16384.0K Heap: 9976.9M(14336.0M)->2825.2M(14336.0M)]
 [Times: user=0.05 sys=0.00, real=0.01 secs] 
2022-07-23T10:37:38.167-0700: 134829.672: [GC pause (G1 Evacuation Pause) (young), 0.0103937 secs]
   [Parallel Time: 5.4 ms, GC Workers: 8]
      [GC Worker Start (ms): Min: 134829671.7, Avg: 134829671.8, Max: 134829671.9, Diff: 0.1]
      [Ext Root Scanning (ms): Min: 1.0, Avg: 1.6, Max: 5.0, Diff: 4.1, Sum: 13.1]
      [Update RS (ms): Min: 0.0, Avg: 0.3, Max: 0.6, Diff: 0.6, Sum: 2.2]
         [Processed Buffers: Min: 0, Avg: 20.5, Max: 58, Diff: 58, Sum: 164]
      [Scan RS (ms): Min: 0.0, Avg: 0.1, Max: 0.1, Diff: 0.1, Sum: 0.6]
      [Code Root Scanning (ms): Min: 0.0, Avg: 0.0, Max: 0.0, Diff: 0.0, Sum: 0.0]
      [Object Copy (ms): Min: 0.0, Avg: 0.4, Max: 0.6, Diff: 0.6, Sum: 3.4]
      [Termination (ms): Min: 0.0, Avg: 2.6, Max: 2.9, Diff: 2.9, Sum: 20.6]
         [Termination Attempts: Min: 1, Avg: 5.8, Max: 11, Diff: 10, Sum: 46]
      [GC Worker Other (ms): Min: 0.0, Avg: 0.0, Max: 0.1, Diff: 0.1, Sum: 0.3]
      [GC Worker Total (ms): Min: 5.0, Avg: 5.0, Max: 5.1, Diff: 0.1, Sum: 40.2]
      [GC Worker End (ms): Min: 134829676.8, Avg: 134829676.8, Max: 134829676.9, Diff: 0.1]
   [Code Root Fixup: 0.0 ms]
   [Code Root Purge: 0.0 ms]
   [Clear CT: 0.6 ms]
   [Other: 4.4 ms]
      [Choose CSet: 0.0 ms]
      [Ref Proc: 3.8 ms]
      [Ref Enq: 0.1 ms]
      [Redirty Cards: 0.1 ms]
      [Humongous Register: 0.0 ms]
      [Humongous Reclaim: 0.0 ms]
      [Free CSet: 0.3 ms]
   [Eden: 7152.0M(7152.0M)->0.0B(7152.0M) Survivors: 16384.0K->16384.0K Heap: 9977.2M(14336.0M)->2824.9M(14336.0M)]
 [Times: user=0.05 sys=0.00, real=0.01 secs] 
2022-07-23T10:54:47.410-0700: 135858.915: [GC pause (G1 Evacuation Pause) (young), 0.0109136 secs]
   [Parallel Time: 5.2 ms, GC Workers: 8]
      [GC Worker Start (ms): Min: 135858915.3, Avg: 135858915.4, Max: 135858915.4, Diff: 0.2]
      [Ext Root Scanning (ms): Min: 1.1, Avg: 1.8, Max: 5.1, Diff: 4.0, Sum: 14.3]
      [Update RS (ms): Min: 0.0, Avg: 0.3, Max: 0.7, Diff: 0.7, Sum: 2.6]
         [Processed Buffers: Min: 0, Avg: 20.2, Max: 72, Diff: 72, Sum: 162]
      [Scan RS (ms): Min: 0.0, Avg: 0.1, Max: 0.2, Diff: 0.1, Sum: 0.7]
      [Code Root Scanning (ms): Min: 0.0, Avg: 0.0, Max: 0.0, Diff: 0.0, Sum: 0.0]
      [Object Copy (ms): Min: 0.0, Avg: 0.5, Max: 0.7, Diff: 0.7, Sum: 3.9]
      [Termination (ms): Min: 0.0, Avg: 2.4, Max: 2.8, Diff: 2.8, Sum: 19.2]
         [Termination Attempts: Min: 1, Avg: 1.6, Max: 3, Diff: 2, Sum: 13]
      [GC Worker Other (ms): Min: 0.0, Avg: 0.0, Max: 0.0, Diff: 0.0, Sum: 0.1]
      [GC Worker Total (ms): Min: 5.0, Avg: 5.1, Max: 5.2, Diff: 0.1, Sum: 40.8]
      [GC Worker End (ms): Min: 135858920.5, Avg: 135858920.5, Max: 135858920.5, Diff: 0.0]
   [Code Root Fixup: 0.0 ms]
   [Code Root Purge: 0.0 ms]
   [Clear CT: 0.6 ms]
   [Other: 5.0 ms]
      [Choose CSet: 0.0 ms]
      [Ref Proc: 4.4 ms]
      [Ref Enq: 0.1 ms]
      [Redirty Cards: 0.1 ms]
      [Humongous Register: 0.0 ms]
      [Humongous Reclaim: 0.0 ms]
      [Free CSet: 0.3 ms]
   [Eden: 7152.0M(7152.0M)->0.0B(7152.0M) Survivors: 16384.0K->16384.0K Heap: 9976.9M(14336.0M)->2824.9M(14336.0M)]
 [Times: user=0.05 sys=0.01, real=0.01 secs] 
2022-07-23T11:11:58.127-0700: 136889.632: [GC pause (G1 Evacuation Pause) (young), 0.0119163 secs]
   [Parallel Time: 6.5 ms, GC Workers: 8]
      [GC Worker Start (ms): Min: 136889631.9, Avg: 136889632.0, Max: 136889632.1, Diff: 0.2]
      [Ext Root Scanning (ms): Min: 1.1, Avg: 1.9, Max: 6.3, Diff: 5.2, Sum: 15.2]
      [Update RS (ms): Min: 0.0, Avg: 0.3, Max: 0.6, Diff: 0.6, Sum: 2.5]
         [Processed Buffers: Min: 0, Avg: 20.8, Max: 67, Diff: 67, Sum: 166]
      [Scan RS (ms): Min: 0.0, Avg: 0.1, Max: 0.2, Diff: 0.1, Sum: 0.7]
      [Code Root Scanning (ms): Min: 0.0, Avg: 0.0, Max: 0.0, Diff: 0.0, Sum: 0.0]
      [Object Copy (ms): Min: 0.0, Avg: 0.5, Max: 0.7, Diff: 0.7, Sum: 3.8]
      [Termination (ms): Min: 0.0, Avg: 3.4, Max: 3.9, Diff: 3.9, Sum: 27.5]
         [Termination Attempts: Min: 1, Avg: 1.0, Max: 1, Diff: 0, Sum: 8]
      [GC Worker Other (ms): Min: 0.0, Avg: 0.0, Max: 0.0, Diff: 0.0, Sum: 0.1]
      [GC Worker Total (ms): Min: 6.1, Avg: 6.2, Max: 6.3, Diff: 0.2, Sum: 49.9]
      [GC Worker End (ms): Min: 136889638.2, Avg: 136889638.2, Max: 136889638.2, Diff: 0.0]
   [Code Root Fixup: 0.0 ms]
   [Code Root Purge: 0.0 ms]
   [Clear CT: 0.6 ms]
   [Other: 4.8 ms]
      [Choose CSet: 0.0 ms]
      [Ref Proc: 4.1 ms]
      [Ref Enq: 0.1 ms]
      [Redirty Cards: 0.1 ms]
      [Humongous Register: 0.0 ms]
      [Humongous Reclaim: 0.0 ms]
      [Free CSet: 0.3 ms]
   [Eden: 7152.0M(7152.0M)->0.0B(7152.0M) Survivors: 16384.0K->16384.0K Heap: 9976.9M(14336.0M)->2824.8M(14336.0M)]
 [Times: user=0.05 sys=0.01, real=0.01 secs] 
2022-07-23T11:29:15.663-0700: 137927.167: [GC pause (G1 Evacuation Pause) (young), 0.0114365 secs]
   [Parallel Time: 5.8 ms, GC Workers: 8]
      [GC Worker Start (ms): Min: 137927167.5, Avg: 137927167.6, Max: 137927167.7, Diff: 0.2]
      [Ext Root Scanning (ms): Min: 1.1, Avg: 1.8, Max: 5.3, Diff: 4.2, Sum: 14.5]
      [Update RS (ms): Min: 0.0, Avg: 0.3, Max: 0.7, Diff: 0.7, Sum: 2.5]
         [Processed Buffers: Min: 0, Avg: 20.9, Max: 65, Diff: 65, Sum: 167]
      [Scan RS (ms): Min: 0.0, Avg: 0.1, Max: 0.2, Diff: 0.1, Sum: 0.7]
      [Code Root Scanning (ms): Min: 0.0, Avg: 0.0, Max: 0.0, Diff: 0.0, Sum: 0.0]
      [Object Copy (ms): Min: 0.0, Avg: 0.5, Max: 0.7, Diff: 0.7, Sum: 3.9]
      [Termination (ms): Min: 0.0, Avg: 2.5, Max: 2.9, Diff: 2.9, Sum: 20.4]
         [Termination Attempts: Min: 1, Avg: 1.0, Max: 1, Diff: 0, Sum: 8]
      [GC Worker Other (ms): Min: 0.0, Avg: 0.0, Max: 0.1, Diff: 0.1, Sum: 0.4]
      [GC Worker Total (ms): Min: 5.2, Avg: 5.3, Max: 5.4, Diff: 0.2, Sum: 42.4]
      [GC Worker End (ms): Min: 137927172.8, Avg: 137927172.9, Max: 137927173.0, Diff: 0.1]
   [Code Root Fixup: 0.0 ms]
   [Code Root Purge: 0.0 ms]
   [Clear CT: 0.6 ms]
   [Other: 5.0 ms]
      [Choose CSet: 0.0 ms]
      [Ref Proc: 4.3 ms]
      [Ref Enq: 0.1 ms]
      [Redirty Cards: 0.1 ms]
      [Humongous Register: 0.1 ms]
      [Humongous Reclaim: 0.0 ms]
      [Free CSet: 0.3 ms]
   [Eden: 7152.0M(7152.0M)->0.0B(7152.0M) Survivors: 16384.0K->16384.0K Heap: 9976.8M(14336.0M)->2825.0M(14336.0M)]
 [Times: user=0.05 sys=0.00, real=0.01 secs] 
2022-07-23T11:46:29.663-0700: 138961.167: [GC pause (G1 Evacuation Pause) (young), 0.0097755 secs]
   [Parallel Time: 5.1 ms, GC Workers: 8]
      [GC Worker Start (ms): Min: 138961167.4, Avg: 138961167.5, Max: 138961167.5, Diff: 0.2]
      [Ext Root Scanning (ms): Min: 0.8, Avg: 1.5, Max: 4.7, Diff: 3.8, Sum: 11.8]
      [Update RS (ms): Min: 0.0, Avg: 0.2, Max: 0.5, Diff: 0.5, Sum: 1.7]
         [Processed Buffers: Min: 0, Avg: 20.6, Max: 66, Diff: 66, Sum: 165]
      [Scan RS (ms): Min: 0.0, Avg: 0.1, Max: 0.1, Diff: 0.1, Sum: 0.5]
      [Code Root Scanning (ms): Min: 0.0, Avg: 0.0, Max: 0.0, Diff: 0.0, Sum: 0.0]
      [Object Copy (ms): Min: 0.0, Avg: 0.3, Max: 0.4, Diff: 0.4, Sum: 2.3]
      [Termination (ms): Min: 0.0, Avg: 2.6, Max: 3.0, Diff: 3.0, Sum: 20.5]
         [Termination Attempts: Min: 1, Avg: 1.0, Max: 1, Diff: 0, Sum: 8]
      [GC Worker Other (ms): Min: 0.0, Avg: 0.0, Max: 0.0, Diff: 0.0, Sum: 0.2]
      [GC Worker Total (ms): Min: 4.6, Avg: 4.6, Max: 4.7, Diff: 0.2, Sum: 37.1]
      [GC Worker End (ms): Min: 138961172.1, Avg: 138961172.1, Max: 138961172.1, Diff: 0.0]
   [Code Root Fixup: 0.0 ms]
   [Code Root Purge: 0.0 ms]
   [Clear CT: 0.6 ms]
   [Other: 4.1 ms]
      [Choose CSet: 0.0 ms]
      [Ref Proc: 3.5 ms]
      [Ref Enq: 0.1 ms]
      [Redirty Cards: 0.1 ms]
      [Humongous Register: 0.0 ms]
      [Humongous Reclaim: 0.0 ms]
      [Free CSet: 0.3 ms]
   [Eden: 7152.0M(7152.0M)->0.0B(7152.0M) Survivors: 16384.0K->16384.0K Heap: 9977.0M(14336.0M)->2824.9M(14336.0M)]
 [Times: user=0.05 sys=0.00, real=0.01 secs] 
2022-07-23T12:03:39.912-0700: 139991.417: [GC pause (G1 Evacuation Pause) (young), 0.0108672 secs]
   [Parallel Time: 5.4 ms, GC Workers: 8]
      [GC Worker Start (ms): Min: 139991416.8, Avg: 139991416.9, Max: 139991417.0, Diff: 0.2]
      [Ext Root Scanning (ms): Min: 1.1, Avg: 1.8, Max: 5.1, Diff: 4.0, Sum: 14.4]
      [Update RS (ms): Min: 0.0, Avg: 0.3, Max: 0.7, Diff: 0.7, Sum: 2.6]
         [Processed Buffers: Min: 0, Avg: 21.8, Max: 53, Diff: 53, Sum: 174]
      [Scan RS (ms): Min: 0.0, Avg: 0.1, Max: 0.2, Diff: 0.2, Sum: 0.7]
      [Code Root Scanning (ms): Min: 0.0, Avg: 0.0, Max: 0.0, Diff: 0.0, Sum: 0.0]
      [Object Copy (ms): Min: 0.0, Avg: 0.5, Max: 0.7, Diff: 0.7, Sum: 4.0]
      [Termination (ms): Min: 0.0, Avg: 2.3, Max: 2.7, Diff: 2.7, Sum: 18.7]
         [Termination Attempts: Min: 1, Avg: 1.0, Max: 1, Diff: 0, Sum: 8]
      [GC Worker Other (ms): Min: 0.0, Avg: 0.0, Max: 0.0, Diff: 0.0, Sum: 0.1]
      [GC Worker Total (ms): Min: 5.0, Avg: 5.1, Max: 5.1, Diff: 0.1, Sum: 40.5]
      [GC Worker End (ms): Min: 139991421.9, Avg: 139991421.9, Max: 139991422.0, Diff: 0.0]
   [Code Root Fixup: 0.0 ms]
   [Code Root Purge: 0.0 ms]
   [Clear CT: 0.6 ms]
   [Other: 4.8 ms]
      [Choose CSet: 0.0 ms]
      [Ref Proc: 4.1 ms]
      [Ref Enq: 0.1 ms]
      [Redirty Cards: 0.1 ms]
      [Humongous Register: 0.0 ms]
      [Humongous Reclaim: 0.0 ms]
      [Free CSet: 0.4 ms]
   [Eden: 7152.0M(7152.0M)->0.0B(7152.0M) Survivors: 16384.0K->16384.0K Heap: 9976.9M(14336.0M)->2824.9M(14336.0M)]
 [Times: user=0.05 sys=0.01, real=0.02 secs] 
2022-07-23T12:20:57.462-0700: 141028.967: [GC pause (G1 Evacuation Pause) (young), 0.0083604 secs]
   [Parallel Time: 5.2 ms, GC Workers: 8]
      [GC Worker Start (ms): Min: 141028967.2, Avg: 141028967.3, Max: 141028967.3, Diff: 0.1]
      [Ext Root Scanning (ms): Min: 1.1, Avg: 1.8, Max: 5.0, Diff: 3.9, Sum: 14.3]
      [Update RS (ms): Min: 0.0, Avg: 0.3, Max: 0.7, Diff: 0.7, Sum: 2.5]
         [Processed Buffers: Min: 0, Avg: 21.6, Max: 62, Diff: 62, Sum: 173]
      [Scan RS (ms): Min: 0.0, Avg: 0.1, Max: 0.2, Diff: 0.1, Sum: 0.7]
      [Code Root Scanning (ms): Min: 0.0, Avg: 0.0, Max: 0.0, Diff: 0.0, Sum: 0.0]
      [Object Copy (ms): Min: 0.0, Avg: 0.5, Max: 0.7, Diff: 0.7, Sum: 4.2]
      [Termination (ms): Min: 0.0, Avg: 2.3, Max: 2.6, Diff: 2.6, Sum: 18.3]
         [Termination Attempts: Min: 1, Avg: 1.1, Max: 2, Diff: 1, Sum: 9]
      [GC Worker Other (ms): Min: 0.0, Avg: 0.0, Max: 0.0, Diff: 0.0, Sum: 0.1]
      [GC Worker Total (ms): Min: 5.0, Avg: 5.0, Max: 5.1, Diff: 0.1, Sum: 40.2]
      [GC Worker End (ms): Min: 141028972.3, Avg: 141028972.3, Max: 141028972.3, Diff: 0.0]
   [Code Root Fixup: 0.0 ms]
   [Code Root Purge: 0.0 ms]
   [Clear CT: 0.6 ms]
   [Other: 2.5 ms]
      [Choose CSet: 0.0 ms]
      [Ref Proc: 1.9 ms]
      [Ref Enq: 0.1 ms]
      [Redirty Cards: 0.1 ms]
      [Humongous Register: 0.0 ms]
      [Humongous Reclaim: 0.0 ms]
      [Free CSet: 0.3 ms]
   [Eden: 7152.0M(7152.0M)->0.0B(7152.0M) Survivors: 16384.0K->16384.0K Heap: 9976.9M(14336.0M)->2825.2M(14336.0M)]
 [Times: user=0.05 sys=0.00, real=0.01 secs] 
2022-07-23T12:38:18.412-0700: 142069.917: [GC pause (G1 Evacuation Pause) (young), 0.0102494 secs]
   [Parallel Time: 5.2 ms, GC Workers: 8]
      [GC Worker Start (ms): Min: 142069917.3, Avg: 142069917.3, Max: 142069917.4, Diff: 0.2]
      [Ext Root Scanning (ms): Min: 1.1, Avg: 1.8, Max: 4.9, Diff: 3.7, Sum: 14.4]
      [Update RS (ms): Min: 0.0, Avg: 0.3, Max: 0.7, Diff: 0.7, Sum: 2.7]
         [Processed Buffers: Min: 0, Avg: 21.6, Max: 40, Diff: 40, Sum: 173]
      [Scan RS (ms): Min: 0.0, Avg: 0.1, Max: 0.2, Diff: 0.1, Sum: 0.6]
      [Code Root Scanning (ms): Min: 0.0, Avg: 0.0, Max: 0.0, Diff: 0.0, Sum: 0.0]
      [Object Copy (ms): Min: 0.0, Avg: 0.4, Max: 0.6, Diff: 0.6, Sum: 3.4]
      [Termination (ms): Min: 0.0, Avg: 2.2, Max: 2.5, Diff: 2.5, Sum: 17.6]
         [Termination Attempts: Min: 1, Avg: 1.1, Max: 2, Diff: 1, Sum: 9]
      [GC Worker Other (ms): Min: 0.0, Avg: 0.0, Max: 0.1, Diff: 0.1, Sum: 0.2]
      [GC Worker Total (ms): Min: 4.8, Avg: 4.9, Max: 4.9, Diff: 0.1, Sum: 39.0]
      [GC Worker End (ms): Min: 142069922.2, Avg: 142069922.2, Max: 142069922.3, Diff: 0.1]
   [Code Root Fixup: 0.0 ms]
   [Code Root Purge: 0.0 ms]
   [Clear CT: 0.6 ms]
   [Other: 4.4 ms]
      [Choose CSet: 0.0 ms]
      [Ref Proc: 3.8 ms]
      [Ref Enq: 0.1 ms]
      [Redirty Cards: 0.1 ms]
      [Humongous Register: 0.0 ms]
      [Humongous Reclaim: 0.0 ms]
      [Free CSet: 0.3 ms]
   [Eden: 7152.0M(7152.0M)->0.0B(7152.0M) Survivors: 16384.0K->16384.0K Heap: 9977.2M(14336.0M)->2824.9M(14336.0M)]
 [Times: user=0.05 sys=0.00, real=0.02 secs] 
2022-07-23T12:55:35.511-0700: 143107.016: [GC pause (G1 Evacuation Pause) (young), 0.0093306 secs]
   [Parallel Time: 5.7 ms, GC Workers: 8]
      [GC Worker Start (ms): Min: 143107016.3, Avg: 143107016.7, Max: 143107018.9, Diff: 2.7]
      [Ext Root Scanning (ms): Min: 0.0, Avg: 1.8, Max: 5.5, Diff: 5.5, Sum: 14.1]
      [Update RS (ms): Min: 0.0, Avg: 0.3, Max: 0.7, Diff: 0.7, Sum: 2.4]
         [Processed Buffers: Min: 0, Avg: 23.1, Max: 57, Diff: 57, Sum: 185]
      [Scan RS (ms): Min: 0.0, Avg: 0.1, Max: 0.1, Diff: 0.1, Sum: 0.6]
      [Code Root Scanning (ms): Min: 0.0, Avg: 0.0, Max: 0.0, Diff: 0.0, Sum: 0.0]
      [Object Copy (ms): Min: 0.0, Avg: 0.4, Max: 0.7, Diff: 0.7, Sum: 3.3]
      [Termination (ms): Min: 0.0, Avg: 2.6, Max: 3.0, Diff: 3.0, Sum: 20.7]
         [Termination Attempts: Min: 1, Avg: 3.4, Max: 5, Diff: 4, Sum: 27]
      [GC Worker Other (ms): Min: 0.0, Avg: 0.0, Max: 0.0, Diff: 0.0, Sum: 0.1]
      [GC Worker Total (ms): Min: 2.9, Avg: 5.1, Max: 5.5, Diff: 2.6, Sum: 41.2]
      [GC Worker End (ms): Min: 143107021.8, Avg: 143107021.8, Max: 143107021.8, Diff: 0.0]
   [Code Root Fixup: 0.0 ms]
   [Code Root Purge: 0.0 ms]
   [Clear CT: 0.6 ms]
   [Other: 3.0 ms]
      [Choose CSet: 0.0 ms]
      [Ref Proc: 2.4 ms]
      [Ref Enq: 0.1 ms]
      [Redirty Cards: 0.1 ms]
      [Humongous Register: 0.1 ms]
      [Humongous Reclaim: 0.0 ms]
      [Free CSet: 0.3 ms]
   [Eden: 7152.0M(7152.0M)->0.0B(7152.0M) Survivors: 16384.0K->16384.0K Heap: 9976.9M(14336.0M)->2824.9M(14336.0M)]
 [Times: user=0.04 sys=0.00, real=0.01 secs] 
2022-07-23T13:12:49.911-0700: 144141.415: [GC pause (G1 Evacuation Pause) (young), 0.0113175 secs]
   [Parallel Time: 5.8 ms, GC Workers: 8]
      [GC Worker Start (ms): Min: 144141415.6, Avg: 144141415.7, Max: 144141415.7, Diff: 0.2]
      [Ext Root Scanning (ms): Min: 1.2, Avg: 1.9, Max: 5.5, Diff: 4.3, Sum: 15.1]
      [Update RS (ms): Min: 0.0, Avg: 0.3, Max: 0.7, Diff: 0.7, Sum: 2.6]
         [Processed Buffers: Min: 0, Avg: 20.5, Max: 79, Diff: 79, Sum: 164]
      [Scan RS (ms): Min: 0.0, Avg: 0.1, Max: 0.2, Diff: 0.1, Sum: 0.7]
      [Code Root Scanning (ms): Min: 0.0, Avg: 0.0, Max: 0.0, Diff: 0.0, Sum: 0.0]
      [Object Copy (ms): Min: 0.0, Avg: 0.5, Max: 0.7, Diff: 0.7, Sum: 3.8]
      [Termination (ms): Min: 0.0, Avg: 2.7, Max: 3.1, Diff: 3.1, Sum: 21.3]
         [Termination Attempts: Min: 1, Avg: 1.4, Max: 2, Diff: 1, Sum: 11]
      [GC Worker Other (ms): Min: 0.0, Avg: 0.0, Max: 0.0, Diff: 0.0, Sum: 0.1]
      [GC Worker Total (ms): Min: 5.4, Avg: 5.5, Max: 5.6, Diff: 0.2, Sum: 43.7]
      [GC Worker End (ms): Min: 144141421.1, Avg: 144141421.1, Max: 144141421.1, Diff: 0.0]
   [Code Root Fixup: 0.0 ms]
   [Code Root Purge: 0.0 ms]
   [Clear CT: 0.6 ms]
   [Other: 4.9 ms]
      [Choose CSet: 0.0 ms]
      [Ref Proc: 4.3 ms]
      [Ref Enq: 0.1 ms]
      [Redirty Cards: 0.1 ms]
      [Humongous Register: 0.0 ms]
      [Humongous Reclaim: 0.0 ms]
      [Free CSet: 0.3 ms]
   [Eden: 7152.0M(7152.0M)->0.0B(7152.0M) Survivors: 16384.0K->16384.0K Heap: 9976.9M(14336.0M)->2824.9M(14336.0M)]
 [Times: user=0.06 sys=0.01, real=0.01 secs] 
2022-07-23T13:30:11.363-0700: 145182.868: [GC pause (G1 Evacuation Pause) (young), 0.0104296 secs]
   [Parallel Time: 5.5 ms, GC Workers: 8]
      [GC Worker Start (ms): Min: 145182868.2, Avg: 145182868.2, Max: 145182868.3, Diff: 0.1]
      [Ext Root Scanning (ms): Min: 1.0, Avg: 1.7, Max: 5.2, Diff: 4.2, Sum: 13.7]
      [Update RS (ms): Min: 0.0, Avg: 0.3, Max: 0.6, Diff: 0.6, Sum: 2.3]
         [Processed Buffers: Min: 0, Avg: 23.2, Max: 82, Diff: 82, Sum: 186]
      [Scan RS (ms): Min: 0.0, Avg: 0.1, Max: 0.2, Diff: 0.1, Sum: 0.6]
      [Code Root Scanning (ms): Min: 0.0, Avg: 0.0, Max: 0.0, Diff: 0.0, Sum: 0.0]
      [Object Copy (ms): Min: 0.0, Avg: 0.5, Max: 0.6, Diff: 0.6, Sum: 3.6]
      [Termination (ms): Min: 0.0, Avg: 2.7, Max: 3.1, Diff: 3.1, Sum: 21.4]
         [Termination Attempts: Min: 1, Avg: 1.0, Max: 1, Diff: 0, Sum: 8]
      [GC Worker Other (ms): Min: 0.0, Avg: 0.0, Max: 0.0, Diff: 0.0, Sum: 0.2]
      [GC Worker Total (ms): Min: 5.2, Avg: 5.2, Max: 5.3, Diff: 0.1, Sum: 41.8]
      [GC Worker End (ms): Min: 145182873.5, Avg: 145182873.5, Max: 145182873.5, Diff: 0.0]
   [Code Root Fixup: 0.0 ms]
   [Code Root Purge: 0.0 ms]
   [Clear CT: 0.6 ms]
   [Other: 4.3 ms]
      [Choose CSet: 0.0 ms]
      [Ref Proc: 3.8 ms]
      [Ref Enq: 0.1 ms]
      [Redirty Cards: 0.1 ms]
      [Humongous Register: 0.0 ms]
      [Humongous Reclaim: 0.0 ms]
      [Free CSet: 0.3 ms]
   [Eden: 7152.0M(7152.0M)->0.0B(7152.0M) Survivors: 16384.0K->16384.0K Heap: 9976.9M(14336.0M)->2825.1M(14336.0M)]
 [Times: user=0.06 sys=0.01, real=0.00 secs] 
2022-07-23T13:47:44.862-0700: 146236.366: [GC pause (G1 Evacuation Pause) (young), 0.0112627 secs]
   [Parallel Time: 5.2 ms, GC Workers: 8]
      [GC Worker Start (ms): Min: 146236366.4, Avg: 146236366.5, Max: 146236366.6, Diff: 0.2]
      [Ext Root Scanning (ms): Min: 1.1, Avg: 1.8, Max: 5.1, Diff: 3.9, Sum: 14.6]
      [Update RS (ms): Min: 0.0, Avg: 0.3, Max: 0.6, Diff: 0.6, Sum: 2.4]
         [Processed Buffers: Min: 0, Avg: 19.9, Max: 67, Diff: 67, Sum: 159]
      [Scan RS (ms): Min: 0.0, Avg: 0.1, Max: 0.2, Diff: 0.1, Sum: 0.7]
      [Code Root Scanning (ms): Min: 0.0, Avg: 0.0, Max: 0.0, Diff: 0.0, Sum: 0.0]
      [Object Copy (ms): Min: 0.0, Avg: 0.5, Max: 0.7, Diff: 0.7, Sum: 4.0]
      [Termination (ms): Min: 0.0, Avg: 2.3, Max: 2.7, Diff: 2.7, Sum: 18.6]
         [Termination Attempts: Min: 1, Avg: 1.9, Max: 3, Diff: 2, Sum: 15]
      [GC Worker Other (ms): Min: 0.0, Avg: 0.0, Max: 0.0, Diff: 0.0, Sum: 0.1]
      [GC Worker Total (ms): Min: 5.0, Avg: 5.0, Max: 5.1, Diff: 0.2, Sum: 40.4]
      [GC Worker End (ms): Min: 146236371.6, Avg: 146236371.6, Max: 146236371.6, Diff: 0.0]
   [Code Root Fixup: 0.0 ms]
   [Code Root Purge: 0.0 ms]
   [Clear CT: 0.7 ms]
   [Other: 5.4 ms]
      [Choose CSet: 0.0 ms]
      [Ref Proc: 4.7 ms]
      [Ref Enq: 0.1 ms]
      [Redirty Cards: 0.1 ms]
      [Humongous Register: 0.0 ms]
      [Humongous Reclaim: 0.0 ms]
      [Free CSet: 0.3 ms]
   [Eden: 7152.0M(7152.0M)->0.0B(7152.0M) Survivors: 16384.0K->16384.0K Heap: 9977.1M(14336.0M)->2824.9M(14336.0M)]
 [Times: user=0.05 sys=0.00, real=0.01 secs] 
2022-07-23T14:05:12.161-0700: 147283.666: [GC pause (G1 Evacuation Pause) (young), 0.0108511 secs]
   [Parallel Time: 6.0 ms, GC Workers: 8]
      [GC Worker Start (ms): Min: 147283666.0, Avg: 147283666.0, Max: 147283666.1, Diff: 0.1]
      [Ext Root Scanning (ms): Min: 1.2, Avg: 1.9, Max: 5.6, Diff: 4.4, Sum: 14.8]
      [Update RS (ms): Min: 0.0, Avg: 0.3, Max: 0.7, Diff: 0.7, Sum: 2.5]
         [Processed Buffers: Min: 0, Avg: 20.5, Max: 79, Diff: 79, Sum: 164]
      [Scan RS (ms): Min: 0.0, Avg: 0.1, Max: 0.2, Diff: 0.1, Sum: 0.6]
      [Code Root Scanning (ms): Min: 0.0, Avg: 0.0, Max: 0.0, Diff: 0.0, Sum: 0.0]
      [Object Copy (ms): Min: 0.0, Avg: 0.5, Max: 0.7, Diff: 0.7, Sum: 3.8]
      [Termination (ms): Min: 0.0, Avg: 2.9, Max: 3.3, Diff: 3.3, Sum: 22.9]
         [Termination Attempts: Min: 1, Avg: 1.2, Max: 3, Diff: 2, Sum: 10]
      [GC Worker Other (ms): Min: 0.0, Avg: 0.0, Max: 0.1, Diff: 0.1, Sum: 0.3]
      [GC Worker Total (ms): Min: 5.6, Avg: 5.6, Max: 5.7, Diff: 0.1, Sum: 45.0]
      [GC Worker End (ms): Min: 147283671.6, Avg: 147283671.6, Max: 147283671.7, Diff: 0.1]
   [Code Root Fixup: 0.0 ms]
   [Code Root Purge: 0.0 ms]
   [Clear CT: 0.6 ms]
   [Other: 4.2 ms]
      [Choose CSet: 0.0 ms]
      [Ref Proc: 3.7 ms]
      [Ref Enq: 0.1 ms]
      [Redirty Cards: 0.1 ms]
      [Humongous Register: 0.0 ms]
      [Humongous Reclaim: 0.0 ms]
      [Free CSet: 0.3 ms]
   [Eden: 7152.0M(7152.0M)->0.0B(7152.0M) Survivors: 16384.0K->16384.0K Heap: 9976.9M(14336.0M)->2825.0M(14336.0M)]
 [Times: user=0.05 sys=0.00, real=0.01 secs] 
2022-07-23T14:22:27.962-0700: 148319.467: [GC pause (G1 Evacuation Pause) (young), 0.0108829 secs]
   [Parallel Time: 5.6 ms, GC Workers: 8]
      [GC Worker Start (ms): Min: 148319467.2, Avg: 148319467.3, Max: 148319467.4, Diff: 0.2]
      [Ext Root Scanning (ms): Min: 1.1, Avg: 1.8, Max: 5.4, Diff: 4.3, Sum: 14.6]
      [Update RS (ms): Min: 0.0, Avg: 0.3, Max: 0.7, Diff: 0.7, Sum: 2.5]
         [Processed Buffers: Min: 0, Avg: 21.4, Max: 61, Diff: 61, Sum: 171]
      [Scan RS (ms): Min: 0.0, Avg: 0.1, Max: 0.2, Diff: 0.1, Sum: 0.7]
      [Code Root Scanning (ms): Min: 0.0, Avg: 0.0, Max: 0.0, Diff: 0.0, Sum: 0.0]
      [Object Copy (ms): Min: 0.0, Avg: 0.5, Max: 0.7, Diff: 0.7, Sum: 3.8]
      [Termination (ms): Min: 0.0, Avg: 2.7, Max: 3.1, Diff: 3.1, Sum: 21.3]
         [Termination Attempts: Min: 1, Avg: 1.0, Max: 1, Diff: 0, Sum: 8]
      [GC Worker Other (ms): Min: 0.0, Avg: 0.0, Max: 0.0, Diff: 0.0, Sum: 0.1]
      [GC Worker Total (ms): Min: 5.3, Avg: 5.4, Max: 5.5, Diff: 0.2, Sum: 43.1]
      [GC Worker End (ms): Min: 148319472.7, Avg: 148319472.7, Max: 148319472.7, Diff: 0.0]
   [Code Root Fixup: 0.0 ms]
   [Code Root Purge: 0.0 ms]
   [Clear CT: 0.6 ms]
   [Other: 4.7 ms]
      [Choose CSet: 0.0 ms]
      [Ref Proc: 3.9 ms]
      [Ref Enq: 0.2 ms]
      [Redirty Cards: 0.1 ms]
      [Humongous Register: 0.0 ms]
      [Humongous Reclaim: 0.0 ms]
      [Free CSet: 0.3 ms]
   [Eden: 7152.0M(7152.0M)->0.0B(7152.0M) Survivors: 16384.0K->16384.0K Heap: 9977.0M(14336.0M)->2825.0M(14336.0M)]
 [Times: user=0.05 sys=0.00, real=0.01 secs] 
2022-07-23T14:39:41.361-0700: 149352.866: [GC pause (G1 Evacuation Pause) (young), 0.0110161 secs]
   [Parallel Time: 5.7 ms, GC Workers: 8]
      [GC Worker Start (ms): Min: 149352865.9, Avg: 149352866.0, Max: 149352866.1, Diff: 0.1]
      [Ext Root Scanning (ms): Min: 1.1, Avg: 1.8, Max: 5.3, Diff: 4.3, Sum: 14.3]
      [Update RS (ms): Min: 0.0, Avg: 0.3, Max: 0.7, Diff: 0.7, Sum: 2.4]
         [Processed Buffers: Min: 0, Avg: 20.9, Max: 61, Diff: 61, Sum: 167]
      [Scan RS (ms): Min: 0.0, Avg: 0.1, Max: 0.2, Diff: 0.1, Sum: 0.6]
      [Code Root Scanning (ms): Min: 0.0, Avg: 0.0, Max: 0.0, Diff: 0.0, Sum: 0.0]
      [Object Copy (ms): Min: 0.0, Avg: 0.5, Max: 0.7, Diff: 0.7, Sum: 3.7]
      [Termination (ms): Min: 0.0, Avg: 2.7, Max: 3.1, Diff: 3.1, Sum: 21.3]
         [Termination Attempts: Min: 1, Avg: 1.8, Max: 3, Diff: 2, Sum: 14]
      [GC Worker Other (ms): Min: 0.0, Avg: 0.0, Max: 0.0, Diff: 0.0, Sum: 0.2]
      [GC Worker Total (ms): Min: 5.3, Avg: 5.3, Max: 5.4, Diff: 0.1, Sum: 42.7]
      [GC Worker End (ms): Min: 149352871.3, Avg: 149352871.4, Max: 149352871.4, Diff: 0.0]
   [Code Root Fixup: 0.0 ms]
   [Code Root Purge: 0.0 ms]
   [Clear CT: 0.6 ms]
   [Other: 4.7 ms]
      [Choose CSet: 0.0 ms]
      [Ref Proc: 4.1 ms]
      [Ref Enq: 0.1 ms]
      [Redirty Cards: 0.1 ms]
      [Humongous Register: 0.0 ms]
      [Humongous Reclaim: 0.0 ms]
      [Free CSet: 0.3 ms]
   [Eden: 7152.0M(7152.0M)->0.0B(7152.0M) Survivors: 16384.0K->16384.0K Heap: 9977.0M(14336.0M)->2824.9M(14336.0M)]
 [Times: user=0.05 sys=0.00, real=0.01 secs] 
2022-07-23T14:57:01.012-0700: 150392.516: [GC pause (G1 Evacuation Pause) (young), 0.0111818 secs]
   [Parallel Time: 5.4 ms, GC Workers: 8]
      [GC Worker Start (ms): Min: 150392516.6, Avg: 150392516.7, Max: 150392516.8, Diff: 0.2]
      [Ext Root Scanning (ms): Min: 1.1, Avg: 1.7, Max: 4.9, Diff: 3.8, Sum: 13.9]
      [Update RS (ms): Min: 0.0, Avg: 0.3, Max: 0.7, Diff: 0.7, Sum: 2.5]
         [Processed Buffers: Min: 0, Avg: 20.1, Max: 57, Diff: 57, Sum: 161]
      [Scan RS (ms): Min: 0.0, Avg: 0.1, Max: 0.2, Diff: 0.2, Sum: 0.7]
      [Code Root Scanning (ms): Min: 0.0, Avg: 0.0, Max: 0.0, Diff: 0.0, Sum: 0.0]
      [Object Copy (ms): Min: 0.0, Avg: 0.5, Max: 0.7, Diff: 0.7, Sum: 3.7]
      [Termination (ms): Min: 0.0, Avg: 2.3, Max: 2.6, Diff: 2.6, Sum: 18.0]
         [Termination Attempts: Min: 1, Avg: 1.9, Max: 3, Diff: 2, Sum: 15]
      [GC Worker Other (ms): Min: 0.0, Avg: 0.0, Max: 0.0, Diff: 0.0, Sum: 0.2]
      [GC Worker Total (ms): Min: 4.8, Avg: 4.9, Max: 5.0, Diff: 0.2, Sum: 39.0]
      [GC Worker End (ms): Min: 150392521.5, Avg: 150392521.6, Max: 150392521.6, Diff: 0.1]
   [Code Root Fixup: 0.0 ms]
   [Code Root Purge: 0.0 ms]
   [Clear CT: 0.7 ms]
   [Other: 5.1 ms]
      [Choose CSet: 0.0 ms]
      [Ref Proc: 4.2 ms]
      [Ref Enq: 0.2 ms]
      [Redirty Cards: 0.1 ms]
      [Humongous Register: 0.0 ms]
      [Humongous Reclaim: 0.0 ms]
      [Free CSet: 0.3 ms]
   [Eden: 7152.0M(7152.0M)->0.0B(7152.0M) Survivors: 16384.0K->16384.0K Heap: 9976.9M(14336.0M)->2824.9M(14336.0M)]
 [Times: user=0.04 sys=0.01, real=0.02 secs] 
2022-07-23T15:14:15.313-0700: 151426.817: [GC pause (G1 Evacuation Pause) (young), 0.0108517 secs]
   [Parallel Time: 6.0 ms, GC Workers: 8]
      [GC Worker Start (ms): Min: 151426817.4, Avg: 151426817.5, Max: 151426817.6, Diff: 0.2]
      [Ext Root Scanning (ms): Min: 1.1, Avg: 1.8, Max: 5.5, Diff: 4.4, Sum: 14.7]
      [Update RS (ms): Min: 0.0, Avg: 0.3, Max: 0.6, Diff: 0.6, Sum: 2.5]
         [Processed Buffers: Min: 0, Avg: 22.0, Max: 53, Diff: 53, Sum: 176]
      [Scan RS (ms): Min: 0.0, Avg: 0.1, Max: 0.1, Diff: 0.1, Sum: 0.6]
      [Code Root Scanning (ms): Min: 0.0, Avg: 0.0, Max: 0.0, Diff: 0.0, Sum: 0.0]
      [Object Copy (ms): Min: 0.0, Avg: 0.5, Max: 0.7, Diff: 0.7, Sum: 3.8]
      [Termination (ms): Min: 0.0, Avg: 2.8, Max: 3.2, Diff: 3.2, Sum: 22.1]
         [Termination Attempts: Min: 1, Avg: 2.6, Max: 5, Diff: 4, Sum: 21]
      [GC Worker Other (ms): Min: 0.0, Avg: 0.1, Max: 0.1, Diff: 0.1, Sum: 0.4]
      [GC Worker Total (ms): Min: 5.4, Avg: 5.5, Max: 5.6, Diff: 0.2, Sum: 44.2]
      [GC Worker End (ms): Min: 151426823.0, Avg: 151426823.0, Max: 151426823.1, Diff: 0.1]
   [Code Root Fixup: 0.0 ms]
   [Code Root Purge: 0.0 ms]
   [Clear CT: 0.6 ms]
   [Other: 4.3 ms]
      [Choose CSet: 0.0 ms]
      [Ref Proc: 3.6 ms]
      [Ref Enq: 0.1 ms]
      [Redirty Cards: 0.1 ms]
      [Humongous Register: 0.0 ms]
      [Humongous Reclaim: 0.0 ms]
      [Free CSet: 0.3 ms]
   [Eden: 7152.0M(7152.0M)->0.0B(7152.0M) Survivors: 16384.0K->16384.0K Heap: 9976.9M(14336.0M)->2825.0M(14336.0M)]
 [Times: user=0.06 sys=0.00, real=0.02 secs] 
2022-07-23T15:31:38.802-0700: 152470.307: [GC pause (G1 Evacuation Pause) (young), 0.0102874 secs]
   [Parallel Time: 5.9 ms, GC Workers: 8]
      [GC Worker Start (ms): Min: 152470307.3, Avg: 152470307.4, Max: 152470307.5, Diff: 0.2]
      [Ext Root Scanning (ms): Min: 1.1, Avg: 1.8, Max: 5.6, Diff: 4.5, Sum: 14.3]
      [Update RS (ms): Min: 0.0, Avg: 0.3, Max: 0.7, Diff: 0.7, Sum: 2.5]
         [Processed Buffers: Min: 0, Avg: 20.6, Max: 58, Diff: 58, Sum: 165]
      [Scan RS (ms): Min: 0.0, Avg: 0.1, Max: 0.2, Diff: 0.1, Sum: 0.7]
      [Code Root Scanning (ms): Min: 0.0, Avg: 0.0, Max: 0.0, Diff: 0.0, Sum: 0.0]
      [Object Copy (ms): Min: 0.0, Avg: 0.4, Max: 0.6, Diff: 0.6, Sum: 3.5]
      [Termination (ms): Min: 0.0, Avg: 2.9, Max: 3.3, Diff: 3.3, Sum: 23.0]
         [Termination Attempts: Min: 1, Avg: 1.1, Max: 2, Diff: 1, Sum: 9]
      [GC Worker Other (ms): Min: 0.0, Avg: 0.0, Max: 0.0, Diff: 0.0, Sum: 0.2]
      [GC Worker Total (ms): Min: 5.4, Avg: 5.5, Max: 5.6, Diff: 0.2, Sum: 44.1]
      [GC Worker End (ms): Min: 152470312.9, Avg: 152470312.9, Max: 152470313.0, Diff: 0.0]
   [Code Root Fixup: 0.0 ms]
   [Code Root Purge: 0.0 ms]
   [Clear CT: 0.6 ms]
   [Other: 3.8 ms]
      [Choose CSet: 0.0 ms]
      [Ref Proc: 3.2 ms]
      [Ref Enq: 0.1 ms]
      [Redirty Cards: 0.1 ms]
      [Humongous Register: 0.0 ms]
      [Humongous Reclaim: 0.0 ms]
      [Free CSet: 0.3 ms]
   [Eden: 7152.0M(7152.0M)->0.0B(7152.0M) Survivors: 16384.0K->16384.0K Heap: 9977.0M(14336.0M)->2824.9M(14336.0M)]
 [Times: user=0.04 sys=0.01, real=0.01 secs] 
2022-07-23T15:48:53.262-0700: 153504.767: [GC pause (G1 Evacuation Pause) (young), 0.0088608 secs]
   [Parallel Time: 5.1 ms, GC Workers: 8]
      [GC Worker Start (ms): Min: 153504766.8, Avg: 153504766.9, Max: 153504766.9, Diff: 0.1]
      [Ext Root Scanning (ms): Min: 1.1, Avg: 1.7, Max: 5.0, Diff: 3.9, Sum: 13.6]
      [Update RS (ms): Min: 0.0, Avg: 0.3, Max: 0.7, Diff: 0.7, Sum: 2.2]
         [Processed Buffers: Min: 0, Avg: 20.8, Max: 88, Diff: 88, Sum: 166]
      [Scan RS (ms): Min: 0.0, Avg: 0.1, Max: 0.2, Diff: 0.1, Sum: 0.6]
      [Code Root Scanning (ms): Min: 0.0, Avg: 0.0, Max: 0.0, Diff: 0.0, Sum: 0.0]
      [Object Copy (ms): Min: 0.0, Avg: 0.6, Max: 1.3, Diff: 1.3, Sum: 4.5]
      [Termination (ms): Min: 0.0, Avg: 2.3, Max: 2.7, Diff: 2.7, Sum: 18.8]
         [Termination Attempts: Min: 1, Avg: 1.5, Max: 3, Diff: 2, Sum: 12]
      [GC Worker Other (ms): Min: 0.0, Avg: 0.0, Max: 0.0, Diff: 0.0, Sum: 0.1]
      [GC Worker Total (ms): Min: 4.9, Avg: 5.0, Max: 5.0, Diff: 0.1, Sum: 39.9]
      [GC Worker End (ms): Min: 153504771.8, Avg: 153504771.9, Max: 153504771.9, Diff: 0.0]
   [Code Root Fixup: 0.0 ms]
   [Code Root Purge: 0.0 ms]
   [Clear CT: 0.6 ms]
   [Other: 3.1 ms]
      [Choose CSet: 0.0 ms]
      [Ref Proc: 2.5 ms]
      [Ref Enq: 0.1 ms]
      [Redirty Cards: 0.1 ms]
      [Humongous Register: 0.0 ms]
      [Humongous Reclaim: 0.0 ms]
      [Free CSet: 0.3 ms]
   [Eden: 7152.0M(7152.0M)->0.0B(7152.0M) Survivors: 16384.0K->16384.0K Heap: 9976.9M(14336.0M)->2825.0M(14336.0M)]
 [Times: user=0.05 sys=0.00, real=0.01 secs] 
2022-07-23T16:06:08.611-0700: 154540.116: [GC pause (G1 Evacuation Pause) (young), 0.0103863 secs]
   [Parallel Time: 5.1 ms, GC Workers: 8]
      [GC Worker Start (ms): Min: 154540115.9, Avg: 154540116.0, Max: 154540116.1, Diff: 0.2]
      [Ext Root Scanning (ms): Min: 1.1, Avg: 1.8, Max: 5.0, Diff: 3.9, Sum: 14.0]
      [Update RS (ms): Min: 0.0, Avg: 0.3, Max: 0.7, Diff: 0.7, Sum: 2.5]
         [Processed Buffers: Min: 0, Avg: 21.0, Max: 98, Diff: 98, Sum: 168]
      [Scan RS (ms): Min: 0.0, Avg: 0.1, Max: 0.2, Diff: 0.1, Sum: 0.7]
      [Code Root Scanning (ms): Min: 0.0, Avg: 0.0, Max: 0.0, Diff: 0.0, Sum: 0.0]
      [Object Copy (ms): Min: 0.0, Avg: 0.5, Max: 0.7, Diff: 0.7, Sum: 3.9]
      [Termination (ms): Min: 0.0, Avg: 2.3, Max: 2.6, Diff: 2.6, Sum: 18.3]
         [Termination Attempts: Min: 1, Avg: 1.0, Max: 1, Diff: 0, Sum: 8]
      [GC Worker Other (ms): Min: 0.0, Avg: 0.0, Max: 0.0, Diff: 0.0, Sum: 0.1]
      [GC Worker Total (ms): Min: 4.9, Avg: 4.9, Max: 5.0, Diff: 0.2, Sum: 39.5]
      [GC Worker End (ms): Min: 154540120.9, Avg: 154540120.9, Max: 154540120.9, Diff: 0.0]
   [Code Root Fixup: 0.0 ms]
   [Code Root Purge: 0.0 ms]
   [Clear CT: 0.6 ms]
   [Other: 4.6 ms]
      [Choose CSet: 0.0 ms]
      [Ref Proc: 3.9 ms]
      [Ref Enq: 0.1 ms]
      [Redirty Cards: 0.1 ms]
      [Humongous Register: 0.0 ms]
      [Humongous Reclaim: 0.0 ms]
      [Free CSet: 0.3 ms]
   [Eden: 7152.0M(7152.0M)->0.0B(7152.0M) Survivors: 16384.0K->16384.0K Heap: 9977.0M(14336.0M)->2825.2M(14336.0M)]
 [Times: user=0.06 sys=0.00, real=0.01 secs] 
2022-07-23T16:23:18.511-0700: 155570.015: [GC pause (G1 Evacuation Pause) (young), 0.0111074 secs]
   [Parallel Time: 5.7 ms, GC Workers: 8]
      [GC Worker Start (ms): Min: 155570015.6, Avg: 155570015.7, Max: 155570015.8, Diff: 0.2]
      [Ext Root Scanning (ms): Min: 1.2, Avg: 1.8, Max: 5.4, Diff: 4.2, Sum: 14.6]
      [Update RS (ms): Min: 0.0, Avg: 0.3, Max: 0.7, Diff: 0.7, Sum: 2.6]
         [Processed Buffers: Min: 0, Avg: 22.5, Max: 63, Diff: 63, Sum: 180]
      [Scan RS (ms): Min: 0.0, Avg: 0.1, Max: 0.1, Diff: 0.1, Sum: 0.7]
      [Code Root Scanning (ms): Min: 0.0, Avg: 0.0, Max: 0.0, Diff: 0.0, Sum: 0.0]
      [Object Copy (ms): Min: 0.0, Avg: 0.5, Max: 0.6, Diff: 0.6, Sum: 3.7]
      [Termination (ms): Min: 0.0, Avg: 2.7, Max: 3.1, Diff: 3.1, Sum: 21.3]
         [Termination Attempts: Min: 1, Avg: 1.1, Max: 2, Diff: 1, Sum: 9]
      [GC Worker Other (ms): Min: 0.0, Avg: 0.0, Max: 0.0, Diff: 0.0, Sum: 0.1]
      [GC Worker Total (ms): Min: 5.3, Avg: 5.4, Max: 5.4, Diff: 0.1, Sum: 42.9]
      [GC Worker End (ms): Min: 155570021.1, Avg: 155570021.1, Max: 155570021.1, Diff: 0.1]
   [Code Root Fixup: 0.0 ms]
   [Code Root Purge: 0.0 ms]
   [Clear CT: 0.7 ms]
   [Other: 4.8 ms]
      [Choose CSet: 0.0 ms]
      [Ref Proc: 4.1 ms]
      [Ref Enq: 0.1 ms]
      [Redirty Cards: 0.1 ms]
      [Humongous Register: 0.0 ms]
      [Humongous Reclaim: 0.0 ms]
      [Free CSet: 0.3 ms]
   [Eden: 7152.0M(7152.0M)->0.0B(7152.0M) Survivors: 16384.0K->16384.0K Heap: 9977.2M(14336.0M)->2824.9M(14336.0M)]
 [Times: user=0.05 sys=0.01, real=0.01 secs] 
2022-07-23T16:40:32.911-0700: 156604.415: [GC pause (G1 Evacuation Pause) (young), 0.0114186 secs]
   [Parallel Time: 5.7 ms, GC Workers: 8]
      [GC Worker Start (ms): Min: 156604415.6, Avg: 156604415.6, Max: 156604415.7, Diff: 0.2]
      [Ext Root Scanning (ms): Min: 1.1, Avg: 1.8, Max: 5.5, Diff: 4.4, Sum: 14.5]
      [Update RS (ms): Min: 0.0, Avg: 0.3, Max: 0.7, Diff: 0.7, Sum: 2.6]
         [Processed Buffers: Min: 0, Avg: 21.1, Max: 56, Diff: 56, Sum: 169]
      [Scan RS (ms): Min: 0.0, Avg: 0.1, Max: 0.2, Diff: 0.1, Sum: 0.7]
      [Code Root Scanning (ms): Min: 0.0, Avg: 0.0, Max: 0.0, Diff: 0.0, Sum: 0.0]
      [Object Copy (ms): Min: 0.0, Avg: 0.5, Max: 0.7, Diff: 0.7, Sum: 3.7]
      [Termination (ms): Min: 0.0, Avg: 2.7, Max: 3.2, Diff: 3.2, Sum: 22.0]
         [Termination Attempts: Min: 1, Avg: 1.2, Max: 2, Diff: 1, Sum: 10]
      [GC Worker Other (ms): Min: 0.0, Avg: 0.0, Max: 0.0, Diff: 0.0, Sum: 0.1]
      [GC Worker Total (ms): Min: 5.4, Avg: 5.5, Max: 5.5, Diff: 0.2, Sum: 43.7]
      [GC Worker End (ms): Min: 156604421.1, Avg: 156604421.1, Max: 156604421.2, Diff: 0.1]
   [Code Root Fixup: 0.0 ms]
   [Code Root Purge: 0.0 ms]
   [Clear CT: 0.7 ms]
   [Other: 5.0 ms]
      [Choose CSet: 0.0 ms]
      [Ref Proc: 4.3 ms]
      [Ref Enq: 0.1 ms]
      [Redirty Cards: 0.1 ms]
      [Humongous Register: 0.0 ms]
      [Humongous Reclaim: 0.0 ms]
      [Free CSet: 0.4 ms]
   [Eden: 7152.0M(7152.0M)->0.0B(7152.0M) Survivors: 16384.0K->16384.0K Heap: 9976.9M(14336.0M)->2825.1M(14336.0M)]
 [Times: user=0.05 sys=0.01, real=0.01 secs] 
2022-07-23T16:57:49.710-0700: 157641.215: [GC pause (G1 Evacuation Pause) (young), 0.0105410 secs]
   [Parallel Time: 5.7 ms, GC Workers: 8]
      [GC Worker Start (ms): Min: 157641215.2, Avg: 157641215.3, Max: 157641215.4, Diff: 0.2]
      [Ext Root Scanning (ms): Min: 1.1, Avg: 1.8, Max: 5.5, Diff: 4.4, Sum: 14.6]
      [Update RS (ms): Min: 0.0, Avg: 0.3, Max: 0.7, Diff: 0.7, Sum: 2.6]
         [Processed Buffers: Min: 0, Avg: 21.1, Max: 49, Diff: 49, Sum: 169]
      [Scan RS (ms): Min: 0.0, Avg: 0.1, Max: 0.2, Diff: 0.2, Sum: 0.6]
      [Code Root Scanning (ms): Min: 0.0, Avg: 0.0, Max: 0.0, Diff: 0.0, Sum: 0.0]
      [Object Copy (ms): Min: 0.0, Avg: 0.5, Max: 0.7, Diff: 0.7, Sum: 3.9]
      [Termination (ms): Min: 0.0, Avg: 2.7, Max: 3.2, Diff: 3.2, Sum: 21.9]
         [Termination Attempts: Min: 1, Avg: 1.4, Max: 2, Diff: 1, Sum: 11]
      [GC Worker Other (ms): Min: 0.0, Avg: 0.0, Max: 0.0, Diff: 0.0, Sum: 0.1]
      [GC Worker Total (ms): Min: 5.4, Avg: 5.5, Max: 5.5, Diff: 0.1, Sum: 43.8]
      [GC Worker End (ms): Min: 157641220.7, Avg: 157641220.7, Max: 157641220.8, Diff: 0.0]
   [Code Root Fixup: 0.0 ms]
   [Code Root Purge: 0.0 ms]
   [Clear CT: 0.6 ms]
   [Other: 4.3 ms]
      [Choose CSet: 0.0 ms]
      [Ref Proc: 3.4 ms]
      [Ref Enq: 0.3 ms]
      [Redirty Cards: 0.2 ms]
      [Humongous Register: 0.1 ms]
      [Humongous Reclaim: 0.0 ms]
      [Free CSet: 0.3 ms]
   [Eden: 7152.0M(7152.0M)->0.0B(7152.0M) Survivors: 16384.0K->16384.0K Heap: 9977.1M(14336.0M)->2825.0M(14336.0M)]
 [Times: user=0.05 sys=0.00, real=0.01 secs] 
2022-07-23T17:14:59.860-0700: 158671.365: [GC pause (G1 Evacuation Pause) (young), 0.0111033 secs]
   [Parallel Time: 6.0 ms, GC Workers: 8]
      [GC Worker Start (ms): Min: 158671364.7, Avg: 158671364.8, Max: 158671364.8, Diff: 0.2]
      [Ext Root Scanning (ms): Min: 1.1, Avg: 1.8, Max: 5.5, Diff: 4.4, Sum: 14.6]
      [Update RS (ms): Min: 0.0, Avg: 0.3, Max: 0.7, Diff: 0.7, Sum: 2.6]
         [Processed Buffers: Min: 0, Avg: 20.4, Max: 48, Diff: 48, Sum: 163]
      [Scan RS (ms): Min: 0.0, Avg: 0.1, Max: 0.2, Diff: 0.1, Sum: 0.7]
      [Code Root Scanning (ms): Min: 0.0, Avg: 0.0, Max: 0.0, Diff: 0.0, Sum: 0.0]
      [Object Copy (ms): Min: 0.0, Avg: 0.5, Max: 0.7, Diff: 0.7, Sum: 3.9]
      [Termination (ms): Min: 0.0, Avg: 2.7, Max: 3.1, Diff: 3.1, Sum: 21.6]
         [Termination Attempts: Min: 1, Avg: 2.6, Max: 4, Diff: 3, Sum: 21]
      [GC Worker Other (ms): Min: 0.0, Avg: 0.0, Max: 0.0, Diff: 0.0, Sum: 0.1]
      [GC Worker Total (ms): Min: 5.4, Avg: 5.4, Max: 5.5, Diff: 0.1, Sum: 43.6]
      [GC Worker End (ms): Min: 158671370.2, Avg: 158671370.2, Max: 158671370.2, Diff: 0.0]
   [Code Root Fixup: 0.0 ms]
   [Code Root Purge: 0.0 ms]
   [Clear CT: 0.6 ms]
   [Other: 4.6 ms]
      [Choose CSet: 0.0 ms]
      [Ref Proc: 3.9 ms]
      [Ref Enq: 0.1 ms]
      [Redirty Cards: 0.1 ms]
      [Humongous Register: 0.0 ms]
      [Humongous Reclaim: 0.0 ms]
      [Free CSet: 0.3 ms]
   [Eden: 7152.0M(7152.0M)->0.0B(7152.0M) Survivors: 16384.0K->16384.0K Heap: 9977.0M(14336.0M)->2825.1M(14336.0M)]
 [Times: user=0.05 sys=0.01, real=0.01 secs] 
2022-07-23T17:32:17.611-0700: 159709.115: [GC pause (G1 Evacuation Pause) (young), 0.0106811 secs]
   [Parallel Time: 5.2 ms, GC Workers: 8]
      [GC Worker Start (ms): Min: 159709115.6, Avg: 159709115.7, Max: 159709115.8, Diff: 0.2]
      [Ext Root Scanning (ms): Min: 1.0, Avg: 1.7, Max: 4.9, Diff: 3.9, Sum: 13.6]
      [Update RS (ms): Min: 0.0, Avg: 0.3, Max: 0.7, Diff: 0.7, Sum: 2.4]
         [Processed Buffers: Min: 0, Avg: 20.9, Max: 47, Diff: 47, Sum: 167]
      [Scan RS (ms): Min: 0.0, Avg: 0.1, Max: 0.2, Diff: 0.1, Sum: 0.6]
      [Code Root Scanning (ms): Min: 0.0, Avg: 0.0, Max: 0.0, Diff: 0.0, Sum: 0.0]
      [Object Copy (ms): Min: 0.0, Avg: 0.5, Max: 0.7, Diff: 0.7, Sum: 3.8]
      [Termination (ms): Min: 0.0, Avg: 2.3, Max: 2.7, Diff: 2.7, Sum: 18.6]
         [Termination Attempts: Min: 1, Avg: 3.2, Max: 5, Diff: 4, Sum: 26]
      [GC Worker Other (ms): Min: 0.0, Avg: 0.0, Max: 0.0, Diff: 0.0, Sum: 0.1]
      [GC Worker Total (ms): Min: 4.8, Avg: 4.9, Max: 5.0, Diff: 0.2, Sum: 39.1]
      [GC Worker End (ms): Min: 159709120.6, Avg: 159709120.6, Max: 159709120.6, Diff: 0.0]
   [Code Root Fixup: 0.0 ms]
   [Code Root Purge: 0.0 ms]
   [Clear CT: 0.6 ms]
   [Other: 4.9 ms]
      [Choose CSet: 0.0 ms]
      [Ref Proc: 4.0 ms]
      [Ref Enq: 0.2 ms]
      [Redirty Cards: 0.2 ms]
      [Humongous Register: 0.0 ms]
      [Humongous Reclaim: 0.0 ms]
      [Free CSet: 0.3 ms]
   [Eden: 7152.0M(7152.0M)->0.0B(7152.0M) Survivors: 16384.0K->16384.0K Heap: 9977.1M(14336.0M)->2825.0M(14336.0M)]
 [Times: user=0.05 sys=0.00, real=0.01 secs] 
2022-07-23T17:49:35.807-0700: 160747.312: [GC pause (G1 Evacuation Pause) (young), 0.0111758 secs]
   [Parallel Time: 5.6 ms, GC Workers: 8]
      [GC Worker Start (ms): Min: 160747312.3, Avg: 160747312.4, Max: 160747312.5, Diff: 0.2]
      [Ext Root Scanning (ms): Min: 1.1, Avg: 1.8, Max: 5.2, Diff: 4.2, Sum: 14.0]
      [Update RS (ms): Min: 0.0, Avg: 0.3, Max: 0.6, Diff: 0.6, Sum: 2.5]
         [Processed Buffers: Min: 0, Avg: 22.6, Max: 47, Diff: 47, Sum: 181]
      [Scan RS (ms): Min: 0.0, Avg: 0.1, Max: 0.1, Diff: 0.1, Sum: 0.7]
      [Code Root Scanning (ms): Min: 0.0, Avg: 0.0, Max: 0.0, Diff: 0.0, Sum: 0.0]
      [Object Copy (ms): Min: 0.0, Avg: 0.5, Max: 0.7, Diff: 0.7, Sum: 3.9]
      [Termination (ms): Min: 0.0, Avg: 2.5, Max: 2.9, Diff: 2.9, Sum: 20.4]
         [Termination Attempts: Min: 1, Avg: 1.0, Max: 1, Diff: 0, Sum: 8]
      [GC Worker Other (ms): Min: 0.0, Avg: 0.0, Max: 0.0, Diff: 0.0, Sum: 0.1]
      [GC Worker Total (ms): Min: 5.1, Avg: 5.2, Max: 5.3, Diff: 0.2, Sum: 41.7]
      [GC Worker End (ms): Min: 160747317.6, Avg: 160747317.6, Max: 160747317.6, Diff: 0.0]
   [Code Root Fixup: 0.0 ms]
   [Code Root Purge: 0.0 ms]
   [Clear CT: 0.6 ms]
   [Other: 5.0 ms]
      [Choose CSet: 0.0 ms]
      [Ref Proc: 4.3 ms]
      [Ref Enq: 0.1 ms]
      [Redirty Cards: 0.1 ms]
      [Humongous Register: 0.0 ms]
      [Humongous Reclaim: 0.0 ms]
      [Free CSet: 0.3 ms]
   [Eden: 7152.0M(7152.0M)->0.0B(7152.0M) Survivors: 16384.0K->16384.0K Heap: 9977.0M(14336.0M)->2825.0M(14336.0M)]
 [Times: user=0.05 sys=0.00, real=0.01 secs] 
2022-07-23T18:06:51.912-0700: 161783.417: [GC pause (G1 Evacuation Pause) (young), 0.0108106 secs]
   [Parallel Time: 5.6 ms, GC Workers: 8]
      [GC Worker Start (ms): Min: 161783417.0, Avg: 161783417.1, Max: 161783417.2, Diff: 0.1]
      [Ext Root Scanning (ms): Min: 1.2, Avg: 1.9, Max: 5.4, Diff: 4.3, Sum: 14.8]
      [Update RS (ms): Min: 0.0, Avg: 0.3, Max: 0.7, Diff: 0.7, Sum: 2.6]
         [Processed Buffers: Min: 0, Avg: 21.4, Max: 43, Diff: 43, Sum: 171]
      [Scan RS (ms): Min: 0.0, Avg: 0.1, Max: 0.2, Diff: 0.1, Sum: 0.7]
      [Code Root Scanning (ms): Min: 0.0, Avg: 0.0, Max: 0.0, Diff: 0.0, Sum: 0.0]
      [Object Copy (ms): Min: 0.0, Avg: 0.5, Max: 0.7, Diff: 0.7, Sum: 3.8]
      [Termination (ms): Min: 0.0, Avg: 2.7, Max: 3.0, Diff: 3.0, Sum: 21.2]
         [Termination Attempts: Min: 1, Avg: 1.9, Max: 4, Diff: 3, Sum: 15]
      [GC Worker Other (ms): Min: 0.0, Avg: 0.0, Max: 0.0, Diff: 0.0, Sum: 0.1]
      [GC Worker Total (ms): Min: 5.3, Avg: 5.4, Max: 5.5, Diff: 0.1, Sum: 43.2]
      [GC Worker End (ms): Min: 161783422.5, Avg: 161783422.5, Max: 161783422.5, Diff: 0.0]
   [Code Root Fixup: 0.0 ms]
   [Code Root Purge: 0.0 ms]
   [Clear CT: 0.6 ms]
   [Other: 4.6 ms]
      [Choose CSet: 0.0 ms]
      [Ref Proc: 3.8 ms]
      [Ref Enq: 0.2 ms]
      [Redirty Cards: 0.1 ms]
      [Humongous Register: 0.0 ms]
      [Humongous Reclaim: 0.0 ms]
      [Free CSet: 0.3 ms]
   [Eden: 7152.0M(7152.0M)->0.0B(7152.0M) Survivors: 16384.0K->16384.0K Heap: 9977.0M(14336.0M)->2825.1M(14336.0M)]
 [Times: user=0.05 sys=0.01, real=0.02 secs] 
2022-07-23T18:23:54.898-0700: 162806.403: [GC pause (G1 Evacuation Pause) (young), 0.0109341 secs]
   [Parallel Time: 5.3 ms, GC Workers: 8]
      [GC Worker Start (ms): Min: 162806402.9, Avg: 162806402.9, Max: 162806403.0, Diff: 0.1]
      [Ext Root Scanning (ms): Min: 1.1, Avg: 1.8, Max: 5.0, Diff: 3.9, Sum: 14.2]
      [Update RS (ms): Min: 0.0, Avg: 0.3, Max: 0.7, Diff: 0.7, Sum: 2.6]
         [Processed Buffers: Min: 0, Avg: 22.9, Max: 51, Diff: 51, Sum: 183]
      [Scan RS (ms): Min: 0.0, Avg: 0.1, Max: 0.2, Diff: 0.1, Sum: 0.7]
      [Code Root Scanning (ms): Min: 0.0, Avg: 0.0, Max: 0.0, Diff: 0.0, Sum: 0.0]
      [Object Copy (ms): Min: 0.0, Avg: 0.5, Max: 0.7, Diff: 0.7, Sum: 4.2]
      [Termination (ms): Min: 0.0, Avg: 2.3, Max: 2.7, Diff: 2.7, Sum: 18.4]
         [Termination Attempts: Min: 1, Avg: 1.1, Max: 2, Diff: 1, Sum: 9]
      [GC Worker Other (ms): Min: 0.0, Avg: 0.0, Max: 0.0, Diff: 0.0, Sum: 0.1]
      [GC Worker Total (ms): Min: 4.9, Avg: 5.0, Max: 5.1, Diff: 0.2, Sum: 40.2]
      [GC Worker End (ms): Min: 162806407.9, Avg: 162806408.0, Max: 162806408.0, Diff: 0.0]
   [Code Root Fixup: 0.0 ms]
   [Code Root Purge: 0.0 ms]
   [Clear CT: 0.6 ms]
   [Other: 5.0 ms]
      [Choose CSet: 0.0 ms]
      [Ref Proc: 4.4 ms]
      [Ref Enq: 0.1 ms]
      [Redirty Cards: 0.1 ms]
      [Humongous Register: 0.0 ms]
      [Humongous Reclaim: 0.0 ms]
      [Free CSet: 0.3 ms]
   [Eden: 7152.0M(7152.0M)->0.0B(7152.0M) Survivors: 16384.0K->16384.0K Heap: 9977.1M(14336.0M)->2825.1M(14336.0M)]
 [Times: user=0.06 sys=0.00, real=0.01 secs] 
2022-07-23T18:40:34.000-0700: 163805.505: [GC pause (G1 Evacuation Pause) (young), 0.0157735 secs]
   [Parallel Time: 12.8 ms, GC Workers: 8]
      [GC Worker Start (ms): Min: 163805504.9, Avg: 163805505.6, Max: 163805507.4, Diff: 2.4]
      [Ext Root Scanning (ms): Min: 0.0, Avg: 1.5, Max: 4.9, Diff: 4.9, Sum: 11.7]
      [Update RS (ms): Min: 0.0, Avg: 2.2, Max: 2.9, Diff: 2.9, Sum: 17.8]
         [Processed Buffers: Min: 0, Avg: 27.6, Max: 70, Diff: 70, Sum: 221]
      [Scan RS (ms): Min: 0.0, Avg: 0.1, Max: 0.2, Diff: 0.1, Sum: 0.5]
      [Code Root Scanning (ms): Min: 0.0, Avg: 1.3, Max: 5.3, Diff: 5.3, Sum: 10.7]
      [Object Copy (ms): Min: 2.9, Avg: 6.9, Max: 8.5, Diff: 5.6, Sum: 55.5]
      [Termination (ms): Min: 0.0, Avg: 0.0, Max: 0.0, Diff: 0.0, Sum: 0.0]
         [Termination Attempts: Min: 1, Avg: 1.8, Max: 4, Diff: 3, Sum: 14]
      [GC Worker Other (ms): Min: 0.0, Avg: 0.0, Max: 0.1, Diff: 0.1, Sum: 0.4]
      [GC Worker Total (ms): Min: 10.3, Avg: 12.1, Max: 12.7, Diff: 2.4, Sum: 96.6]
      [GC Worker End (ms): Min: 163805517.6, Avg: 163805517.6, Max: 163805517.7, Diff: 0.1]
   [Code Root Fixup: 0.0 ms]
   [Code Root Purge: 0.0 ms]
   [Clear CT: 0.7 ms]
   [Other: 2.2 ms]
      [Choose CSet: 0.0 ms]
      [Ref Proc: 1.6 ms]
      [Ref Enq: 0.1 ms]
      [Redirty Cards: 0.1 ms]
      [Humongous Register: 0.0 ms]
      [Humongous Reclaim: 0.0 ms]
      [Free CSet: 0.3 ms]
   [Eden: 7152.0M(7152.0M)->0.0B(7136.0M) Survivors: 16384.0K->32768.0K Heap: 9993.1M(14336.0M)->2864.3M(14336.0M)]
 [Times: user=0.09 sys=0.00, real=0.02 secs] 
2022-07-23T18:42:05.771-0700: 163897.285: [GC pause (GCLocker Initiated GC) (young) (initial-mark), 0.1062967 secs]
   [Parallel Time: 93.4 ms, GC Workers: 8]
      [GC Worker Start (ms): Min: 163897287.4, Avg: 163897287.5, Max: 163897287.6, Diff: 0.2]
      [Ext Root Scanning (ms): Min: 5.5, Avg: 6.1, Max: 6.7, Diff: 1.2, Sum: 48.6]
      [Update RS (ms): Min: 6.3, Avg: 6.7, Max: 6.8, Diff: 0.5, Sum: 53.2]
         [Processed Buffers: Min: 14, Avg: 16.8, Max: 20, Diff: 6, Sum: 134]
      [Scan RS (ms): Min: 0.0, Avg: 0.1, Max: 0.1, Diff: 0.1, Sum: 0.4]
      [Code Root Scanning (ms): Min: 0.9, Avg: 2.2, Max: 2.7, Diff: 1.9, Sum: 17.5]
      [Object Copy (ms): Min: 74.8, Avg: 76.0, Max: 77.4, Diff: 2.6, Sum: 608.2]
      [Termination (ms): Min: 0.0, Avg: 0.0, Max: 0.0, Diff: 0.0, Sum: 0.0]
         [Termination Attempts: Min: 1, Avg: 1.2, Max: 3, Diff: 2, Sum: 10]
      [GC Worker Other (ms): Min: 0.0, Avg: 0.1, Max: 0.1, Diff: 0.1, Sum: 0.4]
      [GC Worker Total (ms): Min: 91.0, Avg: 91.1, Max: 91.2, Diff: 0.2, Sum: 728.4]
      [GC Worker End (ms): Min: 163897378.5, Avg: 163897378.6, Max: 163897378.6, Diff: 0.1]
   [Code Root Fixup: 0.1 ms]
   [Code Root Purge: 0.1 ms]
   [Clear CT: 0.8 ms]
   [Other: 11.9 ms]
      [Choose CSet: 0.0 ms]
      [Ref Proc: 1.7 ms]
      [Ref Enq: 0.1 ms]
      [Redirty Cards: 0.2 ms]
      [Humongous Register: 0.0 ms]
      [Humongous Reclaim: 0.0 ms]
      [Free CSet: 0.4 ms]
   [Eden: 7152.0M(7136.0M)->0.0B(6944.0M) Survivors: 32768.0K->224.0M Heap: 10008.3M(14336.0M)->3090.6M(14336.0M)]
 [Times: user=0.71 sys=0.00, real=0.13 secs] 
2022-07-23T18:42:05.901-0700: 163897.406: [GC concurrent-root-region-scan-start]
2022-07-23T18:42:06.013-0700: 163897.518: [GC concurrent-root-region-scan-end, 0.1116113 secs]
2022-07-23T18:42:06.013-0700: 163897.518: [GC concurrent-mark-start]
2022-07-23T18:42:08.547-0700: 163900.052: [GC concurrent-mark-end, 2.5343466 secs]
2022-07-23T18:42:08.547-0700: 163900.052: [GC remark 2022-07-23T18:42:08.547-0700: 163900.052: [Finalize Marking, 0.0003391 secs] 2022-07-23T18:42:08.548-0700: 163900.053: [GC ref-proc, 0.0126193 secs] 2022-07-23T18:42:08.560-0700: 163900.065: [Unloading, 0.0252233 secs], 0.0427019 secs]
 [Times: user=0.25 sys=0.00, real=0.04 secs] 
2022-07-23T18:42:08.590-0700: 163900.095: [GC cleanup 3306M->3306M(14336M), 0.0055550 secs]
 [Times: user=0.04 sys=0.00, real=0.01 secs] 
2022-07-23T18:45:42.365-0700: 164113.870: [GC pause (G1 Evacuation Pause) (young), 0.0849200 secs]
   [Parallel Time: 79.2 ms, GC Workers: 8]
      [GC Worker Start (ms): Min: 164113869.8, Avg: 164113869.9, Max: 164113870.0, Diff: 0.2]
      [Ext Root Scanning (ms): Min: 1.1, Avg: 2.1, Max: 8.0, Diff: 6.9, Sum: 17.1]
      [Update RS (ms): Min: 0.0, Avg: 1.6, Max: 2.1, Diff: 2.1, Sum: 13.0]
         [Processed Buffers: Min: 0, Avg: 30.8, Max: 50, Diff: 50, Sum: 246]
      [Scan RS (ms): Min: 2.3, Avg: 6.1, Max: 6.9, Diff: 4.5, Sum: 48.8]
      [Code Root Scanning (ms): Min: 0.0, Avg: 0.5, Max: 3.9, Diff: 3.9, Sum: 4.1]
      [Object Copy (ms): Min: 65.2, Avg: 68.5, Max: 69.1, Diff: 3.9, Sum: 547.7]
      [Termination (ms): Min: 0.0, Avg: 0.0, Max: 0.0, Diff: 0.0, Sum: 0.0]
         [Termination Attempts: Min: 1, Avg: 3.2, Max: 6, Diff: 5, Sum: 26]
      [GC Worker Other (ms): Min: 0.0, Avg: 0.1, Max: 0.1, Diff: 0.1, Sum: 0.5]
      [GC Worker Total (ms): Min: 78.9, Avg: 78.9, Max: 79.0, Diff: 0.1, Sum: 631.3]
      [GC Worker End (ms): Min: 164113948.8, Avg: 164113948.8, Max: 164113948.9, Diff: 0.1]
   [Code Root Fixup: 0.1 ms]
   [Code Root Purge: 0.0 ms]
   [Clear CT: 0.9 ms]
   [Other: 4.7 ms]
      [Choose CSet: 0.0 ms]
      [Ref Proc: 3.5 ms]
      [Ref Enq: 0.1 ms]
      [Redirty Cards: 0.3 ms]
      [Humongous Register: 0.1 ms]
      [Humongous Reclaim: 0.0 ms]
      [Free CSet: 0.5 ms]
   [Eden: 6944.0M(6944.0M)->0.0B(5600.0M) Survivors: 224.0M->128.0M Heap: 10066.6M(14336.0M)->3286.2M(14336.0M)]
 [Times: user=0.65 sys=0.00, real=0.08 secs] 
2022-07-23T18:47:13.471-0700: 164204.975: [GC pause (G1 Evacuation Pause) (mixed), 0.0409394 secs]
   [Parallel Time: 37.5 ms, GC Workers: 8]
      [GC Worker Start (ms): Min: 164204975.5, Avg: 164204975.5, Max: 164204975.6, Diff: 0.1]
      [Ext Root Scanning (ms): Min: 0.8, Avg: 1.8, Max: 7.4, Diff: 6.6, Sum: 14.4]
      [Update RS (ms): Min: 9.8, Avg: 15.0, Max: 16.4, Diff: 6.6, Sum: 120.2]
         [Processed Buffers: Min: 20, Avg: 34.6, Max: 44, Diff: 24, Sum: 277]
      [Scan RS (ms): Min: 3.0, Avg: 4.7, Max: 15.0, Diff: 12.0, Sum: 37.7]
      [Code Root Scanning (ms): Min: 0.0, Avg: 0.3, Max: 1.7, Diff: 1.6, Sum: 2.6]
      [Object Copy (ms): Min: 3.5, Avg: 15.4, Max: 17.3, Diff: 13.8, Sum: 123.4]
      [Termination (ms): Min: 0.0, Avg: 0.0, Max: 0.0, Diff: 0.0, Sum: 0.0]
         [Termination Attempts: Min: 1, Avg: 4.8, Max: 10, Diff: 9, Sum: 38]
      [GC Worker Other (ms): Min: 0.0, Avg: 0.1, Max: 0.1, Diff: 0.1, Sum: 0.5]
      [GC Worker Total (ms): Min: 37.3, Avg: 37.4, Max: 37.4, Diff: 0.2, Sum: 298.8]
      [GC Worker End (ms): Min: 164205012.8, Avg: 164205012.9, Max: 164205013.0, Diff: 0.1]
   [Code Root Fixup: 0.1 ms]
   [Code Root Purge: 0.0 ms]
   [Clear CT: 0.9 ms]
   [Other: 2.4 ms]
      [Choose CSet: 0.0 ms]
      [Ref Proc: 1.6 ms]
      [Ref Enq: 0.1 ms]
      [Redirty Cards: 0.1 ms]
      [Humongous Register: 0.1 ms]
      [Humongous Reclaim: 0.0 ms]
      [Free CSet: 0.3 ms]
   [Eden: 5600.0M(5600.0M)->0.0B(7040.0M) Survivors: 128.0M->128.0M Heap: 8886.2M(14336.0M)->3301.6M(14336.0M)]
 [Times: user=0.28 sys=0.00, real=0.04 secs] 
2022-07-23T18:49:02.816-0700: 164314.321: [GC pause (G1 Evacuation Pause) (young), 0.0505546 secs]
   [Parallel Time: 47.1 ms, GC Workers: 8]
      [GC Worker Start (ms): Min: 164314321.2, Avg: 164314321.7, Max: 164314323.4, Diff: 2.2]
      [Ext Root Scanning (ms): Min: 0.0, Avg: 1.5, Max: 5.2, Diff: 5.2, Sum: 12.3]
      [Update RS (ms): Min: 8.4, Avg: 12.1, Max: 15.6, Diff: 7.2, Sum: 96.6]
         [Processed Buffers: Min: 12, Avg: 34.5, Max: 59, Diff: 47, Sum: 276]
      [Scan RS (ms): Min: 9.8, Avg: 12.8, Max: 13.8, Diff: 4.1, Sum: 102.6]
      [Code Root Scanning (ms): Min: 0.0, Avg: 0.1, Max: 0.3, Diff: 0.3, Sum: 0.5]
      [Object Copy (ms): Min: 19.4, Avg: 19.8, Max: 20.0, Diff: 0.6, Sum: 158.6]
      [Termination (ms): Min: 0.0, Avg: 0.0, Max: 0.0, Diff: 0.0, Sum: 0.0]
         [Termination Attempts: Min: 1, Avg: 1.0, Max: 1, Diff: 0, Sum: 8]
      [GC Worker Other (ms): Min: 0.0, Avg: 0.0, Max: 0.1, Diff: 0.1, Sum: 0.4]
      [GC Worker Total (ms): Min: 44.7, Avg: 46.4, Max: 47.0, Diff: 2.2, Sum: 370.9]
      [GC Worker End (ms): Min: 164314368.1, Avg: 164314368.1, Max: 164314368.2, Diff: 0.1]
   [Code Root Fixup: 0.0 ms]
   [Code Root Purge: 0.0 ms]
   [Clear CT: 1.0 ms]
   [Other: 2.3 ms]
      [Choose CSet: 0.0 ms]
      [Ref Proc: 1.4 ms]
      [Ref Enq: 0.1 ms]
      [Redirty Cards: 0.2 ms]
      [Humongous Register: 0.1 ms]
      [Humongous Reclaim: 0.0 ms]
      [Free CSet: 0.4 ms]
   [Eden: 7040.0M(7040.0M)->0.0B(7104.0M) Survivors: 128.0M->65536.0K Heap: 10341.6M(14336.0M)->3305.6M(14336.0M)]
 [Times: user=0.39 sys=0.00, real=0.05 secs] 
2022-07-23T18:49:12.269-0700: 164323.773: [GC pause (G1 Evacuation Pause) (young) (initial-mark), 0.0521099 secs]
   [Parallel Time: 48.8 ms, GC Workers: 8]
      [GC Worker Start (ms): Min: 164323774.9, Avg: 164323775.0, Max: 164323775.0, Diff: 0.1]
      [Ext Root Scanning (ms): Min: 4.8, Avg: 4.9, Max: 5.1, Diff: 0.4, Sum: 39.1]
      [Update RS (ms): Min: 4.4, Avg: 8.7, Max: 9.4, Diff: 4.9, Sum: 69.5]
         [Processed Buffers: Min: 12, Avg: 32.6, Max: 39, Diff: 27, Sum: 261]
      [Scan RS (ms): Min: 10.8, Avg: 10.9, Max: 10.9, Diff: 0.1, Sum: 86.9]
      [Code Root Scanning (ms): Min: 0.0, Avg: 0.1, Max: 0.4, Diff: 0.4, Sum: 1.2]
      [Object Copy (ms): Min: 21.6, Avg: 22.4, Max: 26.5, Diff: 4.9, Sum: 179.3]
      [Termination (ms): Min: 0.0, Avg: 0.0, Max: 0.0, Diff: 0.0, Sum: 0.1]
         [Termination Attempts: Min: 1, Avg: 45.9, Max: 62, Diff: 61, Sum: 367]
      [GC Worker Other (ms): Min: 0.0, Avg: 0.1, Max: 0.1, Diff: 0.1, Sum: 0.6]
      [GC Worker Total (ms): Min: 47.0, Avg: 47.1, Max: 47.2, Diff: 0.2, Sum: 376.6]
      [GC Worker End (ms): Min: 164323822.0, Avg: 164323822.0, Max: 164323822.1, Diff: 0.1]
   [Code Root Fixup: 0.0 ms]
   [Code Root Purge: 0.0 ms]
   [Clear CT: 0.7 ms]
   [Other: 2.5 ms]
      [Choose CSet: 0.0 ms]
      [Ref Proc: 1.7 ms]
      [Ref Enq: 0.1 ms]
      [Redirty Cards: 0.3 ms]
      [Humongous Register: 0.0 ms]
      [Humongous Reclaim: 0.0 ms]
      [Free CSet: 0.2 ms]
   [Eden: 5664.0M(5664.0M)->0.0B(7072.0M) Survivors: 65536.0K->98304.0K Heap: 8969.6M(14336.0M)->3379.5M(14336.0M)]
 [Times: user=0.37 sys=0.00, real=0.05 secs] 
2022-07-23T18:49:12.321-0700: 164323.826: [GC concurrent-root-region-scan-start]
2022-07-23T18:49:12.338-0700: 164323.842: [GC concurrent-root-region-scan-end, 0.0167275 secs]
2022-07-23T18:49:12.338-0700: 164323.842: [GC concurrent-mark-start]
2022-07-23T18:49:15.205-0700: 164326.710: [GC concurrent-mark-end, 2.8671693 secs]
2022-07-23T18:49:15.205-0700: 164326.710: [GC remark 2022-07-23T18:49:15.205-0700: 164326.710: [Finalize Marking, 0.0050819 secs] 2022-07-23T18:49:15.210-0700: 164326.715: [GC ref-proc, 0.0060113 secs] 2022-07-23T18:49:15.216-0700: 164326.721: [Unloading, 0.0246716 secs], 0.0412748 secs]
 [Times: user=0.25 sys=0.00, real=0.04 secs] 
2022-07-23T18:49:15.247-0700: 164326.751: [GC cleanup 5107M->5091M(14336M), 0.0066497 secs]
 [Times: user=0.04 sys=0.00, real=0.00 secs] 
2022-07-23T18:49:15.253-0700: 164326.758: [GC concurrent-cleanup-start]
2022-07-23T18:49:15.253-0700: 164326.758: [GC concurrent-cleanup-end, 0.0000163 secs]
2022-07-23T18:49:23.423-0700: 164334.927: [GC pause (G1 Evacuation Pause) (young), 0.0305258 secs]
   [Parallel Time: 27.2 ms, GC Workers: 8]
      [GC Worker Start (ms): Min: 164334927.5, Avg: 164334927.6, Max: 164334927.7, Diff: 0.1]
      [Ext Root Scanning (ms): Min: 0.9, Avg: 1.6, Max: 5.1, Diff: 4.2, Sum: 12.5]
      [Update RS (ms): Min: 4.7, Avg: 8.1, Max: 9.1, Diff: 4.5, Sum: 64.5]
         [Processed Buffers: Min: 19, Avg: 30.5, Max: 38, Diff: 19, Sum: 244]
      [Scan RS (ms): Min: 1.2, Avg: 1.6, Max: 1.8, Diff: 0.6, Sum: 12.9]
      [Code Root Scanning (ms): Min: 0.0, Avg: 0.1, Max: 0.4, Diff: 0.4, Sum: 0.9]
      [Object Copy (ms): Min: 15.3, Avg: 15.4, Max: 15.5, Diff: 0.3, Sum: 123.3]
      [Termination (ms): Min: 0.0, Avg: 0.0, Max: 0.0, Diff: 0.0, Sum: 0.0]
         [Termination Attempts: Min: 1, Avg: 2.5, Max: 4, Diff: 3, Sum: 20]
      [GC Worker Other (ms): Min: 0.0, Avg: 0.0, Max: 0.1, Diff: 0.0, Sum: 0.3]
      [GC Worker Total (ms): Min: 26.7, Avg: 26.8, Max: 26.8, Diff: 0.1, Sum: 214.3]
      [GC Worker End (ms): Min: 164334954.4, Avg: 164334954.4, Max: 164334954.4, Diff: 0.1]
   [Code Root Fixup: 0.0 ms]
   [Code Root Purge: 0.0 ms]
   [Clear CT: 0.9 ms]
   [Other: 2.4 ms]
      [Choose CSet: 0.0 ms]
      [Ref Proc: 1.6 ms]
      [Ref Enq: 0.1 ms]
      [Redirty Cards: 0.1 ms]
      [Humongous Register: 0.1 ms]
      [Humongous Reclaim: 0.0 ms]
      [Free CSet: 0.3 ms]
   [Eden: 7072.0M(7072.0M)->0.0B(5648.0M) Survivors: 98304.0K->81920.0K Heap: 10435.5M(14336.0M)->3373.4M(14336.0M)]
 [Times: user=0.22 sys=0.00, real=0.03 secs] 
2022-07-23T18:50:05.112-0700: 164376.617: [GC pause (G1 Evacuation Pause) (mixed), 0.0889598 secs]
   [Parallel Time: 83.8 ms, GC Workers: 8]
      [GC Worker Start (ms): Min: 164376617.3, Avg: 164376617.4, Max: 164376617.5, Diff: 0.2]
      [Ext Root Scanning (ms): Min: 1.0, Avg: 1.9, Max: 7.1, Diff: 6.1, Sum: 15.5]
      [Update RS (ms): Min: 5.1, Avg: 10.0, Max: 11.0, Diff: 6.0, Sum: 79.6]
         [Processed Buffers: Min: 19, Avg: 30.9, Max: 36, Diff: 17, Sum: 247]
      [Scan RS (ms): Min: 12.8, Avg: 13.2, Max: 13.8, Diff: 1.1, Sum: 105.7]
      [Code Root Scanning (ms): Min: 0.0, Avg: 0.5, Max: 0.9, Diff: 0.9, Sum: 3.7]
      [Object Copy (ms): Min: 57.3, Avg: 57.7, Max: 58.1, Diff: 0.8, Sum: 461.9]
      [Termination (ms): Min: 0.0, Avg: 0.0, Max: 0.0, Diff: 0.0, Sum: 0.0]
         [Termination Attempts: Min: 1, Avg: 1.0, Max: 1, Diff: 0, Sum: 8]
      [GC Worker Other (ms): Min: 0.0, Avg: 0.1, Max: 0.1, Diff: 0.1, Sum: 0.6]
      [GC Worker Total (ms): Min: 83.3, Avg: 83.4, Max: 83.4, Diff: 0.1, Sum: 667.1]
      [GC Worker End (ms): Min: 164376700.8, Avg: 164376700.8, Max: 164376700.9, Diff: 0.1]
   [Code Root Fixup: 0.1 ms]
   [Code Root Purge: 0.0 ms]
   [Clear CT: 1.0 ms]
   [Other: 4.1 ms]
      [Choose CSet: 0.1 ms]
      [Ref Proc: 3.0 ms]
      [Ref Enq: 0.1 ms]
      [Redirty Cards: 0.4 ms]
      [Humongous Register: 0.0 ms]
      [Humongous Reclaim: 0.0 ms]
      [Free CSet: 0.4 ms]
   [Eden: 5648.0M(5648.0M)->0.0B(7056.0M) Survivors: 81920.0K->112.0M Heap: 9021.4M(14336.0M)->3279.8M(14336.0M)]
 [Times: user=0.67 sys=0.00, real=0.09 secs] 
2022-07-23T18:52:25.819-0700: 164517.324: [GC pause (G1 Evacuation Pause) (young), 0.0391220 secs]
   [Parallel Time: 36.1 ms, GC Workers: 8]
      [GC Worker Start (ms): Min: 164517324.2, Avg: 164517324.3, Max: 164517324.3, Diff: 0.1]
      [Ext Root Scanning (ms): Min: 0.8, Avg: 1.5, Max: 5.0, Diff: 4.1, Sum: 12.1]
      [Update RS (ms): Min: 11.2, Avg: 14.5, Max: 15.4, Diff: 4.1, Sum: 116.3]
         [Processed Buffers: Min: 32, Avg: 40.6, Max: 49, Diff: 17, Sum: 325]
      [Scan RS (ms): Min: 1.4, Avg: 1.6, Max: 1.9, Diff: 0.5, Sum: 13.2]
      [Code Root Scanning (ms): Min: 0.0, Avg: 0.0, Max: 0.2, Diff: 0.2, Sum: 0.3]
      [Object Copy (ms): Min: 18.0, Avg: 18.1, Max: 18.3, Diff: 0.2, Sum: 145.2]
      [Termination (ms): Min: 0.0, Avg: 0.0, Max: 0.0, Diff: 0.0, Sum: 0.0]
         [Termination Attempts: Min: 1, Avg: 1.0, Max: 1, Diff: 0, Sum: 8]
      [GC Worker Other (ms): Min: 0.0, Avg: 0.0, Max: 0.1, Diff: 0.1, Sum: 0.3]
      [GC Worker Total (ms): Min: 35.9, Avg: 35.9, Max: 36.0, Diff: 0.1, Sum: 287.4]
      [GC Worker End (ms): Min: 164517360.2, Avg: 164517360.2, Max: 164517360.2, Diff: 0.1]
   [Code Root Fixup: 0.0 ms]
   [Code Root Purge: 0.0 ms]
   [Clear CT: 0.9 ms]
   [Other: 2.1 ms]
      [Choose CSet: 0.0 ms]
      [Ref Proc: 1.4 ms]
      [Ref Enq: 0.1 ms]
      [Redirty Cards: 0.1 ms]
      [Humongous Register: 0.0 ms]
      [Humongous Reclaim: 0.0 ms]
      [Free CSet: 0.3 ms]
   [Eden: 7056.0M(7056.0M)->0.0B(7088.0M) Survivors: 112.0M->81920.0K Heap: 10335.8M(14336.0M)->3317.3M(14336.0M)]
 [Times: user=0.30 sys=0.00, real=0.04 secs] 
2022-07-23T18:54:55.366-0700: 164666.870: [GC pause (G1 Evacuation Pause) (young) (initial-mark), 0.0489503 secs]
   [Parallel Time: 44.4 ms, GC Workers: 8]
      [GC Worker Start (ms): Min: 164666872.6, Avg: 164666872.7, Max: 164666872.7, Diff: 0.1]
      [Ext Root Scanning (ms): Min: 5.4, Avg: 5.6, Max: 5.9, Diff: 0.4, Sum: 45.1]
      [Update RS (ms): Min: 15.1, Avg: 15.3, Max: 15.7, Diff: 0.6, Sum: 122.7]
         [Processed Buffers: Min: 32, Avg: 34.9, Max: 40, Diff: 8, Sum: 279]
      [Scan RS (ms): Min: 0.0, Avg: 0.0, Max: 0.1, Diff: 0.1, Sum: 0.4]
      [Code Root Scanning (ms): Min: 0.0, Avg: 0.0, Max: 0.1, Diff: 0.1, Sum: 0.2]
      [Object Copy (ms): Min: 20.3, Avg: 20.9, Max: 21.2, Diff: 0.8, Sum: 166.9]
      [Termination (ms): Min: 0.0, Avg: 0.0, Max: 0.0, Diff: 0.0, Sum: 0.0]
         [Termination Attempts: Min: 1, Avg: 1.0, Max: 1, Diff: 0, Sum: 8]
      [GC Worker Other (ms): Min: 0.0, Avg: 0.1, Max: 0.2, Diff: 0.2, Sum: 0.7]
      [GC Worker Total (ms): Min: 41.9, Avg: 42.0, Max: 42.2, Diff: 0.3, Sum: 336.0]
      [GC Worker End (ms): Min: 164666914.6, Avg: 164666914.7, Max: 164666914.8, Diff: 0.2]
   [Code Root Fixup: 0.0 ms]
   [Code Root Purge: 0.0 ms]
   [Clear CT: 0.7 ms]
   [Other: 3.8 ms]
      [Choose CSet: 0.0 ms]
      [Ref Proc: 3.0 ms]
      [Ref Enq: 0.1 ms]
      [Redirty Cards: 0.1 ms]
      [Humongous Register: 0.0 ms]
      [Humongous Reclaim: 0.0 ms]
      [Free CSet: 0.3 ms]
   [Eden: 7088.0M(7088.0M)->0.0B(7040.0M) Survivors: 81920.0K->128.0M Heap: 10405.3M(14336.0M)->3409.6M(14336.0M)]
 [Times: user=0.34 sys=0.00, real=0.05 secs] 
2022-07-23T18:54:55.415-0700: 164666.920: [GC concurrent-root-region-scan-start]
2022-07-23T18:54:55.436-0700: 164666.940: [GC concurrent-root-region-scan-end, 0.0209121 secs]
2022-07-23T18:54:55.436-0700: 164666.940: [GC concurrent-mark-start]
2022-07-23T18:54:57.782-0700: 164669.286: [GC concurrent-mark-end, 2.3458856 secs]
2022-07-23T18:54:57.782-0700: 164669.287: [GC remark 2022-07-23T18:54:57.782-0700: 164669.287: [Finalize Marking, 0.0001555 secs] 2022-07-23T18:54:57.782-0700: 164669.287: [GC ref-proc, 0.0066883 secs] 2022-07-23T18:54:57.789-0700: 164669.294: [Unloading, 0.0265162 secs], 0.0383349 secs]
 [Times: user=0.23 sys=0.00, real=0.04 secs] 
2022-07-23T18:54:57.821-0700: 164669.325: [GC cleanup 3515M->3515M(14336M), 0.0072485 secs]
 [Times: user=0.05 sys=0.00, real=0.01 secs] 
2022-07-23T18:57:14.468-0700: 164805.973: [GC pause (G1 Evacuation Pause) (young), 0.0386931 secs]
   [Parallel Time: 34.1 ms, GC Workers: 8]
      [GC Worker Start (ms): Min: 164805973.3, Avg: 164805973.3, Max: 164805973.4, Diff: 0.1]
      [Ext Root Scanning (ms): Min: 0.8, Avg: 1.6, Max: 5.5, Diff: 4.6, Sum: 12.7]
      [Update RS (ms): Min: 8.0, Avg: 11.7, Max: 12.8, Diff: 4.8, Sum: 93.2]
         [Processed Buffers: Min: 25, Avg: 32.1, Max: 45, Diff: 20, Sum: 257]
      [Scan RS (ms): Min: 0.0, Avg: 0.0, Max: 0.1, Diff: 0.1, Sum: 0.4]
      [Code Root Scanning (ms): Min: 0.0, Avg: 0.0, Max: 0.0, Diff: 0.0, Sum: 0.1]
      [Object Copy (ms): Min: 19.9, Avg: 20.3, Max: 20.5, Diff: 0.6, Sum: 162.5]
      [Termination (ms): Min: 0.0, Avg: 0.0, Max: 0.0, Diff: 0.0, Sum: 0.0]
         [Termination Attempts: Min: 1, Avg: 1.0, Max: 1, Diff: 0, Sum: 8]
      [GC Worker Other (ms): Min: 0.0, Avg: 0.1, Max: 0.1, Diff: 0.1, Sum: 0.5]
      [GC Worker Total (ms): Min: 33.6, Avg: 33.7, Max: 33.8, Diff: 0.2, Sum: 269.4]
      [GC Worker End (ms): Min: 164806007.0, Avg: 164806007.0, Max: 164806007.1, Diff: 0.1]
   [Code Root Fixup: 0.0 ms]
   [Code Root Purge: 0.0 ms]
   [Clear CT: 0.8 ms]
   [Other: 3.8 ms]
      [Choose CSet: 0.0 ms]
      [Ref Proc: 3.1 ms]
      [Ref Enq: 0.1 ms]
      [Redirty Cards: 0.2 ms]
      [Humongous Register: 0.0 ms]
      [Humongous Reclaim: 0.0 ms]
      [Free CSet: 0.3 ms]
   [Eden: 7040.0M(7040.0M)->0.0B(5648.0M) Survivors: 128.0M->81920.0K Heap: 10449.6M(14336.0M)->3435.7M(14336.0M)]
 [Times: user=0.29 sys=0.00, real=0.04 secs] 
2022-07-23T18:58:38.270-0700: 164889.774: [GC pause (G1 Evacuation Pause) (mixed), 0.0824408 secs]
   [Parallel Time: 77.5 ms, GC Workers: 8]
      [GC Worker Start (ms): Min: 164889774.6, Avg: 164889774.7, Max: 164889774.7, Diff: 0.1]
      [Ext Root Scanning (ms): Min: 1.1, Avg: 2.0, Max: 6.9, Diff: 5.8, Sum: 15.8]
      [Update RS (ms): Min: 6.4, Avg: 11.0, Max: 12.0, Diff: 5.7, Sum: 88.1]
         [Processed Buffers: Min: 18, Avg: 28.6, Max: 40, Diff: 22, Sum: 229]
      [Scan RS (ms): Min: 11.1, Avg: 12.0, Max: 12.6, Diff: 1.5, Sum: 95.8]
      [Code Root Scanning (ms): Min: 0.0, Avg: 0.5, Max: 1.2, Diff: 1.2, Sum: 3.6]
      [Object Copy (ms): Min: 50.7, Avg: 51.7, Max: 52.0, Diff: 1.4, Sum: 413.8]
      [Termination (ms): Min: 0.0, Avg: 0.1, Max: 0.1, Diff: 0.1, Sum: 0.6]
         [Termination Attempts: Min: 1, Avg: 318.4, Max: 377, Diff: 376, Sum: 2547]
      [GC Worker Other (ms): Min: 0.0, Avg: 0.0, Max: 0.1, Diff: 0.1, Sum: 0.4]
      [GC Worker Total (ms): Min: 77.2, Avg: 77.3, Max: 77.3, Diff: 0.1, Sum: 618.2]
      [GC Worker End (ms): Min: 164889851.9, Avg: 164889851.9, Max: 164889852.0, Diff: 0.1]
   [Code Root Fixup: 0.1 ms]
   [Code Root Purge: 0.0 ms]
   [Clear CT: 0.9 ms]
   [Other: 3.9 ms]
      [Choose CSet: 0.1 ms]
      [Ref Proc: 2.8 ms]
      [Ref Enq: 0.1 ms]
      [Redirty Cards: 0.4 ms]
      [Humongous Register: 0.1 ms]
      [Humongous Reclaim: 0.0 ms]
      [Free CSet: 0.4 ms]
   [Eden: 5648.0M(5648.0M)->0.0B(7120.0M) Survivors: 81920.0K->49152.0K Heap: 9083.7M(14336.0M)->3225.5M(14336.0M)]
 [Times: user=0.62 sys=0.00, real=0.08 secs] 
2022-07-23T19:00:59.769-0700: 165031.273: [GC pause (G1 Evacuation Pause) (young), 0.0286300 secs]
   [Parallel Time: 25.7 ms, GC Workers: 8]
      [GC Worker Start (ms): Min: 165031273.5, Avg: 165031273.5, Max: 165031273.6, Diff: 0.1]
      [Ext Root Scanning (ms): Min: 0.3, Avg: 1.6, Max: 5.5, Diff: 5.2, Sum: 12.6]
      [Update RS (ms): Min: 12.3, Avg: 16.0, Max: 16.7, Diff: 4.4, Sum: 127.6]
         [Processed Buffers: Min: 23, Avg: 26.4, Max: 33, Diff: 10, Sum: 211]
      [Scan RS (ms): Min: 0.9, Avg: 1.2, Max: 1.4, Diff: 0.5, Sum: 10.0]
      [Code Root Scanning (ms): Min: 0.0, Avg: 0.0, Max: 0.1, Diff: 0.1, Sum: 0.1]
      [Object Copy (ms): Min: 6.4, Avg: 6.7, Max: 7.5, Diff: 1.2, Sum: 53.7]
      [Termination (ms): Min: 0.0, Avg: 0.0, Max: 0.0, Diff: 0.0, Sum: 0.0]
         [Termination Attempts: Min: 1, Avg: 1.0, Max: 1, Diff: 0, Sum: 8]
      [GC Worker Other (ms): Min: 0.0, Avg: 0.0, Max: 0.1, Diff: 0.1, Sum: 0.4]
      [GC Worker Total (ms): Min: 25.5, Avg: 25.5, Max: 25.6, Diff: 0.2, Sum: 204.4]
      [GC Worker End (ms): Min: 165031299.1, Avg: 165031299.1, Max: 165031299.1, Diff: 0.1]
   [Code Root Fixup: 0.0 ms]
   [Code Root Purge: 0.0 ms]
   [Clear CT: 0.8 ms]
   [Other: 2.1 ms]
      [Choose CSet: 0.0 ms]
      [Ref Proc: 1.4 ms]
      [Ref Enq: 0.1 ms]
      [Redirty Cards: 0.1 ms]
      [Humongous Register: 0.0 ms]
      [Humongous Reclaim: 0.0 ms]
      [Free CSet: 0.3 ms]
   [Eden: 7120.0M(7120.0M)->0.0B(7136.0M) Survivors: 49152.0K->32768.0K Heap: 10345.5M(14336.0M)->3273.5M(14336.0M)]
 [Times: user=0.21 sys=0.00, real=0.03 secs] 
2022-07-23T19:03:26.120-0700: 165177.625: [GC pause (G1 Evacuation Pause) (young) (initial-mark), 0.0315404 secs]
   [Parallel Time: 27.1 ms, GC Workers: 8]
      [GC Worker Start (ms): Min: 165177626.9, Avg: 165177627.0, Max: 165177627.0, Diff: 0.1]
      [Ext Root Scanning (ms): Min: 5.8, Avg: 6.1, Max: 6.5, Diff: 0.7, Sum: 48.8]
      [Update RS (ms): Min: 9.9, Avg: 10.0, Max: 10.2, Diff: 0.3, Sum: 80.1]
         [Processed Buffers: Min: 22, Avg: 29.1, Max: 42, Diff: 20, Sum: 233]
      [Scan RS (ms): Min: 0.0, Avg: 0.0, Max: 0.1, Diff: 0.1, Sum: 0.4]
      [Code Root Scanning (ms): Min: 0.0, Avg: 0.0, Max: 0.0, Diff: 0.0, Sum: 0.1]
      [Object Copy (ms): Min: 8.4, Avg: 8.7, Max: 9.0, Diff: 0.6, Sum: 69.7]
      [Termination (ms): Min: 0.0, Avg: 0.0, Max: 0.0, Diff: 0.0, Sum: 0.0]
         [Termination Attempts: Min: 1, Avg: 2.4, Max: 5, Diff: 4, Sum: 19]
      [GC Worker Other (ms): Min: 0.0, Avg: 0.1, Max: 0.1, Diff: 0.1, Sum: 0.5]
      [GC Worker Total (ms): Min: 24.9, Avg: 24.9, Max: 25.1, Diff: 0.2, Sum: 199.5]
      [GC Worker End (ms): Min: 165177651.9, Avg: 165177651.9, Max: 165177652.0, Diff: 0.1]
   [Code Root Fixup: 0.0 ms]
   [Code Root Purge: 0.0 ms]
   [Clear CT: 0.7 ms]
   [Other: 3.6 ms]
      [Choose CSet: 0.0 ms]
      [Ref Proc: 3.0 ms]
      [Ref Enq: 0.1 ms]
      [Redirty Cards: 0.0 ms]
      [Humongous Register: 0.0 ms]
      [Humongous Reclaim: 0.0 ms]
      [Free CSet: 0.3 ms]
   [Eden: 7136.0M(7136.0M)->0.0B(7120.0M) Survivors: 32768.0K->49152.0K Heap: 10409.5M(14336.0M)->3333.9M(14336.0M)]
 [Times: user=0.20 sys=0.00, real=0.03 secs] 
2022-07-23T19:03:26.152-0700: 165177.656: [GC concurrent-root-region-scan-start]
2022-07-23T19:03:26.164-0700: 165177.669: [GC concurrent-root-region-scan-end, 0.0125848 secs]
2022-07-23T19:03:26.164-0700: 165177.669: [GC concurrent-mark-start]
2022-07-23T19:03:28.479-0700: 165179.984: [GC concurrent-mark-end, 2.3151247 secs]
2022-07-23T19:03:28.480-0700: 165179.985: [GC remark 2022-07-23T19:03:28.480-0700: 165179.985: [Finalize Marking, 0.0003218 secs] 2022-07-23T19:03:28.480-0700: 165179.985: [GC ref-proc, 0.0072763 secs] 2022-07-23T19:03:28.487-0700: 165179.992: [Unloading, 0.0244867 secs], 0.0371599 secs]
 [Times: user=0.24 sys=0.00, real=0.04 secs] 
2022-07-23T19:03:28.517-0700: 165180.022: [GC cleanup 3461M->3461M(14336M), 0.0072193 secs]
 [Times: user=0.05 sys=0.00, real=0.01 secs] 
2022-07-23T19:06:06.820-0700: 165338.325: [GC pause (G1 Evacuation Pause) (young), 0.0275498 secs]
   [Parallel Time: 23.5 ms, GC Workers: 8]
      [GC Worker Start (ms): Min: 165338325.0, Avg: 165338325.1, Max: 165338325.2, Diff: 0.1]
      [Ext Root Scanning (ms): Min: 0.8, Avg: 1.6, Max: 5.3, Diff: 4.5, Sum: 12.5]
      [Update RS (ms): Min: 0.9, Avg: 4.5, Max: 5.6, Diff: 4.8, Sum: 36.0]
         [Processed Buffers: Min: 4, Avg: 15.2, Max: 24, Diff: 20, Sum: 122]
      [Scan RS (ms): Min: 0.0, Avg: 0.0, Max: 0.1, Diff: 0.1, Sum: 0.4]
      [Code Root Scanning (ms): Min: 0.0, Avg: 0.0, Max: 0.1, Diff: 0.1, Sum: 0.1]
      [Object Copy (ms): Min: 16.6, Avg: 17.0, Max: 17.1, Diff: 0.6, Sum: 135.8]
      [Termination (ms): Min: 0.0, Avg: 0.0, Max: 0.0, Diff: 0.0, Sum: 0.0]
         [Termination Attempts: Min: 1, Avg: 1.0, Max: 1, Diff: 0, Sum: 8]
      [GC Worker Other (ms): Min: 0.0, Avg: 0.1, Max: 0.2, Diff: 0.1, Sum: 0.5]
      [GC Worker Total (ms): Min: 23.1, Avg: 23.2, Max: 23.3, Diff: 0.2, Sum: 185.3]
      [GC Worker End (ms): Min: 165338348.2, Avg: 165338348.3, Max: 165338348.4, Diff: 0.1]
   [Code Root Fixup: 0.0 ms]
   [Code Root Purge: 0.0 ms]
   [Clear CT: 0.8 ms]
   [Other: 3.3 ms]
      [Choose CSet: 0.0 ms]
      [Ref Proc: 2.6 ms]
      [Ref Enq: 0.1 ms]
      [Redirty Cards: 0.1 ms]
      [Humongous Register: 0.1 ms]
      [Humongous Reclaim: 0.0 ms]
      [Free CSet: 0.3 ms]
   [Eden: 7120.0M(7120.0M)->0.0B(5616.0M) Survivors: 49152.0K->112.0M Heap: 10453.9M(14336.0M)->3431.5M(14336.0M)]
 [Times: user=0.20 sys=0.00, real=0.03 secs] 
2022-07-23T19:08:18.467-0700: 165469.971: [GC pause (G1 Evacuation Pause) (mixed), 0.0671461 secs]
   [Parallel Time: 63.7 ms, GC Workers: 8]
      [GC Worker Start (ms): Min: 165469971.6, Avg: 165469971.6, Max: 165469971.7, Diff: 0.1]
      [Ext Root Scanning (ms): Min: 1.0, Avg: 1.8, Max: 5.8, Diff: 4.8, Sum: 14.7]
      [Update RS (ms): Min: 2.0, Avg: 5.6, Max: 6.5, Diff: 4.4, Sum: 45.1]
         [Processed Buffers: Min: 8, Avg: 23.5, Max: 30, Diff: 22, Sum: 188]
      [Scan RS (ms): Min: 8.3, Avg: 8.5, Max: 8.7, Diff: 0.4, Sum: 68.1]
      [Code Root Scanning (ms): Min: 0.0, Avg: 0.1, Max: 0.2, Diff: 0.2, Sum: 0.5]
      [Object Copy (ms): Min: 47.2, Avg: 47.5, Max: 47.6, Diff: 0.5, Sum: 379.9]
      [Termination (ms): Min: 0.0, Avg: 0.0, Max: 0.0, Diff: 0.0, Sum: 0.1]
         [Termination Attempts: Min: 1, Avg: 79.6, Max: 106, Diff: 105, Sum: 637]
      [GC Worker Other (ms): Min: 0.0, Avg: 0.0, Max: 0.1, Diff: 0.1, Sum: 0.4]
      [GC Worker Total (ms): Min: 63.5, Avg: 63.6, Max: 63.6, Diff: 0.1, Sum: 508.7]
      [GC Worker End (ms): Min: 165470035.2, Avg: 165470035.2, Max: 165470035.2, Diff: 0.1]
   [Code Root Fixup: 0.0 ms]
   [Code Root Purge: 0.0 ms]
   [Clear CT: 0.9 ms]
   [Other: 2.5 ms]
      [Choose CSet: 0.1 ms]
      [Ref Proc: 1.5 ms]
      [Ref Enq: 0.1 ms]
      [Redirty Cards: 0.4 ms]
      [Humongous Register: 0.0 ms]
      [Humongous Reclaim: 0.0 ms]
      [Free CSet: 0.3 ms]
   [Eden: 5616.0M(5616.0M)->0.0B(7104.0M) Survivors: 112.0M->65536.0K Heap: 9047.5M(14336.0M)->3203.9M(14336.0M)]
 [Times: user=0.52 sys=0.00, real=0.06 secs] 
2022-07-23T19:10:37.725-0700: 165609.230: [GC pause (G1 Evacuation Pause) (young), 0.0681494 secs]
   [Parallel Time: 65.1 ms, GC Workers: 8]
      [GC Worker Start (ms): Min: 165609229.9, Avg: 165609230.0, Max: 165609230.0, Diff: 0.1]
      [Ext Root Scanning (ms): Min: 0.8, Avg: 1.5, Max: 4.9, Diff: 4.0, Sum: 11.7]
      [Update RS (ms): Min: 6.3, Avg: 9.5, Max: 10.2, Diff: 3.9, Sum: 76.2]
         [Processed Buffers: Min: 17, Avg: 28.8, Max: 35, Diff: 18, Sum: 230]
      [Scan RS (ms): Min: 1.6, Avg: 2.3, Max: 2.9, Diff: 1.4, Sum: 18.5]
      [Code Root Scanning (ms): Min: 0.0, Avg: 0.0, Max: 0.1, Diff: 0.1, Sum: 0.2]
      [Object Copy (ms): Min: 51.2, Avg: 51.6, Max: 51.9, Diff: 0.7, Sum: 412.9]
      [Termination (ms): Min: 0.0, Avg: 0.0, Max: 0.0, Diff: 0.0, Sum: 0.0]
         [Termination Attempts: Min: 1, Avg: 2.4, Max: 4, Diff: 3, Sum: 19]
      [GC Worker Other (ms): Min: 0.0, Avg: 0.1, Max: 0.1, Diff: 0.1, Sum: 0.5]
      [GC Worker Total (ms): Min: 64.9, Avg: 65.0, Max: 65.1, Diff: 0.1, Sum: 520.0]
      [GC Worker End (ms): Min: 165609294.9, Avg: 165609294.9, Max: 165609295.0, Diff: 0.1]
   [Code Root Fixup: 0.0 ms]
   [Code Root Purge: 0.0 ms]
   [Clear CT: 0.8 ms]
   [Other: 2.2 ms]
      [Choose CSet: 0.0 ms]
      [Ref Proc: 1.5 ms]
      [Ref Enq: 0.1 ms]
      [Redirty Cards: 0.1 ms]
      [Humongous Register: 0.0 ms]
      [Humongous Reclaim: 0.0 ms]
      [Free CSet: 0.3 ms]
   [Eden: 7104.0M(7104.0M)->0.0B(6960.0M) Survivors: 65536.0K->208.0M Heap: 10307.9M(14336.0M)->3421.7M(14336.0M)]
 [Times: user=0.53 sys=0.00, real=0.06 secs] 
2022-07-23T19:12:20.625-0700: 165712.129: [GC pause (G1 Evacuation Pause) (young) (initial-mark), 0.0676928 secs]
   [Parallel Time: 63.0 ms, GC Workers: 8]
      [GC Worker Start (ms): Min: 165712131.4, Avg: 165712131.5, Max: 165712131.6, Diff: 0.2]
      [Ext Root Scanning (ms): Min: 5.1, Avg: 5.3, Max: 5.5, Diff: 0.4, Sum: 42.3]
      [Update RS (ms): Min: 6.4, Avg: 6.5, Max: 6.8, Diff: 0.4, Sum: 52.2]
         [Processed Buffers: Min: 19, Avg: 21.9, Max: 30, Diff: 11, Sum: 175]
      [Scan RS (ms): Min: 0.0, Avg: 0.1, Max: 0.1, Diff: 0.1, Sum: 0.4]
      [Code Root Scanning (ms): Min: 0.0, Avg: 0.0, Max: 0.1, Diff: 0.1, Sum: 0.2]
      [Object Copy (ms): Min: 48.5, Avg: 48.9, Max: 49.1, Diff: 0.6, Sum: 391.2]
      [Termination (ms): Min: 0.0, Avg: 0.0, Max: 0.0, Diff: 0.0, Sum: 0.0]
         [Termination Attempts: Min: 1, Avg: 7.4, Max: 12, Diff: 11, Sum: 59]
      [GC Worker Other (ms): Min: 0.0, Avg: 0.0, Max: 0.1, Diff: 0.1, Sum: 0.3]
      [GC Worker Total (ms): Min: 60.7, Avg: 60.8, Max: 60.9, Diff: 0.2, Sum: 486.5]
      [GC Worker End (ms): Min: 165712192.3, Avg: 165712192.3, Max: 165712192.4, Diff: 0.1]
   [Code Root Fixup: 0.0 ms]
   [Code Root Purge: 0.0 ms]
   [Clear CT: 0.7 ms]
   [Other: 3.9 ms]
      [Choose CSet: 0.0 ms]
      [Ref Proc: 3.1 ms]
      [Ref Enq: 0.1 ms]
      [Redirty Cards: 0.2 ms]
      [Humongous Register: 0.0 ms]
      [Humongous Reclaim: 0.0 ms]
      [Free CSet: 0.3 ms]
   [Eden: 6960.0M(6960.0M)->0.0B(7040.0M) Survivors: 208.0M->128.0M Heap: 10381.7M(14336.0M)->3588.1M(14336.0M)]
 [Times: user=0.49 sys=0.00, real=0.06 secs] 
2022-07-23T19:12:20.692-0700: 165712.197: [GC concurrent-root-region-scan-start]
2022-07-23T19:12:20.705-0700: 165712.210: [GC concurrent-root-region-scan-end, 0.0128923 secs]
2022-07-23T19:12:20.705-0700: 165712.210: [GC concurrent-mark-start]
2022-07-23T19:12:23.192-0700: 165714.697: [GC concurrent-mark-end, 2.4868041 secs]
2022-07-23T19:12:23.193-0700: 165714.697: [GC remark 2022-07-23T19:12:23.193-0700: 165714.697: [Finalize Marking, 0.0004159 secs] 2022-07-23T19:12:23.193-0700: 165714.698: [GC ref-proc, 0.0101008 secs] 2022-07-23T19:12:23.203-0700: 165714.708: [Unloading, 0.0248908 secs], 0.0404819 secs]
 [Times: user=0.23 sys=0.00, real=0.04 secs] 
2022-07-23T19:12:23.233-0700: 165714.738: [GC cleanup 3782M->3782M(14336M), 0.0075173 secs]
 [Times: user=0.06 sys=0.00, real=0.01 secs] 
2022-07-23T19:14:10.114-0700: 165821.619: [GC pause (G1 Evacuation Pause) (young), 0.0432511 secs]
   [Parallel Time: 38.6 ms, GC Workers: 8]
      [GC Worker Start (ms): Min: 165821619.1, Avg: 165821619.1, Max: 165821619.2, Diff: 0.2]
      [Ext Root Scanning (ms): Min: 0.9, Avg: 1.6, Max: 5.4, Diff: 4.5, Sum: 12.7]
      [Update RS (ms): Min: 3.0, Avg: 7.6, Max: 14.6, Diff: 11.6, Sum: 60.9]
         [Processed Buffers: Min: 10, Avg: 28.8, Max: 46, Diff: 36, Sum: 230]
      [Scan RS (ms): Min: 11.4, Avg: 18.0, Max: 20.9, Diff: 9.5, Sum: 144.1]
      [Code Root Scanning (ms): Min: 0.0, Avg: 0.0, Max: 0.1, Diff: 0.1, Sum: 0.2]
      [Object Copy (ms): Min: 9.6, Avg: 11.1, Max: 11.5, Diff: 1.8, Sum: 89.2]
      [Termination (ms): Min: 0.0, Avg: 0.0, Max: 0.0, Diff: 0.0, Sum: 0.0]
         [Termination Attempts: Min: 1, Avg: 17.5, Max: 24, Diff: 23, Sum: 140]
      [GC Worker Other (ms): Min: 0.0, Avg: 0.1, Max: 0.1, Diff: 0.1, Sum: 0.4]
      [GC Worker Total (ms): Min: 38.4, Avg: 38.4, Max: 38.5, Diff: 0.2, Sum: 307.5]
      [GC Worker End (ms): Min: 165821657.5, Avg: 165821657.6, Max: 165821657.6, Diff: 0.1]
   [Code Root Fixup: 0.0 ms]
   [Code Root Purge: 0.0 ms]
   [Clear CT: 0.9 ms]
   [Other: 3.6 ms]
      [Choose CSet: 0.0 ms]
      [Ref Proc: 2.8 ms]
      [Ref Enq: 0.1 ms]
      [Redirty Cards: 0.3 ms]
      [Humongous Register: 0.0 ms]
      [Humongous Reclaim: 0.0 ms]
      [Free CSet: 0.3 ms]
   [Eden: 7040.0M(7040.0M)->0.0B(5632.0M) Survivors: 128.0M->98304.0K Heap: 10628.1M(14336.0M)->3612.6M(14336.0M)]
 [Times: user=0.33 sys=0.00, real=0.05 secs] 
2022-07-23T19:15:40.063-0700: 165911.568: [GC pause (G1 Evacuation Pause) (mixed), 0.0906882 secs]
   [Parallel Time: 86.6 ms, GC Workers: 8]
      [GC Worker Start (ms): Min: 165911568.5, Avg: 165911568.5, Max: 165911568.6, Diff: 0.1]
      [Ext Root Scanning (ms): Min: 1.3, Avg: 2.2, Max: 6.7, Diff: 5.5, Sum: 17.3]
      [Update RS (ms): Min: 3.1, Avg: 7.2, Max: 8.1, Diff: 5.1, Sum: 57.8]
         [Processed Buffers: Min: 8, Avg: 28.0, Max: 38, Diff: 30, Sum: 224]
      [Scan RS (ms): Min: 27.2, Avg: 28.2, Max: 29.0, Diff: 1.8, Sum: 225.9]
      [Code Root Scanning (ms): Min: 0.0, Avg: 0.7, Max: 1.7, Diff: 1.7, Sum: 5.6]
      [Object Copy (ms): Min: 47.7, Avg: 48.0, Max: 48.3, Diff: 0.6, Sum: 384.3]
      [Termination (ms): Min: 0.0, Avg: 0.0, Max: 0.0, Diff: 0.0, Sum: 0.2]
         [Termination Attempts: Min: 1, Avg: 147.9, Max: 197, Diff: 196, Sum: 1183]
      [GC Worker Other (ms): Min: 0.0, Avg: 0.0, Max: 0.1, Diff: 0.1, Sum: 0.4]
      [GC Worker Total (ms): Min: 86.4, Avg: 86.4, Max: 86.5, Diff: 0.1, Sum: 691.4]
      [GC Worker End (ms): Min: 165911654.9, Avg: 165911655.0, Max: 165911655.0, Diff: 0.1]
   [Code Root Fixup: 0.1 ms]
   [Code Root Purge: 0.0 ms]
   [Clear CT: 0.9 ms]
   [Other: 3.0 ms]
      [Choose CSet: 0.1 ms]
      [Ref Proc: 1.7 ms]
      [Ref Enq: 0.1 ms]
      [Redirty Cards: 0.5 ms]
      [Humongous Register: 0.0 ms]
      [Humongous Reclaim: 0.0 ms]
      [Free CSet: 0.5 ms]
   [Eden: 5632.0M(5632.0M)->0.0B(7152.0M) Survivors: 98304.0K->16384.0K Heap: 9244.6M(14336.0M)->3249.5M(14336.0M)]
 [Times: user=0.70 sys=0.00, real=0.08 secs] 
2022-07-23T19:17:32.634-0700: 166024.138: [GC pause (G1 Evacuation Pause) (young), 0.0303545 secs]
   [Parallel Time: 26.4 ms, GC Workers: 8]
      [GC Worker Start (ms): Min: 166024138.5, Avg: 166024138.6, Max: 166024138.6, Diff: 0.1]
      [Ext Root Scanning (ms): Min: 0.9, Avg: 1.6, Max: 5.9, Diff: 5.1, Sum: 13.2]
      [Update RS (ms): Min: 18.1, Avg: 22.3, Max: 23.2, Diff: 5.1, Sum: 178.4]
         [Processed Buffers: Min: 26, Avg: 31.0, Max: 36, Diff: 10, Sum: 248]
      [Scan RS (ms): Min: 0.2, Avg: 0.4, Max: 0.6, Diff: 0.4, Sum: 3.6]
      [Code Root Scanning (ms): Min: 0.0, Avg: 0.0, Max: 0.0, Diff: 0.0, Sum: 0.1]
      [Object Copy (ms): Min: 1.5, Avg: 1.6, Max: 1.8, Diff: 0.3, Sum: 13.2]
      [Termination (ms): Min: 0.0, Avg: 0.0, Max: 0.0, Diff: 0.0, Sum: 0.2]
         [Termination Attempts: Min: 2, Avg: 8.5, Max: 13, Diff: 11, Sum: 68]
      [GC Worker Other (ms): Min: 0.0, Avg: 0.0, Max: 0.0, Diff: 0.0, Sum: 0.2]
      [GC Worker Total (ms): Min: 26.0, Avg: 26.1, Max: 26.2, Diff: 0.2, Sum: 208.8]
      [GC Worker End (ms): Min: 166024164.7, Avg: 166024164.7, Max: 166024164.7, Diff: 0.0]
   [Code Root Fixup: 0.0 ms]
   [Code Root Purge: 0.0 ms]
   [Clear CT: 0.9 ms]
   [Other: 3.0 ms]
      [Choose CSet: 0.0 ms]
      [Ref Proc: 2.4 ms]
      [Ref Enq: 0.1 ms]
      [Redirty Cards: 0.1 ms]
      [Humongous Register: 0.1 ms]
      [Humongous Reclaim: 0.0 ms]
      [Free CSet: 0.2 ms]
   [Eden: 7152.0M(7152.0M)->0.0B(7152.0M) Survivors: 16384.0K->16384.0K Heap: 10401.5M(14336.0M)->3311.2M(14336.0M)]
 [Times: user=0.22 sys=0.00, real=0.04 secs] 
2022-07-23T19:19:24.921-0700: 166136.426: [GC pause (G1 Evacuation Pause) (young) (initial-mark), 0.0159851 secs]
   [Parallel Time: 11.3 ms, GC Workers: 8]
      [GC Worker Start (ms): Min: 166136427.8, Avg: 166136427.9, Max: 166136427.9, Diff: 0.2]
      [Ext Root Scanning (ms): Min: 5.3, Avg: 5.7, Max: 6.0, Diff: 0.7, Sum: 45.2]
      [Update RS (ms): Min: 1.6, Avg: 1.7, Max: 1.9, Diff: 0.2, Sum: 13.9]
         [Processed Buffers: Min: 3, Avg: 7.0, Max: 14, Diff: 11, Sum: 56]
      [Scan RS (ms): Min: 0.0, Avg: 0.0, Max: 0.1, Diff: 0.1, Sum: 0.4]
      [Code Root Scanning (ms): Min: 0.0, Avg: 0.0, Max: 0.2, Diff: 0.2, Sum: 0.3]
      [Object Copy (ms): Min: 1.3, Avg: 1.7, Max: 1.9, Diff: 0.7, Sum: 13.3]
      [Termination (ms): Min: 0.0, Avg: 0.0, Max: 0.0, Diff: 0.0, Sum: 0.0]
         [Termination Attempts: Min: 1, Avg: 2.0, Max: 5, Diff: 4, Sum: 16]
      [GC Worker Other (ms): Min: 0.0, Avg: 0.1, Max: 0.1, Diff: 0.1, Sum: 0.5]
      [GC Worker Total (ms): Min: 9.1, Avg: 9.2, Max: 9.3, Diff: 0.2, Sum: 73.6]
      [GC Worker End (ms): Min: 166136437.0, Avg: 166136437.1, Max: 166136437.1, Diff: 0.1]
   [Code Root Fixup: 0.0 ms]
   [Code Root Purge: 0.0 ms]
   [Clear CT: 0.7 ms]
   [Other: 4.0 ms]
      [Choose CSet: 0.0 ms]
      [Ref Proc: 3.3 ms]
      [Ref Enq: 0.1 ms]
      [Redirty Cards: 0.1 ms]
      [Humongous Register: 0.0 ms]
      [Humongous Reclaim: 0.0 ms]
      [Free CSet: 0.3 ms]
   [Eden: 7152.0M(7152.0M)->0.0B(7152.0M) Survivors: 16384.0K->16384.0K Heap: 10463.2M(14336.0M)->3332.6M(14336.0M)]
 [Times: user=0.08 sys=0.00, real=0.02 secs] 
2022-07-23T19:19:24.937-0700: 166136.442: [GC concurrent-root-region-scan-start]
2022-07-23T19:19:24.945-0700: 166136.450: [GC concurrent-root-region-scan-end, 0.0082262 secs]
2022-07-23T19:19:24.946-0700: 166136.450: [GC concurrent-mark-start]
2022-07-23T19:19:27.344-0700: 166138.849: [GC concurrent-mark-end, 2.3984143 secs]
2022-07-23T19:19:27.344-0700: 166138.849: [GC remark 2022-07-23T19:19:27.344-0700: 166138.849: [Finalize Marking, 0.0004390 secs] 2022-07-23T19:19:27.345-0700: 166138.850: [GC ref-proc, 0.0107192 secs] 2022-07-23T19:19:27.356-0700: 166138.860: [Unloading, 0.0250330 secs], 0.0411593 secs]
 [Times: user=0.23 sys=0.00, real=0.04 secs] 
2022-07-23T19:19:27.386-0700: 166138.891: [GC cleanup 3532M->3532M(14336M), 0.0069711 secs]
 [Times: user=0.05 sys=0.00, real=0.00 secs] 
2022-07-23T19:21:16.447-0700: 166247.952: [GC pause (G1 Evacuation Pause) (young), 0.0086974 secs]
   [Parallel Time: 5.4 ms, GC Workers: 8]
      [GC Worker Start (ms): Min: 166247952.3, Avg: 166247952.4, Max: 166247952.4, Diff: 0.1]
      [Ext Root Scanning (ms): Min: 0.9, Avg: 1.6, Max: 5.2, Diff: 4.3, Sum: 12.7]
      [Update RS (ms): Min: 0.0, Avg: 1.9, Max: 2.4, Diff: 2.4, Sum: 15.0]
         [Processed Buffers: Min: 0, Avg: 8.1, Max: 16, Diff: 16, Sum: 65]
      [Scan RS (ms): Min: 0.0, Avg: 0.0, Max: 0.1, Diff: 0.1, Sum: 0.4]
      [Code Root Scanning (ms): Min: 0.0, Avg: 0.0, Max: 0.1, Diff: 0.1, Sum: 0.1]
      [Object Copy (ms): Min: 0.0, Avg: 1.5, Max: 1.9, Diff: 1.9, Sum: 12.2]
      [Termination (ms): Min: 0.0, Avg: 0.1, Max: 0.2, Diff: 0.2, Sum: 1.0]
         [Termination Attempts: Min: 1, Avg: 1.4, Max: 2, Diff: 1, Sum: 11]
      [GC Worker Other (ms): Min: 0.0, Avg: 0.0, Max: 0.0, Diff: 0.0, Sum: 0.1]
      [GC Worker Total (ms): Min: 5.1, Avg: 5.2, Max: 5.2, Diff: 0.1, Sum: 41.5]
      [GC Worker End (ms): Min: 166247957.5, Avg: 166247957.6, Max: 166247957.6, Diff: 0.0]
   [Code Root Fixup: 0.0 ms]
   [Code Root Purge: 0.0 ms]
   [Clear CT: 0.7 ms]
   [Other: 2.6 ms]
      [Choose CSet: 0.0 ms]
      [Ref Proc: 2.0 ms]
      [Ref Enq: 0.1 ms]
      [Redirty Cards: 0.1 ms]
      [Humongous Register: 0.0 ms]
      [Humongous Reclaim: 0.0 ms]
      [Free CSet: 0.3 ms]
   [Eden: 7152.0M(7152.0M)->0.0B(5712.0M) Survivors: 16384.0K->16384.0K Heap: 10484.6M(14336.0M)->3339.4M(14336.0M)]
 [Times: user=0.05 sys=0.00, real=0.01 secs] 
2022-07-23T19:22:46.319-0700: 166337.824: [GC pause (G1 Evacuation Pause) (mixed), 0.0326751 secs]
   [Parallel Time: 27.8 ms, GC Workers: 8]
      [GC Worker Start (ms): Min: 166337824.1, Avg: 166337824.2, Max: 166337824.2, Diff: 0.1]
      [Ext Root Scanning (ms): Min: 1.1, Avg: 1.9, Max: 5.9, Diff: 4.8, Sum: 15.6]
      [Update RS (ms): Min: 0.0, Avg: 1.9, Max: 2.5, Diff: 2.5, Sum: 15.4]
         [Processed Buffers: Min: 0, Avg: 7.9, Max: 14, Diff: 14, Sum: 63]
      [Scan RS (ms): Min: 5.3, Avg: 7.0, Max: 8.4, Diff: 3.1, Sum: 56.0]
      [Code Root Scanning (ms): Min: 0.0, Avg: 0.2, Max: 0.5, Diff: 0.5, Sum: 1.2]
      [Object Copy (ms): Min: 15.5, Avg: 16.6, Max: 16.9, Diff: 1.4, Sum: 132.5]
      [Termination (ms): Min: 0.0, Avg: 0.0, Max: 0.0, Diff: 0.0, Sum: 0.0]
         [Termination Attempts: Min: 1, Avg: 18.9, Max: 27, Diff: 26, Sum: 151]
      [GC Worker Other (ms): Min: 0.0, Avg: 0.0, Max: 0.1, Diff: 0.1, Sum: 0.3]
      [GC Worker Total (ms): Min: 27.6, Avg: 27.6, Max: 27.7, Diff: 0.1, Sum: 221.0]
      [GC Worker End (ms): Min: 166337851.8, Avg: 166337851.8, Max: 166337851.8, Diff: 0.0]
   [Code Root Fixup: 0.1 ms]
   [Code Root Purge: 0.0 ms]
   [Clear CT: 1.0 ms]
   [Other: 3.8 ms]
      [Choose CSet: 0.1 ms]
      [Ref Proc: 3.0 ms]
      [Ref Enq: 0.1 ms]
      [Redirty Cards: 0.2 ms]
      [Humongous Register: 0.0 ms]
      [Humongous Reclaim: 0.0 ms]
      [Free CSet: 0.3 ms]
   [Eden: 5712.0M(5712.0M)->0.0B(7152.0M) Survivors: 16384.0K->16384.0K Heap: 9051.4M(14336.0M)->3144.7M(14336.0M)]
 [Times: user=0.24 sys=0.00, real=0.03 secs] 
2022-07-23T19:24:42.718-0700: 166454.222: [GC pause (G1 Evacuation Pause) (young), 0.0201448 secs]
   [Parallel Time: 15.6 ms, GC Workers: 8]
      [GC Worker Start (ms): Min: 166454222.5, Avg: 166454222.5, Max: 166454222.6, Diff: 0.2]
      [Ext Root Scanning (ms): Min: 0.7, Avg: 2.0, Max: 5.2, Diff: 4.5, Sum: 16.1]
      [Update RS (ms): Min: 7.5, Avg: 9.7, Max: 11.9, Diff: 4.3, Sum: 77.2]
         [Processed Buffers: Min: 22, Avg: 27.1, Max: 33, Diff: 11, Sum: 217]
      [Scan RS (ms): Min: 0.0, Avg: 0.1, Max: 0.2, Diff: 0.2, Sum: 0.6]
      [Code Root Scanning (ms): Min: 0.0, Avg: 0.0, Max: 0.0, Diff: 0.0, Sum: 0.0]
      [Object Copy (ms): Min: 1.3, Avg: 3.3, Max: 6.5, Diff: 5.2, Sum: 26.4]
      [Termination (ms): Min: 0.0, Avg: 0.0, Max: 0.0, Diff: 0.0, Sum: 0.0]
         [Termination Attempts: Min: 14, Avg: 15.2, Max: 17, Diff: 3, Sum: 122]
      [GC Worker Other (ms): Min: 0.0, Avg: 0.1, Max: 0.2, Diff: 0.2, Sum: 0.6]
      [GC Worker Total (ms): Min: 15.0, Avg: 15.1, Max: 15.2, Diff: 0.2, Sum: 120.9]
      [GC Worker End (ms): Min: 166454237.6, Avg: 166454237.7, Max: 166454237.8, Diff: 0.2]
   [Code Root Fixup: 0.0 ms]
   [Code Root Purge: 0.0 ms]
   [Clear CT: 0.8 ms]
   [Other: 3.8 ms]
      [Choose CSet: 0.0 ms]
      [Ref Proc: 3.1 ms]
      [Ref Enq: 0.1 ms]
      [Redirty Cards: 0.1 ms]
      [Humongous Register: 0.0 ms]
      [Humongous Reclaim: 0.0 ms]
      [Free CSet: 0.3 ms]
   [Eden: 7152.0M(7152.0M)->0.0B(7152.0M) Survivors: 16384.0K->16384.0K Heap: 10296.7M(14336.0M)->3175.1M(14336.0M)]
 [Times: user=0.12 sys=0.00, real=0.02 secs] 
2022-07-23T19:24:59.635-0700: 166471.140: [GC pause (G1 Evacuation Pause) (young) (initial-mark), 0.0254979 secs]
   [Parallel Time: 21.5 ms, GC Workers: 8]
      [GC Worker Start (ms): Min: 166471141.7, Avg: 166471141.8, Max: 166471141.8, Diff: 0.2]
      [Ext Root Scanning (ms): Min: 5.3, Avg: 5.5, Max: 5.8, Diff: 0.5, Sum: 44.2]
      [Update RS (ms): Min: 3.5, Avg: 3.6, Max: 3.9, Diff: 0.4, Sum: 28.5]
         [Processed Buffers: Min: 9, Avg: 11.8, Max: 18, Diff: 9, Sum: 94]
      [Scan RS (ms): Min: 0.0, Avg: 0.1, Max: 0.1, Diff: 0.1, Sum: 0.5]
      [Code Root Scanning (ms): Min: 0.0, Avg: 0.0, Max: 0.0, Diff: 0.0, Sum: 0.0]
      [Object Copy (ms): Min: 9.7, Avg: 9.9, Max: 10.1, Diff: 0.4, Sum: 79.5]
      [Termination (ms): Min: 0.0, Avg: 0.0, Max: 0.0, Diff: 0.0, Sum: 0.0]
         [Termination Attempts: Min: 1, Avg: 1.1, Max: 2, Diff: 1, Sum: 9]
      [GC Worker Other (ms): Min: 0.0, Avg: 0.1, Max: 0.3, Diff: 0.2, Sum: 1.0]
      [GC Worker Total (ms): Min: 19.1, Avg: 19.2, Max: 19.4, Diff: 0.3, Sum: 153.7]
      [GC Worker End (ms): Min: 166471160.9, Avg: 166471161.0, Max: 166471161.1, Diff: 0.2]
   [Code Root Fixup: 0.0 ms]
   [Code Root Purge: 0.0 ms]
   [Clear CT: 0.8 ms]
   [Other: 3.2 ms]
      [Choose CSet: 0.0 ms]
      [Ref Proc: 2.5 ms]
      [Ref Enq: 0.1 ms]
      [Redirty Cards: 0.1 ms]
      [Humongous Register: 0.0 ms]
      [Humongous Reclaim: 0.0 ms]
      [Free CSet: 0.3 ms]
   [Eden: 7152.0M(7152.0M)->0.0B(7120.0M) Survivors: 16384.0K->49152.0K Heap: 10327.1M(14336.0M)->3216.0M(14336.0M)]
 [Times: user=0.16 sys=0.00, real=0.02 secs] 
2022-07-23T19:24:59.661-0700: 166471.165: [GC concurrent-root-region-scan-start]
2022-07-23T19:24:59.677-0700: 166471.182: [GC concurrent-root-region-scan-end, 0.0167537 secs]
2022-07-23T19:24:59.677-0700: 166471.182: [GC concurrent-mark-start]
2022-07-23T19:25:02.369-0700: 166473.874: [GC concurrent-mark-end, 2.6917876 secs]
2022-07-23T19:25:02.369-0700: 166473.874: [GC remark 2022-07-23T19:25:02.369-0700: 166473.874: [Finalize Marking, 0.0002666 secs] 2022-07-23T19:25:02.370-0700: 166473.874: [GC ref-proc, 0.0080492 secs] 2022-07-23T19:25:02.378-0700: 166473.883: [Unloading, 0.0253340 secs], 0.0386086 secs]
 [Times: user=0.23 sys=0.00, real=0.04 secs] 
2022-07-23T19:25:02.408-0700: 166473.913: [GC cleanup 5068M->5068M(14336M), 0.0068618 secs]
 [Times: user=0.05 sys=0.00, real=0.01 secs] 
2022-07-23T19:25:10.665-0700: 166482.169: [GC pause (G1 Evacuation Pause) (young), 0.0241210 secs]
   [Parallel Time: 20.7 ms, GC Workers: 8]
      [GC Worker Start (ms): Min: 166482169.5, Avg: 166482169.6, Max: 166482169.6, Diff: 0.1]
      [Ext Root Scanning (ms): Min: 0.9, Avg: 1.6, Max: 5.4, Diff: 4.5, Sum: 13.0]
      [Update RS (ms): Min: 0.0, Avg: 2.8, Max: 3.5, Diff: 3.5, Sum: 22.1]
         [Processed Buffers: Min: 0, Avg: 8.6, Max: 13, Diff: 13, Sum: 69]
      [Scan RS (ms): Min: 0.0, Avg: 0.1, Max: 0.1, Diff: 0.1, Sum: 0.5]
      [Code Root Scanning (ms): Min: 0.0, Avg: 0.0, Max: 0.0, Diff: 0.0, Sum: 0.0]
      [Object Copy (ms): Min: 15.0, Avg: 16.0, Max: 16.2, Diff: 1.3, Sum: 127.6]
      [Termination (ms): Min: 0.0, Avg: 0.0, Max: 0.0, Diff: 0.0, Sum: 0.0]
         [Termination Attempts: Min: 1, Avg: 1.0, Max: 1, Diff: 0, Sum: 8]
      [GC Worker Other (ms): Min: 0.0, Avg: 0.1, Max: 0.1, Diff: 0.1, Sum: 0.5]
      [GC Worker Total (ms): Min: 20.4, Avg: 20.5, Max: 20.5, Diff: 0.1, Sum: 163.7]
      [GC Worker End (ms): Min: 166482190.0, Avg: 166482190.0, Max: 166482190.1, Diff: 0.1]
   [Code Root Fixup: 0.0 ms]
   [Code Root Purge: 0.0 ms]
   [Clear CT: 0.7 ms]
   [Other: 2.7 ms]
      [Choose CSet: 0.0 ms]
      [Ref Proc: 2.1 ms]
      [Ref Enq: 0.1 ms]
      [Redirty Cards: 0.1 ms]
      [Humongous Register: 0.0 ms]
      [Humongous Reclaim: 0.0 ms]
      [Free CSet: 0.3 ms]
   [Eden: 7120.0M(7120.0M)->0.0B(5648.0M) Survivors: 49152.0K->81920.0K Heap: 10336.0M(14336.0M)->3279.4M(14336.0M)]
 [Times: user=0.18 sys=0.00, real=0.02 secs] 
2022-07-23T19:26:02.081-0700: 166533.586: [GC pause (G1 Evacuation Pause) (mixed), 0.0484710 secs]
   [Parallel Time: 45.5 ms, GC Workers: 8]
      [GC Worker Start (ms): Min: 166533586.2, Avg: 166533586.2, Max: 166533586.3, Diff: 0.1]
      [Ext Root Scanning (ms): Min: 0.9, Avg: 1.7, Max: 5.7, Diff: 4.7, Sum: 13.6]
      [Update RS (ms): Min: 4.1, Avg: 7.9, Max: 8.6, Diff: 4.5, Sum: 63.0]
         [Processed Buffers: Min: 14, Avg: 27.8, Max: 33, Diff: 19, Sum: 222]
      [Scan RS (ms): Min: 4.3, Avg: 4.7, Max: 4.8, Diff: 0.5, Sum: 37.3]
      [Code Root Scanning (ms): Min: 0.0, Avg: 0.1, Max: 0.6, Diff: 0.6, Sum: 1.2]
      [Object Copy (ms): Min: 30.7, Avg: 31.0, Max: 31.2, Diff: 0.5, Sum: 247.7]
      [Termination (ms): Min: 0.0, Avg: 0.0, Max: 0.0, Diff: 0.0, Sum: 0.1]
         [Termination Attempts: Min: 1, Avg: 40.2, Max: 61, Diff: 60, Sum: 322]
      [GC Worker Other (ms): Min: 0.0, Avg: 0.0, Max: 0.1, Diff: 0.0, Sum: 0.3]
      [GC Worker Total (ms): Min: 45.4, Avg: 45.4, Max: 45.4, Diff: 0.1, Sum: 363.0]
      [GC Worker End (ms): Min: 166533631.6, Avg: 166533631.6, Max: 166533631.6, Diff: 0.0]
   [Code Root Fixup: 0.0 ms]
   [Code Root Purge: 0.0 ms]
   [Clear CT: 0.9 ms]
   [Other: 2.1 ms]
      [Choose CSet: 0.0 ms]
      [Ref Proc: 1.2 ms]
      [Ref Enq: 0.1 ms]
      [Redirty Cards: 0.3 ms]
      [Humongous Register: 0.0 ms]
      [Humongous Reclaim: 0.0 ms]
      [Free CSet: 0.3 ms]
   [Eden: 5648.0M(5648.0M)->0.0B(7088.0M) Survivors: 81920.0K->81920.0K Heap: 8927.4M(14336.0M)->3240.7M(14336.0M)]
 [Times: user=0.38 sys=0.00, real=0.05 secs] 
2022-07-23T19:28:57.374-0700: 166708.879: [GC pause (G1 Evacuation Pause) (young), 0.0391796 secs]
   [Parallel Time: 36.3 ms, GC Workers: 8]
      [GC Worker Start (ms): Min: 166708878.9, Avg: 166708879.0, Max: 166708879.0, Diff: 0.2]
      [Ext Root Scanning (ms): Min: 1.0, Avg: 1.7, Max: 5.2, Diff: 4.3, Sum: 13.8]
      [Update RS (ms): Min: 10.3, Avg: 13.5, Max: 14.3, Diff: 4.0, Sum: 107.9]
         [Processed Buffers: Min: 13, Avg: 36.8, Max: 53, Diff: 40, Sum: 294]
      [Scan RS (ms): Min: 0.2, Avg: 0.4, Max: 0.7, Diff: 0.5, Sum: 3.4]
      [Code Root Scanning (ms): Min: 0.0, Avg: 0.0, Max: 0.0, Diff: 0.0, Sum: 0.0]
      [Object Copy (ms): Min: 20.1, Avg: 20.4, Max: 20.5, Diff: 0.4, Sum: 163.1]
      [Termination (ms): Min: 0.0, Avg: 0.0, Max: 0.0, Diff: 0.0, Sum: 0.0]
         [Termination Attempts: Min: 1, Avg: 2.5, Max: 5, Diff: 4, Sum: 20]
      [GC Worker Other (ms): Min: 0.0, Avg: 0.0, Max: 0.1, Diff: 0.1, Sum: 0.4]
      [GC Worker Total (ms): Min: 36.0, Avg: 36.1, Max: 36.2, Diff: 0.2, Sum: 288.6]
      [GC Worker End (ms): Min: 166708915.0, Avg: 166708915.0, Max: 166708915.1, Diff: 0.1]
   [Code Root Fixup: 0.0 ms]
   [Code Root Purge: 0.0 ms]
   [Clear CT: 0.8 ms]
   [Other: 2.1 ms]
      [Choose CSet: 0.0 ms]
      [Ref Proc: 1.4 ms]
      [Ref Enq: 0.1 ms]
      [Redirty Cards: 0.1 ms]
      [Humongous Register: 0.1 ms]
      [Humongous Reclaim: 0.0 ms]
      [Free CSet: 0.3 ms]
   [Eden: 7088.0M(7088.0M)->0.0B(7072.0M) Survivors: 81920.0K->98304.0K Heap: 10328.7M(14336.0M)->3322.4M(14336.0M)]
 [Times: user=0.27 sys=0.00, real=0.04 secs] 
2022-07-23T19:31:34.620-0700: 166866.124: [GC pause (G1 Evacuation Pause) (young) (initial-mark), 0.0410266 secs]
   [Parallel Time: 36.8 ms, GC Workers: 8]
      [GC Worker Start (ms): Min: 166866126.6, Avg: 166866126.7, Max: 166866126.7, Diff: 0.1]
      [Ext Root Scanning (ms): Min: 4.8, Avg: 5.2, Max: 5.6, Diff: 0.8, Sum: 41.6]
      [Update RS (ms): Min: 13.6, Avg: 13.8, Max: 14.1, Diff: 0.5, Sum: 110.3]
         [Processed Buffers: Min: 27, Avg: 30.9, Max: 35, Diff: 8, Sum: 247]
      [Scan RS (ms): Min: 0.0, Avg: 0.0, Max: 0.1, Diff: 0.1, Sum: 0.4]
      [Code Root Scanning (ms): Min: 0.0, Avg: 0.0, Max: 0.0, Diff: 0.0, Sum: 0.0]
      [Object Copy (ms): Min: 14.6, Avg: 15.2, Max: 15.7, Diff: 1.1, Sum: 121.8]
      [Termination (ms): Min: 0.0, Avg: 0.0, Max: 0.0, Diff: 0.0, Sum: 0.0]
         [Termination Attempts: Min: 1, Avg: 2.6, Max: 4, Diff: 3, Sum: 21]
      [GC Worker Other (ms): Min: 0.0, Avg: 0.1, Max: 0.1, Diff: 0.1, Sum: 0.6]
      [GC Worker Total (ms): Min: 34.3, Avg: 34.3, Max: 34.4, Diff: 0.1, Sum: 274.7]
      [GC Worker End (ms): Min: 166866161.0, Avg: 166866161.0, Max: 166866161.1, Diff: 0.1]
   [Code Root Fixup: 0.0 ms]
   [Code Root Purge: 0.0 ms]
   [Clear CT: 0.7 ms]
   [Other: 3.5 ms]
      [Choose CSet: 0.0 ms]
      [Ref Proc: 2.7 ms]
      [Ref Enq: 0.1 ms]
      [Redirty Cards: 0.1 ms]
      [Humongous Register: 0.0 ms]
      [Humongous Reclaim: 0.0 ms]
      [Free CSet: 0.3 ms]
   [Eden: 7072.0M(7072.0M)->0.0B(7072.0M) Survivors: 98304.0K->98304.0K Heap: 10394.4M(14336.0M)->3387.5M(14336.0M)]
 [Times: user=0.28 sys=0.00, real=0.04 secs] 
2022-07-23T19:31:34.661-0700: 166866.166: [GC concurrent-root-region-scan-start]
2022-07-23T19:31:34.669-0700: 166866.174: [GC concurrent-root-region-scan-end, 0.0086560 secs]
2022-07-23T19:31:34.669-0700: 166866.174: [GC concurrent-mark-start]
2022-07-23T19:31:36.989-0700: 166868.494: [GC concurrent-mark-end, 2.3194696 secs]
2022-07-23T19:31:36.989-0700: 166868.494: [GC remark 2022-07-23T19:31:36.989-0700: 166868.494: [Finalize Marking, 0.0002771 secs] 2022-07-23T19:31:36.990-0700: 166868.494: [GC ref-proc, 0.0082936 secs] 2022-07-23T19:31:36.998-0700: 166868.503: [Unloading, 0.0249460 secs], 0.0385451 secs]
 [Times: user=0.24 sys=0.00, real=0.04 secs] 
2022-07-23T19:31:37.028-0700: 166868.533: [GC cleanup 3525M->3509M(14336M), 0.0075047 secs]
 [Times: user=0.05 sys=0.00, real=0.01 secs] 
2022-07-23T19:31:37.036-0700: 166868.541: [GC concurrent-cleanup-start]
2022-07-23T19:31:37.036-0700: 166868.541: [GC concurrent-cleanup-end, 0.0000197 secs]
2022-07-23T19:33:55.614-0700: 167007.118: [GC pause (G1 Evacuation Pause) (young), 0.0266828 secs]
   [Parallel Time: 23.9 ms, GC Workers: 8]
      [GC Worker Start (ms): Min: 167007118.6, Avg: 167007118.6, Max: 167007118.7, Diff: 0.1]
      [Ext Root Scanning (ms): Min: 1.4, Avg: 2.2, Max: 6.0, Diff: 4.6, Sum: 17.9]
      [Update RS (ms): Min: 9.8, Avg: 13.2, Max: 14.0, Diff: 4.2, Sum: 105.5]
         [Processed Buffers: Min: 26, Avg: 30.4, Max: 36, Diff: 10, Sum: 243]
      [Scan RS (ms): Min: 0.1, Avg: 0.3, Max: 0.4, Diff: 0.3, Sum: 2.5]
      [Code Root Scanning (ms): Min: 0.0, Avg: 0.0, Max: 0.0, Diff: 0.0, Sum: 0.0]
      [Object Copy (ms): Min: 7.5, Avg: 8.0, Max: 8.2, Diff: 0.6, Sum: 63.6]
      [Termination (ms): Min: 0.0, Avg: 0.0, Max: 0.0, Diff: 0.0, Sum: 0.0]
         [Termination Attempts: Min: 1, Avg: 1.1, Max: 2, Diff: 1, Sum: 9]
      [GC Worker Other (ms): Min: 0.0, Avg: 0.1, Max: 0.1, Diff: 0.1, Sum: 0.5]
      [GC Worker Total (ms): Min: 23.7, Avg: 23.8, Max: 23.9, Diff: 0.2, Sum: 190.1]
      [GC Worker End (ms): Min: 167007142.3, Avg: 167007142.4, Max: 167007142.4, Diff: 0.1]
   [Code Root Fixup: 0.0 ms]
   [Code Root Purge: 0.0 ms]
   [Clear CT: 0.8 ms]
   [Other: 2.0 ms]
      [Choose CSet: 0.0 ms]
      [Ref Proc: 1.3 ms]
      [Ref Enq: 0.1 ms]
      [Redirty Cards: 0.1 ms]
      [Humongous Register: 0.0 ms]
      [Humongous Reclaim: 0.0 ms]
      [Free CSet: 0.3 ms]
   [Eden: 7072.0M(7072.0M)->0.0B(5680.0M) Survivors: 98304.0K->49152.0K Heap: 10443.5M(14336.0M)->3375.5M(14336.0M)]
 [Times: user=0.20 sys=0.00, real=0.03 secs] 
2022-07-23T19:35:45.778-0700: 167117.283: [GC pause (G1 Evacuation Pause) (mixed), 0.0477543 secs]
   [Parallel Time: 44.4 ms, GC Workers: 8]
      [GC Worker Start (ms): Min: 167117282.8, Avg: 167117283.9, Max: 167117287.4, Diff: 4.6]
      [Ext Root Scanning (ms): Min: 0.0, Avg: 1.6, Max: 5.9, Diff: 5.9, Sum: 13.2]
      [Update RS (ms): Min: 1.6, Avg: 5.1, Max: 10.6, Diff: 9.0, Sum: 41.0]
         [Processed Buffers: Min: 9, Avg: 17.2, Max: 26, Diff: 17, Sum: 138]
      [Scan RS (ms): Min: 2.9, Avg: 7.5, Max: 13.0, Diff: 10.1, Sum: 59.7]
      [Code Root Scanning (ms): Min: 0.0, Avg: 0.1, Max: 0.6, Diff: 0.6, Sum: 0.8]
      [Object Copy (ms): Min: 23.5, Avg: 28.7, Max: 29.8, Diff: 6.4, Sum: 229.2]
      [Termination (ms): Min: 0.0, Avg: 0.1, Max: 0.1, Diff: 0.1, Sum: 0.6]
         [Termination Attempts: Min: 1, Avg: 1.0, Max: 1, Diff: 0, Sum: 8]
      [GC Worker Other (ms): Min: 0.0, Avg: 0.0, Max: 0.0, Diff: 0.0, Sum: 0.1]
      [GC Worker Total (ms): Min: 39.6, Avg: 43.1, Max: 44.3, Diff: 4.6, Sum: 344.7]
      [GC Worker End (ms): Min: 167117327.0, Avg: 167117327.0, Max: 167117327.0, Diff: 0.0]
   [Code Root Fixup: 0.0 ms]
   [Code Root Purge: 0.0 ms]
   [Clear CT: 0.9 ms]
   [Other: 2.4 ms]
      [Choose CSet: 0.1 ms]
      [Ref Proc: 1.5 ms]
      [Ref Enq: 0.1 ms]
      [Redirty Cards: 0.3 ms]
      [Humongous Register: 0.0 ms]
      [Humongous Reclaim: 0.0 ms]
      [Free CSet: 0.3 ms]
   [Eden: 5680.0M(5680.0M)->0.0B(7120.0M) Survivors: 49152.0K->49152.0K Heap: 9055.5M(14336.0M)->3181.3M(14336.0M)]
 [Times: user=0.37 sys=0.00, real=0.05 secs] 
2022-07-23T19:38:24.070-0700: 167275.575: [GC pause (G1 Evacuation Pause) (young), 0.0267050 secs]
   [Parallel Time: 22.0 ms, GC Workers: 8]
      [GC Worker Start (ms): Min: 167275574.8, Avg: 167275574.9, Max: 167275575.0, Diff: 0.2]
      [Ext Root Scanning (ms): Min: 1.0, Avg: 1.7, Max: 5.0, Diff: 4.0, Sum: 13.9]
      [Update RS (ms): Min: 5.6, Avg: 8.5, Max: 9.2, Diff: 3.6, Sum: 68.1]
         [Processed Buffers: Min: 19, Avg: 28.9, Max: 40, Diff: 21, Sum: 231]
      [Scan RS (ms): Min: 0.2, Avg: 0.4, Max: 0.5, Diff: 0.3, Sum: 3.3]
      [Code Root Scanning (ms): Min: 0.0, Avg: 0.0, Max: 0.0, Diff: 0.0, Sum: 0.0]
      [Object Copy (ms): Min: 10.6, Avg: 10.9, Max: 11.0, Diff: 0.4, Sum: 87.1]
      [Termination (ms): Min: 0.0, Avg: 0.0, Max: 0.0, Diff: 0.0, Sum: 0.0]
         [Termination Attempts: Min: 1, Avg: 1.0, Max: 1, Diff: 0, Sum: 8]
      [GC Worker Other (ms): Min: 0.0, Avg: 0.1, Max: 0.2, Diff: 0.1, Sum: 0.6]
      [GC Worker Total (ms): Min: 21.5, Avg: 21.6, Max: 21.7, Diff: 0.2, Sum: 173.0]
      [GC Worker End (ms): Min: 167275596.4, Avg: 167275596.5, Max: 167275596.6, Diff: 0.1]
   [Code Root Fixup: 0.0 ms]
   [Code Root Purge: 0.0 ms]
   [Clear CT: 0.8 ms]
   [Other: 3.9 ms]
      [Choose CSet: 0.0 ms]
      [Ref Proc: 3.2 ms]
      [Ref Enq: 0.1 ms]
      [Redirty Cards: 0.1 ms]
      [Humongous Register: 0.0 ms]
      [Humongous Reclaim: 0.0 ms]
      [Free CSet: 0.3 ms]
   [Eden: 7120.0M(7120.0M)->0.0B(7104.0M) Survivors: 49152.0K->65536.0K Heap: 10301.3M(14336.0M)->3259.6M(14336.0M)]
 [Times: user=0.19 sys=0.00, real=0.03 secs] 
2022-07-23T19:41:15.964-0700: 167447.469: [GC pause (G1 Evacuation Pause) (young) (initial-mark), 0.0292162 secs]
   [Parallel Time: 24.4 ms, GC Workers: 8]
      [GC Worker Start (ms): Min: 167447470.9, Avg: 167447471.0, Max: 167447471.1, Diff: 0.2]
      [Ext Root Scanning (ms): Min: 5.3, Avg: 5.6, Max: 6.1, Diff: 0.8, Sum: 45.1]
      [Update RS (ms): Min: 6.6, Avg: 6.6, Max: 6.8, Diff: 0.2, Sum: 53.1]
         [Processed Buffers: Min: 15, Avg: 23.1, Max: 34, Diff: 19, Sum: 185]
      [Scan RS (ms): Min: 0.0, Avg: 0.0, Max: 0.1, Diff: 0.1, Sum: 0.4]
      [Code Root Scanning (ms): Min: 0.0, Avg: 0.0, Max: 0.0, Diff: 0.0, Sum: 0.0]
      [Object Copy (ms): Min: 9.3, Avg: 9.8, Max: 10.2, Diff: 0.9, Sum: 78.5]
      [Termination (ms): Min: 0.0, Avg: 0.0, Max: 0.0, Diff: 0.0, Sum: 0.1]
         [Termination Attempts: Min: 1, Avg: 14.6, Max: 24, Diff: 23, Sum: 117]
      [GC Worker Other (ms): Min: 0.0, Avg: 0.0, Max: 0.1, Diff: 0.1, Sum: 0.3]
      [GC Worker Total (ms): Min: 22.1, Avg: 22.2, Max: 22.3, Diff: 0.2, Sum: 177.5]
      [GC Worker End (ms): Min: 167447493.1, Avg: 167447493.2, Max: 167447493.2, Diff: 0.1]
   [Code Root Fixup: 0.0 ms]
   [Code Root Purge: 0.0 ms]
   [Clear CT: 0.7 ms]
   [Other: 4.1 ms]
      [Choose CSet: 0.0 ms]
      [Ref Proc: 3.4 ms]
      [Ref Enq: 0.1 ms]
      [Redirty Cards: 0.1 ms]
      [Humongous Register: 0.0 ms]
      [Humongous Reclaim: 0.0 ms]
      [Free CSet: 0.3 ms]
   [Eden: 7104.0M(7104.0M)->0.0B(7104.0M) Survivors: 65536.0K->65536.0K Heap: 10363.6M(14336.0M)->3302.2M(14336.0M)]
 [Times: user=0.19 sys=0.00, real=0.02 secs] 
2022-07-23T19:41:15.993-0700: 167447.498: [GC concurrent-root-region-scan-start]
2022-07-23T19:41:16.005-0700: 167447.510: [GC concurrent-root-region-scan-end, 0.0117772 secs]
2022-07-23T19:41:16.005-0700: 167447.510: [GC concurrent-mark-start]
2022-07-23T19:41:18.398-0700: 167449.903: [GC concurrent-mark-end, 2.3931245 secs]
2022-07-23T19:41:18.399-0700: 167449.903: [GC remark 2022-07-23T19:41:18.399-0700: 167449.903: [Finalize Marking, 0.0002364 secs] 2022-07-23T19:41:18.399-0700: 167449.904: [GC ref-proc, 0.0069020 secs] 2022-07-23T19:41:18.406-0700: 167449.911: [Unloading, 0.0265542 secs], 0.0387865 secs]
 [Times: user=0.24 sys=0.00, real=0.04 secs] 
2022-07-23T19:41:18.438-0700: 167449.943: [GC cleanup 3446M->3446M(14336M), 0.0073415 secs]
 [Times: user=0.06 sys=0.00, real=0.01 secs] 
2022-07-23T19:44:01.516-0700: 167613.021: [GC pause (G1 Evacuation Pause) (young), 0.0241880 secs]
   [Parallel Time: 19.7 ms, GC Workers: 8]
      [GC Worker Start (ms): Min: 167613021.2, Avg: 167613021.3, Max: 167613021.4, Diff: 0.2]
      [Ext Root Scanning (ms): Min: 0.9, Avg: 1.6, Max: 5.1, Diff: 4.2, Sum: 12.9]
      [Update RS (ms): Min: 4.1, Avg: 7.2, Max: 8.0, Diff: 4.0, Sum: 57.7]
         [Processed Buffers: Min: 16, Avg: 25.1, Max: 31, Diff: 15, Sum: 201]
      [Scan RS (ms): Min: 0.0, Avg: 0.0, Max: 0.1, Diff: 0.1, Sum: 0.4]
      [Code Root Scanning (ms): Min: 0.0, Avg: 0.0, Max: 0.0, Diff: 0.0, Sum: 0.0]
      [Object Copy (ms): Min: 10.2, Avg: 10.4, Max: 10.6, Diff: 0.4, Sum: 83.3]
      [Termination (ms): Min: 0.0, Avg: 0.0, Max: 0.0, Diff: 0.0, Sum: 0.0]
         [Termination Attempts: Min: 1, Avg: 1.0, Max: 1, Diff: 0, Sum: 8]
      [GC Worker Other (ms): Min: 0.0, Avg: 0.0, Max: 0.1, Diff: 0.1, Sum: 0.4]
      [GC Worker Total (ms): Min: 19.2, Avg: 19.3, Max: 19.4, Diff: 0.2, Sum: 154.7]
      [GC Worker End (ms): Min: 167613040.6, Avg: 167613040.6, Max: 167613040.6, Diff: 0.1]
   [Code Root Fixup: 0.0 ms]
   [Code Root Purge: 0.0 ms]
   [Clear CT: 0.7 ms]
   [Other: 3.8 ms]
      [Choose CSet: 0.0 ms]
      [Ref Proc: 3.1 ms]
      [Ref Enq: 0.1 ms]
      [Redirty Cards: 0.1 ms]
      [Humongous Register: 0.1 ms]
      [Humongous Reclaim: 0.0 ms]
      [Free CSet: 0.3 ms]
   [Eden: 7104.0M(7104.0M)->0.0B(5664.0M) Survivors: 65536.0K->65536.0K Heap: 10406.2M(14336.0M)->3316.6M(14336.0M)]
 [Times: user=0.16 sys=0.00, real=0.02 secs] 
2022-07-23T19:46:24.373-0700: 167755.878: [GC pause (G1 Evacuation Pause) (mixed), 0.0404359 secs]
   [Parallel Time: 35.7 ms, GC Workers: 8]
      [GC Worker Start (ms): Min: 167755877.9, Avg: 167755878.0, Max: 167755878.0, Diff: 0.2]
      [Ext Root Scanning (ms): Min: 1.0, Avg: 1.8, Max: 5.8, Diff: 4.8, Sum: 14.3]
      [Update RS (ms): Min: 0.0, Avg: 2.6, Max: 3.2, Diff: 3.2, Sum: 20.6]
         [Processed Buffers: Min: 0, Avg: 12.1, Max: 18, Diff: 18, Sum: 97]
      [Scan RS (ms): Min: 5.7, Avg: 6.9, Max: 7.7, Diff: 2.0, Sum: 54.8]
      [Code Root Scanning (ms): Min: 0.0, Avg: 0.1, Max: 0.5, Diff: 0.5, Sum: 0.9]
      [Object Copy (ms): Min: 22.7, Avg: 24.1, Max: 24.5, Diff: 1.8, Sum: 193.0]
      [Termination (ms): Min: 0.0, Avg: 0.0, Max: 0.0, Diff: 0.0, Sum: 0.0]
         [Termination Attempts: Min: 1, Avg: 1.8, Max: 4, Diff: 3, Sum: 14]
      [GC Worker Other (ms): Min: 0.0, Avg: 0.0, Max: 0.1, Diff: 0.1, Sum: 0.4]
      [GC Worker Total (ms): Min: 35.4, Avg: 35.5, Max: 35.6, Diff: 0.2, Sum: 284.0]
      [GC Worker End (ms): Min: 167755913.4, Avg: 167755913.5, Max: 167755913.5, Diff: 0.1]
   [Code Root Fixup: 0.0 ms]
   [Code Root Purge: 0.0 ms]
   [Clear CT: 0.9 ms]
   [Other: 3.8 ms]
      [Choose CSet: 0.1 ms]
      [Ref Proc: 2.9 ms]
      [Ref Enq: 0.1 ms]
      [Redirty Cards: 0.3 ms]
      [Humongous Register: 0.0 ms]
      [Humongous Reclaim: 0.0 ms]
      [Free CSet: 0.3 ms]
   [Eden: 5664.0M(5664.0M)->0.0B(7088.0M) Survivors: 65536.0K->81920.0K Heap: 8980.6M(14336.0M)->3214.2M(14336.0M)]
 [Times: user=0.30 sys=0.00, real=0.04 secs] 
2022-07-23T19:49:06.767-0700: 167918.272: [GC pause (G1 Evacuation Pause) (young), 0.0259669 secs]
   [Parallel Time: 21.2 ms, GC Workers: 8]
      [GC Worker Start (ms): Min: 167918271.8, Avg: 167918271.9, Max: 167918272.0, Diff: 0.2]
      [Ext Root Scanning (ms): Min: 1.4, Avg: 2.1, Max: 5.7, Diff: 4.3, Sum: 16.8]
      [Update RS (ms): Min: 8.2, Avg: 11.1, Max: 12.0, Diff: 3.7, Sum: 89.1]
         [Processed Buffers: Min: 26, Avg: 34.8, Max: 40, Diff: 14, Sum: 278]
      [Scan RS (ms): Min: 0.0, Avg: 0.2, Max: 0.4, Diff: 0.3, Sum: 1.7]
      [Code Root Scanning (ms): Min: 0.0, Avg: 0.0, Max: 0.0, Diff: 0.0, Sum: 0.0]
      [Object Copy (ms): Min: 7.0, Avg: 7.4, Max: 7.6, Diff: 0.6, Sum: 59.4]
      [Termination (ms): Min: 0.0, Avg: 0.0, Max: 0.0, Diff: 0.0, Sum: 0.0]
         [Termination Attempts: Min: 1, Avg: 1.0, Max: 1, Diff: 0, Sum: 8]
      [GC Worker Other (ms): Min: 0.0, Avg: 0.1, Max: 0.2, Diff: 0.1, Sum: 0.5]
      [GC Worker Total (ms): Min: 20.8, Avg: 21.0, Max: 21.1, Diff: 0.3, Sum: 167.6]
      [GC Worker End (ms): Min: 167918292.8, Avg: 167918292.9, Max: 167918293.0, Diff: 0.1]
   [Code Root Fixup: 0.0 ms]
   [Code Root Purge: 0.0 ms]
   [Clear CT: 0.8 ms]
   [Other: 4.0 ms]
      [Choose CSet: 0.0 ms]
      [Ref Proc: 3.3 ms]
      [Ref Enq: 0.1 ms]
      [Redirty Cards: 0.1 ms]
      [Humongous Register: 0.0 ms]
      [Humongous Reclaim: 0.0 ms]
      [Free CSet: 0.3 ms]
   [Eden: 7088.0M(7088.0M)->0.0B(7120.0M) Survivors: 81920.0K->49152.0K Heap: 10302.2M(14336.0M)->3250.7M(14336.0M)]
 [Times: user=0.18 sys=0.00, real=0.02 secs] 
2022-07-23T19:50:50.471-0700: 168021.976: [GC pause (G1 Evacuation Pause) (young) (initial-mark), 0.0723706 secs]
   [Parallel Time: 67.6 ms, GC Workers: 8]
      [GC Worker Start (ms): Min: 168021978.5, Avg: 168021978.6, Max: 168021978.6, Diff: 0.2]
      [Ext Root Scanning (ms): Min: 5.1, Avg: 5.4, Max: 5.8, Diff: 0.8, Sum: 43.4]
      [Update RS (ms): Min: 6.8, Avg: 7.0, Max: 7.7, Diff: 0.9, Sum: 56.0]
         [Processed Buffers: Min: 17, Avg: 19.5, Max: 25, Diff: 8, Sum: 156]
      [Scan RS (ms): Min: 0.0, Avg: 0.1, Max: 0.2, Diff: 0.2, Sum: 0.6]
      [Code Root Scanning (ms): Min: 0.0, Avg: 0.0, Max: 0.1, Diff: 0.1, Sum: 0.1]
      [Object Copy (ms): Min: 51.6, Avg: 52.7, Max: 53.1, Diff: 1.5, Sum: 421.9]
      [Termination (ms): Min: 0.0, Avg: 0.0, Max: 0.0, Diff: 0.0, Sum: 0.0]
         [Termination Attempts: Min: 1, Avg: 1.0, Max: 1, Diff: 0, Sum: 8]
      [GC Worker Other (ms): Min: 0.0, Avg: 0.1, Max: 0.1, Diff: 0.1, Sum: 0.4]
      [GC Worker Total (ms): Min: 65.3, Avg: 65.3, Max: 65.4, Diff: 0.1, Sum: 522.4]
      [GC Worker End (ms): Min: 168022043.8, Avg: 168022043.9, Max: 168022043.9, Diff: 0.1]
   [Code Root Fixup: 0.0 ms]
   [Code Root Purge: 0.0 ms]
   [Clear CT: 0.7 ms]
   [Other: 4.0 ms]
      [Choose CSet: 0.0 ms]
      [Ref Proc: 3.3 ms]
      [Ref Enq: 0.1 ms]
      [Redirty Cards: 0.1 ms]
      [Humongous Register: 0.0 ms]
      [Humongous Reclaim: 0.0 ms]
      [Free CSet: 0.3 ms]
   [Eden: 7120.0M(7120.0M)->0.0B(6960.0M) Survivors: 49152.0K->208.0M Heap: 10370.7M(14336.0M)->3442.7M(14336.0M)]
 [Times: user=0.53 sys=0.00, real=0.08 secs] 
2022-07-23T19:50:50.544-0700: 168022.049: [GC concurrent-root-region-scan-start]
2022-07-23T19:50:50.598-0700: 168022.103: [GC concurrent-root-region-scan-end, 0.0543268 secs]
2022-07-23T19:50:50.598-0700: 168022.103: [GC concurrent-mark-start]
2022-07-23T19:50:52.918-0700: 168024.423: [GC concurrent-mark-end, 2.3197222 secs]
2022-07-23T19:50:52.918-0700: 168024.423: [GC remark 2022-07-23T19:50:52.918-0700: 168024.423: [Finalize Marking, 0.0003502 secs] 2022-07-23T19:50:52.919-0700: 168024.423: [GC ref-proc, 0.0068429 secs] 2022-07-23T19:50:52.926-0700: 168024.430: [Unloading, 0.0252179 secs], 0.0373843 secs]
 [Times: user=0.23 sys=0.00, real=0.04 secs] 
2022-07-23T19:50:52.956-0700: 168024.461: [GC cleanup 3650M->3650M(14336M), 0.0074694 secs]
 [Times: user=0.05 sys=0.00, real=0.01 secs] 
2022-07-23T19:52:37.415-0700: 168128.920: [GC pause (G1 Evacuation Pause) (young), 0.0620832 secs]
   [Parallel Time: 59.0 ms, GC Workers: 8]
      [GC Worker Start (ms): Min: 168128920.1, Avg: 168128920.1, Max: 168128920.2, Diff: 0.1]
      [Ext Root Scanning (ms): Min: 1.4, Avg: 2.3, Max: 5.6, Diff: 4.2, Sum: 18.5]
      [Update RS (ms): Min: 2.4, Avg: 5.1, Max: 5.9, Diff: 3.5, Sum: 41.2]
         [Processed Buffers: Min: 4, Avg: 15.2, Max: 29, Diff: 25, Sum: 122]
      [Scan RS (ms): Min: 0.0, Avg: 0.1, Max: 0.1, Diff: 0.1, Sum: 0.4]
      [Code Root Scanning (ms): Min: 0.0, Avg: 0.0, Max: 0.0, Diff: 0.0, Sum: 0.0]
      [Object Copy (ms): Min: 50.8, Avg: 51.2, Max: 51.5, Diff: 0.7, Sum: 409.9]
      [Termination (ms): Min: 0.0, Avg: 0.0, Max: 0.0, Diff: 0.0, Sum: 0.0]
         [Termination Attempts: Min: 1, Avg: 1.6, Max: 3, Diff: 2, Sum: 13]
      [GC Worker Other (ms): Min: 0.0, Avg: 0.0, Max: 0.1, Diff: 0.1, Sum: 0.4]
      [GC Worker Total (ms): Min: 58.7, Avg: 58.8, Max: 58.9, Diff: 0.2, Sum: 470.4]
      [GC Worker End (ms): Min: 168128978.9, Avg: 168128978.9, Max: 168128979.0, Diff: 0.1]
   [Code Root Fixup: 0.0 ms]
   [Code Root Purge: 0.0 ms]
   [Clear CT: 0.8 ms]
   [Other: 2.3 ms]
      [Choose CSet: 0.0 ms]
      [Ref Proc: 1.4 ms]
      [Ref Enq: 0.1 ms]
      [Redirty Cards: 0.3 ms]
      [Humongous Register: 0.1 ms]
      [Humongous Reclaim: 0.0 ms]
      [Free CSet: 0.3 ms]
   [Eden: 6960.0M(6960.0M)->0.0B(5600.0M) Survivors: 208.0M->128.0M Heap: 10402.7M(14336.0M)->3552.5M(14336.0M)]
 [Times: user=0.48 sys=0.00, real=0.06 secs] 
2022-07-23T19:54:07.064-0700: 168218.569: [GC pause (G1 Evacuation Pause) (mixed), 0.0622105 secs]
   [Parallel Time: 57.6 ms, GC Workers: 8]
      [GC Worker Start (ms): Min: 168218569.0, Avg: 168218569.1, Max: 168218569.1, Diff: 0.2]
      [Ext Root Scanning (ms): Min: 1.2, Avg: 2.2, Max: 7.0, Diff: 5.7, Sum: 17.9]
      [Update RS (ms): Min: 9.7, Avg: 14.2, Max: 16.5, Diff: 6.9, Sum: 113.3]
         [Processed Buffers: Min: 7, Avg: 36.4, Max: 55, Diff: 48, Sum: 291]
      [Scan RS (ms): Min: 14.7, Avg: 15.7, Max: 16.0, Diff: 1.3, Sum: 125.9]
      [Code Root Scanning (ms): Min: 0.0, Avg: 0.0, Max: 0.1, Diff: 0.1, Sum: 0.1]
      [Object Copy (ms): Min: 24.2, Avg: 24.8, Max: 25.0, Diff: 0.8, Sum: 198.4]
      [Termination (ms): Min: 0.0, Avg: 0.0, Max: 0.0, Diff: 0.0, Sum: 0.0]
         [Termination Attempts: Min: 1, Avg: 1.0, Max: 1, Diff: 0, Sum: 8]
      [GC Worker Other (ms): Min: 0.0, Avg: 0.1, Max: 0.2, Diff: 0.2, Sum: 0.7]
      [GC Worker Total (ms): Min: 56.9, Avg: 57.0, Max: 57.1, Diff: 0.2, Sum: 456.4]
      [GC Worker End (ms): Min: 168218626.0, Avg: 168218626.1, Max: 168218626.2, Diff: 0.2]
   [Code Root Fixup: 0.0 ms]
   [Code Root Purge: 0.0 ms]
   [Clear CT: 0.9 ms]
   [Other: 3.7 ms]
      [Choose CSet: 0.1 ms]
      [Ref Proc: 2.7 ms]
      [Ref Enq: 0.1 ms]
      [Redirty Cards: 0.3 ms]
      [Humongous Register: 0.1 ms]
      [Humongous Reclaim: 0.0 ms]
      [Free CSet: 0.3 ms]
   [Eden: 5600.0M(5600.0M)->0.0B(7072.0M) Survivors: 128.0M->98304.0K Heap: 9152.5M(14336.0M)->3364.6M(14336.0M)]
 [Times: user=0.45 sys=0.00, real=0.06 secs] 
2022-07-23T19:56:01.834-0700: 168333.339: [GC pause (G1 Evacuation Pause) (young), 0.0326300 secs]
   [Parallel Time: 28.2 ms, GC Workers: 8]
      [GC Worker Start (ms): Min: 168333339.1, Avg: 168333339.2, Max: 168333339.2, Diff: 0.2]
      [Ext Root Scanning (ms): Min: 1.1, Avg: 1.9, Max: 5.7, Diff: 4.7, Sum: 15.0]
      [Update RS (ms): Min: 18.3, Avg: 21.5, Max: 22.3, Diff: 4.0, Sum: 172.1]
         [Processed Buffers: Min: 23, Avg: 26.2, Max: 33, Diff: 10, Sum: 210]
      [Scan RS (ms): Min: 2.3, Avg: 2.5, Max: 2.7, Diff: 0.4, Sum: 20.4]
      [Code Root Scanning (ms): Min: 0.0, Avg: 0.0, Max: 0.0, Diff: 0.0, Sum: 0.0]
      [Object Copy (ms): Min: 1.7, Avg: 2.0, Max: 2.2, Diff: 0.4, Sum: 16.4]
      [Termination (ms): Min: 0.0, Avg: 0.0, Max: 0.0, Diff: 0.0, Sum: 0.0]
         [Termination Attempts: Min: 2, Avg: 3.9, Max: 7, Diff: 5, Sum: 31]
      [GC Worker Other (ms): Min: 0.0, Avg: 0.0, Max: 0.1, Diff: 0.1, Sum: 0.3]
      [GC Worker Total (ms): Min: 28.0, Avg: 28.0, Max: 28.1, Diff: 0.2, Sum: 224.2]
      [GC Worker End (ms): Min: 168333367.2, Avg: 168333367.2, Max: 168333367.2, Diff: 0.1]
   [Code Root Fixup: 0.0 ms]
   [Code Root Purge: 0.0 ms]
   [Clear CT: 0.7 ms]
   [Other: 3.7 ms]
      [Choose CSet: 0.0 ms]
      [Ref Proc: 3.0 ms]
      [Ref Enq: 0.1 ms]
      [Redirty Cards: 0.1 ms]
      [Humongous Register: 0.0 ms]
      [Humongous Reclaim: 0.0 ms]
      [Free CSet: 0.3 ms]
   [Eden: 7072.0M(7072.0M)->0.0B(7152.0M) Survivors: 98304.0K->16384.0K Heap: 10436.6M(14336.0M)->3353.8M(14336.0M)]
 [Times: user=0.23 sys=0.00, real=0.04 secs] 
2022-07-23T19:57:54.716-0700: 168446.221: [GC pause (G1 Evacuation Pause) (young) (initial-mark), 0.0167080 secs]
   [Parallel Time: 12.1 ms, GC Workers: 8]
      [GC Worker Start (ms): Min: 168446222.8, Avg: 168446222.8, Max: 168446222.9, Diff: 0.1]
      [Ext Root Scanning (ms): Min: 5.0, Avg: 5.3, Max: 5.7, Diff: 0.7, Sum: 42.7]
      [Update RS (ms): Min: 3.0, Avg: 3.2, Max: 3.3, Diff: 0.3, Sum: 25.2]
         [Processed Buffers: Min: 12, Avg: 15.9, Max: 20, Diff: 8, Sum: 127]
      [Scan RS (ms): Min: 0.0, Avg: 0.0, Max: 0.1, Diff: 0.1, Sum: 0.4]
      [Code Root Scanning (ms): Min: 0.0, Avg: 0.0, Max: 0.0, Diff: 0.0, Sum: 0.0]
      [Object Copy (ms): Min: 1.4, Avg: 1.8, Max: 2.2, Diff: 0.8, Sum: 14.4]
      [Termination (ms): Min: 0.0, Avg: 0.0, Max: 0.0, Diff: 0.0, Sum: 0.0]
         [Termination Attempts: Min: 1, Avg: 1.0, Max: 1, Diff: 0, Sum: 8]
      [GC Worker Other (ms): Min: 0.0, Avg: 0.1, Max: 0.1, Diff: 0.1, Sum: 0.4]
      [GC Worker Total (ms): Min: 10.3, Avg: 10.4, Max: 10.5, Diff: 0.2, Sum: 83.2]
      [GC Worker End (ms): Min: 168446233.2, Avg: 168446233.2, Max: 168446233.3, Diff: 0.1]
   [Code Root Fixup: 0.0 ms]
   [Code Root Purge: 0.0 ms]
   [Clear CT: 0.7 ms]
   [Other: 3.9 ms]
      [Choose CSet: 0.0 ms]
      [Ref Proc: 3.2 ms]
      [Ref Enq: 0.1 ms]
      [Redirty Cards: 0.1 ms]
      [Humongous Register: 0.0 ms]
      [Humongous Reclaim: 0.0 ms]
      [Free CSet: 0.3 ms]
   [Eden: 7152.0M(7152.0M)->0.0B(7152.0M) Survivors: 16384.0K->16384.0K Heap: 10505.8M(14336.0M)->3372.6M(14336.0M)]
 [Times: user=0.08 sys=0.00, real=0.01 secs] 
2022-07-23T19:57:54.733-0700: 168446.238: [GC concurrent-root-region-scan-start]
2022-07-23T19:57:54.742-0700: 168446.246: [GC concurrent-root-region-scan-end, 0.0084540 secs]
2022-07-23T19:57:54.742-0700: 168446.246: [GC concurrent-mark-start]
2022-07-23T19:57:57.200-0700: 168448.705: [GC concurrent-mark-end, 2.4588586 secs]
2022-07-23T19:57:57.201-0700: 168448.705: [GC remark 2022-07-23T19:57:57.201-0700: 168448.705: [Finalize Marking, 0.0003154 secs] 2022-07-23T19:57:57.201-0700: 168448.706: [GC ref-proc, 0.0083655 secs] 2022-07-23T19:57:57.209-0700: 168448.714: [Unloading, 0.0256895 secs], 0.0394451 secs]
 [Times: user=0.23 sys=0.00, real=0.04 secs] 
2022-07-23T19:57:57.240-0700: 168448.745: [GC cleanup 3564M->3564M(14336M), 0.0075040 secs]
 [Times: user=0.06 sys=0.00, real=0.01 secs] 
2022-07-23T19:59:48.719-0700: 168560.224: [GC pause (G1 Evacuation Pause) (young), 0.0116252 secs]
   [Parallel Time: 6.2 ms, GC Workers: 8]
      [GC Worker Start (ms): Min: 168560223.7, Avg: 168560223.8, Max: 168560223.8, Diff: 0.2]
      [Ext Root Scanning (ms): Min: 1.5, Avg: 2.4, Max: 5.9, Diff: 4.4, Sum: 19.0]
      [Update RS (ms): Min: 0.0, Avg: 1.4, Max: 2.0, Diff: 2.0, Sum: 11.6]
         [Processed Buffers: Min: 0, Avg: 6.6, Max: 16, Diff: 16, Sum: 53]
      [Scan RS (ms): Min: 0.0, Avg: 0.1, Max: 0.1, Diff: 0.1, Sum: 0.4]
      [Code Root Scanning (ms): Min: 0.0, Avg: 0.0, Max: 0.0, Diff: 0.0, Sum: 0.0]
      [Object Copy (ms): Min: 0.0, Avg: 1.8, Max: 2.3, Diff: 2.3, Sum: 14.5]
      [Termination (ms): Min: 0.0, Avg: 0.2, Max: 0.2, Diff: 0.2, Sum: 1.7]
         [Termination Attempts: Min: 1, Avg: 1.1, Max: 2, Diff: 1, Sum: 9]
      [GC Worker Other (ms): Min: 0.0, Avg: 0.0, Max: 0.0, Diff: 0.0, Sum: 0.2]
      [GC Worker Total (ms): Min: 5.8, Avg: 5.9, Max: 6.0, Diff: 0.2, Sum: 47.4]
      [GC Worker End (ms): Min: 168560229.7, Avg: 168560229.7, Max: 168560229.7, Diff: 0.1]
   [Code Root Fixup: 0.0 ms]
   [Code Root Purge: 0.0 ms]
   [Clear CT: 0.7 ms]
   [Other: 4.7 ms]
      [Choose CSet: 0.0 ms]
      [Ref Proc: 4.0 ms]
      [Ref Enq: 0.1 ms]
      [Redirty Cards: 0.1 ms]
      [Humongous Register: 0.1 ms]
      [Humongous Reclaim: 0.0 ms]
      [Free CSet: 0.2 ms]
   [Eden: 7152.0M(7152.0M)->0.0B(5712.0M) Survivors: 16384.0K->16384.0K Heap: 10524.6M(14336.0M)->3374.2M(14336.0M)]
 [Times: user=0.05 sys=0.01, real=0.01 secs] 
2022-07-23T20:01:20.324-0700: 168651.829: [GC pause (G1 Evacuation Pause) (mixed), 0.0328449 secs]
   [Parallel Time: 27.9 ms, GC Workers: 8]
      [GC Worker Start (ms): Min: 168651828.9, Avg: 168651829.0, Max: 168651829.0, Diff: 0.2]
      [Ext Root Scanning (ms): Min: 1.2, Avg: 2.1, Max: 6.6, Diff: 5.4, Sum: 16.8]
      [Update RS (ms): Min: 0.0, Avg: 1.6, Max: 2.1, Diff: 2.1, Sum: 12.8]
         [Processed Buffers: Min: 0, Avg: 6.8, Max: 12, Diff: 12, Sum: 54]
      [Scan RS (ms): Min: 5.8, Avg: 8.1, Max: 8.6, Diff: 2.8, Sum: 65.2]
      [Code Root Scanning (ms): Min: 0.0, Avg: 0.1, Max: 0.9, Diff: 0.9, Sum: 1.1]
      [Object Copy (ms): Min: 14.8, Avg: 15.4, Max: 15.7, Diff: 0.8, Sum: 123.5]
      [Termination (ms): Min: 0.0, Avg: 0.0, Max: 0.0, Diff: 0.0, Sum: 0.0]
         [Termination Attempts: Min: 1, Avg: 1.0, Max: 1, Diff: 0, Sum: 8]
      [GC Worker Other (ms): Min: 0.0, Avg: 0.1, Max: 0.2, Diff: 0.2, Sum: 0.6]
      [GC Worker Total (ms): Min: 27.4, Avg: 27.5, Max: 27.6, Diff: 0.2, Sum: 220.0]
      [GC Worker End (ms): Min: 168651856.4, Avg: 168651856.5, Max: 168651856.6, Diff: 0.2]
   [Code Root Fixup: 0.0 ms]
   [Code Root Purge: 0.0 ms]
   [Clear CT: 1.0 ms]
   [Other: 3.8 ms]
      [Choose CSet: 0.1 ms]
      [Ref Proc: 2.9 ms]
      [Ref Enq: 0.1 ms]
      [Redirty Cards: 0.2 ms]
      [Humongous Register: 0.0 ms]
      [Humongous Reclaim: 0.0 ms]
      [Free CSet: 0.3 ms]
   [Eden: 5712.0M(5712.0M)->0.0B(7152.0M) Survivors: 16384.0K->16384.0K Heap: 9086.2M(14336.0M)->3157.4M(14336.0M)]
 [Times: user=0.24 sys=0.00, real=0.03 secs] 
2022-07-23T20:03:16.265-0700: 168767.770: [GC pause (G1 Evacuation Pause) (young), 0.0211565 secs]
   [Parallel Time: 16.2 ms, GC Workers: 8]
      [GC Worker Start (ms): Min: 168767770.1, Avg: 168767770.2, Max: 168767770.3, Diff: 0.1]
      [Ext Root Scanning (ms): Min: 1.3, Avg: 2.0, Max: 5.2, Diff: 3.9, Sum: 16.2]
      [Update RS (ms): Min: 5.8, Avg: 8.7, Max: 9.4, Diff: 3.6, Sum: 69.3]
         [Processed Buffers: Min: 14, Avg: 23.5, Max: 31, Diff: 17, Sum: 188]
      [Scan RS (ms): Min: 0.0, Avg: 0.2, Max: 0.3, Diff: 0.3, Sum: 1.3]
      [Code Root Scanning (ms): Min: 0.0, Avg: 0.0, Max: 0.0, Diff: 0.0, Sum: 0.0]
      [Object Copy (ms): Min: 2.0, Avg: 3.7, Max: 5.3, Diff: 3.3, Sum: 29.7]
      [Termination (ms): Min: 0.0, Avg: 1.5, Max: 2.9, Diff: 2.9, Sum: 11.7]
         [Termination Attempts: Min: 1, Avg: 1.0, Max: 1, Diff: 0, Sum: 8]
      [GC Worker Other (ms): Min: 0.0, Avg: 0.0, Max: 0.0, Diff: 0.0, Sum: 0.1]
      [GC Worker Total (ms): Min: 16.0, Avg: 16.0, Max: 16.1, Diff: 0.1, Sum: 128.3]
      [GC Worker End (ms): Min: 168767786.2, Avg: 168767786.2, Max: 168767786.3, Diff: 0.0]
   [Code Root Fixup: 0.0 ms]
   [Code Root Purge: 0.0 ms]
   [Clear CT: 0.7 ms]
   [Other: 4.2 ms]
      [Choose CSet: 0.0 ms]
      [Ref Proc: 3.6 ms]
      [Ref Enq: 0.1 ms]
      [Redirty Cards: 0.1 ms]
      [Humongous Register: 0.0 ms]
      [Humongous Reclaim: 0.0 ms]
      [Free CSet: 0.3 ms]
   [Eden: 7152.0M(7152.0M)->0.0B(7152.0M) Survivors: 16384.0K->16384.0K Heap: 10309.4M(14336.0M)->3191.7M(14336.0M)]
 [Times: user=0.12 sys=0.00, real=0.02 secs] 
2022-07-23T20:05:02.973-0700: 168874.478: [GC pause (G1 Evacuation Pause) (young) (initial-mark), 0.0264626 secs]
   [Parallel Time: 21.5 ms, GC Workers: 8]
      [GC Worker Start (ms): Min: 168874479.9, Avg: 168874480.0, Max: 168874480.1, Diff: 0.2]
      [Ext Root Scanning (ms): Min: 5.0, Avg: 5.4, Max: 5.7, Diff: 0.7, Sum: 43.1]
      [Update RS (ms): Min: 3.1, Avg: 3.2, Max: 3.4, Diff: 0.3, Sum: 25.6]
         [Processed Buffers: Min: 7, Avg: 10.1, Max: 15, Diff: 8, Sum: 81]
      [Scan RS (ms): Min: 0.0, Avg: 0.1, Max: 0.1, Diff: 0.1, Sum: 0.4]
      [Code Root Scanning (ms): Min: 0.0, Avg: 0.0, Max: 0.0, Diff: 0.0, Sum: 0.1]
      [Object Copy (ms): Min: 10.2, Avg: 10.5, Max: 10.8, Diff: 0.6, Sum: 83.8]
      [Termination (ms): Min: 0.0, Avg: 0.0, Max: 0.0, Diff: 0.0, Sum: 0.0]
         [Termination Attempts: Min: 1, Avg: 1.0, Max: 1, Diff: 0, Sum: 8]
      [GC Worker Other (ms): Min: 0.0, Avg: 0.1, Max: 0.1, Diff: 0.1, Sum: 0.4]
      [GC Worker Total (ms): Min: 19.1, Avg: 19.2, Max: 19.3, Diff: 0.2, Sum: 153.4]
      [GC Worker End (ms): Min: 168874499.1, Avg: 168874499.2, Max: 168874499.2, Diff: 0.1]
   [Code Root Fixup: 0.0 ms]
   [Code Root Purge: 0.0 ms]
   [Clear CT: 0.7 ms]
   [Other: 4.3 ms]
      [Choose CSet: 0.0 ms]
      [Ref Proc: 3.5 ms]
      [Ref Enq: 0.1 ms]
      [Redirty Cards: 0.1 ms]
      [Humongous Register: 0.1 ms]
      [Humongous Reclaim: 0.0 ms]
      [Free CSet: 0.3 ms]
   [Eden: 7152.0M(7152.0M)->0.0B(7120.0M) Survivors: 16384.0K->49152.0K Heap: 10343.7M(14336.0M)->3230.8M(14336.0M)]
 [Times: user=0.16 sys=0.00, real=0.03 secs] 
2022-07-23T20:05:02.999-0700: 168874.504: [GC concurrent-root-region-scan-start]
2022-07-23T20:05:03.015-0700: 168874.520: [GC concurrent-root-region-scan-end, 0.0154908 secs]
2022-07-23T20:05:03.015-0700: 168874.520: [GC concurrent-mark-start]
2022-07-23T20:05:05.485-0700: 168876.990: [GC concurrent-mark-end, 2.4699178 secs]
2022-07-23T20:05:05.485-0700: 168876.990: [GC remark 2022-07-23T20:05:05.485-0700: 168876.990: [Finalize Marking, 0.0002325 secs] 2022-07-23T20:05:05.486-0700: 168876.990: [GC ref-proc, 0.0099542 secs] 2022-07-23T20:05:05.496-0700: 168877.000: [Unloading, 0.0254154 secs], 0.0406232 secs]
 [Times: user=0.24 sys=0.00, real=0.04 secs] 
2022-07-23T20:05:05.526-0700: 168877.031: [GC cleanup 3454M->3454M(14336M), 0.0068388 secs]
 [Times: user=0.05 sys=0.00, real=0.00 secs] 
2022-07-23T20:06:24.918-0700: 168956.423: [GC pause (G1 Evacuation Pause) (young), 0.0690390 secs]
   [Parallel Time: 66.2 ms, GC Workers: 8]
      [GC Worker Start (ms): Min: 168956423.2, Avg: 168956423.3, Max: 168956423.3, Diff: 0.1]
      [Ext Root Scanning (ms): Min: 0.9, Avg: 1.5, Max: 5.0, Diff: 4.1, Sum: 12.4]
      [Update RS (ms): Min: 3.5, Avg: 6.8, Max: 7.6, Diff: 4.1, Sum: 54.2]
         [Processed Buffers: Min: 9, Avg: 19.0, Max: 22, Diff: 13, Sum: 152]
      [Scan RS (ms): Min: 0.0, Avg: 0.1, Max: 0.1, Diff: 0.1, Sum: 0.4]
      [Code Root Scanning (ms): Min: 0.0, Avg: 0.0, Max: 0.1, Diff: 0.1, Sum: 0.1]
      [Object Copy (ms): Min: 57.6, Avg: 57.7, Max: 57.8, Diff: 0.3, Sum: 461.6]
      [Termination (ms): Min: 0.0, Avg: 0.0, Max: 0.0, Diff: 0.0, Sum: 0.0]
         [Termination Attempts: Min: 1, Avg: 5.4, Max: 8, Diff: 7, Sum: 43]
      [GC Worker Other (ms): Min: 0.0, Avg: 0.0, Max: 0.1, Diff: 0.1, Sum: 0.4]
      [GC Worker Total (ms): Min: 66.1, Avg: 66.1, Max: 66.2, Diff: 0.1, Sum: 529.1]
      [GC Worker End (ms): Min: 168956489.4, Avg: 168956489.4, Max: 168956489.4, Diff: 0.1]
   [Code Root Fixup: 0.0 ms]
   [Code Root Purge: 0.0 ms]
   [Clear CT: 0.7 ms]
   [Other: 2.0 ms]
      [Choose CSet: 0.0 ms]
      [Ref Proc: 1.4 ms]
      [Ref Enq: 0.1 ms]
      [Redirty Cards: 0.1 ms]
      [Humongous Register: 0.0 ms]
      [Humongous Reclaim: 0.0 ms]
      [Free CSet: 0.3 ms]
   [Eden: 7120.0M(7120.0M)->0.0B(5504.0M) Survivors: 49152.0K->224.0M Heap: 10350.8M(14336.0M)->3456.9M(14336.0M)]
 [Times: user=0.54 sys=0.00, real=0.07 secs] 
2022-07-23T20:07:09.134-0700: 169000.639: [GC pause (GCLocker Initiated GC) (mixed), 0.1208110 secs]
   [Parallel Time: 117.3 ms, GC Workers: 8]
      [GC Worker Start (ms): Min: 169000639.1, Avg: 169000639.1, Max: 169000639.2, Diff: 0.1]
      [Ext Root Scanning (ms): Min: 0.9, Avg: 1.7, Max: 5.9, Diff: 5.1, Sum: 13.3]
      [Update RS (ms): Min: 4.6, Avg: 8.8, Max: 9.7, Diff: 5.1, Sum: 70.0]
         [Processed Buffers: Min: 21, Avg: 24.1, Max: 32, Diff: 11, Sum: 193]
      [Scan RS (ms): Min: 6.4, Avg: 6.7, Max: 6.8, Diff: 0.5, Sum: 53.5]
      [Code Root Scanning (ms): Min: 0.0, Avg: 0.0, Max: 0.0, Diff: 0.0, Sum: 0.1]
      [Object Copy (ms): Min: 99.8, Avg: 100.0, Max: 100.1, Diff: 0.3, Sum: 799.9]
      [Termination (ms): Min: 0.0, Avg: 0.0, Max: 0.0, Diff: 0.0, Sum: 0.1]
         [Termination Attempts: Min: 18, Avg: 27.8, Max: 37, Diff: 19, Sum: 222]
      [GC Worker Other (ms): Min: 0.0, Avg: 0.0, Max: 0.1, Diff: 0.1, Sum: 0.3]
      [GC Worker Total (ms): Min: 117.1, Avg: 117.1, Max: 117.2, Diff: 0.1, Sum: 937.1]
      [GC Worker End (ms): Min: 169000756.3, Avg: 169000756.3, Max: 169000756.3, Diff: 0.1]
   [Code Root Fixup: 0.0 ms]
   [Code Root Purge: 0.0 ms]
   [Clear CT: 0.9 ms]
   [Other: 2.6 ms]
      [Choose CSet: 0.0 ms]
      [Ref Proc: 1.6 ms]
      [Ref Enq: 0.1 ms]
      [Redirty Cards: 0.3 ms]
      [Humongous Register: 0.0 ms]
      [Humongous Reclaim: 0.0 ms]
      [Free CSet: 0.3 ms]
   [Eden: 5520.0M(5504.0M)->0.0B(6976.0M) Survivors: 224.0M->192.0M Heap: 8961.7M(14336.0M)->3611.5M(14336.0M)]
 [Times: user=0.95 sys=0.00, real=0.13 secs] 
2022-07-23T20:07:43.784-0700: 169035.289: [GC pause (G1 Evacuation Pause) (young), 0.1234856 secs]
   [Parallel Time: 118.6 ms, GC Workers: 8]
      [GC Worker Start (ms): Min: 169035289.3, Avg: 169035289.4, Max: 169035289.4, Diff: 0.1]
      [Ext Root Scanning (ms): Min: 0.8, Avg: 1.6, Max: 5.6, Diff: 4.7, Sum: 12.7]
      [Update RS (ms): Min: 4.8, Avg: 9.9, Max: 17.5, Diff: 12.7, Sum: 79.6]
         [Processed Buffers: Min: 2, Avg: 36.2, Max: 64, Diff: 62, Sum: 290]
      [Scan RS (ms): Min: 1.7, Avg: 8.7, Max: 10.4, Diff: 8.7, Sum: 69.9]
      [Code Root Scanning (ms): Min: 0.0, Avg: 0.0, Max: 0.0, Diff: 0.0, Sum: 0.0]
      [Object Copy (ms): Min: 97.4, Avg: 97.9, Max: 98.2, Diff: 0.8, Sum: 783.1]
      [Termination (ms): Min: 0.0, Avg: 0.1, Max: 0.1, Diff: 0.1, Sum: 0.9]
         [Termination Attempts: Min: 1, Avg: 8.8, Max: 19, Diff: 18, Sum: 70]
      [GC Worker Other (ms): Min: 0.0, Avg: 0.0, Max: 0.0, Diff: 0.0, Sum: 0.1]
      [GC Worker Total (ms): Min: 118.2, Avg: 118.3, Max: 118.4, Diff: 0.2, Sum: 946.4]
      [GC Worker End (ms): Min: 169035407.7, Avg: 169035407.7, Max: 169035407.7, Diff: 0.0]
   [Code Root Fixup: 0.0 ms]
   [Code Root Purge: 0.0 ms]
   [Clear CT: 0.9 ms]
   [Other: 3.9 ms]
      [Choose CSet: 0.0 ms]
      [Ref Proc: 2.8 ms]
      [Ref Enq: 0.1 ms]
      [Redirty Cards: 0.3 ms]
      [Humongous Register: 0.0 ms]
      [Humongous Reclaim: 0.0 ms]
      [Free CSet: 0.4 ms]
   [Eden: 6976.0M(6976.0M)->0.0B(6944.0M) Survivors: 192.0M->224.0M Heap: 10587.5M(14336.0M)->3880.0M(14336.0M)]
 [Times: user=0.93 sys=0.00, real=0.12 secs] 
2022-07-23T20:08:16.326-0700: 169067.831: [GC pause (G1 Evacuation Pause) (young) (initial-mark), 0.1366637 secs]
   [Parallel Time: 132.6 ms, GC Workers: 8]
      [GC Worker Start (ms): Min: 169067832.7, Avg: 169067833.8, Max: 169067835.5, Diff: 2.8]
      [Ext Root Scanning (ms): Min: 3.1, Avg: 5.0, Max: 6.1, Diff: 3.0, Sum: 39.8]
      [Update RS (ms): Min: 20.1, Avg: 22.9, Max: 23.8, Diff: 3.7, Sum: 183.2]
         [Processed Buffers: Min: 23, Avg: 37.9, Max: 45, Diff: 22, Sum: 303]
      [Scan RS (ms): Min: 14.3, Avg: 14.7, Max: 15.0, Diff: 0.7, Sum: 117.4]
      [Code Root Scanning (ms): Min: 0.0, Avg: 0.0, Max: 0.0, Diff: 0.0, Sum: 0.1]
      [Object Copy (ms): Min: 86.7, Avg: 86.9, Max: 87.3, Diff: 0.6, Sum: 695.5]
      [Termination (ms): Min: 0.0, Avg: 0.0, Max: 0.0, Diff: 0.0, Sum: 0.0]
         [Termination Attempts: Min: 1, Avg: 34.2, Max: 44, Diff: 43, Sum: 274]
      [GC Worker Other (ms): Min: 0.0, Avg: 0.1, Max: 0.2, Diff: 0.1, Sum: 0.7]
      [GC Worker Total (ms): Min: 127.8, Avg: 129.6, Max: 130.8, Diff: 2.9, Sum: 1036.8]
      [GC Worker End (ms): Min: 169067963.3, Avg: 169067963.4, Max: 169067963.4, Diff: 0.1]
   [Code Root Fixup: 0.0 ms]
   [Code Root Purge: 0.0 ms]
   [Clear CT: 0.9 ms]
   [Other: 3.2 ms]
      [Choose CSet: 0.0 ms]
      [Ref Proc: 2.2 ms]
      [Ref Enq: 0.1 ms]
      [Redirty Cards: 0.3 ms]
      [Humongous Register: 0.0 ms]
      [Humongous Reclaim: 0.0 ms]
      [Free CSet: 0.3 ms]
   [Eden: 6944.0M(6944.0M)->0.0B(6944.0M) Survivors: 224.0M->224.0M Heap: 10824.0M(14336.0M)->4072.0M(14336.0M)]
 [Times: user=1.03 sys=0.00, real=0.14 secs] 
2022-07-23T20:08:16.463-0700: 169067.967: [GC concurrent-root-region-scan-start]
2022-07-23T20:08:16.553-0700: 169068.058: [GC concurrent-root-region-scan-end, 0.0903796 secs]
2022-07-23T20:08:16.553-0700: 169068.058: [GC concurrent-mark-start]
2022-07-23T20:08:19.211-0700: 169070.716: [GC concurrent-mark-end, 2.6578953 secs]
2022-07-23T20:08:19.211-0700: 169070.716: [GC remark 2022-07-23T20:08:19.211-0700: 169070.716: [Finalize Marking, 0.0002365 secs] 2022-07-23T20:08:19.212-0700: 169070.716: [GC ref-proc, 0.0071329 secs] 2022-07-23T20:08:19.219-0700: 169070.723: [Unloading, 0.0257770 secs], 0.0381945 secs]
 [Times: user=0.24 sys=0.00, real=0.04 secs] 
2022-07-23T20:08:19.250-0700: 169070.754: [GC cleanup 4840M->4744M(14336M), 0.0080142 secs]
 [Times: user=0.06 sys=0.00, real=0.01 secs] 
2022-07-23T20:08:19.258-0700: 169070.763: [GC concurrent-cleanup-start]
2022-07-23T20:08:19.258-0700: 169070.763: [GC concurrent-cleanup-end, 0.0000295 secs]
2022-07-23T20:08:54.497-0700: 169106.002: [GC pause (GCLocker Initiated GC) (young), 0.2017710 secs]
   [Parallel Time: 198.0 ms, GC Workers: 8]
      [GC Worker Start (ms): Min: 169106002.4, Avg: 169106002.5, Max: 169106002.5, Diff: 0.2]
      [Ext Root Scanning (ms): Min: 0.8, Avg: 1.5, Max: 5.2, Diff: 4.3, Sum: 12.2]
      [Update RS (ms): Min: 50.2, Avg: 54.9, Max: 59.9, Diff: 9.7, Sum: 439.0]
         [Processed Buffers: Min: 12, Avg: 33.1, Max: 44, Diff: 32, Sum: 265]
      [Scan RS (ms): Min: 0.1, Avg: 2.0, Max: 2.8, Diff: 2.7, Sum: 16.2]
      [Code Root Scanning (ms): Min: 0.0, Avg: 0.0, Max: 0.1, Diff: 0.1, Sum: 0.1]
      [Object Copy (ms): Min: 136.7, Avg: 139.2, Max: 139.8, Diff: 3.0, Sum: 1113.3]
      [Termination (ms): Min: 0.0, Avg: 0.0, Max: 0.0, Diff: 0.0, Sum: 0.0]
         [Termination Attempts: Min: 1, Avg: 1.0, Max: 1, Diff: 0, Sum: 8]
      [GC Worker Other (ms): Min: 0.0, Avg: 0.0, Max: 0.1, Diff: 0.1, Sum: 0.4]
      [GC Worker Total (ms): Min: 197.6, Avg: 197.7, Max: 197.7, Diff: 0.2, Sum: 1581.2]
      [GC Worker End (ms): Min: 169106200.1, Avg: 169106200.1, Max: 169106200.2, Diff: 0.1]
   [Code Root Fixup: 0.0 ms]
   [Code Root Purge: 0.0 ms]
   [Clear CT: 0.9 ms]
   [Other: 2.9 ms]
      [Choose CSet: 0.0 ms]
      [Ref Proc: 1.9 ms]
      [Ref Enq: 0.1 ms]
      [Redirty Cards: 0.4 ms]
      [Humongous Register: 0.0 ms]
      [Humongous Reclaim: 0.0 ms]
      [Free CSet: 0.3 ms]
   [Eden: 6960.0M(6944.0M)->0.0B(5504.0M) Survivors: 224.0M->224.0M Heap: 10920.0M(14336.0M)->4367.3M(14336.0M)]
 [Times: user=1.59 sys=0.00, real=0.20 secs] 
2022-07-23T20:09:15.919-0700: 169127.424: [GC pause (G1 Evacuation Pause) (mixed), 0.1846959 secs]
   [Parallel Time: 179.6 ms, GC Workers: 8]
      [GC Worker Start (ms): Min: 169127424.2, Avg: 169127424.2, Max: 169127424.2, Diff: 0.1]
      [Ext Root Scanning (ms): Min: 0.2, Avg: 1.6, Max: 6.2, Diff: 6.0, Sum: 12.9]
      [Update RS (ms): Min: 11.9, Avg: 16.5, Max: 18.1, Diff: 6.2, Sum: 131.8]
         [Processed Buffers: Min: 23, Avg: 31.5, Max: 38, Diff: 15, Sum: 252]
      [Scan RS (ms): Min: 25.3, Avg: 25.8, Max: 27.5, Diff: 2.2, Sum: 206.2]
      [Code Root Scanning (ms): Min: 0.0, Avg: 0.2, Max: 0.8, Diff: 0.8, Sum: 1.7]
      [Object Copy (ms): Min: 131.9, Avg: 135.2, Max: 141.6, Diff: 9.6, Sum: 1081.9]
      [Termination (ms): Min: 0.0, Avg: 0.0, Max: 0.0, Diff: 0.0, Sum: 0.0]
         [Termination Attempts: Min: 1, Avg: 18.4, Max: 27, Diff: 26, Sum: 147]
      [GC Worker Other (ms): Min: 0.0, Avg: 0.1, Max: 0.1, Diff: 0.1, Sum: 0.4]
      [GC Worker Total (ms): Min: 179.3, Avg: 179.4, Max: 179.4, Diff: 0.1, Sum: 1434.8]
      [GC Worker End (ms): Min: 169127603.5, Avg: 169127603.5, Max: 169127603.6, Diff: 0.1]
   [Code Root Fixup: 0.0 ms]
   [Code Root Purge: 0.0 ms]
   [Clear CT: 1.0 ms]
   [Other: 4.0 ms]
      [Choose CSet: 0.1 ms]
      [Ref Proc: 2.5 ms]
      [Ref Enq: 0.1 ms]
      [Redirty Cards: 0.6 ms]
      [Humongous Register: 0.0 ms]
      [Humongous Reclaim: 0.0 ms]
      [Free CSet: 0.5 ms]
   [Eden: 5504.0M(5504.0M)->0.0B(5536.0M) Survivors: 224.0M->192.0M Heap: 9871.3M(14336.0M)->4096.0M(14336.0M)]
 [Times: user=1.44 sys=0.00, real=0.19 secs] 
2022-07-23T20:09:31.192-0700: 169142.697: [GC pause (GCLocker Initiated GC) (mixed), 0.1011555 secs]
   [Parallel Time: 96.8 ms, GC Workers: 8]
      [GC Worker Start (ms): Min: 169142696.9, Avg: 169142697.0, Max: 169142697.0, Diff: 0.2]
      [Ext Root Scanning (ms): Min: 0.8, Avg: 1.6, Max: 5.8, Diff: 5.0, Sum: 12.8]
      [Update RS (ms): Min: 17.4, Avg: 21.4, Max: 22.4, Diff: 4.9, Sum: 171.5]
         [Processed Buffers: Min: 16, Avg: 25.9, Max: 34, Diff: 18, Sum: 207]
      [Scan RS (ms): Min: 13.1, Avg: 13.4, Max: 13.6, Diff: 0.4, Sum: 107.0]
      [Code Root Scanning (ms): Min: 0.0, Avg: 0.0, Max: 0.0, Diff: 0.0, Sum: 0.1]
      [Object Copy (ms): Min: 59.6, Avg: 59.8, Max: 59.9, Diff: 0.3, Sum: 478.5]
      [Termination (ms): Min: 0.0, Avg: 0.0, Max: 0.0, Diff: 0.0, Sum: 0.1]
         [Termination Attempts: Min: 1, Avg: 44.8, Max: 58, Diff: 57, Sum: 358]
      [GC Worker Other (ms): Min: 0.0, Avg: 0.1, Max: 0.1, Diff: 0.1, Sum: 0.6]
      [GC Worker Total (ms): Min: 96.3, Avg: 96.3, Max: 96.4, Diff: 0.1, Sum: 770.6]
      [GC Worker End (ms): Min: 169142793.2, Avg: 169142793.3, Max: 169142793.4, Diff: 0.1]
   [Code Root Fixup: 0.0 ms]
   [Code Root Purge: 0.0 ms]
   [Clear CT: 0.7 ms]
   [Other: 3.6 ms]
      [Choose CSet: 0.0 ms]
      [Ref Proc: 2.8 ms]
      [Ref Enq: 0.1 ms]
      [Redirty Cards: 0.3 ms]
      [Humongous Register: 0.0 ms]
      [Humongous Reclaim: 0.0 ms]
      [Free CSet: 0.3 ms]
   [Eden: 5536.0M(5536.0M)->0.0B(6976.0M) Survivors: 192.0M->192.0M Heap: 9632.0M(14336.0M)->4240.0M(14336.0M)]
 [Times: user=0.74 sys=0.00, real=0.10 secs] 
2022-07-23T20:09:53.809-0700: 169165.314: [GC pause (G1 Evacuation Pause) (young), 0.0589673 secs]
   [Parallel Time: 55.8 ms, GC Workers: 8]
      [GC Worker Start (ms): Min: 169165314.2, Avg: 169165314.2, Max: 169165314.3, Diff: 0.1]
      [Ext Root Scanning (ms): Min: 0.8, Avg: 1.6, Max: 5.5, Diff: 4.6, Sum: 12.6]
      [Update RS (ms): Min: 5.5, Avg: 9.7, Max: 13.4, Diff: 7.9, Sum: 77.7]
         [Processed Buffers: Min: 9, Avg: 26.4, Max: 39, Diff: 30, Sum: 211]
      [Scan RS (ms): Min: 0.1, Avg: 0.9, Max: 1.1, Diff: 1.1, Sum: 7.3]
      [Code Root Scanning (ms): Min: 0.0, Avg: 0.0, Max: 0.0, Diff: 0.0, Sum: 0.1]
      [Object Copy (ms): Min: 41.3, Avg: 43.4, Max: 43.9, Diff: 2.6, Sum: 347.5]
      [Termination (ms): Min: 0.0, Avg: 0.0, Max: 0.0, Diff: 0.0, Sum: 0.0]
         [Termination Attempts: Min: 1, Avg: 1.0, Max: 1, Diff: 0, Sum: 8]
      [GC Worker Other (ms): Min: 0.0, Avg: 0.1, Max: 0.1, Diff: 0.1, Sum: 0.5]
      [GC Worker Total (ms): Min: 55.6, Avg: 55.7, Max: 55.8, Diff: 0.2, Sum: 445.7]
      [GC Worker End (ms): Min: 169165369.9, Avg: 169165369.9, Max: 169165370.0, Diff: 0.1]
   [Code Root Fixup: 0.0 ms]
   [Code Root Purge: 0.0 ms]
   [Clear CT: 0.9 ms]
   [Other: 2.3 ms]
      [Choose CSet: 0.0 ms]
      [Ref Proc: 1.5 ms]
      [Ref Enq: 0.1 ms]
      [Redirty Cards: 0.2 ms]
      [Humongous Register: 0.0 ms]
      [Humongous Reclaim: 0.0 ms]
      [Free CSet: 0.3 ms]
   [Eden: 6976.0M(6976.0M)->0.0B(6944.0M) Survivors: 192.0M->224.0M Heap: 11216.0M(14336.0M)->4368.0M(14336.0M)]
 [Times: user=0.45 sys=0.00, real=0.06 secs] 
2022-07-23T20:10:18.018-0700: 169189.522: [GC pause (G1 Evacuation Pause) (young) (initial-mark), 0.0612821 secs]
   [Parallel Time: 55.4 ms, GC Workers: 8]
      [GC Worker Start (ms): Min: 169189524.4, Avg: 169189524.4, Max: 169189524.5, Diff: 0.1]
      [Ext Root Scanning (ms): Min: 5.2, Avg: 5.4, Max: 5.6, Diff: 0.4, Sum: 42.9]
      [Update RS (ms): Min: 10.8, Avg: 10.9, Max: 11.0, Diff: 0.2, Sum: 87.4]
         [Processed Buffers: Min: 20, Avg: 24.1, Max: 32, Diff: 12, Sum: 193]
      [Scan RS (ms): Min: 4.3, Avg: 4.5, Max: 4.5, Diff: 0.2, Sum: 35.6]
      [Code Root Scanning (ms): Min: 0.0, Avg: 0.0, Max: 0.2, Diff: 0.2, Sum: 0.2]
      [Object Copy (ms): Min: 31.9, Avg: 32.2, Max: 32.3, Diff: 0.4, Sum: 257.3]
      [Termination (ms): Min: 0.0, Avg: 0.0, Max: 0.0, Diff: 0.0, Sum: 0.0]
         [Termination Attempts: Min: 1, Avg: 1.0, Max: 1, Diff: 0, Sum: 8]
      [GC Worker Other (ms): Min: 0.0, Avg: 0.1, Max: 0.1, Diff: 0.1, Sum: 0.5]
      [GC Worker Total (ms): Min: 52.9, Avg: 53.0, Max: 53.1, Diff: 0.2, Sum: 423.9]
      [GC Worker End (ms): Min: 169189577.4, Avg: 169189577.4, Max: 169189577.5, Diff: 0.1]
   [Code Root Fixup: 0.0 ms]
   [Code Root Purge: 0.0 ms]
   [Clear CT: 0.8 ms]
   [Other: 5.0 ms]
      [Choose CSet: 0.0 ms]
      [Ref Proc: 4.1 ms]
      [Ref Enq: 0.1 ms]
      [Redirty Cards: 0.2 ms]
      [Humongous Register: 0.0 ms]
      [Humongous Reclaim: 0.0 ms]
      [Free CSet: 0.3 ms]
   [Eden: 6944.0M(6944.0M)->0.0B(6960.0M) Survivors: 224.0M->208.0M Heap: 11312.0M(14336.0M)->4424.0M(14336.0M)]
 [Times: user=0.43 sys=0.00, real=0.06 secs] 
2022-07-23T20:10:18.079-0700: 169189.584: [GC concurrent-root-region-scan-start]
2022-07-23T20:10:18.116-0700: 169189.620: [GC concurrent-root-region-scan-end, 0.0367820 secs]
2022-07-23T20:10:18.116-0700: 169189.620: [GC concurrent-mark-start]
2022-07-23T20:10:20.983-0700: 169192.487: [GC concurrent-mark-end, 2.8669158 secs]
2022-07-23T20:10:20.983-0700: 169192.488: [GC remark 2022-07-23T20:10:20.983-0700: 169192.488: [Finalize Marking, 0.0001884 secs] 2022-07-23T20:10:20.983-0700: 169192.488: [GC ref-proc, 0.0059053 secs] 2022-07-23T20:10:20.989-0700: 169192.494: [Unloading, 0.0255643 secs], 0.0368780 secs]
 [Times: user=0.24 sys=0.00, real=0.03 secs] 
2022-07-23T20:10:21.020-0700: 169192.525: [GC cleanup 5168M->4784M(14336M), 0.0084060 secs]
 [Times: user=0.06 sys=0.00, real=0.01 secs] 
2022-07-23T20:10:21.029-0700: 169192.533: [GC concurrent-cleanup-start]
2022-07-23T20:10:21.029-0700: 169192.533: [GC concurrent-cleanup-end, 0.0001261 secs]
2022-07-23T20:10:45.266-0700: 169216.771: [GC pause (G1 Evacuation Pause) (young), 0.0692668 secs]
   [Parallel Time: 65.4 ms, GC Workers: 8]
      [GC Worker Start (ms): Min: 169216770.8, Avg: 169216770.8, Max: 169216770.9, Diff: 0.1]
      [Ext Root Scanning (ms): Min: 0.9, Avg: 1.5, Max: 4.6, Diff: 3.8, Sum: 11.8]
      [Update RS (ms): Min: 17.4, Avg: 20.5, Max: 21.2, Diff: 3.8, Sum: 164.4]
         [Processed Buffers: Min: 14, Avg: 20.2, Max: 24, Diff: 10, Sum: 162]
      [Scan RS (ms): Min: 1.1, Avg: 1.2, Max: 1.4, Diff: 0.3, Sum: 9.7]
      [Code Root Scanning (ms): Min: 0.0, Avg: 0.0, Max: 0.1, Diff: 0.1, Sum: 0.2]
      [Object Copy (ms): Min: 41.8, Avg: 42.0, Max: 42.1, Diff: 0.2, Sum: 335.9]
      [Termination (ms): Min: 0.0, Avg: 0.0, Max: 0.0, Diff: 0.0, Sum: 0.0]
         [Termination Attempts: Min: 1, Avg: 15.6, Max: 23, Diff: 22, Sum: 125]
      [GC Worker Other (ms): Min: 0.0, Avg: 0.0, Max: 0.1, Diff: 0.0, Sum: 0.3]
      [GC Worker Total (ms): Min: 65.2, Avg: 65.3, Max: 65.3, Diff: 0.1, Sum: 522.3]
      [GC Worker End (ms): Min: 169216836.1, Avg: 169216836.1, Max: 169216836.2, Diff: 0.0]
   [Code Root Fixup: 0.0 ms]
   [Code Root Purge: 0.0 ms]
   [Clear CT: 0.8 ms]
   [Other: 3.0 ms]
      [Choose CSet: 0.0 ms]
      [Ref Proc: 2.3 ms]
      [Ref Enq: 0.1 ms]
      [Redirty Cards: 0.2 ms]
      [Humongous Register: 0.0 ms]
      [Humongous Reclaim: 0.0 ms]
      [Free CSet: 0.3 ms]
   [Eden: 6960.0M(6960.0M)->0.0B(5504.0M) Survivors: 208.0M->224.0M Heap: 11000.0M(14336.0M)->4206.5M(14336.0M)]
 [Times: user=0.52 sys=0.00, real=0.07 secs] 
2022-07-23T20:11:24.842-0700: 169256.346: [GC pause (G1 Evacuation Pause) (mixed), 0.0887703 secs]
   [Parallel Time: 83.5 ms, GC Workers: 8]
      [GC Worker Start (ms): Min: 169256346.6, Avg: 169256346.7, Max: 169256346.7, Diff: 0.2]
      [Ext Root Scanning (ms): Min: 0.8, Avg: 1.6, Max: 6.0, Diff: 5.2, Sum: 13.0]
      [Update RS (ms): Min: 2.1, Avg: 6.2, Max: 7.1, Diff: 5.0, Sum: 49.7]
         [Processed Buffers: Min: 9, Avg: 18.2, Max: 25, Diff: 16, Sum: 146]
      [Scan RS (ms): Min: 12.2, Avg: 13.0, Max: 13.3, Diff: 1.1, Sum: 103.9]
      [Code Root Scanning (ms): Min: 0.0, Avg: 0.3, Max: 1.1, Diff: 1.1, Sum: 2.5]
      [Object Copy (ms): Min: 61.6, Avg: 62.0, Max: 62.1, Diff: 0.6, Sum: 496.2]
      [Termination (ms): Min: 0.0, Avg: 0.0, Max: 0.0, Diff: 0.0, Sum: 0.1]
         [Termination Attempts: Min: 1, Avg: 34.4, Max: 42, Diff: 41, Sum: 275]
      [GC Worker Other (ms): Min: 0.0, Avg: 0.1, Max: 0.2, Diff: 0.2, Sum: 0.8]
      [GC Worker Total (ms): Min: 83.2, Avg: 83.3, Max: 83.4, Diff: 0.2, Sum: 666.2]
      [GC Worker End (ms): Min: 169256429.9, Avg: 169256429.9, Max: 169256430.0, Diff: 0.2]
   [Code Root Fixup: 0.1 ms]
   [Code Root Purge: 0.0 ms]
   [Clear CT: 1.1 ms]
   [Other: 4.1 ms]
      [Choose CSet: 0.1 ms]
      [Ref Proc: 2.7 ms]
      [Ref Enq: 0.1 ms]
      [Redirty Cards: 0.5 ms]
      [Humongous Register: 0.0 ms]
      [Humongous Reclaim: 0.0 ms]
      [Free CSet: 0.5 ms]
   [Eden: 5504.0M(5504.0M)->0.0B(6992.0M) Survivors: 224.0M->176.0M Heap: 9710.5M(14336.0M)->3689.0M(14336.0M)]
 [Times: user=0.68 sys=0.00, real=0.09 secs] 
2022-07-23T20:12:34.494-0700: 169325.998: [GC pause (GCLocker Initiated GC) (young), 0.1280617 secs]
   [Parallel Time: 124.1 ms, GC Workers: 8]
      [GC Worker Start (ms): Min: 169325998.6, Avg: 169325998.7, Max: 169325998.7, Diff: 0.1]
      [Ext Root Scanning (ms): Min: 0.8, Avg: 1.6, Max: 5.5, Diff: 4.6, Sum: 12.9]
      [Update RS (ms): Min: 4.9, Avg: 8.3, Max: 9.2, Diff: 4.2, Sum: 66.3]
         [Processed Buffers: Min: 14, Avg: 22.9, Max: 28, Diff: 14, Sum: 183]
      [Scan RS (ms): Min: 1.0, Avg: 1.3, Max: 1.5, Diff: 0.5, Sum: 10.6]
      [Code Root Scanning (ms): Min: 0.0, Avg: 0.0, Max: 0.1, Diff: 0.1, Sum: 0.1]
      [Object Copy (ms): Min: 112.2, Avg: 112.4, Max: 112.4, Diff: 0.2, Sum: 898.9]
      [Termination (ms): Min: 0.0, Avg: 0.0, Max: 0.0, Diff: 0.0, Sum: 0.0]
         [Termination Attempts: Min: 1, Avg: 1.5, Max: 3, Diff: 2, Sum: 12]
      [GC Worker Other (ms): Min: 0.0, Avg: 0.1, Max: 0.2, Diff: 0.1, Sum: 0.8]
      [GC Worker Total (ms): Min: 123.6, Avg: 123.7, Max: 123.8, Diff: 0.2, Sum: 989.6]
      [GC Worker End (ms): Min: 169326122.3, Avg: 169326122.4, Max: 169326122.4, Diff: 0.1]
   [Code Root Fixup: 0.0 ms]
   [Code Root Purge: 0.0 ms]
   [Clear CT: 0.9 ms]
   [Other: 3.0 ms]
      [Choose CSet: 0.0 ms]
      [Ref Proc: 2.0 ms]
      [Ref Enq: 0.1 ms]
      [Redirty Cards: 0.4 ms]
      [Humongous Register: 0.0 ms]
      [Humongous Reclaim: 0.0 ms]
      [Free CSet: 0.3 ms]
   [Eden: 7008.0M(6992.0M)->0.0B(6944.0M) Survivors: 176.0M->224.0M Heap: 10681.3M(14336.0M)->4112.0M(14336.0M)]
 [Times: user=1.00 sys=0.00, real=0.13 secs] 
2022-07-23T20:14:24.119-0700: 169435.624: [GC pause (G1 Evacuation Pause) (young) (initial-mark), 0.0676998 secs]
   [Parallel Time: 63.5 ms, GC Workers: 8]
      [GC Worker Start (ms): Min: 169435625.9, Avg: 169435626.0, Max: 169435626.1, Diff: 0.2]
      [Ext Root Scanning (ms): Min: 5.4, Avg: 5.6, Max: 5.8, Diff: 0.4, Sum: 44.9]
      [Update RS (ms): Min: 5.4, Avg: 5.6, Max: 6.0, Diff: 0.7, Sum: 44.6]
         [Processed Buffers: Min: 17, Avg: 24.6, Max: 29, Diff: 12, Sum: 197]
      [Scan RS (ms): Min: 4.7, Avg: 5.2, Max: 5.7, Diff: 1.0, Sum: 41.5]
      [Code Root Scanning (ms): Min: 0.0, Avg: 0.0, Max: 0.0, Diff: 0.0, Sum: 0.1]
      [Object Copy (ms): Min: 44.8, Avg: 45.1, Max: 45.3, Diff: 0.5, Sum: 360.4]
      [Termination (ms): Min: 0.0, Avg: 0.0, Max: 0.0, Diff: 0.0, Sum: 0.0]
         [Termination Attempts: Min: 1, Avg: 28.1, Max: 39, Diff: 38, Sum: 225]
      [GC Worker Other (ms): Min: 0.0, Avg: 0.1, Max: 0.2, Diff: 0.2, Sum: 0.9]
      [GC Worker Total (ms): Min: 61.4, Avg: 61.6, Max: 61.7, Diff: 0.2, Sum: 492.4]
      [GC Worker End (ms): Min: 169435687.5, Avg: 169435687.6, Max: 169435687.7, Diff: 0.2]
   [Code Root Fixup: 0.0 ms]
   [Code Root Purge: 0.0 ms]
   [Clear CT: 0.9 ms]
   [Other: 3.3 ms]
      [Choose CSet: 0.0 ms]
      [Ref Proc: 2.3 ms]
      [Ref Enq: 0.1 ms]
      [Redirty Cards: 0.4 ms]
      [Humongous Register: 0.0 ms]
      [Humongous Reclaim: 0.0 ms]
      [Free CSet: 0.3 ms]
   [Eden: 6944.0M(6944.0M)->0.0B(7040.0M) Survivors: 224.0M->128.0M Heap: 11056.0M(14336.0M)->4192.0M(14336.0M)]
 [Times: user=0.50 sys=0.00, real=0.07 secs] 
2022-07-23T20:14:24.187-0700: 169435.692: [GC concurrent-root-region-scan-start]
2022-07-23T20:14:24.229-0700: 169435.734: [GC concurrent-root-region-scan-end, 0.0420282 secs]
2022-07-23T20:14:24.229-0700: 169435.734: [GC concurrent-mark-start]
2022-07-23T20:14:26.845-0700: 169438.350: [GC concurrent-mark-end, 2.6155577 secs]
2022-07-23T20:14:26.845-0700: 169438.350: [GC remark 2022-07-23T20:14:26.845-0700: 169438.350: [Finalize Marking, 0.0002509 secs] 2022-07-23T20:14:26.846-0700: 169438.350: [GC ref-proc, 0.0071796 secs] 2022-07-23T20:14:26.853-0700: 169438.357: [Unloading, 0.0266601 secs], 0.0396957 secs]
 [Times: user=0.25 sys=0.00, real=0.04 secs] 
2022-07-23T20:14:26.885-0700: 169438.390: [GC cleanup 4384M->4288M(14336M), 0.0092387 secs]
 [Times: user=0.07 sys=0.00, real=0.00 secs] 
2022-07-23T20:14:26.895-0700: 169438.399: [GC concurrent-cleanup-start]
2022-07-23T20:14:26.895-0700: 169438.399: [GC concurrent-cleanup-end, 0.0000267 secs]
2022-07-23T20:15:56.674-0700: 169528.178: [GC pause (G1 Evacuation Pause) (young), 0.0594997 secs]
   [Parallel Time: 55.5 ms, GC Workers: 8]
      [GC Worker Start (ms): Min: 169528178.6, Avg: 169528178.6, Max: 169528178.7, Diff: 0.1]
      [Ext Root Scanning (ms): Min: 1.1, Avg: 1.8, Max: 5.1, Diff: 4.0, Sum: 14.6]
      [Update RS (ms): Min: 11.1, Avg: 13.9, Max: 14.8, Diff: 3.7, Sum: 111.4]
         [Processed Buffers: Min: 24, Avg: 28.1, Max: 36, Diff: 12, Sum: 225]
      [Scan RS (ms): Min: 15.2, Avg: 15.5, Max: 15.6, Diff: 0.4, Sum: 124.2]
      [Code Root Scanning (ms): Min: 0.0, Avg: 0.0, Max: 0.1, Diff: 0.1, Sum: 0.1]
      [Object Copy (ms): Min: 23.3, Avg: 23.7, Max: 23.9, Diff: 0.5, Sum: 189.6]
      [Termination (ms): Min: 0.0, Avg: 0.0, Max: 0.0, Diff: 0.0, Sum: 0.0]
         [Termination Attempts: Min: 1, Avg: 2.2, Max: 4, Diff: 3, Sum: 18]
      [GC Worker Other (ms): Min: 0.0, Avg: 0.1, Max: 0.2, Diff: 0.1, Sum: 0.6]
      [GC Worker Total (ms): Min: 55.0, Avg: 55.1, Max: 55.2, Diff: 0.3, Sum: 440.5]
      [GC Worker End (ms): Min: 169528233.7, Avg: 169528233.7, Max: 169528233.8, Diff: 0.1]
   [Code Root Fixup: 0.0 ms]
   [Code Root Purge: 0.0 ms]
   [Clear CT: 0.8 ms]
   [Other: 3.2 ms]
      [Choose CSet: 0.0 ms]
      [Ref Proc: 2.4 ms]
      [Ref Enq: 0.1 ms]
      [Redirty Cards: 0.3 ms]
      [Humongous Register: 0.1 ms]
      [Humongous Reclaim: 0.0 ms]
      [Free CSet: 0.3 ms]
   [Eden: 7040.0M(7040.0M)->0.0B(5584.0M) Survivors: 128.0M->144.0M Heap: 11136.0M(14336.0M)->4172.6M(14336.0M)]
 [Times: user=0.45 sys=0.00, real=0.06 secs] 
2022-07-23T20:17:09.843-0700: 169601.347: [GC pause (G1 Evacuation Pause) (mixed), 0.0992107 secs]
   [Parallel Time: 94.1 ms, GC Workers: 8]
      [GC Worker Start (ms): Min: 169601347.8, Avg: 169601347.9, Max: 169601348.0, Diff: 0.2]
      [Ext Root Scanning (ms): Min: 1.0, Avg: 1.9, Max: 6.0, Diff: 5.0, Sum: 15.4]
      [Update RS (ms): Min: 1.7, Avg: 5.4, Max: 6.3, Diff: 4.6, Sum: 43.0]
         [Processed Buffers: Min: 12, Avg: 22.9, Max: 29, Diff: 17, Sum: 183]
      [Scan RS (ms): Min: 20.2, Avg: 20.8, Max: 21.7, Diff: 1.5, Sum: 166.8]
      [Code Root Scanning (ms): Min: 0.0, Avg: 0.4, Max: 0.9, Diff: 0.9, Sum: 2.9]
      [Object Copy (ms): Min: 64.3, Avg: 65.0, Max: 65.3, Diff: 1.0, Sum: 520.0]
      [Termination (ms): Min: 0.0, Avg: 0.0, Max: 0.1, Diff: 0.0, Sum: 0.4]
         [Termination Attempts: Min: 85, Avg: 193.5, Max: 233, Diff: 148, Sum: 1548]
      [GC Worker Other (ms): Min: 0.0, Avg: 0.1, Max: 0.2, Diff: 0.2, Sum: 0.7]
      [GC Worker Total (ms): Min: 93.6, Avg: 93.6, Max: 93.7, Diff: 0.2, Sum: 749.1]
      [GC Worker End (ms): Min: 169601441.5, Avg: 169601441.5, Max: 169601441.6, Diff: 0.2]
   [Code Root Fixup: 0.0 ms]
   [Code Root Purge: 0.0 ms]
   [Clear CT: 1.1 ms]
   [Other: 4.0 ms]
      [Choose CSet: 0.2 ms]
      [Ref Proc: 2.5 ms]
      [Ref Enq: 0.1 ms]
      [Redirty Cards: 0.5 ms]
      [Humongous Register: 0.0 ms]
      [Humongous Reclaim: 0.0 ms]
      [Free CSet: 0.5 ms]
   [Eden: 5584.0M(5584.0M)->0.0B(7072.0M) Survivors: 144.0M->98304.0K Heap: 9756.6M(14336.0M)->3659.3M(14336.0M)]
 [Times: user=0.77 sys=0.00, real=0.09 secs] 
2022-07-23T20:18:55.533-0700: 169707.038: [GC pause (G1 Evacuation Pause) (young), 0.0221041 secs]
   [Parallel Time: 19.2 ms, GC Workers: 8]
      [GC Worker Start (ms): Min: 169707037.7, Avg: 169707037.9, Max: 169707039.4, Diff: 1.7]
      [Ext Root Scanning (ms): Min: 0.0, Avg: 1.5, Max: 5.1, Diff: 5.1, Sum: 12.4]
      [Update RS (ms): Min: 4.1, Avg: 7.7, Max: 10.2, Diff: 6.1, Sum: 61.4]
         [Processed Buffers: Min: 4, Avg: 29.1, Max: 45, Diff: 41, Sum: 233]
      [Scan RS (ms): Min: 0.0, Avg: 1.2, Max: 1.7, Diff: 1.6, Sum: 9.3]
      [Code Root Scanning (ms): Min: 0.0, Avg: 0.0, Max: 0.0, Diff: 0.0, Sum: 0.0]
      [Object Copy (ms): Min: 7.7, Avg: 8.4, Max: 8.7, Diff: 1.1, Sum: 67.5]
      [Termination (ms): Min: 0.0, Avg: 0.0, Max: 0.0, Diff: 0.0, Sum: 0.0]
         [Termination Attempts: Min: 1, Avg: 14.6, Max: 22, Diff: 21, Sum: 117]
      [GC Worker Other (ms): Min: 0.0, Avg: 0.0, Max: 0.1, Diff: 0.0, Sum: 0.3]
      [GC Worker Total (ms): Min: 17.4, Avg: 18.9, Max: 19.1, Diff: 1.7, Sum: 151.0]
      [GC Worker End (ms): Min: 169707056.8, Avg: 169707056.8, Max: 169707056.8, Diff: 0.0]
   [Code Root Fixup: 0.0 ms]
   [Code Root Purge: 0.0 ms]
   [Clear CT: 0.9 ms]
   [Other: 2.0 ms]
      [Choose CSet: 0.0 ms]
      [Ref Proc: 1.3 ms]
      [Ref Enq: 0.1 ms]
      [Redirty Cards: 0.1 ms]
      [Humongous Register: 0.0 ms]
      [Humongous Reclaim: 0.0 ms]
      [Free CSet: 0.3 ms]
   [Eden: 7072.0M(7072.0M)->0.0B(7136.0M) Survivors: 98304.0K->32768.0K Heap: 10731.3M(14336.0M)->3671.7M(14336.0M)]
 [Times: user=0.16 sys=0.00, real=0.03 secs] 
2022-07-23T20:35:58.590-0700: 170730.095: [GC pause (G1 Evacuation Pause) (young) (initial-mark), 0.0266389 secs]
   [Parallel Time: 22.3 ms, GC Workers: 8]
      [GC Worker Start (ms): Min: 170730096.9, Avg: 170730097.0, Max: 170730097.1, Diff: 0.2]
      [Ext Root Scanning (ms): Min: 6.3, Avg: 6.6, Max: 6.9, Diff: 0.6, Sum: 53.0]
      [Update RS (ms): Min: 0.8, Avg: 0.9, Max: 1.1, Diff: 0.3, Sum: 7.3]
         [Processed Buffers: Min: 4, Avg: 22.1, Max: 40, Diff: 36, Sum: 177]
      [Scan RS (ms): Min: 7.8, Avg: 8.0, Max: 8.1, Diff: 0.3, Sum: 64.0]
      [Code Root Scanning (ms): Min: 0.0, Avg: 0.0, Max: 0.0, Diff: 0.0, Sum: 0.0]
      [Object Copy (ms): Min: 3.8, Avg: 4.1, Max: 4.4, Diff: 0.6, Sum: 32.9]
      [Termination (ms): Min: 0.0, Avg: 0.0, Max: 0.0, Diff: 0.0, Sum: 0.0]
         [Termination Attempts: Min: 1, Avg: 1.0, Max: 1, Diff: 0, Sum: 8]
      [GC Worker Other (ms): Min: 0.0, Avg: 0.1, Max: 0.2, Diff: 0.2, Sum: 1.0]
      [GC Worker Total (ms): Min: 19.6, Avg: 19.8, Max: 19.9, Diff: 0.3, Sum: 158.1]
      [GC Worker End (ms): Min: 170730116.7, Avg: 170730116.8, Max: 170730116.9, Diff: 0.2]
   [Code Root Fixup: 0.0 ms]
   [Code Root Purge: 0.0 ms]
   [Clear CT: 0.9 ms]
   [Other: 3.5 ms]
      [Choose CSet: 0.0 ms]
      [Ref Proc: 2.7 ms]
      [Ref Enq: 0.1 ms]
      [Redirty Cards: 0.2 ms]
      [Humongous Register: 0.0 ms]
      [Humongous Reclaim: 0.0 ms]
      [Free CSet: 0.3 ms]
   [Eden: 7136.0M(7136.0M)->0.0B(7136.0M) Survivors: 32768.0K->32768.0K Heap: 10807.7M(14336.0M)->3701.4M(14336.0M)]
 [Times: user=0.16 sys=0.00, real=0.03 secs] 
2022-07-23T20:35:58.617-0700: 170730.121: [GC concurrent-root-region-scan-start]
2022-07-23T20:35:58.623-0700: 170730.128: [GC concurrent-root-region-scan-end, 0.0064581 secs]
2022-07-23T20:35:58.623-0700: 170730.128: [GC concurrent-mark-start]
2022-07-23T20:36:01.018-0700: 170732.522: [GC concurrent-mark-end, 2.3943494 secs]
2022-07-23T20:36:01.018-0700: 170732.523: [GC remark 2022-07-23T20:36:01.018-0700: 170732.523: [Finalize Marking, 0.0003848 secs] 2022-07-23T20:36:01.018-0700: 170732.523: [GC ref-proc, 0.0083387 secs] 2022-07-23T20:36:01.027-0700: 170732.531: [Unloading, 0.0267389 secs], 0.0406324 secs]
 [Times: user=0.25 sys=0.00, real=0.04 secs] 
2022-07-23T20:36:01.059-0700: 170732.564: [GC cleanup 3733M->3733M(14336M), 0.0089246 secs]
 [Times: user=0.06 sys=0.00, real=0.01 secs] 
2022-07-23T20:53:01.143-0700: 171752.647: [GC pause (G1 Evacuation Pause) (young), 0.0288850 secs]
   [Parallel Time: 23.2 ms, GC Workers: 8]
      [GC Worker Start (ms): Min: 171752647.6, Avg: 171752647.7, Max: 171752647.7, Diff: 0.2]
      [Ext Root Scanning (ms): Min: 1.1, Avg: 1.9, Max: 5.6, Diff: 4.6, Sum: 14.8]
      [Update RS (ms): Min: 17.4, Avg: 19.3, Max: 20.8, Diff: 3.4, Sum: 154.0]
         [Processed Buffers: Min: 4, Avg: 29.0, Max: 85, Diff: 81, Sum: 232]
      [Scan RS (ms): Min: 0.0, Avg: 0.1, Max: 0.3, Diff: 0.3, Sum: 1.0]
      [Code Root Scanning (ms): Min: 0.0, Avg: 0.0, Max: 0.0, Diff: 0.0, Sum: 0.0]
      [Object Copy (ms): Min: 0.0, Avg: 0.9, Max: 1.3, Diff: 1.3, Sum: 7.1]
      [Termination (ms): Min: 0.0, Avg: 0.8, Max: 1.0, Diff: 1.0, Sum: 6.8]
         [Termination Attempts: Min: 1, Avg: 3.6, Max: 6, Diff: 5, Sum: 29]
      [GC Worker Other (ms): Min: 0.0, Avg: 0.0, Max: 0.1, Diff: 0.0, Sum: 0.3]
      [GC Worker Total (ms): Min: 22.9, Avg: 23.0, Max: 23.1, Diff: 0.2, Sum: 184.0]
      [GC Worker End (ms): Min: 171752670.6, Avg: 171752670.7, Max: 171752670.7, Diff: 0.1]
   [Code Root Fixup: 0.0 ms]
   [Code Root Purge: 0.0 ms]
   [Clear CT: 0.8 ms]
   [Other: 4.8 ms]
      [Choose CSet: 0.0 ms]
      [Ref Proc: 4.3 ms]
      [Ref Enq: 0.1 ms]
      [Redirty Cards: 0.1 ms]
      [Humongous Register: 0.0 ms]
      [Humongous Reclaim: 0.0 ms]
      [Free CSet: 0.3 ms]
   [Eden: 7136.0M(7136.0M)->0.0B(5712.0M) Survivors: 32768.0K->16384.0K Heap: 10837.4M(14336.0M)->3695.8M(14336.0M)]
 [Times: user=0.21 sys=0.00, real=0.02 secs] 
2022-07-23T21:06:56.861-0700: 172588.366: [GC pause (G1 Evacuation Pause) (mixed), 0.1823097 secs]
   [Parallel Time: 175.8 ms, GC Workers: 8]
      [GC Worker Start (ms): Min: 172588366.4, Avg: 172588366.5, Max: 172588366.6, Diff: 0.2]
      [Ext Root Scanning (ms): Min: 1.2, Avg: 2.7, Max: 11.2, Diff: 10.0, Sum: 22.0]
      [Update RS (ms): Min: 0.0, Avg: 0.8, Max: 1.2, Diff: 1.2, Sum: 6.5]
         [Processed Buffers: Min: 0, Avg: 20.6, Max: 103, Diff: 103, Sum: 165]
      [Scan RS (ms): Min: 5.5, Avg: 12.7, Max: 14.2, Diff: 8.7, Sum: 101.4]
      [Code Root Scanning (ms): Min: 0.0, Avg: 0.2, Max: 0.7, Diff: 0.7, Sum: 1.3]
      [Object Copy (ms): Min: 158.8, Avg: 159.1, Max: 159.4, Diff: 0.6, Sum: 1272.8]
      [Termination (ms): Min: 0.0, Avg: 0.1, Max: 0.1, Diff: 0.1, Sum: 0.9]
         [Termination Attempts: Min: 1, Avg: 10.2, Max: 19, Diff: 18, Sum: 82]
      [GC Worker Other (ms): Min: 0.0, Avg: 0.0, Max: 0.0, Diff: 0.0, Sum: 0.2]
      [GC Worker Total (ms): Min: 175.6, Avg: 175.6, Max: 175.7, Diff: 0.2, Sum: 1405.1]
      [GC Worker End (ms): Min: 172588542.1, Avg: 172588542.2, Max: 172588542.2, Diff: 0.0]
   [Code Root Fixup: 0.0 ms]
   [Code Root Purge: 0.0 ms]
   [Clear CT: 1.0 ms]
   [Other: 5.4 ms]
      [Choose CSet: 0.2 ms]
      [Ref Proc: 4.2 ms]
      [Ref Enq: 0.1 ms]
      [Redirty Cards: 0.3 ms]
      [Humongous Register: 0.0 ms]
      [Humongous Reclaim: 0.0 ms]
      [Free CSet: 0.5 ms]
   [Eden: 5712.0M(5712.0M)->0.0B(7152.0M) Survivors: 16384.0K->16384.0K Heap: 9407.8M(14336.0M)->3190.4M(14336.0M)]
 [Times: user=0.31 sys=0.07, real=0.19 secs] 
2022-07-23T21:23:23.612-0700: 173575.116: [GC pause (G1 Evacuation Pause) (young), 0.0112208 secs]
   [Parallel Time: 8.4 ms, GC Workers: 8]
      [GC Worker Start (ms): Min: 173575116.4, Avg: 173575116.5, Max: 173575116.6, Diff: 0.2]
      [Ext Root Scanning (ms): Min: 1.1, Avg: 1.9, Max: 5.5, Diff: 4.4, Sum: 15.0]
      [Update RS (ms): Min: 2.4, Avg: 5.7, Max: 6.5, Diff: 4.2, Sum: 45.9]
         [Processed Buffers: Min: 13, Avg: 31.4, Max: 57, Diff: 44, Sum: 251]
      [Scan RS (ms): Min: 0.0, Avg: 0.1, Max: 0.2, Diff: 0.2, Sum: 0.8]
      [Code Root Scanning (ms): Min: 0.0, Avg: 0.0, Max: 0.0, Diff: 0.0, Sum: 0.0]
      [Object Copy (ms): Min: 0.2, Avg: 0.5, Max: 0.6, Diff: 0.4, Sum: 3.7]
      [Termination (ms): Min: 0.0, Avg: 0.0, Max: 0.0, Diff: 0.0, Sum: 0.1]
         [Termination Attempts: Min: 8, Avg: 11.2, Max: 15, Diff: 7, Sum: 90]
      [GC Worker Other (ms): Min: 0.0, Avg: 0.1, Max: 0.1, Diff: 0.1, Sum: 0.6]
      [GC Worker Total (ms): Min: 8.2, Avg: 8.3, Max: 8.3, Diff: 0.2, Sum: 66.1]
      [GC Worker End (ms): Min: 173575124.7, Avg: 173575124.7, Max: 173575124.8, Diff: 0.1]
   [Code Root Fixup: 0.0 ms]
   [Code Root Purge: 0.0 ms]
   [Clear CT: 0.7 ms]
   [Other: 2.1 ms]
      [Choose CSet: 0.0 ms]
      [Ref Proc: 1.4 ms]
      [Ref Enq: 0.1 ms]
      [Redirty Cards: 0.1 ms]
      [Humongous Register: 0.0 ms]
      [Humongous Reclaim: 0.0 ms]
      [Free CSet: 0.3 ms]
   [Eden: 7152.0M(7152.0M)->0.0B(7152.0M) Survivors: 16384.0K->16384.0K Heap: 10342.4M(14336.0M)->3199.9M(14336.0M)]
 [Times: user=0.08 sys=0.00, real=0.02 secs] 
2022-07-23T21:39:55.363-0700: 174566.868: [GC pause (G1 Evacuation Pause) (young) (initial-mark), 0.0146499 secs]
   [Parallel Time: 9.6 ms, GC Workers: 8]
      [GC Worker Start (ms): Min: 174566869.6, Avg: 174566869.7, Max: 174566869.8, Diff: 0.1]
      [Ext Root Scanning (ms): Min: 6.4, Avg: 6.6, Max: 6.8, Diff: 0.4, Sum: 52.6]
      [Update RS (ms): Min: 0.2, Avg: 0.3, Max: 0.4, Diff: 0.2, Sum: 2.1]
         [Processed Buffers: Min: 1, Avg: 20.6, Max: 50, Diff: 49, Sum: 165]
      [Scan RS (ms): Min: 0.0, Avg: 0.1, Max: 0.1, Diff: 0.1, Sum: 0.5]
      [Code Root Scanning (ms): Min: 0.0, Avg: 0.0, Max: 0.0, Diff: 0.0, Sum: 0.0]
      [Object Copy (ms): Min: 0.1, Avg: 0.4, Max: 0.6, Diff: 0.6, Sum: 3.3]
      [Termination (ms): Min: 0.0, Avg: 0.0, Max: 0.0, Diff: 0.0, Sum: 0.1]
         [Termination Attempts: Min: 1, Avg: 2.8, Max: 4, Diff: 3, Sum: 22]
      [GC Worker Other (ms): Min: 0.0, Avg: 0.0, Max: 0.1, Diff: 0.1, Sum: 0.4]
      [GC Worker Total (ms): Min: 7.3, Avg: 7.4, Max: 7.5, Diff: 0.2, Sum: 59.0]
      [GC Worker End (ms): Min: 174566877.0, Avg: 174566877.1, Max: 174566877.1, Diff: 0.1]
   [Code Root Fixup: 0.0 ms]
   [Code Root Purge: 0.0 ms]
   [Clear CT: 0.6 ms]
   [Other: 4.4 ms]
      [Choose CSet: 0.0 ms]
      [Ref Proc: 3.7 ms]
      [Ref Enq: 0.1 ms]
      [Redirty Cards: 0.1 ms]
      [Humongous Register: 0.0 ms]
      [Humongous Reclaim: 0.0 ms]
      [Free CSet: 0.3 ms]
   [Eden: 7152.0M(7152.0M)->0.0B(7152.0M) Survivors: 16384.0K->16384.0K Heap: 10351.9M(14336.0M)->3203.5M(14336.0M)]
 [Times: user=0.05 sys=0.00, real=0.01 secs] 
2022-07-23T21:39:55.378-0700: 174566.882: [GC concurrent-root-region-scan-start]
2022-07-23T21:39:55.382-0700: 174566.887: [GC concurrent-root-region-scan-end, 0.0048422 secs]
2022-07-23T21:39:55.382-0700: 174566.887: [GC concurrent-mark-start]
2022-07-23T21:39:57.827-0700: 174569.331: [GC concurrent-mark-end, 2.4441656 secs]
2022-07-23T21:39:57.827-0700: 174569.332: [GC remark 2022-07-23T21:39:57.827-0700: 174569.332: [Finalize Marking, 0.0003222 secs] 2022-07-23T21:39:57.827-0700: 174569.332: [GC ref-proc, 0.0087953 secs] 2022-07-23T21:39:57.836-0700: 174569.341: [Unloading, 0.0287904 secs], 0.0430618 secs]
 [Times: user=0.26 sys=0.00, real=0.04 secs] 
2022-07-23T21:39:57.870-0700: 174569.375: [GC cleanup 3243M->3243M(14336M), 0.0069387 secs]
 [Times: user=0.05 sys=0.00, real=0.01 secs] 
2022-07-23T21:56:34.962-0700: 175566.467: [GC pause (G1 Evacuation Pause) (young), 0.0114418 secs]
   [Parallel Time: 6.0 ms, GC Workers: 8]
      [GC Worker Start (ms): Min: 175566467.2, Avg: 175566467.3, Max: 175566467.4, Diff: 0.2]
      [Ext Root Scanning (ms): Min: 1.3, Avg: 2.0, Max: 5.7, Diff: 4.5, Sum: 16.0]
      [Update RS (ms): Min: 0.0, Avg: 0.4, Max: 0.8, Diff: 0.8, Sum: 3.4]
         [Processed Buffers: Min: 0, Avg: 20.9, Max: 51, Diff: 51, Sum: 167]
      [Scan RS (ms): Min: 0.0, Avg: 0.1, Max: 0.2, Diff: 0.2, Sum: 0.6]
      [Code Root Scanning (ms): Min: 0.0, Avg: 0.0, Max: 0.0, Diff: 0.0, Sum: 0.0]
      [Object Copy (ms): Min: 0.0, Avg: 0.5, Max: 0.7, Diff: 0.7, Sum: 3.9]
      [Termination (ms): Min: 0.0, Avg: 2.7, Max: 3.1, Diff: 3.1, Sum: 21.6]
         [Termination Attempts: Min: 1, Avg: 1.8, Max: 4, Diff: 3, Sum: 14]
      [GC Worker Other (ms): Min: 0.0, Avg: 0.0, Max: 0.0, Diff: 0.0, Sum: 0.1]
      [GC Worker Total (ms): Min: 5.6, Avg: 5.7, Max: 5.8, Diff: 0.1, Sum: 45.7]
      [GC Worker End (ms): Min: 175566473.0, Avg: 175566473.0, Max: 175566473.0, Diff: 0.0]
   [Code Root Fixup: 0.0 ms]
   [Code Root Purge: 0.0 ms]
   [Clear CT: 0.5 ms]
   [Other: 4.9 ms]
      [Choose CSet: 0.0 ms]
      [Ref Proc: 4.2 ms]
      [Ref Enq: 0.1 ms]
      [Redirty Cards: 0.1 ms]
      [Humongous Register: 0.1 ms]
      [Humongous Reclaim: 0.0 ms]
      [Free CSet: 0.3 ms]
   [Eden: 7152.0M(7152.0M)->0.0B(5712.0M) Survivors: 16384.0K->16384.0K Heap: 10355.5M(14336.0M)->3204.4M(14336.0M)]
 [Times: user=0.05 sys=0.00, real=0.01 secs] 
2022-07-23T22:09:52.842-0700: 176364.347: [GC pause (G1 Evacuation Pause) (mixed), 0.0114877 secs]
   [Parallel Time: 8.0 ms, GC Workers: 8]
      [GC Worker Start (ms): Min: 176364347.0, Avg: 176364347.1, Max: 176364347.1, Diff: 0.1]
      [Ext Root Scanning (ms): Min: 1.1, Avg: 2.1, Max: 7.4, Diff: 6.2, Sum: 16.7]
      [Update RS (ms): Min: 0.0, Avg: 0.3, Max: 0.7, Diff: 0.7, Sum: 2.7]
         [Processed Buffers: Min: 0, Avg: 17.8, Max: 46, Diff: 46, Sum: 142]
      [Scan RS (ms): Min: 0.0, Avg: 1.5, Max: 2.3, Diff: 2.2, Sum: 12.1]
      [Code Root Scanning (ms): Min: 0.0, Avg: 0.0, Max: 0.0, Diff: 0.0, Sum: 0.0]
      [Object Copy (ms): Min: 0.3, Avg: 3.7, Max: 4.4, Diff: 4.1, Sum: 29.7]
      [Termination (ms): Min: 0.0, Avg: 0.0, Max: 0.0, Diff: 0.0, Sum: 0.0]
         [Termination Attempts: Min: 1, Avg: 1.0, Max: 1, Diff: 0, Sum: 8]
      [GC Worker Other (ms): Min: 0.0, Avg: 0.1, Max: 0.1, Diff: 0.1, Sum: 0.5]
      [GC Worker Total (ms): Min: 7.6, Avg: 7.7, Max: 7.8, Diff: 0.2, Sum: 61.8]
      [GC Worker End (ms): Min: 176364354.7, Avg: 176364354.8, Max: 176364354.8, Diff: 0.1]
   [Code Root Fixup: 0.0 ms]
   [Code Root Purge: 0.0 ms]
   [Clear CT: 0.7 ms]
   [Other: 2.8 ms]
      [Choose CSet: 0.0 ms]
      [Ref Proc: 2.2 ms]
      [Ref Enq: 0.1 ms]
      [Redirty Cards: 0.1 ms]
      [Humongous Register: 0.1 ms]
      [Humongous Reclaim: 0.0 ms]
      [Free CSet: 0.2 ms]
   [Eden: 5712.0M(5712.0M)->0.0B(7152.0M) Survivors: 16384.0K->16384.0K Heap: 8916.4M(14336.0M)->3180.9M(14336.0M)]
 [Times: user=0.07 sys=0.00, real=0.01 secs] 
2022-07-23T22:26:32.263-0700: 177363.768: [GC pause (G1 Evacuation Pause) (young), 0.0113902 secs]
   [Parallel Time: 6.4 ms, GC Workers: 8]
      [GC Worker Start (ms): Min: 177363768.0, Avg: 177363768.0, Max: 177363768.1, Diff: 0.1]
      [Ext Root Scanning (ms): Min: 1.0, Avg: 1.8, Max: 5.6, Diff: 4.6, Sum: 14.0]
      [Update RS (ms): Min: 0.1, Avg: 3.8, Max: 4.8, Diff: 4.6, Sum: 30.3]
         [Processed Buffers: Min: 11, Avg: 28.1, Max: 46, Diff: 35, Sum: 225]
      [Scan RS (ms): Min: 0.0, Avg: 0.1, Max: 0.1, Diff: 0.1, Sum: 0.5]
      [Code Root Scanning (ms): Min: 0.0, Avg: 0.0, Max: 0.0, Diff: 0.0, Sum: 0.0]
      [Object Copy (ms): Min: 0.2, Avg: 0.4, Max: 0.6, Diff: 0.4, Sum: 3.5]
      [Termination (ms): Min: 0.0, Avg: 0.1, Max: 0.1, Diff: 0.1, Sum: 0.8]
         [Termination Attempts: Min: 1, Avg: 4.1, Max: 5, Diff: 4, Sum: 33]
      [GC Worker Other (ms): Min: 0.0, Avg: 0.0, Max: 0.1, Diff: 0.0, Sum: 0.2]
      [GC Worker Total (ms): Min: 6.1, Avg: 6.2, Max: 6.2, Diff: 0.1, Sum: 49.4]
      [GC Worker End (ms): Min: 177363774.2, Avg: 177363774.2, Max: 177363774.3, Diff: 0.1]
   [Code Root Fixup: 0.0 ms]
   [Code Root Purge: 0.0 ms]
   [Clear CT: 0.6 ms]
   [Other: 4.4 ms]
      [Choose CSet: 0.0 ms]
      [Ref Proc: 3.8 ms]
      [Ref Enq: 0.1 ms]
      [Redirty Cards: 0.1 ms]
      [Humongous Register: 0.1 ms]
      [Humongous Reclaim: 0.0 ms]
      [Free CSet: 0.3 ms]
   [Eden: 7152.0M(7152.0M)->0.0B(7152.0M) Survivors: 16384.0K->16384.0K Heap: 10332.9M(14336.0M)->3183.2M(14336.0M)]
 [Times: user=0.05 sys=0.01, real=0.00 secs] 
2022-07-23T22:43:18.663-0700: 178370.168: [GC pause (G1 Evacuation Pause) (young) (initial-mark), 0.0150148 secs]
   [Parallel Time: 9.1 ms, GC Workers: 8]
      [GC Worker Start (ms): Min: 178370169.7, Avg: 178370169.8, Max: 178370169.9, Diff: 0.2]
      [Ext Root Scanning (ms): Min: 5.8, Avg: 6.1, Max: 6.3, Diff: 0.5, Sum: 48.7]
      [Update RS (ms): Min: 0.2, Avg: 0.3, Max: 0.4, Diff: 0.3, Sum: 2.0]
         [Processed Buffers: Min: 1, Avg: 22.2, Max: 39, Diff: 38, Sum: 178]
      [Scan RS (ms): Min: 0.0, Avg: 0.1, Max: 0.1, Diff: 0.1, Sum: 0.5]
      [Code Root Scanning (ms): Min: 0.0, Avg: 0.0, Max: 0.0, Diff: 0.0, Sum: 0.0]
      [Object Copy (ms): Min: 0.1, Avg: 0.4, Max: 0.7, Diff: 0.5, Sum: 3.6]
      [Termination (ms): Min: 0.0, Avg: 0.1, Max: 0.1, Diff: 0.1, Sum: 0.4]
         [Termination Attempts: Min: 1, Avg: 2.9, Max: 4, Diff: 3, Sum: 23]
      [GC Worker Other (ms): Min: 0.0, Avg: 0.0, Max: 0.0, Diff: 0.0, Sum: 0.2]
      [GC Worker Total (ms): Min: 6.8, Avg: 6.9, Max: 7.0, Diff: 0.2, Sum: 55.4]
      [GC Worker End (ms): Min: 178370176.7, Avg: 178370176.8, Max: 178370176.8, Diff: 0.1]
   [Code Root Fixup: 0.0 ms]
   [Code Root Purge: 0.0 ms]
   [Clear CT: 0.6 ms]
   [Other: 5.3 ms]
      [Choose CSet: 0.0 ms]
      [Ref Proc: 4.5 ms]
      [Ref Enq: 0.1 ms]
      [Redirty Cards: 0.1 ms]
      [Humongous Register: 0.0 ms]
      [Humongous Reclaim: 0.0 ms]
      [Free CSet: 0.3 ms]
   [Eden: 7152.0M(7152.0M)->0.0B(7152.0M) Survivors: 16384.0K->16384.0K Heap: 10335.2M(14336.0M)->3183.6M(14336.0M)]
 [Times: user=0.05 sys=0.00, real=0.01 secs] 
2022-07-23T22:43:18.678-0700: 178370.183: [GC concurrent-root-region-scan-start]
2022-07-23T22:43:18.683-0700: 178370.188: [GC concurrent-root-region-scan-end, 0.0052149 secs]
2022-07-23T22:43:18.683-0700: 178370.188: [GC concurrent-mark-start]
2022-07-23T22:43:21.085-0700: 178372.590: [GC concurrent-mark-end, 2.4015381 secs]
2022-07-23T22:43:21.085-0700: 178372.590: [GC remark 2022-07-23T22:43:21.085-0700: 178372.590: [Finalize Marking, 0.0002549 secs] 2022-07-23T22:43:21.086-0700: 178372.590: [GC ref-proc, 0.0100085 secs] 2022-07-23T22:43:21.096-0700: 178372.600: [Unloading, 0.0289716 secs], 0.0444848 secs]
 [Times: user=0.27 sys=0.00, real=0.04 secs] 
2022-07-23T22:43:21.130-0700: 178372.635: [GC cleanup 3255M->3255M(14336M), 0.0068070 secs]
 [Times: user=0.05 sys=0.00, real=0.01 secs] 
2022-07-23T23:00:09.361-0700: 179380.866: [GC pause (G1 Evacuation Pause) (young), 0.0107733 secs]
   [Parallel Time: 5.5 ms, GC Workers: 8]
      [GC Worker Start (ms): Min: 179380866.2, Avg: 179380866.3, Max: 179380866.4, Diff: 0.1]
      [Ext Root Scanning (ms): Min: 1.1, Avg: 1.8, Max: 5.4, Diff: 4.3, Sum: 14.6]
      [Update RS (ms): Min: 0.0, Avg: 0.4, Max: 0.7, Diff: 0.7, Sum: 3.5]
         [Processed Buffers: Min: 0, Avg: 21.8, Max: 74, Diff: 74, Sum: 174]
      [Scan RS (ms): Min: 0.0, Avg: 0.1, Max: 0.2, Diff: 0.2, Sum: 0.6]
      [Code Root Scanning (ms): Min: 0.0, Avg: 0.0, Max: 0.0, Diff: 0.0, Sum: 0.0]
      [Object Copy (ms): Min: 0.0, Avg: 0.5, Max: 0.7, Diff: 0.7, Sum: 3.9]
      [Termination (ms): Min: 0.0, Avg: 2.5, Max: 2.9, Diff: 2.9, Sum: 20.1]
         [Termination Attempts: Min: 1, Avg: 1.2, Max: 2, Diff: 1, Sum: 10]
      [GC Worker Other (ms): Min: 0.0, Avg: 0.0, Max: 0.0, Diff: 0.0, Sum: 0.1]
      [GC Worker Total (ms): Min: 5.3, Avg: 5.4, Max: 5.4, Diff: 0.1, Sum: 42.8]
      [GC Worker End (ms): Min: 179380871.6, Avg: 179380871.7, Max: 179380871.7, Diff: 0.0]
   [Code Root Fixup: 0.0 ms]
   [Code Root Purge: 0.0 ms]
   [Clear CT: 0.6 ms]
   [Other: 4.6 ms]
      [Choose CSet: 0.0 ms]
      [Ref Proc: 4.0 ms]
      [Ref Enq: 0.1 ms]
      [Redirty Cards: 0.1 ms]
      [Humongous Register: 0.0 ms]
      [Humongous Reclaim: 0.0 ms]
      [Free CSet: 0.3 ms]
   [Eden: 7152.0M(7152.0M)->0.0B(5712.0M) Survivors: 16384.0K->16384.0K Heap: 10335.6M(14336.0M)->3183.8M(14336.0M)]
 [Times: user=0.05 sys=0.00, real=0.01 secs] 
2022-07-23T23:13:29.960-0700: 180181.465: [GC pause (G1 Evacuation Pause) (mixed), 0.0128183 secs]
   [Parallel Time: 7.3 ms, GC Workers: 8]
      [GC Worker Start (ms): Min: 180181465.0, Avg: 180181465.1, Max: 180181465.1, Diff: 0.2]
      [Ext Root Scanning (ms): Min: 1.2, Avg: 2.1, Max: 7.0, Diff: 5.8, Sum: 16.6]
      [Update RS (ms): Min: 0.0, Avg: 0.3, Max: 0.8, Diff: 0.8, Sum: 2.7]
         [Processed Buffers: Min: 0, Avg: 17.9, Max: 47, Diff: 47, Sum: 143]
      [Scan RS (ms): Min: 0.0, Avg: 1.2, Max: 1.5, Diff: 1.4, Sum: 9.2]
      [Code Root Scanning (ms): Min: 0.0, Avg: 0.0, Max: 0.0, Diff: 0.0, Sum: 0.0]
      [Object Copy (ms): Min: 0.0, Avg: 2.5, Max: 2.9, Diff: 2.9, Sum: 19.6]
      [Termination (ms): Min: 0.0, Avg: 0.9, Max: 1.1, Diff: 1.1, Sum: 7.3]
         [Termination Attempts: Min: 1, Avg: 3.0, Max: 6, Diff: 5, Sum: 24]
      [GC Worker Other (ms): Min: 0.0, Avg: 0.0, Max: 0.0, Diff: 0.0, Sum: 0.1]
      [GC Worker Total (ms): Min: 6.9, Avg: 7.0, Max: 7.0, Diff: 0.1, Sum: 55.6]
      [GC Worker End (ms): Min: 180181472.0, Avg: 180181472.0, Max: 180181472.0, Diff: 0.0]
   [Code Root Fixup: 0.0 ms]
   [Code Root Purge: 0.0 ms]
   [Clear CT: 0.6 ms]
   [Other: 4.9 ms]
      [Choose CSet: 0.0 ms]
      [Ref Proc: 4.2 ms]
      [Ref Enq: 0.1 ms]
      [Redirty Cards: 0.1 ms]
      [Humongous Register: 0.0 ms]
      [Humongous Reclaim: 0.0 ms]
      [Free CSet: 0.3 ms]
   [Eden: 5712.0M(5712.0M)->0.0B(7152.0M) Survivors: 16384.0K->16384.0K Heap: 8895.8M(14336.0M)->3172.2M(14336.0M)]
 [Times: user=0.07 sys=0.00, real=0.01 secs] 
2022-07-23T23:30:15.712-0700: 181187.216: [GC pause (G1 Evacuation Pause) (young), 0.0086741 secs]
   [Parallel Time: 5.6 ms, GC Workers: 8]
      [GC Worker Start (ms): Min: 181187216.4, Avg: 181187216.5, Max: 181187216.6, Diff: 0.1]
      [Ext Root Scanning (ms): Min: 1.2, Avg: 1.9, Max: 5.5, Diff: 4.3, Sum: 14.8]
      [Update RS (ms): Min: 0.0, Avg: 2.6, Max: 3.4, Diff: 3.4, Sum: 20.9]
         [Processed Buffers: Min: 0, Avg: 24.8, Max: 64, Diff: 64, Sum: 198]
      [Scan RS (ms): Min: 0.0, Avg: 0.1, Max: 0.1, Diff: 0.1, Sum: 0.5]
      [Code Root Scanning (ms): Min: 0.0, Avg: 0.0, Max: 0.0, Diff: 0.0, Sum: 0.0]
      [Object Copy (ms): Min: 0.0, Avg: 0.5, Max: 0.7, Diff: 0.7, Sum: 3.9]
      [Termination (ms): Min: 0.0, Avg: 0.5, Max: 0.5, Diff: 0.5, Sum: 3.6]
         [Termination Attempts: Min: 1, Avg: 5.6, Max: 9, Diff: 8, Sum: 45]
      [GC Worker Other (ms): Min: 0.0, Avg: 0.0, Max: 0.0, Diff: 0.0, Sum: 0.2]
      [GC Worker Total (ms): Min: 5.4, Avg: 5.5, Max: 5.6, Diff: 0.2, Sum: 44.0]
      [GC Worker End (ms): Min: 181187222.0, Avg: 181187222.0, Max: 181187222.0, Diff: 0.1]
   [Code Root Fixup: 0.0 ms]
   [Code Root Purge: 0.0 ms]
   [Clear CT: 0.7 ms]
   [Other: 2.4 ms]
      [Choose CSet: 0.0 ms]
      [Ref Proc: 1.7 ms]
      [Ref Enq: 0.1 ms]
      [Redirty Cards: 0.1 ms]
      [Humongous Register: 0.0 ms]
      [Humongous Reclaim: 0.0 ms]
      [Free CSet: 0.3 ms]
   [Eden: 7152.0M(7152.0M)->0.0B(7152.0M) Survivors: 16384.0K->16384.0K Heap: 10324.2M(14336.0M)->3173.4M(14336.0M)]
 [Times: user=0.05 sys=0.00, real=0.01 secs] 
2022-07-23T23:46:53.400-0700: 182184.905: [GC pause (G1 Evacuation Pause) (young) (initial-mark), 0.0151786 secs]
   [Parallel Time: 10.0 ms, GC Workers: 8]
      [GC Worker Start (ms): Min: 182184907.3, Avg: 182184907.4, Max: 182184907.4, Diff: 0.1]
      [Ext Root Scanning (ms): Min: 6.6, Avg: 6.8, Max: 7.2, Diff: 0.6, Sum: 54.6]
      [Update RS (ms): Min: 0.1, Avg: 0.3, Max: 0.5, Diff: 0.4, Sum: 2.4]
         [Processed Buffers: Min: 1, Avg: 22.8, Max: 59, Diff: 58, Sum: 182]
      [Scan RS (ms): Min: 0.0, Avg: 0.1, Max: 0.1, Diff: 0.1, Sum: 0.5]
      [Code Root Scanning (ms): Min: 0.0, Avg: 0.0, Max: 0.0, Diff: 0.0, Sum: 0.0]
      [Object Copy (ms): Min: 0.2, Avg: 0.5, Max: 0.8, Diff: 0.6, Sum: 4.2]
      [Termination (ms): Min: 0.0, Avg: 0.0, Max: 0.0, Diff: 0.0, Sum: 0.3]
         [Termination Attempts: Min: 1, Avg: 1.5, Max: 2, Diff: 1, Sum: 12]
      [GC Worker Other (ms): Min: 0.0, Avg: 0.0, Max: 0.0, Diff: 0.0, Sum: 0.2]
      [GC Worker Total (ms): Min: 7.7, Avg: 7.8, Max: 7.9, Diff: 0.2, Sum: 62.2]
      [GC Worker End (ms): Min: 182184915.1, Avg: 182184915.2, Max: 182184915.2, Diff: 0.0]
   [Code Root Fixup: 0.0 ms]
   [Code Root Purge: 0.0 ms]
   [Clear CT: 0.6 ms]
   [Other: 4.5 ms]
      [Choose CSet: 0.0 ms]
      [Ref Proc: 3.8 ms]
      [Ref Enq: 0.1 ms]
      [Redirty Cards: 0.1 ms]
      [Humongous Register: 0.0 ms]
      [Humongous Reclaim: 0.0 ms]
      [Free CSet: 0.3 ms]
   [Eden: 7152.0M(7152.0M)->0.0B(7152.0M) Survivors: 16384.0K->16384.0K Heap: 10325.4M(14336.0M)->3173.5M(14336.0M)]
 [Times: user=0.06 sys=0.00, real=0.02 secs] 
2022-07-23T23:46:53.416-0700: 182184.920: [GC concurrent-root-region-scan-start]
2022-07-23T23:46:53.421-0700: 182184.925: [GC concurrent-root-region-scan-end, 0.0047728 secs]
2022-07-23T23:46:53.421-0700: 182184.925: [GC concurrent-mark-start]
2022-07-23T23:46:55.798-0700: 182187.303: [GC concurrent-mark-end, 2.3774735 secs]
2022-07-23T23:46:55.798-0700: 182187.303: [GC remark 2022-07-23T23:46:55.798-0700: 182187.303: [Finalize Marking, 0.0001761 secs] 2022-07-23T23:46:55.798-0700: 182187.303: [GC ref-proc, 0.0072774 secs] 2022-07-23T23:46:55.806-0700: 182187.311: [Unloading, 0.0286174 secs], 0.0412716 secs]
 [Times: user=0.25 sys=0.00, real=0.04 secs] 
2022-07-23T23:46:55.840-0700: 182187.345: [GC cleanup 3245M->3245M(14336M), 0.0074289 secs]
 [Times: user=0.06 sys=0.00, real=0.01 secs] 
2022-07-24T00:03:31.112-0700: 183182.617: [GC pause (G1 Evacuation Pause) (young), 0.0117634 secs]
   [Parallel Time: 5.9 ms, GC Workers: 8]
      [GC Worker Start (ms): Min: 183182617.1, Avg: 183182617.2, Max: 183182617.3, Diff: 0.2]
      [Ext Root Scanning (ms): Min: 1.3, Avg: 2.0, Max: 5.6, Diff: 4.3, Sum: 16.2]
      [Update RS (ms): Min: 0.0, Avg: 0.4, Max: 0.9, Diff: 0.9, Sum: 3.6]
         [Processed Buffers: Min: 0, Avg: 21.4, Max: 72, Diff: 72, Sum: 171]
      [Scan RS (ms): Min: 0.0, Avg: 0.1, Max: 0.2, Diff: 0.2, Sum: 0.7]
      [Code Root Scanning (ms): Min: 0.0, Avg: 0.0, Max: 0.0, Diff: 0.0, Sum: 0.0]
      [Object Copy (ms): Min: 0.0, Avg: 0.5, Max: 0.8, Diff: 0.8, Sum: 4.0]
      [Termination (ms): Min: 0.0, Avg: 2.5, Max: 2.8, Diff: 2.8, Sum: 19.7]
         [Termination Attempts: Min: 1, Avg: 1.0, Max: 1, Diff: 0, Sum: 8]
      [GC Worker Other (ms): Min: 0.0, Avg: 0.1, Max: 0.1, Diff: 0.1, Sum: 0.4]
      [GC Worker Total (ms): Min: 5.5, Avg: 5.6, Max: 5.7, Diff: 0.2, Sum: 44.7]
      [GC Worker End (ms): Min: 183182622.8, Avg: 183182622.8, Max: 183182622.9, Diff: 0.1]
   [Code Root Fixup: 0.0 ms]
   [Code Root Purge: 0.0 ms]
   [Clear CT: 0.7 ms]
   [Other: 5.1 ms]
      [Choose CSet: 0.0 ms]
      [Ref Proc: 4.4 ms]
      [Ref Enq: 0.1 ms]
      [Redirty Cards: 0.1 ms]
      [Humongous Register: 0.0 ms]
      [Humongous Reclaim: 0.0 ms]
      [Free CSet: 0.3 ms]
   [Eden: 7152.0M(7152.0M)->0.0B(7152.0M) Survivors: 16384.0K->16384.0K Heap: 10325.5M(14336.0M)->3173.5M(14336.0M)]
 [Times: user=0.05 sys=0.01, real=0.02 secs] 
2022-07-24T00:20:13.563-0700: 184185.067: [GC pause (G1 Evacuation Pause) (young), 0.0110861 secs]
   [Parallel Time: 5.9 ms, GC Workers: 8]
      [GC Worker Start (ms): Min: 184185067.6, Avg: 184185067.7, Max: 184185067.7, Diff: 0.2]
      [Ext Root Scanning (ms): Min: 1.1, Avg: 1.9, Max: 5.7, Diff: 4.7, Sum: 14.9]
      [Update RS (ms): Min: 0.0, Avg: 0.3, Max: 0.7, Diff: 0.7, Sum: 2.7]
         [Processed Buffers: Min: 0, Avg: 20.6, Max: 66, Diff: 66, Sum: 165]
      [Scan RS (ms): Min: 0.0, Avg: 0.1, Max: 0.1, Diff: 0.1, Sum: 0.6]
      [Code Root Scanning (ms): Min: 0.0, Avg: 0.0, Max: 0.0, Diff: 0.0, Sum: 0.0]
      [Object Copy (ms): Min: 0.0, Avg: 0.5, Max: 0.7, Diff: 0.7, Sum: 3.8]
      [Termination (ms): Min: 0.0, Avg: 2.9, Max: 3.4, Diff: 3.4, Sum: 23.5]
         [Termination Attempts: Min: 1, Avg: 1.2, Max: 3, Diff: 2, Sum: 10]
      [GC Worker Other (ms): Min: 0.0, Avg: 0.0, Max: 0.0, Diff: 0.0, Sum: 0.1]
      [GC Worker Total (ms): Min: 5.6, Avg: 5.7, Max: 5.8, Diff: 0.2, Sum: 45.7]
      [GC Worker End (ms): Min: 184185073.4, Avg: 184185073.4, Max: 184185073.4, Diff: 0.0]
   [Code Root Fixup: 0.0 ms]
   [Code Root Purge: 0.0 ms]
   [Clear CT: 0.6 ms]
   [Other: 4.6 ms]
      [Choose CSet: 0.0 ms]
      [Ref Proc: 3.8 ms]
      [Ref Enq: 0.2 ms]
      [Redirty Cards: 0.1 ms]
      [Humongous Register: 0.0 ms]
      [Humongous Reclaim: 0.0 ms]
      [Free CSet: 0.3 ms]
   [Eden: 7152.0M(7152.0M)->0.0B(7152.0M) Survivors: 16384.0K->16384.0K Heap: 10325.5M(14336.0M)->3173.6M(14336.0M)]
 [Times: user=0.05 sys=0.00, real=0.00 secs] 
2022-07-24T00:36:57.562-0700: 185189.067: [GC pause (G1 Evacuation Pause) (young) (initial-mark), 0.0151764 secs]
   [Parallel Time: 10.0 ms, GC Workers: 8]
      [GC Worker Start (ms): Min: 185189068.6, Avg: 185189068.7, Max: 185189068.8, Diff: 0.2]
      [Ext Root Scanning (ms): Min: 6.5, Avg: 6.7, Max: 6.9, Diff: 0.5, Sum: 53.4]
      [Update RS (ms): Min: 0.1, Avg: 0.3, Max: 0.4, Diff: 0.3, Sum: 2.1]
         [Processed Buffers: Min: 1, Avg: 21.0, Max: 49, Diff: 48, Sum: 168]
      [Scan RS (ms): Min: 0.0, Avg: 0.1, Max: 0.1, Diff: 0.1, Sum: 0.5]
      [Code Root Scanning (ms): Min: 0.0, Avg: 0.0, Max: 0.0, Diff: 0.0, Sum: 0.0]
      [Object Copy (ms): Min: 0.1, Avg: 0.5, Max: 0.7, Diff: 0.7, Sum: 3.9]
      [Termination (ms): Min: 0.0, Avg: 0.1, Max: 0.1, Diff: 0.1, Sum: 0.4]
         [Termination Attempts: Min: 1, Avg: 1.5, Max: 2, Diff: 1, Sum: 12]
      [GC Worker Other (ms): Min: 0.0, Avg: 0.0, Max: 0.0, Diff: 0.0, Sum: 0.2]
      [GC Worker Total (ms): Min: 7.5, Avg: 7.6, Max: 7.7, Diff: 0.2, Sum: 60.5]
      [GC Worker End (ms): Min: 185189076.3, Avg: 185189076.3, Max: 185189076.3, Diff: 0.1]
   [Code Root Fixup: 0.0 ms]
   [Code Root Purge: 0.0 ms]
   [Clear CT: 0.6 ms]
   [Other: 4.6 ms]
      [Choose CSet: 0.0 ms]
      [Ref Proc: 3.8 ms]
      [Ref Enq: 0.1 ms]
      [Redirty Cards: 0.1 ms]
      [Humongous Register: 0.0 ms]
      [Humongous Reclaim: 0.0 ms]
      [Free CSet: 0.3 ms]
   [Eden: 7152.0M(7152.0M)->0.0B(7152.0M) Survivors: 16384.0K->16384.0K Heap: 10325.6M(14336.0M)->3173.5M(14336.0M)]
 [Times: user=0.06 sys=0.01, real=0.02 secs] 
2022-07-24T00:36:57.577-0700: 185189.082: [GC concurrent-root-region-scan-start]
2022-07-24T00:36:57.582-0700: 185189.087: [GC concurrent-root-region-scan-end, 0.0047293 secs]
2022-07-24T00:36:57.582-0700: 185189.087: [GC concurrent-mark-start]
2022-07-24T00:36:59.947-0700: 185191.451: [GC concurrent-mark-end, 2.3646355 secs]
2022-07-24T00:36:59.947-0700: 185191.452: [GC remark 2022-07-24T00:36:59.947-0700: 185191.452: [Finalize Marking, 0.0003974 secs] 2022-07-24T00:36:59.947-0700: 185191.452: [GC ref-proc, 0.0072430 secs] 2022-07-24T00:36:59.955-0700: 185191.459: [Unloading, 0.0259424 secs], 0.0386751 secs]
 [Times: user=0.24 sys=0.00, real=0.04 secs] 
2022-07-24T00:36:59.986-0700: 185191.491: [GC cleanup 3213M->3213M(14336M), 0.0071852 secs]
 [Times: user=0.05 sys=0.00, real=0.00 secs] 
2022-07-24T00:53:41.812-0700: 186193.317: [GC pause (G1 Evacuation Pause) (young), 0.0097588 secs]
   [Parallel Time: 5.6 ms, GC Workers: 8]
      [GC Worker Start (ms): Min: 186193317.3, Avg: 186193317.4, Max: 186193317.5, Diff: 0.1]
      [Ext Root Scanning (ms): Min: 1.2, Avg: 1.9, Max: 5.3, Diff: 4.2, Sum: 14.8]
      [Update RS (ms): Min: 0.0, Avg: 0.4, Max: 0.8, Diff: 0.8, Sum: 2.9]
         [Processed Buffers: Min: 0, Avg: 19.8, Max: 58, Diff: 58, Sum: 158]
      [Scan RS (ms): Min: 0.0, Avg: 0.1, Max: 0.2, Diff: 0.1, Sum: 0.6]
      [Code Root Scanning (ms): Min: 0.0, Avg: 0.0, Max: 0.0, Diff: 0.0, Sum: 0.0]
      [Object Copy (ms): Min: 0.0, Avg: 0.5, Max: 0.8, Diff: 0.8, Sum: 4.3]
      [Termination (ms): Min: 0.0, Avg: 2.4, Max: 2.8, Diff: 2.8, Sum: 19.6]
         [Termination Attempts: Min: 1, Avg: 1.0, Max: 1, Diff: 0, Sum: 8]
      [GC Worker Other (ms): Min: 0.0, Avg: 0.0, Max: 0.1, Diff: 0.1, Sum: 0.3]
      [GC Worker Total (ms): Min: 5.2, Avg: 5.3, Max: 5.4, Diff: 0.1, Sum: 42.5]
      [GC Worker End (ms): Min: 186193322.7, Avg: 186193322.7, Max: 186193322.8, Diff: 0.1]
   [Code Root Fixup: 0.0 ms]
   [Code Root Purge: 0.0 ms]
   [Clear CT: 0.5 ms]
   [Other: 3.6 ms]
      [Choose CSet: 0.0 ms]
      [Ref Proc: 3.0 ms]
      [Ref Enq: 0.1 ms]
      [Redirty Cards: 0.1 ms]
      [Humongous Register: 0.0 ms]
      [Humongous Reclaim: 0.0 ms]
      [Free CSet: 0.3 ms]
   [Eden: 7152.0M(7152.0M)->0.0B(7152.0M) Survivors: 16384.0K->16384.0K Heap: 10325.5M(14336.0M)->3173.6M(14336.0M)]
 [Times: user=0.04 sys=0.00, real=0.01 secs] 
2022-07-24T01:10:29.362-0700: 187200.867: [GC pause (G1 Evacuation Pause) (young), 0.0094260 secs]
   [Parallel Time: 6.0 ms, GC Workers: 8]
      [GC Worker Start (ms): Min: 187200867.2, Avg: 187200867.4, Max: 187200867.4, Diff: 0.2]
      [Ext Root Scanning (ms): Min: 1.2, Avg: 1.9, Max: 5.8, Diff: 4.6, Sum: 15.6]
      [Update RS (ms): Min: 0.0, Avg: 0.3, Max: 0.8, Diff: 0.8, Sum: 2.8]
         [Processed Buffers: Min: 0, Avg: 20.9, Max: 46, Diff: 46, Sum: 167]
      [Scan RS (ms): Min: 0.0, Avg: 0.1, Max: 0.2, Diff: 0.1, Sum: 0.7]
      [Code Root Scanning (ms): Min: 0.0, Avg: 0.0, Max: 0.0, Diff: 0.0, Sum: 0.0]
      [Object Copy (ms): Min: 0.0, Avg: 0.5, Max: 0.8, Diff: 0.8, Sum: 4.1]
      [Termination (ms): Min: 0.0, Avg: 2.8, Max: 3.3, Diff: 3.3, Sum: 22.6]
         [Termination Attempts: Min: 1, Avg: 6.9, Max: 12, Diff: 11, Sum: 55]
      [GC Worker Other (ms): Min: 0.0, Avg: 0.0, Max: 0.0, Diff: 0.0, Sum: 0.2]
      [GC Worker Total (ms): Min: 5.7, Avg: 5.7, Max: 5.8, Diff: 0.2, Sum: 45.9]
      [GC Worker End (ms): Min: 187200873.1, Avg: 187200873.1, Max: 187200873.1, Diff: 0.0]
   [Code Root Fixup: 0.0 ms]
   [Code Root Purge: 0.0 ms]
   [Clear CT: 0.6 ms]
   [Other: 2.8 ms]
      [Choose CSet: 0.0 ms]
      [Ref Proc: 2.1 ms]
      [Ref Enq: 0.1 ms]
      [Redirty Cards: 0.1 ms]
      [Humongous Register: 0.1 ms]
      [Humongous Reclaim: 0.0 ms]
      [Free CSet: 0.3 ms]
   [Eden: 7152.0M(7152.0M)->0.0B(7152.0M) Survivors: 16384.0K->16384.0K Heap: 10325.6M(14336.0M)->3173.7M(14336.0M)]
 [Times: user=0.06 sys=0.00, real=0.01 secs] 
2022-07-24T01:27:15.435-0700: 188206.940: [GC pause (G1 Evacuation Pause) (young) (initial-mark), 0.0157610 secs]
   [Parallel Time: 9.5 ms, GC Workers: 8]
      [GC Worker Start (ms): Min: 188206942.1, Avg: 188206942.2, Max: 188206942.3, Diff: 0.2]
      [Ext Root Scanning (ms): Min: 6.2, Avg: 6.4, Max: 6.7, Diff: 0.5, Sum: 51.2]
      [Update RS (ms): Min: 0.2, Avg: 0.3, Max: 0.5, Diff: 0.3, Sum: 2.4]
         [Processed Buffers: Min: 1, Avg: 21.4, Max: 62, Diff: 61, Sum: 171]
      [Scan RS (ms): Min: 0.0, Avg: 0.1, Max: 0.1, Diff: 0.1, Sum: 0.5]
      [Code Root Scanning (ms): Min: 0.0, Avg: 0.0, Max: 0.0, Diff: 0.0, Sum: 0.0]
      [Object Copy (ms): Min: 0.1, Avg: 0.5, Max: 0.8, Diff: 0.7, Sum: 4.0]
      [Termination (ms): Min: 0.0, Avg: 0.0, Max: 0.0, Diff: 0.0, Sum: 0.0]
         [Termination Attempts: Min: 1, Avg: 1.0, Max: 1, Diff: 0, Sum: 8]
      [GC Worker Other (ms): Min: 0.0, Avg: 0.1, Max: 0.1, Diff: 0.1, Sum: 0.4]
      [GC Worker Total (ms): Min: 7.2, Avg: 7.3, Max: 7.4, Diff: 0.2, Sum: 58.5]
      [GC Worker End (ms): Min: 188206949.5, Avg: 188206949.5, Max: 188206949.6, Diff: 0.1]
   [Code Root Fixup: 0.0 ms]
   [Code Root Purge: 0.0 ms]
   [Clear CT: 0.7 ms]
   [Other: 5.5 ms]
      [Choose CSet: 0.0 ms]
      [Ref Proc: 4.7 ms]
      [Ref Enq: 0.1 ms]
      [Redirty Cards: 0.1 ms]
      [Humongous Register: 0.0 ms]
      [Humongous Reclaim: 0.0 ms]
      [Free CSet: 0.3 ms]
   [Eden: 7152.0M(7152.0M)->0.0B(7152.0M) Survivors: 16384.0K->16384.0K Heap: 10325.7M(14336.0M)->3173.5M(14336.0M)]
 [Times: user=0.06 sys=0.00, real=0.01 secs] 
2022-07-24T01:27:15.451-0700: 188206.956: [GC concurrent-root-region-scan-start]
2022-07-24T01:27:15.458-0700: 188206.962: [GC concurrent-root-region-scan-end, 0.0065825 secs]
2022-07-24T01:27:15.458-0700: 188206.962: [GC concurrent-mark-start]
2022-07-24T01:27:17.857-0700: 188209.362: [GC concurrent-mark-end, 2.3996394 secs]
2022-07-24T01:27:17.858-0700: 188209.362: [GC remark 2022-07-24T01:27:17.858-0700: 188209.362: [Finalize Marking, 0.0002153 secs] 2022-07-24T01:27:17.858-0700: 188209.363: [GC ref-proc, 0.0113633 secs] 2022-07-24T01:27:17.869-0700: 188209.374: [Unloading, 0.0265414 secs], 0.0433626 secs]
 [Times: user=0.25 sys=0.00, real=0.04 secs] 
2022-07-24T01:27:17.901-0700: 188209.406: [GC cleanup 3213M->3213M(14336M), 0.0077153 secs]
 [Times: user=0.05 sys=0.00, real=0.01 secs] 
2022-07-24T01:43:55.810-0700: 189207.315: [GC pause (G1 Evacuation Pause) (young), 0.0115946 secs]
   [Parallel Time: 6.2 ms, GC Workers: 8]
      [GC Worker Start (ms): Min: 189207314.9, Avg: 189207315.0, Max: 189207315.1, Diff: 0.2]
      [Ext Root Scanning (ms): Min: 1.2, Avg: 2.0, Max: 5.8, Diff: 4.7, Sum: 15.6]
      [Update RS (ms): Min: 0.0, Avg: 0.4, Max: 0.8, Diff: 0.7, Sum: 2.9]
         [Processed Buffers: Min: 0, Avg: 20.6, Max: 58, Diff: 58, Sum: 165]
      [Scan RS (ms): Min: 0.0, Avg: 0.1, Max: 0.2, Diff: 0.1, Sum: 0.7]
      [Code Root Scanning (ms): Min: 0.0, Avg: 0.0, Max: 0.0, Diff: 0.0, Sum: 0.0]
      [Object Copy (ms): Min: 0.0, Avg: 0.5, Max: 0.7, Diff: 0.7, Sum: 4.1]
      [Termination (ms): Min: 0.0, Avg: 2.9, Max: 3.3, Diff: 3.3, Sum: 23.1]
         [Termination Attempts: Min: 1, Avg: 1.8, Max: 4, Diff: 3, Sum: 14]
      [GC Worker Other (ms): Min: 0.0, Avg: 0.0, Max: 0.0, Diff: 0.0, Sum: 0.2]
      [GC Worker Total (ms): Min: 5.8, Avg: 5.8, Max: 5.9, Diff: 0.1, Sum: 46.5]
      [GC Worker End (ms): Min: 189207320.8, Avg: 189207320.8, Max: 189207320.9, Diff: 0.0]
   [Code Root Fixup: 0.0 ms]
   [Code Root Purge: 0.0 ms]
   [Clear CT: 0.6 ms]
   [Other: 4.8 ms]
      [Choose CSet: 0.0 ms]
      [Ref Proc: 4.2 ms]
      [Ref Enq: 0.1 ms]
      [Redirty Cards: 0.1 ms]
      [Humongous Register: 0.0 ms]
      [Humongous Reclaim: 0.0 ms]
      [Free CSet: 0.3 ms]
   [Eden: 7152.0M(7152.0M)->0.0B(7152.0M) Survivors: 16384.0K->16384.0K Heap: 10325.5M(14336.0M)->3173.6M(14336.0M)]
 [Times: user=0.07 sys=0.00, real=0.01 secs] 
2022-07-24T02:00:36.260-0700: 190207.765: [GC pause (G1 Evacuation Pause) (young), 0.0119009 secs]
   [Parallel Time: 6.1 ms, GC Workers: 8]
      [GC Worker Start (ms): Min: 190207765.1, Avg: 190207765.2, Max: 190207765.3, Diff: 0.2]
      [Ext Root Scanning (ms): Min: 1.2, Avg: 1.9, Max: 5.8, Diff: 4.7, Sum: 15.6]
      [Update RS (ms): Min: 0.0, Avg: 0.4, Max: 0.8, Diff: 0.8, Sum: 3.0]
         [Processed Buffers: Min: 0, Avg: 21.2, Max: 62, Diff: 62, Sum: 170]
      [Scan RS (ms): Min: 0.0, Avg: 0.1, Max: 0.2, Diff: 0.2, Sum: 0.8]
      [Code Root Scanning (ms): Min: 0.0, Avg: 0.0, Max: 0.0, Diff: 0.0, Sum: 0.0]
      [Object Copy (ms): Min: 0.0, Avg: 0.4, Max: 0.7, Diff: 0.6, Sum: 3.6]
      [Termination (ms): Min: 0.0, Avg: 2.9, Max: 3.3, Diff: 3.3, Sum: 23.2]
         [Termination Attempts: Min: 1, Avg: 2.0, Max: 3, Diff: 2, Sum: 16]
      [GC Worker Other (ms): Min: 0.0, Avg: 0.0, Max: 0.1, Diff: 0.1, Sum: 0.3]
      [GC Worker Total (ms): Min: 5.7, Avg: 5.8, Max: 5.9, Diff: 0.2, Sum: 46.5]
      [GC Worker End (ms): Min: 190207771.0, Avg: 190207771.0, Max: 190207771.1, Diff: 0.1]
   [Code Root Fixup: 0.0 ms]
   [Code Root Purge: 0.0 ms]
   [Clear CT: 0.6 ms]
   [Other: 5.1 ms]
      [Choose CSet: 0.0 ms]
      [Ref Proc: 4.5 ms]
      [Ref Enq: 0.1 ms]
      [Redirty Cards: 0.1 ms]
      [Humongous Register: 0.0 ms]
      [Humongous Reclaim: 0.0 ms]
      [Free CSet: 0.3 ms]
   [Eden: 7152.0M(7152.0M)->0.0B(7152.0M) Survivors: 16384.0K->16384.0K Heap: 10325.6M(14336.0M)->3173.7M(14336.0M)]
 [Times: user=0.06 sys=0.00, real=0.01 secs] 
2022-07-24T02:17:08.562-0700: 191200.067: [GC pause (G1 Evacuation Pause) (young) (initial-mark), 0.0209121 secs]
   [Parallel Time: 17.1 ms, GC Workers: 8]
      [GC Worker Start (ms): Min: 191200069.3, Avg: 191200069.4, Max: 191200069.5, Diff: 0.2]
      [Ext Root Scanning (ms): Min: 6.3, Avg: 7.5, Max: 14.2, Diff: 8.0, Sum: 60.2]
      [Update RS (ms): Min: 0.0, Avg: 0.3, Max: 0.5, Diff: 0.5, Sum: 2.5]
         [Processed Buffers: Min: 0, Avg: 20.9, Max: 70, Diff: 70, Sum: 167]
      [Scan RS (ms): Min: 0.0, Avg: 0.1, Max: 0.2, Diff: 0.1, Sum: 0.6]
      [Code Root Scanning (ms): Min: 0.0, Avg: 0.0, Max: 0.0, Diff: 0.0, Sum: 0.0]
      [Object Copy (ms): Min: 0.2, Avg: 0.6, Max: 0.9, Diff: 0.7, Sum: 4.5]
      [Termination (ms): Min: 0.0, Avg: 6.1, Max: 7.0, Diff: 7.0, Sum: 48.9]
         [Termination Attempts: Min: 1, Avg: 5.9, Max: 8, Diff: 7, Sum: 47]
      [GC Worker Other (ms): Min: 0.0, Avg: 0.0, Max: 0.0, Diff: 0.0, Sum: 0.1]
      [GC Worker Total (ms): Min: 14.5, Avg: 14.6, Max: 14.7, Diff: 0.2, Sum: 116.8]
      [GC Worker End (ms): Min: 191200084.0, Avg: 191200084.0, Max: 191200084.0, Diff: 0.0]
   [Code Root Fixup: 0.0 ms]
   [Code Root Purge: 0.0 ms]
   [Clear CT: 0.6 ms]
   [Other: 3.2 ms]
      [Choose CSet: 0.0 ms]
      [Ref Proc: 2.5 ms]
      [Ref Enq: 0.1 ms]
      [Redirty Cards: 0.1 ms]
      [Humongous Register: 0.0 ms]
      [Humongous Reclaim: 0.0 ms]
      [Free CSet: 0.3 ms]
   [Eden: 7152.0M(7152.0M)->0.0B(7152.0M) Survivors: 16384.0K->16384.0K Heap: 10325.7M(14336.0M)->3173.6M(14336.0M)]
 [Times: user=0.11 sys=0.00, real=0.03 secs] 
2022-07-24T02:17:08.583-0700: 191200.088: [GC concurrent-root-region-scan-start]
2022-07-24T02:17:08.588-0700: 191200.093: [GC concurrent-root-region-scan-end, 0.0051752 secs]
2022-07-24T02:17:08.589-0700: 191200.093: [GC concurrent-mark-start]
2022-07-24T02:17:10.976-0700: 191202.481: [GC concurrent-mark-end, 2.3878284 secs]
2022-07-24T02:17:10.977-0700: 191202.481: [GC remark 2022-07-24T02:17:10.977-0700: 191202.481: [Finalize Marking, 0.0004253 secs] 2022-07-24T02:17:10.977-0700: 191202.482: [GC ref-proc, 0.0106714 secs] 2022-07-24T02:17:10.988-0700: 191202.493: [Unloading, 0.0277140 secs], 0.0442106 secs]
 [Times: user=0.26 sys=0.00, real=0.04 secs] 
2022-07-24T02:17:11.021-0700: 191202.526: [GC cleanup 3237M->3237M(14336M), 0.0077645 secs]
 [Times: user=0.05 sys=0.00, real=0.01 secs] 
2022-07-24T02:33:54.073-0700: 192205.578: [GC pause (G1 Evacuation Pause) (young), 0.0086654 secs]
   [Parallel Time: 5.0 ms, GC Workers: 8]
      [GC Worker Start (ms): Min: 192205577.8, Avg: 192205577.9, Max: 192205577.9, Diff: 0.1]
      [Ext Root Scanning (ms): Min: 1.0, Avg: 1.6, Max: 4.9, Diff: 4.0, Sum: 13.2]
      [Update RS (ms): Min: 0.0, Avg: 0.3, Max: 0.7, Diff: 0.7, Sum: 2.4]
         [Processed Buffers: Min: 0, Avg: 21.9, Max: 60, Diff: 60, Sum: 175]
      [Scan RS (ms): Min: 0.0, Avg: 0.1, Max: 0.1, Diff: 0.1, Sum: 0.5]
      [Code Root Scanning (ms): Min: 0.0, Avg: 0.0, Max: 0.0, Diff: 0.0, Sum: 0.0]
      [Object Copy (ms): Min: 0.0, Avg: 0.4, Max: 0.6, Diff: 0.6, Sum: 3.2]
      [Termination (ms): Min: 0.0, Avg: 2.5, Max: 2.8, Diff: 2.8, Sum: 19.8]
         [Termination Attempts: Min: 1, Avg: 1.0, Max: 1, Diff: 0, Sum: 8]
      [GC Worker Other (ms): Min: 0.0, Avg: 0.0, Max: 0.0, Diff: 0.0, Sum: 0.1]
      [GC Worker Total (ms): Min: 4.8, Avg: 4.9, Max: 5.0, Diff: 0.1, Sum: 39.3]
      [GC Worker End (ms): Min: 192205582.8, Avg: 192205582.8, Max: 192205582.8, Diff: 0.0]
   [Code Root Fixup: 0.0 ms]
   [Code Root Purge: 0.0 ms]
   [Clear CT: 0.6 ms]
   [Other: 3.0 ms]
      [Choose CSet: 0.0 ms]
      [Ref Proc: 2.1 ms]
      [Ref Enq: 0.2 ms]
      [Redirty Cards: 0.2 ms]
      [Humongous Register: 0.0 ms]
      [Humongous Reclaim: 0.0 ms]
      [Free CSet: 0.3 ms]
   [Eden: 7152.0M(7152.0M)->0.0B(7152.0M) Survivors: 16384.0K->16384.0K Heap: 10325.6M(14336.0M)->3173.6M(14336.0M)]
 [Times: user=0.05 sys=0.01, real=0.01 secs] 
2022-07-24T02:50:31.656-0700: 193203.161: [GC pause (G1 Evacuation Pause) (young), 0.0108301 secs]
   [Parallel Time: 5.9 ms, GC Workers: 8]
      [GC Worker Start (ms): Min: 193203161.2, Avg: 193203161.3, Max: 193203161.4, Diff: 0.1]
      [Ext Root Scanning (ms): Min: 1.1, Avg: 1.9, Max: 5.7, Diff: 4.5, Sum: 15.2]
      [Update RS (ms): Min: 0.0, Avg: 0.4, Max: 0.7, Diff: 0.7, Sum: 3.0]
         [Processed Buffers: Min: 0, Avg: 21.1, Max: 63, Diff: 63, Sum: 169]
      [Scan RS (ms): Min: 0.0, Avg: 0.1, Max: 0.2, Diff: 0.2, Sum: 0.7]
      [Code Root Scanning (ms): Min: 0.0, Avg: 0.0, Max: 0.0, Diff: 0.0, Sum: 0.0]
      [Object Copy (ms): Min: 0.0, Avg: 0.5, Max: 0.7, Diff: 0.7, Sum: 3.7]
      [Termination (ms): Min: 0.0, Avg: 2.8, Max: 3.3, Diff: 3.3, Sum: 22.7]
         [Termination Attempts: Min: 1, Avg: 1.5, Max: 3, Diff: 2, Sum: 12]
      [GC Worker Other (ms): Min: 0.0, Avg: 0.0, Max: 0.0, Diff: 0.0, Sum: 0.1]
      [GC Worker Total (ms): Min: 5.6, Avg: 5.7, Max: 5.7, Diff: 0.1, Sum: 45.4]
      [GC Worker End (ms): Min: 193203167.0, Avg: 193203167.0, Max: 193203167.0, Diff: 0.0]
   [Code Root Fixup: 0.0 ms]
   [Code Root Purge: 0.0 ms]
   [Clear CT: 0.6 ms]
   [Other: 4.4 ms]
      [Choose CSet: 0.0 ms]
      [Ref Proc: 3.7 ms]
      [Ref Enq: 0.2 ms]
      [Redirty Cards: 0.1 ms]
      [Humongous Register: 0.0 ms]
      [Humongous Reclaim: 0.0 ms]
      [Free CSet: 0.3 ms]
   [Eden: 7152.0M(7152.0M)->0.0B(7152.0M) Survivors: 16384.0K->16384.0K Heap: 10325.6M(14336.0M)->3173.6M(14336.0M)]
 [Times: user=0.05 sys=0.01, real=0.01 secs] 
2022-07-24T03:07:05.362-0700: 194196.866: [GC pause (G1 Evacuation Pause) (young) (initial-mark), 0.0152480 secs]
   [Parallel Time: 9.6 ms, GC Workers: 8]
      [GC Worker Start (ms): Min: 194196868.4, Avg: 194196868.5, Max: 194196868.6, Diff: 0.2]
      [Ext Root Scanning (ms): Min: 6.2, Avg: 6.4, Max: 6.6, Diff: 0.4, Sum: 50.8]
      [Update RS (ms): Min: 0.1, Avg: 0.3, Max: 0.5, Diff: 0.4, Sum: 2.6]
         [Processed Buffers: Min: 1, Avg: 21.4, Max: 38, Diff: 37, Sum: 171]
      [Scan RS (ms): Min: 0.0, Avg: 0.1, Max: 0.1, Diff: 0.1, Sum: 0.5]
      [Code Root Scanning (ms): Min: 0.0, Avg: 0.0, Max: 0.0, Diff: 0.0, Sum: 0.0]
      [Object Copy (ms): Min: 0.1, Avg: 0.5, Max: 0.8, Diff: 0.7, Sum: 3.9]
      [Termination (ms): Min: 0.0, Avg: 0.1, Max: 0.1, Diff: 0.1, Sum: 0.4]
         [Termination Attempts: Min: 1, Avg: 1.2, Max: 2, Diff: 1, Sum: 10]
      [GC Worker Other (ms): Min: 0.0, Avg: 0.0, Max: 0.0, Diff: 0.0, Sum: 0.2]
      [GC Worker Total (ms): Min: 7.2, Avg: 7.3, Max: 7.4, Diff: 0.2, Sum: 58.4]
      [GC Worker End (ms): Min: 194196875.7, Avg: 194196875.8, Max: 194196875.8, Diff: 0.0]
   [Code Root Fixup: 0.0 ms]
   [Code Root Purge: 0.0 ms]
   [Clear CT: 0.7 ms]
   [Other: 5.0 ms]
      [Choose CSet: 0.0 ms]
      [Ref Proc: 4.2 ms]
      [Ref Enq: 0.1 ms]
      [Redirty Cards: 0.1 ms]
      [Humongous Register: 0.0 ms]
      [Humongous Reclaim: 0.0 ms]
      [Free CSet: 0.3 ms]
   [Eden: 7152.0M(7152.0M)->0.0B(7152.0M) Survivors: 16384.0K->16384.0K Heap: 10325.6M(14336.0M)->3173.6M(14336.0M)]
 [Times: user=0.05 sys=0.01, real=0.02 secs] 
2022-07-24T03:07:05.377-0700: 194196.882: [GC concurrent-root-region-scan-start]
2022-07-24T03:07:05.382-0700: 194196.887: [GC concurrent-root-region-scan-end, 0.0052368 secs]
2022-07-24T03:07:05.382-0700: 194196.887: [GC concurrent-mark-start]
2022-07-24T03:07:07.828-0700: 194199.333: [GC concurrent-mark-end, 2.4456193 secs]
2022-07-24T03:07:07.828-0700: 194199.333: [GC remark 2022-07-24T03:07:07.828-0700: 194199.333: [Finalize Marking, 0.0003145 secs] 2022-07-24T03:07:07.829-0700: 194199.333: [GC ref-proc, 0.0110875 secs] 2022-07-24T03:07:07.840-0700: 194199.344: [Unloading, 0.0261527 secs], 0.0426957 secs]
 [Times: user=0.25 sys=0.00, real=0.04 secs] 
2022-07-24T03:07:07.871-0700: 194199.376: [GC cleanup 3205M->3205M(14336M), 0.0071393 secs]
 [Times: user=0.05 sys=0.00, real=0.01 secs] 
2022-07-24T03:23:37.162-0700: 195188.667: [GC pause (G1 Evacuation Pause) (young), 0.0113390 secs]
   [Parallel Time: 5.6 ms, GC Workers: 8]
      [GC Worker Start (ms): Min: 195188667.2, Avg: 195188667.3, Max: 195188667.4, Diff: 0.2]
      [Ext Root Scanning (ms): Min: 1.2, Avg: 1.9, Max: 5.3, Diff: 4.1, Sum: 15.1]
      [Update RS (ms): Min: 0.0, Avg: 0.4, Max: 0.8, Diff: 0.8, Sum: 2.9]
         [Processed Buffers: Min: 0, Avg: 22.5, Max: 60, Diff: 60, Sum: 180]
      [Scan RS (ms): Min: 0.0, Avg: 0.1, Max: 0.2, Diff: 0.1, Sum: 0.7]
      [Code Root Scanning (ms): Min: 0.0, Avg: 0.0, Max: 0.0, Diff: 0.0, Sum: 0.0]
      [Object Copy (ms): Min: 0.0, Avg: 0.5, Max: 0.7, Diff: 0.7, Sum: 4.1]
      [Termination (ms): Min: 0.0, Avg: 2.4, Max: 2.8, Diff: 2.8, Sum: 19.4]
         [Termination Attempts: Min: 1, Avg: 1.1, Max: 2, Diff: 1, Sum: 9]
      [GC Worker Other (ms): Min: 0.0, Avg: 0.0, Max: 0.0, Diff: 0.0, Sum: 0.1]
      [GC Worker Total (ms): Min: 5.2, Avg: 5.3, Max: 5.4, Diff: 0.2, Sum: 42.3]
      [GC Worker End (ms): Min: 195188672.6, Avg: 195188672.6, Max: 195188672.6, Diff: 0.0]
   [Code Root Fixup: 0.0 ms]
   [Code Root Purge: 0.0 ms]
   [Clear CT: 0.7 ms]
   [Other: 5.1 ms]
      [Choose CSet: 0.0 ms]
      [Ref Proc: 4.5 ms]
      [Ref Enq: 0.1 ms]
      [Redirty Cards: 0.1 ms]
      [Humongous Register: 0.0 ms]
      [Humongous Reclaim: 0.0 ms]
      [Free CSet: 0.3 ms]
   [Eden: 7152.0M(7152.0M)->0.0B(7152.0M) Survivors: 16384.0K->16384.0K Heap: 10325.6M(14336.0M)->3173.6M(14336.0M)]
 [Times: user=0.06 sys=0.00, real=0.01 secs] 
2022-07-24T03:40:17.961-0700: 196189.466: [GC pause (G1 Evacuation Pause) (young), 0.0112738 secs]
   [Parallel Time: 5.8 ms, GC Workers: 8]
      [GC Worker Start (ms): Min: 196189465.9, Avg: 196189466.0, Max: 196189466.1, Diff: 0.2]
      [Ext Root Scanning (ms): Min: 1.2, Avg: 1.9, Max: 5.4, Diff: 4.3, Sum: 15.3]
      [Update RS (ms): Min: 0.0, Avg: 0.3, Max: 0.6, Diff: 0.6, Sum: 2.6]
         [Processed Buffers: Min: 0, Avg: 20.5, Max: 43, Diff: 43, Sum: 164]
      [Scan RS (ms): Min: 0.0, Avg: 0.1, Max: 0.1, Diff: 0.1, Sum: 0.6]
      [Code Root Scanning (ms): Min: 0.0, Avg: 0.0, Max: 0.0, Diff: 0.0, Sum: 0.0]
      [Object Copy (ms): Min: 0.0, Avg: 0.5, Max: 0.7, Diff: 0.7, Sum: 3.8]
      [Termination (ms): Min: 0.0, Avg: 2.6, Max: 3.0, Diff: 3.0, Sum: 20.8]
         [Termination Attempts: Min: 1, Avg: 1.4, Max: 2, Diff: 1, Sum: 11]
      [GC Worker Other (ms): Min: 0.0, Avg: 0.0, Max: 0.0, Diff: 0.0, Sum: 0.2]
      [GC Worker Total (ms): Min: 5.3, Avg: 5.4, Max: 5.5, Diff: 0.2, Sum: 43.4]
      [GC Worker End (ms): Min: 196189471.4, Avg: 196189471.4, Max: 196189471.4, Diff: 0.0]
   [Code Root Fixup: 0.0 ms]
   [Code Root Purge: 0.0 ms]
   [Clear CT: 0.6 ms]
   [Other: 4.9 ms]
      [Choose CSet: 0.0 ms]
      [Ref Proc: 4.2 ms]
      [Ref Enq: 0.1 ms]
      [Redirty Cards: 0.1 ms]
      [Humongous Register: 0.1 ms]
      [Humongous Reclaim: 0.0 ms]
      [Free CSet: 0.3 ms]
   [Eden: 7152.0M(7152.0M)->0.0B(7152.0M) Survivors: 16384.0K->16384.0K Heap: 10325.6M(14336.0M)->3173.8M(14336.0M)]
 [Times: user=0.06 sys=0.00, real=0.01 secs] 
2022-07-24T03:56:55.513-0700: 197187.018: [GC pause (G1 Evacuation Pause) (young) (initial-mark), 0.0140438 secs]
   [Parallel Time: 9.2 ms, GC Workers: 8]
      [GC Worker Start (ms): Min: 197187020.2, Avg: 197187020.3, Max: 197187020.4, Diff: 0.2]
      [Ext Root Scanning (ms): Min: 5.5, Avg: 5.8, Max: 6.1, Diff: 0.5, Sum: 46.5]
      [Update RS (ms): Min: 0.2, Avg: 0.3, Max: 0.5, Diff: 0.3, Sum: 2.3]
         [Processed Buffers: Min: 1, Avg: 21.2, Max: 64, Diff: 63, Sum: 170]
      [Scan RS (ms): Min: 0.0, Avg: 0.1, Max: 0.1, Diff: 0.1, Sum: 0.5]
      [Code Root Scanning (ms): Min: 0.0, Avg: 0.0, Max: 0.0, Diff: 0.0, Sum: 0.0]
      [Object Copy (ms): Min: 0.2, Avg: 0.5, Max: 0.6, Diff: 0.4, Sum: 3.7]
      [Termination (ms): Min: 0.0, Avg: 0.0, Max: 0.0, Diff: 0.0, Sum: 0.0]
         [Termination Attempts: Min: 1, Avg: 1.5, Max: 2, Diff: 1, Sum: 12]
      [GC Worker Other (ms): Min: 0.0, Avg: 0.1, Max: 0.1, Diff: 0.1, Sum: 0.5]
      [GC Worker Total (ms): Min: 6.6, Avg: 6.7, Max: 6.8, Diff: 0.2, Sum: 53.5]
      [GC Worker End (ms): Min: 197187026.9, Avg: 197187027.0, Max: 197187027.1, Diff: 0.1]
   [Code Root Fixup: 0.0 ms]
   [Code Root Purge: 0.0 ms]
   [Clear CT: 0.7 ms]
   [Other: 4.2 ms]
      [Choose CSet: 0.0 ms]
      [Ref Proc: 3.4 ms]
      [Ref Enq: 0.1 ms]
      [Redirty Cards: 0.1 ms]
      [Humongous Register: 0.0 ms]
      [Humongous Reclaim: 0.0 ms]
      [Free CSet: 0.3 ms]
   [Eden: 7152.0M(7152.0M)->0.0B(7152.0M) Survivors: 16384.0K->16384.0K Heap: 10325.8M(14336.0M)->3173.6M(14336.0M)]
 [Times: user=0.05 sys=0.00, real=0.02 secs] 
2022-07-24T03:56:55.527-0700: 197187.032: [GC concurrent-root-region-scan-start]
2022-07-24T03:56:55.532-0700: 197187.037: [GC concurrent-root-region-scan-end, 0.0046404 secs]
2022-07-24T03:56:55.532-0700: 197187.037: [GC concurrent-mark-start]
2022-07-24T03:56:57.907-0700: 197189.412: [GC concurrent-mark-end, 2.3746618 secs]
2022-07-24T03:56:57.907-0700: 197189.412: [GC remark 2022-07-24T03:56:57.907-0700: 197189.412: [Finalize Marking, 0.0004265 secs] 2022-07-24T03:56:57.907-0700: 197189.412: [GC ref-proc, 0.0081106 secs] 2022-07-24T03:56:57.916-0700: 197189.420: [Unloading, 0.0258884 secs], 0.0395303 secs]
 [Times: user=0.24 sys=0.00, real=0.04 secs] 
2022-07-24T03:56:57.947-0700: 197189.452: [GC cleanup 3237M->3237M(14336M), 0.0072890 secs]
 [Times: user=0.05 sys=0.00, real=0.00 secs] 
2022-07-24T04:13:31.614-0700: 198183.118: [GC pause (G1 Evacuation Pause) (young), 0.0112999 secs]
   [Parallel Time: 5.3 ms, GC Workers: 8]
      [GC Worker Start (ms): Min: 198183118.5, Avg: 198183118.6, Max: 198183118.6, Diff: 0.1]
      [Ext Root Scanning (ms): Min: 1.1, Avg: 1.8, Max: 5.2, Diff: 4.1, Sum: 14.3]
      [Update RS (ms): Min: 0.0, Avg: 0.3, Max: 0.7, Diff: 0.7, Sum: 2.5]
         [Processed Buffers: Min: 0, Avg: 21.2, Max: 48, Diff: 48, Sum: 170]
      [Scan RS (ms): Min: 0.0, Avg: 0.1, Max: 0.1, Diff: 0.1, Sum: 0.6]
      [Code Root Scanning (ms): Min: 0.0, Avg: 0.0, Max: 0.0, Diff: 0.0, Sum: 0.0]
      [Object Copy (ms): Min: 0.0, Avg: 0.4, Max: 0.6, Diff: 0.6, Sum: 3.3]
      [Termination (ms): Min: 0.0, Avg: 2.5, Max: 2.9, Diff: 2.9, Sum: 20.4]
         [Termination Attempts: Min: 1, Avg: 1.8, Max: 3, Diff: 2, Sum: 14]
      [GC Worker Other (ms): Min: 0.0, Avg: 0.0, Max: 0.0, Diff: 0.0, Sum: 0.1]
      [GC Worker Total (ms): Min: 5.1, Avg: 5.2, Max: 5.2, Diff: 0.1, Sum: 41.2]
      [GC Worker End (ms): Min: 198183123.7, Avg: 198183123.7, Max: 198183123.7, Diff: 0.0]
   [Code Root Fixup: 0.0 ms]
   [Code Root Purge: 0.0 ms]
   [Clear CT: 0.6 ms]
   [Other: 5.3 ms]
      [Choose CSet: 0.0 ms]
      [Ref Proc: 4.7 ms]
      [Ref Enq: 0.1 ms]
      [Redirty Cards: 0.1 ms]
      [Humongous Register: 0.0 ms]
      [Humongous Reclaim: 0.0 ms]
      [Free CSet: 0.3 ms]
   [Eden: 7152.0M(7152.0M)->0.0B(7152.0M) Survivors: 16384.0K->16384.0K Heap: 10325.6M(14336.0M)->3173.6M(14336.0M)]
 [Times: user=0.05 sys=0.00, real=0.02 secs] 
2022-07-24T04:29:56.113-0700: 199167.618: [GC pause (G1 Evacuation Pause) (young), 0.0108800 secs]
   [Parallel Time: 5.8 ms, GC Workers: 8]
      [GC Worker Start (ms): Min: 199167618.4, Avg: 199167618.4, Max: 199167618.5, Diff: 0.2]
      [Ext Root Scanning (ms): Min: 1.1, Avg: 1.8, Max: 5.5, Diff: 4.4, Sum: 14.4]
      [Update RS (ms): Min: 0.0, Avg: 0.3, Max: 0.6, Diff: 0.6, Sum: 2.4]
         [Processed Buffers: Min: 0, Avg: 20.5, Max: 50, Diff: 50, Sum: 164]
      [Scan RS (ms): Min: 0.0, Avg: 0.1, Max: 0.1, Diff: 0.1, Sum: 0.6]
      [Code Root Scanning (ms): Min: 0.0, Avg: 0.0, Max: 0.0, Diff: 0.0, Sum: 0.0]
      [Object Copy (ms): Min: 0.0, Avg: 0.4, Max: 0.6, Diff: 0.6, Sum: 3.2]
      [Termination (ms): Min: 0.0, Avg: 2.9, Max: 3.3, Diff: 3.3, Sum: 22.8]
         [Termination Attempts: Min: 1, Avg: 3.0, Max: 6, Diff: 5, Sum: 24]
      [GC Worker Other (ms): Min: 0.0, Avg: 0.0, Max: 0.1, Diff: 0.0, Sum: 0.2]
      [GC Worker Total (ms): Min: 5.4, Avg: 5.5, Max: 5.5, Diff: 0.1, Sum: 43.7]
      [GC Worker End (ms): Min: 199167623.9, Avg: 199167623.9, Max: 199167623.9, Diff: 0.0]
   [Code Root Fixup: 0.0 ms]
   [Code Root Purge: 0.0 ms]
   [Clear CT: 0.7 ms]
   [Other: 4.4 ms]
      [Choose CSet: 0.0 ms]
      [Ref Proc: 3.8 ms]
      [Ref Enq: 0.1 ms]
      [Redirty Cards: 0.1 ms]
      [Humongous Register: 0.0 ms]
      [Humongous Reclaim: 0.0 ms]
      [Free CSet: 0.3 ms]
   [Eden: 7152.0M(7152.0M)->0.0B(7152.0M) Survivors: 16384.0K->16384.0K Heap: 10325.6M(14336.0M)->3173.6M(14336.0M)]
 [Times: user=0.06 sys=0.00, real=0.02 secs] 
2022-07-24T04:46:31.712-0700: 200163.217: [GC pause (G1 Evacuation Pause) (young) (initial-mark), 0.0133304 secs]
   [Parallel Time: 8.8 ms, GC Workers: 8]
      [GC Worker Start (ms): Min: 200163218.8, Avg: 200163218.9, Max: 200163219.0, Diff: 0.1]
      [Ext Root Scanning (ms): Min: 5.9, Avg: 6.1, Max: 6.4, Diff: 0.5, Sum: 48.7]
      [Update RS (ms): Min: 0.2, Avg: 0.3, Max: 0.5, Diff: 0.3, Sum: 2.2]
         [Processed Buffers: Min: 1, Avg: 22.2, Max: 55, Diff: 54, Sum: 178]
      [Scan RS (ms): Min: 0.0, Avg: 0.1, Max: 0.1, Diff: 0.1, Sum: 0.6]
      [Code Root Scanning (ms): Min: 0.0, Avg: 0.0, Max: 0.0, Diff: 0.0, Sum: 0.0]
      [Object Copy (ms): Min: 0.2, Avg: 0.5, Max: 0.7, Diff: 0.4, Sum: 3.8]
      [Termination (ms): Min: 0.0, Avg: 0.0, Max: 0.0, Diff: 0.0, Sum: 0.0]
         [Termination Attempts: Min: 1, Avg: 2.1, Max: 3, Diff: 2, Sum: 17]
      [GC Worker Other (ms): Min: 0.0, Avg: 0.0, Max: 0.1, Diff: 0.1, Sum: 0.3]
      [GC Worker Total (ms): Min: 6.9, Avg: 7.0, Max: 7.0, Diff: 0.2, Sum: 55.6]
      [GC Worker End (ms): Min: 200163225.8, Avg: 200163225.9, Max: 200163225.9, Diff: 0.0]
   [Code Root Fixup: 0.0 ms]
   [Code Root Purge: 0.0 ms]
   [Clear CT: 0.7 ms]
   [Other: 3.9 ms]
      [Choose CSet: 0.0 ms]
      [Ref Proc: 3.1 ms]
      [Ref Enq: 0.1 ms]
      [Redirty Cards: 0.1 ms]
      [Humongous Register: 0.0 ms]
      [Humongous Reclaim: 0.0 ms]
      [Free CSet: 0.3 ms]
   [Eden: 7152.0M(7152.0M)->0.0B(7152.0M) Survivors: 16384.0K->16384.0K Heap: 10325.6M(14336.0M)->3173.7M(14336.0M)]
 [Times: user=0.06 sys=0.00, real=0.02 secs] 
2022-07-24T04:46:31.726-0700: 200163.231: [GC concurrent-root-region-scan-start]
2022-07-24T04:46:31.731-0700: 200163.235: [GC concurrent-root-region-scan-end, 0.0049346 secs]
2022-07-24T04:46:31.731-0700: 200163.235: [GC concurrent-mark-start]
2022-07-24T04:46:34.122-0700: 200165.627: [GC concurrent-mark-end, 2.3912778 secs]
2022-07-24T04:46:34.122-0700: 200165.627: [GC remark 2022-07-24T04:46:34.122-0700: 200165.627: [Finalize Marking, 0.0001912 secs] 2022-07-24T04:46:34.123-0700: 200165.627: [GC ref-proc, 0.0105633 secs] 2022-07-24T04:46:34.133-0700: 200165.638: [Unloading, 0.0260634 secs], 0.0420611 secs]
 [Times: user=0.25 sys=0.00, real=0.05 secs] 
2022-07-24T04:46:34.165-0700: 200165.669: [GC cleanup 3213M->3213M(14336M), 0.0078161 secs]
 [Times: user=0.05 sys=0.00, real=0.00 secs] 
2022-07-24T05:02:57.063-0700: 201148.568: [GC pause (G1 Evacuation Pause) (young), 0.0106737 secs]
   [Parallel Time: 5.3 ms, GC Workers: 8]
      [GC Worker Start (ms): Min: 201148567.8, Avg: 201148567.9, Max: 201148568.0, Diff: 0.1]
      [Ext Root Scanning (ms): Min: 1.2, Avg: 1.9, Max: 5.1, Diff: 3.9, Sum: 15.0]
      [Update RS (ms): Min: 0.0, Avg: 0.4, Max: 0.8, Diff: 0.8, Sum: 2.9]
         [Processed Buffers: Min: 0, Avg: 22.5, Max: 61, Diff: 61, Sum: 180]
      [Scan RS (ms): Min: 0.0, Avg: 0.1, Max: 0.2, Diff: 0.1, Sum: 0.7]
      [Code Root Scanning (ms): Min: 0.0, Avg: 0.0, Max: 0.0, Diff: 0.0, Sum: 0.0]
      [Object Copy (ms): Min: 0.0, Avg: 0.5, Max: 0.7, Diff: 0.7, Sum: 4.0]
      [Termination (ms): Min: 0.0, Avg: 2.3, Max: 2.6, Diff: 2.6, Sum: 18.3]
         [Termination Attempts: Min: 1, Avg: 1.2, Max: 2, Diff: 1, Sum: 10]
      [GC Worker Other (ms): Min: 0.0, Avg: 0.0, Max: 0.0, Diff: 0.0, Sum: 0.1]
      [GC Worker Total (ms): Min: 5.0, Avg: 5.1, Max: 5.2, Diff: 0.1, Sum: 41.1]
      [GC Worker End (ms): Min: 201148573.0, Avg: 201148573.0, Max: 201148573.1, Diff: 0.0]
   [Code Root Fixup: 0.0 ms]
   [Code Root Purge: 0.0 ms]
   [Clear CT: 0.7 ms]
   [Other: 4.7 ms]
      [Choose CSet: 0.0 ms]
      [Ref Proc: 3.9 ms]
      [Ref Enq: 0.1 ms]
      [Redirty Cards: 0.1 ms]
      [Humongous Register: 0.0 ms]
      [Humongous Reclaim: 0.0 ms]
      [Free CSet: 0.3 ms]
   [Eden: 7152.0M(7152.0M)->0.0B(7152.0M) Survivors: 16384.0K->16384.0K Heap: 10325.7M(14336.0M)->3173.6M(14336.0M)]
 [Times: user=0.05 sys=0.01, real=0.00 secs] 
2022-07-24T05:19:42.959-0700: 202154.464: [GC pause (G1 Evacuation Pause) (young), 0.0093896 secs]
   [Parallel Time: 5.8 ms, GC Workers: 8]
      [GC Worker Start (ms): Min: 202154463.6, Avg: 202154463.8, Max: 202154463.8, Diff: 0.2]
      [Ext Root Scanning (ms): Min: 1.1, Avg: 1.9, Max: 5.5, Diff: 4.4, Sum: 14.9]
      [Update RS (ms): Min: 0.0, Avg: 0.4, Max: 0.7, Diff: 0.7, Sum: 2.8]
         [Processed Buffers: Min: 0, Avg: 21.9, Max: 49, Diff: 49, Sum: 175]
      [Scan RS (ms): Min: 0.0, Avg: 0.1, Max: 0.2, Diff: 0.1, Sum: 0.7]
      [Code Root Scanning (ms): Min: 0.0, Avg: 0.0, Max: 0.0, Diff: 0.0, Sum: 0.0]
      [Object Copy (ms): Min: 0.0, Avg: 0.5, Max: 0.7, Diff: 0.7, Sum: 3.8]
      [Termination (ms): Min: 0.0, Avg: 2.7, Max: 3.1, Diff: 3.1, Sum: 21.6]
         [Termination Attempts: Min: 1, Avg: 1.5, Max: 2, Diff: 1, Sum: 12]
      [GC Worker Other (ms): Min: 0.0, Avg: 0.0, Max: 0.1, Diff: 0.1, Sum: 0.3]
      [GC Worker Total (ms): Min: 5.4, Avg: 5.5, Max: 5.6, Diff: 0.2, Sum: 44.1]
      [GC Worker End (ms): Min: 202154469.2, Avg: 202154469.3, Max: 202154469.3, Diff: 0.1]
   [Code Root Fixup: 0.0 ms]
   [Code Root Purge: 0.0 ms]
   [Clear CT: 0.6 ms]
   [Other: 3.0 ms]
      [Choose CSet: 0.0 ms]
      [Ref Proc: 2.3 ms]
      [Ref Enq: 0.1 ms]
      [Redirty Cards: 0.1 ms]
      [Humongous Register: 0.0 ms]
      [Humongous Reclaim: 0.0 ms]
      [Free CSet: 0.3 ms]
   [Eden: 7152.0M(7152.0M)->0.0B(7152.0M) Survivors: 16384.0K->16384.0K Heap: 10325.6M(14336.0M)->3173.7M(14336.0M)]
 [Times: user=0.05 sys=0.01, real=0.01 secs] 
2022-07-24T05:36:20.811-0700: 203152.316: [GC pause (G1 Evacuation Pause) (young) (initial-mark), 0.0153589 secs]
   [Parallel Time: 10.0 ms, GC Workers: 8]
      [GC Worker Start (ms): Min: 203152318.3, Avg: 203152318.5, Max: 203152318.6, Diff: 0.2]
      [Ext Root Scanning (ms): Min: 6.3, Avg: 6.6, Max: 6.8, Diff: 0.5, Sum: 52.5]
      [Update RS (ms): Min: 0.2, Avg: 0.3, Max: 0.5, Diff: 0.3, Sum: 2.3]
         [Processed Buffers: Min: 1, Avg: 22.1, Max: 64, Diff: 63, Sum: 177]
      [Scan RS (ms): Min: 0.0, Avg: 0.1, Max: 0.1, Diff: 0.1, Sum: 0.5]
      [Code Root Scanning (ms): Min: 0.0, Avg: 0.0, Max: 0.0, Diff: 0.0, Sum: 0.0]
      [Object Copy (ms): Min: 0.2, Avg: 0.5, Max: 0.7, Diff: 0.5, Sum: 3.9]
      [Termination (ms): Min: 0.0, Avg: 0.0, Max: 0.0, Diff: 0.0, Sum: 0.1]
         [Termination Attempts: Min: 1, Avg: 1.2, Max: 2, Diff: 1, Sum: 10]
      [GC Worker Other (ms): Min: 0.0, Avg: 0.0, Max: 0.1, Diff: 0.0, Sum: 0.3]
      [GC Worker Total (ms): Min: 7.4, Avg: 7.4, Max: 7.6, Diff: 0.2, Sum: 59.6]
      [GC Worker End (ms): Min: 203152325.9, Avg: 203152325.9, Max: 203152325.9, Diff: 0.1]
   [Code Root Fixup: 0.0 ms]
   [Code Root Purge: 0.0 ms]
   [Clear CT: 0.7 ms]
   [Other: 4.7 ms]
      [Choose CSet: 0.0 ms]
      [Ref Proc: 4.0 ms]
      [Ref Enq: 0.1 ms]
      [Redirty Cards: 0.1 ms]
      [Humongous Register: 0.0 ms]
      [Humongous Reclaim: 0.0 ms]
      [Free CSet: 0.3 ms]
   [Eden: 7152.0M(7152.0M)->0.0B(7152.0M) Survivors: 16384.0K->16384.0K Heap: 10325.7M(14336.0M)->3173.6M(14336.0M)]
 [Times: user=0.06 sys=0.00, real=0.02 secs] 
2022-07-24T05:36:20.827-0700: 203152.332: [GC concurrent-root-region-scan-start]
2022-07-24T05:36:20.832-0700: 203152.337: [GC concurrent-root-region-scan-end, 0.0049656 secs]
2022-07-24T05:36:20.832-0700: 203152.337: [GC concurrent-mark-start]
2022-07-24T05:36:23.210-0700: 203154.715: [GC concurrent-mark-end, 2.3777747 secs]
2022-07-24T05:36:23.210-0700: 203154.715: [GC remark 2022-07-24T05:36:23.210-0700: 203154.715: [Finalize Marking, 0.0002282 secs] 2022-07-24T05:36:23.210-0700: 203154.715: [GC ref-proc, 0.0107414 secs] 2022-07-24T05:36:23.221-0700: 203154.726: [Unloading, 0.0260074 secs], 0.0421153 secs]
 [Times: user=0.24 sys=0.00, real=0.04 secs] 
2022-07-24T05:36:23.253-0700: 203154.757: [GC cleanup 3245M->3245M(14336M), 0.0078753 secs]
 [Times: user=0.06 sys=0.00, real=0.01 secs] 
2022-07-24T05:52:57.712-0700: 204149.217: [GC pause (G1 Evacuation Pause) (young), 0.0106067 secs]
   [Parallel Time: 5.9 ms, GC Workers: 8]
      [GC Worker Start (ms): Min: 204149217.1, Avg: 204149217.1, Max: 204149217.2, Diff: 0.1]
      [Ext Root Scanning (ms): Min: 1.2, Avg: 1.9, Max: 5.8, Diff: 4.6, Sum: 15.6]
      [Update RS (ms): Min: 0.0, Avg: 0.4, Max: 0.8, Diff: 0.8, Sum: 3.0]
         [Processed Buffers: Min: 0, Avg: 22.0, Max: 53, Diff: 53, Sum: 176]
      [Scan RS (ms): Min: 0.0, Avg: 0.1, Max: 0.2, Diff: 0.2, Sum: 0.8]
      [Code Root Scanning (ms): Min: 0.0, Avg: 0.0, Max: 0.0, Diff: 0.0, Sum: 0.0]
      [Object Copy (ms): Min: 0.0, Avg: 0.5, Max: 0.7, Diff: 0.7, Sum: 3.9]
      [Termination (ms): Min: 0.0, Avg: 2.8, Max: 3.3, Diff: 3.3, Sum: 22.6]
         [Termination Attempts: Min: 1, Avg: 1.4, Max: 2, Diff: 1, Sum: 11]
      [GC Worker Other (ms): Min: 0.0, Avg: 0.0, Max: 0.0, Diff: 0.0, Sum: 0.2]
      [GC Worker Total (ms): Min: 5.7, Avg: 5.8, Max: 5.8, Diff: 0.1, Sum: 46.1]
      [GC Worker End (ms): Min: 204149222.9, Avg: 204149222.9, Max: 204149222.9, Diff: 0.0]
   [Code Root Fixup: 0.0 ms]
   [Code Root Purge: 0.0 ms]
   [Clear CT: 0.6 ms]
   [Other: 4.1 ms]
      [Choose CSet: 0.0 ms]
      [Ref Proc: 3.4 ms]
      [Ref Enq: 0.1 ms]
      [Redirty Cards: 0.1 ms]
      [Humongous Register: 0.0 ms]
      [Humongous Reclaim: 0.0 ms]
      [Free CSet: 0.3 ms]
   [Eden: 7152.0M(7152.0M)->0.0B(7152.0M) Survivors: 16384.0K->16384.0K Heap: 10325.6M(14336.0M)->3173.7M(14336.0M)]
 [Times: user=0.06 sys=0.00, real=0.02 secs] 
2022-07-24T06:09:50.912-0700: 205162.417: [GC pause (G1 Evacuation Pause) (young), 0.0111422 secs]
   [Parallel Time: 5.7 ms, GC Workers: 8]
      [GC Worker Start (ms): Min: 205162417.1, Avg: 205162417.2, Max: 205162417.3, Diff: 0.2]
      [Ext Root Scanning (ms): Min: 1.1, Avg: 1.9, Max: 5.3, Diff: 4.2, Sum: 15.2]
      [Update RS (ms): Min: 0.0, Avg: 0.4, Max: 0.7, Diff: 0.7, Sum: 2.9]
         [Processed Buffers: Min: 0, Avg: 20.6, Max: 51, Diff: 51, Sum: 165]
      [Scan RS (ms): Min: 0.0, Avg: 0.1, Max: 0.2, Diff: 0.2, Sum: 0.7]
      [Code Root Scanning (ms): Min: 0.0, Avg: 0.0, Max: 0.0, Diff: 0.0, Sum: 0.0]
      [Object Copy (ms): Min: 0.0, Avg: 0.5, Max: 0.7, Diff: 0.7, Sum: 3.6]
      [Termination (ms): Min: 0.0, Avg: 2.5, Max: 2.8, Diff: 2.8, Sum: 19.8]
         [Termination Attempts: Min: 1, Avg: 3.5, Max: 6, Diff: 5, Sum: 28]
      [GC Worker Other (ms): Min: 0.0, Avg: 0.0, Max: 0.1, Diff: 0.0, Sum: 0.2]
      [GC Worker Total (ms): Min: 5.2, Avg: 5.3, Max: 5.4, Diff: 0.2, Sum: 42.5]
      [GC Worker End (ms): Min: 205162422.5, Avg: 205162422.5, Max: 205162422.5, Diff: 0.0]
   [Code Root Fixup: 0.0 ms]
   [Code Root Purge: 0.0 ms]
   [Clear CT: 0.6 ms]
   [Other: 4.8 ms]
      [Choose CSet: 0.0 ms]
      [Ref Proc: 4.1 ms]
      [Ref Enq: 0.1 ms]
      [Redirty Cards: 0.1 ms]
      [Humongous Register: 0.0 ms]
      [Humongous Reclaim: 0.0 ms]
      [Free CSet: 0.3 ms]
   [Eden: 7152.0M(7152.0M)->0.0B(7152.0M) Survivors: 16384.0K->16384.0K Heap: 10325.7M(14336.0M)->3173.6M(14336.0M)]
 [Times: user=0.05 sys=0.00, real=0.02 secs] 
2022-07-24T06:26:36.713-0700: 206168.217: [GC pause (G1 Evacuation Pause) (young) (initial-mark), 0.0113302 secs]
   [Parallel Time: 7.3 ms, GC Workers: 8]
      [GC Worker Start (ms): Min: 206168218.8, Avg: 206168218.8, Max: 206168218.9, Diff: 0.1]
      [Ext Root Scanning (ms): Min: 4.8, Avg: 5.0, Max: 5.2, Diff: 0.4, Sum: 39.7]
      [Update RS (ms): Min: 0.1, Avg: 0.2, Max: 0.4, Diff: 0.3, Sum: 2.0]
         [Processed Buffers: Min: 1, Avg: 21.2, Max: 70, Diff: 69, Sum: 170]
      [Scan RS (ms): Min: 0.0, Avg: 0.1, Max: 0.1, Diff: 0.1, Sum: 0.5]
      [Code Root Scanning (ms): Min: 0.0, Avg: 0.0, Max: 0.0, Diff: 0.0, Sum: 0.0]
      [Object Copy (ms): Min: 0.2, Avg: 0.4, Max: 0.6, Diff: 0.4, Sum: 3.2]
      [Termination (ms): Min: 0.0, Avg: 0.0, Max: 0.0, Diff: 0.0, Sum: 0.0]
         [Termination Attempts: Min: 2, Avg: 5.8, Max: 9, Diff: 7, Sum: 46]
      [GC Worker Other (ms): Min: 0.0, Avg: 0.0, Max: 0.1, Diff: 0.1, Sum: 0.4]
      [GC Worker Total (ms): Min: 5.7, Avg: 5.7, Max: 5.8, Diff: 0.1, Sum: 45.8]
      [GC Worker End (ms): Min: 206168224.5, Avg: 206168224.6, Max: 206168224.6, Diff: 0.1]
   [Code Root Fixup: 0.0 ms]
   [Code Root Purge: 0.0 ms]
   [Clear CT: 0.7 ms]
   [Other: 3.3 ms]
      [Choose CSet: 0.0 ms]
      [Ref Proc: 2.5 ms]
      [Ref Enq: 0.1 ms]
      [Redirty Cards: 0.1 ms]
      [Humongous Register: 0.0 ms]
      [Humongous Reclaim: 0.0 ms]
      [Free CSet: 0.3 ms]
   [Eden: 7152.0M(7152.0M)->0.0B(7152.0M) Survivors: 16384.0K->16384.0K Heap: 10325.6M(14336.0M)->3173.6M(14336.0M)]
 [Times: user=0.05 sys=0.00, real=0.02 secs] 
2022-07-24T06:26:36.724-0700: 206168.229: [GC concurrent-root-region-scan-start]
2022-07-24T06:26:36.729-0700: 206168.234: [GC concurrent-root-region-scan-end, 0.0048025 secs]
2022-07-24T06:26:36.729-0700: 206168.234: [GC concurrent-mark-start]
2022-07-24T06:26:39.124-0700: 206170.628: [GC concurrent-mark-end, 2.3948416 secs]
2022-07-24T06:26:39.124-0700: 206170.629: [GC remark 2022-07-24T06:26:39.124-0700: 206170.629: [Finalize Marking, 0.0003836 secs] 2022-07-24T06:26:39.124-0700: 206170.629: [GC ref-proc, 0.0105514 secs] 2022-07-24T06:26:39.135-0700: 206170.640: [Unloading, 0.0259224 secs], 0.0422072 secs]
 [Times: user=0.25 sys=0.00, real=0.04 secs] 
2022-07-24T06:26:39.166-0700: 206170.671: [GC cleanup 3245M->3245M(14336M), 0.0073380 secs]
 [Times: user=0.05 sys=0.00, real=0.00 secs] 
2022-07-24T06:43:15.611-0700: 207167.116: [GC pause (G1 Evacuation Pause) (young), 0.0111886 secs]
   [Parallel Time: 5.9 ms, GC Workers: 8]
      [GC Worker Start (ms): Min: 207167115.7, Avg: 207167115.8, Max: 207167115.9, Diff: 0.2]
      [Ext Root Scanning (ms): Min: 1.2, Avg: 1.9, Max: 5.5, Diff: 4.4, Sum: 15.2]
      [Update RS (ms): Min: 0.0, Avg: 0.4, Max: 0.8, Diff: 0.8, Sum: 2.8]
         [Processed Buffers: Min: 0, Avg: 20.4, Max: 42, Diff: 42, Sum: 163]
      [Scan RS (ms): Min: 0.0, Avg: 0.1, Max: 0.1, Diff: 0.1, Sum: 0.6]
      [Code Root Scanning (ms): Min: 0.0, Avg: 0.0, Max: 0.0, Diff: 0.0, Sum: 0.0]
      [Object Copy (ms): Min: 0.0, Avg: 0.5, Max: 0.7, Diff: 0.7, Sum: 3.8]
      [Termination (ms): Min: 0.0, Avg: 2.7, Max: 3.1, Diff: 3.1, Sum: 21.6]
         [Termination Attempts: Min: 1, Avg: 2.0, Max: 4, Diff: 3, Sum: 16]
      [GC Worker Other (ms): Min: 0.0, Avg: 0.0, Max: 0.1, Diff: 0.0, Sum: 0.2]
      [GC Worker Total (ms): Min: 5.5, Avg: 5.5, Max: 5.6, Diff: 0.1, Sum: 44.3]
      [GC Worker End (ms): Min: 207167121.3, Avg: 207167121.3, Max: 207167121.4, Diff: 0.1]
   [Code Root Fixup: 0.0 ms]
   [Code Root Purge: 0.0 ms]
   [Clear CT: 0.6 ms]
   [Other: 4.7 ms]
      [Choose CSet: 0.0 ms]
      [Ref Proc: 4.0 ms]
      [Ref Enq: 0.1 ms]
      [Redirty Cards: 0.1 ms]
      [Humongous Register: 0.1 ms]
      [Humongous Reclaim: 0.0 ms]
      [Free CSet: 0.3 ms]
   [Eden: 7152.0M(7152.0M)->0.0B(7152.0M) Survivors: 16384.0K->16384.0K Heap: 10325.6M(14336.0M)->3173.7M(14336.0M)]
 [Times: user=0.05 sys=0.01, real=0.01 secs] 
2022-07-24T06:59:53.561-0700: 208165.066: [GC pause (G1 Evacuation Pause) (young), 0.0085550 secs]
   [Parallel Time: 5.2 ms, GC Workers: 8]
      [GC Worker Start (ms): Min: 208165065.8, Avg: 208165065.8, Max: 208165065.9, Diff: 0.1]
      [Ext Root Scanning (ms): Min: 2.0, Avg: 2.7, Max: 5.0, Diff: 3.0, Sum: 21.9]
      [Update RS (ms): Min: 0.0, Avg: 0.3, Max: 0.6, Diff: 0.6, Sum: 2.3]
         [Processed Buffers: Min: 0, Avg: 21.8, Max: 49, Diff: 49, Sum: 174]
      [Scan RS (ms): Min: 0.0, Avg: 0.1, Max: 0.1, Diff: 0.1, Sum: 0.5]
      [Code Root Scanning (ms): Min: 0.0, Avg: 0.0, Max: 0.0, Diff: 0.0, Sum: 0.0]
      [Object Copy (ms): Min: 0.0, Avg: 0.4, Max: 0.8, Diff: 0.8, Sum: 3.0]
      [Termination (ms): Min: 0.0, Avg: 1.5, Max: 1.8, Diff: 1.8, Sum: 12.0]
         [Termination Attempts: Min: 1, Avg: 1.0, Max: 1, Diff: 0, Sum: 8]
      [GC Worker Other (ms): Min: 0.0, Avg: 0.0, Max: 0.0, Diff: 0.0, Sum: 0.1]
      [GC Worker Total (ms): Min: 4.9, Avg: 5.0, Max: 5.0, Diff: 0.1, Sum: 39.9]
      [GC Worker End (ms): Min: 208165070.8, Avg: 208165070.8, Max: 208165070.8, Diff: 0.0]
   [Code Root Fixup: 0.0 ms]
   [Code Root Purge: 0.0 ms]
   [Clear CT: 0.6 ms]
   [Other: 2.8 ms]
      [Choose CSet: 0.0 ms]
      [Ref Proc: 2.1 ms]
      [Ref Enq: 0.1 ms]
      [Redirty Cards: 0.1 ms]
      [Humongous Register: 0.0 ms]
      [Humongous Reclaim: 0.0 ms]
      [Free CSet: 0.3 ms]
   [Eden: 7152.0M(7152.0M)->0.0B(7152.0M) Survivors: 16384.0K->16384.0K Heap: 10325.7M(14336.0M)->3173.6M(14336.0M)]
 [Times: user=0.03 sys=0.01, real=0.01 secs] 
2022-07-24T07:16:29.762-0700: 209161.267: [GC pause (G1 Evacuation Pause) (young) (initial-mark), 0.0167692 secs]
   [Parallel Time: 10.2 ms, GC Workers: 8]
      [GC Worker Start (ms): Min: 209161269.2, Avg: 209161269.4, Max: 209161269.4, Diff: 0.2]
      [Ext Root Scanning (ms): Min: 6.4, Avg: 6.7, Max: 7.0, Diff: 0.6, Sum: 53.3]
      [Update RS (ms): Min: 0.2, Avg: 0.3, Max: 0.5, Diff: 0.4, Sum: 2.2]
         [Processed Buffers: Min: 1, Avg: 20.5, Max: 67, Diff: 66, Sum: 164]
      [Scan RS (ms): Min: 0.0, Avg: 0.1, Max: 0.1, Diff: 0.1, Sum: 0.5]
      [Code Root Scanning (ms): Min: 0.0, Avg: 0.0, Max: 0.0, Diff: 0.0, Sum: 0.0]
      [Object Copy (ms): Min: 0.2, Avg: 0.5, Max: 0.7, Diff: 0.5, Sum: 4.0]
      [Termination (ms): Min: 0.0, Avg: 0.1, Max: 0.1, Diff: 0.1, Sum: 0.5]
         [Termination Attempts: Min: 1, Avg: 4.4, Max: 6, Diff: 5, Sum: 35]
      [GC Worker Other (ms): Min: 0.0, Avg: 0.0, Max: 0.1, Diff: 0.1, Sum: 0.4]
      [GC Worker Total (ms): Min: 7.5, Avg: 7.6, Max: 7.8, Diff: 0.3, Sum: 60.9]
      [GC Worker End (ms): Min: 209161276.9, Avg: 209161277.0, Max: 209161277.1, Diff: 0.1]
   [Code Root Fixup: 0.0 ms]
   [Code Root Purge: 0.0 ms]
   [Clear CT: 0.8 ms]
   [Other: 5.7 ms]
      [Choose CSet: 0.0 ms]
      [Ref Proc: 4.6 ms]
      [Ref Enq: 0.2 ms]
      [Redirty Cards: 0.2 ms]
      [Humongous Register: 0.0 ms]
      [Humongous Reclaim: 0.0 ms]
      [Free CSet: 0.4 ms]
   [Eden: 7152.0M(7152.0M)->0.0B(7152.0M) Survivors: 16384.0K->16384.0K Heap: 10325.6M(14336.0M)->3173.8M(14336.0M)]
 [Times: user=0.07 sys=0.00, real=0.02 secs] 
2022-07-24T07:16:29.779-0700: 209161.284: [GC concurrent-root-region-scan-start]
2022-07-24T07:16:29.784-0700: 209161.289: [GC concurrent-root-region-scan-end, 0.0049446 secs]
2022-07-24T07:16:29.784-0700: 209161.289: [GC concurrent-mark-start]
2022-07-24T07:16:32.180-0700: 209163.685: [GC concurrent-mark-end, 2.3963426 secs]
2022-07-24T07:16:32.181-0700: 209163.686: [GC remark 2022-07-24T07:16:32.181-0700: 209163.686: [Finalize Marking, 0.0003408 secs] 2022-07-24T07:16:32.181-0700: 209163.686: [GC ref-proc, 0.0093625 secs] 2022-07-24T07:16:32.191-0700: 209163.695: [Unloading, 0.0260423 secs], 0.0408880 secs]
 [Times: user=0.25 sys=0.00, real=0.04 secs] 
2022-07-24T07:16:32.222-0700: 209163.727: [GC cleanup 3249M->3249M(14336M), 0.0073947 secs]
 [Times: user=0.05 sys=0.00, real=0.01 secs] 
2022-07-24T07:32:58.813-0700: 210150.317: [GC pause (G1 Evacuation Pause) (young), 0.0115634 secs]
   [Parallel Time: 5.8 ms, GC Workers: 8]
      [GC Worker Start (ms): Min: 210150317.5, Avg: 210150317.5, Max: 210150317.6, Diff: 0.2]
      [Ext Root Scanning (ms): Min: 1.2, Avg: 1.9, Max: 5.7, Diff: 4.5, Sum: 15.4]
      [Update RS (ms): Min: 0.0, Avg: 0.4, Max: 0.9, Diff: 0.9, Sum: 3.0]
         [Processed Buffers: Min: 0, Avg: 22.4, Max: 37, Diff: 37, Sum: 179]
      [Scan RS (ms): Min: 0.0, Avg: 0.1, Max: 0.1, Diff: 0.1, Sum: 0.7]
      [Code Root Scanning (ms): Min: 0.0, Avg: 0.0, Max: 0.0, Diff: 0.0, Sum: 0.0]
      [Object Copy (ms): Min: 0.0, Avg: 0.5, Max: 0.7, Diff: 0.7, Sum: 3.8]
      [Termination (ms): Min: 0.0, Avg: 2.8, Max: 3.2, Diff: 3.2, Sum: 22.4]
         [Termination Attempts: Min: 1, Avg: 1.2, Max: 2, Diff: 1, Sum: 10]
      [GC Worker Other (ms): Min: 0.0, Avg: 0.0, Max: 0.0, Diff: 0.0, Sum: 0.1]
      [GC Worker Total (ms): Min: 5.6, Avg: 5.7, Max: 5.8, Diff: 0.1, Sum: 45.5]
      [GC Worker End (ms): Min: 210150323.2, Avg: 210150323.2, Max: 210150323.2, Diff: 0.0]
   [Code Root Fixup: 0.0 ms]
   [Code Root Purge: 0.0 ms]
   [Clear CT: 0.6 ms]
   [Other: 5.1 ms]
      [Choose CSet: 0.0 ms]
      [Ref Proc: 4.5 ms]
      [Ref Enq: 0.1 ms]
      [Redirty Cards: 0.1 ms]
      [Humongous Register: 0.0 ms]
      [Humongous Reclaim: 0.0 ms]
      [Free CSet: 0.3 ms]
   [Eden: 7152.0M(7152.0M)->0.0B(7152.0M) Survivors: 16384.0K->16384.0K Heap: 10325.8M(14336.0M)->3173.7M(14336.0M)]
 [Times: user=0.06 sys=0.00, real=0.02 secs] 
2022-07-24T07:49:54.513-0700: 211166.017: [GC pause (G1 Evacuation Pause) (young), 0.0110155 secs]
   [Parallel Time: 5.3 ms, GC Workers: 8]
      [GC Worker Start (ms): Min: 211166017.5, Avg: 211166017.6, Max: 211166017.7, Diff: 0.2]
      [Ext Root Scanning (ms): Min: 1.1, Avg: 1.8, Max: 5.0, Diff: 3.9, Sum: 14.4]
      [Update RS (ms): Min: 0.0, Avg: 0.3, Max: 0.6, Diff: 0.6, Sum: 2.7]
         [Processed Buffers: Min: 0, Avg: 21.4, Max: 50, Diff: 50, Sum: 171]
      [Scan RS (ms): Min: 0.0, Avg: 0.1, Max: 0.1, Diff: 0.1, Sum: 0.6]
      [Code Root Scanning (ms): Min: 0.0, Avg: 0.0, Max: 0.0, Diff: 0.0, Sum: 0.0]
      [Object Copy (ms): Min: 0.0, Avg: 0.4, Max: 0.6, Diff: 0.6, Sum: 3.4]
      [Termination (ms): Min: 0.0, Avg: 2.3, Max: 2.7, Diff: 2.7, Sum: 18.6]
         [Termination Attempts: Min: 1, Avg: 3.9, Max: 8, Diff: 7, Sum: 31]
      [GC Worker Other (ms): Min: 0.0, Avg: 0.0, Max: 0.0, Diff: 0.0, Sum: 0.2]
      [GC Worker Total (ms): Min: 4.9, Avg: 5.0, Max: 5.1, Diff: 0.2, Sum: 40.0]
      [GC Worker End (ms): Min: 211166022.6, Avg: 211166022.6, Max: 211166022.6, Diff: 0.0]
   [Code Root Fixup: 0.0 ms]
   [Code Root Purge: 0.0 ms]
   [Clear CT: 0.6 ms]
   [Other: 5.1 ms]
      [Choose CSet: 0.0 ms]
      [Ref Proc: 4.4 ms]
      [Ref Enq: 0.1 ms]
      [Redirty Cards: 0.1 ms]
      [Humongous Register: 0.0 ms]
      [Humongous Reclaim: 0.0 ms]
      [Free CSet: 0.3 ms]
   [Eden: 7152.0M(7152.0M)->0.0B(7152.0M) Survivors: 16384.0K->16384.0K Heap: 10325.7M(14336.0M)->3173.6M(14336.0M)]
 [Times: user=0.06 sys=0.00, real=0.02 secs] 
2022-07-24T08:06:42.113-0700: 212173.618: [GC pause (G1 Evacuation Pause) (young) (initial-mark), 0.0147558 secs]
   [Parallel Time: 9.8 ms, GC Workers: 8]
      [GC Worker Start (ms): Min: 212173619.8, Avg: 212173620.0, Max: 212173620.1, Diff: 0.2]
      [Ext Root Scanning (ms): Min: 6.1, Avg: 6.4, Max: 6.6, Diff: 0.5, Sum: 50.9]
      [Update RS (ms): Min: 0.2, Avg: 0.3, Max: 0.5, Diff: 0.3, Sum: 2.3]
         [Processed Buffers: Min: 1, Avg: 20.9, Max: 64, Diff: 63, Sum: 167]
      [Scan RS (ms): Min: 0.0, Avg: 0.1, Max: 0.1, Diff: 0.1, Sum: 0.5]
      [Code Root Scanning (ms): Min: 0.0, Avg: 0.0, Max: 0.0, Diff: 0.0, Sum: 0.0]
      [Object Copy (ms): Min: 0.0, Avg: 0.5, Max: 0.7, Diff: 0.7, Sum: 3.9]
      [Termination (ms): Min: 0.0, Avg: 0.0, Max: 0.0, Diff: 0.0, Sum: 0.1]
         [Termination Attempts: Min: 1, Avg: 2.2, Max: 3, Diff: 2, Sum: 18]
      [GC Worker Other (ms): Min: 0.0, Avg: 0.1, Max: 0.2, Diff: 0.2, Sum: 0.5]
      [GC Worker Total (ms): Min: 7.1, Avg: 7.3, Max: 7.4, Diff: 0.3, Sum: 58.2]
      [GC Worker End (ms): Min: 212173627.2, Avg: 212173627.2, Max: 212173627.4, Diff: 0.2]
   [Code Root Fixup: 0.0 ms]
   [Code Root Purge: 0.0 ms]
   [Clear CT: 0.7 ms]
   [Other: 4.3 ms]
      [Choose CSet: 0.0 ms]
      [Ref Proc: 3.6 ms]
      [Ref Enq: 0.1 ms]
      [Redirty Cards: 0.1 ms]
      [Humongous Register: 0.0 ms]
      [Humongous Reclaim: 0.0 ms]
      [Free CSet: 0.3 ms]
   [Eden: 7152.0M(7152.0M)->0.0B(7152.0M) Survivors: 16384.0K->16384.0K Heap: 10325.6M(14336.0M)->3173.7M(14336.0M)]
 [Times: user=0.05 sys=0.00, real=0.02 secs] 
2022-07-24T08:06:42.128-0700: 212173.633: [GC concurrent-root-region-scan-start]
2022-07-24T08:06:42.133-0700: 212173.638: [GC concurrent-root-region-scan-end, 0.0052417 secs]
2022-07-24T08:06:42.133-0700: 212173.638: [GC concurrent-mark-start]
2022-07-24T08:06:44.533-0700: 212176.038: [GC concurrent-mark-end, 2.4002691 secs]
2022-07-24T08:06:44.534-0700: 212176.039: [GC remark 2022-07-24T08:06:44.534-0700: 212176.039: [Finalize Marking, 0.0001932 secs] 2022-07-24T08:06:44.534-0700: 212176.039: [GC ref-proc, 0.0077100 secs] 2022-07-24T08:06:44.542-0700: 212176.046: [Unloading, 0.0261573 secs], 0.0392198 secs]
 [Times: user=0.24 sys=0.00, real=0.04 secs] 
2022-07-24T08:06:44.573-0700: 212176.078: [GC cleanup 3237M->3237M(14336M), 0.0070755 secs]
 [Times: user=0.05 sys=0.00, real=0.01 secs] 
2022-07-24T08:23:19.412-0700: 213170.917: [GC pause (G1 Evacuation Pause) (young), 0.0109325 secs]
   [Parallel Time: 5.2 ms, GC Workers: 8]
      [GC Worker Start (ms): Min: 213170917.3, Avg: 213170917.4, Max: 213170917.4, Diff: 0.2]
      [Ext Root Scanning (ms): Min: 1.1, Avg: 1.8, Max: 5.1, Diff: 4.0, Sum: 14.3]
      [Update RS (ms): Min: 0.0, Avg: 0.3, Max: 0.7, Diff: 0.7, Sum: 2.6]
         [Processed Buffers: Min: 0, Avg: 21.5, Max: 54, Diff: 54, Sum: 172]
      [Scan RS (ms): Min: 0.0, Avg: 0.1, Max: 0.1, Diff: 0.1, Sum: 0.6]
      [Code Root Scanning (ms): Min: 0.0, Avg: 0.0, Max: 0.0, Diff: 0.0, Sum: 0.0]
      [Object Copy (ms): Min: 0.0, Avg: 0.5, Max: 0.7, Diff: 0.7, Sum: 3.9]
      [Termination (ms): Min: 0.0, Avg: 2.4, Max: 2.7, Diff: 2.7, Sum: 19.1]
         [Termination Attempts: Min: 1, Avg: 3.8, Max: 6, Diff: 5, Sum: 30]
      [GC Worker Other (ms): Min: 0.0, Avg: 0.0, Max: 0.0, Diff: 0.0, Sum: 0.1]
      [GC Worker Total (ms): Min: 5.0, Avg: 5.1, Max: 5.2, Diff: 0.2, Sum: 40.7]
      [GC Worker End (ms): Min: 213170922.4, Avg: 213170922.4, Max: 213170922.5, Diff: 0.0]
   [Code Root Fixup: 0.0 ms]
   [Code Root Purge: 0.0 ms]
   [Clear CT: 0.6 ms]
   [Other: 5.0 ms]
      [Choose CSet: 0.0 ms]
      [Ref Proc: 4.4 ms]
      [Ref Enq: 0.1 ms]
      [Redirty Cards: 0.1 ms]
      [Humongous Register: 0.0 ms]
      [Humongous Reclaim: 0.0 ms]
      [Free CSet: 0.3 ms]
   [Eden: 7152.0M(7152.0M)->0.0B(7152.0M) Survivors: 16384.0K->16384.0K Heap: 10325.7M(14336.0M)->3173.8M(14336.0M)]
 [Times: user=0.06 sys=0.00, real=0.02 secs] 
2022-07-24T08:39:55.911-0700: 214167.416: [GC pause (G1 Evacuation Pause) (young), 0.0109266 secs]
   [Parallel Time: 5.8 ms, GC Workers: 8]
      [GC Worker Start (ms): Min: 214167415.9, Avg: 214167416.0, Max: 214167416.1, Diff: 0.2]
      [Ext Root Scanning (ms): Min: 1.5, Avg: 2.2, Max: 5.5, Diff: 4.0, Sum: 17.8]
      [Update RS (ms): Min: 0.0, Avg: 0.4, Max: 0.9, Diff: 0.9, Sum: 3.0]
         [Processed Buffers: Min: 0, Avg: 19.8, Max: 44, Diff: 44, Sum: 158]
      [Scan RS (ms): Min: 0.0, Avg: 0.1, Max: 0.1, Diff: 0.1, Sum: 0.6]
      [Code Root Scanning (ms): Min: 0.0, Avg: 0.0, Max: 0.0, Diff: 0.0, Sum: 0.0]
      [Object Copy (ms): Min: 0.0, Avg: 0.5, Max: 0.7, Diff: 0.7, Sum: 3.8]
      [Termination (ms): Min: 0.0, Avg: 2.3, Max: 2.6, Diff: 2.6, Sum: 18.2]
         [Termination Attempts: Min: 1, Avg: 5.8, Max: 12, Diff: 11, Sum: 46]
      [GC Worker Other (ms): Min: 0.0, Avg: 0.0, Max: 0.1, Diff: 0.0, Sum: 0.2]
      [GC Worker Total (ms): Min: 5.4, Avg: 5.5, Max: 5.5, Diff: 0.2, Sum: 43.7]
      [GC Worker End (ms): Min: 214167421.5, Avg: 214167421.5, Max: 214167421.5, Diff: 0.0]
   [Code Root Fixup: 0.0 ms]
   [Code Root Purge: 0.0 ms]
   [Clear CT: 0.6 ms]
   [Other: 4.5 ms]
      [Choose CSet: 0.0 ms]
      [Ref Proc: 3.7 ms]
      [Ref Enq: 0.2 ms]
      [Redirty Cards: 0.1 ms]
      [Humongous Register: 0.0 ms]
      [Humongous Reclaim: 0.0 ms]
      [Free CSet: 0.3 ms]
   [Eden: 7152.0M(7152.0M)->0.0B(7152.0M) Survivors: 16384.0K->16384.0K Heap: 10325.8M(14336.0M)->3173.6M(14336.0M)]
 [Times: user=0.05 sys=0.00, real=0.01 secs] 
2022-07-24T08:56:34.062-0700: 215165.566: [GC pause (G1 Evacuation Pause) (young) (initial-mark), 0.0153159 secs]
   [Parallel Time: 10.2 ms, GC Workers: 8]
      [GC Worker Start (ms): Min: 215165568.6, Avg: 215165568.7, Max: 215165568.7, Diff: 0.2]
      [Ext Root Scanning (ms): Min: 6.5, Avg: 6.8, Max: 7.1, Diff: 0.6, Sum: 54.3]
      [Update RS (ms): Min: 0.1, Avg: 0.3, Max: 0.5, Diff: 0.3, Sum: 2.3]
         [Processed Buffers: Min: 1, Avg: 20.4, Max: 57, Diff: 56, Sum: 163]
      [Scan RS (ms): Min: 0.0, Avg: 0.1, Max: 0.1, Diff: 0.1, Sum: 0.5]
      [Code Root Scanning (ms): Min: 0.0, Avg: 0.0, Max: 0.0, Diff: 0.0, Sum: 0.0]
      [Object Copy (ms): Min: 0.3, Avg: 0.5, Max: 0.8, Diff: 0.6, Sum: 4.3]
      [Termination (ms): Min: 0.0, Avg: 0.0, Max: 0.0, Diff: 0.0, Sum: 0.0]
         [Termination Attempts: Min: 1, Avg: 3.0, Max: 5, Diff: 4, Sum: 24]
      [GC Worker Other (ms): Min: 0.0, Avg: 0.1, Max: 0.2, Diff: 0.1, Sum: 0.5]
      [GC Worker Total (ms): Min: 7.6, Avg: 7.8, Max: 7.9, Diff: 0.3, Sum: 62.0]
      [GC Worker End (ms): Min: 215165576.4, Avg: 215165576.4, Max: 215165576.5, Diff: 0.1]
   [Code Root Fixup: 0.0 ms]
   [Code Root Purge: 0.0 ms]
   [Clear CT: 0.7 ms]
   [Other: 4.4 ms]
      [Choose CSet: 0.0 ms]
      [Ref Proc: 3.7 ms]
      [Ref Enq: 0.1 ms]
      [Redirty Cards: 0.1 ms]
      [Humongous Register: 0.0 ms]
      [Humongous Reclaim: 0.0 ms]
      [Free CSet: 0.3 ms]
   [Eden: 7152.0M(7152.0M)->0.0B(7152.0M) Survivors: 16384.0K->16384.0K Heap: 10325.6M(14336.0M)->3173.7M(14336.0M)]
 [Times: user=0.04 sys=0.02, real=0.02 secs] 
2022-07-24T08:56:34.077-0700: 215165.582: [GC concurrent-root-region-scan-start]
2022-07-24T08:56:34.082-0700: 215165.587: [GC concurrent-root-region-scan-end, 0.0047808 secs]
2022-07-24T08:56:34.082-0700: 215165.587: [GC concurrent-mark-start]
2022-07-24T08:56:36.463-0700: 215167.968: [GC concurrent-mark-end, 2.3811055 secs]
2022-07-24T08:56:36.463-0700: 215167.968: [GC remark 2022-07-24T08:56:36.463-0700: 215167.968: [Finalize Marking, 0.0004494 secs] 2022-07-24T08:56:36.464-0700: 215167.969: [GC ref-proc, 0.0121808 secs] 2022-07-24T08:56:36.476-0700: 215167.981: [Unloading, 0.0268293 secs], 0.0445835 secs]
 [Times: user=0.26 sys=0.00, real=0.04 secs] 
2022-07-24T08:56:36.508-0700: 215168.013: [GC cleanup 3213M->3213M(14336M), 0.0077077 secs]
 [Times: user=0.06 sys=0.00, real=0.01 secs] 
2022-07-24T09:13:15.276-0700: 216166.781: [GC pause (G1 Evacuation Pause) (young), 0.0110007 secs]
   [Parallel Time: 5.9 ms, GC Workers: 8]
      [GC Worker Start (ms): Min: 216166781.0, Avg: 216166781.1, Max: 216166781.2, Diff: 0.2]
      [Ext Root Scanning (ms): Min: 1.2, Avg: 2.0, Max: 5.7, Diff: 4.5, Sum: 15.7]
      [Update RS (ms): Min: 0.0, Avg: 0.4, Max: 0.8, Diff: 0.8, Sum: 3.1]
         [Processed Buffers: Min: 0, Avg: 22.8, Max: 56, Diff: 56, Sum: 182]
      [Scan RS (ms): Min: 0.0, Avg: 0.1, Max: 0.2, Diff: 0.2, Sum: 0.7]
      [Code Root Scanning (ms): Min: 0.0, Avg: 0.0, Max: 0.0, Diff: 0.0, Sum: 0.0]
      [Object Copy (ms): Min: 0.0, Avg: 0.5, Max: 0.8, Diff: 0.8, Sum: 4.2]
      [Termination (ms): Min: 0.0, Avg: 2.7, Max: 3.1, Diff: 3.1, Sum: 21.4]
         [Termination Attempts: Min: 1, Avg: 1.6, Max: 3, Diff: 2, Sum: 13]
      [GC Worker Other (ms): Min: 0.0, Avg: 0.0, Max: 0.0, Diff: 0.0, Sum: 0.2]
      [GC Worker Total (ms): Min: 5.6, Avg: 5.7, Max: 5.7, Diff: 0.2, Sum: 45.2]
      [GC Worker End (ms): Min: 216166786.7, Avg: 216166786.8, Max: 216166786.8, Diff: 0.1]
   [Code Root Fixup: 0.0 ms]
   [Code Root Purge: 0.0 ms]
   [Clear CT: 0.6 ms]
   [Other: 4.5 ms]
      [Choose CSet: 0.0 ms]
      [Ref Proc: 3.8 ms]
      [Ref Enq: 0.1 ms]
      [Redirty Cards: 0.1 ms]
      [Humongous Register: 0.1 ms]
      [Humongous Reclaim: 0.0 ms]
      [Free CSet: 0.3 ms]
   [Eden: 7152.0M(7152.0M)->0.0B(7152.0M) Survivors: 16384.0K->16384.0K Heap: 10325.7M(14336.0M)->3173.7M(14336.0M)]
 [Times: user=0.06 sys=0.00, real=0.01 secs] 
2022-07-24T09:30:00.561-0700: 217172.066: [GC pause (G1 Evacuation Pause) (young), 0.0114306 secs]
   [Parallel Time: 5.9 ms, GC Workers: 8]
      [GC Worker Start (ms): Min: 217172066.0, Avg: 217172066.1, Max: 217172066.2, Diff: 0.2]
      [Ext Root Scanning (ms): Min: 1.3, Avg: 2.0, Max: 5.5, Diff: 4.2, Sum: 16.2]
      [Update RS (ms): Min: 0.0, Avg: 0.4, Max: 0.7, Diff: 0.7, Sum: 2.9]
         [Processed Buffers: Min: 0, Avg: 22.1, Max: 54, Diff: 54, Sum: 177]
      [Scan RS (ms): Min: 0.0, Avg: 0.1, Max: 0.1, Diff: 0.1, Sum: 0.6]
      [Code Root Scanning (ms): Min: 0.0, Avg: 0.0, Max: 0.0, Diff: 0.0, Sum: 0.0]
      [Object Copy (ms): Min: 0.0, Avg: 0.5, Max: 0.8, Diff: 0.8, Sum: 4.1]
      [Termination (ms): Min: 0.0, Avg: 2.4, Max: 2.8, Diff: 2.8, Sum: 19.4]
         [Termination Attempts: Min: 1, Avg: 1.6, Max: 3, Diff: 2, Sum: 13]
      [GC Worker Other (ms): Min: 0.0, Avg: 0.0, Max: 0.0, Diff: 0.0, Sum: 0.2]
      [GC Worker Total (ms): Min: 5.3, Avg: 5.4, Max: 5.5, Diff: 0.2, Sum: 43.5]
      [GC Worker End (ms): Min: 217172071.5, Avg: 217172071.6, Max: 217172071.6, Diff: 0.0]
   [Code Root Fixup: 0.0 ms]
   [Code Root Purge: 0.0 ms]
   [Clear CT: 0.6 ms]
   [Other: 4.9 ms]
      [Choose CSet: 0.0 ms]
      [Ref Proc: 4.3 ms]
      [Ref Enq: 0.1 ms]
      [Redirty Cards: 0.1 ms]
      [Humongous Register: 0.0 ms]
      [Humongous Reclaim: 0.0 ms]
      [Free CSet: 0.3 ms]
   [Eden: 7152.0M(7152.0M)->0.0B(7152.0M) Survivors: 16384.0K->16384.0K Heap: 10325.7M(14336.0M)->3173.7M(14336.0M)]
 [Times: user=0.06 sys=0.00, real=0.01 secs] 
2022-07-24T09:46:47.312-0700: 218178.816: [GC pause (G1 Evacuation Pause) (young) (initial-mark), 0.0141384 secs]
   [Parallel Time: 10.8 ms, GC Workers: 8]
      [GC Worker Start (ms): Min: 218178818.6, Avg: 218178818.7, Max: 218178818.7, Diff: 0.1]
      [Ext Root Scanning (ms): Min: 7.4, Avg: 7.6, Max: 7.9, Diff: 0.5, Sum: 60.9]
      [Update RS (ms): Min: 0.2, Avg: 0.3, Max: 0.5, Diff: 0.3, Sum: 2.3]
         [Processed Buffers: Min: 1, Avg: 20.5, Max: 70, Diff: 69, Sum: 164]
      [Scan RS (ms): Min: 0.0, Avg: 0.1, Max: 0.1, Diff: 0.1, Sum: 0.5]
      [Code Root Scanning (ms): Min: 0.0, Avg: 0.0, Max: 0.0, Diff: 0.0, Sum: 0.0]
      [Object Copy (ms): Min: 0.2, Avg: 0.5, Max: 0.7, Diff: 0.5, Sum: 4.0]
      [Termination (ms): Min: 0.0, Avg: 0.0, Max: 0.0, Diff: 0.0, Sum: 0.1]
         [Termination Attempts: Min: 1, Avg: 3.4, Max: 6, Diff: 5, Sum: 27]
      [GC Worker Other (ms): Min: 0.0, Avg: 0.0, Max: 0.1, Diff: 0.0, Sum: 0.3]
      [GC Worker Total (ms): Min: 8.4, Avg: 8.5, Max: 8.6, Diff: 0.1, Sum: 68.1]
      [GC Worker End (ms): Min: 218178827.2, Avg: 218178827.2, Max: 218178827.2, Diff: 0.0]
   [Code Root Fixup: 0.0 ms]
   [Code Root Purge: 0.0 ms]
   [Clear CT: 0.6 ms]
   [Other: 2.7 ms]
      [Choose CSet: 0.0 ms]
      [Ref Proc: 1.9 ms]
      [Ref Enq: 0.1 ms]
      [Redirty Cards: 0.1 ms]
      [Humongous Register: 0.0 ms]
      [Humongous Reclaim: 0.0 ms]
      [Free CSet: 0.3 ms]
   [Eden: 7152.0M(7152.0M)->0.0B(7152.0M) Survivors: 16384.0K->16384.0K Heap: 10325.7M(14336.0M)->3173.7M(14336.0M)]
 [Times: user=0.05 sys=0.00, real=0.02 secs] 
2022-07-24T09:46:47.326-0700: 218178.831: [GC concurrent-root-region-scan-start]
2022-07-24T09:46:47.331-0700: 218178.836: [GC concurrent-root-region-scan-end, 0.0051917 secs]
2022-07-24T09:46:47.331-0700: 218178.836: [GC concurrent-mark-start]
2022-07-24T09:46:49.701-0700: 218181.205: [GC concurrent-mark-end, 2.3695740 secs]
2022-07-24T09:46:49.701-0700: 218181.206: [GC remark 2022-07-24T09:46:49.701-0700: 218181.206: [Finalize Marking, 0.0004807 secs] 2022-07-24T09:46:49.702-0700: 218181.206: [GC ref-proc, 0.0084641 secs] 2022-07-24T09:46:49.710-0700: 218181.215: [Unloading, 0.0258358 secs], 0.0400345 secs]
 [Times: user=0.24 sys=0.00, real=0.04 secs] 
2022-07-24T09:46:49.741-0700: 218181.246: [GC cleanup 3213M->3213M(14336M), 0.0074577 secs]
 [Times: user=0.05 sys=0.00, real=0.01 secs] 
2022-07-24T10:03:25.812-0700: 219177.317: [GC pause (G1 Evacuation Pause) (young), 0.0117862 secs]
   [Parallel Time: 5.7 ms, GC Workers: 8]
      [GC Worker Start (ms): Min: 219177317.3, Avg: 219177317.4, Max: 219177317.5, Diff: 0.2]
      [Ext Root Scanning (ms): Min: 1.2, Avg: 1.9, Max: 5.3, Diff: 4.2, Sum: 15.4]
      [Update RS (ms): Min: 0.0, Avg: 0.4, Max: 0.7, Diff: 0.7, Sum: 2.9]
         [Processed Buffers: Min: 0, Avg: 22.2, Max: 45, Diff: 45, Sum: 178]
      [Scan RS (ms): Min: 0.0, Avg: 0.1, Max: 0.2, Diff: 0.1, Sum: 0.6]
      [Code Root Scanning (ms): Min: 0.0, Avg: 0.0, Max: 0.0, Diff: 0.0, Sum: 0.0]
      [Object Copy (ms): Min: 0.0, Avg: 0.5, Max: 0.7, Diff: 0.7, Sum: 3.8]
      [Termination (ms): Min: 0.0, Avg: 2.5, Max: 2.8, Diff: 2.8, Sum: 19.7]
         [Termination Attempts: Min: 1, Avg: 3.0, Max: 5, Diff: 4, Sum: 24]
      [GC Worker Other (ms): Min: 0.0, Avg: 0.0, Max: 0.1, Diff: 0.1, Sum: 0.2]
      [GC Worker Total (ms): Min: 5.2, Avg: 5.3, Max: 5.4, Diff: 0.2, Sum: 42.6]
      [GC Worker End (ms): Min: 219177322.7, Avg: 219177322.8, Max: 219177322.8, Diff: 0.1]
   [Code Root Fixup: 0.0 ms]
   [Code Root Purge: 0.0 ms]
   [Clear CT: 0.6 ms]
   [Other: 5.5 ms]
      [Choose CSet: 0.0 ms]
      [Ref Proc: 4.6 ms]
      [Ref Enq: 0.2 ms]
      [Redirty Cards: 0.2 ms]
      [Humongous Register: 0.0 ms]
      [Humongous Reclaim: 0.0 ms]
      [Free CSet: 0.3 ms]
   [Eden: 7152.0M(7152.0M)->0.0B(7152.0M) Survivors: 16384.0K->16384.0K Heap: 10325.7M(14336.0M)->3173.7M(14336.0M)]
 [Times: user=0.05 sys=0.01, real=0.02 secs] 
2022-07-24T10:20:01.609-0700: 220173.113: [GC pause (G1 Evacuation Pause) (young), 0.0091282 secs]
   [Parallel Time: 5.8 ms, GC Workers: 8]
      [GC Worker Start (ms): Min: 220173113.5, Avg: 220173113.6, Max: 220173113.7, Diff: 0.2]
      [Ext Root Scanning (ms): Min: 1.2, Avg: 1.9, Max: 5.4, Diff: 4.2, Sum: 15.1]
      [Update RS (ms): Min: 0.0, Avg: 0.3, Max: 0.6, Diff: 0.6, Sum: 2.7]
         [Processed Buffers: Min: 0, Avg: 21.8, Max: 47, Diff: 47, Sum: 174]
      [Scan RS (ms): Min: 0.0, Avg: 0.1, Max: 0.1, Diff: 0.1, Sum: 0.6]
      [Code Root Scanning (ms): Min: 0.0, Avg: 0.0, Max: 0.0, Diff: 0.0, Sum: 0.0]
      [Object Copy (ms): Min: 0.0, Avg: 0.5, Max: 0.7, Diff: 0.7, Sum: 3.8]
      [Termination (ms): Min: 0.0, Avg: 2.6, Max: 2.9, Diff: 2.9, Sum: 20.5]
         [Termination Attempts: Min: 1, Avg: 2.2, Max: 4, Diff: 3, Sum: 18]
      [GC Worker Other (ms): Min: 0.0, Avg: 0.1, Max: 0.2, Diff: 0.1, Sum: 0.6]
      [GC Worker Total (ms): Min: 5.3, Avg: 5.4, Max: 5.5, Diff: 0.2, Sum: 43.3]
      [GC Worker End (ms): Min: 220173119.0, Avg: 220173119.0, Max: 220173119.1, Diff: 0.1]
   [Code Root Fixup: 0.0 ms]
   [Code Root Purge: 0.0 ms]
   [Clear CT: 0.6 ms]
   [Other: 2.7 ms]
      [Choose CSet: 0.0 ms]
      [Ref Proc: 2.0 ms]
      [Ref Enq: 0.1 ms]
      [Redirty Cards: 0.1 ms]
      [Humongous Register: 0.0 ms]
      [Humongous Reclaim: 0.0 ms]
      [Free CSet: 0.3 ms]
   [Eden: 7152.0M(7152.0M)->0.0B(7152.0M) Survivors: 16384.0K->16384.0K Heap: 10325.7M(14336.0M)->3173.8M(14336.0M)]
 [Times: user=0.04 sys=0.01, real=0.01 secs] 
2022-07-24T10:36:46.266-0700: 221177.771: [GC pause (G1 Evacuation Pause) (young) (initial-mark), 0.0157909 secs]
   [Parallel Time: 9.5 ms, GC Workers: 8]
      [GC Worker Start (ms): Min: 221177772.8, Avg: 221177772.9, Max: 221177772.9, Diff: 0.1]
      [Ext Root Scanning (ms): Min: 6.2, Avg: 6.5, Max: 6.8, Diff: 0.6, Sum: 52.0]
      [Update RS (ms): Min: 0.2, Avg: 0.3, Max: 0.5, Diff: 0.4, Sum: 2.2]
         [Processed Buffers: Min: 1, Avg: 20.9, Max: 63, Diff: 62, Sum: 167]
      [Scan RS (ms): Min: 0.0, Avg: 0.1, Max: 0.1, Diff: 0.1, Sum: 0.5]
      [Code Root Scanning (ms): Min: 0.0, Avg: 0.0, Max: 0.0, Diff: 0.0, Sum: 0.0]
      [Object Copy (ms): Min: 0.2, Avg: 0.5, Max: 0.8, Diff: 0.5, Sum: 4.0]
      [Termination (ms): Min: 0.0, Avg: 0.0, Max: 0.0, Diff: 0.0, Sum: 0.0]
         [Termination Attempts: Min: 1, Avg: 4.6, Max: 8, Diff: 7, Sum: 37]
      [GC Worker Other (ms): Min: 0.0, Avg: 0.1, Max: 0.2, Diff: 0.2, Sum: 0.7]
      [GC Worker Total (ms): Min: 7.3, Avg: 7.4, Max: 7.6, Diff: 0.3, Sum: 59.5]
      [GC Worker End (ms): Min: 221177780.2, Avg: 221177780.3, Max: 221177780.4, Diff: 0.2]
   [Code Root Fixup: 0.0 ms]
   [Code Root Purge: 0.0 ms]
   [Clear CT: 0.7 ms]
   [Other: 5.6 ms]
      [Choose CSet: 0.0 ms]
      [Ref Proc: 4.9 ms]
      [Ref Enq: 0.1 ms]
      [Redirty Cards: 0.1 ms]
      [Humongous Register: 0.0 ms]
      [Humongous Reclaim: 0.0 ms]
      [Free CSet: 0.3 ms]
   [Eden: 7152.0M(7152.0M)->0.0B(7152.0M) Survivors: 16384.0K->16384.0K Heap: 10325.8M(14336.0M)->3173.7M(14336.0M)]
 [Times: user=0.05 sys=0.00, real=0.01 secs] 
2022-07-24T10:36:46.282-0700: 221177.787: [GC concurrent-root-region-scan-start]
2022-07-24T10:36:46.287-0700: 221177.792: [GC concurrent-root-region-scan-end, 0.0047831 secs]
2022-07-24T10:36:46.287-0700: 221177.792: [GC concurrent-mark-start]
2022-07-24T10:36:48.666-0700: 221180.170: [GC concurrent-mark-end, 2.3789159 secs]
2022-07-24T10:36:48.666-0700: 221180.171: [GC remark 2022-07-24T10:36:48.666-0700: 221180.171: [Finalize Marking, 0.0003673 secs] 2022-07-24T10:36:48.666-0700: 221180.171: [GC ref-proc, 0.0072545 secs] 2022-07-24T10:36:48.674-0700: 221180.178: [Unloading, 0.0260515 secs], 0.0388249 secs]
 [Times: user=0.24 sys=0.00, real=0.04 secs] 
2022-07-24T10:36:48.705-0700: 221180.210: [GC cleanup 3213M->3213M(14336M), 0.0068619 secs]
 [Times: user=0.06 sys=0.00, real=0.00 secs] 
2022-07-24T10:53:24.463-0700: 222175.967: [GC pause (G1 Evacuation Pause) (young), 0.0087058 secs]
   [Parallel Time: 5.3 ms, GC Workers: 8]
      [GC Worker Start (ms): Min: 222175967.6, Avg: 222175967.6, Max: 222175967.7, Diff: 0.1]
      [Ext Root Scanning (ms): Min: 1.2, Avg: 1.8, Max: 5.1, Diff: 3.9, Sum: 14.8]
      [Update RS (ms): Min: 0.0, Avg: 0.3, Max: 0.6, Diff: 0.6, Sum: 2.5]
         [Processed Buffers: Min: 0, Avg: 22.4, Max: 56, Diff: 56, Sum: 179]
      [Scan RS (ms): Min: 0.0, Avg: 0.1, Max: 0.1, Diff: 0.1, Sum: 0.6]
      [Code Root Scanning (ms): Min: 0.0, Avg: 0.0, Max: 0.0, Diff: 0.0, Sum: 0.0]
      [Object Copy (ms): Min: 0.0, Avg: 0.5, Max: 0.8, Diff: 0.8, Sum: 4.1]
      [Termination (ms): Min: 0.0, Avg: 2.4, Max: 2.7, Diff: 2.7, Sum: 18.9]
         [Termination Attempts: Min: 1, Avg: 1.6, Max: 3, Diff: 2, Sum: 13]
      [GC Worker Other (ms): Min: 0.0, Avg: 0.0, Max: 0.0, Diff: 0.0, Sum: 0.2]
      [GC Worker Total (ms): Min: 5.1, Avg: 5.1, Max: 5.2, Diff: 0.1, Sum: 41.2]
      [GC Worker End (ms): Min: 222175972.8, Avg: 222175972.8, Max: 222175972.8, Diff: 0.0]
   [Code Root Fixup: 0.0 ms]
   [Code Root Purge: 0.0 ms]
   [Clear CT: 0.6 ms]
   [Other: 2.7 ms]
      [Choose CSet: 0.0 ms]
      [Ref Proc: 2.1 ms]
      [Ref Enq: 0.1 ms]
      [Redirty Cards: 0.1 ms]
      [Humongous Register: 0.0 ms]
      [Humongous Reclaim: 0.0 ms]
      [Free CSet: 0.3 ms]
   [Eden: 7152.0M(7152.0M)->0.0B(7152.0M) Survivors: 16384.0K->16384.0K Heap: 10325.7M(14336.0M)->3173.8M(14336.0M)]
 [Times: user=0.05 sys=0.00, real=0.00 secs] 
2022-07-24T11:10:00.812-0700: 223172.317: [GC pause (G1 Evacuation Pause) (young), 0.0107814 secs]
   [Parallel Time: 5.5 ms, GC Workers: 8]
      [GC Worker Start (ms): Min: 223172317.0, Avg: 223172317.1, Max: 223172317.1, Diff: 0.1]
      [Ext Root Scanning (ms): Min: 1.1, Avg: 1.8, Max: 5.2, Diff: 4.1, Sum: 14.3]
      [Update RS (ms): Min: 0.0, Avg: 0.3, Max: 0.7, Diff: 0.7, Sum: 2.6]
         [Processed Buffers: Min: 0, Avg: 21.1, Max: 47, Diff: 47, Sum: 169]
      [Scan RS (ms): Min: 0.0, Avg: 0.1, Max: 0.1, Diff: 0.1, Sum: 0.6]
      [Code Root Scanning (ms): Min: 0.0, Avg: 0.0, Max: 0.0, Diff: 0.0, Sum: 0.0]
      [Object Copy (ms): Min: 0.0, Avg: 0.5, Max: 0.7, Diff: 0.7, Sum: 3.8]
      [Termination (ms): Min: 0.0, Avg: 2.6, Max: 2.9, Diff: 2.9, Sum: 20.4]
         [Termination Attempts: Min: 1, Avg: 1.8, Max: 3, Diff: 2, Sum: 14]
      [GC Worker Other (ms): Min: 0.0, Avg: 0.0, Max: 0.0, Diff: 0.0, Sum: 0.2]
      [GC Worker Total (ms): Min: 5.2, Avg: 5.2, Max: 5.3, Diff: 0.1, Sum: 41.9]
      [GC Worker End (ms): Min: 223172322.3, Avg: 223172322.3, Max: 223172322.3, Diff: 0.0]
   [Code Root Fixup: 0.0 ms]
   [Code Root Purge: 0.0 ms]
   [Clear CT: 0.6 ms]
   [Other: 4.7 ms]
      [Choose CSet: 0.0 ms]
      [Ref Proc: 4.0 ms]
      [Ref Enq: 0.1 ms]
      [Redirty Cards: 0.1 ms]
      [Humongous Register: 0.0 ms]
      [Humongous Reclaim: 0.0 ms]
      [Free CSet: 0.3 ms]
   [Eden: 7152.0M(7152.0M)->0.0B(7152.0M) Survivors: 16384.0K->16384.0K Heap: 10325.8M(14336.0M)->3173.9M(14336.0M)]
 [Times: user=0.05 sys=0.00, real=0.02 secs] 
2022-07-24T11:26:43.213-0700: 224174.718: [GC pause (G1 Evacuation Pause) (young) (initial-mark), 0.0143311 secs]
   [Parallel Time: 9.4 ms, GC Workers: 8]
      [GC Worker Start (ms): Min: 224174719.4, Avg: 224174719.4, Max: 224174719.5, Diff: 0.2]
      [Ext Root Scanning (ms): Min: 6.2, Avg: 6.4, Max: 6.8, Diff: 0.5, Sum: 51.4]
      [Update RS (ms): Min: 0.1, Avg: 0.3, Max: 0.5, Diff: 0.4, Sum: 2.2]
         [Processed Buffers: Min: 2, Avg: 20.5, Max: 42, Diff: 40, Sum: 164]
      [Scan RS (ms): Min: 0.0, Avg: 0.1, Max: 0.1, Diff: 0.1, Sum: 0.6]
      [Code Root Scanning (ms): Min: 0.0, Avg: 0.0, Max: 0.0, Diff: 0.0, Sum: 0.0]
      [Object Copy (ms): Min: 0.2, Avg: 0.5, Max: 0.8, Diff: 0.6, Sum: 4.1]
      [Termination (ms): Min: 0.0, Avg: 0.1, Max: 0.1, Diff: 0.1, Sum: 0.5]
         [Termination Attempts: Min: 1, Avg: 2.1, Max: 4, Diff: 3, Sum: 17]
      [GC Worker Other (ms): Min: 0.0, Avg: 0.1, Max: 0.1, Diff: 0.1, Sum: 0.5]
      [GC Worker Total (ms): Min: 7.3, Avg: 7.4, Max: 7.5, Diff: 0.3, Sum: 59.2]
      [GC Worker End (ms): Min: 224174726.8, Avg: 224174726.8, Max: 224174726.9, Diff: 0.2]
   [Code Root Fixup: 0.0 ms]
   [Code Root Purge: 0.0 ms]
   [Clear CT: 0.7 ms]
   [Other: 4.2 ms]
      [Choose CSet: 0.0 ms]
      [Ref Proc: 3.6 ms]
      [Ref Enq: 0.1 ms]
      [Redirty Cards: 0.1 ms]
      [Humongous Register: 0.0 ms]
      [Humongous Reclaim: 0.0 ms]
      [Free CSet: 0.3 ms]
   [Eden: 7152.0M(7152.0M)->0.0B(7152.0M) Survivors: 16384.0K->16384.0K Heap: 10325.9M(14336.0M)->3173.8M(14336.0M)]
 [Times: user=0.03 sys=0.03, real=0.02 secs] 
2022-07-24T11:26:43.227-0700: 224174.732: [GC concurrent-root-region-scan-start]
2022-07-24T11:26:43.232-0700: 224174.737: [GC concurrent-root-region-scan-end, 0.0046797 secs]
2022-07-24T11:26:43.232-0700: 224174.737: [GC concurrent-mark-start]
2022-07-24T11:26:45.599-0700: 224177.104: [GC concurrent-mark-end, 2.3670721 secs]
2022-07-24T11:26:45.599-0700: 224177.104: [GC remark 2022-07-24T11:26:45.599-0700: 224177.104: [Finalize Marking, 0.0004276 secs] 2022-07-24T11:26:45.604-0700: 224177.109: [GC ref-proc, 0.0092995 secs] 2022-07-24T11:26:45.614-0700: 224177.118: [Unloading, 0.0262215 secs], 0.0455670 secs]
 [Times: user=0.25 sys=0.00, real=0.05 secs] 
2022-07-24T11:26:45.645-0700: 224177.150: [GC cleanup 3213M->3213M(14336M), 0.0077665 secs]
 [Times: user=0.05 sys=0.00, real=0.00 secs] 
2022-07-24T11:43:33.663-0700: 225185.168: [GC pause (G1 Evacuation Pause) (young), 0.0108152 secs]
   [Parallel Time: 5.7 ms, GC Workers: 8]
      [GC Worker Start (ms): Min: 225185167.7, Avg: 225185167.8, Max: 225185167.9, Diff: 0.1]
      [Ext Root Scanning (ms): Min: 1.3, Avg: 1.9, Max: 5.3, Diff: 4.1, Sum: 15.4]
      [Update RS (ms): Min: 0.0, Avg: 0.3, Max: 0.8, Diff: 0.7, Sum: 2.8]
         [Processed Buffers: Min: 0, Avg: 20.6, Max: 49, Diff: 49, Sum: 165]
      [Scan RS (ms): Min: 0.0, Avg: 0.1, Max: 0.2, Diff: 0.1, Sum: 0.7]
      [Code Root Scanning (ms): Min: 0.0, Avg: 0.0, Max: 0.0, Diff: 0.0, Sum: 0.0]
      [Object Copy (ms): Min: 0.0, Avg: 0.5, Max: 0.8, Diff: 0.8, Sum: 4.3]
      [Termination (ms): Min: 0.0, Avg: 2.4, Max: 2.7, Diff: 2.7, Sum: 19.1]
         [Termination Attempts: Min: 1, Avg: 7.2, Max: 10, Diff: 9, Sum: 58]
      [GC Worker Other (ms): Min: 0.0, Avg: 0.0, Max: 0.0, Diff: 0.0, Sum: 0.1]
      [GC Worker Total (ms): Min: 5.2, Avg: 5.3, Max: 5.4, Diff: 0.1, Sum: 42.4]
      [GC Worker End (ms): Min: 225185173.1, Avg: 225185173.1, Max: 225185173.1, Diff: 0.0]
   [Code Root Fixup: 0.0 ms]
   [Code Root Purge: 0.0 ms]
   [Clear CT: 0.6 ms]
   [Other: 4.5 ms]
      [Choose CSet: 0.0 ms]
      [Ref Proc: 3.8 ms]
      [Ref Enq: 0.1 ms]
      [Redirty Cards: 0.1 ms]
      [Humongous Register: 0.0 ms]
      [Humongous Reclaim: 0.0 ms]
      [Free CSet: 0.3 ms]
   [Eden: 7152.0M(7152.0M)->0.0B(7152.0M) Survivors: 16384.0K->16384.0K Heap: 10325.8M(14336.0M)->3173.8M(14336.0M)]
 [Times: user=0.05 sys=0.00, real=0.00 secs] 
2022-07-24T12:00:19.362-0700: 226190.867: [GC pause (G1 Evacuation Pause) (young), 0.0115846 secs]
   [Parallel Time: 5.7 ms, GC Workers: 8]
      [GC Worker Start (ms): Min: 226190867.0, Avg: 226190867.1, Max: 226190867.1, Diff: 0.1]
      [Ext Root Scanning (ms): Min: 1.4, Avg: 2.1, Max: 5.3, Diff: 4.0, Sum: 16.9]
      [Update RS (ms): Min: 0.0, Avg: 0.3, Max: 0.6, Diff: 0.6, Sum: 2.7]
         [Processed Buffers: Min: 0, Avg: 21.5, Max: 68, Diff: 68, Sum: 172]
      [Scan RS (ms): Min: 0.0, Avg: 0.1, Max: 0.2, Diff: 0.1, Sum: 0.6]
      [Code Root Scanning (ms): Min: 0.0, Avg: 0.0, Max: 0.0, Diff: 0.0, Sum: 0.0]
      [Object Copy (ms): Min: 0.0, Avg: 0.6, Max: 0.9, Diff: 0.9, Sum: 4.7]
      [Termination (ms): Min: 0.0, Avg: 2.2, Max: 2.5, Diff: 2.5, Sum: 17.4]
         [Termination Attempts: Min: 1, Avg: 2.4, Max: 5, Diff: 4, Sum: 19]
      [GC Worker Other (ms): Min: 0.0, Avg: 0.0, Max: 0.0, Diff: 0.0, Sum: 0.2]
      [GC Worker Total (ms): Min: 5.2, Avg: 5.3, Max: 5.4, Diff: 0.2, Sum: 42.5]
      [GC Worker End (ms): Min: 226190872.4, Avg: 226190872.4, Max: 226190872.4, Diff: 0.0]
   [Code Root Fixup: 0.0 ms]
   [Code Root Purge: 0.0 ms]
   [Clear CT: 0.7 ms]
   [Other: 5.1 ms]
      [Choose CSet: 0.0 ms]
      [Ref Proc: 4.4 ms]
      [Ref Enq: 0.1 ms]
      [Redirty Cards: 0.1 ms]
      [Humongous Register: 0.0 ms]
      [Humongous Reclaim: 0.0 ms]
      [Free CSet: 0.3 ms]
   [Eden: 7152.0M(7152.0M)->0.0B(7152.0M) Survivors: 16384.0K->16384.0K Heap: 10325.8M(14336.0M)->3173.7M(14336.0M)]
 [Times: user=0.06 sys=0.00, real=0.01 secs] 
2022-07-24T12:16:55.834-0700: 227187.339: [GC pause (G1 Evacuation Pause) (young) (initial-mark), 0.0151177 secs]
   [Parallel Time: 10.4 ms, GC Workers: 8]
      [GC Worker Start (ms): Min: 227187341.1, Avg: 227187341.2, Max: 227187341.2, Diff: 0.2]
      [Ext Root Scanning (ms): Min: 6.2, Avg: 6.6, Max: 7.1, Diff: 1.0, Sum: 52.6]
      [Update RS (ms): Min: 0.2, Avg: 0.3, Max: 0.6, Diff: 0.4, Sum: 2.3]
         [Processed Buffers: Min: 1, Avg: 21.5, Max: 61, Diff: 60, Sum: 172]
      [Scan RS (ms): Min: 0.0, Avg: 0.1, Max: 0.1, Diff: 0.1, Sum: 0.5]
      [Code Root Scanning (ms): Min: 0.0, Avg: 0.0, Max: 0.0, Diff: 0.0, Sum: 0.0]
      [Object Copy (ms): Min: 0.2, Avg: 0.8, Max: 1.2, Diff: 0.9, Sum: 6.2]
      [Termination (ms): Min: 0.0, Avg: 0.0, Max: 0.0, Diff: 0.0, Sum: 0.1]
         [Termination Attempts: Min: 1, Avg: 2.8, Max: 5, Diff: 4, Sum: 22]
      [GC Worker Other (ms): Min: 0.0, Avg: 0.0, Max: 0.1, Diff: 0.0, Sum: 0.3]
      [GC Worker Total (ms): Min: 7.7, Avg: 7.7, Max: 7.9, Diff: 0.2, Sum: 62.0]
      [GC Worker End (ms): Min: 227187348.9, Avg: 227187348.9, Max: 227187349.0, Diff: 0.1]
   [Code Root Fixup: 0.0 ms]
   [Code Root Purge: 0.0 ms]
   [Clear CT: 0.6 ms]
   [Other: 4.1 ms]
      [Choose CSet: 0.0 ms]
      [Ref Proc: 3.3 ms]
      [Ref Enq: 0.1 ms]
      [Redirty Cards: 0.1 ms]
      [Humongous Register: 0.0 ms]
      [Humongous Reclaim: 0.0 ms]
      [Free CSet: 0.3 ms]
   [Eden: 7152.0M(7152.0M)->0.0B(7152.0M) Survivors: 16384.0K->16384.0K Heap: 10325.7M(14336.0M)->3173.8M(14336.0M)]
 [Times: user=0.06 sys=0.00, real=0.02 secs] 
2022-07-24T12:16:55.849-0700: 227187.354: [GC concurrent-root-region-scan-start]
2022-07-24T12:16:55.854-0700: 227187.358: [GC concurrent-root-region-scan-end, 0.0044550 secs]
2022-07-24T12:16:55.854-0700: 227187.358: [GC concurrent-mark-start]
2022-07-24T12:16:58.231-0700: 227189.736: [GC concurrent-mark-end, 2.3778012 secs]
2022-07-24T12:16:58.232-0700: 227189.736: [GC remark 2022-07-24T12:16:58.232-0700: 227189.737: [Finalize Marking, 0.0003360 secs] 2022-07-24T12:16:58.232-0700: 227189.737: [GC ref-proc, 0.0075409 secs] 2022-07-24T12:16:58.240-0700: 227189.744: [Unloading, 0.0259539 secs], 0.0388694 secs]
 [Times: user=0.24 sys=0.00, real=0.04 secs] 
2022-07-24T12:16:58.271-0700: 227189.776: [GC cleanup 3213M->3213M(14336M), 0.0076370 secs]
 [Times: user=0.05 sys=0.00, real=0.01 secs] 
2022-07-24T12:33:42.362-0700: 228193.866: [GC pause (G1 Evacuation Pause) (young), 0.0104934 secs]
   [Parallel Time: 5.6 ms, GC Workers: 8]
      [GC Worker Start (ms): Min: 228193866.5, Avg: 228193866.6, Max: 228193866.7, Diff: 0.2]
      [Ext Root Scanning (ms): Min: 1.2, Avg: 2.0, Max: 5.3, Diff: 4.1, Sum: 16.1]
      [Update RS (ms): Min: 0.0, Avg: 0.3, Max: 0.7, Diff: 0.7, Sum: 2.7]
         [Processed Buffers: Min: 0, Avg: 19.9, Max: 46, Diff: 46, Sum: 159]
      [Scan RS (ms): Min: 0.0, Avg: 0.1, Max: 0.1, Diff: 0.1, Sum: 0.6]
      [Code Root Scanning (ms): Min: 0.0, Avg: 0.0, Max: 0.0, Diff: 0.0, Sum: 0.0]
      [Object Copy (ms): Min: 0.0, Avg: 0.6, Max: 0.8, Diff: 0.8, Sum: 4.7]
      [Termination (ms): Min: 0.0, Avg: 2.3, Max: 2.6, Diff: 2.6, Sum: 18.1]
         [Termination Attempts: Min: 1, Avg: 1.0, Max: 1, Diff: 0, Sum: 8]
      [GC Worker Other (ms): Min: 0.0, Avg: 0.0, Max: 0.1, Diff: 0.0, Sum: 0.2]
      [GC Worker Total (ms): Min: 5.2, Avg: 5.3, Max: 5.4, Diff: 0.2, Sum: 42.4]
      [GC Worker End (ms): Min: 228193871.9, Avg: 228193871.9, Max: 228193871.9, Diff: 0.0]
   [Code Root Fixup: 0.0 ms]
   [Code Root Purge: 0.0 ms]
   [Clear CT: 0.6 ms]
   [Other: 4.3 ms]
      [Choose CSet: 0.0 ms]
      [Ref Proc: 3.7 ms]
      [Ref Enq: 0.1 ms]
      [Redirty Cards: 0.1 ms]
      [Humongous Register: 0.0 ms]
      [Humongous Reclaim: 0.0 ms]
      [Free CSet: 0.3 ms]
   [Eden: 7152.0M(7152.0M)->0.0B(7152.0M) Survivors: 16384.0K->16384.0K Heap: 10325.8M(14336.0M)->3173.7M(14336.0M)]
 [Times: user=0.06 sys=0.00, real=0.01 secs] 
2022-07-24T12:50:28.564-0700: 229200.069: [GC pause (G1 Evacuation Pause) (young), 0.0085632 secs]
   [Parallel Time: 5.7 ms, GC Workers: 8]
      [GC Worker Start (ms): Min: 229200068.9, Avg: 229200068.9, Max: 229200069.0, Diff: 0.1]
      [Ext Root Scanning (ms): Min: 1.4, Avg: 2.1, Max: 5.5, Diff: 4.1, Sum: 16.9]
      [Update RS (ms): Min: 0.0, Avg: 0.4, Max: 0.7, Diff: 0.7, Sum: 2.8]
         [Processed Buffers: Min: 0, Avg: 20.8, Max: 76, Diff: 76, Sum: 166]
      [Scan RS (ms): Min: 0.0, Avg: 0.1, Max: 0.2, Diff: 0.2, Sum: 0.8]
      [Code Root Scanning (ms): Min: 0.0, Avg: 0.0, Max: 0.0, Diff: 0.0, Sum: 0.0]
      [Object Copy (ms): Min: 0.0, Avg: 0.5, Max: 0.8, Diff: 0.8, Sum: 4.3]
      [Termination (ms): Min: 0.0, Avg: 2.4, Max: 2.8, Diff: 2.8, Sum: 19.4]
         [Termination Attempts: Min: 1, Avg: 2.4, Max: 4, Diff: 3, Sum: 19]
      [GC Worker Other (ms): Min: 0.0, Avg: 0.0, Max: 0.0, Diff: 0.0, Sum: 0.2]
      [GC Worker Total (ms): Min: 5.5, Avg: 5.5, Max: 5.6, Diff: 0.1, Sum: 44.2]
      [GC Worker End (ms): Min: 229200074.4, Avg: 229200074.5, Max: 229200074.5, Diff: 0.0]
   [Code Root Fixup: 0.0 ms]
   [Code Root Purge: 0.0 ms]
   [Clear CT: 0.7 ms]
   [Other: 2.2 ms]
      [Choose CSet: 0.0 ms]
      [Ref Proc: 1.6 ms]
      [Ref Enq: 0.1 ms]
      [Redirty Cards: 0.1 ms]
      [Humongous Register: 0.0 ms]
      [Humongous Reclaim: 0.0 ms]
      [Free CSet: 0.3 ms]
   [Eden: 7152.0M(7152.0M)->0.0B(7152.0M) Survivors: 16384.0K->16384.0K Heap: 10325.7M(14336.0M)->3173.9M(14336.0M)]
 [Times: user=0.04 sys=0.01, real=0.00 secs] 
2022-07-24T13:07:11.153-0700: 230202.658: [GC pause (G1 Evacuation Pause) (young) (initial-mark), 0.0146755 secs]
   [Parallel Time: 9.6 ms, GC Workers: 8]
      [GC Worker Start (ms): Min: 230202660.1, Avg: 230202660.3, Max: 230202660.4, Diff: 0.2]
      [Ext Root Scanning (ms): Min: 6.1, Avg: 6.4, Max: 6.7, Diff: 0.5, Sum: 50.9]
      [Update RS (ms): Min: 0.2, Avg: 0.3, Max: 0.5, Diff: 0.4, Sum: 2.4]
         [Processed Buffers: Min: 1, Avg: 20.8, Max: 59, Diff: 58, Sum: 166]
      [Scan RS (ms): Min: 0.0, Avg: 0.1, Max: 0.1, Diff: 0.1, Sum: 0.5]
      [Code Root Scanning (ms): Min: 0.0, Avg: 0.0, Max: 0.0, Diff: 0.0, Sum: 0.0]
      [Object Copy (ms): Min: 0.2, Avg: 0.5, Max: 0.8, Diff: 0.6, Sum: 4.1]
      [Termination (ms): Min: 0.0, Avg: 0.1, Max: 0.1, Diff: 0.1, Sum: 0.4]
         [Termination Attempts: Min: 1, Avg: 2.6, Max: 5, Diff: 4, Sum: 21]
      [GC Worker Other (ms): Min: 0.0, Avg: 0.0, Max: 0.1, Diff: 0.1, Sum: 0.3]
      [GC Worker Total (ms): Min: 7.2, Avg: 7.3, Max: 7.4, Diff: 0.2, Sum: 58.7]
      [GC Worker End (ms): Min: 230202667.6, Avg: 230202667.6, Max: 230202667.7, Diff: 0.1]
   [Code Root Fixup: 0.0 ms]
   [Code Root Purge: 0.0 ms]
   [Clear CT: 0.6 ms]
   [Other: 4.5 ms]
      [Choose CSet: 0.0 ms]
      [Ref Proc: 3.8 ms]
      [Ref Enq: 0.1 ms]
      [Redirty Cards: 0.1 ms]
      [Humongous Register: 0.0 ms]
      [Humongous Reclaim: 0.0 ms]
      [Free CSet: 0.3 ms]
   [Eden: 7152.0M(7152.0M)->0.0B(7152.0M) Survivors: 16384.0K->16384.0K Heap: 10325.9M(14336.0M)->3173.7M(14336.0M)]
 [Times: user=0.06 sys=0.00, real=0.02 secs] 
2022-07-24T13:07:11.168-0700: 230202.673: [GC concurrent-root-region-scan-start]
2022-07-24T13:07:11.173-0700: 230202.678: [GC concurrent-root-region-scan-end, 0.0048349 secs]
2022-07-24T13:07:11.173-0700: 230202.678: [GC concurrent-mark-start]
2022-07-24T13:07:13.555-0700: 230205.060: [GC concurrent-mark-end, 2.3822859 secs]
2022-07-24T13:07:13.556-0700: 230205.060: [GC remark 2022-07-24T13:07:13.556-0700: 230205.061: [Finalize Marking, 0.0004338 secs] 2022-07-24T13:07:13.556-0700: 230205.061: [GC ref-proc, 0.0084578 secs] 2022-07-24T13:07:13.565-0700: 230205.069: [Unloading, 0.0256579 secs], 0.0398975 secs]
 [Times: user=0.24 sys=0.00, real=0.04 secs] 
2022-07-24T13:07:13.596-0700: 230205.101: [GC cleanup 3253M->3253M(14336M), 0.0074970 secs]
 [Times: user=0.06 sys=0.00, real=0.01 secs] 
2022-07-24T13:23:51.111-0700: 231202.616: [GC pause (G1 Evacuation Pause) (young), 0.0085715 secs]
   [Parallel Time: 5.7 ms, GC Workers: 8]
      [GC Worker Start (ms): Min: 231202616.3, Avg: 231202616.3, Max: 231202616.4, Diff: 0.1]
      [Ext Root Scanning (ms): Min: 1.2, Avg: 1.9, Max: 5.5, Diff: 4.3, Sum: 15.1]
      [Update RS (ms): Min: 0.0, Avg: 0.4, Max: 0.8, Diff: 0.8, Sum: 2.8]
         [Processed Buffers: Min: 0, Avg: 21.2, Max: 63, Diff: 63, Sum: 170]
      [Scan RS (ms): Min: 0.0, Avg: 0.1, Max: 0.2, Diff: 0.2, Sum: 0.6]
      [Code Root Scanning (ms): Min: 0.0, Avg: 0.0, Max: 0.0, Diff: 0.0, Sum: 0.0]
      [Object Copy (ms): Min: 0.0, Avg: 0.6, Max: 0.8, Diff: 0.8, Sum: 4.4]
      [Termination (ms): Min: 0.0, Avg: 2.6, Max: 3.0, Diff: 3.0, Sum: 20.9]
         [Termination Attempts: Min: 1, Avg: 5.2, Max: 8, Diff: 7, Sum: 42]
      [GC Worker Other (ms): Min: 0.0, Avg: 0.0, Max: 0.1, Diff: 0.1, Sum: 0.2]
      [GC Worker Total (ms): Min: 5.5, Avg: 5.5, Max: 5.6, Diff: 0.1, Sum: 44.2]
      [GC Worker End (ms): Min: 231202621.9, Avg: 231202621.9, Max: 231202621.9, Diff: 0.0]
   [Code Root Fixup: 0.0 ms]
   [Code Root Purge: 0.0 ms]
   [Clear CT: 0.6 ms]
   [Other: 2.3 ms]
      [Choose CSet: 0.0 ms]
      [Ref Proc: 1.6 ms]
      [Ref Enq: 0.1 ms]
      [Redirty Cards: 0.1 ms]
      [Humongous Register: 0.0 ms]
      [Humongous Reclaim: 0.0 ms]
      [Free CSet: 0.3 ms]
   [Eden: 7152.0M(7152.0M)->0.0B(7152.0M) Survivors: 16384.0K->16384.0K Heap: 10325.7M(14336.0M)->3173.8M(14336.0M)]
 [Times: user=0.05 sys=0.00, real=0.01 secs] 
2022-07-24T13:37:37.758-0700: 232029.262: [GC pause (G1 Humongous Allocation) (young) (initial-mark), 0.0173640 secs]
   [Parallel Time: 12.1 ms, GC Workers: 8]
      [GC Worker Start (ms): Min: 232029264.4, Avg: 232029264.5, Max: 232029264.6, Diff: 0.2]
      [Ext Root Scanning (ms): Min: 8.0, Avg: 8.4, Max: 8.7, Diff: 0.6, Sum: 66.9]
      [Update RS (ms): Min: 0.2, Avg: 0.3, Max: 0.7, Diff: 0.4, Sum: 2.7]
         [Processed Buffers: Min: 1, Avg: 20.6, Max: 70, Diff: 69, Sum: 165]
      [Scan RS (ms): Min: 0.0, Avg: 0.1, Max: 0.1, Diff: 0.1, Sum: 0.5]
      [Code Root Scanning (ms): Min: 0.0, Avg: 0.0, Max: 0.0, Diff: 0.0, Sum: 0.0]
      [Object Copy (ms): Min: 0.1, Avg: 0.6, Max: 0.9, Diff: 0.8, Sum: 5.0]
      [Termination (ms): Min: 0.0, Avg: 0.0, Max: 0.0, Diff: 0.0, Sum: 0.3]
         [Termination Attempts: Min: 1, Avg: 1.0, Max: 1, Diff: 0, Sum: 8]
      [GC Worker Other (ms): Min: 0.0, Avg: 0.0, Max: 0.1, Diff: 0.1, Sum: 0.3]
      [GC Worker Total (ms): Min: 9.4, Avg: 9.5, Max: 9.5, Diff: 0.2, Sum: 75.7]
      [GC Worker End (ms): Min: 232029274.0, Avg: 232029274.0, Max: 232029274.1, Diff: 0.1]
   [Code Root Fixup: 0.0 ms]
   [Code Root Purge: 0.0 ms]
   [Clear CT: 0.6 ms]
   [Other: 4.7 ms]
      [Choose CSet: 0.0 ms]
      [Ref Proc: 4.0 ms]
      [Ref Enq: 0.1 ms]
      [Redirty Cards: 0.1 ms]
      [Humongous Register: 0.0 ms]
      [Humongous Reclaim: 0.0 ms]
      [Free CSet: 0.3 ms]
   [Eden: 5984.0M(7152.0M)->0.0B(7152.0M) Survivors: 16384.0K->16384.0K Heap: 9149.8M(14336.0M)->3176.2M(14336.0M)]
 [Times: user=0.06 sys=0.00, real=0.02 secs] 
2022-07-24T13:37:37.775-0700: 232029.280: [GC concurrent-root-region-scan-start]
2022-07-24T13:37:37.781-0700: 232029.286: [GC concurrent-root-region-scan-end, 0.0059400 secs]
2022-07-24T13:37:37.781-0700: 232029.286: [GC concurrent-mark-start]
2022-07-24T13:37:40.166-0700: 232031.670: [GC concurrent-mark-end, 2.3847271 secs]
2022-07-24T13:37:40.166-0700: 232031.671: [GC remark 2022-07-24T13:37:40.166-0700: 232031.671: [Finalize Marking, 0.0007509 secs] 2022-07-24T13:37:40.167-0700: 232031.672: [GC ref-proc, 0.0083443 secs] 2022-07-24T13:37:40.175-0700: 232031.680: [Unloading, 0.0264661 secs], 0.0408009 secs]
 [Times: user=0.24 sys=0.00, real=0.04 secs] 
2022-07-24T13:37:40.207-0700: 232031.712: [GC cleanup 3236M->3236M(14336M), 0.0073896 secs]
 [Times: user=0.05 sys=0.00, real=0.01 secs] 
2022-07-24T13:39:06.019-0700: 232117.524: [GC pause (GCLocker Initiated GC) (young), 0.0602263 secs]
   [Parallel Time: 56.4 ms, GC Workers: 8]
      [GC Worker Start (ms): Min: 232117523.7, Avg: 232117523.8, Max: 232117523.9, Diff: 0.1]
      [Ext Root Scanning (ms): Min: 1.1, Avg: 1.9, Max: 5.8, Diff: 4.7, Sum: 15.0]
      [Update RS (ms): Min: 0.0, Avg: 2.0, Max: 2.4, Diff: 2.4, Sum: 15.6]
         [Processed Buffers: Min: 0, Avg: 21.2, Max: 29, Diff: 29, Sum: 170]
      [Scan RS (ms): Min: 0.0, Avg: 0.1, Max: 0.1, Diff: 0.1, Sum: 0.5]
      [Code Root Scanning (ms): Min: 0.0, Avg: 0.0, Max: 0.1, Diff: 0.1, Sum: 0.2]
      [Object Copy (ms): Min: 50.1, Avg: 52.0, Max: 52.4, Diff: 2.2, Sum: 415.6]
      [Termination (ms): Min: 0.0, Avg: 0.0, Max: 0.0, Diff: 0.0, Sum: 0.0]
         [Termination Attempts: Min: 1, Avg: 1.0, Max: 1, Diff: 0, Sum: 8]
      [GC Worker Other (ms): Min: 0.0, Avg: 0.1, Max: 0.2, Diff: 0.1, Sum: 0.6]
      [GC Worker Total (ms): Min: 55.8, Avg: 55.9, Max: 56.1, Diff: 0.3, Sum: 447.6]
      [GC Worker End (ms): Min: 232117579.7, Avg: 232117579.8, Max: 232117579.9, Diff: 0.1]
   [Code Root Fixup: 0.0 ms]
   [Code Root Purge: 0.0 ms]
   [Clear CT: 0.7 ms]
   [Other: 3.1 ms]
      [Choose CSet: 0.0 ms]
      [Ref Proc: 2.5 ms]
      [Ref Enq: 0.1 ms]
      [Redirty Cards: 0.1 ms]
      [Humongous Register: 0.0 ms]
      [Humongous Reclaim: 0.0 ms]
      [Free CSet: 0.3 ms]
   [Eden: 7152.0M(7152.0M)->0.0B(6976.0M) Survivors: 16384.0K->192.0M Heap: 10344.2M(14336.0M)->3380.1M(14336.0M)]
 [Times: user=0.46 sys=0.00, real=0.06 secs] 
2022-07-24T13:40:52.311-0700: 232223.816: [GC pause (GCLocker Initiated GC) (young), 0.2005680 secs]
   [Parallel Time: 196.8 ms, GC Workers: 8]
      [GC Worker Start (ms): Min: 232223815.7, Avg: 232223815.8, Max: 232223815.8, Diff: 0.1]
      [Ext Root Scanning (ms): Min: 0.9, Avg: 1.6, Max: 5.5, Diff: 4.6, Sum: 13.1]
      [Update RS (ms): Min: 0.0, Avg: 1.4, Max: 2.1, Diff: 2.1, Sum: 11.2]
         [Processed Buffers: Min: 0, Avg: 5.9, Max: 11, Diff: 11, Sum: 47]
      [Scan RS (ms): Min: 0.0, Avg: 0.1, Max: 0.1, Diff: 0.1, Sum: 0.5]
      [Code Root Scanning (ms): Min: 0.0, Avg: 0.0, Max: 0.2, Diff: 0.2, Sum: 0.3]
      [Object Copy (ms): Min: 191.1, Avg: 193.4, Max: 194.0, Diff: 2.9, Sum: 1547.5]
      [Termination (ms): Min: 0.0, Avg: 0.0, Max: 0.0, Diff: 0.0, Sum: 0.0]
         [Termination Attempts: Min: 1, Avg: 1.0, Max: 1, Diff: 0, Sum: 8]
      [GC Worker Other (ms): Min: 0.0, Avg: 0.1, Max: 0.1, Diff: 0.1, Sum: 0.5]
      [GC Worker Total (ms): Min: 196.6, Avg: 196.6, Max: 196.7, Diff: 0.2, Sum: 1573.1]
      [GC Worker End (ms): Min: 232224012.4, Avg: 232224012.4, Max: 232224012.5, Diff: 0.1]
   [Code Root Fixup: 0.0 ms]
   [Code Root Purge: 0.0 ms]
   [Clear CT: 0.8 ms]
   [Other: 2.9 ms]
      [Choose CSet: 0.0 ms]
      [Ref Proc: 2.1 ms]
      [Ref Enq: 0.1 ms]
      [Redirty Cards: 0.2 ms]
      [Humongous Register: 0.0 ms]
      [Humongous Reclaim: 0.0 ms]
      [Free CSet: 0.3 ms]
   [Eden: 6992.0M(6976.0M)->0.0B(7040.0M) Survivors: 192.0M->128.0M Heap: 10364.1M(14336.0M)->3503.1M(14336.0M)]
 [Times: user=0.53 sys=0.00, real=0.20 secs] 
2022-07-24T13:42:13.830-0700: 232305.335: [GC pause (G1 Evacuation Pause) (young) (initial-mark), 0.0547009 secs]
   [Parallel Time: 50.1 ms, GC Workers: 8]
      [GC Worker Start (ms): Min: 232305337.3, Avg: 232305337.4, Max: 232305337.4, Diff: 0.1]
      [Ext Root Scanning (ms): Min: 5.1, Avg: 5.4, Max: 5.6, Diff: 0.5, Sum: 43.0]
      [Update RS (ms): Min: 15.7, Avg: 15.9, Max: 16.2, Diff: 0.5, Sum: 127.0]
         [Processed Buffers: Min: 30, Avg: 34.6, Max: 39, Diff: 9, Sum: 277]
      [Scan RS (ms): Min: 0.3, Avg: 0.5, Max: 0.7, Diff: 0.4, Sum: 4.3]
      [Code Root Scanning (ms): Min: 0.0, Avg: 0.0, Max: 0.1, Diff: 0.1, Sum: 0.1]
      [Object Copy (ms): Min: 25.3, Avg: 25.5, Max: 25.8, Diff: 0.6, Sum: 204.4]
      [Termination (ms): Min: 0.0, Avg: 0.0, Max: 0.0, Diff: 0.0, Sum: 0.0]
         [Termination Attempts: Min: 1, Avg: 1.2, Max: 2, Diff: 1, Sum: 10]
      [GC Worker Other (ms): Min: 0.0, Avg: 0.1, Max: 0.2, Diff: 0.1, Sum: 0.6]
      [GC Worker Total (ms): Min: 47.4, Avg: 47.4, Max: 47.5, Diff: 0.2, Sum: 379.5]
      [GC Worker End (ms): Min: 232305384.7, Avg: 232305384.8, Max: 232305384.9, Diff: 0.1]
   [Code Root Fixup: 0.0 ms]
   [Code Root Purge: 0.0 ms]
   [Clear CT: 0.9 ms]
   [Other: 3.7 ms]
      [Choose CSet: 0.0 ms]
      [Ref Proc: 3.0 ms]
      [Ref Enq: 0.1 ms]
      [Redirty Cards: 0.1 ms]
      [Humongous Register: 0.0 ms]
      [Humongous Reclaim: 0.0 ms]
      [Free CSet: 0.3 ms]
   [Eden: 7040.0M(7040.0M)->0.0B(6992.0M) Survivors: 128.0M->176.0M Heap: 10543.1M(14336.0M)->3621.3M(14336.0M)]
 [Times: user=0.39 sys=0.00, real=0.06 secs] 
2022-07-24T13:42:13.885-0700: 232305.390: [GC concurrent-root-region-scan-start]
2022-07-24T13:42:13.917-0700: 232305.422: [GC concurrent-root-region-scan-end, 0.0316656 secs]
2022-07-24T13:42:13.917-0700: 232305.422: [GC concurrent-mark-start]
2022-07-24T13:42:16.744-0700: 232308.249: [GC concurrent-mark-end, 2.8272379 secs]
2022-07-24T13:42:16.745-0700: 232308.249: [GC remark 2022-07-24T13:42:16.745-0700: 232308.249: [Finalize Marking, 0.0002848 secs] 2022-07-24T13:42:16.745-0700: 232308.250: [GC ref-proc, 0.0061817 secs] 2022-07-24T13:42:16.751-0700: 232308.256: [Unloading, 0.0257467 secs], 0.0377749 secs]
 [Times: user=0.25 sys=0.00, real=0.03 secs] 
2022-07-24T13:42:16.783-0700: 232308.287: [GC cleanup 3909M->3909M(14336M), 0.0080648 secs]
 [Times: user=0.05 sys=0.00, real=0.00 secs] 
2022-07-24T13:43:40.014-0700: 232391.518: [GC pause (G1 Evacuation Pause) (young), 0.0343942 secs]
   [Parallel Time: 30.5 ms, GC Workers: 8]
      [GC Worker Start (ms): Min: 232391518.4, Avg: 232391518.5, Max: 232391518.6, Diff: 0.1]
      [Ext Root Scanning (ms): Min: 1.4, Avg: 2.1, Max: 5.9, Diff: 4.5, Sum: 17.0]
      [Update RS (ms): Min: 1.5, Avg: 4.9, Max: 5.7, Diff: 4.2, Sum: 39.4]
         [Processed Buffers: Min: 5, Avg: 12.0, Max: 20, Diff: 15, Sum: 96]
      [Scan RS (ms): Min: 0.0, Avg: 0.1, Max: 0.1, Diff: 0.1, Sum: 0.4]
      [Code Root Scanning (ms): Min: 0.0, Avg: 0.0, Max: 0.1, Diff: 0.1, Sum: 0.2]
      [Object Copy (ms): Min: 22.6, Avg: 23.0, Max: 23.2, Diff: 0.6, Sum: 184.1]
      [Termination (ms): Min: 0.0, Avg: 0.0, Max: 0.0, Diff: 0.0, Sum: 0.0]
         [Termination Attempts: Min: 1, Avg: 3.5, Max: 6, Diff: 5, Sum: 28]
      [GC Worker Other (ms): Min: 0.0, Avg: 0.1, Max: 0.1, Diff: 0.1, Sum: 0.5]
      [GC Worker Total (ms): Min: 30.1, Avg: 30.2, Max: 30.3, Diff: 0.1, Sum: 241.6]
      [GC Worker End (ms): Min: 232391548.7, Avg: 232391548.7, Max: 232391548.8, Diff: 0.1]
   [Code Root Fixup: 0.0 ms]
   [Code Root Purge: 0.0 ms]
   [Clear CT: 0.8 ms]
   [Other: 3.0 ms]
      [Choose CSet: 0.0 ms]
      [Ref Proc: 2.3 ms]
      [Ref Enq: 0.1 ms]
      [Redirty Cards: 0.2 ms]
      [Humongous Register: 0.1 ms]
      [Humongous Reclaim: 0.0 ms]
      [Free CSet: 0.3 ms]
   [Eden: 6992.0M(6992.0M)->0.0B(5600.0M) Survivors: 176.0M->128.0M Heap: 10613.3M(14336.0M)->3675.7M(14336.0M)]
 [Times: user=0.25 sys=0.00, real=0.04 secs] 
2022-07-24T13:44:51.828-0700: 232463.333: [GC pause (G1 Evacuation Pause) (mixed), 0.0497193 secs]
   [Parallel Time: 45.3 ms, GC Workers: 8]
      [GC Worker Start (ms): Min: 232463332.8, Avg: 232463332.9, Max: 232463333.0, Diff: 0.2]
      [Ext Root Scanning (ms): Min: 0.5, Avg: 2.0, Max: 6.2, Diff: 5.7, Sum: 15.8]
      [Update RS (ms): Min: 17.6, Avg: 17.8, Max: 18.1, Diff: 0.5, Sum: 142.1]
         [Processed Buffers: Min: 30, Avg: 32.2, Max: 36, Diff: 6, Sum: 258]
      [Scan RS (ms): Min: 2.6, Avg: 3.0, Max: 3.2, Diff: 0.6, Sum: 23.7]
      [Code Root Scanning (ms): Min: 0.0, Avg: 0.1, Max: 0.2, Diff: 0.2, Sum: 0.4]
      [Object Copy (ms): Min: 17.5, Avg: 21.7, Max: 23.2, Diff: 5.7, Sum: 173.3]
      [Termination (ms): Min: 0.0, Avg: 0.4, Max: 0.5, Diff: 0.5, Sum: 2.9]
         [Termination Attempts: Min: 1, Avg: 1.0, Max: 1, Diff: 0, Sum: 8]
      [GC Worker Other (ms): Min: 0.0, Avg: 0.0, Max: 0.0, Diff: 0.0, Sum: 0.1]
      [GC Worker Total (ms): Min: 44.7, Avg: 44.8, Max: 44.9, Diff: 0.2, Sum: 358.3]
      [GC Worker End (ms): Min: 232463377.7, Avg: 232463377.7, Max: 232463377.7, Diff: 0.0]
   [Code Root Fixup: 0.0 ms]
   [Code Root Purge: 0.0 ms]
   [Clear CT: 1.0 ms]
   [Other: 3.4 ms]
      [Choose CSet: 0.0 ms]
      [Ref Proc: 2.6 ms]
      [Ref Enq: 0.1 ms]
      [Redirty Cards: 0.2 ms]
      [Humongous Register: 0.1 ms]
      [Humongous Reclaim: 0.0 ms]
      [Free CSet: 0.3 ms]
   [Eden: 5600.0M(5600.0M)->0.0B(7136.0M) Survivors: 128.0M->32768.0K Heap: 9275.7M(14336.0M)->3519.3M(14336.0M)]
 [Times: user=0.34 sys=0.00, real=0.05 secs] 
2022-07-24T13:46:28.772-0700: 232560.276: [GC pause (G1 Evacuation Pause) (young), 0.0292929 secs]
   [Parallel Time: 25.5 ms, GC Workers: 8]
      [GC Worker Start (ms): Min: 232560276.6, Avg: 232560276.6, Max: 232560276.7, Diff: 0.1]
      [Ext Root Scanning (ms): Min: 1.2, Avg: 2.0, Max: 5.8, Diff: 4.6, Sum: 15.9]
      [Update RS (ms): Min: 17.5, Avg: 20.8, Max: 21.6, Diff: 4.1, Sum: 166.3]
         [Processed Buffers: Min: 21, Avg: 25.8, Max: 34, Diff: 13, Sum: 206]
      [Scan RS (ms): Min: 0.0, Avg: 0.2, Max: 0.4, Diff: 0.3, Sum: 1.6]
      [Code Root Scanning (ms): Min: 0.0, Avg: 0.0, Max: 0.0, Diff: 0.0, Sum: 0.0]
      [Object Copy (ms): Min: 1.8, Avg: 2.2, Max: 2.3, Diff: 0.5, Sum: 17.4]
      [Termination (ms): Min: 0.0, Avg: 0.0, Max: 0.0, Diff: 0.0, Sum: 0.0]
         [Termination Attempts: Min: 1, Avg: 1.5, Max: 2, Diff: 1, Sum: 12]
      [GC Worker Other (ms): Min: 0.0, Avg: 0.1, Max: 0.1, Diff: 0.1, Sum: 0.5]
      [GC Worker Total (ms): Min: 25.1, Avg: 25.2, Max: 25.3, Diff: 0.1, Sum: 201.7]
      [GC Worker End (ms): Min: 232560301.8, Avg: 232560301.8, Max: 232560301.9, Diff: 0.1]
   [Code Root Fixup: 0.0 ms]
   [Code Root Purge: 0.0 ms]
   [Clear CT: 0.8 ms]
   [Other: 2.9 ms]
      [Choose CSet: 0.0 ms]
      [Ref Proc: 2.3 ms]
      [Ref Enq: 0.1 ms]
      [Redirty Cards: 0.1 ms]
      [Humongous Register: 0.0 ms]
      [Humongous Reclaim: 0.0 ms]
      [Free CSet: 0.3 ms]
   [Eden: 7136.0M(7136.0M)->0.0B(7152.0M) Survivors: 32768.0K->16384.0K Heap: 10655.3M(14336.0M)->3566.0M(14336.0M)]
 [Times: user=0.22 sys=0.00, real=0.03 secs] 
2022-07-24T13:47:48.716-0700: 232640.221: [GC pause (G1 Evacuation Pause) (young) (initial-mark), 0.0477424 secs]
   [Parallel Time: 44.1 ms, GC Workers: 8]
      [GC Worker Start (ms): Min: 232640223.0, Avg: 232640223.1, Max: 232640223.1, Diff: 0.1]
      [Ext Root Scanning (ms): Min: 5.4, Avg: 5.7, Max: 6.2, Diff: 0.9, Sum: 45.7]
      [Update RS (ms): Min: 5.3, Avg: 5.6, Max: 5.7, Diff: 0.4, Sum: 44.5]
         [Processed Buffers: Min: 22, Avg: 25.0, Max: 29, Diff: 7, Sum: 200]
      [Scan RS (ms): Min: 21.6, Avg: 21.8, Max: 22.0, Diff: 0.4, Sum: 174.4]
      [Code Root Scanning (ms): Min: 0.0, Avg: 0.0, Max: 0.0, Diff: 0.0, Sum: 0.0]
      [Object Copy (ms): Min: 8.1, Avg: 8.6, Max: 8.9, Diff: 0.9, Sum: 68.6]
      [Termination (ms): Min: 0.0, Avg: 0.0, Max: 0.0, Diff: 0.0, Sum: 0.1]
         [Termination Attempts: Min: 1, Avg: 40.2, Max: 50, Diff: 49, Sum: 322]
      [GC Worker Other (ms): Min: 0.0, Avg: 0.1, Max: 0.1, Diff: 0.1, Sum: 0.5]
      [GC Worker Total (ms): Min: 41.7, Avg: 41.7, Max: 41.8, Diff: 0.1, Sum: 333.7]
      [GC Worker End (ms): Min: 232640264.7, Avg: 232640264.8, Max: 232640264.9, Diff: 0.1]
   [Code Root Fixup: 0.0 ms]
   [Code Root Purge: 0.0 ms]
   [Clear CT: 0.8 ms]
   [Other: 2.9 ms]
      [Choose CSet: 0.0 ms]
      [Ref Proc: 1.9 ms]
      [Ref Enq: 0.1 ms]
      [Redirty Cards: 0.3 ms]
      [Humongous Register: 0.0 ms]
      [Humongous Reclaim: 0.0 ms]
      [Free CSet: 0.3 ms]
   [Eden: 6656.0M(6656.0M)->0.0B(7152.0M) Survivors: 16384.0K->16384.0K Heap: 10222.0M(14336.0M)->3586.4M(14336.0M)]
 [Times: user=0.34 sys=0.00, real=0.05 secs] 
2022-07-24T13:47:48.764-0700: 232640.269: [GC concurrent-root-region-scan-start]
2022-07-24T13:47:48.808-0700: 232640.312: [GC concurrent-root-region-scan-end, 0.0436389 secs]
2022-07-24T13:47:48.808-0700: 232640.312: [GC concurrent-mark-start]
2022-07-24T13:47:51.409-0700: 232642.914: [GC concurrent-mark-end, 2.6016396 secs]
2022-07-24T13:47:51.410-0700: 232642.914: [GC remark 2022-07-24T13:47:51.410-0700: 232642.915: [Finalize Marking, 0.0002748 secs] 2022-07-24T13:47:51.410-0700: 232642.915: [GC ref-proc, 0.0108318 secs] 2022-07-24T13:47:51.421-0700: 232642.926: [Unloading, 0.0261651 secs], 0.0429441 secs]
 [Times: user=0.26 sys=0.00, real=0.04 secs] 
2022-07-24T13:47:51.453-0700: 232642.958: [GC cleanup 3826M->3826M(14336M), 0.0080958 secs]
 [Times: user=0.06 sys=0.00, real=0.01 secs] 
2022-07-24T13:49:07.761-0700: 232719.266: [GC pause (G1 Evacuation Pause) (young), 0.0438268 secs]
   [Parallel Time: 39.5 ms, GC Workers: 8]
      [GC Worker Start (ms): Min: 232719265.8, Avg: 232719265.9, Max: 232719265.9, Diff: 0.2]
      [Ext Root Scanning (ms): Min: 1.4, Avg: 2.3, Max: 6.3, Diff: 4.8, Sum: 18.4]
      [Update RS (ms): Min: 5.5, Avg: 9.1, Max: 9.9, Diff: 4.3, Sum: 72.5]
         [Processed Buffers: Min: 13, Avg: 28.6, Max: 37, Diff: 24, Sum: 229]
      [Scan RS (ms): Min: 18.3, Avg: 18.4, Max: 18.5, Diff: 0.2, Sum: 147.4]
      [Code Root Scanning (ms): Min: 0.0, Avg: 0.0, Max: 0.0, Diff: 0.0, Sum: 0.0]
      [Object Copy (ms): Min: 8.8, Avg: 9.3, Max: 9.4, Diff: 0.6, Sum: 74.0]
      [Termination (ms): Min: 0.0, Avg: 0.0, Max: 0.0, Diff: 0.0, Sum: 0.0]
         [Termination Attempts: Min: 1, Avg: 1.9, Max: 4, Diff: 3, Sum: 15]
      [GC Worker Other (ms): Min: 0.0, Avg: 0.1, Max: 0.1, Diff: 0.1, Sum: 0.5]
      [GC Worker Total (ms): Min: 39.1, Avg: 39.1, Max: 39.2, Diff: 0.2, Sum: 312.9]
      [GC Worker End (ms): Min: 232719304.9, Avg: 232719305.0, Max: 232719305.0, Diff: 0.1]
   [Code Root Fixup: 0.0 ms]
   [Code Root Purge: 0.0 ms]
   [Clear CT: 0.7 ms]
   [Other: 3.7 ms]
      [Choose CSet: 0.0 ms]
      [Ref Proc: 2.8 ms]
      [Ref Enq: 0.1 ms]
      [Redirty Cards: 0.3 ms]
      [Humongous Register: 0.1 ms]
      [Humongous Reclaim: 0.0 ms]
      [Free CSet: 0.2 ms]
   [Eden: 5712.0M(5712.0M)->0.0B(5696.0M) Survivors: 16384.0K->32768.0K Heap: 9298.4M(14336.0M)->3598.2M(14336.0M)]
 [Times: user=0.32 sys=0.00, real=0.05 secs] 
2022-07-24T13:50:28.564-0700: 232800.069: [GC pause (G1 Evacuation Pause) (mixed), 0.0571496 secs]
   [Parallel Time: 51.1 ms, GC Workers: 8]
      [GC Worker Start (ms): Min: 232800068.7, Avg: 232800068.8, Max: 232800068.9, Diff: 0.2]
      [Ext Root Scanning (ms): Min: 1.5, Avg: 2.3, Max: 6.5, Diff: 5.1, Sum: 18.6]
      [Update RS (ms): Min: 2.7, Avg: 6.5, Max: 7.3, Diff: 4.5, Sum: 51.7]
         [Processed Buffers: Min: 16, Avg: 29.8, Max: 34, Diff: 18, Sum: 238]
      [Scan RS (ms): Min: 6.3, Avg: 7.1, Max: 8.2, Diff: 1.8, Sum: 57.0]
      [Code Root Scanning (ms): Min: 0.0, Avg: 0.0, Max: 0.2, Diff: 0.2, Sum: 0.3]
      [Object Copy (ms): Min: 33.1, Avg: 34.1, Max: 35.6, Diff: 2.5, Sum: 272.6]
      [Termination (ms): Min: 0.0, Avg: 0.6, Max: 0.8, Diff: 0.8, Sum: 5.1]
         [Termination Attempts: Min: 1, Avg: 1.4, Max: 2, Diff: 1, Sum: 11]
      [GC Worker Other (ms): Min: 0.0, Avg: 0.0, Max: 0.0, Diff: 0.0, Sum: 0.1]
      [GC Worker Total (ms): Min: 50.6, Avg: 50.7, Max: 50.8, Diff: 0.2, Sum: 405.6]
      [GC Worker End (ms): Min: 232800119.5, Avg: 232800119.5, Max: 232800119.5, Diff: 0.0]
   [Code Root Fixup: 0.0 ms]
   [Code Root Purge: 0.0 ms]
   [Clear CT: 1.0 ms]
   [Other: 5.0 ms]
      [Choose CSet: 0.0 ms]
      [Ref Proc: 4.1 ms]
      [Ref Enq: 0.1 ms]
      [Redirty Cards: 0.2 ms]
      [Humongous Register: 0.0 ms]
      [Humongous Reclaim: 0.0 ms]
      [Free CSet: 0.3 ms]
   [Eden: 5696.0M(5696.0M)->0.0B(7152.0M) Survivors: 32768.0K->16384.0K Heap: 9294.2M(14336.0M)->3446.0M(14336.0M)]
 [Times: user=0.35 sys=0.00, real=0.05 secs] 
2022-07-24T13:52:02.518-0700: 232894.022: [GC pause (G1 Evacuation Pause) (young), 0.0253392 secs]
   [Parallel Time: 19.5 ms, GC Workers: 8]
      [GC Worker Start (ms): Min: 232894022.5, Avg: 232894022.6, Max: 232894022.6, Diff: 0.1]
      [Ext Root Scanning (ms): Min: 1.1, Avg: 1.8, Max: 5.0, Diff: 3.9, Sum: 14.5]
      [Update RS (ms): Min: 8.2, Avg: 10.9, Max: 11.7, Diff: 3.5, Sum: 87.4]
         [Processed Buffers: Min: 21, Avg: 30.2, Max: 37, Diff: 16, Sum: 242]
      [Scan RS (ms): Min: 0.0, Avg: 0.3, Max: 0.4, Diff: 0.3, Sum: 2.0]
      [Code Root Scanning (ms): Min: 0.0, Avg: 0.0, Max: 0.0, Diff: 0.0, Sum: 0.0]
      [Object Copy (ms): Min: 5.8, Avg: 6.2, Max: 6.3, Diff: 0.4, Sum: 49.2]
      [Termination (ms): Min: 0.0, Avg: 0.0, Max: 0.0, Diff: 0.0, Sum: 0.0]
         [Termination Attempts: Min: 6, Avg: 9.8, Max: 12, Diff: 6, Sum: 78]
      [GC Worker Other (ms): Min: 0.0, Avg: 0.1, Max: 0.2, Diff: 0.1, Sum: 0.5]
      [GC Worker Total (ms): Min: 19.1, Avg: 19.2, Max: 19.3, Diff: 0.2, Sum: 153.6]
      [GC Worker End (ms): Min: 232894041.7, Avg: 232894041.8, Max: 232894041.9, Diff: 0.1]
   [Code Root Fixup: 0.0 ms]
   [Code Root Purge: 0.0 ms]
   [Clear CT: 0.9 ms]
   [Other: 4.9 ms]
      [Choose CSet: 0.0 ms]
      [Ref Proc: 4.0 ms]
      [Ref Enq: 0.1 ms]
      [Redirty Cards: 0.2 ms]
      [Humongous Register: 0.1 ms]
      [Humongous Reclaim: 0.0 ms]
      [Free CSet: 0.3 ms]
   [Eden: 7152.0M(7152.0M)->0.0B(7152.0M) Survivors: 16384.0K->16384.0K Heap: 10598.0M(14336.0M)->3509.1M(14336.0M)]
 [Times: user=0.13 sys=0.00, real=0.03 secs] 
2022-07-24T13:53:37.116-0700: 232988.620: [GC pause (G1 Evacuation Pause) (young) (initial-mark), 0.0214924 secs]
   [Parallel Time: 16.7 ms, GC Workers: 8]
      [GC Worker Start (ms): Min: 232988622.4, Avg: 232988622.5, Max: 232988622.5, Diff: 0.1]
      [Ext Root Scanning (ms): Min: 5.3, Avg: 5.6, Max: 6.1, Diff: 0.8, Sum: 45.1]
      [Update RS (ms): Min: 3.0, Avg: 3.2, Max: 3.4, Diff: 0.3, Sum: 25.2]
         [Processed Buffers: Min: 7, Avg: 9.6, Max: 16, Diff: 9, Sum: 77]
      [Scan RS (ms): Min: 0.0, Avg: 0.0, Max: 0.1, Diff: 0.1, Sum: 0.4]
      [Code Root Scanning (ms): Min: 0.0, Avg: 0.0, Max: 0.0, Diff: 0.0, Sum: 0.0]
      [Object Copy (ms): Min: 2.2, Avg: 4.0, Max: 5.8, Diff: 3.6, Sum: 31.7]
      [Termination (ms): Min: 0.0, Avg: 1.5, Max: 3.0, Diff: 3.0, Sum: 12.1]
         [Termination Attempts: Min: 1, Avg: 1.0, Max: 1, Diff: 0, Sum: 8]
      [GC Worker Other (ms): Min: 0.0, Avg: 0.0, Max: 0.0, Diff: 0.0, Sum: 0.1]
      [GC Worker Total (ms): Min: 14.3, Avg: 14.3, Max: 14.4, Diff: 0.1, Sum: 114.7]
      [GC Worker End (ms): Min: 232988636.8, Avg: 232988636.8, Max: 232988636.8, Diff: 0.0]
   [Code Root Fixup: 0.0 ms]
   [Code Root Purge: 0.0 ms]
   [Clear CT: 0.7 ms]
   [Other: 4.1 ms]
      [Choose CSet: 0.0 ms]
      [Ref Proc: 3.4 ms]
      [Ref Enq: 0.1 ms]
      [Redirty Cards: 0.1 ms]
      [Humongous Register: 0.0 ms]
      [Humongous Reclaim: 0.0 ms]
      [Free CSet: 0.3 ms]
   [Eden: 7152.0M(7152.0M)->0.0B(7152.0M) Survivors: 16384.0K->16384.0K Heap: 10661.1M(14336.0M)->3528.8M(14336.0M)]
 [Times: user=0.11 sys=0.00, real=0.02 secs] 
2022-07-24T13:53:37.137-0700: 232988.642: [GC concurrent-root-region-scan-start]
2022-07-24T13:53:37.148-0700: 232988.653: [GC concurrent-root-region-scan-end, 0.0110034 secs]
2022-07-24T13:53:37.148-0700: 232988.653: [GC concurrent-mark-start]
2022-07-24T13:53:39.761-0700: 232991.266: [GC concurrent-mark-end, 2.6126354 secs]
2022-07-24T13:53:39.761-0700: 232991.266: [GC remark 2022-07-24T13:53:39.761-0700: 232991.266: [Finalize Marking, 0.0002204 secs] 2022-07-24T13:53:39.761-0700: 232991.266: [GC ref-proc, 0.0068001 secs] 2022-07-24T13:53:39.768-0700: 232991.273: [Unloading, 0.0262050 secs], 0.0388111 secs]
 [Times: user=0.25 sys=0.00, real=0.04 secs] 
2022-07-24T13:53:39.800-0700: 232991.305: [GC cleanup 3777M->3777M(14336M), 0.0084065 secs]
 [Times: user=0.06 sys=0.00, real=0.01 secs] 
2022-07-24T13:55:23.768-0700: 233095.273: [GC pause (G1 Evacuation Pause) (young), 0.0106563 secs]
   [Parallel Time: 7.3 ms, GC Workers: 8]
      [GC Worker Start (ms): Min: 233095272.9, Avg: 233095272.9, Max: 233095273.0, Diff: 0.1]
      [Ext Root Scanning (ms): Min: 1.2, Avg: 2.0, Max: 5.6, Diff: 4.5, Sum: 15.7]
      [Update RS (ms): Min: 0.0, Avg: 2.7, Max: 3.5, Diff: 3.5, Sum: 21.8]
         [Processed Buffers: Min: 0, Avg: 9.0, Max: 18, Diff: 18, Sum: 72]
      [Scan RS (ms): Min: 0.0, Avg: 0.1, Max: 0.1, Diff: 0.1, Sum: 0.4]
      [Code Root Scanning (ms): Min: 0.0, Avg: 0.0, Max: 0.0, Diff: 0.0, Sum: 0.0]
      [Object Copy (ms): Min: 1.5, Avg: 2.4, Max: 2.7, Diff: 1.1, Sum: 19.0]
      [Termination (ms): Min: 0.0, Avg: 0.0, Max: 0.0, Diff: 0.0, Sum: 0.0]
         [Termination Attempts: Min: 1, Avg: 3.4, Max: 5, Diff: 4, Sum: 27]
      [GC Worker Other (ms): Min: 0.0, Avg: 0.0, Max: 0.1, Diff: 0.1, Sum: 0.3]
      [GC Worker Total (ms): Min: 7.1, Avg: 7.2, Max: 7.2, Diff: 0.1, Sum: 57.3]
      [GC Worker End (ms): Min: 233095280.1, Avg: 233095280.1, Max: 233095280.1, Diff: 0.1]
   [Code Root Fixup: 0.0 ms]
   [Code Root Purge: 0.0 ms]
   [Clear CT: 0.7 ms]
   [Other: 2.6 ms]
      [Choose CSet: 0.0 ms]
      [Ref Proc: 1.9 ms]
      [Ref Enq: 0.1 ms]
      [Redirty Cards: 0.1 ms]
      [Humongous Register: 0.1 ms]
      [Humongous Reclaim: 0.0 ms]
      [Free CSet: 0.3 ms]
   [Eden: 7152.0M(7152.0M)->0.0B(5712.0M) Survivors: 16384.0K->16384.0K Heap: 10680.8M(14336.0M)->3528.2M(14336.0M)]
 [Times: user=0.07 sys=0.00, real=0.01 secs] 
2022-07-24T13:56:27.195-0700: 233158.699: [GC pause (G1 Evacuation Pause) (mixed), 0.0405287 secs]
   [Parallel Time: 36.6 ms, GC Workers: 8]
      [GC Worker Start (ms): Min: 233158699.6, Avg: 233158699.7, Max: 233158699.8, Diff: 0.2]
      [Ext Root Scanning (ms): Min: 1.5, Avg: 2.7, Max: 5.0, Diff: 3.4, Sum: 21.4]
      [Update RS (ms): Min: 1.7, Avg: 3.6, Max: 4.5, Diff: 2.8, Sum: 28.7]
         [Processed Buffers: Min: 4, Avg: 11.6, Max: 17, Diff: 13, Sum: 93]
      [Scan RS (ms): Min: 5.7, Avg: 6.3, Max: 8.0, Diff: 2.3, Sum: 50.2]
      [Code Root Scanning (ms): Min: 0.0, Avg: 0.1, Max: 0.7, Diff: 0.7, Sum: 0.9]
      [Object Copy (ms): Min: 21.5, Avg: 23.4, Max: 24.3, Diff: 2.7, Sum: 187.4]
      [Termination (ms): Min: 0.0, Avg: 0.0, Max: 0.0, Diff: 0.0, Sum: 0.1]
         [Termination Attempts: Min: 1, Avg: 96.5, Max: 124, Diff: 123, Sum: 772]
      [GC Worker Other (ms): Min: 0.0, Avg: 0.1, Max: 0.2, Diff: 0.2, Sum: 0.8]
      [GC Worker Total (ms): Min: 36.1, Avg: 36.2, Max: 36.4, Diff: 0.3, Sum: 289.6]
      [GC Worker End (ms): Min: 233158735.8, Avg: 233158735.9, Max: 233158736.0, Diff: 0.2]
   [Code Root Fixup: 0.0 ms]
   [Code Root Purge: 0.0 ms]
   [Clear CT: 1.0 ms]
   [Other: 2.9 ms]
      [Choose CSet: 0.0 ms]
      [Ref Proc: 2.1 ms]
      [Ref Enq: 0.1 ms]
      [Redirty Cards: 0.3 ms]
      [Humongous Register: 0.0 ms]
      [Humongous Reclaim: 0.0 ms]
      [Free CSet: 0.3 ms]
   [Eden: 5712.0M(5712.0M)->0.0B(7152.0M) Survivors: 16384.0K->16384.0K Heap: 9240.2M(14336.0M)->3433.2M(14336.0M)]
 [Times: user=0.29 sys=0.00, real=0.04 secs] 
2022-07-24T13:57:52.217-0700: 233243.722: [GC pause (G1 Evacuation Pause) (young), 0.0213323 secs]
   [Parallel Time: 16.5 ms, GC Workers: 8]
      [GC Worker Start (ms): Min: 233243722.1, Avg: 233243722.2, Max: 233243722.3, Diff: 0.2]
      [Ext Root Scanning (ms): Min: 1.2, Avg: 1.9, Max: 5.0, Diff: 3.8, Sum: 15.3]
      [Update RS (ms): Min: 5.1, Avg: 10.0, Max: 11.2, Diff: 6.1, Sum: 79.7]
         [Processed Buffers: Min: 17, Avg: 29.8, Max: 37, Diff: 20, Sum: 238]
      [Scan RS (ms): Min: 0.6, Avg: 0.7, Max: 0.8, Diff: 0.2, Sum: 5.7]
      [Code Root Scanning (ms): Min: 0.0, Avg: 0.0, Max: 0.0, Diff: 0.0, Sum: 0.0]
      [Object Copy (ms): Min: 2.5, Avg: 3.4, Max: 7.5, Diff: 5.0, Sum: 27.5]
      [Termination (ms): Min: 0.0, Avg: 0.0, Max: 0.0, Diff: 0.0, Sum: 0.0]
         [Termination Attempts: Min: 13, Avg: 15.8, Max: 21, Diff: 8, Sum: 126]
      [GC Worker Other (ms): Min: 0.0, Avg: 0.1, Max: 0.1, Diff: 0.1, Sum: 0.5]
      [GC Worker Total (ms): Min: 16.0, Avg: 16.1, Max: 16.2, Diff: 0.1, Sum: 128.8]
      [GC Worker End (ms): Min: 233243738.3, Avg: 233243738.3, Max: 233243738.4, Diff: 0.1]
   [Code Root Fixup: 0.0 ms]
   [Code Root Purge: 0.0 ms]
   [Clear CT: 0.8 ms]
   [Other: 4.0 ms]
      [Choose CSet: 0.0 ms]
      [Ref Proc: 3.1 ms]
      [Ref Enq: 0.1 ms]
      [Redirty Cards: 0.1 ms]
      [Humongous Register: 0.1 ms]
      [Humongous Reclaim: 0.0 ms]
      [Free CSet: 0.3 ms]
   [Eden: 7152.0M(7152.0M)->0.0B(7152.0M) Survivors: 16384.0K->16384.0K Heap: 10585.2M(14336.0M)->3467.2M(14336.0M)]
 [Times: user=0.14 sys=0.00, real=0.02 secs] 
2022-07-24T13:59:40.634-0700: 233352.139: [GC pause (G1 Evacuation Pause) (young) (initial-mark), 0.0197220 secs]
   [Parallel Time: 14.9 ms, GC Workers: 8]
      [GC Worker Start (ms): Min: 233352141.1, Avg: 233352141.2, Max: 233352141.3, Diff: 0.2]
      [Ext Root Scanning (ms): Min: 1.6, Avg: 4.0, Max: 6.6, Diff: 4.9, Sum: 31.7]
      [Update RS (ms): Min: 2.4, Avg: 2.5, Max: 2.7, Diff: 0.3, Sum: 20.2]
         [Processed Buffers: Min: 5, Avg: 8.4, Max: 15, Diff: 10, Sum: 67]
      [Scan RS (ms): Min: 0.0, Avg: 0.0, Max: 0.1, Diff: 0.1, Sum: 0.4]
      [Code Root Scanning (ms): Min: 0.0, Avg: 0.0, Max: 0.0, Diff: 0.0, Sum: 0.0]
      [Object Copy (ms): Min: 3.2, Avg: 5.9, Max: 8.4, Diff: 5.2, Sum: 47.3]
      [Termination (ms): Min: 0.0, Avg: 0.1, Max: 0.1, Diff: 0.1, Sum: 0.8]
         [Termination Attempts: Min: 1, Avg: 1.6, Max: 4, Diff: 3, Sum: 13]
      [GC Worker Other (ms): Min: 0.0, Avg: 0.0, Max: 0.0, Diff: 0.0, Sum: 0.1]
      [GC Worker Total (ms): Min: 12.5, Avg: 12.6, Max: 12.6, Diff: 0.1, Sum: 100.4]
      [GC Worker End (ms): Min: 233352153.8, Avg: 233352153.8, Max: 233352153.8, Diff: 0.0]
   [Code Root Fixup: 0.0 ms]
   [Code Root Purge: 0.0 ms]
   [Clear CT: 0.7 ms]
   [Other: 4.0 ms]
      [Choose CSet: 0.0 ms]
      [Ref Proc: 3.2 ms]
      [Ref Enq: 0.1 ms]
      [Redirty Cards: 0.1 ms]
      [Humongous Register: 0.0 ms]
      [Humongous Reclaim: 0.0 ms]
      [Free CSet: 0.3 ms]
   [Eden: 7152.0M(7152.0M)->0.0B(7152.0M) Survivors: 16384.0K->16384.0K Heap: 10619.2M(14336.0M)->3472.9M(14336.0M)]
 [Times: user=0.08 sys=0.00, real=0.02 secs] 
2022-07-24T13:59:40.654-0700: 233352.159: [GC concurrent-root-region-scan-start]
2022-07-24T13:59:40.664-0700: 233352.169: [GC concurrent-root-region-scan-end, 0.0103432 secs]
2022-07-24T13:59:40.664-0700: 233352.169: [GC concurrent-mark-start]
2022-07-24T13:59:43.267-0700: 233354.772: [GC concurrent-mark-end, 2.6030765 secs]
2022-07-24T13:59:43.268-0700: 233354.773: [GC remark 2022-07-24T13:59:43.268-0700: 233354.773: [Finalize Marking, 0.0004524 secs] 2022-07-24T13:59:43.268-0700: 233354.773: [GC ref-proc, 0.0070744 secs] 2022-07-24T13:59:43.275-0700: 233354.780: [Unloading, 0.0287592 secs], 0.0418578 secs]
 [Times: user=0.26 sys=0.00, real=0.04 secs] 
2022-07-24T13:59:43.310-0700: 233354.815: [GC cleanup 3659M->3659M(14336M), 0.0077078 secs]
 [Times: user=0.06 sys=0.00, real=0.01 secs] 
2022-07-24T14:00:49.832-0700: 233421.337: [GC pause (G1 Evacuation Pause) (young), 0.0239056 secs]
   [Parallel Time: 21.1 ms, GC Workers: 8]
      [GC Worker Start (ms): Min: 233421337.1, Avg: 233421337.1, Max: 233421337.1, Diff: 0.1]
      [Ext Root Scanning (ms): Min: 0.9, Avg: 1.5, Max: 5.0, Diff: 4.1, Sum: 12.3]
      [Update RS (ms): Min: 1.1, Avg: 4.4, Max: 5.1, Diff: 4.1, Sum: 35.1]
         [Processed Buffers: Min: 7, Avg: 15.1, Max: 21, Diff: 14, Sum: 121]
      [Scan RS (ms): Min: 0.0, Avg: 0.1, Max: 0.1, Diff: 0.1, Sum: 0.4]
      [Code Root Scanning (ms): Min: 0.0, Avg: 0.0, Max: 0.0, Diff: 0.0, Sum: 0.0]
      [Object Copy (ms): Min: 14.8, Avg: 15.0, Max: 15.1, Diff: 0.2, Sum: 119.6]
      [Termination (ms): Min: 0.0, Avg: 0.0, Max: 0.0, Diff: 0.0, Sum: 0.0]
         [Termination Attempts: Min: 1, Avg: 1.0, Max: 1, Diff: 0, Sum: 8]
      [GC Worker Other (ms): Min: 0.0, Avg: 0.1, Max: 0.1, Diff: 0.1, Sum: 0.5]
      [GC Worker Total (ms): Min: 21.0, Avg: 21.0, Max: 21.1, Diff: 0.1, Sum: 168.0]
      [GC Worker End (ms): Min: 233421358.1, Avg: 233421358.1, Max: 233421358.1, Diff: 0.1]
   [Code Root Fixup: 0.0 ms]
   [Code Root Purge: 0.0 ms]
   [Clear CT: 0.8 ms]
   [Other: 1.9 ms]
      [Choose CSet: 0.0 ms]
      [Ref Proc: 1.3 ms]
      [Ref Enq: 0.1 ms]
      [Redirty Cards: 0.1 ms]
      [Humongous Register: 0.0 ms]
      [Humongous Reclaim: 0.0 ms]
      [Free CSet: 0.3 ms]
   [Eden: 7152.0M(7152.0M)->0.0B(5664.0M) Survivors: 16384.0K->65536.0K Heap: 10624.9M(14336.0M)->3521.3M(14336.0M)]
 [Times: user=0.18 sys=0.00, real=0.03 secs] 
2022-07-24T14:00:57.674-0700: 233429.178: [GC pause (G1 Evacuation Pause) (mixed), 0.0478920 secs]
   [Parallel Time: 43.7 ms, GC Workers: 8]
      [GC Worker Start (ms): Min: 233429178.6, Avg: 233429178.7, Max: 233429178.8, Diff: 0.2]
      [Ext Root Scanning (ms): Min: 0.8, Avg: 1.7, Max: 6.2, Diff: 5.4, Sum: 13.5]
      [Update RS (ms): Min: 0.0, Avg: 2.4, Max: 2.9, Diff: 2.9, Sum: 19.1]
         [Processed Buffers: Min: 0, Avg: 8.0, Max: 17, Diff: 17, Sum: 64]
      [Scan RS (ms): Min: 1.2, Avg: 3.1, Max: 4.1, Diff: 2.9, Sum: 24.5]
      [Code Root Scanning (ms): Min: 0.0, Avg: 0.1, Max: 0.8, Diff: 0.8, Sum: 0.8]
      [Object Copy (ms): Min: 35.6, Avg: 36.1, Max: 36.4, Diff: 0.7, Sum: 288.8]
      [Termination (ms): Min: 0.0, Avg: 0.0, Max: 0.0, Diff: 0.0, Sum: 0.2]
         [Termination Attempts: Min: 1, Avg: 153.0, Max: 194, Diff: 193, Sum: 1224]
      [GC Worker Other (ms): Min: 0.0, Avg: 0.1, Max: 0.2, Diff: 0.2, Sum: 0.7]
      [GC Worker Total (ms): Min: 43.3, Avg: 43.5, Max: 43.7, Diff: 0.4, Sum: 347.7]
      [GC Worker End (ms): Min: 233429222.0, Avg: 233429222.1, Max: 233429222.2, Diff: 0.2]
   [Code Root Fixup: 0.0 ms]
   [Code Root Purge: 0.0 ms]
   [Clear CT: 0.9 ms]
   [Other: 3.2 ms]
      [Choose CSet: 0.0 ms]
      [Ref Proc: 2.5 ms]
      [Ref Enq: 0.1 ms]
      [Redirty Cards: 0.2 ms]
      [Humongous Register: 0.0 ms]
      [Humongous Reclaim: 0.0 ms]
      [Free CSet: 0.3 ms]
   [Eden: 5664.0M(5664.0M)->0.0B(7056.0M) Survivors: 65536.0K->112.0M Heap: 9185.3M(14336.0M)->3544.6M(14336.0M)]
 [Times: user=0.24 sys=0.00, real=0.05 secs] 
2022-07-24T14:01:08.650-0700: 233440.155: [GC pause (G1 Evacuation Pause) (young), 0.0303320 secs]
   [Parallel Time: 26.8 ms, GC Workers: 8]
      [GC Worker Start (ms): Min: 233440154.8, Avg: 233440154.9, Max: 233440154.9, Diff: 0.1]
      [Ext Root Scanning (ms): Min: 0.7, Avg: 1.5, Max: 5.0, Diff: 4.3, Sum: 12.3]
      [Update RS (ms): Min: 5.7, Avg: 8.9, Max: 9.7, Diff: 3.9, Sum: 71.6]
         [Processed Buffers: Min: 20, Avg: 28.5, Max: 35, Diff: 15, Sum: 228]
      [Scan RS (ms): Min: 0.2, Avg: 0.3, Max: 0.4, Diff: 0.2, Sum: 2.4]
      [Code Root Scanning (ms): Min: 0.0, Avg: 0.0, Max: 0.0, Diff: 0.0, Sum: 0.0]
      [Object Copy (ms): Min: 15.3, Avg: 15.6, Max: 15.9, Diff: 0.6, Sum: 124.4]
      [Termination (ms): Min: 0.0, Avg: 0.3, Max: 0.4, Diff: 0.4, Sum: 2.8]
         [Termination Attempts: Min: 1, Avg: 1.0, Max: 1, Diff: 0, Sum: 8]
      [GC Worker Other (ms): Min: 0.0, Avg: 0.0, Max: 0.0, Diff: 0.0, Sum: 0.1]
      [GC Worker Total (ms): Min: 26.7, Avg: 26.7, Max: 26.8, Diff: 0.1, Sum: 213.6]
      [GC Worker End (ms): Min: 233440181.5, Avg: 233440181.6, Max: 233440181.6, Diff: 0.0]
   [Code Root Fixup: 0.0 ms]
   [Code Root Purge: 0.0 ms]
   [Clear CT: 0.8 ms]
   [Other: 2.7 ms]
      [Choose CSet: 0.0 ms]
      [Ref Proc: 1.8 ms]
      [Ref Enq: 0.1 ms]
      [Redirty Cards: 0.1 ms]
      [Humongous Register: 0.1 ms]
      [Humongous Reclaim: 0.0 ms]
      [Free CSet: 0.3 ms]
   [Eden: 7056.0M(7056.0M)->0.0B(7088.0M) Survivors: 112.0M->81920.0K Heap: 10600.6M(14336.0M)->3544.7M(14336.0M)]
 [Times: user=0.22 sys=0.00, real=0.03 secs] 
2022-07-24T14:02:27.804-0700: 233519.308: [GC pause (G1 Evacuation Pause) (young) (initial-mark), 0.0348865 secs]
   [Parallel Time: 31.6 ms, GC Workers: 8]
      [GC Worker Start (ms): Min: 233519310.1, Avg: 233519310.2, Max: 233519310.2, Diff: 0.1]
      [Ext Root Scanning (ms): Min: 5.2, Avg: 5.3, Max: 5.5, Diff: 0.3, Sum: 42.4]
      [Update RS (ms): Min: 5.7, Avg: 5.8, Max: 5.9, Diff: 0.2, Sum: 46.6]
         [Processed Buffers: Min: 15, Avg: 19.6, Max: 35, Diff: 20, Sum: 157]
      [Scan RS (ms): Min: 0.0, Avg: 0.0, Max: 0.1, Diff: 0.1, Sum: 0.4]
      [Code Root Scanning (ms): Min: 0.0, Avg: 0.0, Max: 0.1, Diff: 0.1, Sum: 0.2]
      [Object Copy (ms): Min: 18.0, Avg: 18.3, Max: 18.6, Diff: 0.6, Sum: 146.7]
      [Termination (ms): Min: 0.0, Avg: 0.3, Max: 0.4, Diff: 0.4, Sum: 2.1]
         [Termination Attempts: Min: 1, Avg: 1.0, Max: 1, Diff: 0, Sum: 8]
      [GC Worker Other (ms): Min: 0.0, Avg: 0.0, Max: 0.0, Diff: 0.0, Sum: 0.1]
      [GC Worker Total (ms): Min: 29.8, Avg: 29.8, Max: 29.9, Diff: 0.1, Sum: 238.5]
      [GC Worker End (ms): Min: 233519340.0, Avg: 233519340.0, Max: 233519340.0, Diff: 0.0]
   [Code Root Fixup: 0.0 ms]
   [Code Root Purge: 0.0 ms]
   [Clear CT: 0.7 ms]
   [Other: 2.6 ms]
      [Choose CSet: 0.0 ms]
      [Ref Proc: 1.9 ms]
      [Ref Enq: 0.1 ms]
      [Redirty Cards: 0.1 ms]
      [Humongous Register: 0.0 ms]
      [Humongous Reclaim: 0.0 ms]
      [Free CSet: 0.3 ms]
   [Eden: 7088.0M(7088.0M)->0.0B(7056.0M) Survivors: 81920.0K->112.0M Heap: 10632.7M(14336.0M)->3624.1M(14336.0M)]
 [Times: user=0.21 sys=0.00, real=0.03 secs] 
2022-07-24T14:02:27.839-0700: 233519.343: [GC concurrent-root-region-scan-start]
2022-07-24T14:02:27.853-0700: 233519.358: [GC concurrent-root-region-scan-end, 0.0147352 secs]
2022-07-24T14:02:27.853-0700: 233519.358: [GC concurrent-mark-start]
2022-07-24T14:02:30.327-0700: 233521.832: [GC concurrent-mark-end, 2.4739746 secs]
2022-07-24T14:02:30.328-0700: 233521.832: [GC remark 2022-07-24T14:02:30.328-0700: 233521.832: [Finalize Marking, 0.0002760 secs] 2022-07-24T14:02:30.328-0700: 233521.833: [GC ref-proc, 0.0064723 secs] 2022-07-24T14:02:30.335-0700: 233521.839: [Unloading, 0.0291034 secs], 0.0410408 secs]
 [Times: user=0.25 sys=0.00, real=0.04 secs] 
2022-07-24T14:02:30.369-0700: 233521.874: [GC cleanup 3792M->3792M(14336M), 0.0079761 secs]
 [Times: user=0.06 sys=0.00, real=0.01 secs] 
2022-07-24T14:04:46.213-0700: 233657.718: [GC pause (G1 Evacuation Pause) (young), 0.0460166 secs]
   [Parallel Time: 38.1 ms, GC Workers: 8]
      [GC Worker Start (ms): Min: 233657718.2, Avg: 233657718.2, Max: 233657718.3, Diff: 0.2]
      [Ext Root Scanning (ms): Min: 1.3, Avg: 2.1, Max: 5.8, Diff: 4.5, Sum: 16.8]
      [Update RS (ms): Min: 7.9, Avg: 11.0, Max: 11.7, Diff: 3.8, Sum: 88.2]
         [Processed Buffers: Min: 31, Avg: 34.0, Max: 42, Diff: 11, Sum: 272]
      [Scan RS (ms): Min: 0.0, Avg: 0.0, Max: 0.1, Diff: 0.1, Sum: 0.4]
      [Code Root Scanning (ms): Min: 0.0, Avg: 0.0, Max: 0.1, Diff: 0.1, Sum: 0.2]
      [Object Copy (ms): Min: 24.2, Avg: 24.6, Max: 24.8, Diff: 0.7, Sum: 196.8]
      [Termination (ms): Min: 0.0, Avg: 0.0, Max: 0.0, Diff: 0.0, Sum: 0.1]
         [Termination Attempts: Min: 1, Avg: 39.8, Max: 54, Diff: 53, Sum: 318]
      [GC Worker Other (ms): Min: 0.0, Avg: 0.1, Max: 0.1, Diff: 0.1, Sum: 0.5]
      [GC Worker Total (ms): Min: 37.8, Avg: 37.9, Max: 38.0, Diff: 0.2, Sum: 303.1]
      [GC Worker End (ms): Min: 233657756.1, Avg: 233657756.1, Max: 233657756.2, Diff: 0.1]
   [Code Root Fixup: 0.0 ms]
   [Code Root Purge: 0.0 ms]
   [Clear CT: 0.8 ms]
   [Other: 7.1 ms]
      [Choose CSet: 0.0 ms]
      [Ref Proc: 1.5 ms]
      [Ref Enq: 0.1 ms]
      [Redirty Cards: 0.1 ms]
      [Humongous Register: 0.1 ms]
      [Humongous Reclaim: 0.0 ms]
      [Free CSet: 0.3 ms]
   [Eden: 7056.0M(7056.0M)->0.0B(5616.0M) Survivors: 112.0M->112.0M Heap: 10680.1M(14336.0M)->3685.7M(14336.0M)]
 [Times: user=0.32 sys=0.00, real=0.05 secs] 
2022-07-24T14:06:54.119-0700: 233785.623: [GC pause (G1 Evacuation Pause) (mixed), 0.0673584 secs]
   [Parallel Time: 61.4 ms, GC Workers: 8]
      [GC Worker Start (ms): Min: 233785623.6, Avg: 233785623.7, Max: 233785623.7, Diff: 0.2]
      [Ext Root Scanning (ms): Min: 1.2, Avg: 2.1, Max: 6.2, Diff: 4.9, Sum: 16.9]
      [Update RS (ms): Min: 8.3, Avg: 12.0, Max: 12.8, Diff: 4.5, Sum: 95.9]
         [Processed Buffers: Min: 25, Avg: 34.0, Max: 43, Diff: 18, Sum: 272]
      [Scan RS (ms): Min: 3.8, Avg: 4.0, Max: 4.1, Diff: 0.4, Sum: 31.8]
      [Code Root Scanning (ms): Min: 0.0, Avg: 0.0, Max: 0.1, Diff: 0.1, Sum: 0.2]
      [Object Copy (ms): Min: 42.0, Avg: 42.5, Max: 42.9, Diff: 0.9, Sum: 339.8]
      [Termination (ms): Min: 0.0, Avg: 0.2, Max: 0.4, Diff: 0.4, Sum: 1.9]
         [Termination Attempts: Min: 1, Avg: 2.6, Max: 6, Diff: 5, Sum: 21]
      [GC Worker Other (ms): Min: 0.0, Avg: 0.0, Max: 0.0, Diff: 0.0, Sum: 0.2]
      [GC Worker Total (ms): Min: 60.7, Avg: 60.8, Max: 60.9, Diff: 0.2, Sum: 486.6]
      [GC Worker End (ms): Min: 233785684.5, Avg: 233785684.5, Max: 233785684.5, Diff: 0.0]
   [Code Root Fixup: 0.0 ms]
   [Code Root Purge: 0.0 ms]
   [Clear CT: 0.9 ms]
   [Other: 5.0 ms]
      [Choose CSet: 0.1 ms]
      [Ref Proc: 3.9 ms]
      [Ref Enq: 0.1 ms]
      [Redirty Cards: 0.3 ms]
      [Humongous Register: 0.0 ms]
      [Humongous Reclaim: 0.0 ms]
      [Free CSet: 0.4 ms]
   [Eden: 5616.0M(5616.0M)->0.0B(7024.0M) Survivors: 112.0M->144.0M Heap: 9301.7M(14336.0M)->3526.6M(14336.0M)]
 [Times: user=0.46 sys=0.00, real=0.07 secs] 
2022-07-24T14:09:17.123-0700: 233928.628: [GC pause (G1 Evacuation Pause) (young), 0.0350849 secs]
   [Parallel Time: 32.2 ms, GC Workers: 8]
      [GC Worker Start (ms): Min: 233928627.8, Avg: 233928627.9, Max: 233928627.9, Diff: 0.1]
      [Ext Root Scanning (ms): Min: 1.1, Avg: 1.9, Max: 5.2, Diff: 4.1, Sum: 14.9]
      [Update RS (ms): Min: 11.5, Avg: 14.6, Max: 15.4, Diff: 3.9, Sum: 116.7]
         [Processed Buffers: Min: 27, Avg: 31.8, Max: 39, Diff: 12, Sum: 254]
      [Scan RS (ms): Min: 0.4, Avg: 0.7, Max: 1.3, Diff: 0.9, Sum: 5.5]
      [Code Root Scanning (ms): Min: 0.0, Avg: 0.0, Max: 0.0, Diff: 0.0, Sum: 0.0]
      [Object Copy (ms): Min: 14.5, Avg: 14.9, Max: 15.2, Diff: 0.7, Sum: 119.2]
      [Termination (ms): Min: 0.0, Avg: 0.0, Max: 0.0, Diff: 0.0, Sum: 0.1]
         [Termination Attempts: Min: 12, Avg: 18.0, Max: 23, Diff: 11, Sum: 144]
      [GC Worker Other (ms): Min: 0.0, Avg: 0.0, Max: 0.1, Diff: 0.0, Sum: 0.4]
      [GC Worker Total (ms): Min: 32.0, Avg: 32.1, Max: 32.1, Diff: 0.1, Sum: 256.8]
      [GC Worker End (ms): Min: 233928659.9, Avg: 233928660.0, Max: 233928660.0, Diff: 0.0]
   [Code Root Fixup: 0.0 ms]
   [Code Root Purge: 0.0 ms]
   [Clear CT: 0.8 ms]
   [Other: 2.1 ms]
      [Choose CSet: 0.0 ms]
      [Ref Proc: 1.4 ms]
      [Ref Enq: 0.1 ms]
      [Redirty Cards: 0.1 ms]
      [Humongous Register: 0.0 ms]
      [Humongous Reclaim: 0.0 ms]
      [Free CSet: 0.3 ms]
   [Eden: 7024.0M(7024.0M)->0.0B(7088.0M) Survivors: 144.0M->81920.0K Heap: 10550.6M(14336.0M)->3527.7M(14336.0M)]
 [Times: user=0.27 sys=0.00, real=0.03 secs] 
2022-07-24T14:11:52.066-0700: 234083.571: [GC pause (G1 Evacuation Pause) (young) (initial-mark), 0.0354313 secs]
   [Parallel Time: 30.8 ms, GC Workers: 8]
      [GC Worker Start (ms): Min: 234083572.8, Avg: 234083572.9, Max: 234083573.0, Diff: 0.2]
      [Ext Root Scanning (ms): Min: 5.2, Avg: 5.6, Max: 6.0, Diff: 0.9, Sum: 44.5]
      [Update RS (ms): Min: 9.7, Avg: 9.9, Max: 10.0, Diff: 0.3, Sum: 79.1]
         [Processed Buffers: Min: 21, Avg: 24.6, Max: 33, Diff: 12, Sum: 197]
      [Scan RS (ms): Min: 0.0, Avg: 0.0, Max: 0.1, Diff: 0.1, Sum: 0.4]
      [Code Root Scanning (ms): Min: 0.0, Avg: 0.0, Max: 0.0, Diff: 0.0, Sum: 0.0]
      [Object Copy (ms): Min: 11.4, Avg: 12.1, Max: 13.0, Diff: 1.6, Sum: 96.8]
      [Termination (ms): Min: 0.0, Avg: 1.1, Max: 1.3, Diff: 1.3, Sum: 8.8]
         [Termination Attempts: Min: 1, Avg: 2.6, Max: 4, Diff: 3, Sum: 21]
      [GC Worker Other (ms): Min: 0.0, Avg: 0.0, Max: 0.0, Diff: 0.0, Sum: 0.1]
      [GC Worker Total (ms): Min: 28.6, Avg: 28.7, Max: 28.8, Diff: 0.2, Sum: 229.6]
      [GC Worker End (ms): Min: 234083601.6, Avg: 234083601.6, Max: 234083601.6, Diff: 0.0]
   [Code Root Fixup: 0.0 ms]
   [Code Root Purge: 0.0 ms]
   [Clear CT: 0.7 ms]
   [Other: 3.9 ms]
      [Choose CSet: 0.0 ms]
      [Ref Proc: 3.2 ms]
      [Ref Enq: 0.1 ms]
      [Redirty Cards: 0.1 ms]
      [Humongous Register: 0.0 ms]
      [Humongous Reclaim: 0.0 ms]
      [Free CSet: 0.3 ms]
   [Eden: 7088.0M(7088.0M)->0.0B(7104.0M) Survivors: 81920.0K->65536.0K Heap: 10615.7M(14336.0M)->3575.5M(14336.0M)]
 [Times: user=0.23 sys=0.00, real=0.03 secs] 
2022-07-24T14:11:52.101-0700: 234083.606: [GC concurrent-root-region-scan-start]
2022-07-24T14:11:52.117-0700: 234083.622: [GC concurrent-root-region-scan-end, 0.0153469 secs]
2022-07-24T14:11:52.117-0700: 234083.622: [GC concurrent-mark-start]
2022-07-24T14:11:54.628-0700: 234086.133: [GC concurrent-mark-end, 2.5111196 secs]
2022-07-24T14:11:54.628-0700: 234086.133: [GC remark 2022-07-24T14:11:54.628-0700: 234086.133: [Finalize Marking, 0.0003356 secs] 2022-07-24T14:11:54.629-0700: 234086.133: [GC ref-proc, 0.0108658 secs] 2022-07-24T14:11:54.640-0700: 234086.144: [Unloading, 0.0259304 secs], 0.0428061 secs]
 [Times: user=0.25 sys=0.00, real=0.04 secs] 
2022-07-24T14:11:54.672-0700: 234086.176: [GC cleanup 3731M->3731M(14336M), 0.0090937 secs]
 [Times: user=0.06 sys=0.00, real=0.01 secs] 
2022-07-24T14:14:17.570-0700: 234229.074: [GC pause (G1 Evacuation Pause) (young), 0.0294651 secs]
   [Parallel Time: 26.5 ms, GC Workers: 8]
      [GC Worker Start (ms): Min: 234229074.4, Avg: 234229074.5, Max: 234229074.6, Diff: 0.1]
      [Ext Root Scanning (ms): Min: 1.2, Avg: 2.0, Max: 5.5, Diff: 4.3, Sum: 16.0]
      [Update RS (ms): Min: 7.5, Avg: 10.7, Max: 11.4, Diff: 3.9, Sum: 85.4]
         [Processed Buffers: Min: 21, Avg: 30.2, Max: 39, Diff: 18, Sum: 242]
      [Scan RS (ms): Min: 0.0, Avg: 0.0, Max: 0.1, Diff: 0.1, Sum: 0.4]
      [Code Root Scanning (ms): Min: 0.0, Avg: 0.0, Max: 0.0, Diff: 0.0, Sum: 0.0]
      [Object Copy (ms): Min: 13.1, Avg: 13.5, Max: 13.6, Diff: 0.5, Sum: 107.7]
      [Termination (ms): Min: 0.0, Avg: 0.0, Max: 0.0, Diff: 0.0, Sum: 0.0]
         [Termination Attempts: Min: 1, Avg: 1.0, Max: 1, Diff: 0, Sum: 8]
      [GC Worker Other (ms): Min: 0.0, Avg: 0.0, Max: 0.1, Diff: 0.1, Sum: 0.4]
      [GC Worker Total (ms): Min: 26.2, Avg: 26.2, Max: 26.3, Diff: 0.1, Sum: 210.0]
      [GC Worker End (ms): Min: 234229100.7, Avg: 234229100.8, Max: 234229100.8, Diff: 0.1]
   [Code Root Fixup: 0.0 ms]
   [Code Root Purge: 0.0 ms]
   [Clear CT: 0.7 ms]
   [Other: 2.3 ms]
      [Choose CSet: 0.0 ms]
      [Ref Proc: 1.6 ms]
      [Ref Enq: 0.1 ms]
      [Redirty Cards: 0.1 ms]
      [Humongous Register: 0.0 ms]
      [Humongous Reclaim: 0.0 ms]
      [Free CSet: 0.3 ms]
   [Eden: 7104.0M(7104.0M)->0.0B(5664.0M) Survivors: 65536.0K->65536.0K Heap: 10679.5M(14336.0M)->3610.8M(14336.0M)]
 [Times: user=0.23 sys=0.00, real=0.03 secs] 
2022-07-24T14:16:23.120-0700: 234354.625: [GC pause (G1 Evacuation Pause) (mixed), 0.0476732 secs]
   [Parallel Time: 43.4 ms, GC Workers: 8]
      [GC Worker Start (ms): Min: 234354625.4, Avg: 234354625.5, Max: 234354625.5, Diff: 0.1]
      [Ext Root Scanning (ms): Min: 1.8, Avg: 2.5, Max: 4.9, Diff: 3.1, Sum: 20.3]
      [Update RS (ms): Min: 2.6, Avg: 4.7, Max: 5.2, Diff: 2.6, Sum: 37.5]
         [Processed Buffers: Min: 9, Avg: 22.0, Max: 30, Diff: 21, Sum: 176]
      [Scan RS (ms): Min: 2.5, Avg: 2.8, Max: 2.9, Diff: 0.4, Sum: 22.4]
      [Code Root Scanning (ms): Min: 0.0, Avg: 0.0, Max: 0.1, Diff: 0.1, Sum: 0.4]
      [Object Copy (ms): Min: 32.8, Avg: 33.1, Max: 33.6, Diff: 0.7, Sum: 265.0]
      [Termination (ms): Min: 0.0, Avg: 0.1, Max: 0.1, Diff: 0.1, Sum: 0.6]
         [Termination Attempts: Min: 1, Avg: 1.0, Max: 1, Diff: 0, Sum: 8]
      [GC Worker Other (ms): Min: 0.0, Avg: 0.0, Max: 0.1, Diff: 0.0, Sum: 0.3]
      [GC Worker Total (ms): Min: 43.2, Avg: 43.3, Max: 43.4, Diff: 0.1, Sum: 346.5]
      [GC Worker End (ms): Min: 234354668.8, Avg: 234354668.8, Max: 234354668.8, Diff: 0.0]
   [Code Root Fixup: 0.0 ms]
   [Code Root Purge: 0.0 ms]
   [Clear CT: 1.2 ms]
   [Other: 3.0 ms]
      [Choose CSet: 0.1 ms]
      [Ref Proc: 2.0 ms]
      [Ref Enq: 0.1 ms]
      [Redirty Cards: 0.3 ms]
      [Humongous Register: 0.1 ms]
      [Humongous Reclaim: 0.0 ms]
      [Free CSet: 0.3 ms]
   [Eden: 5664.0M(5664.0M)->0.0B(7072.0M) Survivors: 65536.0K->98304.0K Heap: 9274.8M(14336.0M)->3493.7M(14336.0M)]
 [Times: user=0.32 sys=0.00, real=0.05 secs] 
2022-07-24T14:18:21.016-0700: 234472.521: [GC pause (G1 Evacuation Pause) (young), 0.0253082 secs]
   [Parallel Time: 21.5 ms, GC Workers: 8]
      [GC Worker Start (ms): Min: 234472520.8, Avg: 234472520.9, Max: 234472521.0, Diff: 0.2]
      [Ext Root Scanning (ms): Min: 1.4, Avg: 2.2, Max: 5.7, Diff: 4.4, Sum: 17.2]
      [Update RS (ms): Min: 6.1, Avg: 9.3, Max: 10.1, Diff: 3.9, Sum: 74.2]
         [Processed Buffers: Min: 18, Avg: 29.8, Max: 35, Diff: 17, Sum: 238]
      [Scan RS (ms): Min: 0.3, Avg: 0.5, Max: 0.6, Diff: 0.3, Sum: 3.9]
      [Code Root Scanning (ms): Min: 0.0, Avg: 0.0, Max: 0.0, Diff: 0.0, Sum: 0.1]
      [Object Copy (ms): Min: 8.7, Avg: 9.1, Max: 9.3, Diff: 0.6, Sum: 72.7]
      [Termination (ms): Min: 0.0, Avg: 0.0, Max: 0.0, Diff: 0.0, Sum: 0.0]
         [Termination Attempts: Min: 1, Avg: 1.0, Max: 1, Diff: 0, Sum: 8]
      [GC Worker Other (ms): Min: 0.0, Avg: 0.1, Max: 0.1, Diff: 0.1, Sum: 0.5]
      [GC Worker Total (ms): Min: 21.0, Avg: 21.1, Max: 21.2, Diff: 0.2, Sum: 168.7]
      [GC Worker End (ms): Min: 234472542.0, Avg: 234472542.0, Max: 234472542.1, Diff: 0.1]
   [Code Root Fixup: 0.0 ms]
   [Code Root Purge: 0.0 ms]
   [Clear CT: 0.8 ms]
   [Other: 3.0 ms]
      [Choose CSet: 0.0 ms]
      [Ref Proc: 2.3 ms]
      [Ref Enq: 0.1 ms]
      [Redirty Cards: 0.1 ms]
      [Humongous Register: 0.1 ms]
      [Humongous Reclaim: 0.0 ms]
      [Free CSet: 0.3 ms]
   [Eden: 7072.0M(7072.0M)->0.0B(7120.0M) Survivors: 98304.0K->49152.0K Heap: 10565.7M(14336.0M)->3517.8M(14336.0M)]
 [Times: user=0.18 sys=0.00, real=0.02 secs] 
2022-07-24T14:20:23.441-0700: 234594.946: [GC pause (G1 Evacuation Pause) (young) (initial-mark), 0.0302873 secs]
   [Parallel Time: 25.4 ms, GC Workers: 8]
      [GC Worker Start (ms): Min: 234594948.5, Avg: 234594948.6, Max: 234594948.7, Diff: 0.2]
      [Ext Root Scanning (ms): Min: 5.7, Avg: 6.1, Max: 6.7, Diff: 1.0, Sum: 49.0]
      [Update RS (ms): Min: 1.6, Avg: 5.9, Max: 6.6, Diff: 5.0, Sum: 47.1]
         [Processed Buffers: Min: 8, Avg: 18.8, Max: 24, Diff: 16, Sum: 150]
      [Scan RS (ms): Min: 0.0, Avg: 0.0, Max: 0.1, Diff: 0.1, Sum: 0.4]
      [Code Root Scanning (ms): Min: 0.0, Avg: 0.0, Max: 0.0, Diff: 0.0, Sum: 0.0]
      [Object Copy (ms): Min: 9.4, Avg: 10.6, Max: 14.3, Diff: 4.9, Sum: 84.7]
      [Termination (ms): Min: 0.0, Avg: 0.1, Max: 0.1, Diff: 0.1, Sum: 0.8]
         [Termination Attempts: Min: 1, Avg: 3.0, Max: 6, Diff: 5, Sum: 24]
      [GC Worker Other (ms): Min: 0.0, Avg: 0.0, Max: 0.0, Diff: 0.0, Sum: 0.2]
      [GC Worker Total (ms): Min: 22.7, Avg: 22.8, Max: 22.8, Diff: 0.2, Sum: 182.0]
      [GC Worker End (ms): Min: 234594971.3, Avg: 234594971.3, Max: 234594971.3, Diff: 0.0]
   [Code Root Fixup: 0.0 ms]
   [Code Root Purge: 0.0 ms]
   [Clear CT: 0.8 ms]
   [Other: 4.1 ms]
      [Choose CSet: 0.0 ms]
      [Ref Proc: 3.3 ms]
      [Ref Enq: 0.1 ms]
      [Redirty Cards: 0.2 ms]
      [Humongous Register: 0.0 ms]
      [Humongous Reclaim: 0.0 ms]
      [Free CSet: 0.3 ms]
   [Eden: 7120.0M(7120.0M)->0.0B(7104.0M) Survivors: 49152.0K->65536.0K Heap: 10637.8M(14336.0M)->3568.7M(14336.0M)]
 [Times: user=0.18 sys=0.00, real=0.03 secs] 
2022-07-24T14:20:23.472-0700: 234594.977: [GC concurrent-root-region-scan-start]
2022-07-24T14:20:23.481-0700: 234594.985: [GC concurrent-root-region-scan-end, 0.0087561 secs]
2022-07-24T14:20:23.481-0700: 234594.985: [GC concurrent-mark-start]
2022-07-24T14:20:26.064-0700: 234597.569: [GC concurrent-mark-end, 2.5833711 secs]
2022-07-24T14:20:26.064-0700: 234597.569: [GC remark 2022-07-24T14:20:26.064-0700: 234597.569: [Finalize Marking, 0.0003414 secs] 2022-07-24T14:20:26.065-0700: 234597.569: [GC ref-proc, 0.0072175 secs] 2022-07-24T14:20:26.072-0700: 234597.577: [Unloading, 0.0266945 secs], 0.0396458 secs]
 [Times: user=0.25 sys=0.00, real=0.04 secs] 
2022-07-24T14:20:26.104-0700: 234597.609: [GC cleanup 3736M->3736M(14336M), 0.0083844 secs]
 [Times: user=0.06 sys=0.00, real=0.00 secs] 
2022-07-24T14:22:41.604-0700: 234733.108: [GC pause (G1 Evacuation Pause) (young), 0.0253688 secs]
   [Parallel Time: 21.4 ms, GC Workers: 8]
      [GC Worker Start (ms): Min: 234733108.5, Avg: 234733108.6, Max: 234733108.7, Diff: 0.2]
      [Ext Root Scanning (ms): Min: 1.4, Avg: 2.2, Max: 5.9, Diff: 4.5, Sum: 17.8]
      [Update RS (ms): Min: 6.8, Avg: 9.9, Max: 10.6, Diff: 3.8, Sum: 79.0]
         [Processed Buffers: Min: 21, Avg: 25.5, Max: 33, Diff: 12, Sum: 204]
      [Scan RS (ms): Min: 0.0, Avg: 0.0, Max: 0.1, Diff: 0.1, Sum: 0.4]
      [Code Root Scanning (ms): Min: 0.0, Avg: 0.0, Max: 0.0, Diff: 0.0, Sum: 0.0]
      [Object Copy (ms): Min: 8.3, Avg: 8.8, Max: 9.0, Diff: 0.7, Sum: 70.6]
      [Termination (ms): Min: 0.0, Avg: 0.0, Max: 0.0, Diff: 0.0, Sum: 0.0]
         [Termination Attempts: Min: 1, Avg: 25.4, Max: 37, Diff: 36, Sum: 203]
      [GC Worker Other (ms): Min: 0.0, Avg: 0.1, Max: 0.1, Diff: 0.1, Sum: 0.5]
      [GC Worker Total (ms): Min: 21.0, Avg: 21.0, Max: 21.1, Diff: 0.2, Sum: 168.3]
      [GC Worker End (ms): Min: 234733129.6, Avg: 234733129.6, Max: 234733129.7, Diff: 0.1]
   [Code Root Fixup: 0.0 ms]
   [Code Root Purge: 0.0 ms]
   [Clear CT: 0.8 ms]
   [Other: 3.2 ms]
      [Choose CSet: 0.0 ms]
      [Ref Proc: 2.5 ms]
      [Ref Enq: 0.1 ms]
      [Redirty Cards: 0.1 ms]
      [Humongous Register: 0.1 ms]
      [Humongous Reclaim: 0.0 ms]
      [Free CSet: 0.3 ms]
   [Eden: 7104.0M(7104.0M)->0.0B(5680.0M) Survivors: 65536.0K->49152.0K Heap: 10672.7M(14336.0M)->3576.5M(14336.0M)]
 [Times: user=0.18 sys=0.00, real=0.02 secs] 
2022-07-24T14:24:10.142-0700: 234821.646: [GC pause (G1 Evacuation Pause) (mixed), 0.0506454 secs]
   [Parallel Time: 46.9 ms, GC Workers: 8]
      [GC Worker Start (ms): Min: 234821646.5, Avg: 234821646.5, Max: 234821646.6, Diff: 0.1]
      [Ext Root Scanning (ms): Min: 0.9, Avg: 1.8, Max: 6.2, Diff: 5.3, Sum: 14.0]
      [Update RS (ms): Min: 0.4, Avg: 4.6, Max: 5.4, Diff: 5.0, Sum: 36.9]
         [Processed Buffers: Min: 5, Avg: 19.9, Max: 29, Diff: 24, Sum: 159]
      [Scan RS (ms): Min: 3.8, Avg: 4.5, Max: 6.9, Diff: 3.1, Sum: 35.6]
      [Code Root Scanning (ms): Min: 0.0, Avg: 0.1, Max: 0.4, Diff: 0.4, Sum: 0.7]
      [Object Copy (ms): Min: 33.2, Avg: 35.5, Max: 36.1, Diff: 2.9, Sum: 284.4]
      [Termination (ms): Min: 0.0, Avg: 0.1, Max: 0.2, Diff: 0.2, Sum: 1.1]
         [Termination Attempts: Min: 1, Avg: 2.4, Max: 5, Diff: 4, Sum: 19]
      [GC Worker Other (ms): Min: 0.0, Avg: 0.0, Max: 0.0, Diff: 0.0, Sum: 0.2]
      [GC Worker Total (ms): Min: 46.5, Avg: 46.6, Max: 46.7, Diff: 0.2, Sum: 372.9]
      [GC Worker End (ms): Min: 234821693.1, Avg: 234821693.1, Max: 234821693.2, Diff: 0.0]
   [Code Root Fixup: 0.0 ms]
   [Code Root Purge: 0.0 ms]
   [Clear CT: 0.8 ms]
   [Other: 2.9 ms]
      [Choose CSet: 0.1 ms]
      [Ref Proc: 1.8 ms]
      [Ref Enq: 0.1 ms]
      [Redirty Cards: 0.2 ms]
      [Humongous Register: 0.0 ms]
      [Humongous Reclaim: 0.0 ms]
      [Free CSet: 0.3 ms]
   [Eden: 5680.0M(5680.0M)->0.0B(7104.0M) Survivors: 49152.0K->65536.0K Heap: 9256.5M(14336.0M)->3435.6M(14336.0M)]
 [Times: user=0.35 sys=0.00, real=0.05 secs] 
2022-07-24T14:25:57.345-0700: 234928.850: [GC pause (G1 Evacuation Pause) (young), 0.0697722 secs]
   [Parallel Time: 66.7 ms, GC Workers: 8]
      [GC Worker Start (ms): Min: 234928850.0, Avg: 234928850.1, Max: 234928850.1, Diff: 0.1]
      [Ext Root Scanning (ms): Min: 0.9, Avg: 1.6, Max: 4.9, Diff: 4.0, Sum: 12.4]
      [Update RS (ms): Min: 8.0, Avg: 10.9, Max: 11.6, Diff: 3.6, Sum: 86.9]
         [Processed Buffers: Min: 31, Avg: 35.4, Max: 45, Diff: 14, Sum: 283]
      [Scan RS (ms): Min: 0.1, Avg: 0.4, Max: 0.5, Diff: 0.4, Sum: 3.4]
      [Code Root Scanning (ms): Min: 0.0, Avg: 0.0, Max: 0.0, Diff: 0.0, Sum: 0.0]
      [Object Copy (ms): Min: 52.8, Avg: 53.1, Max: 53.8, Diff: 1.0, Sum: 424.5]
      [Termination (ms): Min: 0.0, Avg: 0.7, Max: 0.8, Diff: 0.8, Sum: 5.3]
         [Termination Attempts: Min: 1, Avg: 1.0, Max: 1, Diff: 0, Sum: 8]
      [GC Worker Other (ms): Min: 0.0, Avg: 0.0, Max: 0.1, Diff: 0.1, Sum: 0.2]
      [GC Worker Total (ms): Min: 66.5, Avg: 66.6, Max: 66.7, Diff: 0.1, Sum: 532.8]
      [GC Worker End (ms): Min: 234928916.6, Avg: 234928916.7, Max: 234928916.7, Diff: 0.1]
   [Code Root Fixup: 0.0 ms]
   [Code Root Purge: 0.0 ms]
   [Clear CT: 0.7 ms]
   [Other: 2.3 ms]
      [Choose CSet: 0.0 ms]
      [Ref Proc: 1.6 ms]
      [Ref Enq: 0.1 ms]
      [Redirty Cards: 0.1 ms]
      [Humongous Register: 0.0 ms]
      [Humongous Reclaim: 0.0 ms]
      [Free CSet: 0.3 ms]
   [Eden: 7104.0M(7104.0M)->0.0B(6944.0M) Survivors: 65536.0K->224.0M Heap: 10539.6M(14336.0M)->3728.0M(14336.0M)]
 [Times: user=0.54 sys=0.00, real=0.07 secs] 
2022-07-24T14:27:29.219-0700: 235020.724: [GC pause (G1 Evacuation Pause) (young) (initial-mark), 0.0769643 secs]
   [Parallel Time: 72.0 ms, GC Workers: 8]
      [GC Worker Start (ms): Min: 235020725.9, Avg: 235020726.0, Max: 235020726.0, Diff: 0.2]
      [Ext Root Scanning (ms): Min: 5.0, Avg: 5.3, Max: 5.8, Diff: 0.9, Sum: 42.7]
      [Update RS (ms): Min: 9.5, Avg: 9.6, Max: 9.9, Diff: 0.4, Sum: 76.9]
         [Processed Buffers: Min: 18, Avg: 22.5, Max: 29, Diff: 11, Sum: 180]
      [Scan RS (ms): Min: 0.0, Avg: 0.0, Max: 0.1, Diff: 0.1, Sum: 0.4]
      [Code Root Scanning (ms): Min: 0.0, Avg: 0.0, Max: 0.0, Diff: 0.0, Sum: 0.0]
      [Object Copy (ms): Min: 54.3, Avg: 54.8, Max: 55.1, Diff: 0.8, Sum: 438.2]
      [Termination (ms): Min: 0.0, Avg: 0.0, Max: 0.0, Diff: 0.0, Sum: 0.0]
         [Termination Attempts: Min: 1, Avg: 1.0, Max: 1, Diff: 0, Sum: 8]
      [GC Worker Other (ms): Min: 0.0, Avg: 0.0, Max: 0.1, Diff: 0.1, Sum: 0.4]
      [GC Worker Total (ms): Min: 69.8, Avg: 69.8, Max: 69.9, Diff: 0.1, Sum: 558.6]
      [GC Worker End (ms): Min: 235020795.8, Avg: 235020795.8, Max: 235020795.8, Diff: 0.1]
   [Code Root Fixup: 0.0 ms]
   [Code Root Purge: 0.0 ms]
   [Clear CT: 0.8 ms]
   [Other: 4.1 ms]
      [Choose CSet: 0.0 ms]
      [Ref Proc: 3.3 ms]
      [Ref Enq: 0.1 ms]
      [Redirty Cards: 0.2 ms]
      [Humongous Register: 0.0 ms]
      [Humongous Reclaim: 0.0 ms]
      [Free CSet: 0.3 ms]
   [Eden: 6944.0M(6944.0M)->0.0B(7040.0M) Survivors: 224.0M->128.0M Heap: 10672.0M(14336.0M)->3850.7M(14336.0M)]
 [Times: user=0.56 sys=0.00, real=0.08 secs] 
2022-07-24T14:27:29.296-0700: 235020.801: [GC concurrent-root-region-scan-start]
2022-07-24T14:27:29.324-0700: 235020.829: [GC concurrent-root-region-scan-end, 0.0279953 secs]
2022-07-24T14:27:29.324-0700: 235020.829: [GC concurrent-mark-start]
2022-07-24T14:27:31.866-0700: 235023.370: [GC concurrent-mark-end, 2.5415514 secs]
2022-07-24T14:27:31.866-0700: 235023.371: [GC remark 2022-07-24T14:27:31.866-0700: 235023.371: [Finalize Marking, 0.0002961 secs] 2022-07-24T14:27:31.866-0700: 235023.371: [GC ref-proc, 0.0073002 secs] 2022-07-24T14:27:31.874-0700: 235023.378: [Unloading, 0.0262055 secs], 0.0393505 secs]
 [Times: user=0.25 sys=0.00, real=0.04 secs] 
2022-07-24T14:27:31.906-0700: 235023.410: [GC cleanup 3998M->3950M(14336M), 0.0089579 secs]
 [Times: user=0.06 sys=0.00, real=0.01 secs] 
2022-07-24T14:27:31.915-0700: 235023.420: [GC concurrent-cleanup-start]
2022-07-24T14:27:31.915-0700: 235023.420: [GC concurrent-cleanup-end, 0.0000310 secs]
2022-07-24T14:29:14.074-0700: 235125.578: [GC pause (G1 Evacuation Pause) (young), 0.0464479 secs]
   [Parallel Time: 41.1 ms, GC Workers: 8]
      [GC Worker Start (ms): Min: 235125578.6, Avg: 235125578.7, Max: 235125578.8, Diff: 0.2]
      [Ext Root Scanning (ms): Min: 1.2, Avg: 2.0, Max: 5.6, Diff: 4.4, Sum: 16.0]
      [Update RS (ms): Min: 3.8, Avg: 8.8, Max: 19.5, Diff: 15.7, Sum: 70.6]
         [Processed Buffers: Min: 15, Avg: 28.1, Max: 42, Diff: 27, Sum: 225]
      [Scan RS (ms): Min: 2.8, Avg: 14.0, Max: 15.9, Diff: 13.1, Sum: 112.1]
      [Code Root Scanning (ms): Min: 0.0, Avg: 0.0, Max: 0.0, Diff: 0.0, Sum: 0.0]
      [Object Copy (ms): Min: 15.2, Avg: 15.9, Max: 16.2, Diff: 0.9, Sum: 127.3]
      [Termination (ms): Min: 0.0, Avg: 0.0, Max: 0.0, Diff: 0.0, Sum: 0.0]
         [Termination Attempts: Min: 1, Avg: 1.0, Max: 1, Diff: 0, Sum: 8]
      [GC Worker Other (ms): Min: 0.0, Avg: 0.1, Max: 0.1, Diff: 0.1, Sum: 0.6]
      [GC Worker Total (ms): Min: 40.7, Avg: 40.8, Max: 41.0, Diff: 0.3, Sum: 326.7]
      [GC Worker End (ms): Min: 235125619.5, Avg: 235125619.5, Max: 235125619.5, Diff: 0.1]
   [Code Root Fixup: 0.0 ms]
   [Code Root Purge: 0.0 ms]
   [Clear CT: 1.0 ms]
   [Other: 4.3 ms]
      [Choose CSet: 0.0 ms]
      [Ref Proc: 3.4 ms]
      [Ref Enq: 0.1 ms]
      [Redirty Cards: 0.2 ms]
      [Humongous Register: 0.1 ms]
      [Humongous Reclaim: 0.0 ms]
      [Free CSet: 0.3 ms]
   [Eden: 7040.0M(7040.0M)->0.0B(5600.0M) Survivors: 128.0M->128.0M Heap: 10842.7M(14336.0M)->3866.9M(14336.0M)]
 [Times: user=0.34 sys=0.00, real=0.05 secs] 
2022-07-24T14:30:41.016-0700: 235212.521: [GC pause (G1 Evacuation Pause) (mixed), 0.0772805 secs]
   [Parallel Time: 72.7 ms, GC Workers: 8]
      [GC Worker Start (ms): Min: 235212521.5, Avg: 235212521.6, Max: 235212521.7, Diff: 0.2]
      [Ext Root Scanning (ms): Min: 1.2, Avg: 2.1, Max: 6.5, Diff: 5.3, Sum: 17.1]
      [Update RS (ms): Min: 7.2, Avg: 11.3, Max: 12.2, Diff: 5.0, Sum: 90.4]
         [Processed Buffers: Min: 22, Avg: 29.6, Max: 41, Diff: 19, Sum: 237]
      [Scan RS (ms): Min: 16.2, Avg: 17.0, Max: 17.8, Diff: 1.6, Sum: 136.3]
      [Code Root Scanning (ms): Min: 0.0, Avg: 0.2, Max: 0.9, Diff: 0.9, Sum: 1.6]
      [Object Copy (ms): Min: 41.1, Avg: 41.5, Max: 41.7, Diff: 0.6, Sum: 331.8]
      [Termination (ms): Min: 0.0, Avg: 0.1, Max: 0.2, Diff: 0.2, Sum: 1.1]
         [Termination Attempts: Min: 1, Avg: 45.8, Max: 116, Diff: 115, Sum: 366]
      [GC Worker Other (ms): Min: 0.0, Avg: 0.0, Max: 0.0, Diff: 0.0, Sum: 0.2]
      [GC Worker Total (ms): Min: 72.2, Avg: 72.3, Max: 72.4, Diff: 0.2, Sum: 578.5]
      [GC Worker End (ms): Min: 235212593.9, Avg: 235212593.9, Max: 235212593.9, Diff: 0.0]
   [Code Root Fixup: 0.0 ms]
   [Code Root Purge: 0.0 ms]
   [Clear CT: 1.0 ms]
   [Other: 3.5 ms]
      [Choose CSet: 0.1 ms]
      [Ref Proc: 2.3 ms]
      [Ref Enq: 0.1 ms]
      [Redirty Cards: 0.4 ms]
      [Humongous Register: 0.0 ms]
      [Humongous Reclaim: 0.0 ms]
      [Free CSet: 0.4 ms]
   [Eden: 5600.0M(5600.0M)->0.0B(7152.0M) Survivors: 128.0M->16384.0K Heap: 9466.9M(14336.0M)->3521.2M(14336.0M)]
 [Times: user=0.57 sys=0.00, real=0.07 secs] 
2022-07-24T14:32:25.223-0700: 235316.728: [GC pause (G1 Evacuation Pause) (young), 0.0297453 secs]
   [Parallel Time: 25.5 ms, GC Workers: 8]
      [GC Worker Start (ms): Min: 235316728.1, Avg: 235316728.2, Max: 235316728.2, Diff: 0.2]
      [Ext Root Scanning (ms): Min: 1.2, Avg: 1.9, Max: 5.4, Diff: 4.2, Sum: 15.5]
      [Update RS (ms): Min: 17.8, Avg: 20.6, Max: 21.3, Diff: 3.5, Sum: 165.0]
         [Processed Buffers: Min: 25, Avg: 27.9, Max: 35, Diff: 10, Sum: 223]
      [Scan RS (ms): Min: 0.4, Avg: 0.4, Max: 0.5, Diff: 0.2, Sum: 3.6]
      [Code Root Scanning (ms): Min: 0.0, Avg: 0.0, Max: 0.0, Diff: 0.0, Sum: 0.1]
      [Object Copy (ms): Min: 1.7, Avg: 2.1, Max: 2.3, Diff: 0.6, Sum: 16.5]
      [Termination (ms): Min: 0.0, Avg: 0.0, Max: 0.0, Diff: 0.0, Sum: 0.0]
         [Termination Attempts: Min: 13, Avg: 15.4, Max: 18, Diff: 5, Sum: 123]
      [GC Worker Other (ms): Min: 0.0, Avg: 0.0, Max: 0.1, Diff: 0.1, Sum: 0.4]
      [GC Worker Total (ms): Min: 25.1, Avg: 25.1, Max: 25.2, Diff: 0.2, Sum: 201.1]
      [GC Worker End (ms): Min: 235316753.3, Avg: 235316753.3, Max: 235316753.3, Diff: 0.1]
   [Code Root Fixup: 0.0 ms]
   [Code Root Purge: 0.0 ms]
   [Clear CT: 0.8 ms]
   [Other: 3.4 ms]
      [Choose CSet: 0.0 ms]
      [Ref Proc: 2.7 ms]
      [Ref Enq: 0.1 ms]
      [Redirty Cards: 0.1 ms]
      [Humongous Register: 0.0 ms]
      [Humongous Reclaim: 0.0 ms]
      [Free CSet: 0.3 ms]
   [Eden: 7152.0M(7152.0M)->0.0B(7152.0M) Survivors: 16384.0K->16384.0K Heap: 10673.2M(14336.0M)->3585.3M(14336.0M)]
 [Times: user=0.22 sys=0.00, real=0.02 secs] 
2022-07-24T14:34:14.124-0700: 235425.628: [GC pause (G1 Evacuation Pause) (young) (initial-mark), 0.0189328 secs]
   [Parallel Time: 13.6 ms, GC Workers: 8]
      [GC Worker Start (ms): Min: 235425630.6, Avg: 235425630.7, Max: 235425630.7, Diff: 0.1]
      [Ext Root Scanning (ms): Min: 5.8, Avg: 6.1, Max: 6.5, Diff: 0.8, Sum: 49.0]
      [Update RS (ms): Min: 2.4, Avg: 2.5, Max: 2.8, Diff: 0.4, Sum: 20.3]
         [Processed Buffers: Min: 5, Avg: 8.4, Max: 16, Diff: 11, Sum: 67]
      [Scan RS (ms): Min: 0.0, Avg: 0.0, Max: 0.1, Diff: 0.1, Sum: 0.4]
      [Code Root Scanning (ms): Min: 0.0, Avg: 0.0, Max: 0.1, Diff: 0.1, Sum: 0.1]
      [Object Copy (ms): Min: 1.7, Avg: 2.3, Max: 2.8, Diff: 1.1, Sum: 18.8]
      [Termination (ms): Min: 0.0, Avg: 0.0, Max: 0.0, Diff: 0.0, Sum: 0.0]
         [Termination Attempts: Min: 1, Avg: 1.1, Max: 2, Diff: 1, Sum: 9]
      [GC Worker Other (ms): Min: 0.0, Avg: 0.1, Max: 0.2, Diff: 0.2, Sum: 0.6]
      [GC Worker Total (ms): Min: 11.0, Avg: 11.1, Max: 11.2, Diff: 0.2, Sum: 89.1]
      [GC Worker End (ms): Min: 235425641.7, Avg: 235425641.8, Max: 235425641.9, Diff: 0.2]
   [Code Root Fixup: 0.0 ms]
   [Code Root Purge: 0.0 ms]
   [Clear CT: 0.8 ms]
   [Other: 4.5 ms]
      [Choose CSet: 0.0 ms]
      [Ref Proc: 3.9 ms]
      [Ref Enq: 0.1 ms]
      [Redirty Cards: 0.1 ms]
      [Humongous Register: 0.0 ms]
      [Humongous Reclaim: 0.0 ms]
      [Free CSet: 0.3 ms]
   [Eden: 7152.0M(7152.0M)->0.0B(7152.0M) Survivors: 16384.0K->16384.0K Heap: 10737.3M(14336.0M)->3607.3M(14336.0M)]
 [Times: user=0.10 sys=0.00, real=0.02 secs] 
2022-07-24T14:34:14.143-0700: 235425.647: [GC concurrent-root-region-scan-start]
2022-07-24T14:34:14.152-0700: 235425.657: [GC concurrent-root-region-scan-end, 0.0090514 secs]
2022-07-24T14:34:14.152-0700: 235425.657: [GC concurrent-mark-start]
2022-07-24T14:34:16.746-0700: 235428.250: [GC concurrent-mark-end, 2.5938864 secs]
2022-07-24T14:34:16.746-0700: 235428.251: [GC remark 2022-07-24T14:34:16.746-0700: 235428.251: [Finalize Marking, 0.0004141 secs] 2022-07-24T14:34:16.746-0700: 235428.251: [GC ref-proc, 0.0102563 secs] 2022-07-24T14:34:16.757-0700: 235428.261: [Unloading, 0.0282418 secs], 0.0442800 secs]
 [Times: user=0.25 sys=0.00, real=0.04 secs] 
2022-07-24T14:34:16.791-0700: 235428.295: [GC cleanup 3775M->3775M(14336M), 0.0087179 secs]
 [Times: user=0.06 sys=0.00, real=0.01 secs] 
2022-07-24T14:35:59.080-0700: 235530.585: [GC pause (G1 Evacuation Pause) (young), 0.0109490 secs]
   [Parallel Time: 7.7 ms, GC Workers: 8]
      [GC Worker Start (ms): Min: 235530585.3, Avg: 235530585.3, Max: 235530585.3, Diff: 0.1]
      [Ext Root Scanning (ms): Min: 1.1, Avg: 1.8, Max: 5.2, Diff: 4.1, Sum: 14.7]
      [Update RS (ms): Min: 0.0, Avg: 2.4, Max: 3.2, Diff: 3.2, Sum: 19.3]
         [Processed Buffers: Min: 0, Avg: 8.5, Max: 17, Diff: 17, Sum: 68]
      [Scan RS (ms): Min: 0.0, Avg: 0.0, Max: 0.1, Diff: 0.1, Sum: 0.4]
      [Code Root Scanning (ms): Min: 0.0, Avg: 0.0, Max: 0.0, Diff: 0.0, Sum: 0.0]
      [Object Copy (ms): Min: 2.3, Avg: 3.2, Max: 3.5, Diff: 1.3, Sum: 25.5]
      [Termination (ms): Min: 0.0, Avg: 0.0, Max: 0.0, Diff: 0.0, Sum: 0.0]
         [Termination Attempts: Min: 1, Avg: 1.0, Max: 1, Diff: 0, Sum: 8]
      [GC Worker Other (ms): Min: 0.0, Avg: 0.0, Max: 0.1, Diff: 0.1, Sum: 0.4]
      [GC Worker Total (ms): Min: 7.5, Avg: 7.5, Max: 7.6, Diff: 0.1, Sum: 60.2]
      [GC Worker End (ms): Min: 235530592.8, Avg: 235530592.8, Max: 235530592.9, Diff: 0.1]
   [Code Root Fixup: 0.0 ms]
   [Code Root Purge: 0.0 ms]
   [Clear CT: 0.8 ms]
   [Other: 2.5 ms]
      [Choose CSet: 0.0 ms]
      [Ref Proc: 1.8 ms]
      [Ref Enq: 0.1 ms]
      [Redirty Cards: 0.1 ms]
      [Humongous Register: 0.0 ms]
      [Humongous Reclaim: 0.0 ms]
      [Free CSet: 0.3 ms]
   [Eden: 7152.0M(7152.0M)->0.0B(5712.0M) Survivors: 16384.0K->16384.0K Heap: 10759.3M(14336.0M)->3616.0M(14336.0M)]
 [Times: user=0.07 sys=0.00, real=0.01 secs] 
2022-07-24T14:37:23.473-0700: 235614.977: [GC pause (G1 Evacuation Pause) (mixed), 0.0639235 secs]
   [Parallel Time: 58.2 ms, GC Workers: 8]
      [GC Worker Start (ms): Min: 235614977.6, Avg: 235614977.6, Max: 235614977.7, Diff: 0.1]
      [Ext Root Scanning (ms): Min: 1.1, Avg: 2.1, Max: 6.9, Diff: 5.7, Sum: 16.8]
      [Update RS (ms): Min: 0.0, Avg: 1.8, Max: 2.4, Diff: 2.4, Sum: 14.5]
         [Processed Buffers: Min: 0, Avg: 7.5, Max: 18, Diff: 18, Sum: 60]
      [Scan RS (ms): Min: 10.9, Avg: 13.3, Max: 14.4, Diff: 3.5, Sum: 106.4]
      [Code Root Scanning (ms): Min: 0.0, Avg: 1.0, Max: 5.6, Diff: 5.6, Sum: 7.6]
      [Object Copy (ms): Min: 35.6, Avg: 39.6, Max: 40.5, Diff: 4.9, Sum: 316.5]
      [Termination (ms): Min: 0.0, Avg: 0.0, Max: 0.0, Diff: 0.0, Sum: 0.1]
         [Termination Attempts: Min: 1, Avg: 53.9, Max: 67, Diff: 66, Sum: 431]
      [GC Worker Other (ms): Min: 0.0, Avg: 0.1, Max: 0.2, Diff: 0.2, Sum: 0.7]
      [GC Worker Total (ms): Min: 57.8, Avg: 57.8, Max: 57.9, Diff: 0.1, Sum: 462.7]
      [GC Worker End (ms): Min: 235615035.4, Avg: 235615035.5, Max: 235615035.6, Diff: 0.2]
   [Code Root Fixup: 0.2 ms]
   [Code Root Purge: 0.0 ms]
   [Clear CT: 1.1 ms]
   [Other: 4.4 ms]
      [Choose CSet: 0.1 ms]
      [Ref Proc: 3.1 ms]
      [Ref Enq: 0.1 ms]
      [Redirty Cards: 0.4 ms]
      [Humongous Register: 0.1 ms]
      [Humongous Reclaim: 0.0 ms]
      [Free CSet: 0.5 ms]
   [Eden: 5712.0M(5712.0M)->0.0B(7152.0M) Survivors: 16384.0K->16384.0K Heap: 9328.0M(14336.0M)->3397.7M(14336.0M)]
 [Times: user=0.45 sys=0.00, real=0.07 secs] 
2022-07-24T14:39:10.574-0700: 235722.079: [GC pause (G1 Evacuation Pause) (young), 0.0220055 secs]
   [Parallel Time: 17.2 ms, GC Workers: 8]
      [GC Worker Start (ms): Min: 235722079.1, Avg: 235722079.2, Max: 235722079.3, Diff: 0.2]
      [Ext Root Scanning (ms): Min: 1.1, Avg: 1.8, Max: 5.2, Diff: 4.1, Sum: 14.6]
      [Update RS (ms): Min: 6.2, Avg: 9.2, Max: 9.9, Diff: 3.7, Sum: 73.7]
         [Processed Buffers: Min: 16, Avg: 25.6, Max: 37, Diff: 21, Sum: 205]
      [Scan RS (ms): Min: 0.4, Avg: 0.6, Max: 0.7, Diff: 0.3, Sum: 4.6]
      [Code Root Scanning (ms): Min: 0.0, Avg: 0.0, Max: 0.0, Diff: 0.0, Sum: 0.0]
      [Object Copy (ms): Min: 2.3, Avg: 3.3, Max: 5.5, Diff: 3.2, Sum: 26.6]
      [Termination (ms): Min: 0.0, Avg: 2.1, Max: 2.8, Diff: 2.8, Sum: 17.0]
         [Termination Attempts: Min: 1, Avg: 4.2, Max: 9, Diff: 8, Sum: 34]
      [GC Worker Other (ms): Min: 0.0, Avg: 0.0, Max: 0.0, Diff: 0.0, Sum: 0.1]
      [GC Worker Total (ms): Min: 17.0, Avg: 17.1, Max: 17.2, Diff: 0.2, Sum: 136.7]
      [GC Worker End (ms): Min: 235722096.3, Avg: 235722096.3, Max: 235722096.3, Diff: 0.0]
   [Code Root Fixup: 0.0 ms]
   [Code Root Purge: 0.0 ms]
   [Clear CT: 0.9 ms]
   [Other: 3.9 ms]
      [Choose CSet: 0.0 ms]
      [Ref Proc: 3.3 ms]
      [Ref Enq: 0.1 ms]
      [Redirty Cards: 0.1 ms]
      [Humongous Register: 0.1 ms]
      [Humongous Reclaim: 0.0 ms]
      [Free CSet: 0.3 ms]
   [Eden: 7152.0M(7152.0M)->0.0B(7152.0M) Survivors: 16384.0K->16384.0K Heap: 10549.7M(14336.0M)->3464.5M(14336.0M)]
 [Times: user=0.12 sys=0.00, real=0.03 secs] 
2022-07-24T14:40:59.713-0700: 235831.218: [GC pause (G1 Evacuation Pause) (young) (initial-mark), 0.0212918 secs]
   [Parallel Time: 16.4 ms, GC Workers: 8]
      [GC Worker Start (ms): Min: 235831219.6, Avg: 235831219.7, Max: 235831219.8, Diff: 0.2]
      [Ext Root Scanning (ms): Min: 5.5, Avg: 6.1, Max: 6.7, Diff: 1.2, Sum: 48.4]
      [Update RS (ms): Min: 1.6, Avg: 2.3, Max: 2.6, Diff: 1.0, Sum: 18.5]
         [Processed Buffers: Min: 4, Avg: 7.9, Max: 15, Diff: 11, Sum: 63]
      [Scan RS (ms): Min: 0.0, Avg: 0.0, Max: 0.2, Diff: 0.1, Sum: 0.4]
      [Code Root Scanning (ms): Min: 0.0, Avg: 0.0, Max: 0.0, Diff: 0.0, Sum: 0.1]
      [Object Copy (ms): Min: 3.0, Avg: 4.8, Max: 5.9, Diff: 3.0, Sum: 38.1]
      [Termination (ms): Min: 0.0, Avg: 0.8, Max: 2.1, Diff: 2.1, Sum: 6.5]
         [Termination Attempts: Min: 1, Avg: 1.1, Max: 2, Diff: 1, Sum: 9]
      [GC Worker Other (ms): Min: 0.0, Avg: 0.0, Max: 0.0, Diff: 0.0, Sum: 0.2]
      [GC Worker Total (ms): Min: 13.9, Avg: 14.0, Max: 14.1, Diff: 0.2, Sum: 112.2]
      [GC Worker End (ms): Min: 235831233.7, Avg: 235831233.8, Max: 235831233.8, Diff: 0.0]
   [Code Root Fixup: 0.0 ms]
   [Code Root Purge: 0.0 ms]
   [Clear CT: 0.7 ms]
   [Other: 4.2 ms]
      [Choose CSet: 0.0 ms]
      [Ref Proc: 3.4 ms]
      [Ref Enq: 0.1 ms]
      [Redirty Cards: 0.1 ms]
      [Humongous Register: 0.0 ms]
      [Humongous Reclaim: 0.0 ms]
      [Free CSet: 0.3 ms]
   [Eden: 7152.0M(7152.0M)->0.0B(7152.0M) Survivors: 16384.0K->16384.0K Heap: 10616.5M(14336.0M)->3480.9M(14336.0M)]
 [Times: user=0.08 sys=0.01, real=0.02 secs] 
2022-07-24T14:40:59.734-0700: 235831.239: [GC concurrent-root-region-scan-start]
2022-07-24T14:40:59.744-0700: 235831.249: [GC concurrent-root-region-scan-end, 0.0096189 secs]
2022-07-24T14:40:59.744-0700: 235831.249: [GC concurrent-mark-start]
2022-07-24T14:41:02.410-0700: 235833.915: [GC concurrent-mark-end, 2.6663948 secs]
2022-07-24T14:41:02.411-0700: 235833.915: [GC remark 2022-07-24T14:41:02.411-0700: 235833.915: [Finalize Marking, 0.0004089 secs] 2022-07-24T14:41:02.411-0700: 235833.916: [GC ref-proc, 0.0082239 secs] 2022-07-24T14:41:02.419-0700: 235833.924: [Unloading, 0.0297420 secs], 0.0438093 secs]
 [Times: user=0.26 sys=0.00, real=0.04 secs] 
2022-07-24T14:41:02.455-0700: 235833.960: [GC cleanup 3715M->3703M(14336M), 0.0084018 secs]
 [Times: user=0.06 sys=0.00, real=0.01 secs] 
2022-07-24T14:41:02.463-0700: 235833.968: [GC concurrent-cleanup-start]
2022-07-24T14:41:02.463-0700: 235833.968: [GC concurrent-cleanup-end, 0.0000183 secs]
2022-07-24T14:42:52.113-0700: 235943.618: [GC pause (G1 Evacuation Pause) (young), 0.0116617 secs]
   [Parallel Time: 7.7 ms, GC Workers: 8]
      [GC Worker Start (ms): Min: 235943618.0, Avg: 235943618.1, Max: 235943618.2, Diff: 0.2]
      [Ext Root Scanning (ms): Min: 1.5, Avg: 2.3, Max: 6.1, Diff: 4.6, Sum: 18.6]
      [Update RS (ms): Min: 0.0, Avg: 2.5, Max: 3.4, Diff: 3.4, Sum: 19.9]
         [Processed Buffers: Min: 0, Avg: 7.0, Max: 19, Diff: 19, Sum: 56]
      [Scan RS (ms): Min: 0.0, Avg: 0.1, Max: 0.2, Diff: 0.1, Sum: 0.5]
      [Code Root Scanning (ms): Min: 0.0, Avg: 0.0, Max: 0.0, Diff: 0.0, Sum: 0.1]
      [Object Copy (ms): Min: 1.3, Avg: 2.5, Max: 2.8, Diff: 1.5, Sum: 19.9]
      [Termination (ms): Min: 0.0, Avg: 0.0, Max: 0.0, Diff: 0.0, Sum: 0.0]
         [Termination Attempts: Min: 1, Avg: 1.8, Max: 3, Diff: 2, Sum: 14]
      [GC Worker Other (ms): Min: 0.0, Avg: 0.0, Max: 0.1, Diff: 0.1, Sum: 0.4]
      [GC Worker Total (ms): Min: 7.4, Avg: 7.4, Max: 7.5, Diff: 0.1, Sum: 59.4]
      [GC Worker End (ms): Min: 235943625.5, Avg: 235943625.6, Max: 235943625.6, Diff: 0.1]
   [Code Root Fixup: 0.0 ms]
   [Code Root Purge: 0.0 ms]
   [Clear CT: 0.8 ms]
   [Other: 3.2 ms]
      [Choose CSet: 0.0 ms]
      [Ref Proc: 2.6 ms]
      [Ref Enq: 0.1 ms]
      [Redirty Cards: 0.1 ms]
      [Humongous Register: 0.1 ms]
      [Humongous Reclaim: 0.0 ms]
      [Free CSet: 0.3 ms]
   [Eden: 7152.0M(7152.0M)->0.0B(5712.0M) Survivors: 16384.0K->16384.0K Heap: 10621.3M(14336.0M)->3475.9M(14336.0M)]
 [Times: user=0.07 sys=0.00, real=0.02 secs] 
2022-07-24T14:44:23.576-0700: 236035.081: [GC pause (G1 Evacuation Pause) (mixed), 0.0299533 secs]
   [Parallel Time: 26.3 ms, GC Workers: 8]
      [GC Worker Start (ms): Min: 236035080.7, Avg: 236035080.8, Max: 236035080.8, Diff: 0.1]
      [Ext Root Scanning (ms): Min: 1.1, Avg: 2.0, Max: 6.4, Diff: 5.3, Sum: 16.0]
      [Update RS (ms): Min: 0.0, Avg: 1.4, Max: 2.0, Diff: 2.0, Sum: 11.2]
         [Processed Buffers: Min: 0, Avg: 5.5, Max: 10, Diff: 10, Sum: 44]
      [Scan RS (ms): Min: 5.6, Avg: 8.0, Max: 8.6, Diff: 3.0, Sum: 63.8]
      [Code Root Scanning (ms): Min: 0.0, Avg: 0.3, Max: 1.3, Diff: 1.3, Sum: 2.1]
      [Object Copy (ms): Min: 9.6, Avg: 12.6, Max: 14.5, Diff: 4.9, Sum: 101.1]
      [Termination (ms): Min: 0.0, Avg: 1.7, Max: 4.5, Diff: 4.5, Sum: 13.6]
         [Termination Attempts: Min: 1, Avg: 38.0, Max: 51, Diff: 50, Sum: 304]
      [GC Worker Other (ms): Min: 0.0, Avg: 0.0, Max: 0.0, Diff: 0.0, Sum: 0.1]
      [GC Worker Total (ms): Min: 25.9, Avg: 26.0, Max: 26.1, Diff: 0.1, Sum: 207.9]
      [GC Worker End (ms): Min: 236035106.8, Avg: 236035106.8, Max: 236035106.8, Diff: 0.0]
   [Code Root Fixup: 0.0 ms]
   [Code Root Purge: 0.0 ms]
   [Clear CT: 1.0 ms]
   [Other: 2.6 ms]
      [Choose CSet: 0.0 ms]
      [Ref Proc: 1.8 ms]
      [Ref Enq: 0.1 ms]
      [Redirty Cards: 0.2 ms]
      [Humongous Register: 0.0 ms]
      [Humongous Reclaim: 0.0 ms]
      [Free CSet: 0.3 ms]
   [Eden: 5712.0M(5712.0M)->0.0B(7152.0M) Survivors: 16384.0K->16384.0K Heap: 9187.9M(14336.0M)->3378.5M(14336.0M)]
 [Times: user=0.20 sys=0.00, real=0.03 secs] 
2022-07-24T14:46:17.317-0700: 236148.822: [GC pause (G1 Evacuation Pause) (young), 0.0153494 secs]
   [Parallel Time: 12.5 ms, GC Workers: 8]
      [GC Worker Start (ms): Min: 236148822.0, Avg: 236148822.0, Max: 236148822.1, Diff: 0.1]
      [Ext Root Scanning (ms): Min: 1.1, Avg: 1.8, Max: 5.0, Diff: 3.9, Sum: 14.8]
      [Update RS (ms): Min: 4.3, Avg: 8.0, Max: 9.4, Diff: 5.1, Sum: 64.1]
         [Processed Buffers: Min: 13, Avg: 25.6, Max: 31, Diff: 18, Sum: 205]
      [Scan RS (ms): Min: 0.0, Avg: 0.0, Max: 0.1, Diff: 0.1, Sum: 0.4]
      [Code Root Scanning (ms): Min: 0.0, Avg: 0.0, Max: 0.0, Diff: 0.0, Sum: 0.0]
      [Object Copy (ms): Min: 1.3, Avg: 2.2, Max: 6.6, Diff: 5.3, Sum: 17.6]
      [Termination (ms): Min: 0.0, Avg: 0.0, Max: 0.0, Diff: 0.0, Sum: 0.0]
         [Termination Attempts: Min: 1, Avg: 4.0, Max: 5, Diff: 4, Sum: 32]
      [GC Worker Other (ms): Min: 0.0, Avg: 0.1, Max: 0.1, Diff: 0.1, Sum: 0.4]
      [GC Worker Total (ms): Min: 12.1, Avg: 12.2, Max: 12.3, Diff: 0.2, Sum: 97.3]
      [GC Worker End (ms): Min: 236148834.1, Avg: 236148834.2, Max: 236148834.2, Diff: 0.1]
   [Code Root Fixup: 0.0 ms]
   [Code Root Purge: 0.0 ms]
   [Clear CT: 0.7 ms]
   [Other: 2.1 ms]
      [Choose CSet: 0.0 ms]
      [Ref Proc: 1.5 ms]
      [Ref Enq: 0.1 ms]
      [Redirty Cards: 0.1 ms]
      [Humongous Register: 0.1 ms]
      [Humongous Reclaim: 0.0 ms]
      [Free CSet: 0.3 ms]
   [Eden: 7152.0M(7152.0M)->0.0B(7152.0M) Survivors: 16384.0K->16384.0K Heap: 10530.5M(14336.0M)->3389.8M(14336.0M)]
 [Times: user=0.11 sys=0.00, real=0.01 secs] 
2022-07-24T14:48:10.123-0700: 236261.628: [GC pause (G1 Evacuation Pause) (young) (initial-mark), 0.0162644 secs]
   [Parallel Time: 11.4 ms, GC Workers: 8]
      [GC Worker Start (ms): Min: 236261629.7, Avg: 236261629.8, Max: 236261629.9, Diff: 0.1]
      [Ext Root Scanning (ms): Min: 5.6, Avg: 5.9, Max: 6.4, Diff: 0.9, Sum: 47.6]
      [Update RS (ms): Min: 1.1, Avg: 1.2, Max: 1.5, Diff: 0.5, Sum: 9.6]
         [Processed Buffers: Min: 2, Avg: 5.8, Max: 10, Diff: 8, Sum: 46]
      [Scan RS (ms): Min: 0.0, Avg: 0.1, Max: 0.1, Diff: 0.1, Sum: 0.4]
      [Code Root Scanning (ms): Min: 0.0, Avg: 0.0, Max: 0.0, Diff: 0.0, Sum: 0.0]
      [Object Copy (ms): Min: 1.4, Avg: 2.0, Max: 2.4, Diff: 1.0, Sum: 15.9]
      [Termination (ms): Min: 0.0, Avg: 0.0, Max: 0.0, Diff: 0.0, Sum: 0.0]
         [Termination Attempts: Min: 7, Avg: 10.4, Max: 15, Diff: 8, Sum: 83]
      [GC Worker Other (ms): Min: 0.0, Avg: 0.1, Max: 0.1, Diff: 0.1, Sum: 0.4]
      [GC Worker Total (ms): Min: 9.2, Avg: 9.2, Max: 9.4, Diff: 0.2, Sum: 74.0]
      [GC Worker End (ms): Min: 236261639.0, Avg: 236261639.1, Max: 236261639.1, Diff: 0.1]
   [Code Root Fixup: 0.0 ms]
   [Code Root Purge: 0.0 ms]
   [Clear CT: 0.7 ms]
   [Other: 4.2 ms]
      [Choose CSet: 0.0 ms]
      [Ref Proc: 3.4 ms]
      [Ref Enq: 0.1 ms]
      [Redirty Cards: 0.1 ms]
      [Humongous Register: 0.0 ms]
      [Humongous Reclaim: 0.0 ms]
      [Free CSet: 0.3 ms]
   [Eden: 7152.0M(7152.0M)->0.0B(7152.0M) Survivors: 16384.0K->16384.0K Heap: 10541.8M(14336.0M)->3395.3M(14336.0M)]
 [Times: user=0.08 sys=0.00, real=0.01 secs] 
2022-07-24T14:48:10.139-0700: 236261.644: [GC concurrent-root-region-scan-start]
2022-07-24T14:48:10.148-0700: 236261.653: [GC concurrent-root-region-scan-end, 0.0086707 secs]
2022-07-24T14:48:10.148-0700: 236261.653: [GC concurrent-mark-start]
2022-07-24T14:48:12.723-0700: 236264.228: [GC concurrent-mark-end, 2.5748620 secs]
2022-07-24T14:48:12.723-0700: 236264.228: [GC remark 2022-07-24T14:48:12.723-0700: 236264.228: [Finalize Marking, 0.0003544 secs] 2022-07-24T14:48:12.724-0700: 236264.228: [GC ref-proc, 0.0081862 secs] 2022-07-24T14:48:12.732-0700: 236264.236: [Unloading, 0.0292353 secs], 0.0433063 secs]
 [Times: user=0.25 sys=0.00, real=0.04 secs] 
2022-07-24T14:48:12.767-0700: 236264.271: [GC cleanup 3563M->3563M(14336M), 0.0080864 secs]
 [Times: user=0.06 sys=0.00, real=0.01 secs] 
2022-07-24T14:50:05.069-0700: 236376.574: [GC pause (G1 Evacuation Pause) (young), 0.0113108 secs]
   [Parallel Time: 5.9 ms, GC Workers: 8]
      [GC Worker Start (ms): Min: 236376574.3, Avg: 236376574.5, Max: 236376574.6, Diff: 0.2]
      [Ext Root Scanning (ms): Min: 1.1, Avg: 1.9, Max: 5.6, Diff: 4.5, Sum: 15.1]
      [Update RS (ms): Min: 0.0, Avg: 1.2, Max: 1.7, Diff: 1.7, Sum: 9.3]
         [Processed Buffers: Min: 0, Avg: 5.5, Max: 12, Diff: 12, Sum: 44]
      [Scan RS (ms): Min: 0.0, Avg: 0.0, Max: 0.1, Diff: 0.1, Sum: 0.4]
      [Code Root Scanning (ms): Min: 0.0, Avg: 0.0, Max: 0.0, Diff: 0.0, Sum: 0.0]
      [Object Copy (ms): Min: 0.0, Avg: 1.7, Max: 2.1, Diff: 2.1, Sum: 13.7]
      [Termination (ms): Min: 0.0, Avg: 0.7, Max: 0.8, Diff: 0.8, Sum: 5.4]
         [Termination Attempts: Min: 1, Avg: 22.2, Max: 32, Diff: 31, Sum: 178]
      [GC Worker Other (ms): Min: 0.0, Avg: 0.0, Max: 0.0, Diff: 0.0, Sum: 0.1]
      [GC Worker Total (ms): Min: 5.4, Avg: 5.5, Max: 5.6, Diff: 0.2, Sum: 44.0]
      [GC Worker End (ms): Min: 236376580.0, Avg: 236376580.0, Max: 236376580.0, Diff: 0.0]
   [Code Root Fixup: 0.0 ms]
   [Code Root Purge: 0.0 ms]
   [Clear CT: 0.6 ms]
   [Other: 4.8 ms]
      [Choose CSet: 0.0 ms]
      [Ref Proc: 4.1 ms]
      [Ref Enq: 0.1 ms]
      [Redirty Cards: 0.1 ms]
      [Humongous Register: 0.1 ms]
      [Humongous Reclaim: 0.0 ms]
      [Free CSet: 0.3 ms]
   [Eden: 7152.0M(7152.0M)->0.0B(5712.0M) Survivors: 16384.0K->16384.0K Heap: 10547.3M(14336.0M)->3393.1M(14336.0M)]
 [Times: user=0.06 sys=0.00, real=0.01 secs] 
2022-07-24T14:51:33.722-0700: 236465.226: [GC pause (G1 Evacuation Pause) (mixed), 0.0111437 secs]
   [Parallel Time: 7.6 ms, GC Workers: 8]
      [GC Worker Start (ms): Min: 236465226.6, Avg: 236465226.6, Max: 236465226.7, Diff: 0.1]
      [Ext Root Scanning (ms): Min: 1.2, Avg: 2.1, Max: 6.6, Diff: 5.4, Sum: 16.7]
      [Update RS (ms): Min: 0.0, Avg: 1.2, Max: 1.7, Diff: 1.7, Sum: 9.7]
         [Processed Buffers: Min: 0, Avg: 5.4, Max: 12, Diff: 12, Sum: 43]
      [Scan RS (ms): Min: 0.0, Avg: 0.6, Max: 1.3, Diff: 1.3, Sum: 4.4]
      [Code Root Scanning (ms): Min: 0.0, Avg: 0.0, Max: 0.0, Diff: 0.0, Sum: 0.0]
      [Object Copy (ms): Min: 0.6, Avg: 3.3, Max: 3.9, Diff: 3.3, Sum: 26.5]
      [Termination (ms): Min: 0.0, Avg: 0.0, Max: 0.0, Diff: 0.0, Sum: 0.0]
         [Termination Attempts: Min: 1, Avg: 1.2, Max: 2, Diff: 1, Sum: 10]
      [GC Worker Other (ms): Min: 0.0, Avg: 0.1, Max: 0.1, Diff: 0.1, Sum: 0.5]
      [GC Worker Total (ms): Min: 7.2, Avg: 7.2, Max: 7.3, Diff: 0.1, Sum: 57.9]
      [GC Worker End (ms): Min: 236465233.8, Avg: 236465233.8, Max: 236465233.9, Diff: 0.1]
   [Code Root Fixup: 0.0 ms]
   [Code Root Purge: 0.0 ms]
   [Clear CT: 0.6 ms]
   [Other: 2.9 ms]
      [Choose CSet: 0.0 ms]
      [Ref Proc: 2.2 ms]
      [Ref Enq: 0.1 ms]
      [Redirty Cards: 0.1 ms]
      [Humongous Register: 0.0 ms]
      [Humongous Reclaim: 0.0 ms]
      [Free CSet: 0.2 ms]
   [Eden: 5712.0M(5712.0M)->0.0B(7152.0M) Survivors: 16384.0K->16384.0K Heap: 9105.1M(14336.0M)->3382.6M(14336.0M)]
 [Times: user=0.07 sys=0.00, real=0.01 secs] 
2022-07-24T14:53:24.078-0700: 236575.583: [GC pause (G1 Evacuation Pause) (young), 0.0116529 secs]
   [Parallel Time: 6.8 ms, GC Workers: 8]
      [GC Worker Start (ms): Min: 236575583.2, Avg: 236575583.3, Max: 236575583.3, Diff: 0.1]
      [Ext Root Scanning (ms): Min: 1.2, Avg: 1.9, Max: 5.2, Diff: 4.0, Sum: 15.3]
      [Update RS (ms): Min: 0.0, Avg: 2.6, Max: 3.3, Diff: 3.3, Sum: 20.7]
         [Processed Buffers: Min: 0, Avg: 10.6, Max: 16, Diff: 16, Sum: 85]
      [Scan RS (ms): Min: 0.0, Avg: 0.0, Max: 0.1, Diff: 0.1, Sum: 0.4]
      [Code Root Scanning (ms): Min: 0.0, Avg: 0.0, Max: 0.0, Diff: 0.0, Sum: 0.0]
      [Object Copy (ms): Min: 1.4, Avg: 2.0, Max: 2.2, Diff: 0.8, Sum: 15.6]
      [Termination (ms): Min: 0.0, Avg: 0.0, Max: 0.0, Diff: 0.0, Sum: 0.0]
         [Termination Attempts: Min: 1, Avg: 1.5, Max: 2, Diff: 1, Sum: 12]
      [GC Worker Other (ms): Min: 0.0, Avg: 0.0, Max: 0.1, Diff: 0.1, Sum: 0.4]
      [GC Worker Total (ms): Min: 6.5, Avg: 6.5, Max: 6.6, Diff: 0.1, Sum: 52.3]
      [GC Worker End (ms): Min: 236575589.8, Avg: 236575589.8, Max: 236575589.9, Diff: 0.1]
   [Code Root Fixup: 0.0 ms]
   [Code Root Purge: 0.0 ms]
   [Clear CT: 0.7 ms]
   [Other: 4.1 ms]
      [Choose CSet: 0.0 ms]
      [Ref Proc: 3.4 ms]
      [Ref Enq: 0.1 ms]
      [Redirty Cards: 0.1 ms]
      [Humongous Register: 0.1 ms]
      [Humongous Reclaim: 0.0 ms]
      [Free CSet: 0.3 ms]
   [Eden: 7152.0M(7152.0M)->0.0B(7152.0M) Survivors: 16384.0K->16384.0K Heap: 10534.6M(14336.0M)->3389.2M(14336.0M)]
 [Times: user=0.06 sys=0.01, real=0.01 secs] 
2022-07-24T14:55:12.820-0700: 236684.325: [GC pause (G1 Evacuation Pause) (young) (initial-mark), 0.0171646 secs]
   [Parallel Time: 12.5 ms, GC Workers: 8]
      [GC Worker Start (ms): Min: 236684327.1, Avg: 236684327.2, Max: 236684327.3, Diff: 0.2]
      [Ext Root Scanning (ms): Min: 5.4, Avg: 5.5, Max: 5.7, Diff: 0.3, Sum: 44.2]
      [Update RS (ms): Min: 1.4, Avg: 1.5, Max: 1.7, Diff: 0.3, Sum: 12.0]
         [Processed Buffers: Min: 3, Avg: 6.5, Max: 11, Diff: 8, Sum: 52]
      [Scan RS (ms): Min: 0.0, Avg: 0.1, Max: 0.1, Diff: 0.1, Sum: 0.4]
      [Code Root Scanning (ms): Min: 0.0, Avg: 0.0, Max: 0.0, Diff: 0.0, Sum: 0.1]
      [Object Copy (ms): Min: 2.6, Avg: 2.8, Max: 3.0, Diff: 0.5, Sum: 22.6]
      [Termination (ms): Min: 0.0, Avg: 0.0, Max: 0.0, Diff: 0.0, Sum: 0.0]
         [Termination Attempts: Min: 1, Avg: 1.0, Max: 1, Diff: 0, Sum: 8]
      [GC Worker Other (ms): Min: 0.0, Avg: 0.1, Max: 0.1, Diff: 0.1, Sum: 0.5]
      [GC Worker Total (ms): Min: 9.9, Avg: 10.0, Max: 10.1, Diff: 0.2, Sum: 79.8]
      [GC Worker End (ms): Min: 236684337.1, Avg: 236684337.2, Max: 236684337.3, Diff: 0.1]
   [Code Root Fixup: 0.0 ms]
   [Code Root Purge: 0.0 ms]
   [Clear CT: 0.8 ms]
   [Other: 3.9 ms]
      [Choose CSet: 0.0 ms]
      [Ref Proc: 3.2 ms]
      [Ref Enq: 0.1 ms]
      [Redirty Cards: 0.1 ms]
      [Humongous Register: 0.0 ms]
      [Humongous Reclaim: 0.0 ms]
      [Free CSet: 0.3 ms]
   [Eden: 7152.0M(7152.0M)->0.0B(7152.0M) Survivors: 16384.0K->16384.0K Heap: 10541.2M(14336.0M)->3392.4M(14336.0M)]
 [Times: user=0.09 sys=0.00, real=0.02 secs] 
2022-07-24T14:55:12.837-0700: 236684.342: [GC concurrent-root-region-scan-start]
2022-07-24T14:55:12.849-0700: 236684.354: [GC concurrent-root-region-scan-end, 0.0115930 secs]
2022-07-24T14:55:12.849-0700: 236684.354: [GC concurrent-mark-start]
2022-07-24T14:55:15.475-0700: 236686.980: [GC concurrent-mark-end, 2.6260948 secs]
2022-07-24T14:55:15.475-0700: 236686.980: [GC remark 2022-07-24T14:55:15.475-0700: 236686.980: [Finalize Marking, 0.0003168 secs] 2022-07-24T14:55:15.476-0700: 236686.980: [GC ref-proc, 0.0070472 secs] 2022-07-24T14:55:15.483-0700: 236686.987: [Unloading, 0.0260633 secs], 0.0387483 secs]
 [Times: user=0.24 sys=0.00, real=0.03 secs] 
2022-07-24T14:55:15.514-0700: 236687.019: [GC cleanup 3632M->3632M(14336M), 0.0077465 secs]
 [Times: user=0.06 sys=0.00, real=0.01 secs] 
2022-07-24T14:57:04.924-0700: 236796.429: [GC pause (G1 Evacuation Pause) (young), 0.0094249 secs]
   [Parallel Time: 5.7 ms, GC Workers: 8]
      [GC Worker Start (ms): Min: 236796428.8, Avg: 236796428.9, Max: 236796429.0, Diff: 0.2]
      [Ext Root Scanning (ms): Min: 1.1, Avg: 1.9, Max: 5.4, Diff: 4.2, Sum: 15.3]
      [Update RS (ms): Min: 0.0, Avg: 1.4, Max: 1.9, Diff: 1.9, Sum: 11.2]
         [Processed Buffers: Min: 0, Avg: 6.4, Max: 13, Diff: 13, Sum: 51]
      [Scan RS (ms): Min: 0.0, Avg: 0.1, Max: 0.1, Diff: 0.1, Sum: 0.4]
      [Code Root Scanning (ms): Min: 0.0, Avg: 0.0, Max: 0.0, Diff: 0.0, Sum: 0.1]
      [Object Copy (ms): Min: 0.0, Avg: 1.8, Max: 2.2, Diff: 2.2, Sum: 14.5]
      [Termination (ms): Min: 0.0, Avg: 0.1, Max: 0.2, Diff: 0.2, Sum: 1.1]
         [Termination Attempts: Min: 1, Avg: 5.5, Max: 9, Diff: 8, Sum: 44]
      [GC Worker Other (ms): Min: 0.0, Avg: 0.0, Max: 0.0, Diff: 0.0, Sum: 0.2]
      [GC Worker Total (ms): Min: 5.3, Avg: 5.3, Max: 5.4, Diff: 0.2, Sum: 42.8]
      [GC Worker End (ms): Min: 236796434.3, Avg: 236796434.3, Max: 236796434.3, Diff: 0.0]
   [Code Root Fixup: 0.0 ms]
   [Code Root Purge: 0.0 ms]
   [Clear CT: 0.6 ms]
   [Other: 3.1 ms]
      [Choose CSet: 0.0 ms]
      [Ref Proc: 2.4 ms]
      [Ref Enq: 0.1 ms]
      [Redirty Cards: 0.1 ms]
      [Humongous Register: 0.0 ms]
      [Humongous Reclaim: 0.0 ms]
      [Free CSet: 0.3 ms]
   [Eden: 7152.0M(7152.0M)->0.0B(7152.0M) Survivors: 16384.0K->16384.0K Heap: 10544.4M(14336.0M)->3390.7M(14336.0M)]
 [Times: user=0.05 sys=0.00, real=0.00 secs] 
2022-07-24T14:58:26.635-0700: 236878.140: [GC pause (G1 Evacuation Pause) (young), 0.0228398 secs]
   [Parallel Time: 20.1 ms, GC Workers: 8]
      [GC Worker Start (ms): Min: 236878140.1, Avg: 236878140.2, Max: 236878140.3, Diff: 0.1]
      [Ext Root Scanning (ms): Min: 0.9, Avg: 1.6, Max: 5.2, Diff: 4.4, Sum: 12.6]
      [Update RS (ms): Min: 0.2, Avg: 3.7, Max: 4.7, Diff: 4.5, Sum: 29.7]
         [Processed Buffers: Min: 4, Avg: 12.8, Max: 21, Diff: 17, Sum: 102]
      [Scan RS (ms): Min: 0.0, Avg: 0.0, Max: 0.1, Diff: 0.1, Sum: 0.4]
      [Code Root Scanning (ms): Min: 0.0, Avg: 0.0, Max: 0.0, Diff: 0.0, Sum: 0.0]
      [Object Copy (ms): Min: 14.2, Avg: 14.4, Max: 14.6, Diff: 0.4, Sum: 115.6]
      [Termination (ms): Min: 0.0, Avg: 0.0, Max: 0.0, Diff: 0.0, Sum: 0.0]
         [Termination Attempts: Min: 1, Avg: 1.5, Max: 2, Diff: 1, Sum: 12]
      [GC Worker Other (ms): Min: 0.0, Avg: 0.0, Max: 0.1, Diff: 0.1, Sum: 0.4]
      [GC Worker Total (ms): Min: 19.7, Avg: 19.8, Max: 19.9, Diff: 0.2, Sum: 158.7]
      [GC Worker End (ms): Min: 236878160.0, Avg: 236878160.0, Max: 236878160.1, Diff: 0.1]
   [Code Root Fixup: 0.0 ms]
   [Code Root Purge: 0.0 ms]
   [Clear CT: 0.8 ms]
   [Other: 2.0 ms]
      [Choose CSet: 0.0 ms]
      [Ref Proc: 1.4 ms]
      [Ref Enq: 0.1 ms]
      [Redirty Cards: 0.1 ms]
      [Humongous Register: 0.1 ms]
      [Humongous Reclaim: 0.0 ms]
      [Free CSet: 0.3 ms]
   [Eden: 7152.0M(7152.0M)->0.0B(7104.0M) Survivors: 16384.0K->65536.0K Heap: 10542.7M(14336.0M)->3436.6M(14336.0M)]
 [Times: user=0.17 sys=0.00, real=0.02 secs] 
2022-07-24T14:58:36.869-0700: 236888.374: [GC pause (G1 Evacuation Pause) (young) (initial-mark), 0.0276665 secs]
   [Parallel Time: 23.3 ms, GC Workers: 8]
      [GC Worker Start (ms): Min: 236888375.9, Avg: 236888376.0, Max: 236888376.0, Diff: 0.1]
      [Ext Root Scanning (ms): Min: 5.8, Avg: 5.9, Max: 6.1, Diff: 0.3, Sum: 47.2]
      [Update RS (ms): Min: 2.9, Avg: 3.1, Max: 3.3, Diff: 0.3, Sum: 24.8]
         [Processed Buffers: Min: 7, Avg: 9.8, Max: 14, Diff: 7, Sum: 78]
      [Scan RS (ms): Min: 0.0, Avg: 0.1, Max: 0.1, Diff: 0.1, Sum: 0.4]
      [Code Root Scanning (ms): Min: 0.0, Avg: 0.0, Max: 0.0, Diff: 0.0, Sum: 0.0]
      [Object Copy (ms): Min: 11.4, Avg: 11.8, Max: 11.9, Diff: 0.5, Sum: 94.2]
      [Termination (ms): Min: 0.0, Avg: 0.0, Max: 0.0, Diff: 0.0, Sum: 0.0]
         [Termination Attempts: Min: 1, Avg: 2.9, Max: 6, Diff: 5, Sum: 23]
      [GC Worker Other (ms): Min: 0.0, Avg: 0.1, Max: 0.2, Diff: 0.2, Sum: 0.6]
      [GC Worker Total (ms): Min: 20.8, Avg: 20.9, Max: 21.0, Diff: 0.2, Sum: 167.3]
      [GC Worker End (ms): Min: 236888396.8, Avg: 236888396.9, Max: 236888397.0, Diff: 0.2]
   [Code Root Fixup: 0.0 ms]
   [Code Root Purge: 0.0 ms]
   [Clear CT: 0.7 ms]
   [Other: 3.6 ms]
      [Choose CSet: 0.0 ms]
      [Ref Proc: 2.9 ms]
      [Ref Enq: 0.1 ms]
      [Redirty Cards: 0.1 ms]
      [Humongous Register: 0.0 ms]
      [Humongous Reclaim: 0.0 ms]
      [Free CSet: 0.3 ms]
   [Eden: 7104.0M(7104.0M)->0.0B(7056.0M) Survivors: 65536.0K->112.0M Heap: 10540.6M(14336.0M)->3498.3M(14336.0M)]
 [Times: user=0.17 sys=0.00, real=0.03 secs] 
2022-07-24T14:58:36.897-0700: 236888.402: [GC concurrent-root-region-scan-start]
2022-07-24T14:58:36.912-0700: 236888.417: [GC concurrent-root-region-scan-end, 0.0149679 secs]
2022-07-24T14:58:36.912-0700: 236888.417: [GC concurrent-mark-start]
2022-07-24T14:58:39.689-0700: 236891.193: [GC concurrent-mark-end, 2.7766473 secs]
2022-07-24T14:58:39.689-0700: 236891.194: [GC remark 2022-07-24T14:58:39.689-0700: 236891.194: [Finalize Marking, 0.0002365 secs] 2022-07-24T14:58:39.689-0700: 236891.194: [GC ref-proc, 0.0056034 secs] 2022-07-24T14:58:39.695-0700: 236891.199: [Unloading, 0.0287598 secs], 0.0398064 secs]
 [Times: user=0.25 sys=0.00, real=0.04 secs] 
2022-07-24T14:58:39.729-0700: 236891.234: [GC cleanup 5058M->5010M(14336M), 0.0079451 secs]
 [Times: user=0.06 sys=0.00, real=0.01 secs] 
2022-07-24T14:58:39.737-0700: 236891.242: [GC concurrent-cleanup-start]
2022-07-24T14:58:39.737-0700: 236891.242: [GC concurrent-cleanup-end, 0.0000287 secs]
2022-07-24T14:58:47.795-0700: 236899.299: [GC pause (G1 Evacuation Pause) (young), 0.0843494 secs]
   [Parallel Time: 80.4 ms, GC Workers: 8]
      [GC Worker Start (ms): Min: 236899299.5, Avg: 236899299.6, Max: 236899299.7, Diff: 0.2]
      [Ext Root Scanning (ms): Min: 0.8, Avg: 1.5, Max: 4.8, Diff: 4.0, Sum: 12.3]
      [Update RS (ms): Min: 6.7, Avg: 9.8, Max: 10.5, Diff: 3.8, Sum: 78.3]
         [Processed Buffers: Min: 15, Avg: 17.2, Max: 24, Diff: 9, Sum: 138]
      [Scan RS (ms): Min: 0.0, Avg: 0.0, Max: 0.1, Diff: 0.1, Sum: 0.4]
      [Code Root Scanning (ms): Min: 0.0, Avg: 0.0, Max: 0.0, Diff: 0.0, Sum: 0.0]
      [Object Copy (ms): Min: 67.2, Avg: 67.5, Max: 68.4, Diff: 1.2, Sum: 539.9]
      [Termination (ms): Min: 0.0, Avg: 1.0, Max: 1.2, Diff: 1.2, Sum: 8.4]
         [Termination Attempts: Min: 25, Avg: 28.5, Max: 32, Diff: 7, Sum: 228]
      [GC Worker Other (ms): Min: 0.0, Avg: 0.1, Max: 0.1, Diff: 0.1, Sum: 0.4]
      [GC Worker Total (ms): Min: 79.8, Avg: 80.0, Max: 80.1, Diff: 0.2, Sum: 639.7]
      [GC Worker End (ms): Min: 236899379.5, Avg: 236899379.5, Max: 236899379.6, Diff: 0.1]
   [Code Root Fixup: 0.0 ms]
   [Code Root Purge: 0.0 ms]
   [Clear CT: 0.7 ms]
   [Other: 3.2 ms]
      [Choose CSet: 0.0 ms]
      [Ref Proc: 2.4 ms]
      [Ref Enq: 0.1 ms]
      [Redirty Cards: 0.1 ms]
      [Humongous Register: 0.1 ms]
      [Humongous Reclaim: 0.0 ms]
      [Free CSet: 0.3 ms]
   [Eden: 7056.0M(7056.0M)->0.0B(5648.0M) Survivors: 112.0M->81920.0K Heap: 10506.3M(14336.0M)->3454.1M(14336.0M)]
 [Times: user=0.24 sys=0.00, real=0.09 secs] 
2022-07-24T15:00:16.269-0700: 236987.774: [GC pause (G1 Evacuation Pause) (mixed), 0.0410041 secs]
   [Parallel Time: 37.2 ms, GC Workers: 8]
      [GC Worker Start (ms): Min: 236987774.0, Avg: 236987774.1, Max: 236987774.1, Diff: 0.1]
      [Ext Root Scanning (ms): Min: 0.2, Avg: 2.0, Max: 7.9, Diff: 7.7, Sum: 15.7]
      [Update RS (ms): Min: 6.0, Avg: 7.8, Max: 8.2, Diff: 2.2, Sum: 62.3]
         [Processed Buffers: Min: 18, Avg: 24.0, Max: 36, Diff: 18, Sum: 192]
      [Scan RS (ms): Min: 2.0, Avg: 2.4, Max: 3.7, Diff: 1.7, Sum: 19.5]
      [Code Root Scanning (ms): Min: 0.0, Avg: 0.1, Max: 0.4, Diff: 0.4, Sum: 0.7]
      [Object Copy (ms): Min: 21.0, Avg: 24.6, Max: 26.2, Diff: 5.3, Sum: 196.9]
      [Termination (ms): Min: 0.0, Avg: 0.1, Max: 0.1, Diff: 0.1, Sum: 0.6]
         [Termination Attempts: Min: 1, Avg: 3.0, Max: 5, Diff: 4, Sum: 24]
      [GC Worker Other (ms): Min: 0.0, Avg: 0.0, Max: 0.1, Diff: 0.1, Sum: 0.2]
      [GC Worker Total (ms): Min: 36.9, Avg: 37.0, Max: 37.0, Diff: 0.1, Sum: 295.9]
      [GC Worker End (ms): Min: 236987811.0, Avg: 236987811.0, Max: 236987811.1, Diff: 0.0]
   [Code Root Fixup: 0.0 ms]
   [Code Root Purge: 0.0 ms]
   [Clear CT: 0.8 ms]
   [Other: 2.9 ms]
      [Choose CSet: 0.0 ms]
      [Ref Proc: 2.2 ms]
      [Ref Enq: 0.1 ms]
      [Redirty Cards: 0.1 ms]
      [Humongous Register: 0.0 ms]
      [Humongous Reclaim: 0.0 ms]
      [Free CSet: 0.3 ms]
   [Eden: 5648.0M(5648.0M)->0.0B(7104.0M) Survivors: 81920.0K->65536.0K Heap: 9102.1M(14336.0M)->3349.3M(14336.0M)]
 [Times: user=0.24 sys=0.00, real=0.04 secs] 
2022-07-24T15:02:26.155-0700: 237117.660: [GC pause (G1 Evacuation Pause) (young), 0.0333417 secs]
   [Parallel Time: 29.1 ms, GC Workers: 8]
      [GC Worker Start (ms): Min: 237117660.2, Avg: 237117660.4, Max: 237117660.5, Diff: 0.2]
      [Ext Root Scanning (ms): Min: 1.5, Avg: 2.4, Max: 6.2, Diff: 4.8, Sum: 19.2]
      [Update RS (ms): Min: 9.3, Avg: 12.6, Max: 13.3, Diff: 4.0, Sum: 100.5]
         [Processed Buffers: Min: 28, Avg: 30.1, Max: 34, Diff: 6, Sum: 241]
      [Scan RS (ms): Min: 0.1, Avg: 0.2, Max: 0.3, Diff: 0.2, Sum: 1.5]
      [Code Root Scanning (ms): Min: 0.0, Avg: 0.0, Max: 0.0, Diff: 0.0, Sum: 0.0]
      [Object Copy (ms): Min: 13.1, Avg: 13.5, Max: 13.8, Diff: 0.6, Sum: 108.4]
      [Termination (ms): Min: 0.0, Avg: 0.0, Max: 0.0, Diff: 0.0, Sum: 0.0]
         [Termination Attempts: Min: 1, Avg: 1.4, Max: 3, Diff: 2, Sum: 11]
      [GC Worker Other (ms): Min: 0.0, Avg: 0.1, Max: 0.1, Diff: 0.1, Sum: 0.5]
      [GC Worker Total (ms): Min: 28.7, Avg: 28.7, Max: 28.8, Diff: 0.2, Sum: 230.0]
      [GC Worker End (ms): Min: 237117689.1, Avg: 237117689.1, Max: 237117689.2, Diff: 0.1]
   [Code Root Fixup: 0.0 ms]
   [Code Root Purge: 0.0 ms]
   [Clear CT: 0.7 ms]
   [Other: 3.5 ms]
      [Choose CSet: 0.0 ms]
      [Ref Proc: 2.8 ms]
      [Ref Enq: 0.1 ms]
      [Redirty Cards: 0.1 ms]
      [Humongous Register: 0.0 ms]
      [Humongous Reclaim: 0.0 ms]
      [Free CSet: 0.3 ms]
   [Eden: 7104.0M(7104.0M)->0.0B(7104.0M) Survivors: 65536.0K->65536.0K Heap: 10453.3M(14336.0M)->3415.1M(14336.0M)]
 [Times: user=0.24 sys=0.00, real=0.03 secs] 
2022-07-24T15:04:26.663-0700: 237238.167: [GC pause (G1 Evacuation Pause) (young) (initial-mark), 0.0492794 secs]
   [Parallel Time: 44.7 ms, GC Workers: 8]
      [GC Worker Start (ms): Min: 237238169.6, Avg: 237238169.6, Max: 237238169.7, Diff: 0.1]
      [Ext Root Scanning (ms): Min: 6.1, Avg: 6.5, Max: 7.0, Diff: 1.0, Sum: 51.8]
      [Update RS (ms): Min: 7.0, Avg: 7.1, Max: 7.3, Diff: 0.3, Sum: 56.7]
         [Processed Buffers: Min: 19, Avg: 21.8, Max: 25, Diff: 6, Sum: 174]
      [Scan RS (ms): Min: 0.0, Avg: 0.0, Max: 0.1, Diff: 0.1, Sum: 0.4]
      [Code Root Scanning (ms): Min: 0.0, Avg: 0.0, Max: 0.0, Diff: 0.0, Sum: 0.0]
      [Object Copy (ms): Min: 27.9, Avg: 28.5, Max: 28.9, Diff: 1.0, Sum: 227.9]
      [Termination (ms): Min: 0.0, Avg: 0.0, Max: 0.0, Diff: 0.0, Sum: 0.0]
         [Termination Attempts: Min: 3, Avg: 5.8, Max: 11, Diff: 8, Sum: 46]
      [GC Worker Other (ms): Min: 0.0, Avg: 0.1, Max: 0.2, Diff: 0.1, Sum: 0.6]
      [GC Worker Total (ms): Min: 42.1, Avg: 42.2, Max: 42.3, Diff: 0.2, Sum: 337.4]
      [GC Worker End (ms): Min: 237238211.7, Avg: 237238211.8, Max: 237238211.9, Diff: 0.1]
   [Code Root Fixup: 0.0 ms]
   [Code Root Purge: 0.0 ms]
   [Clear CT: 0.7 ms]
   [Other: 3.9 ms]
      [Choose CSet: 0.0 ms]
      [Ref Proc: 3.1 ms]
      [Ref Enq: 0.1 ms]
      [Redirty Cards: 0.2 ms]
      [Humongous Register: 0.1 ms]
      [Humongous Reclaim: 0.0 ms]
      [Free CSet: 0.3 ms]
   [Eden: 7104.0M(7104.0M)->0.0B(7008.0M) Survivors: 65536.0K->160.0M Heap: 10519.1M(14336.0M)->3566.7M(14336.0M)]
 [Times: user=0.34 sys=0.00, real=0.05 secs] 
2022-07-24T15:04:26.712-0700: 237238.217: [GC concurrent-root-region-scan-start]
2022-07-24T15:04:26.739-0700: 237238.244: [GC concurrent-root-region-scan-end, 0.0274294 secs]
2022-07-24T15:04:26.739-0700: 237238.244: [GC concurrent-mark-start]
2022-07-24T15:04:29.270-0700: 237240.775: [GC concurrent-mark-end, 2.5306437 secs]
2022-07-24T15:04:29.270-0700: 237240.775: [GC remark 2022-07-24T15:04:29.270-0700: 237240.775: [Finalize Marking, 0.0002205 secs] 2022-07-24T15:04:29.271-0700: 237240.775: [GC ref-proc, 0.0099751 secs] 2022-07-24T15:04:29.281-0700: 237240.785: [Unloading, 0.0264578 secs], 0.0420260 secs]
 [Times: user=0.25 sys=0.00, real=0.04 secs] 
2022-07-24T15:04:29.313-0700: 237240.817: [GC cleanup 3742M->3742M(14336M), 0.0078083 secs]
 [Times: user=0.06 sys=0.00, real=0.01 secs] 
2022-07-24T15:06:53.322-0700: 237384.827: [GC pause (G1 Evacuation Pause) (young), 0.0327122 secs]
   [Parallel Time: 29.7 ms, GC Workers: 8]
      [GC Worker Start (ms): Min: 237384827.2, Avg: 237384827.2, Max: 237384827.3, Diff: 0.1]
      [Ext Root Scanning (ms): Min: 1.2, Avg: 1.9, Max: 5.1, Diff: 3.9, Sum: 15.1]
      [Update RS (ms): Min: 4.5, Avg: 7.4, Max: 8.2, Diff: 3.7, Sum: 59.5]
         [Processed Buffers: Min: 17, Avg: 28.0, Max: 38, Diff: 21, Sum: 224]
      [Scan RS (ms): Min: 1.4, Avg: 1.7, Max: 1.8, Diff: 0.4, Sum: 13.4]
      [Code Root Scanning (ms): Min: 0.0, Avg: 0.0, Max: 0.0, Diff: 0.0, Sum: 0.0]
      [Object Copy (ms): Min: 18.1, Avg: 18.5, Max: 18.6, Diff: 0.5, Sum: 148.0]
      [Termination (ms): Min: 0.0, Avg: 0.0, Max: 0.0, Diff: 0.0, Sum: 0.0]
         [Termination Attempts: Min: 1, Avg: 1.6, Max: 2, Diff: 1, Sum: 13]
      [GC Worker Other (ms): Min: 0.0, Avg: 0.1, Max: 0.1, Diff: 0.1, Sum: 0.5]
      [GC Worker Total (ms): Min: 29.5, Avg: 29.6, Max: 29.6, Diff: 0.1, Sum: 236.5]
      [GC Worker End (ms): Min: 237384856.8, Avg: 237384856.8, Max: 237384856.8, Diff: 0.1]
   [Code Root Fixup: 0.0 ms]
   [Code Root Purge: 0.0 ms]
   [Clear CT: 0.8 ms]
   [Other: 2.2 ms]
      [Choose CSet: 0.0 ms]
      [Ref Proc: 1.4 ms]
      [Ref Enq: 0.1 ms]
      [Redirty Cards: 0.2 ms]
      [Humongous Register: 0.0 ms]
      [Humongous Reclaim: 0.0 ms]
      [Free CSet: 0.3 ms]
   [Eden: 7008.0M(7008.0M)->0.0B(5632.0M) Survivors: 160.0M->98304.0K Heap: 10574.7M(14336.0M)->3609.1M(14336.0M)]
 [Times: user=0.25 sys=0.00, real=0.04 secs] 
2022-07-24T15:08:28.717-0700: 237480.221: [GC pause (G1 Evacuation Pause) (mixed), 0.0461138 secs]
   [Parallel Time: 40.4 ms, GC Workers: 8]
      [GC Worker Start (ms): Min: 237480221.6, Avg: 237480221.7, Max: 237480221.7, Diff: 0.1]
      [Ext Root Scanning (ms): Min: 1.2, Avg: 2.0, Max: 5.9, Diff: 4.6, Sum: 16.3]
      [Update RS (ms): Min: 7.5, Avg: 13.2, Max: 19.9, Diff: 12.3, Sum: 105.3]
         [Processed Buffers: Min: 21, Avg: 31.0, Max: 41, Diff: 20, Sum: 248]
      [Scan RS (ms): Min: 0.1, Avg: 3.4, Max: 4.0, Diff: 3.9, Sum: 27.1]
      [Code Root Scanning (ms): Min: 0.0, Avg: 0.0, Max: 0.2, Diff: 0.2, Sum: 0.3]
      [Object Copy (ms): Min: 18.7, Avg: 21.3, Max: 25.7, Diff: 7.1, Sum: 170.3]
      [Termination (ms): Min: 0.0, Avg: 0.1, Max: 0.1, Diff: 0.1, Sum: 0.8]
         [Termination Attempts: Min: 1, Avg: 11.8, Max: 18, Diff: 17, Sum: 94]
      [GC Worker Other (ms): Min: 0.0, Avg: 0.0, Max: 0.0, Diff: 0.0, Sum: 0.2]
      [GC Worker Total (ms): Min: 40.0, Avg: 40.0, Max: 40.1, Diff: 0.2, Sum: 320.3]
      [GC Worker End (ms): Min: 237480261.7, Avg: 237480261.7, Max: 237480261.7, Diff: 0.0]
   [Code Root Fixup: 0.0 ms]
   [Code Root Purge: 0.0 ms]
   [Clear CT: 0.9 ms]
   [Other: 4.8 ms]
      [Choose CSet: 0.1 ms]
      [Ref Proc: 3.8 ms]
      [Ref Enq: 0.1 ms]
      [Redirty Cards: 0.2 ms]
      [Humongous Register: 0.1 ms]
      [Humongous Reclaim: 0.0 ms]
      [Free CSet: 0.3 ms]
   [Eden: 5632.0M(5632.0M)->0.0B(7136.0M) Survivors: 98304.0K->32768.0K Heap: 9241.1M(14336.0M)->3478.5M(14336.0M)]
 [Times: user=0.33 sys=0.00, real=0.05 secs] 
2022-07-24T15:10:45.969-0700: 237617.474: [GC pause (G1 Evacuation Pause) (young), 0.0271762 secs]
   [Parallel Time: 22.5 ms, GC Workers: 8]
      [GC Worker Start (ms): Min: 237617473.8, Avg: 237617473.9, Max: 237617473.9, Diff: 0.2]
      [Ext Root Scanning (ms): Min: 1.2, Avg: 2.0, Max: 5.2, Diff: 4.0, Sum: 15.6]
      [Update RS (ms): Min: 8.7, Avg: 11.4, Max: 12.1, Diff: 3.5, Sum: 91.6]
         [Processed Buffers: Min: 22, Avg: 27.5, Max: 33, Diff: 11, Sum: 220]
      [Scan RS (ms): Min: 0.2, Avg: 0.4, Max: 1.3, Diff: 1.1, Sum: 3.4]
      [Code Root Scanning (ms): Min: 0.0, Avg: 0.0, Max: 0.0, Diff: 0.0, Sum: 0.0]
      [Object Copy (ms): Min: 7.7, Avg: 8.2, Max: 8.5, Diff: 0.8, Sum: 65.9]
      [Termination (ms): Min: 0.0, Avg: 0.0, Max: 0.0, Diff: 0.0, Sum: 0.0]
         [Termination Attempts: Min: 1, Avg: 6.1, Max: 11, Diff: 10, Sum: 49]
      [GC Worker Other (ms): Min: 0.0, Avg: 0.1, Max: 0.1, Diff: 0.1, Sum: 0.4]
      [GC Worker Total (ms): Min: 22.0, Avg: 22.1, Max: 22.2, Diff: 0.2, Sum: 177.0]
      [GC Worker End (ms): Min: 237617496.0, Avg: 237617496.0, Max: 237617496.1, Diff: 0.1]
   [Code Root Fixup: 0.0 ms]
   [Code Root Purge: 0.0 ms]
   [Clear CT: 0.8 ms]
   [Other: 3.9 ms]
      [Choose CSet: 0.0 ms]
      [Ref Proc: 3.2 ms]
      [Ref Enq: 0.1 ms]
      [Redirty Cards: 0.1 ms]
      [Humongous Register: 0.1 ms]
      [Humongous Reclaim: 0.0 ms]
      [Free CSet: 0.3 ms]
   [Eden: 7136.0M(7136.0M)->0.0B(7136.0M) Survivors: 32768.0K->32768.0K Heap: 10614.5M(14336.0M)->3542.4M(14336.0M)]
 [Times: user=0.18 sys=0.00, real=0.03 secs] 
2022-07-24T15:12:51.504-0700: 237743.009: [GC pause (G1 Evacuation Pause) (young) (initial-mark), 0.0273965 secs]
   [Parallel Time: 24.5 ms, GC Workers: 8]
      [GC Worker Start (ms): Min: 237743010.3, Avg: 237743010.4, Max: 237743010.4, Diff: 0.1]
      [Ext Root Scanning (ms): Min: 4.6, Avg: 4.9, Max: 5.4, Diff: 0.8, Sum: 39.4]
      [Update RS (ms): Min: 6.3, Avg: 6.4, Max: 6.6, Diff: 0.2, Sum: 51.5]
         [Processed Buffers: Min: 13, Avg: 18.6, Max: 24, Diff: 11, Sum: 149]
      [Scan RS (ms): Min: 0.0, Avg: 0.0, Max: 0.1, Diff: 0.1, Sum: 0.4]
      [Code Root Scanning (ms): Min: 0.0, Avg: 0.0, Max: 0.0, Diff: 0.0, Sum: 0.0]
      [Object Copy (ms): Min: 11.0, Avg: 11.5, Max: 11.8, Diff: 0.8, Sum: 91.9]
      [Termination (ms): Min: 0.0, Avg: 0.0, Max: 0.0, Diff: 0.0, Sum: 0.0]
         [Termination Attempts: Min: 1, Avg: 1.5, Max: 2, Diff: 1, Sum: 12]
      [GC Worker Other (ms): Min: 0.0, Avg: 0.0, Max: 0.1, Diff: 0.1, Sum: 0.4]
      [GC Worker Total (ms): Min: 22.9, Avg: 22.9, Max: 23.0, Diff: 0.1, Sum: 183.5]
      [GC Worker End (ms): Min: 237743033.3, Avg: 237743033.3, Max: 237743033.3, Diff: 0.1]
   [Code Root Fixup: 0.0 ms]
   [Code Root Purge: 0.0 ms]
   [Clear CT: 0.7 ms]
   [Other: 2.2 ms]
      [Choose CSet: 0.0 ms]
      [Ref Proc: 1.6 ms]
      [Ref Enq: 0.1 ms]
      [Redirty Cards: 0.1 ms]
      [Humongous Register: 0.0 ms]
      [Humongous Reclaim: 0.0 ms]
      [Free CSet: 0.3 ms]
   [Eden: 7136.0M(7136.0M)->0.0B(7088.0M) Survivors: 32768.0K->81920.0K Heap: 10678.4M(14336.0M)->3605.7M(14336.0M)]
 [Times: user=0.19 sys=0.00, real=0.02 secs] 
2022-07-24T15:12:51.532-0700: 237743.036: [GC concurrent-root-region-scan-start]
2022-07-24T15:12:51.546-0700: 237743.050: [GC concurrent-root-region-scan-end, 0.0139922 secs]
2022-07-24T15:12:51.546-0700: 237743.050: [GC concurrent-mark-start]
2022-07-24T15:12:54.105-0700: 237745.610: [GC concurrent-mark-end, 2.5597446 secs]
2022-07-24T15:12:54.106-0700: 237745.610: [GC remark 2022-07-24T15:12:54.106-0700: 237745.610: [Finalize Marking, 0.0002632 secs] 2022-07-24T15:12:54.106-0700: 237745.611: [GC ref-proc, 0.0107501 secs] 2022-07-24T15:12:54.117-0700: 237745.621: [Unloading, 0.0264277 secs], 0.0430265 secs]
 [Times: user=0.25 sys=0.00, real=0.04 secs] 
2022-07-24T15:12:54.149-0700: 237745.654: [GC cleanup 3773M->3773M(14336M), 0.0082291 secs]
 [Times: user=0.06 sys=0.00, real=0.01 secs] 
2022-07-24T15:15:09.728-0700: 237881.233: [GC pause (G1 Evacuation Pause) (young), 0.0209294 secs]
   [Parallel Time: 17.2 ms, GC Workers: 8]
      [GC Worker Start (ms): Min: 237881232.9, Avg: 237881233.0, Max: 237881233.1, Diff: 0.1]
      [Ext Root Scanning (ms): Min: 0.9, Avg: 1.6, Max: 5.1, Diff: 4.2, Sum: 12.7]
      [Update RS (ms): Min: 1.8, Avg: 5.1, Max: 5.9, Diff: 4.1, Sum: 40.5]
         [Processed Buffers: Min: 5, Avg: 18.6, Max: 30, Diff: 25, Sum: 149]
      [Scan RS (ms): Min: 0.0, Avg: 0.0, Max: 0.1, Diff: 0.1, Sum: 0.4]
      [Code Root Scanning (ms): Min: 0.0, Avg: 0.0, Max: 0.0, Diff: 0.0, Sum: 0.0]
      [Object Copy (ms): Min: 9.9, Avg: 10.1, Max: 10.2, Diff: 0.3, Sum: 80.7]
      [Termination (ms): Min: 0.0, Avg: 0.0, Max: 0.0, Diff: 0.0, Sum: 0.0]
         [Termination Attempts: Min: 1, Avg: 1.4, Max: 2, Diff: 1, Sum: 11]
      [GC Worker Other (ms): Min: 0.0, Avg: 0.1, Max: 0.1, Diff: 0.1, Sum: 0.5]
      [GC Worker Total (ms): Min: 16.8, Avg: 16.8, Max: 17.0, Diff: 0.2, Sum: 134.8]
      [GC Worker End (ms): Min: 237881249.8, Avg: 237881249.9, Max: 237881249.9, Diff: 0.1]
   [Code Root Fixup: 0.0 ms]
   [Code Root Purge: 0.0 ms]
   [Clear CT: 0.7 ms]
   [Other: 3.0 ms]
      [Choose CSet: 0.0 ms]
      [Ref Proc: 2.3 ms]
      [Ref Enq: 0.1 ms]
      [Redirty Cards: 0.2 ms]
      [Humongous Register: 0.1 ms]
      [Humongous Reclaim: 0.0 ms]
      [Free CSet: 0.3 ms]
   [Eden: 7088.0M(7088.0M)->0.0B(5680.0M) Survivors: 81920.0K->49152.0K Heap: 10693.7M(14336.0M)->3620.5M(14336.0M)]
 [Times: user=0.15 sys=0.00, real=0.02 secs] 
2022-07-24T15:16:46.265-0700: 237977.770: [GC pause (G1 Evacuation Pause) (mixed), 0.0484901 secs]
   [Parallel Time: 45.3 ms, GC Workers: 8]
      [GC Worker Start (ms): Min: 237977770.1, Avg: 237977770.1, Max: 237977770.2, Diff: 0.1]
      [Ext Root Scanning (ms): Min: 1.2, Avg: 2.0, Max: 6.2, Diff: 5.0, Sum: 16.4]
      [Update RS (ms): Min: 4.3, Avg: 8.0, Max: 8.8, Diff: 4.6, Sum: 63.8]
         [Processed Buffers: Min: 13, Avg: 28.2, Max: 35, Diff: 22, Sum: 226]
      [Scan RS (ms): Min: 4.0, Avg: 4.1, Max: 4.2, Diff: 0.3, Sum: 32.8]
      [Code Root Scanning (ms): Min: 0.0, Avg: 0.0, Max: 0.1, Diff: 0.1, Sum: 0.1]
      [Object Copy (ms): Min: 30.5, Avg: 30.9, Max: 31.1, Diff: 0.6, Sum: 247.4]
      [Termination (ms): Min: 0.0, Avg: 0.0, Max: 0.0, Diff: 0.0, Sum: 0.1]
         [Termination Attempts: Min: 1, Avg: 95.0, Max: 128, Diff: 127, Sum: 760]
      [GC Worker Other (ms): Min: 0.0, Avg: 0.0, Max: 0.1, Diff: 0.1, Sum: 0.4]
      [GC Worker Total (ms): Min: 45.1, Avg: 45.1, Max: 45.2, Diff: 0.1, Sum: 361.0]
      [GC Worker End (ms): Min: 237977815.2, Avg: 237977815.3, Max: 237977815.3, Diff: 0.1]
   [Code Root Fixup: 0.0 ms]
   [Code Root Purge: 0.0 ms]
   [Clear CT: 0.8 ms]
   [Other: 2.4 ms]
      [Choose CSet: 0.1 ms]
      [Ref Proc: 1.4 ms]
      [Ref Enq: 0.1 ms]
      [Redirty Cards: 0.2 ms]
      [Humongous Register: 0.1 ms]
      [Humongous Reclaim: 0.0 ms]
      [Free CSet: 0.3 ms]
   [Eden: 5680.0M(5680.0M)->0.0B(7120.0M) Survivors: 49152.0K->49152.0K Heap: 9300.5M(14336.0M)->3451.4M(14336.0M)]
 [Times: user=0.38 sys=0.00, real=0.04 secs] 
2022-07-24T15:18:51.311-0700: 238102.816: [GC pause (G1 Evacuation Pause) (young), 0.0428349 secs]
   [Parallel Time: 39.4 ms, GC Workers: 8]
      [GC Worker Start (ms): Min: 238102816.1, Avg: 238102816.1, Max: 238102816.1, Diff: 0.1]
      [Ext Root Scanning (ms): Min: 0.9, Avg: 1.6, Max: 5.3, Diff: 4.4, Sum: 12.5]
      [Update RS (ms): Min: 9.7, Avg: 13.1, Max: 13.9, Diff: 4.2, Sum: 105.0]
         [Processed Buffers: Min: 24, Avg: 29.1, Max: 31, Diff: 7, Sum: 233]
      [Scan RS (ms): Min: 0.3, Avg: 0.4, Max: 0.5, Diff: 0.2, Sum: 3.3]
      [Code Root Scanning (ms): Min: 0.0, Avg: 0.0, Max: 0.0, Diff: 0.0, Sum: 0.0]
      [Object Copy (ms): Min: 10.0, Avg: 13.6, Max: 24.2, Diff: 14.2, Sum: 109.2]
      [Termination (ms): Min: 0.0, Avg: 10.5, Max: 14.0, Diff: 14.0, Sum: 84.0]
         [Termination Attempts: Min: 1, Avg: 1.0, Max: 1, Diff: 0, Sum: 8]
      [GC Worker Other (ms): Min: 0.0, Avg: 0.0, Max: 0.0, Diff: 0.0, Sum: 0.1]
      [GC Worker Total (ms): Min: 39.2, Avg: 39.3, Max: 39.3, Diff: 0.1, Sum: 314.1]
      [GC Worker End (ms): Min: 238102855.4, Avg: 238102855.4, Max: 238102855.4, Diff: 0.0]
   [Code Root Fixup: 0.0 ms]
   [Code Root Purge: 0.0 ms]
   [Clear CT: 0.8 ms]
   [Other: 2.7 ms]
      [Choose CSet: 0.0 ms]
      [Ref Proc: 2.0 ms]
      [Ref Enq: 0.1 ms]
      [Redirty Cards: 0.1 ms]
      [Humongous Register: 0.0 ms]
      [Humongous Reclaim: 0.0 ms]
      [Free CSet: 0.3 ms]
   [Eden: 7120.0M(7120.0M)->0.0B(7104.0M) Survivors: 49152.0K->65536.0K Heap: 10571.4M(14336.0M)->3538.5M(14336.0M)]
 [Times: user=0.29 sys=0.00, real=0.04 secs] 
2022-07-24T15:21:08.533-0700: 238240.038: [GC pause (GCLocker Initiated GC) (young) (initial-mark), 0.0476599 secs]
   [Parallel Time: 44.5 ms, GC Workers: 8]
      [GC Worker Start (ms): Min: 238240039.6, Avg: 238240039.7, Max: 238240039.8, Diff: 0.2]
      [Ext Root Scanning (ms): Min: 4.8, Avg: 5.0, Max: 5.3, Diff: 0.4, Sum: 39.9]
      [Update RS (ms): Min: 10.2, Avg: 10.3, Max: 10.7, Diff: 0.5, Sum: 82.3]
         [Processed Buffers: Min: 23, Avg: 28.4, Max: 34, Diff: 11, Sum: 227]
      [Scan RS (ms): Min: 0.0, Avg: 0.1, Max: 0.1, Diff: 0.1, Sum: 0.4]
      [Code Root Scanning (ms): Min: 0.0, Avg: 0.0, Max: 0.1, Diff: 0.1, Sum: 0.1]
      [Object Copy (ms): Min: 20.8, Avg: 21.7, Max: 26.9, Diff: 6.1, Sum: 173.4]
      [Termination (ms): Min: 0.0, Avg: 5.7, Max: 6.5, Diff: 6.5, Sum: 45.5]
         [Termination Attempts: Min: 1, Avg: 6.4, Max: 10, Diff: 9, Sum: 51]
      [GC Worker Other (ms): Min: 0.0, Avg: 0.0, Max: 0.0, Diff: 0.0, Sum: 0.1]
      [GC Worker Total (ms): Min: 42.6, Avg: 42.7, Max: 42.8, Diff: 0.2, Sum: 341.8]
      [GC Worker End (ms): Min: 238240082.4, Avg: 238240082.4, Max: 238240082.4, Diff: 0.0]
   [Code Root Fixup: 0.0 ms]
   [Code Root Purge: 0.0 ms]
   [Clear CT: 0.8 ms]
   [Other: 2.4 ms]
      [Choose CSet: 0.0 ms]
      [Ref Proc: 1.7 ms]
      [Ref Enq: 0.1 ms]
      [Redirty Cards: 0.1 ms]
      [Humongous Register: 0.0 ms]
      [Humongous Reclaim: 0.0 ms]
      [Free CSet: 0.3 ms]
   [Eden: 7104.0M(7104.0M)->0.0B(7072.0M) Survivors: 65536.0K->98304.0K Heap: 10642.5M(14336.0M)->3606.0M(14336.0M)]
 [Times: user=0.33 sys=0.00, real=0.05 secs] 
2022-07-24T15:21:08.581-0700: 238240.086: [GC concurrent-root-region-scan-start]
2022-07-24T15:21:08.612-0700: 238240.117: [GC concurrent-root-region-scan-end, 0.0307849 secs]
2022-07-24T15:21:08.612-0700: 238240.117: [GC concurrent-mark-start]
2022-07-24T15:21:11.750-0700: 238243.255: [GC concurrent-mark-end, 3.1384816 secs]
2022-07-24T15:21:11.751-0700: 238243.256: [GC remark 2022-07-24T15:21:11.751-0700: 238243.256: [Finalize Marking, 0.0007858 secs] 2022-07-24T15:21:11.752-0700: 238243.256: [GC ref-proc, 0.0077293 secs] 2022-07-24T15:21:11.759-0700: 238243.264: [Unloading, 0.0272647 secs], 0.0411825 secs]
 [Times: user=0.25 sys=0.00, real=0.04 secs] 
2022-07-24T15:21:11.792-0700: 238243.297: [GC cleanup 5479M->5479M(14336M), 0.0085351 secs]
 [Times: user=0.07 sys=0.00, real=0.01 secs] 
2022-07-24T15:22:19.716-0700: 238311.221: [GC pause (G1 Evacuation Pause) (young), 0.0650132 secs]
   [Parallel Time: 62.0 ms, GC Workers: 8]
      [GC Worker Start (ms): Min: 238311221.3, Avg: 238311221.4, Max: 238311221.4, Diff: 0.1]
      [Ext Root Scanning (ms): Min: 1.2, Avg: 2.0, Max: 5.6, Diff: 4.4, Sum: 16.2]
      [Update RS (ms): Min: 5.5, Avg: 8.5, Max: 9.6, Diff: 4.2, Sum: 68.0]
         [Processed Buffers: Min: 14, Avg: 20.1, Max: 27, Diff: 13, Sum: 161]
      [Scan RS (ms): Min: 0.0, Avg: 0.0, Max: 0.1, Diff: 0.1, Sum: 0.4]
      [Code Root Scanning (ms): Min: 0.0, Avg: 0.0, Max: 0.1, Diff: 0.1, Sum: 0.1]
      [Object Copy (ms): Min: 50.6, Avg: 51.1, Max: 51.4, Diff: 0.8, Sum: 408.8]
      [Termination (ms): Min: 0.0, Avg: 0.0, Max: 0.0, Diff: 0.0, Sum: 0.0]
         [Termination Attempts: Min: 1, Avg: 1.8, Max: 3, Diff: 2, Sum: 14]
      [GC Worker Other (ms): Min: 0.0, Avg: 0.1, Max: 0.1, Diff: 0.1, Sum: 0.4]
      [GC Worker Total (ms): Min: 61.7, Avg: 61.7, Max: 61.8, Diff: 0.2, Sum: 494.0]
      [GC Worker End (ms): Min: 238311283.1, Avg: 238311283.1, Max: 238311283.1, Diff: 0.1]
   [Code Root Fixup: 0.0 ms]
   [Code Root Purge: 0.0 ms]
   [Clear CT: 0.8 ms]
   [Other: 2.2 ms]
      [Choose CSet: 0.0 ms]
      [Ref Proc: 1.5 ms]
      [Ref Enq: 0.1 ms]
      [Redirty Cards: 0.1 ms]
      [Humongous Register: 0.1 ms]
      [Humongous Reclaim: 0.0 ms]
      [Free CSet: 0.3 ms]
   [Eden: 7072.0M(7072.0M)->0.0B(5504.0M) Survivors: 98304.0K->224.0M Heap: 10678.0M(14336.0M)->3808.0M(14336.0M)]
 [Times: user=0.51 sys=0.00, real=0.06 secs] 
2022-07-24T15:23:36.871-0700: 238388.375: [GC pause (G1 Evacuation Pause) (mixed), 0.0933703 secs]
   [Parallel Time: 87.7 ms, GC Workers: 8]
      [GC Worker Start (ms): Min: 238388375.7, Avg: 238388375.8, Max: 238388375.8, Diff: 0.2]
      [Ext Root Scanning (ms): Min: 1.3, Avg: 2.1, Max: 6.3, Diff: 4.9, Sum: 17.1]
      [Update RS (ms): Min: 1.5, Avg: 5.3, Max: 6.1, Diff: 4.6, Sum: 42.1]
         [Processed Buffers: Min: 12, Avg: 21.8, Max: 30, Diff: 18, Sum: 174]
      [Scan RS (ms): Min: 6.2, Avg: 6.5, Max: 6.7, Diff: 0.5, Sum: 51.8]
      [Code Root Scanning (ms): Min: 0.0, Avg: 0.1, Max: 0.5, Diff: 0.5, Sum: 0.8]
      [Object Copy (ms): Min: 72.6, Avg: 73.0, Max: 73.6, Diff: 1.0, Sum: 584.3]
      [Termination (ms): Min: 0.0, Avg: 0.4, Max: 0.4, Diff: 0.4, Sum: 2.8]
         [Termination Attempts: Min: 1, Avg: 31.6, Max: 47, Diff: 46, Sum: 253]
      [GC Worker Other (ms): Min: 0.0, Avg: 0.0, Max: 0.1, Diff: 0.0, Sum: 0.2]
      [GC Worker Total (ms): Min: 87.3, Avg: 87.4, Max: 87.5, Diff: 0.2, Sum: 699.1]
      [GC Worker End (ms): Min: 238388463.1, Avg: 238388463.2, Max: 238388463.2, Diff: 0.0]
   [Code Root Fixup: 0.0 ms]
   [Code Root Purge: 0.0 ms]
   [Clear CT: 0.9 ms]
   [Other: 4.7 ms]
      [Choose CSet: 0.1 ms]
      [Ref Proc: 3.4 ms]
      [Ref Enq: 0.1 ms]
      [Redirty Cards: 0.5 ms]
      [Humongous Register: 0.0 ms]
      [Humongous Reclaim: 0.0 ms]
      [Free CSet: 0.4 ms]
   [Eden: 5504.0M(5504.0M)->0.0B(7040.0M) Survivors: 224.0M->128.0M Heap: 9312.0M(14336.0M)->3695.2M(14336.0M)]
 [Times: user=0.68 sys=0.00, real=0.10 secs] 
2022-07-24T15:25:24.812-0700: 238496.316: [GC pause (G1 Evacuation Pause) (young), 0.0419354 secs]
   [Parallel Time: 38.8 ms, GC Workers: 8]
      [GC Worker Start (ms): Min: 238496316.5, Avg: 238496316.6, Max: 238496316.7, Diff: 0.1]
      [Ext Root Scanning (ms): Min: 1.4, Avg: 2.2, Max: 5.8, Diff: 4.4, Sum: 17.7]
      [Update RS (ms): Min: 9.2, Avg: 12.9, Max: 14.3, Diff: 5.1, Sum: 103.4]
         [Processed Buffers: Min: 20, Avg: 26.0, Max: 39, Diff: 19, Sum: 208]
      [Scan RS (ms): Min: 16.0, Avg: 16.1, Max: 16.3, Diff: 0.3, Sum: 129.1]
      [Code Root Scanning (ms): Min: 0.0, Avg: 0.0, Max: 0.0, Diff: 0.0, Sum: 0.0]
      [Object Copy (ms): Min: 6.2, Avg: 7.2, Max: 11.7, Diff: 5.5, Sum: 57.7]
      [Termination (ms): Min: 0.0, Avg: 0.0, Max: 0.0, Diff: 0.0, Sum: 0.0]
         [Termination Attempts: Min: 1, Avg: 15.4, Max: 19, Diff: 18, Sum: 123]
      [GC Worker Other (ms): Min: 0.0, Avg: 0.1, Max: 0.1, Diff: 0.1, Sum: 0.6]
      [GC Worker Total (ms): Min: 38.5, Avg: 38.6, Max: 38.7, Diff: 0.2, Sum: 308.5]
      [GC Worker End (ms): Min: 238496355.1, Avg: 238496355.2, Max: 238496355.2, Diff: 0.1]
   [Code Root Fixup: 0.0 ms]
   [Code Root Purge: 0.0 ms]
   [Clear CT: 0.8 ms]
   [Other: 2.3 ms]
      [Choose CSet: 0.0 ms]
      [Ref Proc: 1.5 ms]
      [Ref Enq: 0.1 ms]
      [Redirty Cards: 0.2 ms]
      [Humongous Register: 0.1 ms]
      [Humongous Reclaim: 0.0 ms]
      [Free CSet: 0.3 ms]
   [Eden: 7040.0M(7040.0M)->0.0B(7120.0M) Survivors: 128.0M->49152.0K Heap: 10735.2M(14336.0M)->3672.2M(14336.0M)]
 [Times: user=0.31 sys=0.00, real=0.04 secs] 
2022-07-24T15:27:16.269-0700: 238607.774: [GC pause (G1 Evacuation Pause) (young) (initial-mark), 0.0212774 secs]
   [Parallel Time: 16.4 ms, GC Workers: 8]
      [GC Worker Start (ms): Min: 238607775.8, Avg: 238607775.9, Max: 238607775.9, Diff: 0.2]
      [Ext Root Scanning (ms): Min: 5.4, Avg: 5.8, Max: 6.3, Diff: 0.8, Sum: 46.4]
      [Update RS (ms): Min: 6.0, Avg: 6.1, Max: 6.3, Diff: 0.3, Sum: 48.9]
         [Processed Buffers: Min: 21, Avg: 23.4, Max: 31, Diff: 10, Sum: 187]
      [Scan RS (ms): Min: 0.2, Avg: 0.3, Max: 0.5, Diff: 0.3, Sum: 2.7]
      [Code Root Scanning (ms): Min: 0.0, Avg: 0.0, Max: 0.0, Diff: 0.0, Sum: 0.0]
      [Object Copy (ms): Min: 1.6, Avg: 2.1, Max: 2.4, Diff: 0.8, Sum: 16.7]
      [Termination (ms): Min: 0.0, Avg: 0.0, Max: 0.0, Diff: 0.0, Sum: 0.1]
         [Termination Attempts: Min: 27, Avg: 33.2, Max: 43, Diff: 16, Sum: 266]
      [GC Worker Other (ms): Min: 0.0, Avg: 0.1, Max: 0.1, Diff: 0.1, Sum: 0.5]
      [GC Worker Total (ms): Min: 14.3, Avg: 14.4, Max: 14.5, Diff: 0.2, Sum: 115.3]
      [GC Worker End (ms): Min: 238607790.2, Avg: 238607790.3, Max: 238607790.4, Diff: 0.1]
   [Code Root Fixup: 0.0 ms]
   [Code Root Purge: 0.0 ms]
   [Clear CT: 0.8 ms]
   [Other: 4.1 ms]
      [Choose CSet: 0.0 ms]
      [Ref Proc: 3.4 ms]
      [Ref Enq: 0.1 ms]
      [Redirty Cards: 0.1 ms]
      [Humongous Register: 0.0 ms]
      [Humongous Reclaim: 0.0 ms]
      [Free CSet: 0.3 ms]
   [Eden: 7120.0M(7120.0M)->0.0B(7152.0M) Survivors: 49152.0K->16384.0K Heap: 10792.2M(14336.0M)->3703.4M(14336.0M)]
 [Times: user=0.11 sys=0.02, real=0.02 secs] 
2022-07-24T15:27:16.291-0700: 238607.795: [GC concurrent-root-region-scan-start]
2022-07-24T15:27:16.300-0700: 238607.805: [GC concurrent-root-region-scan-end, 0.0094821 secs]
2022-07-24T15:27:16.300-0700: 238607.805: [GC concurrent-mark-start]
2022-07-24T15:27:18.860-0700: 238610.364: [GC concurrent-mark-end, 2.5595457 secs]
2022-07-24T15:27:18.860-0700: 238610.365: [GC remark 2022-07-24T15:27:18.860-0700: 238610.365: [Finalize Marking, 0.0002915 secs] 2022-07-24T15:27:18.860-0700: 238610.365: [GC ref-proc, 0.0061600 secs] 2022-07-24T15:27:18.867-0700: 238610.371: [Unloading, 0.0289204 secs], 0.0408694 secs]
 [Times: user=0.26 sys=0.00, real=0.04 secs] 
2022-07-24T15:27:18.901-0700: 238610.406: [GC cleanup 3922M->3922M(14336M), 0.0097055 secs]
 [Times: user=0.06 sys=0.00, real=0.01 secs] 
2022-07-24T15:29:08.561-0700: 238720.065: [GC pause (G1 Evacuation Pause) (young), 0.0129133 secs]
   [Parallel Time: 7.6 ms, GC Workers: 8]
      [GC Worker Start (ms): Min: 238720065.6, Avg: 238720065.7, Max: 238720065.8, Diff: 0.2]
      [Ext Root Scanning (ms): Min: 1.4, Avg: 2.3, Max: 6.4, Diff: 5.0, Sum: 18.3]
      [Update RS (ms): Min: 0.0, Avg: 2.4, Max: 3.2, Diff: 3.2, Sum: 18.8]
         [Processed Buffers: Min: 0, Avg: 6.6, Max: 12, Diff: 12, Sum: 53]
      [Scan RS (ms): Min: 0.0, Avg: 0.1, Max: 0.2, Diff: 0.1, Sum: 0.6]
      [Code Root Scanning (ms): Min: 0.0, Avg: 0.0, Max: 0.0, Diff: 0.0, Sum: 0.1]
      [Object Copy (ms): Min: 0.8, Avg: 2.4, Max: 2.9, Diff: 2.1, Sum: 19.4]
      [Termination (ms): Min: 0.0, Avg: 0.0, Max: 0.0, Diff: 0.0, Sum: 0.0]
         [Termination Attempts: Min: 1, Avg: 3.2, Max: 5, Diff: 4, Sum: 26]
      [GC Worker Other (ms): Min: 0.0, Avg: 0.0, Max: 0.1, Diff: 0.1, Sum: 0.3]
      [GC Worker Total (ms): Min: 7.1, Avg: 7.2, Max: 7.3, Diff: 0.2, Sum: 57.5]
      [GC Worker End (ms): Min: 238720072.8, Avg: 238720072.9, Max: 238720072.9, Diff: 0.1]
   [Code Root Fixup: 0.0 ms]
   [Code Root Purge: 0.0 ms]
   [Clear CT: 0.7 ms]
   [Other: 4.6 ms]
      [Choose CSet: 0.0 ms]
      [Ref Proc: 3.9 ms]
      [Ref Enq: 0.1 ms]
      [Redirty Cards: 0.1 ms]
      [Humongous Register: 0.1 ms]
      [Humongous Reclaim: 0.0 ms]
      [Free CSet: 0.3 ms]
   [Eden: 7152.0M(7152.0M)->0.0B(5712.0M) Survivors: 16384.0K->16384.0K Heap: 10855.4M(14336.0M)->3715.9M(14336.0M)]
 [Times: user=0.07 sys=0.00, real=0.01 secs] 
2022-07-24T15:30:33.765-0700: 238805.269: [GC pause (G1 Evacuation Pause) (mixed), 0.0602502 secs]
   [Parallel Time: 56.4 ms, GC Workers: 8]
      [GC Worker Start (ms): Min: 238805269.6, Avg: 238805269.7, Max: 238805269.8, Diff: 0.2]
      [Ext Root Scanning (ms): Min: 1.3, Avg: 2.3, Max: 6.1, Diff: 4.8, Sum: 18.2]
      [Update RS (ms): Min: 0.0, Avg: 1.4, Max: 2.1, Diff: 2.1, Sum: 11.3]
         [Processed Buffers: Min: 0, Avg: 6.4, Max: 15, Diff: 15, Sum: 51]
      [Scan RS (ms): Min: 13.9, Avg: 15.8, Max: 17.1, Diff: 3.2, Sum: 126.1]
      [Code Root Scanning (ms): Min: 0.0, Avg: 0.4, Max: 3.0, Diff: 3.0, Sum: 3.2]
      [Object Copy (ms): Min: 35.1, Avg: 36.3, Max: 36.8, Diff: 1.7, Sum: 290.6]
      [Termination (ms): Min: 0.0, Avg: 0.0, Max: 0.0, Diff: 0.0, Sum: 0.0]
         [Termination Attempts: Min: 1, Avg: 4.6, Max: 9, Diff: 8, Sum: 37]
      [GC Worker Other (ms): Min: 0.0, Avg: 0.1, Max: 0.1, Diff: 0.1, Sum: 0.4]
      [GC Worker Total (ms): Min: 56.2, Avg: 56.2, Max: 56.4, Diff: 0.2, Sum: 450.0]
      [GC Worker End (ms): Min: 238805325.9, Avg: 238805325.9, Max: 238805326.0, Diff: 0.1]
   [Code Root Fixup: 0.1 ms]
   [Code Root Purge: 0.0 ms]
   [Clear CT: 0.9 ms]
   [Other: 2.8 ms]
      [Choose CSet: 0.1 ms]
      [Ref Proc: 1.6 ms]
      [Ref Enq: 0.1 ms]
      [Redirty Cards: 0.3 ms]
      [Humongous Register: 0.1 ms]
      [Humongous Reclaim: 0.0 ms]
      [Free CSet: 0.4 ms]
   [Eden: 5712.0M(5712.0M)->0.0B(7152.0M) Survivors: 16384.0K->16384.0K Heap: 9427.9M(14336.0M)->3404.0M(14336.0M)]
 [Times: user=0.45 sys=0.00, real=0.06 secs] 
2022-07-24T15:32:24.834-0700: 238916.339: [GC pause (G1 Evacuation Pause) (young), 0.0197606 secs]
   [Parallel Time: 16.7 ms, GC Workers: 8]
      [GC Worker Start (ms): Min: 238916339.2, Avg: 238916339.3, Max: 238916339.4, Diff: 0.2]
      [Ext Root Scanning (ms): Min: 1.2, Avg: 1.9, Max: 5.4, Diff: 4.2, Sum: 15.4]
      [Update RS (ms): Min: 6.0, Avg: 9.0, Max: 9.8, Diff: 3.8, Sum: 71.7]
         [Processed Buffers: Min: 19, Avg: 24.6, Max: 34, Diff: 15, Sum: 197]
      [Scan RS (ms): Min: 0.1, Avg: 0.3, Max: 0.4, Diff: 0.4, Sum: 2.1]
      [Code Root Scanning (ms): Min: 0.0, Avg: 0.0, Max: 0.0, Diff: 0.0, Sum: 0.0]
      [Object Copy (ms): Min: 4.7, Avg: 5.1, Max: 5.4, Diff: 0.7, Sum: 41.0]
      [Termination (ms): Min: 0.0, Avg: 0.3, Max: 0.8, Diff: 0.8, Sum: 2.3]
         [Termination Attempts: Min: 1, Avg: 1.0, Max: 1, Diff: 0, Sum: 8]
      [GC Worker Other (ms): Min: 0.0, Avg: 0.0, Max: 0.0, Diff: 0.0, Sum: 0.1]
      [GC Worker Total (ms): Min: 16.5, Avg: 16.6, Max: 16.7, Diff: 0.2, Sum: 132.7]
      [GC Worker End (ms): Min: 238916355.9, Avg: 238916355.9, Max: 238916355.9, Diff: 0.0]
   [Code Root Fixup: 0.0 ms]
   [Code Root Purge: 0.0 ms]
   [Clear CT: 0.8 ms]
   [Other: 2.2 ms]
      [Choose CSet: 0.0 ms]
      [Ref Proc: 1.5 ms]
      [Ref Enq: 0.1 ms]
      [Redirty Cards: 0.1 ms]
      [Humongous Register: 0.1 ms]
      [Humongous Reclaim: 0.0 ms]
      [Free CSet: 0.3 ms]
   [Eden: 7152.0M(7152.0M)->0.0B(7152.0M) Survivors: 16384.0K->16384.0K Heap: 10556.0M(14336.0M)->3474.0M(14336.0M)]
 [Times: user=0.11 sys=0.00, real=0.02 secs] 
2022-07-24T15:34:15.828-0700: 239027.332: [GC pause (G1 Evacuation Pause) (young) (initial-mark), 0.0165658 secs]
   [Parallel Time: 11.6 ms, GC Workers: 8]
      [GC Worker Start (ms): Min: 239027334.7, Avg: 239027334.7, Max: 239027334.8, Diff: 0.1]
      [Ext Root Scanning (ms): Min: 5.1, Avg: 5.5, Max: 5.9, Diff: 0.8, Sum: 44.0]
      [Update RS (ms): Min: 2.0, Avg: 2.1, Max: 2.4, Diff: 0.4, Sum: 17.1]
         [Processed Buffers: Min: 4, Avg: 7.9, Max: 15, Diff: 11, Sum: 63]
      [Scan RS (ms): Min: 0.0, Avg: 0.1, Max: 0.1, Diff: 0.1, Sum: 0.4]
      [Code Root Scanning (ms): Min: 0.0, Avg: 0.0, Max: 0.0, Diff: 0.0, Sum: 0.0]
      [Object Copy (ms): Min: 1.1, Avg: 1.5, Max: 1.9, Diff: 0.8, Sum: 12.2]
      [Termination (ms): Min: 0.0, Avg: 0.0, Max: 0.0, Diff: 0.0, Sum: 0.1]
         [Termination Attempts: Min: 28, Avg: 35.1, Max: 39, Diff: 11, Sum: 281]
      [GC Worker Other (ms): Min: 0.0, Avg: 0.1, Max: 0.1, Diff: 0.1, Sum: 0.4]
      [GC Worker Total (ms): Min: 9.2, Avg: 9.3, Max: 9.4, Diff: 0.2, Sum: 74.3]
      [GC Worker End (ms): Min: 239027344.0, Avg: 239027344.0, Max: 239027344.1, Diff: 0.1]
   [Code Root Fixup: 0.0 ms]
   [Code Root Purge: 0.0 ms]
   [Clear CT: 0.7 ms]
   [Other: 4.2 ms]
      [Choose CSet: 0.0 ms]
      [Ref Proc: 3.5 ms]
      [Ref Enq: 0.1 ms]
      [Redirty Cards: 0.1 ms]
      [Humongous Register: 0.0 ms]
      [Humongous Reclaim: 0.0 ms]
      [Free CSet: 0.3 ms]
   [Eden: 7152.0M(7152.0M)->0.0B(7152.0M) Survivors: 16384.0K->16384.0K Heap: 10626.0M(14336.0M)->3490.5M(14336.0M)]
 [Times: user=0.08 sys=0.00, real=0.02 secs] 
2022-07-24T15:34:15.844-0700: 239027.349: [GC concurrent-root-region-scan-start]
2022-07-24T15:34:15.852-0700: 239027.357: [GC concurrent-root-region-scan-end, 0.0082325 secs]
2022-07-24T15:34:15.852-0700: 239027.357: [GC concurrent-mark-start]
2022-07-24T15:34:18.425-0700: 239029.930: [GC concurrent-mark-end, 2.5727566 secs]
2022-07-24T15:34:18.426-0700: 239029.930: [GC remark 2022-07-24T15:34:18.426-0700: 239029.930: [Finalize Marking, 0.0002392 secs] 2022-07-24T15:34:18.426-0700: 239029.931: [GC ref-proc, 0.0077428 secs] 2022-07-24T15:34:18.434-0700: 239029.938: [Unloading, 0.0288213 secs], 0.0422729 secs]
 [Times: user=0.25 sys=0.00, real=0.04 secs] 
2022-07-24T15:34:18.468-0700: 239029.973: [GC cleanup 3658M->3642M(14336M), 0.0080911 secs]
 [Times: user=0.06 sys=0.00, real=0.01 secs] 
2022-07-24T15:34:18.476-0700: 239029.981: [GC concurrent-cleanup-start]
2022-07-24T15:34:18.476-0700: 239029.981: [GC concurrent-cleanup-end, 0.0000142 secs]
2022-07-24T15:36:09.123-0700: 239140.627: [GC pause (G1 Evacuation Pause) (young), 0.0105720 secs]
   [Parallel Time: 5.3 ms, GC Workers: 8]
      [GC Worker Start (ms): Min: 239140627.5, Avg: 239140627.6, Max: 239140627.6, Diff: 0.2]
      [Ext Root Scanning (ms): Min: 1.1, Avg: 1.8, Max: 5.1, Diff: 4.0, Sum: 14.4]
      [Update RS (ms): Min: 0.0, Avg: 1.0, Max: 1.5, Diff: 1.5, Sum: 8.1]
         [Processed Buffers: Min: 0, Avg: 5.1, Max: 12, Diff: 12, Sum: 41]
      [Scan RS (ms): Min: 0.0, Avg: 0.1, Max: 0.1, Diff: 0.1, Sum: 0.4]
      [Code Root Scanning (ms): Min: 0.0, Avg: 0.0, Max: 0.0, Diff: 0.0, Sum: 0.0]
      [Object Copy (ms): Min: 0.0, Avg: 1.2, Max: 1.5, Diff: 1.5, Sum: 9.4]
      [Termination (ms): Min: 0.0, Avg: 0.9, Max: 1.1, Diff: 1.1, Sum: 7.6]
         [Termination Attempts: Min: 1, Avg: 5.1, Max: 7, Diff: 6, Sum: 41]
      [GC Worker Other (ms): Min: 0.0, Avg: 0.0, Max: 0.0, Diff: 0.0, Sum: 0.1]
      [GC Worker Total (ms): Min: 4.9, Avg: 5.0, Max: 5.1, Diff: 0.1, Sum: 40.0]
      [GC Worker End (ms): Min: 239140632.6, Avg: 239140632.6, Max: 239140632.6, Diff: 0.0]
   [Code Root Fixup: 0.0 ms]
   [Code Root Purge: 0.0 ms]
   [Clear CT: 0.7 ms]
   [Other: 4.6 ms]
      [Choose CSet: 0.0 ms]
      [Ref Proc: 3.8 ms]
      [Ref Enq: 0.2 ms]
      [Redirty Cards: 0.1 ms]
      [Humongous Register: 0.1 ms]
      [Humongous Reclaim: 0.0 ms]
      [Free CSet: 0.3 ms]
   [Eden: 7152.0M(7152.0M)->0.0B(5712.0M) Survivors: 16384.0K->16384.0K Heap: 10626.5M(14336.0M)->3477.2M(14336.0M)]
 [Times: user=0.05 sys=0.00, real=0.01 secs] 
2022-07-24T15:37:39.812-0700: 239231.317: [GC pause (G1 Evacuation Pause) (mixed), 0.0151778 secs]
   [Parallel Time: 9.6 ms, GC Workers: 8]
      [GC Worker Start (ms): Min: 239231317.0, Avg: 239231317.1, Max: 239231317.2, Diff: 0.1]
      [Ext Root Scanning (ms): Min: 1.4, Avg: 2.3, Max: 6.6, Diff: 5.2, Sum: 18.4]
      [Update RS (ms): Min: 0.0, Avg: 1.1, Max: 1.8, Diff: 1.8, Sum: 9.0]
         [Processed Buffers: Min: 0, Avg: 5.0, Max: 9, Diff: 9, Sum: 40]
      [Scan RS (ms): Min: 0.0, Avg: 1.2, Max: 1.6, Diff: 1.6, Sum: 9.5]
      [Code Root Scanning (ms): Min: 0.0, Avg: 0.0, Max: 0.0, Diff: 0.0, Sum: 0.0]
      [Object Copy (ms): Min: 2.7, Avg: 4.7, Max: 5.1, Diff: 2.3, Sum: 37.3]
      [Termination (ms): Min: 0.0, Avg: 0.0, Max: 0.0, Diff: 0.0, Sum: 0.0]
         [Termination Attempts: Min: 1, Avg: 1.2, Max: 2, Diff: 1, Sum: 10]
      [GC Worker Other (ms): Min: 0.0, Avg: 0.1, Max: 0.2, Diff: 0.2, Sum: 0.8]
      [GC Worker Total (ms): Min: 9.3, Avg: 9.4, Max: 9.5, Diff: 0.2, Sum: 75.0]
      [GC Worker End (ms): Min: 239231326.4, Avg: 239231326.5, Max: 239231326.6, Diff: 0.2]
   [Code Root Fixup: 0.0 ms]
   [Code Root Purge: 0.0 ms]
   [Clear CT: 0.8 ms]
   [Other: 4.8 ms]
      [Choose CSet: 0.0 ms]
      [Ref Proc: 4.0 ms]
      [Ref Enq: 0.1 ms]
      [Redirty Cards: 0.2 ms]
      [Humongous Register: 0.1 ms]
      [Humongous Reclaim: 0.0 ms]
      [Free CSet: 0.2 ms]
   [Eden: 5712.0M(5712.0M)->0.0B(7152.0M) Survivors: 16384.0K->16384.0K Heap: 9189.2M(14336.0M)->3392.9M(14336.0M)]
 [Times: user=0.08 sys=0.00, real=0.02 secs] 
2022-07-24T15:39:29.316-0700: 239340.821: [GC pause (GCLocker Initiated GC) (young), 0.0114427 secs]
   [Parallel Time: 7.8 ms, GC Workers: 8]
      [GC Worker Start (ms): Min: 239340821.1, Avg: 239340821.2, Max: 239340821.3, Diff: 0.2]
      [Ext Root Scanning (ms): Min: 1.1, Avg: 1.9, Max: 5.4, Diff: 4.4, Sum: 14.9]
      [Update RS (ms): Min: 0.5, Avg: 3.7, Max: 4.4, Diff: 3.8, Sum: 29.5]
         [Processed Buffers: Min: 2, Avg: 12.2, Max: 21, Diff: 19, Sum: 98]
      [Scan RS (ms): Min: 0.0, Avg: 0.0, Max: 0.1, Diff: 0.1, Sum: 0.4]
      [Code Root Scanning (ms): Min: 0.0, Avg: 0.0, Max: 0.0, Diff: 0.0, Sum: 0.0]
      [Object Copy (ms): Min: 1.6, Avg: 1.9, Max: 2.0, Diff: 0.4, Sum: 15.2]
      [Termination (ms): Min: 0.0, Avg: 0.0, Max: 0.0, Diff: 0.0, Sum: 0.2]
         [Termination Attempts: Min: 1, Avg: 1.0, Max: 1, Diff: 0, Sum: 8]
      [GC Worker Other (ms): Min: 0.0, Avg: 0.0, Max: 0.1, Diff: 0.0, Sum: 0.2]
      [GC Worker Total (ms): Min: 7.4, Avg: 7.6, Max: 7.6, Diff: 0.2, Sum: 60.5]
      [GC Worker End (ms): Min: 239340828.7, Avg: 239340828.7, Max: 239340828.8, Diff: 0.0]
   [Code Root Fixup: 0.0 ms]
   [Code Root Purge: 0.0 ms]
   [Clear CT: 0.7 ms]
   [Other: 2.9 ms]
      [Choose CSet: 0.0 ms]
      [Ref Proc: 2.1 ms]
      [Ref Enq: 0.1 ms]
      [Redirty Cards: 0.1 ms]
      [Humongous Register: 0.0 ms]
      [Humongous Reclaim: 0.0 ms]
      [Free CSet: 0.3 ms]
   [Eden: 7168.0M(7152.0M)->0.0B(7152.0M) Survivors: 16384.0K->16384.0K Heap: 10552.9M(14336.0M)->3405.9M(14336.0M)]
 [Times: user=0.07 sys=0.00, real=0.01 secs] 
2022-07-24T15:41:21.365-0700: 239452.870: [GC pause (GCLocker Initiated GC) (young) (initial-mark), 0.0196234 secs]
   [Parallel Time: 14.5 ms, GC Workers: 8]
      [GC Worker Start (ms): Min: 239452872.3, Avg: 239452872.4, Max: 239452872.5, Diff: 0.1]
      [Ext Root Scanning (ms): Min: 5.6, Avg: 6.0, Max: 6.4, Diff: 0.9, Sum: 47.8]
      [Update RS (ms): Min: 0.5, Avg: 1.0, Max: 1.3, Diff: 0.8, Sum: 8.0]
         [Processed Buffers: Min: 2, Avg: 4.9, Max: 10, Diff: 8, Sum: 39]
      [Scan RS (ms): Min: 0.0, Avg: 0.1, Max: 0.1, Diff: 0.1, Sum: 0.4]
      [Code Root Scanning (ms): Min: 0.0, Avg: 0.0, Max: 0.0, Diff: 0.0, Sum: 0.0]
      [Object Copy (ms): Min: 4.2, Avg: 4.8, Max: 5.3, Diff: 1.1, Sum: 38.6]
      [Termination (ms): Min: 0.0, Avg: 0.3, Max: 0.4, Diff: 0.4, Sum: 2.5]
         [Termination Attempts: Min: 1, Avg: 1.2, Max: 2, Diff: 1, Sum: 10]
      [GC Worker Other (ms): Min: 0.0, Avg: 0.0, Max: 0.1, Diff: 0.0, Sum: 0.2]
      [GC Worker Total (ms): Min: 12.1, Avg: 12.2, Max: 12.3, Diff: 0.2, Sum: 97.5]
      [GC Worker End (ms): Min: 239452884.6, Avg: 239452884.6, Max: 239452884.6, Diff: 0.0]
   [Code Root Fixup: 0.0 ms]
   [Code Root Purge: 0.0 ms]
   [Clear CT: 0.8 ms]
   [Other: 4.3 ms]
      [Choose CSet: 0.0 ms]
      [Ref Proc: 3.6 ms]
      [Ref Enq: 0.1 ms]
      [Redirty Cards: 0.1 ms]
      [Humongous Register: 0.0 ms]
      [Humongous Reclaim: 0.0 ms]
      [Free CSet: 0.3 ms]
   [Eden: 7168.0M(7152.0M)->0.0B(7152.0M) Survivors: 16384.0K->16384.0K Heap: 10565.9M(14336.0M)->3412.3M(14336.0M)]
 [Times: user=0.08 sys=0.00, real=0.02 secs] 
2022-07-24T15:41:21.385-0700: 239452.890: [GC concurrent-root-region-scan-start]
2022-07-24T15:41:21.394-0700: 239452.898: [GC concurrent-root-region-scan-end, 0.0084412 secs]
2022-07-24T15:41:21.394-0700: 239452.898: [GC concurrent-mark-start]
2022-07-24T15:41:24.043-0700: 239455.548: [GC concurrent-mark-end, 2.6494269 secs]
2022-07-24T15:41:24.044-0700: 239455.548: [GC remark 2022-07-24T15:41:24.044-0700: 239455.548: [Finalize Marking, 0.0004228 secs] 2022-07-24T15:41:24.044-0700: 239455.549: [GC ref-proc, 0.0074172 secs] 2022-07-24T15:41:24.051-0700: 239455.556: [Unloading, 0.0268693 secs], 0.0402207 secs]
 [Times: user=0.25 sys=0.00, real=0.04 secs] 
2022-07-24T15:41:24.084-0700: 239455.589: [GC cleanup 3580M->3580M(14336M), 0.0080536 secs]
 [Times: user=0.06 sys=0.00, real=0.00 secs] 
2022-07-24T15:43:15.827-0700: 239567.332: [GC pause (G1 Evacuation Pause) (young), 0.0117411 secs]
   [Parallel Time: 6.2 ms, GC Workers: 8]
      [GC Worker Start (ms): Min: 239567331.9, Avg: 239567331.9, Max: 239567332.0, Diff: 0.1]
      [Ext Root Scanning (ms): Min: 1.2, Avg: 2.0, Max: 5.8, Diff: 4.6, Sum: 16.0]
      [Update RS (ms): Min: 0.0, Avg: 1.5, Max: 2.1, Diff: 2.1, Sum: 12.3]
         [Processed Buffers: Min: 0, Avg: 8.2, Max: 19, Diff: 19, Sum: 66]
      [Scan RS (ms): Min: 0.0, Avg: 0.1, Max: 0.1, Diff: 0.1, Sum: 0.4]
      [Code Root Scanning (ms): Min: 0.0, Avg: 0.0, Max: 0.0, Diff: 0.0, Sum: 0.0]
      [Object Copy (ms): Min: 0.0, Avg: 1.8, Max: 2.2, Diff: 2.2, Sum: 14.2]
      [Termination (ms): Min: 0.0, Avg: 0.4, Max: 0.5, Diff: 0.5, Sum: 3.2]
         [Termination Attempts: Min: 1, Avg: 20.9, Max: 30, Diff: 29, Sum: 167]
      [GC Worker Other (ms): Min: 0.0, Avg: 0.0, Max: 0.1, Diff: 0.0, Sum: 0.2]
      [GC Worker Total (ms): Min: 5.7, Avg: 5.8, Max: 5.9, Diff: 0.1, Sum: 46.4]
      [GC Worker End (ms): Min: 239567337.7, Avg: 239567337.7, Max: 239567337.8, Diff: 0.1]
   [Code Root Fixup: 0.0 ms]
   [Code Root Purge: 0.0 ms]
   [Clear CT: 0.6 ms]
   [Other: 4.9 ms]
      [Choose CSet: 0.0 ms]
      [Ref Proc: 4.1 ms]
      [Ref Enq: 0.1 ms]
      [Redirty Cards: 0.1 ms]
      [Humongous Register: 0.1 ms]
      [Humongous Reclaim: 0.0 ms]
      [Free CSet: 0.3 ms]
   [Eden: 7152.0M(7152.0M)->0.0B(5712.0M) Survivors: 16384.0K->16384.0K Heap: 10564.3M(14336.0M)->3413.0M(14336.0M)]
 [Times: user=0.06 sys=0.00, real=0.02 secs] 
2022-07-24T15:44:48.114-0700: 239659.618: [GC pause (G1 Evacuation Pause) (mixed), 0.0340498 secs]
   [Parallel Time: 27.8 ms, GC Workers: 8]
      [GC Worker Start (ms): Min: 239659618.6, Avg: 239659618.7, Max: 239659618.8, Diff: 0.1]
      [Ext Root Scanning (ms): Min: 1.4, Avg: 2.3, Max: 6.8, Diff: 5.4, Sum: 18.7]
      [Update RS (ms): Min: 0.0, Avg: 1.4, Max: 2.1, Diff: 2.1, Sum: 11.3]
         [Processed Buffers: Min: 0, Avg: 4.9, Max: 11, Diff: 11, Sum: 39]
      [Scan RS (ms): Min: 0.0, Avg: 1.5, Max: 1.8, Diff: 1.8, Sum: 11.8]
      [Code Root Scanning (ms): Min: 0.0, Avg: 0.0, Max: 0.0, Diff: 0.0, Sum: 0.0]
      [Object Copy (ms): Min: 20.7, Avg: 22.1, Max: 22.5, Diff: 1.8, Sum: 176.5]
      [Termination (ms): Min: 0.0, Avg: 0.3, Max: 0.5, Diff: 0.5, Sum: 2.6]
         [Termination Attempts: Min: 1, Avg: 1.0, Max: 1, Diff: 0, Sum: 8]
      [GC Worker Other (ms): Min: 0.0, Avg: 0.0, Max: 0.0, Diff: 0.0, Sum: 0.1]
      [GC Worker Total (ms): Min: 27.6, Avg: 27.6, Max: 27.7, Diff: 0.1, Sum: 221.1]
      [GC Worker End (ms): Min: 239659646.3, Avg: 239659646.3, Max: 239659646.4, Diff: 0.0]
   [Code Root Fixup: 0.0 ms]
   [Code Root Purge: 0.0 ms]
   [Clear CT: 0.8 ms]
   [Other: 5.5 ms]
      [Choose CSet: 0.0 ms]
      [Ref Proc: 4.5 ms]
      [Ref Enq: 0.1 ms]
      [Redirty Cards: 0.1 ms]
      [Humongous Register: 0.0 ms]
      [Humongous Reclaim: 0.0 ms]
      [Free CSet: 0.3 ms]
   [Eden: 5712.0M(5712.0M)->0.0B(7152.0M) Survivors: 16384.0K->16384.0K Heap: 9125.0M(14336.0M)->3392.3M(14336.0M)]
 [Times: user=0.11 sys=0.00, real=0.04 secs] 
2022-07-24T15:46:43.069-0700: 239774.574: [GC pause (G1 Evacuation Pause) (young), 0.0133084 secs]
   [Parallel Time: 9.1 ms, GC Workers: 8]
      [GC Worker Start (ms): Min: 239774574.2, Avg: 239774574.2, Max: 239774574.3, Diff: 0.1]
      [Ext Root Scanning (ms): Min: 1.2, Avg: 2.0, Max: 5.2, Diff: 3.9, Sum: 15.9]
      [Update RS (ms): Min: 0.0, Avg: 3.7, Max: 5.0, Diff: 5.0, Sum: 29.3]
         [Processed Buffers: Min: 0, Avg: 12.9, Max: 22, Diff: 22, Sum: 103]
      [Scan RS (ms): Min: 0.0, Avg: 0.1, Max: 0.1, Diff: 0.1, Sum: 0.4]
      [Code Root Scanning (ms): Min: 0.0, Avg: 0.0, Max: 0.0, Diff: 0.0, Sum: 0.0]
      [Object Copy (ms): Min: 1.8, Avg: 2.9, Max: 7.2, Diff: 5.4, Sum: 22.9]
      [Termination (ms): Min: 0.0, Avg: 0.2, Max: 0.3, Diff: 0.3, Sum: 1.4]
         [Termination Attempts: Min: 1, Avg: 2.6, Max: 7, Diff: 6, Sum: 21]
      [GC Worker Other (ms): Min: 0.0, Avg: 0.0, Max: 0.0, Diff: 0.0, Sum: 0.2]
      [GC Worker Total (ms): Min: 8.7, Avg: 8.8, Max: 8.8, Diff: 0.1, Sum: 70.1]
      [GC Worker End (ms): Min: 239774583.0, Avg: 239774583.0, Max: 239774583.0, Diff: 0.0]
   [Code Root Fixup: 0.0 ms]
   [Code Root Purge: 0.0 ms]
   [Clear CT: 0.7 ms]
   [Other: 3.5 ms]
      [Choose CSet: 0.0 ms]
      [Ref Proc: 2.7 ms]
      [Ref Enq: 0.1 ms]
      [Redirty Cards: 0.1 ms]
      [Humongous Register: 0.1 ms]
      [Humongous Reclaim: 0.0 ms]
      [Free CSet: 0.2 ms]
   [Eden: 7152.0M(7152.0M)->0.0B(7152.0M) Survivors: 16384.0K->16384.0K Heap: 10544.3M(14336.0M)->3400.9M(14336.0M)]
 [Times: user=0.07 sys=0.00, real=0.02 secs] 
2022-07-24T15:48:36.669-0700: 239888.173: [GC pause (G1 Evacuation Pause) (young) (initial-mark), 0.0201483 secs]
   [Parallel Time: 16.4 ms, GC Workers: 8]
      [GC Worker Start (ms): Min: 239888175.6, Avg: 239888175.6, Max: 239888175.7, Diff: 0.1]
      [Ext Root Scanning (ms): Min: 5.0, Avg: 5.6, Max: 6.9, Diff: 1.9, Sum: 44.7]
      [Update RS (ms): Min: 0.0, Avg: 1.0, Max: 1.6, Diff: 1.6, Sum: 7.7]
         [Processed Buffers: Min: 0, Avg: 5.2, Max: 12, Diff: 12, Sum: 42]
      [Scan RS (ms): Min: 0.0, Avg: 0.1, Max: 0.1, Diff: 0.1, Sum: 0.4]
      [Code Root Scanning (ms): Min: 0.0, Avg: 0.0, Max: 0.0, Diff: 0.0, Sum: 0.0]
      [Object Copy (ms): Min: 6.8, Avg: 7.2, Max: 7.9, Diff: 1.1, Sum: 58.0]
      [Termination (ms): Min: 0.0, Avg: 0.3, Max: 0.5, Diff: 0.5, Sum: 2.7]
         [Termination Attempts: Min: 1, Avg: 4.9, Max: 6, Diff: 5, Sum: 39]
      [GC Worker Other (ms): Min: 0.0, Avg: 0.0, Max: 0.0, Diff: 0.0, Sum: 0.2]
      [GC Worker Total (ms): Min: 14.2, Avg: 14.2, Max: 14.3, Diff: 0.1, Sum: 113.7]
      [GC Worker End (ms): Min: 239888189.8, Avg: 239888189.8, Max: 239888189.9, Diff: 0.0]
   [Code Root Fixup: 0.0 ms]
   [Code Root Purge: 0.0 ms]
   [Clear CT: 0.8 ms]
   [Other: 2.9 ms]
      [Choose CSet: 0.0 ms]
      [Ref Proc: 2.0 ms]
      [Ref Enq: 0.1 ms]
      [Redirty Cards: 0.1 ms]
      [Humongous Register: 0.0 ms]
      [Humongous Reclaim: 0.0 ms]
      [Free CSet: 0.3 ms]
   [Eden: 7152.0M(7152.0M)->0.0B(7152.0M) Survivors: 16384.0K->16384.0K Heap: 10552.9M(14336.0M)->3405.3M(14336.0M)]
 [Times: user=0.07 sys=0.02, real=0.02 secs] 
2022-07-24T15:48:36.689-0700: 239888.194: [GC concurrent-root-region-scan-start]
2022-07-24T15:48:36.698-0700: 239888.202: [GC concurrent-root-region-scan-end, 0.0086415 secs]
2022-07-24T15:48:36.698-0700: 239888.202: [GC concurrent-mark-start]
2022-07-24T15:48:39.328-0700: 239890.833: [GC concurrent-mark-end, 2.6302452 secs]
2022-07-24T15:48:39.328-0700: 239890.833: [GC remark 2022-07-24T15:48:39.328-0700: 239890.833: [Finalize Marking, 0.0002197 secs] 2022-07-24T15:48:39.328-0700: 239890.833: [GC ref-proc, 0.0063330 secs] 2022-07-24T15:48:39.335-0700: 239890.839: [Unloading, 0.0268102 secs], 0.0388267 secs]
 [Times: user=0.24 sys=0.00, real=0.04 secs] 
2022-07-24T15:48:39.367-0700: 239890.872: [GC cleanup 3607M->3607M(14336M), 0.0079711 secs]
 [Times: user=0.06 sys=0.00, real=0.01 secs] 
2022-07-24T15:50:31.665-0700: 240003.169: [GC pause (G1 Evacuation Pause) (young), 0.0158622 secs]
   [Parallel Time: 11.1 ms, GC Workers: 8]
      [GC Worker Start (ms): Min: 240003169.6, Avg: 240003169.7, Max: 240003169.8, Diff: 0.1]
      [Ext Root Scanning (ms): Min: 1.3, Avg: 2.1, Max: 5.6, Diff: 4.3, Sum: 16.6]
      [Update RS (ms): Min: 0.0, Avg: 1.0, Max: 1.7, Diff: 1.7, Sum: 8.3]
         [Processed Buffers: Min: 0, Avg: 5.2, Max: 12, Diff: 12, Sum: 42]
      [Scan RS (ms): Min: 0.0, Avg: 0.1, Max: 0.1, Diff: 0.1, Sum: 0.5]
      [Code Root Scanning (ms): Min: 0.0, Avg: 0.0, Max: 0.0, Diff: 0.0, Sum: 0.0]
      [Object Copy (ms): Min: 5.0, Avg: 7.5, Max: 8.1, Diff: 3.1, Sum: 60.3]
      [Termination (ms): Min: 0.0, Avg: 0.2, Max: 0.4, Diff: 0.4, Sum: 1.6]
         [Termination Attempts: Min: 1, Avg: 1.4, Max: 2, Diff: 1, Sum: 11]
      [GC Worker Other (ms): Min: 0.0, Avg: 0.0, Max: 0.0, Diff: 0.0, Sum: 0.1]
      [GC Worker Total (ms): Min: 10.8, Avg: 10.9, Max: 11.0, Diff: 0.1, Sum: 87.4]
      [GC Worker End (ms): Min: 240003180.6, Avg: 240003180.6, Max: 240003180.7, Diff: 0.0]
   [Code Root Fixup: 0.0 ms]
   [Code Root Purge: 0.0 ms]
   [Clear CT: 0.8 ms]
   [Other: 4.0 ms]
      [Choose CSet: 0.0 ms]
      [Ref Proc: 3.3 ms]
      [Ref Enq: 0.1 ms]
      [Redirty Cards: 0.1 ms]
      [Humongous Register: 0.1 ms]
      [Humongous Reclaim: 0.0 ms]
      [Free CSet: 0.3 ms]
   [Eden: 7152.0M(7152.0M)->0.0B(5712.0M) Survivors: 16384.0K->16384.0K Heap: 10557.3M(14336.0M)->3403.0M(14336.0M)]
 [Times: user=0.05 sys=0.00, real=0.01 secs] 
2022-07-24T15:52:01.115-0700: 240092.620: [GC pause (G1 Evacuation Pause) (mixed), 0.0161793 secs]
   [Parallel Time: 12.8 ms, GC Workers: 8]
      [GC Worker Start (ms): Min: 240092620.1, Avg: 240092620.1, Max: 240092620.2, Diff: 0.2]
      [Ext Root Scanning (ms): Min: 1.3, Avg: 2.1, Max: 6.1, Diff: 4.8, Sum: 17.0]
      [Update RS (ms): Min: 0.0, Avg: 1.1, Max: 1.7, Diff: 1.7, Sum: 9.1]
         [Processed Buffers: Min: 0, Avg: 5.1, Max: 12, Diff: 12, Sum: 41]
      [Scan RS (ms): Min: 1.9, Avg: 5.5, Max: 6.5, Diff: 4.6, Sum: 44.0]
      [Code Root Scanning (ms): Min: 0.0, Avg: 0.0, Max: 0.0, Diff: 0.0, Sum: 0.0]
      [Object Copy (ms): Min: 2.8, Avg: 3.7, Max: 7.7, Diff: 5.0, Sum: 29.9]
      [Termination (ms): Min: 0.0, Avg: 0.0, Max: 0.0, Diff: 0.0, Sum: 0.0]
         [Termination Attempts: Min: 4, Avg: 5.1, Max: 7, Diff: 3, Sum: 41]
      [GC Worker Other (ms): Min: 0.0, Avg: 0.1, Max: 0.1, Diff: 0.1, Sum: 0.4]
      [GC Worker Total (ms): Min: 12.5, Avg: 12.6, Max: 12.7, Diff: 0.2, Sum: 100.6]
      [GC Worker End (ms): Min: 240092632.7, Avg: 240092632.7, Max: 240092632.8, Diff: 0.1]
   [Code Root Fixup: 0.0 ms]
   [Code Root Purge: 0.0 ms]
   [Clear CT: 0.6 ms]
   [Other: 2.8 ms]
      [Choose CSet: 0.0 ms]
      [Ref Proc: 2.2 ms]
      [Ref Enq: 0.1 ms]
      [Redirty Cards: 0.1 ms]
      [Humongous Register: 0.0 ms]
      [Humongous Reclaim: 0.0 ms]
      [Free CSet: 0.2 ms]
   [Eden: 5712.0M(5712.0M)->0.0B(7152.0M) Survivors: 16384.0K->16384.0K Heap: 9115.0M(14336.0M)->3387.6M(14336.0M)]
 [Times: user=0.10 sys=0.00, real=0.01 secs] 
2022-07-24T15:53:52.662-0700: 240204.167: [GC pause (G1 Evacuation Pause) (young), 0.0163422 secs]
   [Parallel Time: 11.1 ms, GC Workers: 8]
      [GC Worker Start (ms): Min: 240204166.9, Avg: 240204167.0, Max: 240204167.1, Diff: 0.1]
      [Ext Root Scanning (ms): Min: 1.5, Avg: 2.2, Max: 5.3, Diff: 3.8, Sum: 17.7]
      [Update RS (ms): Min: 4.5, Avg: 7.1, Max: 8.7, Diff: 4.2, Sum: 57.0]
         [Processed Buffers: Min: 1, Avg: 23.1, Max: 30, Diff: 29, Sum: 185]
      [Scan RS (ms): Min: 0.0, Avg: 0.1, Max: 0.1, Diff: 0.1, Sum: 0.4]
      [Code Root Scanning (ms): Min: 0.0, Avg: 0.0, Max: 0.0, Diff: 0.0, Sum: 0.0]
      [Object Copy (ms): Min: 0.5, Avg: 1.2, Max: 1.5, Diff: 1.0, Sum: 9.7]
      [Termination (ms): Min: 0.0, Avg: 0.2, Max: 0.3, Diff: 0.3, Sum: 1.9]
         [Termination Attempts: Min: 1, Avg: 16.0, Max: 22, Diff: 21, Sum: 128]
      [GC Worker Other (ms): Min: 0.0, Avg: 0.0, Max: 0.0, Diff: 0.0, Sum: 0.1]
      [GC Worker Total (ms): Min: 10.8, Avg: 10.9, Max: 10.9, Diff: 0.1, Sum: 86.9]
      [GC Worker End (ms): Min: 240204177.9, Avg: 240204177.9, Max: 240204177.9, Diff: 0.0]
   [Code Root Fixup: 0.0 ms]
   [Code Root Purge: 0.0 ms]
   [Clear CT: 0.7 ms]
   [Other: 4.6 ms]
      [Choose CSet: 0.0 ms]
      [Ref Proc: 3.9 ms]
      [Ref Enq: 0.1 ms]
      [Redirty Cards: 0.1 ms]
      [Humongous Register: 0.1 ms]
      [Humongous Reclaim: 0.0 ms]
      [Free CSet: 0.3 ms]
   [Eden: 7152.0M(7152.0M)->0.0B(7152.0M) Survivors: 16384.0K->16384.0K Heap: 10539.6M(14336.0M)->3389.9M(14336.0M)]
 [Times: user=0.09 sys=0.00, real=0.02 secs] 
2022-07-24T15:55:46.064-0700: 240317.569: [GC pause (G1 Evacuation Pause) (young) (initial-mark), 0.0158140 secs]
   [Parallel Time: 11.1 ms, GC Workers: 8]
      [GC Worker Start (ms): Min: 240317571.5, Avg: 240317571.6, Max: 240317571.6, Diff: 0.1]
      [Ext Root Scanning (ms): Min: 5.6, Avg: 6.0, Max: 6.5, Diff: 0.9, Sum: 48.0]
      [Update RS (ms): Min: 0.7, Avg: 0.9, Max: 1.3, Diff: 0.6, Sum: 7.5]
         [Processed Buffers: Min: 2, Avg: 5.2, Max: 15, Diff: 13, Sum: 42]
      [Scan RS (ms): Min: 0.0, Avg: 0.1, Max: 0.1, Diff: 0.1, Sum: 0.5]
      [Code Root Scanning (ms): Min: 0.0, Avg: 0.0, Max: 0.0, Diff: 0.0, Sum: 0.0]
      [Object Copy (ms): Min: 0.9, Avg: 1.5, Max: 1.9, Diff: 1.0, Sum: 11.6]
      [Termination (ms): Min: 0.0, Avg: 0.0, Max: 0.0, Diff: 0.0, Sum: 0.1]
         [Termination Attempts: Min: 19, Avg: 25.6, Max: 31, Diff: 12, Sum: 205]
      [GC Worker Other (ms): Min: 0.0, Avg: 0.1, Max: 0.1, Diff: 0.1, Sum: 0.4]
      [GC Worker Total (ms): Min: 8.4, Avg: 8.5, Max: 8.6, Diff: 0.1, Sum: 68.1]
      [GC Worker End (ms): Min: 240317580.0, Avg: 240317580.1, Max: 240317580.1, Diff: 0.1]
   [Code Root Fixup: 0.0 ms]
   [Code Root Purge: 0.0 ms]
   [Clear CT: 0.7 ms]
   [Other: 4.0 ms]
      [Choose CSet: 0.0 ms]
      [Ref Proc: 3.3 ms]
      [Ref Enq: 0.1 ms]
      [Redirty Cards: 0.1 ms]
      [Humongous Register: 0.0 ms]
      [Humongous Reclaim: 0.0 ms]
      [Free CSet: 0.3 ms]
   [Eden: 7152.0M(7152.0M)->0.0B(7152.0M) Survivors: 16384.0K->16384.0K Heap: 10541.9M(14336.0M)->3388.6M(14336.0M)]
 [Times: user=0.06 sys=0.02, real=0.01 secs] 
2022-07-24T15:55:46.080-0700: 240317.585: [GC concurrent-root-region-scan-start]
2022-07-24T15:55:46.088-0700: 240317.593: [GC concurrent-root-region-scan-end, 0.0078640 secs]
2022-07-24T15:55:46.088-0700: 240317.593: [GC concurrent-mark-start]
2022-07-24T15:55:48.649-0700: 240320.154: [GC concurrent-mark-end, 2.5611324 secs]
2022-07-24T15:55:48.650-0700: 240320.155: [GC remark 2022-07-24T15:55:48.650-0700: 240320.155: [Finalize Marking, 0.0003625 secs] 2022-07-24T15:55:48.650-0700: 240320.155: [GC ref-proc, 0.0099027 secs] 2022-07-24T15:55:48.660-0700: 240320.165: [Unloading, 0.0264226 secs], 0.0422024 secs]
 [Times: user=0.25 sys=0.00, real=0.04 secs] 
2022-07-24T15:55:48.693-0700: 240320.197: [GC cleanup 3540M->3540M(14336M), 0.0086570 secs]
 [Times: user=0.06 sys=0.00, real=0.01 secs] 
2022-07-24T15:57:39.416-0700: 240430.921: [GC pause (G1 Evacuation Pause) (young), 0.0114087 secs]
   [Parallel Time: 5.9 ms, GC Workers: 8]
      [GC Worker Start (ms): Min: 240430920.9, Avg: 240430921.0, Max: 240430921.1, Diff: 0.1]
      [Ext Root Scanning (ms): Min: 1.5, Avg: 2.2, Max: 5.6, Diff: 4.1, Sum: 18.0]
      [Update RS (ms): Min: 0.0, Avg: 1.0, Max: 1.4, Diff: 1.4, Sum: 7.8]
         [Processed Buffers: Min: 0, Avg: 4.8, Max: 13, Diff: 13, Sum: 38]
      [Scan RS (ms): Min: 0.0, Avg: 0.1, Max: 0.1, Diff: 0.1, Sum: 0.4]
      [Code Root Scanning (ms): Min: 0.0, Avg: 0.0, Max: 0.0, Diff: 0.0, Sum: 0.0]
      [Object Copy (ms): Min: 0.0, Avg: 1.2, Max: 1.5, Diff: 1.5, Sum: 9.4]
      [Termination (ms): Min: 0.0, Avg: 1.1, Max: 1.2, Diff: 1.2, Sum: 8.6]
         [Termination Attempts: Min: 1, Avg: 15.6, Max: 24, Diff: 23, Sum: 125]
      [GC Worker Other (ms): Min: 0.0, Avg: 0.0, Max: 0.0, Diff: 0.0, Sum: 0.2]
      [GC Worker Total (ms): Min: 5.5, Avg: 5.5, Max: 5.6, Diff: 0.1, Sum: 44.4]
      [GC Worker End (ms): Min: 240430926.5, Avg: 240430926.5, Max: 240430926.6, Diff: 0.0]
   [Code Root Fixup: 0.0 ms]
   [Code Root Purge: 0.0 ms]
   [Clear CT: 0.6 ms]
   [Other: 4.8 ms]
      [Choose CSet: 0.0 ms]
      [Ref Proc: 4.2 ms]
      [Ref Enq: 0.1 ms]
      [Redirty Cards: 0.1 ms]
      [Humongous Register: 0.1 ms]
      [Humongous Reclaim: 0.0 ms]
      [Free CSet: 0.3 ms]
   [Eden: 7152.0M(7152.0M)->0.0B(5712.0M) Survivors: 16384.0K->16384.0K Heap: 10540.6M(14336.0M)->3389.0M(14336.0M)]
 [Times: user=0.06 sys=0.00, real=0.01 secs] 
2022-07-24T15:59:07.822-0700: 240519.327: [GC pause (G1 Evacuation Pause) (mixed), 0.0130498 secs]
   [Parallel Time: 7.8 ms, GC Workers: 8]
      [GC Worker Start (ms): Min: 240519326.8, Avg: 240519326.9, Max: 240519326.9, Diff: 0.1]
      [Ext Root Scanning (ms): Min: 1.1, Avg: 1.9, Max: 5.9, Diff: 4.8, Sum: 15.6]
      [Update RS (ms): Min: 0.0, Avg: 0.9, Max: 1.4, Diff: 1.4, Sum: 7.0]
         [Processed Buffers: Min: 0, Avg: 4.5, Max: 9, Diff: 9, Sum: 36]
      [Scan RS (ms): Min: 0.0, Avg: 1.9, Max: 2.3, Diff: 2.3, Sum: 15.3]
      [Code Root Scanning (ms): Min: 0.0, Avg: 0.0, Max: 0.0, Diff: 0.0, Sum: 0.0]
      [Object Copy (ms): Min: 1.4, Avg: 2.5, Max: 2.7, Diff: 1.4, Sum: 19.8]
      [Termination (ms): Min: 0.0, Avg: 0.1, Max: 0.1, Diff: 0.1, Sum: 0.4]
         [Termination Attempts: Min: 33, Avg: 35.0, Max: 39, Diff: 6, Sum: 280]
      [GC Worker Other (ms): Min: 0.0, Avg: 0.0, Max: 0.1, Diff: 0.1, Sum: 0.4]
      [GC Worker Total (ms): Min: 7.2, Avg: 7.3, Max: 7.4, Diff: 0.1, Sum: 58.4]
      [GC Worker End (ms): Min: 240519334.2, Avg: 240519334.2, Max: 240519334.2, Diff: 0.1]
   [Code Root Fixup: 0.0 ms]
   [Code Root Purge: 0.0 ms]
   [Clear CT: 0.8 ms]
   [Other: 4.5 ms]
      [Choose CSet: 0.0 ms]
      [Ref Proc: 3.9 ms]
      [Ref Enq: 0.1 ms]
      [Redirty Cards: 0.1 ms]
      [Humongous Register: 0.0 ms]
      [Humongous Reclaim: 0.0 ms]
      [Free CSet: 0.2 ms]
   [Eden: 5712.0M(5712.0M)->0.0B(7152.0M) Survivors: 16384.0K->16384.0K Heap: 9101.0M(14336.0M)->3377.9M(14336.0M)]
 [Times: user=0.07 sys=0.00, real=0.02 secs] 
2022-07-24T16:01:00.467-0700: 240631.972: [GC pause (G1 Evacuation Pause) (young), 0.0117849 secs]
   [Parallel Time: 6.8 ms, GC Workers: 8]
      [GC Worker Start (ms): Min: 240631972.2, Avg: 240631972.3, Max: 240631972.4, Diff: 0.2]
      [Ext Root Scanning (ms): Min: 1.3, Avg: 2.0, Max: 5.3, Diff: 4.0, Sum: 16.4]
      [Update RS (ms): Min: 0.3, Avg: 3.2, Max: 4.0, Diff: 3.7, Sum: 25.6]
         [Processed Buffers: Min: 2, Avg: 13.0, Max: 27, Diff: 25, Sum: 104]
      [Scan RS (ms): Min: 0.0, Avg: 0.1, Max: 0.1, Diff: 0.1, Sum: 0.5]
      [Code Root Scanning (ms): Min: 0.0, Avg: 0.0, Max: 0.0, Diff: 0.0, Sum: 0.0]
      [Object Copy (ms): Min: 0.8, Avg: 1.2, Max: 1.4, Diff: 0.6, Sum: 9.4]
      [Termination (ms): Min: 0.0, Avg: 0.0, Max: 0.0, Diff: 0.0, Sum: 0.0]
         [Termination Attempts: Min: 1, Avg: 1.0, Max: 1, Diff: 0, Sum: 8]
      [GC Worker Other (ms): Min: 0.0, Avg: 0.1, Max: 0.1, Diff: 0.1, Sum: 0.4]
      [GC Worker Total (ms): Min: 6.4, Avg: 6.5, Max: 6.7, Diff: 0.2, Sum: 52.3]
      [GC Worker End (ms): Min: 240631978.8, Avg: 240631978.8, Max: 240631978.8, Diff: 0.1]
   [Code Root Fixup: 0.0 ms]
   [Code Root Purge: 0.0 ms]
   [Clear CT: 0.7 ms]
   [Other: 4.3 ms]
      [Choose CSet: 0.0 ms]
      [Ref Proc: 3.4 ms]
      [Ref Enq: 0.3 ms]
      [Redirty Cards: 0.2 ms]
      [Humongous Register: 0.0 ms]
      [Humongous Reclaim: 0.0 ms]
      [Free CSet: 0.3 ms]
   [Eden: 7152.0M(7152.0M)->0.0B(7152.0M) Survivors: 16384.0K->16384.0K Heap: 10529.9M(14336.0M)->3379.0M(14336.0M)]
 [Times: user=0.06 sys=0.00, real=0.01 secs] 
2022-07-24T16:02:53.874-0700: 240745.379: [GC pause (G1 Evacuation Pause) (young) (initial-mark), 0.0159047 secs]
   [Parallel Time: 11.0 ms, GC Workers: 8]
      [GC Worker Start (ms): Min: 240745380.9, Avg: 240745381.0, Max: 240745381.1, Diff: 0.2]
      [Ext Root Scanning (ms): Min: 5.5, Avg: 5.9, Max: 6.5, Diff: 0.9, Sum: 47.5]
      [Update RS (ms): Min: 0.8, Avg: 1.0, Max: 1.2, Diff: 0.4, Sum: 7.9]
         [Processed Buffers: Min: 2, Avg: 5.1, Max: 16, Diff: 14, Sum: 41]
      [Scan RS (ms): Min: 0.0, Avg: 0.1, Max: 0.1, Diff: 0.1, Sum: 0.4]
      [Code Root Scanning (ms): Min: 0.0, Avg: 0.0, Max: 0.0, Diff: 0.0, Sum: 0.0]
      [Object Copy (ms): Min: 1.2, Avg: 1.9, Max: 2.3, Diff: 1.1, Sum: 14.9]
      [Termination (ms): Min: 0.0, Avg: 0.0, Max: 0.0, Diff: 0.0, Sum: 0.0]
         [Termination Attempts: Min: 5, Avg: 8.1, Max: 11, Diff: 6, Sum: 65]
      [GC Worker Other (ms): Min: 0.0, Avg: 0.1, Max: 0.1, Diff: 0.1, Sum: 0.5]
      [GC Worker Total (ms): Min: 8.8, Avg: 8.9, Max: 9.0, Diff: 0.2, Sum: 71.2]
      [GC Worker End (ms): Min: 240745389.9, Avg: 240745389.9, Max: 240745390.0, Diff: 0.1]
   [Code Root Fixup: 0.0 ms]
   [Code Root Purge: 0.0 ms]
   [Clear CT: 0.7 ms]
   [Other: 4.2 ms]
      [Choose CSet: 0.0 ms]
      [Ref Proc: 3.5 ms]
      [Ref Enq: 0.1 ms]
      [Redirty Cards: 0.1 ms]
      [Humongous Register: 0.0 ms]
      [Humongous Reclaim: 0.0 ms]
      [Free CSet: 0.3 ms]
   [Eden: 7152.0M(7152.0M)->0.0B(7152.0M) Survivors: 16384.0K->16384.0K Heap: 10531.0M(14336.0M)->3381.9M(14336.0M)]
 [Times: user=0.08 sys=0.00, real=0.02 secs] 
2022-07-24T16:02:53.890-0700: 240745.395: [GC concurrent-root-region-scan-start]
2022-07-24T16:02:53.899-0700: 240745.404: [GC concurrent-root-region-scan-end, 0.0087307 secs]
2022-07-24T16:02:53.899-0700: 240745.404: [GC concurrent-mark-start]
2022-07-24T16:02:56.487-0700: 240747.992: [GC concurrent-mark-end, 2.5884780 secs]
2022-07-24T16:02:56.488-0700: 240747.993: [GC remark 2022-07-24T16:02:56.488-0700: 240747.993: [Finalize Marking, 0.0003375 secs] 2022-07-24T16:02:56.488-0700: 240747.993: [GC ref-proc, 0.0071677 secs] 2022-07-24T16:02:56.495-0700: 240748.000: [Unloading, 0.0268191 secs], 0.0397226 secs]
 [Times: user=0.25 sys=0.00, real=0.04 secs] 
2022-07-24T16:02:56.528-0700: 240748.033: [GC cleanup 3557M->3557M(14336M), 0.0078564 secs]
 [Times: user=0.06 sys=0.00, real=0.01 secs] 
2022-07-24T16:04:48.166-0700: 240859.670: [GC pause (G1 Evacuation Pause) (young), 0.0132667 secs]
   [Parallel Time: 7.1 ms, GC Workers: 8]
      [GC Worker Start (ms): Min: 240859670.6, Avg: 240859670.7, Max: 240859670.8, Diff: 0.1]
      [Ext Root Scanning (ms): Min: 1.4, Avg: 2.3, Max: 6.3, Diff: 4.9, Sum: 18.1]
      [Update RS (ms): Min: 0.0, Avg: 1.2, Max: 1.9, Diff: 1.9, Sum: 9.9]
         [Processed Buffers: Min: 0, Avg: 5.2, Max: 15, Diff: 15, Sum: 42]
      [Scan RS (ms): Min: 0.0, Avg: 0.1, Max: 0.2, Diff: 0.1, Sum: 0.6]
      [Code Root Scanning (ms): Min: 0.0, Avg: 0.0, Max: 0.0, Diff: 0.0, Sum: 0.0]
      [Object Copy (ms): Min: 0.4, Avg: 3.1, Max: 3.7, Diff: 3.3, Sum: 24.9]
      [Termination (ms): Min: 0.0, Avg: 0.0, Max: 0.0, Diff: 0.0, Sum: 0.0]
         [Termination Attempts: Min: 1, Avg: 1.0, Max: 1, Diff: 0, Sum: 8]
      [GC Worker Other (ms): Min: 0.0, Avg: 0.0, Max: 0.1, Diff: 0.1, Sum: 0.4]
      [GC Worker Total (ms): Min: 6.7, Avg: 6.8, Max: 6.8, Diff: 0.2, Sum: 54.0]
      [GC Worker End (ms): Min: 240859677.4, Avg: 240859677.5, Max: 240859677.5, Diff: 0.1]
   [Code Root Fixup: 0.0 ms]
   [Code Root Purge: 0.0 ms]
   [Clear CT: 0.8 ms]
   [Other: 5.4 ms]
      [Choose CSet: 0.0 ms]
      [Ref Proc: 4.6 ms]
      [Ref Enq: 0.1 ms]
      [Redirty Cards: 0.1 ms]
      [Humongous Register: 0.1 ms]
      [Humongous Reclaim: 0.0 ms]
      [Free CSet: 0.3 ms]
   [Eden: 7152.0M(7152.0M)->0.0B(7152.0M) Survivors: 16384.0K->16384.0K Heap: 10533.9M(14336.0M)->3386.4M(14336.0M)]
 [Times: user=0.07 sys=0.00, real=0.01 secs] 
2022-07-24T16:06:43.171-0700: 240974.676: [GC pause (G1 Evacuation Pause) (young), 0.0108678 secs]
   [Parallel Time: 5.9 ms, GC Workers: 8]
      [GC Worker Start (ms): Min: 240974675.9, Avg: 240974676.0, Max: 240974676.1, Diff: 0.1]
      [Ext Root Scanning (ms): Min: 1.4, Avg: 2.1, Max: 5.6, Diff: 4.3, Sum: 16.9]
      [Update RS (ms): Min: 0.0, Avg: 1.0, Max: 1.4, Diff: 1.4, Sum: 8.0]
         [Processed Buffers: Min: 0, Avg: 5.1, Max: 13, Diff: 13, Sum: 41]
      [Scan RS (ms): Min: 0.0, Avg: 0.1, Max: 0.1, Diff: 0.1, Sum: 0.4]
      [Code Root Scanning (ms): Min: 0.0, Avg: 0.0, Max: 0.0, Diff: 0.0, Sum: 0.0]
      [Object Copy (ms): Min: 0.0, Avg: 2.4, Max: 2.9, Diff: 2.9, Sum: 18.9]
      [Termination (ms): Min: 0.0, Avg: 0.0, Max: 0.0, Diff: 0.0, Sum: 0.2]
         [Termination Attempts: Min: 1, Avg: 2.2, Max: 4, Diff: 3, Sum: 18]
      [GC Worker Other (ms): Min: 0.0, Avg: 0.0, Max: 0.1, Diff: 0.1, Sum: 0.3]
      [GC Worker Total (ms): Min: 5.5, Avg: 5.6, Max: 5.7, Diff: 0.1, Sum: 44.7]
      [GC Worker End (ms): Min: 240974681.6, Avg: 240974681.6, Max: 240974681.7, Diff: 0.1]
   [Code Root Fixup: 0.0 ms]
   [Code Root Purge: 0.0 ms]
   [Clear CT: 0.8 ms]
   [Other: 4.2 ms]
      [Choose CSet: 0.0 ms]
      [Ref Proc: 3.5 ms]
      [Ref Enq: 0.1 ms]
      [Redirty Cards: 0.1 ms]
      [Humongous Register: 0.0 ms]
      [Humongous Reclaim: 0.0 ms]
      [Free CSet: 0.3 ms]
   [Eden: 7152.0M(7152.0M)->0.0B(7152.0M) Survivors: 16384.0K->16384.0K Heap: 10538.4M(14336.0M)->3387.2M(14336.0M)]
 [Times: user=0.05 sys=0.01, real=0.01 secs] 
2022-07-24T16:08:35.772-0700: 241087.277: [GC pause (G1 Evacuation Pause) (young) (initial-mark), 0.0148270 secs]
   [Parallel Time: 11.8 ms, GC Workers: 8]
      [GC Worker Start (ms): Min: 241087278.9, Avg: 241087279.0, Max: 241087279.1, Diff: 0.1]
      [Ext Root Scanning (ms): Min: 4.9, Avg: 5.4, Max: 6.2, Diff: 1.3, Sum: 43.5]
      [Update RS (ms): Min: 0.9, Avg: 1.7, Max: 2.0, Diff: 1.0, Sum: 13.2]
         [Processed Buffers: Min: 3, Avg: 6.6, Max: 11, Diff: 8, Sum: 53]
      [Scan RS (ms): Min: 0.0, Avg: 0.1, Max: 0.1, Diff: 0.1, Sum: 0.4]
      [Code Root Scanning (ms): Min: 0.0, Avg: 0.0, Max: 0.0, Diff: 0.0, Sum: 0.0]
      [Object Copy (ms): Min: 2.2, Avg: 2.8, Max: 3.1, Diff: 0.9, Sum: 22.0]
      [Termination (ms): Min: 0.0, Avg: 0.0, Max: 0.0, Diff: 0.0, Sum: 0.0]
         [Termination Attempts: Min: 1, Avg: 1.9, Max: 4, Diff: 3, Sum: 15]
      [GC Worker Other (ms): Min: 0.0, Avg: 0.1, Max: 0.1, Diff: 0.1, Sum: 0.6]
      [GC Worker Total (ms): Min: 9.9, Avg: 10.0, Max: 10.1, Diff: 0.3, Sum: 79.8]
      [GC Worker End (ms): Min: 241087288.9, Avg: 241087289.0, Max: 241087289.0, Diff: 0.1]
   [Code Root Fixup: 0.0 ms]
   [Code Root Purge: 0.0 ms]
   [Clear CT: 0.7 ms]
   [Other: 2.3 ms]
      [Choose CSet: 0.0 ms]
      [Ref Proc: 1.6 ms]
      [Ref Enq: 0.1 ms]
      [Redirty Cards: 0.1 ms]
      [Humongous Register: 0.0 ms]
      [Humongous Reclaim: 0.0 ms]
      [Free CSet: 0.3 ms]
   [Eden: 7152.0M(7152.0M)->0.0B(7152.0M) Survivors: 16384.0K->16384.0K Heap: 10539.2M(14336.0M)->3396.7M(14336.0M)]
 [Times: user=0.08 sys=0.00, real=0.02 secs] 
2022-07-24T16:08:35.787-0700: 241087.292: [GC concurrent-root-region-scan-start]
2022-07-24T16:08:35.799-0700: 241087.303: [GC concurrent-root-region-scan-end, 0.0112985 secs]
2022-07-24T16:08:35.799-0700: 241087.303: [GC concurrent-mark-start]
2022-07-24T16:08:38.379-0700: 241089.883: [GC concurrent-mark-end, 2.5799289 secs]
2022-07-24T16:08:38.379-0700: 241089.884: [GC remark 2022-07-24T16:08:38.379-0700: 241089.884: [Finalize Marking, 0.0004170 secs] 2022-07-24T16:08:38.379-0700: 241089.884: [GC ref-proc, 0.0115033 secs] 2022-07-24T16:08:38.391-0700: 241089.896: [Unloading, 0.0263521 secs], 0.0436210 secs]
 [Times: user=0.25 sys=0.00, real=0.05 secs] 
2022-07-24T16:08:38.423-0700: 241089.928: [GC cleanup 3588M->3588M(14336M), 0.0079499 secs]
 [Times: user=0.06 sys=0.00, real=0.00 secs] 
2022-07-24T16:10:28.834-0700: 241200.339: [GC pause (G1 Evacuation Pause) (young), 0.0116960 secs]
   [Parallel Time: 5.8 ms, GC Workers: 8]
      [GC Worker Start (ms): Min: 241200339.0, Avg: 241200339.1, Max: 241200339.1, Diff: 0.2]
      [Ext Root Scanning (ms): Min: 1.1, Avg: 1.9, Max: 5.5, Diff: 4.4, Sum: 15.3]
      [Update RS (ms): Min: 0.0, Avg: 0.9, Max: 1.4, Diff: 1.4, Sum: 7.1]
         [Processed Buffers: Min: 0, Avg: 5.5, Max: 23, Diff: 23, Sum: 44]
      [Scan RS (ms): Min: 0.0, Avg: 0.0, Max: 0.1, Diff: 0.1, Sum: 0.4]
      [Code Root Scanning (ms): Min: 0.0, Avg: 0.0, Max: 0.0, Diff: 0.0, Sum: 0.0]
      [Object Copy (ms): Min: 0.0, Avg: 1.7, Max: 3.3, Diff: 3.3, Sum: 13.4]
      [Termination (ms): Min: 0.0, Avg: 0.9, Max: 1.1, Diff: 1.1, Sum: 7.4]
         [Termination Attempts: Min: 1, Avg: 18.0, Max: 28, Diff: 27, Sum: 144]
      [GC Worker Other (ms): Min: 0.0, Avg: 0.0, Max: 0.0, Diff: 0.0, Sum: 0.1]
      [GC Worker Total (ms): Min: 5.4, Avg: 5.5, Max: 5.6, Diff: 0.2, Sum: 43.8]
      [GC Worker End (ms): Min: 241200344.5, Avg: 241200344.5, Max: 241200344.6, Diff: 0.0]
   [Code Root Fixup: 0.0 ms]
   [Code Root Purge: 0.0 ms]
   [Clear CT: 0.7 ms]
   [Other: 5.2 ms]
      [Choose CSet: 0.0 ms]
      [Ref Proc: 4.5 ms]
      [Ref Enq: 0.1 ms]
      [Redirty Cards: 0.1 ms]
      [Humongous Register: 0.1 ms]
      [Humongous Reclaim: 0.0 ms]
      [Free CSet: 0.3 ms]
   [Eden: 7152.0M(7152.0M)->0.0B(5712.0M) Survivors: 16384.0K->16384.0K Heap: 10548.7M(14336.0M)->3397.6M(14336.0M)]
 [Times: user=0.06 sys=0.00, real=0.02 secs] 
2022-07-24T16:11:58.765-0700: 241290.269: [GC pause (G1 Evacuation Pause) (mixed), 0.0133456 secs]
   [Parallel Time: 8.8 ms, GC Workers: 8]
      [GC Worker Start (ms): Min: 241290269.5, Avg: 241290269.6, Max: 241290269.7, Diff: 0.1]
      [Ext Root Scanning (ms): Min: 1.4, Avg: 2.3, Max: 6.6, Diff: 5.3, Sum: 18.0]
      [Update RS (ms): Min: 0.0, Avg: 1.4, Max: 1.9, Diff: 1.9, Sum: 10.9]
         [Processed Buffers: Min: 0, Avg: 5.1, Max: 19, Diff: 19, Sum: 41]
      [Scan RS (ms): Min: 0.0, Avg: 1.2, Max: 1.6, Diff: 1.6, Sum: 9.9]
      [Code Root Scanning (ms): Min: 0.0, Avg: 0.0, Max: 0.0, Diff: 0.0, Sum: 0.0]
      [Object Copy (ms): Min: 1.8, Avg: 3.5, Max: 3.9, Diff: 2.1, Sum: 28.3]
      [Termination (ms): Min: 0.0, Avg: 0.0, Max: 0.0, Diff: 0.0, Sum: 0.0]
         [Termination Attempts: Min: 1, Avg: 1.2, Max: 2, Diff: 1, Sum: 10]
      [GC Worker Other (ms): Min: 0.0, Avg: 0.1, Max: 0.1, Diff: 0.1, Sum: 0.6]
      [GC Worker Total (ms): Min: 8.4, Avg: 8.5, Max: 8.5, Diff: 0.2, Sum: 67.7]
      [GC Worker End (ms): Min: 241290278.0, Avg: 241290278.1, Max: 241290278.1, Diff: 0.1]
   [Code Root Fixup: 0.0 ms]
   [Code Root Purge: 0.0 ms]
   [Clear CT: 0.7 ms]
   [Other: 3.7 ms]
      [Choose CSet: 0.0 ms]
      [Ref Proc: 3.1 ms]
      [Ref Enq: 0.1 ms]
      [Redirty Cards: 0.1 ms]
      [Humongous Register: 0.1 ms]
      [Humongous Reclaim: 0.0 ms]
      [Free CSet: 0.2 ms]
   [Eden: 5712.0M(5712.0M)->0.0B(7152.0M) Survivors: 16384.0K->16384.0K Heap: 9109.6M(14336.0M)->3381.7M(14336.0M)]
 [Times: user=0.09 sys=0.00, real=0.01 secs] 
2022-07-24T16:13:50.317-0700: 241401.822: [GC pause (G1 Evacuation Pause) (young), 0.0117114 secs]
   [Parallel Time: 6.7 ms, GC Workers: 8]
      [GC Worker Start (ms): Min: 241401821.8, Avg: 241401821.8, Max: 241401821.9, Diff: 0.1]
      [Ext Root Scanning (ms): Min: 1.4, Avg: 2.1, Max: 5.6, Diff: 4.2, Sum: 17.1]
      [Update RS (ms): Min: 0.0, Avg: 3.0, Max: 3.7, Diff: 3.7, Sum: 24.0]
         [Processed Buffers: Min: 0, Avg: 10.8, Max: 19, Diff: 19, Sum: 86]
      [Scan RS (ms): Min: 0.0, Avg: 0.1, Max: 0.1, Diff: 0.1, Sum: 0.5]
      [Code Root Scanning (ms): Min: 0.0, Avg: 0.0, Max: 0.0, Diff: 0.0, Sum: 0.0]
      [Object Copy (ms): Min: 0.9, Avg: 1.3, Max: 1.5, Diff: 0.6, Sum: 10.6]
      [Termination (ms): Min: 0.0, Avg: 0.0, Max: 0.0, Diff: 0.0, Sum: 0.0]
         [Termination Attempts: Min: 7, Avg: 9.8, Max: 13, Diff: 6, Sum: 78]
      [GC Worker Other (ms): Min: 0.0, Avg: 0.0, Max: 0.1, Diff: 0.1, Sum: 0.3]
      [GC Worker Total (ms): Min: 6.5, Avg: 6.6, Max: 6.7, Diff: 0.1, Sum: 52.5]
      [GC Worker End (ms): Min: 241401828.3, Avg: 241401828.4, Max: 241401828.4, Diff: 0.1]
   [Code Root Fixup: 0.0 ms]
   [Code Root Purge: 0.0 ms]
   [Clear CT: 0.7 ms]
   [Other: 4.3 ms]
      [Choose CSet: 0.0 ms]
      [Ref Proc: 3.6 ms]
      [Ref Enq: 0.1 ms]
      [Redirty Cards: 0.1 ms]
      [Humongous Register: 0.0 ms]
      [Humongous Reclaim: 0.0 ms]
      [Free CSet: 0.3 ms]
   [Eden: 7152.0M(7152.0M)->0.0B(7152.0M) Survivors: 16384.0K->16384.0K Heap: 10533.7M(14336.0M)->3387.7M(14336.0M)]
 [Times: user=0.07 sys=0.00, real=0.01 secs] 
2022-07-24T16:15:43.313-0700: 241514.817: [GC pause (G1 Evacuation Pause) (young) (initial-mark), 0.0168934 secs]
   [Parallel Time: 11.1 ms, GC Workers: 8]
      [GC Worker Start (ms): Min: 241514819.6, Avg: 241514819.7, Max: 241514819.8, Diff: 0.1]
      [Ext Root Scanning (ms): Min: 5.9, Avg: 6.3, Max: 6.8, Diff: 1.0, Sum: 50.2]
      [Update RS (ms): Min: 0.9, Avg: 1.1, Max: 1.3, Diff: 0.4, Sum: 8.6]
         [Processed Buffers: Min: 2, Avg: 4.8, Max: 9, Diff: 7, Sum: 38]
      [Scan RS (ms): Min: 0.0, Avg: 0.1, Max: 0.1, Diff: 0.1, Sum: 0.4]
      [Code Root Scanning (ms): Min: 0.0, Avg: 0.0, Max: 0.0, Diff: 0.0, Sum: 0.0]
      [Object Copy (ms): Min: 1.0, Avg: 1.4, Max: 1.8, Diff: 0.9, Sum: 11.1]
      [Termination (ms): Min: 0.0, Avg: 0.0, Max: 0.0, Diff: 0.0, Sum: 0.1]
         [Termination Attempts: Min: 9, Avg: 19.1, Max: 27, Diff: 18, Sum: 153]
      [GC Worker Other (ms): Min: 0.0, Avg: 0.1, Max: 0.1, Diff: 0.1, Sum: 0.5]
      [GC Worker Total (ms): Min: 8.8, Avg: 8.8, Max: 9.0, Diff: 0.2, Sum: 70.8]
      [GC Worker End (ms): Min: 241514828.5, Avg: 241514828.5, Max: 241514828.6, Diff: 0.1]
   [Code Root Fixup: 0.0 ms]
   [Code Root Purge: 0.0 ms]
   [Clear CT: 0.7 ms]
   [Other: 5.1 ms]
      [Choose CSet: 0.0 ms]
      [Ref Proc: 4.2 ms]
      [Ref Enq: 0.2 ms]
      [Redirty Cards: 0.1 ms]
      [Humongous Register: 0.0 ms]
      [Humongous Reclaim: 0.0 ms]
      [Free CSet: 0.3 ms]
   [Eden: 7152.0M(7152.0M)->0.0B(7152.0M) Survivors: 16384.0K->16384.0K Heap: 10539.7M(14336.0M)->3387.5M(14336.0M)]
 [Times: user=0.07 sys=0.00, real=0.02 secs] 
2022-07-24T16:15:43.330-0700: 241514.834: [GC concurrent-root-region-scan-start]
2022-07-24T16:15:43.337-0700: 241514.842: [GC concurrent-root-region-scan-end, 0.0076556 secs]
2022-07-24T16:15:43.337-0700: 241514.842: [GC concurrent-mark-start]
2022-07-24T16:15:45.985-0700: 241517.490: [GC concurrent-mark-end, 2.6480775 secs]
2022-07-24T16:15:45.986-0700: 241517.491: [GC remark 2022-07-24T16:15:45.986-0700: 241517.491: [Finalize Marking, 0.0003307 secs] 2022-07-24T16:15:45.986-0700: 241517.491: [GC ref-proc, 0.0054666 secs] 2022-07-24T16:15:45.992-0700: 241517.496: [Unloading, 0.0264421 secs], 0.0376250 secs]
 [Times: user=0.24 sys=0.00, real=0.04 secs] 
2022-07-24T16:15:46.024-0700: 241517.528: [GC cleanup 3539M->3539M(14336M), 0.0082153 secs]
 [Times: user=0.06 sys=0.00, real=0.00 secs] 
2022-07-24T16:17:35.562-0700: 241627.066: [GC pause (G1 Evacuation Pause) (young), 0.0100652 secs]
   [Parallel Time: 6.5 ms, GC Workers: 8]
      [GC Worker Start (ms): Min: 241627066.5, Avg: 241627066.6, Max: 241627066.7, Diff: 0.1]
      [Ext Root Scanning (ms): Min: 1.4, Avg: 2.2, Max: 5.9, Diff: 4.5, Sum: 18.0]
      [Update RS (ms): Min: 0.0, Avg: 1.4, Max: 2.1, Diff: 2.1, Sum: 11.1]
         [Processed Buffers: Min: 0, Avg: 5.5, Max: 11, Diff: 11, Sum: 44]
      [Scan RS (ms): Min: 0.0, Avg: 0.1, Max: 0.1, Diff: 0.1, Sum: 0.6]
      [Code Root Scanning (ms): Min: 0.0, Avg: 0.0, Max: 0.0, Diff: 0.0, Sum: 0.0]
      [Object Copy (ms): Min: 0.4, Avg: 2.6, Max: 3.0, Diff: 2.6, Sum: 20.4]
      [Termination (ms): Min: 0.0, Avg: 0.0, Max: 0.0, Diff: 0.0, Sum: 0.0]
         [Termination Attempts: Min: 1, Avg: 1.0, Max: 1, Diff: 0, Sum: 8]
      [GC Worker Other (ms): Min: 0.0, Avg: 0.0, Max: 0.1, Diff: 0.1, Sum: 0.3]
      [GC Worker Total (ms): Min: 6.2, Avg: 6.3, Max: 6.4, Diff: 0.2, Sum: 50.5]
      [GC Worker End (ms): Min: 241627072.9, Avg: 241627072.9, Max: 241627072.9, Diff: 0.1]
   [Code Root Fixup: 0.0 ms]
   [Code Root Purge: 0.0 ms]
   [Clear CT: 0.7 ms]
   [Other: 2.8 ms]
      [Choose CSet: 0.0 ms]
      [Ref Proc: 2.1 ms]
      [Ref Enq: 0.1 ms]
      [Redirty Cards: 0.1 ms]
      [Humongous Register: 0.1 ms]
      [Humongous Reclaim: 0.0 ms]
      [Free CSet: 0.3 ms]
   [Eden: 7152.0M(7152.0M)->0.0B(5712.0M) Survivors: 16384.0K->16384.0K Heap: 10539.5M(14336.0M)->3393.4M(14336.0M)]
 [Times: user=0.06 sys=0.00, real=0.01 secs] 
2022-07-24T16:19:04.163-0700: 241715.667: [GC pause (G1 Evacuation Pause) (mixed), 0.0119280 secs]
   [Parallel Time: 8.8 ms, GC Workers: 8]
      [GC Worker Start (ms): Min: 241715667.4, Avg: 241715667.4, Max: 241715667.5, Diff: 0.1]
      [Ext Root Scanning (ms): Min: 1.5, Avg: 2.3, Max: 6.8, Diff: 5.3, Sum: 18.6]
      [Update RS (ms): Min: 0.0, Avg: 1.3, Max: 2.1, Diff: 2.1, Sum: 10.1]
         [Processed Buffers: Min: 0, Avg: 5.2, Max: 21, Diff: 21, Sum: 42]
      [Scan RS (ms): Min: 0.0, Avg: 1.1, Max: 1.5, Diff: 1.4, Sum: 9.2]
      [Code Root Scanning (ms): Min: 0.0, Avg: 0.0, Max: 0.0, Diff: 0.0, Sum: 0.0]
      [Object Copy (ms): Min: 1.8, Avg: 3.9, Max: 4.3, Diff: 2.4, Sum: 31.0]
      [Termination (ms): Min: 0.0, Avg: 0.0, Max: 0.0, Diff: 0.0, Sum: 0.0]
         [Termination Attempts: Min: 1, Avg: 7.0, Max: 10, Diff: 9, Sum: 56]
      [GC Worker Other (ms): Min: 0.0, Avg: 0.1, Max: 0.1, Diff: 0.1, Sum: 0.5]
      [GC Worker Total (ms): Min: 8.6, Avg: 8.7, Max: 8.7, Diff: 0.1, Sum: 69.4]
      [GC Worker End (ms): Min: 241715676.1, Avg: 241715676.1, Max: 241715676.1, Diff: 0.1]
   [Code Root Fixup: 0.0 ms]
   [Code Root Purge: 0.0 ms]
   [Clear CT: 0.7 ms]
   [Other: 2.4 ms]
      [Choose CSet: 0.0 ms]
      [Ref Proc: 1.8 ms]
      [Ref Enq: 0.1 ms]
      [Redirty Cards: 0.1 ms]
      [Humongous Register: 0.0 ms]
      [Humongous Reclaim: 0.0 ms]
      [Free CSet: 0.2 ms]
   [Eden: 5712.0M(5712.0M)->0.0B(7152.0M) Survivors: 16384.0K->16384.0K Heap: 9105.4M(14336.0M)->3387.1M(14336.0M)]
 [Times: user=0.08 sys=0.00, real=0.01 secs] 
2022-07-24T16:20:56.019-0700: 241827.523: [GC pause (G1 Evacuation Pause) (young), 0.0126930 secs]
   [Parallel Time: 7.5 ms, GC Workers: 8]
      [GC Worker Start (ms): Min: 241827523.7, Avg: 241827523.8, Max: 241827523.8, Diff: 0.2]
      [Ext Root Scanning (ms): Min: 1.1, Avg: 1.8, Max: 4.9, Diff: 3.8, Sum: 14.4]
      [Update RS (ms): Min: 1.3, Avg: 3.0, Max: 4.5, Diff: 3.3, Sum: 23.9]
         [Processed Buffers: Min: 6, Avg: 10.6, Max: 16, Diff: 10, Sum: 85]
      [Scan RS (ms): Min: 0.0, Avg: 0.1, Max: 0.1, Diff: 0.1, Sum: 0.4]
      [Code Root Scanning (ms): Min: 0.0, Avg: 0.0, Max: 0.0, Diff: 0.0, Sum: 0.0]
      [Object Copy (ms): Min: 0.7, Avg: 2.0, Max: 3.2, Diff: 2.5, Sum: 16.3]
      [Termination (ms): Min: 0.0, Avg: 0.0, Max: 0.0, Diff: 0.0, Sum: 0.0]
         [Termination Attempts: Min: 1, Avg: 1.4, Max: 2, Diff: 1, Sum: 11]
      [GC Worker Other (ms): Min: 0.0, Avg: 0.1, Max: 0.1, Diff: 0.1, Sum: 0.5]
      [GC Worker Total (ms): Min: 6.9, Avg: 6.9, Max: 7.0, Diff: 0.2, Sum: 55.6]
      [GC Worker End (ms): Min: 241827530.7, Avg: 241827530.7, Max: 241827530.8, Diff: 0.1]
   [Code Root Fixup: 0.0 ms]
   [Code Root Purge: 0.0 ms]
   [Clear CT: 0.7 ms]
   [Other: 4.5 ms]
      [Choose CSet: 0.0 ms]
      [Ref Proc: 3.9 ms]
      [Ref Enq: 0.1 ms]
      [Redirty Cards: 0.1 ms]
      [Humongous Register: 0.0 ms]
      [Humongous Reclaim: 0.0 ms]
      [Free CSet: 0.3 ms]
   [Eden: 7152.0M(7152.0M)->0.0B(7152.0M) Survivors: 16384.0K->16384.0K Heap: 10539.1M(14336.0M)->3385.0M(14336.0M)]
 [Times: user=0.06 sys=0.00, real=0.01 secs] 
2022-07-24T16:22:49.618-0700: 241941.123: [GC pause (G1 Evacuation Pause) (young) (initial-mark), 0.0154574 secs]
   [Parallel Time: 11.7 ms, GC Workers: 8]
      [GC Worker Start (ms): Min: 241941124.9, Avg: 241941125.0, Max: 241941125.1, Diff: 0.2]
      [Ext Root Scanning (ms): Min: 5.4, Avg: 5.9, Max: 6.9, Diff: 1.5, Sum: 47.6]
      [Update RS (ms): Min: 0.0, Avg: 0.9, Max: 1.3, Diff: 1.3, Sum: 7.5]
         [Processed Buffers: Min: 0, Avg: 5.4, Max: 10, Diff: 10, Sum: 43]
      [Scan RS (ms): Min: 0.0, Avg: 0.2, Max: 1.0, Diff: 1.0, Sum: 1.4]
      [Code Root Scanning (ms): Min: 0.0, Avg: 0.0, Max: 0.0, Diff: 0.0, Sum: 0.0]
      [Object Copy (ms): Min: 1.2, Avg: 1.9, Max: 2.5, Diff: 1.3, Sum: 14.8]
      [Termination (ms): Min: 0.0, Avg: 0.4, Max: 0.5, Diff: 0.5, Sum: 3.5]
         [Termination Attempts: Min: 1, Avg: 17.4, Max: 24, Diff: 23, Sum: 139]
      [GC Worker Other (ms): Min: 0.0, Avg: 0.0, Max: 0.2, Diff: 0.2, Sum: 0.4]
      [GC Worker Total (ms): Min: 9.3, Avg: 9.4, Max: 9.5, Diff: 0.2, Sum: 75.3]
      [GC Worker End (ms): Min: 241941134.4, Avg: 241941134.4, Max: 241941134.4, Diff: 0.0]
   [Code Root Fixup: 0.0 ms]
   [Code Root Purge: 0.0 ms]
   [Clear CT: 0.8 ms]
   [Other: 3.0 ms]
      [Choose CSet: 0.0 ms]
      [Ref Proc: 2.2 ms]
      [Ref Enq: 0.1 ms]
      [Redirty Cards: 0.1 ms]
      [Humongous Register: 0.0 ms]
      [Humongous Reclaim: 0.0 ms]
      [Free CSet: 0.3 ms]
   [Eden: 7152.0M(7152.0M)->0.0B(7152.0M) Survivors: 16384.0K->16384.0K Heap: 10537.0M(14336.0M)->3388.4M(14336.0M)]
 [Times: user=0.08 sys=0.00, real=0.01 secs] 
2022-07-24T16:22:49.633-0700: 241941.138: [GC concurrent-root-region-scan-start]
2022-07-24T16:22:49.642-0700: 241941.147: [GC concurrent-root-region-scan-end, 0.0084076 secs]
2022-07-24T16:22:49.642-0700: 241941.147: [GC concurrent-mark-start]
2022-07-24T16:22:52.254-0700: 241943.759: [GC concurrent-mark-end, 2.6124661 secs]
2022-07-24T16:22:52.255-0700: 241943.759: [GC remark 2022-07-24T16:22:52.255-0700: 241943.759: [Finalize Marking, 0.0003883 secs] 2022-07-24T16:22:52.255-0700: 241943.760: [GC ref-proc, 0.0076976 secs] 2022-07-24T16:22:52.263-0700: 241943.767: [Unloading, 0.0265194 secs], 0.0401133 secs]
 [Times: user=0.25 sys=0.00, real=0.05 secs] 
2022-07-24T16:22:52.295-0700: 241943.800: [GC cleanup 3532M->3532M(14336M), 0.0087368 secs]
 [Times: user=0.06 sys=0.00, real=0.01 secs] 
2022-07-24T16:24:44.922-0700: 242056.426: [GC pause (G1 Evacuation Pause) (young), 0.0102918 secs]
   [Parallel Time: 5.8 ms, GC Workers: 8]
      [GC Worker Start (ms): Min: 242056426.4, Avg: 242056426.5, Max: 242056426.5, Diff: 0.1]
      [Ext Root Scanning (ms): Min: 1.1, Avg: 1.9, Max: 5.7, Diff: 4.5, Sum: 15.5]
      [Update RS (ms): Min: 0.0, Avg: 0.9, Max: 1.5, Diff: 1.5, Sum: 7.5]
         [Processed Buffers: Min: 0, Avg: 5.4, Max: 9, Diff: 9, Sum: 43]
      [Scan RS (ms): Min: 0.0, Avg: 0.1, Max: 0.1, Diff: 0.1, Sum: 0.4]
      [Code Root Scanning (ms): Min: 0.0, Avg: 0.0, Max: 0.0, Diff: 0.0, Sum: 0.0]
      [Object Copy (ms): Min: 0.0, Avg: 1.5, Max: 1.9, Diff: 1.9, Sum: 12.2]
      [Termination (ms): Min: 0.0, Avg: 1.2, Max: 1.3, Diff: 1.3, Sum: 9.3]
         [Termination Attempts: Min: 1, Avg: 1.5, Max: 3, Diff: 2, Sum: 12]
      [GC Worker Other (ms): Min: 0.0, Avg: 0.0, Max: 0.0, Diff: 0.0, Sum: 0.1]
      [GC Worker Total (ms): Min: 5.6, Avg: 5.6, Max: 5.7, Diff: 0.1, Sum: 45.1]
      [GC Worker End (ms): Min: 242056432.1, Avg: 242056432.1, Max: 242056432.1, Diff: 0.0]
   [Code Root Fixup: 0.0 ms]
   [Code Root Purge: 0.0 ms]
   [Clear CT: 0.7 ms]
   [Other: 3.8 ms]
      [Choose CSet: 0.0 ms]
      [Ref Proc: 3.2 ms]
      [Ref Enq: 0.1 ms]
      [Redirty Cards: 0.1 ms]
      [Humongous Register: 0.0 ms]
      [Humongous Reclaim: 0.0 ms]
      [Free CSet: 0.2 ms]
   [Eden: 7152.0M(7152.0M)->0.0B(7152.0M) Survivors: 16384.0K->16384.0K Heap: 10540.4M(14336.0M)->3387.6M(14336.0M)]
 [Times: user=0.06 sys=0.00, real=0.01 secs] 
2022-07-24T16:26:39.523-0700: 242171.028: [GC pause (G1 Evacuation Pause) (young), 0.0099019 secs]
   [Parallel Time: 5.3 ms, GC Workers: 8]
      [GC Worker Start (ms): Min: 242171027.8, Avg: 242171027.8, Max: 242171027.9, Diff: 0.1]
      [Ext Root Scanning (ms): Min: 1.5, Avg: 2.1, Max: 5.0, Diff: 3.5, Sum: 17.0]
      [Update RS (ms): Min: 0.0, Avg: 1.0, Max: 1.6, Diff: 1.6, Sum: 7.8]
         [Processed Buffers: Min: 0, Avg: 5.0, Max: 12, Diff: 12, Sum: 40]
      [Scan RS (ms): Min: 0.0, Avg: 0.1, Max: 0.1, Diff: 0.1, Sum: 0.4]
      [Code Root Scanning (ms): Min: 0.0, Avg: 0.0, Max: 0.0, Diff: 0.0, Sum: 0.0]
      [Object Copy (ms): Min: 0.0, Avg: 1.5, Max: 1.8, Diff: 1.8, Sum: 11.7]
      [Termination (ms): Min: 0.0, Avg: 0.3, Max: 0.4, Diff: 0.4, Sum: 2.6]
         [Termination Attempts: Min: 1, Avg: 3.8, Max: 6, Diff: 5, Sum: 30]
      [GC Worker Other (ms): Min: 0.0, Avg: 0.0, Max: 0.1, Diff: 0.1, Sum: 0.3]
      [GC Worker Total (ms): Min: 4.9, Avg: 5.0, Max: 5.1, Diff: 0.2, Sum: 39.8]
      [GC Worker End (ms): Min: 242171032.8, Avg: 242171032.8, Max: 242171032.9, Diff: 0.1]
   [Code Root Fixup: 0.0 ms]
   [Code Root Purge: 0.0 ms]
   [Clear CT: 0.7 ms]
   [Other: 3.9 ms]
      [Choose CSet: 0.0 ms]
      [Ref Proc: 3.3 ms]
      [Ref Enq: 0.1 ms]
      [Redirty Cards: 0.1 ms]
      [Humongous Register: 0.0 ms]
      [Humongous Reclaim: 0.0 ms]
      [Free CSet: 0.3 ms]
   [Eden: 7152.0M(7152.0M)->0.0B(7152.0M) Survivors: 16384.0K->16384.0K Heap: 10539.6M(14336.0M)->3388.1M(14336.0M)]
 [Times: user=0.05 sys=0.01, real=0.00 secs] 
2022-07-24T16:28:32.965-0700: 242284.470: [GC pause (G1 Evacuation Pause) (young) (initial-mark), 0.0158685 secs]
   [Parallel Time: 11.0 ms, GC Workers: 8]
      [GC Worker Start (ms): Min: 242284472.1, Avg: 242284472.1, Max: 242284472.2, Diff: 0.1]
      [Ext Root Scanning (ms): Min: 5.3, Avg: 5.7, Max: 6.2, Diff: 0.9, Sum: 45.8]
      [Update RS (ms): Min: 0.7, Avg: 1.0, Max: 1.4, Diff: 0.7, Sum: 7.8]
         [Processed Buffers: Min: 2, Avg: 5.2, Max: 12, Diff: 10, Sum: 42]
      [Scan RS (ms): Min: 0.0, Avg: 0.1, Max: 0.1, Diff: 0.1, Sum: 0.4]
      [Code Root Scanning (ms): Min: 0.0, Avg: 0.0, Max: 0.0, Diff: 0.0, Sum: 0.0]
      [Object Copy (ms): Min: 1.3, Avg: 1.9, Max: 2.5, Diff: 1.2, Sum: 15.1]
      [Termination (ms): Min: 0.0, Avg: 0.0, Max: 0.0, Diff: 0.0, Sum: 0.0]
         [Termination Attempts: Min: 1, Avg: 2.0, Max: 3, Diff: 2, Sum: 16]
      [GC Worker Other (ms): Min: 0.0, Avg: 0.1, Max: 0.1, Diff: 0.1, Sum: 0.5]
      [GC Worker Total (ms): Min: 8.6, Avg: 8.7, Max: 8.8, Diff: 0.2, Sum: 69.7]
      [GC Worker End (ms): Min: 242284480.8, Avg: 242284480.9, Max: 242284480.9, Diff: 0.1]
   [Code Root Fixup: 0.0 ms]
   [Code Root Purge: 0.0 ms]
   [Clear CT: 0.8 ms]
   [Other: 4.1 ms]
      [Choose CSet: 0.0 ms]
      [Ref Proc: 3.3 ms]
      [Ref Enq: 0.1 ms]
      [Redirty Cards: 0.1 ms]
      [Humongous Register: 0.0 ms]
      [Humongous Reclaim: 0.0 ms]
      [Free CSet: 0.3 ms]
   [Eden: 7152.0M(7152.0M)->0.0B(7152.0M) Survivors: 16384.0K->16384.0K Heap: 10540.1M(14336.0M)->3391.4M(14336.0M)]
 [Times: user=0.07 sys=0.00, real=0.01 secs] 
2022-07-24T16:28:32.981-0700: 242284.486: [GC concurrent-root-region-scan-start]
2022-07-24T16:28:32.993-0700: 242284.498: [GC concurrent-root-region-scan-end, 0.0119776 secs]
2022-07-24T16:28:32.993-0700: 242284.498: [GC concurrent-mark-start]
2022-07-24T16:28:35.564-0700: 242287.069: [GC concurrent-mark-end, 2.5710492 secs]
2022-07-24T16:28:35.565-0700: 242287.069: [GC remark 2022-07-24T16:28:35.565-0700: 242287.069: [Finalize Marking, 0.0005057 secs] 2022-07-24T16:28:35.565-0700: 242287.070: [GC ref-proc, 0.0110002 secs] 2022-07-24T16:28:35.576-0700: 242287.081: [Unloading, 0.0267665 secs], 0.0437296 secs]
 [Times: user=0.25 sys=0.00, real=0.04 secs] 
2022-07-24T16:28:35.609-0700: 242287.113: [GC cleanup 3593M->3593M(14336M), 0.0081599 secs]
 [Times: user=0.06 sys=0.00, real=0.01 secs] 
2022-07-24T16:30:27.113-0700: 242398.618: [GC pause (G1 Evacuation Pause) (young), 0.0109134 secs]
   [Parallel Time: 6.2 ms, GC Workers: 8]
      [GC Worker Start (ms): Min: 242398618.3, Avg: 242398618.4, Max: 242398618.5, Diff: 0.1]
      [Ext Root Scanning (ms): Min: 1.5, Avg: 2.3, Max: 6.0, Diff: 4.5, Sum: 18.2]
      [Update RS (ms): Min: 0.0, Avg: 1.3, Max: 2.1, Diff: 2.1, Sum: 10.4]
         [Processed Buffers: Min: 0, Avg: 5.0, Max: 15, Diff: 15, Sum: 40]
      [Scan RS (ms): Min: 0.0, Avg: 0.1, Max: 0.1, Diff: 0.1, Sum: 0.6]
      [Code Root Scanning (ms): Min: 0.0, Avg: 0.0, Max: 0.0, Diff: 0.0, Sum: 0.0]
      [Object Copy (ms): Min: 0.0, Avg: 1.7, Max: 2.1, Diff: 2.1, Sum: 13.7]
      [Termination (ms): Min: 0.0, Avg: 0.6, Max: 0.7, Diff: 0.7, Sum: 4.9]
         [Termination Attempts: Min: 1, Avg: 1.1, Max: 2, Diff: 1, Sum: 9]
      [GC Worker Other (ms): Min: 0.0, Avg: 0.0, Max: 0.0, Diff: 0.0, Sum: 0.2]
      [GC Worker Total (ms): Min: 5.9, Avg: 6.0, Max: 6.1, Diff: 0.2, Sum: 48.0]
      [GC Worker End (ms): Min: 242398624.4, Avg: 242398624.4, Max: 242398624.4, Diff: 0.1]
   [Code Root Fixup: 0.0 ms]
   [Code Root Purge: 0.0 ms]
   [Clear CT: 0.8 ms]
   [Other: 4.0 ms]
      [Choose CSet: 0.0 ms]
      [Ref Proc: 3.3 ms]
      [Ref Enq: 0.1 ms]
      [Redirty Cards: 0.1 ms]
      [Humongous Register: 0.1 ms]
      [Humongous Reclaim: 0.0 ms]
      [Free CSet: 0.2 ms]
   [Eden: 7152.0M(7152.0M)->0.0B(5712.0M) Survivors: 16384.0K->16384.0K Heap: 10543.4M(14336.0M)->3388.3M(14336.0M)]
 [Times: user=0.06 sys=0.00, real=0.02 secs] 
2022-07-24T16:31:56.914-0700: 242488.418: [GC pause (G1 Evacuation Pause) (mixed), 0.0133855 secs]
   [Parallel Time: 9.5 ms, GC Workers: 8]
      [GC Worker Start (ms): Min: 242488418.6, Avg: 242488418.7, Max: 242488418.8, Diff: 0.1]
      [Ext Root Scanning (ms): Min: 0.9, Avg: 2.4, Max: 7.2, Diff: 6.3, Sum: 19.4]
      [Update RS (ms): Min: 0.0, Avg: 1.5, Max: 2.4, Diff: 2.4, Sum: 12.2]
         [Processed Buffers: Min: 0, Avg: 5.1, Max: 8, Diff: 8, Sum: 41]
      [Scan RS (ms): Min: 0.0, Avg: 1.3, Max: 1.7, Diff: 1.7, Sum: 10.4]
      [Code Root Scanning (ms): Min: 0.0, Avg: 0.0, Max: 0.0, Diff: 0.0, Sum: 0.0]
      [Object Copy (ms): Min: 2.1, Avg: 4.0, Max: 5.2, Diff: 3.1, Sum: 31.8]
      [Termination (ms): Min: 0.0, Avg: 0.0, Max: 0.0, Diff: 0.0, Sum: 0.0]
         [Termination Attempts: Min: 1, Avg: 2.8, Max: 5, Diff: 4, Sum: 22]
      [GC Worker Other (ms): Min: 0.0, Avg: 0.0, Max: 0.1, Diff: 0.1, Sum: 0.4]
      [GC Worker Total (ms): Min: 9.2, Avg: 9.3, Max: 9.4, Diff: 0.1, Sum: 74.2]
      [GC Worker End (ms): Min: 242488427.9, Avg: 242488428.0, Max: 242488428.0, Diff: 0.1]
   [Code Root Fixup: 0.0 ms]
   [Code Root Purge: 0.0 ms]
   [Clear CT: 0.8 ms]
   [Other: 3.0 ms]
      [Choose CSet: 0.0 ms]
      [Ref Proc: 2.4 ms]
      [Ref Enq: 0.1 ms]
      [Redirty Cards: 0.1 ms]
      [Humongous Register: 0.1 ms]
      [Humongous Reclaim: 0.0 ms]
      [Free CSet: 0.2 ms]
   [Eden: 5712.0M(5712.0M)->0.0B(7152.0M) Survivors: 16384.0K->16384.0K Heap: 9100.3M(14336.0M)->3380.2M(14336.0M)]
 [Times: user=0.08 sys=0.00, real=0.02 secs] 
2022-07-24T16:33:48.218-0700: 242599.723: [GC pause (G1 Evacuation Pause) (young), 0.0100404 secs]
   [Parallel Time: 7.1 ms, GC Workers: 8]
      [GC Worker Start (ms): Min: 242599723.1, Avg: 242599723.2, Max: 242599723.3, Diff: 0.2]
      [Ext Root Scanning (ms): Min: 1.3, Avg: 2.0, Max: 5.7, Diff: 4.4, Sum: 16.3]
      [Update RS (ms): Min: 0.4, Avg: 3.5, Max: 4.2, Diff: 3.7, Sum: 28.1]
         [Processed Buffers: Min: 4, Avg: 11.0, Max: 17, Diff: 13, Sum: 88]
      [Scan RS (ms): Min: 0.0, Avg: 0.1, Max: 0.1, Diff: 0.1, Sum: 0.4]
      [Code Root Scanning (ms): Min: 0.0, Avg: 0.0, Max: 0.0, Diff: 0.0, Sum: 0.0]
      [Object Copy (ms): Min: 0.8, Avg: 1.3, Max: 1.4, Diff: 0.6, Sum: 10.0]
      [Termination (ms): Min: 0.0, Avg: 0.0, Max: 0.0, Diff: 0.0, Sum: 0.1]
         [Termination Attempts: Min: 24, Avg: 32.2, Max: 38, Diff: 14, Sum: 258]
      [GC Worker Other (ms): Min: 0.0, Avg: 0.0, Max: 0.1, Diff: 0.1, Sum: 0.4]
      [GC Worker Total (ms): Min: 6.8, Avg: 6.9, Max: 7.0, Diff: 0.2, Sum: 55.3]
      [GC Worker End (ms): Min: 242599730.1, Avg: 242599730.1, Max: 242599730.2, Diff: 0.1]
   [Code Root Fixup: 0.0 ms]
   [Code Root Purge: 0.0 ms]
   [Clear CT: 0.7 ms]
   [Other: 2.2 ms]
      [Choose CSet: 0.0 ms]
      [Ref Proc: 1.6 ms]
      [Ref Enq: 0.1 ms]
      [Redirty Cards: 0.1 ms]
      [Humongous Register: 0.1 ms]
      [Humongous Reclaim: 0.0 ms]
      [Free CSet: 0.3 ms]
   [Eden: 7152.0M(7152.0M)->0.0B(7152.0M) Survivors: 16384.0K->16384.0K Heap: 10532.2M(14336.0M)->3388.0M(14336.0M)]
 [Times: user=0.07 sys=0.00, real=0.01 secs] 
2022-07-24T16:35:41.921-0700: 242713.426: [GC pause (G1 Evacuation Pause) (young) (initial-mark), 0.0159480 secs]
   [Parallel Time: 10.0 ms, GC Workers: 8]
      [GC Worker Start (ms): Min: 242713427.8, Avg: 242713427.8, Max: 242713427.9, Diff: 0.1]
      [Ext Root Scanning (ms): Min: 4.9, Avg: 5.2, Max: 5.8, Diff: 0.9, Sum: 41.9]
      [Update RS (ms): Min: 0.7, Avg: 0.9, Max: 1.2, Diff: 0.5, Sum: 7.1]
         [Processed Buffers: Min: 2, Avg: 4.8, Max: 10, Diff: 8, Sum: 38]
      [Scan RS (ms): Min: 0.0, Avg: 0.1, Max: 0.2, Diff: 0.1, Sum: 0.4]
      [Code Root Scanning (ms): Min: 0.0, Avg: 0.0, Max: 0.0, Diff: 0.0, Sum: 0.0]
      [Object Copy (ms): Min: 1.1, Avg: 1.5, Max: 1.9, Diff: 0.8, Sum: 12.2]
      [Termination (ms): Min: 0.0, Avg: 0.0, Max: 0.0, Diff: 0.0, Sum: 0.1]
         [Termination Attempts: Min: 21, Avg: 28.8, Max: 36, Diff: 15, Sum: 230]
      [GC Worker Other (ms): Min: 0.0, Avg: 0.1, Max: 0.1, Diff: 0.1, Sum: 0.4]
      [GC Worker Total (ms): Min: 7.7, Avg: 7.8, Max: 7.9, Diff: 0.2, Sum: 62.2]
      [GC Worker End (ms): Min: 242713435.6, Avg: 242713435.6, Max: 242713435.7, Diff: 0.1]
   [Code Root Fixup: 0.0 ms]
   [Code Root Purge: 0.0 ms]
   [Clear CT: 0.7 ms]
   [Other: 5.2 ms]
      [Choose CSet: 0.0 ms]
      [Ref Proc: 4.4 ms]
      [Ref Enq: 0.1 ms]
      [Redirty Cards: 0.1 ms]
      [Humongous Register: 0.0 ms]
      [Humongous Reclaim: 0.0 ms]
      [Free CSet: 0.3 ms]
   [Eden: 7152.0M(7152.0M)->0.0B(7152.0M) Survivors: 16384.0K->16384.0K Heap: 10540.0M(14336.0M)->3387.6M(14336.0M)]
 [Times: user=0.07 sys=0.00, real=0.02 secs] 
2022-07-24T16:35:41.937-0700: 242713.442: [GC concurrent-root-region-scan-start]
2022-07-24T16:35:41.945-0700: 242713.449: [GC concurrent-root-region-scan-end, 0.0077841 secs]
2022-07-24T16:35:41.945-0700: 242713.449: [GC concurrent-mark-start]
2022-07-24T16:35:44.562-0700: 242716.067: [GC concurrent-mark-end, 2.6177516 secs]
2022-07-24T16:35:44.563-0700: 242716.068: [GC remark 2022-07-24T16:35:44.563-0700: 242716.068: [Finalize Marking, 0.0002268 secs] 2022-07-24T16:35:44.563-0700: 242716.068: [GC ref-proc, 0.0054079 secs] 2022-07-24T16:35:44.568-0700: 242716.073: [Unloading, 0.0267301 secs], 0.0379465 secs]
 [Times: user=0.25 sys=0.00, real=0.03 secs] 
2022-07-24T16:35:44.601-0700: 242716.106: [GC cleanup 3531M->3531M(14336M), 0.0085907 secs]
 [Times: user=0.06 sys=0.00, real=0.01 secs] 
2022-07-24T16:37:35.323-0700: 242826.828: [GC pause (G1 Evacuation Pause) (young), 0.0107679 secs]
   [Parallel Time: 5.3 ms, GC Workers: 8]
      [GC Worker Start (ms): Min: 242826828.2, Avg: 242826828.3, Max: 242826828.4, Diff: 0.2]
      [Ext Root Scanning (ms): Min: 1.0, Avg: 1.8, Max: 5.2, Diff: 4.1, Sum: 14.4]
      [Update RS (ms): Min: 0.0, Avg: 0.9, Max: 1.2, Diff: 1.2, Sum: 7.2]
         [Processed Buffers: Min: 0, Avg: 5.0, Max: 13, Diff: 13, Sum: 40]
      [Scan RS (ms): Min: 0.0, Avg: 0.1, Max: 0.1, Diff: 0.1, Sum: 0.4]
      [Code Root Scanning (ms): Min: 0.0, Avg: 0.0, Max: 0.0, Diff: 0.0, Sum: 0.0]
      [Object Copy (ms): Min: 0.0, Avg: 1.1, Max: 1.4, Diff: 1.4, Sum: 8.5]
      [Termination (ms): Min: 0.0, Avg: 1.3, Max: 1.5, Diff: 1.5, Sum: 10.3]
         [Termination Attempts: Min: 1, Avg: 23.1, Max: 37, Diff: 36, Sum: 185]
      [GC Worker Other (ms): Min: 0.0, Avg: 0.0, Max: 0.0, Diff: 0.0, Sum: 0.1]
      [GC Worker Total (ms): Min: 5.0, Avg: 5.1, Max: 5.2, Diff: 0.2, Sum: 40.9]
      [GC Worker End (ms): Min: 242826833.4, Avg: 242826833.4, Max: 242826833.4, Diff: 0.0]
   [Code Root Fixup: 0.0 ms]
   [Code Root Purge: 0.0 ms]
   [Clear CT: 0.9 ms]
   [Other: 4.6 ms]
      [Choose CSet: 0.0 ms]
      [Ref Proc: 4.0 ms]
      [Ref Enq: 0.1 ms]
      [Redirty Cards: 0.1 ms]
      [Humongous Register: 0.1 ms]
      [Humongous Reclaim: 0.0 ms]
      [Free CSet: 0.3 ms]
   [Eden: 7152.0M(7152.0M)->0.0B(5712.0M) Survivors: 16384.0K->16384.0K Heap: 10539.6M(14336.0M)->3388.1M(14336.0M)]
 [Times: user=0.04 sys=0.01, real=0.00 secs] 
2022-07-24T16:39:03.516-0700: 242915.021: [GC pause (G1 Evacuation Pause) (mixed), 0.0125747 secs]
   [Parallel Time: 8.5 ms, GC Workers: 8]
      [GC Worker Start (ms): Min: 242915021.2, Avg: 242915021.3, Max: 242915021.3, Diff: 0.1]
      [Ext Root Scanning (ms): Min: 1.3, Avg: 2.3, Max: 7.3, Diff: 6.0, Sum: 18.2]
      [Update RS (ms): Min: 0.0, Avg: 1.0, Max: 1.5, Diff: 1.5, Sum: 8.0]
         [Processed Buffers: Min: 0, Avg: 4.6, Max: 9, Diff: 9, Sum: 37]
      [Scan RS (ms): Min: 0.0, Avg: 1.2, Max: 1.5, Diff: 1.5, Sum: 9.6]
      [Code Root Scanning (ms): Min: 0.0, Avg: 0.0, Max: 0.0, Diff: 0.0, Sum: 0.0]
      [Object Copy (ms): Min: 1.0, Avg: 3.8, Max: 4.4, Diff: 3.3, Sum: 30.2]
      [Termination (ms): Min: 0.0, Avg: 0.0, Max: 0.0, Diff: 0.0, Sum: 0.0]
         [Termination Attempts: Min: 1, Avg: 1.8, Max: 3, Diff: 2, Sum: 14]
      [GC Worker Other (ms): Min: 0.0, Avg: 0.1, Max: 0.1, Diff: 0.1, Sum: 0.5]
      [GC Worker Total (ms): Min: 8.2, Avg: 8.3, Max: 8.4, Diff: 0.2, Sum: 66.5]
      [GC Worker End (ms): Min: 242915029.6, Avg: 242915029.6, Max: 242915029.7, Diff: 0.1]
   [Code Root Fixup: 0.0 ms]
   [Code Root Purge: 0.0 ms]
   [Clear CT: 0.8 ms]
   [Other: 3.3 ms]
      [Choose CSet: 0.0 ms]
      [Ref Proc: 2.7 ms]
      [Ref Enq: 0.1 ms]
      [Redirty Cards: 0.1 ms]
      [Humongous Register: 0.1 ms]
      [Humongous Reclaim: 0.0 ms]
      [Free CSet: 0.2 ms]
   [Eden: 5712.0M(5712.0M)->0.0B(7152.0M) Survivors: 16384.0K->16384.0K Heap: 9100.1M(14336.0M)->3381.8M(14336.0M)]
 [Times: user=0.08 sys=0.00, real=0.01 secs] 
2022-07-24T16:40:54.917-0700: 243026.422: [GC pause (G1 Evacuation Pause) (young), 0.0122200 secs]
   [Parallel Time: 7.3 ms, GC Workers: 8]
      [GC Worker Start (ms): Min: 243026421.9, Avg: 243026422.0, Max: 243026422.1, Diff: 0.1]
      [Ext Root Scanning (ms): Min: 1.2, Avg: 2.0, Max: 5.4, Diff: 4.1, Sum: 16.0]
      [Update RS (ms): Min: 0.8, Avg: 3.7, Max: 4.5, Diff: 3.6, Sum: 29.9]
         [Processed Buffers: Min: 2, Avg: 10.8, Max: 19, Diff: 17, Sum: 86]
      [Scan RS (ms): Min: 0.0, Avg: 0.0, Max: 0.1, Diff: 0.1, Sum: 0.4]
      [Code Root Scanning (ms): Min: 0.0, Avg: 0.0, Max: 0.0, Diff: 0.0, Sum: 0.0]
      [Object Copy (ms): Min: 0.9, Avg: 1.3, Max: 1.4, Diff: 0.5, Sum: 10.2]
      [Termination (ms): Min: 0.0, Avg: 0.0, Max: 0.0, Diff: 0.0, Sum: 0.0]
         [Termination Attempts: Min: 8, Avg: 11.2, Max: 15, Diff: 7, Sum: 90]
      [GC Worker Other (ms): Min: 0.0, Avg: 0.1, Max: 0.1, Diff: 0.1, Sum: 0.4]
      [GC Worker Total (ms): Min: 7.1, Avg: 7.1, Max: 7.2, Diff: 0.2, Sum: 56.9]
      [GC Worker End (ms): Min: 243026429.1, Avg: 243026429.1, Max: 243026429.2, Diff: 0.1]
   [Code Root Fixup: 0.0 ms]
   [Code Root Purge: 0.0 ms]
   [Clear CT: 0.8 ms]
   [Other: 4.1 ms]
      [Choose CSet: 0.0 ms]
      [Ref Proc: 3.6 ms]
      [Ref Enq: 0.1 ms]
      [Redirty Cards: 0.1 ms]
      [Humongous Register: 0.0 ms]
      [Humongous Reclaim: 0.0 ms]
      [Free CSet: 0.2 ms]
   [Eden: 7152.0M(7152.0M)->0.0B(7152.0M) Survivors: 16384.0K->16384.0K Heap: 10533.8M(14336.0M)->3385.5M(14336.0M)]
 [Times: user=0.07 sys=0.00, real=0.01 secs] 
2022-07-24T16:42:48.825-0700: 243140.329: [GC pause (G1 Evacuation Pause) (young) (initial-mark), 0.0152150 secs]
   [Parallel Time: 10.9 ms, GC Workers: 8]
      [GC Worker Start (ms): Min: 243140331.6, Avg: 243140331.7, Max: 243140331.8, Diff: 0.2]
      [Ext Root Scanning (ms): Min: 5.4, Avg: 5.7, Max: 6.2, Diff: 0.8, Sum: 45.8]
      [Update RS (ms): Min: 0.8, Avg: 0.9, Max: 1.1, Diff: 0.4, Sum: 7.5]
         [Processed Buffers: Min: 2, Avg: 5.2, Max: 11, Diff: 9, Sum: 42]
      [Scan RS (ms): Min: 0.0, Avg: 0.1, Max: 0.1, Diff: 0.1, Sum: 0.4]
      [Code Root Scanning (ms): Min: 0.0, Avg: 0.0, Max: 0.0, Diff: 0.0, Sum: 0.0]
      [Object Copy (ms): Min: 1.2, Avg: 1.7, Max: 2.1, Diff: 0.9, Sum: 13.9]
      [Termination (ms): Min: 0.0, Avg: 0.0, Max: 0.0, Diff: 0.0, Sum: 0.1]
         [Termination Attempts: Min: 22, Avg: 27.5, Max: 33, Diff: 11, Sum: 220]
      [GC Worker Other (ms): Min: 0.0, Avg: 0.1, Max: 0.1, Diff: 0.1, Sum: 0.4]
      [GC Worker Total (ms): Min: 8.4, Avg: 8.5, Max: 8.6, Diff: 0.2, Sum: 68.1]
      [GC Worker End (ms): Min: 243140340.2, Avg: 243140340.2, Max: 243140340.3, Diff: 0.1]
   [Code Root Fixup: 0.0 ms]
   [Code Root Purge: 0.0 ms]
   [Clear CT: 0.8 ms]
   [Other: 3.6 ms]
      [Choose CSet: 0.0 ms]
      [Ref Proc: 2.9 ms]
      [Ref Enq: 0.1 ms]
      [Redirty Cards: 0.1 ms]
      [Humongous Register: 0.0 ms]
      [Humongous Reclaim: 0.0 ms]
      [Free CSet: 0.3 ms]
   [Eden: 7152.0M(7152.0M)->0.0B(7152.0M) Survivors: 16384.0K->16384.0K Heap: 10537.5M(14336.0M)->3388.7M(14336.0M)]
 [Times: user=0.06 sys=0.01, real=0.01 secs] 
2022-07-24T16:42:48.840-0700: 243140.345: [GC concurrent-root-region-scan-start]
2022-07-24T16:42:48.848-0700: 243140.353: [GC concurrent-root-region-scan-end, 0.0083555 secs]
2022-07-24T16:42:48.848-0700: 243140.353: [GC concurrent-mark-start]
2022-07-24T16:42:51.453-0700: 243142.958: [GC concurrent-mark-end, 2.6047059 secs]
2022-07-24T16:42:51.453-0700: 243142.958: [GC remark 2022-07-24T16:42:51.454-0700: 243142.958: [Finalize Marking, 0.0003126 secs] 2022-07-24T16:42:51.454-0700: 243142.959: [GC ref-proc, 0.0093798 secs] 2022-07-24T16:42:51.463-0700: 243142.968: [Unloading, 0.0268864 secs], 0.0420508 secs]
 [Times: user=0.26 sys=0.00, real=0.05 secs] 
2022-07-24T16:42:51.496-0700: 243143.001: [GC cleanup 3540M->3540M(14336M), 0.0084679 secs]
 [Times: user=0.06 sys=0.00, real=0.01 secs] 
2022-07-24T16:44:44.416-0700: 243255.920: [GC pause (G1 Evacuation Pause) (young), 0.0108074 secs]
   [Parallel Time: 5.7 ms, GC Workers: 8]
      [GC Worker Start (ms): Min: 243255920.5, Avg: 243255920.6, Max: 243255920.6, Diff: 0.1]
      [Ext Root Scanning (ms): Min: 1.2, Avg: 2.0, Max: 5.4, Diff: 4.2, Sum: 16.0]
      [Update RS (ms): Min: 0.0, Avg: 1.1, Max: 1.8, Diff: 1.8, Sum: 8.7]
         [Processed Buffers: Min: 0, Avg: 4.8, Max: 12, Diff: 12, Sum: 38]
      [Scan RS (ms): Min: 0.0, Avg: 0.1, Max: 0.1, Diff: 0.1, Sum: 0.5]
      [Code Root Scanning (ms): Min: 0.0, Avg: 0.0, Max: 0.0, Diff: 0.0, Sum: 0.0]
      [Object Copy (ms): Min: 0.0, Avg: 1.8, Max: 2.3, Diff: 2.3, Sum: 14.5]
      [Termination (ms): Min: 0.0, Avg: 0.4, Max: 0.5, Diff: 0.5, Sum: 3.0]
         [Termination Attempts: Min: 1, Avg: 24.2, Max: 38, Diff: 37, Sum: 194]
      [GC Worker Other (ms): Min: 0.0, Avg: 0.0, Max: 0.1, Diff: 0.1, Sum: 0.3]
      [GC Worker Total (ms): Min: 5.3, Avg: 5.4, Max: 5.4, Diff: 0.1, Sum: 43.0]
      [GC Worker End (ms): Min: 243255925.9, Avg: 243255925.9, Max: 243255926.0, Diff: 0.1]
   [Code Root Fixup: 0.0 ms]
   [Code Root Purge: 0.0 ms]
   [Clear CT: 0.7 ms]
   [Other: 4.4 ms]
      [Choose CSet: 0.0 ms]
      [Ref Proc: 3.7 ms]
      [Ref Enq: 0.1 ms]
      [Redirty Cards: 0.1 ms]
      [Humongous Register: 0.0 ms]
      [Humongous Reclaim: 0.0 ms]
      [Free CSet: 0.3 ms]
   [Eden: 7152.0M(7152.0M)->0.0B(7152.0M) Survivors: 16384.0K->16384.0K Heap: 10540.7M(14336.0M)->3387.6M(14336.0M)]
 [Times: user=0.06 sys=0.00, real=0.01 secs] 
2022-07-24T16:46:37.475-0700: 243368.980: [GC pause (G1 Evacuation Pause) (young), 0.0134290 secs]
   [Parallel Time: 10.5 ms, GC Workers: 8]
      [GC Worker Start (ms): Min: 243368980.3, Avg: 243368980.3, Max: 243368980.4, Diff: 0.2]
      [Ext Root Scanning (ms): Min: 1.1, Avg: 1.9, Max: 5.3, Diff: 4.2, Sum: 15.0]
      [Update RS (ms): Min: 0.0, Avg: 2.0, Max: 8.6, Diff: 8.6, Sum: 16.1]
         [Processed Buffers: Min: 0, Avg: 5.2, Max: 17, Diff: 17, Sum: 42]
      [Scan RS (ms): Min: 0.0, Avg: 0.1, Max: 0.1, Diff: 0.1, Sum: 0.5]
      [Code Root Scanning (ms): Min: 0.0, Avg: 0.0, Max: 0.0, Diff: 0.0, Sum: 0.0]
      [Object Copy (ms): Min: 0.4, Avg: 2.4, Max: 3.2, Diff: 2.7, Sum: 19.1]
      [Termination (ms): Min: 0.0, Avg: 3.9, Max: 4.5, Diff: 4.5, Sum: 31.2]
         [Termination Attempts: Min: 1, Avg: 17.6, Max: 32, Diff: 31, Sum: 141]
      [GC Worker Other (ms): Min: 0.0, Avg: 0.0, Max: 0.1, Diff: 0.0, Sum: 0.2]
      [GC Worker Total (ms): Min: 10.2, Avg: 10.3, Max: 10.3, Diff: 0.2, Sum: 82.1]
      [GC Worker End (ms): Min: 243368990.6, Avg: 243368990.6, Max: 243368990.6, Diff: 0.0]
   [Code Root Fixup: 0.0 ms]
   [Code Root Purge: 0.0 ms]
   [Clear CT: 0.7 ms]
   [Other: 2.2 ms]
      [Choose CSet: 0.0 ms]
      [Ref Proc: 1.6 ms]
      [Ref Enq: 0.1 ms]
      [Redirty Cards: 0.1 ms]
      [Humongous Register: 0.0 ms]
      [Humongous Reclaim: 0.0 ms]
      [Free CSet: 0.2 ms]
   [Eden: 7152.0M(7152.0M)->0.0B(7152.0M) Survivors: 16384.0K->16384.0K Heap: 10539.6M(14336.0M)->3394.5M(14336.0M)]
 [Times: user=0.08 sys=0.00, real=0.01 secs] 
2022-07-24T16:48:30.865-0700: 243482.370: [GC pause (G1 Evacuation Pause) (young) (initial-mark), 0.0167505 secs]
   [Parallel Time: 12.0 ms, GC Workers: 8]
      [GC Worker Start (ms): Min: 243482372.1, Avg: 243482372.2, Max: 243482372.2, Diff: 0.2]
      [Ext Root Scanning (ms): Min: 5.4, Avg: 5.8, Max: 6.3, Diff: 0.9, Sum: 46.5]
      [Update RS (ms): Min: 0.8, Avg: 1.0, Max: 1.3, Diff: 0.5, Sum: 8.2]
         [Processed Buffers: Min: 2, Avg: 5.4, Max: 16, Diff: 14, Sum: 43]
      [Scan RS (ms): Min: 0.0, Avg: 0.1, Max: 0.2, Diff: 0.1, Sum: 0.4]
      [Code Root Scanning (ms): Min: 0.0, Avg: 0.0, Max: 0.0, Diff: 0.0, Sum: 0.0]
      [Object Copy (ms): Min: 2.0, Avg: 2.8, Max: 3.3, Diff: 1.2, Sum: 22.6]
      [Termination (ms): Min: 0.0, Avg: 0.0, Max: 0.0, Diff: 0.0, Sum: 0.0]
         [Termination Attempts: Min: 1, Avg: 1.0, Max: 1, Diff: 0, Sum: 8]
      [GC Worker Other (ms): Min: 0.0, Avg: 0.1, Max: 0.1, Diff: 0.1, Sum: 0.7]
      [GC Worker Total (ms): Min: 9.7, Avg: 9.8, Max: 10.0, Diff: 0.3, Sum: 78.5]
      [GC Worker End (ms): Min: 243482381.9, Avg: 243482382.0, Max: 243482382.0, Diff: 0.1]
   [Code Root Fixup: 0.0 ms]
   [Code Root Purge: 0.0 ms]
   [Clear CT: 0.8 ms]
   [Other: 3.9 ms]
      [Choose CSet: 0.0 ms]
      [Ref Proc: 3.2 ms]
      [Ref Enq: 0.1 ms]
      [Redirty Cards: 0.1 ms]
      [Humongous Register: 0.0 ms]
      [Humongous Reclaim: 0.0 ms]
      [Free CSet: 0.3 ms]
   [Eden: 7152.0M(7152.0M)->0.0B(7152.0M) Survivors: 16384.0K->16384.0K Heap: 10546.5M(14336.0M)->3400.6M(14336.0M)]
 [Times: user=0.07 sys=0.01, real=0.01 secs] 
2022-07-24T16:48:30.882-0700: 243482.387: [GC concurrent-root-region-scan-start]
2022-07-24T16:48:30.891-0700: 243482.396: [GC concurrent-root-region-scan-end, 0.0085466 secs]
2022-07-24T16:48:30.891-0700: 243482.396: [GC concurrent-mark-start]
2022-07-24T16:48:33.505-0700: 243485.010: [GC concurrent-mark-end, 2.6141547 secs]
2022-07-24T16:48:33.505-0700: 243485.010: [GC remark 2022-07-24T16:48:33.505-0700: 243485.010: [Finalize Marking, 0.0002717 secs] 2022-07-24T16:48:33.506-0700: 243485.010: [GC ref-proc, 0.0089007 secs] 2022-07-24T16:48:33.515-0700: 243485.019: [Unloading, 0.0268203 secs], 0.0415409 secs]
 [Times: user=0.25 sys=0.00, real=0.04 secs] 
2022-07-24T16:48:33.547-0700: 243485.052: [GC cleanup 3616M->3616M(14336M), 0.0090908 secs]
 [Times: user=0.06 sys=0.00, real=0.01 secs] 
2022-07-24T16:50:25.726-0700: 243597.230: [GC pause (G1 Evacuation Pause) (young), 0.0102622 secs]
   [Parallel Time: 7.1 ms, GC Workers: 8]
      [GC Worker Start (ms): Min: 243597230.6, Avg: 243597230.7, Max: 243597230.7, Diff: 0.1]
      [Ext Root Scanning (ms): Min: 1.1, Avg: 1.9, Max: 5.4, Diff: 4.3, Sum: 15.0]
      [Update RS (ms): Min: 0.0, Avg: 1.6, Max: 2.2, Diff: 2.2, Sum: 12.8]
         [Processed Buffers: Min: 0, Avg: 6.6, Max: 20, Diff: 20, Sum: 53]
      [Scan RS (ms): Min: 0.0, Avg: 0.1, Max: 0.1, Diff: 0.1, Sum: 0.4]
      [Code Root Scanning (ms): Min: 0.0, Avg: 0.0, Max: 0.0, Diff: 0.0, Sum: 0.0]
      [Object Copy (ms): Min: 0.0, Avg: 1.6, Max: 3.1, Diff: 3.1, Sum: 12.7]
      [Termination (ms): Min: 0.0, Avg: 1.7, Max: 2.0, Diff: 2.0, Sum: 13.5]
         [Termination Attempts: Min: 1, Avg: 1.9, Max: 3, Diff: 2, Sum: 15]
      [GC Worker Other (ms): Min: 0.0, Avg: 0.0, Max: 0.0, Diff: 0.0, Sum: 0.1]
      [GC Worker Total (ms): Min: 6.8, Avg: 6.8, Max: 6.9, Diff: 0.2, Sum: 54.6]
      [GC Worker End (ms): Min: 243597237.5, Avg: 243597237.5, Max: 243597237.5, Diff: 0.0]
   [Code Root Fixup: 0.0 ms]
   [Code Root Purge: 0.0 ms]
   [Clear CT: 0.7 ms]
   [Other: 2.4 ms]
      [Choose CSet: 0.0 ms]
      [Ref Proc: 1.8 ms]
      [Ref Enq: 0.1 ms]
      [Redirty Cards: 0.1 ms]
      [Humongous Register: 0.1 ms]
      [Humongous Reclaim: 0.0 ms]
      [Free CSet: 0.2 ms]
   [Eden: 7152.0M(7152.0M)->0.0B(5712.0M) Survivors: 16384.0K->16384.0K Heap: 10552.6M(14336.0M)->3395.5M(14336.0M)]
 [Times: user=0.07 sys=0.00, real=0.01 secs] 
2022-07-24T16:51:55.822-0700: 243687.327: [GC pause (G1 Evacuation Pause) (mixed), 0.0106982 secs]
   [Parallel Time: 7.7 ms, GC Workers: 8]
      [GC Worker Start (ms): Min: 243687327.5, Avg: 243687327.5, Max: 243687327.6, Diff: 0.1]
      [Ext Root Scanning (ms): Min: 1.1, Avg: 2.1, Max: 6.8, Diff: 5.6, Sum: 16.6]
      [Update RS (ms): Min: 0.0, Avg: 1.1, Max: 1.6, Diff: 1.6, Sum: 8.5]
         [Processed Buffers: Min: 0, Avg: 5.4, Max: 11, Diff: 11, Sum: 43]
      [Scan RS (ms): Min: 0.0, Avg: 1.1, Max: 1.3, Diff: 1.3, Sum: 8.5]
      [Code Root Scanning (ms): Min: 0.0, Avg: 0.0, Max: 0.0, Diff: 0.0, Sum: 0.0]
      [Object Copy (ms): Min: 0.6, Avg: 3.2, Max: 3.6, Diff: 3.0, Sum: 25.3]
      [Termination (ms): Min: 0.0, Avg: 0.0, Max: 0.0, Diff: 0.0, Sum: 0.0]
         [Termination Attempts: Min: 1, Avg: 1.0, Max: 1, Diff: 0, Sum: 8]
      [GC Worker Other (ms): Min: 0.0, Avg: 0.1, Max: 0.2, Diff: 0.1, Sum: 0.7]
      [GC Worker Total (ms): Min: 7.3, Avg: 7.4, Max: 7.6, Diff: 0.2, Sum: 59.6]
      [GC Worker End (ms): Min: 243687334.9, Avg: 243687335.0, Max: 243687335.1, Diff: 0.1]
   [Code Root Fixup: 0.0 ms]
   [Code Root Purge: 0.0 ms]
   [Clear CT: 0.7 ms]
   [Other: 2.3 ms]
      [Choose CSet: 0.0 ms]
      [Ref Proc: 1.6 ms]
      [Ref Enq: 0.1 ms]
      [Redirty Cards: 0.1 ms]
      [Humongous Register: 0.1 ms]
      [Humongous Reclaim: 0.0 ms]
      [Free CSet: 0.2 ms]
   [Eden: 5712.0M(5712.0M)->0.0B(7152.0M) Survivors: 16384.0K->16384.0K Heap: 9107.5M(14336.0M)->3386.7M(14336.0M)]
 [Times: user=0.07 sys=0.01, real=0.01 secs] 
2022-07-24T16:53:47.016-0700: 243798.521: [GC pause (G1 Evacuation Pause) (young), 0.0103443 secs]
   [Parallel Time: 7.5 ms, GC Workers: 8]
      [GC Worker Start (ms): Min: 243798520.7, Avg: 243798520.8, Max: 243798520.8, Diff: 0.1]
      [Ext Root Scanning (ms): Min: 1.3, Avg: 2.0, Max: 5.5, Diff: 4.2, Sum: 16.2]
      [Update RS (ms): Min: 1.1, Avg: 3.8, Max: 4.5, Diff: 3.4, Sum: 30.7]
         [Processed Buffers: Min: 9, Avg: 11.0, Max: 15, Diff: 6, Sum: 88]
      [Scan RS (ms): Min: 0.0, Avg: 0.1, Max: 0.1, Diff: 0.1, Sum: 0.5]
      [Code Root Scanning (ms): Min: 0.0, Avg: 0.0, Max: 0.0, Diff: 0.0, Sum: 0.0]
      [Object Copy (ms): Min: 0.8, Avg: 1.4, Max: 1.6, Diff: 0.8, Sum: 11.3]
      [Termination (ms): Min: 0.0, Avg: 0.0, Max: 0.0, Diff: 0.0, Sum: 0.0]
         [Termination Attempts: Min: 6, Avg: 11.2, Max: 18, Diff: 12, Sum: 90]
      [GC Worker Other (ms): Min: 0.0, Avg: 0.0, Max: 0.1, Diff: 0.1, Sum: 0.4]
      [GC Worker Total (ms): Min: 7.3, Avg: 7.4, Max: 7.4, Diff: 0.1, Sum: 59.1]
      [GC Worker End (ms): Min: 243798528.1, Avg: 243798528.1, Max: 243798528.2, Diff: 0.1]
   [Code Root Fixup: 0.0 ms]
   [Code Root Purge: 0.0 ms]
   [Clear CT: 0.6 ms]
   [Other: 2.2 ms]
      [Choose CSet: 0.0 ms]
      [Ref Proc: 1.6 ms]
      [Ref Enq: 0.1 ms]
      [Redirty Cards: 0.1 ms]
      [Humongous Register: 0.0 ms]
      [Humongous Reclaim: 0.0 ms]
      [Free CSet: 0.3 ms]
   [Eden: 7152.0M(7152.0M)->0.0B(7152.0M) Survivors: 16384.0K->16384.0K Heap: 10538.7M(14336.0M)->3392.5M(14336.0M)]
 [Times: user=0.07 sys=0.00, real=0.01 secs] 
2022-07-24T16:55:40.290-0700: 243911.794: [GC pause (G1 Evacuation Pause) (young) (initial-mark), 0.0165592 secs]
   [Parallel Time: 11.4 ms, GC Workers: 8]
      [GC Worker Start (ms): Min: 243911796.6, Avg: 243911796.6, Max: 243911796.7, Diff: 0.1]
      [Ext Root Scanning (ms): Min: 6.1, Avg: 6.5, Max: 7.0, Diff: 0.9, Sum: 52.0]
      [Update RS (ms): Min: 0.7, Avg: 0.9, Max: 1.1, Diff: 0.4, Sum: 7.2]
         [Processed Buffers: Min: 2, Avg: 4.9, Max: 9, Diff: 7, Sum: 39]
      [Scan RS (ms): Min: 0.0, Avg: 0.1, Max: 0.1, Diff: 0.1, Sum: 0.4]
      [Code Root Scanning (ms): Min: 0.0, Avg: 0.0, Max: 0.0, Diff: 0.0, Sum: 0.0]
      [Object Copy (ms): Min: 1.0, Avg: 1.6, Max: 1.8, Diff: 0.9, Sum: 12.7]
      [Termination (ms): Min: 0.0, Avg: 0.0, Max: 0.0, Diff: 0.0, Sum: 0.1]
         [Termination Attempts: Min: 22, Avg: 28.5, Max: 33, Diff: 11, Sum: 228]
      [GC Worker Other (ms): Min: 0.0, Avg: 0.1, Max: 0.2, Diff: 0.1, Sum: 0.5]
      [GC Worker Total (ms): Min: 9.0, Avg: 9.1, Max: 9.3, Diff: 0.3, Sum: 72.8]
      [GC Worker End (ms): Min: 243911805.7, Avg: 243911805.7, Max: 243911805.8, Diff: 0.1]
   [Code Root Fixup: 0.0 ms]
   [Code Root Purge: 0.0 ms]
   [Clear CT: 0.7 ms]
   [Other: 4.5 ms]
      [Choose CSet: 0.0 ms]
      [Ref Proc: 3.7 ms]
      [Ref Enq: 0.1 ms]
      [Redirty Cards: 0.1 ms]
      [Humongous Register: 0.0 ms]
      [Humongous Reclaim: 0.0 ms]
      [Free CSet: 0.3 ms]
   [Eden: 7152.0M(7152.0M)->0.0B(7152.0M) Survivors: 16384.0K->16384.0K Heap: 10544.5M(14336.0M)->3392.4M(14336.0M)]
 [Times: user=0.07 sys=0.01, real=0.02 secs] 
2022-07-24T16:55:40.306-0700: 243911.811: [GC concurrent-root-region-scan-start]
2022-07-24T16:55:40.315-0700: 243911.819: [GC concurrent-root-region-scan-end, 0.0081292 secs]
2022-07-24T16:55:40.315-0700: 243911.819: [GC concurrent-mark-start]
2022-07-24T16:55:42.880-0700: 243914.385: [GC concurrent-mark-end, 2.5653928 secs]
2022-07-24T16:55:42.880-0700: 243914.385: [GC remark 2022-07-24T16:55:42.880-0700: 243914.385: [Finalize Marking, 0.0004397 secs] 2022-07-24T16:55:42.881-0700: 243914.386: [GC ref-proc, 0.0094912 secs] 2022-07-24T16:55:42.890-0700: 243914.395: [Unloading, 0.0267676 secs], 0.0420692 secs]
 [Times: user=0.25 sys=0.00, real=0.04 secs] 
2022-07-24T16:55:42.923-0700: 243914.427: [GC cleanup 3536M->3536M(14336M), 0.0078635 secs]
 [Times: user=0.06 sys=0.00, real=0.00 secs] 
2022-07-24T16:57:32.821-0700: 244024.325: [GC pause (G1 Evacuation Pause) (young), 0.0145121 secs]
   [Parallel Time: 9.0 ms, GC Workers: 8]
      [GC Worker Start (ms): Min: 244024325.6, Avg: 244024325.7, Max: 244024325.7, Diff: 0.2]
      [Ext Root Scanning (ms): Min: 1.9, Avg: 3.8, Max: 5.8, Diff: 3.9, Sum: 30.7]
      [Update RS (ms): Min: 0.0, Avg: 1.0, Max: 2.0, Diff: 2.0, Sum: 8.1]
         [Processed Buffers: Min: 0, Avg: 5.4, Max: 12, Diff: 12, Sum: 43]
      [Scan RS (ms): Min: 0.0, Avg: 0.1, Max: 0.1, Diff: 0.1, Sum: 0.4]
      [Code Root Scanning (ms): Min: 0.0, Avg: 0.0, Max: 0.0, Diff: 0.0, Sum: 0.0]
      [Object Copy (ms): Min: 2.8, Avg: 3.7, Max: 4.6, Diff: 1.8, Sum: 29.3]
      [Termination (ms): Min: 0.0, Avg: 0.1, Max: 0.1, Diff: 0.1, Sum: 0.7]
         [Termination Attempts: Min: 1, Avg: 5.0, Max: 8, Diff: 7, Sum: 40]
      [GC Worker Other (ms): Min: 0.0, Avg: 0.0, Max: 0.1, Diff: 0.0, Sum: 0.3]
      [GC Worker Total (ms): Min: 8.6, Avg: 8.7, Max: 8.8, Diff: 0.2, Sum: 69.5]
      [GC Worker End (ms): Min: 244024334.3, Avg: 244024334.3, Max: 244024334.4, Diff: 0.1]
   [Code Root Fixup: 0.0 ms]
   [Code Root Purge: 0.0 ms]
   [Clear CT: 0.8 ms]
   [Other: 4.7 ms]
      [Choose CSet: 0.0 ms]
      [Ref Proc: 3.9 ms]
      [Ref Enq: 0.2 ms]
      [Redirty Cards: 0.2 ms]
      [Humongous Register: 0.1 ms]
      [Humongous Reclaim: 0.0 ms]
      [Free CSet: 0.3 ms]
   [Eden: 7152.0M(7152.0M)->0.0B(5712.0M) Survivors: 16384.0K->16384.0K Heap: 10544.4M(14336.0M)->3403.5M(14336.0M)]
 [Times: user=0.06 sys=0.01, real=0.02 secs] 
2022-07-24T16:59:01.067-0700: 244112.572: [GC pause (G1 Evacuation Pause) (mixed), 0.0133387 secs]
   [Parallel Time: 8.0 ms, GC Workers: 8]
      [GC Worker Start (ms): Min: 244112572.4, Avg: 244112572.5, Max: 244112572.5, Diff: 0.2]
      [Ext Root Scanning (ms): Min: 1.4, Avg: 2.3, Max: 6.7, Diff: 5.3, Sum: 18.5]
      [Update RS (ms): Min: 0.0, Avg: 1.0, Max: 1.6, Diff: 1.6, Sum: 8.3]
         [Processed Buffers: Min: 0, Avg: 4.9, Max: 9, Diff: 9, Sum: 39]
      [Scan RS (ms): Min: 0.0, Avg: 1.0, Max: 1.2, Diff: 1.2, Sum: 7.6]
      [Code Root Scanning (ms): Min: 0.0, Avg: 0.0, Max: 0.0, Diff: 0.0, Sum: 0.0]
      [Object Copy (ms): Min: 1.2, Avg: 3.5, Max: 4.0, Diff: 2.8, Sum: 28.2]
      [Termination (ms): Min: 0.0, Avg: 0.0, Max: 0.0, Diff: 0.0, Sum: 0.0]
         [Termination Attempts: Min: 1, Avg: 5.4, Max: 10, Diff: 9, Sum: 43]
      [GC Worker Other (ms): Min: 0.0, Avg: 0.0, Max: 0.1, Diff: 0.1, Sum: 0.4]
      [GC Worker Total (ms): Min: 7.8, Avg: 7.9, Max: 8.0, Diff: 0.2, Sum: 63.0]
      [GC Worker End (ms): Min: 244112580.3, Avg: 244112580.3, Max: 244112580.4, Diff: 0.1]
   [Code Root Fixup: 0.0 ms]
   [Code Root Purge: 0.0 ms]
   [Clear CT: 0.8 ms]
   [Other: 4.5 ms]
      [Choose CSet: 0.0 ms]
      [Ref Proc: 3.8 ms]
      [Ref Enq: 0.1 ms]
      [Redirty Cards: 0.1 ms]
      [Humongous Register: 0.1 ms]
      [Humongous Reclaim: 0.0 ms]
      [Free CSet: 0.2 ms]
   [Eden: 5712.0M(5712.0M)->0.0B(7136.0M) Survivors: 16384.0K->32768.0K Heap: 9115.5M(14336.0M)->3399.9M(14336.0M)]
 [Times: user=0.07 sys=0.00, real=0.01 secs] 
2022-07-24T17:00:52.716-0700: 244224.221: [GC pause (G1 Evacuation Pause) (young), 0.0109325 secs]
   [Parallel Time: 6.7 ms, GC Workers: 8]
      [GC Worker Start (ms): Min: 244224221.2, Avg: 244224221.3, Max: 244224221.3, Diff: 0.1]
      [Ext Root Scanning (ms): Min: 1.1, Avg: 1.9, Max: 5.0, Diff: 3.9, Sum: 15.0]
      [Update RS (ms): Min: 0.5, Avg: 3.4, Max: 4.2, Diff: 3.7, Sum: 26.9]
         [Processed Buffers: Min: 3, Avg: 11.0, Max: 18, Diff: 15, Sum: 88]
      [Scan RS (ms): Min: 0.0, Avg: 0.1, Max: 0.1, Diff: 0.1, Sum: 0.4]
      [Code Root Scanning (ms): Min: 0.0, Avg: 0.0, Max: 0.0, Diff: 0.0, Sum: 0.0]
      [Object Copy (ms): Min: 0.8, Avg: 1.2, Max: 1.3, Diff: 0.5, Sum: 9.2]
      [Termination (ms): Min: 0.0, Avg: 0.0, Max: 0.0, Diff: 0.0, Sum: 0.1]
         [Termination Attempts: Min: 1, Avg: 1.5, Max: 2, Diff: 1, Sum: 12]
      [GC Worker Other (ms): Min: 0.0, Avg: 0.0, Max: 0.1, Diff: 0.1, Sum: 0.3]
      [GC Worker Total (ms): Min: 6.4, Avg: 6.5, Max: 6.6, Diff: 0.1, Sum: 52.0]
      [GC Worker End (ms): Min: 244224227.7, Avg: 244224227.8, Max: 244224227.8, Diff: 0.1]
   [Code Root Fixup: 0.0 ms]
   [Code Root Purge: 0.0 ms]
   [Clear CT: 0.8 ms]
   [Other: 3.5 ms]
      [Choose CSet: 0.0 ms]
      [Ref Proc: 2.9 ms]
      [Ref Enq: 0.1 ms]
      [Redirty Cards: 0.1 ms]
      [Humongous Register: 0.0 ms]
      [Humongous Reclaim: 0.0 ms]
      [Free CSet: 0.2 ms]
   [Eden: 7136.0M(7136.0M)->0.0B(7152.0M) Survivors: 32768.0K->16384.0K Heap: 10535.9M(14336.0M)->3390.7M(14336.0M)]
 [Times: user=0.07 sys=0.00, real=0.01 secs] 
2022-07-24T17:02:46.170-0700: 244337.675: [GC pause (G1 Evacuation Pause) (young) (initial-mark), 0.0164001 secs]
   [Parallel Time: 12.0 ms, GC Workers: 8]
      [GC Worker Start (ms): Min: 244337677.0, Avg: 244337677.1, Max: 244337677.1, Diff: 0.1]
      [Ext Root Scanning (ms): Min: 4.7, Avg: 5.8, Max: 9.8, Diff: 5.1, Sum: 46.1]
      [Update RS (ms): Min: 0.0, Avg: 0.9, Max: 1.4, Diff: 1.4, Sum: 7.6]
         [Processed Buffers: Min: 0, Avg: 5.5, Max: 13, Diff: 13, Sum: 44]
      [Scan RS (ms): Min: 0.0, Avg: 0.1, Max: 0.1, Diff: 0.1, Sum: 0.4]
      [Code Root Scanning (ms): Min: 0.0, Avg: 0.0, Max: 0.0, Diff: 0.0, Sum: 0.0]
      [Object Copy (ms): Min: 0.1, Avg: 1.7, Max: 2.5, Diff: 2.4, Sum: 13.7]
      [Termination (ms): Min: 0.0, Avg: 1.4, Max: 1.6, Diff: 1.6, Sum: 11.4]
         [Termination Attempts: Min: 1, Avg: 11.8, Max: 20, Diff: 19, Sum: 94]
      [GC Worker Other (ms): Min: 0.0, Avg: 0.0, Max: 0.0, Diff: 0.0, Sum: 0.1]
      [GC Worker Total (ms): Min: 9.9, Avg: 9.9, Max: 10.0, Diff: 0.1, Sum: 79.4]
      [GC Worker End (ms): Min: 244337687.0, Avg: 244337687.0, Max: 244337687.0, Diff: 0.0]
   [Code Root Fixup: 0.0 ms]
   [Code Root Purge: 0.0 ms]
   [Clear CT: 0.7 ms]
   [Other: 3.7 ms]
      [Choose CSet: 0.0 ms]
      [Ref Proc: 3.0 ms]
      [Ref Enq: 0.1 ms]
      [Redirty Cards: 0.1 ms]
      [Humongous Register: 0.0 ms]
      [Humongous Reclaim: 0.0 ms]
      [Free CSet: 0.3 ms]
   [Eden: 7152.0M(7152.0M)->0.0B(7152.0M) Survivors: 16384.0K->16384.0K Heap: 10542.7M(14336.0M)->3394.9M(14336.0M)]
 [Times: user=0.08 sys=0.00, real=0.02 secs] 
2022-07-24T17:02:46.187-0700: 244337.692: [GC concurrent-root-region-scan-start]
2022-07-24T17:02:46.196-0700: 244337.701: [GC concurrent-root-region-scan-end, 0.0092727 secs]
2022-07-24T17:02:46.196-0700: 244337.701: [GC concurrent-mark-start]
2022-07-24T17:02:48.772-0700: 244340.276: [GC concurrent-mark-end, 2.5756249 secs]
2022-07-24T17:02:48.772-0700: 244340.277: [GC remark 2022-07-24T17:02:48.772-0700: 244340.277: [Finalize Marking, 0.0002494 secs] 2022-07-24T17:02:48.772-0700: 244340.277: [GC ref-proc, 0.0077124 secs] 2022-07-24T17:02:48.780-0700: 244340.285: [Unloading, 0.0271327 secs], 0.0406159 secs]
 [Times: user=0.25 sys=0.00, real=0.04 secs] 
2022-07-24T17:02:48.813-0700: 244340.318: [GC cleanup 3533M->3533M(14336M), 0.0087461 secs]
 [Times: user=0.06 sys=0.00, real=0.01 secs] 
2022-07-24T17:04:39.772-0700: 244451.277: [GC pause (G1 Evacuation Pause) (young), 0.0113563 secs]
   [Parallel Time: 5.9 ms, GC Workers: 8]
      [GC Worker Start (ms): Min: 244451277.0, Avg: 244451277.1, Max: 244451277.2, Diff: 0.1]
      [Ext Root Scanning (ms): Min: 1.4, Avg: 2.2, Max: 5.6, Diff: 4.3, Sum: 17.5]
      [Update RS (ms): Min: 0.0, Avg: 1.1, Max: 1.7, Diff: 1.7, Sum: 9.2]
         [Processed Buffers: Min: 0, Avg: 5.8, Max: 11, Diff: 11, Sum: 46]
      [Scan RS (ms): Min: 0.0, Avg: 0.1, Max: 0.2, Diff: 0.1, Sum: 0.4]
      [Code Root Scanning (ms): Min: 0.0, Avg: 0.0, Max: 0.0, Diff: 0.0, Sum: 0.0]
      [Object Copy (ms): Min: 0.0, Avg: 1.6, Max: 2.1, Diff: 2.1, Sum: 13.1]
      [Termination (ms): Min: 0.0, Avg: 0.6, Max: 0.6, Diff: 0.6, Sum: 4.4]
         [Termination Attempts: Min: 1, Avg: 1.0, Max: 1, Diff: 0, Sum: 8]
      [GC Worker Other (ms): Min: 0.0, Avg: 0.0, Max: 0.0, Diff: 0.0, Sum: 0.2]
      [GC Worker Total (ms): Min: 5.5, Avg: 5.6, Max: 5.7, Diff: 0.1, Sum: 44.8]
      [GC Worker End (ms): Min: 244451282.7, Avg: 244451282.7, Max: 244451282.7, Diff: 0.0]
   [Code Root Fixup: 0.0 ms]
   [Code Root Purge: 0.0 ms]
   [Clear CT: 0.8 ms]
   [Other: 4.7 ms]
      [Choose CSet: 0.0 ms]
      [Ref Proc: 4.1 ms]
      [Ref Enq: 0.1 ms]
      [Redirty Cards: 0.1 ms]
      [Humongous Register: 0.0 ms]
      [Humongous Reclaim: 0.0 ms]
      [Free CSet: 0.3 ms]
   [Eden: 7152.0M(7152.0M)->0.0B(5712.0M) Survivors: 16384.0K->16384.0K Heap: 10546.9M(14336.0M)->3393.5M(14336.0M)]
 [Times: user=0.06 sys=0.00, real=0.02 secs] 
2022-07-24T17:06:10.129-0700: 244541.634: [GC pause (G1 Evacuation Pause) (mixed), 0.0141817 secs]
   [Parallel Time: 8.8 ms, GC Workers: 8]
      [GC Worker Start (ms): Min: 244541633.9, Avg: 244541634.0, Max: 244541634.1, Diff: 0.2]
      [Ext Root Scanning (ms): Min: 1.1, Avg: 2.0, Max: 6.6, Diff: 5.6, Sum: 16.2]
      [Update RS (ms): Min: 0.0, Avg: 1.2, Max: 1.7, Diff: 1.7, Sum: 9.5]
         [Processed Buffers: Min: 0, Avg: 5.1, Max: 13, Diff: 13, Sum: 41]
      [Scan RS (ms): Min: 0.0, Avg: 1.0, Max: 1.2, Diff: 1.2, Sum: 7.7]
      [Code Root Scanning (ms): Min: 0.0, Avg: 0.0, Max: 0.0, Diff: 0.0, Sum: 0.0]
      [Object Copy (ms): Min: 2.0, Avg: 4.4, Max: 4.8, Diff: 2.8, Sum: 35.0]
      [Termination (ms): Min: 0.0, Avg: 0.0, Max: 0.0, Diff: 0.0, Sum: 0.1]
         [Termination Attempts: Min: 20, Avg: 25.2, Max: 37, Diff: 17, Sum: 202]
      [GC Worker Other (ms): Min: 0.0, Avg: 0.0, Max: 0.1, Diff: 0.1, Sum: 0.4]
      [GC Worker Total (ms): Min: 8.5, Avg: 8.6, Max: 8.7, Diff: 0.2, Sum: 68.9]
      [GC Worker End (ms): Min: 244541642.6, Avg: 244541642.6, Max: 244541642.6, Diff: 0.1]
   [Code Root Fixup: 0.0 ms]
   [Code Root Purge: 0.0 ms]
   [Clear CT: 0.7 ms]
   [Other: 4.6 ms]
      [Choose CSet: 0.0 ms]
      [Ref Proc: 4.0 ms]
      [Ref Enq: 0.1 ms]
      [Redirty Cards: 0.0 ms]
      [Humongous Register: 0.1 ms]
      [Humongous Reclaim: 0.0 ms]
      [Free CSet: 0.2 ms]
   [Eden: 5712.0M(5712.0M)->0.0B(7152.0M) Survivors: 16384.0K->16384.0K Heap: 9105.5M(14336.0M)->3386.6M(14336.0M)]
 [Times: user=0.08 sys=0.00, real=0.02 secs] 
2022-07-24T17:08:01.773-0700: 244653.278: [GC pause (G1 Evacuation Pause) (young), 0.0109489 secs]
   [Parallel Time: 8.0 ms, GC Workers: 8]
      [GC Worker Start (ms): Min: 244653277.7, Avg: 244653277.8, Max: 244653277.8, Diff: 0.1]
      [Ext Root Scanning (ms): Min: 1.3, Avg: 2.1, Max: 5.2, Diff: 3.9, Sum: 16.5]
      [Update RS (ms): Min: 1.2, Avg: 3.7, Max: 4.5, Diff: 3.3, Sum: 29.5]
         [Processed Buffers: Min: 1, Avg: 11.0, Max: 21, Diff: 20, Sum: 88]
      [Scan RS (ms): Min: 0.0, Avg: 0.0, Max: 0.1, Diff: 0.1, Sum: 0.4]
      [Code Root Scanning (ms): Min: 0.0, Avg: 0.0, Max: 0.0, Diff: 0.0, Sum: 0.0]
      [Object Copy (ms): Min: 1.3, Avg: 1.9, Max: 2.3, Diff: 1.0, Sum: 14.9]
      [Termination (ms): Min: 0.0, Avg: 0.0, Max: 0.0, Diff: 0.0, Sum: 0.0]
         [Termination Attempts: Min: 1, Avg: 2.1, Max: 4, Diff: 3, Sum: 17]
      [GC Worker Other (ms): Min: 0.0, Avg: 0.1, Max: 0.1, Diff: 0.1, Sum: 0.4]
      [GC Worker Total (ms): Min: 7.7, Avg: 7.7, Max: 7.8, Diff: 0.2, Sum: 61.8]
      [GC Worker End (ms): Min: 244653285.5, Avg: 244653285.5, Max: 244653285.6, Diff: 0.1]
   [Code Root Fixup: 0.0 ms]
   [Code Root Purge: 0.0 ms]
   [Clear CT: 0.7 ms]
   [Other: 2.2 ms]
      [Choose CSet: 0.0 ms]
      [Ref Proc: 1.6 ms]
      [Ref Enq: 0.1 ms]
      [Redirty Cards: 0.1 ms]
      [Humongous Register: 0.0 ms]
      [Humongous Reclaim: 0.0 ms]
      [Free CSet: 0.3 ms]
   [Eden: 7152.0M(7152.0M)->0.0B(7152.0M) Survivors: 16384.0K->16384.0K Heap: 10538.6M(14336.0M)->3395.5M(14336.0M)]
 [Times: user=0.06 sys=0.00, real=0.02 secs] 
2022-07-24T17:09:54.834-0700: 244766.339: [GC pause (G1 Evacuation Pause) (young) (initial-mark), 0.0165704 secs]
   [Parallel Time: 11.6 ms, GC Workers: 8]
      [GC Worker Start (ms): Min: 244766341.2, Avg: 244766341.3, Max: 244766341.4, Diff: 0.2]
      [Ext Root Scanning (ms): Min: 5.0, Avg: 5.5, Max: 6.0, Diff: 1.0, Sum: 44.3]
      [Update RS (ms): Min: 1.2, Avg: 1.4, Max: 1.8, Diff: 0.6, Sum: 11.3]
         [Processed Buffers: Min: 3, Avg: 5.9, Max: 9, Diff: 6, Sum: 47]
      [Scan RS (ms): Min: 0.0, Avg: 0.1, Max: 0.1, Diff: 0.1, Sum: 0.4]
      [Code Root Scanning (ms): Min: 0.0, Avg: 0.0, Max: 0.0, Diff: 0.0, Sum: 0.0]
      [Object Copy (ms): Min: 1.4, Avg: 2.0, Max: 2.5, Diff: 1.1, Sum: 15.7]
      [Termination (ms): Min: 0.0, Avg: 0.0, Max: 0.0, Diff: 0.0, Sum: 0.0]
         [Termination Attempts: Min: 1, Avg: 1.9, Max: 4, Diff: 3, Sum: 15]
      [GC Worker Other (ms): Min: 0.0, Avg: 0.1, Max: 0.2, Diff: 0.2, Sum: 0.6]
      [GC Worker Total (ms): Min: 8.9, Avg: 9.0, Max: 9.2, Diff: 0.3, Sum: 72.3]
      [GC Worker End (ms): Min: 244766350.3, Avg: 244766350.3, Max: 244766350.5, Diff: 0.2]
   [Code Root Fixup: 0.0 ms]
   [Code Root Purge: 0.0 ms]
   [Clear CT: 0.7 ms]
   [Other: 4.2 ms]
      [Choose CSet: 0.0 ms]
      [Ref Proc: 3.5 ms]
      [Ref Enq: 0.1 ms]
      [Redirty Cards: 0.1 ms]
      [Humongous Register: 0.0 ms]
      [Humongous Reclaim: 0.0 ms]
      [Free CSet: 0.3 ms]
   [Eden: 7152.0M(7152.0M)->0.0B(7152.0M) Survivors: 16384.0K->16384.0K Heap: 10547.5M(14336.0M)->3393.5M(14336.0M)]
 [Times: user=0.08 sys=0.00, real=0.02 secs] 
2022-07-24T17:09:54.851-0700: 244766.356: [GC concurrent-root-region-scan-start]
2022-07-24T17:09:54.861-0700: 244766.365: [GC concurrent-root-region-scan-end, 0.0098170 secs]
2022-07-24T17:09:54.861-0700: 244766.365: [GC concurrent-mark-start]
2022-07-24T17:09:57.444-0700: 244768.949: [GC concurrent-mark-end, 2.5836498 secs]
2022-07-24T17:09:57.445-0700: 244768.950: [GC remark 2022-07-24T17:09:57.445-0700: 244768.950: [Finalize Marking, 0.0003021 secs] 2022-07-24T17:09:57.445-0700: 244768.950: [GC ref-proc, 0.0113475 secs] 2022-07-24T17:09:57.456-0700: 244768.961: [Unloading, 0.0290027 secs], 0.0459915 secs]
 [Times: user=0.26 sys=0.00, real=0.04 secs] 
2022-07-24T17:09:57.491-0700: 244768.996: [GC cleanup 3579M->3579M(14336M), 0.0084361 secs]
 [Times: user=0.06 sys=0.00, real=0.01 secs] 
2022-07-24T17:11:44.519-0700: 244876.024: [GC pause (G1 Evacuation Pause) (young), 0.0113256 secs]
   [Parallel Time: 5.6 ms, GC Workers: 8]
      [GC Worker Start (ms): Min: 244876024.2, Avg: 244876024.3, Max: 244876024.4, Diff: 0.2]
      [Ext Root Scanning (ms): Min: 1.2, Avg: 2.0, Max: 5.5, Diff: 4.2, Sum: 16.0]
      [Update RS (ms): Min: 0.0, Avg: 1.6, Max: 2.2, Diff: 2.2, Sum: 12.6]
         [Processed Buffers: Min: 0, Avg: 5.9, Max: 17, Diff: 17, Sum: 47]
      [Scan RS (ms): Min: 0.0, Avg: 0.0, Max: 0.1, Diff: 0.1, Sum: 0.4]
      [Code Root Scanning (ms): Min: 0.0, Avg: 0.0, Max: 0.0, Diff: 0.0, Sum: 0.0]
      [Object Copy (ms): Min: 0.0, Avg: 1.6, Max: 2.0, Diff: 2.0, Sum: 12.7]
      [Termination (ms): Min: 0.0, Avg: 0.2, Max: 0.2, Diff: 0.2, Sum: 1.6]
         [Termination Attempts: Min: 1, Avg: 1.1, Max: 2, Diff: 1, Sum: 9]
      [GC Worker Other (ms): Min: 0.0, Avg: 0.0, Max: 0.1, Diff: 0.0, Sum: 0.2]
      [GC Worker Total (ms): Min: 5.4, Avg: 5.4, Max: 5.5, Diff: 0.1, Sum: 43.6]
      [GC Worker End (ms): Min: 244876029.7, Avg: 244876029.8, Max: 244876029.8, Diff: 0.1]
   [Code Root Fixup: 0.0 ms]
   [Code Root Purge: 0.0 ms]
   [Clear CT: 0.8 ms]
   [Other: 4.9 ms]
      [Choose CSet: 0.0 ms]
      [Ref Proc: 4.3 ms]
      [Ref Enq: 0.1 ms]
      [Redirty Cards: 0.1 ms]
      [Humongous Register: 0.1 ms]
      [Humongous Reclaim: 0.0 ms]
      [Free CSet: 0.3 ms]
   [Eden: 7152.0M(7152.0M)->0.0B(5712.0M) Survivors: 16384.0K->16384.0K Heap: 10545.5M(14336.0M)->3394.9M(14336.0M)]
 [Times: user=0.05 sys=0.00, real=0.01 secs] 
2022-07-24T17:13:10.764-0700: 244962.269: [GC pause (G1 Evacuation Pause) (mixed), 0.0146730 secs]
   [Parallel Time: 10.3 ms, GC Workers: 8]
      [GC Worker Start (ms): Min: 244962269.1, Avg: 244962269.1, Max: 244962269.2, Diff: 0.1]
      [Ext Root Scanning (ms): Min: 1.5, Avg: 2.4, Max: 6.8, Diff: 5.3, Sum: 19.3]
      [Update RS (ms): Min: 0.0, Avg: 1.6, Max: 2.3, Diff: 2.3, Sum: 13.0]
         [Processed Buffers: Min: 0, Avg: 5.9, Max: 9, Diff: 9, Sum: 47]
      [Scan RS (ms): Min: 0.0, Avg: 1.3, Max: 1.6, Diff: 1.6, Sum: 10.1]
      [Code Root Scanning (ms): Min: 0.0, Avg: 0.0, Max: 0.0, Diff: 0.0, Sum: 0.0]
      [Object Copy (ms): Min: 2.9, Avg: 4.3, Max: 4.7, Diff: 1.7, Sum: 34.6]
      [Termination (ms): Min: 0.0, Avg: 0.0, Max: 0.0, Diff: 0.0, Sum: 0.0]
         [Termination Attempts: Min: 11, Avg: 15.9, Max: 21, Diff: 10, Sum: 127]
      [GC Worker Other (ms): Min: 0.0, Avg: 0.1, Max: 0.1, Diff: 0.1, Sum: 0.5]
      [GC Worker Total (ms): Min: 9.6, Avg: 9.7, Max: 9.8, Diff: 0.2, Sum: 77.6]
      [GC Worker End (ms): Min: 244962278.8, Avg: 244962278.8, Max: 244962278.9, Diff: 0.1]
   [Code Root Fixup: 0.0 ms]
   [Code Root Purge: 0.0 ms]
   [Clear CT: 0.7 ms]
   [Other: 3.7 ms]
      [Choose CSet: 0.0 ms]
      [Ref Proc: 3.0 ms]
      [Ref Enq: 0.1 ms]
      [Redirty Cards: 0.1 ms]
      [Humongous Register: 0.1 ms]
      [Humongous Reclaim: 0.0 ms]
      [Free CSet: 0.2 ms]
   [Eden: 5712.0M(5712.0M)->0.0B(7152.0M) Survivors: 16384.0K->16384.0K Heap: 9106.9M(14336.0M)->3390.1M(14336.0M)]
 [Times: user=0.09 sys=0.00, real=0.01 secs] 
2022-07-24T17:14:56.822-0700: 245068.327: [GC pause (G1 Evacuation Pause) (young), 0.0107950 secs]
   [Parallel Time: 7.7 ms, GC Workers: 8]
      [GC Worker Start (ms): Min: 245068327.3, Avg: 245068327.4, Max: 245068327.5, Diff: 0.1]
      [Ext Root Scanning (ms): Min: 1.1, Avg: 1.8, Max: 5.1, Diff: 4.0, Sum: 14.7]
      [Update RS (ms): Min: 0.7, Avg: 3.5, Max: 4.2, Diff: 3.6, Sum: 28.0]
         [Processed Buffers: Min: 4, Avg: 11.9, Max: 22, Diff: 18, Sum: 95]
      [Scan RS (ms): Min: 0.0, Avg: 0.1, Max: 0.1, Diff: 0.1, Sum: 0.4]
      [Code Root Scanning (ms): Min: 0.0, Avg: 0.0, Max: 0.0, Diff: 0.0, Sum: 0.0]
      [Object Copy (ms): Min: 1.5, Avg: 1.9, Max: 2.0, Diff: 0.5, Sum: 14.9]
      [Termination (ms): Min: 0.0, Avg: 0.0, Max: 0.0, Diff: 0.0, Sum: 0.1]
         [Termination Attempts: Min: 11, Avg: 16.4, Max: 22, Diff: 11, Sum: 131]
      [GC Worker Other (ms): Min: 0.0, Avg: 0.1, Max: 0.2, Diff: 0.1, Sum: 0.6]
      [GC Worker Total (ms): Min: 7.3, Avg: 7.3, Max: 7.4, Diff: 0.1, Sum: 58.6]
      [GC Worker End (ms): Min: 245068334.7, Avg: 245068334.7, Max: 245068334.8, Diff: 0.1]
   [Code Root Fixup: 0.0 ms]
   [Code Root Purge: 0.0 ms]
   [Clear CT: 0.7 ms]
   [Other: 2.4 ms]
      [Choose CSet: 0.0 ms]
      [Ref Proc: 1.7 ms]
      [Ref Enq: 0.1 ms]
      [Redirty Cards: 0.1 ms]
      [Humongous Register: 0.1 ms]
      [Humongous Reclaim: 0.0 ms]
      [Free CSet: 0.3 ms]
   [Eden: 7152.0M(7152.0M)->0.0B(7152.0M) Survivors: 16384.0K->16384.0K Heap: 10542.1M(14336.0M)->3394.4M(14336.0M)]
 [Times: user=0.06 sys=0.00, real=0.01 secs] 
2022-07-24T17:16:39.568-0700: 245171.073: [GC pause (G1 Evacuation Pause) (young) (initial-mark), 0.0170391 secs]
   [Parallel Time: 12.2 ms, GC Workers: 8]
      [GC Worker Start (ms): Min: 245171074.9, Avg: 245171075.0, Max: 245171075.1, Diff: 0.2]
      [Ext Root Scanning (ms): Min: 5.1, Avg: 5.5, Max: 5.8, Diff: 0.7, Sum: 43.6]
      [Update RS (ms): Min: 2.0, Avg: 2.1, Max: 2.3, Diff: 0.3, Sum: 17.1]
         [Processed Buffers: Min: 4, Avg: 7.8, Max: 20, Diff: 16, Sum: 62]
      [Scan RS (ms): Min: 0.0, Avg: 0.1, Max: 0.1, Diff: 0.1, Sum: 0.4]
      [Code Root Scanning (ms): Min: 0.0, Avg: 0.0, Max: 0.0, Diff: 0.0, Sum: 0.0]
      [Object Copy (ms): Min: 1.8, Avg: 2.3, Max: 2.7, Diff: 0.9, Sum: 18.2]
      [Termination (ms): Min: 0.0, Avg: 0.0, Max: 0.0, Diff: 0.0, Sum: 0.0]
         [Termination Attempts: Min: 10, Avg: 14.9, Max: 20, Diff: 10, Sum: 119]
      [GC Worker Other (ms): Min: 0.0, Avg: 0.0, Max: 0.1, Diff: 0.0, Sum: 0.4]
      [GC Worker Total (ms): Min: 9.9, Avg: 10.0, Max: 10.1, Diff: 0.2, Sum: 79.8]
      [GC Worker End (ms): Min: 245171085.0, Avg: 245171085.0, Max: 245171085.0, Diff: 0.1]
   [Code Root Fixup: 0.0 ms]
   [Code Root Purge: 0.0 ms]
   [Clear CT: 0.7 ms]
   [Other: 4.1 ms]
      [Choose CSet: 0.0 ms]
      [Ref Proc: 3.4 ms]
      [Ref Enq: 0.1 ms]
      [Redirty Cards: 0.1 ms]
      [Humongous Register: 0.0 ms]
      [Humongous Reclaim: 0.0 ms]
      [Free CSet: 0.3 ms]
   [Eden: 7152.0M(7152.0M)->0.0B(7152.0M) Survivors: 16384.0K->16384.0K Heap: 10546.4M(14336.0M)->3396.8M(14336.0M)]
 [Times: user=0.09 sys=0.00, real=0.02 secs] 
2022-07-24T17:16:39.585-0700: 245171.090: [GC concurrent-root-region-scan-start]
2022-07-24T17:16:39.596-0700: 245171.101: [GC concurrent-root-region-scan-end, 0.0105884 secs]
2022-07-24T17:16:39.596-0700: 245171.101: [GC concurrent-mark-start]
2022-07-24T17:16:42.172-0700: 245173.677: [GC concurrent-mark-end, 2.5763514 secs]
2022-07-24T17:16:42.173-0700: 245173.677: [GC remark 2022-07-24T17:16:42.173-0700: 245173.677: [Finalize Marking, 0.0003063 secs] 2022-07-24T17:16:42.173-0700: 245173.678: [GC ref-proc, 0.0111705 secs] 2022-07-24T17:16:42.184-0700: 245173.689: [Unloading, 0.0291245 secs], 0.0459764 secs]
 [Times: user=0.26 sys=0.00, real=0.05 secs] 
2022-07-24T17:16:42.219-0700: 245173.724: [GC cleanup 3636M->3636M(14336M), 0.0080622 secs]
 [Times: user=0.06 sys=0.00, real=0.01 secs] 
2022-07-24T17:18:21.913-0700: 245273.417: [GC pause (G1 Evacuation Pause) (young), 0.0100445 secs]
   [Parallel Time: 7.2 ms, GC Workers: 8]
      [GC Worker Start (ms): Min: 245273417.4, Avg: 245273417.4, Max: 245273417.4, Diff: 0.1]
      [Ext Root Scanning (ms): Min: 1.4, Avg: 2.2, Max: 5.8, Diff: 4.4, Sum: 17.6]
      [Update RS (ms): Min: 0.0, Avg: 2.2, Max: 2.9, Diff: 2.9, Sum: 17.5]
         [Processed Buffers: Min: 0, Avg: 7.1, Max: 16, Diff: 16, Sum: 57]
      [Scan RS (ms): Min: 0.0, Avg: 0.1, Max: 0.2, Diff: 0.2, Sum: 0.5]
      [Code Root Scanning (ms): Min: 0.0, Avg: 0.0, Max: 0.0, Diff: 0.0, Sum: 0.0]
      [Object Copy (ms): Min: 1.2, Avg: 2.5, Max: 2.9, Diff: 1.7, Sum: 20.3]
      [Termination (ms): Min: 0.0, Avg: 0.0, Max: 0.0, Diff: 0.0, Sum: 0.0]
         [Termination Attempts: Min: 1, Avg: 1.9, Max: 4, Diff: 3, Sum: 15]
      [GC Worker Other (ms): Min: 0.0, Avg: 0.0, Max: 0.1, Diff: 0.1, Sum: 0.4]
      [GC Worker Total (ms): Min: 7.0, Avg: 7.0, Max: 7.1, Diff: 0.1, Sum: 56.4]
      [GC Worker End (ms): Min: 245273424.4, Avg: 245273424.4, Max: 245273424.5, Diff: 0.1]
   [Code Root Fixup: 0.0 ms]
   [Code Root Purge: 0.0 ms]
   [Clear CT: 0.7 ms]
   [Other: 2.1 ms]
      [Choose CSet: 0.0 ms]
      [Ref Proc: 1.5 ms]
      [Ref Enq: 0.1 ms]
      [Redirty Cards: 0.1 ms]
      [Humongous Register: 0.0 ms]
      [Humongous Reclaim: 0.0 ms]
      [Free CSet: 0.2 ms]
   [Eden: 7152.0M(7152.0M)->0.0B(5712.0M) Survivors: 16384.0K->16384.0K Heap: 10548.8M(14336.0M)->3399.8M(14336.0M)]
 [Times: user=0.07 sys=0.00, real=0.02 secs] 
2022-07-24T17:19:44.824-0700: 245356.329: [GC pause (G1 Evacuation Pause) (mixed), 0.0120980 secs]
   [Parallel Time: 9.0 ms, GC Workers: 8]
      [GC Worker Start (ms): Min: 245356328.9, Avg: 245356329.0, Max: 245356329.0, Diff: 0.1]
      [Ext Root Scanning (ms): Min: 1.1, Avg: 2.0, Max: 6.1, Diff: 5.0, Sum: 15.9]
      [Update RS (ms): Min: 0.0, Avg: 1.7, Max: 2.3, Diff: 2.3, Sum: 13.4]
         [Processed Buffers: Min: 0, Avg: 6.6, Max: 14, Diff: 14, Sum: 53]
      [Scan RS (ms): Min: 0.0, Avg: 1.0, Max: 1.3, Diff: 1.3, Sum: 7.9]
      [Code Root Scanning (ms): Min: 0.0, Avg: 0.0, Max: 0.0, Diff: 0.0, Sum: 0.0]
      [Object Copy (ms): Min: 2.7, Avg: 4.1, Max: 4.4, Diff: 1.7, Sum: 32.9]
      [Termination (ms): Min: 0.0, Avg: 0.0, Max: 0.0, Diff: 0.0, Sum: 0.0]
         [Termination Attempts: Min: 4, Avg: 7.6, Max: 10, Diff: 6, Sum: 61]
      [GC Worker Other (ms): Min: 0.0, Avg: 0.1, Max: 0.1, Diff: 0.1, Sum: 0.5]
      [GC Worker Total (ms): Min: 8.8, Avg: 8.8, Max: 8.9, Diff: 0.1, Sum: 70.6]
      [GC Worker End (ms): Min: 245356337.8, Avg: 245356337.8, Max: 245356337.9, Diff: 0.1]
   [Code Root Fixup: 0.0 ms]
   [Code Root Purge: 0.0 ms]
   [Clear CT: 0.7 ms]
   [Other: 2.3 ms]
      [Choose CSet: 0.0 ms]
      [Ref Proc: 1.7 ms]
      [Ref Enq: 0.1 ms]
      [Redirty Cards: 0.1 ms]
      [Humongous Register: 0.1 ms]
      [Humongous Reclaim: 0.0 ms]
      [Free CSet: 0.2 ms]
   [Eden: 5712.0M(5712.0M)->0.0B(7152.0M) Survivors: 16384.0K->16384.0K Heap: 9111.8M(14336.0M)->3389.8M(14336.0M)]
 [Times: user=0.08 sys=0.00, real=0.01 secs] 
2022-07-24T17:21:30.963-0700: 245462.468: [GC pause (G1 Evacuation Pause) (young), 0.0123139 secs]
   [Parallel Time: 9.0 ms, GC Workers: 8]
      [GC Worker Start (ms): Min: 245462467.9, Avg: 245462467.9, Max: 245462468.0, Diff: 0.1]
      [Ext Root Scanning (ms): Min: 1.3, Avg: 2.2, Max: 6.2, Diff: 4.8, Sum: 17.5]
      [Update RS (ms): Min: 1.1, Avg: 4.8, Max: 5.6, Diff: 4.5, Sum: 38.1]
         [Processed Buffers: Min: 4, Avg: 12.5, Max: 21, Diff: 17, Sum: 100]
      [Scan RS (ms): Min: 0.0, Avg: 0.1, Max: 0.1, Diff: 0.1, Sum: 0.5]
      [Code Root Scanning (ms): Min: 0.0, Avg: 0.0, Max: 0.0, Diff: 0.0, Sum: 0.0]
      [Object Copy (ms): Min: 1.4, Avg: 1.7, Max: 1.9, Diff: 0.5, Sum: 13.9]
      [Termination (ms): Min: 0.0, Avg: 0.0, Max: 0.0, Diff: 0.0, Sum: 0.0]
         [Termination Attempts: Min: 1, Avg: 2.2, Max: 4, Diff: 3, Sum: 18]
      [GC Worker Other (ms): Min: 0.0, Avg: 0.0, Max: 0.1, Diff: 0.0, Sum: 0.3]
      [GC Worker Total (ms): Min: 8.7, Avg: 8.8, Max: 8.9, Diff: 0.1, Sum: 70.3]
      [GC Worker End (ms): Min: 245462476.7, Avg: 245462476.7, Max: 245462476.8, Diff: 0.0]
   [Code Root Fixup: 0.0 ms]
   [Code Root Purge: 0.0 ms]
   [Clear CT: 0.7 ms]
   [Other: 2.5 ms]
      [Choose CSet: 0.0 ms]
      [Ref Proc: 1.6 ms]
      [Ref Enq: 0.1 ms]
      [Redirty Cards: 0.1 ms]
      [Humongous Register: 0.1 ms]
      [Humongous Reclaim: 0.0 ms]
      [Free CSet: 0.3 ms]
   [Eden: 7152.0M(7152.0M)->0.0B(7152.0M) Survivors: 16384.0K->16384.0K Heap: 10541.8M(14336.0M)->3396.4M(14336.0M)]
 [Times: user=0.08 sys=0.00, real=0.01 secs] 
2022-07-24T17:23:15.673-0700: 245567.177: [GC pause (G1 Evacuation Pause) (young) (initial-mark), 0.0203782 secs]
   [Parallel Time: 16.2 ms, GC Workers: 8]
      [GC Worker Start (ms): Min: 245567179.4, Avg: 245567179.5, Max: 245567179.5, Diff: 0.2]
      [Ext Root Scanning (ms): Min: 5.1, Avg: 5.4, Max: 5.9, Diff: 0.8, Sum: 43.4]
      [Update RS (ms): Min: 1.0, Avg: 1.1, Max: 1.4, Diff: 0.4, Sum: 8.8]
         [Processed Buffers: Min: 3, Avg: 5.4, Max: 7, Diff: 4, Sum: 43]
      [Scan RS (ms): Min: 0.0, Avg: 0.0, Max: 0.1, Diff: 0.1, Sum: 0.4]
      [Code Root Scanning (ms): Min: 0.0, Avg: 0.0, Max: 0.0, Diff: 0.0, Sum: 0.0]
      [Object Copy (ms): Min: 6.4, Avg: 7.1, Max: 7.6, Diff: 1.2, Sum: 57.1]
      [Termination (ms): Min: 0.0, Avg: 0.3, Max: 0.4, Diff: 0.4, Sum: 2.3]
         [Termination Attempts: Min: 1, Avg: 15.0, Max: 24, Diff: 23, Sum: 120]
      [GC Worker Other (ms): Min: 0.0, Avg: 0.0, Max: 0.0, Diff: 0.0, Sum: 0.1]
      [GC Worker Total (ms): Min: 14.0, Avg: 14.0, Max: 14.1, Diff: 0.2, Sum: 112.2]
      [GC Worker End (ms): Min: 245567193.5, Avg: 245567193.5, Max: 245567193.5, Diff: 0.0]
   [Code Root Fixup: 0.0 ms]
   [Code Root Purge: 0.0 ms]
   [Clear CT: 0.8 ms]
   [Other: 3.3 ms]
      [Choose CSet: 0.0 ms]
      [Ref Proc: 2.3 ms]
      [Ref Enq: 0.1 ms]
      [Redirty Cards: 0.1 ms]
      [Humongous Register: 0.0 ms]
      [Humongous Reclaim: 0.0 ms]
      [Free CSet: 0.3 ms]
   [Eden: 7152.0M(7152.0M)->0.0B(7152.0M) Survivors: 16384.0K->16384.0K Heap: 10548.4M(14336.0M)->3400.7M(14336.0M)]
 [Times: user=0.06 sys=0.01, real=0.02 secs] 
2022-07-24T17:23:15.693-0700: 245567.198: [GC concurrent-root-region-scan-start]
2022-07-24T17:23:15.702-0700: 245567.207: [GC concurrent-root-region-scan-end, 0.0088113 secs]
2022-07-24T17:23:15.702-0700: 245567.207: [GC concurrent-mark-start]
2022-07-24T17:23:18.300-0700: 245569.804: [GC concurrent-mark-end, 2.5977368 secs]
2022-07-24T17:23:18.300-0700: 245569.805: [GC remark 2022-07-24T17:23:18.300-0700: 245569.805: [Finalize Marking, 0.0003721 secs] 2022-07-24T17:23:18.300-0700: 245569.805: [GC ref-proc, 0.0085756 secs] 2022-07-24T17:23:18.309-0700: 245569.814: [Unloading, 0.0266129 secs], 0.0410346 secs]
 [Times: user=0.26 sys=0.00, real=0.04 secs] 
2022-07-24T17:23:18.341-0700: 245569.846: [GC cleanup 3600M->3600M(14336M), 0.0082856 secs]
 [Times: user=0.06 sys=0.00, real=0.01 secs] 
2022-07-24T17:25:04.662-0700: 245676.166: [GC pause (G1 Evacuation Pause) (young), 0.0139189 secs]
   [Parallel Time: 9.3 ms, GC Workers: 8]
      [GC Worker Start (ms): Min: 245676166.6, Avg: 245676166.7, Max: 245676166.7, Diff: 0.1]
      [Ext Root Scanning (ms): Min: 1.4, Avg: 2.2, Max: 5.7, Diff: 4.3, Sum: 17.3]
      [Update RS (ms): Min: 0.0, Avg: 1.6, Max: 2.5, Diff: 2.5, Sum: 13.0]
         [Processed Buffers: Min: 0, Avg: 5.5, Max: 10, Diff: 10, Sum: 44]
      [Scan RS (ms): Min: 0.0, Avg: 0.1, Max: 0.1, Diff: 0.1, Sum: 0.5]
      [Code Root Scanning (ms): Min: 0.0, Avg: 0.0, Max: 0.0, Diff: 0.0, Sum: 0.0]
      [Object Copy (ms): Min: 1.2, Avg: 3.8, Max: 5.7, Diff: 4.5, Sum: 30.3]
      [Termination (ms): Min: 0.0, Avg: 1.4, Max: 2.2, Diff: 2.2, Sum: 11.4]
         [Termination Attempts: Min: 1, Avg: 8.2, Max: 16, Diff: 15, Sum: 66]
      [GC Worker Other (ms): Min: 0.0, Avg: 0.0, Max: 0.0, Diff: 0.0, Sum: 0.2]
      [GC Worker Total (ms): Min: 9.0, Avg: 9.1, Max: 9.2, Diff: 0.1, Sum: 72.8]
      [GC Worker End (ms): Min: 245676175.7, Avg: 245676175.8, Max: 245676175.8, Diff: 0.0]
   [Code Root Fixup: 0.0 ms]
   [Code Root Purge: 0.0 ms]
   [Clear CT: 0.7 ms]
   [Other: 3.9 ms]
      [Choose CSet: 0.0 ms]
      [Ref Proc: 3.3 ms]
      [Ref Enq: 0.1 ms]
      [Redirty Cards: 0.1 ms]
      [Humongous Register: 0.1 ms]
      [Humongous Reclaim: 0.0 ms]
      [Free CSet: 0.3 ms]
   [Eden: 7152.0M(7152.0M)->0.0B(5712.0M) Survivors: 16384.0K->16384.0K Heap: 10552.7M(14336.0M)->3398.8M(14336.0M)]
 [Times: user=0.08 sys=0.00, real=0.02 secs] 
2022-07-24T17:26:31.176-0700: 245762.680: [GC pause (G1 Evacuation Pause) (mixed), 0.0319695 secs]
   [Parallel Time: 27.2 ms, GC Workers: 8]
      [GC Worker Start (ms): Min: 245762680.5, Avg: 245762680.6, Max: 245762680.7, Diff: 0.2]
      [Ext Root Scanning (ms): Min: 0.4, Avg: 1.7, Max: 4.9, Diff: 4.5, Sum: 14.0]
      [Update RS (ms): Min: 0.8, Avg: 1.2, Max: 2.6, Diff: 1.8, Sum: 9.6]
         [Processed Buffers: Min: 2, Avg: 5.8, Max: 18, Diff: 16, Sum: 46]
      [Scan RS (ms): Min: 0.9, Avg: 1.1, Max: 1.2, Diff: 0.3, Sum: 9.0]
      [Code Root Scanning (ms): Min: 0.0, Avg: 0.0, Max: 0.0, Diff: 0.0, Sum: 0.1]
      [Object Copy (ms): Min: 19.1, Avg: 22.7, Max: 24.3, Diff: 5.2, Sum: 181.5]
      [Termination (ms): Min: 0.0, Avg: 0.0, Max: 0.0, Diff: 0.0, Sum: 0.1]
         [Termination Attempts: Min: 2, Avg: 4.0, Max: 6, Diff: 4, Sum: 32]
      [GC Worker Other (ms): Min: 0.0, Avg: 0.1, Max: 0.1, Diff: 0.1, Sum: 0.6]
      [GC Worker Total (ms): Min: 26.7, Avg: 26.8, Max: 26.9, Diff: 0.2, Sum: 214.6]
      [GC Worker End (ms): Min: 245762707.4, Avg: 245762707.4, Max: 245762707.5, Diff: 0.1]
   [Code Root Fixup: 0.0 ms]
   [Code Root Purge: 0.0 ms]
   [Clear CT: 0.7 ms]
   [Other: 4.0 ms]
      [Choose CSet: 0.0 ms]
      [Ref Proc: 3.2 ms]
      [Ref Enq: 0.1 ms]
      [Redirty Cards: 0.1 ms]
      [Humongous Register: 0.0 ms]
      [Humongous Reclaim: 0.0 ms]
      [Free CSet: 0.3 ms]
   [Eden: 5712.0M(5712.0M)->0.0B(7152.0M) Survivors: 16384.0K->16384.0K Heap: 9110.8M(14336.0M)->3392.5M(14336.0M)]
 [Times: user=0.08 sys=0.00, real=0.03 secs] 
2022-07-24T17:28:15.567-0700: 245867.071: [GC pause (G1 Evacuation Pause) (young), 0.0140099 secs]
   [Parallel Time: 9.9 ms, GC Workers: 8]
      [GC Worker Start (ms): Min: 245867071.4, Avg: 245867071.5, Max: 245867071.5, Diff: 0.1]
      [Ext Root Scanning (ms): Min: 1.6, Avg: 2.4, Max: 6.0, Diff: 4.4, Sum: 19.1]
      [Update RS (ms): Min: 1.0, Avg: 4.2, Max: 4.9, Diff: 3.8, Sum: 33.4]
         [Processed Buffers: Min: 8, Avg: 12.4, Max: 17, Diff: 9, Sum: 99]
      [Scan RS (ms): Min: 0.0, Avg: 0.0, Max: 0.1, Diff: 0.1, Sum: 0.4]
      [Code Root Scanning (ms): Min: 0.0, Avg: 0.0, Max: 0.0, Diff: 0.0, Sum: 0.0]
      [Object Copy (ms): Min: 2.5, Avg: 2.9, Max: 3.1, Diff: 0.6, Sum: 23.2]
      [Termination (ms): Min: 0.0, Avg: 0.0, Max: 0.1, Diff: 0.1, Sum: 0.4]
         [Termination Attempts: Min: 1, Avg: 2.1, Max: 5, Diff: 4, Sum: 17]
      [GC Worker Other (ms): Min: 0.0, Avg: 0.0, Max: 0.1, Diff: 0.0, Sum: 0.2]
      [GC Worker Total (ms): Min: 9.5, Avg: 9.6, Max: 9.7, Diff: 0.2, Sum: 76.7]
      [GC Worker End (ms): Min: 245867081.0, Avg: 245867081.1, Max: 245867081.1, Diff: 0.1]
   [Code Root Fixup: 0.0 ms]
   [Code Root Purge: 0.0 ms]
   [Clear CT: 0.7 ms]
   [Other: 3.4 ms]
      [Choose CSet: 0.0 ms]
      [Ref Proc: 2.7 ms]
      [Ref Enq: 0.1 ms]
      [Redirty Cards: 0.1 ms]
      [Humongous Register: 0.1 ms]
      [Humongous Reclaim: 0.0 ms]
      [Free CSet: 0.3 ms]
   [Eden: 7152.0M(7152.0M)->0.0B(7152.0M) Survivors: 16384.0K->16384.0K Heap: 10544.5M(14336.0M)->3405.7M(14336.0M)]
 [Times: user=0.09 sys=0.00, real=0.01 secs] 
2022-07-24T17:29:59.721-0700: 245971.226: [GC pause (G1 Evacuation Pause) (young) (initial-mark), 0.0178918 secs]
   [Parallel Time: 13.0 ms, GC Workers: 8]
      [GC Worker Start (ms): Min: 245971228.2, Avg: 245971228.3, Max: 245971228.3, Diff: 0.1]
      [Ext Root Scanning (ms): Min: 5.5, Avg: 5.9, Max: 6.4, Diff: 0.9, Sum: 47.4]
      [Update RS (ms): Min: 1.2, Avg: 1.4, Max: 1.8, Diff: 0.6, Sum: 11.2]
         [Processed Buffers: Min: 3, Avg: 6.0, Max: 10, Diff: 7, Sum: 48]
      [Scan RS (ms): Min: 0.0, Avg: 0.1, Max: 0.1, Diff: 0.1, Sum: 0.4]
      [Code Root Scanning (ms): Min: 0.0, Avg: 0.0, Max: 0.0, Diff: 0.0, Sum: 0.0]
      [Object Copy (ms): Min: 2.7, Avg: 3.1, Max: 3.6, Diff: 0.8, Sum: 24.9]
      [Termination (ms): Min: 0.0, Avg: 0.0, Max: 0.0, Diff: 0.0, Sum: 0.0]
         [Termination Attempts: Min: 1, Avg: 1.0, Max: 1, Diff: 0, Sum: 8]
      [GC Worker Other (ms): Min: 0.0, Avg: 0.1, Max: 0.1, Diff: 0.1, Sum: 0.5]
      [GC Worker Total (ms): Min: 10.5, Avg: 10.5, Max: 10.6, Diff: 0.1, Sum: 84.4]
      [GC Worker End (ms): Min: 245971238.8, Avg: 245971238.8, Max: 245971238.9, Diff: 0.1]
   [Code Root Fixup: 0.0 ms]
   [Code Root Purge: 0.0 ms]
   [Clear CT: 0.8 ms]
   [Other: 4.1 ms]
      [Choose CSet: 0.0 ms]
      [Ref Proc: 3.4 ms]
      [Ref Enq: 0.1 ms]
      [Redirty Cards: 0.1 ms]
      [Humongous Register: 0.0 ms]
      [Humongous Reclaim: 0.0 ms]
      [Free CSet: 0.3 ms]
   [Eden: 7152.0M(7152.0M)->0.0B(7152.0M) Survivors: 16384.0K->16384.0K Heap: 10557.7M(14336.0M)->3412.2M(14336.0M)]
 [Times: user=0.08 sys=0.01, real=0.02 secs] 
2022-07-24T17:29:59.739-0700: 245971.244: [GC concurrent-root-region-scan-start]
2022-07-24T17:29:59.749-0700: 245971.253: [GC concurrent-root-region-scan-end, 0.0093089 secs]
2022-07-24T17:29:59.749-0700: 245971.253: [GC concurrent-mark-start]
2022-07-24T17:30:02.317-0700: 245973.822: [GC concurrent-mark-end, 2.5683052 secs]
2022-07-24T17:30:02.317-0700: 245973.822: [GC remark 2022-07-24T17:30:02.317-0700: 245973.822: [Finalize Marking, 0.0005291 secs] 2022-07-24T17:30:02.318-0700: 245973.823: [GC ref-proc, 0.0084523 secs] 2022-07-24T17:30:02.326-0700: 245973.831: [Unloading, 0.0292376 secs], 0.0436886 secs]
 [Times: user=0.26 sys=0.00, real=0.04 secs] 
2022-07-24T17:30:02.361-0700: 245973.866: [GC cleanup 3596M->3596M(14336M), 0.0080210 secs]
 [Times: user=0.05 sys=0.00, real=0.01 secs] 
2022-07-24T17:31:47.625-0700: 246079.129: [GC pause (G1 Evacuation Pause) (young), 0.0099109 secs]
   [Parallel Time: 6.2 ms, GC Workers: 8]
      [GC Worker Start (ms): Min: 246079129.4, Avg: 246079129.5, Max: 246079129.6, Diff: 0.2]
      [Ext Root Scanning (ms): Min: 1.2, Avg: 1.9, Max: 5.1, Diff: 3.9, Sum: 15.2]
      [Update RS (ms): Min: 0.0, Avg: 2.2, Max: 3.0, Diff: 3.0, Sum: 17.7]
         [Processed Buffers: Min: 0, Avg: 7.9, Max: 19, Diff: 19, Sum: 63]
      [Scan RS (ms): Min: 0.0, Avg: 0.1, Max: 0.1, Diff: 0.1, Sum: 0.4]
      [Code Root Scanning (ms): Min: 0.0, Avg: 0.0, Max: 0.0, Diff: 0.0, Sum: 0.0]
      [Object Copy (ms): Min: 1.0, Avg: 1.8, Max: 2.0, Diff: 1.0, Sum: 14.2]
      [Termination (ms): Min: 0.0, Avg: 0.0, Max: 0.0, Diff: 0.0, Sum: 0.0]
         [Termination Attempts: Min: 1, Avg: 2.1, Max: 4, Diff: 3, Sum: 17]
      [GC Worker Other (ms): Min: 0.0, Avg: 0.0, Max: 0.1, Diff: 0.1, Sum: 0.3]
      [GC Worker Total (ms): Min: 5.9, Avg: 6.0, Max: 6.1, Diff: 0.2, Sum: 47.9]
      [GC Worker End (ms): Min: 246079135.5, Avg: 246079135.5, Max: 246079135.6, Diff: 0.1]
   [Code Root Fixup: 0.0 ms]
   [Code Root Purge: 0.0 ms]
   [Clear CT: 0.7 ms]
   [Other: 2.9 ms]
      [Choose CSet: 0.0 ms]
      [Ref Proc: 2.3 ms]
      [Ref Enq: 0.1 ms]
      [Redirty Cards: 0.1 ms]
      [Humongous Register: 0.0 ms]
      [Humongous Reclaim: 0.0 ms]
      [Free CSet: 0.3 ms]
   [Eden: 7152.0M(7152.0M)->0.0B(5712.0M) Survivors: 16384.0K->16384.0K Heap: 10564.2M(14336.0M)->3406.4M(14336.0M)]
 [Times: user=0.06 sys=0.00, real=0.00 secs] 
2022-07-24T17:33:10.829-0700: 246162.334: [GC pause (G1 Evacuation Pause) (mixed), 0.0137663 secs]
   [Parallel Time: 10.2 ms, GC Workers: 8]
      [GC Worker Start (ms): Min: 246162334.0, Avg: 246162334.1, Max: 246162334.2, Diff: 0.1]
      [Ext Root Scanning (ms): Min: 1.3, Avg: 2.6, Max: 6.2, Diff: 4.9, Sum: 21.0]
      [Update RS (ms): Min: 0.0, Avg: 1.6, Max: 2.3, Diff: 2.3, Sum: 12.7]
         [Processed Buffers: Min: 0, Avg: 5.8, Max: 17, Diff: 17, Sum: 46]
      [Scan RS (ms): Min: 0.0, Avg: 1.4, Max: 1.8, Diff: 1.8, Sum: 10.9]
      [Code Root Scanning (ms): Min: 0.0, Avg: 0.0, Max: 0.0, Diff: 0.0, Sum: 0.0]
      [Object Copy (ms): Min: 3.6, Avg: 4.2, Max: 4.5, Diff: 0.9, Sum: 33.6]
      [Termination (ms): Min: 0.0, Avg: 0.1, Max: 0.2, Diff: 0.2, Sum: 0.7]
         [Termination Attempts: Min: 1, Avg: 13.1, Max: 20, Diff: 19, Sum: 105]
      [GC Worker Other (ms): Min: 0.0, Avg: 0.0, Max: 0.0, Diff: 0.0, Sum: 0.1]
      [GC Worker Total (ms): Min: 9.8, Avg: 9.9, Max: 10.0, Diff: 0.2, Sum: 79.0]
      [GC Worker End (ms): Min: 246162343.9, Avg: 246162344.0, Max: 246162344.1, Diff: 0.2]
   [Code Root Fixup: 0.0 ms]
   [Code Root Purge: 0.0 ms]
   [Clear CT: 0.7 ms]
   [Other: 2.9 ms]
      [Choose CSet: 0.0 ms]
      [Ref Proc: 2.3 ms]
      [Ref Enq: 0.1 ms]
      [Redirty Cards: 0.1 ms]
      [Humongous Register: 0.0 ms]
      [Humongous Reclaim: 0.0 ms]
      [Free CSet: 0.2 ms]
   [Eden: 5712.0M(5712.0M)->0.0B(7152.0M) Survivors: 16384.0K->16384.0K Heap: 9118.4M(14336.0M)->3401.3M(14336.0M)]
 [Times: user=0.08 sys=0.00, real=0.02 secs] 
2022-07-24T17:35:00.015-0700: 246271.520: [GC pause (G1 Evacuation Pause) (young), 0.0106481 secs]
   [Parallel Time: 7.8 ms, GC Workers: 8]
      [GC Worker Start (ms): Min: 246271520.1, Avg: 246271520.1, Max: 246271520.1, Diff: 0.1]
      [Ext Root Scanning (ms): Min: 1.2, Avg: 1.9, Max: 5.0, Diff: 3.8, Sum: 14.9]
      [Update RS (ms): Min: 1.2, Avg: 3.6, Max: 4.2, Diff: 3.0, Sum: 29.1]
         [Processed Buffers: Min: 9, Avg: 11.9, Max: 16, Diff: 7, Sum: 95]
      [Scan RS (ms): Min: 0.0, Avg: 0.1, Max: 0.1, Diff: 0.1, Sum: 0.4]
      [Code Root Scanning (ms): Min: 0.0, Avg: 0.0, Max: 0.0, Diff: 0.0, Sum: 0.0]
      [Object Copy (ms): Min: 1.2, Avg: 1.9, Max: 2.0, Diff: 0.8, Sum: 14.8]
      [Termination (ms): Min: 0.0, Avg: 0.0, Max: 0.0, Diff: 0.0, Sum: 0.0]
         [Termination Attempts: Min: 1, Avg: 3.5, Max: 6, Diff: 5, Sum: 28]
      [GC Worker Other (ms): Min: 0.0, Avg: 0.1, Max: 0.1, Diff: 0.1, Sum: 0.4]
      [GC Worker Total (ms): Min: 7.4, Avg: 7.5, Max: 7.5, Diff: 0.1, Sum: 59.6]
      [GC Worker End (ms): Min: 246271527.5, Avg: 246271527.5, Max: 246271527.6, Diff: 0.1]
   [Code Root Fixup: 0.0 ms]
   [Code Root Purge: 0.0 ms]
   [Clear CT: 0.7 ms]
   [Other: 2.2 ms]
      [Choose CSet: 0.0 ms]
      [Ref Proc: 1.6 ms]
      [Ref Enq: 0.1 ms]
      [Redirty Cards: 0.1 ms]
      [Humongous Register: 0.0 ms]
      [Humongous Reclaim: 0.0 ms]
      [Free CSet: 0.3 ms]
   [Eden: 7152.0M(7152.0M)->0.0B(7152.0M) Survivors: 16384.0K->16384.0K Heap: 10553.3M(14336.0M)->3403.6M(14336.0M)]
 [Times: user=0.07 sys=0.00, real=0.01 secs] 
2022-07-24T17:36:51.870-0700: 246383.375: [GC pause (G1 Evacuation Pause) (young) (initial-mark), 0.0153938 secs]
   [Parallel Time: 10.9 ms, GC Workers: 8]
      [GC Worker Start (ms): Min: 246383376.9, Avg: 246383377.0, Max: 246383377.0, Diff: 0.1]
      [Ext Root Scanning (ms): Min: 5.0, Avg: 5.3, Max: 5.8, Diff: 0.8, Sum: 42.8]
      [Update RS (ms): Min: 1.2, Avg: 1.4, Max: 1.6, Diff: 0.4, Sum: 10.9]
         [Processed Buffers: Min: 3, Avg: 6.6, Max: 12, Diff: 9, Sum: 53]
      [Scan RS (ms): Min: 0.0, Avg: 0.0, Max: 0.1, Diff: 0.1, Sum: 0.4]
      [Code Root Scanning (ms): Min: 0.0, Avg: 0.0, Max: 0.0, Diff: 0.0, Sum: 0.0]
      [Object Copy (ms): Min: 1.3, Avg: 1.8, Max: 2.2, Diff: 0.9, Sum: 14.5]
      [Termination (ms): Min: 0.0, Avg: 0.0, Max: 0.0, Diff: 0.0, Sum: 0.0]
         [Termination Attempts: Min: 1, Avg: 2.2, Max: 5, Diff: 4, Sum: 18]
      [GC Worker Other (ms): Min: 0.0, Avg: 0.1, Max: 0.2, Diff: 0.2, Sum: 0.6]
      [GC Worker Total (ms): Min: 8.5, Avg: 8.7, Max: 8.8, Diff: 0.2, Sum: 69.2]
      [GC Worker End (ms): Min: 246383385.6, Avg: 246383385.6, Max: 246383385.7, Diff: 0.2]
   [Code Root Fixup: 0.0 ms]
   [Code Root Purge: 0.0 ms]
   [Clear CT: 0.7 ms]
   [Other: 3.7 ms]
      [Choose CSet: 0.0 ms]
      [Ref Proc: 3.0 ms]
      [Ref Enq: 0.1 ms]
      [Redirty Cards: 0.1 ms]
      [Humongous Register: 0.0 ms]
      [Humongous Reclaim: 0.0 ms]
      [Free CSet: 0.3 ms]
   [Eden: 7152.0M(7152.0M)->0.0B(7152.0M) Survivors: 16384.0K->16384.0K Heap: 10555.6M(14336.0M)->3405.4M(14336.0M)]
 [Times: user=0.08 sys=0.00, real=0.02 secs] 
2022-07-24T17:36:51.886-0700: 246383.390: [GC concurrent-root-region-scan-start]
2022-07-24T17:36:51.895-0700: 246383.399: [GC concurrent-root-region-scan-end, 0.0089182 secs]
2022-07-24T17:36:51.895-0700: 246383.399: [GC concurrent-mark-start]
2022-07-24T17:36:54.510-0700: 246386.014: [GC concurrent-mark-end, 2.6149654 secs]
2022-07-24T17:36:54.510-0700: 246386.015: [GC remark 2022-07-24T17:36:54.510-0700: 246386.015: [Finalize Marking, 0.0004181 secs] 2022-07-24T17:36:54.510-0700: 246386.015: [GC ref-proc, 0.0088275 secs] 2022-07-24T17:36:54.519-0700: 246386.024: [Unloading, 0.0286906 secs], 0.0434882 secs]
 [Times: user=0.25 sys=0.00, real=0.04 secs] 
2022-07-24T17:36:54.554-0700: 246386.059: [GC cleanup 3621M->3621M(14336M), 0.0088172 secs]
 [Times: user=0.06 sys=0.00, real=0.02 secs] 
2022-07-24T17:38:38.668-0700: 246490.173: [GC pause (GCLocker Initiated GC) (young), 0.0099285 secs]
   [Parallel Time: 6.9 ms, GC Workers: 8]
      [GC Worker Start (ms): Min: 246490173.1, Avg: 246490173.2, Max: 246490173.2, Diff: 0.1]
      [Ext Root Scanning (ms): Min: 1.2, Avg: 2.0, Max: 6.0, Diff: 4.9, Sum: 15.8]
      [Update RS (ms): Min: 0.0, Avg: 1.9, Max: 2.4, Diff: 2.4, Sum: 15.1]
         [Processed Buffers: Min: 0, Avg: 7.6, Max: 12, Diff: 12, Sum: 61]
      [Scan RS (ms): Min: 0.0, Avg: 0.1, Max: 0.1, Diff: 0.1, Sum: 0.4]
      [Code Root Scanning (ms): Min: 0.0, Avg: 0.0, Max: 0.0, Diff: 0.0, Sum: 0.0]
      [Object Copy (ms): Min: 0.5, Avg: 2.6, Max: 3.0, Diff: 2.5, Sum: 20.6]
      [Termination (ms): Min: 0.0, Avg: 0.0, Max: 0.0, Diff: 0.0, Sum: 0.0]
         [Termination Attempts: Min: 1, Avg: 1.0, Max: 1, Diff: 0, Sum: 8]
      [GC Worker Other (ms): Min: 0.0, Avg: 0.1, Max: 0.1, Diff: 0.1, Sum: 0.4]
      [GC Worker Total (ms): Min: 6.5, Avg: 6.5, Max: 6.6, Diff: 0.1, Sum: 52.4]
      [GC Worker End (ms): Min: 246490179.7, Avg: 246490179.7, Max: 246490179.8, Diff: 0.1]
   [Code Root Fixup: 0.0 ms]
   [Code Root Purge: 0.0 ms]
   [Clear CT: 0.7 ms]
   [Other: 2.3 ms]
      [Choose CSet: 0.0 ms]
      [Ref Proc: 1.6 ms]
      [Ref Enq: 0.1 ms]
      [Redirty Cards: 0.1 ms]
      [Humongous Register: 0.1 ms]
      [Humongous Reclaim: 0.0 ms]
      [Free CSet: 0.3 ms]
   [Eden: 7168.0M(7152.0M)->0.0B(5712.0M) Survivors: 16384.0K->16384.0K Heap: 10565.4M(14336.0M)->3411.7M(14336.0M)]
 [Times: user=0.07 sys=0.00, real=0.01 secs] 
2022-07-24T17:40:05.313-0700: 246576.818: [GC pause (G1 Evacuation Pause) (mixed), 0.0917307 secs]
   [Parallel Time: 87.5 ms, GC Workers: 8]
      [GC Worker Start (ms): Min: 246576817.7, Avg: 246576817.8, Max: 246576817.9, Diff: 0.2]
      [Ext Root Scanning (ms): Min: 1.1, Avg: 2.0, Max: 6.3, Diff: 5.2, Sum: 16.1]
      [Update RS (ms): Min: 0.0, Avg: 1.3, Max: 1.7, Diff: 1.7, Sum: 10.8]
         [Processed Buffers: Min: 0, Avg: 6.2, Max: 11, Diff: 11, Sum: 50]
      [Scan RS (ms): Min: 0.0, Avg: 1.3, Max: 1.6, Diff: 1.6, Sum: 10.3]
      [Code Root Scanning (ms): Min: 0.0, Avg: 0.0, Max: 0.0, Diff: 0.0, Sum: 0.1]
      [Object Copy (ms): Min: 80.8, Avg: 82.4, Max: 82.7, Diff: 1.9, Sum: 659.4]
      [Termination (ms): Min: 0.0, Avg: 0.0, Max: 0.0, Diff: 0.0, Sum: 0.1]
         [Termination Attempts: Min: 1, Avg: 16.6, Max: 23, Diff: 22, Sum: 133]
      [GC Worker Other (ms): Min: 0.0, Avg: 0.0, Max: 0.1, Diff: 0.1, Sum: 0.3]
      [GC Worker Total (ms): Min: 87.1, Avg: 87.1, Max: 87.2, Diff: 0.1, Sum: 697.0]
      [GC Worker End (ms): Min: 246576904.9, Avg: 246576904.9, Max: 246576905.0, Diff: 0.0]
   [Code Root Fixup: 0.0 ms]
   [Code Root Purge: 0.0 ms]
   [Clear CT: 0.7 ms]
   [Other: 3.6 ms]
      [Choose CSet: 0.0 ms]
      [Ref Proc: 2.9 ms]
      [Ref Enq: 0.1 ms]
      [Redirty Cards: 0.1 ms]
      [Humongous Register: 0.1 ms]
      [Humongous Reclaim: 0.0 ms]
      [Free CSet: 0.2 ms]
   [Eden: 5712.0M(5712.0M)->0.0B(7152.0M) Survivors: 16384.0K->16384.0K Heap: 9123.7M(14336.0M)->3395.7M(14336.0M)]
 [Times: user=0.11 sys=0.00, real=0.10 secs] 
2022-07-24T17:41:55.222-0700: 246686.727: [GC pause (GCLocker Initiated GC) (young), 0.0115401 secs]
   [Parallel Time: 8.7 ms, GC Workers: 8]
      [GC Worker Start (ms): Min: 246686727.3, Avg: 246686727.3, Max: 246686727.4, Diff: 0.1]
      [Ext Root Scanning (ms): Min: 1.1, Avg: 1.8, Max: 5.2, Diff: 4.1, Sum: 14.6]
      [Update RS (ms): Min: 1.7, Avg: 4.7, Max: 5.4, Diff: 3.7, Sum: 37.4]
         [Processed Buffers: Min: 6, Avg: 17.4, Max: 32, Diff: 26, Sum: 139]
      [Scan RS (ms): Min: 0.0, Avg: 0.0, Max: 0.1, Diff: 0.1, Sum: 0.4]
      [Code Root Scanning (ms): Min: 0.0, Avg: 0.0, Max: 0.0, Diff: 0.0, Sum: 0.0]
      [Object Copy (ms): Min: 1.6, Avg: 1.9, Max: 2.1, Diff: 0.4, Sum: 15.4]
      [Termination (ms): Min: 0.0, Avg: 0.0, Max: 0.0, Diff: 0.0, Sum: 0.0]
         [Termination Attempts: Min: 1, Avg: 1.5, Max: 2, Diff: 1, Sum: 12]
      [GC Worker Other (ms): Min: 0.0, Avg: 0.1, Max: 0.1, Diff: 0.1, Sum: 0.4]
      [GC Worker Total (ms): Min: 8.4, Avg: 8.5, Max: 8.6, Diff: 0.2, Sum: 68.3]
      [GC Worker End (ms): Min: 246686735.8, Avg: 246686735.8, Max: 246686735.9, Diff: 0.1]
   [Code Root Fixup: 0.0 ms]
   [Code Root Purge: 0.0 ms]
   [Clear CT: 0.7 ms]
   [Other: 2.1 ms]
      [Choose CSet: 0.0 ms]
      [Ref Proc: 1.5 ms]
      [Ref Enq: 0.1 ms]
      [Redirty Cards: 0.1 ms]
      [Humongous Register: 0.0 ms]
      [Humongous Reclaim: 0.0 ms]
      [Free CSet: 0.3 ms]
   [Eden: 7168.0M(7152.0M)->0.0B(7152.0M) Survivors: 16384.0K->16384.0K Heap: 10555.7M(14336.0M)->3401.2M(14336.0M)]
 [Times: user=0.08 sys=0.00, real=0.01 secs] 
2022-07-24T17:43:47.218-0700: 246798.723: [GC pause (G1 Evacuation Pause) (young) (initial-mark), 0.0166815 secs]
   [Parallel Time: 11.4 ms, GC Workers: 8]
      [GC Worker Start (ms): Min: 246798725.0, Avg: 246798725.1, Max: 246798725.1, Diff: 0.1]
      [Ext Root Scanning (ms): Min: 4.7, Avg: 5.1, Max: 5.6, Diff: 0.8, Sum: 40.9]
      [Update RS (ms): Min: 1.3, Avg: 1.5, Max: 1.8, Diff: 0.6, Sum: 11.7]
         [Processed Buffers: Min: 3, Avg: 6.2, Max: 13, Diff: 10, Sum: 50]
      [Scan RS (ms): Min: 0.0, Avg: 0.1, Max: 0.1, Diff: 0.1, Sum: 0.4]
      [Code Root Scanning (ms): Min: 0.0, Avg: 0.0, Max: 0.0, Diff: 0.0, Sum: 0.0]
      [Object Copy (ms): Min: 1.9, Avg: 2.3, Max: 2.7, Diff: 0.8, Sum: 18.2]
      [Termination (ms): Min: 0.0, Avg: 0.0, Max: 0.0, Diff: 0.0, Sum: 0.0]
         [Termination Attempts: Min: 1, Avg: 1.1, Max: 2, Diff: 1, Sum: 9]
      [GC Worker Other (ms): Min: 0.0, Avg: 0.1, Max: 0.1, Diff: 0.1, Sum: 0.4]
      [GC Worker Total (ms): Min: 8.9, Avg: 8.9, Max: 9.0, Diff: 0.2, Sum: 71.6]
      [GC Worker End (ms): Min: 246798734.0, Avg: 246798734.0, Max: 246798734.1, Diff: 0.1]
   [Code Root Fixup: 0.0 ms]
   [Code Root Purge: 0.0 ms]
   [Clear CT: 0.7 ms]
   [Other: 4.5 ms]
      [Choose CSet: 0.0 ms]
      [Ref Proc: 3.7 ms]
      [Ref Enq: 0.1 ms]
      [Redirty Cards: 0.1 ms]
      [Humongous Register: 0.0 ms]
      [Humongous Reclaim: 0.0 ms]
      [Free CSet: 0.3 ms]
   [Eden: 7152.0M(7152.0M)->0.0B(7152.0M) Survivors: 16384.0K->16384.0K Heap: 10553.2M(14336.0M)->3403.8M(14336.0M)]
 [Times: user=0.08 sys=0.00, real=0.02 secs] 
2022-07-24T17:43:47.235-0700: 246798.740: [GC concurrent-root-region-scan-start]
2022-07-24T17:43:47.248-0700: 246798.752: [GC concurrent-root-region-scan-end, 0.0128546 secs]
2022-07-24T17:43:47.248-0700: 246798.752: [GC concurrent-mark-start]
2022-07-24T17:43:49.857-0700: 246801.362: [GC concurrent-mark-end, 2.6090316 secs]
2022-07-24T17:43:49.857-0700: 246801.362: [GC remark 2022-07-24T17:43:49.857-0700: 246801.362: [Finalize Marking, 0.0003296 secs] 2022-07-24T17:43:49.858-0700: 246801.362: [GC ref-proc, 0.0113056 secs] 2022-07-24T17:43:49.869-0700: 246801.374: [Unloading, 0.0288508 secs], 0.0458706 secs]
 [Times: user=0.26 sys=0.00, real=0.05 secs] 
2022-07-24T17:43:49.903-0700: 246801.408: [GC cleanup 3603M->3603M(14336M), 0.0081045 secs]
 [Times: user=0.06 sys=0.00, real=0.00 secs] 
2022-07-24T17:45:39.321-0700: 246910.825: [GC pause (G1 Evacuation Pause) (young), 0.0108086 secs]
   [Parallel Time: 5.6 ms, GC Workers: 8]
      [GC Worker Start (ms): Min: 246910825.4, Avg: 246910825.5, Max: 246910825.6, Diff: 0.1]
      [Ext Root Scanning (ms): Min: 1.2, Avg: 2.0, Max: 5.4, Diff: 4.2, Sum: 16.0]
      [Update RS (ms): Min: 0.0, Avg: 1.4, Max: 1.9, Diff: 1.9, Sum: 11.4]
         [Processed Buffers: Min: 0, Avg: 6.4, Max: 13, Diff: 13, Sum: 51]
      [Scan RS (ms): Min: 0.0, Avg: 0.1, Max: 0.1, Diff: 0.1, Sum: 0.4]
      [Code Root Scanning (ms): Min: 0.0, Avg: 0.0, Max: 0.0, Diff: 0.0, Sum: 0.0]
      [Object Copy (ms): Min: 0.0, Avg: 1.8, Max: 2.2, Diff: 2.2, Sum: 14.1]
      [Termination (ms): Min: 0.0, Avg: 0.1, Max: 0.1, Diff: 0.1, Sum: 1.0]
         [Termination Attempts: Min: 1, Avg: 22.9, Max: 30, Diff: 29, Sum: 183]
      [GC Worker Other (ms): Min: 0.0, Avg: 0.0, Max: 0.0, Diff: 0.0, Sum: 0.2]
      [GC Worker Total (ms): Min: 5.3, Avg: 5.4, Max: 5.4, Diff: 0.1, Sum: 43.1]
      [GC Worker End (ms): Min: 246910830.9, Avg: 246910830.9, Max: 246910830.9, Diff: 0.0]
   [Code Root Fixup: 0.0 ms]
   [Code Root Purge: 0.0 ms]
   [Clear CT: 0.8 ms]
   [Other: 4.4 ms]
      [Choose CSet: 0.0 ms]
      [Ref Proc: 3.8 ms]
      [Ref Enq: 0.1 ms]
      [Redirty Cards: 0.1 ms]
      [Humongous Register: 0.1 ms]
      [Humongous Reclaim: 0.0 ms]
      [Free CSet: 0.2 ms]
   [Eden: 7152.0M(7152.0M)->0.0B(5712.0M) Survivors: 16384.0K->16384.0K Heap: 10555.8M(14336.0M)->3402.4M(14336.0M)]
 [Times: user=0.06 sys=0.00, real=0.01 secs] 
2022-07-24T17:47:08.566-0700: 247000.070: [GC pause (G1 Evacuation Pause) (mixed), 0.0160000 secs]
   [Parallel Time: 10.8 ms, GC Workers: 8]
      [GC Worker Start (ms): Min: 247000070.5, Avg: 247000070.6, Max: 247000070.7, Diff: 0.1]
      [Ext Root Scanning (ms): Min: 1.3, Avg: 2.2, Max: 6.8, Diff: 5.6, Sum: 17.4]
      [Update RS (ms): Min: 0.0, Avg: 1.7, Max: 2.6, Diff: 2.6, Sum: 13.7]
         [Processed Buffers: Min: 0, Avg: 6.1, Max: 13, Diff: 13, Sum: 49]
      [Scan RS (ms): Min: 0.0, Avg: 1.0, Max: 1.4, Diff: 1.4, Sum: 8.3]
      [Code Root Scanning (ms): Min: 0.0, Avg: 0.0, Max: 0.0, Diff: 0.0, Sum: 0.0]
      [Object Copy (ms): Min: 3.9, Avg: 5.7, Max: 6.0, Diff: 2.2, Sum: 45.6]
      [Termination (ms): Min: 0.0, Avg: 0.0, Max: 0.0, Diff: 0.0, Sum: 0.0]
         [Termination Attempts: Min: 1, Avg: 5.5, Max: 7, Diff: 6, Sum: 44]
      [GC Worker Other (ms): Min: 0.0, Avg: 0.1, Max: 0.1, Diff: 0.1, Sum: 0.4]
      [GC Worker Total (ms): Min: 10.6, Avg: 10.7, Max: 10.8, Diff: 0.2, Sum: 85.5]
      [GC Worker End (ms): Min: 247000081.3, Avg: 247000081.3, Max: 247000081.3, Diff: 0.1]
   [Code Root Fixup: 0.0 ms]
   [Code Root Purge: 0.0 ms]
   [Clear CT: 0.8 ms]
   [Other: 4.3 ms]
      [Choose CSet: 0.0 ms]
      [Ref Proc: 3.7 ms]
      [Ref Enq: 0.1 ms]
      [Redirty Cards: 0.1 ms]
      [Humongous Register: 0.1 ms]
      [Humongous Reclaim: 0.0 ms]
      [Free CSet: 0.2 ms]
   [Eden: 5712.0M(5712.0M)->0.0B(7152.0M) Survivors: 16384.0K->16384.0K Heap: 9114.4M(14336.0M)->3397.7M(14336.0M)]
 [Times: user=0.10 sys=0.00, real=0.01 secs] 
2022-07-24T17:49:00.865-0700: 247112.369: [GC pause (G1 Evacuation Pause) (young), 0.0153655 secs]
   [Parallel Time: 9.9 ms, GC Workers: 8]
      [GC Worker Start (ms): Min: 247112369.5, Avg: 247112369.6, Max: 247112369.7, Diff: 0.2]
      [Ext Root Scanning (ms): Min: 1.4, Avg: 2.3, Max: 6.2, Diff: 4.8, Sum: 18.3]
      [Update RS (ms): Min: 1.9, Avg: 5.2, Max: 5.9, Diff: 4.0, Sum: 41.8]
         [Processed Buffers: Min: 8, Avg: 15.5, Max: 26, Diff: 18, Sum: 124]
      [Scan RS (ms): Min: 0.0, Avg: 0.0, Max: 0.1, Diff: 0.1, Sum: 0.4]
      [Code Root Scanning (ms): Min: 0.0, Avg: 0.0, Max: 0.0, Diff: 0.0, Sum: 0.0]
      [Object Copy (ms): Min: 1.4, Avg: 1.9, Max: 2.1, Diff: 0.7, Sum: 15.1]
      [Termination (ms): Min: 0.0, Avg: 0.0, Max: 0.0, Diff: 0.0, Sum: 0.1]
         [Termination Attempts: Min: 14, Avg: 20.0, Max: 24, Diff: 10, Sum: 160]
      [GC Worker Other (ms): Min: 0.0, Avg: 0.1, Max: 0.2, Diff: 0.1, Sum: 0.6]
      [GC Worker Total (ms): Min: 9.4, Avg: 9.5, Max: 9.7, Diff: 0.3, Sum: 76.1]
      [GC Worker End (ms): Min: 247112379.0, Avg: 247112379.1, Max: 247112379.2, Diff: 0.1]
   [Code Root Fixup: 0.0 ms]
   [Code Root Purge: 0.0 ms]
   [Clear CT: 0.7 ms]
   [Other: 4.7 ms]
      [Choose CSet: 0.0 ms]
      [Ref Proc: 4.0 ms]
      [Ref Enq: 0.1 ms]
      [Redirty Cards: 0.1 ms]
      [Humongous Register: 0.0 ms]
      [Humongous Reclaim: 0.0 ms]
      [Free CSet: 0.3 ms]
   [Eden: 7152.0M(7152.0M)->0.0B(7152.0M) Survivors: 16384.0K->16384.0K Heap: 10549.7M(14336.0M)->3409.2M(14336.0M)]
 [Times: user=0.08 sys=0.01, real=0.01 secs] 
2022-07-24T17:50:54.885-0700: 247226.389: [GC pause (G1 Evacuation Pause) (young) (initial-mark), 0.0166289 secs]
   [Parallel Time: 11.7 ms, GC Workers: 8]
      [GC Worker Start (ms): Min: 247226391.7, Avg: 247226391.8, Max: 247226391.9, Diff: 0.2]
      [Ext Root Scanning (ms): Min: 5.4, Avg: 5.8, Max: 6.3, Diff: 0.9, Sum: 46.4]
      [Update RS (ms): Min: 1.6, Avg: 1.6, Max: 1.9, Diff: 0.3, Sum: 13.1]
         [Processed Buffers: Min: 3, Avg: 6.0, Max: 11, Diff: 8, Sum: 48]
      [Scan RS (ms): Min: 0.0, Avg: 0.1, Max: 0.1, Diff: 0.1, Sum: 0.4]
      [Code Root Scanning (ms): Min: 0.0, Avg: 0.0, Max: 0.0, Diff: 0.0, Sum: 0.0]
      [Object Copy (ms): Min: 0.8, Avg: 1.6, Max: 1.9, Diff: 1.1, Sum: 12.5]
      [Termination (ms): Min: 0.0, Avg: 0.0, Max: 0.0, Diff: 0.0, Sum: 0.0]
         [Termination Attempts: Min: 1, Avg: 3.2, Max: 7, Diff: 6, Sum: 26]
      [GC Worker Other (ms): Min: 0.0, Avg: 0.1, Max: 0.2, Diff: 0.1, Sum: 0.5]
      [GC Worker Total (ms): Min: 9.0, Avg: 9.1, Max: 9.2, Diff: 0.1, Sum: 72.9]
      [GC Worker End (ms): Min: 247226400.9, Avg: 247226400.9, Max: 247226401.0, Diff: 0.1]
   [Code Root Fixup: 0.0 ms]
   [Code Root Purge: 0.0 ms]
   [Clear CT: 0.7 ms]
   [Other: 4.2 ms]
      [Choose CSet: 0.0 ms]
      [Ref Proc: 3.5 ms]
      [Ref Enq: 0.1 ms]
      [Redirty Cards: 0.1 ms]
      [Humongous Register: 0.0 ms]
      [Humongous Reclaim: 0.0 ms]
      [Free CSet: 0.3 ms]
   [Eden: 7152.0M(7152.0M)->0.0B(7152.0M) Survivors: 16384.0K->16384.0K Heap: 10561.2M(14336.0M)->3407.1M(14336.0M)]
 [Times: user=0.07 sys=0.01, real=0.01 secs] 
2022-07-24T17:50:54.901-0700: 247226.406: [GC concurrent-root-region-scan-start]
2022-07-24T17:50:54.909-0700: 247226.414: [GC concurrent-root-region-scan-end, 0.0074482 secs]
2022-07-24T17:50:54.909-0700: 247226.414: [GC concurrent-mark-start]
2022-07-24T17:50:57.474-0700: 247228.979: [GC concurrent-mark-end, 2.5650361 secs]
2022-07-24T17:50:57.474-0700: 247228.979: [GC remark 2022-07-24T17:50:57.474-0700: 247228.979: [Finalize Marking, 0.0004225 secs] 2022-07-24T17:50:57.475-0700: 247228.980: [GC ref-proc, 0.0061472 secs] 2022-07-24T17:50:57.481-0700: 247228.986: [Unloading, 0.0293715 secs], 0.0414224 secs]
 [Times: user=0.25 sys=0.00, real=0.05 secs] 
2022-07-24T17:50:57.517-0700: 247229.022: [GC cleanup 3547M->3547M(14336M), 0.0080819 secs]
 [Times: user=0.06 sys=0.00, real=0.01 secs] 
2022-07-24T17:52:46.064-0700: 247337.569: [GC pause (G1 Evacuation Pause) (young), 0.0114197 secs]
   [Parallel Time: 6.2 ms, GC Workers: 8]
      [GC Worker Start (ms): Min: 247337569.0, Avg: 247337569.1, Max: 247337569.1, Diff: 0.1]
      [Ext Root Scanning (ms): Min: 1.4, Avg: 2.2, Max: 5.8, Diff: 4.4, Sum: 17.7]
      [Update RS (ms): Min: 0.0, Avg: 1.5, Max: 2.0, Diff: 2.0, Sum: 11.6]
         [Processed Buffers: Min: 0, Avg: 5.8, Max: 10, Diff: 10, Sum: 46]
      [Scan RS (ms): Min: 0.0, Avg: 0.1, Max: 0.1, Diff: 0.1, Sum: 0.5]
      [Code Root Scanning (ms): Min: 0.0, Avg: 0.0, Max: 0.0, Diff: 0.0, Sum: 0.0]
      [Object Copy (ms): Min: 0.0, Avg: 1.7, Max: 2.1, Diff: 2.1, Sum: 13.7]
      [Termination (ms): Min: 0.0, Avg: 0.4, Max: 0.4, Diff: 0.4, Sum: 2.9]
         [Termination Attempts: Min: 1, Avg: 17.1, Max: 26, Diff: 25, Sum: 137]
      [GC Worker Other (ms): Min: 0.0, Avg: 0.0, Max: 0.1, Diff: 0.1, Sum: 0.4]
      [GC Worker Total (ms): Min: 5.7, Avg: 5.9, Max: 5.9, Diff: 0.2, Sum: 46.8]
      [GC Worker End (ms): Min: 247337574.9, Avg: 247337574.9, Max: 247337575.0, Diff: 0.2]
   [Code Root Fixup: 0.0 ms]
   [Code Root Purge: 0.0 ms]
   [Clear CT: 0.7 ms]
   [Other: 4.4 ms]
      [Choose CSet: 0.0 ms]
      [Ref Proc: 3.8 ms]
      [Ref Enq: 0.1 ms]
      [Redirty Cards: 0.1 ms]
      [Humongous Register: 0.1 ms]
      [Humongous Reclaim: 0.0 ms]
      [Free CSet: 0.3 ms]
   [Eden: 7152.0M(7152.0M)->0.0B(5712.0M) Survivors: 16384.0K->16384.0K Heap: 10559.1M(14336.0M)->3409.6M(14336.0M)]
 [Times: user=0.07 sys=0.00, real=0.01 secs] 
2022-07-24T17:54:16.819-0700: 247428.324: [GC pause (G1 Evacuation Pause) (mixed), 0.0241652 secs]
   [Parallel Time: 19.2 ms, GC Workers: 8]
      [GC Worker Start (ms): Min: 247428324.0, Avg: 247428324.0, Max: 247428324.1, Diff: 0.1]
      [Ext Root Scanning (ms): Min: 1.2, Avg: 2.2, Max: 6.9, Diff: 5.7, Sum: 17.3]
      [Update RS (ms): Min: 0.0, Avg: 1.0, Max: 1.6, Diff: 1.6, Sum: 8.2]
         [Processed Buffers: Min: 0, Avg: 4.6, Max: 7, Diff: 7, Sum: 37]
      [Scan RS (ms): Min: 0.0, Avg: 1.3, Max: 1.6, Diff: 1.6, Sum: 10.4]
      [Code Root Scanning (ms): Min: 0.0, Avg: 0.0, Max: 0.0, Diff: 0.0, Sum: 0.0]
      [Object Copy (ms): Min: 12.0, Avg: 14.4, Max: 14.8, Diff: 2.8, Sum: 114.9]
      [Termination (ms): Min: 0.0, Avg: 0.0, Max: 0.1, Diff: 0.1, Sum: 0.3]
         [Termination Attempts: Min: 1, Avg: 2.5, Max: 4, Diff: 3, Sum: 20]
      [GC Worker Other (ms): Min: 0.0, Avg: 0.0, Max: 0.0, Diff: 0.0, Sum: 0.2]
      [GC Worker Total (ms): Min: 18.9, Avg: 18.9, Max: 19.0, Diff: 0.1, Sum: 151.4]
      [GC Worker End (ms): Min: 247428342.9, Avg: 247428342.9, Max: 247428343.0, Diff: 0.0]
   [Code Root Fixup: 0.0 ms]
   [Code Root Purge: 0.0 ms]
   [Clear CT: 0.9 ms]
   [Other: 4.1 ms]
      [Choose CSet: 0.0 ms]
      [Ref Proc: 3.4 ms]
      [Ref Enq: 0.1 ms]
      [Redirty Cards: 0.1 ms]
      [Humongous Register: 0.1 ms]
      [Humongous Reclaim: 0.0 ms]
      [Free CSet: 0.2 ms]
   [Eden: 5712.0M(5712.0M)->0.0B(7152.0M) Survivors: 16384.0K->16384.0K Heap: 9121.6M(14336.0M)->3387.4M(14336.0M)]
 [Times: user=0.09 sys=0.00, real=0.03 secs] 
2022-07-24T17:56:10.021-0700: 247541.525: [GC pause (G1 Evacuation Pause) (young), 0.0124527 secs]
   [Parallel Time: 8.0 ms, GC Workers: 8]
      [GC Worker Start (ms): Min: 247541525.6, Avg: 247541525.6, Max: 247541525.7, Diff: 0.1]
      [Ext Root Scanning (ms): Min: 1.1, Avg: 1.9, Max: 5.3, Diff: 4.2, Sum: 15.2]
      [Update RS (ms): Min: 1.6, Avg: 4.6, Max: 5.3, Diff: 3.7, Sum: 36.8]
         [Processed Buffers: Min: 3, Avg: 15.8, Max: 30, Diff: 27, Sum: 126]
      [Scan RS (ms): Min: 0.0, Avg: 0.0, Max: 0.1, Diff: 0.1, Sum: 0.4]
      [Code Root Scanning (ms): Min: 0.0, Avg: 0.0, Max: 0.0, Diff: 0.0, Sum: 0.0]
      [Object Copy (ms): Min: 0.7, Avg: 1.1, Max: 1.2, Diff: 0.5, Sum: 8.5]
      [Termination (ms): Min: 0.0, Avg: 0.0, Max: 0.0, Diff: 0.0, Sum: 0.1]
         [Termination Attempts: Min: 23, Avg: 34.8, Max: 44, Diff: 21, Sum: 278]
      [GC Worker Other (ms): Min: 0.0, Avg: 0.1, Max: 0.1, Diff: 0.1, Sum: 0.5]
      [GC Worker Total (ms): Min: 7.6, Avg: 7.7, Max: 7.7, Diff: 0.1, Sum: 61.5]
      [GC Worker End (ms): Min: 247541533.3, Avg: 247541533.3, Max: 247541533.4, Diff: 0.1]
   [Code Root Fixup: 0.0 ms]
   [Code Root Purge: 0.0 ms]
   [Clear CT: 0.7 ms]
   [Other: 3.7 ms]
      [Choose CSet: 0.0 ms]
      [Ref Proc: 3.1 ms]
      [Ref Enq: 0.1 ms]
      [Redirty Cards: 0.1 ms]
      [Humongous Register: 0.1 ms]
      [Humongous Reclaim: 0.0 ms]
      [Free CSet: 0.3 ms]
   [Eden: 7152.0M(7152.0M)->0.0B(7152.0M) Survivors: 16384.0K->16384.0K Heap: 10539.4M(14336.0M)->3396.4M(14336.0M)]
 [Times: user=0.08 sys=0.00, real=0.01 secs] 
2022-07-24T17:58:02.867-0700: 247654.372: [GC pause (G1 Evacuation Pause) (young) (initial-mark), 0.0145952 secs]
   [Parallel Time: 10.5 ms, GC Workers: 8]
      [GC Worker Start (ms): Min: 247654374.4, Avg: 247654374.5, Max: 247654374.5, Diff: 0.2]
      [Ext Root Scanning (ms): Min: 5.5, Avg: 5.9, Max: 6.5, Diff: 1.0, Sum: 47.2]
      [Update RS (ms): Min: 0.7, Avg: 0.9, Max: 1.0, Diff: 0.3, Sum: 7.1]
         [Processed Buffers: Min: 2, Avg: 5.0, Max: 18, Diff: 16, Sum: 40]
      [Scan RS (ms): Min: 0.0, Avg: 0.1, Max: 0.1, Diff: 0.1, Sum: 0.4]
      [Code Root Scanning (ms): Min: 0.0, Avg: 0.0, Max: 0.0, Diff: 0.0, Sum: 0.0]
      [Object Copy (ms): Min: 0.9, Avg: 1.4, Max: 1.8, Diff: 0.9, Sum: 11.3]
      [Termination (ms): Min: 0.0, Avg: 0.0, Max: 0.0, Diff: 0.0, Sum: 0.1]
         [Termination Attempts: Min: 12, Avg: 14.6, Max: 16, Diff: 4, Sum: 117]
      [GC Worker Other (ms): Min: 0.0, Avg: 0.1, Max: 0.1, Diff: 0.1, Sum: 0.4]
      [GC Worker Total (ms): Min: 8.3, Avg: 8.3, Max: 8.4, Diff: 0.2, Sum: 66.6]
      [GC Worker End (ms): Min: 247654382.8, Avg: 247654382.8, Max: 247654382.8, Diff: 0.1]
   [Code Root Fixup: 0.0 ms]
   [Code Root Purge: 0.0 ms]
   [Clear CT: 0.7 ms]
   [Other: 3.4 ms]
      [Choose CSet: 0.0 ms]
      [Ref Proc: 2.6 ms]
      [Ref Enq: 0.1 ms]
      [Redirty Cards: 0.1 ms]
      [Humongous Register: 0.0 ms]
      [Humongous Reclaim: 0.0 ms]
      [Free CSet: 0.3 ms]
   [Eden: 7152.0M(7152.0M)->0.0B(7152.0M) Survivors: 16384.0K->16384.0K Heap: 10548.4M(14336.0M)->3398.8M(14336.0M)]
 [Times: user=0.07 sys=0.01, real=0.01 secs] 
2022-07-24T17:58:02.882-0700: 247654.387: [GC concurrent-root-region-scan-start]
2022-07-24T17:58:02.891-0700: 247654.396: [GC concurrent-root-region-scan-end, 0.0090370 secs]
2022-07-24T17:58:02.891-0700: 247654.396: [GC concurrent-mark-start]
2022-07-24T17:58:05.473-0700: 247656.977: [GC concurrent-mark-end, 2.5814802 secs]
2022-07-24T17:58:05.473-0700: 247656.978: [GC remark 2022-07-24T17:58:05.473-0700: 247656.978: [Finalize Marking, 0.0002445 secs] 2022-07-24T17:58:05.473-0700: 247656.978: [GC ref-proc, 0.0086482 secs] 2022-07-24T17:58:05.482-0700: 247656.987: [Unloading, 0.0264341 secs], 0.0408634 secs]
 [Times: user=0.25 sys=0.00, real=0.04 secs] 
2022-07-24T17:58:05.514-0700: 247657.019: [GC cleanup 3553M->3553M(14336M), 0.0081395 secs]
 [Times: user=0.06 sys=0.00, real=0.01 secs] 
2022-07-24T17:59:55.066-0700: 247766.571: [GC pause (G1 Evacuation Pause) (young), 0.0109736 secs]
   [Parallel Time: 5.5 ms, GC Workers: 8]
      [GC Worker Start (ms): Min: 247766570.8, Avg: 247766570.9, Max: 247766571.0, Diff: 0.2]
      [Ext Root Scanning (ms): Min: 1.3, Avg: 2.0, Max: 5.4, Diff: 4.1, Sum: 16.4]
      [Update RS (ms): Min: 0.0, Avg: 1.1, Max: 1.8, Diff: 1.8, Sum: 9.1]
         [Processed Buffers: Min: 0, Avg: 4.8, Max: 11, Diff: 11, Sum: 38]
      [Scan RS (ms): Min: 0.0, Avg: 0.1, Max: 0.1, Diff: 0.1, Sum: 0.5]
      [Code Root Scanning (ms): Min: 0.0, Avg: 0.0, Max: 0.0, Diff: 0.0, Sum: 0.0]
      [Object Copy (ms): Min: 0.0, Avg: 1.4, Max: 1.8, Diff: 1.8, Sum: 11.3]
      [Termination (ms): Min: 0.0, Avg: 0.7, Max: 0.8, Diff: 0.8, Sum: 5.7]
         [Termination Attempts: Min: 1, Avg: 25.2, Max: 39, Diff: 38, Sum: 202]
      [GC Worker Other (ms): Min: 0.0, Avg: 0.0, Max: 0.1, Diff: 0.0, Sum: 0.2]
      [GC Worker Total (ms): Min: 5.3, Avg: 5.4, Max: 5.5, Diff: 0.2, Sum: 43.1]
      [GC Worker End (ms): Min: 247766576.2, Avg: 247766576.3, Max: 247766576.3, Diff: 0.1]
   [Code Root Fixup: 0.0 ms]
   [Code Root Purge: 0.0 ms]
   [Clear CT: 0.7 ms]
   [Other: 4.7 ms]
      [Choose CSet: 0.0 ms]
      [Ref Proc: 4.1 ms]
      [Ref Enq: 0.1 ms]
      [Redirty Cards: 0.1 ms]
      [Humongous Register: 0.0 ms]
      [Humongous Reclaim: 0.0 ms]
      [Free CSet: 0.3 ms]
   [Eden: 7152.0M(7152.0M)->0.0B(5712.0M) Survivors: 16384.0K->16384.0K Heap: 10550.8M(14336.0M)->3398.6M(14336.0M)]
 [Times: user=0.06 sys=0.00, real=0.01 secs] 
2022-07-24T18:01:25.840-0700: 247857.344: [GC pause (G1 Evacuation Pause) (mixed), 0.0131077 secs]
   [Parallel Time: 8.4 ms, GC Workers: 8]
      [GC Worker Start (ms): Min: 247857344.5, Avg: 247857344.6, Max: 247857344.7, Diff: 0.1]
      [Ext Root Scanning (ms): Min: 1.1, Avg: 2.1, Max: 6.9, Diff: 5.8, Sum: 16.5]
      [Update RS (ms): Min: 0.0, Avg: 0.8, Max: 1.4, Diff: 1.4, Sum: 6.8]
         [Processed Buffers: Min: 0, Avg: 4.4, Max: 11, Diff: 11, Sum: 35]
      [Scan RS (ms): Min: 0.1, Avg: 0.6, Max: 1.4, Diff: 1.3, Sum: 4.5]
      [Code Root Scanning (ms): Min: 0.0, Avg: 0.0, Max: 0.0, Diff: 0.0, Sum: 0.0]
      [Object Copy (ms): Min: 1.1, Avg: 4.4, Max: 5.2, Diff: 4.1, Sum: 35.5]
      [Termination (ms): Min: 0.0, Avg: 0.0, Max: 0.0, Diff: 0.0, Sum: 0.0]
         [Termination Attempts: Min: 1, Avg: 2.2, Max: 4, Diff: 3, Sum: 18]
      [GC Worker Other (ms): Min: 0.0, Avg: 0.1, Max: 0.1, Diff: 0.1, Sum: 0.5]
      [GC Worker Total (ms): Min: 7.9, Avg: 8.0, Max: 8.1, Diff: 0.2, Sum: 63.8]
      [GC Worker End (ms): Min: 247857352.5, Avg: 247857352.6, Max: 247857352.6, Diff: 0.1]
   [Code Root Fixup: 0.0 ms]
   [Code Root Purge: 0.0 ms]
   [Clear CT: 0.7 ms]
   [Other: 4.0 ms]
      [Choose CSet: 0.0 ms]
      [Ref Proc: 3.3 ms]
      [Ref Enq: 0.1 ms]
      [Redirty Cards: 0.1 ms]
      [Humongous Register: 0.1 ms]
      [Humongous Reclaim: 0.0 ms]
      [Free CSet: 0.2 ms]
   [Eden: 5712.0M(5712.0M)->0.0B(7152.0M) Survivors: 16384.0K->16384.0K Heap: 9110.6M(14336.0M)->3395.8M(14336.0M)]
 [Times: user=0.08 sys=0.00, real=0.01 secs] 
2022-07-24T18:03:18.819-0700: 247970.324: [GC pause (G1 Evacuation Pause) (young), 0.0105027 secs]
   [Parallel Time: 7.6 ms, GC Workers: 8]
      [GC Worker Start (ms): Min: 247970324.2, Avg: 247970324.3, Max: 247970324.3, Diff: 0.1]
      [Ext Root Scanning (ms): Min: 1.2, Avg: 2.0, Max: 5.3, Diff: 4.1, Sum: 15.9]
      [Update RS (ms): Min: 0.9, Avg: 3.8, Max: 4.6, Diff: 3.8, Sum: 30.7]
         [Processed Buffers: Min: 2, Avg: 14.1, Max: 22, Diff: 20, Sum: 113]
      [Scan RS (ms): Min: 0.0, Avg: 0.0, Max: 0.1, Diff: 0.1, Sum: 0.4]
      [Code Root Scanning (ms): Min: 0.0, Avg: 0.0, Max: 0.0, Diff: 0.0, Sum: 0.0]
      [Object Copy (ms): Min: 0.9, Avg: 1.5, Max: 1.7, Diff: 0.8, Sum: 11.7]
      [Termination (ms): Min: 0.0, Avg: 0.0, Max: 0.0, Diff: 0.0, Sum: 0.0]
         [Termination Attempts: Min: 6, Avg: 8.6, Max: 13, Diff: 7, Sum: 69]
      [GC Worker Other (ms): Min: 0.0, Avg: 0.0, Max: 0.1, Diff: 0.1, Sum: 0.4]
      [GC Worker Total (ms): Min: 7.3, Avg: 7.4, Max: 7.4, Diff: 0.1, Sum: 59.1]
      [GC Worker End (ms): Min: 247970331.6, Avg: 247970331.7, Max: 247970331.7, Diff: 0.1]
   [Code Root Fixup: 0.0 ms]
   [Code Root Purge: 0.0 ms]
   [Clear CT: 0.7 ms]
   [Other: 2.2 ms]
      [Choose CSet: 0.0 ms]
      [Ref Proc: 1.6 ms]
      [Ref Enq: 0.1 ms]
      [Redirty Cards: 0.1 ms]
      [Humongous Register: 0.1 ms]
      [Humongous Reclaim: 0.0 ms]
      [Free CSet: 0.3 ms]
   [Eden: 7152.0M(7152.0M)->0.0B(7152.0M) Survivors: 16384.0K->16384.0K Heap: 10547.8M(14336.0M)->3407.7M(14336.0M)]
 [Times: user=0.07 sys=0.00, real=0.01 secs] 
2022-07-24T18:12:14.211-0700: 248505.716: [GC pause (G1 Evacuation Pause) (young) (initial-mark), 0.0193716 secs]
   [Parallel Time: 16.0 ms, GC Workers: 8]
      [GC Worker Start (ms): Min: 248505718.1, Avg: 248505718.1, Max: 248505718.2, Diff: 0.2]
      [Ext Root Scanning (ms): Min: 6.4, Avg: 6.6, Max: 6.8, Diff: 0.4, Sum: 52.7]
      [Update RS (ms): Min: 3.4, Avg: 3.5, Max: 3.7, Diff: 0.3, Sum: 27.8]
         [Processed Buffers: Min: 8, Avg: 13.6, Max: 23, Diff: 15, Sum: 109]
      [Scan RS (ms): Min: 0.0, Avg: 0.1, Max: 0.1, Diff: 0.1, Sum: 0.5]
      [Code Root Scanning (ms): Min: 0.0, Avg: 0.0, Max: 0.0, Diff: 0.0, Sum: 0.0]
      [Object Copy (ms): Min: 3.3, Avg: 3.7, Max: 4.0, Diff: 0.6, Sum: 29.7]
      [Termination (ms): Min: 0.0, Avg: 0.0, Max: 0.0, Diff: 0.0, Sum: 0.0]
         [Termination Attempts: Min: 1, Avg: 1.0, Max: 1, Diff: 0, Sum: 8]
      [GC Worker Other (ms): Min: 0.0, Avg: 0.1, Max: 0.1, Diff: 0.1, Sum: 0.5]
      [GC Worker Total (ms): Min: 13.8, Avg: 13.9, Max: 14.0, Diff: 0.2, Sum: 111.2]
      [GC Worker End (ms): Min: 248505732.0, Avg: 248505732.0, Max: 248505732.1, Diff: 0.1]
   [Code Root Fixup: 0.0 ms]
   [Code Root Purge: 0.0 ms]
   [Clear CT: 0.7 ms]
   [Other: 2.6 ms]
      [Choose CSet: 0.0 ms]
      [Ref Proc: 2.0 ms]
      [Ref Enq: 0.1 ms]
      [Redirty Cards: 0.0 ms]
      [Humongous Register: 0.0 ms]
      [Humongous Reclaim: 0.0 ms]
      [Free CSet: 0.3 ms]
   [Eden: 7152.0M(7152.0M)->0.0B(7152.0M) Survivors: 16384.0K->16384.0K Heap: 10559.7M(14336.0M)->3417.5M(14336.0M)]
 [Times: user=0.11 sys=0.00, real=0.02 secs] 
2022-07-24T18:12:14.231-0700: 248505.736: [GC concurrent-root-region-scan-start]
2022-07-24T18:12:14.245-0700: 248505.750: [GC concurrent-root-region-scan-end, 0.0142888 secs]
2022-07-24T18:12:14.245-0700: 248505.750: [GC concurrent-mark-start]
2022-07-24T18:12:16.759-0700: 248508.264: [GC concurrent-mark-end, 2.5139247 secs]
2022-07-24T18:12:16.759-0700: 248508.264: [GC remark 2022-07-24T18:12:16.759-0700: 248508.264: [Finalize Marking, 0.0001891 secs] 2022-07-24T18:12:16.760-0700: 248508.264: [GC ref-proc, 0.0111538 secs] 2022-07-24T18:12:16.771-0700: 248508.275: [Unloading, 0.0266654 secs], 0.0434476 secs]
 [Times: user=0.25 sys=0.00, real=0.05 secs] 
2022-07-24T18:12:16.803-0700: 248508.308: [GC cleanup 3446M->3446M(14336M), 0.0084851 secs]
 [Times: user=0.06 sys=0.00, real=0.00 secs] 
2022-07-24T18:29:03.012-0700: 249514.517: [GC pause (G1 Evacuation Pause) (young), 0.0127614 secs]
   [Parallel Time: 7.5 ms, GC Workers: 8]
      [GC Worker Start (ms): Min: 249514517.1, Avg: 249514517.2, Max: 249514517.3, Diff: 0.2]
      [Ext Root Scanning (ms): Min: 1.5, Avg: 2.3, Max: 6.2, Diff: 4.7, Sum: 18.8]
      [Update RS (ms): Min: 0.0, Avg: 2.3, Max: 3.1, Diff: 3.1, Sum: 18.7]
         [Processed Buffers: Min: 0, Avg: 25.1, Max: 63, Diff: 63, Sum: 201]
      [Scan RS (ms): Min: 0.0, Avg: 0.1, Max: 0.1, Diff: 0.1, Sum: 0.6]
      [Code Root Scanning (ms): Min: 0.0, Avg: 0.0, Max: 0.0, Diff: 0.0, Sum: 0.0]
      [Object Copy (ms): Min: 1.0, Avg: 2.3, Max: 2.8, Diff: 1.8, Sum: 18.7]
      [Termination (ms): Min: 0.0, Avg: 0.0, Max: 0.0, Diff: 0.0, Sum: 0.0]
         [Termination Attempts: Min: 3, Avg: 6.5, Max: 12, Diff: 9, Sum: 52]
      [GC Worker Other (ms): Min: 0.0, Avg: 0.0, Max: 0.1, Diff: 0.1, Sum: 0.4]
      [GC Worker Total (ms): Min: 7.1, Avg: 7.1, Max: 7.2, Diff: 0.2, Sum: 57.2]
      [GC Worker End (ms): Min: 249514524.3, Avg: 249514524.3, Max: 249514524.4, Diff: 0.1]
   [Code Root Fixup: 0.0 ms]
   [Code Root Purge: 0.0 ms]
   [Clear CT: 0.8 ms]
   [Other: 4.5 ms]
      [Choose CSet: 0.0 ms]
      [Ref Proc: 3.7 ms]
      [Ref Enq: 0.1 ms]
      [Redirty Cards: 0.1 ms]
      [Humongous Register: 0.0 ms]
      [Humongous Reclaim: 0.0 ms]
      [Free CSet: 0.3 ms]
   [Eden: 7152.0M(7152.0M)->0.0B(5712.0M) Survivors: 16384.0K->16384.0K Heap: 10569.5M(14336.0M)->3423.6M(14336.0M)]
 [Times: user=0.06 sys=0.00, real=0.02 secs] 
2022-07-24T18:42:59.312-0700: 250350.817: [GC pause (G1 Evacuation Pause) (mixed), 0.0395205 secs]
   [Parallel Time: 33.8 ms, GC Workers: 8]
      [GC Worker Start (ms): Min: 250350817.1, Avg: 250350817.2, Max: 250350817.3, Diff: 0.1]
      [Ext Root Scanning (ms): Min: 2.5, Avg: 3.2, Max: 5.7, Diff: 3.2, Sum: 25.9]
      [Update RS (ms): Min: 1.5, Avg: 3.4, Max: 3.8, Diff: 2.3, Sum: 27.4]
         [Processed Buffers: Min: 3, Avg: 25.5, Max: 64, Diff: 61, Sum: 204]
      [Scan RS (ms): Min: 3.5, Avg: 3.8, Max: 3.9, Diff: 0.3, Sum: 30.2]
      [Code Root Scanning (ms): Min: 0.0, Avg: 0.0, Max: 0.0, Diff: 0.0, Sum: 0.1]
      [Object Copy (ms): Min: 22.7, Avg: 23.0, Max: 23.3, Diff: 0.6, Sum: 183.6]
      [Termination (ms): Min: 0.0, Avg: 0.0, Max: 0.0, Diff: 0.0, Sum: 0.0]
         [Termination Attempts: Min: 3, Avg: 5.2, Max: 8, Diff: 5, Sum: 42]
      [GC Worker Other (ms): Min: 0.0, Avg: 0.1, Max: 0.2, Diff: 0.1, Sum: 0.5]
      [GC Worker Total (ms): Min: 33.4, Avg: 33.5, Max: 33.6, Diff: 0.2, Sum: 267.8]
      [GC Worker End (ms): Min: 250350850.6, Avg: 250350850.7, Max: 250350850.7, Diff: 0.1]
   [Code Root Fixup: 0.0 ms]
   [Code Root Purge: 0.0 ms]
   [Clear CT: 1.0 ms]
   [Other: 4.7 ms]
      [Choose CSet: 0.0 ms]
      [Ref Proc: 3.9 ms]
      [Ref Enq: 0.1 ms]
      [Redirty Cards: 0.2 ms]
      [Humongous Register: 0.1 ms]
      [Humongous Reclaim: 0.0 ms]
      [Free CSet: 0.3 ms]
   [Eden: 5712.0M(5712.0M)->0.0B(7152.0M) Survivors: 16384.0K->16384.0K Heap: 9135.6M(14336.0M)->3368.9M(14336.0M)]
 [Times: user=0.23 sys=0.00, real=0.04 secs] 
2022-07-24T18:59:33.513-0700: 251345.017: [GC pause (G1 Evacuation Pause) (young), 0.0112282 secs]
   [Parallel Time: 8.7 ms, GC Workers: 8]
      [GC Worker Start (ms): Min: 251345017.4, Avg: 251345017.5, Max: 251345017.5, Diff: 0.1]
      [Ext Root Scanning (ms): Min: 1.4, Avg: 2.1, Max: 5.4, Diff: 4.1, Sum: 16.8]
      [Update RS (ms): Min: 2.9, Avg: 5.9, Max: 6.5, Diff: 3.7, Sum: 46.8]
         [Processed Buffers: Min: 12, Avg: 32.9, Max: 71, Diff: 59, Sum: 263]
      [Scan RS (ms): Min: 0.0, Avg: 0.1, Max: 0.1, Diff: 0.1, Sum: 0.5]
      [Code Root Scanning (ms): Min: 0.0, Avg: 0.0, Max: 0.0, Diff: 0.0, Sum: 0.0]
      [Object Copy (ms): Min: 0.0, Avg: 0.5, Max: 0.8, Diff: 0.7, Sum: 4.4]
      [Termination (ms): Min: 0.0, Avg: 0.0, Max: 0.0, Diff: 0.0, Sum: 0.0]
         [Termination Attempts: Min: 1, Avg: 1.1, Max: 2, Diff: 1, Sum: 9]
      [GC Worker Other (ms): Min: 0.0, Avg: 0.0, Max: 0.1, Diff: 0.0, Sum: 0.3]
      [GC Worker Total (ms): Min: 8.6, Avg: 8.6, Max: 8.7, Diff: 0.1, Sum: 68.9]
      [GC Worker End (ms): Min: 251345026.1, Avg: 251345026.1, Max: 251345026.1, Diff: 0.0]
   [Code Root Fixup: 0.0 ms]
   [Code Root Purge: 0.0 ms]
   [Clear CT: 0.6 ms]
   [Other: 1.9 ms]
      [Choose CSet: 0.0 ms]
      [Ref Proc: 1.3 ms]
      [Ref Enq: 0.1 ms]
      [Redirty Cards: 0.1 ms]
      [Humongous Register: 0.0 ms]
      [Humongous Reclaim: 0.0 ms]
      [Free CSet: 0.3 ms]
   [Eden: 7152.0M(7152.0M)->0.0B(7152.0M) Survivors: 16384.0K->16384.0K Heap: 10520.9M(14336.0M)->3407.5M(14336.0M)]
 [Times: user=0.08 sys=0.00, real=0.02 secs] 
2022-07-24T19:16:13.562-0700: 252345.067: [GC pause (G1 Evacuation Pause) (young) (initial-mark), 0.0150642 secs]
   [Parallel Time: 9.4 ms, GC Workers: 8]
      [GC Worker Start (ms): Min: 252345069.1, Avg: 252345069.2, Max: 252345069.2, Diff: 0.2]
      [Ext Root Scanning (ms): Min: 6.1, Avg: 6.2, Max: 6.4, Diff: 0.4, Sum: 49.8]
      [Update RS (ms): Min: 0.2, Avg: 0.3, Max: 0.6, Diff: 0.5, Sum: 2.3]
         [Processed Buffers: Min: 1, Avg: 20.5, Max: 64, Diff: 63, Sum: 164]
      [Scan RS (ms): Min: 0.0, Avg: 0.1, Max: 0.1, Diff: 0.1, Sum: 0.5]
      [Code Root Scanning (ms): Min: 0.0, Avg: 0.0, Max: 0.0, Diff: 0.0, Sum: 0.0]
      [Object Copy (ms): Min: 0.0, Avg: 0.5, Max: 0.7, Diff: 0.7, Sum: 4.0]
      [Termination (ms): Min: 0.0, Avg: 0.1, Max: 0.1, Diff: 0.1, Sum: 0.7]
         [Termination Attempts: Min: 1, Avg: 4.2, Max: 8, Diff: 7, Sum: 34]
      [GC Worker Other (ms): Min: 0.0, Avg: 0.0, Max: 0.0, Diff: 0.0, Sum: 0.2]
      [GC Worker Total (ms): Min: 7.1, Avg: 7.2, Max: 7.3, Diff: 0.2, Sum: 57.5]
      [GC Worker End (ms): Min: 252345076.3, Avg: 252345076.3, Max: 252345076.4, Diff: 0.1]
   [Code Root Fixup: 0.0 ms]
   [Code Root Purge: 0.0 ms]
   [Clear CT: 0.7 ms]
   [Other: 4.9 ms]
      [Choose CSet: 0.0 ms]
      [Ref Proc: 4.1 ms]
      [Ref Enq: 0.1 ms]
      [Redirty Cards: 0.1 ms]
      [Humongous Register: 0.0 ms]
      [Humongous Reclaim: 0.0 ms]
      [Free CSet: 0.3 ms]
   [Eden: 7152.0M(7152.0M)->0.0B(7152.0M) Survivors: 16384.0K->16384.0K Heap: 10559.5M(14336.0M)->3411.5M(14336.0M)]
 [Times: user=0.06 sys=0.00, real=0.02 secs] 
2022-07-24T19:16:13.577-0700: 252345.082: [GC concurrent-root-region-scan-start]
2022-07-24T19:16:13.582-0700: 252345.087: [GC concurrent-root-region-scan-end, 0.0046974 secs]
2022-07-24T19:16:13.582-0700: 252345.087: [GC concurrent-mark-start]
2022-07-24T19:16:16.017-0700: 252347.521: [GC concurrent-mark-end, 2.4343969 secs]
2022-07-24T19:16:16.017-0700: 252347.522: [GC remark 2022-07-24T19:16:16.017-0700: 252347.522: [Finalize Marking, 0.0002584 secs] 2022-07-24T19:16:16.017-0700: 252347.522: [GC ref-proc, 0.0110017 secs] 2022-07-24T19:16:16.028-0700: 252347.533: [Unloading, 0.0283827 secs], 0.0448256 secs]
 [Times: user=0.24 sys=0.00, real=0.04 secs] 
2022-07-24T19:16:16.062-0700: 252347.567: [GC cleanup 3451M->3451M(14336M), 0.0079596 secs]
 [Times: user=0.06 sys=0.00, real=0.01 secs] 
2022-07-24T19:32:51.515-0700: 253343.020: [GC pause (G1 Evacuation Pause) (young), 0.0106146 secs]
   [Parallel Time: 5.2 ms, GC Workers: 8]
      [GC Worker Start (ms): Min: 253343019.7, Avg: 253343019.8, Max: 253343019.9, Diff: 0.2]
      [Ext Root Scanning (ms): Min: 1.0, Avg: 1.7, Max: 5.0, Diff: 4.0, Sum: 13.2]
      [Update RS (ms): Min: 0.0, Avg: 0.3, Max: 0.7, Diff: 0.7, Sum: 2.7]
         [Processed Buffers: Min: 0, Avg: 20.4, Max: 42, Diff: 42, Sum: 163]
      [Scan RS (ms): Min: 0.0, Avg: 0.1, Max: 0.2, Diff: 0.1, Sum: 0.6]
      [Code Root Scanning (ms): Min: 0.0, Avg: 0.0, Max: 0.0, Diff: 0.0, Sum: 0.0]
      [Object Copy (ms): Min: 0.0, Avg: 0.4, Max: 0.7, Diff: 0.7, Sum: 3.6]
      [Termination (ms): Min: 0.0, Avg: 2.4, Max: 2.8, Diff: 2.8, Sum: 19.4]
         [Termination Attempts: Min: 1, Avg: 1.5, Max: 3, Diff: 2, Sum: 12]
      [GC Worker Other (ms): Min: 0.0, Avg: 0.0, Max: 0.0, Diff: 0.0, Sum: 0.1]
      [GC Worker Total (ms): Min: 4.9, Avg: 5.0, Max: 5.0, Diff: 0.1, Sum: 39.7]
      [GC Worker End (ms): Min: 253343024.8, Avg: 253343024.8, Max: 253343024.8, Diff: 0.0]
   [Code Root Fixup: 0.0 ms]
   [Code Root Purge: 0.0 ms]
   [Clear CT: 0.6 ms]
   [Other: 4.8 ms]
      [Choose CSet: 0.0 ms]
      [Ref Proc: 4.1 ms]
      [Ref Enq: 0.1 ms]
      [Redirty Cards: 0.1 ms]
      [Humongous Register: 0.1 ms]
      [Humongous Reclaim: 0.0 ms]
      [Free CSet: 0.3 ms]
   [Eden: 7152.0M(7152.0M)->0.0B(5712.0M) Survivors: 16384.0K->16384.0K Heap: 10563.5M(14336.0M)->3412.3M(14336.0M)]
 [Times: user=0.05 sys=0.01, real=0.01 secs] 
2022-07-24T19:46:52.762-0700: 254184.266: [GC pause (G1 Evacuation Pause) (mixed), 0.0292961 secs]
   [Parallel Time: 22.9 ms, GC Workers: 8]
      [GC Worker Start (ms): Min: 254184266.6, Avg: 254184266.7, Max: 254184266.8, Diff: 0.2]
      [Ext Root Scanning (ms): Min: 1.1, Avg: 1.9, Max: 6.3, Diff: 5.3, Sum: 15.4]
      [Update RS (ms): Min: 0.0, Avg: 0.3, Max: 0.6, Diff: 0.6, Sum: 2.3]
         [Processed Buffers: Min: 0, Avg: 19.1, Max: 70, Diff: 70, Sum: 153]
      [Scan RS (ms): Min: 0.0, Avg: 3.2, Max: 3.8, Diff: 3.8, Sum: 25.3]
      [Code Root Scanning (ms): Min: 0.0, Avg: 0.0, Max: 0.2, Diff: 0.2, Sum: 0.4]
      [Object Copy (ms): Min: 16.1, Avg: 17.0, Max: 17.2, Diff: 1.1, Sum: 135.7]
      [Termination (ms): Min: 0.0, Avg: 0.0, Max: 0.0, Diff: 0.0, Sum: 0.0]
         [Termination Attempts: Min: 1, Avg: 1.0, Max: 1, Diff: 0, Sum: 8]
      [GC Worker Other (ms): Min: 0.0, Avg: 0.1, Max: 0.1, Diff: 0.1, Sum: 0.5]
      [GC Worker Total (ms): Min: 22.3, Avg: 22.5, Max: 22.6, Diff: 0.3, Sum: 179.7]
      [GC Worker End (ms): Min: 254184289.1, Avg: 254184289.1, Max: 254184289.2, Diff: 0.1]
   [Code Root Fixup: 0.0 ms]
   [Code Root Purge: 0.0 ms]
   [Clear CT: 0.9 ms]
   [Other: 5.5 ms]
      [Choose CSet: 0.1 ms]
      [Ref Proc: 4.6 ms]
      [Ref Enq: 0.2 ms]
      [Redirty Cards: 0.2 ms]
      [Humongous Register: 0.1 ms]
      [Humongous Reclaim: 0.0 ms]
      [Free CSet: 0.3 ms]
   [Eden: 5712.0M(5712.0M)->0.0B(7152.0M) Survivors: 16384.0K->16384.0K Heap: 9124.3M(14336.0M)->3225.6M(14336.0M)]
 [Times: user=0.15 sys=0.00, real=0.03 secs] 
2022-07-24T20:03:25.912-0700: 255177.417: [GC pause (G1 Evacuation Pause) (young), 0.0109015 secs]
   [Parallel Time: 8.3 ms, GC Workers: 8]
      [GC Worker Start (ms): Min: 255177416.7, Avg: 255177416.8, Max: 255177416.9, Diff: 0.1]
      [Ext Root Scanning (ms): Min: 1.3, Avg: 2.1, Max: 6.1, Diff: 4.8, Sum: 16.6]
      [Update RS (ms): Min: 2.1, Avg: 5.5, Max: 6.3, Diff: 4.3, Sum: 43.7]
         [Processed Buffers: Min: 6, Avg: 31.9, Max: 46, Diff: 40, Sum: 255]
      [Scan RS (ms): Min: 0.0, Avg: 0.1, Max: 0.2, Diff: 0.2, Sum: 0.7]
      [Code Root Scanning (ms): Min: 0.0, Avg: 0.0, Max: 0.0, Diff: 0.0, Sum: 0.0]
      [Object Copy (ms): Min: 0.1, Avg: 0.5, Max: 0.7, Diff: 0.6, Sum: 3.8]
      [Termination (ms): Min: 0.0, Avg: 0.0, Max: 0.0, Diff: 0.0, Sum: 0.0]
         [Termination Attempts: Min: 1, Avg: 1.8, Max: 3, Diff: 2, Sum: 14]
      [GC Worker Other (ms): Min: 0.0, Avg: 0.0, Max: 0.1, Diff: 0.1, Sum: 0.3]
      [GC Worker Total (ms): Min: 8.1, Avg: 8.2, Max: 8.2, Diff: 0.2, Sum: 65.2]
      [GC Worker End (ms): Min: 255177424.9, Avg: 255177425.0, Max: 255177425.0, Diff: 0.1]
   [Code Root Fixup: 0.0 ms]
   [Code Root Purge: 0.0 ms]
   [Clear CT: 0.6 ms]
   [Other: 1.9 ms]
      [Choose CSet: 0.0 ms]
      [Ref Proc: 1.3 ms]
      [Ref Enq: 0.1 ms]
      [Redirty Cards: 0.1 ms]
      [Humongous Register: 0.0 ms]
      [Humongous Reclaim: 0.0 ms]
      [Free CSet: 0.3 ms]
   [Eden: 7152.0M(7152.0M)->0.0B(7152.0M) Survivors: 16384.0K->16384.0K Heap: 10377.6M(14336.0M)->3233.9M(14336.0M)]
 [Times: user=0.07 sys=0.00, real=0.02 secs] 
2022-07-24T20:20:12.113-0700: 256183.617: [GC pause (G1 Evacuation Pause) (young) (initial-mark), 0.0149611 secs]
   [Parallel Time: 10.1 ms, GC Workers: 8]
      [GC Worker Start (ms): Min: 256183619.6, Avg: 256183619.7, Max: 256183619.8, Diff: 0.2]
      [Ext Root Scanning (ms): Min: 6.3, Avg: 6.6, Max: 6.9, Diff: 0.6, Sum: 52.6]
      [Update RS (ms): Min: 0.2, Avg: 0.3, Max: 0.5, Diff: 0.4, Sum: 2.3]
         [Processed Buffers: Min: 1, Avg: 22.1, Max: 63, Diff: 62, Sum: 177]
      [Scan RS (ms): Min: 0.0, Avg: 0.1, Max: 0.1, Diff: 0.1, Sum: 0.5]
      [Code Root Scanning (ms): Min: 0.0, Avg: 0.0, Max: 0.0, Diff: 0.0, Sum: 0.0]
      [Object Copy (ms): Min: 0.2, Avg: 0.5, Max: 0.8, Diff: 0.6, Sum: 4.4]
      [Termination (ms): Min: 0.0, Avg: 0.1, Max: 0.1, Diff: 0.1, Sum: 0.7]
         [Termination Attempts: Min: 1, Avg: 2.9, Max: 5, Diff: 4, Sum: 23]
      [GC Worker Other (ms): Min: 0.0, Avg: 0.0, Max: 0.0, Diff: 0.0, Sum: 0.1]
      [GC Worker Total (ms): Min: 7.5, Avg: 7.6, Max: 7.7, Diff: 0.2, Sum: 60.6]
      [GC Worker End (ms): Min: 256183627.2, Avg: 256183627.3, Max: 256183627.3, Diff: 0.0]
   [Code Root Fixup: 0.0 ms]
   [Code Root Purge: 0.0 ms]
   [Clear CT: 0.7 ms]
   [Other: 4.2 ms]
      [Choose CSet: 0.0 ms]
      [Ref Proc: 3.5 ms]
      [Ref Enq: 0.1 ms]
      [Redirty Cards: 0.1 ms]
      [Humongous Register: 0.0 ms]
      [Humongous Reclaim: 0.0 ms]
      [Free CSet: 0.3 ms]
   [Eden: 7152.0M(7152.0M)->0.0B(7152.0M) Survivors: 16384.0K->16384.0K Heap: 10385.9M(14336.0M)->3233.6M(14336.0M)]
 [Times: user=0.06 sys=0.00, real=0.02 secs] 
2022-07-24T20:20:12.128-0700: 256183.632: [GC concurrent-root-region-scan-start]
2022-07-24T20:20:12.132-0700: 256183.637: [GC concurrent-root-region-scan-end, 0.0043321 secs]
2022-07-24T20:20:12.132-0700: 256183.637: [GC concurrent-mark-start]
2022-07-24T20:20:14.545-0700: 256186.050: [GC concurrent-mark-end, 2.4131487 secs]
2022-07-24T20:20:14.545-0700: 256186.050: [GC remark 2022-07-24T20:20:14.546-0700: 256186.050: [Finalize Marking, 0.0004089 secs] 2022-07-24T20:20:14.546-0700: 256186.051: [GC ref-proc, 0.0110484 secs] 2022-07-24T20:20:14.557-0700: 256186.062: [Unloading, 0.0268933 secs], 0.0435719 secs]
 [Times: user=0.25 sys=0.00, real=0.04 secs] 
2022-07-24T20:20:14.589-0700: 256186.094: [GC cleanup 3273M->3273M(14336M), 0.0080492 secs]
 [Times: user=0.06 sys=0.00, real=0.01 secs] 
2022-07-24T20:36:52.862-0700: 257184.366: [GC pause (G1 Evacuation Pause) (young), 0.0112540 secs]
   [Parallel Time: 5.7 ms, GC Workers: 8]
      [GC Worker Start (ms): Min: 257184366.5, Avg: 257184366.6, Max: 257184366.6, Diff: 0.1]
      [Ext Root Scanning (ms): Min: 1.4, Avg: 2.1, Max: 5.4, Diff: 4.0, Sum: 16.7]
      [Update RS (ms): Min: 0.0, Avg: 0.3, Max: 0.7, Diff: 0.7, Sum: 2.7]
         [Processed Buffers: Min: 0, Avg: 22.5, Max: 53, Diff: 53, Sum: 180]
      [Scan RS (ms): Min: 0.0, Avg: 0.1, Max: 0.2, Diff: 0.1, Sum: 0.6]
      [Code Root Scanning (ms): Min: 0.0, Avg: 0.0, Max: 0.0, Diff: 0.0, Sum: 0.0]
      [Object Copy (ms): Min: 0.0, Avg: 0.6, Max: 0.8, Diff: 0.8, Sum: 4.4]
      [Termination (ms): Min: 0.0, Avg: 2.3, Max: 2.7, Diff: 2.7, Sum: 18.5]
         [Termination Attempts: Min: 1, Avg: 1.6, Max: 4, Diff: 3, Sum: 13]
      [GC Worker Other (ms): Min: 0.0, Avg: 0.0, Max: 0.0, Diff: 0.0, Sum: 0.1]
      [GC Worker Total (ms): Min: 5.3, Avg: 5.4, Max: 5.4, Diff: 0.1, Sum: 43.1]
      [GC Worker End (ms): Min: 257184371.9, Avg: 257184372.0, Max: 257184372.0, Diff: 0.0]
   [Code Root Fixup: 0.0 ms]
   [Code Root Purge: 0.0 ms]
   [Clear CT: 0.7 ms]
   [Other: 4.8 ms]
      [Choose CSet: 0.0 ms]
      [Ref Proc: 4.2 ms]
      [Ref Enq: 0.1 ms]
      [Redirty Cards: 0.1 ms]
      [Humongous Register: 0.1 ms]
      [Humongous Reclaim: 0.0 ms]
      [Free CSet: 0.3 ms]
   [Eden: 7152.0M(7152.0M)->0.0B(5712.0M) Survivors: 16384.0K->16384.0K Heap: 10385.6M(14336.0M)->3233.7M(14336.0M)]
 [Times: user=0.06 sys=0.00, real=0.01 secs] 
2022-07-24T20:50:05.812-0700: 257977.317: [GC pause (G1 Evacuation Pause) (mixed), 0.0122444 secs]
   [Parallel Time: 7.4 ms, GC Workers: 8]
      [GC Worker Start (ms): Min: 257977317.3, Avg: 257977317.4, Max: 257977317.5, Diff: 0.2]
      [Ext Root Scanning (ms): Min: 1.2, Avg: 2.1, Max: 6.9, Diff: 5.7, Sum: 16.6]
      [Update RS (ms): Min: 0.0, Avg: 0.4, Max: 0.7, Diff: 0.7, Sum: 2.9]
         [Processed Buffers: Min: 0, Avg: 19.5, Max: 55, Diff: 55, Sum: 156]
      [Scan RS (ms): Min: 0.0, Avg: 1.4, Max: 1.8, Diff: 1.8, Sum: 11.6]
      [Code Root Scanning (ms): Min: 0.0, Avg: 0.0, Max: 0.0, Diff: 0.0, Sum: 0.0]
      [Object Copy (ms): Min: 0.2, Avg: 3.2, Max: 3.7, Diff: 3.4, Sum: 25.2]
      [Termination (ms): Min: 0.0, Avg: 0.0, Max: 0.0, Diff: 0.0, Sum: 0.0]
         [Termination Attempts: Min: 1, Avg: 13.9, Max: 19, Diff: 18, Sum: 111]
      [GC Worker Other (ms): Min: 0.0, Avg: 0.1, Max: 0.1, Diff: 0.1, Sum: 0.5]
      [GC Worker Total (ms): Min: 7.0, Avg: 7.1, Max: 7.2, Diff: 0.3, Sum: 56.9]
      [GC Worker End (ms): Min: 257977324.4, Avg: 257977324.5, Max: 257977324.5, Diff: 0.1]
   [Code Root Fixup: 0.0 ms]
   [Code Root Purge: 0.0 ms]
   [Clear CT: 0.7 ms]
   [Other: 4.2 ms]
      [Choose CSet: 0.0 ms]
      [Ref Proc: 3.5 ms]
      [Ref Enq: 0.1 ms]
      [Redirty Cards: 0.1 ms]
      [Humongous Register: 0.1 ms]
      [Humongous Reclaim: 0.0 ms]
      [Free CSet: 0.2 ms]
   [Eden: 5712.0M(5712.0M)->0.0B(7152.0M) Survivors: 16384.0K->16384.0K Heap: 8945.7M(14336.0M)->3222.8M(14336.0M)]
 [Times: user=0.07 sys=0.00, real=0.02 secs] 
2022-07-24T21:06:43.963-0700: 258975.467: [GC pause (G1 Evacuation Pause) (young), 0.0121875 secs]
   [Parallel Time: 7.0 ms, GC Workers: 8]
      [GC Worker Start (ms): Min: 258975467.6, Avg: 258975467.7, Max: 258975467.8, Diff: 0.2]
      [Ext Root Scanning (ms): Min: 1.3, Avg: 2.1, Max: 5.9, Diff: 4.5, Sum: 16.6]
      [Update RS (ms): Min: 0.7, Avg: 3.8, Max: 4.6, Diff: 3.9, Sum: 30.7]
         [Processed Buffers: Min: 4, Avg: 27.1, Max: 48, Diff: 44, Sum: 217]
      [Scan RS (ms): Min: 0.0, Avg: 0.1, Max: 0.1, Diff: 0.1, Sum: 0.6]
      [Code Root Scanning (ms): Min: 0.0, Avg: 0.0, Max: 0.0, Diff: 0.0, Sum: 0.0]
      [Object Copy (ms): Min: 0.0, Avg: 0.5, Max: 0.7, Diff: 0.7, Sum: 4.1]
      [Termination (ms): Min: 0.0, Avg: 0.0, Max: 0.0, Diff: 0.0, Sum: 0.3]
         [Termination Attempts: Min: 1, Avg: 1.1, Max: 2, Diff: 1, Sum: 9]
      [GC Worker Other (ms): Min: 0.0, Avg: 0.0, Max: 0.1, Diff: 0.0, Sum: 0.2]
      [GC Worker Total (ms): Min: 6.5, Avg: 6.6, Max: 6.6, Diff: 0.1, Sum: 52.5]
      [GC Worker End (ms): Min: 258975474.3, Avg: 258975474.3, Max: 258975474.3, Diff: 0.1]
   [Code Root Fixup: 0.0 ms]
   [Code Root Purge: 0.0 ms]
   [Clear CT: 0.6 ms]
   [Other: 4.6 ms]
      [Choose CSet: 0.0 ms]
      [Ref Proc: 3.9 ms]
      [Ref Enq: 0.1 ms]
      [Redirty Cards: 0.1 ms]
      [Humongous Register: 0.1 ms]
      [Humongous Reclaim: 0.0 ms]
      [Free CSet: 0.3 ms]
   [Eden: 7152.0M(7152.0M)->0.0B(7152.0M) Survivors: 16384.0K->16384.0K Heap: 10374.8M(14336.0M)->3225.3M(14336.0M)]
 [Times: user=0.06 sys=0.00, real=0.01 secs] 
2022-07-24T21:23:14.564-0700: 259966.069: [GC pause (G1 Evacuation Pause) (young) (initial-mark), 0.0150446 secs]
   [Parallel Time: 9.5 ms, GC Workers: 8]
      [GC Worker Start (ms): Min: 259966070.7, Avg: 259966070.8, Max: 259966070.9, Diff: 0.2]
      [Ext Root Scanning (ms): Min: 6.0, Avg: 6.3, Max: 6.6, Diff: 0.6, Sum: 50.3]
      [Update RS (ms): Min: 0.2, Avg: 0.3, Max: 0.5, Diff: 0.3, Sum: 2.2]
         [Processed Buffers: Min: 1, Avg: 22.0, Max: 34, Diff: 33, Sum: 176]
      [Scan RS (ms): Min: 0.0, Avg: 0.1, Max: 0.1, Diff: 0.1, Sum: 0.6]
      [Code Root Scanning (ms): Min: 0.0, Avg: 0.0, Max: 0.0, Diff: 0.0, Sum: 0.0]
      [Object Copy (ms): Min: 0.1, Avg: 0.5, Max: 0.7, Diff: 0.7, Sum: 3.8]
      [Termination (ms): Min: 0.0, Avg: 0.1, Max: 0.1, Diff: 0.1, Sum: 0.5]
         [Termination Attempts: Min: 1, Avg: 2.4, Max: 3, Diff: 2, Sum: 19]
      [GC Worker Other (ms): Min: 0.0, Avg: 0.0, Max: 0.1, Diff: 0.1, Sum: 0.3]
      [GC Worker Total (ms): Min: 7.1, Avg: 7.2, Max: 7.3, Diff: 0.2, Sum: 57.7]
      [GC Worker End (ms): Min: 259966078.0, Avg: 259966078.0, Max: 259966078.1, Diff: 0.1]
   [Code Root Fixup: 0.0 ms]
   [Code Root Purge: 0.0 ms]
   [Clear CT: 0.6 ms]
   [Other: 4.9 ms]
      [Choose CSet: 0.0 ms]
      [Ref Proc: 4.2 ms]
      [Ref Enq: 0.1 ms]
      [Redirty Cards: 0.1 ms]
      [Humongous Register: 0.0 ms]
      [Humongous Reclaim: 0.0 ms]
      [Free CSet: 0.3 ms]
   [Eden: 7152.0M(7152.0M)->0.0B(7152.0M) Survivors: 16384.0K->16384.0K Heap: 10377.3M(14336.0M)->3226.1M(14336.0M)]
 [Times: user=0.06 sys=0.00, real=0.01 secs] 
2022-07-24T21:23:14.579-0700: 259966.084: [GC concurrent-root-region-scan-start]
2022-07-24T21:23:14.584-0700: 259966.089: [GC concurrent-root-region-scan-end, 0.0050354 secs]
2022-07-24T21:23:14.584-0700: 259966.089: [GC concurrent-mark-start]
2022-07-24T21:23:17.000-0700: 259968.505: [GC concurrent-mark-end, 2.4157133 secs]
2022-07-24T21:23:17.000-0700: 259968.505: [GC remark 2022-07-24T21:23:17.000-0700: 259968.505: [Finalize Marking, 0.0002381 secs] 2022-07-24T21:23:17.000-0700: 259968.505: [GC ref-proc, 0.0100201 secs] 2022-07-24T21:23:17.011-0700: 259968.515: [Unloading, 0.0290185 secs], 0.0445127 secs]
 [Times: user=0.25 sys=0.00, real=0.05 secs] 
2022-07-24T21:23:17.045-0700: 259968.550: [GC cleanup 3266M->3266M(14336M), 0.0080775 secs]
 [Times: user=0.06 sys=0.00, real=0.00 secs] 
2022-07-24T21:39:55.462-0700: 260966.966: [GC pause (G1 Evacuation Pause) (young), 0.0115774 secs]
   [Parallel Time: 6.0 ms, GC Workers: 8]
      [GC Worker Start (ms): Min: 260966966.5, Avg: 260966966.6, Max: 260966966.7, Diff: 0.2]
      [Ext Root Scanning (ms): Min: 1.2, Avg: 1.9, Max: 5.6, Diff: 4.4, Sum: 15.3]
      [Update RS (ms): Min: 0.0, Avg: 0.4, Max: 0.8, Diff: 0.8, Sum: 2.9]
         [Processed Buffers: Min: 0, Avg: 21.6, Max: 59, Diff: 59, Sum: 173]
      [Scan RS (ms): Min: 0.0, Avg: 0.1, Max: 0.2, Diff: 0.1, Sum: 0.7]
      [Code Root Scanning (ms): Min: 0.0, Avg: 0.0, Max: 0.0, Diff: 0.0, Sum: 0.0]
      [Object Copy (ms): Min: 0.0, Avg: 0.5, Max: 0.7, Diff: 0.7, Sum: 4.1]
      [Termination (ms): Min: 0.0, Avg: 2.7, Max: 3.1, Diff: 3.1, Sum: 21.6]
         [Termination Attempts: Min: 1, Avg: 3.6, Max: 6, Diff: 5, Sum: 29]
      [GC Worker Other (ms): Min: 0.0, Avg: 0.0, Max: 0.0, Diff: 0.0, Sum: 0.2]
      [GC Worker Total (ms): Min: 5.5, Avg: 5.6, Max: 5.7, Diff: 0.2, Sum: 44.8]
      [GC Worker End (ms): Min: 260966972.2, Avg: 260966972.2, Max: 260966972.3, Diff: 0.0]
   [Code Root Fixup: 0.0 ms]
   [Code Root Purge: 0.0 ms]
   [Clear CT: 0.6 ms]
   [Other: 5.0 ms]
      [Choose CSet: 0.0 ms]
      [Ref Proc: 4.3 ms]
      [Ref Enq: 0.1 ms]
      [Redirty Cards: 0.1 ms]
      [Humongous Register: 0.0 ms]
      [Humongous Reclaim: 0.0 ms]
      [Free CSet: 0.3 ms]
   [Eden: 7152.0M(7152.0M)->0.0B(5712.0M) Survivors: 16384.0K->16384.0K Heap: 10378.1M(14336.0M)->3226.2M(14336.0M)]
 [Times: user=0.05 sys=0.00, real=0.01 secs] 
2022-07-24T21:53:12.363-0700: 261763.867: [GC pause (G1 Evacuation Pause) (mixed), 0.0126382 secs]
   [Parallel Time: 7.2 ms, GC Workers: 8]
      [GC Worker Start (ms): Min: 261763867.6, Avg: 261763867.7, Max: 261763867.7, Diff: 0.2]
      [Ext Root Scanning (ms): Min: 1.1, Avg: 2.1, Max: 6.6, Diff: 5.5, Sum: 16.4]
      [Update RS (ms): Min: 0.0, Avg: 0.3, Max: 0.6, Diff: 0.6, Sum: 2.5]
         [Processed Buffers: Min: 0, Avg: 18.9, Max: 38, Diff: 38, Sum: 151]
      [Scan RS (ms): Min: 0.0, Avg: 1.2, Max: 1.6, Diff: 1.5, Sum: 9.9]
      [Code Root Scanning (ms): Min: 0.0, Avg: 0.0, Max: 0.0, Diff: 0.0, Sum: 0.0]
      [Object Copy (ms): Min: 0.1, Avg: 3.1, Max: 3.7, Diff: 3.6, Sum: 24.7]
      [Termination (ms): Min: 0.0, Avg: 0.0, Max: 0.0, Diff: 0.0, Sum: 0.0]
         [Termination Attempts: Min: 1, Avg: 2.4, Max: 4, Diff: 3, Sum: 19]
      [GC Worker Other (ms): Min: 0.0, Avg: 0.1, Max: 0.2, Diff: 0.1, Sum: 0.6]
      [GC Worker Total (ms): Min: 6.6, Avg: 6.8, Max: 6.9, Diff: 0.3, Sum: 54.1]
      [GC Worker End (ms): Min: 261763874.4, Avg: 261763874.4, Max: 261763874.5, Diff: 0.1]
   [Code Root Fixup: 0.0 ms]
   [Code Root Purge: 0.0 ms]
   [Clear CT: 0.7 ms]
   [Other: 4.7 ms]
      [Choose CSet: 0.0 ms]
      [Ref Proc: 4.0 ms]
      [Ref Enq: 0.1 ms]
      [Redirty Cards: 0.1 ms]
      [Humongous Register: 0.1 ms]
      [Humongous Reclaim: 0.0 ms]
      [Free CSet: 0.2 ms]
   [Eden: 5712.0M(5712.0M)->0.0B(7152.0M) Survivors: 16384.0K->16384.0K Heap: 8938.2M(14336.0M)->3215.2M(14336.0M)]
 [Times: user=0.07 sys=0.00, real=0.01 secs] 
2022-07-24T22:09:56.962-0700: 262768.467: [GC pause (G1 Evacuation Pause) (young), 0.0104392 secs]
   [Parallel Time: 5.3 ms, GC Workers: 8]
      [GC Worker Start (ms): Min: 262768466.8, Avg: 262768466.9, Max: 262768467.0, Diff: 0.2]
      [Ext Root Scanning (ms): Min: 1.0, Avg: 1.8, Max: 4.9, Diff: 3.9, Sum: 14.8]
      [Update RS (ms): Min: 0.0, Avg: 2.5, Max: 3.3, Diff: 3.3, Sum: 19.7]
         [Processed Buffers: Min: 0, Avg: 28.8, Max: 50, Diff: 50, Sum: 230]
      [Scan RS (ms): Min: 0.0, Avg: 0.1, Max: 0.1, Diff: 0.1, Sum: 0.6]
      [Code Root Scanning (ms): Min: 0.0, Avg: 0.0, Max: 0.0, Diff: 0.0, Sum: 0.0]
      [Object Copy (ms): Min: 0.0, Avg: 0.4, Max: 0.6, Diff: 0.6, Sum: 2.8]
      [Termination (ms): Min: 0.0, Avg: 0.1, Max: 0.1, Diff: 0.1, Sum: 0.8]
         [Termination Attempts: Min: 1, Avg: 5.2, Max: 9, Diff: 8, Sum: 42]
      [GC Worker Other (ms): Min: 0.0, Avg: 0.0, Max: 0.1, Diff: 0.1, Sum: 0.3]
      [GC Worker Total (ms): Min: 4.8, Avg: 4.9, Max: 5.0, Diff: 0.2, Sum: 38.9]
      [GC Worker End (ms): Min: 262768471.8, Avg: 262768471.8, Max: 262768471.9, Diff: 0.1]
   [Code Root Fixup: 0.0 ms]
   [Code Root Purge: 0.0 ms]
   [Clear CT: 0.6 ms]
   [Other: 4.6 ms]
      [Choose CSet: 0.0 ms]
      [Ref Proc: 3.9 ms]
      [Ref Enq: 0.1 ms]
      [Redirty Cards: 0.1 ms]
      [Humongous Register: 0.0 ms]
      [Humongous Reclaim: 0.0 ms]
      [Free CSet: 0.3 ms]
   [Eden: 7152.0M(7152.0M)->0.0B(7152.0M) Survivors: 16384.0K->16384.0K Heap: 10367.2M(14336.0M)->3215.9M(14336.0M)]
 [Times: user=0.05 sys=0.00, real=0.01 secs] 
2022-07-24T22:26:26.663-0700: 263758.168: [GC pause (G1 Evacuation Pause) (young) (initial-mark), 0.0148839 secs]
   [Parallel Time: 9.5 ms, GC Workers: 8]
      [GC Worker Start (ms): Min: 263758170.3, Avg: 263758170.4, Max: 263758170.5, Diff: 0.2]
      [Ext Root Scanning (ms): Min: 6.0, Avg: 6.2, Max: 6.5, Diff: 0.5, Sum: 50.0]
      [Update RS (ms): Min: 0.2, Avg: 0.3, Max: 0.5, Diff: 0.3, Sum: 2.3]
         [Processed Buffers: Min: 1, Avg: 21.2, Max: 58, Diff: 57, Sum: 170]
      [Scan RS (ms): Min: 0.0, Avg: 0.1, Max: 0.1, Diff: 0.1, Sum: 0.5]
      [Code Root Scanning (ms): Min: 0.0, Avg: 0.0, Max: 0.0, Diff: 0.0, Sum: 0.0]
      [Object Copy (ms): Min: 0.1, Avg: 0.5, Max: 0.8, Diff: 0.7, Sum: 4.2]
      [Termination (ms): Min: 0.0, Avg: 0.0, Max: 0.0, Diff: 0.0, Sum: 0.1]
         [Termination Attempts: Min: 1, Avg: 6.5, Max: 9, Diff: 8, Sum: 52]
      [GC Worker Other (ms): Min: 0.0, Avg: 0.0, Max: 0.1, Diff: 0.1, Sum: 0.4]
      [GC Worker Total (ms): Min: 7.1, Avg: 7.2, Max: 7.3, Diff: 0.3, Sum: 57.5]
      [GC Worker End (ms): Min: 263758177.5, Avg: 263758177.6, Max: 263758177.6, Diff: 0.1]
   [Code Root Fixup: 0.0 ms]
   [Code Root Purge: 0.0 ms]
   [Clear CT: 0.7 ms]
   [Other: 4.7 ms]
      [Choose CSet: 0.0 ms]
      [Ref Proc: 4.0 ms]
      [Ref Enq: 0.1 ms]
      [Redirty Cards: 0.1 ms]
      [Humongous Register: 0.0 ms]
      [Humongous Reclaim: 0.0 ms]
      [Free CSet: 0.3 ms]
   [Eden: 7152.0M(7152.0M)->0.0B(7152.0M) Survivors: 16384.0K->16384.0K Heap: 10367.9M(14336.0M)->3216.6M(14336.0M)]
 [Times: user=0.06 sys=0.00, real=0.01 secs] 
2022-07-24T22:26:26.678-0700: 263758.183: [GC concurrent-root-region-scan-start]
2022-07-24T22:26:26.683-0700: 263758.188: [GC concurrent-root-region-scan-end, 0.0048947 secs]
2022-07-24T22:26:26.683-0700: 263758.188: [GC concurrent-mark-start]
2022-07-24T22:26:29.089-0700: 263760.594: [GC concurrent-mark-end, 2.4058022 secs]
2022-07-24T22:26:29.089-0700: 263760.594: [GC remark 2022-07-24T22:26:29.090-0700: 263760.594: [Finalize Marking, 0.0005358 secs] 2022-07-24T22:26:29.090-0700: 263760.595: [GC ref-proc, 0.0106379 secs] 2022-07-24T22:26:29.101-0700: 263760.605: [Unloading, 0.0267098 secs], 0.0430870 secs]
 [Times: user=0.25 sys=0.00, real=0.04 secs] 
2022-07-24T22:26:29.133-0700: 263760.638: [GC cleanup 3256M->3256M(14336M), 0.0077969 secs]
 [Times: user=0.05 sys=0.00, real=0.01 secs] 
2022-07-24T22:43:01.462-0700: 264752.967: [GC pause (G1 Evacuation Pause) (young), 0.0109298 secs]
   [Parallel Time: 6.2 ms, GC Workers: 8]
      [GC Worker Start (ms): Min: 264752966.6, Avg: 264752966.7, Max: 264752966.8, Diff: 0.2]
      [Ext Root Scanning (ms): Min: 1.6, Avg: 2.7, Max: 6.0, Diff: 4.4, Sum: 21.3]
      [Update RS (ms): Min: 0.0, Avg: 0.3, Max: 0.7, Diff: 0.7, Sum: 2.6]
         [Processed Buffers: Min: 0, Avg: 21.2, Max: 55, Diff: 55, Sum: 170]
      [Scan RS (ms): Min: 0.0, Avg: 0.1, Max: 0.2, Diff: 0.1, Sum: 0.6]
      [Code Root Scanning (ms): Min: 0.0, Avg: 0.0, Max: 0.0, Diff: 0.0, Sum: 0.0]
      [Object Copy (ms): Min: 0.0, Avg: 0.4, Max: 0.8, Diff: 0.8, Sum: 3.3]
      [Termination (ms): Min: 0.0, Avg: 2.5, Max: 3.0, Diff: 3.0, Sum: 20.2]
         [Termination Attempts: Min: 1, Avg: 1.2, Max: 2, Diff: 1, Sum: 10]
      [GC Worker Other (ms): Min: 0.0, Avg: 0.0, Max: 0.0, Diff: 0.0, Sum: 0.1]
      [GC Worker Total (ms): Min: 5.9, Avg: 6.0, Max: 6.1, Diff: 0.2, Sum: 48.0]
      [GC Worker End (ms): Min: 264752972.7, Avg: 264752972.7, Max: 264752972.7, Diff: 0.0]
   [Code Root Fixup: 0.0 ms]
   [Code Root Purge: 0.0 ms]
   [Clear CT: 0.6 ms]
   [Other: 4.1 ms]
      [Choose CSet: 0.0 ms]
      [Ref Proc: 3.4 ms]
      [Ref Enq: 0.1 ms]
      [Redirty Cards: 0.1 ms]
      [Humongous Register: 0.0 ms]
      [Humongous Reclaim: 0.0 ms]
      [Free CSet: 0.3 ms]
   [Eden: 7152.0M(7152.0M)->0.0B(7152.0M) Survivors: 16384.0K->16384.0K Heap: 10368.6M(14336.0M)->3216.5M(14336.0M)]
 [Times: user=0.06 sys=0.00, real=0.01 secs] 
2022-07-24T22:59:50.761-0700: 265762.266: [GC pause (G1 Evacuation Pause) (young), 0.0109600 secs]
   [Parallel Time: 5.4 ms, GC Workers: 8]
      [GC Worker Start (ms): Min: 265762266.3, Avg: 265762266.4, Max: 265762266.5, Diff: 0.2]
      [Ext Root Scanning (ms): Min: 1.4, Avg: 2.2, Max: 5.1, Diff: 3.7, Sum: 17.8]
      [Update RS (ms): Min: 0.0, Avg: 0.3, Max: 0.8, Diff: 0.8, Sum: 2.6]
         [Processed Buffers: Min: 0, Avg: 19.6, Max: 78, Diff: 78, Sum: 157]
      [Scan RS (ms): Min: 0.0, Avg: 0.1, Max: 0.1, Diff: 0.1, Sum: 0.6]
      [Code Root Scanning (ms): Min: 0.0, Avg: 0.0, Max: 0.0, Diff: 0.0, Sum: 0.0]
      [Object Copy (ms): Min: 0.0, Avg: 0.5, Max: 0.8, Diff: 0.8, Sum: 3.9]
      [Termination (ms): Min: 0.0, Avg: 1.9, Max: 2.3, Diff: 2.3, Sum: 15.5]
         [Termination Attempts: Min: 1, Avg: 7.0, Max: 10, Diff: 9, Sum: 56]
      [GC Worker Other (ms): Min: 0.0, Avg: 0.0, Max: 0.0, Diff: 0.0, Sum: 0.1]
      [GC Worker Total (ms): Min: 5.0, Avg: 5.1, Max: 5.1, Diff: 0.2, Sum: 40.5]
      [GC Worker End (ms): Min: 265762271.5, Avg: 265762271.5, Max: 265762271.5, Diff: 0.0]
   [Code Root Fixup: 0.0 ms]
   [Code Root Purge: 0.0 ms]
   [Clear CT: 0.6 ms]
   [Other: 5.0 ms]
      [Choose CSet: 0.0 ms]
      [Ref Proc: 4.2 ms]
      [Ref Enq: 0.2 ms]
      [Redirty Cards: 0.1 ms]
      [Humongous Register: 0.0 ms]
      [Humongous Reclaim: 0.0 ms]
      [Free CSet: 0.3 ms]
   [Eden: 7152.0M(7152.0M)->0.0B(7152.0M) Survivors: 16384.0K->16384.0K Heap: 10368.5M(14336.0M)->3216.7M(14336.0M)]
 [Times: user=0.05 sys=0.00, real=0.01 secs] 
2022-07-24T23:16:36.461-0700: 266767.966: [GC pause (G1 Evacuation Pause) (young) (initial-mark), 0.0147783 secs]
   [Parallel Time: 9.8 ms, GC Workers: 8]
      [GC Worker Start (ms): Min: 266767968.1, Avg: 266767968.2, Max: 266767968.3, Diff: 0.2]
      [Ext Root Scanning (ms): Min: 6.3, Avg: 6.7, Max: 7.0, Diff: 0.7, Sum: 53.5]
      [Update RS (ms): Min: 0.2, Avg: 0.3, Max: 0.5, Diff: 0.3, Sum: 2.5]
         [Processed Buffers: Min: 1, Avg: 21.0, Max: 55, Diff: 54, Sum: 168]
      [Scan RS (ms): Min: 0.0, Avg: 0.1, Max: 0.1, Diff: 0.1, Sum: 0.4]
      [Code Root Scanning (ms): Min: 0.0, Avg: 0.0, Max: 0.0, Diff: 0.0, Sum: 0.0]
      [Object Copy (ms): Min: 0.2, Avg: 0.5, Max: 0.8, Diff: 0.6, Sum: 3.9]
      [Termination (ms): Min: 0.0, Avg: 0.0, Max: 0.1, Diff: 0.1, Sum: 0.4]
         [Termination Attempts: Min: 1, Avg: 1.0, Max: 1, Diff: 0, Sum: 8]
      [GC Worker Other (ms): Min: 0.0, Avg: 0.0, Max: 0.1, Diff: 0.0, Sum: 0.3]
      [GC Worker Total (ms): Min: 7.5, Avg: 7.6, Max: 7.7, Diff: 0.2, Sum: 61.0]
      [GC Worker End (ms): Min: 266767975.8, Avg: 266767975.8, Max: 266767975.9, Diff: 0.0]
   [Code Root Fixup: 0.0 ms]
   [Code Root Purge: 0.0 ms]
   [Clear CT: 0.6 ms]
   [Other: 4.4 ms]
      [Choose CSet: 0.0 ms]
      [Ref Proc: 3.5 ms]
      [Ref Enq: 0.1 ms]
      [Redirty Cards: 0.1 ms]
      [Humongous Register: 0.0 ms]
      [Humongous Reclaim: 0.0 ms]
      [Free CSet: 0.4 ms]
   [Eden: 7152.0M(7152.0M)->0.0B(7152.0M) Survivors: 16384.0K->16384.0K Heap: 10368.7M(14336.0M)->3216.6M(14336.0M)]
 [Times: user=0.06 sys=0.00, real=0.02 secs] 
2022-07-24T23:16:36.476-0700: 266767.981: [GC concurrent-root-region-scan-start]
2022-07-24T23:16:36.481-0700: 266767.986: [GC concurrent-root-region-scan-end, 0.0049074 secs]
2022-07-24T23:16:36.481-0700: 266767.986: [GC concurrent-mark-start]
2022-07-24T23:16:38.898-0700: 266770.402: [GC concurrent-mark-end, 2.4163901 secs]
2022-07-24T23:16:38.898-0700: 266770.403: [GC remark 2022-07-24T23:16:38.898-0700: 266770.403: [Finalize Marking, 0.0003230 secs] 2022-07-24T23:16:38.898-0700: 266770.403: [GC ref-proc, 0.0080247 secs] 2022-07-24T23:16:38.907-0700: 266770.411: [Unloading, 0.0268325 secs], 0.0403294 secs]
 [Times: user=0.25 sys=0.00, real=0.04 secs] 
2022-07-24T23:16:38.939-0700: 266770.443: [GC cleanup 3248M->3248M(14336M), 0.0077191 secs]
 [Times: user=0.05 sys=0.00, real=0.01 secs] 
2022-07-24T23:33:23.912-0700: 267775.417: [GC pause (G1 Evacuation Pause) (young), 0.0097135 secs]
   [Parallel Time: 5.5 ms, GC Workers: 8]
      [GC Worker Start (ms): Min: 267775417.3, Avg: 267775417.4, Max: 267775417.5, Diff: 0.2]
      [Ext Root Scanning (ms): Min: 1.1, Avg: 1.8, Max: 5.3, Diff: 4.1, Sum: 14.7]
      [Update RS (ms): Min: 0.0, Avg: 0.4, Max: 0.8, Diff: 0.8, Sum: 3.0]
         [Processed Buffers: Min: 0, Avg: 20.0, Max: 59, Diff: 59, Sum: 160]
      [Scan RS (ms): Min: 0.0, Avg: 0.1, Max: 0.2, Diff: 0.1, Sum: 0.5]
      [Code Root Scanning (ms): Min: 0.0, Avg: 0.0, Max: 0.0, Diff: 0.0, Sum: 0.0]
      [Object Copy (ms): Min: 0.0, Avg: 0.5, Max: 0.7, Diff: 0.7, Sum: 3.7]
      [Termination (ms): Min: 0.0, Avg: 2.5, Max: 2.9, Diff: 2.9, Sum: 19.9]
         [Termination Attempts: Min: 1, Avg: 1.4, Max: 2, Diff: 1, Sum: 11]
      [GC Worker Other (ms): Min: 0.0, Avg: 0.0, Max: 0.0, Diff: 0.0, Sum: 0.1]
      [GC Worker Total (ms): Min: 5.2, Avg: 5.3, Max: 5.3, Diff: 0.2, Sum: 42.0]
      [GC Worker End (ms): Min: 267775422.7, Avg: 267775422.7, Max: 267775422.7, Diff: 0.1]
   [Code Root Fixup: 0.0 ms]
   [Code Root Purge: 0.0 ms]
   [Clear CT: 0.6 ms]
   [Other: 3.6 ms]
      [Choose CSet: 0.0 ms]
      [Ref Proc: 2.8 ms]
      [Ref Enq: 0.1 ms]
      [Redirty Cards: 0.1 ms]
      [Humongous Register: 0.0 ms]
      [Humongous Reclaim: 0.0 ms]
      [Free CSet: 0.3 ms]
   [Eden: 7152.0M(7152.0M)->0.0B(7152.0M) Survivors: 16384.0K->16384.0K Heap: 10368.6M(14336.0M)->3216.6M(14336.0M)]
 [Times: user=0.05 sys=0.01, real=0.01 secs] 
2022-07-24T23:50:09.612-0700: 268781.117: [GC pause (G1 Evacuation Pause) (young), 0.0084034 secs]
   [Parallel Time: 5.5 ms, GC Workers: 8]
      [GC Worker Start (ms): Min: 268781116.9, Avg: 268781117.0, Max: 268781117.0, Diff: 0.1]
      [Ext Root Scanning (ms): Min: 1.2, Avg: 1.8, Max: 5.4, Diff: 4.2, Sum: 14.7]
      [Update RS (ms): Min: 0.0, Avg: 0.4, Max: 0.7, Diff: 0.7, Sum: 2.8]
         [Processed Buffers: Min: 0, Avg: 21.1, Max: 70, Diff: 70, Sum: 169]
      [Scan RS (ms): Min: 0.0, Avg: 0.1, Max: 0.2, Diff: 0.1, Sum: 0.6]
      [Code Root Scanning (ms): Min: 0.0, Avg: 0.0, Max: 0.0, Diff: 0.0, Sum: 0.0]
      [Object Copy (ms): Min: 0.0, Avg: 0.6, Max: 0.8, Diff: 0.8, Sum: 4.6]
      [Termination (ms): Min: 0.0, Avg: 2.5, Max: 2.9, Diff: 2.9, Sum: 20.2]
         [Termination Attempts: Min: 1, Avg: 2.6, Max: 4, Diff: 3, Sum: 21]
      [GC Worker Other (ms): Min: 0.0, Avg: 0.0, Max: 0.0, Diff: 0.0, Sum: 0.2]
      [GC Worker Total (ms): Min: 5.3, Avg: 5.4, Max: 5.4, Diff: 0.1, Sum: 43.1]
      [GC Worker End (ms): Min: 268781122.3, Avg: 268781122.4, Max: 268781122.4, Diff: 0.0]
   [Code Root Fixup: 0.0 ms]
   [Code Root Purge: 0.0 ms]
   [Clear CT: 0.6 ms]
   [Other: 2.3 ms]
      [Choose CSet: 0.0 ms]
      [Ref Proc: 1.6 ms]
      [Ref Enq: 0.1 ms]
      [Redirty Cards: 0.1 ms]
      [Humongous Register: 0.0 ms]
      [Humongous Reclaim: 0.0 ms]
      [Free CSet: 0.3 ms]
   [Eden: 7152.0M(7152.0M)->0.0B(7152.0M) Survivors: 16384.0K->16384.0K Heap: 10368.6M(14336.0M)->3217.0M(14336.0M)]
 [Times: user=0.05 sys=0.00, real=0.01 secs] 
2022-07-25T00:06:36.963-0700: 269768.468: [GC pause (G1 Evacuation Pause) (young) (initial-mark), 0.0155286 secs]
   [Parallel Time: 9.5 ms, GC Workers: 8]
      [GC Worker Start (ms): Min: 269768470.1, Avg: 269768470.2, Max: 269768470.3, Diff: 0.2]
      [Ext Root Scanning (ms): Min: 6.3, Avg: 6.4, Max: 6.7, Diff: 0.4, Sum: 51.4]
      [Update RS (ms): Min: 0.2, Avg: 0.2, Max: 0.4, Diff: 0.2, Sum: 2.0]
         [Processed Buffers: Min: 1, Avg: 21.0, Max: 58, Diff: 57, Sum: 168]
      [Scan RS (ms): Min: 0.0, Avg: 0.1, Max: 0.1, Diff: 0.1, Sum: 0.5]
      [Code Root Scanning (ms): Min: 0.0, Avg: 0.0, Max: 0.0, Diff: 0.0, Sum: 0.0]
      [Object Copy (ms): Min: 0.2, Avg: 0.4, Max: 0.6, Diff: 0.5, Sum: 3.6]
      [Termination (ms): Min: 0.0, Avg: 0.0, Max: 0.0, Diff: 0.0, Sum: 0.2]
         [Termination Attempts: Min: 1, Avg: 5.0, Max: 7, Diff: 6, Sum: 40]
      [GC Worker Other (ms): Min: 0.0, Avg: 0.0, Max: 0.1, Diff: 0.1, Sum: 0.4]
      [GC Worker Total (ms): Min: 7.1, Avg: 7.2, Max: 7.4, Diff: 0.2, Sum: 58.0]
      [GC Worker End (ms): Min: 269768477.5, Avg: 269768477.5, Max: 269768477.6, Diff: 0.1]
   [Code Root Fixup: 0.0 ms]
   [Code Root Purge: 0.0 ms]
   [Clear CT: 0.7 ms]
   [Other: 5.4 ms]
      [Choose CSet: 0.0 ms]
      [Ref Proc: 4.6 ms]
      [Ref Enq: 0.1 ms]
      [Redirty Cards: 0.1 ms]
      [Humongous Register: 0.0 ms]
      [Humongous Reclaim: 0.0 ms]
      [Free CSet: 0.3 ms]
   [Eden: 7152.0M(7152.0M)->0.0B(7152.0M) Survivors: 16384.0K->16384.0K Heap: 10369.0M(14336.0M)->3216.6M(14336.0M)]
 [Times: user=0.06 sys=0.00, real=0.01 secs] 
2022-07-25T00:06:36.979-0700: 269768.484: [GC concurrent-root-region-scan-start]
2022-07-25T00:06:36.984-0700: 269768.489: [GC concurrent-root-region-scan-end, 0.0048355 secs]
2022-07-25T00:06:36.984-0700: 269768.489: [GC concurrent-mark-start]
2022-07-25T00:06:39.402-0700: 269770.907: [GC concurrent-mark-end, 2.4179870 secs]
2022-07-25T00:06:39.402-0700: 269770.907: [GC remark 2022-07-25T00:06:39.402-0700: 269770.907: [Finalize Marking, 0.0002595 secs] 2022-07-25T00:06:39.402-0700: 269770.907: [GC ref-proc, 0.0083327 secs] 2022-07-25T00:06:39.411-0700: 269770.916: [Unloading, 0.0269349 secs], 0.0407438 secs]
 [Times: user=0.25 sys=0.00, real=0.05 secs] 
2022-07-25T00:06:39.443-0700: 269770.948: [GC cleanup 3256M->3256M(14336M), 0.0077202 secs]
 [Times: user=0.06 sys=0.00, real=0.00 secs] 
2022-07-25T00:23:11.265-0700: 270762.770: [GC pause (G1 Evacuation Pause) (young), 0.0105758 secs]
   [Parallel Time: 5.2 ms, GC Workers: 8]
      [GC Worker Start (ms): Min: 270762770.3, Avg: 270762770.3, Max: 270762770.4, Diff: 0.1]
      [Ext Root Scanning (ms): Min: 1.0, Avg: 1.7, Max: 5.1, Diff: 4.1, Sum: 13.4]
      [Update RS (ms): Min: 0.0, Avg: 0.3, Max: 0.6, Diff: 0.6, Sum: 2.3]
         [Processed Buffers: Min: 0, Avg: 20.6, Max: 69, Diff: 69, Sum: 165]
      [Scan RS (ms): Min: 0.0, Avg: 0.1, Max: 0.1, Diff: 0.1, Sum: 0.5]
      [Code Root Scanning (ms): Min: 0.0, Avg: 0.0, Max: 0.0, Diff: 0.0, Sum: 0.0]
      [Object Copy (ms): Min: 0.0, Avg: 0.4, Max: 0.6, Diff: 0.6, Sum: 3.2]
      [Termination (ms): Min: 0.0, Avg: 2.6, Max: 3.0, Diff: 3.0, Sum: 21.1]
         [Termination Attempts: Min: 1, Avg: 1.0, Max: 1, Diff: 0, Sum: 8]
      [GC Worker Other (ms): Min: 0.0, Avg: 0.0, Max: 0.0, Diff: 0.0, Sum: 0.2]
      [GC Worker Total (ms): Min: 5.0, Avg: 5.1, Max: 5.1, Diff: 0.1, Sum: 40.7]
      [GC Worker End (ms): Min: 270762775.4, Avg: 270762775.4, Max: 270762775.4, Diff: 0.0]
   [Code Root Fixup: 0.0 ms]
   [Code Root Purge: 0.0 ms]
   [Clear CT: 0.6 ms]
   [Other: 4.8 ms]
      [Choose CSet: 0.0 ms]
      [Ref Proc: 4.0 ms]
      [Ref Enq: 0.1 ms]
      [Redirty Cards: 0.1 ms]
      [Humongous Register: 0.1 ms]
      [Humongous Reclaim: 0.0 ms]
      [Free CSet: 0.3 ms]
   [Eden: 7152.0M(7152.0M)->0.0B(7152.0M) Survivors: 16384.0K->16384.0K Heap: 10368.6M(14336.0M)->3216.6M(14336.0M)]
 [Times: user=0.05 sys=0.00, real=0.01 secs] 
2022-07-25T00:39:49.540-0700: 271761.045: [GC pause (G1 Evacuation Pause) (young), 0.0113321 secs]
   [Parallel Time: 6.1 ms, GC Workers: 8]
      [GC Worker Start (ms): Min: 271761044.7, Avg: 271761044.8, Max: 271761044.9, Diff: 0.2]
      [Ext Root Scanning (ms): Min: 1.3, Avg: 2.1, Max: 5.9, Diff: 4.6, Sum: 17.0]
      [Update RS (ms): Min: 0.0, Avg: 0.4, Max: 0.7, Diff: 0.7, Sum: 2.8]
         [Processed Buffers: Min: 0, Avg: 20.1, Max: 65, Diff: 65, Sum: 161]
      [Scan RS (ms): Min: 0.0, Avg: 0.1, Max: 0.2, Diff: 0.2, Sum: 0.7]
      [Code Root Scanning (ms): Min: 0.0, Avg: 0.0, Max: 0.0, Diff: 0.0, Sum: 0.0]
      [Object Copy (ms): Min: 0.0, Avg: 0.5, Max: 0.8, Diff: 0.8, Sum: 4.3]
      [Termination (ms): Min: 0.0, Avg: 2.7, Max: 3.1, Diff: 3.1, Sum: 21.9]
         [Termination Attempts: Min: 1, Avg: 2.8, Max: 4, Diff: 3, Sum: 22]
      [GC Worker Other (ms): Min: 0.0, Avg: 0.0, Max: 0.0, Diff: 0.0, Sum: 0.2]
      [GC Worker Total (ms): Min: 5.8, Avg: 5.9, Max: 6.0, Diff: 0.2, Sum: 46.9]
      [GC Worker End (ms): Min: 271761050.7, Avg: 271761050.7, Max: 271761050.7, Diff: 0.0]
   [Code Root Fixup: 0.0 ms]
   [Code Root Purge: 0.0 ms]
   [Clear CT: 0.6 ms]
   [Other: 4.6 ms]
      [Choose CSet: 0.0 ms]
      [Ref Proc: 3.9 ms]
      [Ref Enq: 0.1 ms]
      [Redirty Cards: 0.1 ms]
      [Humongous Register: 0.0 ms]
      [Humongous Reclaim: 0.0 ms]
      [Free CSet: 0.3 ms]
   [Eden: 7152.0M(7152.0M)->0.0B(7152.0M) Survivors: 16384.0K->16384.0K Heap: 10368.6M(14336.0M)->3216.7M(14336.0M)]
 [Times: user=0.06 sys=0.00, real=0.01 secs] 
2022-07-25T00:56:34.962-0700: 272766.466: [GC pause (G1 Evacuation Pause) (young) (initial-mark), 0.0157339 secs]
   [Parallel Time: 10.1 ms, GC Workers: 8]
      [GC Worker Start (ms): Min: 272766468.7, Avg: 272766468.7, Max: 272766468.8, Diff: 0.1]
      [Ext Root Scanning (ms): Min: 6.1, Avg: 6.5, Max: 7.0, Diff: 0.8, Sum: 52.0]
      [Update RS (ms): Min: 0.2, Avg: 0.3, Max: 0.5, Diff: 0.4, Sum: 2.3]
         [Processed Buffers: Min: 1, Avg: 21.8, Max: 56, Diff: 55, Sum: 174]
      [Scan RS (ms): Min: 0.0, Avg: 0.1, Max: 0.1, Diff: 0.1, Sum: 0.5]
      [Code Root Scanning (ms): Min: 0.0, Avg: 0.0, Max: 0.0, Diff: 0.0, Sum: 0.0]
      [Object Copy (ms): Min: 0.3, Avg: 0.7, Max: 1.0, Diff: 0.8, Sum: 5.2]
      [Termination (ms): Min: 0.0, Avg: 0.0, Max: 0.0, Diff: 0.0, Sum: 0.1]
         [Termination Attempts: Min: 1, Avg: 2.0, Max: 3, Diff: 2, Sum: 16]
      [GC Worker Other (ms): Min: 0.0, Avg: 0.1, Max: 0.2, Diff: 0.1, Sum: 0.6]
      [GC Worker Total (ms): Min: 7.5, Avg: 7.6, Max: 7.7, Diff: 0.2, Sum: 60.7]
      [GC Worker End (ms): Min: 272766476.3, Avg: 272766476.3, Max: 272766476.4, Diff: 0.1]
   [Code Root Fixup: 0.0 ms]
   [Code Root Purge: 0.0 ms]
   [Clear CT: 0.6 ms]
   [Other: 5.0 ms]
      [Choose CSet: 0.0 ms]
      [Ref Proc: 4.2 ms]
      [Ref Enq: 0.2 ms]
      [Redirty Cards: 0.1 ms]
      [Humongous Register: 0.0 ms]
      [Humongous Reclaim: 0.0 ms]
      [Free CSet: 0.3 ms]
   [Eden: 7152.0M(7152.0M)->0.0B(7152.0M) Survivors: 16384.0K->16384.0K Heap: 10368.7M(14336.0M)->3216.7M(14336.0M)]
 [Times: user=0.06 sys=0.00, real=0.02 secs] 
2022-07-25T00:56:34.978-0700: 272766.482: [GC concurrent-root-region-scan-start]
2022-07-25T00:56:34.983-0700: 272766.488: [GC concurrent-root-region-scan-end, 0.0052836 secs]
2022-07-25T00:56:34.983-0700: 272766.488: [GC concurrent-mark-start]
2022-07-25T00:56:37.391-0700: 272768.896: [GC concurrent-mark-end, 2.4085689 secs]
2022-07-25T00:56:37.392-0700: 272768.897: [GC remark 2022-07-25T00:56:37.392-0700: 272768.897: [Finalize Marking, 0.0003671 secs] 2022-07-25T00:56:37.392-0700: 272768.897: [GC ref-proc, 0.0105677 secs] 2022-07-25T00:56:37.403-0700: 272768.908: [Unloading, 0.0269498 secs], 0.0429758 secs]
 [Times: user=0.25 sys=0.00, real=0.05 secs] 
2022-07-25T00:56:37.435-0700: 272768.940: [GC cleanup 3288M->3288M(14336M), 0.0076454 secs]
 [Times: user=0.05 sys=0.00, real=0.01 secs] 
2022-07-25T01:13:14.362-0700: 273765.867: [GC pause (G1 Evacuation Pause) (young), 0.0113096 secs]
   [Parallel Time: 5.8 ms, GC Workers: 8]
      [GC Worker Start (ms): Min: 273765866.9, Avg: 273765867.0, Max: 273765867.1, Diff: 0.2]
      [Ext Root Scanning (ms): Min: 1.3, Avg: 2.2, Max: 5.6, Diff: 4.2, Sum: 17.6]
      [Update RS (ms): Min: 0.0, Avg: 0.4, Max: 0.9, Diff: 0.9, Sum: 2.9]
         [Processed Buffers: Min: 0, Avg: 21.5, Max: 57, Diff: 57, Sum: 172]
      [Scan RS (ms): Min: 0.0, Avg: 0.1, Max: 0.2, Diff: 0.2, Sum: 0.7]
      [Code Root Scanning (ms): Min: 0.0, Avg: 0.0, Max: 0.0, Diff: 0.0, Sum: 0.0]
      [Object Copy (ms): Min: 0.0, Avg: 0.6, Max: 1.0, Diff: 1.0, Sum: 5.1]
      [Termination (ms): Min: 0.0, Avg: 2.2, Max: 2.6, Diff: 2.6, Sum: 17.6]
         [Termination Attempts: Min: 1, Avg: 1.0, Max: 1, Diff: 0, Sum: 8]
      [GC Worker Other (ms): Min: 0.0, Avg: 0.0, Max: 0.0, Diff: 0.0, Sum: 0.2]
      [GC Worker Total (ms): Min: 5.4, Avg: 5.5, Max: 5.6, Diff: 0.2, Sum: 44.2]
      [GC Worker End (ms): Min: 273765872.5, Avg: 273765872.6, Max: 273765872.6, Diff: 0.0]
   [Code Root Fixup: 0.0 ms]
   [Code Root Purge: 0.0 ms]
   [Clear CT: 0.8 ms]
   [Other: 4.6 ms]
      [Choose CSet: 0.0 ms]
      [Ref Proc: 4.0 ms]
      [Ref Enq: 0.1 ms]
      [Redirty Cards: 0.1 ms]
      [Humongous Register: 0.1 ms]
      [Humongous Reclaim: 0.0 ms]
      [Free CSet: 0.3 ms]
   [Eden: 7152.0M(7152.0M)->0.0B(7152.0M) Survivors: 16384.0K->16384.0K Heap: 10368.7M(14336.0M)->3216.7M(14336.0M)]
 [Times: user=0.06 sys=0.00, real=0.01 secs] 
2022-07-25T01:29:56.419-0700: 274767.924: [GC pause (G1 Evacuation Pause) (young), 0.0110935 secs]
   [Parallel Time: 5.6 ms, GC Workers: 8]
      [GC Worker Start (ms): Min: 274767923.7, Avg: 274767923.8, Max: 274767923.9, Diff: 0.1]
      [Ext Root Scanning (ms): Min: 1.2, Avg: 2.0, Max: 5.3, Diff: 4.0, Sum: 15.9]
      [Update RS (ms): Min: 0.0, Avg: 0.3, Max: 0.7, Diff: 0.7, Sum: 2.4]
         [Processed Buffers: Min: 0, Avg: 19.0, Max: 47, Diff: 47, Sum: 152]
      [Scan RS (ms): Min: 0.0, Avg: 0.1, Max: 0.2, Diff: 0.1, Sum: 0.6]
      [Code Root Scanning (ms): Min: 0.0, Avg: 0.0, Max: 0.0, Diff: 0.0, Sum: 0.0]
      [Object Copy (ms): Min: 0.0, Avg: 0.7, Max: 1.5, Diff: 1.5, Sum: 5.5]
      [Termination (ms): Min: 0.0, Avg: 2.2, Max: 2.6, Diff: 2.6, Sum: 17.6]
         [Termination Attempts: Min: 1, Avg: 3.1, Max: 5, Diff: 4, Sum: 25]
      [GC Worker Other (ms): Min: 0.0, Avg: 0.0, Max: 0.0, Diff: 0.0, Sum: 0.2]
      [GC Worker Total (ms): Min: 5.2, Avg: 5.3, Max: 5.3, Diff: 0.1, Sum: 42.2]
      [GC Worker End (ms): Min: 274767929.1, Avg: 274767929.1, Max: 274767929.1, Diff: 0.0]
   [Code Root Fixup: 0.0 ms]
   [Code Root Purge: 0.0 ms]
   [Clear CT: 0.8 ms]
   [Other: 4.7 ms]
      [Choose CSet: 0.0 ms]
      [Ref Proc: 4.1 ms]
      [Ref Enq: 0.1 ms]
      [Redirty Cards: 0.1 ms]
      [Humongous Register: 0.0 ms]
      [Humongous Reclaim: 0.0 ms]
      [Free CSet: 0.3 ms]
   [Eden: 7152.0M(7152.0M)->0.0B(7152.0M) Survivors: 16384.0K->16384.0K Heap: 10368.7M(14336.0M)->3216.6M(14336.0M)]
 [Times: user=0.05 sys=0.00, real=0.01 secs] 
2022-07-25T01:46:27.263-0700: 275758.768: [GC pause (G1 Evacuation Pause) (young) (initial-mark), 0.0134737 secs]
   [Parallel Time: 9.4 ms, GC Workers: 8]
      [GC Worker Start (ms): Min: 275758769.6, Avg: 275758769.7, Max: 275758769.8, Diff: 0.2]
      [Ext Root Scanning (ms): Min: 5.7, Avg: 6.2, Max: 6.7, Diff: 1.0, Sum: 49.7]
      [Update RS (ms): Min: 0.2, Avg: 0.3, Max: 0.5, Diff: 0.3, Sum: 2.2]
         [Processed Buffers: Min: 1, Avg: 21.4, Max: 65, Diff: 64, Sum: 171]
      [Scan RS (ms): Min: 0.0, Avg: 0.1, Max: 0.1, Diff: 0.1, Sum: 0.5]
      [Code Root Scanning (ms): Min: 0.0, Avg: 0.0, Max: 0.0, Diff: 0.0, Sum: 0.0]
      [Object Copy (ms): Min: 0.1, Avg: 0.7, Max: 1.2, Diff: 1.1, Sum: 5.7]
      [Termination (ms): Min: 0.0, Avg: 0.0, Max: 0.0, Diff: 0.0, Sum: 0.1]
         [Termination Attempts: Min: 1, Avg: 4.0, Max: 6, Diff: 5, Sum: 32]
      [GC Worker Other (ms): Min: 0.0, Avg: 0.0, Max: 0.1, Diff: 0.1, Sum: 0.4]
      [GC Worker Total (ms): Min: 7.3, Avg: 7.3, Max: 7.4, Diff: 0.2, Sum: 58.6]
      [GC Worker End (ms): Min: 275758777.0, Avg: 275758777.1, Max: 275758777.1, Diff: 0.1]
   [Code Root Fixup: 0.0 ms]
   [Code Root Purge: 0.0 ms]
   [Clear CT: 0.7 ms]
   [Other: 3.3 ms]
      [Choose CSet: 0.0 ms]
      [Ref Proc: 2.6 ms]
      [Ref Enq: 0.1 ms]
      [Redirty Cards: 0.1 ms]
      [Humongous Register: 0.0 ms]
      [Humongous Reclaim: 0.0 ms]
      [Free CSet: 0.3 ms]
   [Eden: 7152.0M(7152.0M)->0.0B(7152.0M) Survivors: 16384.0K->16384.0K Heap: 10368.6M(14336.0M)->3216.6M(14336.0M)]
 [Times: user=0.06 sys=0.00, real=0.01 secs] 
2022-07-25T01:46:27.276-0700: 275758.781: [GC concurrent-root-region-scan-start]
2022-07-25T01:46:27.281-0700: 275758.786: [GC concurrent-root-region-scan-end, 0.0047293 secs]
2022-07-25T01:46:27.281-0700: 275758.786: [GC concurrent-mark-start]
2022-07-25T01:46:29.683-0700: 275761.188: [GC concurrent-mark-end, 2.4018676 secs]
2022-07-25T01:46:29.684-0700: 275761.188: [GC remark 2022-07-25T01:46:29.684-0700: 275761.188: [Finalize Marking, 0.0003127 secs] 2022-07-25T01:46:29.684-0700: 275761.189: [GC ref-proc, 0.0104362 secs] 2022-07-25T01:46:29.694-0700: 275761.199: [Unloading, 0.0264868 secs], 0.0425527 secs]
 [Times: user=0.25 sys=0.00, real=0.04 secs] 
2022-07-25T01:46:29.726-0700: 275761.231: [GC cleanup 3288M->3288M(14336M), 0.0072969 secs]
 [Times: user=0.05 sys=0.00, real=0.00 secs] 
2022-07-25T02:03:10.764-0700: 276762.268: [GC pause (G1 Evacuation Pause) (young), 0.0121271 secs]
   [Parallel Time: 6.0 ms, GC Workers: 8]
      [GC Worker Start (ms): Min: 276762268.4, Avg: 276762268.5, Max: 276762268.6, Diff: 0.1]
      [Ext Root Scanning (ms): Min: 1.1, Avg: 1.9, Max: 5.7, Diff: 4.5, Sum: 14.8]
      [Update RS (ms): Min: 0.0, Avg: 0.3, Max: 0.7, Diff: 0.7, Sum: 2.5]
         [Processed Buffers: Min: 0, Avg: 20.9, Max: 71, Diff: 71, Sum: 167]
      [Scan RS (ms): Min: 0.0, Avg: 0.1, Max: 0.2, Diff: 0.1, Sum: 0.6]
      [Code Root Scanning (ms): Min: 0.0, Avg: 0.0, Max: 0.0, Diff: 0.0, Sum: 0.0]
      [Object Copy (ms): Min: 0.0, Avg: 0.5, Max: 0.7, Diff: 0.7, Sum: 3.9]
      [Termination (ms): Min: 0.0, Avg: 2.9, Max: 3.3, Diff: 3.3, Sum: 23.1]
         [Termination Attempts: Min: 1, Avg: 8.1, Max: 14, Diff: 13, Sum: 65]
      [GC Worker Other (ms): Min: 0.0, Avg: 0.0, Max: 0.0, Diff: 0.0, Sum: 0.1]
      [GC Worker Total (ms): Min: 5.6, Avg: 5.6, Max: 5.7, Diff: 0.1, Sum: 45.2]
      [GC Worker End (ms): Min: 276762274.2, Avg: 276762274.2, Max: 276762274.2, Diff: 0.0]
   [Code Root Fixup: 0.0 ms]
   [Code Root Purge: 0.0 ms]
   [Clear CT: 0.6 ms]
   [Other: 5.5 ms]
      [Choose CSet: 0.0 ms]
      [Ref Proc: 4.8 ms]
      [Ref Enq: 0.1 ms]
      [Redirty Cards: 0.1 ms]
      [Humongous Register: 0.0 ms]
      [Humongous Reclaim: 0.0 ms]
      [Free CSet: 0.3 ms]
   [Eden: 7152.0M(7152.0M)->0.0B(7152.0M) Survivors: 16384.0K->16384.0K Heap: 10368.6M(14336.0M)->3216.7M(14336.0M)]
 [Times: user=0.07 sys=0.00, real=0.01 secs] 
2022-07-25T02:19:46.261-0700: 277757.766: [GC pause (G1 Evacuation Pause) (young), 0.0111956 secs]
   [Parallel Time: 5.9 ms, GC Workers: 8]
      [GC Worker Start (ms): Min: 277757765.9, Avg: 277757766.0, Max: 277757766.0, Diff: 0.2]
      [Ext Root Scanning (ms): Min: 1.3, Avg: 2.0, Max: 5.7, Diff: 4.4, Sum: 16.2]
      [Update RS (ms): Min: 0.0, Avg: 0.4, Max: 0.7, Diff: 0.7, Sum: 2.8]
         [Processed Buffers: Min: 0, Avg: 22.4, Max: 84, Diff: 84, Sum: 179]
      [Scan RS (ms): Min: 0.0, Avg: 0.1, Max: 0.1, Diff: 0.1, Sum: 0.6]
      [Code Root Scanning (ms): Min: 0.0, Avg: 0.0, Max: 0.0, Diff: 0.0, Sum: 0.0]
      [Object Copy (ms): Min: 0.0, Avg: 0.6, Max: 0.8, Diff: 0.8, Sum: 4.5]
      [Termination (ms): Min: 0.0, Avg: 2.6, Max: 3.0, Diff: 3.0, Sum: 20.6]
         [Termination Attempts: Min: 1, Avg: 1.2, Max: 2, Diff: 1, Sum: 10]
      [GC Worker Other (ms): Min: 0.0, Avg: 0.0, Max: 0.0, Diff: 0.0, Sum: 0.2]
      [GC Worker Total (ms): Min: 5.6, Avg: 5.6, Max: 5.7, Diff: 0.2, Sum: 45.1]
      [GC Worker End (ms): Min: 277757771.6, Avg: 277757771.6, Max: 277757771.6, Diff: 0.0]
   [Code Root Fixup: 0.0 ms]
   [Code Root Purge: 0.0 ms]
   [Clear CT: 0.6 ms]
   [Other: 4.6 ms]
      [Choose CSet: 0.0 ms]
      [Ref Proc: 3.9 ms]
      [Ref Enq: 0.1 ms]
      [Redirty Cards: 0.1 ms]
      [Humongous Register: 0.1 ms]
      [Humongous Reclaim: 0.0 ms]
      [Free CSet: 0.3 ms]
   [Eden: 7152.0M(7152.0M)->0.0B(7152.0M) Survivors: 16384.0K->16384.0K Heap: 10368.7M(14336.0M)->3216.7M(14336.0M)]
 [Times: user=0.06 sys=0.00, real=0.01 secs] 
2022-07-25T02:36:33.013-0700: 278764.518: [GC pause (G1 Evacuation Pause) (young) (initial-mark), 0.0150588 secs]
   [Parallel Time: 10.5 ms, GC Workers: 8]
      [GC Worker Start (ms): Min: 278764520.5, Avg: 278764520.6, Max: 278764520.7, Diff: 0.2]
      [Ext Root Scanning (ms): Min: 6.8, Avg: 7.1, Max: 7.4, Diff: 0.6, Sum: 56.5]
      [Update RS (ms): Min: 0.1, Avg: 0.3, Max: 0.5, Diff: 0.4, Sum: 2.2]
         [Processed Buffers: Min: 1, Avg: 19.8, Max: 54, Diff: 53, Sum: 158]
      [Scan RS (ms): Min: 0.0, Avg: 0.1, Max: 0.1, Diff: 0.1, Sum: 0.5]
      [Code Root Scanning (ms): Min: 0.0, Avg: 0.0, Max: 0.0, Diff: 0.0, Sum: 0.0]
      [Object Copy (ms): Min: 0.2, Avg: 0.5, Max: 0.8, Diff: 0.6, Sum: 4.1]
      [Termination (ms): Min: 0.0, Avg: 0.0, Max: 0.0, Diff: 0.0, Sum: 0.2]
         [Termination Attempts: Min: 1, Avg: 1.2, Max: 2, Diff: 1, Sum: 10]
      [GC Worker Other (ms): Min: 0.0, Avg: 0.0, Max: 0.1, Diff: 0.1, Sum: 0.3]
      [GC Worker Total (ms): Min: 7.9, Avg: 8.0, Max: 8.1, Diff: 0.2, Sum: 63.9]
      [GC Worker End (ms): Min: 278764528.5, Avg: 278764528.6, Max: 278764528.6, Diff: 0.1]
   [Code Root Fixup: 0.0 ms]
   [Code Root Purge: 0.0 ms]
   [Clear CT: 0.8 ms]
   [Other: 3.7 ms]
      [Choose CSet: 0.0 ms]
      [Ref Proc: 3.0 ms]
      [Ref Enq: 0.1 ms]
      [Redirty Cards: 0.1 ms]
      [Humongous Register: 0.0 ms]
      [Humongous Reclaim: 0.0 ms]
      [Free CSet: 0.3 ms]
   [Eden: 7152.0M(7152.0M)->0.0B(7152.0M) Survivors: 16384.0K->16384.0K Heap: 10368.7M(14336.0M)->3216.7M(14336.0M)]
 [Times: user=0.06 sys=0.00, real=0.02 secs] 
2022-07-25T02:36:33.029-0700: 278764.533: [GC concurrent-root-region-scan-start]
2022-07-25T02:36:33.034-0700: 278764.539: [GC concurrent-root-region-scan-end, 0.0055980 secs]
2022-07-25T02:36:33.034-0700: 278764.539: [GC concurrent-mark-start]
2022-07-25T02:36:35.459-0700: 278766.964: [GC concurrent-mark-end, 2.4250976 secs]
2022-07-25T02:36:35.460-0700: 278766.965: [GC remark 2022-07-25T02:36:35.460-0700: 278766.965: [Finalize Marking, 0.0004887 secs] 2022-07-25T02:36:35.460-0700: 278766.965: [GC ref-proc, 0.0105545 secs] 2022-07-25T02:36:35.471-0700: 278766.976: [Unloading, 0.0270619 secs], 0.0435299 secs]
 [Times: user=0.25 sys=0.00, real=0.05 secs] 
2022-07-25T02:36:35.504-0700: 278767.008: [GC cleanup 3280M->3280M(14336M), 0.0081993 secs]
 [Times: user=0.06 sys=0.00, real=0.00 secs] 
2022-07-25T02:53:02.612-0700: 279754.117: [GC pause (G1 Evacuation Pause) (young), 0.0089923 secs]
   [Parallel Time: 5.7 ms, GC Workers: 8]
      [GC Worker Start (ms): Min: 279754117.0, Avg: 279754117.0, Max: 279754117.1, Diff: 0.1]
      [Ext Root Scanning (ms): Min: 1.2, Avg: 1.9, Max: 5.4, Diff: 4.2, Sum: 15.1]
      [Update RS (ms): Min: 0.0, Avg: 0.4, Max: 0.8, Diff: 0.8, Sum: 2.9]
         [Processed Buffers: Min: 0, Avg: 20.9, Max: 54, Diff: 54, Sum: 167]
      [Scan RS (ms): Min: 0.0, Avg: 0.1, Max: 0.2, Diff: 0.1, Sum: 0.7]
      [Code Root Scanning (ms): Min: 0.0, Avg: 0.0, Max: 0.0, Diff: 0.0, Sum: 0.0]
      [Object Copy (ms): Min: 0.0, Avg: 0.5, Max: 0.7, Diff: 0.7, Sum: 4.2]
      [Termination (ms): Min: 0.0, Avg: 2.5, Max: 2.9, Diff: 2.9, Sum: 20.2]
         [Termination Attempts: Min: 1, Avg: 7.5, Max: 10, Diff: 9, Sum: 60]
      [GC Worker Other (ms): Min: 0.0, Avg: 0.0, Max: 0.0, Diff: 0.0, Sum: 0.1]
      [GC Worker Total (ms): Min: 5.3, Avg: 5.4, Max: 5.5, Diff: 0.1, Sum: 43.3]
      [GC Worker End (ms): Min: 279754122.4, Avg: 279754122.5, Max: 279754122.5, Diff: 0.0]
   [Code Root Fixup: 0.0 ms]
   [Code Root Purge: 0.0 ms]
   [Clear CT: 0.6 ms]
   [Other: 2.7 ms]
      [Choose CSet: 0.0 ms]
      [Ref Proc: 2.0 ms]
      [Ref Enq: 0.1 ms]
      [Redirty Cards: 0.1 ms]
      [Humongous Register: 0.0 ms]
      [Humongous Reclaim: 0.0 ms]
      [Free CSet: 0.3 ms]
   [Eden: 7152.0M(7152.0M)->0.0B(7152.0M) Survivors: 16384.0K->16384.0K Heap: 10368.7M(14336.0M)->3216.8M(14336.0M)]
 [Times: user=0.05 sys=0.00, real=0.01 secs] 
2022-07-25T03:09:46.220-0700: 280757.725: [GC pause (G1 Evacuation Pause) (young), 0.0110247 secs]
   [Parallel Time: 5.8 ms, GC Workers: 8]
      [GC Worker Start (ms): Min: 280757724.8, Avg: 280757724.9, Max: 280757725.0, Diff: 0.2]
      [Ext Root Scanning (ms): Min: 1.0, Avg: 1.7, Max: 5.4, Diff: 4.4, Sum: 13.6]
      [Update RS (ms): Min: 0.0, Avg: 0.3, Max: 0.6, Diff: 0.6, Sum: 2.3]
         [Processed Buffers: Min: 0, Avg: 20.4, Max: 53, Diff: 53, Sum: 163]
      [Scan RS (ms): Min: 0.0, Avg: 0.1, Max: 0.1, Diff: 0.1, Sum: 0.5]
      [Code Root Scanning (ms): Min: 0.0, Avg: 0.0, Max: 0.0, Diff: 0.0, Sum: 0.0]
      [Object Copy (ms): Min: 0.0, Avg: 0.4, Max: 0.6, Diff: 0.6, Sum: 3.0]
      [Termination (ms): Min: 0.0, Avg: 2.9, Max: 3.3, Diff: 3.3, Sum: 23.2]
         [Termination Attempts: Min: 1, Avg: 1.8, Max: 4, Diff: 3, Sum: 14]
      [GC Worker Other (ms): Min: 0.0, Avg: 0.0, Max: 0.0, Diff: 0.0, Sum: 0.1]
      [GC Worker Total (ms): Min: 5.3, Avg: 5.3, Max: 5.4, Diff: 0.1, Sum: 42.8]
      [GC Worker End (ms): Min: 280757730.2, Avg: 280757730.2, Max: 280757730.3, Diff: 0.0]
   [Code Root Fixup: 0.0 ms]
   [Code Root Purge: 0.0 ms]
   [Clear CT: 0.6 ms]
   [Other: 4.6 ms]
      [Choose CSet: 0.0 ms]
      [Ref Proc: 3.9 ms]
      [Ref Enq: 0.1 ms]
      [Redirty Cards: 0.1 ms]
      [Humongous Register: 0.1 ms]
      [Humongous Reclaim: 0.0 ms]
      [Free CSet: 0.3 ms]
   [Eden: 7152.0M(7152.0M)->0.0B(7152.0M) Survivors: 16384.0K->16384.0K Heap: 10368.8M(14336.0M)->3216.7M(14336.0M)]
 [Times: user=0.05 sys=0.00, real=0.01 secs] 
2022-07-25T03:26:19.711-0700: 281751.216: [GC pause (G1 Evacuation Pause) (young) (initial-mark), 0.0156981 secs]
   [Parallel Time: 10.1 ms, GC Workers: 8]
      [GC Worker Start (ms): Min: 281751218.1, Avg: 281751218.2, Max: 281751218.3, Diff: 0.2]
      [Ext Root Scanning (ms): Min: 6.4, Avg: 6.7, Max: 6.9, Diff: 0.5, Sum: 53.3]
      [Update RS (ms): Min: 0.2, Avg: 0.3, Max: 0.5, Diff: 0.3, Sum: 2.1]
         [Processed Buffers: Min: 1, Avg: 21.1, Max: 65, Diff: 64, Sum: 169]
      [Scan RS (ms): Min: 0.0, Avg: 0.1, Max: 0.1, Diff: 0.1, Sum: 0.5]
      [Code Root Scanning (ms): Min: 0.0, Avg: 0.0, Max: 0.0, Diff: 0.0, Sum: 0.0]
      [Object Copy (ms): Min: 0.1, Avg: 0.5, Max: 0.7, Diff: 0.6, Sum: 3.8]
      [Termination (ms): Min: 0.0, Avg: 0.0, Max: 0.0, Diff: 0.0, Sum: 0.2]
         [Termination Attempts: Min: 1, Avg: 1.0, Max: 1, Diff: 0, Sum: 8]
      [GC Worker Other (ms): Min: 0.0, Avg: 0.0, Max: 0.1, Diff: 0.1, Sum: 0.4]
      [GC Worker Total (ms): Min: 7.5, Avg: 7.6, Max: 7.6, Diff: 0.2, Sum: 60.4]
      [GC Worker End (ms): Min: 281751225.7, Avg: 281751225.8, Max: 281751225.8, Diff: 0.1]
   [Code Root Fixup: 0.0 ms]
   [Code Root Purge: 0.0 ms]
   [Clear CT: 0.6 ms]
   [Other: 5.0 ms]
      [Choose CSet: 0.0 ms]
      [Ref Proc: 4.3 ms]
      [Ref Enq: 0.1 ms]
      [Redirty Cards: 0.1 ms]
      [Humongous Register: 0.0 ms]
      [Humongous Reclaim: 0.0 ms]
      [Free CSet: 0.3 ms]
   [Eden: 7152.0M(7152.0M)->0.0B(7152.0M) Survivors: 16384.0K->16384.0K Heap: 10368.7M(14336.0M)->3216.7M(14336.0M)]
 [Times: user=0.07 sys=0.00, real=0.02 secs] 
2022-07-25T03:26:19.727-0700: 281751.232: [GC concurrent-root-region-scan-start]
2022-07-25T03:26:19.732-0700: 281751.236: [GC concurrent-root-region-scan-end, 0.0047244 secs]
2022-07-25T03:26:19.732-0700: 281751.236: [GC concurrent-mark-start]
2022-07-25T03:26:22.141-0700: 281753.646: [GC concurrent-mark-end, 2.4096510 secs]
2022-07-25T03:26:22.142-0700: 281753.646: [GC remark 2022-07-25T03:26:22.142-0700: 281753.647: [Finalize Marking, 0.0004755 secs] 2022-07-25T03:26:22.142-0700: 281753.647: [GC ref-proc, 0.0078690 secs] 2022-07-25T03:26:22.150-0700: 281753.655: [Unloading, 0.0270397 secs], 0.0407895 secs]
 [Times: user=0.25 sys=0.00, real=0.04 secs] 
2022-07-25T03:26:22.183-0700: 281753.688: [GC cleanup 3256M->3256M(14336M), 0.0082216 secs]
 [Times: user=0.06 sys=0.00, real=0.00 secs] 
2022-07-25T03:43:01.861-0700: 282753.366: [GC pause (G1 Evacuation Pause) (young), 0.0117676 secs]
   [Parallel Time: 5.9 ms, GC Workers: 8]
      [GC Worker Start (ms): Min: 282753365.8, Avg: 282753365.9, Max: 282753366.0, Diff: 0.2]
      [Ext Root Scanning (ms): Min: 1.2, Avg: 2.0, Max: 5.7, Diff: 4.5, Sum: 15.8]
      [Update RS (ms): Min: 0.0, Avg: 0.3, Max: 0.7, Diff: 0.7, Sum: 2.7]
         [Processed Buffers: Min: 0, Avg: 23.5, Max: 63, Diff: 63, Sum: 188]
      [Scan RS (ms): Min: 0.0, Avg: 0.1, Max: 0.1, Diff: 0.1, Sum: 0.7]
      [Code Root Scanning (ms): Min: 0.0, Avg: 0.0, Max: 0.0, Diff: 0.0, Sum: 0.0]
      [Object Copy (ms): Min: 0.0, Avg: 0.5, Max: 0.7, Diff: 0.7, Sum: 3.8]
      [Termination (ms): Min: 0.0, Avg: 2.8, Max: 3.2, Diff: 3.2, Sum: 22.5]
         [Termination Attempts: Min: 1, Avg: 2.5, Max: 4, Diff: 3, Sum: 20]
      [GC Worker Other (ms): Min: 0.0, Avg: 0.0, Max: 0.0, Diff: 0.0, Sum: 0.1]
      [GC Worker Total (ms): Min: 5.6, Avg: 5.7, Max: 5.8, Diff: 0.2, Sum: 45.6]
      [GC Worker End (ms): Min: 282753371.6, Avg: 282753371.6, Max: 282753371.6, Diff: 0.0]
   [Code Root Fixup: 0.0 ms]
   [Code Root Purge: 0.0 ms]
   [Clear CT: 0.6 ms]
   [Other: 5.2 ms]
      [Choose CSet: 0.0 ms]
      [Ref Proc: 4.6 ms]
      [Ref Enq: 0.1 ms]
      [Redirty Cards: 0.1 ms]
      [Humongous Register: 0.0 ms]
      [Humongous Reclaim: 0.0 ms]
      [Free CSet: 0.3 ms]
   [Eden: 7152.0M(7152.0M)->0.0B(7152.0M) Survivors: 16384.0K->16384.0K Heap: 10368.7M(14336.0M)->3216.8M(14336.0M)]
 [Times: user=0.06 sys=0.00, real=0.01 secs] 
2022-07-25T03:59:38.463-0700: 283749.967: [GC pause (G1 Evacuation Pause) (young), 0.0117244 secs]
   [Parallel Time: 6.4 ms, GC Workers: 8]
      [GC Worker Start (ms): Min: 283749967.5, Avg: 283749967.6, Max: 283749967.7, Diff: 0.2]
      [Ext Root Scanning (ms): Min: 1.3, Avg: 2.1, Max: 6.1, Diff: 4.8, Sum: 17.1]
      [Update RS (ms): Min: 0.0, Avg: 0.4, Max: 0.8, Diff: 0.8, Sum: 3.0]
         [Processed Buffers: Min: 0, Avg: 21.5, Max: 49, Diff: 49, Sum: 172]
      [Scan RS (ms): Min: 0.0, Avg: 0.1, Max: 0.2, Diff: 0.2, Sum: 0.7]
      [Code Root Scanning (ms): Min: 0.0, Avg: 0.0, Max: 0.0, Diff: 0.0, Sum: 0.0]
      [Object Copy (ms): Min: 0.0, Avg: 0.6, Max: 0.9, Diff: 0.8, Sum: 4.6]
      [Termination (ms): Min: 0.0, Avg: 2.9, Max: 3.3, Diff: 3.3, Sum: 23.0]
         [Termination Attempts: Min: 1, Avg: 1.8, Max: 4, Diff: 3, Sum: 14]
      [GC Worker Other (ms): Min: 0.0, Avg: 0.0, Max: 0.1, Diff: 0.1, Sum: 0.3]
      [GC Worker Total (ms): Min: 6.0, Avg: 6.1, Max: 6.2, Diff: 0.1, Sum: 48.7]
      [GC Worker End (ms): Min: 283749973.6, Avg: 283749973.7, Max: 283749973.7, Diff: 0.1]
   [Code Root Fixup: 0.0 ms]
   [Code Root Purge: 0.0 ms]
   [Clear CT: 0.6 ms]
   [Other: 4.8 ms]
      [Choose CSet: 0.0 ms]
      [Ref Proc: 4.1 ms]
      [Ref Enq: 0.1 ms]
      [Redirty Cards: 0.1 ms]
      [Humongous Register: 0.1 ms]
      [Humongous Reclaim: 0.0 ms]
      [Free CSet: 0.3 ms]
   [Eden: 7152.0M(7152.0M)->0.0B(7152.0M) Survivors: 16384.0K->16384.0K Heap: 10368.8M(14336.0M)->3216.7M(14336.0M)]
 [Times: user=0.06 sys=0.00, real=0.01 secs] 
2022-07-25T04:16:32.762-0700: 284764.266: [GC pause (G1 Evacuation Pause) (young) (initial-mark), 0.0153528 secs]
   [Parallel Time: 9.8 ms, GC Workers: 8]
      [GC Worker Start (ms): Min: 284764268.7, Avg: 284764268.8, Max: 284764268.8, Diff: 0.2]
      [Ext Root Scanning (ms): Min: 6.1, Avg: 6.5, Max: 6.8, Diff: 0.7, Sum: 51.6]
      [Update RS (ms): Min: 0.1, Avg: 0.3, Max: 0.5, Diff: 0.4, Sum: 2.1]
         [Processed Buffers: Min: 1, Avg: 21.4, Max: 55, Diff: 54, Sum: 171]
      [Scan RS (ms): Min: 0.0, Avg: 0.1, Max: 0.1, Diff: 0.1, Sum: 0.5]
      [Code Root Scanning (ms): Min: 0.0, Avg: 0.0, Max: 0.0, Diff: 0.0, Sum: 0.0]
      [Object Copy (ms): Min: 0.2, Avg: 0.6, Max: 0.9, Diff: 0.7, Sum: 4.7]
      [Termination (ms): Min: 0.0, Avg: 0.0, Max: 0.0, Diff: 0.0, Sum: 0.1]
         [Termination Attempts: Min: 1, Avg: 1.4, Max: 2, Diff: 1, Sum: 11]
      [GC Worker Other (ms): Min: 0.0, Avg: 0.1, Max: 0.1, Diff: 0.1, Sum: 0.4]
      [GC Worker Total (ms): Min: 7.3, Avg: 7.4, Max: 7.6, Diff: 0.2, Sum: 59.5]
      [GC Worker End (ms): Min: 284764276.2, Avg: 284764276.2, Max: 284764276.3, Diff: 0.1]
   [Code Root Fixup: 0.0 ms]
   [Code Root Purge: 0.0 ms]
   [Clear CT: 0.7 ms]
   [Other: 4.9 ms]
      [Choose CSet: 0.0 ms]
      [Ref Proc: 4.2 ms]
      [Ref Enq: 0.1 ms]
      [Redirty Cards: 0.1 ms]
      [Humongous Register: 0.0 ms]
      [Humongous Reclaim: 0.0 ms]
      [Free CSet: 0.3 ms]
   [Eden: 7152.0M(7152.0M)->0.0B(7152.0M) Survivors: 16384.0K->16384.0K Heap: 10368.7M(14336.0M)->3216.7M(14336.0M)]
 [Times: user=0.06 sys=0.01, real=0.02 secs] 
2022-07-25T04:16:32.777-0700: 284764.282: [GC concurrent-root-region-scan-start]
2022-07-25T04:16:32.782-0700: 284764.287: [GC concurrent-root-region-scan-end, 0.0049620 secs]
2022-07-25T04:16:32.782-0700: 284764.287: [GC concurrent-mark-start]
2022-07-25T04:16:35.176-0700: 284766.680: [GC concurrent-mark-end, 2.3933709 secs]
2022-07-25T04:16:35.176-0700: 284766.681: [GC remark 2022-07-25T04:16:35.176-0700: 284766.681: [Finalize Marking, 0.0004316 secs] 2022-07-25T04:16:35.176-0700: 284766.681: [GC ref-proc, 0.0111699 secs] 2022-07-25T04:16:35.188-0700: 284766.692: [Unloading, 0.0267360 secs], 0.0436060 secs]
 [Times: user=0.24 sys=0.00, real=0.04 secs] 
2022-07-25T04:16:35.220-0700: 284766.725: [GC cleanup 3288M->3288M(14336M), 0.0077304 secs]
 [Times: user=0.06 sys=0.00, real=0.01 secs] 
2022-07-25T04:33:07.863-0700: 285759.367: [GC pause (G1 Evacuation Pause) (young), 0.0117648 secs]
   [Parallel Time: 6.1 ms, GC Workers: 8]
      [GC Worker Start (ms): Min: 285759367.5, Avg: 285759367.6, Max: 285759367.6, Diff: 0.2]
      [Ext Root Scanning (ms): Min: 1.4, Avg: 2.1, Max: 5.6, Diff: 4.2, Sum: 16.8]
      [Update RS (ms): Min: 0.0, Avg: 0.3, Max: 0.7, Diff: 0.7, Sum: 2.7]
         [Processed Buffers: Min: 0, Avg: 22.5, Max: 58, Diff: 58, Sum: 180]
      [Scan RS (ms): Min: 0.0, Avg: 0.1, Max: 0.1, Diff: 0.1, Sum: 0.6]
      [Code Root Scanning (ms): Min: 0.0, Avg: 0.0, Max: 0.0, Diff: 0.0, Sum: 0.0]
      [Object Copy (ms): Min: 0.0, Avg: 0.6, Max: 0.9, Diff: 0.9, Sum: 5.0]
      [Termination (ms): Min: 0.0, Avg: 2.4, Max: 2.8, Diff: 2.8, Sum: 19.5]
         [Termination Attempts: Min: 1, Avg: 3.8, Max: 6, Diff: 5, Sum: 30]
      [GC Worker Other (ms): Min: 0.0, Avg: 0.0, Max: 0.0, Diff: 0.0, Sum: 0.2]
      [GC Worker Total (ms): Min: 5.5, Avg: 5.6, Max: 5.7, Diff: 0.2, Sum: 44.7]
      [GC Worker End (ms): Min: 285759373.1, Avg: 285759373.1, Max: 285759373.2, Diff: 0.0]
   [Code Root Fixup: 0.0 ms]
   [Code Root Purge: 0.0 ms]
   [Clear CT: 0.6 ms]
   [Other: 5.0 ms]
      [Choose CSet: 0.0 ms]
      [Ref Proc: 4.2 ms]
      [Ref Enq: 0.1 ms]
      [Redirty Cards: 0.1 ms]
      [Humongous Register: 0.1 ms]
      [Humongous Reclaim: 0.0 ms]
      [Free CSet: 0.3 ms]
   [Eden: 7152.0M(7152.0M)->0.0B(7152.0M) Survivors: 16384.0K->16384.0K Heap: 10368.7M(14336.0M)->3216.8M(14336.0M)]
 [Times: user=0.06 sys=0.00, real=0.01 secs] 
2022-07-25T04:49:54.482-0700: 286765.987: [GC pause (G1 Evacuation Pause) (young), 0.0095761 secs]
   [Parallel Time: 6.0 ms, GC Workers: 8]
      [GC Worker Start (ms): Min: 286765986.9, Avg: 286765987.0, Max: 286765987.1, Diff: 0.2]
      [Ext Root Scanning (ms): Min: 1.1, Avg: 1.9, Max: 5.7, Diff: 4.6, Sum: 15.4]
      [Update RS (ms): Min: 0.0, Avg: 0.4, Max: 0.8, Diff: 0.8, Sum: 3.0]
         [Processed Buffers: Min: 0, Avg: 21.4, Max: 37, Diff: 37, Sum: 171]
      [Scan RS (ms): Min: 0.0, Avg: 0.1, Max: 0.2, Diff: 0.1, Sum: 0.7]
      [Code Root Scanning (ms): Min: 0.0, Avg: 0.0, Max: 0.0, Diff: 0.0, Sum: 0.0]
      [Object Copy (ms): Min: 0.0, Avg: 0.5, Max: 0.7, Diff: 0.7, Sum: 3.7]
      [Termination (ms): Min: 0.0, Avg: 2.8, Max: 3.3, Diff: 3.3, Sum: 22.8]
         [Termination Attempts: Min: 1, Avg: 1.2, Max: 2, Diff: 1, Sum: 10]
      [GC Worker Other (ms): Min: 0.0, Avg: 0.0, Max: 0.0, Diff: 0.0, Sum: 0.2]
      [GC Worker Total (ms): Min: 5.6, Avg: 5.7, Max: 5.8, Diff: 0.1, Sum: 45.8]
      [GC Worker End (ms): Min: 286765992.7, Avg: 286765992.7, Max: 286765992.7, Diff: 0.0]
   [Code Root Fixup: 0.0 ms]
   [Code Root Purge: 0.0 ms]
   [Clear CT: 0.7 ms]
   [Other: 2.9 ms]
      [Choose CSet: 0.0 ms]
      [Ref Proc: 2.2 ms]
      [Ref Enq: 0.2 ms]
      [Redirty Cards: 0.1 ms]
      [Humongous Register: 0.0 ms]
      [Humongous Reclaim: 0.0 ms]
      [Free CSet: 0.3 ms]
   [Eden: 7152.0M(7152.0M)->0.0B(7152.0M) Survivors: 16384.0K->16384.0K Heap: 10368.8M(14336.0M)->3216.7M(14336.0M)]
 [Times: user=0.06 sys=0.00, real=0.01 secs] 
2022-07-25T05:06:36.511-0700: 287768.016: [GC pause (G1 Evacuation Pause) (young) (initial-mark), 0.0158054 secs]
   [Parallel Time: 10.3 ms, GC Workers: 8]
      [GC Worker Start (ms): Min: 287768018.0, Avg: 287768018.1, Max: 287768018.2, Diff: 0.2]
      [Ext Root Scanning (ms): Min: 6.7, Avg: 6.9, Max: 7.2, Diff: 0.5, Sum: 55.4]
      [Update RS (ms): Min: 0.2, Avg: 0.3, Max: 0.5, Diff: 0.3, Sum: 2.6]
         [Processed Buffers: Min: 1, Avg: 21.1, Max: 65, Diff: 64, Sum: 169]
      [Scan RS (ms): Min: 0.0, Avg: 0.1, Max: 0.1, Diff: 0.1, Sum: 0.6]
      [Code Root Scanning (ms): Min: 0.0, Avg: 0.0, Max: 0.0, Diff: 0.0, Sum: 0.0]
      [Object Copy (ms): Min: 0.1, Avg: 0.5, Max: 0.8, Diff: 0.7, Sum: 4.1]
      [Termination (ms): Min: 0.0, Avg: 0.0, Max: 0.0, Diff: 0.0, Sum: 0.1]
         [Termination Attempts: Min: 1, Avg: 2.5, Max: 5, Diff: 4, Sum: 20]
      [GC Worker Other (ms): Min: 0.0, Avg: 0.0, Max: 0.1, Diff: 0.1, Sum: 0.3]
      [GC Worker Total (ms): Min: 7.8, Avg: 7.9, Max: 8.0, Diff: 0.2, Sum: 63.1]
      [GC Worker End (ms): Min: 287768026.0, Avg: 287768026.0, Max: 287768026.0, Diff: 0.1]
   [Code Root Fixup: 0.0 ms]
   [Code Root Purge: 0.0 ms]
   [Clear CT: 0.7 ms]
   [Other: 4.8 ms]
      [Choose CSet: 0.0 ms]
      [Ref Proc: 4.1 ms]
      [Ref Enq: 0.1 ms]
      [Redirty Cards: 0.1 ms]
      [Humongous Register: 0.0 ms]
      [Humongous Reclaim: 0.0 ms]
      [Free CSet: 0.3 ms]
   [Eden: 7152.0M(7152.0M)->0.0B(7152.0M) Survivors: 16384.0K->16384.0K Heap: 10368.7M(14336.0M)->3216.7M(14336.0M)]
 [Times: user=0.06 sys=0.00, real=0.02 secs] 
2022-07-25T05:06:36.527-0700: 287768.032: [GC concurrent-root-region-scan-start]
2022-07-25T05:06:36.532-0700: 287768.037: [GC concurrent-root-region-scan-end, 0.0052902 secs]
2022-07-25T05:06:36.532-0700: 287768.037: [GC concurrent-mark-start]
2022-07-25T05:06:38.921-0700: 287770.426: [GC concurrent-mark-end, 2.3890507 secs]
2022-07-25T05:06:38.922-0700: 287770.426: [GC remark 2022-07-25T05:06:38.922-0700: 287770.426: [Finalize Marking, 0.0004222 secs] 2022-07-25T05:06:38.922-0700: 287770.427: [GC ref-proc, 0.0119796 secs] 2022-07-25T05:06:38.934-0700: 287770.439: [Unloading, 0.0266861 secs], 0.0441419 secs]
 [Times: user=0.25 sys=0.00, real=0.05 secs] 
2022-07-25T05:06:38.966-0700: 287770.471: [GC cleanup 3288M->3288M(14336M), 0.0073934 secs]
 [Times: user=0.05 sys=0.00, real=0.00 secs] 
2022-07-25T05:23:06.764-0700: 288758.269: [GC pause (G1 Evacuation Pause) (young), 0.0105972 secs]
   [Parallel Time: 5.5 ms, GC Workers: 8]
      [GC Worker Start (ms): Min: 288758268.7, Avg: 288758268.8, Max: 288758268.9, Diff: 0.2]
      [Ext Root Scanning (ms): Min: 1.1, Avg: 1.8, Max: 5.2, Diff: 4.1, Sum: 14.8]
      [Update RS (ms): Min: 0.0, Avg: 0.3, Max: 0.7, Diff: 0.7, Sum: 2.7]
         [Processed Buffers: Min: 0, Avg: 21.6, Max: 55, Diff: 55, Sum: 173]
      [Scan RS (ms): Min: 0.0, Avg: 0.1, Max: 0.2, Diff: 0.1, Sum: 0.6]
      [Code Root Scanning (ms): Min: 0.0, Avg: 0.0, Max: 0.0, Diff: 0.0, Sum: 0.0]
      [Object Copy (ms): Min: 0.0, Avg: 0.5, Max: 0.7, Diff: 0.7, Sum: 4.0]
      [Termination (ms): Min: 0.0, Avg: 2.4, Max: 2.7, Diff: 2.7, Sum: 18.9]
         [Termination Attempts: Min: 1, Avg: 7.2, Max: 12, Diff: 11, Sum: 58]
      [GC Worker Other (ms): Min: 0.0, Avg: 0.0, Max: 0.1, Diff: 0.1, Sum: 0.3]
      [GC Worker Total (ms): Min: 5.1, Avg: 5.2, Max: 5.3, Diff: 0.2, Sum: 41.3]
      [GC Worker End (ms): Min: 288758273.9, Avg: 288758273.9, Max: 288758274.0, Diff: 0.1]
   [Code Root Fixup: 0.0 ms]
   [Code Root Purge: 0.0 ms]
   [Clear CT: 0.6 ms]
   [Other: 4.4 ms]
      [Choose CSet: 0.0 ms]
      [Ref Proc: 3.8 ms]
      [Ref Enq: 0.1 ms]
      [Redirty Cards: 0.1 ms]
      [Humongous Register: 0.0 ms]
      [Humongous Reclaim: 0.0 ms]
      [Free CSet: 0.3 ms]
   [Eden: 7152.0M(7152.0M)->0.0B(7152.0M) Survivors: 16384.0K->16384.0K Heap: 10368.7M(14336.0M)->3216.8M(14336.0M)]
 [Times: user=0.04 sys=0.01, real=0.00 secs] 
2022-07-25T05:39:52.963-0700: 289764.467: [GC pause (G1 Evacuation Pause) (young), 0.0115352 secs]
   [Parallel Time: 5.8 ms, GC Workers: 8]
      [GC Worker Start (ms): Min: 289764467.5, Avg: 289764467.6, Max: 289764467.7, Diff: 0.2]
      [Ext Root Scanning (ms): Min: 1.2, Avg: 1.9, Max: 5.7, Diff: 4.5, Sum: 15.2]
      [Update RS (ms): Min: 0.0, Avg: 0.4, Max: 0.7, Diff: 0.7, Sum: 2.9]
         [Processed Buffers: Min: 0, Avg: 22.9, Max: 46, Diff: 46, Sum: 183]
      [Scan RS (ms): Min: 0.0, Avg: 0.1, Max: 0.2, Diff: 0.1, Sum: 0.7]
      [Code Root Scanning (ms): Min: 0.0, Avg: 0.0, Max: 0.0, Diff: 0.0, Sum: 0.0]
      [Object Copy (ms): Min: 0.0, Avg: 0.5, Max: 0.7, Diff: 0.7, Sum: 3.7]
      [Termination (ms): Min: 0.0, Avg: 2.8, Max: 3.3, Diff: 3.3, Sum: 22.7]
         [Termination Attempts: Min: 1, Avg: 1.1, Max: 2, Diff: 1, Sum: 9]
      [GC Worker Other (ms): Min: 0.0, Avg: 0.0, Max: 0.0, Diff: 0.0, Sum: 0.2]
      [GC Worker Total (ms): Min: 5.6, Avg: 5.7, Max: 5.8, Diff: 0.2, Sum: 45.4]
      [GC Worker End (ms): Min: 289764473.3, Avg: 289764473.3, Max: 289764473.3, Diff: 0.0]
   [Code Root Fixup: 0.0 ms]
   [Code Root Purge: 0.0 ms]
   [Clear CT: 0.6 ms]
   [Other: 5.1 ms]
      [Choose CSet: 0.0 ms]
      [Ref Proc: 4.3 ms]
      [Ref Enq: 0.2 ms]
      [Redirty Cards: 0.1 ms]
      [Humongous Register: 0.1 ms]
      [Humongous Reclaim: 0.0 ms]
      [Free CSet: 0.3 ms]
   [Eden: 7152.0M(7152.0M)->0.0B(7152.0M) Survivors: 16384.0K->16384.0K Heap: 10368.8M(14336.0M)->3216.7M(14336.0M)]
 [Times: user=0.05 sys=0.01, real=0.00 secs] 
2022-07-25T05:56:42.611-0700: 290774.116: [GC pause (G1 Evacuation Pause) (young) (initial-mark), 0.0153812 secs]
   [Parallel Time: 9.9 ms, GC Workers: 8]
      [GC Worker Start (ms): Min: 290774117.9, Avg: 290774118.0, Max: 290774118.1, Diff: 0.2]
      [Ext Root Scanning (ms): Min: 6.1, Avg: 6.5, Max: 6.9, Diff: 0.7, Sum: 51.9]
      [Update RS (ms): Min: 0.2, Avg: 0.3, Max: 0.6, Diff: 0.4, Sum: 2.5]
         [Processed Buffers: Min: 1, Avg: 22.0, Max: 62, Diff: 61, Sum: 176]
      [Scan RS (ms): Min: 0.0, Avg: 0.1, Max: 0.1, Diff: 0.1, Sum: 0.6]
      [Code Root Scanning (ms): Min: 0.0, Avg: 0.0, Max: 0.0, Diff: 0.0, Sum: 0.0]
      [Object Copy (ms): Min: 0.0, Avg: 0.5, Max: 0.9, Diff: 0.9, Sum: 4.3]
      [Termination (ms): Min: 0.0, Avg: 0.0, Max: 0.0, Diff: 0.0, Sum: 0.3]
         [Termination Attempts: Min: 1, Avg: 1.5, Max: 2, Diff: 1, Sum: 12]
      [GC Worker Other (ms): Min: 0.0, Avg: 0.0, Max: 0.1, Diff: 0.1, Sum: 0.3]
      [GC Worker Total (ms): Min: 7.4, Avg: 7.5, Max: 7.6, Diff: 0.2, Sum: 60.0]
      [GC Worker End (ms): Min: 290774125.5, Avg: 290774125.5, Max: 290774125.6, Diff: 0.1]
   [Code Root Fixup: 0.0 ms]
   [Code Root Purge: 0.0 ms]
   [Clear CT: 0.7 ms]
   [Other: 4.8 ms]
      [Choose CSet: 0.0 ms]
      [Ref Proc: 4.1 ms]
      [Ref Enq: 0.1 ms]
      [Redirty Cards: 0.1 ms]
      [Humongous Register: 0.0 ms]
      [Humongous Reclaim: 0.0 ms]
      [Free CSet: 0.3 ms]
   [Eden: 7152.0M(7152.0M)->0.0B(7152.0M) Survivors: 16384.0K->16384.0K Heap: 10368.7M(14336.0M)->3216.7M(14336.0M)]
 [Times: user=0.06 sys=0.00, real=0.02 secs] 
2022-07-25T05:56:42.626-0700: 290774.131: [GC concurrent-root-region-scan-start]
2022-07-25T05:56:42.631-0700: 290774.136: [GC concurrent-root-region-scan-end, 0.0050498 secs]
2022-07-25T05:56:42.632-0700: 290774.136: [GC concurrent-mark-start]
2022-07-25T05:56:45.049-0700: 290776.553: [GC concurrent-mark-end, 2.4170247 secs]
2022-07-25T05:56:45.049-0700: 290776.554: [GC remark 2022-07-25T05:56:45.049-0700: 290776.554: [Finalize Marking, 0.0002566 secs] 2022-07-25T05:56:45.049-0700: 290776.554: [GC ref-proc, 0.0116394 secs] 2022-07-25T05:56:45.061-0700: 290776.566: [Unloading, 0.0268213 secs], 0.0439331 secs]
 [Times: user=0.25 sys=0.00, real=0.04 secs] 
2022-07-25T05:56:45.093-0700: 290776.598: [GC cleanup 3288M->3288M(14336M), 0.0081129 secs]
 [Times: user=0.06 sys=0.00, real=0.01 secs] 
2022-07-25T06:13:17.563-0700: 291769.068: [GC pause (G1 Evacuation Pause) (young), 0.0112835 secs]
   [Parallel Time: 5.7 ms, GC Workers: 8]
      [GC Worker Start (ms): Min: 291769067.9, Avg: 291769067.9, Max: 291769068.0, Diff: 0.1]
      [Ext Root Scanning (ms): Min: 1.2, Avg: 1.9, Max: 5.3, Diff: 4.1, Sum: 15.5]
      [Update RS (ms): Min: 0.0, Avg: 0.4, Max: 0.8, Diff: 0.8, Sum: 2.9]
         [Processed Buffers: Min: 0, Avg: 21.1, Max: 50, Diff: 50, Sum: 169]
      [Scan RS (ms): Min: 0.0, Avg: 0.1, Max: 0.2, Diff: 0.1, Sum: 0.7]
      [Code Root Scanning (ms): Min: 0.0, Avg: 0.0, Max: 0.0, Diff: 0.0, Sum: 0.0]
      [Object Copy (ms): Min: 0.0, Avg: 0.5, Max: 0.8, Diff: 0.8, Sum: 4.1]
      [Termination (ms): Min: 0.0, Avg: 2.4, Max: 2.7, Diff: 2.7, Sum: 19.2]
         [Termination Attempts: Min: 1, Avg: 1.0, Max: 1, Diff: 0, Sum: 8]
      [GC Worker Other (ms): Min: 0.0, Avg: 0.0, Max: 0.1, Diff: 0.0, Sum: 0.2]
      [GC Worker Total (ms): Min: 5.3, Avg: 5.3, Max: 5.4, Diff: 0.1, Sum: 42.6]
      [GC Worker End (ms): Min: 291769073.2, Avg: 291769073.3, Max: 291769073.3, Diff: 0.1]
   [Code Root Fixup: 0.0 ms]
   [Code Root Purge: 0.0 ms]
   [Clear CT: 0.6 ms]
   [Other: 5.0 ms]
      [Choose CSet: 0.0 ms]
      [Ref Proc: 4.3 ms]
      [Ref Enq: 0.1 ms]
      [Redirty Cards: 0.1 ms]
      [Humongous Register: 0.0 ms]
      [Humongous Reclaim: 0.0 ms]
      [Free CSet: 0.3 ms]
   [Eden: 7152.0M(7152.0M)->0.0B(7152.0M) Survivors: 16384.0K->16384.0K Heap: 10368.7M(14336.0M)->3216.9M(14336.0M)]
 [Times: user=0.05 sys=0.00, real=0.00 secs] 
2022-07-25T06:30:01.062-0700: 292772.567: [GC pause (G1 Evacuation Pause) (young), 0.0090611 secs]
   [Parallel Time: 6.2 ms, GC Workers: 8]
      [GC Worker Start (ms): Min: 292772566.9, Avg: 292772566.9, Max: 292772567.0, Diff: 0.1]
      [Ext Root Scanning (ms): Min: 1.3, Avg: 2.0, Max: 6.0, Diff: 4.7, Sum: 16.2]
      [Update RS (ms): Min: 0.0, Avg: 0.4, Max: 0.8, Diff: 0.8, Sum: 3.0]
         [Processed Buffers: Min: 0, Avg: 21.0, Max: 41, Diff: 41, Sum: 168]
      [Scan RS (ms): Min: 0.0, Avg: 0.1, Max: 0.2, Diff: 0.2, Sum: 0.7]
      [Code Root Scanning (ms): Min: 0.0, Avg: 0.0, Max: 0.0, Diff: 0.0, Sum: 0.0]
      [Object Copy (ms): Min: 0.0, Avg: 0.5, Max: 0.8, Diff: 0.8, Sum: 4.2]
      [Termination (ms): Min: 0.0, Avg: 3.0, Max: 3.4, Diff: 3.4, Sum: 23.9]
         [Termination Attempts: Min: 1, Avg: 1.0, Max: 1, Diff: 0, Sum: 8]
      [GC Worker Other (ms): Min: 0.0, Avg: 0.0, Max: 0.0, Diff: 0.0, Sum: 0.1]
      [GC Worker Total (ms): Min: 6.0, Avg: 6.0, Max: 6.1, Diff: 0.1, Sum: 48.2]
      [GC Worker End (ms): Min: 292772573.0, Avg: 292772573.0, Max: 292772573.0, Diff: 0.0]
   [Code Root Fixup: 0.0 ms]
   [Code Root Purge: 0.0 ms]
   [Clear CT: 0.5 ms]
   [Other: 2.3 ms]
      [Choose CSet: 0.0 ms]
      [Ref Proc: 1.7 ms]
      [Ref Enq: 0.1 ms]
      [Redirty Cards: 0.1 ms]
      [Humongous Register: 0.0 ms]
      [Humongous Reclaim: 0.0 ms]
      [Free CSet: 0.3 ms]
   [Eden: 7152.0M(7152.0M)->0.0B(7152.0M) Survivors: 16384.0K->16384.0K Heap: 10368.9M(14336.0M)->3216.8M(14336.0M)]
 [Times: user=0.06 sys=0.00, real=0.01 secs] 
2022-07-25T06:46:37.662-0700: 293769.166: [GC pause (G1 Evacuation Pause) (young) (initial-mark), 0.0229745 secs]
   [Parallel Time: 18.4 ms, GC Workers: 8]
      [GC Worker Start (ms): Min: 293769168.7, Avg: 293769168.8, Max: 293769168.9, Diff: 0.2]
      [Ext Root Scanning (ms): Min: 6.4, Avg: 7.7, Max: 15.4, Diff: 9.0, Sum: 61.3]
      [Update RS (ms): Min: 0.0, Avg: 0.3, Max: 0.5, Diff: 0.5, Sum: 2.3]
         [Processed Buffers: Min: 0, Avg: 21.1, Max: 63, Diff: 63, Sum: 169]
      [Scan RS (ms): Min: 0.0, Avg: 0.1, Max: 0.1, Diff: 0.1, Sum: 0.5]
      [Code Root Scanning (ms): Min: 0.0, Avg: 0.0, Max: 0.0, Diff: 0.0, Sum: 0.0]
      [Object Copy (ms): Min: 0.2, Avg: 0.5, Max: 0.6, Diff: 0.4, Sum: 3.8]
      [Termination (ms): Min: 0.0, Avg: 7.3, Max: 8.4, Diff: 8.4, Sum: 58.6]
         [Termination Attempts: Min: 1, Avg: 1.0, Max: 1, Diff: 0, Sum: 8]
      [GC Worker Other (ms): Min: 0.0, Avg: 0.0, Max: 0.1, Diff: 0.0, Sum: 0.2]
      [GC Worker Total (ms): Min: 15.8, Avg: 15.8, Max: 16.0, Diff: 0.2, Sum: 126.8]
      [GC Worker End (ms): Min: 293769184.6, Avg: 293769184.7, Max: 293769184.7, Diff: 0.0]
   [Code Root Fixup: 0.0 ms]
   [Code Root Purge: 0.0 ms]
   [Clear CT: 0.6 ms]
   [Other: 4.0 ms]
      [Choose CSet: 0.0 ms]
      [Ref Proc: 3.3 ms]
      [Ref Enq: 0.1 ms]
      [Redirty Cards: 0.1 ms]
      [Humongous Register: 0.0 ms]
      [Humongous Reclaim: 0.0 ms]
      [Free CSet: 0.3 ms]
   [Eden: 7152.0M(7152.0M)->0.0B(7152.0M) Survivors: 16384.0K->16384.0K Heap: 10368.8M(14336.0M)->3216.8M(14336.0M)]
 [Times: user=0.12 sys=0.00, real=0.03 secs] 
2022-07-25T06:46:37.685-0700: 293769.190: [GC concurrent-root-region-scan-start]
2022-07-25T06:46:37.690-0700: 293769.194: [GC concurrent-root-region-scan-end, 0.0049044 secs]
2022-07-25T06:46:37.690-0700: 293769.194: [GC concurrent-mark-start]
2022-07-25T06:46:40.094-0700: 293771.599: [GC concurrent-mark-end, 2.4043105 secs]
2022-07-25T06:46:40.094-0700: 293771.599: [GC remark 2022-07-25T06:46:40.094-0700: 293771.599: [Finalize Marking, 0.0003972 secs] 2022-07-25T06:46:40.095-0700: 293771.600: [GC ref-proc, 0.0072369 secs] 2022-07-25T06:46:40.102-0700: 293771.607: [Unloading, 0.0266267 secs], 0.0394469 secs]
 [Times: user=0.25 sys=0.00, real=0.04 secs] 
2022-07-25T06:46:40.134-0700: 293771.639: [GC cleanup 3280M->3280M(14336M), 0.0077467 secs]
 [Times: user=0.05 sys=0.00, real=0.01 secs] 
2022-07-25T07:03:12.011-0700: 294763.516: [GC pause (G1 Evacuation Pause) (young), 0.0115047 secs]
   [Parallel Time: 5.8 ms, GC Workers: 8]
      [GC Worker Start (ms): Min: 294763516.2, Avg: 294763516.3, Max: 294763516.4, Diff: 0.2]
      [Ext Root Scanning (ms): Min: 1.4, Avg: 2.2, Max: 5.5, Diff: 4.1, Sum: 17.7]
      [Update RS (ms): Min: 0.0, Avg: 0.4, Max: 0.8, Diff: 0.8, Sum: 2.9]
         [Processed Buffers: Min: 0, Avg: 22.0, Max: 68, Diff: 68, Sum: 176]
      [Scan RS (ms): Min: 0.0, Avg: 0.1, Max: 0.1, Diff: 0.1, Sum: 0.6]
      [Code Root Scanning (ms): Min: 0.0, Avg: 0.0, Max: 0.0, Diff: 0.0, Sum: 0.0]
      [Object Copy (ms): Min: 0.0, Avg: 0.5, Max: 0.8, Diff: 0.8, Sum: 3.7]
      [Termination (ms): Min: 0.0, Avg: 2.3, Max: 2.7, Diff: 2.7, Sum: 18.7]
         [Termination Attempts: Min: 1, Avg: 1.0, Max: 1, Diff: 0, Sum: 8]
      [GC Worker Other (ms): Min: 0.0, Avg: 0.0, Max: 0.0, Diff: 0.0, Sum: 0.1]
      [GC Worker Total (ms): Min: 5.4, Avg: 5.5, Max: 5.6, Diff: 0.2, Sum: 43.7]
      [GC Worker End (ms): Min: 294763521.7, Avg: 294763521.8, Max: 294763521.8, Diff: 0.0]
   [Code Root Fixup: 0.0 ms]
   [Code Root Purge: 0.0 ms]
   [Clear CT: 0.7 ms]
   [Other: 5.0 ms]
      [Choose CSet: 0.0 ms]
      [Ref Proc: 4.2 ms]
      [Ref Enq: 0.1 ms]
      [Redirty Cards: 0.1 ms]
      [Humongous Register: 0.1 ms]
      [Humongous Reclaim: 0.0 ms]
      [Free CSet: 0.3 ms]
   [Eden: 7152.0M(7152.0M)->0.0B(7152.0M) Survivors: 16384.0K->16384.0K Heap: 10368.8M(14336.0M)->3216.8M(14336.0M)]
 [Times: user=0.05 sys=0.00, real=0.02 secs] 
2022-07-25T07:19:55.263-0700: 295766.768: [GC pause (G1 Evacuation Pause) (young), 0.0113146 secs]
   [Parallel Time: 5.5 ms, GC Workers: 8]
      [GC Worker Start (ms): Min: 295766768.2, Avg: 295766768.2, Max: 295766768.3, Diff: 0.1]
      [Ext Root Scanning (ms): Min: 1.2, Avg: 1.8, Max: 5.2, Diff: 4.0, Sum: 14.6]
      [Update RS (ms): Min: 0.0, Avg: 0.3, Max: 0.6, Diff: 0.6, Sum: 2.5]
         [Processed Buffers: Min: 0, Avg: 20.5, Max: 57, Diff: 57, Sum: 164]
      [Scan RS (ms): Min: 0.0, Avg: 0.1, Max: 0.1, Diff: 0.1, Sum: 0.6]
      [Code Root Scanning (ms): Min: 0.0, Avg: 0.0, Max: 0.0, Diff: 0.0, Sum: 0.0]
      [Object Copy (ms): Min: 0.0, Avg: 0.5, Max: 0.7, Diff: 0.7, Sum: 3.7]
      [Termination (ms): Min: 0.0, Avg: 2.5, Max: 2.8, Diff: 2.8, Sum: 19.8]
         [Termination Attempts: Min: 1, Avg: 1.5, Max: 2, Diff: 1, Sum: 12]
      [GC Worker Other (ms): Min: 0.0, Avg: 0.0, Max: 0.0, Diff: 0.0, Sum: 0.1]
      [GC Worker Total (ms): Min: 5.1, Avg: 5.2, Max: 5.2, Diff: 0.1, Sum: 41.3]
      [GC Worker End (ms): Min: 295766773.4, Avg: 295766773.4, Max: 295766773.4, Diff: 0.0]
   [Code Root Fixup: 0.0 ms]
   [Code Root Purge: 0.0 ms]
   [Clear CT: 0.6 ms]
   [Other: 5.2 ms]
      [Choose CSet: 0.0 ms]
      [Ref Proc: 4.3 ms]
      [Ref Enq: 0.2 ms]
      [Redirty Cards: 0.1 ms]
      [Humongous Register: 0.1 ms]
      [Humongous Reclaim: 0.0 ms]
      [Free CSet: 0.3 ms]
   [Eden: 7152.0M(7152.0M)->0.0B(7152.0M) Survivors: 16384.0K->16384.0K Heap: 10368.8M(14336.0M)->3216.8M(14336.0M)]
 [Times: user=0.05 sys=0.00, real=0.01 secs] 
2022-07-25T07:36:45.213-0700: 296776.717: [GC pause (G1 Evacuation Pause) (young) (initial-mark), 0.0152218 secs]
   [Parallel Time: 9.7 ms, GC Workers: 8]
      [GC Worker Start (ms): Min: 296776719.6, Avg: 296776719.7, Max: 296776719.8, Diff: 0.2]
      [Ext Root Scanning (ms): Min: 6.3, Avg: 6.5, Max: 6.8, Diff: 0.5, Sum: 52.4]
      [Update RS (ms): Min: 0.1, Avg: 0.3, Max: 0.5, Diff: 0.4, Sum: 2.2]
         [Processed Buffers: Min: 1, Avg: 20.6, Max: 70, Diff: 69, Sum: 165]
      [Scan RS (ms): Min: 0.0, Avg: 0.1, Max: 0.1, Diff: 0.1, Sum: 0.5]
      [Code Root Scanning (ms): Min: 0.0, Avg: 0.0, Max: 0.0, Diff: 0.0, Sum: 0.0]
      [Object Copy (ms): Min: 0.2, Avg: 0.5, Max: 0.7, Diff: 0.5, Sum: 4.1]
      [Termination (ms): Min: 0.0, Avg: 0.0, Max: 0.0, Diff: 0.0, Sum: 0.0]
         [Termination Attempts: Min: 1, Avg: 1.6, Max: 2, Diff: 1, Sum: 13]
      [GC Worker Other (ms): Min: 0.0, Avg: 0.0, Max: 0.1, Diff: 0.1, Sum: 0.4]
      [GC Worker Total (ms): Min: 7.4, Avg: 7.5, Max: 7.6, Diff: 0.2, Sum: 59.7]
      [GC Worker End (ms): Min: 296776727.1, Avg: 296776727.1, Max: 296776727.2, Diff: 0.1]
   [Code Root Fixup: 0.0 ms]
   [Code Root Purge: 0.0 ms]
   [Clear CT: 0.7 ms]
   [Other: 4.8 ms]
      [Choose CSet: 0.0 ms]
      [Ref Proc: 4.0 ms]
      [Ref Enq: 0.1 ms]
      [Redirty Cards: 0.1 ms]
      [Humongous Register: 0.0 ms]
      [Humongous Reclaim: 0.0 ms]
      [Free CSet: 0.3 ms]
   [Eden: 7152.0M(7152.0M)->0.0B(7152.0M) Survivors: 16384.0K->16384.0K Heap: 10368.8M(14336.0M)->3216.8M(14336.0M)]
 [Times: user=0.06 sys=0.00, real=0.02 secs] 
2022-07-25T07:36:45.228-0700: 296776.733: [GC concurrent-root-region-scan-start]
2022-07-25T07:36:45.233-0700: 296776.738: [GC concurrent-root-region-scan-end, 0.0052086 secs]
2022-07-25T07:36:45.233-0700: 296776.738: [GC concurrent-mark-start]
2022-07-25T07:36:47.619-0700: 296779.124: [GC concurrent-mark-end, 2.3857928 secs]
2022-07-25T07:36:47.619-0700: 296779.124: [GC remark 2022-07-25T07:36:47.619-0700: 296779.124: [Finalize Marking, 0.0002120 secs] 2022-07-25T07:36:47.620-0700: 296779.124: [GC ref-proc, 0.0118589 secs] 2022-07-25T07:36:47.632-0700: 296779.136: [Unloading, 0.0265977 secs], 0.0439969 secs]
 [Times: user=0.25 sys=0.00, real=0.05 secs] 
2022-07-25T07:36:47.664-0700: 296779.169: [GC cleanup 3256M->3256M(14336M), 0.0079194 secs]
 [Times: user=0.06 sys=0.00, real=0.00 secs] 
2022-07-25T07:53:10.213-0700: 297761.718: [GC pause (G1 Evacuation Pause) (young), 0.0107474 secs]
   [Parallel Time: 5.9 ms, GC Workers: 8]
      [GC Worker Start (ms): Min: 297761718.1, Avg: 297761718.2, Max: 297761718.3, Diff: 0.2]
      [Ext Root Scanning (ms): Min: 1.2, Avg: 2.0, Max: 5.6, Diff: 4.4, Sum: 16.0]
      [Update RS (ms): Min: 0.0, Avg: 0.4, Max: 0.7, Diff: 0.7, Sum: 2.8]
         [Processed Buffers: Min: 0, Avg: 19.9, Max: 55, Diff: 55, Sum: 159]
      [Scan RS (ms): Min: 0.0, Avg: 0.1, Max: 0.2, Diff: 0.1, Sum: 0.6]
      [Code Root Scanning (ms): Min: 0.0, Avg: 0.0, Max: 0.0, Diff: 0.0, Sum: 0.0]
      [Object Copy (ms): Min: 0.0, Avg: 0.6, Max: 0.8, Diff: 0.8, Sum: 4.5]
      [Termination (ms): Min: 0.0, Avg: 2.6, Max: 3.0, Diff: 3.0, Sum: 20.6]
         [Termination Attempts: Min: 1, Avg: 7.2, Max: 11, Diff: 10, Sum: 58]
      [GC Worker Other (ms): Min: 0.0, Avg: 0.0, Max: 0.0, Diff: 0.0, Sum: 0.1]
      [GC Worker Total (ms): Min: 5.5, Avg: 5.6, Max: 5.7, Diff: 0.2, Sum: 44.7]
      [GC Worker End (ms): Min: 297761723.8, Avg: 297761723.8, Max: 297761723.8, Diff: 0.0]
   [Code Root Fixup: 0.0 ms]
   [Code Root Purge: 0.0 ms]
   [Clear CT: 0.6 ms]
   [Other: 4.2 ms]
      [Choose CSet: 0.0 ms]
      [Ref Proc: 3.5 ms]
      [Ref Enq: 0.1 ms]
      [Redirty Cards: 0.1 ms]
      [Humongous Register: 0.0 ms]
      [Humongous Reclaim: 0.0 ms]
      [Free CSet: 0.3 ms]
   [Eden: 7152.0M(7152.0M)->0.0B(7152.0M) Survivors: 16384.0K->16384.0K Heap: 10368.8M(14336.0M)->3216.8M(14336.0M)]
 [Times: user=0.06 sys=0.00, real=0.02 secs] 
2022-07-25T08:09:51.113-0700: 298762.618: [GC pause (G1 Evacuation Pause) (young), 0.0109889 secs]
   [Parallel Time: 5.7 ms, GC Workers: 8]
      [GC Worker Start (ms): Min: 298762618.0, Avg: 298762618.1, Max: 298762618.1, Diff: 0.1]
      [Ext Root Scanning (ms): Min: 1.2, Avg: 1.9, Max: 5.3, Diff: 4.1, Sum: 15.3]
      [Update RS (ms): Min: 0.0, Avg: 0.3, Max: 0.7, Diff: 0.7, Sum: 2.8]
         [Processed Buffers: Min: 0, Avg: 21.2, Max: 65, Diff: 65, Sum: 170]
      [Scan RS (ms): Min: 0.0, Avg: 0.1, Max: 0.2, Diff: 0.1, Sum: 0.6]
      [Code Root Scanning (ms): Min: 0.0, Avg: 0.0, Max: 0.0, Diff: 0.0, Sum: 0.0]
      [Object Copy (ms): Min: 0.0, Avg: 0.5, Max: 0.7, Diff: 0.7, Sum: 3.8]
      [Termination (ms): Min: 0.0, Avg: 2.5, Max: 2.9, Diff: 2.9, Sum: 19.8]
         [Termination Attempts: Min: 1, Avg: 5.9, Max: 9, Diff: 8, Sum: 47]
      [GC Worker Other (ms): Min: 0.0, Avg: 0.0, Max: 0.0, Diff: 0.0, Sum: 0.2]
      [GC Worker Total (ms): Min: 5.3, Avg: 5.3, Max: 5.4, Diff: 0.1, Sum: 42.6]
      [GC Worker End (ms): Min: 298762623.4, Avg: 298762623.4, Max: 298762623.4, Diff: 0.0]
   [Code Root Fixup: 0.0 ms]
   [Code Root Purge: 0.0 ms]
   [Clear CT: 0.6 ms]
   [Other: 4.7 ms]
      [Choose CSet: 0.0 ms]
      [Ref Proc: 4.0 ms]
      [Ref Enq: 0.1 ms]
      [Redirty Cards: 0.1 ms]
      [Humongous Register: 0.1 ms]
      [Humongous Reclaim: 0.0 ms]
      [Free CSet: 0.3 ms]
   [Eden: 7152.0M(7152.0M)->0.0B(7152.0M) Survivors: 16384.0K->16384.0K Heap: 10368.8M(14336.0M)->3216.8M(14336.0M)]
 [Times: user=0.05 sys=0.00, real=0.02 secs] 
2022-07-25T08:26:25.313-0700: 299756.818: [GC pause (G1 Evacuation Pause) (young) (initial-mark), 0.0154404 secs]
   [Parallel Time: 10.0 ms, GC Workers: 8]
      [GC Worker Start (ms): Min: 299756819.8, Avg: 299756819.9, Max: 299756820.0, Diff: 0.2]
      [Ext Root Scanning (ms): Min: 6.1, Avg: 6.6, Max: 7.1, Diff: 0.9, Sum: 53.1]
      [Update RS (ms): Min: 0.2, Avg: 0.3, Max: 0.6, Diff: 0.4, Sum: 2.4]
         [Processed Buffers: Min: 1, Avg: 22.4, Max: 55, Diff: 54, Sum: 179]
      [Scan RS (ms): Min: 0.0, Avg: 0.1, Max: 0.1, Diff: 0.1, Sum: 0.5]
      [Code Root Scanning (ms): Min: 0.0, Avg: 0.0, Max: 0.0, Diff: 0.0, Sum: 0.0]
      [Object Copy (ms): Min: 0.0, Avg: 0.6, Max: 1.2, Diff: 1.2, Sum: 4.6]
      [Termination (ms): Min: 0.0, Avg: 0.0, Max: 0.0, Diff: 0.0, Sum: 0.0]
         [Termination Attempts: Min: 2, Avg: 4.8, Max: 7, Diff: 5, Sum: 38]
      [GC Worker Other (ms): Min: 0.0, Avg: 0.1, Max: 0.2, Diff: 0.2, Sum: 0.6]
      [GC Worker Total (ms): Min: 7.6, Avg: 7.7, Max: 7.8, Diff: 0.2, Sum: 61.3]
      [GC Worker End (ms): Min: 299756827.5, Avg: 299756827.6, Max: 299756827.7, Diff: 0.2]
   [Code Root Fixup: 0.0 ms]
   [Code Root Purge: 0.0 ms]
   [Clear CT: 0.7 ms]
   [Other: 4.7 ms]
      [Choose CSet: 0.0 ms]
      [Ref Proc: 3.9 ms]
      [Ref Enq: 0.1 ms]
      [Redirty Cards: 0.1 ms]
      [Humongous Register: 0.0 ms]
      [Humongous Reclaim: 0.0 ms]
      [Free CSet: 0.3 ms]
   [Eden: 7152.0M(7152.0M)->0.0B(7152.0M) Survivors: 16384.0K->16384.0K Heap: 10368.8M(14336.0M)->3216.7M(14336.0M)]
 [Times: user=0.06 sys=0.00, real=0.02 secs] 
2022-07-25T08:26:25.328-0700: 299756.833: [GC concurrent-root-region-scan-start]
2022-07-25T08:26:25.333-0700: 299756.838: [GC concurrent-root-region-scan-end, 0.0046547 secs]
2022-07-25T08:26:25.333-0700: 299756.838: [GC concurrent-mark-start]
2022-07-25T08:26:27.749-0700: 299759.254: [GC concurrent-mark-end, 2.4162537 secs]
2022-07-25T08:26:27.750-0700: 299759.254: [GC remark 2022-07-25T08:26:27.750-0700: 299759.255: [Finalize Marking, 0.0002413 secs] 2022-07-25T08:26:27.750-0700: 299759.255: [GC ref-proc, 0.0106635 secs] 2022-07-25T08:26:27.761-0700: 299759.265: [Unloading, 0.0263622 secs], 0.0425259 secs]
 [Times: user=0.24 sys=0.00, real=0.04 secs] 
2022-07-25T08:26:27.793-0700: 299759.297: [GC cleanup 3256M->3256M(14336M), 0.0076390 secs]
 [Times: user=0.06 sys=0.00, real=0.01 secs] 
2022-07-25T08:43:05.811-0700: 300757.316: [GC pause (G1 Evacuation Pause) (young), 0.0114294 secs]
   [Parallel Time: 5.9 ms, GC Workers: 8]
      [GC Worker Start (ms): Min: 300757316.0, Avg: 300757316.0, Max: 300757316.1, Diff: 0.1]
      [Ext Root Scanning (ms): Min: 1.5, Avg: 2.2, Max: 5.7, Diff: 4.3, Sum: 17.6]
      [Update RS (ms): Min: 0.0, Avg: 0.4, Max: 0.7, Diff: 0.7, Sum: 3.2]
         [Processed Buffers: Min: 0, Avg: 21.8, Max: 76, Diff: 76, Sum: 174]
      [Scan RS (ms): Min: 0.0, Avg: 0.1, Max: 0.2, Diff: 0.2, Sum: 0.7]
      [Code Root Scanning (ms): Min: 0.0, Avg: 0.0, Max: 0.0, Diff: 0.0, Sum: 0.0]
      [Object Copy (ms): Min: 0.0, Avg: 0.7, Max: 1.0, Diff: 1.0, Sum: 5.2]
      [Termination (ms): Min: 0.0, Avg: 2.4, Max: 2.7, Diff: 2.7, Sum: 19.0]
         [Termination Attempts: Min: 1, Avg: 2.9, Max: 5, Diff: 4, Sum: 23]
      [GC Worker Other (ms): Min: 0.0, Avg: 0.0, Max: 0.0, Diff: 0.0, Sum: 0.2]
      [GC Worker Total (ms): Min: 5.7, Avg: 5.7, Max: 5.8, Diff: 0.1, Sum: 45.9]
      [GC Worker End (ms): Min: 300757321.8, Avg: 300757321.8, Max: 300757321.8, Diff: 0.0]
   [Code Root Fixup: 0.0 ms]
   [Code Root Purge: 0.0 ms]
   [Clear CT: 0.6 ms]
   [Other: 4.9 ms]
      [Choose CSet: 0.0 ms]
      [Ref Proc: 4.3 ms]
      [Ref Enq: 0.1 ms]
      [Redirty Cards: 0.1 ms]
      [Humongous Register: 0.1 ms]
      [Humongous Reclaim: 0.0 ms]
      [Free CSet: 0.3 ms]
   [Eden: 7152.0M(7152.0M)->0.0B(7152.0M) Survivors: 16384.0K->16384.0K Heap: 10368.7M(14336.0M)->3216.9M(14336.0M)]
 [Times: user=0.06 sys=0.00, real=0.02 secs] 
2022-07-25T08:59:43.460-0700: 301754.965: [GC pause (G1 Evacuation Pause) (young), 0.0113177 secs]
   [Parallel Time: 6.2 ms, GC Workers: 8]
      [GC Worker Start (ms): Min: 301754965.2, Avg: 301754965.3, Max: 301754965.4, Diff: 0.2]
      [Ext Root Scanning (ms): Min: 1.2, Avg: 1.9, Max: 5.8, Diff: 4.7, Sum: 15.5]
      [Update RS (ms): Min: 0.0, Avg: 0.4, Max: 0.7, Diff: 0.7, Sum: 2.9]
         [Processed Buffers: Min: 0, Avg: 20.9, Max: 64, Diff: 64, Sum: 167]
      [Scan RS (ms): Min: 0.0, Avg: 0.1, Max: 0.2, Diff: 0.2, Sum: 0.7]
      [Code Root Scanning (ms): Min: 0.0, Avg: 0.0, Max: 0.0, Diff: 0.0, Sum: 0.0]
      [Object Copy (ms): Min: 0.0, Avg: 0.5, Max: 0.7, Diff: 0.7, Sum: 3.9]
      [Termination (ms): Min: 0.0, Avg: 2.9, Max: 3.4, Diff: 3.4, Sum: 23.6]
         [Termination Attempts: Min: 1, Avg: 1.2, Max: 2, Diff: 1, Sum: 10]
      [GC Worker Other (ms): Min: 0.0, Avg: 0.0, Max: 0.1, Diff: 0.0, Sum: 0.3]
      [GC Worker Total (ms): Min: 5.8, Avg: 5.9, Max: 5.9, Diff: 0.1, Sum: 46.8]
      [GC Worker End (ms): Min: 301754971.1, Avg: 301754971.1, Max: 301754971.2, Diff: 0.1]
   [Code Root Fixup: 0.0 ms]
   [Code Root Purge: 0.0 ms]
   [Clear CT: 0.6 ms]
   [Other: 4.6 ms]
      [Choose CSet: 0.0 ms]
      [Ref Proc: 3.8 ms]
      [Ref Enq: 0.1 ms]
      [Redirty Cards: 0.1 ms]
      [Humongous Register: 0.0 ms]
      [Humongous Reclaim: 0.0 ms]
      [Free CSet: 0.3 ms]
   [Eden: 7152.0M(7152.0M)->0.0B(7152.0M) Survivors: 16384.0K->16384.0K Heap: 10368.9M(14336.0M)->3216.8M(14336.0M)]
 [Times: user=0.07 sys=0.00, real=0.01 secs] 
2022-07-25T09:16:38.887-0700: 302770.392: [GC pause (G1 Evacuation Pause) (young) (initial-mark), 0.0148731 secs]
   [Parallel Time: 9.3 ms, GC Workers: 8]
      [GC Worker Start (ms): Min: 302770394.2, Avg: 302770394.3, Max: 302770394.4, Diff: 0.2]
      [Ext Root Scanning (ms): Min: 6.0, Avg: 6.3, Max: 6.6, Diff: 0.6, Sum: 50.1]
      [Update RS (ms): Min: 0.2, Avg: 0.3, Max: 0.5, Diff: 0.4, Sum: 2.2]
         [Processed Buffers: Min: 1, Avg: 20.1, Max: 58, Diff: 57, Sum: 161]
      [Scan RS (ms): Min: 0.0, Avg: 0.1, Max: 0.1, Diff: 0.1, Sum: 0.5]
      [Code Root Scanning (ms): Min: 0.0, Avg: 0.0, Max: 0.0, Diff: 0.0, Sum: 0.0]
      [Object Copy (ms): Min: 0.0, Avg: 0.5, Max: 0.8, Diff: 0.7, Sum: 4.1]
      [Termination (ms): Min: 0.0, Avg: 0.0, Max: 0.0, Diff: 0.0, Sum: 0.1]
         [Termination Attempts: Min: 1, Avg: 1.1, Max: 2, Diff: 1, Sum: 9]
      [GC Worker Other (ms): Min: 0.0, Avg: 0.0, Max: 0.1, Diff: 0.1, Sum: 0.4]
      [GC Worker Total (ms): Min: 7.1, Avg: 7.2, Max: 7.4, Diff: 0.3, Sum: 57.4]
      [GC Worker End (ms): Min: 302770401.4, Avg: 302770401.5, Max: 302770401.5, Diff: 0.1]
   [Code Root Fixup: 0.0 ms]
   [Code Root Purge: 0.0 ms]
   [Clear CT: 0.6 ms]
   [Other: 4.9 ms]
      [Choose CSet: 0.0 ms]
      [Ref Proc: 4.2 ms]
      [Ref Enq: 0.1 ms]
      [Redirty Cards: 0.1 ms]
      [Humongous Register: 0.0 ms]
      [Humongous Reclaim: 0.0 ms]
      [Free CSet: 0.3 ms]
   [Eden: 7152.0M(7152.0M)->0.0B(7152.0M) Survivors: 16384.0K->16384.0K Heap: 10368.8M(14336.0M)->3216.8M(14336.0M)]
 [Times: user=0.06 sys=0.00, real=0.01 secs] 
2022-07-25T09:16:38.902-0700: 302770.407: [GC concurrent-root-region-scan-start]
2022-07-25T09:16:38.907-0700: 302770.412: [GC concurrent-root-region-scan-end, 0.0048707 secs]
2022-07-25T09:16:38.907-0700: 302770.412: [GC concurrent-mark-start]
2022-07-25T09:16:41.323-0700: 302772.827: [GC concurrent-mark-end, 2.4152272 secs]
2022-07-25T09:16:41.323-0700: 302772.828: [GC remark 2022-07-25T09:16:41.323-0700: 302772.828: [Finalize Marking, 0.0003447 secs] 2022-07-25T09:16:41.328-0700: 302772.832: [GC ref-proc, 0.0099039 secs] 2022-07-25T09:16:41.338-0700: 302772.842: [Unloading, 0.0270578 secs], 0.0471218 secs]
 [Times: user=0.25 sys=0.00, real=0.04 secs] 
2022-07-25T09:16:41.370-0700: 302772.875: [GC cleanup 3256M->3256M(14336M), 0.0073875 secs]
 [Times: user=0.05 sys=0.00, real=0.01 secs] 
2022-07-25T09:33:11.712-0700: 303763.217: [GC pause (G1 Evacuation Pause) (young), 0.0120882 secs]
   [Parallel Time: 6.1 ms, GC Workers: 8]
      [GC Worker Start (ms): Min: 303763217.0, Avg: 303763217.1, Max: 303763217.2, Diff: 0.2]
      [Ext Root Scanning (ms): Min: 1.2, Avg: 2.0, Max: 5.7, Diff: 4.5, Sum: 15.8]
      [Update RS (ms): Min: 0.0, Avg: 0.4, Max: 0.8, Diff: 0.8, Sum: 2.9]
         [Processed Buffers: Min: 0, Avg: 21.1, Max: 55, Diff: 55, Sum: 169]
      [Scan RS (ms): Min: 0.0, Avg: 0.1, Max: 0.2, Diff: 0.1, Sum: 0.7]
      [Code Root Scanning (ms): Min: 0.0, Avg: 0.0, Max: 0.0, Diff: 0.0, Sum: 0.0]
      [Object Copy (ms): Min: 0.0, Avg: 0.5, Max: 0.8, Diff: 0.8, Sum: 4.2]
      [Termination (ms): Min: 0.0, Avg: 2.7, Max: 3.0, Diff: 3.0, Sum: 21.3]
         [Termination Attempts: Min: 1, Avg: 3.8, Max: 7, Diff: 6, Sum: 30]
      [GC Worker Other (ms): Min: 0.0, Avg: 0.0, Max: 0.0, Diff: 0.0, Sum: 0.2]
      [GC Worker Total (ms): Min: 5.5, Avg: 5.6, Max: 5.7, Diff: 0.2, Sum: 45.0]
      [GC Worker End (ms): Min: 303763222.8, Avg: 303763222.8, Max: 303763222.8, Diff: 0.0]
   [Code Root Fixup: 0.0 ms]
   [Code Root Purge: 0.0 ms]
   [Clear CT: 0.6 ms]
   [Other: 5.4 ms]
      [Choose CSet: 0.0 ms]
      [Ref Proc: 4.7 ms]
      [Ref Enq: 0.1 ms]
      [Redirty Cards: 0.1 ms]
      [Humongous Register: 0.0 ms]
      [Humongous Reclaim: 0.0 ms]
      [Free CSet: 0.3 ms]
   [Eden: 7152.0M(7152.0M)->0.0B(7152.0M) Survivors: 16384.0K->16384.0K Heap: 10368.8M(14336.0M)->3217.0M(14336.0M)]
 [Times: user=0.06 sys=0.00, real=0.02 secs] 
2022-07-25T09:50:02.463-0700: 304773.968: [GC pause (G1 Evacuation Pause) (young), 0.0113826 secs]
   [Parallel Time: 6.1 ms, GC Workers: 8]
      [GC Worker Start (ms): Min: 304773967.7, Avg: 304773967.8, Max: 304773967.8, Diff: 0.2]
      [Ext Root Scanning (ms): Min: 1.3, Avg: 2.1, Max: 5.8, Diff: 4.5, Sum: 16.6]
      [Update RS (ms): Min: 0.0, Avg: 0.3, Max: 1.0, Diff: 1.0, Sum: 2.7]
         [Processed Buffers: Min: 0, Avg: 22.5, Max: 50, Diff: 50, Sum: 180]
      [Scan RS (ms): Min: 0.0, Avg: 0.1, Max: 0.2, Diff: 0.1, Sum: 0.6]
      [Code Root Scanning (ms): Min: 0.0, Avg: 0.0, Max: 0.0, Diff: 0.0, Sum: 0.0]
      [Object Copy (ms): Min: 0.0, Avg: 0.7, Max: 1.6, Diff: 1.6, Sum: 5.6]
      [Termination (ms): Min: 0.0, Avg: 2.5, Max: 2.9, Diff: 2.9, Sum: 20.3]
         [Termination Attempts: Min: 1, Avg: 1.1, Max: 2, Diff: 1, Sum: 9]
      [GC Worker Other (ms): Min: 0.0, Avg: 0.0, Max: 0.0, Diff: 0.0, Sum: 0.2]
      [GC Worker Total (ms): Min: 5.7, Avg: 5.8, Max: 5.8, Diff: 0.2, Sum: 46.1]
      [GC Worker End (ms): Min: 304773973.5, Avg: 304773973.5, Max: 304773973.5, Diff: 0.0]
   [Code Root Fixup: 0.0 ms]
   [Code Root Purge: 0.0 ms]
   [Clear CT: 0.7 ms]
   [Other: 4.5 ms]
      [Choose CSet: 0.0 ms]
      [Ref Proc: 3.8 ms]
      [Ref Enq: 0.1 ms]
      [Redirty Cards: 0.1 ms]
      [Humongous Register: 0.1 ms]
      [Humongous Reclaim: 0.0 ms]
      [Free CSet: 0.3 ms]
   [Eden: 7152.0M(7152.0M)->0.0B(7152.0M) Survivors: 16384.0K->16384.0K Heap: 10369.0M(14336.0M)->3217.1M(14336.0M)]
 [Times: user=0.04 sys=0.01, real=0.00 secs] 
2022-07-25T10:06:43.862-0700: 305775.367: [GC pause (G1 Evacuation Pause) (young) (initial-mark), 0.0150896 secs]
   [Parallel Time: 10.2 ms, GC Workers: 8]
      [GC Worker Start (ms): Min: 305775369.1, Avg: 305775369.2, Max: 305775369.3, Diff: 0.2]
      [Ext Root Scanning (ms): Min: 6.5, Avg: 6.7, Max: 6.9, Diff: 0.4, Sum: 53.3]
      [Update RS (ms): Min: 0.1, Avg: 0.3, Max: 0.4, Diff: 0.3, Sum: 2.0]
         [Processed Buffers: Min: 1, Avg: 21.1, Max: 56, Diff: 55, Sum: 169]
      [Scan RS (ms): Min: 0.0, Avg: 0.1, Max: 0.1, Diff: 0.1, Sum: 0.5]
      [Code Root Scanning (ms): Min: 0.0, Avg: 0.0, Max: 0.0, Diff: 0.0, Sum: 0.0]
      [Object Copy (ms): Min: 0.1, Avg: 0.5, Max: 0.7, Diff: 0.6, Sum: 3.7]
      [Termination (ms): Min: 0.0, Avg: 0.0, Max: 0.0, Diff: 0.0, Sum: 0.0]
         [Termination Attempts: Min: 1, Avg: 3.0, Max: 4, Diff: 3, Sum: 24]
      [GC Worker Other (ms): Min: 0.0, Avg: 0.1, Max: 0.1, Diff: 0.1, Sum: 0.5]
      [GC Worker Total (ms): Min: 7.4, Avg: 7.5, Max: 7.6, Diff: 0.2, Sum: 60.0]
      [GC Worker End (ms): Min: 305775376.6, Avg: 305775376.7, Max: 305775376.7, Diff: 0.1]
   [Code Root Fixup: 0.0 ms]
   [Code Root Purge: 0.0 ms]
   [Clear CT: 0.6 ms]
   [Other: 4.2 ms]
      [Choose CSet: 0.0 ms]
      [Ref Proc: 3.5 ms]
      [Ref Enq: 0.1 ms]
      [Redirty Cards: 0.1 ms]
      [Humongous Register: 0.0 ms]
      [Humongous Reclaim: 0.0 ms]
      [Free CSet: 0.3 ms]
   [Eden: 7152.0M(7152.0M)->0.0B(7152.0M) Survivors: 16384.0K->16384.0K Heap: 10369.1M(14336.0M)->3216.8M(14336.0M)]
 [Times: user=0.06 sys=0.00, real=0.02 secs] 
2022-07-25T10:06:43.877-0700: 305775.382: [GC concurrent-root-region-scan-start]
2022-07-25T10:06:43.883-0700: 305775.387: [GC concurrent-root-region-scan-end, 0.0054461 secs]
2022-07-25T10:06:43.883-0700: 305775.387: [GC concurrent-mark-start]
2022-07-25T10:06:46.294-0700: 305777.799: [GC concurrent-mark-end, 2.4112565 secs]
2022-07-25T10:06:46.294-0700: 305777.799: [GC remark 2022-07-25T10:06:46.294-0700: 305777.799: [Finalize Marking, 0.0002946 secs] 2022-07-25T10:06:46.295-0700: 305777.799: [GC ref-proc, 0.0109454 secs] 2022-07-25T10:06:46.306-0700: 305777.810: [Unloading, 0.0269361 secs], 0.0433697 secs]
 [Times: user=0.25 sys=0.00, real=0.05 secs] 
2022-07-25T10:06:46.338-0700: 305777.843: [GC cleanup 3256M->3256M(14336M), 0.0076152 secs]
 [Times: user=0.06 sys=0.00, real=0.01 secs] 
2022-07-25T10:23:29.459-0700: 306780.964: [GC pause (G1 Evacuation Pause) (young), 0.0110304 secs]
   [Parallel Time: 6.3 ms, GC Workers: 8]
      [GC Worker Start (ms): Min: 306780964.0, Avg: 306780964.1, Max: 306780964.2, Diff: 0.1]
      [Ext Root Scanning (ms): Min: 1.3, Avg: 2.0, Max: 5.9, Diff: 4.7, Sum: 16.2]
      [Update RS (ms): Min: 0.0, Avg: 0.4, Max: 0.8, Diff: 0.8, Sum: 2.9]
         [Processed Buffers: Min: 0, Avg: 20.9, Max: 53, Diff: 53, Sum: 167]
      [Scan RS (ms): Min: 0.0, Avg: 0.1, Max: 0.2, Diff: 0.1, Sum: 0.7]
      [Code Root Scanning (ms): Min: 0.0, Avg: 0.0, Max: 0.0, Diff: 0.0, Sum: 0.0]
      [Object Copy (ms): Min: 0.0, Avg: 0.6, Max: 0.8, Diff: 0.8, Sum: 4.4]
      [Termination (ms): Min: 0.0, Avg: 2.9, Max: 3.3, Diff: 3.3, Sum: 23.0]
         [Termination Attempts: Min: 1, Avg: 4.4, Max: 7, Diff: 6, Sum: 35]
      [GC Worker Other (ms): Min: 0.0, Avg: 0.0, Max: 0.0, Diff: 0.0, Sum: 0.2]
      [GC Worker Total (ms): Min: 5.8, Avg: 5.9, Max: 6.0, Diff: 0.1, Sum: 47.4]
      [GC Worker End (ms): Min: 306780970.0, Avg: 306780970.0, Max: 306780970.0, Diff: 0.0]
   [Code Root Fixup: 0.0 ms]
   [Code Root Purge: 0.0 ms]
   [Clear CT: 0.6 ms]
   [Other: 4.2 ms]
      [Choose CSet: 0.0 ms]
      [Ref Proc: 3.5 ms]
      [Ref Enq: 0.1 ms]
      [Redirty Cards: 0.1 ms]
      [Humongous Register: 0.1 ms]
      [Humongous Reclaim: 0.0 ms]
      [Free CSet: 0.3 ms]
   [Eden: 7152.0M(7152.0M)->0.0B(7152.0M) Survivors: 16384.0K->16384.0K Heap: 10368.8M(14336.0M)->3216.9M(14336.0M)]
 [Times: user=0.05 sys=0.01, real=0.01 secs] 
2022-07-25T10:40:00.862-0700: 307772.367: [GC pause (G1 Evacuation Pause) (young), 0.0092226 secs]
   [Parallel Time: 6.0 ms, GC Workers: 8]
      [GC Worker Start (ms): Min: 307772367.3, Avg: 307772367.4, Max: 307772367.4, Diff: 0.1]
      [Ext Root Scanning (ms): Min: 1.2, Avg: 2.0, Max: 5.8, Diff: 4.6, Sum: 16.2]
      [Update RS (ms): Min: 0.0, Avg: 0.4, Max: 0.8, Diff: 0.8, Sum: 2.9]
         [Processed Buffers: Min: 0, Avg: 19.9, Max: 44, Diff: 44, Sum: 159]
      [Scan RS (ms): Min: 0.0, Avg: 0.1, Max: 0.2, Diff: 0.1, Sum: 0.7]
      [Code Root Scanning (ms): Min: 0.0, Avg: 0.0, Max: 0.0, Diff: 0.0, Sum: 0.0]
      [Object Copy (ms): Min: 0.0, Avg: 0.6, Max: 1.0, Diff: 1.0, Sum: 4.4]
      [Termination (ms): Min: 0.0, Avg: 2.8, Max: 3.2, Diff: 3.2, Sum: 22.4]
         [Termination Attempts: Min: 1, Avg: 1.0, Max: 1, Diff: 0, Sum: 8]
      [GC Worker Other (ms): Min: 0.0, Avg: 0.0, Max: 0.0, Diff: 0.0, Sum: 0.2]
      [GC Worker Total (ms): Min: 5.8, Avg: 5.9, Max: 5.9, Diff: 0.1, Sum: 46.9]
      [GC Worker End (ms): Min: 307772373.2, Avg: 307772373.2, Max: 307772373.2, Diff: 0.0]
   [Code Root Fixup: 0.0 ms]
   [Code Root Purge: 0.0 ms]
   [Clear CT: 0.6 ms]
   [Other: 2.6 ms]
      [Choose CSet: 0.0 ms]
      [Ref Proc: 1.9 ms]
      [Ref Enq: 0.1 ms]
      [Redirty Cards: 0.1 ms]
      [Humongous Register: 0.1 ms]
      [Humongous Reclaim: 0.0 ms]
      [Free CSet: 0.3 ms]
   [Eden: 7152.0M(7152.0M)->0.0B(7152.0M) Survivors: 16384.0K->16384.0K Heap: 10368.9M(14336.0M)->3217.0M(14336.0M)]
 [Times: user=0.05 sys=0.00, real=0.01 secs] 
2022-07-25T10:56:33.866-0700: 308765.371: [GC pause (G1 Evacuation Pause) (young) (initial-mark), 0.0148225 secs]
   [Parallel Time: 9.6 ms, GC Workers: 8]
      [GC Worker Start (ms): Min: 308765372.9, Avg: 308765373.0, Max: 308765373.1, Diff: 0.2]
      [Ext Root Scanning (ms): Min: 6.1, Avg: 6.4, Max: 6.6, Diff: 0.5, Sum: 51.0]
      [Update RS (ms): Min: 0.2, Avg: 0.3, Max: 0.5, Diff: 0.4, Sum: 2.2]
         [Processed Buffers: Min: 1, Avg: 21.2, Max: 65, Diff: 64, Sum: 170]
      [Scan RS (ms): Min: 0.0, Avg: 0.1, Max: 0.1, Diff: 0.1, Sum: 0.5]
      [Code Root Scanning (ms): Min: 0.0, Avg: 0.0, Max: 0.0, Diff: 0.0, Sum: 0.0]
      [Object Copy (ms): Min: 0.1, Avg: 0.5, Max: 0.7, Diff: 0.6, Sum: 3.8]
      [Termination (ms): Min: 0.0, Avg: 0.1, Max: 0.1, Diff: 0.1, Sum: 0.8]
         [Termination Attempts: Min: 1, Avg: 3.4, Max: 6, Diff: 5, Sum: 27]
      [GC Worker Other (ms): Min: 0.0, Avg: 0.0, Max: 0.1, Diff: 0.0, Sum: 0.3]
      [GC Worker Total (ms): Min: 7.2, Avg: 7.3, Max: 7.4, Diff: 0.2, Sum: 58.6]
      [GC Worker End (ms): Min: 308765380.3, Avg: 308765380.3, Max: 308765380.4, Diff: 0.1]
   [Code Root Fixup: 0.0 ms]
   [Code Root Purge: 0.0 ms]
   [Clear CT: 0.6 ms]
   [Other: 4.6 ms]
      [Choose CSet: 0.0 ms]
      [Ref Proc: 3.9 ms]
      [Ref Enq: 0.1 ms]
      [Redirty Cards: 0.1 ms]
      [Humongous Register: 0.0 ms]
      [Humongous Reclaim: 0.0 ms]
      [Free CSet: 0.3 ms]
   [Eden: 7152.0M(7152.0M)->0.0B(7152.0M) Survivors: 16384.0K->16384.0K Heap: 10369.0M(14336.0M)->3216.9M(14336.0M)]
 [Times: user=0.06 sys=0.01, real=0.01 secs] 
2022-07-25T10:56:33.881-0700: 308765.386: [GC concurrent-root-region-scan-start]
2022-07-25T10:56:33.886-0700: 308765.391: [GC concurrent-root-region-scan-end, 0.0051001 secs]
2022-07-25T10:56:33.886-0700: 308765.391: [GC concurrent-mark-start]
2022-07-25T10:56:36.299-0700: 308767.804: [GC concurrent-mark-end, 2.4126426 secs]
2022-07-25T10:56:36.299-0700: 308767.804: [GC remark 2022-07-25T10:56:36.299-0700: 308767.804: [Finalize Marking, 0.0002601 secs] 2022-07-25T10:56:36.299-0700: 308767.804: [GC ref-proc, 0.0100071 secs] 2022-07-25T10:56:36.310-0700: 308767.814: [Unloading, 0.0265010 secs], 0.0419514 secs]
 [Times: user=0.24 sys=0.00, real=0.04 secs] 
2022-07-25T10:56:36.342-0700: 308767.846: [GC cleanup 3256M->3256M(14336M), 0.0077062 secs]
 [Times: user=0.06 sys=0.00, real=0.01 secs] 
2022-07-25T11:12:56.934-0700: 309748.439: [GC pause (G1 Evacuation Pause) (young), 0.0121202 secs]
   [Parallel Time: 6.3 ms, GC Workers: 8]
      [GC Worker Start (ms): Min: 309748438.9, Avg: 309748439.0, Max: 309748439.0, Diff: 0.2]
      [Ext Root Scanning (ms): Min: 1.4, Avg: 2.2, Max: 6.0, Diff: 4.6, Sum: 17.7]
      [Update RS (ms): Min: 0.0, Avg: 0.4, Max: 0.8, Diff: 0.8, Sum: 3.0]
         [Processed Buffers: Min: 0, Avg: 21.6, Max: 56, Diff: 56, Sum: 173]
      [Scan RS (ms): Min: 0.0, Avg: 0.1, Max: 0.2, Diff: 0.2, Sum: 0.6]
      [Code Root Scanning (ms): Min: 0.0, Avg: 0.0, Max: 0.0, Diff: 0.0, Sum: 0.0]
      [Object Copy (ms): Min: 0.0, Avg: 0.6, Max: 0.9, Diff: 0.9, Sum: 5.1]
      [Termination (ms): Min: 0.0, Avg: 2.7, Max: 3.1, Diff: 3.1, Sum: 21.3]
         [Termination Attempts: Min: 1, Avg: 2.6, Max: 4, Diff: 3, Sum: 21]
      [GC Worker Other (ms): Min: 0.0, Avg: 0.0, Max: 0.0, Diff: 0.0, Sum: 0.1]
      [GC Worker Total (ms): Min: 5.9, Avg: 6.0, Max: 6.0, Diff: 0.1, Sum: 47.8]
      [GC Worker End (ms): Min: 309748444.9, Avg: 309748444.9, Max: 309748445.0, Diff: 0.0]
   [Code Root Fixup: 0.0 ms]
   [Code Root Purge: 0.0 ms]
   [Clear CT: 0.7 ms]
   [Other: 5.1 ms]
      [Choose CSet: 0.0 ms]
      [Ref Proc: 4.3 ms]
      [Ref Enq: 0.1 ms]
      [Redirty Cards: 0.1 ms]
      [Humongous Register: 0.1 ms]
      [Humongous Reclaim: 0.0 ms]
      [Free CSet: 0.3 ms]
   [Eden: 7152.0M(7152.0M)->0.0B(7152.0M) Survivors: 16384.0K->16384.0K Heap: 10368.9M(14336.0M)->3216.9M(14336.0M)]
 [Times: user=0.06 sys=0.00, real=0.02 secs] 
2022-07-25T11:29:31.963-0700: 310743.467: [GC pause (G1 Evacuation Pause) (young), 0.0113964 secs]
   [Parallel Time: 5.6 ms, GC Workers: 8]
      [GC Worker Start (ms): Min: 310743467.6, Avg: 310743467.7, Max: 310743467.7, Diff: 0.2]
      [Ext Root Scanning (ms): Min: 1.3, Avg: 2.0, Max: 5.5, Diff: 4.2, Sum: 15.9]
      [Update RS (ms): Min: 0.0, Avg: 0.4, Max: 0.7, Diff: 0.7, Sum: 2.8]
         [Processed Buffers: Min: 0, Avg: 20.1, Max: 55, Diff: 55, Sum: 161]
      [Scan RS (ms): Min: 0.0, Avg: 0.1, Max: 0.2, Diff: 0.1, Sum: 0.6]
      [Code Root Scanning (ms): Min: 0.0, Avg: 0.0, Max: 0.0, Diff: 0.0, Sum: 0.0]
      [Object Copy (ms): Min: 0.0, Avg: 0.5, Max: 0.8, Diff: 0.8, Sum: 4.1]
      [Termination (ms): Min: 0.0, Avg: 2.5, Max: 2.8, Diff: 2.8, Sum: 19.7]
         [Termination Attempts: Min: 1, Avg: 1.0, Max: 1, Diff: 0, Sum: 8]
      [GC Worker Other (ms): Min: 0.0, Avg: 0.0, Max: 0.0, Diff: 0.0, Sum: 0.2]
      [GC Worker Total (ms): Min: 5.4, Avg: 5.4, Max: 5.5, Diff: 0.2, Sum: 43.4]
      [GC Worker End (ms): Min: 310743473.1, Avg: 310743473.1, Max: 310743473.1, Diff: 0.0]
   [Code Root Fixup: 0.0 ms]
   [Code Root Purge: 0.0 ms]
   [Clear CT: 0.6 ms]
   [Other: 5.1 ms]
      [Choose CSet: 0.0 ms]
      [Ref Proc: 4.5 ms]
      [Ref Enq: 0.1 ms]
      [Redirty Cards: 0.1 ms]
      [Humongous Register: 0.0 ms]
      [Humongous Reclaim: 0.0 ms]
      [Free CSet: 0.3 ms]
   [Eden: 7152.0M(7152.0M)->0.0B(7152.0M) Survivors: 16384.0K->16384.0K Heap: 10368.9M(14336.0M)->3216.9M(14336.0M)]
 [Times: user=0.05 sys=0.01, real=0.00 secs] 
2022-07-25T11:46:09.818-0700: 311741.323: [GC pause (G1 Evacuation Pause) (young) (initial-mark), 0.0146512 secs]
   [Parallel Time: 9.4 ms, GC Workers: 8]
      [GC Worker Start (ms): Min: 311741325.1, Avg: 311741325.2, Max: 311741325.2, Diff: 0.2]
      [Ext Root Scanning (ms): Min: 5.7, Avg: 6.0, Max: 6.3, Diff: 0.6, Sum: 47.9]
      [Update RS (ms): Min: 0.2, Avg: 0.3, Max: 0.5, Diff: 0.3, Sum: 2.2]
         [Processed Buffers: Min: 1, Avg: 20.8, Max: 59, Diff: 58, Sum: 166]
      [Scan RS (ms): Min: 0.0, Avg: 0.1, Max: 0.1, Diff: 0.1, Sum: 0.5]
      [Code Root Scanning (ms): Min: 0.0, Avg: 0.0, Max: 0.0, Diff: 0.0, Sum: 0.0]
      [Object Copy (ms): Min: 0.1, Avg: 0.5, Max: 0.9, Diff: 0.8, Sum: 4.2]
      [Termination (ms): Min: 0.0, Avg: 0.1, Max: 0.1, Diff: 0.1, Sum: 0.5]
         [Termination Attempts: Min: 1, Avg: 5.5, Max: 9, Diff: 8, Sum: 44]
      [GC Worker Other (ms): Min: 0.0, Avg: 0.0, Max: 0.1, Diff: 0.1, Sum: 0.3]
      [GC Worker Total (ms): Min: 6.9, Avg: 7.0, Max: 7.1, Diff: 0.2, Sum: 55.7]
      [GC Worker End (ms): Min: 311741332.1, Avg: 311741332.1, Max: 311741332.2, Diff: 0.1]
   [Code Root Fixup: 0.0 ms]
   [Code Root Purge: 0.0 ms]
   [Clear CT: 0.7 ms]
   [Other: 4.6 ms]
      [Choose CSet: 0.0 ms]
      [Ref Proc: 3.8 ms]
      [Ref Enq: 0.1 ms]
      [Redirty Cards: 0.1 ms]
      [Humongous Register: 0.0 ms]
      [Humongous Reclaim: 0.0 ms]
      [Free CSet: 0.3 ms]
   [Eden: 7152.0M(7152.0M)->0.0B(7152.0M) Survivors: 16384.0K->16384.0K Heap: 10368.9M(14336.0M)->3216.8M(14336.0M)]
 [Times: user=0.06 sys=0.01, real=0.01 secs] 
2022-07-25T11:46:09.833-0700: 311741.338: [GC concurrent-root-region-scan-start]
2022-07-25T11:46:09.838-0700: 311741.342: [GC concurrent-root-region-scan-end, 0.0045580 secs]
2022-07-25T11:46:09.838-0700: 311741.342: [GC concurrent-mark-start]
2022-07-25T11:46:12.267-0700: 311743.772: [GC concurrent-mark-end, 2.4294934 secs]
2022-07-25T11:46:12.267-0700: 311743.772: [GC remark 2022-07-25T11:46:12.267-0700: 311743.772: [Finalize Marking, 0.0003980 secs] 2022-07-25T11:46:12.268-0700: 311743.773: [GC ref-proc, 0.0111975 secs] 2022-07-25T11:46:12.279-0700: 311743.784: [Unloading, 0.0267479 secs], 0.0438384 secs]
 [Times: user=0.25 sys=0.00, real=0.04 secs] 
2022-07-25T11:46:12.312-0700: 311743.816: [GC cleanup 3292M->3292M(14336M), 0.0083628 secs]
 [Times: user=0.06 sys=0.00, real=0.01 secs] 
2022-07-25T12:02:39.868-0700: 312731.372: [GC pause (G1 Evacuation Pause) (young), 0.0113486 secs]
   [Parallel Time: 5.4 ms, GC Workers: 8]
      [GC Worker Start (ms): Min: 312731372.4, Avg: 312731372.5, Max: 312731372.6, Diff: 0.2]
      [Ext Root Scanning (ms): Min: 1.0, Avg: 1.7, Max: 5.2, Diff: 4.2, Sum: 13.4]
      [Update RS (ms): Min: 0.0, Avg: 0.3, Max: 0.6, Diff: 0.6, Sum: 2.2]
         [Processed Buffers: Min: 0, Avg: 21.6, Max: 56, Diff: 56, Sum: 173]
      [Scan RS (ms): Min: 0.0, Avg: 0.1, Max: 0.1, Diff: 0.1, Sum: 0.5]
      [Code Root Scanning (ms): Min: 0.0, Avg: 0.0, Max: 0.0, Diff: 0.0, Sum: 0.0]
      [Object Copy (ms): Min: 0.0, Avg: 0.3, Max: 0.5, Diff: 0.5, Sum: 2.7]
      [Termination (ms): Min: 0.0, Avg: 2.8, Max: 3.2, Diff: 3.2, Sum: 22.2]
         [Termination Attempts: Min: 1, Avg: 1.6, Max: 3, Diff: 2, Sum: 13]
      [GC Worker Other (ms): Min: 0.0, Avg: 0.0, Max: 0.0, Diff: 0.0, Sum: 0.2]
      [GC Worker Total (ms): Min: 5.1, Avg: 5.2, Max: 5.2, Diff: 0.1, Sum: 41.2]
      [GC Worker End (ms): Min: 312731377.7, Avg: 312731377.7, Max: 312731377.7, Diff: 0.0]
   [Code Root Fixup: 0.0 ms]
   [Code Root Purge: 0.0 ms]
   [Clear CT: 0.6 ms]
   [Other: 5.3 ms]
      [Choose CSet: 0.0 ms]
      [Ref Proc: 4.6 ms]
      [Ref Enq: 0.1 ms]
      [Redirty Cards: 0.1 ms]
      [Humongous Register: 0.0 ms]
      [Humongous Reclaim: 0.0 ms]
      [Free CSet: 0.3 ms]
   [Eden: 7152.0M(7152.0M)->0.0B(7152.0M) Survivors: 16384.0K->16384.0K Heap: 10368.8M(14336.0M)->3216.9M(14336.0M)]
 [Times: user=0.05 sys=0.00, real=0.01 secs] 
2022-07-25T12:19:03.861-0700: 313715.366: [GC pause (G1 Evacuation Pause) (young), 0.0106954 secs]
   [Parallel Time: 5.8 ms, GC Workers: 8]
      [GC Worker Start (ms): Min: 313715366.2, Avg: 313715366.3, Max: 313715366.3, Diff: 0.2]
      [Ext Root Scanning (ms): Min: 1.2, Avg: 2.0, Max: 5.5, Diff: 4.4, Sum: 15.8]
      [Update RS (ms): Min: 0.0, Avg: 0.3, Max: 0.8, Diff: 0.8, Sum: 2.8]
         [Processed Buffers: Min: 0, Avg: 21.5, Max: 67, Diff: 67, Sum: 172]
      [Scan RS (ms): Min: 0.0, Avg: 0.1, Max: 0.2, Diff: 0.2, Sum: 0.6]
      [Code Root Scanning (ms): Min: 0.0, Avg: 0.0, Max: 0.0, Diff: 0.0, Sum: 0.0]
      [Object Copy (ms): Min: 0.0, Avg: 0.7, Max: 1.5, Diff: 1.5, Sum: 5.5]
      [Termination (ms): Min: 0.0, Avg: 2.4, Max: 2.8, Diff: 2.8, Sum: 19.4]
         [Termination Attempts: Min: 1, Avg: 1.4, Max: 2, Diff: 1, Sum: 11]
      [GC Worker Other (ms): Min: 0.0, Avg: 0.0, Max: 0.0, Diff: 0.0, Sum: 0.2]
      [GC Worker Total (ms): Min: 5.4, Avg: 5.5, Max: 5.6, Diff: 0.2, Sum: 44.3]
      [GC Worker End (ms): Min: 313715371.8, Avg: 313715371.8, Max: 313715371.8, Diff: 0.0]
   [Code Root Fixup: 0.0 ms]
   [Code Root Purge: 0.0 ms]
   [Clear CT: 0.6 ms]
   [Other: 4.3 ms]
      [Choose CSet: 0.0 ms]
      [Ref Proc: 3.6 ms]
      [Ref Enq: 0.1 ms]
      [Redirty Cards: 0.1 ms]
      [Humongous Register: 0.1 ms]
      [Humongous Reclaim: 0.0 ms]
      [Free CSet: 0.3 ms]
   [Eden: 7152.0M(7152.0M)->0.0B(7152.0M) Survivors: 16384.0K->16384.0K Heap: 10368.9M(14336.0M)->3217.0M(14336.0M)]
 [Times: user=0.05 sys=0.00, real=0.01 secs] 
2022-07-25T12:35:40.362-0700: 314711.867: [GC pause (G1 Evacuation Pause) (young) (initial-mark), 0.0144974 secs]
   [Parallel Time: 9.3 ms, GC Workers: 8]
      [GC Worker Start (ms): Min: 314711868.7, Avg: 314711868.8, Max: 314711868.8, Diff: 0.2]
      [Ext Root Scanning (ms): Min: 5.8, Avg: 6.1, Max: 6.6, Diff: 0.7, Sum: 48.9]
      [Update RS (ms): Min: 0.1, Avg: 0.3, Max: 0.5, Diff: 0.4, Sum: 2.4]
         [Processed Buffers: Min: 1, Avg: 21.4, Max: 66, Diff: 65, Sum: 171]
      [Scan RS (ms): Min: 0.0, Avg: 0.1, Max: 0.1, Diff: 0.1, Sum: 0.5]
      [Code Root Scanning (ms): Min: 0.0, Avg: 0.0, Max: 0.0, Diff: 0.0, Sum: 0.0]
      [Object Copy (ms): Min: 0.2, Avg: 0.6, Max: 0.8, Diff: 0.6, Sum: 4.5]
      [Termination (ms): Min: 0.0, Avg: 0.0, Max: 0.0, Diff: 0.0, Sum: 0.0]
         [Termination Attempts: Min: 2, Avg: 3.5, Max: 5, Diff: 3, Sum: 28]
      [GC Worker Other (ms): Min: 0.0, Avg: 0.1, Max: 0.1, Diff: 0.1, Sum: 0.6]
      [GC Worker Total (ms): Min: 7.0, Avg: 7.1, Max: 7.2, Diff: 0.2, Sum: 56.8]
      [GC Worker End (ms): Min: 314711875.8, Avg: 314711875.9, Max: 314711875.9, Diff: 0.1]
   [Code Root Fixup: 0.0 ms]
   [Code Root Purge: 0.0 ms]
   [Clear CT: 0.6 ms]
   [Other: 4.6 ms]
      [Choose CSet: 0.0 ms]
      [Ref Proc: 3.9 ms]
      [Ref Enq: 0.1 ms]
      [Redirty Cards: 0.1 ms]
      [Humongous Register: 0.0 ms]
      [Humongous Reclaim: 0.0 ms]
      [Free CSet: 0.3 ms]
   [Eden: 7152.0M(7152.0M)->0.0B(7152.0M) Survivors: 16384.0K->16384.0K Heap: 10369.0M(14336.0M)->3216.9M(14336.0M)]
 [Times: user=0.06 sys=0.00, real=0.02 secs] 
2022-07-25T12:35:40.376-0700: 314711.881: [GC concurrent-root-region-scan-start]
2022-07-25T12:35:40.381-0700: 314711.886: [GC concurrent-root-region-scan-end, 0.0044725 secs]
2022-07-25T12:35:40.381-0700: 314711.886: [GC concurrent-mark-start]
2022-07-25T12:35:42.791-0700: 314714.296: [GC concurrent-mark-end, 2.4101227 secs]
2022-07-25T12:35:42.792-0700: 314714.296: [GC remark 2022-07-25T12:35:42.792-0700: 314714.296: [Finalize Marking, 0.0002809 secs] 2022-07-25T12:35:42.792-0700: 314714.297: [GC ref-proc, 0.0107272 secs] 2022-07-25T12:35:42.803-0700: 314714.307: [Unloading, 0.0268903 secs], 0.0429641 secs]
 [Times: user=0.25 sys=0.00, real=0.04 secs] 
2022-07-25T12:35:42.835-0700: 314714.339: [GC cleanup 3261M->3261M(14336M), 0.0074546 secs]
 [Times: user=0.06 sys=0.00, real=0.00 secs] 
2022-07-25T12:39:07.816-0700: 314919.321: [GC pause (G1 Evacuation Pause) (young), 0.0588294 secs]
   [Parallel Time: 55.5 ms, GC Workers: 8]
      [GC Worker Start (ms): Min: 314919320.8, Avg: 314919320.9, Max: 314919321.0, Diff: 0.2]
      [Ext Root Scanning (ms): Min: 1.2, Avg: 2.7, Max: 6.4, Diff: 5.2, Sum: 21.7]
      [Update RS (ms): Min: 0.0, Avg: 1.2, Max: 1.9, Diff: 1.9, Sum: 9.8]
         [Processed Buffers: Min: 0, Avg: 9.4, Max: 24, Diff: 24, Sum: 75]
      [Scan RS (ms): Min: 0.0, Avg: 0.1, Max: 0.1, Diff: 0.1, Sum: 0.5]
      [Code Root Scanning (ms): Min: 0.0, Avg: 0.0, Max: 0.0, Diff: 0.0, Sum: 0.0]
      [Object Copy (ms): Min: 48.7, Avg: 51.2, Max: 52.1, Diff: 3.5, Sum: 409.3]
      [Termination (ms): Min: 0.0, Avg: 0.0, Max: 0.0, Diff: 0.0, Sum: 0.0]
         [Termination Attempts: Min: 1, Avg: 3.1, Max: 5, Diff: 4, Sum: 25]
      [GC Worker Other (ms): Min: 0.0, Avg: 0.1, Max: 0.1, Diff: 0.1, Sum: 0.5]
      [GC Worker Total (ms): Min: 55.2, Avg: 55.2, Max: 55.4, Diff: 0.2, Sum: 441.9]
      [GC Worker End (ms): Min: 314919376.1, Avg: 314919376.1, Max: 314919376.2, Diff: 0.1]
   [Code Root Fixup: 0.0 ms]
   [Code Root Purge: 0.0 ms]
   [Clear CT: 0.7 ms]
   [Other: 2.6 ms]
      [Choose CSet: 0.0 ms]
      [Ref Proc: 1.9 ms]
      [Ref Enq: 0.1 ms]
      [Redirty Cards: 0.1 ms]
      [Humongous Register: 0.0 ms]
      [Humongous Reclaim: 0.0 ms]
      [Free CSet: 0.3 ms]
   [Eden: 7152.0M(7152.0M)->0.0B(6976.0M) Survivors: 16384.0K->192.0M Heap: 10368.9M(14336.0M)->3403.4M(14336.0M)]
 [Times: user=0.44 sys=0.00, real=0.06 secs] 
2022-07-25T12:40:52.822-0700: 315024.326: [GC pause (GCLocker Initiated GC) (young), 0.1196953 secs]
   [Parallel Time: 114.3 ms, GC Workers: 8]
      [GC Worker Start (ms): Min: 315024326.6, Avg: 315024326.6, Max: 315024326.7, Diff: 0.2]
      [Ext Root Scanning (ms): Min: 1.2, Avg: 2.1, Max: 6.1, Diff: 4.9, Sum: 16.5]
      [Update RS (ms): Min: 0.0, Avg: 1.0, Max: 1.5, Diff: 1.5, Sum: 8.3]
         [Processed Buffers: Min: 0, Avg: 4.9, Max: 10, Diff: 10, Sum: 39]
      [Scan RS (ms): Min: 0.0, Avg: 0.1, Max: 0.1, Diff: 0.1, Sum: 0.5]
      [Code Root Scanning (ms): Min: 0.0, Avg: 0.0, Max: 0.0, Diff: 0.0, Sum: 0.0]
      [Object Copy (ms): Min: 107.8, Avg: 110.6, Max: 111.1, Diff: 3.4, Sum: 884.7]
      [Termination (ms): Min: 0.0, Avg: 0.1, Max: 0.2, Diff: 0.2, Sum: 1.0]
         [Termination Attempts: Min: 1, Avg: 25.1, Max: 44, Diff: 43, Sum: 201]
      [GC Worker Other (ms): Min: 0.0, Avg: 0.1, Max: 0.1, Diff: 0.1, Sum: 0.5]
      [GC Worker Total (ms): Min: 113.8, Avg: 113.9, Max: 114.0, Diff: 0.2, Sum: 911.5]
      [GC Worker End (ms): Min: 315024440.5, Avg: 315024440.6, Max: 315024440.7, Diff: 0.1]
   [Code Root Fixup: 0.0 ms]
   [Code Root Purge: 0.0 ms]
   [Clear CT: 0.8 ms]
   [Other: 4.6 ms]
      [Choose CSet: 0.0 ms]
      [Ref Proc: 3.7 ms]
      [Ref Enq: 0.1 ms]
      [Redirty Cards: 0.2 ms]
      [Humongous Register: 0.1 ms]
      [Humongous Reclaim: 0.0 ms]
      [Free CSet: 0.3 ms]
   [Eden: 6992.0M(6976.0M)->0.0B(7040.0M) Survivors: 192.0M->128.0M Heap: 10387.4M(14336.0M)->3527.9M(14336.0M)]
 [Times: user=0.45 sys=0.00, real=0.12 secs] 
2022-07-25T12:42:37.970-0700: 315129.475: [GC pause (GCLocker Initiated GC) (young) (initial-mark), 0.0320529 secs]
   [Parallel Time: 27.0 ms, GC Workers: 8]
      [GC Worker Start (ms): Min: 315129476.5, Avg: 315129476.6, Max: 315129476.6, Diff: 0.2]
      [Ext Root Scanning (ms): Min: 4.8, Avg: 5.2, Max: 5.6, Diff: 0.8, Sum: 41.5]
      [Update RS (ms): Min: 14.8, Avg: 14.9, Max: 15.0, Diff: 0.2, Sum: 119.4]
         [Processed Buffers: Min: 34, Avg: 36.9, Max: 46, Diff: 12, Sum: 295]
      [Scan RS (ms): Min: 0.3, Avg: 0.4, Max: 0.5, Diff: 0.2, Sum: 2.9]
      [Code Root Scanning (ms): Min: 0.0, Avg: 0.0, Max: 0.0, Diff: 0.0, Sum: 0.0]
      [Object Copy (ms): Min: 3.6, Avg: 4.0, Max: 4.4, Diff: 0.8, Sum: 32.2]
      [Termination (ms): Min: 0.0, Avg: 0.0, Max: 0.0, Diff: 0.0, Sum: 0.0]
         [Termination Attempts: Min: 3, Avg: 6.6, Max: 10, Diff: 7, Sum: 53]
      [GC Worker Other (ms): Min: 0.0, Avg: 0.1, Max: 0.2, Diff: 0.1, Sum: 0.6]
      [GC Worker Total (ms): Min: 24.5, Avg: 24.6, Max: 24.7, Diff: 0.2, Sum: 196.8]
      [GC Worker End (ms): Min: 315129501.1, Avg: 315129501.2, Max: 315129501.2, Diff: 0.1]
   [Code Root Fixup: 0.0 ms]
   [Code Root Purge: 0.0 ms]
   [Clear CT: 0.8 ms]
   [Other: 4.3 ms]
      [Choose CSet: 0.0 ms]
      [Ref Proc: 3.6 ms]
      [Ref Enq: 0.1 ms]
      [Redirty Cards: 0.1 ms]
      [Humongous Register: 0.0 ms]
      [Humongous Reclaim: 0.0 ms]
      [Free CSet: 0.3 ms]
   [Eden: 7056.0M(7040.0M)->0.0B(7104.0M) Survivors: 128.0M->65536.0K Heap: 10575.9M(14336.0M)->3542.9M(14336.0M)]
 [Times: user=0.20 sys=0.00, real=0.03 secs] 
2022-07-25T12:42:38.002-0700: 315129.507: [GC concurrent-root-region-scan-start]
2022-07-25T12:42:38.010-0700: 315129.514: [GC concurrent-root-region-scan-end, 0.0074452 secs]
2022-07-25T12:42:38.010-0700: 315129.514: [GC concurrent-mark-start]
2022-07-25T12:42:40.861-0700: 315132.366: [GC concurrent-mark-end, 2.8514224 secs]
2022-07-25T12:42:40.861-0700: 315132.366: [GC remark 2022-07-25T12:42:40.861-0700: 315132.366: [Finalize Marking, 0.0002025 secs] 2022-07-25T12:42:40.862-0700: 315132.366: [GC ref-proc, 0.0067132 secs] 2022-07-25T12:42:40.868-0700: 315132.373: [Unloading, 0.0270266 secs], 0.0393342 secs]
 [Times: user=0.25 sys=0.00, real=0.04 secs] 
2022-07-25T12:42:40.901-0700: 315132.406: [GC cleanup 3846M->3846M(14336M), 0.0078816 secs]
 [Times: user=0.06 sys=0.00, real=0.01 secs] 
2022-07-25T12:44:26.965-0700: 315238.470: [GC pause (G1 Evacuation Pause) (young), 0.0156484 secs]
   [Parallel Time: 10.5 ms, GC Workers: 8]
      [GC Worker Start (ms): Min: 315238470.3, Avg: 315238470.4, Max: 315238470.5, Diff: 0.2]
      [Ext Root Scanning (ms): Min: 1.6, Avg: 2.9, Max: 6.2, Diff: 4.6, Sum: 23.4]
      [Update RS (ms): Min: 1.4, Avg: 4.6, Max: 7.9, Diff: 6.6, Sum: 36.4]
         [Processed Buffers: Min: 4, Avg: 10.2, Max: 27, Diff: 23, Sum: 82]
      [Scan RS (ms): Min: 0.0, Avg: 0.1, Max: 0.1, Diff: 0.1, Sum: 0.4]
      [Code Root Scanning (ms): Min: 0.0, Avg: 0.0, Max: 0.0, Diff: 0.0, Sum: 0.0]
      [Object Copy (ms): Min: 0.6, Avg: 2.5, Max: 3.1, Diff: 2.5, Sum: 20.3]
      [Termination (ms): Min: 0.0, Avg: 0.1, Max: 0.2, Diff: 0.2, Sum: 1.2]
         [Termination Attempts: Min: 1, Avg: 6.5, Max: 13, Diff: 12, Sum: 52]
      [GC Worker Other (ms): Min: 0.0, Avg: 0.0, Max: 0.0, Diff: 0.0, Sum: 0.2]
      [GC Worker Total (ms): Min: 10.2, Avg: 10.3, Max: 10.4, Diff: 0.2, Sum: 82.0]
      [GC Worker End (ms): Min: 315238480.7, Avg: 315238480.7, Max: 315238480.7, Diff: 0.0]
   [Code Root Fixup: 0.0 ms]
   [Code Root Purge: 0.0 ms]
   [Clear CT: 0.7 ms]
   [Other: 4.4 ms]
      [Choose CSet: 0.0 ms]
      [Ref Proc: 3.7 ms]
      [Ref Enq: 0.1 ms]
      [Redirty Cards: 0.1 ms]
      [Humongous Register: 0.0 ms]
      [Humongous Reclaim: 0.0 ms]
      [Free CSet: 0.3 ms]
   [Eden: 7104.0M(7104.0M)->0.0B(5696.0M) Survivors: 65536.0K->32768.0K Heap: 10646.9M(14336.0M)->3524.6M(14336.0M)]
 [Times: user=0.09 sys=0.00, real=0.01 secs] 
2022-07-25T12:45:56.716-0700: 315328.220: [GC pause (G1 Evacuation Pause) (mixed), 0.0177903 secs]
   [Parallel Time: 14.5 ms, GC Workers: 8]
      [GC Worker Start (ms): Min: 315328220.6, Avg: 315328220.7, Max: 315328220.8, Diff: 0.2]
      [Ext Root Scanning (ms): Min: 1.3, Avg: 2.2, Max: 6.4, Diff: 5.1, Sum: 17.5]
      [Update RS (ms): Min: 0.0, Avg: 2.9, Max: 3.9, Diff: 3.9, Sum: 23.6]
         [Processed Buffers: Min: 0, Avg: 8.5, Max: 19, Diff: 19, Sum: 68]
      [Scan RS (ms): Min: 1.6, Avg: 2.3, Max: 2.6, Diff: 1.0, Sum: 18.7]
      [Code Root Scanning (ms): Min: 0.0, Avg: 0.1, Max: 0.3, Diff: 0.3, Sum: 0.5]
      [Object Copy (ms): Min: 6.3, Avg: 6.7, Max: 6.9, Diff: 0.5, Sum: 53.4]
      [Termination (ms): Min: 0.0, Avg: 0.0, Max: 0.0, Diff: 0.0, Sum: 0.0]
         [Termination Attempts: Min: 1, Avg: 2.5, Max: 4, Diff: 3, Sum: 20]
      [GC Worker Other (ms): Min: 0.0, Avg: 0.1, Max: 0.2, Diff: 0.2, Sum: 0.8]
      [GC Worker Total (ms): Min: 14.2, Avg: 14.3, Max: 14.4, Diff: 0.1, Sum: 114.4]
      [GC Worker End (ms): Min: 315328235.0, Avg: 315328235.0, Max: 315328235.1, Diff: 0.2]
   [Code Root Fixup: 0.0 ms]
   [Code Root Purge: 0.0 ms]
   [Clear CT: 0.8 ms]
   [Other: 2.4 ms]
      [Choose CSet: 0.0 ms]
      [Ref Proc: 1.7 ms]
      [Ref Enq: 0.1 ms]
      [Redirty Cards: 0.1 ms]
      [Humongous Register: 0.1 ms]
      [Humongous Reclaim: 0.0 ms]
      [Free CSet: 0.3 ms]
   [Eden: 5696.0M(5696.0M)->0.0B(7152.0M) Survivors: 32768.0K->16384.0K Heap: 9220.6M(14336.0M)->3434.6M(14336.0M)]
 [Times: user=0.12 sys=0.00, real=0.01 secs] 
2022-07-25T12:47:48.062-0700: 315439.567: [GC pause (G1 Evacuation Pause) (young), 0.0371100 secs]
   [Parallel Time: 32.9 ms, GC Workers: 8]
      [GC Worker Start (ms): Min: 315439567.1, Avg: 315439567.2, Max: 315439567.2, Diff: 0.2]
      [Ext Root Scanning (ms): Min: 1.5, Avg: 2.3, Max: 6.2, Diff: 4.7, Sum: 18.7]
      [Update RS (ms): Min: 8.4, Avg: 11.8, Max: 12.8, Diff: 4.4, Sum: 94.6]
         [Processed Buffers: Min: 30, Avg: 40.6, Max: 46, Diff: 16, Sum: 325]
      [Scan RS (ms): Min: 8.4, Avg: 8.7, Max: 8.8, Diff: 0.5, Sum: 70.0]
      [Code Root Scanning (ms): Min: 0.0, Avg: 0.0, Max: 0.1, Diff: 0.1, Sum: 0.1]
      [Object Copy (ms): Min: 7.5, Avg: 8.2, Max: 10.0, Diff: 2.5, Sum: 65.4]
      [Termination (ms): Min: 0.0, Avg: 1.6, Max: 1.9, Diff: 1.9, Sum: 13.0]
         [Termination Attempts: Min: 1, Avg: 97.0, Max: 124, Diff: 123, Sum: 776]
      [GC Worker Other (ms): Min: 0.0, Avg: 0.0, Max: 0.1, Diff: 0.0, Sum: 0.3]
      [GC Worker Total (ms): Min: 32.7, Avg: 32.8, Max: 32.9, Diff: 0.2, Sum: 262.1]
      [GC Worker End (ms): Min: 315439599.9, Avg: 315439599.9, Max: 315439600.0, Diff: 0.0]
   [Code Root Fixup: 0.0 ms]
   [Code Root Purge: 0.0 ms]
   [Clear CT: 0.8 ms]
   [Other: 3.3 ms]
      [Choose CSet: 0.0 ms]
      [Ref Proc: 2.5 ms]
      [Ref Enq: 0.1 ms]
      [Redirty Cards: 0.2 ms]
      [Humongous Register: 0.1 ms]
      [Humongous Reclaim: 0.0 ms]
      [Free CSet: 0.3 ms]
   [Eden: 7152.0M(7152.0M)->0.0B(7152.0M) Survivors: 16384.0K->16384.0K Heap: 10586.6M(14336.0M)->3454.3M(14336.0M)]
 [Times: user=0.26 sys=0.00, real=0.04 secs] 
2022-07-25T12:49:17.816-0700: 315529.321: [GC pause (G1 Evacuation Pause) (young) (initial-mark), 0.0382504 secs]
   [Parallel Time: 34.0 ms, GC Workers: 8]
      [GC Worker Start (ms): Min: 315529323.7, Avg: 315529323.8, Max: 315529323.8, Diff: 0.2]
      [Ext Root Scanning (ms): Min: 5.8, Avg: 6.2, Max: 6.7, Diff: 0.9, Sum: 49.5]
      [Update RS (ms): Min: 6.5, Avg: 6.7, Max: 6.9, Diff: 0.4, Sum: 53.5]
         [Processed Buffers: Min: 27, Avg: 30.6, Max: 38, Diff: 11, Sum: 245]
      [Scan RS (ms): Min: 11.7, Avg: 11.8, Max: 12.0, Diff: 0.4, Sum: 94.8]
      [Code Root Scanning (ms): Min: 0.0, Avg: 0.0, Max: 0.0, Diff: 0.0, Sum: 0.0]
      [Object Copy (ms): Min: 5.8, Avg: 6.3, Max: 6.6, Diff: 0.8, Sum: 50.3]
      [Termination (ms): Min: 0.0, Avg: 0.0, Max: 0.0, Diff: 0.0, Sum: 0.0]
         [Termination Attempts: Min: 1, Avg: 8.9, Max: 13, Diff: 12, Sum: 71]
      [GC Worker Other (ms): Min: 0.0, Avg: 0.1, Max: 0.2, Diff: 0.2, Sum: 0.8]
      [GC Worker Total (ms): Min: 31.1, Avg: 31.1, Max: 31.2, Diff: 0.1, Sum: 249.0]
      [GC Worker End (ms): Min: 315529354.8, Avg: 315529354.9, Max: 315529355.0, Diff: 0.2]
   [Code Root Fixup: 0.0 ms]
   [Code Root Purge: 0.0 ms]
   [Clear CT: 0.6 ms]
   [Other: 3.7 ms]
      [Choose CSet: 0.0 ms]
      [Ref Proc: 2.8 ms]
      [Ref Enq: 0.1 ms]
      [Redirty Cards: 0.2 ms]
      [Humongous Register: 0.1 ms]
      [Humongous Reclaim: 0.0 ms]
      [Free CSet: 0.2 ms]
   [Eden: 5712.0M(5712.0M)->0.0B(7152.0M) Survivors: 16384.0K->16384.0K Heap: 9166.3M(14336.0M)->3453.7M(14336.0M)]
 [Times: user=0.25 sys=0.00, real=0.04 secs] 
2022-07-25T12:49:17.855-0700: 315529.360: [GC concurrent-root-region-scan-start]
2022-07-25T12:49:17.867-0700: 315529.372: [GC concurrent-root-region-scan-end, 0.0125113 secs]
2022-07-25T12:49:17.867-0700: 315529.372: [GC concurrent-mark-start]
2022-07-25T12:49:20.403-0700: 315531.907: [GC concurrent-mark-end, 2.5352308 secs]
2022-07-25T12:49:20.403-0700: 315531.908: [GC remark 2022-07-25T12:49:20.403-0700: 315531.908: [Finalize Marking, 0.0001763 secs] 2022-07-25T12:49:20.403-0700: 315531.908: [GC ref-proc, 0.0093410 secs] 2022-07-25T12:49:20.413-0700: 315531.917: [Unloading, 0.0291619 secs], 0.0442043 secs]
 [Times: user=0.25 sys=0.00, real=0.04 secs] 
2022-07-25T12:49:20.448-0700: 315531.952: [GC cleanup 3648M->3632M(14336M), 0.0083483 secs]
 [Times: user=0.06 sys=0.00, real=0.01 secs] 
2022-07-25T12:49:20.456-0700: 315531.961: [GC concurrent-cleanup-start]
2022-07-25T12:49:20.456-0700: 315531.961: [GC concurrent-cleanup-end, 0.0000156 secs]
2022-07-25T12:51:08.166-0700: 315639.671: [GC pause (G1 Evacuation Pause) (young), 0.0157412 secs]
   [Parallel Time: 12.8 ms, GC Workers: 8]
      [GC Worker Start (ms): Min: 315639670.7, Avg: 315639670.8, Max: 315639670.9, Diff: 0.1]
      [Ext Root Scanning (ms): Min: 1.3, Avg: 2.1, Max: 5.5, Diff: 4.2, Sum: 16.6]
      [Update RS (ms): Min: 5.3, Avg: 8.4, Max: 9.3, Diff: 4.0, Sum: 67.3]
         [Processed Buffers: Min: 24, Avg: 33.6, Max: 41, Diff: 17, Sum: 269]
      [Scan RS (ms): Min: 0.0, Avg: 0.3, Max: 0.4, Diff: 0.4, Sum: 2.3]
      [Code Root Scanning (ms): Min: 0.0, Avg: 0.0, Max: 0.0, Diff: 0.0, Sum: 0.0]
      [Object Copy (ms): Min: 1.4, Avg: 1.8, Max: 1.9, Diff: 0.5, Sum: 14.1]
      [Termination (ms): Min: 0.0, Avg: 0.0, Max: 0.1, Diff: 0.1, Sum: 0.4]
         [Termination Attempts: Min: 19, Avg: 29.1, Max: 38, Diff: 19, Sum: 233]
      [GC Worker Other (ms): Min: 0.0, Avg: 0.1, Max: 0.1, Diff: 0.1, Sum: 0.4]
      [GC Worker Total (ms): Min: 12.6, Avg: 12.6, Max: 12.7, Diff: 0.1, Sum: 101.2]
      [GC Worker End (ms): Min: 315639683.4, Avg: 315639683.5, Max: 315639683.5, Diff: 0.1]
   [Code Root Fixup: 0.0 ms]
   [Code Root Purge: 0.0 ms]
   [Clear CT: 0.7 ms]
   [Other: 2.2 ms]
      [Choose CSet: 0.0 ms]
      [Ref Proc: 1.5 ms]
      [Ref Enq: 0.1 ms]
      [Redirty Cards: 0.1 ms]
      [Humongous Register: 0.1 ms]
      [Humongous Reclaim: 0.0 ms]
      [Free CSet: 0.3 ms]
   [Eden: 7152.0M(7152.0M)->0.0B(5712.0M) Survivors: 16384.0K->16384.0K Heap: 10589.7M(14336.0M)->3440.1M(14336.0M)]
 [Times: user=0.11 sys=0.00, real=0.01 secs] 
2022-07-25T12:52:34.269-0700: 315725.774: [GC pause (G1 Evacuation Pause) (mixed), 0.0201104 secs]
   [Parallel Time: 17.0 ms, GC Workers: 8]
      [GC Worker Start (ms): Min: 315725773.9, Avg: 315725774.1, Max: 315725774.1, Diff: 0.2]
      [Ext Root Scanning (ms): Min: 1.2, Avg: 2.1, Max: 6.5, Diff: 5.3, Sum: 16.7]
      [Update RS (ms): Min: 0.0, Avg: 2.2, Max: 2.8, Diff: 2.8, Sum: 17.7]
         [Processed Buffers: Min: 0, Avg: 8.1, Max: 15, Diff: 15, Sum: 65]
      [Scan RS (ms): Min: 1.5, Avg: 3.1, Max: 3.6, Diff: 2.1, Sum: 25.2]
      [Code Root Scanning (ms): Min: 0.0, Avg: 0.1, Max: 0.6, Diff: 0.6, Sum: 0.6]
      [Object Copy (ms): Min: 8.8, Avg: 9.2, Max: 9.4, Diff: 0.5, Sum: 73.6]
      [Termination (ms): Min: 0.0, Avg: 0.0, Max: 0.0, Diff: 0.0, Sum: 0.0]
         [Termination Attempts: Min: 10, Avg: 13.9, Max: 20, Diff: 10, Sum: 111]
      [GC Worker Other (ms): Min: 0.0, Avg: 0.0, Max: 0.1, Diff: 0.1, Sum: 0.4]
      [GC Worker Total (ms): Min: 16.7, Avg: 16.8, Max: 16.9, Diff: 0.2, Sum: 134.3]
      [GC Worker End (ms): Min: 315725790.8, Avg: 315725790.8, Max: 315725790.9, Diff: 0.1]
   [Code Root Fixup: 0.0 ms]
   [Code Root Purge: 0.0 ms]
   [Clear CT: 0.8 ms]
   [Other: 2.3 ms]
      [Choose CSet: 0.0 ms]
      [Ref Proc: 1.6 ms]
      [Ref Enq: 0.1 ms]
      [Redirty Cards: 0.1 ms]
      [Humongous Register: 0.0 ms]
      [Humongous Reclaim: 0.0 ms]
      [Free CSet: 0.3 ms]
   [Eden: 5712.0M(5712.0M)->0.0B(7152.0M) Survivors: 16384.0K->16384.0K Heap: 9152.1M(14336.0M)->3398.9M(14336.0M)]
 [Times: user=0.15 sys=0.00, real=0.02 secs] 
2022-07-25T12:54:21.830-0700: 315833.335: [GC pause (G1 Evacuation Pause) (young), 0.0207322 secs]
   [Parallel Time: 17.1 ms, GC Workers: 8]
      [GC Worker Start (ms): Min: 315833335.4, Avg: 315833335.4, Max: 315833335.5, Diff: 0.1]
      [Ext Root Scanning (ms): Min: 1.2, Avg: 1.9, Max: 5.4, Diff: 4.2, Sum: 14.9]
      [Update RS (ms): Min: 7.5, Avg: 10.7, Max: 11.5, Diff: 4.0, Sum: 85.3]
         [Processed Buffers: Min: 29, Avg: 30.6, Max: 32, Diff: 3, Sum: 245]
      [Scan RS (ms): Min: 0.0, Avg: 0.0, Max: 0.1, Diff: 0.1, Sum: 0.4]
      [Code Root Scanning (ms): Min: 0.0, Avg: 0.0, Max: 0.0, Diff: 0.0, Sum: 0.0]
      [Object Copy (ms): Min: 4.0, Avg: 4.3, Max: 4.4, Diff: 0.5, Sum: 34.0]
      [Termination (ms): Min: 0.0, Avg: 0.0, Max: 0.0, Diff: 0.0, Sum: 0.0]
         [Termination Attempts: Min: 1, Avg: 1.0, Max: 1, Diff: 0, Sum: 8]
      [GC Worker Other (ms): Min: 0.0, Avg: 0.1, Max: 0.1, Diff: 0.1, Sum: 0.5]
      [GC Worker Total (ms): Min: 16.8, Avg: 16.9, Max: 17.0, Diff: 0.2, Sum: 135.1]
      [GC Worker End (ms): Min: 315833352.3, Avg: 315833352.3, Max: 315833352.4, Diff: 0.1]
   [Code Root Fixup: 0.0 ms]
   [Code Root Purge: 0.0 ms]
   [Clear CT: 0.7 ms]
   [Other: 2.9 ms]
      [Choose CSet: 0.0 ms]
      [Ref Proc: 2.3 ms]
      [Ref Enq: 0.1 ms]
      [Redirty Cards: 0.1 ms]
      [Humongous Register: 0.0 ms]
      [Humongous Reclaim: 0.0 ms]
      [Free CSet: 0.3 ms]
   [Eden: 7152.0M(7152.0M)->0.0B(7152.0M) Survivors: 16384.0K->16384.0K Heap: 10550.9M(14336.0M)->3421.1M(14336.0M)]
 [Times: user=0.15 sys=0.00, real=0.02 secs] 
2022-07-25T12:56:07.465-0700: 315938.969: [GC pause (G1 Evacuation Pause) (young) (initial-mark), 0.0170176 secs]
   [Parallel Time: 13.2 ms, GC Workers: 8]
      [GC Worker Start (ms): Min: 315938971.6, Avg: 315938971.7, Max: 315938971.7, Diff: 0.1]
      [Ext Root Scanning (ms): Min: 5.0, Avg: 5.3, Max: 5.7, Diff: 0.7, Sum: 42.1]
      [Update RS (ms): Min: 1.8, Avg: 1.9, Max: 2.1, Diff: 0.3, Sum: 15.5]
         [Processed Buffers: Min: 5, Avg: 7.6, Max: 10, Diff: 5, Sum: 61]
      [Scan RS (ms): Min: 0.0, Avg: 0.1, Max: 0.1, Diff: 0.1, Sum: 0.4]
      [Code Root Scanning (ms): Min: 0.0, Avg: 0.0, Max: 0.0, Diff: 0.0, Sum: 0.0]
      [Object Copy (ms): Min: 2.8, Avg: 3.4, Max: 3.7, Diff: 0.9, Sum: 26.9]
      [Termination (ms): Min: 0.0, Avg: 0.0, Max: 0.0, Diff: 0.0, Sum: 0.2]
         [Termination Attempts: Min: 1, Avg: 3.8, Max: 6, Diff: 5, Sum: 30]
      [GC Worker Other (ms): Min: 0.0, Avg: 0.0, Max: 0.1, Diff: 0.1, Sum: 0.3]
      [GC Worker Total (ms): Min: 10.6, Avg: 10.7, Max: 10.7, Diff: 0.1, Sum: 85.4]
      [GC Worker End (ms): Min: 315938982.3, Avg: 315938982.3, Max: 315938982.4, Diff: 0.1]
   [Code Root Fixup: 0.0 ms]
   [Code Root Purge: 0.0 ms]
   [Clear CT: 0.8 ms]
   [Other: 3.1 ms]
      [Choose CSet: 0.0 ms]
      [Ref Proc: 2.3 ms]
      [Ref Enq: 0.1 ms]
      [Redirty Cards: 0.1 ms]
      [Humongous Register: 0.0 ms]
      [Humongous Reclaim: 0.0 ms]
      [Free CSet: 0.3 ms]
   [Eden: 7152.0M(7152.0M)->0.0B(7136.0M) Survivors: 16384.0K->32768.0K Heap: 10573.1M(14336.0M)->3430.5M(14336.0M)]
 [Times: user=0.09 sys=0.00, real=0.01 secs] 
2022-07-25T12:56:07.482-0700: 315938.986: [GC concurrent-root-region-scan-start]
2022-07-25T12:56:07.493-0700: 315938.998: [GC concurrent-root-region-scan-end, 0.0114955 secs]
2022-07-25T12:56:07.493-0700: 315938.998: [GC concurrent-mark-start]
2022-07-25T12:56:10.095-0700: 315941.599: [GC concurrent-mark-end, 2.6013227 secs]
2022-07-25T12:56:10.095-0700: 315941.600: [GC remark 2022-07-25T12:56:10.095-0700: 315941.600: [Finalize Marking, 0.0002303 secs] 2022-07-25T12:56:10.095-0700: 315941.600: [GC ref-proc, 0.0078104 secs] 2022-07-25T12:56:10.103-0700: 315941.608: [Unloading, 0.0267191 secs], 0.0402223 secs]
 [Times: user=0.25 sys=0.00, real=0.04 secs] 
2022-07-25T12:56:10.135-0700: 315941.640: [GC cleanup 3606M->3606M(14336M), 0.0079035 secs]
 [Times: user=0.06 sys=0.00, real=0.01 secs] 
2022-07-25T12:57:58.171-0700: 316049.675: [GC pause (G1 Evacuation Pause) (young), 0.0098653 secs]
   [Parallel Time: 6.5 ms, GC Workers: 8]
      [GC Worker Start (ms): Min: 316049675.4, Avg: 316049675.5, Max: 316049675.5, Diff: 0.1]
      [Ext Root Scanning (ms): Min: 1.2, Avg: 1.9, Max: 5.2, Diff: 4.0, Sum: 15.3]
      [Update RS (ms): Min: 0.1, Avg: 3.0, Max: 3.8, Diff: 3.8, Sum: 24.3]
         [Processed Buffers: Min: 7, Avg: 10.1, Max: 15, Diff: 8, Sum: 81]
      [Scan RS (ms): Min: 0.0, Avg: 0.0, Max: 0.1, Diff: 0.1, Sum: 0.4]
      [Code Root Scanning (ms): Min: 0.0, Avg: 0.0, Max: 0.0, Diff: 0.0, Sum: 0.0]
      [Object Copy (ms): Min: 1.0, Avg: 1.3, Max: 1.4, Diff: 0.5, Sum: 10.1]
      [Termination (ms): Min: 0.0, Avg: 0.0, Max: 0.0, Diff: 0.0, Sum: 0.0]
         [Termination Attempts: Min: 1, Avg: 2.0, Max: 3, Diff: 2, Sum: 16]
      [GC Worker Other (ms): Min: 0.0, Avg: 0.0, Max: 0.1, Diff: 0.1, Sum: 0.3]
      [GC Worker Total (ms): Min: 6.2, Avg: 6.3, Max: 6.4, Diff: 0.2, Sum: 50.4]
      [GC Worker End (ms): Min: 316049681.8, Avg: 316049681.8, Max: 316049681.8, Diff: 0.1]
   [Code Root Fixup: 0.0 ms]
   [Code Root Purge: 0.0 ms]
   [Clear CT: 0.7 ms]
   [Other: 2.7 ms]
      [Choose CSet: 0.0 ms]
      [Ref Proc: 2.0 ms]
      [Ref Enq: 0.1 ms]
      [Redirty Cards: 0.1 ms]
      [Humongous Register: 0.1 ms]
      [Humongous Reclaim: 0.0 ms]
      [Free CSet: 0.3 ms]
   [Eden: 7136.0M(7136.0M)->0.0B(5712.0M) Survivors: 32768.0K->16384.0K Heap: 10566.5M(14336.0M)->3424.1M(14336.0M)]
 [Times: user=0.06 sys=0.00, real=0.01 secs] 
2022-07-25T12:59:16.431-0700: 316127.936: [GC pause (G1 Evacuation Pause) (mixed), 0.0181825 secs]
   [Parallel Time: 15.4 ms, GC Workers: 8]
      [GC Worker Start (ms): Min: 316127935.9, Avg: 316127936.0, Max: 316127936.0, Diff: 0.2]
      [Ext Root Scanning (ms): Min: 0.9, Avg: 1.7, Max: 5.9, Diff: 5.0, Sum: 13.7]
      [Update RS (ms): Min: 0.0, Avg: 1.6, Max: 2.4, Diff: 2.4, Sum: 12.4]
         [Processed Buffers: Min: 0, Avg: 7.0, Max: 13, Diff: 13, Sum: 56]
      [Scan RS (ms): Min: 0.0, Avg: 1.8, Max: 2.3, Diff: 2.2, Sum: 14.3]
      [Code Root Scanning (ms): Min: 0.0, Avg: 0.0, Max: 0.3, Diff: 0.3, Sum: 0.3]
      [Object Copy (ms): Min: 9.2, Avg: 10.0, Max: 10.2, Diff: 1.0, Sum: 80.0]
      [Termination (ms): Min: 0.0, Avg: 0.0, Max: 0.0, Diff: 0.0, Sum: 0.0]
         [Termination Attempts: Min: 8, Avg: 13.4, Max: 18, Diff: 10, Sum: 107]
      [GC Worker Other (ms): Min: 0.0, Avg: 0.1, Max: 0.1, Diff: 0.1, Sum: 0.5]
      [GC Worker Total (ms): Min: 15.1, Avg: 15.2, Max: 15.2, Diff: 0.2, Sum: 121.2]
      [GC Worker End (ms): Min: 316127951.1, Avg: 316127951.1, Max: 316127951.2, Diff: 0.1]
   [Code Root Fixup: 0.0 ms]
   [Code Root Purge: 0.0 ms]
   [Clear CT: 0.8 ms]
   [Other: 1.9 ms]
      [Choose CSet: 0.0 ms]
      [Ref Proc: 1.3 ms]
      [Ref Enq: 0.1 ms]
      [Redirty Cards: 0.1 ms]
      [Humongous Register: 0.0 ms]
      [Humongous Reclaim: 0.0 ms]
      [Free CSet: 0.2 ms]
   [Eden: 5712.0M(5712.0M)->0.0B(7136.0M) Survivors: 16384.0K->32768.0K Heap: 9136.1M(14336.0M)->3419.2M(14336.0M)]
 [Times: user=0.13 sys=0.00, real=0.02 secs] 
2022-07-25T12:59:26.693-0700: 316138.197: [GC pause (G1 Evacuation Pause) (young), 0.0218129 secs]
   [Parallel Time: 19.1 ms, GC Workers: 8]
      [GC Worker Start (ms): Min: 316138197.5, Avg: 316138197.5, Max: 316138197.6, Diff: 0.1]
      [Ext Root Scanning (ms): Min: 0.9, Avg: 1.5, Max: 4.9, Diff: 4.0, Sum: 12.3]
      [Update RS (ms): Min: 5.4, Avg: 8.3, Max: 9.1, Diff: 3.7, Sum: 66.7]
         [Processed Buffers: Min: 17, Avg: 24.6, Max: 31, Diff: 14, Sum: 197]
      [Scan RS (ms): Min: 0.0, Avg: 0.0, Max: 0.1, Diff: 0.1, Sum: 0.4]
      [Code Root Scanning (ms): Min: 0.0, Avg: 0.0, Max: 0.0, Diff: 0.0, Sum: 0.0]
      [Object Copy (ms): Min: 8.5, Avg: 8.9, Max: 9.0, Diff: 0.5, Sum: 71.0]
      [Termination (ms): Min: 0.0, Avg: 0.0, Max: 0.0, Diff: 0.0, Sum: 0.0]
         [Termination Attempts: Min: 10, Avg: 13.8, Max: 17, Diff: 7, Sum: 110]
      [GC Worker Other (ms): Min: 0.0, Avg: 0.0, Max: 0.1, Diff: 0.0, Sum: 0.3]
      [GC Worker Total (ms): Min: 18.8, Avg: 18.9, Max: 18.9, Diff: 0.1, Sum: 150.9]
      [GC Worker End (ms): Min: 316138216.4, Avg: 316138216.4, Max: 316138216.4, Diff: 0.1]
   [Code Root Fixup: 0.0 ms]
   [Code Root Purge: 0.0 ms]
   [Clear CT: 0.7 ms]
   [Other: 2.0 ms]
      [Choose CSet: 0.0 ms]
      [Ref Proc: 1.4 ms]
      [Ref Enq: 0.1 ms]
      [Redirty Cards: 0.1 ms]
      [Humongous Register: 0.0 ms]
      [Humongous Reclaim: 0.0 ms]
      [Free CSet: 0.3 ms]
   [Eden: 7136.0M(7136.0M)->0.0B(7120.0M) Survivors: 32768.0K->49152.0K Heap: 10555.2M(14336.0M)->3460.1M(14336.0M)]
 [Times: user=0.16 sys=0.00, real=0.02 secs] 
2022-07-25T12:59:37.725-0700: 316149.230: [GC pause (G1 Evacuation Pause) (young) (initial-mark), 0.0350850 secs]
   [Parallel Time: 30.7 ms, GC Workers: 8]
      [GC Worker Start (ms): Min: 316149231.9, Avg: 316149231.9, Max: 316149232.0, Diff: 0.1]
      [Ext Root Scanning (ms): Min: 5.7, Avg: 5.9, Max: 6.1, Diff: 0.4, Sum: 46.8]
      [Update RS (ms): Min: 0.4, Avg: 3.7, Max: 5.7, Diff: 5.3, Sum: 30.0]
         [Processed Buffers: Min: 3, Avg: 10.8, Max: 16, Diff: 13, Sum: 86]
      [Scan RS (ms): Min: 0.0, Avg: 0.0, Max: 0.1, Diff: 0.1, Sum: 0.4]
      [Code Root Scanning (ms): Min: 0.0, Avg: 0.0, Max: 0.0, Diff: 0.0, Sum: 0.1]
      [Object Copy (ms): Min: 16.2, Avg: 18.3, Max: 21.6, Diff: 5.4, Sum: 146.1]
      [Termination (ms): Min: 0.0, Avg: 0.0, Max: 0.0, Diff: 0.0, Sum: 0.0]
         [Termination Attempts: Min: 1, Avg: 1.0, Max: 1, Diff: 0, Sum: 8]
      [GC Worker Other (ms): Min: 0.0, Avg: 0.1, Max: 0.2, Diff: 0.2, Sum: 0.9]
      [GC Worker Total (ms): Min: 27.9, Avg: 28.0, Max: 28.2, Diff: 0.3, Sum: 224.3]
      [GC Worker End (ms): Min: 316149259.9, Avg: 316149260.0, Max: 316149260.1, Diff: 0.2]
   [Code Root Fixup: 0.0 ms]
   [Code Root Purge: 0.0 ms]
   [Clear CT: 0.7 ms]
   [Other: 3.6 ms]
      [Choose CSet: 0.0 ms]
      [Ref Proc: 2.9 ms]
      [Ref Enq: 0.1 ms]
      [Redirty Cards: 0.1 ms]
      [Humongous Register: 0.0 ms]
      [Humongous Reclaim: 0.0 ms]
      [Free CSet: 0.3 ms]
   [Eden: 7120.0M(7120.0M)->0.0B(7072.0M) Survivors: 49152.0K->98304.0K Heap: 10580.1M(14336.0M)->3523.8M(14336.0M)]
 [Times: user=0.21 sys=0.00, real=0.03 secs] 
2022-07-25T12:59:37.760-0700: 316149.265: [GC concurrent-root-region-scan-start]
2022-07-25T12:59:37.778-0700: 316149.283: [GC concurrent-root-region-scan-end, 0.0181600 secs]
2022-07-25T12:59:37.778-0700: 316149.283: [GC concurrent-mark-start]
2022-07-25T12:59:40.653-0700: 316152.158: [GC concurrent-mark-end, 2.8745665 secs]
2022-07-25T12:59:40.653-0700: 316152.158: [GC remark 2022-07-25T12:59:40.653-0700: 316152.158: [Finalize Marking, 0.0004178 secs] 2022-07-25T12:59:40.654-0700: 316152.158: [GC ref-proc, 0.0099109 secs] 2022-07-25T12:59:40.664-0700: 316152.168: [Unloading, 0.0270988 secs], 0.0427661 secs]
 [Times: user=0.25 sys=0.00, real=0.05 secs] 
2022-07-25T12:59:40.696-0700: 316152.201: [GC cleanup 5395M->5395M(14336M), 0.0088239 secs]
 [Times: user=0.06 sys=0.00, real=0.01 secs] 
2022-07-25T13:00:28.575-0700: 316200.080: [GC pause (G1 Evacuation Pause) (young), 0.0336186 secs]
   [Parallel Time: 30.9 ms, GC Workers: 8]
      [GC Worker Start (ms): Min: 316200080.3, Avg: 316200080.4, Max: 316200080.4, Diff: 0.1]
      [Ext Root Scanning (ms): Min: 1.1, Avg: 1.9, Max: 5.1, Diff: 4.1, Sum: 15.5]
      [Update RS (ms): Min: 7.9, Avg: 10.8, Max: 12.3, Diff: 4.3, Sum: 86.6]
         [Processed Buffers: Min: 13, Avg: 23.0, Max: 33, Diff: 20, Sum: 184]
      [Scan RS (ms): Min: 0.0, Avg: 0.0, Max: 0.1, Diff: 0.1, Sum: 0.4]
      [Code Root Scanning (ms): Min: 0.0, Avg: 0.0, Max: 0.0, Diff: 0.0, Sum: 0.0]
      [Object Copy (ms): Min: 17.3, Avg: 17.9, Max: 18.1, Diff: 0.8, Sum: 142.9]
      [Termination (ms): Min: 0.0, Avg: 0.0, Max: 0.0, Diff: 0.0, Sum: 0.0]
         [Termination Attempts: Min: 1, Avg: 1.5, Max: 3, Diff: 2, Sum: 12]
      [GC Worker Other (ms): Min: 0.0, Avg: 0.0, Max: 0.1, Diff: 0.1, Sum: 0.4]
      [GC Worker Total (ms): Min: 30.6, Avg: 30.7, Max: 30.8, Diff: 0.2, Sum: 245.8]
      [GC Worker End (ms): Min: 316200111.1, Avg: 316200111.1, Max: 316200111.1, Diff: 0.1]
   [Code Root Fixup: 0.0 ms]
   [Code Root Purge: 0.0 ms]
   [Clear CT: 0.7 ms]
   [Other: 2.0 ms]
      [Choose CSet: 0.0 ms]
      [Ref Proc: 1.3 ms]
      [Ref Enq: 0.1 ms]
      [Redirty Cards: 0.1 ms]
      [Humongous Register: 0.0 ms]
      [Humongous Reclaim: 0.0 ms]
      [Free CSet: 0.3 ms]
   [Eden: 7072.0M(7072.0M)->0.0B(5664.0M) Survivors: 98304.0K->65536.0K Heap: 10595.8M(14336.0M)->3553.4M(14336.0M)]
 [Times: user=0.22 sys=0.00, real=0.03 secs] 
2022-07-25T13:02:02.117-0700: 316293.621: [GC pause (G1 Evacuation Pause) (mixed), 0.0337219 secs]
   [Parallel Time: 30.9 ms, GC Workers: 8]
      [GC Worker Start (ms): Min: 316293621.5, Avg: 316293621.5, Max: 316293621.6, Diff: 0.1]
      [Ext Root Scanning (ms): Min: 1.0, Avg: 1.7, Max: 5.7, Diff: 4.7, Sum: 13.8]
      [Update RS (ms): Min: 5.8, Avg: 9.6, Max: 10.3, Diff: 4.5, Sum: 76.6]
         [Processed Buffers: Min: 22, Avg: 30.4, Max: 36, Diff: 14, Sum: 243]
      [Scan RS (ms): Min: 1.0, Avg: 1.1, Max: 1.3, Diff: 0.3, Sum: 9.2]
      [Code Root Scanning (ms): Min: 0.0, Avg: 0.0, Max: 0.1, Diff: 0.1, Sum: 0.1]
      [Object Copy (ms): Min: 17.9, Avg: 18.3, Max: 18.5, Diff: 0.6, Sum: 146.6]
      [Termination (ms): Min: 0.0, Avg: 0.0, Max: 0.0, Diff: 0.0, Sum: 0.0]
         [Termination Attempts: Min: 1, Avg: 22.4, Max: 30, Diff: 29, Sum: 179]
      [GC Worker Other (ms): Min: 0.0, Avg: 0.0, Max: 0.1, Diff: 0.1, Sum: 0.4]
      [GC Worker Total (ms): Min: 30.8, Avg: 30.8, Max: 30.9, Diff: 0.1, Sum: 246.7]
      [GC Worker End (ms): Min: 316293652.3, Avg: 316293652.4, Max: 316293652.4, Diff: 0.1]
   [Code Root Fixup: 0.0 ms]
   [Code Root Purge: 0.0 ms]
   [Clear CT: 0.8 ms]
   [Other: 2.0 ms]
      [Choose CSet: 0.0 ms]
      [Ref Proc: 1.3 ms]
      [Ref Enq: 0.1 ms]
      [Redirty Cards: 0.1 ms]
      [Humongous Register: 0.0 ms]
      [Humongous Reclaim: 0.0 ms]
      [Free CSet: 0.3 ms]
   [Eden: 5664.0M(5664.0M)->0.0B(7104.0M) Survivors: 65536.0K->65536.0K Heap: 9217.4M(14336.0M)->3402.5M(14336.0M)]
 [Times: user=0.26 sys=0.00, real=0.03 secs] 
2022-07-25T13:03:54.515-0700: 316406.020: [GC pause (G1 Evacuation Pause) (young), 0.0476236 secs]
   [Parallel Time: 44.7 ms, GC Workers: 8]
      [GC Worker Start (ms): Min: 316406020.4, Avg: 316406020.5, Max: 316406020.5, Diff: 0.1]
      [Ext Root Scanning (ms): Min: 1.2, Avg: 2.0, Max: 5.7, Diff: 4.5, Sum: 15.9]
      [Update RS (ms): Min: 13.9, Avg: 17.0, Max: 17.9, Diff: 4.0, Sum: 136.1]
         [Processed Buffers: Min: 28, Avg: 38.0, Max: 47, Diff: 19, Sum: 304]
      [Scan RS (ms): Min: 0.0, Avg: 0.0, Max: 0.1, Diff: 0.1, Sum: 0.4]
      [Code Root Scanning (ms): Min: 0.0, Avg: 0.0, Max: 0.0, Diff: 0.0, Sum: 0.0]
      [Object Copy (ms): Min: 24.9, Avg: 25.4, Max: 25.6, Diff: 0.7, Sum: 203.2]
      [Termination (ms): Min: 0.0, Avg: 0.0, Max: 0.0, Diff: 0.0, Sum: 0.0]
         [Termination Attempts: Min: 1, Avg: 1.0, Max: 1, Diff: 0, Sum: 8]
      [GC Worker Other (ms): Min: 0.0, Avg: 0.1, Max: 0.1, Diff: 0.1, Sum: 0.5]
      [GC Worker Total (ms): Min: 44.4, Avg: 44.5, Max: 44.6, Diff: 0.2, Sum: 356.1]
      [GC Worker End (ms): Min: 316406064.9, Avg: 316406065.0, Max: 316406065.0, Diff: 0.1]
   [Code Root Fixup: 0.0 ms]
   [Code Root Purge: 0.0 ms]
   [Clear CT: 0.7 ms]
   [Other: 2.2 ms]
      [Choose CSet: 0.0 ms]
      [Ref Proc: 1.4 ms]
      [Ref Enq: 0.1 ms]
      [Redirty Cards: 0.2 ms]
      [Humongous Register: 0.1 ms]
      [Humongous Reclaim: 0.0 ms]
      [Free CSet: 0.3 ms]
   [Eden: 7104.0M(7104.0M)->0.0B(7024.0M) Survivors: 65536.0K->144.0M Heap: 10506.5M(14336.0M)->3542.7M(14336.0M)]
 [Times: user=0.36 sys=0.00, real=0.05 secs] 
2022-07-25T13:06:02.666-0700: 316534.171: [GC pause (G1 Evacuation Pause) (young) (initial-mark), 0.0490664 secs]
   [Parallel Time: 44.0 ms, GC Workers: 8]
      [GC Worker Start (ms): Min: 316534172.7, Avg: 316534172.8, Max: 316534172.9, Diff: 0.2]
      [Ext Root Scanning (ms): Min: 6.1, Avg: 6.5, Max: 7.0, Diff: 0.9, Sum: 51.8]
      [Update RS (ms): Min: 13.7, Avg: 13.8, Max: 14.1, Diff: 0.4, Sum: 110.5]
         [Processed Buffers: Min: 30, Avg: 34.1, Max: 41, Diff: 11, Sum: 273]
      [Scan RS (ms): Min: 0.0, Avg: 0.0, Max: 0.1, Diff: 0.1, Sum: 0.4]
      [Code Root Scanning (ms): Min: 0.0, Avg: 0.0, Max: 0.0, Diff: 0.0, Sum: 0.0]
      [Object Copy (ms): Min: 20.7, Avg: 21.1, Max: 21.5, Diff: 0.8, Sum: 168.8]
      [Termination (ms): Min: 0.0, Avg: 0.0, Max: 0.0, Diff: 0.0, Sum: 0.0]
         [Termination Attempts: Min: 1, Avg: 1.0, Max: 1, Diff: 0, Sum: 8]
      [GC Worker Other (ms): Min: 0.0, Avg: 0.1, Max: 0.2, Diff: 0.2, Sum: 0.8]
      [GC Worker Total (ms): Min: 41.4, Avg: 41.5, Max: 41.7, Diff: 0.3, Sum: 332.2]
      [GC Worker End (ms): Min: 316534214.3, Avg: 316534214.4, Max: 316534214.5, Diff: 0.2]
   [Code Root Fixup: 0.0 ms]
   [Code Root Purge: 0.0 ms]
   [Clear CT: 0.8 ms]
   [Other: 4.3 ms]
      [Choose CSet: 0.0 ms]
      [Ref Proc: 3.4 ms]
      [Ref Enq: 0.1 ms]
      [Redirty Cards: 0.2 ms]
      [Humongous Register: 0.0 ms]
      [Humongous Reclaim: 0.0 ms]
      [Free CSet: 0.3 ms]
   [Eden: 7024.0M(7024.0M)->0.0B(7040.0M) Survivors: 144.0M->128.0M Heap: 10566.7M(14336.0M)->3659.8M(14336.0M)]
 [Times: user=0.34 sys=0.00, real=0.05 secs] 
2022-07-25T13:06:02.715-0700: 316534.220: [GC concurrent-root-region-scan-start]
2022-07-25T13:06:02.727-0700: 316534.231: [GC concurrent-root-region-scan-end, 0.0115357 secs]
2022-07-25T13:06:02.727-0700: 316534.231: [GC concurrent-mark-start]
2022-07-25T13:06:05.275-0700: 316536.780: [GC concurrent-mark-end, 2.5486928 secs]
2022-07-25T13:06:05.276-0700: 316536.780: [GC remark 2022-07-25T13:06:05.276-0700: 316536.781: [Finalize Marking, 0.0003894 secs] 2022-07-25T13:06:05.276-0700: 316536.781: [GC ref-proc, 0.0108461 secs] 2022-07-25T13:06:05.287-0700: 316536.792: [Unloading, 0.0269069 secs], 0.0436156 secs]
 [Times: user=0.25 sys=0.00, real=0.04 secs] 
2022-07-25T13:06:05.320-0700: 316536.824: [GC cleanup 3867M->3867M(14336M), 0.0086486 secs]
 [Times: user=0.07 sys=0.00, real=0.01 secs] 
2022-07-25T13:08:07.780-0700: 316659.285: [GC pause (G1 Evacuation Pause) (young), 0.0367865 secs]
   [Parallel Time: 32.1 ms, GC Workers: 8]
      [GC Worker Start (ms): Min: 316659284.8, Avg: 316659284.9, Max: 316659284.9, Diff: 0.2]
      [Ext Root Scanning (ms): Min: 1.0, Avg: 1.8, Max: 5.6, Diff: 4.6, Sum: 14.3]
      [Update RS (ms): Min: 11.7, Avg: 15.3, Max: 16.0, Diff: 4.3, Sum: 122.4]
         [Processed Buffers: Min: 30, Avg: 32.8, Max: 36, Diff: 6, Sum: 262]
      [Scan RS (ms): Min: 0.7, Avg: 1.0, Max: 1.6, Diff: 0.9, Sum: 8.1]
      [Code Root Scanning (ms): Min: 0.0, Avg: 0.0, Max: 0.0, Diff: 0.0, Sum: 0.0]
      [Object Copy (ms): Min: 12.9, Avg: 13.7, Max: 14.0, Diff: 1.1, Sum: 109.7]
      [Termination (ms): Min: 0.0, Avg: 0.0, Max: 0.0, Diff: 0.0, Sum: 0.0]
         [Termination Attempts: Min: 1, Avg: 14.2, Max: 20, Diff: 19, Sum: 114]
      [GC Worker Other (ms): Min: 0.0, Avg: 0.1, Max: 0.1, Diff: 0.1, Sum: 0.4]
      [GC Worker Total (ms): Min: 31.8, Avg: 31.9, Max: 32.0, Diff: 0.2, Sum: 255.0]
      [GC Worker End (ms): Min: 316659316.7, Avg: 316659316.8, Max: 316659316.8, Diff: 0.1]
   [Code Root Fixup: 0.0 ms]
   [Code Root Purge: 0.0 ms]
   [Clear CT: 0.8 ms]
   [Other: 3.9 ms]
      [Choose CSet: 0.0 ms]
      [Ref Proc: 3.2 ms]
      [Ref Enq: 0.1 ms]
      [Redirty Cards: 0.1 ms]
      [Humongous Register: 0.1 ms]
      [Humongous Reclaim: 0.0 ms]
      [Free CSet: 0.3 ms]
   [Eden: 7040.0M(7040.0M)->0.0B(5648.0M) Survivors: 128.0M->81920.0K Heap: 10699.8M(14336.0M)->3677.9M(14336.0M)]
 [Times: user=0.27 sys=0.00, real=0.04 secs] 
2022-07-25T13:09:56.920-0700: 316768.425: [GC pause (G1 Evacuation Pause) (mixed), 0.0566083 secs]
   [Parallel Time: 51.8 ms, GC Workers: 8]
      [GC Worker Start (ms): Min: 316768425.4, Avg: 316768425.5, Max: 316768425.6, Diff: 0.1]
      [Ext Root Scanning (ms): Min: 0.9, Avg: 1.8, Max: 6.2, Diff: 5.2, Sum: 14.1]
      [Update RS (ms): Min: 0.3, Avg: 4.5, Max: 5.5, Diff: 5.1, Sum: 36.4]
         [Processed Buffers: Min: 1, Avg: 19.6, Max: 26, Diff: 25, Sum: 157]
      [Scan RS (ms): Min: 3.3, Avg: 3.6, Max: 3.7, Diff: 0.3, Sum: 28.4]
      [Code Root Scanning (ms): Min: 0.0, Avg: 0.0, Max: 0.0, Diff: 0.0, Sum: 0.1]
      [Object Copy (ms): Min: 41.3, Avg: 41.5, Max: 41.6, Diff: 0.3, Sum: 332.0]
      [Termination (ms): Min: 0.0, Avg: 0.0, Max: 0.0, Diff: 0.0, Sum: 0.0]
         [Termination Attempts: Min: 1, Avg: 1.1, Max: 2, Diff: 1, Sum: 9]
      [GC Worker Other (ms): Min: 0.0, Avg: 0.1, Max: 0.1, Diff: 0.1, Sum: 0.4]
      [GC Worker Total (ms): Min: 51.4, Avg: 51.4, Max: 51.5, Diff: 0.2, Sum: 411.4]
      [GC Worker End (ms): Min: 316768476.9, Avg: 316768476.9, Max: 316768477.0, Diff: 0.1]
   [Code Root Fixup: 0.0 ms]
   [Code Root Purge: 0.0 ms]
   [Clear CT: 0.9 ms]
   [Other: 4.0 ms]
      [Choose CSet: 0.1 ms]
      [Ref Proc: 2.9 ms]
      [Ref Enq: 0.1 ms]
      [Redirty Cards: 0.3 ms]
      [Humongous Register: 0.1 ms]
      [Humongous Reclaim: 0.0 ms]
      [Free CSet: 0.3 ms]
   [Eden: 5648.0M(5648.0M)->0.0B(7104.0M) Survivors: 81920.0K->65536.0K Heap: 9325.9M(14336.0M)->3519.5M(14336.0M)]
 [Times: user=0.40 sys=0.00, real=0.06 secs] 
2022-07-25T13:11:57.517-0700: 316889.022: [GC pause (G1 Evacuation Pause) (young), 0.0250052 secs]
   [Parallel Time: 22.2 ms, GC Workers: 8]
      [GC Worker Start (ms): Min: 316889022.4, Avg: 316889022.4, Max: 316889022.5, Diff: 0.1]
      [Ext Root Scanning (ms): Min: 1.3, Avg: 2.0, Max: 4.7, Diff: 3.3, Sum: 15.8]
      [Update RS (ms): Min: 7.1, Avg: 9.5, Max: 10.0, Diff: 2.8, Sum: 75.9]
         [Processed Buffers: Min: 20, Avg: 27.1, Max: 33, Diff: 13, Sum: 217]
      [Scan RS (ms): Min: 0.3, Avg: 0.5, Max: 0.7, Diff: 0.4, Sum: 4.1]
      [Code Root Scanning (ms): Min: 0.0, Avg: 0.0, Max: 0.0, Diff: 0.0, Sum: 0.0]
      [Object Copy (ms): Min: 9.4, Avg: 9.7, Max: 9.9, Diff: 0.5, Sum: 77.8]
      [Termination (ms): Min: 0.0, Avg: 0.0, Max: 0.0, Diff: 0.0, Sum: 0.0]
         [Termination Attempts: Min: 1, Avg: 1.0, Max: 1, Diff: 0, Sum: 8]
      [GC Worker Other (ms): Min: 0.0, Avg: 0.1, Max: 0.1, Diff: 0.1, Sum: 0.6]
      [GC Worker Total (ms): Min: 21.7, Avg: 21.8, Max: 21.8, Diff: 0.1, Sum: 174.2]
      [GC Worker End (ms): Min: 316889044.2, Avg: 316889044.2, Max: 316889044.3, Diff: 0.1]
   [Code Root Fixup: 0.0 ms]
   [Code Root Purge: 0.0 ms]
   [Clear CT: 0.7 ms]
   [Other: 2.1 ms]
      [Choose CSet: 0.0 ms]
      [Ref Proc: 1.4 ms]
      [Ref Enq: 0.1 ms]
      [Redirty Cards: 0.1 ms]
      [Humongous Register: 0.1 ms]
      [Humongous Reclaim: 0.0 ms]
      [Free CSet: 0.3 ms]
   [Eden: 7104.0M(7104.0M)->0.0B(7120.0M) Survivors: 65536.0K->49152.0K Heap: 10623.5M(14336.0M)->3582.6M(14336.0M)]
 [Times: user=0.19 sys=0.00, real=0.02 secs] 
2022-07-25T13:13:49.368-0700: 317000.873: [GC pause (G1 Evacuation Pause) (young) (initial-mark), 0.0327357 secs]
   [Parallel Time: 29.4 ms, GC Workers: 8]
      [GC Worker Start (ms): Min: 317000875.0, Avg: 317000875.1, Max: 317000875.2, Diff: 0.2]
      [Ext Root Scanning (ms): Min: 5.3, Avg: 5.7, Max: 6.1, Diff: 0.8, Sum: 45.5]
      [Update RS (ms): Min: 7.6, Avg: 7.8, Max: 8.0, Diff: 0.4, Sum: 62.4]
         [Processed Buffers: Min: 17, Avg: 21.6, Max: 28, Diff: 11, Sum: 173]
      [Scan RS (ms): Min: 0.0, Avg: 0.0, Max: 0.2, Diff: 0.1, Sum: 0.4]
      [Code Root Scanning (ms): Min: 0.0, Avg: 0.0, Max: 0.0, Diff: 0.0, Sum: 0.0]
      [Object Copy (ms): Min: 13.4, Avg: 13.8, Max: 14.2, Diff: 0.8, Sum: 110.3]
      [Termination (ms): Min: 0.0, Avg: 0.0, Max: 0.0, Diff: 0.0, Sum: 0.0]
         [Termination Attempts: Min: 1, Avg: 1.0, Max: 1, Diff: 0, Sum: 8]
      [GC Worker Other (ms): Min: 0.0, Avg: 0.1, Max: 0.1, Diff: 0.1, Sum: 0.4]
      [GC Worker Total (ms): Min: 27.3, Avg: 27.4, Max: 27.5, Diff: 0.2, Sum: 219.0]
      [GC Worker End (ms): Min: 317000902.4, Avg: 317000902.5, Max: 317000902.5, Diff: 0.1]
   [Code Root Fixup: 0.0 ms]
   [Code Root Purge: 0.0 ms]
   [Clear CT: 0.7 ms]
   [Other: 2.6 ms]
      [Choose CSet: 0.0 ms]
      [Ref Proc: 1.8 ms]
      [Ref Enq: 0.1 ms]
      [Redirty Cards: 0.1 ms]
      [Humongous Register: 0.0 ms]
      [Humongous Reclaim: 0.0 ms]
      [Free CSet: 0.3 ms]
   [Eden: 7120.0M(7120.0M)->0.0B(7088.0M) Survivors: 49152.0K->81920.0K Heap: 10702.6M(14336.0M)->3658.7M(14336.0M)]
 [Times: user=0.23 sys=0.00, real=0.03 secs] 
2022-07-25T13:13:49.401-0700: 317000.906: [GC concurrent-root-region-scan-start]
2022-07-25T13:13:49.414-0700: 317000.919: [GC concurrent-root-region-scan-end, 0.0132659 secs]
2022-07-25T13:13:49.414-0700: 317000.919: [GC concurrent-mark-start]
2022-07-25T13:13:51.912-0700: 317003.417: [GC concurrent-mark-end, 2.4980788 secs]
2022-07-25T13:13:51.913-0700: 317003.417: [GC remark 2022-07-25T13:13:51.913-0700: 317003.417: [Finalize Marking, 0.0004552 secs] 2022-07-25T13:13:51.913-0700: 317003.418: [GC ref-proc, 0.0057559 secs] 2022-07-25T13:13:51.919-0700: 317003.424: [Unloading, 0.0278318 secs], 0.0393802 secs]
 [Times: user=0.25 sys=0.00, real=0.04 secs] 
2022-07-25T13:13:51.952-0700: 317003.457: [GC cleanup 3796M->3796M(14336M), 0.0083085 secs]
 [Times: user=0.06 sys=0.00, real=0.01 secs] 
2022-07-25T13:15:47.360-0700: 317118.865: [GC pause (G1 Evacuation Pause) (young), 0.0289149 secs]
   [Parallel Time: 24.2 ms, GC Workers: 8]
      [GC Worker Start (ms): Min: 317118865.3, Avg: 317118865.4, Max: 317118865.5, Diff: 0.2]
      [Ext Root Scanning (ms): Min: 1.2, Avg: 2.0, Max: 5.6, Diff: 4.4, Sum: 15.8]
      [Update RS (ms): Min: 6.4, Avg: 9.5, Max: 10.3, Diff: 3.9, Sum: 76.1]
         [Processed Buffers: Min: 16, Avg: 26.1, Max: 38, Diff: 22, Sum: 209]
      [Scan RS (ms): Min: 0.0, Avg: 0.0, Max: 0.1, Diff: 0.1, Sum: 0.4]
      [Code Root Scanning (ms): Min: 0.0, Avg: 0.0, Max: 0.0, Diff: 0.0, Sum: 0.0]
      [Object Copy (ms): Min: 11.9, Avg: 12.2, Max: 12.4, Diff: 0.5, Sum: 97.8]
      [Termination (ms): Min: 0.0, Avg: 0.0, Max: 0.0, Diff: 0.0, Sum: 0.0]
         [Termination Attempts: Min: 1, Avg: 2.2, Max: 4, Diff: 3, Sum: 18]
      [GC Worker Other (ms): Min: 0.0, Avg: 0.1, Max: 0.1, Diff: 0.1, Sum: 0.6]
      [GC Worker Total (ms): Min: 23.7, Avg: 23.9, Max: 23.9, Diff: 0.2, Sum: 190.8]
      [GC Worker End (ms): Min: 317118889.2, Avg: 317118889.3, Max: 317118889.3, Diff: 0.1]
   [Code Root Fixup: 0.0 ms]
   [Code Root Purge: 0.0 ms]
   [Clear CT: 0.8 ms]
   [Other: 4.0 ms]
      [Choose CSet: 0.0 ms]
      [Ref Proc: 3.3 ms]
      [Ref Enq: 0.1 ms]
      [Redirty Cards: 0.1 ms]
      [Humongous Register: 0.1 ms]
      [Humongous Reclaim: 0.0 ms]
      [Free CSet: 0.3 ms]
   [Eden: 7088.0M(7088.0M)->0.0B(5664.0M) Survivors: 81920.0K->65536.0K Heap: 10746.7M(14336.0M)->3682.4M(14336.0M)]
 [Times: user=0.21 sys=0.00, real=0.03 secs] 
2022-07-25T13:17:01.321-0700: 317192.826: [GC pause (G1 Evacuation Pause) (mixed), 0.0538759 secs]
   [Parallel Time: 49.5 ms, GC Workers: 8]
      [GC Worker Start (ms): Min: 317192826.4, Avg: 317192826.5, Max: 317192826.5, Diff: 0.1]
      [Ext Root Scanning (ms): Min: 0.9, Avg: 1.8, Max: 6.2, Diff: 5.3, Sum: 14.2]
      [Update RS (ms): Min: 4.0, Avg: 8.3, Max: 9.0, Diff: 5.0, Sum: 66.0]
         [Processed Buffers: Min: 17, Avg: 29.8, Max: 35, Diff: 18, Sum: 238]
      [Scan RS (ms): Min: 2.6, Avg: 3.1, Max: 4.5, Diff: 1.9, Sum: 24.7]
      [Code Root Scanning (ms): Min: 0.0, Avg: 0.0, Max: 0.1, Diff: 0.1, Sum: 0.2]
      [Object Copy (ms): Min: 34.8, Avg: 36.1, Max: 36.5, Diff: 1.7, Sum: 288.8]
      [Termination (ms): Min: 0.0, Avg: 0.0, Max: 0.0, Diff: 0.0, Sum: 0.1]
         [Termination Attempts: Min: 1, Avg: 37.9, Max: 60, Diff: 59, Sum: 303]
      [GC Worker Other (ms): Min: 0.0, Avg: 0.0, Max: 0.1, Diff: 0.0, Sum: 0.3]
      [GC Worker Total (ms): Min: 49.2, Avg: 49.3, Max: 49.3, Diff: 0.1, Sum: 394.2]
      [GC Worker End (ms): Min: 317192875.7, Avg: 317192875.7, Max: 317192875.7, Diff: 0.0]
   [Code Root Fixup: 0.0 ms]
   [Code Root Purge: 0.0 ms]
   [Clear CT: 0.9 ms]
   [Other: 3.5 ms]
      [Choose CSet: 0.1 ms]
      [Ref Proc: 2.5 ms]
      [Ref Enq: 0.1 ms]
      [Redirty Cards: 0.2 ms]
      [Humongous Register: 0.0 ms]
      [Humongous Reclaim: 0.0 ms]
      [Free CSet: 0.3 ms]
   [Eden: 5664.0M(5664.0M)->0.0B(7088.0M) Survivors: 65536.0K->81920.0K Heap: 9346.4M(14336.0M)->3492.1M(14336.0M)]
 [Times: user=0.41 sys=0.00, real=0.06 secs] 
2022-07-25T13:19:00.405-0700: 317311.910: [GC pause (G1 Evacuation Pause) (young), 0.0438433 secs]
   [Parallel Time: 39.4 ms, GC Workers: 8]
      [GC Worker Start (ms): Min: 317311910.1, Avg: 317311910.2, Max: 317311910.3, Diff: 0.2]
      [Ext Root Scanning (ms): Min: 1.2, Avg: 2.0, Max: 5.6, Diff: 4.4, Sum: 16.1]
      [Update RS (ms): Min: 11.3, Avg: 14.5, Max: 15.1, Diff: 3.8, Sum: 116.1]
         [Processed Buffers: Min: 30, Avg: 34.4, Max: 43, Diff: 13, Sum: 275]
      [Scan RS (ms): Min: 0.6, Avg: 0.7, Max: 1.1, Diff: 0.5, Sum: 5.8]
      [Code Root Scanning (ms): Min: 0.0, Avg: 0.0, Max: 0.0, Diff: 0.0, Sum: 0.0]
      [Object Copy (ms): Min: 21.5, Avg: 21.7, Max: 21.8, Diff: 0.3, Sum: 173.7]
      [Termination (ms): Min: 0.0, Avg: 0.0, Max: 0.0, Diff: 0.0, Sum: 0.0]
         [Termination Attempts: Min: 1, Avg: 1.0, Max: 1, Diff: 0, Sum: 8]
      [GC Worker Other (ms): Min: 0.0, Avg: 0.1, Max: 0.1, Diff: 0.1, Sum: 0.4]
      [GC Worker Total (ms): Min: 38.9, Avg: 39.0, Max: 39.1, Diff: 0.2, Sum: 312.1]
      [GC Worker End (ms): Min: 317311949.2, Avg: 317311949.2, Max: 317311949.3, Diff: 0.1]
   [Code Root Fixup: 0.0 ms]
   [Code Root Purge: 0.0 ms]
   [Clear CT: 0.8 ms]
   [Other: 3.6 ms]
      [Choose CSet: 0.0 ms]
      [Ref Proc: 2.9 ms]
      [Ref Enq: 0.1 ms]
      [Redirty Cards: 0.1 ms]
      [Humongous Register: 0.1 ms]
      [Humongous Reclaim: 0.0 ms]
      [Free CSet: 0.3 ms]
   [Eden: 7088.0M(7088.0M)->0.0B(7040.0M) Survivors: 81920.0K->128.0M Heap: 10580.1M(14336.0M)->3604.8M(14336.0M)]
 [Times: user=0.32 sys=0.00, real=0.04 secs] 
2022-07-25T13:20:12.512-0700: 317384.017: [GC pause (G1 Evacuation Pause) (young) (initial-mark), 0.0852857 secs]
   [Parallel Time: 82.1 ms, GC Workers: 8]
      [GC Worker Start (ms): Min: 317384019.2, Avg: 317384019.2, Max: 317384019.3, Diff: 0.1]
      [Ext Root Scanning (ms): Min: 5.2, Avg: 5.5, Max: 6.0, Diff: 0.8, Sum: 44.3]
      [Update RS (ms): Min: 16.1, Avg: 16.2, Max: 16.5, Diff: 0.4, Sum: 129.9]
         [Processed Buffers: Min: 30, Avg: 31.9, Max: 36, Diff: 6, Sum: 255]
      [Scan RS (ms): Min: 0.0, Avg: 0.2, Max: 1.0, Diff: 1.0, Sum: 1.3]
      [Code Root Scanning (ms): Min: 0.0, Avg: 0.0, Max: 0.0, Diff: 0.0, Sum: 0.0]
      [Object Copy (ms): Min: 57.4, Avg: 58.0, Max: 58.5, Diff: 1.1, Sum: 463.8]
      [Termination (ms): Min: 0.0, Avg: 0.0, Max: 0.0, Diff: 0.0, Sum: 0.0]
         [Termination Attempts: Min: 1, Avg: 1.0, Max: 1, Diff: 0, Sum: 8]
      [GC Worker Other (ms): Min: 0.0, Avg: 0.0, Max: 0.1, Diff: 0.1, Sum: 0.4]
      [GC Worker Total (ms): Min: 79.9, Avg: 80.0, Max: 80.0, Diff: 0.1, Sum: 639.7]
      [GC Worker End (ms): Min: 317384099.2, Avg: 317384099.2, Max: 317384099.2, Diff: 0.1]
   [Code Root Fixup: 0.0 ms]
   [Code Root Purge: 0.0 ms]
   [Clear CT: 0.8 ms]
   [Other: 2.4 ms]
      [Choose CSet: 0.0 ms]
      [Ref Proc: 1.6 ms]
      [Ref Enq: 0.1 ms]
      [Redirty Cards: 0.2 ms]
      [Humongous Register: 0.0 ms]
      [Humongous Reclaim: 0.0 ms]
      [Free CSet: 0.3 ms]
   [Eden: 7040.0M(7040.0M)->0.0B(6944.0M) Survivors: 128.0M->224.0M Heap: 10644.8M(14336.0M)->3824.3M(14336.0M)]
 [Times: user=0.64 sys=0.00, real=0.09 secs] 
2022-07-25T13:20:12.598-0700: 317384.102: [GC concurrent-root-region-scan-start]
2022-07-25T13:20:12.650-0700: 317384.155: [GC concurrent-root-region-scan-end, 0.0526525 secs]
2022-07-25T13:20:12.650-0700: 317384.155: [GC concurrent-mark-start]
2022-07-25T13:20:15.205-0700: 317386.710: [GC concurrent-mark-end, 2.5548862 secs]
2022-07-25T13:20:15.206-0700: 317386.710: [GC remark 2022-07-25T13:20:15.206-0700: 317386.710: [Finalize Marking, 0.0002562 secs] 2022-07-25T13:20:15.206-0700: 317386.711: [GC ref-proc, 0.0110424 secs] 2022-07-25T13:20:15.217-0700: 317386.722: [Unloading, 0.0268784 secs], 0.0434084 secs]
 [Times: user=0.25 sys=0.00, real=0.04 secs] 
2022-07-25T13:20:15.249-0700: 317386.754: [GC cleanup 4064M->4064M(14336M), 0.0087690 secs]
 [Times: user=0.06 sys=0.00, real=0.01 secs] 
2022-07-25T13:21:59.816-0700: 317491.321: [GC pause (G1 Evacuation Pause) (young), 0.0646018 secs]
   [Parallel Time: 61.6 ms, GC Workers: 8]
      [GC Worker Start (ms): Min: 317491321.3, Avg: 317491321.4, Max: 317491321.4, Diff: 0.1]
      [Ext Root Scanning (ms): Min: 1.4, Avg: 2.2, Max: 5.1, Diff: 3.7, Sum: 17.4]
      [Update RS (ms): Min: 9.5, Avg: 12.2, Max: 12.9, Diff: 3.4, Sum: 97.5]
         [Processed Buffers: Min: 15, Avg: 33.2, Max: 46, Diff: 31, Sum: 266]
      [Scan RS (ms): Min: 0.0, Avg: 0.0, Max: 0.1, Diff: 0.1, Sum: 0.4]
      [Code Root Scanning (ms): Min: 0.0, Avg: 0.0, Max: 0.0, Diff: 0.0, Sum: 0.0]
      [Object Copy (ms): Min: 46.6, Avg: 46.9, Max: 47.2, Diff: 0.5, Sum: 375.5]
      [Termination (ms): Min: 0.0, Avg: 0.0, Max: 0.0, Diff: 0.0, Sum: 0.0]
         [Termination Attempts: Min: 1, Avg: 1.2, Max: 2, Diff: 1, Sum: 10]
      [GC Worker Other (ms): Min: 0.0, Avg: 0.1, Max: 0.1, Diff: 0.1, Sum: 0.5]
      [GC Worker Total (ms): Min: 61.3, Avg: 61.4, Max: 61.5, Diff: 0.2, Sum: 491.3]
      [GC Worker End (ms): Min: 317491382.7, Avg: 317491382.8, Max: 317491382.8, Diff: 0.1]
   [Code Root Fixup: 0.0 ms]
   [Code Root Purge: 0.0 ms]
   [Clear CT: 0.7 ms]
   [Other: 2.3 ms]
      [Choose CSet: 0.0 ms]
      [Ref Proc: 1.5 ms]
      [Ref Enq: 0.1 ms]
      [Redirty Cards: 0.2 ms]
      [Humongous Register: 0.1 ms]
      [Humongous Reclaim: 0.0 ms]
      [Free CSet: 0.3 ms]
   [Eden: 6944.0M(6944.0M)->0.0B(5664.0M) Survivors: 224.0M->65536.0K Heap: 10768.3M(14336.0M)->3868.0M(14336.0M)]
 [Times: user=0.49 sys=0.00, real=0.06 secs] 
2022-07-25T13:23:22.819-0700: 317574.324: [GC pause (G1 Evacuation Pause) (mixed), 0.1139599 secs]
   [Parallel Time: 108.2 ms, GC Workers: 8]
      [GC Worker Start (ms): Min: 317574324.5, Avg: 317574324.6, Max: 317574324.7, Diff: 0.2]
      [Ext Root Scanning (ms): Min: 1.3, Avg: 2.2, Max: 6.8, Diff: 5.5, Sum: 17.7]
      [Update RS (ms): Min: 3.1, Avg: 9.7, Max: 17.5, Diff: 14.4, Sum: 77.4]
         [Processed Buffers: Min: 11, Avg: 27.6, Max: 43, Diff: 32, Sum: 221]
      [Scan RS (ms): Min: 7.5, Avg: 14.5, Max: 17.1, Diff: 9.5, Sum: 116.3]
      [Code Root Scanning (ms): Min: 0.0, Avg: 0.0, Max: 0.0, Diff: 0.0, Sum: 0.1]
      [Object Copy (ms): Min: 80.5, Avg: 81.2, Max: 81.6, Diff: 1.1, Sum: 649.4]
      [Termination (ms): Min: 0.0, Avg: 0.4, Max: 0.7, Diff: 0.7, Sum: 3.1]
         [Termination Attempts: Min: 1, Avg: 2.1, Max: 3, Diff: 2, Sum: 17]
      [GC Worker Other (ms): Min: 0.0, Avg: 0.0, Max: 0.0, Diff: 0.0, Sum: 0.1]
      [GC Worker Total (ms): Min: 107.9, Avg: 108.0, Max: 108.1, Diff: 0.2, Sum: 864.3]
      [GC Worker End (ms): Min: 317574432.6, Avg: 317574432.7, Max: 317574432.7, Diff: 0.0]
   [Code Root Fixup: 0.0 ms]
   [Code Root Purge: 0.0 ms]
   [Clear CT: 0.9 ms]
   [Other: 4.9 ms]
      [Choose CSet: 0.1 ms]
      [Ref Proc: 3.6 ms]
      [Ref Enq: 0.1 ms]
      [Redirty Cards: 0.3 ms]
      [Humongous Register: 0.1 ms]
      [Humongous Reclaim: 0.0 ms]
      [Free CSet: 0.5 ms]
   [Eden: 5664.0M(5664.0M)->0.0B(7072.0M) Survivors: 65536.0K->98304.0K Heap: 9532.0M(14336.0M)->3612.4M(14336.0M)]
 [Times: user=0.48 sys=0.02, real=0.11 secs] 
2022-07-25T13:25:05.914-0700: 317677.419: [GC pause (G1 Evacuation Pause) (young), 0.0512847 secs]
   [Parallel Time: 48.2 ms, GC Workers: 8]
      [GC Worker Start (ms): Min: 317677419.1, Avg: 317677419.1, Max: 317677419.2, Diff: 0.2]
      [Ext Root Scanning (ms): Min: 1.3, Avg: 2.1, Max: 5.6, Diff: 4.3, Sum: 16.8]
      [Update RS (ms): Min: 16.5, Avg: 19.6, Max: 20.4, Diff: 3.9, Sum: 156.5]
         [Processed Buffers: Min: 24, Avg: 28.1, Max: 34, Diff: 10, Sum: 225]
      [Scan RS (ms): Min: 16.8, Avg: 17.0, Max: 17.5, Diff: 0.7, Sum: 136.3]
      [Code Root Scanning (ms): Min: 0.0, Avg: 0.0, Max: 0.0, Diff: 0.0, Sum: 0.0]
      [Object Copy (ms): Min: 8.5, Avg: 9.3, Max: 9.5, Diff: 1.0, Sum: 74.3]
      [Termination (ms): Min: 0.0, Avg: 0.0, Max: 0.0, Diff: 0.0, Sum: 0.0]
         [Termination Attempts: Min: 1, Avg: 1.0, Max: 1, Diff: 0, Sum: 8]
      [GC Worker Other (ms): Min: 0.0, Avg: 0.1, Max: 0.1, Diff: 0.1, Sum: 0.6]
      [GC Worker Total (ms): Min: 47.9, Avg: 48.1, Max: 48.2, Diff: 0.2, Sum: 384.5]
      [GC Worker End (ms): Min: 317677467.2, Avg: 317677467.2, Max: 317677467.2, Diff: 0.1]
   [Code Root Fixup: 0.0 ms]
   [Code Root Purge: 0.0 ms]
   [Clear CT: 0.9 ms]
   [Other: 2.2 ms]
      [Choose CSet: 0.0 ms]
      [Ref Proc: 1.4 ms]
      [Ref Enq: 0.1 ms]
      [Redirty Cards: 0.2 ms]
      [Humongous Register: 0.1 ms]
      [Humongous Reclaim: 0.0 ms]
      [Free CSet: 0.3 ms]
   [Eden: 7072.0M(7072.0M)->0.0B(7136.0M) Survivors: 98304.0K->32768.0K Heap: 10684.4M(14336.0M)->3617.9M(14336.0M)]
 [Times: user=0.39 sys=0.00, real=0.06 secs] 
2022-07-25T13:26:54.109-0700: 317785.614: [GC pause (G1 Evacuation Pause) (young) (initial-mark), 0.0246029 secs]
   [Parallel Time: 19.7 ms, GC Workers: 8]
      [GC Worker Start (ms): Min: 317785616.2, Avg: 317785616.3, Max: 317785616.4, Diff: 0.2]
      [Ext Root Scanning (ms): Min: 6.2, Avg: 6.6, Max: 7.2, Diff: 1.0, Sum: 52.8]
      [Update RS (ms): Min: 6.5, Avg: 6.6, Max: 6.7, Diff: 0.3, Sum: 52.6]
         [Processed Buffers: Min: 19, Avg: 24.0, Max: 35, Diff: 16, Sum: 192]
      [Scan RS (ms): Min: 0.2, Avg: 0.4, Max: 0.5, Diff: 0.2, Sum: 2.9]
      [Code Root Scanning (ms): Min: 0.0, Avg: 0.0, Max: 0.1, Diff: 0.1, Sum: 0.1]
      [Object Copy (ms): Min: 3.2, Avg: 3.7, Max: 4.1, Diff: 1.0, Sum: 29.8]
      [Termination (ms): Min: 0.0, Avg: 0.0, Max: 0.0, Diff: 0.0, Sum: 0.0]
         [Termination Attempts: Min: 1, Avg: 1.9, Max: 4, Diff: 3, Sum: 15]
      [GC Worker Other (ms): Min: 0.0, Avg: 0.1, Max: 0.2, Diff: 0.2, Sum: 0.6]
      [GC Worker Total (ms): Min: 17.2, Avg: 17.4, Max: 17.4, Diff: 0.2, Sum: 138.8]
      [GC Worker End (ms): Min: 317785633.6, Avg: 317785633.6, Max: 317785633.7, Diff: 0.1]
   [Code Root Fixup: 0.0 ms]
   [Code Root Purge: 0.0 ms]
   [Clear CT: 0.8 ms]
   [Other: 4.1 ms]
      [Choose CSet: 0.0 ms]
      [Ref Proc: 3.4 ms]
      [Ref Enq: 0.1 ms]
      [Redirty Cards: 0.1 ms]
      [Humongous Register: 0.0 ms]
      [Humongous Reclaim: 0.0 ms]
      [Free CSet: 0.3 ms]
   [Eden: 7136.0M(7136.0M)->0.0B(7152.0M) Survivors: 32768.0K->16384.0K Heap: 10753.9M(14336.0M)->3628.2M(14336.0M)]
 [Times: user=0.14 sys=0.00, real=0.02 secs] 
2022-07-25T13:26:54.134-0700: 317785.639: [GC concurrent-root-region-scan-start]
2022-07-25T13:26:54.145-0700: 317785.650: [GC concurrent-root-region-scan-end, 0.0109989 secs]
2022-07-25T13:26:54.145-0700: 317785.650: [GC concurrent-mark-start]
2022-07-25T13:26:56.708-0700: 317788.213: [GC concurrent-mark-end, 2.5634156 secs]
2022-07-25T13:26:56.709-0700: 317788.213: [GC remark 2022-07-25T13:26:56.709-0700: 317788.214: [Finalize Marking, 0.0002705 secs] 2022-07-25T13:26:56.709-0700: 317788.214: [GC ref-proc, 0.0066678 secs] 2022-07-25T13:26:56.716-0700: 317788.221: [Unloading, 0.0265360 secs], 0.0390411 secs]
 [Times: user=0.25 sys=0.00, real=0.04 secs] 
2022-07-25T13:26:56.748-0700: 317788.253: [GC cleanup 3836M->3836M(14336M), 0.0095491 secs]
 [Times: user=0.06 sys=0.00, real=0.01 secs] 
2022-07-25T13:28:36.528-0700: 317888.033: [GC pause (G1 Evacuation Pause) (young), 0.0151471 secs]
   [Parallel Time: 10.8 ms, GC Workers: 8]
      [GC Worker Start (ms): Min: 317888032.9, Avg: 317888033.0, Max: 317888033.0, Diff: 0.1]
      [Ext Root Scanning (ms): Min: 1.1, Avg: 1.9, Max: 5.5, Diff: 4.4, Sum: 15.0]
      [Update RS (ms): Min: 1.3, Avg: 4.7, Max: 5.6, Diff: 4.2, Sum: 37.3]
         [Processed Buffers: Min: 7, Avg: 15.5, Max: 26, Diff: 19, Sum: 124]
      [Scan RS (ms): Min: 0.0, Avg: 0.0, Max: 0.1, Diff: 0.1, Sum: 0.4]
      [Code Root Scanning (ms): Min: 0.0, Avg: 0.0, Max: 0.1, Diff: 0.1, Sum: 0.1]
      [Object Copy (ms): Min: 3.3, Avg: 3.7, Max: 4.0, Diff: 0.7, Sum: 29.9]
      [Termination (ms): Min: 0.0, Avg: 0.0, Max: 0.0, Diff: 0.0, Sum: 0.0]
         [Termination Attempts: Min: 1, Avg: 1.0, Max: 1, Diff: 0, Sum: 8]
      [GC Worker Other (ms): Min: 0.0, Avg: 0.1, Max: 0.2, Diff: 0.2, Sum: 0.6]
      [GC Worker Total (ms): Min: 10.3, Avg: 10.4, Max: 10.6, Diff: 0.3, Sum: 83.4]
      [GC Worker End (ms): Min: 317888043.3, Avg: 317888043.4, Max: 317888043.5, Diff: 0.2]
   [Code Root Fixup: 0.0 ms]
   [Code Root Purge: 0.0 ms]
   [Clear CT: 0.7 ms]
   [Other: 3.6 ms]
      [Choose CSet: 0.0 ms]
      [Ref Proc: 2.9 ms]
      [Ref Enq: 0.1 ms]
      [Redirty Cards: 0.1 ms]
      [Humongous Register: 0.0 ms]
      [Humongous Reclaim: 0.0 ms]
      [Free CSet: 0.3 ms]
   [Eden: 7152.0M(7152.0M)->0.0B(5712.0M) Survivors: 16384.0K->16384.0K Heap: 10780.2M(14336.0M)->3638.2M(14336.0M)]
 [Times: user=0.08 sys=0.01, real=0.02 secs] 
2022-07-25T13:30:02.815-0700: 317974.319: [GC pause (G1 Evacuation Pause) (mixed), 0.0628154 secs]
   [Parallel Time: 58.5 ms, GC Workers: 8]
      [GC Worker Start (ms): Min: 317974319.7, Avg: 317974319.8, Max: 317974319.9, Diff: 0.1]
      [Ext Root Scanning (ms): Min: 1.2, Avg: 2.2, Max: 6.9, Diff: 5.7, Sum: 17.4]
      [Update RS (ms): Min: 0.0, Avg: 3.0, Max: 3.6, Diff: 3.6, Sum: 24.0]
         [Processed Buffers: Min: 0, Avg: 11.9, Max: 20, Diff: 20, Sum: 95]
      [Scan RS (ms): Min: 14.8, Avg: 16.0, Max: 16.4, Diff: 1.6, Sum: 128.4]
      [Code Root Scanning (ms): Min: 0.0, Avg: 0.1, Max: 0.3, Diff: 0.3, Sum: 0.7]
      [Object Copy (ms): Min: 36.4, Avg: 36.8, Max: 36.9, Diff: 0.5, Sum: 294.3]
      [Termination (ms): Min: 0.0, Avg: 0.0, Max: 0.0, Diff: 0.0, Sum: 0.0]
         [Termination Attempts: Min: 1, Avg: 10.2, Max: 17, Diff: 16, Sum: 82]
      [GC Worker Other (ms): Min: 0.0, Avg: 0.1, Max: 0.2, Diff: 0.2, Sum: 0.7]
      [GC Worker Total (ms): Min: 58.1, Avg: 58.2, Max: 58.3, Diff: 0.2, Sum: 465.6]
      [GC Worker End (ms): Min: 317974377.9, Avg: 317974378.0, Max: 317974378.1, Diff: 0.2]
   [Code Root Fixup: 0.0 ms]
   [Code Root Purge: 0.0 ms]
   [Clear CT: 1.1 ms]
   [Other: 3.2 ms]
      [Choose CSet: 0.1 ms]
      [Ref Proc: 2.1 ms]
      [Ref Enq: 0.1 ms]
      [Redirty Cards: 0.3 ms]
      [Humongous Register: 0.1 ms]
      [Humongous Reclaim: 0.0 ms]
      [Free CSet: 0.4 ms]
   [Eden: 5712.0M(5712.0M)->0.0B(7152.0M) Survivors: 16384.0K->16384.0K Heap: 9350.2M(14336.0M)->3416.2M(14336.0M)]
 [Times: user=0.44 sys=0.00, real=0.06 secs] 
2022-07-25T13:31:52.518-0700: 318084.022: [GC pause (G1 Evacuation Pause) (young), 0.0200642 secs]
   [Parallel Time: 16.8 ms, GC Workers: 8]
      [GC Worker Start (ms): Min: 318084022.6, Avg: 318084022.7, Max: 318084022.8, Diff: 0.2]
      [Ext Root Scanning (ms): Min: 1.4, Avg: 2.2, Max: 5.2, Diff: 3.8, Sum: 17.4]
      [Update RS (ms): Min: 5.9, Avg: 8.5, Max: 9.6, Diff: 3.8, Sum: 68.0]
         [Processed Buffers: Min: 20, Avg: 25.0, Max: 37, Diff: 17, Sum: 200]
      [Scan RS (ms): Min: 0.0, Avg: 0.3, Max: 0.5, Diff: 0.5, Sum: 2.5]
      [Code Root Scanning (ms): Min: 0.0, Avg: 0.0, Max: 0.0, Diff: 0.0, Sum: 0.0]
      [Object Copy (ms): Min: 1.9, Avg: 2.5, Max: 5.2, Diff: 3.3, Sum: 20.3]
      [Termination (ms): Min: 0.0, Avg: 3.0, Max: 3.4, Diff: 3.4, Sum: 23.9]
         [Termination Attempts: Min: 1, Avg: 5.2, Max: 10, Diff: 9, Sum: 42]
      [GC Worker Other (ms): Min: 0.0, Avg: 0.0, Max: 0.1, Diff: 0.0, Sum: 0.3]
      [GC Worker Total (ms): Min: 16.4, Avg: 16.6, Max: 16.7, Diff: 0.2, Sum: 132.4]
      [GC Worker End (ms): Min: 318084039.2, Avg: 318084039.2, Max: 318084039.2, Diff: 0.1]
   [Code Root Fixup: 0.0 ms]
   [Code Root Purge: 0.0 ms]
   [Clear CT: 0.8 ms]
   [Other: 2.5 ms]
      [Choose CSet: 0.0 ms]
      [Ref Proc: 1.8 ms]
      [Ref Enq: 0.1 ms]
      [Redirty Cards: 0.1 ms]
      [Humongous Register: 0.0 ms]
      [Humongous Reclaim: 0.0 ms]
      [Free CSet: 0.3 ms]
   [Eden: 7152.0M(7152.0M)->0.0B(7152.0M) Survivors: 16384.0K->16384.0K Heap: 10568.2M(14336.0M)->3476.6M(14336.0M)]
 [Times: user=0.13 sys=0.00, real=0.02 secs] 
2022-07-25T13:33:35.117-0700: 318186.622: [GC pause (G1 Evacuation Pause) (young) (initial-mark), 0.0182635 secs]
   [Parallel Time: 13.1 ms, GC Workers: 8]
      [GC Worker Start (ms): Min: 318186623.8, Avg: 318186623.9, Max: 318186624.0, Diff: 0.2]
      [Ext Root Scanning (ms): Min: 5.5, Avg: 6.2, Max: 6.4, Diff: 0.9, Sum: 49.3]
      [Update RS (ms): Min: 2.1, Avg: 2.2, Max: 2.4, Diff: 0.3, Sum: 17.6]
         [Processed Buffers: Min: 5, Avg: 8.2, Max: 17, Diff: 12, Sum: 66]
      [Scan RS (ms): Min: 0.0, Avg: 0.0, Max: 0.1, Diff: 0.1, Sum: 0.4]
      [Code Root Scanning (ms): Min: 0.0, Avg: 0.0, Max: 0.0, Diff: 0.0, Sum: 0.0]
      [Object Copy (ms): Min: 1.8, Avg: 2.1, Max: 2.9, Diff: 1.1, Sum: 17.2]
      [Termination (ms): Min: 0.0, Avg: 0.0, Max: 0.0, Diff: 0.0, Sum: 0.1]
         [Termination Attempts: Min: 13, Avg: 20.1, Max: 33, Diff: 20, Sum: 161]
      [GC Worker Other (ms): Min: 0.0, Avg: 0.1, Max: 0.1, Diff: 0.1, Sum: 0.5]
      [GC Worker Total (ms): Min: 10.5, Avg: 10.6, Max: 10.8, Diff: 0.3, Sum: 85.1]
      [GC Worker End (ms): Min: 318186634.5, Avg: 318186634.6, Max: 318186634.6, Diff: 0.1]
   [Code Root Fixup: 0.0 ms]
   [Code Root Purge: 0.0 ms]
   [Clear CT: 0.7 ms]
   [Other: 4.5 ms]
      [Choose CSet: 0.0 ms]
      [Ref Proc: 3.7 ms]
      [Ref Enq: 0.1 ms]
      [Redirty Cards: 0.1 ms]
      [Humongous Register: 0.0 ms]
      [Humongous Reclaim: 0.0 ms]
      [Free CSet: 0.3 ms]
   [Eden: 7152.0M(7152.0M)->0.0B(7152.0M) Survivors: 16384.0K->16384.0K Heap: 10628.6M(14336.0M)->3496.5M(14336.0M)]
 [Times: user=0.08 sys=0.01, real=0.02 secs] 
2022-07-25T13:33:35.135-0700: 318186.640: [GC concurrent-root-region-scan-start]
2022-07-25T13:33:35.145-0700: 318186.650: [GC concurrent-root-region-scan-end, 0.0097027 secs]
2022-07-25T13:33:35.145-0700: 318186.650: [GC concurrent-mark-start]
2022-07-25T13:33:37.776-0700: 318189.281: [GC concurrent-mark-end, 2.6310194 secs]
2022-07-25T13:33:37.776-0700: 318189.281: [GC remark 2022-07-25T13:33:37.776-0700: 318189.281: [Finalize Marking, 0.0001724 secs] 2022-07-25T13:33:37.776-0700: 318189.281: [GC ref-proc, 0.0107833 secs] 2022-07-25T13:33:37.787-0700: 318189.292: [Unloading, 0.0289538 secs], 0.0454175 secs]
 [Times: user=0.26 sys=0.00, real=0.04 secs] 
2022-07-25T13:33:37.822-0700: 318189.327: [GC cleanup 3664M->3664M(14336M), 0.0083264 secs]
 [Times: user=0.06 sys=0.00, real=0.01 secs] 
2022-07-25T13:35:23.416-0700: 318294.921: [GC pause (G1 Evacuation Pause) (young), 0.0104136 secs]
   [Parallel Time: 6.6 ms, GC Workers: 8]
      [GC Worker Start (ms): Min: 318294921.1, Avg: 318294921.2, Max: 318294921.3, Diff: 0.1]
      [Ext Root Scanning (ms): Min: 1.2, Avg: 1.9, Max: 5.4, Diff: 4.3, Sum: 15.3]
      [Update RS (ms): Min: 0.0, Avg: 2.1, Max: 2.8, Diff: 2.8, Sum: 16.9]
         [Processed Buffers: Min: 0, Avg: 7.6, Max: 14, Diff: 14, Sum: 61]
      [Scan RS (ms): Min: 0.0, Avg: 0.0, Max: 0.1, Diff: 0.1, Sum: 0.4]
      [Code Root Scanning (ms): Min: 0.0, Avg: 0.0, Max: 0.0, Diff: 0.0, Sum: 0.0]
      [Object Copy (ms): Min: 0.9, Avg: 2.2, Max: 2.5, Diff: 1.6, Sum: 17.6]
      [Termination (ms): Min: 0.0, Avg: 0.0, Max: 0.0, Diff: 0.0, Sum: 0.0]
         [Termination Attempts: Min: 1, Avg: 2.9, Max: 6, Diff: 5, Sum: 23]
      [GC Worker Other (ms): Min: 0.0, Avg: 0.1, Max: 0.1, Diff: 0.1, Sum: 0.5]
      [GC Worker Total (ms): Min: 6.3, Avg: 6.3, Max: 6.5, Diff: 0.2, Sum: 50.8]
      [GC Worker End (ms): Min: 318294927.5, Avg: 318294927.5, Max: 318294927.6, Diff: 0.1]
   [Code Root Fixup: 0.0 ms]
   [Code Root Purge: 0.0 ms]
   [Clear CT: 0.7 ms]
   [Other: 3.1 ms]
      [Choose CSet: 0.0 ms]
      [Ref Proc: 2.4 ms]
      [Ref Enq: 0.1 ms]
      [Redirty Cards: 0.1 ms]
      [Humongous Register: 0.1 ms]
      [Humongous Reclaim: 0.0 ms]
      [Free CSet: 0.3 ms]
   [Eden: 7152.0M(7152.0M)->0.0B(5712.0M) Survivors: 16384.0K->16384.0K Heap: 10648.5M(14336.0M)->3496.6M(14336.0M)]
 [Times: user=0.06 sys=0.00, real=0.01 secs] 
2022-07-25T13:36:51.425-0700: 318382.930: [GC pause (G1 Evacuation Pause) (mixed), 0.0161115 secs]
   [Parallel Time: 10.4 ms, GC Workers: 8]
      [GC Worker Start (ms): Min: 318382930.3, Avg: 318382930.4, Max: 318382930.5, Diff: 0.2]
      [Ext Root Scanning (ms): Min: 1.1, Avg: 2.0, Max: 6.4, Diff: 5.3, Sum: 16.1]
      [Update RS (ms): Min: 0.0, Avg: 2.0, Max: 2.6, Diff: 2.6, Sum: 15.7]
         [Processed Buffers: Min: 0, Avg: 7.9, Max: 15, Diff: 15, Sum: 63]
      [Scan RS (ms): Min: 0.0, Avg: 1.0, Max: 1.5, Diff: 1.5, Sum: 8.0]
      [Code Root Scanning (ms): Min: 0.0, Avg: 0.0, Max: 0.1, Diff: 0.1, Sum: 0.1]
      [Object Copy (ms): Min: 3.8, Avg: 5.2, Max: 5.5, Diff: 1.7, Sum: 41.3]
      [Termination (ms): Min: 0.0, Avg: 0.0, Max: 0.0, Diff: 0.0, Sum: 0.0]
         [Termination Attempts: Min: 1, Avg: 1.0, Max: 1, Diff: 0, Sum: 8]
      [GC Worker Other (ms): Min: 0.0, Avg: 0.0, Max: 0.1, Diff: 0.1, Sum: 0.3]
      [GC Worker Total (ms): Min: 10.1, Avg: 10.2, Max: 10.3, Diff: 0.3, Sum: 81.6]
      [GC Worker End (ms): Min: 318382940.5, Avg: 318382940.6, Max: 318382940.6, Diff: 0.1]
   [Code Root Fixup: 0.0 ms]
   [Code Root Purge: 0.0 ms]
   [Clear CT: 0.9 ms]
   [Other: 4.8 ms]
      [Choose CSet: 0.0 ms]
      [Ref Proc: 4.2 ms]
      [Ref Enq: 0.1 ms]
      [Redirty Cards: 0.1 ms]
      [Humongous Register: 0.0 ms]
      [Humongous Reclaim: 0.0 ms]
      [Free CSet: 0.3 ms]
   [Eden: 5712.0M(5712.0M)->0.0B(7152.0M) Survivors: 16384.0K->16384.0K Heap: 9208.6M(14336.0M)->3410.2M(14336.0M)]
 [Times: user=0.10 sys=0.00, real=0.01 secs] 
2022-07-25T13:38:43.025-0700: 318494.530: [GC pause (G1 Evacuation Pause) (young), 0.0131073 secs]
   [Parallel Time: 8.7 ms, GC Workers: 8]
      [GC Worker Start (ms): Min: 318494530.2, Avg: 318494530.2, Max: 318494530.3, Diff: 0.1]
      [Ext Root Scanning (ms): Min: 1.1, Avg: 1.8, Max: 5.3, Diff: 4.2, Sum: 14.6]
      [Update RS (ms): Min: 1.3, Avg: 4.4, Max: 5.2, Diff: 3.8, Sum: 35.0]
         [Processed Buffers: Min: 10, Avg: 15.5, Max: 27, Diff: 17, Sum: 124]
      [Scan RS (ms): Min: 0.0, Avg: 0.0, Max: 0.1, Diff: 0.1, Sum: 0.4]
      [Code Root Scanning (ms): Min: 0.0, Avg: 0.0, Max: 0.0, Diff: 0.0, Sum: 0.0]
      [Object Copy (ms): Min: 1.8, Avg: 2.1, Max: 2.3, Diff: 0.5, Sum: 16.8]
      [Termination (ms): Min: 0.0, Avg: 0.0, Max: 0.0, Diff: 0.0, Sum: 0.0]
         [Termination Attempts: Min: 3, Avg: 4.8, Max: 6, Diff: 3, Sum: 38]
      [GC Worker Other (ms): Min: 0.0, Avg: 0.1, Max: 0.1, Diff: 0.1, Sum: 0.6]
      [GC Worker Total (ms): Min: 8.3, Avg: 8.4, Max: 8.5, Diff: 0.1, Sum: 67.5]
      [GC Worker End (ms): Min: 318494538.6, Avg: 318494538.7, Max: 318494538.7, Diff: 0.1]
   [Code Root Fixup: 0.0 ms]
   [Code Root Purge: 0.0 ms]
   [Clear CT: 0.7 ms]
   [Other: 3.7 ms]
      [Choose CSet: 0.0 ms]
      [Ref Proc: 3.0 ms]
      [Ref Enq: 0.1 ms]
      [Redirty Cards: 0.1 ms]
      [Humongous Register: 0.1 ms]
      [Humongous Reclaim: 0.0 ms]
      [Free CSet: 0.3 ms]
   [Eden: 7152.0M(7152.0M)->0.0B(7152.0M) Survivors: 16384.0K->16384.0K Heap: 10562.2M(14336.0M)->3420.9M(14336.0M)]
 [Times: user=0.08 sys=0.00, real=0.01 secs] 
2022-07-25T13:40:35.467-0700: 318606.971: [GC pause (G1 Evacuation Pause) (young) (initial-mark), 0.0171571 secs]
   [Parallel Time: 12.8 ms, GC Workers: 8]
      [GC Worker Start (ms): Min: 318606973.8, Avg: 318606973.8, Max: 318606973.9, Diff: 0.2]
      [Ext Root Scanning (ms): Min: 5.5, Avg: 5.9, Max: 6.5, Diff: 1.1, Sum: 47.3]
      [Update RS (ms): Min: 1.7, Avg: 1.9, Max: 2.1, Diff: 0.4, Sum: 15.4]
         [Processed Buffers: Min: 4, Avg: 7.1, Max: 17, Diff: 13, Sum: 57]
      [Scan RS (ms): Min: 0.0, Avg: 0.1, Max: 0.1, Diff: 0.1, Sum: 0.4]
      [Code Root Scanning (ms): Min: 0.0, Avg: 0.0, Max: 0.0, Diff: 0.0, Sum: 0.0]
      [Object Copy (ms): Min: 1.7, Avg: 2.3, Max: 2.8, Diff: 1.1, Sum: 18.0]
      [Termination (ms): Min: 0.0, Avg: 0.0, Max: 0.0, Diff: 0.0, Sum: 0.0]
         [Termination Attempts: Min: 1, Avg: 1.2, Max: 2, Diff: 1, Sum: 10]
      [GC Worker Other (ms): Min: 0.0, Avg: 0.1, Max: 0.1, Diff: 0.1, Sum: 0.5]
      [GC Worker Total (ms): Min: 10.1, Avg: 10.2, Max: 10.4, Diff: 0.3, Sum: 81.7]
      [GC Worker End (ms): Min: 318606984.0, Avg: 318606984.1, Max: 318606984.1, Diff: 0.1]
   [Code Root Fixup: 0.0 ms]
   [Code Root Purge: 0.0 ms]
   [Clear CT: 0.8 ms]
   [Other: 3.6 ms]
      [Choose CSet: 0.0 ms]
      [Ref Proc: 2.9 ms]
      [Ref Enq: 0.1 ms]
      [Redirty Cards: 0.1 ms]
      [Humongous Register: 0.0 ms]
      [Humongous Reclaim: 0.0 ms]
      [Free CSet: 0.3 ms]
   [Eden: 7152.0M(7152.0M)->0.0B(7152.0M) Survivors: 16384.0K->16384.0K Heap: 10572.9M(14336.0M)->3419.3M(14336.0M)]
 [Times: user=0.09 sys=0.00, real=0.02 secs] 
2022-07-25T13:40:35.484-0700: 318606.989: [GC concurrent-root-region-scan-start]
2022-07-25T13:40:35.494-0700: 318606.998: [GC concurrent-root-region-scan-end, 0.0096402 secs]
2022-07-25T13:40:35.494-0700: 318606.998: [GC concurrent-mark-start]
2022-07-25T13:40:38.141-0700: 318609.646: [GC concurrent-mark-end, 2.6473580 secs]
2022-07-25T13:40:38.141-0700: 318609.646: [GC remark 2022-07-25T13:40:38.141-0700: 318609.646: [Finalize Marking, 0.0003568 secs] 2022-07-25T13:40:38.142-0700: 318609.647: [GC ref-proc, 0.0104318 secs] 2022-07-25T13:40:38.152-0700: 318609.657: [Unloading, 0.0289112 secs], 0.0450838 secs]
 [Times: user=0.26 sys=0.00, real=0.05 secs] 
2022-07-25T13:40:38.187-0700: 318609.691: [GC cleanup 3643M->3643M(14336M), 0.0079436 secs]
 [Times: user=0.06 sys=0.00, real=0.01 secs] 
2022-07-25T13:42:29.661-0700: 318721.166: [GC pause (G1 Evacuation Pause) (young), 0.0115477 secs]
   [Parallel Time: 8.0 ms, GC Workers: 8]
      [GC Worker Start (ms): Min: 318721166.1, Avg: 318721166.2, Max: 318721166.3, Diff: 0.2]
      [Ext Root Scanning (ms): Min: 1.5, Avg: 2.4, Max: 6.5, Diff: 5.0, Sum: 19.2]
      [Update RS (ms): Min: 0.0, Avg: 2.1, Max: 2.8, Diff: 2.8, Sum: 16.6]
         [Processed Buffers: Min: 0, Avg: 6.1, Max: 11, Diff: 11, Sum: 49]
      [Scan RS (ms): Min: 0.0, Avg: 0.1, Max: 0.2, Diff: 0.2, Sum: 0.6]
      [Code Root Scanning (ms): Min: 0.0, Avg: 0.0, Max: 0.0, Diff: 0.0, Sum: 0.1]
      [Object Copy (ms): Min: 0.8, Avg: 2.7, Max: 3.2, Diff: 2.4, Sum: 21.6]
      [Termination (ms): Min: 0.0, Avg: 0.0, Max: 0.0, Diff: 0.0, Sum: 0.0]
         [Termination Attempts: Min: 3, Avg: 5.8, Max: 9, Diff: 6, Sum: 46]
      [GC Worker Other (ms): Min: 0.0, Avg: 0.1, Max: 0.2, Diff: 0.2, Sum: 0.7]
      [GC Worker Total (ms): Min: 7.2, Avg: 7.3, Max: 7.5, Diff: 0.2, Sum: 58.7]
      [GC Worker End (ms): Min: 318721173.5, Avg: 318721173.5, Max: 318721173.7, Diff: 0.2]
   [Code Root Fixup: 0.0 ms]
   [Code Root Purge: 0.0 ms]
   [Clear CT: 0.7 ms]
   [Other: 2.8 ms]
      [Choose CSet: 0.0 ms]
      [Ref Proc: 2.2 ms]
      [Ref Enq: 0.1 ms]
      [Redirty Cards: 0.1 ms]
      [Humongous Register: 0.1 ms]
      [Humongous Reclaim: 0.0 ms]
      [Free CSet: 0.3 ms]
   [Eden: 7152.0M(7152.0M)->0.0B(5712.0M) Survivors: 16384.0K->16384.0K Heap: 10571.3M(14336.0M)->3420.3M(14336.0M)]
 [Times: user=0.07 sys=0.00, real=0.01 secs] 
2022-07-25T13:43:58.062-0700: 318809.567: [GC pause (G1 Evacuation Pause) (mixed), 0.0129308 secs]
   [Parallel Time: 9.8 ms, GC Workers: 8]
      [GC Worker Start (ms): Min: 318809567.2, Avg: 318809567.2, Max: 318809567.3, Diff: 0.1]
      [Ext Root Scanning (ms): Min: 1.5, Avg: 2.4, Max: 7.1, Diff: 5.7, Sum: 19.0]
      [Update RS (ms): Min: 0.0, Avg: 1.9, Max: 2.6, Diff: 2.6, Sum: 14.9]
         [Processed Buffers: Min: 0, Avg: 6.0, Max: 15, Diff: 15, Sum: 48]
      [Scan RS (ms): Min: 0.0, Avg: 1.4, Max: 1.9, Diff: 1.8, Sum: 11.2]
      [Code Root Scanning (ms): Min: 0.0, Avg: 0.0, Max: 0.1, Diff: 0.1, Sum: 0.1]
      [Object Copy (ms): Min: 2.5, Avg: 3.9, Max: 4.3, Diff: 1.8, Sum: 31.6]
      [Termination (ms): Min: 0.0, Avg: 0.0, Max: 0.0, Diff: 0.0, Sum: 0.0]
         [Termination Attempts: Min: 1, Avg: 1.0, Max: 1, Diff: 0, Sum: 8]
      [GC Worker Other (ms): Min: 0.0, Avg: 0.1, Max: 0.1, Diff: 0.1, Sum: 0.4]
      [GC Worker Total (ms): Min: 9.6, Avg: 9.7, Max: 9.7, Diff: 0.1, Sum: 77.3]
      [GC Worker End (ms): Min: 318809576.9, Avg: 318809576.9, Max: 318809576.9, Diff: 0.0]
   [Code Root Fixup: 0.0 ms]
   [Code Root Purge: 0.0 ms]
   [Clear CT: 0.8 ms]
   [Other: 2.4 ms]
      [Choose CSet: 0.0 ms]
      [Ref Proc: 1.7 ms]
      [Ref Enq: 0.1 ms]
      [Redirty Cards: 0.1 ms]
      [Humongous Register: 0.1 ms]
      [Humongous Reclaim: 0.0 ms]
      [Free CSet: 0.2 ms]
   [Eden: 5712.0M(5712.0M)->0.0B(7152.0M) Survivors: 16384.0K->16384.0K Heap: 9132.3M(14336.0M)->3411.1M(14336.0M)]
 [Times: user=0.07 sys=0.01, real=0.02 secs] 
2022-07-25T13:45:49.923-0700: 318921.428: [GC pause (G1 Evacuation Pause) (young), 0.0133713 secs]
   [Parallel Time: 7.7 ms, GC Workers: 8]
      [GC Worker Start (ms): Min: 318921428.3, Avg: 318921428.4, Max: 318921428.5, Diff: 0.2]
      [Ext Root Scanning (ms): Min: 1.2, Avg: 2.0, Max: 5.3, Diff: 4.1, Sum: 15.7]
      [Update RS (ms): Min: 0.3, Avg: 3.3, Max: 4.1, Diff: 3.8, Sum: 26.3]
         [Processed Buffers: Min: 1, Avg: 10.9, Max: 17, Diff: 16, Sum: 87]
      [Scan RS (ms): Min: 0.0, Avg: 0.1, Max: 0.1, Diff: 0.1, Sum: 0.4]
      [Code Root Scanning (ms): Min: 0.0, Avg: 0.0, Max: 0.0, Diff: 0.0, Sum: 0.0]
      [Object Copy (ms): Min: 1.6, Avg: 1.9, Max: 2.1, Diff: 0.5, Sum: 15.2]
      [Termination (ms): Min: 0.0, Avg: 0.0, Max: 0.0, Diff: 0.0, Sum: 0.1]
         [Termination Attempts: Min: 17, Avg: 23.9, Max: 30, Diff: 13, Sum: 191]
      [GC Worker Other (ms): Min: 0.0, Avg: 0.0, Max: 0.1, Diff: 0.1, Sum: 0.3]
      [GC Worker Total (ms): Min: 7.1, Avg: 7.3, Max: 7.4, Diff: 0.2, Sum: 58.1]
      [GC Worker End (ms): Min: 318921435.7, Avg: 318921435.7, Max: 318921435.7, Diff: 0.1]
   [Code Root Fixup: 0.0 ms]
   [Code Root Purge: 0.0 ms]
   [Clear CT: 0.7 ms]
   [Other: 4.9 ms]
      [Choose CSet: 0.0 ms]
      [Ref Proc: 4.2 ms]
      [Ref Enq: 0.1 ms]
      [Redirty Cards: 0.1 ms]
      [Humongous Register: 0.1 ms]
      [Humongous Reclaim: 0.0 ms]
      [Free CSet: 0.3 ms]
   [Eden: 7152.0M(7152.0M)->0.0B(7152.0M) Survivors: 16384.0K->16384.0K Heap: 10563.1M(14336.0M)->3412.3M(14336.0M)]
 [Times: user=0.07 sys=0.00, real=0.01 secs] 
2022-07-25T13:47:41.960-0700: 319033.465: [GC pause (G1 Evacuation Pause) (young) (initial-mark), 0.0181273 secs]
   [Parallel Time: 12.8 ms, GC Workers: 8]
      [GC Worker Start (ms): Min: 319033466.9, Avg: 319033467.0, Max: 319033467.1, Diff: 0.2]
      [Ext Root Scanning (ms): Min: 6.4, Avg: 6.8, Max: 7.2, Diff: 0.8, Sum: 54.0]
      [Update RS (ms): Min: 1.5, Avg: 1.6, Max: 1.8, Diff: 0.3, Sum: 12.9]
         [Processed Buffers: Min: 3, Avg: 6.2, Max: 16, Diff: 13, Sum: 50]
      [Scan RS (ms): Min: 0.0, Avg: 0.0, Max: 0.1, Diff: 0.1, Sum: 0.4]
      [Code Root Scanning (ms): Min: 0.0, Avg: 0.0, Max: 0.0, Diff: 0.0, Sum: 0.0]
      [Object Copy (ms): Min: 1.2, Avg: 1.9, Max: 2.3, Diff: 1.1, Sum: 15.1]
      [Termination (ms): Min: 0.0, Avg: 0.0, Max: 0.0, Diff: 0.0, Sum: 0.0]
         [Termination Attempts: Min: 9, Avg: 11.1, Max: 15, Diff: 6, Sum: 89]
      [GC Worker Other (ms): Min: 0.0, Avg: 0.1, Max: 0.1, Diff: 0.1, Sum: 0.5]
      [GC Worker Total (ms): Min: 10.3, Avg: 10.4, Max: 10.5, Diff: 0.2, Sum: 82.9]
      [GC Worker End (ms): Min: 319033477.4, Avg: 319033477.4, Max: 319033477.5, Diff: 0.1]
   [Code Root Fixup: 0.0 ms]
   [Code Root Purge: 0.0 ms]
   [Clear CT: 0.8 ms]
   [Other: 4.5 ms]
      [Choose CSet: 0.0 ms]
      [Ref Proc: 3.9 ms]
      [Ref Enq: 0.1 ms]
      [Redirty Cards: 0.1 ms]
      [Humongous Register: 0.0 ms]
      [Humongous Reclaim: 0.0 ms]
      [Free CSet: 0.3 ms]
   [Eden: 7152.0M(7152.0M)->0.0B(7152.0M) Survivors: 16384.0K->16384.0K Heap: 10564.3M(14336.0M)->3414.6M(14336.0M)]
 [Times: user=0.09 sys=0.00, real=0.02 secs] 
2022-07-25T13:47:41.978-0700: 319033.483: [GC concurrent-root-region-scan-start]
2022-07-25T13:47:41.987-0700: 319033.492: [GC concurrent-root-region-scan-end, 0.0087936 secs]
2022-07-25T13:47:41.987-0700: 319033.492: [GC concurrent-mark-start]
2022-07-25T13:47:44.759-0700: 319036.264: [GC concurrent-mark-end, 2.7719128 secs]
2022-07-25T13:47:44.759-0700: 319036.264: [GC remark 2022-07-25T13:47:44.759-0700: 319036.264: [Finalize Marking, 0.0003945 secs] 2022-07-25T13:47:44.760-0700: 319036.264: [GC ref-proc, 0.0071223 secs] 2022-07-25T13:47:44.767-0700: 319036.271: [Unloading, 0.0293718 secs], 0.0422673 secs]
 [Times: user=0.26 sys=0.00, real=0.04 secs] 
2022-07-25T13:47:44.802-0700: 319036.306: [GC cleanup 3718M->3718M(14336M), 0.0086137 secs]
 [Times: user=0.06 sys=0.00, real=0.01 secs] 
2022-07-25T13:49:32.728-0700: 319144.233: [GC pause (G1 Evacuation Pause) (young), 0.0093642 secs]
   [Parallel Time: 5.6 ms, GC Workers: 8]
      [GC Worker Start (ms): Min: 319144233.1, Avg: 319144233.2, Max: 319144233.3, Diff: 0.2]
      [Ext Root Scanning (ms): Min: 1.1, Avg: 1.9, Max: 5.3, Diff: 4.2, Sum: 14.9]
      [Update RS (ms): Min: 0.0, Avg: 1.2, Max: 1.7, Diff: 1.7, Sum: 9.8]
         [Processed Buffers: Min: 0, Avg: 6.1, Max: 11, Diff: 11, Sum: 49]
      [Scan RS (ms): Min: 0.0, Avg: 0.1, Max: 0.1, Diff: 0.1, Sum: 0.4]
      [Code Root Scanning (ms): Min: 0.0, Avg: 0.0, Max: 0.0, Diff: 0.0, Sum: 0.0]
      [Object Copy (ms): Min: 0.0, Avg: 1.6, Max: 2.0, Diff: 2.0, Sum: 12.8]
      [Termination (ms): Min: 0.0, Avg: 0.5, Max: 0.6, Diff: 0.6, Sum: 3.9]
         [Termination Attempts: Min: 1, Avg: 9.1, Max: 13, Diff: 12, Sum: 73]
      [GC Worker Other (ms): Min: 0.0, Avg: 0.0, Max: 0.1, Diff: 0.1, Sum: 0.2]
      [GC Worker Total (ms): Min: 5.2, Avg: 5.3, Max: 5.3, Diff: 0.1, Sum: 42.0]
      [GC Worker End (ms): Min: 319144238.5, Avg: 319144238.5, Max: 319144238.5, Diff: 0.1]
   [Code Root Fixup: 0.0 ms]
   [Code Root Purge: 0.0 ms]
   [Clear CT: 0.6 ms]
   [Other: 3.1 ms]
      [Choose CSet: 0.0 ms]
      [Ref Proc: 2.3 ms]
      [Ref Enq: 0.1 ms]
      [Redirty Cards: 0.1 ms]
      [Humongous Register: 0.1 ms]
      [Humongous Reclaim: 0.0 ms]
      [Free CSet: 0.3 ms]
   [Eden: 7152.0M(7152.0M)->0.0B(5712.0M) Survivors: 16384.0K->16384.0K Heap: 10566.6M(14336.0M)->3414.6M(14336.0M)]
 [Times: user=0.05 sys=0.01, real=0.01 secs] 
2022-07-25T13:51:02.523-0700: 319234.028: [GC pause (G1 Evacuation Pause) (mixed), 0.0120789 secs]
   [Parallel Time: 8.9 ms, GC Workers: 8]
      [GC Worker Start (ms): Min: 319234028.2, Avg: 319234028.3, Max: 319234028.4, Diff: 0.1]
      [Ext Root Scanning (ms): Min: 1.2, Avg: 2.1, Max: 6.6, Diff: 5.4, Sum: 16.7]
      [Update RS (ms): Min: 0.0, Avg: 1.3, Max: 1.9, Diff: 1.9, Sum: 10.4]
         [Processed Buffers: Min: 0, Avg: 6.0, Max: 16, Diff: 16, Sum: 48]
      [Scan RS (ms): Min: 0.0, Avg: 0.8, Max: 1.0, Diff: 1.0, Sum: 6.2]
      [Code Root Scanning (ms): Min: 0.0, Avg: 0.0, Max: 0.1, Diff: 0.1, Sum: 0.1]
      [Object Copy (ms): Min: 2.1, Avg: 4.5, Max: 5.0, Diff: 2.9, Sum: 35.8]
      [Termination (ms): Min: 0.0, Avg: 0.0, Max: 0.0, Diff: 0.0, Sum: 0.0]
         [Termination Attempts: Min: 1, Avg: 3.5, Max: 5, Diff: 4, Sum: 28]
      [GC Worker Other (ms): Min: 0.0, Avg: 0.1, Max: 0.1, Diff: 0.1, Sum: 0.4]
      [GC Worker Total (ms): Min: 8.6, Avg: 8.7, Max: 8.8, Diff: 0.1, Sum: 69.7]
      [GC Worker End (ms): Min: 319234037.0, Avg: 319234037.0, Max: 319234037.0, Diff: 0.1]
   [Code Root Fixup: 0.0 ms]
   [Code Root Purge: 0.0 ms]
   [Clear CT: 0.8 ms]
   [Other: 2.4 ms]
      [Choose CSet: 0.0 ms]
      [Ref Proc: 1.7 ms]
      [Ref Enq: 0.1 ms]
      [Redirty Cards: 0.1 ms]
      [Humongous Register: 0.1 ms]
      [Humongous Reclaim: 0.0 ms]
      [Free CSet: 0.2 ms]
   [Eden: 5712.0M(5712.0M)->0.0B(7152.0M) Survivors: 16384.0K->16384.0K Heap: 9126.6M(14336.0M)->3404.3M(14336.0M)]
 [Times: user=0.08 sys=0.00, real=0.01 secs] 
2022-07-25T13:52:52.826-0700: 319344.331: [GC pause (G1 Evacuation Pause) (young), 0.0132011 secs]
   [Parallel Time: 8.3 ms, GC Workers: 8]
      [GC Worker Start (ms): Min: 319344331.1, Avg: 319344331.2, Max: 319344331.3, Diff: 0.2]
      [Ext Root Scanning (ms): Min: 1.4, Avg: 2.2, Max: 5.7, Diff: 4.3, Sum: 17.5]
      [Update RS (ms): Min: 0.9, Avg: 3.9, Max: 4.7, Diff: 3.7, Sum: 31.2]
         [Processed Buffers: Min: 10, Avg: 12.8, Max: 21, Diff: 11, Sum: 102]
      [Scan RS (ms): Min: 0.0, Avg: 0.0, Max: 0.1, Diff: 0.1, Sum: 0.4]
      [Code Root Scanning (ms): Min: 0.0, Avg: 0.0, Max: 0.0, Diff: 0.0, Sum: 0.0]
      [Object Copy (ms): Min: 1.4, Avg: 1.9, Max: 2.1, Diff: 0.6, Sum: 14.9]
      [Termination (ms): Min: 0.0, Avg: 0.0, Max: 0.0, Diff: 0.0, Sum: 0.0]
         [Termination Attempts: Min: 1, Avg: 1.0, Max: 1, Diff: 0, Sum: 8]
      [GC Worker Other (ms): Min: 0.0, Avg: 0.1, Max: 0.1, Diff: 0.1, Sum: 0.5]
      [GC Worker Total (ms): Min: 8.0, Avg: 8.1, Max: 8.2, Diff: 0.2, Sum: 64.4]
      [GC Worker End (ms): Min: 319344339.2, Avg: 319344339.3, Max: 319344339.3, Diff: 0.1]
   [Code Root Fixup: 0.0 ms]
   [Code Root Purge: 0.0 ms]
   [Clear CT: 0.8 ms]
   [Other: 4.1 ms]
      [Choose CSet: 0.0 ms]
      [Ref Proc: 3.4 ms]
      [Ref Enq: 0.1 ms]
      [Redirty Cards: 0.1 ms]
      [Humongous Register: 0.0 ms]
      [Humongous Reclaim: 0.0 ms]
      [Free CSet: 0.3 ms]
   [Eden: 7152.0M(7152.0M)->0.0B(7152.0M) Survivors: 16384.0K->16384.0K Heap: 10556.3M(14336.0M)->3412.3M(14336.0M)]
 [Times: user=0.08 sys=0.00, real=0.01 secs] 
2022-07-25T13:54:42.268-0700: 319453.773: [GC pause (G1 Evacuation Pause) (young) (initial-mark), 0.0176683 secs]
   [Parallel Time: 12.5 ms, GC Workers: 8]
      [GC Worker Start (ms): Min: 319453775.4, Avg: 319453775.4, Max: 319453775.5, Diff: 0.1]
      [Ext Root Scanning (ms): Min: 5.5, Avg: 5.9, Max: 6.3, Diff: 0.8, Sum: 47.0]
      [Update RS (ms): Min: 1.7, Avg: 1.9, Max: 2.1, Diff: 0.4, Sum: 15.0]
         [Processed Buffers: Min: 3, Avg: 6.9, Max: 16, Diff: 13, Sum: 55]
      [Scan RS (ms): Min: 0.0, Avg: 0.0, Max: 0.1, Diff: 0.1, Sum: 0.4]
      [Code Root Scanning (ms): Min: 0.0, Avg: 0.0, Max: 0.0, Diff: 0.0, Sum: 0.0]
      [Object Copy (ms): Min: 1.8, Avg: 2.3, Max: 2.7, Diff: 0.9, Sum: 18.3]
      [Termination (ms): Min: 0.0, Avg: 0.1, Max: 0.1, Diff: 0.1, Sum: 0.6]
         [Termination Attempts: Min: 28, Avg: 34.1, Max: 43, Diff: 15, Sum: 273]
      [GC Worker Other (ms): Min: 0.0, Avg: 0.1, Max: 0.2, Diff: 0.1, Sum: 0.5]
      [GC Worker Total (ms): Min: 10.1, Avg: 10.2, Max: 10.4, Diff: 0.2, Sum: 81.8]
      [GC Worker End (ms): Min: 319453785.6, Avg: 319453785.7, Max: 319453785.7, Diff: 0.1]
   [Code Root Fixup: 0.0 ms]
   [Code Root Purge: 0.0 ms]
   [Clear CT: 0.7 ms]
   [Other: 4.4 ms]
      [Choose CSet: 0.0 ms]
      [Ref Proc: 3.7 ms]
      [Ref Enq: 0.1 ms]
      [Redirty Cards: 0.1 ms]
      [Humongous Register: 0.0 ms]
      [Humongous Reclaim: 0.0 ms]
      [Free CSet: 0.3 ms]
   [Eden: 7152.0M(7152.0M)->0.0B(7152.0M) Survivors: 16384.0K->16384.0K Heap: 10564.3M(14336.0M)->3411.3M(14336.0M)]
 [Times: user=0.08 sys=0.01, real=0.02 secs] 
2022-07-25T13:54:42.286-0700: 319453.791: [GC concurrent-root-region-scan-start]
2022-07-25T13:54:42.296-0700: 319453.801: [GC concurrent-root-region-scan-end, 0.0100963 secs]
2022-07-25T13:54:42.296-0700: 319453.801: [GC concurrent-mark-start]
2022-07-25T13:54:44.932-0700: 319456.436: [GC concurrent-mark-end, 2.6353447 secs]
2022-07-25T13:54:44.932-0700: 319456.437: [GC remark 2022-07-25T13:54:44.932-0700: 319456.437: [Finalize Marking, 0.0002977 secs] 2022-07-25T13:54:44.932-0700: 319456.437: [GC ref-proc, 0.0052225 secs] 2022-07-25T13:54:44.938-0700: 319456.442: [Unloading, 0.0264931 secs], 0.0374156 secs]
 [Times: user=0.24 sys=0.00, real=0.04 secs] 
2022-07-25T13:54:44.970-0700: 319456.474: [GC cleanup 3659M->3659M(14336M), 0.0083861 secs]
 [Times: user=0.06 sys=0.00, real=0.01 secs] 
2022-07-25T13:56:28.667-0700: 319560.172: [GC pause (G1 Evacuation Pause) (young), 0.0101683 secs]
   [Parallel Time: 6.8 ms, GC Workers: 8]
      [GC Worker Start (ms): Min: 319560172.1, Avg: 319560172.2, Max: 319560172.3, Diff: 0.2]
      [Ext Root Scanning (ms): Min: 1.2, Avg: 2.0, Max: 5.9, Diff: 4.7, Sum: 16.2]
      [Update RS (ms): Min: 0.0, Avg: 1.5, Max: 2.0, Diff: 2.0, Sum: 11.9]
         [Processed Buffers: Min: 0, Avg: 6.9, Max: 10, Diff: 10, Sum: 55]
      [Scan RS (ms): Min: 0.0, Avg: 0.1, Max: 0.1, Diff: 0.1, Sum: 0.4]
      [Code Root Scanning (ms): Min: 0.0, Avg: 0.0, Max: 0.0, Diff: 0.0, Sum: 0.0]
      [Object Copy (ms): Min: 0.7, Avg: 3.0, Max: 3.5, Diff: 2.8, Sum: 23.9]
      [Termination (ms): Min: 0.0, Avg: 0.0, Max: 0.0, Diff: 0.0, Sum: 0.0]
         [Termination Attempts: Min: 1, Avg: 3.9, Max: 6, Diff: 5, Sum: 31]
      [GC Worker Other (ms): Min: 0.0, Avg: 0.1, Max: 0.1, Diff: 0.1, Sum: 0.4]
      [GC Worker Total (ms): Min: 6.5, Avg: 6.6, Max: 6.7, Diff: 0.1, Sum: 52.9]
      [GC Worker End (ms): Min: 319560178.7, Avg: 319560178.8, Max: 319560178.8, Diff: 0.1]
   [Code Root Fixup: 0.0 ms]
   [Code Root Purge: 0.0 ms]
   [Clear CT: 0.7 ms]
   [Other: 2.6 ms]
      [Choose CSet: 0.0 ms]
      [Ref Proc: 1.9 ms]
      [Ref Enq: 0.1 ms]
      [Redirty Cards: 0.1 ms]
      [Humongous Register: 0.1 ms]
      [Humongous Reclaim: 0.0 ms]
      [Free CSet: 0.3 ms]
   [Eden: 7152.0M(7152.0M)->0.0B(5712.0M) Survivors: 16384.0K->16384.0K Heap: 10563.3M(14336.0M)->3419.0M(14336.0M)]
 [Times: user=0.05 sys=0.01, real=0.01 secs] 
2022-07-25T13:57:56.734-0700: 319648.238: [GC pause (G1 Evacuation Pause) (mixed), 0.0414708 secs]
   [Parallel Time: 36.2 ms, GC Workers: 8]
      [GC Worker Start (ms): Min: 319648238.6, Avg: 319648238.6, Max: 319648238.7, Diff: 0.1]
      [Ext Root Scanning (ms): Min: 1.1, Avg: 2.0, Max: 6.2, Diff: 5.1, Sum: 16.1]
      [Update RS (ms): Min: 0.0, Avg: 1.6, Max: 2.0, Diff: 2.0, Sum: 12.4]
         [Processed Buffers: Min: 0, Avg: 7.2, Max: 17, Diff: 17, Sum: 58]
      [Scan RS (ms): Min: 0.0, Avg: 1.1, Max: 1.7, Diff: 1.6, Sum: 8.8]
      [Code Root Scanning (ms): Min: 0.0, Avg: 0.0, Max: 0.1, Diff: 0.1, Sum: 0.1]
      [Object Copy (ms): Min: 29.0, Avg: 30.8, Max: 31.5, Diff: 2.5, Sum: 246.6]
      [Termination (ms): Min: 0.0, Avg: 0.4, Max: 0.7, Diff: 0.7, Sum: 3.1]
         [Termination Attempts: Min: 1, Avg: 1.4, Max: 2, Diff: 1, Sum: 11]
      [GC Worker Other (ms): Min: 0.0, Avg: 0.0, Max: 0.0, Diff: 0.0, Sum: 0.1]
      [GC Worker Total (ms): Min: 35.8, Avg: 35.9, Max: 36.0, Diff: 0.1, Sum: 287.2]
      [GC Worker End (ms): Min: 319648274.5, Avg: 319648274.5, Max: 319648274.5, Diff: 0.0]
   [Code Root Fixup: 0.0 ms]
   [Code Root Purge: 0.0 ms]
   [Clear CT: 0.9 ms]
   [Other: 4.4 ms]
      [Choose CSet: 0.0 ms]
      [Ref Proc: 3.6 ms]
      [Ref Enq: 0.2 ms]
      [Redirty Cards: 0.1 ms]
      [Humongous Register: 0.1 ms]
      [Humongous Reclaim: 0.0 ms]
      [Free CSet: 0.3 ms]
   [Eden: 5712.0M(5712.0M)->0.0B(7152.0M) Survivors: 16384.0K->16384.0K Heap: 9131.0M(14336.0M)->3421.1M(14336.0M)]
 [Times: user=0.10 sys=0.02, real=0.05 secs] 
2022-07-25T13:59:48.054-0700: 319759.559: [GC pause (G1 Evacuation Pause) (young), 0.0196397 secs]
   [Parallel Time: 15.3 ms, GC Workers: 8]
      [GC Worker Start (ms): Min: 319759559.1, Avg: 319759559.1, Max: 319759559.2, Diff: 0.1]
      [Ext Root Scanning (ms): Min: 1.2, Avg: 2.0, Max: 6.0, Diff: 4.7, Sum: 16.0]
      [Update RS (ms): Min: 3.3, Avg: 7.0, Max: 7.8, Diff: 4.5, Sum: 56.1]
         [Processed Buffers: Min: 10, Avg: 18.8, Max: 26, Diff: 16, Sum: 150]
      [Scan RS (ms): Min: 0.0, Avg: 0.0, Max: 0.1, Diff: 0.1, Sum: 0.4]
      [Code Root Scanning (ms): Min: 0.0, Avg: 0.0, Max: 0.0, Diff: 0.0, Sum: 0.0]
      [Object Copy (ms): Min: 2.6, Avg: 4.2, Max: 5.8, Diff: 3.2, Sum: 33.7]
      [Termination (ms): Min: 0.0, Avg: 1.6, Max: 3.1, Diff: 3.1, Sum: 12.7]
         [Termination Attempts: Min: 1, Avg: 4.1, Max: 11, Diff: 10, Sum: 33]
      [GC Worker Other (ms): Min: 0.0, Avg: 0.0, Max: 0.0, Diff: 0.0, Sum: 0.2]
      [GC Worker Total (ms): Min: 14.8, Avg: 14.9, Max: 14.9, Diff: 0.1, Sum: 119.0]
      [GC Worker End (ms): Min: 319759574.0, Avg: 319759574.0, Max: 319759574.0, Diff: 0.0]
   [Code Root Fixup: 0.0 ms]
   [Code Root Purge: 0.0 ms]
   [Clear CT: 0.7 ms]
   [Other: 3.6 ms]
      [Choose CSet: 0.0 ms]
      [Ref Proc: 3.0 ms]
      [Ref Enq: 0.1 ms]
      [Redirty Cards: 0.1 ms]
      [Humongous Register: 0.1 ms]
      [Humongous Reclaim: 0.0 ms]
      [Free CSet: 0.3 ms]
   [Eden: 7152.0M(7152.0M)->0.0B(7152.0M) Survivors: 16384.0K->16384.0K Heap: 10573.1M(14336.0M)->3424.8M(14336.0M)]
 [Times: user=0.12 sys=0.00, real=0.02 secs] 
2022-07-25T14:03:22.230-0700: 319973.735: [GC pause (G1 Evacuation Pause) (young) (initial-mark), 0.0215666 secs]
   [Parallel Time: 16.5 ms, GC Workers: 8]
      [GC Worker Start (ms): Min: 319973736.7, Avg: 319973736.8, Max: 319973736.9, Diff: 0.2]
      [Ext Root Scanning (ms): Min: 6.4, Avg: 6.6, Max: 6.9, Diff: 0.5, Sum: 53.1]
      [Update RS (ms): Min: 3.8, Avg: 4.0, Max: 4.2, Diff: 0.3, Sum: 31.7]
         [Processed Buffers: Min: 10, Avg: 13.5, Max: 19, Diff: 9, Sum: 108]
      [Scan RS (ms): Min: 0.0, Avg: 0.0, Max: 0.1, Diff: 0.1, Sum: 0.4]
      [Code Root Scanning (ms): Min: 0.0, Avg: 0.0, Max: 0.0, Diff: 0.0, Sum: 0.1]
      [Object Copy (ms): Min: 3.3, Avg: 3.7, Max: 3.9, Diff: 0.6, Sum: 29.9]
      [Termination (ms): Min: 0.0, Avg: 0.0, Max: 0.0, Diff: 0.0, Sum: 0.0]
         [Termination Attempts: Min: 1, Avg: 3.0, Max: 4, Diff: 3, Sum: 24]
      [GC Worker Other (ms): Min: 0.0, Avg: 0.1, Max: 0.2, Diff: 0.1, Sum: 0.7]
      [GC Worker Total (ms): Min: 14.4, Avg: 14.5, Max: 14.6, Diff: 0.2, Sum: 115.8]
      [GC Worker End (ms): Min: 319973751.2, Avg: 319973751.3, Max: 319973751.4, Diff: 0.1]
   [Code Root Fixup: 0.0 ms]
   [Code Root Purge: 0.0 ms]
   [Clear CT: 0.7 ms]
   [Other: 4.3 ms]
      [Choose CSet: 0.0 ms]
      [Ref Proc: 3.6 ms]
      [Ref Enq: 0.1 ms]
      [Redirty Cards: 0.0 ms]
      [Humongous Register: 0.0 ms]
      [Humongous Reclaim: 0.0 ms]
      [Free CSet: 0.3 ms]
   [Eden: 7152.0M(7152.0M)->0.0B(7152.0M) Survivors: 16384.0K->16384.0K Heap: 10576.8M(14336.0M)->3437.5M(14336.0M)]
 [Times: user=0.11 sys=0.00, real=0.02 secs] 
2022-07-25T14:03:22.252-0700: 319973.757: [GC concurrent-root-region-scan-start]
2022-07-25T14:03:22.267-0700: 319973.772: [GC concurrent-root-region-scan-end, 0.0156063 secs]
2022-07-25T14:03:22.267-0700: 319973.772: [GC concurrent-mark-start]
2022-07-25T14:03:24.790-0700: 319976.295: [GC concurrent-mark-end, 2.5229270 secs]
2022-07-25T14:03:24.791-0700: 319976.295: [GC remark 2022-07-25T14:03:24.791-0700: 319976.296: [Finalize Marking, 0.0002889 secs] 2022-07-25T14:03:24.791-0700: 319976.296: [GC ref-proc, 0.0101439 secs] 2022-07-25T14:03:24.801-0700: 319976.306: [Unloading, 0.0294394 secs], 0.0454385 secs]
 [Times: user=0.26 sys=0.00, real=0.05 secs] 
2022-07-25T14:03:24.837-0700: 319976.341: [GC cleanup 3485M->3485M(14336M), 0.0085175 secs]
 [Times: user=0.06 sys=0.00, real=0.01 secs] 
2022-07-25T14:20:41.062-0700: 321012.566: [GC pause (G1 Evacuation Pause) (young), 0.0112806 secs]
   [Parallel Time: 8.3 ms, GC Workers: 8]
      [GC Worker Start (ms): Min: 321012566.5, Avg: 321012566.6, Max: 321012566.7, Diff: 0.1]
      [Ext Root Scanning (ms): Min: 1.4, Avg: 2.1, Max: 6.3, Diff: 4.9, Sum: 17.2]
      [Update RS (ms): Min: 0.0, Avg: 3.0, Max: 4.3, Diff: 4.3, Sum: 23.7]
         [Processed Buffers: Min: 0, Avg: 25.2, Max: 87, Diff: 87, Sum: 202]
      [Scan RS (ms): Min: 0.0, Avg: 0.1, Max: 0.1, Diff: 0.1, Sum: 0.5]
      [Code Root Scanning (ms): Min: 0.0, Avg: 0.0, Max: 0.0, Diff: 0.0, Sum: 0.1]
      [Object Copy (ms): Min: 1.6, Avg: 2.7, Max: 3.2, Diff: 1.6, Sum: 21.5]
      [Termination (ms): Min: 0.0, Avg: 0.0, Max: 0.0, Diff: 0.0, Sum: 0.0]
         [Termination Attempts: Min: 3, Avg: 6.0, Max: 10, Diff: 7, Sum: 48]
      [GC Worker Other (ms): Min: 0.0, Avg: 0.1, Max: 0.2, Diff: 0.1, Sum: 0.6]
      [GC Worker Total (ms): Min: 7.8, Avg: 7.9, Max: 8.1, Diff: 0.3, Sum: 63.5]
      [GC Worker End (ms): Min: 321012574.5, Avg: 321012574.5, Max: 321012574.6, Diff: 0.2]
   [Code Root Fixup: 0.0 ms]
   [Code Root Purge: 0.0 ms]
   [Clear CT: 0.7 ms]
   [Other: 2.3 ms]
      [Choose CSet: 0.0 ms]
      [Ref Proc: 1.6 ms]
      [Ref Enq: 0.1 ms]
      [Redirty Cards: 0.1 ms]
      [Humongous Register: 0.1 ms]
      [Humongous Reclaim: 0.0 ms]
      [Free CSet: 0.3 ms]
   [Eden: 7152.0M(7152.0M)->0.0B(5712.0M) Survivors: 16384.0K->16384.0K Heap: 10589.5M(14336.0M)->3444.2M(14336.0M)]
 [Times: user=0.07 sys=0.00, real=0.01 secs] 
2022-07-25T14:34:42.963-0700: 321854.467: [GC pause (G1 Evacuation Pause) (mixed), 0.0462301 secs]
   [Parallel Time: 41.8 ms, GC Workers: 8]
      [GC Worker Start (ms): Min: 321854467.7, Avg: 321854467.8, Max: 321854467.8, Diff: 0.2]
      [Ext Root Scanning (ms): Min: 1.2, Avg: 2.1, Max: 6.7, Diff: 5.5, Sum: 16.9]
      [Update RS (ms): Min: 0.0, Avg: 4.0, Max: 5.0, Diff: 5.0, Sum: 32.3]
         [Processed Buffers: Min: 0, Avg: 26.2, Max: 52, Diff: 52, Sum: 210]
      [Scan RS (ms): Min: 4.6, Avg: 4.9, Max: 5.1, Diff: 0.5, Sum: 39.0]
      [Code Root Scanning (ms): Min: 0.0, Avg: 0.0, Max: 0.1, Diff: 0.1, Sum: 0.2]
      [Object Copy (ms): Min: 30.0, Avg: 30.2, Max: 30.4, Diff: 0.5, Sum: 242.0]
      [Termination (ms): Min: 0.0, Avg: 0.0, Max: 0.0, Diff: 0.0, Sum: 0.0]
         [Termination Attempts: Min: 1, Avg: 8.2, Max: 13, Diff: 12, Sum: 66]
      [GC Worker Other (ms): Min: 0.0, Avg: 0.1, Max: 0.2, Diff: 0.1, Sum: 0.5]
      [GC Worker Total (ms): Min: 41.3, Avg: 41.4, Max: 41.5, Diff: 0.2, Sum: 330.9]
      [GC Worker End (ms): Min: 321854509.1, Avg: 321854509.1, Max: 321854509.2, Diff: 0.1]
   [Code Root Fixup: 0.0 ms]
   [Code Root Purge: 0.0 ms]
   [Clear CT: 0.9 ms]
   [Other: 3.5 ms]
      [Choose CSet: 0.1 ms]
      [Ref Proc: 2.6 ms]
      [Ref Enq: 0.1 ms]
      [Redirty Cards: 0.2 ms]
      [Humongous Register: 0.1 ms]
      [Humongous Reclaim: 0.0 ms]
      [Free CSet: 0.3 ms]
   [Eden: 5712.0M(5712.0M)->0.0B(7152.0M) Survivors: 16384.0K->16384.0K Heap: 9156.2M(14336.0M)->3374.1M(14336.0M)]
 [Times: user=0.31 sys=0.00, real=0.04 secs] 
2022-07-25T14:51:28.464-0700: 322859.968: [GC pause (G1 Evacuation Pause) (young), 0.0133195 secs]
   [Parallel Time: 10.2 ms, GC Workers: 8]
      [GC Worker Start (ms): Min: 322859968.5, Avg: 322859968.6, Max: 322859968.6, Diff: 0.1]
      [Ext Root Scanning (ms): Min: 1.2, Avg: 1.9, Max: 6.0, Diff: 4.8, Sum: 15.4]
      [Update RS (ms): Min: 2.9, Avg: 6.6, Max: 7.3, Diff: 4.4, Sum: 52.9]
         [Processed Buffers: Min: 16, Avg: 34.8, Max: 75, Diff: 59, Sum: 278]
      [Scan RS (ms): Min: 0.0, Avg: 0.1, Max: 0.1, Diff: 0.1, Sum: 0.5]
      [Code Root Scanning (ms): Min: 0.0, Avg: 0.0, Max: 0.0, Diff: 0.0, Sum: 0.0]
      [Object Copy (ms): Min: 0.8, Avg: 1.3, Max: 1.5, Diff: 0.7, Sum: 10.4]
      [Termination (ms): Min: 0.0, Avg: 0.0, Max: 0.0, Diff: 0.0, Sum: 0.1]
         [Termination Attempts: Min: 44, Avg: 55.8, Max: 62, Diff: 18, Sum: 446]
      [GC Worker Other (ms): Min: 0.0, Avg: 0.1, Max: 0.1, Diff: 0.1, Sum: 0.6]
      [GC Worker Total (ms): Min: 9.9, Avg: 10.0, Max: 10.1, Diff: 0.2, Sum: 79.9]
      [GC Worker End (ms): Min: 322859978.5, Avg: 322859978.5, Max: 322859978.6, Diff: 0.1]
   [Code Root Fixup: 0.0 ms]
   [Code Root Purge: 0.0 ms]
   [Clear CT: 0.7 ms]
   [Other: 2.4 ms]
      [Choose CSet: 0.0 ms]
      [Ref Proc: 1.8 ms]
      [Ref Enq: 0.1 ms]
      [Redirty Cards: 0.1 ms]
      [Humongous Register: 0.1 ms]
      [Humongous Reclaim: 0.0 ms]
      [Free CSet: 0.3 ms]
   [Eden: 7152.0M(7152.0M)->0.0B(7152.0M) Survivors: 16384.0K->16384.0K Heap: 10526.1M(14336.0M)->3403.6M(14336.0M)]
 [Times: user=0.09 sys=0.00, real=0.01 secs] 
2022-07-25T15:07:43.113-0700: 323834.617: [GC pause (G1 Evacuation Pause) (young) (initial-mark), 0.0152626 secs]
   [Parallel Time: 10.0 ms, GC Workers: 8]
      [GC Worker Start (ms): Min: 323834619.3, Avg: 323834619.4, Max: 323834619.4, Diff: 0.2]
      [Ext Root Scanning (ms): Min: 6.7, Avg: 6.9, Max: 7.2, Diff: 0.6, Sum: 55.2]
      [Update RS (ms): Min: 0.2, Avg: 0.3, Max: 0.5, Diff: 0.3, Sum: 2.5]
         [Processed Buffers: Min: 1, Avg: 22.1, Max: 46, Diff: 45, Sum: 177]
      [Scan RS (ms): Min: 0.0, Avg: 0.1, Max: 0.1, Diff: 0.1, Sum: 0.5]
      [Code Root Scanning (ms): Min: 0.0, Avg: 0.0, Max: 0.0, Diff: 0.0, Sum: 0.0]
      [Object Copy (ms): Min: 0.1, Avg: 0.5, Max: 0.8, Diff: 0.7, Sum: 3.8]
      [Termination (ms): Min: 0.0, Avg: 0.0, Max: 0.0, Diff: 0.0, Sum: 0.0]
         [Termination Attempts: Min: 1, Avg: 1.6, Max: 3, Diff: 2, Sum: 13]
      [GC Worker Other (ms): Min: 0.0, Avg: 0.1, Max: 0.1, Diff: 0.1, Sum: 0.5]
      [GC Worker Total (ms): Min: 7.7, Avg: 7.8, Max: 7.9, Diff: 0.2, Sum: 62.6]
      [GC Worker End (ms): Min: 323834627.1, Avg: 323834627.2, Max: 323834627.2, Diff: 0.1]
   [Code Root Fixup: 0.0 ms]
   [Code Root Purge: 0.0 ms]
   [Clear CT: 0.6 ms]
   [Other: 4.6 ms]
      [Choose CSet: 0.0 ms]
      [Ref Proc: 3.9 ms]
      [Ref Enq: 0.1 ms]
      [Redirty Cards: 0.1 ms]
      [Humongous Register: 0.0 ms]
      [Humongous Reclaim: 0.0 ms]
      [Free CSet: 0.3 ms]
   [Eden: 7152.0M(7152.0M)->0.0B(7152.0M) Survivors: 16384.0K->16384.0K Heap: 10555.6M(14336.0M)->3416.2M(14336.0M)]
 [Times: user=0.05 sys=0.01, real=0.02 secs] 
2022-07-25T15:07:43.128-0700: 323834.633: [GC concurrent-root-region-scan-start]
2022-07-25T15:07:43.133-0700: 323834.638: [GC concurrent-root-region-scan-end, 0.0048330 secs]
2022-07-25T15:07:43.133-0700: 323834.638: [GC concurrent-mark-start]
2022-07-25T15:07:45.544-0700: 323837.049: [GC concurrent-mark-end, 2.4112723 secs]
2022-07-25T15:07:45.544-0700: 323837.049: [GC remark 2022-07-25T15:07:45.544-0700: 323837.049: [Finalize Marking, 0.0003436 secs] 2022-07-25T15:07:45.545-0700: 323837.050: [GC ref-proc, 0.0112020 secs] 2022-07-25T15:07:45.556-0700: 323837.061: [Unloading, 0.0292246 secs], 0.0460513 secs]
 [Times: user=0.26 sys=0.00, real=0.04 secs] 
2022-07-25T15:07:45.591-0700: 323837.096: [GC cleanup 3480M->3464M(14336M), 0.0085436 secs]
 [Times: user=0.06 sys=0.00, real=0.01 secs] 
2022-07-25T15:07:45.599-0700: 323837.104: [GC concurrent-cleanup-start]
2022-07-25T15:07:45.599-0700: 323837.104: [GC concurrent-cleanup-end, 0.0000255 secs]
2022-07-25T15:24:25.212-0700: 324836.717: [GC pause (G1 Evacuation Pause) (young), 0.0095747 secs]
   [Parallel Time: 6.3 ms, GC Workers: 8]
      [GC Worker Start (ms): Min: 324836717.1, Avg: 324836717.2, Max: 324836717.3, Diff: 0.2]
      [Ext Root Scanning (ms): Min: 1.1, Avg: 1.9, Max: 5.9, Diff: 4.7, Sum: 15.5]
      [Update RS (ms): Min: 0.0, Avg: 0.4, Max: 1.0, Diff: 1.0, Sum: 3.6]
         [Processed Buffers: Min: 0, Avg: 20.8, Max: 54, Diff: 54, Sum: 166]
      [Scan RS (ms): Min: 0.0, Avg: 0.1, Max: 0.2, Diff: 0.2, Sum: 0.7]
      [Code Root Scanning (ms): Min: 0.0, Avg: 0.0, Max: 0.0, Diff: 0.0, Sum: 0.0]
      [Object Copy (ms): Min: 0.0, Avg: 0.5, Max: 0.7, Diff: 0.7, Sum: 3.9]
      [Termination (ms): Min: 0.0, Avg: 2.9, Max: 3.3, Diff: 3.3, Sum: 22.9]
         [Termination Attempts: Min: 1, Avg: 1.1, Max: 2, Diff: 1, Sum: 9]
      [GC Worker Other (ms): Min: 0.0, Avg: 0.1, Max: 0.2, Diff: 0.1, Sum: 0.5]
      [GC Worker Total (ms): Min: 5.8, Avg: 5.9, Max: 6.0, Diff: 0.3, Sum: 47.1]
      [GC Worker End (ms): Min: 324836723.0, Avg: 324836723.1, Max: 324836723.2, Diff: 0.2]
   [Code Root Fixup: 0.0 ms]
   [Code Root Purge: 0.0 ms]
   [Clear CT: 0.6 ms]
   [Other: 2.7 ms]
      [Choose CSet: 0.0 ms]
      [Ref Proc: 2.0 ms]
      [Ref Enq: 0.1 ms]
      [Redirty Cards: 0.1 ms]
      [Humongous Register: 0.1 ms]
      [Humongous Reclaim: 0.0 ms]
      [Free CSet: 0.3 ms]
   [Eden: 7152.0M(7152.0M)->0.0B(5712.0M) Survivors: 16384.0K->16384.0K Heap: 10552.2M(14336.0M)->3398.9M(14336.0M)]
 [Times: user=0.06 sys=0.01, real=0.01 secs] 
2022-07-25T15:37:44.212-0700: 325635.717: [GC pause (G1 Evacuation Pause) (mixed), 0.0269321 secs]
   [Parallel Time: 23.1 ms, GC Workers: 8]
      [GC Worker Start (ms): Min: 325635716.9, Avg: 325635717.0, Max: 325635717.1, Diff: 0.2]
      [Ext Root Scanning (ms): Min: 1.2, Avg: 2.1, Max: 6.9, Diff: 5.6, Sum: 16.9]
      [Update RS (ms): Min: 0.0, Avg: 0.3, Max: 0.7, Diff: 0.7, Sum: 2.7]
         [Processed Buffers: Min: 0, Avg: 18.8, Max: 62, Diff: 62, Sum: 150]
      [Scan RS (ms): Min: 0.0, Avg: 1.3, Max: 1.7, Diff: 1.6, Sum: 10.4]
      [Code Root Scanning (ms): Min: 0.0, Avg: 0.0, Max: 0.2, Diff: 0.2, Sum: 0.2]
      [Object Copy (ms): Min: 16.1, Avg: 18.9, Max: 19.4, Diff: 3.3, Sum: 151.0]
      [Termination (ms): Min: 0.0, Avg: 0.3, Max: 0.5, Diff: 0.4, Sum: 2.5]
         [Termination Attempts: Min: 1, Avg: 3.8, Max: 10, Diff: 9, Sum: 30]
      [GC Worker Other (ms): Min: 0.0, Avg: 0.0, Max: 0.0, Diff: 0.0, Sum: 0.2]
      [GC Worker Total (ms): Min: 22.9, Avg: 23.0, Max: 23.1, Diff: 0.2, Sum: 183.8]
      [GC Worker End (ms): Min: 325635740.0, Avg: 325635740.0, Max: 325635740.0, Diff: 0.0]
   [Code Root Fixup: 0.0 ms]
   [Code Root Purge: 0.0 ms]
   [Clear CT: 0.7 ms]
   [Other: 3.1 ms]
      [Choose CSet: 0.0 ms]
      [Ref Proc: 2.3 ms]
      [Ref Enq: 0.1 ms]
      [Redirty Cards: 0.1 ms]
      [Humongous Register: 0.1 ms]
      [Humongous Reclaim: 0.0 ms]
      [Free CSet: 0.3 ms]
   [Eden: 5712.0M(5712.0M)->0.0B(7152.0M) Survivors: 16384.0K->16384.0K Heap: 9110.9M(14336.0M)->3226.9M(14336.0M)]
 [Times: user=0.08 sys=0.00, real=0.03 secs] 
2022-07-25T15:54:36.763-0700: 326648.267: [GC pause (G1 Evacuation Pause) (young), 0.0095261 secs]
   [Parallel Time: 6.5 ms, GC Workers: 8]
      [GC Worker Start (ms): Min: 326648267.5, Avg: 326648267.5, Max: 326648267.6, Diff: 0.1]
      [Ext Root Scanning (ms): Min: 1.2, Avg: 2.0, Max: 5.9, Diff: 4.7, Sum: 15.7]
      [Update RS (ms): Min: 0.0, Avg: 3.7, Max: 4.6, Diff: 4.6, Sum: 29.7]
         [Processed Buffers: Min: 9, Avg: 28.1, Max: 54, Diff: 45, Sum: 225]
      [Scan RS (ms): Min: 0.0, Avg: 0.1, Max: 0.1, Diff: 0.1, Sum: 0.5]
      [Code Root Scanning (ms): Min: 0.0, Avg: 0.0, Max: 0.0, Diff: 0.0, Sum: 0.0]
      [Object Copy (ms): Min: 0.3, Avg: 0.5, Max: 0.7, Diff: 0.4, Sum: 4.4]
      [Termination (ms): Min: 0.0, Avg: 0.0, Max: 0.0, Diff: 0.0, Sum: 0.0]
         [Termination Attempts: Min: 1, Avg: 1.8, Max: 2, Diff: 1, Sum: 14]
      [GC Worker Other (ms): Min: 0.0, Avg: 0.1, Max: 0.1, Diff: 0.1, Sum: 0.4]
      [GC Worker Total (ms): Min: 6.3, Avg: 6.3, Max: 6.4, Diff: 0.1, Sum: 50.8]
      [GC Worker End (ms): Min: 326648273.8, Avg: 326648273.9, Max: 326648273.9, Diff: 0.1]
   [Code Root Fixup: 0.0 ms]
   [Code Root Purge: 0.0 ms]
   [Clear CT: 0.6 ms]
   [Other: 2.4 ms]
      [Choose CSet: 0.0 ms]
      [Ref Proc: 1.7 ms]
      [Ref Enq: 0.1 ms]
      [Redirty Cards: 0.1 ms]
      [Humongous Register: 0.0 ms]
      [Humongous Reclaim: 0.0 ms]
      [Free CSet: 0.3 ms]
   [Eden: 7152.0M(7152.0M)->0.0B(7152.0M) Survivors: 16384.0K->16384.0K Heap: 10378.9M(14336.0M)->3237.0M(14336.0M)]
 [Times: user=0.06 sys=0.00, real=0.01 secs] 
2022-07-25T16:11:13.784-0700: 327645.289: [GC pause (G1 Evacuation Pause) (young) (initial-mark), 0.0153378 secs]
   [Parallel Time: 10.3 ms, GC Workers: 8]
      [GC Worker Start (ms): Min: 327645291.4, Avg: 327645291.6, Max: 327645291.6, Diff: 0.2]
      [Ext Root Scanning (ms): Min: 6.4, Avg: 6.7, Max: 7.1, Diff: 0.7, Sum: 53.3]
      [Update RS (ms): Min: 0.2, Avg: 0.3, Max: 0.6, Diff: 0.4, Sum: 2.6]
         [Processed Buffers: Min: 6, Avg: 19.9, Max: 33, Diff: 27, Sum: 159]
      [Scan RS (ms): Min: 0.0, Avg: 0.1, Max: 0.1, Diff: 0.1, Sum: 0.6]
      [Code Root Scanning (ms): Min: 0.0, Avg: 0.0, Max: 0.0, Diff: 0.0, Sum: 0.0]
      [Object Copy (ms): Min: 0.1, Avg: 0.5, Max: 0.7, Diff: 0.6, Sum: 4.1]
      [Termination (ms): Min: 0.0, Avg: 0.1, Max: 0.1, Diff: 0.1, Sum: 0.8]
         [Termination Attempts: Min: 1, Avg: 1.4, Max: 2, Diff: 1, Sum: 11]
      [GC Worker Other (ms): Min: 0.0, Avg: 0.1, Max: 0.1, Diff: 0.1, Sum: 0.5]
      [GC Worker Total (ms): Min: 7.6, Avg: 7.8, Max: 7.9, Diff: 0.3, Sum: 62.0]
      [GC Worker End (ms): Min: 327645299.3, Avg: 327645299.3, Max: 327645299.4, Diff: 0.1]
   [Code Root Fixup: 0.0 ms]
   [Code Root Purge: 0.0 ms]
   [Clear CT: 0.6 ms]
   [Other: 4.5 ms]
      [Choose CSet: 0.0 ms]
      [Ref Proc: 3.8 ms]
      [Ref Enq: 0.1 ms]
      [Redirty Cards: 0.1 ms]
      [Humongous Register: 0.0 ms]
      [Humongous Reclaim: 0.0 ms]
      [Free CSet: 0.3 ms]
   [Eden: 7152.0M(7152.0M)->0.0B(7152.0M) Survivors: 16384.0K->16384.0K Heap: 10389.0M(14336.0M)->3238.0M(14336.0M)]
 [Times: user=0.05 sys=0.02, real=0.01 secs] 
2022-07-25T16:11:13.800-0700: 327645.305: [GC concurrent-root-region-scan-start]
2022-07-25T16:11:13.805-0700: 327645.309: [GC concurrent-root-region-scan-end, 0.0047237 secs]
2022-07-25T16:11:13.805-0700: 327645.309: [GC concurrent-mark-start]
2022-07-25T16:11:16.201-0700: 327647.706: [GC concurrent-mark-end, 2.3966779 secs]
2022-07-25T16:11:16.202-0700: 327647.706: [GC remark 2022-07-25T16:11:16.202-0700: 327647.706: [Finalize Marking, 0.0003603 secs] 2022-07-25T16:11:16.202-0700: 327647.707: [GC ref-proc, 0.0099937 secs] 2022-07-25T16:11:16.212-0700: 327647.717: [Unloading, 0.0271416 secs], 0.0427855 secs]
 [Times: user=0.25 sys=0.00, real=0.05 secs] 
2022-07-25T16:11:16.245-0700: 327647.749: [GC cleanup 3302M->3302M(14336M), 0.0079999 secs]
 [Times: user=0.05 sys=0.00, real=0.00 secs] 
2022-07-25T16:27:49.861-0700: 328641.366: [GC pause (G1 Evacuation Pause) (young), 0.0115552 secs]
   [Parallel Time: 5.8 ms, GC Workers: 8]
      [GC Worker Start (ms): Min: 328641365.9, Avg: 328641366.0, Max: 328641366.1, Diff: 0.1]
      [Ext Root Scanning (ms): Min: 1.3, Avg: 2.1, Max: 5.4, Diff: 4.1, Sum: 16.4]
      [Update RS (ms): Min: 0.0, Avg: 0.3, Max: 0.7, Diff: 0.7, Sum: 2.7]
         [Processed Buffers: Min: 0, Avg: 20.8, Max: 52, Diff: 52, Sum: 166]
      [Scan RS (ms): Min: 0.0, Avg: 0.1, Max: 0.1, Diff: 0.1, Sum: 0.6]
      [Code Root Scanning (ms): Min: 0.0, Avg: 0.0, Max: 0.0, Diff: 0.0, Sum: 0.0]
      [Object Copy (ms): Min: 0.0, Avg: 0.5, Max: 0.8, Diff: 0.8, Sum: 4.4]
      [Termination (ms): Min: 0.0, Avg: 2.4, Max: 2.8, Diff: 2.8, Sum: 19.4]
         [Termination Attempts: Min: 1, Avg: 1.0, Max: 1, Diff: 0, Sum: 8]
      [GC Worker Other (ms): Min: 0.0, Avg: 0.0, Max: 0.0, Diff: 0.0, Sum: 0.1]
      [GC Worker Total (ms): Min: 5.4, Avg: 5.4, Max: 5.5, Diff: 0.1, Sum: 43.6]
      [GC Worker End (ms): Min: 328641371.4, Avg: 328641371.4, Max: 328641371.5, Diff: 0.0]
   [Code Root Fixup: 0.0 ms]
   [Code Root Purge: 0.0 ms]
   [Clear CT: 0.6 ms]
   [Other: 5.1 ms]
      [Choose CSet: 0.0 ms]
      [Ref Proc: 4.4 ms]
      [Ref Enq: 0.1 ms]
      [Redirty Cards: 0.1 ms]
      [Humongous Register: 0.1 ms]
      [Humongous Reclaim: 0.0 ms]
      [Free CSet: 0.3 ms]
   [Eden: 7152.0M(7152.0M)->0.0B(5712.0M) Survivors: 16384.0K->16384.0K Heap: 10390.0M(14336.0M)->3238.1M(14336.0M)]
 [Times: user=0.06 sys=0.00, real=0.01 secs] 
2022-07-25T16:41:21.861-0700: 329453.366: [GC pause (G1 Evacuation Pause) (mixed), 0.0123020 secs]
   [Parallel Time: 6.7 ms, GC Workers: 8]
      [GC Worker Start (ms): Min: 329453365.8, Avg: 329453365.9, Max: 329453366.0, Diff: 0.2]
      [Ext Root Scanning (ms): Min: 1.2, Avg: 2.1, Max: 6.6, Diff: 5.3, Sum: 16.5]
      [Update RS (ms): Min: 0.0, Avg: 0.3, Max: 0.7, Diff: 0.7, Sum: 2.7]
         [Processed Buffers: Min: 0, Avg: 18.4, Max: 60, Diff: 60, Sum: 147]
      [Scan RS (ms): Min: 0.0, Avg: 0.4, Max: 0.6, Diff: 0.6, Sum: 3.4]
      [Code Root Scanning (ms): Min: 0.0, Avg: 0.0, Max: 0.3, Diff: 0.3, Sum: 0.3]
      [Object Copy (ms): Min: 0.0, Avg: 1.4, Max: 1.8, Diff: 1.8, Sum: 11.4]
      [Termination (ms): Min: 0.0, Avg: 2.2, Max: 2.5, Diff: 2.5, Sum: 17.7]
         [Termination Attempts: Min: 1, Avg: 1.0, Max: 1, Diff: 0, Sum: 8]
      [GC Worker Other (ms): Min: 0.0, Avg: 0.0, Max: 0.1, Diff: 0.0, Sum: 0.2]
      [GC Worker Total (ms): Min: 6.5, Avg: 6.5, Max: 6.6, Diff: 0.2, Sum: 52.3]
      [GC Worker End (ms): Min: 329453372.4, Avg: 329453372.5, Max: 329453372.5, Diff: 0.0]
   [Code Root Fixup: 0.0 ms]
   [Code Root Purge: 0.0 ms]
   [Clear CT: 0.5 ms]
   [Other: 5.0 ms]
      [Choose CSet: 0.0 ms]
      [Ref Proc: 4.3 ms]
      [Ref Enq: 0.1 ms]
      [Redirty Cards: 0.1 ms]
      [Humongous Register: 0.1 ms]
      [Humongous Reclaim: 0.0 ms]
      [Free CSet: 0.2 ms]
   [Eden: 5712.0M(5712.0M)->0.0B(7152.0M) Survivors: 16384.0K->16384.0K Heap: 8950.1M(14336.0M)->3224.9M(14336.0M)]
 [Times: user=0.06 sys=0.00, real=0.01 secs] 
2022-07-25T16:57:59.563-0700: 330451.067: [GC pause (G1 Evacuation Pause) (young), 0.0104399 secs]
   [Parallel Time: 5.7 ms, GC Workers: 8]
      [GC Worker Start (ms): Min: 330451067.5, Avg: 330451067.6, Max: 330451067.7, Diff: 0.2]
      [Ext Root Scanning (ms): Min: 1.9, Avg: 2.7, Max: 5.3, Diff: 3.4, Sum: 21.6]
      [Update RS (ms): Min: 0.0, Avg: 1.5, Max: 2.0, Diff: 2.0, Sum: 11.7]
         [Processed Buffers: Min: 0, Avg: 22.2, Max: 77, Diff: 77, Sum: 178]
      [Scan RS (ms): Min: 0.0, Avg: 0.1, Max: 0.1, Diff: 0.1, Sum: 0.5]
      [Code Root Scanning (ms): Min: 0.0, Avg: 0.0, Max: 0.0, Diff: 0.0, Sum: 0.0]
      [Object Copy (ms): Min: 0.0, Avg: 0.5, Max: 0.9, Diff: 0.9, Sum: 4.0]
      [Termination (ms): Min: 0.0, Avg: 0.5, Max: 0.6, Diff: 0.6, Sum: 4.0]
         [Termination Attempts: Min: 1, Avg: 2.1, Max: 3, Diff: 2, Sum: 17]
      [GC Worker Other (ms): Min: 0.0, Avg: 0.0, Max: 0.1, Diff: 0.1, Sum: 0.2]
      [GC Worker Total (ms): Min: 5.2, Avg: 5.3, Max: 5.4, Diff: 0.2, Sum: 42.1]
      [GC Worker End (ms): Min: 330451072.9, Avg: 330451072.9, Max: 330451073.0, Diff: 0.1]
   [Code Root Fixup: 0.0 ms]
   [Code Root Purge: 0.0 ms]
   [Clear CT: 0.7 ms]
   [Other: 4.1 ms]
      [Choose CSet: 0.0 ms]
      [Ref Proc: 3.4 ms]
      [Ref Enq: 0.1 ms]
      [Redirty Cards: 0.1 ms]
      [Humongous Register: 0.1 ms]
      [Humongous Reclaim: 0.0 ms]
      [Free CSet: 0.3 ms]
   [Eden: 7152.0M(7152.0M)->0.0B(7152.0M) Survivors: 16384.0K->16384.0K Heap: 10376.9M(14336.0M)->3225.5M(14336.0M)]
 [Times: user=0.05 sys=0.00, real=0.01 secs] 
2022-07-25T17:14:37.061-0700: 331448.566: [GC pause (G1 Evacuation Pause) (young) (initial-mark), 0.0151540 secs]
   [Parallel Time: 10.3 ms, GC Workers: 8]
      [GC Worker Start (ms): Min: 331448567.9, Avg: 331448568.0, Max: 331448568.0, Diff: 0.2]
      [Ext Root Scanning (ms): Min: 6.6, Avg: 6.8, Max: 7.1, Diff: 0.5, Sum: 54.4]
      [Update RS (ms): Min: 0.2, Avg: 0.4, Max: 0.6, Diff: 0.4, Sum: 2.9]
         [Processed Buffers: Min: 1, Avg: 22.9, Max: 66, Diff: 65, Sum: 183]
      [Scan RS (ms): Min: 0.0, Avg: 0.1, Max: 0.1, Diff: 0.1, Sum: 0.5]
      [Code Root Scanning (ms): Min: 0.0, Avg: 0.0, Max: 0.0, Diff: 0.0, Sum: 0.0]
      [Object Copy (ms): Min: 0.1, Avg: 0.5, Max: 0.7, Diff: 0.6, Sum: 3.9]
      [Termination (ms): Min: 0.0, Avg: 0.1, Max: 0.1, Diff: 0.1, Sum: 0.6]
         [Termination Attempts: Min: 1, Avg: 1.0, Max: 1, Diff: 0, Sum: 8]
      [GC Worker Other (ms): Min: 0.0, Avg: 0.0, Max: 0.1, Diff: 0.0, Sum: 0.3]
      [GC Worker Total (ms): Min: 7.8, Avg: 7.8, Max: 7.9, Diff: 0.2, Sum: 62.6]
      [GC Worker End (ms): Min: 331448575.8, Avg: 331448575.8, Max: 331448575.8, Diff: 0.1]
   [Code Root Fixup: 0.0 ms]
   [Code Root Purge: 0.0 ms]
   [Clear CT: 0.6 ms]
   [Other: 4.3 ms]
      [Choose CSet: 0.0 ms]
      [Ref Proc: 3.6 ms]
      [Ref Enq: 0.1 ms]
      [Redirty Cards: 0.1 ms]
      [Humongous Register: 0.0 ms]
      [Humongous Reclaim: 0.0 ms]
      [Free CSet: 0.3 ms]
   [Eden: 7152.0M(7152.0M)->0.0B(7152.0M) Survivors: 16384.0K->16384.0K Heap: 10377.5M(14336.0M)->3225.9M(14336.0M)]
 [Times: user=0.06 sys=0.01, real=0.02 secs] 
2022-07-25T17:14:37.076-0700: 331448.581: [GC concurrent-root-region-scan-start]
2022-07-25T17:14:37.081-0700: 331448.586: [GC concurrent-root-region-scan-end, 0.0049587 secs]
2022-07-25T17:14:37.081-0700: 331448.586: [GC concurrent-mark-start]
2022-07-25T17:14:39.506-0700: 331451.010: [GC concurrent-mark-end, 2.4243952 secs]
2022-07-25T17:14:39.506-0700: 331451.011: [GC remark 2022-07-25T17:14:39.506-0700: 331451.011: [Finalize Marking, 0.0003409 secs] 2022-07-25T17:14:39.506-0700: 331451.011: [GC ref-proc, 0.0104510 secs] 2022-07-25T17:14:39.517-0700: 331451.022: [Unloading, 0.0290911 secs], 0.0452891 secs]
 [Times: user=0.25 sys=0.00, real=0.04 secs] 
2022-07-25T17:14:39.552-0700: 331451.056: [GC cleanup 3289M->3289M(14336M), 0.0082159 secs]
 [Times: user=0.05 sys=0.00, real=0.01 secs] 
2022-07-25T17:31:15.909-0700: 332447.414: [GC pause (G1 Evacuation Pause) (young), 0.0112617 secs]
   [Parallel Time: 5.8 ms, GC Workers: 8]
      [GC Worker Start (ms): Min: 332447413.8, Avg: 332447413.9, Max: 332447414.0, Diff: 0.2]
      [Ext Root Scanning (ms): Min: 1.2, Avg: 1.9, Max: 5.5, Diff: 4.3, Sum: 15.6]
      [Update RS (ms): Min: 0.0, Avg: 0.3, Max: 0.7, Diff: 0.7, Sum: 2.8]
         [Processed Buffers: Min: 0, Avg: 21.4, Max: 54, Diff: 54, Sum: 171]
      [Scan RS (ms): Min: 0.0, Avg: 0.1, Max: 0.2, Diff: 0.1, Sum: 0.6]
      [Code Root Scanning (ms): Min: 0.0, Avg: 0.0, Max: 0.0, Diff: 0.0, Sum: 0.0]
      [Object Copy (ms): Min: 0.0, Avg: 0.5, Max: 0.7, Diff: 0.7, Sum: 3.7]
      [Termination (ms): Min: 0.0, Avg: 2.6, Max: 3.1, Diff: 3.1, Sum: 21.1]
         [Termination Attempts: Min: 1, Avg: 1.5, Max: 3, Diff: 2, Sum: 12]
      [GC Worker Other (ms): Min: 0.0, Avg: 0.0, Max: 0.0, Diff: 0.0, Sum: 0.2]
      [GC Worker Total (ms): Min: 5.4, Avg: 5.5, Max: 5.6, Diff: 0.1, Sum: 44.0]
      [GC Worker End (ms): Min: 332447419.4, Avg: 332447419.4, Max: 332447419.4, Diff: 0.1]
   [Code Root Fixup: 0.0 ms]
   [Code Root Purge: 0.0 ms]
   [Clear CT: 0.6 ms]
   [Other: 4.8 ms]
      [Choose CSet: 0.0 ms]
      [Ref Proc: 4.2 ms]
      [Ref Enq: 0.1 ms]
      [Redirty Cards: 0.1 ms]
      [Humongous Register: 0.0 ms]
      [Humongous Reclaim: 0.0 ms]
      [Free CSet: 0.3 ms]
   [Eden: 7152.0M(7152.0M)->0.0B(5712.0M) Survivors: 16384.0K->16384.0K Heap: 10377.9M(14336.0M)->3225.8M(14336.0M)]
 [Times: user=0.06 sys=0.00, real=0.01 secs] 
2022-07-25T17:44:26.812-0700: 333238.317: [GC pause (G1 Evacuation Pause) (mixed), 0.0117085 secs]
   [Parallel Time: 6.7 ms, GC Workers: 8]
      [GC Worker Start (ms): Min: 333238317.4, Avg: 333238317.5, Max: 333238317.6, Diff: 0.2]
      [Ext Root Scanning (ms): Min: 1.2, Avg: 2.0, Max: 6.2, Diff: 5.0, Sum: 16.3]
      [Update RS (ms): Min: 0.0, Avg: 0.3, Max: 0.6, Diff: 0.6, Sum: 2.6]
         [Processed Buffers: Min: 0, Avg: 18.9, Max: 49, Diff: 49, Sum: 151]
      [Scan RS (ms): Min: 0.0, Avg: 0.4, Max: 0.6, Diff: 0.5, Sum: 2.9]
      [Code Root Scanning (ms): Min: 0.0, Avg: 0.0, Max: 0.2, Diff: 0.2, Sum: 0.2]
      [Object Copy (ms): Min: 0.0, Avg: 1.3, Max: 1.7, Diff: 1.7, Sum: 10.8]
      [Termination (ms): Min: 0.0, Avg: 2.1, Max: 2.4, Diff: 2.4, Sum: 16.8]
         [Termination Attempts: Min: 1, Avg: 1.2, Max: 2, Diff: 1, Sum: 10]
      [GC Worker Other (ms): Min: 0.0, Avg: 0.0, Max: 0.0, Diff: 0.0, Sum: 0.2]
      [GC Worker Total (ms): Min: 6.2, Avg: 6.2, Max: 6.3, Diff: 0.1, Sum: 49.8]
      [GC Worker End (ms): Min: 333238323.7, Avg: 333238323.7, Max: 333238323.7, Diff: 0.0]
   [Code Root Fixup: 0.0 ms]
   [Code Root Purge: 0.0 ms]
   [Clear CT: 0.6 ms]
   [Other: 4.4 ms]
      [Choose CSet: 0.0 ms]
      [Ref Proc: 3.7 ms]
      [Ref Enq: 0.1 ms]
      [Redirty Cards: 0.1 ms]
      [Humongous Register: 0.1 ms]
      [Humongous Reclaim: 0.0 ms]
      [Free CSet: 0.2 ms]
   [Eden: 5712.0M(5712.0M)->0.0B(7152.0M) Survivors: 16384.0K->16384.0K Heap: 8937.8M(14336.0M)->3214.2M(14336.0M)]
 [Times: user=0.06 sys=0.00, real=0.02 secs] 
2022-07-25T18:01:09.613-0700: 334241.117: [GC pause (G1 Evacuation Pause) (young), 0.0112190 secs]
   [Parallel Time: 5.6 ms, GC Workers: 8]
      [GC Worker Start (ms): Min: 334241117.7, Avg: 334241117.8, Max: 334241117.8, Diff: 0.1]
      [Ext Root Scanning (ms): Min: 1.1, Avg: 1.8, Max: 5.2, Diff: 4.1, Sum: 14.6]
      [Update RS (ms): Min: 0.0, Avg: 1.2, Max: 1.7, Diff: 1.7, Sum: 9.4]
         [Processed Buffers: Min: 0, Avg: 22.5, Max: 64, Diff: 64, Sum: 180]
      [Scan RS (ms): Min: 0.0, Avg: 0.1, Max: 0.1, Diff: 0.1, Sum: 0.5]
      [Code Root Scanning (ms): Min: 0.0, Avg: 0.0, Max: 0.0, Diff: 0.0, Sum: 0.0]
      [Object Copy (ms): Min: 0.0, Avg: 0.5, Max: 0.6, Diff: 0.6, Sum: 3.6]
      [Termination (ms): Min: 0.0, Avg: 1.6, Max: 1.9, Diff: 1.9, Sum: 12.9]
         [Termination Attempts: Min: 1, Avg: 6.1, Max: 10, Diff: 9, Sum: 49]
      [GC Worker Other (ms): Min: 0.0, Avg: 0.0, Max: 0.0, Diff: 0.0, Sum: 0.2]
      [GC Worker Total (ms): Min: 5.1, Avg: 5.2, Max: 5.2, Diff: 0.1, Sum: 41.3]
      [GC Worker End (ms): Min: 334241122.9, Avg: 334241122.9, Max: 334241123.0, Diff: 0.0]
   [Code Root Fixup: 0.0 ms]
   [Code Root Purge: 0.0 ms]
   [Clear CT: 0.6 ms]
   [Other: 5.0 ms]
      [Choose CSet: 0.0 ms]
      [Ref Proc: 4.3 ms]
      [Ref Enq: 0.1 ms]
      [Redirty Cards: 0.1 ms]
      [Humongous Register: 0.1 ms]
      [Humongous Reclaim: 0.0 ms]
      [Free CSet: 0.3 ms]
   [Eden: 7152.0M(7152.0M)->0.0B(7152.0M) Survivors: 16384.0K->16384.0K Heap: 10366.2M(14336.0M)->3214.4M(14336.0M)]
 [Times: user=0.05 sys=0.00, real=0.02 secs] 
2022-07-25T18:17:38.863-0700: 335230.368: [GC pause (G1 Evacuation Pause) (young) (initial-mark), 0.0145976 secs]
   [Parallel Time: 9.2 ms, GC Workers: 8]
      [GC Worker Start (ms): Min: 335230370.1, Avg: 335230370.2, Max: 335230370.2, Diff: 0.1]
      [Ext Root Scanning (ms): Min: 6.1, Avg: 6.3, Max: 6.5, Diff: 0.4, Sum: 50.3]
      [Update RS (ms): Min: 0.2, Avg: 0.3, Max: 0.5, Diff: 0.3, Sum: 2.3]
         [Processed Buffers: Min: 1, Avg: 21.5, Max: 45, Diff: 44, Sum: 172]
      [Scan RS (ms): Min: 0.0, Avg: 0.1, Max: 0.1, Diff: 0.1, Sum: 0.5]
      [Code Root Scanning (ms): Min: 0.0, Avg: 0.0, Max: 0.0, Diff: 0.0, Sum: 0.0]
      [Object Copy (ms): Min: 0.3, Avg: 0.5, Max: 0.7, Diff: 0.5, Sum: 3.9]
      [Termination (ms): Min: 0.0, Avg: 0.0, Max: 0.1, Diff: 0.1, Sum: 0.3]
         [Termination Attempts: Min: 1, Avg: 1.0, Max: 1, Diff: 0, Sum: 8]
      [GC Worker Other (ms): Min: 0.0, Avg: 0.0, Max: 0.1, Diff: 0.0, Sum: 0.3]
      [GC Worker Total (ms): Min: 7.2, Avg: 7.2, Max: 7.3, Diff: 0.1, Sum: 57.6]
      [GC Worker End (ms): Min: 335230377.4, Avg: 335230377.4, Max: 335230377.4, Diff: 0.0]
   [Code Root Fixup: 0.0 ms]
   [Code Root Purge: 0.0 ms]
   [Clear CT: 0.7 ms]
   [Other: 4.6 ms]
      [Choose CSet: 0.0 ms]
      [Ref Proc: 3.9 ms]
      [Ref Enq: 0.1 ms]
      [Redirty Cards: 0.1 ms]
      [Humongous Register: 0.0 ms]
      [Humongous Reclaim: 0.0 ms]
      [Free CSet: 0.3 ms]
   [Eden: 7152.0M(7152.0M)->0.0B(7152.0M) Survivors: 16384.0K->16384.0K Heap: 10366.4M(14336.0M)->3214.5M(14336.0M)]
 [Times: user=0.06 sys=0.00, real=0.01 secs] 
2022-07-25T18:17:38.878-0700: 335230.383: [GC concurrent-root-region-scan-start]
2022-07-25T18:17:38.883-0700: 335230.388: [GC concurrent-root-region-scan-end, 0.0046923 secs]
2022-07-25T18:17:38.883-0700: 335230.388: [GC concurrent-mark-start]
2022-07-25T18:17:41.301-0700: 335232.806: [GC concurrent-mark-end, 2.4182294 secs]
2022-07-25T18:17:41.301-0700: 335232.806: [GC remark 2022-07-25T18:17:41.301-0700: 335232.806: [Finalize Marking, 0.0003607 secs] 2022-07-25T18:17:41.302-0700: 335232.807: [GC ref-proc, 0.0103891 secs] 2022-07-25T18:17:41.312-0700: 335232.817: [Unloading, 0.0276541 secs], 0.0436747 secs]
 [Times: user=0.25 sys=0.00, real=0.05 secs] 
2022-07-25T18:17:41.345-0700: 335232.850: [GC cleanup 3278M->3278M(14336M), 0.0082623 secs]
 [Times: user=0.06 sys=0.00, real=0.00 secs] 
2022-07-25T18:34:01.112-0700: 336212.616: [GC pause (G1 Evacuation Pause) (young), 0.0110896 secs]
   [Parallel Time: 5.3 ms, GC Workers: 8]
      [GC Worker Start (ms): Min: 336212616.5, Avg: 336212616.6, Max: 336212616.6, Diff: 0.1]
      [Ext Root Scanning (ms): Min: 2.1, Avg: 2.9, Max: 5.0, Diff: 2.8, Sum: 23.5]
      [Update RS (ms): Min: 0.0, Avg: 0.3, Max: 0.7, Diff: 0.7, Sum: 2.4]
         [Processed Buffers: Min: 0, Avg: 21.5, Max: 71, Diff: 71, Sum: 172]
      [Scan RS (ms): Min: 0.0, Avg: 0.1, Max: 0.1, Diff: 0.1, Sum: 0.6]
      [Code Root Scanning (ms): Min: 0.0, Avg: 0.0, Max: 0.0, Diff: 0.0, Sum: 0.0]
      [Object Copy (ms): Min: 0.0, Avg: 0.3, Max: 0.8, Diff: 0.8, Sum: 2.7]
      [Termination (ms): Min: 0.0, Avg: 1.3, Max: 1.5, Diff: 1.5, Sum: 10.5]
         [Termination Attempts: Min: 1, Avg: 1.6, Max: 3, Diff: 2, Sum: 13]
      [GC Worker Other (ms): Min: 0.0, Avg: 0.0, Max: 0.0, Diff: 0.0, Sum: 0.2]
      [GC Worker Total (ms): Min: 4.9, Avg: 5.0, Max: 5.0, Diff: 0.1, Sum: 39.9]
      [GC Worker End (ms): Min: 336212621.5, Avg: 336212621.5, Max: 336212621.6, Diff: 0.1]
   [Code Root Fixup: 0.0 ms]
   [Code Root Purge: 0.0 ms]
   [Clear CT: 0.7 ms]
   [Other: 5.0 ms]
      [Choose CSet: 0.0 ms]
      [Ref Proc: 4.2 ms]
      [Ref Enq: 0.2 ms]
      [Redirty Cards: 0.1 ms]
      [Humongous Register: 0.0 ms]
      [Humongous Reclaim: 0.0 ms]
      [Free CSet: 0.3 ms]
   [Eden: 7152.0M(7152.0M)->0.0B(7152.0M) Survivors: 16384.0K->16384.0K Heap: 10366.5M(14336.0M)->3214.6M(14336.0M)]
 [Times: user=0.03 sys=0.01, real=0.02 secs] 
2022-07-25T18:50:39.562-0700: 337211.066: [GC pause (G1 Evacuation Pause) (young), 0.0114557 secs]
   [Parallel Time: 6.4 ms, GC Workers: 8]
      [GC Worker Start (ms): Min: 337211066.6, Avg: 337211066.6, Max: 337211066.7, Diff: 0.1]
      [Ext Root Scanning (ms): Min: 1.2, Avg: 2.0, Max: 6.1, Diff: 4.9, Sum: 15.9]
      [Update RS (ms): Min: 0.0, Avg: 0.4, Max: 0.7, Diff: 0.7, Sum: 2.8]
         [Processed Buffers: Min: 0, Avg: 21.2, Max: 64, Diff: 64, Sum: 170]
      [Scan RS (ms): Min: 0.0, Avg: 0.1, Max: 0.2, Diff: 0.2, Sum: 0.7]
      [Code Root Scanning (ms): Min: 0.0, Avg: 0.0, Max: 0.0, Diff: 0.0, Sum: 0.0]
      [Object Copy (ms): Min: 0.0, Avg: 0.5, Max: 0.7, Diff: 0.7, Sum: 4.0]
      [Termination (ms): Min: 0.0, Avg: 3.2, Max: 3.6, Diff: 3.6, Sum: 25.4]
         [Termination Attempts: Min: 1, Avg: 4.2, Max: 6, Diff: 5, Sum: 34]
      [GC Worker Other (ms): Min: 0.0, Avg: 0.0, Max: 0.0, Diff: 0.0, Sum: 0.1]
      [GC Worker Total (ms): Min: 6.1, Avg: 6.1, Max: 6.2, Diff: 0.1, Sum: 48.9]
      [GC Worker End (ms): Min: 337211072.7, Avg: 337211072.8, Max: 337211072.8, Diff: 0.0]
   [Code Root Fixup: 0.0 ms]
   [Code Root Purge: 0.0 ms]
   [Clear CT: 0.6 ms]
   [Other: 4.5 ms]
      [Choose CSet: 0.0 ms]
      [Ref Proc: 3.8 ms]
      [Ref Enq: 0.1 ms]
      [Redirty Cards: 0.1 ms]
      [Humongous Register: 0.1 ms]
      [Humongous Reclaim: 0.0 ms]
      [Free CSet: 0.3 ms]
   [Eden: 7152.0M(7152.0M)->0.0B(7152.0M) Survivors: 16384.0K->16384.0K Heap: 10366.6M(14336.0M)->3214.4M(14336.0M)]
 [Times: user=0.07 sys=0.00, real=0.01 secs] 
2022-07-25T19:07:27.612-0700: 338219.117: [GC pause (G1 Evacuation Pause) (young) (initial-mark), 0.0153769 secs]
   [Parallel Time: 10.5 ms, GC Workers: 8]
      [GC Worker Start (ms): Min: 338219118.8, Avg: 338219118.9, Max: 338219119.0, Diff: 0.2]
      [Ext Root Scanning (ms): Min: 6.8, Avg: 7.1, Max: 7.4, Diff: 0.6, Sum: 56.6]
      [Update RS (ms): Min: 0.2, Avg: 0.3, Max: 0.6, Diff: 0.4, Sum: 2.6]
         [Processed Buffers: Min: 1, Avg: 21.6, Max: 60, Diff: 59, Sum: 173]
      [Scan RS (ms): Min: 0.0, Avg: 0.1, Max: 0.1, Diff: 0.1, Sum: 0.6]
      [Code Root Scanning (ms): Min: 0.0, Avg: 0.0, Max: 0.0, Diff: 0.0, Sum: 0.0]
      [Object Copy (ms): Min: 0.1, Avg: 0.5, Max: 0.8, Diff: 0.7, Sum: 4.4]
      [Termination (ms): Min: 0.0, Avg: 0.0, Max: 0.0, Diff: 0.0, Sum: 0.1]
         [Termination Attempts: Min: 1, Avg: 6.5, Max: 9, Diff: 8, Sum: 52]
      [GC Worker Other (ms): Min: 0.0, Avg: 0.1, Max: 0.1, Diff: 0.1, Sum: 0.6]
      [GC Worker Total (ms): Min: 8.0, Avg: 8.1, Max: 8.3, Diff: 0.3, Sum: 64.9]
      [GC Worker End (ms): Min: 338219127.0, Avg: 338219127.0, Max: 338219127.1, Diff: 0.1]
   [Code Root Fixup: 0.0 ms]
   [Code Root Purge: 0.0 ms]
   [Clear CT: 0.7 ms]
   [Other: 4.2 ms]
      [Choose CSet: 0.0 ms]
      [Ref Proc: 3.5 ms]
      [Ref Enq: 0.1 ms]
      [Redirty Cards: 0.1 ms]
      [Humongous Register: 0.0 ms]
      [Humongous Reclaim: 0.0 ms]
      [Free CSet: 0.3 ms]
   [Eden: 7152.0M(7152.0M)->0.0B(7152.0M) Survivors: 16384.0K->16384.0K Heap: 10366.4M(14336.0M)->3214.4M(14336.0M)]
 [Times: user=0.06 sys=0.00, real=0.02 secs] 
2022-07-25T19:07:27.627-0700: 338219.132: [GC concurrent-root-region-scan-start]
2022-07-25T19:07:27.632-0700: 338219.137: [GC concurrent-root-region-scan-end, 0.0047810 secs]
2022-07-25T19:07:27.632-0700: 338219.137: [GC concurrent-mark-start]
2022-07-25T19:07:30.033-0700: 338221.538: [GC concurrent-mark-end, 2.4010660 secs]
2022-07-25T19:07:30.034-0700: 338221.538: [GC remark 2022-07-25T19:07:30.034-0700: 338221.538: [Finalize Marking, 0.0003350 secs] 2022-07-25T19:07:30.034-0700: 338221.539: [GC ref-proc, 0.0116966 secs] 2022-07-25T19:07:30.046-0700: 338221.550: [Unloading, 0.0271011 secs], 0.0444826 secs]
 [Times: user=0.25 sys=0.00, real=0.05 secs] 
2022-07-25T19:07:30.078-0700: 338221.583: [GC cleanup 3254M->3254M(14336M), 0.0084337 secs]
 [Times: user=0.06 sys=0.00, real=0.01 secs] 
2022-07-25T19:23:59.303-0700: 339210.808: [GC pause (G1 Evacuation Pause) (young), 0.0121204 secs]
   [Parallel Time: 6.1 ms, GC Workers: 8]
      [GC Worker Start (ms): Min: 339210807.8, Avg: 339210808.0, Max: 339210808.0, Diff: 0.2]
      [Ext Root Scanning (ms): Min: 1.3, Avg: 2.0, Max: 5.9, Diff: 4.6, Sum: 16.2]
      [Update RS (ms): Min: 0.0, Avg: 0.4, Max: 0.7, Diff: 0.7, Sum: 2.9]
         [Processed Buffers: Min: 0, Avg: 21.1, Max: 74, Diff: 74, Sum: 169]
      [Scan RS (ms): Min: 0.0, Avg: 0.1, Max: 0.2, Diff: 0.1, Sum: 0.7]
      [Code Root Scanning (ms): Min: 0.0, Avg: 0.0, Max: 0.0, Diff: 0.0, Sum: 0.0]
      [Object Copy (ms): Min: 0.0, Avg: 0.5, Max: 0.8, Diff: 0.8, Sum: 4.2]
      [Termination (ms): Min: 0.0, Avg: 2.8, Max: 3.2, Diff: 3.2, Sum: 22.4]
         [Termination Attempts: Min: 1, Avg: 6.0, Max: 10, Diff: 9, Sum: 48]
      [GC Worker Other (ms): Min: 0.0, Avg: 0.0, Max: 0.0, Diff: 0.0, Sum: 0.1]
      [GC Worker Total (ms): Min: 5.7, Avg: 5.8, Max: 5.9, Diff: 0.2, Sum: 46.6]
      [GC Worker End (ms): Min: 339210813.8, Avg: 339210813.8, Max: 339210813.8, Diff: 0.0]
   [Code Root Fixup: 0.0 ms]
   [Code Root Purge: 0.0 ms]
   [Clear CT: 0.6 ms]
   [Other: 5.3 ms]
      [Choose CSet: 0.0 ms]
      [Ref Proc: 4.6 ms]
      [Ref Enq: 0.1 ms]
      [Redirty Cards: 0.1 ms]
      [Humongous Register: 0.0 ms]
      [Humongous Reclaim: 0.0 ms]
      [Free CSet: 0.3 ms]
   [Eden: 7152.0M(7152.0M)->0.0B(7152.0M) Survivors: 16384.0K->16384.0K Heap: 10366.4M(14336.0M)->3214.6M(14336.0M)]
 [Times: user=0.06 sys=0.00, real=0.01 secs] 
2022-07-25T19:40:52.613-0700: 340224.117: [GC pause (G1 Evacuation Pause) (young), 0.0091230 secs]
   [Parallel Time: 5.3 ms, GC Workers: 8]
      [GC Worker Start (ms): Min: 340224117.5, Avg: 340224117.6, Max: 340224117.6, Diff: 0.1]
      [Ext Root Scanning (ms): Min: 1.0, Avg: 1.7, Max: 5.0, Diff: 3.9, Sum: 13.3]
      [Update RS (ms): Min: 0.0, Avg: 0.3, Max: 0.6, Diff: 0.6, Sum: 2.4]
         [Processed Buffers: Min: 0, Avg: 20.6, Max: 80, Diff: 80, Sum: 165]
      [Scan RS (ms): Min: 0.0, Avg: 0.1, Max: 0.1, Diff: 0.1, Sum: 0.6]
      [Code Root Scanning (ms): Min: 0.0, Avg: 0.0, Max: 0.0, Diff: 0.0, Sum: 0.0]
      [Object Copy (ms): Min: 0.0, Avg: 0.4, Max: 0.6, Diff: 0.6, Sum: 3.1]
      [Termination (ms): Min: 0.0, Avg: 2.5, Max: 2.9, Diff: 2.9, Sum: 20.2]
         [Termination Attempts: Min: 1, Avg: 2.9, Max: 5, Diff: 4, Sum: 23]
      [GC Worker Other (ms): Min: 0.0, Avg: 0.0, Max: 0.0, Diff: 0.0, Sum: 0.2]
      [GC Worker Total (ms): Min: 4.9, Avg: 5.0, Max: 5.0, Diff: 0.1, Sum: 39.7]
      [GC Worker End (ms): Min: 340224122.5, Avg: 340224122.5, Max: 340224122.5, Diff: 0.0]
   [Code Root Fixup: 0.0 ms]
   [Code Root Purge: 0.0 ms]
   [Clear CT: 0.7 ms]
   [Other: 3.2 ms]
      [Choose CSet: 0.0 ms]
      [Ref Proc: 2.2 ms]
      [Ref Enq: 0.2 ms]
      [Redirty Cards: 0.1 ms]
      [Humongous Register: 0.1 ms]
      [Humongous Reclaim: 0.0 ms]
      [Free CSet: 0.4 ms]
   [Eden: 7152.0M(7152.0M)->0.0B(7152.0M) Survivors: 16384.0K->16384.0K Heap: 10366.6M(14336.0M)->3214.5M(14336.0M)]
 [Times: user=0.05 sys=0.00, real=0.01 secs] 
2022-07-25T19:57:23.912-0700: 341215.417: [GC pause (G1 Evacuation Pause) (young) (initial-mark), 0.0150046 secs]
   [Parallel Time: 10.2 ms, GC Workers: 8]
      [GC Worker Start (ms): Min: 341215419.2, Avg: 341215419.3, Max: 341215419.4, Diff: 0.2]
      [Ext Root Scanning (ms): Min: 6.3, Avg: 6.7, Max: 7.0, Diff: 0.8, Sum: 53.2]
      [Update RS (ms): Min: 0.2, Avg: 0.3, Max: 0.5, Diff: 0.4, Sum: 2.5]
         [Processed Buffers: Min: 1, Avg: 21.1, Max: 56, Diff: 55, Sum: 169]
      [Scan RS (ms): Min: 0.0, Avg: 0.1, Max: 0.1, Diff: 0.1, Sum: 0.5]
      [Code Root Scanning (ms): Min: 0.0, Avg: 0.0, Max: 0.0, Diff: 0.0, Sum: 0.0]
      [Object Copy (ms): Min: 0.2, Avg: 0.6, Max: 0.9, Diff: 0.7, Sum: 4.9]
      [Termination (ms): Min: 0.0, Avg: 0.0, Max: 0.0, Diff: 0.0, Sum: 0.1]
         [Termination Attempts: Min: 1, Avg: 3.1, Max: 5, Diff: 4, Sum: 25]
      [GC Worker Other (ms): Min: 0.0, Avg: 0.0, Max: 0.1, Diff: 0.1, Sum: 0.4]
      [GC Worker Total (ms): Min: 7.6, Avg: 7.7, Max: 7.8, Diff: 0.2, Sum: 61.6]
      [GC Worker End (ms): Min: 341215427.0, Avg: 341215427.0, Max: 341215427.1, Diff: 0.1]
   [Code Root Fixup: 0.0 ms]
   [Code Root Purge: 0.0 ms]
   [Clear CT: 0.7 ms]
   [Other: 4.2 ms]
      [Choose CSet: 0.0 ms]
      [Ref Proc: 3.4 ms]
      [Ref Enq: 0.1 ms]
      [Redirty Cards: 0.1 ms]
      [Humongous Register: 0.0 ms]
      [Humongous Reclaim: 0.0 ms]
      [Free CSet: 0.3 ms]
   [Eden: 7152.0M(7152.0M)->0.0B(7152.0M) Survivors: 16384.0K->16384.0K Heap: 10366.5M(14336.0M)->3214.6M(14336.0M)]
 [Times: user=0.05 sys=0.01, real=0.02 secs] 
2022-07-25T19:57:23.927-0700: 341215.432: [GC concurrent-root-region-scan-start]
2022-07-25T19:57:23.932-0700: 341215.437: [GC concurrent-root-region-scan-end, 0.0047884 secs]
2022-07-25T19:57:23.932-0700: 341215.437: [GC concurrent-mark-start]
2022-07-25T19:57:26.349-0700: 341217.854: [GC concurrent-mark-end, 2.4170907 secs]
2022-07-25T19:57:26.350-0700: 341217.854: [GC remark 2022-07-25T19:57:26.350-0700: 341217.854: [Finalize Marking, 0.0002979 secs] 2022-07-25T19:57:26.350-0700: 341217.855: [GC ref-proc, 0.0085635 secs] 2022-07-25T19:57:26.359-0700: 341217.863: [Unloading, 0.0272438 secs], 0.0413484 secs]
 [Times: user=0.25 sys=0.00, real=0.04 secs] 
2022-07-25T19:57:26.391-0700: 341217.896: [GC cleanup 3278M->3278M(14336M), 0.0081168 secs]
 [Times: user=0.06 sys=0.00, real=0.01 secs] 
2022-07-25T20:13:55.512-0700: 342207.017: [GC pause (G1 Evacuation Pause) (young), 0.0113462 secs]
   [Parallel Time: 5.6 ms, GC Workers: 8]
      [GC Worker Start (ms): Min: 342207016.9, Avg: 342207017.0, Max: 342207017.1, Diff: 0.2]
      [Ext Root Scanning (ms): Min: 1.2, Avg: 1.9, Max: 5.4, Diff: 4.2, Sum: 15.4]
      [Update RS (ms): Min: 0.0, Avg: 0.4, Max: 0.8, Diff: 0.8, Sum: 3.1]
         [Processed Buffers: Min: 0, Avg: 22.1, Max: 72, Diff: 72, Sum: 177]
      [Scan RS (ms): Min: 0.0, Avg: 0.1, Max: 0.2, Diff: 0.1, Sum: 0.6]
      [Code Root Scanning (ms): Min: 0.0, Avg: 0.0, Max: 0.0, Diff: 0.0, Sum: 0.0]
      [Object Copy (ms): Min: 0.0, Avg: 0.5, Max: 0.8, Diff: 0.7, Sum: 3.9]
      [Termination (ms): Min: 0.0, Avg: 2.5, Max: 2.8, Diff: 2.8, Sum: 19.7]
         [Termination Attempts: Min: 1, Avg: 1.6, Max: 3, Diff: 2, Sum: 13]
      [GC Worker Other (ms): Min: 0.0, Avg: 0.0, Max: 0.0, Diff: 0.0, Sum: 0.2]
      [GC Worker Total (ms): Min: 5.3, Avg: 5.4, Max: 5.5, Diff: 0.2, Sum: 43.0]
      [GC Worker End (ms): Min: 342207022.3, Avg: 342207022.4, Max: 342207022.4, Diff: 0.0]
   [Code Root Fixup: 0.0 ms]
   [Code Root Purge: 0.0 ms]
   [Clear CT: 0.6 ms]
   [Other: 5.2 ms]
      [Choose CSet: 0.0 ms]
      [Ref Proc: 4.5 ms]
      [Ref Enq: 0.1 ms]
      [Redirty Cards: 0.1 ms]
      [Humongous Register: 0.0 ms]
      [Humongous Reclaim: 0.0 ms]
      [Free CSet: 0.3 ms]
   [Eden: 7152.0M(7152.0M)->0.0B(7152.0M) Survivors: 16384.0K->16384.0K Heap: 10366.6M(14336.0M)->3214.6M(14336.0M)]
 [Times: user=0.06 sys=0.00, real=0.02 secs] 
2022-07-25T20:30:36.363-0700: 343207.868: [GC pause (G1 Evacuation Pause) (young), 0.0103690 secs]
   [Parallel Time: 5.5 ms, GC Workers: 8]
      [GC Worker Start (ms): Min: 343207868.3, Avg: 343207868.4, Max: 343207868.5, Diff: 0.2]
      [Ext Root Scanning (ms): Min: 1.2, Avg: 1.9, Max: 5.2, Diff: 4.0, Sum: 14.8]
      [Update RS (ms): Min: 0.0, Avg: 0.4, Max: 0.7, Diff: 0.7, Sum: 2.8]
         [Processed Buffers: Min: 0, Avg: 20.5, Max: 75, Diff: 75, Sum: 164]
      [Scan RS (ms): Min: 0.0, Avg: 0.1, Max: 0.2, Diff: 0.1, Sum: 0.7]
      [Code Root Scanning (ms): Min: 0.0, Avg: 0.0, Max: 0.0, Diff: 0.0, Sum: 0.0]
      [Object Copy (ms): Min: 0.0, Avg: 0.5, Max: 0.7, Diff: 0.7, Sum: 4.1]
      [Termination (ms): Min: 0.0, Avg: 2.3, Max: 2.7, Diff: 2.7, Sum: 18.7]
         [Termination Attempts: Min: 1, Avg: 4.4, Max: 8, Diff: 7, Sum: 35]
      [GC Worker Other (ms): Min: 0.0, Avg: 0.0, Max: 0.0, Diff: 0.0, Sum: 0.2]
      [GC Worker Total (ms): Min: 5.1, Avg: 5.2, Max: 5.3, Diff: 0.2, Sum: 41.4]
      [GC Worker End (ms): Min: 343207873.5, Avg: 343207873.5, Max: 343207873.6, Diff: 0.0]
   [Code Root Fixup: 0.0 ms]
   [Code Root Purge: 0.0 ms]
   [Clear CT: 0.6 ms]
   [Other: 4.2 ms]
      [Choose CSet: 0.0 ms]
      [Ref Proc: 3.6 ms]
      [Ref Enq: 0.1 ms]
      [Redirty Cards: 0.1 ms]
      [Humongous Register: 0.1 ms]
      [Humongous Reclaim: 0.0 ms]
      [Free CSet: 0.3 ms]
   [Eden: 7152.0M(7152.0M)->0.0B(7152.0M) Survivors: 16384.0K->16384.0K Heap: 10366.6M(14336.0M)->3214.5M(14336.0M)]
 [Times: user=0.06 sys=0.00, real=0.00 secs] 
2022-07-25T20:47:22.461-0700: 344213.966: [GC pause (G1 Evacuation Pause) (young) (initial-mark), 0.0128581 secs]
   [Parallel Time: 7.5 ms, GC Workers: 8]
      [GC Worker Start (ms): Min: 344213967.2, Avg: 344213967.2, Max: 344213967.3, Diff: 0.1]
      [Ext Root Scanning (ms): Min: 4.8, Avg: 5.0, Max: 5.1, Diff: 0.3, Sum: 39.8]
      [Update RS (ms): Min: 0.2, Avg: 0.3, Max: 0.4, Diff: 0.2, Sum: 2.0]
         [Processed Buffers: Min: 1, Avg: 21.2, Max: 55, Diff: 54, Sum: 170]
      [Scan RS (ms): Min: 0.0, Avg: 0.1, Max: 0.1, Diff: 0.1, Sum: 0.4]
      [Code Root Scanning (ms): Min: 0.0, Avg: 0.0, Max: 0.0, Diff: 0.0, Sum: 0.0]
      [Object Copy (ms): Min: 0.2, Avg: 0.4, Max: 0.5, Diff: 0.4, Sum: 2.9]
      [Termination (ms): Min: 0.0, Avg: 0.0, Max: 0.0, Diff: 0.0, Sum: 0.0]
         [Termination Attempts: Min: 1, Avg: 1.1, Max: 2, Diff: 1, Sum: 9]
      [GC Worker Other (ms): Min: 0.0, Avg: 0.1, Max: 0.2, Diff: 0.1, Sum: 0.6]
      [GC Worker Total (ms): Min: 5.6, Avg: 5.7, Max: 5.8, Diff: 0.2, Sum: 45.8]
      [GC Worker End (ms): Min: 344213972.9, Avg: 344213973.0, Max: 344213973.1, Diff: 0.1]
   [Code Root Fixup: 0.0 ms]
   [Code Root Purge: 0.0 ms]
   [Clear CT: 0.6 ms]
   [Other: 4.8 ms]
      [Choose CSet: 0.0 ms]
      [Ref Proc: 4.2 ms]
      [Ref Enq: 0.1 ms]
      [Redirty Cards: 0.1 ms]
      [Humongous Register: 0.0 ms]
      [Humongous Reclaim: 0.0 ms]
      [Free CSet: 0.3 ms]
   [Eden: 7152.0M(7152.0M)->0.0B(7152.0M) Survivors: 16384.0K->16384.0K Heap: 10366.5M(14336.0M)->3214.6M(14336.0M)]
 [Times: user=0.05 sys=0.00, real=0.01 secs] 
2022-07-25T20:47:22.474-0700: 344213.979: [GC concurrent-root-region-scan-start]
2022-07-25T20:47:22.479-0700: 344213.984: [GC concurrent-root-region-scan-end, 0.0053020 secs]
2022-07-25T20:47:22.479-0700: 344213.984: [GC concurrent-mark-start]
2022-07-25 20:47:24 GC log file has reached the maximum size. Saved as gc.log.0
