2022-09-13 22:17:00 GC log file created gc.log.4
OpenJDK 64-Bit Server VM (25.342-b07) for linux-amd64 JRE (1.8.0_342-8u342-b07-0ubuntu1~22.04-b07), built on Jul 23 2022 16:13:07 by "buildd" with gcc 11.2.0
Memory: 4k page, physical 30291656k(464268k free), swap 3993596k(428960k free)
CommandLine flags: -XX:+AlwaysPreTouch -XX:CICompilerCount=4 -XX:ConcGCThreads=2 -XX:+DisableExplicitGC -XX:G1HeapRegionSize=16777216 -XX:G1HeapWastePercent=5 -XX:G1MaxNewSizePercent=50 -XX:G1MixedGCCountTarget=4 -XX:G1MixedGCLiveThresholdPercent=90 -XX:G1NewSizePercent=40 -XX:G1RSetUpdatingPauseTimePercent=5 -XX:G1ReservePercent=15 -XX:GCLogFileSize=1048576 -XX:InitialHeapSize=15032385536 -XX:InitialTenuringThreshold=1 -XX:InitiatingHeapOccupancyPercent=20 -XX:MarkStackSize=4194304 -XX:MaxGCPauseMillis=200 -XX:MaxHeapSize=15032385536 -XX:MaxNewSize=7516192768 -XX:MaxTenuringThreshold=1 -XX:MinHeapDeltaBytes=16777216 -XX:NumberOfGCLogFiles=5 -XX:+ParallelRefProcEnabled -XX:+PerfDisableSharedMem -XX:+PrintGC -XX:+PrintGCDateStamps -XX:+PrintGCDetails -XX:+PrintGCTimeStamps -XX:SurvivorRatio=32 -XX:+UnlockExperimentalVMOptions -XX:+UseCompressedClassPointers -XX:+UseCompressedOops -XX:+UseG1GC -XX:+UseGCLogFileRotation 
2022-09-13T22:17:00.020-0600: 343048.538: [GC cleanup 4980M->4980M(14336M), 0.0113478 secs]
 [Times: user=0.02 sys=0.00, real=0.01 secs] 
2022-09-13T22:17:25.887-0600: 343074.405: [GC pause (G1 Evacuation Pause) (young), 0.0480041 secs]
   [Parallel Time: 25.4 ms, GC Workers: 8]
      [GC Worker Start (ms): Min: 343074405.0, Avg: 343074412.6, Max: 343074422.3, Diff: 17.3]
      [Ext Root Scanning (ms): Min: 0.0, Avg: 0.9, Max: 3.0, Diff: 3.0, Sum: 6.8]
      [Update RS (ms): Min: 0.0, Avg: 6.2, Max: 10.6, Diff: 10.6, Sum: 49.4]
         [Processed Buffers: Min: 0, Avg: 30.9, Max: 67, Diff: 67, Sum: 247]
      [Scan RS (ms): Min: 0.0, Avg: 0.0, Max: 0.1, Diff: 0.1, Sum: 0.2]
      [Code Root Scanning (ms): Min: 0.0, Avg: 0.0, Max: 0.0, Diff: 0.0, Sum: 0.0]
      [Object Copy (ms): Min: 5.1, Avg: 8.2, Max: 12.4, Diff: 7.3, Sum: 65.7]
      [Termination (ms): Min: 0.0, Avg: 2.5, Max: 2.9, Diff: 2.9, Sum: 20.1]
         [Termination Attempts: Min: 1, Avg: 9.0, Max: 13, Diff: 12, Sum: 72]
      [GC Worker Other (ms): Min: 0.0, Avg: 0.0, Max: 0.0, Diff: 0.0, Sum: 0.1]
      [GC Worker Total (ms): Min: 8.0, Avg: 17.8, Max: 25.4, Diff: 17.3, Sum: 142.2]
      [GC Worker End (ms): Min: 343074430.3, Avg: 343074430.4, Max: 343074430.4, Diff: 0.1]
   [Code Root Fixup: 0.0 ms]
   [Code Root Purge: 0.0 ms]
   [Clear CT: 0.9 ms]
   [Other: 21.6 ms]
      [Choose CSet: 0.0 ms]
      [Ref Proc: 21.1 ms]
      [Ref Enq: 0.1 ms]
      [Redirty Cards: 0.2 ms]
      [Humongous Register: 0.0 ms]
      [Humongous Reclaim: 0.0 ms]
      [Free CSet: 0.1 ms]
   [Eden: 7072.0M(7072.0M)->0.0B(5664.0M) Survivors: 98304.0K->65536.0K Heap: 11211.7M(14336.0M)->4143.4M(14336.0M)]
 [Times: user=0.19 sys=0.00, real=0.05 secs] 
2022-09-13T22:17:37.036-0600: 343085.553: [GC pause (G1 Evacuation Pause) (mixed), 0.1170203 secs]
   [Parallel Time: 97.2 ms, GC Workers: 8]
      [GC Worker Start (ms): Min: 343085553.4, Avg: 343085556.1, Max: 343085558.7, Diff: 5.3]
      [Ext Root Scanning (ms): Min: 0.0, Avg: 0.9, Max: 3.2, Diff: 3.2, Sum: 6.9]
      [Update RS (ms): Min: 3.1, Avg: 6.5, Max: 17.8, Diff: 14.6, Sum: 51.9]
         [Processed Buffers: Min: 11, Avg: 24.6, Max: 37, Diff: 26, Sum: 197]
      [Scan RS (ms): Min: 0.0, Avg: 4.3, Max: 5.2, Diff: 5.1, Sum: 34.3]
      [Code Root Scanning (ms): Min: 0.0, Avg: 0.0, Max: 0.0, Diff: 0.0, Sum: 0.1]
      [Object Copy (ms): Min: 67.9, Avg: 75.5, Max: 83.6, Diff: 15.8, Sum: 603.9]
      [Termination (ms): Min: 0.0, Avg: 7.2, Max: 8.4, Diff: 8.4, Sum: 57.6]
         [Termination Attempts: Min: 1, Avg: 31.0, Max: 49, Diff: 48, Sum: 248]
      [GC Worker Other (ms): Min: 0.0, Avg: 0.0, Max: 0.0, Diff: 0.0, Sum: 0.1]
      [GC Worker Total (ms): Min: 91.7, Avg: 94.3, Max: 97.1, Diff: 5.4, Sum: 754.7]
      [GC Worker End (ms): Min: 343085650.3, Avg: 343085650.4, Max: 343085650.6, Diff: 0.2]
   [Code Root Fixup: 0.0 ms]
   [Code Root Purge: 0.0 ms]
   [Clear CT: 0.7 ms]
   [Other: 19.1 ms]
      [Choose CSet: 0.1 ms]
      [Ref Proc: 17.6 ms]
      [Ref Enq: 0.1 ms]
      [Redirty Cards: 0.7 ms]
      [Humongous Register: 0.0 ms]
      [Humongous Reclaim: 0.0 ms]
      [Free CSet: 0.3 ms]
   [Eden: 5664.0M(5664.0M)->0.0B(7104.0M) Survivors: 65536.0K->65536.0K Heap: 9807.4M(14336.0M)->3914.3M(14336.0M)]
 [Times: user=0.56 sys=0.00, real=0.12 secs] 
2022-09-13T22:17:51.138-0600: 343099.656: [GC pause (G1 Evacuation Pause) (young), 0.0527608 secs]
   [Parallel Time: 31.9 ms, GC Workers: 8]
      [GC Worker Start (ms): Min: 343099656.1, Avg: 343099662.1, Max: 343099670.3, Diff: 14.2]
      [Ext Root Scanning (ms): Min: 0.0, Avg: 0.8, Max: 3.0, Diff: 3.0, Sum: 6.1]
      [Update RS (ms): Min: 3.8, Avg: 11.8, Max: 20.2, Diff: 16.4, Sum: 94.5]
         [Processed Buffers: Min: 14, Avg: 50.0, Max: 87, Diff: 73, Sum: 400]
      [Scan RS (ms): Min: 0.0, Avg: 0.4, Max: 0.5, Diff: 0.4, Sum: 3.0]
      [Code Root Scanning (ms): Min: 0.0, Avg: 0.0, Max: 0.0, Diff: 0.0, Sum: 0.0]
      [Object Copy (ms): Min: 8.7, Avg: 12.1, Max: 12.8, Diff: 4.2, Sum: 97.2]
      [Termination (ms): Min: 0.0, Avg: 0.0, Max: 0.0, Diff: 0.0, Sum: 0.0]
         [Termination Attempts: Min: 1, Avg: 1.6, Max: 2, Diff: 1, Sum: 13]
      [GC Worker Other (ms): Min: 0.0, Avg: 0.0, Max: 0.1, Diff: 0.1, Sum: 0.3]
      [GC Worker Total (ms): Min: 16.9, Avg: 25.1, Max: 31.2, Diff: 14.3, Sum: 201.1]
      [GC Worker End (ms): Min: 343099687.2, Avg: 343099687.2, Max: 343099687.3, Diff: 0.1]
   [Code Root Fixup: 0.0 ms]
   [Code Root Purge: 0.0 ms]
   [Clear CT: 0.9 ms]
   [Other: 20.0 ms]
      [Choose CSet: 0.0 ms]
      [Ref Proc: 19.5 ms]
      [Ref Enq: 0.1 ms]
      [Redirty Cards: 0.1 ms]
      [Humongous Register: 0.0 ms]
      [Humongous Reclaim: 0.0 ms]
      [Free CSet: 0.1 ms]
   [Eden: 7104.0M(7104.0M)->0.0B(7072.0M) Survivors: 65536.0K->98304.0K Heap: 11018.3M(14336.0M)->4022.1M(14336.0M)]
 [Times: user=0.25 sys=0.00, real=0.05 secs] 
2022-09-13T22:18:05.686-0600: 343114.204: [GC pause (G1 Evacuation Pause) (young) (initial-mark), 0.0449088 secs]
   [Parallel Time: 29.3 ms, GC Workers: 8]
      [GC Worker Start (ms): Min: 343114205.5, Avg: 343114206.8, Max: 343114207.8, Diff: 2.3]
      [Ext Root Scanning (ms): Min: 2.4, Avg: 4.5, Max: 6.3, Diff: 3.9, Sum: 35.6]
      [Update RS (ms): Min: 3.5, Avg: 6.1, Max: 12.5, Diff: 9.0, Sum: 48.5]
         [Processed Buffers: Min: 6, Avg: 18.1, Max: 31, Diff: 25, Sum: 145]
      [Scan RS (ms): Min: 0.0, Avg: 0.0, Max: 0.1, Diff: 0.1, Sum: 0.3]
      [Code Root Scanning (ms): Min: 0.0, Avg: 0.0, Max: 0.0, Diff: 0.0, Sum: 0.0]
      [Object Copy (ms): Min: 10.5, Avg: 15.8, Max: 16.7, Diff: 6.2, Sum: 126.6]
      [Termination (ms): Min: 0.0, Avg: 0.0, Max: 0.0, Diff: 0.0, Sum: 0.2]
         [Termination Attempts: Min: 1, Avg: 36.4, Max: 55, Diff: 54, Sum: 291]
      [GC Worker Other (ms): Min: 0.0, Avg: 0.0, Max: 0.1, Diff: 0.1, Sum: 0.3]
      [GC Worker Total (ms): Min: 25.5, Avg: 26.4, Max: 27.8, Diff: 2.3, Sum: 211.4]
      [GC Worker End (ms): Min: 343114233.2, Avg: 343114233.2, Max: 343114233.3, Diff: 0.1]
   [Code Root Fixup: 0.0 ms]
   [Code Root Purge: 0.0 ms]
   [Clear CT: 0.8 ms]
   [Other: 14.8 ms]
      [Choose CSet: 0.0 ms]
      [Ref Proc: 14.4 ms]
      [Ref Enq: 0.1 ms]
      [Redirty Cards: 0.1 ms]
      [Humongous Register: 0.0 ms]
      [Humongous Reclaim: 0.0 ms]
      [Free CSet: 0.1 ms]
   [Eden: 7072.0M(7072.0M)->0.0B(7008.0M) Survivors: 98304.0K->160.0M Heap: 11094.1M(14336.0M)->4196.0M(14336.0M)]
 [Times: user=0.23 sys=0.00, real=0.04 secs] 
2022-09-13T22:18:05.731-0600: 343114.249: [GC concurrent-root-region-scan-start]
2022-09-13T22:18:05.742-0600: 343114.260: [GC concurrent-root-region-scan-end, 0.0109070 secs]
2022-09-13T22:18:05.742-0600: 343114.260: [GC concurrent-mark-start]
2022-09-13T22:18:07.132-0600: 343115.650: [GC concurrent-mark-end, 1.3902478 secs]
2022-09-13T22:18:07.133-0600: 343115.650: [GC remark 2022-09-13T22:18:07.133-0600: 343115.650: [Finalize Marking, 0.0025841 secs] 2022-09-13T22:18:07.135-0600: 343115.653: [GC ref-proc, 0.0313294 secs] 2022-09-13T22:18:07.167-0600: 343115.684: [Unloading, 0.0270354 secs], 0.0650162 secs]
 [Times: user=0.27 sys=0.00, real=0.06 secs] 
2022-09-13T22:18:07.198-0600: 343115.716: [GC cleanup 4828M->4828M(14336M), 0.0137659 secs]
 [Times: user=0.03 sys=0.00, real=0.01 secs] 
2022-09-13T22:18:20.890-0600: 343129.407: [GC pause (G1 Evacuation Pause) (young), 0.0782444 secs]
   [Parallel Time: 30.2 ms, GC Workers: 8]
      [GC Worker Start (ms): Min: 343129407.5, Avg: 343129410.9, Max: 343129413.6, Diff: 6.2]
      [Ext Root Scanning (ms): Min: 0.0, Avg: 0.8, Max: 3.0, Diff: 3.0, Sum: 6.2]
      [Update RS (ms): Min: 12.2, Avg: 14.3, Max: 17.3, Diff: 5.1, Sum: 114.2]
         [Processed Buffers: Min: 14, Avg: 28.8, Max: 36, Diff: 22, Sum: 230]
      [Scan RS (ms): Min: 0.0, Avg: 0.0, Max: 0.1, Diff: 0.1, Sum: 0.3]
      [Code Root Scanning (ms): Min: 0.0, Avg: 0.0, Max: 0.0, Diff: 0.0, Sum: 0.0]
      [Object Copy (ms): Min: 10.1, Avg: 10.8, Max: 11.3, Diff: 1.3, Sum: 86.3]
      [Termination (ms): Min: 0.0, Avg: 0.5, Max: 0.6, Diff: 0.6, Sum: 4.2]
         [Termination Attempts: Min: 1, Avg: 36.5, Max: 47, Diff: 46, Sum: 292]
      [GC Worker Other (ms): Min: 0.0, Avg: 0.0, Max: 0.0, Diff: 0.0, Sum: 0.0]
      [GC Worker Total (ms): Min: 23.7, Avg: 26.4, Max: 29.9, Diff: 6.2, Sum: 211.3]
      [GC Worker End (ms): Min: 343129437.3, Avg: 343129437.4, Max: 343129437.4, Diff: 0.0]
   [Code Root Fixup: 0.0 ms]
   [Code Root Purge: 0.0 ms]
   [Clear CT: 0.9 ms]
   [Other: 47.0 ms]
      [Choose CSet: 0.0 ms]
      [Ref Proc: 46.6 ms]
      [Ref Enq: 0.1 ms]
      [Redirty Cards: 0.1 ms]
      [Humongous Register: 0.0 ms]
      [Humongous Reclaim: 0.0 ms]
      [Free CSet: 0.1 ms]
   [Eden: 7008.0M(7008.0M)->0.0B(5632.0M) Survivors: 160.0M->98304.0K Heap: 11204.0M(14336.0M)->4194.2M(14336.0M)]
 [Times: user=0.30 sys=0.00, real=0.08 secs] 
2022-09-13T22:18:32.983-0600: 343141.500: [GC pause (G1 Evacuation Pause) (mixed), 0.0736694 secs]
   [Parallel Time: 56.4 ms, GC Workers: 8]
      [GC Worker Start (ms): Min: 343141500.5, Avg: 343141505.0, Max: 343141510.4, Diff: 9.8]
      [Ext Root Scanning (ms): Min: 0.0, Avg: 1.0, Max: 3.4, Diff: 3.4, Sum: 7.7]
      [Update RS (ms): Min: 2.1, Avg: 7.4, Max: 13.7, Diff: 11.6, Sum: 59.1]
         [Processed Buffers: Min: 7, Avg: 22.0, Max: 33, Diff: 26, Sum: 176]
      [Scan RS (ms): Min: 0.0, Avg: 6.5, Max: 7.5, Diff: 7.5, Sum: 52.2]
      [Code Root Scanning (ms): Min: 0.0, Avg: 0.0, Max: 0.0, Diff: 0.0, Sum: 0.0]
      [Object Copy (ms): Min: 36.5, Avg: 36.7, Max: 36.8, Diff: 0.3, Sum: 293.5]
      [Termination (ms): Min: 0.0, Avg: 0.1, Max: 0.1, Diff: 0.1, Sum: 0.4]
         [Termination Attempts: Min: 1, Avg: 103.9, Max: 149, Diff: 148, Sum: 831]
      [GC Worker Other (ms): Min: 0.0, Avg: 0.0, Max: 0.1, Diff: 0.1, Sum: 0.3]
      [GC Worker Total (ms): Min: 46.2, Avg: 51.7, Max: 56.1, Diff: 9.8, Sum: 413.2]
      [GC Worker End (ms): Min: 343141556.6, Avg: 343141556.6, Max: 343141556.7, Diff: 0.1]
   [Code Root Fixup: 0.0 ms]
   [Code Root Purge: 0.0 ms]
   [Clear CT: 0.9 ms]
   [Other: 16.3 ms]
      [Choose CSet: 0.1 ms]
      [Ref Proc: 15.4 ms]
      [Ref Enq: 0.1 ms]
      [Redirty Cards: 0.4 ms]
      [Humongous Register: 0.0 ms]
      [Humongous Reclaim: 0.0 ms]
      [Free CSet: 0.2 ms]
   [Eden: 5632.0M(5632.0M)->0.0B(7120.0M) Survivors: 98304.0K->49152.0K Heap: 9826.2M(14336.0M)->3955.0M(14336.0M)]
 [Times: user=0.43 sys=0.00, real=0.07 secs] 
2022-09-13T22:19:06.161-0600: 343174.679: [GC pause (G1 Evacuation Pause) (young), 0.0437093 secs]
   [Parallel Time: 28.2 ms, GC Workers: 8]
      [GC Worker Start (ms): Min: 343174678.9, Avg: 343174682.9, Max: 343174690.3, Diff: 11.5]
      [Ext Root Scanning (ms): Min: 0.0, Avg: 0.8, Max: 2.9, Diff: 2.9, Sum: 6.3]
      [Update RS (ms): Min: 7.2, Avg: 14.0, Max: 16.9, Diff: 9.6, Sum: 111.7]
         [Processed Buffers: Min: 23, Avg: 42.5, Max: 57, Diff: 34, Sum: 340]
      [Scan RS (ms): Min: 0.6, Avg: 0.9, Max: 1.6, Diff: 1.0, Sum: 6.9]
      [Code Root Scanning (ms): Min: 0.0, Avg: 0.0, Max: 0.0, Diff: 0.0, Sum: 0.0]
      [Object Copy (ms): Min: 7.7, Avg: 8.4, Max: 8.6, Diff: 0.9, Sum: 66.8]
      [Termination (ms): Min: 0.0, Avg: 0.0, Max: 0.0, Diff: 0.0, Sum: 0.0]
         [Termination Attempts: Min: 1, Avg: 1.1, Max: 2, Diff: 1, Sum: 9]
      [GC Worker Other (ms): Min: 0.0, Avg: 0.0, Max: 0.1, Diff: 0.1, Sum: 0.2]
      [GC Worker Total (ms): Min: 16.6, Avg: 24.0, Max: 28.0, Diff: 11.4, Sum: 191.9]
      [GC Worker End (ms): Min: 343174706.8, Avg: 343174706.9, Max: 343174706.9, Diff: 0.1]
   [Code Root Fixup: 0.0 ms]
   [Code Root Purge: 0.0 ms]
   [Clear CT: 0.8 ms]
   [Other: 14.6 ms]
      [Choose CSet: 0.0 ms]
      [Ref Proc: 14.1 ms]
      [Ref Enq: 0.1 ms]
      [Redirty Cards: 0.2 ms]
      [Humongous Register: 0.0 ms]
      [Humongous Reclaim: 0.0 ms]
      [Free CSet: 0.1 ms]
   [Eden: 7120.0M(7120.0M)->0.0B(7104.0M) Survivors: 49152.0K->65536.0K Heap: 11075.0M(14336.0M)->4042.6M(14336.0M)]
 [Times: user=0.23 sys=0.00, real=0.04 secs] 
2022-09-13T22:19:45.729-0600: 343214.247: [GC pause (G1 Evacuation Pause) (young) (initial-mark), 0.0397683 secs]
   [Parallel Time: 26.7 ms, GC Workers: 8]
      [GC Worker Start (ms): Min: 343214248.0, Avg: 343214249.7, Max: 343214250.8, Diff: 2.8]
      [Ext Root Scanning (ms): Min: 2.4, Avg: 8.0, Max: 18.9, Diff: 16.5, Sum: 63.7]
      [Update RS (ms): Min: 0.0, Avg: 5.0, Max: 8.4, Diff: 8.4, Sum: 40.4]
         [Processed Buffers: Min: 0, Avg: 24.0, Max: 49, Diff: 49, Sum: 192]
      [Scan RS (ms): Min: 0.0, Avg: 0.0, Max: 0.1, Diff: 0.1, Sum: 0.2]
      [Code Root Scanning (ms): Min: 0.0, Avg: 0.0, Max: 0.0, Diff: 0.0, Sum: 0.0]
      [Object Copy (ms): Min: 3.4, Avg: 10.3, Max: 11.8, Diff: 8.4, Sum: 82.5]
      [Termination (ms): Min: 0.0, Avg: 0.0, Max: 0.0, Diff: 0.0, Sum: 0.0]
         [Termination Attempts: Min: 1, Avg: 4.5, Max: 7, Diff: 6, Sum: 36]
      [GC Worker Other (ms): Min: 0.0, Avg: 0.0, Max: 0.1, Diff: 0.1, Sum: 0.3]
      [GC Worker Total (ms): Min: 22.3, Avg: 23.4, Max: 25.1, Diff: 2.8, Sum: 187.2]
      [GC Worker End (ms): Min: 343214273.1, Avg: 343214273.1, Max: 343214273.1, Diff: 0.1]
   [Code Root Fixup: 0.0 ms]
   [Code Root Purge: 0.0 ms]
   [Clear CT: 0.8 ms]
   [Other: 12.3 ms]
      [Choose CSet: 0.0 ms]
      [Ref Proc: 11.7 ms]
      [Ref Enq: 0.1 ms]
      [Redirty Cards: 0.2 ms]
      [Humongous Register: 0.0 ms]
      [Humongous Reclaim: 0.0 ms]
      [Free CSet: 0.1 ms]
   [Eden: 7104.0M(7104.0M)->0.0B(7056.0M) Survivors: 65536.0K->112.0M Heap: 11146.6M(14336.0M)->4169.4M(14336.0M)]
 [Times: user=0.19 sys=0.00, real=0.04 secs] 
2022-09-13T22:19:45.769-0600: 343214.286: [GC concurrent-root-region-scan-start]
2022-09-13T22:19:45.780-0600: 343214.298: [GC concurrent-root-region-scan-end, 0.0116881 secs]
2022-09-13T22:19:45.780-0600: 343214.298: [GC concurrent-mark-start]
2022-09-13T22:19:47.182-0600: 343215.699: [GC concurrent-mark-end, 1.4012402 secs]
2022-09-13T22:19:47.182-0600: 343215.700: [GC remark 2022-09-13T22:19:47.182-0600: 343215.700: [Finalize Marking, 0.0024346 secs] 2022-09-13T22:19:47.184-0600: 343215.702: [GC ref-proc, 0.0361962 secs] 2022-09-13T22:19:47.221-0600: 343215.738: [Unloading, 0.0287246 secs], 0.0729313 secs]
 [Times: user=0.26 sys=0.00, real=0.07 secs] 
2022-09-13T22:19:47.255-0600: 343215.773: [GC cleanup 4386M->4386M(14336M), 0.0079613 secs]
 [Times: user=0.03 sys=0.00, real=0.01 secs] 
2022-09-13T22:20:26.675-0600: 343255.193: [GC pause (G1 Evacuation Pause) (young), 0.0534581 secs]
   [Parallel Time: 36.5 ms, GC Workers: 8]
      [GC Worker Start (ms): Min: 343255193.0, Avg: 343255198.1, Max: 343255207.6, Diff: 14.6]
      [Ext Root Scanning (ms): Min: 0.0, Avg: 0.9, Max: 3.2, Diff: 3.2, Sum: 7.2]
      [Update RS (ms): Min: 0.0, Avg: 8.3, Max: 11.3, Diff: 11.3, Sum: 66.8]
         [Processed Buffers: Min: 0, Avg: 39.5, Max: 53, Diff: 53, Sum: 316]
      [Scan RS (ms): Min: 0.0, Avg: 1.0, Max: 1.7, Diff: 1.7, Sum: 7.7]
      [Code Root Scanning (ms): Min: 0.0, Avg: 0.0, Max: 0.0, Diff: 0.0, Sum: 0.0]
      [Object Copy (ms): Min: 19.8, Avg: 20.7, Max: 21.1, Diff: 1.4, Sum: 165.5]
      [Termination (ms): Min: 0.0, Avg: 0.0, Max: 0.0, Diff: 0.0, Sum: 0.2]
         [Termination Attempts: Min: 1, Avg: 37.6, Max: 56, Diff: 55, Sum: 301]
      [GC Worker Other (ms): Min: 0.0, Avg: 0.0, Max: 0.1, Diff: 0.0, Sum: 0.2]
      [GC Worker Total (ms): Min: 21.5, Avg: 30.9, Max: 36.1, Diff: 14.6, Sum: 247.5]
      [GC Worker End (ms): Min: 343255229.1, Avg: 343255229.1, Max: 343255229.1, Diff: 0.0]
   [Code Root Fixup: 0.0 ms]
   [Code Root Purge: 0.0 ms]
   [Clear CT: 0.9 ms]
   [Other: 16.0 ms]
      [Choose CSet: 0.0 ms]
      [Ref Proc: 15.4 ms]
      [Ref Enq: 0.1 ms]
      [Redirty Cards: 0.2 ms]
      [Humongous Register: 0.0 ms]
      [Humongous Reclaim: 0.0 ms]
      [Free CSet: 0.2 ms]
   [Eden: 7056.0M(7056.0M)->0.0B(5600.0M) Survivors: 112.0M->128.0M Heap: 11225.4M(14336.0M)->4223.9M(14336.0M)]
 [Times: user=0.30 sys=0.00, real=0.05 secs] 
2022-09-13T22:20:58.125-0600: 343286.643: [GC pause (G1 Evacuation Pause) (mixed), 0.0805950 secs]
   [Parallel Time: 59.9 ms, GC Workers: 8]
      [GC Worker Start (ms): Min: 343286642.8, Avg: 343286651.5, Max: 343286662.3, Diff: 19.5]
      [Ext Root Scanning (ms): Min: 0.0, Avg: 0.8, Max: 3.5, Diff: 3.5, Sum: 6.2]
      [Update RS (ms): Min: 0.0, Avg: 3.8, Max: 7.6, Diff: 7.6, Sum: 30.0]
         [Processed Buffers: Min: 0, Avg: 48.4, Max: 139, Diff: 139, Sum: 387]
      [Scan RS (ms): Min: 0.0, Avg: 4.7, Max: 6.8, Diff: 6.8, Sum: 37.8]
      [Code Root Scanning (ms): Min: 0.0, Avg: 0.0, Max: 0.0, Diff: 0.0, Sum: 0.0]
      [Object Copy (ms): Min: 40.2, Avg: 41.8, Max: 42.3, Diff: 2.1, Sum: 334.0]
      [Termination (ms): Min: 0.0, Avg: 0.0, Max: 0.0, Diff: 0.0, Sum: 0.0]
         [Termination Attempts: Min: 1, Avg: 8.8, Max: 15, Diff: 14, Sum: 70]
      [GC Worker Other (ms): Min: 0.0, Avg: 0.0, Max: 0.0, Diff: 0.0, Sum: 0.2]
      [GC Worker Total (ms): Min: 40.2, Avg: 51.0, Max: 59.8, Diff: 19.5, Sum: 408.3]
      [GC Worker End (ms): Min: 343286702.6, Avg: 343286702.6, Max: 343286702.6, Diff: 0.0]
   [Code Root Fixup: 0.0 ms]
   [Code Root Purge: 0.0 ms]
   [Clear CT: 0.7 ms]
   [Other: 20.0 ms]
      [Choose CSet: 0.1 ms]
      [Ref Proc: 18.9 ms]
      [Ref Enq: 0.1 ms]
      [Redirty Cards: 0.5 ms]
      [Humongous Register: 0.0 ms]
      [Humongous Reclaim: 0.0 ms]
      [Free CSet: 0.3 ms]
   [Eden: 5600.0M(5600.0M)->0.0B(7040.0M) Survivors: 128.0M->128.0M Heap: 9823.9M(14336.0M)->4030.0M(14336.0M)]
 [Times: user=0.45 sys=0.00, real=0.08 secs] 
2022-09-13T22:21:43.374-0600: 343331.892: [GC pause (G1 Evacuation Pause) (young), 0.0474983 secs]
   [Parallel Time: 31.8 ms, GC Workers: 8]
      [GC Worker Start (ms): Min: 343331892.2, Avg: 343331892.4, Max: 343331892.5, Diff: 0.3]
      [Ext Root Scanning (ms): Min: 0.4, Avg: 1.0, Max: 3.5, Diff: 3.1, Sum: 7.8]
      [Update RS (ms): Min: 10.7, Avg: 13.1, Max: 14.6, Diff: 3.9, Sum: 105.1]
         [Processed Buffers: Min: 2, Avg: 46.0, Max: 71, Diff: 69, Sum: 368]
      [Scan RS (ms): Min: 3.8, Avg: 4.9, Max: 5.3, Diff: 1.5, Sum: 39.3]
      [Code Root Scanning (ms): Min: 0.0, Avg: 0.0, Max: 0.0, Diff: 0.0, Sum: 0.0]
      [Object Copy (ms): Min: 12.2, Avg: 12.5, Max: 12.5, Diff: 0.3, Sum: 99.8]
      [Termination (ms): Min: 0.0, Avg: 0.0, Max: 0.0, Diff: 0.0, Sum: 0.1]
         [Termination Attempts: Min: 1, Avg: 13.9, Max: 23, Diff: 22, Sum: 111]
      [GC Worker Other (ms): Min: 0.0, Avg: 0.0, Max: 0.1, Diff: 0.0, Sum: 0.2]
      [GC Worker Total (ms): Min: 31.4, Avg: 31.6, Max: 31.7, Diff: 0.3, Sum: 252.4]
      [GC Worker End (ms): Min: 343331923.9, Avg: 343331923.9, Max: 343331924.0, Diff: 0.0]
   [Code Root Fixup: 0.0 ms]
   [Code Root Purge: 0.0 ms]
   [Clear CT: 0.7 ms]
   [Other: 15.1 ms]
      [Choose CSet: 0.0 ms]
      [Ref Proc: 14.4 ms]
      [Ref Enq: 0.1 ms]
      [Redirty Cards: 0.3 ms]
      [Humongous Register: 0.0 ms]
      [Humongous Reclaim: 0.0 ms]
      [Free CSet: 0.1 ms]
   [Eden: 7040.0M(7040.0M)->0.0B(7072.0M) Survivors: 128.0M->98304.0K Heap: 11070.0M(14336.0M)->4063.1M(14336.0M)]
 [Times: user=0.26 sys=0.00, real=0.05 secs] 
2022-09-13T22:22:25.278-0600: 343373.796: [GC pause (G1 Evacuation Pause) (young) (initial-mark), 0.0726030 secs]
   [Parallel Time: 51.1 ms, GC Workers: 8]
      [GC Worker Start (ms): Min: 343373797.4, Avg: 343373799.3, Max: 343373800.2, Diff: 2.8]
      [Ext Root Scanning (ms): Min: 1.6, Avg: 8.8, Max: 15.5, Diff: 14.0, Sum: 70.6]
      [Update RS (ms): Min: 9.6, Avg: 17.3, Max: 24.1, Diff: 14.6, Sum: 138.4]
         [Processed Buffers: Min: 24, Avg: 42.8, Max: 74, Diff: 50, Sum: 342]
      [Scan RS (ms): Min: 0.0, Avg: 0.3, Max: 0.5, Diff: 0.5, Sum: 2.6]
      [Code Root Scanning (ms): Min: 0.0, Avg: 0.0, Max: 0.0, Diff: 0.0, Sum: 0.0]
      [Object Copy (ms): Min: 21.0, Avg: 21.2, Max: 21.4, Diff: 0.4, Sum: 169.8]
      [Termination (ms): Min: 0.0, Avg: 0.0, Max: 0.0, Diff: 0.0, Sum: 0.0]
         [Termination Attempts: Min: 1, Avg: 1.9, Max: 3, Diff: 2, Sum: 15]
      [GC Worker Other (ms): Min: 0.0, Avg: 0.0, Max: 0.1, Diff: 0.1, Sum: 0.3]
      [GC Worker Total (ms): Min: 46.8, Avg: 47.7, Max: 49.6, Diff: 2.8, Sum: 381.9]
      [GC Worker End (ms): Min: 343373847.0, Avg: 343373847.0, Max: 343373847.1, Diff: 0.1]
   [Code Root Fixup: 0.0 ms]
   [Code Root Purge: 0.0 ms]
   [Clear CT: 1.0 ms]
   [Other: 20.5 ms]
      [Choose CSet: 0.0 ms]
      [Ref Proc: 20.0 ms]
      [Ref Enq: 0.1 ms]
      [Redirty Cards: 0.1 ms]
      [Humongous Register: 0.0 ms]
      [Humongous Reclaim: 0.0 ms]
      [Free CSet: 0.1 ms]
   [Eden: 7072.0M(7072.0M)->0.0B(7008.0M) Survivors: 98304.0K->160.0M Heap: 11135.1M(14336.0M)->4192.7M(14336.0M)]
 [Times: user=0.35 sys=0.00, real=0.07 secs] 
2022-09-13T22:22:25.351-0600: 343373.869: [GC concurrent-root-region-scan-start]
2022-09-13T22:22:25.376-0600: 343373.893: [GC concurrent-root-region-scan-end, 0.0246123 secs]
2022-09-13T22:22:25.376-0600: 343373.893: [GC concurrent-mark-start]
2022-09-13T22:22:26.745-0600: 343375.262: [GC concurrent-mark-end, 1.3689132 secs]
2022-09-13T22:22:26.745-0600: 343375.262: [GC remark 2022-09-13T22:22:26.745-0600: 343375.262: [Finalize Marking, 0.0027926 secs] 2022-09-13T22:22:26.748-0600: 343375.265: [GC ref-proc, 0.0439414 secs] 2022-09-13T22:22:26.792-0600: 343375.309: [Unloading, 0.0269303 secs], 0.0808183 secs]
 [Times: user=0.31 sys=0.00, real=0.08 secs] 
2022-09-13T22:22:26.826-0600: 343375.343: [GC cleanup 4392M->4392M(14336M), 0.0125181 secs]
 [Times: user=0.04 sys=0.00, real=0.01 secs] 
2022-09-13T22:23:15.507-0600: 343424.024: [GC pause (G1 Evacuation Pause) (young), 0.0552013 secs]
   [Parallel Time: 35.6 ms, GC Workers: 8]
      [GC Worker Start (ms): Min: 343424024.5, Avg: 343424031.1, Max: 343424034.4, Diff: 9.9]
      [Ext Root Scanning (ms): Min: 0.0, Avg: 0.7, Max: 3.8, Diff: 3.8, Sum: 5.8]
      [Update RS (ms): Min: 3.1, Avg: 5.8, Max: 9.2, Diff: 6.1, Sum: 46.6]
         [Processed Buffers: Min: 9, Avg: 20.8, Max: 39, Diff: 30, Sum: 166]
      [Scan RS (ms): Min: 0.0, Avg: 0.0, Max: 0.1, Diff: 0.1, Sum: 0.3]
      [Code Root Scanning (ms): Min: 0.0, Avg: 0.0, Max: 0.0, Diff: 0.0, Sum: 0.0]
      [Object Copy (ms): Min: 21.3, Avg: 22.2, Max: 22.5, Diff: 1.2, Sum: 177.9]
      [Termination (ms): Min: 0.0, Avg: 0.0, Max: 0.1, Diff: 0.1, Sum: 0.2]
         [Termination Attempts: Min: 1, Avg: 50.1, Max: 72, Diff: 71, Sum: 401]
      [GC Worker Other (ms): Min: 0.0, Avg: 0.0, Max: 0.1, Diff: 0.1, Sum: 0.3]
      [GC Worker Total (ms): Min: 25.6, Avg: 28.9, Max: 35.5, Diff: 9.9, Sum: 231.1]
      [GC Worker End (ms): Min: 343424060.0, Avg: 343424060.0, Max: 343424060.0, Diff: 0.1]
   [Code Root Fixup: 0.0 ms]
   [Code Root Purge: 0.0 ms]
   [Clear CT: 0.8 ms]
   [Other: 18.8 ms]
      [Choose CSet: 0.0 ms]
      [Ref Proc: 18.3 ms]
      [Ref Enq: 0.1 ms]
      [Redirty Cards: 0.2 ms]
      [Humongous Register: 0.0 ms]
      [Humongous Reclaim: 0.0 ms]
      [Free CSet: 0.1 ms]
   [Eden: 7008.0M(7008.0M)->0.0B(5584.0M) Survivors: 160.0M->144.0M Heap: 11200.7M(14336.0M)->4293.3M(14336.0M)]
 [Times: user=0.26 sys=0.00, real=0.06 secs] 
2022-09-13T22:23:57.475-0600: 343465.992: [GC pause (G1 Evacuation Pause) (mixed), 0.0872184 secs]
   [Parallel Time: 70.0 ms, GC Workers: 8]
      [GC Worker Start (ms): Min: 343465992.5, Avg: 343465999.8, Max: 343466010.4, Diff: 17.8]
      [Ext Root Scanning (ms): Min: 0.0, Avg: 0.8, Max: 3.3, Diff: 3.3, Sum: 6.7]
      [Update RS (ms): Min: 3.1, Avg: 14.5, Max: 24.0, Diff: 20.9, Sum: 115.8]
         [Processed Buffers: Min: 12, Avg: 42.1, Max: 78, Diff: 66, Sum: 337]
      [Scan RS (ms): Min: 0.0, Avg: 5.8, Max: 6.7, Diff: 6.6, Sum: 46.2]
      [Code Root Scanning (ms): Min: 0.0, Avg: 0.0, Max: 0.0, Diff: 0.0, Sum: 0.0]
      [Object Copy (ms): Min: 36.0, Avg: 41.6, Max: 42.5, Diff: 6.5, Sum: 332.6]
      [Termination (ms): Min: 0.0, Avg: 0.0, Max: 0.0, Diff: 0.0, Sum: 0.2]
         [Termination Attempts: Min: 2, Avg: 36.4, Max: 48, Diff: 46, Sum: 291]
      [GC Worker Other (ms): Min: 0.0, Avg: 0.0, Max: 0.0, Diff: 0.0, Sum: 0.1]
      [GC Worker Total (ms): Min: 52.1, Avg: 62.7, Max: 69.9, Diff: 17.8, Sum: 501.6]
      [GC Worker End (ms): Min: 343466062.4, Avg: 343466062.5, Max: 343466062.5, Diff: 0.0]
   [Code Root Fixup: 0.0 ms]
   [Code Root Purge: 0.0 ms]
   [Clear CT: 0.9 ms]
   [Other: 16.4 ms]
      [Choose CSet: 0.1 ms]
      [Ref Proc: 15.2 ms]
      [Ref Enq: 0.1 ms]
      [Redirty Cards: 0.6 ms]
      [Humongous Register: 0.0 ms]
      [Humongous Reclaim: 0.0 ms]
      [Free CSet: 0.3 ms]
   [Eden: 5584.0M(5584.0M)->0.0B(7088.0M) Survivors: 144.0M->81920.0K Heap: 9877.3M(14336.0M)->4071.8M(14336.0M)]
 [Times: user=0.49 sys=0.00, real=0.09 secs] 
2022-09-13T22:24:49.634-0600: 343518.152: [GC pause (G1 Evacuation Pause) (young), 0.0564012 secs]
   [Parallel Time: 37.2 ms, GC Workers: 8]
      [GC Worker Start (ms): Min: 343518152.1, Avg: 343518157.9, Max: 343518174.3, Diff: 22.2]
      [Ext Root Scanning (ms): Min: 0.0, Avg: 0.8, Max: 2.9, Diff: 2.9, Sum: 6.5]
      [Update RS (ms): Min: 0.4, Avg: 17.4, Max: 25.2, Diff: 24.9, Sum: 139.6]
         [Processed Buffers: Min: 4, Avg: 37.8, Max: 50, Diff: 46, Sum: 302]
      [Scan RS (ms): Min: 0.0, Avg: 1.1, Max: 1.4, Diff: 1.3, Sum: 8.7]
      [Code Root Scanning (ms): Min: 0.0, Avg: 0.0, Max: 0.0, Diff: 0.0, Sum: 0.0]
      [Object Copy (ms): Min: 2.4, Avg: 11.7, Max: 13.2, Diff: 10.8, Sum: 93.5]
      [Termination (ms): Min: 0.0, Avg: 0.0, Max: 0.0, Diff: 0.0, Sum: 0.0]
         [Termination Attempts: Min: 1, Avg: 1.9, Max: 3, Diff: 2, Sum: 15]
      [GC Worker Other (ms): Min: 0.0, Avg: 0.0, Max: 0.1, Diff: 0.0, Sum: 0.2]
      [GC Worker Total (ms): Min: 14.7, Avg: 31.1, Max: 36.9, Diff: 22.2, Sum: 248.5]
      [GC Worker End (ms): Min: 343518189.0, Avg: 343518189.0, Max: 343518189.0, Diff: 0.0]
   [Code Root Fixup: 0.0 ms]
   [Code Root Purge: 0.0 ms]
   [Clear CT: 0.7 ms]
   [Other: 18.5 ms]
      [Choose CSet: 0.0 ms]
      [Ref Proc: 18.0 ms]
      [Ref Enq: 0.1 ms]
      [Redirty Cards: 0.2 ms]
      [Humongous Register: 0.0 ms]
      [Humongous Reclaim: 0.0 ms]
      [Free CSet: 0.1 ms]
   [Eden: 7088.0M(7088.0M)->0.0B(7072.0M) Survivors: 81920.0K->98304.0K Heap: 11159.8M(14336.0M)->4158.1M(14336.0M)]
 [Times: user=0.28 sys=0.00, real=0.05 secs] 
2022-09-13T22:25:15.591-0600: 343544.109: [GC pause (G1 Evacuation Pause) (young) (initial-mark), 0.0624571 secs]
   [Parallel Time: 44.3 ms, GC Workers: 8]
      [GC Worker Start (ms): Min: 343544110.6, Avg: 343544112.6, Max: 343544113.6, Diff: 3.0]
      [Ext Root Scanning (ms): Min: 2.0, Avg: 16.5, Max: 26.7, Diff: 24.7, Sum: 131.8]
      [Update RS (ms): Min: 0.0, Avg: 10.8, Max: 23.1, Diff: 23.1, Sum: 86.3]
         [Processed Buffers: Min: 0, Avg: 26.9, Max: 49, Diff: 49, Sum: 215]
      [Scan RS (ms): Min: 0.0, Avg: 0.0, Max: 0.1, Diff: 0.1, Sum: 0.3]
      [Code Root Scanning (ms): Min: 0.0, Avg: 0.0, Max: 0.0, Diff: 0.0, Sum: 0.0]
      [Object Copy (ms): Min: 6.8, Avg: 13.2, Max: 14.8, Diff: 8.0, Sum: 105.9]
      [Termination (ms): Min: 0.0, Avg: 0.0, Max: 0.0, Diff: 0.0, Sum: 0.0]
         [Termination Attempts: Min: 1, Avg: 1.6, Max: 3, Diff: 2, Sum: 13]
      [GC Worker Other (ms): Min: 0.0, Avg: 0.0, Max: 0.1, Diff: 0.1, Sum: 0.2]
      [GC Worker Total (ms): Min: 39.6, Avg: 40.6, Max: 42.6, Diff: 3.0, Sum: 324.6]
      [GC Worker End (ms): Min: 343544153.2, Avg: 343544153.2, Max: 343544153.3, Diff: 0.1]
   [Code Root Fixup: 0.0 ms]
   [Code Root Purge: 0.0 ms]
   [Clear CT: 0.6 ms]
   [Other: 17.6 ms]
      [Choose CSet: 0.0 ms]
      [Ref Proc: 17.1 ms]
      [Ref Enq: 0.1 ms]
      [Redirty Cards: 0.2 ms]
      [Humongous Register: 0.0 ms]
      [Humongous Reclaim: 0.0 ms]
      [Free CSet: 0.1 ms]
   [Eden: 7072.0M(7072.0M)->0.0B(7088.0M) Survivors: 98304.0K->81920.0K Heap: 11230.1M(14336.0M)->4228.0M(14336.0M)]
 [Times: user=0.26 sys=0.00, real=0.07 secs] 
2022-09-13T22:25:15.654-0600: 343544.172: [GC concurrent-root-region-scan-start]
2022-09-13T22:25:15.671-0600: 343544.188: [GC concurrent-root-region-scan-end, 0.0164837 secs]
2022-09-13T22:25:15.671-0600: 343544.188: [GC concurrent-mark-start]
2022-09-13T22:25:17.107-0600: 343545.625: [GC concurrent-mark-end, 1.4364324 secs]
2022-09-13T22:25:17.107-0600: 343545.625: [GC remark 2022-09-13T22:25:17.107-0600: 343545.625: [Finalize Marking, 0.0037830 secs] 2022-09-13T22:25:17.111-0600: 343545.629: [GC ref-proc, 0.0370846 secs] 2022-09-13T22:25:17.148-0600: 343545.666: [Unloading, 0.0276634 secs], 0.0754596 secs]
 [Times: user=0.27 sys=0.00, real=0.08 secs] 
2022-09-13T22:25:17.183-0600: 343545.701: [GC cleanup 5075M->5059M(14336M), 0.0137065 secs]
 [Times: user=0.03 sys=0.00, real=0.01 secs] 
2022-09-13T22:25:17.197-0600: 343545.714: [GC concurrent-cleanup-start]
2022-09-13T22:25:17.197-0600: 343545.714: [GC concurrent-cleanup-end, 0.0000147 secs]
2022-09-13T22:25:25.813-0600: 343554.331: [GC pause (G1 Evacuation Pause) (young), 0.0926432 secs]
   [Parallel Time: 64.4 ms, GC Workers: 8]
      [GC Worker Start (ms): Min: 343554330.8, Avg: 343554337.5, Max: 343554354.3, Diff: 23.5]
      [Ext Root Scanning (ms): Min: 0.0, Avg: 0.8, Max: 3.5, Diff: 3.5, Sum: 6.8]
      [Update RS (ms): Min: 0.0, Avg: 11.7, Max: 16.5, Diff: 16.5, Sum: 93.3]
         [Processed Buffers: Min: 0, Avg: 33.5, Max: 66, Diff: 66, Sum: 268]
      [Scan RS (ms): Min: 0.0, Avg: 0.0, Max: 0.1, Diff: 0.1, Sum: 0.3]
      [Code Root Scanning (ms): Min: 0.0, Avg: 0.0, Max: 0.0, Diff: 0.0, Sum: 0.0]
      [Object Copy (ms): Min: 13.0, Avg: 19.9, Max: 37.4, Diff: 24.4, Sum: 159.3]
      [Termination (ms): Min: 0.0, Avg: 18.4, Max: 21.1, Diff: 21.1, Sum: 147.2]
         [Termination Attempts: Min: 1, Avg: 1.1, Max: 2, Diff: 1, Sum: 9]
      [GC Worker Other (ms): Min: 0.0, Avg: 0.0, Max: 0.0, Diff: 0.0, Sum: 0.0]
      [GC Worker Total (ms): Min: 34.1, Avg: 50.9, Max: 57.6, Diff: 23.5, Sum: 406.9]
      [GC Worker End (ms): Min: 343554388.2, Avg: 343554388.3, Max: 343554388.4, Diff: 0.2]
   [Code Root Fixup: 0.0 ms]
   [Code Root Purge: 0.0 ms]
   [Clear CT: 0.8 ms]
   [Other: 27.4 ms]
      [Choose CSet: 0.0 ms]
      [Ref Proc: 26.9 ms]
      [Ref Enq: 0.1 ms]
      [Redirty Cards: 0.2 ms]
      [Humongous Register: 0.0 ms]
      [Humongous Reclaim: 0.0 ms]
      [Free CSet: 0.1 ms]
   [Eden: 7088.0M(7088.0M)->0.0B(5616.0M) Survivors: 81920.0K->112.0M Heap: 11300.0M(14336.0M)->4298.2M(14336.0M)]
 [Times: user=0.48 sys=0.00, real=0.09 secs] 
2022-09-13T22:25:36.596-0600: 343565.114: [GC pause (G1 Evacuation Pause) (mixed), 0.0989360 secs]
   [Parallel Time: 83.1 ms, GC Workers: 8]
      [GC Worker Start (ms): Min: 343565114.2, Avg: 343565116.6, Max: 343565126.4, Diff: 12.2]
      [Ext Root Scanning (ms): Min: 0.0, Avg: 2.4, Max: 8.0, Diff: 8.0, Sum: 18.9]
      [Update RS (ms): Min: 0.0, Avg: 5.7, Max: 9.0, Diff: 9.0, Sum: 45.6]
         [Processed Buffers: Min: 0, Avg: 23.4, Max: 48, Diff: 48, Sum: 187]
      [Scan RS (ms): Min: 2.9, Avg: 4.7, Max: 8.4, Diff: 5.5, Sum: 37.2]
      [Code Root Scanning (ms): Min: 0.0, Avg: 0.0, Max: 0.0, Diff: 0.0, Sum: 0.0]
      [Object Copy (ms): Min: 62.5, Avg: 67.0, Max: 72.6, Diff: 10.1, Sum: 536.4]
      [Termination (ms): Min: 0.0, Avg: 0.8, Max: 1.0, Diff: 1.0, Sum: 6.2]
         [Termination Attempts: Min: 1, Avg: 1.0, Max: 1, Diff: 0, Sum: 8]
      [GC Worker Other (ms): Min: 0.0, Avg: 0.0, Max: 0.0, Diff: 0.0, Sum: 0.1]
      [GC Worker Total (ms): Min: 70.8, Avg: 80.6, Max: 83.0, Diff: 12.2, Sum: 644.5]
      [GC Worker End (ms): Min: 343565197.0, Avg: 343565197.1, Max: 343565197.2, Diff: 0.2]
   [Code Root Fixup: 0.0 ms]
   [Code Root Purge: 0.0 ms]
   [Clear CT: 1.0 ms]
   [Other: 14.8 ms]
      [Choose CSet: 0.1 ms]
      [Ref Proc: 13.7 ms]
      [Ref Enq: 0.1 ms]
      [Redirty Cards: 0.4 ms]
      [Humongous Register: 0.0 ms]
      [Humongous Reclaim: 0.0 ms]
      [Free CSet: 0.3 ms]
   [Eden: 5616.0M(5616.0M)->0.0B(7040.0M) Survivors: 112.0M->128.0M Heap: 9914.2M(14336.0M)->4141.8M(14336.0M)]
 [Times: user=0.52 sys=0.00, real=0.10 secs] 
2022-09-13T22:25:51.087-0600: 343579.604: [GC pause (G1 Evacuation Pause) (young), 0.0470911 secs]
   [Parallel Time: 29.4 ms, GC Workers: 8]
      [GC Worker Start (ms): Min: 343579604.4, Avg: 343579606.5, Max: 343579614.7, Diff: 10.4]
      [Ext Root Scanning (ms): Min: 0.0, Avg: 0.9, Max: 3.3, Diff: 3.3, Sum: 7.1]
      [Update RS (ms): Min: 2.9, Avg: 10.1, Max: 11.9, Diff: 9.0, Sum: 80.5]
         [Processed Buffers: Min: 15, Avg: 32.8, Max: 41, Diff: 26, Sum: 262]
      [Scan RS (ms): Min: 0.2, Avg: 0.4, Max: 0.4, Diff: 0.2, Sum: 2.9]
      [Code Root Scanning (ms): Min: 0.0, Avg: 0.0, Max: 0.0, Diff: 0.0, Sum: 0.0]
      [Object Copy (ms): Min: 11.0, Avg: 11.8, Max: 15.4, Diff: 4.5, Sum: 94.1]
      [Termination (ms): Min: 0.0, Avg: 4.0, Max: 4.6, Diff: 4.6, Sum: 32.0]
         [Termination Attempts: Min: 1, Avg: 1.4, Max: 3, Diff: 2, Sum: 11]
      [GC Worker Other (ms): Min: 0.0, Avg: 0.0, Max: 0.0, Diff: 0.0, Sum: 0.1]
      [GC Worker Total (ms): Min: 19.0, Avg: 27.1, Max: 29.2, Diff: 10.3, Sum: 216.8]
      [GC Worker End (ms): Min: 343579633.5, Avg: 343579633.7, Max: 343579633.7, Diff: 0.2]
   [Code Root Fixup: 0.0 ms]
   [Code Root Purge: 0.0 ms]
   [Clear CT: 0.8 ms]
   [Other: 16.9 ms]
      [Choose CSet: 0.0 ms]
      [Ref Proc: 16.5 ms]
      [Ref Enq: 0.1 ms]
      [Redirty Cards: 0.1 ms]
      [Humongous Register: 0.0 ms]
      [Humongous Reclaim: 0.0 ms]
      [Free CSet: 0.1 ms]
   [Eden: 7040.0M(7040.0M)->0.0B(7072.0M) Survivors: 128.0M->98304.0K Heap: 11181.8M(14336.0M)->4174.2M(14336.0M)]
 [Times: user=0.25 sys=0.00, real=0.05 secs] 
2022-09-13T22:26:05.649-0600: 343594.166: [GC pause (G1 Evacuation Pause) (young) (initial-mark), 0.0549481 secs]
   [Parallel Time: 34.5 ms, GC Workers: 8]
      [GC Worker Start (ms): Min: 343594167.8, Avg: 343594171.8, Max: 343594172.7, Diff: 4.9]
      [Ext Root Scanning (ms): Min: 2.1, Avg: 6.6, Max: 19.4, Diff: 17.3, Sum: 52.9]
      [Update RS (ms): Min: 0.0, Avg: 7.9, Max: 20.1, Diff: 20.1, Sum: 63.0]
         [Processed Buffers: Min: 0, Avg: 26.9, Max: 85, Diff: 85, Sum: 215]
      [Scan RS (ms): Min: 0.0, Avg: 5.0, Max: 8.4, Diff: 8.4, Sum: 40.4]
      [Code Root Scanning (ms): Min: 0.0, Avg: 0.0, Max: 0.0, Diff: 0.0, Sum: 0.0]
      [Object Copy (ms): Min: 4.8, Avg: 9.1, Max: 10.5, Diff: 5.7, Sum: 73.1]
      [Termination (ms): Min: 0.0, Avg: 0.3, Max: 0.4, Diff: 0.4, Sum: 2.7]
         [Termination Attempts: Min: 1, Avg: 627.6, Max: 833, Diff: 832, Sum: 5021]
      [GC Worker Other (ms): Min: 0.0, Avg: 0.0, Max: 0.1, Diff: 0.1, Sum: 0.3]
      [GC Worker Total (ms): Min: 28.1, Avg: 29.1, Max: 33.1, Diff: 4.9, Sum: 232.5]
      [GC Worker End (ms): Min: 343594200.8, Avg: 343594200.8, Max: 343594200.9, Diff: 0.1]
   [Code Root Fixup: 0.0 ms]
   [Code Root Purge: 0.0 ms]
   [Clear CT: 1.2 ms]
   [Other: 19.2 ms]
      [Choose CSet: 0.0 ms]
      [Ref Proc: 18.4 ms]
      [Ref Enq: 0.1 ms]
      [Redirty Cards: 0.3 ms]
      [Humongous Register: 0.0 ms]
      [Humongous Reclaim: 0.0 ms]
      [Free CSet: 0.2 ms]
   [Eden: 7072.0M(7072.0M)->0.0B(7040.0M) Survivors: 98304.0K->128.0M Heap: 11246.2M(14336.0M)->4281.2M(14336.0M)]
 [Times: user=0.25 sys=0.00, real=0.06 secs] 
2022-09-13T22:26:05.704-0600: 343594.221: [GC concurrent-root-region-scan-start]
2022-09-13T22:26:05.715-0600: 343594.232: [GC concurrent-root-region-scan-end, 0.0110224 secs]
2022-09-13T22:26:05.715-0600: 343594.232: [GC concurrent-mark-start]
2022-09-13T22:26:07.158-0600: 343595.676: [GC concurrent-mark-end, 1.4430711 secs]
2022-09-13T22:26:07.158-0600: 343595.676: [GC remark 2022-09-13T22:26:07.158-0600: 343595.676: [Finalize Marking, 0.0025356 secs] 2022-09-13T22:26:07.161-0600: 343595.678: [GC ref-proc, 0.0349150 secs] 2022-09-13T22:26:07.196-0600: 343595.713: [Unloading, 0.0252643 secs], 0.0680369 secs]
 [Times: user=0.27 sys=0.00, real=0.07 secs] 
2022-09-13T22:26:07.226-0600: 343595.744: [GC cleanup 4985M->4985M(14336M), 0.0113304 secs]
 [Times: user=0.03 sys=0.00, real=0.01 secs] 
2022-09-13T22:26:19.530-0600: 343608.047: [GC pause (G1 Evacuation Pause) (young), 0.0425965 secs]
   [Parallel Time: 22.2 ms, GC Workers: 8]
      [GC Worker Start (ms): Min: 343608047.5, Avg: 343608051.0, Max: 343608056.1, Diff: 8.6]
      [Ext Root Scanning (ms): Min: 0.0, Avg: 0.8, Max: 3.2, Diff: 3.2, Sum: 6.8]
      [Update RS (ms): Min: 0.3, Avg: 4.9, Max: 7.8, Diff: 7.4, Sum: 39.0]
         [Processed Buffers: Min: 1, Avg: 27.8, Max: 51, Diff: 50, Sum: 222]
      [Scan RS (ms): Min: 4.1, Avg: 5.8, Max: 6.2, Diff: 2.1, Sum: 46.7]
      [Code Root Scanning (ms): Min: 0.0, Avg: 0.0, Max: 0.0, Diff: 0.0, Sum: 0.0]
      [Object Copy (ms): Min: 6.7, Avg: 6.7, Max: 6.9, Diff: 0.2, Sum: 53.8]
      [Termination (ms): Min: 0.0, Avg: 0.0, Max: 0.0, Diff: 0.0, Sum: 0.0]
         [Termination Attempts: Min: 1, Avg: 4.9, Max: 7, Diff: 6, Sum: 39]
      [GC Worker Other (ms): Min: 0.0, Avg: 0.0, Max: 0.1, Diff: 0.1, Sum: 0.2]
      [GC Worker Total (ms): Min: 13.2, Avg: 18.3, Max: 21.8, Diff: 8.6, Sum: 146.6]
      [GC Worker End (ms): Min: 343608069.3, Avg: 343608069.3, Max: 343608069.4, Diff: 0.1]
   [Code Root Fixup: 0.0 ms]
   [Code Root Purge: 0.0 ms]
   [Clear CT: 1.1 ms]
   [Other: 19.3 ms]
      [Choose CSet: 0.0 ms]
      [Ref Proc: 18.7 ms]
      [Ref Enq: 0.1 ms]
      [Redirty Cards: 0.3 ms]
      [Humongous Register: 0.0 ms]
      [Humongous Reclaim: 0.0 ms]
      [Free CSet: 0.1 ms]
   [Eden: 7040.0M(7040.0M)->0.0B(5680.0M) Survivors: 128.0M->49152.0K Heap: 11321.2M(14336.0M)->4208.5M(14336.0M)]
 [Times: user=0.20 sys=0.00, real=0.04 secs] 
2022-09-13T22:26:42.722-0600: 343631.240: [GC pause (G1 Evacuation Pause) (mixed), 0.0641746 secs]
   [Parallel Time: 43.1 ms, GC Workers: 8]
      [GC Worker Start (ms): Min: 343631240.2, Avg: 343631246.0, Max: 343631251.8, Diff: 11.6]
      [Ext Root Scanning (ms): Min: 0.0, Avg: 0.9, Max: 3.2, Diff: 3.2, Sum: 7.2]
      [Update RS (ms): Min: 0.0, Avg: 4.7, Max: 8.9, Diff: 8.9, Sum: 37.6]
         [Processed Buffers: Min: 0, Avg: 29.9, Max: 60, Diff: 60, Sum: 239]
      [Scan RS (ms): Min: 11.4, Avg: 12.4, Max: 14.7, Diff: 3.3, Sum: 99.0]
      [Code Root Scanning (ms): Min: 0.0, Avg: 0.0, Max: 0.0, Diff: 0.0, Sum: 0.0]
      [Object Copy (ms): Min: 16.3, Avg: 19.0, Max: 20.0, Diff: 3.8, Sum: 151.8]
      [Termination (ms): Min: 0.0, Avg: 0.0, Max: 0.0, Diff: 0.0, Sum: 0.1]
         [Termination Attempts: Min: 1, Avg: 27.4, Max: 44, Diff: 43, Sum: 219]
      [GC Worker Other (ms): Min: 0.0, Avg: 0.0, Max: 0.1, Diff: 0.1, Sum: 0.2]
      [GC Worker Total (ms): Min: 31.1, Avg: 37.0, Max: 42.8, Diff: 11.6, Sum: 295.9]
      [GC Worker End (ms): Min: 343631283.0, Avg: 343631283.0, Max: 343631283.0, Diff: 0.0]
   [Code Root Fixup: 0.0 ms]
   [Code Root Purge: 0.0 ms]
   [Clear CT: 0.6 ms]
   [Other: 20.4 ms]
      [Choose CSet: 0.1 ms]
      [Ref Proc: 19.5 ms]
      [Ref Enq: 0.1 ms]
      [Redirty Cards: 0.4 ms]
      [Humongous Register: 0.0 ms]
      [Humongous Reclaim: 0.0 ms]
      [Free CSet: 0.2 ms]
   [Eden: 5680.0M(5680.0M)->0.0B(7136.0M) Survivors: 49152.0K->32768.0K Heap: 9888.5M(14336.0M)->3966.7M(14336.0M)]
 [Times: user=0.32 sys=0.00, real=0.06 secs] 
2022-09-13T22:27:51.230-0600: 343699.748: [GC pause (G1 Evacuation Pause) (young), 0.0380404 secs]
   [Parallel Time: 15.6 ms, GC Workers: 8]
      [GC Worker Start (ms): Min: 343699748.2, Avg: 343699748.6, Max: 343699750.3, Diff: 2.1]
      [Ext Root Scanning (ms): Min: 0.0, Avg: 3.1, Max: 10.0, Diff: 10.0, Sum: 24.8]
      [Update RS (ms): Min: 0.1, Avg: 6.7, Max: 8.6, Diff: 8.5, Sum: 53.6]
         [Processed Buffers: Min: 5, Avg: 32.2, Max: 47, Diff: 42, Sum: 258]
      [Scan RS (ms): Min: 0.7, Avg: 0.8, Max: 0.9, Diff: 0.2, Sum: 6.7]
      [Code Root Scanning (ms): Min: 0.0, Avg: 0.0, Max: 0.0, Diff: 0.0, Sum: 0.0]
      [Object Copy (ms): Min: 3.9, Avg: 4.1, Max: 4.2, Diff: 0.3, Sum: 32.5]
      [Termination (ms): Min: 0.0, Avg: 0.3, Max: 0.4, Diff: 0.4, Sum: 2.7]
         [Termination Attempts: Min: 1, Avg: 10.9, Max: 18, Diff: 17, Sum: 87]
      [GC Worker Other (ms): Min: 0.0, Avg: 0.0, Max: 0.0, Diff: 0.0, Sum: 0.1]
      [GC Worker Total (ms): Min: 13.3, Avg: 15.1, Max: 15.4, Diff: 2.1, Sum: 120.4]
      [GC Worker End (ms): Min: 343699763.5, Avg: 343699763.6, Max: 343699763.7, Diff: 0.1]
   [Code Root Fixup: 0.0 ms]
   [Code Root Purge: 0.0 ms]
   [Clear CT: 0.9 ms]
   [Other: 21.5 ms]
      [Choose CSet: 0.0 ms]
      [Ref Proc: 21.1 ms]
      [Ref Enq: 0.1 ms]
      [Redirty Cards: 0.1 ms]
      [Humongous Register: 0.0 ms]
      [Humongous Reclaim: 0.0 ms]
      [Free CSet: 0.1 ms]
   [Eden: 7136.0M(7136.0M)->0.0B(7152.0M) Survivors: 32768.0K->16384.0K Heap: 11102.7M(14336.0M)->4029.3M(14336.0M)]
 [Times: user=0.18 sys=0.00, real=0.04 secs] 
2022-09-13T22:29:10.526-0600: 343779.044: [GC pause (G1 Evacuation Pause) (young) (initial-mark), 0.0517127 secs]
   [Parallel Time: 25.3 ms, GC Workers: 8]
      [GC Worker Start (ms): Min: 343779045.2, Avg: 343779048.6, Max: 343779049.6, Diff: 4.4]
      [Ext Root Scanning (ms): Min: 1.5, Avg: 11.6, Max: 19.4, Diff: 17.9, Sum: 92.7]
      [Update RS (ms): Min: 0.0, Avg: 4.7, Max: 12.7, Diff: 12.7, Sum: 37.9]
         [Processed Buffers: Min: 0, Avg: 21.2, Max: 64, Diff: 64, Sum: 170]
      [Scan RS (ms): Min: 0.0, Avg: 0.0, Max: 0.1, Diff: 0.1, Sum: 0.2]
      [Code Root Scanning (ms): Min: 0.0, Avg: 0.0, Max: 0.0, Diff: 0.0, Sum: 0.0]
      [Object Copy (ms): Min: 0.0, Avg: 2.1, Max: 3.4, Diff: 3.4, Sum: 16.8]
      [Termination (ms): Min: 0.0, Avg: 2.0, Max: 2.6, Diff: 2.6, Sum: 15.9]
         [Termination Attempts: Min: 1, Avg: 1.1, Max: 2, Diff: 1, Sum: 9]
      [GC Worker Other (ms): Min: 0.0, Avg: 0.0, Max: 0.0, Diff: 0.0, Sum: 0.1]
      [GC Worker Total (ms): Min: 19.5, Avg: 20.5, Max: 23.9, Diff: 4.4, Sum: 163.6]
      [GC Worker End (ms): Min: 343779069.0, Avg: 343779069.1, Max: 343779069.2, Diff: 0.1]
   [Code Root Fixup: 0.0 ms]
   [Code Root Purge: 0.0 ms]
   [Clear CT: 0.8 ms]
   [Other: 25.6 ms]
      [Choose CSet: 0.0 ms]
      [Ref Proc: 25.1 ms]
      [Ref Enq: 0.1 ms]
      [Redirty Cards: 0.2 ms]
      [Humongous Register: 0.0 ms]
      [Humongous Reclaim: 0.0 ms]
      [Free CSet: 0.1 ms]
   [Eden: 7152.0M(7152.0M)->0.0B(7152.0M) Survivors: 16384.0K->16384.0K Heap: 11181.3M(14336.0M)->4042.0M(14336.0M)]
 [Times: user=0.17 sys=0.00, real=0.05 secs] 
2022-09-13T22:29:10.578-0600: 343779.096: [GC concurrent-root-region-scan-start]
2022-09-13T22:29:10.584-0600: 343779.102: [GC concurrent-root-region-scan-end, 0.0060465 secs]
2022-09-13T22:29:10.584-0600: 343779.102: [GC concurrent-mark-start]
2022-09-13T22:29:11.874-0600: 343780.392: [GC concurrent-mark-end, 1.2904904 secs]
2022-09-13T22:29:11.875-0600: 343780.392: [GC remark 2022-09-13T22:29:11.875-0600: 343780.392: [Finalize Marking, 0.0024942 secs] 2022-09-13T22:29:11.877-0600: 343780.395: [GC ref-proc, 0.0334277 secs] 2022-09-13T22:29:11.911-0600: 343780.428: [Unloading, 0.0244872 secs], 0.0655260 secs]
 [Times: user=0.27 sys=0.00, real=0.06 secs] 
2022-09-13T22:29:11.941-0600: 343780.458: [GC cleanup 4179M->4163M(14336M), 0.0100289 secs]
 [Times: user=0.03 sys=0.00, real=0.01 secs] 
2022-09-13T22:29:11.951-0600: 343780.468: [GC concurrent-cleanup-start]
2022-09-13T22:29:11.951-0600: 343780.468: [GC concurrent-cleanup-end, 0.0000123 secs]
2022-09-13T22:30:28.231-0600: 343856.749: [GC pause (G1 Evacuation Pause) (young), 0.0197687 secs]
   [Parallel Time: 8.2 ms, GC Workers: 8]
      [GC Worker Start (ms): Min: 343856748.6, Avg: 343856749.3, Max: 343856750.3, Diff: 1.7]
      [Ext Root Scanning (ms): Min: 0.0, Avg: 1.2, Max: 6.4, Diff: 6.4, Sum: 9.6]
      [Update RS (ms): Min: 0.0, Avg: 2.3, Max: 3.5, Diff: 3.5, Sum: 18.2]
         [Processed Buffers: Min: 0, Avg: 10.4, Max: 27, Diff: 27, Sum: 83]
      [Scan RS (ms): Min: 0.0, Avg: 0.0, Max: 0.1, Diff: 0.1, Sum: 0.2]
      [Code Root Scanning (ms): Min: 0.0, Avg: 0.0, Max: 0.0, Diff: 0.0, Sum: 0.0]
      [Object Copy (ms): Min: 1.1, Avg: 3.3, Max: 6.5, Diff: 5.4, Sum: 26.8]
      [Termination (ms): Min: 0.0, Avg: 0.5, Max: 0.6, Diff: 0.6, Sum: 4.1]
         [Termination Attempts: Min: 1, Avg: 11.8, Max: 18, Diff: 17, Sum: 94]
      [GC Worker Other (ms): Min: 0.0, Avg: 0.0, Max: 0.0, Diff: 0.0, Sum: 0.0]
      [GC Worker Total (ms): Min: 6.3, Avg: 7.4, Max: 8.1, Diff: 1.8, Sum: 59.0]
      [GC Worker End (ms): Min: 343856756.6, Avg: 343856756.7, Max: 343856756.7, Diff: 0.0]
   [Code Root Fixup: 0.0 ms]
   [Code Root Purge: 0.0 ms]
   [Clear CT: 0.6 ms]
   [Other: 11.0 ms]
      [Choose CSet: 0.0 ms]
      [Ref Proc: 10.5 ms]
      [Ref Enq: 0.1 ms]
      [Redirty Cards: 0.1 ms]
      [Humongous Register: 0.0 ms]
      [Humongous Reclaim: 0.0 ms]
      [Free CSet: 0.1 ms]
   [Eden: 7152.0M(7152.0M)->0.0B(5712.0M) Survivors: 16384.0K->16384.0K Heap: 11178.0M(14336.0M)->4031.7M(14336.0M)]
 [Times: user=0.08 sys=0.00, real=0.02 secs] 
2022-09-13T22:31:28.724-0600: 343917.242: [GC pause (G1 Evacuation Pause) (mixed), 0.0447125 secs]
   [Parallel Time: 27.8 ms, GC Workers: 8]
      [GC Worker Start (ms): Min: 343917242.4, Avg: 343917242.8, Max: 343917243.1, Diff: 0.7]
      [Ext Root Scanning (ms): Min: 0.0, Avg: 1.4, Max: 8.1, Diff: 8.1, Sum: 11.4]
      [Update RS (ms): Min: 0.0, Avg: 2.7, Max: 9.6, Diff: 9.6, Sum: 21.6]
         [Processed Buffers: Min: 0, Avg: 9.5, Max: 22, Diff: 22, Sum: 76]
      [Scan RS (ms): Min: 0.3, Avg: 4.9, Max: 6.1, Diff: 5.9, Sum: 39.5]
      [Code Root Scanning (ms): Min: 0.0, Avg: 0.2, Max: 1.2, Diff: 1.2, Sum: 1.2]
      [Object Copy (ms): Min: 16.2, Avg: 18.0, Max: 20.3, Diff: 4.1, Sum: 143.6]
      [Termination (ms): Min: 0.0, Avg: 0.0, Max: 0.1, Diff: 0.1, Sum: 0.3]
         [Termination Attempts: Min: 1, Avg: 74.6, Max: 104, Diff: 103, Sum: 597]
      [GC Worker Other (ms): Min: 0.0, Avg: 0.0, Max: 0.1, Diff: 0.1, Sum: 0.2]
      [GC Worker Total (ms): Min: 26.9, Avg: 27.2, Max: 27.6, Diff: 0.7, Sum: 217.9]
      [GC Worker End (ms): Min: 343917270.0, Avg: 343917270.0, Max: 343917270.0, Diff: 0.1]
   [Code Root Fixup: 0.1 ms]
   [Code Root Purge: 0.0 ms]
   [Clear CT: 1.1 ms]
   [Other: 15.8 ms]
      [Choose CSet: 0.1 ms]
      [Ref Proc: 14.9 ms]
      [Ref Enq: 0.1 ms]
      [Redirty Cards: 0.3 ms]
      [Humongous Register: 0.0 ms]
      [Humongous Reclaim: 0.0 ms]
      [Free CSet: 0.3 ms]
   [Eden: 5712.0M(5712.0M)->0.0B(7152.0M) Survivors: 16384.0K->16384.0K Heap: 9743.7M(14336.0M)->3621.5M(14336.0M)]
 [Times: user=0.23 sys=0.00, real=0.04 secs] 
2022-09-13T22:32:47.379-0600: 343995.897: [GC pause (G1 Evacuation Pause) (young), 0.0283216 secs]
   [Parallel Time: 13.9 ms, GC Workers: 8]
      [GC Worker Start (ms): Min: 343995896.7, Avg: 343995897.9, Max: 343995902.6, Diff: 5.9]
      [Ext Root Scanning (ms): Min: 0.0, Avg: 0.8, Max: 3.1, Diff: 3.1, Sum: 6.6]
      [Update RS (ms): Min: 4.5, Avg: 8.4, Max: 9.6, Diff: 5.1, Sum: 67.1]
         [Processed Buffers: Min: 25, Avg: 33.6, Max: 52, Diff: 27, Sum: 269]
      [Scan RS (ms): Min: 0.2, Avg: 0.3, Max: 0.4, Diff: 0.3, Sum: 2.7]
      [Code Root Scanning (ms): Min: 0.0, Avg: 0.0, Max: 0.0, Diff: 0.0, Sum: 0.0]
      [Object Copy (ms): Min: 2.7, Avg: 2.8, Max: 2.9, Diff: 0.2, Sum: 22.4]
      [Termination (ms): Min: 0.0, Avg: 0.0, Max: 0.0, Diff: 0.0, Sum: 0.1]
         [Termination Attempts: Min: 1, Avg: 28.6, Max: 38, Diff: 37, Sum: 229]
      [GC Worker Other (ms): Min: 0.0, Avg: 0.0, Max: 0.1, Diff: 0.1, Sum: 0.3]
      [GC Worker Total (ms): Min: 7.7, Avg: 12.4, Max: 13.6, Diff: 6.0, Sum: 99.2]
      [GC Worker End (ms): Min: 343995910.3, Avg: 343995910.3, Max: 343995910.4, Diff: 0.1]
   [Code Root Fixup: 0.0 ms]
   [Code Root Purge: 0.0 ms]
   [Clear CT: 0.9 ms]
   [Other: 13.5 ms]
      [Choose CSet: 0.0 ms]
      [Ref Proc: 13.0 ms]
      [Ref Enq: 0.1 ms]
      [Redirty Cards: 0.1 ms]
      [Humongous Register: 0.0 ms]
      [Humongous Reclaim: 0.0 ms]
      [Free CSet: 0.1 ms]
   [Eden: 7152.0M(7152.0M)->0.0B(7152.0M) Survivors: 16384.0K->16384.0K Heap: 10773.5M(14336.0M)->3676.2M(14336.0M)]
 [Times: user=0.13 sys=0.00, real=0.03 secs] 
2022-09-13T22:34:10.077-0600: 344078.594: [GC pause (G1 Evacuation Pause) (young) (initial-mark), 0.0376403 secs]
   [Parallel Time: 21.6 ms, GC Workers: 8]
      [GC Worker Start (ms): Min: 344078595.7, Avg: 344078597.1, Max: 344078598.0, Diff: 2.3]
      [Ext Root Scanning (ms): Min: 3.3, Avg: 7.9, Max: 12.9, Diff: 9.7, Sum: 63.0]
      [Update RS (ms): Min: 0.0, Avg: 1.9, Max: 5.0, Diff: 5.0, Sum: 14.9]
         [Processed Buffers: Min: 0, Avg: 10.5, Max: 28, Diff: 28, Sum: 84]
      [Scan RS (ms): Min: 0.0, Avg: 0.0, Max: 0.1, Diff: 0.0, Sum: 0.2]
      [Code Root Scanning (ms): Min: 0.0, Avg: 0.0, Max: 0.0, Diff: 0.0, Sum: 0.0]
      [Object Copy (ms): Min: 0.0, Avg: 4.0, Max: 10.5, Diff: 10.5, Sum: 32.3]
      [Termination (ms): Min: 0.0, Avg: 5.0, Max: 6.8, Diff: 6.8, Sum: 40.1]
         [Termination Attempts: Min: 1, Avg: 15.0, Max: 37, Diff: 36, Sum: 120]
      [GC Worker Other (ms): Min: 0.0, Avg: 0.0, Max: 0.0, Diff: 0.0, Sum: 0.0]
      [GC Worker Total (ms): Min: 17.9, Avg: 18.8, Max: 20.3, Diff: 2.4, Sum: 150.5]
      [GC Worker End (ms): Min: 344078615.8, Avg: 344078615.9, Max: 344078616.0, Diff: 0.2]
   [Code Root Fixup: 0.0 ms]
   [Code Root Purge: 0.0 ms]
   [Clear CT: 0.8 ms]
   [Other: 15.2 ms]
      [Choose CSet: 0.0 ms]
      [Ref Proc: 14.6 ms]
      [Ref Enq: 0.1 ms]
      [Redirty Cards: 0.1 ms]
      [Humongous Register: 0.0 ms]
      [Humongous Reclaim: 0.0 ms]
      [Free CSet: 0.1 ms]
   [Eden: 7152.0M(7152.0M)->0.0B(7136.0M) Survivors: 16384.0K->32768.0K Heap: 10828.2M(14336.0M)->3694.1M(14336.0M)]
 [Times: user=0.14 sys=0.00, real=0.04 secs] 
2022-09-13T22:34:10.114-0600: 344078.632: [GC concurrent-root-region-scan-start]
2022-09-13T22:34:10.122-0600: 344078.640: [GC concurrent-root-region-scan-end, 0.0074797 secs]
2022-09-13T22:34:10.122-0600: 344078.640: [GC concurrent-mark-start]
2022-09-13T22:34:11.411-0600: 344079.929: [GC concurrent-mark-end, 1.2891897 secs]
2022-09-13T22:34:11.411-0600: 344079.929: [GC remark 2022-09-13T22:34:11.411-0600: 344079.929: [Finalize Marking, 0.0025495 secs] 2022-09-13T22:34:11.414-0600: 344079.932: [GC ref-proc, 0.0309287 secs] 2022-09-13T22:34:11.445-0600: 344079.963: [Unloading, 0.0418309 secs], 0.0799640 secs]
 [Times: user=0.31 sys=0.00, real=0.08 secs] 
2022-09-13T22:34:11.491-0600: 344080.009: [GC cleanup 3848M->3848M(14336M), 0.0073450 secs]
 [Times: user=0.02 sys=0.00, real=0.01 secs] 
2022-09-13T22:35:33.631-0600: 344162.149: [GC pause (G1 Evacuation Pause) (young), 0.0161930 secs]
   [Parallel Time: 7.9 ms, GC Workers: 8]
      [GC Worker Start (ms): Min: 344162148.7, Avg: 344162149.5, Max: 344162150.3, Diff: 1.6]
      [Ext Root Scanning (ms): Min: 0.0, Avg: 0.8, Max: 3.1, Diff: 3.1, Sum: 6.7]
      [Update RS (ms): Min: 1.8, Avg: 3.1, Max: 3.4, Diff: 1.6, Sum: 24.6]
         [Processed Buffers: Min: 8, Avg: 12.0, Max: 23, Diff: 15, Sum: 96]
      [Scan RS (ms): Min: 0.0, Avg: 0.0, Max: 0.1, Diff: 0.1, Sum: 0.2]
      [Code Root Scanning (ms): Min: 0.0, Avg: 0.0, Max: 0.0, Diff: 0.0, Sum: 0.0]
      [Object Copy (ms): Min: 2.4, Avg: 2.7, Max: 2.9, Diff: 0.5, Sum: 21.9]
      [Termination (ms): Min: 0.0, Avg: 0.2, Max: 0.4, Diff: 0.4, Sum: 1.8]
         [Termination Attempts: Min: 1, Avg: 1.6, Max: 4, Diff: 3, Sum: 13]
      [GC Worker Other (ms): Min: 0.0, Avg: 0.0, Max: 0.0, Diff: 0.0, Sum: 0.0]
      [GC Worker Total (ms): Min: 6.1, Avg: 6.9, Max: 7.8, Diff: 1.7, Sum: 55.4]
      [GC Worker End (ms): Min: 344162156.4, Avg: 344162156.5, Max: 344162156.5, Diff: 0.1]
   [Code Root Fixup: 0.0 ms]
   [Code Root Purge: 0.0 ms]
   [Clear CT: 0.6 ms]
   [Other: 7.8 ms]
      [Choose CSet: 0.0 ms]
      [Ref Proc: 7.3 ms]
      [Ref Enq: 0.1 ms]
      [Redirty Cards: 0.1 ms]
      [Humongous Register: 0.0 ms]
      [Humongous Reclaim: 0.0 ms]
      [Free CSet: 0.1 ms]
   [Eden: 7136.0M(7136.0M)->0.0B(5712.0M) Survivors: 32768.0K->16384.0K Heap: 10830.1M(14336.0M)->3692.0M(14336.0M)]
 [Times: user=0.07 sys=0.00, real=0.02 secs] 
2022-09-13T22:36:38.459-0600: 344226.977: [GC pause (G1 Evacuation Pause) (mixed), 0.0326544 secs]
   [Parallel Time: 19.7 ms, GC Workers: 8]
      [GC Worker Start (ms): Min: 344226977.1, Avg: 344226977.2, Max: 344226977.4, Diff: 0.3]
      [Ext Root Scanning (ms): Min: 0.0, Avg: 2.1, Max: 14.0, Diff: 13.9, Sum: 17.0]
      [Update RS (ms): Min: 0.0, Avg: 2.2, Max: 4.6, Diff: 4.6, Sum: 18.0]
         [Processed Buffers: Min: 0, Avg: 8.9, Max: 19, Diff: 19, Sum: 71]
      [Scan RS (ms): Min: 0.0, Avg: 2.6, Max: 3.5, Diff: 3.5, Sum: 20.8]
      [Code Root Scanning (ms): Min: 0.0, Avg: 0.1, Max: 0.4, Diff: 0.4, Sum: 0.4]
      [Object Copy (ms): Min: 3.8, Avg: 10.9, Max: 13.3, Diff: 9.5, Sum: 86.9]
      [Termination (ms): Min: 0.0, Avg: 1.5, Max: 1.8, Diff: 1.8, Sum: 12.4]
         [Termination Attempts: Min: 1, Avg: 82.6, Max: 100, Diff: 99, Sum: 661]
      [GC Worker Other (ms): Min: 0.0, Avg: 0.0, Max: 0.0, Diff: 0.0, Sum: 0.1]
      [GC Worker Total (ms): Min: 19.3, Avg: 19.5, Max: 19.6, Diff: 0.4, Sum: 155.6]
      [GC Worker End (ms): Min: 344226996.6, Avg: 344226996.7, Max: 344226996.7, Diff: 0.0]
   [Code Root Fixup: 0.0 ms]
   [Code Root Purge: 0.0 ms]
   [Clear CT: 0.9 ms]
   [Other: 12.1 ms]
      [Choose CSet: 0.0 ms]
      [Ref Proc: 11.5 ms]
      [Ref Enq: 0.1 ms]
      [Redirty Cards: 0.1 ms]
      [Humongous Register: 0.0 ms]
      [Humongous Reclaim: 0.0 ms]
      [Free CSet: 0.1 ms]
   [Eden: 5712.0M(5712.0M)->0.0B(7152.0M) Survivors: 16384.0K->16384.0K Heap: 9404.0M(14336.0M)->3604.4M(14336.0M)]
 [Times: user=0.13 sys=0.00, real=0.03 secs] 
2022-09-13T22:37:59.925-0600: 344308.443: [GC pause (G1 Evacuation Pause) (young), 0.0343429 secs]
   [Parallel Time: 13.9 ms, GC Workers: 8]
      [GC Worker Start (ms): Min: 344308443.1, Avg: 344308447.0, Max: 344308456.7, Diff: 13.6]
      [Ext Root Scanning (ms): Min: 0.0, Avg: 0.7, Max: 2.8, Diff: 2.8, Sum: 5.9]
      [Update RS (ms): Min: 0.0, Avg: 5.7, Max: 11.0, Diff: 11.0, Sum: 45.4]
         [Processed Buffers: Min: 0, Avg: 27.1, Max: 38, Diff: 38, Sum: 217]
      [Scan RS (ms): Min: 0.0, Avg: 0.0, Max: 0.1, Diff: 0.1, Sum: 0.2]
      [Code Root Scanning (ms): Min: 0.0, Avg: 0.0, Max: 0.0, Diff: 0.0, Sum: 0.0]
      [Object Copy (ms): Min: 0.0, Avg: 2.9, Max: 3.9, Diff: 3.9, Sum: 23.2]
      [Termination (ms): Min: 0.0, Avg: 0.6, Max: 0.9, Diff: 0.9, Sum: 5.0]
         [Termination Attempts: Min: 1, Avg: 21.2, Max: 41, Diff: 40, Sum: 170]
      [GC Worker Other (ms): Min: 0.0, Avg: 0.0, Max: 0.0, Diff: 0.0, Sum: 0.1]
      [GC Worker Total (ms): Min: 0.3, Avg: 10.0, Max: 13.9, Diff: 13.6, Sum: 79.8]
      [GC Worker End (ms): Min: 344308457.0, Avg: 344308457.0, Max: 344308457.0, Diff: 0.0]
   [Code Root Fixup: 0.0 ms]
   [Code Root Purge: 0.0 ms]
   [Clear CT: 0.7 ms]
   [Other: 19.7 ms]
      [Choose CSet: 0.0 ms]
      [Ref Proc: 19.3 ms]
      [Ref Enq: 0.1 ms]
      [Redirty Cards: 0.1 ms]
      [Humongous Register: 0.0 ms]
      [Humongous Reclaim: 0.0 ms]
      [Free CSet: 0.1 ms]
   [Eden: 7152.0M(7152.0M)->0.0B(7136.0M) Survivors: 16384.0K->32768.0K Heap: 10756.4M(14336.0M)->3621.1M(14336.0M)]
 [Times: user=0.15 sys=0.00, real=0.03 secs] 
2022-09-13T22:39:20.827-0600: 344389.345: [GC pause (G1 Evacuation Pause) (young) (initial-mark), 0.0461496 secs]
   [Parallel Time: 20.2 ms, GC Workers: 8]
      [GC Worker Start (ms): Min: 344389346.3, Avg: 344389350.7, Max: 344389351.5, Diff: 5.2]
      [Ext Root Scanning (ms): Min: 2.4, Avg: 7.7, Max: 13.6, Diff: 11.2, Sum: 61.3]
      [Update RS (ms): Min: 0.0, Avg: 1.7, Max: 3.4, Diff: 3.4, Sum: 13.2]
         [Processed Buffers: Min: 0, Avg: 8.8, Max: 24, Diff: 24, Sum: 70]
      [Scan RS (ms): Min: 0.0, Avg: 0.0, Max: 0.1, Diff: 0.1, Sum: 0.2]
      [Code Root Scanning (ms): Min: 0.0, Avg: 0.0, Max: 0.0, Diff: 0.0, Sum: 0.0]
      [Object Copy (ms): Min: 0.0, Avg: 1.9, Max: 3.7, Diff: 3.7, Sum: 15.2]
      [Termination (ms): Min: 0.0, Avg: 3.2, Max: 4.4, Diff: 4.4, Sum: 25.5]
         [Termination Attempts: Min: 1, Avg: 6.1, Max: 15, Diff: 14, Sum: 49]
      [GC Worker Other (ms): Min: 0.0, Avg: 0.0, Max: 0.0, Diff: 0.0, Sum: 0.0]
      [GC Worker Total (ms): Min: 13.6, Avg: 14.4, Max: 18.8, Diff: 5.2, Sum: 115.5]
      [GC Worker End (ms): Min: 344389365.0, Avg: 344389365.1, Max: 344389365.2, Diff: 0.1]
   [Code Root Fixup: 0.0 ms]
   [Code Root Purge: 0.0 ms]
   [Clear CT: 0.8 ms]
   [Other: 25.2 ms]
      [Choose CSet: 0.0 ms]
      [Ref Proc: 24.7 ms]
      [Ref Enq: 0.2 ms]
      [Redirty Cards: 0.1 ms]
      [Humongous Register: 0.0 ms]
      [Humongous Reclaim: 0.0 ms]
      [Free CSet: 0.1 ms]
   [Eden: 7136.0M(7136.0M)->0.0B(7136.0M) Survivors: 32768.0K->32768.0K Heap: 10757.1M(14336.0M)->3628.9M(14336.0M)]
 [Times: user=0.17 sys=0.00, real=0.05 secs] 
2022-09-13T22:39:20.874-0600: 344389.391: [GC concurrent-root-region-scan-start]
2022-09-13T22:39:20.882-0600: 344389.399: [GC concurrent-root-region-scan-end, 0.0081470 secs]
2022-09-13T22:39:20.882-0600: 344389.399: [GC concurrent-mark-start]
2022-09-13T22:39:22.174-0600: 344390.691: [GC concurrent-mark-end, 1.2918369 secs]
2022-09-13T22:39:22.174-0600: 344390.691: [GC remark 2022-09-13T22:39:22.174-0600: 344390.691: [Finalize Marking, 0.0031206 secs] 2022-09-13T22:39:22.177-0600: 344390.695: [GC ref-proc, 0.0320541 secs] 2022-09-13T22:39:22.209-0600: 344390.727: [Unloading, 0.0245956 secs], 0.0637890 secs]
 [Times: user=0.29 sys=0.00, real=0.06 secs] 
2022-09-13T22:39:22.238-0600: 344390.756: [GC cleanup 3764M->3764M(14336M), 0.0077313 secs]
 [Times: user=0.02 sys=0.00, real=0.01 secs] 
2022-09-13T22:40:37.973-0600: 344466.491: [GC pause (G1 Evacuation Pause) (young), 0.0322856 secs]
   [Parallel Time: 11.7 ms, GC Workers: 8]
      [GC Worker Start (ms): Min: 344466490.9, Avg: 344466494.7, Max: 344466498.4, Diff: 7.4]
      [Ext Root Scanning (ms): Min: 0.0, Avg: 0.8, Max: 3.2, Diff: 3.2, Sum: 6.6]
      [Update RS (ms): Min: 0.0, Avg: 2.0, Max: 4.4, Diff: 4.4, Sum: 15.6]
         [Processed Buffers: Min: 0, Avg: 10.5, Max: 27, Diff: 27, Sum: 84]
      [Scan RS (ms): Min: 0.0, Avg: 0.0, Max: 0.1, Diff: 0.1, Sum: 0.2]
      [Code Root Scanning (ms): Min: 0.0, Avg: 0.0, Max: 0.0, Diff: 0.0, Sum: 0.0]
      [Object Copy (ms): Min: 0.5, Avg: 2.2, Max: 5.7, Diff: 5.2, Sum: 17.6]
      [Termination (ms): Min: 0.0, Avg: 2.7, Max: 3.6, Diff: 3.6, Sum: 21.5]
         [Termination Attempts: Min: 1, Avg: 6.6, Max: 13, Diff: 12, Sum: 53]
      [GC Worker Other (ms): Min: 0.0, Avg: 0.0, Max: 0.0, Diff: 0.0, Sum: 0.0]
      [GC Worker Total (ms): Min: 4.0, Avg: 7.7, Max: 11.5, Diff: 7.5, Sum: 61.6]
      [GC Worker End (ms): Min: 344466502.4, Avg: 344466502.4, Max: 344466502.5, Diff: 0.1]
   [Code Root Fixup: 0.0 ms]
   [Code Root Purge: 0.0 ms]
   [Clear CT: 0.9 ms]
   [Other: 19.7 ms]
      [Choose CSet: 0.0 ms]
      [Ref Proc: 19.3 ms]
      [Ref Enq: 0.1 ms]
      [Redirty Cards: 0.1 ms]
      [Humongous Register: 0.0 ms]
      [Humongous Reclaim: 0.0 ms]
      [Free CSet: 0.1 ms]
   [Eden: 7136.0M(7136.0M)->0.0B(5712.0M) Survivors: 32768.0K->16384.0K Heap: 10764.9M(14336.0M)->3625.2M(14336.0M)]
 [Times: user=0.12 sys=0.00, real=0.03 secs] 
2022-09-13T22:41:43.123-0600: 344531.641: [GC pause (G1 Evacuation Pause) (mixed), 0.0333001 secs]
   [Parallel Time: 10.4 ms, GC Workers: 8]
      [GC Worker Start (ms): Min: 344531641.2, Avg: 344531642.0, Max: 344531643.9, Diff: 2.7]
      [Ext Root Scanning (ms): Min: 0.0, Avg: 1.1, Max: 3.8, Diff: 3.8, Sum: 8.8]
      [Update RS (ms): Min: 0.7, Avg: 4.5, Max: 8.0, Diff: 7.4, Sum: 35.6]
         [Processed Buffers: Min: 1, Avg: 10.6, Max: 21, Diff: 20, Sum: 85]
      [Scan RS (ms): Min: 0.0, Avg: 0.4, Max: 0.8, Diff: 0.8, Sum: 3.5]
      [Code Root Scanning (ms): Min: 0.0, Avg: 0.0, Max: 0.0, Diff: 0.0, Sum: 0.0]
      [Object Copy (ms): Min: 0.0, Avg: 2.7, Max: 4.4, Diff: 4.4, Sum: 21.6]
      [Termination (ms): Min: 0.0, Avg: 0.7, Max: 0.9, Diff: 0.9, Sum: 5.6]
         [Termination Attempts: Min: 1, Avg: 34.8, Max: 72, Diff: 71, Sum: 278]
      [GC Worker Other (ms): Min: 0.0, Avg: 0.0, Max: 0.0, Diff: 0.0, Sum: 0.0]
      [GC Worker Total (ms): Min: 7.5, Avg: 9.4, Max: 10.2, Diff: 2.7, Sum: 75.1]
      [GC Worker End (ms): Min: 344531651.4, Avg: 344531651.4, Max: 344531651.4, Diff: 0.0]
   [Code Root Fixup: 0.0 ms]
   [Code Root Purge: 0.0 ms]
   [Clear CT: 0.7 ms]
   [Other: 22.2 ms]
      [Choose CSet: 0.0 ms]
      [Ref Proc: 21.7 ms]
      [Ref Enq: 0.1 ms]
      [Redirty Cards: 0.1 ms]
      [Humongous Register: 0.0 ms]
      [Humongous Reclaim: 0.0 ms]
      [Free CSet: 0.1 ms]
   [Eden: 5712.0M(5712.0M)->0.0B(7152.0M) Survivors: 16384.0K->16384.0K Heap: 9337.2M(14336.0M)->3619.1M(14336.0M)]
 [Times: user=0.14 sys=0.00, real=0.03 secs] 
2022-09-13T22:42:28.282-0600: 344576.800: [GC pause (G1 Evacuation Pause) (young), 0.0534159 secs]
   [Parallel Time: 33.3 ms, GC Workers: 8]
      [GC Worker Start (ms): Min: 344576800.0, Avg: 344576804.9, Max: 344576814.3, Diff: 14.4]
      [Ext Root Scanning (ms): Min: 0.0, Avg: 0.8, Max: 3.0, Diff: 3.0, Sum: 6.5]
      [Update RS (ms): Min: 0.0, Avg: 2.9, Max: 4.0, Diff: 4.0, Sum: 22.8]
         [Processed Buffers: Min: 0, Avg: 12.9, Max: 28, Diff: 28, Sum: 103]
      [Scan RS (ms): Min: 0.0, Avg: 0.0, Max: 0.1, Diff: 0.0, Sum: 0.3]
      [Code Root Scanning (ms): Min: 0.0, Avg: 0.0, Max: 0.0, Diff: 0.0, Sum: 0.0]
      [Object Copy (ms): Min: 18.4, Avg: 24.2, Max: 26.2, Diff: 7.8, Sum: 193.5]
      [Termination (ms): Min: 0.0, Avg: 0.0, Max: 0.0, Diff: 0.0, Sum: 0.1]
         [Termination Attempts: Min: 1, Avg: 2.5, Max: 4, Diff: 3, Sum: 20]
      [GC Worker Other (ms): Min: 0.0, Avg: 0.0, Max: 0.1, Diff: 0.1, Sum: 0.2]
      [GC Worker Total (ms): Min: 18.5, Avg: 27.9, Max: 32.8, Diff: 14.4, Sum: 223.5]
      [GC Worker End (ms): Min: 344576832.8, Avg: 344576832.8, Max: 344576832.9, Diff: 0.1]
   [Code Root Fixup: 0.0 ms]
   [Code Root Purge: 0.0 ms]
   [Clear CT: 0.8 ms]
   [Other: 19.3 ms]
      [Choose CSet: 0.0 ms]
      [Ref Proc: 18.9 ms]
      [Ref Enq: 0.1 ms]
      [Redirty Cards: 0.1 ms]
      [Humongous Register: 0.0 ms]
      [Humongous Reclaim: 0.0 ms]
      [Free CSet: 0.1 ms]
   [Eden: 7152.0M(7152.0M)->0.0B(6976.0M) Survivors: 16384.0K->192.0M Heap: 10771.1M(14336.0M)->3792.9M(14336.0M)]
 [Times: user=0.26 sys=0.00, real=0.05 secs] 
2022-09-13T22:43:32.233-0600: 344640.751: [GC pause (G1 Evacuation Pause) (young) (initial-mark), 0.0694365 secs]
   [Parallel Time: 52.1 ms, GC Workers: 8]
      [GC Worker Start (ms): Min: 344640752.0, Avg: 344640754.5, Max: 344640755.5, Diff: 3.5]
      [Ext Root Scanning (ms): Min: 1.6, Avg: 10.9, Max: 18.9, Diff: 17.3, Sum: 87.5]
      [Update RS (ms): Min: 0.0, Avg: 2.7, Max: 9.3, Diff: 9.3, Sum: 21.9]
         [Processed Buffers: Min: 0, Avg: 11.6, Max: 36, Diff: 36, Sum: 93]
      [Scan RS (ms): Min: 0.0, Avg: 0.0, Max: 0.1, Diff: 0.1, Sum: 0.3]
      [Code Root Scanning (ms): Min: 0.0, Avg: 0.0, Max: 0.0, Diff: 0.0, Sum: 0.0]
      [Object Copy (ms): Min: 27.1, Avg: 31.6, Max: 33.3, Diff: 6.1, Sum: 252.4]
      [Termination (ms): Min: 0.0, Avg: 3.0, Max: 3.5, Diff: 3.5, Sum: 24.3]
         [Termination Attempts: Min: 1, Avg: 36.1, Max: 62, Diff: 61, Sum: 289]
      [GC Worker Other (ms): Min: 0.0, Avg: 0.0, Max: 0.0, Diff: 0.0, Sum: 0.1]
      [GC Worker Total (ms): Min: 47.2, Avg: 48.3, Max: 50.8, Diff: 3.6, Sum: 386.5]
      [GC Worker End (ms): Min: 344640802.7, Avg: 344640802.8, Max: 344640802.8, Diff: 0.1]
   [Code Root Fixup: 0.0 ms]
   [Code Root Purge: 0.0 ms]
   [Clear CT: 0.9 ms]
   [Other: 16.4 ms]
      [Choose CSet: 0.0 ms]
      [Ref Proc: 15.9 ms]
      [Ref Enq: 0.1 ms]
      [Redirty Cards: 0.2 ms]
      [Humongous Register: 0.0 ms]
      [Humongous Reclaim: 0.0 ms]
      [Free CSet: 0.1 ms]
   [Eden: 6976.0M(6976.0M)->0.0B(7040.0M) Survivors: 192.0M->128.0M Heap: 10768.9M(14336.0M)->3913.3M(14336.0M)]
 [Times: user=0.31 sys=0.00, real=0.07 secs] 
2022-09-13T22:43:32.303-0600: 344640.820: [GC concurrent-root-region-scan-start]
2022-09-13T22:43:32.308-0600: 344640.826: [GC concurrent-root-region-scan-end, 0.0057280 secs]
2022-09-13T22:43:32.308-0600: 344640.826: [GC concurrent-mark-start]
2022-09-13T22:43:33.681-0600: 344642.198: [GC concurrent-mark-end, 1.3723116 secs]
2022-09-13T22:43:33.681-0600: 344642.199: [GC remark 2022-09-13T22:43:33.681-0600: 344642.199: [Finalize Marking, 0.0024547 secs] 2022-09-13T22:43:33.683-0600: 344642.201: [GC ref-proc, 0.0290715 secs] 2022-09-13T22:43:33.712-0600: 344642.230: [Unloading, 0.0286415 secs], 0.0670724 secs]
 [Times: user=0.27 sys=0.00, real=0.06 secs] 
2022-09-13T22:43:33.748-0600: 344642.266: [GC cleanup 4161M->4161M(14336M), 0.0103667 secs]
 [Times: user=0.03 sys=0.00, real=0.01 secs] 
2022-09-13T22:44:36.731-0600: 344705.249: [GC pause (G1 Evacuation Pause) (young), 0.0364361 secs]
   [Parallel Time: 19.2 ms, GC Workers: 8]
      [GC Worker Start (ms): Min: 344705249.2, Avg: 344705252.9, Max: 344705258.3, Diff: 9.1]
      [Ext Root Scanning (ms): Min: 0.0, Avg: 0.8, Max: 2.9, Diff: 2.9, Sum: 6.6]
      [Update RS (ms): Min: 5.3, Avg: 10.7, Max: 15.9, Diff: 10.6, Sum: 85.5]
         [Processed Buffers: Min: 22, Avg: 35.1, Max: 60, Diff: 38, Sum: 281]
      [Scan RS (ms): Min: 0.0, Avg: 0.2, Max: 0.3, Diff: 0.3, Sum: 1.4]
      [Code Root Scanning (ms): Min: 0.0, Avg: 0.0, Max: 0.0, Diff: 0.0, Sum: 0.0]
      [Object Copy (ms): Min: 1.7, Avg: 3.7, Max: 4.5, Diff: 2.8, Sum: 29.5]
      [Termination (ms): Min: 0.0, Avg: 0.0, Max: 0.0, Diff: 0.0, Sum: 0.0]
         [Termination Attempts: Min: 2, Avg: 4.9, Max: 9, Diff: 7, Sum: 39]
      [GC Worker Other (ms): Min: 0.0, Avg: 0.0, Max: 0.1, Diff: 0.1, Sum: 0.3]
      [GC Worker Total (ms): Min: 9.9, Avg: 15.4, Max: 19.1, Diff: 9.2, Sum: 123.3]
      [GC Worker End (ms): Min: 344705268.2, Avg: 344705268.3, Max: 344705268.3, Diff: 0.1]
   [Code Root Fixup: 0.0 ms]
   [Code Root Purge: 0.0 ms]
   [Clear CT: 0.9 ms]
   [Other: 16.3 ms]
      [Choose CSet: 0.0 ms]
      [Ref Proc: 15.9 ms]
      [Ref Enq: 0.1 ms]
      [Redirty Cards: 0.1 ms]
      [Humongous Register: 0.0 ms]
      [Humongous Reclaim: 0.0 ms]
      [Free CSet: 0.1 ms]
   [Eden: 7040.0M(7040.0M)->0.0B(5632.0M) Survivors: 128.0M->98304.0K Heap: 10953.3M(14336.0M)->3948.1M(14336.0M)]
 [Times: user=0.15 sys=0.00, real=0.04 secs] 
2022-09-13T22:45:29.934-0600: 344758.452: [GC pause (G1 Evacuation Pause) (mixed), 0.0532027 secs]
   [Parallel Time: 36.9 ms, GC Workers: 8]
      [GC Worker Start (ms): Min: 344758451.7, Avg: 344758469.1, Max: 344758479.7, Diff: 28.1]
      [Ext Root Scanning (ms): Min: 0.0, Avg: 0.8, Max: 3.3, Diff: 3.3, Sum: 6.2]
      [Update RS (ms): Min: 0.0, Avg: 2.3, Max: 9.3, Diff: 9.3, Sum: 18.4]
         [Processed Buffers: Min: 0, Avg: 12.0, Max: 51, Diff: 51, Sum: 96]
      [Scan RS (ms): Min: 0.0, Avg: 1.0, Max: 4.2, Diff: 4.2, Sum: 8.3]
      [Code Root Scanning (ms): Min: 0.0, Avg: 0.0, Max: 0.0, Diff: 0.0, Sum: 0.0]
      [Object Copy (ms): Min: 6.0, Avg: 12.9, Max: 19.9, Diff: 13.9, Sum: 103.4]
      [Termination (ms): Min: 0.0, Avg: 2.0, Max: 2.4, Diff: 2.4, Sum: 16.3]
         [Termination Attempts: Min: 1, Avg: 166.6, Max: 255, Diff: 254, Sum: 1333]
      [GC Worker Other (ms): Min: 0.0, Avg: 0.0, Max: 0.0, Diff: 0.0, Sum: 0.1]
      [GC Worker Total (ms): Min: 8.5, Avg: 19.1, Max: 36.5, Diff: 28.0, Sum: 152.7]
      [GC Worker End (ms): Min: 344758488.2, Avg: 344758488.2, Max: 344758488.2, Diff: 0.0]
   [Code Root Fixup: 0.0 ms]
   [Code Root Purge: 0.0 ms]
   [Clear CT: 0.8 ms]
   [Other: 15.5 ms]
      [Choose CSet: 0.0 ms]
      [Ref Proc: 15.0 ms]
      [Ref Enq: 0.1 ms]
      [Redirty Cards: 0.2 ms]
      [Humongous Register: 0.0 ms]
      [Humongous Reclaim: 0.0 ms]
      [Free CSet: 0.1 ms]
   [Eden: 5632.0M(5632.0M)->0.0B(7120.0M) Survivors: 98304.0K->49152.0K Heap: 9580.1M(14336.0M)->3907.0M(14336.0M)]
 [Times: user=0.18 sys=0.00, real=0.05 secs] 
2022-09-13T22:46:44.880-0600: 344833.397: [GC pause (G1 Evacuation Pause) (young), 0.0526293 secs]
   [Parallel Time: 32.3 ms, GC Workers: 8]
      [GC Worker Start (ms): Min: 344833397.4, Avg: 344833403.1, Max: 344833414.3, Diff: 17.0]
      [Ext Root Scanning (ms): Min: 0.0, Avg: 0.8, Max: 3.1, Diff: 3.1, Sum: 6.5]
      [Update RS (ms): Min: 0.0, Avg: 5.8, Max: 9.2, Diff: 9.2, Sum: 46.8]
         [Processed Buffers: Min: 0, Avg: 36.5, Max: 73, Diff: 73, Sum: 292]
      [Scan RS (ms): Min: 1.4, Avg: 7.7, Max: 21.3, Diff: 19.8, Sum: 61.4]
      [Code Root Scanning (ms): Min: 0.0, Avg: 0.0, Max: 0.0, Diff: 0.0, Sum: 0.0]
      [Object Copy (ms): Min: 0.0, Avg: 11.5, Max: 13.2, Diff: 13.2, Sum: 91.7]
      [Termination (ms): Min: 0.0, Avg: 0.6, Max: 0.8, Diff: 0.8, Sum: 5.2]
         [Termination Attempts: Min: 1, Avg: 177.6, Max: 214, Diff: 213, Sum: 1421]
      [GC Worker Other (ms): Min: 0.0, Avg: 0.0, Max: 0.0, Diff: 0.0, Sum: 0.1]
      [GC Worker Total (ms): Min: 15.2, Avg: 26.5, Max: 32.2, Diff: 16.9, Sum: 211.7]
      [GC Worker End (ms): Min: 344833429.5, Avg: 344833429.6, Max: 344833429.6, Diff: 0.1]
   [Code Root Fixup: 0.0 ms]
   [Code Root Purge: 0.0 ms]
   [Clear CT: 0.9 ms]
   [Other: 19.4 ms]
      [Choose CSet: 0.0 ms]
      [Ref Proc: 18.7 ms]
      [Ref Enq: 0.1 ms]
      [Redirty Cards: 0.3 ms]
      [Humongous Register: 0.0 ms]
      [Humongous Reclaim: 0.0 ms]
      [Free CSet: 0.2 ms]
   [Eden: 7120.0M(7120.0M)->0.0B(7104.0M) Survivors: 49152.0K->65536.0K Heap: 11027.0M(14336.0M)->3991.1M(14336.0M)]
 [Times: user=0.25 sys=0.00, real=0.05 secs] 
2022-09-13T22:47:27.352-0600: 344875.869: [GC pause (G1 Evacuation Pause) (young) (initial-mark), 0.0841106 secs]
   [Parallel Time: 63.3 ms, GC Workers: 8]
      [GC Worker Start (ms): Min: 344875870.6, Avg: 344875873.1, Max: 344875874.0, Diff: 3.3]
      [Ext Root Scanning (ms): Min: 2.4, Avg: 9.0, Max: 22.5, Diff: 20.2, Sum: 72.0]
      [Update RS (ms): Min: 0.0, Avg: 6.9, Max: 11.0, Diff: 11.0, Sum: 55.5]
         [Processed Buffers: Min: 0, Avg: 39.1, Max: 67, Diff: 67, Sum: 313]
      [Scan RS (ms): Min: 0.0, Avg: 5.1, Max: 6.6, Diff: 6.5, Sum: 41.0]
      [Code Root Scanning (ms): Min: 0.0, Avg: 0.0, Max: 0.0, Diff: 0.0, Sum: 0.0]
      [Object Copy (ms): Min: 35.9, Avg: 38.3, Max: 38.8, Diff: 2.9, Sum: 306.8]
      [Termination (ms): Min: 0.0, Avg: 0.0, Max: 0.0, Diff: 0.0, Sum: 0.1]
         [Termination Attempts: Min: 1, Avg: 14.8, Max: 21, Diff: 20, Sum: 118]
      [GC Worker Other (ms): Min: 0.0, Avg: 0.0, Max: 0.1, Diff: 0.1, Sum: 0.3]
      [GC Worker Total (ms): Min: 58.5, Avg: 59.5, Max: 61.9, Diff: 3.4, Sum: 475.7]
      [GC Worker End (ms): Min: 344875932.5, Avg: 344875932.5, Max: 344875932.6, Diff: 0.1]
   [Code Root Fixup: 0.0 ms]
   [Code Root Purge: 0.0 ms]
   [Clear CT: 1.1 ms]
   [Other: 19.7 ms]
      [Choose CSet: 0.0 ms]
      [Ref Proc: 19.0 ms]
      [Ref Enq: 0.1 ms]
      [Redirty Cards: 0.3 ms]
      [Humongous Register: 0.0 ms]
      [Humongous Reclaim: 0.0 ms]
      [Free CSet: 0.1 ms]
   [Eden: 7104.0M(7104.0M)->0.0B(6944.0M) Survivors: 65536.0K->224.0M Heap: 11095.1M(14336.0M)->4241.2M(14336.0M)]
 [Times: user=0.48 sys=0.00, real=0.09 secs] 
2022-09-13T22:47:27.436-0600: 344875.954: [GC concurrent-root-region-scan-start]
2022-09-13T22:47:27.471-0600: 344875.988: [GC concurrent-root-region-scan-end, 0.0348176 secs]
2022-09-13T22:47:27.471-0600: 344875.988: [GC concurrent-mark-start]
2022-09-13T22:47:28.825-0600: 344877.343: [GC concurrent-mark-end, 1.3545645 secs]
2022-09-13T22:47:28.825-0600: 344877.343: [GC remark 2022-09-13T22:47:28.825-0600: 344877.343: [Finalize Marking, 0.0024188 secs] 2022-09-13T22:47:28.828-0600: 344877.346: [GC ref-proc, 0.0331433 secs] 2022-09-13T22:47:28.861-0600: 344877.379: [Unloading, 0.0270029 secs], 0.0670444 secs]
 [Times: user=0.30 sys=0.00, real=0.06 secs] 
2022-09-13T22:47:28.893-0600: 344877.410: [GC cleanup 4473M->4473M(14336M), 0.0092653 secs]
 [Times: user=0.03 sys=0.00, real=0.01 secs] 
2022-09-13T22:48:24.482-0600: 344933.000: [GC pause (G1 Evacuation Pause) (young), 0.1258601 secs]
   [Parallel Time: 67.9 ms, GC Workers: 8]
      [GC Worker Start (ms): Min: 344933000.2, Avg: 344933004.5, Max: 344933022.3, Diff: 22.1]
      [Ext Root Scanning (ms): Min: 0.0, Avg: 0.8, Max: 3.3, Diff: 3.2, Sum: 6.7]
      [Update RS (ms): Min: 1.6, Avg: 19.3, Max: 24.3, Diff: 22.7, Sum: 154.5]
         [Processed Buffers: Min: 8, Avg: 51.0, Max: 89, Diff: 81, Sum: 408]
      [Scan RS (ms): Min: 0.0, Avg: 0.6, Max: 0.7, Diff: 0.6, Sum: 4.4]
      [Code Root Scanning (ms): Min: 0.0, Avg: 0.0, Max: 0.0, Diff: 0.0, Sum: 0.0]
      [Object Copy (ms): Min: 37.2, Avg: 42.7, Max: 43.7, Diff: 6.5, Sum: 341.4]
      [Termination (ms): Min: 0.0, Avg: 0.0, Max: 0.0, Diff: 0.0, Sum: 0.0]
         [Termination Attempts: Min: 1, Avg: 1.0, Max: 1, Diff: 0, Sum: 8]
      [GC Worker Other (ms): Min: 0.0, Avg: 0.0, Max: 0.1, Diff: 0.1, Sum: 0.2]
      [GC Worker Total (ms): Min: 45.6, Avg: 63.4, Max: 67.8, Diff: 22.2, Sum: 507.3]
      [GC Worker End (ms): Min: 344933067.9, Avg: 344933067.9, Max: 344933068.0, Diff: 0.1]
   [Code Root Fixup: 0.0 ms]
   [Code Root Purge: 0.0 ms]
   [Clear CT: 0.9 ms]
   [Other: 57.1 ms]
      [Choose CSet: 0.0 ms]
      [Ref Proc: 56.3 ms]
      [Ref Enq: 0.1 ms]
      [Redirty Cards: 0.4 ms]
      [Humongous Register: 0.0 ms]
      [Humongous Reclaim: 0.0 ms]
      [Free CSet: 0.1 ms]
   [Eden: 6944.0M(6944.0M)->0.0B(5504.0M) Survivors: 224.0M->224.0M Heap: 11185.2M(14336.0M)->4509.8M(14336.0M)]
 [Times: user=0.56 sys=0.00, real=0.12 secs] 
2022-09-13T22:49:07.225-0600: 344975.743: [GC pause (G1 Evacuation Pause) (mixed), 0.1174490 secs]
   [Parallel Time: 102.1 ms, GC Workers: 8]
      [GC Worker Start (ms): Min: 344975742.7, Avg: 344975743.8, Max: 344975744.7, Diff: 2.0]
      [Ext Root Scanning (ms): Min: 0.0, Avg: 1.0, Max: 3.4, Diff: 3.4, Sum: 7.6]
      [Update RS (ms): Min: 3.2, Avg: 10.8, Max: 17.7, Diff: 14.5, Sum: 86.5]
         [Processed Buffers: Min: 10, Avg: 35.6, Max: 51, Diff: 41, Sum: 285]
      [Scan RS (ms): Min: 4.1, Avg: 8.2, Max: 8.9, Diff: 4.7, Sum: 65.7]
      [Code Root Scanning (ms): Min: 0.0, Avg: 0.0, Max: 0.0, Diff: 0.0, Sum: 0.0]
      [Object Copy (ms): Min: 61.7, Avg: 66.5, Max: 78.0, Diff: 16.3, Sum: 532.2]
      [Termination (ms): Min: 0.0, Avg: 14.3, Max: 16.5, Diff: 16.5, Sum: 114.1]
         [Termination Attempts: Min: 1, Avg: 21.1, Max: 43, Diff: 42, Sum: 169]
      [GC Worker Other (ms): Min: 0.0, Avg: 0.0, Max: 0.0, Diff: 0.0, Sum: 0.1]
      [GC Worker Total (ms): Min: 99.9, Avg: 100.8, Max: 101.9, Diff: 2.0, Sum: 806.2]
      [GC Worker End (ms): Min: 344975844.5, Avg: 344975844.6, Max: 344975844.7, Diff: 0.2]
   [Code Root Fixup: 0.0 ms]
   [Code Root Purge: 0.0 ms]
   [Clear CT: 0.7 ms]
   [Other: 14.6 ms]
      [Choose CSet: 0.1 ms]
      [Ref Proc: 13.4 ms]
      [Ref Enq: 0.1 ms]
      [Redirty Cards: 0.5 ms]
      [Humongous Register: 0.0 ms]
      [Humongous Reclaim: 0.0 ms]
      [Free CSet: 0.3 ms]
   [Eden: 5504.0M(5504.0M)->0.0B(6992.0M) Survivors: 224.0M->176.0M Heap: 10013.8M(14336.0M)->4288.0M(14336.0M)]
 [Times: user=0.64 sys=0.05, real=0.12 secs] 
2022-09-13T22:50:18.835-0600: 345047.352: [GC pause (G1 Evacuation Pause) (young), 0.0440265 secs]
   [Parallel Time: 29.1 ms, GC Workers: 8]
      [GC Worker Start (ms): Min: 345047352.6, Avg: 345047356.5, Max: 345047362.3, Diff: 9.7]
      [Ext Root Scanning (ms): Min: 0.0, Avg: 0.8, Max: 3.0, Diff: 3.0, Sum: 6.2]
      [Update RS (ms): Min: 7.2, Avg: 12.2, Max: 15.0, Diff: 7.8, Sum: 97.4]
         [Processed Buffers: Min: 18, Avg: 34.1, Max: 54, Diff: 36, Sum: 273]
      [Scan RS (ms): Min: 0.6, Avg: 0.9, Max: 1.2, Diff: 0.6, Sum: 6.9]
      [Code Root Scanning (ms): Min: 0.0, Avg: 0.0, Max: 0.0, Diff: 0.0, Sum: 0.0]
      [Object Copy (ms): Min: 10.4, Avg: 10.8, Max: 11.0, Diff: 0.6, Sum: 86.2]
      [Termination (ms): Min: 0.0, Avg: 0.0, Max: 0.0, Diff: 0.0, Sum: 0.3]
         [Termination Attempts: Min: 1, Avg: 62.5, Max: 88, Diff: 87, Sum: 500]
      [GC Worker Other (ms): Min: 0.0, Avg: 0.0, Max: 0.1, Diff: 0.1, Sum: 0.2]
      [GC Worker Total (ms): Min: 18.9, Avg: 24.7, Max: 28.6, Diff: 9.8, Sum: 197.3]
      [GC Worker End (ms): Min: 345047381.2, Avg: 345047381.2, Max: 345047381.2, Diff: 0.1]
   [Code Root Fixup: 0.0 ms]
   [Code Root Purge: 0.0 ms]
   [Clear CT: 0.9 ms]
   [Other: 14.0 ms]
      [Choose CSet: 0.0 ms]
      [Ref Proc: 13.5 ms]
      [Ref Enq: 0.1 ms]
      [Redirty Cards: 0.1 ms]
      [Humongous Register: 0.0 ms]
      [Humongous Reclaim: 0.0 ms]
      [Free CSet: 0.1 ms]
   [Eden: 6992.0M(6992.0M)->0.0B(7040.0M) Survivors: 176.0M->128.0M Heap: 11280.0M(14336.0M)->4349.3M(14336.0M)]
 [Times: user=0.23 sys=0.00, real=0.04 secs] 
2022-09-13T22:51:31.927-0600: 345120.444: [GC pause (G1 Evacuation Pause) (young) (initial-mark), 0.0482710 secs]
   [Parallel Time: 32.4 ms, GC Workers: 8]
      [GC Worker Start (ms): Min: 345120445.7, Avg: 345120448.3, Max: 345120449.2, Diff: 3.4]
      [Ext Root Scanning (ms): Min: 2.1, Avg: 5.1, Max: 10.7, Diff: 8.6, Sum: 40.5]
      [Update RS (ms): Min: 0.0, Avg: 5.0, Max: 7.3, Diff: 7.3, Sum: 40.4]
         [Processed Buffers: Min: 0, Avg: 34.9, Max: 63, Diff: 63, Sum: 279]
      [Scan RS (ms): Min: 6.8, Avg: 8.3, Max: 8.6, Diff: 1.7, Sum: 66.0]
      [Code Root Scanning (ms): Min: 0.0, Avg: 0.0, Max: 0.0, Diff: 0.0, Sum: 0.0]
      [Object Copy (ms): Min: 9.9, Avg: 9.9, Max: 10.1, Diff: 0.3, Sum: 79.5]
      [Termination (ms): Min: 0.0, Avg: 0.0, Max: 0.0, Diff: 0.0, Sum: 0.2]
         [Termination Attempts: Min: 1, Avg: 42.8, Max: 61, Diff: 60, Sum: 342]
      [GC Worker Other (ms): Min: 0.0, Avg: 0.0, Max: 0.1, Diff: 0.1, Sum: 0.3]
      [GC Worker Total (ms): Min: 27.5, Avg: 28.4, Max: 30.9, Diff: 3.4, Sum: 227.0]
      [GC Worker End (ms): Min: 345120476.6, Avg: 345120476.7, Max: 345120476.8, Diff: 0.1]
   [Code Root Fixup: 0.0 ms]
   [Code Root Purge: 0.0 ms]
   [Clear CT: 1.1 ms]
   [Other: 14.7 ms]
      [Choose CSet: 0.0 ms]
      [Ref Proc: 13.8 ms]
      [Ref Enq: 0.1 ms]
      [Redirty Cards: 0.4 ms]
      [Humongous Register: 0.0 ms]
      [Humongous Reclaim: 0.0 ms]
      [Free CSet: 0.2 ms]
   [Eden: 7040.0M(7040.0M)->0.0B(7120.0M) Survivors: 128.0M->49152.0K Heap: 11389.3M(14336.0M)->4337.2M(14336.0M)]
 [Times: user=0.22 sys=0.00, real=0.05 secs] 
2022-09-13T22:51:31.975-0600: 345120.493: [GC concurrent-root-region-scan-start]
2022-09-13T22:51:31.995-0600: 345120.513: [GC concurrent-root-region-scan-end, 0.0203023 secs]
2022-09-13T22:51:31.995-0600: 345120.513: [GC concurrent-mark-start]
2022-09-13T22:51:33.339-0600: 345121.857: [GC concurrent-mark-end, 1.3440905 secs]
2022-09-13T22:51:33.340-0600: 345121.857: [GC remark 2022-09-13T22:51:33.340-0600: 345121.857: [Finalize Marking, 0.0014640 secs] 2022-09-13T22:51:33.341-0600: 345121.859: [GC ref-proc, 0.0278889 secs] 2022-09-13T22:51:33.369-0600: 345121.887: [Unloading, 0.0281222 secs], 0.0632913 secs]
 [Times: user=0.27 sys=0.00, real=0.07 secs] 
2022-09-13T22:51:33.403-0600: 345121.921: [GC cleanup 4458M->4346M(14336M), 0.0118491 secs]
 [Times: user=0.03 sys=0.00, real=0.01 secs] 
2022-09-13T22:51:33.415-0600: 345121.933: [GC concurrent-cleanup-start]
2022-09-13T22:51:33.415-0600: 345121.933: [GC concurrent-cleanup-end, 0.0000351 secs]
2022-09-13T22:52:32.259-0600: 345180.777: [GC pause (G1 Evacuation Pause) (young), 0.0777443 secs]
   [Parallel Time: 54.3 ms, GC Workers: 8]
      [GC Worker Start (ms): Min: 345180776.7, Avg: 345180786.9, Max: 345180798.3, Diff: 21.6]
      [Ext Root Scanning (ms): Min: 0.0, Avg: 0.8, Max: 3.1, Diff: 3.1, Sum: 6.1]
      [Update RS (ms): Min: 0.0, Avg: 4.6, Max: 14.6, Diff: 14.6, Sum: 37.1]
         [Processed Buffers: Min: 0, Avg: 32.5, Max: 94, Diff: 94, Sum: 260]
      [Scan RS (ms): Min: 1.8, Avg: 8.2, Max: 13.9, Diff: 12.1, Sum: 65.8]
      [Code Root Scanning (ms): Min: 0.0, Avg: 0.0, Max: 0.0, Diff: 0.0, Sum: 0.0]
      [Object Copy (ms): Min: 27.3, Avg: 30.0, Max: 30.5, Diff: 3.2, Sum: 239.7]
      [Termination (ms): Min: 0.0, Avg: 0.1, Max: 0.1, Diff: 0.1, Sum: 0.6]
         [Termination Attempts: Min: 1, Avg: 135.6, Max: 205, Diff: 204, Sum: 1085]
      [GC Worker Other (ms): Min: 0.0, Avg: 0.0, Max: 0.1, Diff: 0.1, Sum: 0.3]
      [GC Worker Total (ms): Min: 32.2, Avg: 43.7, Max: 54.0, Diff: 21.8, Sum: 349.5]
      [GC Worker End (ms): Min: 345180830.5, Avg: 345180830.6, Max: 345180830.7, Diff: 0.1]
   [Code Root Fixup: 0.0 ms]
   [Code Root Purge: 0.0 ms]
   [Clear CT: 1.0 ms]
   [Other: 22.4 ms]
      [Choose CSet: 0.0 ms]
      [Ref Proc: 21.8 ms]
      [Ref Enq: 0.1 ms]
      [Redirty Cards: 0.3 ms]
      [Humongous Register: 0.0 ms]
      [Humongous Reclaim: 0.0 ms]
      [Free CSet: 0.1 ms]
   [Eden: 7120.0M(7120.0M)->0.0B(5536.0M) Survivors: 49152.0K->192.0M Heap: 11345.2M(14336.0M)->4381.4M(14336.0M)]
 [Times: user=0.38 sys=0.00, real=0.08 secs] 
2022-09-13T22:53:20.568-0600: 345229.085: [GC pause (G1 Evacuation Pause) (mixed), 0.0966701 secs]
   [Parallel Time: 73.7 ms, GC Workers: 8]
      [GC Worker Start (ms): Min: 345229085.5, Avg: 345229103.1, Max: 345229114.9, Diff: 29.4]
      [Ext Root Scanning (ms): Min: 0.0, Avg: 0.7, Max: 3.1, Diff: 3.1, Sum: 5.9]
      [Update RS (ms): Min: 0.0, Avg: 2.4, Max: 9.8, Diff: 9.8, Sum: 19.4]
         [Processed Buffers: Min: 0, Avg: 33.4, Max: 143, Diff: 143, Sum: 267]
      [Scan RS (ms): Min: 0.2, Avg: 5.5, Max: 27.2, Diff: 27.0, Sum: 44.1]
      [Code Root Scanning (ms): Min: 0.0, Avg: 0.0, Max: 0.0, Diff: 0.0, Sum: 0.0]
      [Object Copy (ms): Min: 33.8, Avg: 47.3, Max: 52.9, Diff: 19.1, Sum: 378.7]
      [Termination (ms): Min: 0.0, Avg: 0.0, Max: 0.0, Diff: 0.0, Sum: 0.1]
         [Termination Attempts: Min: 1, Avg: 20.0, Max: 35, Diff: 34, Sum: 160]
      [GC Worker Other (ms): Min: 0.0, Avg: 0.0, Max: 0.1, Diff: 0.1, Sum: 0.3]
      [GC Worker Total (ms): Min: 44.2, Avg: 56.1, Max: 73.7, Diff: 29.4, Sum: 448.5]
      [GC Worker End (ms): Min: 345229159.1, Avg: 345229159.1, Max: 345229159.2, Diff: 0.1]
   [Code Root Fixup: 0.0 ms]
   [Code Root Purge: 0.0 ms]
   [Clear CT: 1.1 ms]
   [Other: 21.8 ms]
      [Choose CSet: 0.1 ms]
      [Ref Proc: 20.6 ms]
      [Ref Enq: 0.2 ms]
      [Redirty Cards: 0.6 ms]
      [Humongous Register: 0.0 ms]
      [Humongous Reclaim: 0.0 ms]
      [Free CSet: 0.3 ms]
   [Eden: 5536.0M(5536.0M)->0.0B(7040.0M) Survivors: 192.0M->128.0M Heap: 9917.4M(14336.0M)->4114.2M(14336.0M)]
 [Times: user=0.47 sys=0.00, real=0.10 secs] 
2022-09-13T22:54:25.129-0600: 345293.647: [GC pause (G1 Evacuation Pause) (young), 0.0341086 secs]
   [Parallel Time: 19.2 ms, GC Workers: 8]
      [GC Worker Start (ms): Min: 345293646.8, Avg: 345293650.9, Max: 345293654.3, Diff: 7.5]
      [Ext Root Scanning (ms): Min: 0.0, Avg: 0.8, Max: 3.0, Diff: 3.0, Sum: 6.3]
      [Update RS (ms): Min: 7.4, Avg: 10.1, Max: 12.4, Diff: 5.0, Sum: 80.7]
         [Processed Buffers: Min: 27, Avg: 40.0, Max: 52, Diff: 25, Sum: 320]
      [Scan RS (ms): Min: 0.2, Avg: 0.4, Max: 0.5, Diff: 0.3, Sum: 3.2]
      [Code Root Scanning (ms): Min: 0.0, Avg: 0.0, Max: 0.0, Diff: 0.0, Sum: 0.0]
      [Object Copy (ms): Min: 3.5, Avg: 3.5, Max: 3.7, Diff: 0.3, Sum: 28.4]
      [Termination (ms): Min: 0.0, Avg: 0.0, Max: 0.0, Diff: 0.0, Sum: 0.1]
         [Termination Attempts: Min: 6, Avg: 9.8, Max: 16, Diff: 10, Sum: 78]
      [GC Worker Other (ms): Min: 0.0, Avg: 0.0, Max: 0.0, Diff: 0.0, Sum: 0.2]
      [GC Worker Total (ms): Min: 11.4, Avg: 14.9, Max: 18.9, Diff: 7.5, Sum: 118.8]
      [GC Worker End (ms): Min: 345293665.7, Avg: 345293665.7, Max: 345293665.8, Diff: 0.0]
   [Code Root Fixup: 0.0 ms]
   [Code Root Purge: 0.0 ms]
   [Clear CT: 1.1 ms]
   [Other: 13.9 ms]
      [Choose CSet: 0.0 ms]
      [Ref Proc: 13.4 ms]
      [Ref Enq: 0.1 ms]
      [Redirty Cards: 0.1 ms]
      [Humongous Register: 0.0 ms]
      [Humongous Reclaim: 0.0 ms]
      [Free CSet: 0.1 ms]
   [Eden: 7040.0M(7040.0M)->0.0B(7104.0M) Survivors: 128.0M->65536.0K Heap: 11154.2M(14336.0M)->4127.5M(14336.0M)]
 [Times: user=0.15 sys=0.00, real=0.04 secs] 
2022-09-13T22:55:29.859-0600: 345358.376: [GC pause (G1 Evacuation Pause) (young) (initial-mark), 0.0369958 secs]
   [Parallel Time: 19.5 ms, GC Workers: 8]
      [GC Worker Start (ms): Min: 345358377.6, Avg: 345358380.9, Max: 345358381.9, Diff: 4.3]
      [Ext Root Scanning (ms): Min: 2.5, Avg: 6.0, Max: 13.7, Diff: 11.2, Sum: 48.0]
      [Update RS (ms): Min: 0.0, Avg: 4.3, Max: 10.3, Diff: 10.3, Sum: 34.3]
         [Processed Buffers: Min: 0, Avg: 12.1, Max: 24, Diff: 24, Sum: 97]
      [Scan RS (ms): Min: 0.0, Avg: 0.0, Max: 0.1, Diff: 0.1, Sum: 0.2]
      [Code Root Scanning (ms): Min: 0.0, Avg: 0.0, Max: 0.0, Diff: 0.0, Sum: 0.0]
      [Object Copy (ms): Min: 0.0, Avg: 3.6, Max: 5.4, Diff: 5.4, Sum: 28.5]
      [Termination (ms): Min: 0.0, Avg: 0.9, Max: 1.2, Diff: 1.2, Sum: 7.2]
         [Termination Attempts: Min: 1, Avg: 15.2, Max: 26, Diff: 25, Sum: 122]
      [GC Worker Other (ms): Min: 0.0, Avg: 0.0, Max: 0.0, Diff: 0.0, Sum: 0.1]
      [GC Worker Total (ms): Min: 13.7, Avg: 14.8, Max: 18.1, Diff: 4.3, Sum: 118.2]
      [GC Worker End (ms): Min: 345358395.6, Avg: 345358395.7, Max: 345358395.8, Diff: 0.1]
   [Code Root Fixup: 0.0 ms]
   [Code Root Purge: 0.0 ms]
   [Clear CT: 0.8 ms]
   [Other: 16.7 ms]
      [Choose CSet: 0.0 ms]
      [Ref Proc: 16.2 ms]
      [Ref Enq: 0.1 ms]
      [Redirty Cards: 0.1 ms]
      [Humongous Register: 0.0 ms]
      [Humongous Reclaim: 0.0 ms]
      [Free CSet: 0.1 ms]
   [Eden: 7104.0M(7104.0M)->0.0B(7136.0M) Survivors: 65536.0K->32768.0K Heap: 11231.5M(14336.0M)->4156.9M(14336.0M)]
 [Times: user=0.14 sys=0.00, real=0.04 secs] 
2022-09-13T22:55:29.896-0600: 345358.413: [GC concurrent-root-region-scan-start]
2022-09-13T22:55:29.909-0600: 345358.426: [GC concurrent-root-region-scan-end, 0.0130546 secs]
2022-09-13T22:55:29.909-0600: 345358.426: [GC concurrent-mark-start]
2022-09-13T22:55:31.308-0600: 345359.826: [GC concurrent-mark-end, 1.3996707 secs]
2022-09-13T22:55:31.312-0600: 345359.830: [GC remark 2022-09-13T22:55:31.313-0600: 345359.830: [Finalize Marking, 0.0094129 secs] 2022-09-13T22:55:31.322-0600: 345359.840: [GC ref-proc, 0.0345514 secs] 2022-09-13T22:55:31.357-0600: 345359.874: [Unloading, 0.0277186 secs], 0.0764589 secs]
 [Times: user=0.28 sys=0.00, real=0.08 secs] 
2022-09-13T22:55:31.389-0600: 345359.907: [GC cleanup 4374M->4374M(14336M), 0.0107036 secs]
 [Times: user=0.03 sys=0.00, real=0.01 secs] 
2022-09-13T22:56:31.154-0600: 345419.672: [GC pause (G1 Evacuation Pause) (young), 0.0479755 secs]
   [Parallel Time: 30.2 ms, GC Workers: 8]
      [GC Worker Start (ms): Min: 345419672.3, Avg: 345419680.9, Max: 345419694.3, Diff: 22.0]
      [Ext Root Scanning (ms): Min: 0.0, Avg: 0.8, Max: 2.9, Diff: 2.9, Sum: 6.3]
      [Update RS (ms): Min: 0.0, Avg: 4.2, Max: 8.0, Diff: 8.0, Sum: 33.6]
         [Processed Buffers: Min: 0, Avg: 32.0, Max: 62, Diff: 62, Sum: 256]
      [Scan RS (ms): Min: 0.0, Avg: 5.0, Max: 6.7, Diff: 6.7, Sum: 39.6]
      [Code Root Scanning (ms): Min: 0.0, Avg: 0.0, Max: 0.0, Diff: 0.0, Sum: 0.0]
      [Object Copy (ms): Min: 2.6, Avg: 6.8, Max: 12.5, Diff: 9.9, Sum: 54.4]
      [Termination (ms): Min: 0.0, Avg: 4.6, Max: 5.3, Diff: 5.3, Sum: 36.5]
         [Termination Attempts: Min: 1, Avg: 87.2, Max: 129, Diff: 128, Sum: 698]
      [GC Worker Other (ms): Min: 0.0, Avg: 0.0, Max: 0.0, Diff: 0.0, Sum: 0.1]
      [GC Worker Total (ms): Min: 7.9, Avg: 21.3, Max: 29.9, Diff: 22.0, Sum: 170.5]
      [GC Worker End (ms): Min: 345419702.2, Avg: 345419702.2, Max: 345419702.3, Diff: 0.1]
   [Code Root Fixup: 0.0 ms]
   [Code Root Purge: 0.0 ms]
   [Clear CT: 0.8 ms]
   [Other: 16.9 ms]
      [Choose CSet: 0.0 ms]
      [Ref Proc: 16.2 ms]
      [Ref Enq: 0.1 ms]
      [Redirty Cards: 0.2 ms]
      [Humongous Register: 0.0 ms]
      [Humongous Reclaim: 0.0 ms]
      [Free CSet: 0.2 ms]
   [Eden: 7136.0M(7136.0M)->0.0B(5696.0M) Survivors: 32768.0K->32768.0K Heap: 11292.9M(14336.0M)->4169.6M(14336.0M)]
 [Times: user=0.21 sys=0.00, real=0.05 secs] 
2022-09-13T22:57:21.643-0600: 345470.161: [GC pause (G1 Evacuation Pause) (mixed), 0.0636851 secs]
   [Parallel Time: 43.0 ms, GC Workers: 8]
      [GC Worker Start (ms): Min: 345470160.7, Avg: 345470163.1, Max: 345470166.4, Diff: 5.6]
      [Ext Root Scanning (ms): Min: 0.0, Avg: 0.9, Max: 3.6, Diff: 3.6, Sum: 7.6]
      [Update RS (ms): Min: 1.5, Avg: 5.2, Max: 16.3, Diff: 14.8, Sum: 41.5]
         [Processed Buffers: Min: 6, Avg: 39.4, Max: 82, Diff: 76, Sum: 315]
      [Scan RS (ms): Min: 0.0, Avg: 7.2, Max: 8.4, Diff: 8.4, Sum: 57.9]
      [Code Root Scanning (ms): Min: 0.0, Avg: 0.0, Max: 0.1, Diff: 0.1, Sum: 0.1]
      [Object Copy (ms): Min: 24.6, Avg: 26.6, Max: 27.0, Diff: 2.4, Sum: 212.5]
      [Termination (ms): Min: 0.0, Avg: 0.0, Max: 0.0, Diff: 0.0, Sum: 0.2]
         [Termination Attempts: Min: 1, Avg: 46.2, Max: 81, Diff: 80, Sum: 370]
      [GC Worker Other (ms): Min: 0.0, Avg: 0.1, Max: 0.3, Diff: 0.3, Sum: 0.8]
      [GC Worker Total (ms): Min: 36.8, Avg: 40.1, Max: 42.4, Diff: 5.7, Sum: 320.5]
      [GC Worker End (ms): Min: 345470203.1, Avg: 345470203.2, Max: 345470203.4, Diff: 0.3]
   [Code Root Fixup: 0.0 ms]
   [Code Root Purge: 0.0 ms]
   [Clear CT: 0.7 ms]
   [Other: 20.0 ms]
      [Choose CSet: 0.1 ms]
      [Ref Proc: 18.9 ms]
      [Ref Enq: 0.1 ms]
      [Redirty Cards: 0.5 ms]
      [Humongous Register: 0.0 ms]
      [Humongous Reclaim: 0.0 ms]
      [Free CSet: 0.3 ms]
   [Eden: 5696.0M(5696.0M)->0.0B(7136.0M) Survivors: 32768.0K->32768.0K Heap: 9865.6M(14336.0M)->3879.3M(14336.0M)]
 [Times: user=0.36 sys=0.00, real=0.06 secs] 
2022-09-13T22:58:20.830-0600: 345529.348: [GC pause (G1 Evacuation Pause) (young), 0.0377520 secs]
   [Parallel Time: 19.3 ms, GC Workers: 8]
      [GC Worker Start (ms): Min: 345529347.9, Avg: 345529352.5, Max: 345529358.3, Diff: 10.4]
      [Ext Root Scanning (ms): Min: 0.0, Avg: 0.8, Max: 3.1, Diff: 3.1, Sum: 6.3]
      [Update RS (ms): Min: 3.9, Avg: 9.0, Max: 12.3, Diff: 8.3, Sum: 72.0]
         [Processed Buffers: Min: 20, Avg: 41.8, Max: 59, Diff: 39, Sum: 334]
      [Scan RS (ms): Min: 0.3, Avg: 0.5, Max: 0.6, Diff: 0.4, Sum: 4.4]
      [Code Root Scanning (ms): Min: 0.0, Avg: 0.0, Max: 0.0, Diff: 0.0, Sum: 0.0]
      [Object Copy (ms): Min: 3.8, Avg: 3.9, Max: 4.0, Diff: 0.2, Sum: 31.1]
      [Termination (ms): Min: 0.0, Avg: 0.0, Max: 0.0, Diff: 0.0, Sum: 0.0]
         [Termination Attempts: Min: 1, Avg: 1.0, Max: 1, Diff: 0, Sum: 8]
      [GC Worker Other (ms): Min: 0.0, Avg: 0.0, Max: 0.1, Diff: 0.1, Sum: 0.3]
      [GC Worker Total (ms): Min: 8.4, Avg: 14.3, Max: 18.9, Diff: 10.5, Sum: 114.1]
      [GC Worker End (ms): Min: 345529366.7, Avg: 345529366.8, Max: 345529366.8, Diff: 0.1]
   [Code Root Fixup: 0.0 ms]
   [Code Root Purge: 0.0 ms]
   [Clear CT: 1.1 ms]
   [Other: 17.4 ms]
      [Choose CSet: 0.0 ms]
      [Ref Proc: 17.0 ms]
      [Ref Enq: 0.1 ms]
      [Redirty Cards: 0.1 ms]
      [Humongous Register: 0.0 ms]
      [Humongous Reclaim: 0.0 ms]
      [Free CSet: 0.1 ms]
   [Eden: 7136.0M(7136.0M)->0.0B(7120.0M) Survivors: 32768.0K->49152.0K Heap: 11015.3M(14336.0M)->3961.7M(14336.0M)]
 [Times: user=0.16 sys=0.00, real=0.04 secs] 
2022-09-13T22:59:39.374-0600: 345607.892: [GC pause (G1 Evacuation Pause) (young) (initial-mark), 0.0649086 secs]
   [Parallel Time: 38.4 ms, GC Workers: 8]
      [GC Worker Start (ms): Min: 345607906.3, Avg: 345607908.9, Max: 345607909.8, Diff: 3.5]
      [Ext Root Scanning (ms): Min: 2.1, Avg: 8.1, Max: 18.2, Diff: 16.2, Sum: 64.5]
      [Update RS (ms): Min: 0.0, Avg: 7.7, Max: 18.1, Diff: 18.1, Sum: 61.5]
         [Processed Buffers: Min: 0, Avg: 25.8, Max: 43, Diff: 43, Sum: 206]
      [Scan RS (ms): Min: 0.0, Avg: 0.0, Max: 0.1, Diff: 0.1, Sum: 0.3]
      [Code Root Scanning (ms): Min: 0.0, Avg: 0.0, Max: 0.0, Diff: 0.0, Sum: 0.0]
      [Object Copy (ms): Min: 0.0, Avg: 4.5, Max: 6.2, Diff: 6.2, Sum: 36.1]
      [Termination (ms): Min: 0.0, Avg: 0.8, Max: 1.0, Diff: 1.0, Sum: 6.2]
         [Termination Attempts: Min: 1, Avg: 22.6, Max: 57, Diff: 56, Sum: 181]
      [GC Worker Other (ms): Min: 0.0, Avg: 0.0, Max: 0.0, Diff: 0.0, Sum: 0.1]
      [GC Worker Total (ms): Min: 20.2, Avg: 21.1, Max: 23.7, Diff: 3.5, Sum: 168.7]
      [GC Worker End (ms): Min: 345607930.0, Avg: 345607930.0, Max: 345607930.0, Diff: 0.0]
   [Code Root Fixup: 0.0 ms]
   [Code Root Purge: 0.0 ms]
   [Clear CT: 0.8 ms]
   [Other: 25.7 ms]
      [Choose CSet: 0.0 ms]
      [Ref Proc: 25.2 ms]
      [Ref Enq: 0.1 ms]
      [Redirty Cards: 0.1 ms]
      [Humongous Register: 0.0 ms]
      [Humongous Reclaim: 0.0 ms]
      [Free CSet: 0.1 ms]
   [Eden: 7120.0M(7120.0M)->0.0B(7136.0M) Survivors: 49152.0K->32768.0K Heap: 11081.7M(14336.0M)->3982.0M(14336.0M)]
 [Times: user=0.21 sys=0.00, real=0.06 secs] 
2022-09-13T22:59:39.439-0600: 345607.957: [GC concurrent-root-region-scan-start]
2022-09-13T22:59:39.449-0600: 345607.967: [GC concurrent-root-region-scan-end, 0.0103960 secs]
2022-09-13T22:59:39.449-0600: 345607.967: [GC concurrent-mark-start]
2022-09-13T22:59:40.790-0600: 345609.308: [GC concurrent-mark-end, 1.3407645 secs]
2022-09-13T22:59:40.790-0600: 345609.308: [GC remark 2022-09-13T22:59:40.790-0600: 345609.308: [Finalize Marking, 0.0023577 secs] 2022-09-13T22:59:40.793-0600: 345609.310: [GC ref-proc, 0.0337224 secs] 2022-09-13T22:59:40.826-0600: 345609.344: [Unloading, 0.0265792 secs], 0.0704258 secs]
 [Times: user=0.27 sys=0.00, real=0.08 secs] 
2022-09-13T22:59:40.861-0600: 345609.379: [GC cleanup 4134M->4134M(14336M), 0.0102473 secs]
 [Times: user=0.02 sys=0.00, real=0.00 secs] 
2022-09-13T23:01:08.925-0600: 345697.443: [GC pause (GCLocker Initiated GC) (young), 0.0381410 secs]
   [Parallel Time: 16.4 ms, GC Workers: 8]
      [GC Worker Start (ms): Min: 345697442.8, Avg: 345697448.3, Max: 345697457.1, Diff: 14.2]
      [Ext Root Scanning (ms): Min: 0.0, Avg: 0.9, Max: 3.0, Diff: 3.0, Sum: 6.9]
      [Update RS (ms): Min: 0.0, Avg: 4.3, Max: 14.6, Diff: 14.6, Sum: 34.8]
         [Processed Buffers: Min: 0, Avg: 19.6, Max: 45, Diff: 45, Sum: 157]
      [Scan RS (ms): Min: 0.0, Avg: 0.0, Max: 0.1, Diff: 0.1, Sum: 0.2]
      [Code Root Scanning (ms): Min: 0.0, Avg: 0.0, Max: 0.0, Diff: 0.0, Sum: 0.0]
      [Object Copy (ms): Min: 0.0, Avg: 3.4, Max: 5.5, Diff: 5.5, Sum: 27.0]
      [Termination (ms): Min: 0.0, Avg: 2.2, Max: 2.7, Diff: 2.7, Sum: 17.4]
         [Termination Attempts: Min: 1, Avg: 5.4, Max: 12, Diff: 11, Sum: 43]
      [GC Worker Other (ms): Min: 0.0, Avg: 0.0, Max: 0.0, Diff: 0.0, Sum: 0.0]
      [GC Worker Total (ms): Min: 2.1, Avg: 10.8, Max: 16.3, Diff: 14.2, Sum: 86.4]
      [GC Worker End (ms): Min: 345697459.1, Avg: 345697459.1, Max: 345697459.2, Diff: 0.1]
   [Code Root Fixup: 0.0 ms]
   [Code Root Purge: 0.0 ms]
   [Clear CT: 1.0 ms]
   [Other: 20.7 ms]
      [Choose CSet: 0.0 ms]
      [Ref Proc: 20.2 ms]
      [Ref Enq: 0.1 ms]
      [Redirty Cards: 0.2 ms]
      [Humongous Register: 0.0 ms]
      [Humongous Reclaim: 0.0 ms]
      [Free CSet: 0.1 ms]
   [Eden: 7136.0M(7136.0M)->0.0B(5696.0M) Survivors: 32768.0K->32768.0K Heap: 11118.0M(14336.0M)->3996.3M(14336.0M)]
 [Times: user=0.13 sys=0.00, real=0.04 secs] 
2022-09-13T23:02:22.280-0600: 345770.798: [GC pause (GCLocker Initiated GC) (mixed), 0.0473656 secs]
   [Parallel Time: 30.5 ms, GC Workers: 8]
      [GC Worker Start (ms): Min: 345770797.9, Avg: 345770799.2, Max: 345770802.1, Diff: 4.2]
      [Ext Root Scanning (ms): Min: 0.0, Avg: 0.9, Max: 3.5, Diff: 3.5, Sum: 7.5]
      [Update RS (ms): Min: 1.5, Avg: 4.9, Max: 15.5, Diff: 14.0, Sum: 39.0]
         [Processed Buffers: Min: 6, Avg: 19.1, Max: 37, Diff: 31, Sum: 153]
      [Scan RS (ms): Min: 0.0, Avg: 6.5, Max: 7.7, Diff: 7.7, Sum: 52.1]
      [Code Root Scanning (ms): Min: 0.0, Avg: 0.2, Max: 1.4, Diff: 1.4, Sum: 1.7]
      [Object Copy (ms): Min: 13.9, Avg: 16.6, Max: 17.1, Diff: 3.2, Sum: 132.8]
      [Termination (ms): Min: 0.0, Avg: 0.0, Max: 0.0, Diff: 0.0, Sum: 0.1]
         [Termination Attempts: Min: 1, Avg: 12.5, Max: 19, Diff: 18, Sum: 100]
      [GC Worker Other (ms): Min: 0.0, Avg: 0.0, Max: 0.1, Diff: 0.1, Sum: 0.2]
      [GC Worker Total (ms): Min: 26.2, Avg: 29.2, Max: 30.4, Diff: 4.2, Sum: 233.4]
      [GC Worker End (ms): Min: 345770828.3, Avg: 345770828.3, Max: 345770828.4, Diff: 0.1]
   [Code Root Fixup: 0.1 ms]
   [Code Root Purge: 0.0 ms]
   [Clear CT: 1.2 ms]
   [Other: 15.6 ms]
      [Choose CSet: 0.1 ms]
      [Ref Proc: 14.6 ms]
      [Ref Enq: 0.1 ms]
      [Redirty Cards: 0.4 ms]
      [Humongous Register: 0.0 ms]
      [Humongous Reclaim: 0.0 ms]
      [Free CSet: 0.2 ms]
   [Eden: 5712.0M(5696.0M)->0.0B(7152.0M) Survivors: 32768.0K->16384.0K Heap: 9692.3M(14336.0M)->3840.1M(14336.0M)]
 [Times: user=0.26 sys=0.00, real=0.05 secs] 
2022-09-13T23:03:57.174-0600: 345865.692: [GC pause (G1 Evacuation Pause) (young), 0.0476474 secs]
   [Parallel Time: 26.8 ms, GC Workers: 8]
      [GC Worker Start (ms): Min: 345865692.4, Avg: 345865703.7, Max: 345865715.3, Diff: 22.9]
      [Ext Root Scanning (ms): Min: 0.0, Avg: 0.8, Max: 4.1, Diff: 4.1, Sum: 6.4]
      [Update RS (ms): Min: 0.0, Avg: 11.3, Max: 20.5, Diff: 20.5, Sum: 90.5]
         [Processed Buffers: Min: 0, Avg: 42.9, Max: 117, Diff: 117, Sum: 343]
      [Scan RS (ms): Min: 0.0, Avg: 0.2, Max: 0.5, Diff: 0.4, Sum: 1.9]
      [Code Root Scanning (ms): Min: 0.0, Avg: 0.0, Max: 0.0, Diff: 0.0, Sum: 0.0]
      [Object Copy (ms): Min: 0.0, Avg: 1.8, Max: 2.9, Diff: 2.9, Sum: 14.7]
      [Termination (ms): Min: 0.0, Avg: 1.0, Max: 1.4, Diff: 1.4, Sum: 8.0]
         [Termination Attempts: Min: 1, Avg: 1.0, Max: 1, Diff: 0, Sum: 8]
      [GC Worker Other (ms): Min: 0.0, Avg: 0.0, Max: 0.0, Diff: 0.0, Sum: 0.1]
      [GC Worker Total (ms): Min: 3.6, Avg: 15.2, Max: 26.6, Diff: 22.9, Sum: 121.6]
      [GC Worker End (ms): Min: 345865718.8, Avg: 345865718.9, Max: 345865719.0, Diff: 0.1]
   [Code Root Fixup: 0.0 ms]
   [Code Root Purge: 0.0 ms]
   [Clear CT: 0.9 ms]
   [Other: 20.0 ms]
      [Choose CSet: 0.0 ms]
      [Ref Proc: 19.3 ms]
      [Ref Enq: 0.1 ms]
      [Redirty Cards: 0.1 ms]
      [Humongous Register: 0.1 ms]
      [Humongous Reclaim: 0.0 ms]
      [Free CSet: 0.2 ms]
   [Eden: 7152.0M(7152.0M)->0.0B(7152.0M) Survivors: 16384.0K->16384.0K Heap: 10992.1M(14336.0M)->3898.1M(14336.0M)]
 [Times: user=0.16 sys=0.00, real=0.05 secs] 
2022-09-13T23:05:25.125-0600: 345953.642: [GC pause (G1 Evacuation Pause) (young) (initial-mark), 0.0634119 secs]
   [Parallel Time: 21.9 ms, GC Workers: 8]
      [GC Worker Start (ms): Min: 345953646.6, Avg: 345953647.6, Max: 345953647.8, Diff: 1.2]
      [Ext Root Scanning (ms): Min: 5.8, Avg: 10.8, Max: 16.9, Diff: 11.1, Sum: 86.6]
      [Update RS (ms): Min: 0.0, Avg: 3.1, Max: 13.3, Diff: 13.3, Sum: 24.5]
         [Processed Buffers: Min: 0, Avg: 9.0, Max: 34, Diff: 34, Sum: 72]
      [Scan RS (ms): Min: 0.0, Avg: 0.0, Max: 0.1, Diff: 0.1, Sum: 0.2]
      [Code Root Scanning (ms): Min: 0.0, Avg: 0.0, Max: 0.0, Diff: 0.0, Sum: 0.0]
      [Object Copy (ms): Min: 0.0, Avg: 3.2, Max: 7.1, Diff: 7.1, Sum: 25.5]
      [Termination (ms): Min: 0.0, Avg: 2.3, Max: 3.9, Diff: 3.9, Sum: 18.6]
         [Termination Attempts: Min: 1, Avg: 1.5, Max: 3, Diff: 2, Sum: 12]
      [GC Worker Other (ms): Min: 0.0, Avg: 0.0, Max: 0.0, Diff: 0.0, Sum: 0.0]
      [GC Worker Total (ms): Min: 19.2, Avg: 19.4, Max: 20.4, Diff: 1.2, Sum: 155.5]
      [GC Worker End (ms): Min: 345953667.0, Avg: 345953667.0, Max: 345953667.2, Diff: 0.2]
   [Code Root Fixup: 0.0 ms]
   [Code Root Purge: 0.0 ms]
   [Clear CT: 0.8 ms]
   [Other: 40.7 ms]
      [Choose CSet: 0.0 ms]
      [Ref Proc: 37.3 ms]
      [Ref Enq: 0.1 ms]
      [Redirty Cards: 0.1 ms]
      [Humongous Register: 0.0 ms]
      [Humongous Reclaim: 0.0 ms]
      [Free CSet: 0.1 ms]
   [Eden: 7152.0M(7152.0M)->0.0B(7152.0M) Survivors: 16384.0K->16384.0K Heap: 11050.1M(14336.0M)->3913.7M(14336.0M)]
 [Times: user=0.18 sys=0.00, real=0.06 secs] 
2022-09-13T23:05:25.188-0600: 345953.706: [GC concurrent-root-region-scan-start]
2022-09-13T23:05:25.196-0600: 345953.714: [GC concurrent-root-region-scan-end, 0.0076802 secs]
2022-09-13T23:05:25.196-0600: 345953.714: [GC concurrent-mark-start]
2022-09-13T23:05:26.526-0600: 345955.044: [GC concurrent-mark-end, 1.3303399 secs]
2022-09-13T23:05:26.526-0600: 345955.044: [GC remark 2022-09-13T23:05:26.526-0600: 345955.044: [Finalize Marking, 0.0063775 secs] 2022-09-13T23:05:26.533-0600: 345955.051: [GC ref-proc, 0.0390630 secs] 2022-09-13T23:05:26.572-0600: 345955.090: [Unloading, 0.0324813 secs], 0.0829567 secs]
 [Times: user=0.28 sys=0.00, real=0.08 secs] 
2022-09-13T23:05:26.610-0600: 345955.127: [GC cleanup 4073M->4073M(14336M), 0.0113766 secs]
 [Times: user=0.02 sys=0.00, real=0.02 secs] 
2022-09-13T23:06:54.174-0600: 346042.692: [GC pause (G1 Evacuation Pause) (young), 0.0330954 secs]
   [Parallel Time: 8.9 ms, GC Workers: 8]
      [GC Worker Start (ms): Min: 346042691.9, Avg: 346042693.1, Max: 346042696.1, Diff: 4.2]
      [Ext Root Scanning (ms): Min: 0.0, Avg: 0.8, Max: 3.0, Diff: 3.0, Sum: 6.7]
      [Update RS (ms): Min: 0.0, Avg: 2.3, Max: 7.2, Diff: 7.2, Sum: 18.6]
         [Processed Buffers: Min: 0, Avg: 8.9, Max: 14, Diff: 14, Sum: 71]
      [Scan RS (ms): Min: 0.0, Avg: 0.0, Max: 0.1, Diff: 0.1, Sum: 0.2]
      [Code Root Scanning (ms): Min: 0.0, Avg: 0.0, Max: 0.0, Diff: 0.0, Sum: 0.0]
      [Object Copy (ms): Min: 0.0, Avg: 3.2, Max: 6.6, Diff: 6.6, Sum: 25.8]
      [Termination (ms): Min: 0.0, Avg: 1.1, Max: 1.6, Diff: 1.6, Sum: 8.5]
         [Termination Attempts: Min: 1, Avg: 4.4, Max: 10, Diff: 9, Sum: 35]
      [GC Worker Other (ms): Min: 0.0, Avg: 0.0, Max: 0.0, Diff: 0.0, Sum: 0.0]
      [GC Worker Total (ms): Min: 4.4, Avg: 7.5, Max: 8.7, Diff: 4.3, Sum: 59.9]
      [GC Worker End (ms): Min: 346042700.6, Avg: 346042700.6, Max: 346042700.7, Diff: 0.2]
   [Code Root Fixup: 0.0 ms]
   [Code Root Purge: 0.0 ms]
   [Clear CT: 0.6 ms]
   [Other: 23.6 ms]
      [Choose CSet: 0.0 ms]
      [Ref Proc: 23.2 ms]
      [Ref Enq: 0.1 ms]
      [Redirty Cards: 0.1 ms]
      [Humongous Register: 0.0 ms]
      [Humongous Reclaim: 0.0 ms]
      [Free CSet: 0.1 ms]
   [Eden: 7152.0M(7152.0M)->0.0B(5712.0M) Survivors: 16384.0K->16384.0K Heap: 11065.7M(14336.0M)->3918.9M(14336.0M)]
 [Times: user=0.12 sys=0.00, real=0.03 secs] 
2022-09-13T23:08:08.158-0600: 346116.676: [GC pause (G1 Evacuation Pause) (mixed), 0.0380176 secs]
   [Parallel Time: 22.2 ms, GC Workers: 8]
      [GC Worker Start (ms): Min: 346116676.0, Avg: 346116680.4, Max: 346116686.4, Diff: 10.4]
      [Ext Root Scanning (ms): Min: 0.0, Avg: 0.8, Max: 3.1, Diff: 3.1, Sum: 6.5]
      [Update RS (ms): Min: 0.0, Avg: 1.4, Max: 2.8, Diff: 2.8, Sum: 11.0]
         [Processed Buffers: Min: 0, Avg: 7.8, Max: 21, Diff: 21, Sum: 62]
      [Scan RS (ms): Min: 0.2, Avg: 3.5, Max: 4.7, Diff: 4.6, Sum: 28.1]
      [Code Root Scanning (ms): Min: 0.0, Avg: 0.0, Max: 0.1, Diff: 0.1, Sum: 0.2]
      [Object Copy (ms): Min: 11.1, Avg: 11.6, Max: 11.9, Diff: 0.7, Sum: 93.0]
      [Termination (ms): Min: 0.0, Avg: 0.0, Max: 0.1, Diff: 0.1, Sum: 0.3]
         [Termination Attempts: Min: 1, Avg: 64.2, Max: 98, Diff: 97, Sum: 514]
      [GC Worker Other (ms): Min: 0.0, Avg: 0.0, Max: 0.1, Diff: 0.1, Sum: 0.2]
      [GC Worker Total (ms): Min: 11.4, Avg: 17.4, Max: 21.8, Diff: 10.4, Sum: 139.2]
      [GC Worker End (ms): Min: 346116697.7, Avg: 346116697.7, Max: 346116697.8, Diff: 0.1]
   [Code Root Fixup: 0.0 ms]
   [Code Root Purge: 0.0 ms]
   [Clear CT: 1.0 ms]
   [Other: 14.9 ms]
      [Choose CSet: 0.1 ms]
      [Ref Proc: 14.1 ms]
      [Ref Enq: 0.1 ms]
      [Redirty Cards: 0.2 ms]
      [Humongous Register: 0.0 ms]
      [Humongous Reclaim: 0.0 ms]
      [Free CSet: 0.3 ms]
   [Eden: 5712.0M(5712.0M)->0.0B(7152.0M) Survivors: 16384.0K->16384.0K Heap: 9630.9M(14336.0M)->3678.2M(14336.0M)]
 [Times: user=0.18 sys=0.00, real=0.04 secs] 
2022-09-13T23:09:14.706-0600: 346183.224: [GC pause (G1 Evacuation Pause) (young), 0.0538534 secs]
   [Parallel Time: 34.6 ms, GC Workers: 8]
      [GC Worker Start (ms): Min: 346183223.6, Avg: 346183230.7, Max: 346183242.4, Diff: 18.8]
      [Ext Root Scanning (ms): Min: 0.0, Avg: 0.7, Max: 2.9, Diff: 2.9, Sum: 5.9]
      [Update RS (ms): Min: 0.0, Avg: 7.7, Max: 12.9, Diff: 12.9, Sum: 61.7]
         [Processed Buffers: Min: 0, Avg: 40.1, Max: 79, Diff: 79, Sum: 321]
      [Scan RS (ms): Min: 0.0, Avg: 0.1, Max: 0.2, Diff: 0.2, Sum: 0.8]
      [Code Root Scanning (ms): Min: 0.0, Avg: 0.0, Max: 0.0, Diff: 0.0, Sum: 0.0]
      [Object Copy (ms): Min: 15.4, Avg: 18.6, Max: 19.9, Diff: 4.5, Sum: 148.7]
      [Termination (ms): Min: 0.0, Avg: 0.0, Max: 0.0, Diff: 0.0, Sum: 0.0]
         [Termination Attempts: Min: 1, Avg: 1.0, Max: 1, Diff: 0, Sum: 8]
      [GC Worker Other (ms): Min: 0.0, Avg: 0.0, Max: 0.1, Diff: 0.1, Sum: 0.3]
      [GC Worker Total (ms): Min: 15.5, Avg: 27.2, Max: 34.2, Diff: 18.8, Sum: 217.5]
      [GC Worker End (ms): Min: 346183257.8, Avg: 346183257.9, Max: 346183257.9, Diff: 0.1]
   [Code Root Fixup: 0.0 ms]
   [Code Root Purge: 0.0 ms]
   [Clear CT: 0.8 ms]
   [Other: 18.4 ms]
      [Choose CSet: 0.0 ms]
      [Ref Proc: 18.0 ms]
      [Ref Enq: 0.1 ms]
      [Redirty Cards: 0.1 ms]
      [Humongous Register: 0.0 ms]
      [Humongous Reclaim: 0.0 ms]
      [Free CSet: 0.1 ms]
   [Eden: 7152.0M(7152.0M)->0.0B(7008.0M) Survivors: 16384.0K->160.0M Heap: 10830.2M(14336.0M)->3863.7M(14336.0M)]
 [Times: user=0.27 sys=0.00, real=0.05 secs] 
2022-09-13T23:10:24.931-0600: 346253.448: [GC pause (G1 Evacuation Pause) (young) (initial-mark), 0.0553361 secs]
   [Parallel Time: 20.0 ms, GC Workers: 8]
      [GC Worker Start (ms): Min: 346253449.7, Avg: 346253451.6, Max: 346253452.6, Diff: 2.8]
      [Ext Root Scanning (ms): Min: 2.2, Avg: 7.3, Max: 15.8, Diff: 13.5, Sum: 58.3]
      [Update RS (ms): Min: 0.0, Avg: 3.9, Max: 6.9, Diff: 6.9, Sum: 31.0]
         [Processed Buffers: Min: 0, Avg: 15.8, Max: 26, Diff: 26, Sum: 126]
      [Scan RS (ms): Min: 0.0, Avg: 0.0, Max: 0.1, Diff: 0.0, Sum: 0.2]
      [Code Root Scanning (ms): Min: 0.0, Avg: 0.0, Max: 0.0, Diff: 0.0, Sum: 0.1]
      [Object Copy (ms): Min: 0.0, Avg: 4.8, Max: 6.0, Diff: 6.0, Sum: 38.5]
      [Termination (ms): Min: 0.0, Avg: 0.8, Max: 1.0, Diff: 1.0, Sum: 6.6]
         [Termination Attempts: Min: 1, Avg: 1.1, Max: 2, Diff: 1, Sum: 9]
      [GC Worker Other (ms): Min: 0.0, Avg: 0.0, Max: 0.0, Diff: 0.0, Sum: 0.1]
      [GC Worker Total (ms): Min: 15.8, Avg: 16.9, Max: 18.7, Diff: 2.9, Sum: 134.8]
      [GC Worker End (ms): Min: 346253468.4, Avg: 346253468.4, Max: 346253468.4, Diff: 0.1]
   [Code Root Fixup: 0.0 ms]
   [Code Root Purge: 0.0 ms]
   [Clear CT: 0.7 ms]
   [Other: 34.6 ms]
      [Choose CSet: 0.0 ms]
      [Ref Proc: 34.1 ms]
      [Ref Enq: 0.1 ms]
      [Redirty Cards: 0.1 ms]
      [Humongous Register: 0.0 ms]
      [Humongous Reclaim: 0.0 ms]
      [Free CSet: 0.1 ms]
   [Eden: 7008.0M(7008.0M)->0.0B(7040.0M) Survivors: 160.0M->128.0M Heap: 10871.7M(14336.0M)->3866.7M(14336.0M)]
 [Times: user=0.20 sys=0.00, real=0.06 secs] 
2022-09-13T23:10:24.986-0600: 346253.504: [GC concurrent-root-region-scan-start]
2022-09-13T23:10:24.993-0600: 346253.510: [GC concurrent-root-region-scan-end, 0.0066005 secs]
2022-09-13T23:10:24.993-0600: 346253.510: [GC concurrent-mark-start]
2022-09-13T23:10:26.321-0600: 346254.838: [GC concurrent-mark-end, 1.3279314 secs]
2022-09-13T23:10:26.321-0600: 346254.839: [GC remark 2022-09-13T23:10:26.321-0600: 346254.839: [Finalize Marking, 0.0030744 secs] 2022-09-13T23:10:26.324-0600: 346254.842: [GC ref-proc, 0.0339762 secs] 2022-09-13T23:10:26.358-0600: 346254.876: [Unloading, 0.0281274 secs], 0.0725582 secs]
 [Times: user=0.30 sys=0.00, real=0.07 secs] 
2022-09-13T23:10:26.394-0600: 346254.911: [GC cleanup 4005M->4005M(14336M), 0.0106662 secs]
 [Times: user=0.03 sys=0.00, real=0.01 secs] 
2022-09-13T23:11:25.050-0600: 346313.568: [GC pause (G1 Evacuation Pause) (young), 0.0399851 secs]
   [Parallel Time: 18.6 ms, GC Workers: 8]
      [GC Worker Start (ms): Min: 346313568.2, Avg: 346313573.6, Max: 346313584.7, Diff: 16.5]
      [Ext Root Scanning (ms): Min: 0.0, Avg: 0.7, Max: 3.0, Diff: 2.9, Sum: 6.0]
      [Update RS (ms): Min: 0.0, Avg: 4.4, Max: 7.8, Diff: 7.8, Sum: 35.1]
         [Processed Buffers: Min: 0, Avg: 19.0, Max: 40, Diff: 40, Sum: 152]
      [Scan RS (ms): Min: 0.0, Avg: 0.0, Max: 0.1, Diff: 0.1, Sum: 0.3]
      [Code Root Scanning (ms): Min: 0.0, Avg: 0.0, Max: 0.0, Diff: 0.0, Sum: 0.1]
      [Object Copy (ms): Min: 0.0, Avg: 5.6, Max: 8.6, Diff: 8.6, Sum: 44.9]
      [Termination (ms): Min: 0.0, Avg: 2.0, Max: 2.3, Diff: 2.3, Sum: 15.6]
         [Termination Attempts: Min: 1, Avg: 17.5, Max: 29, Diff: 28, Sum: 140]
      [GC Worker Other (ms): Min: 0.0, Avg: 0.0, Max: 0.0, Diff: 0.0, Sum: 0.0]
      [GC Worker Total (ms): Min: 1.7, Avg: 12.8, Max: 18.2, Diff: 16.5, Sum: 102.1]
      [GC Worker End (ms): Min: 346313586.3, Avg: 346313586.4, Max: 346313586.4, Diff: 0.1]
   [Code Root Fixup: 0.0 ms]
   [Code Root Purge: 0.0 ms]
   [Clear CT: 0.9 ms]
   [Other: 20.5 ms]
      [Choose CSet: 0.0 ms]
      [Ref Proc: 20.1 ms]
      [Ref Enq: 0.1 ms]
      [Redirty Cards: 0.1 ms]
      [Humongous Register: 0.0 ms]
      [Humongous Reclaim: 0.0 ms]
      [Free CSet: 0.1 ms]
   [Eden: 7040.0M(7040.0M)->0.0B(5648.0M) Survivors: 128.0M->81920.0K Heap: 10906.7M(14336.0M)->3852.3M(14336.0M)]
 [Times: user=0.16 sys=0.00, real=0.04 secs] 
2022-09-13T23:12:19.375-0600: 346367.893: [GC pause (G1 Evacuation Pause) (mixed), 0.0507521 secs]
   [Parallel Time: 32.2 ms, GC Workers: 8]
      [GC Worker Start (ms): Min: 346367893.0, Avg: 346367896.7, Max: 346367902.4, Diff: 9.4]
      [Ext Root Scanning (ms): Min: 0.0, Avg: 0.9, Max: 3.4, Diff: 3.4, Sum: 7.0]
      [Update RS (ms): Min: 0.0, Avg: 2.8, Max: 4.6, Diff: 4.6, Sum: 22.8]
         [Processed Buffers: Min: 0, Avg: 14.9, Max: 33, Diff: 33, Sum: 119]
      [Scan RS (ms): Min: 0.0, Avg: 1.4, Max: 2.2, Diff: 2.2, Sum: 11.4]
      [Code Root Scanning (ms): Min: 0.0, Avg: 0.0, Max: 0.1, Diff: 0.1, Sum: 0.1]
      [Object Copy (ms): Min: 22.5, Avg: 23.0, Max: 23.4, Diff: 0.9, Sum: 184.0]
      [Termination (ms): Min: 0.0, Avg: 0.0, Max: 0.0, Diff: 0.0, Sum: 0.2]
         [Termination Attempts: Min: 1, Avg: 18.0, Max: 30, Diff: 29, Sum: 144]
      [GC Worker Other (ms): Min: 0.0, Avg: 0.0, Max: 0.0, Diff: 0.0, Sum: 0.1]
      [GC Worker Total (ms): Min: 22.5, Avg: 28.2, Max: 31.9, Diff: 9.4, Sum: 225.7]
      [GC Worker End (ms): Min: 346367924.9, Avg: 346367924.9, Max: 346367924.9, Diff: 0.0]
   [Code Root Fixup: 0.0 ms]
   [Code Root Purge: 0.0 ms]
   [Clear CT: 1.1 ms]
   [Other: 17.4 ms]
      [Choose CSet: 0.0 ms]
      [Ref Proc: 16.8 ms]
      [Ref Enq: 0.1 ms]
      [Redirty Cards: 0.3 ms]
      [Humongous Register: 0.0 ms]
      [Humongous Reclaim: 0.0 ms]
      [Free CSet: 0.1 ms]
   [Eden: 5648.0M(5648.0M)->0.0B(6976.0M) Survivors: 81920.0K->192.0M Heap: 9500.3M(14336.0M)->3896.4M(14336.0M)]
 [Times: user=0.27 sys=0.00, real=0.05 secs] 
2022-09-13T23:13:13.632-0600: 346422.150: [GC pause (G1 Evacuation Pause) (young), 0.0491965 secs]
   [Parallel Time: 31.0 ms, GC Workers: 8]
      [GC Worker Start (ms): Min: 346422150.0, Avg: 346422153.7, Max: 346422158.3, Diff: 8.3]
      [Ext Root Scanning (ms): Min: 0.0, Avg: 0.8, Max: 3.0, Diff: 3.0, Sum: 6.4]
      [Update RS (ms): Min: 4.8, Avg: 8.6, Max: 10.8, Diff: 6.0, Sum: 68.9]
         [Processed Buffers: Min: 18, Avg: 38.9, Max: 61, Diff: 43, Sum: 311]
      [Scan RS (ms): Min: 0.0, Avg: 0.0, Max: 0.0, Diff: 0.0, Sum: 0.3]
      [Code Root Scanning (ms): Min: 0.0, Avg: 0.0, Max: 0.0, Diff: 0.0, Sum: 0.0]
      [Object Copy (ms): Min: 17.7, Avg: 17.8, Max: 18.0, Diff: 0.2, Sum: 142.2]
      [Termination (ms): Min: 0.0, Avg: 0.0, Max: 0.0, Diff: 0.0, Sum: 0.0]
         [Termination Attempts: Min: 1, Avg: 2.4, Max: 4, Diff: 3, Sum: 19]
      [GC Worker Other (ms): Min: 0.0, Avg: 0.0, Max: 0.1, Diff: 0.1, Sum: 0.3]
      [GC Worker Total (ms): Min: 22.6, Avg: 27.3, Max: 31.0, Diff: 8.3, Sum: 218.1]
      [GC Worker End (ms): Min: 346422180.9, Avg: 346422181.0, Max: 346422181.0, Diff: 0.1]
   [Code Root Fixup: 0.0 ms]
   [Code Root Purge: 0.0 ms]
   [Clear CT: 0.5 ms]
   [Other: 17.7 ms]
      [Choose CSet: 0.0 ms]
      [Ref Proc: 17.2 ms]
      [Ref Enq: 0.1 ms]
      [Redirty Cards: 0.1 ms]
      [Humongous Register: 0.0 ms]
      [Humongous Reclaim: 0.0 ms]
      [Free CSet: 0.2 ms]
   [Eden: 6976.0M(6976.0M)->0.0B(6944.0M) Survivors: 192.0M->224.0M Heap: 10872.4M(14336.0M)->3956.7M(14336.0M)]
 [Times: user=0.26 sys=0.00, real=0.06 secs] 
2022-09-13T23:14:25.629-0600: 346494.147: [GC pause (G1 Evacuation Pause) (young) (initial-mark), 0.0400266 secs]
   [Parallel Time: 19.8 ms, GC Workers: 8]
      [GC Worker Start (ms): Min: 346494148.3, Avg: 346494151.6, Max: 346494152.8, Diff: 4.5]
      [Ext Root Scanning (ms): Min: 2.5, Avg: 6.8, Max: 13.8, Diff: 11.3, Sum: 54.2]
      [Update RS (ms): Min: 0.0, Avg: 2.7, Max: 4.3, Diff: 4.3, Sum: 21.2]
         [Processed Buffers: Min: 0, Avg: 11.6, Max: 28, Diff: 28, Sum: 93]
      [Scan RS (ms): Min: 0.0, Avg: 0.0, Max: 0.1, Diff: 0.1, Sum: 0.3]
      [Code Root Scanning (ms): Min: 0.0, Avg: 0.0, Max: 0.0, Diff: 0.0, Sum: 0.0]
      [Object Copy (ms): Min: 0.0, Avg: 2.9, Max: 4.0, Diff: 4.0, Sum: 22.9]
      [Termination (ms): Min: 0.0, Avg: 2.8, Max: 3.4, Diff: 3.4, Sum: 22.3]
         [Termination Attempts: Min: 1, Avg: 5.1, Max: 10, Diff: 9, Sum: 41]
      [GC Worker Other (ms): Min: 0.0, Avg: 0.0, Max: 0.0, Diff: 0.0, Sum: 0.1]
      [GC Worker Total (ms): Min: 13.8, Avg: 15.1, Max: 18.5, Diff: 4.7, Sum: 121.0]
      [GC Worker End (ms): Min: 346494166.6, Avg: 346494166.7, Max: 346494166.8, Diff: 0.2]
   [Code Root Fixup: 0.0 ms]
   [Code Root Purge: 0.0 ms]
   [Clear CT: 1.0 ms]
   [Other: 19.2 ms]
      [Choose CSet: 0.0 ms]
      [Ref Proc: 18.8 ms]
      [Ref Enq: 0.1 ms]
      [Redirty Cards: 0.1 ms]
      [Humongous Register: 0.0 ms]
      [Humongous Reclaim: 0.0 ms]
      [Free CSet: 0.1 ms]
   [Eden: 6944.0M(6944.0M)->0.0B(7056.0M) Survivors: 224.0M->112.0M Heap: 10900.7M(14336.0M)->3870.4M(14336.0M)]
 [Times: user=0.16 sys=0.00, real=0.04 secs] 
2022-09-13T23:14:25.669-0600: 346494.187: [GC concurrent-root-region-scan-start]
2022-09-13T23:14:25.675-0600: 346494.193: [GC concurrent-root-region-scan-end, 0.0058413 secs]
2022-09-13T23:14:25.675-0600: 346494.193: [GC concurrent-mark-start]
2022-09-13T23:14:27.004-0600: 346495.522: [GC concurrent-mark-end, 1.3290530 secs]
2022-09-13T23:14:27.004-0600: 346495.522: [GC remark 2022-09-13T23:14:27.004-0600: 346495.522: [Finalize Marking, 0.0023255 secs] 2022-09-13T23:14:27.007-0600: 346495.524: [GC ref-proc, 0.0286967 secs] 2022-09-13T23:14:27.035-0600: 346495.553: [Unloading, 0.0289670 secs], 0.0651301 secs]
 [Times: user=0.28 sys=0.00, real=0.06 secs] 
2022-09-13T23:14:27.070-0600: 346495.587: [GC cleanup 4008M->4008M(14336M), 0.0099764 secs]
 [Times: user=0.02 sys=0.00, real=0.01 secs] 
2022-09-13T23:15:51.151-0600: 346579.668: [GC pause (G1 Evacuation Pause) (young), 0.0283768 secs]
   [Parallel Time: 7.5 ms, GC Workers: 8]
      [GC Worker Start (ms): Min: 346579668.4, Avg: 346579668.4, Max: 346579668.5, Diff: 0.1]
      [Ext Root Scanning (ms): Min: 0.8, Avg: 2.6, Max: 6.0, Diff: 5.3, Sum: 20.8]
      [Update RS (ms): Min: 0.0, Avg: 2.3, Max: 3.7, Diff: 3.7, Sum: 18.5]
         [Processed Buffers: Min: 0, Avg: 11.4, Max: 20, Diff: 20, Sum: 91]
      [Scan RS (ms): Min: 0.0, Avg: 0.0, Max: 0.1, Diff: 0.1, Sum: 0.2]
      [Code Root Scanning (ms): Min: 0.0, Avg: 0.0, Max: 0.0, Diff: 0.0, Sum: 0.0]
      [Object Copy (ms): Min: 0.6, Avg: 1.8, Max: 2.1, Diff: 1.5, Sum: 14.3]
      [Termination (ms): Min: 0.0, Avg: 0.5, Max: 0.6, Diff: 0.6, Sum: 4.1]
         [Termination Attempts: Min: 1, Avg: 1.1, Max: 2, Diff: 1, Sum: 9]
      [GC Worker Other (ms): Min: 0.0, Avg: 0.0, Max: 0.0, Diff: 0.0, Sum: 0.0]
      [GC Worker Total (ms): Min: 7.2, Avg: 7.3, Max: 7.3, Diff: 0.1, Sum: 58.1]
      [GC Worker End (ms): Min: 346579675.7, Avg: 346579675.7, Max: 346579675.7, Diff: 0.0]
   [Code Root Fixup: 0.0 ms]
   [Code Root Purge: 0.0 ms]
   [Clear CT: 0.8 ms]
   [Other: 20.1 ms]
      [Choose CSet: 0.0 ms]
      [Ref Proc: 19.7 ms]
      [Ref Enq: 0.1 ms]
      [Redirty Cards: 0.1 ms]
      [Humongous Register: 0.0 ms]
      [Humongous Reclaim: 0.0 ms]
      [Free CSet: 0.1 ms]
   [Eden: 7056.0M(7056.0M)->0.0B(5632.0M) Survivors: 112.0M->98304.0K Heap: 10926.4M(14336.0M)->3863.9M(14336.0M)]
 [Times: user=0.13 sys=0.00, real=0.03 secs] 
2022-09-13T23:17:05.476-0600: 346653.993: [GC pause (G1 Evacuation Pause) (mixed), 0.0302981 secs]
   [Parallel Time: 12.1 ms, GC Workers: 8]
      [GC Worker Start (ms): Min: 346653993.5, Avg: 346653996.3, Max: 346654005.3, Diff: 11.8]
      [Ext Root Scanning (ms): Min: 0.0, Avg: 0.9, Max: 3.5, Diff: 3.5, Sum: 7.5]
      [Update RS (ms): Min: 0.0, Avg: 2.2, Max: 7.4, Diff: 7.4, Sum: 17.8]
         [Processed Buffers: Min: 0, Avg: 8.4, Max: 22, Diff: 22, Sum: 67]
      [Scan RS (ms): Min: 0.0, Avg: 1.1, Max: 1.6, Diff: 1.6, Sum: 8.8]
      [Code Root Scanning (ms): Min: 0.0, Avg: 0.0, Max: 0.1, Diff: 0.1, Sum: 0.1]
      [Object Copy (ms): Min: 0.0, Avg: 4.2, Max: 5.4, Diff: 5.4, Sum: 33.4]
      [Termination (ms): Min: 0.0, Avg: 0.6, Max: 0.7, Diff: 0.7, Sum: 4.6]
         [Termination Attempts: Min: 1, Avg: 1.0, Max: 1, Diff: 0, Sum: 8]
      [GC Worker Other (ms): Min: 0.0, Avg: 0.0, Max: 0.0, Diff: 0.0, Sum: 0.1]
      [GC Worker Total (ms): Min: 0.0, Avg: 9.0, Max: 11.9, Diff: 11.8, Sum: 72.3]
      [GC Worker End (ms): Min: 346654005.4, Avg: 346654005.4, Max: 346654005.4, Diff: 0.1]
   [Code Root Fixup: 0.0 ms]
   [Code Root Purge: 0.0 ms]
   [Clear CT: 0.5 ms]
   [Other: 17.7 ms]
      [Choose CSet: 0.0 ms]
      [Ref Proc: 17.2 ms]
      [Ref Enq: 0.1 ms]
      [Redirty Cards: 0.1 ms]
      [Humongous Register: 0.0 ms]
      [Humongous Reclaim: 0.0 ms]
      [Free CSet: 0.1 ms]
   [Eden: 5632.0M(5632.0M)->0.0B(7136.0M) Survivors: 98304.0K->32768.0K Heap: 9495.9M(14336.0M)->3727.3M(14336.0M)]
 [Times: user=0.13 sys=0.00, real=0.03 secs] 
2022-09-13T23:18:40.426-0600: 346748.944: [GC pause (G1 Evacuation Pause) (young), 0.0387634 secs]
   [Parallel Time: 19.8 ms, GC Workers: 8]
      [GC Worker Start (ms): Min: 346748944.1, Avg: 346748955.3, Max: 346748963.6, Diff: 19.5]
      [Ext Root Scanning (ms): Min: 0.0, Avg: 0.7, Max: 3.9, Diff: 3.9, Sum: 5.7]
      [Update RS (ms): Min: 0.0, Avg: 5.2, Max: 11.4, Diff: 11.4, Sum: 41.5]
         [Processed Buffers: Min: 0, Avg: 22.6, Max: 60, Diff: 60, Sum: 181]
      [Scan RS (ms): Min: 0.0, Avg: 0.0, Max: 0.1, Diff: 0.1, Sum: 0.2]
      [Code Root Scanning (ms): Min: 0.0, Avg: 0.0, Max: 0.0, Diff: 0.0, Sum: 0.0]
      [Object Copy (ms): Min: 0.0, Avg: 1.1, Max: 2.5, Diff: 2.5, Sum: 9.2]
      [Termination (ms): Min: 0.0, Avg: 1.2, Max: 1.8, Diff: 1.8, Sum: 10.0]
         [Termination Attempts: Min: 1, Avg: 1.6, Max: 4, Diff: 3, Sum: 13]
      [GC Worker Other (ms): Min: 0.0, Avg: 0.0, Max: 0.0, Diff: 0.0, Sum: 0.0]
      [GC Worker Total (ms): Min: 0.0, Avg: 8.3, Max: 19.6, Diff: 19.5, Sum: 66.7]
      [GC Worker End (ms): Min: 346748963.6, Avg: 346748963.6, Max: 346748963.7, Diff: 0.1]
   [Code Root Fixup: 0.0 ms]
   [Code Root Purge: 0.0 ms]
   [Clear CT: 0.6 ms]
   [Other: 18.4 ms]
      [Choose CSet: 0.0 ms]
      [Ref Proc: 18.0 ms]
      [Ref Enq: 0.1 ms]
      [Redirty Cards: 0.1 ms]
      [Humongous Register: 0.0 ms]
      [Humongous Reclaim: 0.0 ms]
      [Free CSet: 0.1 ms]
   [Eden: 7136.0M(7136.0M)->0.0B(7152.0M) Survivors: 32768.0K->16384.0K Heap: 10863.3M(14336.0M)->3726.6M(14336.0M)]
 [Times: user=0.12 sys=0.00, real=0.04 secs] 
2022-09-13T23:20:16.825-0600: 346845.343: [GC pause (G1 Evacuation Pause) (young) (initial-mark), 0.0429198 secs]
   [Parallel Time: 16.8 ms, GC Workers: 8]
      [GC Worker Start (ms): Min: 346845344.4, Avg: 346845347.1, Max: 346845348.0, Diff: 3.7]
      [Ext Root Scanning (ms): Min: 2.1, Avg: 7.8, Max: 11.6, Diff: 9.5, Sum: 62.6]
      [Update RS (ms): Min: 0.0, Avg: 1.4, Max: 3.7, Diff: 3.7, Sum: 11.5]
         [Processed Buffers: Min: 0, Avg: 7.0, Max: 25, Diff: 25, Sum: 56]
      [Scan RS (ms): Min: 0.0, Avg: 0.0, Max: 0.1, Diff: 0.1, Sum: 0.3]
      [Code Root Scanning (ms): Min: 0.0, Avg: 0.0, Max: 0.0, Diff: 0.0, Sum: 0.0]
      [Object Copy (ms): Min: 0.0, Avg: 1.0, Max: 2.1, Diff: 2.1, Sum: 8.1]
      [Termination (ms): Min: 0.0, Avg: 2.2, Max: 4.0, Diff: 4.0, Sum: 17.4]
         [Termination Attempts: Min: 1, Avg: 1.0, Max: 1, Diff: 0, Sum: 8]
      [GC Worker Other (ms): Min: 0.0, Avg: 0.0, Max: 0.0, Diff: 0.0, Sum: 0.1]
      [GC Worker Total (ms): Min: 11.6, Avg: 12.5, Max: 15.3, Diff: 3.7, Sum: 100.0]
      [GC Worker End (ms): Min: 346845359.6, Avg: 346845359.6, Max: 346845359.8, Diff: 0.2]
   [Code Root Fixup: 0.0 ms]
   [Code Root Purge: 0.0 ms]
   [Clear CT: 0.9 ms]
   [Other: 25.2 ms]
      [Choose CSet: 0.0 ms]
      [Ref Proc: 24.7 ms]
      [Ref Enq: 0.1 ms]
      [Redirty Cards: 0.1 ms]
      [Humongous Register: 0.0 ms]
      [Humongous Reclaim: 0.0 ms]
      [Free CSet: 0.1 ms]
   [Eden: 7152.0M(7152.0M)->0.0B(7152.0M) Survivors: 16384.0K->16384.0K Heap: 10878.6M(14336.0M)->3727.1M(14336.0M)]
 [Times: user=0.12 sys=0.00, real=0.04 secs] 
2022-09-13T23:20:16.868-0600: 346845.386: [GC concurrent-root-region-scan-start]
2022-09-13T23:20:16.876-0600: 346845.394: [GC concurrent-root-region-scan-end, 0.0077343 secs]
2022-09-13T23:20:16.876-0600: 346845.394: [GC concurrent-mark-start]
2022-09-13T23:20:18.178-0600: 346846.695: [GC concurrent-mark-end, 1.3015656 secs]
2022-09-13T23:20:18.178-0600: 346846.696: [GC remark 2022-09-13T23:20:18.178-0600: 346846.696: [Finalize Marking, 0.0034791 secs] 2022-09-13T23:20:18.181-0600: 346846.699: [GC ref-proc, 0.0356710 secs] 2022-09-13T23:20:18.217-0600: 346846.735: [Unloading, 0.0265619 secs], 0.0710999 secs]
 [Times: user=0.29 sys=0.00, real=0.07 secs] 
2022-09-13T23:20:18.249-0600: 346846.767: [GC cleanup 3831M->3831M(14336M), 0.0077101 secs]
 [Times: user=0.03 sys=0.00, real=0.01 secs] 
2022-09-13T23:21:54.424-0600: 346942.942: [GC pause (G1 Evacuation Pause) (young), 0.0208884 secs]
   [Parallel Time: 5.6 ms, GC Workers: 8]
      [GC Worker Start (ms): Min: 346942942.0, Avg: 346942942.9, Max: 346942947.6, Diff: 5.6]
      [Ext Root Scanning (ms): Min: 0.0, Avg: 1.4, Max: 4.1, Diff: 4.1, Sum: 11.4]
      [Update RS (ms): Min: 0.0, Avg: 1.5, Max: 2.4, Diff: 2.4, Sum: 11.8]
         [Processed Buffers: Min: 0, Avg: 8.1, Max: 22, Diff: 22, Sum: 65]
      [Scan RS (ms): Min: 0.0, Avg: 0.0, Max: 0.1, Diff: 0.1, Sum: 0.2]
      [Code Root Scanning (ms): Min: 0.0, Avg: 0.0, Max: 0.0, Diff: 0.0, Sum: 0.0]
      [Object Copy (ms): Min: 0.0, Avg: 1.2, Max: 1.6, Diff: 1.6, Sum: 9.5]
      [Termination (ms): Min: 0.0, Avg: 0.5, Max: 0.6, Diff: 0.6, Sum: 4.4]
         [Termination Attempts: Min: 1, Avg: 2.2, Max: 4, Diff: 3, Sum: 18]
      [GC Worker Other (ms): Min: 0.0, Avg: 0.0, Max: 0.0, Diff: 0.0, Sum: 0.1]
      [GC Worker Total (ms): Min: 0.0, Avg: 4.7, Max: 5.6, Diff: 5.6, Sum: 37.3]
      [GC Worker End (ms): Min: 346942947.6, Avg: 346942947.6, Max: 346942947.6, Diff: 0.0]
   [Code Root Fixup: 0.0 ms]
   [Code Root Purge: 0.0 ms]
   [Clear CT: 0.8 ms]
   [Other: 14.5 ms]
      [Choose CSet: 0.0 ms]
      [Ref Proc: 14.1 ms]
      [Ref Enq: 0.1 ms]
      [Redirty Cards: 0.1 ms]
      [Humongous Register: 0.0 ms]
      [Humongous Reclaim: 0.0 ms]
      [Free CSet: 0.1 ms]
   [Eden: 7152.0M(7152.0M)->0.0B(5712.0M) Survivors: 16384.0K->16384.0K Heap: 10879.1M(14336.0M)->3728.9M(14336.0M)]
 [Times: user=0.08 sys=0.00, real=0.02 secs] 
2022-09-13T23:23:15.577-0600: 347024.095: [GC pause (G1 Evacuation Pause) (mixed), 0.0468230 secs]
   [Parallel Time: 23.8 ms, GC Workers: 8]
      [GC Worker Start (ms): Min: 347024095.1, Avg: 347024101.4, Max: 347024110.3, Diff: 15.2]
      [Ext Root Scanning (ms): Min: 0.0, Avg: 0.9, Max: 3.6, Diff: 3.6, Sum: 7.4]
      [Update RS (ms): Min: 0.0, Avg: 1.3, Max: 4.9, Diff: 4.9, Sum: 10.3]
         [Processed Buffers: Min: 0, Avg: 6.5, Max: 27, Diff: 27, Sum: 52]
      [Scan RS (ms): Min: 0.1, Avg: 5.0, Max: 17.2, Diff: 17.1, Sum: 39.9]
      [Code Root Scanning (ms): Min: 0.0, Avg: 0.2, Max: 1.6, Diff: 1.6, Sum: 1.8]
      [Object Copy (ms): Min: 0.0, Avg: 7.0, Max: 10.8, Diff: 10.8, Sum: 56.3]
      [Termination (ms): Min: 0.0, Avg: 2.9, Max: 3.3, Diff: 3.3, Sum: 22.9]
         [Termination Attempts: Min: 1, Avg: 22.1, Max: 30, Diff: 29, Sum: 177]
      [GC Worker Other (ms): Min: 0.0, Avg: 0.0, Max: 0.0, Diff: 0.0, Sum: 0.1]
      [GC Worker Total (ms): Min: 8.4, Avg: 17.3, Max: 23.6, Diff: 15.2, Sum: 138.6]
      [GC Worker End (ms): Min: 347024118.7, Avg: 347024118.7, Max: 347024118.8, Diff: 0.1]
   [Code Root Fixup: 0.1 ms]
   [Code Root Purge: 0.0 ms]
   [Clear CT: 1.3 ms]
   [Other: 21.6 ms]
      [Choose CSet: 0.0 ms]
      [Ref Proc: 20.8 ms]
      [Ref Enq: 0.1 ms]
      [Redirty Cards: 0.2 ms]
      [Humongous Register: 0.0 ms]
      [Humongous Reclaim: 0.0 ms]
      [Free CSet: 0.4 ms]
   [Eden: 5712.0M(5712.0M)->0.0B(7152.0M) Survivors: 16384.0K->16384.0K Heap: 9440.9M(14336.0M)->3682.5M(14336.0M)]
 [Times: user=0.17 sys=0.00, real=0.05 secs] 
2022-09-13T23:24:51.028-0600: 347119.546: [GC pause (G1 Evacuation Pause) (young), 0.0355842 secs]
   [Parallel Time: 20.9 ms, GC Workers: 8]
      [GC Worker Start (ms): Min: 347119546.0, Avg: 347119549.2, Max: 347119558.3, Diff: 12.3]
      [Ext Root Scanning (ms): Min: 0.0, Avg: 0.9, Max: 3.4, Diff: 3.4, Sum: 7.3]
      [Update RS (ms): Min: 0.7, Avg: 10.4, Max: 19.6, Diff: 18.9, Sum: 83.0]
         [Processed Buffers: Min: 3, Avg: 40.4, Max: 62, Diff: 59, Sum: 323]
      [Scan RS (ms): Min: 0.0, Avg: 0.0, Max: 0.1, Diff: 0.1, Sum: 0.2]
      [Code Root Scanning (ms): Min: 0.0, Avg: 0.0, Max: 0.0, Diff: 0.0, Sum: 0.1]
      [Object Copy (ms): Min: 0.1, Avg: 1.7, Max: 2.4, Diff: 2.4, Sum: 13.7]
      [Termination (ms): Min: 0.0, Avg: 4.4, Max: 5.3, Diff: 5.3, Sum: 35.5]
         [Termination Attempts: Min: 1, Avg: 43.4, Max: 60, Diff: 59, Sum: 347]
      [GC Worker Other (ms): Min: 0.0, Avg: 0.0, Max: 0.0, Diff: 0.0, Sum: 0.1]
      [GC Worker Total (ms): Min: 8.3, Avg: 17.5, Max: 20.7, Diff: 12.3, Sum: 139.8]
      [GC Worker End (ms): Min: 347119566.6, Avg: 347119566.6, Max: 347119566.7, Diff: 0.1]
   [Code Root Fixup: 0.0 ms]
   [Code Root Purge: 0.0 ms]
   [Clear CT: 0.8 ms]
   [Other: 13.9 ms]
      [Choose CSet: 0.0 ms]
      [Ref Proc: 13.5 ms]
      [Ref Enq: 0.1 ms]
      [Redirty Cards: 0.1 ms]
      [Humongous Register: 0.0 ms]
      [Humongous Reclaim: 0.0 ms]
      [Free CSet: 0.1 ms]
   [Eden: 7152.0M(7152.0M)->0.0B(7152.0M) Survivors: 16384.0K->16384.0K Heap: 10834.5M(14336.0M)->3707.9M(14336.0M)]
 [Times: user=0.16 sys=0.00, real=0.04 secs] 
2022-09-13T23:26:26.726-0600: 347215.243: [GC pause (G1 Evacuation Pause) (young) (initial-mark), 0.0435106 secs]
   [Parallel Time: 21.1 ms, GC Workers: 8]
      [GC Worker Start (ms): Min: 347215244.8, Avg: 347215248.4, Max: 347215249.4, Diff: 4.6]
      [Ext Root Scanning (ms): Min: 1.5, Avg: 7.9, Max: 15.0, Diff: 13.5, Sum: 63.6]
      [Update RS (ms): Min: 0.0, Avg: 3.8, Max: 11.0, Diff: 11.0, Sum: 30.1]
         [Processed Buffers: Min: 0, Avg: 8.5, Max: 18, Diff: 18, Sum: 68]
      [Scan RS (ms): Min: 0.0, Avg: 0.0, Max: 0.1, Diff: 0.1, Sum: 0.2]
      [Code Root Scanning (ms): Min: 0.0, Avg: 0.0, Max: 0.1, Diff: 0.1, Sum: 0.1]
      [Object Copy (ms): Min: 0.0, Avg: 1.8, Max: 4.0, Diff: 4.0, Sum: 14.5]
      [Termination (ms): Min: 0.0, Avg: 2.4, Max: 3.4, Diff: 3.4, Sum: 19.6]
         [Termination Attempts: Min: 1, Avg: 9.6, Max: 44, Diff: 43, Sum: 77]
      [GC Worker Other (ms): Min: 0.0, Avg: 0.0, Max: 0.0, Diff: 0.0, Sum: 0.0]
      [GC Worker Total (ms): Min: 15.0, Avg: 16.0, Max: 19.6, Diff: 4.6, Sum: 128.1]
      [GC Worker End (ms): Min: 347215264.4, Avg: 347215264.4, Max: 347215264.5, Diff: 0.2]
   [Code Root Fixup: 0.0 ms]
   [Code Root Purge: 0.0 ms]
   [Clear CT: 0.8 ms]
   [Other: 21.6 ms]
      [Choose CSet: 0.0 ms]
      [Ref Proc: 21.2 ms]
      [Ref Enq: 0.1 ms]
      [Redirty Cards: 0.1 ms]
      [Humongous Register: 0.0 ms]
      [Humongous Reclaim: 0.0 ms]
      [Free CSet: 0.1 ms]
   [Eden: 7152.0M(7152.0M)->0.0B(7152.0M) Survivors: 16384.0K->16384.0K Heap: 10859.9M(14336.0M)->3712.6M(14336.0M)]
 [Times: user=0.13 sys=0.00, real=0.04 secs] 
2022-09-13T23:26:26.769-0600: 347215.287: [GC concurrent-root-region-scan-start]
2022-09-13T23:26:26.778-0600: 347215.296: [GC concurrent-root-region-scan-end, 0.0086381 secs]
2022-09-13T23:26:26.778-0600: 347215.296: [GC concurrent-mark-start]
2022-09-13T23:26:28.088-0600: 347216.605: [GC concurrent-mark-end, 1.3095789 secs]
2022-09-13T23:26:28.088-0600: 347216.606: [GC remark 2022-09-13T23:26:28.088-0600: 347216.606: [Finalize Marking, 0.0008510 secs] 2022-09-13T23:26:28.089-0600: 347216.606: [GC ref-proc, 0.0259252 secs] 2022-09-13T23:26:28.115-0600: 347216.632: [Unloading, 0.0270176 secs], 0.0581897 secs]
 [Times: user=0.26 sys=0.00, real=0.06 secs] 
2022-09-13T23:26:28.146-0600: 347216.664: [GC cleanup 3832M->3832M(14336M), 0.0099349 secs]
 [Times: user=0.02 sys=0.00, real=0.01 secs] 
2022-09-13T23:27:58.578-0600: 347307.095: [GC pause (G1 Evacuation Pause) (young), 0.0436980 secs]
   [Parallel Time: 15.2 ms, GC Workers: 8]
      [GC Worker Start (ms): Min: 347307095.3, Avg: 347307099.9, Max: 347307103.6, Diff: 8.3]
      [Ext Root Scanning (ms): Min: 0.0, Avg: 0.8, Max: 3.0, Diff: 2.9, Sum: 6.0]
      [Update RS (ms): Min: 0.0, Avg: 2.0, Max: 4.5, Diff: 4.5, Sum: 16.2]
         [Processed Buffers: Min: 0, Avg: 12.0, Max: 28, Diff: 28, Sum: 96]
      [Scan RS (ms): Min: 0.0, Avg: 0.0, Max: 0.1, Diff: 0.1, Sum: 0.2]
      [Code Root Scanning (ms): Min: 0.0, Avg: 0.0, Max: 0.0, Diff: 0.0, Sum: 0.0]
      [Object Copy (ms): Min: 3.2, Avg: 4.7, Max: 8.4, Diff: 5.2, Sum: 37.4]
      [Termination (ms): Min: 0.0, Avg: 2.9, Max: 3.5, Diff: 3.5, Sum: 23.1]
         [Termination Attempts: Min: 1, Avg: 2.5, Max: 4, Diff: 3, Sum: 20]
      [GC Worker Other (ms): Min: 0.0, Avg: 0.0, Max: 0.0, Diff: 0.0, Sum: 0.1]
      [GC Worker Total (ms): Min: 6.7, Avg: 10.4, Max: 15.0, Diff: 8.3, Sum: 83.1]
      [GC Worker End (ms): Min: 347307110.3, Avg: 347307110.3, Max: 347307110.4, Diff: 0.1]
   [Code Root Fixup: 0.0 ms]
   [Code Root Purge: 0.0 ms]
   [Clear CT: 1.0 ms]
   [Other: 27.5 ms]
      [Choose CSet: 0.0 ms]
      [Ref Proc: 27.0 ms]
      [Ref Enq: 0.1 ms]
      [Redirty Cards: 0.1 ms]
      [Humongous Register: 0.0 ms]
      [Humongous Reclaim: 0.0 ms]
      [Free CSet: 0.2 ms]
   [Eden: 7152.0M(7152.0M)->0.0B(5696.0M) Survivors: 16384.0K->32768.0K Heap: 10864.6M(14336.0M)->3724.6M(14336.0M)]
 [Times: user=0.13 sys=0.00, real=0.05 secs] 
2022-09-13T23:29:05.324-0600: 347373.842: [GC pause (G1 Evacuation Pause) (mixed), 0.0284962 secs]
   [Parallel Time: 11.5 ms, GC Workers: 8]
      [GC Worker Start (ms): Min: 347373842.1, Avg: 347373843.7, Max: 347373847.9, Diff: 5.8]
      [Ext Root Scanning (ms): Min: 0.0, Avg: 1.4, Max: 4.0, Diff: 4.0, Sum: 11.4]
      [Update RS (ms): Min: 0.0, Avg: 2.1, Max: 4.2, Diff: 4.2, Sum: 16.5]
         [Processed Buffers: Min: 0, Avg: 8.2, Max: 19, Diff: 19, Sum: 66]
      [Scan RS (ms): Min: 0.0, Avg: 0.4, Max: 0.7, Diff: 0.7, Sum: 3.4]
      [Code Root Scanning (ms): Min: 0.0, Avg: 0.0, Max: 0.0, Diff: 0.0, Sum: 0.1]
      [Object Copy (ms): Min: 4.4, Avg: 5.0, Max: 6.2, Diff: 1.7, Sum: 39.7]
      [Termination (ms): Min: 0.0, Avg: 0.9, Max: 1.2, Diff: 1.2, Sum: 7.5]
         [Termination Attempts: Min: 1, Avg: 1.4, Max: 2, Diff: 1, Sum: 11]
      [GC Worker Other (ms): Min: 0.0, Avg: 0.0, Max: 0.0, Diff: 0.0, Sum: 0.1]
      [GC Worker Total (ms): Min: 5.6, Avg: 9.8, Max: 11.4, Diff: 5.8, Sum: 78.6]
      [GC Worker End (ms): Min: 347373853.5, Avg: 347373853.5, Max: 347373853.6, Diff: 0.1]
   [Code Root Fixup: 0.0 ms]
   [Code Root Purge: 0.0 ms]
   [Clear CT: 0.8 ms]
   [Other: 16.2 ms]
      [Choose CSet: 0.0 ms]
      [Ref Proc: 15.8 ms]
      [Ref Enq: 0.1 ms]
      [Redirty Cards: 0.1 ms]
      [Humongous Register: 0.0 ms]
      [Humongous Reclaim: 0.0 ms]
      [Free CSet: 0.1 ms]
   [Eden: 5696.0M(5696.0M)->0.0B(7152.0M) Survivors: 32768.0K->16384.0K Heap: 9420.6M(14336.0M)->3694.5M(14336.0M)]
 [Times: user=0.12 sys=0.00, real=0.03 secs] 
2022-09-13T23:30:32.949-0600: 347461.467: [GC pause (G1 Evacuation Pause) (young), 0.0168823 secs]
   [Parallel Time: 7.2 ms, GC Workers: 8]
      [GC Worker Start (ms): Min: 347461466.8, Avg: 347461467.3, Max: 347461470.3, Diff: 3.5]
      [Ext Root Scanning (ms): Min: 0.0, Avg: 1.5, Max: 3.3, Diff: 3.3, Sum: 11.8]
      [Update RS (ms): Min: 1.9, Avg: 3.6, Max: 5.3, Diff: 3.4, Sum: 28.5]
         [Processed Buffers: Min: 7, Avg: 13.6, Max: 22, Diff: 15, Sum: 109]
      [Scan RS (ms): Min: 0.0, Avg: 0.0, Max: 0.1, Diff: 0.1, Sum: 0.3]
      [Code Root Scanning (ms): Min: 0.0, Avg: 0.0, Max: 0.0, Diff: 0.0, Sum: 0.0]
      [Object Copy (ms): Min: 0.3, Avg: 1.6, Max: 1.9, Diff: 1.5, Sum: 12.5]
      [Termination (ms): Min: 0.0, Avg: 0.0, Max: 0.0, Diff: 0.0, Sum: 0.2]
         [Termination Attempts: Min: 13, Avg: 19.5, Max: 30, Diff: 17, Sum: 156]
      [GC Worker Other (ms): Min: 0.0, Avg: 0.0, Max: 0.0, Diff: 0.0, Sum: 0.1]
      [GC Worker Total (ms): Min: 3.7, Avg: 6.7, Max: 7.2, Diff: 3.5, Sum: 53.4]
      [GC Worker End (ms): Min: 347461474.0, Avg: 347461474.0, Max: 347461474.0, Diff: 0.0]
   [Code Root Fixup: 0.0 ms]
   [Code Root Purge: 0.0 ms]
   [Clear CT: 0.6 ms]
   [Other: 9.1 ms]
      [Choose CSet: 0.0 ms]
      [Ref Proc: 8.7 ms]
      [Ref Enq: 0.1 ms]
      [Redirty Cards: 0.1 ms]
      [Humongous Register: 0.0 ms]
      [Humongous Reclaim: 0.0 ms]
      [Free CSet: 0.1 ms]
   [Eden: 7152.0M(7152.0M)->0.0B(7152.0M) Survivors: 16384.0K->16384.0K Heap: 10846.5M(14336.0M)->3698.0M(14336.0M)]
 [Times: user=0.08 sys=0.00, real=0.02 secs] 
2022-09-13T23:31:57.725-0600: 347546.243: [GC pause (G1 Evacuation Pause) (young) (initial-mark), 0.0410015 secs]
   [Parallel Time: 17.8 ms, GC Workers: 8]
      [GC Worker Start (ms): Min: 347546244.3, Avg: 347546246.6, Max: 347546247.7, Diff: 3.4]
      [Ext Root Scanning (ms): Min: 2.1, Avg: 7.8, Max: 12.1, Diff: 9.9, Sum: 62.2]
      [Update RS (ms): Min: 0.0, Avg: 3.2, Max: 10.8, Diff: 10.8, Sum: 25.8]
         [Processed Buffers: Min: 0, Avg: 9.4, Max: 37, Diff: 37, Sum: 75]
      [Scan RS (ms): Min: 0.0, Avg: 0.0, Max: 0.1, Diff: 0.1, Sum: 0.2]
      [Code Root Scanning (ms): Min: 0.0, Avg: 0.0, Max: 0.0, Diff: 0.0, Sum: 0.0]
      [Object Copy (ms): Min: 0.0, Avg: 1.9, Max: 3.8, Diff: 3.8, Sum: 15.3]
      [Termination (ms): Min: 0.0, Avg: 1.1, Max: 1.4, Diff: 1.4, Sum: 8.9]
         [Termination Attempts: Min: 1, Avg: 14.8, Max: 32, Diff: 31, Sum: 118]
      [GC Worker Other (ms): Min: 0.0, Avg: 0.0, Max: 0.0, Diff: 0.0, Sum: 0.1]
      [GC Worker Total (ms): Min: 13.0, Avg: 14.1, Max: 16.4, Diff: 3.4, Sum: 112.6]
      [GC Worker End (ms): Min: 347546260.7, Avg: 347546260.7, Max: 347546260.7, Diff: 0.0]
   [Code Root Fixup: 0.0 ms]
   [Code Root Purge: 0.0 ms]
   [Clear CT: 0.7 ms]
   [Other: 22.4 ms]
      [Choose CSet: 0.0 ms]
      [Ref Proc: 21.9 ms]
      [Ref Enq: 0.1 ms]
      [Redirty Cards: 0.1 ms]
      [Humongous Register: 0.0 ms]
      [Humongous Reclaim: 0.0 ms]
      [Free CSet: 0.2 ms]
   [Eden: 7152.0M(7152.0M)->0.0B(7152.0M) Survivors: 16384.0K->16384.0K Heap: 10850.0M(14336.0M)->3700.9M(14336.0M)]
 [Times: user=0.13 sys=0.00, real=0.04 secs] 
2022-09-13T23:31:57.766-0600: 347546.284: [GC concurrent-root-region-scan-start]
2022-09-13T23:31:57.775-0600: 347546.292: [GC concurrent-root-region-scan-end, 0.0084560 secs]
2022-09-13T23:31:57.775-0600: 347546.292: [GC concurrent-mark-start]
2022-09-13T23:31:59.088-0600: 347547.606: [GC concurrent-mark-end, 1.3130192 secs]
2022-09-13T23:31:59.088-0600: 347547.606: [GC remark 2022-09-13T23:31:59.088-0600: 347547.606: [Finalize Marking, 0.0030523 secs] 2022-09-13T23:31:59.091-0600: 347547.609: [GC ref-proc, 0.0247445 secs] 2022-09-13T23:31:59.116-0600: 347547.633: [Unloading, 0.0356480 secs], 0.0678532 secs]
 [Times: user=0.24 sys=0.00, real=0.07 secs] 
2022-09-13T23:31:59.156-0600: 347547.674: [GC cleanup 3853M->3853M(14336M), 0.0107118 secs]
 [Times: user=0.03 sys=0.00, real=0.01 secs] 
2022-09-13T23:33:25.576-0600: 347634.094: [GC pause (G1 Evacuation Pause) (young), 0.0168731 secs]
   [Parallel Time: 7.2 ms, GC Workers: 8]
      [GC Worker Start (ms): Min: 347634094.2, Avg: 347634095.8, Max: 347634098.4, Diff: 4.2]
      [Ext Root Scanning (ms): Min: 0.0, Avg: 0.9, Max: 3.1, Diff: 3.1, Sum: 6.9]
      [Update RS (ms): Min: 0.0, Avg: 2.1, Max: 5.9, Diff: 5.9, Sum: 16.6]
         [Processed Buffers: Min: 1, Avg: 8.6, Max: 17, Diff: 16, Sum: 69]
      [Scan RS (ms): Min: 0.0, Avg: 0.0, Max: 0.1, Diff: 0.0, Sum: 0.2]
      [Code Root Scanning (ms): Min: 0.0, Avg: 0.0, Max: 0.0, Diff: 0.0, Sum: 0.0]
      [Object Copy (ms): Min: 0.1, Avg: 2.0, Max: 2.4, Diff: 2.3, Sum: 15.8]
      [Termination (ms): Min: 0.0, Avg: 0.5, Max: 0.6, Diff: 0.6, Sum: 4.4]
         [Termination Attempts: Min: 1, Avg: 14.0, Max: 21, Diff: 20, Sum: 112]
      [GC Worker Other (ms): Min: 0.0, Avg: 0.0, Max: 0.0, Diff: 0.0, Sum: 0.1]
      [GC Worker Total (ms): Min: 2.9, Avg: 5.5, Max: 7.2, Diff: 4.2, Sum: 44.1]
      [GC Worker End (ms): Min: 347634101.3, Avg: 347634101.3, Max: 347634101.3, Diff: 0.0]
   [Code Root Fixup: 0.0 ms]
   [Code Root Purge: 0.0 ms]
   [Clear CT: 0.5 ms]
   [Other: 9.1 ms]
      [Choose CSet: 0.0 ms]
      [Ref Proc: 8.7 ms]
      [Ref Enq: 0.1 ms]
      [Redirty Cards: 0.1 ms]
      [Humongous Register: 0.0 ms]
      [Humongous Reclaim: 0.0 ms]
      [Free CSet: 0.1 ms]
   [Eden: 7152.0M(7152.0M)->0.0B(5712.0M) Survivors: 16384.0K->16384.0K Heap: 10852.9M(14336.0M)->3701.4M(14336.0M)]
 [Times: user=0.08 sys=0.00, real=0.02 secs] 
2022-09-13T23:34:39.173-0600: 347707.690: [GC pause (G1 Evacuation Pause) (mixed), 0.0321109 secs]
   [Parallel Time: 10.9 ms, GC Workers: 8]
      [GC Worker Start (ms): Min: 347707690.5, Avg: 347707694.1, Max: 347707701.2, Diff: 10.7]
      [Ext Root Scanning (ms): Min: 0.0, Avg: 0.9, Max: 3.5, Diff: 3.5, Sum: 7.4]
      [Update RS (ms): Min: 0.0, Avg: 1.9, Max: 3.3, Diff: 3.3, Sum: 15.2]
         [Processed Buffers: Min: 0, Avg: 8.8, Max: 18, Diff: 18, Sum: 70]
      [Scan RS (ms): Min: 0.0, Avg: 0.5, Max: 0.8, Diff: 0.8, Sum: 4.3]
      [Code Root Scanning (ms): Min: 0.0, Avg: 0.0, Max: 0.0, Diff: 0.0, Sum: 0.0]
      [Object Copy (ms): Min: 0.0, Avg: 3.3, Max: 4.5, Diff: 4.5, Sum: 26.5]
      [Termination (ms): Min: 0.0, Avg: 0.5, Max: 0.7, Diff: 0.7, Sum: 3.9]
         [Termination Attempts: Min: 1, Avg: 45.2, Max: 87, Diff: 86, Sum: 362]
      [GC Worker Other (ms): Min: 0.0, Avg: 0.0, Max: 0.0, Diff: 0.0, Sum: 0.1]
      [GC Worker Total (ms): Min: 0.0, Avg: 7.2, Max: 10.8, Diff: 10.8, Sum: 57.3]
      [GC Worker End (ms): Min: 347707701.2, Avg: 347707701.2, Max: 347707701.3, Diff: 0.0]
   [Code Root Fixup: 0.0 ms]
   [Code Root Purge: 0.0 ms]
   [Clear CT: 0.9 ms]
   [Other: 20.4 ms]
      [Choose CSet: 0.0 ms]
      [Ref Proc: 19.9 ms]
      [Ref Enq: 0.1 ms]
      [Redirty Cards: 0.1 ms]
      [Humongous Register: 0.0 ms]
      [Humongous Reclaim: 0.0 ms]
      [Free CSet: 0.1 ms]
   [Eden: 5712.0M(5712.0M)->0.0B(7152.0M) Survivors: 16384.0K->16384.0K Heap: 9413.4M(14336.0M)->3692.7M(14336.0M)]
 [Times: user=0.12 sys=0.00, real=0.03 secs] 
2022-09-13T23:36:11.881-0600: 347800.398: [GC pause (G1 Evacuation Pause) (young), 0.0369018 secs]
   [Parallel Time: 11.7 ms, GC Workers: 8]
      [GC Worker Start (ms): Min: 347800398.3, Avg: 347800404.2, Max: 347800410.0, Diff: 11.6]
      [Ext Root Scanning (ms): Min: 0.0, Avg: 0.7, Max: 3.1, Diff: 3.1, Sum: 5.8]
      [Update RS (ms): Min: 0.0, Avg: 2.6, Max: 5.7, Diff: 5.7, Sum: 20.9]
         [Processed Buffers: Min: 0, Avg: 16.0, Max: 32, Diff: 32, Sum: 128]
      [Scan RS (ms): Min: 0.0, Avg: 0.0, Max: 0.1, Diff: 0.1, Sum: 0.3]
      [Code Root Scanning (ms): Min: 0.0, Avg: 0.0, Max: 0.0, Diff: 0.0, Sum: 0.0]
      [Object Copy (ms): Min: 0.0, Avg: 1.4, Max: 2.2, Diff: 2.2, Sum: 11.6]
      [Termination (ms): Min: 0.0, Avg: 1.0, Max: 1.3, Diff: 1.3, Sum: 8.0]
         [Termination Attempts: Min: 1, Avg: 18.1, Max: 35, Diff: 34, Sum: 145]
      [GC Worker Other (ms): Min: 0.0, Avg: 0.0, Max: 0.0, Diff: 0.0, Sum: 0.1]
      [GC Worker Total (ms): Min: 0.0, Avg: 5.8, Max: 11.7, Diff: 11.7, Sum: 46.7]
      [GC Worker End (ms): Min: 347800410.0, Avg: 347800410.0, Max: 347800410.0, Diff: 0.0]
   [Code Root Fixup: 0.0 ms]
   [Code Root Purge: 0.0 ms]
   [Clear CT: 0.9 ms]
   [Other: 24.3 ms]
      [Choose CSet: 0.0 ms]
      [Ref Proc: 23.9 ms]
      [Ref Enq: 0.1 ms]
      [Redirty Cards: 0.1 ms]
      [Humongous Register: 0.0 ms]
      [Humongous Reclaim: 0.0 ms]
      [Free CSet: 0.1 ms]
   [Eden: 7152.0M(7152.0M)->0.0B(7152.0M) Survivors: 16384.0K->16384.0K Heap: 10844.7M(14336.0M)->3696.5M(14336.0M)]
 [Times: user=0.13 sys=0.00, real=0.04 secs] 
2022-09-13T23:37:54.927-0600: 347903.445: [GC pause (G1 Evacuation Pause) (young) (initial-mark), 0.0414155 secs]
   [Parallel Time: 16.4 ms, GC Workers: 8]
      [GC Worker Start (ms): Min: 347903446.0, Avg: 347903448.6, Max: 347903449.4, Diff: 3.4]
      [Ext Root Scanning (ms): Min: 1.3, Avg: 7.1, Max: 9.8, Diff: 8.5, Sum: 57.1]
      [Update RS (ms): Min: 0.0, Avg: 1.6, Max: 7.3, Diff: 7.3, Sum: 12.8]
         [Processed Buffers: Min: 0, Avg: 7.5, Max: 25, Diff: 25, Sum: 60]
      [Scan RS (ms): Min: 0.0, Avg: 0.0, Max: 0.1, Diff: 0.1, Sum: 0.2]
      [Code Root Scanning (ms): Min: 0.0, Avg: 0.0, Max: 0.0, Diff: 0.0, Sum: 0.0]
      [Object Copy (ms): Min: 0.6, Avg: 2.8, Max: 5.4, Diff: 4.8, Sum: 22.7]
      [Termination (ms): Min: 0.0, Avg: 0.8, Max: 1.2, Diff: 1.2, Sum: 6.5]
         [Termination Attempts: Min: 1, Avg: 1.0, Max: 1, Diff: 0, Sum: 8]
      [GC Worker Other (ms): Min: 0.0, Avg: 0.0, Max: 0.0, Diff: 0.0, Sum: 0.0]
      [GC Worker Total (ms): Min: 11.6, Avg: 12.4, Max: 15.0, Diff: 3.4, Sum: 99.4]
      [GC Worker End (ms): Min: 347903461.0, Avg: 347903461.0, Max: 347903461.0, Diff: 0.0]
   [Code Root Fixup: 0.0 ms]
   [Code Root Purge: 0.0 ms]
   [Clear CT: 0.6 ms]
   [Other: 24.4 ms]
      [Choose CSet: 0.0 ms]
      [Ref Proc: 23.8 ms]
      [Ref Enq: 0.2 ms]
      [Redirty Cards: 0.1 ms]
      [Humongous Register: 0.0 ms]
      [Humongous Reclaim: 0.0 ms]
      [Free CSet: 0.1 ms]
   [Eden: 7152.0M(7152.0M)->0.0B(7152.0M) Survivors: 16384.0K->16384.0K Heap: 10848.5M(14336.0M)->3703.2M(14336.0M)]
 [Times: user=0.12 sys=0.00, real=0.04 secs] 
2022-09-13T23:37:54.968-0600: 347903.486: [GC concurrent-root-region-scan-start]
2022-09-13T23:37:54.975-0600: 347903.492: [GC concurrent-root-region-scan-end, 0.0062987 secs]
2022-09-13T23:37:54.975-0600: 347903.492: [GC concurrent-mark-start]
2022-09-13T23:37:56.286-0600: 347904.803: [GC concurrent-mark-end, 1.3108022 secs]
2022-09-13T23:37:56.286-0600: 347904.803: [GC remark 2022-09-13T23:37:56.286-0600: 347904.803: [Finalize Marking, 0.0030207 secs] 2022-09-13T23:37:56.289-0600: 347904.806: [GC ref-proc, 0.0369222 secs] 2022-09-13T23:37:56.326-0600: 347904.843: [Unloading, 0.0295945 secs], 0.0738875 secs]
 [Times: user=0.29 sys=0.00, real=0.07 secs] 
2022-09-13T23:37:56.360-0600: 347904.878: [GC cleanup 3831M->3831M(14336M), 0.0080212 secs]
 [Times: user=0.03 sys=0.00, real=0.01 secs] 
2022-09-13T23:39:24.130-0600: 347992.648: [GC pause (G1 Evacuation Pause) (young), 0.0263951 secs]
   [Parallel Time: 8.2 ms, GC Workers: 8]
      [GC Worker Start (ms): Min: 347992648.0, Avg: 347992649.3, Max: 347992654.3, Diff: 6.3]
      [Ext Root Scanning (ms): Min: 0.0, Avg: 0.8, Max: 3.2, Diff: 3.2, Sum: 6.7]
      [Update RS (ms): Min: 0.0, Avg: 2.7, Max: 3.8, Diff: 3.8, Sum: 21.7]
         [Processed Buffers: Min: 0, Avg: 12.4, Max: 22, Diff: 22, Sum: 99]
      [Scan RS (ms): Min: 0.0, Avg: 0.0, Max: 0.1, Diff: 0.1, Sum: 0.3]
      [Code Root Scanning (ms): Min: 0.0, Avg: 0.0, Max: 0.0, Diff: 0.0, Sum: 0.0]
      [Object Copy (ms): Min: 1.6, Avg: 3.1, Max: 4.5, Diff: 2.9, Sum: 24.5]
      [Termination (ms): Min: 0.0, Avg: 0.0, Max: 0.0, Diff: 0.0, Sum: 0.0]
         [Termination Attempts: Min: 1, Avg: 5.1, Max: 9, Diff: 8, Sum: 41]
      [GC Worker Other (ms): Min: 0.0, Avg: 0.0, Max: 0.1, Diff: 0.1, Sum: 0.2]
      [GC Worker Total (ms): Min: 1.6, Avg: 6.7, Max: 8.0, Diff: 6.3, Sum: 53.3]
      [GC Worker End (ms): Min: 347992655.9, Avg: 347992656.0, Max: 347992656.0, Diff: 0.1]
   [Code Root Fixup: 0.0 ms]
   [Code Root Purge: 0.0 ms]
   [Clear CT: 0.9 ms]
   [Other: 17.4 ms]
      [Choose CSet: 0.0 ms]
      [Ref Proc: 16.9 ms]
      [Ref Enq: 0.1 ms]
      [Redirty Cards: 0.1 ms]
      [Humongous Register: 0.0 ms]
      [Humongous Reclaim: 0.0 ms]
      [Free CSet: 0.1 ms]
   [Eden: 7152.0M(7152.0M)->0.0B(5712.0M) Survivors: 16384.0K->16384.0K Heap: 10855.2M(14336.0M)->3705.8M(14336.0M)]
 [Times: user=0.10 sys=0.00, real=0.03 secs] 
2022-09-13T23:40:38.831-0600: 348067.349: [GC pause (G1 Evacuation Pause) (mixed), 0.0210411 secs]
   [Parallel Time: 9.5 ms, GC Workers: 8]
      [GC Worker Start (ms): Min: 348067349.2, Avg: 348067351.0, Max: 348067354.8, Diff: 5.6]
      [Ext Root Scanning (ms): Min: 0.0, Avg: 0.9, Max: 3.3, Diff: 3.3, Sum: 7.4]
      [Update RS (ms): Min: 0.0, Avg: 1.9, Max: 3.5, Diff: 3.5, Sum: 15.5]
         [Processed Buffers: Min: 0, Avg: 8.8, Max: 18, Diff: 18, Sum: 70]
      [Scan RS (ms): Min: 0.0, Avg: 0.6, Max: 0.9, Diff: 0.9, Sum: 4.5]
      [Code Root Scanning (ms): Min: 0.0, Avg: 0.0, Max: 0.0, Diff: 0.0, Sum: 0.0]
      [Object Copy (ms): Min: 3.7, Avg: 4.1, Max: 4.3, Diff: 0.7, Sum: 32.5]
      [Termination (ms): Min: 0.0, Avg: 0.0, Max: 0.0, Diff: 0.0, Sum: 0.1]
         [Termination Attempts: Min: 1, Avg: 29.2, Max: 45, Diff: 44, Sum: 234]
      [GC Worker Other (ms): Min: 0.0, Avg: 0.0, Max: 0.1, Diff: 0.0, Sum: 0.2]
      [GC Worker Total (ms): Min: 3.7, Avg: 7.5, Max: 9.4, Diff: 5.7, Sum: 60.2]
      [GC Worker End (ms): Min: 348067358.5, Avg: 348067358.6, Max: 348067358.6, Diff: 0.0]
   [Code Root Fixup: 0.0 ms]
   [Code Root Purge: 0.0 ms]
   [Clear CT: 0.6 ms]
   [Other: 10.9 ms]
      [Choose CSet: 0.0 ms]
      [Ref Proc: 10.4 ms]
      [Ref Enq: 0.1 ms]
      [Redirty Cards: 0.1 ms]
      [Humongous Register: 0.0 ms]
      [Humongous Reclaim: 0.0 ms]
      [Free CSet: 0.1 ms]
   [Eden: 5712.0M(5712.0M)->0.0B(7152.0M) Survivors: 16384.0K->16384.0K Heap: 9417.8M(14336.0M)->3701.4M(14336.0M)]
 [Times: user=0.09 sys=0.00, real=0.02 secs] 
2022-09-13T23:42:09.683-0600: 348158.200: [GC pause (G1 Evacuation Pause) (young), 0.0326206 secs]
   [Parallel Time: 8.7 ms, GC Workers: 8]
      [GC Worker Start (ms): Min: 348158200.3, Avg: 348158202.9, Max: 348158208.9, Diff: 8.6]
      [Ext Root Scanning (ms): Min: 0.0, Avg: 0.8, Max: 3.2, Diff: 3.2, Sum: 6.7]
      [Update RS (ms): Min: 0.0, Avg: 3.2, Max: 4.7, Diff: 4.7, Sum: 25.7]
         [Processed Buffers: Min: 0, Avg: 17.0, Max: 33, Diff: 33, Sum: 136]
      [Scan RS (ms): Min: 0.0, Avg: 0.0, Max: 0.1, Diff: 0.1, Sum: 0.3]
      [Code Root Scanning (ms): Min: 0.0, Avg: 0.0, Max: 0.0, Diff: 0.0, Sum: 0.0]
      [Object Copy (ms): Min: 0.0, Avg: 1.4, Max: 1.9, Diff: 1.9, Sum: 11.1]
      [Termination (ms): Min: 0.0, Avg: 0.5, Max: 0.6, Diff: 0.6, Sum: 3.8]
         [Termination Attempts: Min: 1, Avg: 1.6, Max: 3, Diff: 2, Sum: 13]
      [GC Worker Other (ms): Min: 0.0, Avg: 0.0, Max: 0.0, Diff: 0.0, Sum: 0.1]
      [GC Worker Total (ms): Min: 0.0, Avg: 5.9, Max: 8.6, Diff: 8.6, Sum: 47.6]
      [GC Worker End (ms): Min: 348158208.9, Avg: 348158208.9, Max: 348158208.9, Diff: 0.0]
   [Code Root Fixup: 0.0 ms]
   [Code Root Purge: 0.0 ms]
   [Clear CT: 0.8 ms]
   [Other: 23.1 ms]
      [Choose CSet: 0.0 ms]
      [Ref Proc: 22.7 ms]
      [Ref Enq: 0.1 ms]
      [Redirty Cards: 0.1 ms]
      [Humongous Register: 0.0 ms]
      [Humongous Reclaim: 0.0 ms]
      [Free CSet: 0.1 ms]
   [Eden: 7152.0M(7152.0M)->0.0B(7152.0M) Survivors: 16384.0K->16384.0K Heap: 10853.4M(14336.0M)->3700.0M(14336.0M)]
 [Times: user=0.12 sys=0.00, real=0.03 secs] 
2022-09-13T23:43:43.424-0600: 348251.942: [GC pause (G1 Evacuation Pause) (young) (initial-mark), 0.0639741 secs]
   [Parallel Time: 36.4 ms, GC Workers: 8]
      [GC Worker Start (ms): Min: 348251943.3, Avg: 348251949.9, Max: 348251952.1, Diff: 8.8]
      [Ext Root Scanning (ms): Min: 2.0, Avg: 11.5, Max: 18.6, Diff: 16.6, Sum: 91.7]
      [Update RS (ms): Min: 0.0, Avg: 1.4, Max: 4.4, Diff: 4.4, Sum: 11.2]
         [Processed Buffers: Min: 0, Avg: 8.2, Max: 27, Diff: 27, Sum: 66]
      [Scan RS (ms): Min: 0.0, Avg: 0.5, Max: 4.1, Diff: 4.1, Sum: 4.2]
      [Code Root Scanning (ms): Min: 0.0, Avg: 0.0, Max: 0.0, Diff: 0.0, Sum: 0.0]
      [Object Copy (ms): Min: 0.0, Avg: 1.4, Max: 3.6, Diff: 3.6, Sum: 10.9]
      [Termination (ms): Min: 0.0, Avg: 6.9, Max: 14.7, Diff: 14.7, Sum: 55.3]
         [Termination Attempts: Min: 1, Avg: 9.1, Max: 21, Diff: 20, Sum: 73]
      [GC Worker Other (ms): Min: 0.0, Avg: 0.0, Max: 0.0, Diff: 0.0, Sum: 0.1]
      [GC Worker Total (ms): Min: 18.6, Avg: 21.7, Max: 27.5, Diff: 8.9, Sum: 173.3]
      [GC Worker End (ms): Min: 348251970.7, Avg: 348251971.5, Max: 348251977.0, Diff: 6.4]
   [Code Root Fixup: 0.0 ms]
   [Code Root Purge: 0.0 ms]
   [Clear CT: 0.8 ms]
   [Other: 26.7 ms]
      [Choose CSet: 0.0 ms]
      [Ref Proc: 26.3 ms]
      [Ref Enq: 0.1 ms]
      [Redirty Cards: 0.1 ms]
      [Humongous Register: 0.0 ms]
      [Humongous Reclaim: 0.0 ms]
      [Free CSet: 0.1 ms]
   [Eden: 7152.0M(7152.0M)->0.0B(7152.0M) Survivors: 16384.0K->16384.0K Heap: 10852.0M(14336.0M)->3700.5M(14336.0M)]
 [Times: user=0.20 sys=0.00, real=0.06 secs] 
2022-09-13T23:43:43.488-0600: 348252.006: [GC concurrent-root-region-scan-start]
2022-09-13T23:43:43.495-0600: 348252.013: [GC concurrent-root-region-scan-end, 0.0068560 secs]
2022-09-13T23:43:43.495-0600: 348252.013: [GC concurrent-mark-start]
2022-09-13T23:43:44.821-0600: 348253.339: [GC concurrent-mark-end, 1.3258807 secs]
2022-09-13T23:43:44.821-0600: 348253.339: [GC remark 2022-09-13T23:43:44.821-0600: 348253.339: [Finalize Marking, 0.0026141 secs] 2022-09-13T23:43:44.824-0600: 348253.342: [GC ref-proc, 0.0253731 secs] 2022-09-13T23:43:44.849-0600: 348253.367: [Unloading, 0.0260510 secs], 0.0598305 secs]
 [Times: user=0.26 sys=0.00, real=0.06 secs] 
2022-09-13T23:43:44.881-0600: 348253.399: [GC cleanup 3852M->3852M(14336M), 0.0103535 secs]
 [Times: user=0.02 sys=0.00, real=0.00 secs] 
2022-09-13T23:45:18.974-0600: 348347.492: [GC pause (G1 Evacuation Pause) (young), 0.0275259 secs]
   [Parallel Time: 10.5 ms, GC Workers: 8]
      [GC Worker Start (ms): Min: 348347491.9, Avg: 348347496.2, Max: 348347501.1, Diff: 9.2]
      [Ext Root Scanning (ms): Min: 0.0, Avg: 0.8, Max: 3.2, Diff: 3.2, Sum: 6.7]
      [Update RS (ms): Min: 0.0, Avg: 1.9, Max: 6.1, Diff: 6.1, Sum: 15.2]
         [Processed Buffers: Min: 0, Avg: 7.2, Max: 25, Diff: 25, Sum: 58]
      [Scan RS (ms): Min: 0.0, Avg: 0.0, Max: 0.1, Diff: 0.1, Sum: 0.2]
      [Code Root Scanning (ms): Min: 0.0, Avg: 0.0, Max: 0.0, Diff: 0.0, Sum: 0.0]
      [Object Copy (ms): Min: 0.0, Avg: 1.9, Max: 4.1, Diff: 4.1, Sum: 15.6]
      [Termination (ms): Min: 0.0, Avg: 1.4, Max: 1.8, Diff: 1.8, Sum: 11.2]
         [Termination Attempts: Min: 1, Avg: 20.1, Max: 37, Diff: 36, Sum: 161]
      [GC Worker Other (ms): Min: 0.0, Avg: 0.0, Max: 0.0, Diff: 0.0, Sum: 0.0]
      [GC Worker Total (ms): Min: 1.2, Avg: 6.1, Max: 10.5, Diff: 9.3, Sum: 48.9]
      [GC Worker End (ms): Min: 348347502.3, Avg: 348347502.4, Max: 348347502.4, Diff: 0.1]
   [Code Root Fixup: 0.0 ms]
   [Code Root Purge: 0.0 ms]
   [Clear CT: 0.6 ms]
   [Other: 16.3 ms]
      [Choose CSet: 0.0 ms]
      [Ref Proc: 15.9 ms]
      [Ref Enq: 0.1 ms]
      [Redirty Cards: 0.1 ms]
      [Humongous Register: 0.0 ms]
      [Humongous Reclaim: 0.0 ms]
      [Free CSet: 0.1 ms]
   [Eden: 7152.0M(7152.0M)->0.0B(5712.0M) Survivors: 16384.0K->16384.0K Heap: 10852.5M(14336.0M)->3702.1M(14336.0M)]
 [Times: user=0.10 sys=0.00, real=0.03 secs] 
2022-09-13T23:46:31.274-0600: 348419.792: [GC pause (G1 Evacuation Pause) (mixed), 0.0355942 secs]
   [Parallel Time: 10.3 ms, GC Workers: 8]
      [GC Worker Start (ms): Min: 348419791.8, Avg: 348419794.7, Max: 348419801.9, Diff: 10.2]
      [Ext Root Scanning (ms): Min: 0.0, Avg: 0.8, Max: 3.1, Diff: 3.1, Sum: 6.5]
      [Update RS (ms): Min: 0.0, Avg: 1.5, Max: 2.0, Diff: 2.0, Sum: 11.8]
         [Processed Buffers: Min: 0, Avg: 8.0, Max: 15, Diff: 15, Sum: 64]
      [Scan RS (ms): Min: 0.0, Avg: 0.9, Max: 1.1, Diff: 1.1, Sum: 7.2]
      [Code Root Scanning (ms): Min: 0.0, Avg: 0.0, Max: 0.0, Diff: 0.0, Sum: 0.0]
      [Object Copy (ms): Min: 0.0, Avg: 3.5, Max: 4.2, Diff: 4.2, Sum: 28.2]
      [Termination (ms): Min: 0.0, Avg: 0.6, Max: 0.7, Diff: 0.7, Sum: 4.6]
         [Termination Attempts: Min: 1, Avg: 39.6, Max: 63, Diff: 62, Sum: 317]
      [GC Worker Other (ms): Min: 0.0, Avg: 0.0, Max: 0.0, Diff: 0.0, Sum: 0.0]
      [GC Worker Total (ms): Min: 0.0, Avg: 7.3, Max: 10.2, Diff: 10.2, Sum: 58.4]
      [GC Worker End (ms): Min: 348419802.0, Avg: 348419802.0, Max: 348419802.0, Diff: 0.0]
   [Code Root Fixup: 0.0 ms]
   [Code Root Purge: 0.0 ms]
   [Clear CT: 0.8 ms]
   [Other: 24.5 ms]
      [Choose CSet: 0.0 ms]
      [Ref Proc: 24.1 ms]
      [Ref Enq: 0.1 ms]
      [Redirty Cards: 0.1 ms]
      [Humongous Register: 0.0 ms]
      [Humongous Reclaim: 0.0 ms]
      [Free CSet: 0.1 ms]
   [Eden: 5712.0M(5712.0M)->0.0B(7152.0M) Survivors: 16384.0K->16384.0K Heap: 9414.1M(14336.0M)->3695.8M(14336.0M)]
 [Times: user=0.13 sys=0.00, real=0.03 secs] 
2022-09-13T23:48:06.727-0600: 348515.245: [GC pause (G1 Evacuation Pause) (young), 0.0312039 secs]
   [Parallel Time: 11.5 ms, GC Workers: 8]
      [GC Worker Start (ms): Min: 348515244.6, Avg: 348515247.4, Max: 348515250.7, Diff: 6.1]
      [Ext Root Scanning (ms): Min: 0.0, Avg: 0.8, Max: 3.0, Diff: 3.0, Sum: 6.4]
      [Update RS (ms): Min: 1.3, Avg: 5.3, Max: 9.4, Diff: 8.0, Sum: 42.4]
         [Processed Buffers: Min: 8, Avg: 16.2, Max: 31, Diff: 23, Sum: 130]
      [Scan RS (ms): Min: 0.0, Avg: 0.0, Max: 0.1, Diff: 0.1, Sum: 0.2]
      [Code Root Scanning (ms): Min: 0.0, Avg: 0.0, Max: 0.0, Diff: 0.0, Sum: 0.0]
      [Object Copy (ms): Min: 0.1, Avg: 1.9, Max: 3.3, Diff: 3.2, Sum: 15.4]
      [Termination (ms): Min: 0.0, Avg: 0.6, Max: 0.9, Diff: 0.9, Sum: 4.6]
         [Termination Attempts: Min: 1, Avg: 12.9, Max: 28, Diff: 27, Sum: 103]
      [GC Worker Other (ms): Min: 0.0, Avg: 0.0, Max: 0.0, Diff: 0.0, Sum: 0.1]
      [GC Worker Total (ms): Min: 5.3, Avg: 8.6, Max: 11.5, Diff: 6.1, Sum: 69.0]
      [GC Worker End (ms): Min: 348515256.0, Avg: 348515256.0, Max: 348515256.1, Diff: 0.0]
   [Code Root Fixup: 0.0 ms]
   [Code Root Purge: 0.0 ms]
   [Clear CT: 1.0 ms]
   [Other: 18.7 ms]
      [Choose CSet: 0.0 ms]
      [Ref Proc: 18.3 ms]
      [Ref Enq: 0.1 ms]
      [Redirty Cards: 0.1 ms]
      [Humongous Register: 0.0 ms]
      [Humongous Reclaim: 0.0 ms]
      [Free CSet: 0.1 ms]
   [Eden: 7152.0M(7152.0M)->0.0B(7152.0M) Survivors: 16384.0K->16384.0K Heap: 10847.8M(14336.0M)->3701.3M(14336.0M)]
 [Times: user=0.11 sys=0.00, real=0.03 secs] 
2022-09-13T23:49:40.178-0600: 348608.695: [GC pause (G1 Evacuation Pause) (young) (initial-mark), 0.0380879 secs]
   [Parallel Time: 15.4 ms, GC Workers: 8]
      [GC Worker Start (ms): Min: 348608696.6, Avg: 348608698.2, Max: 348608699.2, Diff: 2.6]
      [Ext Root Scanning (ms): Min: 2.2, Avg: 7.5, Max: 11.7, Diff: 9.5, Sum: 60.1]
      [Update RS (ms): Min: 0.0, Avg: 1.9, Max: 4.5, Diff: 4.5, Sum: 15.5]
         [Processed Buffers: Min: 0, Avg: 9.4, Max: 25, Diff: 25, Sum: 75]
      [Scan RS (ms): Min: 0.0, Avg: 0.0, Max: 0.1, Diff: 0.1, Sum: 0.3]
      [Code Root Scanning (ms): Min: 0.0, Avg: 0.0, Max: 0.0, Diff: 0.0, Sum: 0.0]
      [Object Copy (ms): Min: 0.0, Avg: 2.1, Max: 4.4, Diff: 4.4, Sum: 16.4]
      [Termination (ms): Min: 0.0, Avg: 1.0, Max: 1.5, Diff: 1.5, Sum: 7.7]
         [Termination Attempts: Min: 1, Avg: 9.1, Max: 17, Diff: 16, Sum: 73]
      [GC Worker Other (ms): Min: 0.0, Avg: 0.0, Max: 0.0, Diff: 0.0, Sum: 0.1]
      [GC Worker Total (ms): Min: 11.4, Avg: 12.5, Max: 14.1, Diff: 2.7, Sum: 100.1]
      [GC Worker End (ms): Min: 348608710.6, Avg: 348608710.7, Max: 348608710.7, Diff: 0.1]
   [Code Root Fixup: 0.0 ms]
   [Code Root Purge: 0.0 ms]
   [Clear CT: 0.7 ms]
   [Other: 22.0 ms]
      [Choose CSet: 0.0 ms]
      [Ref Proc: 21.6 ms]
      [Ref Enq: 0.1 ms]
      [Redirty Cards: 0.1 ms]
      [Humongous Register: 0.0 ms]
      [Humongous Reclaim: 0.0 ms]
      [Free CSet: 0.1 ms]
   [Eden: 7152.0M(7152.0M)->0.0B(7152.0M) Survivors: 16384.0K->16384.0K Heap: 10853.3M(14336.0M)->3703.8M(14336.0M)]
 [Times: user=0.13 sys=0.00, real=0.04 secs] 
2022-09-13T23:49:40.216-0600: 348608.733: [GC concurrent-root-region-scan-start]
2022-09-13T23:49:40.223-0600: 348608.741: [GC concurrent-root-region-scan-end, 0.0076456 secs]
2022-09-13T23:49:40.223-0600: 348608.741: [GC concurrent-mark-start]
2022-09-13T23:49:41.569-0600: 348610.087: [GC concurrent-mark-end, 1.3457418 secs]
2022-09-13T23:49:41.569-0600: 348610.087: [GC remark 2022-09-13T23:49:41.569-0600: 348610.087: [Finalize Marking, 0.0013600 secs] 2022-09-13T23:49:41.571-0600: 348610.088: [GC ref-proc, 0.0218760 secs] 2022-09-13T23:49:41.593-0600: 348610.110: [Unloading, 0.0275501 secs], 0.0587070 secs]
 [Times: user=0.24 sys=0.00, real=0.06 secs] 
2022-09-13T23:49:41.628-0600: 348610.146: [GC cleanup 3839M->3839M(14336M), 0.0093285 secs]
 [Times: user=0.03 sys=0.00, real=0.01 secs] 
2022-09-13T23:51:12.030-0600: 348700.548: [GC pause (G1 Evacuation Pause) (young), 0.0289272 secs]
   [Parallel Time: 9.3 ms, GC Workers: 8]
      [GC Worker Start (ms): Min: 348700548.0, Avg: 348700551.7, Max: 348700554.4, Diff: 6.4]
      [Ext Root Scanning (ms): Min: 0.0, Avg: 0.8, Max: 2.9, Diff: 2.9, Sum: 6.0]
      [Update RS (ms): Min: 0.0, Avg: 1.3, Max: 2.8, Diff: 2.8, Sum: 10.6]
         [Processed Buffers: Min: 0, Avg: 7.4, Max: 26, Diff: 26, Sum: 59]
      [Scan RS (ms): Min: 0.0, Avg: 0.0, Max: 0.1, Diff: 0.1, Sum: 0.2]
      [Code Root Scanning (ms): Min: 0.0, Avg: 0.0, Max: 0.0, Diff: 0.0, Sum: 0.0]
      [Object Copy (ms): Min: 1.6, Avg: 2.3, Max: 3.8, Diff: 2.3, Sum: 18.5]
      [Termination (ms): Min: 0.0, Avg: 0.9, Max: 1.2, Diff: 1.2, Sum: 7.5]
         [Termination Attempts: Min: 1, Avg: 5.2, Max: 9, Diff: 8, Sum: 42]
      [GC Worker Other (ms): Min: 0.0, Avg: 0.0, Max: 0.0, Diff: 0.0, Sum: 0.1]
      [GC Worker Total (ms): Min: 2.7, Avg: 5.4, Max: 9.1, Diff: 6.4, Sum: 43.0]
      [GC Worker End (ms): Min: 348700557.1, Avg: 348700557.1, Max: 348700557.1, Diff: 0.0]
   [Code Root Fixup: 0.0 ms]
   [Code Root Purge: 0.0 ms]
   [Clear CT: 0.5 ms]
   [Other: 19.1 ms]
      [Choose CSet: 0.0 ms]
      [Ref Proc: 18.7 ms]
      [Ref Enq: 0.1 ms]
      [Redirty Cards: 0.1 ms]
      [Humongous Register: 0.0 ms]
      [Humongous Reclaim: 0.0 ms]
      [Free CSet: 0.1 ms]
   [Eden: 7152.0M(7152.0M)->0.0B(5712.0M) Survivors: 16384.0K->16384.0K Heap: 10855.8M(14336.0M)->3707.5M(14336.0M)]
 [Times: user=0.10 sys=0.00, real=0.03 secs] 
2022-09-13T23:52:26.271-0600: 348774.788: [GC pause (G1 Evacuation Pause) (mixed), 0.0347719 secs]
   [Parallel Time: 11.3 ms, GC Workers: 8]
      [GC Worker Start (ms): Min: 348774788.3, Avg: 348774792.7, Max: 348774798.9, Diff: 10.6]
      [Ext Root Scanning (ms): Min: 0.0, Avg: 0.8, Max: 3.2, Diff: 3.1, Sum: 6.3]
      [Update RS (ms): Min: 0.0, Avg: 1.5, Max: 3.5, Diff: 3.5, Sum: 12.2]
         [Processed Buffers: Min: 0, Avg: 7.9, Max: 25, Diff: 25, Sum: 63]
      [Scan RS (ms): Min: 0.0, Avg: 0.8, Max: 1.4, Diff: 1.4, Sum: 6.8]
      [Code Root Scanning (ms): Min: 0.0, Avg: 0.0, Max: 0.0, Diff: 0.0, Sum: 0.0]
      [Object Copy (ms): Min: 0.6, Avg: 3.6, Max: 4.6, Diff: 4.1, Sum: 28.8]
      [Termination (ms): Min: 0.0, Avg: 0.0, Max: 0.0, Diff: 0.0, Sum: 0.1]
         [Termination Attempts: Min: 1, Avg: 32.9, Max: 53, Diff: 52, Sum: 263]
      [GC Worker Other (ms): Min: 0.0, Avg: 0.0, Max: 0.1, Diff: 0.0, Sum: 0.2]
      [GC Worker Total (ms): Min: 0.6, Avg: 6.8, Max: 11.2, Diff: 10.6, Sum: 54.4]
      [GC Worker End (ms): Min: 348774799.5, Avg: 348774799.5, Max: 348774799.6, Diff: 0.0]
   [Code Root Fixup: 0.0 ms]
   [Code Root Purge: 0.0 ms]
   [Clear CT: 0.8 ms]
   [Other: 22.7 ms]
      [Choose CSet: 0.0 ms]
      [Ref Proc: 22.3 ms]
      [Ref Enq: 0.1 ms]
      [Redirty Cards: 0.1 ms]
      [Humongous Register: 0.0 ms]
      [Humongous Reclaim: 0.0 ms]
      [Free CSet: 0.1 ms]
   [Eden: 5712.0M(5712.0M)->0.0B(7152.0M) Survivors: 16384.0K->16384.0K Heap: 9419.5M(14336.0M)->3699.7M(14336.0M)]
 [Times: user=0.14 sys=0.00, real=0.04 secs] 
2022-09-13T23:53:59.881-0600: 348868.398: [GC pause (G1 Evacuation Pause) (young), 0.0364296 secs]
   [Parallel Time: 12.1 ms, GC Workers: 8]
      [GC Worker Start (ms): Min: 348868398.5, Avg: 348868403.5, Max: 348868410.3, Diff: 11.9]
      [Ext Root Scanning (ms): Min: 0.0, Avg: 0.8, Max: 3.0, Diff: 3.0, Sum: 6.3]
      [Update RS (ms): Min: 0.0, Avg: 4.1, Max: 9.0, Diff: 9.0, Sum: 32.8]
         [Processed Buffers: Min: 0, Avg: 19.1, Max: 37, Diff: 37, Sum: 153]
      [Scan RS (ms): Min: 0.0, Avg: 0.0, Max: 0.1, Diff: 0.1, Sum: 0.2]
      [Code Root Scanning (ms): Min: 0.0, Avg: 0.0, Max: 0.0, Diff: 0.0, Sum: 0.0]
      [Object Copy (ms): Min: 0.0, Avg: 1.6, Max: 2.2, Diff: 2.2, Sum: 12.6]
      [Termination (ms): Min: 0.0, Avg: 0.6, Max: 0.8, Diff: 0.8, Sum: 4.5]
         [Termination Attempts: Min: 1, Avg: 43.1, Max: 61, Diff: 60, Sum: 345]
      [GC Worker Other (ms): Min: 0.0, Avg: 0.0, Max: 0.0, Diff: 0.0, Sum: 0.1]
      [GC Worker Total (ms): Min: 0.2, Avg: 7.1, Max: 12.1, Diff: 11.9, Sum: 56.5]
      [GC Worker End (ms): Min: 348868410.5, Avg: 348868410.5, Max: 348868410.5, Diff: 0.0]
   [Code Root Fixup: 0.0 ms]
   [Code Root Purge: 0.0 ms]
   [Clear CT: 0.8 ms]
   [Other: 23.6 ms]
      [Choose CSet: 0.0 ms]
      [Ref Proc: 23.2 ms]
      [Ref Enq: 0.1 ms]
      [Redirty Cards: 0.1 ms]
      [Humongous Register: 0.0 ms]
      [Humongous Reclaim: 0.0 ms]
      [Free CSet: 0.1 ms]
   [Eden: 7152.0M(7152.0M)->0.0B(7152.0M) Survivors: 16384.0K->16384.0K Heap: 10851.7M(14336.0M)->3706.6M(14336.0M)]
 [Times: user=0.12 sys=0.00, real=0.03 secs] 
2022-09-13T23:55:27.780-0600: 348956.297: [GC pause (G1 Evacuation Pause) (young) (initial-mark), 0.0338733 secs]
   [Parallel Time: 15.0 ms, GC Workers: 8]
      [GC Worker Start (ms): Min: 348956298.6, Avg: 348956302.1, Max: 348956303.1, Diff: 4.5]
      [Ext Root Scanning (ms): Min: 1.8, Avg: 4.5, Max: 9.1, Diff: 7.3, Sum: 35.7]
      [Update RS (ms): Min: 0.0, Avg: 2.5, Max: 4.0, Diff: 4.0, Sum: 20.1]
         [Processed Buffers: Min: 0, Avg: 10.4, Max: 20, Diff: 20, Sum: 83]
      [Scan RS (ms): Min: 0.0, Avg: 0.0, Max: 0.1, Diff: 0.1, Sum: 0.3]
      [Code Root Scanning (ms): Min: 0.0, Avg: 0.0, Max: 0.0, Diff: 0.0, Sum: 0.0]
      [Object Copy (ms): Min: 0.0, Avg: 2.7, Max: 3.2, Diff: 3.2, Sum: 22.0]
      [Termination (ms): Min: 0.0, Avg: 0.3, Max: 0.4, Diff: 0.4, Sum: 2.6]
         [Termination Attempts: Min: 1, Avg: 4.4, Max: 7, Diff: 6, Sum: 35]
      [GC Worker Other (ms): Min: 0.0, Avg: 0.0, Max: 0.0, Diff: 0.0, Sum: 0.1]
      [GC Worker Total (ms): Min: 9.1, Avg: 10.1, Max: 13.7, Diff: 4.6, Sum: 80.9]
      [GC Worker End (ms): Min: 348956312.2, Avg: 348956312.2, Max: 348956312.3, Diff: 0.1]
   [Code Root Fixup: 0.0 ms]
   [Code Root Purge: 0.0 ms]
   [Clear CT: 0.8 ms]
   [Other: 18.0 ms]
      [Choose CSet: 0.0 ms]
      [Ref Proc: 17.5 ms]
      [Ref Enq: 0.1 ms]
      [Redirty Cards: 0.1 ms]
      [Humongous Register: 0.0 ms]
      [Humongous Reclaim: 0.0 ms]
      [Free CSet: 0.2 ms]
   [Eden: 7152.0M(7152.0M)->0.0B(7152.0M) Survivors: 16384.0K->16384.0K Heap: 10858.6M(14336.0M)->3711.3M(14336.0M)]
 [Times: user=0.12 sys=0.00, real=0.04 secs] 
2022-09-13T23:55:27.814-0600: 348956.331: [GC concurrent-root-region-scan-start]
2022-09-13T23:55:27.825-0600: 348956.343: [GC concurrent-root-region-scan-end, 0.0114629 secs]
2022-09-13T23:55:27.825-0600: 348956.343: [GC concurrent-mark-start]
2022-09-13T23:55:29.168-0600: 348957.686: [GC concurrent-mark-end, 1.3433243 secs]
2022-09-13T23:55:29.168-0600: 348957.686: [GC remark 2022-09-13T23:55:29.168-0600: 348957.686: [Finalize Marking, 0.0020977 secs] 2022-09-13T23:55:29.171-0600: 348957.688: [GC ref-proc, 0.0353227 secs] 2022-09-13T23:55:29.206-0600: 348957.724: [Unloading, 0.0259408 secs], 0.0675718 secs]
 [Times: user=0.32 sys=0.00, real=0.07 secs] 
2022-09-13T23:55:29.236-0600: 348957.754: [GC cleanup 3863M->3863M(14336M), 0.0090582 secs]
 [Times: user=0.03 sys=0.00, real=0.01 secs] 
2022-09-13T23:56:57.586-0600: 349046.103: [GC pause (G1 Evacuation Pause) (young), 0.0415435 secs]
   [Parallel Time: 23.1 ms, GC Workers: 8]
      [GC Worker Start (ms): Min: 349046103.3, Avg: 349046106.3, Max: 349046109.3, Diff: 5.9]
      [Ext Root Scanning (ms): Min: 0.0, Avg: 0.9, Max: 3.4, Diff: 3.4, Sum: 7.0]
      [Update RS (ms): Min: 0.0, Avg: 1.8, Max: 3.7, Diff: 3.7, Sum: 14.6]
         [Processed Buffers: Min: 0, Avg: 8.5, Max: 18, Diff: 18, Sum: 68]
      [Scan RS (ms): Min: 0.0, Avg: 0.0, Max: 0.1, Diff: 0.1, Sum: 0.2]
      [Code Root Scanning (ms): Min: 0.0, Avg: 0.0, Max: 0.0, Diff: 0.0, Sum: 0.0]
      [Object Copy (ms): Min: 2.9, Avg: 4.9, Max: 17.5, Diff: 14.6, Sum: 39.3]
      [Termination (ms): Min: 0.0, Avg: 12.3, Max: 14.1, Diff: 14.1, Sum: 98.4]
         [Termination Attempts: Min: 1, Avg: 17.4, Max: 31, Diff: 30, Sum: 139]
      [GC Worker Other (ms): Min: 0.0, Avg: 0.0, Max: 0.0, Diff: 0.0, Sum: 0.1]
      [GC Worker Total (ms): Min: 17.0, Avg: 20.0, Max: 22.9, Diff: 6.0, Sum: 159.6]
      [GC Worker End (ms): Min: 349046126.2, Avg: 349046126.3, Max: 349046126.3, Diff: 0.2]
   [Code Root Fixup: 0.0 ms]
   [Code Root Purge: 0.0 ms]
   [Clear CT: 0.6 ms]
   [Other: 17.8 ms]
      [Choose CSet: 0.0 ms]
      [Ref Proc: 17.4 ms]
      [Ref Enq: 0.1 ms]
      [Redirty Cards: 0.1 ms]
      [Humongous Register: 0.0 ms]
      [Humongous Reclaim: 0.0 ms]
      [Free CSet: 0.1 ms]
   [Eden: 7152.0M(7152.0M)->0.0B(5696.0M) Survivors: 16384.0K->32768.0K Heap: 10863.3M(14336.0M)->3721.3M(14336.0M)]
 [Times: user=0.20 sys=0.00, real=0.04 secs] 
2022-09-13T23:58:07.729-0600: 349116.247: [GC pause (G1 Evacuation Pause) (mixed), 0.0335039 secs]
   [Parallel Time: 12.7 ms, GC Workers: 8]
      [GC Worker Start (ms): Min: 349116246.9, Avg: 349116250.6, Max: 349116254.4, Diff: 7.5]
      [Ext Root Scanning (ms): Min: 0.0, Avg: 0.9, Max: 3.6, Diff: 3.6, Sum: 6.9]
      [Update RS (ms): Min: 0.0, Avg: 2.1, Max: 4.3, Diff: 4.3, Sum: 17.0]
         [Processed Buffers: Min: 0, Avg: 11.5, Max: 20, Diff: 20, Sum: 92]
      [Scan RS (ms): Min: 0.2, Avg: 2.0, Max: 6.2, Diff: 6.0, Sum: 16.0]
      [Code Root Scanning (ms): Min: 0.0, Avg: 0.0, Max: 0.0, Diff: 0.0, Sum: 0.0]
      [Object Copy (ms): Min: 0.0, Avg: 3.3, Max: 4.6, Diff: 4.6, Sum: 26.6]
      [Termination (ms): Min: 0.0, Avg: 0.5, Max: 0.6, Diff: 0.6, Sum: 4.3]
         [Termination Attempts: Min: 1, Avg: 39.4, Max: 54, Diff: 53, Sum: 315]
      [GC Worker Other (ms): Min: 0.0, Avg: 0.0, Max: 0.0, Diff: 0.0, Sum: 0.1]
      [GC Worker Total (ms): Min: 5.1, Avg: 8.9, Max: 12.5, Diff: 7.5, Sum: 71.0]
      [GC Worker End (ms): Min: 349116259.4, Avg: 349116259.4, Max: 349116259.4, Diff: 0.0]
   [Code Root Fixup: 0.0 ms]
   [Code Root Purge: 0.0 ms]
   [Clear CT: 0.8 ms]
   [Other: 20.0 ms]
      [Choose CSet: 0.0 ms]
      [Ref Proc: 19.5 ms]
      [Ref Enq: 0.1 ms]
      [Redirty Cards: 0.1 ms]
      [Humongous Register: 0.0 ms]
      [Humongous Reclaim: 0.0 ms]
      [Free CSet: 0.1 ms]
   [Eden: 5696.0M(5696.0M)->0.0B(7152.0M) Survivors: 32768.0K->16384.0K Heap: 9417.3M(14336.0M)->3705.4M(14336.0M)]
 [Times: user=0.13 sys=0.00, real=0.04 secs] 
2022-09-13T23:59:35.963-0600: 349204.480: [GC pause (G1 Evacuation Pause) (young), 0.0217381 secs]
   [Parallel Time: 7.1 ms, GC Workers: 8]
      [GC Worker Start (ms): Min: 349204480.6, Avg: 349204481.3, Max: 349204482.3, Diff: 1.8]
      [Ext Root Scanning (ms): Min: 0.0, Avg: 1.0, Max: 3.3, Diff: 3.3, Sum: 8.0]
      [Update RS (ms): Min: 2.0, Avg: 3.6, Max: 4.2, Diff: 2.3, Sum: 28.6]
         [Processed Buffers: Min: 8, Avg: 14.8, Max: 21, Diff: 13, Sum: 118]
      [Scan RS (ms): Min: 0.0, Avg: 0.0, Max: 0.1, Diff: 0.0, Sum: 0.3]
      [Code Root Scanning (ms): Min: 0.0, Avg: 0.0, Max: 0.0, Diff: 0.0, Sum: 0.0]
      [Object Copy (ms): Min: 1.4, Avg: 1.5, Max: 1.6, Diff: 0.2, Sum: 12.1]
      [Termination (ms): Min: 0.1, Avg: 0.1, Max: 0.1, Diff: 0.0, Sum: 0.7]
         [Termination Attempts: Min: 36, Avg: 48.1, Max: 61, Diff: 25, Sum: 385]
      [GC Worker Other (ms): Min: 0.0, Avg: 0.0, Max: 0.0, Diff: 0.0, Sum: 0.1]
      [GC Worker Total (ms): Min: 5.2, Avg: 6.2, Max: 6.9, Diff: 1.7, Sum: 49.8]
      [GC Worker End (ms): Min: 349204487.5, Avg: 349204487.5, Max: 349204487.5, Diff: 0.0]
   [Code Root Fixup: 0.0 ms]
   [Code Root Purge: 0.0 ms]
   [Clear CT: 0.6 ms]
   [Other: 14.0 ms]
      [Choose CSet: 0.0 ms]
      [Ref Proc: 13.6 ms]
      [Ref Enq: 0.1 ms]
      [Redirty Cards: 0.1 ms]
      [Humongous Register: 0.0 ms]
      [Humongous Reclaim: 0.0 ms]
      [Free CSet: 0.1 ms]
   [Eden: 7152.0M(7152.0M)->0.0B(7152.0M) Survivors: 16384.0K->16384.0K Heap: 10857.4M(14336.0M)->3709.4M(14336.0M)]
 [Times: user=0.10 sys=0.00, real=0.02 secs] 
2022-09-14T00:01:02.824-0600: 349291.342: [GC pause (G1 Evacuation Pause) (young) (initial-mark), 0.0380546 secs]
   [Parallel Time: 14.5 ms, GC Workers: 8]
      [GC Worker Start (ms): Min: 349291343.4, Avg: 349291345.5, Max: 349291346.6, Diff: 3.2]
      [Ext Root Scanning (ms): Min: 2.2, Avg: 5.9, Max: 9.8, Diff: 7.6, Sum: 46.9]
      [Update RS (ms): Min: 0.0, Avg: 1.6, Max: 3.7, Diff: 3.7, Sum: 13.1]
         [Processed Buffers: Min: 0, Avg: 8.0, Max: 21, Diff: 21, Sum: 64]
      [Scan RS (ms): Min: 0.0, Avg: 0.0, Max: 0.1, Diff: 0.1, Sum: 0.2]
      [Code Root Scanning (ms): Min: 0.0, Avg: 0.0, Max: 0.0, Diff: 0.0, Sum: 0.0]
      [Object Copy (ms): Min: 0.0, Avg: 2.0, Max: 2.4, Diff: 2.4, Sum: 15.9]
      [Termination (ms): Min: 0.0, Avg: 1.4, Max: 1.7, Diff: 1.7, Sum: 11.5]
         [Termination Attempts: Min: 1, Avg: 4.5, Max: 9, Diff: 8, Sum: 36]
      [GC Worker Other (ms): Min: 0.0, Avg: 0.0, Max: 0.0, Diff: 0.0, Sum: 0.1]
      [GC Worker Total (ms): Min: 9.8, Avg: 11.0, Max: 13.0, Diff: 3.2, Sum: 87.8]
      [GC Worker End (ms): Min: 349291356.4, Avg: 349291356.5, Max: 349291356.6, Diff: 0.2]
   [Code Root Fixup: 0.0 ms]
   [Code Root Purge: 0.0 ms]
   [Clear CT: 0.6 ms]
   [Other: 23.0 ms]
      [Choose CSet: 0.0 ms]
      [Ref Proc: 22.5 ms]
      [Ref Enq: 0.1 ms]
      [Redirty Cards: 0.1 ms]
      [Humongous Register: 0.0 ms]
      [Humongous Reclaim: 0.0 ms]
      [Free CSet: 0.1 ms]
   [Eden: 7152.0M(7152.0M)->0.0B(7152.0M) Survivors: 16384.0K->16384.0K Heap: 10861.4M(14336.0M)->3711.8M(14336.0M)]
 [Times: user=0.14 sys=0.00, real=0.04 secs] 
2022-09-14T00:01:02.863-0600: 349291.380: [GC concurrent-root-region-scan-start]
2022-09-14T00:01:02.869-0600: 349291.387: [GC concurrent-root-region-scan-end, 0.0068836 secs]
2022-09-14T00:01:02.869-0600: 349291.387: [GC concurrent-mark-start]
2022-09-14T00:01:04.214-0600: 349292.732: [GC concurrent-mark-end, 1.3448929 secs]
2022-09-14T00:01:04.214-0600: 349292.732: [GC remark 2022-09-14T00:01:04.215-0600: 349292.732: [Finalize Marking, 0.0073343 secs] 2022-09-14T00:01:04.222-0600: 349292.740: [GC ref-proc, 0.0317855 secs] 2022-09-14T00:01:04.254-0600: 349292.771: [Unloading, 0.0257033 secs], 0.0691893 secs]
 [Times: user=0.32 sys=0.00, real=0.07 secs] 
2022-09-14T00:01:04.284-0600: 349292.802: [GC cleanup 3863M->3863M(14336M), 0.0089801 secs]
 [Times: user=0.03 sys=0.00, real=0.01 secs] 
2022-09-14T00:02:39.029-0600: 349387.547: [GC pause (G1 Evacuation Pause) (young), 0.0251398 secs]
   [Parallel Time: 9.6 ms, GC Workers: 8]
      [GC Worker Start (ms): Min: 349387547.0, Avg: 349387548.7, Max: 349387553.1, Diff: 6.1]
      [Ext Root Scanning (ms): Min: 0.0, Avg: 1.2, Max: 3.1, Diff: 3.1, Sum: 9.2]
      [Update RS (ms): Min: 0.0, Avg: 1.6, Max: 2.6, Diff: 2.6, Sum: 13.0]
         [Processed Buffers: Min: 0, Avg: 8.1, Max: 16, Diff: 16, Sum: 65]
      [Scan RS (ms): Min: 0.0, Avg: 0.0, Max: 0.1, Diff: 0.1, Sum: 0.2]
      [Code Root Scanning (ms): Min: 0.0, Avg: 0.0, Max: 0.0, Diff: 0.0, Sum: 0.0]
      [Object Copy (ms): Min: 0.0, Avg: 2.3, Max: 5.0, Diff: 5.0, Sum: 18.2]
      [Termination (ms): Min: 0.0, Avg: 2.6, Max: 3.4, Diff: 3.4, Sum: 20.9]
         [Termination Attempts: Min: 1, Avg: 1.6, Max: 3, Diff: 2, Sum: 13]
      [GC Worker Other (ms): Min: 0.0, Avg: 0.0, Max: 0.0, Diff: 0.0, Sum: 0.0]
      [GC Worker Total (ms): Min: 3.3, Avg: 7.7, Max: 9.5, Diff: 6.2, Sum: 61.6]
      [GC Worker End (ms): Min: 349387556.3, Avg: 349387556.4, Max: 349387556.5, Diff: 0.1]
   [Code Root Fixup: 0.0 ms]
   [Code Root Purge: 0.0 ms]
   [Clear CT: 0.8 ms]
   [Other: 14.8 ms]
      [Choose CSet: 0.0 ms]
      [Ref Proc: 14.4 ms]
      [Ref Enq: 0.1 ms]
      [Redirty Cards: 0.1 ms]
      [Humongous Register: 0.0 ms]
      [Humongous Reclaim: 0.0 ms]
      [Free CSet: 0.1 ms]
   [Eden: 7152.0M(7152.0M)->0.0B(5712.0M) Survivors: 16384.0K->16384.0K Heap: 10863.8M(14336.0M)->3715.6M(14336.0M)]
 [Times: user=0.11 sys=0.00, real=0.03 secs] 
2022-09-14T00:04:03.774-0600: 349472.292: [GC pause (G1 Evacuation Pause) (mixed), 0.0362444 secs]
   [Parallel Time: 8.2 ms, GC Workers: 8]
      [GC Worker Start (ms): Min: 349472291.7, Avg: 349472293.7, Max: 349472298.3, Diff: 6.6]
      [Ext Root Scanning (ms): Min: 0.0, Avg: 0.9, Max: 3.3, Diff: 3.3, Sum: 6.8]
      [Update RS (ms): Min: 0.0, Avg: 1.6, Max: 2.9, Diff: 2.9, Sum: 13.0]
         [Processed Buffers: Min: 0, Avg: 7.6, Max: 16, Diff: 16, Sum: 61]
      [Scan RS (ms): Min: 0.0, Avg: 0.4, Max: 0.6, Diff: 0.5, Sum: 2.9]
      [Code Root Scanning (ms): Min: 0.0, Avg: 0.0, Max: 0.0, Diff: 0.0, Sum: 0.0]
      [Object Copy (ms): Min: 1.5, Avg: 3.3, Max: 6.0, Diff: 4.5, Sum: 26.4]
      [Termination (ms): Min: 0.0, Avg: 0.0, Max: 0.0, Diff: 0.0, Sum: 0.0]
         [Termination Attempts: Min: 1, Avg: 1.0, Max: 1, Diff: 0, Sum: 8]
      [GC Worker Other (ms): Min: 0.0, Avg: 0.0, Max: 0.1, Diff: 0.0, Sum: 0.2]
      [GC Worker Total (ms): Min: 1.5, Avg: 6.2, Max: 8.1, Diff: 6.6, Sum: 49.3]
      [GC Worker End (ms): Min: 349472299.9, Avg: 349472299.9, Max: 349472299.9, Diff: 0.0]
   [Code Root Fixup: 0.0 ms]
   [Code Root Purge: 0.0 ms]
   [Clear CT: 0.9 ms]
   [Other: 27.0 ms]
      [Choose CSet: 0.0 ms]
      [Ref Proc: 26.6 ms]
      [Ref Enq: 0.1 ms]
      [Redirty Cards: 0.1 ms]
      [Humongous Register: 0.0 ms]
      [Humongous Reclaim: 0.0 ms]
      [Free CSet: 0.1 ms]
   [Eden: 5712.0M(5712.0M)->0.0B(7152.0M) Survivors: 16384.0K->16384.0K Heap: 9427.6M(14336.0M)->3704.5M(14336.0M)]
 [Times: user=0.11 sys=0.00, real=0.03 secs] 
2022-09-14T00:05:43.881-0600: 349572.399: [GC pause (G1 Evacuation Pause) (young), 0.0287291 secs]
   [Parallel Time: 9.0 ms, GC Workers: 8]
      [GC Worker Start (ms): Min: 349572398.9, Avg: 349572401.6, Max: 349572407.2, Diff: 8.2]
      [Ext Root Scanning (ms): Min: 0.0, Avg: 0.8, Max: 3.0, Diff: 3.0, Sum: 6.1]
      [Update RS (ms): Min: 0.0, Avg: 3.3, Max: 6.5, Diff: 6.5, Sum: 26.3]
         [Processed Buffers: Min: 0, Avg: 13.1, Max: 24, Diff: 24, Sum: 105]
      [Scan RS (ms): Min: 0.0, Avg: 0.0, Max: 0.1, Diff: 0.1, Sum: 0.2]
      [Code Root Scanning (ms): Min: 0.0, Avg: 0.0, Max: 0.0, Diff: 0.0, Sum: 0.0]
      [Object Copy (ms): Min: 0.0, Avg: 1.2, Max: 1.7, Diff: 1.7, Sum: 9.3]
      [Termination (ms): Min: 0.0, Avg: 1.0, Max: 1.2, Diff: 1.2, Sum: 8.0]
         [Termination Attempts: Min: 1, Avg: 5.1, Max: 9, Diff: 8, Sum: 41]
      [GC Worker Other (ms): Min: 0.0, Avg: 0.0, Max: 0.0, Diff: 0.0, Sum: 0.1]
      [GC Worker Total (ms): Min: 0.7, Avg: 6.3, Max: 8.9, Diff: 8.3, Sum: 50.1]
      [GC Worker End (ms): Min: 349572407.8, Avg: 349572407.8, Max: 349572407.8, Diff: 0.0]
   [Code Root Fixup: 0.0 ms]
   [Code Root Purge: 0.0 ms]
   [Clear CT: 0.7 ms]
   [Other: 19.0 ms]
      [Choose CSet: 0.0 ms]
      [Ref Proc: 18.6 ms]
      [Ref Enq: 0.1 ms]
      [Redirty Cards: 0.1 ms]
      [Humongous Register: 0.0 ms]
      [Humongous Reclaim: 0.0 ms]
      [Free CSet: 0.1 ms]
   [Eden: 7152.0M(7152.0M)->0.0B(7152.0M) Survivors: 16384.0K->16384.0K Heap: 10856.5M(14336.0M)->3706.7M(14336.0M)]
 [Times: user=0.12 sys=0.00, real=0.02 secs] 
2022-09-14T00:07:25.925-0600: 349674.443: [GC pause (G1 Evacuation Pause) (young) (initial-mark), 0.0293974 secs]
   [Parallel Time: 13.9 ms, GC Workers: 8]
      [GC Worker Start (ms): Min: 349674444.3, Avg: 349674446.0, Max: 349674446.9, Diff: 2.6]
      [Ext Root Scanning (ms): Min: 2.1, Avg: 6.3, Max: 11.2, Diff: 9.1, Sum: 50.2]
      [Update RS (ms): Min: 0.0, Avg: 1.4, Max: 3.4, Diff: 3.4, Sum: 11.0]
         [Processed Buffers: Min: 0, Avg: 6.1, Max: 24, Diff: 24, Sum: 49]
      [Scan RS (ms): Min: 0.0, Avg: 0.0, Max: 0.1, Diff: 0.1, Sum: 0.2]
      [Code Root Scanning (ms): Min: 0.0, Avg: 0.0, Max: 0.0, Diff: 0.0, Sum: 0.0]
      [Object Copy (ms): Min: 0.0, Avg: 1.4, Max: 2.2, Diff: 2.2, Sum: 11.1]
      [Termination (ms): Min: 0.0, Avg: 1.6, Max: 2.2, Diff: 2.2, Sum: 12.5]
         [Termination Attempts: Min: 1, Avg: 1.5, Max: 3, Diff: 2, Sum: 12]
      [GC Worker Other (ms): Min: 0.0, Avg: 0.0, Max: 0.0, Diff: 0.0, Sum: 0.1]
      [GC Worker Total (ms): Min: 9.6, Avg: 10.6, Max: 12.3, Diff: 2.7, Sum: 85.0]
      [GC Worker End (ms): Min: 349674456.5, Avg: 349674456.6, Max: 349674456.7, Diff: 0.2]
   [Code Root Fixup: 0.0 ms]
   [Code Root Purge: 0.0 ms]
   [Clear CT: 0.7 ms]
   [Other: 14.7 ms]
      [Choose CSet: 0.0 ms]
      [Ref Proc: 14.3 ms]
      [Ref Enq: 0.1 ms]
      [Redirty Cards: 0.1 ms]
      [Humongous Register: 0.0 ms]
      [Humongous Reclaim: 0.0 ms]
      [Free CSet: 0.1 ms]
   [Eden: 7152.0M(7152.0M)->0.0B(7152.0M) Survivors: 16384.0K->16384.0K Heap: 10858.7M(14336.0M)->3708.1M(14336.0M)]
 [Times: user=0.11 sys=0.00, real=0.03 secs] 
2022-09-14T00:07:25.955-0600: 349674.472: [GC concurrent-root-region-scan-start]
2022-09-14T00:07:25.961-0600: 349674.479: [GC concurrent-root-region-scan-end, 0.0064078 secs]
2022-09-14T00:07:25.961-0600: 349674.479: [GC concurrent-mark-start]
2022-09-14T00:07:27.264-0600: 349675.782: [GC concurrent-mark-end, 1.3029108 secs]
2022-09-14T00:07:27.264-0600: 349675.782: [GC remark 2022-09-14T00:07:27.264-0600: 349675.782: [Finalize Marking, 0.0030722 secs] 2022-09-14T00:07:27.267-0600: 349675.785: [GC ref-proc, 0.0306777 secs] 2022-09-14T00:07:27.298-0600: 349675.816: [Unloading, 0.0275794 secs], 0.0687842 secs]
 [Times: user=0.28 sys=0.00, real=0.07 secs] 
2022-09-14T00:07:27.333-0600: 349675.851: [GC cleanup 3828M->3828M(14336M), 0.0085285 secs]
 [Times: user=0.03 sys=0.00, real=0.01 secs] 
2022-09-14T00:09:07.625-0600: 349776.142: [GC pause (G1 Evacuation Pause) (young), 0.0234074 secs]
   [Parallel Time: 8.2 ms, GC Workers: 8]
      [GC Worker Start (ms): Min: 349776142.3, Avg: 349776146.0, Max: 349776150.4, Diff: 8.0]
      [Ext Root Scanning (ms): Min: 0.0, Avg: 0.8, Max: 3.2, Diff: 3.2, Sum: 6.5]
      [Update RS (ms): Min: 0.0, Avg: 1.2, Max: 2.8, Diff: 2.8, Sum: 9.5]
         [Processed Buffers: Min: 0, Avg: 6.5, Max: 17, Diff: 17, Sum: 52]
      [Scan RS (ms): Min: 0.0, Avg: 0.0, Max: 0.1, Diff: 0.1, Sum: 0.2]
      [Code Root Scanning (ms): Min: 0.0, Avg: 0.0, Max: 0.0, Diff: 0.0, Sum: 0.0]
      [Object Copy (ms): Min: 0.1, Avg: 2.4, Max: 3.9, Diff: 3.8, Sum: 19.1]
      [Termination (ms): Min: 0.0, Avg: 0.0, Max: 0.0, Diff: 0.0, Sum: 0.0]
         [Termination Attempts: Min: 1, Avg: 5.9, Max: 15, Diff: 14, Sum: 47]
      [GC Worker Other (ms): Min: 0.0, Avg: 0.0, Max: 0.1, Diff: 0.1, Sum: 0.2]
      [GC Worker Total (ms): Min: 0.1, Avg: 4.5, Max: 8.1, Diff: 8.0, Sum: 35.7]
      [GC Worker End (ms): Min: 349776150.4, Avg: 349776150.5, Max: 349776150.5, Diff: 0.1]
   [Code Root Fixup: 0.0 ms]
   [Code Root Purge: 0.0 ms]
   [Clear CT: 0.6 ms]
   [Other: 14.6 ms]
      [Choose CSet: 0.0 ms]
      [Ref Proc: 14.2 ms]
      [Ref Enq: 0.1 ms]
      [Redirty Cards: 0.1 ms]
      [Humongous Register: 0.0 ms]
      [Humongous Reclaim: 0.0 ms]
      [Free CSet: 0.1 ms]
   [Eden: 7152.0M(7152.0M)->0.0B(5696.0M) Survivors: 16384.0K->32768.0K Heap: 10860.1M(14336.0M)->3722.2M(14336.0M)]
 [Times: user=0.10 sys=0.00, real=0.02 secs] 
2022-09-14T00:10:27.978-0600: 349856.495: [GC pause (G1 Evacuation Pause) (mixed), 0.0407213 secs]
   [Parallel Time: 10.0 ms, GC Workers: 8]
      [GC Worker Start (ms): Min: 349856495.4, Avg: 349856498.3, Max: 349856502.4, Diff: 6.9]
      [Ext Root Scanning (ms): Min: 0.0, Avg: 0.8, Max: 3.2, Diff: 3.2, Sum: 6.4]
      [Update RS (ms): Min: 0.0, Avg: 1.5, Max: 4.8, Diff: 4.8, Sum: 12.3]
         [Processed Buffers: Min: 0, Avg: 7.0, Max: 22, Diff: 22, Sum: 56]
      [Scan RS (ms): Min: 0.0, Avg: 0.8, Max: 1.3, Diff: 1.3, Sum: 6.4]
      [Code Root Scanning (ms): Min: 0.0, Avg: 0.0, Max: 0.0, Diff: 0.0, Sum: 0.0]
      [Object Copy (ms): Min: 1.7, Avg: 2.9, Max: 4.2, Diff: 2.5, Sum: 23.0]
      [Termination (ms): Min: 0.0, Avg: 1.0, Max: 1.2, Diff: 1.2, Sum: 8.1]
         [Termination Attempts: Min: 1, Avg: 1.6, Max: 3, Diff: 2, Sum: 13]
      [GC Worker Other (ms): Min: 0.0, Avg: 0.0, Max: 0.0, Diff: 0.0, Sum: 0.1]
      [GC Worker Total (ms): Min: 2.9, Avg: 7.0, Max: 9.9, Diff: 6.9, Sum: 56.2]
      [GC Worker End (ms): Min: 349856505.3, Avg: 349856505.3, Max: 349856505.4, Diff: 0.1]
   [Code Root Fixup: 0.0 ms]
   [Code Root Purge: 0.0 ms]
   [Clear CT: 0.9 ms]
   [Other: 29.9 ms]
      [Choose CSet: 0.0 ms]
      [Ref Proc: 29.4 ms]
      [Ref Enq: 0.1 ms]
      [Redirty Cards: 0.1 ms]
      [Humongous Register: 0.0 ms]
      [Humongous Reclaim: 0.0 ms]
      [Free CSet: 0.1 ms]
   [Eden: 5696.0M(5696.0M)->0.0B(7136.0M) Survivors: 32768.0K->32768.0K Heap: 9418.2M(14336.0M)->3717.2M(14336.0M)]
 [Times: user=0.16 sys=0.00, real=0.04 secs] 
2022-09-14T00:12:07.978-0600: 349956.496: [GC pause (G1 Evacuation Pause) (young), 0.0228018 secs]
   [Parallel Time: 9.6 ms, GC Workers: 8]
      [GC Worker Start (ms): Min: 349956495.7, Avg: 349956497.8, Max: 349956502.3, Diff: 6.7]
      [Ext Root Scanning (ms): Min: 0.0, Avg: 0.9, Max: 3.0, Diff: 3.0, Sum: 6.8]
      [Update RS (ms): Min: 0.0, Avg: 4.0, Max: 7.8, Diff: 7.8, Sum: 31.8]
         [Processed Buffers: Min: 0, Avg: 15.5, Max: 22, Diff: 22, Sum: 124]
      [Scan RS (ms): Min: 0.0, Avg: 0.0, Max: 0.1, Diff: 0.1, Sum: 0.2]
      [Code Root Scanning (ms): Min: 0.0, Avg: 0.0, Max: 0.0, Diff: 0.0, Sum: 0.0]
      [Object Copy (ms): Min: 0.0, Avg: 1.2, Max: 2.0, Diff: 2.0, Sum: 9.8]
      [Termination (ms): Min: 0.0, Avg: 1.2, Max: 1.7, Diff: 1.7, Sum: 9.5]
         [Termination Attempts: Min: 1, Avg: 19.0, Max: 36, Diff: 35, Sum: 152]
      [GC Worker Other (ms): Min: 0.0, Avg: 0.0, Max: 0.0, Diff: 0.0, Sum: 0.1]
      [GC Worker Total (ms): Min: 2.8, Avg: 7.3, Max: 9.5, Diff: 6.7, Sum: 58.2]
      [GC Worker End (ms): Min: 349956505.1, Avg: 349956505.1, Max: 349956505.2, Diff: 0.1]
   [Code Root Fixup: 0.0 ms]
   [Code Root Purge: 0.0 ms]
   [Clear CT: 0.7 ms]
   [Other: 12.5 ms]
      [Choose CSet: 0.0 ms]
      [Ref Proc: 12.1 ms]
      [Ref Enq: 0.1 ms]
      [Redirty Cards: 0.1 ms]
      [Humongous Register: 0.0 ms]
      [Humongous Reclaim: 0.0 ms]
      [Free CSet: 0.1 ms]
   [Eden: 7136.0M(7136.0M)->0.0B(7152.0M) Survivors: 32768.0K->16384.0K Heap: 10853.2M(14336.0M)->3710.6M(14336.0M)]
 [Times: user=0.09 sys=0.00, real=0.03 secs] 
2022-09-14T00:13:47.278-0600: 350055.796: [GC pause (G1 Evacuation Pause) (young) (initial-mark), 0.0398458 secs]
   [Parallel Time: 13.2 ms, GC Workers: 8]
      [GC Worker Start (ms): Min: 350055797.1, Avg: 350055799.4, Max: 350055800.3, Diff: 3.2]
      [Ext Root Scanning (ms): Min: 1.3, Avg: 5.4, Max: 8.7, Diff: 7.4, Sum: 43.2]
      [Update RS (ms): Min: 0.0, Avg: 1.0, Max: 2.8, Diff: 2.8, Sum: 8.4]
         [Processed Buffers: Min: 0, Avg: 5.8, Max: 15, Diff: 15, Sum: 46]
      [Scan RS (ms): Min: 0.0, Avg: 0.0, Max: 0.1, Diff: 0.1, Sum: 0.3]
      [Code Root Scanning (ms): Min: 0.0, Avg: 0.0, Max: 0.0, Diff: 0.0, Sum: 0.0]
      [Object Copy (ms): Min: 0.0, Avg: 1.2, Max: 2.1, Diff: 2.1, Sum: 9.4]
      [Termination (ms): Min: 0.0, Avg: 2.0, Max: 2.9, Diff: 2.9, Sum: 16.0]
         [Termination Attempts: Min: 1, Avg: 10.6, Max: 26, Diff: 25, Sum: 85]
      [GC Worker Other (ms): Min: 0.0, Avg: 0.0, Max: 0.0, Diff: 0.0, Sum: 0.1]
      [GC Worker Total (ms): Min: 8.7, Avg: 9.7, Max: 11.9, Diff: 3.2, Sum: 77.3]
      [GC Worker End (ms): Min: 350055809.0, Avg: 350055809.1, Max: 350055809.1, Diff: 0.1]
   [Code Root Fixup: 0.0 ms]
   [Code Root Purge: 0.0 ms]
   [Clear CT: 0.7 ms]
   [Other: 25.9 ms]
      [Choose CSet: 0.0 ms]
      [Ref Proc: 25.5 ms]
      [Ref Enq: 0.1 ms]
      [Redirty Cards: 0.1 ms]
      [Humongous Register: 0.0 ms]
      [Humongous Reclaim: 0.0 ms]
      [Free CSet: 0.1 ms]
   [Eden: 7152.0M(7152.0M)->0.0B(7152.0M) Survivors: 16384.0K->16384.0K Heap: 10862.6M(14336.0M)->3711.0M(14336.0M)]
 [Times: user=0.13 sys=0.00, real=0.04 secs] 
2022-09-14T00:13:47.318-0600: 350055.836: [GC concurrent-root-region-scan-start]
2022-09-14T00:13:47.324-0600: 350055.842: [GC concurrent-root-region-scan-end, 0.0060215 secs]
2022-09-14T00:13:47.324-0600: 350055.842: [GC concurrent-mark-start]
2022-09-14T00:13:48.633-0600: 350057.151: [GC concurrent-mark-end, 1.3093101 secs]
2022-09-14T00:13:48.634-0600: 350057.151: [GC remark 2022-09-14T00:13:48.634-0600: 350057.151: [Finalize Marking, 0.0033498 secs] 2022-09-14T00:13:48.637-0600: 350057.155: [GC ref-proc, 0.0290433 secs] 2022-09-14T00:13:48.666-0600: 350057.184: [Unloading, 0.0267342 secs], 0.0639677 secs]
 [Times: user=0.24 sys=0.00, real=0.06 secs] 
2022-09-14T00:13:48.698-0600: 350057.215: [GC cleanup 3830M->3830M(14336M), 0.0107084 secs]
 [Times: user=0.03 sys=0.00, real=0.01 secs] 
2022-09-14T00:15:28.663-0600: 350157.181: [GC pause (G1 Evacuation Pause) (young), 0.0250854 secs]
   [Parallel Time: 6.7 ms, GC Workers: 8]
      [GC Worker Start (ms): Min: 350157180.7, Avg: 350157183.3, Max: 350157186.3, Diff: 5.6]
      [Ext Root Scanning (ms): Min: 0.0, Avg: 0.9, Max: 3.2, Diff: 3.2, Sum: 6.9]
      [Update RS (ms): Min: 0.0, Avg: 1.2, Max: 2.3, Diff: 2.3, Sum: 9.4]
         [Processed Buffers: Min: 0, Avg: 6.1, Max: 14, Diff: 14, Sum: 49]
      [Scan RS (ms): Min: 0.0, Avg: 0.0, Max: 0.1, Diff: 0.1, Sum: 0.2]
      [Code Root Scanning (ms): Min: 0.0, Avg: 0.0, Max: 0.0, Diff: 0.0, Sum: 0.0]
      [Object Copy (ms): Min: 0.2, Avg: 1.4, Max: 2.7, Diff: 2.5, Sum: 11.2]
      [Termination (ms): Min: 0.0, Avg: 0.6, Max: 0.9, Diff: 0.9, Sum: 4.5]
         [Termination Attempts: Min: 1, Avg: 29.5, Max: 52, Diff: 51, Sum: 236]
      [GC Worker Other (ms): Min: 0.0, Avg: 0.0, Max: 0.0, Diff: 0.0, Sum: 0.0]
      [GC Worker Total (ms): Min: 0.9, Avg: 4.0, Max: 6.6, Diff: 5.6, Sum: 32.2]
      [GC Worker End (ms): Min: 350157187.2, Avg: 350157187.3, Max: 350157187.4, Diff: 0.2]
   [Code Root Fixup: 0.0 ms]
   [Code Root Purge: 0.0 ms]
   [Clear CT: 0.7 ms]
   [Other: 17.6 ms]
      [Choose CSet: 0.0 ms]
      [Ref Proc: 17.2 ms]
      [Ref Enq: 0.1 ms]
      [Redirty Cards: 0.1 ms]
      [Humongous Register: 0.0 ms]
      [Humongous Reclaim: 0.0 ms]
      [Free CSet: 0.1 ms]
   [Eden: 7152.0M(7152.0M)->0.0B(5712.0M) Survivors: 16384.0K->16384.0K Heap: 10863.0M(14336.0M)->3712.2M(14336.0M)]
 [Times: user=0.09 sys=0.00, real=0.02 secs] 
2022-09-14T00:16:47.750-0600: 350236.268: [GC pause (G1 Evacuation Pause) (mixed), 0.0410864 secs]
   [Parallel Time: 26.3 ms, GC Workers: 8]
      [GC Worker Start (ms): Min: 350236267.8, Avg: 350236275.7, Max: 350236282.4, Diff: 14.6]
      [Ext Root Scanning (ms): Min: 0.0, Avg: 0.8, Max: 3.0, Diff: 3.0, Sum: 6.1]
      [Update RS (ms): Min: 0.0, Avg: 1.1, Max: 3.0, Diff: 3.0, Sum: 8.6]
         [Processed Buffers: Min: 0, Avg: 6.2, Max: 18, Diff: 18, Sum: 50]
      [Scan RS (ms): Min: 0.0, Avg: 1.4, Max: 3.9, Diff: 3.9, Sum: 11.5]
      [Code Root Scanning (ms): Min: 0.0, Avg: 0.0, Max: 0.0, Diff: 0.0, Sum: 0.1]
      [Object Copy (ms): Min: 11.0, Avg: 14.6, Max: 16.4, Diff: 5.3, Sum: 116.8]
      [Termination (ms): Min: 0.0, Avg: 0.3, Max: 0.5, Diff: 0.5, Sum: 2.3]
         [Termination Attempts: Min: 1, Avg: 545.5, Max: 857, Diff: 856, Sum: 4364]
      [GC Worker Other (ms): Min: 0.0, Avg: 0.1, Max: 0.2, Diff: 0.2, Sum: 0.5]
      [GC Worker Total (ms): Min: 11.5, Avg: 18.2, Max: 26.3, Diff: 14.8, Sum: 145.8]
      [GC Worker End (ms): Min: 350236293.9, Avg: 350236294.0, Max: 350236294.1, Diff: 0.2]
   [Code Root Fixup: 0.0 ms]
   [Code Root Purge: 0.0 ms]
   [Clear CT: 0.6 ms]
   [Other: 14.1 ms]
      [Choose CSet: 0.0 ms]
      [Ref Proc: 13.6 ms]
      [Ref Enq: 0.1 ms]
      [Redirty Cards: 0.2 ms]
      [Humongous Register: 0.0 ms]
      [Humongous Reclaim: 0.0 ms]
      [Free CSet: 0.1 ms]
   [Eden: 5712.0M(5712.0M)->0.0B(7152.0M) Survivors: 16384.0K->16384.0K Heap: 9424.2M(14336.0M)->3681.7M(14336.0M)]
 [Times: user=0.19 sys=0.00, real=0.04 secs] 
2022-09-14T00:18:28.624-0600: 350337.142: [GC pause (G1 Evacuation Pause) (young), 0.0295413 secs]
   [Parallel Time: 15.4 ms, GC Workers: 8]
      [GC Worker Start (ms): Min: 350337142.0, Avg: 350337145.8, Max: 350337154.0, Diff: 12.0]
      [Ext Root Scanning (ms): Min: 0.0, Avg: 0.9, Max: 3.2, Diff: 3.1, Sum: 7.1]
      [Update RS (ms): Min: 0.5, Avg: 8.5, Max: 13.6, Diff: 13.1, Sum: 68.3]
         [Processed Buffers: Min: 6, Avg: 38.6, Max: 69, Diff: 63, Sum: 309]
      [Scan RS (ms): Min: 0.0, Avg: 0.0, Max: 0.1, Diff: 0.1, Sum: 0.3]
      [Code Root Scanning (ms): Min: 0.0, Avg: 0.0, Max: 0.0, Diff: 0.0, Sum: 0.0]
      [Object Copy (ms): Min: 0.0, Avg: 1.4, Max: 2.0, Diff: 2.0, Sum: 11.1]
      [Termination (ms): Min: 0.0, Avg: 0.6, Max: 0.8, Diff: 0.8, Sum: 4.9]
         [Termination Attempts: Min: 1, Avg: 29.4, Max: 46, Diff: 45, Sum: 235]
      [GC Worker Other (ms): Min: 0.0, Avg: 0.0, Max: 0.0, Diff: 0.0, Sum: 0.0]
      [GC Worker Total (ms): Min: 3.2, Avg: 11.5, Max: 15.2, Diff: 12.0, Sum: 91.7]
      [GC Worker End (ms): Min: 350337157.2, Avg: 350337157.2, Max: 350337157.3, Diff: 0.1]
   [Code Root Fixup: 0.0 ms]
   [Code Root Purge: 0.0 ms]
   [Clear CT: 0.6 ms]
   [Other: 13.5 ms]
      [Choose CSet: 0.0 ms]
      [Ref Proc: 13.1 ms]
      [Ref Enq: 0.1 ms]
      [Redirty Cards: 0.1 ms]
      [Humongous Register: 0.0 ms]
      [Humongous Reclaim: 0.0 ms]
      [Free CSet: 0.1 ms]
   [Eden: 7152.0M(7152.0M)->0.0B(7152.0M) Survivors: 16384.0K->16384.0K Heap: 10833.7M(14336.0M)->3706.8M(14336.0M)]
 [Times: user=0.13 sys=0.00, real=0.03 secs] 
2022-09-14T00:20:09.575-0600: 350438.093: [GC pause (G1 Evacuation Pause) (young) (initial-mark), 0.0305679 secs]
   [Parallel Time: 15.0 ms, GC Workers: 8]
      [GC Worker Start (ms): Min: 350438094.0, Avg: 350438097.2, Max: 350438098.3, Diff: 4.3]
      [Ext Root Scanning (ms): Min: 2.0, Avg: 5.5, Max: 13.2, Diff: 11.2, Sum: 43.9]
      [Update RS (ms): Min: 0.0, Avg: 2.3, Max: 6.3, Diff: 6.3, Sum: 18.4]
         [Processed Buffers: Min: 0, Avg: 6.6, Max: 12, Diff: 12, Sum: 53]
      [Scan RS (ms): Min: 0.0, Avg: 0.0, Max: 0.1, Diff: 0.1, Sum: 0.2]
      [Code Root Scanning (ms): Min: 0.0, Avg: 0.0, Max: 0.0, Diff: 0.0, Sum: 0.0]
      [Object Copy (ms): Min: 0.0, Avg: 1.2, Max: 2.0, Diff: 2.0, Sum: 9.8]
      [Termination (ms): Min: 0.0, Avg: 1.4, Max: 1.9, Diff: 1.9, Sum: 10.9]
         [Termination Attempts: Min: 1, Avg: 36.2, Max: 86, Diff: 85, Sum: 290]
      [GC Worker Other (ms): Min: 0.0, Avg: 0.0, Max: 0.0, Diff: 0.0, Sum: 0.1]
      [GC Worker Total (ms): Min: 9.3, Avg: 10.4, Max: 13.5, Diff: 4.3, Sum: 83.3]
      [GC Worker End (ms): Min: 350438107.6, Avg: 350438107.6, Max: 350438107.7, Diff: 0.1]
   [Code Root Fixup: 0.0 ms]
   [Code Root Purge: 0.0 ms]
   [Clear CT: 0.8 ms]
   [Other: 14.7 ms]
      [Choose CSet: 0.0 ms]
      [Ref Proc: 14.2 ms]
      [Ref Enq: 0.1 ms]
      [Redirty Cards: 0.1 ms]
      [Humongous Register: 0.0 ms]
      [Humongous Reclaim: 0.0 ms]
      [Free CSet: 0.1 ms]
   [Eden: 7152.0M(7152.0M)->0.0B(7152.0M) Survivors: 16384.0K->16384.0K Heap: 10858.8M(14336.0M)->3711.6M(14336.0M)]
 [Times: user=0.10 sys=0.00, real=0.03 secs] 
2022-09-14T00:20:09.606-0600: 350438.123: [GC concurrent-root-region-scan-start]
2022-09-14T00:20:09.613-0600: 350438.131: [GC concurrent-root-region-scan-end, 0.0072796 secs]
2022-09-14T00:20:09.613-0600: 350438.131: [GC concurrent-mark-start]
2022-09-14T00:20:10.925-0600: 350439.442: [GC concurrent-mark-end, 1.3116366 secs]
2022-09-14T00:20:10.925-0600: 350439.442: [GC remark 2022-09-14T00:20:10.925-0600: 350439.442: [Finalize Marking, 0.0033901 secs] 2022-09-14T00:20:10.928-0600: 350439.446: [GC ref-proc, 0.0314212 secs] 2022-09-14T00:20:10.960-0600: 350439.477: [Unloading, 0.0288553 secs], 0.0691381 secs]
 [Times: user=0.26 sys=0.00, real=0.07 secs] 
2022-09-14T00:20:10.994-0600: 350439.512: [GC cleanup 3823M->3823M(14336M), 0.0076767 secs]
 [Times: user=0.03 sys=0.00, real=0.01 secs] 
2022-09-14T00:21:48.829-0600: 350537.346: [GC pause (G1 Evacuation Pause) (young), 0.0230219 secs]
   [Parallel Time: 5.9 ms, GC Workers: 8]
      [GC Worker Start (ms): Min: 350537346.5, Avg: 350537347.6, Max: 350537352.3, Diff: 5.8]
      [Ext Root Scanning (ms): Min: 0.0, Avg: 1.0, Max: 3.4, Diff: 3.4, Sum: 8.0]
      [Update RS (ms): Min: 0.0, Avg: 1.2, Max: 2.5, Diff: 2.5, Sum: 9.9]
         [Processed Buffers: Min: 0, Avg: 6.5, Max: 17, Diff: 17, Sum: 52]
      [Scan RS (ms): Min: 0.0, Avg: 0.0, Max: 0.1, Diff: 0.1, Sum: 0.2]
      [Code Root Scanning (ms): Min: 0.0, Avg: 0.0, Max: 0.0, Diff: 0.0, Sum: 0.0]
      [Object Copy (ms): Min: 0.0, Avg: 2.0, Max: 4.1, Diff: 4.1, Sum: 15.6]
      [Termination (ms): Min: 0.0, Avg: 0.5, Max: 0.6, Diff: 0.6, Sum: 4.3]
         [Termination Attempts: Min: 1, Avg: 1.9, Max: 3, Diff: 2, Sum: 15]
      [GC Worker Other (ms): Min: 0.0, Avg: 0.0, Max: 0.0, Diff: 0.0, Sum: 0.0]
      [GC Worker Total (ms): Min: 0.0, Avg: 4.8, Max: 5.8, Diff: 5.8, Sum: 38.1]
      [GC Worker End (ms): Min: 350537352.4, Avg: 350537352.4, Max: 350537352.4, Diff: 0.0]
   [Code Root Fixup: 0.0 ms]
   [Code Root Purge: 0.0 ms]
   [Clear CT: 0.9 ms]
   [Other: 16.2 ms]
      [Choose CSet: 0.0 ms]
      [Ref Proc: 15.8 ms]
      [Ref Enq: 0.1 ms]
      [Redirty Cards: 0.1 ms]
      [Humongous Register: 0.0 ms]
      [Humongous Reclaim: 0.0 ms]
      [Free CSet: 0.1 ms]
   [Eden: 7152.0M(7152.0M)->0.0B(5712.0M) Survivors: 16384.0K->16384.0K Heap: 10863.6M(14336.0M)->3714.2M(14336.0M)]
 [Times: user=0.09 sys=0.00, real=0.02 secs] 
2022-09-14T00:23:11.007-0600: 350619.525: [GC pause (G1 Evacuation Pause) (mixed), 0.0321219 secs]
   [Parallel Time: 11.0 ms, GC Workers: 8]
      [GC Worker Start (ms): Min: 350619524.9, Avg: 350619529.6, Max: 350619535.6, Diff: 10.7]
      [Ext Root Scanning (ms): Min: 0.0, Avg: 0.9, Max: 3.2, Diff: 3.2, Sum: 7.0]
      [Update RS (ms): Min: 0.0, Avg: 1.5, Max: 2.9, Diff: 2.9, Sum: 11.7]
         [Processed Buffers: Min: 0, Avg: 5.5, Max: 19, Diff: 19, Sum: 44]
      [Scan RS (ms): Min: 0.0, Avg: 0.9, Max: 1.4, Diff: 1.4, Sum: 6.8]
      [Code Root Scanning (ms): Min: 0.0, Avg: 0.0, Max: 0.0, Diff: 0.0, Sum: 0.0]
      [Object Copy (ms): Min: 0.0, Avg: 2.3, Max: 3.2, Diff: 3.2, Sum: 18.7]
      [Termination (ms): Min: 0.0, Avg: 0.5, Max: 0.6, Diff: 0.6, Sum: 4.0]
         [Termination Attempts: Min: 1, Avg: 4.2, Max: 8, Diff: 7, Sum: 34]
      [GC Worker Other (ms): Min: 0.0, Avg: 0.0, Max: 0.0, Diff: 0.0, Sum: 0.1]
      [GC Worker Total (ms): Min: 0.0, Avg: 6.0, Max: 10.8, Diff: 10.7, Sum: 48.3]
      [GC Worker End (ms): Min: 350619535.6, Avg: 350619535.6, Max: 350619535.7, Diff: 0.0]
   [Code Root Fixup: 0.0 ms]
   [Code Root Purge: 0.0 ms]
   [Clear CT: 0.6 ms]
   [Other: 20.5 ms]
      [Choose CSet: 0.0 ms]
      [Ref Proc: 20.1 ms]
      [Ref Enq: 0.1 ms]
      [Redirty Cards: 0.1 ms]
      [Humongous Register: 0.0 ms]
      [Humongous Reclaim: 0.0 ms]
      [Free CSet: 0.1 ms]
   [Eden: 5712.0M(5712.0M)->0.0B(7152.0M) Survivors: 16384.0K->16384.0K Heap: 9426.2M(14336.0M)->3676.5M(14336.0M)]
 [Times: user=0.13 sys=0.00, real=0.03 secs] 
2022-09-14T00:24:54.428-0600: 350722.945: [GC pause (G1 Evacuation Pause) (young), 0.0324914 secs]
   [Parallel Time: 11.7 ms, GC Workers: 8]
      [GC Worker Start (ms): Min: 350722945.5, Avg: 350722950.2, Max: 350722956.9, Diff: 11.4]
      [Ext Root Scanning (ms): Min: 0.0, Avg: 0.8, Max: 2.9, Diff: 2.9, Sum: 6.0]
      [Update RS (ms): Min: 0.0, Avg: 3.6, Max: 7.3, Diff: 7.3, Sum: 29.0]
         [Processed Buffers: Min: 0, Avg: 13.2, Max: 34, Diff: 34, Sum: 106]
      [Scan RS (ms): Min: 0.0, Avg: 0.0, Max: 0.1, Diff: 0.1, Sum: 0.2]
      [Code Root Scanning (ms): Min: 0.0, Avg: 0.0, Max: 0.0, Diff: 0.0, Sum: 0.0]
      [Object Copy (ms): Min: 0.0, Avg: 1.0, Max: 2.0, Diff: 2.0, Sum: 8.0]
      [Termination (ms): Min: 0.0, Avg: 1.4, Max: 1.9, Diff: 1.9, Sum: 10.9]
         [Termination Attempts: Min: 1, Avg: 5.0, Max: 14, Diff: 13, Sum: 40]
      [GC Worker Other (ms): Min: 0.0, Avg: 0.0, Max: 0.0, Diff: 0.0, Sum: 0.1]
      [GC Worker Total (ms): Min: 0.0, Avg: 6.8, Max: 11.6, Diff: 11.5, Sum: 54.2]
      [GC Worker End (ms): Min: 350722956.9, Avg: 350722957.0, Max: 350722957.1, Diff: 0.2]
   [Code Root Fixup: 0.0 ms]
   [Code Root Purge: 0.0 ms]
   [Clear CT: 0.8 ms]
   [Other: 20.0 ms]
      [Choose CSet: 0.0 ms]
      [Ref Proc: 19.6 ms]
      [Ref Enq: 0.1 ms]
      [Redirty Cards: 0.1 ms]
      [Humongous Register: 0.0 ms]
      [Humongous Reclaim: 0.0 ms]
      [Free CSet: 0.1 ms]
   [Eden: 7152.0M(7152.0M)->0.0B(7152.0M) Survivors: 16384.0K->16384.0K Heap: 10828.5M(14336.0M)->3678.4M(14336.0M)]
 [Times: user=0.12 sys=0.00, real=0.03 secs] 
2022-09-14T00:26:35.874-0600: 350824.392: [GC pause (G1 Evacuation Pause) (young) (initial-mark), 0.0322677 secs]
   [Parallel Time: 16.8 ms, GC Workers: 8]
      [GC Worker Start (ms): Min: 350824392.9, Avg: 350824394.7, Max: 350824395.7, Diff: 2.9]
      [Ext Root Scanning (ms): Min: 2.3, Avg: 4.6, Max: 6.1, Diff: 3.8, Sum: 36.7]
      [Update RS (ms): Min: 0.0, Avg: 1.7, Max: 5.5, Diff: 5.5, Sum: 13.6]
         [Processed Buffers: Min: 0, Avg: 5.6, Max: 17, Diff: 17, Sum: 45]
      [Scan RS (ms): Min: 0.0, Avg: 0.0, Max: 0.1, Diff: 0.1, Sum: 0.3]
      [Code Root Scanning (ms): Min: 0.0, Avg: 0.0, Max: 0.0, Diff: 0.0, Sum: 0.0]
      [Object Copy (ms): Min: 0.1, Avg: 1.9, Max: 3.2, Diff: 3.1, Sum: 15.2]
      [Termination (ms): Min: 0.0, Avg: 0.6, Max: 0.8, Diff: 0.8, Sum: 5.2]
         [Termination Attempts: Min: 1, Avg: 24.1, Max: 37, Diff: 36, Sum: 193]
      [GC Worker Other (ms): Min: 0.0, Avg: 0.0, Max: 0.0, Diff: 0.0, Sum: 0.1]
      [GC Worker Total (ms): Min: 7.8, Avg: 8.9, Max: 10.7, Diff: 2.9, Sum: 71.0]
      [GC Worker End (ms): Min: 350824403.6, Avg: 350824403.6, Max: 350824403.6, Diff: 0.1]
   [Code Root Fixup: 0.0 ms]
   [Code Root Purge: 0.0 ms]
   [Clear CT: 0.9 ms]
   [Other: 14.6 ms]
      [Choose CSet: 0.0 ms]
      [Ref Proc: 14.2 ms]
      [Ref Enq: 0.1 ms]
      [Redirty Cards: 0.1 ms]
      [Humongous Register: 0.0 ms]
      [Humongous Reclaim: 0.0 ms]
      [Free CSet: 0.1 ms]
   [Eden: 7152.0M(7152.0M)->0.0B(7152.0M) Survivors: 16384.0K->16384.0K Heap: 10830.4M(14336.0M)->3682.1M(14336.0M)]
 [Times: user=0.10 sys=0.00, real=0.03 secs] 
2022-09-14T00:26:35.906-0600: 350824.424: [GC concurrent-root-region-scan-start]
2022-09-14T00:26:35.913-0600: 350824.430: [GC concurrent-root-region-scan-end, 0.0064339 secs]
2022-09-14T00:26:35.913-0600: 350824.430: [GC concurrent-mark-start]
2022-09-14T00:26:37.190-0600: 350825.707: [GC concurrent-mark-end, 1.2770964 secs]
2022-09-14T00:26:37.190-0600: 350825.708: [GC remark 2022-09-14T00:26:37.190-0600: 350825.708: [Finalize Marking, 0.0023424 secs] 2022-09-14T00:26:37.192-0600: 350825.710: [GC ref-proc, 0.0283051 secs] 2022-09-14T00:26:37.221-0600: 350825.738: [Unloading, 0.0264846 secs], 0.0616204 secs]
 [Times: user=0.26 sys=0.00, real=0.06 secs] 
2022-09-14T00:26:37.252-0600: 350825.770: [GC cleanup 3810M->3810M(14336M), 0.0109329 secs]
 [Times: user=0.03 sys=0.00, real=0.02 secs] 
2022-09-14T00:28:18.275-0600: 350926.793: [GC pause (G1 Evacuation Pause) (young), 0.0262230 secs]
   [Parallel Time: 4.9 ms, GC Workers: 8]
      [GC Worker Start (ms): Min: 350926792.8, Avg: 350926792.9, Max: 350926792.9, Diff: 0.1]
      [Ext Root Scanning (ms): Min: 0.6, Avg: 1.1, Max: 3.9, Diff: 3.3, Sum: 9.1]
      [Update RS (ms): Min: 0.0, Avg: 1.7, Max: 4.1, Diff: 4.1, Sum: 13.9]
         [Processed Buffers: Min: 0, Avg: 6.0, Max: 11, Diff: 11, Sum: 48]
      [Scan RS (ms): Min: 0.0, Avg: 0.0, Max: 0.1, Diff: 0.1, Sum: 0.2]
      [Code Root Scanning (ms): Min: 0.0, Avg: 0.0, Max: 0.0, Diff: 0.0, Sum: 0.0]
      [Object Copy (ms): Min: 0.1, Avg: 1.3, Max: 2.3, Diff: 2.2, Sum: 10.1]
      [Termination (ms): Min: 0.0, Avg: 0.7, Max: 0.8, Diff: 0.8, Sum: 5.3]
         [Termination Attempts: Min: 1, Avg: 29.2, Max: 58, Diff: 57, Sum: 234]
      [GC Worker Other (ms): Min: 0.0, Avg: 0.0, Max: 0.0, Diff: 0.0, Sum: 0.1]
      [GC Worker Total (ms): Min: 4.8, Avg: 4.8, Max: 4.9, Diff: 0.1, Sum: 38.8]
      [GC Worker End (ms): Min: 350926797.7, Avg: 350926797.7, Max: 350926797.7, Diff: 0.0]
   [Code Root Fixup: 0.0 ms]
   [Code Root Purge: 0.0 ms]
   [Clear CT: 0.9 ms]
   [Other: 20.4 ms]
      [Choose CSet: 0.0 ms]
      [Ref Proc: 20.0 ms]
      [Ref Enq: 0.1 ms]
      [Redirty Cards: 0.1 ms]
      [Humongous Register: 0.0 ms]
      [Humongous Reclaim: 0.0 ms]
      [Free CSet: 0.1 ms]
   [Eden: 7152.0M(7152.0M)->0.0B(5712.0M) Survivors: 16384.0K->16384.0K Heap: 10834.1M(14336.0M)->3682.0M(14336.0M)]
 [Times: user=0.09 sys=0.00, real=0.03 secs] 
2022-09-14T00:29:39.377-0600: 351007.895: [GC pause (G1 Evacuation Pause) (mixed), 0.0260488 secs]
   [Parallel Time: 9.5 ms, GC Workers: 8]
      [GC Worker Start (ms): Min: 351007894.9, Avg: 351007897.9, Max: 351007902.3, Diff: 7.4]
      [Ext Root Scanning (ms): Min: 0.0, Avg: 1.1, Max: 3.5, Diff: 3.5, Sum: 8.7]
      [Update RS (ms): Min: 0.0, Avg: 1.1, Max: 2.2, Diff: 2.2, Sum: 9.1]
         [Processed Buffers: Min: 0, Avg: 6.1, Max: 15, Diff: 15, Sum: 49]
      [Scan RS (ms): Min: 0.0, Avg: 0.8, Max: 1.4, Diff: 1.4, Sum: 6.7]
      [Code Root Scanning (ms): Min: 0.0, Avg: 0.0, Max: 0.0, Diff: 0.0, Sum: 0.0]
      [Object Copy (ms): Min: 1.9, Avg: 3.2, Max: 6.9, Diff: 4.9, Sum: 26.0]
      [Termination (ms): Min: 0.0, Avg: 0.0, Max: 0.0, Diff: 0.0, Sum: 0.1]
         [Termination Attempts: Min: 1, Avg: 33.1, Max: 49, Diff: 48, Sum: 265]
      [GC Worker Other (ms): Min: 0.0, Avg: 0.0, Max: 0.0, Diff: 0.0, Sum: 0.1]
      [GC Worker Total (ms): Min: 2.0, Avg: 6.3, Max: 9.4, Diff: 7.4, Sum: 50.7]
      [GC Worker End (ms): Min: 351007904.3, Avg: 351007904.3, Max: 351007904.3, Diff: 0.0]
   [Code Root Fixup: 0.0 ms]
   [Code Root Purge: 0.0 ms]
   [Clear CT: 0.8 ms]
   [Other: 15.7 ms]
      [Choose CSet: 0.0 ms]
      [Ref Proc: 15.3 ms]
      [Ref Enq: 0.1 ms]
      [Redirty Cards: 0.1 ms]
      [Humongous Register: 0.0 ms]
      [Humongous Reclaim: 0.0 ms]
      [Free CSet: 0.1 ms]
   [Eden: 5712.0M(5712.0M)->0.0B(7152.0M) Survivors: 16384.0K->16384.0K Heap: 9394.0M(14336.0M)->3672.2M(14336.0M)]
 [Times: user=0.10 sys=0.01, real=0.03 secs] 
2022-09-14T00:31:20.079-0600: 351108.597: [GC pause (G1 Evacuation Pause) (young), 0.0272028 secs]
   [Parallel Time: 7.4 ms, GC Workers: 8]
      [GC Worker Start (ms): Min: 351108597.2, Avg: 351108598.8, Max: 351108602.3, Diff: 5.1]
      [Ext Root Scanning (ms): Min: 0.0, Avg: 0.8, Max: 3.3, Diff: 3.3, Sum: 6.8]
      [Update RS (ms): Min: 0.0, Avg: 2.6, Max: 4.0, Diff: 4.0, Sum: 21.1]
         [Processed Buffers: Min: 0, Avg: 12.8, Max: 26, Diff: 26, Sum: 102]
      [Scan RS (ms): Min: 0.0, Avg: 0.3, Max: 2.2, Diff: 2.2, Sum: 2.4]
      [Code Root Scanning (ms): Min: 0.0, Avg: 0.0, Max: 0.0, Diff: 0.0, Sum: 0.0]
      [Object Copy (ms): Min: 0.0, Avg: 1.4, Max: 1.7, Diff: 1.7, Sum: 10.8]
      [Termination (ms): Min: 0.0, Avg: 0.5, Max: 0.6, Diff: 0.6, Sum: 4.2]
         [Termination Attempts: Min: 1, Avg: 1.4, Max: 3, Diff: 2, Sum: 11]
      [GC Worker Other (ms): Min: 0.0, Avg: 0.0, Max: 0.0, Diff: 0.0, Sum: 0.1]
      [GC Worker Total (ms): Min: 2.2, Avg: 5.7, Max: 7.3, Diff: 5.1, Sum: 45.5]
      [GC Worker End (ms): Min: 351108604.5, Avg: 351108604.5, Max: 351108604.5, Diff: 0.0]
   [Code Root Fixup: 0.0 ms]
   [Code Root Purge: 0.0 ms]
   [Clear CT: 0.8 ms]
   [Other: 19.0 ms]
      [Choose CSet: 0.0 ms]
      [Ref Proc: 18.7 ms]
      [Ref Enq: 0.1 ms]
      [Redirty Cards: 0.1 ms]
      [Humongous Register: 0.0 ms]
      [Humongous Reclaim: 0.0 ms]
      [Free CSet: 0.1 ms]
   [Eden: 7152.0M(7152.0M)->0.0B(7152.0M) Survivors: 16384.0K->16384.0K Heap: 10824.2M(14336.0M)->3678.1M(14336.0M)]
 [Times: user=0.11 sys=0.00, real=0.03 secs] 
2022-09-14T00:32:59.831-0600: 351208.349: [GC pause (G1 Evacuation Pause) (young) (initial-mark), 0.0534395 secs]
   [Parallel Time: 18.7 ms, GC Workers: 8]
      [GC Worker Start (ms): Min: 351208350.0, Avg: 351208351.7, Max: 351208352.7, Diff: 2.7]
      [Ext Root Scanning (ms): Min: 1.4, Avg: 9.1, Max: 16.7, Diff: 15.2, Sum: 73.1]
      [Update RS (ms): Min: 0.0, Avg: 3.0, Max: 12.4, Diff: 12.4, Sum: 24.0]
         [Processed Buffers: Min: 0, Avg: 5.9, Max: 16, Diff: 16, Sum: 47]
      [Scan RS (ms): Min: 0.0, Avg: 0.0, Max: 0.1, Diff: 0.1, Sum: 0.2]
      [Code Root Scanning (ms): Min: 0.0, Avg: 0.0, Max: 0.0, Diff: 0.0, Sum: 0.0]
      [Object Copy (ms): Min: 0.0, Avg: 1.5, Max: 4.0, Diff: 4.0, Sum: 12.0]
      [Termination (ms): Min: 0.0, Avg: 1.8, Max: 3.3, Diff: 3.3, Sum: 14.6]
         [Termination Attempts: Min: 1, Avg: 12.1, Max: 31, Diff: 30, Sum: 97]
      [GC Worker Other (ms): Min: 0.0, Avg: 0.0, Max: 0.0, Diff: 0.0, Sum: 0.0]
      [GC Worker Total (ms): Min: 14.5, Avg: 15.5, Max: 17.3, Diff: 2.8, Sum: 123.9]
      [GC Worker End (ms): Min: 351208367.2, Avg: 351208367.2, Max: 351208367.3, Diff: 0.1]
   [Code Root Fixup: 0.0 ms]
   [Code Root Purge: 0.0 ms]
   [Clear CT: 0.6 ms]
   [Other: 34.2 ms]
      [Choose CSet: 0.0 ms]
      [Ref Proc: 33.7 ms]
      [Ref Enq: 0.1 ms]
      [Redirty Cards: 0.1 ms]
      [Humongous Register: 0.0 ms]
      [Humongous Reclaim: 0.0 ms]
      [Free CSet: 0.1 ms]
   [Eden: 7152.0M(7152.0M)->0.0B(7152.0M) Survivors: 16384.0K->16384.0K Heap: 10830.1M(14336.0M)->3682.0M(14336.0M)]
 [Times: user=0.18 sys=0.00, real=0.06 secs] 
2022-09-14T00:32:59.884-0600: 351208.402: [GC concurrent-root-region-scan-start]
2022-09-14T00:32:59.891-0600: 351208.409: [GC concurrent-root-region-scan-end, 0.0065474 secs]
2022-09-14T00:32:59.891-0600: 351208.409: [GC concurrent-mark-start]
2022-09-14T00:33:01.207-0600: 351209.725: [GC concurrent-mark-end, 1.3158307 secs]
2022-09-14T00:33:01.207-0600: 351209.725: [GC remark 2022-09-14T00:33:01.207-0600: 351209.725: [Finalize Marking, 0.0018177 secs] 2022-09-14T00:33:01.209-0600: 351209.727: [GC ref-proc, 0.0265042 secs] 2022-09-14T00:33:01.235-0600: 351209.753: [Unloading, 0.0258733 secs], 0.0585914 secs]
 [Times: user=0.25 sys=0.00, real=0.06 secs] 
2022-09-14T00:33:01.266-0600: 351209.784: [GC cleanup 3818M->3818M(14336M), 0.0129004 secs]
 [Times: user=0.02 sys=0.00, real=0.01 secs] 
2022-09-14T00:34:40.975-0600: 351309.493: [GC pause (G1 Evacuation Pause) (young), 0.0200383 secs]
   [Parallel Time: 5.6 ms, GC Workers: 8]
      [GC Worker Start (ms): Min: 351309492.7, Avg: 351309494.3, Max: 351309498.2, Diff: 5.4]
      [Ext Root Scanning (ms): Min: 0.0, Avg: 0.8, Max: 3.1, Diff: 3.1, Sum: 6.6]
      [Update RS (ms): Min: 0.0, Avg: 1.4, Max: 2.0, Diff: 2.0, Sum: 11.5]
         [Processed Buffers: Min: 0, Avg: 7.1, Max: 17, Diff: 17, Sum: 57]
      [Scan RS (ms): Min: 0.0, Avg: 0.0, Max: 0.1, Diff: 0.1, Sum: 0.2]
      [Code Root Scanning (ms): Min: 0.0, Avg: 0.0, Max: 0.0, Diff: 0.0, Sum: 0.0]
      [Object Copy (ms): Min: 0.0, Avg: 1.1, Max: 1.4, Diff: 1.4, Sum: 8.9]
      [Termination (ms): Min: 0.0, Avg: 0.5, Max: 0.6, Diff: 0.6, Sum: 4.3]
         [Termination Attempts: Min: 1, Avg: 4.8, Max: 9, Diff: 8, Sum: 38]
      [GC Worker Other (ms): Min: 0.0, Avg: 0.0, Max: 0.0, Diff: 0.0, Sum: 0.0]
      [GC Worker Total (ms): Min: 0.0, Avg: 4.0, Max: 5.5, Diff: 5.5, Sum: 31.7]
      [GC Worker End (ms): Min: 351309498.2, Avg: 351309498.2, Max: 351309498.2, Diff: 0.0]
   [Code Root Fixup: 0.0 ms]
   [Code Root Purge: 0.0 ms]
   [Clear CT: 0.5 ms]
   [Other: 14.0 ms]
      [Choose CSet: 0.0 ms]
      [Ref Proc: 13.6 ms]
      [Ref Enq: 0.1 ms]
      [Redirty Cards: 0.1 ms]
      [Humongous Register: 0.0 ms]
      [Humongous Reclaim: 0.0 ms]
      [Free CSet: 0.1 ms]
   [Eden: 7152.0M(7152.0M)->0.0B(5712.0M) Survivors: 16384.0K->16384.0K Heap: 10834.0M(14336.0M)->3681.5M(14336.0M)]
 [Times: user=0.07 sys=0.01, real=0.02 secs] 
2022-09-14T00:36:00.676-0600: 351389.194: [GC pause (G1 Evacuation Pause) (mixed), 0.0252381 secs]
   [Parallel Time: 6.3 ms, GC Workers: 8]
      [GC Worker Start (ms): Min: 351389193.8, Avg: 351389194.0, Max: 351389194.4, Diff: 0.6]
      [Ext Root Scanning (ms): Min: 0.3, Avg: 1.1, Max: 3.9, Diff: 3.7, Sum: 8.9]
      [Update RS (ms): Min: 0.0, Avg: 1.2, Max: 1.6, Diff: 1.6, Sum: 9.8]
         [Processed Buffers: Min: 0, Avg: 5.8, Max: 12, Diff: 12, Sum: 46]
      [Scan RS (ms): Min: 0.0, Avg: 1.0, Max: 1.2, Diff: 1.2, Sum: 7.8]
      [Code Root Scanning (ms): Min: 0.0, Avg: 0.0, Max: 0.0, Diff: 0.0, Sum: 0.0]
      [Object Copy (ms): Min: 2.1, Avg: 2.5, Max: 2.7, Diff: 0.6, Sum: 20.4]
      [Termination (ms): Min: 0.0, Avg: 0.0, Max: 0.1, Diff: 0.0, Sum: 0.3]
         [Termination Attempts: Min: 6, Avg: 13.5, Max: 24, Diff: 18, Sum: 108]
      [GC Worker Other (ms): Min: 0.0, Avg: 0.0, Max: 0.0, Diff: 0.0, Sum: 0.1]
      [GC Worker Total (ms): Min: 5.5, Avg: 5.9, Max: 6.1, Diff: 0.6, Sum: 47.2]
      [GC Worker End (ms): Min: 351389199.9, Avg: 351389199.9, Max: 351389200.0, Diff: 0.0]
   [Code Root Fixup: 0.0 ms]
   [Code Root Purge: 0.0 ms]
   [Clear CT: 0.8 ms]
   [Other: 18.1 ms]
      [Choose CSet: 0.0 ms]
      [Ref Proc: 17.8 ms]
      [Ref Enq: 0.1 ms]
      [Redirty Cards: 0.1 ms]
      [Humongous Register: 0.0 ms]
      [Humongous Reclaim: 0.0 ms]
      [Free CSet: 0.1 ms]
   [Eden: 5712.0M(5712.0M)->0.0B(7152.0M) Survivors: 16384.0K->16384.0K Heap: 9393.5M(14336.0M)->3673.2M(14336.0M)]
 [Times: user=0.10 sys=0.00, real=0.03 secs] 
2022-09-14T00:37:42.625-0600: 351491.143: [GC pause (G1 Evacuation Pause) (young), 0.0313848 secs]
   [Parallel Time: 8.7 ms, GC Workers: 8]
      [GC Worker Start (ms): Min: 351491143.0, Avg: 351491145.6, Max: 351491151.6, Diff: 8.6]
      [Ext Root Scanning (ms): Min: 0.0, Avg: 1.2, Max: 2.9, Diff: 2.9, Sum: 9.5]
      [Update RS (ms): Min: 0.0, Avg: 2.7, Max: 4.0, Diff: 4.0, Sum: 21.8]
         [Processed Buffers: Min: 0, Avg: 13.5, Max: 22, Diff: 22, Sum: 108]
      [Scan RS (ms): Min: 0.0, Avg: 0.0, Max: 0.1, Diff: 0.1, Sum: 0.2]
      [Code Root Scanning (ms): Min: 0.0, Avg: 0.0, Max: 0.0, Diff: 0.0, Sum: 0.0]
      [Object Copy (ms): Min: 0.0, Avg: 1.1, Max: 1.6, Diff: 1.6, Sum: 8.5]
      [Termination (ms): Min: 0.0, Avg: 1.0, Max: 1.3, Diff: 1.3, Sum: 8.0]
         [Termination Attempts: Min: 1, Avg: 1.5, Max: 2, Diff: 1, Sum: 12]
      [GC Worker Other (ms): Min: 0.0, Avg: 0.0, Max: 0.0, Diff: 0.0, Sum: 0.0]
      [GC Worker Total (ms): Min: 0.0, Avg: 6.0, Max: 8.6, Diff: 8.6, Sum: 48.2]
      [GC Worker End (ms): Min: 351491151.6, Avg: 351491151.7, Max: 351491151.7, Diff: 0.1]
   [Code Root Fixup: 0.0 ms]
   [Code Root Purge: 0.0 ms]
   [Clear CT: 0.8 ms]
   [Other: 21.9 ms]
      [Choose CSet: 0.0 ms]
      [Ref Proc: 21.5 ms]
      [Ref Enq: 0.1 ms]
      [Redirty Cards: 0.1 ms]
      [Humongous Register: 0.0 ms]
      [Humongous Reclaim: 0.0 ms]
      [Free CSet: 0.1 ms]
   [Eden: 7152.0M(7152.0M)->0.0B(7152.0M) Survivors: 16384.0K->16384.0K Heap: 10825.2M(14336.0M)->3677.6M(14336.0M)]
 [Times: user=0.12 sys=0.00, real=0.03 secs] 
2022-09-14T00:39:24.326-0600: 351592.844: [GC pause (G1 Evacuation Pause) (young) (initial-mark), 0.0302972 secs]
   [Parallel Time: 13.7 ms, GC Workers: 8]
      [GC Worker Start (ms): Min: 351592845.2, Avg: 351592847.3, Max: 351592848.3, Diff: 3.0]
      [Ext Root Scanning (ms): Min: 2.4, Avg: 5.1, Max: 9.2, Diff: 6.7, Sum: 40.4]
      [Update RS (ms): Min: 0.0, Avg: 1.2, Max: 2.1, Diff: 2.1, Sum: 9.4]
         [Processed Buffers: Min: 0, Avg: 6.2, Max: 14, Diff: 14, Sum: 50]
      [Scan RS (ms): Min: 0.0, Avg: 0.0, Max: 0.1, Diff: 0.1, Sum: 0.2]
      [Code Root Scanning (ms): Min: 0.0, Avg: 0.0, Max: 0.0, Diff: 0.0, Sum: 0.0]
      [Object Copy (ms): Min: 0.0, Avg: 1.0, Max: 1.6, Diff: 1.6, Sum: 8.1]
      [Termination (ms): Min: 0.0, Avg: 2.8, Max: 3.5, Diff: 3.5, Sum: 22.4]
         [Termination Attempts: Min: 1, Avg: 15.8, Max: 37, Diff: 36, Sum: 126]
      [GC Worker Other (ms): Min: 0.0, Avg: 0.0, Max: 0.0, Diff: 0.0, Sum: 0.0]
      [GC Worker Total (ms): Min: 9.2, Avg: 10.1, Max: 12.2, Diff: 3.1, Sum: 80.6]
      [GC Worker End (ms): Min: 351592857.4, Avg: 351592857.4, Max: 351592857.5, Diff: 0.1]
   [Code Root Fixup: 0.0 ms]
   [Code Root Purge: 0.0 ms]
   [Clear CT: 0.6 ms]
   [Other: 16.0 ms]
      [Choose CSet: 0.0 ms]
      [Ref Proc: 15.6 ms]
      [Ref Enq: 0.1 ms]
      [Redirty Cards: 0.0 ms]
      [Humongous Register: 0.0 ms]
      [Humongous Reclaim: 0.0 ms]
      [Free CSet: 0.1 ms]
   [Eden: 7152.0M(7152.0M)->0.0B(7152.0M) Survivors: 16384.0K->16384.0K Heap: 10829.6M(14336.0M)->3678.5M(14336.0M)]
 [Times: user=0.11 sys=0.00, real=0.03 secs] 
2022-09-14T00:39:24.357-0600: 351592.874: [GC concurrent-root-region-scan-start]
2022-09-14T00:39:24.363-0600: 351592.881: [GC concurrent-root-region-scan-end, 0.0067553 secs]
2022-09-14T00:39:24.363-0600: 351592.881: [GC concurrent-mark-start]
2022-09-14T00:39:25.671-0600: 351594.189: [GC concurrent-mark-end, 1.3080946 secs]
2022-09-14T00:39:25.672-0600: 351594.189: [GC remark 2022-09-14T00:39:25.672-0600: 351594.189: [Finalize Marking, 0.0029977 secs] 2022-09-14T00:39:25.675-0600: 351594.192: [GC ref-proc, 0.0291621 secs] 2022-09-14T00:39:25.704-0600: 351594.222: [Unloading, 0.0282882 secs], 0.0643039 secs]
 [Times: user=0.26 sys=0.00, real=0.07 secs] 
2022-09-14T00:39:25.736-0600: 351594.254: [GC cleanup 3774M->3774M(14336M), 0.0087599 secs]
 [Times: user=0.02 sys=0.00, real=0.01 secs] 
2022-09-14T00:41:03.528-0600: 351692.045: [GC pause (G1 Evacuation Pause) (young), 0.0224570 secs]
   [Parallel Time: 10.2 ms, GC Workers: 8]
      [GC Worker Start (ms): Min: 351692045.3, Avg: 351692048.6, Max: 351692053.7, Diff: 8.4]
      [Ext Root Scanning (ms): Min: 0.0, Avg: 1.8, Max: 8.0, Diff: 8.0, Sum: 14.2]
      [Update RS (ms): Min: 0.0, Avg: 2.1, Max: 7.2, Diff: 7.2, Sum: 16.5]
         [Processed Buffers: Min: 0, Avg: 6.0, Max: 25, Diff: 25, Sum: 48]
      [Scan RS (ms): Min: 0.0, Avg: 0.0, Max: 0.1, Diff: 0.1, Sum: 0.2]
      [Code Root Scanning (ms): Min: 0.0, Avg: 0.0, Max: 0.0, Diff: 0.0, Sum: 0.0]
      [Object Copy (ms): Min: 0.0, Avg: 1.3, Max: 2.7, Diff: 2.7, Sum: 10.1]
      [Termination (ms): Min: 0.0, Avg: 1.6, Max: 2.3, Diff: 2.3, Sum: 13.1]
         [Termination Attempts: Min: 1, Avg: 3.5, Max: 21, Diff: 20, Sum: 28]
      [GC Worker Other (ms): Min: 0.0, Avg: 0.0, Max: 0.0, Diff: 0.0, Sum: 0.0]
      [GC Worker Total (ms): Min: 1.7, Avg: 6.8, Max: 10.0, Diff: 8.3, Sum: 54.1]
      [GC Worker End (ms): Min: 351692055.3, Avg: 351692055.4, Max: 351692055.5, Diff: 0.1]
   [Code Root Fixup: 0.0 ms]
   [Code Root Purge: 0.0 ms]
   [Clear CT: 0.9 ms]
   [Other: 11.3 ms]
      [Choose CSet: 0.0 ms]
      [Ref Proc: 11.0 ms]
      [Ref Enq: 0.1 ms]
      [Redirty Cards: 0.1 ms]
      [Humongous Register: 0.0 ms]
      [Humongous Reclaim: 0.0 ms]
      [Free CSet: 0.1 ms]
   [Eden: 7152.0M(7152.0M)->0.0B(5712.0M) Survivors: 16384.0K->16384.0K Heap: 10830.5M(14336.0M)->3679.4M(14336.0M)]
 [Times: user=0.08 sys=0.00, real=0.02 secs] 
2022-09-14T00:42:24.580-0600: 351773.098: [GC pause (G1 Evacuation Pause) (mixed), 0.0231580 secs]
   [Parallel Time: 7.5 ms, GC Workers: 8]
      [GC Worker Start (ms): Min: 351773097.8, Avg: 351773099.1, Max: 351773102.3, Diff: 4.5]
      [Ext Root Scanning (ms): Min: 0.0, Avg: 0.9, Max: 3.8, Diff: 3.8, Sum: 7.6]
      [Update RS (ms): Min: 0.0, Avg: 1.1, Max: 1.8, Diff: 1.8, Sum: 8.6]
         [Processed Buffers: Min: 0, Avg: 5.4, Max: 14, Diff: 14, Sum: 43]
      [Scan RS (ms): Min: 0.0, Avg: 0.9, Max: 1.4, Diff: 1.4, Sum: 6.8]
      [Code Root Scanning (ms): Min: 0.0, Avg: 0.0, Max: 0.0, Diff: 0.0, Sum: 0.0]
      [Object Copy (ms): Min: 2.8, Avg: 3.2, Max: 3.3, Diff: 0.5, Sum: 25.2]
      [Termination (ms): Min: 0.0, Avg: 0.0, Max: 0.1, Diff: 0.1, Sum: 0.3]
         [Termination Attempts: Min: 1, Avg: 3.5, Max: 7, Diff: 6, Sum: 28]
      [GC Worker Other (ms): Min: 0.0, Avg: 0.0, Max: 0.1, Diff: 0.0, Sum: 0.2]
      [GC Worker Total (ms): Min: 2.9, Avg: 6.1, Max: 7.5, Diff: 4.6, Sum: 48.7]
      [GC Worker End (ms): Min: 351773105.2, Avg: 351773105.2, Max: 351773105.3, Diff: 0.0]
   [Code Root Fixup: 0.0 ms]
   [Code Root Purge: 0.0 ms]
   [Clear CT: 0.6 ms]
   [Other: 15.0 ms]
      [Choose CSet: 0.0 ms]
      [Ref Proc: 14.6 ms]
      [Ref Enq: 0.1 ms]
      [Redirty Cards: 0.1 ms]
      [Humongous Register: 0.0 ms]
      [Humongous Reclaim: 0.0 ms]
      [Free CSet: 0.1 ms]
   [Eden: 5712.0M(5712.0M)->0.0B(7152.0M) Survivors: 16384.0K->16384.0K Heap: 9391.4M(14336.0M)->3674.0M(14336.0M)]
 [Times: user=0.10 sys=0.00, real=0.03 secs] 
2022-09-14T00:44:06.624-0600: 351875.141: [GC pause (G1 Evacuation Pause) (young), 0.0272693 secs]
   [Parallel Time: 8.7 ms, GC Workers: 8]
      [GC Worker Start (ms): Min: 351875141.4, Avg: 351875143.8, Max: 351875149.9, Diff: 8.5]
      [Ext Root Scanning (ms): Min: 0.0, Avg: 0.9, Max: 3.3, Diff: 3.3, Sum: 7.0]
      [Update RS (ms): Min: 0.0, Avg: 3.1, Max: 4.7, Diff: 4.7, Sum: 25.1]
         [Processed Buffers: Min: 0, Avg: 14.0, Max: 25, Diff: 25, Sum: 112]
      [Scan RS (ms): Min: 0.0, Avg: 0.0, Max: 0.1, Diff: 0.1, Sum: 0.2]
      [Code Root Scanning (ms): Min: 0.0, Avg: 0.0, Max: 0.0, Diff: 0.0, Sum: 0.0]
      [Object Copy (ms): Min: 0.0, Avg: 1.1, Max: 1.5, Diff: 1.5, Sum: 8.6]
      [Termination (ms): Min: 0.0, Avg: 1.0, Max: 1.3, Diff: 1.3, Sum: 8.3]
         [Termination Attempts: Min: 1, Avg: 27.1, Max: 47, Diff: 46, Sum: 217]
      [GC Worker Other (ms): Min: 0.0, Avg: 0.0, Max: 0.0, Diff: 0.0, Sum: 0.1]
      [GC Worker Total (ms): Min: 0.0, Avg: 6.2, Max: 8.6, Diff: 8.6, Sum: 49.4]
      [GC Worker End (ms): Min: 351875149.9, Avg: 351875150.0, Max: 351875150.0, Diff: 0.0]
   [Code Root Fixup: 0.0 ms]
   [Code Root Purge: 0.0 ms]
   [Clear CT: 0.8 ms]
   [Other: 17.8 ms]
      [Choose CSet: 0.0 ms]
      [Ref Proc: 17.4 ms]
      [Ref Enq: 0.1 ms]
      [Redirty Cards: 0.1 ms]
      [Humongous Register: 0.0 ms]
      [Humongous Reclaim: 0.0 ms]
      [Free CSet: 0.1 ms]
   [Eden: 7152.0M(7152.0M)->0.0B(7152.0M) Survivors: 16384.0K->16384.0K Heap: 10826.0M(14336.0M)->3676.2M(14336.0M)]
 [Times: user=0.12 sys=0.00, real=0.02 secs] 
2022-09-14T00:45:45.424-0600: 351973.942: [GC pause (G1 Evacuation Pause) (young) (initial-mark), 0.0404118 secs]
   [Parallel Time: 17.1 ms, GC Workers: 8]
      [GC Worker Start (ms): Min: 351973943.4, Avg: 351973946.0, Max: 351973946.9, Diff: 3.5]
      [Ext Root Scanning (ms): Min: 1.3, Avg: 7.7, Max: 12.0, Diff: 10.7, Sum: 62.0]
      [Update RS (ms): Min: 0.0, Avg: 1.2, Max: 4.6, Diff: 4.6, Sum: 9.2]
         [Processed Buffers: Min: 0, Avg: 5.9, Max: 14, Diff: 14, Sum: 47]
      [Scan RS (ms): Min: 0.0, Avg: 0.0, Max: 0.1, Diff: 0.1, Sum: 0.2]
      [Code Root Scanning (ms): Min: 0.0, Avg: 0.0, Max: 0.0, Diff: 0.0, Sum: 0.0]
      [Object Copy (ms): Min: 0.0, Avg: 2.1, Max: 3.9, Diff: 3.9, Sum: 16.8]
      [Termination (ms): Min: 0.0, Avg: 1.9, Max: 2.5, Diff: 2.5, Sum: 15.3]
         [Termination Attempts: Min: 1, Avg: 2.8, Max: 5, Diff: 4, Sum: 22]
      [GC Worker Other (ms): Min: 0.0, Avg: 0.0, Max: 0.0, Diff: 0.0, Sum: 0.1]
      [GC Worker Total (ms): Min: 12.0, Avg: 13.0, Max: 15.6, Diff: 3.5, Sum: 103.6]
      [GC Worker End (ms): Min: 351973958.9, Avg: 351973959.0, Max: 351973959.1, Diff: 0.1]
   [Code Root Fixup: 0.0 ms]
   [Code Root Purge: 0.0 ms]
   [Clear CT: 0.9 ms]
   [Other: 22.4 ms]
      [Choose CSet: 0.0 ms]
      [Ref Proc: 22.0 ms]
      [Ref Enq: 0.1 ms]
      [Redirty Cards: 0.1 ms]
      [Humongous Register: 0.0 ms]
      [Humongous Reclaim: 0.0 ms]
      [Free CSet: 0.1 ms]
   [Eden: 7152.0M(7152.0M)->0.0B(7152.0M) Survivors: 16384.0K->16384.0K Heap: 10828.2M(14336.0M)->3683.9M(14336.0M)]
 [Times: user=0.13 sys=0.00, real=0.04 secs] 
2022-09-14T00:45:45.465-0600: 351973.983: [GC concurrent-root-region-scan-start]
2022-09-14T00:45:45.477-0600: 351973.995: [GC concurrent-root-region-scan-end, 0.0121220 secs]
2022-09-14T00:45:45.477-0600: 351973.995: [GC concurrent-mark-start]
2022-09-14T00:45:46.776-0600: 351975.294: [GC concurrent-mark-end, 1.2993827 secs]
2022-09-14T00:45:46.777-0600: 351975.294: [GC remark 2022-09-14T00:45:46.777-0600: 351975.294: [Finalize Marking, 0.0023710 secs] 2022-09-14T00:45:46.779-0600: 351975.297: [GC ref-proc, 0.0351793 secs] 2022-09-14T00:45:46.814-0600: 351975.332: [Unloading, 0.0255639 secs], 0.0677456 secs]
 [Times: user=0.29 sys=0.00, real=0.07 secs] 
2022-09-14T00:45:46.844-0600: 351975.362: [GC cleanup 3811M->3811M(14336M), 0.0111303 secs]
 [Times: user=0.02 sys=0.00, real=0.01 secs] 
2022-09-14T00:47:24.179-0600: 352072.696: [GC pause (G1 Evacuation Pause) (young), 0.0270108 secs]
   [Parallel Time: 6.4 ms, GC Workers: 8]
      [GC Worker Start (ms): Min: 352072696.5, Avg: 352072698.5, Max: 352072702.8, Diff: 6.3]
      [Ext Root Scanning (ms): Min: 0.0, Avg: 0.9, Max: 3.4, Diff: 3.4, Sum: 7.2]
      [Update RS (ms): Min: 0.0, Avg: 1.2, Max: 2.1, Diff: 2.1, Sum: 9.4]
         [Processed Buffers: Min: 0, Avg: 5.9, Max: 12, Diff: 12, Sum: 47]
      [Scan RS (ms): Min: 0.0, Avg: 0.0, Max: 0.1, Diff: 0.1, Sum: 0.2]
      [Code Root Scanning (ms): Min: 0.0, Avg: 0.0, Max: 0.0, Diff: 0.0, Sum: 0.0]
      [Object Copy (ms): Min: 0.0, Avg: 1.2, Max: 1.7, Diff: 1.7, Sum: 9.8]
      [Termination (ms): Min: 0.0, Avg: 1.0, Max: 1.3, Diff: 1.3, Sum: 8.2]
         [Termination Attempts: Min: 1, Avg: 11.4, Max: 19, Diff: 18, Sum: 91]
      [GC Worker Other (ms): Min: 0.0, Avg: 0.0, Max: 0.0, Diff: 0.0, Sum: 0.0]
      [GC Worker Total (ms): Min: 0.0, Avg: 4.4, Max: 6.3, Diff: 6.3, Sum: 34.8]
      [GC Worker End (ms): Min: 352072702.8, Avg: 352072702.8, Max: 352072702.8, Diff: 0.0]
   [Code Root Fixup: 0.0 ms]
   [Code Root Purge: 0.0 ms]
   [Clear CT: 0.8 ms]
   [Other: 19.8 ms]
      [Choose CSet: 0.0 ms]
      [Ref Proc: 19.4 ms]
      [Ref Enq: 0.1 ms]
      [Redirty Cards: 0.1 ms]
      [Humongous Register: 0.0 ms]
      [Humongous Reclaim: 0.0 ms]
      [Free CSet: 0.1 ms]
   [Eden: 7152.0M(7152.0M)->0.0B(7152.0M) Survivors: 16384.0K->16384.0K Heap: 10835.9M(14336.0M)->3686.1M(14336.0M)]
 [Times: user=0.12 sys=0.00, real=0.03 secs] 
2022-09-14T00:49:03.030-0600: 352171.548: [GC pause (G1 Evacuation Pause) (young), 0.0196977 secs]
   [Parallel Time: 6.7 ms, GC Workers: 8]
      [GC Worker Start (ms): Min: 352171548.1, Avg: 352171550.9, Max: 352171554.7, Diff: 6.6]
      [Ext Root Scanning (ms): Min: 0.0, Avg: 0.8, Max: 2.9, Diff: 2.9, Sum: 6.2]
      [Update RS (ms): Min: 0.0, Avg: 1.2, Max: 1.8, Diff: 1.8, Sum: 9.4]
         [Processed Buffers: Min: 0, Avg: 6.1, Max: 11, Diff: 11, Sum: 49]
      [Scan RS (ms): Min: 0.0, Avg: 0.0, Max: 0.1, Diff: 0.1, Sum: 0.2]
      [Code Root Scanning (ms): Min: 0.0, Avg: 0.0, Max: 0.0, Diff: 0.0, Sum: 0.0]
      [Object Copy (ms): Min: 0.0, Avg: 0.9, Max: 1.3, Diff: 1.3, Sum: 7.1]
      [Termination (ms): Min: 0.0, Avg: 1.0, Max: 1.3, Diff: 1.3, Sum: 7.8]
         [Termination Attempts: Min: 1, Avg: 1.9, Max: 3, Diff: 2, Sum: 15]
      [GC Worker Other (ms): Min: 0.0, Avg: 0.0, Max: 0.0, Diff: 0.0, Sum: 0.0]
      [GC Worker Total (ms): Min: 0.0, Avg: 3.9, Max: 6.7, Diff: 6.7, Sum: 30.8]
      [GC Worker End (ms): Min: 352171554.7, Avg: 352171554.7, Max: 352171554.8, Diff: 0.1]
   [Code Root Fixup: 0.0 ms]
   [Code Root Purge: 0.0 ms]
   [Clear CT: 0.8 ms]
   [Other: 12.2 ms]
      [Choose CSet: 0.0 ms]
      [Ref Proc: 11.8 ms]
      [Ref Enq: 0.1 ms]
      [Redirty Cards: 0.1 ms]
      [Humongous Register: 0.0 ms]
      [Humongous Reclaim: 0.0 ms]
      [Free CSet: 0.1 ms]
   [Eden: 7152.0M(7152.0M)->0.0B(7152.0M) Survivors: 16384.0K->16384.0K Heap: 10838.1M(14336.0M)->3681.0M(14336.0M)]
 [Times: user=0.07 sys=0.00, real=0.02 secs] 
2022-09-14T00:50:43.136-0600: 352271.654: [GC pause (G1 Evacuation Pause) (young) (initial-mark), 0.0369704 secs]
   [Parallel Time: 14.4 ms, GC Workers: 8]
      [GC Worker Start (ms): Min: 352271655.5, Avg: 352271657.8, Max: 352271658.9, Diff: 3.4]
      [Ext Root Scanning (ms): Min: 2.5, Avg: 5.8, Max: 9.5, Diff: 7.0, Sum: 46.1]
      [Update RS (ms): Min: 0.0, Avg: 1.2, Max: 2.0, Diff: 2.0, Sum: 9.5]
         [Processed Buffers: Min: 0, Avg: 5.6, Max: 15, Diff: 15, Sum: 45]
      [Scan RS (ms): Min: 0.0, Avg: 0.0, Max: 0.1, Diff: 0.1, Sum: 0.2]
      [Code Root Scanning (ms): Min: 0.0, Avg: 0.0, Max: 0.0, Diff: 0.0, Sum: 0.0]
      [Object Copy (ms): Min: 0.0, Avg: 0.9, Max: 1.6, Diff: 1.6, Sum: 7.6]
      [Termination (ms): Min: 0.0, Avg: 2.7, Max: 3.8, Diff: 3.8, Sum: 21.8]
         [Termination Attempts: Min: 1, Avg: 2.1, Max: 5, Diff: 4, Sum: 17]
      [GC Worker Other (ms): Min: 0.0, Avg: 0.0, Max: 0.0, Diff: 0.0, Sum: 0.1]
      [GC Worker Total (ms): Min: 9.5, Avg: 10.6, Max: 13.1, Diff: 3.6, Sum: 85.1]
      [GC Worker End (ms): Min: 352271668.4, Avg: 352271668.5, Max: 352271668.5, Diff: 0.1]
   [Code Root Fixup: 0.0 ms]
   [Code Root Purge: 0.0 ms]
   [Clear CT: 0.6 ms]
   [Other: 22.0 ms]
      [Choose CSet: 0.0 ms]
      [Ref Proc: 21.5 ms]
      [Ref Enq: 0.1 ms]
      [Redirty Cards: 0.1 ms]
      [Humongous Register: 0.0 ms]
      [Humongous Reclaim: 0.0 ms]
      [Free CSet: 0.1 ms]
   [Eden: 7152.0M(7152.0M)->0.0B(7152.0M) Survivors: 16384.0K->16384.0K Heap: 10833.0M(14336.0M)->3679.4M(14336.0M)]
 [Times: user=0.15 sys=0.00, real=0.04 secs] 
2022-09-14T00:50:43.173-0600: 352271.691: [GC concurrent-root-region-scan-start]
2022-09-14T00:50:43.179-0600: 352271.697: [GC concurrent-root-region-scan-end, 0.0055343 secs]
2022-09-14T00:50:43.179-0600: 352271.697: [GC concurrent-mark-start]
2022-09-14T00:50:44.515-0600: 352273.033: [GC concurrent-mark-end, 1.3359678 secs]
2022-09-14T00:50:44.515-0600: 352273.033: [GC remark 2022-09-14T00:50:44.515-0600: 352273.033: [Finalize Marking, 0.0022919 secs] 2022-09-14T00:50:44.517-0600: 352273.035: [GC ref-proc, 0.0285455 secs] 2022-09-14T00:50:44.546-0600: 352273.064: [Unloading, 0.0320121 secs], 0.0676900 secs]
 [Times: user=0.26 sys=0.00, real=0.07 secs] 
2022-09-14T00:50:44.583-0600: 352273.101: [GC cleanup 3903M->3903M(14336M), 0.0103198 secs]
 [Times: user=0.03 sys=0.00, real=0.01 secs] 
2022-09-14T00:52:21.478-0600: 352369.996: [GC pause (G1 Evacuation Pause) (young), 0.0216602 secs]
   [Parallel Time: 5.8 ms, GC Workers: 8]
      [GC Worker Start (ms): Min: 352369995.7, Avg: 352369997.8, Max: 352370001.4, Diff: 5.7]
      [Ext Root Scanning (ms): Min: 0.0, Avg: 0.9, Max: 3.4, Diff: 3.4, Sum: 7.3]
      [Update RS (ms): Min: 0.0, Avg: 1.1, Max: 1.9, Diff: 1.9, Sum: 8.9]
         [Processed Buffers: Min: 0, Avg: 6.1, Max: 13, Diff: 13, Sum: 49]
      [Scan RS (ms): Min: 0.0, Avg: 0.0, Max: 0.1, Diff: 0.1, Sum: 0.2]
      [Code Root Scanning (ms): Min: 0.0, Avg: 0.0, Max: 0.0, Diff: 0.0, Sum: 0.0]
      [Object Copy (ms): Min: 0.0, Avg: 1.1, Max: 1.6, Diff: 1.6, Sum: 8.8]
      [Termination (ms): Min: 0.0, Avg: 0.5, Max: 0.6, Diff: 0.6, Sum: 3.7]
         [Termination Attempts: Min: 1, Avg: 2.0, Max: 4, Diff: 3, Sum: 16]
      [GC Worker Other (ms): Min: 0.0, Avg: 0.0, Max: 0.0, Diff: 0.0, Sum: 0.0]
      [GC Worker Total (ms): Min: 0.0, Avg: 3.6, Max: 5.7, Diff: 5.7, Sum: 29.0]
      [GC Worker End (ms): Min: 352370001.4, Avg: 352370001.4, Max: 352370001.4, Diff: 0.0]
   [Code Root Fixup: 0.0 ms]
   [Code Root Purge: 0.0 ms]
   [Clear CT: 0.7 ms]
   [Other: 15.2 ms]
      [Choose CSet: 0.0 ms]
      [Ref Proc: 14.8 ms]
      [Ref Enq: 0.1 ms]
      [Redirty Cards: 0.1 ms]
      [Humongous Register: 0.0 ms]
      [Humongous Reclaim: 0.0 ms]
      [Free CSet: 0.1 ms]
   [Eden: 7152.0M(7152.0M)->0.0B(5712.0M) Survivors: 16384.0K->16384.0K Heap: 10831.4M(14336.0M)->3682.5M(14336.0M)]
 [Times: user=0.08 sys=0.00, real=0.02 secs] 
2022-09-14T00:53:39.625-0600: 352448.143: [GC pause (G1 Evacuation Pause) (mixed), 0.0274770 secs]
   [Parallel Time: 9.8 ms, GC Workers: 8]
      [GC Worker Start (ms): Min: 352448142.6, Avg: 352448145.9, Max: 352448152.3, Diff: 9.7]
      [Ext Root Scanning (ms): Min: 0.0, Avg: 0.9, Max: 3.6, Diff: 3.6, Sum: 7.0]
      [Update RS (ms): Min: 0.0, Avg: 1.0, Max: 2.6, Diff: 2.6, Sum: 8.2]
         [Processed Buffers: Min: 0, Avg: 5.8, Max: 14, Diff: 14, Sum: 46]
      [Scan RS (ms): Min: 0.0, Avg: 1.0, Max: 1.4, Diff: 1.4, Sum: 8.0]
      [Code Root Scanning (ms): Min: 0.0, Avg: 0.0, Max: 0.0, Diff: 0.0, Sum: 0.0]
      [Object Copy (ms): Min: 0.0, Avg: 2.5, Max: 3.5, Diff: 3.5, Sum: 20.2]
      [Termination (ms): Min: 0.0, Avg: 1.0, Max: 1.2, Diff: 1.2, Sum: 8.0]
         [Termination Attempts: Min: 1, Avg: 2.2, Max: 5, Diff: 4, Sum: 18]
      [GC Worker Other (ms): Min: 0.0, Avg: 0.0, Max: 0.0, Diff: 0.0, Sum: 0.1]
      [GC Worker Total (ms): Min: 0.0, Avg: 6.4, Max: 9.8, Diff: 9.7, Sum: 51.4]
      [GC Worker End (ms): Min: 352448152.3, Avg: 352448152.3, Max: 352448152.3, Diff: 0.0]
   [Code Root Fixup: 0.0 ms]
   [Code Root Purge: 0.0 ms]
   [Clear CT: 1.0 ms]
   [Other: 16.6 ms]
      [Choose CSet: 0.0 ms]
      [Ref Proc: 16.2 ms]
      [Ref Enq: 0.1 ms]
      [Redirty Cards: 0.1 ms]
      [Humongous Register: 0.0 ms]
      [Humongous Reclaim: 0.0 ms]
      [Free CSet: 0.1 ms]
   [Eden: 5712.0M(5712.0M)->0.0B(7152.0M) Survivors: 16384.0K->16384.0K Heap: 9394.5M(14336.0M)->3673.3M(14336.0M)]
 [Times: user=0.11 sys=0.00, real=0.02 secs] 
2022-09-14T00:55:17.636-0600: 352546.154: [GC pause (G1 Evacuation Pause) (young), 0.0295705 secs]
   [Parallel Time: 11.5 ms, GC Workers: 8]
      [GC Worker Start (ms): Min: 352546153.9, Avg: 352546156.4, Max: 352546158.8, Diff: 4.9]
      [Ext Root Scanning (ms): Min: 0.0, Avg: 0.8, Max: 2.9, Diff: 2.9, Sum: 6.1]
      [Update RS (ms): Min: 1.5, Avg: 3.9, Max: 9.6, Diff: 8.1, Sum: 30.9]
         [Processed Buffers: Min: 1, Avg: 14.4, Max: 23, Diff: 22, Sum: 115]
      [Scan RS (ms): Min: 0.0, Avg: 0.0, Max: 0.1, Diff: 0.1, Sum: 0.2]
      [Code Root Scanning (ms): Min: 0.0, Avg: 0.0, Max: 0.0, Diff: 0.0, Sum: 0.0]
      [Object Copy (ms): Min: 0.0, Avg: 0.9, Max: 1.3, Diff: 1.3, Sum: 7.4]
      [Termination (ms): Min: 0.0, Avg: 3.2, Max: 3.8, Diff: 3.8, Sum: 25.7]
         [Termination Attempts: Min: 1, Avg: 2.9, Max: 6, Diff: 5, Sum: 23]
      [GC Worker Other (ms): Min: 0.0, Avg: 0.0, Max: 0.0, Diff: 0.0, Sum: 0.0]
      [GC Worker Total (ms): Min: 6.4, Avg: 8.8, Max: 11.2, Diff: 4.9, Sum: 70.3]
      [GC Worker End (ms): Min: 352546165.2, Avg: 352546165.2, Max: 352546165.3, Diff: 0.1]
   [Code Root Fixup: 0.0 ms]
   [Code Root Purge: 0.0 ms]
   [Clear CT: 0.8 ms]
   [Other: 17.3 ms]
      [Choose CSet: 0.0 ms]
      [Ref Proc: 17.0 ms]
      [Ref Enq: 0.1 ms]
      [Redirty Cards: 0.1 ms]
      [Humongous Register: 0.0 ms]
      [Humongous Reclaim: 0.0 ms]
      [Free CSet: 0.1 ms]
   [Eden: 7152.0M(7152.0M)->0.0B(7152.0M) Survivors: 16384.0K->16384.0K Heap: 10825.3M(14336.0M)->3679.2M(14336.0M)]
 [Times: user=0.12 sys=0.00, real=0.03 secs] 
2022-09-14T00:56:53.507-0600: 352642.025: [GC pause (G1 Evacuation Pause) (young) (initial-mark), 0.0358687 secs]
   [Parallel Time: 15.5 ms, GC Workers: 8]
      [GC Worker Start (ms): Min: 352642026.5, Avg: 352642030.0, Max: 352642030.8, Diff: 4.3]
      [Ext Root Scanning (ms): Min: 2.4, Avg: 6.0, Max: 9.8, Diff: 7.4, Sum: 47.8]
      [Update RS (ms): Min: 0.0, Avg: 1.2, Max: 2.5, Diff: 2.5, Sum: 9.7]
         [Processed Buffers: Min: 0, Avg: 6.2, Max: 21, Diff: 21, Sum: 50]
      [Scan RS (ms): Min: 0.0, Avg: 0.0, Max: 0.1, Diff: 0.1, Sum: 0.3]
      [Code Root Scanning (ms): Min: 0.0, Avg: 0.0, Max: 0.0, Diff: 0.0, Sum: 0.0]
      [Object Copy (ms): Min: 0.0, Avg: 1.3, Max: 2.2, Diff: 2.2, Sum: 10.3]
      [Termination (ms): Min: 0.0, Avg: 2.2, Max: 3.1, Diff: 3.1, Sum: 17.5]
         [Termination Attempts: Min: 1, Avg: 5.9, Max: 12, Diff: 11, Sum: 47]
      [GC Worker Other (ms): Min: 0.0, Avg: 0.0, Max: 0.0, Diff: 0.0, Sum: 0.1]
      [GC Worker Total (ms): Min: 9.8, Avg: 10.7, Max: 14.1, Diff: 4.3, Sum: 85.6]
      [GC Worker End (ms): Min: 352642040.6, Avg: 352642040.7, Max: 352642040.8, Diff: 0.2]
   [Code Root Fixup: 0.0 ms]
   [Code Root Purge: 0.0 ms]
   [Clear CT: 0.8 ms]
   [Other: 19.5 ms]
      [Choose CSet: 0.0 ms]
      [Ref Proc: 19.1 ms]
      [Ref Enq: 0.1 ms]
      [Redirty Cards: 0.1 ms]
      [Humongous Register: 0.0 ms]
      [Humongous Reclaim: 0.0 ms]
      [Free CSet: 0.1 ms]
   [Eden: 7152.0M(7152.0M)->0.0B(7152.0M) Survivors: 16384.0K->16384.0K Heap: 10831.2M(14336.0M)->3680.3M(14336.0M)]
 [Times: user=0.13 sys=0.00, real=0.04 secs] 
2022-09-14T00:56:53.543-0600: 352642.061: [GC concurrent-root-region-scan-start]
2022-09-14T00:56:53.551-0600: 352642.068: [GC concurrent-root-region-scan-end, 0.0073358 secs]
2022-09-14T00:56:53.551-0600: 352642.068: [GC concurrent-mark-start]
2022-09-14T00:56:54.883-0600: 352643.400: [GC concurrent-mark-end, 1.3318686 secs]
2022-09-14T00:56:54.883-0600: 352643.400: [GC remark 2022-09-14T00:56:54.883-0600: 352643.401: [Finalize Marking, 0.0013951 secs] 2022-09-14T00:56:54.884-0600: 352643.402: [GC ref-proc, 0.0279391 secs] 2022-09-14T00:56:54.912-0600: 352643.430: [Unloading, 0.0284455 secs], 0.0666518 secs]
 [Times: user=0.25 sys=0.00, real=0.06 secs] 
2022-09-14T00:56:54.950-0600: 352643.467: [GC cleanup 3824M->3824M(14336M), 0.0064586 secs]
 [Times: user=0.03 sys=0.00, real=0.01 secs] 
2022-09-14T00:58:31.427-0600: 352739.945: [GC pause (G1 Evacuation Pause) (young), 0.0275617 secs]
   [Parallel Time: 6.5 ms, GC Workers: 8]
      [GC Worker Start (ms): Min: 352739944.8, Avg: 352739947.1, Max: 352739950.9, Diff: 6.0]
      [Ext Root Scanning (ms): Min: 0.0, Avg: 0.9, Max: 3.1, Diff: 3.1, Sum: 6.9]
      [Update RS (ms): Min: 0.0, Avg: 1.6, Max: 4.3, Diff: 4.3, Sum: 12.9]
         [Processed Buffers: Min: 0, Avg: 5.6, Max: 17, Diff: 17, Sum: 45]
      [Scan RS (ms): Min: 0.0, Avg: 0.0, Max: 0.1, Diff: 0.1, Sum: 0.2]
      [Code Root Scanning (ms): Min: 0.0, Avg: 0.0, Max: 0.0, Diff: 0.0, Sum: 0.0]
      [Object Copy (ms): Min: 0.2, Avg: 1.0, Max: 1.7, Diff: 1.5, Sum: 8.3]
      [Termination (ms): Min: 0.0, Avg: 0.6, Max: 1.0, Diff: 1.0, Sum: 4.6]
         [Termination Attempts: Min: 1, Avg: 8.4, Max: 19, Diff: 18, Sum: 67]
      [GC Worker Other (ms): Min: 0.0, Avg: 0.0, Max: 0.0, Diff: 0.0, Sum: 0.1]
      [GC Worker Total (ms): Min: 0.4, Avg: 4.1, Max: 6.4, Diff: 6.0, Sum: 33.0]
      [GC Worker End (ms): Min: 352739951.2, Avg: 352739951.2, Max: 352739951.2, Diff: 0.0]
   [Code Root Fixup: 0.0 ms]
   [Code Root Purge: 0.0 ms]
   [Clear CT: 0.8 ms]
   [Other: 20.3 ms]
      [Choose CSet: 0.0 ms]
      [Ref Proc: 19.8 ms]
      [Ref Enq: 0.1 ms]
      [Redirty Cards: 0.1 ms]
      [Humongous Register: 0.0 ms]
      [Humongous Reclaim: 0.0 ms]
      [Free CSet: 0.1 ms]
   [Eden: 7152.0M(7152.0M)->0.0B(5712.0M) Survivors: 16384.0K->16384.0K Heap: 10832.3M(14336.0M)->3684.1M(14336.0M)]
 [Times: user=0.09 sys=0.00, real=0.03 secs] 
2022-09-14T00:59:48.776-0600: 352817.294: [GC pause (G1 Evacuation Pause) (mixed), 0.0383294 secs]
   [Parallel Time: 9.3 ms, GC Workers: 8]
      [GC Worker Start (ms): Min: 352817293.8, Avg: 352817296.1, Max: 352817302.3, Diff: 8.5]
      [Ext Root Scanning (ms): Min: 0.0, Avg: 1.0, Max: 3.7, Diff: 3.7, Sum: 7.8]
      [Update RS (ms): Min: 0.0, Avg: 1.2, Max: 2.5, Diff: 2.5, Sum: 9.3]
         [Processed Buffers: Min: 0, Avg: 6.6, Max: 19, Diff: 19, Sum: 53]
      [Scan RS (ms): Min: 0.0, Avg: 1.6, Max: 5.3, Diff: 5.3, Sum: 12.7]
      [Code Root Scanning (ms): Min: 0.0, Avg: 0.0, Max: 0.0, Diff: 0.0, Sum: 0.0]
      [Object Copy (ms): Min: 0.0, Avg: 2.6, Max: 3.5, Diff: 3.5, Sum: 20.7]
      [Termination (ms): Min: 0.0, Avg: 0.5, Max: 0.6, Diff: 0.6, Sum: 4.3]
         [Termination Attempts: Min: 1, Avg: 14.2, Max: 24, Diff: 23, Sum: 114]
      [GC Worker Other (ms): Min: 0.0, Avg: 0.0, Max: 0.0, Diff: 0.0, Sum: 0.1]
      [GC Worker Total (ms): Min: 0.7, Avg: 6.9, Max: 9.2, Diff: 8.5, Sum: 54.8]
      [GC Worker End (ms): Min: 352817303.0, Avg: 352817303.0, Max: 352817303.0, Diff: 0.0]
   [Code Root Fixup: 0.0 ms]
   [Code Root Purge: 0.0 ms]
   [Clear CT: 0.9 ms]
   [Other: 28.0 ms]
      [Choose CSet: 0.0 ms]
      [Ref Proc: 27.7 ms]
      [Ref Enq: 0.1 ms]
      [Redirty Cards: 0.1 ms]
      [Humongous Register: 0.0 ms]
      [Humongous Reclaim: 0.0 ms]
      [Free CSet: 0.1 ms]
   [Eden: 5712.0M(5712.0M)->0.0B(7152.0M) Survivors: 16384.0K->16384.0K Heap: 9396.1M(14336.0M)->3674.1M(14336.0M)]
 [Times: user=0.12 sys=0.00, real=0.04 secs] 
2022-09-14T01:01:23.278-0600: 352911.795: [GC pause (G1 Evacuation Pause) (young), 0.0379208 secs]
   [Parallel Time: 10.6 ms, GC Workers: 8]
      [GC Worker Start (ms): Min: 352911795.4, Avg: 352911799.9, Max: 352911805.9, Diff: 10.5]
      [Ext Root Scanning (ms): Min: 0.0, Avg: 0.8, Max: 3.1, Diff: 3.1, Sum: 6.6]
      [Update RS (ms): Min: 0.0, Avg: 3.0, Max: 5.7, Diff: 5.7, Sum: 23.7]
         [Processed Buffers: Min: 0, Avg: 14.5, Max: 28, Diff: 28, Sum: 116]
      [Scan RS (ms): Min: 0.0, Avg: 0.0, Max: 0.1, Diff: 0.1, Sum: 0.2]
      [Code Root Scanning (ms): Min: 0.0, Avg: 0.0, Max: 0.0, Diff: 0.0, Sum: 0.0]
      [Object Copy (ms): Min: 0.0, Avg: 1.2, Max: 1.7, Diff: 1.7, Sum: 9.4]
      [Termination (ms): Min: 0.0, Avg: 1.0, Max: 1.2, Diff: 1.2, Sum: 7.8]
         [Termination Attempts: Min: 1, Avg: 2.2, Max: 4, Diff: 3, Sum: 18]
      [GC Worker Other (ms): Min: 0.0, Avg: 0.0, Max: 0.0, Diff: 0.0, Sum: 0.0]
      [GC Worker Total (ms): Min: 0.0, Avg: 6.0, Max: 10.5, Diff: 10.5, Sum: 47.7]
      [GC Worker End (ms): Min: 352911805.9, Avg: 352911805.9, Max: 352911805.9, Diff: 0.0]
   [Code Root Fixup: 0.0 ms]
   [Code Root Purge: 0.0 ms]
   [Clear CT: 0.6 ms]
   [Other: 26.7 ms]
      [Choose CSet: 0.0 ms]
      [Ref Proc: 26.3 ms]
      [Ref Enq: 0.1 ms]
      [Redirty Cards: 0.1 ms]
      [Humongous Register: 0.0 ms]
      [Humongous Reclaim: 0.0 ms]
      [Free CSet: 0.1 ms]
   [Eden: 7152.0M(7152.0M)->0.0B(7152.0M) Survivors: 16384.0K->16384.0K Heap: 10826.1M(14336.0M)->3679.7M(14336.0M)]
 [Times: user=0.14 sys=0.00, real=0.04 secs] 
2022-09-14T01:03:02.988-0600: 353011.505: [GC pause (G1 Evacuation Pause) (young) (initial-mark), 0.0364667 secs]
   [Parallel Time: 17.2 ms, GC Workers: 8]
      [GC Worker Start (ms): Min: 353011506.6, Avg: 353011509.1, Max: 353011509.9, Diff: 3.3]
      [Ext Root Scanning (ms): Min: 2.1, Avg: 6.1, Max: 9.6, Diff: 7.4, Sum: 48.7]
      [Update RS (ms): Min: 0.0, Avg: 2.5, Max: 10.3, Diff: 10.3, Sum: 20.1]
         [Processed Buffers: Min: 0, Avg: 6.4, Max: 36, Diff: 36, Sum: 51]
      [Scan RS (ms): Min: 0.0, Avg: 0.0, Max: 0.1, Diff: 0.1, Sum: 0.2]
      [Code Root Scanning (ms): Min: 0.0, Avg: 0.0, Max: 0.0, Diff: 0.0, Sum: 0.0]
      [Object Copy (ms): Min: 0.0, Avg: 1.2, Max: 2.4, Diff: 2.4, Sum: 9.8]
      [Termination (ms): Min: 0.0, Avg: 3.5, Max: 4.6, Diff: 4.6, Sum: 27.7]
         [Termination Attempts: Min: 1, Avg: 2.6, Max: 8, Diff: 7, Sum: 21]
      [GC Worker Other (ms): Min: 0.0, Avg: 0.0, Max: 0.0, Diff: 0.0, Sum: 0.0]
      [GC Worker Total (ms): Min: 12.4, Avg: 13.3, Max: 15.8, Diff: 3.3, Sum: 106.6]
      [GC Worker End (ms): Min: 353011522.3, Avg: 353011522.4, Max: 353011522.5, Diff: 0.1]
   [Code Root Fixup: 0.0 ms]
   [Code Root Purge: 0.0 ms]
   [Clear CT: 0.8 ms]
   [Other: 18.5 ms]
      [Choose CSet: 0.0 ms]
      [Ref Proc: 18.1 ms]
      [Ref Enq: 0.1 ms]
      [Redirty Cards: 0.1 ms]
      [Humongous Register: 0.0 ms]
      [Humongous Reclaim: 0.0 ms]
      [Free CSet: 0.1 ms]
   [Eden: 7152.0M(7152.0M)->0.0B(7152.0M) Survivors: 16384.0K->16384.0K Heap: 10831.7M(14336.0M)->3683.2M(14336.0M)]
 [Times: user=0.12 sys=0.00, real=0.04 secs] 
2022-09-14T01:03:03.024-0600: 353011.542: [GC concurrent-root-region-scan-start]
2022-09-14T01:03:03.032-0600: 353011.550: [GC concurrent-root-region-scan-end, 0.0077314 secs]
2022-09-14T01:03:03.032-0600: 353011.550: [GC concurrent-mark-start]
2022-09-14T01:03:04.372-0600: 353012.889: [GC concurrent-mark-end, 1.3396434 secs]
2022-09-14T01:03:04.372-0600: 353012.889: [GC remark 2022-09-14T01:03:04.372-0600: 353012.889: [Finalize Marking, 0.0013642 secs] 2022-09-14T01:03:04.373-0600: 353012.891: [GC ref-proc, 0.0258590 secs] 2022-09-14T01:03:04.399-0600: 353012.917: [Unloading, 0.0320025 secs], 0.0638747 secs]
 [Times: user=0.25 sys=0.00, real=0.07 secs] 
2022-09-14T01:03:04.436-0600: 353012.953: [GC cleanup 3819M->3819M(14336M), 0.0136582 secs]
 [Times: user=0.03 sys=0.00, real=0.01 secs] 
2022-09-14T01:04:42.629-0600: 353111.147: [GC pause (G1 Evacuation Pause) (young), 0.0243239 secs]
   [Parallel Time: 6.9 ms, GC Workers: 8]
      [GC Worker Start (ms): Min: 353111147.3, Avg: 353111149.8, Max: 353111154.0, Diff: 6.8]
      [Ext Root Scanning (ms): Min: 0.0, Avg: 0.8, Max: 3.2, Diff: 3.2, Sum: 6.6]
      [Update RS (ms): Min: 0.0, Avg: 1.3, Max: 2.7, Diff: 2.7, Sum: 10.6]
         [Processed Buffers: Min: 0, Avg: 7.0, Max: 16, Diff: 16, Sum: 56]
      [Scan RS (ms): Min: 0.0, Avg: 0.0, Max: 0.1, Diff: 0.1, Sum: 0.3]
      [Code Root Scanning (ms): Min: 0.0, Avg: 0.0, Max: 0.0, Diff: 0.0, Sum: 0.0]
      [Object Copy (ms): Min: 0.0, Avg: 1.1, Max: 1.6, Diff: 1.6, Sum: 9.1]
      [Termination (ms): Min: 0.0, Avg: 1.0, Max: 1.2, Diff: 1.2, Sum: 8.0]
         [Termination Attempts: Min: 1, Avg: 6.9, Max: 14, Diff: 13, Sum: 55]
      [GC Worker Other (ms): Min: 0.0, Avg: 0.0, Max: 0.0, Diff: 0.0, Sum: 0.0]
      [GC Worker Total (ms): Min: 0.0, Avg: 4.3, Max: 6.9, Diff: 6.8, Sum: 34.6]
      [GC Worker End (ms): Min: 353111154.1, Avg: 353111154.1, Max: 353111154.1, Diff: 0.0]
   [Code Root Fixup: 0.0 ms]
   [Code Root Purge: 0.0 ms]
   [Clear CT: 0.5 ms]
   [Other: 16.9 ms]
      [Choose CSet: 0.0 ms]
      [Ref Proc: 16.5 ms]
      [Ref Enq: 0.1 ms]
      [Redirty Cards: 0.1 ms]
      [Humongous Register: 0.0 ms]
      [Humongous Reclaim: 0.0 ms]
      [Free CSet: 0.1 ms]
   [Eden: 7152.0M(7152.0M)->0.0B(5712.0M) Survivors: 16384.0K->16384.0K Heap: 10835.2M(14336.0M)->3681.7M(14336.0M)]
 [Times: user=0.11 sys=0.00, real=0.03 secs] 
2022-09-14T01:06:00.331-0600: 353188.849: [GC pause (G1 Evacuation Pause) (mixed), 0.0263954 secs]
   [Parallel Time: 8.9 ms, GC Workers: 8]
      [GC Worker Start (ms): Min: 353188849.2, Avg: 353188850.7, Max: 353188854.3, Diff: 5.1]
      [Ext Root Scanning (ms): Min: 0.0, Avg: 1.0, Max: 4.1, Diff: 4.1, Sum: 8.3]
      [Update RS (ms): Min: 0.0, Avg: 1.1, Max: 1.9, Diff: 1.9, Sum: 8.8]
         [Processed Buffers: Min: 0, Avg: 5.8, Max: 19, Diff: 19, Sum: 46]
      [Scan RS (ms): Min: 0.0, Avg: 0.9, Max: 1.4, Diff: 1.4, Sum: 7.0]
      [Code Root Scanning (ms): Min: 0.0, Avg: 0.0, Max: 0.0, Diff: 0.0, Sum: 0.0]
      [Object Copy (ms): Min: 3.0, Avg: 3.7, Max: 4.4, Diff: 1.5, Sum: 29.4]
      [Termination (ms): Min: 0.0, Avg: 0.5, Max: 0.6, Diff: 0.6, Sum: 4.3]
         [Termination Attempts: Min: 1, Avg: 40.5, Max: 53, Diff: 52, Sum: 324]
      [GC Worker Other (ms): Min: 0.0, Avg: 0.0, Max: 0.0, Diff: 0.0, Sum: 0.1]
      [GC Worker Total (ms): Min: 3.6, Avg: 7.2, Max: 8.7, Diff: 5.1, Sum: 58.0]
      [GC Worker End (ms): Min: 353188857.9, Avg: 353188857.9, Max: 353188858.0, Diff: 0.0]
   [Code Root Fixup: 0.0 ms]
   [Code Root Purge: 0.0 ms]
   [Clear CT: 0.9 ms]
   [Other: 16.7 ms]
      [Choose CSet: 0.0 ms]
      [Ref Proc: 16.2 ms]
      [Ref Enq: 0.1 ms]
      [Redirty Cards: 0.1 ms]
      [Humongous Register: 0.0 ms]
      [Humongous Reclaim: 0.0 ms]
      [Free CSet: 0.1 ms]
   [Eden: 5712.0M(5712.0M)->0.0B(7152.0M) Survivors: 16384.0K->16384.0K Heap: 9393.7M(14336.0M)->3673.6M(14336.0M)]
 [Times: user=0.12 sys=0.00, real=0.03 secs] 
2022-09-14T01:07:39.174-0600: 353287.691: [GC pause (G1 Evacuation Pause) (young), 0.0216004 secs]
   [Parallel Time: 9.2 ms, GC Workers: 8]
      [GC Worker Start (ms): Min: 353287691.4, Avg: 353287693.4, Max: 353287696.6, Diff: 5.2]
      [Ext Root Scanning (ms): Min: 0.0, Avg: 0.9, Max: 2.9, Diff: 2.9, Sum: 6.9]
      [Update RS (ms): Min: 1.2, Avg: 4.0, Max: 7.0, Diff: 5.8, Sum: 32.1]
         [Processed Buffers: Min: 10, Avg: 14.2, Max: 20, Diff: 10, Sum: 114]
      [Scan RS (ms): Min: 0.0, Avg: 0.0, Max: 0.1, Diff: 0.0, Sum: 0.2]
      [Code Root Scanning (ms): Min: 0.0, Avg: 0.0, Max: 0.0, Diff: 0.0, Sum: 0.0]
      [Object Copy (ms): Min: 0.0, Avg: 1.5, Max: 3.0, Diff: 3.0, Sum: 11.6]
      [Termination (ms): Min: 0.0, Avg: 0.7, Max: 1.0, Diff: 1.0, Sum: 5.4]
         [Termination Attempts: Min: 1, Avg: 7.0, Max: 16, Diff: 15, Sum: 56]
      [GC Worker Other (ms): Min: 0.0, Avg: 0.0, Max: 0.0, Diff: 0.0, Sum: 0.1]
      [GC Worker Total (ms): Min: 3.8, Avg: 7.1, Max: 9.0, Diff: 5.2, Sum: 56.4]
      [GC Worker End (ms): Min: 353287700.4, Avg: 353287700.5, Max: 353287700.5, Diff: 0.2]
   [Code Root Fixup: 0.0 ms]
   [Code Root Purge: 0.0 ms]
   [Clear CT: 0.7 ms]
   [Other: 11.6 ms]
      [Choose CSet: 0.0 ms]
      [Ref Proc: 11.2 ms]
      [Ref Enq: 0.1 ms]
      [Redirty Cards: 0.1 ms]
      [Humongous Register: 0.0 ms]
      [Humongous Reclaim: 0.0 ms]
      [Free CSet: 0.1 ms]
   [Eden: 7152.0M(7152.0M)->0.0B(7152.0M) Survivors: 16384.0K->16384.0K Heap: 10825.6M(14336.0M)->3678.4M(14336.0M)]
 [Times: user=0.09 sys=0.00, real=0.02 secs] 
2022-09-14T01:09:16.426-0600: 353384.944: [GC pause (G1 Evacuation Pause) (young) (initial-mark), 0.0309137 secs]
   [Parallel Time: 13.9 ms, GC Workers: 8]
      [GC Worker Start (ms): Min: 353384945.2, Avg: 353384947.1, Max: 353384948.1, Diff: 2.9]
      [Ext Root Scanning (ms): Min: 2.1, Avg: 5.1, Max: 9.5, Diff: 7.3, Sum: 41.1]
      [Update RS (ms): Min: 0.0, Avg: 1.7, Max: 4.9, Diff: 4.9, Sum: 13.9]
         [Processed Buffers: Min: 0, Avg: 6.0, Max: 15, Diff: 15, Sum: 48]
      [Scan RS (ms): Min: 0.0, Avg: 0.0, Max: 0.1, Diff: 0.1, Sum: 0.2]
      [Code Root Scanning (ms): Min: 0.0, Avg: 0.0, Max: 0.0, Diff: 0.0, Sum: 0.0]
      [Object Copy (ms): Min: 0.0, Avg: 1.0, Max: 1.8, Diff: 1.8, Sum: 7.9]
      [Termination (ms): Min: 0.0, Avg: 2.6, Max: 3.4, Diff: 3.4, Sum: 20.4]
         [Termination Attempts: Min: 1, Avg: 31.4, Max: 89, Diff: 88, Sum: 251]
      [GC Worker Other (ms): Min: 0.0, Avg: 0.0, Max: 0.0, Diff: 0.0, Sum: 0.0]
      [GC Worker Total (ms): Min: 9.5, Avg: 10.5, Max: 12.4, Diff: 2.9, Sum: 83.6]
      [GC Worker End (ms): Min: 353384957.6, Avg: 353384957.6, Max: 353384957.6, Diff: 0.1]
   [Code Root Fixup: 0.0 ms]
   [Code Root Purge: 0.0 ms]
   [Clear CT: 0.7 ms]
   [Other: 16.3 ms]
      [Choose CSet: 0.0 ms]
      [Ref Proc: 15.9 ms]
      [Ref Enq: 0.1 ms]
      [Redirty Cards: 0.1 ms]
      [Humongous Register: 0.0 ms]
      [Humongous Reclaim: 0.0 ms]
      [Free CSet: 0.1 ms]
   [Eden: 7152.0M(7152.0M)->0.0B(7152.0M) Survivors: 16384.0K->16384.0K Heap: 10830.4M(14336.0M)->3678.7M(14336.0M)]
 [Times: user=0.13 sys=0.00, real=0.03 secs] 
2022-09-14T01:09:16.457-0600: 353384.975: [GC concurrent-root-region-scan-start]
2022-09-14T01:09:16.463-0600: 353384.981: [GC concurrent-root-region-scan-end, 0.0057406 secs]
2022-09-14T01:09:16.463-0600: 353384.981: [GC concurrent-mark-start]
2022-09-14T01:09:17.811-0600: 353386.329: [GC concurrent-mark-end, 1.3483969 secs]
2022-09-14T01:09:17.811-0600: 353386.329: [GC remark 2022-09-14T01:09:17.812-0600: 353386.329: [Finalize Marking, 0.0029331 secs] 2022-09-14T01:09:17.815-0600: 353386.332: [GC ref-proc, 0.0303434 secs] 2022-09-14T01:09:17.845-0600: 353386.363: [Unloading, 0.0297796 secs], 0.0685757 secs]
 [Times: user=0.26 sys=0.00, real=0.07 secs] 
2022-09-14T01:09:17.880-0600: 353386.398: [GC cleanup 3782M->3782M(14336M), 0.0086342 secs]
 [Times: user=0.03 sys=0.00, real=0.01 secs] 
2022-09-14T01:10:53.126-0600: 353481.644: [GC pause (G1 Evacuation Pause) (young), 0.0345086 secs]
   [Parallel Time: 7.5 ms, GC Workers: 8]
      [GC Worker Start (ms): Min: 353481643.7, Avg: 353481647.7, Max: 353481651.1, Diff: 7.4]
      [Ext Root Scanning (ms): Min: 0.0, Avg: 0.8, Max: 3.1, Diff: 3.1, Sum: 6.5]
      [Update RS (ms): Min: 0.0, Avg: 1.0, Max: 2.3, Diff: 2.3, Sum: 7.8]
         [Processed Buffers: Min: 0, Avg: 6.0, Max: 24, Diff: 24, Sum: 48]
      [Scan RS (ms): Min: 0.0, Avg: 0.0, Max: 0.1, Diff: 0.1, Sum: 0.2]
      [Code Root Scanning (ms): Min: 0.0, Avg: 0.0, Max: 0.0, Diff: 0.0, Sum: 0.0]
      [Object Copy (ms): Min: 0.0, Avg: 0.9, Max: 1.9, Diff: 1.9, Sum: 7.1]
      [Termination (ms): Min: 0.0, Avg: 0.8, Max: 1.3, Diff: 1.3, Sum: 6.1]
         [Termination Attempts: Min: 1, Avg: 1.1, Max: 2, Diff: 1, Sum: 9]
      [GC Worker Other (ms): Min: 0.0, Avg: 0.0, Max: 0.0, Diff: 0.0, Sum: 0.0]
      [GC Worker Total (ms): Min: 0.0, Avg: 3.5, Max: 7.5, Diff: 7.5, Sum: 27.8]
      [GC Worker End (ms): Min: 353481651.1, Avg: 353481651.2, Max: 353481651.2, Diff: 0.1]
   [Code Root Fixup: 0.0 ms]
   [Code Root Purge: 0.0 ms]
   [Clear CT: 0.9 ms]
   [Other: 26.0 ms]
      [Choose CSet: 0.0 ms]
      [Ref Proc: 25.7 ms]
      [Ref Enq: 0.1 ms]
      [Redirty Cards: 0.1 ms]
      [Humongous Register: 0.0 ms]
      [Humongous Reclaim: 0.0 ms]
      [Free CSet: 0.1 ms]
   [Eden: 7152.0M(7152.0M)->0.0B(5712.0M) Survivors: 16384.0K->16384.0K Heap: 10830.7M(14336.0M)->3681.1M(14336.0M)]
 [Times: user=0.12 sys=0.00, real=0.03 secs] 
2022-09-14T01:12:09.976-0600: 353558.494: [GC pause (G1 Evacuation Pause) (mixed), 0.0476462 secs]
   [Parallel Time: 12.2 ms, GC Workers: 8]
      [GC Worker Start (ms): Min: 353558494.1, Avg: 353558499.9, Max: 353558506.2, Diff: 12.1]
      [Ext Root Scanning (ms): Min: 0.0, Avg: 0.9, Max: 3.5, Diff: 3.5, Sum: 7.2]
      [Update RS (ms): Min: 0.0, Avg: 1.8, Max: 8.1, Diff: 8.1, Sum: 14.8]
         [Processed Buffers: Min: 0, Avg: 5.4, Max: 13, Diff: 13, Sum: 43]
      [Scan RS (ms): Min: 0.0, Avg: 0.7, Max: 1.5, Diff: 1.5, Sum: 5.9]
      [Code Root Scanning (ms): Min: 0.0, Avg: 0.0, Max: 0.0, Diff: 0.0, Sum: 0.0]
      [Object Copy (ms): Min: 0.0, Avg: 2.1, Max: 4.2, Diff: 4.2, Sum: 16.4]
      [Termination (ms): Min: 0.0, Avg: 0.8, Max: 1.4, Diff: 1.4, Sum: 6.8]
         [Termination Attempts: Min: 1, Avg: 26.2, Max: 74, Diff: 73, Sum: 210]
      [GC Worker Other (ms): Min: 0.0, Avg: 0.0, Max: 0.0, Diff: 0.0, Sum: 0.0]
      [GC Worker Total (ms): Min: 0.0, Avg: 6.4, Max: 12.1, Diff: 12.1, Sum: 51.2]
      [GC Worker End (ms): Min: 353558506.2, Avg: 353558506.3, Max: 353558506.3, Diff: 0.0]
   [Code Root Fixup: 0.0 ms]
   [Code Root Purge: 0.0 ms]
   [Clear CT: 1.0 ms]
   [Other: 34.4 ms]
      [Choose CSet: 0.0 ms]
      [Ref Proc: 34.1 ms]
      [Ref Enq: 0.1 ms]
      [Redirty Cards: 0.1 ms]
      [Humongous Register: 0.0 ms]
      [Humongous Reclaim: 0.0 ms]
      [Free CSet: 0.1 ms]
   [Eden: 5712.0M(5712.0M)->0.0B(7152.0M) Survivors: 16384.0K->16384.0K Heap: 9393.1M(14336.0M)->3673.2M(14336.0M)]
 [Times: user=0.13 sys=0.00, real=0.05 secs] 
2022-09-14T01:13:44.890-0600: 353653.408: [GC pause (G1 Evacuation Pause) (young), 0.0315892 secs]
   [Parallel Time: 11.3 ms, GC Workers: 8]
      [GC Worker Start (ms): Min: 353653407.6, Avg: 353653410.9, Max: 353653416.5, Diff: 8.9]
      [Ext Root Scanning (ms): Min: 0.0, Avg: 0.8, Max: 3.0, Diff: 3.0, Sum: 6.4]
      [Update RS (ms): Min: 0.0, Avg: 3.4, Max: 7.8, Diff: 7.8, Sum: 27.1]
         [Processed Buffers: Min: 0, Avg: 15.6, Max: 35, Diff: 35, Sum: 125]
      [Scan RS (ms): Min: 0.0, Avg: 0.0, Max: 0.1, Diff: 0.1, Sum: 0.2]
      [Code Root Scanning (ms): Min: 0.0, Avg: 0.0, Max: 0.0, Diff: 0.0, Sum: 0.0]
      [Object Copy (ms): Min: 0.0, Avg: 1.1, Max: 1.6, Diff: 1.6, Sum: 9.1]
      [Termination (ms): Min: 0.0, Avg: 2.2, Max: 2.7, Diff: 2.7, Sum: 17.9]
         [Termination Attempts: Min: 1, Avg: 11.2, Max: 16, Diff: 15, Sum: 90]
      [GC Worker Other (ms): Min: 0.0, Avg: 0.0, Max: 0.0, Diff: 0.0, Sum: 0.0]
      [GC Worker Total (ms): Min: 2.1, Avg: 7.6, Max: 11.0, Diff: 8.9, Sum: 60.7]
      [GC Worker End (ms): Min: 353653418.4, Avg: 353653418.5, Max: 353653418.6, Diff: 0.2]
   [Code Root Fixup: 0.0 ms]
   [Code Root Purge: 0.0 ms]
   [Clear CT: 0.5 ms]
   [Other: 19.7 ms]
      [Choose CSet: 0.0 ms]
      [Ref Proc: 19.3 ms]
      [Ref Enq: 0.1 ms]
      [Redirty Cards: 0.1 ms]
      [Humongous Register: 0.0 ms]
      [Humongous Reclaim: 0.0 ms]
      [Free CSet: 0.1 ms]
   [Eden: 7152.0M(7152.0M)->0.0B(7152.0M) Survivors: 16384.0K->16384.0K Heap: 10825.2M(14336.0M)->3677.6M(14336.0M)]
 [Times: user=0.13 sys=0.00, real=0.04 secs] 
2022-09-14T01:15:20.529-0600: 353749.047: [GC pause (G1 Evacuation Pause) (young) (initial-mark), 0.0347025 secs]
   [Parallel Time: 14.1 ms, GC Workers: 8]
      [GC Worker Start (ms): Min: 353749048.5, Avg: 353749051.2, Max: 353749052.1, Diff: 3.6]
      [Ext Root Scanning (ms): Min: 2.3, Avg: 6.5, Max: 9.1, Diff: 6.8, Sum: 51.8]
      [Update RS (ms): Min: 0.0, Avg: 1.0, Max: 2.5, Diff: 2.5, Sum: 8.4]
         [Processed Buffers: Min: 0, Avg: 5.8, Max: 18, Diff: 18, Sum: 46]
      [Scan RS (ms): Min: 0.0, Avg: 0.0, Max: 0.1, Diff: 0.1, Sum: 0.2]
      [Code Root Scanning (ms): Min: 0.0, Avg: 0.0, Max: 0.0, Diff: 0.0, Sum: 0.0]
      [Object Copy (ms): Min: 0.0, Avg: 0.8, Max: 1.7, Diff: 1.7, Sum: 6.5]
      [Termination (ms): Min: 0.0, Avg: 1.7, Max: 2.9, Diff: 2.9, Sum: 13.2]
         [Termination Attempts: Min: 1, Avg: 4.4, Max: 12, Diff: 11, Sum: 35]
      [GC Worker Other (ms): Min: 0.0, Avg: 0.0, Max: 0.0, Diff: 0.0, Sum: 0.0]
      [GC Worker Total (ms): Min: 9.1, Avg: 10.0, Max: 12.7, Diff: 3.6, Sum: 80.2]
      [GC Worker End (ms): Min: 353749061.2, Avg: 353749061.2, Max: 353749061.3, Diff: 0.1]
   [Code Root Fixup: 0.0 ms]
   [Code Root Purge: 0.0 ms]
   [Clear CT: 0.6 ms]
   [Other: 20.0 ms]
      [Choose CSet: 0.0 ms]
      [Ref Proc: 19.6 ms]
      [Ref Enq: 0.1 ms]
      [Redirty Cards: 0.1 ms]
      [Humongous Register: 0.0 ms]
      [Humongous Reclaim: 0.0 ms]
      [Free CSet: 0.1 ms]
   [Eden: 7152.0M(7152.0M)->0.0B(7152.0M) Survivors: 16384.0K->16384.0K Heap: 10829.6M(14336.0M)->3677.6M(14336.0M)]
 [Times: user=0.12 sys=0.00, real=0.04 secs] 
2022-09-14T01:15:20.564-0600: 353749.082: [GC concurrent-root-region-scan-start]
2022-09-14T01:15:20.570-0600: 353749.088: [GC concurrent-root-region-scan-end, 0.0058182 secs]
2022-09-14T01:15:20.570-0600: 353749.088: [GC concurrent-mark-start]
2022-09-14T01:15:21.865-0600: 353750.383: [GC concurrent-mark-end, 1.2952285 secs]
2022-09-14T01:15:21.865-0600: 353750.383: [GC remark 2022-09-14T01:15:21.865-0600: 353750.383: [Finalize Marking, 0.0025256 secs] 2022-09-14T01:15:21.868-0600: 353750.386: [GC ref-proc, 0.0388785 secs] 2022-09-14T01:15:21.907-0600: 353750.425: [Unloading, 0.0294184 secs], 0.0785375 secs]
 [Times: user=0.30 sys=0.00, real=0.08 secs] 
2022-09-14T01:15:21.944-0600: 353750.462: [GC cleanup 3821M->3821M(14336M), 0.0136895 secs]
 [Times: user=0.02 sys=0.00, real=0.01 secs] 
2022-09-14T01:16:54.636-0600: 353843.153: [GC pause (G1 Evacuation Pause) (young), 0.0267125 secs]
   [Parallel Time: 8.7 ms, GC Workers: 8]
      [GC Worker Start (ms): Min: 353843153.4, Avg: 353843153.4, Max: 353843153.5, Diff: 0.1]
      [Ext Root Scanning (ms): Min: 0.7, Avg: 1.3, Max: 3.9, Diff: 3.2, Sum: 10.1]
      [Update RS (ms): Min: 0.0, Avg: 1.2, Max: 1.6, Diff: 1.6, Sum: 9.7]
         [Processed Buffers: Min: 0, Avg: 5.8, Max: 13, Diff: 13, Sum: 46]
      [Scan RS (ms): Min: 0.0, Avg: 0.0, Max: 0.1, Diff: 0.1, Sum: 0.2]
      [Code Root Scanning (ms): Min: 0.0, Avg: 0.0, Max: 0.0, Diff: 0.0, Sum: 0.0]
      [Object Copy (ms): Min: 0.0, Avg: 1.2, Max: 1.5, Diff: 1.5, Sum: 9.8]
      [Termination (ms): Min: 0.0, Avg: 0.2, Max: 0.2, Diff: 0.2, Sum: 1.4]
         [Termination Attempts: Min: 1, Avg: 7.4, Max: 13, Diff: 12, Sum: 59]
      [GC Worker Other (ms): Min: 0.0, Avg: 0.0, Max: 0.0, Diff: 0.0, Sum: 0.1]
      [GC Worker Total (ms): Min: 3.9, Avg: 3.9, Max: 4.0, Diff: 0.1, Sum: 31.3]
      [GC Worker End (ms): Min: 353843157.3, Avg: 353843157.3, Max: 353843157.3, Diff: 0.1]
   [Code Root Fixup: 0.0 ms]
   [Code Root Purge: 0.0 ms]
   [Clear CT: 0.5 ms]
   [Other: 17.5 ms]
      [Choose CSet: 0.0 ms]
      [Ref Proc: 17.0 ms]
      [Ref Enq: 0.1 ms]
      [Redirty Cards: 0.1 ms]
      [Humongous Register: 0.0 ms]
      [Humongous Reclaim: 0.0 ms]
      [Free CSet: 0.1 ms]
   [Eden: 7152.0M(7152.0M)->0.0B(7152.0M) Survivors: 16384.0K->16384.0K Heap: 10829.6M(14336.0M)->3679.2M(14336.0M)]
 [Times: user=0.09 sys=0.00, real=0.03 secs] 
2022-09-14T01:18:30.968-0600: 353939.486: [GC pause (G1 Evacuation Pause) (young), 0.0278348 secs]
   [Parallel Time: 7.6 ms, GC Workers: 8]
      [GC Worker Start (ms): Min: 353939485.6, Avg: 353939488.9, Max: 353939493.0, Diff: 7.5]
      [Ext Root Scanning (ms): Min: 0.0, Avg: 0.8, Max: 3.1, Diff: 3.1, Sum: 6.7]
      [Update RS (ms): Min: 0.0, Avg: 1.2, Max: 2.6, Diff: 2.6, Sum: 9.3]
         [Processed Buffers: Min: 0, Avg: 6.1, Max: 16, Diff: 16, Sum: 49]
      [Scan RS (ms): Min: 0.0, Avg: 0.0, Max: 0.1, Diff: 0.1, Sum: 0.2]
      [Code Root Scanning (ms): Min: 0.0, Avg: 0.0, Max: 0.0, Diff: 0.0, Sum: 0.0]
      [Object Copy (ms): Min: 0.0, Avg: 1.2, Max: 2.1, Diff: 2.1, Sum: 9.6]
      [Termination (ms): Min: 0.0, Avg: 0.9, Max: 1.2, Diff: 1.2, Sum: 7.0]
         [Termination Attempts: Min: 1, Avg: 3.1, Max: 7, Diff: 6, Sum: 25]
      [GC Worker Other (ms): Min: 0.0, Avg: 0.0, Max: 0.0, Diff: 0.0, Sum: 0.0]
      [GC Worker Total (ms): Min: 0.0, Avg: 4.1, Max: 7.5, Diff: 7.5, Sum: 32.9]
      [GC Worker End (ms): Min: 353939493.0, Avg: 353939493.0, Max: 353939493.1, Diff: 0.1]
   [Code Root Fixup: 0.0 ms]
   [Code Root Purge: 0.0 ms]
   [Clear CT: 0.9 ms]
   [Other: 19.3 ms]
      [Choose CSet: 0.0 ms]
      [Ref Proc: 19.0 ms]
      [Ref Enq: 0.1 ms]
      [Redirty Cards: 0.1 ms]
      [Humongous Register: 0.0 ms]
      [Humongous Reclaim: 0.0 ms]
      [Free CSet: 0.1 ms]
   [Eden: 7152.0M(7152.0M)->0.0B(7152.0M) Survivors: 16384.0K->16384.0K Heap: 10831.2M(14336.0M)->3681.8M(14336.0M)]
 [Times: user=0.09 sys=0.00, real=0.03 secs] 
2022-09-14T01:20:04.631-0600: 354033.148: [GC pause (G1 Evacuation Pause) (young) (initial-mark), 0.0435436 secs]
   [Parallel Time: 15.5 ms, GC Workers: 8]
      [GC Worker Start (ms): Min: 354033149.8, Avg: 354033151.6, Max: 354033152.6, Diff: 2.8]
      [Ext Root Scanning (ms): Min: 1.6, Avg: 7.6, Max: 11.2, Diff: 9.6, Sum: 60.9]
      [Update RS (ms): Min: 0.0, Avg: 1.2, Max: 3.6, Diff: 3.6, Sum: 9.4]
         [Processed Buffers: Min: 0, Avg: 6.4, Max: 25, Diff: 25, Sum: 51]
      [Scan RS (ms): Min: 0.0, Avg: 0.0, Max: 0.1, Diff: 0.1, Sum: 0.2]
      [Code Root Scanning (ms): Min: 0.0, Avg: 0.0, Max: 0.0, Diff: 0.0, Sum: 0.0]
      [Object Copy (ms): Min: 0.0, Avg: 0.9, Max: 2.4, Diff: 2.4, Sum: 7.2]
      [Termination (ms): Min: 0.0, Avg: 2.5, Max: 4.0, Diff: 4.0, Sum: 20.3]
         [Termination Attempts: Min: 1, Avg: 1.2, Max: 3, Diff: 2, Sum: 10]
      [GC Worker Other (ms): Min: 0.0, Avg: 0.0, Max: 0.0, Diff: 0.0, Sum: 0.0]
      [GC Worker Total (ms): Min: 11.2, Avg: 12.3, Max: 14.0, Diff: 2.8, Sum: 98.0]
      [GC Worker End (ms): Min: 354033163.8, Avg: 354033163.9, Max: 354033164.0, Diff: 0.2]
   [Code Root Fixup: 0.0 ms]
   [Code Root Purge: 0.0 ms]
   [Clear CT: 0.9 ms]
   [Other: 27.1 ms]
      [Choose CSet: 0.0 ms]
      [Ref Proc: 26.6 ms]
      [Ref Enq: 0.1 ms]
      [Redirty Cards: 0.1 ms]
      [Humongous Register: 0.0 ms]
      [Humongous Reclaim: 0.0 ms]
      [Free CSet: 0.1 ms]
   [Eden: 7152.0M(7152.0M)->0.0B(7152.0M) Survivors: 16384.0K->16384.0K Heap: 10833.8M(14336.0M)->3680.5M(14336.0M)]
 [Times: user=0.15 sys=0.00, real=0.05 secs] 
2022-09-14T01:20:04.674-0600: 354033.192: [GC concurrent-root-region-scan-start]
2022-09-14T01:20:04.682-0600: 354033.200: [GC concurrent-root-region-scan-end, 0.0076982 secs]
2022-09-14T01:20:04.682-0600: 354033.200: [GC concurrent-mark-start]
2022-09-14T01:20:05.978-0600: 354034.496: [GC concurrent-mark-end, 1.2962456 secs]
2022-09-14T01:20:05.979-0600: 354034.496: [GC remark 2022-09-14T01:20:05.979-0600: 354034.496: [Finalize Marking, 0.0022898 secs] 2022-09-14T01:20:05.981-0600: 354034.499: [GC ref-proc, 0.0320505 secs] 2022-09-14T01:20:06.013-0600: 354034.531: [Unloading, 0.0269916 secs], 0.0652345 secs]
 [Times: user=0.26 sys=0.00, real=0.07 secs] 
2022-09-14T01:20:06.044-0600: 354034.562: [GC cleanup 3800M->3800M(14336M), 0.0112371 secs]
 [Times: user=0.03 sys=0.00, real=0.01 secs] 
2022-09-14T01:21:37.640-0600: 354126.158: [GC pause (G1 Evacuation Pause) (young), 0.0229904 secs]
   [Parallel Time: 6.2 ms, GC Workers: 8]
      [GC Worker Start (ms): Min: 354126157.6, Avg: 354126159.6, Max: 354126162.4, Diff: 4.8]
      [Ext Root Scanning (ms): Min: 0.0, Avg: 0.9, Max: 3.3, Diff: 3.3, Sum: 7.2]
      [Update RS (ms): Min: 0.0, Avg: 1.1, Max: 2.2, Diff: 2.2, Sum: 9.1]
         [Processed Buffers: Min: 0, Avg: 5.9, Max: 18, Diff: 18, Sum: 47]
      [Scan RS (ms): Min: 0.0, Avg: 0.0, Max: 0.1, Diff: 0.1, Sum: 0.2]
      [Code Root Scanning (ms): Min: 0.0, Avg: 0.0, Max: 0.0, Diff: 0.0, Sum: 0.0]
      [Object Copy (ms): Min: 0.7, Avg: 1.6, Max: 2.5, Diff: 1.8, Sum: 12.5]
      [Termination (ms): Min: 0.0, Avg: 0.4, Max: 0.6, Diff: 0.6, Sum: 3.5]
         [Termination Attempts: Min: 1, Avg: 1.4, Max: 2, Diff: 1, Sum: 11]
      [GC Worker Other (ms): Min: 0.0, Avg: 0.0, Max: 0.0, Diff: 0.0, Sum: 0.0]
      [GC Worker Total (ms): Min: 1.3, Avg: 4.1, Max: 6.1, Diff: 4.8, Sum: 32.5]
      [GC Worker End (ms): Min: 354126163.7, Avg: 354126163.7, Max: 354126163.7, Diff: 0.0]
   [Code Root Fixup: 0.0 ms]
   [Code Root Purge: 0.0 ms]
   [Clear CT: 0.8 ms]
   [Other: 16.0 ms]
      [Choose CSet: 0.0 ms]
      [Ref Proc: 15.6 ms]
      [Ref Enq: 0.1 ms]
      [Redirty Cards: 0.1 ms]
      [Humongous Register: 0.0 ms]
      [Humongous Reclaim: 0.0 ms]
      [Free CSet: 0.1 ms]
   [Eden: 7152.0M(7152.0M)->0.0B(5712.0M) Survivors: 16384.0K->16384.0K Heap: 10832.5M(14336.0M)->3681.3M(14336.0M)]
 [Times: user=0.09 sys=0.00, real=0.03 secs] 
2022-09-14T01:22:53.375-0600: 354201.893: [GC pause (G1 Evacuation Pause) (mixed), 0.0269476 secs]
   [Parallel Time: 7.5 ms, GC Workers: 8]
      [GC Worker Start (ms): Min: 354201893.0, Avg: 354201894.2, Max: 354201900.4, Diff: 7.4]
      [Ext Root Scanning (ms): Min: 0.0, Avg: 1.0, Max: 3.9, Diff: 3.9, Sum: 8.2]
      [Update RS (ms): Min: 0.0, Avg: 1.1, Max: 1.6, Diff: 1.6, Sum: 8.6]
         [Processed Buffers: Min: 0, Avg: 6.1, Max: 13, Diff: 13, Sum: 49]
      [Scan RS (ms): Min: 0.0, Avg: 0.9, Max: 1.3, Diff: 1.3, Sum: 7.4]
      [Code Root Scanning (ms): Min: 0.0, Avg: 0.0, Max: 0.0, Diff: 0.0, Sum: 0.0]
      [Object Copy (ms): Min: 0.0, Avg: 2.6, Max: 3.1, Diff: 3.0, Sum: 20.7]
      [Termination (ms): Min: 0.0, Avg: 0.5, Max: 0.6, Diff: 0.6, Sum: 4.4]
         [Termination Attempts: Min: 1, Avg: 6.8, Max: 10, Diff: 9, Sum: 54]
      [GC Worker Other (ms): Min: 0.0, Avg: 0.0, Max: 0.0, Diff: 0.0, Sum: 0.0]
      [GC Worker Total (ms): Min: 0.0, Avg: 6.2, Max: 7.4, Diff: 7.4, Sum: 49.3]
      [GC Worker End (ms): Min: 354201900.4, Avg: 354201900.4, Max: 354201900.4, Diff: 0.0]
   [Code Root Fixup: 0.0 ms]
   [Code Root Purge: 0.0 ms]
   [Clear CT: 1.0 ms]
   [Other: 18.5 ms]
      [Choose CSet: 0.0 ms]
      [Ref Proc: 18.0 ms]
      [Ref Enq: 0.1 ms]
      [Redirty Cards: 0.1 ms]
      [Humongous Register: 0.0 ms]
      [Humongous Reclaim: 0.0 ms]
      [Free CSet: 0.1 ms]
   [Eden: 5712.0M(5712.0M)->0.0B(7152.0M) Survivors: 16384.0K->16384.0K Heap: 9393.3M(14336.0M)->3675.2M(14336.0M)]
 [Times: user=0.11 sys=0.00, real=0.03 secs] 
2022-09-14T01:24:29.631-0600: 354298.148: [GC pause (G1 Evacuation Pause) (young), 0.0217667 secs]
   [Parallel Time: 7.6 ms, GC Workers: 8]
      [GC Worker Start (ms): Min: 354298148.4, Avg: 354298148.8, Max: 354298150.1, Diff: 1.7]
      [Ext Root Scanning (ms): Min: 0.0, Avg: 1.6, Max: 4.7, Diff: 4.7, Sum: 13.2]
      [Update RS (ms): Min: 0.5, Avg: 3.5, Max: 6.1, Diff: 5.6, Sum: 27.8]
         [Processed Buffers: Min: 3, Avg: 14.9, Max: 23, Diff: 20, Sum: 119]
      [Scan RS (ms): Min: 0.0, Avg: 0.0, Max: 0.1, Diff: 0.0, Sum: 0.3]
      [Code Root Scanning (ms): Min: 0.0, Avg: 0.0, Max: 0.0, Diff: 0.0, Sum: 0.0]
      [Object Copy (ms): Min: 0.0, Avg: 1.1, Max: 1.4, Diff: 1.4, Sum: 8.6]
      [Termination (ms): Min: 0.0, Avg: 0.8, Max: 1.0, Diff: 1.0, Sum: 6.6]
         [Termination Attempts: Min: 1, Avg: 3.6, Max: 8, Diff: 7, Sum: 29]
      [GC Worker Other (ms): Min: 0.0, Avg: 0.0, Max: 0.0, Diff: 0.0, Sum: 0.0]
      [GC Worker Total (ms): Min: 5.8, Avg: 7.1, Max: 7.5, Diff: 1.7, Sum: 56.5]
      [GC Worker End (ms): Min: 354298155.8, Avg: 354298155.9, Max: 354298155.9, Diff: 0.1]
   [Code Root Fixup: 0.0 ms]
   [Code Root Purge: 0.0 ms]
   [Clear CT: 0.8 ms]
   [Other: 13.4 ms]
      [Choose CSet: 0.0 ms]
      [Ref Proc: 13.0 ms]
      [Ref Enq: 0.1 ms]
      [Redirty Cards: 0.1 ms]
      [Humongous Register: 0.0 ms]
      [Humongous Reclaim: 0.0 ms]
      [Free CSet: 0.1 ms]
   [Eden: 7152.0M(7152.0M)->0.0B(7152.0M) Survivors: 16384.0K->16384.0K Heap: 10827.2M(14336.0M)->3679.5M(14336.0M)]
 [Times: user=0.09 sys=0.00, real=0.02 secs] 
2022-09-14T01:26:04.820-0600: 354393.338: [GC pause (G1 Evacuation Pause) (young) (initial-mark), 0.0338431 secs]
   [Parallel Time: 12.9 ms, GC Workers: 8]
      [GC Worker Start (ms): Min: 354393339.0, Avg: 354393340.5, Max: 354393341.4, Diff: 2.4]
      [Ext Root Scanning (ms): Min: 2.1, Avg: 4.9, Max: 7.4, Diff: 5.2, Sum: 39.1]
      [Update RS (ms): Min: 0.0, Avg: 1.0, Max: 1.9, Diff: 1.9, Sum: 8.0]
         [Processed Buffers: Min: 0, Avg: 5.8, Max: 14, Diff: 14, Sum: 46]
      [Scan RS (ms): Min: 0.0, Avg: 0.0, Max: 0.1, Diff: 0.1, Sum: 0.2]
      [Code Root Scanning (ms): Min: 0.0, Avg: 0.0, Max: 0.0, Diff: 0.0, Sum: 0.0]
      [Object Copy (ms): Min: 0.0, Avg: 1.5, Max: 4.8, Diff: 4.8, Sum: 12.1]
      [Termination (ms): Min: 0.0, Avg: 2.4, Max: 3.2, Diff: 3.2, Sum: 19.5]
         [Termination Attempts: Min: 1, Avg: 5.9, Max: 12, Diff: 11, Sum: 47]
      [GC Worker Other (ms): Min: 0.0, Avg: 0.0, Max: 0.0, Diff: 0.0, Sum: 0.1]
      [GC Worker Total (ms): Min: 8.9, Avg: 9.9, Max: 11.4, Diff: 2.5, Sum: 78.9]
      [GC Worker End (ms): Min: 354393350.3, Avg: 354393350.3, Max: 354393350.5, Diff: 0.2]
   [Code Root Fixup: 0.0 ms]
   [Code Root Purge: 0.0 ms]
   [Clear CT: 1.0 ms]
   [Other: 20.0 ms]
      [Choose CSet: 0.0 ms]
      [Ref Proc: 19.5 ms]
      [Ref Enq: 0.1 ms]
      [Redirty Cards: 0.1 ms]
      [Humongous Register: 0.0 ms]
      [Humongous Reclaim: 0.0 ms]
      [Free CSet: 0.1 ms]
   [Eden: 7152.0M(7152.0M)->0.0B(7152.0M) Survivors: 16384.0K->16384.0K Heap: 10831.5M(14336.0M)->3681.1M(14336.0M)]
 [Times: user=0.11 sys=0.00, real=0.04 secs] 
2022-09-14T01:26:04.854-0600: 354393.372: [GC concurrent-root-region-scan-start]
2022-09-14T01:26:04.860-0600: 354393.378: [GC concurrent-root-region-scan-end, 0.0063213 secs]
2022-09-14T01:26:04.860-0600: 354393.378: [GC concurrent-mark-start]
2022-09-14T01:26:06.209-0600: 354394.726: [GC concurrent-mark-end, 1.3483199 secs]
2022-09-14T01:26:06.209-0600: 354394.726: [GC remark 2022-09-14T01:26:06.209-0600: 354394.726: [Finalize Marking, 0.0027062 secs] 2022-09-14T01:26:06.211-0600: 354394.729: [GC ref-proc, 0.0295831 secs] 2022-09-14T01:26:06.241-0600: 354394.759: [Unloading, 0.0272930 secs], 0.0635293 secs]
 [Times: user=0.27 sys=0.00, real=0.06 secs] 
2022-09-14T01:26:06.272-0600: 354394.790: [GC cleanup 3805M->3805M(14336M), 0.0089149 secs]
 [Times: user=0.04 sys=0.00, real=0.02 secs] 
2022-09-14T01:27:40.527-0600: 354489.044: [GC pause (G1 Evacuation Pause) (young), 0.0312020 secs]
   [Parallel Time: 7.2 ms, GC Workers: 8]
      [GC Worker Start (ms): Min: 354489044.5, Avg: 354489048.0, Max: 354489051.5, Diff: 7.0]
      [Ext Root Scanning (ms): Min: 0.0, Avg: 0.8, Max: 3.0, Diff: 3.0, Sum: 6.5]
      [Update RS (ms): Min: 0.0, Avg: 1.1, Max: 2.8, Diff: 2.8, Sum: 8.6]
         [Processed Buffers: Min: 0, Avg: 5.9, Max: 24, Diff: 24, Sum: 47]
      [Scan RS (ms): Min: 0.0, Avg: 0.0, Max: 0.1, Diff: 0.1, Sum: 0.2]
      [Code Root Scanning (ms): Min: 0.0, Avg: 0.0, Max: 0.0, Diff: 0.0, Sum: 0.0]
      [Object Copy (ms): Min: 0.0, Avg: 1.0, Max: 2.1, Diff: 2.1, Sum: 7.7]
      [Termination (ms): Min: 0.0, Avg: 0.8, Max: 1.2, Diff: 1.2, Sum: 6.1]
         [Termination Attempts: Min: 1, Avg: 3.0, Max: 9, Diff: 8, Sum: 24]
      [GC Worker Other (ms): Min: 0.0, Avg: 0.0, Max: 0.0, Diff: 0.0, Sum: 0.0]
      [GC Worker Total (ms): Min: 0.0, Avg: 3.6, Max: 7.1, Diff: 7.0, Sum: 29.0]
      [GC Worker End (ms): Min: 354489051.6, Avg: 354489051.6, Max: 354489051.6, Diff: 0.1]
   [Code Root Fixup: 0.0 ms]
   [Code Root Purge: 0.0 ms]
   [Clear CT: 0.7 ms]
   [Other: 23.3 ms]
      [Choose CSet: 0.0 ms]
      [Ref Proc: 22.9 ms]
      [Ref Enq: 0.1 ms]
      [Redirty Cards: 0.1 ms]
      [Humongous Register: 0.0 ms]
      [Humongous Reclaim: 0.0 ms]
      [Free CSet: 0.1 ms]
   [Eden: 7152.0M(7152.0M)->0.0B(5712.0M) Survivors: 16384.0K->16384.0K Heap: 10833.1M(14336.0M)->3681.8M(14336.0M)]
 [Times: user=0.11 sys=0.00, real=0.03 secs] 
2022-09-14T01:28:57.276-0600: 354565.793: [GC pause (G1 Evacuation Pause) (mixed), 0.0361085 secs]
   [Parallel Time: 11.3 ms, GC Workers: 8]
      [GC Worker Start (ms): Min: 354565793.6, Avg: 354565796.3, Max: 354565803.9, Diff: 10.3]
      [Ext Root Scanning (ms): Min: 0.0, Avg: 0.9, Max: 3.5, Diff: 3.5, Sum: 7.2]
      [Update RS (ms): Min: 0.0, Avg: 1.0, Max: 2.1, Diff: 2.1, Sum: 8.4]
         [Processed Buffers: Min: 0, Avg: 6.0, Max: 19, Diff: 19, Sum: 48]
      [Scan RS (ms): Min: 0.2, Avg: 1.8, Max: 7.5, Diff: 7.4, Sum: 14.3]
      [Code Root Scanning (ms): Min: 0.0, Avg: 0.0, Max: 0.0, Diff: 0.0, Sum: 0.0]
      [Object Copy (ms): Min: 0.0, Avg: 3.5, Max: 4.7, Diff: 4.7, Sum: 27.7]
      [Termination (ms): Min: 0.0, Avg: 1.2, Max: 1.6, Diff: 1.6, Sum: 9.9]
         [Termination Attempts: Min: 1, Avg: 35.2, Max: 58, Diff: 57, Sum: 282]
      [GC Worker Other (ms): Min: 0.0, Avg: 0.0, Max: 0.0, Diff: 0.0, Sum: 0.1]
      [GC Worker Total (ms): Min: 0.8, Avg: 8.4, Max: 11.2, Diff: 10.4, Sum: 67.4]
      [GC Worker End (ms): Min: 354565804.7, Avg: 354565804.8, Max: 354565804.8, Diff: 0.1]
   [Code Root Fixup: 0.0 ms]
   [Code Root Purge: 0.0 ms]
   [Clear CT: 0.9 ms]
   [Other: 23.9 ms]
      [Choose CSet: 0.0 ms]
      [Ref Proc: 23.5 ms]
      [Ref Enq: 0.1 ms]
      [Redirty Cards: 0.1 ms]
      [Humongous Register: 0.0 ms]
      [Humongous Reclaim: 0.0 ms]
      [Free CSet: 0.1 ms]
   [Eden: 5712.0M(5712.0M)->0.0B(7152.0M) Survivors: 16384.0K->16384.0K Heap: 9393.8M(14336.0M)->3674.3M(14336.0M)]
 [Times: user=0.15 sys=0.00, real=0.03 secs] 
2022-09-14T01:30:32.225-0600: 354660.743: [GC pause (G1 Evacuation Pause) (young), 0.0237225 secs]
   [Parallel Time: 9.1 ms, GC Workers: 8]
      [GC Worker Start (ms): Min: 354660743.3, Avg: 354660746.4, Max: 354660752.3, Diff: 9.0]
      [Ext Root Scanning (ms): Min: 0.0, Avg: 1.0, Max: 4.7, Diff: 4.7, Sum: 7.9]
      [Update RS (ms): Min: 0.0, Avg: 3.3, Max: 4.5, Diff: 4.5, Sum: 26.6]
         [Processed Buffers: Min: 0, Avg: 14.6, Max: 22, Diff: 22, Sum: 117]
      [Scan RS (ms): Min: 0.0, Avg: 0.0, Max: 0.0, Diff: 0.0, Sum: 0.3]
      [Code Root Scanning (ms): Min: 0.0, Avg: 0.0, Max: 0.0, Diff: 0.0, Sum: 0.0]
      [Object Copy (ms): Min: 0.0, Avg: 1.0, Max: 1.4, Diff: 1.4, Sum: 8.0]
      [Termination (ms): Min: 0.0, Avg: 0.5, Max: 0.6, Diff: 0.6, Sum: 4.4]
         [Termination Attempts: Min: 1, Avg: 6.6, Max: 11, Diff: 10, Sum: 53]
      [GC Worker Other (ms): Min: 0.0, Avg: 0.0, Max: 0.0, Diff: 0.0, Sum: 0.1]
      [GC Worker Total (ms): Min: 0.0, Avg: 5.9, Max: 9.1, Diff: 9.0, Sum: 47.1]
      [GC Worker End (ms): Min: 354660752.3, Avg: 354660752.3, Max: 354660752.3, Diff: 0.0]
   [Code Root Fixup: 0.0 ms]
   [Code Root Purge: 0.0 ms]
   [Clear CT: 0.9 ms]
   [Other: 13.7 ms]
      [Choose CSet: 0.0 ms]
      [Ref Proc: 13.3 ms]
      [Ref Enq: 0.1 ms]
      [Redirty Cards: 0.1 ms]
      [Humongous Register: 0.0 ms]
      [Humongous Reclaim: 0.0 ms]
      [Free CSet: 0.1 ms]
   [Eden: 7152.0M(7152.0M)->0.0B(7152.0M) Survivors: 16384.0K->16384.0K Heap: 10826.3M(14336.0M)->3680.7M(14336.0M)]
 [Times: user=0.10 sys=0.00, real=0.02 secs] 
2022-09-14T01:32:07.924-0600: 354756.442: [GC pause (G1 Evacuation Pause) (young) (initial-mark), 0.0356800 secs]
   [Parallel Time: 13.1 ms, GC Workers: 8]
      [GC Worker Start (ms): Min: 354756443.1, Avg: 354756447.1, Max: 354756447.9, Diff: 4.7]
      [Ext Root Scanning (ms): Min: 2.0, Avg: 3.8, Max: 6.9, Diff: 4.9, Sum: 30.3]
      [Update RS (ms): Min: 0.0, Avg: 1.2, Max: 1.9, Diff: 1.9, Sum: 9.4]
         [Processed Buffers: Min: 0, Avg: 5.8, Max: 14, Diff: 14, Sum: 46]
      [Scan RS (ms): Min: 0.0, Avg: 0.0, Max: 0.1, Diff: 0.1, Sum: 0.3]
      [Code Root Scanning (ms): Min: 0.0, Avg: 0.0, Max: 0.0, Diff: 0.0, Sum: 0.0]
      [Object Copy (ms): Min: 0.0, Avg: 1.3, Max: 1.7, Diff: 1.7, Sum: 10.1]
      [Termination (ms): Min: 0.0, Avg: 1.5, Max: 1.7, Diff: 1.7, Sum: 11.9]
         [Termination Attempts: Min: 1, Avg: 3.9, Max: 7, Diff: 6, Sum: 31]
      [GC Worker Other (ms): Min: 0.0, Avg: 0.0, Max: 0.0, Diff: 0.0, Sum: 0.1]
      [GC Worker Total (ms): Min: 6.9, Avg: 7.7, Max: 11.7, Diff: 4.8, Sum: 62.0]
      [GC Worker End (ms): Min: 354756454.7, Avg: 354756454.8, Max: 354756454.8, Diff: 0.1]
   [Code Root Fixup: 0.0 ms]
   [Code Root Purge: 0.0 ms]
   [Clear CT: 0.9 ms]
   [Other: 21.7 ms]
      [Choose CSet: 0.0 ms]
      [Ref Proc: 21.3 ms]
      [Ref Enq: 0.1 ms]
      [Redirty Cards: 0.1 ms]
      [Humongous Register: 0.0 ms]
      [Humongous Reclaim: 0.0 ms]
      [Free CSet: 0.1 ms]
   [Eden: 7152.0M(7152.0M)->0.0B(7152.0M) Survivors: 16384.0K->16384.0K Heap: 10832.7M(14336.0M)->3682.6M(14336.0M)]
 [Times: user=0.11 sys=0.00, real=0.03 secs] 
2022-09-14T01:32:07.960-0600: 354756.478: [GC concurrent-root-region-scan-start]
2022-09-14T01:32:07.966-0600: 354756.484: [GC concurrent-root-region-scan-end, 0.0062356 secs]
2022-09-14T01:32:07.966-0600: 354756.484: [GC concurrent-mark-start]
2022-09-14T01:32:09.285-0600: 354757.803: [GC concurrent-mark-end, 1.3192032 secs]
2022-09-14T01:32:09.291-0600: 354757.809: [GC remark 2022-09-14T01:32:09.291-0600: 354757.809: [Finalize Marking, 0.0055600 secs] 2022-09-14T01:32:09.297-0600: 354757.814: [GC ref-proc, 0.0302892 secs] 2022-09-14T01:32:09.327-0600: 354757.845: [Unloading, 0.0266639 secs], 0.0697027 secs]
 [Times: user=0.26 sys=0.00, real=0.08 secs] 
2022-09-14T01:32:09.361-0600: 354757.879: [GC cleanup 3826M->3826M(14336M), 0.0092709 secs]
 [Times: user=0.02 sys=0.00, real=0.00 secs] 
2022-09-14T01:33:42.077-0600: 354850.595: [GC pause (G1 Evacuation Pause) (young), 0.0335893 secs]
   [Parallel Time: 8.5 ms, GC Workers: 8]
      [GC Worker Start (ms): Min: 354850594.9, Avg: 354850599.4, Max: 354850603.2, Diff: 8.3]
      [Ext Root Scanning (ms): Min: 0.0, Avg: 0.7, Max: 3.4, Diff: 3.4, Sum: 6.0]
      [Update RS (ms): Min: 0.0, Avg: 1.1, Max: 2.0, Diff: 2.0, Sum: 8.8]
         [Processed Buffers: Min: 0, Avg: 5.9, Max: 17, Diff: 17, Sum: 47]
      [Scan RS (ms): Min: 0.0, Avg: 0.0, Max: 0.1, Diff: 0.1, Sum: 0.2]
      [Code Root Scanning (ms): Min: 0.0, Avg: 0.0, Max: 0.0, Diff: 0.0, Sum: 0.0]
      [Object Copy (ms): Min: 0.0, Avg: 1.0, Max: 1.9, Diff: 1.9, Sum: 8.4]
      [Termination (ms): Min: 0.0, Avg: 0.9, Max: 1.3, Diff: 1.3, Sum: 7.0]
         [Termination Attempts: Min: 1, Avg: 5.9, Max: 13, Diff: 12, Sum: 47]
      [GC Worker Other (ms): Min: 0.0, Avg: 0.0, Max: 0.0, Diff: 0.0, Sum: 0.0]
      [GC Worker Total (ms): Min: 0.0, Avg: 3.8, Max: 8.3, Diff: 8.3, Sum: 30.3]
      [GC Worker End (ms): Min: 354850603.2, Avg: 354850603.2, Max: 354850603.2, Diff: 0.0]
   [Code Root Fixup: 0.0 ms]
   [Code Root Purge: 0.0 ms]
   [Clear CT: 1.0 ms]
   [Other: 24.0 ms]
      [Choose CSet: 0.0 ms]
      [Ref Proc: 23.6 ms]
      [Ref Enq: 0.1 ms]
      [Redirty Cards: 0.1 ms]
      [Humongous Register: 0.0 ms]
      [Humongous Reclaim: 0.0 ms]
      [Free CSet: 0.1 ms]
   [Eden: 7152.0M(7152.0M)->0.0B(5712.0M) Survivors: 16384.0K->16384.0K Heap: 10834.6M(14336.0M)->3684.8M(14336.0M)]
 [Times: user=0.10 sys=0.00, real=0.03 secs] 
2022-09-14T01:34:58.325-0600: 354926.843: [GC pause (G1 Evacuation Pause) (mixed), 0.0380520 secs]
   [Parallel Time: 8.8 ms, GC Workers: 8]
      [GC Worker Start (ms): Min: 354926842.9, Avg: 354926844.8, Max: 354926850.0, Diff: 7.1]
      [Ext Root Scanning (ms): Min: 0.0, Avg: 0.9, Max: 3.4, Diff: 3.4, Sum: 7.5]
      [Update RS (ms): Min: 0.0, Avg: 1.2, Max: 2.1, Diff: 2.1, Sum: 9.5]
         [Processed Buffers: Min: 0, Avg: 6.2, Max: 16, Diff: 16, Sum: 50]
      [Scan RS (ms): Min: 0.0, Avg: 1.0, Max: 1.4, Diff: 1.4, Sum: 7.8]
      [Code Root Scanning (ms): Min: 0.0, Avg: 0.0, Max: 0.0, Diff: 0.0, Sum: 0.0]
      [Object Copy (ms): Min: 0.9, Avg: 3.0, Max: 3.8, Diff: 2.9, Sum: 23.9]
      [Termination (ms): Min: 0.0, Avg: 0.0, Max: 0.0, Diff: 0.0, Sum: 0.2]
         [Termination Attempts: Min: 1, Avg: 45.5, Max: 75, Diff: 74, Sum: 364]
      [GC Worker Other (ms): Min: 0.0, Avg: 0.0, Max: 0.0, Diff: 0.0, Sum: 0.1]
      [GC Worker Total (ms): Min: 0.9, Avg: 6.1, Max: 8.0, Diff: 7.1, Sum: 49.0]
      [GC Worker End (ms): Min: 354926850.9, Avg: 354926850.9, Max: 354926850.9, Diff: 0.0]
   [Code Root Fixup: 0.0 ms]
   [Code Root Purge: 0.0 ms]
   [Clear CT: 0.9 ms]
   [Other: 28.4 ms]
      [Choose CSet: 0.0 ms]
      [Ref Proc: 27.8 ms]
      [Ref Enq: 0.1 ms]
      [Redirty Cards: 0.2 ms]
      [Humongous Register: 0.0 ms]
      [Humongous Reclaim: 0.0 ms]
      [Free CSet: 0.1 ms]
   [Eden: 5712.0M(5712.0M)->0.0B(7152.0M) Survivors: 16384.0K->16384.0K Heap: 9396.8M(14336.0M)->3677.0M(14336.0M)]
 [Times: user=0.12 sys=0.00, real=0.04 secs] 
2022-09-14T01:36:31.633-0600: 355020.151: [GC pause (G1 Evacuation Pause) (young), 0.0239217 secs]
   [Parallel Time: 10.1 ms, GC Workers: 8]
      [GC Worker Start (ms): Min: 355020150.6, Avg: 355020152.5, Max: 355020158.1, Diff: 7.4]
      [Ext Root Scanning (ms): Min: 0.0, Avg: 1.2, Max: 2.9, Diff: 2.9, Sum: 9.9]
      [Update RS (ms): Min: 0.0, Avg: 3.1, Max: 4.3, Diff: 4.3, Sum: 25.1]
         [Processed Buffers: Min: 0, Avg: 14.6, Max: 21, Diff: 21, Sum: 117]
      [Scan RS (ms): Min: 0.0, Avg: 0.0, Max: 0.1, Diff: 0.1, Sum: 0.2]
      [Code Root Scanning (ms): Min: 0.0, Avg: 0.0, Max: 0.0, Diff: 0.0, Sum: 0.0]
      [Object Copy (ms): Min: 0.1, Avg: 1.5, Max: 3.8, Diff: 3.7, Sum: 12.2]
      [Termination (ms): Min: 0.0, Avg: 2.0, Max: 2.5, Diff: 2.5, Sum: 16.3]
         [Termination Attempts: Min: 1, Avg: 5.0, Max: 9, Diff: 8, Sum: 40]
      [GC Worker Other (ms): Min: 0.0, Avg: 0.0, Max: 0.0, Diff: 0.0, Sum: 0.1]
      [GC Worker Total (ms): Min: 2.4, Avg: 8.0, Max: 9.9, Diff: 7.4, Sum: 63.8]
      [GC Worker End (ms): Min: 355020160.5, Avg: 355020160.5, Max: 355020160.7, Diff: 0.2]
   [Code Root Fixup: 0.0 ms]
   [Code Root Purge: 0.0 ms]
   [Clear CT: 0.8 ms]
   [Other: 13.1 ms]
      [Choose CSet: 0.0 ms]
      [Ref Proc: 12.6 ms]
      [Ref Enq: 0.1 ms]
      [Redirty Cards: 0.1 ms]
      [Humongous Register: 0.0 ms]
      [Humongous Reclaim: 0.0 ms]
      [Free CSet: 0.1 ms]
   [Eden: 7152.0M(7152.0M)->0.0B(7152.0M) Survivors: 16384.0K->16384.0K Heap: 10829.0M(14336.0M)->3683.4M(14336.0M)]
 [Times: user=0.10 sys=0.01, real=0.02 secs] 
2022-09-14T01:38:05.726-0600: 355114.244: [GC pause (G1 Evacuation Pause) (young) (initial-mark), 0.0299920 secs]
   [Parallel Time: 11.0 ms, GC Workers: 8]
      [GC Worker Start (ms): Min: 355114244.9, Avg: 355114246.3, Max: 355114247.3, Diff: 2.4]
      [Ext Root Scanning (ms): Min: 1.5, Avg: 4.4, Max: 7.1, Diff: 5.6, Sum: 35.0]
      [Update RS (ms): Min: 0.0, Avg: 1.1, Max: 2.8, Diff: 2.8, Sum: 9.2]
         [Processed Buffers: Min: 0, Avg: 5.6, Max: 12, Diff: 12, Sum: 45]
      [Scan RS (ms): Min: 0.0, Avg: 0.0, Max: 0.1, Diff: 0.1, Sum: 0.2]
      [Code Root Scanning (ms): Min: 0.0, Avg: 0.0, Max: 0.0, Diff: 0.0, Sum: 0.0]
      [Object Copy (ms): Min: 0.0, Avg: 1.2, Max: 1.5, Diff: 1.5, Sum: 9.9]
      [Termination (ms): Min: 0.0, Avg: 1.5, Max: 1.7, Diff: 1.7, Sum: 11.8]
         [Termination Attempts: Min: 1, Avg: 5.5, Max: 8, Diff: 7, Sum: 44]
      [GC Worker Other (ms): Min: 0.0, Avg: 0.0, Max: 0.0, Diff: 0.0, Sum: 0.1]
      [GC Worker Total (ms): Min: 7.1, Avg: 8.3, Max: 9.7, Diff: 2.6, Sum: 66.2]
      [GC Worker End (ms): Min: 355114254.4, Avg: 355114254.5, Max: 355114254.6, Diff: 0.2]
   [Code Root Fixup: 0.0 ms]
   [Code Root Purge: 0.0 ms]
   [Clear CT: 0.8 ms]
   [Other: 18.2 ms]
      [Choose CSet: 0.0 ms]
      [Ref Proc: 17.8 ms]
      [Ref Enq: 0.1 ms]
      [Redirty Cards: 0.1 ms]
      [Humongous Register: 0.0 ms]
      [Humongous Reclaim: 0.0 ms]
      [Free CSet: 0.1 ms]
   [Eden: 7152.0M(7152.0M)->0.0B(7152.0M) Survivors: 16384.0K->16384.0K Heap: 10835.4M(14336.0M)->3686.8M(14336.0M)]
 [Times: user=0.12 sys=0.00, real=0.03 secs] 
2022-09-14T01:38:05.756-0600: 355114.274: [GC concurrent-root-region-scan-start]
2022-09-14T01:38:05.762-0600: 355114.280: [GC concurrent-root-region-scan-end, 0.0062547 secs]
2022-09-14T01:38:05.762-0600: 355114.280: [GC concurrent-mark-start]
2022-09-14T01:38:07.104-0600: 355115.622: [GC concurrent-mark-end, 1.3421849 secs]
2022-09-14T01:38:07.105-0600: 355115.622: [GC remark 2022-09-14T01:38:07.105-0600: 355115.622: [Finalize Marking, 0.0024939 secs] 2022-09-14T01:38:07.107-0600: 355115.625: [GC ref-proc, 0.0274833 secs] 2022-09-14T01:38:07.135-0600: 355115.652: [Unloading, 0.0310659 secs], 0.0650479 secs]
 [Times: user=0.26 sys=0.00, real=0.06 secs] 
2022-09-14T01:38:07.170-0600: 355115.687: [GC cleanup 3830M->3830M(14336M), 0.0126418 secs]
 [Times: user=0.03 sys=0.00, real=0.02 secs] 
2022-09-14T01:39:37.643-0600: 355206.160: [GC pause (G1 Evacuation Pause) (young), 0.0248295 secs]
   [Parallel Time: 6.5 ms, GC Workers: 8]
      [GC Worker Start (ms): Min: 355206160.3, Avg: 355206162.9, Max: 355206166.5, Diff: 6.3]
      [Ext Root Scanning (ms): Min: 0.0, Avg: 1.0, Max: 3.1, Diff: 3.1, Sum: 8.1]
      [Update RS (ms): Min: 0.0, Avg: 1.2, Max: 2.4, Diff: 2.4, Sum: 9.5]
         [Processed Buffers: Min: 0, Avg: 6.5, Max: 16, Diff: 16, Sum: 52]
      [Scan RS (ms): Min: 0.0, Avg: 0.0, Max: 0.1, Diff: 0.1, Sum: 0.2]
      [Code Root Scanning (ms): Min: 0.0, Avg: 0.0, Max: 0.0, Diff: 0.0, Sum: 0.0]
      [Object Copy (ms): Min: 0.0, Avg: 0.9, Max: 1.6, Diff: 1.6, Sum: 7.3]
      [Termination (ms): Min: 0.0, Avg: 0.7, Max: 1.0, Diff: 1.0, Sum: 5.2]
         [Termination Attempts: Min: 1, Avg: 4.4, Max: 9, Diff: 8, Sum: 35]
      [GC Worker Other (ms): Min: 0.0, Avg: 0.0, Max: 0.0, Diff: 0.0, Sum: 0.0]
      [GC Worker Total (ms): Min: 0.0, Avg: 3.8, Max: 6.4, Diff: 6.4, Sum: 30.4]
      [GC Worker End (ms): Min: 355206166.5, Avg: 355206166.7, Max: 355206166.7, Diff: 0.2]
   [Code Root Fixup: 0.0 ms]
   [Code Root Purge: 0.0 ms]
   [Clear CT: 0.7 ms]
   [Other: 17.6 ms]
      [Choose CSet: 0.0 ms]
      [Ref Proc: 17.2 ms]
      [Ref Enq: 0.1 ms]
      [Redirty Cards: 0.1 ms]
      [Humongous Register: 0.0 ms]
      [Humongous Reclaim: 0.0 ms]
      [Free CSet: 0.1 ms]
   [Eden: 7152.0M(7152.0M)->0.0B(5712.0M) Survivors: 16384.0K->16384.0K Heap: 10838.8M(14336.0M)->3685.2M(14336.0M)]
 [Times: user=0.09 sys=0.00, real=0.02 secs] 
2022-09-14T01:40:51.175-0600: 355279.692: [GC pause (G1 Evacuation Pause) (mixed), 0.0332269 secs]
   [Parallel Time: 12.0 ms, GC Workers: 8]
      [GC Worker Start (ms): Min: 355279692.4, Avg: 355279695.9, Max: 355279701.0, Diff: 8.6]
      [Ext Root Scanning (ms): Min: 0.0, Avg: 1.0, Max: 3.2, Diff: 3.2, Sum: 8.1]
      [Update RS (ms): Min: 0.0, Avg: 1.1, Max: 2.0, Diff: 2.0, Sum: 8.4]
         [Processed Buffers: Min: 0, Avg: 5.6, Max: 16, Diff: 16, Sum: 45]
      [Scan RS (ms): Min: 0.0, Avg: 0.9, Max: 1.5, Diff: 1.5, Sum: 7.2]
      [Code Root Scanning (ms): Min: 0.0, Avg: 0.0, Max: 0.0, Diff: 0.0, Sum: 0.0]
      [Object Copy (ms): Min: 0.3, Avg: 3.1, Max: 6.5, Diff: 6.3, Sum: 25.0]
      [Termination (ms): Min: 0.0, Avg: 2.2, Max: 3.0, Diff: 3.0, Sum: 18.0]
         [Termination Attempts: Min: 1, Avg: 5.0, Max: 12, Diff: 11, Sum: 40]
      [GC Worker Other (ms): Min: 0.0, Avg: 0.0, Max: 0.0, Diff: 0.0, Sum: 0.1]
      [GC Worker Total (ms): Min: 3.2, Avg: 8.3, Max: 11.8, Diff: 8.6, Sum: 66.7]
      [GC Worker End (ms): Min: 355279704.2, Avg: 355279704.2, Max: 355279704.3, Diff: 0.1]
   [Code Root Fixup: 0.0 ms]
   [Code Root Purge: 0.0 ms]
   [Clear CT: 1.0 ms]
   [Other: 20.2 ms]
      [Choose CSet: 0.0 ms]
      [Ref Proc: 19.7 ms]
      [Ref Enq: 0.1 ms]
      [Redirty Cards: 0.1 ms]
      [Humongous Register: 0.0 ms]
      [Humongous Reclaim: 0.0 ms]
      [Free CSet: 0.1 ms]
   [Eden: 5712.0M(5712.0M)->0.0B(7152.0M) Survivors: 16384.0K->16384.0K Heap: 9397.2M(14336.0M)->3678.6M(14336.0M)]
 [Times: user=0.12 sys=0.00, real=0.03 secs] 
2022-09-14T01:42:25.075-0600: 355373.592: [GC pause (G1 Evacuation Pause) (young), 0.0306113 secs]
   [Parallel Time: 8.6 ms, GC Workers: 8]
      [GC Worker Start (ms): Min: 355373592.5, Avg: 355373594.4, Max: 355373598.3, Diff: 5.8]
      [Ext Root Scanning (ms): Min: 0.0, Avg: 0.9, Max: 3.0, Diff: 3.0, Sum: 7.1]
      [Update RS (ms): Min: 0.2, Avg: 3.5, Max: 6.8, Diff: 6.7, Sum: 28.2]
         [Processed Buffers: Min: 1, Avg: 15.2, Max: 23, Diff: 22, Sum: 122]
      [Scan RS (ms): Min: 0.0, Avg: 0.0, Max: 0.1, Diff: 0.1, Sum: 0.2]
      [Code Root Scanning (ms): Min: 0.0, Avg: 0.0, Max: 0.0, Diff: 0.0, Sum: 0.0]
      [Object Copy (ms): Min: 0.2, Avg: 1.3, Max: 1.6, Diff: 1.4, Sum: 10.1]
      [Termination (ms): Min: 0.0, Avg: 0.8, Max: 1.0, Diff: 1.0, Sum: 6.5]
         [Termination Attempts: Min: 1, Avg: 14.8, Max: 21, Diff: 20, Sum: 118]
      [GC Worker Other (ms): Min: 0.0, Avg: 0.0, Max: 0.0, Diff: 0.0, Sum: 0.0]
      [GC Worker Total (ms): Min: 2.5, Avg: 6.5, Max: 8.5, Diff: 6.0, Sum: 52.2]
      [GC Worker End (ms): Min: 355373600.8, Avg: 355373600.9, Max: 355373601.0, Diff: 0.2]
   [Code Root Fixup: 0.0 ms]
   [Code Root Purge: 0.0 ms]
   [Clear CT: 0.8 ms]
   [Other: 21.3 ms]
      [Choose CSet: 0.0 ms]
      [Ref Proc: 20.9 ms]
      [Ref Enq: 0.1 ms]
      [Redirty Cards: 0.1 ms]
      [Humongous Register: 0.0 ms]
      [Humongous Reclaim: 0.0 ms]
      [Free CSet: 0.1 ms]
   [Eden: 7152.0M(7152.0M)->0.0B(7152.0M) Survivors: 16384.0K->16384.0K Heap: 10830.6M(14336.0M)->3684.6M(14336.0M)]
 [Times: user=0.13 sys=0.00, real=0.03 secs] 
2022-09-14T01:43:58.577-0600: 355467.095: [GC pause (G1 Evacuation Pause) (young) (initial-mark), 0.0444982 secs]
   [Parallel Time: 23.5 ms, GC Workers: 8]
      [GC Worker Start (ms): Min: 355467095.9, Avg: 355467099.9, Max: 355467100.8, Diff: 4.9]
      [Ext Root Scanning (ms): Min: 1.5, Avg: 7.3, Max: 10.8, Diff: 9.3, Sum: 58.7]
      [Update RS (ms): Min: 0.0, Avg: 2.6, Max: 10.2, Diff: 10.2, Sum: 21.0]
         [Processed Buffers: Min: 0, Avg: 6.4, Max: 23, Diff: 23, Sum: 51]
      [Scan RS (ms): Min: 0.0, Avg: 0.0, Max: 0.1, Diff: 0.1, Sum: 0.2]
      [Code Root Scanning (ms): Min: 0.0, Avg: 0.0, Max: 0.0, Diff: 0.0, Sum: 0.0]
      [Object Copy (ms): Min: 0.0, Avg: 1.3, Max: 4.2, Diff: 4.2, Sum: 10.7]
      [Termination (ms): Min: 0.0, Avg: 1.3, Max: 2.0, Diff: 2.0, Sum: 10.5]
         [Termination Attempts: Min: 1, Avg: 23.4, Max: 48, Diff: 47, Sum: 187]
      [GC Worker Other (ms): Min: 0.0, Avg: 0.0, Max: 0.0, Diff: 0.0, Sum: 0.1]
      [GC Worker Total (ms): Min: 11.7, Avg: 12.7, Max: 16.7, Diff: 5.0, Sum: 101.2]
      [GC Worker End (ms): Min: 355467112.5, Avg: 355467112.5, Max: 355467112.6, Diff: 0.2]
   [Code Root Fixup: 0.0 ms]
   [Code Root Purge: 0.0 ms]
   [Clear CT: 0.7 ms]
   [Other: 20.3 ms]
      [Choose CSet: 0.0 ms]
      [Ref Proc: 19.7 ms]
      [Ref Enq: 0.1 ms]
      [Redirty Cards: 0.1 ms]
      [Humongous Register: 0.0 ms]
      [Humongous Reclaim: 0.0 ms]
      [Free CSet: 0.1 ms]
   [Eden: 7152.0M(7152.0M)->0.0B(7152.0M) Survivors: 16384.0K->16384.0K Heap: 10836.6M(14336.0M)->3685.5M(14336.0M)]
 [Times: user=0.10 sys=0.00, real=0.05 secs] 
2022-09-14T01:43:58.621-0600: 355467.139: [GC concurrent-root-region-scan-start]
2022-09-14T01:43:58.628-0600: 355467.145: [GC concurrent-root-region-scan-end, 0.0062622 secs]
2022-09-14T01:43:58.628-0600: 355467.145: [GC concurrent-mark-start]
2022-09-14T01:43:59.957-0600: 355468.475: [GC concurrent-mark-end, 1.3295626 secs]
2022-09-14T01:43:59.957-0600: 355468.475: [GC remark 2022-09-14T01:43:59.957-0600: 355468.475: [Finalize Marking, 0.0024019 secs] 2022-09-14T01:43:59.960-0600: 355468.478: [GC ref-proc, 0.0229348 secs] 2022-09-14T01:43:59.983-0600: 355468.500: [Unloading, 0.0240244 secs], 0.0557950 secs]
 [Times: user=0.26 sys=0.00, real=0.06 secs] 
2022-09-14T01:44:00.014-0600: 355468.532: [GC cleanup 3797M->3797M(14336M), 0.0125781 secs]
 [Times: user=0.02 sys=0.00, real=0.01 secs] 
2022-09-14T01:45:33.477-0600: 355561.995: [GC pause (G1 Evacuation Pause) (young), 0.0250088 secs]
   [Parallel Time: 6.6 ms, GC Workers: 8]
      [GC Worker Start (ms): Min: 355561994.6, Avg: 355561997.6, Max: 355562001.1, Diff: 6.5]
      [Ext Root Scanning (ms): Min: 0.0, Avg: 0.8, Max: 3.0, Diff: 3.0, Sum: 6.1]
      [Update RS (ms): Min: 0.0, Avg: 0.9, Max: 2.3, Diff: 2.3, Sum: 7.4]
         [Processed Buffers: Min: 0, Avg: 5.8, Max: 14, Diff: 14, Sum: 46]
      [Scan RS (ms): Min: 0.0, Avg: 0.0, Max: 0.1, Diff: 0.1, Sum: 0.2]
      [Code Root Scanning (ms): Min: 0.0, Avg: 0.0, Max: 0.0, Diff: 0.0, Sum: 0.0]
      [Object Copy (ms): Min: 0.0, Avg: 1.0, Max: 1.7, Diff: 1.7, Sum: 8.0]
      [Termination (ms): Min: 0.0, Avg: 0.9, Max: 1.3, Diff: 1.3, Sum: 6.9]
         [Termination Attempts: Min: 1, Avg: 12.8, Max: 30, Diff: 29, Sum: 102]
      [GC Worker Other (ms): Min: 0.0, Avg: 0.0, Max: 0.0, Diff: 0.0, Sum: 0.0]
      [GC Worker Total (ms): Min: 0.0, Avg: 3.6, Max: 6.6, Diff: 6.6, Sum: 28.7]
      [GC Worker End (ms): Min: 355562001.2, Avg: 355562001.2, Max: 355562001.2, Diff: 0.0]
   [Code Root Fixup: 0.0 ms]
   [Code Root Purge: 0.0 ms]
   [Clear CT: 0.8 ms]
   [Other: 17.6 ms]
      [Choose CSet: 0.0 ms]
      [Ref Proc: 17.2 ms]
      [Ref Enq: 0.1 ms]
      [Redirty Cards: 0.1 ms]
      [Humongous Register: 0.0 ms]
      [Humongous Reclaim: 0.0 ms]
      [Free CSet: 0.1 ms]
   [Eden: 7152.0M(7152.0M)->0.0B(5712.0M) Survivors: 16384.0K->16384.0K Heap: 10837.5M(14336.0M)->3685.8M(14336.0M)]
 [Times: user=0.09 sys=0.00, real=0.03 secs] 
2022-09-14T01:46:48.023-0600: 355636.541: [GC pause (G1 Evacuation Pause) (mixed), 0.0324220 secs]
   [Parallel Time: 8.1 ms, GC Workers: 8]
      [GC Worker Start (ms): Min: 355636541.0, Avg: 355636543.0, Max: 355636549.0, Diff: 8.0]
      [Ext Root Scanning (ms): Min: 0.0, Avg: 1.2, Max: 3.9, Diff: 3.9, Sum: 9.3]
      [Update RS (ms): Min: 0.0, Avg: 1.0, Max: 1.7, Diff: 1.7, Sum: 8.0]
         [Processed Buffers: Min: 0, Avg: 5.8, Max: 12, Diff: 12, Sum: 46]
      [Scan RS (ms): Min: 0.0, Avg: 0.8, Max: 1.3, Diff: 1.3, Sum: 6.7]
      [Code Root Scanning (ms): Min: 0.0, Avg: 0.0, Max: 0.0, Diff: 0.0, Sum: 0.0]
      [Object Copy (ms): Min: 0.0, Avg: 2.5, Max: 3.1, Diff: 3.1, Sum: 19.7]
      [Termination (ms): Min: 0.0, Avg: 0.5, Max: 0.6, Diff: 0.6, Sum: 4.4]
         [Termination Attempts: Min: 1, Avg: 2.5, Max: 4, Diff: 3, Sum: 20]
      [GC Worker Other (ms): Min: 0.0, Avg: 0.0, Max: 0.0, Diff: 0.0, Sum: 0.1]
      [GC Worker Total (ms): Min: 0.0, Avg: 6.0, Max: 8.0, Diff: 8.0, Sum: 48.2]
      [GC Worker End (ms): Min: 355636549.0, Avg: 355636549.0, Max: 355636549.1, Diff: 0.0]
   [Code Root Fixup: 0.0 ms]
   [Code Root Purge: 0.0 ms]
   [Clear CT: 0.9 ms]
   [Other: 23.4 ms]
      [Choose CSet: 0.0 ms]
      [Ref Proc: 23.0 ms]
      [Ref Enq: 0.1 ms]
      [Redirty Cards: 0.1 ms]
      [Humongous Register: 0.0 ms]
      [Humongous Reclaim: 0.0 ms]
      [Free CSet: 0.1 ms]
   [Eden: 5712.0M(5712.0M)->0.0B(7152.0M) Survivors: 16384.0K->16384.0K Heap: 9397.8M(14336.0M)->3680.2M(14336.0M)]
 [Times: user=0.13 sys=0.00, real=0.03 secs] 
2022-09-14T01:48:23.125-0600: 355731.643: [GC pause (G1 Evacuation Pause) (young), 0.0517336 secs]
   [Parallel Time: 12.4 ms, GC Workers: 8]
      [GC Worker Start (ms): Min: 355731643.1, Avg: 355731649.1, Max: 355731655.3, Diff: 12.2]
      [Ext Root Scanning (ms): Min: 0.0, Avg: 0.8, Max: 2.9, Diff: 2.9, Sum: 6.5]
      [Update RS (ms): Min: 0.0, Avg: 2.8, Max: 6.1, Diff: 6.1, Sum: 22.4]
         [Processed Buffers: Min: 0, Avg: 14.9, Max: 38, Diff: 38, Sum: 119]
      [Scan RS (ms): Min: 0.0, Avg: 0.0, Max: 0.1, Diff: 0.1, Sum: 0.2]
      [Code Root Scanning (ms): Min: 0.0, Avg: 0.0, Max: 0.0, Diff: 0.0, Sum: 0.0]
      [Object Copy (ms): Min: 0.0, Avg: 0.9, Max: 2.0, Diff: 2.0, Sum: 7.0]
      [Termination (ms): Min: 0.0, Avg: 1.7, Max: 2.5, Diff: 2.5, Sum: 13.3]
         [Termination Attempts: Min: 1, Avg: 1.4, Max: 3, Diff: 2, Sum: 11]
      [GC Worker Other (ms): Min: 0.0, Avg: 0.0, Max: 0.0, Diff: 0.0, Sum: 0.0]
      [GC Worker Total (ms): Min: 0.0, Avg: 6.2, Max: 12.3, Diff: 12.3, Sum: 49.5]
      [GC Worker End (ms): Min: 355731655.3, Avg: 355731655.3, Max: 355731655.4, Diff: 0.1]
   [Code Root Fixup: 0.0 ms]
   [Code Root Purge: 0.0 ms]
   [Clear CT: 0.6 ms]
   [Other: 38.7 ms]
      [Choose CSet: 0.0 ms]
      [Ref Proc: 38.3 ms]
      [Ref Enq: 0.1 ms]
      [Redirty Cards: 0.1 ms]
      [Humongous Register: 0.0 ms]
      [Humongous Reclaim: 0.0 ms]
      [Free CSet: 0.1 ms]
   [Eden: 7152.0M(7152.0M)->0.0B(7152.0M) Survivors: 16384.0K->16384.0K Heap: 10832.2M(14336.0M)->3682.5M(14336.0M)]
 [Times: user=0.19 sys=0.00, real=0.05 secs] 
2022-09-14T01:49:56.433-0600: 355824.951: [GC pause (G1 Evacuation Pause) (young) (initial-mark), 0.0331256 secs]
   [Parallel Time: 14.5 ms, GC Workers: 8]
      [GC Worker Start (ms): Min: 355824952.2, Avg: 355824955.9, Max: 355824956.9, Diff: 4.6]
      [Ext Root Scanning (ms): Min: 2.1, Avg: 5.7, Max: 12.9, Diff: 10.8, Sum: 45.5]
      [Update RS (ms): Min: 0.0, Avg: 1.4, Max: 3.7, Diff: 3.7, Sum: 11.3]
         [Processed Buffers: Min: 0, Avg: 6.1, Max: 25, Diff: 25, Sum: 49]
      [Scan RS (ms): Min: 0.0, Avg: 0.0, Max: 0.1, Diff: 0.1, Sum: 0.3]
      [Code Root Scanning (ms): Min: 0.0, Avg: 0.0, Max: 0.0, Diff: 0.0, Sum: 0.0]
      [Object Copy (ms): Min: 0.3, Avg: 1.3, Max: 2.1, Diff: 1.8, Sum: 10.1]
      [Termination (ms): Min: 0.0, Avg: 1.1, Max: 1.2, Diff: 1.2, Sum: 8.7]
         [Termination Attempts: Min: 1, Avg: 10.0, Max: 15, Diff: 14, Sum: 80]
      [GC Worker Other (ms): Min: 0.0, Avg: 0.0, Max: 0.0, Diff: 0.0, Sum: 0.1]
      [GC Worker Total (ms): Min: 8.6, Avg: 9.5, Max: 13.2, Diff: 4.6, Sum: 75.9]
      [GC Worker End (ms): Min: 355824965.4, Avg: 355824965.4, Max: 355824965.4, Diff: 0.0]
   [Code Root Fixup: 0.0 ms]
   [Code Root Purge: 0.0 ms]
   [Clear CT: 0.4 ms]
   [Other: 18.1 ms]
      [Choose CSet: 0.0 ms]
      [Ref Proc: 17.7 ms]
      [Ref Enq: 0.1 ms]
      [Redirty Cards: 0.1 ms]
      [Humongous Register: 0.0 ms]
      [Humongous Reclaim: 0.0 ms]
      [Free CSet: 0.1 ms]
   [Eden: 7152.0M(7152.0M)->0.0B(7152.0M) Survivors: 16384.0K->16384.0K Heap: 10834.5M(14336.0M)->3683.9M(14336.0M)]
 [Times: user=0.12 sys=0.00, real=0.03 secs] 
2022-09-14T01:49:56.466-0600: 355824.984: [GC concurrent-root-region-scan-start]
2022-09-14T01:49:56.472-0600: 355824.989: [GC concurrent-root-region-scan-end, 0.0052390 secs]
2022-09-14T01:49:56.472-0600: 355824.989: [GC concurrent-mark-start]
2022-09-14T01:49:57.745-0600: 355826.263: [GC concurrent-mark-end, 1.2733264 secs]
2022-09-14T01:49:57.745-0600: 355826.263: [GC remark 2022-09-14T01:49:57.745-0600: 355826.263: [Finalize Marking, 0.0028666 secs] 2022-09-14T01:49:57.748-0600: 355826.266: [GC ref-proc, 0.0328101 secs] 2022-09-14T01:49:57.781-0600: 355826.299: [Unloading, 0.0273966 secs], 0.0669634 secs]
 [Times: user=0.28 sys=0.00, real=0.06 secs] 
2022-09-14T01:49:57.812-0600: 355826.330: [GC cleanup 3803M->3803M(14336M), 0.0095013 secs]
 [Times: user=0.03 sys=0.00, real=0.02 secs] 
2022-09-14T01:51:27.978-0600: 355916.496: [GC pause (G1 Evacuation Pause) (young), 0.0239111 secs]
   [Parallel Time: 5.4 ms, GC Workers: 8]
      [GC Worker Start (ms): Min: 355916495.9, Avg: 355916497.3, Max: 355916501.3, Diff: 5.3]
      [Ext Root Scanning (ms): Min: 0.0, Avg: 0.9, Max: 3.5, Diff: 3.5, Sum: 7.2]
      [Update RS (ms): Min: 0.0, Avg: 1.2, Max: 2.1, Diff: 2.1, Sum: 9.6]
         [Processed Buffers: Min: 0, Avg: 6.0, Max: 14, Diff: 14, Sum: 48]
      [Scan RS (ms): Min: 0.0, Avg: 0.0, Max: 0.1, Diff: 0.1, Sum: 0.3]
      [Code Root Scanning (ms): Min: 0.0, Avg: 0.0, Max: 0.0, Diff: 0.0, Sum: 0.0]
      [Object Copy (ms): Min: 0.0, Avg: 1.3, Max: 1.6, Diff: 1.6, Sum: 10.4]
      [Termination (ms): Min: 0.0, Avg: 0.5, Max: 0.6, Diff: 0.6, Sum: 4.3]
         [Termination Attempts: Min: 1, Avg: 2.4, Max: 5, Diff: 4, Sum: 19]
      [GC Worker Other (ms): Min: 0.0, Avg: 0.0, Max: 0.0, Diff: 0.0, Sum: 0.0]
      [GC Worker Total (ms): Min: 0.0, Avg: 4.0, Max: 5.4, Diff: 5.3, Sum: 31.9]
      [GC Worker End (ms): Min: 355916501.3, Avg: 355916501.3, Max: 355916501.3, Diff: 0.0]
   [Code Root Fixup: 0.0 ms]
   [Code Root Purge: 0.0 ms]
   [Clear CT: 0.8 ms]
   [Other: 17.7 ms]
      [Choose CSet: 0.0 ms]
      [Ref Proc: 17.3 ms]
      [Ref Enq: 0.1 ms]
      [Redirty Cards: 0.1 ms]
      [Humongous Register: 0.0 ms]
      [Humongous Reclaim: 0.0 ms]
      [Free CSet: 0.1 ms]
   [Eden: 7152.0M(7152.0M)->0.0B(5712.0M) Survivors: 16384.0K->16384.0K Heap: 10835.9M(14336.0M)->3686.7M(14336.0M)]
 [Times: user=0.09 sys=0.00, real=0.03 secs] 
2022-09-14T01:52:41.578-0600: 355990.096: [GC pause (G1 Evacuation Pause) (mixed), 0.0425693 secs]
   [Parallel Time: 9.7 ms, GC Workers: 8]
      [GC Worker Start (ms): Min: 355990096.2, Avg: 355990100.3, Max: 355990105.7, Diff: 9.5]
      [Ext Root Scanning (ms): Min: 0.0, Avg: 0.8, Max: 3.3, Diff: 3.3, Sum: 6.4]
      [Update RS (ms): Min: 0.0, Avg: 1.0, Max: 2.0, Diff: 2.0, Sum: 7.9]
         [Processed Buffers: Min: 0, Avg: 5.6, Max: 13, Diff: 13, Sum: 45]
      [Scan RS (ms): Min: 0.0, Avg: 0.9, Max: 1.4, Diff: 1.4, Sum: 6.8]
      [Code Root Scanning (ms): Min: 0.0, Avg: 0.0, Max: 0.0, Diff: 0.0, Sum: 0.0]
      [Object Copy (ms): Min: 0.0, Avg: 2.3, Max: 3.9, Diff: 3.9, Sum: 18.6]
      [Termination (ms): Min: 0.0, Avg: 0.4, Max: 0.7, Diff: 0.7, Sum: 3.4]
         [Termination Attempts: Min: 1, Avg: 2.1, Max: 4, Diff: 3, Sum: 17]
      [GC Worker Other (ms): Min: 0.0, Avg: 0.0, Max: 0.0, Diff: 0.0, Sum: 0.0]
      [GC Worker Total (ms): Min: 0.0, Avg: 5.4, Max: 9.5, Diff: 9.5, Sum: 43.1]
      [GC Worker End (ms): Min: 355990105.7, Avg: 355990105.7, Max: 355990105.8, Diff: 0.1]
   [Code Root Fixup: 0.0 ms]
   [Code Root Purge: 0.0 ms]
   [Clear CT: 1.6 ms]
   [Other: 31.3 ms]
      [Choose CSet: 0.0 ms]
      [Ref Proc: 30.9 ms]
      [Ref Enq: 0.1 ms]
      [Redirty Cards: 0.1 ms]
      [Humongous Register: 0.0 ms]
      [Humongous Reclaim: 0.0 ms]
      [Free CSet: 0.1 ms]
   [Eden: 5712.0M(5712.0M)->0.0B(7152.0M) Survivors: 16384.0K->16384.0K Heap: 9398.7M(14336.0M)->3679.8M(14336.0M)]
 [Times: user=0.13 sys=0.00, real=0.05 secs] 
2022-09-14T01:54:13.330-0600: 356081.848: [GC pause (G1 Evacuation Pause) (young), 0.0407526 secs]
   [Parallel Time: 14.3 ms, GC Workers: 8]
      [GC Worker Start (ms): Min: 356081847.9, Avg: 356081855.8, Max: 356081862.0, Diff: 14.1]
      [Ext Root Scanning (ms): Min: 0.0, Avg: 0.8, Max: 4.3, Diff: 4.3, Sum: 6.1]
      [Update RS (ms): Min: 0.0, Avg: 4.0, Max: 7.8, Diff: 7.8, Sum: 31.9]
         [Processed Buffers: Min: 0, Avg: 15.1, Max: 39, Diff: 39, Sum: 121]
      [Scan RS (ms): Min: 0.0, Avg: 0.0, Max: 0.1, Diff: 0.1, Sum: 0.2]
      [Code Root Scanning (ms): Min: 0.0, Avg: 0.0, Max: 0.0, Diff: 0.0, Sum: 0.0]
      [Object Copy (ms): Min: 0.0, Avg: 1.0, Max: 1.6, Diff: 1.6, Sum: 7.8]
      [Termination (ms): Min: 0.0, Avg: 0.6, Max: 0.8, Diff: 0.8, Sum: 4.7]
         [Termination Attempts: Min: 1, Avg: 6.5, Max: 13, Diff: 12, Sum: 52]
      [GC Worker Other (ms): Min: 0.0, Avg: 0.0, Max: 0.0, Diff: 0.0, Sum: 0.0]
      [GC Worker Total (ms): Min: 0.2, Avg: 6.3, Max: 14.3, Diff: 14.1, Sum: 50.8]
      [GC Worker End (ms): Min: 356081862.1, Avg: 356081862.2, Max: 356081862.2, Diff: 0.1]
   [Code Root Fixup: 0.0 ms]
   [Code Root Purge: 0.0 ms]
   [Clear CT: 0.5 ms]
   [Other: 25.9 ms]
      [Choose CSet: 0.0 ms]
      [Ref Proc: 25.5 ms]
      [Ref Enq: 0.1 ms]
      [Redirty Cards: 0.1 ms]
      [Humongous Register: 0.0 ms]
      [Humongous Reclaim: 0.0 ms]
      [Free CSet: 0.1 ms]
   [Eden: 7152.0M(7152.0M)->0.0B(7152.0M) Survivors: 16384.0K->16384.0K Heap: 10831.8M(14336.0M)->3682.5M(14336.0M)]
 [Times: user=0.13 sys=0.00, real=0.04 secs] 
2022-09-14T01:55:45.351-0600: 356173.868: [GC pause (G1 Evacuation Pause) (young) (initial-mark), 0.0292875 secs]
   [Parallel Time: 12.8 ms, GC Workers: 8]
      [GC Worker Start (ms): Min: 356173869.8, Avg: 356173870.6, Max: 356173871.6, Diff: 1.8]
      [Ext Root Scanning (ms): Min: 3.7, Avg: 6.1, Max: 9.5, Diff: 5.8, Sum: 49.1]
      [Update RS (ms): Min: 0.0, Avg: 1.1, Max: 2.4, Diff: 2.4, Sum: 8.5]
         [Processed Buffers: Min: 0, Avg: 6.0, Max: 19, Diff: 19, Sum: 48]
      [Scan RS (ms): Min: 0.0, Avg: 0.0, Max: 0.1, Diff: 0.0, Sum: 0.2]
      [Code Root Scanning (ms): Min: 0.0, Avg: 0.0, Max: 0.0, Diff: 0.0, Sum: 0.0]
      [Object Copy (ms): Min: 0.0, Avg: 2.2, Max: 3.7, Diff: 3.7, Sum: 17.7]
      [Termination (ms): Min: 0.0, Avg: 1.1, Max: 1.3, Diff: 1.3, Sum: 8.5]
         [Termination Attempts: Min: 1, Avg: 2.8, Max: 6, Diff: 5, Sum: 22]
      [GC Worker Other (ms): Min: 0.0, Avg: 0.0, Max: 0.0, Diff: 0.0, Sum: 0.1]
      [GC Worker Total (ms): Min: 9.5, Avg: 10.5, Max: 11.4, Diff: 1.9, Sum: 84.1]
      [GC Worker End (ms): Min: 356173881.1, Avg: 356173881.1, Max: 356173881.2, Diff: 0.1]
   [Code Root Fixup: 0.0 ms]
   [Code Root Purge: 0.0 ms]
   [Clear CT: 0.5 ms]
   [Other: 16.0 ms]
      [Choose CSet: 0.0 ms]
      [Ref Proc: 15.5 ms]
      [Ref Enq: 0.1 ms]
      [Redirty Cards: 0.1 ms]
      [Humongous Register: 0.0 ms]
      [Humongous Reclaim: 0.0 ms]
      [Free CSet: 0.1 ms]
   [Eden: 7152.0M(7152.0M)->0.0B(7152.0M) Survivors: 16384.0K->16384.0K Heap: 10834.5M(14336.0M)->3693.0M(14336.0M)]
 [Times: user=0.12 sys=0.00, real=0.03 secs] 
2022-09-14T01:55:45.380-0600: 356173.898: [GC concurrent-root-region-scan-start]
2022-09-14T01:55:45.392-0600: 356173.909: [GC concurrent-root-region-scan-end, 0.0114878 secs]
2022-09-14T01:55:45.392-0600: 356173.909: [GC concurrent-mark-start]
2022-09-14T01:55:46.704-0600: 356175.221: [GC concurrent-mark-end, 1.3119787 secs]
2022-09-14T01:55:46.704-0600: 356175.221: [GC remark 2022-09-14T01:55:46.704-0600: 356175.221: [Finalize Marking, 0.0016100 secs] 2022-09-14T01:55:46.705-0600: 356175.223: [GC ref-proc, 0.0357259 secs] 2022-09-14T01:55:46.741-0600: 356175.259: [Unloading, 0.0286019 secs], 0.0726738 secs]
 [Times: user=0.28 sys=0.00, real=0.07 secs] 
2022-09-14T01:55:46.777-0600: 356175.294: [GC cleanup 3828M->3828M(14336M), 0.0113360 secs]
 [Times: user=0.03 sys=0.00, real=0.01 secs] 
2022-09-14T01:57:19.279-0600: 356267.797: [GC pause (G1 Evacuation Pause) (young), 0.0397294 secs]
   [Parallel Time: 10.9 ms, GC Workers: 8]
      [GC Worker Start (ms): Min: 356267798.0, Avg: 356267803.9, Max: 356267807.5, Diff: 9.5]
      [Ext Root Scanning (ms): Min: 0.0, Avg: 0.8, Max: 3.1, Diff: 3.1, Sum: 6.3]
      [Update RS (ms): Min: 0.0, Avg: 0.9, Max: 2.9, Diff: 2.9, Sum: 7.5]
         [Processed Buffers: Min: 0, Avg: 5.9, Max: 22, Diff: 22, Sum: 47]
      [Scan RS (ms): Min: 0.0, Avg: 0.0, Max: 0.1, Diff: 0.1, Sum: 0.2]
      [Code Root Scanning (ms): Min: 0.0, Avg: 0.0, Max: 0.0, Diff: 0.0, Sum: 0.0]
      [Object Copy (ms): Min: 0.0, Avg: 0.8, Max: 2.3, Diff: 2.3, Sum: 6.6]
      [Termination (ms): Min: 0.0, Avg: 1.1, Max: 2.6, Diff: 2.6, Sum: 8.8]
         [Termination Attempts: Min: 1, Avg: 3.9, Max: 15, Diff: 14, Sum: 31]
      [GC Worker Other (ms): Min: 0.0, Avg: 0.0, Max: 0.0, Diff: 0.0, Sum: 0.0]
      [GC Worker Total (ms): Min: 0.0, Avg: 3.7, Max: 9.6, Diff: 9.6, Sum: 29.4]
      [GC Worker End (ms): Min: 356267807.5, Avg: 356267807.5, Max: 356267807.6, Diff: 0.1]
   [Code Root Fixup: 0.0 ms]
   [Code Root Purge: 0.0 ms]
   [Clear CT: 0.8 ms]
   [Other: 28.1 ms]
      [Choose CSet: 0.0 ms]
      [Ref Proc: 27.7 ms]
      [Ref Enq: 0.1 ms]
      [Redirty Cards: 0.1 ms]
      [Humongous Register: 0.0 ms]
      [Humongous Reclaim: 0.0 ms]
      [Free CSet: 0.1 ms]
   [Eden: 7152.0M(7152.0M)->0.0B(5712.0M) Survivors: 16384.0K->16384.0K Heap: 10845.0M(14336.0M)->3692.3M(14336.0M)]
 [Times: user=0.14 sys=0.00, real=0.04 secs] 
2022-09-14T01:58:32.877-0600: 356341.395: [GC pause (G1 Evacuation Pause) (mixed), 0.0303740 secs]
   [Parallel Time: 10.2 ms, GC Workers: 8]
      [GC Worker Start (ms): Min: 356341394.7, Avg: 356341399.3, Max: 356341404.6, Diff: 9.9]
      [Ext Root Scanning (ms): Min: 0.0, Avg: 0.8, Max: 3.1, Diff: 3.1, Sum: 6.0]
      [Update RS (ms): Min: 0.0, Avg: 0.9, Max: 1.8, Diff: 1.8, Sum: 7.2]
         [Processed Buffers: Min: 0, Avg: 6.0, Max: 13, Diff: 13, Sum: 48]
      [Scan RS (ms): Min: 0.0, Avg: 0.8, Max: 1.3, Diff: 1.3, Sum: 6.6]
      [Code Root Scanning (ms): Min: 0.0, Avg: 0.0, Max: 0.0, Diff: 0.0, Sum: 0.0]
      [Object Copy (ms): Min: 0.0, Avg: 2.4, Max: 3.4, Diff: 3.4, Sum: 19.0]
      [Termination (ms): Min: 0.0, Avg: 0.5, Max: 0.7, Diff: 0.7, Sum: 3.9]
         [Termination Attempts: Min: 1, Avg: 21.0, Max: 35, Diff: 34, Sum: 168]
      [GC Worker Other (ms): Min: 0.0, Avg: 0.0, Max: 0.0, Diff: 0.0, Sum: 0.0]
      [GC Worker Total (ms): Min: 0.0, Avg: 5.3, Max: 10.0, Diff: 10.0, Sum: 42.8]
      [GC Worker End (ms): Min: 356341404.6, Avg: 356341404.6, Max: 356341404.6, Diff: 0.0]
   [Code Root Fixup: 0.0 ms]
   [Code Root Purge: 0.0 ms]
   [Clear CT: 0.8 ms]
   [Other: 19.3 ms]
      [Choose CSet: 0.0 ms]
      [Ref Proc: 18.9 ms]
      [Ref Enq: 0.1 ms]
      [Redirty Cards: 0.1 ms]
      [Humongous Register: 0.0 ms]
      [Humongous Reclaim: 0.0 ms]
      [Free CSet: 0.1 ms]
   [Eden: 5712.0M(5712.0M)->0.0B(7152.0M) Survivors: 16384.0K->16384.0K Heap: 9404.3M(14336.0M)->3680.0M(14336.0M)]
 [Times: user=0.11 sys=0.00, real=0.03 secs] 
2022-09-14T02:00:05.875-0600: 356434.393: [GC pause (G1 Evacuation Pause) (young), 0.0449666 secs]
   [Parallel Time: 18.1 ms, GC Workers: 8]
      [GC Worker Start (ms): Min: 356434392.8, Avg: 356434395.8, Max: 356434398.3, Diff: 5.5]
      [Ext Root Scanning (ms): Min: 0.0, Avg: 0.8, Max: 3.0, Diff: 3.0, Sum: 6.3]
      [Update RS (ms): Min: 4.2, Avg: 9.8, Max: 14.8, Diff: 10.6, Sum: 78.3]
         [Processed Buffers: Min: 1, Avg: 15.6, Max: 43, Diff: 42, Sum: 125]
      [Scan RS (ms): Min: 0.0, Avg: 0.0, Max: 0.1, Diff: 0.1, Sum: 0.2]
      [Code Root Scanning (ms): Min: 0.0, Avg: 0.0, Max: 0.0, Diff: 0.0, Sum: 0.0]
      [Object Copy (ms): Min: 0.0, Avg: 0.9, Max: 3.5, Diff: 3.5, Sum: 7.4]
      [Termination (ms): Min: 0.0, Avg: 3.3, Max: 4.5, Diff: 4.5, Sum: 26.5]
         [Termination Attempts: Min: 1, Avg: 16.5, Max: 46, Diff: 45, Sum: 132]
      [GC Worker Other (ms): Min: 0.0, Avg: 0.0, Max: 0.0, Diff: 0.0, Sum: 0.0]
      [GC Worker Total (ms): Min: 12.3, Avg: 14.9, Max: 17.9, Diff: 5.6, Sum: 118.8]
      [GC Worker End (ms): Min: 356434410.6, Avg: 356434410.6, Max: 356434410.7, Diff: 0.1]
   [Code Root Fixup: 0.0 ms]
   [Code Root Purge: 0.0 ms]
   [Clear CT: 0.8 ms]
   [Other: 26.1 ms]
      [Choose CSet: 0.0 ms]
      [Ref Proc: 25.7 ms]
      [Ref Enq: 0.1 ms]
      [Redirty Cards: 0.1 ms]
      [Humongous Register: 0.0 ms]
      [Humongous Reclaim: 0.0 ms]
      [Free CSet: 0.1 ms]
   [Eden: 7152.0M(7152.0M)->0.0B(7152.0M) Survivors: 16384.0K->16384.0K Heap: 10832.0M(14336.0M)->3684.4M(14336.0M)]
 [Times: user=0.13 sys=0.00, real=0.04 secs] 
2022-09-14T02:01:36.878-0600: 356525.396: [GC pause (G1 Evacuation Pause) (young) (initial-mark), 0.0318469 secs]
   [Parallel Time: 13.4 ms, GC Workers: 8]
      [GC Worker Start (ms): Min: 356525396.9, Avg: 356525399.2, Max: 356525400.1, Diff: 3.2]
      [Ext Root Scanning (ms): Min: 2.3, Avg: 6.0, Max: 8.5, Diff: 6.2, Sum: 47.8]
      [Update RS (ms): Min: 0.0, Avg: 1.0, Max: 2.4, Diff: 2.4, Sum: 8.3]
         [Processed Buffers: Min: 0, Avg: 6.5, Max: 20, Diff: 20, Sum: 52]
      [Scan RS (ms): Min: 0.0, Avg: 0.0, Max: 0.1, Diff: 0.1, Sum: 0.3]
      [Code Root Scanning (ms): Min: 0.0, Avg: 0.0, Max: 0.0, Diff: 0.0, Sum: 0.0]
      [Object Copy (ms): Min: 0.0, Avg: 1.2, Max: 4.0, Diff: 4.0, Sum: 9.7]
      [Termination (ms): Min: 0.0, Avg: 1.3, Max: 2.3, Diff: 2.3, Sum: 10.5]
         [Termination Attempts: Min: 1, Avg: 1.0, Max: 1, Diff: 0, Sum: 8]
      [GC Worker Other (ms): Min: 0.0, Avg: 0.0, Max: 0.0, Diff: 0.0, Sum: 0.0]
      [GC Worker Total (ms): Min: 8.7, Avg: 9.6, Max: 11.9, Diff: 3.2, Sum: 76.8]
      [GC Worker End (ms): Min: 356525408.8, Avg: 356525408.8, Max: 356525408.9, Diff: 0.1]
   [Code Root Fixup: 0.0 ms]
   [Code Root Purge: 0.0 ms]
   [Clear CT: 0.7 ms]
   [Other: 17.7 ms]
      [Choose CSet: 0.0 ms]
      [Ref Proc: 17.3 ms]
      [Ref Enq: 0.1 ms]
      [Redirty Cards: 0.1 ms]
      [Humongous Register: 0.0 ms]
      [Humongous Reclaim: 0.0 ms]
      [Free CSet: 0.1 ms]
   [Eden: 7152.0M(7152.0M)->0.0B(7152.0M) Survivors: 16384.0K->16384.0K Heap: 10836.4M(14336.0M)->3685.1M(14336.0M)]
 [Times: user=0.12 sys=0.00, real=0.03 secs] 
2022-09-14T02:01:36.910-0600: 356525.427: [GC concurrent-root-region-scan-start]
2022-09-14T02:01:36.916-0600: 356525.434: [GC concurrent-root-region-scan-end, 0.0060529 secs]
2022-09-14T02:01:36.916-0600: 356525.434: [GC concurrent-mark-start]
2022-09-14T02:01:38.199-0600: 356526.717: [GC concurrent-mark-end, 1.2833947 secs]
2022-09-14T02:01:38.199-0600: 356526.717: [GC remark 2022-09-14T02:01:38.199-0600: 356526.717: [Finalize Marking, 0.0015043 secs] 2022-09-14T02:01:38.201-0600: 356526.719: [GC ref-proc, 0.0432373 secs] 2022-09-14T02:01:38.244-0600: 356526.762: [Unloading, 0.0311440 secs], 0.0818308 secs]
 [Times: user=0.29 sys=0.00, real=0.09 secs] 
2022-09-14T02:01:38.281-0600: 356526.799: [GC cleanup 3826M->3826M(14336M), 0.0107272 secs]
 [Times: user=0.03 sys=0.00, real=0.00 secs] 
2022-09-14T02:03:10.179-0600: 356618.697: [GC pause (G1 Evacuation Pause) (young), 0.0180509 secs]
   [Parallel Time: 4.8 ms, GC Workers: 8]
      [GC Worker Start (ms): Min: 356618696.8, Avg: 356618697.6, Max: 356618701.4, Diff: 4.7]
      [Ext Root Scanning (ms): Min: 0.0, Avg: 1.0, Max: 3.8, Diff: 3.8, Sum: 8.0]
      [Update RS (ms): Min: 0.0, Avg: 1.2, Max: 1.9, Diff: 1.9, Sum: 9.3]
         [Processed Buffers: Min: 0, Avg: 5.5, Max: 12, Diff: 12, Sum: 44]
      [Scan RS (ms): Min: 0.0, Avg: 0.0, Max: 0.1, Diff: 0.1, Sum: 0.2]
      [Code Root Scanning (ms): Min: 0.0, Avg: 0.0, Max: 0.0, Diff: 0.0, Sum: 0.0]
      [Object Copy (ms): Min: 0.0, Avg: 1.1, Max: 1.6, Diff: 1.6, Sum: 9.0]
      [Termination (ms): Min: 0.0, Avg: 0.5, Max: 0.6, Diff: 0.6, Sum: 4.3]
         [Termination Attempts: Min: 1, Avg: 7.1, Max: 13, Diff: 12, Sum: 57]
      [GC Worker Other (ms): Min: 0.0, Avg: 0.0, Max: 0.0, Diff: 0.0, Sum: 0.0]
      [GC Worker Total (ms): Min: 0.0, Avg: 3.9, Max: 4.7, Diff: 4.7, Sum: 31.0]
      [GC Worker End (ms): Min: 356618701.5, Avg: 356618701.5, Max: 356618701.5, Diff: 0.0]
   [Code Root Fixup: 0.0 ms]
   [Code Root Purge: 0.0 ms]
   [Clear CT: 1.0 ms]
   [Other: 12.2 ms]
      [Choose CSet: 0.0 ms]
      [Ref Proc: 9.2 ms]
      [Ref Enq: 2.7 ms]
      [Redirty Cards: 0.1 ms]
      [Humongous Register: 0.0 ms]
      [Humongous Reclaim: 0.0 ms]
      [Free CSet: 0.2 ms]
   [Eden: 7152.0M(7152.0M)->0.0B(5712.0M) Survivors: 16384.0K->16384.0K Heap: 10837.1M(14336.0M)->3688.8M(14336.0M)]
 [Times: user=0.06 sys=0.00, real=0.02 secs] 
2022-09-14T02:04:25.873-0600: 356694.391: [GC pause (G1 Evacuation Pause) (mixed), 0.0223351 secs]
   [Parallel Time: 7.6 ms, GC Workers: 8]
      [GC Worker Start (ms): Min: 356694391.3, Avg: 356694392.8, Max: 356694398.3, Diff: 7.1]
      [Ext Root Scanning (ms): Min: 0.0, Avg: 0.9, Max: 3.5, Diff: 3.5, Sum: 7.3]
      [Update RS (ms): Min: 0.0, Avg: 1.1, Max: 2.0, Diff: 2.0, Sum: 8.9]
         [Processed Buffers: Min: 0, Avg: 6.0, Max: 16, Diff: 16, Sum: 48]
      [Scan RS (ms): Min: 0.0, Avg: 1.0, Max: 1.3, Diff: 1.3, Sum: 8.2]
      [Code Root Scanning (ms): Min: 0.0, Avg: 0.0, Max: 0.0, Diff: 0.0, Sum: 0.0]
      [Object Copy (ms): Min: 0.2, Avg: 2.8, Max: 3.2, Diff: 3.0, Sum: 22.1]
      [Termination (ms): Min: 0.0, Avg: 0.1, Max: 0.1, Diff: 0.1, Sum: 0.5]
         [Termination Attempts: Min: 14, Avg: 29.5, Max: 45, Diff: 31, Sum: 236]
      [GC Worker Other (ms): Min: 0.0, Avg: 0.0, Max: 0.0, Diff: 0.0, Sum: 0.1]
      [GC Worker Total (ms): Min: 0.4, Avg: 5.9, Max: 7.4, Diff: 7.0, Sum: 47.2]
      [GC Worker End (ms): Min: 356694398.7, Avg: 356694398.7, Max: 356694398.7, Diff: 0.0]
   [Code Root Fixup: 0.0 ms]
   [Code Root Purge: 0.0 ms]
   [Clear CT: 0.6 ms]
   [Other: 14.1 ms]
      [Choose CSet: 0.0 ms]
      [Ref Proc: 13.7 ms]
      [Ref Enq: 0.1 ms]
      [Redirty Cards: 0.1 ms]
      [Humongous Register: 0.0 ms]
      [Humongous Reclaim: 0.0 ms]
      [Free CSet: 0.1 ms]
   [Eden: 5712.0M(5712.0M)->0.0B(7152.0M) Survivors: 16384.0K->16384.0K Heap: 9400.8M(14336.0M)->3679.8M(14336.0M)]
 [Times: user=0.10 sys=0.00, real=0.02 secs] 
2022-09-14T02:05:57.674-0600: 356786.191: [GC pause (G1 Evacuation Pause) (young), 0.0283632 secs]
   [Parallel Time: 13.3 ms, GC Workers: 8]
      [GC Worker Start (ms): Min: 356786191.4, Avg: 356786198.8, Max: 356786204.6, Diff: 13.2]
      [Ext Root Scanning (ms): Min: 0.0, Avg: 0.7, Max: 4.2, Diff: 4.2, Sum: 5.7]
      [Update RS (ms): Min: 0.0, Avg: 3.3, Max: 6.8, Diff: 6.8, Sum: 26.7]
         [Processed Buffers: Min: 0, Avg: 15.5, Max: 39, Diff: 39, Sum: 124]
      [Scan RS (ms): Min: 0.0, Avg: 0.0, Max: 0.1, Diff: 0.1, Sum: 0.2]
      [Code Root Scanning (ms): Min: 0.0, Avg: 0.0, Max: 0.0, Diff: 0.0, Sum: 0.0]
      [Object Copy (ms): Min: 0.0, Avg: 1.2, Max: 1.6, Diff: 1.6, Sum: 9.9]
      [Termination (ms): Min: 0.0, Avg: 0.5, Max: 0.6, Diff: 0.6, Sum: 4.1]
         [Termination Attempts: Min: 1, Avg: 5.6, Max: 10, Diff: 9, Sum: 45]
      [GC Worker Other (ms): Min: 0.0, Avg: 0.0, Max: 0.0, Diff: 0.0, Sum: 0.0]
      [GC Worker Total (ms): Min: 0.0, Avg: 5.8, Max: 13.3, Diff: 13.3, Sum: 46.7]
      [GC Worker End (ms): Min: 356786204.6, Avg: 356786204.7, Max: 356786204.7, Diff: 0.0]
   [Code Root Fixup: 0.0 ms]
   [Code Root Purge: 0.0 ms]
   [Clear CT: 0.9 ms]
   [Other: 14.1 ms]
      [Choose CSet: 0.0 ms]
      [Ref Proc: 13.8 ms]
      [Ref Enq: 0.1 ms]
      [Redirty Cards: 0.1 ms]
      [Humongous Register: 0.0 ms]
      [Humongous Reclaim: 0.0 ms]
      [Free CSet: 0.1 ms]
   [Eden: 7152.0M(7152.0M)->0.0B(7152.0M) Survivors: 16384.0K->16384.0K Heap: 10831.8M(14336.0M)->3686.3M(14336.0M)]
 [Times: user=0.09 sys=0.00, real=0.03 secs] 
2022-09-14T02:07:32.428-0600: 356880.946: [GC pause (G1 Evacuation Pause) (young) (initial-mark), 0.0443001 secs]
   [Parallel Time: 21.6 ms, GC Workers: 8]
      [GC Worker Start (ms): Min: 356880946.9, Avg: 356880951.2, Max: 356880952.1, Diff: 5.2]
      [Ext Root Scanning (ms): Min: 2.1, Avg: 6.9, Max: 12.7, Diff: 10.6, Sum: 54.8]
      [Update RS (ms): Min: 0.0, Avg: 1.1, Max: 2.9, Diff: 2.9, Sum: 8.4]
         [Processed Buffers: Min: 0, Avg: 5.9, Max: 23, Diff: 23, Sum: 47]
      [Scan RS (ms): Min: 0.0, Avg: 0.0, Max: 0.1, Diff: 0.1, Sum: 0.2]
      [Code Root Scanning (ms): Min: 0.0, Avg: 0.0, Max: 0.0, Diff: 0.0, Sum: 0.0]
      [Object Copy (ms): Min: 0.0, Avg: 2.1, Max: 9.8, Diff: 9.8, Sum: 16.8]
      [Termination (ms): Min: 0.0, Avg: 5.6, Max: 6.9, Diff: 6.9, Sum: 45.0]
         [Termination Attempts: Min: 1, Avg: 8.8, Max: 17, Diff: 16, Sum: 70]
      [GC Worker Other (ms): Min: 0.0, Avg: 0.0, Max: 0.0, Diff: 0.0, Sum: 0.1]
      [GC Worker Total (ms): Min: 14.7, Avg: 15.7, Max: 20.0, Diff: 5.2, Sum: 125.3]
      [GC Worker End (ms): Min: 356880966.9, Avg: 356880966.9, Max: 356880966.9, Diff: 0.1]
   [Code Root Fixup: 0.0 ms]
   [Code Root Purge: 0.0 ms]
   [Clear CT: 0.7 ms]
   [Other: 22.0 ms]
      [Choose CSet: 0.0 ms]
      [Ref Proc: 21.6 ms]
      [Ref Enq: 0.1 ms]
      [Redirty Cards: 0.0 ms]
      [Humongous Register: 0.0 ms]
      [Humongous Reclaim: 0.0 ms]
      [Free CSet: 0.1 ms]
   [Eden: 7152.0M(7152.0M)->0.0B(7152.0M) Survivors: 16384.0K->16384.0K Heap: 10838.3M(14336.0M)->3690.2M(14336.0M)]
 [Times: user=0.15 sys=0.00, real=0.04 secs] 
2022-09-14T02:07:32.472-0600: 356880.990: [GC concurrent-root-region-scan-start]
2022-09-14T02:07:32.478-0600: 356880.996: [GC concurrent-root-region-scan-end, 0.0059210 secs]
2022-09-14T02:07:32.478-0600: 356880.996: [GC concurrent-mark-start]
2022-09-14T02:07:33.766-0600: 356882.284: [GC concurrent-mark-end, 1.2881819 secs]
2022-09-14T02:07:33.766-0600: 356882.284: [GC remark 2022-09-14T02:07:33.766-0600: 356882.284: [Finalize Marking, 0.0025436 secs] 2022-09-14T02:07:33.769-0600: 356882.287: [GC ref-proc, 0.0271467 secs] 2022-09-14T02:07:33.796-0600: 356882.314: [Unloading, 0.0305455 secs], 0.0657638 secs]
 [Times: user=0.24 sys=0.00, real=0.06 secs] 
2022-09-14T02:07:33.832-0600: 356882.350: [GC cleanup 3802M->3802M(14336M), 0.0085213 secs]
 [Times: user=0.03 sys=0.00, real=0.02 secs] 
2022-09-14T02:09:06.179-0600: 356974.697: [GC pause (G1 Evacuation Pause) (young), 0.0231310 secs]
   [Parallel Time: 4.8 ms, GC Workers: 8]
      [GC Worker Start (ms): Min: 356974697.1, Avg: 356974698.1, Max: 356974701.8, Diff: 4.8]
      [Ext Root Scanning (ms): Min: 0.0, Avg: 0.9, Max: 3.6, Diff: 3.6, Sum: 7.5]
      [Update RS (ms): Min: 0.0, Avg: 1.3, Max: 1.8, Diff: 1.8, Sum: 10.2]
         [Processed Buffers: Min: 0, Avg: 6.6, Max: 14, Diff: 14, Sum: 53]
      [Scan RS (ms): Min: 0.0, Avg: 0.0, Max: 0.1, Diff: 0.1, Sum: 0.2]
      [Code Root Scanning (ms): Min: 0.0, Avg: 0.0, Max: 0.0, Diff: 0.0, Sum: 0.0]
      [Object Copy (ms): Min: 0.0, Avg: 1.0, Max: 1.4, Diff: 1.4, Sum: 8.0]
      [Termination (ms): Min: 0.0, Avg: 0.5, Max: 0.6, Diff: 0.6, Sum: 4.3]
         [Termination Attempts: Min: 1, Avg: 1.2, Max: 2, Diff: 1, Sum: 10]
      [GC Worker Other (ms): Min: 0.0, Avg: 0.0, Max: 0.0, Diff: 0.0, Sum: 0.0]
      [GC Worker Total (ms): Min: 0.0, Avg: 3.8, Max: 4.8, Diff: 4.8, Sum: 30.3]
      [GC Worker End (ms): Min: 356974701.9, Avg: 356974701.9, Max: 356974701.9, Diff: 0.0]
   [Code Root Fixup: 0.0 ms]
   [Code Root Purge: 0.0 ms]
   [Clear CT: 0.9 ms]
   [Other: 17.4 ms]
      [Choose CSet: 0.0 ms]
      [Ref Proc: 16.7 ms]
      [Ref Enq: 0.2 ms]
      [Redirty Cards: 0.2 ms]
      [Humongous Register: 0.0 ms]
      [Humongous Reclaim: 0.0 ms]
      [Free CSet: 0.2 ms]
   [Eden: 7152.0M(7152.0M)->0.0B(5712.0M) Survivors: 16384.0K->16384.0K Heap: 10842.2M(14336.0M)->3688.7M(14336.0M)]
 [Times: user=0.09 sys=0.00, real=0.03 secs] 
2022-09-14T02:10:21.583-0600: 357050.101: [GC pause (G1 Evacuation Pause) (mixed), 0.0554132 secs]
   [Parallel Time: 9.2 ms, GC Workers: 8]
      [GC Worker Start (ms): Min: 357050101.3, Avg: 357050104.8, Max: 357050110.3, Diff: 9.1]
      [Ext Root Scanning (ms): Min: 0.0, Avg: 0.8, Max: 3.3, Diff: 3.3, Sum: 6.6]
      [Update RS (ms): Min: 0.0, Avg: 1.0, Max: 2.0, Diff: 2.0, Sum: 7.9]
         [Processed Buffers: Min: 0, Avg: 5.2, Max: 14, Diff: 14, Sum: 42]
      [Scan RS (ms): Min: 0.0, Avg: 0.8, Max: 1.3, Diff: 1.3, Sum: 6.4]
      [Code Root Scanning (ms): Min: 0.0, Avg: 0.0, Max: 0.0, Diff: 0.0, Sum: 0.0]
      [Object Copy (ms): Min: 0.0, Avg: 2.1, Max: 3.5, Diff: 3.5, Sum: 16.8]
      [Termination (ms): Min: 0.0, Avg: 0.9, Max: 1.3, Diff: 1.3, Sum: 7.0]
         [Termination Attempts: Min: 1, Avg: 16.0, Max: 34, Diff: 33, Sum: 128]
      [GC Worker Other (ms): Min: 0.0, Avg: 0.0, Max: 0.0, Diff: 0.0, Sum: 0.1]
      [GC Worker Total (ms): Min: 0.0, Avg: 5.6, Max: 9.1, Diff: 9.1, Sum: 44.8]
      [GC Worker End (ms): Min: 357050110.3, Avg: 357050110.4, Max: 357050110.4, Diff: 0.1]
   [Code Root Fixup: 0.0 ms]
   [Code Root Purge: 0.0 ms]
   [Clear CT: 0.8 ms]
   [Other: 45.5 ms]
      [Choose CSet: 0.0 ms]
      [Ref Proc: 45.0 ms]
      [Ref Enq: 0.1 ms]
      [Redirty Cards: 0.1 ms]
      [Humongous Register: 0.0 ms]
      [Humongous Reclaim: 0.0 ms]
      [Free CSet: 0.1 ms]
   [Eden: 5712.0M(5712.0M)->0.0B(7152.0M) Survivors: 16384.0K->16384.0K Heap: 9400.7M(14336.0M)->3680.8M(14336.0M)]
 [Times: user=0.16 sys=0.00, real=0.05 secs] 
2022-09-14T02:11:53.076-0600: 357141.594: [GC pause (G1 Evacuation Pause) (young), 0.0446934 secs]
   [Parallel Time: 16.7 ms, GC Workers: 8]
      [GC Worker Start (ms): Min: 357141594.1, Avg: 357141599.0, Max: 357141605.6, Diff: 11.5]
      [Ext Root Scanning (ms): Min: 0.0, Avg: 0.9, Max: 3.1, Diff: 3.1, Sum: 6.9]
      [Update RS (ms): Min: 0.0, Avg: 4.2, Max: 13.3, Diff: 13.3, Sum: 33.8]
         [Processed Buffers: Min: 0, Avg: 14.8, Max: 29, Diff: 29, Sum: 118]
      [Scan RS (ms): Min: 0.0, Avg: 0.0, Max: 0.1, Diff: 0.1, Sum: 0.2]
      [Code Root Scanning (ms): Min: 0.0, Avg: 0.0, Max: 0.0, Diff: 0.0, Sum: 0.0]
      [Object Copy (ms): Min: 0.0, Avg: 1.4, Max: 2.2, Diff: 2.2, Sum: 10.8]
      [Termination (ms): Min: 0.0, Avg: 5.2, Max: 6.3, Diff: 6.3, Sum: 41.3]
         [Termination Attempts: Min: 1, Avg: 27.9, Max: 55, Diff: 54, Sum: 223]
      [GC Worker Other (ms): Min: 0.0, Avg: 0.0, Max: 0.0, Diff: 0.0, Sum: 0.1]
      [GC Worker Total (ms): Min: 5.1, Avg: 11.7, Max: 16.6, Diff: 11.5, Sum: 93.2]
      [GC Worker End (ms): Min: 357141610.7, Avg: 357141610.7, Max: 357141610.7, Diff: 0.0]
   [Code Root Fixup: 0.0 ms]
   [Code Root Purge: 0.0 ms]
   [Clear CT: 0.8 ms]
   [Other: 27.1 ms]
      [Choose CSet: 0.0 ms]
      [Ref Proc: 26.6 ms]
      [Ref Enq: 0.1 ms]
      [Redirty Cards: 0.2 ms]
      [Humongous Register: 0.0 ms]
      [Humongous Reclaim: 0.0 ms]
      [Free CSet: 0.1 ms]
   [Eden: 7152.0M(7152.0M)->0.0B(7152.0M) Survivors: 16384.0K->16384.0K Heap: 10832.8M(14336.0M)->3686.0M(14336.0M)]
 [Times: user=0.16 sys=0.00, real=0.05 secs] 
2022-09-14T02:13:24.925-0600: 357233.442: [GC pause (G1 Evacuation Pause) (young) (initial-mark), 0.0385917 secs]
   [Parallel Time: 11.5 ms, GC Workers: 8]
      [GC Worker Start (ms): Min: 357233443.7, Avg: 357233445.2, Max: 357233446.1, Diff: 2.4]
      [Ext Root Scanning (ms): Min: 2.2, Avg: 5.1, Max: 7.8, Diff: 5.7, Sum: 41.2]
      [Update RS (ms): Min: 0.0, Avg: 1.1, Max: 2.2, Diff: 2.2, Sum: 8.5]
         [Processed Buffers: Min: 0, Avg: 6.4, Max: 20, Diff: 20, Sum: 51]
      [Scan RS (ms): Min: 0.0, Avg: 0.0, Max: 0.1, Diff: 0.1, Sum: 0.3]
      [Code Root Scanning (ms): Min: 0.0, Avg: 0.0, Max: 0.0, Diff: 0.0, Sum: 0.0]
      [Object Copy (ms): Min: 0.0, Avg: 1.5, Max: 2.5, Diff: 2.5, Sum: 11.7]
      [Termination (ms): Min: 0.0, Avg: 1.0, Max: 1.2, Diff: 1.2, Sum: 8.2]
         [Termination Attempts: Min: 1, Avg: 4.8, Max: 9, Diff: 8, Sum: 38]
      [GC Worker Other (ms): Min: 0.0, Avg: 0.0, Max: 0.0, Diff: 0.0, Sum: 0.1]
      [GC Worker Total (ms): Min: 7.8, Avg: 8.7, Max: 10.2, Diff: 2.4, Sum: 69.8]
      [GC Worker End (ms): Min: 357233453.9, Avg: 357233453.9, Max: 357233453.9, Diff: 0.0]
   [Code Root Fixup: 0.0 ms]
   [Code Root Purge: 0.0 ms]
   [Clear CT: 0.7 ms]
   [Other: 26.4 ms]
      [Choose CSet: 0.0 ms]
      [Ref Proc: 26.0 ms]
      [Ref Enq: 0.1 ms]
      [Redirty Cards: 0.1 ms]
      [Humongous Register: 0.0 ms]
      [Humongous Reclaim: 0.0 ms]
      [Free CSet: 0.1 ms]
   [Eden: 7152.0M(7152.0M)->0.0B(7152.0M) Survivors: 16384.0K->16384.0K Heap: 10838.0M(14336.0M)->3690.7M(14336.0M)]
 [Times: user=0.14 sys=0.00, real=0.04 secs] 
2022-09-14T02:13:24.963-0600: 357233.481: [GC concurrent-root-region-scan-start]
2022-09-14T02:13:24.969-0600: 357233.487: [GC concurrent-root-region-scan-end, 0.0058686 secs]
2022-09-14T02:13:24.969-0600: 357233.487: [GC concurrent-mark-start]
2022-09-14T02:13:26.257-0600: 357234.775: [GC concurrent-mark-end, 1.2878907 secs]
2022-09-14T02:13:26.257-0600: 357234.775: [GC remark 2022-09-14T02:13:26.257-0600: 357234.775: [Finalize Marking, 0.0035568 secs] 2022-09-14T02:13:26.261-0600: 357234.779: [GC ref-proc, 0.0402390 secs] 2022-09-14T02:13:26.301-0600: 357234.819: [Unloading, 0.0285276 secs], 0.0777130 secs]
 [Times: user=0.30 sys=0.00, real=0.08 secs] 
2022-09-14T02:13:26.337-0600: 357234.855: [GC cleanup 3834M->3834M(14336M), 0.0086106 secs]
 [Times: user=0.02 sys=0.00, real=0.01 secs] 
2022-09-14T02:14:56.927-0600: 357325.445: [GC pause (G1 Evacuation Pause) (young), 0.0176563 secs]
   [Parallel Time: 4.0 ms, GC Workers: 8]
      [GC Worker Start (ms): Min: 357325444.7, Avg: 357325445.0, Max: 357325446.3, Diff: 1.6]
      [Ext Root Scanning (ms): Min: 0.0, Avg: 1.1, Max: 3.8, Diff: 3.8, Sum: 9.1]
      [Update RS (ms): Min: 0.0, Avg: 1.4, Max: 1.9, Diff: 1.9, Sum: 11.0]
         [Processed Buffers: Min: 0, Avg: 7.0, Max: 10, Diff: 10, Sum: 56]
      [Scan RS (ms): Min: 0.0, Avg: 0.0, Max: 0.1, Diff: 0.1, Sum: 0.3]
      [Code Root Scanning (ms): Min: 0.0, Avg: 0.0, Max: 0.0, Diff: 0.0, Sum: 0.0]
      [Object Copy (ms): Min: 0.1, Avg: 1.0, Max: 1.3, Diff: 1.2, Sum: 8.3]
      [Termination (ms): Min: 0.0, Avg: 0.0, Max: 0.0, Diff: 0.0, Sum: 0.2]
         [Termination Attempts: Min: 16, Avg: 21.6, Max: 27, Diff: 11, Sum: 173]
      [GC Worker Other (ms): Min: 0.0, Avg: 0.0, Max: 0.1, Diff: 0.1, Sum: 0.2]
      [GC Worker Total (ms): Min: 2.3, Avg: 3.6, Max: 3.9, Diff: 1.6, Sum: 29.2]
      [GC Worker End (ms): Min: 357325448.6, Avg: 357325448.6, Max: 357325448.7, Diff: 0.1]
   [Code Root Fixup: 0.0 ms]
   [Code Root Purge: 0.0 ms]
   [Clear CT: 0.9 ms]
   [Other: 12.7 ms]
      [Choose CSet: 0.0 ms]
      [Ref Proc: 12.3 ms]
      [Ref Enq: 0.1 ms]
      [Redirty Cards: 0.1 ms]
      [Humongous Register: 0.0 ms]
      [Humongous Reclaim: 0.0 ms]
      [Free CSet: 0.1 ms]
   [Eden: 7152.0M(7152.0M)->0.0B(5712.0M) Survivors: 16384.0K->16384.0K Heap: 10842.7M(14336.0M)->3689.0M(14336.0M)]
 [Times: user=0.07 sys=0.00, real=0.02 secs] 
2022-09-14T02:16:11.028-0600: 357399.546: [GC pause (G1 Evacuation Pause) (mixed), 0.0372907 secs]
   [Parallel Time: 15.3 ms, GC Workers: 8]
      [GC Worker Start (ms): Min: 357399546.2, Avg: 357399554.9, Max: 357399561.3, Diff: 15.1]
      [Ext Root Scanning (ms): Min: 0.0, Avg: 0.9, Max: 3.9, Diff: 3.9, Sum: 7.5]
      [Update RS (ms): Min: 0.0, Avg: 1.5, Max: 8.1, Diff: 8.1, Sum: 12.2]
         [Processed Buffers: Min: 0, Avg: 5.8, Max: 25, Diff: 25, Sum: 46]
      [Scan RS (ms): Min: 0.0, Avg: 0.8, Max: 1.6, Diff: 1.6, Sum: 6.2]
      [Code Root Scanning (ms): Min: 0.0, Avg: 0.0, Max: 0.0, Diff: 0.0, Sum: 0.0]
      [Object Copy (ms): Min: 0.0, Avg: 2.4, Max: 4.6, Diff: 4.6, Sum: 19.1]
      [Termination (ms): Min: 0.0, Avg: 0.8, Max: 1.2, Diff: 1.2, Sum: 6.8]
         [Termination Attempts: Min: 1, Avg: 9.1, Max: 18, Diff: 17, Sum: 73]
      [GC Worker Other (ms): Min: 0.0, Avg: 0.0, Max: 0.0, Diff: 0.0, Sum: 0.0]
      [GC Worker Total (ms): Min: 0.0, Avg: 6.5, Max: 15.1, Diff: 15.1, Sum: 51.9]
      [GC Worker End (ms): Min: 357399561.3, Avg: 357399561.3, Max: 357399561.4, Diff: 0.0]
   [Code Root Fixup: 0.0 ms]
   [Code Root Purge: 0.0 ms]
   [Clear CT: 0.5 ms]
   [Other: 21.5 ms]
      [Choose CSet: 0.0 ms]
      [Ref Proc: 21.1 ms]
      [Ref Enq: 0.1 ms]
      [Redirty Cards: 0.1 ms]
      [Humongous Register: 0.0 ms]
      [Humongous Reclaim: 0.0 ms]
      [Free CSet: 0.1 ms]
   [Eden: 5712.0M(5712.0M)->0.0B(7152.0M) Survivors: 16384.0K->16384.0K Heap: 9401.0M(14336.0M)->3679.5M(14336.0M)]
 [Times: user=0.11 sys=0.00, real=0.04 secs] 
2022-09-14T02:17:43.636-0600: 357492.153: [GC pause (G1 Evacuation Pause) (young), 0.0324899 secs]
   [Parallel Time: 14.1 ms, GC Workers: 8]
      [GC Worker Start (ms): Min: 357492153.3, Avg: 357492155.7, Max: 357492160.8, Diff: 7.5]
      [Ext Root Scanning (ms): Min: 0.0, Avg: 0.8, Max: 2.9, Diff: 2.9, Sum: 6.3]
      [Update RS (ms): Min: 0.0, Avg: 3.5, Max: 12.5, Diff: 12.5, Sum: 28.0]
         [Processed Buffers: Min: 0, Avg: 12.6, Max: 21, Diff: 21, Sum: 101]
      [Scan RS (ms): Min: 0.0, Avg: 0.0, Max: 0.1, Diff: 0.1, Sum: 0.2]
      [Code Root Scanning (ms): Min: 0.0, Avg: 0.0, Max: 0.0, Diff: 0.0, Sum: 0.0]
      [Object Copy (ms): Min: 0.0, Avg: 1.1, Max: 1.6, Diff: 1.6, Sum: 9.1]
      [Termination (ms): Min: 0.0, Avg: 6.0, Max: 7.1, Diff: 7.1, Sum: 48.3]
         [Termination Attempts: Min: 1, Avg: 8.1, Max: 19, Diff: 18, Sum: 65]
      [GC Worker Other (ms): Min: 0.0, Avg: 0.0, Max: 0.0, Diff: 0.0, Sum: 0.0]
      [GC Worker Total (ms): Min: 6.4, Avg: 11.5, Max: 13.9, Diff: 7.5, Sum: 92.0]
      [GC Worker End (ms): Min: 357492167.2, Avg: 357492167.2, Max: 357492167.3, Diff: 0.1]
   [Code Root Fixup: 0.0 ms]
   [Code Root Purge: 0.0 ms]
   [Clear CT: 0.8 ms]
   [Other: 17.7 ms]
      [Choose CSet: 0.0 ms]
      [Ref Proc: 17.3 ms]
      [Ref Enq: 0.1 ms]
      [Redirty Cards: 0.1 ms]
      [Humongous Register: 0.0 ms]
      [Humongous Reclaim: 0.0 ms]
      [Free CSet: 0.1 ms]
   [Eden: 7152.0M(7152.0M)->0.0B(7152.0M) Survivors: 16384.0K->16384.0K Heap: 10831.5M(14336.0M)->3685.6M(14336.0M)]
 [Times: user=0.14 sys=0.00, real=0.03 secs] 
2022-09-14T02:19:16.130-0600: 357584.647: [GC pause (G1 Evacuation Pause) (young) (initial-mark), 0.0405543 secs]
   [Parallel Time: 18.2 ms, GC Workers: 8]
      [GC Worker Start (ms): Min: 357584648.7, Avg: 357584652.5, Max: 357584653.5, Diff: 4.8]
      [Ext Root Scanning (ms): Min: 1.9, Avg: 8.2, Max: 11.9, Diff: 10.0, Sum: 65.4]
      [Update RS (ms): Min: 0.0, Avg: 1.2, Max: 3.3, Diff: 3.3, Sum: 9.3]
         [Processed Buffers: Min: 0, Avg: 6.4, Max: 24, Diff: 24, Sum: 51]
      [Scan RS (ms): Min: 0.0, Avg: 0.0, Max: 0.1, Diff: 0.1, Sum: 0.2]
      [Code Root Scanning (ms): Min: 0.0, Avg: 0.0, Max: 0.0, Diff: 0.0, Sum: 0.0]
      [Object Copy (ms): Min: 0.0, Avg: 0.9, Max: 2.4, Diff: 2.4, Sum: 6.8]
      [Termination (ms): Min: 0.0, Avg: 2.7, Max: 4.8, Diff: 4.8, Sum: 21.8]
         [Termination Attempts: Min: 1, Avg: 2.9, Max: 9, Diff: 8, Sum: 23]
      [GC Worker Other (ms): Min: 0.0, Avg: 0.0, Max: 0.0, Diff: 0.0, Sum: 0.0]
      [GC Worker Total (ms): Min: 11.9, Avg: 13.0, Max: 16.7, Diff: 4.8, Sum: 103.6]
      [GC Worker End (ms): Min: 357584665.4, Avg: 357584665.4, Max: 357584665.6, Diff: 0.2]
   [Code Root Fixup: 0.0 ms]
   [Code Root Purge: 0.0 ms]
   [Clear CT: 0.8 ms]
   [Other: 21.5 ms]
      [Choose CSet: 0.0 ms]
      [Ref Proc: 21.1 ms]
      [Ref Enq: 0.1 ms]
      [Redirty Cards: 0.1 ms]
      [Humongous Register: 0.0 ms]
      [Humongous Reclaim: 0.0 ms]
      [Free CSet: 0.1 ms]
   [Eden: 7152.0M(7152.0M)->0.0B(7152.0M) Survivors: 16384.0K->16384.0K Heap: 10837.6M(14336.0M)->3683.3M(14336.0M)]
 [Times: user=0.12 sys=0.00, real=0.04 secs] 
2022-09-14T02:19:16.170-0600: 357584.688: [GC concurrent-root-region-scan-start]
2022-09-14T02:19:16.176-0600: 357584.693: [GC concurrent-root-region-scan-end, 0.0054916 secs]
2022-09-14T02:19:16.176-0600: 357584.694: [GC concurrent-mark-start]
2022-09-14T02:19:17.487-0600: 357586.005: [GC concurrent-mark-end, 1.3110686 secs]
2022-09-14T02:19:17.487-0600: 357586.005: [GC remark 2022-09-14T02:19:17.487-0600: 357586.005: [Finalize Marking, 0.0030441 secs] 2022-09-14T02:19:17.490-0600: 357586.008: [GC ref-proc, 0.0280863 secs] 2022-09-14T02:19:17.518-0600: 357586.036: [Unloading, 0.0260889 secs], 0.0613915 secs]
 [Times: user=0.25 sys=0.00, real=0.06 secs] 
2022-09-14T02:19:17.549-0600: 357586.066: [GC cleanup 3779M->3779M(14336M), 0.0113679 secs]
 [Times: user=0.03 sys=0.00, real=0.01 secs] 
2022-09-14T02:20:46.624-0600: 357675.142: [GC pause (G1 Evacuation Pause) (young), 0.0395375 secs]
   [Parallel Time: 9.8 ms, GC Workers: 8]
      [GC Worker Start (ms): Min: 357675142.0, Avg: 357675146.6, Max: 357675151.6, Diff: 9.6]
      [Ext Root Scanning (ms): Min: 0.0, Avg: 0.8, Max: 3.1, Diff: 3.1, Sum: 6.6]
      [Update RS (ms): Min: 0.0, Avg: 1.1, Max: 3.0, Diff: 3.0, Sum: 8.5]
         [Processed Buffers: Min: 0, Avg: 5.5, Max: 16, Diff: 16, Sum: 44]
      [Scan RS (ms): Min: 0.0, Avg: 0.0, Max: 0.1, Diff: 0.1, Sum: 0.2]
      [Code Root Scanning (ms): Min: 0.0, Avg: 0.0, Max: 0.0, Diff: 0.0, Sum: 0.0]
      [Object Copy (ms): Min: 0.0, Avg: 1.3, Max: 4.3, Diff: 4.3, Sum: 10.7]
      [Termination (ms): Min: 0.0, Avg: 1.7, Max: 2.6, Diff: 2.6, Sum: 13.9]
         [Termination Attempts: Min: 1, Avg: 1.8, Max: 4, Diff: 3, Sum: 14]
      [GC Worker Other (ms): Min: 0.0, Avg: 0.0, Max: 0.0, Diff: 0.0, Sum: 0.0]
      [GC Worker Total (ms): Min: 0.0, Avg: 5.0, Max: 9.7, Diff: 9.7, Sum: 40.0]
      [GC Worker End (ms): Min: 357675151.6, Avg: 357675151.6, Max: 357675151.7, Diff: 0.1]
   [Code Root Fixup: 0.0 ms]
   [Code Root Purge: 0.0 ms]
   [Clear CT: 0.9 ms]
   [Other: 28.8 ms]
      [Choose CSet: 0.0 ms]
      [Ref Proc: 28.4 ms]
      [Ref Enq: 0.1 ms]
      [Redirty Cards: 0.1 ms]
      [Humongous Register: 0.0 ms]
      [Humongous Reclaim: 0.0 ms]
      [Free CSet: 0.2 ms]
   [Eden: 7152.0M(7152.0M)->0.0B(5712.0M) Survivors: 16384.0K->16384.0K Heap: 10835.3M(14336.0M)->3686.5M(14336.0M)]
 [Times: user=0.15 sys=0.00, real=0.04 secs] 
2022-09-14T02:22:00.125-0600: 357748.643: [GC pause (G1 Evacuation Pause) (mixed), 0.0394109 secs]
   [Parallel Time: 10.8 ms, GC Workers: 8]
      [GC Worker Start (ms): Min: 357748643.2, Avg: 357748647.8, Max: 357748653.7, Diff: 10.4]
      [Ext Root Scanning (ms): Min: 0.0, Avg: 0.8, Max: 3.1, Diff: 3.1, Sum: 6.3]
      [Update RS (ms): Min: 0.0, Avg: 0.9, Max: 2.0, Diff: 2.0, Sum: 7.0]
         [Processed Buffers: Min: 0, Avg: 6.0, Max: 17, Diff: 17, Sum: 48]
      [Scan RS (ms): Min: 0.0, Avg: 0.8, Max: 1.3, Diff: 1.3, Sum: 6.4]
      [Code Root Scanning (ms): Min: 0.0, Avg: 0.0, Max: 0.0, Diff: 0.0, Sum: 0.0]
      [Object Copy (ms): Min: 0.0, Avg: 2.1, Max: 3.5, Diff: 3.5, Sum: 16.5]
      [Termination (ms): Min: 0.0, Avg: 1.4, Max: 2.0, Diff: 2.0, Sum: 11.2]
         [Termination Attempts: Min: 1, Avg: 6.2, Max: 12, Diff: 11, Sum: 50]
      [GC Worker Other (ms): Min: 0.0, Avg: 0.0, Max: 0.0, Diff: 0.0, Sum: 0.0]
      [GC Worker Total (ms): Min: 0.0, Avg: 5.9, Max: 10.5, Diff: 10.5, Sum: 47.5]
      [GC Worker End (ms): Min: 357748653.7, Avg: 357748653.8, Max: 357748653.9, Diff: 0.2]
   [Code Root Fixup: 0.0 ms]
   [Code Root Purge: 0.0 ms]
   [Clear CT: 1.1 ms]
   [Other: 27.5 ms]
      [Choose CSet: 0.0 ms]
      [Ref Proc: 27.0 ms]
      [Ref Enq: 0.1 ms]
      [Redirty Cards: 0.1 ms]
      [Humongous Register: 0.0 ms]
      [Humongous Reclaim: 0.0 ms]
      [Free CSet: 0.1 ms]
   [Eden: 5712.0M(5712.0M)->0.0B(7152.0M) Survivors: 16384.0K->16384.0K Heap: 9398.5M(14336.0M)->3677.5M(14336.0M)]
 [Times: user=0.15 sys=0.00, real=0.04 secs] 
2022-09-14T02:23:33.413-0600: 357841.931: [GC pause (G1 Evacuation Pause) (young), 0.0258947 secs]
   [Parallel Time: 9.3 ms, GC Workers: 8]
      [GC Worker Start (ms): Min: 357841931.0, Avg: 357841934.3, Max: 357841940.1, Diff: 9.1]
      [Ext Root Scanning (ms): Min: 0.0, Avg: 0.9, Max: 3.3, Diff: 3.3, Sum: 7.1]
      [Update RS (ms): Min: 0.0, Avg: 3.4, Max: 5.1, Diff: 5.1, Sum: 27.3]
         [Processed Buffers: Min: 0, Avg: 15.2, Max: 27, Diff: 27, Sum: 122]
      [Scan RS (ms): Min: 0.0, Avg: 0.0, Max: 0.1, Diff: 0.1, Sum: 0.3]
      [Code Root Scanning (ms): Min: 0.0, Avg: 0.0, Max: 0.0, Diff: 0.0, Sum: 0.0]
      [Object Copy (ms): Min: 0.0, Avg: 1.0, Max: 1.5, Diff: 1.5, Sum: 8.1]
      [Termination (ms): Min: 0.0, Avg: 0.5, Max: 0.7, Diff: 0.7, Sum: 3.8]
         [Termination Attempts: Min: 1, Avg: 2.8, Max: 5, Diff: 4, Sum: 22]
      [GC Worker Other (ms): Min: 0.0, Avg: 0.0, Max: 0.0, Diff: 0.0, Sum: 0.0]
      [GC Worker Total (ms): Min: 0.0, Avg: 5.8, Max: 9.2, Diff: 9.2, Sum: 46.6]
      [GC Worker End (ms): Min: 357841940.1, Avg: 357841940.1, Max: 357841940.2, Diff: 0.0]
   [Code Root Fixup: 0.0 ms]
   [Code Root Purge: 0.0 ms]
   [Clear CT: 0.8 ms]
   [Other: 15.8 ms]
      [Choose CSet: 0.0 ms]
      [Ref Proc: 15.5 ms]
      [Ref Enq: 0.1 ms]
      [Redirty Cards: 0.1 ms]
      [Humongous Register: 0.0 ms]
      [Humongous Reclaim: 0.0 ms]
      [Free CSet: 0.1 ms]
   [Eden: 7152.0M(7152.0M)->0.0B(7152.0M) Survivors: 16384.0K->16384.0K Heap: 10829.5M(14336.0M)->3682.9M(14336.0M)]
 [Times: user=0.11 sys=0.00, real=0.02 secs] 
2022-09-14T02:25:08.278-0600: 357936.796: [GC pause (G1 Evacuation Pause) (young) (initial-mark), 0.0396798 secs]
   [Parallel Time: 14.9 ms, GC Workers: 8]
      [GC Worker Start (ms): Min: 357936797.5, Avg: 357936799.3, Max: 357936800.2, Diff: 2.8]
      [Ext Root Scanning (ms): Min: 2.0, Avg: 6.9, Max: 10.6, Diff: 8.6, Sum: 55.1]
      [Update RS (ms): Min: 0.0, Avg: 1.0, Max: 2.6, Diff: 2.6, Sum: 8.0]
         [Processed Buffers: Min: 0, Avg: 5.4, Max: 17, Diff: 17, Sum: 43]
      [Scan RS (ms): Min: 0.0, Avg: 0.0, Max: 0.1, Diff: 0.1, Sum: 0.2]
      [Code Root Scanning (ms): Min: 0.0, Avg: 0.0, Max: 0.0, Diff: 0.0, Sum: 0.0]
      [Object Copy (ms): Min: 0.0, Avg: 0.8, Max: 1.8, Diff: 1.8, Sum: 6.7]
      [Termination (ms): Min: 0.0, Avg: 2.8, Max: 4.3, Diff: 4.3, Sum: 22.2]
         [Termination Attempts: Min: 1, Avg: 3.6, Max: 11, Diff: 10, Sum: 29]
      [GC Worker Other (ms): Min: 0.0, Avg: 0.0, Max: 0.0, Diff: 0.0, Sum: 0.0]
      [GC Worker Total (ms): Min: 10.5, Avg: 11.5, Max: 13.5, Diff: 2.9, Sum: 92.3]
      [GC Worker End (ms): Min: 357936810.8, Avg: 357936810.8, Max: 357936810.9, Diff: 0.2]
   [Code Root Fixup: 0.0 ms]
   [Code Root Purge: 0.0 ms]
   [Clear CT: 0.8 ms]
   [Other: 24.0 ms]
      [Choose CSet: 0.0 ms]
      [Ref Proc: 23.6 ms]
      [Ref Enq: 0.1 ms]
      [Redirty Cards: 0.1 ms]
      [Humongous Register: 0.0 ms]
      [Humongous Reclaim: 0.0 ms]
      [Free CSet: 0.1 ms]
   [Eden: 7152.0M(7152.0M)->0.0B(7152.0M) Survivors: 16384.0K->16384.0K Heap: 10834.9M(14336.0M)->3683.3M(14336.0M)]
 [Times: user=0.12 sys=0.00, real=0.04 secs] 
2022-09-14T02:25:08.318-0600: 357936.836: [GC concurrent-root-region-scan-start]
2022-09-14T02:25:08.324-0600: 357936.842: [GC concurrent-root-region-scan-end, 0.0060726 secs]
2022-09-14T02:25:08.324-0600: 357936.842: [GC concurrent-mark-start]
2022-09-14T02:25:09.642-0600: 357938.160: [GC concurrent-mark-end, 1.3179672 secs]
2022-09-14T02:25:09.642-0600: 357938.160: [GC remark 2022-09-14T02:25:09.642-0600: 357938.160: [Finalize Marking, 0.0030513 secs] 2022-09-14T02:25:09.645-0600: 357938.163: [GC ref-proc, 0.0297093 secs] 2022-09-14T02:25:09.675-0600: 357938.193: [Unloading, 0.0311600 secs], 0.0676848 secs]
 [Times: user=0.26 sys=0.00, real=0.06 secs] 
2022-09-14T02:25:09.710-0600: 357938.228: [GC cleanup 3835M->3835M(14336M), 0.0078446 secs]
 [Times: user=0.02 sys=0.00, real=0.01 secs] 
2022-09-14T02:26:39.325-0600: 358027.843: [GC pause (G1 Evacuation Pause) (young), 0.0165512 secs]
   [Parallel Time: 5.2 ms, GC Workers: 8]
      [GC Worker Start (ms): Min: 358027843.1, Avg: 358027843.1, Max: 358027843.2, Diff: 0.2]
      [Ext Root Scanning (ms): Min: 0.6, Avg: 1.9, Max: 4.8, Diff: 4.2, Sum: 15.3]
      [Update RS (ms): Min: 0.0, Avg: 1.1, Max: 1.9, Diff: 1.9, Sum: 9.0]
         [Processed Buffers: Min: 0, Avg: 5.8, Max: 18, Diff: 18, Sum: 46]
      [Scan RS (ms): Min: 0.0, Avg: 0.0, Max: 0.1, Diff: 0.1, Sum: 0.2]
      [Code Root Scanning (ms): Min: 0.0, Avg: 0.0, Max: 0.0, Diff: 0.0, Sum: 0.0]
      [Object Copy (ms): Min: 0.0, Avg: 1.2, Max: 1.6, Diff: 1.6, Sum: 9.8]
      [Termination (ms): Min: 0.0, Avg: 0.5, Max: 0.7, Diff: 0.7, Sum: 4.4]
         [Termination Attempts: Min: 1, Avg: 4.8, Max: 8, Diff: 7, Sum: 38]
      [GC Worker Other (ms): Min: 0.0, Avg: 0.0, Max: 0.0, Diff: 0.0, Sum: 0.0]
      [GC Worker Total (ms): Min: 4.7, Avg: 4.8, Max: 4.9, Diff: 0.2, Sum: 38.7]
      [GC Worker End (ms): Min: 358027848.0, Avg: 358027848.0, Max: 358027848.0, Diff: 0.1]
   [Code Root Fixup: 0.0 ms]
   [Code Root Purge: 0.0 ms]
   [Clear CT: 0.5 ms]
   [Other: 10.8 ms]
      [Choose CSet: 0.0 ms]
      [Ref Proc: 10.4 ms]
      [Ref Enq: 0.1 ms]
      [Redirty Cards: 0.1 ms]
      [Humongous Register: 0.0 ms]
      [Humongous Reclaim: 0.0 ms]
      [Free CSet: 0.1 ms]
   [Eden: 7152.0M(7152.0M)->0.0B(5712.0M) Survivors: 16384.0K->16384.0K Heap: 10835.3M(14336.0M)->3685.7M(14336.0M)]
 [Times: user=0.06 sys=0.00, real=0.02 secs] 
2022-09-14T02:27:54.324-0600: 358102.841: [GC pause (G1 Evacuation Pause) (mixed), 0.0182952 secs]
   [Parallel Time: 8.9 ms, GC Workers: 8]
      [GC Worker Start (ms): Min: 358102841.6, Avg: 358102843.1, Max: 358102846.3, Diff: 4.8]
      [Ext Root Scanning (ms): Min: 0.0, Avg: 0.9, Max: 3.4, Diff: 3.4, Sum: 7.4]
      [Update RS (ms): Min: 0.0, Avg: 1.0, Max: 1.7, Diff: 1.7, Sum: 8.0]
         [Processed Buffers: Min: 0, Avg: 5.2, Max: 14, Diff: 14, Sum: 42]
      [Scan RS (ms): Min: 0.0, Avg: 1.0, Max: 1.4, Diff: 1.4, Sum: 7.8]
      [Code Root Scanning (ms): Min: 0.0, Avg: 0.0, Max: 0.0, Diff: 0.0, Sum: 0.0]
      [Object Copy (ms): Min: 3.4, Avg: 3.8, Max: 4.5, Diff: 1.1, Sum: 30.8]
      [Termination (ms): Min: 0.0, Avg: 0.5, Max: 0.6, Diff: 0.6, Sum: 4.3]
         [Termination Attempts: Min: 1, Avg: 25.2, Max: 34, Diff: 33, Sum: 202]
      [GC Worker Other (ms): Min: 0.0, Avg: 0.0, Max: 0.0, Diff: 0.0, Sum: 0.1]
      [GC Worker Total (ms): Min: 4.0, Avg: 7.3, Max: 8.8, Diff: 4.8, Sum: 58.3]
      [GC Worker End (ms): Min: 358102850.4, Avg: 358102850.4, Max: 358102850.4, Diff: 0.0]
   [Code Root Fixup: 0.0 ms]
   [Code Root Purge: 0.0 ms]
   [Clear CT: 1.1 ms]
   [Other: 8.3 ms]
      [Choose CSet: 0.0 ms]
      [Ref Proc: 7.8 ms]
      [Ref Enq: 0.1 ms]
      [Redirty Cards: 0.1 ms]
      [Humongous Register: 0.0 ms]
      [Humongous Reclaim: 0.0 ms]
      [Free CSet: 0.1 ms]
   [Eden: 5712.0M(5712.0M)->0.0B(7152.0M) Survivors: 16384.0K->16384.0K Heap: 9397.7M(14336.0M)->3679.0M(14336.0M)]
 [Times: user=0.08 sys=0.00, real=0.02 secs] 
2022-09-14T02:29:27.528-0600: 358196.046: [GC pause (G1 Evacuation Pause) (young), 0.0212517 secs]
   [Parallel Time: 9.2 ms, GC Workers: 8]
      [GC Worker Start (ms): Min: 358196045.9, Avg: 358196047.3, Max: 358196050.9, Diff: 5.0]
      [Ext Root Scanning (ms): Min: 0.0, Avg: 0.9, Max: 3.0, Diff: 3.0, Sum: 6.9]
      [Update RS (ms): Min: 1.0, Avg: 4.7, Max: 7.8, Diff: 6.9, Sum: 37.3]
         [Processed Buffers: Min: 11, Avg: 16.4, Max: 24, Diff: 13, Sum: 131]
      [Scan RS (ms): Min: 0.0, Avg: 0.0, Max: 0.1, Diff: 0.1, Sum: 0.2]
      [Code Root Scanning (ms): Min: 0.0, Avg: 0.0, Max: 0.0, Diff: 0.0, Sum: 0.0]
      [Object Copy (ms): Min: 0.1, Avg: 1.1, Max: 1.8, Diff: 1.7, Sum: 8.5]
      [Termination (ms): Min: 0.0, Avg: 1.1, Max: 1.5, Diff: 1.5, Sum: 8.5]
         [Termination Attempts: Min: 1, Avg: 24.9, Max: 56, Diff: 55, Sum: 199]
      [GC Worker Other (ms): Min: 0.0, Avg: 0.0, Max: 0.0, Diff: 0.0, Sum: 0.1]
      [GC Worker Total (ms): Min: 4.2, Avg: 7.7, Max: 9.1, Diff: 4.9, Sum: 61.4]
      [GC Worker End (ms): Min: 358196054.9, Avg: 358196055.0, Max: 358196055.0, Diff: 0.1]
   [Code Root Fixup: 0.0 ms]
   [Code Root Purge: 0.0 ms]
   [Clear CT: 0.6 ms]
   [Other: 11.5 ms]
      [Choose CSet: 0.0 ms]
      [Ref Proc: 11.1 ms]
      [Ref Enq: 0.1 ms]
      [Redirty Cards: 0.1 ms]
      [Humongous Register: 0.0 ms]
      [Humongous Reclaim: 0.0 ms]
      [Free CSet: 0.1 ms]
   [Eden: 7152.0M(7152.0M)->0.0B(7152.0M) Survivors: 16384.0K->16384.0K Heap: 10831.0M(14336.0M)->3683.7M(14336.0M)]
 [Times: user=0.09 sys=0.00, real=0.02 secs] 
2022-09-14T02:30:58.454-0600: 358286.972: [GC pause (G1 Evacuation Pause) (young) (initial-mark), 0.0468733 secs]
   [Parallel Time: 13.4 ms, GC Workers: 8]
      [GC Worker Start (ms): Min: 358286973.0, Avg: 358286976.0, Max: 358286976.8, Diff: 3.8]
      [Ext Root Scanning (ms): Min: 2.2, Avg: 5.9, Max: 8.1, Diff: 5.8, Sum: 47.5]
      [Update RS (ms): Min: 0.0, Avg: 1.0, Max: 2.1, Diff: 2.1, Sum: 8.0]
         [Processed Buffers: Min: 0, Avg: 6.2, Max: 25, Diff: 25, Sum: 50]
      [Scan RS (ms): Min: 0.0, Avg: 0.0, Max: 0.1, Diff: 0.1, Sum: 0.2]
      [Code Root Scanning (ms): Min: 0.0, Avg: 0.0, Max: 0.0, Diff: 0.0, Sum: 0.0]
      [Object Copy (ms): Min: 0.0, Avg: 0.9, Max: 2.0, Diff: 2.0, Sum: 7.5]
      [Termination (ms): Min: 0.0, Avg: 1.0, Max: 1.9, Diff: 1.9, Sum: 7.7]
         [Termination Attempts: Min: 1, Avg: 2.4, Max: 4, Diff: 3, Sum: 19]
      [GC Worker Other (ms): Min: 0.0, Avg: 0.0, Max: 0.0, Diff: 0.0, Sum: 0.1]
      [GC Worker Total (ms): Min: 8.1, Avg: 8.9, Max: 11.9, Diff: 3.8, Sum: 71.0]
      [GC Worker End (ms): Min: 358286984.9, Avg: 358286984.9, Max: 358286984.9, Diff: 0.0]
   [Code Root Fixup: 0.0 ms]
   [Code Root Purge: 0.0 ms]
   [Clear CT: 0.8 ms]
   [Other: 32.7 ms]
      [Choose CSet: 0.0 ms]
      [Ref Proc: 32.3 ms]
      [Ref Enq: 0.1 ms]
      [Redirty Cards: 0.1 ms]
      [Humongous Register: 0.0 ms]
      [Humongous Reclaim: 0.0 ms]
      [Free CSet: 0.1 ms]
   [Eden: 7152.0M(7152.0M)->0.0B(7152.0M) Survivors: 16384.0K->16384.0K Heap: 10835.7M(14336.0M)->3686.6M(14336.0M)]
 [Times: user=0.16 sys=0.00, real=0.05 secs] 
2022-09-14T02:30:58.501-0600: 358287.019: [GC concurrent-root-region-scan-start]
2022-09-14T02:30:58.508-0600: 358287.025: [GC concurrent-root-region-scan-end, 0.0067754 secs]
2022-09-14T02:30:58.508-0600: 358287.025: [GC concurrent-mark-start]
2022-09-14T02:30:59.843-0600: 358288.361: [GC concurrent-mark-end, 1.3354475 secs]
2022-09-14T02:30:59.843-0600: 358288.361: [GC remark 2022-09-14T02:30:59.843-0600: 358288.361: [Finalize Marking, 0.0014172 secs] 2022-09-14T02:30:59.845-0600: 358288.362: [GC ref-proc, 0.0242259 secs] 2022-09-14T02:30:59.869-0600: 358288.387: [Unloading, 0.0281876 secs], 0.0599639 secs]
 [Times: user=0.25 sys=0.00, real=0.06 secs] 
2022-09-14T02:30:59.904-0600: 358288.421: [GC cleanup 3854M->3854M(14336M), 0.0070735 secs]
 [Times: user=0.03 sys=0.00, real=0.00 secs] 
2022-09-14T02:32:27.780-0600: 358376.298: [GC pause (G1 Evacuation Pause) (young), 0.0222346 secs]
   [Parallel Time: 5.9 ms, GC Workers: 8]
      [GC Worker Start (ms): Min: 358376297.9, Avg: 358376299.3, Max: 358376302.3, Diff: 4.4]
      [Ext Root Scanning (ms): Min: 0.0, Avg: 1.8, Max: 4.0, Diff: 4.0, Sum: 14.6]
      [Update RS (ms): Min: 0.0, Avg: 1.1, Max: 2.5, Diff: 2.5, Sum: 8.4]
         [Processed Buffers: Min: 0, Avg: 5.6, Max: 19, Diff: 19, Sum: 45]
      [Scan RS (ms): Min: 0.0, Avg: 0.0, Max: 0.1, Diff: 0.1, Sum: 0.2]
      [Code Root Scanning (ms): Min: 0.0, Avg: 0.0, Max: 0.0, Diff: 0.0, Sum: 0.0]
      [Object Copy (ms): Min: 1.3, Avg: 1.4, Max: 1.7, Diff: 0.4, Sum: 11.6]
      [Termination (ms): Min: 0.0, Avg: 0.0, Max: 0.1, Diff: 0.0, Sum: 0.3]
         [Termination Attempts: Min: 17, Avg: 26.6, Max: 35, Diff: 18, Sum: 213]
      [GC Worker Other (ms): Min: 0.0, Avg: 0.0, Max: 0.1, Diff: 0.0, Sum: 0.2]
      [GC Worker Total (ms): Min: 1.4, Avg: 4.4, Max: 5.8, Diff: 4.5, Sum: 35.4]
      [GC Worker End (ms): Min: 358376303.7, Avg: 358376303.7, Max: 358376303.7, Diff: 0.0]
   [Code Root Fixup: 0.0 ms]
   [Code Root Purge: 0.0 ms]
   [Clear CT: 0.7 ms]
   [Other: 15.5 ms]
      [Choose CSet: 0.0 ms]
      [Ref Proc: 15.1 ms]
      [Ref Enq: 0.1 ms]
      [Redirty Cards: 0.1 ms]
      [Humongous Register: 0.0 ms]
      [Humongous Reclaim: 0.0 ms]
      [Free CSet: 0.1 ms]
   [Eden: 7152.0M(7152.0M)->0.0B(5712.0M) Survivors: 16384.0K->16384.0K Heap: 10838.6M(14336.0M)->3687.5M(14336.0M)]
 [Times: user=0.08 sys=0.00, real=0.03 secs] 
2022-09-14T02:33:39.402-0600: 358447.920: [GC pause (G1 Evacuation Pause) (mixed), 0.0240474 secs]
   [Parallel Time: 8.7 ms, GC Workers: 8]
      [GC Worker Start (ms): Min: 358447919.6, Avg: 358447921.5, Max: 358447928.2, Diff: 8.6]
      [Ext Root Scanning (ms): Min: 0.0, Avg: 1.2, Max: 3.5, Diff: 3.5, Sum: 9.3]
      [Update RS (ms): Min: 0.0, Avg: 1.2, Max: 1.9, Diff: 1.9, Sum: 9.9]
         [Processed Buffers: Min: 0, Avg: 6.6, Max: 12, Diff: 12, Sum: 53]
      [Scan RS (ms): Min: 0.0, Avg: 1.0, Max: 1.2, Diff: 1.2, Sum: 8.1]
      [Code Root Scanning (ms): Min: 0.0, Avg: 0.0, Max: 0.0, Diff: 0.0, Sum: 0.0]
      [Object Copy (ms): Min: 0.0, Avg: 2.7, Max: 3.2, Diff: 3.2, Sum: 21.8]
      [Termination (ms): Min: 0.0, Avg: 0.5, Max: 0.6, Diff: 0.6, Sum: 4.4]
         [Termination Attempts: Min: 1, Avg: 12.9, Max: 20, Diff: 19, Sum: 103]
      [GC Worker Other (ms): Min: 0.0, Avg: 0.0, Max: 0.0, Diff: 0.0, Sum: 0.1]
      [GC Worker Total (ms): Min: 0.0, Avg: 6.7, Max: 8.6, Diff: 8.6, Sum: 53.7]
      [GC Worker End (ms): Min: 358447928.2, Avg: 358447928.2, Max: 358447928.2, Diff: 0.0]
   [Code Root Fixup: 0.0 ms]
   [Code Root Purge: 0.0 ms]
   [Clear CT: 0.5 ms]
   [Other: 14.9 ms]
      [Choose CSet: 0.0 ms]
      [Ref Proc: 14.4 ms]
      [Ref Enq: 0.1 ms]
      [Redirty Cards: 0.1 ms]
      [Humongous Register: 0.0 ms]
      [Humongous Reclaim: 0.0 ms]
      [Free CSet: 0.1 ms]
   [Eden: 5712.0M(5712.0M)->0.0B(7152.0M) Survivors: 16384.0K->16384.0K Heap: 9399.5M(14336.0M)->3680.0M(14336.0M)]
 [Times: user=0.12 sys=0.00, real=0.02 secs] 
2022-09-14T02:35:09.127-0600: 358537.645: [GC pause (G1 Evacuation Pause) (young), 0.0311145 secs]
   [Parallel Time: 10.1 ms, GC Workers: 8]
      [GC Worker Start (ms): Min: 358537644.9, Avg: 358537648.9, Max: 358537654.6, Diff: 9.7]
      [Ext Root Scanning (ms): Min: 0.0, Avg: 0.8, Max: 2.9, Diff: 2.9, Sum: 6.3]
      [Update RS (ms): Min: 0.0, Avg: 3.6, Max: 6.9, Diff: 6.9, Sum: 29.1]
         [Processed Buffers: Min: 0, Avg: 15.5, Max: 40, Diff: 40, Sum: 124]
      [Scan RS (ms): Min: 0.0, Avg: 0.0, Max: 0.1, Diff: 0.1, Sum: 0.2]
      [Code Root Scanning (ms): Min: 0.0, Avg: 0.0, Max: 0.0, Diff: 0.0, Sum: 0.0]
      [Object Copy (ms): Min: 0.0, Avg: 0.9, Max: 1.6, Diff: 1.6, Sum: 7.1]
      [Termination (ms): Min: 0.0, Avg: 0.6, Max: 0.9, Diff: 0.9, Sum: 4.6]
         [Termination Attempts: Min: 1, Avg: 2.9, Max: 7, Diff: 6, Sum: 23]
      [GC Worker Other (ms): Min: 0.0, Avg: 0.0, Max: 0.0, Diff: 0.0, Sum: 0.1]
      [GC Worker Total (ms): Min: 0.2, Avg: 5.9, Max: 9.8, Diff: 9.7, Sum: 47.4]
      [GC Worker End (ms): Min: 358537654.8, Avg: 358537654.8, Max: 358537654.9, Diff: 0.1]
   [Code Root Fixup: 0.0 ms]
   [Code Root Purge: 0.0 ms]
   [Clear CT: 1.0 ms]
   [Other: 20.1 ms]
      [Choose CSet: 0.0 ms]
      [Ref Proc: 19.6 ms]
      [Ref Enq: 0.1 ms]
      [Redirty Cards: 0.1 ms]
      [Humongous Register: 0.0 ms]
      [Humongous Reclaim: 0.0 ms]
      [Free CSet: 0.1 ms]
   [Eden: 7152.0M(7152.0M)->0.0B(7152.0M) Survivors: 16384.0K->16384.0K Heap: 10832.0M(14336.0M)->3686.5M(14336.0M)]
 [Times: user=0.11 sys=0.00, real=0.03 secs] 
2022-09-14T02:36:37.829-0600: 358626.346: [GC pause (G1 Evacuation Pause) (young) (initial-mark), 0.0612454 secs]
   [Parallel Time: 44.6 ms, GC Workers: 8]
      [GC Worker Start (ms): Min: 358626347.9, Avg: 358626361.1, Max: 358626365.6, Diff: 17.7]
      [Ext Root Scanning (ms): Min: 2.6, Avg: 13.7, Max: 25.4, Diff: 22.9, Sum: 109.2]
      [Update RS (ms): Min: 0.0, Avg: 1.2, Max: 2.1, Diff: 2.1, Sum: 9.5]
         [Processed Buffers: Min: 0, Avg: 5.9, Max: 16, Diff: 16, Sum: 47]
      [Scan RS (ms): Min: 0.0, Avg: 0.0, Max: 0.1, Diff: 0.1, Sum: 0.2]
      [Code Root Scanning (ms): Min: 0.0, Avg: 0.0, Max: 0.0, Diff: 0.0, Sum: 0.0]
      [Object Copy (ms): Min: 0.0, Avg: 1.1, Max: 1.9, Diff: 1.9, Sum: 8.4]
      [Termination (ms): Min: 0.0, Avg: 14.0, Max: 19.4, Diff: 19.4, Sum: 112.1]
         [Termination Attempts: Min: 1, Avg: 1.1, Max: 2, Diff: 1, Sum: 9]
      [GC Worker Other (ms): Min: 0.0, Avg: 0.0, Max: 0.0, Diff: 0.0, Sum: 0.1]
      [GC Worker Total (ms): Min: 25.5, Avg: 29.9, Max: 43.3, Diff: 17.8, Sum: 239.5]
      [GC Worker End (ms): Min: 358626391.0, Avg: 358626391.1, Max: 358626391.1, Diff: 0.1]
   [Code Root Fixup: 0.0 ms]
   [Code Root Purge: 0.0 ms]
   [Clear CT: 0.7 ms]
   [Other: 15.9 ms]
      [Choose CSet: 0.0 ms]
      [Ref Proc: 15.4 ms]
      [Ref Enq: 0.1 ms]
      [Redirty Cards: 0.1 ms]
      [Humongous Register: 0.0 ms]
      [Humongous Reclaim: 0.0 ms]
      [Free CSet: 0.1 ms]
   [Eden: 7152.0M(7152.0M)->0.0B(7152.0M) Survivors: 16384.0K->16384.0K Heap: 10838.5M(14336.0M)->3687.9M(14336.0M)]
 [Times: user=0.22 sys=0.00, real=0.06 secs] 
2022-09-14T02:36:37.890-0600: 358626.408: [GC concurrent-root-region-scan-start]
2022-09-14T02:36:37.897-0600: 358626.414: [GC concurrent-root-region-scan-end, 0.0064686 secs]
2022-09-14T02:36:37.897-0600: 358626.414: [GC concurrent-mark-start]
2022-09-14T02:36:39.223-0600: 358627.741: [GC concurrent-mark-end, 1.3264148 secs]
2022-09-14T02:36:39.223-0600: 358627.741: [GC remark 2022-09-14T02:36:39.223-0600: 358627.741: [Finalize Marking, 0.0024646 secs] 2022-09-14T02:36:39.226-0600: 358627.743: [GC ref-proc, 0.0270662 secs] 2022-09-14T02:36:39.253-0600: 358627.770: [Unloading, 0.0279596 secs], 0.0632497 secs]
 [Times: user=0.23 sys=0.00, real=0.06 secs] 
2022-09-14T02:36:39.287-0600: 358627.804: [GC cleanup 3783M->3783M(14336M), 0.0094577 secs]
 [Times: user=0.03 sys=0.00, real=0.01 secs] 
2022-09-14T02:38:07.375-0600: 358715.893: [GC pause (G1 Evacuation Pause) (young), 0.0228951 secs]
   [Parallel Time: 4.2 ms, GC Workers: 8]
      [GC Worker Start (ms): Min: 358715892.9, Avg: 358715893.5, Max: 358715894.3, Diff: 1.4]
      [Ext Root Scanning (ms): Min: 0.0, Avg: 1.0, Max: 3.8, Diff: 3.8, Sum: 8.1]
      [Update RS (ms): Min: 0.0, Avg: 1.2, Max: 1.6, Diff: 1.6, Sum: 9.8]
         [Processed Buffers: Min: 0, Avg: 5.6, Max: 11, Diff: 11, Sum: 45]
      [Scan RS (ms): Min: 0.0, Avg: 0.0, Max: 0.1, Diff: 0.1, Sum: 0.2]
      [Code Root Scanning (ms): Min: 0.0, Avg: 0.0, Max: 0.0, Diff: 0.0, Sum: 0.0]
      [Object Copy (ms): Min: 0.3, Avg: 1.2, Max: 1.5, Diff: 1.2, Sum: 9.8]
      [Termination (ms): Min: 0.0, Avg: 0.0, Max: 0.0, Diff: 0.0, Sum: 0.0]
         [Termination Attempts: Min: 1, Avg: 1.0, Max: 1, Diff: 0, Sum: 8]
      [GC Worker Other (ms): Min: 0.0, Avg: 0.0, Max: 0.0, Diff: 0.0, Sum: 0.2]
      [GC Worker Total (ms): Min: 2.7, Avg: 3.5, Max: 4.1, Diff: 1.4, Sum: 28.2]
      [GC Worker End (ms): Min: 358715897.0, Avg: 358715897.0, Max: 358715897.0, Diff: 0.0]
   [Code Root Fixup: 0.0 ms]
   [Code Root Purge: 0.0 ms]
   [Clear CT: 0.7 ms]
   [Other: 17.9 ms]
      [Choose CSet: 0.0 ms]
      [Ref Proc: 17.5 ms]
      [Ref Enq: 0.1 ms]
      [Redirty Cards: 0.1 ms]
      [Humongous Register: 0.0 ms]
      [Humongous Reclaim: 0.0 ms]
      [Free CSet: 0.1 ms]
   [Eden: 7152.0M(7152.0M)->0.0B(5712.0M) Survivors: 16384.0K->16384.0K Heap: 10839.9M(14336.0M)->3692.3M(14336.0M)]
 [Times: user=0.08 sys=0.00, real=0.02 secs] 
2022-09-14T02:39:19.199-0600: 358787.717: [GC pause (G1 Evacuation Pause) (mixed), 0.0324888 secs]
   [Parallel Time: 9.2 ms, GC Workers: 8]
      [GC Worker Start (ms): Min: 358787717.1, Avg: 358787719.0, Max: 358787726.2, Diff: 9.1]
      [Ext Root Scanning (ms): Min: 0.0, Avg: 1.9, Max: 8.2, Diff: 8.2, Sum: 15.6]
      [Update RS (ms): Min: 0.0, Avg: 1.1, Max: 1.8, Diff: 1.8, Sum: 9.0]
         [Processed Buffers: Min: 0, Avg: 6.6, Max: 15, Diff: 15, Sum: 53]
      [Scan RS (ms): Min: 0.0, Avg: 1.0, Max: 1.4, Diff: 1.4, Sum: 8.0]
      [Code Root Scanning (ms): Min: 0.0, Avg: 0.0, Max: 0.0, Diff: 0.0, Sum: 0.0]
      [Object Copy (ms): Min: 0.0, Avg: 2.7, Max: 3.7, Diff: 3.7, Sum: 21.7]
      [Termination (ms): Min: 0.0, Avg: 0.5, Max: 0.6, Diff: 0.6, Sum: 3.7]
         [Termination Attempts: Min: 1, Avg: 12.1, Max: 24, Diff: 23, Sum: 97]
      [GC Worker Other (ms): Min: 0.0, Avg: 0.0, Max: 0.0, Diff: 0.0, Sum: 0.1]
      [GC Worker Total (ms): Min: 0.0, Avg: 7.3, Max: 9.2, Diff: 9.1, Sum: 58.1]
      [GC Worker End (ms): Min: 358787726.2, Avg: 358787726.2, Max: 358787726.2, Diff: 0.0]
   [Code Root Fixup: 0.0 ms]
   [Code Root Purge: 0.0 ms]
   [Clear CT: 0.9 ms]
   [Other: 22.4 ms]
      [Choose CSet: 0.0 ms]
      [Ref Proc: 22.0 ms]
      [Ref Enq: 0.1 ms]
      [Redirty Cards: 0.1 ms]
      [Humongous Register: 0.0 ms]
      [Humongous Reclaim: 0.0 ms]
      [Free CSet: 0.1 ms]
   [Eden: 5712.0M(5712.0M)->0.0B(7152.0M) Survivors: 16384.0K->16384.0K Heap: 9404.3M(14336.0M)->3683.3M(14336.0M)]
 [Times: user=0.13 sys=0.00, real=0.03 secs] 
2022-09-14T02:40:46.527-0600: 358875.044: [GC pause (G1 Evacuation Pause) (young), 0.0264701 secs]
   [Parallel Time: 10.2 ms, GC Workers: 8]
      [GC Worker Start (ms): Min: 358875044.5, Avg: 358875047.6, Max: 358875050.3, Diff: 5.8]
      [Ext Root Scanning (ms): Min: 0.0, Avg: 0.8, Max: 2.9, Diff: 2.9, Sum: 6.3]
      [Update RS (ms): Min: 1.0, Avg: 4.0, Max: 8.2, Diff: 7.2, Sum: 31.9]
         [Processed Buffers: Min: 4, Avg: 15.4, Max: 24, Diff: 20, Sum: 123]
      [Scan RS (ms): Min: 0.0, Avg: 0.0, Max: 0.1, Diff: 0.0, Sum: 0.2]
      [Code Root Scanning (ms): Min: 0.0, Avg: 0.0, Max: 0.0, Diff: 0.0, Sum: 0.0]
      [Object Copy (ms): Min: 0.1, Avg: 1.4, Max: 2.1, Diff: 2.1, Sum: 10.9]
      [Termination (ms): Min: 0.0, Avg: 0.8, Max: 1.2, Diff: 1.2, Sum: 6.1]
         [Termination Attempts: Min: 1, Avg: 40.5, Max: 64, Diff: 63, Sum: 324]
      [GC Worker Other (ms): Min: 0.0, Avg: 0.0, Max: 0.0, Diff: 0.0, Sum: 0.0]
      [GC Worker Total (ms): Min: 4.2, Avg: 6.9, Max: 10.0, Diff: 5.8, Sum: 55.4]
      [GC Worker End (ms): Min: 358875054.5, Avg: 358875054.6, Max: 358875054.6, Diff: 0.0]
   [Code Root Fixup: 0.0 ms]
   [Code Root Purge: 0.0 ms]
   [Clear CT: 0.5 ms]
   [Other: 15.7 ms]
      [Choose CSet: 0.0 ms]
      [Ref Proc: 15.3 ms]
      [Ref Enq: 0.1 ms]
      [Redirty Cards: 0.1 ms]
      [Humongous Register: 0.0 ms]
      [Humongous Reclaim: 0.0 ms]
      [Free CSet: 0.1 ms]
   [Eden: 7152.0M(7152.0M)->0.0B(7152.0M) Survivors: 16384.0K->16384.0K Heap: 10835.3M(14336.0M)->3689.2M(14336.0M)]
 [Times: user=0.09 sys=0.00, real=0.03 secs] 
2022-09-14T02:42:15.779-0600: 358964.297: [GC pause (G1 Evacuation Pause) (young) (initial-mark), 0.0296125 secs]
   [Parallel Time: 11.1 ms, GC Workers: 8]
      [GC Worker Start (ms): Min: 358964297.9, Avg: 358964299.8, Max: 358964300.8, Diff: 2.9]
      [Ext Root Scanning (ms): Min: 2.6, Avg: 4.0, Max: 6.7, Diff: 4.2, Sum: 32.4]
      [Update RS (ms): Min: 0.0, Avg: 1.3, Max: 1.7, Diff: 1.7, Sum: 10.4]
         [Processed Buffers: Min: 0, Avg: 6.5, Max: 12, Diff: 12, Sum: 52]
      [Scan RS (ms): Min: 0.0, Avg: 0.0, Max: 0.1, Diff: 0.1, Sum: 0.3]
      [Code Root Scanning (ms): Min: 0.0, Avg: 0.0, Max: 0.0, Diff: 0.0, Sum: 0.0]
      [Object Copy (ms): Min: 0.0, Avg: 1.1, Max: 1.5, Diff: 1.5, Sum: 9.1]
      [Termination (ms): Min: 0.0, Avg: 1.3, Max: 1.5, Diff: 1.5, Sum: 10.1]
         [Termination Attempts: Min: 1, Avg: 22.6, Max: 37, Diff: 36, Sum: 181]
      [GC Worker Other (ms): Min: 0.0, Avg: 0.0, Max: 0.0, Diff: 0.0, Sum: 0.1]
      [GC Worker Total (ms): Min: 6.7, Avg: 7.8, Max: 9.7, Diff: 3.0, Sum: 62.4]
      [GC Worker End (ms): Min: 358964307.6, Avg: 358964307.6, Max: 358964307.7, Diff: 0.2]
   [Code Root Fixup: 0.0 ms]
   [Code Root Purge: 0.0 ms]
   [Clear CT: 0.8 ms]
   [Other: 17.7 ms]
      [Choose CSet: 0.0 ms]
      [Ref Proc: 17.2 ms]
      [Ref Enq: 0.1 ms]
      [Redirty Cards: 0.1 ms]
      [Humongous Register: 0.0 ms]
      [Humongous Reclaim: 0.0 ms]
      [Free CSet: 0.1 ms]
   [Eden: 7152.0M(7152.0M)->0.0B(7152.0M) Survivors: 16384.0K->16384.0K Heap: 10841.2M(14336.0M)->3692.8M(14336.0M)]
 [Times: user=0.09 sys=0.01, real=0.03 secs] 
2022-09-14T02:42:15.809-0600: 358964.326: [GC concurrent-root-region-scan-start]
2022-09-14T02:42:15.815-0600: 358964.333: [GC concurrent-root-region-scan-end, 0.0065844 secs]
2022-09-14T02:42:15.815-0600: 358964.333: [GC concurrent-mark-start]
2022-09-14T02:42:17.106-0600: 358965.624: [GC concurrent-mark-end, 1.2907966 secs]
2022-09-14T02:42:17.106-0600: 358965.624: [GC remark 2022-09-14T02:42:17.106-0600: 358965.624: [Finalize Marking, 0.0022858 secs] 2022-09-14T02:42:17.108-0600: 358965.626: [GC ref-proc, 0.0295975 secs] 2022-09-14T02:42:17.138-0600: 358965.656: [Unloading, 0.0253259 secs], 0.0610911 secs]
 [Times: user=0.28 sys=0.00, real=0.06 secs] 
2022-09-14T02:42:17.167-0600: 358965.685: [GC cleanup 3805M->3805M(14336M), 0.0071088 secs]
 [Times: user=0.04 sys=0.00, real=0.01 secs] 
2022-09-14T02:43:46.575-0600: 359055.092: [GC pause (G1 Evacuation Pause) (young), 0.0207690 secs]
   [Parallel Time: 6.3 ms, GC Workers: 8]
      [GC Worker Start (ms): Min: 359055092.4, Avg: 359055094.6, Max: 359055098.5, Diff: 6.1]
      [Ext Root Scanning (ms): Min: 0.0, Avg: 0.9, Max: 3.3, Diff: 3.3, Sum: 7.0]
      [Update RS (ms): Min: 0.0, Avg: 1.1, Max: 1.8, Diff: 1.8, Sum: 9.0]
         [Processed Buffers: Min: 0, Avg: 6.5, Max: 15, Diff: 15, Sum: 52]
      [Scan RS (ms): Min: 0.0, Avg: 0.0, Max: 0.1, Diff: 0.1, Sum: 0.2]
      [Code Root Scanning (ms): Min: 0.0, Avg: 0.0, Max: 0.0, Diff: 0.0, Sum: 0.0]
      [Object Copy (ms): Min: 0.0, Avg: 0.9, Max: 1.5, Diff: 1.5, Sum: 7.4]
      [Termination (ms): Min: 0.0, Avg: 1.0, Max: 1.3, Diff: 1.3, Sum: 7.8]
         [Termination Attempts: Min: 1, Avg: 10.6, Max: 17, Diff: 16, Sum: 85]
      [GC Worker Other (ms): Min: 0.0, Avg: 0.0, Max: 0.0, Diff: 0.0, Sum: 0.0]
      [GC Worker Total (ms): Min: 0.0, Avg: 3.9, Max: 6.1, Diff: 6.1, Sum: 31.5]
      [GC Worker End (ms): Min: 359055098.5, Avg: 359055098.6, Max: 359055098.7, Diff: 0.2]
   [Code Root Fixup: 0.0 ms]
   [Code Root Purge: 0.0 ms]
   [Clear CT: 0.8 ms]
   [Other: 13.7 ms]
      [Choose CSet: 0.0 ms]
      [Ref Proc: 13.3 ms]
      [Ref Enq: 0.1 ms]
      [Redirty Cards: 0.1 ms]
      [Humongous Register: 0.0 ms]
      [Humongous Reclaim: 0.0 ms]
      [Free CSet: 0.1 ms]
   [Eden: 7152.0M(7152.0M)->0.0B(5712.0M) Survivors: 16384.0K->16384.0K Heap: 10844.8M(14336.0M)->3690.6M(14336.0M)]
 [Times: user=0.08 sys=0.00, real=0.02 secs] 
2022-09-14T02:44:58.229-0600: 359126.747: [GC pause (G1 Evacuation Pause) (mixed), 0.0342900 secs]
   [Parallel Time: 12.1 ms, GC Workers: 8]
      [GC Worker Start (ms): Min: 359126746.8, Avg: 359126753.4, Max: 359126758.4, Diff: 11.6]
      [Ext Root Scanning (ms): Min: 0.0, Avg: 0.8, Max: 4.4, Diff: 4.4, Sum: 6.1]
      [Update RS (ms): Min: 0.0, Avg: 0.8, Max: 2.1, Diff: 2.1, Sum: 6.1]
         [Processed Buffers: Min: 0, Avg: 5.4, Max: 17, Diff: 17, Sum: 43]
      [Scan RS (ms): Min: 0.0, Avg: 1.2, Max: 5.1, Diff: 5.1, Sum: 9.3]
      [Code Root Scanning (ms): Min: 0.0, Avg: 0.0, Max: 0.0, Diff: 0.0, Sum: 0.0]
      [Object Copy (ms): Min: 0.2, Avg: 2.5, Max: 4.0, Diff: 3.8, Sum: 20.2]
      [Termination (ms): Min: 0.0, Avg: 0.0, Max: 0.0, Diff: 0.0, Sum: 0.1]
         [Termination Attempts: Min: 1, Avg: 15.9, Max: 23, Diff: 22, Sum: 127]
      [GC Worker Other (ms): Min: 0.0, Avg: 0.0, Max: 0.1, Diff: 0.1, Sum: 0.2]
      [GC Worker Total (ms): Min: 0.3, Avg: 5.3, Max: 11.9, Diff: 11.6, Sum: 42.1]
      [GC Worker End (ms): Min: 359126758.6, Avg: 359126758.7, Max: 359126758.7, Diff: 0.1]
   [Code Root Fixup: 0.0 ms]
   [Code Root Purge: 0.0 ms]
   [Clear CT: 0.9 ms]
   [Other: 21.2 ms]
      [Choose CSet: 0.0 ms]
      [Ref Proc: 20.9 ms]
      [Ref Enq: 0.1 ms]
      [Redirty Cards: 0.1 ms]
      [Humongous Register: 0.0 ms]
      [Humongous Reclaim: 0.0 ms]
      [Free CSet: 0.1 ms]
   [Eden: 5712.0M(5712.0M)->0.0B(7152.0M) Survivors: 16384.0K->16384.0K Heap: 9402.6M(14336.0M)->3680.8M(14336.0M)]
 [Times: user=0.11 sys=0.00, real=0.04 secs] 
2022-09-14T02:46:27.030-0600: 359215.548: [GC pause (G1 Evacuation Pause) (young), 0.0424358 secs]
   [Parallel Time: 12.0 ms, GC Workers: 8]
      [GC Worker Start (ms): Min: 359215548.3, Avg: 359215554.3, Max: 359215560.0, Diff: 11.8]
      [Ext Root Scanning (ms): Min: 0.0, Avg: 0.8, Max: 2.9, Diff: 2.9, Sum: 6.4]
      [Update RS (ms): Min: 0.0, Avg: 2.6, Max: 5.4, Diff: 5.4, Sum: 21.1]
         [Processed Buffers: Min: 0, Avg: 13.9, Max: 41, Diff: 41, Sum: 111]
      [Scan RS (ms): Min: 0.0, Avg: 0.0, Max: 0.1, Diff: 0.1, Sum: 0.2]
      [Code Root Scanning (ms): Min: 0.0, Avg: 0.0, Max: 0.0, Diff: 0.0, Sum: 0.0]
      [Object Copy (ms): Min: 0.0, Avg: 1.0, Max: 2.2, Diff: 2.2, Sum: 8.2]
      [Termination (ms): Min: 0.0, Avg: 1.3, Max: 1.9, Diff: 1.9, Sum: 10.5]
         [Termination Attempts: Min: 1, Avg: 1.4, Max: 3, Diff: 2, Sum: 11]
      [GC Worker Other (ms): Min: 0.0, Avg: 0.0, Max: 0.0, Diff: 0.0, Sum: 0.1]
      [GC Worker Total (ms): Min: 0.0, Avg: 5.8, Max: 11.8, Diff: 11.8, Sum: 46.5]
      [GC Worker End (ms): Min: 359215560.1, Avg: 359215560.1, Max: 359215560.2, Diff: 0.1]
   [Code Root Fixup: 0.0 ms]
   [Code Root Purge: 0.0 ms]
   [Clear CT: 2.6 ms]
   [Other: 27.8 ms]
      [Choose CSet: 0.0 ms]
      [Ref Proc: 27.4 ms]
      [Ref Enq: 0.1 ms]
      [Redirty Cards: 0.1 ms]
      [Humongous Register: 0.0 ms]
      [Humongous Reclaim: 0.0 ms]
      [Free CSet: 0.1 ms]
   [Eden: 7152.0M(7152.0M)->0.0B(7152.0M) Survivors: 16384.0K->16384.0K Heap: 10832.8M(14336.0M)->3683.9M(14336.0M)]
 [Times: user=0.12 sys=0.00, real=0.05 secs] 
2022-09-14T02:47:57.125-0600: 359305.642: [GC pause (G1 Evacuation Pause) (young) (initial-mark), 0.0427316 secs]
   [Parallel Time: 19.4 ms, GC Workers: 8]
      [GC Worker Start (ms): Min: 359305643.6, Avg: 359305647.6, Max: 359305648.5, Diff: 4.9]
      [Ext Root Scanning (ms): Min: 1.4, Avg: 9.3, Max: 15.6, Diff: 14.2, Sum: 74.2]
      [Update RS (ms): Min: 0.0, Avg: 1.1, Max: 4.6, Diff: 4.6, Sum: 9.0]
         [Processed Buffers: Min: 0, Avg: 5.6, Max: 31, Diff: 31, Sum: 45]
      [Scan RS (ms): Min: 0.0, Avg: 0.0, Max: 0.1, Diff: 0.1, Sum: 0.2]
      [Code Root Scanning (ms): Min: 0.0, Avg: 0.0, Max: 0.0, Diff: 0.0, Sum: 0.0]
      [Object Copy (ms): Min: 0.0, Avg: 1.0, Max: 3.1, Diff: 3.1, Sum: 8.2]
      [Termination (ms): Min: 0.0, Avg: 2.6, Max: 4.3, Diff: 4.3, Sum: 20.5]
         [Termination Attempts: Min: 1, Avg: 1.9, Max: 6, Diff: 5, Sum: 15]
      [GC Worker Other (ms): Min: 0.0, Avg: 0.0, Max: 0.0, Diff: 0.0, Sum: 0.0]
      [GC Worker Total (ms): Min: 13.1, Avg: 14.0, Max: 18.0, Diff: 4.9, Sum: 112.1]
      [GC Worker End (ms): Min: 359305661.5, Avg: 359305661.6, Max: 359305661.7, Diff: 0.2]
   [Code Root Fixup: 0.0 ms]
   [Code Root Purge: 0.0 ms]
   [Clear CT: 0.8 ms]
   [Other: 22.5 ms]
      [Choose CSet: 0.0 ms]
      [Ref Proc: 22.0 ms]
      [Ref Enq: 0.2 ms]
      [Redirty Cards: 0.1 ms]
      [Humongous Register: 0.0 ms]
      [Humongous Reclaim: 0.0 ms]
      [Free CSet: 0.1 ms]
   [Eden: 7152.0M(7152.0M)->0.0B(7152.0M) Survivors: 16384.0K->16384.0K Heap: 10835.9M(14336.0M)->3687.1M(14336.0M)]
 [Times: user=0.14 sys=0.00, real=0.04 secs] 
2022-09-14T02:47:57.167-0600: 359305.685: [GC concurrent-root-region-scan-start]
2022-09-14T02:47:57.173-0600: 359305.691: [GC concurrent-root-region-scan-end, 0.0059883 secs]
2022-09-14T02:47:57.173-0600: 359305.691: [GC concurrent-mark-start]
2022-09-14T02:47:58.493-0600: 359307.011: [GC concurrent-mark-end, 1.3198525 secs]
2022-09-14T02:47:58.493-0600: 359307.011: [GC remark 2022-09-14T02:47:58.493-0600: 359307.011: [Finalize Marking, 0.0023378 secs] 2022-09-14T02:47:58.496-0600: 359307.013: [GC ref-proc, 0.0306325 secs] 2022-09-14T02:47:58.526-0600: 359307.044: [Unloading, 0.0261367 secs], 0.0629896 secs]
 [Times: user=0.27 sys=0.00, real=0.06 secs] 
2022-09-14T02:47:58.557-0600: 359307.074: [GC cleanup 3839M->3839M(14336M), 0.0115254 secs]
 [Times: user=0.02 sys=0.00, real=0.01 secs] 
2022-09-14T02:49:26.824-0600: 359395.342: [GC pause (G1 Evacuation Pause) (young), 0.0144986 secs]
   [Parallel Time: 4.7 ms, GC Workers: 8]
      [GC Worker Start (ms): Min: 359395342.2, Avg: 359395343.0, Max: 359395346.8, Diff: 4.6]
      [Ext Root Scanning (ms): Min: 0.0, Avg: 1.0, Max: 3.8, Diff: 3.8, Sum: 7.8]
      [Update RS (ms): Min: 0.0, Avg: 1.2, Max: 1.9, Diff: 1.9, Sum: 9.8]
         [Processed Buffers: Min: 0, Avg: 6.1, Max: 13, Diff: 13, Sum: 49]
      [Scan RS (ms): Min: 0.0, Avg: 0.0, Max: 0.1, Diff: 0.1, Sum: 0.3]
      [Code Root Scanning (ms): Min: 0.0, Avg: 0.0, Max: 0.0, Diff: 0.0, Sum: 0.0]
      [Object Copy (ms): Min: 0.0, Avg: 1.0, Max: 1.4, Diff: 1.4, Sum: 8.2]
      [Termination (ms): Min: 0.0, Avg: 0.6, Max: 0.7, Diff: 0.7, Sum: 4.6]
         [Termination Attempts: Min: 1, Avg: 16.8, Max: 26, Diff: 25, Sum: 134]
      [GC Worker Other (ms): Min: 0.0, Avg: 0.0, Max: 0.0, Diff: 0.0, Sum: 0.0]
      [GC Worker Total (ms): Min: 0.0, Avg: 3.8, Max: 4.6, Diff: 4.6, Sum: 30.7]
      [GC Worker End (ms): Min: 359395346.8, Avg: 359395346.8, Max: 359395346.8, Diff: 0.0]
   [Code Root Fixup: 0.0 ms]
   [Code Root Purge: 0.0 ms]
   [Clear CT: 0.5 ms]
   [Other: 9.4 ms]
      [Choose CSet: 0.0 ms]
      [Ref Proc: 9.0 ms]
      [Ref Enq: 0.1 ms]
      [Redirty Cards: 0.1 ms]
      [Humongous Register: 0.0 ms]
      [Humongous Reclaim: 0.0 ms]
      [Free CSet: 0.1 ms]
   [Eden: 7152.0M(7152.0M)->0.0B(5712.0M) Survivors: 16384.0K->16384.0K Heap: 10839.1M(14336.0M)->3686.1M(14336.0M)]
 [Times: user=0.06 sys=0.00, real=0.01 secs] 
2022-09-14T02:50:39.628-0600: 359468.145: [GC pause (G1 Evacuation Pause) (mixed), 0.0236448 secs]
   [Parallel Time: 9.8 ms, GC Workers: 8]
      [GC Worker Start (ms): Min: 359468145.4, Avg: 359468148.7, Max: 359468154.9, Diff: 9.6]
      [Ext Root Scanning (ms): Min: 0.0, Avg: 0.9, Max: 3.5, Diff: 3.5, Sum: 6.9]
      [Update RS (ms): Min: 0.0, Avg: 0.9, Max: 2.2, Diff: 2.2, Sum: 6.8]
         [Processed Buffers: Min: 0, Avg: 5.4, Max: 15, Diff: 15, Sum: 43]
      [Scan RS (ms): Min: 0.1, Avg: 1.7, Max: 5.6, Diff: 5.4, Sum: 13.9]
      [Code Root Scanning (ms): Min: 0.0, Avg: 0.0, Max: 0.0, Diff: 0.0, Sum: 0.0]
      [Object Copy (ms): Min: 0.0, Avg: 2.4, Max: 3.9, Diff: 3.9, Sum: 18.8]
      [Termination (ms): Min: 0.0, Avg: 0.6, Max: 0.8, Diff: 0.8, Sum: 4.8]
         [Termination Attempts: Min: 1, Avg: 13.6, Max: 29, Diff: 28, Sum: 109]
      [GC Worker Other (ms): Min: 0.0, Avg: 0.0, Max: 0.0, Diff: 0.0, Sum: 0.1]
      [GC Worker Total (ms): Min: 0.1, Avg: 6.4, Max: 9.8, Diff: 9.6, Sum: 51.3]
      [GC Worker End (ms): Min: 359468155.1, Avg: 359468155.1, Max: 359468155.2, Diff: 0.1]
   [Code Root Fixup: 0.0 ms]
   [Code Root Purge: 0.0 ms]
   [Clear CT: 0.5 ms]
   [Other: 13.3 ms]
      [Choose CSet: 0.0 ms]
      [Ref Proc: 12.9 ms]
      [Ref Enq: 0.1 ms]
      [Redirty Cards: 0.1 ms]
      [Humongous Register: 0.0 ms]
      [Humongous Reclaim: 0.0 ms]
      [Free CSet: 0.1 ms]
   [Eden: 5712.0M(5712.0M)->0.0B(7152.0M) Survivors: 16384.0K->16384.0K Heap: 9398.1M(14336.0M)->3677.3M(14336.0M)]
 [Times: user=0.09 sys=0.00, real=0.02 secs] 
2022-09-14T02:52:07.029-0600: 359555.547: [GC pause (G1 Evacuation Pause) (young), 0.0283740 secs]
   [Parallel Time: 9.5 ms, GC Workers: 8]
      [GC Worker Start (ms): Min: 359555546.7, Avg: 359555550.7, Max: 359555556.0, Diff: 9.4]
      [Ext Root Scanning (ms): Min: 0.0, Avg: 0.8, Max: 3.0, Diff: 3.0, Sum: 6.4]
      [Update RS (ms): Min: 0.0, Avg: 2.6, Max: 4.8, Diff: 4.8, Sum: 20.9]
         [Processed Buffers: Min: 0, Avg: 13.0, Max: 34, Diff: 34, Sum: 104]
      [Scan RS (ms): Min: 0.0, Avg: 0.0, Max: 0.1, Diff: 0.1, Sum: 0.2]
      [Code Root Scanning (ms): Min: 0.0, Avg: 0.0, Max: 0.0, Diff: 0.0, Sum: 0.0]
      [Object Copy (ms): Min: 0.0, Avg: 1.1, Max: 1.8, Diff: 1.8, Sum: 8.5]
      [Termination (ms): Min: 0.0, Avg: 0.9, Max: 1.2, Diff: 1.2, Sum: 7.0]
         [Termination Attempts: Min: 1, Avg: 1.1, Max: 2, Diff: 1, Sum: 9]
      [GC Worker Other (ms): Min: 0.0, Avg: 0.0, Max: 0.0, Diff: 0.0, Sum: 0.0]
      [GC Worker Total (ms): Min: 0.0, Avg: 5.4, Max: 9.4, Diff: 9.4, Sum: 43.1]
      [GC Worker End (ms): Min: 359555556.0, Avg: 359555556.1, Max: 359555556.1, Diff: 0.0]
   [Code Root Fixup: 0.0 ms]
   [Code Root Purge: 0.0 ms]
   [Clear CT: 0.9 ms]
   [Other: 18.0 ms]
      [Choose CSet: 0.0 ms]
      [Ref Proc: 17.5 ms]
      [Ref Enq: 0.1 ms]
      [Redirty Cards: 0.1 ms]
      [Humongous Register: 0.0 ms]
      [Humongous Reclaim: 0.0 ms]
      [Free CSet: 0.2 ms]
   [Eden: 7152.0M(7152.0M)->0.0B(7152.0M) Survivors: 16384.0K->16384.0K Heap: 10829.3M(14336.0M)->3681.9M(14336.0M)]
 [Times: user=0.11 sys=0.00, real=0.03 secs] 
2022-09-14T02:53:35.624-0600: 359644.142: [GC pause (G1 Evacuation Pause) (young) (initial-mark), 0.0546951 secs]
   [Parallel Time: 18.6 ms, GC Workers: 8]
      [GC Worker Start (ms): Min: 359644143.1, Avg: 359644145.5, Max: 359644146.4, Diff: 3.3]
      [Ext Root Scanning (ms): Min: 2.5, Avg: 5.6, Max: 9.4, Diff: 6.9, Sum: 44.8]
      [Update RS (ms): Min: 0.0, Avg: 1.2, Max: 2.1, Diff: 2.1, Sum: 9.9]
         [Processed Buffers: Min: 0, Avg: 6.1, Max: 20, Diff: 20, Sum: 49]
      [Scan RS (ms): Min: 0.0, Avg: 0.0, Max: 0.1, Diff: 0.1, Sum: 0.2]
      [Code Root Scanning (ms): Min: 0.0, Avg: 0.0, Max: 0.0, Diff: 0.0, Sum: 0.0]
      [Object Copy (ms): Min: 0.0, Avg: 1.2, Max: 2.1, Diff: 2.1, Sum: 9.3]
      [Termination (ms): Min: 0.0, Avg: 2.3, Max: 3.3, Diff: 3.3, Sum: 18.3]
         [Termination Attempts: Min: 1, Avg: 4.0, Max: 9, Diff: 8, Sum: 32]
      [GC Worker Other (ms): Min: 0.0, Avg: 0.0, Max: 0.0, Diff: 0.0, Sum: 0.1]
      [GC Worker Total (ms): Min: 9.5, Avg: 10.3, Max: 12.9, Diff: 3.4, Sum: 82.6]
      [GC Worker End (ms): Min: 359644155.8, Avg: 359644155.9, Max: 359644156.0, Diff: 0.1]
   [Code Root Fixup: 0.0 ms]
   [Code Root Purge: 0.0 ms]
   [Clear CT: 0.7 ms]
   [Other: 35.4 ms]
      [Choose CSet: 0.0 ms]
      [Ref Proc: 35.0 ms]
      [Ref Enq: 0.1 ms]
      [Redirty Cards: 0.1 ms]
      [Humongous Register: 0.0 ms]
      [Humongous Reclaim: 0.0 ms]
      [Free CSet: 0.1 ms]
   [Eden: 7152.0M(7152.0M)->0.0B(7152.0M) Survivors: 16384.0K->16384.0K Heap: 10833.9M(14336.0M)->3685.3M(14336.0M)]
 [Times: user=0.24 sys=0.00, real=0.05 secs] 
2022-09-14T02:53:35.679-0600: 359644.196: [GC concurrent-root-region-scan-start]
2022-09-14T02:53:35.685-0600: 359644.203: [GC concurrent-root-region-scan-end, 0.0062740 secs]
2022-09-14T02:53:35.685-0600: 359644.203: [GC concurrent-mark-start]
2022-09-14T02:53:36.993-0600: 359645.510: [GC concurrent-mark-end, 1.3077529 secs]
2022-09-14T02:53:36.993-0600: 359645.511: [GC remark 2022-09-14T02:53:36.993-0600: 359645.511: [Finalize Marking, 0.0029364 secs] 2022-09-14T02:53:36.996-0600: 359645.514: [GC ref-proc, 0.0245886 secs] 2022-09-14T02:53:37.020-0600: 359645.538: [Unloading, 0.0278448 secs], 0.0605870 secs]
 [Times: user=0.26 sys=0.00, real=0.06 secs] 
2022-09-14T02:53:37.054-0600: 359645.571: [GC cleanup 3818M->3818M(14336M), 0.0092194 secs]
 [Times: user=0.02 sys=0.00, real=0.01 secs] 
2022-09-14T02:55:04.627-0600: 359733.144: [GC pause (G1 Evacuation Pause) (young), 0.0240868 secs]
   [Parallel Time: 5.3 ms, GC Workers: 8]
      [GC Worker Start (ms): Min: 359733144.4, Avg: 359733145.7, Max: 359733149.5, Diff: 5.1]
      [Ext Root Scanning (ms): Min: 0.0, Avg: 0.9, Max: 3.4, Diff: 3.4, Sum: 6.8]
      [Update RS (ms): Min: 0.0, Avg: 1.3, Max: 2.2, Diff: 2.2, Sum: 10.5]
         [Processed Buffers: Min: 0, Avg: 6.9, Max: 18, Diff: 18, Sum: 55]
      [Scan RS (ms): Min: 0.0, Avg: 0.0, Max: 0.1, Diff: 0.1, Sum: 0.3]
      [Code Root Scanning (ms): Min: 0.0, Avg: 0.0, Max: 0.0, Diff: 0.0, Sum: 0.0]
      [Object Copy (ms): Min: 0.0, Avg: 1.0, Max: 1.3, Diff: 1.3, Sum: 8.3]
      [Termination (ms): Min: 0.0, Avg: 0.5, Max: 0.6, Diff: 0.6, Sum: 4.4]
         [Termination Attempts: Min: 1, Avg: 8.2, Max: 16, Diff: 15, Sum: 66]
      [GC Worker Other (ms): Min: 0.0, Avg: 0.0, Max: 0.0, Diff: 0.0, Sum: 0.0]
      [GC Worker Total (ms): Min: 0.0, Avg: 3.8, Max: 5.2, Diff: 5.2, Sum: 30.3]
      [GC Worker End (ms): Min: 359733149.5, Avg: 359733149.5, Max: 359733149.5, Diff: 0.0]
   [Code Root Fixup: 0.0 ms]
   [Code Root Purge: 0.0 ms]
   [Clear CT: 0.7 ms]
   [Other: 18.1 ms]
      [Choose CSet: 0.0 ms]
      [Ref Proc: 17.7 ms]
      [Ref Enq: 0.1 ms]
      [Redirty Cards: 0.1 ms]
      [Humongous Register: 0.0 ms]
      [Humongous Reclaim: 0.0 ms]
      [Free CSet: 0.1 ms]
   [Eden: 7152.0M(7152.0M)->0.0B(5712.0M) Survivors: 16384.0K->16384.0K Heap: 10837.3M(14336.0M)->3685.7M(14336.0M)]
 [Times: user=0.09 sys=0.00, real=0.02 secs] 
2022-09-14T02:56:15.227-0600: 359803.744: [GC pause (G1 Evacuation Pause) (mixed), 0.0339744 secs]
   [Parallel Time: 10.5 ms, GC Workers: 8]
      [GC Worker Start (ms): Min: 359803744.4, Avg: 359803748.5, Max: 359803754.9, Diff: 10.4]
      [Ext Root Scanning (ms): Min: 0.0, Avg: 0.9, Max: 3.7, Diff: 3.7, Sum: 7.1]
      [Update RS (ms): Min: 0.0, Avg: 1.0, Max: 2.2, Diff: 2.2, Sum: 7.8]
         [Processed Buffers: Min: 0, Avg: 6.0, Max: 16, Diff: 16, Sum: 48]
      [Scan RS (ms): Min: 0.0, Avg: 1.0, Max: 1.7, Diff: 1.7, Sum: 7.8]
      [Code Root Scanning (ms): Min: 0.0, Avg: 0.0, Max: 0.0, Diff: 0.0, Sum: 0.0]
      [Object Copy (ms): Min: 0.0, Avg: 2.6, Max: 4.3, Diff: 4.3, Sum: 21.1]
      [Termination (ms): Min: 0.0, Avg: 0.9, Max: 1.2, Diff: 1.2, Sum: 7.4]
         [Termination Attempts: Min: 1, Avg: 5.1, Max: 11, Diff: 10, Sum: 41]
      [GC Worker Other (ms): Min: 0.0, Avg: 0.0, Max: 0.0, Diff: 0.0, Sum: 0.1]
      [GC Worker Total (ms): Min: 0.0, Avg: 6.4, Max: 10.5, Diff: 10.5, Sum: 51.2]
      [GC Worker End (ms): Min: 359803754.9, Avg: 359803754.9, Max: 359803754.9, Diff: 0.0]
   [Code Root Fixup: 0.0 ms]
   [Code Root Purge: 0.0 ms]
   [Clear CT: 0.6 ms]
   [Other: 22.8 ms]
      [Choose CSet: 0.0 ms]
      [Ref Proc: 22.4 ms]
      [Ref Enq: 0.1 ms]
      [Redirty Cards: 0.1 ms]
      [Humongous Register: 0.0 ms]
      [Humongous Reclaim: 0.0 ms]
      [Free CSet: 0.1 ms]
   [Eden: 5712.0M(5712.0M)->0.0B(7152.0M) Survivors: 16384.0K->16384.0K Heap: 9397.7M(14336.0M)->3679.6M(14336.0M)]
 [Times: user=0.13 sys=0.00, real=0.04 secs] 
2022-09-14T02:57:45.024-0600: 359893.541: [GC pause (G1 Evacuation Pause) (young), 0.0262048 secs]
   [Parallel Time: 9.3 ms, GC Workers: 8]
      [GC Worker Start (ms): Min: 359893541.5, Avg: 359893543.4, Max: 359893546.3, Diff: 4.8]
      [Ext Root Scanning (ms): Min: 0.0, Avg: 0.9, Max: 3.1, Diff: 3.1, Sum: 7.4]
      [Update RS (ms): Min: 1.8, Avg: 4.3, Max: 7.7, Diff: 5.8, Sum: 34.7]
         [Processed Buffers: Min: 7, Avg: 16.2, Max: 25, Diff: 18, Sum: 130]
      [Scan RS (ms): Min: 0.0, Avg: 0.0, Max: 0.1, Diff: 0.1, Sum: 0.2]
      [Code Root Scanning (ms): Min: 0.0, Avg: 0.0, Max: 0.0, Diff: 0.0, Sum: 0.0]
      [Object Copy (ms): Min: 0.1, Avg: 1.1, Max: 1.6, Diff: 1.5, Sum: 9.0]
      [Termination (ms): Min: 0.0, Avg: 0.8, Max: 1.0, Diff: 1.0, Sum: 6.3]
         [Termination Attempts: Min: 1, Avg: 15.4, Max: 26, Diff: 25, Sum: 123]
      [GC Worker Other (ms): Min: 0.0, Avg: 0.0, Max: 0.0, Diff: 0.0, Sum: 0.0]
      [GC Worker Total (ms): Min: 4.3, Avg: 7.2, Max: 9.2, Diff: 4.9, Sum: 57.7]
      [GC Worker End (ms): Min: 359893550.6, Avg: 359893550.6, Max: 359893550.7, Diff: 0.1]
   [Code Root Fixup: 0.0 ms]
   [Code Root Purge: 0.0 ms]
   [Clear CT: 0.5 ms]
   [Other: 16.5 ms]
      [Choose CSet: 0.0 ms]
      [Ref Proc: 16.0 ms]
      [Ref Enq: 0.1 ms]
      [Redirty Cards: 0.1 ms]
      [Humongous Register: 0.0 ms]
      [Humongous Reclaim: 0.0 ms]
      [Free CSet: 0.2 ms]
   [Eden: 7152.0M(7152.0M)->0.0B(7152.0M) Survivors: 16384.0K->16384.0K Heap: 10831.6M(14336.0M)->3687.5M(14336.0M)]
 [Times: user=0.10 sys=0.00, real=0.02 secs] 
2022-09-14T02:59:13.567-0600: 359982.084: [GC pause (G1 Evacuation Pause) (young) (initial-mark), 0.0343615 secs]
   [Parallel Time: 11.9 ms, GC Workers: 8]
      [GC Worker Start (ms): Min: 359982085.6, Avg: 359982087.4, Max: 359982088.3, Diff: 2.7]
      [Ext Root Scanning (ms): Min: 2.4, Avg: 5.4, Max: 7.9, Diff: 5.4, Sum: 43.1]
      [Update RS (ms): Min: 0.0, Avg: 1.2, Max: 2.1, Diff: 2.1, Sum: 9.9]
         [Processed Buffers: Min: 0, Avg: 6.4, Max: 14, Diff: 14, Sum: 51]
      [Scan RS (ms): Min: 0.0, Avg: 0.0, Max: 0.1, Diff: 0.1, Sum: 0.3]
      [Code Root Scanning (ms): Min: 0.0, Avg: 0.0, Max: 0.0, Diff: 0.0, Sum: 0.0]
      [Object Copy (ms): Min: 0.0, Avg: 0.9, Max: 1.5, Diff: 1.5, Sum: 6.9]
      [Termination (ms): Min: 0.0, Avg: 1.3, Max: 2.0, Diff: 2.0, Sum: 10.1]
         [Termination Attempts: Min: 1, Avg: 3.2, Max: 9, Diff: 8, Sum: 26]
      [GC Worker Other (ms): Min: 0.0, Avg: 0.0, Max: 0.0, Diff: 0.0, Sum: 0.1]
      [GC Worker Total (ms): Min: 7.9, Avg: 8.8, Max: 10.6, Diff: 2.7, Sum: 70.3]
      [GC Worker End (ms): Min: 359982096.1, Avg: 359982096.2, Max: 359982096.2, Diff: 0.0]
   [Code Root Fixup: 0.0 ms]
   [Code Root Purge: 0.0 ms]
   [Clear CT: 0.9 ms]
   [Other: 21.6 ms]
      [Choose CSet: 0.0 ms]
      [Ref Proc: 21.2 ms]
      [Ref Enq: 0.1 ms]
      [Redirty Cards: 0.1 ms]
      [Humongous Register: 0.0 ms]
      [Humongous Reclaim: 0.0 ms]
      [Free CSet: 0.1 ms]
   [Eden: 7152.0M(7152.0M)->0.0B(7152.0M) Survivors: 16384.0K->16384.0K Heap: 10839.5M(14336.0M)->3686.1M(14336.0M)]
 [Times: user=0.12 sys=0.00, real=0.04 secs] 
2022-09-14T02:59:13.601-0600: 359982.119: [GC concurrent-root-region-scan-start]
2022-09-14T02:59:13.607-0600: 359982.125: [GC concurrent-root-region-scan-end, 0.0061668 secs]
2022-09-14T02:59:13.607-0600: 359982.125: [GC concurrent-mark-start]
2022-09-14T02:59:14.927-0600: 359983.444: [GC concurrent-mark-end, 1.3195610 secs]
2022-09-14T02:59:14.927-0600: 359983.445: [GC remark 2022-09-14T02:59:14.927-0600: 359983.445: [Finalize Marking, 0.0018195 secs] 2022-09-14T02:59:14.929-0600: 359983.446: [GC ref-proc, 0.0222771 secs] 2022-09-14T02:59:14.951-0600: 359983.469: [Unloading, 0.0259976 secs], 0.0586562 secs]
 [Times: user=0.26 sys=0.00, real=0.06 secs] 
2022-09-14T02:59:14.986-0600: 359983.504: [GC cleanup 3798M->3798M(14336M), 0.0089468 secs]
 [Times: user=0.03 sys=0.00, real=0.01 secs] 
2022-09-14T03:00:40.774-0600: 360069.292: [GC pause (G1 Evacuation Pause) (young), 0.0257393 secs]
   [Parallel Time: 7.9 ms, GC Workers: 8]
      [GC Worker Start (ms): Min: 360069292.1, Avg: 360069297.1, Max: 360069299.8, Diff: 7.7]
      [Ext Root Scanning (ms): Min: 0.0, Avg: 0.8, Max: 3.0, Diff: 3.0, Sum: 6.1]
      [Update RS (ms): Min: 0.0, Avg: 0.9, Max: 2.4, Diff: 2.4, Sum: 6.8]
         [Processed Buffers: Min: 0, Avg: 5.9, Max: 28, Diff: 28, Sum: 47]
      [Scan RS (ms): Min: 0.0, Avg: 0.0, Max: 0.1, Diff: 0.1, Sum: 0.2]
      [Code Root Scanning (ms): Min: 0.0, Avg: 0.0, Max: 0.0, Diff: 0.0, Sum: 0.0]
      [Object Copy (ms): Min: 0.0, Avg: 0.8, Max: 1.8, Diff: 1.8, Sum: 6.1]
      [Termination (ms): Min: 0.0, Avg: 0.4, Max: 0.8, Diff: 0.8, Sum: 3.1]
         [Termination Attempts: Min: 1, Avg: 2.5, Max: 7, Diff: 6, Sum: 20]
      [GC Worker Other (ms): Min: 0.0, Avg: 0.0, Max: 0.0, Diff: 0.0, Sum: 0.0]
      [GC Worker Total (ms): Min: 0.0, Avg: 2.8, Max: 7.8, Diff: 7.8, Sum: 22.3]
      [GC Worker End (ms): Min: 360069299.9, Avg: 360069299.9, Max: 360069300.0, Diff: 0.1]
   [Code Root Fixup: 0.0 ms]
   [Code Root Purge: 0.0 ms]
   [Clear CT: 0.7 ms]
   [Other: 17.1 ms]
      [Choose CSet: 0.0 ms]
      [Ref Proc: 16.8 ms]
      [Ref Enq: 0.1 ms]
      [Redirty Cards: 0.1 ms]
      [Humongous Register: 0.0 ms]
      [Humongous Reclaim: 0.0 ms]
      [Free CSet: 0.1 ms]
   [Eden: 7152.0M(7152.0M)->0.0B(5712.0M) Survivors: 16384.0K->16384.0K Heap: 10838.1M(14336.0M)->3686.3M(14336.0M)]
 [Times: user=0.09 sys=0.00, real=0.02 secs] 
2022-09-14T03:01:50.674-0600: 360139.192: [GC pause (G1 Evacuation Pause) (mixed), 0.0401603 secs]
   [Parallel Time: 12.9 ms, GC Workers: 8]
      [GC Worker Start (ms): Min: 360139192.2, Avg: 360139196.8, Max: 360139203.7, Diff: 11.5]
      [Ext Root Scanning (ms): Min: 0.0, Avg: 0.9, Max: 3.6, Diff: 3.5, Sum: 7.0]
      [Update RS (ms): Min: 0.0, Avg: 0.9, Max: 2.2, Diff: 2.2, Sum: 7.2]
         [Processed Buffers: Min: 0, Avg: 6.2, Max: 19, Diff: 19, Sum: 50]
      [Scan RS (ms): Min: 0.0, Avg: 0.8, Max: 1.7, Diff: 1.7, Sum: 6.4]
      [Code Root Scanning (ms): Min: 0.0, Avg: 0.0, Max: 0.0, Diff: 0.0, Sum: 0.0]
      [Object Copy (ms): Min: 0.0, Avg: 4.5, Max: 6.7, Diff: 6.7, Sum: 35.9]
      [Termination (ms): Min: 0.0, Avg: 1.0, Max: 1.2, Diff: 1.2, Sum: 8.1]
         [Termination Attempts: Min: 1, Avg: 34.2, Max: 58, Diff: 57, Sum: 274]
      [GC Worker Other (ms): Min: 0.0, Avg: 0.0, Max: 0.0, Diff: 0.0, Sum: 0.1]
      [GC Worker Total (ms): Min: 1.2, Avg: 8.1, Max: 12.7, Diff: 11.5, Sum: 64.7]
      [GC Worker End (ms): Min: 360139204.8, Avg: 360139204.9, Max: 360139204.9, Diff: 0.1]
   [Code Root Fixup: 0.0 ms]
   [Code Root Purge: 0.0 ms]
   [Clear CT: 0.7 ms]
   [Other: 26.6 ms]
      [Choose CSet: 0.0 ms]
      [Ref Proc: 26.1 ms]
      [Ref Enq: 0.1 ms]
      [Redirty Cards: 0.1 ms]
      [Humongous Register: 0.0 ms]
      [Humongous Reclaim: 0.0 ms]
      [Free CSet: 0.1 ms]
   [Eden: 5712.0M(5712.0M)->0.0B(7152.0M) Survivors: 16384.0K->16384.0K Heap: 9398.3M(14336.0M)->3681.9M(14336.0M)]
 [Times: user=0.14 sys=0.00, real=0.04 secs] 
2022-09-14T03:03:20.677-0600: 360229.195: [GC pause (G1 Evacuation Pause) (young), 0.0294384 secs]
   [Parallel Time: 8.8 ms, GC Workers: 8]
      [GC Worker Start (ms): Min: 360229194.9, Avg: 360229196.9, Max: 360229200.0, Diff: 5.1]
      [Ext Root Scanning (ms): Min: 0.0, Avg: 0.8, Max: 2.9, Diff: 2.9, Sum: 6.2]
      [Update RS (ms): Min: 2.5, Avg: 4.2, Max: 5.3, Diff: 2.8, Sum: 33.3]
         [Processed Buffers: Min: 3, Avg: 16.0, Max: 34, Diff: 31, Sum: 128]
      [Scan RS (ms): Min: 0.0, Avg: 0.0, Max: 0.1, Diff: 0.1, Sum: 0.2]
      [Code Root Scanning (ms): Min: 0.0, Avg: 0.0, Max: 0.0, Diff: 0.0, Sum: 0.0]
      [Object Copy (ms): Min: 0.0, Avg: 1.0, Max: 1.6, Diff: 1.6, Sum: 8.3]
      [Termination (ms): Min: 0.0, Avg: 0.8, Max: 0.9, Diff: 0.9, Sum: 6.1]
         [Termination Attempts: Min: 1, Avg: 5.9, Max: 8, Diff: 7, Sum: 47]
      [GC Worker Other (ms): Min: 0.0, Avg: 0.0, Max: 0.0, Diff: 0.0, Sum: 0.1]
      [GC Worker Total (ms): Min: 3.7, Avg: 6.8, Max: 8.8, Diff: 5.1, Sum: 54.1]
      [GC Worker End (ms): Min: 360229203.7, Avg: 360229203.7, Max: 360229203.7, Diff: 0.0]
   [Code Root Fixup: 0.0 ms]
   [Code Root Purge: 0.0 ms]
   [Clear CT: 1.0 ms]
   [Other: 19.6 ms]
      [Choose CSet: 0.0 ms]
      [Ref Proc: 19.1 ms]
      [Ref Enq: 0.1 ms]
      [Redirty Cards: 0.1 ms]
      [Humongous Register: 0.0 ms]
      [Humongous Reclaim: 0.0 ms]
      [Free CSet: 0.2 ms]
   [Eden: 7152.0M(7152.0M)->0.0B(7152.0M) Survivors: 16384.0K->16384.0K Heap: 10833.9M(14336.0M)->3686.4M(14336.0M)]
 [Times: user=0.11 sys=0.00, real=0.03 secs] 
2022-09-14T03:04:51.924-0600: 360320.442: [GC pause (G1 Evacuation Pause) (young) (initial-mark), 0.0379468 secs]
   [Parallel Time: 16.2 ms, GC Workers: 8]
      [GC Worker Start (ms): Min: 360320443.6, Avg: 360320447.0, Max: 360320448.0, Diff: 4.4]
      [Ext Root Scanning (ms): Min: 2.4, Avg: 6.6, Max: 10.2, Diff: 7.8, Sum: 53.2]
      [Update RS (ms): Min: 0.0, Avg: 1.1, Max: 2.3, Diff: 2.3, Sum: 8.5]
         [Processed Buffers: Min: 0, Avg: 6.2, Max: 19, Diff: 19, Sum: 50]
      [Scan RS (ms): Min: 0.0, Avg: 0.0, Max: 0.1, Diff: 0.1, Sum: 0.2]
      [Code Root Scanning (ms): Min: 0.0, Avg: 0.0, Max: 0.0, Diff: 0.0, Sum: 0.0]
      [Object Copy (ms): Min: 0.0, Avg: 0.8, Max: 1.7, Diff: 1.7, Sum: 6.4]
      [Termination (ms): Min: 0.0, Avg: 2.7, Max: 4.4, Diff: 4.4, Sum: 21.4]
         [Termination Attempts: Min: 1, Avg: 1.0, Max: 1, Diff: 0, Sum: 8]
      [GC Worker Other (ms): Min: 0.0, Avg: 0.0, Max: 0.0, Diff: 0.0, Sum: 0.1]
      [GC Worker Total (ms): Min: 10.2, Avg: 11.2, Max: 14.6, Diff: 4.4, Sum: 89.8]
      [GC Worker End (ms): Min: 360320458.2, Avg: 360320458.2, Max: 360320458.4, Diff: 0.2]
   [Code Root Fixup: 0.0 ms]
   [Code Root Purge: 0.0 ms]
   [Clear CT: 0.8 ms]
   [Other: 20.9 ms]
      [Choose CSet: 0.0 ms]
      [Ref Proc: 20.5 ms]
      [Ref Enq: 0.1 ms]
      [Redirty Cards: 0.1 ms]
      [Humongous Register: 0.0 ms]
      [Humongous Reclaim: 0.0 ms]
      [Free CSet: 0.1 ms]
   [Eden: 7152.0M(7152.0M)->0.0B(7152.0M) Survivors: 16384.0K->16384.0K Heap: 10838.4M(14336.0M)->3686.7M(14336.0M)]
 [Times: user=0.13 sys=0.00, real=0.04 secs] 
2022-09-14T03:04:51.963-0600: 360320.480: [GC concurrent-root-region-scan-start]
2022-09-14T03:04:51.968-0600: 360320.486: [GC concurrent-root-region-scan-end, 0.0058486 secs]
2022-09-14T03:04:51.968-0600: 360320.486: [GC concurrent-mark-start]
2022-09-14T03:04:53.274-0600: 360321.792: [GC concurrent-mark-end, 1.3061359 secs]
2022-09-14T03:04:53.275-0600: 360321.792: [GC remark 2022-09-14T03:04:53.275-0600: 360321.792: [Finalize Marking, 0.0030304 secs] 2022-09-14T03:04:53.278-0600: 360321.796: [GC ref-proc, 0.0424688 secs] 2022-09-14T03:04:53.320-0600: 360321.838: [Unloading, 0.0264742 secs], 0.0760816 secs]
 [Times: user=0.30 sys=0.00, real=0.07 secs] 
2022-09-14T03:04:53.351-0600: 360321.869: [GC cleanup 3814M->3814M(14336M), 0.0065308 secs]
 [Times: user=0.03 sys=0.00, real=0.01 secs] 
2022-09-14T03:06:20.375-0600: 360408.892: [GC pause (G1 Evacuation Pause) (young), 0.0308234 secs]
   [Parallel Time: 6.7 ms, GC Workers: 8]
      [GC Worker Start (ms): Min: 360408892.5, Avg: 360408895.5, Max: 360408898.9, Diff: 6.4]
      [Ext Root Scanning (ms): Min: 0.0, Avg: 0.8, Max: 2.9, Diff: 2.9, Sum: 6.6]
      [Update RS (ms): Min: 0.0, Avg: 1.0, Max: 1.9, Diff: 1.9, Sum: 8.0]
         [Processed Buffers: Min: 0, Avg: 5.8, Max: 16, Diff: 16, Sum: 46]
      [Scan RS (ms): Min: 0.0, Avg: 0.0, Max: 0.1, Diff: 0.1, Sum: 0.2]
      [Code Root Scanning (ms): Min: 0.0, Avg: 0.0, Max: 0.0, Diff: 0.0, Sum: 0.0]
      [Object Copy (ms): Min: 0.0, Avg: 0.9, Max: 1.5, Diff: 1.5, Sum: 7.5]
      [Termination (ms): Min: 0.0, Avg: 0.7, Max: 1.0, Diff: 1.0, Sum: 5.9]
         [Termination Attempts: Min: 1, Avg: 3.5, Max: 9, Diff: 8, Sum: 28]
      [GC Worker Other (ms): Min: 0.0, Avg: 0.0, Max: 0.0, Diff: 0.0, Sum: 0.0]
      [GC Worker Total (ms): Min: 0.0, Avg: 3.5, Max: 6.5, Diff: 6.5, Sum: 28.2]
      [GC Worker End (ms): Min: 360408898.9, Avg: 360408899.0, Max: 360408899.1, Diff: 0.2]
   [Code Root Fixup: 0.0 ms]
   [Code Root Purge: 0.0 ms]
   [Clear CT: 0.7 ms]
   [Other: 23.4 ms]
      [Choose CSet: 0.0 ms]
      [Ref Proc: 23.0 ms]
      [Ref Enq: 0.1 ms]
      [Redirty Cards: 0.1 ms]
      [Humongous Register: 0.0 ms]
      [Humongous Reclaim: 0.0 ms]
      [Free CSet: 0.1 ms]
   [Eden: 7152.0M(7152.0M)->0.0B(5712.0M) Survivors: 16384.0K->16384.0K Heap: 10838.7M(14336.0M)->3687.6M(14336.0M)]
 [Times: user=0.12 sys=0.00, real=0.03 secs] 
2022-09-14T03:07:32.531-0600: 360481.049: [GC pause (G1 Evacuation Pause) (mixed), 0.0437785 secs]
   [Parallel Time: 9.6 ms, GC Workers: 8]
      [GC Worker Start (ms): Min: 360481048.9, Avg: 360481053.4, Max: 360481058.3, Diff: 9.4]
      [Ext Root Scanning (ms): Min: 0.0, Avg: 0.8, Max: 3.3, Diff: 3.3, Sum: 6.7]
      [Update RS (ms): Min: 0.0, Avg: 0.9, Max: 2.1, Diff: 2.1, Sum: 7.1]
         [Processed Buffers: Min: 0, Avg: 6.2, Max: 22, Diff: 22, Sum: 50]
      [Scan RS (ms): Min: 0.0, Avg: 0.8, Max: 1.6, Diff: 1.5, Sum: 6.3]
      [Code Root Scanning (ms): Min: 0.0, Avg: 0.0, Max: 0.0, Diff: 0.0, Sum: 0.0]
      [Object Copy (ms): Min: 0.0, Avg: 2.2, Max: 3.6, Diff: 3.6, Sum: 17.4]
      [Termination (ms): Min: 0.0, Avg: 0.4, Max: 0.6, Diff: 0.6, Sum: 2.9]
         [Termination Attempts: Min: 1, Avg: 6.0, Max: 19, Diff: 18, Sum: 48]
      [GC Worker Other (ms): Min: 0.0, Avg: 0.0, Max: 0.0, Diff: 0.0, Sum: 0.0]
      [GC Worker Total (ms): Min: 0.0, Avg: 5.1, Max: 9.5, Diff: 9.5, Sum: 40.5]
      [GC Worker End (ms): Min: 360481058.4, Avg: 360481058.4, Max: 360481058.5, Diff: 0.1]
   [Code Root Fixup: 0.0 ms]
   [Code Root Purge: 0.0 ms]
   [Clear CT: 0.9 ms]
   [Other: 33.2 ms]
      [Choose CSet: 0.0 ms]
      [Ref Proc: 32.8 ms]
      [Ref Enq: 0.1 ms]
      [Redirty Cards: 0.1 ms]
      [Humongous Register: 0.0 ms]
      [Humongous Reclaim: 0.0 ms]
      [Free CSet: 0.1 ms]
   [Eden: 5712.0M(5712.0M)->0.0B(7152.0M) Survivors: 16384.0K->16384.0K Heap: 9399.6M(14336.0M)->3681.3M(14336.0M)]
 [Times: user=0.17 sys=0.00, real=0.05 secs] 
2022-09-14T03:09:02.724-0600: 360571.242: [GC pause (G1 Evacuation Pause) (young), 0.0343084 secs]
   [Parallel Time: 10.8 ms, GC Workers: 8]
      [GC Worker Start (ms): Min: 360571242.0, Avg: 360571246.1, Max: 360571252.7, Diff: 10.7]
      [Ext Root Scanning (ms): Min: 0.0, Avg: 0.8, Max: 3.1, Diff: 3.1, Sum: 6.4]
      [Update RS (ms): Min: 0.0, Avg: 4.1, Max: 6.7, Diff: 6.7, Sum: 32.5]
         [Processed Buffers: Min: 0, Avg: 14.4, Max: 28, Diff: 28, Sum: 115]
      [Scan RS (ms): Min: 0.0, Avg: 0.0, Max: 0.1, Diff: 0.1, Sum: 0.3]
      [Code Root Scanning (ms): Min: 0.0, Avg: 0.0, Max: 0.0, Diff: 0.0, Sum: 0.0]
      [Object Copy (ms): Min: 0.0, Avg: 1.2, Max: 1.6, Diff: 1.6, Sum: 9.5]
      [Termination (ms): Min: 0.0, Avg: 0.5, Max: 0.6, Diff: 0.6, Sum: 4.4]
         [Termination Attempts: Min: 1, Avg: 7.8, Max: 12, Diff: 11, Sum: 62]
      [GC Worker Other (ms): Min: 0.0, Avg: 0.0, Max: 0.0, Diff: 0.0, Sum: 0.1]
      [GC Worker Total (ms): Min: 0.0, Avg: 6.6, Max: 10.7, Diff: 10.7, Sum: 53.1]
      [GC Worker End (ms): Min: 360571252.7, Avg: 360571252.7, Max: 360571252.7, Diff: 0.0]
   [Code Root Fixup: 0.0 ms]
   [Code Root Purge: 0.0 ms]
   [Clear CT: 0.8 ms]
   [Other: 22.8 ms]
      [Choose CSet: 0.0 ms]
      [Ref Proc: 22.4 ms]
      [Ref Enq: 0.1 ms]
      [Redirty Cards: 0.1 ms]
      [Humongous Register: 0.0 ms]
      [Humongous Reclaim: 0.0 ms]
      [Free CSet: 0.1 ms]
   [Eden: 7152.0M(7152.0M)->0.0B(7152.0M) Survivors: 16384.0K->16384.0K Heap: 10833.3M(14336.0M)->3686.3M(14336.0M)]
 [Times: user=0.13 sys=0.00, real=0.03 secs] 
2022-09-14T03:10:31.775-0600: 360660.293: [GC pause (G1 Evacuation Pause) (young) (initial-mark), 0.0343204 secs]
   [Parallel Time: 12.7 ms, GC Workers: 8]
      [GC Worker Start (ms): Min: 360660293.9, Avg: 360660295.7, Max: 360660296.6, Diff: 2.7]
      [Ext Root Scanning (ms): Min: 2.0, Avg: 5.9, Max: 8.6, Diff: 6.6, Sum: 47.6]
      [Update RS (ms): Min: 0.0, Avg: 1.0, Max: 2.6, Diff: 2.6, Sum: 8.3]
         [Processed Buffers: Min: 0, Avg: 5.8, Max: 21, Diff: 21, Sum: 46]
      [Scan RS (ms): Min: 0.0, Avg: 0.0, Max: 0.1, Diff: 0.1, Sum: 0.2]
      [Code Root Scanning (ms): Min: 0.0, Avg: 0.0, Max: 0.0, Diff: 0.0, Sum: 0.0]
      [Object Copy (ms): Min: 0.0, Avg: 0.9, Max: 1.7, Diff: 1.7, Sum: 6.9]
      [Termination (ms): Min: 0.0, Avg: 1.7, Max: 2.5, Diff: 2.5, Sum: 13.7]
         [Termination Attempts: Min: 1, Avg: 1.5, Max: 3, Diff: 2, Sum: 12]
      [GC Worker Other (ms): Min: 0.0, Avg: 0.0, Max: 0.0, Diff: 0.0, Sum: 0.0]
      [GC Worker Total (ms): Min: 8.6, Avg: 9.6, Max: 11.4, Diff: 2.8, Sum: 76.7]
      [GC Worker End (ms): Min: 360660305.2, Avg: 360660305.2, Max: 360660305.3, Diff: 0.1]
   [Code Root Fixup: 0.0 ms]
   [Code Root Purge: 0.0 ms]
   [Clear CT: 6.6 ms]
   [Other: 15.0 ms]
      [Choose CSet: 0.0 ms]
      [Ref Proc: 14.4 ms]
      [Ref Enq: 0.1 ms]
      [Redirty Cards: 0.1 ms]
      [Humongous Register: 0.0 ms]
      [Humongous Reclaim: 0.0 ms]
      [Free CSet: 0.2 ms]
   [Eden: 7152.0M(7152.0M)->0.0B(7152.0M) Survivors: 16384.0K->16384.0K Heap: 10838.3M(14336.0M)->3687.0M(14336.0M)]
 [Times: user=0.10 sys=0.00, real=0.03 secs] 
2022-09-14T03:10:31.809-0600: 360660.327: [GC concurrent-root-region-scan-start]
2022-09-14T03:10:31.816-0600: 360660.333: [GC concurrent-root-region-scan-end, 0.0063986 secs]
2022-09-14T03:10:31.816-0600: 360660.333: [GC concurrent-mark-start]
2022-09-14T03:10:33.121-0600: 360661.639: [GC concurrent-mark-end, 1.3054348 secs]
2022-09-14T03:10:33.121-0600: 360661.639: [GC remark 2022-09-14T03:10:33.121-0600: 360661.639: [Finalize Marking, 0.0026716 secs] 2022-09-14T03:10:33.124-0600: 360661.642: [GC ref-proc, 0.0369141 secs] 2022-09-14T03:10:33.161-0600: 360661.679: [Unloading, 0.0274635 secs], 0.0723594 secs]
 [Times: user=0.28 sys=0.00, real=0.07 secs] 
2022-09-14T03:10:33.194-0600: 360661.712: [GC cleanup 3839M->3839M(14336M), 0.0099690 secs]
 [Times: user=0.03 sys=0.00, real=0.01 secs] 
2022-09-14T03:12:01.164-0600: 360749.682: [GC pause (G1 Evacuation Pause) (young), 0.0239813 secs]
   [Parallel Time: 6.6 ms, GC Workers: 8]
      [GC Worker Start (ms): Min: 360749681.6, Avg: 360749684.3, Max: 360749688.1, Diff: 6.5]
      [Ext Root Scanning (ms): Min: 0.0, Avg: 0.8, Max: 3.2, Diff: 3.1, Sum: 6.4]
      [Update RS (ms): Min: 0.0, Avg: 1.0, Max: 2.7, Diff: 2.7, Sum: 8.2]
         [Processed Buffers: Min: 0, Avg: 6.1, Max: 16, Diff: 16, Sum: 49]
      [Scan RS (ms): Min: 0.0, Avg: 0.0, Max: 0.1, Diff: 0.1, Sum: 0.2]
      [Code Root Scanning (ms): Min: 0.0, Avg: 0.0, Max: 0.0, Diff: 0.0, Sum: 0.0]
      [Object Copy (ms): Min: 0.0, Avg: 1.5, Max: 2.4, Diff: 2.4, Sum: 12.3]
      [Termination (ms): Min: 0.0, Avg: 0.5, Max: 0.6, Diff: 0.6, Sum: 3.7]
         [Termination Attempts: Min: 1, Avg: 4.6, Max: 8, Diff: 7, Sum: 37]
      [GC Worker Other (ms): Min: 0.0, Avg: 0.0, Max: 0.0, Diff: 0.0, Sum: 0.0]
      [GC Worker Total (ms): Min: 0.0, Avg: 3.9, Max: 6.6, Diff: 6.5, Sum: 30.9]
      [GC Worker End (ms): Min: 360749688.2, Avg: 360749688.2, Max: 360749688.2, Diff: 0.0]
   [Code Root Fixup: 0.0 ms]
   [Code Root Purge: 0.0 ms]
   [Clear CT: 1.1 ms]
   [Other: 16.2 ms]
      [Choose CSet: 0.0 ms]
      [Ref Proc: 15.8 ms]
      [Ref Enq: 0.1 ms]
      [Redirty Cards: 0.1 ms]
      [Humongous Register: 0.0 ms]
      [Humongous Reclaim: 0.0 ms]
      [Free CSet: 0.1 ms]
   [Eden: 7152.0M(7152.0M)->0.0B(5712.0M) Survivors: 16384.0K->16384.0K Heap: 10839.0M(14336.0M)->3689.0M(14336.0M)]
 [Times: user=0.09 sys=0.00, real=0.02 secs] 
2022-09-14T03:13:12.856-0600: 360821.374: [GC pause (G1 Evacuation Pause) (mixed), 0.0301435 secs]
   [Parallel Time: 10.8 ms, GC Workers: 8]
      [GC Worker Start (ms): Min: 360821373.7, Avg: 360821377.8, Max: 360821384.2, Diff: 10.5]
      [Ext Root Scanning (ms): Min: 0.0, Avg: 1.4, Max: 4.0, Diff: 4.0, Sum: 11.0]
      [Update RS (ms): Min: 0.0, Avg: 0.9, Max: 2.2, Diff: 2.2, Sum: 7.2]
         [Processed Buffers: Min: 0, Avg: 5.9, Max: 20, Diff: 20, Sum: 47]
      [Scan RS (ms): Min: 0.0, Avg: 0.8, Max: 1.4, Diff: 1.4, Sum: 6.3]
      [Code Root Scanning (ms): Min: 0.0, Avg: 0.0, Max: 0.0, Diff: 0.0, Sum: 0.0]
      [Object Copy (ms): Min: 0.0, Avg: 2.4, Max: 4.0, Diff: 4.0, Sum: 19.6]
      [Termination (ms): Min: 0.0, Avg: 0.9, Max: 1.2, Diff: 1.2, Sum: 7.1]
         [Termination Attempts: Min: 1, Avg: 17.0, Max: 34, Diff: 33, Sum: 136]
      [GC Worker Other (ms): Min: 0.0, Avg: 0.0, Max: 0.0, Diff: 0.0, Sum: 0.1]
      [GC Worker Total (ms): Min: 0.0, Avg: 6.4, Max: 10.5, Diff: 10.5, Sum: 51.2]
      [GC Worker End (ms): Min: 360821384.2, Avg: 360821384.2, Max: 360821384.3, Diff: 0.1]
   [Code Root Fixup: 0.0 ms]
   [Code Root Purge: 0.0 ms]
   [Clear CT: 0.9 ms]
   [Other: 18.5 ms]
      [Choose CSet: 0.0 ms]
      [Ref Proc: 18.1 ms]
      [Ref Enq: 0.1 ms]
      [Redirty Cards: 0.1 ms]
      [Humongous Register: 0.0 ms]
      [Humongous Reclaim: 0.0 ms]
      [Free CSet: 0.1 ms]
   [Eden: 5712.0M(5712.0M)->0.0B(7152.0M) Survivors: 16384.0K->16384.0K Heap: 9401.0M(14336.0M)->3683.3M(14336.0M)]
 [Times: user=0.11 sys=0.00, real=0.03 secs] 
2022-09-14T03:14:44.475-0600: 360912.993: [GC pause (G1 Evacuation Pause) (young), 0.0301582 secs]
   [Parallel Time: 8.5 ms, GC Workers: 8]
      [GC Worker Start (ms): Min: 360912993.2, Avg: 360912994.9, Max: 360912998.3, Diff: 5.1]
      [Ext Root Scanning (ms): Min: 0.0, Avg: 0.9, Max: 3.1, Diff: 3.1, Sum: 7.2]
      [Update RS (ms): Min: 1.1, Avg: 4.0, Max: 6.4, Diff: 5.3, Sum: 31.9]
         [Processed Buffers: Min: 5, Avg: 15.2, Max: 21, Diff: 16, Sum: 122]
      [Scan RS (ms): Min: 0.0, Avg: 0.0, Max: 0.1, Diff: 0.1, Sum: 0.3]
      [Code Root Scanning (ms): Min: 0.0, Avg: 0.0, Max: 0.0, Diff: 0.0, Sum: 0.0]
      [Object Copy (ms): Min: 0.0, Avg: 1.1, Max: 1.4, Diff: 1.4, Sum: 8.5]
      [Termination (ms): Min: 0.0, Avg: 0.7, Max: 0.8, Diff: 0.8, Sum: 5.5]
         [Termination Attempts: Min: 1, Avg: 10.1, Max: 18, Diff: 17, Sum: 81]
      [GC Worker Other (ms): Min: 0.0, Avg: 0.0, Max: 0.1, Diff: 0.1, Sum: 0.3]
      [GC Worker Total (ms): Min: 3.2, Avg: 6.7, Max: 8.5, Diff: 5.3, Sum: 53.6]
      [GC Worker End (ms): Min: 360913001.5, Avg: 360913001.6, Max: 360913001.6, Diff: 0.1]
   [Code Root Fixup: 0.0 ms]
   [Code Root Purge: 0.0 ms]
   [Clear CT: 0.6 ms]
   [Other: 21.1 ms]
      [Choose CSet: 0.0 ms]
      [Ref Proc: 20.7 ms]
      [Ref Enq: 0.1 ms]
      [Redirty Cards: 0.1 ms]
      [Humongous Register: 0.0 ms]
      [Humongous Reclaim: 0.0 ms]
      [Free CSet: 0.1 ms]
   [Eden: 7152.0M(7152.0M)->0.0B(7152.0M) Survivors: 16384.0K->16384.0K Heap: 10835.3M(14336.0M)->3688.5M(14336.0M)]
 [Times: user=0.12 sys=0.00, real=0.03 secs] 
2022-09-14T03:16:14.157-0600: 361002.675: [GC pause (G1 Evacuation Pause) (young) (initial-mark), 0.0421491 secs]
   [Parallel Time: 18.1 ms, GC Workers: 8]
      [GC Worker Start (ms): Min: 361002679.5, Avg: 361002682.7, Max: 361002683.6, Diff: 4.0]
      [Ext Root Scanning (ms): Min: 2.4, Avg: 5.6, Max: 8.9, Diff: 6.5, Sum: 44.6]
      [Update RS (ms): Min: 0.0, Avg: 1.1, Max: 2.2, Diff: 2.2, Sum: 9.0]
         [Processed Buffers: Min: 0, Avg: 6.1, Max: 15, Diff: 15, Sum: 49]
      [Scan RS (ms): Min: 0.0, Avg: 0.0, Max: 0.1, Diff: 0.1, Sum: 0.2]
      [Code Root Scanning (ms): Min: 0.0, Avg: 0.0, Max: 0.0, Diff: 0.0, Sum: 0.0]
      [Object Copy (ms): Min: 0.0, Avg: 1.0, Max: 1.8, Diff: 1.8, Sum: 8.0]
      [Termination (ms): Min: 0.0, Avg: 2.0, Max: 2.9, Diff: 2.9, Sum: 16.4]
         [Termination Attempts: Min: 1, Avg: 8.8, Max: 19, Diff: 18, Sum: 70]
      [GC Worker Other (ms): Min: 0.0, Avg: 0.0, Max: 0.0, Diff: 0.0, Sum: 0.0]
      [GC Worker Total (ms): Min: 8.9, Avg: 9.8, Max: 13.0, Diff: 4.0, Sum: 78.4]
      [GC Worker End (ms): Min: 361002692.5, Avg: 361002692.5, Max: 361002692.7, Diff: 0.2]
   [Code Root Fixup: 0.0 ms]
   [Code Root Purge: 0.0 ms]
   [Clear CT: 0.5 ms]
   [Other: 23.5 ms]
      [Choose CSet: 0.0 ms]
      [Ref Proc: 23.1 ms]
      [Ref Enq: 0.1 ms]
      [Redirty Cards: 0.1 ms]
      [Humongous Register: 0.0 ms]
      [Humongous Reclaim: 0.0 ms]
      [Free CSet: 0.1 ms]
   [Eden: 7152.0M(7152.0M)->0.0B(7152.0M) Survivors: 16384.0K->16384.0K Heap: 10840.5M(14336.0M)->3689.9M(14336.0M)]
 [Times: user=0.12 sys=0.00, real=0.04 secs] 
2022-09-14T03:16:14.199-0600: 361002.717: [GC concurrent-root-region-scan-start]
2022-09-14T03:16:14.205-0600: 361002.723: [GC concurrent-root-region-scan-end, 0.0058910 secs]
2022-09-14T03:16:14.205-0600: 361002.723: [GC concurrent-mark-start]
2022-09-14T03:16:15.492-0600: 361004.010: [GC concurrent-mark-end, 1.2874618 secs]
2022-09-14T03:16:15.493-0600: 361004.010: [GC remark 2022-09-14T03:16:15.493-0600: 361004.010: [Finalize Marking, 0.0032817 secs] 2022-09-14T03:16:15.496-0600: 361004.014: [GC ref-proc, 0.0282421 secs] 2022-09-14T03:16:15.524-0600: 361004.042: [Unloading, 0.0286621 secs], 0.0650390 secs]
 [Times: user=0.26 sys=0.00, real=0.06 secs] 
2022-09-14T03:16:15.558-0600: 361004.076: [GC cleanup 3801M->3801M(14336M), 0.0085813 secs]
 [Times: user=0.03 sys=0.00, real=0.01 secs] 
2022-09-14T03:17:45.974-0600: 361094.492: [GC pause (G1 Evacuation Pause) (young), 0.0253369 secs]
   [Parallel Time: 5.6 ms, GC Workers: 8]
      [GC Worker Start (ms): Min: 361094491.9, Avg: 361094493.4, Max: 361094494.8, Diff: 2.8]
      [Ext Root Scanning (ms): Min: 0.0, Avg: 0.8, Max: 3.4, Diff: 3.4, Sum: 6.7]
      [Update RS (ms): Min: 0.1, Avg: 1.4, Max: 3.7, Diff: 3.6, Sum: 11.3]
         [Processed Buffers: Min: 2, Avg: 5.9, Max: 10, Diff: 8, Sum: 47]
      [Scan RS (ms): Min: 0.0, Avg: 0.0, Max: 0.1, Diff: 0.1, Sum: 0.2]
      [Code Root Scanning (ms): Min: 0.0, Avg: 0.0, Max: 0.0, Diff: 0.0, Sum: 0.0]
      [Object Copy (ms): Min: 0.1, Avg: 1.1, Max: 1.4, Diff: 1.3, Sum: 9.0]
      [Termination (ms): Min: 0.0, Avg: 0.5, Max: 0.6, Diff: 0.6, Sum: 4.2]
         [Termination Attempts: Min: 1, Avg: 2.9, Max: 7, Diff: 6, Sum: 23]
      [GC Worker Other (ms): Min: 0.0, Avg: 0.0, Max: 0.0, Diff: 0.0, Sum: 0.1]
      [GC Worker Total (ms): Min: 2.6, Avg: 4.0, Max: 5.4, Diff: 2.8, Sum: 31.6]
      [GC Worker End (ms): Min: 361094497.3, Avg: 361094497.3, Max: 361094497.4, Diff: 0.0]
   [Code Root Fixup: 0.0 ms]
   [Code Root Purge: 0.0 ms]
   [Clear CT: 0.8 ms]
   [Other: 18.9 ms]
      [Choose CSet: 0.0 ms]
      [Ref Proc: 18.6 ms]
      [Ref Enq: 0.1 ms]
      [Redirty Cards: 0.1 ms]
      [Humongous Register: 0.0 ms]
      [Humongous Reclaim: 0.0 ms]
      [Free CSet: 0.1 ms]
   [Eden: 7152.0M(7152.0M)->0.0B(5712.0M) Survivors: 16384.0K->16384.0K Heap: 10841.9M(14336.0M)->3692.9M(14336.0M)]
 [Times: user=0.11 sys=0.00, real=0.02 secs] 
2022-09-14T03:18:58.377-0600: 361166.895: [GC pause (G1 Evacuation Pause) (mixed), 0.0567965 secs]
   [Parallel Time: 32.7 ms, GC Workers: 8]
      [GC Worker Start (ms): Min: 361166894.8, Avg: 361166909.0, Max: 361166927.0, Diff: 32.1]
      [Ext Root Scanning (ms): Min: 0.0, Avg: 0.8, Max: 3.6, Diff: 3.6, Sum: 6.3]
      [Update RS (ms): Min: 0.0, Avg: 1.0, Max: 2.6, Diff: 2.6, Sum: 7.8]
         [Processed Buffers: Min: 0, Avg: 6.2, Max: 24, Diff: 24, Sum: 50]
      [Scan RS (ms): Min: 0.0, Avg: 1.4, Max: 5.3, Diff: 5.3, Sum: 11.4]
      [Code Root Scanning (ms): Min: 0.0, Avg: 0.0, Max: 0.0, Diff: 0.0, Sum: 0.0]
      [Object Copy (ms): Min: 0.0, Avg: 2.3, Max: 4.6, Diff: 4.6, Sum: 18.3]
      [Termination (ms): Min: 0.0, Avg: 12.6, Max: 19.9, Diff: 19.9, Sum: 100.6]
         [Termination Attempts: Min: 1, Avg: 1.4, Max: 3, Diff: 2, Sum: 11]
      [GC Worker Other (ms): Min: 0.0, Avg: 0.0, Max: 0.0, Diff: 0.0, Sum: 0.1]
      [GC Worker Total (ms): Min: 0.0, Avg: 18.1, Max: 32.2, Diff: 32.2, Sum: 144.5]
      [GC Worker End (ms): Min: 361166927.0, Avg: 361166927.1, Max: 361166927.1, Diff: 0.2]
   [Code Root Fixup: 0.0 ms]
   [Code Root Purge: 0.0 ms]
   [Clear CT: 1.2 ms]
   [Other: 23.0 ms]
      [Choose CSet: 0.0 ms]
      [Ref Proc: 22.5 ms]
      [Ref Enq: 0.1 ms]
      [Redirty Cards: 0.1 ms]
      [Humongous Register: 0.0 ms]
      [Humongous Reclaim: 0.0 ms]
      [Free CSet: 0.1 ms]
   [Eden: 5712.0M(5712.0M)->0.0B(7152.0M) Survivors: 16384.0K->16384.0K Heap: 9404.9M(14336.0M)->3682.1M(14336.0M)]
 [Times: user=0.24 sys=0.00, real=0.06 secs] 
2022-09-14T03:20:28.828-0600: 361257.346: [GC pause (G1 Evacuation Pause) (young), 0.0363111 secs]
   [Parallel Time: 11.3 ms, GC Workers: 8]
      [GC Worker Start (ms): Min: 361257345.7, Avg: 361257350.3, Max: 361257356.8, Diff: 11.1]
      [Ext Root Scanning (ms): Min: 0.0, Avg: 0.8, Max: 3.1, Diff: 3.1, Sum: 6.4]
      [Update RS (ms): Min: 0.0, Avg: 4.1, Max: 8.7, Diff: 8.7, Sum: 32.6]
         [Processed Buffers: Min: 0, Avg: 15.6, Max: 32, Diff: 32, Sum: 125]
      [Scan RS (ms): Min: 0.0, Avg: 0.0, Max: 0.1, Diff: 0.1, Sum: 0.2]
      [Code Root Scanning (ms): Min: 0.0, Avg: 0.0, Max: 0.0, Diff: 0.0, Sum: 0.0]
      [Object Copy (ms): Min: 0.0, Avg: 1.1, Max: 1.7, Diff: 1.7, Sum: 9.0]
      [Termination (ms): Min: 0.0, Avg: 0.5, Max: 0.7, Diff: 0.7, Sum: 4.1]
         [Termination Attempts: Min: 1, Avg: 7.8, Max: 11, Diff: 10, Sum: 62]
      [GC Worker Other (ms): Min: 0.0, Avg: 0.0, Max: 0.0, Diff: 0.0, Sum: 0.1]
      [GC Worker Total (ms): Min: 0.1, Avg: 6.6, Max: 11.2, Diff: 11.1, Sum: 52.5]
      [GC Worker End (ms): Min: 361257356.9, Avg: 361257356.9, Max: 361257356.9, Diff: 0.0]
   [Code Root Fixup: 0.0 ms]
   [Code Root Purge: 0.0 ms]
   [Clear CT: 0.8 ms]
   [Other: 24.2 ms]
      [Choose CSet: 0.0 ms]
      [Ref Proc: 23.8 ms]
      [Ref Enq: 0.1 ms]
      [Redirty Cards: 0.1 ms]
      [Humongous Register: 0.0 ms]
      [Humongous Reclaim: 0.0 ms]
      [Free CSet: 0.1 ms]
   [Eden: 7152.0M(7152.0M)->0.0B(7152.0M) Survivors: 16384.0K->16384.0K Heap: 10834.1M(14336.0M)->3688.8M(14336.0M)]
 [Times: user=0.14 sys=0.00, real=0.04 secs] 
2022-09-14T03:21:59.828-0600: 361348.346: [GC pause (G1 Evacuation Pause) (young) (initial-mark), 0.0340267 secs]
   [Parallel Time: 15.1 ms, GC Workers: 8]
      [GC Worker Start (ms): Min: 361348347.3, Avg: 361348350.3, Max: 361348351.1, Diff: 3.8]
      [Ext Root Scanning (ms): Min: 2.5, Avg: 5.4, Max: 9.7, Diff: 7.2, Sum: 43.4]
      [Update RS (ms): Min: 0.0, Avg: 1.1, Max: 2.3, Diff: 2.3, Sum: 8.9]
         [Processed Buffers: Min: 0, Avg: 6.6, Max: 21, Diff: 21, Sum: 53]
      [Scan RS (ms): Min: 0.0, Avg: 0.0, Max: 0.1, Diff: 0.1, Sum: 0.2]
      [Code Root Scanning (ms): Min: 0.0, Avg: 0.0, Max: 0.0, Diff: 0.0, Sum: 0.0]
      [Object Copy (ms): Min: 0.0, Avg: 1.2, Max: 1.7, Diff: 1.7, Sum: 9.5]
      [Termination (ms): Min: 0.0, Avg: 2.8, Max: 3.5, Diff: 3.5, Sum: 22.3]
         [Termination Attempts: Min: 1, Avg: 34.1, Max: 59, Diff: 58, Sum: 273]
      [GC Worker Other (ms): Min: 0.0, Avg: 0.0, Max: 0.0, Diff: 0.0, Sum: 0.1]
      [GC Worker Total (ms): Min: 9.7, Avg: 10.5, Max: 13.5, Diff: 3.9, Sum: 84.3]
      [GC Worker End (ms): Min: 361348360.8, Avg: 361348360.8, Max: 361348360.9, Diff: 0.1]
   [Code Root Fixup: 0.0 ms]
   [Code Root Purge: 0.0 ms]
   [Clear CT: 0.8 ms]
   [Other: 18.2 ms]
      [Choose CSet: 0.0 ms]
      [Ref Proc: 17.8 ms]
      [Ref Enq: 0.1 ms]
      [Redirty Cards: 0.1 ms]
      [Humongous Register: 0.0 ms]
      [Humongous Reclaim: 0.0 ms]
      [Free CSet: 0.1 ms]
   [Eden: 7152.0M(7152.0M)->0.0B(7152.0M) Survivors: 16384.0K->16384.0K Heap: 10840.8M(14336.0M)->3690.6M(14336.0M)]
 [Times: user=0.12 sys=0.00, real=0.04 secs] 
2022-09-14T03:21:59.862-0600: 361348.380: [GC concurrent-root-region-scan-start]
2022-09-14T03:21:59.868-0600: 361348.386: [GC concurrent-root-region-scan-end, 0.0056738 secs]
2022-09-14T03:21:59.868-0600: 361348.386: [GC concurrent-mark-start]
2022-09-14T03:22:01.178-0600: 361349.696: [GC concurrent-mark-end, 1.3104402 secs]
2022-09-14T03:22:01.179-0600: 361349.696: [GC remark 2022-09-14T03:22:01.179-0600: 361349.696: [Finalize Marking, 0.0020905 secs] 2022-09-14T03:22:01.181-0600: 361349.698: [GC ref-proc, 0.0305859 secs] 2022-09-14T03:22:01.211-0600: 361349.729: [Unloading, 0.0271070 secs], 0.0638718 secs]
 [Times: user=0.26 sys=0.00, real=0.07 secs] 
2022-09-14T03:22:01.243-0600: 361349.760: [GC cleanup 3786M->3786M(14336M), 0.0078649 secs]
 [Times: user=0.03 sys=0.00, real=0.00 secs] 
2022-09-14T03:23:33.528-0600: 361442.046: [GC pause (G1 Evacuation Pause) (young), 0.0229279 secs]
   [Parallel Time: 5.0 ms, GC Workers: 8]
      [GC Worker Start (ms): Min: 361442046.2, Avg: 361442047.3, Max: 361442051.0, Diff: 4.8]
      [Ext Root Scanning (ms): Min: 0.0, Avg: 0.9, Max: 3.5, Diff: 3.5, Sum: 7.4]
      [Update RS (ms): Min: 0.0, Avg: 1.2, Max: 1.6, Diff: 1.6, Sum: 9.2]
         [Processed Buffers: Min: 0, Avg: 6.0, Max: 11, Diff: 11, Sum: 48]
      [Scan RS (ms): Min: 0.0, Avg: 0.0, Max: 0.1, Diff: 0.1, Sum: 0.2]
      [Code Root Scanning (ms): Min: 0.0, Avg: 0.0, Max: 0.0, Diff: 0.0, Sum: 0.0]
      [Object Copy (ms): Min: 0.0, Avg: 1.1, Max: 1.4, Diff: 1.4, Sum: 8.6]
      [Termination (ms): Min: 0.0, Avg: 0.5, Max: 0.6, Diff: 0.6, Sum: 4.4]
         [Termination Attempts: Min: 1, Avg: 6.2, Max: 12, Diff: 11, Sum: 50]
      [GC Worker Other (ms): Min: 0.0, Avg: 0.0, Max: 0.0, Diff: 0.0, Sum: 0.0]
      [GC Worker Total (ms): Min: 0.0, Avg: 3.7, Max: 4.9, Diff: 4.8, Sum: 29.9]
      [GC Worker End (ms): Min: 361442051.0, Avg: 361442051.0, Max: 361442051.0, Diff: 0.0]
   [Code Root Fixup: 0.0 ms]
   [Code Root Purge: 0.0 ms]
   [Clear CT: 0.8 ms]
   [Other: 17.2 ms]
      [Choose CSet: 0.0 ms]
      [Ref Proc: 16.8 ms]
      [Ref Enq: 0.1 ms]
      [Redirty Cards: 0.1 ms]
      [Humongous Register: 0.0 ms]
      [Humongous Reclaim: 0.0 ms]
      [Free CSet: 0.1 ms]
   [Eden: 7152.0M(7152.0M)->0.0B(5712.0M) Survivors: 16384.0K->16384.0K Heap: 10842.6M(14336.0M)->3693.5M(14336.0M)]
 [Times: user=0.09 sys=0.00, real=0.02 secs] 
2022-09-14T03:24:46.830-0600: 361515.348: [GC pause (G1 Evacuation Pause) (mixed), 0.0360480 secs]
   [Parallel Time: 11.3 ms, GC Workers: 8]
      [GC Worker Start (ms): Min: 361515347.8, Avg: 361515352.1, Max: 361515357.4, Diff: 9.6]
      [Ext Root Scanning (ms): Min: 0.0, Avg: 0.8, Max: 3.2, Diff: 3.2, Sum: 6.3]
      [Update RS (ms): Min: 0.0, Avg: 1.0, Max: 2.5, Diff: 2.5, Sum: 8.0]
         [Processed Buffers: Min: 0, Avg: 6.0, Max: 16, Diff: 16, Sum: 48]
      [Scan RS (ms): Min: 0.0, Avg: 0.5, Max: 1.1, Diff: 1.1, Sum: 4.1]
      [Code Root Scanning (ms): Min: 0.0, Avg: 0.0, Max: 0.0, Diff: 0.0, Sum: 0.0]
      [Object Copy (ms): Min: 0.0, Avg: 2.4, Max: 5.6, Diff: 5.6, Sum: 18.9]
      [Termination (ms): Min: 0.0, Avg: 2.1, Max: 2.7, Diff: 2.7, Sum: 16.9]
         [Termination Attempts: Min: 1, Avg: 3.4, Max: 6, Diff: 5, Sum: 27]
      [GC Worker Other (ms): Min: 0.0, Avg: 0.0, Max: 0.0, Diff: 0.0, Sum: 0.0]
      [GC Worker Total (ms): Min: 1.5, Avg: 6.8, Max: 11.1, Diff: 9.5, Sum: 54.2]
      [GC Worker End (ms): Min: 361515358.9, Avg: 361515358.9, Max: 361515359.0, Diff: 0.1]
   [Code Root Fixup: 0.0 ms]
   [Code Root Purge: 0.0 ms]
   [Clear CT: 0.6 ms]
   [Other: 24.2 ms]
      [Choose CSet: 0.0 ms]
      [Ref Proc: 23.8 ms]
      [Ref Enq: 0.1 ms]
      [Redirty Cards: 0.1 ms]
      [Humongous Register: 0.0 ms]
      [Humongous Reclaim: 0.0 ms]
      [Free CSet: 0.1 ms]
   [Eden: 5712.0M(5712.0M)->0.0B(7152.0M) Survivors: 16384.0K->16384.0K Heap: 9405.5M(14336.0M)->3682.2M(14336.0M)]
 [Times: user=0.14 sys=0.00, real=0.04 secs] 
2022-09-14T03:26:18.327-0600: 361606.845: [GC pause (G1 Evacuation Pause) (young), 0.0328086 secs]
   [Parallel Time: 17.8 ms, GC Workers: 8]
      [GC Worker Start (ms): Min: 361606844.9, Avg: 361606850.8, Max: 361606857.3, Diff: 12.4]
      [Ext Root Scanning (ms): Min: 0.0, Avg: 0.8, Max: 3.0, Diff: 3.0, Sum: 6.4]
      [Update RS (ms): Min: 0.0, Avg: 3.2, Max: 8.8, Diff: 8.8, Sum: 25.7]
         [Processed Buffers: Min: 0, Avg: 11.1, Max: 32, Diff: 32, Sum: 89]
      [Scan RS (ms): Min: 0.0, Avg: 0.0, Max: 0.1, Diff: 0.1, Sum: 0.2]
      [Code Root Scanning (ms): Min: 0.0, Avg: 0.0, Max: 0.0, Diff: 0.0, Sum: 0.0]
      [Object Copy (ms): Min: 0.0, Avg: 2.2, Max: 8.3, Diff: 8.3, Sum: 17.4]
      [Termination (ms): Min: 0.0, Avg: 5.4, Max: 6.6, Diff: 6.6, Sum: 43.1]
         [Termination Attempts: Min: 1, Avg: 27.6, Max: 63, Diff: 62, Sum: 221]
      [GC Worker Other (ms): Min: 0.0, Avg: 0.0, Max: 0.0, Diff: 0.0, Sum: 0.0]
      [GC Worker Total (ms): Min: 5.1, Avg: 11.6, Max: 17.4, Diff: 12.2, Sum: 92.8]
      [GC Worker End (ms): Min: 361606862.3, Avg: 361606862.4, Max: 361606862.5, Diff: 0.2]
   [Code Root Fixup: 0.0 ms]
   [Code Root Purge: 0.0 ms]
   [Clear CT: 0.9 ms]
   [Other: 14.0 ms]
      [Choose CSet: 0.0 ms]
      [Ref Proc: 13.7 ms]
      [Ref Enq: 0.1 ms]
      [Redirty Cards: 0.1 ms]
      [Humongous Register: 0.0 ms]
      [Humongous Reclaim: 0.0 ms]
      [Free CSet: 0.1 ms]
   [Eden: 7152.0M(7152.0M)->0.0B(7152.0M) Survivors: 16384.0K->16384.0K Heap: 10834.2M(14336.0M)->3685.7M(14336.0M)]
 [Times: user=0.12 sys=0.00, real=0.03 secs] 
2022-09-14T03:27:50.300-0600: 361698.818: [GC pause (G1 Evacuation Pause) (young) (initial-mark), 0.0376383 secs]
   [Parallel Time: 14.4 ms, GC Workers: 8]
      [GC Worker Start (ms): Min: 361698819.5, Avg: 361698823.9, Max: 361698824.7, Diff: 5.3]
      [Ext Root Scanning (ms): Min: 1.9, Avg: 5.1, Max: 12.6, Diff: 10.8, Sum: 41.1]
      [Update RS (ms): Min: 0.0, Avg: 1.1, Max: 2.4, Diff: 2.4, Sum: 8.5]
         [Processed Buffers: Min: 0, Avg: 6.1, Max: 18, Diff: 18, Sum: 49]
      [Scan RS (ms): Min: 0.0, Avg: 0.0, Max: 0.1, Diff: 0.1, Sum: 0.3]
      [Code Root Scanning (ms): Min: 0.0, Avg: 0.0, Max: 0.0, Diff: 0.0, Sum: 0.0]
      [Object Copy (ms): Min: 0.0, Avg: 1.1, Max: 1.7, Diff: 1.7, Sum: 8.5]
      [Termination (ms): Min: 0.0, Avg: 1.2, Max: 2.0, Diff: 2.0, Sum: 9.6]
         [Termination Attempts: Min: 1, Avg: 17.6, Max: 33, Diff: 32, Sum: 141]
      [GC Worker Other (ms): Min: 0.0, Avg: 0.0, Max: 0.0, Diff: 0.0, Sum: 0.1]
      [GC Worker Total (ms): Min: 7.7, Avg: 8.5, Max: 12.9, Diff: 5.3, Sum: 68.0]
      [GC Worker End (ms): Min: 361698832.4, Avg: 361698832.4, Max: 361698832.5, Diff: 0.1]
   [Code Root Fixup: 0.0 ms]
   [Code Root Purge: 0.0 ms]
   [Clear CT: 0.8 ms]
   [Other: 22.4 ms]
      [Choose CSet: 0.0 ms]
      [Ref Proc: 22.1 ms]
      [Ref Enq: 0.1 ms]
      [Redirty Cards: 0.1 ms]
      [Humongous Register: 0.0 ms]
      [Humongous Reclaim: 0.0 ms]
      [Free CSet: 0.1 ms]
   [Eden: 7152.0M(7152.0M)->0.0B(7152.0M) Survivors: 16384.0K->16384.0K Heap: 10837.7M(14336.0M)->3688.8M(14336.0M)]
 [Times: user=0.12 sys=0.00, real=0.04 secs] 
2022-09-14T03:27:50.338-0600: 361698.856: [GC concurrent-root-region-scan-start]
2022-09-14T03:27:50.344-0600: 361698.862: [GC concurrent-root-region-scan-end, 0.0061794 secs]
2022-09-14T03:27:50.344-0600: 361698.862: [GC concurrent-mark-start]
2022-09-14T03:27:51.646-0600: 361700.164: [GC concurrent-mark-end, 1.3018095 secs]
2022-09-14T03:27:51.646-0600: 361700.164: [GC remark 2022-09-14T03:27:51.646-0600: 361700.164: [Finalize Marking, 0.0030091 secs] 2022-09-14T03:27:51.649-0600: 361700.167: [GC ref-proc, 0.0312171 secs] 2022-09-14T03:27:51.681-0600: 361700.198: [Unloading, 0.0284253 secs], 0.0691808 secs]
 [Times: user=0.25 sys=0.00, real=0.07 secs] 
2022-09-14T03:27:51.716-0600: 361700.233: [GC cleanup 3824M->3824M(14336M), 0.0079856 secs]
 [Times: user=0.02 sys=0.00, real=0.01 secs] 
2022-09-14T03:29:22.626-0600: 361791.144: [GC pause (G1 Evacuation Pause) (young), 0.0184593 secs]
   [Parallel Time: 5.8 ms, GC Workers: 8]
      [GC Worker Start (ms): Min: 361791143.7, Avg: 361791145.7, Max: 361791149.3, Diff: 5.6]
      [Ext Root Scanning (ms): Min: 0.0, Avg: 0.9, Max: 3.4, Diff: 3.4, Sum: 7.2]
      [Update RS (ms): Min: 0.0, Avg: 1.2, Max: 2.3, Diff: 2.3, Sum: 9.8]
         [Processed Buffers: Min: 0, Avg: 6.2, Max: 16, Diff: 16, Sum: 50]
      [Scan RS (ms): Min: 0.0, Avg: 0.0, Max: 0.1, Diff: 0.1, Sum: 0.2]
      [Code Root Scanning (ms): Min: 0.0, Avg: 0.0, Max: 0.0, Diff: 0.0, Sum: 0.0]
      [Object Copy (ms): Min: 0.0, Avg: 1.0, Max: 1.5, Diff: 1.5, Sum: 8.1]
      [Termination (ms): Min: 0.0, Avg: 0.5, Max: 0.6, Diff: 0.6, Sum: 3.7]
         [Termination Attempts: Min: 1, Avg: 2.8, Max: 7, Diff: 6, Sum: 22]
      [GC Worker Other (ms): Min: 0.0, Avg: 0.0, Max: 0.0, Diff: 0.0, Sum: 0.1]
      [GC Worker Total (ms): Min: 0.0, Avg: 3.6, Max: 5.6, Diff: 5.6, Sum: 29.1]
      [GC Worker End (ms): Min: 361791149.3, Avg: 361791149.3, Max: 361791149.3, Diff: 0.0]
   [Code Root Fixup: 0.0 ms]
   [Code Root Purge: 0.0 ms]
   [Clear CT: 0.7 ms]
   [Other: 11.9 ms]
      [Choose CSet: 0.0 ms]
      [Ref Proc: 11.5 ms]
      [Ref Enq: 0.1 ms]
      [Redirty Cards: 0.1 ms]
      [Humongous Register: 0.0 ms]
      [Humongous Reclaim: 0.0 ms]
      [Free CSet: 0.1 ms]
   [Eden: 7152.0M(7152.0M)->0.0B(5712.0M) Survivors: 16384.0K->16384.0K Heap: 10840.8M(14336.0M)->3688.0M(14336.0M)]
 [Times: user=0.07 sys=0.00, real=0.02 secs] 
2022-09-14T03:30:35.874-0600: 361864.392: [GC pause (G1 Evacuation Pause) (mixed), 0.0234714 secs]
   [Parallel Time: 7.8 ms, GC Workers: 8]
      [GC Worker Start (ms): Min: 361864391.6, Avg: 361864394.0, Max: 361864398.4, Diff: 6.8]
      [Ext Root Scanning (ms): Min: 0.0, Avg: 1.1, Max: 3.3, Diff: 3.3, Sum: 8.7]
      [Update RS (ms): Min: 0.0, Avg: 0.9, Max: 1.7, Diff: 1.7, Sum: 7.1]
         [Processed Buffers: Min: 0, Avg: 5.2, Max: 17, Diff: 17, Sum: 42]
      [Scan RS (ms): Min: 0.0, Avg: 0.7, Max: 1.0, Diff: 0.9, Sum: 5.4]
      [Code Root Scanning (ms): Min: 0.0, Avg: 0.0, Max: 0.0, Diff: 0.0, Sum: 0.0]
      [Object Copy (ms): Min: 0.3, Avg: 2.1, Max: 3.2, Diff: 2.9, Sum: 17.2]
      [Termination (ms): Min: 0.0, Avg: 0.5, Max: 0.7, Diff: 0.7, Sum: 4.4]
         [Termination Attempts: Min: 1, Avg: 17.9, Max: 30, Diff: 29, Sum: 143]
      [GC Worker Other (ms): Min: 0.0, Avg: 0.0, Max: 0.0, Diff: 0.0, Sum: 0.1]
      [GC Worker Total (ms): Min: 0.9, Avg: 5.3, Max: 7.7, Diff: 6.8, Sum: 42.8]
      [GC Worker End (ms): Min: 361864399.3, Avg: 361864399.3, Max: 361864399.4, Diff: 0.1]
   [Code Root Fixup: 0.0 ms]
   [Code Root Purge: 0.0 ms]
   [Clear CT: 0.7 ms]
   [Other: 15.0 ms]
      [Choose CSet: 0.0 ms]
      [Ref Proc: 14.6 ms]
      [Ref Enq: 0.1 ms]
      [Redirty Cards: 0.1 ms]
      [Humongous Register: 0.0 ms]
      [Humongous Reclaim: 0.0 ms]
      [Free CSet: 0.1 ms]
   [Eden: 5712.0M(5712.0M)->0.0B(7152.0M) Survivors: 16384.0K->16384.0K Heap: 9400.0M(14336.0M)->3678.0M(14336.0M)]
 [Times: user=0.09 sys=0.00, real=0.02 secs] 
2022-09-14T03:32:05.560-0600: 361954.077: [GC pause (G1 Evacuation Pause) (young), 0.0303713 secs]
   [Parallel Time: 8.4 ms, GC Workers: 8]
      [GC Worker Start (ms): Min: 361954077.4, Avg: 361954080.0, Max: 361954085.5, Diff: 8.1]
      [Ext Root Scanning (ms): Min: 0.0, Avg: 0.8, Max: 3.1, Diff: 3.1, Sum: 6.7]
      [Update RS (ms): Min: 0.0, Avg: 3.1, Max: 6.5, Diff: 6.5, Sum: 24.7]
         [Processed Buffers: Min: 0, Avg: 13.1, Max: 22, Diff: 22, Sum: 105]
      [Scan RS (ms): Min: 0.0, Avg: 0.0, Max: 0.1, Diff: 0.1, Sum: 0.2]
      [Code Root Scanning (ms): Min: 0.0, Avg: 0.0, Max: 0.0, Diff: 0.0, Sum: 0.0]
      [Object Copy (ms): Min: 0.0, Avg: 1.1, Max: 1.5, Diff: 1.5, Sum: 8.8]
      [Termination (ms): Min: 0.0, Avg: 0.6, Max: 0.8, Diff: 0.8, Sum: 4.5]
         [Termination Attempts: Min: 1, Avg: 7.1, Max: 13, Diff: 12, Sum: 57]
      [GC Worker Other (ms): Min: 0.0, Avg: 0.0, Max: 0.0, Diff: 0.0, Sum: 0.1]
      [GC Worker Total (ms): Min: 0.1, Avg: 5.6, Max: 8.2, Diff: 8.1, Sum: 45.0]
      [GC Worker End (ms): Min: 361954085.6, Avg: 361954085.6, Max: 361954085.6, Diff: 0.1]
   [Code Root Fixup: 0.0 ms]
   [Code Root Purge: 0.0 ms]
   [Clear CT: 0.6 ms]
   [Other: 21.3 ms]
      [Choose CSet: 0.0 ms]
      [Ref Proc: 20.9 ms]
      [Ref Enq: 0.1 ms]
      [Redirty Cards: 0.1 ms]
      [Humongous Register: 0.0 ms]
      [Humongous Reclaim: 0.0 ms]
      [Free CSet: 0.1 ms]
   [Eden: 7152.0M(7152.0M)->0.0B(7152.0M) Survivors: 16384.0K->16384.0K Heap: 10830.0M(14336.0M)->3683.1M(14336.0M)]
 [Times: user=0.11 sys=0.00, real=0.03 secs] 
2022-09-14T03:33:35.828-0600: 362044.346: [GC pause (G1 Evacuation Pause) (young) (initial-mark), 0.0483590 secs]
   [Parallel Time: 15.7 ms, GC Workers: 8]
      [GC Worker Start (ms): Min: 362044347.1, Avg: 362044349.6, Max: 362044350.4, Diff: 3.3]
      [Ext Root Scanning (ms): Min: 2.1, Avg: 6.6, Max: 10.9, Diff: 8.8, Sum: 52.9]
      [Update RS (ms): Min: 0.0, Avg: 1.1, Max: 3.1, Diff: 3.1, Sum: 9.0]
         [Processed Buffers: Min: 0, Avg: 5.9, Max: 25, Diff: 25, Sum: 47]
      [Scan RS (ms): Min: 0.0, Avg: 0.0, Max: 0.1, Diff: 0.1, Sum: 0.2]
      [Code Root Scanning (ms): Min: 0.0, Avg: 0.0, Max: 0.0, Diff: 0.0, Sum: 0.0]
      [Object Copy (ms): Min: 0.0, Avg: 1.2, Max: 2.0, Diff: 2.0, Sum: 9.6]
      [Termination (ms): Min: 0.0, Avg: 2.8, Max: 3.9, Diff: 3.9, Sum: 22.5]
         [Termination Attempts: Min: 1, Avg: 3.6, Max: 8, Diff: 7, Sum: 29]
      [GC Worker Other (ms): Min: 0.0, Avg: 0.0, Max: 0.0, Diff: 0.0, Sum: 0.0]
      [GC Worker Total (ms): Min: 10.9, Avg: 11.8, Max: 14.3, Diff: 3.4, Sum: 94.4]
      [GC Worker End (ms): Min: 362044361.3, Avg: 362044361.4, Max: 362044361.5, Diff: 0.1]
   [Code Root Fixup: 0.0 ms]
   [Code Root Purge: 0.0 ms]
   [Clear CT: 1.0 ms]
   [Other: 31.7 ms]
      [Choose CSet: 0.0 ms]
      [Ref Proc: 31.3 ms]
      [Ref Enq: 0.1 ms]
      [Redirty Cards: 0.1 ms]
      [Humongous Register: 0.0 ms]
      [Humongous Reclaim: 0.0 ms]
      [Free CSet: 0.1 ms]
   [Eden: 7152.0M(7152.0M)->0.0B(7152.0M) Survivors: 16384.0K->16384.0K Heap: 10835.1M(14336.0M)->3685.8M(14336.0M)]
 [Times: user=0.16 sys=0.00, real=0.05 secs] 
2022-09-14T03:33:35.877-0600: 362044.394: [GC concurrent-root-region-scan-start]
2022-09-14T03:33:35.883-0600: 362044.401: [GC concurrent-root-region-scan-end, 0.0063297 secs]
2022-09-14T03:33:35.883-0600: 362044.401: [GC concurrent-mark-start]
2022-09-14T03:33:37.201-0600: 362045.718: [GC concurrent-mark-end, 1.3177541 secs]
2022-09-14T03:33:37.201-0600: 362045.719: [GC remark 2022-09-14T03:33:37.201-0600: 362045.719: [Finalize Marking, 0.0031071 secs] 2022-09-14T03:33:37.204-0600: 362045.722: [GC ref-proc, 0.0330287 secs] 2022-09-14T03:33:37.237-0600: 362045.755: [Unloading, 0.0254453 secs], 0.0684581 secs]
 [Times: user=0.29 sys=0.00, real=0.06 secs] 
2022-09-14T03:33:37.269-0600: 362045.787: [GC cleanup 3805M->3805M(14336M), 0.0088628 secs]
 [Times: user=0.03 sys=0.00, real=0.01 secs] 
2022-09-14T03:35:07.081-0600: 362135.599: [GC pause (G1 Evacuation Pause) (young), 0.0193720 secs]
   [Parallel Time: 6.0 ms, GC Workers: 8]
      [GC Worker Start (ms): Min: 362135598.8, Avg: 362135599.8, Max: 362135602.3, Diff: 3.5]
      [Ext Root Scanning (ms): Min: 0.0, Avg: 1.8, Max: 5.0, Diff: 5.0, Sum: 14.8]
      [Update RS (ms): Min: 0.0, Avg: 1.2, Max: 2.3, Diff: 2.3, Sum: 9.6]
         [Processed Buffers: Min: 0, Avg: 6.4, Max: 11, Diff: 11, Sum: 51]
      [Scan RS (ms): Min: 0.0, Avg: 0.0, Max: 0.1, Diff: 0.0, Sum: 0.3]
      [Code Root Scanning (ms): Min: 0.0, Avg: 0.0, Max: 0.0, Diff: 0.0, Sum: 0.0]
      [Object Copy (ms): Min: 0.0, Avg: 1.1, Max: 1.5, Diff: 1.5, Sum: 9.2]
      [Termination (ms): Min: 0.0, Avg: 0.5, Max: 0.6, Diff: 0.6, Sum: 4.3]
         [Termination Attempts: Min: 1, Avg: 9.8, Max: 17, Diff: 16, Sum: 78]
      [GC Worker Other (ms): Min: 0.0, Avg: 0.0, Max: 0.0, Diff: 0.0, Sum: 0.0]
      [GC Worker Total (ms): Min: 2.2, Avg: 4.8, Max: 5.8, Diff: 3.5, Sum: 38.2]
      [GC Worker End (ms): Min: 362135604.5, Avg: 362135604.6, Max: 362135604.6, Diff: 0.0]
   [Code Root Fixup: 0.0 ms]
   [Code Root Purge: 0.0 ms]
   [Clear CT: 0.9 ms]
   [Other: 12.5 ms]
      [Choose CSet: 0.0 ms]
      [Ref Proc: 12.1 ms]
      [Ref Enq: 0.1 ms]
      [Redirty Cards: 0.1 ms]
      [Humongous Register: 0.0 ms]
      [Humongous Reclaim: 0.0 ms]
      [Free CSet: 0.1 ms]
   [Eden: 7152.0M(7152.0M)->0.0B(5712.0M) Survivors: 16384.0K->16384.0K Heap: 10837.8M(14336.0M)->3685.6M(14336.0M)]
 [Times: user=0.08 sys=0.00, real=0.01 secs] 
2022-09-14T03:36:18.275-0600: 362206.793: [GC pause (G1 Evacuation Pause) (mixed), 0.0264814 secs]
   [Parallel Time: 11.9 ms, GC Workers: 8]
      [GC Worker Start (ms): Min: 362206792.7, Avg: 362206796.3, Max: 362206802.3, Diff: 9.6]
      [Ext Root Scanning (ms): Min: 0.0, Avg: 0.8, Max: 3.3, Diff: 3.3, Sum: 6.5]
      [Update RS (ms): Min: 0.0, Avg: 0.9, Max: 2.2, Diff: 2.2, Sum: 7.0]
         [Processed Buffers: Min: 0, Avg: 5.4, Max: 15, Diff: 15, Sum: 43]
      [Scan RS (ms): Min: 0.0, Avg: 2.1, Max: 7.8, Diff: 7.8, Sum: 16.7]
      [Code Root Scanning (ms): Min: 0.0, Avg: 0.0, Max: 0.0, Diff: 0.0, Sum: 0.0]
      [Object Copy (ms): Min: 0.1, Avg: 3.9, Max: 5.7, Diff: 5.6, Sum: 31.1]
      [Termination (ms): Min: 0.0, Avg: 0.6, Max: 0.7, Diff: 0.7, Sum: 4.4]
         [Termination Attempts: Min: 1, Avg: 52.9, Max: 68, Diff: 67, Sum: 423]
      [GC Worker Other (ms): Min: 0.0, Avg: 0.0, Max: 0.0, Diff: 0.0, Sum: 0.1]
      [GC Worker Total (ms): Min: 2.2, Avg: 8.2, Max: 11.8, Diff: 9.6, Sum: 65.9]
      [GC Worker End (ms): Min: 362206804.5, Avg: 362206804.5, Max: 362206804.5, Diff: 0.0]
   [Code Root Fixup: 0.0 ms]
   [Code Root Purge: 0.0 ms]
   [Clear CT: 0.7 ms]
   [Other: 13.8 ms]
      [Choose CSet: 0.0 ms]
      [Ref Proc: 13.3 ms]
      [Ref Enq: 0.1 ms]
      [Redirty Cards: 0.1 ms]
      [Humongous Register: 0.0 ms]
      [Humongous Reclaim: 0.0 ms]
      [Free CSet: 0.2 ms]
   [Eden: 5712.0M(5712.0M)->0.0B(7152.0M) Survivors: 16384.0K->16384.0K Heap: 9397.6M(14336.0M)->3679.5M(14336.0M)]
 [Times: user=0.10 sys=0.00, real=0.03 secs] 
2022-09-14T03:37:48.227-0600: 362296.745: [GC pause (G1 Evacuation Pause) (young), 0.0260519 secs]
   [Parallel Time: 9.0 ms, GC Workers: 8]
      [GC Worker Start (ms): Min: 362296744.9, Avg: 362296746.9, Max: 362296750.3, Diff: 5.4]
      [Ext Root Scanning (ms): Min: 0.0, Avg: 0.9, Max: 3.2, Diff: 3.2, Sum: 7.1]
      [Update RS (ms): Min: 1.0, Avg: 4.1, Max: 6.9, Diff: 5.9, Sum: 32.9]
         [Processed Buffers: Min: 5, Avg: 16.4, Max: 29, Diff: 24, Sum: 131]
      [Scan RS (ms): Min: 0.0, Avg: 0.0, Max: 0.1, Diff: 0.1, Sum: 0.2]
      [Code Root Scanning (ms): Min: 0.0, Avg: 0.0, Max: 0.0, Diff: 0.0, Sum: 0.0]
      [Object Copy (ms): Min: 0.1, Avg: 1.1, Max: 1.6, Diff: 1.5, Sum: 9.2]
      [Termination (ms): Min: 0.0, Avg: 0.7, Max: 0.9, Diff: 0.9, Sum: 5.2]
         [Termination Attempts: Min: 1, Avg: 1.5, Max: 3, Diff: 2, Sum: 12]
      [GC Worker Other (ms): Min: 0.0, Avg: 0.0, Max: 0.0, Diff: 0.0, Sum: 0.0]
      [GC Worker Total (ms): Min: 3.4, Avg: 6.8, Max: 9.0, Diff: 5.6, Sum: 54.7]
      [GC Worker End (ms): Min: 362296753.7, Avg: 362296753.8, Max: 362296753.9, Diff: 0.2]
   [Code Root Fixup: 0.0 ms]
   [Code Root Purge: 0.0 ms]
   [Clear CT: 0.6 ms]
   [Other: 16.4 ms]
      [Choose CSet: 0.0 ms]
      [Ref Proc: 15.9 ms]
      [Ref Enq: 0.1 ms]
      [Redirty Cards: 0.1 ms]
      [Humongous Register: 0.0 ms]
      [Humongous Reclaim: 0.0 ms]
      [Free CSet: 0.2 ms]
   [Eden: 7152.0M(7152.0M)->0.0B(7152.0M) Survivors: 16384.0K->16384.0K Heap: 10831.5M(14336.0M)->3686.9M(14336.0M)]
 [Times: user=0.11 sys=0.00, real=0.03 secs] 
2022-09-14T03:39:19.325-0600: 362387.843: [GC pause (G1 Evacuation Pause) (young) (initial-mark), 0.0414555 secs]
   [Parallel Time: 15.2 ms, GC Workers: 8]
      [GC Worker Start (ms): Min: 362387844.0, Avg: 362387846.0, Max: 362387847.0, Diff: 3.0]
      [Ext Root Scanning (ms): Min: 2.5, Avg: 6.6, Max: 10.6, Diff: 8.1, Sum: 52.8]
      [Update RS (ms): Min: 0.0, Avg: 1.2, Max: 2.6, Diff: 2.6, Sum: 9.6]
         [Processed Buffers: Min: 0, Avg: 6.6, Max: 22, Diff: 22, Sum: 53]
      [Scan RS (ms): Min: 0.0, Avg: 0.0, Max: 0.1, Diff: 0.1, Sum: 0.2]
      [Code Root Scanning (ms): Min: 0.0, Avg: 0.0, Max: 0.0, Diff: 0.0, Sum: 0.0]
      [Object Copy (ms): Min: 0.0, Avg: 0.8, Max: 1.7, Diff: 1.7, Sum: 6.5]
      [Termination (ms): Min: 0.0, Avg: 2.9, Max: 4.4, Diff: 4.4, Sum: 23.5]
         [Termination Attempts: Min: 1, Avg: 1.6, Max: 4, Diff: 3, Sum: 13]
      [GC Worker Other (ms): Min: 0.0, Avg: 0.0, Max: 0.0, Diff: 0.0, Sum: 0.1]
      [GC Worker Total (ms): Min: 10.6, Avg: 11.6, Max: 13.7, Diff: 3.1, Sum: 92.7]
      [GC Worker End (ms): Min: 362387857.6, Avg: 362387857.6, Max: 362387857.7, Diff: 0.2]
   [Code Root Fixup: 0.0 ms]
   [Code Root Purge: 0.0 ms]
   [Clear CT: 0.7 ms]
   [Other: 25.6 ms]
      [Choose CSet: 0.0 ms]
      [Ref Proc: 25.1 ms]
      [Ref Enq: 0.1 ms]
      [Redirty Cards: 0.1 ms]
      [Humongous Register: 0.0 ms]
      [Humongous Reclaim: 0.0 ms]
      [Free CSet: 0.1 ms]
   [Eden: 7152.0M(7152.0M)->0.0B(7152.0M) Survivors: 16384.0K->16384.0K Heap: 10838.9M(14336.0M)->3685.1M(14336.0M)]
 [Times: user=0.14 sys=0.00, real=0.04 secs] 
2022-09-14T03:39:19.366-0600: 362387.884: [GC concurrent-root-region-scan-start]
2022-09-14T03:39:19.373-0600: 362387.890: [GC concurrent-root-region-scan-end, 0.0062453 secs]
2022-09-14T03:39:19.373-0600: 362387.890: [GC concurrent-mark-start]
2022-09-14T03:39:20.686-0600: 362389.203: [GC concurrent-mark-end, 1.3128604 secs]
2022-09-14T03:39:20.686-0600: 362389.203: [GC remark 2022-09-14T03:39:20.686-0600: 362389.203: [Finalize Marking, 0.0024884 secs] 2022-09-14T03:39:20.688-0600: 362389.206: [GC ref-proc, 0.0252584 secs] 2022-09-14T03:39:20.713-0600: 362389.231: [Unloading, 0.0270303 secs], 0.0615003 secs]
 [Times: user=0.24 sys=0.00, real=0.06 secs] 
2022-09-14T03:39:20.747-0600: 362389.265: [GC cleanup 3813M->3813M(14336M), 0.0082948 secs]
 [Times: user=0.03 sys=0.00, real=0.01 secs] 
2022-09-14T03:40:48.277-0600: 362476.795: [GC pause (G1 Evacuation Pause) (young), 0.0242568 secs]
   [Parallel Time: 6.7 ms, GC Workers: 8]
      [GC Worker Start (ms): Min: 362476794.8, Avg: 362476797.4, Max: 362476801.4, Diff: 6.6]
      [Ext Root Scanning (ms): Min: 0.0, Avg: 0.8, Max: 3.1, Diff: 3.1, Sum: 6.8]
      [Update RS (ms): Min: 0.0, Avg: 1.1, Max: 2.2, Diff: 2.2, Sum: 8.9]
         [Processed Buffers: Min: 0, Avg: 6.0, Max: 14, Diff: 14, Sum: 48]
      [Scan RS (ms): Min: 0.0, Avg: 0.0, Max: 0.1, Diff: 0.1, Sum: 0.2]
      [Code Root Scanning (ms): Min: 0.0, Avg: 0.0, Max: 0.0, Diff: 0.0, Sum: 0.0]
      [Object Copy (ms): Min: 0.0, Avg: 1.1, Max: 1.6, Diff: 1.6, Sum: 8.8]
      [Termination (ms): Min: 0.0, Avg: 1.0, Max: 1.2, Diff: 1.2, Sum: 8.0]
         [Termination Attempts: Min: 1, Avg: 3.0, Max: 5, Diff: 4, Sum: 24]
      [GC Worker Other (ms): Min: 0.0, Avg: 0.0, Max: 0.0, Diff: 0.0, Sum: 0.0]
      [GC Worker Total (ms): Min: 0.0, Avg: 4.1, Max: 6.6, Diff: 6.6, Sum: 32.7]
      [GC Worker End (ms): Min: 362476801.4, Avg: 362476801.4, Max: 362476801.5, Diff: 0.0]
   [Code Root Fixup: 0.0 ms]
   [Code Root Purge: 0.0 ms]
   [Clear CT: 0.8 ms]
   [Other: 16.7 ms]
      [Choose CSet: 0.0 ms]
      [Ref Proc: 16.4 ms]
      [Ref Enq: 0.1 ms]
      [Redirty Cards: 0.1 ms]
      [Humongous Register: 0.0 ms]
      [Humongous Reclaim: 0.0 ms]
      [Free CSet: 0.1 ms]
   [Eden: 7152.0M(7152.0M)->0.0B(5712.0M) Survivors: 16384.0K->16384.0K Heap: 10837.1M(14336.0M)->3686.4M(14336.0M)]
 [Times: user=0.10 sys=0.00, real=0.03 secs] 
2022-09-14T03:42:01.277-0600: 362549.795: [GC pause (G1 Evacuation Pause) (mixed), 0.0427385 secs]
   [Parallel Time: 20.3 ms, GC Workers: 8]
      [GC Worker Start (ms): Min: 362549794.6, Avg: 362549803.6, Max: 362549809.9, Diff: 15.3]
      [Ext Root Scanning (ms): Min: 0.0, Avg: 0.8, Max: 3.4, Diff: 3.4, Sum: 6.1]
      [Update RS (ms): Min: 0.0, Avg: 0.9, Max: 2.4, Diff: 2.4, Sum: 7.0]
         [Processed Buffers: Min: 0, Avg: 5.6, Max: 24, Diff: 24, Sum: 45]
      [Scan RS (ms): Min: 0.0, Avg: 0.8, Max: 2.0, Diff: 2.0, Sum: 6.1]
      [Code Root Scanning (ms): Min: 0.0, Avg: 0.0, Max: 0.0, Diff: 0.0, Sum: 0.0]
      [Object Copy (ms): Min: 0.0, Avg: 3.4, Max: 12.1, Diff: 12.1, Sum: 27.6]
      [Termination (ms): Min: 0.0, Avg: 5.2, Max: 6.5, Diff: 6.5, Sum: 41.8]
         [Termination Attempts: Min: 1, Avg: 1.6, Max: 3, Diff: 2, Sum: 13]
      [GC Worker Other (ms): Min: 0.0, Avg: 0.0, Max: 0.0, Diff: 0.0, Sum: 0.1]
      [GC Worker Total (ms): Min: 4.9, Avg: 11.1, Max: 20.0, Diff: 15.1, Sum: 88.6]
      [GC Worker End (ms): Min: 362549814.6, Avg: 362549814.6, Max: 362549814.8, Diff: 0.2]
   [Code Root Fixup: 0.0 ms]
   [Code Root Purge: 0.0 ms]
   [Clear CT: 1.1 ms]
   [Other: 21.4 ms]
      [Choose CSet: 0.0 ms]
      [Ref Proc: 21.0 ms]
      [Ref Enq: 0.1 ms]
      [Redirty Cards: 0.1 ms]
      [Humongous Register: 0.0 ms]
      [Humongous Reclaim: 0.0 ms]
      [Free CSet: 0.1 ms]
   [Eden: 5712.0M(5712.0M)->0.0B(7152.0M) Survivors: 16384.0K->16384.0K Heap: 9398.4M(14336.0M)->3681.7M(14336.0M)]
 [Times: user=0.14 sys=0.00, real=0.04 secs] 
2022-09-14T03:43:33.030-0600: 362641.548: [GC pause (G1 Evacuation Pause) (young), 0.0316683 secs]
   [Parallel Time: 9.8 ms, GC Workers: 8]
      [GC Worker Start (ms): Min: 362641548.0, Avg: 362641551.6, Max: 362641554.6, Diff: 6.6]
      [Ext Root Scanning (ms): Min: 0.0, Avg: 0.8, Max: 2.8, Diff: 2.8, Sum: 6.5]
      [Update RS (ms): Min: 1.0, Avg: 3.8, Max: 7.3, Diff: 6.3, Sum: 30.1]
         [Processed Buffers: Min: 2, Avg: 15.2, Max: 28, Diff: 26, Sum: 122]
      [Scan RS (ms): Min: 0.0, Avg: 0.0, Max: 0.1, Diff: 0.1, Sum: 0.2]
      [Code Root Scanning (ms): Min: 0.0, Avg: 0.0, Max: 0.0, Diff: 0.0, Sum: 0.0]
      [Object Copy (ms): Min: 0.0, Avg: 0.9, Max: 1.4, Diff: 1.4, Sum: 7.2]
      [Termination (ms): Min: 0.0, Avg: 0.6, Max: 0.9, Diff: 0.9, Sum: 4.9]
         [Termination Attempts: Min: 1, Avg: 2.6, Max: 6, Diff: 5, Sum: 21]
      [GC Worker Other (ms): Min: 0.0, Avg: 0.0, Max: 0.0, Diff: 0.0, Sum: 0.1]
      [GC Worker Total (ms): Min: 3.0, Avg: 6.1, Max: 9.6, Diff: 6.6, Sum: 48.9]
      [GC Worker End (ms): Min: 362641557.6, Avg: 362641557.7, Max: 362641557.7, Diff: 0.1]
   [Code Root Fixup: 0.0 ms]
   [Code Root Purge: 0.0 ms]
   [Clear CT: 0.9 ms]
   [Other: 20.9 ms]
      [Choose CSet: 0.0 ms]
      [Ref Proc: 20.5 ms]
      [Ref Enq: 0.1 ms]
      [Redirty Cards: 0.1 ms]
      [Humongous Register: 0.0 ms]
      [Humongous Reclaim: 0.0 ms]
      [Free CSet: 0.1 ms]
   [Eden: 7152.0M(7152.0M)->0.0B(7152.0M) Survivors: 16384.0K->16384.0K Heap: 10833.7M(14336.0M)->3686.1M(14336.0M)]
 [Times: user=0.12 sys=0.00, real=0.04 secs] 
2022-09-14T03:45:03.633-0600: 362732.151: [GC pause (G1 Evacuation Pause) (young) (initial-mark), 0.0340309 secs]
   [Parallel Time: 14.7 ms, GC Workers: 8]
      [GC Worker Start (ms): Min: 362732152.1, Avg: 362732155.6, Max: 362732156.4, Diff: 4.3]
      [Ext Root Scanning (ms): Min: 1.4, Avg: 5.5, Max: 8.9, Diff: 7.5, Sum: 44.2]
      [Update RS (ms): Min: 0.0, Avg: 0.9, Max: 2.7, Diff: 2.7, Sum: 7.0]
         [Processed Buffers: Min: 0, Avg: 5.6, Max: 25, Diff: 25, Sum: 45]
      [Scan RS (ms): Min: 0.0, Avg: 0.0, Max: 0.1, Diff: 0.1, Sum: 0.2]
      [Code Root Scanning (ms): Min: 0.0, Avg: 0.0, Max: 0.0, Diff: 0.0, Sum: 0.0]
      [Object Copy (ms): Min: 0.0, Avg: 1.2, Max: 4.3, Diff: 4.3, Sum: 9.7]
      [Termination (ms): Min: 0.0, Avg: 2.1, Max: 3.0, Diff: 3.0, Sum: 17.1]
         [Termination Attempts: Min: 1, Avg: 2.1, Max: 6, Diff: 5, Sum: 17]
      [GC Worker Other (ms): Min: 0.0, Avg: 0.0, Max: 0.0, Diff: 0.0, Sum: 0.0]
      [GC Worker Total (ms): Min: 8.9, Avg: 9.8, Max: 13.3, Diff: 4.3, Sum: 78.3]
      [GC Worker End (ms): Min: 362732165.3, Avg: 362732165.4, Max: 362732165.5, Diff: 0.1]
   [Code Root Fixup: 0.0 ms]
   [Code Root Purge: 0.0 ms]
   [Clear CT: 0.9 ms]
   [Other: 18.4 ms]
      [Choose CSet: 0.0 ms]
      [Ref Proc: 18.0 ms]
      [Ref Enq: 0.1 ms]
      [Redirty Cards: 0.1 ms]
      [Humongous Register: 0.0 ms]
      [Humongous Reclaim: 0.0 ms]
      [Free CSet: 0.1 ms]
   [Eden: 7152.0M(7152.0M)->0.0B(7152.0M) Survivors: 16384.0K->16384.0K Heap: 10838.1M(14336.0M)->3686.5M(14336.0M)]
 [Times: user=0.11 sys=0.00, real=0.03 secs] 
2022-09-14T03:45:03.667-0600: 362732.185: [GC concurrent-root-region-scan-start]
2022-09-14T03:45:03.673-0600: 362732.190: [GC concurrent-root-region-scan-end, 0.0053949 secs]
2022-09-14T03:45:03.673-0600: 362732.190: [GC concurrent-mark-start]
2022-09-14T03:45:04.963-0600: 362733.481: [GC concurrent-mark-end, 1.2902861 secs]
2022-09-14T03:45:04.970-0600: 362733.488: [GC remark 2022-09-14T03:45:04.970-0600: 362733.488: [Finalize Marking, 0.0023668 secs] 2022-09-14T03:45:04.973-0600: 362733.490: [GC ref-proc, 0.0202034 secs] 2022-09-14T03:45:04.993-0600: 362733.511: [Unloading, 0.0279077 secs], 0.0561217 secs]
 [Times: user=0.22 sys=0.00, real=0.06 secs] 
2022-09-14T03:45:05.027-0600: 362733.544: [GC cleanup 3830M->3830M(14336M), 0.0063953 secs]
 [Times: user=0.03 sys=0.00, real=0.01 secs] 
2022-09-14T03:46:33.974-0600: 362822.492: [GC pause (G1 Evacuation Pause) (young), 0.0593412 secs]
   [Parallel Time: 26.6 ms, GC Workers: 8]
      [GC Worker Start (ms): Min: 362822509.9, Avg: 362822514.0, Max: 362822518.3, Diff: 8.4]
      [Ext Root Scanning (ms): Min: 0.0, Avg: 0.8, Max: 3.2, Diff: 3.2, Sum: 6.6]
      [Update RS (ms): Min: 0.0, Avg: 0.9, Max: 2.3, Diff: 2.3, Sum: 7.6]
         [Processed Buffers: Min: 0, Avg: 5.5, Max: 21, Diff: 21, Sum: 44]
      [Scan RS (ms): Min: 0.0, Avg: 0.0, Max: 0.1, Diff: 0.1, Sum: 0.2]
      [Code Root Scanning (ms): Min: 0.0, Avg: 0.0, Max: 0.0, Diff: 0.0, Sum: 0.0]
      [Object Copy (ms): Min: 0.0, Avg: 0.9, Max: 2.0, Diff: 2.0, Sum: 7.6]
      [Termination (ms): Min: 0.0, Avg: 1.6, Max: 2.5, Diff: 2.5, Sum: 12.6]
         [Termination Attempts: Min: 1, Avg: 5.8, Max: 17, Diff: 16, Sum: 46]
      [GC Worker Other (ms): Min: 0.0, Avg: 0.0, Max: 0.0, Diff: 0.0, Sum: 0.0]
      [GC Worker Total (ms): Min: 0.0, Avg: 4.3, Max: 8.5, Diff: 8.5, Sum: 34.6]
      [GC Worker End (ms): Min: 362822518.3, Avg: 362822518.3, Max: 362822518.4, Diff: 0.1]
   [Code Root Fixup: 0.0 ms]
   [Code Root Purge: 0.0 ms]
   [Clear CT: 1.0 ms]
   [Other: 31.7 ms]
      [Choose CSet: 0.0 ms]
      [Ref Proc: 31.2 ms]
      [Ref Enq: 0.2 ms]
      [Redirty Cards: 0.1 ms]
      [Humongous Register: 0.0 ms]
      [Humongous Reclaim: 0.0 ms]
      [Free CSet: 0.1 ms]
   [Eden: 7152.0M(7152.0M)->0.0B(5712.0M) Survivors: 16384.0K->16384.0K Heap: 10838.5M(14336.0M)->3687.8M(14336.0M)]
 [Times: user=0.14 sys=0.00, real=0.06 secs] 
2022-09-14T03:47:47.029-0600: 362895.547: [GC pause (G1 Evacuation Pause) (mixed), 0.0301603 secs]
   [Parallel Time: 10.7 ms, GC Workers: 8]
      [GC Worker Start (ms): Min: 362895546.6, Avg: 362895549.4, Max: 362895552.3, Diff: 5.7]
      [Ext Root Scanning (ms): Min: 0.0, Avg: 0.9, Max: 3.7, Diff: 3.7, Sum: 7.3]
      [Update RS (ms): Min: 0.0, Avg: 1.0, Max: 2.4, Diff: 2.4, Sum: 8.0]
         [Processed Buffers: Min: 0, Avg: 5.5, Max: 23, Diff: 23, Sum: 44]
      [Scan RS (ms): Min: 0.0, Avg: 0.9, Max: 1.5, Diff: 1.5, Sum: 7.2]
      [Code Root Scanning (ms): Min: 0.0, Avg: 0.0, Max: 0.0, Diff: 0.0, Sum: 0.0]
      [Object Copy (ms): Min: 4.1, Avg: 4.3, Max: 4.9, Diff: 0.9, Sum: 34.1]
      [Termination (ms): Min: 0.0, Avg: 0.5, Max: 0.6, Diff: 0.6, Sum: 4.2]
         [Termination Attempts: Min: 1, Avg: 37.8, Max: 56, Diff: 55, Sum: 302]
      [GC Worker Other (ms): Min: 0.0, Avg: 0.0, Max: 0.0, Diff: 0.0, Sum: 0.2]
      [GC Worker Total (ms): Min: 4.7, Avg: 7.6, Max: 10.4, Diff: 5.7, Sum: 61.0]
      [GC Worker End (ms): Min: 362895557.0, Avg: 362895557.0, Max: 362895557.0, Diff: 0.0]
   [Code Root Fixup: 0.0 ms]
   [Code Root Purge: 0.0 ms]
   [Clear CT: 0.8 ms]
   [Other: 18.7 ms]
      [Choose CSet: 0.0 ms]
      [Ref Proc: 18.3 ms]
      [Ref Enq: 0.1 ms]
      [Redirty Cards: 0.1 ms]
      [Humongous Register: 0.0 ms]
      [Humongous Reclaim: 0.0 ms]
      [Free CSet: 0.1 ms]
   [Eden: 5712.0M(5712.0M)->0.0B(7152.0M) Survivors: 16384.0K->16384.0K Heap: 9399.8M(14336.0M)->3682.9M(14336.0M)]
 [Times: user=0.10 sys=0.00, real=0.03 secs] 
2022-09-14T03:49:19.330-0600: 362987.847: [GC pause (G1 Evacuation Pause) (young), 0.0227503 secs]
   [Parallel Time: 10.7 ms, GC Workers: 8]
      [GC Worker Start (ms): Min: 362987847.3, Avg: 362987850.8, Max: 362987854.3, Diff: 7.0]
      [Ext Root Scanning (ms): Min: 0.0, Avg: 0.7, Max: 2.9, Diff: 2.9, Sum: 5.9]
      [Update RS (ms): Min: 0.0, Avg: 3.3, Max: 7.6, Diff: 7.6, Sum: 26.1]
         [Processed Buffers: Min: 0, Avg: 15.2, Max: 29, Diff: 29, Sum: 122]
      [Scan RS (ms): Min: 0.0, Avg: 0.0, Max: 0.1, Diff: 0.0, Sum: 0.3]
      [Code Root Scanning (ms): Min: 0.0, Avg: 0.0, Max: 0.0, Diff: 0.0, Sum: 0.0]
      [Object Copy (ms): Min: 0.0, Avg: 1.2, Max: 1.6, Diff: 1.6, Sum: 9.8]
      [Termination (ms): Min: 0.0, Avg: 1.8, Max: 2.2, Diff: 2.2, Sum: 14.3]
         [Termination Attempts: Min: 1, Avg: 35.8, Max: 61, Diff: 60, Sum: 286]
      [GC Worker Other (ms): Min: 0.0, Avg: 0.0, Max: 0.0, Diff: 0.0, Sum: 0.1]
      [GC Worker Total (ms): Min: 3.4, Avg: 7.1, Max: 10.4, Diff: 7.0, Sum: 56.4]
      [GC Worker End (ms): Min: 362987857.8, Avg: 362987857.8, Max: 362987857.9, Diff: 0.2]
   [Code Root Fixup: 0.0 ms]
   [Code Root Purge: 0.0 ms]
   [Clear CT: 0.6 ms]
   [Other: 11.5 ms]
      [Choose CSet: 0.0 ms]
      [Ref Proc: 11.1 ms]
      [Ref Enq: 0.1 ms]
      [Redirty Cards: 0.1 ms]
      [Humongous Register: 0.0 ms]
      [Humongous Reclaim: 0.0 ms]
      [Free CSet: 0.1 ms]
   [Eden: 7152.0M(7152.0M)->0.0B(7152.0M) Survivors: 16384.0K->16384.0K Heap: 10834.9M(14336.0M)->3687.7M(14336.0M)]
 [Times: user=0.09 sys=0.01, real=0.02 secs] 
2022-09-14T03:50:49.575-0600: 363078.092: [GC pause (G1 Evacuation Pause) (young) (initial-mark), 0.0445096 secs]
   [Parallel Time: 14.5 ms, GC Workers: 8]
      [GC Worker Start (ms): Min: 363078093.6, Avg: 363078095.4, Max: 363078096.3, Diff: 2.7]
      [Ext Root Scanning (ms): Min: 2.0, Avg: 6.9, Max: 10.4, Diff: 8.4, Sum: 55.4]
      [Update RS (ms): Min: 0.0, Avg: 0.9, Max: 2.4, Diff: 2.4, Sum: 7.1]
         [Processed Buffers: Min: 0, Avg: 6.1, Max: 20, Diff: 20, Sum: 49]
      [Scan RS (ms): Min: 0.0, Avg: 0.0, Max: 0.1, Diff: 0.1, Sum: 0.2]
      [Code Root Scanning (ms): Min: 0.0, Avg: 0.0, Max: 0.0, Diff: 0.0, Sum: 0.0]
      [Object Copy (ms): Min: 0.0, Avg: 0.9, Max: 1.8, Diff: 1.8, Sum: 6.8]
      [Termination (ms): Min: 0.0, Avg: 2.7, Max: 4.4, Diff: 4.4, Sum: 21.4]
         [Termination Attempts: Min: 1, Avg: 3.5, Max: 8, Diff: 7, Sum: 28]
      [GC Worker Other (ms): Min: 0.0, Avg: 0.0, Max: 0.0, Diff: 0.0, Sum: 0.0]
      [GC Worker Total (ms): Min: 10.4, Avg: 11.4, Max: 13.1, Diff: 2.7, Sum: 91.1]
      [GC Worker End (ms): Min: 363078106.7, Avg: 363078106.8, Max: 363078106.9, Diff: 0.2]
   [Code Root Fixup: 0.0 ms]
   [Code Root Purge: 0.0 ms]
   [Clear CT: 0.8 ms]
   [Other: 29.2 ms]
      [Choose CSet: 0.0 ms]
      [Ref Proc: 28.8 ms]
      [Ref Enq: 0.1 ms]
      [Redirty Cards: 0.1 ms]
      [Humongous Register: 0.0 ms]
      [Humongous Reclaim: 0.0 ms]
      [Free CSet: 0.1 ms]
   [Eden: 7152.0M(7152.0M)->0.0B(7152.0M) Survivors: 16384.0K->16384.0K Heap: 10839.7M(14336.0M)->3689.0M(14336.0M)]
 [Times: user=0.14 sys=0.00, real=0.04 secs] 
2022-09-14T03:50:49.619-0600: 363078.137: [GC concurrent-root-region-scan-start]
2022-09-14T03:50:49.625-0600: 363078.143: [GC concurrent-root-region-scan-end, 0.0062098 secs]
2022-09-14T03:50:49.625-0600: 363078.143: [GC concurrent-mark-start]
2022-09-14T03:50:50.970-0600: 363079.488: [GC concurrent-mark-end, 1.3450149 secs]
2022-09-14T03:50:50.988-0600: 363079.505: [GC remark 2022-09-14T03:50:50.988-0600: 363079.505: [Finalize Marking, 0.0033877 secs] 2022-09-14T03:50:50.991-0600: 363079.509: [GC ref-proc, 0.0248255 secs] 2022-09-14T03:50:51.016-0600: 363079.534: [Unloading, 0.0289866 secs], 0.0616569 secs]
 [Times: user=0.24 sys=0.00, real=0.06 secs] 
2022-09-14T03:50:51.050-0600: 363079.567: [GC cleanup 3848M->3848M(14336M), 0.0073738 secs]
 [Times: user=0.02 sys=0.00, real=0.01 secs] 
2022-09-14T03:52:19.081-0600: 363167.598: [GC pause (G1 Evacuation Pause) (young), 0.0285494 secs]
   [Parallel Time: 6.9 ms, GC Workers: 8]
      [GC Worker Start (ms): Min: 363167598.5, Avg: 363167601.4, Max: 363167605.3, Diff: 6.8]
      [Ext Root Scanning (ms): Min: 0.0, Avg: 0.8, Max: 3.3, Diff: 3.3, Sum: 6.7]
      [Update RS (ms): Min: 0.0, Avg: 1.0, Max: 2.6, Diff: 2.6, Sum: 8.3]
         [Processed Buffers: Min: 0, Avg: 6.0, Max: 17, Diff: 17, Sum: 48]
      [Scan RS (ms): Min: 0.0, Avg: 0.0, Max: 0.1, Diff: 0.1, Sum: 0.2]
      [Code Root Scanning (ms): Min: 0.0, Avg: 0.0, Max: 0.0, Diff: 0.0, Sum: 0.0]
      [Object Copy (ms): Min: 0.0, Avg: 1.1, Max: 1.9, Diff: 1.9, Sum: 8.9]
      [Termination (ms): Min: 0.0, Avg: 0.9, Max: 1.3, Diff: 1.3, Sum: 7.4]
         [Termination Attempts: Min: 1, Avg: 2.1, Max: 5, Diff: 4, Sum: 17]
      [GC Worker Other (ms): Min: 0.0, Avg: 0.0, Max: 0.0, Diff: 0.0, Sum: 0.0]
      [GC Worker Total (ms): Min: 0.0, Avg: 4.0, Max: 6.9, Diff: 6.9, Sum: 31.6]
      [GC Worker End (ms): Min: 363167605.3, Avg: 363167605.3, Max: 363167605.4, Diff: 0.1]
   [Code Root Fixup: 0.0 ms]
   [Code Root Purge: 0.0 ms]
   [Clear CT: 0.6 ms]
   [Other: 20.9 ms]
      [Choose CSet: 0.0 ms]
      [Ref Proc: 20.5 ms]
      [Ref Enq: 0.2 ms]
      [Redirty Cards: 0.1 ms]
      [Humongous Register: 0.0 ms]
      [Humongous Reclaim: 0.0 ms]
      [Free CSet: 0.1 ms]
   [Eden: 7152.0M(7152.0M)->0.0B(5712.0M) Survivors: 16384.0K->16384.0K Heap: 10841.0M(14336.0M)->3692.1M(14336.0M)]
 [Times: user=0.10 sys=0.00, real=0.02 secs] 
2022-09-14T03:53:29.676-0600: 363238.193: [GC pause (G1 Evacuation Pause) (mixed), 0.0352734 secs]
   [Parallel Time: 11.0 ms, GC Workers: 8]
      [GC Worker Start (ms): Min: 363238193.4, Avg: 363238196.7, Max: 363238202.3, Diff: 8.9]
      [Ext Root Scanning (ms): Min: 0.0, Avg: 1.0, Max: 3.9, Diff: 3.9, Sum: 7.7]
      [Update RS (ms): Min: 0.0, Avg: 1.0, Max: 2.6, Diff: 2.6, Sum: 8.2]
         [Processed Buffers: Min: 0, Avg: 6.2, Max: 15, Diff: 15, Sum: 50]
      [Scan RS (ms): Min: 0.0, Avg: 1.0, Max: 2.3, Diff: 2.3, Sum: 8.3]
      [Code Root Scanning (ms): Min: 0.0, Avg: 0.0, Max: 0.0, Diff: 0.0, Sum: 0.0]
      [Object Copy (ms): Min: 0.4, Avg: 3.0, Max: 3.6, Diff: 3.2, Sum: 24.2]
      [Termination (ms): Min: 0.0, Avg: 0.0, Max: 0.0, Diff: 0.0, Sum: 0.0]
         [Termination Attempts: Min: 1, Avg: 3.2, Max: 7, Diff: 6, Sum: 26]
      [GC Worker Other (ms): Min: 0.0, Avg: 0.2, Max: 1.5, Diff: 1.5, Sum: 1.6]
      [GC Worker Total (ms): Min: 0.5, Avg: 6.3, Max: 10.0, Diff: 9.5, Sum: 50.0]
      [GC Worker End (ms): Min: 363238202.8, Avg: 363238203.0, Max: 363238204.3, Diff: 1.5]
   [Code Root Fixup: 0.0 ms]
   [Code Root Purge: 0.0 ms]
   [Clear CT: 0.9 ms]
   [Other: 23.3 ms]
      [Choose CSet: 0.0 ms]
      [Ref Proc: 22.8 ms]
      [Ref Enq: 0.1 ms]
      [Redirty Cards: 0.2 ms]
      [Humongous Register: 0.0 ms]
      [Humongous Reclaim: 0.0 ms]
      [Free CSet: 0.1 ms]
   [Eden: 5712.0M(5712.0M)->0.0B(7152.0M) Survivors: 16384.0K->16384.0K Heap: 9404.1M(14336.0M)->3683.9M(14336.0M)]
 [Times: user=0.14 sys=0.00, real=0.03 secs] 
2022-09-14T03:54:59.180-0600: 363327.698: [GC pause (G1 Evacuation Pause) (young), 0.0340972 secs]
   [Parallel Time: 13.5 ms, GC Workers: 8]
      [GC Worker Start (ms): Min: 363327698.1, Avg: 363327703.8, Max: 363327710.0, Diff: 11.9]
      [Ext Root Scanning (ms): Min: 0.0, Avg: 0.8, Max: 3.1, Diff: 3.1, Sum: 6.4]
      [Update RS (ms): Min: 0.0, Avg: 4.1, Max: 10.0, Diff: 10.0, Sum: 33.1]
         [Processed Buffers: Min: 0, Avg: 15.2, Max: 43, Diff: 43, Sum: 122]
      [Scan RS (ms): Min: 0.0, Avg: 0.0, Max: 0.1, Diff: 0.1, Sum: 0.2]
      [Code Root Scanning (ms): Min: 0.0, Avg: 0.0, Max: 0.0, Diff: 0.0, Sum: 0.0]
      [Object Copy (ms): Min: 0.0, Avg: 1.1, Max: 1.9, Diff: 1.9, Sum: 8.6]
      [Termination (ms): Min: 0.0, Avg: 1.4, Max: 1.8, Diff: 1.8, Sum: 11.0]
         [Termination Attempts: Min: 1, Avg: 1.8, Max: 5, Diff: 4, Sum: 14]
      [GC Worker Other (ms): Min: 0.0, Avg: 0.0, Max: 0.0, Diff: 0.0, Sum: 0.0]
      [GC Worker Total (ms): Min: 1.2, Avg: 7.4, Max: 13.1, Diff: 11.9, Sum: 59.4]
      [GC Worker End (ms): Min: 363327711.2, Avg: 363327711.2, Max: 363327711.3, Diff: 0.2]
   [Code Root Fixup: 0.0 ms]
   [Code Root Purge: 0.0 ms]
   [Clear CT: 0.4 ms]
   [Other: 20.2 ms]
      [Choose CSet: 0.0 ms]
      [Ref Proc: 19.7 ms]
      [Ref Enq: 0.1 ms]
      [Redirty Cards: 0.1 ms]
      [Humongous Register: 0.0 ms]
      [Humongous Reclaim: 0.0 ms]
      [Free CSet: 0.1 ms]
   [Eden: 7152.0M(7152.0M)->0.0B(7152.0M) Survivors: 16384.0K->16384.0K Heap: 10835.9M(14336.0M)->3687.7M(14336.0M)]
 [Times: user=0.13 sys=0.00, real=0.04 secs] 
2022-09-14T03:56:28.028-0600: 363416.545: [GC pause (G1 Evacuation Pause) (young) (initial-mark), 0.0392073 secs]
   [Parallel Time: 20.9 ms, GC Workers: 8]
      [GC Worker Start (ms): Min: 363416546.7, Avg: 363416550.0, Max: 363416551.0, Diff: 4.3]
      [Ext Root Scanning (ms): Min: 2.0, Avg: 7.8, Max: 19.3, Diff: 17.3, Sum: 62.0]
      [Update RS (ms): Min: 0.0, Avg: 1.0, Max: 3.3, Diff: 3.3, Sum: 8.2]
         [Processed Buffers: Min: 0, Avg: 5.8, Max: 24, Diff: 24, Sum: 46]
      [Scan RS (ms): Min: 0.0, Avg: 0.0, Max: 0.1, Diff: 0.1, Sum: 0.2]
      [Code Root Scanning (ms): Min: 0.0, Avg: 0.0, Max: 0.0, Diff: 0.0, Sum: 0.0]
      [Object Copy (ms): Min: 0.0, Avg: 1.0, Max: 2.1, Diff: 2.1, Sum: 8.3]
      [Termination (ms): Min: 0.0, Avg: 6.3, Max: 8.0, Diff: 8.0, Sum: 50.3]
         [Termination Attempts: Min: 1, Avg: 11.6, Max: 25, Diff: 24, Sum: 93]
      [GC Worker Other (ms): Min: 0.0, Avg: 0.0, Max: 0.0, Diff: 0.0, Sum: 0.0]
      [GC Worker Total (ms): Min: 15.2, Avg: 16.1, Max: 19.4, Diff: 4.3, Sum: 129.1]
      [GC Worker End (ms): Min: 363416566.1, Avg: 363416566.2, Max: 363416566.3, Diff: 0.2]
   [Code Root Fixup: 0.0 ms]
   [Code Root Purge: 0.0 ms]
   [Clear CT: 0.7 ms]
   [Other: 17.6 ms]
      [Choose CSet: 0.0 ms]
      [Ref Proc: 17.2 ms]
      [Ref Enq: 0.1 ms]
      [Redirty Cards: 0.1 ms]
      [Humongous Register: 0.0 ms]
      [Humongous Reclaim: 0.0 ms]
      [Free CSet: 0.1 ms]
   [Eden: 7152.0M(7152.0M)->0.0B(7152.0M) Survivors: 16384.0K->16384.0K Heap: 10839.7M(14336.0M)->3689.3M(14336.0M)]
 [Times: user=0.15 sys=0.00, real=0.04 secs] 
2022-09-14T03:56:28.067-0600: 363416.585: [GC concurrent-root-region-scan-start]
2022-09-14T03:56:28.073-0600: 363416.590: [GC concurrent-root-region-scan-end, 0.0057720 secs]
2022-09-14T03:56:28.073-0600: 363416.590: [GC concurrent-mark-start]
2022-09-14T03:56:29.402-0600: 363417.920: [GC concurrent-mark-end, 1.3292896 secs]
2022-09-14T03:56:29.402-0600: 363417.920: [GC remark 2022-09-14T03:56:29.402-0600: 363417.920: [Finalize Marking, 0.0027593 secs] 2022-09-14T03:56:29.405-0600: 363417.923: [GC ref-proc, 0.0339249 secs] 2022-09-14T03:56:29.439-0600: 363417.957: [Unloading, 0.0262129 secs], 0.0674024 secs]
 [Times: user=0.28 sys=0.00, real=0.06 secs] 
2022-09-14T03:56:29.470-0600: 363417.988: [GC cleanup 3833M->3833M(14336M), 0.0095504 secs]
 [Times: user=0.02 sys=0.00, real=0.01 secs] 
2022-09-14T03:57:57.579-0600: 363506.096: [GC pause (G1 Evacuation Pause) (young), 0.0200660 secs]
   [Parallel Time: 5.9 ms, GC Workers: 8]
      [GC Worker Start (ms): Min: 363506096.5, Avg: 363506099.4, Max: 363506102.3, Diff: 5.8]
      [Ext Root Scanning (ms): Min: 0.0, Avg: 0.8, Max: 3.0, Diff: 3.0, Sum: 6.7]
      [Update RS (ms): Min: 0.0, Avg: 1.0, Max: 1.9, Diff: 1.9, Sum: 8.3]
         [Processed Buffers: Min: 0, Avg: 5.4, Max: 13, Diff: 13, Sum: 43]
      [Scan RS (ms): Min: 0.0, Avg: 0.0, Max: 0.1, Diff: 0.1, Sum: 0.2]
      [Code Root Scanning (ms): Min: 0.0, Avg: 0.0, Max: 0.0, Diff: 0.0, Sum: 0.0]
      [Object Copy (ms): Min: 0.0, Avg: 1.0, Max: 1.7, Diff: 1.7, Sum: 7.7]
      [Termination (ms): Min: 0.0, Avg: 0.1, Max: 0.2, Diff: 0.2, Sum: 1.0]
         [Termination Attempts: Min: 1, Avg: 2.4, Max: 6, Diff: 5, Sum: 19]
      [GC Worker Other (ms): Min: 0.0, Avg: 0.0, Max: 0.0, Diff: 0.0, Sum: 0.1]
      [GC Worker Total (ms): Min: 0.0, Avg: 3.0, Max: 5.8, Diff: 5.8, Sum: 24.0]
      [GC Worker End (ms): Min: 363506102.4, Avg: 363506102.4, Max: 363506102.4, Diff: 0.0]
   [Code Root Fixup: 0.0 ms]
   [Code Root Purge: 0.0 ms]
   [Clear CT: 0.8 ms]
   [Other: 13.3 ms]
      [Choose CSet: 0.0 ms]
      [Ref Proc: 12.9 ms]
      [Ref Enq: 0.1 ms]
      [Redirty Cards: 0.1 ms]
      [Humongous Register: 0.0 ms]
      [Humongous Reclaim: 0.0 ms]
      [Free CSet: 0.1 ms]
   [Eden: 7152.0M(7152.0M)->0.0B(5712.0M) Survivors: 16384.0K->16384.0K Heap: 10841.3M(14336.0M)->3691.5M(14336.0M)]
 [Times: user=0.07 sys=0.00, real=0.02 secs] 
2022-09-14T03:59:09.075-0600: 363577.593: [GC pause (G1 Evacuation Pause) (mixed), 0.0255094 secs]
   [Parallel Time: 6.3 ms, GC Workers: 8]
      [GC Worker Start (ms): Min: 363577592.7, Avg: 363577593.0, Max: 363577594.3, Diff: 1.6]
      [Ext Root Scanning (ms): Min: 0.0, Avg: 1.5, Max: 3.7, Diff: 3.7, Sum: 12.2]
      [Update RS (ms): Min: 0.0, Avg: 1.1, Max: 1.7, Diff: 1.7, Sum: 9.1]
         [Processed Buffers: Min: 0, Avg: 6.2, Max: 12, Diff: 12, Sum: 50]
      [Scan RS (ms): Min: 0.3, Avg: 1.0, Max: 1.2, Diff: 0.9, Sum: 7.7]
      [Code Root Scanning (ms): Min: 0.0, Avg: 0.0, Max: 0.0, Diff: 0.0, Sum: 0.0]
      [Object Copy (ms): Min: 2.2, Avg: 2.3, Max: 2.4, Diff: 0.2, Sum: 18.1]
      [Termination (ms): Min: 0.0, Avg: 0.0, Max: 0.1, Diff: 0.1, Sum: 0.3]
         [Termination Attempts: Min: 3, Avg: 13.5, Max: 22, Diff: 19, Sum: 108]
      [GC Worker Other (ms): Min: 0.0, Avg: 0.0, Max: 0.0, Diff: 0.0, Sum: 0.1]
      [GC Worker Total (ms): Min: 4.7, Avg: 5.9, Max: 6.2, Diff: 1.5, Sum: 47.5]
      [GC Worker End (ms): Min: 363577599.0, Avg: 363577599.0, Max: 363577599.0, Diff: 0.0]
   [Code Root Fixup: 0.0 ms]
   [Code Root Purge: 0.0 ms]
   [Clear CT: 0.6 ms]
   [Other: 18.6 ms]
      [Choose CSet: 0.0 ms]
      [Ref Proc: 18.1 ms]
      [Ref Enq: 0.1 ms]
      [Redirty Cards: 0.1 ms]
      [Humongous Register: 0.0 ms]
      [Humongous Reclaim: 0.0 ms]
      [Free CSet: 0.1 ms]
   [Eden: 5712.0M(5712.0M)->0.0B(7152.0M) Survivors: 16384.0K->16384.0K Heap: 9403.5M(14336.0M)->3680.4M(14336.0M)]
 [Times: user=0.11 sys=0.00, real=0.02 secs] 
2022-09-14T04:00:37.878-0600: 363666.396: [GC pause (G1 Evacuation Pause) (young), 0.0241627 secs]
   [Parallel Time: 8.5 ms, GC Workers: 8]
      [GC Worker Start (ms): Min: 363666395.7, Avg: 363666398.2, Max: 363666400.9, Diff: 5.2]
      [Ext Root Scanning (ms): Min: 0.0, Avg: 0.8, Max: 3.3, Diff: 3.2, Sum: 6.8]
      [Update RS (ms): Min: 1.3, Avg: 3.4, Max: 5.6, Diff: 4.4, Sum: 27.3]
         [Processed Buffers: Min: 4, Avg: 13.0, Max: 21, Diff: 17, Sum: 104]
      [Scan RS (ms): Min: 0.0, Avg: 0.0, Max: 0.1, Diff: 0.1, Sum: 0.2]
      [Code Root Scanning (ms): Min: 0.0, Avg: 0.0, Max: 0.0, Diff: 0.0, Sum: 0.0]
      [Object Copy (ms): Min: 0.0, Avg: 0.9, Max: 1.4, Diff: 1.4, Sum: 7.5]
      [Termination (ms): Min: 0.0, Avg: 0.7, Max: 0.9, Diff: 0.9, Sum: 5.4]
         [Termination Attempts: Min: 1, Avg: 2.4, Max: 5, Diff: 4, Sum: 19]
      [GC Worker Other (ms): Min: 0.0, Avg: 0.0, Max: 0.0, Diff: 0.0, Sum: 0.1]
      [GC Worker Total (ms): Min: 3.2, Avg: 5.9, Max: 8.4, Diff: 5.2, Sum: 47.3]
      [GC Worker End (ms): Min: 363666404.0, Avg: 363666404.1, Max: 363666404.2, Diff: 0.1]
   [Code Root Fixup: 0.0 ms]
   [Code Root Purge: 0.0 ms]
   [Clear CT: 0.8 ms]
   [Other: 14.9 ms]
      [Choose CSet: 0.0 ms]
      [Ref Proc: 14.4 ms]
      [Ref Enq: 0.1 ms]
      [Redirty Cards: 0.1 ms]
      [Humongous Register: 0.0 ms]
      [Humongous Reclaim: 0.0 ms]
      [Free CSet: 0.1 ms]
   [Eden: 7152.0M(7152.0M)->0.0B(7152.0M) Survivors: 16384.0K->16384.0K Heap: 10832.4M(14336.0M)->3685.5M(14336.0M)]
 [Times: user=0.08 sys=0.00, real=0.03 secs] 
2022-09-14T04:02:06.029-0600: 363754.547: [GC pause (G1 Evacuation Pause) (young) (initial-mark), 0.0380915 secs]
   [Parallel Time: 14.3 ms, GC Workers: 8]
      [GC Worker Start (ms): Min: 363754548.2, Avg: 363754550.0, Max: 363754551.0, Diff: 2.7]
      [Ext Root Scanning (ms): Min: 2.3, Avg: 6.7, Max: 10.8, Diff: 8.5, Sum: 53.8]
      [Update RS (ms): Min: 0.0, Avg: 0.9, Max: 2.4, Diff: 2.4, Sum: 7.4]
         [Processed Buffers: Min: 0, Avg: 6.2, Max: 25, Diff: 25, Sum: 50]
      [Scan RS (ms): Min: 0.0, Avg: 0.0, Max: 0.1, Diff: 0.1, Sum: 0.2]
      [Code Root Scanning (ms): Min: 0.0, Avg: 0.0, Max: 0.0, Diff: 0.0, Sum: 0.0]
      [Object Copy (ms): Min: 0.0, Avg: 0.9, Max: 1.8, Diff: 1.7, Sum: 6.9]
      [Termination (ms): Min: 0.0, Avg: 2.5, Max: 3.9, Diff: 3.9, Sum: 20.3]
         [Termination Attempts: Min: 1, Avg: 4.1, Max: 12, Diff: 11, Sum: 33]
      [GC Worker Other (ms): Min: 0.0, Avg: 0.0, Max: 0.0, Diff: 0.0, Sum: 0.0]
      [GC Worker Total (ms): Min: 10.1, Avg: 11.1, Max: 13.0, Diff: 2.9, Sum: 88.7]
      [GC Worker End (ms): Min: 363754561.1, Avg: 363754561.1, Max: 363754561.3, Diff: 0.2]
   [Code Root Fixup: 0.0 ms]
   [Code Root Purge: 0.0 ms]
   [Clear CT: 0.9 ms]
   [Other: 22.8 ms]
      [Choose CSet: 0.0 ms]
      [Ref Proc: 22.4 ms]
      [Ref Enq: 0.1 ms]
      [Redirty Cards: 0.1 ms]
      [Humongous Register: 0.0 ms]
      [Humongous Reclaim: 0.0 ms]
      [Free CSet: 0.1 ms]
   [Eden: 7152.0M(7152.0M)->0.0B(7152.0M) Survivors: 16384.0K->16384.0K Heap: 10837.5M(14336.0M)->3687.5M(14336.0M)]
 [Times: user=0.13 sys=0.00, real=0.04 secs] 
2022-09-14T04:02:06.067-0600: 363754.585: [GC concurrent-root-region-scan-start]
2022-09-14T04:02:06.073-0600: 363754.591: [GC concurrent-root-region-scan-end, 0.0058443 secs]
2022-09-14T04:02:06.073-0600: 363754.591: [GC concurrent-mark-start]
2022-09-14T04:02:07.394-0600: 363755.912: [GC concurrent-mark-end, 1.3206039 secs]
2022-09-14T04:02:07.394-0600: 363755.912: [GC remark 2022-09-14T04:02:07.394-0600: 363755.912: [Finalize Marking, 0.0019484 secs] 2022-09-14T04:02:07.396-0600: 363755.914: [GC ref-proc, 0.0266391 secs] 2022-09-14T04:02:07.423-0600: 363755.940: [Unloading, 0.0275519 secs], 0.0701728 secs]
 [Times: user=0.25 sys=0.00, real=0.07 secs] 
2022-09-14T04:02:07.464-0600: 363755.982: [GC cleanup 3797M->3797M(14336M), 0.0175571 secs]
 [Times: user=0.03 sys=0.00, real=0.02 secs] 
2022-09-14T04:03:36.625-0600: 363845.142: [GC pause (G1 Evacuation Pause) (young), 0.0299046 secs]
   [Parallel Time: 7.3 ms, GC Workers: 8]
      [GC Worker Start (ms): Min: 363845142.4, Avg: 363845146.4, Max: 363845149.5, Diff: 7.1]
      [Ext Root Scanning (ms): Min: 0.0, Avg: 0.7, Max: 2.9, Diff: 2.9, Sum: 5.9]
      [Update RS (ms): Min: 0.0, Avg: 0.9, Max: 2.4, Diff: 2.4, Sum: 7.0]
         [Processed Buffers: Min: 0, Avg: 5.1, Max: 15, Diff: 15, Sum: 41]
      [Scan RS (ms): Min: 0.0, Avg: 0.0, Max: 0.1, Diff: 0.1, Sum: 0.2]
      [Code Root Scanning (ms): Min: 0.0, Avg: 0.0, Max: 0.0, Diff: 0.0, Sum: 0.0]
      [Object Copy (ms): Min: 0.0, Avg: 0.8, Max: 1.7, Diff: 1.7, Sum: 6.1]
      [Termination (ms): Min: 0.0, Avg: 0.8, Max: 1.1, Diff: 1.1, Sum: 6.1]
         [Termination Attempts: Min: 1, Avg: 1.4, Max: 2, Diff: 1, Sum: 11]
      [GC Worker Other (ms): Min: 0.0, Avg: 0.0, Max: 0.0, Diff: 0.0, Sum: 0.0]
      [GC Worker Total (ms): Min: 0.0, Avg: 3.2, Max: 7.2, Diff: 7.1, Sum: 25.4]
      [GC Worker End (ms): Min: 363845149.6, Avg: 363845149.6, Max: 363845149.6, Diff: 0.1]
   [Code Root Fixup: 0.0 ms]
   [Code Root Purge: 0.0 ms]
   [Clear CT: 0.9 ms]
   [Other: 21.7 ms]
      [Choose CSet: 0.0 ms]
      [Ref Proc: 21.3 ms]
      [Ref Enq: 0.1 ms]
      [Redirty Cards: 0.1 ms]
      [Humongous Register: 0.0 ms]
      [Humongous Reclaim: 0.0 ms]
      [Free CSet: 0.1 ms]
   [Eden: 7152.0M(7152.0M)->0.0B(5712.0M) Survivors: 16384.0K->16384.0K Heap: 10839.5M(14336.0M)->3688.7M(14336.0M)]
 [Times: user=0.10 sys=0.00, real=0.03 secs] 
2022-09-14T04:04:49.429-0600: 363917.947: [GC pause (G1 Evacuation Pause) (mixed), 0.0320640 secs]
   [Parallel Time: 8.3 ms, GC Workers: 8]
      [GC Worker Start (ms): Min: 363917946.7, Avg: 363917949.3, Max: 363917954.3, Diff: 7.6]
      [Ext Root Scanning (ms): Min: 0.0, Avg: 0.8, Max: 3.2, Diff: 3.2, Sum: 6.4]
      [Update RS (ms): Min: 0.0, Avg: 1.0, Max: 1.5, Diff: 1.5, Sum: 7.9]
         [Processed Buffers: Min: 0, Avg: 6.1, Max: 10, Diff: 10, Sum: 49]
      [Scan RS (ms): Min: 0.0, Avg: 0.9, Max: 1.1, Diff: 1.1, Sum: 7.3]
      [Code Root Scanning (ms): Min: 0.0, Avg: 0.0, Max: 0.0, Diff: 0.0, Sum: 0.0]
      [Object Copy (ms): Min: 0.5, Avg: 2.9, Max: 4.3, Diff: 3.8, Sum: 22.8]
      [Termination (ms): Min: 0.0, Avg: 0.0, Max: 0.0, Diff: 0.0, Sum: 0.1]
         [Termination Attempts: Min: 1, Avg: 12.4, Max: 18, Diff: 17, Sum: 99]
      [GC Worker Other (ms): Min: 0.0, Avg: 0.0, Max: 0.0, Diff: 0.0, Sum: 0.1]
      [GC Worker Total (ms): Min: 0.5, Avg: 5.6, Max: 8.1, Diff: 7.6, Sum: 44.6]
      [GC Worker End (ms): Min: 363917954.8, Avg: 363917954.8, Max: 363917954.9, Diff: 0.0]
   [Code Root Fixup: 0.0 ms]
   [Code Root Purge: 0.0 ms]
   [Clear CT: 0.9 ms]
   [Other: 22.9 ms]
      [Choose CSet: 0.0 ms]
      [Ref Proc: 22.5 ms]
      [Ref Enq: 0.1 ms]
      [Redirty Cards: 0.1 ms]
      [Humongous Register: 0.0 ms]
      [Humongous Reclaim: 0.0 ms]
      [Free CSet: 0.1 ms]
   [Eden: 5712.0M(5712.0M)->0.0B(7152.0M) Survivors: 16384.0K->16384.0K Heap: 9400.7M(14336.0M)->3681.4M(14336.0M)]
 [Times: user=0.11 sys=0.00, real=0.04 secs] 
2022-09-14T04:06:18.075-0600: 364006.593: [GC pause (G1 Evacuation Pause) (young), 0.0277861 secs]
   [Parallel Time: 11.7 ms, GC Workers: 8]
      [GC Worker Start (ms): Min: 364006593.1, Avg: 364006596.8, Max: 364006599.5, Diff: 6.4]
      [Ext Root Scanning (ms): Min: 0.0, Avg: 0.8, Max: 2.9, Diff: 2.9, Sum: 6.6]
      [Update RS (ms): Min: 3.0, Avg: 4.9, Max: 6.4, Diff: 3.4, Sum: 39.4]
         [Processed Buffers: Min: 10, Avg: 15.4, Max: 21, Diff: 11, Sum: 123]
      [Scan RS (ms): Min: 0.0, Avg: 0.0, Max: 0.1, Diff: 0.1, Sum: 0.2]
      [Code Root Scanning (ms): Min: 0.0, Avg: 0.0, Max: 0.0, Diff: 0.0, Sum: 0.0]
      [Object Copy (ms): Min: 0.0, Avg: 1.3, Max: 1.8, Diff: 1.8, Sum: 10.7]
      [Termination (ms): Min: 0.0, Avg: 0.6, Max: 0.8, Diff: 0.8, Sum: 5.1]
         [Termination Attempts: Min: 1, Avg: 42.0, Max: 65, Diff: 64, Sum: 336]
      [GC Worker Other (ms): Min: 0.0, Avg: 0.0, Max: 0.0, Diff: 0.0, Sum: 0.0]
      [GC Worker Total (ms): Min: 5.1, Avg: 7.8, Max: 11.6, Diff: 6.5, Sum: 62.1]
      [GC Worker End (ms): Min: 364006604.6, Avg: 364006604.6, Max: 364006604.7, Diff: 0.1]
   [Code Root Fixup: 0.0 ms]
   [Code Root Purge: 0.0 ms]
   [Clear CT: 0.6 ms]
   [Other: 15.6 ms]
      [Choose CSet: 0.0 ms]
      [Ref Proc: 15.1 ms]
      [Ref Enq: 0.1 ms]
      [Redirty Cards: 0.1 ms]
      [Humongous Register: 0.0 ms]
      [Humongous Reclaim: 0.0 ms]
      [Free CSet: 0.1 ms]
   [Eden: 7152.0M(7152.0M)->0.0B(7152.0M) Survivors: 16384.0K->16384.0K Heap: 10833.4M(14336.0M)->3686.8M(14336.0M)]
 [Times: user=0.10 sys=0.00, real=0.03 secs] 
2022-09-14T04:07:48.126-0600: 364096.644: [GC pause (G1 Evacuation Pause) (young) (initial-mark), 0.0469494 secs]
   [Parallel Time: 12.7 ms, GC Workers: 8]
      [GC Worker Start (ms): Min: 364096645.5, Avg: 364096646.7, Max: 364096647.7, Diff: 2.3]
      [Ext Root Scanning (ms): Min: 2.3, Avg: 5.7, Max: 9.0, Diff: 6.7, Sum: 45.7]
      [Update RS (ms): Min: 0.0, Avg: 1.1, Max: 2.7, Diff: 2.7, Sum: 9.1]
         [Processed Buffers: Min: 0, Avg: 6.0, Max: 25, Diff: 25, Sum: 48]
      [Scan RS (ms): Min: 0.0, Avg: 0.0, Max: 0.1, Diff: 0.1, Sum: 0.2]
      [Code Root Scanning (ms): Min: 0.0, Avg: 0.0, Max: 0.0, Diff: 0.0, Sum: 0.0]
      [Object Copy (ms): Min: 0.0, Avg: 1.3, Max: 2.1, Diff: 2.1, Sum: 10.8]
      [Termination (ms): Min: 0.0, Avg: 1.9, Max: 2.3, Diff: 2.3, Sum: 15.1]
         [Termination Attempts: Min: 1, Avg: 9.4, Max: 20, Diff: 19, Sum: 75]
      [GC Worker Other (ms): Min: 0.0, Avg: 0.0, Max: 0.0, Diff: 0.0, Sum: 0.1]
      [GC Worker Total (ms): Min: 9.0, Avg: 10.1, Max: 11.4, Diff: 2.3, Sum: 80.9]
      [GC Worker End (ms): Min: 364096656.7, Avg: 364096656.8, Max: 364096656.8, Diff: 0.1]
   [Code Root Fixup: 0.0 ms]
   [Code Root Purge: 0.0 ms]
   [Clear CT: 0.6 ms]
   [Other: 33.7 ms]
      [Choose CSet: 0.0 ms]
      [Ref Proc: 33.2 ms]
      [Ref Enq: 0.1 ms]
      [Redirty Cards: 0.1 ms]
      [Humongous Register: 0.0 ms]
      [Humongous Reclaim: 0.0 ms]
      [Free CSet: 0.1 ms]
   [Eden: 7152.0M(7152.0M)->0.0B(7152.0M) Survivors: 16384.0K->16384.0K Heap: 10838.8M(14336.0M)->3689.8M(14336.0M)]
 [Times: user=0.18 sys=0.00, real=0.05 secs] 
2022-09-14T04:07:48.173-0600: 364096.691: [GC concurrent-root-region-scan-start]
2022-09-14T04:07:48.180-0600: 364096.697: [GC concurrent-root-region-scan-end, 0.0061341 secs]
2022-09-14T04:07:48.180-0600: 364096.697: [GC concurrent-mark-start]
2022-09-14T04:07:49.505-0600: 364098.023: [GC concurrent-mark-end, 1.3256229 secs]
2022-09-14T04:07:49.505-0600: 364098.023: [GC remark 2022-09-14T04:07:49.505-0600: 364098.023: [Finalize Marking, 0.0013505 secs] 2022-09-14T04:07:49.507-0600: 364098.024: [GC ref-proc, 0.0341020 secs] 2022-09-14T04:07:49.541-0600: 364098.059: [Unloading, 0.0234402 secs], 0.0675052 secs]
 [Times: user=0.32 sys=0.00, real=0.07 secs] 
2022-09-14T04:07:49.573-0600: 364098.091: [GC cleanup 3857M->3857M(14336M), 0.0090526 secs]
 [Times: user=0.03 sys=0.00, real=0.01 secs] 
2022-09-14T04:09:17.674-0600: 364186.192: [GC pause (G1 Evacuation Pause) (young), 0.0290989 secs]
   [Parallel Time: 9.3 ms, GC Workers: 8]
      [GC Worker Start (ms): Min: 364186192.0, Avg: 364186196.7, Max: 364186200.0, Diff: 8.0]
      [Ext Root Scanning (ms): Min: 0.0, Avg: 0.8, Max: 3.1, Diff: 3.1, Sum: 6.2]
      [Update RS (ms): Min: 0.0, Avg: 0.9, Max: 2.5, Diff: 2.5, Sum: 7.4]
         [Processed Buffers: Min: 0, Avg: 6.5, Max: 21, Diff: 21, Sum: 52]
      [Scan RS (ms): Min: 0.0, Avg: 0.0, Max: 0.1, Diff: 0.1, Sum: 0.2]
      [Code Root Scanning (ms): Min: 0.0, Avg: 0.0, Max: 0.0, Diff: 0.0, Sum: 0.0]
      [Object Copy (ms): Min: 0.0, Avg: 1.3, Max: 3.5, Diff: 3.5, Sum: 10.3]
      [Termination (ms): Min: 0.0, Avg: 1.4, Max: 1.8, Diff: 1.8, Sum: 11.0]
         [Termination Attempts: Min: 1, Avg: 7.9, Max: 18, Diff: 17, Sum: 63]
      [GC Worker Other (ms): Min: 0.0, Avg: 0.0, Max: 0.0, Diff: 0.0, Sum: 0.0]
      [GC Worker Total (ms): Min: 1.2, Avg: 4.4, Max: 9.1, Diff: 8.0, Sum: 35.1]
      [GC Worker End (ms): Min: 364186201.1, Avg: 364186201.1, Max: 364186201.1, Diff: 0.0]
   [Code Root Fixup: 0.0 ms]
   [Code Root Purge: 0.0 ms]
   [Clear CT: 0.8 ms]
   [Other: 19.0 ms]
      [Choose CSet: 0.0 ms]
      [Ref Proc: 18.5 ms]
      [Ref Enq: 0.1 ms]
      [Redirty Cards: 0.1 ms]
      [Humongous Register: 0.0 ms]
      [Humongous Reclaim: 0.0 ms]
      [Free CSet: 0.2 ms]
   [Eden: 7152.0M(7152.0M)->0.0B(5712.0M) Survivors: 16384.0K->16384.0K Heap: 10841.8M(14336.0M)->3689.0M(14336.0M)]
 [Times: user=0.10 sys=0.00, real=0.03 secs] 
2022-09-14T04:10:29.029-0600: 364257.547: [GC pause (G1 Evacuation Pause) (mixed), 0.0393104 secs]
   [Parallel Time: 19.6 ms, GC Workers: 8]
      [GC Worker Start (ms): Min: 364257546.9, Avg: 364257554.3, Max: 364257561.3, Diff: 14.4]
      [Ext Root Scanning (ms): Min: 0.0, Avg: 0.8, Max: 4.1, Diff: 4.1, Sum: 6.6]
      [Update RS (ms): Min: 0.0, Avg: 0.9, Max: 2.4, Diff: 2.4, Sum: 7.0]
         [Processed Buffers: Min: 0, Avg: 5.4, Max: 22, Diff: 22, Sum: 43]
      [Scan RS (ms): Min: 0.0, Avg: 0.7, Max: 2.0, Diff: 2.0, Sum: 5.8]
      [Code Root Scanning (ms): Min: 0.0, Avg: 0.0, Max: 0.0, Diff: 0.0, Sum: 0.0]
      [Object Copy (ms): Min: 0.0, Avg: 4.8, Max: 10.8, Diff: 10.8, Sum: 38.6]
      [Termination (ms): Min: 0.0, Avg: 4.9, Max: 5.7, Diff: 5.7, Sum: 39.1]
         [Termination Attempts: Min: 1, Avg: 11.8, Max: 25, Diff: 24, Sum: 94]
      [GC Worker Other (ms): Min: 0.0, Avg: 0.0, Max: 0.0, Diff: 0.0, Sum: 0.0]
      [GC Worker Total (ms): Min: 5.0, Avg: 12.1, Max: 19.5, Diff: 14.5, Sum: 97.1]
      [GC Worker End (ms): Min: 364257566.3, Avg: 364257566.4, Max: 364257566.5, Diff: 0.2]
   [Code Root Fixup: 0.0 ms]
   [Code Root Purge: 0.0 ms]
   [Clear CT: 0.6 ms]
   [Other: 19.2 ms]
      [Choose CSet: 0.0 ms]
      [Ref Proc: 18.7 ms]
      [Ref Enq: 0.1 ms]
      [Redirty Cards: 0.1 ms]
      [Humongous Register: 0.0 ms]
      [Humongous Reclaim: 0.0 ms]
      [Free CSet: 0.1 ms]
   [Eden: 5712.0M(5712.0M)->0.0B(7152.0M) Survivors: 16384.0K->16384.0K Heap: 9401.0M(14336.0M)->3681.4M(14336.0M)]
 [Times: user=0.15 sys=0.00, real=0.04 secs] 
2022-09-14T04:11:56.775-0600: 364345.293: [GC pause (G1 Evacuation Pause) (young), 0.0223632 secs]
   [Parallel Time: 6.4 ms, GC Workers: 8]
      [GC Worker Start (ms): Min: 364345292.8, Avg: 364345293.4, Max: 364345294.3, Diff: 1.5]
      [Ext Root Scanning (ms): Min: 0.0, Avg: 0.9, Max: 3.4, Diff: 3.4, Sum: 7.5]
      [Update RS (ms): Min: 1.5, Avg: 3.4, Max: 4.0, Diff: 2.5, Sum: 27.4]
         [Processed Buffers: Min: 9, Avg: 14.9, Max: 17, Diff: 8, Sum: 119]
      [Scan RS (ms): Min: 0.0, Avg: 0.0, Max: 0.1, Diff: 0.1, Sum: 0.3]
      [Code Root Scanning (ms): Min: 0.0, Avg: 0.0, Max: 0.0, Diff: 0.0, Sum: 0.0]
      [Object Copy (ms): Min: 1.2, Avg: 1.3, Max: 1.4, Diff: 0.2, Sum: 10.3]
      [Termination (ms): Min: 0.0, Avg: 0.0, Max: 0.0, Diff: 0.0, Sum: 0.0]
         [Termination Attempts: Min: 1, Avg: 1.0, Max: 1, Diff: 0, Sum: 8]
      [GC Worker Other (ms): Min: 0.0, Avg: 0.0, Max: 0.1, Diff: 0.0, Sum: 0.2]
      [GC Worker Total (ms): Min: 4.8, Avg: 5.7, Max: 6.3, Diff: 1.5, Sum: 45.6]
      [GC Worker End (ms): Min: 364345299.1, Avg: 364345299.1, Max: 364345299.1, Diff: 0.0]
   [Code Root Fixup: 0.0 ms]
   [Code Root Purge: 0.0 ms]
   [Clear CT: 0.6 ms]
   [Other: 15.4 ms]
      [Choose CSet: 0.0 ms]
      [Ref Proc: 15.0 ms]
      [Ref Enq: 0.1 ms]
      [Redirty Cards: 0.1 ms]
      [Humongous Register: 0.0 ms]
      [Humongous Reclaim: 0.0 ms]
      [Free CSet: 0.1 ms]
   [Eden: 7152.0M(7152.0M)->0.0B(7152.0M) Survivors: 16384.0K->16384.0K Heap: 10833.4M(14336.0M)->3688.5M(14336.0M)]
 [Times: user=0.10 sys=0.00, real=0.02 secs] 
2022-09-14T04:13:24.578-0600: 364433.096: [GC pause (G1 Evacuation Pause) (young) (initial-mark), 0.0341536 secs]
   [Parallel Time: 12.3 ms, GC Workers: 8]
      [GC Worker Start (ms): Min: 364433097.2, Avg: 364433099.1, Max: 364433100.1, Diff: 2.9]
      [Ext Root Scanning (ms): Min: 1.4, Avg: 5.8, Max: 8.0, Diff: 6.6, Sum: 46.2]
      [Update RS (ms): Min: 0.0, Avg: 1.6, Max: 4.9, Diff: 4.9, Sum: 12.9]
         [Processed Buffers: Min: 0, Avg: 5.9, Max: 15, Diff: 15, Sum: 47]
      [Scan RS (ms): Min: 0.0, Avg: 0.0, Max: 0.1, Diff: 0.1, Sum: 0.2]
      [Code Root Scanning (ms): Min: 0.0, Avg: 0.0, Max: 0.0, Diff: 0.0, Sum: 0.0]
      [Object Copy (ms): Min: 0.3, Avg: 1.6, Max: 2.2, Diff: 1.9, Sum: 12.7]
      [Termination (ms): Min: 0.0, Avg: 0.0, Max: 0.0, Diff: 0.0, Sum: 0.2]
         [Termination Attempts: Min: 1, Avg: 17.4, Max: 29, Diff: 28, Sum: 139]
      [GC Worker Other (ms): Min: 0.0, Avg: 0.0, Max: 0.0, Diff: 0.0, Sum: 0.1]
      [GC Worker Total (ms): Min: 8.1, Avg: 9.1, Max: 11.0, Diff: 2.9, Sum: 72.4]
      [GC Worker End (ms): Min: 364433108.2, Avg: 364433108.2, Max: 364433108.2, Diff: 0.0]
   [Code Root Fixup: 0.0 ms]
   [Code Root Purge: 0.0 ms]
   [Clear CT: 0.8 ms]
   [Other: 21.0 ms]
      [Choose CSet: 0.0 ms]
      [Ref Proc: 20.6 ms]
      [Ref Enq: 0.1 ms]
      [Redirty Cards: 0.1 ms]
      [Humongous Register: 0.0 ms]
      [Humongous Reclaim: 0.0 ms]
      [Free CSet: 0.1 ms]
   [Eden: 7152.0M(7152.0M)->0.0B(7152.0M) Survivors: 16384.0K->16384.0K Heap: 10840.5M(14336.0M)->3693.4M(14336.0M)]
 [Times: user=0.10 sys=0.00, real=0.03 secs] 
2022-09-14T04:13:24.612-0600: 364433.130: [GC concurrent-root-region-scan-start]
2022-09-14T04:13:24.619-0600: 364433.136: [GC concurrent-root-region-scan-end, 0.0063188 secs]
2022-09-14T04:13:24.619-0600: 364433.136: [GC concurrent-mark-start]
2022-09-14T04:13:25.943-0600: 364434.461: [GC concurrent-mark-end, 1.3245238 secs]
2022-09-14T04:13:25.943-0600: 364434.461: [GC remark 2022-09-14T04:13:25.943-0600: 364434.461: [Finalize Marking, 0.0030035 secs] 2022-09-14T04:13:25.946-0600: 364434.464: [GC ref-proc, 0.0286357 secs] 2022-09-14T04:13:25.975-0600: 364434.493: [Unloading, 0.0257771 secs], 0.0636114 secs]
 [Times: user=0.26 sys=0.00, real=0.06 secs] 
2022-09-14T04:13:26.007-0600: 364434.525: [GC cleanup 3853M->3853M(14336M), 0.0087019 secs]
 [Times: user=0.04 sys=0.00, real=0.01 secs] 
2022-09-14T04:14:53.126-0600: 364521.644: [GC pause (G1 Evacuation Pause) (young), 0.0295445 secs]
   [Parallel Time: 7.0 ms, GC Workers: 8]
      [GC Worker Start (ms): Min: 364521644.3, Avg: 364521646.8, Max: 364521650.3, Diff: 6.1]
      [Ext Root Scanning (ms): Min: 0.0, Avg: 0.8, Max: 3.3, Diff: 3.3, Sum: 6.7]
      [Update RS (ms): Min: 0.0, Avg: 1.6, Max: 4.6, Diff: 4.6, Sum: 12.8]
         [Processed Buffers: Min: 0, Avg: 6.5, Max: 12, Diff: 12, Sum: 52]
      [Scan RS (ms): Min: 0.0, Avg: 0.0, Max: 0.1, Diff: 0.1, Sum: 0.2]
      [Code Root Scanning (ms): Min: 0.0, Avg: 0.0, Max: 0.0, Diff: 0.0, Sum: 0.0]
      [Object Copy (ms): Min: 0.0, Avg: 0.8, Max: 1.3, Diff: 1.3, Sum: 6.1]
      [Termination (ms): Min: 0.0, Avg: 1.0, Max: 1.4, Diff: 1.4, Sum: 8.0]
         [Termination Attempts: Min: 1, Avg: 9.5, Max: 28, Diff: 27, Sum: 76]
      [GC Worker Other (ms): Min: 0.0, Avg: 0.0, Max: 0.0, Diff: 0.0, Sum: 0.0]
      [GC Worker Total (ms): Min: 0.7, Avg: 4.2, Max: 6.8, Diff: 6.1, Sum: 34.0]
      [GC Worker End (ms): Min: 364521651.0, Avg: 364521651.0, Max: 364521651.1, Diff: 0.1]
   [Code Root Fixup: 0.0 ms]
   [Code Root Purge: 0.0 ms]
   [Clear CT: 0.6 ms]
   [Other: 21.9 ms]
      [Choose CSet: 0.0 ms]
      [Ref Proc: 21.5 ms]
      [Ref Enq: 0.1 ms]
      [Redirty Cards: 0.1 ms]
      [Humongous Register: 0.0 ms]
      [Humongous Reclaim: 0.0 ms]
      [Free CSet: 0.1 ms]
   [Eden: 7152.0M(7152.0M)->0.0B(5712.0M) Survivors: 16384.0K->16384.0K Heap: 10845.4M(14336.0M)->3691.0M(14336.0M)]
 [Times: user=0.09 sys=0.00, real=0.03 secs] 
2022-09-14T04:16:02.873-0600: 364591.391: [GC pause (G1 Evacuation Pause) (mixed), 0.0359506 secs]
   [Parallel Time: 11.2 ms, GC Workers: 8]
      [GC Worker Start (ms): Min: 364591391.1, Avg: 364591395.0, Max: 364591400.6, Diff: 9.5]
      [Ext Root Scanning (ms): Min: 0.0, Avg: 0.9, Max: 3.7, Diff: 3.7, Sum: 7.1]
      [Update RS (ms): Min: 0.0, Avg: 1.0, Max: 2.4, Diff: 2.4, Sum: 8.0]
         [Processed Buffers: Min: 0, Avg: 5.8, Max: 15, Diff: 15, Sum: 46]
      [Scan RS (ms): Min: 0.0, Avg: 0.7, Max: 1.1, Diff: 1.1, Sum: 5.3]
      [Code Root Scanning (ms): Min: 0.0, Avg: 0.0, Max: 0.0, Diff: 0.0, Sum: 0.0]
      [Object Copy (ms): Min: 0.0, Avg: 2.9, Max: 5.7, Diff: 5.7, Sum: 23.1]
      [Termination (ms): Min: 0.0, Avg: 1.9, Max: 2.3, Diff: 2.3, Sum: 15.5]
         [Termination Attempts: Min: 1, Avg: 7.9, Max: 17, Diff: 16, Sum: 63]
      [GC Worker Other (ms): Min: 0.0, Avg: 0.0, Max: 0.0, Diff: 0.0, Sum: 0.1]
      [GC Worker Total (ms): Min: 1.7, Avg: 7.4, Max: 11.2, Diff: 9.5, Sum: 59.0]
      [GC Worker End (ms): Min: 364591402.3, Avg: 364591402.3, Max: 364591402.3, Diff: 0.0]
   [Code Root Fixup: 0.0 ms]
   [Code Root Purge: 0.0 ms]
   [Clear CT: 0.8 ms]
   [Other: 24.0 ms]
      [Choose CSet: 0.0 ms]
      [Ref Proc: 23.6 ms]
      [Ref Enq: 0.1 ms]
      [Redirty Cards: 0.1 ms]
      [Humongous Register: 0.0 ms]
      [Humongous Reclaim: 0.0 ms]
      [Free CSet: 0.1 ms]
   [Eden: 5712.0M(5712.0M)->0.0B(7152.0M) Survivors: 16384.0K->16384.0K Heap: 9403.0M(14336.0M)->3682.8M(14336.0M)]
 [Times: user=0.13 sys=0.00, real=0.03 secs] 
2022-09-14T04:17:32.174-0600: 364680.692: [GC pause (G1 Evacuation Pause) (young), 0.0310613 secs]
   [Parallel Time: 8.7 ms, GC Workers: 8]
      [GC Worker Start (ms): Min: 364680691.8, Avg: 364680693.6, Max: 364680695.9, Diff: 4.1]
      [Ext Root Scanning (ms): Min: 0.0, Avg: 0.8, Max: 3.1, Diff: 3.1, Sum: 6.7]
      [Update RS (ms): Min: 2.1, Avg: 4.2, Max: 7.0, Diff: 5.0, Sum: 33.3]
         [Processed Buffers: Min: 2, Avg: 12.8, Max: 20, Diff: 18, Sum: 102]
      [Scan RS (ms): Min: 0.0, Avg: 0.0, Max: 0.1, Diff: 0.1, Sum: 0.2]
      [Code Root Scanning (ms): Min: 0.0, Avg: 0.0, Max: 0.0, Diff: 0.0, Sum: 0.0]
      [Object Copy (ms): Min: 0.0, Avg: 1.1, Max: 1.6, Diff: 1.6, Sum: 8.8]
      [Termination (ms): Min: 0.0, Avg: 0.7, Max: 0.9, Diff: 0.9, Sum: 5.4]
         [Termination Attempts: Min: 1, Avg: 6.1, Max: 10, Diff: 9, Sum: 49]
      [GC Worker Other (ms): Min: 0.0, Avg: 0.0, Max: 0.0, Diff: 0.0, Sum: 0.1]
      [GC Worker Total (ms): Min: 4.6, Avg: 6.8, Max: 8.6, Diff: 4.1, Sum: 54.4]
      [GC Worker End (ms): Min: 364680700.4, Avg: 364680700.4, Max: 364680700.5, Diff: 0.1]
   [Code Root Fixup: 0.0 ms]
   [Code Root Purge: 0.0 ms]
   [Clear CT: 0.9 ms]
   [Other: 21.5 ms]
      [Choose CSet: 0.0 ms]
      [Ref Proc: 21.1 ms]
      [Ref Enq: 0.1 ms]
      [Redirty Cards: 0.1 ms]
      [Humongous Register: 0.0 ms]
      [Humongous Reclaim: 0.0 ms]
      [Free CSet: 0.1 ms]
   [Eden: 7152.0M(7152.0M)->0.0B(7152.0M) Survivors: 16384.0K->16384.0K Heap: 10834.8M(14336.0M)->3690.0M(14336.0M)]
 [Times: user=0.13 sys=0.00, real=0.03 secs] 
2022-09-14T04:19:01.028-0600: 364769.546: [GC pause (G1 Evacuation Pause) (young) (initial-mark), 0.0475052 secs]
   [Parallel Time: 17.7 ms, GC Workers: 8]
      [GC Worker Start (ms): Min: 364769547.2, Avg: 364769551.2, Max: 364769552.0, Diff: 4.8]
      [Ext Root Scanning (ms): Min: 1.3, Avg: 7.9, Max: 12.2, Diff: 10.9, Sum: 63.0]
      [Update RS (ms): Min: 0.0, Avg: 1.1, Max: 4.3, Diff: 4.3, Sum: 9.1]
         [Processed Buffers: Min: 0, Avg: 6.6, Max: 25, Diff: 25, Sum: 53]
      [Scan RS (ms): Min: 0.0, Avg: 0.0, Max: 0.1, Diff: 0.1, Sum: 0.2]
      [Code Root Scanning (ms): Min: 0.0, Avg: 0.0, Max: 0.0, Diff: 0.0, Sum: 0.0]
      [Object Copy (ms): Min: 0.0, Avg: 0.9, Max: 2.2, Diff: 2.2, Sum: 6.9]
      [Termination (ms): Min: 0.0, Avg: 2.5, Max: 3.8, Diff: 3.8, Sum: 20.0]
         [Termination Attempts: Min: 1, Avg: 1.2, Max: 3, Diff: 2, Sum: 10]
      [GC Worker Other (ms): Min: 0.0, Avg: 0.0, Max: 0.0, Diff: 0.0, Sum: 0.0]
      [GC Worker Total (ms): Min: 11.6, Avg: 12.4, Max: 16.4, Diff: 4.8, Sum: 99.3]
      [GC Worker End (ms): Min: 364769563.5, Avg: 364769563.6, Max: 364769563.6, Diff: 0.1]
   [Code Root Fixup: 0.0 ms]
   [Code Root Purge: 0.0 ms]
   [Clear CT: 0.9 ms]
   [Other: 28.8 ms]
      [Choose CSet: 0.0 ms]
      [Ref Proc: 28.4 ms]
      [Ref Enq: 0.1 ms]
      [Redirty Cards: 0.1 ms]
      [Humongous Register: 0.0 ms]
      [Humongous Reclaim: 0.0 ms]
      [Free CSet: 0.1 ms]
   [Eden: 7152.0M(7152.0M)->0.0B(7152.0M) Survivors: 16384.0K->16384.0K Heap: 10842.0M(14336.0M)->3688.7M(14336.0M)]
 [Times: user=0.14 sys=0.00, real=0.05 secs] 
2022-09-14T04:19:01.076-0600: 364769.593: [GC concurrent-root-region-scan-start]
2022-09-14T04:19:01.082-0600: 364769.600: [GC concurrent-root-region-scan-end, 0.0061789 secs]
2022-09-14T04:19:01.082-0600: 364769.600: [GC concurrent-mark-start]
2022-09-14T04:19:02.415-0600: 364770.933: [GC concurrent-mark-end, 1.3330063 secs]
2022-09-14T04:19:02.415-0600: 364770.933: [GC remark 2022-09-14T04:19:02.415-0600: 364770.933: [Finalize Marking, 0.0016212 secs] 2022-09-14T04:19:02.417-0600: 364770.934: [GC ref-proc, 0.0332252 secs] 2022-09-14T04:19:02.450-0600: 364770.968: [Unloading, 0.0275063 secs], 0.0668116 secs]
 [Times: user=0.26 sys=0.00, real=0.07 secs] 
2022-09-14T04:19:02.482-0600: 364771.000: [GC cleanup 3832M->3832M(14336M), 0.0119416 secs]
 [Times: user=0.03 sys=0.00, real=0.01 secs] 
2022-09-14T04:20:29.327-0600: 364857.845: [GC pause (G1 Evacuation Pause) (young), 0.0192573 secs]
   [Parallel Time: 5.6 ms, GC Workers: 8]
      [GC Worker Start (ms): Min: 364857845.2, Avg: 364857847.7, Max: 364857850.3, Diff: 5.1]
      [Ext Root Scanning (ms): Min: 0.0, Avg: 0.8, Max: 3.1, Diff: 3.1, Sum: 6.5]
      [Update RS (ms): Min: 0.0, Avg: 0.9, Max: 2.2, Diff: 2.2, Sum: 7.3]
         [Processed Buffers: Min: 0, Avg: 5.6, Max: 21, Diff: 21, Sum: 45]
      [Scan RS (ms): Min: 0.0, Avg: 0.0, Max: 0.1, Diff: 0.1, Sum: 0.2]
      [Code Root Scanning (ms): Min: 0.0, Avg: 0.0, Max: 0.0, Diff: 0.0, Sum: 0.0]
      [Object Copy (ms): Min: 0.3, Avg: 1.2, Max: 1.6, Diff: 1.3, Sum: 9.3]
      [Termination (ms): Min: 0.0, Avg: 0.0, Max: 0.1, Diff: 0.0, Sum: 0.3]
         [Termination Attempts: Min: 17, Avg: 25.0, Max: 31, Diff: 14, Sum: 200]
      [GC Worker Other (ms): Min: 0.0, Avg: 0.0, Max: 0.0, Diff: 0.0, Sum: 0.1]
      [GC Worker Total (ms): Min: 0.3, Avg: 3.0, Max: 5.5, Diff: 5.1, Sum: 23.6]
      [GC Worker End (ms): Min: 364857850.7, Avg: 364857850.7, Max: 364857850.7, Diff: 0.0]
   [Code Root Fixup: 0.0 ms]
   [Code Root Purge: 0.0 ms]
   [Clear CT: 0.5 ms]
   [Other: 13.1 ms]
      [Choose CSet: 0.0 ms]
      [Ref Proc: 12.7 ms]
      [Ref Enq: 0.1 ms]
      [Redirty Cards: 0.1 ms]
      [Humongous Register: 0.0 ms]
      [Humongous Reclaim: 0.0 ms]
      [Free CSet: 0.1 ms]
   [Eden: 7152.0M(7152.0M)->0.0B(5712.0M) Survivors: 16384.0K->16384.0K Heap: 10840.7M(14336.0M)->3691.2M(14336.0M)]
 [Times: user=0.06 sys=0.00, real=0.02 secs] 
2022-09-14T04:21:38.775-0600: 364927.292: [GC pause (G1 Evacuation Pause) (mixed), 0.0297896 secs]
   [Parallel Time: 8.6 ms, GC Workers: 8]
      [GC Worker Start (ms): Min: 364927292.5, Avg: 364927294.8, Max: 364927298.4, Diff: 5.8]
      [Ext Root Scanning (ms): Min: 0.0, Avg: 0.8, Max: 3.2, Diff: 3.2, Sum: 6.8]
      [Update RS (ms): Min: 0.0, Avg: 1.0, Max: 2.1, Diff: 2.1, Sum: 8.2]
         [Processed Buffers: Min: 0, Avg: 6.1, Max: 15, Diff: 15, Sum: 49]
      [Scan RS (ms): Min: 0.0, Avg: 0.8, Max: 1.2, Diff: 1.2, Sum: 6.5]
      [Code Root Scanning (ms): Min: 0.0, Avg: 0.0, Max: 0.0, Diff: 0.0, Sum: 0.0]
      [Object Copy (ms): Min: 2.1, Avg: 3.1, Max: 3.8, Diff: 1.7, Sum: 24.5]
      [Termination (ms): Min: 0.0, Avg: 0.5, Max: 0.6, Diff: 0.6, Sum: 4.0]
         [Termination Attempts: Min: 1, Avg: 12.8, Max: 19, Diff: 18, Sum: 102]
      [GC Worker Other (ms): Min: 0.0, Avg: 0.0, Max: 0.0, Diff: 0.0, Sum: 0.1]
      [GC Worker Total (ms): Min: 2.7, Avg: 6.3, Max: 8.5, Diff: 5.9, Sum: 50.1]
      [GC Worker End (ms): Min: 364927301.0, Avg: 364927301.0, Max: 364927301.1, Diff: 0.0]
   [Code Root Fixup: 0.0 ms]
   [Code Root Purge: 0.0 ms]
   [Clear CT: 0.9 ms]
   [Other: 20.3 ms]
      [Choose CSet: 0.0 ms]
      [Ref Proc: 19.9 ms]
      [Ref Enq: 0.1 ms]
      [Redirty Cards: 0.1 ms]
      [Humongous Register: 0.0 ms]
      [Humongous Reclaim: 0.0 ms]
      [Free CSet: 0.1 ms]
   [Eden: 5712.0M(5712.0M)->0.0B(7152.0M) Survivors: 16384.0K->16384.0K Heap: 9403.2M(14336.0M)->3680.9M(14336.0M)]
 [Times: user=0.11 sys=0.00, real=0.03 secs] 
2022-09-14T04:23:08.025-0600: 365016.542: [GC pause (G1 Evacuation Pause) (young), 0.0442931 secs]
   [Parallel Time: 12.2 ms, GC Workers: 8]
      [GC Worker Start (ms): Min: 365016542.5, Avg: 365016546.1, Max: 365016550.3, Diff: 7.8]
      [Ext Root Scanning (ms): Min: 0.0, Avg: 0.9, Max: 3.1, Diff: 3.1, Sum: 6.8]
      [Update RS (ms): Min: 0.0, Avg: 2.9, Max: 5.3, Diff: 5.3, Sum: 22.9]
         [Processed Buffers: Min: 0, Avg: 13.4, Max: 26, Diff: 26, Sum: 107]
      [Scan RS (ms): Min: 0.0, Avg: 0.0, Max: 0.1, Diff: 0.0, Sum: 0.2]
      [Code Root Scanning (ms): Min: 0.0, Avg: 0.0, Max: 0.0, Diff: 0.0, Sum: 0.0]
      [Object Copy (ms): Min: 0.8, Avg: 2.1, Max: 4.7, Diff: 3.8, Sum: 16.5]
      [Termination (ms): Min: 0.0, Avg: 2.5, Max: 3.3, Diff: 3.3, Sum: 20.0]
         [Termination Attempts: Min: 1, Avg: 3.8, Max: 8, Diff: 7, Sum: 30]
      [GC Worker Other (ms): Min: 0.0, Avg: 0.0, Max: 0.0, Diff: 0.0, Sum: 0.1]
      [GC Worker Total (ms): Min: 4.1, Avg: 8.3, Max: 11.8, Diff: 7.7, Sum: 66.5]
      [GC Worker End (ms): Min: 365016554.3, Avg: 365016554.4, Max: 365016554.5, Diff: 0.2]
   [Code Root Fixup: 0.0 ms]
   [Code Root Purge: 0.0 ms]
   [Clear CT: 0.8 ms]
   [Other: 31.3 ms]
      [Choose CSet: 0.0 ms]
      [Ref Proc: 30.7 ms]
      [Ref Enq: 0.3 ms]
      [Redirty Cards: 0.1 ms]
      [Humongous Register: 0.0 ms]
      [Humongous Reclaim: 0.0 ms]
      [Free CSet: 0.1 ms]
   [Eden: 7152.0M(7152.0M)->0.0B(7152.0M) Survivors: 16384.0K->16384.0K Heap: 10832.9M(14336.0M)->3684.9M(14336.0M)]
 [Times: user=0.17 sys=0.00, real=0.04 secs] 
2022-09-14T04:24:38.330-0600: 365106.848: [GC pause (G1 Evacuation Pause) (young) (initial-mark), 0.0298513 secs]
   [Parallel Time: 11.8 ms, GC Workers: 8]
      [GC Worker Start (ms): Min: 365106849.0, Avg: 365106850.7, Max: 365106851.7, Diff: 2.6]
      [Ext Root Scanning (ms): Min: 2.5, Avg: 5.2, Max: 7.7, Diff: 5.3, Sum: 41.3]
      [Update RS (ms): Min: 0.0, Avg: 1.1, Max: 1.9, Diff: 1.9, Sum: 8.6]
         [Processed Buffers: Min: 0, Avg: 6.2, Max: 13, Diff: 13, Sum: 50]
      [Scan RS (ms): Min: 0.0, Avg: 0.0, Max: 0.1, Diff: 0.1, Sum: 0.3]
      [Code Root Scanning (ms): Min: 0.0, Avg: 0.0, Max: 0.0, Diff: 0.0, Sum: 0.0]
      [Object Copy (ms): Min: 0.0, Avg: 1.1, Max: 2.7, Diff: 2.7, Sum: 9.0]
      [Termination (ms): Min: 0.0, Avg: 1.4, Max: 2.1, Diff: 2.1, Sum: 11.3]
         [Termination Attempts: Min: 1, Avg: 4.0, Max: 10, Diff: 9, Sum: 32]
      [GC Worker Other (ms): Min: 0.0, Avg: 0.0, Max: 0.0, Diff: 0.0, Sum: 0.1]
      [GC Worker Total (ms): Min: 7.8, Avg: 8.8, Max: 10.5, Diff: 2.8, Sum: 70.6]
      [GC Worker End (ms): Min: 365106859.4, Avg: 365106859.5, Max: 365106859.6, Diff: 0.2]
   [Code Root Fixup: 0.0 ms]
   [Code Root Purge: 0.0 ms]
   [Clear CT: 0.8 ms]
   [Other: 17.2 ms]
      [Choose CSet: 0.0 ms]
      [Ref Proc: 16.8 ms]
      [Ref Enq: 0.1 ms]
      [Redirty Cards: 0.1 ms]
      [Humongous Register: 0.0 ms]
      [Humongous Reclaim: 0.0 ms]
      [Free CSet: 0.1 ms]
   [Eden: 7152.0M(7152.0M)->0.0B(7152.0M) Survivors: 16384.0K->16384.0K Heap: 10836.9M(14336.0M)->3685.0M(14336.0M)]
 [Times: user=0.13 sys=0.00, real=0.03 secs] 
2022-09-14T04:24:38.360-0600: 365106.878: [GC concurrent-root-region-scan-start]
2022-09-14T04:24:38.365-0600: 365106.883: [GC concurrent-root-region-scan-end, 0.0054755 secs]
2022-09-14T04:24:38.365-0600: 365106.883: [GC concurrent-mark-start]
2022-09-14T04:24:39.691-0600: 365108.208: [GC concurrent-mark-end, 1.3250943 secs]
2022-09-14T04:24:39.691-0600: 365108.208: [GC remark 2022-09-14T04:24:39.691-0600: 365108.208: [Finalize Marking, 0.0029499 secs] 2022-09-14T04:24:39.694-0600: 365108.211: [GC ref-proc, 0.0226019 secs] 2022-09-14T04:24:39.716-0600: 365108.234: [Unloading, 0.0318810 secs], 0.0618392 secs]
 [Times: user=0.23 sys=0.00, real=0.07 secs] 
2022-09-14T04:24:39.753-0600: 365108.270: [GC cleanup 3851M->3851M(14336M), 0.0091370 secs]
 [Times: user=0.03 sys=0.00, real=0.01 secs] 
2022-09-14T04:26:07.328-0600: 365195.845: [GC pause (G1 Evacuation Pause) (young), 0.0222422 secs]
   [Parallel Time: 7.2 ms, GC Workers: 8]
      [GC Worker Start (ms): Min: 365195845.4, Avg: 365195848.2, Max: 365195852.4, Diff: 7.0]
      [Ext Root Scanning (ms): Min: 0.0, Avg: 1.3, Max: 4.0, Diff: 4.0, Sum: 10.4]
      [Update RS (ms): Min: 0.0, Avg: 1.0, Max: 2.2, Diff: 2.2, Sum: 7.9]
         [Processed Buffers: Min: 0, Avg: 5.6, Max: 17, Diff: 17, Sum: 45]
      [Scan RS (ms): Min: 0.0, Avg: 0.0, Max: 0.1, Diff: 0.1, Sum: 0.2]
      [Code Root Scanning (ms): Min: 0.0, Avg: 0.0, Max: 0.0, Diff: 0.0, Sum: 0.0]
      [Object Copy (ms): Min: 0.0, Avg: 1.0, Max: 1.6, Diff: 1.6, Sum: 7.9]
      [Termination (ms): Min: 0.0, Avg: 1.0, Max: 1.3, Diff: 1.3, Sum: 7.8]
         [Termination Attempts: Min: 1, Avg: 14.6, Max: 24, Diff: 23, Sum: 117]
      [GC Worker Other (ms): Min: 0.0, Avg: 0.0, Max: 0.0, Diff: 0.0, Sum: 0.0]
      [GC Worker Total (ms): Min: 0.0, Avg: 4.3, Max: 7.1, Diff: 7.1, Sum: 34.3]
      [GC Worker End (ms): Min: 365195852.4, Avg: 365195852.5, Max: 365195852.5, Diff: 0.1]
   [Code Root Fixup: 0.0 ms]
   [Code Root Purge: 0.0 ms]
   [Clear CT: 0.6 ms]
   [Other: 14.5 ms]
      [Choose CSet: 0.0 ms]
      [Ref Proc: 14.1 ms]
      [Ref Enq: 0.1 ms]
      [Redirty Cards: 0.1 ms]
      [Humongous Register: 0.0 ms]
      [Humongous Reclaim: 0.0 ms]
      [Free CSet: 0.1 ms]
   [Eden: 7152.0M(7152.0M)->0.0B(5712.0M) Survivors: 16384.0K->16384.0K Heap: 10837.0M(14336.0M)->3686.2M(14336.0M)]
 [Times: user=0.08 sys=0.00, real=0.02 secs] 
2022-09-14T04:27:18.679-0600: 365267.197: [GC pause (G1 Evacuation Pause) (mixed), 0.0331742 secs]
   [Parallel Time: 11.1 ms, GC Workers: 8]
      [GC Worker Start (ms): Min: 365267196.6, Avg: 365267201.2, Max: 365267207.0, Diff: 10.4]
      [Ext Root Scanning (ms): Min: 0.0, Avg: 0.8, Max: 3.1, Diff: 3.1, Sum: 6.5]
      [Update RS (ms): Min: 0.0, Avg: 0.8, Max: 2.1, Diff: 2.1, Sum: 6.1]
         [Processed Buffers: Min: 0, Avg: 5.8, Max: 20, Diff: 20, Sum: 46]
      [Scan RS (ms): Min: 0.0, Avg: 0.9, Max: 1.7, Diff: 1.7, Sum: 7.4]
      [Code Root Scanning (ms): Min: 0.0, Avg: 0.0, Max: 0.0, Diff: 0.0, Sum: 0.0]
      [Object Copy (ms): Min: 0.1, Avg: 3.4, Max: 6.7, Diff: 6.6, Sum: 27.5]
      [Termination (ms): Min: 0.0, Avg: 0.5, Max: 0.6, Diff: 0.6, Sum: 4.2]
         [Termination Attempts: Min: 1, Avg: 3.5, Max: 6, Diff: 5, Sum: 28]
      [GC Worker Other (ms): Min: 0.0, Avg: 0.0, Max: 0.0, Diff: 0.0, Sum: 0.1]
      [GC Worker Total (ms): Min: 0.7, Avg: 6.5, Max: 11.1, Diff: 10.4, Sum: 51.7]
      [GC Worker End (ms): Min: 365267207.6, Avg: 365267207.6, Max: 365267207.6, Diff: 0.0]
   [Code Root Fixup: 0.0 ms]
   [Code Root Purge: 0.0 ms]
   [Clear CT: 0.8 ms]
   [Other: 21.3 ms]
      [Choose CSet: 0.0 ms]
      [Ref Proc: 20.8 ms]
      [Ref Enq: 0.1 ms]
      [Redirty Cards: 0.1 ms]
      [Humongous Register: 0.0 ms]
      [Humongous Reclaim: 0.0 ms]
      [Free CSet: 0.1 ms]
   [Eden: 5712.0M(5712.0M)->0.0B(7152.0M) Survivors: 16384.0K->16384.0K Heap: 9398.2M(14336.0M)->3681.5M(14336.0M)]
 [Times: user=0.14 sys=0.00, real=0.03 secs] 
2022-09-14T04:28:48.426-0600: 365356.943: [GC pause (G1 Evacuation Pause) (young), 0.0354059 secs]
   [Parallel Time: 9.9 ms, GC Workers: 8]
      [GC Worker Start (ms): Min: 365356943.3, Avg: 365356947.7, Max: 365356953.1, Diff: 9.8]
      [Ext Root Scanning (ms): Min: 0.0, Avg: 0.7, Max: 2.8, Diff: 2.8, Sum: 5.9]
      [Update RS (ms): Min: 0.0, Avg: 3.0, Max: 5.4, Diff: 5.4, Sum: 23.8]
         [Processed Buffers: Min: 0, Avg: 16.0, Max: 32, Diff: 32, Sum: 128]
      [Scan RS (ms): Min: 0.0, Avg: 0.0, Max: 0.1, Diff: 0.1, Sum: 0.2]
      [Code Root Scanning (ms): Min: 0.0, Avg: 0.0, Max: 0.0, Diff: 0.0, Sum: 0.0]
      [Object Copy (ms): Min: 0.0, Avg: 0.8, Max: 1.4, Diff: 1.4, Sum: 6.3]
      [Termination (ms): Min: 0.0, Avg: 0.9, Max: 1.2, Diff: 1.2, Sum: 7.3]
         [Termination Attempts: Min: 1, Avg: 1.5, Max: 3, Diff: 2, Sum: 12]
      [GC Worker Other (ms): Min: 0.0, Avg: 0.0, Max: 0.0, Diff: 0.0, Sum: 0.1]
      [GC Worker Total (ms): Min: 0.0, Avg: 5.5, Max: 9.8, Diff: 9.8, Sum: 43.6]
      [GC Worker End (ms): Min: 365356953.2, Avg: 365356953.2, Max: 365356953.2, Diff: 0.0]
   [Code Root Fixup: 0.0 ms]
   [Code Root Purge: 0.0 ms]
   [Clear CT: 0.6 ms]
   [Other: 24.9 ms]
      [Choose CSet: 0.0 ms]
      [Ref Proc: 24.5 ms]
      [Ref Enq: 0.1 ms]
      [Redirty Cards: 0.1 ms]
      [Humongous Register: 0.0 ms]
      [Humongous Reclaim: 0.0 ms]
      [Free CSet: 0.1 ms]
   [Eden: 7152.0M(7152.0M)->0.0B(7152.0M) Survivors: 16384.0K->16384.0K Heap: 10833.5M(14336.0M)->3684.1M(14336.0M)]
 [Times: user=0.14 sys=0.00, real=0.04 secs] 
2022-09-14T04:30:18.274-0600: 365446.792: [GC pause (G1 Evacuation Pause) (young) (initial-mark), 0.0351512 secs]
   [Parallel Time: 11.8 ms, GC Workers: 8]
      [GC Worker Start (ms): Min: 365446793.1, Avg: 365446794.4, Max: 365446795.5, Diff: 2.4]
      [Ext Root Scanning (ms): Min: 4.0, Avg: 5.4, Max: 8.7, Diff: 4.7, Sum: 43.1]
      [Update RS (ms): Min: 0.0, Avg: 1.1, Max: 1.9, Diff: 1.9, Sum: 8.9]
         [Processed Buffers: Min: 0, Avg: 5.6, Max: 15, Diff: 15, Sum: 45]
      [Scan RS (ms): Min: 0.0, Avg: 0.0, Max: 0.1, Diff: 0.1, Sum: 0.2]
      [Code Root Scanning (ms): Min: 0.0, Avg: 0.0, Max: 0.0, Diff: 0.0, Sum: 0.0]
      [Object Copy (ms): Min: 0.0, Avg: 0.9, Max: 1.3, Diff: 1.3, Sum: 7.3]
      [Termination (ms): Min: 0.0, Avg: 1.4, Max: 1.7, Diff: 1.7, Sum: 11.2]
         [Termination Attempts: Min: 1, Avg: 10.0, Max: 20, Diff: 19, Sum: 80]
      [GC Worker Other (ms): Min: 0.0, Avg: 0.0, Max: 0.1, Diff: 0.1, Sum: 0.2]
      [GC Worker Total (ms): Min: 7.7, Avg: 8.9, Max: 10.2, Diff: 2.5, Sum: 70.9]
      [GC Worker End (ms): Min: 365446803.2, Avg: 365446803.3, Max: 365446803.4, Diff: 0.1]
   [Code Root Fixup: 0.0 ms]
   [Code Root Purge: 0.0 ms]
   [Clear CT: 0.8 ms]
   [Other: 22.5 ms]
      [Choose CSet: 0.0 ms]
      [Ref Proc: 22.1 ms]
      [Ref Enq: 0.1 ms]
      [Redirty Cards: 0.1 ms]
      [Humongous Register: 0.0 ms]
      [Humongous Reclaim: 0.0 ms]
      [Free CSet: 0.1 ms]
   [Eden: 7152.0M(7152.0M)->0.0B(7152.0M) Survivors: 16384.0K->16384.0K Heap: 10836.1M(14336.0M)->3686.7M(14336.0M)]
 [Times: user=0.14 sys=0.00, real=0.03 secs] 
2022-09-14T04:30:18.309-0600: 365446.827: [GC concurrent-root-region-scan-start]
2022-09-14T04:30:18.315-0600: 365446.833: [GC concurrent-root-region-scan-end, 0.0061906 secs]
2022-09-14T04:30:18.315-0600: 365446.833: [GC concurrent-mark-start]
2022-09-14T04:30:19.612-0600: 365448.130: [GC concurrent-mark-end, 1.2967501 secs]
2022-09-14T04:30:19.612-0600: 365448.130: [GC remark 2022-09-14T04:30:19.612-0600: 365448.130: [Finalize Marking, 0.0019524 secs] 2022-09-14T04:30:19.614-0600: 365448.132: [GC ref-proc, 0.0255284 secs] 2022-09-14T04:30:19.640-0600: 365448.157: [Unloading, 0.0259720 secs], 0.0582466 secs]
 [Times: user=0.25 sys=0.00, real=0.06 secs] 
2022-09-14T04:30:19.671-0600: 365448.188: [GC cleanup 3790M->3790M(14336M), 0.0078101 secs]
 [Times: user=0.03 sys=0.00, real=0.01 secs] 
2022-09-14T04:31:43.226-0600: 365531.743: [GC pause (G1 Evacuation Pause) (young), 0.0229174 secs]
   [Parallel Time: 6.2 ms, GC Workers: 8]
      [GC Worker Start (ms): Min: 365531743.4, Avg: 365531745.0, Max: 365531749.5, Diff: 6.1]
      [Ext Root Scanning (ms): Min: 0.0, Avg: 1.3, Max: 3.1, Diff: 3.1, Sum: 10.1]
      [Update RS (ms): Min: 0.0, Avg: 1.2, Max: 2.3, Diff: 2.3, Sum: 9.7]
         [Processed Buffers: Min: 0, Avg: 6.2, Max: 14, Diff: 14, Sum: 50]
      [Scan RS (ms): Min: 0.0, Avg: 0.0, Max: 0.1, Diff: 0.1, Sum: 0.2]
      [Code Root Scanning (ms): Min: 0.0, Avg: 0.0, Max: 0.0, Diff: 0.0, Sum: 0.0]
      [Object Copy (ms): Min: 0.0, Avg: 1.6, Max: 2.2, Diff: 2.2, Sum: 12.7]
      [Termination (ms): Min: 0.0, Avg: 0.5, Max: 0.6, Diff: 0.6, Sum: 3.8]
         [Termination Attempts: Min: 1, Avg: 9.2, Max: 18, Diff: 17, Sum: 74]
      [GC Worker Other (ms): Min: 0.0, Avg: 0.0, Max: 0.0, Diff: 0.0, Sum: 0.0]
      [GC Worker Total (ms): Min: 0.0, Avg: 4.6, Max: 6.2, Diff: 6.1, Sum: 36.5]
      [GC Worker End (ms): Min: 365531749.5, Avg: 365531749.6, Max: 365531749.6, Diff: 0.0]
   [Code Root Fixup: 0.0 ms]
   [Code Root Purge: 0.0 ms]
   [Clear CT: 0.9 ms]
   [Other: 15.7 ms]
      [Choose CSet: 0.0 ms]
      [Ref Proc: 15.4 ms]
      [Ref Enq: 0.1 ms]
      [Redirty Cards: 0.1 ms]
      [Humongous Register: 0.0 ms]
      [Humongous Reclaim: 0.0 ms]
      [Free CSet: 0.1 ms]
   [Eden: 7152.0M(7152.0M)->0.0B(5712.0M) Survivors: 16384.0K->16384.0K Heap: 10838.7M(14336.0M)->3691.7M(14336.0M)]
 [Times: user=0.10 sys=0.00, real=0.02 secs] 
2022-09-14T04:32:52.723-0600: 365601.241: [GC pause (G1 Evacuation Pause) (mixed), 0.0267881 secs]
   [Parallel Time: 13.6 ms, GC Workers: 8]
      [GC Worker Start (ms): Min: 365601241.0, Avg: 365601242.3, Max: 365601246.3, Diff: 5.3]
      [Ext Root Scanning (ms): Min: 0.0, Avg: 0.9, Max: 3.7, Diff: 3.7, Sum: 7.5]
      [Update RS (ms): Min: 0.0, Avg: 1.0, Max: 1.5, Diff: 1.5, Sum: 8.2]
         [Processed Buffers: Min: 0, Avg: 6.0, Max: 13, Diff: 13, Sum: 48]
      [Scan RS (ms): Min: 0.0, Avg: 0.9, Max: 1.2, Diff: 1.2, Sum: 7.4]
      [Code Root Scanning (ms): Min: 0.0, Avg: 0.0, Max: 0.0, Diff: 0.0, Sum: 0.0]
      [Object Copy (ms): Min: 2.7, Avg: 4.0, Max: 4.7, Diff: 1.9, Sum: 31.7]
      [Termination (ms): Min: 0.0, Avg: 0.6, Max: 0.7, Diff: 0.7, Sum: 4.4]
         [Termination Attempts: Min: 1, Avg: 21.8, Max: 44, Diff: 43, Sum: 174]
      [GC Worker Other (ms): Min: 0.0, Avg: 0.0, Max: 0.0, Diff: 0.0, Sum: 0.1]
      [GC Worker Total (ms): Min: 3.4, Avg: 7.4, Max: 8.7, Diff: 5.3, Sum: 59.4]
      [GC Worker End (ms): Min: 365601249.7, Avg: 365601249.7, Max: 365601249.7, Diff: 0.0]
   [Code Root Fixup: 0.0 ms]
   [Code Root Purge: 0.0 ms]
   [Clear CT: 0.9 ms]
   [Other: 12.3 ms]
      [Choose CSet: 0.0 ms]
      [Ref Proc: 11.8 ms]
      [Ref Enq: 0.1 ms]
      [Redirty Cards: 0.1 ms]
      [Humongous Register: 0.0 ms]
      [Humongous Reclaim: 0.0 ms]
      [Free CSet: 0.2 ms]
   [Eden: 5712.0M(5712.0M)->0.0B(7152.0M) Survivors: 16384.0K->16384.0K Heap: 9403.7M(14336.0M)->3692.1M(14336.0M)]
 [Times: user=0.11 sys=0.00, real=0.02 secs] 
2022-09-14T04:34:20.577-0600: 365689.095: [GC pause (G1 Evacuation Pause) (young), 0.0283593 secs]
   [Parallel Time: 9.2 ms, GC Workers: 8]
      [GC Worker Start (ms): Min: 365689095.1, Avg: 365689096.1, Max: 365689098.3, Diff: 3.2]
      [Ext Root Scanning (ms): Min: 0.0, Avg: 1.7, Max: 4.8, Diff: 4.7, Sum: 14.0]
      [Update RS (ms): Min: 2.0, Avg: 4.6, Max: 5.8, Diff: 3.8, Sum: 37.0]
         [Processed Buffers: Min: 8, Avg: 18.4, Max: 32, Diff: 24, Sum: 147]
      [Scan RS (ms): Min: 0.0, Avg: 0.0, Max: 0.1, Diff: 0.1, Sum: 0.2]
      [Code Root Scanning (ms): Min: 0.0, Avg: 0.0, Max: 0.0, Diff: 0.0, Sum: 0.0]
      [Object Copy (ms): Min: 0.0, Avg: 1.2, Max: 2.5, Diff: 2.5, Sum: 9.2]
      [Termination (ms): Min: 0.0, Avg: 0.5, Max: 0.6, Diff: 0.6, Sum: 4.3]
         [Termination Attempts: Min: 1, Avg: 3.6, Max: 6, Diff: 5, Sum: 29]
      [GC Worker Other (ms): Min: 0.0, Avg: 0.0, Max: 0.0, Diff: 0.0, Sum: 0.1]
      [GC Worker Total (ms): Min: 5.8, Avg: 8.1, Max: 9.1, Diff: 3.2, Sum: 64.8]
      [GC Worker End (ms): Min: 365689104.2, Avg: 365689104.2, Max: 365689104.2, Diff: 0.0]
   [Code Root Fixup: 0.0 ms]
   [Code Root Purge: 0.0 ms]
   [Clear CT: 0.5 ms]
   [Other: 18.6 ms]
      [Choose CSet: 0.0 ms]
      [Ref Proc: 18.1 ms]
      [Ref Enq: 0.1 ms]
      [Redirty Cards: 0.1 ms]
      [Humongous Register: 0.0 ms]
      [Humongous Reclaim: 0.0 ms]
      [Free CSet: 0.1 ms]
   [Eden: 7152.0M(7152.0M)->0.0B(7152.0M) Survivors: 16384.0K->16384.0K Heap: 10844.1M(14336.0M)->3696.5M(14336.0M)]
 [Times: user=0.12 sys=0.00, real=0.03 secs] 
2022-09-14T04:35:48.077-0600: 365776.595: [GC pause (G1 Evacuation Pause) (young) (initial-mark), 0.0340953 secs]
   [Parallel Time: 15.4 ms, GC Workers: 8]
      [GC Worker Start (ms): Min: 365776596.1, Avg: 365776598.4, Max: 365776599.4, Diff: 3.3]
      [Ext Root Scanning (ms): Min: 2.1, Avg: 6.9, Max: 10.6, Diff: 8.5, Sum: 55.4]
      [Update RS (ms): Min: 0.0, Avg: 1.0, Max: 2.6, Diff: 2.6, Sum: 8.1]
         [Processed Buffers: Min: 0, Avg: 6.0, Max: 18, Diff: 18, Sum: 48]
      [Scan RS (ms): Min: 0.0, Avg: 0.0, Max: 0.1, Diff: 0.1, Sum: 0.2]
      [Code Root Scanning (ms): Min: 0.0, Avg: 0.0, Max: 0.0, Diff: 0.0, Sum: 0.0]
      [Object Copy (ms): Min: 0.0, Avg: 0.9, Max: 2.0, Diff: 2.0, Sum: 7.4]
      [Termination (ms): Min: 0.0, Avg: 2.8, Max: 4.4, Diff: 4.4, Sum: 22.1]
         [Termination Attempts: Min: 1, Avg: 1.8, Max: 4, Diff: 3, Sum: 14]
      [GC Worker Other (ms): Min: 0.0, Avg: 0.0, Max: 0.0, Diff: 0.0, Sum: 0.1]
      [GC Worker Total (ms): Min: 10.7, Avg: 11.7, Max: 13.9, Diff: 3.3, Sum: 93.3]
      [GC Worker End (ms): Min: 365776610.1, Avg: 365776610.1, Max: 365776610.2, Diff: 0.1]
   [Code Root Fixup: 0.0 ms]
   [Code Root Purge: 0.0 ms]
   [Clear CT: 0.8 ms]
   [Other: 17.9 ms]
      [Choose CSet: 0.0 ms]
      [Ref Proc: 17.5 ms]
      [Ref Enq: 0.1 ms]
      [Redirty Cards: 0.1 ms]
      [Humongous Register: 0.0 ms]
      [Humongous Reclaim: 0.0 ms]
      [Free CSet: 0.1 ms]
   [Eden: 7152.0M(7152.0M)->0.0B(7152.0M) Survivors: 16384.0K->16384.0K Heap: 10848.5M(14336.0M)->3696.9M(14336.0M)]
 [Times: user=0.13 sys=0.00, real=0.03 secs] 
2022-09-14T04:35:48.111-0600: 365776.629: [GC concurrent-root-region-scan-start]
2022-09-14T04:35:48.119-0600: 365776.636: [GC concurrent-root-region-scan-end, 0.0072461 secs]
2022-09-14T04:35:48.119-0600: 365776.636: [GC concurrent-mark-start]
2022-09-14T04:35:49.471-0600: 365777.988: [GC concurrent-mark-end, 1.3519870 secs]
2022-09-14T04:35:49.471-0600: 365777.988: [GC remark 2022-09-14T04:35:49.471-0600: 365777.988: [Finalize Marking, 0.0029497 secs] 2022-09-14T04:35:49.474-0600: 365777.991: [GC ref-proc, 0.0601103 secs] 2022-09-14T04:35:49.534-0600: 365778.051: [Unloading, 0.0235610 secs], 0.0907644 secs]
 [Times: user=0.42 sys=0.00, real=0.10 secs] 
2022-09-14T04:35:49.562-0600: 365778.079: [GC cleanup 3840M->3840M(14336M), 0.0084071 secs]
 [Times: user=0.02 sys=0.00, real=0.00 secs] 
2022-09-14T04:37:16.530-0600: 365865.047: [GC pause (G1 Evacuation Pause) (young), 0.0215548 secs]
   [Parallel Time: 6.8 ms, GC Workers: 8]
      [GC Worker Start (ms): Min: 365865047.6, Avg: 365865050.2, Max: 365865054.1, Diff: 6.6]
      [Ext Root Scanning (ms): Min: 0.0, Avg: 0.8, Max: 3.2, Diff: 3.2, Sum: 6.7]
      [Update RS (ms): Min: 0.0, Avg: 1.1, Max: 2.1, Diff: 2.1, Sum: 8.9]
         [Processed Buffers: Min: 0, Avg: 5.9, Max: 17, Diff: 17, Sum: 47]
      [Scan RS (ms): Min: 0.0, Avg: 0.0, Max: 0.1, Diff: 0.1, Sum: 0.2]
      [Code Root Scanning (ms): Min: 0.0, Avg: 0.0, Max: 0.0, Diff: 0.0, Sum: 0.0]
      [Object Copy (ms): Min: 0.0, Avg: 1.0, Max: 1.6, Diff: 1.6, Sum: 7.9]
      [Termination (ms): Min: 0.0, Avg: 1.0, Max: 1.2, Diff: 1.2, Sum: 7.8]
         [Termination Attempts: Min: 1, Avg: 1.4, Max: 2, Diff: 1, Sum: 11]
      [GC Worker Other (ms): Min: 0.0, Avg: 0.0, Max: 0.0, Diff: 0.0, Sum: 0.0]
      [GC Worker Total (ms): Min: 0.0, Avg: 4.0, Max: 6.6, Diff: 6.6, Sum: 31.6]
      [GC Worker End (ms): Min: 365865054.1, Avg: 365865054.2, Max: 365865054.2, Diff: 0.0]
   [Code Root Fixup: 0.0 ms]
   [Code Root Purge: 0.0 ms]
   [Clear CT: 0.8 ms]
   [Other: 14.0 ms]
      [Choose CSet: 0.0 ms]
      [Ref Proc: 13.6 ms]
      [Ref Enq: 0.1 ms]
      [Redirty Cards: 0.1 ms]
      [Humongous Register: 0.0 ms]
      [Humongous Reclaim: 0.0 ms]
      [Free CSet: 0.1 ms]
   [Eden: 7152.0M(7152.0M)->0.0B(5712.0M) Survivors: 16384.0K->16384.0K Heap: 10848.9M(14336.0M)->3699.0M(14336.0M)]
 [Times: user=0.08 sys=0.00, real=0.02 secs] 
2022-09-14T04:38:26.879-0600: 365935.397: [GC pause (G1 Evacuation Pause) (mixed), 0.0303632 secs]
   [Parallel Time: 10.7 ms, GC Workers: 8]
      [GC Worker Start (ms): Min: 365935397.2, Avg: 365935401.5, Max: 365935407.9, Diff: 10.7]
      [Ext Root Scanning (ms): Min: 0.0, Avg: 0.8, Max: 3.1, Diff: 3.1, Sum: 6.2]
      [Update RS (ms): Min: 0.0, Avg: 0.8, Max: 2.4, Diff: 2.4, Sum: 6.6]
         [Processed Buffers: Min: 0, Avg: 5.9, Max: 17, Diff: 17, Sum: 47]
      [Scan RS (ms): Min: 0.0, Avg: 1.1, Max: 1.9, Diff: 1.9, Sum: 9.2]
      [Code Root Scanning (ms): Min: 0.0, Avg: 0.0, Max: 0.0, Diff: 0.0, Sum: 0.0]
      [Object Copy (ms): Min: 0.0, Avg: 3.1, Max: 3.7, Diff: 3.7, Sum: 24.8]
      [Termination (ms): Min: 0.0, Avg: 0.6, Max: 0.7, Diff: 0.7, Sum: 4.5]
         [Termination Attempts: Min: 1, Avg: 10.0, Max: 16, Diff: 15, Sum: 80]
      [GC Worker Other (ms): Min: 0.0, Avg: 0.0, Max: 0.0, Diff: 0.0, Sum: 0.0]
      [GC Worker Total (ms): Min: 0.0, Avg: 6.4, Max: 10.7, Diff: 10.7, Sum: 51.3]
      [GC Worker End (ms): Min: 365935407.9, Avg: 365935407.9, Max: 365935407.9, Diff: 0.0]
   [Code Root Fixup: 0.0 ms]
   [Code Root Purge: 0.0 ms]
   [Clear CT: 0.6 ms]
   [Other: 19.0 ms]
      [Choose CSet: 0.0 ms]
      [Ref Proc: 18.5 ms]
      [Ref Enq: 0.1 ms]
      [Redirty Cards: 0.2 ms]
      [Humongous Register: 0.0 ms]
      [Humongous Reclaim: 0.0 ms]
      [Free CSet: 0.1 ms]
   [Eden: 5712.0M(5712.0M)->0.0B(7152.0M) Survivors: 16384.0K->16384.0K Heap: 9411.0M(14336.0M)->3676.7M(14336.0M)]
 [Times: user=0.14 sys=0.00, real=0.03 secs] 
2022-09-14T04:39:54.080-0600: 366022.598: [GC pause (G1 Evacuation Pause) (young), 0.0276886 secs]
   [Parallel Time: 9.0 ms, GC Workers: 8]
      [GC Worker Start (ms): Min: 366022597.8, Avg: 366022598.0, Max: 366022599.0, Diff: 1.2]
      [Ext Root Scanning (ms): Min: 0.0, Avg: 2.0, Max: 8.4, Diff: 8.4, Sum: 15.7]
      [Update RS (ms): Min: 0.0, Avg: 5.0, Max: 7.8, Diff: 7.8, Sum: 40.2]
         [Processed Buffers: Min: 0, Avg: 18.0, Max: 30, Diff: 30, Sum: 144]
      [Scan RS (ms): Min: 0.0, Avg: 0.0, Max: 0.1, Diff: 0.1, Sum: 0.3]
      [Code Root Scanning (ms): Min: 0.0, Avg: 0.0, Max: 0.0, Diff: 0.0, Sum: 0.0]
      [Object Copy (ms): Min: 0.0, Avg: 0.9, Max: 1.5, Diff: 1.5, Sum: 7.2]
      [Termination (ms): Min: 0.0, Avg: 0.7, Max: 1.1, Diff: 1.1, Sum: 5.7]
         [Termination Attempts: Min: 1, Avg: 2.6, Max: 11, Diff: 10, Sum: 21]
      [GC Worker Other (ms): Min: 0.0, Avg: 0.0, Max: 0.0, Diff: 0.0, Sum: 0.0]
      [GC Worker Total (ms): Min: 7.7, Avg: 8.6, Max: 8.9, Diff: 1.3, Sum: 69.1]
      [GC Worker End (ms): Min: 366022606.6, Avg: 366022606.7, Max: 366022606.8, Diff: 0.2]
   [Code Root Fixup: 0.0 ms]
   [Code Root Purge: 0.0 ms]
   [Clear CT: 0.6 ms]
   [Other: 18.1 ms]
      [Choose CSet: 0.0 ms]
      [Ref Proc: 17.8 ms]
      [Ref Enq: 0.1 ms]
      [Redirty Cards: 0.1 ms]
      [Humongous Register: 0.0 ms]
      [Humongous Reclaim: 0.0 ms]
      [Free CSet: 0.1 ms]
   [Eden: 7152.0M(7152.0M)->0.0B(7152.0M) Survivors: 16384.0K->16384.0K Heap: 10828.7M(14336.0M)->3685.1M(14336.0M)]
 [Times: user=0.12 sys=0.00, real=0.03 secs] 
2022-09-14T04:41:20.124-0600: 366108.642: [GC pause (G1 Evacuation Pause) (young) (initial-mark), 0.0378971 secs]
   [Parallel Time: 15.4 ms, GC Workers: 8]
      [GC Worker Start (ms): Min: 366108643.4, Avg: 366108646.7, Max: 366108647.5, Diff: 4.2]
      [Ext Root Scanning (ms): Min: 2.0, Avg: 6.9, Max: 9.7, Diff: 7.7, Sum: 54.9]
      [Update RS (ms): Min: 0.0, Avg: 1.1, Max: 3.2, Diff: 3.2, Sum: 8.4]
         [Processed Buffers: Min: 0, Avg: 6.1, Max: 21, Diff: 21, Sum: 49]
      [Scan RS (ms): Min: 0.0, Avg: 0.0, Max: 0.1, Diff: 0.1, Sum: 0.2]
      [Code Root Scanning (ms): Min: 0.0, Avg: 0.0, Max: 0.0, Diff: 0.0, Sum: 0.0]
      [Object Copy (ms): Min: 0.0, Avg: 1.0, Max: 2.2, Diff: 2.2, Sum: 8.3]
      [Termination (ms): Min: 0.0, Avg: 1.6, Max: 2.7, Diff: 2.7, Sum: 13.0]
         [Termination Attempts: Min: 1, Avg: 4.6, Max: 14, Diff: 13, Sum: 37]
      [GC Worker Other (ms): Min: 0.0, Avg: 0.0, Max: 0.0, Diff: 0.0, Sum: 0.1]
      [GC Worker Total (ms): Min: 9.7, Avg: 10.6, Max: 13.9, Diff: 4.2, Sum: 84.9]
      [GC Worker End (ms): Min: 366108657.3, Avg: 366108657.3, Max: 366108657.4, Diff: 0.2]
   [Code Root Fixup: 0.0 ms]
   [Code Root Purge: 0.0 ms]
   [Clear CT: 0.9 ms]
   [Other: 21.6 ms]
      [Choose CSet: 0.0 ms]
      [Ref Proc: 21.2 ms]
      [Ref Enq: 0.1 ms]
      [Redirty Cards: 0.1 ms]
      [Humongous Register: 0.0 ms]
      [Humongous Reclaim: 0.0 ms]
      [Free CSet: 0.1 ms]
   [Eden: 7152.0M(7152.0M)->0.0B(7152.0M) Survivors: 16384.0K->16384.0K Heap: 10837.1M(14336.0M)->3688.0M(14336.0M)]
 [Times: user=0.12 sys=0.00, real=0.04 secs] 
2022-09-14T04:41:20.162-0600: 366108.680: [GC concurrent-root-region-scan-start]
2022-09-14T04:41:20.168-0600: 366108.686: [GC concurrent-root-region-scan-end, 0.0058930 secs]
2022-09-14T04:41:20.168-0600: 366108.686: [GC concurrent-mark-start]
2022-09-14T04:41:21.509-0600: 366110.027: [GC concurrent-mark-end, 1.3410332 secs]
2022-09-14T04:41:21.509-0600: 366110.027: [GC remark 2022-09-14T04:41:21.509-0600: 366110.027: [Finalize Marking, 0.0026909 secs] 2022-09-14T04:41:21.512-0600: 366110.030: [GC ref-proc, 0.0230722 secs] 2022-09-14T04:41:21.535-0600: 366110.053: [Unloading, 0.0314225 secs], 0.0713726 secs]
 [Times: user=0.25 sys=0.00, real=0.08 secs] 
2022-09-14T04:41:21.581-0600: 366110.099: [GC cleanup 3810M->3810M(14336M), 0.0090627 secs]
 [Times: user=0.02 sys=0.00, real=0.00 secs] 
2022-09-14T04:42:48.629-0600: 366197.147: [GC pause (G1 Evacuation Pause) (young), 0.0292244 secs]
   [Parallel Time: 8.2 ms, GC Workers: 8]
      [GC Worker Start (ms): Min: 366197146.8, Avg: 366197150.0, Max: 366197152.0, Diff: 5.2]
      [Ext Root Scanning (ms): Min: 0.0, Avg: 0.8, Max: 3.2, Diff: 3.2, Sum: 6.3]
      [Update RS (ms): Min: 0.0, Avg: 1.4, Max: 4.4, Diff: 4.4, Sum: 11.5]
         [Processed Buffers: Min: 0, Avg: 6.4, Max: 20, Diff: 20, Sum: 51]
      [Scan RS (ms): Min: 0.0, Avg: 0.0, Max: 0.1, Diff: 0.1, Sum: 0.2]
      [Code Root Scanning (ms): Min: 0.0, Avg: 0.0, Max: 0.0, Diff: 0.0, Sum: 0.0]
      [Object Copy (ms): Min: 0.0, Avg: 1.7, Max: 3.1, Diff: 3.1, Sum: 13.9]
      [Termination (ms): Min: 0.0, Avg: 1.0, Max: 1.2, Diff: 1.2, Sum: 7.9]
         [Termination Attempts: Min: 1, Avg: 24.4, Max: 44, Diff: 43, Sum: 195]
      [GC Worker Other (ms): Min: 0.0, Avg: 0.0, Max: 0.0, Diff: 0.0, Sum: 0.1]
      [GC Worker Total (ms): Min: 2.9, Avg: 5.0, Max: 8.1, Diff: 5.2, Sum: 39.8]
      [GC Worker End (ms): Min: 366197154.9, Avg: 366197154.9, Max: 366197155.0, Diff: 0.0]
   [Code Root Fixup: 0.0 ms]
   [Code Root Purge: 0.0 ms]
   [Clear CT: 0.9 ms]
   [Other: 20.1 ms]
      [Choose CSet: 0.0 ms]
      [Ref Proc: 19.7 ms]
      [Ref Enq: 0.1 ms]
      [Redirty Cards: 0.1 ms]
      [Humongous Register: 0.0 ms]
      [Humongous Reclaim: 0.0 ms]
      [Free CSet: 0.1 ms]
   [Eden: 7152.0M(7152.0M)->0.0B(5712.0M) Survivors: 16384.0K->16384.0K Heap: 10840.0M(14336.0M)->3688.0M(14336.0M)]
 [Times: user=0.10 sys=0.00, real=0.03 secs] 
2022-09-14T04:43:59.880-0600: 366268.397: [GC pause (G1 Evacuation Pause) (mixed), 0.0419027 secs]
   [Parallel Time: 14.2 ms, GC Workers: 8]
      [GC Worker Start (ms): Min: 366268397.3, Avg: 366268402.9, Max: 366268410.3, Diff: 13.0]
      [Ext Root Scanning (ms): Min: 0.0, Avg: 0.8, Max: 3.5, Diff: 3.5, Sum: 6.2]
      [Update RS (ms): Min: 0.0, Avg: 1.0, Max: 2.5, Diff: 2.5, Sum: 8.1]
         [Processed Buffers: Min: 0, Avg: 6.4, Max: 19, Diff: 19, Sum: 51]
      [Scan RS (ms): Min: 0.0, Avg: 1.5, Max: 2.2, Diff: 2.2, Sum: 12.1]
      [Code Root Scanning (ms): Min: 0.0, Avg: 0.0, Max: 0.0, Diff: 0.0, Sum: 0.0]
      [Object Copy (ms): Min: 0.9, Avg: 5.0, Max: 5.9, Diff: 5.1, Sum: 39.8]
      [Termination (ms): Min: 0.0, Avg: 0.1, Max: 0.1, Diff: 0.1, Sum: 0.6]
         [Termination Attempts: Min: 17, Avg: 20.4, Max: 25, Diff: 8, Sum: 163]
      [GC Worker Other (ms): Min: 0.0, Avg: 0.0, Max: 0.1, Diff: 0.1, Sum: 0.2]
      [GC Worker Total (ms): Min: 0.9, Avg: 8.4, Max: 13.9, Diff: 13.0, Sum: 67.0]
      [GC Worker End (ms): Min: 366268411.2, Avg: 366268411.2, Max: 366268411.3, Diff: 0.1]
   [Code Root Fixup: 0.0 ms]
   [Code Root Purge: 0.0 ms]
   [Clear CT: 1.1 ms]
   [Other: 26.6 ms]
      [Choose CSet: 0.0 ms]
      [Ref Proc: 25.9 ms]
      [Ref Enq: 0.2 ms]
      [Redirty Cards: 0.3 ms]
      [Humongous Register: 0.0 ms]
      [Humongous Reclaim: 0.0 ms]
      [Free CSet: 0.1 ms]
   [Eden: 5712.0M(5712.0M)->0.0B(7152.0M) Survivors: 16384.0K->16384.0K Heap: 9400.0M(14336.0M)->3680.2M(14336.0M)]
 [Times: user=0.14 sys=0.00, real=0.05 secs] 
2022-09-14T04:45:28.024-0600: 366356.542: [GC pause (G1 Evacuation Pause) (young), 0.0273481 secs]
   [Parallel Time: 11.0 ms, GC Workers: 8]
      [GC Worker Start (ms): Min: 366356541.9, Avg: 366356543.9, Max: 366356549.1, Diff: 7.2]
      [Ext Root Scanning (ms): Min: 0.0, Avg: 0.9, Max: 3.3, Diff: 3.3, Sum: 7.2]
      [Update RS (ms): Min: 1.7, Avg: 6.3, Max: 9.7, Diff: 8.0, Sum: 50.1]
         [Processed Buffers: Min: 7, Avg: 28.6, Max: 49, Diff: 42, Sum: 229]
      [Scan RS (ms): Min: 0.0, Avg: 0.0, Max: 0.1, Diff: 0.1, Sum: 0.2]
      [Code Root Scanning (ms): Min: 0.0, Avg: 0.0, Max: 0.0, Diff: 0.0, Sum: 0.0]
      [Object Copy (ms): Min: 0.1, Avg: 1.0, Max: 1.3, Diff: 1.2, Sum: 8.1]
      [Termination (ms): Min: 0.0, Avg: 0.6, Max: 0.8, Diff: 0.8, Sum: 5.1]
         [Termination Attempts: Min: 1, Avg: 31.5, Max: 43, Diff: 42, Sum: 252]
      [GC Worker Other (ms): Min: 0.0, Avg: 0.0, Max: 0.0, Diff: 0.0, Sum: 0.1]
      [GC Worker Total (ms): Min: 3.6, Avg: 8.9, Max: 10.9, Diff: 7.2, Sum: 70.9]
      [GC Worker End (ms): Min: 366356552.7, Avg: 366356552.8, Max: 366356552.8, Diff: 0.1]
   [Code Root Fixup: 0.0 ms]
   [Code Root Purge: 0.0 ms]
   [Clear CT: 0.8 ms]
   [Other: 15.6 ms]
      [Choose CSet: 0.0 ms]
      [Ref Proc: 15.2 ms]
      [Ref Enq: 0.1 ms]
      [Redirty Cards: 0.1 ms]
      [Humongous Register: 0.0 ms]
      [Humongous Reclaim: 0.0 ms]
      [Free CSet: 0.1 ms]
   [Eden: 7152.0M(7152.0M)->0.0B(7152.0M) Survivors: 16384.0K->16384.0K Heap: 10832.2M(14336.0M)->3698.0M(14336.0M)]
 [Times: user=0.12 sys=0.00, real=0.02 secs] 
2022-09-14T04:46:54.828-0600: 366443.346: [GC pause (G1 Evacuation Pause) (young) (initial-mark), 0.0452662 secs]
   [Parallel Time: 16.1 ms, GC Workers: 8]
      [GC Worker Start (ms): Min: 366443347.2, Avg: 366443351.2, Max: 366443352.1, Diff: 4.9]
      [Ext Root Scanning (ms): Min: 2.2, Avg: 6.7, Max: 12.3, Diff: 10.2, Sum: 53.9]
      [Update RS (ms): Min: 0.0, Avg: 1.1, Max: 2.9, Diff: 2.9, Sum: 8.4]
         [Processed Buffers: Min: 0, Avg: 6.2, Max: 28, Diff: 28, Sum: 50]
      [Scan RS (ms): Min: 0.0, Avg: 0.0, Max: 0.1, Diff: 0.1, Sum: 0.2]
      [Code Root Scanning (ms): Min: 0.0, Avg: 0.0, Max: 0.0, Diff: 0.0, Sum: 0.0]
      [Object Copy (ms): Min: 0.0, Avg: 0.9, Max: 2.6, Diff: 2.6, Sum: 7.4]
      [Termination (ms): Min: 0.0, Avg: 1.8, Max: 2.5, Diff: 2.5, Sum: 14.5]
         [Termination Attempts: Min: 1, Avg: 3.8, Max: 14, Diff: 13, Sum: 30]
      [GC Worker Other (ms): Min: 0.0, Avg: 0.0, Max: 0.0, Diff: 0.0, Sum: 0.0]
      [GC Worker Total (ms): Min: 9.7, Avg: 10.6, Max: 14.7, Diff: 5.0, Sum: 84.5]
      [GC Worker End (ms): Min: 366443361.8, Avg: 366443361.8, Max: 366443361.9, Diff: 0.1]
   [Code Root Fixup: 0.0 ms]
   [Code Root Purge: 0.0 ms]
   [Clear CT: 0.7 ms]
   [Other: 28.5 ms]
      [Choose CSet: 0.0 ms]
      [Ref Proc: 28.0 ms]
      [Ref Enq: 0.1 ms]
      [Redirty Cards: 0.1 ms]
      [Humongous Register: 0.0 ms]
      [Humongous Reclaim: 0.0 ms]
      [Free CSet: 0.1 ms]
   [Eden: 7152.0M(7152.0M)->0.0B(7152.0M) Survivors: 16384.0K->16384.0K Heap: 10850.0M(14336.0M)->3701.3M(14336.0M)]
 [Times: user=0.15 sys=0.00, real=0.05 secs] 
2022-09-14T04:46:54.873-0600: 366443.391: [GC concurrent-root-region-scan-start]
2022-09-14T04:46:54.880-0600: 366443.398: [GC concurrent-root-region-scan-end, 0.0063751 secs]
2022-09-14T04:46:54.880-0600: 366443.398: [GC concurrent-mark-start]
2022-09-14T04:46:56.193-0600: 366444.711: [GC concurrent-mark-end, 1.3136483 secs]
2022-09-14T04:46:56.194-0600: 366444.711: [GC remark 2022-09-14T04:46:56.194-0600: 366444.711: [Finalize Marking, 0.0024963 secs] 2022-09-14T04:46:56.196-0600: 366444.714: [GC ref-proc, 0.0396358 secs] 2022-09-14T04:46:56.236-0600: 366444.754: [Unloading, 0.0297584 secs], 0.0778866 secs]
 [Times: user=0.28 sys=0.00, real=0.07 secs] 
2022-09-14T04:46:56.272-0600: 366444.789: [GC cleanup 3821M->3821M(14336M), 0.0084774 secs]
 [Times: user=0.02 sys=0.00, real=0.01 secs] 
2022-09-14T04:48:23.828-0600: 366532.346: [GC pause (G1 Evacuation Pause) (young), 0.0259853 secs]
   [Parallel Time: 8.2 ms, GC Workers: 8]
      [GC Worker Start (ms): Min: 366532346.1, Avg: 366532350.0, Max: 366532354.1, Diff: 8.0]
      [Ext Root Scanning (ms): Min: 0.0, Avg: 0.8, Max: 2.9, Diff: 2.9, Sum: 6.1]
      [Update RS (ms): Min: 0.0, Avg: 1.3, Max: 5.6, Diff: 5.6, Sum: 10.5]
         [Processed Buffers: Min: 0, Avg: 5.4, Max: 21, Diff: 21, Sum: 43]
      [Scan RS (ms): Min: 0.0, Avg: 0.0, Max: 0.1, Diff: 0.1, Sum: 0.2]
      [Code Root Scanning (ms): Min: 0.0, Avg: 0.0, Max: 0.0, Diff: 0.0, Sum: 0.0]
      [Object Copy (ms): Min: 0.0, Avg: 1.1, Max: 2.3, Diff: 2.3, Sum: 8.7]
      [Termination (ms): Min: 0.0, Avg: 1.0, Max: 1.4, Diff: 1.4, Sum: 7.8]
         [Termination Attempts: Min: 1, Avg: 7.1, Max: 12, Diff: 11, Sum: 57]
      [GC Worker Other (ms): Min: 0.0, Avg: 0.0, Max: 0.0, Diff: 0.0, Sum: 0.0]
      [GC Worker Total (ms): Min: 0.0, Avg: 4.2, Max: 8.1, Diff: 8.1, Sum: 33.3]
      [GC Worker End (ms): Min: 366532354.2, Avg: 366532354.2, Max: 366532354.3, Diff: 0.2]
   [Code Root Fixup: 0.0 ms]
   [Code Root Purge: 0.0 ms]
   [Clear CT: 0.5 ms]
   [Other: 17.2 ms]
      [Choose CSet: 0.0 ms]
      [Ref Proc: 16.8 ms]
      [Ref Enq: 0.1 ms]
      [Redirty Cards: 0.1 ms]
      [Humongous Register: 0.0 ms]
      [Humongous Reclaim: 0.0 ms]
      [Free CSet: 0.1 ms]
   [Eden: 7152.0M(7152.0M)->0.0B(5712.0M) Survivors: 16384.0K->16384.0K Heap: 10853.3M(14336.0M)->3704.1M(14336.0M)]
 [Times: user=0.10 sys=0.00, real=0.03 secs] 
2022-09-14T04:49:34.528-0600: 366603.046: [GC pause (G1 Evacuation Pause) (mixed), 0.0376546 secs]
   [Parallel Time: 9.0 ms, GC Workers: 8]
      [GC Worker Start (ms): Min: 366603046.0, Avg: 366603049.8, Max: 366603054.8, Diff: 8.8]
      [Ext Root Scanning (ms): Min: 0.0, Avg: 0.8, Max: 3.1, Diff: 3.1, Sum: 6.6]
      [Update RS (ms): Min: 0.0, Avg: 1.1, Max: 2.0, Diff: 2.0, Sum: 8.5]
         [Processed Buffers: Min: 0, Avg: 6.5, Max: 16, Diff: 16, Sum: 52]
      [Scan RS (ms): Min: 0.0, Avg: 0.6, Max: 1.0, Diff: 1.0, Sum: 4.9]
      [Code Root Scanning (ms): Min: 0.0, Avg: 0.0, Max: 0.0, Diff: 0.0, Sum: 0.0]
      [Object Copy (ms): Min: 0.0, Avg: 2.0, Max: 2.9, Diff: 2.9, Sum: 16.0]
      [Termination (ms): Min: 0.0, Avg: 0.5, Max: 0.7, Diff: 0.7, Sum: 4.0]
         [Termination Attempts: Min: 1, Avg: 6.1, Max: 12, Diff: 11, Sum: 49]
      [GC Worker Other (ms): Min: 0.0, Avg: 0.0, Max: 0.0, Diff: 0.0, Sum: 0.1]
      [GC Worker Total (ms): Min: 0.0, Avg: 5.0, Max: 8.8, Diff: 8.8, Sum: 40.1]
      [GC Worker End (ms): Min: 366603054.8, Avg: 366603054.8, Max: 366603054.8, Diff: 0.0]
   [Code Root Fixup: 0.0 ms]
   [Code Root Purge: 0.0 ms]
   [Clear CT: 0.5 ms]
   [Other: 28.1 ms]
      [Choose CSet: 0.0 ms]
      [Ref Proc: 27.7 ms]
      [Ref Enq: 0.1 ms]
      [Redirty Cards: 0.1 ms]
      [Humongous Register: 0.0 ms]
      [Humongous Reclaim: 0.0 ms]
      [Free CSet: 0.1 ms]
   [Eden: 5712.0M(5712.0M)->0.0B(7152.0M) Survivors: 16384.0K->16384.0K Heap: 9416.1M(14336.0M)->3679.7M(14336.0M)]
 [Times: user=0.15 sys=0.00, real=0.04 secs] 
2022-09-14T04:51:01.077-0600: 366689.594: [GC pause (G1 Evacuation Pause) (young), 0.0348012 secs]
   [Parallel Time: 12.8 ms, GC Workers: 8]
      [GC Worker Start (ms): Min: 366689594.4, Avg: 366689601.5, Max: 366689607.2, Diff: 12.7]
      [Ext Root Scanning (ms): Min: 0.0, Avg: 0.7, Max: 3.1, Diff: 3.0, Sum: 5.9]
      [Update RS (ms): Min: 0.0, Avg: 2.7, Max: 6.9, Diff: 6.9, Sum: 21.2]
         [Processed Buffers: Min: 0, Avg: 13.6, Max: 32, Diff: 32, Sum: 109]
      [Scan RS (ms): Min: 0.0, Avg: 0.0, Max: 0.1, Diff: 0.1, Sum: 0.2]
      [Code Root Scanning (ms): Min: 0.0, Avg: 0.0, Max: 0.0, Diff: 0.0, Sum: 0.0]
      [Object Copy (ms): Min: 0.0, Avg: 1.0, Max: 1.8, Diff: 1.8, Sum: 8.4]
      [Termination (ms): Min: 0.0, Avg: 1.3, Max: 1.7, Diff: 1.7, Sum: 10.2]
         [Termination Attempts: Min: 1, Avg: 3.9, Max: 10, Diff: 9, Sum: 31]
      [GC Worker Other (ms): Min: 0.0, Avg: 0.0, Max: 0.0, Diff: 0.0, Sum: 0.0]
      [GC Worker Total (ms): Min: 0.0, Avg: 5.7, Max: 12.8, Diff: 12.8, Sum: 46.0]
      [GC Worker End (ms): Min: 366689607.2, Avg: 366689607.2, Max: 366689607.3, Diff: 0.1]
   [Code Root Fixup: 0.0 ms]
   [Code Root Purge: 0.0 ms]
   [Clear CT: 0.5 ms]
   [Other: 21.4 ms]
      [Choose CSet: 0.0 ms]
      [Ref Proc: 21.0 ms]
      [Ref Enq: 0.1 ms]
      [Redirty Cards: 0.1 ms]
      [Humongous Register: 0.0 ms]
      [Humongous Reclaim: 0.0 ms]
      [Free CSet: 0.1 ms]
   [Eden: 7152.0M(7152.0M)->0.0B(7152.0M) Survivors: 16384.0K->16384.0K Heap: 10831.7M(14336.0M)->3685.0M(14336.0M)]
 [Times: user=0.13 sys=0.00, real=0.03 secs] 
2022-09-14T04:52:27.024-0600: 366775.542: [GC pause (G1 Evacuation Pause) (young) (initial-mark), 0.0430202 secs]
   [Parallel Time: 17.9 ms, GC Workers: 8]
      [GC Worker Start (ms): Min: 366775543.5, Avg: 366775547.5, Max: 366775548.4, Diff: 4.9]
      [Ext Root Scanning (ms): Min: 1.5, Avg: 7.5, Max: 11.5, Diff: 10.0, Sum: 60.4]
      [Update RS (ms): Min: 0.0, Avg: 1.1, Max: 3.5, Diff: 3.5, Sum: 9.1]
         [Processed Buffers: Min: 0, Avg: 6.0, Max: 23, Diff: 23, Sum: 48]
      [Scan RS (ms): Min: 0.0, Avg: 0.0, Max: 0.1, Diff: 0.1, Sum: 0.2]
      [Code Root Scanning (ms): Min: 0.0, Avg: 0.0, Max: 0.0, Diff: 0.0, Sum: 0.0]
      [Object Copy (ms): Min: 0.0, Avg: 1.0, Max: 2.8, Diff: 2.8, Sum: 8.1]
      [Termination (ms): Min: 0.0, Avg: 2.8, Max: 4.1, Diff: 4.1, Sum: 22.1]
         [Termination Attempts: Min: 1, Avg: 1.0, Max: 1, Diff: 0, Sum: 8]
      [GC Worker Other (ms): Min: 0.0, Avg: 0.0, Max: 0.0, Diff: 0.0, Sum: 0.0]
      [GC Worker Total (ms): Min: 11.6, Avg: 12.5, Max: 16.5, Diff: 4.9, Sum: 99.8]
      [GC Worker End (ms): Min: 366775559.9, Avg: 366775560.0, Max: 366775560.0, Diff: 0.1]
   [Code Root Fixup: 0.0 ms]
   [Code Root Purge: 0.0 ms]
   [Clear CT: 0.6 ms]
   [Other: 24.6 ms]
      [Choose CSet: 0.0 ms]
      [Ref Proc: 24.1 ms]
      [Ref Enq: 0.1 ms]
      [Redirty Cards: 0.1 ms]
      [Humongous Register: 0.0 ms]
      [Humongous Reclaim: 0.0 ms]
      [Free CSet: 0.1 ms]
   [Eden: 7152.0M(7152.0M)->0.0B(7152.0M) Survivors: 16384.0K->16384.0K Heap: 10837.0M(14336.0M)->3688.3M(14336.0M)]
 [Times: user=0.14 sys=0.00, real=0.04 secs] 
2022-09-14T04:52:27.068-0600: 366775.585: [GC concurrent-root-region-scan-start]
2022-09-14T04:52:27.075-0600: 366775.593: [GC concurrent-root-region-scan-end, 0.0073613 secs]
2022-09-14T04:52:27.075-0600: 366775.593: [GC concurrent-mark-start]
2022-09-14T04:52:28.416-0600: 366776.933: [GC concurrent-mark-end, 1.3406664 secs]
2022-09-14T04:52:28.416-0600: 366776.934: [GC remark 2022-09-14T04:52:28.416-0600: 366776.934: [Finalize Marking, 0.0017629 secs] 2022-09-14T04:52:28.418-0600: 366776.935: [GC ref-proc, 0.0331127 secs] 2022-09-14T04:52:28.451-0600: 366776.968: [Unloading, 0.0253856 secs], 0.0700016 secs]
 [Times: user=0.29 sys=0.00, real=0.07 secs] 
2022-09-14T04:52:28.486-0600: 366777.004: [GC cleanup 3847M->3847M(14336M), 0.0104412 secs]
 [Times: user=0.03 sys=0.00, real=0.01 secs] 
2022-09-14T04:53:52.829-0600: 366861.346: [GC pause (G1 Evacuation Pause) (young), 0.0369528 secs]
   [Parallel Time: 8.1 ms, GC Workers: 8]
      [GC Worker Start (ms): Min: 366861346.5, Avg: 366861351.2, Max: 366861354.3, Diff: 7.8]
      [Ext Root Scanning (ms): Min: 0.0, Avg: 0.9, Max: 3.3, Diff: 3.2, Sum: 6.9]
      [Update RS (ms): Min: 0.0, Avg: 1.1, Max: 2.6, Diff: 2.6, Sum: 9.2]
         [Processed Buffers: Min: 0, Avg: 6.6, Max: 22, Diff: 22, Sum: 53]
      [Scan RS (ms): Min: 0.0, Avg: 0.0, Max: 0.1, Diff: 0.1, Sum: 0.2]
      [Code Root Scanning (ms): Min: 0.0, Avg: 0.0, Max: 0.0, Diff: 0.0, Sum: 0.0]
      [Object Copy (ms): Min: 0.0, Avg: 0.7, Max: 1.7, Diff: 1.7, Sum: 5.9]
      [Termination (ms): Min: 0.0, Avg: 0.5, Max: 1.0, Diff: 1.0, Sum: 3.9]
         [Termination Attempts: Min: 1, Avg: 1.8, Max: 4, Diff: 3, Sum: 14]
      [GC Worker Other (ms): Min: 0.0, Avg: 0.0, Max: 0.0, Diff: 0.0, Sum: 0.0]
      [GC Worker Total (ms): Min: 0.0, Avg: 3.3, Max: 8.0, Diff: 8.0, Sum: 26.2]
      [GC Worker End (ms): Min: 366861354.4, Avg: 366861354.4, Max: 366861354.5, Diff: 0.2]
   [Code Root Fixup: 0.0 ms]
   [Code Root Purge: 0.0 ms]
   [Clear CT: 0.6 ms]
   [Other: 28.3 ms]
      [Choose CSet: 0.0 ms]
      [Ref Proc: 27.9 ms]
      [Ref Enq: 0.1 ms]
      [Redirty Cards: 0.1 ms]
      [Humongous Register: 0.0 ms]
      [Humongous Reclaim: 0.0 ms]
      [Free CSet: 0.1 ms]
   [Eden: 7152.0M(7152.0M)->0.0B(5712.0M) Survivors: 16384.0K->16384.0K Heap: 10840.3M(14336.0M)->3687.1M(14336.0M)]
 [Times: user=0.13 sys=0.00, real=0.04 secs] 
2022-09-14T04:55:01.675-0600: 366930.193: [GC pause (G1 Evacuation Pause) (mixed), 0.0258263 secs]
   [Parallel Time: 7.7 ms, GC Workers: 8]
      [GC Worker Start (ms): Min: 366930192.6, Avg: 366930194.9, Max: 366930200.2, Diff: 7.6]
      [Ext Root Scanning (ms): Min: 0.0, Avg: 0.9, Max: 3.9, Diff: 3.9, Sum: 7.2]
      [Update RS (ms): Min: 0.0, Avg: 1.1, Max: 1.8, Diff: 1.8, Sum: 8.6]
         [Processed Buffers: Min: 0, Avg: 5.4, Max: 13, Diff: 13, Sum: 43]
      [Scan RS (ms): Min: 0.0, Avg: 0.6, Max: 1.1, Diff: 1.0, Sum: 5.1]
      [Code Root Scanning (ms): Min: 0.0, Avg: 0.0, Max: 0.0, Diff: 0.0, Sum: 0.0]
      [Object Copy (ms): Min: 0.0, Avg: 2.2, Max: 2.9, Diff: 2.9, Sum: 17.5]
      [Termination (ms): Min: 0.0, Avg: 0.5, Max: 0.6, Diff: 0.6, Sum: 4.0]
         [Termination Attempts: Min: 1, Avg: 4.6, Max: 8, Diff: 7, Sum: 37]
      [GC Worker Other (ms): Min: 0.0, Avg: 0.0, Max: 0.0, Diff: 0.0, Sum: 0.0]
      [GC Worker Total (ms): Min: 0.0, Avg: 5.3, Max: 7.7, Diff: 7.6, Sum: 42.4]
      [GC Worker End (ms): Min: 366930200.2, Avg: 366930200.3, Max: 366930200.3, Diff: 0.0]
   [Code Root Fixup: 0.0 ms]
   [Code Root Purge: 0.0 ms]
   [Clear CT: 0.9 ms]
   [Other: 17.3 ms]
      [Choose CSet: 0.0 ms]
      [Ref Proc: 16.8 ms]
      [Ref Enq: 0.1 ms]
      [Redirty Cards: 0.1 ms]
      [Humongous Register: 0.0 ms]
      [Humongous Reclaim: 0.0 ms]
      [Free CSet: 0.1 ms]
   [Eden: 5712.0M(5712.0M)->0.0B(7152.0M) Survivors: 16384.0K->16384.0K Heap: 9399.1M(14336.0M)->3678.7M(14336.0M)]
 [Times: user=0.11 sys=0.00, real=0.03 secs] 
2022-09-14T04:56:25.626-0600: 367014.144: [GC pause (G1 Evacuation Pause) (young), 0.0546325 secs]
   [Parallel Time: 7.7 ms, GC Workers: 8]
      [GC Worker Start (ms): Min: 367014144.0, Avg: 367014146.4, Max: 367014151.6, Diff: 7.6]
      [Ext Root Scanning (ms): Min: 0.0, Avg: 1.2, Max: 2.9, Diff: 2.9, Sum: 9.9]
      [Update RS (ms): Min: 0.0, Avg: 2.4, Max: 3.4, Diff: 3.4, Sum: 19.3]
         [Processed Buffers: Min: 0, Avg: 12.4, Max: 20, Diff: 20, Sum: 99]
      [Scan RS (ms): Min: 0.0, Avg: 0.0, Max: 0.1, Diff: 0.1, Sum: 0.2]
      [Code Root Scanning (ms): Min: 0.0, Avg: 0.0, Max: 0.0, Diff: 0.0, Sum: 0.0]
      [Object Copy (ms): Min: 0.0, Avg: 1.0, Max: 1.4, Diff: 1.4, Sum: 8.1]
      [Termination (ms): Min: 0.0, Avg: 0.5, Max: 0.6, Diff: 0.6, Sum: 4.4]
         [Termination Attempts: Min: 1, Avg: 5.2, Max: 10, Diff: 9, Sum: 42]
      [GC Worker Other (ms): Min: 0.0, Avg: 0.0, Max: 0.0, Diff: 0.0, Sum: 0.1]
      [GC Worker Total (ms): Min: 0.0, Avg: 5.2, Max: 7.6, Diff: 7.6, Sum: 42.0]
      [GC Worker End (ms): Min: 367014151.7, Avg: 367014151.7, Max: 367014151.7, Diff: 0.0]
   [Code Root Fixup: 0.0 ms]
   [Code Root Purge: 0.0 ms]
   [Clear CT: 2.4 ms]
   [Other: 44.6 ms]
      [Choose CSet: 0.0 ms]
      [Ref Proc: 44.1 ms]
      [Ref Enq: 0.1 ms]
      [Redirty Cards: 0.1 ms]
      [Humongous Register: 0.0 ms]
      [Humongous Reclaim: 0.0 ms]
      [Free CSet: 0.1 ms]
   [Eden: 7152.0M(7152.0M)->0.0B(7152.0M) Survivors: 16384.0K->16384.0K Heap: 10830.7M(14336.0M)->3684.4M(14336.0M)]
 [Times: user=0.21 sys=0.00, real=0.06 secs] 
2022-09-14T04:57:51.831-0600: 367100.349: [GC pause (G1 Evacuation Pause) (young) (initial-mark), 0.0348495 secs]
   [Parallel Time: 13.8 ms, GC Workers: 8]
      [GC Worker Start (ms): Min: 367100350.3, Avg: 367100351.8, Max: 367100352.7, Diff: 2.4]
      [Ext Root Scanning (ms): Min: 2.0, Avg: 6.6, Max: 9.3, Diff: 7.3, Sum: 52.9]
      [Update RS (ms): Min: 0.0, Avg: 0.9, Max: 2.6, Diff: 2.6, Sum: 7.3]
         [Processed Buffers: Min: 0, Avg: 6.1, Max: 23, Diff: 23, Sum: 49]
      [Scan RS (ms): Min: 0.0, Avg: 0.0, Max: 0.1, Diff: 0.1, Sum: 0.2]
      [Code Root Scanning (ms): Min: 0.0, Avg: 0.0, Max: 0.0, Diff: 0.0, Sum: 0.0]
      [Object Copy (ms): Min: 0.0, Avg: 2.0, Max: 5.3, Diff: 5.3, Sum: 15.8]
      [Termination (ms): Min: 0.0, Avg: 1.4, Max: 2.3, Diff: 2.3, Sum: 11.1]
         [Termination Attempts: Min: 1, Avg: 1.1, Max: 2, Diff: 1, Sum: 9]
      [GC Worker Other (ms): Min: 0.0, Avg: 0.0, Max: 0.0, Diff: 0.0, Sum: 0.1]
      [GC Worker Total (ms): Min: 10.0, Avg: 10.9, Max: 12.5, Diff: 2.5, Sum: 87.3]
      [GC Worker End (ms): Min: 367100362.6, Avg: 367100362.7, Max: 367100362.8, Diff: 0.1]
   [Code Root Fixup: 0.0 ms]
   [Code Root Purge: 0.0 ms]
   [Clear CT: 0.7 ms]
   [Other: 20.4 ms]
      [Choose CSet: 0.0 ms]
      [Ref Proc: 20.0 ms]
      [Ref Enq: 0.1 ms]
      [Redirty Cards: 0.1 ms]
      [Humongous Register: 0.0 ms]
      [Humongous Reclaim: 0.0 ms]
      [Free CSet: 0.1 ms]
   [Eden: 7152.0M(7152.0M)->0.0B(7152.0M) Survivors: 16384.0K->16384.0K Heap: 10836.4M(14336.0M)->3688.4M(14336.0M)]
 [Times: user=0.11 sys=0.00, real=0.04 secs] 
2022-09-14T04:57:51.866-0600: 367100.384: [GC concurrent-root-region-scan-start]
2022-09-14T04:57:51.872-0600: 367100.389: [GC concurrent-root-region-scan-end, 0.0054920 secs]
2022-09-14T04:57:51.872-0600: 367100.389: [GC concurrent-mark-start]
2022-09-14T04:57:53.179-0600: 367101.697: [GC concurrent-mark-end, 1.3074836 secs]
2022-09-14T04:57:53.179-0600: 367101.697: [GC remark 2022-09-14T04:57:53.179-0600: 367101.697: [Finalize Marking, 0.0019893 secs] 2022-09-14T04:57:53.181-0600: 367101.699: [GC ref-proc, 0.0284731 secs] 2022-09-14T04:57:53.210-0600: 367101.728: [Unloading, 0.0318731 secs], 0.0715368 secs]
 [Times: user=0.24 sys=0.00, real=0.07 secs] 
2022-09-14T04:57:53.251-0600: 367101.769: [GC cleanup 3847M->3847M(14336M), 0.0083752 secs]
 [Times: user=0.02 sys=0.00, real=0.01 secs] 
2022-09-14T04:59:17.229-0600: 367185.747: [GC pause (G1 Evacuation Pause) (young), 0.0249416 secs]
   [Parallel Time: 8.3 ms, GC Workers: 8]
      [GC Worker Start (ms): Min: 367185746.7, Avg: 367185751.5, Max: 367185754.8, Diff: 8.1]
      [Ext Root Scanning (ms): Min: 0.0, Avg: 0.7, Max: 3.1, Diff: 3.1, Sum: 5.7]
      [Update RS (ms): Min: 0.0, Avg: 1.1, Max: 2.4, Diff: 2.4, Sum: 8.7]
         [Processed Buffers: Min: 0, Avg: 6.4, Max: 24, Diff: 24, Sum: 51]
      [Scan RS (ms): Min: 0.0, Avg: 0.0, Max: 0.1, Diff: 0.1, Sum: 0.2]
      [Code Root Scanning (ms): Min: 0.0, Avg: 0.0, Max: 0.0, Diff: 0.0, Sum: 0.0]
      [Object Copy (ms): Min: 0.0, Avg: 0.7, Max: 1.6, Diff: 1.6, Sum: 5.5]
      [Termination (ms): Min: 0.0, Avg: 0.8, Max: 1.3, Diff: 1.3, Sum: 6.3]
         [Termination Attempts: Min: 1, Avg: 1.2, Max: 3, Diff: 2, Sum: 10]
      [GC Worker Other (ms): Min: 0.0, Avg: 0.0, Max: 0.0, Diff: 0.0, Sum: 0.0]
      [GC Worker Total (ms): Min: 0.0, Avg: 3.3, Max: 8.2, Diff: 8.2, Sum: 26.5]
      [GC Worker End (ms): Min: 367185754.8, Avg: 367185754.8, Max: 367185754.9, Diff: 0.1]
   [Code Root Fixup: 0.0 ms]
   [Code Root Purge: 0.0 ms]
   [Clear CT: 0.5 ms]
   [Other: 16.2 ms]
      [Choose CSet: 0.0 ms]
      [Ref Proc: 15.8 ms]
      [Ref Enq: 0.1 ms]
      [Redirty Cards: 0.1 ms]
      [Humongous Register: 0.0 ms]
      [Humongous Reclaim: 0.0 ms]
      [Free CSet: 0.1 ms]
   [Eden: 7152.0M(7152.0M)->0.0B(5712.0M) Survivors: 16384.0K->16384.0K Heap: 10840.4M(14336.0M)->3686.5M(14336.0M)]
 [Times: user=0.08 sys=0.00, real=0.03 secs] 
2022-09-14T05:00:24.129-0600: 367252.647: [GC pause (G1 Evacuation Pause) (mixed), 0.0332919 secs]
   [Parallel Time: 11.9 ms, GC Workers: 8]
      [GC Worker Start (ms): Min: 367252646.7, Avg: 367252652.8, Max: 367252658.1, Diff: 11.4]
      [Ext Root Scanning (ms): Min: 0.0, Avg: 0.8, Max: 4.3, Diff: 4.3, Sum: 6.2]
      [Update RS (ms): Min: 0.0, Avg: 0.9, Max: 1.8, Diff: 1.8, Sum: 6.8]
         [Processed Buffers: Min: 0, Avg: 6.0, Max: 19, Diff: 19, Sum: 48]
      [Scan RS (ms): Min: 0.0, Avg: 0.5, Max: 1.1, Diff: 1.1, Sum: 4.2]
      [Code Root Scanning (ms): Min: 0.0, Avg: 0.0, Max: 0.0, Diff: 0.0, Sum: 0.0]
      [Object Copy (ms): Min: 0.0, Avg: 2.8, Max: 4.6, Diff: 4.6, Sum: 22.4]
      [Termination (ms): Min: 0.0, Avg: 0.6, Max: 0.9, Diff: 0.9, Sum: 4.7]
         [Termination Attempts: Min: 1, Avg: 10.2, Max: 20, Diff: 19, Sum: 82]
      [GC Worker Other (ms): Min: 0.0, Avg: 0.0, Max: 0.0, Diff: 0.0, Sum: 0.0]
      [GC Worker Total (ms): Min: 0.2, Avg: 5.6, Max: 11.8, Diff: 11.5, Sum: 44.4]
      [GC Worker End (ms): Min: 367252658.3, Avg: 367252658.4, Max: 367252658.5, Diff: 0.2]
   [Code Root Fixup: 0.0 ms]
   [Code Root Purge: 0.0 ms]
   [Clear CT: 0.6 ms]
   [Other: 20.8 ms]
      [Choose CSet: 0.0 ms]
      [Ref Proc: 20.4 ms]
      [Ref Enq: 0.1 ms]
      [Redirty Cards: 0.1 ms]
      [Humongous Register: 0.0 ms]
      [Humongous Reclaim: 0.0 ms]
      [Free CSet: 0.1 ms]
   [Eden: 5712.0M(5712.0M)->0.0B(7152.0M) Survivors: 16384.0K->16384.0K Heap: 9398.5M(14336.0M)->3678.8M(14336.0M)]
 [Times: user=0.11 sys=0.00, real=0.04 secs] 
2022-09-14T05:01:48.079-0600: 367336.596: [GC pause (G1 Evacuation Pause) (young), 0.0266172 secs]
   [Parallel Time: 11.2 ms, GC Workers: 8]
      [GC Worker Start (ms): Min: 367336596.4, Avg: 367336601.4, Max: 367336607.4, Diff: 11.0]
      [Ext Root Scanning (ms): Min: 0.0, Avg: 1.6, Max: 6.1, Diff: 6.1, Sum: 12.6]
      [Update RS (ms): Min: 0.0, Avg: 3.1, Max: 7.5, Diff: 7.5, Sum: 24.5]
         [Processed Buffers: Min: 0, Avg: 14.2, Max: 30, Diff: 30, Sum: 114]
      [Scan RS (ms): Min: 0.0, Avg: 0.0, Max: 0.1, Diff: 0.1, Sum: 0.2]
      [Code Root Scanning (ms): Min: 0.0, Avg: 0.0, Max: 0.0, Diff: 0.0, Sum: 0.0]
      [Object Copy (ms): Min: 0.0, Avg: 1.0, Max: 1.8, Diff: 1.8, Sum: 8.3]
      [Termination (ms): Min: 0.0, Avg: 0.5, Max: 0.8, Diff: 0.8, Sum: 3.9]
         [Termination Attempts: Min: 1, Avg: 6.2, Max: 16, Diff: 15, Sum: 50]
      [GC Worker Other (ms): Min: 0.0, Avg: 0.0, Max: 0.0, Diff: 0.0, Sum: 0.0]
      [GC Worker Total (ms): Min: 0.1, Avg: 6.2, Max: 11.1, Diff: 11.0, Sum: 49.5]
      [GC Worker End (ms): Min: 367336607.5, Avg: 367336607.5, Max: 367336607.6, Diff: 0.1]
   [Code Root Fixup: 0.0 ms]
   [Code Root Purge: 0.0 ms]
   [Clear CT: 0.7 ms]
   [Other: 14.7 ms]
      [Choose CSet: 0.0 ms]
      [Ref Proc: 14.3 ms]
      [Ref Enq: 0.1 ms]
      [Redirty Cards: 0.1 ms]
      [Humongous Register: 0.0 ms]
      [Humongous Reclaim: 0.0 ms]
      [Free CSet: 0.1 ms]
   [Eden: 7152.0M(7152.0M)->0.0B(7152.0M) Survivors: 16384.0K->16384.0K Heap: 10830.8M(14336.0M)->3685.0M(14336.0M)]
 [Times: user=0.10 sys=0.00, real=0.03 secs] 
2022-09-14T05:03:15.574-0600: 367424.092: [GC pause (G1 Evacuation Pause) (young) (initial-mark), 0.0308924 secs]
   [Parallel Time: 11.7 ms, GC Workers: 8]
      [GC Worker Start (ms): Min: 367424093.1, Avg: 367424094.6, Max: 367424095.5, Diff: 2.5]
      [Ext Root Scanning (ms): Min: 2.4, Avg: 4.4, Max: 7.8, Diff: 5.3, Sum: 35.6]
      [Update RS (ms): Min: 0.0, Avg: 1.8, Max: 4.4, Diff: 4.4, Sum: 14.4]
         [Processed Buffers: Min: 0, Avg: 5.6, Max: 13, Diff: 13, Sum: 45]
      [Scan RS (ms): Min: 0.0, Avg: 0.0, Max: 0.1, Diff: 0.1, Sum: 0.2]
      [Code Root Scanning (ms): Min: 0.0, Avg: 0.0, Max: 0.0, Diff: 0.0, Sum: 0.0]
      [Object Copy (ms): Min: 0.0, Avg: 1.1, Max: 1.6, Diff: 1.6, Sum: 8.7]
      [Termination (ms): Min: 0.0, Avg: 1.4, Max: 1.8, Diff: 1.8, Sum: 11.1]
         [Termination Attempts: Min: 1, Avg: 8.2, Max: 26, Diff: 25, Sum: 66]
      [GC Worker Other (ms): Min: 0.0, Avg: 0.0, Max: 0.0, Diff: 0.0, Sum: 0.0]
      [GC Worker Total (ms): Min: 7.8, Avg: 8.8, Max: 10.3, Diff: 2.5, Sum: 70.0]
      [GC Worker End (ms): Min: 367424103.3, Avg: 367424103.4, Max: 367424103.5, Diff: 0.2]
   [Code Root Fixup: 0.0 ms]
   [Code Root Purge: 0.0 ms]
   [Clear CT: 0.6 ms]
   [Other: 18.6 ms]
      [Choose CSet: 0.0 ms]
      [Ref Proc: 18.1 ms]
      [Ref Enq: 0.1 ms]
      [Redirty Cards: 0.1 ms]
      [Humongous Register: 0.0 ms]
      [Humongous Reclaim: 0.0 ms]
      [Free CSet: 0.1 ms]
   [Eden: 7152.0M(7152.0M)->0.0B(7152.0M) Survivors: 16384.0K->16384.0K Heap: 10837.0M(14336.0M)->3685.4M(14336.0M)]
 [Times: user=0.13 sys=0.00, real=0.03 secs] 
2022-09-14T05:03:15.605-0600: 367424.123: [GC concurrent-root-region-scan-start]
2022-09-14T05:03:15.611-0600: 367424.129: [GC concurrent-root-region-scan-end, 0.0060961 secs]
2022-09-14T05:03:15.611-0600: 367424.129: [GC concurrent-mark-start]
2022-09-14T05:03:16.904-0600: 367425.422: [GC concurrent-mark-end, 1.2927615 secs]
2022-09-14T05:03:16.904-0600: 367425.422: [GC remark 2022-09-14T05:03:16.904-0600: 367425.422: [Finalize Marking, 0.0007643 secs] 2022-09-14T05:03:16.905-0600: 367425.423: [GC ref-proc, 0.0222825 secs] 2022-09-14T05:03:16.927-0600: 367425.445: [Unloading, 0.0260836 secs], 0.0567562 secs]
 [Times: user=0.24 sys=0.00, real=0.06 secs] 
2022-09-14T05:03:16.961-0600: 367425.479: [GC cleanup 3837M->3837M(14336M), 0.0121132 secs]
 [Times: user=0.02 sys=0.00, real=0.01 secs] 
2022-09-14T05:04:42.073-0600: 367510.590: [GC pause (G1 Evacuation Pause) (young), 0.0334916 secs]
   [Parallel Time: 8.7 ms, GC Workers: 8]
      [GC Worker Start (ms): Min: 367510590.5, Avg: 367510593.1, Max: 367510598.0, Diff: 7.5]
      [Ext Root Scanning (ms): Min: 0.0, Avg: 1.8, Max: 8.2, Diff: 8.2, Sum: 14.3]
      [Update RS (ms): Min: 0.0, Avg: 1.2, Max: 3.4, Diff: 3.4, Sum: 9.3]
         [Processed Buffers: Min: 0, Avg: 5.9, Max: 20, Diff: 20, Sum: 47]
      [Scan RS (ms): Min: 0.0, Avg: 0.0, Max: 0.1, Diff: 0.1, Sum: 0.2]
      [Code Root Scanning (ms): Min: 0.0, Avg: 0.0, Max: 0.0, Diff: 0.0, Sum: 0.0]
      [Object Copy (ms): Min: 0.0, Avg: 1.8, Max: 6.3, Diff: 6.3, Sum: 14.8]
      [Termination (ms): Min: 0.0, Avg: 1.0, Max: 1.7, Diff: 1.7, Sum: 8.3]
         [Termination Attempts: Min: 1, Avg: 5.5, Max: 18, Diff: 17, Sum: 44]
      [GC Worker Other (ms): Min: 0.0, Avg: 0.0, Max: 0.0, Diff: 0.0, Sum: 0.0]
      [GC Worker Total (ms): Min: 1.0, Avg: 5.9, Max: 8.6, Diff: 7.6, Sum: 47.0]
      [GC Worker End (ms): Min: 367510598.9, Avg: 367510599.0, Max: 367510599.1, Diff: 0.2]
   [Code Root Fixup: 0.0 ms]
   [Code Root Purge: 0.0 ms]
   [Clear CT: 0.8 ms]
   [Other: 24.0 ms]
      [Choose CSet: 0.0 ms]
      [Ref Proc: 23.6 ms]
      [Ref Enq: 0.1 ms]
      [Redirty Cards: 0.1 ms]
      [Humongous Register: 0.0 ms]
      [Humongous Reclaim: 0.0 ms]
      [Free CSet: 0.1 ms]
   [Eden: 7152.0M(7152.0M)->0.0B(5712.0M) Survivors: 16384.0K->16384.0K Heap: 10837.4M(14336.0M)->3685.4M(14336.0M)]
 [Times: user=0.12 sys=0.00, real=0.03 secs] 
2022-09-14T05:05:50.727-0600: 367579.245: [GC pause (G1 Evacuation Pause) (mixed), 0.0232588 secs]
   [Parallel Time: 9.8 ms, GC Workers: 8]
      [GC Worker Start (ms): Min: 367579244.7, Avg: 367579247.3, Max: 367579250.3, Diff: 5.6]
      [Ext Root Scanning (ms): Min: 0.0, Avg: 0.9, Max: 3.3, Diff: 3.3, Sum: 7.5]
      [Update RS (ms): Min: 0.0, Avg: 0.9, Max: 1.9, Diff: 1.9, Sum: 7.5]
         [Processed Buffers: Min: 0, Avg: 6.0, Max: 17, Diff: 17, Sum: 48]
      [Scan RS (ms): Min: 0.0, Avg: 0.6, Max: 1.1, Diff: 1.1, Sum: 5.1]
      [Code Root Scanning (ms): Min: 0.0, Avg: 0.0, Max: 0.0, Diff: 0.0, Sum: 0.0]
      [Object Copy (ms): Min: 3.4, Avg: 4.1, Max: 4.9, Diff: 1.4, Sum: 32.9]
      [Termination (ms): Min: 0.0, Avg: 0.5, Max: 0.6, Diff: 0.6, Sum: 4.1]
         [Termination Attempts: Min: 1, Avg: 10.1, Max: 17, Diff: 16, Sum: 81]
      [GC Worker Other (ms): Min: 0.0, Avg: 0.0, Max: 0.0, Diff: 0.0, Sum: 0.1]
      [GC Worker Total (ms): Min: 4.1, Avg: 7.2, Max: 9.7, Diff: 5.6, Sum: 57.3]
      [GC Worker End (ms): Min: 367579254.4, Avg: 367579254.4, Max: 367579254.5, Diff: 0.1]
   [Code Root Fixup: 0.0 ms]
   [Code Root Purge: 0.0 ms]
   [Clear CT: 0.8 ms]
   [Other: 12.6 ms]
      [Choose CSet: 0.0 ms]
      [Ref Proc: 12.0 ms]
      [Ref Enq: 0.1 ms]
      [Redirty Cards: 0.3 ms]
      [Humongous Register: 0.0 ms]
      [Humongous Reclaim: 0.0 ms]
      [Free CSet: 0.1 ms]
   [Eden: 5712.0M(5712.0M)->0.0B(7152.0M) Survivors: 16384.0K->16384.0K Heap: 9397.4M(14336.0M)->3678.1M(14336.0M)]
 [Times: user=0.09 sys=0.00, real=0.02 secs] 
2022-09-14T05:07:16.575-0600: 367665.092: [GC pause (G1 Evacuation Pause) (young), 0.0345187 secs]
   [Parallel Time: 9.4 ms, GC Workers: 8]
      [GC Worker Start (ms): Min: 367665092.3, Avg: 367665095.9, Max: 367665101.5, Diff: 9.3]
      [Ext Root Scanning (ms): Min: 0.0, Avg: 1.1, Max: 2.9, Diff: 2.9, Sum: 8.8]
      [Update RS (ms): Min: 0.0, Avg: 2.7, Max: 4.7, Diff: 4.7, Sum: 21.9]
         [Processed Buffers: Min: 0, Avg: 13.2, Max: 25, Diff: 25, Sum: 106]
      [Scan RS (ms): Min: 0.0, Avg: 0.0, Max: 0.1, Diff: 0.1, Sum: 0.2]
      [Code Root Scanning (ms): Min: 0.0, Avg: 0.0, Max: 0.0, Diff: 0.0, Sum: 0.0]
      [Object Copy (ms): Min: 0.0, Avg: 0.9, Max: 1.7, Diff: 1.7, Sum: 7.3]
      [Termination (ms): Min: 0.0, Avg: 0.9, Max: 1.3, Diff: 1.3, Sum: 7.4]
         [Termination Attempts: Min: 1, Avg: 6.0, Max: 11, Diff: 10, Sum: 48]
      [GC Worker Other (ms): Min: 0.0, Avg: 0.0, Max: 0.0, Diff: 0.0, Sum: 0.1]
      [GC Worker Total (ms): Min: 0.0, Avg: 5.7, Max: 9.3, Diff: 9.3, Sum: 45.6]
      [GC Worker End (ms): Min: 367665101.6, Avg: 367665101.6, Max: 367665101.6, Diff: 0.0]
   [Code Root Fixup: 0.0 ms]
   [Code Root Purge: 0.0 ms]
   [Clear CT: 0.8 ms]
   [Other: 24.4 ms]
      [Choose CSet: 0.0 ms]
      [Ref Proc: 24.0 ms]
      [Ref Enq: 0.1 ms]
      [Redirty Cards: 0.1 ms]
      [Humongous Register: 0.0 ms]
      [Humongous Reclaim: 0.0 ms]
      [Free CSet: 0.1 ms]
   [Eden: 7152.0M(7152.0M)->0.0B(7152.0M) Survivors: 16384.0K->16384.0K Heap: 10830.1M(14336.0M)->3681.7M(14336.0M)]
 [Times: user=0.13 sys=0.00, real=0.03 secs] 
2022-09-14T05:08:42.824-0600: 367751.342: [GC pause (G1 Evacuation Pause) (young) (initial-mark), 0.0409572 secs]
   [Parallel Time: 14.8 ms, GC Workers: 8]
      [GC Worker Start (ms): Min: 367751343.2, Avg: 367751346.0, Max: 367751346.9, Diff: 3.7]
      [Ext Root Scanning (ms): Min: 2.4, Avg: 6.3, Max: 9.6, Diff: 7.3, Sum: 50.2]
      [Update RS (ms): Min: 0.0, Avg: 1.2, Max: 3.1, Diff: 3.1, Sum: 9.7]
         [Processed Buffers: Min: 0, Avg: 6.5, Max: 14, Diff: 14, Sum: 52]
      [Scan RS (ms): Min: 0.0, Avg: 0.0, Max: 0.1, Diff: 0.1, Sum: 0.2]
      [Code Root Scanning (ms): Min: 0.0, Avg: 0.0, Max: 0.0, Diff: 0.0, Sum: 0.0]
      [Object Copy (ms): Min: 0.0, Avg: 1.0, Max: 1.7, Diff: 1.7, Sum: 8.0]
      [Termination (ms): Min: 0.0, Avg: 2.0, Max: 2.9, Diff: 2.9, Sum: 16.2]
         [Termination Attempts: Min: 1, Avg: 2.1, Max: 5, Diff: 4, Sum: 17]
      [GC Worker Other (ms): Min: 0.0, Avg: 0.0, Max: 0.0, Diff: 0.0, Sum: 0.0]
      [GC Worker Total (ms): Min: 9.6, Avg: 10.6, Max: 13.4, Diff: 3.7, Sum: 84.4]
      [GC Worker End (ms): Min: 367751356.5, Avg: 367751356.6, Max: 367751356.7, Diff: 0.2]
   [Code Root Fixup: 0.0 ms]
   [Code Root Purge: 0.0 ms]
   [Clear CT: 0.8 ms]
   [Other: 25.3 ms]
      [Choose CSet: 0.0 ms]
      [Ref Proc: 24.8 ms]
      [Ref Enq: 0.1 ms]
      [Redirty Cards: 0.1 ms]
      [Humongous Register: 0.0 ms]
      [Humongous Reclaim: 0.0 ms]
      [Free CSet: 0.1 ms]
   [Eden: 7152.0M(7152.0M)->0.0B(7152.0M) Survivors: 16384.0K->16384.0K Heap: 10833.7M(14336.0M)->3682.9M(14336.0M)]
 [Times: user=0.15 sys=0.00, real=0.04 secs] 
2022-09-14T05:08:42.865-0600: 367751.383: [GC concurrent-root-region-scan-start]
2022-09-14T05:08:42.871-0600: 367751.389: [GC concurrent-root-region-scan-end, 0.0058974 secs]
2022-09-14T05:08:42.871-0600: 367751.389: [GC concurrent-mark-start]
2022-09-14T05:08:44.191-0600: 367752.708: [GC concurrent-mark-end, 1.3196352 secs]
2022-09-14T05:08:44.191-0600: 367752.709: [GC remark 2022-09-14T05:08:44.191-0600: 367752.709: [Finalize Marking, 0.0019709 secs] 2022-09-14T05:08:44.193-0600: 367752.711: [GC ref-proc, 0.0341088 secs] 2022-09-14T05:08:44.227-0600: 367752.745: [Unloading, 0.0263403 secs], 0.0688368 secs]
 [Times: user=0.26 sys=0.00, real=0.07 secs] 
2022-09-14T05:08:44.260-0600: 367752.778: [GC cleanup 3842M->3842M(14336M), 0.0102216 secs]
 [Times: user=0.02 sys=0.00, real=0.01 secs] 
2022-09-14T05:10:09.825-0600: 367838.343: [GC pause (G1 Evacuation Pause) (young), 0.0369518 secs]
   [Parallel Time: 6.2 ms, GC Workers: 8]
      [GC Worker Start (ms): Min: 367838342.7, Avg: 367838345.6, Max: 367838348.7, Diff: 6.0]
      [Ext Root Scanning (ms): Min: 0.0, Avg: 0.8, Max: 3.2, Diff: 3.2, Sum: 6.6]
      [Update RS (ms): Min: 0.0, Avg: 1.0, Max: 2.4, Diff: 2.4, Sum: 7.9]
         [Processed Buffers: Min: 0, Avg: 5.5, Max: 16, Diff: 16, Sum: 44]
      [Scan RS (ms): Min: 0.0, Avg: 0.0, Max: 0.1, Diff: 0.1, Sum: 0.2]
      [Code Root Scanning (ms): Min: 0.0, Avg: 0.0, Max: 0.0, Diff: 0.0, Sum: 0.0]
      [Object Copy (ms): Min: 0.0, Avg: 0.9, Max: 1.6, Diff: 1.6, Sum: 7.5]
      [Termination (ms): Min: 0.0, Avg: 0.4, Max: 0.7, Diff: 0.7, Sum: 3.3]
         [Termination Attempts: Min: 1, Avg: 2.1, Max: 5, Diff: 4, Sum: 17]
      [GC Worker Other (ms): Min: 0.0, Avg: 0.0, Max: 0.0, Diff: 0.0, Sum: 0.0]
      [GC Worker Total (ms): Min: 0.0, Avg: 3.2, Max: 6.1, Diff: 6.1, Sum: 25.6]
      [GC Worker End (ms): Min: 367838348.7, Avg: 367838348.8, Max: 367838348.8, Diff: 0.1]
   [Code Root Fixup: 0.0 ms]
   [Code Root Purge: 0.0 ms]
   [Clear CT: 0.7 ms]
   [Other: 30.1 ms]
      [Choose CSet: 0.0 ms]
      [Ref Proc: 29.7 ms]
      [Ref Enq: 0.1 ms]
      [Redirty Cards: 0.1 ms]
      [Humongous Register: 0.0 ms]
      [Humongous Reclaim: 0.0 ms]
      [Free CSet: 0.1 ms]
   [Eden: 7152.0M(7152.0M)->0.0B(5712.0M) Survivors: 16384.0K->16384.0K Heap: 10834.9M(14336.0M)->3684.7M(14336.0M)]
 [Times: user=0.12 sys=0.00, real=0.04 secs] 
2022-09-14T05:11:17.274-0600: 367905.792: [GC pause (G1 Evacuation Pause) (mixed), 0.0365349 secs]
   [Parallel Time: 9.1 ms, GC Workers: 8]
      [GC Worker Start (ms): Min: 367905791.9, Avg: 367905792.5, Max: 367905794.3, Diff: 2.4]
      [Ext Root Scanning (ms): Min: 0.0, Avg: 3.1, Max: 8.7, Diff: 8.6, Sum: 25.0]
      [Update RS (ms): Min: 0.0, Avg: 1.2, Max: 2.3, Diff: 2.3, Sum: 9.6]
         [Processed Buffers: Min: 0, Avg: 5.6, Max: 15, Diff: 15, Sum: 45]
      [Scan RS (ms): Min: 0.0, Avg: 0.9, Max: 1.4, Diff: 1.4, Sum: 7.3]
      [Code Root Scanning (ms): Min: 0.0, Avg: 0.0, Max: 0.0, Diff: 0.0, Sum: 0.0]
      [Object Copy (ms): Min: 0.0, Avg: 2.6, Max: 3.6, Diff: 3.6, Sum: 20.9]
      [Termination (ms): Min: 0.0, Avg: 0.5, Max: 0.7, Diff: 0.7, Sum: 4.0]
         [Termination Attempts: Min: 1, Avg: 1.4, Max: 2, Diff: 1, Sum: 11]
      [GC Worker Other (ms): Min: 0.0, Avg: 0.0, Max: 0.0, Diff: 0.0, Sum: 0.1]
      [GC Worker Total (ms): Min: 6.5, Avg: 8.3, Max: 9.0, Diff: 2.4, Sum: 66.8]
      [GC Worker End (ms): Min: 367905800.8, Avg: 367905800.8, Max: 367905800.9, Diff: 0.0]
   [Code Root Fixup: 0.0 ms]
   [Code Root Purge: 0.0 ms]
   [Clear CT: 0.8 ms]
   [Other: 26.6 ms]
      [Choose CSet: 0.0 ms]
      [Ref Proc: 26.2 ms]
      [Ref Enq: 0.1 ms]
      [Redirty Cards: 0.1 ms]
      [Humongous Register: 0.0 ms]
      [Humongous Reclaim: 0.0 ms]
      [Free CSet: 0.1 ms]
   [Eden: 5712.0M(5712.0M)->0.0B(7152.0M) Survivors: 16384.0K->16384.0K Heap: 9396.7M(14336.0M)->3677.7M(14336.0M)]
 [Times: user=0.14 sys=0.00, real=0.03 secs] 
2022-09-14T05:12:41.382-0600: 367989.900: [GC pause (G1 Evacuation Pause) (young), 0.0347846 secs]
   [Parallel Time: 9.7 ms, GC Workers: 8]
      [GC Worker Start (ms): Min: 367989899.8, Avg: 367989902.2, Max: 367989904.8, Diff: 5.0]
      [Ext Root Scanning (ms): Min: 0.0, Avg: 0.7, Max: 2.8, Diff: 2.8, Sum: 6.0]
      [Update RS (ms): Min: 1.9, Avg: 4.3, Max: 6.4, Diff: 4.6, Sum: 34.6]
         [Processed Buffers: Min: 4, Avg: 14.4, Max: 21, Diff: 17, Sum: 115]
      [Scan RS (ms): Min: 0.0, Avg: 0.0, Max: 0.1, Diff: 0.1, Sum: 0.2]
      [Code Root Scanning (ms): Min: 0.0, Avg: 0.0, Max: 0.0, Diff: 0.0, Sum: 0.0]
      [Object Copy (ms): Min: 0.0, Avg: 1.1, Max: 1.7, Diff: 1.7, Sum: 8.6]
      [Termination (ms): Min: 0.0, Avg: 1.1, Max: 1.4, Diff: 1.4, Sum: 8.9]
         [Termination Attempts: Min: 1, Avg: 3.1, Max: 7, Diff: 6, Sum: 25]
      [GC Worker Other (ms): Min: 0.0, Avg: 0.0, Max: 0.0, Diff: 0.0, Sum: 0.1]
      [GC Worker Total (ms): Min: 4.6, Avg: 7.3, Max: 9.7, Diff: 5.0, Sum: 58.4]
      [GC Worker End (ms): Min: 367989909.4, Avg: 367989909.5, Max: 367989909.5, Diff: 0.1]
   [Code Root Fixup: 0.0 ms]
   [Code Root Purge: 0.0 ms]
   [Clear CT: 0.8 ms]
   [Other: 24.3 ms]
      [Choose CSet: 0.0 ms]
      [Ref Proc: 23.9 ms]
      [Ref Enq: 0.1 ms]
      [Redirty Cards: 0.1 ms]
      [Humongous Register: 0.0 ms]
      [Humongous Reclaim: 0.0 ms]
      [Free CSet: 0.1 ms]
   [Eden: 7152.0M(7152.0M)->0.0B(7152.0M) Survivors: 16384.0K->16384.0K Heap: 10829.7M(14336.0M)->3684.9M(14336.0M)]
 [Times: user=0.13 sys=0.00, real=0.03 secs] 
2022-09-14T05:14:05.825-0600: 368074.342: [GC pause (G1 Evacuation Pause) (young) (initial-mark), 0.0306734 secs]
   [Parallel Time: 14.9 ms, GC Workers: 8]
      [GC Worker Start (ms): Min: 368074343.7, Avg: 368074346.2, Max: 368074347.3, Diff: 3.6]
      [Ext Root Scanning (ms): Min: 2.0, Avg: 6.3, Max: 9.8, Diff: 7.8, Sum: 50.4]
      [Update RS (ms): Min: 0.0, Avg: 2.1, Max: 6.6, Diff: 6.6, Sum: 16.6]
         [Processed Buffers: Min: 0, Avg: 6.6, Max: 21, Diff: 21, Sum: 53]
      [Scan RS (ms): Min: 0.0, Avg: 0.0, Max: 0.1, Diff: 0.1, Sum: 0.2]
      [Code Root Scanning (ms): Min: 0.0, Avg: 0.0, Max: 0.0, Diff: 0.0, Sum: 0.0]
      [Object Copy (ms): Min: 0.0, Avg: 1.2, Max: 2.2, Diff: 2.2, Sum: 9.3]
      [Termination (ms): Min: 0.0, Avg: 1.4, Max: 2.0, Diff: 2.0, Sum: 10.9]
         [Termination Attempts: Min: 1, Avg: 6.0, Max: 13, Diff: 12, Sum: 48]
      [GC Worker Other (ms): Min: 0.0, Avg: 0.0, Max: 0.0, Diff: 0.0, Sum: 0.0]
      [GC Worker Total (ms): Min: 9.8, Avg: 10.9, Max: 13.5, Diff: 3.6, Sum: 87.3]
      [GC Worker End (ms): Min: 368074357.1, Avg: 368074357.1, Max: 368074357.2, Diff: 0.2]
   [Code Root Fixup: 0.0 ms]
   [Code Root Purge: 0.0 ms]
   [Clear CT: 0.8 ms]
   [Other: 15.0 ms]
      [Choose CSet: 0.0 ms]
      [Ref Proc: 14.6 ms]
      [Ref Enq: 0.1 ms]
      [Redirty Cards: 0.1 ms]
      [Humongous Register: 0.0 ms]
      [Humongous Reclaim: 0.0 ms]
      [Free CSet: 0.1 ms]
   [Eden: 7152.0M(7152.0M)->0.0B(7152.0M) Survivors: 16384.0K->16384.0K Heap: 10836.9M(14336.0M)->3684.9M(14336.0M)]
 [Times: user=0.11 sys=0.00, real=0.03 secs] 
2022-09-14T05:14:05.855-0600: 368074.373: [GC concurrent-root-region-scan-start]
2022-09-14T05:14:05.861-0600: 368074.379: [GC concurrent-root-region-scan-end, 0.0057691 secs]
2022-09-14T05:14:05.861-0600: 368074.379: [GC concurrent-mark-start]
2022-09-14T05:14:07.160-0600: 368075.677: [GC concurrent-mark-end, 1.2984761 secs]
2022-09-14T05:14:07.160-0600: 368075.678: [GC remark 2022-09-14T05:14:07.160-0600: 368075.678: [Finalize Marking, 0.0021237 secs] 2022-09-14T05:14:07.162-0600: 368075.680: [GC ref-proc, 0.0394000 secs] 2022-09-14T05:14:07.201-0600: 368075.719: [Unloading, 0.0313284 secs], 0.0809989 secs]
 [Times: user=0.28 sys=0.00, real=0.09 secs] 
2022-09-14T05:14:07.241-0600: 368075.759: [GC cleanup 3836M->3836M(14336M), 0.0109385 secs]
 [Times: user=0.03 sys=0.00, real=0.00 secs] 
2022-09-14T05:15:32.228-0600: 368160.746: [GC pause (G1 Evacuation Pause) (young), 0.0204470 secs]
   [Parallel Time: 5.9 ms, GC Workers: 8]
      [GC Worker Start (ms): Min: 368160746.0, Avg: 368160748.4, Max: 368160751.8, Diff: 5.8]
      [Ext Root Scanning (ms): Min: 0.0, Avg: 0.8, Max: 3.3, Diff: 3.3, Sum: 6.7]
      [Update RS (ms): Min: 0.0, Avg: 1.0, Max: 2.4, Diff: 2.4, Sum: 7.8]
         [Processed Buffers: Min: 0, Avg: 5.9, Max: 17, Diff: 17, Sum: 47]
      [Scan RS (ms): Min: 0.0, Avg: 0.0, Max: 0.1, Diff: 0.1, Sum: 0.2]
      [Code Root Scanning (ms): Min: 0.0, Avg: 0.0, Max: 0.0, Diff: 0.0, Sum: 0.0]
      [Object Copy (ms): Min: 0.0, Avg: 1.2, Max: 1.7, Diff: 1.7, Sum: 9.5]
      [Termination (ms): Min: 0.0, Avg: 0.5, Max: 0.6, Diff: 0.6, Sum: 3.7]
         [Termination Attempts: Min: 1, Avg: 1.8, Max: 4, Diff: 3, Sum: 14]
      [GC Worker Other (ms): Min: 0.0, Avg: 0.0, Max: 0.0, Diff: 0.0, Sum: 0.1]
      [GC Worker Total (ms): Min: 0.0, Avg: 3.5, Max: 5.8, Diff: 5.8, Sum: 27.9]
      [GC Worker End (ms): Min: 368160751.8, Avg: 368160751.8, Max: 368160751.9, Diff: 0.0]
   [Code Root Fixup: 0.0 ms]
   [Code Root Purge: 0.0 ms]
   [Clear CT: 0.6 ms]
   [Other: 14.0 ms]
      [Choose CSet: 0.0 ms]
      [Ref Proc: 13.6 ms]
      [Ref Enq: 0.1 ms]
      [Redirty Cards: 0.1 ms]
      [Humongous Register: 0.0 ms]
      [Humongous Reclaim: 0.0 ms]
      [Free CSet: 0.1 ms]
   [Eden: 7152.0M(7152.0M)->0.0B(5712.0M) Survivors: 16384.0K->16384.0K Heap: 10836.9M(14336.0M)->3685.3M(14336.0M)]
 [Times: user=0.07 sys=0.00, real=0.02 secs] 
2022-09-14T05:16:39.573-0600: 368228.091: [GC pause (G1 Evacuation Pause) (mixed), 0.0459943 secs]
   [Parallel Time: 8.2 ms, GC Workers: 8]
      [GC Worker Start (ms): Min: 368228090.9, Avg: 368228093.7, Max: 368228098.3, Diff: 7.5]
      [Ext Root Scanning (ms): Min: 0.0, Avg: 0.9, Max: 3.5, Diff: 3.5, Sum: 6.9]
      [Update RS (ms): Min: 0.0, Avg: 1.0, Max: 2.6, Diff: 2.6, Sum: 8.3]
         [Processed Buffers: Min: 0, Avg: 5.9, Max: 12, Diff: 12, Sum: 47]
      [Scan RS (ms): Min: 0.0, Avg: 0.8, Max: 1.2, Diff: 1.2, Sum: 6.6]
      [Code Root Scanning (ms): Min: 0.0, Avg: 0.0, Max: 0.0, Diff: 0.0, Sum: 0.0]
      [Object Copy (ms): Min: 0.6, Avg: 2.6, Max: 3.3, Diff: 2.7, Sum: 20.4]
      [Termination (ms): Min: 0.0, Avg: 0.1, Max: 0.1, Diff: 0.0, Sum: 0.5]
         [Termination Attempts: Min: 30, Avg: 44.8, Max: 59, Diff: 29, Sum: 358]
      [GC Worker Other (ms): Min: 0.0, Avg: 0.0, Max: 0.0, Diff: 0.0, Sum: 0.1]
      [GC Worker Total (ms): Min: 0.7, Avg: 5.4, Max: 8.2, Diff: 7.4, Sum: 42.9]
      [GC Worker End (ms): Min: 368228099.1, Avg: 368228099.1, Max: 368228099.1, Diff: 0.0]
   [Code Root Fixup: 0.0 ms]
   [Code Root Purge: 0.0 ms]
   [Clear CT: 1.0 ms]
   [Other: 36.8 ms]
      [Choose CSet: 0.0 ms]
      [Ref Proc: 36.4 ms]
      [Ref Enq: 0.1 ms]
      [Redirty Cards: 0.1 ms]
      [Humongous Register: 0.0 ms]
      [Humongous Reclaim: 0.0 ms]
      [Free CSet: 0.1 ms]
   [Eden: 5712.0M(5712.0M)->0.0B(7152.0M) Survivors: 16384.0K->16384.0K Heap: 9397.3M(14336.0M)->3678.8M(14336.0M)]
 [Times: user=0.16 sys=0.00, real=0.04 secs] 
2022-09-14T05:18:04.793-0600: 368313.311: [GC pause (G1 Evacuation Pause) (young), 0.0304473 secs]
   [Parallel Time: 10.4 ms, GC Workers: 8]
      [GC Worker Start (ms): Min: 368313311.3, Avg: 368313314.1, Max: 368313318.4, Diff: 7.1]
      [Ext Root Scanning (ms): Min: 0.0, Avg: 0.8, Max: 3.1, Diff: 3.1, Sum: 6.4]
      [Update RS (ms): Min: 0.0, Avg: 3.0, Max: 5.0, Diff: 5.0, Sum: 24.1]
         [Processed Buffers: Min: 0, Avg: 15.0, Max: 26, Diff: 26, Sum: 120]
      [Scan RS (ms): Min: 0.0, Avg: 0.0, Max: 0.1, Diff: 0.1, Sum: 0.2]
      [Code Root Scanning (ms): Min: 0.0, Avg: 0.0, Max: 0.0, Diff: 0.0, Sum: 0.0]
      [Object Copy (ms): Min: 0.8, Avg: 1.6, Max: 3.7, Diff: 2.9, Sum: 12.5]
      [Termination (ms): Min: 0.0, Avg: 2.0, Max: 2.3, Diff: 2.3, Sum: 16.1]
         [Termination Attempts: Min: 1, Avg: 16.0, Max: 28, Diff: 27, Sum: 128]
      [GC Worker Other (ms): Min: 0.0, Avg: 0.0, Max: 0.0, Diff: 0.0, Sum: 0.1]
      [GC Worker Total (ms): Min: 3.1, Avg: 7.4, Max: 10.2, Diff: 7.1, Sum: 59.4]
      [GC Worker End (ms): Min: 368313321.5, Avg: 368313321.5, Max: 368313321.5, Diff: 0.0]
   [Code Root Fixup: 0.0 ms]
   [Code Root Purge: 0.0 ms]
   [Clear CT: 1.0 ms]
   [Other: 19.0 ms]
      [Choose CSet: 0.0 ms]
      [Ref Proc: 18.6 ms]
      [Ref Enq: 0.1 ms]
      [Redirty Cards: 0.1 ms]
      [Humongous Register: 0.0 ms]
      [Humongous Reclaim: 0.0 ms]
      [Free CSet: 0.1 ms]
   [Eden: 7152.0M(7152.0M)->0.0B(7152.0M) Survivors: 16384.0K->16384.0K Heap: 10830.8M(14336.0M)->3687.2M(14336.0M)]
 [Times: user=0.12 sys=0.00, real=0.03 secs] 
2022-09-14T05:19:30.279-0600: 368398.797: [GC pause (G1 Evacuation Pause) (young) (initial-mark), 0.0374789 secs]
   [Parallel Time: 18.3 ms, GC Workers: 8]
      [GC Worker Start (ms): Min: 368398797.9, Avg: 368398800.4, Max: 368398801.4, Diff: 3.5]
      [Ext Root Scanning (ms): Min: 1.6, Avg: 9.4, Max: 13.3, Diff: 11.7, Sum: 74.8]
      [Update RS (ms): Min: 0.0, Avg: 1.2, Max: 4.9, Diff: 4.9, Sum: 9.9]
         [Processed Buffers: Min: 0, Avg: 6.4, Max: 28, Diff: 28, Sum: 51]
      [Scan RS (ms): Min: 0.0, Avg: 0.0, Max: 0.1, Diff: 0.1, Sum: 0.2]
      [Code Root Scanning (ms): Min: 0.0, Avg: 0.0, Max: 0.0, Diff: 0.0, Sum: 0.0]
      [Object Copy (ms): Min: 0.0, Avg: 0.9, Max: 2.3, Diff: 2.3, Sum: 7.0]
      [Termination (ms): Min: 0.0, Avg: 2.8, Max: 4.7, Diff: 4.7, Sum: 22.7]
         [Termination Attempts: Min: 1, Avg: 5.5, Max: 16, Diff: 15, Sum: 44]
      [GC Worker Other (ms): Min: 0.0, Avg: 0.0, Max: 0.0, Diff: 0.0, Sum: 0.0]
      [GC Worker Total (ms): Min: 13.3, Avg: 14.3, Max: 17.0, Diff: 3.7, Sum: 114.8]
      [GC Worker End (ms): Min: 368398814.7, Avg: 368398814.8, Max: 368398814.9, Diff: 0.2]
   [Code Root Fixup: 0.0 ms]
   [Code Root Purge: 0.0 ms]
   [Clear CT: 0.5 ms]
   [Other: 18.7 ms]
      [Choose CSet: 0.0 ms]
      [Ref Proc: 18.3 ms]
      [Ref Enq: 0.1 ms]
      [Redirty Cards: 0.1 ms]
      [Humongous Register: 0.0 ms]
      [Humongous Reclaim: 0.0 ms]
      [Free CSet: 0.1 ms]
   [Eden: 7152.0M(7152.0M)->0.0B(7152.0M) Survivors: 16384.0K->16384.0K Heap: 10839.2M(14336.0M)->3686.7M(14336.0M)]
 [Times: user=0.11 sys=0.00, real=0.04 secs] 
2022-09-14T05:19:30.316-0600: 368398.834: [GC concurrent-root-region-scan-start]
2022-09-14T05:19:30.322-0600: 368398.839: [GC concurrent-root-region-scan-end, 0.0052398 secs]
2022-09-14T05:19:30.322-0600: 368398.839: [GC concurrent-mark-start]
2022-09-14T05:19:31.628-0600: 368400.146: [GC concurrent-mark-end, 1.3064698 secs]
2022-09-14T05:19:31.628-0600: 368400.146: [GC remark 2022-09-14T05:19:31.628-0600: 368400.146: [Finalize Marking, 0.0028409 secs] 2022-09-14T05:19:31.631-0600: 368400.149: [GC ref-proc, 0.0285082 secs] 2022-09-14T05:19:31.660-0600: 368400.177: [Unloading, 0.0276670 secs], 0.0633831 secs]
 [Times: user=0.26 sys=0.00, real=0.06 secs] 
2022-09-14T05:19:31.692-0600: 368400.210: [GC cleanup 3854M->3854M(14336M), 0.0109452 secs]
 [Times: user=0.04 sys=0.00, real=0.02 secs] 
2022-09-14T05:20:52.884-0600: 368481.402: [GC pause (G1 Evacuation Pause) (young), 0.0313862 secs]
   [Parallel Time: 8.1 ms, GC Workers: 8]
      [GC Worker Start (ms): Min: 368481401.9, Avg: 368481405.3, Max: 368481409.7, Diff: 7.8]
      [Ext Root Scanning (ms): Min: 0.0, Avg: 0.8, Max: 3.1, Diff: 3.1, Sum: 6.8]
      [Update RS (ms): Min: 0.0, Avg: 1.2, Max: 2.7, Diff: 2.7, Sum: 9.3]
         [Processed Buffers: Min: 0, Avg: 5.6, Max: 15, Diff: 15, Sum: 45]
      [Scan RS (ms): Min: 0.0, Avg: 0.0, Max: 0.1, Diff: 0.1, Sum: 0.2]
      [Code Root Scanning (ms): Min: 0.0, Avg: 0.0, Max: 0.0, Diff: 0.0, Sum: 0.0]
      [Object Copy (ms): Min: 0.0, Avg: 1.0, Max: 1.8, Diff: 1.8, Sum: 8.4]
      [Termination (ms): Min: 0.0, Avg: 1.4, Max: 1.9, Diff: 1.9, Sum: 11.0]
         [Termination Attempts: Min: 1, Avg: 2.5, Max: 6, Diff: 5, Sum: 20]
      [GC Worker Other (ms): Min: 0.0, Avg: 0.0, Max: 0.0, Diff: 0.0, Sum: 0.0]
      [GC Worker Total (ms): Min: 0.0, Avg: 4.5, Max: 7.9, Diff: 7.9, Sum: 35.7]
      [GC Worker End (ms): Min: 368481409.8, Avg: 368481409.8, Max: 368481409.9, Diff: 0.2]
   [Code Root Fixup: 0.0 ms]
   [Code Root Purge: 0.0 ms]
   [Clear CT: 0.6 ms]
   [Other: 22.7 ms]
      [Choose CSet: 0.0 ms]
      [Ref Proc: 22.3 ms]
      [Ref Enq: 0.1 ms]
      [Redirty Cards: 0.1 ms]
      [Humongous Register: 0.0 ms]
      [Humongous Reclaim: 0.0 ms]
      [Free CSet: 0.1 ms]
   [Eden: 7152.0M(7152.0M)->0.0B(5712.0M) Survivors: 16384.0K->16384.0K Heap: 10838.7M(14336.0M)->3687.6M(14336.0M)]
 [Times: user=0.13 sys=0.00, real=0.03 secs] 
2022-09-14T05:22:00.628-0600: 368549.146: [GC pause (G1 Evacuation Pause) (mixed), 0.0357674 secs]
   [Parallel Time: 10.8 ms, GC Workers: 8]
      [GC Worker Start (ms): Min: 368549146.1, Avg: 368549149.9, Max: 368549154.3, Diff: 8.3]
      [Ext Root Scanning (ms): Min: 0.0, Avg: 0.9, Max: 3.3, Diff: 3.3, Sum: 6.9]
      [Update RS (ms): Min: 0.0, Avg: 1.5, Max: 5.9, Diff: 5.9, Sum: 12.3]
         [Processed Buffers: Min: 0, Avg: 6.0, Max: 16, Diff: 16, Sum: 48]
      [Scan RS (ms): Min: 0.0, Avg: 0.8, Max: 1.4, Diff: 1.4, Sum: 6.6]
      [Code Root Scanning (ms): Min: 0.0, Avg: 0.0, Max: 0.0, Diff: 0.0, Sum: 0.0]
      [Object Copy (ms): Min: 1.9, Avg: 3.2, Max: 4.4, Diff: 2.6, Sum: 25.8]
      [Termination (ms): Min: 0.0, Avg: 0.5, Max: 0.6, Diff: 0.6, Sum: 4.2]
         [Termination Attempts: Min: 1, Avg: 36.1, Max: 62, Diff: 61, Sum: 289]
      [GC Worker Other (ms): Min: 0.0, Avg: 0.0, Max: 0.0, Diff: 0.0, Sum: 0.1]
      [GC Worker Total (ms): Min: 2.5, Avg: 7.0, Max: 10.8, Diff: 8.3, Sum: 55.9]
      [GC Worker End (ms): Min: 368549156.8, Avg: 368549156.9, Max: 368549156.9, Diff: 0.0]
   [Code Root Fixup: 0.0 ms]
   [Code Root Purge: 0.0 ms]
   [Clear CT: 0.6 ms]
   [Other: 24.3 ms]
      [Choose CSet: 0.0 ms]
      [Ref Proc: 23.9 ms]
      [Ref Enq: 0.1 ms]
      [Redirty Cards: 0.1 ms]
      [Humongous Register: 0.0 ms]
      [Humongous Reclaim: 0.0 ms]
      [Free CSet: 0.1 ms]
   [Eden: 5712.0M(5712.0M)->0.0B(7152.0M) Survivors: 16384.0K->16384.0K Heap: 9399.6M(14336.0M)->3682.7M(14336.0M)]
 [Times: user=0.13 sys=0.00, real=0.04 secs] 
2022-09-14T05:23:26.380-0600: 368634.898: [GC pause (G1 Evacuation Pause) (young), 0.0224143 secs]
   [Parallel Time: 11.3 ms, GC Workers: 8]
      [GC Worker Start (ms): Min: 368634898.1, Avg: 368634901.4, Max: 368634906.3, Diff: 8.3]
      [Ext Root Scanning (ms): Min: 0.0, Avg: 0.8, Max: 3.1, Diff: 3.1, Sum: 6.3]
      [Update RS (ms): Min: 0.0, Avg: 3.3, Max: 6.3, Diff: 6.3, Sum: 26.3]
         [Processed Buffers: Min: 0, Avg: 14.9, Max: 29, Diff: 29, Sum: 119]
      [Scan RS (ms): Min: 0.0, Avg: 0.0, Max: 0.1, Diff: 0.1, Sum: 0.2]
      [Code Root Scanning (ms): Min: 0.0, Avg: 0.0, Max: 0.0, Diff: 0.0, Sum: 0.0]
      [Object Copy (ms): Min: 0.4, Avg: 1.6, Max: 3.8, Diff: 3.4, Sum: 12.4]
      [Termination (ms): Min: 0.0, Avg: 2.0, Max: 2.5, Diff: 2.5, Sum: 16.2]
         [Termination Attempts: Min: 1, Avg: 8.5, Max: 15, Diff: 14, Sum: 68]
      [GC Worker Other (ms): Min: 0.0, Avg: 0.0, Max: 0.0, Diff: 0.0, Sum: 0.1]
      [GC Worker Total (ms): Min: 2.7, Avg: 7.7, Max: 11.0, Diff: 8.3, Sum: 61.6]
      [GC Worker End (ms): Min: 368634909.1, Avg: 368634909.1, Max: 368634909.2, Diff: 0.2]
   [Code Root Fixup: 0.0 ms]
   [Code Root Purge: 0.0 ms]
   [Clear CT: 0.6 ms]
   [Other: 10.6 ms]
      [Choose CSet: 0.0 ms]
      [Ref Proc: 10.2 ms]
      [Ref Enq: 0.1 ms]
      [Redirty Cards: 0.1 ms]
      [Humongous Register: 0.0 ms]
      [Humongous Reclaim: 0.0 ms]
      [Free CSet: 0.1 ms]
   [Eden: 7152.0M(7152.0M)->0.0B(7152.0M) Survivors: 16384.0K->16384.0K Heap: 10834.7M(14336.0M)->3688.6M(14336.0M)]
 [Times: user=0.10 sys=0.00, real=0.03 secs] 
2022-09-14T05:24:52.578-0600: 368721.096: [GC pause (G1 Evacuation Pause) (young) (initial-mark), 0.0450427 secs]
   [Parallel Time: 19.6 ms, GC Workers: 8]
      [GC Worker Start (ms): Min: 368721097.5, Avg: 368721102.9, Max: 368721106.1, Diff: 8.6]
      [Ext Root Scanning (ms): Min: 2.5, Avg: 8.8, Max: 11.0, Diff: 8.4, Sum: 70.6]
      [Update RS (ms): Min: 0.0, Avg: 1.2, Max: 2.6, Diff: 2.6, Sum: 9.5]
         [Processed Buffers: Min: 0, Avg: 5.2, Max: 12, Diff: 12, Sum: 42]
      [Scan RS (ms): Min: 0.0, Avg: 0.0, Max: 0.1, Diff: 0.1, Sum: 0.2]
      [Code Root Scanning (ms): Min: 0.0, Avg: 0.0, Max: 0.0, Diff: 0.0, Sum: 0.0]
      [Object Copy (ms): Min: 0.0, Avg: 0.8, Max: 1.9, Diff: 1.9, Sum: 6.8]
      [Termination (ms): Min: 0.0, Avg: 1.9, Max: 3.1, Diff: 3.1, Sum: 15.3]
         [Termination Attempts: Min: 1, Avg: 1.1, Max: 2, Diff: 1, Sum: 9]
      [GC Worker Other (ms): Min: 0.0, Avg: 0.0, Max: 0.0, Diff: 0.0, Sum: 0.1]
      [GC Worker Total (ms): Min: 9.6, Avg: 12.8, Max: 18.2, Diff: 8.6, Sum: 102.5]
      [GC Worker End (ms): Min: 368721115.6, Avg: 368721115.7, Max: 368721115.7, Diff: 0.1]
   [Code Root Fixup: 0.0 ms]
   [Code Root Purge: 0.0 ms]
   [Clear CT: 0.6 ms]
   [Other: 24.9 ms]
      [Choose CSet: 0.0 ms]
      [Ref Proc: 24.4 ms]
      [Ref Enq: 0.1 ms]
      [Redirty Cards: 0.1 ms]
      [Humongous Register: 0.0 ms]
      [Humongous Reclaim: 0.0 ms]
      [Free CSet: 0.1 ms]
   [Eden: 7152.0M(7152.0M)->0.0B(7152.0M) Survivors: 16384.0K->16384.0K Heap: 10840.6M(14336.0M)->3688.8M(14336.0M)]
 [Times: user=0.15 sys=0.00, real=0.05 secs] 
2022-09-14T05:24:52.624-0600: 368721.141: [GC concurrent-root-region-scan-start]
2022-09-14T05:24:52.629-0600: 368721.147: [GC concurrent-root-region-scan-end, 0.0057852 secs]
2022-09-14T05:24:52.629-0600: 368721.147: [GC concurrent-mark-start]
2022-09-14T05:24:53.938-0600: 368722.456: [GC concurrent-mark-end, 1.3086629 secs]
2022-09-14T05:24:53.938-0600: 368722.456: [GC remark 2022-09-14T05:24:53.938-0600: 368722.456: [Finalize Marking, 0.0030619 secs] 2022-09-14T05:24:53.941-0600: 368722.459: [GC ref-proc, 0.0253052 secs] 2022-09-14T05:24:53.967-0600: 368722.484: [Unloading, 0.0234036 secs], 0.0560416 secs]
 [Times: user=0.26 sys=0.00, real=0.06 secs] 
2022-09-14T05:24:53.994-0600: 368722.512: [GC cleanup 3824M->3824M(14336M), 0.0077919 secs]
 [Times: user=0.02 sys=0.00, real=0.01 secs] 
2022-09-14T05:26:16.875-0600: 368805.392: [GC pause (G1 Evacuation Pause) (young), 0.0208305 secs]
   [Parallel Time: 5.2 ms, GC Workers: 8]
      [GC Worker Start (ms): Min: 368805392.4, Avg: 368805393.8, Max: 368805397.4, Diff: 5.1]
      [Ext Root Scanning (ms): Min: 0.0, Avg: 0.9, Max: 3.3, Diff: 3.3, Sum: 7.1]
      [Update RS (ms): Min: 0.0, Avg: 1.1, Max: 1.7, Diff: 1.7, Sum: 8.8]
         [Processed Buffers: Min: 0, Avg: 5.9, Max: 13, Diff: 13, Sum: 47]
      [Scan RS (ms): Min: 0.0, Avg: 0.0, Max: 0.1, Diff: 0.1, Sum: 0.2]
      [Code Root Scanning (ms): Min: 0.0, Avg: 0.0, Max: 0.0, Diff: 0.0, Sum: 0.0]
      [Object Copy (ms): Min: 0.0, Avg: 1.1, Max: 1.4, Diff: 1.4, Sum: 9.2]
      [Termination (ms): Min: 0.0, Avg: 0.5, Max: 0.6, Diff: 0.6, Sum: 4.3]
         [Termination Attempts: Min: 1, Avg: 8.6, Max: 13, Diff: 12, Sum: 69]
      [GC Worker Other (ms): Min: 0.0, Avg: 0.0, Max: 0.0, Diff: 0.0, Sum: 0.0]
      [GC Worker Total (ms): Min: 0.0, Avg: 3.7, Max: 5.1, Diff: 5.1, Sum: 29.7]
      [GC Worker End (ms): Min: 368805397.5, Avg: 368805397.5, Max: 368805397.5, Diff: 0.0]
   [Code Root Fixup: 0.0 ms]
   [Code Root Purge: 0.0 ms]
   [Clear CT: 0.8 ms]
   [Other: 14.9 ms]
      [Choose CSet: 0.0 ms]
      [Ref Proc: 14.5 ms]
      [Ref Enq: 0.1 ms]
      [Redirty Cards: 0.1 ms]
      [Humongous Register: 0.0 ms]
      [Humongous Reclaim: 0.0 ms]
      [Free CSet: 0.1 ms]
   [Eden: 7152.0M(7152.0M)->0.0B(5712.0M) Survivors: 16384.0K->16384.0K Heap: 10840.8M(14336.0M)->3690.3M(14336.0M)]
 [Times: user=0.08 sys=0.00, real=0.02 secs] 
2022-09-14T05:27:25.026-0600: 368873.544: [GC pause (G1 Evacuation Pause) (mixed), 0.0341529 secs]
   [Parallel Time: 14.0 ms, GC Workers: 8]
      [GC Worker Start (ms): Min: 368873544.0, Avg: 368873547.2, Max: 368873550.3, Diff: 6.4]
      [Ext Root Scanning (ms): Min: 0.0, Avg: 0.8, Max: 3.2, Diff: 3.2, Sum: 6.4]
      [Update RS (ms): Min: 0.0, Avg: 1.0, Max: 2.5, Diff: 2.5, Sum: 7.7]
         [Processed Buffers: Min: 0, Avg: 5.6, Max: 15, Diff: 15, Sum: 45]
      [Scan RS (ms): Min: 0.0, Avg: 0.8, Max: 1.3, Diff: 1.3, Sum: 6.3]
      [Code Root Scanning (ms): Min: 0.0, Avg: 0.0, Max: 0.0, Diff: 0.0, Sum: 0.0]
      [Object Copy (ms): Min: 5.1, Avg: 6.6, Max: 8.4, Diff: 3.3, Sum: 53.0]
      [Termination (ms): Min: 0.0, Avg: 1.4, Max: 2.5, Diff: 2.5, Sum: 11.3]
         [Termination Attempts: Min: 1, Avg: 1.4, Max: 4, Diff: 3, Sum: 11]
      [GC Worker Other (ms): Min: 0.0, Avg: 0.0, Max: 0.0, Diff: 0.0, Sum: 0.1]
      [GC Worker Total (ms): Min: 7.4, Avg: 10.6, Max: 13.8, Diff: 6.4, Sum: 84.6]
      [GC Worker End (ms): Min: 368873557.8, Avg: 368873557.8, Max: 368873557.9, Diff: 0.1]
   [Code Root Fixup: 0.0 ms]
   [Code Root Purge: 0.0 ms]
   [Clear CT: 0.7 ms]
   [Other: 19.4 ms]
      [Choose CSet: 0.0 ms]
      [Ref Proc: 19.0 ms]
      [Ref Enq: 0.1 ms]
      [Redirty Cards: 0.1 ms]
      [Humongous Register: 0.0 ms]
      [Humongous Reclaim: 0.0 ms]
      [Free CSet: 0.1 ms]
   [Eden: 5712.0M(5712.0M)->0.0B(7152.0M) Survivors: 16384.0K->16384.0K Heap: 9402.3M(14336.0M)->3683.9M(14336.0M)]
 [Times: user=0.13 sys=0.00, real=0.03 secs] 
2022-09-14T05:28:50.846-0600: 368959.364: [GC pause (G1 Evacuation Pause) (young), 0.0224415 secs]
   [Parallel Time: 8.0 ms, GC Workers: 8]
      [GC Worker Start (ms): Min: 368959363.7, Avg: 368959366.1, Max: 368959371.6, Diff: 7.9]
      [Ext Root Scanning (ms): Min: 0.0, Avg: 0.8, Max: 3.2, Diff: 3.2, Sum: 6.4]
      [Update RS (ms): Min: 0.0, Avg: 3.1, Max: 4.3, Diff: 4.3, Sum: 25.1]
         [Processed Buffers: Min: 0, Avg: 14.8, Max: 25, Diff: 25, Sum: 118]
      [Scan RS (ms): Min: 0.0, Avg: 0.0, Max: 0.1, Diff: 0.1, Sum: 0.2]
      [Code Root Scanning (ms): Min: 0.0, Avg: 0.0, Max: 0.0, Diff: 0.0, Sum: 0.0]
      [Object Copy (ms): Min: 0.0, Avg: 1.0, Max: 1.4, Diff: 1.4, Sum: 8.3]
      [Termination (ms): Min: 0.0, Avg: 0.6, Max: 0.7, Diff: 0.7, Sum: 4.6]
         [Termination Attempts: Min: 1, Avg: 18.1, Max: 27, Diff: 26, Sum: 145]
      [GC Worker Other (ms): Min: 0.0, Avg: 0.0, Max: 0.0, Diff: 0.0, Sum: 0.1]
      [GC Worker Total (ms): Min: 0.0, Avg: 5.6, Max: 7.9, Diff: 7.9, Sum: 44.6]
      [GC Worker End (ms): Min: 368959371.6, Avg: 368959371.6, Max: 368959371.7, Diff: 0.0]
   [Code Root Fixup: 0.0 ms]
   [Code Root Purge: 0.0 ms]
   [Clear CT: 0.8 ms]
   [Other: 13.6 ms]
      [Choose CSet: 0.0 ms]
      [Ref Proc: 13.3 ms]
      [Ref Enq: 0.1 ms]
      [Redirty Cards: 0.1 ms]
      [Humongous Register: 0.0 ms]
      [Humongous Reclaim: 0.0 ms]
      [Free CSet: 0.1 ms]
   [Eden: 7152.0M(7152.0M)->0.0B(7152.0M) Survivors: 16384.0K->16384.0K Heap: 10835.9M(14336.0M)->3686.6M(14336.0M)]
 [Times: user=0.08 sys=0.00, real=0.02 secs] 
2022-09-14T05:30:16.177-0600: 369044.695: [GC pause (G1 Evacuation Pause) (young) (initial-mark), 0.0371613 secs]
   [Parallel Time: 17.2 ms, GC Workers: 8]
      [GC Worker Start (ms): Min: 369044696.1, Avg: 369044698.5, Max: 369044699.5, Diff: 3.4]
      [Ext Root Scanning (ms): Min: 1.6, Avg: 7.7, Max: 12.3, Diff: 10.8, Sum: 61.3]
      [Update RS (ms): Min: 0.0, Avg: 1.4, Max: 5.4, Diff: 5.4, Sum: 11.4]
         [Processed Buffers: Min: 0, Avg: 5.9, Max: 16, Diff: 16, Sum: 47]
      [Scan RS (ms): Min: 0.0, Avg: 0.0, Max: 0.1, Diff: 0.1, Sum: 0.2]
      [Code Root Scanning (ms): Min: 0.0, Avg: 0.0, Max: 0.0, Diff: 0.0, Sum: 0.0]
      [Object Copy (ms): Min: 0.0, Avg: 1.1, Max: 2.0, Diff: 2.0, Sum: 8.5]
      [Termination (ms): Min: 0.0, Avg: 3.2, Max: 4.5, Diff: 4.5, Sum: 26.0]
         [Termination Attempts: Min: 1, Avg: 2.0, Max: 4, Diff: 3, Sum: 16]
      [GC Worker Other (ms): Min: 0.0, Avg: 0.0, Max: 0.0, Diff: 0.0, Sum: 0.1]
      [GC Worker Total (ms): Min: 12.4, Avg: 13.4, Max: 15.8, Diff: 3.5, Sum: 107.4]
      [GC Worker End (ms): Min: 369044711.9, Avg: 369044711.9, Max: 369044712.0, Diff: 0.2]
   [Code Root Fixup: 0.0 ms]
   [Code Root Purge: 0.0 ms]
   [Clear CT: 0.7 ms]
   [Other: 19.2 ms]
      [Choose CSet: 0.0 ms]
      [Ref Proc: 18.8 ms]
      [Ref Enq: 0.1 ms]
      [Redirty Cards: 0.1 ms]
      [Humongous Register: 0.0 ms]
      [Humongous Reclaim: 0.0 ms]
      [Free CSet: 0.1 ms]
   [Eden: 7152.0M(7152.0M)->0.0B(7152.0M) Survivors: 16384.0K->16384.0K Heap: 10838.6M(14336.0M)->3687.3M(14336.0M)]
 [Times: user=0.14 sys=0.00, real=0.04 secs] 
2022-09-14T05:30:16.214-0600: 369044.732: [GC concurrent-root-region-scan-start]
2022-09-14T05:30:16.220-0600: 369044.738: [GC concurrent-root-region-scan-end, 0.0055707 secs]
2022-09-14T05:30:16.220-0600: 369044.738: [GC concurrent-mark-start]
2022-09-14T05:30:17.531-0600: 369046.049: [GC concurrent-mark-end, 1.3110092 secs]
2022-09-14T05:30:17.531-0600: 369046.049: [GC remark 2022-09-14T05:30:17.531-0600: 369046.049: [Finalize Marking, 0.0026782 secs] 2022-09-14T05:30:17.534-0600: 369046.052: [GC ref-proc, 0.0298977 secs] 2022-09-14T05:30:17.564-0600: 369046.081: [Unloading, 0.0318076 secs], 0.0682124 secs]
 [Times: user=0.25 sys=0.00, real=0.07 secs] 
2022-09-14T05:30:17.600-0600: 369046.117: [GC cleanup 3815M->3815M(14336M), 0.0068842 secs]
 [Times: user=0.02 sys=0.00, real=0.01 secs] 
2022-09-14T05:31:38.525-0600: 369127.043: [GC pause (G1 Evacuation Pause) (young), 0.0402510 secs]
   [Parallel Time: 8.3 ms, GC Workers: 8]
      [GC Worker Start (ms): Min: 369127042.6, Avg: 369127046.5, Max: 369127050.8, Diff: 8.1]
      [Ext Root Scanning (ms): Min: 0.0, Avg: 0.8, Max: 2.9, Diff: 2.9, Sum: 6.0]
      [Update RS (ms): Min: 0.0, Avg: 1.0, Max: 2.5, Diff: 2.5, Sum: 8.2]
         [Processed Buffers: Min: 0, Avg: 5.9, Max: 12, Diff: 12, Sum: 47]
      [Scan RS (ms): Min: 0.0, Avg: 0.0, Max: 0.1, Diff: 0.1, Sum: 0.2]
      [Code Root Scanning (ms): Min: 0.0, Avg: 0.0, Max: 0.0, Diff: 0.0, Sum: 0.0]
      [Object Copy (ms): Min: 0.0, Avg: 1.1, Max: 2.0, Diff: 2.0, Sum: 9.2]
      [Termination (ms): Min: 0.0, Avg: 1.4, Max: 1.8, Diff: 1.8, Sum: 10.9]
         [Termination Attempts: Min: 1, Avg: 7.2, Max: 19, Diff: 18, Sum: 58]
      [GC Worker Other (ms): Min: 0.0, Avg: 0.0, Max: 0.0, Diff: 0.0, Sum: 0.0]
      [GC Worker Total (ms): Min: 0.0, Avg: 4.3, Max: 8.2, Diff: 8.2, Sum: 34.5]
      [GC Worker End (ms): Min: 369127050.8, Avg: 369127050.8, Max: 369127050.8, Diff: 0.0]
   [Code Root Fixup: 0.0 ms]
   [Code Root Purge: 0.0 ms]
   [Clear CT: 0.9 ms]
   [Other: 31.1 ms]
      [Choose CSet: 0.0 ms]
      [Ref Proc: 30.7 ms]
      [Ref Enq: 0.1 ms]
      [Redirty Cards: 0.1 ms]
      [Humongous Register: 0.0 ms]
      [Humongous Reclaim: 0.0 ms]
      [Free CSet: 0.1 ms]
   [Eden: 7152.0M(7152.0M)->0.0B(5712.0M) Survivors: 16384.0K->16384.0K Heap: 10839.3M(14336.0M)->3690.3M(14336.0M)]
 [Times: user=0.13 sys=0.00, real=0.04 secs] 
2022-09-14T05:32:45.324-0600: 369193.842: [GC pause (G1 Evacuation Pause) (mixed), 0.0295468 secs]
   [Parallel Time: 13.4 ms, GC Workers: 8]
      [GC Worker Start (ms): Min: 369193842.0, Avg: 369193846.2, Max: 369193850.4, Diff: 8.4]
      [Ext Root Scanning (ms): Min: 0.0, Avg: 0.9, Max: 3.6, Diff: 3.6, Sum: 7.5]
      [Update RS (ms): Min: 0.0, Avg: 1.1, Max: 2.9, Diff: 2.9, Sum: 9.2]
         [Processed Buffers: Min: 0, Avg: 5.9, Max: 24, Diff: 24, Sum: 47]
      [Scan RS (ms): Min: 0.0, Avg: 0.6, Max: 1.4, Diff: 1.3, Sum: 5.1]
      [Code Root Scanning (ms): Min: 0.0, Avg: 0.0, Max: 0.0, Diff: 0.0, Sum: 0.0]
      [Object Copy (ms): Min: 1.4, Avg: 3.6, Max: 7.5, Diff: 6.1, Sum: 29.0]
      [Termination (ms): Min: 0.0, Avg: 2.7, Max: 3.6, Diff: 3.6, Sum: 21.5]
         [Termination Attempts: Min: 1, Avg: 8.2, Max: 13, Diff: 12, Sum: 66]
      [GC Worker Other (ms): Min: 0.0, Avg: 0.0, Max: 0.0, Diff: 0.0, Sum: 0.1]
      [GC Worker Total (ms): Min: 4.9, Avg: 9.0, Max: 13.3, Diff: 8.4, Sum: 72.4]
      [GC Worker End (ms): Min: 369193855.3, Avg: 369193855.3, Max: 369193855.4, Diff: 0.1]
   [Code Root Fixup: 0.0 ms]
   [Code Root Purge: 0.0 ms]
   [Clear CT: 0.5 ms]
   [Other: 15.6 ms]
      [Choose CSet: 0.0 ms]
      [Ref Proc: 15.2 ms]
      [Ref Enq: 0.1 ms]
      [Redirty Cards: 0.1 ms]
      [Humongous Register: 0.0 ms]
      [Humongous Reclaim: 0.0 ms]
      [Free CSet: 0.1 ms]
   [Eden: 5712.0M(5712.0M)->0.0B(7152.0M) Survivors: 16384.0K->16384.0K Heap: 9402.3M(14336.0M)->3680.3M(14336.0M)]
 [Times: user=0.11 sys=0.00, real=0.03 secs] 
2022-09-14T05:34:08.879-0600: 369277.397: [GC pause (G1 Evacuation Pause) (young), 0.0324078 secs]
   [Parallel Time: 8.6 ms, GC Workers: 8]
      [GC Worker Start (ms): Min: 369277396.9, Avg: 369277400.2, Max: 369277405.2, Diff: 8.3]
      [Ext Root Scanning (ms): Min: 0.0, Avg: 0.8, Max: 2.9, Diff: 2.9, Sum: 6.1]
      [Update RS (ms): Min: 0.0, Avg: 2.7, Max: 5.4, Diff: 5.4, Sum: 21.4]
         [Processed Buffers: Min: 0, Avg: 13.0, Max: 27, Diff: 27, Sum: 104]
      [Scan RS (ms): Min: 0.0, Avg: 0.0, Max: 0.1, Diff: 0.1, Sum: 0.3]
      [Code Root Scanning (ms): Min: 0.0, Avg: 0.0, Max: 0.0, Diff: 0.0, Sum: 0.0]
      [Object Copy (ms): Min: 0.0, Avg: 1.0, Max: 1.5, Diff: 1.5, Sum: 8.0]
      [Termination (ms): Min: 0.0, Avg: 0.5, Max: 0.7, Diff: 0.7, Sum: 3.8]
         [Termination Attempts: Min: 1, Avg: 1.5, Max: 4, Diff: 3, Sum: 12]
      [GC Worker Other (ms): Min: 0.0, Avg: 0.0, Max: 0.0, Diff: 0.0, Sum: 0.1]
      [GC Worker Total (ms): Min: 0.0, Avg: 5.0, Max: 8.3, Diff: 8.3, Sum: 39.7]
      [GC Worker End (ms): Min: 369277405.2, Avg: 369277405.2, Max: 369277405.3, Diff: 0.1]
   [Code Root Fixup: 0.0 ms]
   [Code Root Purge: 0.0 ms]
   [Clear CT: 0.9 ms]
   [Other: 22.9 ms]
      [Choose CSet: 0.0 ms]
      [Ref Proc: 22.6 ms]
      [Ref Enq: 0.1 ms]
      [Redirty Cards: 0.1 ms]
      [Humongous Register: 0.0 ms]
      [Humongous Reclaim: 0.0 ms]
      [Free CSet: 0.1 ms]
   [Eden: 7152.0M(7152.0M)->0.0B(7152.0M) Survivors: 16384.0K->16384.0K Heap: 10832.3M(14336.0M)->3684.1M(14336.0M)]
 [Times: user=0.12 sys=0.00, real=0.03 secs] 
2022-09-14T05:35:32.479-0600: 369360.997: [GC pause (G1 Evacuation Pause) (young) (initial-mark), 0.0471020 secs]
   [Parallel Time: 17.6 ms, GC Workers: 8]
      [GC Worker Start (ms): Min: 369360998.0, Avg: 369360999.9, Max: 369361000.9, Diff: 2.9]
      [Ext Root Scanning (ms): Min: 1.6, Avg: 9.5, Max: 13.2, Diff: 11.6, Sum: 76.0]
      [Update RS (ms): Min: 0.0, Avg: 1.2, Max: 4.9, Diff: 4.9, Sum: 9.3]
         [Processed Buffers: Min: 0, Avg: 6.0, Max: 29, Diff: 29, Sum: 48]
      [Scan RS (ms): Min: 0.0, Avg: 0.0, Max: 0.1, Diff: 0.1, Sum: 0.2]
      [Code Root Scanning (ms): Min: 0.0, Avg: 0.0, Max: 0.0, Diff: 0.0, Sum: 0.0]
      [Object Copy (ms): Min: 0.0, Avg: 0.9, Max: 2.4, Diff: 2.4, Sum: 7.1]
      [Termination (ms): Min: 0.0, Avg: 2.7, Max: 4.5, Diff: 4.5, Sum: 21.6]
         [Termination Attempts: Min: 1, Avg: 1.4, Max: 3, Diff: 2, Sum: 11]
      [GC Worker Other (ms): Min: 0.0, Avg: 0.0, Max: 0.0, Diff: 0.0, Sum: 0.0]
      [GC Worker Total (ms): Min: 13.2, Avg: 14.3, Max: 16.2, Diff: 3.0, Sum: 114.3]
      [GC Worker End (ms): Min: 369361014.1, Avg: 369361014.2, Max: 369361014.3, Diff: 0.1]
   [Code Root Fixup: 0.0 ms]
   [Code Root Purge: 0.0 ms]
   [Clear CT: 0.9 ms]
   [Other: 28.6 ms]
      [Choose CSet: 0.0 ms]
      [Ref Proc: 28.1 ms]
      [Ref Enq: 0.1 ms]
      [Redirty Cards: 0.1 ms]
      [Humongous Register: 0.0 ms]
      [Humongous Reclaim: 0.0 ms]
      [Free CSet: 0.1 ms]
   [Eden: 7152.0M(7152.0M)->0.0B(7152.0M) Survivors: 16384.0K->16384.0K Heap: 10836.1M(14336.0M)->3684.6M(14336.0M)]
 [Times: user=0.14 sys=0.00, real=0.05 secs] 
2022-09-14T05:35:32.526-0600: 369361.044: [GC concurrent-root-region-scan-start]
2022-09-14T05:35:32.532-0600: 369361.050: [GC concurrent-root-region-scan-end, 0.0062637 secs]
2022-09-14T05:35:32.532-0600: 369361.050: [GC concurrent-mark-start]
2022-09-14T05:35:33.843-0600: 369362.361: [GC concurrent-mark-end, 1.3107232 secs]
2022-09-14T05:35:33.843-0600: 369362.361: [GC remark 2022-09-14T05:35:33.843-0600: 369362.361: [Finalize Marking, 0.0023975 secs] 2022-09-14T05:35:33.846-0600: 369362.363: [GC ref-proc, 0.0332598 secs] 2022-09-14T05:35:33.879-0600: 369362.397: [Unloading, 0.0270749 secs], 0.0693186 secs]
 [Times: user=0.26 sys=0.00, real=0.07 secs] 
2022-09-14T05:35:33.913-0600: 369362.431: [GC cleanup 3860M->3860M(14336M), 0.0090484 secs]
 [Times: user=0.02 sys=0.00, real=0.01 secs] 
2022-09-14T05:36:54.580-0600: 369443.098: [GC pause (G1 Evacuation Pause) (young), 0.0191946 secs]
   [Parallel Time: 4.9 ms, GC Workers: 8]
      [GC Worker Start (ms): Min: 369443098.3, Avg: 369443099.3, Max: 369443102.4, Diff: 4.1]
      [Ext Root Scanning (ms): Min: 0.0, Avg: 0.9, Max: 3.7, Diff: 3.7, Sum: 7.5]
      [Update RS (ms): Min: 0.0, Avg: 1.1, Max: 2.0, Diff: 2.0, Sum: 8.9]
         [Processed Buffers: Min: 0, Avg: 5.8, Max: 16, Diff: 16, Sum: 46]
      [Scan RS (ms): Min: 0.0, Avg: 0.0, Max: 0.1, Diff: 0.1, Sum: 0.2]
      [Code Root Scanning (ms): Min: 0.0, Avg: 0.0, Max: 0.0, Diff: 0.0, Sum: 0.0]
      [Object Copy (ms): Min: 0.0, Avg: 1.1, Max: 1.6, Diff: 1.5, Sum: 8.7]
      [Termination (ms): Min: 0.0, Avg: 0.5, Max: 0.6, Diff: 0.6, Sum: 4.3]
         [Termination Attempts: Min: 6, Avg: 23.1, Max: 32, Diff: 26, Sum: 185]
      [GC Worker Other (ms): Min: 0.0, Avg: 0.0, Max: 0.0, Diff: 0.0, Sum: 0.1]
      [GC Worker Total (ms): Min: 0.7, Avg: 3.7, Max: 4.8, Diff: 4.1, Sum: 29.7]
      [GC Worker End (ms): Min: 369443103.0, Avg: 369443103.1, Max: 369443103.1, Diff: 0.0]
   [Code Root Fixup: 0.0 ms]
   [Code Root Purge: 0.0 ms]
   [Clear CT: 0.8 ms]
   [Other: 13.5 ms]
      [Choose CSet: 0.0 ms]
      [Ref Proc: 13.1 ms]
      [Ref Enq: 0.1 ms]
      [Redirty Cards: 0.1 ms]
      [Humongous Register: 0.0 ms]
      [Humongous Reclaim: 0.0 ms]
      [Free CSet: 0.1 ms]
   [Eden: 7152.0M(7152.0M)->0.0B(5712.0M) Survivors: 16384.0K->16384.0K Heap: 10836.6M(14336.0M)->3687.0M(14336.0M)]
 [Times: user=0.07 sys=0.00, real=0.02 secs] 
2022-09-14T05:38:01.930-0600: 369510.448: [GC pause (G1 Evacuation Pause) (mixed), 0.0368455 secs]
   [Parallel Time: 10.8 ms, GC Workers: 8]
      [GC Worker Start (ms): Min: 369510447.7, Avg: 369510452.8, Max: 369510458.3, Diff: 10.6]
      [Ext Root Scanning (ms): Min: 0.0, Avg: 0.8, Max: 3.1, Diff: 3.1, Sum: 6.2]
      [Update RS (ms): Min: 0.0, Avg: 1.0, Max: 2.4, Diff: 2.4, Sum: 7.8]
         [Processed Buffers: Min: 0, Avg: 5.9, Max: 21, Diff: 21, Sum: 47]
      [Scan RS (ms): Min: 0.0, Avg: 0.7, Max: 1.4, Diff: 1.4, Sum: 5.4]
      [Code Root Scanning (ms): Min: 0.0, Avg: 0.0, Max: 0.0, Diff: 0.0, Sum: 0.0]
      [Object Copy (ms): Min: 0.0, Avg: 2.2, Max: 3.8, Diff: 3.8, Sum: 17.6]
      [Termination (ms): Min: 0.0, Avg: 0.9, Max: 1.3, Diff: 1.3, Sum: 6.9]
         [Termination Attempts: Min: 1, Avg: 6.6, Max: 18, Diff: 17, Sum: 53]
      [GC Worker Other (ms): Min: 0.0, Avg: 0.0, Max: 0.0, Diff: 0.0, Sum: 0.1]
      [GC Worker Total (ms): Min: 0.0, Avg: 5.5, Max: 10.7, Diff: 10.7, Sum: 44.1]
      [GC Worker End (ms): Min: 369510458.3, Avg: 369510458.3, Max: 369510458.3, Diff: 0.0]
   [Code Root Fixup: 0.0 ms]
   [Code Root Purge: 0.0 ms]
   [Clear CT: 0.9 ms]
   [Other: 25.1 ms]
      [Choose CSet: 0.0 ms]
      [Ref Proc: 24.6 ms]
      [Ref Enq: 0.1 ms]
      [Redirty Cards: 0.1 ms]
      [Humongous Register: 0.0 ms]
      [Humongous Reclaim: 0.0 ms]
      [Free CSet: 0.1 ms]
   [Eden: 5712.0M(5712.0M)->0.0B(7152.0M) Survivors: 16384.0K->16384.0K Heap: 9399.0M(14336.0M)->3678.9M(14336.0M)]
 [Times: user=0.14 sys=0.00, real=0.04 secs] 
2022-09-14T05:39:26.626-0600: 369595.144: [GC pause (G1 Evacuation Pause) (young), 0.0223044 secs]
   [Parallel Time: 8.3 ms, GC Workers: 8]
      [GC Worker Start (ms): Min: 369595144.3, Avg: 369595146.7, Max: 369595152.2, Diff: 8.0]
      [Ext Root Scanning (ms): Min: 0.0, Avg: 0.8, Max: 3.0, Diff: 3.0, Sum: 6.0]
      [Update RS (ms): Min: 0.0, Avg: 3.4, Max: 6.0, Diff: 6.0, Sum: 27.3]
         [Processed Buffers: Min: 0, Avg: 15.0, Max: 29, Diff: 29, Sum: 120]
      [Scan RS (ms): Min: 0.0, Avg: 0.0, Max: 0.1, Diff: 0.1, Sum: 0.2]
      [Code Root Scanning (ms): Min: 0.0, Avg: 0.0, Max: 0.0, Diff: 0.0, Sum: 0.0]
      [Object Copy (ms): Min: 0.0, Avg: 0.9, Max: 1.4, Diff: 1.4, Sum: 7.4]
      [Termination (ms): Min: 0.0, Avg: 0.6, Max: 0.8, Diff: 0.8, Sum: 4.7]
         [Termination Attempts: Min: 1, Avg: 1.9, Max: 3, Diff: 2, Sum: 15]
      [GC Worker Other (ms): Min: 0.0, Avg: 0.0, Max: 0.0, Diff: 0.0, Sum: 0.0]
      [GC Worker Total (ms): Min: 0.2, Avg: 5.7, Max: 8.1, Diff: 7.9, Sum: 45.8]
      [GC Worker End (ms): Min: 369595152.4, Avg: 369595152.4, Max: 369595152.4, Diff: 0.1]
   [Code Root Fixup: 0.0 ms]
   [Code Root Purge: 0.0 ms]
   [Clear CT: 0.8 ms]
   [Other: 13.2 ms]
      [Choose CSet: 0.0 ms]
      [Ref Proc: 12.8 ms]
      [Ref Enq: 0.1 ms]
      [Redirty Cards: 0.1 ms]
      [Humongous Register: 0.0 ms]
      [Humongous Reclaim: 0.0 ms]
      [Free CSet: 0.1 ms]
   [Eden: 7152.0M(7152.0M)->0.0B(7152.0M) Survivors: 16384.0K->16384.0K Heap: 10830.9M(14336.0M)->3684.0M(14336.0M)]
 [Times: user=0.10 sys=0.00, real=0.02 secs] 
2022-09-14T05:40:49.324-0600: 369677.841: [GC pause (G1 Evacuation Pause) (young) (initial-mark), 0.0408377 secs]
   [Parallel Time: 17.0 ms, GC Workers: 8]
      [GC Worker Start (ms): Min: 369677842.8, Avg: 369677847.2, Max: 369677848.1, Diff: 5.2]
      [Ext Root Scanning (ms): Min: 2.4, Avg: 6.5, Max: 10.1, Diff: 7.7, Sum: 52.2]
      [Update RS (ms): Min: 0.0, Avg: 1.0, Max: 2.2, Diff: 2.2, Sum: 8.4]
         [Processed Buffers: Min: 0, Avg: 6.1, Max: 17, Diff: 17, Sum: 49]
      [Scan RS (ms): Min: 0.0, Avg: 0.0, Max: 0.1, Diff: 0.1, Sum: 0.2]
      [Code Root Scanning (ms): Min: 0.0, Avg: 0.0, Max: 0.0, Diff: 0.0, Sum: 0.0]
      [Object Copy (ms): Min: 0.0, Avg: 0.9, Max: 1.9, Diff: 1.9, Sum: 7.2]
      [Termination (ms): Min: 0.0, Avg: 2.6, Max: 4.0, Diff: 4.0, Sum: 20.8]
         [Termination Attempts: Min: 1, Avg: 4.9, Max: 13, Diff: 12, Sum: 39]
      [GC Worker Other (ms): Min: 0.0, Avg: 0.0, Max: 0.0, Diff: 0.0, Sum: 0.1]
      [GC Worker Total (ms): Min: 10.1, Avg: 11.1, Max: 15.4, Diff: 5.3, Sum: 88.8]
      [GC Worker End (ms): Min: 369677858.2, Avg: 369677858.3, Max: 369677858.3, Diff: 0.2]
   [Code Root Fixup: 0.0 ms]
   [Code Root Purge: 0.0 ms]
   [Clear CT: 0.7 ms]
   [Other: 23.1 ms]
      [Choose CSet: 0.0 ms]
      [Ref Proc: 22.7 ms]
      [Ref Enq: 0.1 ms]
      [Redirty Cards: 0.1 ms]
      [Humongous Register: 0.0 ms]
      [Humongous Reclaim: 0.0 ms]
      [Free CSet: 0.1 ms]
   [Eden: 7152.0M(7152.0M)->0.0B(7152.0M) Survivors: 16384.0K->16384.0K Heap: 10836.0M(14336.0M)->3686.2M(14336.0M)]
 [Times: user=0.14 sys=0.00, real=0.04 secs] 
2022-09-14T05:40:49.365-0600: 369677.882: [GC concurrent-root-region-scan-start]
2022-09-14T05:40:49.370-0600: 369677.888: [GC concurrent-root-region-scan-end, 0.0056496 secs]
2022-09-14T05:40:49.370-0600: 369677.888: [GC concurrent-mark-start]
2022-09-14T05:40:50.678-0600: 369679.196: [GC concurrent-mark-end, 1.3077333 secs]
2022-09-14T05:40:50.678-0600: 369679.196: [GC remark 2022-09-14T05:40:50.678-0600: 369679.196: [Finalize Marking, 0.0029871 secs] 2022-09-14T05:40:50.681-0600: 369679.199: [GC ref-proc, 0.0286332 secs] 2022-09-14T05:40:50.710-0600: 369679.228: [Unloading, 0.0252580 secs], 0.0607706 secs]
 [Times: user=0.27 sys=0.00, real=0.06 secs] 
2022-09-14T05:40:50.739-0600: 369679.257: [GC cleanup 3854M->3854M(14336M), 0.0091917 secs]
 [Times: user=0.02 sys=0.00, real=0.01 secs] 
2022-09-14T05:42:13.878-0600: 369762.396: [GC pause (G1 Evacuation Pause) (young), 0.0208194 secs]
   [Parallel Time: 5.3 ms, GC Workers: 8]
      [GC Worker Start (ms): Min: 369762396.2, Avg: 369762397.8, Max: 369762401.4, Diff: 5.2]
      [Ext Root Scanning (ms): Min: 0.0, Avg: 0.8, Max: 3.1, Diff: 3.1, Sum: 6.4]
      [Update RS (ms): Min: 0.0, Avg: 1.1, Max: 1.8, Diff: 1.8, Sum: 8.9]
         [Processed Buffers: Min: 0, Avg: 6.0, Max: 14, Diff: 14, Sum: 48]
      [Scan RS (ms): Min: 0.0, Avg: 0.0, Max: 0.1, Diff: 0.1, Sum: 0.3]
      [Code Root Scanning (ms): Min: 0.0, Avg: 0.0, Max: 0.0, Diff: 0.0, Sum: 0.0]
      [Object Copy (ms): Min: 0.0, Avg: 1.1, Max: 1.5, Diff: 1.5, Sum: 9.2]
      [Termination (ms): Min: 0.0, Avg: 0.5, Max: 0.6, Diff: 0.6, Sum: 4.3]
         [Termination Attempts: Min: 1, Avg: 2.9, Max: 5, Diff: 4, Sum: 23]
      [GC Worker Other (ms): Min: 0.0, Avg: 0.0, Max: 0.0, Diff: 0.0, Sum: 0.0]
      [GC Worker Total (ms): Min: 0.0, Avg: 3.6, Max: 5.2, Diff: 5.2, Sum: 29.1]
      [GC Worker End (ms): Min: 369762401.4, Avg: 369762401.4, Max: 369762401.4, Diff: 0.0]
   [Code Root Fixup: 0.0 ms]
   [Code Root Purge: 0.0 ms]
   [Clear CT: 0.9 ms]
   [Other: 14.6 ms]
      [Choose CSet: 0.0 ms]
      [Ref Proc: 14.2 ms]
      [Ref Enq: 0.1 ms]
      [Redirty Cards: 0.1 ms]
      [Humongous Register: 0.0 ms]
      [Humongous Reclaim: 0.0 ms]
      [Free CSet: 0.1 ms]
   [Eden: 7152.0M(7152.0M)->0.0B(5712.0M) Survivors: 16384.0K->16384.0K Heap: 10838.2M(14336.0M)->3687.3M(14336.0M)]
 [Times: user=0.09 sys=0.00, real=0.02 secs] 
2022-09-14T05:43:22.324-0600: 369830.842: [GC pause (G1 Evacuation Pause) (mixed), 0.0240161 secs]
   [Parallel Time: 12.4 ms, GC Workers: 8]
      [GC Worker Start (ms): Min: 369830841.7, Avg: 369830845.5, Max: 369830852.6, Diff: 10.9]
      [Ext Root Scanning (ms): Min: 0.0, Avg: 0.8, Max: 3.1, Diff: 3.1, Sum: 6.3]
      [Update RS (ms): Min: 0.0, Avg: 2.7, Max: 10.0, Diff: 10.0, Sum: 21.3]
         [Processed Buffers: Min: 0, Avg: 6.0, Max: 11, Diff: 11, Sum: 48]
      [Scan RS (ms): Min: 0.0, Avg: 0.9, Max: 1.6, Diff: 1.6, Sum: 7.2]
      [Code Root Scanning (ms): Min: 0.0, Avg: 0.0, Max: 0.0, Diff: 0.0, Sum: 0.0]
      [Object Copy (ms): Min: 0.0, Avg: 2.5, Max: 4.0, Diff: 4.0, Sum: 20.3]
      [Termination (ms): Min: 0.0, Avg: 1.6, Max: 2.0, Diff: 2.0, Sum: 12.8]
         [Termination Attempts: Min: 1, Avg: 4.0, Max: 9, Diff: 8, Sum: 32]
      [GC Worker Other (ms): Min: 0.0, Avg: 0.0, Max: 0.0, Diff: 0.0, Sum: 0.1]
      [GC Worker Total (ms): Min: 1.4, Avg: 8.5, Max: 12.4, Diff: 10.9, Sum: 68.0]
      [GC Worker End (ms): Min: 369830854.0, Avg: 369830854.0, Max: 369830854.1, Diff: 0.0]
   [Code Root Fixup: 0.0 ms]
   [Code Root Purge: 0.0 ms]
   [Clear CT: 0.9 ms]
   [Other: 10.7 ms]
      [Choose CSet: 0.0 ms]
      [Ref Proc: 10.2 ms]
      [Ref Enq: 0.1 ms]
      [Redirty Cards: 0.1 ms]
      [Humongous Register: 0.0 ms]
      [Humongous Reclaim: 0.0 ms]
      [Free CSet: 0.1 ms]
   [Eden: 5712.0M(5712.0M)->0.0B(7152.0M) Survivors: 16384.0K->16384.0K Heap: 9399.3M(14336.0M)->3680.1M(14336.0M)]
 [Times: user=0.09 sys=0.00, real=0.02 secs] 
2022-09-14T05:44:46.974-0600: 369915.491: [GC pause (G1 Evacuation Pause) (young), 0.0416482 secs]
   [Parallel Time: 10.8 ms, GC Workers: 8]
      [GC Worker Start (ms): Min: 369915491.5, Avg: 369915496.1, Max: 369915501.5, Diff: 10.0]
      [Ext Root Scanning (ms): Min: 0.0, Avg: 1.0, Max: 3.4, Diff: 3.4, Sum: 8.2]
      [Update RS (ms): Min: 0.0, Avg: 3.0, Max: 4.9, Diff: 4.9, Sum: 24.1]
         [Processed Buffers: Min: 0, Avg: 15.4, Max: 29, Diff: 29, Sum: 123]
      [Scan RS (ms): Min: 0.0, Avg: 0.0, Max: 0.1, Diff: 0.1, Sum: 0.2]
      [Code Root Scanning (ms): Min: 0.0, Avg: 0.0, Max: 0.0, Diff: 0.0, Sum: 0.0]
      [Object Copy (ms): Min: 0.0, Avg: 0.9, Max: 1.5, Diff: 1.5, Sum: 7.5]
      [Termination (ms): Min: 0.0, Avg: 0.9, Max: 1.2, Diff: 1.2, Sum: 7.2]
         [Termination Attempts: Min: 1, Avg: 25.4, Max: 54, Diff: 53, Sum: 203]
      [GC Worker Other (ms): Min: 0.0, Avg: 0.0, Max: 0.0, Diff: 0.0, Sum: 0.0]
      [GC Worker Total (ms): Min: 0.4, Avg: 5.9, Max: 10.6, Diff: 10.2, Sum: 47.2]
      [GC Worker End (ms): Min: 369915502.0, Avg: 369915502.0, Max: 369915502.1, Diff: 0.1]
   [Code Root Fixup: 0.0 ms]
   [Code Root Purge: 0.0 ms]
   [Clear CT: 0.8 ms]
   [Other: 30.1 ms]
      [Choose CSet: 0.0 ms]
      [Ref Proc: 29.7 ms]
      [Ref Enq: 0.1 ms]
      [Redirty Cards: 0.1 ms]
      [Humongous Register: 0.0 ms]
      [Humongous Reclaim: 0.0 ms]
      [Free CSet: 0.1 ms]
   [Eden: 7152.0M(7152.0M)->0.0B(7152.0M) Survivors: 16384.0K->16384.0K Heap: 10832.1M(14336.0M)->3685.6M(14336.0M)]
 [Times: user=0.14 sys=0.00, real=0.04 secs] 
2022-09-14T05:46:12.124-0600: 370000.642: [GC pause (G1 Evacuation Pause) (young) (initial-mark), 0.0466208 secs]
   [Parallel Time: 13.1 ms, GC Workers: 8]
      [GC Worker Start (ms): Min: 370000643.2, Avg: 370000644.8, Max: 370000645.7, Diff: 2.6]
      [Ext Root Scanning (ms): Min: 2.6, Avg: 6.2, Max: 9.0, Diff: 6.4, Sum: 49.9]
      [Update RS (ms): Min: 0.0, Avg: 1.1, Max: 2.2, Diff: 2.2, Sum: 8.6]
         [Processed Buffers: Min: 0, Avg: 6.4, Max: 22, Diff: 22, Sum: 51]
      [Scan RS (ms): Min: 0.0, Avg: 0.0, Max: 0.1, Diff: 0.1, Sum: 0.3]
      [Code Root Scanning (ms): Min: 0.0, Avg: 0.0, Max: 0.0, Diff: 0.0, Sum: 0.0]
      [Object Copy (ms): Min: 0.0, Avg: 0.9, Max: 1.8, Diff: 1.8, Sum: 7.0]
      [Termination (ms): Min: 0.0, Avg: 1.8, Max: 2.7, Diff: 2.7, Sum: 14.6]
         [Termination Attempts: Min: 1, Avg: 1.9, Max: 4, Diff: 3, Sum: 15]
      [GC Worker Other (ms): Min: 0.0, Avg: 0.0, Max: 0.0, Diff: 0.0, Sum: 0.1]
      [GC Worker Total (ms): Min: 9.0, Avg: 10.0, Max: 11.7, Diff: 2.7, Sum: 80.3]
      [GC Worker End (ms): Min: 370000654.7, Avg: 370000654.8, Max: 370000654.9, Diff: 0.2]
   [Code Root Fixup: 0.0 ms]
   [Code Root Purge: 0.0 ms]
   [Clear CT: 0.6 ms]
   [Other: 32.9 ms]
      [Choose CSet: 0.0 ms]
      [Ref Proc: 32.5 ms]
      [Ref Enq: 0.1 ms]
      [Redirty Cards: 0.1 ms]
      [Humongous Register: 0.0 ms]
      [Humongous Reclaim: 0.0 ms]
      [Free CSet: 0.1 ms]
   [Eden: 7152.0M(7152.0M)->0.0B(7152.0M) Survivors: 16384.0K->16384.0K Heap: 10837.6M(14336.0M)->3686.9M(14336.0M)]
 [Times: user=0.14 sys=0.00, real=0.04 secs] 
2022-09-14T05:46:12.171-0600: 370000.688: [GC concurrent-root-region-scan-start]
2022-09-14T05:46:12.177-0600: 370000.695: [GC concurrent-root-region-scan-end, 0.0063431 secs]
2022-09-14T05:46:12.177-0600: 370000.695: [GC concurrent-mark-start]
2022-09-14T05:46:13.511-0600: 370002.028: [GC concurrent-mark-end, 1.3334825 secs]
2022-09-14T05:46:13.511-0600: 370002.029: [GC remark 2022-09-14T05:46:13.512-0600: 370002.029: [Finalize Marking, 0.0074847 secs] 2022-09-14T05:46:13.519-0600: 370002.037: [GC ref-proc, 0.0310208 secs] 2022-09-14T05:46:13.550-0600: 370002.068: [Unloading, 0.0251978 secs], 0.0734998 secs]
 [Times: user=0.30 sys=0.00, real=0.08 secs] 
2022-09-14T05:46:13.585-0600: 370002.103: [GC cleanup 3846M->3846M(14336M), 0.0129791 secs]
 [Times: user=0.02 sys=0.00, real=0.01 secs] 
2022-09-14T05:47:33.886-0600: 370082.404: [GC pause (G1 Evacuation Pause) (young), 0.0249315 secs]
   [Parallel Time: 6.7 ms, GC Workers: 8]
      [GC Worker Start (ms): Min: 370082403.7, Avg: 370082407.0, Max: 370082410.3, Diff: 6.6]
      [Ext Root Scanning (ms): Min: 0.0, Avg: 0.8, Max: 3.1, Diff: 3.1, Sum: 6.4]
      [Update RS (ms): Min: 0.0, Avg: 1.1, Max: 1.9, Diff: 1.9, Sum: 8.4]
         [Processed Buffers: Min: 0, Avg: 5.8, Max: 17, Diff: 17, Sum: 46]
      [Scan RS (ms): Min: 0.0, Avg: 0.0, Max: 0.1, Diff: 0.1, Sum: 0.2]
      [Code Root Scanning (ms): Min: 0.0, Avg: 0.0, Max: 0.0, Diff: 0.0, Sum: 0.0]
      [Object Copy (ms): Min: 0.0, Avg: 1.0, Max: 1.9, Diff: 1.9, Sum: 8.4]
      [Termination (ms): Min: 0.0, Avg: 0.4, Max: 0.7, Diff: 0.7, Sum: 3.5]
         [Termination Attempts: Min: 1, Avg: 5.8, Max: 14, Diff: 13, Sum: 46]
      [GC Worker Other (ms): Min: 0.0, Avg: 0.0, Max: 0.0, Diff: 0.0, Sum: 0.0]
      [GC Worker Total (ms): Min: 0.0, Avg: 3.4, Max: 6.6, Diff: 6.6, Sum: 27.0]
      [GC Worker End (ms): Min: 370082410.3, Avg: 370082410.3, Max: 370082410.4, Diff: 0.1]
   [Code Root Fixup: 0.0 ms]
   [Code Root Purge: 0.0 ms]
   [Clear CT: 0.8 ms]
   [Other: 17.4 ms]
      [Choose CSet: 0.0 ms]
      [Ref Proc: 17.1 ms]
      [Ref Enq: 0.1 ms]
      [Redirty Cards: 0.1 ms]
      [Humongous Register: 0.0 ms]
      [Humongous Reclaim: 0.0 ms]
      [Free CSet: 0.1 ms]
   [Eden: 7152.0M(7152.0M)->0.0B(5712.0M) Survivors: 16384.0K->16384.0K Heap: 10838.9M(14336.0M)->3690.3M(14336.0M)]
 [Times: user=0.10 sys=0.00, real=0.02 secs] 
2022-09-14T05:48:38.939-0600: 370147.456: [GC pause (G1 Evacuation Pause) (mixed), 0.0234802 secs]
   [Parallel Time: 8.4 ms, GC Workers: 8]
      [GC Worker Start (ms): Min: 370147456.3, Avg: 370147458.5, Max: 370147464.6, Diff: 8.3]
      [Ext Root Scanning (ms): Min: 0.0, Avg: 1.0, Max: 3.2, Diff: 3.2, Sum: 7.9]
      [Update RS (ms): Min: 0.0, Avg: 1.1, Max: 1.7, Diff: 1.7, Sum: 8.8]
         [Processed Buffers: Min: 0, Avg: 5.9, Max: 11, Diff: 11, Sum: 47]
      [Scan RS (ms): Min: 0.0, Avg: 0.9, Max: 1.3, Diff: 1.3, Sum: 7.1]
      [Code Root Scanning (ms): Min: 0.0, Avg: 0.0, Max: 0.0, Diff: 0.0, Sum: 0.0]
      [Object Copy (ms): Min: 0.0, Avg: 2.7, Max: 5.4, Diff: 5.4, Sum: 21.3]
      [Termination (ms): Min: 0.0, Avg: 0.5, Max: 0.6, Diff: 0.6, Sum: 4.3]
         [Termination Attempts: Min: 1, Avg: 1.2, Max: 2, Diff: 1, Sum: 10]
      [GC Worker Other (ms): Min: 0.0, Avg: 0.0, Max: 0.0, Diff: 0.0, Sum: 0.1]
      [GC Worker Total (ms): Min: 0.0, Avg: 6.2, Max: 8.3, Diff: 8.3, Sum: 49.4]
      [GC Worker End (ms): Min: 370147464.7, Avg: 370147464.7, Max: 370147464.7, Diff: 0.0]
   [Code Root Fixup: 0.0 ms]
   [Code Root Purge: 0.0 ms]
   [Clear CT: 0.9 ms]
   [Other: 14.2 ms]
      [Choose CSet: 0.0 ms]
      [Ref Proc: 13.8 ms]
      [Ref Enq: 0.1 ms]
      [Redirty Cards: 0.1 ms]
      [Humongous Register: 0.0 ms]
      [Humongous Reclaim: 0.0 ms]
      [Free CSet: 0.1 ms]
   [Eden: 5712.0M(5712.0M)->0.0B(7152.0M) Survivors: 16384.0K->16384.0K Heap: 9402.3M(14336.0M)->3680.8M(14336.0M)]
 [Times: user=0.12 sys=0.00, real=0.03 secs] 
2022-09-14T05:50:00.978-0600: 370229.496: [GC pause (G1 Evacuation Pause) (young), 0.0281149 secs]
   [Parallel Time: 10.4 ms, GC Workers: 8]
      [GC Worker Start (ms): Min: 370229495.7, Avg: 370229498.7, Max: 370229503.3, Diff: 7.6]
      [Ext Root Scanning (ms): Min: 0.0, Avg: 0.8, Max: 3.1, Diff: 3.1, Sum: 6.4]
      [Update RS (ms): Min: 0.0, Avg: 2.8, Max: 5.1, Diff: 5.1, Sum: 22.3]
         [Processed Buffers: Min: 0, Avg: 14.2, Max: 38, Diff: 38, Sum: 114]
      [Scan RS (ms): Min: 0.0, Avg: 0.0, Max: 0.1, Diff: 0.1, Sum: 0.2]
      [Code Root Scanning (ms): Min: 0.0, Avg: 0.0, Max: 0.0, Diff: 0.0, Sum: 0.0]
      [Object Copy (ms): Min: 0.4, Avg: 1.7, Max: 3.7, Diff: 3.2, Sum: 13.4]
      [Termination (ms): Min: 0.0, Avg: 2.0, Max: 2.3, Diff: 2.3, Sum: 15.9]
         [Termination Attempts: Min: 1, Avg: 21.4, Max: 31, Diff: 30, Sum: 171]
      [GC Worker Other (ms): Min: 0.0, Avg: 0.0, Max: 0.0, Diff: 0.0, Sum: 0.1]
      [GC Worker Total (ms): Min: 2.6, Avg: 7.3, Max: 10.4, Diff: 7.8, Sum: 58.3]
      [GC Worker End (ms): Min: 370229505.9, Avg: 370229506.0, Max: 370229506.0, Diff: 0.2]
   [Code Root Fixup: 0.0 ms]
   [Code Root Purge: 0.0 ms]
   [Clear CT: 0.9 ms]
   [Other: 16.8 ms]
      [Choose CSet: 0.0 ms]
      [Ref Proc: 16.4 ms]
      [Ref Enq: 0.1 ms]
      [Redirty Cards: 0.1 ms]
      [Humongous Register: 0.0 ms]
      [Humongous Reclaim: 0.0 ms]
      [Free CSet: 0.1 ms]
   [Eden: 7152.0M(7152.0M)->0.0B(7152.0M) Survivors: 16384.0K->16384.0K Heap: 10832.8M(14336.0M)->3687.1M(14336.0M)]
 [Times: user=0.12 sys=0.00, real=0.03 secs] 
2022-09-14T05:51:22.628-0600: 370311.146: [GC pause (G1 Evacuation Pause) (young) (initial-mark), 0.0314985 secs]
   [Parallel Time: 12.9 ms, GC Workers: 8]
      [GC Worker Start (ms): Min: 370311147.0, Avg: 370311150.1, Max: 370311151.2, Diff: 4.2]
      [Ext Root Scanning (ms): Min: 2.3, Avg: 4.5, Max: 7.9, Diff: 5.6, Sum: 36.0]
      [Update RS (ms): Min: 0.9, Avg: 1.9, Max: 4.9, Diff: 4.0, Sum: 15.0]
         [Processed Buffers: Min: 1, Avg: 6.6, Max: 16, Diff: 15, Sum: 53]
      [Scan RS (ms): Min: 0.0, Avg: 0.0, Max: 0.1, Diff: 0.1, Sum: 0.3]
      [Code Root Scanning (ms): Min: 0.0, Avg: 0.0, Max: 0.0, Diff: 0.0, Sum: 0.0]
      [Object Copy (ms): Min: 0.2, Avg: 1.4, Max: 1.8, Diff: 1.5, Sum: 10.8]
      [Termination (ms): Min: 0.0, Avg: 0.8, Max: 1.0, Diff: 1.0, Sum: 6.1]
         [Termination Attempts: Min: 1, Avg: 28.2, Max: 54, Diff: 53, Sum: 226]
      [GC Worker Other (ms): Min: 0.0, Avg: 0.0, Max: 0.0, Diff: 0.0, Sum: 0.1]
      [GC Worker Total (ms): Min: 7.3, Avg: 8.5, Max: 11.6, Diff: 4.2, Sum: 68.3]
      [GC Worker End (ms): Min: 370311158.6, Avg: 370311158.6, Max: 370311158.7, Diff: 0.1]
   [Code Root Fixup: 0.0 ms]
   [Code Root Purge: 0.0 ms]
   [Clear CT: 1.0 ms]
   [Other: 17.6 ms]
      [Choose CSet: 0.0 ms]
      [Ref Proc: 17.2 ms]
      [Ref Enq: 0.1 ms]
      [Redirty Cards: 0.1 ms]
      [Humongous Register: 0.0 ms]
      [Humongous Reclaim: 0.0 ms]
      [Free CSet: 0.1 ms]
   [Eden: 7152.0M(7152.0M)->0.0B(7152.0M) Survivors: 16384.0K->16384.0K Heap: 10839.1M(14336.0M)->3689.9M(14336.0M)]
 [Times: user=0.11 sys=0.00, real=0.03 secs] 
2022-09-14T05:51:22.660-0600: 370311.177: [GC concurrent-root-region-scan-start]
2022-09-14T05:51:22.668-0600: 370311.186: [GC concurrent-root-region-scan-end, 0.0085482 secs]
2022-09-14T05:51:22.668-0600: 370311.186: [GC concurrent-mark-start]
2022-09-14T05:51:23.981-0600: 370312.499: [GC concurrent-mark-end, 1.3130439 secs]
2022-09-14T05:51:23.983-0600: 370312.501: [GC remark 2022-09-14T05:51:23.983-0600: 370312.501: [Finalize Marking, 0.0021061 secs] 2022-09-14T05:51:23.985-0600: 370312.503: [GC ref-proc, 0.0386035 secs] 2022-09-14T05:51:24.024-0600: 370312.542: [Unloading, 0.0297926 secs], 0.0748784 secs]
 [Times: user=0.30 sys=0.00, real=0.07 secs] 
2022-09-14T05:51:24.058-0600: 370312.576: [GC cleanup 3833M->3833M(14336M), 0.0107505 secs]
 [Times: user=0.02 sys=0.00, real=0.01 secs] 
2022-09-14T05:52:44.825-0600: 370393.343: [GC pause (G1 Evacuation Pause) (young), 0.0268497 secs]
   [Parallel Time: 7.6 ms, GC Workers: 8]
      [GC Worker Start (ms): Min: 370393342.9, Avg: 370393346.9, Max: 370393350.5, Diff: 7.5]
      [Ext Root Scanning (ms): Min: 0.0, Avg: 0.7, Max: 3.1, Diff: 3.1, Sum: 5.9]
      [Update RS (ms): Min: 0.0, Avg: 1.0, Max: 1.8, Diff: 1.8, Sum: 8.2]
         [Processed Buffers: Min: 0, Avg: 6.1, Max: 20, Diff: 20, Sum: 49]
      [Scan RS (ms): Min: 0.0, Avg: 0.0, Max: 0.1, Diff: 0.1, Sum: 0.2]
      [Code Root Scanning (ms): Min: 0.0, Avg: 0.0, Max: 0.0, Diff: 0.0, Sum: 0.0]
      [Object Copy (ms): Min: 0.0, Avg: 1.0, Max: 1.8, Diff: 1.8, Sum: 7.6]
      [Termination (ms): Min: 0.0, Avg: 0.9, Max: 1.2, Diff: 1.2, Sum: 6.8]
         [Termination Attempts: Min: 1, Avg: 1.1, Max: 2, Diff: 1, Sum: 9]
      [GC Worker Other (ms): Min: 0.0, Avg: 0.0, Max: 0.0, Diff: 0.0, Sum: 0.0]
      [GC Worker Total (ms): Min: 0.0, Avg: 3.6, Max: 7.6, Diff: 7.5, Sum: 28.7]
      [GC Worker End (ms): Min: 370393350.5, Avg: 370393350.5, Max: 370393350.5, Diff: 0.0]
   [Code Root Fixup: 0.0 ms]
   [Code Root Purge: 0.0 ms]
   [Clear CT: 1.1 ms]
   [Other: 18.1 ms]
      [Choose CSet: 0.0 ms]
      [Ref Proc: 17.7 ms]
      [Ref Enq: 0.1 ms]
      [Redirty Cards: 0.1 ms]
      [Humongous Register: 0.0 ms]
      [Humongous Reclaim: 0.0 ms]
      [Free CSet: 0.1 ms]
   [Eden: 7152.0M(7152.0M)->0.0B(5712.0M) Survivors: 16384.0K->16384.0K Heap: 10841.9M(14336.0M)->3691.7M(14336.0M)]
 [Times: user=0.09 sys=0.00, real=0.02 secs] 
2022-09-14T05:53:51.129-0600: 370459.646: [GC pause (G1 Evacuation Pause) (mixed), 0.0324225 secs]
   [Parallel Time: 11.4 ms, GC Workers: 8]
      [GC Worker Start (ms): Min: 370459646.5, Avg: 370459651.2, Max: 370459654.3, Diff: 7.9]
      [Ext Root Scanning (ms): Min: 0.0, Avg: 0.9, Max: 4.3, Diff: 4.3, Sum: 7.3]
      [Update RS (ms): Min: 0.0, Avg: 1.2, Max: 2.2, Diff: 2.2, Sum: 9.8]
         [Processed Buffers: Min: 0, Avg: 6.9, Max: 18, Diff: 18, Sum: 55]
      [Scan RS (ms): Min: 0.0, Avg: 0.8, Max: 1.2, Diff: 1.2, Sum: 6.5]
      [Code Root Scanning (ms): Min: 0.0, Avg: 0.0, Max: 0.0, Diff: 0.0, Sum: 0.0]
      [Object Copy (ms): Min: 2.8, Avg: 3.1, Max: 3.7, Diff: 0.9, Sum: 24.5]
      [Termination (ms): Min: 0.0, Avg: 0.5, Max: 0.6, Diff: 0.6, Sum: 4.2]
         [Termination Attempts: Min: 1, Avg: 23.9, Max: 36, Diff: 35, Sum: 191]
      [GC Worker Other (ms): Min: 0.0, Avg: 0.0, Max: 0.0, Diff: 0.0, Sum: 0.1]
      [GC Worker Total (ms): Min: 3.4, Avg: 6.5, Max: 11.3, Diff: 7.9, Sum: 52.3]
      [GC Worker End (ms): Min: 370459657.7, Avg: 370459657.7, Max: 370459657.7, Diff: 0.0]
   [Code Root Fixup: 0.0 ms]
   [Code Root Purge: 0.0 ms]
   [Clear CT: 0.7 ms]
   [Other: 20.3 ms]
      [Choose CSet: 0.0 ms]
      [Ref Proc: 19.9 ms]
      [Ref Enq: 0.1 ms]
      [Redirty Cards: 0.1 ms]
      [Humongous Register: 0.0 ms]
      [Humongous Reclaim: 0.0 ms]
      [Free CSet: 0.1 ms]
   [Eden: 5712.0M(5712.0M)->0.0B(7152.0M) Survivors: 16384.0K->16384.0K Heap: 9403.7M(14336.0M)->3683.0M(14336.0M)]
 [Times: user=0.12 sys=0.00, real=0.04 secs] 
2022-09-14T05:55:13.315-0600: 370541.833: [GC pause (G1 Evacuation Pause) (young), 0.0234174 secs]
   [Parallel Time: 8.1 ms, GC Workers: 8]
      [GC Worker Start (ms): Min: 370541832.8, Avg: 370541834.8, Max: 370541838.3, Diff: 5.5]
      [Ext Root Scanning (ms): Min: 0.0, Avg: 0.9, Max: 2.9, Diff: 2.9, Sum: 7.0]
      [Update RS (ms): Min: 0.3, Avg: 3.3, Max: 5.0, Diff: 4.7, Sum: 26.3]
         [Processed Buffers: Min: 7, Avg: 13.8, Max: 21, Diff: 14, Sum: 110]
      [Scan RS (ms): Min: 0.0, Avg: 0.0, Max: 0.1, Diff: 0.1, Sum: 0.2]
      [Code Root Scanning (ms): Min: 0.0, Avg: 0.0, Max: 0.0, Diff: 0.0, Sum: 0.0]
      [Object Copy (ms): Min: 0.0, Avg: 1.2, Max: 1.4, Diff: 1.4, Sum: 9.5]
      [Termination (ms): Min: 0.0, Avg: 0.7, Max: 0.8, Diff: 0.8, Sum: 5.4]
         [Termination Attempts: Min: 1, Avg: 33.4, Max: 53, Diff: 52, Sum: 267]
      [GC Worker Other (ms): Min: 0.0, Avg: 0.0, Max: 0.0, Diff: 0.0, Sum: 0.1]
      [GC Worker Total (ms): Min: 2.5, Avg: 6.1, Max: 7.9, Diff: 5.5, Sum: 48.6]
      [GC Worker End (ms): Min: 370541840.8, Avg: 370541840.8, Max: 370541840.9, Diff: 0.1]
   [Code Root Fixup: 0.0 ms]
   [Code Root Purge: 0.0 ms]
   [Clear CT: 0.8 ms]
   [Other: 14.6 ms]
      [Choose CSet: 0.0 ms]
      [Ref Proc: 14.2 ms]
      [Ref Enq: 0.1 ms]
      [Redirty Cards: 0.1 ms]
      [Humongous Register: 0.0 ms]
      [Humongous Reclaim: 0.0 ms]
      [Free CSet: 0.1 ms]
   [Eden: 7152.0M(7152.0M)->0.0B(7152.0M) Survivors: 16384.0K->16384.0K Heap: 10835.0M(14336.0M)->3687.9M(14336.0M)]
 [Times: user=0.09 sys=0.00, real=0.02 secs] 
2022-09-14T05:56:36.524-0600: 370625.041: [GC pause (G1 Evacuation Pause) (young) (initial-mark), 0.0451415 secs]
   [Parallel Time: 19.3 ms, GC Workers: 8]
      [GC Worker Start (ms): Min: 370625042.6, Avg: 370625047.1, Max: 370625047.9, Diff: 5.4]
      [Ext Root Scanning (ms): Min: 1.5, Avg: 8.1, Max: 12.4, Diff: 10.9, Sum: 64.9]
      [Update RS (ms): Min: 0.0, Avg: 1.2, Max: 3.9, Diff: 3.9, Sum: 9.2]
         [Processed Buffers: Min: 0, Avg: 6.4, Max: 20, Diff: 20, Sum: 51]
      [Scan RS (ms): Min: 0.0, Avg: 0.0, Max: 0.1, Diff: 0.1, Sum: 0.2]
      [Code Root Scanning (ms): Min: 0.0, Avg: 0.0, Max: 0.0, Diff: 0.0, Sum: 0.0]
      [Object Copy (ms): Min: 0.0, Avg: 1.0, Max: 2.7, Diff: 2.7, Sum: 8.4]
      [Termination (ms): Min: 0.0, Avg: 3.0, Max: 4.6, Diff: 4.6, Sum: 24.1]
         [Termination Attempts: Min: 1, Avg: 4.2, Max: 14, Diff: 13, Sum: 34]
      [GC Worker Other (ms): Min: 0.0, Avg: 0.0, Max: 0.0, Diff: 0.0, Sum: 0.0]
      [GC Worker Total (ms): Min: 12.4, Avg: 13.4, Max: 17.9, Diff: 5.5, Sum: 106.9]
      [GC Worker End (ms): Min: 370625060.3, Avg: 370625060.4, Max: 370625060.5, Diff: 0.2]
   [Code Root Fixup: 0.0 ms]
   [Code Root Purge: 0.0 ms]
   [Clear CT: 0.9 ms]
   [Other: 24.9 ms]
      [Choose CSet: 0.0 ms]
      [Ref Proc: 24.5 ms]
      [Ref Enq: 0.1 ms]
      [Redirty Cards: 0.1 ms]
      [Humongous Register: 0.0 ms]
      [Humongous Reclaim: 0.0 ms]
      [Free CSet: 0.1 ms]
   [Eden: 7152.0M(7152.0M)->0.0B(7152.0M) Survivors: 16384.0K->16384.0K Heap: 10839.9M(14336.0M)->3689.0M(14336.0M)]
 [Times: user=0.13 sys=0.00, real=0.04 secs] 
2022-09-14T05:56:36.569-0600: 370625.086: [GC concurrent-root-region-scan-start]
2022-09-14T05:56:36.575-0600: 370625.093: [GC concurrent-root-region-scan-end, 0.0067039 secs]
2022-09-14T05:56:36.575-0600: 370625.093: [GC concurrent-mark-start]
2022-09-14T05:56:37.865-0600: 370626.383: [GC concurrent-mark-end, 1.2897006 secs]
2022-09-14T05:56:37.867-0600: 370626.385: [GC remark 2022-09-14T05:56:37.867-0600: 370626.385: [Finalize Marking, 0.0024753 secs] 2022-09-14T05:56:37.870-0600: 370626.388: [GC ref-proc, 0.0337628 secs] 2022-09-14T05:56:37.904-0600: 370626.421: [Unloading, 0.0258146 secs], 0.0658287 secs]
 [Times: user=0.27 sys=0.00, real=0.07 secs] 
2022-09-14T05:56:37.933-0600: 370626.451: [GC cleanup 3849M->3849M(14336M), 0.0085519 secs]
 [Times: user=0.02 sys=0.00, real=0.01 secs] 
2022-09-14T05:57:58.636-0600: 370707.154: [GC pause (G1 Evacuation Pause) (young), 0.0196171 secs]
   [Parallel Time: 5.5 ms, GC Workers: 8]
      [GC Worker Start (ms): Min: 370707154.0, Avg: 370707155.9, Max: 370707158.4, Diff: 4.4]
      [Ext Root Scanning (ms): Min: 0.0, Avg: 0.8, Max: 3.0, Diff: 3.0, Sum: 6.7]
      [Update RS (ms): Min: 0.0, Avg: 1.0, Max: 2.0, Diff: 2.0, Sum: 8.1]
         [Processed Buffers: Min: 0, Avg: 5.8, Max: 14, Diff: 14, Sum: 46]
      [Scan RS (ms): Min: 0.0, Avg: 0.0, Max: 0.1, Diff: 0.1, Sum: 0.2]
      [Code Root Scanning (ms): Min: 0.0, Avg: 0.0, Max: 0.0, Diff: 0.0, Sum: 0.0]
      [Object Copy (ms): Min: 0.5, Avg: 1.2, Max: 2.0, Diff: 1.6, Sum: 9.7]
      [Termination (ms): Min: 0.0, Avg: 0.5, Max: 0.6, Diff: 0.6, Sum: 4.1]
         [Termination Attempts: Min: 1, Avg: 4.9, Max: 11, Diff: 10, Sum: 39]
      [GC Worker Other (ms): Min: 0.0, Avg: 0.0, Max: 0.0, Diff: 0.0, Sum: 0.1]
      [GC Worker Total (ms): Min: 1.1, Avg: 3.6, Max: 5.4, Diff: 4.4, Sum: 28.8]
      [GC Worker End (ms): Min: 370707159.4, Avg: 370707159.5, Max: 370707159.5, Diff: 0.0]
   [Code Root Fixup: 0.0 ms]
   [Code Root Purge: 0.0 ms]
   [Clear CT: 0.9 ms]
   [Other: 13.1 ms]
      [Choose CSet: 0.0 ms]
      [Ref Proc: 12.7 ms]
      [Ref Enq: 0.1 ms]
      [Redirty Cards: 0.1 ms]
      [Humongous Register: 0.0 ms]
      [Humongous Reclaim: 0.0 ms]
      [Free CSet: 0.1 ms]
   [Eden: 7152.0M(7152.0M)->0.0B(5712.0M) Survivors: 16384.0K->16384.0K Heap: 10841.0M(14336.0M)->3692.9M(14336.0M)]
 [Times: user=0.06 sys=0.00, real=0.02 secs] 
2022-09-14T05:59:04.826-0600: 370773.344: [GC pause (G1 Evacuation Pause) (mixed), 0.0330206 secs]
   [Parallel Time: 8.9 ms, GC Workers: 8]
      [GC Worker Start (ms): Min: 370773343.7, Avg: 370773347.1, Max: 370773351.9, Diff: 8.2]
      [Ext Root Scanning (ms): Min: 0.0, Avg: 0.8, Max: 3.1, Diff: 3.1, Sum: 6.3]
      [Update RS (ms): Min: 0.0, Avg: 1.1, Max: 2.2, Diff: 2.2, Sum: 8.5]
         [Processed Buffers: Min: 0, Avg: 6.8, Max: 20, Diff: 20, Sum: 54]
      [Scan RS (ms): Min: 0.0, Avg: 0.6, Max: 1.0, Diff: 1.0, Sum: 4.7]
      [Code Root Scanning (ms): Min: 0.0, Avg: 0.0, Max: 0.0, Diff: 0.0, Sum: 0.0]
      [Object Copy (ms): Min: 0.0, Avg: 2.0, Max: 3.8, Diff: 3.8, Sum: 16.2]
      [Termination (ms): Min: 0.0, Avg: 1.0, Max: 1.2, Diff: 1.2, Sum: 8.0]
         [Termination Attempts: Min: 1, Avg: 3.6, Max: 7, Diff: 6, Sum: 29]
      [GC Worker Other (ms): Min: 0.0, Avg: 0.0, Max: 0.0, Diff: 0.0, Sum: 0.1]
      [GC Worker Total (ms): Min: 0.6, Avg: 5.5, Max: 8.9, Diff: 8.2, Sum: 43.9]
      [GC Worker End (ms): Min: 370773352.5, Avg: 370773352.5, Max: 370773352.6, Diff: 0.0]
   [Code Root Fixup: 0.0 ms]
   [Code Root Purge: 0.0 ms]
   [Clear CT: 0.5 ms]
   [Other: 23.6 ms]
      [Choose CSet: 0.0 ms]
      [Ref Proc: 23.1 ms]
      [Ref Enq: 0.1 ms]
      [Redirty Cards: 0.1 ms]
      [Humongous Register: 0.0 ms]
      [Humongous Reclaim: 0.0 ms]
      [Free CSet: 0.1 ms]
   [Eden: 5712.0M(5712.0M)->0.0B(7152.0M) Survivors: 16384.0K->16384.0K Heap: 9404.9M(14336.0M)->3680.2M(14336.0M)]
 [Times: user=0.13 sys=0.00, real=0.03 secs] 
2022-09-14T06:00:26.874-0600: 370855.392: [GC pause (G1 Evacuation Pause) (young), 0.0243397 secs]
   [Parallel Time: 7.6 ms, GC Workers: 8]
      [GC Worker Start (ms): Min: 370855392.1, Avg: 370855394.5, Max: 370855399.5, Diff: 7.5]
      [Ext Root Scanning (ms): Min: 0.0, Avg: 0.8, Max: 3.0, Diff: 3.0, Sum: 6.6]
      [Update RS (ms): Min: 0.0, Avg: 2.3, Max: 3.5, Diff: 3.5, Sum: 18.7]
         [Processed Buffers: Min: 0, Avg: 12.0, Max: 21, Diff: 21, Sum: 96]
      [Scan RS (ms): Min: 0.0, Avg: 0.0, Max: 0.1, Diff: 0.1, Sum: 0.2]
      [Code Root Scanning (ms): Min: 0.0, Avg: 0.0, Max: 0.0, Diff: 0.0, Sum: 0.0]
      [Object Copy (ms): Min: 0.0, Avg: 0.9, Max: 1.3, Diff: 1.3, Sum: 7.1]
      [Termination (ms): Min: 0.0, Avg: 1.0, Max: 1.2, Diff: 1.2, Sum: 8.0]
         [Termination Attempts: Min: 1, Avg: 7.6, Max: 14, Diff: 13, Sum: 61]
      [GC Worker Other (ms): Min: 0.0, Avg: 0.0, Max: 0.0, Diff: 0.0, Sum: 0.1]
      [GC Worker Total (ms): Min: 0.0, Avg: 5.1, Max: 7.5, Diff: 7.5, Sum: 40.7]
      [GC Worker End (ms): Min: 370855399.5, Avg: 370855399.6, Max: 370855399.6, Diff: 0.0]
   [Code Root Fixup: 0.0 ms]
   [Code Root Purge: 0.0 ms]
   [Clear CT: 0.8 ms]
   [Other: 16.0 ms]
      [Choose CSet: 0.0 ms]
      [Ref Proc: 15.6 ms]
      [Ref Enq: 0.1 ms]
      [Redirty Cards: 0.1 ms]
      [Humongous Register: 0.0 ms]
      [Humongous Reclaim: 0.0 ms]
      [Free CSet: 0.1 ms]
   [Eden: 7152.0M(7152.0M)->0.0B(7152.0M) Survivors: 16384.0K->16384.0K Heap: 10832.2M(14336.0M)->3683.8M(14336.0M)]
 [Times: user=0.11 sys=0.00, real=0.02 secs] 
2022-09-14T06:01:49.079-0600: 370937.596: [GC pause (G1 Evacuation Pause) (young) (initial-mark), 0.0480292 secs]
   [Parallel Time: 16.6 ms, GC Workers: 8]
      [GC Worker Start (ms): Min: 370937597.7, Avg: 370937601.0, Max: 370937602.0, Diff: 4.3]
      [Ext Root Scanning (ms): Min: 2.1, Avg: 6.8, Max: 10.8, Diff: 8.7, Sum: 54.4]
      [Update RS (ms): Min: 0.0, Avg: 1.1, Max: 3.0, Diff: 3.0, Sum: 8.9]
         [Processed Buffers: Min: 0, Avg: 6.0, Max: 24, Diff: 24, Sum: 48]
      [Scan RS (ms): Min: 0.0, Avg: 0.0, Max: 0.1, Diff: 0.1, Sum: 0.2]
      [Code Root Scanning (ms): Min: 0.0, Avg: 0.0, Max: 0.0, Diff: 0.0, Sum: 0.0]
      [Object Copy (ms): Min: 0.0, Avg: 1.2, Max: 2.4, Diff: 2.4, Sum: 9.6]
      [Termination (ms): Min: 0.0, Avg: 2.7, Max: 3.7, Diff: 3.7, Sum: 21.6]
         [Termination Attempts: Min: 1, Avg: 3.5, Max: 7, Diff: 6, Sum: 28]
      [GC Worker Other (ms): Min: 0.0, Avg: 0.0, Max: 0.0, Diff: 0.0, Sum: 0.1]
      [GC Worker Total (ms): Min: 10.8, Avg: 11.8, Max: 15.1, Diff: 4.3, Sum: 94.8]
      [GC Worker End (ms): Min: 370937612.8, Avg: 370937612.8, Max: 370937612.9, Diff: 0.1]
   [Code Root Fixup: 0.0 ms]
   [Code Root Purge: 0.0 ms]
   [Clear CT: 1.0 ms]
   [Other: 30.5 ms]
      [Choose CSet: 0.0 ms]
      [Ref Proc: 30.0 ms]
      [Ref Enq: 0.1 ms]
      [Redirty Cards: 0.1 ms]
      [Humongous Register: 0.0 ms]
      [Humongous Reclaim: 0.0 ms]
      [Free CSet: 0.1 ms]
   [Eden: 7152.0M(7152.0M)->0.0B(7152.0M) Survivors: 16384.0K->16384.0K Heap: 10835.8M(14336.0M)->3685.1M(14336.0M)]
 [Times: user=0.15 sys=0.00, real=0.05 secs] 
2022-09-14T06:01:49.127-0600: 370937.645: [GC concurrent-root-region-scan-start]
2022-09-14T06:01:49.134-0600: 370937.651: [GC concurrent-root-region-scan-end, 0.0067900 secs]
2022-09-14T06:01:49.134-0600: 370937.651: [GC concurrent-mark-start]
2022-09-14T06:01:50.433-0600: 370938.951: [GC concurrent-mark-end, 1.2993613 secs]
2022-09-14T06:01:50.433-0600: 370938.951: [GC remark 2022-09-14T06:01:50.433-0600: 370938.951: [Finalize Marking, 0.0024172 secs] 2022-09-14T06:01:50.436-0600: 370938.953: [GC ref-proc, 0.0356412 secs] 2022-09-14T06:01:50.471-0600: 370938.989: [Unloading, 0.0270566 secs], 0.0703771 secs]
 [Times: user=0.30 sys=0.00, real=0.07 secs] 
2022-09-14T06:01:50.504-0600: 370939.021: [GC cleanup 3824M->3824M(14336M), 0.0113401 secs]
 [Times: user=0.03 sys=0.00, real=0.01 secs] 
2022-09-14T06:03:12.636-0600: 371021.153: [GC pause (G1 Evacuation Pause) (young), 0.0352237 secs]
   [Parallel Time: 8.4 ms, GC Workers: 8]
      [GC Worker Start (ms): Min: 371021153.4, Avg: 371021157.6, Max: 371021161.6, Diff: 8.2]
      [Ext Root Scanning (ms): Min: 0.0, Avg: 0.8, Max: 2.9, Diff: 2.9, Sum: 6.1]
      [Update RS (ms): Min: 0.0, Avg: 0.9, Max: 2.5, Diff: 2.5, Sum: 6.8]
         [Processed Buffers: Min: 0, Avg: 5.8, Max: 18, Diff: 18, Sum: 46]
      [Scan RS (ms): Min: 0.0, Avg: 0.0, Max: 0.1, Diff: 0.1, Sum: 0.2]
      [Code Root Scanning (ms): Min: 0.0, Avg: 0.0, Max: 0.0, Diff: 0.0, Sum: 0.0]
      [Object Copy (ms): Min: 0.0, Avg: 1.0, Max: 1.8, Diff: 1.8, Sum: 8.2]
      [Termination (ms): Min: 0.0, Avg: 1.4, Max: 1.9, Diff: 1.9, Sum: 11.1]
         [Termination Attempts: Min: 1, Avg: 10.6, Max: 28, Diff: 27, Sum: 85]
      [GC Worker Other (ms): Min: 0.0, Avg: 0.0, Max: 0.0, Diff: 0.0, Sum: 0.0]
      [GC Worker Total (ms): Min: 0.0, Avg: 4.1, Max: 8.4, Diff: 8.4, Sum: 32.5]
      [GC Worker End (ms): Min: 371021161.6, Avg: 371021161.6, Max: 371021161.7, Diff: 0.2]
   [Code Root Fixup: 0.0 ms]
   [Code Root Purge: 0.0 ms]
   [Clear CT: 0.5 ms]
   [Other: 26.3 ms]
      [Choose CSet: 0.0 ms]
      [Ref Proc: 25.9 ms]
      [Ref Enq: 0.1 ms]
      [Redirty Cards: 0.1 ms]
      [Humongous Register: 0.0 ms]
      [Humongous Reclaim: 0.0 ms]
      [Free CSet: 0.1 ms]
   [Eden: 7152.0M(7152.0M)->0.0B(5712.0M) Survivors: 16384.0K->16384.0K Heap: 10837.1M(14336.0M)->3687.3M(14336.0M)]
 [Times: user=0.12 sys=0.00, real=0.03 secs] 
2022-09-14T06:04:19.574-0600: 371088.092: [GC pause (G1 Evacuation Pause) (mixed), 0.0383945 secs]
   [Parallel Time: 19.7 ms, GC Workers: 8]
      [GC Worker Start (ms): Min: 371088092.0, Avg: 371088098.3, Max: 371088104.4, Diff: 12.3]
      [Ext Root Scanning (ms): Min: 0.0, Avg: 0.8, Max: 3.2, Diff: 3.2, Sum: 6.8]
      [Update RS (ms): Min: 0.0, Avg: 1.2, Max: 2.4, Diff: 2.4, Sum: 9.2]
         [Processed Buffers: Min: 0, Avg: 5.9, Max: 16, Diff: 16, Sum: 47]
      [Scan RS (ms): Min: 0.0, Avg: 0.9, Max: 1.8, Diff: 1.8, Sum: 7.0]
      [Code Root Scanning (ms): Min: 0.0, Avg: 0.0, Max: 0.0, Diff: 0.0, Sum: 0.0]
      [Object Copy (ms): Min: 0.0, Avg: 3.3, Max: 12.3, Diff: 12.3, Sum: 26.1]
      [Termination (ms): Min: 0.0, Avg: 7.1, Max: 8.4, Diff: 8.4, Sum: 56.6]
         [Termination Attempts: Min: 1, Avg: 3.2, Max: 8, Diff: 7, Sum: 26]
      [GC Worker Other (ms): Min: 0.0, Avg: 0.0, Max: 0.0, Diff: 0.0, Sum: 0.0]
      [GC Worker Total (ms): Min: 7.1, Avg: 13.2, Max: 19.5, Diff: 12.4, Sum: 105.8]
      [GC Worker End (ms): Min: 371088111.5, Avg: 371088111.5, Max: 371088111.6, Diff: 0.1]
   [Code Root Fixup: 0.0 ms]
   [Code Root Purge: 0.0 ms]
   [Clear CT: 0.7 ms]
   [Other: 17.9 ms]
      [Choose CSet: 0.0 ms]
      [Ref Proc: 17.5 ms]
      [Ref Enq: 0.1 ms]
      [Redirty Cards: 0.1 ms]
      [Humongous Register: 0.0 ms]
      [Humongous Reclaim: 0.0 ms]
      [Free CSet: 0.1 ms]
   [Eden: 5712.0M(5712.0M)->0.0B(7152.0M) Survivors: 16384.0K->16384.0K Heap: 9399.3M(14336.0M)->3678.3M(14336.0M)]
 [Times: user=0.14 sys=0.00, real=0.04 secs] 
2022-09-14T06:05:42.851-0600: 371171.369: [GC pause (G1 Evacuation Pause) (young), 0.0298921 secs]
   [Parallel Time: 12.3 ms, GC Workers: 8]
      [GC Worker Start (ms): Min: 371171369.2, Avg: 371171372.6, Max: 371171377.5, Diff: 8.3]
      [Ext Root Scanning (ms): Min: 0.0, Avg: 2.4, Max: 8.2, Diff: 8.2, Sum: 19.3]
      [Update RS (ms): Min: 1.1, Avg: 3.9, Max: 7.0, Diff: 5.9, Sum: 31.3]
         [Processed Buffers: Min: 1, Avg: 13.5, Max: 26, Diff: 25, Sum: 108]
      [Scan RS (ms): Min: 0.0, Avg: 0.0, Max: 0.1, Diff: 0.1, Sum: 0.2]
      [Code Root Scanning (ms): Min: 0.0, Avg: 0.0, Max: 0.0, Diff: 0.0, Sum: 0.0]
      [Object Copy (ms): Min: 0.1, Avg: 1.2, Max: 1.8, Diff: 1.7, Sum: 9.9]
      [Termination (ms): Min: 0.0, Avg: 1.2, Max: 1.5, Diff: 1.5, Sum: 9.4]
         [Termination Attempts: Min: 1, Avg: 35.6, Max: 71, Diff: 70, Sum: 285]
      [GC Worker Other (ms): Min: 0.0, Avg: 0.0, Max: 0.0, Diff: 0.0, Sum: 0.1]
      [GC Worker Total (ms): Min: 3.9, Avg: 8.8, Max: 12.1, Diff: 8.3, Sum: 70.1]
      [GC Worker End (ms): Min: 371171381.4, Avg: 371171381.4, Max: 371171381.4, Diff: 0.0]
   [Code Root Fixup: 0.0 ms]
   [Code Root Purge: 0.0 ms]
   [Clear CT: 0.6 ms]
   [Other: 16.9 ms]
      [Choose CSet: 0.0 ms]
      [Ref Proc: 16.5 ms]
      [Ref Enq: 0.1 ms]
      [Redirty Cards: 0.1 ms]
      [Humongous Register: 0.0 ms]
      [Humongous Reclaim: 0.0 ms]
      [Free CSet: 0.1 ms]
   [Eden: 7152.0M(7152.0M)->0.0B(7152.0M) Survivors: 16384.0K->16384.0K Heap: 10830.3M(14336.0M)->3683.7M(14336.0M)]
 [Times: user=0.12 sys=0.00, real=0.04 secs] 
2022-09-14T06:07:05.452-0600: 371253.970: [GC pause (G1 Evacuation Pause) (young) (initial-mark), 0.0490068 secs]
   [Parallel Time: 16.7 ms, GC Workers: 8]
      [GC Worker Start (ms): Min: 371253971.0, Avg: 371253975.2, Max: 371253976.1, Diff: 5.0]
      [Ext Root Scanning (ms): Min: 2.1, Avg: 7.4, Max: 12.4, Diff: 10.3, Sum: 59.5]
      [Update RS (ms): Min: 0.0, Avg: 1.1, Max: 3.0, Diff: 3.0, Sum: 8.6]
         [Processed Buffers: Min: 0, Avg: 6.0, Max: 19, Diff: 19, Sum: 48]
      [Scan RS (ms): Min: 0.0, Avg: 0.0, Max: 0.1, Diff: 0.1, Sum: 0.2]
      [Code Root Scanning (ms): Min: 0.0, Avg: 0.0, Max: 0.0, Diff: 0.0, Sum: 0.0]
      [Object Copy (ms): Min: 0.0, Avg: 0.9, Max: 2.5, Diff: 2.5, Sum: 7.3]
      [Termination (ms): Min: 0.0, Avg: 1.6, Max: 2.9, Diff: 2.9, Sum: 12.5]
         [Termination Attempts: Min: 1, Avg: 1.6, Max: 4, Diff: 3, Sum: 13]
      [GC Worker Other (ms): Min: 0.0, Avg: 0.0, Max: 0.0, Diff: 0.0, Sum: 0.0]
      [GC Worker Total (ms): Min: 10.1, Avg: 11.0, Max: 15.3, Diff: 5.2, Sum: 88.2]
      [GC Worker End (ms): Min: 371253986.2, Avg: 371253986.2, Max: 371253986.3, Diff: 0.2]
   [Code Root Fixup: 0.0 ms]
   [Code Root Purge: 0.0 ms]
   [Clear CT: 0.9 ms]
   [Other: 31.4 ms]
      [Choose CSet: 0.0 ms]
      [Ref Proc: 31.0 ms]
      [Ref Enq: 0.1 ms]
      [Redirty Cards: 0.1 ms]
      [Humongous Register: 0.0 ms]
      [Humongous Reclaim: 0.0 ms]
      [Free CSet: 0.1 ms]
   [Eden: 7152.0M(7152.0M)->0.0B(7152.0M) Survivors: 16384.0K->16384.0K Heap: 10835.7M(14336.0M)->3685.5M(14336.0M)]
 [Times: user=0.15 sys=0.00, real=0.06 secs] 
2022-09-14T06:07:05.501-0600: 371254.019: [GC concurrent-root-region-scan-start]
2022-09-14T06:07:05.507-0600: 371254.025: [GC concurrent-root-region-scan-end, 0.0058502 secs]
2022-09-14T06:07:05.507-0600: 371254.025: [GC concurrent-mark-start]
2022-09-14T06:07:06.802-0600: 371255.320: [GC concurrent-mark-end, 1.2954450 secs]
2022-09-14T06:07:06.802-0600: 371255.320: [GC remark 2022-09-14T06:07:06.803-0600: 371255.321: [Finalize Marking, 0.0027790 secs] 2022-09-14T06:07:06.806-0600: 371255.323: [GC ref-proc, 0.0295013 secs] 2022-09-14T06:07:06.835-0600: 371255.353: [Unloading, 0.0264000 secs], 0.0658796 secs]
 [Times: user=0.25 sys=0.00, real=0.06 secs] 
2022-09-14T06:07:06.869-0600: 371255.386: [GC cleanup 3861M->3861M(14336M), 0.0099822 secs]
 [Times: user=0.03 sys=0.00, real=0.01 secs] 
2022-09-14T06:08:27.572-0600: 371336.090: [GC pause (G1 Evacuation Pause) (young), 0.0264310 secs]
   [Parallel Time: 6.3 ms, GC Workers: 8]
      [GC Worker Start (ms): Min: 371336090.0, Avg: 371336092.3, Max: 371336096.2, Diff: 6.3]
      [Ext Root Scanning (ms): Min: 0.0, Avg: 0.9, Max: 3.2, Diff: 3.2, Sum: 6.9]
      [Update RS (ms): Min: 0.0, Avg: 1.1, Max: 2.2, Diff: 2.2, Sum: 8.4]
         [Processed Buffers: Min: 0, Avg: 5.5, Max: 13, Diff: 13, Sum: 44]
      [Scan RS (ms): Min: 0.0, Avg: 0.0, Max: 0.1, Diff: 0.1, Sum: 0.2]
      [Code Root Scanning (ms): Min: 0.0, Avg: 0.0, Max: 0.0, Diff: 0.0, Sum: 0.0]
      [Object Copy (ms): Min: 0.0, Avg: 1.1, Max: 1.7, Diff: 1.7, Sum: 8.7]
      [Termination (ms): Min: 0.0, Avg: 1.0, Max: 1.2, Diff: 1.2, Sum: 7.7]
         [Termination Attempts: Min: 1, Avg: 7.6, Max: 15, Diff: 14, Sum: 61]
      [GC Worker Other (ms): Min: 0.0, Avg: 0.0, Max: 0.0, Diff: 0.0, Sum: 0.0]
      [GC Worker Total (ms): Min: 0.0, Avg: 4.0, Max: 6.3, Diff: 6.3, Sum: 32.0]
      [GC Worker End (ms): Min: 371336096.3, Avg: 371336096.3, Max: 371336096.3, Diff: 0.0]
   [Code Root Fixup: 0.0 ms]
   [Code Root Purge: 0.0 ms]
   [Clear CT: 0.8 ms]
   [Other: 19.3 ms]
      [Choose CSet: 0.0 ms]
      [Ref Proc: 18.9 ms]
      [Ref Enq: 0.1 ms]
      [Redirty Cards: 0.1 ms]
      [Humongous Register: 0.0 ms]
      [Humongous Reclaim: 0.0 ms]
      [Free CSet: 0.1 ms]
   [Eden: 7152.0M(7152.0M)->0.0B(5712.0M) Survivors: 16384.0K->16384.0K Heap: 10837.5M(14336.0M)->3688.1M(14336.0M)]
 [Times: user=0.11 sys=0.00, real=0.03 secs] 
2022-09-14T06:09:33.928-0600: 371402.445: [GC pause (G1 Evacuation Pause) (mixed), 0.0343475 secs]
   [Parallel Time: 9.4 ms, GC Workers: 8]
      [GC Worker Start (ms): Min: 371402445.5, Avg: 371402448.0, Max: 371402454.7, Diff: 9.3]
      [Ext Root Scanning (ms): Min: 0.0, Avg: 1.0, Max: 4.0, Diff: 4.0, Sum: 8.3]
      [Update RS (ms): Min: 0.0, Avg: 1.2, Max: 2.0, Diff: 2.0, Sum: 9.4]
         [Processed Buffers: Min: 0, Avg: 6.1, Max: 17, Diff: 17, Sum: 49]
      [Scan RS (ms): Min: 0.0, Avg: 1.0, Max: 1.6, Diff: 1.6, Sum: 8.4]
      [Code Root Scanning (ms): Min: 0.0, Avg: 0.0, Max: 0.0, Diff: 0.0, Sum: 0.0]
      [Object Copy (ms): Min: 0.0, Avg: 2.4, Max: 3.4, Diff: 3.4, Sum: 19.4]
      [Termination (ms): Min: 0.0, Avg: 1.0, Max: 1.3, Diff: 1.3, Sum: 8.3]
         [Termination Attempts: Min: 1, Avg: 22.6, Max: 53, Diff: 52, Sum: 181]
      [GC Worker Other (ms): Min: 0.0, Avg: 0.0, Max: 0.0, Diff: 0.0, Sum: 0.1]
      [GC Worker Total (ms): Min: 0.0, Avg: 6.7, Max: 9.3, Diff: 9.3, Sum: 53.8]
      [GC Worker End (ms): Min: 371402454.8, Avg: 371402454.8, Max: 371402454.8, Diff: 0.0]
   [Code Root Fixup: 0.0 ms]
   [Code Root Purge: 0.0 ms]
   [Clear CT: 1.2 ms]
   [Other: 23.8 ms]
      [Choose CSet: 0.0 ms]
      [Ref Proc: 23.3 ms]
      [Ref Enq: 0.1 ms]
      [Redirty Cards: 0.1 ms]
      [Humongous Register: 0.0 ms]
      [Humongous Reclaim: 0.0 ms]
      [Free CSet: 0.1 ms]
   [Eden: 5712.0M(5712.0M)->0.0B(7152.0M) Survivors: 16384.0K->16384.0K Heap: 9400.1M(14336.0M)->3680.0M(14336.0M)]
 [Times: user=0.13 sys=0.00, real=0.04 secs] 
2022-09-14T06:10:55.977-0600: 371484.494: [GC pause (G1 Evacuation Pause) (young), 0.0356990 secs]
   [Parallel Time: 13.6 ms, GC Workers: 8]
      [GC Worker Start (ms): Min: 371484494.5, Avg: 371484501.9, Max: 371484506.3, Diff: 11.8]
      [Ext Root Scanning (ms): Min: 0.0, Avg: 0.7, Max: 4.8, Diff: 4.8, Sum: 5.8]
      [Update RS (ms): Min: 0.0, Avg: 3.5, Max: 7.1, Diff: 7.1, Sum: 28.1]
         [Processed Buffers: Min: 0, Avg: 16.2, Max: 38, Diff: 38, Sum: 130]
      [Scan RS (ms): Min: 0.0, Avg: 0.0, Max: 0.1, Diff: 0.1, Sum: 0.2]
      [Code Root Scanning (ms): Min: 0.0, Avg: 0.0, Max: 0.0, Diff: 0.0, Sum: 0.0]
      [Object Copy (ms): Min: 0.0, Avg: 1.0, Max: 1.5, Diff: 1.5, Sum: 8.0]
      [Termination (ms): Min: 0.0, Avg: 0.8, Max: 1.0, Diff: 1.0, Sum: 6.3]
         [Termination Attempts: Min: 1, Avg: 3.1, Max: 5, Diff: 4, Sum: 25]
      [GC Worker Other (ms): Min: 0.0, Avg: 0.0, Max: 0.0, Diff: 0.0, Sum: 0.1]
      [GC Worker Total (ms): Min: 1.7, Avg: 6.1, Max: 13.5, Diff: 11.8, Sum: 48.5]
      [GC Worker End (ms): Min: 371484507.9, Avg: 371484508.0, Max: 371484508.0, Diff: 0.2]
   [Code Root Fixup: 0.0 ms]
   [Code Root Purge: 0.0 ms]
   [Clear CT: 0.7 ms]
   [Other: 21.4 ms]
      [Choose CSet: 0.0 ms]
      [Ref Proc: 21.0 ms]
      [Ref Enq: 0.1 ms]
      [Redirty Cards: 0.1 ms]
      [Humongous Register: 0.0 ms]
      [Humongous Reclaim: 0.0 ms]
      [Free CSet: 0.1 ms]
   [Eden: 7152.0M(7152.0M)->0.0B(7152.0M) Survivors: 16384.0K->16384.0K Heap: 10832.0M(14336.0M)->3687.5M(14336.0M)]
 [Times: user=0.12 sys=0.00, real=0.03 secs] 
2022-09-14T06:12:18.674-0600: 371567.192: [GC pause (G1 Evacuation Pause) (young) (initial-mark), 0.0387816 secs]
   [Parallel Time: 13.8 ms, GC Workers: 8]
      [GC Worker Start (ms): Min: 371567193.3, Avg: 371567194.8, Max: 371567195.7, Diff: 2.3]
      [Ext Root Scanning (ms): Min: 1.4, Avg: 7.0, Max: 10.3, Diff: 8.8, Sum: 56.0]
      [Update RS (ms): Min: 0.0, Avg: 1.2, Max: 3.9, Diff: 3.9, Sum: 9.4]
         [Processed Buffers: Min: 0, Avg: 6.2, Max: 18, Diff: 18, Sum: 50]
      [Scan RS (ms): Min: 0.0, Avg: 0.0, Max: 0.1, Diff: 0.1, Sum: 0.2]
      [Code Root Scanning (ms): Min: 0.0, Avg: 0.0, Max: 0.0, Diff: 0.0, Sum: 0.0]
      [Object Copy (ms): Min: 0.0, Avg: 1.0, Max: 2.0, Diff: 2.0, Sum: 8.0]
      [Termination (ms): Min: 0.0, Avg: 1.8, Max: 2.8, Diff: 2.8, Sum: 14.3]
         [Termination Attempts: Min: 1, Avg: 1.5, Max: 3, Diff: 2, Sum: 12]
      [GC Worker Other (ms): Min: 0.0, Avg: 0.0, Max: 0.0, Diff: 0.0, Sum: 0.0]
      [GC Worker Total (ms): Min: 10.1, Avg: 11.0, Max: 12.4, Diff: 2.4, Sum: 88.1]
      [GC Worker End (ms): Min: 371567205.7, Avg: 371567205.8, Max: 371567205.9, Diff: 0.2]
   [Code Root Fixup: 0.0 ms]
   [Code Root Purge: 0.0 ms]
   [Clear CT: 0.8 ms]
   [Other: 24.1 ms]
      [Choose CSet: 0.0 ms]
      [Ref Proc: 23.7 ms]
      [Ref Enq: 0.1 ms]
      [Redirty Cards: 0.1 ms]
      [Humongous Register: 0.0 ms]
      [Humongous Reclaim: 0.0 ms]
      [Free CSet: 0.1 ms]
   [Eden: 7152.0M(7152.0M)->0.0B(7152.0M) Survivors: 16384.0K->16384.0K Heap: 10839.5M(14336.0M)->3691.6M(14336.0M)]
 [Times: user=0.13 sys=0.00, real=0.04 secs] 
2022-09-14T06:12:18.713-0600: 371567.231: [GC concurrent-root-region-scan-start]
2022-09-14T06:12:18.719-0600: 371567.237: [GC concurrent-root-region-scan-end, 0.0058881 secs]
2022-09-14T06:12:18.719-0600: 371567.237: [GC concurrent-mark-start]
2022-09-14T06:12:20.015-0600: 371568.533: [GC concurrent-mark-end, 1.2959637 secs]
2022-09-14T06:12:20.015-0600: 371568.533: [GC remark 2022-09-14T06:12:20.015-0600: 371568.533: [Finalize Marking, 0.0030004 secs] 2022-09-14T06:12:20.018-0600: 371568.536: [GC ref-proc, 0.0263109 secs] 2022-09-14T06:12:20.045-0600: 371568.562: [Unloading, 0.0253764 secs], 0.0628432 secs]
 [Times: user=0.26 sys=0.00, real=0.06 secs] 
2022-09-14T06:12:20.078-0600: 371568.596: [GC cleanup 3851M->3851M(14336M), 0.0082466 secs]
 [Times: user=0.02 sys=0.00, real=0.01 secs] 
2022-09-14T06:13:40.275-0600: 371648.792: [GC pause (G1 Evacuation Pause) (young), 0.0217022 secs]
   [Parallel Time: 5.4 ms, GC Workers: 8]
      [GC Worker Start (ms): Min: 371648792.4, Avg: 371648794.4, Max: 371648797.8, Diff: 5.3]
      [Ext Root Scanning (ms): Min: 0.0, Avg: 0.8, Max: 3.1, Diff: 3.1, Sum: 6.6]
      [Update RS (ms): Min: 0.0, Avg: 1.2, Max: 2.0, Diff: 2.0, Sum: 9.2]
         [Processed Buffers: Min: 0, Avg: 6.4, Max: 13, Diff: 13, Sum: 51]
      [Scan RS (ms): Min: 0.0, Avg: 0.0, Max: 0.1, Diff: 0.1, Sum: 0.2]
      [Code Root Scanning (ms): Min: 0.0, Avg: 0.0, Max: 0.0, Diff: 0.0, Sum: 0.0]
      [Object Copy (ms): Min: 0.0, Avg: 1.0, Max: 1.4, Diff: 1.4, Sum: 7.8]
      [Termination (ms): Min: 0.0, Avg: 0.5, Max: 0.6, Diff: 0.6, Sum: 3.6]
         [Termination Attempts: Min: 1, Avg: 10.4, Max: 19, Diff: 18, Sum: 83]
      [GC Worker Other (ms): Min: 0.0, Avg: 0.0, Max: 0.0, Diff: 0.0, Sum: 0.1]
      [GC Worker Total (ms): Min: 0.0, Avg: 3.4, Max: 5.4, Diff: 5.4, Sum: 27.5]
      [GC Worker End (ms): Min: 371648797.8, Avg: 371648797.8, Max: 371648797.8, Diff: 0.0]
   [Code Root Fixup: 0.0 ms]
   [Code Root Purge: 0.0 ms]
   [Clear CT: 0.7 ms]
   [Other: 15.6 ms]
      [Choose CSet: 0.0 ms]
      [Ref Proc: 15.1 ms]
      [Ref Enq: 0.1 ms]
      [Redirty Cards: 0.1 ms]
      [Humongous Register: 0.0 ms]
      [Humongous Reclaim: 0.0 ms]
      [Free CSet: 0.1 ms]
   [Eden: 7152.0M(7152.0M)->0.0B(5712.0M) Survivors: 16384.0K->16384.0K Heap: 10843.6M(14336.0M)->3689.9M(14336.0M)]
 [Times: user=0.09 sys=0.00, real=0.02 secs] 
2022-09-14T06:14:46.024-0600: 371714.542: [GC pause (G1 Evacuation Pause) (mixed), 0.0239331 secs]
   [Parallel Time: 7.6 ms, GC Workers: 8]
      [GC Worker Start (ms): Min: 371714541.7, Avg: 371714542.2, Max: 371714543.0, Diff: 1.3]
      [Ext Root Scanning (ms): Min: 0.0, Avg: 1.0, Max: 3.8, Diff: 3.8, Sum: 8.0]
      [Update RS (ms): Min: 0.0, Avg: 1.9, Max: 6.1, Diff: 6.1, Sum: 15.2]
         [Processed Buffers: Min: 0, Avg: 6.0, Max: 18, Diff: 18, Sum: 48]
      [Scan RS (ms): Min: 0.0, Avg: 0.9, Max: 1.3, Diff: 1.3, Sum: 7.5]
      [Code Root Scanning (ms): Min: 0.0, Avg: 0.0, Max: 0.0, Diff: 0.0, Sum: 0.0]
      [Object Copy (ms): Min: 0.1, Avg: 2.2, Max: 2.6, Diff: 2.5, Sum: 17.8]
      [Termination (ms): Min: 0.0, Avg: 0.8, Max: 1.1, Diff: 1.1, Sum: 6.4]
         [Termination Attempts: Min: 1, Avg: 29.9, Max: 54, Diff: 53, Sum: 239]
      [GC Worker Other (ms): Min: 0.0, Avg: 0.0, Max: 0.0, Diff: 0.0, Sum: 0.1]
      [GC Worker Total (ms): Min: 6.1, Avg: 6.9, Max: 7.5, Diff: 1.4, Sum: 55.0]
      [GC Worker End (ms): Min: 371714549.1, Avg: 371714549.1, Max: 371714549.2, Diff: 0.1]
   [Code Root Fixup: 0.0 ms]
   [Code Root Purge: 0.0 ms]
   [Clear CT: 0.8 ms]
   [Other: 15.6 ms]
      [Choose CSet: 0.0 ms]
      [Ref Proc: 15.0 ms]
      [Ref Enq: 0.1 ms]
      [Redirty Cards: 0.1 ms]
      [Humongous Register: 0.0 ms]
      [Humongous Reclaim: 0.0 ms]
      [Free CSet: 0.2 ms]
   [Eden: 5712.0M(5712.0M)->0.0B(7152.0M) Survivors: 16384.0K->16384.0K Heap: 9401.9M(14336.0M)->3681.2M(14336.0M)]
 [Times: user=0.11 sys=0.00, real=0.02 secs] 
2022-09-14T06:16:06.874-0600: 371795.392: [GC pause (G1 Evacuation Pause) (young), 0.0366496 secs]
   [Parallel Time: 11.5 ms, GC Workers: 8]
      [GC Worker Start (ms): Min: 371795391.7, Avg: 371795397.2, Max: 371795402.8, Diff: 11.2]
      [Ext Root Scanning (ms): Min: 0.0, Avg: 0.7, Max: 2.9, Diff: 2.9, Sum: 5.9]
      [Update RS (ms): Min: 0.0, Avg: 3.4, Max: 8.4, Diff: 8.4, Sum: 27.1]
         [Processed Buffers: Min: 0, Avg: 15.1, Max: 31, Diff: 31, Sum: 121]
      [Scan RS (ms): Min: 0.0, Avg: 0.0, Max: 0.1, Diff: 0.1, Sum: 0.2]
      [Code Root Scanning (ms): Min: 0.0, Avg: 0.0, Max: 0.0, Diff: 0.0, Sum: 0.0]
      [Object Copy (ms): Min: 0.0, Avg: 1.0, Max: 1.9, Diff: 1.9, Sum: 8.3]
      [Termination (ms): Min: 0.0, Avg: 0.6, Max: 0.8, Diff: 0.8, Sum: 4.8]
         [Termination Attempts: Min: 1, Avg: 3.8, Max: 9, Diff: 8, Sum: 30]
      [GC Worker Other (ms): Min: 0.0, Avg: 0.0, Max: 0.0, Diff: 0.0, Sum: 0.0]
      [GC Worker Total (ms): Min: 0.2, Avg: 5.8, Max: 11.4, Diff: 11.2, Sum: 46.4]
      [GC Worker End (ms): Min: 371795403.0, Avg: 371795403.0, Max: 371795403.0, Diff: 0.0]
   [Code Root Fixup: 0.0 ms]
   [Code Root Purge: 0.0 ms]
   [Clear CT: 0.6 ms]
   [Other: 24.5 ms]
      [Choose CSet: 0.0 ms]
      [Ref Proc: 24.2 ms]
      [Ref Enq: 0.1 ms]
      [Redirty Cards: 0.0 ms]
      [Humongous Register: 0.0 ms]
      [Humongous Reclaim: 0.0 ms]
      [Free CSet: 0.1 ms]
   [Eden: 7152.0M(7152.0M)->0.0B(7152.0M) Survivors: 16384.0K->16384.0K Heap: 10833.2M(14336.0M)->3686.2M(14336.0M)]
 [Times: user=0.13 sys=0.00, real=0.03 secs] 
2022-09-14T06:17:29.779-0600: 371878.297: [GC pause (G1 Evacuation Pause) (young) (initial-mark), 0.0514587 secs]
   [Parallel Time: 19.5 ms, GC Workers: 8]
      [GC Worker Start (ms): Min: 371878298.2, Avg: 371878300.4, Max: 371878301.3, Diff: 3.1]
      [Ext Root Scanning (ms): Min: 2.2, Avg: 5.4, Max: 8.2, Diff: 6.0, Sum: 43.0]
      [Update RS (ms): Min: 0.0, Avg: 1.0, Max: 2.2, Diff: 2.2, Sum: 8.3]
         [Processed Buffers: Min: 0, Avg: 5.8, Max: 16, Diff: 16, Sum: 46]
      [Scan RS (ms): Min: 0.0, Avg: 0.0, Max: 0.1, Diff: 0.1, Sum: 0.2]
      [Code Root Scanning (ms): Min: 0.0, Avg: 0.0, Max: 0.0, Diff: 0.0, Sum: 0.0]
      [Object Copy (ms): Min: 0.0, Avg: 2.6, Max: 9.5, Diff: 9.5, Sum: 20.9]
      [Termination (ms): Min: 0.0, Avg: 5.7, Max: 6.9, Diff: 6.9, Sum: 45.6]
         [Termination Attempts: Min: 1, Avg: 10.1, Max: 16, Diff: 15, Sum: 81]
      [GC Worker Other (ms): Min: 0.0, Avg: 0.0, Max: 0.0, Diff: 0.0, Sum: 0.1]
      [GC Worker Total (ms): Min: 13.8, Avg: 14.8, Max: 17.0, Diff: 3.2, Sum: 118.2]
      [GC Worker End (ms): Min: 371878315.1, Avg: 371878315.2, Max: 371878315.3, Diff: 0.2]
   [Code Root Fixup: 0.0 ms]
   [Code Root Purge: 0.0 ms]
   [Clear CT: 0.6 ms]
   [Other: 31.4 ms]
      [Choose CSet: 0.0 ms]
      [Ref Proc: 30.9 ms]
      [Ref Enq: 0.1 ms]
      [Redirty Cards: 0.1 ms]
      [Humongous Register: 0.0 ms]
      [Humongous Reclaim: 0.0 ms]
      [Free CSet: 0.1 ms]
   [Eden: 7152.0M(7152.0M)->0.0B(7152.0M) Survivors: 16384.0K->16384.0K Heap: 10838.2M(14336.0M)->3690.0M(14336.0M)]
 [Times: user=0.17 sys=0.00, real=0.05 secs] 
2022-09-14T06:17:29.831-0600: 371878.348: [GC concurrent-root-region-scan-start]
2022-09-14T06:17:29.837-0600: 371878.355: [GC concurrent-root-region-scan-end, 0.0060756 secs]
2022-09-14T06:17:29.837-0600: 371878.355: [GC concurrent-mark-start]
2022-09-14T06:17:31.157-0600: 371879.675: [GC concurrent-mark-end, 1.3204966 secs]
2022-09-14T06:17:31.157-0600: 371879.675: [GC remark 2022-09-14T06:17:31.157-0600: 371879.675: [Finalize Marking, 0.0025253 secs] 2022-09-14T06:17:31.160-0600: 371879.678: [GC ref-proc, 0.0316166 secs] 2022-09-14T06:17:31.192-0600: 371879.709: [Unloading, 0.0285359 secs], 0.0672551 secs]
 [Times: user=0.28 sys=0.00, real=0.07 secs] 
2022-09-14T06:17:31.225-0600: 371879.743: [GC cleanup 3810M->3810M(14336M), 0.0086876 secs]
 [Times: user=0.02 sys=0.00, real=0.01 secs] 
2022-09-14T06:18:51.079-0600: 371959.597: [GC pause (G1 Evacuation Pause) (young), 0.0214382 secs]
   [Parallel Time: 5.5 ms, GC Workers: 8]
      [GC Worker Start (ms): Min: 371959596.9, Avg: 371959598.7, Max: 371959602.2, Diff: 5.3]
      [Ext Root Scanning (ms): Min: 0.0, Avg: 0.9, Max: 3.0, Diff: 3.0, Sum: 7.1]
      [Update RS (ms): Min: 0.0, Avg: 1.2, Max: 2.0, Diff: 2.0, Sum: 9.6]
         [Processed Buffers: Min: 0, Avg: 6.1, Max: 14, Diff: 14, Sum: 49]
      [Scan RS (ms): Min: 0.0, Avg: 0.0, Max: 0.1, Diff: 0.1, Sum: 0.2]
      [Code Root Scanning (ms): Min: 0.0, Avg: 0.0, Max: 0.0, Diff: 0.0, Sum: 0.0]
      [Object Copy (ms): Min: 0.0, Avg: 0.9, Max: 1.4, Diff: 1.4, Sum: 7.5]
      [Termination (ms): Min: 0.0, Avg: 0.5, Max: 0.7, Diff: 0.7, Sum: 4.1]
         [Termination Attempts: Min: 1, Avg: 8.0, Max: 15, Diff: 14, Sum: 64]
      [GC Worker Other (ms): Min: 0.0, Avg: 0.0, Max: 0.0, Diff: 0.0, Sum: 0.0]
      [GC Worker Total (ms): Min: 0.0, Avg: 3.6, Max: 5.4, Diff: 5.4, Sum: 28.6]
      [GC Worker End (ms): Min: 371959602.2, Avg: 371959602.3, Max: 371959602.3, Diff: 0.1]
   [Code Root Fixup: 0.0 ms]
   [Code Root Purge: 0.0 ms]
   [Clear CT: 0.5 ms]
   [Other: 15.5 ms]
      [Choose CSet: 0.0 ms]
      [Ref Proc: 15.1 ms]
      [Ref Enq: 0.1 ms]
      [Redirty Cards: 0.1 ms]
      [Humongous Register: 0.0 ms]
      [Humongous Reclaim: 0.0 ms]
      [Free CSet: 0.1 ms]
   [Eden: 7152.0M(7152.0M)->0.0B(5712.0M) Survivors: 16384.0K->16384.0K Heap: 10842.0M(14336.0M)->3688.6M(14336.0M)]
 [Times: user=0.09 sys=0.00, real=0.03 secs] 
2022-09-14T06:19:55.177-0600: 372023.695: [GC pause (G1 Evacuation Pause) (mixed), 0.0512633 secs]
   [Parallel Time: 16.2 ms, GC Workers: 8]
      [GC Worker Start (ms): Min: 372023695.2, Avg: 372023706.1, Max: 372023711.1, Diff: 15.9]
      [Ext Root Scanning (ms): Min: 0.0, Avg: 0.7, Max: 4.5, Diff: 4.5, Sum: 6.0]
      [Update RS (ms): Min: 0.0, Avg: 0.8, Max: 3.2, Diff: 3.2, Sum: 6.7]
         [Processed Buffers: Min: 0, Avg: 6.0, Max: 30, Diff: 30, Sum: 48]
      [Scan RS (ms): Min: 0.0, Avg: 0.7, Max: 2.0, Diff: 2.0, Sum: 5.9]
      [Code Root Scanning (ms): Min: 0.0, Avg: 0.0, Max: 0.0, Diff: 0.0, Sum: 0.0]
      [Object Copy (ms): Min: 0.0, Avg: 1.7, Max: 4.6, Diff: 4.6, Sum: 13.5]
      [Termination (ms): Min: 0.0, Avg: 1.0, Max: 1.8, Diff: 1.8, Sum: 8.3]
         [Termination Attempts: Min: 1, Avg: 3.4, Max: 13, Diff: 12, Sum: 27]
      [GC Worker Other (ms): Min: 0.0, Avg: 0.0, Max: 0.0, Diff: 0.0, Sum: 0.0]
      [GC Worker Total (ms): Min: 0.0, Avg: 5.1, Max: 16.0, Diff: 16.0, Sum: 40.5]
      [GC Worker End (ms): Min: 372023711.1, Avg: 372023711.2, Max: 372023711.3, Diff: 0.1]
   [Code Root Fixup: 0.0 ms]
   [Code Root Purge: 0.0 ms]
   [Clear CT: 0.6 ms]
   [Other: 34.5 ms]
      [Choose CSet: 0.0 ms]
      [Ref Proc: 34.1 ms]
      [Ref Enq: 0.1 ms]
      [Redirty Cards: 0.1 ms]
      [Humongous Register: 0.0 ms]
      [Humongous Reclaim: 0.0 ms]
      [Free CSet: 0.1 ms]
   [Eden: 5712.0M(5712.0M)->0.0B(7152.0M) Survivors: 16384.0K->16384.0K Heap: 9400.6M(14336.0M)->3678.1M(14336.0M)]
 [Times: user=0.16 sys=0.00, real=0.05 secs] 
2022-09-14T06:21:14.830-0600: 372103.348: [GC pause (G1 Evacuation Pause) (young), 0.0246663 secs]
   [Parallel Time: 9.8 ms, GC Workers: 8]
      [GC Worker Start (ms): Min: 372103348.1, Avg: 372103352.7, Max: 372103357.8, Diff: 9.7]
      [Ext Root Scanning (ms): Min: 0.0, Avg: 0.7, Max: 2.8, Diff: 2.8, Sum: 5.9]
      [Update RS (ms): Min: 0.0, Avg: 2.5, Max: 4.8, Diff: 4.8, Sum: 19.8]
         [Processed Buffers: Min: 0, Avg: 12.0, Max: 29, Diff: 29, Sum: 96]
      [Scan RS (ms): Min: 0.0, Avg: 0.0, Max: 0.1, Diff: 0.1, Sum: 0.2]
      [Code Root Scanning (ms): Min: 0.0, Avg: 0.0, Max: 0.0, Diff: 0.0, Sum: 0.0]
      [Object Copy (ms): Min: 0.0, Avg: 1.0, Max: 1.8, Diff: 1.8, Sum: 8.4]
      [Termination (ms): Min: 0.0, Avg: 0.9, Max: 1.3, Diff: 1.3, Sum: 7.0]
         [Termination Attempts: Min: 1, Avg: 13.9, Max: 30, Diff: 29, Sum: 111]
      [GC Worker Other (ms): Min: 0.0, Avg: 0.0, Max: 0.0, Diff: 0.0, Sum: 0.0]
      [GC Worker Total (ms): Min: 0.0, Avg: 5.2, Max: 9.7, Diff: 9.7, Sum: 41.3]
      [GC Worker End (ms): Min: 372103357.8, Avg: 372103357.8, Max: 372103357.9, Diff: 0.1]
   [Code Root Fixup: 0.0 ms]
   [Code Root Purge: 0.0 ms]
   [Clear CT: 0.5 ms]
   [Other: 14.3 ms]
      [Choose CSet: 0.0 ms]
      [Ref Proc: 13.9 ms]
      [Ref Enq: 0.1 ms]
      [Redirty Cards: 0.1 ms]
      [Humongous Register: 0.0 ms]
      [Humongous Reclaim: 0.0 ms]
      [Free CSet: 0.1 ms]
   [Eden: 7152.0M(7152.0M)->0.0B(7152.0M) Survivors: 16384.0K->16384.0K Heap: 10830.1M(14336.0M)->3683.0M(14336.0M)]
 [Times: user=0.10 sys=0.00, real=0.03 secs] 
2022-09-14T06:22:36.424-0600: 372184.942: [GC pause (G1 Evacuation Pause) (young) (initial-mark), 0.0513117 secs]
   [Parallel Time: 17.0 ms, GC Workers: 8]
      [GC Worker Start (ms): Min: 372184943.4, Avg: 372184945.8, Max: 372184946.7, Diff: 3.2]
      [Ext Root Scanning (ms): Min: 1.7, Avg: 8.5, Max: 12.2, Diff: 10.5, Sum: 68.2]
      [Update RS (ms): Min: 0.0, Avg: 0.9, Max: 3.4, Diff: 3.4, Sum: 7.1]
         [Processed Buffers: Min: 0, Avg: 5.6, Max: 16, Diff: 16, Sum: 45]
      [Scan RS (ms): Min: 0.0, Avg: 0.0, Max: 0.1, Diff: 0.1, Sum: 0.2]
      [Code Root Scanning (ms): Min: 0.0, Avg: 0.0, Max: 0.0, Diff: 0.0, Sum: 0.0]
      [Object Copy (ms): Min: 0.0, Avg: 0.9, Max: 2.4, Diff: 2.4, Sum: 6.9]
      [Termination (ms): Min: 0.0, Avg: 2.9, Max: 5.1, Diff: 5.1, Sum: 22.9]
         [Termination Attempts: Min: 1, Avg: 1.8, Max: 4, Diff: 3, Sum: 14]
      [GC Worker Other (ms): Min: 0.0, Avg: 0.0, Max: 0.0, Diff: 0.0, Sum: 0.0]
      [GC Worker Total (ms): Min: 12.3, Avg: 13.2, Max: 15.5, Diff: 3.3, Sum: 105.3]
      [GC Worker End (ms): Min: 372184958.9, Avg: 372184959.0, Max: 372184959.1, Diff: 0.1]
   [Code Root Fixup: 0.0 ms]
   [Code Root Purge: 0.0 ms]
   [Clear CT: 0.9 ms]
   [Other: 33.5 ms]
      [Choose CSet: 0.0 ms]
      [Ref Proc: 33.1 ms]
      [Ref Enq: 0.1 ms]
      [Redirty Cards: 0.1 ms]
      [Humongous Register: 0.0 ms]
      [Humongous Reclaim: 0.0 ms]
      [Free CSet: 0.1 ms]
   [Eden: 7152.0M(7152.0M)->0.0B(7152.0M) Survivors: 16384.0K->16384.0K Heap: 10835.0M(14336.0M)->3683.6M(14336.0M)]
 [Times: user=0.16 sys=0.00, real=0.05 secs] 
2022-09-14T06:22:36.476-0600: 372184.994: [GC concurrent-root-region-scan-start]
2022-09-14T06:22:36.482-0600: 372184.999: [GC concurrent-root-region-scan-end, 0.0056813 secs]
2022-09-14T06:22:36.482-0600: 372184.999: [GC concurrent-mark-start]
2022-09-14T06:22:37.817-0600: 372186.334: [GC concurrent-mark-end, 1.3350571 secs]
2022-09-14T06:22:37.817-0600: 372186.334: [GC remark 2022-09-14T06:22:37.817-0600: 372186.334: [Finalize Marking, 0.0023673 secs] 2022-09-14T06:22:37.819-0600: 372186.337: [GC ref-proc, 0.0335437 secs] 2022-09-14T06:22:37.853-0600: 372186.370: [Unloading, 0.0264674 secs], 0.0688694 secs]
 [Times: user=0.28 sys=0.00, real=0.07 secs] 
2022-09-14T06:22:37.886-0600: 372186.404: [GC cleanup 3851M->3851M(14336M), 0.0066117 secs]
 [Times: user=0.02 sys=0.00, real=0.01 secs] 
2022-09-14T06:23:58.081-0600: 372266.599: [GC pause (G1 Evacuation Pause) (young), 0.0279829 secs]
   [Parallel Time: 8.6 ms, GC Workers: 8]
      [GC Worker Start (ms): Min: 372266599.2, Avg: 372266604.2, Max: 372266607.7, Diff: 8.5]
      [Ext Root Scanning (ms): Min: 0.0, Avg: 0.9, Max: 3.2, Diff: 3.2, Sum: 7.4]
      [Update RS (ms): Min: 0.0, Avg: 0.9, Max: 2.5, Diff: 2.5, Sum: 7.2]
         [Processed Buffers: Min: 0, Avg: 5.9, Max: 18, Diff: 18, Sum: 47]
      [Scan RS (ms): Min: 0.0, Avg: 0.0, Max: 0.1, Diff: 0.1, Sum: 0.2]
      [Code Root Scanning (ms): Min: 0.0, Avg: 0.0, Max: 0.0, Diff: 0.0, Sum: 0.0]
      [Object Copy (ms): Min: 0.0, Avg: 0.7, Max: 1.8, Diff: 1.8, Sum: 5.7]
      [Termination (ms): Min: 0.0, Avg: 1.0, Max: 1.2, Diff: 1.2, Sum: 7.7]
         [Termination Attempts: Min: 1, Avg: 8.1, Max: 17, Diff: 16, Sum: 65]
      [GC Worker Other (ms): Min: 0.0, Avg: 0.0, Max: 0.0, Diff: 0.0, Sum: 0.0]
      [GC Worker Total (ms): Min: 0.0, Avg: 3.5, Max: 8.6, Diff: 8.6, Sum: 28.3]
      [GC Worker End (ms): Min: 372266607.7, Avg: 372266607.7, Max: 372266607.8, Diff: 0.1]
   [Code Root Fixup: 0.0 ms]
   [Code Root Purge: 0.0 ms]
   [Clear CT: 0.9 ms]
   [Other: 18.5 ms]
      [Choose CSet: 0.0 ms]
      [Ref Proc: 18.0 ms]
      [Ref Enq: 0.1 ms]
      [Redirty Cards: 0.1 ms]
      [Humongous Register: 0.0 ms]
      [Humongous Reclaim: 0.0 ms]
      [Free CSet: 0.1 ms]
   [Eden: 7152.0M(7152.0M)->0.0B(5712.0M) Survivors: 16384.0K->16384.0K Heap: 10835.6M(14336.0M)->3684.4M(14336.0M)]
 [Times: user=0.10 sys=0.00, real=0.02 secs] 
2022-09-14T06:25:03.452-0600: 372331.970: [GC pause (G1 Evacuation Pause) (mixed), 0.0302952 secs]
   [Parallel Time: 12.6 ms, GC Workers: 8]
      [GC Worker Start (ms): Min: 372331970.0, Avg: 372331972.8, Max: 372331978.3, Diff: 8.4]
      [Ext Root Scanning (ms): Min: 0.0, Avg: 0.9, Max: 3.7, Diff: 3.7, Sum: 7.3]
      [Update RS (ms): Min: 0.0, Avg: 1.1, Max: 2.4, Diff: 2.4, Sum: 8.8]
         [Processed Buffers: Min: 0, Avg: 5.6, Max: 15, Diff: 15, Sum: 45]
      [Scan RS (ms): Min: 0.0, Avg: 1.1, Max: 1.6, Diff: 1.6, Sum: 8.7]
      [Code Root Scanning (ms): Min: 0.0, Avg: 0.0, Max: 0.0, Diff: 0.0, Sum: 0.0]
      [Object Copy (ms): Min: 0.1, Avg: 3.0, Max: 7.3, Diff: 7.2, Sum: 24.3]
      [Termination (ms): Min: 0.0, Avg: 3.5, Max: 4.0, Diff: 4.0, Sum: 28.0]
         [Termination Attempts: Min: 1, Avg: 3.0, Max: 6, Diff: 5, Sum: 24]
      [GC Worker Other (ms): Min: 0.0, Avg: 0.0, Max: 0.0, Diff: 0.0, Sum: 0.1]
      [GC Worker Total (ms): Min: 4.1, Avg: 9.6, Max: 12.5, Diff: 8.4, Sum: 77.2]
      [GC Worker End (ms): Min: 372331982.5, Avg: 372331982.5, Max: 372331982.5, Diff: 0.1]
   [Code Root Fixup: 0.0 ms]
   [Code Root Purge: 0.0 ms]
   [Clear CT: 0.6 ms]
   [Other: 17.1 ms]
      [Choose CSet: 0.0 ms]
      [Ref Proc: 16.7 ms]
      [Ref Enq: 0.1 ms]
      [Redirty Cards: 0.1 ms]
      [Humongous Register: 0.0 ms]
      [Humongous Reclaim: 0.0 ms]
      [Free CSet: 0.1 ms]
   [Eden: 5712.0M(5712.0M)->0.0B(7152.0M) Survivors: 16384.0K->16384.0K Heap: 9396.4M(14336.0M)->3677.5M(14336.0M)]
 [Times: user=0.14 sys=0.00, real=0.04 secs] 
2022-09-14T06:26:23.974-0600: 372412.492: [GC pause (G1 Evacuation Pause) (young), 0.0474805 secs]
   [Parallel Time: 17.1 ms, GC Workers: 8]
      [GC Worker Start (ms): Min: 372412492.1, Avg: 372412502.9, Max: 372412509.0, Diff: 16.9]
      [Ext Root Scanning (ms): Min: 0.0, Avg: 0.8, Max: 4.2, Diff: 4.2, Sum: 6.2]
      [Update RS (ms): Min: 0.0, Avg: 3.5, Max: 9.8, Diff: 9.8, Sum: 28.0]
         [Processed Buffers: Min: 0, Avg: 15.6, Max: 45, Diff: 45, Sum: 125]
      [Scan RS (ms): Min: 0.0, Avg: 0.0, Max: 0.1, Diff: 0.1, Sum: 0.2]
      [Code Root Scanning (ms): Min: 0.0, Avg: 0.0, Max: 0.0, Diff: 0.0, Sum: 0.0]
      [Object Copy (ms): Min: 0.0, Avg: 1.0, Max: 1.7, Diff: 1.7, Sum: 7.7]
      [Termination (ms): Min: 0.0, Avg: 0.8, Max: 1.2, Diff: 1.2, Sum: 6.8]
         [Termination Attempts: Min: 1, Avg: 1.9, Max: 4, Diff: 3, Sum: 15]
      [GC Worker Other (ms): Min: 0.0, Avg: 0.0, Max: 0.0, Diff: 0.0, Sum: 0.1]
      [GC Worker Total (ms): Min: 0.0, Avg: 6.1, Max: 16.9, Diff: 16.9, Sum: 49.0]
      [GC Worker End (ms): Min: 372412509.0, Avg: 372412509.0, Max: 372412509.1, Diff: 0.0]
   [Code Root Fixup: 0.0 ms]
   [Code Root Purge: 0.0 ms]
   [Clear CT: 0.7 ms]
   [Other: 29.6 ms]
      [Choose CSet: 0.0 ms]
      [Ref Proc: 29.2 ms]
      [Ref Enq: 0.1 ms]
      [Redirty Cards: 0.1 ms]
      [Humongous Register: 0.0 ms]
      [Humongous Reclaim: 0.0 ms]
      [Free CSet: 0.1 ms]
   [Eden: 7152.0M(7152.0M)->0.0B(7152.0M) Survivors: 16384.0K->16384.0K Heap: 10829.5M(14336.0M)->3682.4M(14336.0M)]
 [Times: user=0.14 sys=0.00, real=0.05 secs] 
2022-09-14T06:27:45.725-0600: 372494.243: [GC pause (G1 Evacuation Pause) (young) (initial-mark), 0.0353812 secs]
   [Parallel Time: 13.8 ms, GC Workers: 8]
      [GC Worker Start (ms): Min: 372494244.4, Avg: 372494247.4, Max: 372494248.3, Diff: 3.9]
      [Ext Root Scanning (ms): Min: 2.2, Avg: 6.1, Max: 11.8, Diff: 9.6, Sum: 48.6]
      [Update RS (ms): Min: 0.0, Avg: 1.2, Max: 2.9, Diff: 2.9, Sum: 9.5]
         [Processed Buffers: Min: 0, Avg: 6.1, Max: 20, Diff: 20, Sum: 49]
      [Scan RS (ms): Min: 0.0, Avg: 0.0, Max: 0.1, Diff: 0.1, Sum: 0.2]
      [Code Root Scanning (ms): Min: 0.0, Avg: 0.0, Max: 0.0, Diff: 0.0, Sum: 0.0]
      [Object Copy (ms): Min: 0.0, Avg: 1.0, Max: 2.1, Diff: 2.1, Sum: 7.9]
      [Termination (ms): Min: 0.0, Avg: 1.1, Max: 1.7, Diff: 1.7, Sum: 9.1]
         [Termination Attempts: Min: 1, Avg: 2.8, Max: 7, Diff: 6, Sum: 22]
      [GC Worker Other (ms): Min: 0.0, Avg: 0.0, Max: 0.0, Diff: 0.0, Sum: 0.1]
      [GC Worker Total (ms): Min: 8.4, Avg: 9.4, Max: 12.4, Diff: 4.0, Sum: 75.3]
      [GC Worker End (ms): Min: 372494256.7, Avg: 372494256.8, Max: 372494256.9, Diff: 0.2]
   [Code Root Fixup: 0.0 ms]
   [Code Root Purge: 0.0 ms]
   [Clear CT: 0.7 ms]
   [Other: 20.8 ms]
      [Choose CSet: 0.0 ms]
      [Ref Proc: 20.4 ms]
      [Ref Enq: 0.1 ms]
      [Redirty Cards: 0.1 ms]
      [Humongous Register: 0.0 ms]
      [Humongous Reclaim: 0.0 ms]
      [Free CSet: 0.1 ms]
   [Eden: 7152.0M(7152.0M)->0.0B(7152.0M) Survivors: 16384.0K->16384.0K Heap: 10834.4M(14336.0M)->3685.8M(14336.0M)]
 [Times: user=0.13 sys=0.00, real=0.04 secs] 
2022-09-14T06:27:45.761-0600: 372494.279: [GC concurrent-root-region-scan-start]
2022-09-14T06:27:45.767-0600: 372494.284: [GC concurrent-root-region-scan-end, 0.0059129 secs]
2022-09-14T06:27:45.767-0600: 372494.284: [GC concurrent-mark-start]
2022-09-14T06:27:47.051-0600: 372495.569: [GC concurrent-mark-end, 1.2842771 secs]
2022-09-14T06:27:47.051-0600: 372495.569: [GC remark 2022-09-14T06:27:47.051-0600: 372495.569: [Finalize Marking, 0.0015172 secs] 2022-09-14T06:27:47.053-0600: 372495.570: [GC ref-proc, 0.0312390 secs] 2022-09-14T06:27:47.084-0600: 372495.602: [Unloading, 0.0291644 secs], 0.0668049 secs]
 [Times: user=0.26 sys=0.00, real=0.07 secs] 
2022-09-14T06:27:47.118-0600: 372495.636: [GC cleanup 3829M->3829M(14336M), 0.0100211 secs]
 [Times: user=0.03 sys=0.00, real=0.01 secs] 
2022-09-14T06:29:06.825-0600: 372575.342: [GC pause (G1 Evacuation Pause) (young), 0.0388543 secs]
   [Parallel Time: 8.0 ms, GC Workers: 8]
      [GC Worker Start (ms): Min: 372575342.4, Avg: 372575347.3, Max: 372575350.3, Diff: 7.9]
      [Ext Root Scanning (ms): Min: 0.0, Avg: 0.8, Max: 2.9, Diff: 2.9, Sum: 6.1]
      [Update RS (ms): Min: 0.0, Avg: 0.9, Max: 2.7, Diff: 2.7, Sum: 7.5]
         [Processed Buffers: Min: 0, Avg: 6.2, Max: 23, Diff: 23, Sum: 50]
      [Scan RS (ms): Min: 0.0, Avg: 0.0, Max: 0.1, Diff: 0.1, Sum: 0.2]
      [Code Root Scanning (ms): Min: 0.0, Avg: 0.0, Max: 0.0, Diff: 0.0, Sum: 0.0]
      [Object Copy (ms): Min: 0.0, Avg: 0.7, Max: 1.8, Diff: 1.8, Sum: 5.3]
      [Termination (ms): Min: 0.0, Avg: 0.7, Max: 1.2, Diff: 1.2, Sum: 5.5]
         [Termination Attempts: Min: 1, Avg: 3.0, Max: 10, Diff: 9, Sum: 24]
      [GC Worker Other (ms): Min: 0.0, Avg: 0.0, Max: 0.0, Diff: 0.0, Sum: 0.0]
      [GC Worker Total (ms): Min: 0.0, Avg: 3.1, Max: 7.9, Diff: 7.9, Sum: 24.6]
      [GC Worker End (ms): Min: 372575350.3, Avg: 372575350.3, Max: 372575350.4, Diff: 0.0]
   [Code Root Fixup: 0.0 ms]
   [Code Root Purge: 0.0 ms]
   [Clear CT: 0.7 ms]
   [Other: 30.1 ms]
      [Choose CSet: 0.0 ms]
      [Ref Proc: 29.7 ms]
      [Ref Enq: 0.1 ms]
      [Redirty Cards: 0.1 ms]
      [Humongous Register: 0.0 ms]
      [Humongous Reclaim: 0.0 ms]
      [Free CSet: 0.1 ms]
   [Eden: 7152.0M(7152.0M)->0.0B(5712.0M) Survivors: 16384.0K->16384.0K Heap: 10837.8M(14336.0M)->3684.5M(14336.0M)]
 [Times: user=0.11 sys=0.00, real=0.04 secs] 
2022-09-14T06:30:11.758-0600: 372640.276: [GC pause (G1 Evacuation Pause) (mixed), 0.0300569 secs]
   [Parallel Time: 10.5 ms, GC Workers: 8]
      [GC Worker Start (ms): Min: 372640275.8, Avg: 372640278.4, Max: 372640282.4, Diff: 6.5]
      [Ext Root Scanning (ms): Min: 0.0, Avg: 0.9, Max: 3.6, Diff: 3.6, Sum: 7.3]
      [Update RS (ms): Min: 0.0, Avg: 1.1, Max: 2.3, Diff: 2.3, Sum: 8.6]
         [Processed Buffers: Min: 0, Avg: 5.2, Max: 17, Diff: 17, Sum: 42]
      [Scan RS (ms): Min: 0.0, Avg: 1.1, Max: 1.9, Diff: 1.8, Sum: 8.6]
      [Code Root Scanning (ms): Min: 0.0, Avg: 0.0, Max: 0.0, Diff: 0.0, Sum: 0.0]
      [Object Copy (ms): Min: 3.0, Avg: 4.1, Max: 5.1, Diff: 2.0, Sum: 33.0]
      [Termination (ms): Min: 0.0, Avg: 0.4, Max: 0.6, Diff: 0.6, Sum: 3.5]
         [Termination Attempts: Min: 1, Avg: 1.1, Max: 2, Diff: 1, Sum: 9]
      [GC Worker Other (ms): Min: 0.0, Avg: 0.0, Max: 0.0, Diff: 0.0, Sum: 0.1]
      [GC Worker Total (ms): Min: 3.6, Avg: 7.6, Max: 10.2, Diff: 6.5, Sum: 61.1]
      [GC Worker End (ms): Min: 372640286.0, Avg: 372640286.0, Max: 372640286.0, Diff: 0.0]
   [Code Root Fixup: 0.0 ms]
   [Code Root Purge: 0.0 ms]
   [Clear CT: 0.8 ms]
   [Other: 18.8 ms]
      [Choose CSet: 0.0 ms]
      [Ref Proc: 18.3 ms]
      [Ref Enq: 0.1 ms]
      [Redirty Cards: 0.1 ms]
      [Humongous Register: 0.0 ms]
      [Humongous Reclaim: 0.0 ms]
      [Free CSet: 0.1 ms]
   [Eden: 5712.0M(5712.0M)->0.0B(7152.0M) Survivors: 16384.0K->16384.0K Heap: 9396.5M(14336.0M)->3678.0M(14336.0M)]
 [Times: user=0.13 sys=0.00, real=0.03 secs] 
2022-09-14T06:31:31.926-0600: 372720.444: [GC pause (G1 Evacuation Pause) (young), 0.0243716 secs]
   [Parallel Time: 9.0 ms, GC Workers: 8]
      [GC Worker Start (ms): Min: 372720443.8, Avg: 372720446.4, Max: 372720450.3, Diff: 6.5]
      [Ext Root Scanning (ms): Min: 0.0, Avg: 0.8, Max: 3.1, Diff: 3.1, Sum: 6.3]
      [Update RS (ms): Min: 0.4, Avg: 3.8, Max: 6.8, Diff: 6.4, Sum: 30.0]
         [Processed Buffers: Min: 3, Avg: 17.4, Max: 28, Diff: 25, Sum: 139]
      [Scan RS (ms): Min: 0.0, Avg: 0.0, Max: 0.1, Diff: 0.1, Sum: 0.2]
      [Code Root Scanning (ms): Min: 0.0, Avg: 0.0, Max: 0.0, Diff: 0.0, Sum: 0.0]
      [Object Copy (ms): Min: 0.2, Avg: 1.2, Max: 1.6, Diff: 1.4, Sum: 9.4]
      [Termination (ms): Min: 0.0, Avg: 0.6, Max: 0.7, Diff: 0.7, Sum: 4.5]
         [Termination Attempts: Min: 1, Avg: 9.2, Max: 29, Diff: 28, Sum: 74]
      [GC Worker Other (ms): Min: 0.0, Avg: 0.0, Max: 0.0, Diff: 0.0, Sum: 0.1]
      [GC Worker Total (ms): Min: 2.4, Avg: 6.3, Max: 8.9, Diff: 6.5, Sum: 50.4]
      [GC Worker End (ms): Min: 372720452.7, Avg: 372720452.7, Max: 372720452.7, Diff: 0.0]
   [Code Root Fixup: 0.0 ms]
   [Code Root Purge: 0.0 ms]
   [Clear CT: 0.8 ms]
   [Other: 14.5 ms]
      [Choose CSet: 0.0 ms]
      [Ref Proc: 14.1 ms]
      [Ref Enq: 0.1 ms]
      [Redirty Cards: 0.1 ms]
      [Humongous Register: 0.0 ms]
      [Humongous Reclaim: 0.0 ms]
      [Free CSet: 0.1 ms]
   [Eden: 7152.0M(7152.0M)->0.0B(7152.0M) Survivors: 16384.0K->16384.0K Heap: 10830.0M(14336.0M)->3686.5M(14336.0M)]
 [Times: user=0.10 sys=0.00, real=0.02 secs] 
2022-09-14T06:32:51.831-0600: 372800.349: [GC pause (G1 Evacuation Pause) (young) (initial-mark), 0.0358607 secs]
   [Parallel Time: 14.2 ms, GC Workers: 8]
      [GC Worker Start (ms): Min: 372800349.9, Avg: 372800351.6, Max: 372800352.5, Diff: 2.6]
      [Ext Root Scanning (ms): Min: 1.3, Avg: 6.2, Max: 10.1, Diff: 8.7, Sum: 49.9]
      [Update RS (ms): Min: 0.0, Avg: 1.3, Max: 4.1, Diff: 4.1, Sum: 10.6]
         [Processed Buffers: Min: 0, Avg: 7.5, Max: 25, Diff: 25, Sum: 60]
      [Scan RS (ms): Min: 0.0, Avg: 0.0, Max: 0.1, Diff: 0.1, Sum: 0.3]
      [Code Root Scanning (ms): Min: 0.0, Avg: 0.0, Max: 0.0, Diff: 0.0, Sum: 0.0]
      [Object Copy (ms): Min: 0.0, Avg: 2.1, Max: 3.6, Diff: 3.6, Sum: 16.8]
      [Termination (ms): Min: 0.0, Avg: 1.3, Max: 1.6, Diff: 1.6, Sum: 10.4]
         [Termination Attempts: Min: 1, Avg: 9.1, Max: 19, Diff: 18, Sum: 73]
      [GC Worker Other (ms): Min: 0.0, Avg: 0.0, Max: 0.0, Diff: 0.0, Sum: 0.1]
      [GC Worker Total (ms): Min: 10.1, Avg: 11.0, Max: 12.7, Diff: 2.6, Sum: 88.1]
      [GC Worker End (ms): Min: 372800362.5, Avg: 372800362.6, Max: 372800362.7, Diff: 0.1]
   [Code Root Fixup: 0.0 ms]
   [Code Root Purge: 0.0 ms]
   [Clear CT: 0.6 ms]
   [Other: 21.1 ms]
      [Choose CSet: 0.0 ms]
      [Ref Proc: 20.7 ms]
      [Ref Enq: 0.1 ms]
      [Redirty Cards: 0.1 ms]
      [Humongous Register: 0.0 ms]
      [Humongous Reclaim: 0.0 ms]
      [Free CSet: 0.1 ms]
   [Eden: 7152.0M(7152.0M)->0.0B(7152.0M) Survivors: 16384.0K->16384.0K Heap: 10838.5M(14336.0M)->3691.0M(14336.0M)]
 [Times: user=0.12 sys=0.00, real=0.04 secs] 
2022-09-14T06:32:51.867-0600: 372800.385: [GC concurrent-root-region-scan-start]
2022-09-14T06:32:51.875-0600: 372800.393: [GC concurrent-root-region-scan-end, 0.0084521 secs]
2022-09-14T06:32:51.875-0600: 372800.393: [GC concurrent-mark-start]
2022-09-14T06:32:53.216-0600: 372801.734: [GC concurrent-mark-end, 1.3405285 secs]
2022-09-14T06:32:53.216-0600: 372801.734: [GC remark 2022-09-14T06:32:53.216-0600: 372801.734: [Finalize Marking, 0.0018810 secs] 2022-09-14T06:32:53.218-0600: 372801.736: [GC ref-proc, 0.0310952 secs] 2022-09-14T06:32:53.249-0600: 372801.767: [Unloading, 0.0255202 secs], 0.0622888 secs]
 [Times: user=0.30 sys=0.00, real=0.06 secs] 
2022-09-14T06:32:53.278-0600: 372801.796: [GC cleanup 3867M->3867M(14336M), 0.0145544 secs]
 [Times: user=0.02 sys=0.00, real=0.02 secs] 
2022-09-14T06:34:11.728-0600: 372880.246: [GC pause (G1 Evacuation Pause) (young), 0.0337451 secs]
   [Parallel Time: 13.4 ms, GC Workers: 8]
      [GC Worker Start (ms): Min: 372880246.4, Avg: 372880252.4, Max: 372880256.0, Diff: 9.6]
      [Ext Root Scanning (ms): Min: 0.0, Avg: 0.8, Max: 3.4, Diff: 3.4, Sum: 6.6]
      [Update RS (ms): Min: 0.0, Avg: 1.2, Max: 3.3, Diff: 3.3, Sum: 9.5]
         [Processed Buffers: Min: 0, Avg: 6.8, Max: 22, Diff: 22, Sum: 54]
      [Scan RS (ms): Min: 0.0, Avg: 0.0, Max: 0.1, Diff: 0.1, Sum: 0.2]
      [Code Root Scanning (ms): Min: 0.0, Avg: 0.0, Max: 0.0, Diff: 0.0, Sum: 0.0]
      [Object Copy (ms): Min: 0.0, Avg: 1.6, Max: 6.3, Diff: 6.3, Sum: 13.1]
      [Termination (ms): Min: 0.0, Avg: 3.4, Max: 4.0, Diff: 4.0, Sum: 27.1]
         [Termination Attempts: Min: 1, Avg: 3.9, Max: 7, Diff: 6, Sum: 31]
      [GC Worker Other (ms): Min: 0.0, Avg: 0.0, Max: 0.0, Diff: 0.0, Sum: 0.0]
      [GC Worker Total (ms): Min: 3.5, Avg: 7.1, Max: 13.1, Diff: 9.5, Sum: 56.5]
      [GC Worker End (ms): Min: 372880259.4, Avg: 372880259.5, Max: 372880259.6, Diff: 0.2]
   [Code Root Fixup: 0.0 ms]
   [Code Root Purge: 0.0 ms]
   [Clear CT: 0.8 ms]
   [Other: 19.5 ms]
      [Choose CSet: 0.0 ms]
      [Ref Proc: 19.1 ms]
      [Ref Enq: 0.1 ms]
      [Redirty Cards: 0.1 ms]
      [Humongous Register: 0.0 ms]
      [Humongous Reclaim: 0.0 ms]
      [Free CSet: 0.1 ms]
   [Eden: 7152.0M(7152.0M)->0.0B(5712.0M) Survivors: 16384.0K->16384.0K Heap: 10843.0M(14336.0M)->3690.8M(14336.0M)]
 [Times: user=0.11 sys=0.00, real=0.04 secs] 
2022-09-14T06:35:16.381-0600: 372944.898: [GC pause (G1 Evacuation Pause) (mixed), 0.0276995 secs]
   [Parallel Time: 9.3 ms, GC Workers: 8]
      [GC Worker Start (ms): Min: 372944898.4, Avg: 372944900.7, Max: 372944907.5, Diff: 9.1]
      [Ext Root Scanning (ms): Min: 0.0, Avg: 1.8, Max: 7.6, Diff: 7.6, Sum: 14.3]
      [Update RS (ms): Min: 0.0, Avg: 1.2, Max: 2.8, Diff: 2.8, Sum: 9.9]
         [Processed Buffers: Min: 0, Avg: 6.2, Max: 18, Diff: 18, Sum: 50]
      [Scan RS (ms): Min: 0.0, Avg: 0.9, Max: 1.3, Diff: 1.3, Sum: 7.5]
      [Code Root Scanning (ms): Min: 0.0, Avg: 0.0, Max: 0.0, Diff: 0.0, Sum: 0.0]
      [Object Copy (ms): Min: 0.0, Avg: 2.4, Max: 3.2, Diff: 3.2, Sum: 19.0]
      [Termination (ms): Min: 0.0, Avg: 0.5, Max: 0.6, Diff: 0.6, Sum: 4.3]
         [Termination Attempts: Min: 1, Avg: 3.6, Max: 5, Diff: 4, Sum: 29]
      [GC Worker Other (ms): Min: 0.0, Avg: 0.0, Max: 0.0, Diff: 0.0, Sum: 0.1]
      [GC Worker Total (ms): Min: 0.0, Avg: 6.9, Max: 9.2, Diff: 9.1, Sum: 55.1]
      [GC Worker End (ms): Min: 372944907.6, Avg: 372944907.6, Max: 372944907.6, Diff: 0.0]
   [Code Root Fixup: 0.0 ms]
   [Code Root Purge: 0.0 ms]
   [Clear CT: 0.8 ms]
   [Other: 17.6 ms]
      [Choose CSet: 0.0 ms]
      [Ref Proc: 17.2 ms]
      [Ref Enq: 0.1 ms]
      [Redirty Cards: 0.1 ms]
      [Humongous Register: 0.0 ms]
      [Humongous Reclaim: 0.0 ms]
      [Free CSet: 0.1 ms]
   [Eden: 5712.0M(5712.0M)->0.0B(7152.0M) Survivors: 16384.0K->16384.0K Heap: 9402.8M(14336.0M)->3682.8M(14336.0M)]
 [Times: user=0.10 sys=0.00, real=0.02 secs] 
2022-09-14T06:36:36.779-0600: 373025.297: [GC pause (G1 Evacuation Pause) (young), 0.0488894 secs]
   [Parallel Time: 13.8 ms, GC Workers: 8]
      [GC Worker Start (ms): Min: 373025296.6, Avg: 373025304.1, Max: 373025310.1, Diff: 13.5]
      [Ext Root Scanning (ms): Min: 0.0, Avg: 0.8, Max: 2.9, Diff: 2.9, Sum: 6.0]
      [Update RS (ms): Min: 0.0, Avg: 3.0, Max: 7.7, Diff: 7.7, Sum: 23.9]
         [Processed Buffers: Min: 0, Avg: 16.1, Max: 44, Diff: 44, Sum: 129]
      [Scan RS (ms): Min: 0.0, Avg: 0.0, Max: 0.1, Diff: 0.1, Sum: 0.2]
      [Code Root Scanning (ms): Min: 0.0, Avg: 0.0, Max: 0.0, Diff: 0.0, Sum: 0.0]
      [Object Copy (ms): Min: 0.0, Avg: 0.9, Max: 1.6, Diff: 1.6, Sum: 7.2]
      [Termination (ms): Min: 0.0, Avg: 1.4, Max: 1.9, Diff: 1.9, Sum: 10.9]
         [Termination Attempts: Min: 1, Avg: 1.9, Max: 4, Diff: 3, Sum: 15]
      [GC Worker Other (ms): Min: 0.0, Avg: 0.0, Max: 0.0, Diff: 0.0, Sum: 0.0]
      [GC Worker Total (ms): Min: 0.0, Avg: 6.0, Max: 13.6, Diff: 13.5, Sum: 48.4]
      [GC Worker End (ms): Min: 373025310.1, Avg: 373025310.2, Max: 373025310.3, Diff: 0.2]
   [Code Root Fixup: 0.0 ms]
   [Code Root Purge: 0.0 ms]
   [Clear CT: 0.9 ms]
   [Other: 34.1 ms]
      [Choose CSet: 0.0 ms]
      [Ref Proc: 33.8 ms]
      [Ref Enq: 0.1 ms]
      [Redirty Cards: 0.1 ms]
      [Humongous Register: 0.0 ms]
      [Humongous Reclaim: 0.0 ms]
      [Free CSet: 0.1 ms]
   [Eden: 7152.0M(7152.0M)->0.0B(7152.0M) Survivors: 16384.0K->16384.0K Heap: 10834.8M(14336.0M)->3688.4M(14336.0M)]
 [Times: user=0.13 sys=0.00, real=0.05 secs] 
2022-09-14T06:37:56.974-0600: 373105.492: [GC pause (G1 Evacuation Pause) (young) (initial-mark), 0.0349792 secs]
   [Parallel Time: 12.7 ms, GC Workers: 8]
      [GC Worker Start (ms): Min: 373105493.4, Avg: 373105495.4, Max: 373105496.3, Diff: 2.9]
      [Ext Root Scanning (ms): Min: 2.5, Avg: 5.4, Max: 8.3, Diff: 5.8, Sum: 43.0]
      [Update RS (ms): Min: 0.0, Avg: 1.0, Max: 1.8, Diff: 1.8, Sum: 7.9]
         [Processed Buffers: Min: 0, Avg: 5.6, Max: 19, Diff: 19, Sum: 45]
      [Scan RS (ms): Min: 0.0, Avg: 0.0, Max: 0.1, Diff: 0.1, Sum: 0.2]
      [Code Root Scanning (ms): Min: 0.0, Avg: 0.0, Max: 0.0, Diff: 0.0, Sum: 0.0]
      [Object Copy (ms): Min: 0.0, Avg: 0.8, Max: 1.4, Diff: 1.4, Sum: 6.5]
      [Termination (ms): Min: 0.0, Avg: 2.0, Max: 2.9, Diff: 2.9, Sum: 16.1]
         [Termination Attempts: Min: 1, Avg: 13.2, Max: 31, Diff: 30, Sum: 106]
      [GC Worker Other (ms): Min: 0.0, Avg: 0.0, Max: 0.0, Diff: 0.0, Sum: 0.0]
      [GC Worker Total (ms): Min: 8.3, Avg: 9.2, Max: 11.3, Diff: 2.9, Sum: 73.8]
      [GC Worker End (ms): Min: 373105504.6, Avg: 373105504.7, Max: 373105504.7, Diff: 0.1]
   [Code Root Fixup: 0.0 ms]
   [Code Root Purge: 0.0 ms]
   [Clear CT: 0.7 ms]
   [Other: 21.5 ms]
      [Choose CSet: 0.0 ms]
      [Ref Proc: 21.1 ms]
      [Ref Enq: 0.1 ms]
      [Redirty Cards: 0.1 ms]
      [Humongous Register: 0.0 ms]
      [Humongous Reclaim: 0.0 ms]
      [Free CSet: 0.1 ms]
   [Eden: 7152.0M(7152.0M)->0.0B(7152.0M) Survivors: 16384.0K->16384.0K Heap: 10840.4M(14336.0M)->3691.1M(14336.0M)]
 [Times: user=0.12 sys=0.00, real=0.03 secs] 
2022-09-14T06:37:57.009-0600: 373105.527: [GC concurrent-root-region-scan-start]
2022-09-14T06:37:57.015-0600: 373105.533: [GC concurrent-root-region-scan-end, 0.0058493 secs]
2022-09-14T06:37:57.015-0600: 373105.533: [GC concurrent-mark-start]
2022-09-14T06:37:58.344-0600: 373106.862: [GC concurrent-mark-end, 1.3286967 secs]
2022-09-14T06:37:58.344-0600: 373106.862: [GC remark 2022-09-14T06:37:58.344-0600: 373106.862: [Finalize Marking, 0.0018153 secs] 2022-09-14T06:37:58.346-0600: 373106.864: [GC ref-proc, 0.0272108 secs] 2022-09-14T06:37:58.373-0600: 373106.891: [Unloading, 0.0263112 secs], 0.0593552 secs]
 [Times: user=0.26 sys=0.00, real=0.06 secs] 
2022-09-14T06:37:58.404-0600: 373106.921: [GC cleanup 3843M->3843M(14336M), 0.0104194 secs]
 [Times: user=0.03 sys=0.00, real=0.01 secs] 
2022-09-14T06:39:18.179-0600: 373186.697: [GC pause (G1 Evacuation Pause) (young), 0.0373574 secs]
   [Parallel Time: 7.6 ms, GC Workers: 8]
      [GC Worker Start (ms): Min: 373186696.8, Avg: 373186700.5, Max: 373186704.2, Diff: 7.5]
      [Ext Root Scanning (ms): Min: 0.0, Avg: 0.8, Max: 3.0, Diff: 3.0, Sum: 6.2]
      [Update RS (ms): Min: 0.0, Avg: 0.9, Max: 2.9, Diff: 2.9, Sum: 7.5]
         [Processed Buffers: Min: 0, Avg: 6.9, Max: 22, Diff: 22, Sum: 55]
      [Scan RS (ms): Min: 0.0, Avg: 0.0, Max: 0.1, Diff: 0.1, Sum: 0.2]
      [Code Root Scanning (ms): Min: 0.0, Avg: 0.0, Max: 0.0, Diff: 0.0, Sum: 0.0]
      [Object Copy (ms): Min: 0.0, Avg: 1.6, Max: 2.7, Diff: 2.7, Sum: 12.8]
      [Termination (ms): Min: 0.0, Avg: 0.4, Max: 0.7, Diff: 0.7, Sum: 3.3]
         [Termination Attempts: Min: 1, Avg: 21.2, Max: 40, Diff: 39, Sum: 170]
      [GC Worker Other (ms): Min: 0.0, Avg: 0.0, Max: 0.0, Diff: 0.0, Sum: 0.0]
      [GC Worker Total (ms): Min: 0.0, Avg: 3.8, Max: 7.5, Diff: 7.5, Sum: 30.0]
      [GC Worker End (ms): Min: 373186704.3, Avg: 373186704.3, Max: 373186704.3, Diff: 0.0]
   [Code Root Fixup: 0.0 ms]
   [Code Root Purge: 0.0 ms]
   [Clear CT: 0.9 ms]
   [Other: 28.9 ms]
      [Choose CSet: 0.0 ms]
      [Ref Proc: 28.5 ms]
      [Ref Enq: 0.1 ms]
      [Redirty Cards: 0.1 ms]
      [Humongous Register: 0.0 ms]
      [Humongous Reclaim: 0.0 ms]
      [Free CSet: 0.1 ms]
   [Eden: 7152.0M(7152.0M)->0.0B(5712.0M) Survivors: 16384.0K->16384.0K Heap: 10843.1M(14336.0M)->3691.7M(14336.0M)]
 [Times: user=0.11 sys=0.00, real=0.04 secs] 
2022-09-14T06:40:21.725-0600: 373250.243: [GC pause (G1 Evacuation Pause) (mixed), 0.0343470 secs]
   [Parallel Time: 11.0 ms, GC Workers: 8]
      [GC Worker Start (ms): Min: 373250242.7, Avg: 373250248.4, Max: 373250253.6, Diff: 11.0]
      [Ext Root Scanning (ms): Min: 0.0, Avg: 0.8, Max: 4.3, Diff: 4.3, Sum: 6.7]
      [Update RS (ms): Min: 0.0, Avg: 1.0, Max: 1.6, Diff: 1.6, Sum: 8.0]
         [Processed Buffers: Min: 0, Avg: 5.5, Max: 16, Diff: 16, Sum: 44]
      [Scan RS (ms): Min: 0.0, Avg: 0.6, Max: 1.0, Diff: 1.0, Sum: 4.9]
      [Code Root Scanning (ms): Min: 0.0, Avg: 0.0, Max: 0.0, Diff: 0.0, Sum: 0.0]
      [Object Copy (ms): Min: 0.0, Avg: 1.8, Max: 3.0, Diff: 3.0, Sum: 14.6]
      [Termination (ms): Min: 0.0, Avg: 0.9, Max: 1.2, Diff: 1.2, Sum: 7.3]
         [Termination Attempts: Min: 1, Avg: 6.0, Max: 16, Diff: 15, Sum: 48]
      [GC Worker Other (ms): Min: 0.0, Avg: 0.0, Max: 0.0, Diff: 0.0, Sum: 0.0]
      [GC Worker Total (ms): Min: 0.0, Avg: 5.2, Max: 11.0, Diff: 11.0, Sum: 41.5]
      [GC Worker End (ms): Min: 373250253.6, Avg: 373250253.6, Max: 373250253.7, Diff: 0.0]
   [Code Root Fixup: 0.0 ms]
   [Code Root Purge: 0.0 ms]
   [Clear CT: 0.6 ms]
   [Other: 22.7 ms]
      [Choose CSet: 0.0 ms]
      [Ref Proc: 22.3 ms]
      [Ref Enq: 0.1 ms]
      [Redirty Cards: 0.1 ms]
      [Humongous Register: 0.0 ms]
      [Humongous Reclaim: 0.0 ms]
      [Free CSet: 0.1 ms]
   [Eden: 5712.0M(5712.0M)->0.0B(7152.0M) Survivors: 16384.0K->16384.0K Heap: 9403.7M(14336.0M)->3680.9M(14336.0M)]
 [Times: user=0.11 sys=0.00, real=0.03 secs] 
2022-09-14T06:41:40.724-0600: 373329.242: [GC pause (G1 Evacuation Pause) (young), 0.0219115 secs]
   [Parallel Time: 6.8 ms, GC Workers: 8]
      [GC Worker Start (ms): Min: 373329241.8, Avg: 373329243.5, Max: 373329248.5, Diff: 6.7]
      [Ext Root Scanning (ms): Min: 0.0, Avg: 0.9, Max: 3.3, Diff: 3.3, Sum: 7.0]
      [Update RS (ms): Min: 0.0, Avg: 2.5, Max: 3.8, Diff: 3.8, Sum: 19.9]
         [Processed Buffers: Min: 0, Avg: 12.9, Max: 20, Diff: 20, Sum: 103]
      [Scan RS (ms): Min: 0.0, Avg: 0.0, Max: 0.1, Diff: 0.1, Sum: 0.2]
      [Code Root Scanning (ms): Min: 0.0, Avg: 0.0, Max: 0.0, Diff: 0.0, Sum: 0.0]
      [Object Copy (ms): Min: 0.0, Avg: 1.1, Max: 1.3, Diff: 1.3, Sum: 8.6]
      [Termination (ms): Min: 0.0, Avg: 0.5, Max: 0.6, Diff: 0.6, Sum: 4.4]
         [Termination Attempts: Min: 1, Avg: 4.1, Max: 9, Diff: 8, Sum: 33]
      [GC Worker Other (ms): Min: 0.0, Avg: 0.0, Max: 0.0, Diff: 0.0, Sum: 0.1]
      [GC Worker Total (ms): Min: 0.0, Avg: 5.0, Max: 6.7, Diff: 6.7, Sum: 40.2]
      [GC Worker End (ms): Min: 373329248.5, Avg: 373329248.5, Max: 373329248.5, Diff: 0.0]
   [Code Root Fixup: 0.0 ms]
   [Code Root Purge: 0.0 ms]
   [Clear CT: 0.6 ms]
   [Other: 14.5 ms]
      [Choose CSet: 0.0 ms]
      [Ref Proc: 14.0 ms]
      [Ref Enq: 0.1 ms]
      [Redirty Cards: 0.1 ms]
      [Humongous Register: 0.0 ms]
      [Humongous Reclaim: 0.0 ms]
      [Free CSet: 0.1 ms]
   [Eden: 7152.0M(7152.0M)->0.0B(7152.0M) Survivors: 16384.0K->16384.0K Heap: 10832.9M(14336.0M)->3687.4M(14336.0M)]
 [Times: user=0.08 sys=0.00, real=0.02 secs] 
2022-09-14T06:43:02.413-0600: 373410.931: [GC pause (G1 Evacuation Pause) (young) (initial-mark), 0.0320676 secs]
   [Parallel Time: 13.1 ms, GC Workers: 8]
      [GC Worker Start (ms): Min: 373410932.3, Avg: 373410933.1, Max: 373410934.3, Diff: 2.1]
      [Ext Root Scanning (ms): Min: 2.4, Avg: 6.8, Max: 10.5, Diff: 8.2, Sum: 54.2]
      [Update RS (ms): Min: 0.0, Avg: 1.2, Max: 2.4, Diff: 2.4, Sum: 9.2]
         [Processed Buffers: Min: 0, Avg: 5.6, Max: 16, Diff: 16, Sum: 45]
      [Scan RS (ms): Min: 0.0, Avg: 0.0, Max: 0.1, Diff: 0.1, Sum: 0.2]
      [Code Root Scanning (ms): Min: 0.0, Avg: 0.0, Max: 0.0, Diff: 0.0, Sum: 0.0]
      [Object Copy (ms): Min: 0.0, Avg: 1.0, Max: 2.2, Diff: 2.2, Sum: 7.9]
      [Termination (ms): Min: 0.0, Avg: 1.8, Max: 2.9, Diff: 2.9, Sum: 14.7]
         [Termination Attempts: Min: 1, Avg: 2.2, Max: 5, Diff: 4, Sum: 18]
      [GC Worker Other (ms): Min: 0.0, Avg: 0.0, Max: 0.0, Diff: 0.0, Sum: 0.1]
      [GC Worker Total (ms): Min: 9.5, Avg: 10.8, Max: 11.7, Diff: 2.2, Sum: 86.3]
      [GC Worker End (ms): Min: 373410943.8, Avg: 373410943.8, Max: 373410944.0, Diff: 0.2]
   [Code Root Fixup: 0.0 ms]
   [Code Root Purge: 0.0 ms]
   [Clear CT: 0.5 ms]
   [Other: 18.5 ms]
      [Choose CSet: 0.0 ms]
      [Ref Proc: 18.1 ms]
      [Ref Enq: 0.1 ms]
      [Redirty Cards: 0.1 ms]
      [Humongous Register: 0.0 ms]
      [Humongous Reclaim: 0.0 ms]
      [Free CSet: 0.1 ms]
   [Eden: 7152.0M(7152.0M)->0.0B(7152.0M) Survivors: 16384.0K->16384.0K Heap: 10839.4M(14336.0M)->3687.4M(14336.0M)]
 [Times: user=0.13 sys=0.00, real=0.03 secs] 
2022-09-14T06:43:02.445-0600: 373410.963: [GC concurrent-root-region-scan-start]
2022-09-14T06:43:02.452-0600: 373410.970: [GC concurrent-root-region-scan-end, 0.0069212 secs]
2022-09-14T06:43:02.452-0600: 373410.970: [GC concurrent-mark-start]
2022-09-14T06:43:03.748-0600: 373412.266: [GC concurrent-mark-end, 1.2960417 secs]
2022-09-14T06:43:03.749-0600: 373412.266: [GC remark 2022-09-14T06:43:03.749-0600: 373412.266: [Finalize Marking, 0.0244753 secs] 2022-09-14T06:43:03.773-0600: 373412.291: [GC ref-proc, 0.0422301 secs] 2022-09-14T06:43:03.816-0600: 373412.333: [Unloading, 0.0298443 secs], 0.1006134 secs]
 [Times: user=0.36 sys=0.00, real=0.10 secs] 
2022-09-14T06:43:03.849-0600: 373412.367: [GC cleanup 3807M->3807M(14336M), 0.0079260 secs]
 [Times: user=0.03 sys=0.00, real=0.01 secs] 
2022-09-14T06:44:24.129-0600: 373492.647: [GC pause (G1 Evacuation Pause) (young), 0.0474822 secs]
   [Parallel Time: 8.3 ms, GC Workers: 8]
      [GC Worker Start (ms): Min: 373492647.0, Avg: 373492651.6, Max: 373492655.2, Diff: 8.2]
      [Ext Root Scanning (ms): Min: 0.0, Avg: 0.7, Max: 3.1, Diff: 3.1, Sum: 5.9]
      [Update RS (ms): Min: 0.0, Avg: 0.9, Max: 2.1, Diff: 2.1, Sum: 7.6]
         [Processed Buffers: Min: 0, Avg: 5.9, Max: 16, Diff: 16, Sum: 47]
      [Scan RS (ms): Min: 0.0, Avg: 0.0, Max: 0.1, Diff: 0.1, Sum: 0.2]
      [Code Root Scanning (ms): Min: 0.0, Avg: 0.0, Max: 0.0, Diff: 0.0, Sum: 0.0]
      [Object Copy (ms): Min: 0.0, Avg: 0.7, Max: 1.7, Diff: 1.7, Sum: 5.8]
      [Termination (ms): Min: 0.0, Avg: 1.2, Max: 1.8, Diff: 1.8, Sum: 9.8]
         [Termination Attempts: Min: 1, Avg: 1.2, Max: 3, Diff: 2, Sum: 10]
      [GC Worker Other (ms): Min: 0.0, Avg: 0.0, Max: 0.0, Diff: 0.0, Sum: 0.0]
      [GC Worker Total (ms): Min: 0.0, Avg: 3.7, Max: 8.3, Diff: 8.3, Sum: 29.3]
      [GC Worker End (ms): Min: 373492655.3, Avg: 373492655.3, Max: 373492655.3, Diff: 0.0]
   [Code Root Fixup: 0.0 ms]
   [Code Root Purge: 0.0 ms]
   [Clear CT: 0.8 ms]
   [Other: 38.4 ms]
      [Choose CSet: 0.0 ms]
      [Ref Proc: 38.0 ms]
      [Ref Enq: 0.1 ms]
      [Redirty Cards: 0.1 ms]
      [Humongous Register: 0.0 ms]
      [Humongous Reclaim: 0.0 ms]
      [Free CSet: 0.1 ms]
   [Eden: 7152.0M(7152.0M)->0.0B(5712.0M) Survivors: 16384.0K->16384.0K Heap: 10839.4M(14336.0M)->3687.6M(14336.0M)]
 [Times: user=0.13 sys=0.00, real=0.05 secs] 
2022-09-14T06:45:28.877-0600: 373557.395: [GC pause (G1 Evacuation Pause) (mixed), 0.0236406 secs]
   [Parallel Time: 11.9 ms, GC Workers: 8]
      [GC Worker Start (ms): Min: 373557394.7, Avg: 373557399.0, Max: 373557402.4, Diff: 7.6]
      [Ext Root Scanning (ms): Min: 0.0, Avg: 0.8, Max: 3.1, Diff: 3.1, Sum: 6.3]
      [Update RS (ms): Min: 0.0, Avg: 0.9, Max: 2.6, Diff: 2.6, Sum: 7.2]
         [Processed Buffers: Min: 0, Avg: 5.1, Max: 16, Diff: 16, Sum: 41]
      [Scan RS (ms): Min: 0.0, Avg: 0.7, Max: 1.4, Diff: 1.4, Sum: 5.4]
      [Code Root Scanning (ms): Min: 0.0, Avg: 0.0, Max: 0.0, Diff: 0.0, Sum: 0.0]
      [Object Copy (ms): Min: 2.3, Avg: 3.8, Max: 6.0, Diff: 3.6, Sum: 30.2]
      [Termination (ms): Min: 0.0, Avg: 1.3, Max: 1.8, Diff: 1.8, Sum: 10.7]
         [Termination Attempts: Min: 1, Avg: 8.2, Max: 17, Diff: 16, Sum: 66]
      [GC Worker Other (ms): Min: 0.0, Avg: 0.0, Max: 0.0, Diff: 0.0, Sum: 0.0]
      [GC Worker Total (ms): Min: 4.1, Avg: 7.5, Max: 11.7, Diff: 7.7, Sum: 59.8]
      [GC Worker End (ms): Min: 373557406.5, Avg: 373557406.5, Max: 373557406.5, Diff: 0.1]
   [Code Root Fixup: 0.0 ms]
   [Code Root Purge: 0.0 ms]
   [Clear CT: 0.8 ms]
   [Other: 10.9 ms]
      [Choose CSet: 0.0 ms]
      [Ref Proc: 10.4 ms]
      [Ref Enq: 0.1 ms]
      [Redirty Cards: 0.1 ms]
      [Humongous Register: 0.0 ms]
      [Humongous Reclaim: 0.0 ms]
      [Free CSet: 0.1 ms]
   [Eden: 5712.0M(5712.0M)->0.0B(7152.0M) Survivors: 16384.0K->16384.0K Heap: 9399.6M(14336.0M)->3679.8M(14336.0M)]
 [Times: user=0.10 sys=0.00, real=0.03 secs] 
2022-09-14T06:46:49.831-0600: 373638.348: [GC pause (G1 Evacuation Pause) (young), 0.0295497 secs]
   [Parallel Time: 10.5 ms, GC Workers: 8]
      [GC Worker Start (ms): Min: 373638348.5, Avg: 373638352.9, Max: 373638358.9, Diff: 10.4]
      [Ext Root Scanning (ms): Min: 0.0, Avg: 0.8, Max: 2.9, Diff: 2.9, Sum: 6.4]
      [Update RS (ms): Min: 0.0, Avg: 3.6, Max: 7.3, Diff: 7.3, Sum: 28.5]
         [Processed Buffers: Min: 0, Avg: 14.8, Max: 29, Diff: 29, Sum: 118]
      [Scan RS (ms): Min: 0.0, Avg: 0.0, Max: 0.1, Diff: 0.1, Sum: 0.2]
      [Code Root Scanning (ms): Min: 0.0, Avg: 0.0, Max: 0.0, Diff: 0.0, Sum: 0.0]
      [Object Copy (ms): Min: 0.0, Avg: 1.0, Max: 1.7, Diff: 1.7, Sum: 7.8]
      [Termination (ms): Min: 0.0, Avg: 0.6, Max: 0.8, Diff: 0.8, Sum: 5.1]
         [Termination Attempts: Min: 1, Avg: 6.1, Max: 13, Diff: 12, Sum: 49]
      [GC Worker Other (ms): Min: 0.0, Avg: 0.0, Max: 0.0, Diff: 0.0, Sum: 0.0]
      [GC Worker Total (ms): Min: 0.0, Avg: 6.0, Max: 10.5, Diff: 10.5, Sum: 48.1]
      [GC Worker End (ms): Min: 373638358.9, Avg: 373638358.9, Max: 373638358.9, Diff: 0.0]
   [Code Root Fixup: 0.0 ms]
   [Code Root Purge: 0.0 ms]
   [Clear CT: 0.7 ms]
   [Other: 18.3 ms]
      [Choose CSet: 0.0 ms]
      [Ref Proc: 18.0 ms]
      [Ref Enq: 0.1 ms]
      [Redirty Cards: 0.1 ms]
      [Humongous Register: 0.0 ms]
      [Humongous Reclaim: 0.0 ms]
      [Free CSet: 0.1 ms]
   [Eden: 7152.0M(7152.0M)->0.0B(7152.0M) Survivors: 16384.0K->16384.0K Heap: 10831.8M(14336.0M)->3685.6M(14336.0M)]
 [Times: user=0.11 sys=0.01, real=0.03 secs] 
2022-09-14T06:48:10.832-0600: 373719.349: [GC pause (G1 Evacuation Pause) (young) (initial-mark), 0.0414331 secs]
   [Parallel Time: 16.2 ms, GC Workers: 8]
      [GC Worker Start (ms): Min: 373719350.6, Avg: 373719354.8, Max: 373719355.6, Diff: 5.0]
      [Ext Root Scanning (ms): Min: 2.3, Avg: 6.7, Max: 9.6, Diff: 7.3, Sum: 53.6]
      [Update RS (ms): Min: 0.0, Avg: 1.0, Max: 2.7, Diff: 2.7, Sum: 8.0]
         [Processed Buffers: Min: 0, Avg: 5.6, Max: 18, Diff: 18, Sum: 45]
      [Scan RS (ms): Min: 0.0, Avg: 0.0, Max: 0.1, Diff: 0.1, Sum: 0.2]
      [Code Root Scanning (ms): Min: 0.0, Avg: 0.0, Max: 0.0, Diff: 0.0, Sum: 0.0]
      [Object Copy (ms): Min: 0.0, Avg: 0.9, Max: 2.0, Diff: 2.0, Sum: 7.3]
      [Termination (ms): Min: 0.0, Avg: 1.8, Max: 3.3, Diff: 3.3, Sum: 14.5]
         [Termination Attempts: Min: 1, Avg: 3.2, Max: 10, Diff: 9, Sum: 26]
      [GC Worker Other (ms): Min: 0.0, Avg: 0.0, Max: 0.0, Diff: 0.0, Sum: 0.1]
      [GC Worker Total (ms): Min: 9.6, Avg: 10.5, Max: 14.7, Diff: 5.1, Sum: 83.7]
      [GC Worker End (ms): Min: 373719365.2, Avg: 373719365.2, Max: 373719365.3, Diff: 0.2]
   [Code Root Fixup: 0.0 ms]
   [Code Root Purge: 0.0 ms]
   [Clear CT: 0.8 ms]
   [Other: 24.3 ms]
      [Choose CSet: 0.0 ms]
      [Ref Proc: 23.9 ms]
      [Ref Enq: 0.1 ms]
      [Redirty Cards: 0.1 ms]
      [Humongous Register: 0.0 ms]
      [Humongous Reclaim: 0.0 ms]
      [Free CSet: 0.1 ms]
   [Eden: 7152.0M(7152.0M)->0.0B(7152.0M) Survivors: 16384.0K->16384.0K Heap: 10837.6M(14336.0M)->3688.2M(14336.0M)]
 [Times: user=0.14 sys=0.00, real=0.05 secs] 
2022-09-14T06:48:10.873-0600: 373719.391: [GC concurrent-root-region-scan-start]
2022-09-14T06:48:10.878-0600: 373719.396: [GC concurrent-root-region-scan-end, 0.0053938 secs]
2022-09-14T06:48:10.878-0600: 373719.396: [GC concurrent-mark-start]
2022-09-14T06:48:12.159-0600: 373720.676: [GC concurrent-mark-end, 1.2802999 secs]
2022-09-14T06:48:12.159-0600: 373720.677: [GC remark 2022-09-14T06:48:12.159-0600: 373720.677: [Finalize Marking, 0.0028217 secs] 2022-09-14T06:48:12.162-0600: 373720.679: [GC ref-proc, 0.0332997 secs] 2022-09-14T06:48:12.195-0600: 373720.713: [Unloading, 0.0249430 secs], 0.0671997 secs]
 [Times: user=0.29 sys=0.00, real=0.07 secs] 
2022-09-14T06:48:12.226-0600: 373720.744: [GC cleanup 3848M->3848M(14336M), 0.0078551 secs]
 [Times: user=0.02 sys=0.00, real=0.01 secs] 
2022-09-14T06:49:32.324-0600: 373800.842: [GC pause (G1 Evacuation Pause) (young), 0.0342407 secs]
   [Parallel Time: 4.5 ms, GC Workers: 8]
      [GC Worker Start (ms): Min: 373800842.2, Avg: 373800842.9, Max: 373800846.6, Diff: 4.4]
      [Ext Root Scanning (ms): Min: 0.0, Avg: 1.0, Max: 3.8, Diff: 3.8, Sum: 7.8]
      [Update RS (ms): Min: 0.0, Avg: 1.3, Max: 2.0, Diff: 2.0, Sum: 10.2]
         [Processed Buffers: Min: 0, Avg: 5.9, Max: 11, Diff: 11, Sum: 47]
      [Scan RS (ms): Min: 0.0, Avg: 0.0, Max: 0.1, Diff: 0.1, Sum: 0.2]
      [Code Root Scanning (ms): Min: 0.0, Avg: 0.0, Max: 0.0, Diff: 0.0, Sum: 0.0]
      [Object Copy (ms): Min: 0.0, Avg: 0.9, Max: 1.3, Diff: 1.3, Sum: 7.3]
      [Termination (ms): Min: 0.0, Avg: 0.6, Max: 0.7, Diff: 0.7, Sum: 4.5]
         [Termination Attempts: Min: 1, Avg: 10.8, Max: 19, Diff: 18, Sum: 86]
      [GC Worker Other (ms): Min: 0.0, Avg: 0.0, Max: 0.0, Diff: 0.0, Sum: 0.0]
      [GC Worker Total (ms): Min: 0.0, Avg: 3.8, Max: 4.4, Diff: 4.4, Sum: 30.0]
      [GC Worker End (ms): Min: 373800846.6, Avg: 373800846.6, Max: 373800846.6, Diff: 0.0]
   [Code Root Fixup: 0.0 ms]
   [Code Root Purge: 0.0 ms]
   [Clear CT: 0.8 ms]
   [Other: 29.0 ms]
      [Choose CSet: 0.0 ms]
      [Ref Proc: 28.5 ms]
      [Ref Enq: 0.1 ms]
      [Redirty Cards: 0.1 ms]
      [Humongous Register: 0.0 ms]
      [Humongous Reclaim: 0.0 ms]
      [Free CSet: 0.2 ms]
   [Eden: 7152.0M(7152.0M)->0.0B(5712.0M) Survivors: 16384.0K->16384.0K Heap: 10840.2M(14336.0M)->3687.5M(14336.0M)]
 [Times: user=0.11 sys=0.00, real=0.03 secs] 
2022-09-14T06:50:37.873-0600: 373866.391: [GC pause (G1 Evacuation Pause) (mixed), 0.0262973 secs]
   [Parallel Time: 10.0 ms, GC Workers: 8]
      [GC Worker Start (ms): Min: 373866390.8, Avg: 373866394.2, Max: 373866398.7, Diff: 7.9]
      [Ext Root Scanning (ms): Min: 0.0, Avg: 0.8, Max: 3.2, Diff: 3.1, Sum: 6.2]
      [Update RS (ms): Min: 0.0, Avg: 0.9, Max: 2.5, Diff: 2.5, Sum: 7.2]
         [Processed Buffers: Min: 0, Avg: 5.1, Max: 15, Diff: 15, Sum: 41]
      [Scan RS (ms): Min: 0.2, Avg: 1.4, Max: 5.6, Diff: 5.5, Sum: 11.5]
      [Code Root Scanning (ms): Min: 0.0, Avg: 0.0, Max: 0.0, Diff: 0.0, Sum: 0.0]
      [Object Copy (ms): Min: 0.0, Avg: 2.7, Max: 4.2, Diff: 4.2, Sum: 21.7]
      [Termination (ms): Min: 0.0, Avg: 0.5, Max: 0.9, Diff: 0.9, Sum: 4.3]
         [Termination Attempts: Min: 1, Avg: 5.4, Max: 11, Diff: 10, Sum: 43]
      [GC Worker Other (ms): Min: 0.0, Avg: 0.0, Max: 0.0, Diff: 0.0, Sum: 0.0]
      [GC Worker Total (ms): Min: 1.9, Avg: 6.4, Max: 9.9, Diff: 8.0, Sum: 51.0]
      [GC Worker End (ms): Min: 373866400.6, Avg: 373866400.6, Max: 373866400.7, Diff: 0.1]
   [Code Root Fixup: 0.0 ms]
   [Code Root Purge: 0.0 ms]
   [Clear CT: 0.6 ms]
   [Other: 15.7 ms]
      [Choose CSet: 0.0 ms]
      [Ref Proc: 15.3 ms]
      [Ref Enq: 0.1 ms]
      [Redirty Cards: 0.1 ms]
      [Humongous Register: 0.0 ms]
      [Humongous Reclaim: 0.0 ms]
      [Free CSet: 0.1 ms]
   [Eden: 5712.0M(5712.0M)->0.0B(7152.0M) Survivors: 16384.0K->16384.0K Heap: 9399.5M(14336.0M)->3680.1M(14336.0M)]
 [Times: user=0.10 sys=0.00, real=0.02 secs] 
2022-09-14T06:51:57.626-0600: 373946.144: [GC pause (G1 Evacuation Pause) (young), 0.0282753 secs]
   [Parallel Time: 10.2 ms, GC Workers: 8]
      [GC Worker Start (ms): Min: 373946144.0, Avg: 373946148.5, Max: 373946154.0, Diff: 10.0]
      [Ext Root Scanning (ms): Min: 0.0, Avg: 0.8, Max: 2.8, Diff: 2.8, Sum: 6.2]
      [Update RS (ms): Min: 0.0, Avg: 2.9, Max: 4.7, Diff: 4.7, Sum: 23.4]
         [Processed Buffers: Min: 0, Avg: 15.0, Max: 35, Diff: 35, Sum: 120]
      [Scan RS (ms): Min: 0.0, Avg: 0.0, Max: 0.1, Diff: 0.1, Sum: 0.2]
      [Code Root Scanning (ms): Min: 0.0, Avg: 0.0, Max: 0.0, Diff: 0.0, Sum: 0.0]
      [Object Copy (ms): Min: 0.0, Avg: 0.9, Max: 1.7, Diff: 1.7, Sum: 7.4]
      [Termination (ms): Min: 0.0, Avg: 0.9, Max: 1.3, Diff: 1.3, Sum: 7.4]
         [Termination Attempts: Min: 1, Avg: 3.6, Max: 7, Diff: 6, Sum: 29]
      [GC Worker Other (ms): Min: 0.0, Avg: 0.0, Max: 0.0, Diff: 0.0, Sum: 0.0]
      [GC Worker Total (ms): Min: 0.0, Avg: 5.6, Max: 10.1, Diff: 10.1, Sum: 44.7]
      [GC Worker End (ms): Min: 373946154.1, Avg: 373946154.1, Max: 373946154.1, Diff: 0.1]
   [Code Root Fixup: 0.0 ms]
   [Code Root Purge: 0.0 ms]
   [Clear CT: 0.8 ms]
   [Other: 17.2 ms]
      [Choose CSet: 0.0 ms]
      [Ref Proc: 16.8 ms]
      [Ref Enq: 0.1 ms]
      [Redirty Cards: 0.1 ms]
      [Humongous Register: 0.0 ms]
      [Humongous Reclaim: 0.0 ms]
      [Free CSet: 0.1 ms]
   [Eden: 7152.0M(7152.0M)->0.0B(7152.0M) Survivors: 16384.0K->16384.0K Heap: 10832.1M(14336.0M)->3684.5M(14336.0M)]
 [Times: user=0.11 sys=0.00, real=0.03 secs] 
2022-09-14T06:53:18.376-0600: 374026.893: [GC pause (G1 Evacuation Pause) (young) (initial-mark), 0.0317282 secs]
   [Parallel Time: 17.4 ms, GC Workers: 8]
      [GC Worker Start (ms): Min: 374026894.6, Avg: 374026897.1, Max: 374026898.0, Diff: 3.5]
      [Ext Root Scanning (ms): Min: 2.1, Avg: 6.5, Max: 10.7, Diff: 8.6, Sum: 51.8]
      [Update RS (ms): Min: 0.0, Avg: 1.2, Max: 2.6, Diff: 2.6, Sum: 9.2]
         [Processed Buffers: Min: 0, Avg: 5.4, Max: 14, Diff: 14, Sum: 43]
      [Scan RS (ms): Min: 0.0, Avg: 0.0, Max: 0.1, Diff: 0.1, Sum: 0.2]
      [Code Root Scanning (ms): Min: 0.0, Avg: 0.0, Max: 0.0, Diff: 0.0, Sum: 0.0]
      [Object Copy (ms): Min: 0.0, Avg: 0.9, Max: 2.0, Diff: 2.0, Sum: 7.4]
      [Termination (ms): Min: 0.0, Avg: 3.0, Max: 4.4, Diff: 4.4, Sum: 24.1]
         [Termination Attempts: Min: 1, Avg: 2.0, Max: 4, Diff: 3, Sum: 16]
      [GC Worker Other (ms): Min: 0.0, Avg: 0.0, Max: 0.0, Diff: 0.0, Sum: 0.0]
      [GC Worker Total (ms): Min: 10.7, Avg: 11.6, Max: 14.3, Diff: 3.6, Sum: 92.8]
      [GC Worker End (ms): Min: 374026908.7, Avg: 374026908.7, Max: 374026908.9, Diff: 0.2]
   [Code Root Fixup: 0.0 ms]
   [Code Root Purge: 0.0 ms]
   [Clear CT: 0.6 ms]
   [Other: 13.8 ms]
      [Choose CSet: 0.0 ms]
      [Ref Proc: 13.4 ms]
      [Ref Enq: 0.1 ms]
      [Redirty Cards: 0.1 ms]
      [Humongous Register: 0.0 ms]
      [Humongous Reclaim: 0.0 ms]
      [Free CSet: 0.1 ms]
   [Eden: 7152.0M(7152.0M)->0.0B(7152.0M) Survivors: 16384.0K->16384.0K Heap: 10836.5M(14336.0M)->3687.6M(14336.0M)]
 [Times: user=0.10 sys=0.00, real=0.03 secs] 
2022-09-14T06:53:18.407-0600: 374026.925: [GC concurrent-root-region-scan-start]
2022-09-14T06:53:18.413-0600: 374026.931: [GC concurrent-root-region-scan-end, 0.0058672 secs]
2022-09-14T06:53:18.413-0600: 374026.931: [GC concurrent-mark-start]
2022-09-14T06:53:19.759-0600: 374028.277: [GC concurrent-mark-end, 1.3460963 secs]
2022-09-14T06:53:19.759-0600: 374028.277: [GC remark 2022-09-14T06:53:19.760-0600: 374028.277: [Finalize Marking, 0.0035069 secs] 2022-09-14T06:53:19.763-0600: 374028.281: [GC ref-proc, 0.0285412 secs] 2022-09-14T06:53:19.792-0600: 374028.309: [Unloading, 0.0304150 secs], 0.0666822 secs]
 [Times: user=0.26 sys=0.00, real=0.07 secs] 
2022-09-14T06:53:19.826-0600: 374028.344: [GC cleanup 3815M->3815M(14336M), 0.0070164 secs]
 [Times: user=0.03 sys=0.00, real=0.01 secs] 
2022-09-14T06:54:39.541-0600: 374108.059: [GC pause (G1 Evacuation Pause) (young), 0.0352196 secs]
   [Parallel Time: 6.1 ms, GC Workers: 8]
      [GC Worker Start (ms): Min: 374108058.7, Avg: 374108061.6, Max: 374108064.7, Diff: 6.0]
      [Ext Root Scanning (ms): Min: 0.0, Avg: 0.8, Max: 2.9, Diff: 2.9, Sum: 6.3]
      [Update RS (ms): Min: 0.0, Avg: 1.1, Max: 2.5, Diff: 2.5, Sum: 8.8]
         [Processed Buffers: Min: 0, Avg: 6.2, Max: 17, Diff: 17, Sum: 50]
      [Scan RS (ms): Min: 0.0, Avg: 0.0, Max: 0.1, Diff: 0.1, Sum: 0.2]
      [Code Root Scanning (ms): Min: 0.0, Avg: 0.0, Max: 0.0, Diff: 0.0, Sum: 0.0]
      [Object Copy (ms): Min: 0.0, Avg: 0.8, Max: 1.4, Diff: 1.4, Sum: 6.3]
      [Termination (ms): Min: 0.0, Avg: 0.4, Max: 0.7, Diff: 0.7, Sum: 3.4]
         [Termination Attempts: Min: 1, Avg: 1.2, Max: 2, Diff: 1, Sum: 10]
      [GC Worker Other (ms): Min: 0.0, Avg: 0.0, Max: 0.0, Diff: 0.0, Sum: 0.0]
      [GC Worker Total (ms): Min: 0.0, Avg: 3.1, Max: 6.0, Diff: 6.0, Sum: 25.1]
      [GC Worker End (ms): Min: 374108064.7, Avg: 374108064.7, Max: 374108064.8, Diff: 0.1]
   [Code Root Fixup: 0.0 ms]
   [Code Root Purge: 0.0 ms]
   [Clear CT: 0.5 ms]
   [Other: 28.6 ms]
      [Choose CSet: 0.0 ms]
      [Ref Proc: 28.2 ms]
      [Ref Enq: 0.1 ms]
      [Redirty Cards: 0.1 ms]
      [Humongous Register: 0.0 ms]
      [Humongous Reclaim: 0.0 ms]
      [Free CSet: 0.1 ms]
   [Eden: 7152.0M(7152.0M)->0.0B(5712.0M) Survivors: 16384.0K->16384.0K Heap: 10839.6M(14336.0M)->3686.6M(14336.0M)]
 [Times: user=0.14 sys=0.00, real=0.03 secs] 
2022-09-14T06:55:43.867-0600: 374172.385: [GC pause (G1 Evacuation Pause) (mixed), 0.0394022 secs]
   [Parallel Time: 10.1 ms, GC Workers: 8]
      [GC Worker Start (ms): Min: 374172385.1, Avg: 374172389.1, Max: 374172395.0, Diff: 9.9]
      [Ext Root Scanning (ms): Min: 0.0, Avg: 0.9, Max: 3.2, Diff: 3.2, Sum: 6.9]
      [Update RS (ms): Min: 0.0, Avg: 1.0, Max: 2.3, Diff: 2.3, Sum: 7.7]
         [Processed Buffers: Min: 0, Avg: 5.6, Max: 18, Diff: 18, Sum: 45]
      [Scan RS (ms): Min: 0.0, Avg: 0.8, Max: 1.5, Diff: 1.5, Sum: 6.7]
      [Code Root Scanning (ms): Min: 0.0, Avg: 0.0, Max: 0.0, Diff: 0.0, Sum: 0.0]
      [Object Copy (ms): Min: 0.0, Avg: 2.7, Max: 3.6, Diff: 3.6, Sum: 21.4]
      [Termination (ms): Min: 0.0, Avg: 0.6, Max: 0.7, Diff: 0.7, Sum: 4.6]
         [Termination Attempts: Min: 1, Avg: 27.0, Max: 44, Diff: 43, Sum: 216]
      [GC Worker Other (ms): Min: 0.0, Avg: 0.0, Max: 0.0, Diff: 0.0, Sum: 0.1]
      [GC Worker Total (ms): Min: 0.0, Avg: 5.9, Max: 9.9, Diff: 9.9, Sum: 47.3]
      [GC Worker End (ms): Min: 374172395.0, Avg: 374172395.0, Max: 374172395.0, Diff: 0.0]
   [Code Root Fixup: 0.0 ms]
   [Code Root Purge: 0.0 ms]
   [Clear CT: 0.8 ms]
   [Other: 28.5 ms]
      [Choose CSet: 0.0 ms]
      [Ref Proc: 28.0 ms]
      [Ref Enq: 0.1 ms]
      [Redirty Cards: 0.2 ms]
      [Humongous Register: 0.0 ms]
      [Humongous Reclaim: 0.0 ms]
      [Free CSet: 0.1 ms]
   [Eden: 5712.0M(5712.0M)->0.0B(7152.0M) Survivors: 16384.0K->16384.0K Heap: 9398.6M(14336.0M)->3680.9M(14336.0M)]
 [Times: user=0.14 sys=0.00, real=0.04 secs] 
2022-09-14T06:57:03.178-0600: 374251.695: [GC pause (G1 Evacuation Pause) (young), 0.0439977 secs]
   [Parallel Time: 9.0 ms, GC Workers: 8]
      [GC Worker Start (ms): Min: 374251695.4, Avg: 374251698.8, Max: 374251704.2, Diff: 8.9]
      [Ext Root Scanning (ms): Min: 0.0, Avg: 0.8, Max: 2.9, Diff: 2.9, Sum: 6.3]
      [Update RS (ms): Min: 0.0, Avg: 2.7, Max: 5.1, Diff: 5.1, Sum: 21.2]
         [Processed Buffers: Min: 0, Avg: 15.5, Max: 32, Diff: 32, Sum: 124]
      [Scan RS (ms): Min: 0.0, Avg: 0.0, Max: 0.1, Diff: 0.1, Sum: 0.2]
      [Code Root Scanning (ms): Min: 0.0, Avg: 0.0, Max: 0.0, Diff: 0.0, Sum: 0.0]
      [Object Copy (ms): Min: 0.0, Avg: 1.0, Max: 1.5, Diff: 1.5, Sum: 8.3]
      [Termination (ms): Min: 0.0, Avg: 1.0, Max: 1.2, Diff: 1.2, Sum: 8.0]
         [Termination Attempts: Min: 1, Avg: 1.0, Max: 1, Diff: 0, Sum: 8]
      [GC Worker Other (ms): Min: 0.0, Avg: 0.0, Max: 0.0, Diff: 0.0, Sum: 0.1]
      [GC Worker Total (ms): Min: 0.0, Avg: 5.5, Max: 8.9, Diff: 8.9, Sum: 44.1]
      [GC Worker End (ms): Min: 374251704.2, Avg: 374251704.3, Max: 374251704.3, Diff: 0.1]
   [Code Root Fixup: 0.0 ms]
   [Code Root Purge: 0.0 ms]
   [Clear CT: 0.7 ms]
   [Other: 34.3 ms]
      [Choose CSet: 0.0 ms]
      [Ref Proc: 33.9 ms]
      [Ref Enq: 0.1 ms]
      [Redirty Cards: 0.1 ms]
      [Humongous Register: 0.0 ms]
      [Humongous Reclaim: 0.0 ms]
      [Free CSet: 0.1 ms]
   [Eden: 7152.0M(7152.0M)->0.0B(7152.0M) Survivors: 16384.0K->16384.0K Heap: 10832.9M(14336.0M)->3688.4M(14336.0M)]
 [Times: user=0.16 sys=0.00, real=0.05 secs] 
2022-09-14T06:58:23.637-0600: 374332.155: [GC pause (G1 Evacuation Pause) (young) (initial-mark), 0.0390192 secs]
   [Parallel Time: 13.6 ms, GC Workers: 8]
      [GC Worker Start (ms): Min: 374332156.5, Avg: 374332158.7, Max: 374332159.7, Diff: 3.2]
      [Ext Root Scanning (ms): Min: 2.4, Avg: 5.8, Max: 8.8, Diff: 6.4, Sum: 46.3]
      [Update RS (ms): Min: 0.0, Avg: 1.0, Max: 2.0, Diff: 2.0, Sum: 7.8]
         [Processed Buffers: Min: 0, Avg: 5.5, Max: 16, Diff: 16, Sum: 44]
      [Scan RS (ms): Min: 0.0, Avg: 0.0, Max: 0.1, Diff: 0.1, Sum: 0.2]
      [Code Root Scanning (ms): Min: 0.0, Avg: 0.0, Max: 0.0, Diff: 0.0, Sum: 0.0]
      [Object Copy (ms): Min: 0.0, Avg: 1.0, Max: 1.8, Diff: 1.8, Sum: 8.1]
      [Termination (ms): Min: 0.0, Avg: 2.0, Max: 2.9, Diff: 2.9, Sum: 16.3]
         [Termination Attempts: Min: 1, Avg: 3.5, Max: 7, Diff: 6, Sum: 28]
      [GC Worker Other (ms): Min: 0.0, Avg: 0.0, Max: 0.0, Diff: 0.0, Sum: 0.1]
      [GC Worker Total (ms): Min: 8.8, Avg: 9.8, Max: 12.1, Diff: 3.3, Sum: 78.7]
      [GC Worker End (ms): Min: 374332168.5, Avg: 374332168.6, Max: 374332168.7, Diff: 0.1]
   [Code Root Fixup: 0.0 ms]
   [Code Root Purge: 0.0 ms]
   [Clear CT: 0.7 ms]
   [Other: 24.7 ms]
      [Choose CSet: 0.0 ms]
      [Ref Proc: 24.3 ms]
      [Ref Enq: 0.1 ms]
      [Redirty Cards: 0.1 ms]
      [Humongous Register: 0.0 ms]
      [Humongous Reclaim: 0.0 ms]
      [Free CSet: 0.1 ms]
   [Eden: 7152.0M(7152.0M)->0.0B(7152.0M) Survivors: 16384.0K->16384.0K Heap: 10840.4M(14336.0M)->3687.8M(14336.0M)]
 [Times: user=0.12 sys=0.00, real=0.04 secs] 
2022-09-14T06:58:23.677-0600: 374332.194: [GC concurrent-root-region-scan-start]
2022-09-14T06:58:23.683-0600: 374332.200: [GC concurrent-root-region-scan-end, 0.0059297 secs]
2022-09-14T06:58:23.683-0600: 374332.200: [GC concurrent-mark-start]
2022-09-14T06:58:25.033-0600: 374333.551: [GC concurrent-mark-end, 1.3506552 secs]
2022-09-14T06:58:25.033-0600: 374333.551: [GC remark 2022-09-14T06:58:25.033-0600: 374333.551: [Finalize Marking, 0.0036495 secs] 2022-09-14T06:58:25.037-0600: 374333.555: [GC ref-proc, 0.0243746 secs] 2022-09-14T06:58:25.061-0600: 374333.579: [Unloading, 0.0265153 secs], 0.0586312 secs]
 [Times: user=0.28 sys=0.00, real=0.05 secs] 
2022-09-14T06:58:25.092-0600: 374333.610: [GC cleanup 3840M->3840M(14336M), 0.0112261 secs]
 [Times: user=0.03 sys=0.00, real=0.02 secs] 
2022-09-14T06:59:43.775-0600: 374412.292: [GC pause (G1 Evacuation Pause) (young), 0.0322906 secs]
   [Parallel Time: 5.6 ms, GC Workers: 8]
      [GC Worker Start (ms): Min: 374412292.5, Avg: 374412294.4, Max: 374412298.0, Diff: 5.5]
      [Ext Root Scanning (ms): Min: 0.0, Avg: 0.9, Max: 3.4, Diff: 3.4, Sum: 7.3]
      [Update RS (ms): Min: 0.0, Avg: 1.3, Max: 2.1, Diff: 2.1, Sum: 10.1]
         [Processed Buffers: Min: 0, Avg: 6.6, Max: 13, Diff: 13, Sum: 53]
      [Scan RS (ms): Min: 0.0, Avg: 0.0, Max: 0.1, Diff: 0.1, Sum: 0.2]
      [Code Root Scanning (ms): Min: 0.0, Avg: 0.0, Max: 0.0, Diff: 0.0, Sum: 0.0]
      [Object Copy (ms): Min: 0.0, Avg: 1.0, Max: 1.4, Diff: 1.4, Sum: 7.6]
      [Termination (ms): Min: 0.0, Avg: 0.5, Max: 0.6, Diff: 0.6, Sum: 3.7]
         [Termination Attempts: Min: 1, Avg: 5.8, Max: 11, Diff: 10, Sum: 46]
      [GC Worker Other (ms): Min: 0.0, Avg: 0.0, Max: 0.0, Diff: 0.0, Sum: 0.0]
      [GC Worker Total (ms): Min: 0.0, Avg: 3.6, Max: 5.5, Diff: 5.5, Sum: 29.1]
      [GC Worker End (ms): Min: 374412298.0, Avg: 374412298.0, Max: 374412298.0, Diff: 0.0]
   [Code Root Fixup: 0.0 ms]
   [Code Root Purge: 0.0 ms]
   [Clear CT: 0.7 ms]
   [Other: 25.9 ms]
      [Choose CSet: 0.0 ms]
      [Ref Proc: 25.6 ms]
      [Ref Enq: 0.1 ms]
      [Redirty Cards: 0.1 ms]
      [Humongous Register: 0.0 ms]
      [Humongous Reclaim: 0.0 ms]
      [Free CSet: 0.1 ms]
   [Eden: 7152.0M(7152.0M)->0.0B(5712.0M) Survivors: 16384.0K->16384.0K Heap: 10839.8M(14336.0M)->3689.1M(14336.0M)]
 [Times: user=0.14 sys=0.00, real=0.03 secs] 
2022-09-14T07:00:46.229-0600: 374474.746: [GC pause (GCLocker Initiated GC) (mixed), 0.0430985 secs]
   [Parallel Time: 11.0 ms, GC Workers: 8]
      [GC Worker Start (ms): Min: 374474746.4, Avg: 374474750.8, Max: 374474757.1, Diff: 10.7]
      [Ext Root Scanning (ms): Min: 0.0, Avg: 0.8, Max: 3.2, Diff: 3.2, Sum: 6.7]
      [Update RS (ms): Min: 0.0, Avg: 1.0, Max: 2.4, Diff: 2.4, Sum: 7.7]
         [Processed Buffers: Min: 0, Avg: 5.6, Max: 19, Diff: 19, Sum: 45]
      [Scan RS (ms): Min: 0.0, Avg: 0.8, Max: 1.4, Diff: 1.4, Sum: 6.6]
      [Code Root Scanning (ms): Min: 0.0, Avg: 0.0, Max: 0.0, Diff: 0.0, Sum: 0.1]
      [Object Copy (ms): Min: 0.0, Avg: 2.4, Max: 4.0, Diff: 4.0, Sum: 19.2]
      [Termination (ms): Min: 0.0, Avg: 1.4, Max: 1.9, Diff: 1.9, Sum: 10.9]
         [Termination Attempts: Min: 1, Avg: 2.9, Max: 6, Diff: 5, Sum: 23]
      [GC Worker Other (ms): Min: 0.0, Avg: 0.0, Max: 0.0, Diff: 0.0, Sum: 0.0]
      [GC Worker Total (ms): Min: 0.0, Avg: 6.4, Max: 10.9, Diff: 10.9, Sum: 51.3]
      [GC Worker End (ms): Min: 374474757.2, Avg: 374474757.2, Max: 374474757.3, Diff: 0.2]
   [Code Root Fixup: 0.0 ms]
   [Code Root Purge: 0.0 ms]
   [Clear CT: 0.8 ms]
   [Other: 31.3 ms]
      [Choose CSet: 0.0 ms]
      [Ref Proc: 30.9 ms]
      [Ref Enq: 0.1 ms]
      [Redirty Cards: 0.1 ms]
      [Humongous Register: 0.0 ms]
      [Humongous Reclaim: 0.0 ms]
      [Free CSet: 0.1 ms]
   [Eden: 5728.0M(5712.0M)->0.0B(7152.0M) Survivors: 16384.0K->16384.0K Heap: 9409.1M(14336.0M)->3683.0M(14336.0M)]
 [Times: user=0.18 sys=0.00, real=0.04 secs] 
2022-09-14T07:02:06.971-0600: 374555.488: [GC pause (G1 Evacuation Pause) (young), 0.0258776 secs]
   [Parallel Time: 7.9 ms, GC Workers: 8]
      [GC Worker Start (ms): Min: 374555488.5, Avg: 374555490.4, Max: 374555494.3, Diff: 5.8]
      [Ext Root Scanning (ms): Min: 0.0, Avg: 0.8, Max: 3.0, Diff: 3.0, Sum: 6.4]
      [Update RS (ms): Min: 0.0, Avg: 3.4, Max: 6.1, Diff: 6.1, Sum: 26.9]
         [Processed Buffers: Min: 0, Avg: 15.8, Max: 32, Diff: 32, Sum: 126]
      [Scan RS (ms): Min: 0.0, Avg: 0.0, Max: 0.1, Diff: 0.1, Sum: 0.2]
      [Code Root Scanning (ms): Min: 0.0, Avg: 0.0, Max: 0.0, Diff: 0.0, Sum: 0.0]
      [Object Copy (ms): Min: 0.0, Avg: 1.2, Max: 1.6, Diff: 1.6, Sum: 9.7]
      [Termination (ms): Min: 0.0, Avg: 0.5, Max: 0.6, Diff: 0.6, Sum: 4.4]
         [Termination Attempts: Min: 1, Avg: 18.2, Max: 27, Diff: 26, Sum: 146]
      [GC Worker Other (ms): Min: 0.0, Avg: 0.0, Max: 0.0, Diff: 0.0, Sum: 0.0]
      [GC Worker Total (ms): Min: 2.1, Avg: 6.0, Max: 7.9, Diff: 5.8, Sum: 47.7]
      [GC Worker End (ms): Min: 374555496.4, Avg: 374555496.4, Max: 374555496.4, Diff: 0.0]
   [Code Root Fixup: 0.0 ms]
   [Code Root Purge: 0.0 ms]
   [Clear CT: 0.6 ms]
   [Other: 17.4 ms]
      [Choose CSet: 0.0 ms]
      [Ref Proc: 17.0 ms]
      [Ref Enq: 0.1 ms]
      [Redirty Cards: 0.1 ms]
      [Humongous Register: 0.0 ms]
      [Humongous Reclaim: 0.0 ms]
      [Free CSet: 0.1 ms]
   [Eden: 7152.0M(7152.0M)->0.0B(7152.0M) Survivors: 16384.0K->16384.0K Heap: 10835.0M(14336.0M)->3690.4M(14336.0M)]
 [Times: user=0.11 sys=0.00, real=0.03 secs] 
2022-09-14T07:03:28.288-0600: 374636.806: [GC pause (G1 Evacuation Pause) (young) (initial-mark), 0.0443881 secs]
   [Parallel Time: 20.5 ms, GC Workers: 8]
      [GC Worker Start (ms): Min: 374636807.2, Avg: 374636811.3, Max: 374636812.1, Diff: 5.0]
      [Ext Root Scanning (ms): Min: 1.3, Avg: 10.2, Max: 15.1, Diff: 13.8, Sum: 81.6]
      [Update RS (ms): Min: 0.0, Avg: 1.2, Max: 5.7, Diff: 5.7, Sum: 9.6]
         [Processed Buffers: Min: 0, Avg: 6.2, Max: 32, Diff: 32, Sum: 50]
      [Scan RS (ms): Min: 0.0, Avg: 0.0, Max: 0.1, Diff: 0.1, Sum: 0.2]
      [Code Root Scanning (ms): Min: 0.0, Avg: 0.0, Max: 0.0, Diff: 0.0, Sum: 0.0]
      [Object Copy (ms): Min: 0.0, Avg: 2.3, Max: 7.4, Diff: 7.4, Sum: 18.6]
      [Termination (ms): Min: 0.0, Avg: 1.3, Max: 2.3, Diff: 2.3, Sum: 10.4]
         [Termination Attempts: Min: 1, Avg: 3.9, Max: 9, Diff: 8, Sum: 31]
      [GC Worker Other (ms): Min: 0.0, Avg: 0.0, Max: 0.0, Diff: 0.0, Sum: 0.1]
      [GC Worker Total (ms): Min: 14.2, Avg: 15.1, Max: 19.2, Diff: 5.0, Sum: 120.5]
      [GC Worker End (ms): Min: 374636826.3, Avg: 374636826.3, Max: 374636826.3, Diff: 0.0]
   [Code Root Fixup: 0.0 ms]
   [Code Root Purge: 0.0 ms]
   [Clear CT: 0.8 ms]
   [Other: 23.1 ms]
      [Choose CSet: 0.0 ms]
      [Ref Proc: 22.6 ms]
      [Ref Enq: 0.1 ms]
      [Redirty Cards: 0.1 ms]
      [Humongous Register: 0.0 ms]
      [Humongous Reclaim: 0.0 ms]
      [Free CSet: 0.2 ms]
   [Eden: 7152.0M(7152.0M)->0.0B(7152.0M) Survivors: 16384.0K->16384.0K Heap: 10842.4M(14336.0M)->3689.8M(14336.0M)]
 [Times: user=0.13 sys=0.00, real=0.05 secs] 
2022-09-14T07:03:28.333-0600: 374636.850: [GC concurrent-root-region-scan-start]
2022-09-14T07:03:28.339-0600: 374636.856: [GC concurrent-root-region-scan-end, 0.0061605 secs]
2022-09-14T07:03:28.339-0600: 374636.856: [GC concurrent-mark-start]
2022-09-14T07:03:29.643-0600: 374638.160: [GC concurrent-mark-end, 1.3039631 secs]
2022-09-14T07:03:29.643-0600: 374638.161: [GC remark 2022-09-14T07:03:29.643-0600: 374638.161: [Finalize Marking, 0.0019303 secs] 2022-09-14T07:03:29.645-0600: 374638.163: [GC ref-proc, 0.0348560 secs] 2022-09-14T07:03:29.680-0600: 374638.197: [Unloading, 0.0293422 secs], 0.0720246 secs]
 [Times: user=0.32 sys=0.00, real=0.07 secs] 
2022-09-14T07:03:29.715-0600: 374638.233: [GC cleanup 3873M->3873M(14336M), 0.0085505 secs]
 [Times: user=0.03 sys=0.00, real=0.01 secs] 
2022-09-14T07:04:49.324-0600: 374717.842: [GC pause (G1 Evacuation Pause) (young), 0.0209006 secs]
   [Parallel Time: 6.1 ms, GC Workers: 8]
      [GC Worker Start (ms): Min: 374717841.8, Avg: 374717844.2, Max: 374717846.4, Diff: 4.6]
      [Ext Root Scanning (ms): Min: 0.0, Avg: 0.8, Max: 3.3, Diff: 3.3, Sum: 6.7]
      [Update RS (ms): Min: 0.0, Avg: 1.0, Max: 2.5, Diff: 2.5, Sum: 7.7]
         [Processed Buffers: Min: 0, Avg: 5.8, Max: 19, Diff: 19, Sum: 46]
      [Scan RS (ms): Min: 0.0, Avg: 0.0, Max: 0.1, Diff: 0.1, Sum: 0.2]
      [Code Root Scanning (ms): Min: 0.0, Avg: 0.0, Max: 0.0, Diff: 0.0, Sum: 0.0]
      [Object Copy (ms): Min: 0.8, Avg: 1.3, Max: 2.2, Diff: 1.3, Sum: 10.4]
      [Termination (ms): Min: 0.0, Avg: 0.5, Max: 0.6, Diff: 0.6, Sum: 4.1]
         [Termination Attempts: Min: 1, Avg: 8.2, Max: 12, Diff: 11, Sum: 66]
      [GC Worker Other (ms): Min: 0.0, Avg: 0.0, Max: 0.0, Diff: 0.0, Sum: 0.1]
      [GC Worker Total (ms): Min: 1.4, Avg: 3.6, Max: 6.0, Diff: 4.6, Sum: 29.2]
      [GC Worker End (ms): Min: 374717847.8, Avg: 374717847.8, Max: 374717847.8, Diff: 0.0]
   [Code Root Fixup: 0.0 ms]
   [Code Root Purge: 0.0 ms]
   [Clear CT: 0.6 ms]
   [Other: 14.2 ms]
      [Choose CSet: 0.0 ms]
      [Ref Proc: 13.8 ms]
      [Ref Enq: 0.1 ms]
      [Redirty Cards: 0.1 ms]
      [Humongous Register: 0.0 ms]
      [Humongous Reclaim: 0.0 ms]
      [Free CSet: 0.1 ms]
   [Eden: 7152.0M(7152.0M)->0.0B(5712.0M) Survivors: 16384.0K->16384.0K Heap: 10841.8M(14336.0M)->3690.1M(14336.0M)]
 [Times: user=0.08 sys=0.00, real=0.02 secs] 
2022-09-14T07:05:52.974-0600: 374781.492: [GC pause (G1 Evacuation Pause) (mixed), 0.0154723 secs]
   [Parallel Time: 7.4 ms, GC Workers: 8]
      [GC Worker Start (ms): Min: 374781492.0, Avg: 374781492.6, Max: 374781494.3, Diff: 2.3]
      [Ext Root Scanning (ms): Min: 0.0, Avg: 1.8, Max: 4.7, Diff: 4.7, Sum: 14.4]
      [Update RS (ms): Min: 0.0, Avg: 1.1, Max: 1.9, Diff: 1.9, Sum: 8.5]
         [Processed Buffers: Min: 0, Avg: 6.2, Max: 14, Diff: 14, Sum: 50]
      [Scan RS (ms): Min: 0.0, Avg: 0.8, Max: 1.0, Diff: 1.0, Sum: 6.7]
      [Code Root Scanning (ms): Min: 0.0, Avg: 0.0, Max: 0.0, Diff: 0.0, Sum: 0.0]
      [Object Copy (ms): Min: 2.4, Avg: 2.9, Max: 3.1, Diff: 0.7, Sum: 22.8]
      [Termination (ms): Min: 0.0, Avg: 0.0, Max: 0.1, Diff: 0.1, Sum: 0.4]
         [Termination Attempts: Min: 17, Avg: 24.2, Max: 34, Diff: 17, Sum: 194]
      [GC Worker Other (ms): Min: 0.0, Avg: 0.0, Max: 0.0, Diff: 0.0, Sum: 0.1]
      [GC Worker Total (ms): Min: 4.9, Avg: 6.6, Max: 7.2, Diff: 2.4, Sum: 53.0]
      [GC Worker End (ms): Min: 374781499.2, Avg: 374781499.2, Max: 374781499.2, Diff: 0.0]
   [Code Root Fixup: 0.0 ms]
   [Code Root Purge: 0.0 ms]
   [Clear CT: 0.7 ms]
   [Other: 7.4 ms]
      [Choose CSet: 0.0 ms]
      [Ref Proc: 6.9 ms]
      [Ref Enq: 0.1 ms]
      [Redirty Cards: 0.1 ms]
      [Humongous Register: 0.0 ms]
      [Humongous Reclaim: 0.0 ms]
      [Free CSet: 0.1 ms]
   [Eden: 5712.0M(5712.0M)->0.0B(7152.0M) Survivors: 16384.0K->16384.0K Heap: 9402.1M(14336.0M)->3683.5M(14336.0M)]
 [Times: user=0.07 sys=0.00, real=0.01 secs] 
2022-09-14T07:07:13.478-0600: 374861.996: [GC pause (G1 Evacuation Pause) (young), 0.0452651 secs]
   [Parallel Time: 11.1 ms, GC Workers: 8]
      [GC Worker Start (ms): Min: 374861995.7, Avg: 374862000.7, Max: 374862006.6, Diff: 10.9]
      [Ext Root Scanning (ms): Min: 0.0, Avg: 0.8, Max: 3.0, Diff: 3.0, Sum: 6.4]
      [Update RS (ms): Min: 0.0, Avg: 3.2, Max: 7.6, Diff: 7.6, Sum: 25.3]
         [Processed Buffers: Min: 0, Avg: 14.2, Max: 37, Diff: 37, Sum: 114]
      [Scan RS (ms): Min: 0.0, Avg: 0.0, Max: 0.1, Diff: 0.1, Sum: 0.2]
      [Code Root Scanning (ms): Min: 0.0, Avg: 0.0, Max: 0.0, Diff: 0.0, Sum: 0.0]
      [Object Copy (ms): Min: 0.0, Avg: 1.1, Max: 1.9, Diff: 1.9, Sum: 8.9]
      [Termination (ms): Min: 0.0, Avg: 0.9, Max: 1.2, Diff: 1.2, Sum: 6.9]
         [Termination Attempts: Min: 1, Avg: 2.4, Max: 8, Diff: 7, Sum: 19]
      [GC Worker Other (ms): Min: 0.0, Avg: 0.0, Max: 0.0, Diff: 0.0, Sum: 0.0]
      [GC Worker Total (ms): Min: 0.0, Avg: 6.0, Max: 11.0, Diff: 11.0, Sum: 47.8]
      [GC Worker End (ms): Min: 374862006.7, Avg: 374862006.7, Max: 374862006.8, Diff: 0.1]
   [Code Root Fixup: 0.0 ms]
   [Code Root Purge: 0.0 ms]
   [Clear CT: 0.9 ms]
   [Other: 33.2 ms]
      [Choose CSet: 0.0 ms]
      [Ref Proc: 32.9 ms]
      [Ref Enq: 0.1 ms]
      [Redirty Cards: 0.1 ms]
      [Humongous Register: 0.0 ms]
      [Humongous Reclaim: 0.0 ms]
      [Free CSet: 0.1 ms]
   [Eden: 7152.0M(7152.0M)->0.0B(7152.0M) Survivors: 16384.0K->16384.0K Heap: 10835.5M(14336.0M)->3688.3M(14336.0M)]
 [Times: user=0.14 sys=0.00, real=0.05 secs] 
2022-09-14T07:08:33.630-0600: 374942.148: [GC pause (G1 Evacuation Pause) (young) (initial-mark), 0.0624280 secs]
   [Parallel Time: 30.9 ms, GC Workers: 8]
      [GC Worker Start (ms): Min: 374942149.0, Avg: 374942162.7, Max: 374942167.3, Diff: 18.3]
      [Ext Root Scanning (ms): Min: 2.4, Avg: 10.1, Max: 20.5, Diff: 18.2, Sum: 81.1]
      [Update RS (ms): Min: 0.0, Avg: 1.4, Max: 3.0, Diff: 3.0, Sum: 11.3]
         [Processed Buffers: Min: 0, Avg: 6.9, Max: 18, Diff: 18, Sum: 55]
      [Scan RS (ms): Min: 0.0, Avg: 0.0, Max: 0.1, Diff: 0.1, Sum: 0.3]
      [Code Root Scanning (ms): Min: 0.0, Avg: 0.0, Max: 0.0, Diff: 0.0, Sum: 0.0]
      [Object Copy (ms): Min: 0.0, Avg: 1.0, Max: 1.8, Diff: 1.8, Sum: 8.1]
      [Termination (ms): Min: 0.0, Avg: 3.2, Max: 4.5, Diff: 4.5, Sum: 25.5]
         [Termination Attempts: Min: 1, Avg: 7.5, Max: 19, Diff: 18, Sum: 60]
      [GC Worker Other (ms): Min: 0.0, Avg: 0.0, Max: 0.0, Diff: 0.0, Sum: 0.1]
      [GC Worker Total (ms): Min: 11.2, Avg: 15.8, Max: 29.5, Diff: 18.3, Sum: 126.3]
      [GC Worker End (ms): Min: 374942178.4, Avg: 374942178.5, Max: 374942178.5, Diff: 0.1]
   [Code Root Fixup: 0.0 ms]
   [Code Root Purge: 0.0 ms]
   [Clear CT: 0.9 ms]
   [Other: 30.6 ms]
      [Choose CSet: 0.0 ms]
      [Ref Proc: 30.2 ms]
      [Ref Enq: 0.1 ms]
      [Redirty Cards: 0.1 ms]
      [Humongous Register: 0.0 ms]
      [Humongous Reclaim: 0.0 ms]
      [Free CSet: 0.1 ms]
   [Eden: 7152.0M(7152.0M)->0.0B(7152.0M) Survivors: 16384.0K->16384.0K Heap: 10840.3M(14336.0M)->3689.3M(14336.0M)]
 [Times: user=0.16 sys=0.00, real=0.06 secs] 
2022-09-14T07:08:33.692-0600: 374942.210: [GC concurrent-root-region-scan-start]
2022-09-14T07:08:33.702-0600: 374942.219: [GC concurrent-root-region-scan-end, 0.0092556 secs]
2022-09-14T07:08:33.702-0600: 374942.219: [GC concurrent-mark-start]
2022-09-14T07:08:35.028-0600: 374943.546: [GC concurrent-mark-end, 1.3267834 secs]
2022-09-14T07:08:35.029-0600: 374943.546: [GC remark 2022-09-14T07:08:35.029-0600: 374943.546: [Finalize Marking, 0.0029820 secs] 2022-09-14T07:08:35.032-0600: 374943.549: [GC ref-proc, 0.0349127 secs] 2022-09-14T07:08:35.067-0600: 374943.584: [Unloading, 0.0273040 secs], 0.0719854 secs]
 [Times: user=0.26 sys=0.00, real=0.08 secs] 
2022-09-14T07:08:35.101-0600: 374943.619: [GC cleanup 3849M->3849M(14336M), 0.0086233 secs]
 [Times: user=0.03 sys=0.00, real=0.00 secs] 
2022-09-14T07:09:54.879-0600: 375023.396: [GC pause (G1 Evacuation Pause) (young), 0.0230777 secs]
   [Parallel Time: 5.5 ms, GC Workers: 8]
      [GC Worker Start (ms): Min: 375023396.5, Avg: 375023397.9, Max: 375023401.6, Diff: 5.1]
      [Ext Root Scanning (ms): Min: 0.0, Avg: 0.9, Max: 3.3, Diff: 3.3, Sum: 6.9]
      [Update RS (ms): Min: 0.0, Avg: 1.4, Max: 3.9, Diff: 3.9, Sum: 11.6]
         [Processed Buffers: Min: 0, Avg: 5.5, Max: 18, Diff: 18, Sum: 44]
      [Scan RS (ms): Min: 0.0, Avg: 0.0, Max: 0.1, Diff: 0.1, Sum: 0.3]
      [Code Root Scanning (ms): Min: 0.0, Avg: 0.0, Max: 0.0, Diff: 0.0, Sum: 0.0]
      [Object Copy (ms): Min: 0.1, Avg: 1.1, Max: 1.5, Diff: 1.4, Sum: 8.5]
      [Termination (ms): Min: 0.0, Avg: 0.6, Max: 0.9, Diff: 0.9, Sum: 5.1]
         [Termination Attempts: Min: 1, Avg: 31.0, Max: 61, Diff: 60, Sum: 248]
      [GC Worker Other (ms): Min: 0.0, Avg: 0.0, Max: 0.0, Diff: 0.0, Sum: 0.0]
      [GC Worker Total (ms): Min: 0.3, Avg: 4.1, Max: 5.4, Diff: 5.1, Sum: 32.4]
      [GC Worker End (ms): Min: 375023401.9, Avg: 375023401.9, Max: 375023402.0, Diff: 0.0]
   [Code Root Fixup: 0.0 ms]
   [Code Root Purge: 0.0 ms]
   [Clear CT: 0.8 ms]
   [Other: 16.8 ms]
      [Choose CSet: 0.0 ms]
      [Ref Proc: 16.4 ms]
      [Ref Enq: 0.1 ms]
      [Redirty Cards: 0.1 ms]
      [Humongous Register: 0.0 ms]
      [Humongous Reclaim: 0.0 ms]
      [Free CSet: 0.1 ms]
   [Eden: 7152.0M(7152.0M)->0.0B(5712.0M) Survivors: 16384.0K->16384.0K Heap: 10841.3M(14336.0M)->3690.1M(14336.0M)]
 [Times: user=0.10 sys=0.00, real=0.03 secs] 
2022-09-14T07:10:58.325-0600: 375086.843: [GC pause (G1 Evacuation Pause) (mixed), 0.0326064 secs]
   [Parallel Time: 7.7 ms, GC Workers: 8]
      [GC Worker Start (ms): Min: 375086842.7, Avg: 375086845.0, Max: 375086850.3, Diff: 7.7]
      [Ext Root Scanning (ms): Min: 0.0, Avg: 1.3, Max: 3.7, Diff: 3.7, Sum: 10.5]
      [Update RS (ms): Min: 0.0, Avg: 1.2, Max: 2.5, Diff: 2.5, Sum: 9.6]
         [Processed Buffers: Min: 0, Avg: 6.2, Max: 18, Diff: 18, Sum: 50]
      [Scan RS (ms): Min: 0.0, Avg: 0.6, Max: 0.8, Diff: 0.8, Sum: 5.0]
      [Code Root Scanning (ms): Min: 0.0, Avg: 0.0, Max: 0.0, Diff: 0.0, Sum: 0.0]
      [Object Copy (ms): Min: 0.0, Avg: 2.2, Max: 2.7, Diff: 2.7, Sum: 17.2]
      [Termination (ms): Min: 0.0, Avg: 0.0, Max: 0.0, Diff: 0.0, Sum: 0.3]
         [Termination Attempts: Min: 1, Avg: 3.6, Max: 7, Diff: 6, Sum: 29]
      [GC Worker Other (ms): Min: 0.0, Avg: 0.0, Max: 0.0, Diff: 0.0, Sum: 0.1]
      [GC Worker Total (ms): Min: 0.0, Avg: 5.3, Max: 7.7, Diff: 7.7, Sum: 42.8]
      [GC Worker End (ms): Min: 375086850.3, Avg: 375086850.4, Max: 375086850.4, Diff: 0.0]
   [Code Root Fixup: 0.0 ms]
   [Code Root Purge: 0.0 ms]
   [Clear CT: 0.7 ms]
   [Other: 24.2 ms]
      [Choose CSet: 0.0 ms]
      [Ref Proc: 23.4 ms]
      [Ref Enq: 0.1 ms]
      [Redirty Cards: 0.4 ms]
      [Humongous Register: 0.0 ms]
      [Humongous Reclaim: 0.0 ms]
      [Free CSet: 0.1 ms]
   [Eden: 5712.0M(5712.0M)->0.0B(7152.0M) Survivors: 16384.0K->16384.0K Heap: 9402.1M(14336.0M)->3681.0M(14336.0M)]
 [Times: user=0.14 sys=0.00, real=0.03 secs] 
2022-09-14T07:12:14.926-0600: 375163.443: [GC pause (G1 Evacuation Pause) (young), 0.0220738 secs]
   [Parallel Time: 8.4 ms, GC Workers: 8]
      [GC Worker Start (ms): Min: 375163443.6, Avg: 375163446.6, Max: 375163450.4, Diff: 6.8]
      [Ext Root Scanning (ms): Min: 0.0, Avg: 0.8, Max: 2.9, Diff: 2.9, Sum: 6.2]
      [Update RS (ms): Min: 0.0, Avg: 2.4, Max: 3.3, Diff: 3.3, Sum: 19.5]
         [Processed Buffers: Min: 0, Avg: 12.6, Max: 25, Diff: 25, Sum: 101]
      [Scan RS (ms): Min: 0.0, Avg: 0.0, Max: 0.1, Diff: 0.0, Sum: 0.2]
      [Code Root Scanning (ms): Min: 0.0, Avg: 0.0, Max: 0.0, Diff: 0.0, Sum: 0.0]
      [Object Copy (ms): Min: 0.8, Avg: 1.4, Max: 2.1, Diff: 1.3, Sum: 11.4]
      [Termination (ms): Min: 0.0, Avg: 0.6, Max: 0.7, Diff: 0.7, Sum: 4.6]
         [Termination Attempts: Min: 1, Avg: 46.6, Max: 63, Diff: 62, Sum: 373]
      [GC Worker Other (ms): Min: 0.0, Avg: 0.0, Max: 0.0, Diff: 0.0, Sum: 0.1]
      [GC Worker Total (ms): Min: 1.5, Avg: 5.2, Max: 8.3, Diff: 6.8, Sum: 41.9]
      [GC Worker End (ms): Min: 375163451.9, Avg: 375163451.9, Max: 375163451.9, Diff: 0.0]
   [Code Root Fixup: 0.0 ms]
   [Code Root Purge: 0.0 ms]
   [Clear CT: 0.6 ms]
   [Other: 13.0 ms]
      [Choose CSet: 0.0 ms]
      [Ref Proc: 12.6 ms]
      [Ref Enq: 0.1 ms]
      [Redirty Cards: 0.1 ms]
      [Humongous Register: 0.0 ms]
      [Humongous Reclaim: 0.0 ms]
      [Free CSet: 0.1 ms]
   [Eden: 7152.0M(7152.0M)->0.0B(7152.0M) Survivors: 16384.0K->16384.0K Heap: 10833.0M(14336.0M)->3687.2M(14336.0M)]
 [Times: user=0.09 sys=0.00, real=0.02 secs] 
2022-09-14T07:13:32.428-0600: 375240.946: [GC pause (G1 Evacuation Pause) (young) (initial-mark), 0.0448448 secs]
   [Parallel Time: 16.5 ms, GC Workers: 8]
      [GC Worker Start (ms): Min: 375240947.4, Avg: 375240950.5, Max: 375240951.4, Diff: 4.0]
      [Ext Root Scanning (ms): Min: 2.0, Avg: 7.1, Max: 10.0, Diff: 8.0, Sum: 56.6]
      [Update RS (ms): Min: 0.0, Avg: 1.2, Max: 3.8, Diff: 3.8, Sum: 9.3]
         [Processed Buffers: Min: 0, Avg: 6.9, Max: 21, Diff: 21, Sum: 55]
      [Scan RS (ms): Min: 0.0, Avg: 0.0, Max: 0.1, Diff: 0.1, Sum: 0.2]
      [Code Root Scanning (ms): Min: 0.0, Avg: 0.0, Max: 0.0, Diff: 0.0, Sum: 0.0]
      [Object Copy (ms): Min: 0.0, Avg: 2.1, Max: 5.2, Diff: 5.2, Sum: 16.5]
      [Termination (ms): Min: 0.0, Avg: 1.6, Max: 2.2, Diff: 2.2, Sum: 12.5]
         [Termination Attempts: Min: 1, Avg: 4.8, Max: 10, Diff: 9, Sum: 38]
      [GC Worker Other (ms): Min: 0.0, Avg: 0.0, Max: 0.0, Diff: 0.0, Sum: 0.0]
      [GC Worker Total (ms): Min: 11.0, Avg: 11.9, Max: 15.0, Diff: 4.0, Sum: 95.3]
      [GC Worker End (ms): Min: 375240962.3, Avg: 375240962.4, Max: 375240962.5, Diff: 0.2]
   [Code Root Fixup: 0.0 ms]
   [Code Root Purge: 0.0 ms]
   [Clear CT: 0.9 ms]
   [Other: 27.4 ms]
      [Choose CSet: 0.0 ms]
      [Ref Proc: 27.0 ms]
      [Ref Enq: 0.1 ms]
      [Redirty Cards: 0.1 ms]
      [Humongous Register: 0.0 ms]
      [Humongous Reclaim: 0.0 ms]
      [Free CSet: 0.1 ms]
   [Eden: 7152.0M(7152.0M)->0.0B(7152.0M) Survivors: 16384.0K->16384.0K Heap: 10839.2M(14336.0M)->3687.3M(14336.0M)]
 [Times: user=0.15 sys=0.00, real=0.05 secs] 
2022-09-14T07:13:32.473-0600: 375240.991: [GC concurrent-root-region-scan-start]
2022-09-14T07:13:32.480-0600: 375240.997: [GC concurrent-root-region-scan-end, 0.0064338 secs]
2022-09-14T07:13:32.480-0600: 375240.997: [GC concurrent-mark-start]
2022-09-14T07:13:33.811-0600: 375242.329: [GC concurrent-mark-end, 1.3312855 secs]
2022-09-14T07:13:33.811-0600: 375242.329: [GC remark 2022-09-14T07:13:33.811-0600: 375242.329: [Finalize Marking, 0.0027269 secs] 2022-09-14T07:13:33.814-0600: 375242.332: [GC ref-proc, 0.0260766 secs] 2022-09-14T07:13:33.840-0600: 375242.358: [Unloading, 0.0244201 secs], 0.0573459 secs]
 [Times: user=0.26 sys=0.00, real=0.06 secs] 
2022-09-14T07:13:33.869-0600: 375242.386: [GC cleanup 3871M->3871M(14336M), 0.0105774 secs]
 [Times: user=0.02 sys=0.00, real=0.01 secs] 
2022-09-14T07:14:49.634-0600: 375318.152: [GC pause (G1 Evacuation Pause) (young), 0.0376332 secs]
   [Parallel Time: 6.6 ms, GC Workers: 8]
      [GC Worker Start (ms): Min: 375318152.2, Avg: 375318155.2, Max: 375318158.8, Diff: 6.5]
      [Ext Root Scanning (ms): Min: 0.0, Avg: 0.8, Max: 3.0, Diff: 3.0, Sum: 6.1]
      [Update RS (ms): Min: 0.0, Avg: 1.1, Max: 2.1, Diff: 2.1, Sum: 8.9]
         [Processed Buffers: Min: 0, Avg: 6.5, Max: 17, Diff: 17, Sum: 52]
      [Scan RS (ms): Min: 0.0, Avg: 0.0, Max: 0.1, Diff: 0.1, Sum: 0.2]
      [Code Root Scanning (ms): Min: 0.0, Avg: 0.0, Max: 0.0, Diff: 0.0, Sum: 0.0]
      [Object Copy (ms): Min: 0.0, Avg: 0.9, Max: 1.6, Diff: 1.6, Sum: 7.1]
      [Termination (ms): Min: 0.0, Avg: 0.9, Max: 1.2, Diff: 1.2, Sum: 6.8]
         [Termination Attempts: Min: 1, Avg: 5.9, Max: 15, Diff: 14, Sum: 47]
      [GC Worker Other (ms): Min: 0.0, Avg: 0.0, Max: 0.0, Diff: 0.0, Sum: 0.0]
      [GC Worker Total (ms): Min: 0.0, Avg: 3.6, Max: 6.6, Diff: 6.5, Sum: 29.1]
      [GC Worker End (ms): Min: 375318158.8, Avg: 375318158.8, Max: 375318158.8, Diff: 0.0]
   [Code Root Fixup: 0.0 ms]
   [Code Root Purge: 0.0 ms]
   [Clear CT: 0.9 ms]
   [Other: 30.1 ms]
      [Choose CSet: 0.0 ms]
      [Ref Proc: 29.8 ms]
      [Ref Enq: 0.1 ms]
      [Redirty Cards: 0.0 ms]
      [Humongous Register: 0.0 ms]
      [Humongous Reclaim: 0.0 ms]
      [Free CSet: 0.1 ms]
   [Eden: 7152.0M(7152.0M)->0.0B(5712.0M) Survivors: 16384.0K->16384.0K Heap: 10839.3M(14336.0M)->3687.1M(14336.0M)]
 [Times: user=0.13 sys=0.00, real=0.03 secs] 
2022-09-14T07:15:49.635-0600: 375378.153: [GC pause (G1 Evacuation Pause) (mixed), 0.0498576 secs]
   [Parallel Time: 20.9 ms, GC Workers: 8]
      [GC Worker Start (ms): Min: 375378152.6, Avg: 375378159.4, Max: 375378165.7, Diff: 13.1]
      [Ext Root Scanning (ms): Min: 0.0, Avg: 0.8, Max: 3.5, Diff: 3.5, Sum: 6.8]
      [Update RS (ms): Min: 0.0, Avg: 0.9, Max: 2.4, Diff: 2.4, Sum: 7.1]
         [Processed Buffers: Min: 0, Avg: 6.1, Max: 21, Diff: 21, Sum: 49]
      [Scan RS (ms): Min: 0.0, Avg: 2.5, Max: 14.8, Diff: 14.8, Sum: 20.0]
      [Code Root Scanning (ms): Min: 0.0, Avg: 0.0, Max: 0.0, Diff: 0.0, Sum: 0.0]
      [Object Copy (ms): Min: 0.0, Avg: 2.3, Max: 4.6, Diff: 4.6, Sum: 18.2]
      [Termination (ms): Min: 0.0, Avg: 7.4, Max: 9.0, Diff: 9.0, Sum: 59.5]
         [Termination Attempts: Min: 1, Avg: 6.9, Max: 19, Diff: 18, Sum: 55]
      [GC Worker Other (ms): Min: 0.0, Avg: 0.0, Max: 0.0, Diff: 0.0, Sum: 0.1]
      [GC Worker Total (ms): Min: 7.7, Avg: 14.0, Max: 20.8, Diff: 13.1, Sum: 111.7]
      [GC Worker End (ms): Min: 375378173.3, Avg: 375378173.4, Max: 375378173.4, Diff: 0.1]
   [Code Root Fixup: 0.0 ms]
   [Code Root Purge: 0.0 ms]
   [Clear CT: 1.0 ms]
   [Other: 28.0 ms]
      [Choose CSet: 0.0 ms]
      [Ref Proc: 27.4 ms]
      [Ref Enq: 0.2 ms]
      [Redirty Cards: 0.1 ms]
      [Humongous Register: 0.0 ms]
      [Humongous Reclaim: 0.0 ms]
      [Free CSet: 0.1 ms]
   [Eden: 5712.0M(5712.0M)->0.0B(7152.0M) Survivors: 16384.0K->16384.0K Heap: 9399.1M(14336.0M)->3681.2M(14336.0M)]
 [Times: user=0.16 sys=0.00, real=0.05 secs] 
2022-09-14T07:17:06.183-0600: 375454.701: [GC pause (G1 Evacuation Pause) (young), 0.0243175 secs]
   [Parallel Time: 8.7 ms, GC Workers: 8]
      [GC Worker Start (ms): Min: 375454701.3, Avg: 375454703.7, Max: 375454706.9, Diff: 5.6]
      [Ext Root Scanning (ms): Min: 0.0, Avg: 0.8, Max: 3.1, Diff: 3.1, Sum: 6.5]
      [Update RS (ms): Min: 0.8, Avg: 3.5, Max: 7.0, Diff: 6.2, Sum: 27.6]
         [Processed Buffers: Min: 3, Avg: 15.6, Max: 26, Diff: 23, Sum: 125]
      [Scan RS (ms): Min: 0.0, Avg: 0.0, Max: 0.1, Diff: 0.1, Sum: 0.3]
      [Code Root Scanning (ms): Min: 0.0, Avg: 0.0, Max: 0.0, Diff: 0.0, Sum: 0.0]
      [Object Copy (ms): Min: 0.2, Avg: 1.2, Max: 1.3, Diff: 1.1, Sum: 9.3]
      [Termination (ms): Min: 0.0, Avg: 0.8, Max: 1.0, Diff: 1.0, Sum: 6.5]
         [Termination Attempts: Min: 1, Avg: 8.2, Max: 13, Diff: 12, Sum: 66]
      [GC Worker Other (ms): Min: 0.0, Avg: 0.0, Max: 0.0, Diff: 0.0, Sum: 0.1]
      [GC Worker Total (ms): Min: 2.9, Avg: 6.3, Max: 8.7, Diff: 5.8, Sum: 50.2]
      [GC Worker End (ms): Min: 375454709.8, Avg: 375454709.9, Max: 375454710.0, Diff: 0.2]
   [Code Root Fixup: 0.0 ms]
   [Code Root Purge: 0.0 ms]
   [Clear CT: 0.7 ms]
   [Other: 14.9 ms]
      [Choose CSet: 0.0 ms]
      [Ref Proc: 14.5 ms]
      [Ref Enq: 0.1 ms]
      [Redirty Cards: 0.1 ms]
      [Humongous Register: 0.0 ms]
      [Humongous Reclaim: 0.0 ms]
      [Free CSet: 0.1 ms]
   [Eden: 7152.0M(7152.0M)->0.0B(7152.0M) Survivors: 16384.0K->16384.0K Heap: 10833.2M(14336.0M)->3689.5M(14336.0M)]
 [Times: user=0.10 sys=0.00, real=0.02 secs] 
2022-09-14T07:18:22.774-0600: 375531.292: [GC pause (G1 Evacuation Pause) (young) (initial-mark), 0.0301681 secs]
   [Parallel Time: 12.9 ms, GC Workers: 8]
      [GC Worker Start (ms): Min: 375531293.3, Avg: 375531295.4, Max: 375531296.5, Diff: 3.2]
      [Ext Root Scanning (ms): Min: 1.3, Avg: 5.9, Max: 10.3, Diff: 9.0, Sum: 47.2]
      [Update RS (ms): Min: 0.0, Avg: 1.2, Max: 3.5, Diff: 3.5, Sum: 9.2]
         [Processed Buffers: Min: 0, Avg: 6.5, Max: 19, Diff: 19, Sum: 52]
      [Scan RS (ms): Min: 0.0, Avg: 0.0, Max: 0.1, Diff: 0.1, Sum: 0.2]
      [Code Root Scanning (ms): Min: 0.0, Avg: 0.0, Max: 0.0, Diff: 0.0, Sum: 0.0]
      [Object Copy (ms): Min: 0.1, Avg: 1.6, Max: 3.8, Diff: 3.7, Sum: 13.1]
      [Termination (ms): Min: 0.0, Avg: 0.9, Max: 1.2, Diff: 1.2, Sum: 6.8]
         [Termination Attempts: Min: 1, Avg: 4.1, Max: 7, Diff: 6, Sum: 33]
      [GC Worker Other (ms): Min: 0.0, Avg: 0.0, Max: 0.0, Diff: 0.0, Sum: 0.0]
      [GC Worker Total (ms): Min: 8.4, Avg: 9.6, Max: 11.6, Diff: 3.2, Sum: 76.6]
      [GC Worker End (ms): Min: 375531304.9, Avg: 375531304.9, Max: 375531304.9, Diff: 0.1]
   [Code Root Fixup: 0.0 ms]
   [Code Root Purge: 0.0 ms]
   [Clear CT: 0.7 ms]
   [Other: 16.5 ms]
      [Choose CSet: 0.0 ms]
      [Ref Proc: 16.1 ms]
      [Ref Enq: 0.1 ms]
      [Redirty Cards: 0.1 ms]
      [Humongous Register: 0.0 ms]
      [Humongous Reclaim: 0.0 ms]
      [Free CSet: 0.1 ms]
   [Eden: 7152.0M(7152.0M)->0.0B(7152.0M) Survivors: 16384.0K->16384.0K Heap: 10841.5M(14336.0M)->3689.5M(14336.0M)]
 [Times: user=0.10 sys=0.00, real=0.03 secs] 
2022-09-14T07:18:22.805-0600: 375531.322: [GC concurrent-root-region-scan-start]
2022-09-14T07:18:22.811-0600: 375531.329: [GC concurrent-root-region-scan-end, 0.0065878 secs]
2022-09-14T07:18:22.811-0600: 375531.329: [GC concurrent-mark-start]
2022-09-14T07:18:24.172-0600: 375532.690: [GC concurrent-mark-end, 1.3612959 secs]
2022-09-14T07:18:24.173-0600: 375532.690: [GC remark 2022-09-14T07:18:24.173-0600: 375532.690: [Finalize Marking, 0.0019058 secs] 2022-09-14T07:18:24.174-0600: 375532.692: [GC ref-proc, 0.0318738 secs] 2022-09-14T07:18:24.206-0600: 375532.724: [Unloading, 0.0256702 secs], 0.0634262 secs]
 [Times: user=0.29 sys=0.00, real=0.07 secs] 
2022-09-14T07:18:24.236-0600: 375532.754: [GC cleanup 3865M->3865M(14336M), 0.0114842 secs]
 [Times: user=0.02 sys=0.00, real=0.01 secs] 
2022-09-14T07:19:38.828-0600: 375607.346: [GC pause (G1 Evacuation Pause) (young), 0.0284757 secs]
   [Parallel Time: 8.7 ms, GC Workers: 8]
      [GC Worker Start (ms): Min: 375607345.8, Avg: 375607348.3, Max: 375607351.5, Diff: 5.7]
      [Ext Root Scanning (ms): Min: 0.0, Avg: 0.8, Max: 3.0, Diff: 3.0, Sum: 6.2]
      [Update RS (ms): Min: 0.0, Avg: 0.9, Max: 2.2, Diff: 2.2, Sum: 7.1]
         [Processed Buffers: Min: 0, Avg: 6.2, Max: 18, Diff: 18, Sum: 50]
      [Scan RS (ms): Min: 0.0, Avg: 0.0, Max: 0.1, Diff: 0.1, Sum: 0.2]
      [Code Root Scanning (ms): Min: 0.0, Avg: 0.0, Max: 0.0, Diff: 0.0, Sum: 0.0]
      [Object Copy (ms): Min: 0.0, Avg: 1.5, Max: 4.9, Diff: 4.9, Sum: 11.6]
      [Termination (ms): Min: 0.0, Avg: 2.9, Max: 3.5, Diff: 3.5, Sum: 23.2]
         [Termination Attempts: Min: 1, Avg: 7.5, Max: 15, Diff: 14, Sum: 60]
      [GC Worker Other (ms): Min: 0.0, Avg: 0.0, Max: 0.0, Diff: 0.0, Sum: 0.0]
      [GC Worker Total (ms): Min: 2.9, Avg: 6.1, Max: 8.6, Diff: 5.7, Sum: 48.4]
      [GC Worker End (ms): Min: 375607354.3, Avg: 375607354.4, Max: 375607354.5, Diff: 0.1]
   [Code Root Fixup: 0.0 ms]
   [Code Root Purge: 0.0 ms]
   [Clear CT: 0.5 ms]
   [Other: 19.2 ms]
      [Choose CSet: 0.0 ms]
      [Ref Proc: 18.8 ms]
      [Ref Enq: 0.1 ms]
      [Redirty Cards: 0.1 ms]
      [Humongous Register: 0.0 ms]
      [Humongous Reclaim: 0.0 ms]
      [Free CSet: 0.1 ms]
   [Eden: 7152.0M(7152.0M)->0.0B(5712.0M) Survivors: 16384.0K->16384.0K Heap: 10841.5M(14336.0M)->3689.7M(14336.0M)]
 [Times: user=0.10 sys=0.00, real=0.03 secs] 
2022-09-14T07:20:39.476-0600: 375667.993: [GC pause (G1 Evacuation Pause) (mixed), 0.0394268 secs]
   [Parallel Time: 10.5 ms, GC Workers: 8]
      [GC Worker Start (ms): Min: 375667993.4, Avg: 375667995.4, Max: 375668001.7, Diff: 8.3]
      [Ext Root Scanning (ms): Min: 0.0, Avg: 1.1, Max: 4.2, Diff: 4.2, Sum: 8.5]
      [Update RS (ms): Min: 0.0, Avg: 1.1, Max: 2.0, Diff: 2.0, Sum: 9.1]
         [Processed Buffers: Min: 0, Avg: 5.8, Max: 14, Diff: 14, Sum: 46]
      [Scan RS (ms): Min: 0.0, Avg: 1.0, Max: 1.6, Diff: 1.6, Sum: 8.1]
      [Code Root Scanning (ms): Min: 0.0, Avg: 0.0, Max: 0.0, Diff: 0.0, Sum: 0.0]
      [Object Copy (ms): Min: 0.0, Avg: 2.8, Max: 3.3, Diff: 3.3, Sum: 22.1]
      [Termination (ms): Min: 0.0, Avg: 0.4, Max: 0.5, Diff: 0.5, Sum: 2.9]
         [Termination Attempts: Min: 1, Avg: 2.0, Max: 3, Diff: 2, Sum: 16]
      [GC Worker Other (ms): Min: 0.0, Avg: 0.0, Max: 0.0, Diff: 0.0, Sum: 0.1]
      [GC Worker Total (ms): Min: 0.0, Avg: 6.3, Max: 8.4, Diff: 8.3, Sum: 50.8]
      [GC Worker End (ms): Min: 375668001.7, Avg: 375668001.7, Max: 375668001.9, Diff: 0.2]
   [Code Root Fixup: 0.0 ms]
   [Code Root Purge: 0.0 ms]
   [Clear CT: 0.8 ms]
   [Other: 28.1 ms]
      [Choose CSet: 0.0 ms]
      [Ref Proc: 27.4 ms]
      [Ref Enq: 0.3 ms]
      [Redirty Cards: 0.2 ms]
      [Humongous Register: 0.0 ms]
      [Humongous Reclaim: 0.0 ms]
      [Free CSet: 0.1 ms]
   [Eden: 5712.0M(5712.0M)->0.0B(7152.0M) Survivors: 16384.0K->16384.0K Heap: 9401.7M(14336.0M)->3683.2M(14336.0M)]
 [Times: user=0.13 sys=0.00, real=0.04 secs] 
2022-09-14T07:21:55.326-0600: 375743.844: [GC pause (G1 Evacuation Pause) (young), 0.0285692 secs]
   [Parallel Time: 9.3 ms, GC Workers: 8]
      [GC Worker Start (ms): Min: 375743844.2, Avg: 375743847.6, Max: 375743853.2, Diff: 9.0]
      [Ext Root Scanning (ms): Min: 0.0, Avg: 0.8, Max: 3.3, Diff: 3.3, Sum: 6.7]
      [Update RS (ms): Min: 0.0, Avg: 3.2, Max: 7.7, Diff: 7.7, Sum: 26.0]
         [Processed Buffers: Min: 0, Avg: 16.2, Max: 36, Diff: 36, Sum: 130]
      [Scan RS (ms): Min: 0.0, Avg: 0.0, Max: 0.1, Diff: 0.1, Sum: 0.2]
      [Code Root Scanning (ms): Min: 0.0, Avg: 0.0, Max: 0.0, Diff: 0.0, Sum: 0.0]
      [Object Copy (ms): Min: 0.0, Avg: 1.0, Max: 1.4, Diff: 1.4, Sum: 7.8]
      [Termination (ms): Min: 0.0, Avg: 0.5, Max: 0.7, Diff: 0.7, Sum: 4.1]
         [Termination Attempts: Min: 1, Avg: 9.4, Max: 18, Diff: 17, Sum: 75]
      [GC Worker Other (ms): Min: 0.0, Avg: 0.0, Max: 0.0, Diff: 0.0, Sum: 0.1]
      [GC Worker Total (ms): Min: 0.1, Avg: 5.6, Max: 9.1, Diff: 9.1, Sum: 44.9]
      [GC Worker End (ms): Min: 375743853.2, Avg: 375743853.3, Max: 375743853.3, Diff: 0.1]
   [Code Root Fixup: 0.0 ms]
   [Code Root Purge: 0.0 ms]
   [Clear CT: 0.8 ms]
   [Other: 18.5 ms]
      [Choose CSet: 0.0 ms]
      [Ref Proc: 18.0 ms]
      [Ref Enq: 0.1 ms]
      [Redirty Cards: 0.1 ms]
      [Humongous Register: 0.0 ms]
      [Humongous Reclaim: 0.0 ms]
      [Free CSet: 0.1 ms]
   [Eden: 7152.0M(7152.0M)->0.0B(7152.0M) Survivors: 16384.0K->16384.0K Heap: 10835.2M(14336.0M)->3689.7M(14336.0M)]
 [Times: user=0.10 sys=0.00, real=0.03 secs] 
2022-09-14T07:23:12.915-0600: 375821.433: [GC pause (G1 Evacuation Pause) (young) (initial-mark), 0.0313667 secs]
   [Parallel Time: 13.0 ms, GC Workers: 8]
      [GC Worker Start (ms): Min: 375821434.1, Avg: 375821434.7, Max: 375821435.7, Diff: 1.6]
      [Ext Root Scanning (ms): Min: 3.6, Avg: 6.7, Max: 9.7, Diff: 6.1, Sum: 53.7]
      [Update RS (ms): Min: 0.0, Avg: 1.0, Max: 3.1, Diff: 3.1, Sum: 8.3]
         [Processed Buffers: Min: 0, Avg: 6.1, Max: 18, Diff: 18, Sum: 49]
      [Scan RS (ms): Min: 0.0, Avg: 0.0, Max: 0.1, Diff: 0.1, Sum: 0.2]
      [Code Root Scanning (ms): Min: 0.0, Avg: 0.0, Max: 0.0, Diff: 0.0, Sum: 0.0]
      [Object Copy (ms): Min: 0.0, Avg: 0.9, Max: 1.9, Diff: 1.9, Sum: 7.4]
      [Termination (ms): Min: 0.0, Avg: 2.1, Max: 3.0, Diff: 3.0, Sum: 16.5]
         [Termination Attempts: Min: 1, Avg: 2.5, Max: 7, Diff: 6, Sum: 20]
      [GC Worker Other (ms): Min: 0.0, Avg: 0.0, Max: 0.0, Diff: 0.0, Sum: 0.1]
      [GC Worker Total (ms): Min: 9.7, Avg: 10.8, Max: 11.4, Diff: 1.7, Sum: 86.1]
      [GC Worker End (ms): Min: 375821445.4, Avg: 375821445.5, Max: 375821445.5, Diff: 0.1]
   [Code Root Fixup: 0.0 ms]
   [Code Root Purge: 0.0 ms]
   [Clear CT: 0.9 ms]
   [Other: 17.5 ms]
      [Choose CSet: 0.0 ms]
      [Ref Proc: 17.1 ms]
      [Ref Enq: 0.1 ms]
      [Redirty Cards: 0.1 ms]
      [Humongous Register: 0.0 ms]
      [Humongous Reclaim: 0.0 ms]
      [Free CSet: 0.1 ms]
   [Eden: 7152.0M(7152.0M)->0.0B(7152.0M) Survivors: 16384.0K->16384.0K Heap: 10841.7M(14336.0M)->3690.0M(14336.0M)]
 [Times: user=0.11 sys=0.00, real=0.03 secs] 
2022-09-14T07:23:12.947-0600: 375821.464: [GC concurrent-root-region-scan-start]
2022-09-14T07:23:12.952-0600: 375821.470: [GC concurrent-root-region-scan-end, 0.0054233 secs]
2022-09-14T07:23:12.952-0600: 375821.470: [GC concurrent-mark-start]
2022-09-14T07:23:14.276-0600: 375822.794: [GC concurrent-mark-end, 1.3238812 secs]
2022-09-14T07:23:14.276-0600: 375822.794: [GC remark 2022-09-14T07:23:14.276-0600: 375822.794: [Finalize Marking, 0.0025797 secs] 2022-09-14T07:23:14.279-0600: 375822.796: [GC ref-proc, 0.0353791 secs] 2022-09-14T07:23:14.314-0600: 375822.832: [Unloading, 0.0315599 secs], 0.0750422 secs]
 [Times: user=0.27 sys=0.00, real=0.07 secs] 
2022-09-14T07:23:14.351-0600: 375822.869: [GC cleanup 3841M->3841M(14336M), 0.0112817 secs]
 [Times: user=0.03 sys=0.00, real=0.02 secs] 
2022-09-14T07:24:30.129-0600: 375898.647: [GC pause (G1 Evacuation Pause) (young), 0.0303766 secs]
   [Parallel Time: 8.6 ms, GC Workers: 8]
      [GC Worker Start (ms): Min: 375898647.1, Avg: 375898652.1, Max: 375898655.5, Diff: 8.4]
      [Ext Root Scanning (ms): Min: 0.0, Avg: 0.8, Max: 3.0, Diff: 3.0, Sum: 6.3]
      [Update RS (ms): Min: 0.0, Avg: 1.0, Max: 2.9, Diff: 2.9, Sum: 7.9]
         [Processed Buffers: Min: 0, Avg: 5.9, Max: 19, Diff: 19, Sum: 47]
      [Scan RS (ms): Min: 0.0, Avg: 0.0, Max: 0.1, Diff: 0.1, Sum: 0.2]
      [Code Root Scanning (ms): Min: 0.0, Avg: 0.0, Max: 0.0, Diff: 0.0, Sum: 0.0]
      [Object Copy (ms): Min: 0.0, Avg: 0.6, Max: 1.7, Diff: 1.7, Sum: 5.0]
      [Termination (ms): Min: 0.0, Avg: 1.1, Max: 1.8, Diff: 1.8, Sum: 8.5]
         [Termination Attempts: Min: 1, Avg: 1.4, Max: 3, Diff: 2, Sum: 11]
      [GC Worker Other (ms): Min: 0.0, Avg: 0.0, Max: 0.0, Diff: 0.0, Sum: 0.0]
      [GC Worker Total (ms): Min: 0.0, Avg: 3.5, Max: 8.5, Diff: 8.5, Sum: 27.9]
      [GC Worker End (ms): Min: 375898655.6, Avg: 375898655.6, Max: 375898655.6, Diff: 0.1]
   [Code Root Fixup: 0.0 ms]
   [Code Root Purge: 0.0 ms]
   [Clear CT: 0.8 ms]
   [Other: 21.0 ms]
      [Choose CSet: 0.0 ms]
      [Ref Proc: 20.6 ms]
      [Ref Enq: 0.1 ms]
      [Redirty Cards: 0.1 ms]
      [Humongous Register: 0.0 ms]
      [Humongous Reclaim: 0.0 ms]
      [Free CSet: 0.1 ms]
   [Eden: 7152.0M(7152.0M)->0.0B(5712.0M) Survivors: 16384.0K->16384.0K Heap: 10842.0M(14336.0M)->3691.5M(14336.0M)]
 [Times: user=0.11 sys=0.00, real=0.03 secs] 
2022-09-14T07:25:31.780-0600: 375960.298: [GC pause (G1 Evacuation Pause) (mixed), 0.0355577 secs]
   [Parallel Time: 8.7 ms, GC Workers: 8]
      [GC Worker Start (ms): Min: 375960297.9, Avg: 375960300.8, Max: 375960306.5, Diff: 8.5]
      [Ext Root Scanning (ms): Min: 0.0, Avg: 0.9, Max: 3.6, Diff: 3.6, Sum: 7.5]
      [Update RS (ms): Min: 0.0, Avg: 1.0, Max: 2.0, Diff: 2.0, Sum: 8.0]
         [Processed Buffers: Min: 0, Avg: 5.4, Max: 17, Diff: 17, Sum: 43]
      [Scan RS (ms): Min: 0.0, Avg: 0.4, Max: 0.8, Diff: 0.8, Sum: 3.6]
      [Code Root Scanning (ms): Min: 0.0, Avg: 0.0, Max: 0.0, Diff: 0.0, Sum: 0.0]
      [Object Copy (ms): Min: 0.0, Avg: 2.3, Max: 3.2, Diff: 3.2, Sum: 18.4]
      [Termination (ms): Min: 0.0, Avg: 1.0, Max: 1.3, Diff: 1.3, Sum: 8.1]
         [Termination Attempts: Min: 1, Avg: 13.6, Max: 23, Diff: 22, Sum: 109]
      [GC Worker Other (ms): Min: 0.0, Avg: 0.0, Max: 0.0, Diff: 0.0, Sum: 0.0]
      [GC Worker Total (ms): Min: 0.0, Avg: 5.7, Max: 8.6, Diff: 8.6, Sum: 45.7]
      [GC Worker End (ms): Min: 375960306.5, Avg: 375960306.5, Max: 375960306.5, Diff: 0.0]
   [Code Root Fixup: 0.0 ms]
   [Code Root Purge: 0.0 ms]
   [Clear CT: 0.5 ms]
   [Other: 26.3 ms]
      [Choose CSet: 0.0 ms]
      [Ref Proc: 25.9 ms]
      [Ref Enq: 0.1 ms]
      [Redirty Cards: 0.1 ms]
      [Humongous Register: 0.0 ms]
      [Humongous Reclaim: 0.0 ms]
      [Free CSet: 0.2 ms]
   [Eden: 5712.0M(5712.0M)->0.0B(7152.0M) Survivors: 16384.0K->16384.0K Heap: 9403.5M(14336.0M)->3682.2M(14336.0M)]
 [Times: user=0.15 sys=0.00, real=0.04 secs] 
2022-09-14T07:26:48.275-0600: 376036.793: [GC pause (G1 Evacuation Pause) (young), 0.0324576 secs]
   [Parallel Time: 10.2 ms, GC Workers: 8]
      [GC Worker Start (ms): Min: 376036793.2, Avg: 376036797.7, Max: 376036803.1, Diff: 9.9]
      [Ext Root Scanning (ms): Min: 0.0, Avg: 0.7, Max: 2.8, Diff: 2.8, Sum: 6.0]
      [Update RS (ms): Min: 0.0, Avg: 3.0, Max: 7.0, Diff: 7.0, Sum: 24.1]
         [Processed Buffers: Min: 0, Avg: 12.2, Max: 29, Diff: 29, Sum: 98]
      [Scan RS (ms): Min: 0.0, Avg: 0.0, Max: 0.1, Diff: 0.1, Sum: 0.2]
      [Code Root Scanning (ms): Min: 0.0, Avg: 0.0, Max: 0.0, Diff: 0.0, Sum: 0.0]
      [Object Copy (ms): Min: 0.0, Avg: 0.8, Max: 1.8, Diff: 1.8, Sum: 6.7]
      [Termination (ms): Min: 0.0, Avg: 0.8, Max: 1.3, Diff: 1.3, Sum: 6.3]
         [Termination Attempts: Min: 1, Avg: 15.5, Max: 38, Diff: 37, Sum: 124]
      [GC Worker Other (ms): Min: 0.0, Avg: 0.0, Max: 0.0, Diff: 0.0, Sum: 0.0]
      [GC Worker Total (ms): Min: 0.0, Avg: 5.4, Max: 10.0, Diff: 10.0, Sum: 43.3]
      [GC Worker End (ms): Min: 376036803.1, Avg: 376036803.1, Max: 376036803.2, Diff: 0.1]
   [Code Root Fixup: 0.0 ms]
   [Code Root Purge: 0.0 ms]
   [Clear CT: 0.9 ms]
   [Other: 21.4 ms]
      [Choose CSet: 0.0 ms]
      [Ref Proc: 21.0 ms]
      [Ref Enq: 0.1 ms]
      [Redirty Cards: 0.1 ms]
      [Humongous Register: 0.0 ms]
      [Humongous Reclaim: 0.0 ms]
      [Free CSet: 0.1 ms]
   [Eden: 7152.0M(7152.0M)->0.0B(7152.0M) Survivors: 16384.0K->16384.0K Heap: 10834.2M(14336.0M)->3685.8M(14336.0M)]
 [Times: user=0.10 sys=0.00, real=0.03 secs] 
2022-09-14T07:28:05.730-0600: 376114.247: [GC pause (G1 Evacuation Pause) (young) (initial-mark), 0.0413581 secs]
   [Parallel Time: 15.6 ms, GC Workers: 8]
      [GC Worker Start (ms): Min: 376114248.9, Avg: 376114252.5, Max: 376114253.5, Diff: 4.6]
      [Ext Root Scanning (ms): Min: 1.9, Avg: 6.6, Max: 13.0, Diff: 11.1, Sum: 53.0]
      [Update RS (ms): Min: 0.0, Avg: 1.0, Max: 2.8, Diff: 2.8, Sum: 8.3]
         [Processed Buffers: Min: 0, Avg: 5.8, Max: 27, Diff: 27, Sum: 46]
      [Scan RS (ms): Min: 0.0, Avg: 0.0, Max: 0.1, Diff: 0.1, Sum: 0.3]
      [Code Root Scanning (ms): Min: 0.0, Avg: 0.0, Max: 0.0, Diff: 0.0, Sum: 0.0]
      [Object Copy (ms): Min: 0.0, Avg: 1.7, Max: 4.0, Diff: 4.0, Sum: 13.9]
      [Termination (ms): Min: 0.0, Avg: 1.0, Max: 1.7, Diff: 1.7, Sum: 8.1]
         [Termination Attempts: Min: 1, Avg: 8.0, Max: 18, Diff: 17, Sum: 64]
      [GC Worker Other (ms): Min: 0.0, Avg: 0.0, Max: 0.0, Diff: 0.0, Sum: 0.1]
      [GC Worker Total (ms): Min: 9.4, Avg: 10.5, Max: 14.0, Diff: 4.6, Sum: 83.6]
      [GC Worker End (ms): Min: 376114262.9, Avg: 376114263.0, Max: 376114263.1, Diff: 0.2]
   [Code Root Fixup: 0.0 ms]
   [Code Root Purge: 0.0 ms]
   [Clear CT: 0.8 ms]
   [Other: 24.9 ms]
      [Choose CSet: 0.0 ms]
      [Ref Proc: 24.5 ms]
      [Ref Enq: 0.1 ms]
      [Redirty Cards: 0.1 ms]
      [Humongous Register: 0.0 ms]
      [Humongous Reclaim: 0.0 ms]
      [Free CSet: 0.1 ms]
   [Eden: 7152.0M(7152.0M)->0.0B(7152.0M) Survivors: 16384.0K->16384.0K Heap: 10837.8M(14336.0M)->3688.4M(14336.0M)]
 [Times: user=0.12 sys=0.00, real=0.04 secs] 
2022-09-14T07:28:05.771-0600: 376114.289: [GC concurrent-root-region-scan-start]
2022-09-14T07:28:05.777-0600: 376114.295: [GC concurrent-root-region-scan-end, 0.0058496 secs]
2022-09-14T07:28:05.777-0600: 376114.295: [GC concurrent-mark-start]
2022-09-14T07:28:07.105-0600: 376115.622: [GC concurrent-mark-end, 1.3275124 secs]
2022-09-14T07:28:07.105-0600: 376115.622: [GC remark 2022-09-14T07:28:07.105-0600: 376115.622: [Finalize Marking, 0.0025340 secs] 2022-09-14T07:28:07.107-0600: 376115.625: [GC ref-proc, 0.0313422 secs] 2022-09-14T07:28:07.139-0600: 376115.656: [Unloading, 0.0274669 secs], 0.0683409 secs]
 [Times: user=0.27 sys=0.00, real=0.07 secs] 
2022-09-14T07:28:07.173-0600: 376115.691: [GC cleanup 3881M->3881M(14336M), 0.0090388 secs]
 [Times: user=0.03 sys=0.00, real=0.01 secs] 
2022-09-14T07:29:22.675-0600: 376191.193: [GC pause (G1 Evacuation Pause) (young), 0.0296697 secs]
   [Parallel Time: 6.6 ms, GC Workers: 8]
      [GC Worker Start (ms): Min: 376191193.1, Avg: 376191195.5, Max: 376191199.5, Diff: 6.4]
      [Ext Root Scanning (ms): Min: 0.0, Avg: 1.0, Max: 3.3, Diff: 3.3, Sum: 8.0]
      [Update RS (ms): Min: 0.0, Avg: 1.2, Max: 2.3, Diff: 2.3, Sum: 9.8]
         [Processed Buffers: Min: 0, Avg: 6.4, Max: 14, Diff: 14, Sum: 51]
      [Scan RS (ms): Min: 0.0, Avg: 0.0, Max: 0.1, Diff: 0.1, Sum: 0.2]
      [Code Root Scanning (ms): Min: 0.0, Avg: 0.0, Max: 0.0, Diff: 0.0, Sum: 0.0]
      [Object Copy (ms): Min: 0.0, Avg: 0.9, Max: 1.5, Diff: 1.5, Sum: 6.9]
      [Termination (ms): Min: 0.0, Avg: 0.9, Max: 1.2, Diff: 1.2, Sum: 7.4]
         [Termination Attempts: Min: 1, Avg: 10.6, Max: 17, Diff: 16, Sum: 85]
      [GC Worker Other (ms): Min: 0.0, Avg: 0.0, Max: 0.0, Diff: 0.0, Sum: 0.0]
      [GC Worker Total (ms): Min: 0.0, Avg: 4.0, Max: 6.5, Diff: 6.5, Sum: 32.3]
      [GC Worker End (ms): Min: 376191199.5, Avg: 376191199.6, Max: 376191199.6, Diff: 0.1]
   [Code Root Fixup: 0.0 ms]
   [Code Root Purge: 0.0 ms]
   [Clear CT: 0.5 ms]
   [Other: 22.5 ms]
      [Choose CSet: 0.0 ms]
      [Ref Proc: 22.1 ms]
      [Ref Enq: 0.1 ms]
      [Redirty Cards: 0.1 ms]
      [Humongous Register: 0.0 ms]
      [Humongous Reclaim: 0.0 ms]
      [Free CSet: 0.2 ms]
   [Eden: 7152.0M(7152.0M)->0.0B(5712.0M) Survivors: 16384.0K->16384.0K Heap: 10840.4M(14336.0M)->3687.5M(14336.0M)]
 [Times: user=0.12 sys=0.00, real=0.03 secs] 
2022-09-14T07:30:23.925-0600: 376252.443: [GC pause (G1 Evacuation Pause) (mixed), 0.0278589 secs]
   [Parallel Time: 9.2 ms, GC Workers: 8]
      [GC Worker Start (ms): Min: 376252443.3, Avg: 376252446.0, Max: 376252450.8, Diff: 7.5]
      [Ext Root Scanning (ms): Min: 0.0, Avg: 1.0, Max: 3.6, Diff: 3.6, Sum: 7.8]
      [Update RS (ms): Min: 0.0, Avg: 1.1, Max: 2.4, Diff: 2.4, Sum: 9.1]
         [Processed Buffers: Min: 0, Avg: 5.5, Max: 13, Diff: 13, Sum: 44]
      [Scan RS (ms): Min: 0.0, Avg: 1.0, Max: 1.4, Diff: 1.4, Sum: 7.9]
      [Code Root Scanning (ms): Min: 0.0, Avg: 0.0, Max: 0.0, Diff: 0.0, Sum: 0.0]
      [Object Copy (ms): Min: 1.1, Avg: 2.8, Max: 3.6, Diff: 2.5, Sum: 22.6]
      [Termination (ms): Min: 0.0, Avg: 0.0, Max: 0.0, Diff: 0.0, Sum: 0.1]
         [Termination Attempts: Min: 1, Avg: 25.2, Max: 37, Diff: 36, Sum: 202]
      [GC Worker Other (ms): Min: 0.0, Avg: 0.0, Max: 0.0, Diff: 0.0, Sum: 0.1]
      [GC Worker Total (ms): Min: 1.2, Avg: 6.0, Max: 8.7, Diff: 7.5, Sum: 47.7]
      [GC Worker End (ms): Min: 376252451.9, Avg: 376252451.9, Max: 376252452.0, Diff: 0.0]
   [Code Root Fixup: 0.0 ms]
   [Code Root Purge: 0.0 ms]
   [Clear CT: 0.6 ms]
   [Other: 18.1 ms]
      [Choose CSet: 0.0 ms]
      [Ref Proc: 17.6 ms]
      [Ref Enq: 0.1 ms]
      [Redirty Cards: 0.1 ms]
      [Humongous Register: 0.0 ms]
      [Humongous Reclaim: 0.0 ms]
      [Free CSet: 0.1 ms]
   [Eden: 5712.0M(5712.0M)->0.0B(7152.0M) Survivors: 16384.0K->16384.0K Heap: 9399.5M(14336.0M)->3679.9M(14336.0M)]
 [Times: user=0.11 sys=0.00, real=0.03 secs] 
2022-09-14T07:31:39.636-0600: 376328.154: [GC pause (G1 Evacuation Pause) (young), 0.0272453 secs]
   [Parallel Time: 8.7 ms, GC Workers: 8]
      [GC Worker Start (ms): Min: 376328154.2, Avg: 376328156.8, Max: 376328160.0, Diff: 5.7]
      [Ext Root Scanning (ms): Min: 0.0, Avg: 0.9, Max: 3.3, Diff: 3.3, Sum: 7.0]
      [Update RS (ms): Min: 1.5, Avg: 3.8, Max: 5.8, Diff: 4.4, Sum: 30.6]
         [Processed Buffers: Min: 1, Avg: 15.1, Max: 33, Diff: 32, Sum: 121]
      [Scan RS (ms): Min: 0.0, Avg: 0.0, Max: 0.1, Diff: 0.1, Sum: 0.2]
      [Code Root Scanning (ms): Min: 0.0, Avg: 0.0, Max: 0.0, Diff: 0.0, Sum: 0.0]
      [Object Copy (ms): Min: 0.8, Avg: 1.3, Max: 1.6, Diff: 0.8, Sum: 10.7]
      [Termination (ms): Min: 0.0, Avg: 0.0, Max: 0.0, Diff: 0.0, Sum: 0.1]
         [Termination Attempts: Min: 1, Avg: 11.5, Max: 21, Diff: 20, Sum: 92]
      [GC Worker Other (ms): Min: 0.0, Avg: 0.0, Max: 0.1, Diff: 0.0, Sum: 0.2]
      [GC Worker Total (ms): Min: 2.9, Avg: 6.1, Max: 8.7, Diff: 5.8, Sum: 48.8]
      [GC Worker End (ms): Min: 376328162.9, Avg: 376328162.9, Max: 376328162.9, Diff: 0.0]
   [Code Root Fixup: 0.0 ms]
   [Code Root Purge: 0.0 ms]
   [Clear CT: 0.6 ms]
   [Other: 17.9 ms]
      [Choose CSet: 0.0 ms]
      [Ref Proc: 17.5 ms]
      [Ref Enq: 0.1 ms]
      [Redirty Cards: 0.1 ms]
      [Humongous Register: 0.0 ms]
      [Humongous Reclaim: 0.0 ms]
      [Free CSet: 0.1 ms]
   [Eden: 7152.0M(7152.0M)->0.0B(7152.0M) Survivors: 16384.0K->16384.0K Heap: 10831.9M(14336.0M)->3687.6M(14336.0M)]
 [Times: user=0.10 sys=0.00, real=0.03 secs] 
2022-09-14T07:32:54.581-0600: 376403.098: [GC pause (G1 Evacuation Pause) (young) (initial-mark), 0.0426469 secs]
   [Parallel Time: 17.2 ms, GC Workers: 8]
      [GC Worker Start (ms): Min: 376403099.8, Avg: 376403103.7, Max: 376403104.6, Diff: 4.8]
      [Ext Root Scanning (ms): Min: 2.3, Avg: 6.5, Max: 11.8, Diff: 9.5, Sum: 52.3]
      [Update RS (ms): Min: 0.0, Avg: 1.7, Max: 3.7, Diff: 3.7, Sum: 13.3]
         [Processed Buffers: Min: 0, Avg: 6.1, Max: 19, Diff: 19, Sum: 49]
      [Scan RS (ms): Min: 0.0, Avg: 0.0, Max: 0.1, Diff: 0.1, Sum: 0.3]
      [Code Root Scanning (ms): Min: 0.0, Avg: 0.0, Max: 0.0, Diff: 0.0, Sum: 0.0]
      [Object Copy (ms): Min: 0.0, Avg: 1.3, Max: 2.3, Diff: 2.3, Sum: 10.1]
      [Termination (ms): Min: 0.0, Avg: 2.2, Max: 2.8, Diff: 2.8, Sum: 17.5]
         [Termination Attempts: Min: 1, Avg: 5.8, Max: 10, Diff: 9, Sum: 46]
      [GC Worker Other (ms): Min: 0.0, Avg: 0.0, Max: 0.0, Diff: 0.0, Sum: 0.1]
      [GC Worker Total (ms): Min: 10.7, Avg: 11.7, Max: 15.6, Diff: 4.9, Sum: 93.5]
      [GC Worker End (ms): Min: 376403115.3, Avg: 376403115.4, Max: 376403115.5, Diff: 0.2]
   [Code Root Fixup: 0.0 ms]
   [Code Root Purge: 0.0 ms]
   [Clear CT: 0.8 ms]
   [Other: 24.7 ms]
      [Choose CSet: 0.0 ms]
      [Ref Proc: 24.3 ms]
      [Ref Enq: 0.1 ms]
      [Redirty Cards: 0.1 ms]
      [Humongous Register: 0.0 ms]
      [Humongous Reclaim: 0.0 ms]
      [Free CSet: 0.1 ms]
   [Eden: 7152.0M(7152.0M)->0.0B(7152.0M) Survivors: 16384.0K->16384.0K Heap: 10839.6M(14336.0M)->3691.0M(14336.0M)]
 [Times: user=0.15 sys=0.00, real=0.04 secs] 
2022-09-14T07:32:54.623-0600: 376403.141: [GC concurrent-root-region-scan-start]
2022-09-14T07:32:54.629-0600: 376403.147: [GC concurrent-root-region-scan-end, 0.0059150 secs]
2022-09-14T07:32:54.629-0600: 376403.147: [GC concurrent-mark-start]
2022-09-14T07:32:55.942-0600: 376404.460: [GC concurrent-mark-end, 1.3129187 secs]
2022-09-14T07:32:55.943-0600: 376404.460: [GC remark 2022-09-14T07:32:55.943-0600: 376404.460: [Finalize Marking, 0.0017463 secs] 2022-09-14T07:32:55.944-0600: 376404.462: [GC ref-proc, 0.0262532 secs] 2022-09-14T07:32:55.971-0600: 376404.488: [Unloading, 0.0249018 secs], 0.0567928 secs]
 [Times: user=0.27 sys=0.00, real=0.05 secs] 
2022-09-14T07:32:56.000-0600: 376404.517: [GC cleanup 3844M->3844M(14336M), 0.0082481 secs]
 [Times: user=0.02 sys=0.00, real=0.01 secs] 
2022-09-14T07:34:10.124-0600: 376478.642: [GC pause (G1 Evacuation Pause) (young), 0.0258341 secs]
   [Parallel Time: 8.3 ms, GC Workers: 8]
      [GC Worker Start (ms): Min: 376478642.3, Avg: 376478645.8, Max: 376478650.1, Diff: 7.8]
      [Ext Root Scanning (ms): Min: 0.0, Avg: 0.9, Max: 3.1, Diff: 3.1, Sum: 6.9]
      [Update RS (ms): Min: 0.0, Avg: 2.1, Max: 5.2, Diff: 5.2, Sum: 16.6]
         [Processed Buffers: Min: 0, Avg: 7.0, Max: 13, Diff: 13, Sum: 56]
      [Scan RS (ms): Min: 0.0, Avg: 0.0, Max: 0.1, Diff: 0.1, Sum: 0.2]
      [Code Root Scanning (ms): Min: 0.0, Avg: 0.0, Max: 0.0, Diff: 0.0, Sum: 0.0]
      [Object Copy (ms): Min: 0.0, Avg: 1.0, Max: 1.9, Diff: 1.8, Sum: 8.1]
      [Termination (ms): Min: 0.0, Avg: 0.7, Max: 1.1, Diff: 1.1, Sum: 5.4]
         [Termination Attempts: Min: 1, Avg: 7.2, Max: 18, Diff: 17, Sum: 58]
      [GC Worker Other (ms): Min: 0.0, Avg: 0.0, Max: 0.0, Diff: 0.0, Sum: 0.1]
      [GC Worker Total (ms): Min: 0.4, Avg: 4.7, Max: 8.2, Diff: 7.8, Sum: 37.4]
      [GC Worker End (ms): Min: 376478650.4, Avg: 376478650.5, Max: 376478650.5, Diff: 0.1]
   [Code Root Fixup: 0.0 ms]
   [Code Root Purge: 0.0 ms]
   [Clear CT: 0.5 ms]
   [Other: 17.0 ms]
      [Choose CSet: 0.0 ms]
      [Ref Proc: 16.6 ms]
      [Ref Enq: 0.1 ms]
      [Redirty Cards: 0.1 ms]
      [Humongous Register: 0.0 ms]
      [Humongous Reclaim: 0.0 ms]
      [Free CSet: 0.1 ms]
   [Eden: 7152.0M(7152.0M)->0.0B(5712.0M) Survivors: 16384.0K->16384.0K Heap: 10843.0M(14336.0M)->3690.4M(14336.0M)]
 [Times: user=0.10 sys=0.00, real=0.02 secs] 
2022-09-14T07:35:10.979-0600: 376539.497: [GC pause (G1 Evacuation Pause) (mixed), 0.0401132 secs]
   [Parallel Time: 16.8 ms, GC Workers: 8]
      [GC Worker Start (ms): Min: 376539497.1, Avg: 376539507.2, Max: 376539513.6, Diff: 16.6]
      [Ext Root Scanning (ms): Min: 0.0, Avg: 0.9, Max: 4.1, Diff: 4.1, Sum: 6.9]
      [Update RS (ms): Min: 0.0, Avg: 1.0, Max: 4.1, Diff: 4.1, Sum: 8.1]
         [Processed Buffers: Min: 0, Avg: 5.8, Max: 30, Diff: 30, Sum: 46]
      [Scan RS (ms): Min: 0.0, Avg: 0.7, Max: 1.9, Diff: 1.9, Sum: 5.7]
      [Code Root Scanning (ms): Min: 0.0, Avg: 0.0, Max: 0.0, Diff: 0.0, Sum: 0.0]
      [Object Copy (ms): Min: 0.0, Avg: 2.5, Max: 4.9, Diff: 4.9, Sum: 20.3]
      [Termination (ms): Min: 0.0, Avg: 1.4, Max: 1.9, Diff: 1.9, Sum: 11.0]
         [Termination Attempts: Min: 1, Avg: 7.4, Max: 19, Diff: 18, Sum: 59]
      [GC Worker Other (ms): Min: 0.0, Avg: 0.0, Max: 0.0, Diff: 0.0, Sum: 0.0]
      [GC Worker Total (ms): Min: 0.0, Avg: 6.5, Max: 16.6, Diff: 16.6, Sum: 52.0]
      [GC Worker End (ms): Min: 376539513.6, Avg: 376539513.7, Max: 376539513.8, Diff: 0.2]
   [Code Root Fixup: 0.0 ms]
   [Code Root Purge: 0.0 ms]
   [Clear CT: 0.7 ms]
   [Other: 22.6 ms]
      [Choose CSet: 0.0 ms]
      [Ref Proc: 22.2 ms]
      [Ref Enq: 0.1 ms]
      [Redirty Cards: 0.1 ms]
      [Humongous Register: 0.0 ms]
      [Humongous Reclaim: 0.0 ms]
      [Free CSet: 0.1 ms]
   [Eden: 5712.0M(5712.0M)->0.0B(7152.0M) Survivors: 16384.0K->16384.0K Heap: 9402.4M(14336.0M)->3684.0M(14336.0M)]
 [Times: user=0.14 sys=0.00, real=0.04 secs] 
2022-09-14T07:36:25.795-0600: 376614.312: [GC pause (G1 Evacuation Pause) (young), 0.0239363 secs]
   [Parallel Time: 8.4 ms, GC Workers: 8]
      [GC Worker Start (ms): Min: 376614312.3, Avg: 376614315.5, Max: 376614318.4, Diff: 6.1]
      [Ext Root Scanning (ms): Min: 0.0, Avg: 0.9, Max: 2.9, Diff: 2.9, Sum: 7.4]
      [Update RS (ms): Min: 0.8, Avg: 2.8, Max: 4.9, Diff: 4.1, Sum: 22.3]
         [Processed Buffers: Min: 3, Avg: 15.9, Max: 34, Diff: 31, Sum: 127]
      [Scan RS (ms): Min: 0.0, Avg: 0.0, Max: 0.1, Diff: 0.1, Sum: 0.3]
      [Code Root Scanning (ms): Min: 0.0, Avg: 0.0, Max: 0.0, Diff: 0.0, Sum: 0.0]
      [Object Copy (ms): Min: 1.2, Avg: 1.3, Max: 1.5, Diff: 0.3, Sum: 10.6]
      [Termination (ms): Min: 0.0, Avg: 0.0, Max: 0.0, Diff: 0.0, Sum: 0.0]
         [Termination Attempts: Min: 1, Avg: 5.1, Max: 7, Diff: 6, Sum: 41]
      [GC Worker Other (ms): Min: 0.0, Avg: 0.0, Max: 0.0, Diff: 0.0, Sum: 0.2]
      [GC Worker Total (ms): Min: 2.2, Avg: 5.1, Max: 8.3, Diff: 6.1, Sum: 40.8]
      [GC Worker End (ms): Min: 376614320.6, Avg: 376614320.6, Max: 376614320.6, Diff: 0.0]
   [Code Root Fixup: 0.0 ms]
   [Code Root Purge: 0.0 ms]
   [Clear CT: 0.9 ms]
   [Other: 14.6 ms]
      [Choose CSet: 0.0 ms]
      [Ref Proc: 14.2 ms]
      [Ref Enq: 0.1 ms]
      [Redirty Cards: 0.1 ms]
      [Humongous Register: 0.0 ms]
      [Humongous Reclaim: 0.0 ms]
      [Free CSet: 0.1 ms]
   [Eden: 7152.0M(7152.0M)->0.0B(7152.0M) Survivors: 16384.0K->16384.0K Heap: 10836.0M(14336.0M)->3693.5M(14336.0M)]
 [Times: user=0.10 sys=0.00, real=0.02 secs] 
2022-09-14T07:37:41.377-0600: 376689.894: [GC pause (G1 Evacuation Pause) (young) (initial-mark), 0.0406156 secs]
   [Parallel Time: 14.5 ms, GC Workers: 8]
      [GC Worker Start (ms): Min: 376689895.7, Avg: 376689898.0, Max: 376689899.1, Diff: 3.4]
      [Ext Root Scanning (ms): Min: 2.1, Avg: 6.0, Max: 9.8, Diff: 7.7, Sum: 47.6]
      [Update RS (ms): Min: 0.0, Avg: 1.6, Max: 5.4, Diff: 5.4, Sum: 13.0]
         [Processed Buffers: Min: 0, Avg: 5.9, Max: 13, Diff: 13, Sum: 47]
      [Scan RS (ms): Min: 0.0, Avg: 0.0, Max: 0.1, Diff: 0.1, Sum: 0.2]
      [Code Root Scanning (ms): Min: 0.0, Avg: 0.0, Max: 0.0, Diff: 0.0, Sum: 0.0]
      [Object Copy (ms): Min: 0.0, Avg: 1.4, Max: 2.3, Diff: 2.3, Sum: 11.3]
      [Termination (ms): Min: 0.0, Avg: 1.9, Max: 2.3, Diff: 2.3, Sum: 15.1]
         [Termination Attempts: Min: 1, Avg: 1.9, Max: 3, Diff: 2, Sum: 15]
      [GC Worker Other (ms): Min: 0.0, Avg: 0.0, Max: 0.0, Diff: 0.0, Sum: 0.1]
      [GC Worker Total (ms): Min: 9.8, Avg: 10.9, Max: 13.2, Diff: 3.4, Sum: 87.3]
      [GC Worker End (ms): Min: 376689908.8, Avg: 376689908.9, Max: 376689908.9, Diff: 0.0]
   [Code Root Fixup: 0.0 ms]
   [Code Root Purge: 0.0 ms]
   [Clear CT: 0.6 ms]
   [Other: 25.5 ms]
      [Choose CSet: 0.0 ms]
      [Ref Proc: 24.9 ms]
      [Ref Enq: 0.2 ms]
      [Redirty Cards: 0.1 ms]
      [Humongous Register: 0.0 ms]
      [Humongous Reclaim: 0.0 ms]
      [Free CSet: 0.2 ms]
   [Eden: 7152.0M(7152.0M)->0.0B(7152.0M) Survivors: 16384.0K->16384.0K Heap: 10845.5M(14336.0M)->3694.9M(14336.0M)]
 [Times: user=0.12 sys=0.00, real=0.04 secs] 
2022-09-14T07:37:41.417-0600: 376689.935: [GC concurrent-root-region-scan-start]
2022-09-14T07:37:41.423-0600: 376689.941: [GC concurrent-root-region-scan-end, 0.0057682 secs]
2022-09-14T07:37:41.423-0600: 376689.941: [GC concurrent-mark-start]
2022-09-14T07:37:42.741-0600: 376691.259: [GC concurrent-mark-end, 1.3176853 secs]
2022-09-14T07:37:42.741-0600: 376691.259: [GC remark 2022-09-14T07:37:42.741-0600: 376691.259: [Finalize Marking, 0.0020011 secs] 2022-09-14T07:37:42.743-0600: 376691.261: [GC ref-proc, 0.0461666 secs] 2022-09-14T07:37:42.789-0600: 376691.307: [Unloading, 0.0261059 secs], 0.0801043 secs]
 [Times: user=0.34 sys=0.00, real=0.08 secs] 
2022-09-14T07:37:42.821-0600: 376691.339: [GC cleanup 3870M->3870M(14336M), 0.0106606 secs]
 [Times: user=0.03 sys=0.00, real=0.00 secs] 
2022-09-14T07:38:57.429-0600: 376765.947: [GC pause (G1 Evacuation Pause) (young), 0.0253468 secs]
   [Parallel Time: 5.8 ms, GC Workers: 8]
      [GC Worker Start (ms): Min: 376765947.1, Avg: 376765949.4, Max: 376765952.8, Diff: 5.7]
      [Ext Root Scanning (ms): Min: 0.0, Avg: 0.9, Max: 3.3, Diff: 3.3, Sum: 6.9]
      [Update RS (ms): Min: 0.0, Avg: 1.2, Max: 2.5, Diff: 2.5, Sum: 9.6]
         [Processed Buffers: Min: 0, Avg: 6.9, Max: 15, Diff: 15, Sum: 55]
      [Scan RS (ms): Min: 0.0, Avg: 0.0, Max: 0.1, Diff: 0.0, Sum: 0.3]
      [Code Root Scanning (ms): Min: 0.0, Avg: 0.0, Max: 0.0, Diff: 0.0, Sum: 0.0]
      [Object Copy (ms): Min: 0.0, Avg: 0.9, Max: 1.5, Diff: 1.5, Sum: 7.4]
      [Termination (ms): Min: 0.0, Avg: 0.4, Max: 0.7, Diff: 0.7, Sum: 3.5]
         [Termination Attempts: Min: 1, Avg: 6.5, Max: 17, Diff: 16, Sum: 52]
      [GC Worker Other (ms): Min: 0.0, Avg: 0.0, Max: 0.0, Diff: 0.0, Sum: 0.0]
      [GC Worker Total (ms): Min: 0.0, Avg: 3.5, Max: 5.7, Diff: 5.7, Sum: 27.7]
      [GC Worker End (ms): Min: 376765952.8, Avg: 376765952.8, Max: 376765952.9, Diff: 0.1]
   [Code Root Fixup: 0.0 ms]
   [Code Root Purge: 0.0 ms]
   [Clear CT: 0.6 ms]
   [Other: 19.0 ms]
      [Choose CSet: 0.0 ms]
      [Ref Proc: 18.6 ms]
      [Ref Enq: 0.1 ms]
      [Redirty Cards: 0.1 ms]
      [Humongous Register: 0.0 ms]
      [Humongous Reclaim: 0.0 ms]
      [Free CSet: 0.1 ms]
   [Eden: 7152.0M(7152.0M)->0.0B(5712.0M) Survivors: 16384.0K->16384.0K Heap: 10846.9M(14336.0M)->3694.8M(14336.0M)]
 [Times: user=0.11 sys=0.00, real=0.03 secs] 
2022-09-14T07:39:56.878-0600: 376825.396: [GC pause (G1 Evacuation Pause) (mixed), 0.0289762 secs]
   [Parallel Time: 16.8 ms, GC Workers: 8]
      [GC Worker Start (ms): Min: 376825395.6, Avg: 376825404.0, Max: 376825410.3, Diff: 14.7]
      [Ext Root Scanning (ms): Min: 0.0, Avg: 0.9, Max: 4.8, Diff: 4.8, Sum: 6.9]
      [Update RS (ms): Min: 0.0, Avg: 1.5, Max: 6.0, Diff: 6.0, Sum: 11.7]
         [Processed Buffers: Min: 0, Avg: 5.2, Max: 18, Diff: 18, Sum: 42]
      [Scan RS (ms): Min: 0.0, Avg: 0.9, Max: 2.5, Diff: 2.5, Sum: 7.3]
      [Code Root Scanning (ms): Min: 0.0, Avg: 0.0, Max: 0.0, Diff: 0.0, Sum: 0.0]
      [Object Copy (ms): Min: 1.4, Avg: 4.5, Max: 6.1, Diff: 4.8, Sum: 36.3]
      [Termination (ms): Min: 0.0, Avg: 0.5, Max: 0.6, Diff: 0.6, Sum: 4.1]
         [Termination Attempts: Min: 1, Avg: 11.2, Max: 18, Diff: 17, Sum: 90]
      [GC Worker Other (ms): Min: 0.0, Avg: 0.0, Max: 0.0, Diff: 0.0, Sum: 0.1]
      [GC Worker Total (ms): Min: 2.0, Avg: 8.3, Max: 16.7, Diff: 14.7, Sum: 66.5]
      [GC Worker End (ms): Min: 376825412.3, Avg: 376825412.3, Max: 376825412.3, Diff: 0.0]
   [Code Root Fixup: 0.0 ms]
   [Code Root Purge: 0.0 ms]
   [Clear CT: 0.8 ms]
   [Other: 11.4 ms]
      [Choose CSet: 0.0 ms]
      [Ref Proc: 10.9 ms]
      [Ref Enq: 0.1 ms]
      [Redirty Cards: 0.1 ms]
      [Humongous Register: 0.0 ms]
      [Humongous Reclaim: 0.0 ms]
      [Free CSet: 0.1 ms]
   [Eden: 5712.0M(5712.0M)->0.0B(7152.0M) Survivors: 16384.0K->16384.0K Heap: 9406.8M(14336.0M)->3676.2M(14336.0M)]
 [Times: user=0.11 sys=0.00, real=0.03 secs] 
2022-09-14T07:41:10.727-0600: 376899.244: [GC pause (G1 Evacuation Pause) (young), 0.0465401 secs]
   [Parallel Time: 18.4 ms, GC Workers: 8]
      [GC Worker Start (ms): Min: 376899244.3, Avg: 376899253.1, Max: 376899261.5, Diff: 17.2]
      [Ext Root Scanning (ms): Min: 0.0, Avg: 0.8, Max: 2.9, Diff: 2.9, Sum: 6.4]
      [Update RS (ms): Min: 0.0, Avg: 4.7, Max: 15.1, Diff: 15.1, Sum: 37.9]
         [Processed Buffers: Min: 0, Avg: 20.2, Max: 53, Diff: 53, Sum: 162]
      [Scan RS (ms): Min: 0.0, Avg: 0.0, Max: 0.1, Diff: 0.1, Sum: 0.2]
      [Code Root Scanning (ms): Min: 0.0, Avg: 0.0, Max: 0.0, Diff: 0.0, Sum: 0.0]
      [Object Copy (ms): Min: 0.0, Avg: 2.2, Max: 4.0, Diff: 4.0, Sum: 17.6]
      [Termination (ms): Min: 0.0, Avg: 1.6, Max: 2.1, Diff: 2.1, Sum: 13.0]
         [Termination Attempts: Min: 1, Avg: 2.9, Max: 8, Diff: 7, Sum: 23]
      [GC Worker Other (ms): Min: 0.0, Avg: 0.0, Max: 0.0, Diff: 0.0, Sum: 0.1]
      [GC Worker Total (ms): Min: 1.0, Avg: 9.4, Max: 18.2, Diff: 17.2, Sum: 75.2]
      [GC Worker End (ms): Min: 376899262.4, Avg: 376899262.5, Max: 376899262.5, Diff: 0.1]
   [Code Root Fixup: 0.0 ms]
   [Code Root Purge: 0.0 ms]
   [Clear CT: 1.6 ms]
   [Other: 26.5 ms]
      [Choose CSet: 0.0 ms]
      [Ref Proc: 26.1 ms]
      [Ref Enq: 0.1 ms]
      [Redirty Cards: 0.1 ms]
      [Humongous Register: 0.0 ms]
      [Humongous Reclaim: 0.0 ms]
      [Free CSet: 0.1 ms]
   [Eden: 7152.0M(7152.0M)->0.0B(7152.0M) Survivors: 16384.0K->16384.0K Heap: 10828.2M(14336.0M)->3694.6M(14336.0M)]
 [Times: user=0.17 sys=0.00, real=0.05 secs] 
2022-09-14T07:42:25.666-0600: 376974.184: [GC pause (G1 Evacuation Pause) (young) (initial-mark), 0.0315217 secs]
   [Parallel Time: 14.8 ms, GC Workers: 8]
      [GC Worker Start (ms): Min: 376974184.9, Avg: 376974186.1, Max: 376974187.1, Diff: 2.2]
      [Ext Root Scanning (ms): Min: 2.2, Avg: 6.6, Max: 10.6, Diff: 8.5, Sum: 53.1]
      [Update RS (ms): Min: 0.0, Avg: 1.1, Max: 2.9, Diff: 2.9, Sum: 8.8]
         [Processed Buffers: Min: 0, Avg: 6.2, Max: 14, Diff: 14, Sum: 50]
      [Scan RS (ms): Min: 0.0, Avg: 0.0, Max: 0.1, Diff: 0.1, Sum: 0.2]
      [Code Root Scanning (ms): Min: 0.0, Avg: 0.0, Max: 0.0, Diff: 0.0, Sum: 0.0]
      [Object Copy (ms): Min: 0.0, Avg: 2.2, Max: 6.4, Diff: 6.4, Sum: 17.5]
      [Termination (ms): Min: 0.0, Avg: 2.2, Max: 3.2, Diff: 3.2, Sum: 17.8]
         [Termination Attempts: Min: 1, Avg: 3.5, Max: 11, Diff: 10, Sum: 28]
      [GC Worker Other (ms): Min: 0.0, Avg: 0.0, Max: 0.0, Diff: 0.0, Sum: 0.0]
      [GC Worker Total (ms): Min: 11.3, Avg: 12.2, Max: 13.5, Diff: 2.2, Sum: 97.5]
      [GC Worker End (ms): Min: 376974198.3, Avg: 376974198.3, Max: 376974198.4, Diff: 0.1]
   [Code Root Fixup: 0.0 ms]
   [Code Root Purge: 0.0 ms]
   [Clear CT: 0.5 ms]
   [Other: 16.3 ms]
      [Choose CSet: 0.0 ms]
      [Ref Proc: 15.8 ms]
      [Ref Enq: 0.1 ms]
      [Redirty Cards: 0.1 ms]
      [Humongous Register: 0.0 ms]
      [Humongous Reclaim: 0.0 ms]
      [Free CSet: 0.1 ms]
   [Eden: 7152.0M(7152.0M)->0.0B(7136.0M) Survivors: 16384.0K->32768.0K Heap: 10846.6M(14336.0M)->3702.9M(14336.0M)]
 [Times: user=0.11 sys=0.00, real=0.03 secs] 
2022-09-14T07:42:25.697-0600: 376974.215: [GC concurrent-root-region-scan-start]
2022-09-14T07:42:25.703-0600: 376974.221: [GC concurrent-root-region-scan-end, 0.0059075 secs]
2022-09-14T07:42:25.703-0600: 376974.221: [GC concurrent-mark-start]
2022-09-14T07:42:27.031-0600: 376975.548: [GC concurrent-mark-end, 1.3272230 secs]
2022-09-14T07:42:27.031-0600: 376975.548: [GC remark 2022-09-14T07:42:27.031-0600: 376975.548: [Finalize Marking, 0.0020854 secs] 2022-09-14T07:42:27.033-0600: 376975.551: [GC ref-proc, 0.0328338 secs] 2022-09-14T07:42:27.066-0600: 376975.583: [Unloading, 0.0420522 secs], 0.0814162 secs]
 [Times: user=0.27 sys=0.00, real=0.08 secs] 
2022-09-14T07:42:27.112-0600: 376975.630: [GC cleanup 3846M->3846M(14336M), 0.0093372 secs]
 [Times: user=0.02 sys=0.00, real=0.02 secs] 
2022-09-14T07:43:40.025-0600: 377048.543: [GC pause (G1 Evacuation Pause) (young), 0.0247396 secs]
   [Parallel Time: 6.2 ms, GC Workers: 8]
      [GC Worker Start (ms): Min: 377048543.1, Avg: 377048545.1, Max: 377048549.1, Diff: 6.1]
      [Ext Root Scanning (ms): Min: 0.0, Avg: 0.8, Max: 3.0, Diff: 3.0, Sum: 6.5]
      [Update RS (ms): Min: 0.0, Avg: 1.6, Max: 2.8, Diff: 2.8, Sum: 12.8]
         [Processed Buffers: Min: 0, Avg: 8.8, Max: 16, Diff: 16, Sum: 70]
      [Scan RS (ms): Min: 0.0, Avg: 0.0, Max: 0.1, Diff: 0.0, Sum: 0.2]
      [Code Root Scanning (ms): Min: 0.0, Avg: 0.0, Max: 0.0, Diff: 0.0, Sum: 0.0]
      [Object Copy (ms): Min: 0.0, Avg: 1.0, Max: 1.4, Diff: 1.4, Sum: 8.3]
      [Termination (ms): Min: 0.0, Avg: 0.5, Max: 0.6, Diff: 0.6, Sum: 4.4]
         [Termination Attempts: Min: 1, Avg: 6.0, Max: 11, Diff: 10, Sum: 48]
      [GC Worker Other (ms): Min: 0.0, Avg: 0.0, Max: 0.0, Diff: 0.0, Sum: 0.0]
      [GC Worker Total (ms): Min: 0.0, Avg: 4.0, Max: 6.1, Diff: 6.1, Sum: 32.1]
      [GC Worker End (ms): Min: 377048549.1, Avg: 377048549.1, Max: 377048549.2, Diff: 0.0]
   [Code Root Fixup: 0.0 ms]
   [Code Root Purge: 0.0 ms]
   [Clear CT: 1.0 ms]
   [Other: 17.6 ms]
      [Choose CSet: 0.0 ms]
      [Ref Proc: 17.2 ms]
      [Ref Enq: 0.1 ms]
      [Redirty Cards: 0.1 ms]
      [Humongous Register: 0.0 ms]
      [Humongous Reclaim: 0.0 ms]
      [Free CSet: 0.1 ms]
   [Eden: 7136.0M(7136.0M)->0.0B(5712.0M) Survivors: 32768.0K->16384.0K Heap: 10838.9M(14336.0M)->3698.7M(14336.0M)]
 [Times: user=0.10 sys=0.00, real=0.02 secs] 
2022-09-14T07:44:42.428-0600: 377110.946: [GC pause (G1 Evacuation Pause) (mixed), 0.0278713 secs]
   [Parallel Time: 9.2 ms, GC Workers: 8]
      [GC Worker Start (ms): Min: 377110945.9, Avg: 377110948.3, Max: 377110955.0, Diff: 9.1]
      [Ext Root Scanning (ms): Min: 0.0, Avg: 1.0, Max: 3.8, Diff: 3.8, Sum: 7.8]
      [Update RS (ms): Min: 0.0, Avg: 1.2, Max: 1.9, Diff: 1.9, Sum: 9.2]
         [Processed Buffers: Min: 0, Avg: 5.9, Max: 15, Diff: 15, Sum: 47]
      [Scan RS (ms): Min: 0.0, Avg: 1.2, Max: 1.8, Diff: 1.8, Sum: 9.8]
      [Code Root Scanning (ms): Min: 0.0, Avg: 0.0, Max: 0.0, Diff: 0.0, Sum: 0.0]
      [Object Copy (ms): Min: 0.0, Avg: 2.4, Max: 3.2, Diff: 3.2, Sum: 19.2]
      [Termination (ms): Min: 0.0, Avg: 1.0, Max: 1.2, Diff: 1.2, Sum: 8.0]
         [Termination Attempts: Min: 1, Avg: 3.1, Max: 7, Diff: 6, Sum: 25]
      [GC Worker Other (ms): Min: 0.0, Avg: 0.0, Max: 0.0, Diff: 0.0, Sum: 0.1]
      [GC Worker Total (ms): Min: 0.0, Avg: 6.8, Max: 9.2, Diff: 9.2, Sum: 54.1]
      [GC Worker End (ms): Min: 377110955.0, Avg: 377110955.1, Max: 377110955.1, Diff: 0.0]
   [Code Root Fixup: 0.0 ms]
   [Code Root Purge: 0.0 ms]
   [Clear CT: 0.6 ms]
   [Other: 18.0 ms]
      [Choose CSet: 0.0 ms]
      [Ref Proc: 17.6 ms]
      [Ref Enq: 0.1 ms]
      [Redirty Cards: 0.1 ms]
      [Humongous Register: 0.0 ms]
      [Humongous Reclaim: 0.0 ms]
      [Free CSet: 0.1 ms]
   [Eden: 5712.0M(5712.0M)->0.0B(7152.0M) Survivors: 16384.0K->16384.0K Heap: 9410.7M(14336.0M)->3689.9M(14336.0M)]
 [Times: user=0.13 sys=0.00, real=0.03 secs] 
2022-09-14T07:45:58.579-0600: 377187.097: [GC pause (G1 Evacuation Pause) (young), 0.0332472 secs]
   [Parallel Time: 10.5 ms, GC Workers: 8]
      [GC Worker Start (ms): Min: 377187096.7, Avg: 377187100.9, Max: 377187107.1, Diff: 10.4]
      [Ext Root Scanning (ms): Min: 0.0, Avg: 0.8, Max: 3.0, Diff: 3.0, Sum: 6.2]
      [Update RS (ms): Min: 0.0, Avg: 3.5, Max: 6.2, Diff: 6.2, Sum: 28.1]
         [Processed Buffers: Min: 0, Avg: 17.2, Max: 37, Diff: 37, Sum: 138]
      [Scan RS (ms): Min: 0.0, Avg: 0.0, Max: 0.1, Diff: 0.1, Sum: 0.2]
      [Code Root Scanning (ms): Min: 0.0, Avg: 0.0, Max: 0.0, Diff: 0.0, Sum: 0.0]
      [Object Copy (ms): Min: 0.0, Avg: 0.9, Max: 1.5, Diff: 1.5, Sum: 7.5]
      [Termination (ms): Min: 0.0, Avg: 1.0, Max: 1.3, Diff: 1.3, Sum: 8.1]
         [Termination Attempts: Min: 1, Avg: 5.8, Max: 10, Diff: 9, Sum: 46]
      [GC Worker Other (ms): Min: 0.0, Avg: 0.0, Max: 0.0, Diff: 0.0, Sum: 0.0]
      [GC Worker Total (ms): Min: 0.0, Avg: 6.3, Max: 10.5, Diff: 10.5, Sum: 50.2]
      [GC Worker End (ms): Min: 377187107.2, Avg: 377187107.2, Max: 377187107.2, Diff: 0.0]
   [Code Root Fixup: 0.0 ms]
   [Code Root Purge: 0.0 ms]
   [Clear CT: 1.1 ms]
   [Other: 21.6 ms]
      [Choose CSet: 0.0 ms]
      [Ref Proc: 21.1 ms]
      [Ref Enq: 0.1 ms]
      [Redirty Cards: 0.1 ms]
      [Humongous Register: 0.0 ms]
      [Humongous Reclaim: 0.0 ms]
      [Free CSet: 0.2 ms]
   [Eden: 7152.0M(7152.0M)->0.0B(7152.0M) Survivors: 16384.0K->16384.0K Heap: 10841.9M(14336.0M)->3696.6M(14336.0M)]
 [Times: user=0.11 sys=0.00, real=0.03 secs] 
2022-09-14T07:47:15.676-0600: 377264.194: [GC pause (G1 Evacuation Pause) (young) (initial-mark), 0.0406946 secs]
   [Parallel Time: 16.7 ms, GC Workers: 8]
      [GC Worker Start (ms): Min: 377264195.4, Avg: 377264198.9, Max: 377264199.8, Diff: 4.4]
      [Ext Root Scanning (ms): Min: 2.0, Avg: 6.0, Max: 9.4, Diff: 7.4, Sum: 48.2]
      [Update RS (ms): Min: 0.0, Avg: 2.0, Max: 8.8, Diff: 8.8, Sum: 15.8]
         [Processed Buffers: Min: 0, Avg: 5.9, Max: 19, Diff: 19, Sum: 47]
      [Scan RS (ms): Min: 0.0, Avg: 0.0, Max: 0.1, Diff: 0.1, Sum: 0.2]
      [Code Root Scanning (ms): Min: 0.0, Avg: 0.0, Max: 0.0, Diff: 0.0, Sum: 0.0]
      [Object Copy (ms): Min: 0.0, Avg: 1.0, Max: 2.0, Diff: 2.0, Sum: 7.7]
      [Termination (ms): Min: 0.0, Avg: 2.8, Max: 4.2, Diff: 4.2, Sum: 22.6]
         [Termination Attempts: Min: 1, Avg: 27.0, Max: 65, Diff: 64, Sum: 216]
      [GC Worker Other (ms): Min: 0.0, Avg: 0.0, Max: 0.0, Diff: 0.0, Sum: 0.1]
      [GC Worker Total (ms): Min: 10.9, Avg: 11.8, Max: 15.3, Diff: 4.4, Sum: 94.5]
      [GC Worker End (ms): Min: 377264210.7, Avg: 377264210.7, Max: 377264210.7, Diff: 0.0]
   [Code Root Fixup: 0.0 ms]
   [Code Root Purge: 0.0 ms]
   [Clear CT: 1.0 ms]
   [Other: 23.0 ms]
      [Choose CSet: 0.0 ms]
      [Ref Proc: 22.3 ms]
      [Ref Enq: 0.2 ms]
      [Redirty Cards: 0.2 ms]
      [Humongous Register: 0.0 ms]
      [Humongous Reclaim: 0.0 ms]
      [Free CSet: 0.2 ms]
   [Eden: 7152.0M(7152.0M)->0.0B(7152.0M) Survivors: 16384.0K->16384.0K Heap: 10848.6M(14336.0M)->3700.1M(14336.0M)]
 [Times: user=0.12 sys=0.00, real=0.04 secs] 
2022-09-14T07:47:15.717-0600: 377264.235: [GC concurrent-root-region-scan-start]
2022-09-14T07:47:15.723-0600: 377264.240: [GC concurrent-root-region-scan-end, 0.0054757 secs]
2022-09-14T07:47:15.723-0600: 377264.240: [GC concurrent-mark-start]
2022-09-14T07:47:17.067-0600: 377265.585: [GC concurrent-mark-end, 1.3446426 secs]
2022-09-14T07:47:17.068-0600: 377265.585: [GC remark 2022-09-14T07:47:17.068-0600: 377265.586: [Finalize Marking, 0.0103089 secs] 2022-09-14T07:47:17.078-0600: 377265.596: [GC ref-proc, 0.0404662 secs] 2022-09-14T07:47:17.119-0600: 377265.636: [Unloading, 0.0263009 secs], 0.0841728 secs]
 [Times: user=0.33 sys=0.00, real=0.08 secs] 
2022-09-14T07:47:17.152-0600: 377265.670: [GC cleanup 3852M->3852M(14336M), 0.0071573 secs]
 [Times: user=0.03 sys=0.00, real=0.01 secs] 
2022-09-14T07:48:32.028-0600: 377340.546: [GC pause (G1 Evacuation Pause) (young), 0.0246591 secs]
   [Parallel Time: 6.3 ms, GC Workers: 8]
      [GC Worker Start (ms): Min: 377340545.6, Avg: 377340548.0, Max: 377340551.8, Diff: 6.2]
      [Ext Root Scanning (ms): Min: 0.0, Avg: 0.9, Max: 3.3, Diff: 3.3, Sum: 6.9]
      [Update RS (ms): Min: 0.0, Avg: 1.2, Max: 2.4, Diff: 2.4, Sum: 9.3]
         [Processed Buffers: Min: 0, Avg: 6.4, Max: 14, Diff: 14, Sum: 51]
      [Scan RS (ms): Min: 0.0, Avg: 0.0, Max: 0.1, Diff: 0.1, Sum: 0.3]
      [Code Root Scanning (ms): Min: 0.0, Avg: 0.0, Max: 0.0, Diff: 0.0, Sum: 0.0]
      [Object Copy (ms): Min: 0.0, Avg: 0.8, Max: 1.4, Diff: 1.4, Sum: 6.7]
      [Termination (ms): Min: 0.0, Avg: 0.9, Max: 1.3, Diff: 1.3, Sum: 7.5]
         [Termination Attempts: Min: 1, Avg: 19.2, Max: 48, Diff: 47, Sum: 154]
      [GC Worker Other (ms): Min: 0.0, Avg: 0.0, Max: 0.0, Diff: 0.0, Sum: 0.0]
      [GC Worker Total (ms): Min: 0.0, Avg: 3.8, Max: 6.3, Diff: 6.3, Sum: 30.8]
      [GC Worker End (ms): Min: 377340551.8, Avg: 377340551.9, Max: 377340551.9, Diff: 0.0]
   [Code Root Fixup: 0.0 ms]
   [Code Root Purge: 0.0 ms]
   [Clear CT: 0.6 ms]
   [Other: 17.7 ms]
      [Choose CSet: 0.0 ms]
      [Ref Proc: 17.3 ms]
      [Ref Enq: 0.1 ms]
      [Redirty Cards: 0.1 ms]
      [Humongous Register: 0.0 ms]
      [Humongous Reclaim: 0.0 ms]
      [Free CSet: 0.1 ms]
   [Eden: 7152.0M(7152.0M)->0.0B(5712.0M) Survivors: 16384.0K->16384.0K Heap: 10852.1M(14336.0M)->3698.4M(14336.0M)]
 [Times: user=0.09 sys=0.00, real=0.02 secs] 
2022-09-14T07:49:34.041-0600: 377402.558: [GC pause (G1 Evacuation Pause) (mixed), 0.0383113 secs]
   [Parallel Time: 10.7 ms, GC Workers: 8]
      [GC Worker Start (ms): Min: 377402558.5, Avg: 377402563.0, Max: 377402569.1, Diff: 10.6]
      [Ext Root Scanning (ms): Min: 0.0, Avg: 0.8, Max: 3.3, Diff: 3.3, Sum: 6.5]
      [Update RS (ms): Min: 0.0, Avg: 0.8, Max: 2.0, Diff: 2.0, Sum: 6.5]
         [Processed Buffers: Min: 0, Avg: 5.6, Max: 17, Diff: 17, Sum: 45]
      [Scan RS (ms): Min: 0.0, Avg: 1.0, Max: 1.7, Diff: 1.7, Sum: 8.1]
      [Code Root Scanning (ms): Min: 0.0, Avg: 0.0, Max: 0.0, Diff: 0.0, Sum: 0.0]
      [Object Copy (ms): Min: 0.0, Avg: 2.2, Max: 3.7, Diff: 3.7, Sum: 18.0]
      [Termination (ms): Min: 0.0, Avg: 1.3, Max: 1.7, Diff: 1.7, Sum: 10.1]
         [Termination Attempts: Min: 1, Avg: 16.2, Max: 37, Diff: 36, Sum: 130]
      [GC Worker Other (ms): Min: 0.0, Avg: 0.0, Max: 0.0, Diff: 0.0, Sum: 0.0]
      [GC Worker Total (ms): Min: 0.0, Avg: 6.2, Max: 10.7, Diff: 10.7, Sum: 49.3]
      [GC Worker End (ms): Min: 377402569.1, Avg: 377402569.1, Max: 377402569.2, Diff: 0.1]
   [Code Root Fixup: 0.0 ms]
   [Code Root Purge: 0.0 ms]
   [Clear CT: 0.9 ms]
   [Other: 26.7 ms]
      [Choose CSet: 0.0 ms]
      [Ref Proc: 26.1 ms]
      [Ref Enq: 0.1 ms]
      [Redirty Cards: 0.2 ms]
      [Humongous Register: 0.0 ms]
      [Humongous Reclaim: 0.0 ms]
      [Free CSet: 0.1 ms]
   [Eden: 5712.0M(5712.0M)->0.0B(7152.0M) Survivors: 16384.0K->16384.0K Heap: 9410.4M(14336.0M)->3677.2M(14336.0M)]
 [Times: user=0.14 sys=0.00, real=0.03 secs] 
2022-09-14T07:50:50.524-0600: 377479.042: [GC pause (G1 Evacuation Pause) (young), 0.0318233 secs]
   [Parallel Time: 7.8 ms, GC Workers: 8]
      [GC Worker Start (ms): Min: 377479041.7, Avg: 377479043.6, Max: 377479049.4, Diff: 7.7]
      [Ext Root Scanning (ms): Min: 0.0, Avg: 0.9, Max: 3.2, Diff: 3.2, Sum: 7.1]
      [Update RS (ms): Min: 0.0, Avg: 3.5, Max: 4.8, Diff: 4.8, Sum: 27.7]
         [Processed Buffers: Min: 0, Avg: 17.4, Max: 29, Diff: 29, Sum: 139]
      [Scan RS (ms): Min: 0.0, Avg: 0.0, Max: 0.1, Diff: 0.1, Sum: 0.2]
      [Code Root Scanning (ms): Min: 0.0, Avg: 0.0, Max: 0.0, Diff: 0.0, Sum: 0.0]
      [Object Copy (ms): Min: 0.0, Avg: 1.0, Max: 1.3, Diff: 1.3, Sum: 8.0]
      [Termination (ms): Min: 0.0, Avg: 0.5, Max: 0.6, Diff: 0.6, Sum: 4.1]
         [Termination Attempts: Min: 1, Avg: 10.4, Max: 18, Diff: 17, Sum: 83]
      [GC Worker Other (ms): Min: 0.0, Avg: 0.0, Max: 0.0, Diff: 0.0, Sum: 0.1]
      [GC Worker Total (ms): Min: 0.0, Avg: 5.9, Max: 7.7, Diff: 7.7, Sum: 47.2]
      [GC Worker End (ms): Min: 377479049.5, Avg: 377479049.5, Max: 377479049.5, Diff: 0.0]
   [Code Root Fixup: 0.0 ms]
   [Code Root Purge: 0.0 ms]
   [Clear CT: 0.9 ms]
   [Other: 23.1 ms]
      [Choose CSet: 0.0 ms]
      [Ref Proc: 22.7 ms]
      [Ref Enq: 0.1 ms]
      [Redirty Cards: 0.1 ms]
      [Humongous Register: 0.0 ms]
      [Humongous Reclaim: 0.0 ms]
      [Free CSet: 0.1 ms]
   [Eden: 7152.0M(7152.0M)->0.0B(7152.0M) Survivors: 16384.0K->16384.0K Heap: 10829.2M(14336.0M)->3684.9M(14336.0M)]
 [Times: user=0.12 sys=0.00, real=0.03 secs] 
2022-09-14T07:52:09.725-0600: 377558.242: [GC pause (G1 Evacuation Pause) (young) (initial-mark), 0.0297758 secs]
   [Parallel Time: 14.6 ms, GC Workers: 8]
      [GC Worker Start (ms): Min: 377558243.6, Avg: 377558246.8, Max: 377558247.6, Diff: 4.0]
      [Ext Root Scanning (ms): Min: 2.4, Avg: 6.2, Max: 9.1, Diff: 6.7, Sum: 49.5]
      [Update RS (ms): Min: 0.0, Avg: 1.1, Max: 2.3, Diff: 2.3, Sum: 8.9]
         [Processed Buffers: Min: 0, Avg: 6.2, Max: 21, Diff: 21, Sum: 50]
      [Scan RS (ms): Min: 0.0, Avg: 0.0, Max: 0.1, Diff: 0.1, Sum: 0.2]
      [Code Root Scanning (ms): Min: 0.0, Avg: 0.0, Max: 0.0, Diff: 0.0, Sum: 0.0]
      [Object Copy (ms): Min: 0.0, Avg: 0.9, Max: 1.8, Diff: 1.8, Sum: 7.0]
      [Termination (ms): Min: 0.0, Avg: 1.8, Max: 2.8, Diff: 2.8, Sum: 14.2]
         [Termination Attempts: Min: 1, Avg: 2.1, Max: 7, Diff: 6, Sum: 17]
      [GC Worker Other (ms): Min: 0.0, Avg: 0.0, Max: 0.0, Diff: 0.0, Sum: 0.0]
      [GC Worker Total (ms): Min: 9.1, Avg: 10.0, Max: 13.2, Diff: 4.1, Sum: 79.9]
      [GC Worker End (ms): Min: 377558256.7, Avg: 377558256.8, Max: 377558256.8, Diff: 0.0]
   [Code Root Fixup: 0.0 ms]
   [Code Root Purge: 0.0 ms]
   [Clear CT: 0.5 ms]
   [Other: 14.7 ms]
      [Choose CSet: 0.0 ms]
      [Ref Proc: 14.3 ms]
      [Ref Enq: 0.1 ms]
      [Redirty Cards: 0.1 ms]
      [Humongous Register: 0.0 ms]
      [Humongous Reclaim: 0.0 ms]
      [Free CSet: 0.1 ms]
   [Eden: 7152.0M(7152.0M)->0.0B(7152.0M) Survivors: 16384.0K->16384.0K Heap: 10836.9M(14336.0M)->3686.1M(14336.0M)]
 [Times: user=0.10 sys=0.00, real=0.03 secs] 
2022-09-14T07:52:09.754-0600: 377558.272: [GC concurrent-root-region-scan-start]
2022-09-14T07:52:09.760-0600: 377558.278: [GC concurrent-root-region-scan-end, 0.0060239 secs]
2022-09-14T07:52:09.760-0600: 377558.278: [GC concurrent-mark-start]
2022-09-14T07:52:11.092-0600: 377559.609: [GC concurrent-mark-end, 1.3311058 secs]
2022-09-14T07:52:11.092-0600: 377559.610: [GC remark 2022-09-14T07:52:11.092-0600: 377559.610: [Finalize Marking, 0.0014191 secs] 2022-09-14T07:52:11.093-0600: 377559.611: [GC ref-proc, 0.0316933 secs] 2022-09-14T07:52:11.125-0600: 377559.643: [Unloading, 0.0311719 secs], 0.0682634 secs]
 [Times: user=0.27 sys=0.00, real=0.07 secs] 
2022-09-14T07:52:11.160-0600: 377559.678: [GC cleanup 3846M->3846M(14336M), 0.0102462 secs]
 [Times: user=0.02 sys=0.00, real=0.01 secs] 
2022-09-14T07:53:28.477-0600: 377636.994: [GC pause (G1 Evacuation Pause) (young), 0.0296028 secs]
   [Parallel Time: 7.3 ms, GC Workers: 8]
      [GC Worker Start (ms): Min: 377636994.3, Avg: 377636997.1, Max: 377637001.5, Diff: 7.2]
      [Ext Root Scanning (ms): Min: 0.0, Avg: 1.2, Max: 4.0, Diff: 4.0, Sum: 9.9]
      [Update RS (ms): Min: 0.0, Avg: 1.0, Max: 2.7, Diff: 2.7, Sum: 8.1]
         [Processed Buffers: Min: 0, Avg: 6.5, Max: 15, Diff: 15, Sum: 52]
      [Scan RS (ms): Min: 0.0, Avg: 0.0, Max: 0.1, Diff: 0.1, Sum: 0.2]
      [Code Root Scanning (ms): Min: 0.0, Avg: 0.0, Max: 0.0, Diff: 0.0, Sum: 0.0]
      [Object Copy (ms): Min: 0.0, Avg: 1.2, Max: 1.8, Diff: 1.8, Sum: 9.6]
      [Termination (ms): Min: 0.0, Avg: 1.0, Max: 1.2, Diff: 1.2, Sum: 7.9]
         [Termination Attempts: Min: 1, Avg: 10.8, Max: 17, Diff: 16, Sum: 86]
      [GC Worker Other (ms): Min: 0.0, Avg: 0.0, Max: 0.0, Diff: 0.0, Sum: 0.0]
      [GC Worker Total (ms): Min: 0.0, Avg: 4.5, Max: 7.2, Diff: 7.2, Sum: 35.8]
      [GC Worker End (ms): Min: 377637001.5, Avg: 377637001.5, Max: 377637001.6, Diff: 0.0]
   [Code Root Fixup: 0.0 ms]
   [Code Root Purge: 0.0 ms]
   [Clear CT: 0.8 ms]
   [Other: 21.6 ms]
      [Choose CSet: 0.0 ms]
      [Ref Proc: 21.2 ms]
      [Ref Enq: 0.1 ms]
      [Redirty Cards: 0.1 ms]
      [Humongous Register: 0.0 ms]
      [Humongous Reclaim: 0.0 ms]
      [Free CSet: 0.1 ms]
   [Eden: 7152.0M(7152.0M)->0.0B(5712.0M) Survivors: 16384.0K->16384.0K Heap: 10838.1M(14336.0M)->3687.1M(14336.0M)]
 [Times: user=0.11 sys=0.00, real=0.03 secs] 
2022-09-14T07:54:30.480-0600: 377698.998: [GC pause (G1 Evacuation Pause) (mixed), 0.0311192 secs]
   [Parallel Time: 10.2 ms, GC Workers: 8]
      [GC Worker Start (ms): Min: 377698997.9, Avg: 377698999.2, Max: 377699002.3, Diff: 4.4]
      [Ext Root Scanning (ms): Min: 0.0, Avg: 1.0, Max: 3.9, Diff: 3.8, Sum: 7.8]
      [Update RS (ms): Min: 0.0, Avg: 1.2, Max: 1.9, Diff: 1.9, Sum: 9.4]
         [Processed Buffers: Min: 0, Avg: 6.5, Max: 14, Diff: 14, Sum: 52]
      [Scan RS (ms): Min: 0.3, Avg: 1.2, Max: 1.7, Diff: 1.4, Sum: 9.9]
      [Code Root Scanning (ms): Min: 0.0, Avg: 0.0, Max: 0.0, Diff: 0.0, Sum: 0.0]
      [Object Copy (ms): Min: 4.7, Avg: 4.8, Max: 4.9, Diff: 0.2, Sum: 38.1]
      [Termination (ms): Min: 0.0, Avg: 0.0, Max: 0.0, Diff: 0.0, Sum: 0.2]
         [Termination Attempts: Min: 1, Avg: 51.1, Max: 75, Diff: 74, Sum: 409]
      [GC Worker Other (ms): Min: 0.0, Avg: 0.0, Max: 0.1, Diff: 0.1, Sum: 0.3]
      [GC Worker Total (ms): Min: 5.1, Avg: 8.2, Max: 9.4, Diff: 4.4, Sum: 65.7]
      [GC Worker End (ms): Min: 377699007.4, Avg: 377699007.4, Max: 377699007.5, Diff: 0.1]
   [Code Root Fixup: 0.0 ms]
   [Code Root Purge: 0.0 ms]
   [Clear CT: 0.9 ms]
   [Other: 20.0 ms]
      [Choose CSet: 0.0 ms]
      [Ref Proc: 19.5 ms]
      [Ref Enq: 0.1 ms]
      [Redirty Cards: 0.2 ms]
      [Humongous Register: 0.0 ms]
      [Humongous Reclaim: 0.0 ms]
      [Free CSet: 0.1 ms]
   [Eden: 5712.0M(5712.0M)->0.0B(7152.0M) Survivors: 16384.0K->16384.0K Heap: 9399.1M(14336.0M)->3689.5M(14336.0M)]
 [Times: user=0.14 sys=0.00, real=0.03 secs] 
2022-09-14T07:55:47.625-0600: 377776.143: [GC pause (G1 Evacuation Pause) (young), 0.0382329 secs]
   [Parallel Time: 12.6 ms, GC Workers: 8]
      [GC Worker Start (ms): Min: 377776143.1, Avg: 377776149.4, Max: 377776155.5, Diff: 12.4]
      [Ext Root Scanning (ms): Min: 0.0, Avg: 0.7, Max: 2.9, Diff: 2.9, Sum: 6.0]
      [Update RS (ms): Min: 0.0, Avg: 3.2, Max: 7.1, Diff: 7.1, Sum: 25.6]
         [Processed Buffers: Min: 0, Avg: 18.0, Max: 50, Diff: 50, Sum: 144]
      [Scan RS (ms): Min: 0.0, Avg: 0.0, Max: 0.1, Diff: 0.1, Sum: 0.2]
      [Code Root Scanning (ms): Min: 0.0, Avg: 0.0, Max: 0.0, Diff: 0.0, Sum: 0.0]
      [Object Copy (ms): Min: 0.0, Avg: 0.9, Max: 2.0, Diff: 2.0, Sum: 7.4]
      [Termination (ms): Min: 0.0, Avg: 1.3, Max: 2.0, Diff: 2.0, Sum: 10.0]
         [Termination Attempts: Min: 1, Avg: 8.4, Max: 21, Diff: 20, Sum: 67]
      [GC Worker Other (ms): Min: 0.0, Avg: 0.0, Max: 0.0, Diff: 0.0, Sum: 0.0]
      [GC Worker Total (ms): Min: 0.0, Avg: 6.2, Max: 12.6, Diff: 12.6, Sum: 49.2]
      [GC Worker End (ms): Min: 377776155.5, Avg: 377776155.5, Max: 377776155.7, Diff: 0.2]
   [Code Root Fixup: 0.0 ms]
   [Code Root Purge: 0.0 ms]
   [Clear CT: 0.5 ms]
   [Other: 25.0 ms]
      [Choose CSet: 0.0 ms]
      [Ref Proc: 24.7 ms]
      [Ref Enq: 0.1 ms]
      [Redirty Cards: 0.1 ms]
      [Humongous Register: 0.0 ms]
      [Humongous Reclaim: 0.0 ms]
      [Free CSet: 0.1 ms]
   [Eden: 7152.0M(7152.0M)->0.0B(7152.0M) Survivors: 16384.0K->16384.0K Heap: 10841.5M(14336.0M)->3693.8M(14336.0M)]
 [Times: user=0.14 sys=0.00, real=0.04 secs] 
2022-09-14T07:57:07.028-0600: 377855.546: [GC pause (G1 Evacuation Pause) (young) (initial-mark), 0.0615156 secs]
   [Parallel Time: 35.5 ms, GC Workers: 8]
      [GC Worker Start (ms): Min: 377855546.8, Avg: 377855549.4, Max: 377855550.2, Diff: 3.4]
      [Ext Root Scanning (ms): Min: 2.1, Avg: 6.7, Max: 10.5, Diff: 8.5, Sum: 53.9]
      [Update RS (ms): Min: 0.0, Avg: 3.6, Max: 21.1, Diff: 21.1, Sum: 28.6]
         [Processed Buffers: Min: 0, Avg: 5.9, Max: 16, Diff: 16, Sum: 47]
      [Scan RS (ms): Min: 0.0, Avg: 0.0, Max: 0.1, Diff: 0.1, Sum: 0.2]
      [Code Root Scanning (ms): Min: 0.0, Avg: 0.0, Max: 0.0, Diff: 0.0, Sum: 0.0]
      [Object Copy (ms): Min: 0.0, Avg: 1.2, Max: 2.7, Diff: 2.7, Sum: 9.9]
      [Termination (ms): Min: 0.0, Avg: 12.5, Max: 15.2, Diff: 15.2, Sum: 100.3]
         [Termination Attempts: Min: 1, Avg: 10.8, Max: 25, Diff: 24, Sum: 86]
      [GC Worker Other (ms): Min: 0.0, Avg: 0.0, Max: 0.0, Diff: 0.0, Sum: 0.1]
      [GC Worker Total (ms): Min: 23.2, Avg: 24.1, Max: 26.7, Diff: 3.5, Sum: 193.0]
      [GC Worker End (ms): Min: 377855573.4, Avg: 377855573.5, Max: 377855573.5, Diff: 0.1]
   [Code Root Fixup: 0.0 ms]
   [Code Root Purge: 0.0 ms]
   [Clear CT: 0.8 ms]
   [Other: 25.1 ms]
      [Choose CSet: 0.0 ms]
      [Ref Proc: 24.7 ms]
      [Ref Enq: 0.1 ms]
      [Redirty Cards: 0.1 ms]
      [Humongous Register: 0.0 ms]
      [Humongous Reclaim: 0.0 ms]
      [Free CSet: 0.1 ms]
   [Eden: 7152.0M(7152.0M)->0.0B(7152.0M) Survivors: 16384.0K->16384.0K Heap: 10845.8M(14336.0M)->3689.0M(14336.0M)]
 [Times: user=0.20 sys=0.00, real=0.06 secs] 
2022-09-14T07:57:07.089-0600: 377855.607: [GC concurrent-root-region-scan-start]
2022-09-14T07:57:07.096-0600: 377855.613: [GC concurrent-root-region-scan-end, 0.0062199 secs]
2022-09-14T07:57:07.096-0600: 377855.613: [GC concurrent-mark-start]
2022-09-14T07:57:08.409-0600: 377856.927: [GC concurrent-mark-end, 1.3137978 secs]
2022-09-14T07:57:08.410-0600: 377856.927: [GC remark 2022-09-14T07:57:08.410-0600: 377856.927: [Finalize Marking, 0.0022323 secs] 2022-09-14T07:57:08.412-0600: 377856.930: [GC ref-proc, 0.0359675 secs] 2022-09-14T07:57:08.448-0600: 377856.966: [Unloading, 0.0335195 secs], 0.0756200 secs]
 [Times: user=0.30 sys=0.00, real=0.08 secs] 
2022-09-14T07:57:08.485-0600: 377857.003: [GC cleanup 3833M->3833M(14336M), 0.0077010 secs]
 [Times: user=0.03 sys=0.00, real=0.01 secs] 
2022-09-14T07:58:27.176-0600: 377935.694: [GC pause (G1 Evacuation Pause) (young), 0.0346320 secs]
   [Parallel Time: 11.5 ms, GC Workers: 8]
      [GC Worker Start (ms): Min: 377935694.3, Avg: 377935701.1, Max: 377935705.7, Diff: 11.4]
      [Ext Root Scanning (ms): Min: 0.0, Avg: 0.8, Max: 4.0, Diff: 4.0, Sum: 6.1]
      [Update RS (ms): Min: 0.0, Avg: 1.1, Max: 3.0, Diff: 3.0, Sum: 8.8]
         [Processed Buffers: Min: 0, Avg: 6.4, Max: 22, Diff: 22, Sum: 51]
      [Scan RS (ms): Min: 0.0, Avg: 0.0, Max: 0.1, Diff: 0.1, Sum: 0.2]
      [Code Root Scanning (ms): Min: 0.0, Avg: 0.0, Max: 0.0, Diff: 0.0, Sum: 0.0]
      [Object Copy (ms): Min: 0.0, Avg: 1.4, Max: 5.6, Diff: 5.6, Sum: 11.2]
      [Termination (ms): Min: 0.0, Avg: 1.3, Max: 1.8, Diff: 1.8, Sum: 10.2]
         [Termination Attempts: Min: 1, Avg: 1.2, Max: 3, Diff: 2, Sum: 10]
      [GC Worker Other (ms): Min: 0.0, Avg: 0.0, Max: 0.0, Diff: 0.0, Sum: 0.0]
      [GC Worker Total (ms): Min: 0.0, Avg: 4.6, Max: 11.4, Diff: 11.4, Sum: 36.6]
      [GC Worker End (ms): Min: 377935705.7, Avg: 377935705.7, Max: 377935705.7, Diff: 0.0]
   [Code Root Fixup: 0.0 ms]
   [Code Root Purge: 0.0 ms]
   [Clear CT: 0.7 ms]
   [Other: 22.4 ms]
      [Choose CSet: 0.0 ms]
      [Ref Proc: 22.1 ms]
      [Ref Enq: 0.1 ms]
      [Redirty Cards: 0.1 ms]
      [Humongous Register: 0.0 ms]
      [Humongous Reclaim: 0.0 ms]
      [Free CSet: 0.1 ms]
   [Eden: 7152.0M(7152.0M)->0.0B(5712.0M) Survivors: 16384.0K->16384.0K Heap: 10841.0M(14336.0M)->3687.3M(14336.0M)]
 [Times: user=0.11 sys=0.00, real=0.03 secs] 
2022-09-14T07:59:30.175-0600: 377998.692: [GC pause (G1 Evacuation Pause) (mixed), 0.0278067 secs]
   [Parallel Time: 7.5 ms, GC Workers: 8]
      [GC Worker Start (ms): Min: 377998692.6, Avg: 377998694.1, Max: 377998700.0, Diff: 7.5]
      [Ext Root Scanning (ms): Min: 0.0, Avg: 1.0, Max: 3.7, Diff: 3.7, Sum: 7.6]
      [Update RS (ms): Min: 0.0, Avg: 1.1, Max: 1.6, Diff: 1.6, Sum: 8.7]
         [Processed Buffers: Min: 0, Avg: 5.8, Max: 11, Diff: 11, Sum: 46]
      [Scan RS (ms): Min: 0.0, Avg: 1.0, Max: 1.3, Diff: 1.3, Sum: 7.9]
      [Code Root Scanning (ms): Min: 0.0, Avg: 0.0, Max: 0.0, Diff: 0.0, Sum: 0.0]
      [Object Copy (ms): Min: 0.0, Avg: 2.3, Max: 2.8, Diff: 2.8, Sum: 18.7]
      [Termination (ms): Min: 0.0, Avg: 0.6, Max: 0.7, Diff: 0.7, Sum: 4.5]
         [Termination Attempts: Min: 1, Avg: 9.4, Max: 16, Diff: 15, Sum: 75]
      [GC Worker Other (ms): Min: 0.0, Avg: 0.0, Max: 0.0, Diff: 0.0, Sum: 0.1]
      [GC Worker Total (ms): Min: 0.0, Avg: 5.9, Max: 7.5, Diff: 7.5, Sum: 47.4]
      [GC Worker End (ms): Min: 377998700.0, Avg: 377998700.1, Max: 377998700.1, Diff: 0.0]
   [Code Root Fixup: 0.0 ms]
   [Code Root Purge: 0.0 ms]
   [Clear CT: 0.6 ms]
   [Other: 19.7 ms]
      [Choose CSet: 0.0 ms]
      [Ref Proc: 19.3 ms]
      [Ref Enq: 0.1 ms]
      [Redirty Cards: 0.1 ms]
      [Humongous Register: 0.0 ms]
      [Humongous Reclaim: 0.0 ms]
      [Free CSet: 0.1 ms]
   [Eden: 5712.0M(5712.0M)->0.0B(7152.0M) Survivors: 16384.0K->16384.0K Heap: 9399.3M(14336.0M)->3677.5M(14336.0M)]
 [Times: user=0.12 sys=0.00, real=0.03 secs] 
2022-09-14T08:00:47.679-0600: 378076.197: [GC pause (G1 Evacuation Pause) (young), 0.0311744 secs]
   [Parallel Time: 11.6 ms, GC Workers: 8]
      [GC Worker Start (ms): Min: 378076196.9, Avg: 378076200.7, Max: 378076204.0, Diff: 7.1]
      [Ext Root Scanning (ms): Min: 0.0, Avg: 0.8, Max: 2.9, Diff: 2.9, Sum: 6.2]
      [Update RS (ms): Min: 0.7, Avg: 3.9, Max: 8.7, Diff: 8.1, Sum: 31.2]
         [Processed Buffers: Min: 1, Avg: 15.0, Max: 27, Diff: 26, Sum: 120]
      [Scan RS (ms): Min: 0.0, Avg: 0.0, Max: 0.1, Diff: 0.1, Sum: 0.3]
      [Code Root Scanning (ms): Min: 0.0, Avg: 0.0, Max: 0.0, Diff: 0.0, Sum: 0.0]
      [Object Copy (ms): Min: 0.0, Avg: 1.1, Max: 1.6, Diff: 1.6, Sum: 9.0]
      [Termination (ms): Min: 0.0, Avg: 1.8, Max: 2.1, Diff: 2.1, Sum: 14.4]
         [Termination Attempts: Min: 1, Avg: 8.8, Max: 15, Diff: 14, Sum: 70]
      [GC Worker Other (ms): Min: 0.0, Avg: 0.0, Max: 0.0, Diff: 0.0, Sum: 0.1]
      [GC Worker Total (ms): Min: 4.3, Avg: 7.6, Max: 11.4, Diff: 7.1, Sum: 61.2]
      [GC Worker End (ms): Min: 378076208.3, Avg: 378076208.3, Max: 378076208.4, Diff: 0.1]
   [Code Root Fixup: 0.0 ms]
   [Code Root Purge: 0.0 ms]
   [Clear CT: 0.5 ms]
   [Other: 19.0 ms]
      [Choose CSet: 0.0 ms]
      [Ref Proc: 18.7 ms]
      [Ref Enq: 0.1 ms]
      [Redirty Cards: 0.1 ms]
      [Humongous Register: 0.0 ms]
      [Humongous Reclaim: 0.0 ms]
      [Free CSet: 0.1 ms]
   [Eden: 7152.0M(7152.0M)->0.0B(7152.0M) Survivors: 16384.0K->16384.0K Heap: 10829.5M(14336.0M)->3682.8M(14336.0M)]
 [Times: user=0.11 sys=0.00, real=0.03 secs] 
2022-09-14T08:02:07.077-0600: 378155.594: [GC pause (G1 Evacuation Pause) (young) (initial-mark), 0.0344206 secs]
   [Parallel Time: 14.5 ms, GC Workers: 8]
      [GC Worker Start (ms): Min: 378155595.8, Avg: 378155599.7, Max: 378155600.6, Diff: 4.8]
      [Ext Root Scanning (ms): Min: 2.4, Avg: 5.7, Max: 11.7, Diff: 9.3, Sum: 46.0]
      [Update RS (ms): Min: 0.0, Avg: 1.1, Max: 2.2, Diff: 2.2, Sum: 8.5]
         [Processed Buffers: Min: 0, Avg: 6.2, Max: 17, Diff: 17, Sum: 50]
      [Scan RS (ms): Min: 0.0, Avg: 0.0, Max: 0.1, Diff: 0.1, Sum: 0.2]
      [Code Root Scanning (ms): Min: 0.0, Avg: 0.0, Max: 0.0, Diff: 0.0, Sum: 0.0]
      [Object Copy (ms): Min: 0.0, Avg: 1.0, Max: 2.0, Diff: 2.0, Sum: 7.8]
      [Termination (ms): Min: 0.0, Avg: 1.3, Max: 1.9, Diff: 1.9, Sum: 10.6]
         [Termination Attempts: Min: 1, Avg: 2.6, Max: 9, Diff: 8, Sum: 21]
      [GC Worker Other (ms): Min: 0.0, Avg: 0.0, Max: 0.0, Diff: 0.0, Sum: 0.1]
      [GC Worker Total (ms): Min: 8.2, Avg: 9.1, Max: 13.1, Diff: 4.9, Sum: 73.1]
      [GC Worker End (ms): Min: 378155608.7, Avg: 378155608.8, Max: 378155608.9, Diff: 0.2]
   [Code Root Fixup: 0.0 ms]
   [Code Root Purge: 0.0 ms]
   [Clear CT: 0.5 ms]
   [Other: 19.4 ms]
      [Choose CSet: 0.0 ms]
      [Ref Proc: 18.9 ms]
      [Ref Enq: 0.1 ms]
      [Redirty Cards: 0.1 ms]
      [Humongous Register: 0.0 ms]
      [Humongous Reclaim: 0.0 ms]
      [Free CSet: 0.1 ms]
   [Eden: 7152.0M(7152.0M)->0.0B(7152.0M) Survivors: 16384.0K->16384.0K Heap: 10834.8M(14336.0M)->3685.5M(14336.0M)]
 [Times: user=0.12 sys=0.00, real=0.03 secs] 
2022-09-14T08:02:07.111-0600: 378155.629: [GC concurrent-root-region-scan-start]
2022-09-14T08:02:07.118-0600: 378155.636: [GC concurrent-root-region-scan-end, 0.0072308 secs]
2022-09-14T08:02:07.118-0600: 378155.636: [GC concurrent-mark-start]
2022-09-14T08:02:08.422-0600: 378156.939: [GC concurrent-mark-end, 1.3030953 secs]
2022-09-14T08:02:08.422-0600: 378156.939: [GC remark 2022-09-14T08:02:08.422-0600: 378156.939: [Finalize Marking, 0.0029214 secs] 2022-09-14T08:02:08.425-0600: 378156.942: [GC ref-proc, 0.0298562 secs] 2022-09-14T08:02:08.455-0600: 378156.972: [Unloading, 0.0260590 secs], 0.0675631 secs]
 [Times: user=0.25 sys=0.00, real=0.06 secs] 
2022-09-14T08:02:08.490-0600: 378157.007: [GC cleanup 3853M->3853M(14336M), 0.0071672 secs]
 [Times: user=0.03 sys=0.00, real=0.01 secs] 
2022-09-14T08:03:27.127-0600: 378235.645: [GC pause (G1 Evacuation Pause) (young), 0.0311047 secs]
   [Parallel Time: 6.2 ms, GC Workers: 8]
      [GC Worker Start (ms): Min: 378235644.8, Avg: 378235647.4, Max: 378235650.8, Diff: 6.0]
      [Ext Root Scanning (ms): Min: 0.0, Avg: 0.8, Max: 3.3, Diff: 3.3, Sum: 6.8]
      [Update RS (ms): Min: 0.0, Avg: 1.1, Max: 2.2, Diff: 2.2, Sum: 9.2]
         [Processed Buffers: Min: 0, Avg: 5.9, Max: 15, Diff: 15, Sum: 47]
      [Scan RS (ms): Min: 0.0, Avg: 0.0, Max: 0.1, Diff: 0.1, Sum: 0.2]
      [Code Root Scanning (ms): Min: 0.0, Avg: 0.0, Max: 0.0, Diff: 0.0, Sum: 0.0]
      [Object Copy (ms): Min: 0.0, Avg: 1.0, Max: 1.7, Diff: 1.7, Sum: 7.8]
      [Termination (ms): Min: 0.0, Avg: 0.4, Max: 0.7, Diff: 0.7, Sum: 3.5]
         [Termination Attempts: Min: 1, Avg: 1.1, Max: 2, Diff: 1, Sum: 9]
      [GC Worker Other (ms): Min: 0.0, Avg: 0.0, Max: 0.0, Diff: 0.0, Sum: 0.0]
      [GC Worker Total (ms): Min: 0.0, Avg: 3.4, Max: 6.1, Diff: 6.1, Sum: 27.4]
      [GC Worker End (ms): Min: 378235650.8, Avg: 378235650.9, Max: 378235650.9, Diff: 0.1]
   [Code Root Fixup: 0.0 ms]
   [Code Root Purge: 0.0 ms]
   [Clear CT: 0.9 ms]
   [Other: 24.0 ms]
      [Choose CSet: 0.0 ms]
      [Ref Proc: 23.7 ms]
      [Ref Enq: 0.1 ms]
      [Redirty Cards: 0.0 ms]
      [Humongous Register: 0.0 ms]
      [Humongous Reclaim: 0.0 ms]
      [Free CSet: 0.1 ms]
   [Eden: 7152.0M(7152.0M)->0.0B(5712.0M) Survivors: 16384.0K->16384.0K Heap: 10837.5M(14336.0M)->3685.5M(14336.0M)]
 [Times: user=0.11 sys=0.00, real=0.03 secs] 
2022-09-14T08:04:31.770-0600: 378300.288: [GC pause (G1 Evacuation Pause) (mixed), 0.0411391 secs]
   [Parallel Time: 18.9 ms, GC Workers: 8]
      [GC Worker Start (ms): Min: 378300287.7, Avg: 378300291.5, Max: 378300299.7, Diff: 12.0]
      [Ext Root Scanning (ms): Min: 0.0, Avg: 0.9, Max: 3.5, Diff: 3.5, Sum: 6.9]
      [Update RS (ms): Min: 0.0, Avg: 1.1, Max: 2.6, Diff: 2.6, Sum: 8.8]
         [Processed Buffers: Min: 0, Avg: 6.0, Max: 18, Diff: 18, Sum: 48]
      [Scan RS (ms): Min: 0.0, Avg: 1.1, Max: 1.8, Diff: 1.8, Sum: 8.9]
      [Code Root Scanning (ms): Min: 0.0, Avg: 0.0, Max: 0.0, Diff: 0.0, Sum: 0.0]
      [Object Copy (ms): Min: 0.0, Avg: 5.5, Max: 13.0, Diff: 13.0, Sum: 43.6]
      [Termination (ms): Min: 0.0, Avg: 6.3, Max: 7.4, Diff: 7.4, Sum: 50.4]
         [Termination Attempts: Min: 1, Avg: 56.6, Max: 103, Diff: 102, Sum: 453]
      [GC Worker Other (ms): Min: 0.0, Avg: 0.0, Max: 0.0, Diff: 0.0, Sum: 0.1]
      [GC Worker Total (ms): Min: 6.7, Avg: 14.8, Max: 18.7, Diff: 12.0, Sum: 118.7]
      [GC Worker End (ms): Min: 378300306.3, Avg: 378300306.3, Max: 378300306.4, Diff: 0.2]
   [Code Root Fixup: 0.0 ms]
   [Code Root Purge: 0.0 ms]
   [Clear CT: 0.6 ms]
   [Other: 21.7 ms]
      [Choose CSet: 0.0 ms]
      [Ref Proc: 21.3 ms]
      [Ref Enq: 0.1 ms]
      [Redirty Cards: 0.1 ms]
      [Humongous Register: 0.0 ms]
      [Humongous Reclaim: 0.0 ms]
      [Free CSet: 0.1 ms]
   [Eden: 5712.0M(5712.0M)->0.0B(7152.0M) Survivors: 16384.0K->16384.0K Heap: 9397.5M(14336.0M)->3679.1M(14336.0M)]
 [Times: user=0.17 sys=0.00, real=0.04 secs] 
2022-09-14T08:05:50.329-0600: 378378.846: [GC pause (G1 Evacuation Pause) (young), 0.0398524 secs]
   [Parallel Time: 14.4 ms, GC Workers: 8]
      [GC Worker Start (ms): Min: 378378846.4, Avg: 378378853.2, Max: 378378859.9, Diff: 13.5]
      [Ext Root Scanning (ms): Min: 0.0, Avg: 0.7, Max: 3.0, Diff: 3.0, Sum: 5.8]
      [Update RS (ms): Min: 0.0, Avg: 4.3, Max: 11.1, Diff: 11.1, Sum: 34.2]
         [Processed Buffers: Min: 0, Avg: 17.6, Max: 41, Diff: 41, Sum: 141]
      [Scan RS (ms): Min: 0.0, Avg: 0.0, Max: 0.1, Diff: 0.1, Sum: 0.2]
      [Code Root Scanning (ms): Min: 0.0, Avg: 0.0, Max: 0.0, Diff: 0.0, Sum: 0.0]
      [Object Copy (ms): Min: 0.0, Avg: 1.0, Max: 1.8, Diff: 1.8, Sum: 7.6]
      [Termination (ms): Min: 0.0, Avg: 1.4, Max: 1.9, Diff: 1.9, Sum: 11.4]
         [Termination Attempts: Min: 1, Avg: 1.1, Max: 2, Diff: 1, Sum: 9]
      [GC Worker Other (ms): Min: 0.0, Avg: 0.0, Max: 0.0, Diff: 0.0, Sum: 0.0]
      [GC Worker Total (ms): Min: 0.7, Avg: 7.4, Max: 14.2, Diff: 13.5, Sum: 59.3]
      [GC Worker End (ms): Min: 378378860.6, Avg: 378378860.6, Max: 378378860.7, Diff: 0.1]
   [Code Root Fixup: 0.0 ms]
   [Code Root Purge: 0.0 ms]
   [Clear CT: 1.0 ms]
   [Other: 24.4 ms]
      [Choose CSet: 0.0 ms]
      [Ref Proc: 24.0 ms]
      [Ref Enq: 0.1 ms]
      [Redirty Cards: 0.1 ms]
      [Humongous Register: 0.0 ms]
      [Humongous Reclaim: 0.0 ms]
      [Free CSet: 0.1 ms]
   [Eden: 7152.0M(7152.0M)->0.0B(7152.0M) Survivors: 16384.0K->16384.0K Heap: 10831.1M(14336.0M)->3685.1M(14336.0M)]
 [Times: user=0.13 sys=0.00, real=0.04 secs] 
2022-09-14T08:07:09.634-0600: 378458.151: [GC pause (G1 Evacuation Pause) (young) (initial-mark), 0.0446526 secs]
   [Parallel Time: 15.8 ms, GC Workers: 8]
      [GC Worker Start (ms): Min: 378458152.7, Avg: 378458154.8, Max: 378458155.7, Diff: 3.0]
      [Ext Root Scanning (ms): Min: 2.2, Avg: 6.4, Max: 11.2, Diff: 9.0, Sum: 51.0]
      [Update RS (ms): Min: 0.0, Avg: 1.6, Max: 4.5, Diff: 4.5, Sum: 12.6]
         [Processed Buffers: Min: 0, Avg: 5.6, Max: 21, Diff: 21, Sum: 45]
      [Scan RS (ms): Min: 0.0, Avg: 0.0, Max: 0.1, Diff: 0.1, Sum: 0.2]
      [Code Root Scanning (ms): Min: 0.0, Avg: 0.0, Max: 0.0, Diff: 0.0, Sum: 0.0]
      [Object Copy (ms): Min: 0.0, Avg: 1.0, Max: 2.0, Diff: 2.0, Sum: 7.9]
      [Termination (ms): Min: 0.0, Avg: 3.2, Max: 4.4, Diff: 4.4, Sum: 25.4]
         [Termination Attempts: Min: 1, Avg: 3.8, Max: 8, Diff: 7, Sum: 30]
      [GC Worker Other (ms): Min: 0.0, Avg: 0.0, Max: 0.0, Diff: 0.0, Sum: 0.0]
      [GC Worker Total (ms): Min: 11.2, Avg: 12.2, Max: 14.2, Diff: 3.0, Sum: 97.3]
      [GC Worker End (ms): Min: 378458166.9, Avg: 378458166.9, Max: 378458167.0, Diff: 0.2]
   [Code Root Fixup: 0.0 ms]
   [Code Root Purge: 0.0 ms]
   [Clear CT: 0.9 ms]
   [Other: 28.0 ms]
      [Choose CSet: 0.0 ms]
      [Ref Proc: 27.4 ms]
      [Ref Enq: 0.2 ms]
      [Redirty Cards: 0.1 ms]
      [Humongous Register: 0.0 ms]
      [Humongous Reclaim: 0.0 ms]
      [Free CSet: 0.2 ms]
   [Eden: 7152.0M(7152.0M)->0.0B(7152.0M) Survivors: 16384.0K->16384.0K Heap: 10837.1M(14336.0M)->3687.8M(14336.0M)]
 [Times: user=0.17 sys=0.00, real=0.04 secs] 
2022-09-14T08:07:09.678-0600: 378458.196: [GC concurrent-root-region-scan-start]
2022-09-14T08:07:09.684-0600: 378458.202: [GC concurrent-root-region-scan-end, 0.0058668 secs]
2022-09-14T08:07:09.684-0600: 378458.202: [GC concurrent-mark-start]
2022-09-14T08:07:11.008-0600: 378459.525: [GC concurrent-mark-end, 1.3231811 secs]
2022-09-14T08:07:11.008-0600: 378459.525: [GC remark 2022-09-14T08:07:11.008-0600: 378459.525: [Finalize Marking, 0.0019323 secs] 2022-09-14T08:07:11.010-0600: 378459.527: [GC ref-proc, 0.0300771 secs] 2022-09-14T08:07:11.040-0600: 378459.557: [Unloading, 0.0303566 secs], 0.0671204 secs]
 [Times: user=0.26 sys=0.00, real=0.07 secs] 
2022-09-14T08:07:11.075-0600: 378459.593: [GC cleanup 3860M->3860M(14336M), 0.0070175 secs]
 [Times: user=0.03 sys=0.00, real=0.01 secs] 
2022-09-14T08:08:28.919-0600: 378537.437: [GC pause (G1 Evacuation Pause) (young), 0.0382003 secs]
   [Parallel Time: 13.9 ms, GC Workers: 8]
      [GC Worker Start (ms): Min: 378537437.0, Avg: 378537440.2, Max: 378537443.1, Diff: 6.1]
      [Ext Root Scanning (ms): Min: 0.0, Avg: 0.8, Max: 2.9, Diff: 2.9, Sum: 6.2]
      [Update RS (ms): Min: 0.0, Avg: 0.9, Max: 2.1, Diff: 2.1, Sum: 7.5]
         [Processed Buffers: Min: 0, Avg: 6.1, Max: 17, Diff: 17, Sum: 49]
      [Scan RS (ms): Min: 0.0, Avg: 0.0, Max: 0.1, Diff: 0.1, Sum: 0.2]
      [Code Root Scanning (ms): Min: 0.0, Avg: 0.0, Max: 0.0, Diff: 0.0, Sum: 0.0]
      [Object Copy (ms): Min: 0.0, Avg: 1.7, Max: 9.4, Diff: 9.4, Sum: 13.9]
      [Termination (ms): Min: 0.0, Avg: 6.9, Max: 8.1, Diff: 8.1, Sum: 55.0]
         [Termination Attempts: Min: 1, Avg: 8.2, Max: 17, Diff: 16, Sum: 66]
      [GC Worker Other (ms): Min: 0.0, Avg: 0.0, Max: 0.0, Diff: 0.0, Sum: 0.0]
      [GC Worker Total (ms): Min: 7.4, Avg: 10.4, Max: 13.6, Diff: 6.2, Sum: 82.8]
      [GC Worker End (ms): Min: 378537450.5, Avg: 378537450.6, Max: 378537450.6, Diff: 0.1]
   [Code Root Fixup: 0.0 ms]
   [Code Root Purge: 0.0 ms]
   [Clear CT: 0.7 ms]
   [Other: 23.5 ms]
      [Choose CSet: 0.0 ms]
      [Ref Proc: 23.2 ms]
      [Ref Enq: 0.1 ms]
      [Redirty Cards: 0.1 ms]
      [Humongous Register: 0.0 ms]
      [Humongous Reclaim: 0.0 ms]
      [Free CSet: 0.1 ms]
   [Eden: 7152.0M(7152.0M)->0.0B(5712.0M) Survivors: 16384.0K->16384.0K Heap: 10839.8M(14336.0M)->3687.8M(14336.0M)]
 [Times: user=0.13 sys=0.00, real=0.04 secs] 
2022-09-14T08:09:32.980-0600: 378601.497: [GC pause (G1 Evacuation Pause) (mixed), 0.0389521 secs]
   [Parallel Time: 15.0 ms, GC Workers: 8]
      [GC Worker Start (ms): Min: 378601497.5, Avg: 378601502.7, Max: 378601508.5, Diff: 11.0]
      [Ext Root Scanning (ms): Min: 0.0, Avg: 0.9, Max: 3.5, Diff: 3.5, Sum: 6.8]
      [Update RS (ms): Min: 0.0, Avg: 0.9, Max: 2.3, Diff: 2.3, Sum: 7.4]
         [Processed Buffers: Min: 0, Avg: 5.5, Max: 21, Diff: 21, Sum: 44]
      [Scan RS (ms): Min: 0.0, Avg: 0.9, Max: 1.8, Diff: 1.8, Sum: 6.9]
      [Code Root Scanning (ms): Min: 0.0, Avg: 0.0, Max: 0.0, Diff: 0.0, Sum: 0.0]
      [Object Copy (ms): Min: 0.0, Avg: 2.8, Max: 8.8, Diff: 8.8, Sum: 22.6]
      [Termination (ms): Min: 0.0, Avg: 4.1, Max: 5.0, Diff: 5.0, Sum: 32.8]
         [Termination Attempts: Min: 1, Avg: 9.1, Max: 19, Diff: 18, Sum: 73]
      [GC Worker Other (ms): Min: 0.0, Avg: 0.0, Max: 0.0, Diff: 0.0, Sum: 0.0]
      [GC Worker Total (ms): Min: 3.8, Avg: 9.6, Max: 14.7, Diff: 10.9, Sum: 76.7]
      [GC Worker End (ms): Min: 378601512.2, Avg: 378601512.2, Max: 378601512.3, Diff: 0.1]
   [Code Root Fixup: 0.0 ms]
   [Code Root Purge: 0.0 ms]
   [Clear CT: 0.5 ms]
   [Other: 23.5 ms]
      [Choose CSet: 0.0 ms]
      [Ref Proc: 23.1 ms]
      [Ref Enq: 0.1 ms]
      [Redirty Cards: 0.1 ms]
      [Humongous Register: 0.0 ms]
      [Humongous Reclaim: 0.0 ms]
      [Free CSet: 0.1 ms]
   [Eden: 5712.0M(5712.0M)->0.0B(7152.0M) Survivors: 16384.0K->16384.0K Heap: 9399.8M(14336.0M)->3680.1M(14336.0M)]
 [Times: user=0.15 sys=0.00, real=0.04 secs] 
2022-09-14T08:10:50.631-0600: 378679.149: [GC pause (G1 Evacuation Pause) (young), 0.0206127 secs]
   [Parallel Time: 9.8 ms, GC Workers: 8]
      [GC Worker Start (ms): Min: 378679149.1, Avg: 378679150.8, Max: 378679158.0, Diff: 8.8]
      [Ext Root Scanning (ms): Min: 0.0, Avg: 0.9, Max: 3.1, Diff: 3.1, Sum: 7.2]
      [Update RS (ms): Min: 0.0, Avg: 4.4, Max: 8.0, Diff: 8.0, Sum: 35.2]
         [Processed Buffers: Min: 0, Avg: 15.4, Max: 29, Diff: 29, Sum: 123]
      [Scan RS (ms): Min: 0.0, Avg: 0.0, Max: 0.1, Diff: 0.1, Sum: 0.2]
      [Code Root Scanning (ms): Min: 0.0, Avg: 0.0, Max: 0.0, Diff: 0.0, Sum: 0.0]
      [Object Copy (ms): Min: 0.0, Avg: 1.6, Max: 5.4, Diff: 5.4, Sum: 12.7]
      [Termination (ms): Min: 0.0, Avg: 1.0, Max: 1.3, Diff: 1.3, Sum: 7.8]
         [Termination Attempts: Min: 1, Avg: 5.4, Max: 14, Diff: 13, Sum: 43]
      [GC Worker Other (ms): Min: 0.0, Avg: 0.0, Max: 0.0, Diff: 0.0, Sum: 0.1]
      [GC Worker Total (ms): Min: 0.7, Avg: 7.9, Max: 9.7, Diff: 9.0, Sum: 63.2]
      [GC Worker End (ms): Min: 378679158.7, Avg: 378679158.7, Max: 378679158.8, Diff: 0.2]
   [Code Root Fixup: 0.0 ms]
   [Code Root Purge: 0.0 ms]
   [Clear CT: 0.6 ms]
   [Other: 10.2 ms]
      [Choose CSet: 0.0 ms]
      [Ref Proc: 9.8 ms]
      [Ref Enq: 0.1 ms]
      [Redirty Cards: 0.1 ms]
      [Humongous Register: 0.0 ms]
      [Humongous Reclaim: 0.0 ms]
      [Free CSet: 0.1 ms]
   [Eden: 7152.0M(7152.0M)->0.0B(7152.0M) Survivors: 16384.0K->16384.0K Heap: 10832.1M(14336.0M)->3686.7M(14336.0M)]
 [Times: user=0.09 sys=0.00, real=0.02 secs] 
2022-09-14T08:12:09.530-0600: 378758.048: [GC pause (G1 Evacuation Pause) (young) (initial-mark), 0.0332338 secs]
   [Parallel Time: 14.9 ms, GC Workers: 8]
      [GC Worker Start (ms): Min: 378758048.9, Avg: 378758050.3, Max: 378758051.2, Diff: 2.3]
      [Ext Root Scanning (ms): Min: 2.2, Avg: 5.7, Max: 9.9, Diff: 7.7, Sum: 45.4]
      [Update RS (ms): Min: 0.0, Avg: 1.2, Max: 2.8, Diff: 2.8, Sum: 9.6]
         [Processed Buffers: Min: 0, Avg: 5.8, Max: 21, Diff: 21, Sum: 46]
      [Scan RS (ms): Min: 0.0, Avg: 0.0, Max: 0.1, Diff: 0.0, Sum: 0.3]
      [Code Root Scanning (ms): Min: 0.0, Avg: 0.0, Max: 0.0, Diff: 0.0, Sum: 0.0]
      [Object Copy (ms): Min: 0.1, Avg: 2.4, Max: 6.4, Diff: 6.2, Sum: 19.5]
      [Termination (ms): Min: 0.0, Avg: 2.9, Max: 3.5, Diff: 3.5, Sum: 23.0]
         [Termination Attempts: Min: 1, Avg: 5.2, Max: 9, Diff: 8, Sum: 42]
      [GC Worker Other (ms): Min: 0.0, Avg: 0.0, Max: 0.0, Diff: 0.0, Sum: 0.1]
      [GC Worker Total (ms): Min: 11.3, Avg: 12.2, Max: 13.6, Diff: 2.3, Sum: 97.9]
      [GC Worker End (ms): Min: 378758062.5, Avg: 378758062.6, Max: 378758062.6, Diff: 0.0]
   [Code Root Fixup: 0.0 ms]
   [Code Root Purge: 0.0 ms]
   [Clear CT: 0.5 ms]
   [Other: 17.7 ms]
      [Choose CSet: 0.0 ms]
      [Ref Proc: 17.3 ms]
      [Ref Enq: 0.1 ms]
      [Redirty Cards: 0.1 ms]
      [Humongous Register: 0.0 ms]
      [Humongous Reclaim: 0.0 ms]
      [Free CSet: 0.1 ms]
   [Eden: 7152.0M(7152.0M)->0.0B(7152.0M) Survivors: 16384.0K->16384.0K Heap: 10838.7M(14336.0M)->3690.6M(14336.0M)]
 [Times: user=0.12 sys=0.00, real=0.04 secs] 
2022-09-14T08:12:09.563-0600: 378758.081: [GC concurrent-root-region-scan-start]
2022-09-14T08:12:09.569-0600: 378758.087: [GC concurrent-root-region-scan-end, 0.0057282 secs]
2022-09-14T08:12:09.569-0600: 378758.087: [GC concurrent-mark-start]
2022-09-14T08:12:10.902-0600: 378759.420: [GC concurrent-mark-end, 1.3332757 secs]
2022-09-14T08:12:10.902-0600: 378759.420: [GC remark 2022-09-14T08:12:10.902-0600: 378759.420: [Finalize Marking, 0.0028591 secs] 2022-09-14T08:12:10.905-0600: 378759.423: [GC ref-proc, 0.0183826 secs] 2022-09-14T08:12:10.924-0600: 378759.441: [Unloading, 0.0243542 secs], 0.0495858 secs]
 [Times: user=0.26 sys=0.00, real=0.04 secs] 
2022-09-14T08:12:10.952-0600: 378759.470: [GC cleanup 3866M->3866M(14336M), 0.0149224 secs]
 [Times: user=0.03 sys=0.00, real=0.02 secs] 
2022-09-14T08:13:28.179-0600: 378836.696: [GC pause (G1 Evacuation Pause) (young), 0.0373076 secs]
   [Parallel Time: 14.1 ms, GC Workers: 8]
      [GC Worker Start (ms): Min: 378836696.3, Avg: 378836700.2, Max: 378836704.4, Diff: 8.1]
      [Ext Root Scanning (ms): Min: 0.0, Avg: 0.8, Max: 3.1, Diff: 3.1, Sum: 6.8]
      [Update RS (ms): Min: 0.0, Avg: 1.4, Max: 3.0, Diff: 3.0, Sum: 11.3]
         [Processed Buffers: Min: 0, Avg: 7.0, Max: 18, Diff: 18, Sum: 56]
      [Scan RS (ms): Min: 0.0, Avg: 0.0, Max: 0.1, Diff: 0.1, Sum: 0.2]
      [Code Root Scanning (ms): Min: 0.0, Avg: 0.0, Max: 0.0, Diff: 0.0, Sum: 0.0]
      [Object Copy (ms): Min: 0.0, Avg: 2.3, Max: 8.3, Diff: 8.3, Sum: 18.2]
      [Termination (ms): Min: 0.0, Avg: 5.6, Max: 6.6, Diff: 6.6, Sum: 45.0]
         [Termination Attempts: Min: 1, Avg: 25.1, Max: 39, Diff: 38, Sum: 201]
      [GC Worker Other (ms): Min: 0.0, Avg: 0.0, Max: 0.0, Diff: 0.0, Sum: 0.0]
      [GC Worker Total (ms): Min: 5.9, Avg: 10.2, Max: 13.9, Diff: 8.0, Sum: 81.4]
      [GC Worker End (ms): Min: 378836710.3, Avg: 378836710.3, Max: 378836710.4, Diff: 0.1]
   [Code Root Fixup: 0.0 ms]
   [Code Root Purge: 0.0 ms]
   [Clear CT: 0.8 ms]
   [Other: 22.5 ms]
      [Choose CSet: 0.0 ms]
      [Ref Proc: 22.1 ms]
      [Ref Enq: 0.1 ms]
      [Redirty Cards: 0.1 ms]
      [Humongous Register: 0.0 ms]
      [Humongous Reclaim: 0.0 ms]
      [Free CSet: 0.1 ms]
   [Eden: 7152.0M(7152.0M)->0.0B(5712.0M) Survivors: 16384.0K->16384.0K Heap: 10842.6M(14336.0M)->3690.0M(14336.0M)]
 [Times: user=0.14 sys=0.00, real=0.04 secs] 
2022-09-14T08:14:29.478-0600: 378897.996: [GC pause (G1 Evacuation Pause) (mixed), 0.0386801 secs]
   [Parallel Time: 14.8 ms, GC Workers: 8]
      [GC Worker Start (ms): Min: 378897995.8, Avg: 378898000.6, Max: 378898009.5, Diff: 13.7]
      [Ext Root Scanning (ms): Min: 0.0, Avg: 0.8, Max: 3.1, Diff: 3.1, Sum: 6.4]
      [Update RS (ms): Min: 0.0, Avg: 1.1, Max: 2.3, Diff: 2.3, Sum: 8.5]
         [Processed Buffers: Min: 0, Avg: 6.2, Max: 20, Diff: 20, Sum: 50]
      [Scan RS (ms): Min: 0.2, Avg: 2.5, Max: 9.6, Diff: 9.4, Sum: 20.0]
      [Code Root Scanning (ms): Min: 0.0, Avg: 0.0, Max: 0.0, Diff: 0.0, Sum: 0.0]
      [Object Copy (ms): Min: 0.0, Avg: 4.3, Max: 6.3, Diff: 6.3, Sum: 34.2]
      [Termination (ms): Min: 0.0, Avg: 1.2, Max: 1.5, Diff: 1.5, Sum: 9.6]
         [Termination Attempts: Min: 1, Avg: 21.8, Max: 36, Diff: 35, Sum: 174]
      [GC Worker Other (ms): Min: 0.0, Avg: 0.0, Max: 0.0, Diff: 0.0, Sum: 0.1]
      [GC Worker Total (ms): Min: 0.9, Avg: 9.8, Max: 14.6, Diff: 13.7, Sum: 78.6]
      [GC Worker End (ms): Min: 378898010.4, Avg: 378898010.4, Max: 378898010.5, Diff: 0.1]
   [Code Root Fixup: 0.0 ms]
   [Code Root Purge: 0.0 ms]
   [Clear CT: 0.8 ms]
   [Other: 23.1 ms]
      [Choose CSet: 0.0 ms]
      [Ref Proc: 22.7 ms]
      [Ref Enq: 0.1 ms]
      [Redirty Cards: 0.1 ms]
      [Humongous Register: 0.0 ms]
      [Humongous Reclaim: 0.0 ms]
      [Free CSet: 0.1 ms]
   [Eden: 5712.0M(5712.0M)->0.0B(7152.0M) Survivors: 16384.0K->16384.0K Heap: 9402.0M(14336.0M)->3691.1M(14336.0M)]
 [Times: user=0.16 sys=0.00, real=0.04 secs] 
2022-09-14T08:15:48.129-0600: 378976.646: [GC pause (G1 Evacuation Pause) (young), 0.0347451 secs]
   [Parallel Time: 10.6 ms, GC Workers: 8]
      [GC Worker Start (ms): Min: 378976646.5, Avg: 378976648.5, Max: 378976649.7, Diff: 3.2]
      [Ext Root Scanning (ms): Min: 0.0, Avg: 1.6, Max: 4.3, Diff: 4.3, Sum: 13.0]
      [Update RS (ms): Min: 0.0, Avg: 3.8, Max: 7.3, Diff: 7.3, Sum: 30.6]
         [Processed Buffers: Min: 0, Avg: 17.2, Max: 30, Diff: 30, Sum: 138]
      [Scan RS (ms): Min: 0.0, Avg: 0.0, Max: 0.1, Diff: 0.1, Sum: 0.2]
      [Code Root Scanning (ms): Min: 0.0, Avg: 0.0, Max: 0.0, Diff: 0.0, Sum: 0.0]
      [Object Copy (ms): Min: 0.1, Avg: 2.5, Max: 7.3, Diff: 7.2, Sum: 19.9]
      [Termination (ms): Min: 0.0, Avg: 0.5, Max: 0.7, Diff: 0.7, Sum: 4.4]
         [Termination Attempts: Min: 1, Avg: 6.5, Max: 11, Diff: 10, Sum: 52]
      [GC Worker Other (ms): Min: 0.0, Avg: 0.0, Max: 0.0, Diff: 0.0, Sum: 0.1]
      [GC Worker Total (ms): Min: 7.3, Avg: 8.5, Max: 10.5, Diff: 3.2, Sum: 68.1]
      [GC Worker End (ms): Min: 378976657.0, Avg: 378976657.1, Max: 378976657.1, Diff: 0.0]
   [Code Root Fixup: 0.0 ms]
   [Code Root Purge: 0.0 ms]
   [Clear CT: 1.0 ms]
   [Other: 23.2 ms]
      [Choose CSet: 0.0 ms]
      [Ref Proc: 22.7 ms]
      [Ref Enq: 0.1 ms]
      [Redirty Cards: 0.1 ms]
      [Humongous Register: 0.0 ms]
      [Humongous Reclaim: 0.0 ms]
      [Free CSet: 0.1 ms]
   [Eden: 7152.0M(7152.0M)->0.0B(7136.0M) Survivors: 16384.0K->32768.0K Heap: 10843.1M(14336.0M)->3702.3M(14336.0M)]
 [Times: user=0.12 sys=0.00, real=0.04 secs] 
2022-09-14T08:17:07.927-0600: 379056.445: [GC pause (G1 Evacuation Pause) (young) (initial-mark), 0.0349547 secs]
   [Parallel Time: 12.4 ms, GC Workers: 8]
      [GC Worker Start (ms): Min: 379056445.8, Avg: 379056446.7, Max: 379056447.6, Diff: 1.8]
      [Ext Root Scanning (ms): Min: 3.1, Avg: 4.9, Max: 9.0, Diff: 5.9, Sum: 39.0]
      [Update RS (ms): Min: 0.0, Avg: 1.5, Max: 2.7, Diff: 2.7, Sum: 11.7]
         [Processed Buffers: Min: 0, Avg: 7.8, Max: 15, Diff: 15, Sum: 62]
      [Scan RS (ms): Min: 0.0, Avg: 0.0, Max: 0.1, Diff: 0.1, Sum: 0.2]
      [Code Root Scanning (ms): Min: 0.0, Avg: 0.0, Max: 0.0, Diff: 0.0, Sum: 0.0]
      [Object Copy (ms): Min: 0.0, Avg: 1.1, Max: 1.6, Diff: 1.6, Sum: 9.0]
      [Termination (ms): Min: 0.0, Avg: 2.6, Max: 3.2, Diff: 3.2, Sum: 20.5]
         [Termination Attempts: Min: 1, Avg: 14.9, Max: 26, Diff: 25, Sum: 119]
      [GC Worker Other (ms): Min: 0.0, Avg: 0.0, Max: 0.0, Diff: 0.0, Sum: 0.1]
      [GC Worker Total (ms): Min: 9.0, Avg: 10.1, Max: 11.0, Diff: 2.0, Sum: 80.6]
      [GC Worker End (ms): Min: 379056456.7, Avg: 379056456.8, Max: 379056456.9, Diff: 0.2]
   [Code Root Fixup: 0.0 ms]
   [Code Root Purge: 0.0 ms]
   [Clear CT: 0.8 ms]
   [Other: 21.8 ms]
      [Choose CSet: 0.0 ms]
      [Ref Proc: 21.3 ms]
      [Ref Enq: 0.1 ms]
      [Redirty Cards: 0.1 ms]
      [Humongous Register: 0.0 ms]
      [Humongous Reclaim: 0.0 ms]
      [Free CSet: 0.1 ms]
   [Eden: 7136.0M(7136.0M)->0.0B(7152.0M) Survivors: 32768.0K->16384.0K Heap: 10838.3M(14336.0M)->3694.8M(14336.0M)]
 [Times: user=0.13 sys=0.00, real=0.04 secs] 
2022-09-14T08:17:07.962-0600: 379056.480: [GC concurrent-root-region-scan-start]
2022-09-14T08:17:07.967-0600: 379056.485: [GC concurrent-root-region-scan-end, 0.0054534 secs]
2022-09-14T08:17:07.967-0600: 379056.485: [GC concurrent-mark-start]
2022-09-14T08:17:09.258-0600: 379057.776: [GC concurrent-mark-end, 1.2911430 secs]
2022-09-14T08:17:09.259-0600: 379057.776: [GC remark 2022-09-14T08:17:09.259-0600: 379057.776: [Finalize Marking, 0.0028850 secs] 2022-09-14T08:17:09.262-0600: 379057.779: [GC ref-proc, 0.0285439 secs] 2022-09-14T08:17:09.290-0600: 379057.808: [Unloading, 0.0259962 secs], 0.0615947 secs]
 [Times: user=0.27 sys=0.00, real=0.06 secs] 
2022-09-14T08:17:09.320-0600: 379057.838: [GC cleanup 3814M->3814M(14336M), 0.0111637 secs]
 [Times: user=0.03 sys=0.00, real=0.01 secs] 
2022-09-14T08:18:28.377-0600: 379136.895: [GC pause (G1 Evacuation Pause) (young), 0.0297535 secs]
   [Parallel Time: 6.3 ms, GC Workers: 8]
      [GC Worker Start (ms): Min: 379136894.7, Avg: 379136896.3, Max: 379136900.9, Diff: 6.2]
      [Ext Root Scanning (ms): Min: 0.0, Avg: 1.3, Max: 3.6, Diff: 3.6, Sum: 10.7]
      [Update RS (ms): Min: 0.0, Avg: 1.1, Max: 2.5, Diff: 2.5, Sum: 8.9]
         [Processed Buffers: Min: 0, Avg: 6.8, Max: 15, Diff: 15, Sum: 54]
      [Scan RS (ms): Min: 0.0, Avg: 0.0, Max: 0.1, Diff: 0.1, Sum: 0.2]
      [Code Root Scanning (ms): Min: 0.0, Avg: 0.0, Max: 0.0, Diff: 0.0, Sum: 0.0]
      [Object Copy (ms): Min: 0.0, Avg: 1.2, Max: 2.2, Diff: 2.2, Sum: 9.8]
      [Termination (ms): Min: 0.0, Avg: 0.8, Max: 1.1, Diff: 1.1, Sum: 6.8]
         [Termination Attempts: Min: 1, Avg: 12.4, Max: 25, Diff: 24, Sum: 99]
      [GC Worker Other (ms): Min: 0.0, Avg: 0.0, Max: 0.0, Diff: 0.0, Sum: 0.0]
      [GC Worker Total (ms): Min: 0.0, Avg: 4.6, Max: 6.2, Diff: 6.2, Sum: 36.5]
      [GC Worker End (ms): Min: 379136900.9, Avg: 379136900.9, Max: 379136900.9, Diff: 0.0]
   [Code Root Fixup: 0.0 ms]
   [Code Root Purge: 0.0 ms]
   [Clear CT: 0.6 ms]
   [Other: 22.9 ms]
      [Choose CSet: 0.0 ms]
      [Ref Proc: 22.5 ms]
      [Ref Enq: 0.1 ms]
      [Redirty Cards: 0.1 ms]
      [Humongous Register: 0.0 ms]
      [Humongous Reclaim: 0.0 ms]
      [Free CSet: 0.1 ms]
   [Eden: 7152.0M(7152.0M)->0.0B(5712.0M) Survivors: 16384.0K->16384.0K Heap: 10846.8M(14336.0M)->3694.0M(14336.0M)]
 [Times: user=0.12 sys=0.00, real=0.03 secs] 
2022-09-14T08:19:30.775-0600: 379199.293: [GC pause (G1 Evacuation Pause) (mixed), 0.0264930 secs]
   [Parallel Time: 8.6 ms, GC Workers: 8]
      [GC Worker Start (ms): Min: 379199292.7, Avg: 379199294.5, Max: 379199300.6, Diff: 7.9]
      [Ext Root Scanning (ms): Min: 0.0, Avg: 1.0, Max: 3.5, Diff: 3.5, Sum: 8.2]
      [Update RS (ms): Min: 0.0, Avg: 1.2, Max: 2.0, Diff: 2.0, Sum: 9.3]
         [Processed Buffers: Min: 0, Avg: 5.5, Max: 18, Diff: 18, Sum: 44]
      [Scan RS (ms): Min: 0.0, Avg: 0.7, Max: 1.0, Diff: 1.0, Sum: 5.9]
      [Code Root Scanning (ms): Min: 0.0, Avg: 0.0, Max: 0.0, Diff: 0.0, Sum: 0.0]
      [Object Copy (ms): Min: 0.0, Avg: 2.8, Max: 6.6, Diff: 6.6, Sum: 22.3]
      [Termination (ms): Min: 0.0, Avg: 1.0, Max: 1.3, Diff: 1.3, Sum: 8.0]
         [Termination Attempts: Min: 1, Avg: 9.8, Max: 20, Diff: 19, Sum: 78]
      [GC Worker Other (ms): Min: 0.0, Avg: 0.0, Max: 0.0, Diff: 0.0, Sum: 0.1]
      [GC Worker Total (ms): Min: 0.6, Avg: 6.7, Max: 8.6, Diff: 7.9, Sum: 53.8]
      [GC Worker End (ms): Min: 379199301.2, Avg: 379199301.2, Max: 379199301.3, Diff: 0.0]
   [Code Root Fixup: 0.0 ms]
   [Code Root Purge: 0.0 ms]
   [Clear CT: 0.6 ms]
   [Other: 17.3 ms]
      [Choose CSet: 0.0 ms]
      [Ref Proc: 16.8 ms]
      [Ref Enq: 0.1 ms]
      [Redirty Cards: 0.1 ms]
      [Humongous Register: 0.0 ms]
      [Humongous Reclaim: 0.0 ms]
      [Free CSet: 0.1 ms]
   [Eden: 5712.0M(5712.0M)->0.0B(7152.0M) Survivors: 16384.0K->16384.0K Heap: 9406.0M(14336.0M)->3683.7M(14336.0M)]
 [Times: user=0.11 sys=0.00, real=0.03 secs] 
2022-09-14T08:20:46.176-0600: 379274.694: [GC pause (G1 Evacuation Pause) (young), 0.0355485 secs]
   [Parallel Time: 17.1 ms, GC Workers: 8]
      [GC Worker Start (ms): Min: 379274694.0, Avg: 379274698.0, Max: 379274703.6, Diff: 9.6]
      [Ext Root Scanning (ms): Min: 0.0, Avg: 0.8, Max: 3.1, Diff: 3.1, Sum: 6.8]
      [Update RS (ms): Min: 0.0, Avg: 2.5, Max: 4.7, Diff: 4.7, Sum: 19.8]
         [Processed Buffers: Min: 0, Avg: 13.4, Max: 27, Diff: 27, Sum: 107]
      [Scan RS (ms): Min: 0.0, Avg: 0.0, Max: 0.1, Diff: 0.1, Sum: 0.2]
      [Code Root Scanning (ms): Min: 0.0, Avg: 0.0, Max: 0.0, Diff: 0.0, Sum: 0.0]
      [Object Copy (ms): Min: 0.0, Avg: 2.7, Max: 10.2, Diff: 10.2, Sum: 21.5]
      [Termination (ms): Min: 0.0, Avg: 6.8, Max: 8.0, Diff: 8.0, Sum: 54.8]
         [Termination Attempts: Min: 1, Avg: 2.1, Max: 4, Diff: 3, Sum: 17]
      [GC Worker Other (ms): Min: 0.0, Avg: 0.0, Max: 0.0, Diff: 0.0, Sum: 0.1]
      [GC Worker Total (ms): Min: 7.2, Avg: 12.9, Max: 16.8, Diff: 9.6, Sum: 103.2]
      [GC Worker End (ms): Min: 379274710.8, Avg: 379274710.9, Max: 379274711.0, Diff: 0.2]
   [Code Root Fixup: 0.0 ms]
   [Code Root Purge: 0.0 ms]
   [Clear CT: 0.8 ms]
   [Other: 17.7 ms]
      [Choose CSet: 0.0 ms]
      [Ref Proc: 17.3 ms]
      [Ref Enq: 0.1 ms]
      [Redirty Cards: 0.1 ms]
      [Humongous Register: 0.0 ms]
      [Humongous Reclaim: 0.0 ms]
      [Free CSet: 0.1 ms]
   [Eden: 7152.0M(7152.0M)->0.0B(7152.0M) Survivors: 16384.0K->16384.0K Heap: 10835.7M(14336.0M)->3693.8M(14336.0M)]
 [Times: user=0.14 sys=0.00, real=0.03 secs] 
2022-09-14T08:22:05.079-0600: 379353.596: [GC pause (G1 Evacuation Pause) (young) (initial-mark), 0.0378466 secs]
   [Parallel Time: 14.8 ms, GC Workers: 8]
      [GC Worker Start (ms): Min: 379353597.8, Avg: 379353599.2, Max: 379353600.3, Diff: 2.5]
      [Ext Root Scanning (ms): Min: 2.4, Avg: 6.1, Max: 9.8, Diff: 7.4, Sum: 48.6]
      [Update RS (ms): Min: 0.0, Avg: 1.0, Max: 2.3, Diff: 2.3, Sum: 8.4]
         [Processed Buffers: Min: 0, Avg: 6.2, Max: 21, Diff: 21, Sum: 50]
      [Scan RS (ms): Min: 0.0, Avg: 0.0, Max: 0.1, Diff: 0.1, Sum: 0.2]
      [Code Root Scanning (ms): Min: 0.0, Avg: 0.0, Max: 0.0, Diff: 0.0, Sum: 0.0]
      [Object Copy (ms): Min: 0.0, Avg: 2.4, Max: 6.1, Diff: 6.1, Sum: 18.9]
      [Termination (ms): Min: 0.0, Avg: 2.1, Max: 3.0, Diff: 3.0, Sum: 16.8]
         [Termination Attempts: Min: 1, Avg: 2.1, Max: 10, Diff: 9, Sum: 17]
      [GC Worker Other (ms): Min: 0.0, Avg: 0.0, Max: 0.0, Diff: 0.0, Sum: 0.1]
      [GC Worker Total (ms): Min: 10.6, Avg: 11.6, Max: 13.0, Diff: 2.5, Sum: 93.0]
      [GC Worker End (ms): Min: 379353610.8, Avg: 379353610.8, Max: 379353611.0, Diff: 0.2]
   [Code Root Fixup: 0.0 ms]
   [Code Root Purge: 0.0 ms]
   [Clear CT: 0.6 ms]
   [Other: 22.5 ms]
      [Choose CSet: 0.0 ms]
      [Ref Proc: 22.1 ms]
      [Ref Enq: 0.1 ms]
      [Redirty Cards: 0.1 ms]
      [Humongous Register: 0.0 ms]
      [Humongous Reclaim: 0.0 ms]
      [Free CSet: 0.1 ms]
   [Eden: 7152.0M(7152.0M)->0.0B(7152.0M) Survivors: 16384.0K->16384.0K Heap: 10845.8M(14336.0M)->3700.6M(14336.0M)]
 [Times: user=0.15 sys=0.00, real=0.04 secs] 
2022-09-14T08:22:05.117-0600: 379353.634: [GC concurrent-root-region-scan-start]
2022-09-14T08:22:05.124-0600: 379353.641: [GC concurrent-root-region-scan-end, 0.0070433 secs]
2022-09-14T08:22:05.124-0600: 379353.641: [GC concurrent-mark-start]
2022-09-14T08:22:06.458-0600: 379354.976: [GC concurrent-mark-end, 1.3343701 secs]
2022-09-14T08:22:06.458-0600: 379354.976: [GC remark 2022-09-14T08:22:06.458-0600: 379354.976: [Finalize Marking, 0.0024093 secs] 2022-09-14T08:22:06.461-0600: 379354.978: [GC ref-proc, 0.0293033 secs] 2022-09-14T08:22:06.490-0600: 379355.008: [Unloading, 0.0354783 secs], 0.0709882 secs]
 [Times: user=0.24 sys=0.00, real=0.07 secs] 
2022-09-14T08:22:06.529-0600: 379355.047: [GC cleanup 3876M->3876M(14336M), 0.0073339 secs]
 [Times: user=0.02 sys=0.00, real=0.01 secs] 
2022-09-14T08:23:25.426-0600: 379433.944: [GC pause (G1 Evacuation Pause) (young), 0.0313126 secs]
   [Parallel Time: 9.7 ms, GC Workers: 8]
      [GC Worker Start (ms): Min: 379433943.7, Avg: 379433948.5, Max: 379433953.3, Diff: 9.6]
      [Ext Root Scanning (ms): Min: 0.0, Avg: 0.8, Max: 3.3, Diff: 3.3, Sum: 6.6]
      [Update RS (ms): Min: 0.0, Avg: 1.8, Max: 4.3, Diff: 4.3, Sum: 14.3]
         [Processed Buffers: Min: 0, Avg: 7.9, Max: 21, Diff: 21, Sum: 63]
      [Scan RS (ms): Min: 0.0, Avg: 0.0, Max: 0.1, Diff: 0.1, Sum: 0.2]
      [Code Root Scanning (ms): Min: 0.0, Avg: 0.0, Max: 0.0, Diff: 0.0, Sum: 0.0]
      [Object Copy (ms): Min: 0.0, Avg: 0.9, Max: 2.0, Diff: 2.0, Sum: 7.6]
      [Termination (ms): Min: 0.0, Avg: 1.3, Max: 1.8, Diff: 1.8, Sum: 10.2]
         [Termination Attempts: Min: 1, Avg: 7.0, Max: 17, Diff: 16, Sum: 56]
      [GC Worker Other (ms): Min: 0.0, Avg: 0.0, Max: 0.0, Diff: 0.0, Sum: 0.0]
      [GC Worker Total (ms): Min: 0.0, Avg: 4.9, Max: 9.7, Diff: 9.6, Sum: 38.9]
      [GC Worker End (ms): Min: 379433953.3, Avg: 379433953.3, Max: 379433953.4, Diff: 0.0]
   [Code Root Fixup: 0.0 ms]
   [Code Root Purge: 0.0 ms]
   [Clear CT: 0.9 ms]
   [Other: 20.7 ms]
      [Choose CSet: 0.0 ms]
      [Ref Proc: 20.4 ms]
      [Ref Enq: 0.1 ms]
      [Redirty Cards: 0.1 ms]
      [Humongous Register: 0.0 ms]
      [Humongous Reclaim: 0.0 ms]
      [Free CSet: 0.1 ms]
   [Eden: 7152.0M(7152.0M)->0.0B(5712.0M) Survivors: 16384.0K->16384.0K Heap: 10852.6M(14336.0M)->3697.6M(14336.0M)]
 [Times: user=0.10 sys=0.00, real=0.03 secs] 
2022-09-14T08:24:29.824-0600: 379498.342: [GC pause (G1 Evacuation Pause) (mixed), 0.0368182 secs]
   [Parallel Time: 14.9 ms, GC Workers: 8]
      [GC Worker Start (ms): Min: 379498342.2, Avg: 379498348.4, Max: 379498356.9, Diff: 14.7]
      [Ext Root Scanning (ms): Min: 0.0, Avg: 0.9, Max: 3.4, Diff: 3.4, Sum: 7.2]
      [Update RS (ms): Min: 0.0, Avg: 0.9, Max: 2.0, Diff: 2.0, Sum: 7.3]
         [Processed Buffers: Min: 0, Avg: 5.4, Max: 17, Diff: 17, Sum: 43]
      [Scan RS (ms): Min: 0.0, Avg: 1.1, Max: 2.2, Diff: 2.2, Sum: 8.6]
      [Code Root Scanning (ms): Min: 0.0, Avg: 0.0, Max: 0.0, Diff: 0.0, Sum: 0.0]
      [Object Copy (ms): Min: 0.0, Avg: 5.1, Max: 7.2, Diff: 7.2, Sum: 40.6]
      [Termination (ms): Min: 0.0, Avg: 0.5, Max: 0.7, Diff: 0.7, Sum: 4.1]
         [Termination Attempts: Min: 1, Avg: 83.5, Max: 135, Diff: 134, Sum: 668]
      [GC Worker Other (ms): Min: 0.0, Avg: 0.0, Max: 0.0, Diff: 0.0, Sum: 0.0]
      [GC Worker Total (ms): Min: 0.0, Avg: 8.5, Max: 14.7, Diff: 14.7, Sum: 67.9]
      [GC Worker End (ms): Min: 379498356.9, Avg: 379498356.9, Max: 379498356.9, Diff: 0.0]
   [Code Root Fixup: 0.0 ms]
   [Code Root Purge: 0.0 ms]
   [Clear CT: 0.7 ms]
   [Other: 21.2 ms]
      [Choose CSet: 0.0 ms]
      [Ref Proc: 20.7 ms]
      [Ref Enq: 0.1 ms]
      [Redirty Cards: 0.1 ms]
      [Humongous Register: 0.0 ms]
      [Humongous Reclaim: 0.0 ms]
      [Free CSet: 0.1 ms]
   [Eden: 5712.0M(5712.0M)->0.0B(7152.0M) Survivors: 16384.0K->16384.0K Heap: 9409.6M(14336.0M)->3676.6M(14336.0M)]
 [Times: user=0.14 sys=0.00, real=0.04 secs] 
2022-09-14T08:25:48.774-0600: 379577.292: [GC pause (G1 Evacuation Pause) (young), 0.0334843 secs]
   [Parallel Time: 17.7 ms, GC Workers: 8]
      [GC Worker Start (ms): Min: 379577291.9, Avg: 379577297.9, Max: 379577305.4, Diff: 13.5]
      [Ext Root Scanning (ms): Min: 0.0, Avg: 0.8, Max: 3.1, Diff: 3.1, Sum: 6.5]
      [Update RS (ms): Min: 0.0, Avg: 5.5, Max: 14.4, Diff: 14.4, Sum: 44.0]
         [Processed Buffers: Min: 0, Avg: 19.4, Max: 40, Diff: 40, Sum: 155]
      [Scan RS (ms): Min: 0.0, Avg: 0.0, Max: 0.1, Diff: 0.1, Sum: 0.2]
      [Code Root Scanning (ms): Min: 0.0, Avg: 0.0, Max: 0.0, Diff: 0.0, Sum: 0.0]
      [Object Copy (ms): Min: 0.0, Avg: 1.2, Max: 2.2, Diff: 2.2, Sum: 9.9]
      [Termination (ms): Min: 0.0, Avg: 3.9, Max: 4.6, Diff: 4.6, Sum: 31.0]
         [Termination Attempts: Min: 1, Avg: 5.2, Max: 13, Diff: 12, Sum: 42]
      [GC Worker Other (ms): Min: 0.0, Avg: 0.0, Max: 0.0, Diff: 0.0, Sum: 0.1]
      [GC Worker Total (ms): Min: 4.0, Avg: 11.5, Max: 17.4, Diff: 13.4, Sum: 91.7]
      [GC Worker End (ms): Min: 379577309.3, Avg: 379577309.4, Max: 379577309.4, Diff: 0.1]
   [Code Root Fixup: 0.0 ms]
   [Code Root Purge: 0.0 ms]
   [Clear CT: 0.6 ms]
   [Other: 15.2 ms]
      [Choose CSet: 0.0 ms]
      [Ref Proc: 14.8 ms]
      [Ref Enq: 0.1 ms]
      [Redirty Cards: 0.1 ms]
      [Humongous Register: 0.0 ms]
      [Humongous Reclaim: 0.0 ms]
      [Free CSet: 0.1 ms]
   [Eden: 7152.0M(7152.0M)->0.0B(7152.0M) Survivors: 16384.0K->16384.0K Heap: 10828.6M(14336.0M)->3683.5M(14336.0M)]
 [Times: user=0.12 sys=0.00, real=0.03 secs] 
2022-09-14T08:27:08.983-0600: 379657.500: [GC pause (G1 Evacuation Pause) (young) (initial-mark), 0.0325162 secs]
   [Parallel Time: 11.0 ms, GC Workers: 8]
      [GC Worker Start (ms): Min: 379657501.8, Avg: 379657503.5, Max: 379657504.5, Diff: 2.7]
      [Ext Root Scanning (ms): Min: 2.6, Avg: 4.2, Max: 7.0, Diff: 4.3, Sum: 33.6]
      [Update RS (ms): Min: 0.0, Avg: 1.1, Max: 1.5, Diff: 1.5, Sum: 8.9]
         [Processed Buffers: Min: 0, Avg: 5.8, Max: 15, Diff: 15, Sum: 46]
      [Scan RS (ms): Min: 0.0, Avg: 0.0, Max: 0.1, Diff: 0.1, Sum: 0.2]
      [Code Root Scanning (ms): Min: 0.0, Avg: 0.0, Max: 0.0, Diff: 0.0, Sum: 0.0]
      [Object Copy (ms): Min: 0.0, Avg: 1.1, Max: 1.3, Diff: 1.3, Sum: 8.5]
      [Termination (ms): Min: 0.0, Avg: 1.6, Max: 1.9, Diff: 1.9, Sum: 12.5]
         [Termination Attempts: Min: 1, Avg: 35.1, Max: 53, Diff: 52, Sum: 281]
      [GC Worker Other (ms): Min: 0.0, Avg: 0.0, Max: 0.0, Diff: 0.0, Sum: 0.1]
      [GC Worker Total (ms): Min: 7.0, Avg: 8.0, Max: 9.7, Diff: 2.8, Sum: 63.9]
      [GC Worker End (ms): Min: 379657511.5, Avg: 379657511.5, Max: 379657511.5, Diff: 0.1]
   [Code Root Fixup: 0.0 ms]
   [Code Root Purge: 0.0 ms]
   [Clear CT: 0.9 ms]
   [Other: 20.6 ms]
      [Choose CSet: 0.0 ms]
      [Ref Proc: 20.2 ms]
      [Ref Enq: 0.1 ms]
      [Redirty Cards: 0.1 ms]
      [Humongous Register: 0.0 ms]
      [Humongous Reclaim: 0.0 ms]
      [Free CSet: 0.1 ms]
   [Eden: 7152.0M(7152.0M)->0.0B(7152.0M) Survivors: 16384.0K->16384.0K Heap: 10835.5M(14336.0M)->3686.8M(14336.0M)]
 [Times: user=0.13 sys=0.00, real=0.03 secs] 
2022-09-14T08:27:09.015-0600: 379657.533: [GC concurrent-root-region-scan-start]
2022-09-14T08:27:09.021-0600: 379657.539: [GC concurrent-root-region-scan-end, 0.0056041 secs]
2022-09-14T08:27:09.021-0600: 379657.539: [GC concurrent-mark-start]
2022-09-14T08:27:10.344-0600: 379658.862: [GC concurrent-mark-end, 1.3228688 secs]
2022-09-14T08:27:10.344-0600: 379658.862: [GC remark 2022-09-14T08:27:10.344-0600: 379658.862: [Finalize Marking, 0.0024670 secs] 2022-09-14T08:27:10.346-0600: 379658.864: [GC ref-proc, 0.0575859 secs] 2022-09-14T08:27:10.404-0600: 379658.922: [Unloading, 0.0298971 secs], 0.0939429 secs]
 [Times: user=0.36 sys=0.00, real=0.09 secs] 
2022-09-14T08:27:10.438-0600: 379658.956: [GC cleanup 3822M->3822M(14336M), 0.0072575 secs]
 [Times: user=0.02 sys=0.00, real=0.01 secs] 
2022-09-14T08:28:29.729-0600: 379738.246: [GC pause (G1 Evacuation Pause) (young), 0.0345767 secs]
   [Parallel Time: 9.2 ms, GC Workers: 8]
      [GC Worker Start (ms): Min: 379738246.5, Avg: 379738251.9, Max: 379738255.5, Diff: 9.0]
      [Ext Root Scanning (ms): Min: 0.0, Avg: 0.8, Max: 4.0, Diff: 4.0, Sum: 6.5]
      [Update RS (ms): Min: 0.0, Avg: 1.0, Max: 2.1, Diff: 2.1, Sum: 8.2]
         [Processed Buffers: Min: 0, Avg: 6.4, Max: 20, Diff: 20, Sum: 51]
      [Scan RS (ms): Min: 0.0, Avg: 0.0, Max: 0.1, Diff: 0.1, Sum: 0.2]
      [Code Root Scanning (ms): Min: 0.0, Avg: 0.0, Max: 0.0, Diff: 0.0, Sum: 0.0]
      [Object Copy (ms): Min: 0.0, Avg: 0.7, Max: 1.4, Diff: 1.4, Sum: 5.2]
      [Termination (ms): Min: 0.0, Avg: 1.2, Max: 1.6, Diff: 1.6, Sum: 9.2]
         [Termination Attempts: Min: 1, Avg: 3.6, Max: 8, Diff: 7, Sum: 29]
      [GC Worker Other (ms): Min: 0.0, Avg: 0.0, Max: 0.0, Diff: 0.0, Sum: 0.0]
      [GC Worker Total (ms): Min: 0.0, Avg: 3.7, Max: 9.1, Diff: 9.1, Sum: 29.5]
      [GC Worker End (ms): Min: 379738255.5, Avg: 379738255.6, Max: 379738255.6, Diff: 0.1]
   [Code Root Fixup: 0.0 ms]
   [Code Root Purge: 0.0 ms]
   [Clear CT: 0.6 ms]
   [Other: 24.7 ms]
      [Choose CSet: 0.0 ms]
      [Ref Proc: 24.4 ms]
      [Ref Enq: 0.1 ms]
      [Redirty Cards: 0.1 ms]
      [Humongous Register: 0.0 ms]
      [Humongous Reclaim: 0.0 ms]
      [Free CSet: 0.1 ms]
   [Eden: 7152.0M(7152.0M)->0.0B(5712.0M) Survivors: 16384.0K->16384.0K Heap: 10838.8M(14336.0M)->3685.3M(14336.0M)]
 [Times: user=0.11 sys=0.00, real=0.04 secs] 
2022-09-14T08:29:33.634-0600: 379802.151: [GC pause (G1 Evacuation Pause) (mixed), 0.0405594 secs]
   [Parallel Time: 21.4 ms, GC Workers: 8]
      [GC Worker Start (ms): Min: 379802151.4, Avg: 379802162.2, Max: 379802170.3, Diff: 18.9]
      [Ext Root Scanning (ms): Min: 0.0, Avg: 0.8, Max: 4.6, Diff: 4.6, Sum: 6.4]
      [Update RS (ms): Min: 0.0, Avg: 1.0, Max: 3.7, Diff: 3.7, Sum: 7.6]
         [Processed Buffers: Min: 0, Avg: 5.5, Max: 25, Diff: 25, Sum: 44]
      [Scan RS (ms): Min: 0.0, Avg: 2.3, Max: 12.8, Diff: 12.8, Sum: 18.6]
      [Code Root Scanning (ms): Min: 0.0, Avg: 0.0, Max: 0.0, Diff: 0.0, Sum: 0.0]
      [Object Copy (ms): Min: 0.0, Avg: 3.9, Max: 10.3, Diff: 10.3, Sum: 31.3]
      [Termination (ms): Min: 0.0, Avg: 2.5, Max: 3.3, Diff: 3.3, Sum: 20.3]
         [Termination Attempts: Min: 1, Avg: 34.0, Max: 72, Diff: 71, Sum: 272]
      [GC Worker Other (ms): Min: 0.0, Avg: 0.0, Max: 0.0, Diff: 0.0, Sum: 0.1]
      [GC Worker Total (ms): Min: 2.3, Avg: 10.6, Max: 21.3, Diff: 19.0, Sum: 84.4]
      [GC Worker End (ms): Min: 379802172.7, Avg: 379802172.7, Max: 379802172.8, Diff: 0.1]
   [Code Root Fixup: 0.0 ms]
   [Code Root Purge: 0.0 ms]
   [Clear CT: 0.9 ms]
   [Other: 18.3 ms]
      [Choose CSet: 0.0 ms]
      [Ref Proc: 17.8 ms]
      [Ref Enq: 0.1 ms]
      [Redirty Cards: 0.1 ms]
      [Humongous Register: 0.0 ms]
      [Humongous Reclaim: 0.0 ms]
      [Free CSet: 0.1 ms]
   [Eden: 5712.0M(5712.0M)->0.0B(7152.0M) Survivors: 16384.0K->16384.0K Heap: 9397.3M(14336.0M)->3681.9M(14336.0M)]
 [Times: user=0.13 sys=0.00, real=0.04 secs] 
2022-09-14T08:30:52.926-0600: 379881.444: [GC pause (G1 Evacuation Pause) (young), 0.0394849 secs]
   [Parallel Time: 16.9 ms, GC Workers: 8]
      [GC Worker Start (ms): Min: 379881444.0, Avg: 379881449.3, Max: 379881454.4, Diff: 10.4]
      [Ext Root Scanning (ms): Min: 0.0, Avg: 0.8, Max: 2.9, Diff: 2.9, Sum: 6.2]
      [Update RS (ms): Min: 0.0, Avg: 3.5, Max: 6.4, Diff: 6.4, Sum: 28.3]
         [Processed Buffers: Min: 0, Avg: 18.5, Max: 37, Diff: 37, Sum: 148]
      [Scan RS (ms): Min: 0.0, Avg: 0.0, Max: 0.1, Diff: 0.1, Sum: 0.2]
      [Code Root Scanning (ms): Min: 0.0, Avg: 0.0, Max: 0.0, Diff: 0.0, Sum: 0.0]
      [Object Copy (ms): Min: 0.4, Avg: 1.9, Max: 7.5, Diff: 7.1, Sum: 15.6]
      [Termination (ms): Min: 0.0, Avg: 5.0, Max: 5.8, Diff: 5.8, Sum: 39.7]
         [Termination Attempts: Min: 1, Avg: 3.6, Max: 6, Diff: 5, Sum: 29]
      [GC Worker Other (ms): Min: 0.0, Avg: 0.0, Max: 0.0, Diff: 0.0, Sum: 0.1]
      [GC Worker Total (ms): Min: 6.2, Avg: 11.3, Max: 16.6, Diff: 10.4, Sum: 90.1]
      [GC Worker End (ms): Min: 379881460.5, Avg: 379881460.5, Max: 379881460.6, Diff: 0.1]
   [Code Root Fixup: 0.0 ms]
   [Code Root Purge: 0.0 ms]
   [Clear CT: 0.5 ms]
   [Other: 22.0 ms]
      [Choose CSet: 0.0 ms]
      [Ref Proc: 21.7 ms]
      [Ref Enq: 0.1 ms]
      [Redirty Cards: 0.1 ms]
      [Humongous Register: 0.0 ms]
      [Humongous Reclaim: 0.0 ms]
      [Free CSet: 0.1 ms]
   [Eden: 7152.0M(7152.0M)->0.0B(7152.0M) Survivors: 16384.0K->16384.0K Heap: 10833.9M(14336.0M)->3689.8M(14336.0M)]
 [Times: user=0.14 sys=0.00, real=0.04 secs] 
2022-09-14T08:32:11.825-0600: 379960.342: [GC pause (G1 Evacuation Pause) (young) (initial-mark), 0.0440182 secs]
   [Parallel Time: 16.7 ms, GC Workers: 8]
      [GC Worker Start (ms): Min: 379960343.7, Avg: 379960347.0, Max: 379960348.0, Diff: 4.3]
      [Ext Root Scanning (ms): Min: 2.5, Avg: 6.7, Max: 10.9, Diff: 8.5, Sum: 53.7]
      [Update RS (ms): Min: 0.0, Avg: 1.2, Max: 3.2, Diff: 3.2, Sum: 9.8]
         [Processed Buffers: Min: 0, Avg: 5.9, Max: 22, Diff: 22, Sum: 47]
      [Scan RS (ms): Min: 0.0, Avg: 0.0, Max: 0.1, Diff: 0.1, Sum: 0.3]
      [Code Root Scanning (ms): Min: 0.0, Avg: 0.0, Max: 0.0, Diff: 0.0, Sum: 0.0]
      [Object Copy (ms): Min: 0.0, Avg: 1.2, Max: 2.0, Diff: 2.0, Sum: 9.3]
      [Termination (ms): Min: 0.0, Avg: 2.8, Max: 3.7, Diff: 3.7, Sum: 22.4]
         [Termination Attempts: Min: 1, Avg: 6.2, Max: 16, Diff: 15, Sum: 50]
      [GC Worker Other (ms): Min: 0.0, Avg: 0.0, Max: 0.0, Diff: 0.0, Sum: 0.1]
      [GC Worker Total (ms): Min: 10.9, Avg: 11.9, Max: 15.4, Diff: 4.4, Sum: 95.5]
      [GC Worker End (ms): Min: 379960358.9, Avg: 379960358.9, Max: 379960359.0, Diff: 0.1]
   [Code Root Fixup: 0.0 ms]
   [Code Root Purge: 0.0 ms]
   [Clear CT: 0.8 ms]
   [Other: 26.5 ms]
      [Choose CSet: 0.0 ms]
      [Ref Proc: 26.1 ms]
      [Ref Enq: 0.1 ms]
      [Redirty Cards: 0.1 ms]
      [Humongous Register: 0.0 ms]
      [Humongous Reclaim: 0.0 ms]
      [Free CSet: 0.1 ms]
   [Eden: 7152.0M(7152.0M)->0.0B(7152.0M) Survivors: 16384.0K->16384.0K Heap: 10841.8M(14336.0M)->3690.4M(14336.0M)]
 [Times: user=0.16 sys=0.00, real=0.04 secs] 
2022-09-14T08:32:11.869-0600: 379960.386: [GC concurrent-root-region-scan-start]
2022-09-14T08:32:11.875-0600: 379960.392: [GC concurrent-root-region-scan-end, 0.0058156 secs]
2022-09-14T08:32:11.875-0600: 379960.392: [GC concurrent-mark-start]
2022-09-14T08:32:13.208-0600: 379961.726: [GC concurrent-mark-end, 1.3333610 secs]
2022-09-14T08:32:13.208-0600: 379961.726: [GC remark 2022-09-14T08:32:13.208-0600: 379961.726: [Finalize Marking, 0.0023768 secs] 2022-09-14T08:32:13.210-0600: 379961.728: [GC ref-proc, 0.0267160 secs] 2022-09-14T08:32:13.237-0600: 379961.755: [Unloading, 0.0256278 secs], 0.0626669 secs]
 [Times: user=0.26 sys=0.00, real=0.06 secs] 
2022-09-14T08:32:13.271-0600: 379961.789: [GC cleanup 3842M->3842M(14336M), 0.0069220 secs]
 [Times: user=0.03 sys=0.00, real=0.01 secs] 
2022-09-14T08:33:28.674-0600: 380037.192: [GC pause (G1 Evacuation Pause) (young), 0.0257993 secs]
   [Parallel Time: 6.7 ms, GC Workers: 8]
      [GC Worker Start (ms): Min: 380037191.8, Avg: 380037194.4, Max: 380037198.4, Diff: 6.6]
      [Ext Root Scanning (ms): Min: 0.0, Avg: 0.8, Max: 3.2, Diff: 3.2, Sum: 6.6]
      [Update RS (ms): Min: 0.0, Avg: 1.2, Max: 2.1, Diff: 2.1, Sum: 10.0]
         [Processed Buffers: Min: 0, Avg: 6.6, Max: 16, Diff: 16, Sum: 53]
      [Scan RS (ms): Min: 0.0, Avg: 0.0, Max: 0.1, Diff: 0.1, Sum: 0.2]
      [Code Root Scanning (ms): Min: 0.0, Avg: 0.0, Max: 0.0, Diff: 0.0, Sum: 0.0]
      [Object Copy (ms): Min: 0.0, Avg: 1.5, Max: 2.0, Diff: 2.0, Sum: 11.7]
      [Termination (ms): Min: 0.0, Avg: 0.5, Max: 0.7, Diff: 0.7, Sum: 3.8]
         [Termination Attempts: Min: 1, Avg: 3.5, Max: 9, Diff: 8, Sum: 28]
      [GC Worker Other (ms): Min: 0.0, Avg: 0.0, Max: 0.0, Diff: 0.0, Sum: 0.0]
      [GC Worker Total (ms): Min: 0.0, Avg: 4.1, Max: 6.6, Diff: 6.6, Sum: 32.4]
      [GC Worker End (ms): Min: 380037198.4, Avg: 380037198.4, Max: 380037198.4, Diff: 0.0]
   [Code Root Fixup: 0.0 ms]
   [Code Root Purge: 0.0 ms]
   [Clear CT: 0.6 ms]
   [Other: 18.5 ms]
      [Choose CSet: 0.0 ms]
      [Ref Proc: 18.1 ms]
      [Ref Enq: 0.1 ms]
      [Redirty Cards: 0.1 ms]
      [Humongous Register: 0.0 ms]
      [Humongous Reclaim: 0.0 ms]
      [Free CSet: 0.1 ms]
   [Eden: 7152.0M(7152.0M)->0.0B(5712.0M) Survivors: 16384.0K->16384.0K Heap: 10842.4M(14336.0M)->3695.5M(14336.0M)]
 [Times: user=0.10 sys=0.00, real=0.02 secs] 
2022-09-14T08:34:33.174-0600: 380101.692: [GC pause (G1 Evacuation Pause) (mixed), 0.0186233 secs]
   [Parallel Time: 6.8 ms, GC Workers: 8]
      [GC Worker Start (ms): Min: 380101692.1, Avg: 380101692.6, Max: 380101693.6, Diff: 1.5]
      [Ext Root Scanning (ms): Min: 0.0, Avg: 1.4, Max: 3.8, Diff: 3.8, Sum: 11.3]
      [Update RS (ms): Min: 0.0, Avg: 1.1, Max: 1.6, Diff: 1.6, Sum: 8.7]
         [Processed Buffers: Min: 0, Avg: 5.5, Max: 12, Diff: 12, Sum: 44]
      [Scan RS (ms): Min: 0.2, Avg: 0.9, Max: 1.0, Diff: 0.8, Sum: 6.9]
      [Code Root Scanning (ms): Min: 0.0, Avg: 0.0, Max: 0.0, Diff: 0.0, Sum: 0.0]
      [Object Copy (ms): Min: 2.6, Avg: 2.8, Max: 2.9, Diff: 0.3, Sum: 22.7]
      [Termination (ms): Min: 0.0, Avg: 0.0, Max: 0.0, Diff: 0.0, Sum: 0.0]
         [Termination Attempts: Min: 1, Avg: 1.0, Max: 1, Diff: 0, Sum: 8]
      [GC Worker Other (ms): Min: 0.0, Avg: 0.0, Max: 0.0, Diff: 0.0, Sum: 0.1]
      [GC Worker Total (ms): Min: 5.2, Avg: 6.2, Max: 6.7, Diff: 1.5, Sum: 49.8]
      [GC Worker End (ms): Min: 380101698.8, Avg: 380101698.8, Max: 380101698.8, Diff: 0.0]
   [Code Root Fixup: 0.0 ms]
   [Code Root Purge: 0.0 ms]
   [Clear CT: 0.8 ms]
   [Other: 11.0 ms]
      [Choose CSet: 0.0 ms]
      [Ref Proc: 10.5 ms]
      [Ref Enq: 0.1 ms]
      [Redirty Cards: 0.1 ms]
      [Humongous Register: 0.0 ms]
      [Humongous Reclaim: 0.0 ms]
      [Free CSet: 0.1 ms]
   [Eden: 5712.0M(5712.0M)->0.0B(7152.0M) Survivors: 16384.0K->16384.0K Heap: 9407.5M(14336.0M)->3693.3M(14336.0M)]
 [Times: user=0.09 sys=0.00, real=0.02 secs] 
2022-09-14T08:35:52.227-0600: 380180.745: [GC pause (G1 Evacuation Pause) (young), 0.0267298 secs]
   [Parallel Time: 8.4 ms, GC Workers: 8]
      [GC Worker Start (ms): Min: 380180744.9, Avg: 380180747.4, Max: 380180753.1, Diff: 8.2]
      [Ext Root Scanning (ms): Min: 0.0, Avg: 0.8, Max: 3.3, Diff: 3.3, Sum: 6.7]
      [Update RS (ms): Min: 0.0, Avg: 3.3, Max: 4.9, Diff: 4.9, Sum: 26.6]
         [Processed Buffers: Min: 0, Avg: 15.5, Max: 25, Diff: 25, Sum: 124]
      [Scan RS (ms): Min: 0.0, Avg: 0.0, Max: 0.1, Diff: 0.1, Sum: 0.2]
      [Code Root Scanning (ms): Min: 0.0, Avg: 0.0, Max: 0.0, Diff: 0.0, Sum: 0.0]
      [Object Copy (ms): Min: 0.0, Avg: 1.1, Max: 1.7, Diff: 1.7, Sum: 9.0]
      [Termination (ms): Min: 0.0, Avg: 0.5, Max: 0.6, Diff: 0.6, Sum: 3.8]
         [Termination Attempts: Min: 1, Avg: 9.1, Max: 20, Diff: 19, Sum: 73]
      [GC Worker Other (ms): Min: 0.0, Avg: 0.0, Max: 0.0, Diff: 0.0, Sum: 0.1]
      [GC Worker Total (ms): Min: 0.0, Avg: 5.8, Max: 8.3, Diff: 8.2, Sum: 46.4]
      [GC Worker End (ms): Min: 380180753.2, Avg: 380180753.2, Max: 380180753.2, Diff: 0.0]
   [Code Root Fixup: 0.0 ms]
   [Code Root Purge: 0.0 ms]
   [Clear CT: 0.5 ms]
   [Other: 17.8 ms]
      [Choose CSet: 0.0 ms]
      [Ref Proc: 17.4 ms]
      [Ref Enq: 0.1 ms]
      [Redirty Cards: 0.1 ms]
      [Humongous Register: 0.0 ms]
      [Humongous Reclaim: 0.0 ms]
      [Free CSet: 0.1 ms]
   [Eden: 7152.0M(7152.0M)->0.0B(7152.0M) Survivors: 16384.0K->16384.0K Heap: 10845.3M(14336.0M)->3695.8M(14336.0M)]
 [Times: user=0.11 sys=0.00, real=0.03 secs] 
2022-09-14T08:37:11.381-0600: 380259.899: [GC pause (G1 Evacuation Pause) (young) (initial-mark), 0.0495784 secs]
   [Parallel Time: 19.4 ms, GC Workers: 8]
      [GC Worker Start (ms): Min: 380259900.3, Avg: 380259901.8, Max: 380259902.7, Diff: 2.4]
      [Ext Root Scanning (ms): Min: 2.0, Avg: 7.2, Max: 10.0, Diff: 8.0, Sum: 57.7]
      [Update RS (ms): Min: 0.0, Avg: 1.1, Max: 3.6, Diff: 3.6, Sum: 8.6]
         [Processed Buffers: Min: 0, Avg: 5.6, Max: 26, Diff: 26, Sum: 45]
      [Scan RS (ms): Min: 0.0, Avg: 0.0, Max: 0.1, Diff: 0.1, Sum: 0.2]
      [Code Root Scanning (ms): Min: 0.0, Avg: 0.0, Max: 0.0, Diff: 0.0, Sum: 0.0]
      [Object Copy (ms): Min: 0.0, Avg: 3.1, Max: 9.9, Diff: 9.9, Sum: 24.5]
      [Termination (ms): Min: 0.0, Avg: 5.2, Max: 7.0, Diff: 7.0, Sum: 41.3]
         [Termination Attempts: Min: 1, Avg: 3.0, Max: 11, Diff: 10, Sum: 24]
      [GC Worker Other (ms): Min: 0.0, Avg: 0.0, Max: 0.0, Diff: 0.0, Sum: 0.1]
      [GC Worker Total (ms): Min: 15.6, Avg: 16.6, Max: 18.0, Diff: 2.4, Sum: 132.5]
      [GC Worker End (ms): Min: 380259918.3, Avg: 380259918.3, Max: 380259918.4, Diff: 0.1]
   [Code Root Fixup: 0.0 ms]
   [Code Root Purge: 0.0 ms]
   [Clear CT: 1.0 ms]
   [Other: 29.2 ms]
      [Choose CSet: 0.0 ms]
      [Ref Proc: 28.7 ms]
      [Ref Enq: 0.1 ms]
      [Redirty Cards: 0.1 ms]
      [Humongous Register: 0.0 ms]
      [Humongous Reclaim: 0.0 ms]
      [Free CSet: 0.1 ms]
   [Eden: 7152.0M(7152.0M)->0.0B(7152.0M) Survivors: 16384.0K->16384.0K Heap: 10847.8M(14336.0M)->3696.6M(14336.0M)]
 [Times: user=0.17 sys=0.00, real=0.04 secs] 
2022-09-14T08:37:11.431-0600: 380259.949: [GC concurrent-root-region-scan-start]
2022-09-14T08:37:11.438-0600: 380259.955: [GC concurrent-root-region-scan-end, 0.0065134 secs]
2022-09-14T08:37:11.438-0600: 380259.955: [GC concurrent-mark-start]
2022-09-14T08:37:12.778-0600: 380261.296: [GC concurrent-mark-end, 1.3402434 secs]
2022-09-14T08:37:12.778-0600: 380261.296: [GC remark 2022-09-14T08:37:12.778-0600: 380261.296: [Finalize Marking, 0.0027475 secs] 2022-09-14T08:37:12.781-0600: 380261.298: [GC ref-proc, 0.0354189 secs] 2022-09-14T08:37:12.816-0600: 380261.334: [Unloading, 0.0275213 secs], 0.0712747 secs]
 [Times: user=0.28 sys=0.00, real=0.07 secs] 
2022-09-14T08:37:12.849-0600: 380261.367: [GC cleanup 3872M->3872M(14336M), 0.0078039 secs]
 [Times: user=0.02 sys=0.00, real=0.01 secs] 
2022-09-14T08:38:29.179-0600: 380337.697: [GC pause (G1 Evacuation Pause) (young), 0.0290659 secs]
   [Parallel Time: 8.5 ms, GC Workers: 8]
      [GC Worker Start (ms): Min: 380337696.7, Avg: 380337700.0, Max: 380337705.1, Diff: 8.4]
      [Ext Root Scanning (ms): Min: 0.0, Avg: 0.9, Max: 3.3, Diff: 3.3, Sum: 7.0]
      [Update RS (ms): Min: 0.0, Avg: 1.2, Max: 2.4, Diff: 2.4, Sum: 9.8]
         [Processed Buffers: Min: 0, Avg: 6.8, Max: 23, Diff: 23, Sum: 54]
      [Scan RS (ms): Min: 0.0, Avg: 0.0, Max: 0.1, Diff: 0.1, Sum: 0.2]
      [Code Root Scanning (ms): Min: 0.0, Avg: 0.0, Max: 0.0, Diff: 0.0, Sum: 0.0]
      [Object Copy (ms): Min: 0.0, Avg: 2.2, Max: 3.6, Diff: 3.6, Sum: 17.2]
      [Termination (ms): Min: 0.0, Avg: 0.8, Max: 1.2, Diff: 1.2, Sum: 6.8]
         [Termination Attempts: Min: 1, Avg: 1.0, Max: 1, Diff: 0, Sum: 8]
      [GC Worker Other (ms): Min: 0.0, Avg: 0.0, Max: 0.0, Diff: 0.0, Sum: 0.0]
      [GC Worker Total (ms): Min: 0.0, Avg: 5.1, Max: 8.4, Diff: 8.4, Sum: 41.1]
      [GC Worker End (ms): Min: 380337705.1, Avg: 380337705.1, Max: 380337705.2, Diff: 0.0]
   [Code Root Fixup: 0.0 ms]
   [Code Root Purge: 0.0 ms]
   [Clear CT: 0.7 ms]
   [Other: 19.8 ms]
      [Choose CSet: 0.0 ms]
      [Ref Proc: 19.4 ms]
      [Ref Enq: 0.1 ms]
      [Redirty Cards: 0.1 ms]
      [Humongous Register: 0.0 ms]
      [Humongous Reclaim: 0.0 ms]
      [Free CSet: 0.1 ms]
   [Eden: 7152.0M(7152.0M)->0.0B(5712.0M) Survivors: 16384.0K->16384.0K Heap: 10848.6M(14336.0M)->3706.6M(14336.0M)]
 [Times: user=0.12 sys=0.00, real=0.03 secs] 
2022-09-14T08:39:30.714-0600: 380399.232: [GC pause (G1 Evacuation Pause) (mixed), 0.0218744 secs]
   [Parallel Time: 8.5 ms, GC Workers: 8]
      [GC Worker Start (ms): Min: 380399232.2, Avg: 380399233.0, Max: 380399235.4, Diff: 3.2]
      [Ext Root Scanning (ms): Min: 0.0, Avg: 1.0, Max: 3.7, Diff: 3.7, Sum: 7.6]
      [Update RS (ms): Min: 0.0, Avg: 1.1, Max: 1.7, Diff: 1.7, Sum: 8.7]
         [Processed Buffers: Min: 0, Avg: 6.0, Max: 13, Diff: 13, Sum: 48]
      [Scan RS (ms): Min: 0.5, Avg: 1.8, Max: 5.6, Diff: 5.1, Sum: 14.4]
      [Code Root Scanning (ms): Min: 0.0, Avg: 0.0, Max: 0.0, Diff: 0.0, Sum: 0.0]
      [Object Copy (ms): Min: 0.1, Avg: 3.1, Max: 3.6, Diff: 3.5, Sum: 24.9]
      [Termination (ms): Min: 0.0, Avg: 0.6, Max: 0.8, Diff: 0.8, Sum: 5.0]
         [Termination Attempts: Min: 1, Avg: 5.2, Max: 12, Diff: 11, Sum: 42]
      [GC Worker Other (ms): Min: 0.0, Avg: 0.0, Max: 0.0, Diff: 0.0, Sum: 0.1]
      [GC Worker Total (ms): Min: 5.2, Avg: 7.6, Max: 8.4, Diff: 3.2, Sum: 60.7]
      [GC Worker End (ms): Min: 380399240.6, Avg: 380399240.6, Max: 380399240.7, Diff: 0.1]
   [Code Root Fixup: 0.0 ms]
   [Code Root Purge: 0.0 ms]
   [Clear CT: 0.8 ms]
   [Other: 12.6 ms]
      [Choose CSet: 0.0 ms]
      [Ref Proc: 12.1 ms]
      [Ref Enq: 0.1 ms]
      [Redirty Cards: 0.1 ms]
      [Humongous Register: 0.0 ms]
      [Humongous Reclaim: 0.0 ms]
      [Free CSet: 0.1 ms]
   [Eden: 5712.0M(5712.0M)->0.0B(7136.0M) Survivors: 16384.0K->32768.0K Heap: 9418.6M(14336.0M)->3690.8M(14336.0M)]
 [Times: user=0.10 sys=0.00, real=0.02 secs] 
2022-09-14T08:40:48.177-0600: 380476.695: [GC pause (G1 Evacuation Pause) (young), 0.0311554 secs]
   [Parallel Time: 10.1 ms, GC Workers: 8]
      [GC Worker Start (ms): Min: 380476694.7, Avg: 380476698.0, Max: 380476702.3, Diff: 7.7]
      [Ext Root Scanning (ms): Min: 0.0, Avg: 0.9, Max: 3.3, Diff: 3.3, Sum: 6.9]
      [Update RS (ms): Min: 0.3, Avg: 3.8, Max: 6.1, Diff: 5.8, Sum: 30.6]
         [Processed Buffers: Min: 1, Avg: 18.8, Max: 32, Diff: 31, Sum: 150]
      [Scan RS (ms): Min: 0.0, Avg: 0.0, Max: 0.1, Diff: 0.1, Sum: 0.2]
      [Code Root Scanning (ms): Min: 0.0, Avg: 0.0, Max: 0.0, Diff: 0.0, Sum: 0.0]
      [Object Copy (ms): Min: 0.0, Avg: 1.1, Max: 1.5, Diff: 1.5, Sum: 9.2]
      [Termination (ms): Min: 0.0, Avg: 0.6, Max: 0.7, Diff: 0.7, Sum: 4.9]
         [Termination Attempts: Min: 1, Avg: 16.2, Max: 23, Diff: 22, Sum: 130]
      [GC Worker Other (ms): Min: 0.0, Avg: 0.0, Max: 0.0, Diff: 0.0, Sum: 0.0]
      [GC Worker Total (ms): Min: 2.2, Avg: 6.5, Max: 9.9, Diff: 7.7, Sum: 51.8]
      [GC Worker End (ms): Min: 380476704.5, Avg: 380476704.5, Max: 380476704.5, Diff: 0.1]
   [Code Root Fixup: 0.0 ms]
   [Code Root Purge: 0.0 ms]
   [Clear CT: 0.6 ms]
   [Other: 20.4 ms]
      [Choose CSet: 0.0 ms]
      [Ref Proc: 20.1 ms]
      [Ref Enq: 0.1 ms]
      [Redirty Cards: 0.0 ms]
      [Humongous Register: 0.0 ms]
      [Humongous Reclaim: 0.0 ms]
      [Free CSet: 0.1 ms]
   [Eden: 7136.0M(7136.0M)->0.0B(7152.0M) Survivors: 32768.0K->16384.0K Heap: 10826.8M(14336.0M)->3689.3M(14336.0M)]
 [Times: user=0.10 sys=0.00, real=0.03 secs] 
2022-09-14T08:42:06.863-0600: 380555.381: [GC pause (G1 Evacuation Pause) (young) (initial-mark), 0.0386254 secs]
   [Parallel Time: 14.6 ms, GC Workers: 8]
      [GC Worker Start (ms): Min: 380555381.9, Avg: 380555383.7, Max: 380555384.7, Diff: 2.8]
      [Ext Root Scanning (ms): Min: 1.5, Avg: 6.9, Max: 10.3, Diff: 8.8, Sum: 55.1]
      [Update RS (ms): Min: 0.0, Avg: 1.1, Max: 3.7, Diff: 3.7, Sum: 8.7]
         [Processed Buffers: Min: 0, Avg: 6.1, Max: 25, Diff: 25, Sum: 49]
      [Scan RS (ms): Min: 0.0, Avg: 0.0, Max: 0.1, Diff: 0.1, Sum: 0.2]
      [Code Root Scanning (ms): Min: 0.0, Avg: 0.0, Max: 0.0, Diff: 0.0, Sum: 0.0]
      [Object Copy (ms): Min: 0.0, Avg: 2.1, Max: 4.6, Diff: 4.6, Sum: 17.2]
      [Termination (ms): Min: 0.0, Avg: 1.2, Max: 1.7, Diff: 1.7, Sum: 9.4]
         [Termination Attempts: Min: 1, Avg: 1.9, Max: 4, Diff: 3, Sum: 15]
      [GC Worker Other (ms): Min: 0.0, Avg: 0.0, Max: 0.0, Diff: 0.0, Sum: 0.1]
      [GC Worker Total (ms): Min: 10.3, Avg: 11.3, Max: 13.1, Diff: 2.8, Sum: 90.7]
      [GC Worker End (ms): Min: 380555395.0, Avg: 380555395.0, Max: 380555395.2, Diff: 0.1]
   [Code Root Fixup: 0.0 ms]
   [Code Root Purge: 0.0 ms]
   [Clear CT: 0.6 ms]
   [Other: 23.5 ms]
      [Choose CSet: 0.0 ms]
      [Ref Proc: 23.1 ms]
      [Ref Enq: 0.1 ms]
      [Redirty Cards: 0.1 ms]
      [Humongous Register: 0.0 ms]
      [Humongous Reclaim: 0.0 ms]
      [Free CSet: 0.1 ms]
   [Eden: 7152.0M(7152.0M)->0.0B(7152.0M) Survivors: 16384.0K->16384.0K Heap: 10841.3M(14336.0M)->3689.0M(14336.0M)]
 [Times: user=0.11 sys=0.00, real=0.04 secs] 
2022-09-14T08:42:06.902-0600: 380555.419: [GC concurrent-root-region-scan-start]
2022-09-14T08:42:06.908-0600: 380555.426: [GC concurrent-root-region-scan-end, 0.0062066 secs]
2022-09-14T08:42:06.908-0600: 380555.426: [GC concurrent-mark-start]
2022-09-14T08:42:08.208-0600: 380556.725: [GC concurrent-mark-end, 1.2997398 secs]
2022-09-14T08:42:08.208-0600: 380556.726: [GC remark 2022-09-14T08:42:08.208-0600: 380556.726: [Finalize Marking, 0.0024699 secs] 2022-09-14T08:42:08.210-0600: 380556.728: [GC ref-proc, 0.0392862 secs] 2022-09-14T08:42:08.250-0600: 380556.767: [Unloading, 0.0255798 secs], 0.0724752 secs]
 [Times: user=0.31 sys=0.00, real=0.07 secs] 
2022-09-14T08:42:08.281-0600: 380556.798: [GC cleanup 3800M->3800M(14336M), 0.0100059 secs]
 [Times: user=0.02 sys=0.00, real=0.00 secs] 
2022-09-14T08:43:26.676-0600: 380635.194: [GC pause (G1 Evacuation Pause) (young), 0.0267938 secs]
   [Parallel Time: 8.4 ms, GC Workers: 8]
      [GC Worker Start (ms): Min: 380635194.0, Avg: 380635197.7, Max: 380635202.3, Diff: 8.3]
      [Ext Root Scanning (ms): Min: 0.0, Avg: 0.8, Max: 3.2, Diff: 3.2, Sum: 6.4]
      [Update RS (ms): Min: 0.0, Avg: 2.0, Max: 5.9, Diff: 5.9, Sum: 16.3]
         [Processed Buffers: Min: 0, Avg: 5.9, Max: 13, Diff: 13, Sum: 47]
      [Scan RS (ms): Min: 0.0, Avg: 0.0, Max: 0.1, Diff: 0.1, Sum: 0.2]
      [Code Root Scanning (ms): Min: 0.0, Avg: 0.0, Max: 0.0, Diff: 0.0, Sum: 0.0]
      [Object Copy (ms): Min: 0.0, Avg: 1.1, Max: 2.2, Diff: 2.2, Sum: 8.6]
      [Termination (ms): Min: 0.0, Avg: 0.8, Max: 1.3, Diff: 1.3, Sum: 6.3]
         [Termination Attempts: Min: 1, Avg: 18.8, Max: 41, Diff: 40, Sum: 150]
      [GC Worker Other (ms): Min: 0.0, Avg: 0.0, Max: 0.0, Diff: 0.0, Sum: 0.0]
      [GC Worker Total (ms): Min: 0.1, Avg: 4.7, Max: 8.4, Diff: 8.3, Sum: 37.9]
      [GC Worker End (ms): Min: 380635202.4, Avg: 380635202.4, Max: 380635202.4, Diff: 0.0]
   [Code Root Fixup: 0.0 ms]
   [Code Root Purge: 0.0 ms]
   [Clear CT: 0.6 ms]
   [Other: 17.8 ms]
      [Choose CSet: 0.0 ms]
      [Ref Proc: 17.4 ms]
      [Ref Enq: 0.1 ms]
      [Redirty Cards: 0.1 ms]
      [Humongous Register: 0.0 ms]
      [Humongous Reclaim: 0.0 ms]
      [Free CSet: 0.1 ms]
   [Eden: 7152.0M(7152.0M)->0.0B(5712.0M) Survivors: 16384.0K->16384.0K Heap: 10841.0M(14336.0M)->3689.7M(14336.0M)]
 [Times: user=0.11 sys=0.00, real=0.03 secs] 
2022-09-14T08:44:30.226-0600: 380698.744: [GC pause (G1 Evacuation Pause) (mixed), 0.0290553 secs]
   [Parallel Time: 9.2 ms, GC Workers: 8]
      [GC Worker Start (ms): Min: 380698744.1, Avg: 380698745.9, Max: 380698753.2, Diff: 9.0]
      [Ext Root Scanning (ms): Min: 0.0, Avg: 1.0, Max: 3.9, Diff: 3.9, Sum: 7.8]
      [Update RS (ms): Min: 0.0, Avg: 1.0, Max: 1.6, Diff: 1.6, Sum: 8.3]
         [Processed Buffers: Min: 0, Avg: 6.2, Max: 14, Diff: 14, Sum: 50]
      [Scan RS (ms): Min: 0.0, Avg: 1.3, Max: 1.7, Diff: 1.7, Sum: 10.4]
      [Code Root Scanning (ms): Min: 0.0, Avg: 0.0, Max: 0.0, Diff: 0.0, Sum: 0.0]
      [Object Copy (ms): Min: 0.0, Avg: 3.5, Max: 4.1, Diff: 4.1, Sum: 27.7]
      [Termination (ms): Min: 0.0, Avg: 0.6, Max: 0.7, Diff: 0.7, Sum: 4.5]
         [Termination Attempts: Min: 1, Avg: 43.4, Max: 74, Diff: 73, Sum: 347]
      [GC Worker Other (ms): Min: 0.0, Avg: 0.0, Max: 0.0, Diff: 0.0, Sum: 0.1]
      [GC Worker Total (ms): Min: 0.0, Avg: 7.3, Max: 9.1, Diff: 9.1, Sum: 58.8]
      [GC Worker End (ms): Min: 380698753.2, Avg: 380698753.2, Max: 380698753.2, Diff: 0.0]
   [Code Root Fixup: 0.0 ms]
   [Code Root Purge: 0.0 ms]
   [Clear CT: 1.0 ms]
   [Other: 18.8 ms]
      [Choose CSet: 0.0 ms]
      [Ref Proc: 18.4 ms]
      [Ref Enq: 0.1 ms]
      [Redirty Cards: 0.1 ms]
      [Humongous Register: 0.0 ms]
      [Humongous Reclaim: 0.0 ms]
      [Free CSet: 0.1 ms]
   [Eden: 5712.0M(5712.0M)->0.0B(7152.0M) Survivors: 16384.0K->16384.0K Heap: 9401.7M(14336.0M)->3682.5M(14336.0M)]
 [Times: user=0.11 sys=0.00, real=0.03 secs] 
2022-09-14T08:45:49.478-0600: 380777.996: [GC pause (G1 Evacuation Pause) (young), 0.0359798 secs]
   [Parallel Time: 12.4 ms, GC Workers: 8]
      [GC Worker Start (ms): Min: 380777995.9, Avg: 380778000.4, Max: 380778004.9, Diff: 9.0]
      [Ext Root Scanning (ms): Min: 0.0, Avg: 0.8, Max: 3.0, Diff: 3.0, Sum: 6.5]
      [Update RS (ms): Min: 0.7, Avg: 5.1, Max: 8.9, Diff: 8.2, Sum: 40.7]
         [Processed Buffers: Min: 3, Avg: 18.1, Max: 36, Diff: 33, Sum: 145]
      [Scan RS (ms): Min: 0.0, Avg: 0.0, Max: 0.1, Diff: 0.1, Sum: 0.2]
      [Code Root Scanning (ms): Min: 0.0, Avg: 0.0, Max: 0.0, Diff: 0.0, Sum: 0.0]
      [Object Copy (ms): Min: 0.0, Avg: 1.1, Max: 1.8, Diff: 1.8, Sum: 8.9]
      [Termination (ms): Min: 0.0, Avg: 0.6, Max: 0.9, Diff: 0.9, Sum: 5.0]
         [Termination Attempts: Min: 1, Avg: 13.1, Max: 25, Diff: 24, Sum: 105]
      [GC Worker Other (ms): Min: 0.0, Avg: 0.0, Max: 0.0, Diff: 0.0, Sum: 0.0]
      [GC Worker Total (ms): Min: 3.2, Avg: 7.7, Max: 12.2, Diff: 9.0, Sum: 61.4]
      [GC Worker End (ms): Min: 380778008.1, Avg: 380778008.1, Max: 380778008.1, Diff: 0.0]
   [Code Root Fixup: 0.0 ms]
   [Code Root Purge: 0.0 ms]
   [Clear CT: 0.8 ms]
   [Other: 22.8 ms]
      [Choose CSet: 0.0 ms]
      [Ref Proc: 22.4 ms]
      [Ref Enq: 0.1 ms]
      [Redirty Cards: 0.1 ms]
      [Humongous Register: 0.0 ms]
      [Humongous Reclaim: 0.0 ms]
      [Free CSet: 0.1 ms]
   [Eden: 7152.0M(7152.0M)->0.0B(7152.0M) Survivors: 16384.0K->16384.0K Heap: 10834.5M(14336.0M)->3689.4M(14336.0M)]
 [Times: user=0.14 sys=0.00, real=0.04 secs] 
2022-09-14T08:47:06.878-0600: 380855.396: [GC pause (G1 Evacuation Pause) (young) (initial-mark), 0.0493960 secs]
   [Parallel Time: 18.9 ms, GC Workers: 8]
      [GC Worker Start (ms): Min: 380855397.2, Avg: 380855399.9, Max: 380855401.0, Diff: 3.8]
      [Ext Root Scanning (ms): Min: 2.0, Avg: 8.7, Max: 13.5, Diff: 11.5, Sum: 69.9]
      [Update RS (ms): Min: 0.0, Avg: 0.9, Max: 3.7, Diff: 3.7, Sum: 7.3]
         [Processed Buffers: Min: 0, Avg: 6.4, Max: 31, Diff: 31, Sum: 51]
      [Scan RS (ms): Min: 0.0, Avg: 0.0, Max: 0.1, Diff: 0.1, Sum: 0.2]
      [Code Root Scanning (ms): Min: 0.0, Avg: 0.0, Max: 0.0, Diff: 0.0, Sum: 0.0]
      [Object Copy (ms): Min: 0.0, Avg: 2.0, Max: 3.9, Diff: 3.9, Sum: 15.7]
      [Termination (ms): Min: 0.0, Avg: 3.0, Max: 4.2, Diff: 4.2, Sum: 24.4]
         [Termination Attempts: Min: 1, Avg: 9.6, Max: 22, Diff: 21, Sum: 77]
      [GC Worker Other (ms): Min: 0.0, Avg: 0.0, Max: 0.0, Diff: 0.0, Sum: 0.0]
      [GC Worker Total (ms): Min: 13.5, Avg: 14.7, Max: 17.5, Diff: 3.9, Sum: 117.6]
      [GC Worker End (ms): Min: 380855414.5, Avg: 380855414.6, Max: 380855414.7, Diff: 0.1]
   [Code Root Fixup: 0.0 ms]
   [Code Root Purge: 0.0 ms]
   [Clear CT: 1.0 ms]
   [Other: 29.5 ms]
      [Choose CSet: 0.0 ms]
      [Ref Proc: 29.1 ms]
      [Ref Enq: 0.1 ms]
      [Redirty Cards: 0.1 ms]
      [Humongous Register: 0.0 ms]
      [Humongous Reclaim: 0.0 ms]
      [Free CSet: 0.1 ms]
   [Eden: 7152.0M(7152.0M)->0.0B(7152.0M) Survivors: 16384.0K->16384.0K Heap: 10841.4M(14336.0M)->3696.9M(14336.0M)]
 [Times: user=0.14 sys=0.00, real=0.05 secs] 
2022-09-14T08:47:06.928-0600: 380855.445: [GC concurrent-root-region-scan-start]
2022-09-14T08:47:06.935-0600: 380855.453: [GC concurrent-root-region-scan-end, 0.0073092 secs]
2022-09-14T08:47:06.935-0600: 380855.453: [GC concurrent-mark-start]
2022-09-14T08:47:08.241-0600: 380856.758: [GC concurrent-mark-end, 1.3054891 secs]
2022-09-14T08:47:08.241-0600: 380856.758: [GC remark 2022-09-14T08:47:08.241-0600: 380856.758: [Finalize Marking, 0.0030109 secs] 2022-09-14T08:47:08.244-0600: 380856.761: [GC ref-proc, 0.0308759 secs] 2022-09-14T08:47:08.275-0600: 380856.792: [Unloading, 0.0259039 secs], 0.0637935 secs]
 [Times: user=0.27 sys=0.00, real=0.06 secs] 
2022-09-14T08:47:08.305-0600: 380856.822: [GC cleanup 3856M->3856M(14336M), 0.0105821 secs]
 [Times: user=0.03 sys=0.00, real=0.01 secs] 
2022-09-14T08:48:27.224-0600: 380935.742: [GC pause (G1 Evacuation Pause) (young), 0.0349550 secs]
   [Parallel Time: 7.8 ms, GC Workers: 8]
      [GC Worker Start (ms): Min: 380935741.9, Avg: 380935745.5, Max: 380935749.3, Diff: 7.4]
      [Ext Root Scanning (ms): Min: 0.0, Avg: 0.8, Max: 2.9, Diff: 2.9, Sum: 6.5]
      [Update RS (ms): Min: 0.0, Avg: 1.5, Max: 5.4, Diff: 5.4, Sum: 12.2]
         [Processed Buffers: Min: 0, Avg: 6.8, Max: 15, Diff: 15, Sum: 54]
      [Scan RS (ms): Min: 0.0, Avg: 0.0, Max: 0.1, Diff: 0.1, Sum: 0.2]
      [Code Root Scanning (ms): Min: 0.0, Avg: 0.0, Max: 0.0, Diff: 0.0, Sum: 0.0]
      [Object Copy (ms): Min: 0.0, Avg: 1.1, Max: 2.1, Diff: 2.1, Sum: 9.1]
      [Termination (ms): Min: 0.0, Avg: 0.6, Max: 0.9, Diff: 0.9, Sum: 4.6]
         [Termination Attempts: Min: 1, Avg: 25.8, Max: 68, Diff: 67, Sum: 206]
      [GC Worker Other (ms): Min: 0.0, Avg: 0.0, Max: 0.0, Diff: 0.0, Sum: 0.0]
      [GC Worker Total (ms): Min: 0.3, Avg: 4.1, Max: 7.7, Diff: 7.4, Sum: 32.8]
      [GC Worker End (ms): Min: 380935749.5, Avg: 380935749.6, Max: 380935749.7, Diff: 0.2]
   [Code Root Fixup: 0.0 ms]
   [Code Root Purge: 0.0 ms]
   [Clear CT: 0.7 ms]
   [Other: 26.4 ms]
      [Choose CSet: 0.0 ms]
      [Ref Proc: 26.0 ms]
      [Ref Enq: 0.1 ms]
      [Redirty Cards: 0.1 ms]
      [Humongous Register: 0.0 ms]
      [Humongous Reclaim: 0.0 ms]
      [Free CSet: 0.1 ms]
   [Eden: 7152.0M(7152.0M)->0.0B(5712.0M) Survivors: 16384.0K->16384.0K Heap: 10848.9M(14336.0M)->3698.6M(14336.0M)]
 [Times: user=0.13 sys=0.00, real=0.03 secs] 
2022-09-14T08:49:31.626-0600: 381000.144: [GC pause (G1 Evacuation Pause) (mixed), 0.0266896 secs]
   [Parallel Time: 8.2 ms, GC Workers: 8]
      [GC Worker Start (ms): Min: 381000144.2, Avg: 381000146.9, Max: 381000152.2, Diff: 8.0]
      [Ext Root Scanning (ms): Min: 0.0, Avg: 0.9, Max: 3.3, Diff: 3.3, Sum: 7.3]
      [Update RS (ms): Min: 0.0, Avg: 1.1, Max: 1.8, Diff: 1.8, Sum: 9.2]
         [Processed Buffers: Min: 0, Avg: 6.0, Max: 15, Diff: 15, Sum: 48]
      [Scan RS (ms): Min: 0.0, Avg: 0.6, Max: 0.9, Diff: 0.9, Sum: 5.1]
      [Code Root Scanning (ms): Min: 0.0, Avg: 0.0, Max: 0.0, Diff: 0.0, Sum: 0.0]
      [Object Copy (ms): Min: 0.0, Avg: 1.7, Max: 2.4, Diff: 2.4, Sum: 13.4]
      [Termination (ms): Min: 0.0, Avg: 1.0, Max: 1.2, Diff: 1.2, Sum: 8.0]
         [Termination Attempts: Min: 1, Avg: 7.6, Max: 15, Diff: 14, Sum: 61]
      [GC Worker Other (ms): Min: 0.0, Avg: 0.0, Max: 0.0, Diff: 0.0, Sum: 0.1]
      [GC Worker Total (ms): Min: 0.0, Avg: 5.4, Max: 8.1, Diff: 8.1, Sum: 43.1]
      [GC Worker End (ms): Min: 381000152.3, Avg: 381000152.3, Max: 381000152.3, Diff: 0.0]
   [Code Root Fixup: 0.0 ms]
   [Code Root Purge: 0.0 ms]
   [Clear CT: 0.8 ms]
   [Other: 17.7 ms]
      [Choose CSet: 0.0 ms]
      [Ref Proc: 17.3 ms]
      [Ref Enq: 0.1 ms]
      [Redirty Cards: 0.1 ms]
      [Humongous Register: 0.0 ms]
      [Humongous Reclaim: 0.0 ms]
      [Free CSet: 0.1 ms]
   [Eden: 5712.0M(5712.0M)->0.0B(7152.0M) Survivors: 16384.0K->16384.0K Heap: 9410.6M(14336.0M)->3682.4M(14336.0M)]
 [Times: user=0.12 sys=0.00, real=0.03 secs] 
2022-09-14T08:50:50.830-0600: 381079.348: [GC pause (G1 Evacuation Pause) (young), 0.0301914 secs]
   [Parallel Time: 10.2 ms, GC Workers: 8]
      [GC Worker Start (ms): Min: 381079348.2, Avg: 381079352.1, Max: 381079357.7, Diff: 9.5]
      [Ext Root Scanning (ms): Min: 0.0, Avg: 1.8, Max: 8.6, Diff: 8.5, Sum: 14.7]
      [Update RS (ms): Min: 0.0, Avg: 1.9, Max: 4.8, Diff: 4.8, Sum: 15.0]
         [Processed Buffers: Min: 0, Avg: 10.8, Max: 25, Diff: 25, Sum: 86]
      [Scan RS (ms): Min: 0.0, Avg: 0.0, Max: 0.1, Diff: 0.1, Sum: 0.2]
      [Code Root Scanning (ms): Min: 0.0, Avg: 0.0, Max: 0.0, Diff: 0.0, Sum: 0.0]
      [Object Copy (ms): Min: 0.0, Avg: 0.9, Max: 1.7, Diff: 1.7, Sum: 7.2]
      [Termination (ms): Min: 0.0, Avg: 0.9, Max: 1.2, Diff: 1.2, Sum: 7.2]
         [Termination Attempts: Min: 1, Avg: 6.1, Max: 13, Diff: 12, Sum: 49]
      [GC Worker Other (ms): Min: 0.0, Avg: 0.0, Max: 0.0, Diff: 0.0, Sum: 0.1]
      [GC Worker Total (ms): Min: 0.0, Avg: 5.6, Max: 9.5, Diff: 9.5, Sum: 44.5]
      [GC Worker End (ms): Min: 381079357.7, Avg: 381079357.7, Max: 381079357.7, Diff: 0.1]
   [Code Root Fixup: 0.0 ms]
   [Code Root Purge: 0.0 ms]
   [Clear CT: 0.8 ms]
   [Other: 19.3 ms]
      [Choose CSet: 0.0 ms]
      [Ref Proc: 18.9 ms]
      [Ref Enq: 0.1 ms]
      [Redirty Cards: 0.1 ms]
      [Humongous Register: 0.0 ms]
      [Humongous Reclaim: 0.0 ms]
      [Free CSet: 0.1 ms]
   [Eden: 7152.0M(7152.0M)->0.0B(7152.0M) Survivors: 16384.0K->16384.0K Heap: 10834.4M(14336.0M)->3684.5M(14336.0M)]
 [Times: user=0.11 sys=0.00, real=0.04 secs] 
2022-09-14T08:52:03.644-0600: 381152.162: [GC pause (G1 Evacuation Pause) (young) (initial-mark), 0.0446085 secs]
   [Parallel Time: 19.5 ms, GC Workers: 8]
      [GC Worker Start (ms): Min: 381152163.4, Avg: 381152166.8, Max: 381152167.7, Diff: 4.3]
      [Ext Root Scanning (ms): Min: 2.1, Avg: 7.0, Max: 13.5, Diff: 11.4, Sum: 55.9]
      [Update RS (ms): Min: 0.0, Avg: 1.7, Max: 3.7, Diff: 3.7, Sum: 13.2]
         [Processed Buffers: Min: 0, Avg: 8.0, Max: 19, Diff: 19, Sum: 64]
      [Scan RS (ms): Min: 0.0, Avg: 0.0, Max: 0.1, Diff: 0.1, Sum: 0.2]
      [Code Root Scanning (ms): Min: 0.0, Avg: 0.0, Max: 0.0, Diff: 0.0, Sum: 0.0]
      [Object Copy (ms): Min: 0.0, Avg: 3.1, Max: 4.7, Diff: 4.7, Sum: 25.2]
      [Termination (ms): Min: 0.0, Avg: 2.6, Max: 3.3, Diff: 3.3, Sum: 21.1]
         [Termination Attempts: Min: 1, Avg: 27.4, Max: 53, Diff: 52, Sum: 219]
      [GC Worker Other (ms): Min: 0.0, Avg: 0.0, Max: 0.0, Diff: 0.0, Sum: 0.1]
      [GC Worker Total (ms): Min: 13.5, Avg: 14.5, Max: 17.8, Diff: 4.3, Sum: 115.7]
      [GC Worker End (ms): Min: 381152181.2, Avg: 381152181.3, Max: 381152181.4, Diff: 0.2]
   [Code Root Fixup: 0.0 ms]
   [Code Root Purge: 0.0 ms]
   [Clear CT: 0.8 ms]
   [Other: 24.3 ms]
      [Choose CSet: 0.0 ms]
      [Ref Proc: 23.9 ms]
      [Ref Enq: 0.1 ms]
      [Redirty Cards: 0.1 ms]
      [Humongous Register: 0.0 ms]
      [Humongous Reclaim: 0.0 ms]
      [Free CSet: 0.1 ms]
   [Eden: 7152.0M(7152.0M)->0.0B(7136.0M) Survivors: 16384.0K->32768.0K Heap: 10836.5M(14336.0M)->3701.7M(14336.0M)]
 [Times: user=0.16 sys=0.00, real=0.04 secs] 
2022-09-14T08:52:03.689-0600: 381152.207: [GC concurrent-root-region-scan-start]
2022-09-14T08:52:03.701-0600: 381152.218: [GC concurrent-root-region-scan-end, 0.0115976 secs]
2022-09-14T08:52:03.701-0600: 381152.218: [GC concurrent-mark-start]
2022-09-14T08:52:05.017-0600: 381153.535: [GC concurrent-mark-end, 1.3165396 secs]
2022-09-14T08:52:05.017-0600: 381153.535: [GC remark 2022-09-14T08:52:05.017-0600: 381153.535: [Finalize Marking, 0.0039664 secs] 2022-09-14T08:52:05.021-0600: 381153.539: [GC ref-proc, 0.0331128 secs] 2022-09-14T08:52:05.055-0600: 381153.572: [Unloading, 0.0251214 secs], 0.0670205 secs]
 [Times: user=0.29 sys=0.00, real=0.07 secs] 
2022-09-14T08:52:05.085-0600: 381153.602: [GC cleanup 3877M->3877M(14336M), 0.0076811 secs]
 [Times: user=0.02 sys=0.00, real=0.00 secs] 
2022-09-14T08:53:28.324-0600: 381236.842: [GC pause (G1 Evacuation Pause) (young), 0.0211483 secs]
   [Parallel Time: 7.8 ms, GC Workers: 8]
      [GC Worker Start (ms): Min: 381236841.7, Avg: 381236842.3, Max: 381236842.4, Diff: 0.7]
      [Ext Root Scanning (ms): Min: 1.0, Avg: 3.6, Max: 7.1, Diff: 6.1, Sum: 29.0]
      [Update RS (ms): Min: 0.0, Avg: 1.4, Max: 3.2, Diff: 3.2, Sum: 11.5]
         [Processed Buffers: Min: 0, Avg: 7.9, Max: 27, Diff: 27, Sum: 63]
      [Scan RS (ms): Min: 0.0, Avg: 0.0, Max: 0.1, Diff: 0.1, Sum: 0.2]
      [Code Root Scanning (ms): Min: 0.0, Avg: 0.0, Max: 0.0, Diff: 0.0, Sum: 0.0]
      [Object Copy (ms): Min: 0.0, Avg: 1.7, Max: 5.0, Diff: 5.0, Sum: 13.3]
      [Termination (ms): Min: 0.0, Avg: 0.4, Max: 0.7, Diff: 0.7, Sum: 3.4]
         [Termination Attempts: Min: 1, Avg: 7.8, Max: 15, Diff: 14, Sum: 62]
      [GC Worker Other (ms): Min: 0.0, Avg: 0.0, Max: 0.0, Diff: 0.0, Sum: 0.0]
      [GC Worker Total (ms): Min: 7.1, Avg: 7.2, Max: 7.7, Diff: 0.7, Sum: 57.5]
      [GC Worker End (ms): Min: 381236849.4, Avg: 381236849.5, Max: 381236849.5, Diff: 0.1]
   [Code Root Fixup: 0.0 ms]
   [Code Root Purge: 0.0 ms]
   [Clear CT: 0.6 ms]
   [Other: 12.7 ms]
      [Choose CSet: 0.0 ms]
      [Ref Proc: 12.4 ms]
      [Ref Enq: 0.1 ms]
      [Redirty Cards: 0.1 ms]
      [Humongous Register: 0.0 ms]
      [Humongous Reclaim: 0.0 ms]
      [Free CSet: 0.1 ms]
   [Eden: 7136.0M(7136.0M)->0.0B(5696.0M) Survivors: 32768.0K->32768.0K Heap: 10837.7M(14336.0M)->3705.1M(14336.0M)]
 [Times: user=0.08 sys=0.00, real=0.02 secs] 
2022-09-14T08:54:51.524-0600: 381320.042: [GC pause (G1 Evacuation Pause) (mixed), 0.0400953 secs]
   [Parallel Time: 12.8 ms, GC Workers: 8]
      [GC Worker Start (ms): Min: 381320041.8, Avg: 381320047.0, Max: 381320053.3, Diff: 11.5]
      [Ext Root Scanning (ms): Min: 0.0, Avg: 0.9, Max: 3.1, Diff: 3.1, Sum: 7.0]
      [Update RS (ms): Min: 0.0, Avg: 1.5, Max: 3.4, Diff: 3.4, Sum: 11.7]
         [Processed Buffers: Min: 0, Avg: 6.5, Max: 17, Diff: 17, Sum: 52]
      [Scan RS (ms): Min: 0.0, Avg: 0.9, Max: 1.5, Diff: 1.5, Sum: 6.9]
      [Code Root Scanning (ms): Min: 0.0, Avg: 0.0, Max: 0.0, Diff: 0.0, Sum: 0.0]
      [Object Copy (ms): Min: 0.0, Avg: 2.4, Max: 5.4, Diff: 5.4, Sum: 19.3]
      [Termination (ms): Min: 0.0, Avg: 1.8, Max: 2.3, Diff: 2.3, Sum: 14.1]
         [Termination Attempts: Min: 1, Avg: 12.2, Max: 29, Diff: 28, Sum: 98]
      [GC Worker Other (ms): Min: 0.0, Avg: 0.0, Max: 0.0, Diff: 0.0, Sum: 0.1]
      [GC Worker Total (ms): Min: 1.1, Avg: 7.4, Max: 12.6, Diff: 11.5, Sum: 59.0]
      [GC Worker End (ms): Min: 381320054.3, Avg: 381320054.4, Max: 381320054.5, Diff: 0.2]
   [Code Root Fixup: 0.0 ms]
   [Code Root Purge: 0.0 ms]
   [Clear CT: 0.8 ms]
   [Other: 26.5 ms]
      [Choose CSet: 0.0 ms]
      [Ref Proc: 26.1 ms]
      [Ref Enq: 0.1 ms]
      [Redirty Cards: 0.1 ms]
      [Humongous Register: 0.0 ms]
      [Humongous Reclaim: 0.0 ms]
      [Free CSet: 0.1 ms]
   [Eden: 5696.0M(5696.0M)->0.0B(7152.0M) Survivors: 32768.0K->16384.0K Heap: 9401.1M(14336.0M)->3684.1M(14336.0M)]
 [Times: user=0.16 sys=0.00, real=0.04 secs] 
2022-09-14T08:56:34.618-0600: 381423.135: [GC pause (G1 Evacuation Pause) (young), 0.0298369 secs]
   [Parallel Time: 12.8 ms, GC Workers: 8]
      [GC Worker Start (ms): Min: 381423135.4, Avg: 381423140.1, Max: 381423145.6, Diff: 10.2]
      [Ext Root Scanning (ms): Min: 0.0, Avg: 0.7, Max: 2.8, Diff: 2.8, Sum: 5.9]
      [Update RS (ms): Min: 0.0, Avg: 3.2, Max: 9.7, Diff: 9.7, Sum: 25.2]
         [Processed Buffers: Min: 0, Avg: 14.1, Max: 31, Diff: 31, Sum: 113]
      [Scan RS (ms): Min: 0.0, Avg: 0.0, Max: 0.1, Diff: 0.1, Sum: 0.2]
      [Code Root Scanning (ms): Min: 0.0, Avg: 0.0, Max: 0.0, Diff: 0.0, Sum: 0.0]
      [Object Copy (ms): Min: 0.0, Avg: 1.1, Max: 1.9, Diff: 1.9, Sum: 8.6]
      [Termination (ms): Min: 0.0, Avg: 2.9, Max: 3.7, Diff: 3.7, Sum: 23.3]
         [Termination Attempts: Min: 1, Avg: 7.4, Max: 18, Diff: 17, Sum: 59]
      [GC Worker Other (ms): Min: 0.0, Avg: 0.0, Max: 0.0, Diff: 0.0, Sum: 0.0]
      [GC Worker Total (ms): Min: 2.4, Avg: 7.9, Max: 12.6, Diff: 10.2, Sum: 63.2]
      [GC Worker End (ms): Min: 381423148.0, Avg: 381423148.0, Max: 381423148.1, Diff: 0.1]
   [Code Root Fixup: 0.0 ms]
   [Code Root Purge: 0.0 ms]
   [Clear CT: 0.9 ms]
   [Other: 16.1 ms]
      [Choose CSet: 0.0 ms]
      [Ref Proc: 15.7 ms]
      [Ref Enq: 0.1 ms]
      [Redirty Cards: 0.1 ms]
      [Humongous Register: 0.0 ms]
      [Humongous Reclaim: 0.0 ms]
      [Free CSet: 0.1 ms]
   [Eden: 7152.0M(7152.0M)->0.0B(7152.0M) Survivors: 16384.0K->16384.0K Heap: 10836.1M(14336.0M)->3686.5M(14336.0M)]
 [Times: user=0.10 sys=0.00, real=0.03 secs] 
2022-09-14T08:58:18.475-0600: 381526.993: [GC pause (G1 Evacuation Pause) (young) (initial-mark), 0.0393959 secs]
   [Parallel Time: 16.2 ms, GC Workers: 8]
      [GC Worker Start (ms): Min: 381526994.4, Avg: 381526998.0, Max: 381526998.9, Diff: 4.5]
      [Ext Root Scanning (ms): Min: 2.3, Avg: 6.6, Max: 10.1, Diff: 7.8, Sum: 52.7]
      [Update RS (ms): Min: 0.0, Avg: 0.9, Max: 2.6, Diff: 2.6, Sum: 7.3]
         [Processed Buffers: Min: 0, Avg: 5.4, Max: 19, Diff: 19, Sum: 43]
      [Scan RS (ms): Min: 0.0, Avg: 0.0, Max: 0.1, Diff: 0.1, Sum: 0.2]
      [Code Root Scanning (ms): Min: 0.0, Avg: 0.0, Max: 0.0, Diff: 0.0, Sum: 0.0]
      [Object Copy (ms): Min: 0.0, Avg: 1.2, Max: 2.4, Diff: 2.4, Sum: 9.6]
      [Termination (ms): Min: 0.0, Avg: 2.3, Max: 3.4, Diff: 3.4, Sum: 18.2]
         [Termination Attempts: Min: 1, Avg: 3.4, Max: 10, Diff: 9, Sum: 27]
      [GC Worker Other (ms): Min: 0.0, Avg: 0.0, Max: 0.0, Diff: 0.0, Sum: 0.0]
      [GC Worker Total (ms): Min: 10.1, Avg: 11.0, Max: 14.6, Diff: 4.5, Sum: 88.0]
      [GC Worker End (ms): Min: 381527008.9, Avg: 381527009.0, Max: 381527009.1, Diff: 0.2]
   [Code Root Fixup: 0.0 ms]
   [Code Root Purge: 0.0 ms]
   [Clear CT: 1.0 ms]
   [Other: 22.2 ms]
      [Choose CSet: 0.0 ms]
      [Ref Proc: 21.8 ms]
      [Ref Enq: 0.1 ms]
      [Redirty Cards: 0.1 ms]
      [Humongous Register: 0.0 ms]
      [Humongous Reclaim: 0.0 ms]
      [Free CSet: 0.1 ms]
   [Eden: 7152.0M(7152.0M)->0.0B(7152.0M) Survivors: 16384.0K->16384.0K Heap: 10838.5M(14336.0M)->3686.9M(14336.0M)]
 [Times: user=0.12 sys=0.00, real=0.04 secs] 
2022-09-14T08:58:18.515-0600: 381527.033: [GC concurrent-root-region-scan-start]
2022-09-14T08:58:18.521-0600: 381527.038: [GC concurrent-root-region-scan-end, 0.0058666 secs]
2022-09-14T08:58:18.521-0600: 381527.038: [GC concurrent-mark-start]
2022-09-14T08:58:19.828-0600: 381528.345: [GC concurrent-mark-end, 1.3068507 secs]
2022-09-14T08:58:19.828-0600: 381528.345: [GC remark 2022-09-14T08:58:19.828-0600: 381528.345: [Finalize Marking, 0.0028239 secs] 2022-09-14T08:58:19.831-0600: 381528.348: [GC ref-proc, 0.0241233 secs] 2022-09-14T08:58:19.855-0600: 381528.372: [Unloading, 0.0298513 secs], 0.0655354 secs]
 [Times: user=0.24 sys=0.00, real=0.07 secs] 
2022-09-14T08:58:19.894-0600: 381528.411: [GC cleanup 3814M->3814M(14336M), 0.0071025 secs]
 [Times: user=0.03 sys=0.00, real=0.01 secs] 
2022-09-14T09:00:02.626-0600: 381631.144: [GC pause (G1 Evacuation Pause) (young), 0.0250503 secs]
   [Parallel Time: 5.6 ms, GC Workers: 8]
      [GC Worker Start (ms): Min: 381631144.0, Avg: 381631145.9, Max: 381631149.4, Diff: 5.4]
      [Ext Root Scanning (ms): Min: 0.0, Avg: 0.8, Max: 3.1, Diff: 3.1, Sum: 6.2]
      [Update RS (ms): Min: 0.0, Avg: 1.1, Max: 1.7, Diff: 1.7, Sum: 9.1]
         [Processed Buffers: Min: 0, Avg: 6.8, Max: 14, Diff: 14, Sum: 54]
      [Scan RS (ms): Min: 0.0, Avg: 0.0, Max: 0.1, Diff: 0.1, Sum: 0.2]
      [Code Root Scanning (ms): Min: 0.0, Avg: 0.0, Max: 0.0, Diff: 0.0, Sum: 0.0]
      [Object Copy (ms): Min: 0.0, Avg: 1.0, Max: 1.4, Diff: 1.4, Sum: 8.2]
      [Termination (ms): Min: 0.0, Avg: 0.6, Max: 0.7, Diff: 0.7, Sum: 4.6]
         [Termination Attempts: Min: 1, Avg: 19.5, Max: 37, Diff: 36, Sum: 156]
      [GC Worker Other (ms): Min: 0.0, Avg: 0.0, Max: 0.0, Diff: 0.0, Sum: 0.0]
      [GC Worker Total (ms): Min: 0.0, Avg: 3.6, Max: 5.4, Diff: 5.4, Sum: 28.4]
      [GC Worker End (ms): Min: 381631149.4, Avg: 381631149.4, Max: 381631149.4, Diff: 0.0]
   [Code Root Fixup: 0.0 ms]
   [Code Root Purge: 0.0 ms]
   [Clear CT: 0.9 ms]
   [Other: 18.6 ms]
      [Choose CSet: 0.0 ms]
      [Ref Proc: 18.2 ms]
      [Ref Enq: 0.1 ms]
      [Redirty Cards: 0.1 ms]
      [Humongous Register: 0.0 ms]
      [Humongous Reclaim: 0.0 ms]
      [Free CSet: 0.1 ms]
   [Eden: 7152.0M(7152.0M)->0.0B(5712.0M) Survivors: 16384.0K->16384.0K Heap: 10838.9M(14336.0M)->3687.9M(14336.0M)]
 [Times: user=0.09 sys=0.00, real=0.02 secs] 
