2022-10-02 04:26:59 GC log file created gc.log.2
OpenJDK 64-Bit Server VM (25.342-b07) for linux-amd64 JRE (1.8.0_342-8u342-b07-0ubuntu1~22.04-b07), built on Jul 23 2022 16:13:07 by "buildd" with gcc 11.2.0
Memory: 4k page, physical 30292200k(1144824k free), swap 3993596k(2510472k free)
CommandLine flags: -XX:+AlwaysPreTouch -XX:CICompilerCount=3 -XX:ConcGCThreads=2 -XX:+DisableExplicitGC -XX:G1HeapRegionSize=16777216 -XX:G1HeapWastePercent=5 -XX:G1MaxNewSizePercent=50 -XX:G1MixedGCCountTarget=4 -XX:G1MixedGCLiveThresholdPercent=90 -XX:G1NewSizePercent=40 -XX:G1RSetUpdatingPauseTimePercent=5 -XX:G1ReservePercent=15 -XX:GCLogFileSize=1048576 -XX:InitialHeapSize=15032385536 -XX:InitialTenuringThreshold=1 -XX:InitiatingHeapOccupancyPercent=20 -XX:MarkStackSize=4194304 -XX:MaxGCPauseMillis=200 -XX:MaxHeapSize=15032385536 -XX:MaxNewSize=7516192768 -XX:MaxTenuringThreshold=1 -XX:MinHeapDeltaBytes=16777216 -XX:NumberOfGCLogFiles=5 -XX:+ParallelRefProcEnabled -XX:+PerfDisableSharedMem -XX:+PrintGC -XX:+PrintGCDateStamps -XX:+PrintGCDetails -XX:+PrintGCTimeStamps -XX:SurvivorRatio=32 -XX:+UnlockExperimentalVMOptions -XX:+UseCompressedClassPointers -XX:+UseCompressedOops -XX:+UseG1GC -XX:+UseGCLogFileRotation 
2022-10-02T04:29:56.990-0600: 233612.070: [GC pause (G1 Evacuation Pause) (young) (initial-mark), 0.0351764 secs]
   [Parallel Time: 16.0 ms, GC Workers: 6]
      [GC Worker Start (ms): Min: 233612071.7, Avg: 233612073.2, Max: 233612075.1, Diff: 3.4]
      [Ext Root Scanning (ms): Min: 2.2, Avg: 7.6, Max: 13.8, Diff: 11.5, Sum: 45.4]
      [Update RS (ms): Min: 0.0, Avg: 1.1, Max: 2.3, Diff: 2.3, Sum: 6.6]
         [Processed Buffers: Min: 0, Avg: 11.5, Max: 35, Diff: 35, Sum: 69]
      [Scan RS (ms): Min: 0.0, Avg: 0.0, Max: 0.1, Diff: 0.1, Sum: 0.2]
      [Code Root Scanning (ms): Min: 0.0, Avg: 0.0, Max: 0.0, Diff: 0.0, Sum: 0.0]
      [Object Copy (ms): Min: 0.0, Avg: 2.3, Max: 4.2, Diff: 4.2, Sum: 13.6]
      [Termination (ms): Min: 0.0, Avg: 1.6, Max: 2.3, Diff: 2.3, Sum: 9.7]
         [Termination Attempts: Min: 1, Avg: 2.2, Max: 4, Diff: 3, Sum: 13]
      [GC Worker Other (ms): Min: 0.0, Avg: 0.0, Max: 0.0, Diff: 0.0, Sum: 0.1]
      [GC Worker Total (ms): Min: 10.7, Avg: 12.6, Max: 14.0, Diff: 3.4, Sum: 75.5]
      [GC Worker End (ms): Min: 233612085.7, Avg: 233612085.7, Max: 233612085.8, Diff: 0.0]
   [Code Root Fixup: 0.0 ms]
   [Code Root Purge: 0.0 ms]
   [Clear CT: 0.8 ms]
   [Other: 18.4 ms]
      [Choose CSet: 0.0 ms]
      [Ref Proc: 17.9 ms]
      [Ref Enq: 0.1 ms]
      [Redirty Cards: 0.1 ms]
      [Humongous Register: 0.0 ms]
      [Humongous Reclaim: 0.0 ms]
      [Free CSet: 0.1 ms]
   [Eden: 7152.0M(7152.0M)->0.0B(7152.0M) Survivors: 16384.0K->16384.0K Heap: 10734.1M(14336.0M)->3588.2M(14336.0M)]
 [Times: user=0.09 sys=0.00, real=0.04 secs] 
2022-10-02T04:29:57.025-0600: 233612.105: [GC concurrent-root-region-scan-start]
2022-10-02T04:29:57.032-0600: 233612.112: [GC concurrent-root-region-scan-end, 0.0070049 secs]
2022-10-02T04:29:57.032-0600: 233612.112: [GC concurrent-mark-start]
2022-10-02T04:29:58.338-0600: 233613.418: [GC concurrent-mark-end, 1.3061983 secs]
2022-10-02T04:29:58.338-0600: 233613.418: [GC remark 2022-10-02T04:29:58.338-0600: 233613.418: [Finalize Marking, 0.0018497 secs] 2022-10-02T04:29:58.340-0600: 233613.420: [GC ref-proc, 0.0183131 secs] 2022-10-02T04:29:58.359-0600: 233613.438: [Unloading, 0.0324815 secs], 0.0584678 secs]
 [Times: user=0.20 sys=0.00, real=0.06 secs] 
2022-10-02T04:29:58.397-0600: 233613.477: [GC cleanup 3644M->3644M(14336M), 0.0089959 secs]
 [Times: user=0.02 sys=0.00, real=0.01 secs] 
2022-10-02T04:32:54.193-0600: 233789.273: [GC pause (G1 Evacuation Pause) (young), 0.0465201 secs]
   [Parallel Time: 22.8 ms, GC Workers: 6]
      [GC Worker Start (ms): Min: 233789273.2, Avg: 233789277.0, Max: 233789280.9, Diff: 7.6]
      [Ext Root Scanning (ms): Min: 0.0, Avg: 1.9, Max: 4.7, Diff: 4.7, Sum: 11.5]
      [Update RS (ms): Min: 4.2, Avg: 7.0, Max: 10.9, Diff: 6.6, Sum: 41.8]
         [Processed Buffers: Min: 3, Avg: 11.7, Max: 19, Diff: 16, Sum: 70]
      [Scan RS (ms): Min: 0.0, Avg: 0.1, Max: 0.3, Diff: 0.2, Sum: 0.8]
      [Code Root Scanning (ms): Min: 0.0, Avg: 0.0, Max: 0.0, Diff: 0.0, Sum: 0.1]
      [Object Copy (ms): Min: 6.7, Avg: 9.6, Max: 10.6, Diff: 3.9, Sum: 57.3]
      [Termination (ms): Min: 0.0, Avg: 0.0, Max: 0.0, Diff: 0.0, Sum: 0.1]
         [Termination Attempts: Min: 1, Avg: 3.2, Max: 5, Diff: 4, Sum: 19]
      [GC Worker Other (ms): Min: 0.0, Avg: 0.1, Max: 0.2, Diff: 0.2, Sum: 0.5]
      [GC Worker Total (ms): Min: 14.8, Avg: 18.7, Max: 22.5, Diff: 7.7, Sum: 112.1]
      [GC Worker End (ms): Min: 233789295.6, Avg: 233789295.6, Max: 233789295.7, Diff: 0.2]
   [Code Root Fixup: 0.0 ms]
   [Code Root Purge: 0.0 ms]
   [Clear CT: 0.9 ms]
   [Other: 22.8 ms]
      [Choose CSet: 0.0 ms]
      [Ref Proc: 22.5 ms]
      [Ref Enq: 0.0 ms]
      [Redirty Cards: 0.0 ms]
      [Humongous Register: 0.0 ms]
      [Humongous Reclaim: 0.0 ms]
      [Free CSet: 0.1 ms]
   [Eden: 7152.0M(7152.0M)->0.0B(5712.0M) Survivors: 16384.0K->16384.0K Heap: 10740.2M(14336.0M)->3587.3M(14336.0M)]
 [Times: user=0.17 sys=0.00, real=0.04 secs] 
2022-10-02T04:35:20.495-0600: 233935.575: [GC pause (G1 Evacuation Pause) (mixed), 0.0343781 secs]
   [Parallel Time: 16.9 ms, GC Workers: 6]
      [GC Worker Start (ms): Min: 233935575.2, Avg: 233935579.0, Max: 233935584.7, Diff: 9.5]
      [Ext Root Scanning (ms): Min: 0.0, Avg: 2.0, Max: 4.9, Diff: 4.9, Sum: 12.1]
      [Update RS (ms): Min: 0.0, Avg: 1.8, Max: 3.0, Diff: 3.0, Sum: 10.7]
         [Processed Buffers: Min: 0, Avg: 9.5, Max: 19, Diff: 19, Sum: 57]
      [Scan RS (ms): Min: 0.0, Avg: 0.3, Max: 0.6, Diff: 0.6, Sum: 2.0]
      [Code Root Scanning (ms): Min: 0.0, Avg: 0.0, Max: 0.0, Diff: 0.0, Sum: 0.0]
      [Object Copy (ms): Min: 6.8, Avg: 8.4, Max: 9.4, Diff: 2.6, Sum: 50.6]
      [Termination (ms): Min: 0.0, Avg: 0.1, Max: 0.1, Diff: 0.1, Sum: 0.5]
         [Termination Attempts: Min: 1, Avg: 49.8, Max: 80, Diff: 79, Sum: 299]
      [GC Worker Other (ms): Min: 0.0, Avg: 0.0, Max: 0.1, Diff: 0.1, Sum: 0.2]
      [GC Worker Total (ms): Min: 7.0, Avg: 12.7, Max: 16.5, Diff: 9.5, Sum: 76.1]
      [GC Worker End (ms): Min: 233935591.7, Avg: 233935591.7, Max: 233935591.8, Diff: 0.1]
   [Code Root Fixup: 0.0 ms]
   [Code Root Purge: 0.0 ms]
   [Clear CT: 0.9 ms]
   [Other: 16.6 ms]
      [Choose CSet: 0.0 ms]
      [Ref Proc: 16.1 ms]
      [Ref Enq: 0.1 ms]
      [Redirty Cards: 0.1 ms]
      [Humongous Register: 0.0 ms]
      [Humongous Reclaim: 0.0 ms]
      [Free CSet: 0.1 ms]
   [Eden: 5712.0M(5712.0M)->0.0B(7152.0M) Survivors: 16384.0K->16384.0K Heap: 9299.3M(14336.0M)->3579.7M(14336.0M)]
 [Times: user=0.11 sys=0.00, real=0.03 secs] 
2022-10-02T04:38:20.652-0600: 234115.732: [GC pause (G1 Evacuation Pause) (young), 0.0526699 secs]
   [Parallel Time: 29.7 ms, GC Workers: 6]
      [GC Worker Start (ms): Min: 234115731.8, Avg: 234115731.9, Max: 234115732.0, Diff: 0.2]
      [Ext Root Scanning (ms): Min: 3.3, Avg: 5.7, Max: 12.9, Diff: 9.6, Sum: 34.1]
      [Update RS (ms): Min: 2.1, Avg: 10.9, Max: 21.8, Diff: 19.7, Sum: 65.6]
         [Processed Buffers: Min: 2, Avg: 15.5, Max: 33, Diff: 31, Sum: 93]
      [Scan RS (ms): Min: 0.0, Avg: 0.1, Max: 0.3, Diff: 0.2, Sum: 0.9]
      [Code Root Scanning (ms): Min: 0.0, Avg: 0.0, Max: 0.0, Diff: 0.0, Sum: 0.1]
      [Object Copy (ms): Min: 2.0, Avg: 10.7, Max: 13.7, Diff: 11.7, Sum: 64.4]
      [Termination (ms): Min: 0.0, Avg: 1.7, Max: 2.5, Diff: 2.5, Sum: 10.5]
         [Termination Attempts: Min: 1, Avg: 23.2, Max: 39, Diff: 38, Sum: 139]
      [GC Worker Other (ms): Min: 0.0, Avg: 0.0, Max: 0.0, Diff: 0.0, Sum: 0.1]
      [GC Worker Total (ms): Min: 29.0, Avg: 29.3, Max: 29.4, Diff: 0.4, Sum: 175.6]
      [GC Worker End (ms): Min: 234115760.8, Avg: 234115761.2, Max: 234115761.3, Diff: 0.5]
   [Code Root Fixup: 0.0 ms]
   [Code Root Purge: 0.0 ms]
   [Clear CT: 0.9 ms]
   [Other: 22.1 ms]
      [Choose CSet: 0.0 ms]
      [Ref Proc: 21.6 ms]
      [Ref Enq: 0.1 ms]
      [Redirty Cards: 0.1 ms]
      [Humongous Register: 0.0 ms]
      [Humongous Reclaim: 0.0 ms]
      [Free CSet: 0.1 ms]
   [Eden: 7152.0M(7152.0M)->0.0B(7152.0M) Survivors: 16384.0K->16384.0K Heap: 10731.7M(14336.0M)->3583.6M(14336.0M)]
 [Times: user=0.21 sys=0.00, real=0.05 secs] 
2022-10-02T04:41:20.741-0600: 234295.821: [GC pause (G1 Evacuation Pause) (young) (initial-mark), 0.0339505 secs]
   [Parallel Time: 17.3 ms, GC Workers: 6]
      [GC Worker Start (ms): Min: 234295822.2, Avg: 234295826.0, Max: 234295827.3, Diff: 5.2]
      [Ext Root Scanning (ms): Min: 1.3, Avg: 6.0, Max: 10.4, Diff: 9.1, Sum: 36.1]
      [Update RS (ms): Min: 0.0, Avg: 1.1, Max: 2.8, Diff: 2.8, Sum: 6.6]
         [Processed Buffers: Min: 0, Avg: 9.7, Max: 25, Diff: 25, Sum: 58]
      [Scan RS (ms): Min: 0.0, Avg: 0.0, Max: 0.1, Diff: 0.1, Sum: 0.2]
      [Code Root Scanning (ms): Min: 0.0, Avg: 0.0, Max: 0.0, Diff: 0.0, Sum: 0.0]
      [Object Copy (ms): Min: 0.0, Avg: 4.1, Max: 6.0, Diff: 6.0, Sum: 24.7]
      [Termination (ms): Min: 0.0, Avg: 0.5, Max: 0.6, Diff: 0.6, Sum: 3.0]
         [Termination Attempts: Min: 1, Avg: 12.8, Max: 24, Diff: 23, Sum: 77]
      [GC Worker Other (ms): Min: 0.0, Avg: 0.0, Max: 0.0, Diff: 0.0, Sum: 0.1]
      [GC Worker Total (ms): Min: 10.4, Avg: 11.8, Max: 15.6, Diff: 5.2, Sum: 70.6]
      [GC Worker End (ms): Min: 234295837.8, Avg: 234295837.8, Max: 234295837.8, Diff: 0.1]
   [Code Root Fixup: 0.0 ms]
   [Code Root Purge: 0.0 ms]
   [Clear CT: 0.8 ms]
   [Other: 15.8 ms]
      [Choose CSet: 0.0 ms]
      [Ref Proc: 15.4 ms]
      [Ref Enq: 0.1 ms]
      [Redirty Cards: 0.0 ms]
      [Humongous Register: 0.0 ms]
      [Humongous Reclaim: 0.0 ms]
      [Free CSet: 0.1 ms]
   [Eden: 7152.0M(7152.0M)->0.0B(7152.0M) Survivors: 16384.0K->16384.0K Heap: 10735.6M(14336.0M)->3585.9M(14336.0M)]
 [Times: user=0.10 sys=0.00, real=0.04 secs] 
2022-10-02T04:41:20.775-0600: 234295.855: [GC concurrent-root-region-scan-start]
2022-10-02T04:41:20.782-0600: 234295.861: [GC concurrent-root-region-scan-end, 0.0068172 secs]
2022-10-02T04:41:20.782-0600: 234295.861: [GC concurrent-mark-start]
2022-10-02T04:41:22.062-0600: 234297.141: [GC concurrent-mark-end, 1.2799317 secs]
2022-10-02T04:41:22.062-0600: 234297.141: [GC remark 2022-10-02T04:41:22.062-0600: 234297.142: [Finalize Marking, 0.0022288 secs] 2022-10-02T04:41:22.064-0600: 234297.144: [GC ref-proc, 0.0316617 secs] 2022-10-02T04:41:22.096-0600: 234297.175: [Unloading, 0.0313023 secs], 0.0724275 secs]
 [Times: user=0.23 sys=0.00, real=0.08 secs] 
2022-10-02T04:41:22.134-0600: 234297.214: [GC cleanup 3657M->3657M(14336M), 0.0066963 secs]
 [Times: user=0.02 sys=0.00, real=0.00 secs] 
2022-10-02T04:44:18.789-0600: 234473.869: [GC pause (G1 Evacuation Pause) (young), 0.0391498 secs]
   [Parallel Time: 23.9 ms, GC Workers: 6]
      [GC Worker Start (ms): Min: 234473869.4, Avg: 234473870.1, Max: 234473872.8, Diff: 3.3]
      [Ext Root Scanning (ms): Min: 1.1, Avg: 4.5, Max: 7.8, Diff: 6.7, Sum: 27.0]
      [Update RS (ms): Min: 3.7, Avg: 6.0, Max: 7.3, Diff: 3.6, Sum: 36.1]
         [Processed Buffers: Min: 6, Avg: 11.0, Max: 18, Diff: 12, Sum: 66]
      [Scan RS (ms): Min: 0.0, Avg: 0.1, Max: 0.3, Diff: 0.2, Sum: 0.8]
      [Code Root Scanning (ms): Min: 0.0, Avg: 0.0, Max: 0.1, Diff: 0.1, Sum: 0.1]
      [Object Copy (ms): Min: 11.8, Avg: 12.1, Max: 12.7, Diff: 0.9, Sum: 72.3]
      [Termination (ms): Min: 0.0, Avg: 0.1, Max: 0.1, Diff: 0.1, Sum: 0.3]
         [Termination Attempts: Min: 1, Avg: 19.7, Max: 30, Diff: 29, Sum: 118]
      [GC Worker Other (ms): Min: 0.0, Avg: 0.1, Max: 0.2, Diff: 0.2, Sum: 0.4]
      [GC Worker Total (ms): Min: 20.1, Avg: 22.9, Max: 23.4, Diff: 3.3, Sum: 137.1]
      [GC Worker End (ms): Min: 234473892.9, Avg: 234473892.9, Max: 234473893.0, Diff: 0.2]
   [Code Root Fixup: 0.0 ms]
   [Code Root Purge: 0.0 ms]
   [Clear CT: 0.9 ms]
   [Other: 14.3 ms]
      [Choose CSet: 0.0 ms]
      [Ref Proc: 13.9 ms]
      [Ref Enq: 0.1 ms]
      [Redirty Cards: 0.1 ms]
      [Humongous Register: 0.0 ms]
      [Humongous Reclaim: 0.0 ms]
      [Free CSet: 0.1 ms]
   [Eden: 7152.0M(7152.0M)->0.0B(5712.0M) Survivors: 16384.0K->16384.0K Heap: 10737.9M(14336.0M)->3588.0M(14336.0M)]
 [Times: user=0.16 sys=0.00, real=0.04 secs] 
2022-10-02T04:46:41.897-0600: 234616.977: [GC pause (G1 Evacuation Pause) (mixed), 0.0290967 secs]
   [Parallel Time: 11.5 ms, GC Workers: 6]
      [GC Worker Start (ms): Min: 234616977.0, Avg: 234616980.2, Max: 234616987.7, Diff: 10.7]
      [Ext Root Scanning (ms): Min: 0.0, Avg: 1.5, Max: 3.9, Diff: 3.9, Sum: 9.1]
      [Update RS (ms): Min: 0.0, Avg: 2.6, Max: 8.0, Diff: 8.0, Sum: 15.3]
         [Processed Buffers: Min: 0, Avg: 10.2, Max: 27, Diff: 27, Sum: 61]
      [Scan RS (ms): Min: 0.0, Avg: 0.3, Max: 0.4, Diff: 0.4, Sum: 1.5]
      [Code Root Scanning (ms): Min: 0.0, Avg: 0.0, Max: 0.0, Diff: 0.0, Sum: 0.0]
      [Object Copy (ms): Min: 0.0, Avg: 2.9, Max: 4.7, Diff: 4.7, Sum: 17.6]
      [Termination (ms): Min: 0.0, Avg: 1.0, Max: 1.4, Diff: 1.4, Sum: 6.2]
         [Termination Attempts: Min: 1, Avg: 10.8, Max: 22, Diff: 21, Sum: 65]
      [GC Worker Other (ms): Min: 0.0, Avg: 0.0, Max: 0.0, Diff: 0.0, Sum: 0.1]
      [GC Worker Total (ms): Min: 0.8, Avg: 8.3, Max: 11.5, Diff: 10.6, Sum: 49.8]
      [GC Worker End (ms): Min: 234616988.5, Avg: 234616988.5, Max: 234616988.5, Diff: 0.0]
   [Code Root Fixup: 0.0 ms]
   [Code Root Purge: 0.0 ms]
   [Clear CT: 0.7 ms]
   [Other: 16.9 ms]
      [Choose CSet: 0.0 ms]
      [Ref Proc: 16.5 ms]
      [Ref Enq: 0.1 ms]
      [Redirty Cards: 0.1 ms]
      [Humongous Register: 0.0 ms]
      [Humongous Reclaim: 0.0 ms]
      [Free CSet: 0.1 ms]
   [Eden: 5712.0M(5712.0M)->0.0B(7152.0M) Survivors: 16384.0K->16384.0K Heap: 9300.0M(14336.0M)->3577.2M(14336.0M)]
 [Times: user=0.09 sys=0.00, real=0.03 secs] 
2022-10-02T04:49:40.042-0600: 234795.121: [GC pause (G1 Evacuation Pause) (young), 0.0462307 secs]
   [Parallel Time: 28.2 ms, GC Workers: 6]
      [GC Worker Start (ms): Min: 234795122.2, Avg: 234795125.9, Max: 234795129.6, Diff: 7.4]
      [Ext Root Scanning (ms): Min: 0.0, Avg: 3.3, Max: 7.0, Diff: 7.0, Sum: 19.6]
      [Update RS (ms): Min: 3.2, Avg: 8.8, Max: 10.9, Diff: 7.7, Sum: 52.9]
         [Processed Buffers: Min: 11, Avg: 15.3, Max: 24, Diff: 13, Sum: 92]
      [Scan RS (ms): Min: 0.0, Avg: 0.2, Max: 0.3, Diff: 0.3, Sum: 0.9]
      [Code Root Scanning (ms): Min: 0.0, Avg: 0.0, Max: 0.0, Diff: 0.0, Sum: 0.1]
      [Object Copy (ms): Min: 8.7, Avg: 11.0, Max: 17.0, Diff: 8.3, Sum: 66.1]
      [Termination (ms): Min: 0.0, Avg: 0.0, Max: 0.0, Diff: 0.0, Sum: 0.0]
         [Termination Attempts: Min: 1, Avg: 1.0, Max: 1, Diff: 0, Sum: 6]
      [GC Worker Other (ms): Min: 0.0, Avg: 0.1, Max: 0.1, Diff: 0.1, Sum: 0.3]
      [GC Worker Total (ms): Min: 19.7, Avg: 23.3, Max: 27.1, Diff: 7.4, Sum: 139.9]
      [GC Worker End (ms): Min: 234795149.2, Avg: 234795149.3, Max: 234795149.3, Diff: 0.1]
   [Code Root Fixup: 0.0 ms]
   [Code Root Purge: 0.0 ms]
   [Clear CT: 0.7 ms]
   [Other: 17.3 ms]
      [Choose CSet: 0.0 ms]
      [Ref Proc: 16.9 ms]
      [Ref Enq: 0.1 ms]
      [Redirty Cards: 0.1 ms]
      [Humongous Register: 0.0 ms]
      [Humongous Reclaim: 0.0 ms]
      [Free CSet: 0.1 ms]
   [Eden: 7152.0M(7152.0M)->0.0B(7152.0M) Survivors: 16384.0K->16384.0K Heap: 10729.2M(14336.0M)->3581.5M(14336.0M)]
 [Times: user=0.18 sys=0.00, real=0.05 secs] 
2022-10-02T04:52:39.339-0600: 234974.418: [GC pause (G1 Evacuation Pause) (young) (initial-mark), 0.0417660 secs]
   [Parallel Time: 24.7 ms, GC Workers: 6]
      [GC Worker Start (ms): Min: 234974420.7, Avg: 234974423.7, Max: 234974425.7, Diff: 5.0]
      [Ext Root Scanning (ms): Min: 5.6, Avg: 7.8, Max: 10.5, Diff: 4.9, Sum: 46.8]
      [Update RS (ms): Min: 2.1, Avg: 3.5, Max: 4.2, Diff: 2.1, Sum: 20.9]
         [Processed Buffers: Min: 5, Avg: 11.3, Max: 27, Diff: 22, Sum: 68]
      [Scan RS (ms): Min: 0.0, Avg: 0.1, Max: 0.1, Diff: 0.1, Sum: 0.6]
      [Code Root Scanning (ms): Min: 0.0, Avg: 0.0, Max: 0.0, Diff: 0.0, Sum: 0.0]
      [Object Copy (ms): Min: 7.4, Avg: 7.6, Max: 7.8, Diff: 0.4, Sum: 45.6]
      [Termination (ms): Min: 0.0, Avg: 0.0, Max: 0.0, Diff: 0.0, Sum: 0.0]
         [Termination Attempts: Min: 1, Avg: 1.0, Max: 1, Diff: 0, Sum: 6]
      [GC Worker Other (ms): Min: 0.0, Avg: 0.0, Max: 0.1, Diff: 0.1, Sum: 0.3]
      [GC Worker Total (ms): Min: 17.0, Avg: 19.0, Max: 22.0, Diff: 5.0, Sum: 114.2]
      [GC Worker End (ms): Min: 234974442.7, Avg: 234974442.8, Max: 234974442.8, Diff: 0.1]
   [Code Root Fixup: 0.0 ms]
   [Code Root Purge: 0.0 ms]
   [Clear CT: 0.9 ms]
   [Other: 16.1 ms]
      [Choose CSet: 0.0 ms]
      [Ref Proc: 15.6 ms]
      [Ref Enq: 0.1 ms]
      [Redirty Cards: 0.1 ms]
      [Humongous Register: 0.0 ms]
      [Humongous Reclaim: 0.0 ms]
      [Free CSet: 0.2 ms]
   [Eden: 7152.0M(7152.0M)->0.0B(7152.0M) Survivors: 16384.0K->16384.0K Heap: 10733.5M(14336.0M)->3586.1M(14336.0M)]
 [Times: user=0.14 sys=0.00, real=0.04 secs] 
2022-10-02T04:52:39.380-0600: 234974.460: [GC concurrent-root-region-scan-start]
2022-10-02T04:52:39.391-0600: 234974.471: [GC concurrent-root-region-scan-end, 0.0103520 secs]
2022-10-02T04:52:39.391-0600: 234974.471: [GC concurrent-mark-start]
2022-10-02T04:52:40.693-0600: 234975.773: [GC concurrent-mark-end, 1.3021374 secs]
2022-10-02T04:52:40.693-0600: 234975.773: [GC remark 2022-10-02T04:52:40.693-0600: 234975.773: [Finalize Marking, 0.0027569 secs] 2022-10-02T04:52:40.696-0600: 234975.776: [GC ref-proc, 0.0328347 secs] 2022-10-02T04:52:40.729-0600: 234975.809: [Unloading, 0.0281667 secs], 0.0695929 secs]
 [Times: user=0.23 sys=0.00, real=0.06 secs] 
2022-10-02T04:52:40.763-0600: 234975.843: [GC cleanup 3674M->3674M(14336M), 0.0075664 secs]
 [Times: user=0.03 sys=0.00, real=0.01 secs] 
2022-10-02T04:55:42.505-0600: 235157.584: [GC pause (G1 Evacuation Pause) (young), 0.0299694 secs]
   [Parallel Time: 9.7 ms, GC Workers: 6]
      [GC Worker Start (ms): Min: 235157584.5, Avg: 235157584.5, Max: 235157584.6, Diff: 0.1]
      [Ext Root Scanning (ms): Min: 1.5, Avg: 3.0, Max: 4.3, Diff: 2.8, Sum: 17.7]
      [Update RS (ms): Min: 1.0, Avg: 3.1, Max: 7.7, Diff: 6.8, Sum: 18.4]
         [Processed Buffers: Min: 4, Avg: 11.0, Max: 19, Diff: 15, Sum: 66]
      [Scan RS (ms): Min: 0.0, Avg: 0.1, Max: 0.1, Diff: 0.1, Sum: 0.4]
      [Code Root Scanning (ms): Min: 0.0, Avg: 0.0, Max: 0.0, Diff: 0.0, Sum: 0.0]
      [Object Copy (ms): Min: 0.3, Avg: 3.0, Max: 3.8, Diff: 3.5, Sum: 18.0]
      [Termination (ms): Min: 0.0, Avg: 0.5, Max: 0.7, Diff: 0.7, Sum: 3.3]
         [Termination Attempts: Min: 1, Avg: 15.2, Max: 28, Diff: 27, Sum: 91]
      [GC Worker Other (ms): Min: 0.0, Avg: 0.0, Max: 0.0, Diff: 0.0, Sum: 0.1]
      [GC Worker Total (ms): Min: 9.6, Avg: 9.6, Max: 9.7, Diff: 0.1, Sum: 57.8]
      [GC Worker End (ms): Min: 235157594.1, Avg: 235157594.2, Max: 235157594.2, Diff: 0.0]
   [Code Root Fixup: 0.0 ms]
   [Code Root Purge: 0.0 ms]
   [Clear CT: 0.9 ms]
   [Other: 19.4 ms]
      [Choose CSet: 0.0 ms]
      [Ref Proc: 19.0 ms]
      [Ref Enq: 0.1 ms]
      [Redirty Cards: 0.1 ms]
      [Humongous Register: 0.0 ms]
      [Humongous Reclaim: 0.0 ms]
      [Free CSet: 0.1 ms]
   [Eden: 7152.0M(7152.0M)->0.0B(5696.0M) Survivors: 16384.0K->32768.0K Heap: 10738.1M(14336.0M)->3597.9M(14336.0M)]
 [Times: user=0.09 sys=0.00, real=0.04 secs] 
2022-10-02T04:58:03.742-0600: 235298.821: [GC pause (G1 Evacuation Pause) (mixed), 0.0381136 secs]
   [Parallel Time: 22.6 ms, GC Workers: 6]
      [GC Worker Start (ms): Min: 235298821.4, Avg: 235298823.6, Max: 235298824.8, Diff: 3.3]
      [Ext Root Scanning (ms): Min: 0.5, Avg: 3.6, Max: 16.2, Diff: 15.7, Sum: 21.5]
      [Update RS (ms): Min: 0.0, Avg: 5.1, Max: 6.2, Diff: 6.2, Sum: 30.5]
         [Processed Buffers: Min: 0, Avg: 12.3, Max: 19, Diff: 19, Sum: 74]
      [Scan RS (ms): Min: 0.0, Avg: 0.8, Max: 1.0, Diff: 1.0, Sum: 4.8]
      [Code Root Scanning (ms): Min: 0.0, Avg: 0.0, Max: 0.0, Diff: 0.0, Sum: 0.0]
      [Object Copy (ms): Min: 4.8, Avg: 9.6, Max: 11.6, Diff: 6.8, Sum: 57.5]
      [Termination (ms): Min: 0.0, Avg: 1.2, Max: 1.5, Diff: 1.5, Sum: 7.2]
         [Termination Attempts: Min: 1, Avg: 76.8, Max: 97, Diff: 96, Sum: 461]
      [GC Worker Other (ms): Min: 0.0, Avg: 0.0, Max: 0.0, Diff: 0.0, Sum: 0.1]
      [GC Worker Total (ms): Min: 19.2, Avg: 20.3, Max: 22.5, Diff: 3.3, Sum: 121.6]
      [GC Worker End (ms): Min: 235298843.9, Avg: 235298843.9, Max: 235298843.9, Diff: 0.0]
   [Code Root Fixup: 0.0 ms]
   [Code Root Purge: 0.0 ms]
   [Clear CT: 0.8 ms]
   [Other: 14.7 ms]
      [Choose CSet: 0.0 ms]
      [Ref Proc: 14.4 ms]
      [Ref Enq: 0.0 ms]
      [Redirty Cards: 0.0 ms]
      [Humongous Register: 0.0 ms]
      [Humongous Reclaim: 0.0 ms]
      [Free CSet: 0.1 ms]
   [Eden: 5696.0M(5696.0M)->0.0B(7152.0M) Survivors: 32768.0K->16384.0K Heap: 9293.9M(14336.0M)->3580.7M(14336.0M)]
 [Times: user=0.14 sys=0.00, real=0.04 secs] 
2022-10-02T05:01:02.188-0600: 235477.268: [GC pause (G1 Evacuation Pause) (young), 0.0186838 secs]
   [Parallel Time: 5.9 ms, GC Workers: 6]
      [GC Worker Start (ms): Min: 235477267.9, Avg: 235477268.2, Max: 235477268.7, Diff: 0.8]
      [Ext Root Scanning (ms): Min: 0.4, Avg: 1.3, Max: 3.3, Diff: 2.9, Sum: 7.9]
      [Update RS (ms): Min: 0.3, Avg: 2.0, Max: 2.4, Diff: 2.1, Sum: 12.2]
         [Processed Buffers: Min: 1, Avg: 14.7, Max: 31, Diff: 30, Sum: 88]
      [Scan RS (ms): Min: 0.0, Avg: 0.0, Max: 0.1, Diff: 0.1, Sum: 0.2]
      [Code Root Scanning (ms): Min: 0.0, Avg: 0.0, Max: 0.0, Diff: 0.0, Sum: 0.0]
      [Object Copy (ms): Min: 2.0, Avg: 2.1, Max: 2.2, Diff: 0.2, Sum: 12.8]
      [Termination (ms): Min: 0.0, Avg: 0.0, Max: 0.0, Diff: 0.0, Sum: 0.0]
         [Termination Attempts: Min: 1, Avg: 14.5, Max: 28, Diff: 27, Sum: 87]
      [GC Worker Other (ms): Min: 0.0, Avg: 0.0, Max: 0.1, Diff: 0.1, Sum: 0.2]
      [GC Worker Total (ms): Min: 5.0, Avg: 5.6, Max: 5.8, Diff: 0.8, Sum: 33.4]
      [GC Worker End (ms): Min: 235477273.7, Avg: 235477273.7, Max: 235477273.8, Diff: 0.0]
   [Code Root Fixup: 0.0 ms]
   [Code Root Purge: 0.0 ms]
   [Clear CT: 0.7 ms]
   [Other: 12.0 ms]
      [Choose CSet: 0.0 ms]
      [Ref Proc: 11.7 ms]
      [Ref Enq: 0.1 ms]
      [Redirty Cards: 0.1 ms]
      [Humongous Register: 0.0 ms]
      [Humongous Reclaim: 0.0 ms]
      [Free CSet: 0.1 ms]
   [Eden: 7152.0M(7152.0M)->0.0B(7152.0M) Survivors: 16384.0K->16384.0K Heap: 10732.7M(14336.0M)->3584.8M(14336.0M)]
 [Times: user=0.05 sys=0.00, real=0.02 secs] 
2022-10-02T05:03:57.499-0600: 235652.579: [GC pause (G1 Evacuation Pause) (young) (initial-mark), 0.0278746 secs]
   [Parallel Time: 15.2 ms, GC Workers: 6]
      [GC Worker Start (ms): Min: 235652580.5, Avg: 235652581.4, Max: 235652583.1, Diff: 2.6]
      [Ext Root Scanning (ms): Min: 2.2, Avg: 6.1, Max: 9.4, Diff: 7.2, Sum: 36.8]
      [Update RS (ms): Min: 0.0, Avg: 1.1, Max: 2.2, Diff: 2.2, Sum: 6.6]
         [Processed Buffers: Min: 0, Avg: 10.2, Max: 31, Diff: 31, Sum: 61]
      [Scan RS (ms): Min: 0.0, Avg: 0.0, Max: 0.1, Diff: 0.1, Sum: 0.2]
      [Code Root Scanning (ms): Min: 0.0, Avg: 0.0, Max: 0.0, Diff: 0.0, Sum: 0.0]
      [Object Copy (ms): Min: 2.6, Avg: 4.5, Max: 7.1, Diff: 4.5, Sum: 26.7]
      [Termination (ms): Min: 0.0, Avg: 1.3, Max: 1.7, Diff: 1.7, Sum: 7.5]
         [Termination Attempts: Min: 1, Avg: 14.3, Max: 28, Diff: 27, Sum: 86]
      [GC Worker Other (ms): Min: 0.0, Avg: 0.0, Max: 0.0, Diff: 0.0, Sum: 0.1]
      [GC Worker Total (ms): Min: 11.3, Avg: 13.0, Max: 13.9, Diff: 2.6, Sum: 77.9]
      [GC Worker End (ms): Min: 235652594.4, Avg: 235652594.4, Max: 235652594.4, Diff: 0.0]
   [Code Root Fixup: 0.0 ms]
   [Code Root Purge: 0.0 ms]
   [Clear CT: 0.9 ms]
   [Other: 11.7 ms]
      [Choose CSet: 0.0 ms]
      [Ref Proc: 11.4 ms]
      [Ref Enq: 0.0 ms]
      [Redirty Cards: 0.0 ms]
      [Humongous Register: 0.0 ms]
      [Humongous Reclaim: 0.0 ms]
      [Free CSet: 0.1 ms]
   [Eden: 7152.0M(7152.0M)->0.0B(7152.0M) Survivors: 16384.0K->16384.0K Heap: 10736.8M(14336.0M)->3588.1M(14336.0M)]
 [Times: user=0.08 sys=0.00, real=0.03 secs] 
2022-10-02T05:03:57.527-0600: 235652.607: [GC concurrent-root-region-scan-start]
2022-10-02T05:03:57.536-0600: 235652.616: [GC concurrent-root-region-scan-end, 0.0086725 secs]
2022-10-02T05:03:57.536-0600: 235652.616: [GC concurrent-mark-start]
2022-10-02T05:03:58.859-0600: 235653.939: [GC concurrent-mark-end, 1.3229085 secs]
2022-10-02T05:03:58.859-0600: 235653.939: [GC remark 2022-10-02T05:03:58.859-0600: 235653.939: [Finalize Marking, 0.0020644 secs] 2022-10-02T05:03:58.861-0600: 235653.941: [GC ref-proc, 0.0242247 secs] 2022-10-02T05:03:58.885-0600: 235653.965: [Unloading, 0.0261995 secs], 0.0572858 secs]
 [Times: user=0.21 sys=0.00, real=0.06 secs] 
2022-10-02T05:03:58.916-0600: 235653.996: [GC cleanup 3668M->3668M(14336M), 0.0066523 secs]
 [Times: user=0.02 sys=0.00, real=0.00 secs] 
2022-10-02T05:06:53.437-0600: 235828.517: [GC pause (G1 Evacuation Pause) (young), 0.0150075 secs]
   [Parallel Time: 6.7 ms, GC Workers: 6]
      [GC Worker Start (ms): Min: 235828516.6, Avg: 235828516.7, Max: 235828516.7, Diff: 0.1]
      [Ext Root Scanning (ms): Min: 1.0, Avg: 2.5, Max: 4.1, Diff: 3.1, Sum: 14.8]
      [Update RS (ms): Min: 0.0, Avg: 1.1, Max: 2.1, Diff: 2.1, Sum: 6.3]
         [Processed Buffers: Min: 0, Avg: 11.2, Max: 23, Diff: 23, Sum: 67]
      [Scan RS (ms): Min: 0.0, Avg: 0.0, Max: 0.1, Diff: 0.1, Sum: 0.3]
      [Code Root Scanning (ms): Min: 0.0, Avg: 0.0, Max: 0.0, Diff: 0.0, Sum: 0.0]
      [Object Copy (ms): Min: 2.5, Avg: 3.0, Max: 3.4, Diff: 0.9, Sum: 18.2]
      [Termination (ms): Min: 0.0, Avg: 0.0, Max: 0.0, Diff: 0.0, Sum: 0.0]
         [Termination Attempts: Min: 1, Avg: 1.2, Max: 2, Diff: 1, Sum: 7]
      [GC Worker Other (ms): Min: 0.0, Avg: 0.0, Max: 0.0, Diff: 0.0, Sum: 0.1]
      [GC Worker Total (ms): Min: 6.6, Avg: 6.6, Max: 6.7, Diff: 0.1, Sum: 39.7]
      [GC Worker End (ms): Min: 235828523.3, Avg: 235828523.3, Max: 235828523.3, Diff: 0.0]
   [Code Root Fixup: 0.0 ms]
   [Code Root Purge: 0.0 ms]
   [Clear CT: 0.7 ms]
   [Other: 7.6 ms]
      [Choose CSet: 0.0 ms]
      [Ref Proc: 7.2 ms]
      [Ref Enq: 0.1 ms]
      [Redirty Cards: 0.1 ms]
      [Humongous Register: 0.0 ms]
      [Humongous Reclaim: 0.0 ms]
      [Free CSet: 0.1 ms]
   [Eden: 7152.0M(7152.0M)->0.0B(5712.0M) Survivors: 16384.0K->16384.0K Heap: 10740.1M(14336.0M)->3591.6M(14336.0M)]
 [Times: user=0.05 sys=0.00, real=0.01 secs] 
2022-10-02T05:09:12.501-0600: 235967.580: [GC pause (G1 Evacuation Pause) (mixed), 0.0225653 secs]
   [Parallel Time: 8.0 ms, GC Workers: 6]
      [GC Worker Start (ms): Min: 235967580.5, Avg: 235967581.9, Max: 235967588.3, Diff: 7.8]
      [Ext Root Scanning (ms): Min: 0.0, Avg: 1.3, Max: 3.7, Diff: 3.6, Sum: 7.7]
      [Update RS (ms): Min: 0.0, Avg: 1.4, Max: 2.1, Diff: 2.1, Sum: 8.2]
         [Processed Buffers: Min: 0, Avg: 11.7, Max: 27, Diff: 27, Sum: 70]
      [Scan RS (ms): Min: 0.0, Avg: 0.2, Max: 0.4, Diff: 0.4, Sum: 1.5]
      [Code Root Scanning (ms): Min: 0.0, Avg: 0.0, Max: 0.0, Diff: 0.0, Sum: 0.0]
      [Object Copy (ms): Min: 0.0, Avg: 3.0, Max: 3.7, Diff: 3.7, Sum: 18.1]
      [Termination (ms): Min: 0.0, Avg: 0.5, Max: 0.7, Diff: 0.7, Sum: 3.2]
         [Termination Attempts: Min: 1, Avg: 1.0, Max: 1, Diff: 0, Sum: 6]
      [GC Worker Other (ms): Min: 0.0, Avg: 0.0, Max: 0.0, Diff: 0.0, Sum: 0.1]
      [GC Worker Total (ms): Min: 0.0, Avg: 6.5, Max: 7.9, Diff: 7.8, Sum: 38.7]
      [GC Worker End (ms): Min: 235967588.3, Avg: 235967588.3, Max: 235967588.4, Diff: 0.1]
   [Code Root Fixup: 0.0 ms]
   [Code Root Purge: 0.0 ms]
   [Clear CT: 0.5 ms]
   [Other: 14.1 ms]
      [Choose CSet: 0.0 ms]
      [Ref Proc: 13.7 ms]
      [Ref Enq: 0.1 ms]
      [Redirty Cards: 0.1 ms]
      [Humongous Register: 0.0 ms]
      [Humongous Reclaim: 0.0 ms]
      [Free CSet: 0.1 ms]
   [Eden: 5712.0M(5712.0M)->0.0B(7152.0M) Survivors: 16384.0K->16384.0K Heap: 9303.6M(14336.0M)->3585.0M(14336.0M)]
 [Times: user=0.09 sys=0.00, real=0.02 secs] 
2022-10-02T05:12:07.499-0600: 236142.579: [GC pause (G1 Evacuation Pause) (young), 0.0208506 secs]
   [Parallel Time: 8.0 ms, GC Workers: 6]
      [GC Worker Start (ms): Min: 236142579.0, Avg: 236142579.5, Max: 236142580.7, Diff: 1.7]
      [Ext Root Scanning (ms): Min: 0.2, Avg: 2.2, Max: 5.5, Diff: 5.3, Sum: 13.1]
      [Update RS (ms): Min: 0.0, Avg: 2.0, Max: 2.6, Diff: 2.6, Sum: 11.9]
         [Processed Buffers: Min: 0, Avg: 14.0, Max: 29, Diff: 29, Sum: 84]
      [Scan RS (ms): Min: 0.0, Avg: 0.0, Max: 0.1, Diff: 0.1, Sum: 0.2]
      [Code Root Scanning (ms): Min: 0.0, Avg: 0.0, Max: 0.0, Diff: 0.0, Sum: 0.0]
      [Object Copy (ms): Min: 2.3, Avg: 3.3, Max: 3.7, Diff: 1.4, Sum: 19.8]
      [Termination (ms): Min: 0.0, Avg: 0.0, Max: 0.0, Diff: 0.0, Sum: 0.2]
         [Termination Attempts: Min: 18, Avg: 24.7, Max: 30, Diff: 12, Sum: 148]
      [GC Worker Other (ms): Min: 0.0, Avg: 0.0, Max: 0.0, Diff: 0.0, Sum: 0.1]
      [GC Worker Total (ms): Min: 6.3, Avg: 7.6, Max: 8.0, Diff: 1.7, Sum: 45.3]
      [GC Worker End (ms): Min: 236142587.0, Avg: 236142587.0, Max: 236142587.0, Diff: 0.0]
   [Code Root Fixup: 0.0 ms]
   [Code Root Purge: 0.0 ms]
   [Clear CT: 0.8 ms]
   [Other: 12.1 ms]
      [Choose CSet: 0.0 ms]
      [Ref Proc: 11.7 ms]
      [Ref Enq: 0.1 ms]
      [Redirty Cards: 0.1 ms]
      [Humongous Register: 0.0 ms]
      [Humongous Reclaim: 0.0 ms]
      [Free CSet: 0.1 ms]
   [Eden: 7152.0M(7152.0M)->0.0B(7152.0M) Survivors: 16384.0K->16384.0K Heap: 10737.0M(14336.0M)->3591.7M(14336.0M)]
 [Times: user=0.08 sys=0.00, real=0.02 secs] 
2022-10-02T05:15:06.938-0600: 236322.017: [GC pause (G1 Evacuation Pause) (young) (initial-mark), 0.0317791 secs]
   [Parallel Time: 15.9 ms, GC Workers: 6]
      [GC Worker Start (ms): Min: 236322018.7, Avg: 236322021.2, Max: 236322022.4, Diff: 3.7]
      [Ext Root Scanning (ms): Min: 2.0, Avg: 5.4, Max: 11.3, Diff: 9.2, Sum: 32.6]
      [Update RS (ms): Min: 0.0, Avg: 2.2, Max: 4.4, Diff: 4.4, Sum: 13.1]
         [Processed Buffers: Min: 0, Avg: 13.2, Max: 27, Diff: 27, Sum: 79]
      [Scan RS (ms): Min: 0.0, Avg: 0.0, Max: 0.1, Diff: 0.1, Sum: 0.2]
      [Code Root Scanning (ms): Min: 0.0, Avg: 0.0, Max: 0.0, Diff: 0.0, Sum: 0.0]
      [Object Copy (ms): Min: 3.3, Avg: 4.5, Max: 5.3, Diff: 2.1, Sum: 26.7]
      [Termination (ms): Min: 0.0, Avg: 0.0, Max: 0.0, Diff: 0.0, Sum: 0.2]
         [Termination Attempts: Min: 1, Avg: 56.2, Max: 89, Diff: 88, Sum: 337]
      [GC Worker Other (ms): Min: 0.0, Avg: 0.0, Max: 0.0, Diff: 0.0, Sum: 0.1]
      [GC Worker Total (ms): Min: 11.0, Avg: 12.2, Max: 14.6, Diff: 3.7, Sum: 73.0]
      [GC Worker End (ms): Min: 236322033.3, Avg: 236322033.3, Max: 236322033.3, Diff: 0.0]
   [Code Root Fixup: 0.0 ms]
   [Code Root Purge: 0.0 ms]
   [Clear CT: 0.9 ms]
   [Other: 15.0 ms]
      [Choose CSet: 0.0 ms]
      [Ref Proc: 14.6 ms]
      [Ref Enq: 0.1 ms]
      [Redirty Cards: 0.1 ms]
      [Humongous Register: 0.0 ms]
      [Humongous Reclaim: 0.0 ms]
      [Free CSet: 0.1 ms]
   [Eden: 7152.0M(7152.0M)->0.0B(7152.0M) Survivors: 16384.0K->16384.0K Heap: 10743.7M(14336.0M)->3597.6M(14336.0M)]
 [Times: user=0.08 sys=0.00, real=0.03 secs] 
2022-10-02T05:15:06.969-0600: 236322.049: [GC concurrent-root-region-scan-start]
2022-10-02T05:15:06.977-0600: 236322.056: [GC concurrent-root-region-scan-end, 0.0070888 secs]
2022-10-02T05:15:06.977-0600: 236322.056: [GC concurrent-mark-start]
2022-10-02T05:15:08.275-0600: 236323.354: [GC concurrent-mark-end, 1.2980022 secs]
2022-10-02T05:15:08.275-0600: 236323.355: [GC remark 2022-10-02T05:15:08.275-0600: 236323.355: [Finalize Marking, 0.0012764 secs] 2022-10-02T05:15:08.276-0600: 236323.356: [GC ref-proc, 0.0247322 secs] 2022-10-02T05:15:08.301-0600: 236323.381: [Unloading, 0.0277447 secs], 0.0596174 secs]
 [Times: user=0.21 sys=0.00, real=0.06 secs] 
2022-10-02T05:15:08.335-0600: 236323.414: [GC cleanup 3677M->3677M(14336M), 0.0089549 secs]
 [Times: user=0.03 sys=0.00, real=0.00 secs] 
2022-10-02T05:18:01.537-0600: 236496.617: [GC pause (G1 Evacuation Pause) (young), 0.0258763 secs]
   [Parallel Time: 11.8 ms, GC Workers: 6]
      [GC Worker Start (ms): Min: 236496617.3, Avg: 236496620.9, Max: 236496628.6, Diff: 11.3]
      [Ext Root Scanning (ms): Min: 0.0, Avg: 1.0, Max: 3.0, Diff: 3.0, Sum: 5.8]
      [Update RS (ms): Min: 0.0, Avg: 3.4, Max: 8.5, Diff: 8.5, Sum: 20.5]
         [Processed Buffers: Min: 0, Avg: 16.3, Max: 32, Diff: 32, Sum: 98]
      [Scan RS (ms): Min: 0.0, Avg: 0.0, Max: 0.1, Diff: 0.1, Sum: 0.2]
      [Code Root Scanning (ms): Min: 0.0, Avg: 0.0, Max: 0.0, Diff: 0.0, Sum: 0.0]
      [Object Copy (ms): Min: 0.0, Avg: 2.9, Max: 4.4, Diff: 4.4, Sum: 17.7]
      [Termination (ms): Min: 0.0, Avg: 0.7, Max: 1.0, Diff: 1.0, Sum: 4.3]
         [Termination Attempts: Min: 1, Avg: 8.2, Max: 21, Diff: 20, Sum: 49]
      [GC Worker Other (ms): Min: 0.0, Avg: 0.0, Max: 0.0, Diff: 0.0, Sum: 0.0]
      [GC Worker Total (ms): Min: 0.4, Avg: 8.1, Max: 11.7, Diff: 11.3, Sum: 48.6]
      [GC Worker End (ms): Min: 236496628.9, Avg: 236496629.0, Max: 236496629.0, Diff: 0.2]
   [Code Root Fixup: 0.0 ms]
   [Code Root Purge: 0.0 ms]
   [Clear CT: 0.8 ms]
   [Other: 13.3 ms]
      [Choose CSet: 0.0 ms]
      [Ref Proc: 13.0 ms]
      [Ref Enq: 0.1 ms]
      [Redirty Cards: 0.1 ms]
      [Humongous Register: 0.0 ms]
      [Humongous Reclaim: 0.0 ms]
      [Free CSet: 0.1 ms]
   [Eden: 7152.0M(7152.0M)->0.0B(5712.0M) Survivors: 16384.0K->16384.0K Heap: 10749.6M(14336.0M)->3602.5M(14336.0M)]
 [Times: user=0.09 sys=0.00, real=0.02 secs] 
2022-10-02T05:20:25.497-0600: 236640.577: [GC pause (G1 Evacuation Pause) (mixed), 0.0215137 secs]
   [Parallel Time: 8.9 ms, GC Workers: 6]
      [GC Worker Start (ms): Min: 236640577.1, Avg: 236640577.3, Max: 236640577.4, Diff: 0.3]
      [Ext Root Scanning (ms): Min: 0.9, Avg: 1.8, Max: 3.6, Diff: 2.7, Sum: 11.1]
      [Update RS (ms): Min: 0.2, Avg: 1.7, Max: 2.5, Diff: 2.4, Sum: 10.2]
         [Processed Buffers: Min: 1, Avg: 12.8, Max: 23, Diff: 22, Sum: 77]
      [Scan RS (ms): Min: 0.6, Avg: 0.6, Max: 0.7, Diff: 0.1, Sum: 3.8]
      [Code Root Scanning (ms): Min: 0.0, Avg: 0.0, Max: 0.0, Diff: 0.0, Sum: 0.0]
      [Object Copy (ms): Min: 4.3, Avg: 4.4, Max: 4.5, Diff: 0.2, Sum: 26.4]
      [Termination (ms): Min: 0.0, Avg: 0.0, Max: 0.0, Diff: 0.0, Sum: 0.1]
         [Termination Attempts: Min: 7, Avg: 9.5, Max: 14, Diff: 7, Sum: 57]
      [GC Worker Other (ms): Min: 0.0, Avg: 0.0, Max: 0.0, Diff: 0.0, Sum: 0.1]
      [GC Worker Total (ms): Min: 8.5, Avg: 8.6, Max: 8.8, Diff: 0.3, Sum: 51.7]
      [GC Worker End (ms): Min: 236640585.9, Avg: 236640585.9, Max: 236640585.9, Diff: 0.0]
   [Code Root Fixup: 0.0 ms]
   [Code Root Purge: 0.0 ms]
   [Clear CT: 0.6 ms]
   [Other: 12.0 ms]
      [Choose CSet: 0.0 ms]
      [Ref Proc: 11.6 ms]
      [Ref Enq: 0.1 ms]
      [Redirty Cards: 0.1 ms]
      [Humongous Register: 0.0 ms]
      [Humongous Reclaim: 0.0 ms]
      [Free CSet: 0.1 ms]
   [Eden: 5712.0M(5712.0M)->0.0B(7152.0M) Survivors: 16384.0K->16384.0K Heap: 9314.5M(14336.0M)->3586.0M(14336.0M)]
 [Times: user=0.08 sys=0.00, real=0.02 secs] 
2022-10-02T05:23:22.496-0600: 236817.576: [GC pause (G1 Evacuation Pause) (young), 0.0171726 secs]
   [Parallel Time: 8.1 ms, GC Workers: 6]
      [GC Worker Start (ms): Min: 236817576.0, Avg: 236817577.2, Max: 236817580.7, Diff: 4.7]
      [Ext Root Scanning (ms): Min: 0.0, Avg: 1.2, Max: 3.0, Diff: 3.0, Sum: 6.9]
      [Update RS (ms): Min: 1.0, Avg: 3.3, Max: 4.2, Diff: 3.2, Sum: 20.1]
         [Processed Buffers: Min: 7, Avg: 20.8, Max: 29, Diff: 22, Sum: 125]
      [Scan RS (ms): Min: 0.0, Avg: 0.0, Max: 0.1, Diff: 0.0, Sum: 0.2]
      [Code Root Scanning (ms): Min: 0.0, Avg: 0.0, Max: 0.0, Diff: 0.0, Sum: 0.0]
      [Object Copy (ms): Min: 2.3, Avg: 2.4, Max: 2.5, Diff: 0.2, Sum: 14.4]
      [Termination (ms): Min: 0.0, Avg: 0.0, Max: 0.0, Diff: 0.0, Sum: 0.0]
         [Termination Attempts: Min: 1, Avg: 13.7, Max: 19, Diff: 18, Sum: 82]
      [GC Worker Other (ms): Min: 0.0, Avg: 0.0, Max: 0.0, Diff: 0.0, Sum: 0.1]
      [GC Worker Total (ms): Min: 3.4, Avg: 7.0, Max: 8.1, Diff: 4.7, Sum: 41.8]
      [GC Worker End (ms): Min: 236817584.1, Avg: 236817584.1, Max: 236817584.1, Diff: 0.0]
   [Code Root Fixup: 0.0 ms]
   [Code Root Purge: 0.0 ms]
   [Clear CT: 0.6 ms]
   [Other: 8.5 ms]
      [Choose CSet: 0.0 ms]
      [Ref Proc: 8.1 ms]
      [Ref Enq: 0.1 ms]
      [Redirty Cards: 0.1 ms]
      [Humongous Register: 0.0 ms]
      [Humongous Reclaim: 0.0 ms]
      [Free CSet: 0.1 ms]
   [Eden: 7152.0M(7152.0M)->0.0B(7152.0M) Survivors: 16384.0K->16384.0K Heap: 10738.0M(14336.0M)->3599.8M(14336.0M)]
 [Times: user=0.07 sys=0.00, real=0.02 secs] 
2022-10-02T05:26:21.039-0600: 236996.119: [GC pause (G1 Evacuation Pause) (young) (initial-mark), 0.0330571 secs]
   [Parallel Time: 13.6 ms, GC Workers: 6]
      [GC Worker Start (ms): Min: 236996120.5, Avg: 236996121.0, Max: 236996122.7, Diff: 2.2]
      [Ext Root Scanning (ms): Min: 4.2, Avg: 6.5, Max: 11.5, Diff: 7.3, Sum: 39.2]
      [Update RS (ms): Min: 0.0, Avg: 1.4, Max: 2.4, Diff: 2.4, Sum: 8.4]
         [Processed Buffers: Min: 0, Avg: 9.8, Max: 19, Diff: 19, Sum: 59]
      [Scan RS (ms): Min: 0.0, Avg: 0.0, Max: 0.1, Diff: 0.1, Sum: 0.3]
      [Code Root Scanning (ms): Min: 0.0, Avg: 0.0, Max: 0.0, Diff: 0.0, Sum: 0.0]
      [Object Copy (ms): Min: 0.0, Avg: 2.2, Max: 3.4, Diff: 3.4, Sum: 13.3]
      [Termination (ms): Min: 0.0, Avg: 1.3, Max: 2.0, Diff: 2.0, Sum: 8.0]
         [Termination Attempts: Min: 1, Avg: 1.0, Max: 1, Diff: 0, Sum: 6]
      [GC Worker Other (ms): Min: 0.0, Avg: 0.0, Max: 0.0, Diff: 0.0, Sum: 0.1]
      [GC Worker Total (ms): Min: 9.8, Avg: 11.6, Max: 12.1, Diff: 2.3, Sum: 69.4]
      [GC Worker End (ms): Min: 236996132.5, Avg: 236996132.5, Max: 236996132.6, Diff: 0.1]
   [Code Root Fixup: 0.0 ms]
   [Code Root Purge: 0.0 ms]
   [Clear CT: 0.9 ms]
   [Other: 18.6 ms]
      [Choose CSet: 0.0 ms]
      [Ref Proc: 18.2 ms]
      [Ref Enq: 0.1 ms]
      [Redirty Cards: 0.1 ms]
      [Humongous Register: 0.0 ms]
      [Humongous Reclaim: 0.0 ms]
      [Free CSet: 0.1 ms]
   [Eden: 7152.0M(7152.0M)->0.0B(7152.0M) Survivors: 16384.0K->16384.0K Heap: 10751.8M(14336.0M)->3603.3M(14336.0M)]
 [Times: user=0.10 sys=0.00, real=0.03 secs] 
2022-10-02T05:26:21.072-0600: 236996.152: [GC concurrent-root-region-scan-start]
2022-10-02T05:26:21.079-0600: 236996.159: [GC concurrent-root-region-scan-end, 0.0070753 secs]
2022-10-02T05:26:21.079-0600: 236996.159: [GC concurrent-mark-start]
2022-10-02T05:26:22.376-0600: 236997.456: [GC concurrent-mark-end, 1.2964286 secs]
2022-10-02T05:26:22.376-0600: 236997.456: [GC remark 2022-10-02T05:26:22.376-0600: 236997.456: [Finalize Marking, 0.0019539 secs] 2022-10-02T05:26:22.378-0600: 236997.458: [GC ref-proc, 0.0213885 secs] 2022-10-02T05:26:22.399-0600: 236997.479: [Unloading, 0.0281478 secs], 0.0565648 secs]
 [Times: user=0.21 sys=0.00, real=0.05 secs] 
2022-10-02T05:26:22.433-0600: 236997.513: [GC cleanup 3683M->3683M(14336M), 0.0079388 secs]
 [Times: user=0.02 sys=0.00, real=0.01 secs] 
2022-10-02T05:29:09.363-0600: 237164.443: [GC pause (G1 Evacuation Pause) (young), 0.0191860 secs]
   [Parallel Time: 6.9 ms, GC Workers: 6]
      [GC Worker Start (ms): Min: 237164443.1, Avg: 237164444.9, Max: 237164449.8, Diff: 6.7]
      [Ext Root Scanning (ms): Min: 0.0, Avg: 1.1, Max: 3.2, Diff: 3.2, Sum: 6.7]
      [Update RS (ms): Min: 0.0, Avg: 1.1, Max: 1.6, Diff: 1.6, Sum: 6.6]
         [Processed Buffers: Min: 0, Avg: 10.7, Max: 23, Diff: 23, Sum: 64]
      [Scan RS (ms): Min: 0.0, Avg: 0.0, Max: 0.1, Diff: 0.1, Sum: 0.2]
      [Code Root Scanning (ms): Min: 0.0, Avg: 0.0, Max: 0.0, Diff: 0.0, Sum: 0.0]
      [Object Copy (ms): Min: 0.0, Avg: 2.2, Max: 2.7, Diff: 2.7, Sum: 13.3]
      [Termination (ms): Min: 0.0, Avg: 0.5, Max: 0.6, Diff: 0.6, Sum: 3.2]
         [Termination Attempts: Min: 1, Avg: 9.5, Max: 17, Diff: 16, Sum: 57]
      [GC Worker Other (ms): Min: 0.0, Avg: 0.0, Max: 0.0, Diff: 0.0, Sum: 0.0]
      [GC Worker Total (ms): Min: 0.0, Avg: 5.0, Max: 6.8, Diff: 6.7, Sum: 30.0]
      [GC Worker End (ms): Min: 237164449.9, Avg: 237164449.9, Max: 237164449.9, Diff: 0.0]
   [Code Root Fixup: 0.0 ms]
   [Code Root Purge: 0.0 ms]
   [Clear CT: 0.8 ms]
   [Other: 11.6 ms]
      [Choose CSet: 0.0 ms]
      [Ref Proc: 11.2 ms]
      [Ref Enq: 0.1 ms]
      [Redirty Cards: 0.1 ms]
      [Humongous Register: 0.0 ms]
      [Humongous Reclaim: 0.0 ms]
      [Free CSet: 0.1 ms]
   [Eden: 7152.0M(7152.0M)->0.0B(5712.0M) Survivors: 16384.0K->16384.0K Heap: 10755.3M(14336.0M)->3604.0M(14336.0M)]
 [Times: user=0.07 sys=0.00, real=0.02 secs] 
2022-10-02T05:31:27.238-0600: 237302.318: [GC pause (G1 Evacuation Pause) (mixed), 0.0279379 secs]
   [Parallel Time: 9.7 ms, GC Workers: 6]
      [GC Worker Start (ms): Min: 237302317.8, Avg: 237302318.5, Max: 237302320.7, Diff: 2.9]
      [Ext Root Scanning (ms): Min: 0.0, Avg: 1.4, Max: 3.2, Diff: 3.2, Sum: 8.6]
      [Update RS (ms): Min: 0.0, Avg: 0.9, Max: 2.1, Diff: 2.1, Sum: 5.5]
         [Processed Buffers: Min: 0, Avg: 9.7, Max: 21, Diff: 21, Sum: 58]
      [Scan RS (ms): Min: 0.0, Avg: 0.5, Max: 0.8, Diff: 0.8, Sum: 2.9]
      [Code Root Scanning (ms): Min: 0.0, Avg: 0.0, Max: 0.0, Diff: 0.0, Sum: 0.0]
      [Object Copy (ms): Min: 4.5, Avg: 5.6, Max: 7.9, Diff: 3.4, Sum: 33.4]
      [Termination (ms): Min: 0.0, Avg: 0.5, Max: 0.6, Diff: 0.6, Sum: 3.1]
         [Termination Attempts: Min: 1, Avg: 6.3, Max: 14, Diff: 13, Sum: 38]
      [GC Worker Other (ms): Min: 0.0, Avg: 0.0, Max: 0.0, Diff: 0.0, Sum: 0.0]
      [GC Worker Total (ms): Min: 6.7, Avg: 8.9, Max: 9.6, Diff: 2.9, Sum: 53.6]
      [GC Worker End (ms): Min: 237302327.4, Avg: 237302327.4, Max: 237302327.4, Diff: 0.0]
   [Code Root Fixup: 0.0 ms]
   [Code Root Purge: 0.0 ms]
   [Clear CT: 0.9 ms]
   [Other: 17.3 ms]
      [Choose CSet: 0.0 ms]
      [Ref Proc: 17.0 ms]
      [Ref Enq: 0.1 ms]
      [Redirty Cards: 0.1 ms]
      [Humongous Register: 0.0 ms]
      [Humongous Reclaim: 0.0 ms]
      [Free CSet: 0.1 ms]
   [Eden: 5712.0M(5712.0M)->0.0B(7152.0M) Survivors: 16384.0K->16384.0K Heap: 9316.0M(14336.0M)->3569.6M(14336.0M)]
 [Times: user=0.09 sys=0.00, real=0.03 secs] 
2022-10-02T05:34:19.886-0600: 237474.966: [GC pause (G1 Evacuation Pause) (young), 0.0242409 secs]
   [Parallel Time: 10.3 ms, GC Workers: 6]
      [GC Worker Start (ms): Min: 237474966.2, Avg: 237474966.9, Max: 237474967.1, Diff: 0.9]
      [Ext Root Scanning (ms): Min: 1.1, Avg: 2.4, Max: 3.7, Diff: 2.6, Sum: 14.3]
      [Update RS (ms): Min: 2.5, Avg: 4.5, Max: 7.9, Diff: 5.4, Sum: 26.8]
         [Processed Buffers: Min: 11, Avg: 21.5, Max: 29, Diff: 18, Sum: 129]
      [Scan RS (ms): Min: 0.0, Avg: 0.0, Max: 0.1, Diff: 0.1, Sum: 0.2]
      [Code Root Scanning (ms): Min: 0.0, Avg: 0.0, Max: 0.0, Diff: 0.0, Sum: 0.0]
      [Object Copy (ms): Min: 0.2, Avg: 2.0, Max: 2.5, Diff: 2.3, Sum: 11.8]
      [Termination (ms): Min: 0.0, Avg: 0.6, Max: 0.8, Diff: 0.8, Sum: 3.8]
         [Termination Attempts: Min: 1, Avg: 13.3, Max: 22, Diff: 21, Sum: 80]
      [GC Worker Other (ms): Min: 0.0, Avg: 0.0, Max: 0.0, Diff: 0.0, Sum: 0.0]
      [GC Worker Total (ms): Min: 9.3, Avg: 9.5, Max: 10.2, Diff: 0.9, Sum: 57.1]
      [GC Worker End (ms): Min: 237474976.4, Avg: 237474976.4, Max: 237474976.5, Diff: 0.1]
   [Code Root Fixup: 0.0 ms]
   [Code Root Purge: 0.0 ms]
   [Clear CT: 0.8 ms]
   [Other: 13.1 ms]
      [Choose CSet: 0.0 ms]
      [Ref Proc: 12.7 ms]
      [Ref Enq: 0.1 ms]
      [Redirty Cards: 0.1 ms]
      [Humongous Register: 0.0 ms]
      [Humongous Reclaim: 0.0 ms]
      [Free CSet: 0.2 ms]
   [Eden: 7152.0M(7152.0M)->0.0B(7152.0M) Survivors: 16384.0K->16384.0K Heap: 10721.6M(14336.0M)->3582.4M(14336.0M)]
 [Times: user=0.08 sys=0.00, real=0.02 secs] 
2022-10-02T05:37:13.496-0600: 237648.576: [GC pause (G1 Evacuation Pause) (young) (initial-mark), 0.0314943 secs]
   [Parallel Time: 16.9 ms, GC Workers: 6]
      [GC Worker Start (ms): Min: 237648577.2, Avg: 237648580.7, Max: 237648581.8, Diff: 4.6]
      [Ext Root Scanning (ms): Min: 1.3, Avg: 6.1, Max: 10.6, Diff: 9.3, Sum: 36.8]
      [Update RS (ms): Min: 0.0, Avg: 1.6, Max: 5.3, Diff: 5.3, Sum: 9.6]
         [Processed Buffers: Min: 0, Avg: 10.3, Max: 23, Diff: 23, Sum: 62]
      [Scan RS (ms): Min: 0.0, Avg: 0.0, Max: 0.1, Diff: 0.1, Sum: 0.2]
      [Code Root Scanning (ms): Min: 0.0, Avg: 0.0, Max: 0.0, Diff: 0.0, Sum: 0.0]
      [Object Copy (ms): Min: 0.0, Avg: 1.7, Max: 3.3, Diff: 3.3, Sum: 10.4]
      [Termination (ms): Min: 0.0, Avg: 2.3, Max: 3.1, Diff: 3.1, Sum: 13.8]
         [Termination Attempts: Min: 1, Avg: 11.0, Max: 18, Diff: 17, Sum: 66]
      [GC Worker Other (ms): Min: 0.0, Avg: 0.0, Max: 0.0, Diff: 0.0, Sum: 0.0]
      [GC Worker Total (ms): Min: 10.6, Avg: 11.8, Max: 15.4, Diff: 4.8, Sum: 70.8]
      [GC Worker End (ms): Min: 237648592.4, Avg: 237648592.5, Max: 237648592.5, Diff: 0.1]
   [Code Root Fixup: 0.0 ms]
   [Code Root Purge: 0.0 ms]
   [Clear CT: 0.5 ms]
   [Other: 14.1 ms]
      [Choose CSet: 0.0 ms]
      [Ref Proc: 13.7 ms]
      [Ref Enq: 0.1 ms]
      [Redirty Cards: 0.1 ms]
      [Humongous Register: 0.0 ms]
      [Humongous Reclaim: 0.0 ms]
      [Free CSet: 0.1 ms]
   [Eden: 7152.0M(7152.0M)->0.0B(7152.0M) Survivors: 16384.0K->16384.0K Heap: 10734.4M(14336.0M)->3583.3M(14336.0M)]
 [Times: user=0.08 sys=0.00, real=0.03 secs] 
2022-10-02T05:37:13.528-0600: 237648.607: [GC concurrent-root-region-scan-start]
2022-10-02T05:37:13.534-0600: 237648.613: [GC concurrent-root-region-scan-end, 0.0060700 secs]
2022-10-02T05:37:13.534-0600: 237648.613: [GC concurrent-mark-start]
2022-10-02T05:37:14.816-0600: 237649.895: [GC concurrent-mark-end, 1.2819179 secs]
2022-10-02T05:37:14.816-0600: 237649.896: [GC remark 2022-10-02T05:37:14.816-0600: 237649.896: [Finalize Marking, 0.0012420 secs] 2022-10-02T05:37:14.817-0600: 237649.897: [GC ref-proc, 0.0199512 secs] 2022-10-02T05:37:14.837-0600: 237649.917: [Unloading, 0.0271160 secs], 0.0536116 secs]
 [Times: user=0.20 sys=0.00, real=0.05 secs] 
2022-10-02T05:37:14.870-0600: 237649.949: [GC cleanup 3663M->3663M(14336M), 0.0088437 secs]
 [Times: user=0.03 sys=0.00, real=0.01 secs] 
2022-10-02T05:40:05.337-0600: 237820.417: [GC pause (G1 Evacuation Pause) (young), 0.0223584 secs]
   [Parallel Time: 6.9 ms, GC Workers: 6]
      [GC Worker Start (ms): Min: 237820417.4, Avg: 237820419.6, Max: 237820424.1, Diff: 6.8]
      [Ext Root Scanning (ms): Min: 0.0, Avg: 1.1, Max: 3.2, Diff: 3.2, Sum: 6.6]
      [Update RS (ms): Min: 0.0, Avg: 0.9, Max: 1.8, Diff: 1.8, Sum: 5.3]
         [Processed Buffers: Min: 0, Avg: 10.0, Max: 26, Diff: 26, Sum: 60]
      [Scan RS (ms): Min: 0.0, Avg: 0.0, Max: 0.1, Diff: 0.1, Sum: 0.2]
      [Code Root Scanning (ms): Min: 0.0, Avg: 0.0, Max: 0.0, Diff: 0.0, Sum: 0.0]
      [Object Copy (ms): Min: 0.0, Avg: 1.6, Max: 2.5, Diff: 2.5, Sum: 9.7]
      [Termination (ms): Min: 0.0, Avg: 0.9, Max: 1.2, Diff: 1.2, Sum: 5.5]
         [Termination Attempts: Min: 1, Avg: 9.2, Max: 23, Diff: 22, Sum: 55]
      [GC Worker Other (ms): Min: 0.0, Avg: 0.0, Max: 0.0, Diff: 0.0, Sum: 0.0]
      [GC Worker Total (ms): Min: 0.0, Avg: 4.6, Max: 6.8, Diff: 6.8, Sum: 27.4]
      [GC Worker End (ms): Min: 237820424.2, Avg: 237820424.2, Max: 237820424.2, Diff: 0.0]
   [Code Root Fixup: 0.0 ms]
   [Code Root Purge: 0.0 ms]
   [Clear CT: 0.9 ms]
   [Other: 14.5 ms]
      [Choose CSet: 0.0 ms]
      [Ref Proc: 14.2 ms]
      [Ref Enq: 0.1 ms]
      [Redirty Cards: 0.1 ms]
      [Humongous Register: 0.0 ms]
      [Humongous Reclaim: 0.0 ms]
      [Free CSet: 0.1 ms]
   [Eden: 7152.0M(7152.0M)->0.0B(5712.0M) Survivors: 16384.0K->16384.0K Heap: 10735.3M(14336.0M)->3584.8M(14336.0M)]
 [Times: user=0.08 sys=0.00, real=0.02 secs] 
2022-10-02T05:42:22.796-0600: 237957.876: [GC pause (G1 Evacuation Pause) (mixed), 0.0182903 secs]
   [Parallel Time: 7.9 ms, GC Workers: 6]
      [GC Worker Start (ms): Min: 237957875.7, Avg: 237957875.8, Max: 237957875.9, Diff: 0.1]
      [Ext Root Scanning (ms): Min: 1.2, Avg: 2.4, Max: 4.9, Diff: 3.7, Sum: 14.1]
      [Update RS (ms): Min: 0.0, Avg: 0.9, Max: 1.4, Diff: 1.4, Sum: 5.5]
         [Processed Buffers: Min: 0, Avg: 9.7, Max: 20, Diff: 20, Sum: 58]
      [Scan RS (ms): Min: 0.0, Avg: 0.5, Max: 0.8, Diff: 0.8, Sum: 3.2]
      [Code Root Scanning (ms): Min: 0.0, Avg: 0.0, Max: 0.0, Diff: 0.0, Sum: 0.0]
      [Object Copy (ms): Min: 2.8, Avg: 3.9, Max: 4.3, Diff: 1.5, Sum: 23.5]
      [Termination (ms): Min: 0.0, Avg: 0.0, Max: 0.0, Diff: 0.0, Sum: 0.0]
         [Termination Attempts: Min: 1, Avg: 1.7, Max: 3, Diff: 2, Sum: 10]
      [GC Worker Other (ms): Min: 0.0, Avg: 0.0, Max: 0.0, Diff: 0.0, Sum: 0.1]
      [GC Worker Total (ms): Min: 7.7, Avg: 7.7, Max: 7.8, Diff: 0.1, Sum: 46.4]
      [GC Worker End (ms): Min: 237957883.5, Avg: 237957883.5, Max: 237957883.6, Diff: 0.0]
   [Code Root Fixup: 0.0 ms]
   [Code Root Purge: 0.0 ms]
   [Clear CT: 1.0 ms]
   [Other: 9.4 ms]
      [Choose CSet: 0.0 ms]
      [Ref Proc: 9.0 ms]
      [Ref Enq: 0.1 ms]
      [Redirty Cards: 0.1 ms]
      [Humongous Register: 0.0 ms]
      [Humongous Reclaim: 0.0 ms]
      [Free CSet: 0.1 ms]
   [Eden: 5712.0M(5712.0M)->0.0B(7152.0M) Survivors: 16384.0K->16384.0K Heap: 9296.8M(14336.0M)->3570.9M(14336.0M)]
 [Times: user=0.07 sys=0.00, real=0.02 secs] 
2022-10-02T05:45:13.499-0600: 238128.579: [GC pause (G1 Evacuation Pause) (young), 0.0194996 secs]
   [Parallel Time: 7.9 ms, GC Workers: 6]
      [GC Worker Start (ms): Min: 238128579.0, Avg: 238128579.6, Max: 238128580.7, Diff: 1.8]
      [Ext Root Scanning (ms): Min: 0.0, Avg: 1.1, Max: 3.3, Diff: 3.3, Sum: 6.6]
      [Update RS (ms): Min: 1.9, Avg: 3.4, Max: 3.9, Diff: 1.9, Sum: 20.5]
         [Processed Buffers: Min: 15, Avg: 21.3, Max: 30, Diff: 15, Sum: 128]
      [Scan RS (ms): Min: 0.0, Avg: 0.0, Max: 0.1, Diff: 0.0, Sum: 0.2]
      [Code Root Scanning (ms): Min: 0.0, Avg: 0.0, Max: 0.0, Diff: 0.0, Sum: 0.0]
      [Object Copy (ms): Min: 2.5, Avg: 2.7, Max: 2.8, Diff: 0.3, Sum: 15.9]
      [Termination (ms): Min: 0.0, Avg: 0.0, Max: 0.0, Diff: 0.0, Sum: 0.0]
         [Termination Attempts: Min: 1, Avg: 3.0, Max: 5, Diff: 4, Sum: 18]
      [GC Worker Other (ms): Min: 0.0, Avg: 0.0, Max: 0.0, Diff: 0.0, Sum: 0.2]
      [GC Worker Total (ms): Min: 6.1, Avg: 7.2, Max: 7.9, Diff: 1.8, Sum: 43.4]
      [GC Worker End (ms): Min: 238128586.8, Avg: 238128586.8, Max: 238128586.9, Diff: 0.0]
   [Code Root Fixup: 0.0 ms]
   [Code Root Purge: 0.0 ms]
   [Clear CT: 0.8 ms]
   [Other: 10.8 ms]
      [Choose CSet: 0.0 ms]
      [Ref Proc: 10.4 ms]
      [Ref Enq: 0.1 ms]
      [Redirty Cards: 0.1 ms]
      [Humongous Register: 0.0 ms]
      [Humongous Reclaim: 0.0 ms]
      [Free CSet: 0.1 ms]
   [Eden: 7152.0M(7152.0M)->0.0B(7152.0M) Survivors: 16384.0K->16384.0K Heap: 10722.9M(14336.0M)->3585.2M(14336.0M)]
 [Times: user=0.07 sys=0.00, real=0.02 secs] 
2022-10-02T05:48:09.686-0600: 238304.766: [GC pause (G1 Evacuation Pause) (young) (initial-mark), 0.0318332 secs]
   [Parallel Time: 14.5 ms, GC Workers: 6]
      [GC Worker Start (ms): Min: 238304767.5, Avg: 238304769.5, Max: 238304770.8, Diff: 3.3]
      [Ext Root Scanning (ms): Min: 2.2, Avg: 5.7, Max: 9.8, Diff: 7.7, Sum: 34.0]
      [Update RS (ms): Min: 0.0, Avg: 1.1, Max: 1.9, Diff: 1.9, Sum: 6.8]
         [Processed Buffers: Min: 0, Avg: 9.7, Max: 23, Diff: 23, Sum: 58]
      [Scan RS (ms): Min: 0.0, Avg: 0.0, Max: 0.1, Diff: 0.1, Sum: 0.2]
      [Code Root Scanning (ms): Min: 0.0, Avg: 0.0, Max: 0.0, Diff: 0.0, Sum: 0.0]
      [Object Copy (ms): Min: 0.0, Avg: 2.9, Max: 4.4, Diff: 4.4, Sum: 17.3]
      [Termination (ms): Min: 0.0, Avg: 1.4, Max: 1.7, Diff: 1.7, Sum: 8.5]
         [Termination Attempts: Min: 1, Avg: 8.3, Max: 14, Diff: 13, Sum: 50]
      [GC Worker Other (ms): Min: 0.0, Avg: 0.0, Max: 0.0, Diff: 0.0, Sum: 0.0]
      [GC Worker Total (ms): Min: 9.9, Avg: 11.2, Max: 13.2, Diff: 3.4, Sum: 66.9]
      [GC Worker End (ms): Min: 238304780.6, Avg: 238304780.7, Max: 238304780.7, Diff: 0.1]
   [Code Root Fixup: 0.0 ms]
   [Code Root Purge: 0.0 ms]
   [Clear CT: 0.9 ms]
   [Other: 16.4 ms]
      [Choose CSet: 0.0 ms]
      [Ref Proc: 16.0 ms]
      [Ref Enq: 0.1 ms]
      [Redirty Cards: 0.1 ms]
      [Humongous Register: 0.0 ms]
      [Humongous Reclaim: 0.0 ms]
      [Free CSet: 0.1 ms]
   [Eden: 7152.0M(7152.0M)->0.0B(7136.0M) Survivors: 16384.0K->32768.0K Heap: 10737.2M(14336.0M)->3596.0M(14336.0M)]
 [Times: user=0.10 sys=0.00, real=0.03 secs] 
2022-10-02T05:48:09.718-0600: 238304.798: [GC concurrent-root-region-scan-start]
2022-10-02T05:48:09.726-0600: 238304.805: [GC concurrent-root-region-scan-end, 0.0072717 secs]
2022-10-02T05:48:09.726-0600: 238304.805: [GC concurrent-mark-start]
2022-10-02T05:48:11.023-0600: 238306.103: [GC concurrent-mark-end, 1.2975782 secs]
2022-10-02T05:48:11.023-0600: 238306.103: [GC remark 2022-10-02T05:48:11.023-0600: 238306.103: [Finalize Marking, 0.0017388 secs] 2022-10-02T05:48:11.025-0600: 238306.105: [GC ref-proc, 0.0243395 secs] 2022-10-02T05:48:11.049-0600: 238306.129: [Unloading, 0.0293095 secs], 0.0611688 secs]
 [Times: user=0.20 sys=0.00, real=0.06 secs] 
2022-10-02T05:48:11.085-0600: 238306.165: [GC cleanup 3675M->3675M(14336M), 0.0093424 secs]
 [Times: user=0.01 sys=0.00, real=0.02 secs] 
2022-10-02T05:51:06.497-0600: 238481.577: [GC pause (G1 Evacuation Pause) (young), 0.0200179 secs]
   [Parallel Time: 6.6 ms, GC Workers: 6]
      [GC Worker Start (ms): Min: 238481577.4, Avg: 238481578.3, Max: 238481580.7, Diff: 3.3]
      [Ext Root Scanning (ms): Min: 0.0, Avg: 1.1, Max: 3.2, Diff: 3.2, Sum: 6.8]
      [Update RS (ms): Min: 0.5, Avg: 1.8, Max: 2.5, Diff: 2.0, Sum: 10.7]
         [Processed Buffers: Min: 4, Avg: 12.5, Max: 26, Diff: 22, Sum: 75]
      [Scan RS (ms): Min: 0.0, Avg: 0.0, Max: 0.1, Diff: 0.1, Sum: 0.2]
      [Code Root Scanning (ms): Min: 0.0, Avg: 0.0, Max: 0.0, Diff: 0.0, Sum: 0.0]
      [Object Copy (ms): Min: 2.4, Avg: 2.5, Max: 2.7, Diff: 0.3, Sum: 15.2]
      [Termination (ms): Min: 0.0, Avg: 0.1, Max: 0.2, Diff: 0.2, Sum: 0.6]
         [Termination Attempts: Min: 8, Avg: 21.3, Max: 34, Diff: 26, Sum: 128]
      [GC Worker Other (ms): Min: 0.0, Avg: 0.0, Max: 0.1, Diff: 0.0, Sum: 0.2]
      [GC Worker Total (ms): Min: 3.2, Avg: 5.6, Max: 6.5, Diff: 3.4, Sum: 33.7]
      [GC Worker End (ms): Min: 238481583.9, Avg: 238481583.9, Max: 238481584.0, Diff: 0.0]
   [Code Root Fixup: 0.0 ms]
   [Code Root Purge: 0.0 ms]
   [Clear CT: 0.7 ms]
   [Other: 12.7 ms]
      [Choose CSet: 0.0 ms]
      [Ref Proc: 12.3 ms]
      [Ref Enq: 0.1 ms]
      [Redirty Cards: 0.1 ms]
      [Humongous Register: 0.0 ms]
      [Humongous Reclaim: 0.0 ms]
      [Free CSet: 0.1 ms]
   [Eden: 7136.0M(7136.0M)->0.0B(5712.0M) Survivors: 32768.0K->16384.0K Heap: 10732.0M(14336.0M)->3593.4M(14336.0M)]
 [Times: user=0.07 sys=0.00, real=0.02 secs] 
2022-10-02T05:53:27.586-0600: 238622.666: [GC pause (G1 Evacuation Pause) (mixed), 0.0222270 secs]
   [Parallel Time: 9.3 ms, GC Workers: 6]
      [GC Worker Start (ms): Min: 238622666.0, Avg: 238622667.6, Max: 238622672.7, Diff: 6.7]
      [Ext Root Scanning (ms): Min: 0.0, Avg: 1.6, Max: 3.1, Diff: 3.1, Sum: 9.6]
      [Update RS (ms): Min: 0.0, Avg: 1.2, Max: 1.9, Diff: 1.9, Sum: 7.1]
         [Processed Buffers: Min: 0, Avg: 10.2, Max: 28, Diff: 28, Sum: 61]
      [Scan RS (ms): Min: 0.0, Avg: 0.5, Max: 0.7, Diff: 0.7, Sum: 3.2]
      [Code Root Scanning (ms): Min: 0.0, Avg: 0.0, Max: 0.0, Diff: 0.0, Sum: 0.0]
      [Object Copy (ms): Min: 2.4, Avg: 4.2, Max: 4.8, Diff: 2.4, Sum: 25.5]
      [Termination (ms): Min: 0.0, Avg: 0.0, Max: 0.0, Diff: 0.0, Sum: 0.1]
         [Termination Attempts: Min: 1, Avg: 29.8, Max: 47, Diff: 46, Sum: 179]
      [GC Worker Other (ms): Min: 0.0, Avg: 0.0, Max: 0.0, Diff: 0.0, Sum: 0.1]
      [GC Worker Total (ms): Min: 2.4, Avg: 7.6, Max: 9.2, Diff: 6.7, Sum: 45.5]
      [GC Worker End (ms): Min: 238622675.2, Avg: 238622675.2, Max: 238622675.2, Diff: 0.0]
   [Code Root Fixup: 0.0 ms]
   [Code Root Purge: 0.0 ms]
   [Clear CT: 0.8 ms]
   [Other: 12.1 ms]
      [Choose CSet: 0.0 ms]
      [Ref Proc: 11.7 ms]
      [Ref Enq: 0.1 ms]
      [Redirty Cards: 0.1 ms]
      [Humongous Register: 0.0 ms]
      [Humongous Reclaim: 0.0 ms]
      [Free CSet: 0.1 ms]
   [Eden: 5712.0M(5712.0M)->0.0B(7152.0M) Survivors: 16384.0K->16384.0K Heap: 9305.4M(14336.0M)->3574.9M(14336.0M)]
 [Times: user=0.07 sys=0.00, real=0.02 secs] 
2022-10-02T05:56:26.988-0600: 238802.068: [GC pause (G1 Evacuation Pause) (young), 0.0234750 secs]
   [Parallel Time: 9.7 ms, GC Workers: 6]
      [GC Worker Start (ms): Min: 238802068.0, Avg: 238802069.3, Max: 238802071.6, Diff: 3.6]
      [Ext Root Scanning (ms): Min: 0.0, Avg: 1.1, Max: 2.9, Diff: 2.9, Sum: 6.5]
      [Update RS (ms): Min: 2.8, Avg: 4.4, Max: 6.5, Diff: 3.7, Sum: 26.6]
         [Processed Buffers: Min: 3, Avg: 21.8, Max: 33, Diff: 30, Sum: 131]
      [Scan RS (ms): Min: 0.0, Avg: 0.0, Max: 0.1, Diff: 0.1, Sum: 0.2]
      [Code Root Scanning (ms): Min: 0.0, Avg: 0.0, Max: 0.0, Diff: 0.0, Sum: 0.0]
      [Object Copy (ms): Min: 0.0, Avg: 1.9, Max: 2.4, Diff: 2.4, Sum: 11.6]
      [Termination (ms): Min: 0.0, Avg: 0.6, Max: 0.9, Diff: 0.9, Sum: 3.9]
         [Termination Attempts: Min: 1, Avg: 18.8, Max: 38, Diff: 37, Sum: 113]
      [GC Worker Other (ms): Min: 0.0, Avg: 0.0, Max: 0.0, Diff: 0.0, Sum: 0.1]
      [GC Worker Total (ms): Min: 5.9, Avg: 8.2, Max: 9.4, Diff: 3.6, Sum: 48.9]
      [GC Worker End (ms): Min: 238802077.4, Avg: 238802077.4, Max: 238802077.6, Diff: 0.2]
   [Code Root Fixup: 0.0 ms]
   [Code Root Purge: 0.0 ms]
   [Clear CT: 0.7 ms]
   [Other: 13.0 ms]
      [Choose CSet: 0.0 ms]
      [Ref Proc: 12.7 ms]
      [Ref Enq: 0.1 ms]
      [Redirty Cards: 0.1 ms]
      [Humongous Register: 0.0 ms]
      [Humongous Reclaim: 0.0 ms]
      [Free CSet: 0.1 ms]
   [Eden: 7152.0M(7152.0M)->0.0B(7152.0M) Survivors: 16384.0K->16384.0K Heap: 10726.9M(14336.0M)->3588.0M(14336.0M)]
 [Times: user=0.08 sys=0.00, real=0.02 secs] 
2022-10-02T05:59:24.737-0600: 238979.816: [GC pause (G1 Evacuation Pause) (young) (initial-mark), 0.0268581 secs]
   [Parallel Time: 13.5 ms, GC Workers: 6]
      [GC Worker Start (ms): Min: 238979817.8, Avg: 238979819.9, Max: 238979821.1, Diff: 3.4]
      [Ext Root Scanning (ms): Min: 2.4, Avg: 5.0, Max: 11.9, Diff: 9.6, Sum: 30.0]
      [Update RS (ms): Min: 0.0, Avg: 1.0, Max: 1.6, Diff: 1.6, Sum: 5.9]
         [Processed Buffers: Min: 0, Avg: 9.5, Max: 17, Diff: 17, Sum: 57]
      [Scan RS (ms): Min: 0.0, Avg: 0.0, Max: 0.1, Diff: 0.1, Sum: 0.2]
      [Code Root Scanning (ms): Min: 0.0, Avg: 0.0, Max: 0.0, Diff: 0.0, Sum: 0.0]
      [Object Copy (ms): Min: 0.2, Avg: 2.5, Max: 3.3, Diff: 3.1, Sum: 14.9]
      [Termination (ms): Min: 0.0, Avg: 1.4, Max: 1.8, Diff: 1.8, Sum: 8.7]
         [Termination Attempts: Min: 1, Avg: 1.2, Max: 2, Diff: 1, Sum: 7]
      [GC Worker Other (ms): Min: 0.0, Avg: 0.0, Max: 0.0, Diff: 0.0, Sum: 0.0]
      [GC Worker Total (ms): Min: 8.8, Avg: 10.0, Max: 12.1, Diff: 3.3, Sum: 59.8]
      [GC Worker End (ms): Min: 238979829.9, Avg: 238979829.9, Max: 238979829.9, Diff: 0.0]
   [Code Root Fixup: 0.0 ms]
   [Code Root Purge: 0.0 ms]
   [Clear CT: 0.7 ms]
   [Other: 12.6 ms]
      [Choose CSet: 0.0 ms]
      [Ref Proc: 12.2 ms]
      [Ref Enq: 0.1 ms]
      [Redirty Cards: 0.1 ms]
      [Humongous Register: 0.0 ms]
      [Humongous Reclaim: 0.0 ms]
      [Free CSet: 0.1 ms]
   [Eden: 7152.0M(7152.0M)->0.0B(7136.0M) Survivors: 16384.0K->32768.0K Heap: 10740.0M(14336.0M)->3597.6M(14336.0M)]
 [Times: user=0.09 sys=0.00, real=0.02 secs] 
2022-10-02T05:59:24.763-0600: 238979.843: [GC concurrent-root-region-scan-start]
2022-10-02T05:59:24.771-0600: 238979.851: [GC concurrent-root-region-scan-end, 0.0071829 secs]
2022-10-02T05:59:24.771-0600: 238979.851: [GC concurrent-mark-start]
2022-10-02T05:59:26.057-0600: 238981.137: [GC concurrent-mark-end, 1.2862111 secs]
2022-10-02T05:59:26.057-0600: 238981.137: [GC remark 2022-10-02T05:59:26.057-0600: 238981.137: [Finalize Marking, 0.0023958 secs] 2022-10-02T05:59:26.059-0600: 238981.139: [GC ref-proc, 0.0298729 secs] 2022-10-02T05:59:26.089-0600: 238981.169: [Unloading, 0.0284602 secs], 0.0652886 secs]
 [Times: user=0.24 sys=0.00, real=0.06 secs] 
2022-10-02T05:59:26.123-0600: 238981.202: [GC cleanup 3673M->3673M(14336M), 0.0071699 secs]
 [Times: user=0.02 sys=0.00, real=0.01 secs] 
2022-10-02T06:02:23.982-0600: 239159.062: [GC pause (G1 Evacuation Pause) (young), 0.0246264 secs]
   [Parallel Time: 10.1 ms, GC Workers: 6]
      [GC Worker Start (ms): Min: 239159062.2, Avg: 239159063.6, Max: 239159068.7, Diff: 6.5]
      [Ext Root Scanning (ms): Min: 0.0, Avg: 1.2, Max: 3.3, Diff: 3.3, Sum: 7.4]
      [Update RS (ms): Min: 0.0, Avg: 1.2, Max: 2.4, Diff: 2.4, Sum: 7.5]
         [Processed Buffers: Min: 0, Avg: 11.0, Max: 28, Diff: 28, Sum: 66]
      [Scan RS (ms): Min: 0.0, Avg: 0.0, Max: 0.1, Diff: 0.1, Sum: 0.2]
      [Code Root Scanning (ms): Min: 0.0, Avg: 0.0, Max: 0.0, Diff: 0.0, Sum: 0.0]
      [Object Copy (ms): Min: 0.7, Avg: 3.8, Max: 6.2, Diff: 5.6, Sum: 23.0]
      [Termination (ms): Min: 0.0, Avg: 2.3, Max: 2.9, Diff: 2.9, Sum: 13.7]
         [Termination Attempts: Min: 1, Avg: 6.0, Max: 14, Diff: 13, Sum: 36]
      [GC Worker Other (ms): Min: 0.0, Avg: 0.0, Max: 0.0, Diff: 0.0, Sum: 0.0]
      [GC Worker Total (ms): Min: 3.5, Avg: 8.6, Max: 10.0, Diff: 6.5, Sum: 51.8]
      [GC Worker End (ms): Min: 239159072.2, Avg: 239159072.2, Max: 239159072.3, Diff: 0.1]
   [Code Root Fixup: 0.0 ms]
   [Code Root Purge: 0.0 ms]
   [Clear CT: 0.7 ms]
   [Other: 13.8 ms]
      [Choose CSet: 0.0 ms]
      [Ref Proc: 13.5 ms]
      [Ref Enq: 0.0 ms]
      [Redirty Cards: 0.1 ms]
      [Humongous Register: 0.0 ms]
      [Humongous Reclaim: 0.0 ms]
      [Free CSet: 0.1 ms]
   [Eden: 7136.0M(7136.0M)->0.0B(5712.0M) Survivors: 32768.0K->16384.0K Heap: 10733.6M(14336.0M)->3595.9M(14336.0M)]
 [Times: user=0.07 sys=0.00, real=0.03 secs] 
2022-10-02T06:04:45.188-0600: 239300.267: [GC pause (G1 Evacuation Pause) (mixed), 0.0320992 secs]
   [Parallel Time: 18.6 ms, GC Workers: 6]
      [GC Worker Start (ms): Min: 239300267.5, Avg: 239300269.2, Max: 239300272.7, Diff: 5.3]
      [Ext Root Scanning (ms): Min: 0.0, Avg: 2.8, Max: 6.5, Diff: 6.5, Sum: 16.8]
      [Update RS (ms): Min: 0.0, Avg: 0.9, Max: 1.9, Diff: 1.9, Sum: 5.6]
         [Processed Buffers: Min: 0, Avg: 10.2, Max: 25, Diff: 25, Sum: 61]
      [Scan RS (ms): Min: 0.0, Avg: 1.6, Max: 4.5, Diff: 4.4, Sum: 9.4]
      [Code Root Scanning (ms): Min: 0.0, Avg: 0.0, Max: 0.1, Diff: 0.1, Sum: 0.1]
      [Object Copy (ms): Min: 8.9, Avg: 11.1, Max: 12.4, Diff: 3.5, Sum: 66.9]
      [Termination (ms): Min: 0.1, Avg: 0.1, Max: 0.2, Diff: 0.1, Sum: 0.9]
         [Termination Attempts: Min: 57, Avg: 129.8, Max: 150, Diff: 93, Sum: 779]
      [GC Worker Other (ms): Min: 0.0, Avg: 0.0, Max: 0.0, Diff: 0.0, Sum: 0.1]
      [GC Worker Total (ms): Min: 13.1, Avg: 16.6, Max: 18.3, Diff: 5.3, Sum: 99.7]
      [GC Worker End (ms): Min: 239300285.8, Avg: 239300285.8, Max: 239300285.8, Diff: 0.0]
   [Code Root Fixup: 0.0 ms]
   [Code Root Purge: 0.0 ms]
   [Clear CT: 0.9 ms]
   [Other: 12.5 ms]
      [Choose CSet: 0.0 ms]
      [Ref Proc: 12.1 ms]
      [Ref Enq: 0.1 ms]
      [Redirty Cards: 0.1 ms]
      [Humongous Register: 0.0 ms]
      [Humongous Reclaim: 0.0 ms]
      [Free CSet: 0.1 ms]
   [Eden: 5712.0M(5712.0M)->0.0B(7152.0M) Survivors: 16384.0K->16384.0K Heap: 9307.9M(14336.0M)->3582.2M(14336.0M)]
 [Times: user=0.12 sys=0.00, real=0.03 secs] 
2022-10-02T06:07:41.499-0600: 239476.579: [GC pause (G1 Evacuation Pause) (young), 0.0281086 secs]
   [Parallel Time: 11.8 ms, GC Workers: 6]
      [GC Worker Start (ms): Min: 239476579.2, Avg: 239476581.4, Max: 239476584.7, Diff: 5.5]
      [Ext Root Scanning (ms): Min: 0.0, Avg: 1.1, Max: 3.0, Diff: 3.0, Sum: 6.8]
      [Update RS (ms): Min: 3.1, Avg: 5.7, Max: 8.7, Diff: 5.6, Sum: 34.3]
         [Processed Buffers: Min: 15, Avg: 29.0, Max: 49, Diff: 34, Sum: 174]
      [Scan RS (ms): Min: 0.0, Avg: 0.1, Max: 0.2, Diff: 0.2, Sum: 0.5]
      [Code Root Scanning (ms): Min: 0.0, Avg: 0.0, Max: 0.0, Diff: 0.0, Sum: 0.0]
      [Object Copy (ms): Min: 0.0, Avg: 2.1, Max: 2.7, Diff: 2.7, Sum: 12.3]
      [Termination (ms): Min: 0.0, Avg: 0.6, Max: 0.8, Diff: 0.8, Sum: 3.6]
         [Termination Attempts: Min: 1, Avg: 2.3, Max: 5, Diff: 4, Sum: 14]
      [GC Worker Other (ms): Min: 0.0, Avg: 0.0, Max: 0.0, Diff: 0.0, Sum: 0.0]
      [GC Worker Total (ms): Min: 6.2, Avg: 9.6, Max: 11.7, Diff: 5.5, Sum: 57.5]
      [GC Worker End (ms): Min: 239476590.9, Avg: 239476590.9, Max: 239476591.0, Diff: 0.1]
   [Code Root Fixup: 0.0 ms]
   [Code Root Purge: 0.0 ms]
   [Clear CT: 0.9 ms]
   [Other: 15.3 ms]
      [Choose CSet: 0.0 ms]
      [Ref Proc: 15.0 ms]
      [Ref Enq: 0.0 ms]
      [Redirty Cards: 0.0 ms]
      [Humongous Register: 0.0 ms]
      [Humongous Reclaim: 0.0 ms]
      [Free CSet: 0.2 ms]
   [Eden: 7152.0M(7152.0M)->0.0B(7152.0M) Survivors: 16384.0K->16384.0K Heap: 10734.2M(14336.0M)->3606.5M(14336.0M)]
 [Times: user=0.09 sys=0.00, real=0.03 secs] 
2022-10-02T06:10:38.495-0600: 239653.575: [GC pause (G1 Evacuation Pause) (young) (initial-mark), 0.0421153 secs]
   [Parallel Time: 26.1 ms, GC Workers: 6]
      [GC Worker Start (ms): Min: 239653576.6, Avg: 239653579.4, Max: 239653580.7, Diff: 4.1]
      [Ext Root Scanning (ms): Min: 1.4, Avg: 11.3, Max: 17.6, Diff: 16.2, Sum: 68.1]
      [Update RS (ms): Min: 0.0, Avg: 1.0, Max: 4.9, Diff: 4.9, Sum: 6.2]
         [Processed Buffers: Min: 0, Avg: 10.2, Max: 42, Diff: 42, Sum: 61]
      [Scan RS (ms): Min: 0.0, Avg: 0.0, Max: 0.1, Diff: 0.1, Sum: 0.2]
      [Code Root Scanning (ms): Min: 0.0, Avg: 0.0, Max: 0.0, Diff: 0.0, Sum: 0.0]
      [Object Copy (ms): Min: 1.0, Avg: 5.1, Max: 14.0, Diff: 13.0, Sum: 30.5]
      [Termination (ms): Min: 0.5, Avg: 4.5, Max: 5.7, Diff: 5.2, Sum: 26.7]
         [Termination Attempts: Min: 2, Avg: 4.0, Max: 13, Diff: 11, Sum: 24]
      [GC Worker Other (ms): Min: 0.0, Avg: 0.0, Max: 0.0, Diff: 0.0, Sum: 0.1]
      [GC Worker Total (ms): Min: 20.6, Avg: 22.0, Max: 24.7, Diff: 4.1, Sum: 131.9]
      [GC Worker End (ms): Min: 239653601.3, Avg: 239653601.3, Max: 239653601.4, Diff: 0.0]
   [Code Root Fixup: 0.0 ms]
   [Code Root Purge: 0.0 ms]
   [Clear CT: 0.8 ms]
   [Other: 15.2 ms]
      [Choose CSet: 0.0 ms]
      [Ref Proc: 14.9 ms]
      [Ref Enq: 0.1 ms]
      [Redirty Cards: 0.1 ms]
      [Humongous Register: 0.0 ms]
      [Humongous Reclaim: 0.0 ms]
      [Free CSet: 0.1 ms]
   [Eden: 7152.0M(7152.0M)->0.0B(7152.0M) Survivors: 16384.0K->16384.0K Heap: 10758.5M(14336.0M)->3619.0M(14336.0M)]
 [Times: user=0.09 sys=0.00, real=0.04 secs] 
2022-10-02T06:10:38.538-0600: 239653.618: [GC concurrent-root-region-scan-start]
2022-10-02T06:10:38.547-0600: 239653.627: [GC concurrent-root-region-scan-end, 0.0091963 secs]
2022-10-02T06:10:38.547-0600: 239653.627: [GC concurrent-mark-start]
2022-10-02T06:10:39.829-0600: 239654.909: [GC concurrent-mark-end, 1.2823179 secs]
2022-10-02T06:10:39.829-0600: 239654.909: [GC remark 2022-10-02T06:10:39.829-0600: 239654.909: [Finalize Marking, 0.0018527 secs] 2022-10-02T06:10:39.831-0600: 239654.911: [GC ref-proc, 0.0245246 secs] 2022-10-02T06:10:39.856-0600: 239654.936: [Unloading, 0.0274242 secs], 0.0583740 secs]
 [Times: user=0.22 sys=0.00, real=0.06 secs] 
2022-10-02T06:10:39.889-0600: 239654.969: [GC cleanup 3698M->3698M(14336M), 0.0104927 secs]
 [Times: user=0.03 sys=0.00, real=0.01 secs] 
2022-10-02T06:13:35.500-0600: 239830.580: [GC pause (G1 Evacuation Pause) (young), 0.0170896 secs]
   [Parallel Time: 5.7 ms, GC Workers: 6]
      [GC Worker Start (ms): Min: 239830580.1, Avg: 239830580.4, Max: 239830580.7, Diff: 0.6]
      [Ext Root Scanning (ms): Min: 0.6, Avg: 1.2, Max: 3.4, Diff: 2.8, Sum: 7.5]
      [Update RS (ms): Min: 0.0, Avg: 1.5, Max: 2.0, Diff: 2.0, Sum: 9.3]
         [Processed Buffers: Min: 0, Avg: 12.0, Max: 25, Diff: 25, Sum: 72]
      [Scan RS (ms): Min: 0.0, Avg: 0.0, Max: 0.1, Diff: 0.1, Sum: 0.2]
      [Code Root Scanning (ms): Min: 0.0, Avg: 0.0, Max: 0.0, Diff: 0.0, Sum: 0.0]
      [Object Copy (ms): Min: 2.2, Avg: 2.4, Max: 2.5, Diff: 0.4, Sum: 14.6]
      [Termination (ms): Min: 0.0, Avg: 0.1, Max: 0.1, Diff: 0.1, Sum: 0.4]
         [Termination Attempts: Min: 31, Avg: 35.8, Max: 42, Diff: 11, Sum: 215]
      [GC Worker Other (ms): Min: 0.0, Avg: 0.0, Max: 0.0, Diff: 0.0, Sum: 0.1]
      [GC Worker Total (ms): Min: 5.1, Avg: 5.3, Max: 5.7, Diff: 0.6, Sum: 32.0]
      [GC Worker End (ms): Min: 239830585.8, Avg: 239830585.8, Max: 239830585.8, Diff: 0.0]
   [Code Root Fixup: 0.0 ms]
   [Code Root Purge: 0.0 ms]
   [Clear CT: 0.8 ms]
   [Other: 10.6 ms]
      [Choose CSet: 0.0 ms]
      [Ref Proc: 10.2 ms]
      [Ref Enq: 0.1 ms]
      [Redirty Cards: 0.1 ms]
      [Humongous Register: 0.0 ms]
      [Humongous Reclaim: 0.0 ms]
      [Free CSet: 0.1 ms]
   [Eden: 7152.0M(7152.0M)->0.0B(5712.0M) Survivors: 16384.0K->16384.0K Heap: 10771.0M(14336.0M)->3620.1M(14336.0M)]
 [Times: user=0.06 sys=0.00, real=0.02 secs] 
2022-10-02T06:15:58.236-0600: 239973.316: [GC pause (G1 Evacuation Pause) (mixed), 0.0225522 secs]
   [Parallel Time: 8.3 ms, GC Workers: 6]
      [GC Worker Start (ms): Min: 239973316.3, Avg: 239973317.8, Max: 239973324.5, Diff: 8.3]
      [Ext Root Scanning (ms): Min: 0.0, Avg: 1.3, Max: 3.7, Diff: 3.7, Sum: 7.6]
      [Update RS (ms): Min: 0.0, Avg: 1.1, Max: 1.7, Diff: 1.7, Sum: 6.6]
         [Processed Buffers: Min: 0, Avg: 10.0, Max: 25, Diff: 25, Sum: 60]
      [Scan RS (ms): Min: 0.0, Avg: 0.3, Max: 0.4, Diff: 0.4, Sum: 1.7]
      [Code Root Scanning (ms): Min: 0.0, Avg: 0.0, Max: 0.1, Diff: 0.1, Sum: 0.1]
      [Object Copy (ms): Min: 0.0, Avg: 3.6, Max: 4.5, Diff: 4.5, Sum: 21.4]
      [Termination (ms): Min: 0.0, Avg: 0.5, Max: 0.6, Diff: 0.6, Sum: 3.1]
         [Termination Attempts: Min: 1, Avg: 2.7, Max: 9, Diff: 8, Sum: 16]
      [GC Worker Other (ms): Min: 0.0, Avg: 0.0, Max: 0.0, Diff: 0.0, Sum: 0.0]
      [GC Worker Total (ms): Min: 0.0, Avg: 6.7, Max: 8.3, Diff: 8.3, Sum: 40.4]
      [GC Worker End (ms): Min: 239973324.5, Avg: 239973324.6, Max: 239973324.6, Diff: 0.0]
   [Code Root Fixup: 0.0 ms]
   [Code Root Purge: 0.0 ms]
   [Clear CT: 0.5 ms]
   [Other: 13.7 ms]
      [Choose CSet: 0.0 ms]
      [Ref Proc: 13.3 ms]
      [Ref Enq: 0.1 ms]
      [Redirty Cards: 0.1 ms]
      [Humongous Register: 0.0 ms]
      [Humongous Reclaim: 0.0 ms]
      [Free CSet: 0.1 ms]
   [Eden: 5712.0M(5712.0M)->0.0B(7152.0M) Survivors: 16384.0K->16384.0K Heap: 9332.1M(14336.0M)->3579.1M(14336.0M)]
 [Times: user=0.09 sys=0.00, real=0.02 secs] 
2022-10-02T06:18:54.501-0600: 240149.581: [GC pause (G1 Evacuation Pause) (young), 0.0234411 secs]
   [Parallel Time: 9.8 ms, GC Workers: 6]
      [GC Worker Start (ms): Min: 240149580.9, Avg: 240149584.9, Max: 240149588.7, Diff: 7.9]
      [Ext Root Scanning (ms): Min: 0.0, Avg: 1.0, Max: 3.4, Diff: 3.4, Sum: 6.0]
      [Update RS (ms): Min: 0.0, Avg: 2.2, Max: 3.6, Diff: 3.6, Sum: 13.5]
         [Processed Buffers: Min: 0, Avg: 18.8, Max: 42, Diff: 42, Sum: 113]
      [Scan RS (ms): Min: 0.0, Avg: 0.0, Max: 0.1, Diff: 0.1, Sum: 0.2]
      [Code Root Scanning (ms): Min: 0.0, Avg: 0.0, Max: 0.0, Diff: 0.0, Sum: 0.0]
      [Object Copy (ms): Min: 1.9, Avg: 2.5, Max: 3.0, Diff: 1.1, Sum: 14.8]
      [Termination (ms): Min: 0.0, Avg: 0.0, Max: 0.0, Diff: 0.0, Sum: 0.0]
         [Termination Attempts: Min: 1, Avg: 2.7, Max: 4, Diff: 3, Sum: 16]
      [GC Worker Other (ms): Min: 0.0, Avg: 0.0, Max: 0.0, Diff: 0.0, Sum: 0.1]
      [GC Worker Total (ms): Min: 1.9, Avg: 5.8, Max: 9.8, Diff: 7.9, Sum: 34.7]
      [GC Worker End (ms): Min: 240149590.7, Avg: 240149590.7, Max: 240149590.7, Diff: 0.0]
   [Code Root Fixup: 0.0 ms]
   [Code Root Purge: 0.0 ms]
   [Clear CT: 0.7 ms]
   [Other: 12.9 ms]
      [Choose CSet: 0.0 ms]
      [Ref Proc: 12.5 ms]
      [Ref Enq: 0.1 ms]
      [Redirty Cards: 0.1 ms]
      [Humongous Register: 0.0 ms]
      [Humongous Reclaim: 0.0 ms]
      [Free CSet: 0.1 ms]
   [Eden: 7152.0M(7152.0M)->0.0B(7152.0M) Survivors: 16384.0K->16384.0K Heap: 10731.1M(14336.0M)->3585.9M(14336.0M)]
 [Times: user=0.07 sys=0.00, real=0.02 secs] 
2022-10-02T06:21:52.289-0600: 240327.369: [GC pause (G1 Evacuation Pause) (young) (initial-mark), 0.0309691 secs]
   [Parallel Time: 16.3 ms, GC Workers: 6]
      [GC Worker Start (ms): Min: 240327370.6, Avg: 240327372.5, Max: 240327373.7, Diff: 3.1]
      [Ext Root Scanning (ms): Min: 2.0, Avg: 7.2, Max: 11.8, Diff: 9.8, Sum: 43.4]
      [Update RS (ms): Min: 0.0, Avg: 1.2, Max: 3.1, Diff: 3.1, Sum: 7.0]
         [Processed Buffers: Min: 0, Avg: 11.0, Max: 25, Diff: 25, Sum: 66]
      [Scan RS (ms): Min: 0.0, Avg: 0.0, Max: 0.1, Diff: 0.1, Sum: 0.2]
      [Code Root Scanning (ms): Min: 0.0, Avg: 0.0, Max: 0.0, Diff: 0.0, Sum: 0.0]
      [Object Copy (ms): Min: 0.0, Avg: 3.6, Max: 6.0, Diff: 6.0, Sum: 21.7]
      [Termination (ms): Min: 0.0, Avg: 1.0, Max: 1.3, Diff: 1.3, Sum: 5.8]
         [Termination Attempts: Min: 1, Avg: 15.2, Max: 29, Diff: 28, Sum: 91]
      [GC Worker Other (ms): Min: 0.0, Avg: 0.0, Max: 0.0, Diff: 0.0, Sum: 0.0]
      [GC Worker Total (ms): Min: 11.8, Avg: 13.0, Max: 14.9, Diff: 3.1, Sum: 78.1]
      [GC Worker End (ms): Min: 240327385.5, Avg: 240327385.5, Max: 240327385.5, Diff: 0.1]
   [Code Root Fixup: 0.0 ms]
   [Code Root Purge: 0.0 ms]
   [Clear CT: 0.9 ms]
   [Other: 13.8 ms]
      [Choose CSet: 0.0 ms]
      [Ref Proc: 13.4 ms]
      [Ref Enq: 0.1 ms]
      [Redirty Cards: 0.1 ms]
      [Humongous Register: 0.0 ms]
      [Humongous Reclaim: 0.0 ms]
      [Free CSet: 0.1 ms]
   [Eden: 7152.0M(7152.0M)->0.0B(7136.0M) Survivors: 16384.0K->32768.0K Heap: 10737.9M(14336.0M)->3593.6M(14336.0M)]
 [Times: user=0.08 sys=0.00, real=0.03 secs] 
2022-10-02T06:21:52.320-0600: 240327.400: [GC concurrent-root-region-scan-start]
2022-10-02T06:21:52.328-0600: 240327.408: [GC concurrent-root-region-scan-end, 0.0073022 secs]
2022-10-02T06:21:52.328-0600: 240327.408: [GC concurrent-mark-start]
2022-10-02T06:21:53.637-0600: 240328.717: [GC concurrent-mark-end, 1.3090035 secs]
2022-10-02T06:21:53.637-0600: 240328.717: [GC remark 2022-10-02T06:21:53.637-0600: 240328.717: [Finalize Marking, 0.0024707 secs] 2022-10-02T06:21:53.639-0600: 240328.719: [GC ref-proc, 0.0285023 secs] 2022-10-02T06:21:53.668-0600: 240328.748: [Unloading, 0.0282466 secs], 0.0648323 secs]
 [Times: user=0.21 sys=0.00, real=0.06 secs] 
2022-10-02T06:21:53.702-0600: 240328.782: [GC cleanup 3689M->3689M(14336M), 0.0089329 secs]
 [Times: user=0.02 sys=0.00, real=0.01 secs] 
2022-10-02T06:24:48.487-0600: 240503.567: [GC pause (G1 Evacuation Pause) (young), 0.0220340 secs]
   [Parallel Time: 8.0 ms, GC Workers: 6]
      [GC Worker Start (ms): Min: 240503566.8, Avg: 240503569.8, Max: 240503572.7, Diff: 5.9]
      [Ext Root Scanning (ms): Min: 0.0, Avg: 1.1, Max: 3.2, Diff: 3.2, Sum: 6.7]
      [Update RS (ms): Min: 0.0, Avg: 1.1, Max: 2.1, Diff: 2.1, Sum: 6.7]
         [Processed Buffers: Min: 0, Avg: 10.7, Max: 22, Diff: 22, Sum: 64]
      [Scan RS (ms): Min: 0.0, Avg: 0.0, Max: 0.1, Diff: 0.1, Sum: 0.2]
      [Code Root Scanning (ms): Min: 0.0, Avg: 0.0, Max: 0.0, Diff: 0.0, Sum: 0.0]
      [Object Copy (ms): Min: 1.9, Avg: 2.6, Max: 3.1, Diff: 1.1, Sum: 15.8]
      [Termination (ms): Min: 0.0, Avg: 0.0, Max: 0.0, Diff: 0.0, Sum: 0.1]
         [Termination Attempts: Min: 1, Avg: 28.0, Max: 39, Diff: 38, Sum: 168]
      [GC Worker Other (ms): Min: 0.0, Avg: 0.0, Max: 0.0, Diff: 0.0, Sum: 0.1]
      [GC Worker Total (ms): Min: 2.0, Avg: 4.9, Max: 7.9, Diff: 5.9, Sum: 29.5]
      [GC Worker End (ms): Min: 240503574.7, Avg: 240503574.7, Max: 240503574.8, Diff: 0.0]
   [Code Root Fixup: 0.0 ms]
   [Code Root Purge: 0.0 ms]
   [Clear CT: 0.9 ms]
   [Other: 13.1 ms]
      [Choose CSet: 0.0 ms]
      [Ref Proc: 12.8 ms]
      [Ref Enq: 0.1 ms]
      [Redirty Cards: 0.1 ms]
      [Humongous Register: 0.0 ms]
      [Humongous Reclaim: 0.0 ms]
      [Free CSet: 0.1 ms]
   [Eden: 7136.0M(7136.0M)->0.0B(5712.0M) Survivors: 32768.0K->16384.0K Heap: 10729.6M(14336.0M)->3591.4M(14336.0M)]
 [Times: user=0.06 sys=0.01, real=0.02 secs] 
2022-10-02T06:27:09.448-0600: 240644.528: [GC pause (G1 Evacuation Pause) (mixed), 0.0297015 secs]
   [Parallel Time: 18.4 ms, GC Workers: 6]
      [GC Worker Start (ms): Min: 240644528.3, Avg: 240644532.6, Max: 240644536.8, Diff: 8.4]
      [Ext Root Scanning (ms): Min: 0.0, Avg: 1.2, Max: 3.8, Diff: 3.8, Sum: 7.0]
      [Update RS (ms): Min: 0.0, Avg: 1.7, Max: 4.6, Diff: 4.6, Sum: 10.3]
         [Processed Buffers: Min: 0, Avg: 9.3, Max: 27, Diff: 27, Sum: 56]
      [Scan RS (ms): Min: 0.0, Avg: 0.2, Max: 0.4, Diff: 0.4, Sum: 1.3]
      [Code Root Scanning (ms): Min: 0.0, Avg: 0.0, Max: 0.1, Diff: 0.1, Sum: 0.1]
      [Object Copy (ms): Min: 7.4, Avg: 8.9, Max: 11.8, Diff: 4.3, Sum: 53.1]
      [Termination (ms): Min: 0.0, Avg: 2.0, Max: 2.5, Diff: 2.5, Sum: 12.1]
         [Termination Attempts: Min: 30, Avg: 66.5, Max: 95, Diff: 65, Sum: 399]
      [GC Worker Other (ms): Min: 0.0, Avg: 0.0, Max: 0.0, Diff: 0.0, Sum: 0.0]
      [GC Worker Total (ms): Min: 9.9, Avg: 14.0, Max: 18.3, Diff: 8.4, Sum: 83.9]
      [GC Worker End (ms): Min: 240644546.6, Avg: 240644546.6, Max: 240644546.6, Diff: 0.0]
   [Code Root Fixup: 0.0 ms]
   [Code Root Purge: 0.0 ms]
   [Clear CT: 0.7 ms]
   [Other: 10.6 ms]
      [Choose CSet: 0.0 ms]
      [Ref Proc: 10.3 ms]
      [Ref Enq: 0.1 ms]
      [Redirty Cards: 0.1 ms]
      [Humongous Register: 0.0 ms]
      [Humongous Reclaim: 0.0 ms]
      [Free CSet: 0.1 ms]
   [Eden: 5712.0M(5712.0M)->0.0B(7152.0M) Survivors: 16384.0K->16384.0K Heap: 9303.4M(14336.0M)->3581.6M(14336.0M)]
 [Times: user=0.08 sys=0.00, real=0.03 secs] 
2022-10-02T06:30:07.137-0600: 240822.217: [GC pause (G1 Evacuation Pause) (young), 0.0416775 secs]
   [Parallel Time: 12.6 ms, GC Workers: 6]
      [GC Worker Start (ms): Min: 240822217.4, Avg: 240822223.6, Max: 240822228.7, Diff: 11.3]
      [Ext Root Scanning (ms): Min: 0.0, Avg: 1.1, Max: 3.4, Diff: 3.4, Sum: 6.6]
      [Update RS (ms): Min: 0.0, Avg: 2.7, Max: 8.0, Diff: 8.0, Sum: 16.2]
         [Processed Buffers: Min: 0, Avg: 15.7, Max: 40, Diff: 40, Sum: 94]
      [Scan RS (ms): Min: 0.0, Avg: 0.0, Max: 0.1, Diff: 0.1, Sum: 0.2]
      [Code Root Scanning (ms): Min: 0.0, Avg: 0.0, Max: 0.0, Diff: 0.0, Sum: 0.0]
      [Object Copy (ms): Min: 1.0, Avg: 2.3, Max: 3.6, Diff: 2.6, Sum: 14.0]
      [Termination (ms): Min: 0.0, Avg: 0.0, Max: 0.0, Diff: 0.0, Sum: 0.0]
         [Termination Attempts: Min: 1, Avg: 5.3, Max: 10, Diff: 9, Sum: 32]
      [GC Worker Other (ms): Min: 0.0, Avg: 0.0, Max: 0.0, Diff: 0.0, Sum: 0.1]
      [GC Worker Total (ms): Min: 1.1, Avg: 6.2, Max: 12.4, Diff: 11.3, Sum: 37.1]
      [GC Worker End (ms): Min: 240822229.8, Avg: 240822229.8, Max: 240822229.8, Diff: 0.0]
   [Code Root Fixup: 0.0 ms]
   [Code Root Purge: 0.0 ms]
   [Clear CT: 0.9 ms]
   [Other: 28.2 ms]
      [Choose CSet: 0.0 ms]
      [Ref Proc: 27.7 ms]
      [Ref Enq: 0.2 ms]
      [Redirty Cards: 0.1 ms]
      [Humongous Register: 0.0 ms]
      [Humongous Reclaim: 0.0 ms]
      [Free CSet: 0.2 ms]
   [Eden: 7152.0M(7152.0M)->0.0B(7152.0M) Survivors: 16384.0K->16384.0K Heap: 10733.6M(14336.0M)->3584.4M(14336.0M)]
 [Times: user=0.09 sys=0.00, real=0.04 secs] 
2022-10-02T06:33:03.586-0600: 240998.666: [GC pause (G1 Evacuation Pause) (young) (initial-mark), 0.0349200 secs]
   [Parallel Time: 14.1 ms, GC Workers: 6]
      [GC Worker Start (ms): Min: 240998667.4, Avg: 240998669.4, Max: 240998670.6, Diff: 3.2]
      [Ext Root Scanning (ms): Min: 2.2, Avg: 4.9, Max: 9.3, Diff: 7.1, Sum: 29.6]
      [Update RS (ms): Min: 0.0, Avg: 1.4, Max: 2.3, Diff: 2.3, Sum: 8.6]
         [Processed Buffers: Min: 0, Avg: 11.7, Max: 19, Diff: 19, Sum: 70]
      [Scan RS (ms): Min: 0.0, Avg: 0.0, Max: 0.1, Diff: 0.1, Sum: 0.2]
      [Code Root Scanning (ms): Min: 0.0, Avg: 0.0, Max: 0.0, Diff: 0.0, Sum: 0.0]
      [Object Copy (ms): Min: 0.0, Avg: 2.6, Max: 3.3, Diff: 3.3, Sum: 15.6]
      [Termination (ms): Min: 0.0, Avg: 1.5, Max: 1.9, Diff: 1.9, Sum: 9.2]
         [Termination Attempts: Min: 1, Avg: 1.0, Max: 1, Diff: 0, Sum: 6]
      [GC Worker Other (ms): Min: 0.0, Avg: 0.0, Max: 0.0, Diff: 0.0, Sum: 0.0]
      [GC Worker Total (ms): Min: 9.3, Avg: 10.5, Max: 12.6, Diff: 3.3, Sum: 63.3]
      [GC Worker End (ms): Min: 240998679.9, Avg: 240998680.0, Max: 240998680.1, Diff: 0.2]
   [Code Root Fixup: 0.0 ms]
   [Code Root Purge: 0.0 ms]
   [Clear CT: 0.9 ms]
   [Other: 19.9 ms]
      [Choose CSet: 0.0 ms]
      [Ref Proc: 19.6 ms]
      [Ref Enq: 0.0 ms]
      [Redirty Cards: 0.0 ms]
      [Humongous Register: 0.0 ms]
      [Humongous Reclaim: 0.0 ms]
      [Free CSet: 0.1 ms]
   [Eden: 7152.0M(7152.0M)->0.0B(7152.0M) Survivors: 16384.0K->16384.0K Heap: 10736.4M(14336.0M)->3588.6M(14336.0M)]
 [Times: user=0.10 sys=0.00, real=0.03 secs] 
2022-10-02T06:33:03.621-0600: 240998.701: [GC concurrent-root-region-scan-start]
2022-10-02T06:33:03.629-0600: 240998.708: [GC concurrent-root-region-scan-end, 0.0074556 secs]
2022-10-02T06:33:03.629-0600: 240998.708: [GC concurrent-mark-start]
2022-10-02T06:33:04.946-0600: 241000.026: [GC concurrent-mark-end, 1.3175741 secs]
2022-10-02T06:33:04.946-0600: 241000.026: [GC remark 2022-10-02T06:33:04.946-0600: 241000.026: [Finalize Marking, 0.0018375 secs] 2022-10-02T06:33:04.948-0600: 241000.028: [GC ref-proc, 0.0248583 secs] 2022-10-02T06:33:04.973-0600: 241000.053: [Unloading, 0.0317567 secs], 0.0684843 secs]
 [Times: user=0.21 sys=0.00, real=0.07 secs] 
2022-10-02T06:33:05.015-0600: 241000.095: [GC cleanup 3668M->3668M(14336M), 0.0125032 secs]
 [Times: user=0.03 sys=0.00, real=0.01 secs] 
2022-10-02T06:36:05.338-0600: 241180.418: [GC pause (G1 Evacuation Pause) (young), 0.0198306 secs]
   [Parallel Time: 6.9 ms, GC Workers: 6]
      [GC Worker Start (ms): Min: 241180417.7, Avg: 241180419.0, Max: 241180420.7, Diff: 3.0]
      [Ext Root Scanning (ms): Min: 0.0, Avg: 1.1, Max: 3.3, Diff: 3.3, Sum: 6.7]
      [Update RS (ms): Min: 0.6, Avg: 1.3, Max: 2.1, Diff: 1.5, Sum: 8.0]
         [Processed Buffers: Min: 6, Avg: 11.7, Max: 20, Diff: 14, Sum: 70]
      [Scan RS (ms): Min: 0.0, Avg: 0.0, Max: 0.1, Diff: 0.1, Sum: 0.2]
      [Code Root Scanning (ms): Min: 0.0, Avg: 0.0, Max: 0.0, Diff: 0.0, Sum: 0.0]
      [Object Copy (ms): Min: 2.8, Avg: 3.0, Max: 3.1, Diff: 0.3, Sum: 17.7]
      [Termination (ms): Min: 0.0, Avg: 0.0, Max: 0.0, Diff: 0.0, Sum: 0.1]
         [Termination Attempts: Min: 4, Avg: 30.5, Max: 45, Diff: 41, Sum: 183]
      [GC Worker Other (ms): Min: 0.0, Avg: 0.0, Max: 0.1, Diff: 0.0, Sum: 0.1]
      [GC Worker Total (ms): Min: 3.8, Avg: 5.5, Max: 6.8, Diff: 3.1, Sum: 33.0]
      [GC Worker End (ms): Min: 241180424.5, Avg: 241180424.5, Max: 241180424.5, Diff: 0.0]
   [Code Root Fixup: 0.0 ms]
   [Code Root Purge: 0.0 ms]
   [Clear CT: 0.7 ms]
   [Other: 12.2 ms]
      [Choose CSet: 0.0 ms]
      [Ref Proc: 11.9 ms]
      [Ref Enq: 0.1 ms]
      [Redirty Cards: 0.1 ms]
      [Humongous Register: 0.0 ms]
      [Humongous Reclaim: 0.0 ms]
      [Free CSet: 0.1 ms]
   [Eden: 7152.0M(7152.0M)->0.0B(5696.0M) Survivors: 16384.0K->32768.0K Heap: 10740.6M(14336.0M)->3596.6M(14336.0M)]
 [Times: user=0.06 sys=0.00, real=0.02 secs] 
2022-10-02T06:38:25.637-0600: 241320.717: [GC pause (G1 Evacuation Pause) (mixed), 0.0208378 secs]
   [Parallel Time: 8.3 ms, GC Workers: 6]
      [GC Worker Start (ms): Min: 241320717.2, Avg: 241320718.0, Max: 241320719.3, Diff: 2.1]
      [Ext Root Scanning (ms): Min: 0.0, Avg: 2.3, Max: 7.0, Diff: 7.0, Sum: 14.0]
      [Update RS (ms): Min: 0.0, Avg: 1.2, Max: 2.1, Diff: 2.1, Sum: 7.4]
         [Processed Buffers: Min: 0, Avg: 11.2, Max: 24, Diff: 24, Sum: 67]
      [Scan RS (ms): Min: 0.0, Avg: 0.3, Max: 0.4, Diff: 0.4, Sum: 1.7]
      [Code Root Scanning (ms): Min: 0.0, Avg: 0.0, Max: 0.1, Diff: 0.1, Sum: 0.1]
      [Object Copy (ms): Min: 0.6, Avg: 3.5, Max: 5.2, Diff: 4.6, Sum: 21.2]
      [Termination (ms): Min: 0.0, Avg: 0.0, Max: 0.0, Diff: 0.0, Sum: 0.1]
         [Termination Attempts: Min: 1, Avg: 29.3, Max: 41, Diff: 40, Sum: 176]
      [GC Worker Other (ms): Min: 0.0, Avg: 0.0, Max: 0.0, Diff: 0.0, Sum: 0.1]
      [GC Worker Total (ms): Min: 6.1, Avg: 7.5, Max: 8.2, Diff: 2.1, Sum: 44.7]
      [GC Worker End (ms): Min: 241320725.4, Avg: 241320725.4, Max: 241320725.4, Diff: 0.0]
   [Code Root Fixup: 0.0 ms]
   [Code Root Purge: 0.0 ms]
   [Clear CT: 0.7 ms]
   [Other: 11.8 ms]
      [Choose CSet: 0.0 ms]
      [Ref Proc: 11.4 ms]
      [Ref Enq: 0.1 ms]
      [Redirty Cards: 0.1 ms]
      [Humongous Register: 0.0 ms]
      [Humongous Reclaim: 0.0 ms]
      [Free CSet: 0.1 ms]
   [Eden: 5696.0M(5696.0M)->0.0B(7152.0M) Survivors: 32768.0K->16384.0K Heap: 9292.6M(14336.0M)->3584.1M(14336.0M)]
 [Times: user=0.08 sys=0.00, real=0.02 secs] 
2022-10-02T06:41:26.521-0600: 241501.601: [GC pause (G1 Evacuation Pause) (young), 0.0239821 secs]
   [Parallel Time: 7.3 ms, GC Workers: 6]
      [GC Worker Start (ms): Min: 241501601.3, Avg: 241501602.5, Max: 241501608.4, Diff: 7.1]
      [Ext Root Scanning (ms): Min: 0.0, Avg: 1.2, Max: 3.2, Diff: 3.2, Sum: 7.2]
      [Update RS (ms): Min: 0.0, Avg: 2.1, Max: 3.0, Diff: 3.0, Sum: 12.5]
         [Processed Buffers: Min: 0, Avg: 15.5, Max: 23, Diff: 23, Sum: 93]
      [Scan RS (ms): Min: 0.0, Avg: 0.0, Max: 0.1, Diff: 0.1, Sum: 0.2]
      [Code Root Scanning (ms): Min: 0.0, Avg: 0.0, Max: 0.0, Diff: 0.0, Sum: 0.0]
      [Object Copy (ms): Min: 0.0, Avg: 2.1, Max: 2.6, Diff: 2.6, Sum: 12.5]
      [Termination (ms): Min: 0.0, Avg: 0.5, Max: 0.7, Diff: 0.7, Sum: 3.2]
         [Termination Attempts: Min: 1, Avg: 14.2, Max: 26, Diff: 25, Sum: 85]
      [GC Worker Other (ms): Min: 0.0, Avg: 0.0, Max: 0.0, Diff: 0.0, Sum: 0.1]
      [GC Worker Total (ms): Min: 0.0, Avg: 5.9, Max: 7.2, Diff: 7.2, Sum: 35.6]
      [GC Worker End (ms): Min: 241501608.5, Avg: 241501608.5, Max: 241501608.5, Diff: 0.0]
   [Code Root Fixup: 0.0 ms]
   [Code Root Purge: 0.0 ms]
   [Clear CT: 0.7 ms]
   [Other: 16.0 ms]
      [Choose CSet: 0.0 ms]
      [Ref Proc: 15.7 ms]
      [Ref Enq: 0.1 ms]
      [Redirty Cards: 0.0 ms]
      [Humongous Register: 0.0 ms]
      [Humongous Reclaim: 0.0 ms]
      [Free CSet: 0.1 ms]
   [Eden: 7152.0M(7152.0M)->0.0B(7152.0M) Survivors: 16384.0K->16384.0K Heap: 10736.1M(14336.0M)->3586.0M(14336.0M)]
 [Times: user=0.08 sys=0.00, real=0.03 secs] 
2022-10-02T06:44:26.491-0600: 241681.571: [GC pause (G1 Evacuation Pause) (young) (initial-mark), 0.0230223 secs]
   [Parallel Time: 10.8 ms, GC Workers: 6]
      [GC Worker Start (ms): Min: 241681572.3, Avg: 241681573.3, Max: 241681575.1, Diff: 2.8]
      [Ext Root Scanning (ms): Min: 1.8, Avg: 4.4, Max: 9.1, Diff: 7.4, Sum: 26.4]
      [Update RS (ms): Min: 0.0, Avg: 1.1, Max: 1.5, Diff: 1.5, Sum: 6.7]
         [Processed Buffers: Min: 0, Avg: 10.8, Max: 18, Diff: 18, Sum: 65]
      [Scan RS (ms): Min: 0.0, Avg: 0.0, Max: 0.1, Diff: 0.1, Sum: 0.2]
      [Code Root Scanning (ms): Min: 0.0, Avg: 0.0, Max: 0.0, Diff: 0.0, Sum: 0.0]
      [Object Copy (ms): Min: 0.2, Avg: 2.2, Max: 2.8, Diff: 2.6, Sum: 13.3]
      [Termination (ms): Min: 0.0, Avg: 0.6, Max: 0.7, Diff: 0.7, Sum: 3.4]
         [Termination Attempts: Min: 1, Avg: 1.0, Max: 1, Diff: 0, Sum: 6]
      [GC Worker Other (ms): Min: 0.0, Avg: 0.0, Max: 0.0, Diff: 0.0, Sum: 0.0]
      [GC Worker Total (ms): Min: 6.6, Avg: 8.4, Max: 9.4, Diff: 2.8, Sum: 50.1]
      [GC Worker End (ms): Min: 241681581.7, Avg: 241681581.7, Max: 241681581.7, Diff: 0.1]
   [Code Root Fixup: 0.0 ms]
   [Code Root Purge: 0.0 ms]
   [Clear CT: 0.7 ms]
   [Other: 11.5 ms]
      [Choose CSet: 0.0 ms]
      [Ref Proc: 11.1 ms]
      [Ref Enq: 0.1 ms]
      [Redirty Cards: 0.1 ms]
      [Humongous Register: 0.0 ms]
      [Humongous Reclaim: 0.0 ms]
      [Free CSet: 0.1 ms]
   [Eden: 7152.0M(7152.0M)->0.0B(7152.0M) Survivors: 16384.0K->16384.0K Heap: 10738.0M(14336.0M)->3587.8M(14336.0M)]
 [Times: user=0.06 sys=0.00, real=0.03 secs] 
2022-10-02T06:44:26.514-0600: 241681.594: [GC concurrent-root-region-scan-start]
2022-10-02T06:44:26.521-0600: 241681.601: [GC concurrent-root-region-scan-end, 0.0071902 secs]
2022-10-02T06:44:26.521-0600: 241681.601: [GC concurrent-mark-start]
2022-10-02T06:44:27.794-0600: 241682.874: [GC concurrent-mark-end, 1.2726494 secs]
2022-10-02T06:44:27.794-0600: 241682.874: [GC remark 2022-10-02T06:44:27.794-0600: 241682.874: [Finalize Marking, 0.0029420 secs] 2022-10-02T06:44:27.797-0600: 241682.877: [GC ref-proc, 0.0281389 secs] 2022-10-02T06:44:27.825-0600: 241682.905: [Unloading, 0.0258482 secs], 0.0615618 secs]
 [Times: user=0.21 sys=0.00, real=0.06 secs] 
2022-10-02T06:44:27.856-0600: 241682.936: [GC cleanup 3683M->3683M(14336M), 0.0091525 secs]
 [Times: user=0.02 sys=0.00, real=0.01 secs] 
2022-10-02T06:47:26.496-0600: 241861.576: [GC pause (G1 Evacuation Pause) (young), 0.0164234 secs]
   [Parallel Time: 5.8 ms, GC Workers: 6]
      [GC Worker Start (ms): Min: 241861575.6, Avg: 241861575.7, Max: 241861576.3, Diff: 0.7]
      [Ext Root Scanning (ms): Min: 0.9, Avg: 1.7, Max: 3.3, Diff: 2.4, Sum: 10.4]
      [Update RS (ms): Min: 0.0, Avg: 1.2, Max: 1.6, Diff: 1.6, Sum: 7.4]
         [Processed Buffers: Min: 0, Avg: 10.3, Max: 17, Diff: 17, Sum: 62]
      [Scan RS (ms): Min: 0.0, Avg: 0.0, Max: 0.1, Diff: 0.1, Sum: 0.2]
      [Code Root Scanning (ms): Min: 0.0, Avg: 0.0, Max: 0.0, Diff: 0.0, Sum: 0.0]
      [Object Copy (ms): Min: 2.3, Avg: 2.5, Max: 2.5, Diff: 0.2, Sum: 14.8]
      [Termination (ms): Min: 0.0, Avg: 0.1, Max: 0.1, Diff: 0.0, Sum: 0.3]
         [Termination Attempts: Min: 22, Avg: 39.7, Max: 52, Diff: 30, Sum: 238]
      [GC Worker Other (ms): Min: 0.0, Avg: 0.0, Max: 0.0, Diff: 0.0, Sum: 0.1]
      [GC Worker Total (ms): Min: 5.0, Avg: 5.5, Max: 5.7, Diff: 0.7, Sum: 33.3]
      [GC Worker End (ms): Min: 241861581.3, Avg: 241861581.3, Max: 241861581.3, Diff: 0.0]
   [Code Root Fixup: 0.0 ms]
   [Code Root Purge: 0.0 ms]
   [Clear CT: 0.7 ms]
   [Other: 9.9 ms]
      [Choose CSet: 0.0 ms]
      [Ref Proc: 9.5 ms]
      [Ref Enq: 0.1 ms]
      [Redirty Cards: 0.1 ms]
      [Humongous Register: 0.0 ms]
      [Humongous Reclaim: 0.0 ms]
      [Free CSet: 0.1 ms]
   [Eden: 7152.0M(7152.0M)->0.0B(5712.0M) Survivors: 16384.0K->16384.0K Heap: 10739.8M(14336.0M)->3588.7M(14336.0M)]
 [Times: user=0.05 sys=0.00, real=0.01 secs] 
2022-10-02T06:49:46.491-0600: 242001.570: [GC pause (G1 Evacuation Pause) (mixed), 0.0335622 secs]
   [Parallel Time: 17.0 ms, GC Workers: 6]
      [GC Worker Start (ms): Min: 242001570.6, Avg: 242001577.7, Max: 242001580.7, Diff: 10.2]
      [Ext Root Scanning (ms): Min: 0.0, Avg: 1.1, Max: 4.5, Diff: 4.5, Sum: 6.8]
      [Update RS (ms): Min: 0.0, Avg: 1.2, Max: 3.7, Diff: 3.7, Sum: 7.3]
         [Processed Buffers: Min: 0, Avg: 10.3, Max: 38, Diff: 38, Sum: 62]
      [Scan RS (ms): Min: 0.0, Avg: 0.5, Max: 1.7, Diff: 1.7, Sum: 3.3]
      [Code Root Scanning (ms): Min: 0.0, Avg: 0.0, Max: 0.1, Diff: 0.1, Sum: 0.1]
      [Object Copy (ms): Min: 6.2, Avg: 6.4, Max: 7.2, Diff: 1.0, Sum: 38.6]
      [Termination (ms): Min: 0.0, Avg: 0.5, Max: 0.6, Diff: 0.6, Sum: 2.9]
         [Termination Attempts: Min: 1, Avg: 6.2, Max: 10, Diff: 9, Sum: 37]
      [GC Worker Other (ms): Min: 0.0, Avg: 0.0, Max: 0.0, Diff: 0.0, Sum: 0.1]
      [GC Worker Total (ms): Min: 6.8, Avg: 9.8, Max: 16.9, Diff: 10.2, Sum: 58.9]
      [GC Worker End (ms): Min: 242001587.5, Avg: 242001587.5, Max: 242001587.5, Diff: 0.0]
   [Code Root Fixup: 0.0 ms]
   [Code Root Purge: 0.0 ms]
   [Clear CT: 0.8 ms]
   [Other: 15.7 ms]
      [Choose CSet: 0.0 ms]
      [Ref Proc: 15.2 ms]
      [Ref Enq: 0.1 ms]
      [Redirty Cards: 0.1 ms]
      [Humongous Register: 0.0 ms]
      [Humongous Reclaim: 0.0 ms]
      [Free CSet: 0.1 ms]
   [Eden: 5712.0M(5712.0M)->0.0B(7152.0M) Survivors: 16384.0K->16384.0K Heap: 9300.7M(14336.0M)->3573.0M(14336.0M)]
 [Times: user=0.08 sys=0.00, real=0.03 secs] 
2022-10-02T06:52:42.988-0600: 242178.067: [GC pause (G1 Evacuation Pause) (young), 0.0250277 secs]
   [Parallel Time: 10.9 ms, GC Workers: 6]
      [GC Worker Start (ms): Min: 242178067.5, Avg: 242178068.5, Max: 242178072.3, Diff: 4.8]
      [Ext Root Scanning (ms): Min: 0.0, Avg: 1.1, Max: 3.2, Diff: 3.2, Sum: 6.7]
      [Update RS (ms): Min: 1.4, Avg: 5.4, Max: 9.1, Diff: 7.7, Sum: 32.4]
         [Processed Buffers: Min: 11, Avg: 21.5, Max: 36, Diff: 25, Sum: 129]
      [Scan RS (ms): Min: 0.0, Avg: 0.0, Max: 0.1, Diff: 0.1, Sum: 0.2]
      [Code Root Scanning (ms): Min: 0.0, Avg: 0.0, Max: 0.0, Diff: 0.0, Sum: 0.0]
      [Object Copy (ms): Min: 0.0, Avg: 2.4, Max: 3.7, Diff: 3.7, Sum: 14.7]
      [Termination (ms): Min: 0.0, Avg: 0.6, Max: 1.0, Diff: 1.0, Sum: 3.4]
         [Termination Attempts: Min: 1, Avg: 10.2, Max: 20, Diff: 19, Sum: 61]
      [GC Worker Other (ms): Min: 0.0, Avg: 0.0, Max: 0.0, Diff: 0.0, Sum: 0.0]
      [GC Worker Total (ms): Min: 5.8, Avg: 9.6, Max: 10.6, Diff: 4.8, Sum: 57.4]
      [GC Worker End (ms): Min: 242178078.1, Avg: 242178078.1, Max: 242178078.3, Diff: 0.2]
   [Code Root Fixup: 0.0 ms]
   [Code Root Purge: 0.0 ms]
   [Clear CT: 0.7 ms]
   [Other: 13.4 ms]
      [Choose CSet: 0.0 ms]
      [Ref Proc: 13.0 ms]
      [Ref Enq: 0.1 ms]
      [Redirty Cards: 0.1 ms]
      [Humongous Register: 0.0 ms]
      [Humongous Reclaim: 0.0 ms]
      [Free CSet: 0.1 ms]
   [Eden: 7152.0M(7152.0M)->0.0B(7152.0M) Survivors: 16384.0K->16384.0K Heap: 10725.0M(14336.0M)->3584.4M(14336.0M)]
 [Times: user=0.08 sys=0.00, real=0.02 secs] 
2022-10-02T06:55:41.288-0600: 242356.368: [GC pause (G1 Evacuation Pause) (young) (initial-mark), 0.0309968 secs]
   [Parallel Time: 17.4 ms, GC Workers: 6]
      [GC Worker Start (ms): Min: 242356368.9, Avg: 242356372.9, Max: 242356374.0, Diff: 5.1]
      [Ext Root Scanning (ms): Min: 2.0, Avg: 6.6, Max: 11.0, Diff: 8.9, Sum: 39.6]
      [Update RS (ms): Min: 0.0, Avg: 1.8, Max: 5.0, Diff: 5.0, Sum: 10.9]
         [Processed Buffers: Min: 0, Avg: 10.8, Max: 23, Diff: 23, Sum: 65]
      [Scan RS (ms): Min: 0.0, Avg: 0.0, Max: 0.1, Diff: 0.1, Sum: 0.2]
      [Code Root Scanning (ms): Min: 0.0, Avg: 0.0, Max: 0.0, Diff: 0.0, Sum: 0.0]
      [Object Copy (ms): Min: 0.0, Avg: 2.3, Max: 4.0, Diff: 4.0, Sum: 14.0]
      [Termination (ms): Min: 0.0, Avg: 1.2, Max: 1.9, Diff: 1.9, Sum: 7.5]
         [Termination Attempts: Min: 1, Avg: 2.5, Max: 7, Diff: 6, Sum: 15]
      [GC Worker Other (ms): Min: 0.0, Avg: 0.0, Max: 0.0, Diff: 0.0, Sum: 0.0]
      [GC Worker Total (ms): Min: 11.0, Avg: 12.0, Max: 16.0, Diff: 5.1, Sum: 72.3]
      [GC Worker End (ms): Min: 242356384.9, Avg: 242356384.9, Max: 242356385.0, Diff: 0.1]
   [Code Root Fixup: 0.0 ms]
   [Code Root Purge: 0.0 ms]
   [Clear CT: 0.7 ms]
   [Other: 12.8 ms]
      [Choose CSet: 0.0 ms]
      [Ref Proc: 12.5 ms]
      [Ref Enq: 0.1 ms]
      [Redirty Cards: 0.1 ms]
      [Humongous Register: 0.0 ms]
      [Humongous Reclaim: 0.0 ms]
      [Free CSet: 0.1 ms]
   [Eden: 7152.0M(7152.0M)->0.0B(7152.0M) Survivors: 16384.0K->16384.0K Heap: 10736.4M(14336.0M)->3586.8M(14336.0M)]
 [Times: user=0.08 sys=0.00, real=0.03 secs] 
2022-10-02T06:55:41.319-0600: 242356.399: [GC concurrent-root-region-scan-start]
2022-10-02T06:55:41.326-0600: 242356.405: [GC concurrent-root-region-scan-end, 0.0068192 secs]
2022-10-02T06:55:41.326-0600: 242356.406: [GC concurrent-mark-start]
2022-10-02T06:55:42.628-0600: 242357.708: [GC concurrent-mark-end, 1.3021726 secs]
2022-10-02T06:55:42.628-0600: 242357.708: [GC remark 2022-10-02T06:55:42.628-0600: 242357.708: [Finalize Marking, 0.0015580 secs] 2022-10-02T06:55:42.630-0600: 242357.709: [GC ref-proc, 0.0232183 secs] 2022-10-02T06:55:42.653-0600: 242357.733: [Unloading, 0.0328712 secs], 0.0624308 secs]
 [Times: user=0.21 sys=0.00, real=0.06 secs] 
2022-10-02T06:55:42.691-0600: 242357.771: [GC cleanup 3666M->3666M(14336M), 0.0086766 secs]
 [Times: user=0.03 sys=0.00, real=0.01 secs] 
2022-10-02T06:58:37.988-0600: 242533.068: [GC pause (G1 Evacuation Pause) (young), 0.0213760 secs]
   [Parallel Time: 9.0 ms, GC Workers: 6]
      [GC Worker Start (ms): Min: 242533068.4, Avg: 242533070.6, Max: 242533072.7, Diff: 4.4]
      [Ext Root Scanning (ms): Min: 0.0, Avg: 1.1, Max: 2.8, Diff: 2.8, Sum: 6.4]
      [Update RS (ms): Min: 0.3, Avg: 2.6, Max: 6.7, Diff: 6.4, Sum: 15.8]
         [Processed Buffers: Min: 3, Avg: 11.7, Max: 26, Diff: 23, Sum: 70]
      [Scan RS (ms): Min: 0.0, Avg: 0.0, Max: 0.1, Diff: 0.1, Sum: 0.2]
      [Code Root Scanning (ms): Min: 0.0, Avg: 0.0, Max: 0.0, Diff: 0.0, Sum: 0.0]
      [Object Copy (ms): Min: 0.2, Avg: 2.4, Max: 3.5, Diff: 3.3, Sum: 14.2]
      [Termination (ms): Min: 0.0, Avg: 0.6, Max: 0.8, Diff: 0.8, Sum: 3.4]
         [Termination Attempts: Min: 1, Avg: 3.8, Max: 7, Diff: 6, Sum: 23]
      [GC Worker Other (ms): Min: 0.0, Avg: 0.0, Max: 0.0, Diff: 0.0, Sum: 0.0]
      [GC Worker Total (ms): Min: 4.5, Avg: 6.7, Max: 9.0, Diff: 4.4, Sum: 40.2]
      [GC Worker End (ms): Min: 242533077.2, Avg: 242533077.3, Max: 242533077.4, Diff: 0.1]
   [Code Root Fixup: 0.0 ms]
   [Code Root Purge: 0.0 ms]
   [Clear CT: 0.7 ms]
   [Other: 11.6 ms]
      [Choose CSet: 0.0 ms]
      [Ref Proc: 11.3 ms]
      [Ref Enq: 0.1 ms]
      [Redirty Cards: 0.0 ms]
      [Humongous Register: 0.0 ms]
      [Humongous Reclaim: 0.0 ms]
      [Free CSet: 0.1 ms]
   [Eden: 7152.0M(7152.0M)->0.0B(5696.0M) Survivors: 16384.0K->32768.0K Heap: 10738.8M(14336.0M)->3592.3M(14336.0M)]
 [Times: user=0.07 sys=0.00, real=0.02 secs] 
2022-10-02T07:01:00.239-0600: 242675.319: [GC pause (G1 Evacuation Pause) (mixed), 0.0244867 secs]
   [Parallel Time: 14.0 ms, GC Workers: 6]
      [GC Worker Start (ms): Min: 242675318.8, Avg: 242675322.9, Max: 242675328.7, Diff: 9.9]
      [Ext Root Scanning (ms): Min: 0.0, Avg: 1.2, Max: 3.4, Diff: 3.4, Sum: 7.0]
      [Update RS (ms): Min: 0.0, Avg: 0.9, Max: 1.8, Diff: 1.8, Sum: 5.1]
         [Processed Buffers: Min: 0, Avg: 9.0, Max: 20, Diff: 20, Sum: 54]
      [Scan RS (ms): Min: 0.1, Avg: 1.9, Max: 8.8, Diff: 8.7, Sum: 11.6]
      [Code Root Scanning (ms): Min: 0.0, Avg: 0.0, Max: 0.1, Diff: 0.1, Sum: 0.1]
      [Object Copy (ms): Min: 0.1, Avg: 5.5, Max: 7.6, Diff: 7.5, Sum: 33.2]
      [Termination (ms): Min: 0.0, Avg: 0.4, Max: 0.5, Diff: 0.5, Sum: 2.3]
         [Termination Attempts: Min: 1, Avg: 115.7, Max: 157, Diff: 156, Sum: 694]
      [GC Worker Other (ms): Min: 0.0, Avg: 0.0, Max: 0.0, Diff: 0.0, Sum: 0.1]
      [GC Worker Total (ms): Min: 4.1, Avg: 9.9, Max: 14.0, Diff: 9.9, Sum: 59.3]
      [GC Worker End (ms): Min: 242675332.8, Avg: 242675332.8, Max: 242675332.8, Diff: 0.0]
   [Code Root Fixup: 0.0 ms]
   [Code Root Purge: 0.0 ms]
   [Clear CT: 0.8 ms]
   [Other: 9.7 ms]
      [Choose CSet: 0.0 ms]
      [Ref Proc: 9.2 ms]
      [Ref Enq: 0.1 ms]
      [Redirty Cards: 0.1 ms]
      [Humongous Register: 0.0 ms]
      [Humongous Reclaim: 0.0 ms]
      [Free CSet: 0.1 ms]
   [Eden: 5696.0M(5696.0M)->0.0B(7152.0M) Survivors: 32768.0K->16384.0K Heap: 9288.3M(14336.0M)->3571.0M(14336.0M)]
 [Times: user=0.08 sys=0.00, real=0.02 secs] 
2022-10-02T07:03:53.836-0600: 242848.916: [GC pause (G1 Evacuation Pause) (young), 0.0282983 secs]
   [Parallel Time: 14.9 ms, GC Workers: 6]
      [GC Worker Start (ms): Min: 242848916.2, Avg: 242848920.5, Max: 242848924.7, Diff: 8.6]
      [Ext Root Scanning (ms): Min: 0.0, Avg: 1.1, Max: 3.2, Diff: 3.2, Sum: 6.6]
      [Update RS (ms): Min: 0.1, Avg: 4.8, Max: 11.5, Diff: 11.4, Sum: 29.1]
         [Processed Buffers: Min: 2, Avg: 22.5, Max: 54, Diff: 52, Sum: 135]
      [Scan RS (ms): Min: 0.0, Avg: 0.0, Max: 0.1, Diff: 0.1, Sum: 0.2]
      [Code Root Scanning (ms): Min: 0.0, Avg: 0.0, Max: 0.0, Diff: 0.0, Sum: 0.0]
      [Object Copy (ms): Min: 0.0, Avg: 2.3, Max: 3.6, Diff: 3.6, Sum: 13.9]
      [Termination (ms): Min: 0.0, Avg: 2.1, Max: 2.7, Diff: 2.7, Sum: 12.4]
         [Termination Attempts: Min: 1, Avg: 1.3, Max: 2, Diff: 1, Sum: 8]
      [GC Worker Other (ms): Min: 0.0, Avg: 0.0, Max: 0.0, Diff: 0.0, Sum: 0.0]
      [GC Worker Total (ms): Min: 6.1, Avg: 10.4, Max: 14.7, Diff: 8.6, Sum: 62.2]
      [GC Worker End (ms): Min: 242848930.8, Avg: 242848930.9, Max: 242848931.0, Diff: 0.2]
   [Code Root Fixup: 0.0 ms]
   [Code Root Purge: 0.0 ms]
   [Clear CT: 0.9 ms]
   [Other: 12.5 ms]
      [Choose CSet: 0.0 ms]
      [Ref Proc: 12.2 ms]
      [Ref Enq: 0.0 ms]
      [Redirty Cards: 0.1 ms]
      [Humongous Register: 0.0 ms]
      [Humongous Reclaim: 0.0 ms]
      [Free CSet: 0.1 ms]
   [Eden: 7152.0M(7152.0M)->0.0B(7152.0M) Survivors: 16384.0K->16384.0K Heap: 10723.0M(14336.0M)->3580.4M(14336.0M)]
 [Times: user=0.07 sys=0.00, real=0.02 secs] 
2022-10-02T07:06:53.488-0600: 243028.568: [GC pause (G1 Evacuation Pause) (young) (initial-mark), 0.0345432 secs]
   [Parallel Time: 16.9 ms, GC Workers: 6]
      [GC Worker Start (ms): Min: 243028569.7, Avg: 243028571.9, Max: 243028573.0, Diff: 3.3]
      [Ext Root Scanning (ms): Min: 2.0, Avg: 7.9, Max: 12.1, Diff: 10.1, Sum: 47.2]
      [Update RS (ms): Min: 0.0, Avg: 1.1, Max: 3.3, Diff: 3.3, Sum: 6.8]
         [Processed Buffers: Min: 0, Avg: 10.5, Max: 27, Diff: 27, Sum: 63]
      [Scan RS (ms): Min: 0.0, Avg: 0.0, Max: 0.1, Diff: 0.1, Sum: 0.2]
      [Code Root Scanning (ms): Min: 0.0, Avg: 0.0, Max: 0.0, Diff: 0.0, Sum: 0.0]
      [Object Copy (ms): Min: 0.0, Avg: 2.2, Max: 4.3, Diff: 4.3, Sum: 13.0]
      [Termination (ms): Min: 0.0, Avg: 2.1, Max: 2.9, Diff: 2.9, Sum: 12.5]
         [Termination Attempts: Min: 1, Avg: 9.8, Max: 19, Diff: 18, Sum: 59]
      [GC Worker Other (ms): Min: 0.0, Avg: 0.0, Max: 0.0, Diff: 0.0, Sum: 0.0]
      [GC Worker Total (ms): Min: 12.2, Avg: 13.3, Max: 15.6, Diff: 3.4, Sum: 79.8]
      [GC Worker End (ms): Min: 243028585.2, Avg: 243028585.2, Max: 243028585.3, Diff: 0.1]
   [Code Root Fixup: 0.0 ms]
   [Code Root Purge: 0.0 ms]
   [Clear CT: 0.9 ms]
   [Other: 16.7 ms]
      [Choose CSet: 0.0 ms]
      [Ref Proc: 16.4 ms]
      [Ref Enq: 0.1 ms]
      [Redirty Cards: 0.1 ms]
      [Humongous Register: 0.0 ms]
      [Humongous Reclaim: 0.0 ms]
      [Free CSet: 0.1 ms]
   [Eden: 7152.0M(7152.0M)->0.0B(7152.0M) Survivors: 16384.0K->16384.0K Heap: 10732.4M(14336.0M)->3582.2M(14336.0M)]
 [Times: user=0.09 sys=0.00, real=0.03 secs] 
2022-10-02T07:06:53.523-0600: 243028.603: [GC concurrent-root-region-scan-start]
2022-10-02T07:06:53.530-0600: 243028.609: [GC concurrent-root-region-scan-end, 0.0064996 secs]
2022-10-02T07:06:53.530-0600: 243028.609: [GC concurrent-mark-start]
2022-10-02T07:06:54.797-0600: 243029.877: [GC concurrent-mark-end, 1.2676415 secs]
2022-10-02T07:06:54.801-0600: 243029.881: [GC remark 2022-10-02T07:06:54.801-0600: 243029.881: [Finalize Marking, 0.0027360 secs] 2022-10-02T07:06:54.804-0600: 243029.884: [GC ref-proc, 0.0273564 secs] 2022-10-02T07:06:54.831-0600: 243029.911: [Unloading, 0.0275174 secs], 0.0635739 secs]
 [Times: user=0.22 sys=0.00, real=0.06 secs] 
2022-10-02T07:06:54.865-0600: 243029.945: [GC cleanup 3670M->3670M(14336M), 0.0104104 secs]
 [Times: user=0.03 sys=0.00, real=0.02 secs] 
2022-10-02T07:09:48.636-0600: 243203.716: [GC pause (G1 Evacuation Pause) (young), 0.0207161 secs]
   [Parallel Time: 8.8 ms, GC Workers: 6]
      [GC Worker Start (ms): Min: 243203715.9, Avg: 243203716.2, Max: 243203716.7, Diff: 0.8]
      [Ext Root Scanning (ms): Min: 0.3, Avg: 1.2, Max: 3.5, Diff: 3.2, Sum: 7.4]
      [Update RS (ms): Min: 0.0, Avg: 1.4, Max: 1.8, Diff: 1.8, Sum: 8.5]
         [Processed Buffers: Min: 0, Avg: 11.7, Max: 28, Diff: 28, Sum: 70]
      [Scan RS (ms): Min: 0.0, Avg: 0.0, Max: 0.1, Diff: 0.1, Sum: 0.2]
      [Code Root Scanning (ms): Min: 0.0, Avg: 0.0, Max: 0.0, Diff: 0.0, Sum: 0.0]
      [Object Copy (ms): Min: 3.0, Avg: 3.6, Max: 5.1, Diff: 2.1, Sum: 21.4]
      [Termination (ms): Min: 0.0, Avg: 2.2, Max: 2.7, Diff: 2.7, Sum: 13.3]
         [Termination Attempts: Min: 1, Avg: 1.2, Max: 2, Diff: 1, Sum: 7]
      [GC Worker Other (ms): Min: 0.0, Avg: 0.0, Max: 0.0, Diff: 0.0, Sum: 0.0]
      [GC Worker Total (ms): Min: 8.0, Avg: 8.5, Max: 8.7, Diff: 0.7, Sum: 51.0]
      [GC Worker End (ms): Min: 243203724.6, Avg: 243203724.7, Max: 243203724.7, Diff: 0.1]
   [Code Root Fixup: 0.0 ms]
   [Code Root Purge: 0.0 ms]
   [Clear CT: 0.7 ms]
   [Other: 11.2 ms]
      [Choose CSet: 0.0 ms]
      [Ref Proc: 10.8 ms]
      [Ref Enq: 0.1 ms]
      [Redirty Cards: 0.1 ms]
      [Humongous Register: 0.0 ms]
      [Humongous Reclaim: 0.0 ms]
      [Free CSet: 0.1 ms]
   [Eden: 7152.0M(7152.0M)->0.0B(5712.0M) Survivors: 16384.0K->16384.0K Heap: 10734.2M(14336.0M)->3588.2M(14336.0M)]
 [Times: user=0.08 sys=0.00, real=0.02 secs] 
2022-10-02T07:12:12.099-0600: 243347.179: [GC pause (G1 Evacuation Pause) (mixed), 0.0278179 secs]
   [Parallel Time: 13.9 ms, GC Workers: 6]
      [GC Worker Start (ms): Min: 243347178.9, Avg: 243347183.5, Max: 243347189.3, Diff: 10.4]
      [Ext Root Scanning (ms): Min: 0.0, Avg: 1.2, Max: 3.1, Diff: 3.1, Sum: 6.9]
      [Update RS (ms): Min: 0.0, Avg: 1.0, Max: 2.2, Diff: 2.2, Sum: 6.1]
         [Processed Buffers: Min: 0, Avg: 10.0, Max: 27, Diff: 27, Sum: 60]
      [Scan RS (ms): Min: 0.0, Avg: 0.5, Max: 1.0, Diff: 1.0, Sum: 3.1]
      [Code Root Scanning (ms): Min: 0.0, Avg: 0.0, Max: 0.1, Diff: 0.1, Sum: 0.1]
      [Object Copy (ms): Min: 2.7, Avg: 6.0, Max: 8.0, Diff: 5.2, Sum: 35.9]
      [Termination (ms): Min: 0.0, Avg: 0.6, Max: 0.7, Diff: 0.7, Sum: 3.4]
         [Termination Attempts: Min: 1, Avg: 46.3, Max: 68, Diff: 67, Sum: 278]
      [GC Worker Other (ms): Min: 0.0, Avg: 0.0, Max: 0.0, Diff: 0.0, Sum: 0.1]
      [GC Worker Total (ms): Min: 3.4, Avg: 9.3, Max: 13.8, Diff: 10.4, Sum: 55.5]
      [GC Worker End (ms): Min: 243347192.7, Avg: 243347192.7, Max: 243347192.7, Diff: 0.0]
   [Code Root Fixup: 0.0 ms]
   [Code Root Purge: 0.0 ms]
   [Clear CT: 0.9 ms]
   [Other: 13.0 ms]
      [Choose CSet: 0.0 ms]
      [Ref Proc: 12.6 ms]
      [Ref Enq: 0.1 ms]
      [Redirty Cards: 0.1 ms]
      [Humongous Register: 0.0 ms]
      [Humongous Reclaim: 0.0 ms]
      [Free CSet: 0.1 ms]
   [Eden: 5712.0M(5712.0M)->0.0B(7136.0M) Survivors: 16384.0K->32768.0K Heap: 9300.2M(14336.0M)->3578.1M(14336.0M)]
 [Times: user=0.08 sys=0.00, real=0.03 secs] 
2022-10-02T07:15:07.488-0600: 243522.568: [GC pause (G1 Evacuation Pause) (young), 0.0187573 secs]
   [Parallel Time: 8.5 ms, GC Workers: 6]
      [GC Worker Start (ms): Min: 243522567.7, Avg: 243522568.1, Max: 243522568.7, Diff: 1.0]
      [Ext Root Scanning (ms): Min: 0.3, Avg: 1.3, Max: 3.3, Diff: 2.9, Sum: 7.7]
      [Update RS (ms): Min: 2.6, Avg: 4.2, Max: 4.7, Diff: 2.1, Sum: 25.2]
         [Processed Buffers: Min: 13, Avg: 24.8, Max: 32, Diff: 19, Sum: 149]
      [Scan RS (ms): Min: 0.0, Avg: 0.0, Max: 0.1, Diff: 0.1, Sum: 0.2]
      [Code Root Scanning (ms): Min: 0.0, Avg: 0.0, Max: 0.0, Diff: 0.0, Sum: 0.0]
      [Object Copy (ms): Min: 2.5, Avg: 2.6, Max: 2.6, Diff: 0.2, Sum: 15.3]
      [Termination (ms): Min: 0.0, Avg: 0.0, Max: 0.0, Diff: 0.0, Sum: 0.0]
         [Termination Attempts: Min: 1, Avg: 2.0, Max: 3, Diff: 2, Sum: 12]
      [GC Worker Other (ms): Min: 0.0, Avg: 0.0, Max: 0.0, Diff: 0.0, Sum: 0.1]
      [GC Worker Total (ms): Min: 7.5, Avg: 8.1, Max: 8.5, Diff: 1.0, Sum: 48.6]
      [GC Worker End (ms): Min: 243522576.2, Avg: 243522576.2, Max: 243522576.2, Diff: 0.0]
   [Code Root Fixup: 0.0 ms]
   [Code Root Purge: 0.0 ms]
   [Clear CT: 0.6 ms]
   [Other: 9.7 ms]
      [Choose CSet: 0.0 ms]
      [Ref Proc: 9.3 ms]
      [Ref Enq: 0.1 ms]
      [Redirty Cards: 0.1 ms]
      [Humongous Register: 0.0 ms]
      [Humongous Reclaim: 0.0 ms]
      [Free CSet: 0.1 ms]
   [Eden: 7136.0M(7136.0M)->0.0B(7152.0M) Survivors: 32768.0K->16384.0K Heap: 10714.1M(14336.0M)->3583.7M(14336.0M)]
 [Times: user=0.08 sys=0.00, real=0.02 secs] 
2022-10-02T07:18:03.887-0600: 243698.967: [GC pause (G1 Evacuation Pause) (young) (initial-mark), 0.0287273 secs]
   [Parallel Time: 9.9 ms, GC Workers: 6]
      [GC Worker Start (ms): Min: 243698968.3, Avg: 243698968.7, Max: 243698970.0, Diff: 1.7]
      [Ext Root Scanning (ms): Min: 3.8, Avg: 4.3, Max: 4.9, Diff: 1.1, Sum: 25.9]
      [Update RS (ms): Min: 0.6, Avg: 1.8, Max: 4.2, Diff: 3.5, Sum: 10.7]
         [Processed Buffers: Min: 1, Avg: 10.8, Max: 16, Diff: 15, Sum: 65]
      [Scan RS (ms): Min: 0.0, Avg: 0.0, Max: 0.1, Diff: 0.1, Sum: 0.2]
      [Code Root Scanning (ms): Min: 0.0, Avg: 0.0, Max: 0.0, Diff: 0.0, Sum: 0.0]
      [Object Copy (ms): Min: 0.0, Avg: 2.0, Max: 2.5, Diff: 2.4, Sum: 12.0]
      [Termination (ms): Min: 0.0, Avg: 0.1, Max: 0.1, Diff: 0.1, Sum: 0.4]
         [Termination Attempts: Min: 1, Avg: 4.2, Max: 7, Diff: 6, Sum: 25]
      [GC Worker Other (ms): Min: 0.0, Avg: 0.0, Max: 0.0, Diff: 0.0, Sum: 0.1]
      [GC Worker Total (ms): Min: 6.9, Avg: 8.2, Max: 8.6, Diff: 1.7, Sum: 49.2]
      [GC Worker End (ms): Min: 243698976.9, Avg: 243698976.9, Max: 243698976.9, Diff: 0.0]
   [Code Root Fixup: 0.0 ms]
   [Code Root Purge: 0.0 ms]
   [Clear CT: 0.9 ms]
   [Other: 17.9 ms]
      [Choose CSet: 0.0 ms]
      [Ref Proc: 17.6 ms]
      [Ref Enq: 0.0 ms]
      [Redirty Cards: 0.0 ms]
      [Humongous Register: 0.0 ms]
      [Humongous Reclaim: 0.0 ms]
      [Free CSet: 0.1 ms]
   [Eden: 7152.0M(7152.0M)->0.0B(7152.0M) Survivors: 16384.0K->16384.0K Heap: 10735.7M(14336.0M)->3587.0M(14336.0M)]
 [Times: user=0.07 sys=0.00, real=0.03 secs] 
2022-10-02T07:18:03.916-0600: 243698.996: [GC concurrent-root-region-scan-start]
2022-10-02T07:18:03.923-0600: 243699.003: [GC concurrent-root-region-scan-end, 0.0071755 secs]
2022-10-02T07:18:03.923-0600: 243699.003: [GC concurrent-mark-start]
2022-10-02T07:18:05.262-0600: 243700.342: [GC concurrent-mark-end, 1.3385563 secs]
2022-10-02T07:18:05.262-0600: 243700.342: [GC remark 2022-10-02T07:18:05.262-0600: 243700.342: [Finalize Marking, 0.0025894 secs] 2022-10-02T07:18:05.265-0600: 243700.344: [GC ref-proc, 0.0220607 secs] 2022-10-02T07:18:05.287-0600: 243700.366: [Unloading, 0.0262148 secs], 0.0570312 secs]
 [Times: user=0.21 sys=0.00, real=0.06 secs] 
2022-10-02T07:18:05.321-0600: 243700.400: [GC cleanup 3666M->3666M(14336M), 0.0100257 secs]
 [Times: user=0.03 sys=0.00, real=0.01 secs] 
2022-10-02T07:20:59.587-0600: 243874.667: [GC pause (G1 Evacuation Pause) (young), 0.0234613 secs]
   [Parallel Time: 8.8 ms, GC Workers: 6]
      [GC Worker Start (ms): Min: 243874667.3, Avg: 243874670.6, Max: 243874676.0, Diff: 8.7]
      [Ext Root Scanning (ms): Min: 0.0, Avg: 1.2, Max: 3.2, Diff: 3.2, Sum: 7.2]
      [Update RS (ms): Min: 0.0, Avg: 1.0, Max: 1.9, Diff: 1.9, Sum: 6.3]
         [Processed Buffers: Min: 0, Avg: 9.3, Max: 20, Diff: 20, Sum: 56]
      [Scan RS (ms): Min: 0.0, Avg: 0.0, Max: 0.1, Diff: 0.1, Sum: 0.3]
      [Code Root Scanning (ms): Min: 0.0, Avg: 0.0, Max: 0.0, Diff: 0.0, Sum: 0.0]
      [Object Copy (ms): Min: 0.0, Avg: 2.3, Max: 3.5, Diff: 3.5, Sum: 13.5]
      [Termination (ms): Min: 0.0, Avg: 0.9, Max: 1.2, Diff: 1.2, Sum: 5.4]
         [Termination Attempts: Min: 1, Avg: 10.0, Max: 27, Diff: 26, Sum: 60]
      [GC Worker Other (ms): Min: 0.0, Avg: 0.0, Max: 0.0, Diff: 0.0, Sum: 0.0]
      [GC Worker Total (ms): Min: 0.0, Avg: 5.5, Max: 8.8, Diff: 8.7, Sum: 32.8]
      [GC Worker End (ms): Min: 243874676.1, Avg: 243874676.1, Max: 243874676.1, Diff: 0.0]
   [Code Root Fixup: 0.0 ms]
   [Code Root Purge: 0.0 ms]
   [Clear CT: 0.6 ms]
   [Other: 14.1 ms]
      [Choose CSet: 0.0 ms]
      [Ref Proc: 13.7 ms]
      [Ref Enq: 0.0 ms]
      [Redirty Cards: 0.1 ms]
      [Humongous Register: 0.0 ms]
      [Humongous Reclaim: 0.0 ms]
      [Free CSet: 0.1 ms]
   [Eden: 7152.0M(7152.0M)->0.0B(5712.0M) Survivors: 16384.0K->16384.0K Heap: 10739.0M(14336.0M)->3587.9M(14336.0M)]
 [Times: user=0.07 sys=0.00, real=0.02 secs] 
2022-10-02T07:23:13.390-0600: 244008.469: [GC pause (G1 Evacuation Pause) (mixed), 0.0328275 secs]
   [Parallel Time: 15.6 ms, GC Workers: 6]
      [GC Worker Start (ms): Min: 244008469.5, Avg: 244008475.7, Max: 244008484.8, Diff: 15.4]
      [Ext Root Scanning (ms): Min: 0.0, Avg: 1.1, Max: 3.4, Diff: 3.4, Sum: 6.6]
      [Update RS (ms): Min: 0.0, Avg: 2.3, Max: 3.5, Diff: 3.5, Sum: 13.7]
         [Processed Buffers: Min: 0, Avg: 16.0, Max: 28, Diff: 28, Sum: 96]
      [Scan RS (ms): Min: 0.0, Avg: 0.8, Max: 1.3, Diff: 1.3, Sum: 4.9]
      [Code Root Scanning (ms): Min: 0.0, Avg: 0.0, Max: 0.0, Diff: 0.0, Sum: 0.0]
      [Object Copy (ms): Min: 0.0, Avg: 4.2, Max: 6.4, Diff: 6.4, Sum: 25.0]
      [Termination (ms): Min: 0.0, Avg: 0.9, Max: 1.2, Diff: 1.2, Sum: 5.2]
         [Termination Attempts: Min: 1, Avg: 9.8, Max: 27, Diff: 26, Sum: 59]
      [GC Worker Other (ms): Min: 0.0, Avg: 0.0, Max: 0.0, Diff: 0.0, Sum: 0.1]
      [GC Worker Total (ms): Min: 0.0, Avg: 9.2, Max: 15.4, Diff: 15.4, Sum: 55.5]
      [GC Worker End (ms): Min: 244008484.9, Avg: 244008484.9, Max: 244008484.9, Diff: 0.1]
   [Code Root Fixup: 0.0 ms]
   [Code Root Purge: 0.0 ms]
   [Clear CT: 0.7 ms]
   [Other: 16.4 ms]
      [Choose CSet: 0.0 ms]
      [Ref Proc: 16.0 ms]
      [Ref Enq: 0.2 ms]
      [Redirty Cards: 0.1 ms]
      [Humongous Register: 0.0 ms]
      [Humongous Reclaim: 0.0 ms]
      [Free CSet: 0.1 ms]
   [Eden: 5712.0M(5712.0M)->0.0B(7152.0M) Survivors: 16384.0K->16384.0K Heap: 9299.9M(14336.0M)->3573.2M(14336.0M)]
 [Times: user=0.11 sys=0.00, real=0.03 secs] 
2022-10-02T07:25:30.536-0600: 244145.615: [GC pause (G1 Evacuation Pause) (young), 0.0268206 secs]
   [Parallel Time: 16.3 ms, GC Workers: 6]
      [GC Worker Start (ms): Min: 244145615.5, Avg: 244145615.8, Max: 244145615.9, Diff: 0.4]
      [Ext Root Scanning (ms): Min: 1.3, Avg: 1.8, Max: 3.2, Diff: 1.9, Sum: 10.8]
      [Update RS (ms): Min: 4.6, Avg: 5.7, Max: 6.1, Diff: 1.5, Sum: 34.3]
         [Processed Buffers: Min: 21, Avg: 27.0, Max: 37, Diff: 16, Sum: 162]
      [Scan RS (ms): Min: 0.0, Avg: 0.0, Max: 0.1, Diff: 0.1, Sum: 0.2]
      [Code Root Scanning (ms): Min: 0.0, Avg: 0.0, Max: 0.0, Diff: 0.0, Sum: 0.0]
      [Object Copy (ms): Min: 8.3, Avg: 8.4, Max: 8.5, Diff: 0.2, Sum: 50.1]
      [Termination (ms): Min: 0.0, Avg: 0.0, Max: 0.0, Diff: 0.0, Sum: 0.0]
         [Termination Attempts: Min: 1, Avg: 1.0, Max: 1, Diff: 0, Sum: 6]
      [GC Worker Other (ms): Min: 0.0, Avg: 0.0, Max: 0.0, Diff: 0.0, Sum: 0.1]
      [GC Worker Total (ms): Min: 15.8, Avg: 15.9, Max: 16.2, Diff: 0.4, Sum: 95.6]
      [GC Worker End (ms): Min: 244145631.7, Avg: 244145631.7, Max: 244145631.8, Diff: 0.0]
   [Code Root Fixup: 0.0 ms]
   [Code Root Purge: 0.0 ms]
   [Clear CT: 0.8 ms]
   [Other: 9.7 ms]
      [Choose CSet: 0.0 ms]
      [Ref Proc: 9.3 ms]
      [Ref Enq: 0.1 ms]
      [Redirty Cards: 0.1 ms]
      [Humongous Register: 0.0 ms]
      [Humongous Reclaim: 0.0 ms]
      [Free CSet: 0.1 ms]
   [Eden: 7152.0M(7152.0M)->0.0B(7120.0M) Survivors: 16384.0K->49152.0K Heap: 10725.2M(14336.0M)->3614.9M(14336.0M)]
 [Times: user=0.11 sys=0.00, real=0.02 secs] 
2022-10-02T07:27:57.987-0600: 244293.067: [GC pause (G1 Evacuation Pause) (young) (initial-mark), 0.0343780 secs]
   [Parallel Time: 19.4 ms, GC Workers: 6]
      [GC Worker Start (ms): Min: 244293068.5, Avg: 244293069.3, Max: 244293070.7, Diff: 2.2]
      [Ext Root Scanning (ms): Min: 1.4, Avg: 6.2, Max: 9.3, Diff: 7.9, Sum: 37.4]
      [Update RS (ms): Min: 0.0, Avg: 3.8, Max: 12.8, Diff: 12.8, Sum: 22.5]
         [Processed Buffers: Min: 0, Avg: 15.0, Max: 43, Diff: 43, Sum: 90]
      [Scan RS (ms): Min: 0.0, Avg: 0.0, Max: 0.1, Diff: 0.1, Sum: 0.2]
      [Code Root Scanning (ms): Min: 0.0, Avg: 0.0, Max: 0.0, Diff: 0.0, Sum: 0.0]
      [Object Copy (ms): Min: 0.1, Avg: 6.8, Max: 8.3, Diff: 8.2, Sum: 40.7]
      [Termination (ms): Min: 0.0, Avg: 0.5, Max: 0.6, Diff: 0.6, Sum: 3.1]
         [Termination Attempts: Min: 1, Avg: 15.3, Max: 22, Diff: 21, Sum: 92]
      [GC Worker Other (ms): Min: 0.0, Avg: 0.0, Max: 0.0, Diff: 0.0, Sum: 0.1]
      [GC Worker Total (ms): Min: 15.9, Avg: 17.3, Max: 18.2, Diff: 2.2, Sum: 104.1]
      [GC Worker End (ms): Min: 244293086.6, Avg: 244293086.6, Max: 244293086.7, Diff: 0.0]
   [Code Root Fixup: 0.0 ms]
   [Code Root Purge: 0.0 ms]
   [Clear CT: 0.7 ms]
   [Other: 14.2 ms]
      [Choose CSet: 0.0 ms]
      [Ref Proc: 13.7 ms]
      [Ref Enq: 0.1 ms]
      [Redirty Cards: 0.2 ms]
      [Humongous Register: 0.0 ms]
      [Humongous Reclaim: 0.0 ms]
      [Free CSet: 0.1 ms]
   [Eden: 7120.0M(7120.0M)->0.0B(7104.0M) Survivors: 49152.0K->65536.0K Heap: 10734.9M(14336.0M)->3669.9M(14336.0M)]
 [Times: user=0.11 sys=0.00, real=0.03 secs] 
2022-10-02T07:27:58.022-0600: 244293.102: [GC concurrent-root-region-scan-start]
2022-10-02T07:27:58.026-0600: 244293.106: [GC concurrent-root-region-scan-end, 0.0039292 secs]
2022-10-02T07:27:58.026-0600: 244293.106: [GC concurrent-mark-start]
2022-10-02T07:27:59.333-0600: 244294.413: [GC concurrent-mark-end, 1.3076563 secs]
2022-10-02T07:27:59.334-0600: 244294.413: [GC remark 2022-10-02T07:27:59.334-0600: 244294.413: [Finalize Marking, 0.0022753 secs] 2022-10-02T07:27:59.336-0600: 244294.416: [GC ref-proc, 0.0242128 secs] 2022-10-02T07:27:59.360-0600: 244294.440: [Unloading, 0.0285154 secs], 0.0615234 secs]
 [Times: user=0.22 sys=0.00, real=0.06 secs] 
2022-10-02T07:27:59.395-0600: 244294.475: [GC cleanup 3741M->3741M(14336M), 0.0092612 secs]
 [Times: user=0.02 sys=0.00, real=0.00 secs] 
2022-10-02T07:30:26.537-0600: 244441.617: [GC pause (G1 Evacuation Pause) (young), 0.0306169 secs]
   [Parallel Time: 14.3 ms, GC Workers: 6]
      [GC Worker Start (ms): Min: 244441616.6, Avg: 244441620.9, Max: 244441626.0, Diff: 9.3]
      [Ext Root Scanning (ms): Min: 0.0, Avg: 1.1, Max: 3.2, Diff: 3.2, Sum: 6.6]
      [Update RS (ms): Min: 3.7, Avg: 6.6, Max: 11.0, Diff: 7.3, Sum: 39.4]
         [Processed Buffers: Min: 14, Avg: 36.3, Max: 61, Diff: 47, Sum: 218]
      [Scan RS (ms): Min: 0.0, Avg: 0.0, Max: 0.1, Diff: 0.1, Sum: 0.2]
      [Code Root Scanning (ms): Min: 0.0, Avg: 0.0, Max: 0.0, Diff: 0.0, Sum: 0.0]
      [Object Copy (ms): Min: 1.0, Avg: 2.2, Max: 7.6, Diff: 6.6, Sum: 13.2]
      [Termination (ms): Min: 0.0, Avg: 0.0, Max: 0.0, Diff: 0.0, Sum: 0.0]
         [Termination Attempts: Min: 1, Avg: 4.7, Max: 7, Diff: 6, Sum: 28]
      [GC Worker Other (ms): Min: 0.0, Avg: 0.0, Max: 0.0, Diff: 0.0, Sum: 0.1]
      [GC Worker Total (ms): Min: 4.9, Avg: 9.9, Max: 14.2, Diff: 9.3, Sum: 59.5]
      [GC Worker End (ms): Min: 244441630.8, Avg: 244441630.8, Max: 244441630.8, Diff: 0.0]
   [Code Root Fixup: 0.0 ms]
   [Code Root Purge: 0.0 ms]
   [Clear CT: 0.9 ms]
   [Other: 15.5 ms]
      [Choose CSet: 0.0 ms]
      [Ref Proc: 15.2 ms]
      [Ref Enq: 0.0 ms]
      [Redirty Cards: 0.1 ms]
      [Humongous Register: 0.0 ms]
      [Humongous Reclaim: 0.0 ms]
      [Free CSet: 0.1 ms]
   [Eden: 7104.0M(7104.0M)->0.0B(5696.0M) Survivors: 65536.0K->32768.0K Heap: 10773.9M(14336.0M)->3670.4M(14336.0M)]
 [Times: user=0.08 sys=0.00, real=0.03 secs] 
2022-10-02T07:32:23.787-0600: 244558.867: [GC pause (G1 Evacuation Pause) (mixed), 0.0403399 secs]
   [Parallel Time: 26.0 ms, GC Workers: 6]
      [GC Worker Start (ms): Min: 244558866.8, Avg: 244558868.7, Max: 244558871.6, Diff: 4.8]
      [Ext Root Scanning (ms): Min: 0.0, Avg: 1.1, Max: 3.2, Diff: 3.2, Sum: 6.9]
      [Update RS (ms): Min: 0.5, Avg: 3.3, Max: 7.4, Diff: 6.8, Sum: 20.1]
         [Processed Buffers: Min: 1, Avg: 19.5, Max: 34, Diff: 33, Sum: 117]
      [Scan RS (ms): Min: 0.0, Avg: 2.3, Max: 3.2, Diff: 3.2, Sum: 14.0]
      [Code Root Scanning (ms): Min: 0.0, Avg: 0.0, Max: 0.1, Diff: 0.1, Sum: 0.1]
      [Object Copy (ms): Min: 15.3, Avg: 16.6, Max: 17.2, Diff: 2.0, Sum: 99.4]
      [Termination (ms): Min: 0.0, Avg: 0.5, Max: 0.6, Diff: 0.6, Sum: 3.1]
         [Termination Attempts: Min: 1, Avg: 22.7, Max: 33, Diff: 32, Sum: 136]
      [GC Worker Other (ms): Min: 0.0, Avg: 0.0, Max: 0.0, Diff: 0.0, Sum: 0.1]
      [GC Worker Total (ms): Min: 21.0, Avg: 23.9, Max: 25.9, Diff: 4.8, Sum: 143.6]
      [GC Worker End (ms): Min: 244558892.6, Avg: 244558892.6, Max: 244558892.6, Diff: 0.0]
   [Code Root Fixup: 0.0 ms]
   [Code Root Purge: 0.0 ms]
   [Clear CT: 0.9 ms]
   [Other: 13.5 ms]
      [Choose CSet: 0.0 ms]
      [Ref Proc: 12.9 ms]
      [Ref Enq: 0.1 ms]
      [Redirty Cards: 0.2 ms]
      [Humongous Register: 0.0 ms]
      [Humongous Reclaim: 0.0 ms]
      [Free CSet: 0.2 ms]
   [Eden: 5696.0M(5696.0M)->0.0B(7152.0M) Survivors: 32768.0K->16384.0K Heap: 9366.4M(14336.0M)->3586.3M(14336.0M)]
 [Times: user=0.15 sys=0.01, real=0.04 secs] 
2022-10-02T07:33:26.392-0600: 244621.471: [GC pause (G1 Evacuation Pause) (young), 0.0649471 secs]
   [Parallel Time: 48.6 ms, GC Workers: 6]
      [GC Worker Start (ms): Min: 244621471.5, Avg: 244621472.8, Max: 244621479.0, Diff: 7.6]
      [Ext Root Scanning (ms): Min: 0.0, Avg: 1.3, Max: 3.3, Diff: 3.3, Sum: 8.0]
      [Update RS (ms): Min: 5.7, Avg: 10.6, Max: 11.9, Diff: 6.2, Sum: 63.6]
         [Processed Buffers: Min: 22, Avg: 47.5, Max: 68, Diff: 46, Sum: 285]
      [Scan RS (ms): Min: 0.0, Avg: 0.1, Max: 0.2, Diff: 0.1, Sum: 0.6]
      [Code Root Scanning (ms): Min: 0.0, Avg: 0.0, Max: 0.0, Diff: 0.0, Sum: 0.0]
      [Object Copy (ms): Min: 34.8, Avg: 35.1, Max: 35.3, Diff: 0.5, Sum: 210.7]
      [Termination (ms): Min: 0.0, Avg: 0.0, Max: 0.0, Diff: 0.0, Sum: 0.0]
         [Termination Attempts: Min: 1, Avg: 12.5, Max: 23, Diff: 22, Sum: 75]
      [GC Worker Other (ms): Min: 0.0, Avg: 0.0, Max: 0.1, Diff: 0.1, Sum: 0.2]
      [GC Worker Total (ms): Min: 40.9, Avg: 47.2, Max: 48.5, Diff: 7.6, Sum: 283.1]
      [GC Worker End (ms): Min: 244621519.9, Avg: 244621519.9, Max: 244621520.0, Diff: 0.1]
   [Code Root Fixup: 0.0 ms]
   [Code Root Purge: 0.0 ms]
   [Clear CT: 0.9 ms]
   [Other: 15.4 ms]
      [Choose CSet: 0.0 ms]
      [Ref Proc: 15.1 ms]
      [Ref Enq: 0.1 ms]
      [Redirty Cards: 0.1 ms]
      [Humongous Register: 0.0 ms]
      [Humongous Reclaim: 0.0 ms]
      [Free CSet: 0.1 ms]
   [Eden: 7152.0M(7152.0M)->0.0B(6976.0M) Survivors: 16384.0K->192.0M Heap: 10738.3M(14336.0M)->3830.7M(14336.0M)]
 [Times: user=0.31 sys=0.00, real=0.07 secs] 
2022-10-02T07:35:07.493-0600: 244722.573: [GC pause (G1 Evacuation Pause) (young) (initial-mark), 0.0614334 secs]
   [Parallel Time: 48.2 ms, GC Workers: 6]
      [GC Worker Start (ms): Min: 244722574.2, Avg: 244722577.0, Max: 244722578.1, Diff: 3.9]
      [Ext Root Scanning (ms): Min: 1.5, Avg: 10.8, Max: 23.8, Diff: 22.2, Sum: 64.7]
      [Update RS (ms): Min: 0.0, Avg: 2.4, Max: 7.0, Diff: 7.0, Sum: 14.5]
         [Processed Buffers: Min: 0, Avg: 10.7, Max: 29, Diff: 29, Sum: 64]
      [Scan RS (ms): Min: 0.0, Avg: 0.0, Max: 0.1, Diff: 0.1, Sum: 0.2]
      [Code Root Scanning (ms): Min: 0.0, Avg: 0.0, Max: 0.0, Diff: 0.0, Sum: 0.0]
      [Object Copy (ms): Min: 23.1, Avg: 30.8, Max: 34.7, Diff: 11.6, Sum: 184.8]
      [Termination (ms): Min: 0.0, Avg: 0.0, Max: 0.0, Diff: 0.0, Sum: 0.0]
         [Termination Attempts: Min: 1, Avg: 11.7, Max: 20, Diff: 19, Sum: 70]
      [GC Worker Other (ms): Min: 0.0, Avg: 0.0, Max: 0.0, Diff: 0.0, Sum: 0.1]
      [GC Worker Total (ms): Min: 42.9, Avg: 44.1, Max: 46.9, Diff: 3.9, Sum: 264.4]
      [GC Worker End (ms): Min: 244722621.1, Avg: 244722621.1, Max: 244722621.1, Diff: 0.0]
   [Code Root Fixup: 0.0 ms]
   [Code Root Purge: 0.0 ms]
   [Clear CT: 0.9 ms]
   [Other: 12.3 ms]
      [Choose CSet: 0.0 ms]
      [Ref Proc: 11.7 ms]
      [Ref Enq: 0.1 ms]
      [Redirty Cards: 0.3 ms]
      [Humongous Register: 0.0 ms]
      [Humongous Reclaim: 0.0 ms]
      [Free CSet: 0.1 ms]
   [Eden: 6976.0M(6976.0M)->0.0B(7072.0M) Survivors: 192.0M->98304.0K Heap: 10806.7M(14336.0M)->3943.5M(14336.0M)]
 [Times: user=0.25 sys=0.00, real=0.06 secs] 
2022-10-02T07:35:07.555-0600: 244722.634: [GC concurrent-root-region-scan-start]
2022-10-02T07:35:07.562-0600: 244722.642: [GC concurrent-root-region-scan-end, 0.0078630 secs]
2022-10-02T07:35:07.562-0600: 244722.642: [GC concurrent-mark-start]
2022-10-02T07:35:08.887-0600: 244723.967: [GC concurrent-mark-end, 1.3244288 secs]
2022-10-02T07:35:08.887-0600: 244723.967: [GC remark 2022-10-02T07:35:08.887-0600: 244723.967: [Finalize Marking, 0.0009003 secs] 2022-10-02T07:35:08.888-0600: 244723.968: [GC ref-proc, 0.0261210 secs] 2022-10-02T07:35:08.914-0600: 244723.994: [Unloading, 0.0292965 secs], 0.0609024 secs]
 [Times: user=0.22 sys=0.00, real=0.06 secs] 
2022-10-02T07:35:08.948-0600: 244724.028: [GC cleanup 4075M->4059M(14336M), 0.0083848 secs]
 [Times: user=0.03 sys=0.00, real=0.01 secs] 
2022-10-02T07:35:08.957-0600: 244724.037: [GC concurrent-cleanup-start]
2022-10-02T07:35:08.957-0600: 244724.037: [GC concurrent-cleanup-end, 0.0000175 secs]
2022-10-02T07:36:47.290-0600: 244822.370: [GC pause (G1 Evacuation Pause) (young), 0.0317993 secs]
   [Parallel Time: 20.5 ms, GC Workers: 6]
      [GC Worker Start (ms): Min: 244822369.7, Avg: 244822372.8, Max: 244822377.1, Diff: 7.4]
      [Ext Root Scanning (ms): Min: 0.0, Avg: 1.1, Max: 2.9, Diff: 2.8, Sum: 6.5]
      [Update RS (ms): Min: 10.6, Avg: 13.9, Max: 15.9, Diff: 5.3, Sum: 83.2]
         [Processed Buffers: Min: 24, Avg: 34.2, Max: 45, Diff: 21, Sum: 205]
      [Scan RS (ms): Min: 0.3, Avg: 0.4, Max: 0.5, Diff: 0.3, Sum: 2.5]
      [Code Root Scanning (ms): Min: 0.0, Avg: 0.0, Max: 0.0, Diff: 0.0, Sum: 0.0]
      [Object Copy (ms): Min: 1.7, Avg: 1.8, Max: 2.0, Diff: 0.3, Sum: 10.8]
      [Termination (ms): Min: 0.0, Avg: 0.0, Max: 0.0, Diff: 0.0, Sum: 0.2]
         [Termination Attempts: Min: 20, Avg: 28.7, Max: 32, Diff: 12, Sum: 172]
      [GC Worker Other (ms): Min: 0.0, Avg: 0.0, Max: 0.0, Diff: 0.0, Sum: 0.1]
      [GC Worker Total (ms): Min: 12.9, Avg: 17.2, Max: 20.3, Diff: 7.4, Sum: 103.4]
      [GC Worker End (ms): Min: 244822390.0, Avg: 244822390.0, Max: 244822390.0, Diff: 0.0]
   [Code Root Fixup: 0.0 ms]
   [Code Root Purge: 0.0 ms]
   [Clear CT: 0.5 ms]
   [Other: 10.8 ms]
      [Choose CSet: 0.0 ms]
      [Ref Proc: 10.4 ms]
      [Ref Enq: 0.1 ms]
      [Redirty Cards: 0.0 ms]
      [Humongous Register: 0.0 ms]
      [Humongous Reclaim: 0.0 ms]
      [Free CSet: 0.1 ms]
   [Eden: 7072.0M(7072.0M)->0.0B(5632.0M) Survivors: 98304.0K->98304.0K Heap: 10999.5M(14336.0M)->3979.9M(14336.0M)]
 [Times: user=0.13 sys=0.00, real=0.03 secs] 
2022-10-02T07:38:04.537-0600: 244899.617: [GC pause (G1 Evacuation Pause) (mixed), 0.0530310 secs]
   [Parallel Time: 39.2 ms, GC Workers: 6]
      [GC Worker Start (ms): Min: 244899616.8, Avg: 244899622.2, Max: 244899628.7, Diff: 11.9]
      [Ext Root Scanning (ms): Min: 0.0, Avg: 1.0, Max: 3.5, Diff: 3.5, Sum: 6.2]
      [Update RS (ms): Min: 0.0, Avg: 6.7, Max: 13.0, Diff: 13.0, Sum: 40.1]
         [Processed Buffers: Min: 0, Avg: 33.8, Max: 110, Diff: 110, Sum: 203]
      [Scan RS (ms): Min: 7.0, Avg: 10.9, Max: 13.2, Diff: 6.2, Sum: 65.2]
      [Code Root Scanning (ms): Min: 0.0, Avg: 0.0, Max: 0.1, Diff: 0.1, Sum: 0.1]
      [Object Copy (ms): Min: 14.8, Avg: 14.9, Max: 15.2, Diff: 0.4, Sum: 89.7]
      [Termination (ms): Min: 0.0, Avg: 0.0, Max: 0.0, Diff: 0.0, Sum: 0.0]
         [Termination Attempts: Min: 1, Avg: 4.2, Max: 8, Diff: 7, Sum: 25]
      [GC Worker Other (ms): Min: 0.0, Avg: 0.0, Max: 0.0, Diff: 0.0, Sum: 0.1]
      [GC Worker Total (ms): Min: 27.0, Avg: 33.6, Max: 39.0, Diff: 11.9, Sum: 201.5]
      [GC Worker End (ms): Min: 244899655.7, Avg: 244899655.8, Max: 244899655.8, Diff: 0.0]
   [Code Root Fixup: 0.0 ms]
   [Code Root Purge: 0.0 ms]
   [Clear CT: 1.0 ms]
   [Other: 12.8 ms]
      [Choose CSet: 0.1 ms]
      [Ref Proc: 11.9 ms]
      [Ref Enq: 0.1 ms]
      [Redirty Cards: 0.2 ms]
      [Humongous Register: 0.0 ms]
      [Humongous Reclaim: 0.0 ms]
      [Free CSet: 0.3 ms]
   [Eden: 5632.0M(5632.0M)->0.0B(7136.0M) Survivors: 98304.0K->32768.0K Heap: 9611.9M(14336.0M)->3667.1M(14336.0M)]
 [Times: user=0.21 sys=0.00, real=0.05 secs] 
2022-10-02T07:39:26.089-0600: 244981.169: [GC pause (G1 Evacuation Pause) (young), 0.0410820 secs]
   [Parallel Time: 26.7 ms, GC Workers: 6]
      [GC Worker Start (ms): Min: 244981169.2, Avg: 244981169.2, Max: 244981169.3, Diff: 0.1]
      [Ext Root Scanning (ms): Min: 0.9, Avg: 1.4, Max: 3.0, Diff: 2.1, Sum: 8.7]
      [Update RS (ms): Min: 8.1, Avg: 10.3, Max: 14.4, Diff: 6.4, Sum: 61.9]
         [Processed Buffers: Min: 13, Avg: 33.5, Max: 57, Diff: 44, Sum: 201]
      [Scan RS (ms): Min: 5.1, Avg: 9.2, Max: 10.3, Diff: 5.2, Sum: 55.4]
      [Code Root Scanning (ms): Min: 0.0, Avg: 0.0, Max: 0.0, Diff: 0.0, Sum: 0.0]
      [Object Copy (ms): Min: 5.4, Avg: 5.4, Max: 5.5, Diff: 0.2, Sum: 32.7]
      [Termination (ms): Min: 0.0, Avg: 0.0, Max: 0.0, Diff: 0.0, Sum: 0.0]
         [Termination Attempts: Min: 1, Avg: 4.5, Max: 6, Diff: 5, Sum: 27]
      [GC Worker Other (ms): Min: 0.0, Avg: 0.0, Max: 0.0, Diff: 0.0, Sum: 0.1]
      [GC Worker Total (ms): Min: 26.4, Avg: 26.5, Max: 26.5, Diff: 0.1, Sum: 158.8]
      [GC Worker End (ms): Min: 244981195.7, Avg: 244981195.7, Max: 244981195.7, Diff: 0.0]
   [Code Root Fixup: 0.0 ms]
   [Code Root Purge: 0.0 ms]
   [Clear CT: 0.9 ms]
   [Other: 13.5 ms]
      [Choose CSet: 0.0 ms]
      [Ref Proc: 12.9 ms]
      [Ref Enq: 0.1 ms]
      [Redirty Cards: 0.3 ms]
      [Humongous Register: 0.0 ms]
      [Humongous Reclaim: 0.0 ms]
      [Free CSet: 0.1 ms]
   [Eden: 5696.0M(5696.0M)->0.0B(6256.0M) Survivors: 32768.0K->16384.0K Heap: 9363.1M(14336.0M)->3710.6M(14336.0M)]
 [Times: user=0.16 sys=0.00, real=0.04 secs] 
2022-10-02T07:40:30.789-0600: 245045.869: [GC pause (G1 Evacuation Pause) (young) (initial-mark), 0.0778317 secs]
   [Parallel Time: 61.8 ms, GC Workers: 6]
      [GC Worker Start (ms): Min: 245045869.9, Avg: 245045871.4, Max: 245045872.8, Diff: 2.8]
      [Ext Root Scanning (ms): Min: 2.4, Avg: 6.7, Max: 13.7, Diff: 11.3, Sum: 40.3]
      [Update RS (ms): Min: 0.0, Avg: 6.7, Max: 9.5, Diff: 9.5, Sum: 40.2]
         [Processed Buffers: Min: 0, Avg: 37.0, Max: 55, Diff: 55, Sum: 222]
      [Scan RS (ms): Min: 0.0, Avg: 0.2, Max: 0.4, Diff: 0.3, Sum: 1.2]
      [Code Root Scanning (ms): Min: 0.0, Avg: 0.0, Max: 0.0, Diff: 0.0, Sum: 0.0]
      [Object Copy (ms): Min: 43.7, Avg: 45.1, Max: 45.6, Diff: 1.9, Sum: 270.8]
      [Termination (ms): Min: 0.0, Avg: 0.0, Max: 0.0, Diff: 0.0, Sum: 0.1]
         [Termination Attempts: Min: 1, Avg: 20.5, Max: 30, Diff: 29, Sum: 123]
      [GC Worker Other (ms): Min: 0.0, Avg: 0.0, Max: 0.1, Diff: 0.0, Sum: 0.2]
      [GC Worker Total (ms): Min: 57.4, Avg: 58.8, Max: 60.3, Diff: 2.9, Sum: 352.7]
      [GC Worker End (ms): Min: 245045930.2, Avg: 245045930.2, Max: 245045930.2, Diff: 0.0]
   [Code Root Fixup: 0.0 ms]
   [Code Root Purge: 0.0 ms]
   [Clear CT: 0.8 ms]
   [Other: 15.2 ms]
      [Choose CSet: 0.0 ms]
      [Ref Proc: 14.8 ms]
      [Ref Enq: 0.1 ms]
      [Redirty Cards: 0.1 ms]
      [Humongous Register: 0.0 ms]
      [Humongous Reclaim: 0.0 ms]
      [Free CSet: 0.1 ms]
   [Eden: 6256.0M(6256.0M)->0.0B(6960.0M) Survivors: 16384.0K->208.0M Heap: 9966.6M(14336.0M)->3992.5M(14336.0M)]
 [Times: user=0.36 sys=0.00, real=0.08 secs] 
2022-10-02T07:40:30.867-0600: 245045.946: [GC concurrent-root-region-scan-start]
2022-10-02T07:40:30.900-0600: 245045.980: [GC concurrent-root-region-scan-end, 0.0330163 secs]
2022-10-02T07:40:30.900-0600: 245045.980: [GC concurrent-mark-start]
2022-10-02T07:40:32.246-0600: 245047.326: [GC concurrent-mark-end, 1.3462943 secs]
2022-10-02T07:40:32.246-0600: 245047.326: [GC remark 2022-10-02T07:40:32.246-0600: 245047.326: [Finalize Marking, 0.0016083 secs] 2022-10-02T07:40:32.248-0600: 245047.328: [GC ref-proc, 0.0246768 secs] 2022-10-02T07:40:32.272-0600: 245047.352: [Unloading, 0.0320914 secs], 0.0634588 secs]
 [Times: user=0.23 sys=0.00, real=0.06 secs] 
2022-10-02T07:40:32.310-0600: 245047.390: [GC cleanup 4176M->4176M(14336M), 0.0100596 secs]
 [Times: user=0.02 sys=0.00, real=0.01 secs] 
2022-10-02T07:41:57.787-0600: 245132.867: [GC pause (G1 Evacuation Pause) (young), 0.0602327 secs]
   [Parallel Time: 47.7 ms, GC Workers: 6]
      [GC Worker Start (ms): Min: 245132867.3, Avg: 245132870.4, Max: 245132876.7, Diff: 9.4]
      [Ext Root Scanning (ms): Min: 0.0, Avg: 1.1, Max: 3.0, Diff: 3.0, Sum: 6.4]
      [Update RS (ms): Min: 9.7, Avg: 14.9, Max: 16.7, Diff: 7.0, Sum: 89.2]
         [Processed Buffers: Min: 18, Avg: 36.0, Max: 45, Diff: 27, Sum: 216]
      [Scan RS (ms): Min: 0.0, Avg: 0.0, Max: 0.1, Diff: 0.1, Sum: 0.2]
      [Code Root Scanning (ms): Min: 0.0, Avg: 0.0, Max: 0.0, Diff: 0.0, Sum: 0.0]
      [Object Copy (ms): Min: 28.1, Avg: 28.4, Max: 28.5, Diff: 0.4, Sum: 170.1]
      [Termination (ms): Min: 0.0, Avg: 0.0, Max: 0.1, Diff: 0.1, Sum: 0.3]
         [Termination Attempts: Min: 1, Avg: 46.8, Max: 72, Diff: 71, Sum: 281]
      [GC Worker Other (ms): Min: 0.0, Avg: 0.0, Max: 0.1, Diff: 0.1, Sum: 0.2]
      [GC Worker Total (ms): Min: 38.1, Avg: 44.4, Max: 47.5, Diff: 9.5, Sum: 266.4]
      [GC Worker End (ms): Min: 245132914.7, Avg: 245132914.8, Max: 245132914.8, Diff: 0.1]
   [Code Root Fixup: 0.0 ms]
   [Code Root Purge: 0.0 ms]
   [Clear CT: 0.9 ms]
   [Other: 11.7 ms]
      [Choose CSet: 0.0 ms]
      [Ref Proc: 11.1 ms]
      [Ref Enq: 0.1 ms]
      [Redirty Cards: 0.2 ms]
      [Humongous Register: 0.0 ms]
      [Humongous Reclaim: 0.0 ms]
      [Free CSet: 0.1 ms]
   [Eden: 6960.0M(6960.0M)->0.0B(5632.0M) Survivors: 208.0M->98304.0K Heap: 10952.5M(14336.0M)->4087.5M(14336.0M)]
 [Times: user=0.30 sys=0.00, real=0.06 secs] 
2022-10-02T07:43:12.690-0600: 245207.770: [GC pause (G1 Evacuation Pause) (mixed), 0.0664874 secs]
   [Parallel Time: 54.2 ms, GC Workers: 6]
      [GC Worker Start (ms): Min: 245207770.1, Avg: 245207775.3, Max: 245207784.7, Diff: 14.6]
      [Ext Root Scanning (ms): Min: 0.0, Avg: 1.6, Max: 6.8, Diff: 6.8, Sum: 9.9]
      [Update RS (ms): Min: 0.0, Avg: 2.4, Max: 5.0, Diff: 5.0, Sum: 14.2]
         [Processed Buffers: Min: 0, Avg: 31.7, Max: 68, Diff: 68, Sum: 190]
      [Scan RS (ms): Min: 5.7, Avg: 11.1, Max: 13.0, Diff: 7.3, Sum: 66.4]
      [Code Root Scanning (ms): Min: 0.0, Avg: 0.0, Max: 0.1, Diff: 0.1, Sum: 0.2]
      [Object Copy (ms): Min: 32.9, Avg: 33.4, Max: 33.6, Diff: 0.7, Sum: 200.3]
      [Termination (ms): Min: 0.0, Avg: 0.1, Max: 0.1, Diff: 0.1, Sum: 0.4]
         [Termination Attempts: Min: 1, Avg: 137.8, Max: 216, Diff: 215, Sum: 827]
      [GC Worker Other (ms): Min: 0.0, Avg: 0.0, Max: 0.1, Diff: 0.0, Sum: 0.1]
      [GC Worker Total (ms): Min: 39.2, Avg: 48.6, Max: 53.9, Diff: 14.6, Sum: 291.5]
      [GC Worker End (ms): Min: 245207823.9, Avg: 245207823.9, Max: 245207824.0, Diff: 0.0]
   [Code Root Fixup: 0.0 ms]
   [Code Root Purge: 0.0 ms]
   [Clear CT: 1.1 ms]
   [Other: 11.2 ms]
      [Choose CSet: 0.1 ms]
      [Ref Proc: 10.0 ms]
      [Ref Enq: 0.0 ms]
      [Redirty Cards: 0.6 ms]
      [Humongous Register: 0.0 ms]
      [Humongous Reclaim: 0.0 ms]
      [Free CSet: 0.3 ms]
   [Eden: 5632.0M(5632.0M)->0.0B(5632.0M) Survivors: 98304.0K->98304.0K Heap: 9719.5M(14336.0M)->3741.7M(14336.0M)]
 [Times: user=0.29 sys=0.00, real=0.07 secs] 
2022-10-02T07:44:26.499-0600: 245281.579: [GC pause (G1 Evacuation Pause) (young), 0.0502076 secs]
   [Parallel Time: 38.4 ms, GC Workers: 6]
      [GC Worker Start (ms): Min: 245281578.9, Avg: 245281582.8, Max: 245281588.7, Diff: 9.9]
      [Ext Root Scanning (ms): Min: 0.0, Avg: 1.1, Max: 2.9, Diff: 2.9, Sum: 6.6]
      [Update RS (ms): Min: 11.9, Avg: 16.7, Max: 19.1, Diff: 7.3, Sum: 100.1]
         [Processed Buffers: Min: 17, Avg: 34.2, Max: 45, Diff: 28, Sum: 205]
      [Scan RS (ms): Min: 10.4, Avg: 10.6, Max: 10.7, Diff: 0.3, Sum: 63.4]
      [Code Root Scanning (ms): Min: 0.0, Avg: 0.0, Max: 0.0, Diff: 0.0, Sum: 0.0]
      [Object Copy (ms): Min: 5.6, Avg: 5.7, Max: 5.8, Diff: 0.2, Sum: 34.4]
      [Termination (ms): Min: 0.0, Avg: 0.0, Max: 0.0, Diff: 0.0, Sum: 0.1]
         [Termination Attempts: Min: 1, Avg: 20.0, Max: 32, Diff: 31, Sum: 120]
      [GC Worker Other (ms): Min: 0.0, Avg: 0.0, Max: 0.0, Diff: 0.0, Sum: 0.1]
      [GC Worker Total (ms): Min: 28.2, Avg: 34.1, Max: 38.1, Diff: 9.9, Sum: 204.7]
      [GC Worker End (ms): Min: 245281616.9, Avg: 245281616.9, Max: 245281617.0, Diff: 0.0]
   [Code Root Fixup: 0.0 ms]
   [Code Root Purge: 0.0 ms]
   [Clear CT: 0.7 ms]
   [Other: 11.1 ms]
      [Choose CSet: 0.0 ms]
      [Ref Proc: 10.4 ms]
      [Ref Enq: 0.1 ms]
      [Redirty Cards: 0.4 ms]
      [Humongous Register: 0.0 ms]
      [Humongous Reclaim: 0.0 ms]
      [Free CSet: 0.1 ms]
   [Eden: 5632.0M(5632.0M)->0.0B(7136.0M) Survivors: 98304.0K->32768.0K Heap: 9373.7M(14336.0M)->3729.8M(14336.0M)]
 [Times: user=0.21 sys=0.00, real=0.05 secs] 
2022-10-02T07:46:03.541-0600: 245378.621: [GC pause (G1 Evacuation Pause) (young) (initial-mark), 0.0275140 secs]
   [Parallel Time: 16.1 ms, GC Workers: 6]
      [GC Worker Start (ms): Min: 245378622.2, Avg: 245378624.2, Max: 245378625.4, Diff: 3.2]
      [Ext Root Scanning (ms): Min: 2.0, Avg: 4.3, Max: 6.5, Diff: 4.5, Sum: 26.0]
      [Update RS (ms): Min: 4.6, Avg: 5.6, Max: 6.8, Diff: 2.2, Sum: 33.4]
         [Processed Buffers: Min: 10, Avg: 30.7, Max: 47, Diff: 37, Sum: 184]
      [Scan RS (ms): Min: 0.1, Avg: 0.2, Max: 0.3, Diff: 0.2, Sum: 1.3]
      [Code Root Scanning (ms): Min: 0.0, Avg: 0.0, Max: 0.0, Diff: 0.0, Sum: 0.0]
      [Object Copy (ms): Min: 2.5, Avg: 2.6, Max: 2.8, Diff: 0.2, Sum: 15.6]
      [Termination (ms): Min: 0.0, Avg: 0.0, Max: 0.0, Diff: 0.0, Sum: 0.1]
         [Termination Attempts: Min: 8, Avg: 12.3, Max: 16, Diff: 8, Sum: 74]
      [GC Worker Other (ms): Min: 0.0, Avg: 0.0, Max: 0.0, Diff: 0.0, Sum: 0.1]
      [GC Worker Total (ms): Min: 11.6, Avg: 12.8, Max: 14.8, Diff: 3.2, Sum: 76.6]
      [GC Worker End (ms): Min: 245378637.0, Avg: 245378637.0, Max: 245378637.0, Diff: 0.0]
   [Code Root Fixup: 0.0 ms]
   [Code Root Purge: 0.0 ms]
   [Clear CT: 0.6 ms]
   [Other: 10.8 ms]
      [Choose CSet: 0.0 ms]
      [Ref Proc: 10.4 ms]
      [Ref Enq: 0.1 ms]
      [Redirty Cards: 0.1 ms]
      [Humongous Register: 0.0 ms]
      [Humongous Reclaim: 0.0 ms]
      [Free CSet: 0.1 ms]
   [Eden: 7136.0M(7136.0M)->0.0B(7152.0M) Survivors: 32768.0K->16384.0K Heap: 10865.8M(14336.0M)->3767.6M(14336.0M)]
 [Times: user=0.09 sys=0.00, real=0.03 secs] 
2022-10-02T07:46:03.569-0600: 245378.648: [GC concurrent-root-region-scan-start]
2022-10-02T07:46:03.576-0600: 245378.656: [GC concurrent-root-region-scan-end, 0.0072520 secs]
2022-10-02T07:46:03.576-0600: 245378.656: [GC concurrent-mark-start]
2022-10-02T07:46:04.896-0600: 245379.975: [GC concurrent-mark-end, 1.3197630 secs]
2022-10-02T07:46:04.896-0600: 245379.976: [GC remark 2022-10-02T07:46:04.896-0600: 245379.976: [Finalize Marking, 0.0027280 secs] 2022-10-02T07:46:04.899-0600: 245379.978: [GC ref-proc, 0.0291178 secs] 2022-10-02T07:46:04.928-0600: 245380.008: [Unloading, 0.0337675 secs], 0.0718268 secs]
 [Times: user=0.23 sys=0.00, real=0.07 secs] 
2022-10-02T07:46:04.968-0600: 245380.048: [GC cleanup 3858M->3826M(14336M), 0.0056970 secs]
 [Times: user=0.03 sys=0.00, real=0.01 secs] 
2022-10-02T07:46:04.974-0600: 245380.053: [GC concurrent-cleanup-start]
2022-10-02T07:46:04.974-0600: 245380.053: [GC concurrent-cleanup-end, 0.0000165 secs]
2022-10-02T07:47:43.641-0600: 245478.721: [GC pause (G1 Evacuation Pause) (young), 0.0323665 secs]
   [Parallel Time: 11.1 ms, GC Workers: 6]
      [GC Worker Start (ms): Min: 245478721.3, Avg: 245478724.4, Max: 245478732.0, Diff: 10.7]
      [Ext Root Scanning (ms): Min: 0.0, Avg: 1.1, Max: 3.2, Diff: 3.2, Sum: 6.4]
      [Update RS (ms): Min: 0.0, Avg: 3.9, Max: 8.7, Diff: 8.7, Sum: 23.6]
         [Processed Buffers: Min: 0, Avg: 12.5, Max: 21, Diff: 21, Sum: 75]
      [Scan RS (ms): Min: 0.0, Avg: 0.0, Max: 0.1, Diff: 0.1, Sum: 0.2]
      [Code Root Scanning (ms): Min: 0.0, Avg: 0.0, Max: 0.0, Diff: 0.0, Sum: 0.0]
      [Object Copy (ms): Min: 0.1, Avg: 2.2, Max: 3.5, Diff: 3.4, Sum: 13.4]
      [Termination (ms): Min: 0.0, Avg: 0.6, Max: 1.0, Diff: 1.0, Sum: 3.8]
         [Termination Attempts: Min: 1, Avg: 19.8, Max: 37, Diff: 36, Sum: 119]
      [GC Worker Other (ms): Min: 0.0, Avg: 0.0, Max: 0.0, Diff: 0.0, Sum: 0.0]
      [GC Worker Total (ms): Min: 0.3, Avg: 7.9, Max: 10.9, Diff: 10.7, Sum: 47.5]
      [GC Worker End (ms): Min: 245478732.3, Avg: 245478732.3, Max: 245478732.4, Diff: 0.1]
   [Code Root Fixup: 0.0 ms]
   [Code Root Purge: 0.0 ms]
   [Clear CT: 0.6 ms]
   [Other: 20.7 ms]
      [Choose CSet: 0.0 ms]
      [Ref Proc: 20.2 ms]
      [Ref Enq: 0.1 ms]
      [Redirty Cards: 0.1 ms]
      [Humongous Register: 0.0 ms]
      [Humongous Reclaim: 0.0 ms]
      [Free CSet: 0.1 ms]
   [Eden: 7152.0M(7152.0M)->0.0B(5712.0M) Survivors: 16384.0K->16384.0K Heap: 10887.6M(14336.0M)->3746.5M(14336.0M)]
 [Times: user=0.09 sys=0.00, real=0.04 secs] 
2022-10-02T07:49:06.038-0600: 245561.117: [GC pause (G1 Evacuation Pause) (mixed), 0.0331404 secs]
   [Parallel Time: 20.1 ms, GC Workers: 6]
      [GC Worker Start (ms): Min: 245561117.5, Avg: 245561119.8, Max: 245561124.7, Diff: 7.2]
      [Ext Root Scanning (ms): Min: 0.0, Avg: 1.2, Max: 3.1, Diff: 3.1, Sum: 7.1]
      [Update RS (ms): Min: 0.0, Avg: 2.1, Max: 3.0, Diff: 3.0, Sum: 12.6]
         [Processed Buffers: Min: 0, Avg: 12.0, Max: 27, Diff: 27, Sum: 72]
      [Scan RS (ms): Min: 1.2, Avg: 2.8, Max: 3.1, Diff: 2.0, Sum: 16.6]
      [Code Root Scanning (ms): Min: 0.0, Avg: 0.0, Max: 0.1, Diff: 0.1, Sum: 0.1]
      [Object Copy (ms): Min: 11.4, Avg: 11.5, Max: 11.7, Diff: 0.3, Sum: 68.9]
      [Termination (ms): Min: 0.1, Avg: 0.1, Max: 0.1, Diff: 0.0, Sum: 0.8]
         [Termination Attempts: Min: 73, Avg: 92.2, Max: 99, Diff: 26, Sum: 553]
      [GC Worker Other (ms): Min: 0.0, Avg: 0.0, Max: 0.0, Diff: 0.0, Sum: 0.1]
      [GC Worker Total (ms): Min: 12.8, Avg: 17.7, Max: 20.0, Diff: 7.2, Sum: 106.1]
      [GC Worker End (ms): Min: 245561137.5, Avg: 245561137.5, Max: 245561137.5, Diff: 0.0]
   [Code Root Fixup: 0.0 ms]
   [Code Root Purge: 0.0 ms]
   [Clear CT: 1.0 ms]
   [Other: 12.0 ms]
      [Choose CSet: 0.0 ms]
      [Ref Proc: 11.5 ms]
      [Ref Enq: 0.1 ms]
      [Redirty Cards: 0.2 ms]
      [Humongous Register: 0.0 ms]
      [Humongous Reclaim: 0.0 ms]
      [Free CSet: 0.2 ms]
   [Eden: 5712.0M(5712.0M)->0.0B(7152.0M) Survivors: 16384.0K->16384.0K Heap: 9458.5M(14336.0M)->3567.3M(14336.0M)]
 [Times: user=0.13 sys=0.00, real=0.03 secs] 
2022-10-02T07:50:46.496-0600: 245661.575: [GC pause (G1 Evacuation Pause) (young), 0.0225358 secs]
   [Parallel Time: 13.4 ms, GC Workers: 6]
      [GC Worker Start (ms): Min: 245661575.5, Avg: 245661577.9, Max: 245661580.7, Diff: 5.2]
      [Ext Root Scanning (ms): Min: 0.0, Avg: 1.0, Max: 2.9, Diff: 2.9, Sum: 6.2]
      [Update RS (ms): Min: 6.1, Avg: 8.0, Max: 9.2, Diff: 3.0, Sum: 47.8]
         [Processed Buffers: Min: 21, Avg: 32.0, Max: 38, Diff: 17, Sum: 192]
      [Scan RS (ms): Min: 0.0, Avg: 0.1, Max: 0.1, Diff: 0.1, Sum: 0.6]
      [Code Root Scanning (ms): Min: 0.0, Avg: 0.0, Max: 0.0, Diff: 0.0, Sum: 0.0]
      [Object Copy (ms): Min: 1.8, Avg: 1.8, Max: 2.0, Diff: 0.2, Sum: 11.0]
      [Termination (ms): Min: 0.0, Avg: 0.0, Max: 0.0, Diff: 0.0, Sum: 0.1]
         [Termination Attempts: Min: 4, Avg: 7.2, Max: 10, Diff: 6, Sum: 43]
      [GC Worker Other (ms): Min: 0.0, Avg: 0.0, Max: 0.0, Diff: 0.0, Sum: 0.1]
      [GC Worker Total (ms): Min: 8.1, Avg: 11.0, Max: 13.3, Diff: 5.2, Sum: 65.7]
      [GC Worker End (ms): Min: 245661588.8, Avg: 245661588.8, Max: 245661588.8, Diff: 0.0]
   [Code Root Fixup: 0.0 ms]
   [Code Root Purge: 0.0 ms]
   [Clear CT: 0.8 ms]
   [Other: 8.4 ms]
      [Choose CSet: 0.0 ms]
      [Ref Proc: 8.0 ms]
      [Ref Enq: 0.1 ms]
      [Redirty Cards: 0.1 ms]
      [Humongous Register: 0.0 ms]
      [Humongous Reclaim: 0.0 ms]
      [Free CSet: 0.1 ms]
   [Eden: 7152.0M(7152.0M)->0.0B(7152.0M) Survivors: 16384.0K->16384.0K Heap: 10719.3M(14336.0M)->3622.6M(14336.0M)]
 [Times: user=0.08 sys=0.00, real=0.02 secs] 
2022-10-02T07:52:29.638-0600: 245764.717: [GC pause (G1 Evacuation Pause) (young) (initial-mark), 0.0353881 secs]
   [Parallel Time: 14.0 ms, GC Workers: 6]
      [GC Worker Start (ms): Min: 245764718.7, Avg: 245764720.3, Max: 245764721.6, Diff: 2.9]
      [Ext Root Scanning (ms): Min: 2.0, Avg: 5.4, Max: 8.5, Diff: 6.5, Sum: 32.3]
      [Update RS (ms): Min: 0.0, Avg: 3.0, Max: 7.6, Diff: 7.6, Sum: 17.8]
         [Processed Buffers: Min: 0, Avg: 9.3, Max: 18, Diff: 18, Sum: 56]
      [Scan RS (ms): Min: 0.0, Avg: 0.0, Max: 0.1, Diff: 0.1, Sum: 0.2]
      [Code Root Scanning (ms): Min: 0.0, Avg: 0.0, Max: 0.0, Diff: 0.0, Sum: 0.0]
      [Object Copy (ms): Min: 0.2, Avg: 1.8, Max: 2.7, Diff: 2.5, Sum: 10.7]
      [Termination (ms): Min: 0.0, Avg: 0.7, Max: 1.0, Diff: 1.0, Sum: 4.2]
         [Termination Attempts: Min: 1, Avg: 28.5, Max: 60, Diff: 59, Sum: 171]
      [GC Worker Other (ms): Min: 0.0, Avg: 0.0, Max: 0.0, Diff: 0.0, Sum: 0.0]
      [GC Worker Total (ms): Min: 9.6, Avg: 10.9, Max: 12.6, Diff: 3.0, Sum: 65.2]
      [GC Worker End (ms): Min: 245764731.2, Avg: 245764731.2, Max: 245764731.3, Diff: 0.2]
   [Code Root Fixup: 0.0 ms]
   [Code Root Purge: 0.0 ms]
   [Clear CT: 0.8 ms]
   [Other: 20.6 ms]
      [Choose CSet: 0.0 ms]
      [Ref Proc: 20.2 ms]
      [Ref Enq: 0.1 ms]
      [Redirty Cards: 0.1 ms]
      [Humongous Register: 0.0 ms]
      [Humongous Reclaim: 0.0 ms]
      [Free CSet: 0.1 ms]
   [Eden: 7152.0M(7152.0M)->0.0B(7152.0M) Survivors: 16384.0K->16384.0K Heap: 10774.6M(14336.0M)->3633.1M(14336.0M)]
 [Times: user=0.10 sys=0.00, real=0.04 secs] 
2022-10-02T07:52:29.673-0600: 245764.753: [GC concurrent-root-region-scan-start]
2022-10-02T07:52:29.679-0600: 245764.759: [GC concurrent-root-region-scan-end, 0.0062736 secs]
2022-10-02T07:52:29.679-0600: 245764.759: [GC concurrent-mark-start]
2022-10-02T07:52:30.992-0600: 245766.072: [GC concurrent-mark-end, 1.3124230 secs]
2022-10-02T07:52:30.992-0600: 245766.072: [GC remark 2022-10-02T07:52:30.992-0600: 245766.072: [Finalize Marking, 0.0009825 secs] 2022-10-02T07:52:30.993-0600: 245766.073: [GC ref-proc, 0.0339400 secs] 2022-10-02T07:52:31.027-0600: 245766.107: [Unloading, 0.0325769 secs], 0.0721483 secs]
 [Times: user=0.23 sys=0.00, real=0.07 secs] 
2022-10-02T07:52:31.064-0600: 245766.144: [GC cleanup 3753M->3753M(14336M), 0.0078594 secs]
 [Times: user=0.03 sys=0.00, real=0.01 secs] 
2022-10-02T07:54:11.086-0600: 245866.166: [GC pause (G1 Evacuation Pause) (young), 0.0186186 secs]
   [Parallel Time: 8.8 ms, GC Workers: 6]
      [GC Worker Start (ms): Min: 245866166.3, Avg: 245866168.3, Max: 245866168.7, Diff: 2.4]
      [Ext Root Scanning (ms): Min: 1.0, Avg: 2.9, Max: 6.3, Diff: 5.3, Sum: 17.1]
      [Update RS (ms): Min: 0.0, Avg: 1.5, Max: 2.4, Diff: 2.4, Sum: 9.0]
         [Processed Buffers: Min: 0, Avg: 9.0, Max: 22, Diff: 22, Sum: 54]
      [Scan RS (ms): Min: 0.0, Avg: 0.0, Max: 0.1, Diff: 0.1, Sum: 0.2]
      [Code Root Scanning (ms): Min: 0.0, Avg: 0.0, Max: 0.0, Diff: 0.0, Sum: 0.0]
      [Object Copy (ms): Min: 0.0, Avg: 1.8, Max: 2.4, Diff: 2.4, Sum: 10.8]
      [Termination (ms): Min: 0.0, Avg: 0.5, Max: 0.7, Diff: 0.7, Sum: 3.3]
         [Termination Attempts: Min: 1, Avg: 28.0, Max: 39, Diff: 38, Sum: 168]
      [GC Worker Other (ms): Min: 0.0, Avg: 0.0, Max: 0.0, Diff: 0.0, Sum: 0.0]
      [GC Worker Total (ms): Min: 6.3, Avg: 6.7, Max: 8.7, Diff: 2.4, Sum: 40.5]
      [GC Worker End (ms): Min: 245866175.0, Avg: 245866175.1, Max: 245866175.1, Diff: 0.0]
   [Code Root Fixup: 0.0 ms]
   [Code Root Purge: 0.0 ms]
   [Clear CT: 0.7 ms]
   [Other: 9.1 ms]
      [Choose CSet: 0.0 ms]
      [Ref Proc: 8.7 ms]
      [Ref Enq: 0.1 ms]
      [Redirty Cards: 0.1 ms]
      [Humongous Register: 0.0 ms]
      [Humongous Reclaim: 0.0 ms]
      [Free CSet: 0.1 ms]
   [Eden: 7152.0M(7152.0M)->0.0B(5712.0M) Survivors: 16384.0K->16384.0K Heap: 10785.1M(14336.0M)->3635.5M(14336.0M)]
 [Times: user=0.06 sys=0.00, real=0.02 secs] 
2022-10-02T07:55:32.137-0600: 245947.216: [GC pause (G1 Evacuation Pause) (mixed), 0.0209528 secs]
   [Parallel Time: 11.2 ms, GC Workers: 6]
      [GC Worker Start (ms): Min: 245947216.6, Avg: 245947216.6, Max: 245947216.6, Diff: 0.1]
      [Ext Root Scanning (ms): Min: 1.0, Avg: 1.9, Max: 4.1, Diff: 3.2, Sum: 11.6]
      [Update RS (ms): Min: 0.0, Avg: 1.7, Max: 2.4, Diff: 2.4, Sum: 10.0]
         [Processed Buffers: Min: 0, Avg: 8.0, Max: 14, Diff: 14, Sum: 48]
      [Scan RS (ms): Min: 1.2, Avg: 1.7, Max: 1.8, Diff: 0.6, Sum: 10.2]
      [Code Root Scanning (ms): Min: 0.0, Avg: 0.0, Max: 0.0, Diff: 0.0, Sum: 0.0]
      [Object Copy (ms): Min: 5.5, Avg: 5.6, Max: 5.7, Diff: 0.2, Sum: 33.3]
      [Termination (ms): Min: 0.1, Avg: 0.2, Max: 0.2, Diff: 0.1, Sum: 1.1]
         [Termination Attempts: Min: 85, Avg: 113.8, Max: 145, Diff: 60, Sum: 683]
      [GC Worker Other (ms): Min: 0.0, Avg: 0.0, Max: 0.0, Diff: 0.0, Sum: 0.1]
      [GC Worker Total (ms): Min: 11.0, Avg: 11.1, Max: 11.1, Diff: 0.1, Sum: 66.3]
      [GC Worker End (ms): Min: 245947227.7, Avg: 245947227.7, Max: 245947227.7, Diff: 0.0]
   [Code Root Fixup: 0.0 ms]
   [Code Root Purge: 0.0 ms]
   [Clear CT: 0.9 ms]
   [Other: 8.8 ms]
      [Choose CSet: 0.0 ms]
      [Ref Proc: 8.4 ms]
      [Ref Enq: 0.1 ms]
      [Redirty Cards: 0.1 ms]
      [Humongous Register: 0.0 ms]
      [Humongous Reclaim: 0.0 ms]
      [Free CSet: 0.1 ms]
   [Eden: 5712.0M(5712.0M)->0.0B(7152.0M) Survivors: 16384.0K->16384.0K Heap: 9347.5M(14336.0M)->3543.0M(14336.0M)]
 [Times: user=0.08 sys=0.00, real=0.02 secs] 
2022-10-02T07:57:13.636-0600: 246048.716: [GC pause (G1 Evacuation Pause) (young), 0.0231896 secs]
   [Parallel Time: 11.3 ms, GC Workers: 6]
      [GC Worker Start (ms): Min: 246048716.0, Avg: 246048717.0, Max: 246048719.8, Diff: 3.8]
      [Ext Root Scanning (ms): Min: 0.0, Avg: 1.2, Max: 2.9, Diff: 2.9, Sum: 6.9]
      [Update RS (ms): Min: 5.9, Avg: 7.3, Max: 7.9, Diff: 2.0, Sum: 43.9]
         [Processed Buffers: Min: 14, Avg: 29.3, Max: 42, Diff: 28, Sum: 176]
      [Scan RS (ms): Min: 0.0, Avg: 0.0, Max: 0.1, Diff: 0.1, Sum: 0.2]
      [Code Root Scanning (ms): Min: 0.0, Avg: 0.0, Max: 0.0, Diff: 0.0, Sum: 0.0]
      [Object Copy (ms): Min: 1.3, Avg: 1.6, Max: 1.7, Diff: 0.4, Sum: 9.3]
      [Termination (ms): Min: 0.0, Avg: 0.0, Max: 0.0, Diff: 0.0, Sum: 0.0]
         [Termination Attempts: Min: 1, Avg: 9.2, Max: 15, Diff: 14, Sum: 55]
      [GC Worker Other (ms): Min: 0.0, Avg: 0.0, Max: 0.1, Diff: 0.1, Sum: 0.3]
      [GC Worker Total (ms): Min: 7.3, Avg: 10.1, Max: 11.1, Diff: 3.8, Sum: 60.7]
      [GC Worker End (ms): Min: 246048727.1, Avg: 246048727.1, Max: 246048727.1, Diff: 0.1]
   [Code Root Fixup: 0.0 ms]
   [Code Root Purge: 0.0 ms]
   [Clear CT: 0.5 ms]
   [Other: 11.4 ms]
      [Choose CSet: 0.0 ms]
      [Ref Proc: 11.1 ms]
      [Ref Enq: 0.1 ms]
      [Redirty Cards: 0.1 ms]
      [Humongous Register: 0.0 ms]
      [Humongous Reclaim: 0.0 ms]
      [Free CSet: 0.1 ms]
   [Eden: 7152.0M(7152.0M)->0.0B(7152.0M) Survivors: 16384.0K->16384.0K Heap: 10695.0M(14336.0M)->3553.7M(14336.0M)]
 [Times: user=0.08 sys=0.00, real=0.02 secs] 
2022-10-02T07:58:54.238-0600: 246149.318: [GC pause (G1 Evacuation Pause) (young) (initial-mark), 0.0301232 secs]
   [Parallel Time: 14.9 ms, GC Workers: 6]
      [GC Worker Start (ms): Min: 246149319.3, Avg: 246149322.5, Max: 246149323.8, Diff: 4.5]
      [Ext Root Scanning (ms): Min: 2.3, Avg: 5.3, Max: 10.6, Diff: 8.3, Sum: 31.7]
      [Update RS (ms): Min: 0.0, Avg: 1.8, Max: 2.7, Diff: 2.7, Sum: 10.7]
         [Processed Buffers: Min: 0, Avg: 9.0, Max: 15, Diff: 15, Sum: 54]
      [Scan RS (ms): Min: 0.0, Avg: 0.0, Max: 0.1, Diff: 0.1, Sum: 0.2]
      [Code Root Scanning (ms): Min: 0.0, Avg: 0.0, Max: 0.0, Diff: 0.0, Sum: 0.0]
      [Object Copy (ms): Min: 0.0, Avg: 1.8, Max: 2.5, Diff: 2.5, Sum: 10.8]
      [Termination (ms): Min: 0.0, Avg: 1.5, Max: 1.8, Diff: 1.8, Sum: 8.8]
         [Termination Attempts: Min: 1, Avg: 3.0, Max: 6, Diff: 5, Sum: 18]
      [GC Worker Other (ms): Min: 0.0, Avg: 0.0, Max: 0.0, Diff: 0.0, Sum: 0.0]
      [GC Worker Total (ms): Min: 9.1, Avg: 10.4, Max: 13.6, Diff: 4.5, Sum: 62.2]
      [GC Worker End (ms): Min: 246149332.9, Avg: 246149332.9, Max: 246149332.9, Diff: 0.0]
   [Code Root Fixup: 0.0 ms]
   [Code Root Purge: 0.0 ms]
   [Clear CT: 0.7 ms]
   [Other: 14.5 ms]
      [Choose CSet: 0.0 ms]
      [Ref Proc: 14.1 ms]
      [Ref Enq: 0.1 ms]
      [Redirty Cards: 0.1 ms]
      [Humongous Register: 0.0 ms]
      [Humongous Reclaim: 0.0 ms]
      [Free CSet: 0.1 ms]
   [Eden: 7152.0M(7152.0M)->0.0B(7152.0M) Survivors: 16384.0K->16384.0K Heap: 10705.7M(14336.0M)->3559.1M(14336.0M)]
 [Times: user=0.08 sys=0.00, real=0.03 secs] 
2022-10-02T07:58:54.268-0600: 246149.348: [GC concurrent-root-region-scan-start]
2022-10-02T07:58:54.275-0600: 246149.355: [GC concurrent-root-region-scan-end, 0.0064831 secs]
2022-10-02T07:58:54.275-0600: 246149.355: [GC concurrent-mark-start]
2022-10-02T07:58:55.581-0600: 246150.661: [GC concurrent-mark-end, 1.3058787 secs]
2022-10-02T07:58:55.581-0600: 246150.661: [GC remark 2022-10-02T07:58:55.581-0600: 246150.661: [Finalize Marking, 0.0013046 secs] 2022-10-02T07:58:55.582-0600: 246150.662: [GC ref-proc, 0.0251033 secs] 2022-10-02T07:58:55.607-0600: 246150.687: [Unloading, 0.0285778 secs], 0.0595782 secs]
 [Times: user=0.22 sys=0.00, real=0.06 secs] 
2022-10-02T07:58:55.641-0600: 246150.721: [GC cleanup 3687M->3687M(14336M), 0.0058151 secs]
 [Times: user=0.03 sys=0.00, real=0.01 secs] 
2022-10-02T08:00:36.894-0600: 246251.974: [GC pause (G1 Evacuation Pause) (young), 0.0137331 secs]
   [Parallel Time: 4.8 ms, GC Workers: 6]
      [GC Worker Start (ms): Min: 246251973.7, Avg: 246251973.8, Max: 246251973.9, Diff: 0.1]
      [Ext Root Scanning (ms): Min: 0.7, Avg: 1.3, Max: 3.6, Diff: 3.0, Sum: 7.7]
      [Update RS (ms): Min: 0.0, Avg: 1.5, Max: 2.1, Diff: 2.1, Sum: 9.2]
         [Processed Buffers: Min: 0, Avg: 7.0, Max: 14, Diff: 14, Sum: 42]
      [Scan RS (ms): Min: 0.0, Avg: 0.0, Max: 0.1, Diff: 0.1, Sum: 0.2]
      [Code Root Scanning (ms): Min: 0.0, Avg: 0.0, Max: 0.0, Diff: 0.0, Sum: 0.0]
      [Object Copy (ms): Min: 1.0, Avg: 1.7, Max: 2.0, Diff: 1.0, Sum: 10.4]
      [Termination (ms): Min: 0.0, Avg: 0.0, Max: 0.0, Diff: 0.0, Sum: 0.0]
         [Termination Attempts: Min: 1, Avg: 1.0, Max: 1, Diff: 0, Sum: 6]
      [GC Worker Other (ms): Min: 0.0, Avg: 0.0, Max: 0.0, Diff: 0.0, Sum: 0.1]
      [GC Worker Total (ms): Min: 4.5, Avg: 4.6, Max: 4.6, Diff: 0.1, Sum: 27.6]
      [GC Worker End (ms): Min: 246251978.4, Avg: 246251978.4, Max: 246251978.4, Diff: 0.0]
   [Code Root Fixup: 0.0 ms]
   [Code Root Purge: 0.0 ms]
   [Clear CT: 0.7 ms]
   [Other: 8.3 ms]
      [Choose CSet: 0.0 ms]
      [Ref Proc: 7.9 ms]
      [Ref Enq: 0.1 ms]
      [Redirty Cards: 0.1 ms]
      [Humongous Register: 0.0 ms]
      [Humongous Reclaim: 0.0 ms]
      [Free CSet: 0.1 ms]
   [Eden: 7152.0M(7152.0M)->0.0B(5712.0M) Survivors: 16384.0K->16384.0K Heap: 10711.1M(14336.0M)->3559.9M(14336.0M)]
 [Times: user=0.06 sys=0.00, real=0.01 secs] 
2022-10-02T08:02:00.418-0600: 246335.498: [GC pause (G1 Evacuation Pause) (mixed), 0.0290425 secs]
   [Parallel Time: 10.6 ms, GC Workers: 6]
      [GC Worker Start (ms): Min: 246335497.7, Avg: 246335498.2, Max: 246335498.3, Diff: 0.6]
      [Ext Root Scanning (ms): Min: 1.2, Avg: 4.4, Max: 10.0, Diff: 8.8, Sum: 26.6]
      [Update RS (ms): Min: 0.0, Avg: 1.7, Max: 3.1, Diff: 3.0, Sum: 10.2]
         [Processed Buffers: Min: 0, Avg: 8.0, Max: 17, Diff: 17, Sum: 48]
      [Scan RS (ms): Min: 0.0, Avg: 0.6, Max: 0.9, Diff: 0.9, Sum: 3.6]
      [Code Root Scanning (ms): Min: 0.0, Avg: 0.0, Max: 0.0, Diff: 0.0, Sum: 0.0]
      [Object Copy (ms): Min: 0.0, Avg: 2.4, Max: 3.7, Diff: 3.7, Sum: 14.4]
      [Termination (ms): Min: 0.0, Avg: 0.9, Max: 1.2, Diff: 1.2, Sum: 5.5]
         [Termination Attempts: Min: 1, Avg: 8.5, Max: 24, Diff: 23, Sum: 51]
      [GC Worker Other (ms): Min: 0.0, Avg: 0.0, Max: 0.0, Diff: 0.0, Sum: 0.0]
      [GC Worker Total (ms): Min: 10.0, Avg: 10.1, Max: 10.6, Diff: 0.6, Sum: 60.4]
      [GC Worker End (ms): Min: 246335508.2, Avg: 246335508.3, Max: 246335508.3, Diff: 0.0]
   [Code Root Fixup: 0.0 ms]
   [Code Root Purge: 0.0 ms]
   [Clear CT: 0.8 ms]
   [Other: 17.6 ms]
      [Choose CSet: 0.0 ms]
      [Ref Proc: 17.2 ms]
      [Ref Enq: 0.1 ms]
      [Redirty Cards: 0.1 ms]
      [Humongous Register: 0.0 ms]
      [Humongous Reclaim: 0.0 ms]
      [Free CSet: 0.1 ms]
   [Eden: 5712.0M(5712.0M)->0.0B(7152.0M) Survivors: 16384.0K->16384.0K Heap: 9271.9M(14336.0M)->3548.4M(14336.0M)]
 [Times: user=0.10 sys=0.00, real=0.03 secs] 
2022-10-02T08:03:40.495-0600: 246435.575: [GC pause (G1 Evacuation Pause) (young), 0.0204461 secs]
   [Parallel Time: 7.5 ms, GC Workers: 6]
      [GC Worker Start (ms): Min: 246435574.9, Avg: 246435575.1, Max: 246435575.6, Diff: 0.6]
      [Ext Root Scanning (ms): Min: 0.5, Avg: 1.4, Max: 3.2, Diff: 2.7, Sum: 8.1]
      [Update RS (ms): Min: 1.7, Avg: 3.6, Max: 6.1, Diff: 4.4, Sum: 21.4]
         [Processed Buffers: Min: 6, Avg: 15.0, Max: 28, Diff: 22, Sum: 90]
      [Scan RS (ms): Min: 0.0, Avg: 0.0, Max: 0.1, Diff: 0.1, Sum: 0.2]
      [Code Root Scanning (ms): Min: 0.0, Avg: 0.0, Max: 0.0, Diff: 0.0, Sum: 0.0]
      [Object Copy (ms): Min: 0.0, Avg: 1.7, Max: 2.9, Diff: 2.9, Sum: 10.0]
      [Termination (ms): Min: 0.0, Avg: 0.7, Max: 0.8, Diff: 0.8, Sum: 4.0]
         [Termination Attempts: Min: 1, Avg: 24.0, Max: 37, Diff: 36, Sum: 144]
      [GC Worker Other (ms): Min: 0.0, Avg: 0.0, Max: 0.0, Diff: 0.0, Sum: 0.1]
      [GC Worker Total (ms): Min: 6.8, Avg: 7.3, Max: 7.4, Diff: 0.6, Sum: 43.8]
      [GC Worker End (ms): Min: 246435582.3, Avg: 246435582.4, Max: 246435582.4, Diff: 0.1]
   [Code Root Fixup: 0.0 ms]
   [Code Root Purge: 0.0 ms]
   [Clear CT: 0.7 ms]
   [Other: 12.1 ms]
      [Choose CSet: 0.0 ms]
      [Ref Proc: 11.8 ms]
      [Ref Enq: 0.1 ms]
      [Redirty Cards: 0.1 ms]
      [Humongous Register: 0.0 ms]
      [Humongous Reclaim: 0.0 ms]
      [Free CSet: 0.1 ms]
   [Eden: 7152.0M(7152.0M)->0.0B(7152.0M) Survivors: 16384.0K->16384.0K Heap: 10700.4M(14336.0M)->3553.6M(14336.0M)]
 [Times: user=0.07 sys=0.00, real=0.02 secs] 
2022-10-02T08:05:23.587-0600: 246538.667: [GC pause (G1 Evacuation Pause) (young) (initial-mark), 0.0500591 secs]
   [Parallel Time: 35.2 ms, GC Workers: 6]
      [GC Worker Start (ms): Min: 246538668.1, Avg: 246538669.8, Max: 246538671.1, Diff: 3.1]
      [Ext Root Scanning (ms): Min: 1.4, Avg: 5.8, Max: 9.2, Diff: 7.8, Sum: 34.7]
      [Update RS (ms): Min: 0.8, Avg: 3.5, Max: 7.2, Diff: 6.4, Sum: 20.9]
         [Processed Buffers: Min: 2, Avg: 14.7, Max: 32, Diff: 30, Sum: 88]
      [Scan RS (ms): Min: 0.0, Avg: 0.0, Max: 0.1, Diff: 0.1, Sum: 0.2]
      [Code Root Scanning (ms): Min: 0.0, Avg: 0.0, Max: 0.0, Diff: 0.0, Sum: 0.0]
      [Object Copy (ms): Min: 20.8, Avg: 22.5, Max: 23.0, Diff: 2.2, Sum: 135.1]
      [Termination (ms): Min: 0.0, Avg: 0.0, Max: 0.0, Diff: 0.0, Sum: 0.0]
         [Termination Attempts: Min: 1, Avg: 7.2, Max: 13, Diff: 12, Sum: 43]
      [GC Worker Other (ms): Min: 0.0, Avg: 0.0, Max: 0.1, Diff: 0.0, Sum: 0.2]
      [GC Worker Total (ms): Min: 30.5, Avg: 31.8, Max: 33.6, Diff: 3.1, Sum: 191.1]
      [GC Worker End (ms): Min: 246538701.6, Avg: 246538701.7, Max: 246538701.7, Diff: 0.0]
   [Code Root Fixup: 0.0 ms]
   [Code Root Purge: 0.0 ms]
   [Clear CT: 0.8 ms]
   [Other: 14.1 ms]
      [Choose CSet: 0.0 ms]
      [Ref Proc: 13.5 ms]
      [Ref Enq: 0.1 ms]
      [Redirty Cards: 0.1 ms]
      [Humongous Register: 0.0 ms]
      [Humongous Reclaim: 0.0 ms]
      [Free CSet: 0.2 ms]
   [Eden: 7152.0M(7152.0M)->0.0B(7008.0M) Survivors: 16384.0K->160.0M Heap: 10705.6M(14336.0M)->3693.8M(14336.0M)]
 [Times: user=0.20 sys=0.00, real=0.05 secs] 
2022-10-02T08:05:23.637-0600: 246538.717: [GC concurrent-root-region-scan-start]
2022-10-02T08:05:23.665-0600: 246538.745: [GC concurrent-root-region-scan-end, 0.0281374 secs]
2022-10-02T08:05:23.665-0600: 246538.745: [GC concurrent-mark-start]
2022-10-02T08:05:24.961-0600: 246540.041: [GC concurrent-mark-end, 1.2954766 secs]
2022-10-02T08:05:24.961-0600: 246540.041: [GC remark 2022-10-02T08:05:24.961-0600: 246540.041: [Finalize Marking, 0.0006862 secs] 2022-10-02T08:05:24.961-0600: 246540.041: [GC ref-proc, 0.0279414 secs] 2022-10-02T08:05:24.989-0600: 246540.069: [Unloading, 0.0338701 secs], 0.0693555 secs]
 [Times: user=0.22 sys=0.00, real=0.07 secs] 
2022-10-02T08:05:25.030-0600: 246540.110: [GC cleanup 3757M->3757M(14336M), 0.0068007 secs]
 [Times: user=0.02 sys=0.00, real=0.01 secs] 
2022-10-02T08:07:50.037-0600: 246685.117: [GC pause (G1 Evacuation Pause) (young), 0.0387519 secs]
   [Parallel Time: 26.5 ms, GC Workers: 6]
      [GC Worker Start (ms): Min: 246685117.2, Avg: 246685117.4, Max: 246685117.7, Diff: 0.5]
      [Ext Root Scanning (ms): Min: 0.6, Avg: 1.3, Max: 3.5, Diff: 3.0, Sum: 7.7]
      [Update RS (ms): Min: 0.2, Avg: 2.1, Max: 2.6, Diff: 2.4, Sum: 12.5]
         [Processed Buffers: Min: 3, Avg: 14.0, Max: 28, Diff: 25, Sum: 84]
      [Scan RS (ms): Min: 0.0, Avg: 0.0, Max: 0.1, Diff: 0.1, Sum: 0.2]
      [Code Root Scanning (ms): Min: 0.0, Avg: 0.0, Max: 0.0, Diff: 0.0, Sum: 0.0]
      [Object Copy (ms): Min: 22.5, Avg: 22.6, Max: 22.7, Diff: 0.2, Sum: 135.8]
      [Termination (ms): Min: 0.0, Avg: 0.0, Max: 0.0, Diff: 0.0, Sum: 0.0]
         [Termination Attempts: Min: 1, Avg: 1.0, Max: 1, Diff: 0, Sum: 6]
      [GC Worker Other (ms): Min: 0.0, Avg: 0.0, Max: 0.1, Diff: 0.1, Sum: 0.2]
      [GC Worker Total (ms): Min: 25.8, Avg: 26.1, Max: 26.3, Diff: 0.6, Sum: 156.5]
      [GC Worker End (ms): Min: 246685143.5, Avg: 246685143.5, Max: 246685143.6, Diff: 0.1]
   [Code Root Fixup: 0.0 ms]
   [Code Root Purge: 0.0 ms]
   [Clear CT: 0.7 ms]
   [Other: 11.5 ms]
      [Choose CSet: 0.0 ms]
      [Ref Proc: 10.9 ms]
      [Ref Enq: 0.1 ms]
      [Redirty Cards: 0.3 ms]
      [Humongous Register: 0.0 ms]
      [Humongous Reclaim: 0.0 ms]
      [Free CSet: 0.1 ms]
   [Eden: 7008.0M(7008.0M)->0.0B(5632.0M) Survivors: 160.0M->98304.0K Heap: 10701.8M(14336.0M)->3779.1M(14336.0M)]
 [Times: user=0.16 sys=0.00, real=0.04 secs] 
2022-10-02T08:09:48.495-0600: 246803.575: [GC pause (G1 Evacuation Pause) (mixed), 0.0415430 secs]
   [Parallel Time: 29.7 ms, GC Workers: 6]
      [GC Worker Start (ms): Min: 246803575.2, Avg: 246803578.4, Max: 246803581.5, Diff: 6.3]
      [Ext Root Scanning (ms): Min: 0.0, Avg: 1.6, Max: 5.7, Diff: 5.7, Sum: 9.4]
      [Update RS (ms): Min: 3.6, Avg: 5.1, Max: 6.1, Diff: 2.5, Sum: 30.5]
         [Processed Buffers: Min: 24, Avg: 35.3, Max: 53, Diff: 29, Sum: 212]
      [Scan RS (ms): Min: 5.5, Avg: 5.6, Max: 5.7, Diff: 0.2, Sum: 33.7]
      [Code Root Scanning (ms): Min: 0.0, Avg: 0.0, Max: 0.0, Diff: 0.0, Sum: 0.0]
      [Object Copy (ms): Min: 13.9, Avg: 14.0, Max: 14.1, Diff: 0.2, Sum: 83.9]
      [Termination (ms): Min: 0.0, Avg: 0.0, Max: 0.1, Diff: 0.1, Sum: 0.3]
         [Termination Attempts: Min: 19, Avg: 24.7, Max: 35, Diff: 16, Sum: 148]
      [GC Worker Other (ms): Min: 0.0, Avg: 0.0, Max: 0.0, Diff: 0.0, Sum: 0.1]
      [GC Worker Total (ms): Min: 23.2, Avg: 26.3, Max: 29.5, Diff: 6.3, Sum: 157.8]
      [GC Worker End (ms): Min: 246803604.7, Avg: 246803604.7, Max: 246803604.8, Diff: 0.0]
   [Code Root Fixup: 0.0 ms]
   [Code Root Purge: 0.0 ms]
   [Clear CT: 0.9 ms]
   [Other: 10.9 ms]
      [Choose CSet: 0.0 ms]
      [Ref Proc: 10.2 ms]
      [Ref Enq: 0.1 ms]
      [Redirty Cards: 0.2 ms]
      [Humongous Register: 0.0 ms]
      [Humongous Reclaim: 0.0 ms]
      [Free CSet: 0.2 ms]
   [Eden: 5632.0M(5632.0M)->0.0B(7104.0M) Survivors: 98304.0K->65536.0K Heap: 9411.1M(14336.0M)->3705.0M(14336.0M)]
 [Times: user=0.18 sys=0.00, real=0.04 secs] 
2022-10-02T08:12:18.186-0600: 246953.266: [GC pause (G1 Evacuation Pause) (young), 0.0388285 secs]
   [Parallel Time: 23.1 ms, GC Workers: 6]
      [GC Worker Start (ms): Min: 246953265.9, Avg: 246953267.9, Max: 246953269.1, Diff: 3.2]
      [Ext Root Scanning (ms): Min: 0.0, Avg: 1.0, Max: 2.9, Diff: 2.9, Sum: 6.0]
      [Update RS (ms): Min: 18.1, Avg: 18.7, Max: 19.8, Diff: 1.7, Sum: 112.3]
         [Processed Buffers: Min: 14, Avg: 39.5, Max: 65, Diff: 51, Sum: 237]
      [Scan RS (ms): Min: 0.0, Avg: 0.1, Max: 0.2, Diff: 0.2, Sum: 0.6]
      [Code Root Scanning (ms): Min: 0.0, Avg: 0.0, Max: 0.0, Diff: 0.0, Sum: 0.0]
      [Object Copy (ms): Min: 0.0, Avg: 0.5, Max: 0.9, Diff: 0.9, Sum: 2.8]
      [Termination (ms): Min: 0.0, Avg: 0.6, Max: 0.9, Diff: 0.9, Sum: 3.5]
         [Termination Attempts: Min: 1, Avg: 1.2, Max: 2, Diff: 1, Sum: 7]
      [GC Worker Other (ms): Min: 0.0, Avg: 0.0, Max: 0.0, Diff: 0.0, Sum: 0.0]
      [GC Worker Total (ms): Min: 19.6, Avg: 20.9, Max: 23.0, Diff: 3.3, Sum: 125.3]
      [GC Worker End (ms): Min: 246953288.8, Avg: 246953288.8, Max: 246953288.9, Diff: 0.1]
   [Code Root Fixup: 0.0 ms]
   [Code Root Purge: 0.0 ms]
   [Clear CT: 0.8 ms]
   [Other: 14.9 ms]
      [Choose CSet: 0.0 ms]
      [Ref Proc: 14.6 ms]
      [Ref Enq: 0.1 ms]
      [Redirty Cards: 0.1 ms]
      [Humongous Register: 0.0 ms]
      [Humongous Reclaim: 0.0 ms]
      [Free CSet: 0.1 ms]
   [Eden: 7104.0M(7104.0M)->0.0B(7152.0M) Survivors: 65536.0K->16384.0K Heap: 10809.0M(14336.0M)->3699.7M(14336.0M)]
 [Times: user=0.14 sys=0.00, real=0.04 secs] 
2022-10-02T08:14:41.492-0600: 247096.572: [GC pause (G1 Evacuation Pause) (young) (initial-mark), 0.0241911 secs]
   [Parallel Time: 11.2 ms, GC Workers: 6]
      [GC Worker Start (ms): Min: 247096573.4, Avg: 247096575.5, Max: 247096577.0, Diff: 3.6]
      [Ext Root Scanning (ms): Min: 2.2, Avg: 5.3, Max: 9.6, Diff: 7.4, Sum: 31.9]
      [Update RS (ms): Min: 0.0, Avg: 0.4, Max: 0.9, Diff: 0.9, Sum: 2.5]
         [Processed Buffers: Min: 0, Avg: 7.0, Max: 17, Diff: 17, Sum: 42]
      [Scan RS (ms): Min: 0.0, Avg: 0.0, Max: 0.1, Diff: 0.1, Sum: 0.2]
      [Code Root Scanning (ms): Min: 0.0, Avg: 0.0, Max: 0.0, Diff: 0.0, Sum: 0.0]
      [Object Copy (ms): Min: 0.1, Avg: 0.9, Max: 1.8, Diff: 1.7, Sum: 5.3]
      [Termination (ms): Min: 0.0, Avg: 1.1, Max: 1.7, Diff: 1.7, Sum: 6.3]
         [Termination Attempts: Min: 1, Avg: 3.5, Max: 10, Diff: 9, Sum: 21]
      [GC Worker Other (ms): Min: 0.0, Avg: 0.0, Max: 0.0, Diff: 0.0, Sum: 0.1]
      [GC Worker Total (ms): Min: 6.3, Avg: 7.7, Max: 9.8, Diff: 3.6, Sum: 46.3]
      [GC Worker End (ms): Min: 247096583.2, Avg: 247096583.2, Max: 247096583.3, Diff: 0.0]
   [Code Root Fixup: 0.0 ms]
   [Code Root Purge: 0.0 ms]
   [Clear CT: 0.9 ms]
   [Other: 12.1 ms]
      [Choose CSet: 0.0 ms]
      [Ref Proc: 11.8 ms]
      [Ref Enq: 0.0 ms]
      [Redirty Cards: 0.0 ms]
      [Humongous Register: 0.0 ms]
      [Humongous Reclaim: 0.0 ms]
      [Free CSet: 0.1 ms]
   [Eden: 7152.0M(7152.0M)->0.0B(7152.0M) Survivors: 16384.0K->16384.0K Heap: 10851.7M(14336.0M)->3702.0M(14336.0M)]
 [Times: user=0.08 sys=0.00, real=0.03 secs] 
2022-10-02T08:14:41.517-0600: 247096.596: [GC concurrent-root-region-scan-start]
2022-10-02T08:14:41.520-0600: 247096.600: [GC concurrent-root-region-scan-end, 0.0036957 secs]
2022-10-02T08:14:41.520-0600: 247096.600: [GC concurrent-mark-start]
2022-10-02T08:14:42.786-0600: 247097.866: [GC concurrent-mark-end, 1.2657506 secs]
2022-10-02T08:14:42.786-0600: 247097.866: [GC remark 2022-10-02T08:14:42.786-0600: 247097.866: [Finalize Marking, 0.0026498 secs] 2022-10-02T08:14:42.789-0600: 247097.869: [GC ref-proc, 0.0318347 secs] 2022-10-02T08:14:42.821-0600: 247097.901: [Unloading, 0.0309836 secs], 0.0702233 secs]
 [Times: user=0.25 sys=0.00, real=0.07 secs] 
2022-10-02T08:14:42.857-0600: 247097.937: [GC cleanup 3793M->3777M(14336M), 0.0083600 secs]
 [Times: user=0.02 sys=0.00, real=0.01 secs] 
2022-10-02T08:14:42.865-0600: 247097.945: [GC concurrent-cleanup-start]
2022-10-02T08:14:42.865-0600: 247097.945: [GC concurrent-cleanup-end, 0.0000141 secs]
2022-10-02T08:17:03.636-0600: 247238.716: [GC pause (G1 Evacuation Pause) (young), 0.0173891 secs]
   [Parallel Time: 7.4 ms, GC Workers: 6]
      [GC Worker Start (ms): Min: 247238715.9, Avg: 247238718.5, Max: 247238720.7, Diff: 4.8]
      [Ext Root Scanning (ms): Min: 0.0, Avg: 1.1, Max: 3.1, Diff: 3.1, Sum: 6.4]
      [Update RS (ms): Min: 0.0, Avg: 0.5, Max: 1.4, Diff: 1.4, Sum: 3.2]
         [Processed Buffers: Min: 0, Avg: 7.7, Max: 21, Diff: 21, Sum: 46]
      [Scan RS (ms): Min: 0.0, Avg: 0.0, Max: 0.1, Diff: 0.1, Sum: 0.2]
      [Code Root Scanning (ms): Min: 0.0, Avg: 0.0, Max: 0.0, Diff: 0.0, Sum: 0.0]
      [Object Copy (ms): Min: 0.2, Avg: 1.2, Max: 3.6, Diff: 3.4, Sum: 7.3]
      [Termination (ms): Min: 0.0, Avg: 1.9, Max: 2.3, Diff: 2.3, Sum: 11.2]
         [Termination Attempts: Min: 1, Avg: 2.3, Max: 4, Diff: 3, Sum: 14]
      [GC Worker Other (ms): Min: 0.0, Avg: 0.0, Max: 0.0, Diff: 0.0, Sum: 0.0]
      [GC Worker Total (ms): Min: 2.3, Avg: 4.7, Max: 7.4, Diff: 5.0, Sum: 28.5]
      [GC Worker End (ms): Min: 247238723.1, Avg: 247238723.2, Max: 247238723.3, Diff: 0.2]
   [Code Root Fixup: 0.0 ms]
   [Code Root Purge: 0.0 ms]
   [Clear CT: 0.7 ms]
   [Other: 9.3 ms]
      [Choose CSet: 0.0 ms]
      [Ref Proc: 8.9 ms]
      [Ref Enq: 0.1 ms]
      [Redirty Cards: 0.1 ms]
      [Humongous Register: 0.0 ms]
      [Humongous Reclaim: 0.0 ms]
      [Free CSet: 0.1 ms]
   [Eden: 7152.0M(7152.0M)->0.0B(5712.0M) Survivors: 16384.0K->16384.0K Heap: 10838.0M(14336.0M)->3691.1M(14336.0M)]
 [Times: user=0.06 sys=0.00, real=0.02 secs] 
2022-10-02T08:18:56.494-0600: 247351.573: [GC pause (G1 Evacuation Pause) (mixed), 0.0239148 secs]
   [Parallel Time: 7.1 ms, GC Workers: 6]
      [GC Worker Start (ms): Min: 247351573.6, Avg: 247351575.5, Max: 247351580.6, Diff: 7.0]
      [Ext Root Scanning (ms): Min: 0.0, Avg: 1.3, Max: 3.7, Diff: 3.7, Sum: 7.9]
      [Update RS (ms): Min: 0.0, Avg: 0.5, Max: 1.0, Diff: 1.0, Sum: 2.9]
         [Processed Buffers: Min: 0, Avg: 6.5, Max: 26, Diff: 26, Sum: 39]
      [Scan RS (ms): Min: 0.0, Avg: 1.1, Max: 1.5, Diff: 1.5, Sum: 6.3]
      [Code Root Scanning (ms): Min: 0.0, Avg: 0.0, Max: 0.0, Diff: 0.0, Sum: 0.0]
      [Object Copy (ms): Min: 0.0, Avg: 1.7, Max: 2.2, Diff: 2.2, Sum: 10.5]
      [Termination (ms): Min: 0.0, Avg: 0.5, Max: 0.7, Diff: 0.7, Sum: 3.2]
         [Termination Attempts: Min: 1, Avg: 16.0, Max: 24, Diff: 23, Sum: 96]
      [GC Worker Other (ms): Min: 0.0, Avg: 0.0, Max: 0.0, Diff: 0.0, Sum: 0.0]
      [GC Worker Total (ms): Min: 0.0, Avg: 5.1, Max: 7.0, Diff: 7.0, Sum: 30.7]
      [GC Worker End (ms): Min: 247351580.6, Avg: 247351580.6, Max: 247351580.6, Diff: 0.0]
   [Code Root Fixup: 0.0 ms]
   [Code Root Purge: 0.0 ms]
   [Clear CT: 0.9 ms]
   [Other: 15.8 ms]
      [Choose CSet: 0.0 ms]
      [Ref Proc: 15.4 ms]
      [Ref Enq: 0.1 ms]
      [Redirty Cards: 0.1 ms]
      [Humongous Register: 0.0 ms]
      [Humongous Reclaim: 0.0 ms]
      [Free CSet: 0.2 ms]
   [Eden: 5712.0M(5712.0M)->0.0B(7152.0M) Survivors: 16384.0K->16384.0K Heap: 9403.1M(14336.0M)->3471.5M(14336.0M)]
 [Times: user=0.08 sys=0.00, real=0.02 secs] 
2022-10-02T08:21:27.748-0600: 247502.828: [GC pause (G1 Evacuation Pause) (young), 0.0158996 secs]
   [Parallel Time: 5.3 ms, GC Workers: 6]
      [GC Worker Start (ms): Min: 247502828.4, Avg: 247502828.9, Max: 247502830.0, Diff: 1.6]
      [Ext Root Scanning (ms): Min: 0.0, Avg: 1.1, Max: 3.2, Diff: 3.2, Sum: 6.8]
      [Update RS (ms): Min: 1.1, Avg: 2.7, Max: 3.2, Diff: 2.1, Sum: 16.1]
         [Processed Buffers: Min: 2, Avg: 12.5, Max: 28, Diff: 26, Sum: 75]
      [Scan RS (ms): Min: 0.0, Avg: 0.0, Max: 0.1, Diff: 0.1, Sum: 0.2]
      [Code Root Scanning (ms): Min: 0.0, Avg: 0.0, Max: 0.0, Diff: 0.0, Sum: 0.0]
      [Object Copy (ms): Min: 0.9, Avg: 0.9, Max: 1.1, Diff: 0.2, Sum: 5.5]
      [Termination (ms): Min: 0.0, Avg: 0.0, Max: 0.0, Diff: 0.0, Sum: 0.0]
         [Termination Attempts: Min: 1, Avg: 8.0, Max: 12, Diff: 11, Sum: 48]
      [GC Worker Other (ms): Min: 0.0, Avg: 0.0, Max: 0.0, Diff: 0.0, Sum: 0.1]
      [GC Worker Total (ms): Min: 3.7, Avg: 4.8, Max: 5.3, Diff: 1.6, Sum: 28.8]
      [GC Worker End (ms): Min: 247502833.7, Avg: 247502833.7, Max: 247502833.7, Diff: 0.0]
   [Code Root Fixup: 0.0 ms]
   [Code Root Purge: 0.0 ms]
   [Clear CT: 0.7 ms]
   [Other: 9.8 ms]
      [Choose CSet: 0.0 ms]
      [Ref Proc: 9.5 ms]
      [Ref Enq: 0.1 ms]
      [Redirty Cards: 0.1 ms]
      [Humongous Register: 0.0 ms]
      [Humongous Reclaim: 0.0 ms]
      [Free CSet: 0.1 ms]
   [Eden: 7152.0M(7152.0M)->0.0B(7152.0M) Survivors: 16384.0K->16384.0K Heap: 10623.5M(14336.0M)->3475.0M(14336.0M)]
 [Times: user=0.04 sys=0.00, real=0.01 secs] 
2022-10-02T08:23:59.237-0600: 247654.317: [GC pause (G1 Evacuation Pause) (young) (initial-mark), 0.0216018 secs]
   [Parallel Time: 10.1 ms, GC Workers: 6]
      [GC Worker Start (ms): Min: 247654317.9, Avg: 247654319.3, Max: 247654320.6, Diff: 2.7]
      [Ext Root Scanning (ms): Min: 2.3, Avg: 4.2, Max: 4.9, Diff: 2.6, Sum: 25.4]
      [Update RS (ms): Min: 0.0, Avg: 0.6, Max: 1.9, Diff: 1.9, Sum: 3.9]
         [Processed Buffers: Min: 0, Avg: 7.3, Max: 18, Diff: 18, Sum: 44]
      [Scan RS (ms): Min: 0.0, Avg: 0.0, Max: 0.1, Diff: 0.1, Sum: 0.2]
      [Code Root Scanning (ms): Min: 0.0, Avg: 0.0, Max: 0.0, Diff: 0.0, Sum: 0.0]
      [Object Copy (ms): Min: 0.1, Avg: 1.1, Max: 3.2, Diff: 3.2, Sum: 6.5]
      [Termination (ms): Min: 0.0, Avg: 1.4, Max: 1.8, Diff: 1.8, Sum: 8.6]
         [Termination Attempts: Min: 1, Avg: 2.5, Max: 5, Diff: 4, Sum: 15]
      [GC Worker Other (ms): Min: 0.0, Avg: 0.0, Max: 0.0, Diff: 0.0, Sum: 0.1]
      [GC Worker Total (ms): Min: 6.1, Avg: 7.4, Max: 8.8, Diff: 2.7, Sum: 44.7]
      [GC Worker End (ms): Min: 247654326.7, Avg: 247654326.7, Max: 247654326.7, Diff: 0.1]
   [Code Root Fixup: 0.0 ms]
   [Code Root Purge: 0.0 ms]
   [Clear CT: 0.7 ms]
   [Other: 10.7 ms]
      [Choose CSet: 0.0 ms]
      [Ref Proc: 10.4 ms]
      [Ref Enq: 0.1 ms]
      [Redirty Cards: 0.1 ms]
      [Humongous Register: 0.0 ms]
      [Humongous Reclaim: 0.0 ms]
      [Free CSet: 0.1 ms]
   [Eden: 7152.0M(7152.0M)->0.0B(7152.0M) Survivors: 16384.0K->16384.0K Heap: 10627.0M(14336.0M)->3475.7M(14336.0M)]
 [Times: user=0.07 sys=0.00, real=0.02 secs] 
2022-10-02T08:23:59.258-0600: 247654.338: [GC concurrent-root-region-scan-start]
2022-10-02T08:23:59.262-0600: 247654.342: [GC concurrent-root-region-scan-end, 0.0035705 secs]
2022-10-02T08:23:59.262-0600: 247654.342: [GC concurrent-mark-start]
2022-10-02T08:24:00.521-0600: 247655.601: [GC concurrent-mark-end, 1.2588621 secs]
2022-10-02T08:24:00.521-0600: 247655.601: [GC remark 2022-10-02T08:24:00.521-0600: 247655.601: [Finalize Marking, 0.0018219 secs] 2022-10-02T08:24:00.523-0600: 247655.603: [GC ref-proc, 0.0260375 secs] 2022-10-02T08:24:00.549-0600: 247655.629: [Unloading, 0.0280108 secs], 0.0607505 secs]
 [Times: user=0.23 sys=0.00, real=0.06 secs] 
2022-10-02T08:24:00.582-0600: 247655.662: [GC cleanup 3555M->3555M(14336M), 0.0103621 secs]
 [Times: user=0.02 sys=0.00, real=0.01 secs] 
2022-10-02T08:26:30.787-0600: 247805.867: [GC pause (G1 Evacuation Pause) (young), 0.0150628 secs]
   [Parallel Time: 6.3 ms, GC Workers: 6]
      [GC Worker Start (ms): Min: 247805866.7, Avg: 247805868.8, Max: 247805870.5, Diff: 3.8]
      [Ext Root Scanning (ms): Min: 0.0, Avg: 1.1, Max: 3.0, Diff: 3.0, Sum: 6.4]
      [Update RS (ms): Min: 0.0, Avg: 0.4, Max: 0.6, Diff: 0.6, Sum: 2.2]
         [Processed Buffers: Min: 0, Avg: 6.7, Max: 19, Diff: 19, Sum: 40]
      [Scan RS (ms): Min: 0.0, Avg: 0.0, Max: 0.1, Diff: 0.1, Sum: 0.2]
      [Code Root Scanning (ms): Min: 0.0, Avg: 0.0, Max: 0.0, Diff: 0.0, Sum: 0.0]
      [Object Copy (ms): Min: 0.5, Avg: 1.1, Max: 2.6, Diff: 2.1, Sum: 6.4]
      [Termination (ms): Min: 0.0, Avg: 1.5, Max: 2.0, Diff: 2.0, Sum: 8.9]
         [Termination Attempts: Min: 1, Avg: 1.0, Max: 1, Diff: 0, Sum: 6]
      [GC Worker Other (ms): Min: 0.0, Avg: 0.0, Max: 0.0, Diff: 0.0, Sum: 0.0]
      [GC Worker Total (ms): Min: 2.4, Avg: 4.0, Max: 6.2, Diff: 3.8, Sum: 24.1]
      [GC Worker End (ms): Min: 247805872.7, Avg: 247805872.8, Max: 247805872.9, Diff: 0.2]
   [Code Root Fixup: 0.0 ms]
   [Code Root Purge: 0.0 ms]
   [Clear CT: 0.9 ms]
   [Other: 7.9 ms]
      [Choose CSet: 0.0 ms]
      [Ref Proc: 7.6 ms]
      [Ref Enq: 0.1 ms]
      [Redirty Cards: 0.1 ms]
      [Humongous Register: 0.0 ms]
      [Humongous Reclaim: 0.0 ms]
      [Free CSet: 0.1 ms]
   [Eden: 7152.0M(7152.0M)->0.0B(5712.0M) Survivors: 16384.0K->16384.0K Heap: 10627.7M(14336.0M)->3475.7M(14336.0M)]
 [Times: user=0.04 sys=0.00, real=0.01 secs] 
2022-10-02T08:28:28.887-0600: 247923.967: [GC pause (G1 Evacuation Pause) (mixed), 0.0142602 secs]
   [Parallel Time: 3.9 ms, GC Workers: 6]
      [GC Worker Start (ms): Min: 247923967.3, Avg: 247923967.6, Max: 247923968.7, Diff: 1.4]
      [Ext Root Scanning (ms): Min: 0.0, Avg: 1.4, Max: 3.7, Diff: 3.7, Sum: 8.6]
      [Update RS (ms): Min: 0.0, Avg: 0.4, Max: 0.6, Diff: 0.6, Sum: 2.5]
         [Processed Buffers: Min: 0, Avg: 6.3, Max: 17, Diff: 17, Sum: 38]
      [Scan RS (ms): Min: 0.0, Avg: 0.0, Max: 0.1, Diff: 0.1, Sum: 0.2]
      [Code Root Scanning (ms): Min: 0.0, Avg: 0.0, Max: 0.0, Diff: 0.0, Sum: 0.0]
      [Object Copy (ms): Min: 0.0, Avg: 0.7, Max: 0.9, Diff: 0.9, Sum: 4.0]
      [Termination (ms): Min: 0.0, Avg: 1.0, Max: 1.2, Diff: 1.2, Sum: 5.7]
         [Termination Attempts: Min: 1, Avg: 1.3, Max: 2, Diff: 1, Sum: 8]
      [GC Worker Other (ms): Min: 0.0, Avg: 0.0, Max: 0.0, Diff: 0.0, Sum: 0.0]
      [GC Worker Total (ms): Min: 2.4, Avg: 3.5, Max: 3.8, Diff: 1.4, Sum: 21.2]
      [GC Worker End (ms): Min: 247923971.0, Avg: 247923971.1, Max: 247923971.2, Diff: 0.1]
   [Code Root Fixup: 0.0 ms]
   [Code Root Purge: 0.0 ms]
   [Clear CT: 0.6 ms]
   [Other: 9.8 ms]
      [Choose CSet: 0.0 ms]
      [Ref Proc: 9.5 ms]
      [Ref Enq: 0.1 ms]
      [Redirty Cards: 0.1 ms]
      [Humongous Register: 0.0 ms]
      [Humongous Reclaim: 0.0 ms]
      [Free CSet: 0.1 ms]
   [Eden: 5712.0M(5712.0M)->0.0B(7152.0M) Survivors: 16384.0K->16384.0K Heap: 9187.7M(14336.0M)->3460.2M(14336.0M)]
 [Times: user=0.05 sys=0.00, real=0.01 secs] 
2022-10-02T08:31:00.287-0600: 248075.367: [GC pause (G1 Evacuation Pause) (young), 0.0248605 secs]
   [Parallel Time: 4.7 ms, GC Workers: 6]
      [GC Worker Start (ms): Min: 248075367.3, Avg: 248075369.2, Max: 248075372.0, Diff: 4.7]
      [Ext Root Scanning (ms): Min: 0.0, Avg: 1.2, Max: 3.3, Diff: 3.3, Sum: 7.1]
      [Update RS (ms): Min: 0.0, Avg: 0.4, Max: 0.9, Diff: 0.9, Sum: 2.4]
         [Processed Buffers: Min: 0, Avg: 7.0, Max: 29, Diff: 29, Sum: 42]
      [Scan RS (ms): Min: 0.0, Avg: 0.0, Max: 0.1, Diff: 0.1, Sum: 0.2]
      [Code Root Scanning (ms): Min: 0.0, Avg: 0.0, Max: 0.0, Diff: 0.0, Sum: 0.0]
      [Object Copy (ms): Min: 0.0, Avg: 0.8, Max: 1.5, Diff: 1.5, Sum: 4.8]
      [Termination (ms): Min: 0.0, Avg: 0.4, Max: 0.6, Diff: 0.6, Sum: 2.5]
         [Termination Attempts: Min: 1, Avg: 1.3, Max: 3, Diff: 2, Sum: 8]
      [GC Worker Other (ms): Min: 0.0, Avg: 0.0, Max: 0.0, Diff: 0.0, Sum: 0.0]
      [GC Worker Total (ms): Min: 0.0, Avg: 2.8, Max: 4.7, Diff: 4.7, Sum: 17.1]
      [GC Worker End (ms): Min: 248075372.0, Avg: 248075372.0, Max: 248075372.0, Diff: 0.0]
   [Code Root Fixup: 0.0 ms]
   [Code Root Purge: 0.0 ms]
   [Clear CT: 0.7 ms]
   [Other: 19.4 ms]
      [Choose CSet: 0.0 ms]
      [Ref Proc: 19.1 ms]
      [Ref Enq: 0.1 ms]
      [Redirty Cards: 0.0 ms]
      [Humongous Register: 0.0 ms]
      [Humongous Reclaim: 0.0 ms]
      [Free CSet: 0.1 ms]
   [Eden: 7152.0M(7152.0M)->0.0B(7152.0M) Survivors: 16384.0K->16384.0K Heap: 10612.2M(14336.0M)->3462.3M(14336.0M)]
 [Times: user=0.08 sys=0.00, real=0.02 secs] 
2022-10-02T08:33:31.037-0600: 248226.117: [GC pause (G1 Evacuation Pause) (young) (initial-mark), 0.0301627 secs]
   [Parallel Time: 13.1 ms, GC Workers: 6]
      [GC Worker Start (ms): Min: 248226117.9, Avg: 248226121.5, Max: 248226122.7, Diff: 4.8]
      [Ext Root Scanning (ms): Min: 1.4, Avg: 5.8, Max: 7.1, Diff: 5.7, Sum: 34.8]
      [Update RS (ms): Min: 0.0, Avg: 0.4, Max: 1.2, Diff: 1.2, Sum: 2.3]
         [Processed Buffers: Min: 0, Avg: 6.5, Max: 31, Diff: 31, Sum: 39]
      [Scan RS (ms): Min: 0.0, Avg: 0.0, Max: 0.1, Diff: 0.1, Sum: 0.2]
      [Code Root Scanning (ms): Min: 0.0, Avg: 0.0, Max: 0.0, Diff: 0.0, Sum: 0.0]
      [Object Copy (ms): Min: 0.0, Avg: 0.5, Max: 1.4, Diff: 1.4, Sum: 2.8]
      [Termination (ms): Min: 0.0, Avg: 1.3, Max: 3.1, Diff: 3.1, Sum: 7.5]
         [Termination Attempts: Min: 1, Avg: 1.2, Max: 2, Diff: 1, Sum: 7]
      [GC Worker Other (ms): Min: 0.0, Avg: 0.0, Max: 0.0, Diff: 0.0, Sum: 0.1]
      [GC Worker Total (ms): Min: 6.8, Avg: 8.0, Max: 11.6, Diff: 4.8, Sum: 47.8]
      [GC Worker End (ms): Min: 248226129.5, Avg: 248226129.5, Max: 248226129.6, Diff: 0.1]
   [Code Root Fixup: 0.0 ms]
   [Code Root Purge: 0.0 ms]
   [Clear CT: 0.7 ms]
   [Other: 16.3 ms]
      [Choose CSet: 0.0 ms]
      [Ref Proc: 15.9 ms]
      [Ref Enq: 0.1 ms]
      [Redirty Cards: 0.1 ms]
      [Humongous Register: 0.0 ms]
      [Humongous Reclaim: 0.0 ms]
      [Free CSet: 0.1 ms]
   [Eden: 7152.0M(7152.0M)->0.0B(7152.0M) Survivors: 16384.0K->16384.0K Heap: 10614.3M(14336.0M)->3460.5M(14336.0M)]
 [Times: user=0.07 sys=0.00, real=0.03 secs] 
2022-10-02T08:33:31.067-0600: 248226.147: [GC concurrent-root-region-scan-start]
2022-10-02T08:33:31.071-0600: 248226.150: [GC concurrent-root-region-scan-end, 0.0036752 secs]
2022-10-02T08:33:31.071-0600: 248226.150: [GC concurrent-mark-start]
2022-10-02T08:33:32.332-0600: 248227.411: [GC concurrent-mark-end, 1.2609099 secs]
2022-10-02T08:33:32.332-0600: 248227.412: [GC remark 2022-10-02T08:33:32.332-0600: 248227.412: [Finalize Marking, 0.0018132 secs] 2022-10-02T08:33:32.333-0600: 248227.413: [GC ref-proc, 0.0277082 secs] 2022-10-02T08:33:32.361-0600: 248227.441: [Unloading, 0.0305767 secs], 0.0657326 secs]
 [Times: user=0.21 sys=0.00, real=0.07 secs] 
2022-10-02T08:33:32.398-0600: 248227.478: [GC cleanup 3548M->3548M(14336M), 0.0079661 secs]
 [Times: user=0.03 sys=0.00, real=0.01 secs] 
2022-10-02T08:36:02.563-0600: 248377.642: [GC pause (G1 Evacuation Pause) (young), 0.0161026 secs]
   [Parallel Time: 4.2 ms, GC Workers: 6]
      [GC Worker Start (ms): Min: 248377642.5, Avg: 248377644.1, Max: 248377646.7, Diff: 4.1]
      [Ext Root Scanning (ms): Min: 0.0, Avg: 1.1, Max: 3.3, Diff: 3.3, Sum: 6.7]
      [Update RS (ms): Min: 0.0, Avg: 0.4, Max: 0.6, Diff: 0.6, Sum: 2.3]
         [Processed Buffers: Min: 0, Avg: 6.7, Max: 22, Diff: 22, Sum: 40]
      [Scan RS (ms): Min: 0.0, Avg: 0.0, Max: 0.1, Diff: 0.1, Sum: 0.2]
      [Code Root Scanning (ms): Min: 0.0, Avg: 0.0, Max: 0.0, Diff: 0.0, Sum: 0.0]
      [Object Copy (ms): Min: 0.0, Avg: 0.5, Max: 0.9, Diff: 0.9, Sum: 3.2]
      [Termination (ms): Min: 0.0, Avg: 0.5, Max: 0.6, Diff: 0.6, Sum: 3.1]
         [Termination Attempts: Min: 1, Avg: 1.8, Max: 3, Diff: 2, Sum: 11]
      [GC Worker Other (ms): Min: 0.0, Avg: 0.0, Max: 0.0, Diff: 0.0, Sum: 0.0]
      [GC Worker Total (ms): Min: 0.0, Avg: 2.6, Max: 4.2, Diff: 4.1, Sum: 15.6]
      [GC Worker End (ms): Min: 248377646.7, Avg: 248377646.7, Max: 248377646.7, Diff: 0.0]
   [Code Root Fixup: 0.0 ms]
   [Code Root Purge: 0.0 ms]
   [Clear CT: 0.7 ms]
   [Other: 11.1 ms]
      [Choose CSet: 0.0 ms]
      [Ref Proc: 10.7 ms]
      [Ref Enq: 0.1 ms]
      [Redirty Cards: 0.1 ms]
      [Humongous Register: 0.0 ms]
      [Humongous Reclaim: 0.0 ms]
      [Free CSet: 0.1 ms]
   [Eden: 7152.0M(7152.0M)->0.0B(5712.0M) Survivors: 16384.0K->16384.0K Heap: 10612.5M(14336.0M)->3460.1M(14336.0M)]
 [Times: user=0.05 sys=0.00, real=0.02 secs] 
2022-10-02T08:38:02.501-0600: 248497.581: [GC pause (G1 Evacuation Pause) (mixed), 0.0214589 secs]
   [Parallel Time: 5.0 ms, GC Workers: 6]
      [GC Worker Start (ms): Min: 248497580.6, Avg: 248497581.4, Max: 248497584.8, Diff: 4.1]
      [Ext Root Scanning (ms): Min: 0.0, Avg: 1.9, Max: 4.0, Diff: 4.0, Sum: 11.2]
      [Update RS (ms): Min: 0.0, Avg: 0.3, Max: 0.8, Diff: 0.8, Sum: 2.1]
         [Processed Buffers: Min: 0, Avg: 6.2, Max: 20, Diff: 20, Sum: 37]
      [Scan RS (ms): Min: 0.0, Avg: 0.5, Max: 1.0, Diff: 1.0, Sum: 2.8]
      [Code Root Scanning (ms): Min: 0.0, Avg: 0.0, Max: 0.0, Diff: 0.0, Sum: 0.0]
      [Object Copy (ms): Min: 0.7, Avg: 1.5, Max: 2.1, Diff: 1.3, Sum: 8.8]
      [Termination (ms): Min: 0.0, Avg: 0.0, Max: 0.0, Diff: 0.0, Sum: 0.1]
         [Termination Attempts: Min: 2, Avg: 6.3, Max: 11, Diff: 9, Sum: 38]
      [GC Worker Other (ms): Min: 0.0, Avg: 0.0, Max: 0.0, Diff: 0.0, Sum: 0.1]
      [GC Worker Total (ms): Min: 0.8, Avg: 4.2, Max: 4.9, Diff: 4.1, Sum: 25.1]
      [GC Worker End (ms): Min: 248497585.5, Avg: 248497585.5, Max: 248497585.5, Diff: 0.0]
   [Code Root Fixup: 0.0 ms]
   [Code Root Purge: 0.0 ms]
   [Clear CT: 0.9 ms]
   [Other: 15.6 ms]
      [Choose CSet: 0.0 ms]
      [Ref Proc: 15.2 ms]
      [Ref Enq: 0.1 ms]
      [Redirty Cards: 0.1 ms]
      [Humongous Register: 0.0 ms]
      [Humongous Reclaim: 0.0 ms]
      [Free CSet: 0.1 ms]
   [Eden: 5712.0M(5712.0M)->0.0B(7152.0M) Survivors: 16384.0K->16384.0K Heap: 9172.1M(14336.0M)->3449.4M(14336.0M)]
 [Times: user=0.06 sys=0.00, real=0.02 secs] 
2022-10-02T08:40:33.337-0600: 248648.417: [GC pause (G1 Evacuation Pause) (young), 0.0172988 secs]
   [Parallel Time: 6.2 ms, GC Workers: 6]
      [GC Worker Start (ms): Min: 248648417.3, Avg: 248648417.9, Max: 248648420.7, Diff: 3.4]
      [Ext Root Scanning (ms): Min: 0.0, Avg: 2.1, Max: 3.1, Diff: 3.1, Sum: 12.4]
      [Update RS (ms): Min: 1.3, Avg: 2.1, Max: 4.1, Diff: 2.8, Sum: 12.9]
         [Processed Buffers: Min: 6, Avg: 12.8, Max: 33, Diff: 27, Sum: 77]
      [Scan RS (ms): Min: 0.0, Avg: 0.0, Max: 0.1, Diff: 0.1, Sum: 0.2]
      [Code Root Scanning (ms): Min: 0.0, Avg: 0.0, Max: 0.0, Diff: 0.0, Sum: 0.0]
      [Object Copy (ms): Min: 0.3, Avg: 0.7, Max: 1.0, Diff: 0.7, Sum: 4.3]
      [Termination (ms): Min: 0.0, Avg: 0.5, Max: 0.7, Diff: 0.7, Sum: 3.1]
         [Termination Attempts: Min: 1, Avg: 4.5, Max: 9, Diff: 8, Sum: 27]
      [GC Worker Other (ms): Min: 0.0, Avg: 0.0, Max: 0.0, Diff: 0.0, Sum: 0.0]
      [GC Worker Total (ms): Min: 2.8, Avg: 5.5, Max: 6.1, Diff: 3.3, Sum: 33.0]
      [GC Worker End (ms): Min: 248648423.4, Avg: 248648423.4, Max: 248648423.5, Diff: 0.1]
   [Code Root Fixup: 0.0 ms]
   [Code Root Purge: 0.0 ms]
   [Clear CT: 0.7 ms]
   [Other: 10.4 ms]
      [Choose CSet: 0.0 ms]
      [Ref Proc: 10.0 ms]
      [Ref Enq: 0.1 ms]
      [Redirty Cards: 0.1 ms]
      [Humongous Register: 0.0 ms]
      [Humongous Reclaim: 0.0 ms]
      [Free CSet: 0.1 ms]
   [Eden: 7152.0M(7152.0M)->0.0B(7152.0M) Survivors: 16384.0K->16384.0K Heap: 10601.4M(14336.0M)->3451.5M(14336.0M)]
 [Times: user=0.05 sys=0.00, real=0.02 secs] 
2022-10-02T08:43:01.737-0600: 248796.817: [GC pause (G1 Evacuation Pause) (young) (initial-mark), 0.0228996 secs]
   [Parallel Time: 11.9 ms, GC Workers: 6]
      [GC Worker Start (ms): Min: 248796818.5, Avg: 248796820.5, Max: 248796821.9, Diff: 3.4]
      [Ext Root Scanning (ms): Min: 2.0, Avg: 5.7, Max: 8.9, Diff: 6.9, Sum: 34.0]
      [Update RS (ms): Min: 0.0, Avg: 0.3, Max: 1.0, Diff: 1.0, Sum: 1.9]
         [Processed Buffers: Min: 0, Avg: 7.3, Max: 33, Diff: 33, Sum: 44]
      [Scan RS (ms): Min: 0.0, Avg: 0.0, Max: 0.1, Diff: 0.1, Sum: 0.2]
      [Code Root Scanning (ms): Min: 0.0, Avg: 0.0, Max: 0.0, Diff: 0.0, Sum: 0.0]
      [Object Copy (ms): Min: 0.0, Avg: 0.4, Max: 1.0, Diff: 1.0, Sum: 2.2]
      [Termination (ms): Min: 0.0, Avg: 2.1, Max: 3.3, Diff: 3.3, Sum: 12.6]
         [Termination Attempts: Min: 1, Avg: 1.3, Max: 3, Diff: 2, Sum: 8]
      [GC Worker Other (ms): Min: 0.0, Avg: 0.0, Max: 0.0, Diff: 0.0, Sum: 0.1]
      [GC Worker Total (ms): Min: 7.1, Avg: 8.5, Max: 10.6, Diff: 3.5, Sum: 51.0]
      [GC Worker End (ms): Min: 248796828.9, Avg: 248796829.0, Max: 248796829.1, Diff: 0.2]
   [Code Root Fixup: 0.0 ms]
   [Code Root Purge: 0.0 ms]
   [Clear CT: 1.0 ms]
   [Other: 10.0 ms]
      [Choose CSet: 0.0 ms]
      [Ref Proc: 9.5 ms]
      [Ref Enq: 0.1 ms]
      [Redirty Cards: 0.1 ms]
      [Humongous Register: 0.0 ms]
      [Humongous Reclaim: 0.0 ms]
      [Free CSet: 0.2 ms]
   [Eden: 7152.0M(7152.0M)->0.0B(7152.0M) Survivors: 16384.0K->16384.0K Heap: 10603.5M(14336.0M)->3450.6M(14336.0M)]
 [Times: user=0.06 sys=0.00, real=0.02 secs] 
2022-10-02T08:43:01.760-0600: 248796.840: [GC concurrent-root-region-scan-start]
2022-10-02T08:43:01.765-0600: 248796.845: [GC concurrent-root-region-scan-end, 0.0048614 secs]
2022-10-02T08:43:01.765-0600: 248796.845: [GC concurrent-mark-start]
2022-10-02T08:43:03.034-0600: 248798.114: [GC concurrent-mark-end, 1.2685776 secs]
2022-10-02T08:43:03.034-0600: 248798.114: [GC remark 2022-10-02T08:43:03.034-0600: 248798.114: [Finalize Marking, 0.0023705 secs] 2022-10-02T08:43:03.036-0600: 248798.116: [GC ref-proc, 0.0258164 secs] 2022-10-02T08:43:03.062-0600: 248798.142: [Unloading, 0.0288576 secs], 0.0616416 secs]
 [Times: user=0.22 sys=0.00, real=0.06 secs] 
2022-10-02T08:43:03.096-0600: 248798.176: [GC cleanup 3514M->3514M(14336M), 0.0120328 secs]
 [Times: user=0.02 sys=0.00, real=0.01 secs] 
2022-10-02T08:45:34.500-0600: 248949.580: [GC pause (G1 Evacuation Pause) (young), 0.0212993 secs]
   [Parallel Time: 4.3 ms, GC Workers: 6]
      [GC Worker Start (ms): Min: 248949579.9, Avg: 248949580.1, Max: 248949580.7, Diff: 0.8]
      [Ext Root Scanning (ms): Min: 0.8, Avg: 2.6, Max: 4.0, Diff: 3.2, Sum: 15.3]
      [Update RS (ms): Min: 0.0, Avg: 0.4, Max: 0.8, Diff: 0.8, Sum: 2.3]
         [Processed Buffers: Min: 0, Avg: 6.0, Max: 22, Diff: 22, Sum: 36]
      [Scan RS (ms): Min: 0.0, Avg: 0.0, Max: 0.1, Diff: 0.1, Sum: 0.2]
      [Code Root Scanning (ms): Min: 0.0, Avg: 0.0, Max: 0.0, Diff: 0.0, Sum: 0.0]
      [Object Copy (ms): Min: 0.0, Avg: 0.7, Max: 1.4, Diff: 1.4, Sum: 4.1]
      [Termination (ms): Min: 0.0, Avg: 0.4, Max: 0.6, Diff: 0.6, Sum: 2.3]
         [Termination Attempts: Min: 1, Avg: 1.0, Max: 1, Diff: 0, Sum: 6]
      [GC Worker Other (ms): Min: 0.0, Avg: 0.0, Max: 0.0, Diff: 0.0, Sum: 0.0]
      [GC Worker Total (ms): Min: 3.4, Avg: 4.0, Max: 4.3, Diff: 0.9, Sum: 24.2]
      [GC Worker End (ms): Min: 248949584.0, Avg: 248949584.1, Max: 248949584.2, Diff: 0.2]
   [Code Root Fixup: 0.0 ms]
   [Code Root Purge: 0.0 ms]
   [Clear CT: 0.9 ms]
   [Other: 16.1 ms]
      [Choose CSet: 0.0 ms]
      [Ref Proc: 15.7 ms]
      [Ref Enq: 0.1 ms]
      [Redirty Cards: 0.0 ms]
      [Humongous Register: 0.0 ms]
      [Humongous Reclaim: 0.0 ms]
      [Free CSet: 0.1 ms]
   [Eden: 7152.0M(7152.0M)->0.0B(7152.0M) Survivors: 16384.0K->16384.0K Heap: 10602.6M(14336.0M)->3451.5M(14336.0M)]
 [Times: user=0.06 sys=0.00, real=0.02 secs] 
2022-10-02T08:48:01.495-0600: 249096.575: [GC pause (G1 Evacuation Pause) (young), 0.0166141 secs]
   [Parallel Time: 5.4 ms, GC Workers: 6]
      [GC Worker Start (ms): Min: 249096575.3, Avg: 249096577.4, Max: 249096580.5, Diff: 5.3]
      [Ext Root Scanning (ms): Min: 0.0, Avg: 1.2, Max: 3.2, Diff: 3.2, Sum: 7.2]
      [Update RS (ms): Min: 0.0, Avg: 0.4, Max: 0.9, Diff: 0.9, Sum: 2.6]
         [Processed Buffers: Min: 0, Avg: 6.5, Max: 16, Diff: 16, Sum: 39]
      [Scan RS (ms): Min: 0.0, Avg: 0.0, Max: 0.1, Diff: 0.1, Sum: 0.2]
      [Code Root Scanning (ms): Min: 0.0, Avg: 0.0, Max: 0.0, Diff: 0.0, Sum: 0.0]
      [Object Copy (ms): Min: 0.0, Avg: 0.6, Max: 0.9, Diff: 0.9, Sum: 3.3]
      [Termination (ms): Min: 0.0, Avg: 0.9, Max: 1.3, Diff: 1.3, Sum: 5.6]
         [Termination Attempts: Min: 1, Avg: 6.7, Max: 18, Diff: 17, Sum: 40]
      [GC Worker Other (ms): Min: 0.0, Avg: 0.0, Max: 0.0, Diff: 0.0, Sum: 0.0]
      [GC Worker Total (ms): Min: 0.0, Avg: 3.2, Max: 5.3, Diff: 5.3, Sum: 18.9]
      [GC Worker End (ms): Min: 249096580.5, Avg: 249096580.6, Max: 249096580.6, Diff: 0.1]
   [Code Root Fixup: 0.0 ms]
   [Code Root Purge: 0.0 ms]
   [Clear CT: 0.7 ms]
   [Other: 10.5 ms]
      [Choose CSet: 0.0 ms]
      [Ref Proc: 10.1 ms]
      [Ref Enq: 0.1 ms]
      [Redirty Cards: 0.1 ms]
      [Humongous Register: 0.0 ms]
      [Humongous Reclaim: 0.0 ms]
      [Free CSet: 0.1 ms]
   [Eden: 7152.0M(7152.0M)->0.0B(7152.0M) Survivors: 16384.0K->16384.0K Heap: 10603.5M(14336.0M)->3452.2M(14336.0M)]
 [Times: user=0.05 sys=0.00, real=0.01 secs] 
2022-10-02T08:50:32.497-0600: 249247.577: [GC pause (G1 Evacuation Pause) (young) (initial-mark), 0.0260534 secs]
   [Parallel Time: 13.8 ms, GC Workers: 6]
      [GC Worker Start (ms): Min: 249247578.1, Avg: 249247581.8, Max: 249247583.0, Diff: 4.9]
      [Ext Root Scanning (ms): Min: 1.4, Avg: 6.0, Max: 8.3, Diff: 6.9, Sum: 36.3]
      [Update RS (ms): Min: 0.0, Avg: 0.4, Max: 1.1, Diff: 1.1, Sum: 2.2]
         [Processed Buffers: Min: 0, Avg: 6.5, Max: 23, Diff: 23, Sum: 39]
      [Scan RS (ms): Min: 0.0, Avg: 0.0, Max: 0.1, Diff: 0.1, Sum: 0.2]
      [Code Root Scanning (ms): Min: 0.0, Avg: 0.0, Max: 0.0, Diff: 0.0, Sum: 0.0]
      [Object Copy (ms): Min: 0.0, Avg: 0.8, Max: 2.4, Diff: 2.4, Sum: 4.7]
      [Termination (ms): Min: 0.0, Avg: 1.5, Max: 2.8, Diff: 2.8, Sum: 8.9]
         [Termination Attempts: Min: 1, Avg: 1.2, Max: 2, Diff: 1, Sum: 7]
      [GC Worker Other (ms): Min: 0.0, Avg: 0.0, Max: 0.0, Diff: 0.0, Sum: 0.0]
      [GC Worker Total (ms): Min: 7.5, Avg: 8.7, Max: 12.5, Diff: 5.0, Sum: 52.4]
      [GC Worker End (ms): Min: 249247590.5, Avg: 249247590.5, Max: 249247590.5, Diff: 0.0]
   [Code Root Fixup: 0.0 ms]
   [Code Root Purge: 0.0 ms]
   [Clear CT: 0.5 ms]
   [Other: 11.7 ms]
      [Choose CSet: 0.0 ms]
      [Ref Proc: 11.3 ms]
      [Ref Enq: 0.1 ms]
      [Redirty Cards: 0.1 ms]
      [Humongous Register: 0.0 ms]
      [Humongous Reclaim: 0.0 ms]
      [Free CSet: 0.1 ms]
   [Eden: 7152.0M(7152.0M)->0.0B(7152.0M) Survivors: 16384.0K->16384.0K Heap: 10604.2M(14336.0M)->3452.9M(14336.0M)]
 [Times: user=0.06 sys=0.00, real=0.02 secs] 
2022-10-02T08:50:32.523-0600: 249247.603: [GC concurrent-root-region-scan-start]
2022-10-02T08:50:32.527-0600: 249247.607: [GC concurrent-root-region-scan-end, 0.0039822 secs]
2022-10-02T08:50:32.527-0600: 249247.607: [GC concurrent-mark-start]
2022-10-02T08:50:33.797-0600: 249248.877: [GC concurrent-mark-end, 1.2702385 secs]
2022-10-02T08:50:33.797-0600: 249248.877: [GC remark 2022-10-02T08:50:33.797-0600: 249248.877: [Finalize Marking, 0.0017212 secs] 2022-10-02T08:50:33.799-0600: 249248.879: [GC ref-proc, 0.0227453 secs] 2022-10-02T08:50:33.822-0600: 249248.902: [Unloading, 0.0289556 secs], 0.0579912 secs]
 [Times: user=0.21 sys=0.00, real=0.06 secs] 
2022-10-02T08:50:33.856-0600: 249248.935: [GC cleanup 3542M->3542M(14336M), 0.0084623 secs]
 [Times: user=0.02 sys=0.00, real=0.00 secs] 
2022-10-02T08:53:00.686-0600: 249395.766: [GC pause (G1 Evacuation Pause) (young), 0.0215134 secs]
   [Parallel Time: 4.7 ms, GC Workers: 6]
      [GC Worker Start (ms): Min: 249395765.8, Avg: 249395768.0, Max: 249395770.5, Diff: 4.7]
      [Ext Root Scanning (ms): Min: 0.0, Avg: 1.1, Max: 2.9, Diff: 2.9, Sum: 6.6]
      [Update RS (ms): Min: 0.0, Avg: 0.4, Max: 1.0, Diff: 1.0, Sum: 2.5]
         [Processed Buffers: Min: 0, Avg: 6.7, Max: 15, Diff: 15, Sum: 40]
      [Scan RS (ms): Min: 0.0, Avg: 0.0, Max: 0.1, Diff: 0.1, Sum: 0.2]
      [Code Root Scanning (ms): Min: 0.0, Avg: 0.0, Max: 0.0, Diff: 0.0, Sum: 0.0]
      [Object Copy (ms): Min: 0.0, Avg: 0.6, Max: 1.0, Diff: 1.0, Sum: 3.5]
      [Termination (ms): Min: 0.0, Avg: 0.4, Max: 0.6, Diff: 0.6, Sum: 2.5]
         [Termination Attempts: Min: 1, Avg: 1.0, Max: 1, Diff: 0, Sum: 6]
      [GC Worker Other (ms): Min: 0.0, Avg: 0.0, Max: 0.0, Diff: 0.0, Sum: 0.0]
      [GC Worker Total (ms): Min: 0.0, Avg: 2.6, Max: 4.7, Diff: 4.7, Sum: 15.4]
      [GC Worker End (ms): Min: 249395770.5, Avg: 249395770.5, Max: 249395770.5, Diff: 0.0]
   [Code Root Fixup: 0.0 ms]
   [Code Root Purge: 0.0 ms]
   [Clear CT: 0.9 ms]
   [Other: 15.9 ms]
      [Choose CSet: 0.0 ms]
      [Ref Proc: 15.6 ms]
      [Ref Enq: 0.1 ms]
      [Redirty Cards: 0.1 ms]
      [Humongous Register: 0.0 ms]
      [Humongous Reclaim: 0.0 ms]
      [Free CSet: 0.1 ms]
   [Eden: 7152.0M(7152.0M)->0.0B(7152.0M) Survivors: 16384.0K->16384.0K Heap: 10604.9M(14336.0M)->3454.4M(14336.0M)]
 [Times: user=0.06 sys=0.00, real=0.02 secs] 
2022-10-02T08:55:28.335-0600: 249543.415: [GC pause (G1 Evacuation Pause) (young), 0.0207333 secs]
   [Parallel Time: 6.0 ms, GC Workers: 6]
      [GC Worker Start (ms): Min: 249543414.9, Avg: 249543418.0, Max: 249543420.7, Diff: 5.8]
      [Ext Root Scanning (ms): Min: 0.0, Avg: 1.0, Max: 2.8, Diff: 2.8, Sum: 5.9]
      [Update RS (ms): Min: 0.0, Avg: 0.4, Max: 0.9, Diff: 0.9, Sum: 2.5]
         [Processed Buffers: Min: 0, Avg: 7.5, Max: 26, Diff: 26, Sum: 45]
      [Scan RS (ms): Min: 0.0, Avg: 0.0, Max: 0.1, Diff: 0.1, Sum: 0.2]
      [Code Root Scanning (ms): Min: 0.0, Avg: 0.0, Max: 0.0, Diff: 0.0, Sum: 0.0]
      [Object Copy (ms): Min: 0.0, Avg: 0.6, Max: 1.3, Diff: 1.3, Sum: 3.9]
      [Termination (ms): Min: 0.0, Avg: 0.7, Max: 1.1, Diff: 1.1, Sum: 4.2]
         [Termination Attempts: Min: 1, Avg: 9.3, Max: 19, Diff: 18, Sum: 56]
      [GC Worker Other (ms): Min: 0.0, Avg: 0.0, Max: 0.0, Diff: 0.0, Sum: 0.0]
      [GC Worker Total (ms): Min: 0.0, Avg: 2.8, Max: 6.0, Diff: 6.0, Sum: 16.6]
      [GC Worker End (ms): Min: 249543420.7, Avg: 249543420.8, Max: 249543420.9, Diff: 0.1]
   [Code Root Fixup: 0.0 ms]
   [Code Root Purge: 0.0 ms]
   [Clear CT: 0.7 ms]
   [Other: 14.0 ms]
      [Choose CSet: 0.0 ms]
      [Ref Proc: 13.7 ms]
      [Ref Enq: 0.1 ms]
      [Redirty Cards: 0.1 ms]
      [Humongous Register: 0.0 ms]
      [Humongous Reclaim: 0.0 ms]
      [Free CSet: 0.1 ms]
   [Eden: 7152.0M(7152.0M)->0.0B(7152.0M) Survivors: 16384.0K->16384.0K Heap: 10606.4M(14336.0M)->3455.1M(14336.0M)]
 [Times: user=0.05 sys=0.00, real=0.02 secs] 
2022-10-02T08:57:53.499-0600: 249688.579: [GC pause (G1 Evacuation Pause) (young) (initial-mark), 0.0377322 secs]
   [Parallel Time: 9.9 ms, GC Workers: 6]
      [GC Worker Start (ms): Min: 249688580.6, Avg: 249688581.3, Max: 249688582.7, Diff: 2.1]
      [Ext Root Scanning (ms): Min: 2.2, Avg: 5.5, Max: 8.1, Diff: 6.0, Sum: 33.1]
      [Update RS (ms): Min: 0.0, Avg: 0.4, Max: 0.8, Diff: 0.8, Sum: 2.3]
         [Processed Buffers: Min: 0, Avg: 6.3, Max: 30, Diff: 30, Sum: 38]
      [Scan RS (ms): Min: 0.0, Avg: 0.0, Max: 0.1, Diff: 0.1, Sum: 0.2]
      [Code Root Scanning (ms): Min: 0.0, Avg: 0.0, Max: 0.0, Diff: 0.0, Sum: 0.0]
      [Object Copy (ms): Min: 0.0, Avg: 0.7, Max: 1.5, Diff: 1.5, Sum: 4.4]
      [Termination (ms): Min: 0.0, Avg: 1.2, Max: 2.3, Diff: 2.3, Sum: 7.3]
         [Termination Attempts: Min: 1, Avg: 3.7, Max: 9, Diff: 8, Sum: 22]
      [GC Worker Other (ms): Min: 0.0, Avg: 0.0, Max: 0.0, Diff: 0.0, Sum: 0.0]
      [GC Worker Total (ms): Min: 6.5, Avg: 7.9, Max: 8.7, Diff: 2.2, Sum: 47.4]
      [GC Worker End (ms): Min: 249688589.1, Avg: 249688589.2, Max: 249688589.2, Diff: 0.1]
   [Code Root Fixup: 0.0 ms]
   [Code Root Purge: 0.0 ms]
   [Clear CT: 0.8 ms]
   [Other: 27.0 ms]
      [Choose CSet: 0.0 ms]
      [Ref Proc: 26.6 ms]
      [Ref Enq: 0.1 ms]
      [Redirty Cards: 0.1 ms]
      [Humongous Register: 0.0 ms]
      [Humongous Reclaim: 0.0 ms]
      [Free CSet: 0.1 ms]
   [Eden: 7152.0M(7152.0M)->0.0B(7152.0M) Survivors: 16384.0K->16384.0K Heap: 10607.1M(14336.0M)->3456.9M(14336.0M)]
 [Times: user=0.10 sys=0.00, real=0.04 secs] 
2022-10-02T08:57:53.537-0600: 249688.617: [GC concurrent-root-region-scan-start]
2022-10-02T08:57:53.541-0600: 249688.621: [GC concurrent-root-region-scan-end, 0.0038043 secs]
2022-10-02T08:57:53.541-0600: 249688.621: [GC concurrent-mark-start]
2022-10-02T08:57:54.804-0600: 249689.883: [GC concurrent-mark-end, 1.2625910 secs]
2022-10-02T08:57:54.804-0600: 249689.884: [GC remark 2022-10-02T08:57:54.804-0600: 249689.884: [Finalize Marking, 0.0014542 secs] 2022-10-02T08:57:54.805-0600: 249689.885: [GC ref-proc, 0.0295392 secs] 2022-10-02T08:57:54.835-0600: 249689.915: [Unloading, 0.0281936 secs], 0.0642217 secs]
 [Times: user=0.23 sys=0.00, real=0.07 secs] 
2022-10-02T08:57:54.868-0600: 249689.948: [GC cleanup 3536M->3536M(14336M), 0.0084451 secs]
 [Times: user=0.02 sys=0.00, real=0.01 secs] 
2022-10-02T09:00:23.836-0600: 249838.916: [GC pause (G1 Evacuation Pause) (young), 0.0261582 secs]
   [Parallel Time: 12.7 ms, GC Workers: 6]
      [GC Worker Start (ms): Min: 249838916.2, Avg: 249838918.7, Max: 249838921.6, Diff: 5.4]
      [Ext Root Scanning (ms): Min: 0.0, Avg: 1.1, Max: 3.1, Diff: 3.1, Sum: 6.7]
      [Update RS (ms): Min: 0.0, Avg: 0.5, Max: 1.4, Diff: 1.4, Sum: 3.3]
         [Processed Buffers: Min: 0, Avg: 7.8, Max: 24, Diff: 24, Sum: 47]
      [Scan RS (ms): Min: 0.0, Avg: 0.0, Max: 0.1, Diff: 0.1, Sum: 0.2]
      [Code Root Scanning (ms): Min: 0.0, Avg: 0.0, Max: 0.0, Diff: 0.0, Sum: 0.0]
      [Object Copy (ms): Min: 0.0, Avg: 2.0, Max: 8.8, Diff: 8.8, Sum: 12.1]
      [Termination (ms): Min: 0.0, Avg: 6.4, Max: 7.8, Diff: 7.8, Sum: 38.2]
         [Termination Attempts: Min: 1, Avg: 1.0, Max: 1, Diff: 0, Sum: 6]
      [GC Worker Other (ms): Min: 0.0, Avg: 0.0, Max: 0.0, Diff: 0.0, Sum: 0.0]
      [GC Worker Total (ms): Min: 7.2, Avg: 10.1, Max: 12.5, Diff: 5.3, Sum: 60.5]
      [GC Worker End (ms): Min: 249838928.7, Avg: 249838928.8, Max: 249838928.9, Diff: 0.2]
   [Code Root Fixup: 0.0 ms]
   [Code Root Purge: 0.0 ms]
   [Clear CT: 0.8 ms]
   [Other: 12.6 ms]
      [Choose CSet: 0.0 ms]
      [Ref Proc: 12.3 ms]
      [Ref Enq: 0.1 ms]
      [Redirty Cards: 0.1 ms]
      [Humongous Register: 0.0 ms]
      [Humongous Reclaim: 0.0 ms]
      [Free CSet: 0.1 ms]
   [Eden: 7152.0M(7152.0M)->0.0B(7152.0M) Survivors: 16384.0K->16384.0K Heap: 10608.9M(14336.0M)->3455.9M(14336.0M)]
 [Times: user=0.08 sys=0.00, real=0.02 secs] 
2022-10-02T09:02:49.498-0600: 249984.578: [GC pause (G1 Evacuation Pause) (young), 0.0202784 secs]
   [Parallel Time: 3.9 ms, GC Workers: 6]
      [GC Worker Start (ms): Min: 249984578.0, Avg: 249984579.2, Max: 249984581.8, Diff: 3.8]
      [Ext Root Scanning (ms): Min: 0.0, Avg: 1.1, Max: 3.1, Diff: 3.1, Sum: 6.7]
      [Update RS (ms): Min: 0.0, Avg: 0.4, Max: 0.8, Diff: 0.8, Sum: 2.2]
         [Processed Buffers: Min: 0, Avg: 7.0, Max: 33, Diff: 33, Sum: 42]
      [Scan RS (ms): Min: 0.0, Avg: 0.0, Max: 0.1, Diff: 0.1, Sum: 0.2]
      [Code Root Scanning (ms): Min: 0.0, Avg: 0.0, Max: 0.0, Diff: 0.0, Sum: 0.0]
      [Object Copy (ms): Min: 0.0, Avg: 0.6, Max: 1.1, Diff: 1.1, Sum: 3.7]
      [Termination (ms): Min: 0.0, Avg: 0.5, Max: 0.6, Diff: 0.6, Sum: 3.1]
         [Termination Attempts: Min: 1, Avg: 2.7, Max: 4, Diff: 3, Sum: 16]
      [GC Worker Other (ms): Min: 0.0, Avg: 0.0, Max: 0.0, Diff: 0.0, Sum: 0.0]
      [GC Worker Total (ms): Min: 0.0, Avg: 2.7, Max: 3.9, Diff: 3.9, Sum: 15.9]
      [GC Worker End (ms): Min: 249984581.8, Avg: 249984581.8, Max: 249984581.8, Diff: 0.0]
   [Code Root Fixup: 0.0 ms]
   [Code Root Purge: 0.0 ms]
   [Clear CT: 0.8 ms]
   [Other: 15.5 ms]
      [Choose CSet: 0.0 ms]
      [Ref Proc: 15.2 ms]
      [Ref Enq: 0.1 ms]
      [Redirty Cards: 0.1 ms]
      [Humongous Register: 0.0 ms]
      [Humongous Reclaim: 0.0 ms]
      [Free CSet: 0.1 ms]
   [Eden: 7152.0M(7152.0M)->0.0B(7152.0M) Survivors: 16384.0K->16384.0K Heap: 10607.9M(14336.0M)->3456.9M(14336.0M)]
 [Times: user=0.05 sys=0.00, real=0.02 secs] 
2022-10-02T09:05:20.165-0600: 250135.245: [GC pause (G1 Evacuation Pause) (young) (initial-mark), 0.0208486 secs]
   [Parallel Time: 9.1 ms, GC Workers: 6]
      [GC Worker Start (ms): Min: 250135246.6, Avg: 250135248.6, Max: 250135250.0, Diff: 3.3]
      [Ext Root Scanning (ms): Min: 2.4, Avg: 4.0, Max: 7.5, Diff: 5.1, Sum: 23.9]
      [Update RS (ms): Min: 0.0, Avg: 0.4, Max: 0.6, Diff: 0.6, Sum: 2.5]
         [Processed Buffers: Min: 0, Avg: 6.2, Max: 25, Diff: 25, Sum: 37]
      [Scan RS (ms): Min: 0.0, Avg: 0.0, Max: 0.1, Diff: 0.1, Sum: 0.2]
      [Code Root Scanning (ms): Min: 0.0, Avg: 0.0, Max: 0.0, Diff: 0.0, Sum: 0.0]
      [Object Copy (ms): Min: 0.1, Avg: 0.5, Max: 0.7, Diff: 0.6, Sum: 3.0]
      [Termination (ms): Min: 0.0, Avg: 0.8, Max: 1.0, Diff: 1.0, Sum: 4.6]
         [Termination Attempts: Min: 1, Avg: 1.8, Max: 3, Diff: 2, Sum: 11]
      [GC Worker Other (ms): Min: 0.0, Avg: 0.0, Max: 0.0, Diff: 0.0, Sum: 0.1]
      [GC Worker Total (ms): Min: 4.3, Avg: 5.7, Max: 7.8, Diff: 3.4, Sum: 34.3]
      [GC Worker End (ms): Min: 250135254.3, Avg: 250135254.4, Max: 250135254.4, Diff: 0.1]
   [Code Root Fixup: 0.0 ms]
   [Code Root Purge: 0.0 ms]
   [Clear CT: 0.8 ms]
   [Other: 11.0 ms]
      [Choose CSet: 0.0 ms]
      [Ref Proc: 10.7 ms]
      [Ref Enq: 0.1 ms]
      [Redirty Cards: 0.1 ms]
      [Humongous Register: 0.0 ms]
      [Humongous Reclaim: 0.0 ms]
      [Free CSet: 0.1 ms]
   [Eden: 7152.0M(7152.0M)->0.0B(7152.0M) Survivors: 16384.0K->16384.0K Heap: 10608.9M(14336.0M)->3455.1M(14336.0M)]
 [Times: user=0.06 sys=0.00, real=0.02 secs] 
2022-10-02T09:05:20.186-0600: 250135.266: [GC concurrent-root-region-scan-start]
2022-10-02T09:05:20.190-0600: 250135.270: [GC concurrent-root-region-scan-end, 0.0039850 secs]
2022-10-02T09:05:20.190-0600: 250135.270: [GC concurrent-mark-start]
2022-10-02T09:05:21.444-0600: 250136.524: [GC concurrent-mark-end, 1.2540306 secs]
2022-10-02T09:05:21.445-0600: 250136.524: [GC remark 2022-10-02T09:05:21.445-0600: 250136.524: [Finalize Marking, 0.0010715 secs] 2022-10-02T09:05:21.446-0600: 250136.525: [GC ref-proc, 0.0201329 secs] 2022-10-02T09:05:21.466-0600: 250136.546: [Unloading, 0.0253610 secs], 0.0512150 secs]
 [Times: user=0.22 sys=0.00, real=0.06 secs] 
2022-10-02T09:05:21.496-0600: 250136.576: [GC cleanup 3519M->3519M(14336M), 0.0134599 secs]
 [Times: user=0.02 sys=0.00, real=0.01 secs] 
2022-10-02T09:07:49.505-0600: 250284.585: [GC pause (G1 Evacuation Pause) (young), 0.0170406 secs]
   [Parallel Time: 3.6 ms, GC Workers: 6]
      [GC Worker Start (ms): Min: 250284585.3, Avg: 250284586.1, Max: 250284588.7, Diff: 3.4]
      [Ext Root Scanning (ms): Min: 0.0, Avg: 1.6, Max: 3.0, Diff: 3.0, Sum: 9.9]
      [Update RS (ms): Min: 0.0, Avg: 0.4, Max: 0.8, Diff: 0.8, Sum: 2.2]
         [Processed Buffers: Min: 0, Avg: 7.0, Max: 26, Diff: 26, Sum: 42]
      [Scan RS (ms): Min: 0.0, Avg: 0.0, Max: 0.1, Diff: 0.1, Sum: 0.2]
      [Code Root Scanning (ms): Min: 0.0, Avg: 0.0, Max: 0.0, Diff: 0.0, Sum: 0.0]
      [Object Copy (ms): Min: 0.0, Avg: 0.5, Max: 0.9, Diff: 0.9, Sum: 2.8]
      [Termination (ms): Min: 0.0, Avg: 0.1, Max: 0.2, Diff: 0.2, Sum: 0.8]
         [Termination Attempts: Min: 1, Avg: 1.3, Max: 3, Diff: 2, Sum: 8]
      [GC Worker Other (ms): Min: 0.0, Avg: 0.0, Max: 0.0, Diff: 0.0, Sum: 0.0]
      [GC Worker Total (ms): Min: 0.0, Avg: 2.7, Max: 3.5, Diff: 3.5, Sum: 16.0]
      [GC Worker End (ms): Min: 250284588.8, Avg: 250284588.8, Max: 250284588.8, Diff: 0.1]
   [Code Root Fixup: 0.0 ms]
   [Code Root Purge: 0.0 ms]
   [Clear CT: 0.7 ms]
   [Other: 12.8 ms]
      [Choose CSet: 0.0 ms]
      [Ref Proc: 12.5 ms]
      [Ref Enq: 0.1 ms]
      [Redirty Cards: 0.1 ms]
      [Humongous Register: 0.0 ms]
      [Humongous Reclaim: 0.0 ms]
      [Free CSet: 0.1 ms]
   [Eden: 7152.0M(7152.0M)->0.0B(7152.0M) Survivors: 16384.0K->16384.0K Heap: 10607.1M(14336.0M)->3454.6M(14336.0M)]
 [Times: user=0.05 sys=0.00, real=0.01 secs] 
2022-10-02T09:10:18.604-0600: 250433.683: [GC pause (G1 Evacuation Pause) (young), 0.0141373 secs]
   [Parallel Time: 3.3 ms, GC Workers: 6]
      [GC Worker Start (ms): Min: 250433683.4, Avg: 250433683.5, Max: 250433683.5, Diff: 0.1]
      [Ext Root Scanning (ms): Min: 1.1, Avg: 1.6, Max: 3.2, Diff: 2.1, Sum: 9.6]
      [Update RS (ms): Min: 0.0, Avg: 0.4, Max: 0.6, Diff: 0.6, Sum: 2.3]
         [Processed Buffers: Min: 0, Avg: 5.8, Max: 15, Diff: 15, Sum: 35]
      [Scan RS (ms): Min: 0.0, Avg: 0.0, Max: 0.1, Diff: 0.1, Sum: 0.3]
      [Code Root Scanning (ms): Min: 0.0, Avg: 0.0, Max: 0.0, Diff: 0.0, Sum: 0.0]
      [Object Copy (ms): Min: 0.0, Avg: 0.6, Max: 0.9, Diff: 0.9, Sum: 3.7]
      [Termination (ms): Min: 0.0, Avg: 0.6, Max: 0.7, Diff: 0.7, Sum: 3.3]
         [Termination Attempts: Min: 1, Avg: 1.0, Max: 1, Diff: 0, Sum: 6]
      [GC Worker Other (ms): Min: 0.0, Avg: 0.0, Max: 0.0, Diff: 0.0, Sum: 0.0]
      [GC Worker Total (ms): Min: 3.2, Avg: 3.2, Max: 3.2, Diff: 0.1, Sum: 19.2]
      [GC Worker End (ms): Min: 250433686.7, Avg: 250433686.7, Max: 250433686.7, Diff: 0.0]
   [Code Root Fixup: 0.0 ms]
   [Code Root Purge: 0.0 ms]
   [Clear CT: 0.8 ms]
   [Other: 10.0 ms]
      [Choose CSet: 0.0 ms]
      [Ref Proc: 9.7 ms]
      [Ref Enq: 0.1 ms]
      [Redirty Cards: 0.1 ms]
      [Humongous Register: 0.0 ms]
      [Humongous Reclaim: 0.0 ms]
      [Free CSet: 0.1 ms]
   [Eden: 7152.0M(7152.0M)->0.0B(7152.0M) Survivors: 16384.0K->16384.0K Heap: 10606.6M(14336.0M)->3455.2M(14336.0M)]
 [Times: user=0.04 sys=0.00, real=0.02 secs] 
2022-10-02T09:12:47.689-0600: 250582.769: [GC pause (G1 Evacuation Pause) (young) (initial-mark), 0.0188268 secs]
   [Parallel Time: 8.6 ms, GC Workers: 6]
      [GC Worker Start (ms): Min: 250582770.6, Avg: 250582771.0, Max: 250582772.8, Diff: 2.2]
      [Ext Root Scanning (ms): Min: 2.5, Avg: 4.7, Max: 7.1, Diff: 4.5, Sum: 28.1]
      [Update RS (ms): Min: 0.0, Avg: 0.4, Max: 0.6, Diff: 0.6, Sum: 2.6]
         [Processed Buffers: Min: 0, Avg: 7.8, Max: 31, Diff: 31, Sum: 47]
      [Scan RS (ms): Min: 0.0, Avg: 0.0, Max: 0.1, Diff: 0.1, Sum: 0.2]
      [Code Root Scanning (ms): Min: 0.0, Avg: 0.0, Max: 0.0, Diff: 0.0, Sum: 0.0]
      [Object Copy (ms): Min: 0.1, Avg: 0.6, Max: 0.9, Diff: 0.7, Sum: 3.8]
      [Termination (ms): Min: 0.0, Avg: 1.1, Max: 1.3, Diff: 1.3, Sum: 6.3]
         [Termination Attempts: Min: 1, Avg: 1.8, Max: 4, Diff: 3, Sum: 11]
      [GC Worker Other (ms): Min: 0.0, Avg: 0.0, Max: 0.0, Diff: 0.0, Sum: 0.1]
      [GC Worker Total (ms): Min: 5.0, Avg: 6.8, Max: 7.2, Diff: 2.2, Sum: 41.0]
      [GC Worker End (ms): Min: 250582777.8, Avg: 250582777.8, Max: 250582777.8, Diff: 0.0]
   [Code Root Fixup: 0.0 ms]
   [Code Root Purge: 0.0 ms]
   [Clear CT: 0.6 ms]
   [Other: 9.7 ms]
      [Choose CSet: 0.0 ms]
      [Ref Proc: 9.3 ms]
      [Ref Enq: 0.1 ms]
      [Redirty Cards: 0.1 ms]
      [Humongous Register: 0.0 ms]
      [Humongous Reclaim: 0.0 ms]
      [Free CSet: 0.1 ms]
   [Eden: 7152.0M(7152.0M)->0.0B(7152.0M) Survivors: 16384.0K->16384.0K Heap: 10607.2M(14336.0M)->3455.5M(14336.0M)]
 [Times: user=0.07 sys=0.00, real=0.02 secs] 
2022-10-02T09:12:47.708-0600: 250582.788: [GC concurrent-root-region-scan-start]
2022-10-02T09:12:47.712-0600: 250582.792: [GC concurrent-root-region-scan-end, 0.0035707 secs]
2022-10-02T09:12:47.712-0600: 250582.792: [GC concurrent-mark-start]
2022-10-02T09:12:48.975-0600: 250584.055: [GC concurrent-mark-end, 1.2634675 secs]
2022-10-02T09:12:48.975-0600: 250584.055: [GC remark 2022-10-02T09:12:48.976-0600: 250584.055: [Finalize Marking, 0.0025925 secs] 2022-10-02T09:12:48.978-0600: 250584.058: [GC ref-proc, 0.0236822 secs] 2022-10-02T09:12:49.002-0600: 250584.082: [Unloading, 0.0275688 secs], 0.0601973 secs]
 [Times: user=0.22 sys=0.00, real=0.06 secs] 
2022-10-02T09:12:49.036-0600: 250584.116: [GC cleanup 3543M->3543M(14336M), 0.0095671 secs]
 [Times: user=0.02 sys=0.00, real=0.01 secs] 
2022-10-02T09:15:17.495-0600: 250732.575: [GC pause (G1 Evacuation Pause) (young), 0.0137505 secs]
   [Parallel Time: 3.5 ms, GC Workers: 6]
      [GC Worker Start (ms): Min: 250732575.0, Avg: 250732575.9, Max: 250732578.4, Diff: 3.3]
      [Ext Root Scanning (ms): Min: 0.0, Avg: 1.2, Max: 3.4, Diff: 3.3, Sum: 7.4]
      [Update RS (ms): Min: 0.0, Avg: 0.4, Max: 0.6, Diff: 0.6, Sum: 2.2]
         [Processed Buffers: Min: 0, Avg: 6.0, Max: 28, Diff: 28, Sum: 36]
      [Scan RS (ms): Min: 0.0, Avg: 0.0, Max: 0.1, Diff: 0.1, Sum: 0.2]
      [Code Root Scanning (ms): Min: 0.0, Avg: 0.0, Max: 0.0, Diff: 0.0, Sum: 0.0]
      [Object Copy (ms): Min: 0.0, Avg: 0.5, Max: 0.8, Diff: 0.8, Sum: 2.7]
      [Termination (ms): Min: 0.0, Avg: 0.4, Max: 0.6, Diff: 0.6, Sum: 2.4]
         [Termination Attempts: Min: 1, Avg: 1.7, Max: 3, Diff: 2, Sum: 10]
      [GC Worker Other (ms): Min: 0.0, Avg: 0.0, Max: 0.0, Diff: 0.0, Sum: 0.0]
      [GC Worker Total (ms): Min: 0.0, Avg: 2.5, Max: 3.4, Diff: 3.3, Sum: 15.0]
      [GC Worker End (ms): Min: 250732578.4, Avg: 250732578.4, Max: 250732578.4, Diff: 0.0]
   [Code Root Fixup: 0.0 ms]
   [Code Root Purge: 0.0 ms]
   [Clear CT: 0.7 ms]
   [Other: 9.5 ms]
      [Choose CSet: 0.0 ms]
      [Ref Proc: 9.2 ms]
      [Ref Enq: 0.1 ms]
      [Redirty Cards: 0.1 ms]
      [Humongous Register: 0.0 ms]
      [Humongous Reclaim: 0.0 ms]
      [Free CSet: 0.1 ms]
   [Eden: 7152.0M(7152.0M)->0.0B(7152.0M) Survivors: 16384.0K->16384.0K Heap: 10607.5M(14336.0M)->3454.8M(14336.0M)]
 [Times: user=0.05 sys=0.00, real=0.01 secs] 
2022-10-02T09:17:43.786-0600: 250878.866: [GC pause (G1 Evacuation Pause) (young), 0.0141925 secs]
   [Parallel Time: 3.8 ms, GC Workers: 6]
      [GC Worker Start (ms): Min: 250878866.1, Avg: 250878866.9, Max: 250878868.4, Diff: 2.3]
      [Ext Root Scanning (ms): Min: 0.0, Avg: 1.1, Max: 3.1, Diff: 3.1, Sum: 6.7]
      [Update RS (ms): Min: 0.0, Avg: 0.3, Max: 1.0, Diff: 1.0, Sum: 2.0]
         [Processed Buffers: Min: 0, Avg: 7.8, Max: 22, Diff: 22, Sum: 47]
      [Scan RS (ms): Min: 0.0, Avg: 0.0, Max: 0.1, Diff: 0.1, Sum: 0.2]
      [Code Root Scanning (ms): Min: 0.0, Avg: 0.0, Max: 0.0, Diff: 0.0, Sum: 0.0]
      [Object Copy (ms): Min: 0.0, Avg: 1.0, Max: 2.6, Diff: 2.5, Sum: 5.9]
      [Termination (ms): Min: 0.0, Avg: 0.5, Max: 0.6, Diff: 0.6, Sum: 3.1]
         [Termination Attempts: Min: 1, Avg: 1.2, Max: 2, Diff: 1, Sum: 7]
      [GC Worker Other (ms): Min: 0.0, Avg: 0.0, Max: 0.0, Diff: 0.0, Sum: 0.1]
      [GC Worker Total (ms): Min: 1.5, Avg: 3.0, Max: 3.8, Diff: 2.3, Sum: 17.9]
      [GC Worker End (ms): Min: 250878869.9, Avg: 250878869.9, Max: 250878869.9, Diff: 0.0]
   [Code Root Fixup: 0.0 ms]
   [Code Root Purge: 0.0 ms]
   [Clear CT: 0.7 ms]
   [Other: 9.6 ms]
      [Choose CSet: 0.0 ms]
      [Ref Proc: 9.3 ms]
      [Ref Enq: 0.1 ms]
      [Redirty Cards: 0.1 ms]
      [Humongous Register: 0.0 ms]
      [Humongous Reclaim: 0.0 ms]
      [Free CSet: 0.1 ms]
   [Eden: 7152.0M(7152.0M)->0.0B(7152.0M) Survivors: 16384.0K->16384.0K Heap: 10606.8M(14336.0M)->3455.4M(14336.0M)]
 [Times: user=0.04 sys=0.00, real=0.01 secs] 
2022-10-02T09:20:10.787-0600: 251025.867: [GC pause (G1 Evacuation Pause) (young) (initial-mark), 0.0227585 secs]
   [Parallel Time: 10.7 ms, GC Workers: 6]
      [GC Worker Start (ms): Min: 251025867.9, Avg: 251025869.6, Max: 251025870.8, Diff: 2.9]
      [Ext Root Scanning (ms): Min: 1.4, Avg: 5.3, Max: 8.7, Diff: 7.3, Sum: 32.0]
      [Update RS (ms): Min: 0.0, Avg: 0.4, Max: 1.8, Diff: 1.8, Sum: 2.4]
         [Processed Buffers: Min: 0, Avg: 6.5, Max: 22, Diff: 22, Sum: 39]
      [Scan RS (ms): Min: 0.0, Avg: 0.0, Max: 0.1, Diff: 0.1, Sum: 0.2]
      [Code Root Scanning (ms): Min: 0.0, Avg: 0.0, Max: 0.0, Diff: 0.0, Sum: 0.0]
      [Object Copy (ms): Min: 0.0, Avg: 0.6, Max: 1.3, Diff: 1.3, Sum: 3.8]
      [Termination (ms): Min: 0.0, Avg: 1.2, Max: 2.1, Diff: 2.1, Sum: 7.3]
         [Termination Attempts: Min: 1, Avg: 3.8, Max: 10, Diff: 9, Sum: 23]
      [GC Worker Other (ms): Min: 0.0, Avg: 0.0, Max: 0.0, Diff: 0.0, Sum: 0.0]
      [GC Worker Total (ms): Min: 6.4, Avg: 7.6, Max: 9.3, Diff: 3.0, Sum: 45.9]
      [GC Worker End (ms): Min: 251025877.1, Avg: 251025877.2, Max: 251025877.3, Diff: 0.2]
   [Code Root Fixup: 0.0 ms]
   [Code Root Purge: 0.0 ms]
   [Clear CT: 0.6 ms]
   [Other: 11.5 ms]
      [Choose CSet: 0.0 ms]
      [Ref Proc: 11.1 ms]
      [Ref Enq: 0.1 ms]
      [Redirty Cards: 0.1 ms]
      [Humongous Register: 0.0 ms]
      [Humongous Reclaim: 0.0 ms]
      [Free CSet: 0.1 ms]
   [Eden: 7152.0M(7152.0M)->0.0B(7152.0M) Survivors: 16384.0K->16384.0K Heap: 10607.4M(14336.0M)->3455.2M(14336.0M)]
 [Times: user=0.06 sys=0.00, real=0.02 secs] 
2022-10-02T09:20:10.810-0600: 251025.889: [GC concurrent-root-region-scan-start]
2022-10-02T09:20:10.813-0600: 251025.893: [GC concurrent-root-region-scan-end, 0.0033328 secs]
2022-10-02T09:20:10.813-0600: 251025.893: [GC concurrent-mark-start]
2022-10-02T09:20:12.097-0600: 251027.177: [GC concurrent-mark-end, 1.2841192 secs]
2022-10-02T09:20:12.097-0600: 251027.177: [GC remark 2022-10-02T09:20:12.097-0600: 251027.177: [Finalize Marking, 0.0019039 secs] 2022-10-02T09:20:12.099-0600: 251027.179: [GC ref-proc, 0.0275382 secs] 2022-10-02T09:20:12.127-0600: 251027.207: [Unloading, 0.0268938 secs], 0.0608740 secs]
 [Times: user=0.23 sys=0.00, real=0.06 secs] 
2022-10-02T09:20:12.158-0600: 251027.238: [GC cleanup 3543M->3543M(14336M), 0.0088265 secs]
 [Times: user=0.03 sys=0.00, real=0.01 secs] 
2022-10-02T09:22:36.495-0600: 251171.575: [GC pause (G1 Evacuation Pause) (young), 0.0127402 secs]
   [Parallel Time: 4.3 ms, GC Workers: 6]
      [GC Worker Start (ms): Min: 251171574.6, Avg: 251171574.9, Max: 251171576.3, Diff: 1.7]
      [Ext Root Scanning (ms): Min: 0.0, Avg: 1.6, Max: 3.5, Diff: 3.5, Sum: 9.9]
      [Update RS (ms): Min: 0.0, Avg: 0.4, Max: 1.0, Diff: 1.0, Sum: 2.6]
         [Processed Buffers: Min: 0, Avg: 6.7, Max: 26, Diff: 26, Sum: 40]
      [Scan RS (ms): Min: 0.0, Avg: 0.0, Max: 0.1, Diff: 0.1, Sum: 0.2]
      [Code Root Scanning (ms): Min: 0.0, Avg: 0.0, Max: 0.0, Diff: 0.0, Sum: 0.0]
      [Object Copy (ms): Min: 0.1, Avg: 1.4, Max: 2.7, Diff: 2.6, Sum: 8.5]
      [Termination (ms): Min: 0.0, Avg: 0.4, Max: 0.6, Diff: 0.6, Sum: 2.4]
         [Termination Attempts: Min: 1, Avg: 1.3, Max: 2, Diff: 1, Sum: 8]
      [GC Worker Other (ms): Min: 0.0, Avg: 0.0, Max: 0.0, Diff: 0.0, Sum: 0.1]
      [GC Worker Total (ms): Min: 2.5, Avg: 3.9, Max: 4.3, Diff: 1.7, Sum: 23.6]
      [GC Worker End (ms): Min: 251171578.9, Avg: 251171578.9, Max: 251171578.9, Diff: 0.0]
   [Code Root Fixup: 0.0 ms]
   [Code Root Purge: 0.0 ms]
   [Clear CT: 0.5 ms]
   [Other: 7.9 ms]
      [Choose CSet: 0.0 ms]
      [Ref Proc: 7.6 ms]
      [Ref Enq: 0.1 ms]
      [Redirty Cards: 0.1 ms]
      [Humongous Register: 0.0 ms]
      [Humongous Reclaim: 0.0 ms]
      [Free CSet: 0.1 ms]
   [Eden: 7152.0M(7152.0M)->0.0B(7152.0M) Survivors: 16384.0K->16384.0K Heap: 10607.2M(14336.0M)->3457.1M(14336.0M)]
 [Times: user=0.04 sys=0.00, real=0.01 secs] 
2022-10-02T09:25:05.586-0600: 251320.666: [GC pause (G1 Evacuation Pause) (young), 0.0158735 secs]
   [Parallel Time: 4.1 ms, GC Workers: 6]
      [GC Worker Start (ms): Min: 251320666.2, Avg: 251320666.3, Max: 251320666.5, Diff: 0.4]
      [Ext Root Scanning (ms): Min: 1.1, Avg: 2.3, Max: 3.8, Diff: 2.8, Sum: 13.7]
      [Update RS (ms): Min: 0.0, Avg: 0.4, Max: 1.0, Diff: 1.0, Sum: 2.7]
         [Processed Buffers: Min: 0, Avg: 6.5, Max: 26, Diff: 26, Sum: 39]
      [Scan RS (ms): Min: 0.0, Avg: 0.0, Max: 0.1, Diff: 0.1, Sum: 0.3]
      [Code Root Scanning (ms): Min: 0.0, Avg: 0.0, Max: 0.0, Diff: 0.0, Sum: 0.0]
      [Object Copy (ms): Min: 0.0, Avg: 0.5, Max: 0.9, Diff: 0.9, Sum: 3.3]
      [Termination (ms): Min: 0.0, Avg: 0.5, Max: 0.6, Diff: 0.6, Sum: 3.0]
         [Termination Attempts: Min: 1, Avg: 1.8, Max: 3, Diff: 2, Sum: 11]
      [GC Worker Other (ms): Min: 0.0, Avg: 0.0, Max: 0.0, Diff: 0.0, Sum: 0.0]
      [GC Worker Total (ms): Min: 3.6, Avg: 3.8, Max: 4.0, Diff: 0.4, Sum: 23.1]
      [GC Worker End (ms): Min: 251320670.1, Avg: 251320670.1, Max: 251320670.2, Diff: 0.1]
   [Code Root Fixup: 0.0 ms]
   [Code Root Purge: 0.0 ms]
   [Clear CT: 0.7 ms]
   [Other: 11.1 ms]
      [Choose CSet: 0.0 ms]
      [Ref Proc: 10.5 ms]
      [Ref Enq: 0.1 ms]
      [Redirty Cards: 0.2 ms]
      [Humongous Register: 0.0 ms]
      [Humongous Reclaim: 0.0 ms]
      [Free CSet: 0.2 ms]
   [Eden: 7152.0M(7152.0M)->0.0B(7152.0M) Survivors: 16384.0K->16384.0K Heap: 10609.1M(14336.0M)->3456.5M(14336.0M)]
 [Times: user=0.05 sys=0.00, real=0.01 secs] 
2022-10-02T09:27:23.495-0600: 251458.574: [GC pause (G1 Evacuation Pause) (young) (initial-mark), 0.0288603 secs]
   [Parallel Time: 11.4 ms, GC Workers: 6]
      [GC Worker Start (ms): Min: 251458575.8, Avg: 251458576.6, Max: 251458577.9, Diff: 2.2]
      [Ext Root Scanning (ms): Min: 3.7, Avg: 5.4, Max: 7.8, Diff: 4.0, Sum: 32.5]
      [Update RS (ms): Min: 0.0, Avg: 0.7, Max: 1.8, Diff: 1.8, Sum: 4.5]
         [Processed Buffers: Min: 0, Avg: 8.2, Max: 24, Diff: 24, Sum: 49]
      [Scan RS (ms): Min: 0.0, Avg: 0.0, Max: 0.1, Diff: 0.1, Sum: 0.2]
      [Code Root Scanning (ms): Min: 0.0, Avg: 0.0, Max: 0.0, Diff: 0.0, Sum: 0.0]
      [Object Copy (ms): Min: 0.0, Avg: 1.9, Max: 2.4, Diff: 2.4, Sum: 11.2]
      [Termination (ms): Min: 0.0, Avg: 1.1, Max: 1.3, Diff: 1.3, Sum: 6.7]
         [Termination Attempts: Min: 1, Avg: 3.5, Max: 6, Diff: 5, Sum: 21]
      [GC Worker Other (ms): Min: 0.0, Avg: 0.0, Max: 0.0, Diff: 0.0, Sum: 0.1]
      [GC Worker Total (ms): Min: 7.8, Avg: 9.2, Max: 10.0, Diff: 2.2, Sum: 55.2]
      [GC Worker End (ms): Min: 251458585.7, Avg: 251458585.8, Max: 251458585.8, Diff: 0.1]
   [Code Root Fixup: 0.0 ms]
   [Code Root Purge: 0.0 ms]
   [Clear CT: 0.9 ms]
   [Other: 16.5 ms]
      [Choose CSet: 0.0 ms]
      [Ref Proc: 16.1 ms]
      [Ref Enq: 0.1 ms]
      [Redirty Cards: 0.1 ms]
      [Humongous Register: 0.0 ms]
      [Humongous Reclaim: 0.0 ms]
      [Free CSet: 0.1 ms]
   [Eden: 7152.0M(7152.0M)->0.0B(7152.0M) Survivors: 16384.0K->16384.0K Heap: 10608.5M(14336.0M)->3461.2M(14336.0M)]
 [Times: user=0.08 sys=0.00, real=0.02 secs] 
2022-10-02T09:27:23.524-0600: 251458.603: [GC concurrent-root-region-scan-start]
2022-10-02T09:27:23.530-0600: 251458.610: [GC concurrent-root-region-scan-end, 0.0065888 secs]
2022-10-02T09:27:23.530-0600: 251458.610: [GC concurrent-mark-start]
2022-10-02T09:27:24.796-0600: 251459.876: [GC concurrent-mark-end, 1.2659197 secs]
2022-10-02T09:27:24.796-0600: 251459.876: [GC remark 2022-10-02T09:27:24.796-0600: 251459.876: [Finalize Marking, 0.0013170 secs] 2022-10-02T09:27:24.798-0600: 251459.877: [GC ref-proc, 0.0234389 secs] 2022-10-02T09:27:24.821-0600: 251459.901: [Unloading, 0.0297264 secs], 0.0589245 secs]
 [Times: user=0.22 sys=0.00, real=0.06 secs] 
2022-10-02T09:27:24.855-0600: 251459.935: [GC cleanup 3533M->3533M(14336M), 0.0065260 secs]
 [Times: user=0.02 sys=0.00, real=0.00 secs] 
2022-10-02T09:29:48.888-0600: 251603.968: [GC pause (G1 Evacuation Pause) (young), 0.0155229 secs]
   [Parallel Time: 3.6 ms, GC Workers: 6]
      [GC Worker Start (ms): Min: 251603967.9, Avg: 251603968.2, Max: 251603968.7, Diff: 0.8]
      [Ext Root Scanning (ms): Min: 0.5, Avg: 1.4, Max: 3.5, Diff: 2.9, Sum: 8.4]
      [Update RS (ms): Min: 0.0, Avg: 0.5, Max: 0.8, Diff: 0.8, Sum: 3.3]
         [Processed Buffers: Min: 0, Avg: 7.5, Max: 13, Diff: 13, Sum: 45]
      [Scan RS (ms): Min: 0.0, Avg: 0.0, Max: 0.1, Diff: 0.1, Sum: 0.3]
      [Code Root Scanning (ms): Min: 0.0, Avg: 0.0, Max: 0.0, Diff: 0.0, Sum: 0.0]
      [Object Copy (ms): Min: 0.0, Avg: 1.1, Max: 1.3, Diff: 1.3, Sum: 6.5]
      [Termination (ms): Min: 0.0, Avg: 0.2, Max: 0.2, Diff: 0.2, Sum: 1.0]
         [Termination Attempts: Min: 1, Avg: 10.3, Max: 14, Diff: 13, Sum: 62]
      [GC Worker Other (ms): Min: 0.0, Avg: 0.0, Max: 0.0, Diff: 0.0, Sum: 0.0]
      [GC Worker Total (ms): Min: 2.7, Avg: 3.2, Max: 3.5, Diff: 0.8, Sum: 19.5]
      [GC Worker End (ms): Min: 251603971.4, Avg: 251603971.5, Max: 251603971.5, Diff: 0.0]
   [Code Root Fixup: 0.0 ms]
   [Code Root Purge: 0.0 ms]
   [Clear CT: 0.7 ms]
   [Other: 11.2 ms]
      [Choose CSet: 0.0 ms]
      [Ref Proc: 10.9 ms]
      [Ref Enq: 0.1 ms]
      [Redirty Cards: 0.0 ms]
      [Humongous Register: 0.0 ms]
      [Humongous Reclaim: 0.0 ms]
      [Free CSet: 0.1 ms]
   [Eden: 7152.0M(7152.0M)->0.0B(7152.0M) Survivors: 16384.0K->16384.0K Heap: 10613.2M(14336.0M)->3464.1M(14336.0M)]
 [Times: user=0.05 sys=0.00, real=0.01 secs] 
2022-10-02T09:32:16.937-0600: 251752.017: [GC pause (G1 Evacuation Pause) (young), 0.0244979 secs]
   [Parallel Time: 7.6 ms, GC Workers: 6]
      [GC Worker Start (ms): Min: 251752017.4, Avg: 251752020.3, Max: 251752022.6, Diff: 5.2]
      [Ext Root Scanning (ms): Min: 0.0, Avg: 1.0, Max: 3.2, Diff: 3.2, Sum: 5.9]
      [Update RS (ms): Min: 0.0, Avg: 0.4, Max: 0.7, Diff: 0.7, Sum: 2.6]
         [Processed Buffers: Min: 0, Avg: 7.5, Max: 32, Diff: 32, Sum: 45]
      [Scan RS (ms): Min: 0.0, Avg: 0.0, Max: 0.1, Diff: 0.1, Sum: 0.2]
      [Code Root Scanning (ms): Min: 0.0, Avg: 0.0, Max: 0.0, Diff: 0.0, Sum: 0.0]
      [Object Copy (ms): Min: 0.0, Avg: 1.3, Max: 3.6, Diff: 3.6, Sum: 7.7]
      [Termination (ms): Min: 0.0, Avg: 1.8, Max: 2.3, Diff: 2.3, Sum: 10.5]
         [Termination Attempts: Min: 1, Avg: 1.2, Max: 2, Diff: 1, Sum: 7]
      [GC Worker Other (ms): Min: 0.0, Avg: 0.0, Max: 0.0, Diff: 0.0, Sum: 0.1]
      [GC Worker Total (ms): Min: 2.2, Avg: 4.5, Max: 7.5, Diff: 5.3, Sum: 26.9]
      [GC Worker End (ms): Min: 251752024.7, Avg: 251752024.8, Max: 251752024.9, Diff: 0.2]
   [Code Root Fixup: 0.0 ms]
   [Code Root Purge: 0.0 ms]
   [Clear CT: 0.8 ms]
   [Other: 16.1 ms]
      [Choose CSet: 0.0 ms]
      [Ref Proc: 15.8 ms]
      [Ref Enq: 0.1 ms]
      [Redirty Cards: 0.1 ms]
      [Humongous Register: 0.0 ms]
      [Humongous Reclaim: 0.0 ms]
      [Free CSet: 0.1 ms]
   [Eden: 7152.0M(7152.0M)->0.0B(7152.0M) Survivors: 16384.0K->16384.0K Heap: 10616.1M(14336.0M)->3461.3M(14336.0M)]
 [Times: user=0.06 sys=0.00, real=0.02 secs] 
2022-10-02T09:34:44.186-0600: 251899.266: [GC pause (G1 Evacuation Pause) (young) (initial-mark), 0.0275452 secs]
   [Parallel Time: 11.1 ms, GC Workers: 6]
      [GC Worker Start (ms): Min: 251899267.1, Avg: 251899268.9, Max: 251899270.2, Diff: 3.1]
      [Ext Root Scanning (ms): Min: 1.4, Avg: 4.8, Max: 6.5, Diff: 5.1, Sum: 28.9]
      [Update RS (ms): Min: 0.0, Avg: 0.7, Max: 2.7, Diff: 2.7, Sum: 4.3]
         [Processed Buffers: Min: 0, Avg: 8.0, Max: 20, Diff: 20, Sum: 48]
      [Scan RS (ms): Min: 0.0, Avg: 0.0, Max: 0.1, Diff: 0.1, Sum: 0.2]
      [Code Root Scanning (ms): Min: 0.0, Avg: 0.0, Max: 0.0, Diff: 0.0, Sum: 0.0]
      [Object Copy (ms): Min: 0.0, Avg: 1.0, Max: 1.4, Diff: 1.4, Sum: 6.3]
      [Termination (ms): Min: 0.0, Avg: 1.2, Max: 1.5, Diff: 1.5, Sum: 6.9]
         [Termination Attempts: Min: 1, Avg: 12.7, Max: 24, Diff: 23, Sum: 76]
      [GC Worker Other (ms): Min: 0.0, Avg: 0.0, Max: 0.0, Diff: 0.0, Sum: 0.0]
      [GC Worker Total (ms): Min: 6.5, Avg: 7.8, Max: 9.8, Diff: 3.3, Sum: 46.7]
      [GC Worker End (ms): Min: 251899276.7, Avg: 251899276.7, Max: 251899276.9, Diff: 0.2]
   [Code Root Fixup: 0.0 ms]
   [Code Root Purge: 0.0 ms]
   [Clear CT: 0.8 ms]
   [Other: 15.6 ms]
      [Choose CSet: 0.0 ms]
      [Ref Proc: 15.2 ms]
      [Ref Enq: 0.1 ms]
      [Redirty Cards: 0.1 ms]
      [Humongous Register: 0.0 ms]
      [Humongous Reclaim: 0.0 ms]
      [Free CSet: 0.1 ms]
   [Eden: 7152.0M(7152.0M)->0.0B(7152.0M) Survivors: 16384.0K->16384.0K Heap: 10613.3M(14336.0M)->3462.2M(14336.0M)]
 [Times: user=0.07 sys=0.00, real=0.03 secs] 
2022-10-02T09:34:44.214-0600: 251899.293: [GC concurrent-root-region-scan-start]
2022-10-02T09:34:44.218-0600: 251899.298: [GC concurrent-root-region-scan-end, 0.0048171 secs]
2022-10-02T09:34:44.218-0600: 251899.298: [GC concurrent-mark-start]
2022-10-02T09:34:45.491-0600: 251900.570: [GC concurrent-mark-end, 1.2722565 secs]
2022-10-02T09:34:45.491-0600: 251900.571: [GC remark 2022-10-02T09:34:45.491-0600: 251900.571: [Finalize Marking, 0.0021102 secs] 2022-10-02T09:34:45.493-0600: 251900.573: [GC ref-proc, 0.0237792 secs] 2022-10-02T09:34:45.517-0600: 251900.597: [Unloading, 0.0313511 secs], 0.0616125 secs]
 [Times: user=0.21 sys=0.00, real=0.06 secs] 
2022-10-02T09:34:45.553-0600: 251900.632: [GC cleanup 3538M->3538M(14336M), 0.0076867 secs]
 [Times: user=0.02 sys=0.00, real=0.01 secs] 
2022-10-02T09:37:08.438-0600: 252043.517: [GC pause (G1 Evacuation Pause) (young), 0.0225213 secs]
   [Parallel Time: 7.1 ms, GC Workers: 6]
      [GC Worker Start (ms): Min: 252043517.5, Avg: 252043521.9, Max: 252043524.5, Diff: 7.0]
      [Ext Root Scanning (ms): Min: 0.0, Avg: 1.1, Max: 3.5, Diff: 3.5, Sum: 6.7]
      [Update RS (ms): Min: 0.0, Avg: 0.4, Max: 1.1, Diff: 1.1, Sum: 2.2]
         [Processed Buffers: Min: 0, Avg: 5.5, Max: 23, Diff: 23, Sum: 33]
      [Scan RS (ms): Min: 0.0, Avg: 0.0, Max: 0.1, Diff: 0.1, Sum: 0.2]
      [Code Root Scanning (ms): Min: 0.0, Avg: 0.0, Max: 0.0, Diff: 0.0, Sum: 0.0]
      [Object Copy (ms): Min: 0.0, Avg: 0.4, Max: 1.4, Diff: 1.4, Sum: 2.5]
      [Termination (ms): Min: 0.0, Avg: 0.6, Max: 1.2, Diff: 1.2, Sum: 3.6]
         [Termination Attempts: Min: 1, Avg: 1.0, Max: 1, Diff: 0, Sum: 6]
      [GC Worker Other (ms): Min: 0.0, Avg: 0.0, Max: 0.0, Diff: 0.0, Sum: 0.0]
      [GC Worker Total (ms): Min: 0.0, Avg: 2.5, Max: 7.0, Diff: 7.0, Sum: 15.3]
      [GC Worker End (ms): Min: 252043524.5, Avg: 252043524.5, Max: 252043524.5, Diff: 0.0]
   [Code Root Fixup: 0.0 ms]
   [Code Root Purge: 0.0 ms]
   [Clear CT: 0.6 ms]
   [Other: 14.9 ms]
      [Choose CSet: 0.0 ms]
      [Ref Proc: 14.6 ms]
      [Ref Enq: 0.1 ms]
      [Redirty Cards: 0.1 ms]
      [Humongous Register: 0.0 ms]
      [Humongous Reclaim: 0.0 ms]
      [Free CSet: 0.1 ms]
   [Eden: 7152.0M(7152.0M)->0.0B(5712.0M) Survivors: 16384.0K->16384.0K Heap: 10614.2M(14336.0M)->3462.1M(14336.0M)]
 [Times: user=0.05 sys=0.00, real=0.02 secs] 
2022-10-02T09:39:04.236-0600: 252159.316: [GC pause (G1 Evacuation Pause) (mixed), 0.0237707 secs]
   [Parallel Time: 7.3 ms, GC Workers: 6]
      [GC Worker Start (ms): Min: 252159315.8, Avg: 252159317.4, Max: 252159322.9, Diff: 7.1]
      [Ext Root Scanning (ms): Min: 0.0, Avg: 1.7, Max: 3.6, Diff: 3.5, Sum: 10.2]
      [Update RS (ms): Min: 0.0, Avg: 0.4, Max: 0.8, Diff: 0.8, Sum: 2.1]
         [Processed Buffers: Min: 0, Avg: 5.8, Max: 24, Diff: 24, Sum: 35]
      [Scan RS (ms): Min: 0.0, Avg: 0.5, Max: 1.0, Diff: 1.0, Sum: 2.9]
      [Code Root Scanning (ms): Min: 0.0, Avg: 0.0, Max: 0.0, Diff: 0.0, Sum: 0.0]
      [Object Copy (ms): Min: 0.0, Avg: 1.8, Max: 2.8, Diff: 2.8, Sum: 11.1]
      [Termination (ms): Min: 0.0, Avg: 1.2, Max: 1.6, Diff: 1.6, Sum: 7.0]
         [Termination Attempts: Min: 1, Avg: 3.5, Max: 7, Diff: 6, Sum: 21]
      [GC Worker Other (ms): Min: 0.0, Avg: 0.0, Max: 0.0, Diff: 0.0, Sum: 0.0]
      [GC Worker Total (ms): Min: 0.0, Avg: 5.6, Max: 7.3, Diff: 7.2, Sum: 33.5]
      [GC Worker End (ms): Min: 252159322.9, Avg: 252159323.0, Max: 252159323.0, Diff: 0.2]
   [Code Root Fixup: 0.0 ms]
   [Code Root Purge: 0.0 ms]
   [Clear CT: 1.0 ms]
   [Other: 15.4 ms]
      [Choose CSet: 0.0 ms]
      [Ref Proc: 15.2 ms]
      [Ref Enq: 0.0 ms]
      [Redirty Cards: 0.0 ms]
      [Humongous Register: 0.0 ms]
      [Humongous Reclaim: 0.0 ms]
      [Free CSet: 0.1 ms]
   [Eden: 5712.0M(5712.0M)->0.0B(7152.0M) Survivors: 16384.0K->16384.0K Heap: 9174.1M(14336.0M)->3448.9M(14336.0M)]
 [Times: user=0.06 sys=0.00, real=0.02 secs] 
2022-10-02T09:41:30.587-0600: 252305.667: [GC pause (G1 Evacuation Pause) (young), 0.0179646 secs]
   [Parallel Time: 8.1 ms, GC Workers: 6]
      [GC Worker Start (ms): Min: 252305667.2, Avg: 252305669.5, Max: 252305671.1, Diff: 3.8]
      [Ext Root Scanning (ms): Min: 0.0, Avg: 1.1, Max: 3.1, Diff: 3.1, Sum: 6.6]
      [Update RS (ms): Min: 2.4, Avg: 3.4, Max: 4.7, Diff: 2.3, Sum: 20.2]
         [Processed Buffers: Min: 1, Avg: 11.2, Max: 25, Diff: 24, Sum: 67]
      [Scan RS (ms): Min: 0.0, Avg: 0.0, Max: 0.1, Diff: 0.1, Sum: 0.2]
      [Code Root Scanning (ms): Min: 0.0, Avg: 0.0, Max: 0.0, Diff: 0.0, Sum: 0.0]
      [Object Copy (ms): Min: 0.0, Avg: 0.6, Max: 1.0, Diff: 1.0, Sum: 3.8]
      [Termination (ms): Min: 0.0, Avg: 0.6, Max: 0.9, Diff: 0.9, Sum: 3.6]
         [Termination Attempts: Min: 1, Avg: 1.8, Max: 3, Diff: 2, Sum: 11]
      [GC Worker Other (ms): Min: 0.0, Avg: 0.0, Max: 0.0, Diff: 0.0, Sum: 0.0]
      [GC Worker Total (ms): Min: 4.2, Avg: 5.8, Max: 8.0, Diff: 3.8, Sum: 34.6]
      [GC Worker End (ms): Min: 252305675.2, Avg: 252305675.3, Max: 252305675.3, Diff: 0.0]
   [Code Root Fixup: 0.0 ms]
   [Code Root Purge: 0.0 ms]
   [Clear CT: 0.7 ms]
   [Other: 9.1 ms]
      [Choose CSet: 0.0 ms]
      [Ref Proc: 8.8 ms]
      [Ref Enq: 0.1 ms]
      [Redirty Cards: 0.1 ms]
      [Humongous Register: 0.0 ms]
      [Humongous Reclaim: 0.0 ms]
      [Free CSet: 0.1 ms]
   [Eden: 7152.0M(7152.0M)->0.0B(7152.0M) Survivors: 16384.0K->16384.0K Heap: 10600.9M(14336.0M)->3450.0M(14336.0M)]
 [Times: user=0.05 sys=0.00, real=0.02 secs] 
2022-10-02T09:43:56.638-0600: 252451.718: [GC pause (G1 Evacuation Pause) (young) (initial-mark), 0.0225337 secs]
   [Parallel Time: 9.3 ms, GC Workers: 6]
      [GC Worker Start (ms): Min: 252451719.4, Avg: 252451720.4, Max: 252451721.7, Diff: 2.3]
      [Ext Root Scanning (ms): Min: 2.0, Avg: 5.0, Max: 6.6, Diff: 4.7, Sum: 30.2]
      [Update RS (ms): Min: 0.0, Avg: 0.3, Max: 1.0, Diff: 1.0, Sum: 1.9]
         [Processed Buffers: Min: 0, Avg: 6.7, Max: 30, Diff: 30, Sum: 40]
      [Scan RS (ms): Min: 0.0, Avg: 0.0, Max: 0.1, Diff: 0.1, Sum: 0.2]
      [Code Root Scanning (ms): Min: 0.0, Avg: 0.0, Max: 0.0, Diff: 0.0, Sum: 0.0]
      [Object Copy (ms): Min: 0.0, Avg: 0.7, Max: 1.7, Diff: 1.7, Sum: 4.2]
      [Termination (ms): Min: 0.0, Avg: 0.9, Max: 1.2, Diff: 1.2, Sum: 5.6]
         [Termination Attempts: Min: 1, Avg: 2.7, Max: 4, Diff: 3, Sum: 16]
      [GC Worker Other (ms): Min: 0.0, Avg: 0.0, Max: 0.0, Diff: 0.0, Sum: 0.0]
      [GC Worker Total (ms): Min: 5.7, Avg: 7.0, Max: 8.0, Diff: 2.3, Sum: 42.1]
      [GC Worker End (ms): Min: 252451727.4, Avg: 252451727.4, Max: 252451727.5, Diff: 0.1]
   [Code Root Fixup: 0.0 ms]
   [Code Root Purge: 0.0 ms]
   [Clear CT: 0.7 ms]
   [Other: 12.5 ms]
      [Choose CSet: 0.0 ms]
      [Ref Proc: 12.1 ms]
      [Ref Enq: 0.1 ms]
      [Redirty Cards: 0.1 ms]
      [Humongous Register: 0.0 ms]
      [Humongous Reclaim: 0.0 ms]
      [Free CSet: 0.1 ms]
   [Eden: 7152.0M(7152.0M)->0.0B(7152.0M) Survivors: 16384.0K->16384.0K Heap: 10602.0M(14336.0M)->3451.6M(14336.0M)]
 [Times: user=0.06 sys=0.00, real=0.02 secs] 
2022-10-02T09:43:56.661-0600: 252451.741: [GC concurrent-root-region-scan-start]
2022-10-02T09:43:56.664-0600: 252451.744: [GC concurrent-root-region-scan-end, 0.0035464 secs]
2022-10-02T09:43:56.664-0600: 252451.744: [GC concurrent-mark-start]
2022-10-02T09:43:57.965-0600: 252453.045: [GC concurrent-mark-end, 1.3007560 secs]
2022-10-02T09:43:57.965-0600: 252453.045: [GC remark 2022-10-02T09:43:57.965-0600: 252453.045: [Finalize Marking, 0.0030829 secs] 2022-10-02T09:43:57.968-0600: 252453.048: [GC ref-proc, 0.0238787 secs] 2022-10-02T09:43:57.992-0600: 252453.072: [Unloading, 0.0308871 secs], 0.0628914 secs]
 [Times: user=0.22 sys=0.00, real=0.06 secs] 
2022-10-02T09:43:58.028-0600: 252453.108: [GC cleanup 3539M->3539M(14336M), 0.0108977 secs]
 [Times: user=0.02 sys=0.00, real=0.01 secs] 
2022-10-02T09:46:25.770-0600: 252600.850: [GC pause (G1 Evacuation Pause) (young), 0.0232941 secs]
   [Parallel Time: 5.7 ms, GC Workers: 6]
      [GC Worker Start (ms): Min: 252600850.0, Avg: 252600853.3, Max: 252600855.6, Diff: 5.5]
      [Ext Root Scanning (ms): Min: 0.0, Avg: 1.1, Max: 3.3, Diff: 3.3, Sum: 6.5]
      [Update RS (ms): Min: 0.0, Avg: 0.4, Max: 0.8, Diff: 0.8, Sum: 2.2]
         [Processed Buffers: Min: 0, Avg: 6.2, Max: 26, Diff: 26, Sum: 37]
      [Scan RS (ms): Min: 0.0, Avg: 0.0, Max: 0.1, Diff: 0.1, Sum: 0.2]
      [Code Root Scanning (ms): Min: 0.0, Avg: 0.0, Max: 0.0, Diff: 0.0, Sum: 0.0]
      [Object Copy (ms): Min: 0.0, Avg: 0.5, Max: 1.1, Diff: 1.1, Sum: 2.9]
      [Termination (ms): Min: 0.0, Avg: 0.4, Max: 0.7, Diff: 0.7, Sum: 2.1]
         [Termination Attempts: Min: 1, Avg: 1.7, Max: 4, Diff: 3, Sum: 10]
      [GC Worker Other (ms): Min: 0.0, Avg: 0.0, Max: 0.0, Diff: 0.0, Sum: 0.0]
      [GC Worker Total (ms): Min: 0.0, Avg: 2.3, Max: 5.6, Diff: 5.6, Sum: 14.0]
      [GC Worker End (ms): Min: 252600855.6, Avg: 252600855.6, Max: 252600855.7, Diff: 0.1]
   [Code Root Fixup: 0.0 ms]
   [Code Root Purge: 0.0 ms]
   [Clear CT: 0.7 ms]
   [Other: 16.9 ms]
      [Choose CSet: 0.0 ms]
      [Ref Proc: 16.5 ms]
      [Ref Enq: 0.1 ms]
      [Redirty Cards: 0.1 ms]
      [Humongous Register: 0.0 ms]
      [Humongous Reclaim: 0.0 ms]
      [Free CSet: 0.1 ms]
   [Eden: 7152.0M(7152.0M)->0.0B(7152.0M) Survivors: 16384.0K->16384.0K Heap: 10603.6M(14336.0M)->3452.5M(14336.0M)]
 [Times: user=0.07 sys=0.00, real=0.03 secs] 
2022-10-02T09:48:54.492-0600: 252749.572: [GC pause (G1 Evacuation Pause) (young), 0.0153042 secs]
   [Parallel Time: 3.6 ms, GC Workers: 6]
      [GC Worker Start (ms): Min: 252749572.2, Avg: 252749572.5, Max: 252749572.7, Diff: 0.5]
      [Ext Root Scanning (ms): Min: 0.6, Avg: 1.2, Max: 3.3, Diff: 2.7, Sum: 7.3]
      [Update RS (ms): Min: 0.0, Avg: 0.4, Max: 0.7, Diff: 0.7, Sum: 2.7]
         [Processed Buffers: Min: 0, Avg: 6.8, Max: 17, Diff: 17, Sum: 41]
      [Scan RS (ms): Min: 0.0, Avg: 0.0, Max: 0.1, Diff: 0.1, Sum: 0.2]
      [Code Root Scanning (ms): Min: 0.0, Avg: 0.0, Max: 0.0, Diff: 0.0, Sum: 0.0]
      [Object Copy (ms): Min: 0.0, Avg: 0.5, Max: 0.7, Diff: 0.7, Sum: 3.2]
      [Termination (ms): Min: 0.0, Avg: 1.0, Max: 1.2, Diff: 1.2, Sum: 5.7]
         [Termination Attempts: Min: 1, Avg: 1.0, Max: 1, Diff: 0, Sum: 6]
      [GC Worker Other (ms): Min: 0.0, Avg: 0.0, Max: 0.0, Diff: 0.0, Sum: 0.1]
      [GC Worker Total (ms): Min: 3.0, Avg: 3.2, Max: 3.5, Diff: 0.6, Sum: 19.2]
      [GC Worker End (ms): Min: 252749575.5, Avg: 252749575.7, Max: 252749575.7, Diff: 0.2]
   [Code Root Fixup: 0.0 ms]
   [Code Root Purge: 0.0 ms]
   [Clear CT: 0.7 ms]
   [Other: 11.0 ms]
      [Choose CSet: 0.0 ms]
      [Ref Proc: 10.7 ms]
      [Ref Enq: 0.1 ms]
      [Redirty Cards: 0.0 ms]
      [Humongous Register: 0.0 ms]
      [Humongous Reclaim: 0.0 ms]
      [Free CSet: 0.1 ms]
   [Eden: 7152.0M(7152.0M)->0.0B(7152.0M) Survivors: 16384.0K->16384.0K Heap: 10604.5M(14336.0M)->3451.1M(14336.0M)]
 [Times: user=0.05 sys=0.00, real=0.02 secs] 
2022-10-02T09:51:23.988-0600: 252899.068: [GC pause (G1 Evacuation Pause) (young) (initial-mark), 0.0283606 secs]
   [Parallel Time: 11.8 ms, GC Workers: 6]
      [GC Worker Start (ms): Min: 252899069.1, Avg: 252899072.4, Max: 252899073.6, Diff: 4.5]
      [Ext Root Scanning (ms): Min: 1.4, Avg: 4.9, Max: 6.2, Diff: 4.8, Sum: 29.1]
      [Update RS (ms): Min: 0.0, Avg: 0.3, Max: 1.1, Diff: 1.1, Sum: 1.9]
         [Processed Buffers: Min: 0, Avg: 6.5, Max: 29, Diff: 29, Sum: 39]
      [Scan RS (ms): Min: 0.0, Avg: 0.0, Max: 0.1, Diff: 0.1, Sum: 0.2]
      [Code Root Scanning (ms): Min: 0.0, Avg: 0.0, Max: 0.0, Diff: 0.0, Sum: 0.0]
      [Object Copy (ms): Min: 0.0, Avg: 0.4, Max: 1.1, Diff: 1.1, Sum: 2.6]
      [Termination (ms): Min: 0.0, Avg: 1.4, Max: 2.4, Diff: 2.4, Sum: 8.7]
         [Termination Attempts: Min: 1, Avg: 1.5, Max: 4, Diff: 3, Sum: 9]
      [GC Worker Other (ms): Min: 0.0, Avg: 0.0, Max: 0.0, Diff: 0.0, Sum: 0.0]
      [GC Worker Total (ms): Min: 5.8, Avg: 7.1, Max: 10.4, Diff: 4.6, Sum: 42.5]
      [GC Worker End (ms): Min: 252899079.4, Avg: 252899079.5, Max: 252899079.6, Diff: 0.1]
   [Code Root Fixup: 0.0 ms]
   [Code Root Purge: 0.0 ms]
   [Clear CT: 0.7 ms]
   [Other: 15.8 ms]
      [Choose CSet: 0.0 ms]
      [Ref Proc: 15.5 ms]
      [Ref Enq: 0.1 ms]
      [Redirty Cards: 0.1 ms]
      [Humongous Register: 0.0 ms]
      [Humongous Reclaim: 0.0 ms]
      [Free CSet: 0.1 ms]
   [Eden: 7152.0M(7152.0M)->0.0B(7152.0M) Survivors: 16384.0K->16384.0K Heap: 10603.1M(14336.0M)->3450.5M(14336.0M)]
 [Times: user=0.06 sys=0.00, real=0.03 secs] 
2022-10-02T09:51:24.016-0600: 252899.096: [GC concurrent-root-region-scan-start]
2022-10-02T09:51:24.021-0600: 252899.100: [GC concurrent-root-region-scan-end, 0.0042437 secs]
2022-10-02T09:51:24.021-0600: 252899.100: [GC concurrent-mark-start]
2022-10-02T09:51:25.338-0600: 252900.418: [GC concurrent-mark-end, 1.3177490 secs]
2022-10-02T09:51:25.338-0600: 252900.418: [GC remark 2022-10-02T09:51:25.338-0600: 252900.418: [Finalize Marking, 0.0017258 secs] 2022-10-02T09:51:25.340-0600: 252900.420: [GC ref-proc, 0.0270399 secs] 2022-10-02T09:51:25.367-0600: 252900.447: [Unloading, 0.0334000 secs], 0.0672504 secs]
 [Times: user=0.21 sys=0.00, real=0.07 secs] 
2022-10-02T09:51:25.406-0600: 252900.486: [GC cleanup 3514M->3514M(14336M), 0.0084829 secs]
 [Times: user=0.02 sys=0.00, real=0.01 secs] 
2022-10-02T09:53:51.637-0600: 253046.717: [GC pause (G1 Evacuation Pause) (young), 0.0157414 secs]
   [Parallel Time: 4.1 ms, GC Workers: 6]
      [GC Worker Start (ms): Min: 253046716.9, Avg: 253046718.4, Max: 253046720.7, Diff: 3.8]
      [Ext Root Scanning (ms): Min: 0.0, Avg: 1.2, Max: 3.3, Diff: 3.3, Sum: 7.0]
      [Update RS (ms): Min: 0.0, Avg: 0.4, Max: 0.9, Diff: 0.9, Sum: 2.4]
         [Processed Buffers: Min: 0, Avg: 7.3, Max: 36, Diff: 36, Sum: 44]
      [Scan RS (ms): Min: 0.0, Avg: 0.0, Max: 0.1, Diff: 0.1, Sum: 0.2]
      [Code Root Scanning (ms): Min: 0.0, Avg: 0.0, Max: 0.0, Diff: 0.0, Sum: 0.0]
      [Object Copy (ms): Min: 0.0, Avg: 0.6, Max: 1.1, Diff: 1.1, Sum: 3.6]
      [Termination (ms): Min: 0.0, Avg: 0.3, Max: 0.4, Diff: 0.4, Sum: 1.7]
         [Termination Attempts: Min: 1, Avg: 1.8, Max: 3, Diff: 2, Sum: 11]
      [GC Worker Other (ms): Min: 0.0, Avg: 0.0, Max: 0.0, Diff: 0.0, Sum: 0.0]
      [GC Worker Total (ms): Min: 0.0, Avg: 2.5, Max: 4.0, Diff: 4.0, Sum: 14.9]
      [GC Worker End (ms): Min: 253046720.7, Avg: 253046720.8, Max: 253046720.9, Diff: 0.2]
   [Code Root Fixup: 0.0 ms]
   [Code Root Purge: 0.0 ms]
   [Clear CT: 0.8 ms]
   [Other: 10.9 ms]
      [Choose CSet: 0.0 ms]
      [Ref Proc: 10.5 ms]
      [Ref Enq: 0.1 ms]
      [Redirty Cards: 0.1 ms]
      [Humongous Register: 0.0 ms]
      [Humongous Reclaim: 0.0 ms]
      [Free CSet: 0.1 ms]
   [Eden: 7152.0M(7152.0M)->0.0B(7152.0M) Survivors: 16384.0K->16384.0K Heap: 10602.5M(14336.0M)->3451.9M(14336.0M)]
 [Times: user=0.05 sys=0.00, real=0.01 secs] 
2022-10-02T09:56:20.496-0600: 253195.576: [GC pause (G1 Evacuation Pause) (young), 0.0136478 secs]
   [Parallel Time: 3.9 ms, GC Workers: 6]
      [GC Worker Start (ms): Min: 253195575.7, Avg: 253195576.5, Max: 253195579.3, Diff: 3.6]
      [Ext Root Scanning (ms): Min: 0.0, Avg: 1.2, Max: 3.1, Diff: 3.1, Sum: 7.1]
      [Update RS (ms): Min: 0.0, Avg: 0.4, Max: 0.7, Diff: 0.7, Sum: 2.4]
         [Processed Buffers: Min: 0, Avg: 6.5, Max: 29, Diff: 29, Sum: 39]
      [Scan RS (ms): Min: 0.0, Avg: 0.0, Max: 0.1, Diff: 0.1, Sum: 0.2]
      [Code Root Scanning (ms): Min: 0.0, Avg: 0.0, Max: 0.0, Diff: 0.0, Sum: 0.0]
      [Object Copy (ms): Min: 0.0, Avg: 0.6, Max: 0.9, Diff: 0.9, Sum: 3.4]
      [Termination (ms): Min: 0.0, Avg: 0.7, Max: 1.0, Diff: 1.0, Sum: 4.4]
         [Termination Attempts: Min: 1, Avg: 5.0, Max: 10, Diff: 9, Sum: 30]
      [GC Worker Other (ms): Min: 0.0, Avg: 0.0, Max: 0.0, Diff: 0.0, Sum: 0.0]
      [GC Worker Total (ms): Min: 0.0, Avg: 2.9, Max: 3.8, Diff: 3.8, Sum: 17.6]
      [GC Worker End (ms): Min: 253195579.3, Avg: 253195579.5, Max: 253195579.5, Diff: 0.2]
   [Code Root Fixup: 0.0 ms]
   [Code Root Purge: 0.0 ms]
   [Clear CT: 0.8 ms]
   [Other: 9.0 ms]
      [Choose CSet: 0.0 ms]
      [Ref Proc: 8.7 ms]
      [Ref Enq: 0.1 ms]
      [Redirty Cards: 0.1 ms]
      [Humongous Register: 0.0 ms]
      [Humongous Reclaim: 0.0 ms]
      [Free CSet: 0.1 ms]
   [Eden: 7152.0M(7152.0M)->0.0B(7152.0M) Survivors: 16384.0K->16384.0K Heap: 10603.9M(14336.0M)->3451.3M(14336.0M)]
 [Times: user=0.04 sys=0.00, real=0.01 secs] 
2022-10-02T09:58:45.500-0600: 253340.580: [GC pause (G1 Evacuation Pause) (young) (initial-mark), 0.0303054 secs]
   [Parallel Time: 12.4 ms, GC Workers: 6]
      [GC Worker Start (ms): Min: 253340583.6, Avg: 253340585.2, Max: 253340586.5, Diff: 3.0]
      [Ext Root Scanning (ms): Min: 1.6, Avg: 4.2, Max: 5.7, Diff: 4.1, Sum: 25.2]
      [Update RS (ms): Min: 0.0, Avg: 0.4, Max: 1.5, Diff: 1.5, Sum: 2.7]
         [Processed Buffers: Min: 0, Avg: 6.8, Max: 23, Diff: 23, Sum: 41]
      [Scan RS (ms): Min: 0.0, Avg: 0.0, Max: 0.1, Diff: 0.1, Sum: 0.2]
      [Code Root Scanning (ms): Min: 0.0, Avg: 0.0, Max: 0.0, Diff: 0.0, Sum: 0.0]
      [Object Copy (ms): Min: 0.0, Avg: 0.9, Max: 2.1, Diff: 2.1, Sum: 5.6]
      [Termination (ms): Min: 0.0, Avg: 1.5, Max: 1.9, Diff: 1.9, Sum: 8.8]
         [Termination Attempts: Min: 1, Avg: 4.7, Max: 12, Diff: 11, Sum: 28]
      [GC Worker Other (ms): Min: 0.0, Avg: 0.0, Max: 0.0, Diff: 0.0, Sum: 0.0]
      [GC Worker Total (ms): Min: 5.7, Avg: 7.1, Max: 8.8, Diff: 3.1, Sum: 42.5]
      [GC Worker End (ms): Min: 253340592.3, Avg: 253340592.3, Max: 253340592.4, Diff: 0.1]
   [Code Root Fixup: 0.0 ms]
   [Code Root Purge: 0.0 ms]
   [Clear CT: 0.9 ms]
   [Other: 17.0 ms]
      [Choose CSet: 0.0 ms]
      [Ref Proc: 16.6 ms]
      [Ref Enq: 0.1 ms]
      [Redirty Cards: 0.1 ms]
      [Humongous Register: 0.0 ms]
      [Humongous Reclaim: 0.0 ms]
      [Free CSet: 0.1 ms]
   [Eden: 7152.0M(7152.0M)->0.0B(7152.0M) Survivors: 16384.0K->16384.0K Heap: 10603.3M(14336.0M)->3451.5M(14336.0M)]
 [Times: user=0.08 sys=0.00, real=0.03 secs] 
2022-10-02T09:58:45.531-0600: 253340.610: [GC concurrent-root-region-scan-start]
2022-10-02T09:58:45.534-0600: 253340.614: [GC concurrent-root-region-scan-end, 0.0038579 secs]
2022-10-02T09:58:45.534-0600: 253340.614: [GC concurrent-mark-start]
2022-10-02T09:58:46.831-0600: 253341.911: [GC concurrent-mark-end, 1.2963884 secs]
2022-10-02T09:58:46.831-0600: 253341.911: [GC remark 2022-10-02T09:58:46.831-0600: 253341.911: [Finalize Marking, 0.0015558 secs] 2022-10-02T09:58:46.832-0600: 253341.912: [GC ref-proc, 0.0285390 secs] 2022-10-02T09:58:46.861-0600: 253341.941: [Unloading, 0.0316467 secs], 0.0665979 secs]
 [Times: user=0.21 sys=0.00, real=0.07 secs] 
2022-10-02T09:58:46.898-0600: 253341.978: [GC cleanup 3523M->3523M(14336M), 0.0087653 secs]
 [Times: user=0.02 sys=0.00, real=0.01 secs] 
2022-10-02T10:01:11.429-0600: 253486.508: [GC pause (G1 Evacuation Pause) (young), 0.0133194 secs]
   [Parallel Time: 3.5 ms, GC Workers: 6]
      [GC Worker Start (ms): Min: 253486508.5, Avg: 253486509.1, Max: 253486511.5, Diff: 3.0]
      [Ext Root Scanning (ms): Min: 0.0, Avg: 1.1, Max: 3.3, Diff: 3.3, Sum: 6.8]
      [Update RS (ms): Min: 0.0, Avg: 0.4, Max: 0.7, Diff: 0.7, Sum: 2.3]
         [Processed Buffers: Min: 0, Avg: 6.5, Max: 20, Diff: 20, Sum: 39]
      [Scan RS (ms): Min: 0.0, Avg: 0.0, Max: 0.1, Diff: 0.1, Sum: 0.2]
      [Code Root Scanning (ms): Min: 0.0, Avg: 0.0, Max: 0.0, Diff: 0.0, Sum: 0.0]
      [Object Copy (ms): Min: 0.0, Avg: 0.5, Max: 0.8, Diff: 0.8, Sum: 2.9]
      [Termination (ms): Min: 0.0, Avg: 0.7, Max: 1.1, Diff: 1.1, Sum: 4.5]
         [Termination Attempts: Min: 1, Avg: 1.2, Max: 2, Diff: 1, Sum: 7]
      [GC Worker Other (ms): Min: 0.0, Avg: 0.0, Max: 0.0, Diff: 0.0, Sum: 0.0]
      [GC Worker Total (ms): Min: 0.4, Avg: 2.8, Max: 3.3, Diff: 2.9, Sum: 16.8]
      [GC Worker End (ms): Min: 253486511.8, Avg: 253486511.9, Max: 253486512.0, Diff: 0.2]
   [Code Root Fixup: 0.0 ms]
   [Code Root Purge: 0.0 ms]
   [Clear CT: 0.6 ms]
   [Other: 9.1 ms]
      [Choose CSet: 0.0 ms]
      [Ref Proc: 8.8 ms]
      [Ref Enq: 0.1 ms]
      [Redirty Cards: 0.1 ms]
      [Humongous Register: 0.0 ms]
      [Humongous Reclaim: 0.0 ms]
      [Free CSet: 0.1 ms]
   [Eden: 7152.0M(7152.0M)->0.0B(7152.0M) Survivors: 16384.0K->16384.0K Heap: 10603.5M(14336.0M)->3451.2M(14336.0M)]
 [Times: user=0.05 sys=0.00, real=0.01 secs] 
2022-10-02T10:03:31.336-0600: 253626.416: [GC pause (G1 Evacuation Pause) (young), 0.0121866 secs]
   [Parallel Time: 3.7 ms, GC Workers: 6]
      [GC Worker Start (ms): Min: 253626415.7, Avg: 253626416.7, Max: 253626419.3, Diff: 3.6]
      [Ext Root Scanning (ms): Min: 0.0, Avg: 1.2, Max: 3.3, Diff: 3.3, Sum: 7.0]
      [Update RS (ms): Min: 0.0, Avg: 0.4, Max: 0.8, Diff: 0.8, Sum: 2.6]
         [Processed Buffers: Min: 0, Avg: 6.7, Max: 14, Diff: 14, Sum: 40]
      [Scan RS (ms): Min: 0.0, Avg: 0.0, Max: 0.1, Diff: 0.1, Sum: 0.2]
      [Code Root Scanning (ms): Min: 0.0, Avg: 0.0, Max: 0.0, Diff: 0.0, Sum: 0.0]
      [Object Copy (ms): Min: 0.0, Avg: 0.6, Max: 1.0, Diff: 1.0, Sum: 3.4]
      [Termination (ms): Min: 0.0, Avg: 0.5, Max: 0.6, Diff: 0.6, Sum: 2.8]
         [Termination Attempts: Min: 1, Avg: 1.0, Max: 1, Diff: 0, Sum: 6]
      [GC Worker Other (ms): Min: 0.0, Avg: 0.0, Max: 0.0, Diff: 0.0, Sum: 0.0]
      [GC Worker Total (ms): Min: 0.0, Avg: 2.7, Max: 3.7, Diff: 3.6, Sum: 16.0]
      [GC Worker End (ms): Min: 253626419.3, Avg: 253626419.3, Max: 253626419.3, Diff: 0.0]
   [Code Root Fixup: 0.0 ms]
   [Code Root Purge: 0.0 ms]
   [Clear CT: 0.7 ms]
   [Other: 7.8 ms]
      [Choose CSet: 0.0 ms]
      [Ref Proc: 7.4 ms]
      [Ref Enq: 0.1 ms]
      [Redirty Cards: 0.0 ms]
      [Humongous Register: 0.0 ms]
      [Humongous Reclaim: 0.0 ms]
      [Free CSet: 0.1 ms]
   [Eden: 7152.0M(7152.0M)->0.0B(7152.0M) Survivors: 16384.0K->16384.0K Heap: 10603.2M(14336.0M)->3452.7M(14336.0M)]
 [Times: user=0.04 sys=0.00, real=0.01 secs] 
2022-10-02T10:05:54.155-0600: 253769.235: [GC pause (G1 Evacuation Pause) (young) (initial-mark), 0.0297416 secs]
   [Parallel Time: 10.5 ms, GC Workers: 6]
      [GC Worker Start (ms): Min: 253769236.7, Avg: 253769238.9, Max: 253769240.0, Diff: 3.3]
      [Ext Root Scanning (ms): Min: 2.2, Avg: 4.4, Max: 5.7, Diff: 3.4, Sum: 26.6]
      [Update RS (ms): Min: 0.0, Avg: 0.4, Max: 0.8, Diff: 0.8, Sum: 2.6]
         [Processed Buffers: Min: 0, Avg: 6.2, Max: 23, Diff: 23, Sum: 37]
      [Scan RS (ms): Min: 0.0, Avg: 0.0, Max: 0.1, Diff: 0.1, Sum: 0.2]
      [Code Root Scanning (ms): Min: 0.0, Avg: 0.0, Max: 0.0, Diff: 0.0, Sum: 0.0]
      [Object Copy (ms): Min: 0.0, Avg: 0.6, Max: 1.0, Diff: 1.0, Sum: 3.5]
      [Termination (ms): Min: 0.0, Avg: 1.3, Max: 2.0, Diff: 2.0, Sum: 8.0]
         [Termination Attempts: Min: 1, Avg: 1.2, Max: 2, Diff: 1, Sum: 7]
      [GC Worker Other (ms): Min: 0.0, Avg: 0.0, Max: 0.0, Diff: 0.0, Sum: 0.0]
      [GC Worker Total (ms): Min: 5.7, Avg: 6.8, Max: 9.1, Diff: 3.4, Sum: 41.0]
      [GC Worker End (ms): Min: 253769245.7, Avg: 253769245.7, Max: 253769245.8, Diff: 0.1]
   [Code Root Fixup: 0.0 ms]
   [Code Root Purge: 0.0 ms]
   [Clear CT: 0.9 ms]
   [Other: 18.3 ms]
      [Choose CSet: 0.0 ms]
      [Ref Proc: 17.9 ms]
      [Ref Enq: 0.1 ms]
      [Redirty Cards: 0.1 ms]
      [Humongous Register: 0.0 ms]
      [Humongous Reclaim: 0.0 ms]
      [Free CSet: 0.1 ms]
   [Eden: 7152.0M(7152.0M)->0.0B(7152.0M) Survivors: 16384.0K->16384.0K Heap: 10604.7M(14336.0M)->3452.3M(14336.0M)]
 [Times: user=0.08 sys=0.00, real=0.03 secs] 
2022-10-02T10:05:54.185-0600: 253769.265: [GC concurrent-root-region-scan-start]
2022-10-02T10:05:54.189-0600: 253769.269: [GC concurrent-root-region-scan-end, 0.0037840 secs]
2022-10-02T10:05:54.189-0600: 253769.269: [GC concurrent-mark-start]
2022-10-02T10:05:55.458-0600: 253770.538: [GC concurrent-mark-end, 1.2690562 secs]
2022-10-02T10:05:55.458-0600: 253770.538: [GC remark 2022-10-02T10:05:55.458-0600: 253770.538: [Finalize Marking, 0.0022530 secs] 2022-10-02T10:05:55.461-0600: 253770.541: [GC ref-proc, 0.0202636 secs] 2022-10-02T10:05:55.481-0600: 253770.561: [Unloading, 0.0292773 secs], 0.0576352 secs]
 [Times: user=0.21 sys=0.00, real=0.06 secs] 
2022-10-02T10:05:55.516-0600: 253770.596: [GC cleanup 3540M->3540M(14336M), 0.0061749 secs]
 [Times: user=0.02 sys=0.00, real=0.00 secs] 
2022-10-02T10:08:15.087-0600: 253910.166: [GC pause (G1 Evacuation Pause) (young), 0.0207440 secs]
   [Parallel Time: 6.0 ms, GC Workers: 6]
      [GC Worker Start (ms): Min: 253910166.5, Avg: 253910169.6, Max: 253910172.3, Diff: 5.8]
      [Ext Root Scanning (ms): Min: 0.0, Avg: 1.1, Max: 3.0, Diff: 3.0, Sum: 6.3]
      [Update RS (ms): Min: 0.0, Avg: 0.4, Max: 0.8, Diff: 0.8, Sum: 2.4]
         [Processed Buffers: Min: 0, Avg: 6.7, Max: 17, Diff: 17, Sum: 40]
      [Scan RS (ms): Min: 0.0, Avg: 0.0, Max: 0.1, Diff: 0.1, Sum: 0.2]
      [Code Root Scanning (ms): Min: 0.0, Avg: 0.0, Max: 0.0, Diff: 0.0, Sum: 0.0]
      [Object Copy (ms): Min: 0.0, Avg: 0.5, Max: 1.1, Diff: 1.1, Sum: 3.0]
      [Termination (ms): Min: 0.0, Avg: 0.8, Max: 1.2, Diff: 1.2, Sum: 4.7]
         [Termination Attempts: Min: 1, Avg: 1.0, Max: 1, Diff: 0, Sum: 6]
      [GC Worker Other (ms): Min: 0.0, Avg: 0.0, Max: 0.0, Diff: 0.0, Sum: 0.0]
      [GC Worker Total (ms): Min: 0.0, Avg: 2.8, Max: 5.9, Diff: 5.9, Sum: 16.6]
      [GC Worker End (ms): Min: 253910172.3, Avg: 253910172.4, Max: 253910172.4, Diff: 0.1]
   [Code Root Fixup: 0.0 ms]
   [Code Root Purge: 0.0 ms]
   [Clear CT: 0.8 ms]
   [Other: 14.0 ms]
      [Choose CSet: 0.0 ms]
      [Ref Proc: 13.6 ms]
      [Ref Enq: 0.1 ms]
      [Redirty Cards: 0.1 ms]
      [Humongous Register: 0.0 ms]
      [Humongous Reclaim: 0.0 ms]
      [Free CSet: 0.1 ms]
   [Eden: 7152.0M(7152.0M)->0.0B(7152.0M) Survivors: 16384.0K->16384.0K Heap: 10604.3M(14336.0M)->3451.9M(14336.0M)]
 [Times: user=0.06 sys=0.00, real=0.02 secs] 
2022-10-02T10:13:06.808-0600: 254201.888: [GC pause (G1 Humongous Allocation) (young) (initial-mark), 0.0231864 secs]
   [Parallel Time: 10.0 ms, GC Workers: 6]
      [GC Worker Start (ms): Min: 254201889.4, Avg: 254201890.1, Max: 254201891.4, Diff: 2.0]
      [Ext Root Scanning (ms): Min: 2.1, Avg: 4.1, Max: 6.0, Diff: 4.0, Sum: 24.8]
      [Update RS (ms): Min: 0.0, Avg: 1.4, Max: 2.0, Diff: 2.0, Sum: 8.3]
         [Processed Buffers: Min: 0, Avg: 16.5, Max: 30, Diff: 30, Sum: 99]
      [Scan RS (ms): Min: 0.0, Avg: 0.0, Max: 0.1, Diff: 0.1, Sum: 0.2]
      [Code Root Scanning (ms): Min: 0.0, Avg: 0.0, Max: 0.0, Diff: 0.0, Sum: 0.0]
      [Object Copy (ms): Min: 0.0, Avg: 1.5, Max: 2.8, Diff: 2.8, Sum: 9.0]
      [Termination (ms): Min: 0.0, Avg: 0.9, Max: 1.2, Diff: 1.2, Sum: 5.4]
         [Termination Attempts: Min: 1, Avg: 2.2, Max: 3, Diff: 2, Sum: 13]
      [GC Worker Other (ms): Min: 0.0, Avg: 0.0, Max: 0.0, Diff: 0.0, Sum: 0.0]
      [GC Worker Total (ms): Min: 6.6, Avg: 8.0, Max: 8.6, Diff: 2.0, Sum: 47.7]
      [GC Worker End (ms): Min: 254201898.0, Avg: 254201898.0, Max: 254201898.0, Diff: 0.1]
   [Code Root Fixup: 0.0 ms]
   [Code Root Purge: 0.0 ms]
   [Clear CT: 0.8 ms]
   [Other: 12.4 ms]
      [Choose CSet: 0.0 ms]
      [Ref Proc: 12.1 ms]
      [Ref Enq: 0.0 ms]
      [Redirty Cards: 0.0 ms]
      [Humongous Register: 0.0 ms]
      [Humongous Reclaim: 0.0 ms]
      [Free CSet: 0.1 ms]
   [Eden: 6448.0M(7152.0M)->0.0B(7152.0M) Survivors: 16384.0K->16384.0K Heap: 9885.1M(14336.0M)->3455.9M(14336.0M)]
 [Times: user=0.07 sys=0.00, real=0.02 secs] 
2022-10-02T10:13:06.831-0600: 254201.911: [GC concurrent-root-region-scan-start]
2022-10-02T10:13:06.837-0600: 254201.917: [GC concurrent-root-region-scan-end, 0.0058201 secs]
2022-10-02T10:13:06.837-0600: 254201.917: [GC concurrent-mark-start]
2022-10-02T10:13:08.102-0600: 254203.181: [GC concurrent-mark-end, 1.2643234 secs]
2022-10-02T10:13:08.102-0600: 254203.182: [GC remark 2022-10-02T10:13:08.102-0600: 254203.182: [Finalize Marking, 0.0017481 secs] 2022-10-02T10:13:08.103-0600: 254203.183: [GC ref-proc, 0.0270805 secs] 2022-10-02T10:13:08.131-0600: 254203.210: [Unloading, 0.0304620 secs], 0.0637199 secs]
 [Times: user=0.22 sys=0.00, real=0.07 secs] 
2022-10-02T10:13:08.167-0600: 254203.247: [GC cleanup 3490M->3490M(14336M), 0.0062291 secs]
 [Times: user=0.02 sys=0.00, real=0.01 secs] 
2022-10-02T10:14:43.571-0600: 254298.650: [GC pause (G1 Evacuation Pause) (young), 0.0599676 secs]
   [Parallel Time: 44.9 ms, GC Workers: 6]
      [GC Worker Start (ms): Min: 254298650.5, Avg: 254298652.2, Max: 254298654.3, Diff: 3.8]
      [Ext Root Scanning (ms): Min: 0.0, Avg: 1.1, Max: 3.0, Diff: 3.0, Sum: 6.4]
      [Update RS (ms): Min: 2.8, Avg: 3.8, Max: 4.6, Diff: 1.8, Sum: 22.7]
         [Processed Buffers: Min: 16, Avg: 38.7, Max: 56, Diff: 40, Sum: 232]
      [Scan RS (ms): Min: 0.0, Avg: 0.0, Max: 0.1, Diff: 0.1, Sum: 0.2]
      [Code Root Scanning (ms): Min: 0.0, Avg: 0.0, Max: 0.0, Diff: 0.0, Sum: 0.0]
      [Object Copy (ms): Min: 38.2, Avg: 38.2, Max: 38.3, Diff: 0.1, Sum: 229.4]
      [Termination (ms): Min: 0.0, Avg: 0.0, Max: 0.0, Diff: 0.0, Sum: 0.0]
         [Termination Attempts: Min: 1, Avg: 1.2, Max: 2, Diff: 1, Sum: 7]
      [GC Worker Other (ms): Min: 0.0, Avg: 0.0, Max: 0.0, Diff: 0.0, Sum: 0.1]
      [GC Worker Total (ms): Min: 41.1, Avg: 43.1, Max: 44.9, Diff: 3.8, Sum: 258.9]
      [GC Worker End (ms): Min: 254298695.4, Avg: 254298695.4, Max: 254298695.4, Diff: 0.0]
   [Code Root Fixup: 0.0 ms]
   [Code Root Purge: 0.0 ms]
   [Clear CT: 0.9 ms]
   [Other: 14.1 ms]
      [Choose CSet: 0.0 ms]
      [Ref Proc: 13.7 ms]
      [Ref Enq: 0.1 ms]
      [Redirty Cards: 0.1 ms]
      [Humongous Register: 0.0 ms]
      [Humongous Reclaim: 0.0 ms]
      [Free CSet: 0.1 ms]
   [Eden: 7152.0M(7152.0M)->0.0B(5504.0M) Survivors: 16384.0K->224.0M Heap: 10623.9M(14336.0M)->3690.6M(14336.0M)]
 [Times: user=0.28 sys=0.00, real=0.06 secs] 
2022-10-02T10:15:49.738-0600: 254364.818: [GC pause (G1 Evacuation Pause) (mixed), 0.0581073 secs]
   [Parallel Time: 43.7 ms, GC Workers: 6]
      [GC Worker Start (ms): Min: 254364818.2, Avg: 254364821.0, Max: 254364824.8, Diff: 6.5]
      [Ext Root Scanning (ms): Min: 0.0, Avg: 1.0, Max: 3.1, Diff: 3.1, Sum: 6.2]
      [Update RS (ms): Min: 0.0, Avg: 2.2, Max: 3.6, Diff: 3.6, Sum: 13.0]
         [Processed Buffers: Min: 0, Avg: 11.0, Max: 21, Diff: 21, Sum: 66]
      [Scan RS (ms): Min: 0.3, Avg: 1.4, Max: 4.7, Diff: 4.4, Sum: 8.4]
      [Code Root Scanning (ms): Min: 0.0, Avg: 0.0, Max: 0.0, Diff: 0.0, Sum: 0.0]
      [Object Copy (ms): Min: 33.4, Avg: 36.3, Max: 36.9, Diff: 3.5, Sum: 217.5]
      [Termination (ms): Min: 0.0, Avg: 0.0, Max: 0.0, Diff: 0.0, Sum: 0.0]
         [Termination Attempts: Min: 1, Avg: 1.0, Max: 1, Diff: 0, Sum: 6]
      [GC Worker Other (ms): Min: 0.0, Avg: 0.0, Max: 0.0, Diff: 0.0, Sum: 0.1]
      [GC Worker Total (ms): Min: 37.2, Avg: 40.9, Max: 43.7, Diff: 6.5, Sum: 245.3]
      [GC Worker End (ms): Min: 254364861.9, Avg: 254364861.9, Max: 254364861.9, Diff: 0.0]
   [Code Root Fixup: 0.0 ms]
   [Code Root Purge: 0.0 ms]
   [Clear CT: 0.8 ms]
   [Other: 13.6 ms]
      [Choose CSet: 0.0 ms]
      [Ref Proc: 12.9 ms]
      [Ref Enq: 0.1 ms]
      [Redirty Cards: 0.3 ms]
      [Humongous Register: 0.0 ms]
      [Humongous Reclaim: 0.0 ms]
      [Free CSet: 0.1 ms]
   [Eden: 5504.0M(5504.0M)->0.0B(7040.0M) Survivors: 224.0M->128.0M Heap: 9194.6M(14336.0M)->3713.5M(14336.0M)]
 [Times: user=0.28 sys=0.00, real=0.06 secs] 
2022-10-02T10:17:30.490-0600: 254465.570: [GC pause (G1 Evacuation Pause) (young), 0.0388287 secs]
   [Parallel Time: 22.6 ms, GC Workers: 6]
      [GC Worker Start (ms): Min: 254465570.4, Avg: 254465571.9, Max: 254465576.7, Diff: 6.3]
      [Ext Root Scanning (ms): Min: 0.0, Avg: 1.2, Max: 3.0, Diff: 3.0, Sum: 7.0]
      [Update RS (ms): Min: 6.7, Avg: 10.0, Max: 11.1, Diff: 4.4, Sum: 60.3]
         [Processed Buffers: Min: 26, Avg: 37.8, Max: 53, Diff: 27, Sum: 227]
      [Scan RS (ms): Min: 0.6, Avg: 0.7, Max: 0.7, Diff: 0.1, Sum: 4.1]
      [Code Root Scanning (ms): Min: 0.0, Avg: 0.0, Max: 0.0, Diff: 0.0, Sum: 0.0]
      [Object Copy (ms): Min: 8.8, Avg: 9.0, Max: 9.1, Diff: 0.3, Sum: 53.8]
      [Termination (ms): Min: 0.0, Avg: 0.0, Max: 0.0, Diff: 0.0, Sum: 0.0]
         [Termination Attempts: Min: 1, Avg: 1.0, Max: 1, Diff: 0, Sum: 6]
      [GC Worker Other (ms): Min: 0.0, Avg: 0.0, Max: 0.0, Diff: 0.0, Sum: 0.1]
      [GC Worker Total (ms): Min: 16.2, Avg: 20.9, Max: 22.5, Diff: 6.3, Sum: 125.4]
      [GC Worker End (ms): Min: 254465592.8, Avg: 254465592.8, Max: 254465592.9, Diff: 0.0]
   [Code Root Fixup: 0.0 ms]
   [Code Root Purge: 0.0 ms]
   [Clear CT: 1.0 ms]
   [Other: 15.2 ms]
      [Choose CSet: 0.0 ms]
      [Ref Proc: 14.8 ms]
      [Ref Enq: 0.1 ms]
      [Redirty Cards: 0.1 ms]
      [Humongous Register: 0.0 ms]
      [Humongous Reclaim: 0.0 ms]
      [Free CSet: 0.1 ms]
   [Eden: 7040.0M(7040.0M)->0.0B(7072.0M) Survivors: 128.0M->98304.0K Heap: 10753.5M(14336.0M)->3760.0M(14336.0M)]
 [Times: user=0.15 sys=0.00, real=0.04 secs] 
2022-10-02T10:19:08.087-0600: 254563.167: [GC pause (G1 Evacuation Pause) (young) (initial-mark), 0.0469704 secs]
   [Parallel Time: 28.6 ms, GC Workers: 6]
      [GC Worker Start (ms): Min: 254563168.5, Avg: 254563170.0, Max: 254563171.5, Diff: 3.0]
      [Ext Root Scanning (ms): Min: 2.4, Avg: 5.5, Max: 11.5, Diff: 9.1, Sum: 33.0]
      [Update RS (ms): Min: 0.0, Avg: 7.0, Max: 8.6, Diff: 8.6, Sum: 41.9]
         [Processed Buffers: Min: 0, Avg: 43.0, Max: 61, Diff: 61, Sum: 258]
      [Scan RS (ms): Min: 7.1, Avg: 7.5, Max: 7.7, Diff: 0.6, Sum: 44.8]
      [Code Root Scanning (ms): Min: 0.0, Avg: 0.0, Max: 0.0, Diff: 0.0, Sum: 0.0]
      [Object Copy (ms): Min: 5.5, Avg: 5.6, Max: 5.7, Diff: 0.3, Sum: 33.7]
      [Termination (ms): Min: 0.0, Avg: 0.0, Max: 0.0, Diff: 0.0, Sum: 0.2]
         [Termination Attempts: Min: 1, Avg: 48.8, Max: 85, Diff: 84, Sum: 293]
      [GC Worker Other (ms): Min: 0.0, Avg: 0.0, Max: 0.1, Diff: 0.0, Sum: 0.2]
      [GC Worker Total (ms): Min: 24.1, Avg: 25.6, Max: 27.1, Diff: 3.0, Sum: 153.6]
      [GC Worker End (ms): Min: 254563195.6, Avg: 254563195.6, Max: 254563195.6, Diff: 0.0]
   [Code Root Fixup: 0.0 ms]
   [Code Root Purge: 0.0 ms]
   [Clear CT: 0.9 ms]
   [Other: 17.4 ms]
      [Choose CSet: 0.0 ms]
      [Ref Proc: 16.7 ms]
      [Ref Enq: 0.1 ms]
      [Redirty Cards: 0.3 ms]
      [Humongous Register: 0.0 ms]
      [Humongous Reclaim: 0.0 ms]
      [Free CSet: 0.2 ms]
   [Eden: 7072.0M(7072.0M)->0.0B(7136.0M) Survivors: 98304.0K->32768.0K Heap: 10832.0M(14336.0M)->3750.2M(14336.0M)]
 [Times: user=0.17 sys=0.00, real=0.05 secs] 
2022-10-02T10:19:08.134-0600: 254563.214: [GC concurrent-root-region-scan-start]
2022-10-02T10:19:08.148-0600: 254563.228: [GC concurrent-root-region-scan-end, 0.0140445 secs]
2022-10-02T10:19:08.148-0600: 254563.228: [GC concurrent-mark-start]
2022-10-02T10:19:09.435-0600: 254564.515: [GC concurrent-mark-end, 1.2870916 secs]
2022-10-02T10:19:09.435-0600: 254564.515: [GC remark 2022-10-02T10:19:09.435-0600: 254564.515: [Finalize Marking, 0.0025375 secs] 2022-10-02T10:19:09.438-0600: 254564.518: [GC ref-proc, 0.0276006 secs] 2022-10-02T10:19:09.466-0600: 254564.546: [Unloading, 0.0298539 secs], 0.0646209 secs]
 [Times: user=0.22 sys=0.00, real=0.06 secs] 
2022-10-02T10:19:09.500-0600: 254564.580: [GC cleanup 3848M->3800M(14336M), 0.0077098 secs]
 [Times: user=0.03 sys=0.00, real=0.01 secs] 
2022-10-02T10:19:09.508-0600: 254564.588: [GC concurrent-cleanup-start]
2022-10-02T10:19:09.508-0600: 254564.588: [GC concurrent-cleanup-end, 0.0000210 secs]
2022-10-02T10:20:43.461-0600: 254658.541: [GC pause (G1 Evacuation Pause) (young), 0.0397165 secs]
   [Parallel Time: 26.5 ms, GC Workers: 6]
      [GC Worker Start (ms): Min: 254658540.9, Avg: 254658543.0, Max: 254658544.8, Diff: 3.8]
      [Ext Root Scanning (ms): Min: 0.0, Avg: 1.1, Max: 3.0, Diff: 3.0, Sum: 6.3]
      [Update RS (ms): Min: 6.3, Avg: 8.2, Max: 13.6, Diff: 7.3, Sum: 49.3]
         [Processed Buffers: Min: 13, Avg: 38.7, Max: 53, Diff: 40, Sum: 232]
      [Scan RS (ms): Min: 3.1, Avg: 8.5, Max: 14.0, Diff: 10.8, Sum: 50.8]
      [Code Root Scanning (ms): Min: 0.0, Avg: 0.0, Max: 0.0, Diff: 0.0, Sum: 0.0]
      [Object Copy (ms): Min: 2.0, Avg: 6.4, Max: 7.4, Diff: 5.4, Sum: 38.4]
      [Termination (ms): Min: 0.0, Avg: 0.0, Max: 0.0, Diff: 0.0, Sum: 0.1]
         [Termination Attempts: Min: 1, Avg: 17.3, Max: 31, Diff: 30, Sum: 104]
      [GC Worker Other (ms): Min: 0.0, Avg: 0.0, Max: 0.1, Diff: 0.1, Sum: 0.2]
      [GC Worker Total (ms): Min: 22.4, Avg: 24.2, Max: 26.3, Diff: 3.9, Sum: 145.0]
      [GC Worker End (ms): Min: 254658567.1, Avg: 254658567.1, Max: 254658567.2, Diff: 0.1]
   [Code Root Fixup: 0.0 ms]
   [Code Root Purge: 0.0 ms]
   [Clear CT: 0.9 ms]
   [Other: 12.4 ms]
      [Choose CSet: 0.0 ms]
      [Ref Proc: 11.8 ms]
      [Ref Enq: 0.1 ms]
      [Redirty Cards: 0.3 ms]
      [Humongous Register: 0.0 ms]
      [Humongous Reclaim: 0.0 ms]
      [Free CSet: 0.1 ms]
   [Eden: 7136.0M(7136.0M)->0.0B(5696.0M) Survivors: 32768.0K->32768.0K Heap: 10838.2M(14336.0M)->3710.4M(14336.0M)]
 [Times: user=0.15 sys=0.00, real=0.04 secs] 
2022-10-02T10:22:00.036-0600: 254735.116: [GC pause (G1 Evacuation Pause) (mixed), 0.0284853 secs]
   [Parallel Time: 14.1 ms, GC Workers: 6]
      [GC Worker Start (ms): Min: 254735115.9, Avg: 254735116.2, Max: 254735116.3, Diff: 0.4]
      [Ext Root Scanning (ms): Min: 1.1, Avg: 2.1, Max: 4.4, Diff: 3.3, Sum: 12.6]
      [Update RS (ms): Min: 4.2, Avg: 7.2, Max: 11.4, Diff: 7.2, Sum: 43.3]
         [Processed Buffers: Min: 20, Avg: 40.2, Max: 70, Diff: 50, Sum: 241]
      [Scan RS (ms): Min: 0.0, Avg: 0.9, Max: 1.1, Diff: 1.1, Sum: 5.2]
      [Code Root Scanning (ms): Min: 0.0, Avg: 0.0, Max: 0.0, Diff: 0.0, Sum: 0.0]
      [Object Copy (ms): Min: 1.0, Avg: 3.4, Max: 4.0, Diff: 3.0, Sum: 20.4]
      [Termination (ms): Min: 0.0, Avg: 0.0, Max: 0.0, Diff: 0.0, Sum: 0.1]
         [Termination Attempts: Min: 1, Avg: 23.0, Max: 33, Diff: 32, Sum: 138]
      [GC Worker Other (ms): Min: 0.0, Avg: 0.0, Max: 0.1, Diff: 0.1, Sum: 0.2]
      [GC Worker Total (ms): Min: 13.5, Avg: 13.6, Max: 13.9, Diff: 0.4, Sum: 81.8]
      [GC Worker End (ms): Min: 254735129.8, Avg: 254735129.8, Max: 254735129.9, Diff: 0.1]
   [Code Root Fixup: 0.0 ms]
   [Code Root Purge: 0.0 ms]
   [Clear CT: 0.9 ms]
   [Other: 13.5 ms]
      [Choose CSet: 0.0 ms]
      [Ref Proc: 13.1 ms]
      [Ref Enq: 0.1 ms]
      [Redirty Cards: 0.1 ms]
      [Humongous Register: 0.0 ms]
      [Humongous Reclaim: 0.0 ms]
      [Free CSet: 0.1 ms]
   [Eden: 5696.0M(5696.0M)->0.0B(7152.0M) Survivors: 32768.0K->16384.0K Heap: 9406.4M(14336.0M)->3559.0M(14336.0M)]
 [Times: user=0.10 sys=0.00, real=0.02 secs] 
2022-10-02T10:23:33.190-0600: 254828.270: [GC pause (G1 Evacuation Pause) (young), 0.0304443 secs]
   [Parallel Time: 17.4 ms, GC Workers: 6]
      [GC Worker Start (ms): Min: 254828269.9, Avg: 254828270.8, Max: 254828272.7, Diff: 2.8]
      [Ext Root Scanning (ms): Min: 0.0, Avg: 1.6, Max: 5.7, Diff: 5.7, Sum: 9.6]
      [Update RS (ms): Min: 2.2, Avg: 6.4, Max: 9.2, Diff: 7.0, Sum: 38.3]
         [Processed Buffers: Min: 3, Avg: 17.8, Max: 33, Diff: 30, Sum: 107]
      [Scan RS (ms): Min: 0.0, Avg: 0.0, Max: 0.1, Diff: 0.1, Sum: 0.2]
      [Code Root Scanning (ms): Min: 0.0, Avg: 0.0, Max: 0.0, Diff: 0.0, Sum: 0.0]
      [Object Copy (ms): Min: 0.0, Avg: 3.0, Max: 9.5, Diff: 9.5, Sum: 18.2]
      [Termination (ms): Min: 0.0, Avg: 5.3, Max: 6.5, Diff: 6.5, Sum: 32.0]
         [Termination Attempts: Min: 1, Avg: 18.2, Max: 69, Diff: 68, Sum: 109]
      [GC Worker Other (ms): Min: 0.0, Avg: 0.0, Max: 0.0, Diff: 0.0, Sum: 0.1]
      [GC Worker Total (ms): Min: 14.5, Avg: 16.4, Max: 17.3, Diff: 2.8, Sum: 98.3]
      [GC Worker End (ms): Min: 254828287.2, Avg: 254828287.2, Max: 254828287.2, Diff: 0.1]
   [Code Root Fixup: 0.0 ms]
   [Code Root Purge: 0.0 ms]
   [Clear CT: 0.9 ms]
   [Other: 12.2 ms]
      [Choose CSet: 0.0 ms]
      [Ref Proc: 11.8 ms]
      [Ref Enq: 0.1 ms]
      [Redirty Cards: 0.1 ms]
      [Humongous Register: 0.0 ms]
      [Humongous Reclaim: 0.0 ms]
      [Free CSet: 0.1 ms]
   [Eden: 7152.0M(7152.0M)->0.0B(7152.0M) Survivors: 16384.0K->16384.0K Heap: 10711.0M(14336.0M)->3567.5M(14336.0M)]
 [Times: user=0.11 sys=0.00, real=0.03 secs] 
2022-10-02T10:25:04.986-0600: 254920.066: [GC pause (G1 Evacuation Pause) (young) (initial-mark), 0.0320324 secs]
   [Parallel Time: 17.7 ms, GC Workers: 6]
      [GC Worker Start (ms): Min: 254920067.4, Avg: 254920068.4, Max: 254920069.9, Diff: 2.5]
      [Ext Root Scanning (ms): Min: 1.7, Avg: 8.0, Max: 12.3, Diff: 10.6, Sum: 48.0]
      [Update RS (ms): Min: 0.0, Avg: 2.7, Max: 7.3, Diff: 7.3, Sum: 16.4]
         [Processed Buffers: Min: 0, Avg: 13.0, Max: 33, Diff: 33, Sum: 78]
      [Scan RS (ms): Min: 0.0, Avg: 0.0, Max: 0.1, Diff: 0.1, Sum: 0.2]
      [Code Root Scanning (ms): Min: 0.0, Avg: 0.0, Max: 0.0, Diff: 0.0, Sum: 0.0]
      [Object Copy (ms): Min: 1.4, Avg: 4.4, Max: 5.1, Diff: 3.6, Sum: 26.5]
      [Termination (ms): Min: 0.0, Avg: 0.0, Max: 0.0, Diff: 0.0, Sum: 0.1]
         [Termination Attempts: Min: 1, Avg: 47.0, Max: 71, Diff: 70, Sum: 282]
      [GC Worker Other (ms): Min: 0.0, Avg: 0.0, Max: 0.0, Diff: 0.0, Sum: 0.1]
      [GC Worker Total (ms): Min: 13.8, Avg: 15.2, Max: 16.3, Diff: 2.5, Sum: 91.5]
      [GC Worker End (ms): Min: 254920083.7, Avg: 254920083.7, Max: 254920083.7, Diff: 0.0]
   [Code Root Fixup: 0.0 ms]
   [Code Root Purge: 0.0 ms]
   [Clear CT: 0.8 ms]
   [Other: 13.5 ms]
      [Choose CSet: 0.0 ms]
      [Ref Proc: 13.0 ms]
      [Ref Enq: 0.1 ms]
      [Redirty Cards: 0.1 ms]
      [Humongous Register: 0.0 ms]
      [Humongous Reclaim: 0.0 ms]
      [Free CSet: 0.1 ms]
   [Eden: 7152.0M(7152.0M)->0.0B(7136.0M) Survivors: 16384.0K->32768.0K Heap: 10719.5M(14336.0M)->3580.5M(14336.0M)]
 [Times: user=0.09 sys=0.00, real=0.03 secs] 
2022-10-02T10:25:05.018-0600: 254920.098: [GC concurrent-root-region-scan-start]
2022-10-02T10:25:05.030-0600: 254920.110: [GC concurrent-root-region-scan-end, 0.0117700 secs]
2022-10-02T10:25:05.030-0600: 254920.110: [GC concurrent-mark-start]
2022-10-02T10:25:06.334-0600: 254921.414: [GC concurrent-mark-end, 1.3035215 secs]
2022-10-02T10:25:06.334-0600: 254921.414: [GC remark 2022-10-02T10:25:06.334-0600: 254921.414: [Finalize Marking, 0.0007405 secs] 2022-10-02T10:25:06.335-0600: 254921.414: [GC ref-proc, 0.0223281 secs] 2022-10-02T10:25:06.357-0600: 254921.437: [Unloading, 0.0296703 secs], 0.0578399 secs]
 [Times: user=0.21 sys=0.00, real=0.05 secs] 
2022-10-02T10:25:06.392-0600: 254921.472: [GC cleanup 3692M->3692M(14336M), 0.0081923 secs]
 [Times: user=0.03 sys=0.00, real=0.01 secs] 
2022-10-02T10:26:42.436-0600: 255017.516: [GC pause (G1 Evacuation Pause) (young), 0.0252737 secs]
   [Parallel Time: 9.1 ms, GC Workers: 6]
      [GC Worker Start (ms): Min: 255017515.9, Avg: 255017517.6, Max: 255017524.8, Diff: 8.9]
      [Ext Root Scanning (ms): Min: 0.0, Avg: 1.2, Max: 3.3, Diff: 3.3, Sum: 7.0]
      [Update RS (ms): Min: 0.0, Avg: 2.5, Max: 3.5, Diff: 3.5, Sum: 15.2]
         [Processed Buffers: Min: 0, Avg: 12.7, Max: 22, Diff: 22, Sum: 76]
      [Scan RS (ms): Min: 0.0, Avg: 0.0, Max: 0.1, Diff: 0.1, Sum: 0.3]
      [Code Root Scanning (ms): Min: 0.0, Avg: 0.0, Max: 0.0, Diff: 0.0, Sum: 0.0]
      [Object Copy (ms): Min: 0.0, Avg: 2.9, Max: 3.6, Diff: 3.6, Sum: 17.5]
      [Termination (ms): Min: 0.0, Avg: 0.5, Max: 0.6, Diff: 0.6, Sum: 3.2]
         [Termination Attempts: Min: 1, Avg: 1.2, Max: 2, Diff: 1, Sum: 7]
      [GC Worker Other (ms): Min: 0.0, Avg: 0.0, Max: 0.0, Diff: 0.0, Sum: 0.0]
      [GC Worker Total (ms): Min: 0.0, Avg: 7.2, Max: 8.9, Diff: 8.9, Sum: 43.1]
      [GC Worker End (ms): Min: 255017524.8, Avg: 255017524.8, Max: 255017524.8, Diff: 0.0]
   [Code Root Fixup: 0.0 ms]
   [Code Root Purge: 0.0 ms]
   [Clear CT: 0.9 ms]
   [Other: 15.3 ms]
      [Choose CSet: 0.0 ms]
      [Ref Proc: 14.9 ms]
      [Ref Enq: 0.1 ms]
      [Redirty Cards: 0.1 ms]
      [Humongous Register: 0.0 ms]
      [Humongous Reclaim: 0.0 ms]
      [Free CSet: 0.1 ms]
   [Eden: 7136.0M(7136.0M)->0.0B(5712.0M) Survivors: 32768.0K->16384.0K Heap: 10716.5M(14336.0M)->3582.6M(14336.0M)]
 [Times: user=0.09 sys=0.00, real=0.02 secs] 
2022-10-02T10:27:59.889-0600: 255094.969: [GC pause (G1 Evacuation Pause) (mixed), 0.0290080 secs]
   [Parallel Time: 16.3 ms, GC Workers: 6]
      [GC Worker Start (ms): Min: 255094969.2, Avg: 255094974.3, Max: 255094980.7, Diff: 11.6]
      [Ext Root Scanning (ms): Min: 0.0, Avg: 1.7, Max: 7.5, Diff: 7.5, Sum: 10.2]
      [Update RS (ms): Min: 0.0, Avg: 2.9, Max: 5.5, Diff: 5.5, Sum: 17.6]
         [Processed Buffers: Min: 0, Avg: 14.7, Max: 31, Diff: 31, Sum: 88]
      [Scan RS (ms): Min: 0.0, Avg: 0.8, Max: 1.3, Diff: 1.3, Sum: 4.7]
      [Code Root Scanning (ms): Min: 0.0, Avg: 0.0, Max: 0.0, Diff: 0.0, Sum: 0.0]
      [Object Copy (ms): Min: 4.6, Avg: 5.6, Max: 6.3, Diff: 1.7, Sum: 33.6]
      [Termination (ms): Min: 0.0, Avg: 0.0, Max: 0.0, Diff: 0.0, Sum: 0.2]
         [Termination Attempts: Min: 1, Avg: 63.8, Max: 85, Diff: 84, Sum: 383]
      [GC Worker Other (ms): Min: 0.0, Avg: 0.0, Max: 0.0, Diff: 0.0, Sum: 0.1]
      [GC Worker Total (ms): Min: 4.7, Avg: 11.1, Max: 16.2, Diff: 11.5, Sum: 66.4]
      [GC Worker End (ms): Min: 255094985.4, Avg: 255094985.4, Max: 255094985.4, Diff: 0.0]
   [Code Root Fixup: 0.0 ms]
   [Code Root Purge: 0.0 ms]
   [Clear CT: 0.8 ms]
   [Other: 11.9 ms]
      [Choose CSet: 0.0 ms]
      [Ref Proc: 11.4 ms]
      [Ref Enq: 0.1 ms]
      [Redirty Cards: 0.1 ms]
      [Humongous Register: 0.0 ms]
      [Humongous Reclaim: 0.0 ms]
      [Free CSet: 0.1 ms]
   [Eden: 5712.0M(5712.0M)->0.0B(7152.0M) Survivors: 16384.0K->16384.0K Heap: 9294.6M(14336.0M)->3547.2M(14336.0M)]
 [Times: user=0.09 sys=0.00, real=0.03 secs] 
2022-10-02T10:29:37.299-0600: 255192.379: [GC pause (G1 Evacuation Pause) (young), 0.0292304 secs]
   [Parallel Time: 13.8 ms, GC Workers: 6]
      [GC Worker Start (ms): Min: 255192379.2, Avg: 255192380.5, Max: 255192381.1, Diff: 1.9]
      [Ext Root Scanning (ms): Min: 0.4, Avg: 2.7, Max: 9.1, Diff: 8.7, Sum: 16.2]
      [Update RS (ms): Min: 0.0, Avg: 6.6, Max: 11.2, Diff: 11.2, Sum: 39.4]
         [Processed Buffers: Min: 4, Avg: 21.3, Max: 40, Diff: 36, Sum: 128]
      [Scan RS (ms): Min: 0.0, Avg: 0.0, Max: 0.1, Diff: 0.1, Sum: 0.2]
      [Code Root Scanning (ms): Min: 0.0, Avg: 0.0, Max: 0.0, Diff: 0.0, Sum: 0.0]
      [Object Copy (ms): Min: 0.1, Avg: 2.1, Max: 3.3, Diff: 3.2, Sum: 12.8]
      [Termination (ms): Min: 0.0, Avg: 0.9, Max: 1.3, Diff: 1.3, Sum: 5.6]
         [Termination Attempts: Min: 1, Avg: 1.3, Max: 3, Diff: 2, Sum: 8]
      [GC Worker Other (ms): Min: 0.0, Avg: 0.0, Max: 0.0, Diff: 0.0, Sum: 0.0]
      [GC Worker Total (ms): Min: 11.7, Avg: 12.4, Max: 13.6, Diff: 1.9, Sum: 74.2]
      [GC Worker End (ms): Min: 255192392.8, Avg: 255192392.8, Max: 255192392.9, Diff: 0.1]
   [Code Root Fixup: 0.0 ms]
   [Code Root Purge: 0.0 ms]
   [Clear CT: 1.0 ms]
   [Other: 14.4 ms]
      [Choose CSet: 0.0 ms]
      [Ref Proc: 14.0 ms]
      [Ref Enq: 0.1 ms]
      [Redirty Cards: 0.1 ms]
      [Humongous Register: 0.0 ms]
      [Humongous Reclaim: 0.0 ms]
      [Free CSet: 0.2 ms]
   [Eden: 7152.0M(7152.0M)->0.0B(7152.0M) Survivors: 16384.0K->16384.0K Heap: 10699.2M(14336.0M)->3555.5M(14336.0M)]
 [Times: user=0.08 sys=0.00, real=0.03 secs] 
2022-10-02T10:31:15.888-0600: 255290.968: [GC pause (G1 Evacuation Pause) (young) (initial-mark), 0.0244919 secs]
   [Parallel Time: 16.6 ms, GC Workers: 6]
      [GC Worker Start (ms): Min: 255290969.6, Avg: 255290973.1, Max: 255290974.6, Diff: 4.9]
      [Ext Root Scanning (ms): Min: 2.2, Avg: 4.9, Max: 12.5, Diff: 10.3, Sum: 29.2]
      [Update RS (ms): Min: 0.0, Avg: 3.9, Max: 6.9, Diff: 6.9, Sum: 23.5]
         [Processed Buffers: Min: 0, Avg: 12.5, Max: 24, Diff: 24, Sum: 75]
      [Scan RS (ms): Min: 0.0, Avg: 0.0, Max: 0.1, Diff: 0.1, Sum: 0.2]
      [Code Root Scanning (ms): Min: 0.0, Avg: 0.0, Max: 0.0, Diff: 0.0, Sum: 0.0]
      [Object Copy (ms): Min: 0.9, Avg: 2.5, Max: 3.1, Diff: 2.2, Sum: 14.8]
      [Termination (ms): Min: 0.0, Avg: 0.5, Max: 0.6, Diff: 0.6, Sum: 2.9]
         [Termination Attempts: Min: 1, Avg: 18.0, Max: 26, Diff: 25, Sum: 108]
      [GC Worker Other (ms): Min: 0.0, Avg: 0.0, Max: 0.0, Diff: 0.0, Sum: 0.0]
      [GC Worker Total (ms): Min: 10.3, Avg: 11.8, Max: 15.3, Diff: 4.9, Sum: 70.8]
      [GC Worker End (ms): Min: 255290984.7, Avg: 255290984.9, Max: 255290984.9, Diff: 0.2]
   [Code Root Fixup: 0.0 ms]
   [Code Root Purge: 0.0 ms]
   [Clear CT: 0.8 ms]
   [Other: 7.1 ms]
      [Choose CSet: 0.0 ms]
      [Ref Proc: 6.6 ms]
      [Ref Enq: 0.1 ms]
      [Redirty Cards: 0.1 ms]
      [Humongous Register: 0.0 ms]
      [Humongous Reclaim: 0.0 ms]
      [Free CSet: 0.1 ms]
   [Eden: 7152.0M(7152.0M)->0.0B(7152.0M) Survivors: 16384.0K->16384.0K Heap: 10707.5M(14336.0M)->3559.2M(14336.0M)]
 [Times: user=0.07 sys=0.00, real=0.03 secs] 
2022-10-02T10:31:15.913-0600: 255290.993: [GC concurrent-root-region-scan-start]
2022-10-02T10:31:15.920-0600: 255291.000: [GC concurrent-root-region-scan-end, 0.0065061 secs]
2022-10-02T10:31:15.920-0600: 255291.000: [GC concurrent-mark-start]
2022-10-02T10:31:17.249-0600: 255292.329: [GC concurrent-mark-end, 1.3291969 secs]
2022-10-02T10:31:17.249-0600: 255292.329: [GC remark 2022-10-02T10:31:17.249-0600: 255292.329: [Finalize Marking, 0.0012296 secs] 2022-10-02T10:31:17.250-0600: 255292.330: [GC ref-proc, 0.0210304 secs] 2022-10-02T10:31:17.271-0600: 255292.351: [Unloading, 0.0281437 secs], 0.0555121 secs]
 [Times: user=0.20 sys=0.00, real=0.05 secs] 
2022-10-02T10:31:17.305-0600: 255292.385: [GC cleanup 3649M->3649M(14336M), 0.0088946 secs]
 [Times: user=0.02 sys=0.00, real=0.02 secs] 
2022-10-02T10:32:54.541-0600: 255389.621: [GC pause (G1 Evacuation Pause) (young), 0.0218565 secs]
   [Parallel Time: 8.6 ms, GC Workers: 6]
      [GC Worker Start (ms): Min: 255389621.0, Avg: 255389623.5, Max: 255389624.7, Diff: 3.8]
      [Ext Root Scanning (ms): Min: 0.0, Avg: 1.0, Max: 3.0, Diff: 3.0, Sum: 5.7]
      [Update RS (ms): Min: 1.8, Avg: 2.6, Max: 5.5, Diff: 3.7, Sum: 15.4]
         [Processed Buffers: Min: 3, Avg: 9.7, Max: 15, Diff: 12, Sum: 58]
      [Scan RS (ms): Min: 0.0, Avg: 0.0, Max: 0.1, Diff: 0.1, Sum: 0.2]
      [Code Root Scanning (ms): Min: 0.0, Avg: 0.0, Max: 0.0, Diff: 0.0, Sum: 0.0]
      [Object Copy (ms): Min: 0.3, Avg: 1.9, Max: 2.2, Diff: 1.9, Sum: 11.2]
      [Termination (ms): Min: 0.0, Avg: 0.6, Max: 0.8, Diff: 0.8, Sum: 3.6]
         [Termination Attempts: Min: 1, Avg: 27.2, Max: 45, Diff: 44, Sum: 163]
      [GC Worker Other (ms): Min: 0.0, Avg: 0.0, Max: 0.0, Diff: 0.0, Sum: 0.0]
      [GC Worker Total (ms): Min: 4.8, Avg: 6.0, Max: 8.5, Diff: 3.8, Sum: 36.2]
      [GC Worker End (ms): Min: 255389629.5, Avg: 255389629.5, Max: 255389629.5, Diff: 0.0]
   [Code Root Fixup: 0.0 ms]
   [Code Root Purge: 0.0 ms]
   [Clear CT: 0.9 ms]
   [Other: 12.3 ms]
      [Choose CSet: 0.0 ms]
      [Ref Proc: 12.0 ms]
      [Ref Enq: 0.1 ms]
      [Redirty Cards: 0.1 ms]
      [Humongous Register: 0.0 ms]
      [Humongous Reclaim: 0.0 ms]
      [Free CSet: 0.1 ms]
   [Eden: 7152.0M(7152.0M)->0.0B(5712.0M) Survivors: 16384.0K->16384.0K Heap: 10711.2M(14336.0M)->3560.7M(14336.0M)]
 [Times: user=0.06 sys=0.00, real=0.02 secs] 
2022-10-02T10:34:12.836-0600: 255467.916: [GC pause (G1 Evacuation Pause) (mixed), 0.0315056 secs]
   [Parallel Time: 13.0 ms, GC Workers: 6]
      [GC Worker Start (ms): Min: 255467916.0, Avg: 255467919.8, Max: 255467926.8, Diff: 10.8]
      [Ext Root Scanning (ms): Min: 0.0, Avg: 1.1, Max: 3.2, Diff: 3.2, Sum: 6.8]
      [Update RS (ms): Min: 0.0, Avg: 1.6, Max: 2.8, Diff: 2.8, Sum: 9.4]
         [Processed Buffers: Min: 0, Avg: 8.8, Max: 19, Diff: 19, Sum: 53]
      [Scan RS (ms): Min: 0.0, Avg: 0.7, Max: 1.2, Diff: 1.2, Sum: 4.4]
      [Code Root Scanning (ms): Min: 0.0, Avg: 0.0, Max: 0.0, Diff: 0.0, Sum: 0.0]
      [Object Copy (ms): Min: 0.6, Avg: 4.4, Max: 7.1, Diff: 6.5, Sum: 26.6]
      [Termination (ms): Min: 0.0, Avg: 1.1, Max: 1.4, Diff: 1.4, Sum: 6.3]
         [Termination Attempts: Min: 1, Avg: 5.8, Max: 16, Diff: 15, Sum: 35]
      [GC Worker Other (ms): Min: 0.0, Avg: 0.0, Max: 0.0, Diff: 0.0, Sum: 0.0]
      [GC Worker Total (ms): Min: 1.9, Avg: 8.9, Max: 12.8, Diff: 10.8, Sum: 53.6]
      [GC Worker End (ms): Min: 255467928.7, Avg: 255467928.8, Max: 255467928.8, Diff: 0.1]
   [Code Root Fixup: 0.0 ms]
   [Code Root Purge: 0.0 ms]
   [Clear CT: 1.0 ms]
   [Other: 17.5 ms]
      [Choose CSet: 0.0 ms]
      [Ref Proc: 17.1 ms]
      [Ref Enq: 0.1 ms]
      [Redirty Cards: 0.1 ms]
      [Humongous Register: 0.0 ms]
      [Humongous Reclaim: 0.0 ms]
      [Free CSet: 0.1 ms]
   [Eden: 5712.0M(5712.0M)->0.0B(7152.0M) Survivors: 16384.0K->16384.0K Heap: 9272.7M(14336.0M)->3548.6M(14336.0M)]
 [Times: user=0.09 sys=0.00, real=0.03 secs] 
2022-10-02T10:35:49.488-0600: 255564.567: [GC pause (G1 Evacuation Pause) (young), 0.0219409 secs]
   [Parallel Time: 11.1 ms, GC Workers: 6]
      [GC Worker Start (ms): Min: 255564567.5, Avg: 255564569.0, Max: 255564573.3, Diff: 5.8]
      [Ext Root Scanning (ms): Min: 0.0, Avg: 1.2, Max: 3.2, Diff: 3.2, Sum: 6.9]
      [Update RS (ms): Min: 3.0, Avg: 6.3, Max: 7.7, Diff: 4.7, Sum: 38.0]
         [Processed Buffers: Min: 13, Avg: 25.5, Max: 38, Diff: 25, Sum: 153]
      [Scan RS (ms): Min: 0.0, Avg: 0.0, Max: 0.1, Diff: 0.1, Sum: 0.2]
      [Code Root Scanning (ms): Min: 0.0, Avg: 0.0, Max: 0.0, Diff: 0.0, Sum: 0.0]
      [Object Copy (ms): Min: 1.7, Avg: 2.0, Max: 2.4, Diff: 0.8, Sum: 12.2]
      [Termination (ms): Min: 0.0, Avg: 0.0, Max: 0.0, Diff: 0.0, Sum: 0.0]
         [Termination Attempts: Min: 1, Avg: 1.7, Max: 2, Diff: 1, Sum: 10]
      [GC Worker Other (ms): Min: 0.0, Avg: 0.0, Max: 0.0, Diff: 0.0, Sum: 0.1]
      [GC Worker Total (ms): Min: 5.2, Avg: 9.6, Max: 11.0, Diff: 5.8, Sum: 57.4]
      [GC Worker End (ms): Min: 255564578.5, Avg: 255564578.5, Max: 255564578.5, Diff: 0.0]
   [Code Root Fixup: 0.0 ms]
   [Code Root Purge: 0.0 ms]
   [Clear CT: 0.8 ms]
   [Other: 10.1 ms]
      [Choose CSet: 0.0 ms]
      [Ref Proc: 9.7 ms]
      [Ref Enq: 0.1 ms]
      [Redirty Cards: 0.1 ms]
      [Humongous Register: 0.0 ms]
      [Humongous Reclaim: 0.0 ms]
      [Free CSet: 0.1 ms]
   [Eden: 7152.0M(7152.0M)->0.0B(7152.0M) Survivors: 16384.0K->16384.0K Heap: 10700.6M(14336.0M)->3561.4M(14336.0M)]
 [Times: user=0.07 sys=0.00, real=0.02 secs] 
2022-10-02T10:37:24.093-0600: 255659.173: [GC pause (G1 Evacuation Pause) (young) (initial-mark), 0.0342671 secs]
   [Parallel Time: 16.0 ms, GC Workers: 6]
      [GC Worker Start (ms): Min: 255659174.5, Avg: 255659177.1, Max: 255659178.3, Diff: 3.9]
      [Ext Root Scanning (ms): Min: 2.0, Avg: 6.1, Max: 14.3, Diff: 12.3, Sum: 36.4]
      [Update RS (ms): Min: 0.0, Avg: 2.1, Max: 4.1, Diff: 4.1, Sum: 12.6]
         [Processed Buffers: Min: 0, Avg: 9.3, Max: 23, Diff: 23, Sum: 56]
      [Scan RS (ms): Min: 0.0, Avg: 0.0, Max: 0.1, Diff: 0.1, Sum: 0.2]
      [Code Root Scanning (ms): Min: 0.0, Avg: 0.0, Max: 0.0, Diff: 0.0, Sum: 0.0]
      [Object Copy (ms): Min: 0.2, Avg: 2.2, Max: 3.1, Diff: 2.9, Sum: 13.0]
      [Termination (ms): Min: 0.0, Avg: 1.5, Max: 1.8, Diff: 1.8, Sum: 8.7]
         [Termination Attempts: Min: 1, Avg: 8.0, Max: 14, Diff: 13, Sum: 48]
      [GC Worker Other (ms): Min: 0.0, Avg: 0.0, Max: 0.0, Diff: 0.0, Sum: 0.0]
      [GC Worker Total (ms): Min: 10.7, Avg: 11.9, Max: 14.5, Diff: 3.9, Sum: 71.1]
      [GC Worker End (ms): Min: 255659189.0, Avg: 255659189.0, Max: 255659189.1, Diff: 0.1]
   [Code Root Fixup: 0.0 ms]
   [Code Root Purge: 0.0 ms]
   [Clear CT: 0.8 ms]
   [Other: 17.5 ms]
      [Choose CSet: 0.0 ms]
      [Ref Proc: 17.0 ms]
      [Ref Enq: 0.1 ms]
      [Redirty Cards: 0.1 ms]
      [Humongous Register: 0.0 ms]
      [Humongous Reclaim: 0.0 ms]
      [Free CSet: 0.2 ms]
   [Eden: 7152.0M(7152.0M)->0.0B(7152.0M) Survivors: 16384.0K->16384.0K Heap: 10713.4M(14336.0M)->3568.5M(14336.0M)]
 [Times: user=0.08 sys=0.00, real=0.03 secs] 
2022-10-02T10:37:24.128-0600: 255659.207: [GC concurrent-root-region-scan-start]
2022-10-02T10:37:24.135-0600: 255659.215: [GC concurrent-root-region-scan-end, 0.0074024 secs]
2022-10-02T10:37:24.135-0600: 255659.215: [GC concurrent-mark-start]
2022-10-02T10:37:25.441-0600: 255660.521: [GC concurrent-mark-end, 1.3060974 secs]
2022-10-02T10:37:25.441-0600: 255660.521: [GC remark 2022-10-02T10:37:25.441-0600: 255660.521: [Finalize Marking, 0.0012846 secs] 2022-10-02T10:37:25.443-0600: 255660.523: [GC ref-proc, 0.0302779 secs] 2022-10-02T10:37:25.473-0600: 255660.553: [Unloading, 0.0316711 secs], 0.0694179 secs]
 [Times: user=0.20 sys=0.00, real=0.07 secs] 
2022-10-02T10:37:25.511-0600: 255660.591: [GC cleanup 3658M->3658M(14336M), 0.0089578 secs]
 [Times: user=0.03 sys=0.00, real=0.01 secs] 
2022-10-02T10:39:01.240-0600: 255756.320: [GC pause (G1 Evacuation Pause) (young), 0.0226931 secs]
   [Parallel Time: 7.6 ms, GC Workers: 6]
      [GC Worker Start (ms): Min: 255756320.3, Avg: 255756321.7, Max: 255756327.7, Diff: 7.4]
      [Ext Root Scanning (ms): Min: 0.0, Avg: 1.2, Max: 3.4, Diff: 3.4, Sum: 7.1]
      [Update RS (ms): Min: 0.0, Avg: 2.3, Max: 3.3, Diff: 3.3, Sum: 13.6]
         [Processed Buffers: Min: 0, Avg: 10.2, Max: 15, Diff: 15, Sum: 61]
      [Scan RS (ms): Min: 0.0, Avg: 0.0, Max: 0.1, Diff: 0.1, Sum: 0.2]
      [Code Root Scanning (ms): Min: 0.0, Avg: 0.0, Max: 0.0, Diff: 0.0, Sum: 0.0]
      [Object Copy (ms): Min: 0.0, Avg: 2.1, Max: 2.6, Diff: 2.6, Sum: 12.6]
      [Termination (ms): Min: 0.0, Avg: 0.5, Max: 0.6, Diff: 0.6, Sum: 2.9]
         [Termination Attempts: Min: 1, Avg: 31.8, Max: 46, Diff: 45, Sum: 191]
      [GC Worker Other (ms): Min: 0.0, Avg: 0.0, Max: 0.0, Diff: 0.0, Sum: 0.0]
      [GC Worker Total (ms): Min: 0.0, Avg: 6.1, Max: 7.5, Diff: 7.5, Sum: 36.4]
      [GC Worker End (ms): Min: 255756327.7, Avg: 255756327.8, Max: 255756327.8, Diff: 0.1]
   [Code Root Fixup: 0.0 ms]
   [Code Root Purge: 0.0 ms]
   [Clear CT: 0.9 ms]
   [Other: 14.2 ms]
      [Choose CSet: 0.0 ms]
      [Ref Proc: 13.8 ms]
      [Ref Enq: 0.1 ms]
      [Redirty Cards: 0.1 ms]
      [Humongous Register: 0.0 ms]
      [Humongous Reclaim: 0.0 ms]
      [Free CSet: 0.1 ms]
   [Eden: 7152.0M(7152.0M)->0.0B(5712.0M) Survivors: 16384.0K->16384.0K Heap: 10720.5M(14336.0M)->3567.2M(14336.0M)]
 [Times: user=0.09 sys=0.00, real=0.02 secs] 
2022-10-02T10:40:19.588-0600: 255834.667: [GC pause (G1 Evacuation Pause) (mixed), 0.0216274 secs]
   [Parallel Time: 9.7 ms, GC Workers: 6]
      [GC Worker Start (ms): Min: 255834667.4, Avg: 255834669.4, Max: 255834672.7, Diff: 5.3]
      [Ext Root Scanning (ms): Min: 0.0, Avg: 1.2, Max: 3.6, Diff: 3.6, Sum: 7.5]
      [Update RS (ms): Min: 0.0, Avg: 2.0, Max: 3.6, Diff: 3.6, Sum: 12.1]
         [Processed Buffers: Min: 0, Avg: 8.8, Max: 19, Diff: 19, Sum: 53]
      [Scan RS (ms): Min: 0.7, Avg: 1.4, Max: 4.3, Diff: 3.7, Sum: 8.4]
      [Code Root Scanning (ms): Min: 0.0, Avg: 0.0, Max: 0.0, Diff: 0.0, Sum: 0.0]
      [Object Copy (ms): Min: 0.0, Avg: 2.5, Max: 3.3, Diff: 3.3, Sum: 15.1]
      [Termination (ms): Min: 0.0, Avg: 0.4, Max: 0.6, Diff: 0.6, Sum: 2.4]
         [Termination Attempts: Min: 1, Avg: 2.3, Max: 4, Diff: 3, Sum: 14]
      [GC Worker Other (ms): Min: 0.0, Avg: 0.0, Max: 0.0, Diff: 0.0, Sum: 0.1]
      [GC Worker Total (ms): Min: 4.3, Avg: 7.6, Max: 9.6, Diff: 5.3, Sum: 45.7]
      [GC Worker End (ms): Min: 255834677.0, Avg: 255834677.0, Max: 255834677.1, Diff: 0.0]
   [Code Root Fixup: 0.0 ms]
   [Code Root Purge: 0.0 ms]
   [Clear CT: 0.7 ms]
   [Other: 11.2 ms]
      [Choose CSet: 0.0 ms]
      [Ref Proc: 10.8 ms]
      [Ref Enq: 0.1 ms]
      [Redirty Cards: 0.1 ms]
      [Humongous Register: 0.0 ms]
      [Humongous Reclaim: 0.0 ms]
      [Free CSet: 0.1 ms]
   [Eden: 5712.0M(5712.0M)->0.0B(7152.0M) Survivors: 16384.0K->16384.0K Heap: 9279.2M(14336.0M)->3539.6M(14336.0M)]
 [Times: user=0.08 sys=0.00, real=0.02 secs] 
2022-10-02T10:41:58.088-0600: 255933.168: [GC pause (G1 Evacuation Pause) (young), 0.0201286 secs]
   [Parallel Time: 7.7 ms, GC Workers: 6]
      [GC Worker Start (ms): Min: 255933167.8, Avg: 255933168.4, Max: 255933169.3, Diff: 1.6]
      [Ext Root Scanning (ms): Min: 0.0, Avg: 1.2, Max: 3.3, Diff: 3.3, Sum: 7.1]
      [Update RS (ms): Min: 1.8, Avg: 3.5, Max: 6.1, Diff: 4.2, Sum: 21.3]
         [Processed Buffers: Min: 1, Avg: 13.3, Max: 21, Diff: 20, Sum: 80]
      [Scan RS (ms): Min: 0.0, Avg: 0.0, Max: 0.1, Diff: 0.1, Sum: 0.3]
      [Code Root Scanning (ms): Min: 0.0, Avg: 0.0, Max: 0.0, Diff: 0.0, Sum: 0.0]
      [Object Copy (ms): Min: 0.1, Avg: 1.7, Max: 2.2, Diff: 2.0, Sum: 10.1]
      [Termination (ms): Min: 0.0, Avg: 0.6, Max: 0.8, Diff: 0.8, Sum: 3.6]
         [Termination Attempts: Min: 1, Avg: 1.5, Max: 3, Diff: 2, Sum: 9]
      [GC Worker Other (ms): Min: 0.0, Avg: 0.0, Max: 0.0, Diff: 0.0, Sum: 0.0]
      [GC Worker Total (ms): Min: 6.1, Avg: 7.1, Max: 7.6, Diff: 1.5, Sum: 42.4]
      [GC Worker End (ms): Min: 255933175.4, Avg: 255933175.4, Max: 255933175.5, Diff: 0.1]
   [Code Root Fixup: 0.0 ms]
   [Code Root Purge: 0.0 ms]
   [Clear CT: 0.8 ms]
   [Other: 11.6 ms]
      [Choose CSet: 0.0 ms]
      [Ref Proc: 11.2 ms]
      [Ref Enq: 0.1 ms]
      [Redirty Cards: 0.1 ms]
      [Humongous Register: 0.0 ms]
      [Humongous Reclaim: 0.0 ms]
      [Free CSet: 0.1 ms]
   [Eden: 7152.0M(7152.0M)->0.0B(7152.0M) Survivors: 16384.0K->16384.0K Heap: 10691.6M(14336.0M)->3540.2M(14336.0M)]
 [Times: user=0.07 sys=0.00, real=0.02 secs] 
2022-10-02T10:43:35.536-0600: 256030.615: [GC pause (G1 Evacuation Pause) (young) (initial-mark), 0.0258077 secs]
   [Parallel Time: 16.8 ms, GC Workers: 6]
      [GC Worker Start (ms): Min: 256030616.8, Avg: 256030620.2, Max: 256030621.4, Diff: 4.6]
      [Ext Root Scanning (ms): Min: 2.1, Avg: 7.2, Max: 15.1, Diff: 13.0, Sum: 43.2]
      [Update RS (ms): Min: 0.0, Avg: 1.7, Max: 3.5, Diff: 3.5, Sum: 10.5]
         [Processed Buffers: Min: 0, Avg: 9.5, Max: 32, Diff: 32, Sum: 57]
      [Scan RS (ms): Min: 0.0, Avg: 0.0, Max: 0.1, Diff: 0.1, Sum: 0.2]
      [Code Root Scanning (ms): Min: 0.0, Avg: 0.0, Max: 0.0, Diff: 0.0, Sum: 0.0]
      [Object Copy (ms): Min: 0.1, Avg: 1.7, Max: 3.3, Diff: 3.2, Sum: 9.9]
      [Termination (ms): Min: 0.0, Avg: 1.2, Max: 1.9, Diff: 1.9, Sum: 7.4]
         [Termination Attempts: Min: 1, Avg: 2.3, Max: 4, Diff: 3, Sum: 14]
      [GC Worker Other (ms): Min: 0.0, Avg: 0.0, Max: 0.0, Diff: 0.0, Sum: 0.1]
      [GC Worker Total (ms): Min: 10.7, Avg: 11.9, Max: 15.2, Diff: 4.5, Sum: 71.2]
      [GC Worker End (ms): Min: 256030632.0, Avg: 256030632.1, Max: 256030632.2, Diff: 0.2]
   [Code Root Fixup: 0.0 ms]
   [Code Root Purge: 0.0 ms]
   [Clear CT: 0.9 ms]
   [Other: 8.1 ms]
      [Choose CSet: 0.0 ms]
      [Ref Proc: 7.6 ms]
      [Ref Enq: 0.1 ms]
      [Redirty Cards: 0.1 ms]
      [Humongous Register: 0.0 ms]
      [Humongous Reclaim: 0.0 ms]
      [Free CSet: 0.2 ms]
   [Eden: 7152.0M(7152.0M)->0.0B(7152.0M) Survivors: 16384.0K->16384.0K Heap: 10692.2M(14336.0M)->3541.2M(14336.0M)]
 [Times: user=0.07 sys=0.00, real=0.02 secs] 
2022-10-02T10:43:35.562-0600: 256030.641: [GC concurrent-root-region-scan-start]
2022-10-02T10:43:35.570-0600: 256030.650: [GC concurrent-root-region-scan-end, 0.0082241 secs]
2022-10-02T10:43:35.570-0600: 256030.650: [GC concurrent-mark-start]
2022-10-02T10:43:36.920-0600: 256032.000: [GC concurrent-mark-end, 1.3498433 secs]
2022-10-02T10:43:36.920-0600: 256032.000: [GC remark 2022-10-02T10:43:36.920-0600: 256032.000: [Finalize Marking, 0.0013753 secs] 2022-10-02T10:43:36.921-0600: 256032.001: [GC ref-proc, 0.0230387 secs] 2022-10-02T10:43:36.944-0600: 256032.024: [Unloading, 0.0290658 secs], 0.0581111 secs]
 [Times: user=0.21 sys=0.00, real=0.06 secs] 
2022-10-02T10:43:36.978-0600: 256032.058: [GC cleanup 3637M->3637M(14336M), 0.0092961 secs]
 [Times: user=0.02 sys=0.00, real=0.01 secs] 
2022-10-02T10:45:15.431-0600: 256130.511: [GC pause (G1 Evacuation Pause) (young), 0.0155805 secs]
   [Parallel Time: 6.3 ms, GC Workers: 6]
      [GC Worker Start (ms): Min: 256130510.7, Avg: 256130511.7, Max: 256130512.7, Diff: 2.1]
      [Ext Root Scanning (ms): Min: 0.0, Avg: 1.0, Max: 3.1, Diff: 3.1, Sum: 6.2]
      [Update RS (ms): Min: 1.1, Avg: 2.1, Max: 2.5, Diff: 1.4, Sum: 12.4]
         [Processed Buffers: Min: 7, Avg: 8.8, Max: 11, Diff: 4, Sum: 53]
      [Scan RS (ms): Min: 0.0, Avg: 0.0, Max: 0.1, Diff: 0.1, Sum: 0.2]
      [Code Root Scanning (ms): Min: 0.0, Avg: 0.0, Max: 0.0, Diff: 0.0, Sum: 0.0]
      [Object Copy (ms): Min: 1.9, Avg: 2.0, Max: 2.2, Diff: 0.3, Sum: 12.0]
      [Termination (ms): Min: 0.0, Avg: 0.0, Max: 0.0, Diff: 0.0, Sum: 0.0]
         [Termination Attempts: Min: 1, Avg: 5.2, Max: 7, Diff: 6, Sum: 31]
      [GC Worker Other (ms): Min: 0.0, Avg: 0.0, Max: 0.0, Diff: 0.0, Sum: 0.1]
      [GC Worker Total (ms): Min: 4.1, Avg: 5.2, Max: 6.2, Diff: 2.1, Sum: 30.9]
      [GC Worker End (ms): Min: 256130516.9, Avg: 256130516.9, Max: 256130516.9, Diff: 0.0]
   [Code Root Fixup: 0.0 ms]
   [Code Root Purge: 0.0 ms]
   [Clear CT: 0.7 ms]
   [Other: 8.6 ms]
      [Choose CSet: 0.0 ms]
      [Ref Proc: 8.2 ms]
      [Ref Enq: 0.1 ms]
      [Redirty Cards: 0.1 ms]
      [Humongous Register: 0.0 ms]
      [Humongous Reclaim: 0.0 ms]
      [Free CSet: 0.1 ms]
   [Eden: 7152.0M(7152.0M)->0.0B(7152.0M) Survivors: 16384.0K->16384.0K Heap: 10693.2M(14336.0M)->3541.4M(14336.0M)]
 [Times: user=0.05 sys=0.00, real=0.02 secs] 
2022-10-02T10:46:55.690-0600: 256230.770: [GC pause (G1 Evacuation Pause) (young), 0.0272334 secs]
   [Parallel Time: 9.7 ms, GC Workers: 6]
      [GC Worker Start (ms): Min: 256230770.2, Avg: 256230774.2, Max: 256230779.8, Diff: 9.6]
      [Ext Root Scanning (ms): Min: 0.0, Avg: 1.0, Max: 2.9, Diff: 2.9, Sum: 6.1]
      [Update RS (ms): Min: 0.0, Avg: 2.0, Max: 3.2, Diff: 3.2, Sum: 11.9]
         [Processed Buffers: Min: 0, Avg: 8.8, Max: 16, Diff: 16, Sum: 53]
      [Scan RS (ms): Min: 0.0, Avg: 0.0, Max: 0.1, Diff: 0.1, Sum: 0.2]
      [Code Root Scanning (ms): Min: 0.0, Avg: 0.0, Max: 0.0, Diff: 0.0, Sum: 0.0]
      [Object Copy (ms): Min: 0.0, Avg: 1.7, Max: 2.7, Diff: 2.7, Sum: 10.1]
      [Termination (ms): Min: 0.0, Avg: 0.9, Max: 1.3, Diff: 1.3, Sum: 5.5]
         [Termination Attempts: Min: 1, Avg: 4.0, Max: 9, Diff: 8, Sum: 24]
      [GC Worker Other (ms): Min: 0.0, Avg: 0.0, Max: 0.0, Diff: 0.0, Sum: 0.0]
      [GC Worker Total (ms): Min: 0.0, Avg: 5.6, Max: 9.6, Diff: 9.6, Sum: 33.9]
      [GC Worker End (ms): Min: 256230779.8, Avg: 256230779.8, Max: 256230779.9, Diff: 0.1]
   [Code Root Fixup: 0.0 ms]
   [Code Root Purge: 0.0 ms]
   [Clear CT: 0.7 ms]
   [Other: 16.8 ms]
      [Choose CSet: 0.0 ms]
      [Ref Proc: 16.4 ms]
      [Ref Enq: 0.1 ms]
      [Redirty Cards: 0.1 ms]
      [Humongous Register: 0.0 ms]
      [Humongous Reclaim: 0.0 ms]
      [Free CSet: 0.1 ms]
   [Eden: 7152.0M(7152.0M)->0.0B(7152.0M) Survivors: 16384.0K->16384.0K Heap: 10693.4M(14336.0M)->3542.3M(14336.0M)]
 [Times: user=0.08 sys=0.00, real=0.03 secs] 
2022-10-02T10:48:35.037-0600: 256330.117: [GC pause (G1 Evacuation Pause) (young) (initial-mark), 0.0288866 secs]
   [Parallel Time: 15.2 ms, GC Workers: 6]
      [GC Worker Start (ms): Min: 256330118.1, Avg: 256330119.3, Max: 256330120.6, Diff: 2.5]
      [Ext Root Scanning (ms): Min: 1.9, Avg: 8.9, Max: 12.3, Diff: 10.4, Sum: 53.2]
      [Update RS (ms): Min: 0.0, Avg: 1.5, Max: 4.6, Diff: 4.6, Sum: 9.0]
         [Processed Buffers: Min: 0, Avg: 9.0, Max: 31, Diff: 31, Sum: 54]
      [Scan RS (ms): Min: 0.0, Avg: 0.0, Max: 0.1, Diff: 0.1, Sum: 0.2]
      [Code Root Scanning (ms): Min: 0.0, Avg: 0.0, Max: 0.0, Diff: 0.0, Sum: 0.0]
      [Object Copy (ms): Min: 0.0, Avg: 1.5, Max: 4.0, Diff: 4.0, Sum: 8.8]
      [Termination (ms): Min: 0.0, Avg: 0.7, Max: 1.1, Diff: 1.1, Sum: 4.4]
         [Termination Attempts: Min: 1, Avg: 5.2, Max: 11, Diff: 10, Sum: 31]
      [GC Worker Other (ms): Min: 0.0, Avg: 0.0, Max: 0.0, Diff: 0.0, Sum: 0.0]
      [GC Worker Total (ms): Min: 11.3, Avg: 12.6, Max: 13.9, Diff: 2.6, Sum: 75.6]
      [GC Worker End (ms): Min: 256330131.9, Avg: 256330131.9, Max: 256330132.0, Diff: 0.1]
   [Code Root Fixup: 0.0 ms]
   [Code Root Purge: 0.0 ms]
   [Clear CT: 0.8 ms]
   [Other: 12.9 ms]
      [Choose CSet: 0.0 ms]
      [Ref Proc: 12.5 ms]
      [Ref Enq: 0.1 ms]
      [Redirty Cards: 0.1 ms]
      [Humongous Register: 0.0 ms]
      [Humongous Reclaim: 0.0 ms]
      [Free CSet: 0.1 ms]
   [Eden: 7152.0M(7152.0M)->0.0B(7152.0M) Survivors: 16384.0K->16384.0K Heap: 10694.3M(14336.0M)->3543.6M(14336.0M)]
 [Times: user=0.08 sys=0.00, real=0.03 secs] 
2022-10-02T10:48:35.066-0600: 256330.146: [GC concurrent-root-region-scan-start]
2022-10-02T10:48:35.073-0600: 256330.153: [GC concurrent-root-region-scan-end, 0.0068477 secs]
2022-10-02T10:48:35.073-0600: 256330.153: [GC concurrent-mark-start]
2022-10-02T10:48:36.392-0600: 256331.472: [GC concurrent-mark-end, 1.3189353 secs]
2022-10-02T10:48:36.392-0600: 256331.472: [GC remark 2022-10-02T10:48:36.392-0600: 256331.472: [Finalize Marking, 0.0015413 secs] 2022-10-02T10:48:36.394-0600: 256331.473: [GC ref-proc, 0.0276651 secs] 2022-10-02T10:48:36.421-0600: 256331.501: [Unloading, 0.0283119 secs], 0.0630766 secs]
 [Times: user=0.22 sys=0.00, real=0.07 secs] 
2022-10-02T10:48:36.456-0600: 256331.536: [GC cleanup 3647M->3647M(14336M), 0.0115486 secs]
 [Times: user=0.02 sys=0.00, real=0.01 secs] 
2022-10-02T10:50:16.339-0600: 256431.419: [GC pause (G1 Evacuation Pause) (young), 0.0229371 secs]
   [Parallel Time: 8.9 ms, GC Workers: 6]
      [GC Worker Start (ms): Min: 256431418.9, Avg: 256431421.3, Max: 256431424.7, Diff: 5.8]
      [Ext Root Scanning (ms): Min: 0.0, Avg: 1.1, Max: 3.3, Diff: 3.3, Sum: 6.8]
      [Update RS (ms): Min: 0.0, Avg: 1.5, Max: 2.6, Diff: 2.6, Sum: 9.1]
         [Processed Buffers: Min: 0, Avg: 7.8, Max: 14, Diff: 14, Sum: 47]
      [Scan RS (ms): Min: 0.0, Avg: 0.0, Max: 0.1, Diff: 0.1, Sum: 0.2]
      [Code Root Scanning (ms): Min: 0.0, Avg: 0.0, Max: 0.0, Diff: 0.0, Sum: 0.0]
      [Object Copy (ms): Min: 1.3, Avg: 2.4, Max: 4.2, Diff: 2.9, Sum: 14.1]
      [Termination (ms): Min: 0.0, Avg: 1.4, Max: 1.8, Diff: 1.8, Sum: 8.7]
         [Termination Attempts: Min: 1, Avg: 4.0, Max: 8, Diff: 7, Sum: 24]
      [GC Worker Other (ms): Min: 0.0, Avg: 0.0, Max: 0.0, Diff: 0.0, Sum: 0.0]
      [GC Worker Total (ms): Min: 3.0, Avg: 6.5, Max: 8.8, Diff: 5.8, Sum: 38.8]
      [GC Worker End (ms): Min: 256431427.8, Avg: 256431427.8, Max: 256431427.8, Diff: 0.0]
   [Code Root Fixup: 0.0 ms]
   [Code Root Purge: 0.0 ms]
   [Clear CT: 0.8 ms]
   [Other: 13.2 ms]
      [Choose CSet: 0.0 ms]
      [Ref Proc: 12.8 ms]
      [Ref Enq: 0.1 ms]
      [Redirty Cards: 0.1 ms]
      [Humongous Register: 0.0 ms]
      [Humongous Reclaim: 0.0 ms]
      [Free CSet: 0.1 ms]
   [Eden: 7152.0M(7152.0M)->0.0B(7152.0M) Survivors: 16384.0K->16384.0K Heap: 10695.6M(14336.0M)->3547.1M(14336.0M)]
 [Times: user=0.08 sys=0.00, real=0.02 secs] 
2022-10-02T10:51:56.687-0600: 256531.767: [GC pause (G1 Evacuation Pause) (young), 0.0207492 secs]
   [Parallel Time: 8.2 ms, GC Workers: 6]
      [GC Worker Start (ms): Min: 256531766.9, Avg: 256531768.7, Max: 256531771.3, Diff: 4.4]
      [Ext Root Scanning (ms): Min: 0.0, Avg: 1.2, Max: 3.0, Diff: 3.0, Sum: 7.0]
      [Update RS (ms): Min: 0.6, Avg: 2.5, Max: 5.9, Diff: 5.3, Sum: 15.0]
         [Processed Buffers: Min: 3, Avg: 9.2, Max: 18, Diff: 15, Sum: 55]
      [Scan RS (ms): Min: 0.0, Avg: 0.0, Max: 0.1, Diff: 0.0, Sum: 0.2]
      [Code Root Scanning (ms): Min: 0.0, Avg: 0.0, Max: 0.0, Diff: 0.0, Sum: 0.0]
      [Object Copy (ms): Min: 0.2, Avg: 1.9, Max: 2.5, Diff: 2.3, Sum: 11.5]
      [Termination (ms): Min: 0.0, Avg: 0.7, Max: 0.9, Diff: 0.9, Sum: 4.2]
         [Termination Attempts: Min: 1, Avg: 14.2, Max: 27, Diff: 26, Sum: 85]
      [GC Worker Other (ms): Min: 0.0, Avg: 0.0, Max: 0.0, Diff: 0.0, Sum: 0.0]
      [GC Worker Total (ms): Min: 3.7, Avg: 6.3, Max: 8.1, Diff: 4.4, Sum: 37.9]
      [GC Worker End (ms): Min: 256531775.0, Avg: 256531775.0, Max: 256531775.0, Diff: 0.1]
   [Code Root Fixup: 0.0 ms]
   [Code Root Purge: 0.0 ms]
   [Clear CT: 0.9 ms]
   [Other: 11.7 ms]
      [Choose CSet: 0.0 ms]
      [Ref Proc: 11.3 ms]
      [Ref Enq: 0.1 ms]
      [Redirty Cards: 0.1 ms]
      [Humongous Register: 0.0 ms]
      [Humongous Reclaim: 0.0 ms]
      [Free CSet: 0.1 ms]
   [Eden: 7152.0M(7152.0M)->0.0B(7152.0M) Survivors: 16384.0K->16384.0K Heap: 10699.1M(14336.0M)->3546.6M(14336.0M)]
 [Times: user=0.07 sys=0.00, real=0.02 secs] 
2022-10-02T10:53:34.492-0600: 256629.572: [GC pause (G1 Evacuation Pause) (young) (initial-mark), 0.0385653 secs]
   [Parallel Time: 20.7 ms, GC Workers: 6]
      [GC Worker Start (ms): Min: 256629573.0, Avg: 256629576.6, Max: 256629577.7, Diff: 4.8]
      [Ext Root Scanning (ms): Min: 1.5, Avg: 8.4, Max: 16.8, Diff: 15.3, Sum: 50.2]
      [Update RS (ms): Min: 0.0, Avg: 3.0, Max: 11.8, Diff: 11.8, Sum: 17.9]
         [Processed Buffers: Min: 0, Avg: 9.5, Max: 38, Diff: 38, Sum: 57]
      [Scan RS (ms): Min: 0.0, Avg: 0.0, Max: 0.2, Diff: 0.1, Sum: 0.2]
      [Code Root Scanning (ms): Min: 0.0, Avg: 0.0, Max: 0.0, Diff: 0.0, Sum: 0.0]
      [Object Copy (ms): Min: 0.0, Avg: 2.7, Max: 6.5, Diff: 6.5, Sum: 16.5]
      [Termination (ms): Min: 0.0, Avg: 1.3, Max: 1.9, Diff: 1.9, Sum: 8.0]
         [Termination Attempts: Min: 1, Avg: 5.0, Max: 12, Diff: 11, Sum: 30]
      [GC Worker Other (ms): Min: 0.0, Avg: 0.0, Max: 0.0, Diff: 0.0, Sum: 0.0]
      [GC Worker Total (ms): Min: 14.3, Avg: 15.5, Max: 19.1, Diff: 4.8, Sum: 92.9]
      [GC Worker End (ms): Min: 256629592.0, Avg: 256629592.1, Max: 256629592.2, Diff: 0.1]
   [Code Root Fixup: 0.0 ms]
   [Code Root Purge: 0.0 ms]
   [Clear CT: 0.9 ms]
   [Other: 17.0 ms]
      [Choose CSet: 0.0 ms]
      [Ref Proc: 16.6 ms]
      [Ref Enq: 0.1 ms]
      [Redirty Cards: 0.1 ms]
      [Humongous Register: 0.0 ms]
      [Humongous Reclaim: 0.0 ms]
      [Free CSet: 0.1 ms]
   [Eden: 7152.0M(7152.0M)->0.0B(7152.0M) Survivors: 16384.0K->16384.0K Heap: 10698.6M(14336.0M)->3546.9M(14336.0M)]
 [Times: user=0.10 sys=0.00, real=0.04 secs] 
2022-10-02T10:53:34.530-0600: 256629.610: [GC concurrent-root-region-scan-start]
2022-10-02T10:53:34.541-0600: 256629.620: [GC concurrent-root-region-scan-end, 0.0101687 secs]
2022-10-02T10:53:34.541-0600: 256629.620: [GC concurrent-mark-start]
2022-10-02T10:53:35.869-0600: 256630.948: [GC concurrent-mark-end, 1.3280086 secs]
2022-10-02T10:53:35.869-0600: 256630.949: [GC remark 2022-10-02T10:53:35.869-0600: 256630.949: [Finalize Marking, 0.0013756 secs] 2022-10-02T10:53:35.870-0600: 256630.950: [GC ref-proc, 0.0242008 secs] 2022-10-02T10:53:35.894-0600: 256630.974: [Unloading, 0.0271867 secs], 0.0579057 secs]
 [Times: user=0.21 sys=0.00, real=0.06 secs] 
2022-10-02T10:53:35.927-0600: 256631.007: [GC cleanup 3698M->3698M(14336M), 0.0061824 secs]
 [Times: user=0.03 sys=0.00, real=0.01 secs] 
2022-10-02T10:55:04.739-0600: 256719.819: [GC pause (G1 Evacuation Pause) (young), 0.0241417 secs]
   [Parallel Time: 10.7 ms, GC Workers: 6]
      [GC Worker Start (ms): Min: 256719819.0, Avg: 256719821.2, Max: 256719824.7, Diff: 5.8]
      [Ext Root Scanning (ms): Min: 0.0, Avg: 1.1, Max: 3.1, Diff: 3.1, Sum: 6.9]
      [Update RS (ms): Min: 1.0, Avg: 3.4, Max: 4.9, Diff: 3.9, Sum: 20.5]
         [Processed Buffers: Min: 4, Avg: 34.3, Max: 60, Diff: 56, Sum: 206]
      [Scan RS (ms): Min: 0.0, Avg: 0.0, Max: 0.1, Diff: 0.1, Sum: 0.2]
      [Code Root Scanning (ms): Min: 0.0, Avg: 0.0, Max: 0.0, Diff: 0.0, Sum: 0.0]
      [Object Copy (ms): Min: 3.6, Avg: 3.8, Max: 4.0, Diff: 0.4, Sum: 22.7]
      [Termination (ms): Min: 0.0, Avg: 0.0, Max: 0.0, Diff: 0.0, Sum: 0.0]
         [Termination Attempts: Min: 1, Avg: 7.0, Max: 10, Diff: 9, Sum: 42]
      [GC Worker Other (ms): Min: 0.0, Avg: 0.0, Max: 0.0, Diff: 0.0, Sum: 0.1]
      [GC Worker Total (ms): Min: 4.8, Avg: 8.4, Max: 10.6, Diff: 5.8, Sum: 50.4]
      [GC Worker End (ms): Min: 256719829.6, Avg: 256719829.6, Max: 256719829.6, Diff: 0.0]
   [Code Root Fixup: 0.0 ms]
   [Code Root Purge: 0.0 ms]
   [Clear CT: 0.8 ms]
   [Other: 12.6 ms]
      [Choose CSet: 0.0 ms]
      [Ref Proc: 12.2 ms]
      [Ref Enq: 0.1 ms]
      [Redirty Cards: 0.1 ms]
      [Humongous Register: 0.0 ms]
      [Humongous Reclaim: 0.0 ms]
      [Free CSet: 0.2 ms]
   [Eden: 7152.0M(7152.0M)->0.0B(5712.0M) Survivors: 16384.0K->16384.0K Heap: 10714.9M(14336.0M)->3570.8M(14336.0M)]
 [Times: user=0.08 sys=0.00, real=0.02 secs] 
2022-10-02T10:56:12.338-0600: 256787.418: [GC pause (G1 Evacuation Pause) (mixed), 0.0305384 secs]
   [Parallel Time: 18.9 ms, GC Workers: 6]
      [GC Worker Start (ms): Min: 256787418.4, Avg: 256787420.7, Max: 256787428.7, Diff: 10.3]
      [Ext Root Scanning (ms): Min: 0.0, Avg: 1.6, Max: 3.1, Diff: 3.1, Sum: 9.5]
      [Update RS (ms): Min: 0.0, Avg: 2.7, Max: 4.3, Diff: 4.3, Sum: 16.5]
         [Processed Buffers: Min: 0, Avg: 12.0, Max: 22, Diff: 22, Sum: 72]
      [Scan RS (ms): Min: 0.0, Avg: 1.5, Max: 1.9, Diff: 1.9, Sum: 9.2]
      [Code Root Scanning (ms): Min: 0.0, Avg: 0.0, Max: 0.0, Diff: 0.0, Sum: 0.0]
      [Object Copy (ms): Min: 8.5, Avg: 10.6, Max: 14.3, Diff: 5.8, Sum: 63.8]
      [Termination (ms): Min: 0.0, Avg: 0.0, Max: 0.0, Diff: 0.0, Sum: 0.0]
         [Termination Attempts: Min: 1, Avg: 11.5, Max: 17, Diff: 16, Sum: 69]
      [GC Worker Other (ms): Min: 0.0, Avg: 0.0, Max: 0.0, Diff: 0.0, Sum: 0.1]
      [GC Worker Total (ms): Min: 8.5, Avg: 16.5, Max: 18.8, Diff: 10.3, Sum: 99.1]
      [GC Worker End (ms): Min: 256787437.2, Avg: 256787437.2, Max: 256787437.2, Diff: 0.0]
   [Code Root Fixup: 0.0 ms]
   [Code Root Purge: 0.0 ms]
   [Clear CT: 0.9 ms]
   [Other: 10.8 ms]
      [Choose CSet: 0.0 ms]
      [Ref Proc: 10.3 ms]
      [Ref Enq: 0.1 ms]
      [Redirty Cards: 0.1 ms]
      [Humongous Register: 0.0 ms]
      [Humongous Reclaim: 0.0 ms]
      [Free CSet: 0.1 ms]
   [Eden: 5712.0M(5712.0M)->0.0B(7120.0M) Survivors: 16384.0K->49152.0K Heap: 9282.8M(14336.0M)->3578.9M(14336.0M)]
 [Times: user=0.11 sys=0.00, real=0.03 secs] 
2022-10-02T10:57:27.817-0600: 256862.897: [GC pause (G1 Evacuation Pause) (young), 0.0426914 secs]
   [Parallel Time: 26.2 ms, GC Workers: 6]
      [GC Worker Start (ms): Min: 256862897.4, Avg: 256862900.2, Max: 256862900.7, Diff: 3.4]
      [Ext Root Scanning (ms): Min: 0.5, Avg: 1.2, Max: 4.8, Diff: 4.3, Sum: 7.4]
      [Update RS (ms): Min: 8.9, Avg: 9.4, Max: 9.6, Diff: 0.7, Sum: 56.5]
         [Processed Buffers: Min: 23, Avg: 33.0, Max: 40, Diff: 17, Sum: 198]
      [Scan RS (ms): Min: 0.0, Avg: 0.0, Max: 0.1, Diff: 0.1, Sum: 0.2]
      [Code Root Scanning (ms): Min: 0.0, Avg: 0.0, Max: 0.0, Diff: 0.0, Sum: 0.0]
      [Object Copy (ms): Min: 11.3, Avg: 11.7, Max: 12.6, Diff: 1.3, Sum: 70.0]
      [Termination (ms): Min: 0.0, Avg: 1.0, Max: 1.2, Diff: 1.2, Sum: 5.7]
         [Termination Attempts: Min: 1, Avg: 6.3, Max: 11, Diff: 10, Sum: 38]
      [GC Worker Other (ms): Min: 0.0, Avg: 0.0, Max: 0.0, Diff: 0.0, Sum: 0.1]
      [GC Worker Total (ms): Min: 22.7, Avg: 23.3, Max: 26.1, Diff: 3.4, Sum: 140.0]
      [GC Worker End (ms): Min: 256862923.4, Avg: 256862923.5, Max: 256862923.5, Diff: 0.1]
   [Code Root Fixup: 0.0 ms]
   [Code Root Purge: 0.0 ms]
   [Clear CT: 1.3 ms]
   [Other: 15.2 ms]
      [Choose CSet: 0.0 ms]
      [Ref Proc: 14.7 ms]
      [Ref Enq: 0.1 ms]
      [Redirty Cards: 0.1 ms]
      [Humongous Register: 0.0 ms]
      [Humongous Reclaim: 0.0 ms]
      [Free CSet: 0.2 ms]
   [Eden: 7120.0M(7120.0M)->0.0B(7088.0M) Survivors: 49152.0K->81920.0K Heap: 10698.9M(14336.0M)->3640.0M(14336.0M)]
 [Times: user=0.15 sys=0.00, real=0.04 secs] 
2022-10-02T10:58:32.985-0600: 256928.065: [GC pause (G1 Evacuation Pause) (young) (initial-mark), 0.0431170 secs]
   [Parallel Time: 30.3 ms, GC Workers: 6]
      [GC Worker Start (ms): Min: 256928066.4, Avg: 256928068.3, Max: 256928069.5, Diff: 3.1]
      [Ext Root Scanning (ms): Min: 2.3, Avg: 5.8, Max: 12.8, Diff: 10.5, Sum: 35.0]
      [Update RS (ms): Min: 0.0, Avg: 8.3, Max: 15.3, Diff: 15.3, Sum: 50.0]
         [Processed Buffers: Min: 0, Avg: 32.2, Max: 68, Diff: 68, Sum: 193]
      [Scan RS (ms): Min: 0.0, Avg: 0.0, Max: 0.1, Diff: 0.1, Sum: 0.2]
      [Code Root Scanning (ms): Min: 0.0, Avg: 0.0, Max: 0.0, Diff: 0.0, Sum: 0.0]
      [Object Copy (ms): Min: 6.1, Avg: 12.7, Max: 14.4, Diff: 8.4, Sum: 76.3]
      [Termination (ms): Min: 0.0, Avg: 0.0, Max: 0.0, Diff: 0.0, Sum: 0.1]
         [Termination Attempts: Min: 1, Avg: 18.2, Max: 29, Diff: 28, Sum: 109]
      [GC Worker Other (ms): Min: 0.0, Avg: 0.0, Max: 0.0, Diff: 0.0, Sum: 0.1]
      [GC Worker Total (ms): Min: 25.8, Avg: 26.9, Max: 28.9, Diff: 3.1, Sum: 161.7]
      [GC Worker End (ms): Min: 256928095.3, Avg: 256928095.3, Max: 256928095.3, Diff: 0.0]
   [Code Root Fixup: 0.0 ms]
   [Code Root Purge: 0.0 ms]
   [Clear CT: 1.0 ms]
   [Other: 11.8 ms]
      [Choose CSet: 0.0 ms]
      [Ref Proc: 11.3 ms]
      [Ref Enq: 0.1 ms]
      [Redirty Cards: 0.1 ms]
      [Humongous Register: 0.0 ms]
      [Humongous Reclaim: 0.0 ms]
      [Free CSet: 0.1 ms]
   [Eden: 7088.0M(7088.0M)->0.0B(7088.0M) Survivors: 81920.0K->81920.0K Heap: 10728.0M(14336.0M)->3689.0M(14336.0M)]
 [Times: user=0.16 sys=0.00, real=0.04 secs] 
2022-10-02T10:58:33.029-0600: 256928.108: [GC concurrent-root-region-scan-start]
2022-10-02T10:58:33.043-0600: 256928.123: [GC concurrent-root-region-scan-end, 0.0140282 secs]
2022-10-02T10:58:33.043-0600: 256928.123: [GC concurrent-mark-start]
2022-10-02T10:58:34.406-0600: 256929.486: [GC concurrent-mark-end, 1.3635101 secs]
2022-10-02T10:58:34.406-0600: 256929.486: [GC remark 2022-10-02T10:58:34.406-0600: 256929.486: [Finalize Marking, 0.0022928 secs] 2022-10-02T10:58:34.409-0600: 256929.489: [GC ref-proc, 0.0341722 secs] 2022-10-02T10:58:34.443-0600: 256929.523: [Unloading, 0.0279911 secs], 0.0692688 secs]
 [Times: user=0.24 sys=0.00, real=0.07 secs] 
2022-10-02T10:58:34.476-0600: 256929.556: [GC cleanup 3832M->3832M(14336M), 0.0110008 secs]
 [Times: user=0.03 sys=0.00, real=0.01 secs] 
2022-10-02T10:59:44.889-0600: 256999.969: [GC pause (G1 Evacuation Pause) (young), 0.0350775 secs]
   [Parallel Time: 20.8 ms, GC Workers: 6]
      [GC Worker Start (ms): Min: 256999969.3, Avg: 256999970.7, Max: 256999972.7, Diff: 3.4]
      [Ext Root Scanning (ms): Min: 0.0, Avg: 1.2, Max: 3.2, Diff: 3.2, Sum: 7.0]
      [Update RS (ms): Min: 8.8, Avg: 9.7, Max: 10.5, Diff: 1.6, Sum: 58.2]
         [Processed Buffers: Min: 39, Avg: 46.5, Max: 57, Diff: 18, Sum: 279]
      [Scan RS (ms): Min: 0.0, Avg: 0.0, Max: 0.1, Diff: 0.1, Sum: 0.2]
      [Code Root Scanning (ms): Min: 0.0, Avg: 0.0, Max: 0.0, Diff: 0.0, Sum: 0.0]
      [Object Copy (ms): Min: 8.0, Avg: 8.2, Max: 8.5, Diff: 0.5, Sum: 49.3]
      [Termination (ms): Min: 0.0, Avg: 0.0, Max: 0.1, Diff: 0.1, Sum: 0.3]
         [Termination Attempts: Min: 1, Avg: 97.0, Max: 125, Diff: 124, Sum: 582]
      [GC Worker Other (ms): Min: 0.0, Avg: 0.0, Max: 0.1, Diff: 0.1, Sum: 0.2]
      [GC Worker Total (ms): Min: 17.1, Avg: 19.2, Max: 20.5, Diff: 3.4, Sum: 115.3]
      [GC Worker End (ms): Min: 256999989.8, Avg: 256999989.9, Max: 256999989.9, Diff: 0.1]
   [Code Root Fixup: 0.0 ms]
   [Code Root Purge: 0.0 ms]
   [Clear CT: 0.9 ms]
   [Other: 13.4 ms]
      [Choose CSet: 0.0 ms]
      [Ref Proc: 12.8 ms]
      [Ref Enq: 0.2 ms]
      [Redirty Cards: 0.2 ms]
      [Humongous Register: 0.0 ms]
      [Humongous Reclaim: 0.0 ms]
      [Free CSet: 0.2 ms]
   [Eden: 7088.0M(7088.0M)->0.0B(5680.0M) Survivors: 81920.0K->49152.0K Heap: 10777.0M(14336.0M)->3700.3M(14336.0M)]
 [Times: user=0.15 sys=0.00, real=0.03 secs] 
2022-10-02T11:00:41.793-0600: 257056.872: [GC pause (G1 Evacuation Pause) (mixed), 0.0313516 secs]
   [Parallel Time: 19.8 ms, GC Workers: 6]
      [GC Worker Start (ms): Min: 257056872.5, Avg: 257056874.0, Max: 257056876.7, Diff: 4.2]
      [Ext Root Scanning (ms): Min: 0.0, Avg: 1.3, Max: 3.9, Diff: 3.9, Sum: 7.5]
      [Update RS (ms): Min: 11.4, Avg: 13.0, Max: 14.6, Diff: 3.2, Sum: 78.0]
         [Processed Buffers: Min: 40, Avg: 48.0, Max: 55, Diff: 15, Sum: 288]
      [Scan RS (ms): Min: 0.1, Avg: 0.3, Max: 0.4, Diff: 0.3, Sum: 1.9]
      [Code Root Scanning (ms): Min: 0.0, Avg: 0.0, Max: 0.0, Diff: 0.0, Sum: 0.0]
      [Object Copy (ms): Min: 3.6, Avg: 3.7, Max: 3.8, Diff: 0.2, Sum: 22.1]
      [Termination (ms): Min: 0.0, Avg: 0.0, Max: 0.0, Diff: 0.0, Sum: 0.0]
         [Termination Attempts: Min: 1, Avg: 6.7, Max: 10, Diff: 9, Sum: 40]
      [GC Worker Other (ms): Min: 0.0, Avg: 0.0, Max: 0.0, Diff: 0.0, Sum: 0.1]
      [GC Worker Total (ms): Min: 15.5, Avg: 18.3, Max: 19.7, Diff: 4.2, Sum: 109.6]
      [GC Worker End (ms): Min: 257056892.2, Avg: 257056892.2, Max: 257056892.2, Diff: 0.0]
   [Code Root Fixup: 0.0 ms]
   [Code Root Purge: 0.0 ms]
   [Clear CT: 0.5 ms]
   [Other: 11.1 ms]
      [Choose CSet: 0.0 ms]
      [Ref Proc: 10.7 ms]
      [Ref Enq: 0.1 ms]
      [Redirty Cards: 0.1 ms]
      [Humongous Register: 0.0 ms]
      [Humongous Reclaim: 0.0 ms]
      [Free CSet: 0.1 ms]
   [Eden: 5680.0M(5680.0M)->0.0B(7152.0M) Survivors: 49152.0K->16384.0K Heap: 9380.3M(14336.0M)->3698.8M(14336.0M)]
 [Times: user=0.14 sys=0.00, real=0.03 secs] 
2022-10-02T11:01:55.998-0600: 257131.078: [GC pause (G1 Evacuation Pause) (young), 0.0314012 secs]
   [Parallel Time: 14.8 ms, GC Workers: 6]
      [GC Worker Start (ms): Min: 257131078.2, Avg: 257131083.1, Max: 257131088.7, Diff: 10.5]
      [Ext Root Scanning (ms): Min: 0.0, Avg: 1.0, Max: 3.2, Diff: 3.2, Sum: 6.0]
      [Update RS (ms): Min: 0.0, Avg: 5.3, Max: 10.3, Diff: 10.3, Sum: 31.7]
         [Processed Buffers: Min: 0, Avg: 17.8, Max: 37, Diff: 37, Sum: 107]
      [Scan RS (ms): Min: 0.0, Avg: 0.0, Max: 0.1, Diff: 0.1, Sum: 0.2]
      [Code Root Scanning (ms): Min: 0.0, Avg: 0.0, Max: 0.0, Diff: 0.0, Sum: 0.0]
      [Object Copy (ms): Min: 0.0, Avg: 2.7, Max: 3.4, Diff: 3.4, Sum: 16.1]
      [Termination (ms): Min: 0.0, Avg: 0.7, Max: 0.9, Diff: 0.9, Sum: 4.0]
         [Termination Attempts: Min: 1, Avg: 25.5, Max: 44, Diff: 43, Sum: 153]
      [GC Worker Other (ms): Min: 0.0, Avg: 0.0, Max: 0.0, Diff: 0.0, Sum: 0.0]
      [GC Worker Total (ms): Min: 4.0, Avg: 9.7, Max: 14.6, Diff: 10.6, Sum: 58.1]
      [GC Worker End (ms): Min: 257131092.7, Avg: 257131092.8, Max: 257131092.9, Diff: 0.2]
   [Code Root Fixup: 0.0 ms]
   [Code Root Purge: 0.0 ms]
   [Clear CT: 0.8 ms]
   [Other: 15.7 ms]
      [Choose CSet: 0.0 ms]
      [Ref Proc: 15.4 ms]
      [Ref Enq: 0.1 ms]
      [Redirty Cards: 0.1 ms]
      [Humongous Register: 0.0 ms]
      [Humongous Reclaim: 0.0 ms]
      [Free CSet: 0.1 ms]
   [Eden: 7152.0M(7152.0M)->0.0B(7152.0M) Survivors: 16384.0K->16384.0K Heap: 10850.8M(14336.0M)->3706.5M(14336.0M)]
 [Times: user=0.09 sys=0.00, real=0.03 secs] 
2022-10-02T11:03:08.388-0600: 257203.467: [GC pause (G1 Evacuation Pause) (young) (initial-mark), 0.0348814 secs]
   [Parallel Time: 18.7 ms, GC Workers: 6]
      [GC Worker Start (ms): Min: 257203468.8, Avg: 257203470.2, Max: 257203471.5, Diff: 2.7]
      [Ext Root Scanning (ms): Min: 2.3, Avg: 3.8, Max: 5.2, Diff: 2.8, Sum: 22.8]
      [Update RS (ms): Min: 7.1, Avg: 8.6, Max: 12.1, Diff: 4.9, Sum: 51.4]
         [Processed Buffers: Min: 3, Avg: 28.8, Max: 38, Diff: 35, Sum: 173]
      [Scan RS (ms): Min: 0.0, Avg: 0.0, Max: 0.1, Diff: 0.1, Sum: 0.2]
      [Code Root Scanning (ms): Min: 0.0, Avg: 0.0, Max: 0.0, Diff: 0.0, Sum: 0.0]
      [Object Copy (ms): Min: 0.2, Avg: 2.9, Max: 3.6, Diff: 3.4, Sum: 17.4]
      [Termination (ms): Min: 0.0, Avg: 0.5, Max: 0.7, Diff: 0.7, Sum: 3.2]
         [Termination Attempts: Min: 1, Avg: 2.7, Max: 6, Diff: 5, Sum: 16]
      [GC Worker Other (ms): Min: 0.0, Avg: 0.0, Max: 0.0, Diff: 0.0, Sum: 0.0]
      [GC Worker Total (ms): Min: 14.5, Avg: 15.9, Max: 17.3, Diff: 2.8, Sum: 95.2]
      [GC Worker End (ms): Min: 257203486.0, Avg: 257203486.0, Max: 257203486.1, Diff: 0.1]
   [Code Root Fixup: 0.0 ms]
   [Code Root Purge: 0.0 ms]
   [Clear CT: 0.8 ms]
   [Other: 15.4 ms]
      [Choose CSet: 0.0 ms]
      [Ref Proc: 15.0 ms]
      [Ref Enq: 0.1 ms]
      [Redirty Cards: 0.1 ms]
      [Humongous Register: 0.0 ms]
      [Humongous Reclaim: 0.0 ms]
      [Free CSet: 0.1 ms]
   [Eden: 7152.0M(7152.0M)->0.0B(7152.0M) Survivors: 16384.0K->16384.0K Heap: 10858.5M(14336.0M)->3710.0M(14336.0M)]
 [Times: user=0.11 sys=0.00, real=0.03 secs] 
2022-10-02T11:03:08.423-0600: 257203.502: [GC concurrent-root-region-scan-start]
2022-10-02T11:03:08.432-0600: 257203.512: [GC concurrent-root-region-scan-end, 0.0097730 secs]
2022-10-02T11:03:08.432-0600: 257203.512: [GC concurrent-mark-start]
2022-10-02T11:03:09.788-0600: 257204.868: [GC concurrent-mark-end, 1.3556333 secs]
2022-10-02T11:03:09.788-0600: 257204.868: [GC remark 2022-10-02T11:03:09.788-0600: 257204.868: [Finalize Marking, 0.0018128 secs] 2022-10-02T11:03:09.790-0600: 257204.870: [GC ref-proc, 0.0222987 secs] 2022-10-02T11:03:09.812-0600: 257204.892: [Unloading, 0.0289597 secs], 0.0578300 secs]
 [Times: user=0.22 sys=0.00, real=0.06 secs] 
2022-10-02T11:03:09.846-0600: 257204.926: [GC cleanup 3854M->3854M(14336M), 0.0073767 secs]
 [Times: user=0.02 sys=0.00, real=0.01 secs] 
2022-10-02T11:04:30.001-0600: 257285.081: [GC pause (G1 Evacuation Pause) (young), 0.0281566 secs]
   [Parallel Time: 14.9 ms, GC Workers: 6]
      [GC Worker Start (ms): Min: 257285080.8, Avg: 257285086.6, Max: 257285095.4, Diff: 14.6]
      [Ext Root Scanning (ms): Min: 0.0, Avg: 1.0, Max: 3.1, Diff: 3.1, Sum: 5.7]
      [Update RS (ms): Min: 0.0, Avg: 4.2, Max: 11.0, Diff: 11.0, Sum: 25.3]
         [Processed Buffers: Min: 0, Avg: 24.5, Max: 51, Diff: 51, Sum: 147]
      [Scan RS (ms): Min: 0.0, Avg: 0.0, Max: 0.1, Diff: 0.1, Sum: 0.2]
      [Code Root Scanning (ms): Min: 0.0, Avg: 0.0, Max: 0.0, Diff: 0.0, Sum: 0.0]
      [Object Copy (ms): Min: 0.0, Avg: 3.3, Max: 5.2, Diff: 5.2, Sum: 19.8]
      [Termination (ms): Min: 0.0, Avg: 0.6, Max: 0.9, Diff: 0.9, Sum: 3.7]
         [Termination Attempts: Min: 1, Avg: 6.7, Max: 10, Diff: 9, Sum: 40]
      [GC Worker Other (ms): Min: 0.0, Avg: 0.0, Max: 0.0, Diff: 0.0, Sum: 0.0]
      [GC Worker Total (ms): Min: 0.3, Avg: 9.1, Max: 14.9, Diff: 14.6, Sum: 54.7]
      [GC Worker End (ms): Min: 257285095.7, Avg: 257285095.7, Max: 257285095.7, Diff: 0.0]
   [Code Root Fixup: 0.0 ms]
   [Code Root Purge: 0.0 ms]
   [Clear CT: 0.6 ms]
   [Other: 12.7 ms]
      [Choose CSet: 0.0 ms]
      [Ref Proc: 12.2 ms]
      [Ref Enq: 0.1 ms]
      [Redirty Cards: 0.1 ms]
      [Humongous Register: 0.0 ms]
      [Humongous Reclaim: 0.0 ms]
      [Free CSet: 0.1 ms]
   [Eden: 7152.0M(7152.0M)->0.0B(5712.0M) Survivors: 16384.0K->16384.0K Heap: 10862.0M(14336.0M)->3714.8M(14336.0M)]
 [Times: user=0.07 sys=0.00, real=0.03 secs] 
2022-10-02T11:05:32.966-0600: 257348.046: [GC pause (G1 Evacuation Pause) (mixed), 0.0356523 secs]
   [Parallel Time: 23.6 ms, GC Workers: 6]
      [GC Worker Start (ms): Min: 257348046.3, Avg: 257348047.7, Max: 257348050.2, Diff: 3.9]
      [Ext Root Scanning (ms): Min: 0.0, Avg: 1.5, Max: 3.1, Diff: 3.1, Sum: 8.9]
      [Update RS (ms): Min: 5.2, Avg: 6.1, Max: 6.4, Diff: 1.2, Sum: 36.8]
         [Processed Buffers: Min: 19, Avg: 30.2, Max: 44, Diff: 25, Sum: 181]
      [Scan RS (ms): Min: 2.7, Avg: 2.8, Max: 3.2, Diff: 0.5, Sum: 16.9]
      [Code Root Scanning (ms): Min: 0.0, Avg: 0.0, Max: 0.0, Diff: 0.0, Sum: 0.0]
      [Object Copy (ms): Min: 10.9, Avg: 11.4, Max: 11.7, Diff: 0.8, Sum: 68.6]
      [Termination (ms): Min: 0.0, Avg: 0.0, Max: 0.0, Diff: 0.0, Sum: 0.1]
         [Termination Attempts: Min: 1, Avg: 20.8, Max: 27, Diff: 26, Sum: 125]
      [GC Worker Other (ms): Min: 0.0, Avg: 0.0, Max: 0.1, Diff: 0.0, Sum: 0.1]
      [GC Worker Total (ms): Min: 19.5, Avg: 21.9, Max: 23.3, Diff: 3.9, Sum: 131.4]
      [GC Worker End (ms): Min: 257348069.6, Avg: 257348069.6, Max: 257348069.6, Diff: 0.0]
   [Code Root Fixup: 0.0 ms]
   [Code Root Purge: 0.0 ms]
   [Clear CT: 0.8 ms]
   [Other: 11.2 ms]
      [Choose CSet: 0.0 ms]
      [Ref Proc: 10.6 ms]
      [Ref Enq: 0.1 ms]
      [Redirty Cards: 0.2 ms]
      [Humongous Register: 0.0 ms]
      [Humongous Reclaim: 0.0 ms]
      [Free CSet: 0.1 ms]
   [Eden: 5712.0M(5712.0M)->0.0B(7152.0M) Survivors: 16384.0K->16384.0K Heap: 9426.8M(14336.0M)->3631.1M(14336.0M)]
 [Times: user=0.15 sys=0.00, real=0.03 secs] 
2022-10-02T11:06:47.058-0600: 257422.138: [GC pause (G1 Evacuation Pause) (young), 0.0356354 secs]
   [Parallel Time: 22.2 ms, GC Workers: 6]
      [GC Worker Start (ms): Min: 257422137.7, Avg: 257422140.3, Max: 257422140.8, Diff: 3.1]
      [Ext Root Scanning (ms): Min: 1.1, Avg: 2.8, Max: 4.1, Diff: 3.0, Sum: 16.8]
      [Update RS (ms): Min: 10.1, Avg: 11.7, Max: 12.8, Diff: 2.7, Sum: 70.1]
         [Processed Buffers: Min: 37, Avg: 50.7, Max: 64, Diff: 27, Sum: 304]
      [Scan RS (ms): Min: 0.0, Avg: 0.0, Max: 0.1, Diff: 0.1, Sum: 0.2]
      [Code Root Scanning (ms): Min: 0.0, Avg: 0.0, Max: 0.0, Diff: 0.0, Sum: 0.0]
      [Object Copy (ms): Min: 4.5, Avg: 4.5, Max: 4.7, Diff: 0.2, Sum: 27.3]
      [Termination (ms): Min: 0.0, Avg: 0.0, Max: 0.0, Diff: 0.0, Sum: 0.0]
         [Termination Attempts: Min: 1, Avg: 2.0, Max: 3, Diff: 2, Sum: 12]
      [GC Worker Other (ms): Min: 0.0, Avg: 0.0, Max: 0.1, Diff: 0.0, Sum: 0.2]
      [GC Worker Total (ms): Min: 18.6, Avg: 19.1, Max: 21.7, Diff: 3.1, Sum: 114.7]
      [GC Worker End (ms): Min: 257422159.4, Avg: 257422159.4, Max: 257422159.4, Diff: 0.0]
   [Code Root Fixup: 0.0 ms]
   [Code Root Purge: 0.0 ms]
   [Clear CT: 1.0 ms]
   [Other: 12.4 ms]
      [Choose CSet: 0.0 ms]
      [Ref Proc: 12.0 ms]
      [Ref Enq: 0.1 ms]
      [Redirty Cards: 0.1 ms]
      [Humongous Register: 0.0 ms]
      [Humongous Reclaim: 0.0 ms]
      [Free CSet: 0.1 ms]
   [Eden: 7152.0M(7152.0M)->0.0B(7136.0M) Survivors: 16384.0K->32768.0K Heap: 10783.1M(14336.0M)->3676.0M(14336.0M)]
 [Times: user=0.14 sys=0.00, real=0.04 secs] 
2022-10-02T11:07:54.440-0600: 257489.520: [GC pause (G1 Evacuation Pause) (young) (initial-mark), 0.0290772 secs]
   [Parallel Time: 18.8 ms, GC Workers: 6]
      [GC Worker Start (ms): Min: 257489521.4, Avg: 257489524.7, Max: 257489525.8, Diff: 4.4]
      [Ext Root Scanning (ms): Min: 1.5, Avg: 3.6, Max: 6.3, Diff: 4.8, Sum: 21.6]
      [Update RS (ms): Min: 1.8, Avg: 3.4, Max: 4.5, Diff: 2.6, Sum: 20.6]
         [Processed Buffers: Min: 11, Avg: 13.2, Max: 19, Diff: 8, Sum: 79]
      [Scan RS (ms): Min: 0.0, Avg: 0.0, Max: 0.1, Diff: 0.1, Sum: 0.2]
      [Code Root Scanning (ms): Min: 0.0, Avg: 0.0, Max: 0.0, Diff: 0.0, Sum: 0.0]
      [Object Copy (ms): Min: 6.6, Avg: 6.7, Max: 6.9, Diff: 0.2, Sum: 40.5]
      [Termination (ms): Min: 0.0, Avg: 0.0, Max: 0.0, Diff: 0.0, Sum: 0.0]
         [Termination Attempts: Min: 1, Avg: 2.0, Max: 3, Diff: 2, Sum: 12]
      [GC Worker Other (ms): Min: 0.0, Avg: 0.0, Max: 0.0, Diff: 0.0, Sum: 0.1]
      [GC Worker Total (ms): Min: 12.7, Avg: 13.8, Max: 17.1, Diff: 4.4, Sum: 83.0]
      [GC Worker End (ms): Min: 257489538.5, Avg: 257489538.5, Max: 257489538.6, Diff: 0.0]
   [Code Root Fixup: 0.0 ms]
   [Code Root Purge: 0.0 ms]
   [Clear CT: 0.7 ms]
   [Other: 9.6 ms]
      [Choose CSet: 0.0 ms]
      [Ref Proc: 9.2 ms]
      [Ref Enq: 0.1 ms]
      [Redirty Cards: 0.1 ms]
      [Humongous Register: 0.0 ms]
      [Humongous Reclaim: 0.0 ms]
      [Free CSet: 0.1 ms]
   [Eden: 7136.0M(7136.0M)->0.0B(7120.0M) Survivors: 32768.0K->49152.0K Heap: 10812.0M(14336.0M)->3715.4M(14336.0M)]
 [Times: user=0.10 sys=0.00, real=0.03 secs] 
2022-10-02T11:07:54.469-0600: 257489.549: [GC concurrent-root-region-scan-start]
2022-10-02T11:07:54.478-0600: 257489.558: [GC concurrent-root-region-scan-end, 0.0088425 secs]
2022-10-02T11:07:54.478-0600: 257489.558: [GC concurrent-mark-start]
2022-10-02T11:07:55.855-0600: 257490.935: [GC concurrent-mark-end, 1.3769877 secs]
2022-10-02T11:07:55.855-0600: 257490.935: [GC remark 2022-10-02T11:07:55.855-0600: 257490.935: [Finalize Marking, 0.0017509 secs] 2022-10-02T11:07:55.857-0600: 257490.937: [GC ref-proc, 0.0199891 secs] 2022-10-02T11:07:55.877-0600: 257490.957: [Unloading, 0.0264461 secs], 0.0529021 secs]
 [Times: user=0.21 sys=0.00, real=0.05 secs] 
2022-10-02T11:07:55.908-0600: 257490.988: [GC cleanup 3891M->3891M(14336M), 0.0099716 secs]
 [Times: user=0.03 sys=0.00, real=0.01 secs] 
2022-10-02T11:09:00.488-0600: 257555.568: [GC pause (G1 Evacuation Pause) (young), 0.0325363 secs]
   [Parallel Time: 20.9 ms, GC Workers: 6]
      [GC Worker Start (ms): Min: 257555567.7, Avg: 257555570.4, Max: 257555580.7, Diff: 12.9]
      [Ext Root Scanning (ms): Min: 0.0, Avg: 1.2, Max: 3.2, Diff: 3.2, Sum: 7.0]
      [Update RS (ms): Min: 0.0, Avg: 5.0, Max: 6.5, Diff: 6.5, Sum: 29.7]
         [Processed Buffers: Min: 0, Avg: 22.0, Max: 32, Diff: 32, Sum: 132]
      [Scan RS (ms): Min: 0.0, Avg: 0.0, Max: 0.1, Diff: 0.1, Sum: 0.2]
      [Code Root Scanning (ms): Min: 0.0, Avg: 0.0, Max: 0.0, Diff: 0.0, Sum: 0.0]
      [Object Copy (ms): Min: 4.6, Avg: 9.3, Max: 12.6, Diff: 8.0, Sum: 55.8]
      [Termination (ms): Min: 0.0, Avg: 2.7, Max: 3.2, Diff: 3.2, Sum: 16.1]
         [Termination Attempts: Min: 1, Avg: 16.0, Max: 24, Diff: 23, Sum: 96]
      [GC Worker Other (ms): Min: 0.0, Avg: 0.0, Max: 0.0, Diff: 0.0, Sum: 0.0]
      [GC Worker Total (ms): Min: 7.8, Avg: 18.1, Max: 20.8, Diff: 13.0, Sum: 108.9]
      [GC Worker End (ms): Min: 257555588.5, Avg: 257555588.5, Max: 257555588.5, Diff: 0.1]
   [Code Root Fixup: 0.0 ms]
   [Code Root Purge: 0.0 ms]
   [Clear CT: 0.9 ms]
   [Other: 10.8 ms]
      [Choose CSet: 0.0 ms]
      [Ref Proc: 10.4 ms]
      [Ref Enq: 0.1 ms]
      [Redirty Cards: 0.1 ms]
      [Humongous Register: 0.0 ms]
      [Humongous Reclaim: 0.0 ms]
      [Free CSet: 0.1 ms]
   [Eden: 7120.0M(7120.0M)->0.0B(5680.0M) Survivors: 49152.0K->49152.0K Heap: 10835.4M(14336.0M)->3735.3M(14336.0M)]
 [Times: user=0.12 sys=0.00, real=0.03 secs] 
2022-10-02T11:09:56.087-0600: 257611.167: [GC pause (G1 Evacuation Pause) (mixed), 0.0352651 secs]
   [Parallel Time: 22.5 ms, GC Workers: 6]
      [GC Worker Start (ms): Min: 257611167.1, Avg: 257611167.3, Max: 257611167.4, Diff: 0.3]
      [Ext Root Scanning (ms): Min: 1.1, Avg: 1.7, Max: 3.7, Diff: 2.6, Sum: 10.0]
      [Update RS (ms): Min: 4.0, Avg: 5.7, Max: 6.1, Diff: 2.1, Sum: 34.1]
         [Processed Buffers: Min: 16, Avg: 25.2, Max: 35, Diff: 19, Sum: 151]
      [Scan RS (ms): Min: 1.7, Avg: 1.8, Max: 1.9, Diff: 0.2, Sum: 10.9]
      [Code Root Scanning (ms): Min: 0.0, Avg: 0.0, Max: 0.0, Diff: 0.0, Sum: 0.1]
      [Object Copy (ms): Min: 13.0, Avg: 13.1, Max: 13.2, Diff: 0.3, Sum: 78.4]
      [Termination (ms): Min: 0.0, Avg: 0.0, Max: 0.0, Diff: 0.0, Sum: 0.0]
         [Termination Attempts: Min: 1, Avg: 2.2, Max: 4, Diff: 3, Sum: 13]
      [GC Worker Other (ms): Min: 0.0, Avg: 0.0, Max: 0.0, Diff: 0.0, Sum: 0.1]
      [GC Worker Total (ms): Min: 22.2, Avg: 22.2, Max: 22.5, Diff: 0.3, Sum: 133.5]
      [GC Worker End (ms): Min: 257611189.5, Avg: 257611189.5, Max: 257611189.5, Diff: 0.0]
   [Code Root Fixup: 0.0 ms]
   [Code Root Purge: 0.0 ms]
   [Clear CT: 1.0 ms]
   [Other: 11.8 ms]
      [Choose CSet: 0.0 ms]
      [Ref Proc: 11.2 ms]
      [Ref Enq: 0.1 ms]
      [Redirty Cards: 0.2 ms]
      [Humongous Register: 0.0 ms]
      [Humongous Reclaim: 0.0 ms]
      [Free CSet: 0.1 ms]
   [Eden: 5680.0M(5680.0M)->0.0B(7120.0M) Survivors: 49152.0K->49152.0K Heap: 9415.3M(14336.0M)->3723.5M(14336.0M)]
 [Times: user=0.16 sys=0.00, real=0.03 secs] 
2022-10-02T11:11:03.237-0600: 257678.317: [GC pause (G1 Evacuation Pause) (young), 0.0360907 secs]
   [Parallel Time: 22.9 ms, GC Workers: 6]
      [GC Worker Start (ms): Min: 257678316.7, Avg: 257678318.8, Max: 257678320.7, Diff: 4.0]
      [Ext Root Scanning (ms): Min: 0.0, Avg: 1.0, Max: 2.9, Diff: 2.9, Sum: 5.9]
      [Update RS (ms): Min: 12.1, Avg: 13.1, Max: 14.4, Diff: 2.3, Sum: 78.3]
         [Processed Buffers: Min: 45, Avg: 52.3, Max: 60, Diff: 15, Sum: 314]
      [Scan RS (ms): Min: 0.0, Avg: 0.1, Max: 0.1, Diff: 0.1, Sum: 0.3]
      [Code Root Scanning (ms): Min: 0.0, Avg: 0.0, Max: 0.0, Diff: 0.0, Sum: 0.0]
      [Object Copy (ms): Min: 6.4, Avg: 6.6, Max: 6.7, Diff: 0.3, Sum: 39.4]
      [Termination (ms): Min: 0.0, Avg: 0.0, Max: 0.0, Diff: 0.0, Sum: 0.0]
         [Termination Attempts: Min: 1, Avg: 1.3, Max: 2, Diff: 1, Sum: 8]
      [GC Worker Other (ms): Min: 0.0, Avg: 0.0, Max: 0.0, Diff: 0.0, Sum: 0.1]
      [GC Worker Total (ms): Min: 18.7, Avg: 20.7, Max: 22.7, Diff: 4.0, Sum: 124.2]
      [GC Worker End (ms): Min: 257678339.4, Avg: 257678339.4, Max: 257678339.5, Diff: 0.0]
   [Code Root Fixup: 0.0 ms]
   [Code Root Purge: 0.0 ms]
   [Clear CT: 1.4 ms]
   [Other: 11.7 ms]
      [Choose CSet: 0.0 ms]
      [Ref Proc: 11.2 ms]
      [Ref Enq: 0.1 ms]
      [Redirty Cards: 0.1 ms]
      [Humongous Register: 0.0 ms]
      [Humongous Reclaim: 0.0 ms]
      [Free CSet: 0.2 ms]
   [Eden: 7120.0M(7120.0M)->0.0B(7120.0M) Survivors: 49152.0K->49152.0K Heap: 10843.5M(14336.0M)->3776.0M(14336.0M)]
 [Times: user=0.15 sys=0.00, real=0.04 secs] 
2022-10-02T11:12:11.191-0600: 257746.271: [GC pause (G1 Evacuation Pause) (young) (initial-mark), 0.0384119 secs]
   [Parallel Time: 27.1 ms, GC Workers: 6]
      [GC Worker Start (ms): Min: 257746271.8, Avg: 257746273.4, Max: 257746274.7, Diff: 2.8]
      [Ext Root Scanning (ms): Min: 1.4, Avg: 8.2, Max: 13.2, Diff: 11.8, Sum: 48.9]
      [Update RS (ms): Min: 0.3, Avg: 6.7, Max: 20.9, Diff: 20.6, Sum: 40.4]
         [Processed Buffers: Min: 3, Avg: 23.0, Max: 45, Diff: 42, Sum: 138]
      [Scan RS (ms): Min: 0.0, Avg: 0.0, Max: 0.1, Diff: 0.1, Sum: 0.2]
      [Code Root Scanning (ms): Min: 0.0, Avg: 0.0, Max: 0.0, Diff: 0.0, Sum: 0.0]
      [Object Copy (ms): Min: 0.0, Avg: 8.8, Max: 11.2, Diff: 11.1, Sum: 52.8]
      [Termination (ms): Min: 0.0, Avg: 0.5, Max: 0.7, Diff: 0.7, Sum: 3.0]
         [Termination Attempts: Min: 1, Avg: 6.3, Max: 13, Diff: 12, Sum: 38]
      [GC Worker Other (ms): Min: 0.0, Avg: 0.0, Max: 0.0, Diff: 0.0, Sum: 0.0]
      [GC Worker Total (ms): Min: 23.0, Avg: 24.2, Max: 25.9, Diff: 2.9, Sum: 145.5]
      [GC Worker End (ms): Min: 257746297.6, Avg: 257746297.6, Max: 257746297.7, Diff: 0.1]
   [Code Root Fixup: 0.0 ms]
   [Code Root Purge: 0.0 ms]
   [Clear CT: 0.8 ms]
   [Other: 10.4 ms]
      [Choose CSet: 0.0 ms]
      [Ref Proc: 10.0 ms]
      [Ref Enq: 0.1 ms]
      [Redirty Cards: 0.2 ms]
      [Humongous Register: 0.0 ms]
      [Humongous Reclaim: 0.0 ms]
      [Free CSet: 0.1 ms]
   [Eden: 7120.0M(7120.0M)->0.0B(7120.0M) Survivors: 49152.0K->49152.0K Heap: 10896.0M(14336.0M)->3811.0M(14336.0M)]
 [Times: user=0.12 sys=0.00, real=0.04 secs] 
2022-10-02T11:12:11.229-0600: 257746.309: [GC concurrent-root-region-scan-start]
2022-10-02T11:12:11.240-0600: 257746.320: [GC concurrent-root-region-scan-end, 0.0105260 secs]
2022-10-02T11:12:11.240-0600: 257746.320: [GC concurrent-mark-start]
2022-10-02T11:12:12.631-0600: 257747.711: [GC concurrent-mark-end, 1.3917370 secs]
2022-10-02T11:12:12.632-0600: 257747.711: [GC remark 2022-10-02T11:12:12.632-0600: 257747.711: [Finalize Marking, 0.0018884 secs] 2022-10-02T11:12:12.633-0600: 257747.713: [GC ref-proc, 0.0223946 secs] 2022-10-02T11:12:12.656-0600: 257747.736: [Unloading, 0.0301941 secs], 0.0593988 secs]
 [Times: user=0.21 sys=0.00, real=0.06 secs] 
2022-10-02T11:12:12.691-0600: 257747.771: [GC cleanup 3965M->3965M(14336M), 0.0072968 secs]
 [Times: user=0.03 sys=0.00, real=0.01 secs] 
2022-10-02T11:13:22.500-0600: 257817.580: [GC pause (G1 Evacuation Pause) (young), 0.0334277 secs]
   [Parallel Time: 18.6 ms, GC Workers: 6]
      [GC Worker Start (ms): Min: 257817579.9, Avg: 257817581.8, Max: 257817584.7, Diff: 4.8]
      [Ext Root Scanning (ms): Min: 0.0, Avg: 1.1, Max: 3.0, Diff: 3.0, Sum: 6.6]
      [Update RS (ms): Min: 8.1, Avg: 10.8, Max: 13.5, Diff: 5.4, Sum: 65.0]
         [Processed Buffers: Min: 12, Avg: 46.0, Max: 74, Diff: 62, Sum: 276]
      [Scan RS (ms): Min: 0.0, Avg: 0.0, Max: 0.1, Diff: 0.1, Sum: 0.2]
      [Code Root Scanning (ms): Min: 0.0, Avg: 0.0, Max: 0.0, Diff: 0.0, Sum: 0.0]
      [Object Copy (ms): Min: 0.0, Avg: 4.0, Max: 4.9, Diff: 4.9, Sum: 23.9]
      [Termination (ms): Min: 0.0, Avg: 0.6, Max: 0.7, Diff: 0.7, Sum: 3.5]
         [Termination Attempts: Min: 1, Avg: 78.7, Max: 122, Diff: 121, Sum: 472]
      [GC Worker Other (ms): Min: 0.0, Avg: 0.0, Max: 0.0, Diff: 0.0, Sum: 0.0]
      [GC Worker Total (ms): Min: 13.6, Avg: 16.5, Max: 18.4, Diff: 4.9, Sum: 99.3]
      [GC Worker End (ms): Min: 257817598.3, Avg: 257817598.3, Max: 257817598.4, Diff: 0.1]
   [Code Root Fixup: 0.0 ms]
   [Code Root Purge: 0.0 ms]
   [Clear CT: 0.9 ms]
   [Other: 13.9 ms]
      [Choose CSet: 0.0 ms]
      [Ref Proc: 13.4 ms]
      [Ref Enq: 0.1 ms]
      [Redirty Cards: 0.2 ms]
      [Humongous Register: 0.0 ms]
      [Humongous Reclaim: 0.0 ms]
      [Free CSet: 0.1 ms]
   [Eden: 7120.0M(7120.0M)->0.0B(5696.0M) Survivors: 49152.0K->32768.0K Heap: 10931.0M(14336.0M)->3808.1M(14336.0M)]
 [Times: user=0.12 sys=0.00, real=0.04 secs] 
2022-10-02T11:14:20.938-0600: 257876.017: [GC pause (G1 Evacuation Pause) (mixed), 0.0321973 secs]
   [Parallel Time: 21.9 ms, GC Workers: 6]
      [GC Worker Start (ms): Min: 257876017.5, Avg: 257876018.9, Max: 257876020.7, Diff: 3.2]
      [Ext Root Scanning (ms): Min: 0.0, Avg: 1.4, Max: 5.0, Diff: 5.0, Sum: 8.5]
      [Update RS (ms): Min: 1.4, Avg: 3.7, Max: 5.5, Diff: 4.1, Sum: 22.1]
         [Processed Buffers: Min: 11, Avg: 29.7, Max: 74, Diff: 63, Sum: 178]
      [Scan RS (ms): Min: 2.0, Avg: 3.2, Max: 4.6, Diff: 2.5, Sum: 19.0]
      [Code Root Scanning (ms): Min: 0.0, Avg: 0.0, Max: 0.0, Diff: 0.0, Sum: 0.0]
      [Object Copy (ms): Min: 10.9, Avg: 12.2, Max: 12.6, Diff: 1.7, Sum: 73.1]
      [Termination (ms): Min: 0.0, Avg: 0.0, Max: 0.0, Diff: 0.0, Sum: 0.1]
         [Termination Attempts: Min: 1, Avg: 38.3, Max: 61, Diff: 60, Sum: 230]
      [GC Worker Other (ms): Min: 0.0, Avg: 0.0, Max: 0.0, Diff: 0.0, Sum: 0.1]
      [GC Worker Total (ms): Min: 18.6, Avg: 20.5, Max: 21.8, Diff: 3.2, Sum: 122.9]
      [GC Worker End (ms): Min: 257876039.4, Avg: 257876039.4, Max: 257876039.4, Diff: 0.0]
   [Code Root Fixup: 0.0 ms]
   [Code Root Purge: 0.0 ms]
   [Clear CT: 0.9 ms]
   [Other: 9.4 ms]
      [Choose CSet: 0.0 ms]
      [Ref Proc: 8.8 ms]
      [Ref Enq: 0.1 ms]
      [Redirty Cards: 0.2 ms]
      [Humongous Register: 0.0 ms]
      [Humongous Reclaim: 0.0 ms]
      [Free CSet: 0.2 ms]
   [Eden: 5696.0M(5696.0M)->0.0B(7152.0M) Survivors: 32768.0K->16384.0K Heap: 9504.1M(14336.0M)->3690.3M(14336.0M)]
 [Times: user=0.13 sys=0.00, real=0.03 secs] 
2022-10-02T11:15:33.365-0600: 257948.445: [GC pause (G1 Evacuation Pause) (young), 0.0235329 secs]
   [Parallel Time: 14.1 ms, GC Workers: 6]
      [GC Worker Start (ms): Min: 257948445.1, Avg: 257948445.2, Max: 257948445.3, Diff: 0.1]
      [Ext Root Scanning (ms): Min: 0.8, Avg: 1.3, Max: 3.3, Diff: 2.5, Sum: 8.0]
      [Update RS (ms): Min: 7.1, Avg: 8.8, Max: 9.7, Diff: 2.6, Sum: 52.9]
         [Processed Buffers: Min: 26, Avg: 37.0, Max: 50, Diff: 24, Sum: 222]
      [Scan RS (ms): Min: 0.0, Avg: 0.1, Max: 0.1, Diff: 0.1, Sum: 0.4]
      [Code Root Scanning (ms): Min: 0.0, Avg: 0.0, Max: 0.0, Diff: 0.0, Sum: 0.0]
      [Object Copy (ms): Min: 3.2, Avg: 3.7, Max: 5.9, Diff: 2.7, Sum: 22.5]
      [Termination (ms): Min: 0.0, Avg: 0.0, Max: 0.0, Diff: 0.0, Sum: 0.0]
         [Termination Attempts: Min: 1, Avg: 1.0, Max: 1, Diff: 0, Sum: 6]
      [GC Worker Other (ms): Min: 0.0, Avg: 0.0, Max: 0.0, Diff: 0.0, Sum: 0.1]
      [GC Worker Total (ms): Min: 13.9, Avg: 14.0, Max: 14.0, Diff: 0.1, Sum: 83.8]
      [GC Worker End (ms): Min: 257948459.2, Avg: 257948459.2, Max: 257948459.2, Diff: 0.0]
   [Code Root Fixup: 0.0 ms]
   [Code Root Purge: 0.0 ms]
   [Clear CT: 0.9 ms]
   [Other: 8.5 ms]
      [Choose CSet: 0.0 ms]
      [Ref Proc: 8.1 ms]
      [Ref Enq: 0.1 ms]
      [Redirty Cards: 0.1 ms]
      [Humongous Register: 0.0 ms]
      [Humongous Reclaim: 0.0 ms]
      [Free CSet: 0.2 ms]
   [Eden: 7152.0M(7152.0M)->0.0B(7136.0M) Survivors: 16384.0K->32768.0K Heap: 10842.3M(14336.0M)->3751.2M(14336.0M)]
 [Times: user=0.10 sys=0.00, real=0.02 secs] 
2022-10-02T11:16:40.493-0600: 258015.573: [GC pause (G1 Evacuation Pause) (young) (initial-mark), 0.0416393 secs]
   [Parallel Time: 26.7 ms, GC Workers: 6]
      [GC Worker Start (ms): Min: 258015574.2, Avg: 258015577.7, Max: 258015578.9, Diff: 4.7]
      [Ext Root Scanning (ms): Min: 1.5, Avg: 8.9, Max: 15.2, Diff: 13.7, Sum: 53.6]
      [Update RS (ms): Min: 0.0, Avg: 6.3, Max: 16.8, Diff: 16.8, Sum: 38.1]
         [Processed Buffers: Min: 0, Avg: 18.2, Max: 43, Diff: 43, Sum: 109]
      [Scan RS (ms): Min: 0.0, Avg: 0.0, Max: 0.1, Diff: 0.1, Sum: 0.2]
      [Code Root Scanning (ms): Min: 0.0, Avg: 0.0, Max: 0.0, Diff: 0.0, Sum: 0.0]
      [Object Copy (ms): Min: 2.5, Avg: 6.3, Max: 7.7, Diff: 5.1, Sum: 37.9]
      [Termination (ms): Min: 0.0, Avg: 0.0, Max: 0.0, Diff: 0.0, Sum: 0.0]
         [Termination Attempts: Min: 1, Avg: 1.2, Max: 2, Diff: 1, Sum: 7]
      [GC Worker Other (ms): Min: 0.0, Avg: 0.0, Max: 0.0, Diff: 0.0, Sum: 0.1]
      [GC Worker Total (ms): Min: 20.5, Avg: 21.6, Max: 25.2, Diff: 4.8, Sum: 129.9]
      [GC Worker End (ms): Min: 258015599.4, Avg: 258015599.4, Max: 258015599.4, Diff: 0.0]
   [Code Root Fixup: 0.0 ms]
   [Code Root Purge: 0.0 ms]
   [Clear CT: 0.9 ms]
   [Other: 14.1 ms]
      [Choose CSet: 0.0 ms]
      [Ref Proc: 13.7 ms]
      [Ref Enq: 0.1 ms]
      [Redirty Cards: 0.1 ms]
      [Humongous Register: 0.0 ms]
      [Humongous Reclaim: 0.0 ms]
      [Free CSet: 0.1 ms]
   [Eden: 7136.0M(7136.0M)->0.0B(7136.0M) Survivors: 32768.0K->32768.0K Heap: 10887.2M(14336.0M)->3776.5M(14336.0M)]
 [Times: user=0.11 sys=0.00, real=0.04 secs] 
2022-10-02T11:16:40.535-0600: 258015.615: [GC concurrent-root-region-scan-start]
2022-10-02T11:16:40.545-0600: 258015.625: [GC concurrent-root-region-scan-end, 0.0106112 secs]
2022-10-02T11:16:40.545-0600: 258015.625: [GC concurrent-mark-start]
2022-10-02T11:16:41.945-0600: 258017.025: [GC concurrent-mark-end, 1.3996683 secs]
2022-10-02T11:16:41.946-0600: 258017.026: [GC remark 2022-10-02T11:16:41.946-0600: 258017.026: [Finalize Marking, 0.0023609 secs] 2022-10-02T11:16:41.948-0600: 258017.028: [GC ref-proc, 0.0322763 secs] 2022-10-02T11:16:41.980-0600: 258017.060: [Unloading, 0.0272580 secs], 0.0666116 secs]
 [Times: user=0.21 sys=0.00, real=0.06 secs] 
2022-10-02T11:16:42.013-0600: 258017.092: [GC cleanup 3952M->3952M(14336M), 0.0081091 secs]
 [Times: user=0.03 sys=0.00, real=0.01 secs] 
2022-10-02T11:17:51.497-0600: 258086.577: [GC pause (G1 Evacuation Pause) (young), 0.0281506 secs]
   [Parallel Time: 12.1 ms, GC Workers: 6]
      [GC Worker Start (ms): Min: 258086577.0, Avg: 258086578.2, Max: 258086580.4, Diff: 3.4]
      [Ext Root Scanning (ms): Min: 0.0, Avg: 1.1, Max: 3.4, Diff: 3.4, Sum: 6.7]
      [Update RS (ms): Min: 3.8, Avg: 5.6, Max: 10.5, Diff: 6.7, Sum: 33.6]
         [Processed Buffers: Min: 5, Avg: 19.8, Max: 33, Diff: 28, Sum: 119]
      [Scan RS (ms): Min: 0.0, Avg: 0.0, Max: 0.1, Diff: 0.1, Sum: 0.2]
      [Code Root Scanning (ms): Min: 0.0, Avg: 0.0, Max: 0.0, Diff: 0.0, Sum: 0.0]
      [Object Copy (ms): Min: 0.0, Avg: 3.9, Max: 4.7, Diff: 4.7, Sum: 23.1]
      [Termination (ms): Min: 0.0, Avg: 0.2, Max: 0.3, Diff: 0.3, Sum: 1.4]
         [Termination Attempts: Min: 1, Avg: 8.5, Max: 14, Diff: 13, Sum: 51]
      [GC Worker Other (ms): Min: 0.0, Avg: 0.0, Max: 0.0, Diff: 0.0, Sum: 0.0]
      [GC Worker Total (ms): Min: 8.7, Avg: 10.8, Max: 12.1, Diff: 3.4, Sum: 65.0]
      [GC Worker End (ms): Min: 258086589.1, Avg: 258086589.1, Max: 258086589.1, Diff: 0.0]
   [Code Root Fixup: 0.0 ms]
   [Code Root Purge: 0.0 ms]
   [Clear CT: 0.7 ms]
   [Other: 15.3 ms]
      [Choose CSet: 0.0 ms]
      [Ref Proc: 14.9 ms]
      [Ref Enq: 0.1 ms]
      [Redirty Cards: 0.1 ms]
      [Humongous Register: 0.0 ms]
      [Humongous Reclaim: 0.0 ms]
      [Free CSet: 0.1 ms]
   [Eden: 7136.0M(7136.0M)->0.0B(5696.0M) Survivors: 32768.0K->32768.0K Heap: 10912.5M(14336.0M)->3778.7M(14336.0M)]
 [Times: user=0.10 sys=0.00, real=0.03 secs] 
2022-10-02T11:18:48.286-0600: 258143.366: [GC pause (G1 Evacuation Pause) (mixed), 0.0316877 secs]
   [Parallel Time: 18.0 ms, GC Workers: 6]
      [GC Worker Start (ms): Min: 258143366.3, Avg: 258143367.0, Max: 258143369.1, Diff: 2.9]
      [Ext Root Scanning (ms): Min: 0.0, Avg: 1.3, Max: 4.0, Diff: 4.0, Sum: 7.8]
      [Update RS (ms): Min: 3.7, Avg: 5.7, Max: 6.8, Diff: 3.1, Sum: 34.1]
         [Processed Buffers: Min: 12, Avg: 20.8, Max: 33, Diff: 21, Sum: 125]
      [Scan RS (ms): Min: 1.7, Avg: 2.1, Max: 2.2, Diff: 0.5, Sum: 12.4]
      [Code Root Scanning (ms): Min: 0.0, Avg: 0.0, Max: 0.1, Diff: 0.1, Sum: 0.1]
      [Object Copy (ms): Min: 7.8, Avg: 8.0, Max: 8.1, Diff: 0.3, Sum: 47.9]
      [Termination (ms): Min: 0.1, Avg: 0.2, Max: 0.2, Diff: 0.1, Sum: 0.9]
         [Termination Attempts: Min: 79, Avg: 144.0, Max: 172, Diff: 93, Sum: 864]
      [GC Worker Other (ms): Min: 0.0, Avg: 0.0, Max: 0.0, Diff: 0.0, Sum: 0.1]
      [GC Worker Total (ms): Min: 15.0, Avg: 17.2, Max: 17.9, Diff: 2.9, Sum: 103.2]
      [GC Worker End (ms): Min: 258143384.2, Avg: 258143384.2, Max: 258143384.2, Diff: 0.0]
   [Code Root Fixup: 0.0 ms]
   [Code Root Purge: 0.0 ms]
   [Clear CT: 0.8 ms]
   [Other: 12.9 ms]
      [Choose CSet: 0.0 ms]
      [Ref Proc: 12.2 ms]
      [Ref Enq: 0.1 ms]
      [Redirty Cards: 0.1 ms]
      [Humongous Register: 0.0 ms]
      [Humongous Reclaim: 0.0 ms]
      [Free CSet: 0.2 ms]
   [Eden: 5696.0M(5696.0M)->0.0B(7152.0M) Survivors: 32768.0K->16384.0K Heap: 9474.7M(14336.0M)->3680.8M(14336.0M)]
 [Times: user=0.13 sys=0.00, real=0.03 secs] 
2022-10-02T11:20:08.141-0600: 258223.221: [GC pause (G1 Evacuation Pause) (young), 0.0313758 secs]
   [Parallel Time: 18.6 ms, GC Workers: 6]
      [GC Worker Start (ms): Min: 258223220.7, Avg: 258223225.2, Max: 258223228.7, Diff: 8.0]
      [Ext Root Scanning (ms): Min: 0.0, Avg: 1.0, Max: 2.9, Diff: 2.9, Sum: 5.9]
      [Update RS (ms): Min: 7.2, Avg: 10.4, Max: 15.5, Diff: 8.3, Sum: 62.2]
         [Processed Buffers: Min: 26, Avg: 39.8, Max: 74, Diff: 48, Sum: 239]
      [Scan RS (ms): Min: 0.0, Avg: 0.0, Max: 0.1, Diff: 0.1, Sum: 0.2]
      [Code Root Scanning (ms): Min: 0.0, Avg: 0.0, Max: 0.0, Diff: 0.0, Sum: 0.0]
      [Object Copy (ms): Min: 0.0, Avg: 2.0, Max: 2.6, Diff: 2.6, Sum: 11.9]
      [Termination (ms): Min: 0.0, Avg: 0.7, Max: 0.9, Diff: 0.9, Sum: 4.0]
         [Termination Attempts: Min: 1, Avg: 1.0, Max: 1, Diff: 0, Sum: 6]
      [GC Worker Other (ms): Min: 0.0, Avg: 0.0, Max: 0.0, Diff: 0.0, Sum: 0.0]
      [GC Worker Total (ms): Min: 10.4, Avg: 14.0, Max: 18.5, Diff: 8.0, Sum: 84.2]
      [GC Worker End (ms): Min: 258223239.2, Avg: 258223239.2, Max: 258223239.3, Diff: 0.1]
   [Code Root Fixup: 0.0 ms]
   [Code Root Purge: 0.0 ms]
   [Clear CT: 0.8 ms]
   [Other: 12.0 ms]
      [Choose CSet: 0.0 ms]
      [Ref Proc: 11.6 ms]
      [Ref Enq: 0.1 ms]
      [Redirty Cards: 0.1 ms]
      [Humongous Register: 0.0 ms]
      [Humongous Reclaim: 0.0 ms]
      [Free CSet: 0.1 ms]
   [Eden: 7152.0M(7152.0M)->0.0B(7152.0M) Survivors: 16384.0K->16384.0K Heap: 10832.8M(14336.0M)->3696.4M(14336.0M)]
 [Times: user=0.10 sys=0.00, real=0.03 secs] 
2022-10-02T11:21:37.501-0600: 258312.581: [GC pause (G1 Evacuation Pause) (young) (initial-mark), 0.0303885 secs]
   [Parallel Time: 15.6 ms, GC Workers: 6]
      [GC Worker Start (ms): Min: 258312582.1, Avg: 258312584.0, Max: 258312585.2, Diff: 3.1]
      [Ext Root Scanning (ms): Min: 2.0, Avg: 6.8, Max: 12.0, Diff: 10.0, Sum: 40.6]
      [Update RS (ms): Min: 0.0, Avg: 2.2, Max: 4.7, Diff: 4.7, Sum: 13.3]
         [Processed Buffers: Min: 0, Avg: 10.2, Max: 28, Diff: 28, Sum: 61]
      [Scan RS (ms): Min: 0.0, Avg: 0.0, Max: 0.1, Diff: 0.1, Sum: 0.2]
      [Code Root Scanning (ms): Min: 0.0, Avg: 0.0, Max: 0.0, Diff: 0.0, Sum: 0.0]
      [Object Copy (ms): Min: 0.0, Avg: 1.9, Max: 2.9, Diff: 2.9, Sum: 11.7]
      [Termination (ms): Min: 0.0, Avg: 1.4, Max: 1.7, Diff: 1.7, Sum: 8.5]
         [Termination Attempts: Min: 1, Avg: 1.5, Max: 3, Diff: 2, Sum: 9]
      [GC Worker Other (ms): Min: 0.0, Avg: 0.0, Max: 0.0, Diff: 0.0, Sum: 0.0]
      [GC Worker Total (ms): Min: 11.2, Avg: 12.4, Max: 14.3, Diff: 3.1, Sum: 74.3]
      [GC Worker End (ms): Min: 258312596.4, Avg: 258312596.4, Max: 258312596.4, Diff: 0.0]
   [Code Root Fixup: 0.0 ms]
   [Code Root Purge: 0.0 ms]
   [Clear CT: 0.6 ms]
   [Other: 14.2 ms]
      [Choose CSet: 0.0 ms]
      [Ref Proc: 13.8 ms]
      [Ref Enq: 0.1 ms]
      [Redirty Cards: 0.1 ms]
      [Humongous Register: 0.0 ms]
      [Humongous Reclaim: 0.0 ms]
      [Free CSet: 0.1 ms]
   [Eden: 7152.0M(7152.0M)->0.0B(7152.0M) Survivors: 16384.0K->16384.0K Heap: 10848.4M(14336.0M)->3699.6M(14336.0M)]
 [Times: user=0.09 sys=0.00, real=0.03 secs] 
2022-10-02T11:21:37.531-0600: 258312.611: [GC concurrent-root-region-scan-start]
2022-10-02T11:21:37.540-0600: 258312.620: [GC concurrent-root-region-scan-end, 0.0084533 secs]
2022-10-02T11:21:37.540-0600: 258312.620: [GC concurrent-mark-start]
2022-10-02T11:21:38.922-0600: 258314.002: [GC concurrent-mark-end, 1.3824007 secs]
2022-10-02T11:21:38.922-0600: 258314.002: [GC remark 2022-10-02T11:21:38.922-0600: 258314.002: [Finalize Marking, 0.0018652 secs] 2022-10-02T11:21:38.924-0600: 258314.004: [GC ref-proc, 0.0212379 secs] 2022-10-02T11:21:38.946-0600: 258314.025: [Unloading, 0.0268020 secs], 0.0546991 secs]
 [Times: user=0.22 sys=0.00, real=0.06 secs] 
2022-10-02T11:21:38.977-0600: 258314.057: [GC cleanup 3803M->3803M(14336M), 0.0088357 secs]
 [Times: user=0.02 sys=0.00, real=0.01 secs] 
2022-10-02T11:23:05.737-0600: 258400.817: [GC pause (G1 Evacuation Pause) (young), 0.0186441 secs]
   [Parallel Time: 8.4 ms, GC Workers: 6]
      [GC Worker Start (ms): Min: 258400817.4, Avg: 258400817.7, Max: 258400818.6, Diff: 1.2]
      [Ext Root Scanning (ms): Min: 0.0, Avg: 1.1, Max: 3.0, Diff: 3.0, Sum: 6.8]
      [Update RS (ms): Min: 1.3, Avg: 3.4, Max: 6.9, Diff: 5.6, Sum: 20.6]
         [Processed Buffers: Min: 4, Avg: 11.2, Max: 21, Diff: 17, Sum: 67]
      [Scan RS (ms): Min: 0.0, Avg: 0.0, Max: 0.1, Diff: 0.1, Sum: 0.2]
      [Code Root Scanning (ms): Min: 0.0, Avg: 0.0, Max: 0.0, Diff: 0.0, Sum: 0.0]
      [Object Copy (ms): Min: 0.0, Avg: 2.6, Max: 5.0, Diff: 5.0, Sum: 15.8]
      [Termination (ms): Min: 0.0, Avg: 0.7, Max: 0.9, Diff: 0.9, Sum: 4.0]
         [Termination Attempts: Min: 1, Avg: 25.7, Max: 47, Diff: 46, Sum: 154]
      [GC Worker Other (ms): Min: 0.0, Avg: 0.0, Max: 0.0, Diff: 0.0, Sum: 0.0]
      [GC Worker Total (ms): Min: 7.0, Avg: 7.9, Max: 8.3, Diff: 1.3, Sum: 47.5]
      [GC Worker End (ms): Min: 258400825.6, Avg: 258400825.6, Max: 258400825.7, Diff: 0.1]
   [Code Root Fixup: 0.0 ms]
   [Code Root Purge: 0.0 ms]
   [Clear CT: 0.7 ms]
   [Other: 9.5 ms]
      [Choose CSet: 0.0 ms]
      [Ref Proc: 9.2 ms]
      [Ref Enq: 0.1 ms]
      [Redirty Cards: 0.0 ms]
      [Humongous Register: 0.0 ms]
      [Humongous Reclaim: 0.0 ms]
      [Free CSet: 0.1 ms]
   [Eden: 7152.0M(7152.0M)->0.0B(5712.0M) Survivors: 16384.0K->16384.0K Heap: 10851.6M(14336.0M)->3702.2M(14336.0M)]
 [Times: user=0.07 sys=0.00, real=0.02 secs] 
2022-10-02T11:24:19.137-0600: 258474.217: [GC pause (G1 Evacuation Pause) (mixed), 0.0413188 secs]
   [Parallel Time: 28.5 ms, GC Workers: 6]
      [GC Worker Start (ms): Min: 258474216.7, Avg: 258474224.7, Max: 258474232.5, Diff: 15.7]
      [Ext Root Scanning (ms): Min: 0.0, Avg: 2.5, Max: 12.6, Diff: 12.6, Sum: 14.9]
      [Update RS (ms): Min: 0.0, Avg: 2.1, Max: 6.3, Diff: 6.3, Sum: 12.3]
         [Processed Buffers: Min: 0, Avg: 9.5, Max: 32, Diff: 32, Sum: 57]
      [Scan RS (ms): Min: 0.1, Avg: 4.0, Max: 9.7, Diff: 9.6, Sum: 23.7]
      [Code Root Scanning (ms): Min: 0.0, Avg: 0.1, Max: 0.4, Diff: 0.4, Sum: 0.4]
      [Object Copy (ms): Min: 6.9, Avg: 11.7, Max: 12.9, Diff: 6.0, Sum: 70.2]
      [Termination (ms): Min: 0.0, Avg: 0.0, Max: 0.0, Diff: 0.0, Sum: 0.1]
         [Termination Attempts: Min: 1, Avg: 33.7, Max: 47, Diff: 46, Sum: 202]
      [GC Worker Other (ms): Min: 0.0, Avg: 0.0, Max: 0.0, Diff: 0.0, Sum: 0.1]
      [GC Worker Total (ms): Min: 12.5, Avg: 20.3, Max: 28.3, Diff: 15.8, Sum: 121.9]
      [GC Worker End (ms): Min: 258474245.0, Avg: 258474245.0, Max: 258474245.0, Diff: 0.0]
   [Code Root Fixup: 0.0 ms]
   [Code Root Purge: 0.0 ms]
   [Clear CT: 1.0 ms]
   [Other: 11.8 ms]
      [Choose CSet: 0.0 ms]
      [Ref Proc: 11.2 ms]
      [Ref Enq: 0.1 ms]
      [Redirty Cards: 0.2 ms]
      [Humongous Register: 0.0 ms]
      [Humongous Reclaim: 0.0 ms]
      [Free CSet: 0.1 ms]
   [Eden: 5712.0M(5712.0M)->0.0B(7152.0M) Survivors: 16384.0K->16384.0K Heap: 9414.2M(14336.0M)->3663.0M(14336.0M)]
 [Times: user=0.13 sys=0.00, real=0.04 secs] 
2022-10-02T11:25:51.088-0600: 258566.168: [GC pause (G1 Evacuation Pause) (young), 0.0242835 secs]
   [Parallel Time: 14.3 ms, GC Workers: 6]
      [GC Worker Start (ms): Min: 258566168.2, Avg: 258566170.7, Max: 258566175.5, Diff: 7.3]
      [Ext Root Scanning (ms): Min: 0.0, Avg: 1.2, Max: 3.5, Diff: 3.5, Sum: 7.4]
      [Update RS (ms): Min: 5.2, Avg: 8.8, Max: 11.2, Diff: 6.1, Sum: 52.7]
         [Processed Buffers: Min: 21, Avg: 34.0, Max: 44, Diff: 23, Sum: 204]
      [Scan RS (ms): Min: 0.0, Avg: 0.1, Max: 0.2, Diff: 0.2, Sum: 0.4]
      [Code Root Scanning (ms): Min: 0.0, Avg: 0.0, Max: 0.0, Diff: 0.0, Sum: 0.0]
      [Object Copy (ms): Min: 1.5, Avg: 1.7, Max: 1.9, Diff: 0.3, Sum: 9.9]
      [Termination (ms): Min: 0.0, Avg: 0.0, Max: 0.0, Diff: 0.0, Sum: 0.0]
         [Termination Attempts: Min: 1, Avg: 1.0, Max: 1, Diff: 0, Sum: 6]
      [GC Worker Other (ms): Min: 0.0, Avg: 0.0, Max: 0.0, Diff: 0.0, Sum: 0.1]
      [GC Worker Total (ms): Min: 7.0, Avg: 11.8, Max: 14.3, Diff: 7.3, Sum: 70.5]
      [GC Worker End (ms): Min: 258566182.4, Avg: 258566182.4, Max: 258566182.5, Diff: 0.0]
   [Code Root Fixup: 0.0 ms]
   [Code Root Purge: 0.0 ms]
   [Clear CT: 1.0 ms]
   [Other: 9.0 ms]
      [Choose CSet: 0.0 ms]
      [Ref Proc: 8.6 ms]
      [Ref Enq: 0.1 ms]
      [Redirty Cards: 0.1 ms]
      [Humongous Register: 0.0 ms]
      [Humongous Reclaim: 0.0 ms]
      [Free CSet: 0.1 ms]
   [Eden: 7152.0M(7152.0M)->0.0B(7152.0M) Survivors: 16384.0K->16384.0K Heap: 10815.0M(14336.0M)->3696.2M(14336.0M)]
 [Times: user=0.09 sys=0.00, real=0.02 secs] 
2022-10-02T11:27:23.057-0600: 258658.137: [GC pause (G1 Evacuation Pause) (young) (initial-mark), 0.0229109 secs]
   [Parallel Time: 11.7 ms, GC Workers: 6]
      [GC Worker Start (ms): Min: 258658137.9, Avg: 258658140.4, Max: 258658141.6, Diff: 3.7]
      [Ext Root Scanning (ms): Min: 2.4, Avg: 3.9, Max: 6.0, Diff: 3.6, Sum: 23.2]
      [Update RS (ms): Min: 0.3, Avg: 2.1, Max: 2.6, Diff: 2.3, Sum: 12.4]
         [Processed Buffers: Min: 2, Avg: 8.7, Max: 16, Diff: 14, Sum: 52]
      [Scan RS (ms): Min: 0.0, Avg: 0.0, Max: 0.1, Diff: 0.1, Sum: 0.2]
      [Code Root Scanning (ms): Min: 0.0, Avg: 0.0, Max: 0.0, Diff: 0.0, Sum: 0.0]
      [Object Copy (ms): Min: 1.6, Avg: 1.9, Max: 2.1, Diff: 0.5, Sum: 11.3]
      [Termination (ms): Min: 0.0, Avg: 0.0, Max: 0.0, Diff: 0.0, Sum: 0.0]
         [Termination Attempts: Min: 1, Avg: 1.0, Max: 1, Diff: 0, Sum: 6]
      [GC Worker Other (ms): Min: 0.0, Avg: 0.0, Max: 0.0, Diff: 0.0, Sum: 0.1]
      [GC Worker Total (ms): Min: 6.7, Avg: 7.9, Max: 10.4, Diff: 3.7, Sum: 47.2]
      [GC Worker End (ms): Min: 258658148.3, Avg: 258658148.3, Max: 258658148.3, Diff: 0.0]
   [Code Root Fixup: 0.0 ms]
   [Code Root Purge: 0.0 ms]
   [Clear CT: 0.9 ms]
   [Other: 10.3 ms]
      [Choose CSet: 0.0 ms]
      [Ref Proc: 9.9 ms]
      [Ref Enq: 0.1 ms]
      [Redirty Cards: 0.1 ms]
      [Humongous Register: 0.0 ms]
      [Humongous Reclaim: 0.0 ms]
      [Free CSet: 0.1 ms]
   [Eden: 7152.0M(7152.0M)->0.0B(7152.0M) Survivors: 16384.0K->16384.0K Heap: 10848.2M(14336.0M)->3706.1M(14336.0M)]
 [Times: user=0.08 sys=0.00, real=0.02 secs] 
2022-10-02T11:27:23.080-0600: 258658.160: [GC concurrent-root-region-scan-start]
2022-10-02T11:27:23.086-0600: 258658.166: [GC concurrent-root-region-scan-end, 0.0064935 secs]
2022-10-02T11:27:23.086-0600: 258658.166: [GC concurrent-mark-start]
2022-10-02T11:27:24.474-0600: 258659.554: [GC concurrent-mark-end, 1.3879554 secs]
2022-10-02T11:27:24.474-0600: 258659.554: [GC remark 2022-10-02T11:27:24.474-0600: 258659.554: [Finalize Marking, 0.0022854 secs] 2022-10-02T11:27:24.477-0600: 258659.556: [GC ref-proc, 0.0271938 secs] 2022-10-02T11:27:24.504-0600: 258659.584: [Unloading, 0.0278419 secs], 0.0622518 secs]
 [Times: user=0.25 sys=0.00, real=0.06 secs] 
2022-10-02T11:27:24.537-0600: 258659.617: [GC cleanup 3850M->3850M(14336M), 0.0081393 secs]
 [Times: user=0.02 sys=0.00, real=0.01 secs] 
2022-10-02T11:28:55.139-0600: 258750.219: [GC pause (G1 Evacuation Pause) (young), 0.0337872 secs]
   [Parallel Time: 9.0 ms, GC Workers: 6]
      [GC Worker Start (ms): Min: 258750218.8, Avg: 258750221.9, Max: 258750227.8, Diff: 9.0]
      [Ext Root Scanning (ms): Min: 0.0, Avg: 1.2, Max: 3.2, Diff: 3.2, Sum: 7.2]
      [Update RS (ms): Min: 0.0, Avg: 2.0, Max: 3.5, Diff: 3.5, Sum: 11.9]
         [Processed Buffers: Min: 0, Avg: 8.8, Max: 17, Diff: 17, Sum: 53]
      [Scan RS (ms): Min: 0.0, Avg: 0.0, Max: 0.1, Diff: 0.1, Sum: 0.2]
      [Code Root Scanning (ms): Min: 0.0, Avg: 0.0, Max: 0.0, Diff: 0.0, Sum: 0.0]
      [Object Copy (ms): Min: 0.0, Avg: 1.8, Max: 2.8, Diff: 2.8, Sum: 10.9]
      [Termination (ms): Min: 0.0, Avg: 0.9, Max: 1.2, Diff: 1.2, Sum: 5.4]
         [Termination Attempts: Min: 1, Avg: 2.2, Max: 4, Diff: 3, Sum: 13]
      [GC Worker Other (ms): Min: 0.0, Avg: 0.0, Max: 0.0, Diff: 0.0, Sum: 0.0]
      [GC Worker Total (ms): Min: 0.0, Avg: 5.9, Max: 9.0, Diff: 9.0, Sum: 35.7]
      [GC Worker End (ms): Min: 258750227.8, Avg: 258750227.8, Max: 258750227.8, Diff: 0.0]
   [Code Root Fixup: 0.0 ms]
   [Code Root Purge: 0.0 ms]
   [Clear CT: 0.9 ms]
   [Other: 23.8 ms]
      [Choose CSet: 0.0 ms]
      [Ref Proc: 23.4 ms]
      [Ref Enq: 0.1 ms]
      [Redirty Cards: 0.1 ms]
      [Humongous Register: 0.0 ms]
      [Humongous Reclaim: 0.0 ms]
      [Free CSet: 0.1 ms]
   [Eden: 7152.0M(7152.0M)->0.0B(5712.0M) Survivors: 16384.0K->16384.0K Heap: 10858.1M(14336.0M)->3708.1M(14336.0M)]
 [Times: user=0.11 sys=0.00, real=0.03 secs] 
2022-10-02T11:30:09.788-0600: 258824.868: [GC pause (G1 Evacuation Pause) (mixed), 0.0289952 secs]
   [Parallel Time: 15.4 ms, GC Workers: 6]
      [GC Worker Start (ms): Min: 258824868.1, Avg: 258824874.0, Max: 258824880.7, Diff: 12.6]
      [Ext Root Scanning (ms): Min: 0.0, Avg: 1.0, Max: 3.4, Diff: 3.4, Sum: 6.2]
      [Update RS (ms): Min: 0.0, Avg: 1.5, Max: 3.5, Diff: 3.5, Sum: 9.3]
         [Processed Buffers: Min: 0, Avg: 8.7, Max: 22, Diff: 22, Sum: 52]
      [Scan RS (ms): Min: 0.1, Avg: 0.7, Max: 1.4, Diff: 1.3, Sum: 4.5]
      [Code Root Scanning (ms): Min: 0.0, Avg: 0.8, Max: 4.6, Diff: 4.6, Sum: 4.6]
      [Object Copy (ms): Min: 2.4, Avg: 5.4, Max: 7.3, Diff: 4.8, Sum: 32.3]
      [Termination (ms): Min: 0.0, Avg: 0.0, Max: 0.0, Diff: 0.0, Sum: 0.1]
         [Termination Attempts: Min: 1, Avg: 44.7, Max: 72, Diff: 71, Sum: 268]
      [GC Worker Other (ms): Min: 0.0, Avg: 0.0, Max: 0.0, Diff: 0.0, Sum: 0.1]
      [GC Worker Total (ms): Min: 2.8, Avg: 9.5, Max: 15.4, Diff: 12.6, Sum: 57.1]
      [GC Worker End (ms): Min: 258824883.5, Avg: 258824883.5, Max: 258824883.5, Diff: 0.0]
   [Code Root Fixup: 0.0 ms]
   [Code Root Purge: 0.0 ms]
   [Clear CT: 0.9 ms]
   [Other: 12.7 ms]
      [Choose CSet: 0.0 ms]
      [Ref Proc: 12.3 ms]
      [Ref Enq: 0.1 ms]
      [Redirty Cards: 0.1 ms]
      [Humongous Register: 0.0 ms]
      [Humongous Reclaim: 0.0 ms]
      [Free CSet: 0.1 ms]
   [Eden: 5712.0M(5712.0M)->0.0B(7152.0M) Survivors: 16384.0K->16384.0K Heap: 9420.1M(14336.0M)->3655.8M(14336.0M)]
 [Times: user=0.07 sys=0.01, real=0.03 secs] 
2022-10-02T11:31:41.987-0600: 258917.066: [GC pause (G1 Evacuation Pause) (young), 0.0179168 secs]
   [Parallel Time: 8.5 ms, GC Workers: 6]
      [GC Worker Start (ms): Min: 258917066.5, Avg: 258917067.6, Max: 258917068.7, Diff: 2.2]
      [Ext Root Scanning (ms): Min: 0.0, Avg: 1.1, Max: 3.1, Diff: 3.1, Sum: 6.6]
      [Update RS (ms): Min: 3.8, Avg: 4.6, Max: 4.8, Diff: 1.1, Sum: 27.4]
         [Processed Buffers: Min: 16, Avg: 19.8, Max: 24, Diff: 8, Sum: 119]
      [Scan RS (ms): Min: 0.0, Avg: 0.0, Max: 0.1, Diff: 0.1, Sum: 0.2]
      [Code Root Scanning (ms): Min: 0.0, Avg: 0.0, Max: 0.0, Diff: 0.0, Sum: 0.0]
      [Object Copy (ms): Min: 1.6, Avg: 1.7, Max: 1.8, Diff: 0.2, Sum: 10.1]
      [Termination (ms): Min: 0.0, Avg: 0.0, Max: 0.0, Diff: 0.0, Sum: 0.0]
         [Termination Attempts: Min: 1, Avg: 1.5, Max: 3, Diff: 2, Sum: 9]
      [GC Worker Other (ms): Min: 0.0, Avg: 0.0, Max: 0.0, Diff: 0.0, Sum: 0.1]
      [GC Worker Total (ms): Min: 6.3, Avg: 7.4, Max: 8.4, Diff: 2.2, Sum: 44.4]
      [GC Worker End (ms): Min: 258917075.0, Avg: 258917075.0, Max: 258917075.0, Diff: 0.0]
   [Code Root Fixup: 0.0 ms]
   [Code Root Purge: 0.0 ms]
   [Clear CT: 1.0 ms]
   [Other: 8.5 ms]
      [Choose CSet: 0.0 ms]
      [Ref Proc: 8.0 ms]
      [Ref Enq: 0.1 ms]
      [Redirty Cards: 0.1 ms]
      [Humongous Register: 0.0 ms]
      [Humongous Reclaim: 0.0 ms]
      [Free CSet: 0.2 ms]
   [Eden: 7152.0M(7152.0M)->0.0B(7152.0M) Survivors: 16384.0K->16384.0K Heap: 10807.8M(14336.0M)->3661.9M(14336.0M)]
 [Times: user=0.07 sys=0.00, real=0.01 secs] 
2022-10-02T11:33:11.586-0600: 259006.665: [GC pause (G1 Evacuation Pause) (young) (initial-mark), 0.0314760 secs]
   [Parallel Time: 16.5 ms, GC Workers: 6]
      [GC Worker Start (ms): Min: 259006666.8, Avg: 259006669.8, Max: 259006670.9, Diff: 4.1]
      [Ext Root Scanning (ms): Min: 2.1, Avg: 6.3, Max: 10.7, Diff: 8.7, Sum: 37.6]
      [Update RS (ms): Min: 0.0, Avg: 1.9, Max: 4.2, Diff: 4.2, Sum: 11.3]
         [Processed Buffers: Min: 0, Avg: 9.0, Max: 24, Diff: 24, Sum: 54]
      [Scan RS (ms): Min: 0.0, Avg: 0.0, Max: 0.1, Diff: 0.1, Sum: 0.2]
      [Code Root Scanning (ms): Min: 0.0, Avg: 0.0, Max: 0.0, Diff: 0.0, Sum: 0.0]
      [Object Copy (ms): Min: 0.0, Avg: 2.3, Max: 3.0, Diff: 3.0, Sum: 13.7]
      [Termination (ms): Min: 0.0, Avg: 1.4, Max: 1.7, Diff: 1.7, Sum: 8.6]
         [Termination Attempts: Min: 1, Avg: 1.2, Max: 2, Diff: 1, Sum: 7]
      [GC Worker Other (ms): Min: 0.0, Avg: 0.0, Max: 0.0, Diff: 0.0, Sum: 0.0]
      [GC Worker Total (ms): Min: 10.8, Avg: 11.9, Max: 15.0, Diff: 4.2, Sum: 71.5]
      [GC Worker End (ms): Min: 259006681.7, Avg: 259006681.8, Max: 259006681.8, Diff: 0.1]
   [Code Root Fixup: 0.0 ms]
   [Code Root Purge: 0.0 ms]
   [Clear CT: 0.7 ms]
   [Other: 14.3 ms]
      [Choose CSet: 0.0 ms]
      [Ref Proc: 13.9 ms]
      [Ref Enq: 0.1 ms]
      [Redirty Cards: 0.1 ms]
      [Humongous Register: 0.0 ms]
      [Humongous Reclaim: 0.0 ms]
      [Free CSet: 0.1 ms]
   [Eden: 7152.0M(7152.0M)->0.0B(7152.0M) Survivors: 16384.0K->16384.0K Heap: 10813.9M(14336.0M)->3665.0M(14336.0M)]
 [Times: user=0.08 sys=0.00, real=0.03 secs] 
2022-10-02T11:33:11.617-0600: 259006.697: [GC concurrent-root-region-scan-start]
2022-10-02T11:33:11.628-0600: 259006.708: [GC concurrent-root-region-scan-end, 0.0109360 secs]
2022-10-02T11:33:11.628-0600: 259006.708: [GC concurrent-mark-start]
2022-10-02T11:33:13.000-0600: 259008.080: [GC concurrent-mark-end, 1.3716012 secs]
2022-10-02T11:33:13.000-0600: 259008.080: [GC remark 2022-10-02T11:33:13.000-0600: 259008.080: [Finalize Marking, 0.0011710 secs] 2022-10-02T11:33:13.001-0600: 259008.081: [GC ref-proc, 0.0270785 secs] 2022-10-02T11:33:13.028-0600: 259008.108: [Unloading, 0.0293440 secs], 0.0637735 secs]
 [Times: user=0.23 sys=0.00, real=0.06 secs] 
2022-10-02T11:33:13.064-0600: 259008.144: [GC cleanup 3776M->3776M(14336M), 0.0133339 secs]
 [Times: user=0.03 sys=0.00, real=0.02 secs] 
2022-10-02T11:34:42.638-0600: 259097.717: [GC pause (G1 Evacuation Pause) (young), 0.0195482 secs]
   [Parallel Time: 8.1 ms, GC Workers: 6]
      [GC Worker Start (ms): Min: 259097717.5, Avg: 259097719.6, Max: 259097720.7, Diff: 3.3]
      [Ext Root Scanning (ms): Min: 0.1, Avg: 1.8, Max: 7.0, Diff: 6.9, Sum: 10.8]
      [Update RS (ms): Min: 0.0, Avg: 2.1, Max: 2.6, Diff: 2.6, Sum: 12.6]
         [Processed Buffers: Min: 0, Avg: 9.8, Max: 19, Diff: 19, Sum: 59]
      [Scan RS (ms): Min: 0.0, Avg: 0.0, Max: 0.1, Diff: 0.1, Sum: 0.2]
      [Code Root Scanning (ms): Min: 0.0, Avg: 0.0, Max: 0.0, Diff: 0.0, Sum: 0.0]
      [Object Copy (ms): Min: 1.1, Avg: 2.0, Max: 2.2, Diff: 1.1, Sum: 11.8]
      [Termination (ms): Min: 0.0, Avg: 0.0, Max: 0.0, Diff: 0.0, Sum: 0.1]
         [Termination Attempts: Min: 5, Avg: 7.7, Max: 10, Diff: 5, Sum: 46]
      [GC Worker Other (ms): Min: 0.0, Avg: 0.0, Max: 0.0, Diff: 0.0, Sum: 0.0]
      [GC Worker Total (ms): Min: 4.8, Avg: 5.9, Max: 8.1, Diff: 3.3, Sum: 35.5]
      [GC Worker End (ms): Min: 259097725.6, Avg: 259097725.6, Max: 259097725.6, Diff: 0.0]
   [Code Root Fixup: 0.0 ms]
   [Code Root Purge: 0.0 ms]
   [Clear CT: 0.8 ms]
   [Other: 10.6 ms]
      [Choose CSet: 0.0 ms]
      [Ref Proc: 10.2 ms]
      [Ref Enq: 0.1 ms]
      [Redirty Cards: 0.1 ms]
      [Humongous Register: 0.0 ms]
      [Humongous Reclaim: 0.0 ms]
      [Free CSet: 0.1 ms]
   [Eden: 7152.0M(7152.0M)->0.0B(5712.0M) Survivors: 16384.0K->16384.0K Heap: 10817.0M(14336.0M)->3670.3M(14336.0M)]
 [Times: user=0.07 sys=0.00, real=0.02 secs] 
2022-10-02T11:35:56.540-0600: 259171.620: [GC pause (G1 Evacuation Pause) (mixed), 0.0311014 secs]
   [Parallel Time: 13.8 ms, GC Workers: 6]
      [GC Worker Start (ms): Min: 259171620.3, Avg: 259171623.8, Max: 259171632.2, Diff: 11.9]
      [Ext Root Scanning (ms): Min: 0.0, Avg: 1.1, Max: 3.1, Diff: 3.1, Sum: 6.4]
      [Update RS (ms): Min: 0.0, Avg: 3.4, Max: 12.0, Diff: 12.0, Sum: 20.3]
         [Processed Buffers: Min: 0, Avg: 11.0, Max: 19, Diff: 19, Sum: 66]
      [Scan RS (ms): Min: 0.0, Avg: 0.7, Max: 1.2, Diff: 1.2, Sum: 4.3]
      [Code Root Scanning (ms): Min: 0.0, Avg: 0.1, Max: 0.3, Diff: 0.3, Sum: 0.3]
      [Object Copy (ms): Min: 0.0, Avg: 3.3, Max: 5.0, Diff: 5.0, Sum: 19.6]
      [Termination (ms): Min: 0.0, Avg: 1.9, Max: 2.5, Diff: 2.5, Sum: 11.3]
         [Termination Attempts: Min: 1, Avg: 12.2, Max: 24, Diff: 23, Sum: 73]
      [GC Worker Other (ms): Min: 0.0, Avg: 0.0, Max: 0.0, Diff: 0.0, Sum: 0.1]
      [GC Worker Total (ms): Min: 1.9, Avg: 10.4, Max: 13.8, Diff: 11.9, Sum: 62.2]
      [GC Worker End (ms): Min: 259171634.2, Avg: 259171634.2, Max: 259171634.2, Diff: 0.0]
   [Code Root Fixup: 0.0 ms]
   [Code Root Purge: 0.0 ms]
   [Clear CT: 0.8 ms]
   [Other: 16.5 ms]
      [Choose CSet: 0.0 ms]
      [Ref Proc: 16.1 ms]
      [Ref Enq: 0.1 ms]
      [Redirty Cards: 0.1 ms]
      [Humongous Register: 0.0 ms]
      [Humongous Reclaim: 0.0 ms]
      [Free CSet: 0.1 ms]
   [Eden: 5712.0M(5712.0M)->0.0B(7152.0M) Survivors: 16384.0K->16384.0K Heap: 9382.3M(14336.0M)->3658.2M(14336.0M)]
 [Times: user=0.10 sys=0.00, real=0.03 secs] 
2022-10-02T11:37:10.886-0600: 259245.965: [GC pause (G1 Evacuation Pause) (young), 0.0225819 secs]
   [Parallel Time: 12.8 ms, GC Workers: 6]
      [GC Worker Start (ms): Min: 259245965.5, Avg: 259245967.3, Max: 259245972.7, Diff: 7.2]
      [Ext Root Scanning (ms): Min: 0.0, Avg: 2.5, Max: 6.4, Diff: 6.3, Sum: 14.9]
      [Update RS (ms): Min: 3.1, Avg: 6.2, Max: 8.8, Diff: 5.7, Sum: 37.2]
         [Processed Buffers: Min: 13, Avg: 24.0, Max: 34, Diff: 21, Sum: 144]
      [Scan RS (ms): Min: 0.0, Avg: 0.0, Max: 0.1, Diff: 0.1, Sum: 0.2]
      [Code Root Scanning (ms): Min: 0.0, Avg: 0.0, Max: 0.0, Diff: 0.0, Sum: 0.0]
      [Object Copy (ms): Min: 1.4, Avg: 2.3, Max: 2.6, Diff: 1.2, Sum: 13.7]
      [Termination (ms): Min: 0.0, Avg: 0.0, Max: 0.0, Diff: 0.0, Sum: 0.0]
         [Termination Attempts: Min: 1, Avg: 6.0, Max: 8, Diff: 7, Sum: 36]
      [GC Worker Other (ms): Min: 0.0, Avg: 0.0, Max: 0.0, Diff: 0.0, Sum: 0.1]
      [GC Worker Total (ms): Min: 5.6, Avg: 11.0, Max: 12.8, Diff: 7.2, Sum: 66.1]
      [GC Worker End (ms): Min: 259245978.3, Avg: 259245978.3, Max: 259245978.3, Diff: 0.0]
   [Code Root Fixup: 0.0 ms]
   [Code Root Purge: 0.0 ms]
   [Clear CT: 0.9 ms]
   [Other: 8.8 ms]
      [Choose CSet: 0.0 ms]
      [Ref Proc: 8.4 ms]
      [Ref Enq: 0.1 ms]
      [Redirty Cards: 0.1 ms]
      [Humongous Register: 0.0 ms]
      [Humongous Reclaim: 0.0 ms]
      [Free CSet: 0.1 ms]
   [Eden: 7152.0M(7152.0M)->0.0B(7152.0M) Survivors: 16384.0K->16384.0K Heap: 10810.2M(14336.0M)->3666.7M(14336.0M)]
 [Times: user=0.08 sys=0.00, real=0.02 secs] 
2022-10-02T11:38:34.887-0600: 259329.967: [GC pause (GCLocker Initiated GC) (young) (initial-mark), 0.0327705 secs]
   [Parallel Time: 18.3 ms, GC Workers: 6]
      [GC Worker Start (ms): Min: 259329967.9, Avg: 259329969.8, Max: 259329971.1, Diff: 3.1]
      [Ext Root Scanning (ms): Min: 2.0, Avg: 6.9, Max: 11.1, Diff: 9.1, Sum: 41.5]
      [Update RS (ms): Min: 0.0, Avg: 2.6, Max: 4.7, Diff: 4.7, Sum: 15.4]
         [Processed Buffers: Min: 0, Avg: 10.8, Max: 21, Diff: 21, Sum: 65]
      [Scan RS (ms): Min: 0.0, Avg: 0.0, Max: 0.1, Diff: 0.1, Sum: 0.2]
      [Code Root Scanning (ms): Min: 0.0, Avg: 0.0, Max: 0.0, Diff: 0.0, Sum: 0.0]
      [Object Copy (ms): Min: 0.0, Avg: 3.3, Max: 6.8, Diff: 6.8, Sum: 20.0]
      [Termination (ms): Min: 0.0, Avg: 2.2, Max: 2.7, Diff: 2.7, Sum: 13.1]
         [Termination Attempts: Min: 1, Avg: 2.7, Max: 6, Diff: 5, Sum: 16]
      [GC Worker Other (ms): Min: 0.0, Avg: 0.0, Max: 0.0, Diff: 0.0, Sum: 0.0]
      [GC Worker Total (ms): Min: 13.6, Avg: 15.0, Max: 16.9, Diff: 3.3, Sum: 90.3]
      [GC Worker End (ms): Min: 259329984.7, Avg: 259329984.8, Max: 259329984.9, Diff: 0.2]
   [Code Root Fixup: 0.0 ms]
   [Code Root Purge: 0.0 ms]
   [Clear CT: 0.8 ms]
   [Other: 13.7 ms]
      [Choose CSet: 0.0 ms]
      [Ref Proc: 13.3 ms]
      [Ref Enq: 0.1 ms]
      [Redirty Cards: 0.1 ms]
      [Humongous Register: 0.0 ms]
      [Humongous Reclaim: 0.0 ms]
      [Free CSet: 0.1 ms]
   [Eden: 7168.0M(7152.0M)->0.0B(7152.0M) Survivors: 16384.0K->16384.0K Heap: 10822.4M(14336.0M)->3676.5M(14336.0M)]
 [Times: user=0.10 sys=0.00, real=0.03 secs] 
2022-10-02T11:38:34.920-0600: 259330.000: [GC concurrent-root-region-scan-start]
2022-10-02T11:38:34.928-0600: 259330.008: [GC concurrent-root-region-scan-end, 0.0086583 secs]
2022-10-02T11:38:34.928-0600: 259330.008: [GC concurrent-mark-start]
2022-10-02T11:38:36.410-0600: 259331.490: [GC concurrent-mark-end, 1.4820594 secs]
2022-10-02T11:38:36.411-0600: 259331.490: [GC remark 2022-10-02T11:38:36.411-0600: 259331.490: [Finalize Marking, 0.0022238 secs] 2022-10-02T11:38:36.413-0600: 259331.493: [GC ref-proc, 0.0288802 secs] 2022-10-02T11:38:36.442-0600: 259331.522: [Unloading, 0.0302298 secs], 0.0660556 secs]
 [Times: user=0.23 sys=0.00, real=0.07 secs] 
2022-10-02T11:38:36.477-0600: 259331.557: [GC cleanup 3836M->3836M(14336M), 0.0091866 secs]
 [Times: user=0.02 sys=0.00, real=0.01 secs] 
2022-10-02T11:39:57.486-0600: 259412.566: [GC pause (GCLocker Initiated GC) (young), 0.0301982 secs]
   [Parallel Time: 14.1 ms, GC Workers: 6]
      [GC Worker Start (ms): Min: 259412566.3, Avg: 259412570.1, Max: 259412576.7, Diff: 10.4]
      [Ext Root Scanning (ms): Min: 0.0, Avg: 1.2, Max: 3.4, Diff: 3.4, Sum: 7.3]
      [Update RS (ms): Min: 0.0, Avg: 4.7, Max: 10.6, Diff: 10.6, Sum: 28.0]
         [Processed Buffers: Min: 0, Avg: 13.7, Max: 20, Diff: 20, Sum: 82]
      [Scan RS (ms): Min: 0.0, Avg: 0.0, Max: 0.1, Diff: 0.1, Sum: 0.2]
      [Code Root Scanning (ms): Min: 0.0, Avg: 0.0, Max: 0.0, Diff: 0.0, Sum: 0.0]
      [Object Copy (ms): Min: 0.1, Avg: 3.7, Max: 4.9, Diff: 4.8, Sum: 22.1]
      [Termination (ms): Min: 0.0, Avg: 0.6, Max: 0.8, Diff: 0.8, Sum: 3.7]
         [Termination Attempts: Min: 1, Avg: 15.0, Max: 25, Diff: 24, Sum: 90]
      [GC Worker Other (ms): Min: 0.0, Avg: 0.0, Max: 0.0, Diff: 0.0, Sum: 0.0]
      [GC Worker Total (ms): Min: 3.6, Avg: 10.2, Max: 14.0, Diff: 10.4, Sum: 61.4]
      [GC Worker End (ms): Min: 259412580.3, Avg: 259412580.3, Max: 259412580.4, Diff: 0.0]
   [Code Root Fixup: 0.0 ms]
   [Code Root Purge: 0.0 ms]
   [Clear CT: 0.8 ms]
   [Other: 15.3 ms]
      [Choose CSet: 0.0 ms]
      [Ref Proc: 15.0 ms]
      [Ref Enq: 0.1 ms]
      [Redirty Cards: 0.1 ms]
      [Humongous Register: 0.0 ms]
      [Humongous Reclaim: 0.0 ms]
      [Free CSet: 0.1 ms]
   [Eden: 7152.0M(7152.0M)->0.0B(5712.0M) Survivors: 16384.0K->16384.0K Heap: 10828.5M(14336.0M)->3680.6M(14336.0M)]
 [Times: user=0.10 sys=0.00, real=0.03 secs] 
2022-10-02T11:41:00.533-0600: 259475.613: [GC pause (G1 Evacuation Pause) (mixed), 0.0315343 secs]
   [Parallel Time: 19.5 ms, GC Workers: 6]
      [GC Worker Start (ms): Min: 259475612.8, Avg: 259475618.2, Max: 259475624.7, Diff: 11.9]
      [Ext Root Scanning (ms): Min: 0.0, Avg: 1.0, Max: 3.5, Diff: 3.5, Sum: 6.2]
      [Update RS (ms): Min: 0.0, Avg: 4.0, Max: 8.5, Diff: 8.5, Sum: 24.2]
         [Processed Buffers: Min: 0, Avg: 15.5, Max: 41, Diff: 41, Sum: 93]
      [Scan RS (ms): Min: 0.0, Avg: 0.6, Max: 1.3, Diff: 1.3, Sum: 3.7]
      [Code Root Scanning (ms): Min: 0.0, Avg: 0.1, Max: 0.3, Diff: 0.3, Sum: 0.3]
      [Object Copy (ms): Min: 6.7, Avg: 7.7, Max: 9.0, Diff: 2.3, Sum: 46.0]
      [Termination (ms): Min: 0.0, Avg: 0.5, Max: 0.7, Diff: 0.7, Sum: 3.2]
         [Termination Attempts: Min: 1, Avg: 82.0, Max: 112, Diff: 111, Sum: 492]
      [GC Worker Other (ms): Min: 0.0, Avg: 0.0, Max: 0.0, Diff: 0.0, Sum: 0.0]
      [GC Worker Total (ms): Min: 7.4, Avg: 13.9, Max: 19.3, Diff: 11.9, Sum: 83.7]
      [GC Worker End (ms): Min: 259475632.1, Avg: 259475632.1, Max: 259475632.2, Diff: 0.0]
   [Code Root Fixup: 0.0 ms]
   [Code Root Purge: 0.0 ms]
   [Clear CT: 0.8 ms]
   [Other: 11.3 ms]
      [Choose CSet: 0.0 ms]
      [Ref Proc: 10.8 ms]
      [Ref Enq: 0.1 ms]
      [Redirty Cards: 0.1 ms]
      [Humongous Register: 0.0 ms]
      [Humongous Reclaim: 0.0 ms]
      [Free CSet: 0.1 ms]
   [Eden: 5712.0M(5712.0M)->0.0B(7152.0M) Survivors: 16384.0K->16384.0K Heap: 9392.6M(14336.0M)->3675.5M(14336.0M)]
 [Times: user=0.10 sys=0.00, real=0.02 secs] 
2022-10-02T11:42:20.493-0600: 259555.573: [GC pause (G1 Evacuation Pause) (young), 0.0262564 secs]
   [Parallel Time: 15.4 ms, GC Workers: 6]
      [GC Worker Start (ms): Min: 259555573.4, Avg: 259555576.5, Max: 259555584.7, Diff: 11.3]
      [Ext Root Scanning (ms): Min: 0.0, Avg: 1.0, Max: 2.9, Diff: 2.8, Sum: 5.9]
      [Update RS (ms): Min: 0.0, Avg: 5.7, Max: 9.5, Diff: 9.5, Sum: 34.5]
         [Processed Buffers: Min: 0, Avg: 22.8, Max: 46, Diff: 46, Sum: 137]
      [Scan RS (ms): Min: 0.0, Avg: 0.0, Max: 0.1, Diff: 0.1, Sum: 0.2]
      [Code Root Scanning (ms): Min: 0.0, Avg: 0.0, Max: 0.0, Diff: 0.0, Sum: 0.0]
      [Object Copy (ms): Min: 0.7, Avg: 2.8, Max: 6.1, Diff: 5.4, Sum: 16.7]
      [Termination (ms): Min: 0.0, Avg: 2.7, Max: 3.2, Diff: 3.2, Sum: 16.1]
         [Termination Attempts: Min: 1, Avg: 2.8, Max: 5, Diff: 4, Sum: 17]
      [GC Worker Other (ms): Min: 0.0, Avg: 0.0, Max: 0.0, Diff: 0.0, Sum: 0.0]
      [GC Worker Total (ms): Min: 4.1, Avg: 12.3, Max: 15.3, Diff: 11.2, Sum: 73.5]
      [GC Worker End (ms): Min: 259555588.7, Avg: 259555588.7, Max: 259555588.8, Diff: 0.1]
   [Code Root Fixup: 0.0 ms]
   [Code Root Purge: 0.0 ms]
   [Clear CT: 0.9 ms]
   [Other: 9.9 ms]
      [Choose CSet: 0.0 ms]
      [Ref Proc: 9.6 ms]
      [Ref Enq: 0.1 ms]
      [Redirty Cards: 0.1 ms]
      [Humongous Register: 0.0 ms]
      [Humongous Reclaim: 0.0 ms]
      [Free CSet: 0.1 ms]
   [Eden: 7152.0M(7152.0M)->0.0B(7152.0M) Survivors: 16384.0K->16384.0K Heap: 10827.5M(14336.0M)->3682.7M(14336.0M)]
 [Times: user=0.09 sys=0.00, real=0.02 secs] 
2022-10-02T11:43:45.937-0600: 259641.017: [GC pause (G1 Evacuation Pause) (young) (initial-mark), 0.0278721 secs]
   [Parallel Time: 15.1 ms, GC Workers: 6]
      [GC Worker Start (ms): Min: 259641018.1, Avg: 259641021.8, Max: 259641023.0, Diff: 4.9]
      [Ext Root Scanning (ms): Min: 2.5, Avg: 4.6, Max: 7.7, Diff: 5.1, Sum: 27.7]
      [Update RS (ms): Min: 0.0, Avg: 2.9, Max: 3.7, Diff: 3.7, Sum: 17.6]
         [Processed Buffers: Min: 0, Avg: 12.0, Max: 18, Diff: 18, Sum: 72]
      [Scan RS (ms): Min: 0.0, Avg: 0.0, Max: 0.1, Diff: 0.1, Sum: 0.2]
      [Code Root Scanning (ms): Min: 0.0, Avg: 0.0, Max: 0.0, Diff: 0.0, Sum: 0.0]
      [Object Copy (ms): Min: 1.5, Avg: 2.5, Max: 2.9, Diff: 1.4, Sum: 15.0]
      [Termination (ms): Min: 0.0, Avg: 0.0, Max: 0.0, Diff: 0.0, Sum: 0.0]
         [Termination Attempts: Min: 1, Avg: 3.5, Max: 5, Diff: 4, Sum: 21]
      [GC Worker Other (ms): Min: 0.0, Avg: 0.0, Max: 0.0, Diff: 0.0, Sum: 0.1]
      [GC Worker Total (ms): Min: 8.9, Avg: 10.1, Max: 13.8, Diff: 4.9, Sum: 60.7]
      [GC Worker End (ms): Min: 259641031.9, Avg: 259641031.9, Max: 259641031.9, Diff: 0.0]
   [Code Root Fixup: 0.0 ms]
   [Code Root Purge: 0.0 ms]
   [Clear CT: 0.9 ms]
   [Other: 11.9 ms]
      [Choose CSet: 0.0 ms]
      [Ref Proc: 11.5 ms]
      [Ref Enq: 0.1 ms]
      [Redirty Cards: 0.1 ms]
      [Humongous Register: 0.0 ms]
      [Humongous Reclaim: 0.0 ms]
      [Free CSet: 0.1 ms]
   [Eden: 7152.0M(7152.0M)->0.0B(7152.0M) Survivors: 16384.0K->16384.0K Heap: 10834.7M(14336.0M)->3685.5M(14336.0M)]
 [Times: user=0.09 sys=0.00, real=0.03 secs] 
2022-10-02T11:43:45.965-0600: 259641.045: [GC concurrent-root-region-scan-start]
2022-10-02T11:43:45.973-0600: 259641.053: [GC concurrent-root-region-scan-end, 0.0083430 secs]
2022-10-02T11:43:45.973-0600: 259641.053: [GC concurrent-mark-start]
2022-10-02T11:43:47.375-0600: 259642.455: [GC concurrent-mark-end, 1.4022176 secs]
2022-10-02T11:43:47.376-0600: 259642.456: [GC remark 2022-10-02T11:43:47.376-0600: 259642.456: [Finalize Marking, 0.0017895 secs] 2022-10-02T11:43:47.377-0600: 259642.457: [GC ref-proc, 0.0297682 secs] 2022-10-02T11:43:47.407-0600: 259642.487: [Unloading, 0.0252897 secs], 0.0658832 secs]
 [Times: user=0.22 sys=0.00, real=0.06 secs] 
2022-10-02T11:43:47.449-0600: 259642.529: [GC cleanup 3845M->3845M(14336M), 0.0089419 secs]
 [Times: user=0.02 sys=0.00, real=0.01 secs] 
2022-10-02T11:45:04.738-0600: 259719.818: [GC pause (G1 Evacuation Pause) (young), 0.0215342 secs]
   [Parallel Time: 10.9 ms, GC Workers: 6]
      [GC Worker Start (ms): Min: 259719817.9, Avg: 259719819.7, Max: 259719824.7, Diff: 6.8]
      [Ext Root Scanning (ms): Min: 0.0, Avg: 1.2, Max: 3.2, Diff: 3.2, Sum: 7.3]
      [Update RS (ms): Min: 0.0, Avg: 3.1, Max: 4.2, Diff: 4.2, Sum: 18.3]
         [Processed Buffers: Min: 0, Avg: 13.3, Max: 20, Diff: 20, Sum: 80]
      [Scan RS (ms): Min: 0.0, Avg: 0.0, Max: 0.1, Diff: 0.1, Sum: 0.2]
      [Code Root Scanning (ms): Min: 0.0, Avg: 0.0, Max: 0.0, Diff: 0.0, Sum: 0.0]
      [Object Copy (ms): Min: 2.3, Avg: 3.3, Max: 5.0, Diff: 2.7, Sum: 20.0]
      [Termination (ms): Min: 0.0, Avg: 1.5, Max: 1.8, Diff: 1.8, Sum: 8.8]
         [Termination Attempts: Min: 1, Avg: 4.3, Max: 6, Diff: 5, Sum: 26]
      [GC Worker Other (ms): Min: 0.0, Avg: 0.0, Max: 0.0, Diff: 0.0, Sum: 0.0]
      [GC Worker Total (ms): Min: 4.1, Avg: 9.1, Max: 10.8, Diff: 6.8, Sum: 54.6]
      [GC Worker End (ms): Min: 259719828.8, Avg: 259719828.8, Max: 259719828.8, Diff: 0.0]
   [Code Root Fixup: 0.0 ms]
   [Code Root Purge: 0.0 ms]
   [Clear CT: 0.9 ms]
   [Other: 9.7 ms]
      [Choose CSet: 0.0 ms]
      [Ref Proc: 9.4 ms]
      [Ref Enq: 0.1 ms]
      [Redirty Cards: 0.1 ms]
      [Humongous Register: 0.0 ms]
      [Humongous Reclaim: 0.0 ms]
      [Free CSet: 0.1 ms]
   [Eden: 7152.0M(7152.0M)->0.0B(5712.0M) Survivors: 16384.0K->16384.0K Heap: 10837.5M(14336.0M)->3688.3M(14336.0M)]
 [Times: user=0.08 sys=0.00, real=0.02 secs] 
2022-10-02T11:46:09.593-0600: 259784.673: [GC pause (G1 Evacuation Pause) (mixed), 0.0245727 secs]
   [Parallel Time: 10.6 ms, GC Workers: 6]
      [GC Worker Start (ms): Min: 259784672.8, Avg: 259784673.5, Max: 259784676.7, Diff: 3.9]
      [Ext Root Scanning (ms): Min: 0.0, Avg: 1.2, Max: 3.6, Diff: 3.6, Sum: 7.3]
      [Update RS (ms): Min: 1.0, Avg: 2.8, Max: 3.7, Diff: 2.7, Sum: 16.7]
         [Processed Buffers: Min: 5, Avg: 13.2, Max: 21, Diff: 16, Sum: 79]
      [Scan RS (ms): Min: 0.9, Avg: 1.2, Max: 1.4, Diff: 0.5, Sum: 7.2]
      [Code Root Scanning (ms): Min: 0.0, Avg: 0.1, Max: 0.4, Diff: 0.4, Sum: 0.4]
      [Object Copy (ms): Min: 4.3, Avg: 4.5, Max: 4.6, Diff: 0.3, Sum: 27.0]
      [Termination (ms): Min: 0.0, Avg: 0.0, Max: 0.0, Diff: 0.0, Sum: 0.0]
         [Termination Attempts: Min: 1, Avg: 10.2, Max: 18, Diff: 17, Sum: 61]
      [GC Worker Other (ms): Min: 0.0, Avg: 0.0, Max: 0.0, Diff: 0.0, Sum: 0.1]
      [GC Worker Total (ms): Min: 6.6, Avg: 9.8, Max: 10.6, Diff: 3.9, Sum: 58.8]
      [GC Worker End (ms): Min: 259784683.3, Avg: 259784683.3, Max: 259784683.3, Diff: 0.0]
   [Code Root Fixup: 0.0 ms]
   [Code Root Purge: 0.0 ms]
   [Clear CT: 0.9 ms]
   [Other: 13.1 ms]
      [Choose CSet: 0.0 ms]
      [Ref Proc: 12.7 ms]
      [Ref Enq: 0.1 ms]
      [Redirty Cards: 0.1 ms]
      [Humongous Register: 0.0 ms]
      [Humongous Reclaim: 0.0 ms]
      [Free CSet: 0.1 ms]
   [Eden: 5712.0M(5712.0M)->0.0B(7152.0M) Survivors: 16384.0K->16384.0K Heap: 9400.3M(14336.0M)->3665.9M(14336.0M)]
 [Times: user=0.09 sys=0.00, real=0.02 secs] 
2022-10-02T11:47:31.925-0600: 259867.005: [GC pause (G1 Evacuation Pause) (young), 0.0332420 secs]
   [Parallel Time: 21.8 ms, GC Workers: 6]
      [GC Worker Start (ms): Min: 259867005.4, Avg: 259867009.1, Max: 259867012.3, Diff: 6.9]
      [Ext Root Scanning (ms): Min: 0.0, Avg: 1.1, Max: 3.6, Diff: 3.6, Sum: 6.4]
      [Update RS (ms): Min: 5.6, Avg: 9.2, Max: 11.8, Diff: 6.2, Sum: 55.1]
         [Processed Buffers: Min: 4, Avg: 23.0, Max: 39, Diff: 35, Sum: 138]
      [Scan RS (ms): Min: 0.0, Avg: 0.0, Max: 0.1, Diff: 0.1, Sum: 0.2]
      [Code Root Scanning (ms): Min: 0.0, Avg: 0.0, Max: 0.0, Diff: 0.0, Sum: 0.0]
      [Object Copy (ms): Min: 0.9, Avg: 3.2, Max: 9.1, Diff: 8.2, Sum: 19.4]
      [Termination (ms): Min: 0.0, Avg: 4.3, Max: 5.3, Diff: 5.3, Sum: 25.9]
         [Termination Attempts: Min: 1, Avg: 1.0, Max: 1, Diff: 0, Sum: 6]
      [GC Worker Other (ms): Min: 0.0, Avg: 0.0, Max: 0.0, Diff: 0.0, Sum: 0.0]
      [GC Worker Total (ms): Min: 14.6, Avg: 17.8, Max: 21.5, Diff: 6.9, Sum: 107.0]
      [GC Worker End (ms): Min: 259867026.9, Avg: 259867026.9, Max: 259867027.0, Diff: 0.2]
   [Code Root Fixup: 0.0 ms]
   [Code Root Purge: 0.0 ms]
   [Clear CT: 0.7 ms]
   [Other: 10.7 ms]
      [Choose CSet: 0.0 ms]
      [Ref Proc: 10.3 ms]
      [Ref Enq: 0.1 ms]
      [Redirty Cards: 0.1 ms]
      [Humongous Register: 0.0 ms]
      [Humongous Reclaim: 0.0 ms]
      [Free CSet: 0.1 ms]
   [Eden: 7152.0M(7152.0M)->0.0B(7152.0M) Survivors: 16384.0K->16384.0K Heap: 10817.9M(14336.0M)->3678.4M(14336.0M)]
 [Times: user=0.11 sys=0.00, real=0.03 secs] 
2022-10-02T11:48:53.489-0600: 259948.569: [GC pause (G1 Evacuation Pause) (young) (initial-mark), 0.0358658 secs]
   [Parallel Time: 16.4 ms, GC Workers: 6]
      [GC Worker Start (ms): Min: 259948570.2, Avg: 259948572.0, Max: 259948573.2, Diff: 3.0]
      [Ext Root Scanning (ms): Min: 2.0, Avg: 6.4, Max: 11.8, Diff: 9.8, Sum: 38.1]
      [Update RS (ms): Min: 0.0, Avg: 2.6, Max: 5.4, Diff: 5.4, Sum: 15.7]
         [Processed Buffers: Min: 0, Avg: 12.8, Max: 33, Diff: 33, Sum: 77]
      [Scan RS (ms): Min: 0.0, Avg: 0.0, Max: 0.1, Diff: 0.1, Sum: 0.2]
      [Code Root Scanning (ms): Min: 0.0, Avg: 0.0, Max: 0.0, Diff: 0.0, Sum: 0.0]
      [Object Copy (ms): Min: 2.9, Avg: 4.1, Max: 4.7, Diff: 1.7, Sum: 24.5]
      [Termination (ms): Min: 0.0, Avg: 0.0, Max: 0.0, Diff: 0.0, Sum: 0.1]
         [Termination Attempts: Min: 1, Avg: 16.5, Max: 27, Diff: 26, Sum: 99]
      [GC Worker Other (ms): Min: 0.0, Avg: 0.0, Max: 0.0, Diff: 0.0, Sum: 0.1]
      [GC Worker Total (ms): Min: 11.9, Avg: 13.1, Max: 14.9, Diff: 3.0, Sum: 78.7]
      [GC Worker End (ms): Min: 259948585.1, Avg: 259948585.2, Max: 259948585.2, Diff: 0.0]
   [Code Root Fixup: 0.0 ms]
   [Code Root Purge: 0.0 ms]
   [Clear CT: 1.0 ms]
   [Other: 18.5 ms]
      [Choose CSet: 0.0 ms]
      [Ref Proc: 18.0 ms]
      [Ref Enq: 0.1 ms]
      [Redirty Cards: 0.1 ms]
      [Humongous Register: 0.0 ms]
      [Humongous Reclaim: 0.0 ms]
      [Free CSet: 0.1 ms]
   [Eden: 7152.0M(7152.0M)->0.0B(7136.0M) Survivors: 16384.0K->32768.0K Heap: 10830.4M(14336.0M)->3685.6M(14336.0M)]
 [Times: user=0.10 sys=0.00, real=0.04 secs] 
2022-10-02T11:48:53.525-0600: 259948.605: [GC concurrent-root-region-scan-start]
2022-10-02T11:48:53.534-0600: 259948.614: [GC concurrent-root-region-scan-end, 0.0091562 secs]
2022-10-02T11:48:53.534-0600: 259948.614: [GC concurrent-mark-start]
2022-10-02T11:48:54.890-0600: 259949.970: [GC concurrent-mark-end, 1.3555457 secs]
2022-10-02T11:48:54.891-0600: 259949.970: [GC remark 2022-10-02T11:48:54.891-0600: 259949.970: [Finalize Marking, 0.0023931 secs] 2022-10-02T11:48:54.893-0600: 259949.973: [GC ref-proc, 0.0244459 secs] 2022-10-02T11:48:54.917-0600: 259949.997: [Unloading, 0.0272181 secs], 0.0601285 secs]
 [Times: user=0.23 sys=0.00, real=0.06 secs] 
2022-10-02T11:48:54.951-0600: 259950.031: [GC cleanup 3805M->3805M(14336M), 0.0303300 secs]
 [Times: user=0.03 sys=0.00, real=0.03 secs] 
2022-10-02T11:50:21.487-0600: 260036.567: [GC pause (G1 Evacuation Pause) (young), 0.0289329 secs]
   [Parallel Time: 9.9 ms, GC Workers: 6]
      [GC Worker Start (ms): Min: 260036566.6, Avg: 260036570.3, Max: 260036576.5, Diff: 9.8]
      [Ext Root Scanning (ms): Min: 0.0, Avg: 1.0, Max: 3.0, Diff: 3.0, Sum: 6.0]
      [Update RS (ms): Min: 0.0, Avg: 2.1, Max: 3.4, Diff: 3.4, Sum: 12.6]
         [Processed Buffers: Min: 0, Avg: 11.5, Max: 19, Diff: 19, Sum: 69]
      [Scan RS (ms): Min: 0.0, Avg: 0.0, Max: 0.1, Diff: 0.1, Sum: 0.2]
      [Code Root Scanning (ms): Min: 0.0, Avg: 0.0, Max: 0.0, Diff: 0.0, Sum: 0.0]
      [Object Copy (ms): Min: 0.0, Avg: 2.2, Max: 3.3, Diff: 3.3, Sum: 12.9]
      [Termination (ms): Min: 0.0, Avg: 0.9, Max: 1.2, Diff: 1.2, Sum: 5.5]
         [Termination Attempts: Min: 1, Avg: 7.5, Max: 20, Diff: 19, Sum: 45]
      [GC Worker Other (ms): Min: 0.0, Avg: 0.0, Max: 0.0, Diff: 0.0, Sum: 0.0]
      [GC Worker Total (ms): Min: 0.0, Avg: 6.2, Max: 9.9, Diff: 9.9, Sum: 37.3]
      [GC Worker End (ms): Min: 260036576.5, Avg: 260036576.5, Max: 260036576.5, Diff: 0.0]
   [Code Root Fixup: 0.0 ms]
   [Code Root Purge: 0.0 ms]
   [Clear CT: 0.7 ms]
   [Other: 18.3 ms]
      [Choose CSet: 0.0 ms]
      [Ref Proc: 17.9 ms]
      [Ref Enq: 0.1 ms]
      [Redirty Cards: 0.1 ms]
      [Humongous Register: 0.0 ms]
      [Humongous Reclaim: 0.0 ms]
      [Free CSet: 0.1 ms]
   [Eden: 7136.0M(7136.0M)->0.0B(5712.0M) Survivors: 32768.0K->16384.0K Heap: 10821.6M(14336.0M)->3683.2M(14336.0M)]
 [Times: user=0.09 sys=0.00, real=0.03 secs] 
2022-10-02T11:51:31.836-0600: 260106.916: [GC pause (G1 Evacuation Pause) (mixed), 0.0345680 secs]
   [Parallel Time: 20.5 ms, GC Workers: 6]
      [GC Worker Start (ms): Min: 260106916.3, Avg: 260106918.6, Max: 260106928.7, Diff: 12.4]
      [Ext Root Scanning (ms): Min: 0.0, Avg: 1.3, Max: 3.6, Diff: 3.6, Sum: 7.5]
      [Update RS (ms): Min: 0.0, Avg: 2.7, Max: 3.9, Diff: 3.9, Sum: 16.0]
         [Processed Buffers: Min: 0, Avg: 12.7, Max: 23, Diff: 23, Sum: 76]
      [Scan RS (ms): Min: 0.0, Avg: 2.2, Max: 2.8, Diff: 2.8, Sum: 13.4]
      [Code Root Scanning (ms): Min: 0.0, Avg: 0.1, Max: 0.4, Diff: 0.4, Sum: 0.5]
      [Object Copy (ms): Min: 2.3, Avg: 7.2, Max: 12.6, Diff: 10.3, Sum: 43.0]
      [Termination (ms): Min: 0.0, Avg: 4.8, Max: 5.7, Diff: 5.7, Sum: 28.6]
         [Termination Attempts: Min: 1, Avg: 33.8, Max: 58, Diff: 57, Sum: 203]
      [GC Worker Other (ms): Min: 0.0, Avg: 0.0, Max: 0.0, Diff: 0.0, Sum: 0.1]
      [GC Worker Total (ms): Min: 8.1, Avg: 18.2, Max: 20.4, Diff: 12.4, Sum: 109.1]
      [GC Worker End (ms): Min: 260106936.7, Avg: 260106936.8, Max: 260106936.8, Diff: 0.1]
   [Code Root Fixup: 0.0 ms]
   [Code Root Purge: 0.0 ms]
   [Clear CT: 1.1 ms]
   [Other: 13.0 ms]
      [Choose CSet: 0.0 ms]
      [Ref Proc: 12.5 ms]
      [Ref Enq: 0.1 ms]
      [Redirty Cards: 0.2 ms]
      [Humongous Register: 0.0 ms]
      [Humongous Reclaim: 0.0 ms]
      [Free CSet: 0.1 ms]
   [Eden: 5712.0M(5712.0M)->0.0B(7152.0M) Survivors: 16384.0K->16384.0K Heap: 9395.2M(14336.0M)->3649.3M(14336.0M)]
 [Times: user=0.12 sys=0.00, real=0.03 secs] 
2022-10-02T11:52:50.538-0600: 260185.618: [GC pause (G1 Evacuation Pause) (young), 0.0237910 secs]
   [Parallel Time: 14.5 ms, GC Workers: 6]
      [GC Worker Start (ms): Min: 260185618.3, Avg: 260185619.0, Max: 260185620.7, Diff: 2.5]
      [Ext Root Scanning (ms): Min: 0.0, Avg: 3.0, Max: 9.3, Diff: 9.3, Sum: 17.9]
      [Update RS (ms): Min: 2.1, Avg: 8.4, Max: 11.2, Diff: 9.0, Sum: 50.5]
         [Processed Buffers: Min: 16, Avg: 35.8, Max: 55, Diff: 39, Sum: 215]
      [Scan RS (ms): Min: 0.0, Avg: 0.0, Max: 0.1, Diff: 0.1, Sum: 0.2]
      [Code Root Scanning (ms): Min: 0.0, Avg: 0.0, Max: 0.0, Diff: 0.0, Sum: 0.0]
      [Object Copy (ms): Min: 0.9, Avg: 2.3, Max: 2.8, Diff: 1.9, Sum: 13.6]
      [Termination (ms): Min: 0.0, Avg: 0.0, Max: 0.0, Diff: 0.0, Sum: 0.0]
         [Termination Attempts: Min: 1, Avg: 4.2, Max: 7, Diff: 6, Sum: 25]
      [GC Worker Other (ms): Min: 0.0, Avg: 0.0, Max: 0.1, Diff: 0.1, Sum: 0.2]
      [GC Worker Total (ms): Min: 12.0, Avg: 13.7, Max: 14.4, Diff: 2.4, Sum: 82.4]
      [GC Worker End (ms): Min: 260185632.7, Avg: 260185632.7, Max: 260185632.7, Diff: 0.0]
   [Code Root Fixup: 0.0 ms]
   [Code Root Purge: 0.0 ms]
   [Clear CT: 0.6 ms]
   [Other: 8.7 ms]
      [Choose CSet: 0.0 ms]
      [Ref Proc: 8.3 ms]
      [Ref Enq: 0.1 ms]
      [Redirty Cards: 0.1 ms]
      [Humongous Register: 0.0 ms]
      [Humongous Reclaim: 0.0 ms]
      [Free CSet: 0.1 ms]
   [Eden: 7152.0M(7152.0M)->0.0B(7152.0M) Survivors: 16384.0K->16384.0K Heap: 10801.3M(14336.0M)->3663.1M(14336.0M)]
 [Times: user=0.08 sys=0.01, real=0.02 secs] 
2022-10-02T11:54:13.288-0600: 260268.368: [GC pause (G1 Evacuation Pause) (young) (initial-mark), 0.0323350 secs]
   [Parallel Time: 14.6 ms, GC Workers: 6]
      [GC Worker Start (ms): Min: 260268368.9, Avg: 260268370.2, Max: 260268371.4, Diff: 2.5]
      [Ext Root Scanning (ms): Min: 2.0, Avg: 6.2, Max: 10.7, Diff: 8.7, Sum: 37.2]
      [Update RS (ms): Min: 0.0, Avg: 2.8, Max: 5.3, Diff: 5.3, Sum: 16.7]
         [Processed Buffers: Min: 0, Avg: 12.5, Max: 24, Diff: 24, Sum: 75]
      [Scan RS (ms): Min: 0.0, Avg: 0.0, Max: 0.1, Diff: 0.1, Sum: 0.2]
      [Code Root Scanning (ms): Min: 0.0, Avg: 0.0, Max: 0.0, Diff: 0.0, Sum: 0.0]
      [Object Copy (ms): Min: 0.0, Avg: 2.9, Max: 3.6, Diff: 3.6, Sum: 17.5]
      [Termination (ms): Min: 0.0, Avg: 0.1, Max: 0.1, Diff: 0.1, Sum: 0.5]
         [Termination Attempts: Min: 1, Avg: 3.2, Max: 5, Diff: 4, Sum: 19]
      [GC Worker Other (ms): Min: 0.0, Avg: 0.0, Max: 0.0, Diff: 0.0, Sum: 0.1]
      [GC Worker Total (ms): Min: 10.8, Avg: 12.0, Max: 13.3, Diff: 2.5, Sum: 72.2]
      [GC Worker End (ms): Min: 260268382.2, Avg: 260268382.2, Max: 260268382.2, Diff: 0.0]
   [Code Root Fixup: 0.0 ms]
   [Code Root Purge: 0.0 ms]
   [Clear CT: 0.9 ms]
   [Other: 16.9 ms]
      [Choose CSet: 0.0 ms]
      [Ref Proc: 16.5 ms]
      [Ref Enq: 0.1 ms]
      [Redirty Cards: 0.0 ms]
      [Humongous Register: 0.0 ms]
      [Humongous Reclaim: 0.0 ms]
      [Free CSet: 0.1 ms]
   [Eden: 7152.0M(7152.0M)->0.0B(7152.0M) Survivors: 16384.0K->16384.0K Heap: 10815.1M(14336.0M)->3670.0M(14336.0M)]
 [Times: user=0.10 sys=0.00, real=0.03 secs] 
2022-10-02T11:54:13.320-0600: 260268.400: [GC concurrent-root-region-scan-start]
2022-10-02T11:54:13.329-0600: 260268.409: [GC concurrent-root-region-scan-end, 0.0088609 secs]
2022-10-02T11:54:13.329-0600: 260268.409: [GC concurrent-mark-start]
2022-10-02T11:54:14.693-0600: 260269.773: [GC concurrent-mark-end, 1.3640519 secs]
2022-10-02T11:54:14.693-0600: 260269.773: [GC remark 2022-10-02T11:54:14.693-0600: 260269.773: [Finalize Marking, 0.0027959 secs] 2022-10-02T11:54:14.696-0600: 260269.776: [GC ref-proc, 0.0259097 secs] 2022-10-02T11:54:14.722-0600: 260269.802: [Unloading, 0.0303260 secs], 0.0658902 secs]
 [Times: user=0.22 sys=0.00, real=0.06 secs] 
2022-10-02T11:54:14.759-0600: 260269.839: [GC cleanup 3861M->3861M(14336M), 0.0083468 secs]
 [Times: user=0.03 sys=0.00, real=0.01 secs] 
2022-10-02T11:55:31.636-0600: 260346.716: [GC pause (G1 Evacuation Pause) (young), 0.0259122 secs]
   [Parallel Time: 12.5 ms, GC Workers: 6]
      [GC Worker Start (ms): Min: 260346716.3, Avg: 260346718.1, Max: 260346724.7, Diff: 8.4]
      [Ext Root Scanning (ms): Min: 0.0, Avg: 2.4, Max: 8.0, Diff: 8.0, Sum: 14.6]
      [Update RS (ms): Min: 0.0, Avg: 2.4, Max: 3.9, Diff: 3.9, Sum: 14.4]
         [Processed Buffers: Min: 0, Avg: 12.3, Max: 24, Diff: 24, Sum: 74]
      [Scan RS (ms): Min: 0.0, Avg: 0.0, Max: 0.1, Diff: 0.1, Sum: 0.2]
      [Code Root Scanning (ms): Min: 0.0, Avg: 0.0, Max: 0.0, Diff: 0.0, Sum: 0.0]
      [Object Copy (ms): Min: 0.0, Avg: 2.4, Max: 6.7, Diff: 6.7, Sum: 14.4]
      [Termination (ms): Min: 0.0, Avg: 3.4, Max: 4.1, Diff: 4.1, Sum: 20.2]
         [Termination Attempts: Min: 1, Avg: 13.0, Max: 22, Diff: 21, Sum: 78]
      [GC Worker Other (ms): Min: 0.0, Avg: 0.0, Max: 0.0, Diff: 0.0, Sum: 0.0]
      [GC Worker Total (ms): Min: 4.0, Avg: 10.7, Max: 12.4, Diff: 8.3, Sum: 63.9]
      [GC Worker End (ms): Min: 260346728.7, Avg: 260346728.7, Max: 260346728.8, Diff: 0.1]
   [Code Root Fixup: 0.0 ms]
   [Code Root Purge: 0.0 ms]
   [Clear CT: 0.7 ms]
   [Other: 12.7 ms]
      [Choose CSet: 0.0 ms]
      [Ref Proc: 12.3 ms]
      [Ref Enq: 0.1 ms]
      [Redirty Cards: 0.1 ms]
      [Humongous Register: 0.0 ms]
      [Humongous Reclaim: 0.0 ms]
      [Free CSet: 0.1 ms]
   [Eden: 7152.0M(7152.0M)->0.0B(5712.0M) Survivors: 16384.0K->16384.0K Heap: 10822.0M(14336.0M)->3669.7M(14336.0M)]
 [Times: user=0.08 sys=0.00, real=0.02 secs] 
2022-10-02T11:56:35.392-0600: 260410.472: [GC pause (G1 Evacuation Pause) (mixed), 0.0301545 secs]
   [Parallel Time: 13.9 ms, GC Workers: 6]
      [GC Worker Start (ms): Min: 260410472.2, Avg: 260410472.3, Max: 260410472.4, Diff: 0.2]
      [Ext Root Scanning (ms): Min: 0.9, Avg: 2.7, Max: 8.3, Diff: 7.4, Sum: 16.2]
      [Update RS (ms): Min: 0.0, Avg: 2.2, Max: 3.3, Diff: 3.3, Sum: 13.4]
         [Processed Buffers: Min: 0, Avg: 9.7, Max: 15, Diff: 15, Sum: 58]
      [Scan RS (ms): Min: 0.0, Avg: 0.7, Max: 0.9, Diff: 0.9, Sum: 4.0]
      [Code Root Scanning (ms): Min: 0.0, Avg: 0.0, Max: 0.0, Diff: 0.0, Sum: 0.0]
      [Object Copy (ms): Min: 0.5, Avg: 4.0, Max: 8.4, Diff: 8.0, Sum: 23.8]
      [Termination (ms): Min: 0.0, Avg: 3.9, Max: 4.8, Diff: 4.8, Sum: 23.3]
         [Termination Attempts: Min: 1, Avg: 17.8, Max: 25, Diff: 24, Sum: 107]
      [GC Worker Other (ms): Min: 0.0, Avg: 0.0, Max: 0.0, Diff: 0.0, Sum: 0.1]
      [GC Worker Total (ms): Min: 13.4, Avg: 13.5, Max: 13.6, Diff: 0.2, Sum: 80.8]
      [GC Worker End (ms): Min: 260410485.8, Avg: 260410485.8, Max: 260410486.0, Diff: 0.2]
   [Code Root Fixup: 0.0 ms]
   [Code Root Purge: 0.0 ms]
   [Clear CT: 0.5 ms]
   [Other: 15.7 ms]
      [Choose CSet: 0.0 ms]
      [Ref Proc: 15.1 ms]
      [Ref Enq: 0.2 ms]
      [Redirty Cards: 0.1 ms]
      [Humongous Register: 0.0 ms]
      [Humongous Reclaim: 0.0 ms]
      [Free CSet: 0.1 ms]
   [Eden: 5712.0M(5712.0M)->0.0B(7152.0M) Survivors: 16384.0K->16384.0K Heap: 9381.7M(14336.0M)->3659.6M(14336.0M)]
 [Times: user=0.10 sys=0.00, real=0.03 secs] 
2022-10-02T11:57:51.891-0600: 260486.971: [GC pause (G1 Evacuation Pause) (young), 0.0247323 secs]
   [Parallel Time: 12.3 ms, GC Workers: 6]
      [GC Worker Start (ms): Min: 260486971.1, Avg: 260486974.5, Max: 260486983.3, Diff: 12.2]
      [Ext Root Scanning (ms): Min: 0.0, Avg: 1.1, Max: 2.9, Diff: 2.9, Sum: 6.5]
      [Update RS (ms): Min: 0.0, Avg: 5.0, Max: 7.4, Diff: 7.4, Sum: 29.8]
         [Processed Buffers: Min: 0, Avg: 18.3, Max: 31, Diff: 31, Sum: 110]
      [Scan RS (ms): Min: 0.0, Avg: 0.0, Max: 0.1, Diff: 0.1, Sum: 0.2]
      [Code Root Scanning (ms): Min: 0.0, Avg: 0.0, Max: 0.0, Diff: 0.0, Sum: 0.0]
      [Object Copy (ms): Min: 0.0, Avg: 2.2, Max: 3.0, Diff: 3.0, Sum: 13.2]
      [Termination (ms): Min: 0.0, Avg: 0.5, Max: 0.6, Diff: 0.6, Sum: 3.1]
         [Termination Attempts: Min: 1, Avg: 1.0, Max: 1, Diff: 0, Sum: 6]
      [GC Worker Other (ms): Min: 0.0, Avg: 0.0, Max: 0.0, Diff: 0.0, Sum: 0.0]
      [GC Worker Total (ms): Min: 0.0, Avg: 8.8, Max: 12.2, Diff: 12.2, Sum: 52.9]
      [GC Worker End (ms): Min: 260486983.3, Avg: 260486983.3, Max: 260486983.3, Diff: 0.0]
   [Code Root Fixup: 0.0 ms]
   [Code Root Purge: 0.0 ms]
   [Clear CT: 0.5 ms]
   [Other: 11.9 ms]
      [Choose CSet: 0.0 ms]
      [Ref Proc: 11.5 ms]
      [Ref Enq: 0.1 ms]
      [Redirty Cards: 0.1 ms]
      [Humongous Register: 0.0 ms]
      [Humongous Reclaim: 0.0 ms]
      [Free CSet: 0.1 ms]
   [Eden: 7152.0M(7152.0M)->0.0B(7152.0M) Survivors: 16384.0K->16384.0K Heap: 10811.6M(14336.0M)->3665.1M(14336.0M)]
 [Times: user=0.08 sys=0.00, real=0.03 secs] 
2022-10-02T11:59:16.192-0600: 260571.272: [GC pause (G1 Evacuation Pause) (young) (initial-mark), 0.0350231 secs]
   [Parallel Time: 15.8 ms, GC Workers: 6]
      [GC Worker Start (ms): Min: 260571273.5, Avg: 260571275.1, Max: 260571276.7, Diff: 3.2]
      [Ext Root Scanning (ms): Min: 2.7, Avg: 6.1, Max: 12.5, Diff: 9.8, Sum: 36.8]
      [Update RS (ms): Min: 0.0, Avg: 2.6, Max: 3.8, Diff: 3.8, Sum: 15.8]
         [Processed Buffers: Min: 0, Avg: 11.5, Max: 20, Diff: 20, Sum: 69]
      [Scan RS (ms): Min: 0.0, Avg: 0.0, Max: 0.1, Diff: 0.1, Sum: 0.2]
      [Code Root Scanning (ms): Min: 0.0, Avg: 0.0, Max: 0.0, Diff: 0.0, Sum: 0.0]
      [Object Copy (ms): Min: 0.3, Avg: 2.4, Max: 2.8, Diff: 2.5, Sum: 14.1]
      [Termination (ms): Min: 0.0, Avg: 1.7, Max: 2.1, Diff: 2.1, Sum: 9.9]
         [Termination Attempts: Min: 1, Avg: 26.0, Max: 47, Diff: 46, Sum: 156]
      [GC Worker Other (ms): Min: 0.0, Avg: 0.0, Max: 0.0, Diff: 0.0, Sum: 0.0]
      [GC Worker Total (ms): Min: 11.2, Avg: 12.8, Max: 14.4, Diff: 3.2, Sum: 77.0]
      [GC Worker End (ms): Min: 260571287.9, Avg: 260571287.9, Max: 260571288.0, Diff: 0.1]
   [Code Root Fixup: 0.0 ms]
   [Code Root Purge: 0.0 ms]
   [Clear CT: 0.8 ms]
   [Other: 18.5 ms]
      [Choose CSet: 0.0 ms]
      [Ref Proc: 18.1 ms]
      [Ref Enq: 0.1 ms]
      [Redirty Cards: 0.1 ms]
      [Humongous Register: 0.0 ms]
      [Humongous Reclaim: 0.0 ms]
      [Free CSet: 0.1 ms]
   [Eden: 7152.0M(7152.0M)->0.0B(7152.0M) Survivors: 16384.0K->16384.0K Heap: 10817.1M(14336.0M)->3670.0M(14336.0M)]
 [Times: user=0.10 sys=0.00, real=0.04 secs] 
2022-10-02T11:59:16.227-0600: 260571.307: [GC concurrent-root-region-scan-start]
2022-10-02T11:59:16.234-0600: 260571.314: [GC concurrent-root-region-scan-end, 0.0069653 secs]
2022-10-02T11:59:16.234-0600: 260571.314: [GC concurrent-mark-start]
2022-10-02T11:59:17.603-0600: 260572.682: [GC concurrent-mark-end, 1.3682466 secs]
2022-10-02T11:59:17.603-0600: 260572.683: [GC remark 2022-10-02T11:59:17.603-0600: 260572.683: [Finalize Marking, 0.0020150 secs] 2022-10-02T11:59:17.605-0600: 260572.685: [GC ref-proc, 0.0236468 secs] 2022-10-02T11:59:17.628-0600: 260572.708: [Unloading, 0.0267894 secs], 0.0584235 secs]
 [Times: user=0.21 sys=0.00, real=0.06 secs] 
2022-10-02T11:59:17.661-0600: 260572.741: [GC cleanup 3822M->3822M(14336M), 0.0073579 secs]
 [Times: user=0.02 sys=0.00, real=0.01 secs] 
2022-10-02T12:00:52.436-0600: 260667.516: [GC pause (G1 Evacuation Pause) (young), 0.0327419 secs]
   [Parallel Time: 9.7 ms, GC Workers: 6]
      [GC Worker Start (ms): Min: 260667516.3, Avg: 260667519.4, Max: 260667525.8, Diff: 9.6]
      [Ext Root Scanning (ms): Min: 0.0, Avg: 1.1, Max: 3.0, Diff: 3.0, Sum: 6.5]
      [Update RS (ms): Min: 0.0, Avg: 2.6, Max: 4.4, Diff: 4.4, Sum: 15.8]
         [Processed Buffers: Min: 0, Avg: 12.3, Max: 29, Diff: 29, Sum: 74]
      [Scan RS (ms): Min: 0.0, Avg: 0.0, Max: 0.1, Diff: 0.1, Sum: 0.2]
      [Code Root Scanning (ms): Min: 0.0, Avg: 0.0, Max: 0.0, Diff: 0.0, Sum: 0.0]
      [Object Copy (ms): Min: 0.0, Avg: 1.8, Max: 2.7, Diff: 2.7, Sum: 10.6]
      [Termination (ms): Min: 0.0, Avg: 0.9, Max: 1.3, Diff: 1.3, Sum: 5.6]
         [Termination Attempts: Min: 1, Avg: 1.5, Max: 3, Diff: 2, Sum: 9]
      [GC Worker Other (ms): Min: 0.0, Avg: 0.0, Max: 0.0, Diff: 0.0, Sum: 0.0]
      [GC Worker Total (ms): Min: 0.0, Avg: 6.4, Max: 9.6, Diff: 9.6, Sum: 38.6]
      [GC Worker End (ms): Min: 260667525.9, Avg: 260667525.9, Max: 260667525.9, Diff: 0.1]
   [Code Root Fixup: 0.0 ms]
   [Code Root Purge: 0.0 ms]
   [Clear CT: 0.9 ms]
   [Other: 22.2 ms]
      [Choose CSet: 0.0 ms]
      [Ref Proc: 21.8 ms]
      [Ref Enq: 0.1 ms]
      [Redirty Cards: 0.1 ms]
      [Humongous Register: 0.0 ms]
      [Humongous Reclaim: 0.0 ms]
      [Free CSet: 0.1 ms]
   [Eden: 7152.0M(7152.0M)->0.0B(5712.0M) Survivors: 16384.0K->16384.0K Heap: 10822.0M(14336.0M)->3668.1M(14336.0M)]
 [Times: user=0.09 sys=0.00, real=0.03 secs] 
2022-10-02T12:02:10.494-0600: 260745.574: [GC pause (G1 Evacuation Pause) (mixed), 0.0265155 secs]
   [Parallel Time: 15.2 ms, GC Workers: 6]
      [GC Worker Start (ms): Min: 260745573.9, Avg: 260745576.9, Max: 260745579.8, Diff: 6.0]
      [Ext Root Scanning (ms): Min: 0.0, Avg: 1.1, Max: 3.3, Diff: 3.3, Sum: 6.6]
      [Update RS (ms): Min: 0.1, Avg: 2.7, Max: 7.2, Diff: 7.1, Sum: 16.0]
         [Processed Buffers: Min: 1, Avg: 9.8, Max: 14, Diff: 13, Sum: 59]
      [Scan RS (ms): Min: 0.0, Avg: 1.9, Max: 2.4, Diff: 2.4, Sum: 11.6]
      [Code Root Scanning (ms): Min: 0.0, Avg: 0.0, Max: 0.1, Diff: 0.1, Sum: 0.1]
      [Object Copy (ms): Min: 4.4, Avg: 6.1, Max: 6.5, Diff: 2.1, Sum: 36.7]
      [Termination (ms): Min: 0.0, Avg: 0.0, Max: 0.1, Diff: 0.1, Sum: 0.2]
         [Termination Attempts: Min: 1, Avg: 76.7, Max: 117, Diff: 116, Sum: 460]
      [GC Worker Other (ms): Min: 0.0, Avg: 0.0, Max: 0.0, Diff: 0.0, Sum: 0.1]
      [GC Worker Total (ms): Min: 9.0, Avg: 11.9, Max: 15.0, Diff: 6.0, Sum: 71.3]
      [GC Worker End (ms): Min: 260745588.8, Avg: 260745588.8, Max: 260745588.8, Diff: 0.0]
   [Code Root Fixup: 0.0 ms]
   [Code Root Purge: 0.0 ms]
   [Clear CT: 1.0 ms]
   [Other: 10.3 ms]
      [Choose CSet: 0.0 ms]
      [Ref Proc: 9.9 ms]
      [Ref Enq: 0.1 ms]
      [Redirty Cards: 0.1 ms]
      [Humongous Register: 0.0 ms]
      [Humongous Reclaim: 0.0 ms]
      [Free CSet: 0.2 ms]
   [Eden: 5712.0M(5712.0M)->0.0B(7152.0M) Survivors: 16384.0K->16384.0K Heap: 9380.1M(14336.0M)->3647.8M(14336.0M)]
 [Times: user=0.09 sys=0.00, real=0.02 secs] 
2022-10-02T12:03:47.086-0600: 260842.166: [GC pause (G1 Evacuation Pause) (young), 0.0249937 secs]
   [Parallel Time: 13.7 ms, GC Workers: 6]
      [GC Worker Start (ms): Min: 260842165.7, Avg: 260842168.2, Max: 260842171.0, Diff: 5.4]
      [Ext Root Scanning (ms): Min: 0.0, Avg: 1.6, Max: 7.0, Diff: 7.0, Sum: 9.9]
      [Update RS (ms): Min: 4.3, Avg: 7.1, Max: 8.3, Diff: 4.0, Sum: 42.7]
         [Processed Buffers: Min: 19, Avg: 26.8, Max: 35, Diff: 16, Sum: 161]
      [Scan RS (ms): Min: 0.0, Avg: 0.0, Max: 0.1, Diff: 0.1, Sum: 0.2]
      [Code Root Scanning (ms): Min: 0.0, Avg: 0.0, Max: 0.0, Diff: 0.0, Sum: 0.0]
      [Object Copy (ms): Min: 2.0, Avg: 2.2, Max: 2.5, Diff: 0.5, Sum: 13.1]
      [Termination (ms): Min: 0.0, Avg: 0.0, Max: 0.0, Diff: 0.0, Sum: 0.0]
         [Termination Attempts: Min: 1, Avg: 2.3, Max: 4, Diff: 3, Sum: 14]
      [GC Worker Other (ms): Min: 0.0, Avg: 0.0, Max: 0.0, Diff: 0.0, Sum: 0.1]
      [GC Worker Total (ms): Min: 8.2, Avg: 11.0, Max: 13.6, Diff: 5.3, Sum: 66.0]
      [GC Worker End (ms): Min: 260842179.2, Avg: 260842179.2, Max: 260842179.3, Diff: 0.0]
   [Code Root Fixup: 0.0 ms]
   [Code Root Purge: 0.0 ms]
   [Clear CT: 0.5 ms]
   [Other: 10.7 ms]
      [Choose CSet: 0.0 ms]
      [Ref Proc: 10.3 ms]
      [Ref Enq: 0.1 ms]
      [Redirty Cards: 0.1 ms]
      [Humongous Register: 0.0 ms]
      [Humongous Reclaim: 0.0 ms]
      [Free CSet: 0.1 ms]
   [Eden: 7152.0M(7152.0M)->0.0B(7152.0M) Survivors: 16384.0K->16384.0K Heap: 10799.8M(14336.0M)->3658.0M(14336.0M)]
 [Times: user=0.09 sys=0.00, real=0.02 secs] 
2022-10-02T12:05:24.318-0600: 260939.398: [GC pause (G1 Evacuation Pause) (young) (initial-mark), 0.0250054 secs]
   [Parallel Time: 14.8 ms, GC Workers: 6]
      [GC Worker Start (ms): Min: 260939398.9, Avg: 260939401.9, Max: 260939403.0, Diff: 4.1]
      [Ext Root Scanning (ms): Min: 2.4, Avg: 4.6, Max: 9.2, Diff: 6.8, Sum: 27.8]
      [Update RS (ms): Min: 0.0, Avg: 2.2, Max: 2.9, Diff: 2.9, Sum: 13.3]
         [Processed Buffers: Min: 0, Avg: 9.8, Max: 14, Diff: 14, Sum: 59]
      [Scan RS (ms): Min: 0.0, Avg: 0.0, Max: 0.1, Diff: 0.1, Sum: 0.2]
      [Code Root Scanning (ms): Min: 0.0, Avg: 0.0, Max: 0.0, Diff: 0.0, Sum: 0.0]
      [Object Copy (ms): Min: 0.0, Avg: 1.9, Max: 2.4, Diff: 2.4, Sum: 11.1]
      [Termination (ms): Min: 0.0, Avg: 1.6, Max: 1.9, Diff: 1.9, Sum: 9.4]
         [Termination Attempts: Min: 1, Avg: 3.3, Max: 8, Diff: 7, Sum: 20]
      [GC Worker Other (ms): Min: 0.0, Avg: 0.0, Max: 0.0, Diff: 0.0, Sum: 0.0]
      [GC Worker Total (ms): Min: 9.2, Avg: 10.3, Max: 13.3, Diff: 4.1, Sum: 62.0]
      [GC Worker End (ms): Min: 260939412.2, Avg: 260939412.3, Max: 260939412.3, Diff: 0.1]
   [Code Root Fixup: 0.0 ms]
   [Code Root Purge: 0.0 ms]
   [Clear CT: 0.5 ms]
   [Other: 9.7 ms]
      [Choose CSet: 0.0 ms]
      [Ref Proc: 9.3 ms]
      [Ref Enq: 0.1 ms]
      [Redirty Cards: 0.1 ms]
      [Humongous Register: 0.0 ms]
      [Humongous Reclaim: 0.0 ms]
      [Free CSet: 0.1 ms]
   [Eden: 7152.0M(7152.0M)->0.0B(7152.0M) Survivors: 16384.0K->16384.0K Heap: 10810.0M(14336.0M)->3661.4M(14336.0M)]
 [Times: user=0.07 sys=0.00, real=0.02 secs] 
2022-10-02T12:05:24.343-0600: 260939.423: [GC concurrent-root-region-scan-start]
2022-10-02T12:05:24.350-0600: 260939.430: [GC concurrent-root-region-scan-end, 0.0073049 secs]
2022-10-02T12:05:24.350-0600: 260939.430: [GC concurrent-mark-start]
2022-10-02T12:05:25.760-0600: 260940.840: [GC concurrent-mark-end, 1.4102290 secs]
2022-10-02T12:05:25.761-0600: 260940.840: [GC remark 2022-10-02T12:05:25.761-0600: 260940.840: [Finalize Marking, 0.0006989 secs] 2022-10-02T12:05:25.761-0600: 260940.841: [GC ref-proc, 0.0290018 secs] 2022-10-02T12:05:25.790-0600: 260940.870: [Unloading, 0.0279059 secs], 0.0640855 secs]
 [Times: user=0.22 sys=0.00, real=0.06 secs] 
2022-10-02T12:05:25.825-0600: 260940.905: [GC cleanup 3797M->3797M(14336M), 0.0074171 secs]
 [Times: user=0.02 sys=0.00, real=0.01 secs] 
2022-10-02T12:06:59.400-0600: 261034.480: [GC pause (G1 Evacuation Pause) (young), 0.0208341 secs]
   [Parallel Time: 7.5 ms, GC Workers: 6]
      [GC Worker Start (ms): Min: 261034480.2, Avg: 261034482.2, Max: 261034484.7, Diff: 4.5]
      [Ext Root Scanning (ms): Min: 0.0, Avg: 1.0, Max: 2.9, Diff: 2.9, Sum: 5.9]
      [Update RS (ms): Min: 0.8, Avg: 2.2, Max: 3.3, Diff: 2.5, Sum: 13.1]
         [Processed Buffers: Min: 3, Avg: 10.3, Max: 16, Diff: 13, Sum: 62]
      [Scan RS (ms): Min: 0.0, Avg: 0.0, Max: 0.1, Diff: 0.1, Sum: 0.2]
      [Code Root Scanning (ms): Min: 0.0, Avg: 0.0, Max: 0.0, Diff: 0.0, Sum: 0.0]
      [Object Copy (ms): Min: 1.9, Avg: 2.1, Max: 2.9, Diff: 1.0, Sum: 12.8]
      [Termination (ms): Min: 0.0, Avg: 0.0, Max: 0.0, Diff: 0.0, Sum: 0.0]
         [Termination Attempts: Min: 1, Avg: 4.8, Max: 8, Diff: 7, Sum: 29]
      [GC Worker Other (ms): Min: 0.0, Avg: 0.0, Max: 0.0, Diff: 0.0, Sum: 0.1]
      [GC Worker Total (ms): Min: 2.9, Avg: 5.4, Max: 7.4, Diff: 4.5, Sum: 32.1]
      [GC Worker End (ms): Min: 261034487.6, Avg: 261034487.6, Max: 261034487.6, Diff: 0.0]
   [Code Root Fixup: 0.0 ms]
   [Code Root Purge: 0.0 ms]
   [Clear CT: 0.9 ms]
   [Other: 12.5 ms]
      [Choose CSet: 0.0 ms]
      [Ref Proc: 12.1 ms]
      [Ref Enq: 0.1 ms]
      [Redirty Cards: 0.1 ms]
      [Humongous Register: 0.0 ms]
      [Humongous Reclaim: 0.0 ms]
      [Free CSet: 0.1 ms]
   [Eden: 7152.0M(7152.0M)->0.0B(5712.0M) Survivors: 16384.0K->16384.0K Heap: 10813.4M(14336.0M)->3662.7M(14336.0M)]
 [Times: user=0.06 sys=0.00, real=0.02 secs] 
2022-10-02T12:09:28.938-0600: 261184.017: [GC pause (G1 Evacuation Pause) (mixed), 0.0505404 secs]
   [Parallel Time: 36.5 ms, GC Workers: 6]
      [GC Worker Start (ms): Min: 261184017.6, Avg: 261184023.2, Max: 261184032.7, Diff: 15.1]
      [Ext Root Scanning (ms): Min: 0.0, Avg: 1.1, Max: 3.2, Diff: 3.2, Sum: 6.4]
      [Update RS (ms): Min: 0.0, Avg: 3.1, Max: 5.3, Diff: 5.3, Sum: 18.6]
         [Processed Buffers: Min: 0, Avg: 19.2, Max: 33, Diff: 33, Sum: 115]
      [Scan RS (ms): Min: 0.0, Avg: 1.1, Max: 1.6, Diff: 1.6, Sum: 6.3]
      [Code Root Scanning (ms): Min: 0.0, Avg: 0.0, Max: 0.1, Diff: 0.1, Sum: 0.1]
      [Object Copy (ms): Min: 21.3, Avg: 25.6, Max: 27.9, Diff: 6.6, Sum: 153.4]
      [Termination (ms): Min: 0.0, Avg: 0.0, Max: 0.0, Diff: 0.0, Sum: 0.0]
         [Termination Attempts: Min: 1, Avg: 1.0, Max: 1, Diff: 0, Sum: 6]
      [GC Worker Other (ms): Min: 0.0, Avg: 0.0, Max: 0.0, Diff: 0.0, Sum: 0.1]
      [GC Worker Total (ms): Min: 21.3, Avg: 30.8, Max: 36.5, Diff: 15.1, Sum: 184.9]
      [GC Worker End (ms): Min: 261184054.0, Avg: 261184054.0, Max: 261184054.0, Diff: 0.0]
   [Code Root Fixup: 0.0 ms]
   [Code Root Purge: 0.0 ms]
   [Clear CT: 0.9 ms]
   [Other: 13.2 ms]
      [Choose CSet: 0.0 ms]
      [Ref Proc: 12.7 ms]
      [Ref Enq: 0.1 ms]
      [Redirty Cards: 0.1 ms]
      [Humongous Register: 0.0 ms]
      [Humongous Reclaim: 0.0 ms]
      [Free CSet: 0.1 ms]
   [Eden: 5712.0M(5712.0M)->0.0B(7008.0M) Survivors: 16384.0K->160.0M Heap: 9374.7M(14336.0M)->3796.6M(14336.0M)]
 [Times: user=0.21 sys=0.00, real=0.05 secs] 
2022-10-02T12:12:01.988-0600: 261337.068: [GC pause (G1 Evacuation Pause) (young), 0.0436992 secs]
   [Parallel Time: 32.1 ms, GC Workers: 6]
      [GC Worker Start (ms): Min: 261337067.9, Avg: 261337070.6, Max: 261337080.7, Diff: 12.8]
      [Ext Root Scanning (ms): Min: 0.0, Avg: 1.2, Max: 3.2, Diff: 3.2, Sum: 7.0]
      [Update RS (ms): Min: 0.0, Avg: 4.4, Max: 5.7, Diff: 5.7, Sum: 26.4]
         [Processed Buffers: Min: 0, Avg: 23.0, Max: 58, Diff: 58, Sum: 138]
      [Scan RS (ms): Min: 0.0, Avg: 0.0, Max: 0.1, Diff: 0.1, Sum: 0.2]
      [Code Root Scanning (ms): Min: 0.0, Avg: 0.0, Max: 0.0, Diff: 0.0, Sum: 0.0]
      [Object Copy (ms): Min: 19.2, Avg: 23.6, Max: 24.6, Diff: 5.5, Sum: 141.8]
      [Termination (ms): Min: 0.0, Avg: 0.0, Max: 0.0, Diff: 0.0, Sum: 0.0]
         [Termination Attempts: Min: 1, Avg: 1.0, Max: 1, Diff: 0, Sum: 6]
      [GC Worker Other (ms): Min: 0.0, Avg: 0.0, Max: 0.0, Diff: 0.0, Sum: 0.1]
      [GC Worker Total (ms): Min: 19.2, Avg: 29.3, Max: 32.0, Diff: 12.8, Sum: 175.6]
      [GC Worker End (ms): Min: 261337099.9, Avg: 261337099.9, Max: 261337099.9, Diff: 0.0]
   [Code Root Fixup: 0.0 ms]
   [Code Root Purge: 0.0 ms]
   [Clear CT: 0.7 ms]
   [Other: 10.9 ms]
      [Choose CSet: 0.0 ms]
      [Ref Proc: 10.4 ms]
      [Ref Enq: 0.1 ms]
      [Redirty Cards: 0.2 ms]
      [Humongous Register: 0.0 ms]
      [Humongous Reclaim: 0.0 ms]
      [Free CSet: 0.1 ms]
   [Eden: 7008.0M(7008.0M)->0.0B(7072.0M) Survivors: 160.0M->98304.0K Heap: 10804.6M(14336.0M)->3892.9M(14336.0M)]
 [Times: user=0.19 sys=0.00, real=0.04 secs] 
2022-10-02T12:14:34.588-0600: 261489.667: [GC pause (G1 Evacuation Pause) (young) (initial-mark), 0.0299097 secs]
   [Parallel Time: 16.0 ms, GC Workers: 6]
      [GC Worker Start (ms): Min: 261489668.7, Avg: 261489670.6, Max: 261489672.0, Diff: 3.2]
      [Ext Root Scanning (ms): Min: 1.7, Avg: 4.5, Max: 6.1, Diff: 4.4, Sum: 27.0]
      [Update RS (ms): Min: 1.2, Avg: 4.7, Max: 9.5, Diff: 8.3, Sum: 28.3]
         [Processed Buffers: Min: 15, Avg: 45.0, Max: 75, Diff: 60, Sum: 270]
      [Scan RS (ms): Min: 0.0, Avg: 0.4, Max: 0.5, Diff: 0.5, Sum: 2.6]
      [Code Root Scanning (ms): Min: 0.0, Avg: 0.0, Max: 0.0, Diff: 0.0, Sum: 0.0]
      [Object Copy (ms): Min: 0.0, Avg: 2.2, Max: 2.8, Diff: 2.8, Sum: 13.4]
      [Termination (ms): Min: 0.0, Avg: 0.7, Max: 1.0, Diff: 1.0, Sum: 4.3]
         [Termination Attempts: Min: 1, Avg: 38.5, Max: 60, Diff: 59, Sum: 231]
      [GC Worker Other (ms): Min: 0.0, Avg: 0.0, Max: 0.0, Diff: 0.0, Sum: 0.1]
      [GC Worker Total (ms): Min: 11.2, Avg: 12.6, Max: 14.5, Diff: 3.3, Sum: 75.7]
      [GC Worker End (ms): Min: 261489683.2, Avg: 261489683.3, Max: 261489683.4, Diff: 0.2]
   [Code Root Fixup: 0.0 ms]
   [Code Root Purge: 0.0 ms]
   [Clear CT: 0.9 ms]
   [Other: 13.0 ms]
      [Choose CSet: 0.0 ms]
      [Ref Proc: 12.5 ms]
      [Ref Enq: 0.1 ms]
      [Redirty Cards: 0.1 ms]
      [Humongous Register: 0.0 ms]
      [Humongous Reclaim: 0.0 ms]
      [Free CSet: 0.1 ms]
   [Eden: 7072.0M(7072.0M)->0.0B(7104.0M) Survivors: 98304.0K->65536.0K Heap: 10964.9M(14336.0M)->3905.2M(14336.0M)]
 [Times: user=0.10 sys=0.00, real=0.03 secs] 
2022-10-02T12:14:34.618-0600: 261489.697: [GC concurrent-root-region-scan-start]
2022-10-02T12:14:34.622-0600: 261489.702: [GC concurrent-root-region-scan-end, 0.0044565 secs]
2022-10-02T12:14:34.622-0600: 261489.702: [GC concurrent-mark-start]
2022-10-02T12:14:35.866-0600: 261490.946: [GC concurrent-mark-end, 1.2444627 secs]
2022-10-02T12:14:35.867-0600: 261490.946: [GC remark 2022-10-02T12:14:35.867-0600: 261490.946: [Finalize Marking, 0.0022845 secs] 2022-10-02T12:14:35.869-0600: 261490.949: [GC ref-proc, 0.0226663 secs] 2022-10-02T12:14:35.892-0600: 261490.971: [Unloading, 0.0282056 secs], 0.0582335 secs]
 [Times: user=0.21 sys=0.00, real=0.06 secs] 
2022-10-02T12:14:35.925-0600: 261491.005: [GC cleanup 3969M->3937M(14336M), 0.0095805 secs]
 [Times: user=0.02 sys=0.00, real=0.01 secs] 
2022-10-02T12:14:35.935-0600: 261491.015: [GC concurrent-cleanup-start]
2022-10-02T12:14:35.935-0600: 261491.015: [GC concurrent-cleanup-end, 0.0000168 secs]
2022-10-02T12:17:10.937-0600: 261646.017: [GC pause (G1 Evacuation Pause) (young), 0.0192769 secs]
   [Parallel Time: 8.8 ms, GC Workers: 6]
      [GC Worker Start (ms): Min: 261646016.6, Avg: 261646017.6, Max: 261646020.7, Diff: 4.1]
      [Ext Root Scanning (ms): Min: 0.0, Avg: 1.2, Max: 3.5, Diff: 3.5, Sum: 7.4]
      [Update RS (ms): Min: 2.7, Avg: 4.4, Max: 5.2, Diff: 2.6, Sum: 26.6]
         [Processed Buffers: Min: 24, Avg: 47.0, Max: 67, Diff: 43, Sum: 282]
      [Scan RS (ms): Min: 0.0, Avg: 0.0, Max: 0.1, Diff: 0.1, Sum: 0.2]
      [Code Root Scanning (ms): Min: 0.0, Avg: 0.0, Max: 0.0, Diff: 0.0, Sum: 0.0]
      [Object Copy (ms): Min: 1.9, Avg: 2.0, Max: 2.2, Diff: 0.3, Sum: 12.1]
      [Termination (ms): Min: 0.0, Avg: 0.0, Max: 0.0, Diff: 0.0, Sum: 0.0]
         [Termination Attempts: Min: 1, Avg: 13.5, Max: 22, Diff: 21, Sum: 81]
      [GC Worker Other (ms): Min: 0.0, Avg: 0.0, Max: 0.0, Diff: 0.0, Sum: 0.2]
      [GC Worker Total (ms): Min: 4.6, Avg: 7.7, Max: 8.7, Diff: 4.1, Sum: 46.5]
      [GC Worker End (ms): Min: 261646025.3, Avg: 261646025.3, Max: 261646025.3, Diff: 0.0]
   [Code Root Fixup: 0.0 ms]
   [Code Root Purge: 0.0 ms]
   [Clear CT: 0.7 ms]
   [Other: 9.7 ms]
      [Choose CSet: 0.0 ms]
      [Ref Proc: 9.3 ms]
      [Ref Enq: 0.1 ms]
      [Redirty Cards: 0.1 ms]
      [Humongous Register: 0.0 ms]
      [Humongous Reclaim: 0.0 ms]
      [Free CSet: 0.1 ms]
   [Eden: 7104.0M(7104.0M)->0.0B(5712.0M) Survivors: 65536.0K->16384.0K Heap: 10977.2M(14336.0M)->3868.5M(14336.0M)]
 [Times: user=0.07 sys=0.00, real=0.02 secs] 
2022-10-02T12:19:15.538-0600: 261770.618: [GC pause (G1 Evacuation Pause) (mixed), 0.0292764 secs]
   [Parallel Time: 17.1 ms, GC Workers: 6]
      [GC Worker Start (ms): Min: 261770617.7, Avg: 261770620.6, Max: 261770624.7, Diff: 7.0]
      [Ext Root Scanning (ms): Min: 0.0, Avg: 1.1, Max: 3.2, Diff: 3.2, Sum: 6.4]
      [Update RS (ms): Min: 2.0, Avg: 6.0, Max: 13.3, Diff: 11.3, Sum: 36.3]
         [Processed Buffers: Min: 14, Avg: 47.7, Max: 77, Diff: 63, Sum: 286]
      [Scan RS (ms): Min: 0.0, Avg: 1.8, Max: 2.2, Diff: 2.2, Sum: 10.8]
      [Code Root Scanning (ms): Min: 0.0, Avg: 0.0, Max: 0.0, Diff: 0.0, Sum: 0.0]
      [Object Copy (ms): Min: 1.8, Avg: 5.1, Max: 5.9, Diff: 4.1, Sum: 30.3]
      [Termination (ms): Min: 0.0, Avg: 0.0, Max: 0.0, Diff: 0.0, Sum: 0.1]
         [Termination Attempts: Min: 1, Avg: 18.2, Max: 28, Diff: 27, Sum: 109]
      [GC Worker Other (ms): Min: 0.0, Avg: 0.0, Max: 0.0, Diff: 0.0, Sum: 0.1]
      [GC Worker Total (ms): Min: 9.9, Avg: 14.0, Max: 16.9, Diff: 7.0, Sum: 84.1]
      [GC Worker End (ms): Min: 261770634.6, Avg: 261770634.6, Max: 261770634.6, Diff: 0.0]
   [Code Root Fixup: 0.0 ms]
   [Code Root Purge: 0.0 ms]
   [Clear CT: 0.9 ms]
   [Other: 11.3 ms]
      [Choose CSet: 0.1 ms]
      [Ref Proc: 10.7 ms]
      [Ref Enq: 0.1 ms]
      [Redirty Cards: 0.1 ms]
      [Humongous Register: 0.0 ms]
      [Humongous Reclaim: 0.0 ms]
      [Free CSet: 0.2 ms]
   [Eden: 5712.0M(5712.0M)->0.0B(7152.0M) Survivors: 16384.0K->16384.0K Heap: 9580.5M(14336.0M)->3531.1M(14336.0M)]
 [Times: user=0.11 sys=0.00, real=0.03 secs] 
2022-10-02T12:21:53.986-0600: 261929.066: [GC pause (G1 Evacuation Pause) (young), 0.0262521 secs]
   [Parallel Time: 13.9 ms, GC Workers: 6]
      [GC Worker Start (ms): Min: 261929066.4, Avg: 261929068.9, Max: 261929074.5, Diff: 8.2]
      [Ext Root Scanning (ms): Min: 0.0, Avg: 1.1, Max: 3.2, Diff: 3.1, Sum: 6.5]
      [Update RS (ms): Min: 0.8, Avg: 6.1, Max: 10.5, Diff: 9.7, Sum: 36.6]
         [Processed Buffers: Min: 15, Avg: 29.0, Max: 48, Diff: 33, Sum: 174]
      [Scan RS (ms): Min: 0.0, Avg: 0.0, Max: 0.1, Diff: 0.1, Sum: 0.2]
      [Code Root Scanning (ms): Min: 0.0, Avg: 0.0, Max: 0.0, Diff: 0.0, Sum: 0.0]
      [Object Copy (ms): Min: 0.0, Avg: 0.4, Max: 0.7, Diff: 0.7, Sum: 2.4]
      [Termination (ms): Min: 0.0, Avg: 3.6, Max: 4.4, Diff: 4.4, Sum: 21.4]
         [Termination Attempts: Min: 1, Avg: 1.0, Max: 1, Diff: 0, Sum: 6]
      [GC Worker Other (ms): Min: 0.0, Avg: 0.0, Max: 0.0, Diff: 0.0, Sum: 0.0]
      [GC Worker Total (ms): Min: 5.5, Avg: 11.2, Max: 13.7, Diff: 8.2, Sum: 67.3]
      [GC Worker End (ms): Min: 261929080.0, Avg: 261929080.1, Max: 261929080.2, Diff: 0.2]
   [Code Root Fixup: 0.0 ms]
   [Code Root Purge: 0.0 ms]
   [Clear CT: 0.9 ms]
   [Other: 11.5 ms]
      [Choose CSet: 0.0 ms]
      [Ref Proc: 11.2 ms]
      [Ref Enq: 0.0 ms]
      [Redirty Cards: 0.0 ms]
      [Humongous Register: 0.0 ms]
      [Humongous Reclaim: 0.0 ms]
      [Free CSet: 0.1 ms]
   [Eden: 7152.0M(7152.0M)->0.0B(7152.0M) Survivors: 16384.0K->16384.0K Heap: 10683.1M(14336.0M)->3546.2M(14336.0M)]
 [Times: user=0.09 sys=0.00, real=0.02 secs] 
2022-10-02T12:24:30.491-0600: 262085.571: [GC pause (G1 Evacuation Pause) (young) (initial-mark), 0.0194567 secs]
   [Parallel Time: 10.3 ms, GC Workers: 6]
      [GC Worker Start (ms): Min: 262085572.3, Avg: 262085574.7, Max: 262085575.8, Diff: 3.6]
      [Ext Root Scanning (ms): Min: 2.3, Avg: 4.3, Max: 8.2, Diff: 5.9, Sum: 25.9]
      [Update RS (ms): Min: 0.0, Avg: 0.4, Max: 0.7, Diff: 0.7, Sum: 2.4]
         [Processed Buffers: Min: 0, Avg: 8.5, Max: 29, Diff: 29, Sum: 51]
      [Scan RS (ms): Min: 0.0, Avg: 0.0, Max: 0.1, Diff: 0.1, Sum: 0.2]
      [Code Root Scanning (ms): Min: 0.0, Avg: 0.0, Max: 0.0, Diff: 0.0, Sum: 0.0]
      [Object Copy (ms): Min: 0.0, Avg: 0.4, Max: 0.7, Diff: 0.7, Sum: 2.3]
      [Termination (ms): Min: 0.0, Avg: 1.3, Max: 2.0, Diff: 2.0, Sum: 7.9]
         [Termination Attempts: Min: 1, Avg: 1.5, Max: 3, Diff: 2, Sum: 9]
      [GC Worker Other (ms): Min: 0.0, Avg: 0.0, Max: 0.0, Diff: 0.0, Sum: 0.0]
      [GC Worker Total (ms): Min: 5.3, Avg: 6.5, Max: 9.0, Diff: 3.8, Sum: 38.7]
      [GC Worker End (ms): Min: 262085581.1, Avg: 262085581.2, Max: 262085581.3, Diff: 0.2]
   [Code Root Fixup: 0.0 ms]
   [Code Root Purge: 0.0 ms]
   [Clear CT: 0.7 ms]
   [Other: 8.4 ms]
      [Choose CSet: 0.0 ms]
      [Ref Proc: 8.0 ms]
      [Ref Enq: 0.1 ms]
      [Redirty Cards: 0.1 ms]
      [Humongous Register: 0.0 ms]
      [Humongous Reclaim: 0.0 ms]
      [Free CSet: 0.1 ms]
   [Eden: 7152.0M(7152.0M)->0.0B(7152.0M) Survivors: 16384.0K->16384.0K Heap: 10698.2M(14336.0M)->3548.9M(14336.0M)]
 [Times: user=0.06 sys=0.00, real=0.02 secs] 
2022-10-02T12:24:30.511-0600: 262085.590: [GC concurrent-root-region-scan-start]
2022-10-02T12:24:30.514-0600: 262085.594: [GC concurrent-root-region-scan-end, 0.0032424 secs]
2022-10-02T12:24:30.514-0600: 262085.594: [GC concurrent-mark-start]
2022-10-02T12:24:31.767-0600: 262086.847: [GC concurrent-mark-end, 1.2534463 secs]
2022-10-02T12:24:31.767-0600: 262086.847: [GC remark 2022-10-02T12:24:31.767-0600: 262086.847: [Finalize Marking, 0.0021717 secs] 2022-10-02T12:24:31.770-0600: 262086.849: [GC ref-proc, 0.0234064 secs] 2022-10-02T12:24:31.793-0600: 262086.873: [Unloading, 0.0254279 secs], 0.0554753 secs]
 [Times: user=0.23 sys=0.00, real=0.05 secs] 
2022-10-02T12:24:31.823-0600: 262086.903: [GC cleanup 3620M->3620M(14336M), 0.0090180 secs]
 [Times: user=0.02 sys=0.00, real=0.01 secs] 
2022-10-02T12:27:07.787-0600: 262242.867: [GC pause (G1 Evacuation Pause) (young), 0.0164371 secs]
   [Parallel Time: 6.0 ms, GC Workers: 6]
      [GC Worker Start (ms): Min: 262242866.9, Avg: 262242870.2, Max: 262242872.8, Diff: 5.9]
      [Ext Root Scanning (ms): Min: 0.0, Avg: 1.1, Max: 3.4, Diff: 3.4, Sum: 6.4]
      [Update RS (ms): Min: 0.0, Avg: 0.3, Max: 0.7, Diff: 0.7, Sum: 1.9]
         [Processed Buffers: Min: 0, Avg: 6.7, Max: 24, Diff: 24, Sum: 40]
      [Scan RS (ms): Min: 0.0, Avg: 0.0, Max: 0.1, Diff: 0.1, Sum: 0.2]
      [Code Root Scanning (ms): Min: 0.0, Avg: 0.0, Max: 0.0, Diff: 0.0, Sum: 0.0]
      [Object Copy (ms): Min: 0.0, Avg: 0.3, Max: 0.7, Diff: 0.7, Sum: 1.9]
      [Termination (ms): Min: 0.0, Avg: 0.8, Max: 1.3, Diff: 1.3, Sum: 5.0]
         [Termination Attempts: Min: 1, Avg: 1.0, Max: 1, Diff: 0, Sum: 6]
      [GC Worker Other (ms): Min: 0.0, Avg: 0.0, Max: 0.0, Diff: 0.0, Sum: 0.0]
      [GC Worker Total (ms): Min: 0.0, Avg: 2.6, Max: 5.9, Diff: 5.9, Sum: 15.4]
      [GC Worker End (ms): Min: 262242872.8, Avg: 262242872.8, Max: 262242872.8, Diff: 0.1]
   [Code Root Fixup: 0.0 ms]
   [Code Root Purge: 0.0 ms]
   [Clear CT: 0.5 ms]
   [Other: 9.9 ms]
      [Choose CSet: 0.0 ms]
      [Ref Proc: 9.6 ms]
      [Ref Enq: 0.1 ms]
      [Redirty Cards: 0.1 ms]
      [Humongous Register: 0.0 ms]
      [Humongous Reclaim: 0.0 ms]
      [Free CSet: 0.1 ms]
   [Eden: 7152.0M(7152.0M)->0.0B(5712.0M) Survivors: 16384.0K->16384.0K Heap: 10700.9M(14336.0M)->3549.5M(14336.0M)]
 [Times: user=0.05 sys=0.00, real=0.01 secs] 
2022-10-02T12:29:11.338-0600: 262366.418: [GC pause (G1 Evacuation Pause) (mixed), 0.0373947 secs]
   [Parallel Time: 22.6 ms, GC Workers: 6]
      [GC Worker Start (ms): Min: 262366418.1, Avg: 262366420.6, Max: 262366425.3, Diff: 7.2]
      [Ext Root Scanning (ms): Min: 0.0, Avg: 1.2, Max: 3.3, Diff: 3.3, Sum: 7.0]
      [Update RS (ms): Min: 0.0, Avg: 0.3, Max: 0.7, Diff: 0.7, Sum: 1.9]
         [Processed Buffers: Min: 0, Avg: 6.7, Max: 29, Diff: 29, Sum: 40]
      [Scan RS (ms): Min: 0.0, Avg: 2.1, Max: 3.5, Diff: 3.5, Sum: 12.8]
      [Code Root Scanning (ms): Min: 0.0, Avg: 0.0, Max: 0.0, Diff: 0.0, Sum: 0.0]
      [Object Copy (ms): Min: 15.1, Avg: 16.2, Max: 17.0, Diff: 2.0, Sum: 97.2]
      [Termination (ms): Min: 0.0, Avg: 0.2, Max: 0.3, Diff: 0.3, Sum: 1.4]
         [Termination Attempts: Min: 1, Avg: 122.7, Max: 164, Diff: 163, Sum: 736]
      [GC Worker Other (ms): Min: 0.0, Avg: 0.0, Max: 0.0, Diff: 0.0, Sum: 0.0]
      [GC Worker Total (ms): Min: 15.4, Avg: 20.1, Max: 22.6, Diff: 7.2, Sum: 120.4]
      [GC Worker End (ms): Min: 262366440.7, Avg: 262366440.7, Max: 262366440.7, Diff: 0.0]
   [Code Root Fixup: 0.0 ms]
   [Code Root Purge: 0.0 ms]
   [Clear CT: 0.8 ms]
   [Other: 13.9 ms]
      [Choose CSet: 0.0 ms]
      [Ref Proc: 13.4 ms]
      [Ref Enq: 0.1 ms]
      [Redirty Cards: 0.2 ms]
      [Humongous Register: 0.0 ms]
      [Humongous Reclaim: 0.0 ms]
      [Free CSet: 0.2 ms]
   [Eden: 5712.0M(5712.0M)->0.0B(7152.0M) Survivors: 16384.0K->16384.0K Heap: 9261.5M(14336.0M)->3491.1M(14336.0M)]
 [Times: user=0.13 sys=0.00, real=0.04 secs] 
2022-10-02T12:31:48.637-0600: 262523.717: [GC pause (G1 Evacuation Pause) (young), 0.0330780 secs]
   [Parallel Time: 18.1 ms, GC Workers: 6]
      [GC Worker Start (ms): Min: 262523717.4, Avg: 262523722.0, Max: 262523728.7, Diff: 11.4]
      [Ext Root Scanning (ms): Min: 0.0, Avg: 1.1, Max: 2.8, Diff: 2.8, Sum: 6.6]
      [Update RS (ms): Min: 5.2, Avg: 11.0, Max: 14.5, Diff: 9.3, Sum: 65.9]
         [Processed Buffers: Min: 26, Avg: 49.3, Max: 105, Diff: 79, Sum: 296]
      [Scan RS (ms): Min: 0.0, Avg: 0.0, Max: 0.1, Diff: 0.1, Sum: 0.2]
      [Code Root Scanning (ms): Min: 0.0, Avg: 0.0, Max: 0.0, Diff: 0.0, Sum: 0.0]
      [Object Copy (ms): Min: 0.0, Avg: 0.5, Max: 0.7, Diff: 0.7, Sum: 2.7]
      [Termination (ms): Min: 0.0, Avg: 0.7, Max: 0.9, Diff: 0.9, Sum: 4.0]
         [Termination Attempts: Min: 1, Avg: 4.3, Max: 6, Diff: 5, Sum: 26]
      [GC Worker Other (ms): Min: 0.0, Avg: 0.0, Max: 0.0, Diff: 0.0, Sum: 0.0]
      [GC Worker Total (ms): Min: 6.6, Avg: 13.3, Max: 18.0, Diff: 11.4, Sum: 79.6]
      [GC Worker End (ms): Min: 262523735.2, Avg: 262523735.3, Max: 262523735.4, Diff: 0.1]
   [Code Root Fixup: 0.0 ms]
   [Code Root Purge: 0.0 ms]
   [Clear CT: 0.7 ms]
   [Other: 14.3 ms]
      [Choose CSet: 0.0 ms]
      [Ref Proc: 13.9 ms]
      [Ref Enq: 0.1 ms]
      [Redirty Cards: 0.1 ms]
      [Humongous Register: 0.0 ms]
      [Humongous Reclaim: 0.0 ms]
      [Free CSet: 0.1 ms]
   [Eden: 7152.0M(7152.0M)->0.0B(7152.0M) Survivors: 16384.0K->16384.0K Heap: 10643.1M(14336.0M)->3518.9M(14336.0M)]
 [Times: user=0.10 sys=0.00, real=0.03 secs] 
2022-10-02T12:34:24.492-0600: 262679.572: [GC pause (G1 Evacuation Pause) (young) (initial-mark), 0.0228153 secs]
   [Parallel Time: 9.4 ms, GC Workers: 6]
      [GC Worker Start (ms): Min: 262679573.7, Avg: 262679575.0, Max: 262679576.4, Diff: 2.7]
      [Ext Root Scanning (ms): Min: 2.4, Avg: 4.6, Max: 5.3, Diff: 2.9, Sum: 27.7]
      [Update RS (ms): Min: 0.0, Avg: 0.4, Max: 0.6, Diff: 0.6, Sum: 2.2]
         [Processed Buffers: Min: 0, Avg: 8.2, Max: 34, Diff: 34, Sum: 49]
      [Scan RS (ms): Min: 0.0, Avg: 0.0, Max: 0.1, Diff: 0.1, Sum: 0.2]
      [Code Root Scanning (ms): Min: 0.0, Avg: 0.0, Max: 0.0, Diff: 0.0, Sum: 0.0]
      [Object Copy (ms): Min: 0.0, Avg: 0.4, Max: 0.7, Diff: 0.7, Sum: 2.5]
      [Termination (ms): Min: 0.0, Avg: 1.2, Max: 1.9, Diff: 1.9, Sum: 7.3]
         [Termination Attempts: Min: 1, Avg: 1.2, Max: 2, Diff: 1, Sum: 7]
      [GC Worker Other (ms): Min: 0.0, Avg: 0.0, Max: 0.0, Diff: 0.0, Sum: 0.0]
      [GC Worker Total (ms): Min: 5.3, Avg: 6.7, Max: 8.1, Diff: 2.8, Sum: 40.0]
      [GC Worker End (ms): Min: 262679581.7, Avg: 262679581.7, Max: 262679581.7, Diff: 0.1]
   [Code Root Fixup: 0.0 ms]
   [Code Root Purge: 0.0 ms]
   [Clear CT: 0.7 ms]
   [Other: 12.7 ms]
      [Choose CSet: 0.0 ms]
      [Ref Proc: 12.3 ms]
      [Ref Enq: 0.1 ms]
      [Redirty Cards: 0.1 ms]
      [Humongous Register: 0.0 ms]
      [Humongous Reclaim: 0.0 ms]
      [Free CSet: 0.1 ms]
   [Eden: 7152.0M(7152.0M)->0.0B(7152.0M) Survivors: 16384.0K->16384.0K Heap: 10670.9M(14336.0M)->3524.3M(14336.0M)]
 [Times: user=0.07 sys=0.00, real=0.03 secs] 
2022-10-02T12:34:24.515-0600: 262679.595: [GC concurrent-root-region-scan-start]
2022-10-02T12:34:24.519-0600: 262679.599: [GC concurrent-root-region-scan-end, 0.0034235 secs]
2022-10-02T12:34:24.519-0600: 262679.599: [GC concurrent-mark-start]
2022-10-02T12:34:25.763-0600: 262680.843: [GC concurrent-mark-end, 1.2445373 secs]
2022-10-02T12:34:25.763-0600: 262680.843: [GC remark 2022-10-02T12:34:25.764-0600: 262680.843: [Finalize Marking, 0.0015318 secs] 2022-10-02T12:34:25.765-0600: 262680.845: [GC ref-proc, 0.0223756 secs] 2022-10-02T12:34:25.787-0600: 262680.867: [Unloading, 0.0269705 secs], 0.0555275 secs]
 [Times: user=0.22 sys=0.00, real=0.06 secs] 
2022-10-02T12:34:25.819-0600: 262680.899: [GC cleanup 3588M->3588M(14336M), 0.0085012 secs]
 [Times: user=0.02 sys=0.00, real=0.01 secs] 
2022-10-02T12:37:01.494-0600: 262836.574: [GC pause (G1 Evacuation Pause) (young), 0.0156662 secs]
   [Parallel Time: 4.3 ms, GC Workers: 6]
      [GC Worker Start (ms): Min: 262836573.9, Avg: 262836574.2, Max: 262836574.3, Diff: 0.4]
      [Ext Root Scanning (ms): Min: 1.6, Avg: 2.6, Max: 3.9, Diff: 2.2, Sum: 15.3]
      [Update RS (ms): Min: 0.0, Avg: 0.4, Max: 1.0, Diff: 1.0, Sum: 2.3]
         [Processed Buffers: Min: 0, Avg: 7.5, Max: 36, Diff: 36, Sum: 45]
      [Scan RS (ms): Min: 0.0, Avg: 0.0, Max: 0.1, Diff: 0.1, Sum: 0.2]
      [Code Root Scanning (ms): Min: 0.0, Avg: 0.0, Max: 0.0, Diff: 0.0, Sum: 0.0]
      [Object Copy (ms): Min: 0.0, Avg: 0.5, Max: 0.8, Diff: 0.8, Sum: 2.9]
      [Termination (ms): Min: 0.0, Avg: 0.5, Max: 0.6, Diff: 0.6, Sum: 2.9]
         [Termination Attempts: Min: 1, Avg: 1.2, Max: 2, Diff: 1, Sum: 7]
      [GC Worker Other (ms): Min: 0.0, Avg: 0.0, Max: 0.0, Diff: 0.0, Sum: 0.0]
      [GC Worker Total (ms): Min: 3.9, Avg: 3.9, Max: 4.2, Diff: 0.4, Sum: 23.7]
      [GC Worker End (ms): Min: 262836578.1, Avg: 262836578.1, Max: 262836578.1, Diff: 0.0]
   [Code Root Fixup: 0.0 ms]
   [Code Root Purge: 0.0 ms]
   [Clear CT: 0.7 ms]
   [Other: 10.7 ms]
      [Choose CSet: 0.0 ms]
      [Ref Proc: 10.3 ms]
      [Ref Enq: 0.1 ms]
      [Redirty Cards: 0.1 ms]
      [Humongous Register: 0.0 ms]
      [Humongous Reclaim: 0.0 ms]
      [Free CSet: 0.1 ms]
   [Eden: 7152.0M(7152.0M)->0.0B(5712.0M) Survivors: 16384.0K->16384.0K Heap: 10676.3M(14336.0M)->3525.8M(14336.0M)]
 [Times: user=0.04 sys=0.00, real=0.01 secs] 
2022-10-02T12:39:06.088-0600: 262961.168: [GC pause (G1 Evacuation Pause) (mixed), 0.0169590 secs]
   [Parallel Time: 8.2 ms, GC Workers: 6]
      [GC Worker Start (ms): Min: 262961167.7, Avg: 262961168.9, Max: 262961171.9, Diff: 4.2]
      [Ext Root Scanning (ms): Min: 0.0, Avg: 1.3, Max: 3.6, Diff: 3.6, Sum: 7.6]
      [Update RS (ms): Min: 0.0, Avg: 0.4, Max: 0.7, Diff: 0.7, Sum: 2.2]
         [Processed Buffers: Min: 0, Avg: 7.2, Max: 23, Diff: 23, Sum: 43]
      [Scan RS (ms): Min: 0.0, Avg: 0.7, Max: 1.1, Diff: 1.1, Sum: 4.3]
      [Code Root Scanning (ms): Min: 0.0, Avg: 0.0, Max: 0.0, Diff: 0.0, Sum: 0.0]
      [Object Copy (ms): Min: 3.3, Avg: 4.1, Max: 4.8, Diff: 1.5, Sum: 24.3]
      [Termination (ms): Min: 0.0, Avg: 0.5, Max: 0.6, Diff: 0.6, Sum: 3.1]
         [Termination Attempts: Min: 1, Avg: 45.7, Max: 79, Diff: 78, Sum: 274]
      [GC Worker Other (ms): Min: 0.0, Avg: 0.0, Max: 0.0, Diff: 0.0, Sum: 0.1]
      [GC Worker Total (ms): Min: 3.9, Avg: 6.9, Max: 8.1, Diff: 4.2, Sum: 41.5]
      [GC Worker End (ms): Min: 262961175.8, Avg: 262961175.8, Max: 262961175.8, Diff: 0.0]
   [Code Root Fixup: 0.0 ms]
   [Code Root Purge: 0.0 ms]
   [Clear CT: 0.7 ms]
   [Other: 8.0 ms]
      [Choose CSet: 0.0 ms]
      [Ref Proc: 7.7 ms]
      [Ref Enq: 0.1 ms]
      [Redirty Cards: 0.1 ms]
      [Humongous Register: 0.0 ms]
      [Humongous Reclaim: 0.0 ms]
      [Free CSet: 0.1 ms]
   [Eden: 5712.0M(5712.0M)->0.0B(7152.0M) Survivors: 16384.0K->16384.0K Heap: 9237.8M(14336.0M)->3483.4M(14336.0M)]
 [Times: user=0.06 sys=0.00, real=0.02 secs] 
2022-10-02T12:41:44.488-0600: 263119.568: [GC pause (G1 Evacuation Pause) (young), 0.0205952 secs]
   [Parallel Time: 7.3 ms, GC Workers: 6]
      [GC Worker Start (ms): Min: 263119568.2, Avg: 263119569.4, Max: 263119571.7, Diff: 3.6]
      [Ext Root Scanning (ms): Min: 0.0, Avg: 1.2, Max: 3.2, Diff: 3.2, Sum: 7.2]
      [Update RS (ms): Min: 2.4, Avg: 3.8, Max: 5.5, Diff: 3.1, Sum: 22.8]
         [Processed Buffers: Min: 2, Avg: 17.8, Max: 46, Diff: 44, Sum: 107]
      [Scan RS (ms): Min: 0.0, Avg: 0.0, Max: 0.1, Diff: 0.1, Sum: 0.2]
      [Code Root Scanning (ms): Min: 0.0, Avg: 0.0, Max: 0.0, Diff: 0.0, Sum: 0.0]
      [Object Copy (ms): Min: 0.0, Avg: 0.4, Max: 0.7, Diff: 0.7, Sum: 2.4]
      [Termination (ms): Min: 0.0, Avg: 0.5, Max: 0.8, Diff: 0.8, Sum: 2.9]
         [Termination Attempts: Min: 1, Avg: 1.2, Max: 2, Diff: 1, Sum: 7]
      [GC Worker Other (ms): Min: 0.0, Avg: 0.0, Max: 0.0, Diff: 0.0, Sum: 0.0]
      [GC Worker Total (ms): Min: 3.6, Avg: 5.9, Max: 7.1, Diff: 3.5, Sum: 35.6]
      [GC Worker End (ms): Min: 263119575.3, Avg: 263119575.3, Max: 263119575.4, Diff: 0.1]
   [Code Root Fixup: 0.0 ms]
   [Code Root Purge: 0.0 ms]
   [Clear CT: 0.9 ms]
   [Other: 12.4 ms]
      [Choose CSet: 0.0 ms]
      [Ref Proc: 12.1 ms]
      [Ref Enq: 0.1 ms]
      [Redirty Cards: 0.1 ms]
      [Humongous Register: 0.0 ms]
      [Humongous Reclaim: 0.0 ms]
      [Free CSet: 0.1 ms]
   [Eden: 7152.0M(7152.0M)->0.0B(7152.0M) Survivors: 16384.0K->16384.0K Heap: 10635.4M(14336.0M)->3486.7M(14336.0M)]
 [Times: user=0.06 sys=0.00, real=0.02 secs] 
2022-10-02T12:44:19.638-0600: 263274.718: [GC pause (G1 Evacuation Pause) (young) (initial-mark), 0.0284584 secs]
   [Parallel Time: 10.8 ms, GC Workers: 6]
      [GC Worker Start (ms): Min: 263274718.9, Avg: 263274720.8, Max: 263274722.1, Diff: 3.2]
      [Ext Root Scanning (ms): Min: 2.1, Avg: 4.8, Max: 6.1, Diff: 4.0, Sum: 28.9]
      [Update RS (ms): Min: 0.0, Avg: 0.4, Max: 0.8, Diff: 0.8, Sum: 2.2]
         [Processed Buffers: Min: 0, Avg: 7.8, Max: 25, Diff: 25, Sum: 47]
      [Scan RS (ms): Min: 0.0, Avg: 0.0, Max: 0.1, Diff: 0.1, Sum: 0.2]
      [Code Root Scanning (ms): Min: 0.0, Avg: 0.0, Max: 0.0, Diff: 0.0, Sum: 0.0]
      [Object Copy (ms): Min: 0.0, Avg: 0.4, Max: 0.8, Diff: 0.8, Sum: 2.4]
      [Termination (ms): Min: 0.0, Avg: 1.9, Max: 2.7, Diff: 2.7, Sum: 11.2]
         [Termination Attempts: Min: 1, Avg: 1.0, Max: 1, Diff: 0, Sum: 6]
      [GC Worker Other (ms): Min: 0.0, Avg: 0.0, Max: 0.0, Diff: 0.0, Sum: 0.0]
      [GC Worker Total (ms): Min: 6.1, Avg: 7.5, Max: 9.5, Diff: 3.4, Sum: 45.0]
      [GC Worker End (ms): Min: 263274728.2, Avg: 263274728.3, Max: 263274728.4, Diff: 0.2]
   [Code Root Fixup: 0.0 ms]
   [Code Root Purge: 0.0 ms]
   [Clear CT: 0.8 ms]
   [Other: 16.8 ms]
      [Choose CSet: 0.0 ms]
      [Ref Proc: 16.4 ms]
      [Ref Enq: 0.1 ms]
      [Redirty Cards: 0.1 ms]
      [Humongous Register: 0.0 ms]
      [Humongous Reclaim: 0.0 ms]
      [Free CSet: 0.1 ms]
   [Eden: 7152.0M(7152.0M)->0.0B(7152.0M) Survivors: 16384.0K->16384.0K Heap: 10638.7M(14336.0M)->3487.3M(14336.0M)]
 [Times: user=0.08 sys=0.00, real=0.03 secs] 
2022-10-02T12:44:19.666-0600: 263274.746: [GC concurrent-root-region-scan-start]
2022-10-02T12:44:19.670-0600: 263274.749: [GC concurrent-root-region-scan-end, 0.0032302 secs]
2022-10-02T12:44:19.670-0600: 263274.749: [GC concurrent-mark-start]
2022-10-02T12:44:20.943-0600: 263276.023: [GC concurrent-mark-end, 1.2735655 secs]
2022-10-02T12:44:20.943-0600: 263276.023: [GC remark 2022-10-02T12:44:20.943-0600: 263276.023: [Finalize Marking, 0.0012726 secs] 2022-10-02T12:44:20.945-0600: 263276.024: [GC ref-proc, 0.0240025 secs] 2022-10-02T12:44:20.969-0600: 263276.048: [Unloading, 0.0286987 secs], 0.0592024 secs]
 [Times: user=0.21 sys=0.00, real=0.06 secs] 
2022-10-02T12:44:21.003-0600: 263276.082: [GC cleanup 3544M->3544M(14336M), 0.0083473 secs]
 [Times: user=0.03 sys=0.00, real=0.01 secs] 
2022-10-02T12:46:57.238-0600: 263432.318: [GC pause (G1 Evacuation Pause) (young), 0.0125274 secs]
   [Parallel Time: 3.3 ms, GC Workers: 6]
      [GC Worker Start (ms): Min: 263432317.7, Avg: 263432318.2, Max: 263432318.3, Diff: 0.6]
      [Ext Root Scanning (ms): Min: 0.8, Avg: 1.6, Max: 3.2, Diff: 2.4, Sum: 9.5]
      [Update RS (ms): Min: 0.0, Avg: 0.3, Max: 0.6, Diff: 0.6, Sum: 1.9]
         [Processed Buffers: Min: 0, Avg: 7.5, Max: 36, Diff: 36, Sum: 45]
      [Scan RS (ms): Min: 0.0, Avg: 0.0, Max: 0.1, Diff: 0.1, Sum: 0.2]
      [Code Root Scanning (ms): Min: 0.0, Avg: 0.0, Max: 0.0, Diff: 0.0, Sum: 0.0]
      [Object Copy (ms): Min: 0.0, Avg: 0.3, Max: 0.6, Diff: 0.6, Sum: 2.1]
      [Termination (ms): Min: 0.0, Avg: 0.4, Max: 0.6, Diff: 0.6, Sum: 2.7]
         [Termination Attempts: Min: 1, Avg: 1.0, Max: 1, Diff: 0, Sum: 6]
      [GC Worker Other (ms): Min: 0.0, Avg: 0.0, Max: 0.0, Diff: 0.0, Sum: 0.0]
      [GC Worker Total (ms): Min: 2.6, Avg: 2.8, Max: 3.2, Diff: 0.6, Sum: 16.5]
      [GC Worker End (ms): Min: 263432320.9, Avg: 263432320.9, Max: 263432321.0, Diff: 0.0]
   [Code Root Fixup: 0.0 ms]
   [Code Root Purge: 0.0 ms]
   [Clear CT: 0.8 ms]
   [Other: 8.5 ms]
      [Choose CSet: 0.0 ms]
      [Ref Proc: 8.1 ms]
      [Ref Enq: 0.1 ms]
      [Redirty Cards: 0.1 ms]
      [Humongous Register: 0.0 ms]
      [Humongous Reclaim: 0.0 ms]
      [Free CSet: 0.1 ms]
   [Eden: 7152.0M(7152.0M)->0.0B(7152.0M) Survivors: 16384.0K->16384.0K Heap: 10639.3M(14336.0M)->3488.1M(14336.0M)]
 [Times: user=0.04 sys=0.00, real=0.01 secs] 
2022-10-02T12:49:33.038-0600: 263588.118: [GC pause (G1 Evacuation Pause) (young), 0.0205123 secs]
   [Parallel Time: 4.3 ms, GC Workers: 6]
      [GC Worker Start (ms): Min: 263588117.8, Avg: 263588119.6, Max: 263588122.0, Diff: 4.2]
      [Ext Root Scanning (ms): Min: 0.0, Avg: 1.2, Max: 3.5, Diff: 3.5, Sum: 7.0]
      [Update RS (ms): Min: 0.0, Avg: 0.3, Max: 1.0, Diff: 1.0, Sum: 2.1]
         [Processed Buffers: Min: 0, Avg: 8.2, Max: 27, Diff: 27, Sum: 49]
      [Scan RS (ms): Min: 0.0, Avg: 0.0, Max: 0.1, Diff: 0.1, Sum: 0.2]
      [Code Root Scanning (ms): Min: 0.0, Avg: 0.0, Max: 0.0, Diff: 0.0, Sum: 0.0]
      [Object Copy (ms): Min: 0.0, Avg: 0.4, Max: 0.8, Diff: 0.8, Sum: 2.6]
      [Termination (ms): Min: 0.0, Avg: 0.5, Max: 0.6, Diff: 0.6, Sum: 2.9]
         [Termination Attempts: Min: 1, Avg: 1.2, Max: 2, Diff: 1, Sum: 7]
      [GC Worker Other (ms): Min: 0.0, Avg: 0.0, Max: 0.0, Diff: 0.0, Sum: 0.0]
      [GC Worker Total (ms): Min: 0.0, Avg: 2.5, Max: 4.2, Diff: 4.2, Sum: 14.8]
      [GC Worker End (ms): Min: 263588122.0, Avg: 263588122.0, Max: 263588122.0, Diff: 0.0]
   [Code Root Fixup: 0.0 ms]
   [Code Root Purge: 0.0 ms]
   [Clear CT: 0.9 ms]
   [Other: 15.3 ms]
      [Choose CSet: 0.0 ms]
      [Ref Proc: 15.0 ms]
      [Ref Enq: 0.1 ms]
      [Redirty Cards: 0.1 ms]
      [Humongous Register: 0.0 ms]
      [Humongous Reclaim: 0.0 ms]
      [Free CSet: 0.1 ms]
   [Eden: 7152.0M(7152.0M)->0.0B(7152.0M) Survivors: 16384.0K->16384.0K Heap: 10640.1M(14336.0M)->3487.9M(14336.0M)]
 [Times: user=0.06 sys=0.00, real=0.02 secs] 
2022-10-02T12:52:10.493-0600: 263745.573: [GC pause (G1 Evacuation Pause) (young) (initial-mark), 0.0227519 secs]
   [Parallel Time: 10.2 ms, GC Workers: 6]
      [GC Worker Start (ms): Min: 263745574.5, Avg: 263745577.0, Max: 263745578.2, Diff: 3.8]
      [Ext Root Scanning (ms): Min: 2.4, Avg: 4.4, Max: 8.7, Diff: 6.3, Sum: 26.5]
      [Update RS (ms): Min: 0.0, Avg: 0.3, Max: 0.5, Diff: 0.5, Sum: 2.0]
         [Processed Buffers: Min: 0, Avg: 7.8, Max: 33, Diff: 33, Sum: 47]
      [Scan RS (ms): Min: 0.0, Avg: 0.0, Max: 0.1, Diff: 0.1, Sum: 0.2]
      [Code Root Scanning (ms): Min: 0.0, Avg: 0.0, Max: 0.0, Diff: 0.0, Sum: 0.0]
      [Object Copy (ms): Min: 0.0, Avg: 0.3, Max: 0.6, Diff: 0.6, Sum: 2.1]
      [Termination (ms): Min: 0.0, Avg: 1.1, Max: 1.7, Diff: 1.7, Sum: 6.7]
         [Termination Attempts: Min: 1, Avg: 1.0, Max: 1, Diff: 0, Sum: 6]
      [GC Worker Other (ms): Min: 0.0, Avg: 0.0, Max: 0.0, Diff: 0.0, Sum: 0.0]
      [GC Worker Total (ms): Min: 5.0, Avg: 6.3, Max: 8.8, Diff: 3.7, Sum: 37.6]
      [GC Worker End (ms): Min: 263745583.3, Avg: 263745583.3, Max: 263745583.3, Diff: 0.0]
   [Code Root Fixup: 0.0 ms]
   [Code Root Purge: 0.0 ms]
   [Clear CT: 0.7 ms]
   [Other: 11.8 ms]
      [Choose CSet: 0.0 ms]
      [Ref Proc: 11.4 ms]
      [Ref Enq: 0.1 ms]
      [Redirty Cards: 0.1 ms]
      [Humongous Register: 0.0 ms]
      [Humongous Reclaim: 0.0 ms]
      [Free CSet: 0.1 ms]
   [Eden: 7152.0M(7152.0M)->0.0B(7152.0M) Survivors: 16384.0K->16384.0K Heap: 10639.9M(14336.0M)->3487.9M(14336.0M)]
 [Times: user=0.06 sys=0.00, real=0.02 secs] 
2022-10-02T12:52:10.516-0600: 263745.596: [GC concurrent-root-region-scan-start]
2022-10-02T12:52:10.520-0600: 263745.599: [GC concurrent-root-region-scan-end, 0.0034372 secs]
2022-10-02T12:52:10.520-0600: 263745.599: [GC concurrent-mark-start]
2022-10-02T12:52:11.768-0600: 263746.848: [GC concurrent-mark-end, 1.2481203 secs]
2022-10-02T12:52:11.768-0600: 263746.848: [GC remark 2022-10-02T12:52:11.768-0600: 263746.848: [Finalize Marking, 0.0012458 secs] 2022-10-02T12:52:11.769-0600: 263746.849: [GC ref-proc, 0.0229306 secs] 2022-10-02T12:52:11.792-0600: 263746.872: [Unloading, 0.0294822 secs], 0.0594398 secs]
 [Times: user=0.20 sys=0.00, real=0.06 secs] 
2022-10-02T12:52:11.827-0600: 263746.907: [GC cleanup 3553M->3553M(14336M), 0.0074961 secs]
 [Times: user=0.02 sys=0.00, real=0.01 secs] 
2022-10-02T12:54:46.492-0600: 263901.572: [GC pause (G1 Evacuation Pause) (young), 0.0149765 secs]
   [Parallel Time: 3.4 ms, GC Workers: 6]
      [GC Worker Start (ms): Min: 263901571.8, Avg: 263901572.2, Max: 263901572.7, Diff: 1.0]
      [Ext Root Scanning (ms): Min: 0.4, Avg: 1.1, Max: 3.1, Diff: 2.8, Sum: 6.8]
      [Update RS (ms): Min: 0.0, Avg: 0.4, Max: 0.6, Diff: 0.6, Sum: 2.3]
         [Processed Buffers: Min: 0, Avg: 7.3, Max: 31, Diff: 31, Sum: 44]
      [Scan RS (ms): Min: 0.0, Avg: 0.0, Max: 0.1, Diff: 0.1, Sum: 0.2]
      [Code Root Scanning (ms): Min: 0.0, Avg: 0.0, Max: 0.0, Diff: 0.0, Sum: 0.0]
      [Object Copy (ms): Min: 0.0, Avg: 0.4, Max: 0.6, Diff: 0.6, Sum: 2.3]
      [Termination (ms): Min: 0.0, Avg: 0.8, Max: 1.0, Diff: 1.0, Sum: 4.8]
         [Termination Attempts: Min: 1, Avg: 1.0, Max: 1, Diff: 0, Sum: 6]
      [GC Worker Other (ms): Min: 0.0, Avg: 0.0, Max: 0.0, Diff: 0.0, Sum: 0.0]
      [GC Worker Total (ms): Min: 2.3, Avg: 2.8, Max: 3.3, Diff: 1.0, Sum: 16.6]
      [GC Worker End (ms): Min: 263901574.9, Avg: 263901575.0, Max: 263901575.1, Diff: 0.2]
   [Code Root Fixup: 0.0 ms]
   [Code Root Purge: 0.0 ms]
   [Clear CT: 0.8 ms]
   [Other: 10.9 ms]
      [Choose CSet: 0.0 ms]
      [Ref Proc: 10.5 ms]
      [Ref Enq: 0.1 ms]
      [Redirty Cards: 0.1 ms]
      [Humongous Register: 0.0 ms]
      [Humongous Reclaim: 0.0 ms]
      [Free CSet: 0.1 ms]
   [Eden: 7152.0M(7152.0M)->0.0B(7152.0M) Survivors: 16384.0K->16384.0K Heap: 10639.9M(14336.0M)->3487.9M(14336.0M)]
 [Times: user=0.05 sys=0.00, real=0.02 secs] 
2022-10-02T12:57:25.497-0600: 264060.577: [GC pause (G1 Evacuation Pause) (young), 0.0166312 secs]
   [Parallel Time: 3.8 ms, GC Workers: 6]
      [GC Worker Start (ms): Min: 264060577.4, Avg: 264060578.2, Max: 264060580.9, Diff: 3.4]
      [Ext Root Scanning (ms): Min: 0.0, Avg: 1.6, Max: 3.2, Diff: 3.2, Sum: 9.6]
      [Update RS (ms): Min: 0.0, Avg: 0.3, Max: 0.8, Diff: 0.8, Sum: 2.0]
         [Processed Buffers: Min: 0, Avg: 6.8, Max: 24, Diff: 24, Sum: 41]
      [Scan RS (ms): Min: 0.0, Avg: 0.0, Max: 0.1, Diff: 0.1, Sum: 0.2]
      [Code Root Scanning (ms): Min: 0.0, Avg: 0.0, Max: 0.0, Diff: 0.0, Sum: 0.0]
      [Object Copy (ms): Min: 0.0, Avg: 0.3, Max: 0.7, Diff: 0.7, Sum: 1.9]
      [Termination (ms): Min: 0.0, Avg: 0.4, Max: 0.7, Diff: 0.7, Sum: 2.5]
         [Termination Attempts: Min: 1, Avg: 1.3, Max: 2, Diff: 1, Sum: 8]
      [GC Worker Other (ms): Min: 0.0, Avg: 0.0, Max: 0.0, Diff: 0.0, Sum: 0.0]
      [GC Worker Total (ms): Min: 0.0, Avg: 2.7, Max: 3.6, Diff: 3.6, Sum: 16.3]
      [GC Worker End (ms): Min: 264060580.9, Avg: 264060581.0, Max: 264060581.1, Diff: 0.1]
   [Code Root Fixup: 0.0 ms]
   [Code Root Purge: 0.0 ms]
   [Clear CT: 0.8 ms]
   [Other: 12.0 ms]
      [Choose CSet: 0.0 ms]
      [Ref Proc: 11.7 ms]
      [Ref Enq: 0.1 ms]
      [Redirty Cards: 0.1 ms]
      [Humongous Register: 0.0 ms]
      [Humongous Reclaim: 0.0 ms]
      [Free CSet: 0.1 ms]
   [Eden: 7152.0M(7152.0M)->0.0B(7152.0M) Survivors: 16384.0K->16384.0K Heap: 10639.9M(14336.0M)->3488.2M(14336.0M)]
 [Times: user=0.05 sys=0.00, real=0.02 secs] 
2022-10-02T13:00:02.138-0600: 264217.218: [GC pause (G1 Evacuation Pause) (young) (initial-mark), 0.0222147 secs]
   [Parallel Time: 9.8 ms, GC Workers: 6]
      [GC Worker Start (ms): Min: 264217219.3, Avg: 264217220.7, Max: 264217222.1, Diff: 2.8]
      [Ext Root Scanning (ms): Min: 3.1, Avg: 5.0, Max: 7.0, Diff: 3.9, Sum: 29.9]
      [Update RS (ms): Min: 0.0, Avg: 0.3, Max: 1.9, Diff: 1.9, Sum: 1.9]
         [Processed Buffers: Min: 0, Avg: 7.7, Max: 46, Diff: 46, Sum: 46]
      [Scan RS (ms): Min: 0.0, Avg: 0.0, Max: 0.1, Diff: 0.1, Sum: 0.2]
      [Code Root Scanning (ms): Min: 0.0, Avg: 0.0, Max: 0.0, Diff: 0.0, Sum: 0.0]
      [Object Copy (ms): Min: 0.0, Avg: 0.7, Max: 0.9, Diff: 0.9, Sum: 4.1]
      [Termination (ms): Min: 0.0, Avg: 1.0, Max: 1.2, Diff: 1.2, Sum: 6.1]
         [Termination Attempts: Min: 1, Avg: 19.0, Max: 39, Diff: 38, Sum: 114]
      [GC Worker Other (ms): Min: 0.0, Avg: 0.0, Max: 0.0, Diff: 0.0, Sum: 0.1]
      [GC Worker Total (ms): Min: 5.6, Avg: 7.0, Max: 8.5, Diff: 2.9, Sum: 42.3]
      [GC Worker End (ms): Min: 264217227.7, Avg: 264217227.8, Max: 264217227.8, Diff: 0.1]
   [Code Root Fixup: 0.0 ms]
   [Code Root Purge: 0.0 ms]
   [Clear CT: 0.7 ms]
   [Other: 11.7 ms]
      [Choose CSet: 0.0 ms]
      [Ref Proc: 11.2 ms]
      [Ref Enq: 0.1 ms]
      [Redirty Cards: 0.1 ms]
      [Humongous Register: 0.0 ms]
      [Humongous Reclaim: 0.0 ms]
      [Free CSet: 0.2 ms]
   [Eden: 7152.0M(7152.0M)->0.0B(7152.0M) Survivors: 16384.0K->16384.0K Heap: 10640.2M(14336.0M)->3488.2M(14336.0M)]
 [Times: user=0.06 sys=0.00, real=0.02 secs] 
2022-10-02T13:00:02.160-0600: 264217.240: [GC concurrent-root-region-scan-start]
2022-10-02T13:00:02.164-0600: 264217.243: [GC concurrent-root-region-scan-end, 0.0032028 secs]
2022-10-02T13:00:02.164-0600: 264217.243: [GC concurrent-mark-start]
2022-10-02T13:00:03.435-0600: 264218.515: [GC concurrent-mark-end, 1.2714573 secs]
2022-10-02T13:00:03.435-0600: 264218.515: [GC remark 2022-10-02T13:00:03.435-0600: 264218.515: [Finalize Marking, 0.0019120 secs] 2022-10-02T13:00:03.437-0600: 264218.517: [GC ref-proc, 0.0240864 secs] 2022-10-02T13:00:03.461-0600: 264218.541: [Unloading, 0.0266881 secs], 0.0616907 secs]
 [Times: user=0.20 sys=0.00, real=0.06 secs] 
2022-10-02T13:00:03.497-0600: 264218.577: [GC cleanup 3552M->3552M(14336M), 0.0077888 secs]
 [Times: user=0.02 sys=0.00, real=0.01 secs] 
2022-10-02T13:02:38.188-0600: 264373.268: [GC pause (G1 Evacuation Pause) (young), 0.0125317 secs]
   [Parallel Time: 3.4 ms, GC Workers: 6]
      [GC Worker Start (ms): Min: 264373268.2, Avg: 264373268.4, Max: 264373268.7, Diff: 0.6]
      [Ext Root Scanning (ms): Min: 0.5, Avg: 1.2, Max: 3.2, Diff: 2.7, Sum: 7.4]
      [Update RS (ms): Min: 0.0, Avg: 0.4, Max: 0.6, Diff: 0.6, Sum: 2.5]
         [Processed Buffers: Min: 0, Avg: 8.7, Max: 34, Diff: 34, Sum: 52]
      [Scan RS (ms): Min: 0.0, Avg: 0.0, Max: 0.1, Diff: 0.1, Sum: 0.3]
      [Code Root Scanning (ms): Min: 0.0, Avg: 0.0, Max: 0.0, Diff: 0.0, Sum: 0.0]
      [Object Copy (ms): Min: 0.0, Avg: 0.4, Max: 0.6, Diff: 0.6, Sum: 2.6]
      [Termination (ms): Min: 0.0, Avg: 1.0, Max: 1.2, Diff: 1.2, Sum: 5.7]
         [Termination Attempts: Min: 1, Avg: 3.2, Max: 5, Diff: 4, Sum: 19]
      [GC Worker Other (ms): Min: 0.0, Avg: 0.0, Max: 0.0, Diff: 0.0, Sum: 0.0]
      [GC Worker Total (ms): Min: 2.8, Avg: 3.1, Max: 3.4, Diff: 0.6, Sum: 18.5]
      [GC Worker End (ms): Min: 264373271.4, Avg: 264373271.5, Max: 264373271.5, Diff: 0.1]
   [Code Root Fixup: 0.0 ms]
   [Code Root Purge: 0.0 ms]
   [Clear CT: 0.7 ms]
   [Other: 8.4 ms]
      [Choose CSet: 0.0 ms]
      [Ref Proc: 8.0 ms]
      [Ref Enq: 0.1 ms]
      [Redirty Cards: 0.1 ms]
      [Humongous Register: 0.0 ms]
      [Humongous Reclaim: 0.0 ms]
      [Free CSet: 0.1 ms]
   [Eden: 7152.0M(7152.0M)->0.0B(7152.0M) Survivors: 16384.0K->16384.0K Heap: 10640.2M(14336.0M)->3488.2M(14336.0M)]
 [Times: user=0.04 sys=0.00, real=0.01 secs] 
2022-10-02T13:05:15.838-0600: 264530.918: [GC pause (G1 Evacuation Pause) (young), 0.0223824 secs]
   [Parallel Time: 5.1 ms, GC Workers: 6]
      [GC Worker Start (ms): Min: 264530917.6, Avg: 264530920.0, Max: 264530922.6, Diff: 5.0]
      [Ext Root Scanning (ms): Min: 0.0, Avg: 1.1, Max: 3.3, Diff: 3.3, Sum: 6.8]
      [Update RS (ms): Min: 0.0, Avg: 0.3, Max: 0.9, Diff: 0.9, Sum: 1.9]
         [Processed Buffers: Min: 0, Avg: 7.8, Max: 38, Diff: 38, Sum: 47]
      [Scan RS (ms): Min: 0.0, Avg: 0.0, Max: 0.1, Diff: 0.1, Sum: 0.2]
      [Code Root Scanning (ms): Min: 0.0, Avg: 0.0, Max: 0.0, Diff: 0.0, Sum: 0.0]
      [Object Copy (ms): Min: 0.0, Avg: 0.3, Max: 0.8, Diff: 0.8, Sum: 2.1]
      [Termination (ms): Min: 0.0, Avg: 0.8, Max: 1.2, Diff: 1.2, Sum: 4.7]
         [Termination Attempts: Min: 1, Avg: 2.0, Max: 4, Diff: 3, Sum: 12]
      [GC Worker Other (ms): Min: 0.0, Avg: 0.0, Max: 0.0, Diff: 0.0, Sum: 0.0]
      [GC Worker Total (ms): Min: 0.0, Avg: 2.6, Max: 5.0, Diff: 5.0, Sum: 15.7]
      [GC Worker End (ms): Min: 264530922.6, Avg: 264530922.6, Max: 264530922.7, Diff: 0.1]
   [Code Root Fixup: 0.0 ms]
   [Code Root Purge: 0.0 ms]
   [Clear CT: 0.9 ms]
   [Other: 16.4 ms]
      [Choose CSet: 0.0 ms]
      [Ref Proc: 16.1 ms]
      [Ref Enq: 0.0 ms]
      [Redirty Cards: 0.0 ms]
      [Humongous Register: 0.0 ms]
      [Humongous Reclaim: 0.0 ms]
      [Free CSet: 0.1 ms]
   [Eden: 7152.0M(7152.0M)->0.0B(7152.0M) Survivors: 16384.0K->16384.0K Heap: 10640.2M(14336.0M)->3488.9M(14336.0M)]
 [Times: user=0.07 sys=0.00, real=0.02 secs] 
2022-10-02T13:07:51.437-0600: 264686.517: [GC pause (G1 Evacuation Pause) (young) (initial-mark), 0.0307677 secs]
   [Parallel Time: 11.3 ms, GC Workers: 6]
      [GC Worker Start (ms): Min: 264686518.5, Avg: 264686520.8, Max: 264686522.1, Diff: 3.5]
      [Ext Root Scanning (ms): Min: 2.1, Avg: 4.7, Max: 6.2, Diff: 4.1, Sum: 28.3]
      [Update RS (ms): Min: 0.0, Avg: 0.3, Max: 0.7, Diff: 0.7, Sum: 2.1]
         [Processed Buffers: Min: 0, Avg: 8.3, Max: 39, Diff: 39, Sum: 50]
      [Scan RS (ms): Min: 0.0, Avg: 0.0, Max: 0.1, Diff: 0.1, Sum: 0.2]
      [Code Root Scanning (ms): Min: 0.0, Avg: 0.0, Max: 0.0, Diff: 0.0, Sum: 0.0]
      [Object Copy (ms): Min: 0.0, Avg: 0.4, Max: 0.9, Diff: 0.9, Sum: 2.6]
      [Termination (ms): Min: 0.0, Avg: 1.9, Max: 2.7, Diff: 2.7, Sum: 11.5]
         [Termination Attempts: Min: 1, Avg: 1.8, Max: 5, Diff: 4, Sum: 11]
      [GC Worker Other (ms): Min: 0.0, Avg: 0.0, Max: 0.0, Diff: 0.0, Sum: 0.0]
      [GC Worker Total (ms): Min: 6.2, Avg: 7.5, Max: 9.7, Diff: 3.5, Sum: 44.7]
      [GC Worker End (ms): Min: 264686528.3, Avg: 264686528.3, Max: 264686528.4, Diff: 0.2]
   [Code Root Fixup: 0.0 ms]
   [Code Root Purge: 0.0 ms]
   [Clear CT: 0.7 ms]
   [Other: 18.8 ms]
      [Choose CSet: 0.0 ms]
      [Ref Proc: 18.5 ms]
      [Ref Enq: 0.1 ms]
      [Redirty Cards: 0.0 ms]
      [Humongous Register: 0.0 ms]
      [Humongous Reclaim: 0.0 ms]
      [Free CSet: 0.1 ms]
   [Eden: 7152.0M(7152.0M)->0.0B(7152.0M) Survivors: 16384.0K->16384.0K Heap: 10640.9M(14336.0M)->3488.5M(14336.0M)]
 [Times: user=0.08 sys=0.00, real=0.03 secs] 
2022-10-02T13:07:51.468-0600: 264686.548: [GC concurrent-root-region-scan-start]
2022-10-02T13:07:51.471-0600: 264686.551: [GC concurrent-root-region-scan-end, 0.0030433 secs]
2022-10-02T13:07:51.471-0600: 264686.551: [GC concurrent-mark-start]
2022-10-02T13:07:52.732-0600: 264687.812: [GC concurrent-mark-end, 1.2605778 secs]
2022-10-02T13:07:52.732-0600: 264687.812: [GC remark 2022-10-02T13:07:52.732-0600: 264687.812: [Finalize Marking, 0.0019766 secs] 2022-10-02T13:07:52.734-0600: 264687.814: [GC ref-proc, 0.0276529 secs] 2022-10-02T13:07:52.762-0600: 264687.841: [Unloading, 0.0327439 secs], 0.0680264 secs]
 [Times: user=0.22 sys=0.00, real=0.07 secs] 
2022-10-02T13:07:52.800-0600: 264687.880: [GC cleanup 3560M->3560M(14336M), 0.0107831 secs]
 [Times: user=0.02 sys=0.00, real=0.01 secs] 
2022-10-02T13:10:29.305-0600: 264844.385: [GC pause (G1 Evacuation Pause) (young), 0.0188740 secs]
   [Parallel Time: 3.4 ms, GC Workers: 6]
      [GC Worker Start (ms): Min: 264844384.6, Avg: 264844384.7, Max: 264844384.8, Diff: 0.2]
      [Ext Root Scanning (ms): Min: 1.0, Avg: 1.7, Max: 3.2, Diff: 2.3, Sum: 10.1]
      [Update RS (ms): Min: 0.0, Avg: 0.4, Max: 0.6, Diff: 0.6, Sum: 2.1]
         [Processed Buffers: Min: 0, Avg: 7.7, Max: 32, Diff: 32, Sum: 46]
      [Scan RS (ms): Min: 0.0, Avg: 0.0, Max: 0.1, Diff: 0.1, Sum: 0.3]
      [Code Root Scanning (ms): Min: 0.0, Avg: 0.0, Max: 0.0, Diff: 0.0, Sum: 0.0]
      [Object Copy (ms): Min: 0.0, Avg: 0.4, Max: 0.6, Diff: 0.6, Sum: 2.3]
      [Termination (ms): Min: 0.0, Avg: 0.7, Max: 1.0, Diff: 1.0, Sum: 4.1]
         [Termination Attempts: Min: 1, Avg: 1.5, Max: 3, Diff: 2, Sum: 9]
      [GC Worker Other (ms): Min: 0.0, Avg: 0.0, Max: 0.0, Diff: 0.0, Sum: 0.0]
      [GC Worker Total (ms): Min: 3.0, Avg: 3.2, Max: 3.3, Diff: 0.2, Sum: 19.0]
      [GC Worker End (ms): Min: 264844387.8, Avg: 264844387.9, Max: 264844388.0, Diff: 0.2]
   [Code Root Fixup: 0.0 ms]
   [Code Root Purge: 0.0 ms]
   [Clear CT: 0.7 ms]
   [Other: 14.7 ms]
      [Choose CSet: 0.0 ms]
      [Ref Proc: 14.4 ms]
      [Ref Enq: 0.1 ms]
      [Redirty Cards: 0.1 ms]
      [Humongous Register: 0.0 ms]
      [Humongous Reclaim: 0.0 ms]
      [Free CSet: 0.1 ms]
   [Eden: 7152.0M(7152.0M)->0.0B(7152.0M) Survivors: 16384.0K->16384.0K Heap: 10640.5M(14336.0M)->3488.3M(14336.0M)]
 [Times: user=0.05 sys=0.00, real=0.02 secs] 
2022-10-02T13:13:05.937-0600: 265001.017: [GC pause (G1 Evacuation Pause) (young), 0.0158777 secs]
   [Parallel Time: 3.9 ms, GC Workers: 6]
      [GC Worker Start (ms): Min: 265001016.7, Avg: 265001018.2, Max: 265001020.5, Diff: 3.8]
      [Ext Root Scanning (ms): Min: 0.0, Avg: 1.0, Max: 2.9, Diff: 2.9, Sum: 6.1]
      [Update RS (ms): Min: 0.0, Avg: 0.3, Max: 0.8, Diff: 0.8, Sum: 1.6]
         [Processed Buffers: Min: 0, Avg: 7.7, Max: 41, Diff: 41, Sum: 46]
      [Scan RS (ms): Min: 0.0, Avg: 0.0, Max: 0.1, Diff: 0.1, Sum: 0.2]
      [Code Root Scanning (ms): Min: 0.0, Avg: 0.0, Max: 0.0, Diff: 0.0, Sum: 0.0]
      [Object Copy (ms): Min: 0.0, Avg: 0.6, Max: 2.1, Diff: 2.1, Sum: 3.8]
      [Termination (ms): Min: 0.0, Avg: 0.3, Max: 0.6, Diff: 0.6, Sum: 1.8]
         [Termination Attempts: Min: 1, Avg: 1.7, Max: 5, Diff: 4, Sum: 10]
      [GC Worker Other (ms): Min: 0.0, Avg: 0.0, Max: 0.0, Diff: 0.0, Sum: 0.0]
      [GC Worker Total (ms): Min: 0.0, Avg: 2.3, Max: 3.9, Diff: 3.8, Sum: 13.6]
      [GC Worker End (ms): Min: 265001020.5, Avg: 265001020.5, Max: 265001020.5, Diff: 0.0]
   [Code Root Fixup: 0.0 ms]
   [Code Root Purge: 0.0 ms]
   [Clear CT: 0.8 ms]
   [Other: 11.2 ms]
      [Choose CSet: 0.0 ms]
      [Ref Proc: 10.8 ms]
      [Ref Enq: 0.1 ms]
      [Redirty Cards: 0.1 ms]
      [Humongous Register: 0.0 ms]
      [Humongous Reclaim: 0.0 ms]
      [Free CSet: 0.1 ms]
   [Eden: 7152.0M(7152.0M)->0.0B(7152.0M) Survivors: 16384.0K->16384.0K Heap: 10640.3M(14336.0M)->3488.4M(14336.0M)]
 [Times: user=0.04 sys=0.01, real=0.01 secs] 
2022-10-02T13:15:42.636-0600: 265157.716: [GC pause (G1 Evacuation Pause) (young) (initial-mark), 0.0223845 secs]
   [Parallel Time: 12.3 ms, GC Workers: 6]
      [GC Worker Start (ms): Min: 265157717.5, Avg: 265157721.2, Max: 265157722.3, Diff: 4.7]
      [Ext Root Scanning (ms): Min: 2.1, Avg: 4.5, Max: 6.6, Diff: 4.5, Sum: 27.1]
      [Update RS (ms): Min: 0.0, Avg: 0.4, Max: 0.8, Diff: 0.8, Sum: 2.3]
         [Processed Buffers: Min: 0, Avg: 6.7, Max: 21, Diff: 21, Sum: 40]
      [Scan RS (ms): Min: 0.0, Avg: 0.0, Max: 0.1, Diff: 0.1, Sum: 0.2]
      [Code Root Scanning (ms): Min: 0.0, Avg: 0.0, Max: 0.0, Diff: 0.0, Sum: 0.0]
      [Object Copy (ms): Min: 0.0, Avg: 0.4, Max: 0.9, Diff: 0.9, Sum: 2.3]
      [Termination (ms): Min: 0.0, Avg: 1.9, Max: 2.7, Diff: 2.7, Sum: 11.5]
         [Termination Attempts: Min: 1, Avg: 1.0, Max: 1, Diff: 0, Sum: 6]
      [GC Worker Other (ms): Min: 0.0, Avg: 0.0, Max: 0.0, Diff: 0.0, Sum: 0.0]
      [GC Worker Total (ms): Min: 6.1, Avg: 7.2, Max: 11.0, Diff: 4.9, Sum: 43.4]
      [GC Worker End (ms): Min: 265157728.3, Avg: 265157728.4, Max: 265157728.5, Diff: 0.2]
   [Code Root Fixup: 0.0 ms]
   [Code Root Purge: 0.0 ms]
   [Clear CT: 0.5 ms]
   [Other: 9.6 ms]
      [Choose CSet: 0.0 ms]
      [Ref Proc: 9.2 ms]
      [Ref Enq: 0.1 ms]
      [Redirty Cards: 0.1 ms]
      [Humongous Register: 0.0 ms]
      [Humongous Reclaim: 0.0 ms]
      [Free CSet: 0.1 ms]
   [Eden: 7152.0M(7152.0M)->0.0B(7152.0M) Survivors: 16384.0K->16384.0K Heap: 10640.4M(14336.0M)->3489.0M(14336.0M)]
 [Times: user=0.06 sys=0.00, real=0.02 secs] 
2022-10-02T13:15:42.659-0600: 265157.739: [GC concurrent-root-region-scan-start]
2022-10-02T13:15:42.662-0600: 265157.742: [GC concurrent-root-region-scan-end, 0.0032168 secs]
2022-10-02T13:15:42.662-0600: 265157.742: [GC concurrent-mark-start]
2022-10-02T13:15:43.927-0600: 265159.007: [GC concurrent-mark-end, 1.2648053 secs]
2022-10-02T13:15:43.927-0600: 265159.007: [GC remark 2022-10-02T13:15:43.927-0600: 265159.007: [Finalize Marking, 0.0024383 secs] 2022-10-02T13:15:43.929-0600: 265159.009: [GC ref-proc, 0.0224517 secs] 2022-10-02T13:15:43.952-0600: 265159.032: [Unloading, 0.0290071 secs], 0.0674581 secs]
 [Times: user=0.20 sys=0.00, real=0.07 secs] 
2022-10-02T13:15:43.997-0600: 265159.077: [GC cleanup 3577M->3577M(14336M), 0.0061091 secs]
 [Times: user=0.02 sys=0.00, real=0.00 secs] 
2022-10-02T13:18:18.499-0600: 265313.579: [GC pause (G1 Evacuation Pause) (young), 0.0181221 secs]
   [Parallel Time: 4.4 ms, GC Workers: 6]
      [GC Worker Start (ms): Min: 265313578.6, Avg: 265313580.7, Max: 265313582.8, Diff: 4.3]
      [Ext Root Scanning (ms): Min: 0.0, Avg: 1.0, Max: 2.9, Diff: 2.9, Sum: 6.2]
      [Update RS (ms): Min: 0.0, Avg: 0.3, Max: 0.6, Diff: 0.6, Sum: 2.1]
         [Processed Buffers: Min: 0, Avg: 8.2, Max: 33, Diff: 33, Sum: 49]
      [Scan RS (ms): Min: 0.0, Avg: 0.0, Max: 0.1, Diff: 0.1, Sum: 0.2]
      [Code Root Scanning (ms): Min: 0.0, Avg: 0.0, Max: 0.0, Diff: 0.0, Sum: 0.0]
      [Object Copy (ms): Min: 0.0, Avg: 0.4, Max: 0.7, Diff: 0.7, Sum: 2.1]
      [Termination (ms): Min: 0.0, Avg: 0.4, Max: 0.6, Diff: 0.6, Sum: 2.4]
         [Termination Attempts: Min: 1, Avg: 1.0, Max: 1, Diff: 0, Sum: 6]
      [GC Worker Other (ms): Min: 0.0, Avg: 0.0, Max: 0.0, Diff: 0.0, Sum: 0.0]
      [GC Worker Total (ms): Min: 0.0, Avg: 2.2, Max: 4.3, Diff: 4.3, Sum: 13.0]
      [GC Worker End (ms): Min: 265313582.9, Avg: 265313582.9, Max: 265313582.9, Diff: 0.1]
   [Code Root Fixup: 0.0 ms]
   [Code Root Purge: 0.0 ms]
   [Clear CT: 0.7 ms]
   [Other: 13.0 ms]
      [Choose CSet: 0.0 ms]
      [Ref Proc: 12.6 ms]
      [Ref Enq: 0.1 ms]
      [Redirty Cards: 0.1 ms]
      [Humongous Register: 0.0 ms]
      [Humongous Reclaim: 0.0 ms]
      [Free CSet: 0.1 ms]
   [Eden: 7152.0M(7152.0M)->0.0B(7152.0M) Survivors: 16384.0K->16384.0K Heap: 10641.0M(14336.0M)->3488.9M(14336.0M)]
 [Times: user=0.05 sys=0.01, real=0.02 secs] 
2022-10-02T13:20:56.296-0600: 265471.376: [GC pause (G1 Evacuation Pause) (young), 0.0143590 secs]
   [Parallel Time: 3.4 ms, GC Workers: 6]
      [GC Worker Start (ms): Min: 265471375.7, Avg: 265471375.9, Max: 265471377.0, Diff: 1.3]
      [Ext Root Scanning (ms): Min: 0.0, Avg: 1.3, Max: 3.2, Diff: 3.2, Sum: 7.6]
      [Update RS (ms): Min: 0.0, Avg: 0.3, Max: 0.6, Diff: 0.6, Sum: 2.0]
         [Processed Buffers: Min: 0, Avg: 7.5, Max: 33, Diff: 33, Sum: 45]
      [Scan RS (ms): Min: 0.0, Avg: 0.0, Max: 0.1, Diff: 0.1, Sum: 0.2]
      [Code Root Scanning (ms): Min: 0.0, Avg: 0.0, Max: 0.0, Diff: 0.0, Sum: 0.0]
      [Object Copy (ms): Min: 0.0, Avg: 0.6, Max: 1.8, Diff: 1.8, Sum: 3.7]
      [Termination (ms): Min: 0.0, Avg: 0.7, Max: 1.1, Diff: 1.1, Sum: 4.3]
         [Termination Attempts: Min: 1, Avg: 7.2, Max: 11, Diff: 10, Sum: 43]
      [GC Worker Other (ms): Min: 0.0, Avg: 0.0, Max: 0.0, Diff: 0.0, Sum: 0.0]
      [GC Worker Total (ms): Min: 2.0, Avg: 3.0, Max: 3.4, Diff: 1.4, Sum: 18.0]
      [GC Worker End (ms): Min: 265471378.9, Avg: 265471378.9, Max: 265471379.0, Diff: 0.2]
   [Code Root Fixup: 0.0 ms]
   [Code Root Purge: 0.0 ms]
   [Clear CT: 0.8 ms]
   [Other: 10.1 ms]
      [Choose CSet: 0.0 ms]
      [Ref Proc: 9.8 ms]
      [Ref Enq: 0.1 ms]
      [Redirty Cards: 0.1 ms]
      [Humongous Register: 0.0 ms]
      [Humongous Reclaim: 0.0 ms]
      [Free CSet: 0.1 ms]
   [Eden: 7152.0M(7152.0M)->0.0B(7152.0M) Survivors: 16384.0K->16384.0K Heap: 10640.9M(14336.0M)->3489.3M(14336.0M)]
 [Times: user=0.05 sys=0.00, real=0.01 secs] 
2022-10-02T13:23:31.427-0600: 265626.506: [GC pause (G1 Evacuation Pause) (young) (initial-mark), 0.0227585 secs]
   [Parallel Time: 10.8 ms, GC Workers: 6]
      [GC Worker Start (ms): Min: 265626507.8, Avg: 265626509.6, Max: 265626510.9, Diff: 3.1]
      [Ext Root Scanning (ms): Min: 1.5, Avg: 5.3, Max: 7.3, Diff: 5.8, Sum: 31.6]
      [Update RS (ms): Min: 0.0, Avg: 0.4, Max: 1.1, Diff: 1.1, Sum: 2.2]
         [Processed Buffers: Min: 0, Avg: 8.2, Max: 39, Diff: 39, Sum: 49]
      [Scan RS (ms): Min: 0.0, Avg: 0.0, Max: 0.1, Diff: 0.1, Sum: 0.2]
      [Code Root Scanning (ms): Min: 0.0, Avg: 0.0, Max: 0.0, Diff: 0.0, Sum: 0.0]
      [Object Copy (ms): Min: 0.0, Avg: 0.4, Max: 1.2, Diff: 1.2, Sum: 2.2]
      [Termination (ms): Min: 0.0, Avg: 1.4, Max: 2.8, Diff: 2.8, Sum: 8.6]
         [Termination Attempts: Min: 1, Avg: 1.2, Max: 2, Diff: 1, Sum: 7]
      [GC Worker Other (ms): Min: 0.0, Avg: 0.0, Max: 0.0, Diff: 0.0, Sum: 0.0]
      [GC Worker Total (ms): Min: 6.2, Avg: 7.5, Max: 9.3, Diff: 3.1, Sum: 44.9]
      [GC Worker End (ms): Min: 265626517.1, Avg: 265626517.1, Max: 265626517.2, Diff: 0.2]
   [Code Root Fixup: 0.0 ms]
   [Code Root Purge: 0.0 ms]
   [Clear CT: 0.7 ms]
   [Other: 11.2 ms]
      [Choose CSet: 0.0 ms]
      [Ref Proc: 10.9 ms]
      [Ref Enq: 0.1 ms]
      [Redirty Cards: 0.1 ms]
      [Humongous Register: 0.0 ms]
      [Humongous Reclaim: 0.0 ms]
      [Free CSet: 0.1 ms]
   [Eden: 7152.0M(7152.0M)->0.0B(7152.0M) Survivors: 16384.0K->16384.0K Heap: 10641.3M(14336.0M)->3488.9M(14336.0M)]
 [Times: user=0.07 sys=0.00, real=0.02 secs] 
2022-10-02T13:23:31.449-0600: 265626.529: [GC concurrent-root-region-scan-start]
2022-10-02T13:23:31.453-0600: 265626.533: [GC concurrent-root-region-scan-end, 0.0034860 secs]
2022-10-02T13:23:31.453-0600: 265626.533: [GC concurrent-mark-start]
2022-10-02T13:23:32.717-0600: 265627.796: [GC concurrent-mark-end, 1.2637040 secs]
2022-10-02T13:23:32.717-0600: 265627.797: [GC remark 2022-10-02T13:23:32.717-0600: 265627.797: [Finalize Marking, 0.0013005 secs] 2022-10-02T13:23:32.718-0600: 265627.798: [GC ref-proc, 0.0298546 secs] 2022-10-02T13:23:32.748-0600: 265627.828: [Unloading, 0.0324646 secs], 0.0683002 secs]
 [Times: user=0.22 sys=0.00, real=0.07 secs] 
2022-10-02T13:23:32.785-0600: 265627.865: [GC cleanup 3584M->3584M(14336M), 0.0101403 secs]
 [Times: user=0.01 sys=0.00, real=0.01 secs] 
2022-10-02T13:26:09.186-0600: 265784.266: [GC pause (G1 Evacuation Pause) (young), 0.0211009 secs]
   [Parallel Time: 5.7 ms, GC Workers: 6]
      [GC Worker Start (ms): Min: 265784266.4, Avg: 265784269.4, Max: 265784271.9, Diff: 5.6]
      [Ext Root Scanning (ms): Min: 0.0, Avg: 1.1, Max: 3.2, Diff: 3.2, Sum: 6.7]
      [Update RS (ms): Min: 0.0, Avg: 0.3, Max: 0.7, Diff: 0.7, Sum: 2.0]
         [Processed Buffers: Min: 0, Avg: 6.8, Max: 19, Diff: 19, Sum: 41]
      [Scan RS (ms): Min: 0.0, Avg: 0.0, Max: 0.1, Diff: 0.1, Sum: 0.2]
      [Code Root Scanning (ms): Min: 0.0, Avg: 0.0, Max: 0.0, Diff: 0.0, Sum: 0.0]
      [Object Copy (ms): Min: 0.0, Avg: 0.3, Max: 0.8, Diff: 0.8, Sum: 2.0]
      [Termination (ms): Min: 0.0, Avg: 0.7, Max: 1.2, Diff: 1.2, Sum: 4.3]
         [Termination Attempts: Min: 1, Avg: 1.0, Max: 1, Diff: 0, Sum: 6]
      [GC Worker Other (ms): Min: 0.0, Avg: 0.0, Max: 0.0, Diff: 0.0, Sum: 0.0]
      [GC Worker Total (ms): Min: 0.0, Avg: 2.5, Max: 5.6, Diff: 5.6, Sum: 15.2]
      [GC Worker End (ms): Min: 265784272.0, Avg: 265784272.0, Max: 265784272.0, Diff: 0.0]
   [Code Root Fixup: 0.0 ms]
   [Code Root Purge: 0.0 ms]
   [Clear CT: 0.9 ms]
   [Other: 14.5 ms]
      [Choose CSet: 0.0 ms]
      [Ref Proc: 14.2 ms]
      [Ref Enq: 0.1 ms]
      [Redirty Cards: 0.1 ms]
      [Humongous Register: 0.0 ms]
      [Humongous Reclaim: 0.0 ms]
      [Free CSet: 0.1 ms]
   [Eden: 7152.0M(7152.0M)->0.0B(7152.0M) Survivors: 16384.0K->16384.0K Heap: 10640.9M(14336.0M)->3488.8M(14336.0M)]
 [Times: user=0.05 sys=0.01, real=0.02 secs] 
2022-10-02T13:28:44.537-0600: 265939.617: [GC pause (G1 Evacuation Pause) (young), 0.0239182 secs]
   [Parallel Time: 10.1 ms, GC Workers: 6]
      [GC Worker Start (ms): Min: 265939617.3, Avg: 265939619.9, Max: 265939622.1, Diff: 4.8]
      [Ext Root Scanning (ms): Min: 0.0, Avg: 1.0, Max: 3.2, Diff: 3.2, Sum: 5.9]
      [Update RS (ms): Min: 0.0, Avg: 1.4, Max: 6.8, Diff: 6.8, Sum: 8.3]
         [Processed Buffers: Min: 0, Avg: 8.5, Max: 33, Diff: 33, Sum: 51]
      [Scan RS (ms): Min: 0.0, Avg: 0.0, Max: 0.1, Diff: 0.1, Sum: 0.2]
      [Code Root Scanning (ms): Min: 0.0, Avg: 0.0, Max: 0.0, Diff: 0.0, Sum: 0.0]
      [Object Copy (ms): Min: 0.0, Avg: 0.4, Max: 0.5, Diff: 0.5, Sum: 2.1]
      [Termination (ms): Min: 0.0, Avg: 4.8, Max: 5.9, Diff: 5.9, Sum: 28.6]
         [Termination Attempts: Min: 1, Avg: 3.0, Max: 9, Diff: 8, Sum: 18]
      [GC Worker Other (ms): Min: 0.0, Avg: 0.0, Max: 0.0, Diff: 0.0, Sum: 0.0]
      [GC Worker Total (ms): Min: 5.3, Avg: 7.5, Max: 10.1, Diff: 4.8, Sum: 45.2]
      [GC Worker End (ms): Min: 265939627.4, Avg: 265939627.4, Max: 265939627.4, Diff: 0.0]
   [Code Root Fixup: 0.0 ms]
   [Code Root Purge: 0.0 ms]
   [Clear CT: 0.7 ms]
   [Other: 13.1 ms]
      [Choose CSet: 0.0 ms]
      [Ref Proc: 12.7 ms]
      [Ref Enq: 0.1 ms]
      [Redirty Cards: 0.1 ms]
      [Humongous Register: 0.0 ms]
      [Humongous Reclaim: 0.0 ms]
      [Free CSet: 0.1 ms]
   [Eden: 7152.0M(7152.0M)->0.0B(7152.0M) Survivors: 16384.0K->16384.0K Heap: 10640.8M(14336.0M)->3489.5M(14336.0M)]
 [Times: user=0.07 sys=0.00, real=0.02 secs] 
2022-10-02T13:31:21.888-0600: 266096.968: [GC pause (G1 Evacuation Pause) (young) (initial-mark), 0.0200781 secs]
   [Parallel Time: 10.7 ms, GC Workers: 6]
      [GC Worker Start (ms): Min: 266096969.7, Avg: 266096972.6, Max: 266096973.8, Diff: 4.1]
      [Ext Root Scanning (ms): Min: 2.1, Avg: 4.4, Max: 6.4, Diff: 4.4, Sum: 26.2]
      [Update RS (ms): Min: 0.0, Avg: 0.3, Max: 0.8, Diff: 0.8, Sum: 1.7]
         [Processed Buffers: Min: 0, Avg: 8.0, Max: 21, Diff: 21, Sum: 48]
      [Scan RS (ms): Min: 0.0, Avg: 0.0, Max: 0.1, Diff: 0.1, Sum: 0.2]
      [Code Root Scanning (ms): Min: 0.0, Avg: 0.0, Max: 0.0, Diff: 0.0, Sum: 0.0]
      [Object Copy (ms): Min: 0.0, Avg: 0.6, Max: 1.8, Diff: 1.8, Sum: 3.7]
      [Termination (ms): Min: 0.0, Avg: 1.1, Max: 1.6, Diff: 1.6, Sum: 6.6]
         [Termination Attempts: Min: 1, Avg: 2.3, Max: 5, Diff: 4, Sum: 14]
      [GC Worker Other (ms): Min: 0.0, Avg: 0.0, Max: 0.0, Diff: 0.0, Sum: 0.0]
      [GC Worker Total (ms): Min: 5.2, Avg: 6.4, Max: 9.3, Diff: 4.1, Sum: 38.6]
      [GC Worker End (ms): Min: 266096979.0, Avg: 266096979.0, Max: 266096979.0, Diff: 0.0]
   [Code Root Fixup: 0.0 ms]
   [Code Root Purge: 0.0 ms]
   [Clear CT: 0.9 ms]
   [Other: 8.5 ms]
      [Choose CSet: 0.0 ms]
      [Ref Proc: 8.1 ms]
      [Ref Enq: 0.1 ms]
      [Redirty Cards: 0.1 ms]
      [Humongous Register: 0.0 ms]
      [Humongous Reclaim: 0.0 ms]
      [Free CSet: 0.1 ms]
   [Eden: 7152.0M(7152.0M)->0.0B(7152.0M) Survivors: 16384.0K->16384.0K Heap: 10641.5M(14336.0M)->3489.2M(14336.0M)]
 [Times: user=0.05 sys=0.00, real=0.02 secs] 
2022-10-02T13:31:21.909-0600: 266096.989: [GC concurrent-root-region-scan-start]
2022-10-02T13:31:21.913-0600: 266096.993: [GC concurrent-root-region-scan-end, 0.0041008 secs]
2022-10-02T13:31:21.913-0600: 266096.993: [GC concurrent-mark-start]
2022-10-02T13:31:23.167-0600: 266098.247: [GC concurrent-mark-end, 1.2543702 secs]
2022-10-02T13:31:23.167-0600: 266098.247: [GC remark 2022-10-02T13:31:23.167-0600: 266098.247: [Finalize Marking, 0.0022747 secs] 2022-10-02T13:31:23.170-0600: 266098.249: [GC ref-proc, 0.0272311 secs] 2022-10-02T13:31:23.197-0600: 266098.277: [Unloading, 0.0286471 secs], 0.0627315 secs]
 [Times: user=0.23 sys=0.00, real=0.06 secs] 
2022-10-02T13:31:23.230-0600: 266098.310: [GC cleanup 3546M->3546M(14336M), 0.0084603 secs]
 [Times: user=0.02 sys=0.00, real=0.01 secs] 
2022-10-02T13:33:57.496-0600: 266252.576: [GC pause (G1 Evacuation Pause) (young), 0.0140310 secs]
   [Parallel Time: 3.4 ms, GC Workers: 6]
      [GC Worker Start (ms): Min: 266252575.7, Avg: 266252576.1, Max: 266252576.4, Diff: 0.6]
      [Ext Root Scanning (ms): Min: 0.6, Avg: 1.2, Max: 3.2, Diff: 2.5, Sum: 7.3]
      [Update RS (ms): Min: 0.0, Avg: 0.4, Max: 0.6, Diff: 0.6, Sum: 2.4]
         [Processed Buffers: Min: 0, Avg: 8.7, Max: 26, Diff: 26, Sum: 52]
      [Scan RS (ms): Min: 0.0, Avg: 0.0, Max: 0.1, Diff: 0.1, Sum: 0.2]
      [Code Root Scanning (ms): Min: 0.0, Avg: 0.0, Max: 0.0, Diff: 0.0, Sum: 0.0]
      [Object Copy (ms): Min: 0.0, Avg: 0.4, Max: 0.6, Diff: 0.5, Sum: 2.6]
      [Termination (ms): Min: 0.0, Avg: 0.8, Max: 1.0, Diff: 1.0, Sum: 4.7]
         [Termination Attempts: Min: 1, Avg: 1.2, Max: 2, Diff: 1, Sum: 7]
      [GC Worker Other (ms): Min: 0.0, Avg: 0.0, Max: 0.0, Diff: 0.0, Sum: 0.1]
      [GC Worker Total (ms): Min: 2.6, Avg: 2.9, Max: 3.3, Diff: 0.7, Sum: 17.2]
      [GC Worker End (ms): Min: 266252578.9, Avg: 266252579.0, Max: 266252579.1, Diff: 0.2]
   [Code Root Fixup: 0.0 ms]
   [Code Root Purge: 0.0 ms]
   [Clear CT: 0.7 ms]
   [Other: 9.9 ms]
      [Choose CSet: 0.0 ms]
      [Ref Proc: 9.5 ms]
      [Ref Enq: 0.1 ms]
      [Redirty Cards: 0.1 ms]
      [Humongous Register: 0.0 ms]
      [Humongous Reclaim: 0.0 ms]
      [Free CSet: 0.1 ms]
   [Eden: 7152.0M(7152.0M)->0.0B(7152.0M) Survivors: 16384.0K->16384.0K Heap: 10641.2M(14336.0M)->3489.1M(14336.0M)]
 [Times: user=0.05 sys=0.00, real=0.01 secs] 
2022-10-02T13:36:34.937-0600: 266410.017: [GC pause (G1 Evacuation Pause) (young), 0.0143043 secs]
   [Parallel Time: 3.5 ms, GC Workers: 6]
      [GC Worker Start (ms): Min: 266410017.4, Avg: 266410017.5, Max: 266410017.5, Diff: 0.1]
      [Ext Root Scanning (ms): Min: 1.2, Avg: 2.3, Max: 3.4, Diff: 2.2, Sum: 13.6]
      [Update RS (ms): Min: 0.0, Avg: 0.3, Max: 0.8, Diff: 0.8, Sum: 2.0]
         [Processed Buffers: Min: 0, Avg: 7.5, Max: 39, Diff: 39, Sum: 45]
      [Scan RS (ms): Min: 0.0, Avg: 0.1, Max: 0.3, Diff: 0.3, Sum: 0.5]
      [Code Root Scanning (ms): Min: 0.0, Avg: 0.0, Max: 0.0, Diff: 0.0, Sum: 0.0]
      [Object Copy (ms): Min: 0.0, Avg: 0.4, Max: 0.8, Diff: 0.8, Sum: 2.2]
      [Termination (ms): Min: 0.0, Avg: 0.3, Max: 0.6, Diff: 0.6, Sum: 2.1]
         [Termination Attempts: Min: 1, Avg: 1.2, Max: 2, Diff: 1, Sum: 7]
      [GC Worker Other (ms): Min: 0.0, Avg: 0.0, Max: 0.0, Diff: 0.0, Sum: 0.0]
      [GC Worker Total (ms): Min: 3.3, Avg: 3.4, Max: 3.5, Diff: 0.1, Sum: 20.4]
      [GC Worker End (ms): Min: 266410020.8, Avg: 266410020.9, Max: 266410020.9, Diff: 0.1]
   [Code Root Fixup: 0.0 ms]
   [Code Root Purge: 0.0 ms]
   [Clear CT: 0.9 ms]
   [Other: 9.9 ms]
      [Choose CSet: 0.0 ms]
      [Ref Proc: 9.6 ms]
      [Ref Enq: 0.1 ms]
      [Redirty Cards: 0.1 ms]
      [Humongous Register: 0.0 ms]
      [Humongous Reclaim: 0.0 ms]
      [Free CSet: 0.1 ms]
   [Eden: 7152.0M(7152.0M)->0.0B(7152.0M) Survivors: 16384.0K->16384.0K Heap: 10641.1M(14336.0M)->3489.5M(14336.0M)]
 [Times: user=0.04 sys=0.00, real=0.01 secs] 
2022-10-02T13:39:11.238-0600: 266566.318: [GC pause (G1 Evacuation Pause) (young) (initial-mark), 0.0198511 secs]
   [Parallel Time: 9.2 ms, GC Workers: 6]
      [GC Worker Start (ms): Min: 266566319.6, Avg: 266566320.8, Max: 266566322.2, Diff: 2.6]
      [Ext Root Scanning (ms): Min: 2.1, Avg: 4.7, Max: 6.5, Diff: 4.4, Sum: 28.2]
      [Update RS (ms): Min: 0.0, Avg: 0.4, Max: 0.8, Diff: 0.8, Sum: 2.3]
         [Processed Buffers: Min: 0, Avg: 8.7, Max: 39, Diff: 39, Sum: 52]
      [Scan RS (ms): Min: 0.0, Avg: 0.0, Max: 0.1, Diff: 0.1, Sum: 0.2]
      [Code Root Scanning (ms): Min: 0.0, Avg: 0.0, Max: 0.0, Diff: 0.0, Sum: 0.0]
      [Object Copy (ms): Min: 0.0, Avg: 0.4, Max: 0.8, Diff: 0.8, Sum: 2.6]
      [Termination (ms): Min: 0.0, Avg: 1.1, Max: 1.7, Diff: 1.7, Sum: 6.6]
         [Termination Attempts: Min: 1, Avg: 1.0, Max: 1, Diff: 0, Sum: 6]
      [GC Worker Other (ms): Min: 0.0, Avg: 0.0, Max: 0.0, Diff: 0.0, Sum: 0.0]
      [GC Worker Total (ms): Min: 5.3, Avg: 6.7, Max: 7.9, Diff: 2.6, Sum: 39.9]
      [GC Worker End (ms): Min: 266566327.5, Avg: 266566327.5, Max: 266566327.5, Diff: 0.0]
   [Code Root Fixup: 0.0 ms]
   [Code Root Purge: 0.0 ms]
   [Clear CT: 0.8 ms]
   [Other: 9.8 ms]
      [Choose CSet: 0.0 ms]
      [Ref Proc: 9.4 ms]
      [Ref Enq: 0.1 ms]
      [Redirty Cards: 0.1 ms]
      [Humongous Register: 0.0 ms]
      [Humongous Reclaim: 0.0 ms]
      [Free CSet: 0.1 ms]
   [Eden: 7152.0M(7152.0M)->0.0B(7152.0M) Survivors: 16384.0K->16384.0K Heap: 10641.5M(14336.0M)->3489.4M(14336.0M)]
 [Times: user=0.05 sys=0.00, real=0.02 secs] 
2022-10-02T13:39:11.258-0600: 266566.338: [GC concurrent-root-region-scan-start]
2022-10-02T13:39:11.261-0600: 266566.341: [GC concurrent-root-region-scan-end, 0.0031096 secs]
2022-10-02T13:39:11.261-0600: 266566.341: [GC concurrent-mark-start]
2022-10-02T13:39:12.565-0600: 266567.645: [GC concurrent-mark-end, 1.3035505 secs]
2022-10-02T13:39:12.565-0600: 266567.645: [GC remark 2022-10-02T13:39:12.565-0600: 266567.645: [Finalize Marking, 0.0023646 secs] 2022-10-02T13:39:12.568-0600: 266567.648: [GC ref-proc, 0.0208905 secs] 2022-10-02T13:39:12.589-0600: 266567.669: [Unloading, 0.0295222 secs], 0.0620155 secs]
 [Times: user=0.21 sys=0.00, real=0.06 secs] 
2022-10-02T13:39:12.627-0600: 266567.707: [GC cleanup 3569M->3569M(14336M), 0.0080314 secs]
 [Times: user=0.02 sys=0.00, real=0.01 secs] 
2022-10-02T13:41:48.786-0600: 266723.866: [GC pause (G1 Evacuation Pause) (young), 0.0145331 secs]
   [Parallel Time: 5.0 ms, GC Workers: 6]
      [GC Worker Start (ms): Min: 266723865.7, Avg: 266723867.9, Max: 266723870.6, Diff: 4.9]
      [Ext Root Scanning (ms): Min: 0.0, Avg: 1.1, Max: 3.0, Diff: 3.0, Sum: 6.4]
      [Update RS (ms): Min: 0.0, Avg: 0.3, Max: 0.8, Diff: 0.8, Sum: 1.7]
         [Processed Buffers: Min: 0, Avg: 7.2, Max: 25, Diff: 25, Sum: 43]
      [Scan RS (ms): Min: 0.0, Avg: 0.0, Max: 0.1, Diff: 0.1, Sum: 0.2]
      [Code Root Scanning (ms): Min: 0.0, Avg: 0.0, Max: 0.0, Diff: 0.0, Sum: 0.0]
      [Object Copy (ms): Min: 0.0, Avg: 0.4, Max: 0.8, Diff: 0.8, Sum: 2.5]
      [Termination (ms): Min: 0.0, Avg: 0.9, Max: 1.2, Diff: 1.2, Sum: 5.5]
         [Termination Attempts: Min: 1, Avg: 1.3, Max: 3, Diff: 2, Sum: 8]
      [GC Worker Other (ms): Min: 0.0, Avg: 0.0, Max: 0.0, Diff: 0.0, Sum: 0.0]
      [GC Worker Total (ms): Min: 0.0, Avg: 2.7, Max: 4.9, Diff: 4.9, Sum: 16.3]
      [GC Worker End (ms): Min: 266723870.6, Avg: 266723870.7, Max: 266723870.7, Diff: 0.1]
   [Code Root Fixup: 0.0 ms]
   [Code Root Purge: 0.0 ms]
   [Clear CT: 0.5 ms]
   [Other: 9.0 ms]
      [Choose CSet: 0.0 ms]
      [Ref Proc: 8.7 ms]
      [Ref Enq: 0.1 ms]
      [Redirty Cards: 0.1 ms]
      [Humongous Register: 0.0 ms]
      [Humongous Reclaim: 0.0 ms]
      [Free CSet: 0.1 ms]
   [Eden: 7152.0M(7152.0M)->0.0B(7152.0M) Survivors: 16384.0K->16384.0K Heap: 10641.4M(14336.0M)->3489.4M(14336.0M)]
 [Times: user=0.04 sys=0.00, real=0.01 secs] 
2022-10-02T13:44:24.495-0600: 266879.575: [GC pause (G1 Evacuation Pause) (young), 0.0141260 secs]
   [Parallel Time: 3.1 ms, GC Workers: 6]
      [GC Worker Start (ms): Min: 266879575.2, Avg: 266879576.0, Max: 266879576.7, Diff: 1.5]
      [Ext Root Scanning (ms): Min: 0.1, Avg: 1.1, Max: 3.1, Diff: 3.0, Sum: 6.4]
      [Update RS (ms): Min: 0.0, Avg: 0.4, Max: 0.5, Diff: 0.5, Sum: 2.3]
         [Processed Buffers: Min: 0, Avg: 8.8, Max: 23, Diff: 23, Sum: 53]
      [Scan RS (ms): Min: 0.0, Avg: 0.0, Max: 0.1, Diff: 0.1, Sum: 0.2]
      [Code Root Scanning (ms): Min: 0.0, Avg: 0.0, Max: 0.0, Diff: 0.0, Sum: 0.0]
      [Object Copy (ms): Min: 0.0, Avg: 0.4, Max: 0.6, Diff: 0.6, Sum: 2.3]
      [Termination (ms): Min: 0.0, Avg: 0.5, Max: 0.6, Diff: 0.6, Sum: 2.8]
         [Termination Attempts: Min: 1, Avg: 1.0, Max: 1, Diff: 0, Sum: 6]
      [GC Worker Other (ms): Min: 0.0, Avg: 0.0, Max: 0.0, Diff: 0.0, Sum: 0.0]
      [GC Worker Total (ms): Min: 1.6, Avg: 2.3, Max: 3.1, Diff: 1.5, Sum: 14.1]
      [GC Worker End (ms): Min: 266879578.3, Avg: 266879578.3, Max: 266879578.3, Diff: 0.0]
   [Code Root Fixup: 0.0 ms]
   [Code Root Purge: 0.0 ms]
   [Clear CT: 0.7 ms]
   [Other: 10.2 ms]
      [Choose CSet: 0.0 ms]
      [Ref Proc: 9.9 ms]
      [Ref Enq: 0.1 ms]
      [Redirty Cards: 0.1 ms]
      [Humongous Register: 0.0 ms]
      [Humongous Reclaim: 0.0 ms]
      [Free CSet: 0.1 ms]
   [Eden: 7152.0M(7152.0M)->0.0B(7152.0M) Survivors: 16384.0K->16384.0K Heap: 10641.4M(14336.0M)->3489.4M(14336.0M)]
 [Times: user=0.04 sys=0.00, real=0.01 secs] 
2022-10-02T13:47:02.336-0600: 267037.416: [GC pause (G1 Evacuation Pause) (young) (initial-mark), 0.0243026 secs]
   [Parallel Time: 11.4 ms, GC Workers: 6]
      [GC Worker Start (ms): Min: 267037417.4, Avg: 267037418.7, Max: 267037420.1, Diff: 2.8]
      [Ext Root Scanning (ms): Min: 2.2, Avg: 4.8, Max: 9.7, Diff: 7.5, Sum: 28.7]
      [Update RS (ms): Min: 0.0, Avg: 0.3, Max: 0.6, Diff: 0.6, Sum: 2.0]
         [Processed Buffers: Min: 0, Avg: 7.2, Max: 24, Diff: 24, Sum: 43]
      [Scan RS (ms): Min: 0.0, Avg: 0.0, Max: 0.1, Diff: 0.1, Sum: 0.2]
      [Code Root Scanning (ms): Min: 0.0, Avg: 0.0, Max: 0.0, Diff: 0.0, Sum: 0.0]
      [Object Copy (ms): Min: 0.0, Avg: 0.4, Max: 0.7, Diff: 0.6, Sum: 2.2]
      [Termination (ms): Min: 0.0, Avg: 3.1, Max: 4.0, Diff: 4.0, Sum: 18.4]
         [Termination Attempts: Min: 1, Avg: 1.3, Max: 3, Diff: 2, Sum: 8]
      [GC Worker Other (ms): Min: 0.0, Avg: 0.0, Max: 0.0, Diff: 0.0, Sum: 0.0]
      [GC Worker Total (ms): Min: 7.2, Avg: 8.6, Max: 10.0, Diff: 2.8, Sum: 51.7]
      [GC Worker End (ms): Min: 267037427.3, Avg: 267037427.4, Max: 267037427.4, Diff: 0.1]
   [Code Root Fixup: 0.0 ms]
   [Code Root Purge: 0.0 ms]
   [Clear CT: 0.7 ms]
   [Other: 12.1 ms]
      [Choose CSet: 0.0 ms]
      [Ref Proc: 11.7 ms]
      [Ref Enq: 0.1 ms]
      [Redirty Cards: 0.1 ms]
      [Humongous Register: 0.0 ms]
      [Humongous Reclaim: 0.0 ms]
      [Free CSet: 0.1 ms]
   [Eden: 7152.0M(7152.0M)->0.0B(7152.0M) Survivors: 16384.0K->16384.0K Heap: 10641.4M(14336.0M)->3489.4M(14336.0M)]
 [Times: user=0.07 sys=0.00, real=0.02 secs] 
2022-10-02T13:47:02.360-0600: 267037.440: [GC concurrent-root-region-scan-start]
2022-10-02T13:47:02.364-0600: 267037.444: [GC concurrent-root-region-scan-end, 0.0037141 secs]
2022-10-02T13:47:02.364-0600: 267037.444: [GC concurrent-mark-start]
2022-10-02T13:47:03.673-0600: 267038.753: [GC concurrent-mark-end, 1.3087329 secs]
2022-10-02T13:47:03.673-0600: 267038.753: [GC remark 2022-10-02T13:47:03.673-0600: 267038.753: [Finalize Marking, 0.0017296 secs] 2022-10-02T13:47:03.675-0600: 267038.755: [GC ref-proc, 0.0270248 secs] 2022-10-02T13:47:03.702-0600: 267038.782: [Unloading, 0.0273741 secs], 0.0620967 secs]
 [Times: user=0.23 sys=0.00, real=0.06 secs] 
2022-10-02T13:47:03.739-0600: 267038.819: [GC cleanup 3581M->3581M(14336M), 0.0075361 secs]
 [Times: user=0.03 sys=0.00, real=0.01 secs] 
2022-10-02T13:49:37.494-0600: 267192.574: [GC pause (G1 Evacuation Pause) (young), 0.0257346 secs]
   [Parallel Time: 4.2 ms, GC Workers: 6]
      [GC Worker Start (ms): Min: 267192573.9, Avg: 267192574.7, Max: 267192576.7, Diff: 2.8]
      [Ext Root Scanning (ms): Min: 0.0, Avg: 2.0, Max: 3.7, Diff: 3.6, Sum: 12.3]
      [Update RS (ms): Min: 0.0, Avg: 0.3, Max: 0.8, Diff: 0.8, Sum: 1.7]
         [Processed Buffers: Min: 0, Avg: 8.8, Max: 32, Diff: 32, Sum: 53]
      [Scan RS (ms): Min: 0.0, Avg: 0.0, Max: 0.1, Diff: 0.1, Sum: 0.2]
      [Code Root Scanning (ms): Min: 0.0, Avg: 0.0, Max: 0.0, Diff: 0.0, Sum: 0.0]
      [Object Copy (ms): Min: 0.0, Avg: 0.5, Max: 0.8, Diff: 0.8, Sum: 2.8]
      [Termination (ms): Min: 0.0, Avg: 0.5, Max: 0.6, Diff: 0.6, Sum: 2.9]
         [Termination Attempts: Min: 1, Avg: 6.2, Max: 11, Diff: 10, Sum: 37]
      [GC Worker Other (ms): Min: 0.0, Avg: 0.0, Max: 0.0, Diff: 0.0, Sum: 0.0]
      [GC Worker Total (ms): Min: 1.3, Avg: 3.3, Max: 4.1, Diff: 2.8, Sum: 20.0]
      [GC Worker End (ms): Min: 267192578.0, Avg: 267192578.0, Max: 267192578.0, Diff: 0.0]
   [Code Root Fixup: 0.0 ms]
   [Code Root Purge: 0.0 ms]
   [Clear CT: 0.8 ms]
   [Other: 20.7 ms]
      [Choose CSet: 0.0 ms]
      [Ref Proc: 20.4 ms]
      [Ref Enq: 0.1 ms]
      [Redirty Cards: 0.1 ms]
      [Humongous Register: 0.0 ms]
      [Humongous Reclaim: 0.0 ms]
      [Free CSet: 0.1 ms]
   [Eden: 7152.0M(7152.0M)->0.0B(7152.0M) Survivors: 16384.0K->16384.0K Heap: 10641.4M(14336.0M)->3490.1M(14336.0M)]
 [Times: user=0.07 sys=0.00, real=0.02 secs] 
2022-10-02T13:52:14.986-0600: 267350.066: [GC pause (G1 Evacuation Pause) (young), 0.0142252 secs]
   [Parallel Time: 3.3 ms, GC Workers: 6]
      [GC Worker Start (ms): Min: 267350066.2, Avg: 267350067.1, Max: 267350068.7, Diff: 2.5]
      [Ext Root Scanning (ms): Min: 0.0, Avg: 1.3, Max: 3.1, Diff: 3.0, Sum: 8.0]
      [Update RS (ms): Min: 0.0, Avg: 0.4, Max: 0.7, Diff: 0.7, Sum: 2.2]
         [Processed Buffers: Min: 0, Avg: 7.3, Max: 23, Diff: 23, Sum: 44]
      [Scan RS (ms): Min: 0.0, Avg: 0.0, Max: 0.1, Diff: 0.1, Sum: 0.2]
      [Code Root Scanning (ms): Min: 0.0, Avg: 0.0, Max: 0.0, Diff: 0.0, Sum: 0.0]
      [Object Copy (ms): Min: 0.1, Avg: 0.5, Max: 1.0, Diff: 0.9, Sum: 3.1]
      [Termination (ms): Min: 0.0, Avg: 0.0, Max: 0.0, Diff: 0.0, Sum: 0.0]
         [Termination Attempts: Min: 1, Avg: 1.3, Max: 2, Diff: 1, Sum: 8]
      [GC Worker Other (ms): Min: 0.0, Avg: 0.0, Max: 0.0, Diff: 0.0, Sum: 0.1]
      [GC Worker Total (ms): Min: 0.7, Avg: 2.3, Max: 3.2, Diff: 2.5, Sum: 13.6]
      [GC Worker End (ms): Min: 267350069.4, Avg: 267350069.4, Max: 267350069.4, Diff: 0.0]
   [Code Root Fixup: 0.0 ms]
   [Code Root Purge: 0.0 ms]
   [Clear CT: 0.9 ms]
   [Other: 10.1 ms]
      [Choose CSet: 0.0 ms]
      [Ref Proc: 9.8 ms]
      [Ref Enq: 0.0 ms]
      [Redirty Cards: 0.0 ms]
      [Humongous Register: 0.0 ms]
      [Humongous Reclaim: 0.0 ms]
      [Free CSet: 0.1 ms]
   [Eden: 7152.0M(7152.0M)->0.0B(7152.0M) Survivors: 16384.0K->16384.0K Heap: 10642.1M(14336.0M)->3489.9M(14336.0M)]
 [Times: user=0.04 sys=0.00, real=0.01 secs] 
2022-10-02T13:54:50.499-0600: 267505.579: [GC pause (G1 Evacuation Pause) (young) (initial-mark), 0.0283422 secs]
   [Parallel Time: 14.8 ms, GC Workers: 6]
      [GC Worker Start (ms): Min: 267505579.9, Avg: 267505582.5, Max: 267505583.7, Diff: 3.8]
      [Ext Root Scanning (ms): Min: 2.2, Avg: 5.8, Max: 13.1, Diff: 10.8, Sum: 34.8]
      [Update RS (ms): Min: 0.0, Avg: 0.4, Max: 0.7, Diff: 0.7, Sum: 2.1]
         [Processed Buffers: Min: 0, Avg: 8.7, Max: 28, Diff: 28, Sum: 52]
      [Scan RS (ms): Min: 0.0, Avg: 0.0, Max: 0.1, Diff: 0.1, Sum: 0.2]
      [Code Root Scanning (ms): Min: 0.0, Avg: 0.0, Max: 0.0, Diff: 0.0, Sum: 0.0]
      [Object Copy (ms): Min: 0.0, Avg: 0.4, Max: 0.8, Diff: 0.8, Sum: 2.1]
      [Termination (ms): Min: 0.0, Avg: 4.1, Max: 6.0, Diff: 6.0, Sum: 24.8]
         [Termination Attempts: Min: 1, Avg: 2.7, Max: 6, Diff: 5, Sum: 16]
      [GC Worker Other (ms): Min: 0.0, Avg: 0.0, Max: 0.0, Diff: 0.0, Sum: 0.1]
      [GC Worker Total (ms): Min: 9.5, Avg: 10.7, Max: 13.3, Diff: 3.7, Sum: 64.1]
      [GC Worker End (ms): Min: 267505593.2, Avg: 267505593.2, Max: 267505593.3, Diff: 0.1]
   [Code Root Fixup: 0.0 ms]
   [Code Root Purge: 0.0 ms]
   [Clear CT: 0.8 ms]
   [Other: 12.8 ms]
      [Choose CSet: 0.0 ms]
      [Ref Proc: 12.5 ms]
      [Ref Enq: 0.1 ms]
      [Redirty Cards: 0.1 ms]
      [Humongous Register: 0.0 ms]
      [Humongous Reclaim: 0.0 ms]
      [Free CSet: 0.1 ms]
   [Eden: 7152.0M(7152.0M)->0.0B(7152.0M) Survivors: 16384.0K->16384.0K Heap: 10641.9M(14336.0M)->3489.7M(14336.0M)]
 [Times: user=0.07 sys=0.00, real=0.03 secs] 
2022-10-02T13:54:50.527-0600: 267505.607: [GC concurrent-root-region-scan-start]
2022-10-02T13:54:50.531-0600: 267505.611: [GC concurrent-root-region-scan-end, 0.0036352 secs]
2022-10-02T13:54:50.531-0600: 267505.611: [GC concurrent-mark-start]
2022-10-02T13:54:51.796-0600: 267506.876: [GC concurrent-mark-end, 1.2655649 secs]
2022-10-02T13:54:51.797-0600: 267506.876: [GC remark 2022-10-02T13:54:51.797-0600: 267506.876: [Finalize Marking, 0.0009236 secs] 2022-10-02T13:54:51.798-0600: 267506.877: [GC ref-proc, 0.0281978 secs] 2022-10-02T13:54:51.826-0600: 267506.906: [Unloading, 0.0277960 secs], 0.0631251 secs]
 [Times: user=0.21 sys=0.00, real=0.06 secs] 
2022-10-02T13:54:51.860-0600: 267506.940: [GC cleanup 3553M->3553M(14336M), 0.0098352 secs]
 [Times: user=0.03 sys=0.00, real=0.01 secs] 
2022-10-02T13:57:27.638-0600: 267662.718: [GC pause (G1 Evacuation Pause) (young), 0.0145694 secs]
   [Parallel Time: 3.4 ms, GC Workers: 6]
      [GC Worker Start (ms): Min: 267662717.6, Avg: 267662718.2, Max: 267662720.7, Diff: 3.1]
      [Ext Root Scanning (ms): Min: 0.0, Avg: 1.7, Max: 3.2, Diff: 3.2, Sum: 10.1]
      [Update RS (ms): Min: 0.0, Avg: 0.4, Max: 0.8, Diff: 0.8, Sum: 2.2]
         [Processed Buffers: Min: 0, Avg: 8.0, Max: 40, Diff: 40, Sum: 48]
      [Scan RS (ms): Min: 0.0, Avg: 0.0, Max: 0.1, Diff: 0.1, Sum: 0.2]
      [Code Root Scanning (ms): Min: 0.0, Avg: 0.0, Max: 0.0, Diff: 0.0, Sum: 0.0]
      [Object Copy (ms): Min: 0.0, Avg: 0.4, Max: 0.8, Diff: 0.8, Sum: 2.3]
      [Termination (ms): Min: 0.0, Avg: 0.3, Max: 0.4, Diff: 0.4, Sum: 1.6]
         [Termination Attempts: Min: 1, Avg: 1.0, Max: 1, Diff: 0, Sum: 6]
      [GC Worker Other (ms): Min: 0.0, Avg: 0.0, Max: 0.0, Diff: 0.0, Sum: 0.0]
      [GC Worker Total (ms): Min: 0.2, Avg: 2.7, Max: 3.3, Diff: 3.1, Sum: 16.4]
      [GC Worker End (ms): Min: 267662720.9, Avg: 267662720.9, Max: 267662720.9, Diff: 0.0]
   [Code Root Fixup: 0.0 ms]
   [Code Root Purge: 0.0 ms]
   [Clear CT: 0.7 ms]
   [Other: 10.5 ms]
      [Choose CSet: 0.0 ms]
      [Ref Proc: 10.1 ms]
      [Ref Enq: 0.1 ms]
      [Redirty Cards: 0.1 ms]
      [Humongous Register: 0.0 ms]
      [Humongous Reclaim: 0.0 ms]
      [Free CSet: 0.1 ms]
   [Eden: 7152.0M(7152.0M)->0.0B(7152.0M) Survivors: 16384.0K->16384.0K Heap: 10641.7M(14336.0M)->3490.3M(14336.0M)]
 [Times: user=0.03 sys=0.00, real=0.01 secs] 
2022-10-02T14:00:02.737-0600: 267817.817: [GC pause (G1 Evacuation Pause) (young), 0.0266738 secs]
   [Parallel Time: 5.7 ms, GC Workers: 6]
      [GC Worker Start (ms): Min: 267817817.3, Avg: 267817819.6, Max: 267817820.7, Diff: 3.4]
      [Ext Root Scanning (ms): Min: 0.0, Avg: 1.0, Max: 3.0, Diff: 3.0, Sum: 5.8]
      [Update RS (ms): Min: 0.2, Avg: 0.9, Max: 2.1, Diff: 1.9, Sum: 5.3]
         [Processed Buffers: Min: 1, Avg: 8.7, Max: 26, Diff: 25, Sum: 52]
      [Scan RS (ms): Min: 0.0, Avg: 0.0, Max: 0.1, Diff: 0.1, Sum: 0.2]
      [Code Root Scanning (ms): Min: 0.0, Avg: 0.0, Max: 0.0, Diff: 0.0, Sum: 0.0]
      [Object Copy (ms): Min: 0.0, Avg: 0.4, Max: 0.6, Diff: 0.6, Sum: 2.5]
      [Termination (ms): Min: 0.0, Avg: 0.9, Max: 1.3, Diff: 1.3, Sum: 5.7]
         [Termination Attempts: Min: 1, Avg: 18.7, Max: 39, Diff: 38, Sum: 112]
      [GC Worker Other (ms): Min: 0.0, Avg: 0.0, Max: 0.0, Diff: 0.0, Sum: 0.0]
      [GC Worker Total (ms): Min: 2.1, Avg: 3.3, Max: 5.5, Diff: 3.4, Sum: 19.7]
      [GC Worker End (ms): Min: 267817822.9, Avg: 267817822.9, Max: 267817822.9, Diff: 0.1]
   [Code Root Fixup: 0.0 ms]
   [Code Root Purge: 0.0 ms]
   [Clear CT: 0.7 ms]
   [Other: 20.3 ms]
      [Choose CSet: 0.0 ms]
      [Ref Proc: 19.9 ms]
      [Ref Enq: 0.1 ms]
      [Redirty Cards: 0.1 ms]
      [Humongous Register: 0.0 ms]
      [Humongous Reclaim: 0.0 ms]
      [Free CSet: 0.1 ms]
   [Eden: 7152.0M(7152.0M)->0.0B(7152.0M) Survivors: 16384.0K->16384.0K Heap: 10642.3M(14336.0M)->3490.1M(14336.0M)]
 [Times: user=0.07 sys=0.00, real=0.02 secs] 
2022-10-02T14:02:38.488-0600: 267973.568: [GC pause (G1 Evacuation Pause) (young) (initial-mark), 0.0291858 secs]
   [Parallel Time: 10.8 ms, GC Workers: 6]
      [GC Worker Start (ms): Min: 267973569.7, Avg: 267973571.1, Max: 267973572.5, Diff: 2.8]
      [Ext Root Scanning (ms): Min: 2.2, Avg: 5.3, Max: 8.1, Diff: 5.8, Sum: 31.6]
      [Update RS (ms): Min: 0.0, Avg: 0.3, Max: 0.7, Diff: 0.7, Sum: 1.9]
         [Processed Buffers: Min: 0, Avg: 8.0, Max: 35, Diff: 35, Sum: 48]
      [Scan RS (ms): Min: 0.0, Avg: 0.0, Max: 0.1, Diff: 0.1, Sum: 0.3]
      [Code Root Scanning (ms): Min: 0.0, Avg: 0.0, Max: 0.0, Diff: 0.0, Sum: 0.0]
      [Object Copy (ms): Min: 0.0, Avg: 0.4, Max: 0.8, Diff: 0.8, Sum: 2.3]
      [Termination (ms): Min: 0.0, Avg: 1.7, Max: 2.9, Diff: 2.9, Sum: 10.5]
         [Termination Attempts: Min: 1, Avg: 1.5, Max: 3, Diff: 2, Sum: 9]
      [GC Worker Other (ms): Min: 0.0, Avg: 0.0, Max: 0.0, Diff: 0.0, Sum: 0.0]
      [GC Worker Total (ms): Min: 6.3, Avg: 7.8, Max: 9.2, Diff: 2.9, Sum: 46.6]
      [GC Worker End (ms): Min: 267973578.8, Avg: 267973578.9, Max: 267973579.0, Diff: 0.1]
   [Code Root Fixup: 0.0 ms]
   [Code Root Purge: 0.0 ms]
   [Clear CT: 1.1 ms]
   [Other: 17.3 ms]
      [Choose CSet: 0.0 ms]
      [Ref Proc: 16.7 ms]
      [Ref Enq: 0.2 ms]
      [Redirty Cards: 0.1 ms]
      [Humongous Register: 0.0 ms]
      [Humongous Reclaim: 0.0 ms]
      [Free CSet: 0.2 ms]
   [Eden: 7152.0M(7152.0M)->0.0B(7152.0M) Survivors: 16384.0K->16384.0K Heap: 10642.1M(14336.0M)->3489.9M(14336.0M)]
 [Times: user=0.09 sys=0.00, real=0.03 secs] 
2022-10-02T14:02:38.518-0600: 267973.597: [GC concurrent-root-region-scan-start]
2022-10-02T14:02:38.522-0600: 267973.601: [GC concurrent-root-region-scan-end, 0.0040171 secs]
2022-10-02T14:02:38.522-0600: 267973.602: [GC concurrent-mark-start]
2022-10-02T14:02:39.815-0600: 267974.895: [GC concurrent-mark-end, 1.2930186 secs]
2022-10-02T14:02:39.815-0600: 267974.895: [GC remark 2022-10-02T14:02:39.815-0600: 267974.895: [Finalize Marking, 0.0017669 secs] 2022-10-02T14:02:39.817-0600: 267974.896: [GC ref-proc, 0.0220836 secs] 2022-10-02T14:02:39.839-0600: 267974.919: [Unloading, 0.0253504 secs], 0.0538781 secs]
 [Times: user=0.22 sys=0.00, real=0.05 secs] 
2022-10-02T14:02:39.869-0600: 267974.949: [GC cleanup 3561M->3561M(14336M), 0.0089610 secs]
 [Times: user=0.02 sys=0.00, real=0.01 secs] 
2022-10-02T14:05:15.493-0600: 268130.573: [GC pause (G1 Evacuation Pause) (young), 0.0179956 secs]
   [Parallel Time: 4.1 ms, GC Workers: 6]
      [GC Worker Start (ms): Min: 268130573.5, Avg: 268130574.6, Max: 268130576.7, Diff: 3.3]
      [Ext Root Scanning (ms): Min: 0.0, Avg: 1.6, Max: 3.2, Diff: 3.2, Sum: 9.3]
      [Update RS (ms): Min: 0.0, Avg: 0.3, Max: 0.8, Diff: 0.8, Sum: 1.6]
         [Processed Buffers: Min: 0, Avg: 7.7, Max: 35, Diff: 35, Sum: 46]
      [Scan RS (ms): Min: 0.0, Avg: 0.0, Max: 0.1, Diff: 0.1, Sum: 0.2]
      [Code Root Scanning (ms): Min: 0.0, Avg: 0.0, Max: 0.0, Diff: 0.0, Sum: 0.0]
      [Object Copy (ms): Min: 0.1, Avg: 0.5, Max: 1.5, Diff: 1.3, Sum: 2.9]
      [Termination (ms): Min: 0.0, Avg: 0.5, Max: 0.6, Diff: 0.6, Sum: 2.9]
         [Termination Attempts: Min: 1, Avg: 16.2, Max: 20, Diff: 19, Sum: 97]
      [GC Worker Other (ms): Min: 0.0, Avg: 0.0, Max: 0.0, Diff: 0.0, Sum: 0.0]
      [GC Worker Total (ms): Min: 0.7, Avg: 2.8, Max: 4.0, Diff: 3.3, Sum: 16.9]
      [GC Worker End (ms): Min: 268130577.4, Avg: 268130577.4, Max: 268130577.4, Diff: 0.0]
   [Code Root Fixup: 0.0 ms]
   [Code Root Purge: 0.0 ms]
   [Clear CT: 0.7 ms]
   [Other: 13.2 ms]
      [Choose CSet: 0.0 ms]
      [Ref Proc: 12.8 ms]
      [Ref Enq: 0.1 ms]
      [Redirty Cards: 0.1 ms]
      [Humongous Register: 0.0 ms]
      [Humongous Reclaim: 0.0 ms]
      [Free CSet: 0.1 ms]
   [Eden: 7152.0M(7152.0M)->0.0B(7152.0M) Survivors: 16384.0K->16384.0K Heap: 10641.9M(14336.0M)->3490.8M(14336.0M)]
 [Times: user=0.04 sys=0.01, real=0.01 secs] 
2022-10-02T14:07:51.739-0600: 268286.818: [GC pause (G1 Evacuation Pause) (young), 0.0189822 secs]
   [Parallel Time: 3.4 ms, GC Workers: 6]
      [GC Worker Start (ms): Min: 268286818.5, Avg: 268286818.8, Max: 268286820.0, Diff: 1.6]
      [Ext Root Scanning (ms): Min: 0.2, Avg: 1.8, Max: 3.3, Diff: 3.0, Sum: 10.8]
      [Update RS (ms): Min: 0.0, Avg: 0.4, Max: 0.8, Diff: 0.8, Sum: 2.2]
         [Processed Buffers: Min: 0, Avg: 8.5, Max: 24, Diff: 24, Sum: 51]
      [Scan RS (ms): Min: 0.0, Avg: 0.0, Max: 0.1, Diff: 0.1, Sum: 0.2]
      [Code Root Scanning (ms): Min: 0.0, Avg: 0.0, Max: 0.0, Diff: 0.0, Sum: 0.0]
      [Object Copy (ms): Min: 0.0, Avg: 0.5, Max: 1.0, Diff: 1.0, Sum: 3.1]
      [Termination (ms): Min: 0.0, Avg: 0.3, Max: 0.4, Diff: 0.4, Sum: 1.9]
         [Termination Attempts: Min: 1, Avg: 6.5, Max: 11, Diff: 10, Sum: 39]
      [GC Worker Other (ms): Min: 0.0, Avg: 0.0, Max: 0.0, Diff: 0.0, Sum: 0.0]
      [GC Worker Total (ms): Min: 1.8, Avg: 3.1, Max: 3.3, Diff: 1.6, Sum: 18.3]
      [GC Worker End (ms): Min: 268286821.8, Avg: 268286821.8, Max: 268286821.8, Diff: 0.1]
   [Code Root Fixup: 0.0 ms]
   [Code Root Purge: 0.0 ms]
   [Clear CT: 0.7 ms]
   [Other: 14.8 ms]
      [Choose CSet: 0.0 ms]
      [Ref Proc: 14.5 ms]
      [Ref Enq: 0.1 ms]
      [Redirty Cards: 0.1 ms]
      [Humongous Register: 0.0 ms]
      [Humongous Reclaim: 0.0 ms]
      [Free CSet: 0.1 ms]
   [Eden: 7152.0M(7152.0M)->0.0B(7152.0M) Survivors: 16384.0K->16384.0K Heap: 10642.8M(14336.0M)->3490.4M(14336.0M)]
 [Times: user=0.06 sys=0.00, real=0.02 secs] 
2022-10-02T14:10:28.837-0600: 268443.917: [GC pause (G1 Evacuation Pause) (young) (initial-mark), 0.0274997 secs]
   [Parallel Time: 10.9 ms, GC Workers: 6]
      [GC Worker Start (ms): Min: 268443918.4, Avg: 268443921.2, Max: 268443922.5, Diff: 4.0]
      [Ext Root Scanning (ms): Min: 2.4, Avg: 4.6, Max: 6.3, Diff: 3.9, Sum: 27.4]
      [Update RS (ms): Min: 0.0, Avg: 0.4, Max: 0.6, Diff: 0.6, Sum: 2.1]
         [Processed Buffers: Min: 0, Avg: 7.7, Max: 35, Diff: 35, Sum: 46]
      [Scan RS (ms): Min: 0.0, Avg: 0.0, Max: 0.1, Diff: 0.1, Sum: 0.2]
      [Code Root Scanning (ms): Min: 0.0, Avg: 0.0, Max: 0.0, Diff: 0.0, Sum: 0.0]
      [Object Copy (ms): Min: 0.0, Avg: 0.4, Max: 0.7, Diff: 0.7, Sum: 2.4]
      [Termination (ms): Min: 0.0, Avg: 1.3, Max: 2.0, Diff: 2.0, Sum: 7.6]
         [Termination Attempts: Min: 1, Avg: 1.0, Max: 1, Diff: 0, Sum: 6]
      [GC Worker Other (ms): Min: 0.0, Avg: 0.0, Max: 0.0, Diff: 0.0, Sum: 0.1]
      [GC Worker Total (ms): Min: 5.3, Avg: 6.6, Max: 9.4, Diff: 4.1, Sum: 39.8]
      [GC Worker End (ms): Min: 268443927.8, Avg: 268443927.8, Max: 268443928.0, Diff: 0.2]
   [Code Root Fixup: 0.0 ms]
   [Code Root Purge: 0.0 ms]
   [Clear CT: 0.9 ms]
   [Other: 15.7 ms]
      [Choose CSet: 0.0 ms]
      [Ref Proc: 15.3 ms]
      [Ref Enq: 0.1 ms]
      [Redirty Cards: 0.1 ms]
      [Humongous Register: 0.0 ms]
      [Humongous Reclaim: 0.0 ms]
      [Free CSet: 0.1 ms]
   [Eden: 7152.0M(7152.0M)->0.0B(7152.0M) Survivors: 16384.0K->16384.0K Heap: 10642.4M(14336.0M)->3490.2M(14336.0M)]
 [Times: user=0.08 sys=0.00, real=0.03 secs] 
2022-10-02T14:10:28.865-0600: 268443.945: [GC concurrent-root-region-scan-start]
2022-10-02T14:10:28.868-0600: 268443.948: [GC concurrent-root-region-scan-end, 0.0035432 secs]
2022-10-02T14:10:28.868-0600: 268443.948: [GC concurrent-mark-start]
2022-10-02T14:10:30.130-0600: 268445.210: [GC concurrent-mark-end, 1.2613571 secs]
2022-10-02T14:10:30.130-0600: 268445.210: [GC remark 2022-10-02T14:10:30.130-0600: 268445.210: [Finalize Marking, 0.0022626 secs] 2022-10-02T14:10:30.132-0600: 268445.212: [GC ref-proc, 0.0264936 secs] 2022-10-02T14:10:30.159-0600: 268445.239: [Unloading, 0.0273080 secs], 0.0615316 secs]
 [Times: user=0.21 sys=0.00, real=0.06 secs] 
2022-10-02T14:10:30.192-0600: 268445.271: [GC cleanup 3570M->3570M(14336M), 0.0063294 secs]
 [Times: user=0.03 sys=0.00, real=0.01 secs] 
2022-10-02T14:13:04.086-0600: 268599.166: [GC pause (G1 Evacuation Pause) (young), 0.0176059 secs]
   [Parallel Time: 3.4 ms, GC Workers: 6]
      [GC Worker Start (ms): Min: 268599165.8, Avg: 268599165.9, Max: 268599166.4, Diff: 0.6]
      [Ext Root Scanning (ms): Min: 0.8, Avg: 2.1, Max: 3.3, Diff: 2.5, Sum: 12.7]
      [Update RS (ms): Min: 0.0, Avg: 0.3, Max: 0.7, Diff: 0.7, Sum: 1.9]
         [Processed Buffers: Min: 0, Avg: 8.2, Max: 36, Diff: 36, Sum: 49]
      [Scan RS (ms): Min: 0.0, Avg: 0.0, Max: 0.1, Diff: 0.1, Sum: 0.2]
      [Code Root Scanning (ms): Min: 0.0, Avg: 0.0, Max: 0.0, Diff: 0.0, Sum: 0.0]
      [Object Copy (ms): Min: 0.0, Avg: 0.3, Max: 0.7, Diff: 0.7, Sum: 1.8]
      [Termination (ms): Min: 0.0, Avg: 0.4, Max: 0.6, Diff: 0.6, Sum: 2.5]
         [Termination Attempts: Min: 1, Avg: 1.0, Max: 1, Diff: 0, Sum: 6]
      [GC Worker Other (ms): Min: 0.0, Avg: 0.0, Max: 0.0, Diff: 0.0, Sum: 0.0]
      [GC Worker Total (ms): Min: 2.7, Avg: 3.2, Max: 3.3, Diff: 0.6, Sum: 19.2]
      [GC Worker End (ms): Min: 268599169.1, Avg: 268599169.1, Max: 268599169.1, Diff: 0.0]
   [Code Root Fixup: 0.0 ms]
   [Code Root Purge: 0.0 ms]
   [Clear CT: 0.7 ms]
   [Other: 13.5 ms]
      [Choose CSet: 0.0 ms]
      [Ref Proc: 13.1 ms]
      [Ref Enq: 0.1 ms]
      [Redirty Cards: 0.1 ms]
      [Humongous Register: 0.0 ms]
      [Humongous Reclaim: 0.0 ms]
      [Free CSet: 0.1 ms]
   [Eden: 7152.0M(7152.0M)->0.0B(7152.0M) Survivors: 16384.0K->16384.0K Heap: 10642.2M(14336.0M)->3490.2M(14336.0M)]
 [Times: user=0.05 sys=0.00, real=0.01 secs] 
2022-10-02T14:15:40.500-0600: 268755.580: [GC pause (G1 Evacuation Pause) (young), 0.0227428 secs]
   [Parallel Time: 9.8 ms, GC Workers: 6]
      [GC Worker Start (ms): Min: 268755579.8, Avg: 268755581.1, Max: 268755583.6, Diff: 3.8]
      [Ext Root Scanning (ms): Min: 0.0, Avg: 1.2, Max: 3.3, Diff: 3.3, Sum: 7.2]
      [Update RS (ms): Min: 0.0, Avg: 0.4, Max: 0.8, Diff: 0.8, Sum: 2.2]
         [Processed Buffers: Min: 0, Avg: 8.2, Max: 26, Diff: 26, Sum: 49]
      [Scan RS (ms): Min: 0.0, Avg: 0.0, Max: 0.1, Diff: 0.1, Sum: 0.2]
      [Code Root Scanning (ms): Min: 0.0, Avg: 0.0, Max: 0.0, Diff: 0.0, Sum: 0.0]
      [Object Copy (ms): Min: 0.0, Avg: 1.4, Max: 7.1, Diff: 7.1, Sum: 8.5]
      [Termination (ms): Min: 0.0, Avg: 5.1, Max: 6.3, Diff: 6.3, Sum: 30.8]
         [Termination Attempts: Min: 1, Avg: 1.0, Max: 1, Diff: 0, Sum: 6]
      [GC Worker Other (ms): Min: 0.0, Avg: 0.0, Max: 0.0, Diff: 0.0, Sum: 0.0]
      [GC Worker Total (ms): Min: 5.7, Avg: 8.2, Max: 9.7, Diff: 3.9, Sum: 49.1]
      [GC Worker End (ms): Min: 268755589.3, Avg: 268755589.3, Max: 268755589.4, Diff: 0.2]
   [Code Root Fixup: 0.0 ms]
   [Code Root Purge: 0.0 ms]
   [Clear CT: 0.7 ms]
   [Other: 12.2 ms]
      [Choose CSet: 0.0 ms]
      [Ref Proc: 11.9 ms]
      [Ref Enq: 0.1 ms]
      [Redirty Cards: 0.1 ms]
      [Humongous Register: 0.0 ms]
      [Humongous Reclaim: 0.0 ms]
      [Free CSet: 0.1 ms]
   [Eden: 7152.0M(7152.0M)->0.0B(7152.0M) Survivors: 16384.0K->16384.0K Heap: 10642.2M(14336.0M)->3490.8M(14336.0M)]
 [Times: user=0.08 sys=0.00, real=0.02 secs] 
2022-10-02T14:18:16.903-0600: 268911.983: [GC pause (G1 Evacuation Pause) (young) (initial-mark), 0.0240618 secs]
   [Parallel Time: 11.1 ms, GC Workers: 6]
      [GC Worker Start (ms): Min: 268911984.5, Avg: 268911985.3, Max: 268911986.6, Diff: 2.1]
      [Ext Root Scanning (ms): Min: 1.5, Avg: 6.5, Max: 8.6, Diff: 7.1, Sum: 38.7]
      [Update RS (ms): Min: 0.0, Avg: 0.4, Max: 2.0, Diff: 2.0, Sum: 2.2]
         [Processed Buffers: Min: 0, Avg: 8.0, Max: 34, Diff: 34, Sum: 48]
      [Scan RS (ms): Min: 0.0, Avg: 0.0, Max: 0.1, Diff: 0.1, Sum: 0.2]
      [Code Root Scanning (ms): Min: 0.0, Avg: 0.0, Max: 0.0, Diff: 0.0, Sum: 0.0]
      [Object Copy (ms): Min: 0.0, Avg: 0.4, Max: 1.1, Diff: 1.1, Sum: 2.4]
      [Termination (ms): Min: 0.0, Avg: 1.8, Max: 3.2, Diff: 3.2, Sum: 10.9]
         [Termination Attempts: Min: 1, Avg: 2.3, Max: 8, Diff: 7, Sum: 14]
      [GC Worker Other (ms): Min: 0.0, Avg: 0.0, Max: 0.0, Diff: 0.0, Sum: 0.0]
      [GC Worker Total (ms): Min: 7.7, Avg: 9.1, Max: 9.9, Diff: 2.2, Sum: 54.5]
      [GC Worker End (ms): Min: 268911994.3, Avg: 268911994.3, Max: 268911994.4, Diff: 0.1]
   [Code Root Fixup: 0.0 ms]
   [Code Root Purge: 0.0 ms]
   [Clear CT: 0.8 ms]
   [Other: 12.2 ms]
      [Choose CSet: 0.0 ms]
      [Ref Proc: 11.8 ms]
      [Ref Enq: 0.0 ms]
      [Redirty Cards: 0.0 ms]
      [Humongous Register: 0.0 ms]
      [Humongous Reclaim: 0.0 ms]
      [Free CSet: 0.1 ms]
   [Eden: 7152.0M(7152.0M)->0.0B(7152.0M) Survivors: 16384.0K->16384.0K Heap: 10642.8M(14336.0M)->3490.5M(14336.0M)]
 [Times: user=0.06 sys=0.00, real=0.03 secs] 
2022-10-02T14:18:16.927-0600: 268912.007: [GC concurrent-root-region-scan-start]
2022-10-02T14:18:16.930-0600: 268912.010: [GC concurrent-root-region-scan-end, 0.0029254 secs]
2022-10-02T14:18:16.930-0600: 268912.010: [GC concurrent-mark-start]
2022-10-02T14:18:18.182-0600: 268913.262: [GC concurrent-mark-end, 1.2514786 secs]
2022-10-02T14:18:18.182-0600: 268913.262: [GC remark 2022-10-02T14:18:18.182-0600: 268913.262: [Finalize Marking, 0.0022248 secs] 2022-10-02T14:18:18.184-0600: 268913.264: [GC ref-proc, 0.0308260 secs] 2022-10-02T14:18:18.215-0600: 268913.295: [Unloading, 0.0251523 secs], 0.0645708 secs]
 [Times: user=0.22 sys=0.00, real=0.07 secs] 
2022-10-02T14:18:18.249-0600: 268913.329: [GC cleanup 3554M->3554M(14336M), 0.0068835 secs]
 [Times: user=0.02 sys=0.00, real=0.01 secs] 
2022-10-02T14:20:54.287-0600: 269069.367: [GC pause (G1 Evacuation Pause) (young), 0.0285211 secs]
   [Parallel Time: 3.6 ms, GC Workers: 6]
      [GC Worker Start (ms): Min: 269069367.0, Avg: 269069367.9, Max: 269069368.8, Diff: 1.8]
      [Ext Root Scanning (ms): Min: 0.0, Avg: 1.0, Max: 3.0, Diff: 3.0, Sum: 6.3]
      [Update RS (ms): Min: 0.0, Avg: 0.4, Max: 0.6, Diff: 0.6, Sum: 2.2]
         [Processed Buffers: Min: 0, Avg: 7.7, Max: 33, Diff: 33, Sum: 46]
      [Scan RS (ms): Min: 0.0, Avg: 0.0, Max: 0.1, Diff: 0.1, Sum: 0.2]
      [Code Root Scanning (ms): Min: 0.0, Avg: 0.0, Max: 0.0, Diff: 0.0, Sum: 0.0]
      [Object Copy (ms): Min: 0.0, Avg: 0.7, Max: 1.9, Diff: 1.9, Sum: 4.0]
      [Termination (ms): Min: 0.0, Avg: 0.5, Max: 0.6, Diff: 0.6, Sum: 3.0]
         [Termination Attempts: Min: 1, Avg: 2.3, Max: 4, Diff: 3, Sum: 14]
      [GC Worker Other (ms): Min: 0.0, Avg: 0.0, Max: 0.0, Diff: 0.0, Sum: 0.0]
      [GC Worker Total (ms): Min: 1.7, Avg: 2.6, Max: 3.5, Diff: 1.8, Sum: 15.8]
      [GC Worker End (ms): Min: 269069370.5, Avg: 269069370.5, Max: 269069370.5, Diff: 0.0]
   [Code Root Fixup: 0.0 ms]
   [Code Root Purge: 0.0 ms]
   [Clear CT: 0.8 ms]
   [Other: 24.1 ms]
      [Choose CSet: 0.0 ms]
      [Ref Proc: 23.8 ms]
      [Ref Enq: 0.1 ms]
      [Redirty Cards: 0.0 ms]
      [Humongous Register: 0.0 ms]
      [Humongous Reclaim: 0.0 ms]
      [Free CSet: 0.1 ms]
   [Eden: 7152.0M(7152.0M)->0.0B(7152.0M) Survivors: 16384.0K->16384.0K Heap: 10642.5M(14336.0M)->3490.5M(14336.0M)]
 [Times: user=0.06 sys=0.00, real=0.03 secs] 
2022-10-02T14:23:29.499-0600: 269224.579: [GC pause (G1 Evacuation Pause) (young), 0.0204846 secs]
   [Parallel Time: 4.2 ms, GC Workers: 6]
      [GC Worker Start (ms): Min: 269224578.8, Avg: 269224579.6, Max: 269224582.4, Diff: 3.7]
      [Ext Root Scanning (ms): Min: 0.0, Avg: 1.6, Max: 4.0, Diff: 4.0, Sum: 9.5]
      [Update RS (ms): Min: 0.0, Avg: 0.7, Max: 2.0, Diff: 2.0, Sum: 4.2]
         [Processed Buffers: Min: 0, Avg: 8.0, Max: 23, Diff: 23, Sum: 48]
      [Scan RS (ms): Min: 0.0, Avg: 0.0, Max: 0.1, Diff: 0.1, Sum: 0.2]
      [Code Root Scanning (ms): Min: 0.0, Avg: 0.0, Max: 0.0, Diff: 0.0, Sum: 0.0]
      [Object Copy (ms): Min: 0.0, Avg: 0.4, Max: 0.7, Diff: 0.7, Sum: 2.2]
      [Termination (ms): Min: 0.0, Avg: 0.6, Max: 1.1, Diff: 1.1, Sum: 3.9]
         [Termination Attempts: Min: 1, Avg: 1.7, Max: 3, Diff: 2, Sum: 10]
      [GC Worker Other (ms): Min: 0.0, Avg: 0.0, Max: 0.0, Diff: 0.0, Sum: 0.0]
      [GC Worker Total (ms): Min: 0.5, Avg: 3.3, Max: 4.1, Diff: 3.7, Sum: 20.1]
      [GC Worker End (ms): Min: 269224582.8, Avg: 269224582.9, Max: 269224582.9, Diff: 0.1]
   [Code Root Fixup: 0.0 ms]
   [Code Root Purge: 0.0 ms]
   [Clear CT: 0.7 ms]
   [Other: 15.6 ms]
      [Choose CSet: 0.0 ms]
      [Ref Proc: 15.3 ms]
      [Ref Enq: 0.1 ms]
      [Redirty Cards: 0.0 ms]
      [Humongous Register: 0.0 ms]
      [Humongous Reclaim: 0.0 ms]
      [Free CSet: 0.1 ms]
   [Eden: 7152.0M(7152.0M)->0.0B(7152.0M) Survivors: 16384.0K->16384.0K Heap: 10642.5M(14336.0M)->3490.7M(14336.0M)]
 [Times: user=0.06 sys=0.00, real=0.02 secs] 
2022-10-02T14:26:06.439-0600: 269381.519: [GC pause (G1 Evacuation Pause) (young) (initial-mark), 0.0239842 secs]
   [Parallel Time: 12.1 ms, GC Workers: 6]
      [GC Worker Start (ms): Min: 269381520.4, Avg: 269381524.5, Max: 269381525.7, Diff: 5.4]
      [Ext Root Scanning (ms): Min: 2.3, Avg: 4.6, Max: 10.5, Diff: 8.3, Sum: 27.6]
      [Update RS (ms): Min: 0.0, Avg: 0.3, Max: 0.7, Diff: 0.7, Sum: 1.8]
         [Processed Buffers: Min: 0, Avg: 7.8, Max: 37, Diff: 37, Sum: 47]
      [Scan RS (ms): Min: 0.0, Avg: 0.0, Max: 0.1, Diff: 0.1, Sum: 0.2]
      [Code Root Scanning (ms): Min: 0.0, Avg: 0.0, Max: 0.0, Diff: 0.0, Sum: 0.0]
      [Object Copy (ms): Min: 0.0, Avg: 0.3, Max: 0.7, Diff: 0.7, Sum: 2.1]
      [Termination (ms): Min: 0.0, Avg: 1.2, Max: 1.8, Diff: 1.8, Sum: 7.5]
         [Termination Attempts: Min: 1, Avg: 3.0, Max: 7, Diff: 6, Sum: 18]
      [GC Worker Other (ms): Min: 0.0, Avg: 0.0, Max: 0.0, Diff: 0.0, Sum: 0.1]
      [GC Worker Total (ms): Min: 5.3, Avg: 6.5, Max: 10.6, Diff: 5.4, Sum: 39.2]
      [GC Worker End (ms): Min: 269381531.0, Avg: 269381531.0, Max: 269381531.1, Diff: 0.1]
   [Code Root Fixup: 0.0 ms]
   [Code Root Purge: 0.0 ms]
   [Clear CT: 1.0 ms]
   [Other: 10.9 ms]
      [Choose CSet: 0.0 ms]
      [Ref Proc: 10.4 ms]
      [Ref Enq: 0.1 ms]
      [Redirty Cards: 0.1 ms]
      [Humongous Register: 0.0 ms]
      [Humongous Reclaim: 0.0 ms]
      [Free CSet: 0.2 ms]
   [Eden: 7152.0M(7152.0M)->0.0B(7152.0M) Survivors: 16384.0K->16384.0K Heap: 10642.7M(14336.0M)->3491.1M(14336.0M)]
 [Times: user=0.06 sys=0.00, real=0.02 secs] 
2022-10-02T14:26:06.463-0600: 269381.543: [GC concurrent-root-region-scan-start]
2022-10-02T14:26:06.466-0600: 269381.546: [GC concurrent-root-region-scan-end, 0.0027914 secs]
2022-10-02T14:26:06.466-0600: 269381.546: [GC concurrent-mark-start]
2022-10-02T14:26:07.735-0600: 269382.814: [GC concurrent-mark-end, 1.2685801 secs]
2022-10-02T14:26:07.735-0600: 269382.815: [GC remark 2022-10-02T14:26:07.735-0600: 269382.815: [Finalize Marking, 0.0017218 secs] 2022-10-02T14:26:07.736-0600: 269382.816: [GC ref-proc, 0.0266291 secs] 2022-10-02T14:26:07.763-0600: 269382.843: [Unloading, 0.0348939 secs], 0.0682478 secs]
 [Times: user=0.22 sys=0.00, real=0.06 secs] 
2022-10-02T14:26:07.803-0600: 269382.883: [GC cleanup 3563M->3563M(14336M), 0.0075944 secs]
 [Times: user=0.02 sys=0.00, real=0.01 secs] 
2022-10-02T14:28:42.088-0600: 269537.168: [GC pause (G1 Evacuation Pause) (young), 0.0207189 secs]
   [Parallel Time: 4.3 ms, GC Workers: 6]
      [GC Worker Start (ms): Min: 269537167.8, Avg: 269537170.0, Max: 269537172.0, Diff: 4.2]
      [Ext Root Scanning (ms): Min: 0.0, Avg: 1.1, Max: 2.9, Diff: 2.9, Sum: 6.3]
      [Update RS (ms): Min: 0.0, Avg: 0.3, Max: 0.8, Diff: 0.8, Sum: 1.7]
         [Processed Buffers: Min: 0, Avg: 8.0, Max: 40, Diff: 40, Sum: 48]
      [Scan RS (ms): Min: 0.0, Avg: 0.0, Max: 0.1, Diff: 0.1, Sum: 0.2]
      [Code Root Scanning (ms): Min: 0.0, Avg: 0.0, Max: 0.0, Diff: 0.0, Sum: 0.0]
      [Object Copy (ms): Min: 0.0, Avg: 0.3, Max: 0.7, Diff: 0.7, Sum: 1.9]
      [Termination (ms): Min: 0.0, Avg: 0.3, Max: 0.6, Diff: 0.6, Sum: 1.9]
         [Termination Attempts: Min: 1, Avg: 1.2, Max: 2, Diff: 1, Sum: 7]
      [GC Worker Other (ms): Min: 0.0, Avg: 0.0, Max: 0.0, Diff: 0.0, Sum: 0.0]
      [GC Worker Total (ms): Min: 0.0, Avg: 2.0, Max: 4.3, Diff: 4.3, Sum: 12.0]
      [GC Worker End (ms): Min: 269537172.0, Avg: 269537172.0, Max: 269537172.1, Diff: 0.0]
   [Code Root Fixup: 0.0 ms]
   [Code Root Purge: 0.0 ms]
   [Clear CT: 0.9 ms]
   [Other: 15.5 ms]
      [Choose CSet: 0.0 ms]
      [Ref Proc: 15.2 ms]
      [Ref Enq: 0.1 ms]
      [Redirty Cards: 0.1 ms]
      [Humongous Register: 0.0 ms]
      [Humongous Reclaim: 0.0 ms]
      [Free CSet: 0.1 ms]
   [Eden: 7152.0M(7152.0M)->0.0B(7152.0M) Survivors: 16384.0K->16384.0K Heap: 10643.1M(14336.0M)->3490.8M(14336.0M)]
 [Times: user=0.06 sys=0.00, real=0.02 secs] 
2022-10-02T14:31:20.487-0600: 269695.567: [GC pause (G1 Evacuation Pause) (young), 0.0220525 secs]
   [Parallel Time: 5.4 ms, GC Workers: 6]
      [GC Worker Start (ms): Min: 269695566.6, Avg: 269695569.4, Max: 269695571.8, Diff: 5.2]
      [Ext Root Scanning (ms): Min: 0.0, Avg: 1.0, Max: 2.9, Diff: 2.9, Sum: 6.1]
      [Update RS (ms): Min: 0.0, Avg: 0.3, Max: 0.6, Diff: 0.6, Sum: 1.8]
         [Processed Buffers: Min: 0, Avg: 7.8, Max: 24, Diff: 24, Sum: 47]
      [Scan RS (ms): Min: 0.0, Avg: 0.0, Max: 0.1, Diff: 0.1, Sum: 0.2]
      [Code Root Scanning (ms): Min: 0.0, Avg: 0.0, Max: 0.0, Diff: 0.0, Sum: 0.0]
      [Object Copy (ms): Min: 0.0, Avg: 0.3, Max: 0.8, Diff: 0.8, Sum: 1.9]
      [Termination (ms): Min: 0.0, Avg: 0.7, Max: 1.3, Diff: 1.3, Sum: 4.3]
         [Termination Attempts: Min: 1, Avg: 1.0, Max: 1, Diff: 0, Sum: 6]
      [GC Worker Other (ms): Min: 0.0, Avg: 0.0, Max: 0.0, Diff: 0.0, Sum: 0.0]
      [GC Worker Total (ms): Min: 0.0, Avg: 2.4, Max: 5.3, Diff: 5.3, Sum: 14.3]
      [GC Worker End (ms): Min: 269695571.8, Avg: 269695571.8, Max: 269695571.9, Diff: 0.1]
   [Code Root Fixup: 0.0 ms]
   [Code Root Purge: 0.0 ms]
   [Clear CT: 0.7 ms]
   [Other: 16.0 ms]
      [Choose CSet: 0.0 ms]
      [Ref Proc: 15.6 ms]
      [Ref Enq: 0.1 ms]
      [Redirty Cards: 0.1 ms]
      [Humongous Register: 0.0 ms]
      [Humongous Reclaim: 0.0 ms]
      [Free CSet: 0.1 ms]
   [Eden: 7152.0M(7152.0M)->0.0B(7152.0M) Survivors: 16384.0K->16384.0K Heap: 10642.8M(14336.0M)->3490.7M(14336.0M)]
 [Times: user=0.06 sys=0.00, real=0.02 secs] 
2022-10-02T14:33:55.838-0600: 269850.918: [GC pause (G1 Evacuation Pause) (young) (initial-mark), 0.0248061 secs]
   [Parallel Time: 11.7 ms, GC Workers: 6]
      [GC Worker Start (ms): Min: 269850918.9, Avg: 269850921.6, Max: 269850923.0, Diff: 4.1]
      [Ext Root Scanning (ms): Min: 1.5, Avg: 5.4, Max: 9.9, Diff: 8.4, Sum: 32.6]
      [Update RS (ms): Min: 0.0, Avg: 0.4, Max: 1.1, Diff: 1.1, Sum: 2.2]
         [Processed Buffers: Min: 0, Avg: 8.0, Max: 39, Diff: 39, Sum: 48]
      [Scan RS (ms): Min: 0.0, Avg: 0.0, Max: 0.1, Diff: 0.1, Sum: 0.2]
      [Code Root Scanning (ms): Min: 0.0, Avg: 0.0, Max: 0.0, Diff: 0.0, Sum: 0.0]
      [Object Copy (ms): Min: 0.0, Avg: 0.4, Max: 1.1, Diff: 1.1, Sum: 2.3]
      [Termination (ms): Min: 0.0, Avg: 1.3, Max: 2.7, Diff: 2.7, Sum: 8.1]
         [Termination Attempts: Min: 1, Avg: 1.0, Max: 1, Diff: 0, Sum: 6]
      [GC Worker Other (ms): Min: 0.0, Avg: 0.0, Max: 0.0, Diff: 0.0, Sum: 0.1]
      [GC Worker Total (ms): Min: 6.2, Avg: 7.6, Max: 10.3, Diff: 4.1, Sum: 45.5]
      [GC Worker End (ms): Min: 269850929.2, Avg: 269850929.2, Max: 269850929.3, Diff: 0.1]
   [Code Root Fixup: 0.0 ms]
   [Code Root Purge: 0.0 ms]
   [Clear CT: 0.7 ms]
   [Other: 12.3 ms]
      [Choose CSet: 0.0 ms]
      [Ref Proc: 11.9 ms]
      [Ref Enq: 0.1 ms]
      [Redirty Cards: 0.1 ms]
      [Humongous Register: 0.0 ms]
      [Humongous Reclaim: 0.0 ms]
      [Free CSet: 0.1 ms]
   [Eden: 7152.0M(7152.0M)->0.0B(7152.0M) Survivors: 16384.0K->16384.0K Heap: 10642.7M(14336.0M)->3491.3M(14336.0M)]
 [Times: user=0.06 sys=0.00, real=0.02 secs] 
2022-10-02T14:33:55.863-0600: 269850.943: [GC concurrent-root-region-scan-start]
2022-10-02T14:33:55.866-0600: 269850.946: [GC concurrent-root-region-scan-end, 0.0033918 secs]
2022-10-02T14:33:55.866-0600: 269850.946: [GC concurrent-mark-start]
2022-10-02T14:33:57.109-0600: 269852.189: [GC concurrent-mark-end, 1.2426753 secs]
2022-10-02T14:33:57.109-0600: 269852.189: [GC remark 2022-10-02T14:33:57.109-0600: 269852.189: [Finalize Marking, 0.0024860 secs] 2022-10-02T14:33:57.111-0600: 269852.191: [GC ref-proc, 0.0201727 secs] 2022-10-02T14:33:57.132-0600: 269852.212: [Unloading, 0.0300926 secs], 0.0588793 secs]
 [Times: user=0.21 sys=0.00, real=0.06 secs] 
2022-10-02T14:33:57.168-0600: 269852.248: [GC cleanup 3555M->3555M(14336M), 0.0083304 secs]
 [Times: user=0.01 sys=0.00, real=0.01 secs] 
2022-10-02T14:36:32.783-0600: 270007.863: [GC pause (G1 Evacuation Pause) (young), 0.0174330 secs]
   [Parallel Time: 4.1 ms, GC Workers: 6]
      [GC Worker Start (ms): Min: 270007863.0, Avg: 270007864.0, Max: 270007866.9, Diff: 3.9]
      [Ext Root Scanning (ms): Min: 0.0, Avg: 1.1, Max: 3.3, Diff: 3.3, Sum: 6.5]
      [Update RS (ms): Min: 0.0, Avg: 0.3, Max: 0.6, Diff: 0.6, Sum: 2.0]
         [Processed Buffers: Min: 0, Avg: 8.2, Max: 38, Diff: 38, Sum: 49]
      [Scan RS (ms): Min: 0.0, Avg: 0.0, Max: 0.1, Diff: 0.1, Sum: 0.2]
      [Code Root Scanning (ms): Min: 0.0, Avg: 0.0, Max: 0.0, Diff: 0.0, Sum: 0.0]
      [Object Copy (ms): Min: 0.0, Avg: 0.4, Max: 0.7, Diff: 0.7, Sum: 2.3]
      [Termination (ms): Min: 0.0, Avg: 1.1, Max: 1.6, Diff: 1.6, Sum: 6.7]
         [Termination Attempts: Min: 1, Avg: 5.3, Max: 11, Diff: 10, Sum: 32]
      [GC Worker Other (ms): Min: 0.0, Avg: 0.0, Max: 0.0, Diff: 0.0, Sum: 0.0]
      [GC Worker Total (ms): Min: 0.0, Avg: 3.0, Max: 4.0, Diff: 3.9, Sum: 17.9]
      [GC Worker End (ms): Min: 270007866.9, Avg: 270007867.0, Max: 270007867.0, Diff: 0.1]
   [Code Root Fixup: 0.0 ms]
   [Code Root Purge: 0.0 ms]
   [Clear CT: 0.9 ms]
   [Other: 12.5 ms]
      [Choose CSet: 0.0 ms]
      [Ref Proc: 12.2 ms]
      [Ref Enq: 0.0 ms]
      [Redirty Cards: 0.0 ms]
      [Humongous Register: 0.0 ms]
      [Humongous Reclaim: 0.0 ms]
      [Free CSet: 0.1 ms]
   [Eden: 7152.0M(7152.0M)->0.0B(7152.0M) Survivors: 16384.0K->16384.0K Heap: 10643.3M(14336.0M)->3491.0M(14336.0M)]
 [Times: user=0.05 sys=0.00, real=0.02 secs] 
2022-10-02T14:39:08.487-0600: 270163.566: [GC pause (G1 Evacuation Pause) (young), 0.0226759 secs]
   [Parallel Time: 4.1 ms, GC Workers: 6]
      [GC Worker Start (ms): Min: 270163566.5, Avg: 270163567.7, Max: 270163570.4, Diff: 3.9]
      [Ext Root Scanning (ms): Min: 0.0, Avg: 1.2, Max: 3.3, Diff: 3.3, Sum: 7.1]
      [Update RS (ms): Min: 0.0, Avg: 0.4, Max: 0.7, Diff: 0.7, Sum: 2.2]
         [Processed Buffers: Min: 0, Avg: 8.8, Max: 34, Diff: 34, Sum: 53]
      [Scan RS (ms): Min: 0.0, Avg: 0.0, Max: 0.1, Diff: 0.1, Sum: 0.2]
      [Code Root Scanning (ms): Min: 0.0, Avg: 0.0, Max: 0.0, Diff: 0.0, Sum: 0.0]
      [Object Copy (ms): Min: 0.0, Avg: 0.4, Max: 0.7, Diff: 0.7, Sum: 2.3]
      [Termination (ms): Min: 0.0, Avg: 0.8, Max: 1.1, Diff: 1.1, Sum: 4.5]
         [Termination Attempts: Min: 1, Avg: 4.8, Max: 9, Diff: 8, Sum: 29]
      [GC Worker Other (ms): Min: 0.0, Avg: 0.0, Max: 0.0, Diff: 0.0, Sum: 0.0]
      [GC Worker Total (ms): Min: 0.0, Avg: 2.7, Max: 3.9, Diff: 3.9, Sum: 16.4]
      [GC Worker End (ms): Min: 270163570.4, Avg: 270163570.5, Max: 270163570.6, Diff: 0.1]
   [Code Root Fixup: 0.0 ms]
   [Code Root Purge: 0.0 ms]
   [Clear CT: 0.7 ms]
   [Other: 17.9 ms]
      [Choose CSet: 0.0 ms]
      [Ref Proc: 17.5 ms]
      [Ref Enq: 0.1 ms]
      [Redirty Cards: 0.1 ms]
      [Humongous Register: 0.0 ms]
      [Humongous Reclaim: 0.0 ms]
      [Free CSet: 0.1 ms]
   [Eden: 7152.0M(7152.0M)->0.0B(7152.0M) Survivors: 16384.0K->16384.0K Heap: 10643.0M(14336.0M)->3491.5M(14336.0M)]
 [Times: user=0.07 sys=0.00, real=0.02 secs] 
2022-10-02T14:41:46.492-0600: 270321.572: [GC pause (G1 Evacuation Pause) (young) (initial-mark), 0.0269873 secs]
   [Parallel Time: 10.9 ms, GC Workers: 6]
      [GC Worker Start (ms): Min: 270321573.6, Avg: 270321575.9, Max: 270321577.2, Diff: 3.6]
      [Ext Root Scanning (ms): Min: 2.7, Avg: 5.3, Max: 6.3, Diff: 3.6, Sum: 31.9]
      [Update RS (ms): Min: 0.0, Avg: 0.3, Max: 0.8, Diff: 0.8, Sum: 1.7]
         [Processed Buffers: Min: 0, Avg: 8.0, Max: 31, Diff: 31, Sum: 48]
      [Scan RS (ms): Min: 0.0, Avg: 0.0, Max: 0.1, Diff: 0.1, Sum: 0.2]
      [Code Root Scanning (ms): Min: 0.0, Avg: 0.0, Max: 0.0, Diff: 0.0, Sum: 0.0]
      [Object Copy (ms): Min: 0.0, Avg: 0.4, Max: 0.9, Diff: 0.9, Sum: 2.1]
      [Termination (ms): Min: 0.0, Avg: 1.2, Max: 2.0, Diff: 2.0, Sum: 7.3]
         [Termination Attempts: Min: 1, Avg: 1.0, Max: 1, Diff: 0, Sum: 6]
      [GC Worker Other (ms): Min: 0.0, Avg: 0.0, Max: 0.0, Diff: 0.0, Sum: 0.0]
      [GC Worker Total (ms): Min: 5.9, Avg: 7.2, Max: 9.6, Diff: 3.7, Sum: 43.3]
      [GC Worker End (ms): Min: 270321583.0, Avg: 270321583.1, Max: 270321583.2, Diff: 0.2]
   [Code Root Fixup: 0.0 ms]
   [Code Root Purge: 0.0 ms]
   [Clear CT: 0.9 ms]
   [Other: 15.2 ms]
      [Choose CSet: 0.0 ms]
      [Ref Proc: 14.8 ms]
      [Ref Enq: 0.0 ms]
      [Redirty Cards: 0.0 ms]
      [Humongous Register: 0.0 ms]
      [Humongous Reclaim: 0.0 ms]
      [Free CSet: 0.1 ms]
   [Eden: 7152.0M(7152.0M)->0.0B(7152.0M) Survivors: 16384.0K->16384.0K Heap: 10643.5M(14336.0M)->3491.5M(14336.0M)]
 [Times: user=0.08 sys=0.00, real=0.03 secs] 
2022-10-02T14:41:46.519-0600: 270321.599: [GC concurrent-root-region-scan-start]
2022-10-02T14:41:46.523-0600: 270321.603: [GC concurrent-root-region-scan-end, 0.0035385 secs]
2022-10-02T14:41:46.523-0600: 270321.603: [GC concurrent-mark-start]
2022-10-02T14:41:47.794-0600: 270322.874: [GC concurrent-mark-end, 1.2707631 secs]
2022-10-02T14:41:47.794-0600: 270322.874: [GC remark 2022-10-02T14:41:47.794-0600: 270322.874: [Finalize Marking, 0.0023162 secs] 2022-10-02T14:41:47.796-0600: 270322.876: [GC ref-proc, 0.0242507 secs] 2022-10-02T14:41:47.821-0600: 270322.900: [Unloading, 0.0276439 secs], 0.0587762 secs]
 [Times: user=0.22 sys=0.00, real=0.05 secs] 
2022-10-02T14:41:47.853-0600: 270322.933: [GC cleanup 3563M->3563M(14336M), 0.0089225 secs]
 [Times: user=0.01 sys=0.00, real=0.00 secs] 
2022-10-02T14:44:22.587-0600: 270477.667: [GC pause (G1 Evacuation Pause) (young), 0.0223526 secs]
   [Parallel Time: 4.7 ms, GC Workers: 6]
      [GC Worker Start (ms): Min: 270477666.9, Avg: 270477668.7, Max: 270477671.5, Diff: 4.6]
      [Ext Root Scanning (ms): Min: 0.0, Avg: 1.1, Max: 3.4, Diff: 3.4, Sum: 6.9]
      [Update RS (ms): Min: 0.0, Avg: 0.4, Max: 0.8, Diff: 0.8, Sum: 2.1]
         [Processed Buffers: Min: 0, Avg: 7.3, Max: 24, Diff: 24, Sum: 44]
      [Scan RS (ms): Min: 0.0, Avg: 0.0, Max: 0.1, Diff: 0.1, Sum: 0.2]
      [Code Root Scanning (ms): Min: 0.0, Avg: 0.0, Max: 0.0, Diff: 0.0, Sum: 0.0]
      [Object Copy (ms): Min: 0.0, Avg: 0.4, Max: 0.9, Diff: 0.9, Sum: 2.2]
      [Termination (ms): Min: 0.0, Avg: 0.9, Max: 1.2, Diff: 1.2, Sum: 5.4]
         [Termination Attempts: Min: 1, Avg: 1.0, Max: 1, Diff: 0, Sum: 6]
      [GC Worker Other (ms): Min: 0.0, Avg: 0.0, Max: 0.0, Diff: 0.0, Sum: 0.0]
      [GC Worker Total (ms): Min: 0.0, Avg: 2.8, Max: 4.6, Diff: 4.6, Sum: 16.8]
      [GC Worker End (ms): Min: 270477671.5, Avg: 270477671.5, Max: 270477671.5, Diff: 0.0]
   [Code Root Fixup: 0.0 ms]
   [Code Root Purge: 0.0 ms]
   [Clear CT: 0.7 ms]
   [Other: 16.9 ms]
      [Choose CSet: 0.0 ms]
      [Ref Proc: 16.5 ms]
      [Ref Enq: 0.1 ms]
      [Redirty Cards: 0.1 ms]
      [Humongous Register: 0.0 ms]
      [Humongous Reclaim: 0.0 ms]
      [Free CSet: 0.1 ms]
   [Eden: 7152.0M(7152.0M)->0.0B(7152.0M) Survivors: 16384.0K->16384.0K Heap: 10643.5M(14336.0M)->3491.2M(14336.0M)]
 [Times: user=0.07 sys=0.00, real=0.02 secs] 
2022-10-02T14:46:59.736-0600: 270634.816: [GC pause (G1 Evacuation Pause) (young), 0.0147763 secs]
   [Parallel Time: 3.9 ms, GC Workers: 6]
      [GC Worker Start (ms): Min: 270634815.6, Avg: 270634816.6, Max: 270634819.4, Diff: 3.8]
      [Ext Root Scanning (ms): Min: 0.0, Avg: 1.1, Max: 3.2, Diff: 3.2, Sum: 6.6]
      [Update RS (ms): Min: 0.0, Avg: 0.3, Max: 0.6, Diff: 0.6, Sum: 1.8]
         [Processed Buffers: Min: 0, Avg: 7.8, Max: 29, Diff: 29, Sum: 47]
      [Scan RS (ms): Min: 0.0, Avg: 0.0, Max: 0.1, Diff: 0.1, Sum: 0.2]
      [Code Root Scanning (ms): Min: 0.0, Avg: 0.0, Max: 0.0, Diff: 0.0, Sum: 0.0]
      [Object Copy (ms): Min: 0.0, Avg: 0.6, Max: 1.9, Diff: 1.9, Sum: 3.5]
      [Termination (ms): Min: 0.0, Avg: 0.8, Max: 1.2, Diff: 1.2, Sum: 4.9]
         [Termination Attempts: Min: 1, Avg: 4.5, Max: 9, Diff: 8, Sum: 27]
      [GC Worker Other (ms): Min: 0.0, Avg: 0.0, Max: 0.0, Diff: 0.0, Sum: 0.0]
      [GC Worker Total (ms): Min: 0.0, Avg: 2.8, Max: 3.8, Diff: 3.8, Sum: 17.1]
      [GC Worker End (ms): Min: 270634819.4, Avg: 270634819.4, Max: 270634819.5, Diff: 0.1]
   [Code Root Fixup: 0.0 ms]
   [Code Root Purge: 0.0 ms]
   [Clear CT: 0.5 ms]
   [Other: 10.4 ms]
      [Choose CSet: 0.0 ms]
      [Ref Proc: 10.0 ms]
      [Ref Enq: 0.1 ms]
      [Redirty Cards: 0.1 ms]
      [Humongous Register: 0.0 ms]
      [Humongous Reclaim: 0.0 ms]
      [Free CSet: 0.2 ms]
   [Eden: 7152.0M(7152.0M)->0.0B(7152.0M) Survivors: 16384.0K->16384.0K Heap: 10643.2M(14336.0M)->3491.2M(14336.0M)]
 [Times: user=0.05 sys=0.00, real=0.01 secs] 
2022-10-02T14:49:35.688-0600: 270790.768: [GC pause (G1 Evacuation Pause) (young) (initial-mark), 0.0174195 secs]
   [Parallel Time: 9.4 ms, GC Workers: 6]
      [GC Worker Start (ms): Min: 270790769.0, Avg: 270790771.3, Max: 270790772.4, Diff: 3.4]
      [Ext Root Scanning (ms): Min: 2.3, Avg: 3.8, Max: 7.8, Diff: 5.5, Sum: 22.6]
      [Update RS (ms): Min: 0.0, Avg: 0.4, Max: 0.6, Diff: 0.6, Sum: 2.3]
         [Processed Buffers: Min: 0, Avg: 9.2, Max: 22, Diff: 22, Sum: 55]
      [Scan RS (ms): Min: 0.0, Avg: 0.0, Max: 0.1, Diff: 0.1, Sum: 0.2]
      [Code Root Scanning (ms): Min: 0.0, Avg: 0.0, Max: 0.0, Diff: 0.0, Sum: 0.0]
      [Object Copy (ms): Min: 0.2, Avg: 0.4, Max: 0.5, Diff: 0.3, Sum: 2.2]
      [Termination (ms): Min: 0.0, Avg: 1.2, Max: 1.5, Diff: 1.5, Sum: 7.5]
         [Termination Attempts: Min: 1, Avg: 1.0, Max: 1, Diff: 0, Sum: 6]
      [GC Worker Other (ms): Min: 0.0, Avg: 0.0, Max: 0.0, Diff: 0.0, Sum: 0.0]
      [GC Worker Total (ms): Min: 4.7, Avg: 5.8, Max: 8.0, Diff: 3.4, Sum: 34.9]
      [GC Worker End (ms): Min: 270790777.0, Avg: 270790777.1, Max: 270790777.2, Diff: 0.1]
   [Code Root Fixup: 0.0 ms]
   [Code Root Purge: 0.0 ms]
   [Clear CT: 0.6 ms]
   [Other: 7.4 ms]
      [Choose CSet: 0.0 ms]
      [Ref Proc: 7.0 ms]
      [Ref Enq: 0.1 ms]
      [Redirty Cards: 0.1 ms]
      [Humongous Register: 0.0 ms]
      [Humongous Reclaim: 0.0 ms]
      [Free CSet: 0.1 ms]
   [Eden: 7152.0M(7152.0M)->0.0B(7152.0M) Survivors: 16384.0K->16384.0K Heap: 10643.2M(14336.0M)->3491.5M(14336.0M)]
 [Times: user=0.05 sys=0.00, real=0.02 secs] 
2022-10-02T14:49:35.705-0600: 270790.785: [GC concurrent-root-region-scan-start]
2022-10-02T14:49:35.709-0600: 270790.788: [GC concurrent-root-region-scan-end, 0.0032920 secs]
2022-10-02T14:49:35.709-0600: 270790.789: [GC concurrent-mark-start]
2022-10-02T14:49:36.962-0600: 270792.042: [GC concurrent-mark-end, 1.2535203 secs]
2022-10-02T14:49:36.962-0600: 270792.042: [GC remark 2022-10-02T14:49:36.962-0600: 270792.042: [Finalize Marking, 0.0022168 secs] 2022-10-02T14:49:36.965-0600: 270792.044: [GC ref-proc, 0.0210771 secs] 2022-10-02T14:49:36.986-0600: 270792.065: [Unloading, 0.0267891 secs], 0.0547942 secs]
 [Times: user=0.21 sys=0.00, real=0.06 secs] 
2022-10-02T14:49:37.017-0600: 270792.097: [GC cleanup 3547M->3547M(14336M), 0.0071767 secs]
 [Times: user=0.02 sys=0.00, real=0.00 secs] 
2022-10-02T14:52:13.786-0600: 270948.866: [GC pause (G1 Evacuation Pause) (young), 0.0106062 secs]
   [Parallel Time: 3.2 ms, GC Workers: 6]
      [GC Worker Start (ms): Min: 270948865.8, Avg: 270948866.9, Max: 270948868.7, Diff: 2.9]
      [Ext Root Scanning (ms): Min: 0.0, Avg: 1.2, Max: 3.0, Diff: 3.0, Sum: 6.9]
      [Update RS (ms): Min: 0.0, Avg: 0.3, Max: 0.6, Diff: 0.6, Sum: 1.8]
         [Processed Buffers: Min: 0, Avg: 8.0, Max: 38, Diff: 38, Sum: 48]
      [Scan RS (ms): Min: 0.0, Avg: 0.0, Max: 0.1, Diff: 0.1, Sum: 0.2]
      [Code Root Scanning (ms): Min: 0.0, Avg: 0.0, Max: 0.0, Diff: 0.0, Sum: 0.0]
      [Object Copy (ms): Min: 0.0, Avg: 0.4, Max: 0.8, Diff: 0.8, Sum: 2.1]
      [Termination (ms): Min: 0.0, Avg: 0.2, Max: 0.2, Diff: 0.2, Sum: 1.0]
         [Termination Attempts: Min: 1, Avg: 1.2, Max: 2, Diff: 1, Sum: 7]
      [GC Worker Other (ms): Min: 0.0, Avg: 0.0, Max: 0.0, Diff: 0.0, Sum: 0.0]
      [GC Worker Total (ms): Min: 0.2, Avg: 2.0, Max: 3.1, Diff: 2.9, Sum: 12.1]
      [GC Worker End (ms): Min: 270948868.9, Avg: 270948868.9, Max: 270948868.9, Diff: 0.0]
   [Code Root Fixup: 0.0 ms]
   [Code Root Purge: 0.0 ms]
   [Clear CT: 0.8 ms]
   [Other: 6.6 ms]
      [Choose CSet: 0.0 ms]
      [Ref Proc: 6.3 ms]
      [Ref Enq: 0.1 ms]
      [Redirty Cards: 0.1 ms]
      [Humongous Register: 0.0 ms]
      [Humongous Reclaim: 0.0 ms]
      [Free CSet: 0.1 ms]
   [Eden: 7152.0M(7152.0M)->0.0B(7152.0M) Survivors: 16384.0K->16384.0K Heap: 10643.5M(14336.0M)->3491.8M(14336.0M)]
 [Times: user=0.03 sys=0.00, real=0.01 secs] 
2022-10-02T14:54:49.687-0600: 271104.767: [GC pause (G1 Evacuation Pause) (young), 0.0176393 secs]
   [Parallel Time: 5.0 ms, GC Workers: 6]
      [GC Worker Start (ms): Min: 271104767.2, Avg: 271104769.5, Max: 271104772.1, Diff: 4.9]
      [Ext Root Scanning (ms): Min: 0.0, Avg: 1.1, Max: 2.9, Diff: 2.9, Sum: 6.3]
      [Update RS (ms): Min: 0.0, Avg: 0.3, Max: 0.6, Diff: 0.6, Sum: 2.0]
         [Processed Buffers: Min: 0, Avg: 7.8, Max: 37, Diff: 37, Sum: 47]
      [Scan RS (ms): Min: 0.0, Avg: 0.0, Max: 0.1, Diff: 0.1, Sum: 0.2]
      [Code Root Scanning (ms): Min: 0.0, Avg: 0.0, Max: 0.0, Diff: 0.0, Sum: 0.0]
      [Object Copy (ms): Min: 0.0, Avg: 0.3, Max: 0.6, Diff: 0.6, Sum: 1.9]
      [Termination (ms): Min: 0.0, Avg: 0.9, Max: 1.2, Diff: 1.2, Sum: 5.4]
         [Termination Attempts: Min: 1, Avg: 1.0, Max: 1, Diff: 0, Sum: 6]
      [GC Worker Other (ms): Min: 0.0, Avg: 0.0, Max: 0.0, Diff: 0.0, Sum: 0.1]
      [GC Worker Total (ms): Min: 0.0, Avg: 2.6, Max: 4.9, Diff: 4.9, Sum: 15.8]
      [GC Worker End (ms): Min: 271104772.1, Avg: 271104772.1, Max: 271104772.2, Diff: 0.1]
   [Code Root Fixup: 0.0 ms]
   [Code Root Purge: 0.0 ms]
   [Clear CT: 0.7 ms]
   [Other: 11.9 ms]
      [Choose CSet: 0.0 ms]
      [Ref Proc: 11.6 ms]
      [Ref Enq: 0.1 ms]
      [Redirty Cards: 0.1 ms]
      [Humongous Register: 0.0 ms]
      [Humongous Reclaim: 0.0 ms]
      [Free CSet: 0.1 ms]
   [Eden: 7152.0M(7152.0M)->0.0B(7152.0M) Survivors: 16384.0K->16384.0K Heap: 10643.8M(14336.0M)->3491.6M(14336.0M)]
 [Times: user=0.04 sys=0.00, real=0.02 secs] 
2022-10-02T14:57:27.637-0600: 271262.717: [GC pause (G1 Evacuation Pause) (young) (initial-mark), 0.0294218 secs]
   [Parallel Time: 10.1 ms, GC Workers: 6]
      [GC Worker Start (ms): Min: 271262718.7, Avg: 271262720.3, Max: 271262721.7, Diff: 3.0]
      [Ext Root Scanning (ms): Min: 2.0, Avg: 5.0, Max: 7.3, Diff: 5.3, Sum: 30.1]
      [Update RS (ms): Min: 0.0, Avg: 0.3, Max: 0.9, Diff: 0.9, Sum: 1.6]
         [Processed Buffers: Min: 0, Avg: 8.0, Max: 40, Diff: 40, Sum: 48]
      [Scan RS (ms): Min: 0.0, Avg: 0.0, Max: 0.1, Diff: 0.1, Sum: 0.2]
      [Code Root Scanning (ms): Min: 0.0, Avg: 0.0, Max: 0.0, Diff: 0.0, Sum: 0.0]
      [Object Copy (ms): Min: 0.0, Avg: 0.4, Max: 1.2, Diff: 1.2, Sum: 2.5]
      [Termination (ms): Min: 0.0, Avg: 1.1, Max: 1.5, Diff: 1.5, Sum: 6.3]
         [Termination Attempts: Min: 1, Avg: 1.3, Max: 3, Diff: 2, Sum: 8]
      [GC Worker Other (ms): Min: 0.0, Avg: 0.0, Max: 0.0, Diff: 0.0, Sum: 0.0]
      [GC Worker Total (ms): Min: 5.4, Avg: 6.8, Max: 8.5, Diff: 3.1, Sum: 40.8]
      [GC Worker End (ms): Min: 271262727.1, Avg: 271262727.1, Max: 271262727.2, Diff: 0.2]
   [Code Root Fixup: 0.0 ms]
   [Code Root Purge: 0.0 ms]
   [Clear CT: 0.7 ms]
   [Other: 18.6 ms]
      [Choose CSet: 0.0 ms]
      [Ref Proc: 18.3 ms]
      [Ref Enq: 0.1 ms]
      [Redirty Cards: 0.1 ms]
      [Humongous Register: 0.0 ms]
      [Humongous Reclaim: 0.0 ms]
      [Free CSet: 0.1 ms]
   [Eden: 7152.0M(7152.0M)->0.0B(7152.0M) Survivors: 16384.0K->16384.0K Heap: 10643.6M(14336.0M)->3491.5M(14336.0M)]
 [Times: user=0.08 sys=0.00, real=0.03 secs] 
2022-10-02T14:57:27.667-0600: 271262.747: [GC concurrent-root-region-scan-start]
2022-10-02T14:57:27.670-0600: 271262.750: [GC concurrent-root-region-scan-end, 0.0032248 secs]
2022-10-02T14:57:27.670-0600: 271262.750: [GC concurrent-mark-start]
2022-10-02T14:57:28.917-0600: 271263.997: [GC concurrent-mark-end, 1.2468637 secs]
2022-10-02T14:57:28.917-0600: 271263.997: [GC remark 2022-10-02T14:57:28.917-0600: 271263.997: [Finalize Marking, 0.0018004 secs] 2022-10-02T14:57:28.919-0600: 271263.999: [GC ref-proc, 0.0259221 secs] 2022-10-02T14:57:28.945-0600: 271264.025: [Unloading, 0.0285453 secs], 0.0620029 secs]
 [Times: user=0.22 sys=0.00, real=0.06 secs] 
2022-10-02T14:57:28.979-0600: 271264.059: [GC cleanup 3547M->3547M(14336M), 0.0087022 secs]
 [Times: user=0.02 sys=0.00, real=0.01 secs] 
2022-10-02T15:00:03.496-0600: 271418.576: [GC pause (G1 Evacuation Pause) (young), 0.0194263 secs]
   [Parallel Time: 3.1 ms, GC Workers: 6]
      [GC Worker Start (ms): Min: 271418576.3, Avg: 271418576.9, Max: 271418579.3, Diff: 3.0]
      [Ext Root Scanning (ms): Min: 0.0, Avg: 1.2, Max: 3.0, Diff: 3.0, Sum: 6.9]
      [Update RS (ms): Min: 0.0, Avg: 0.4, Max: 0.6, Diff: 0.6, Sum: 2.3]
         [Processed Buffers: Min: 0, Avg: 8.0, Max: 29, Diff: 29, Sum: 48]
      [Scan RS (ms): Min: 0.0, Avg: 0.0, Max: 0.1, Diff: 0.1, Sum: 0.3]
      [Code Root Scanning (ms): Min: 0.0, Avg: 0.0, Max: 0.0, Diff: 0.0, Sum: 0.0]
      [Object Copy (ms): Min: 0.0, Avg: 0.4, Max: 0.7, Diff: 0.7, Sum: 2.4]
      [Termination (ms): Min: 0.0, Avg: 0.4, Max: 0.6, Diff: 0.6, Sum: 2.5]
         [Termination Attempts: Min: 1, Avg: 1.0, Max: 1, Diff: 0, Sum: 6]
      [GC Worker Other (ms): Min: 0.0, Avg: 0.0, Max: 0.0, Diff: 0.0, Sum: 0.0]
      [GC Worker Total (ms): Min: 0.0, Avg: 2.4, Max: 3.1, Diff: 3.0, Sum: 14.5]
      [GC Worker End (ms): Min: 271418579.3, Avg: 271418579.4, Max: 271418579.4, Diff: 0.0]
   [Code Root Fixup: 0.0 ms]
   [Code Root Purge: 0.0 ms]
   [Clear CT: 0.9 ms]
   [Other: 15.4 ms]
      [Choose CSet: 0.0 ms]
      [Ref Proc: 15.1 ms]
      [Ref Enq: 0.1 ms]
      [Redirty Cards: 0.1 ms]
      [Humongous Register: 0.0 ms]
      [Humongous Reclaim: 0.0 ms]
      [Free CSet: 0.1 ms]
   [Eden: 7152.0M(7152.0M)->0.0B(7152.0M) Survivors: 16384.0K->16384.0K Heap: 10643.5M(14336.0M)->3491.9M(14336.0M)]
 [Times: user=0.05 sys=0.00, real=0.02 secs] 
2022-10-02T15:02:38.536-0600: 271573.616: [GC pause (G1 Evacuation Pause) (young), 0.0259372 secs]
   [Parallel Time: 4.5 ms, GC Workers: 6]
      [GC Worker Start (ms): Min: 271573616.4, Avg: 271573617.8, Max: 271573620.7, Diff: 4.3]
      [Ext Root Scanning (ms): Min: 0.0, Avg: 1.2, Max: 3.3, Diff: 3.3, Sum: 7.2]
      [Update RS (ms): Min: 0.0, Avg: 0.4, Max: 0.8, Diff: 0.8, Sum: 2.1]
         [Processed Buffers: Min: 0, Avg: 7.8, Max: 38, Diff: 38, Sum: 47]
      [Scan RS (ms): Min: 0.0, Avg: 0.0, Max: 0.1, Diff: 0.1, Sum: 0.2]
      [Code Root Scanning (ms): Min: 0.0, Avg: 0.0, Max: 0.0, Diff: 0.0, Sum: 0.0]
      [Object Copy (ms): Min: 0.0, Avg: 0.4, Max: 1.0, Diff: 1.0, Sum: 2.6]
      [Termination (ms): Min: 0.0, Avg: 0.9, Max: 1.2, Diff: 1.2, Sum: 5.5]
         [Termination Attempts: Min: 1, Avg: 1.7, Max: 4, Diff: 3, Sum: 10]
      [GC Worker Other (ms): Min: 0.0, Avg: 0.0, Max: 0.0, Diff: 0.0, Sum: 0.0]
      [GC Worker Total (ms): Min: 0.0, Avg: 2.9, Max: 4.4, Diff: 4.4, Sum: 17.6]
      [GC Worker End (ms): Min: 271573620.7, Avg: 271573620.8, Max: 271573620.8, Diff: 0.1]
   [Code Root Fixup: 0.0 ms]
   [Code Root Purge: 0.0 ms]
   [Clear CT: 0.8 ms]
   [Other: 20.7 ms]
      [Choose CSet: 0.0 ms]
      [Ref Proc: 20.3 ms]
      [Ref Enq: 0.1 ms]
      [Redirty Cards: 0.1 ms]
      [Humongous Register: 0.0 ms]
      [Humongous Reclaim: 0.0 ms]
      [Free CSet: 0.1 ms]
   [Eden: 7152.0M(7152.0M)->0.0B(7152.0M) Survivors: 16384.0K->16384.0K Heap: 10643.9M(14336.0M)->3491.8M(14336.0M)]
 [Times: user=0.07 sys=0.00, real=0.02 secs] 
2022-10-02T15:05:16.493-0600: 271731.573: [GC pause (G1 Evacuation Pause) (young) (initial-mark), 0.0227424 secs]
   [Parallel Time: 10.9 ms, GC Workers: 6]
      [GC Worker Start (ms): Min: 271731574.5, Avg: 271731576.4, Max: 271731577.6, Diff: 3.1]
      [Ext Root Scanning (ms): Min: 1.6, Avg: 5.3, Max: 8.3, Diff: 6.7, Sum: 32.1]
      [Update RS (ms): Min: 0.0, Avg: 0.3, Max: 1.1, Diff: 1.1, Sum: 2.1]
         [Processed Buffers: Min: 0, Avg: 7.8, Max: 40, Diff: 40, Sum: 47]
      [Scan RS (ms): Min: 0.0, Avg: 0.0, Max: 0.1, Diff: 0.1, Sum: 0.2]
      [Code Root Scanning (ms): Min: 0.0, Avg: 0.0, Max: 0.0, Diff: 0.0, Sum: 0.0]
      [Object Copy (ms): Min: 0.0, Avg: 0.4, Max: 1.0, Diff: 1.0, Sum: 2.2]
      [Termination (ms): Min: 0.0, Avg: 1.4, Max: 2.8, Diff: 2.8, Sum: 8.5]
         [Termination Attempts: Min: 1, Avg: 1.5, Max: 3, Diff: 2, Sum: 9]
      [GC Worker Other (ms): Min: 0.0, Avg: 0.0, Max: 0.0, Diff: 0.0, Sum: 0.0]
      [GC Worker Total (ms): Min: 6.3, Avg: 7.5, Max: 9.5, Diff: 3.2, Sum: 45.1]
      [GC Worker End (ms): Min: 271731583.9, Avg: 271731583.9, Max: 271731584.0, Diff: 0.2]
   [Code Root Fixup: 0.0 ms]
   [Code Root Purge: 0.0 ms]
   [Clear CT: 0.7 ms]
   [Other: 11.2 ms]
      [Choose CSet: 0.0 ms]
      [Ref Proc: 10.8 ms]
      [Ref Enq: 0.1 ms]
      [Redirty Cards: 0.1 ms]
      [Humongous Register: 0.0 ms]
      [Humongous Reclaim: 0.0 ms]
      [Free CSet: 0.1 ms]
   [Eden: 7152.0M(7152.0M)->0.0B(7152.0M) Survivors: 16384.0K->16384.0K Heap: 10643.8M(14336.0M)->3491.9M(14336.0M)]
 [Times: user=0.06 sys=0.00, real=0.02 secs] 
2022-10-02T15:05:16.516-0600: 271731.596: [GC concurrent-root-region-scan-start]
2022-10-02T15:05:16.519-0600: 271731.599: [GC concurrent-root-region-scan-end, 0.0031424 secs]
2022-10-02T15:05:16.519-0600: 271731.599: [GC concurrent-mark-start]
2022-10-02T15:05:17.805-0600: 271732.885: [GC concurrent-mark-end, 1.2862051 secs]
2022-10-02T15:05:17.806-0600: 271732.885: [GC remark 2022-10-02T15:05:17.806-0600: 271732.885: [Finalize Marking, 0.0018672 secs] 2022-10-02T15:05:17.807-0600: 271732.887: [GC ref-proc, 0.0191804 secs] 2022-10-02T15:05:17.827-0600: 271732.907: [Unloading, 0.0289704 secs], 0.0550642 secs]
 [Times: user=0.23 sys=0.00, real=0.05 secs] 
2022-10-02T15:05:17.861-0600: 271732.941: [GC cleanup 3581M->3581M(14336M), 0.0094910 secs]
 [Times: user=0.02 sys=0.00, real=0.01 secs] 
2022-10-02T15:07:52.497-0600: 271887.577: [GC pause (G1 Evacuation Pause) (young), 0.0166269 secs]
   [Parallel Time: 3.9 ms, GC Workers: 6]
      [GC Worker Start (ms): Min: 271887576.7, Avg: 271887578.0, Max: 271887580.5, Diff: 3.8]
      [Ext Root Scanning (ms): Min: 0.0, Avg: 1.1, Max: 3.2, Diff: 3.2, Sum: 6.8]
      [Update RS (ms): Min: 0.0, Avg: 0.3, Max: 0.6, Diff: 0.6, Sum: 1.9]
         [Processed Buffers: Min: 0, Avg: 7.7, Max: 29, Diff: 29, Sum: 46]
      [Scan RS (ms): Min: 0.0, Avg: 0.0, Max: 0.1, Diff: 0.1, Sum: 0.2]
      [Code Root Scanning (ms): Min: 0.0, Avg: 0.0, Max: 0.0, Diff: 0.0, Sum: 0.0]
      [Object Copy (ms): Min: 0.0, Avg: 0.3, Max: 0.7, Diff: 0.7, Sum: 1.8]
      [Termination (ms): Min: 0.0, Avg: 0.7, Max: 1.2, Diff: 1.2, Sum: 4.1]
         [Termination Attempts: Min: 1, Avg: 1.0, Max: 1, Diff: 0, Sum: 6]
      [GC Worker Other (ms): Min: 0.0, Avg: 0.0, Max: 0.0, Diff: 0.0, Sum: 0.0]
      [GC Worker Total (ms): Min: 0.0, Avg: 2.5, Max: 3.8, Diff: 3.8, Sum: 14.8]
      [GC Worker End (ms): Min: 271887580.5, Avg: 271887580.5, Max: 271887580.5, Diff: 0.0]
   [Code Root Fixup: 0.0 ms]
   [Code Root Purge: 0.0 ms]
   [Clear CT: 0.6 ms]
   [Other: 12.0 ms]
      [Choose CSet: 0.0 ms]
      [Ref Proc: 11.6 ms]
      [Ref Enq: 0.1 ms]
      [Redirty Cards: 0.1 ms]
      [Humongous Register: 0.0 ms]
      [Humongous Reclaim: 0.0 ms]
      [Free CSet: 0.1 ms]
   [Eden: 7152.0M(7152.0M)->0.0B(7152.0M) Survivors: 16384.0K->16384.0K Heap: 10643.9M(14336.0M)->3491.9M(14336.0M)]
 [Times: user=0.04 sys=0.01, real=0.02 secs] 
2022-10-02T15:10:29.487-0600: 272044.567: [GC pause (G1 Evacuation Pause) (young), 0.0166365 secs]
   [Parallel Time: 3.4 ms, GC Workers: 6]
      [GC Worker Start (ms): Min: 272044567.3, Avg: 272044567.9, Max: 272044570.2, Diff: 2.9]
      [Ext Root Scanning (ms): Min: 0.0, Avg: 1.2, Max: 3.2, Diff: 3.2, Sum: 7.0]
      [Update RS (ms): Min: 0.0, Avg: 0.4, Max: 0.7, Diff: 0.7, Sum: 2.2]
         [Processed Buffers: Min: 0, Avg: 7.5, Max: 24, Diff: 24, Sum: 45]
      [Scan RS (ms): Min: 0.0, Avg: 0.0, Max: 0.1, Diff: 0.1, Sum: 0.2]
      [Code Root Scanning (ms): Min: 0.0, Avg: 0.0, Max: 0.0, Diff: 0.0, Sum: 0.0]
      [Object Copy (ms): Min: 0.0, Avg: 0.3, Max: 0.6, Diff: 0.6, Sum: 2.0]
      [Termination (ms): Min: 0.0, Avg: 0.8, Max: 1.1, Diff: 1.1, Sum: 4.5]
         [Termination Attempts: Min: 1, Avg: 3.7, Max: 6, Diff: 5, Sum: 22]
      [GC Worker Other (ms): Min: 0.0, Avg: 0.0, Max: 0.0, Diff: 0.0, Sum: 0.0]
      [GC Worker Total (ms): Min: 0.4, Avg: 2.7, Max: 3.4, Diff: 3.0, Sum: 15.9]
      [GC Worker End (ms): Min: 272044570.5, Avg: 272044570.6, Max: 272044570.7, Diff: 0.2]
   [Code Root Fixup: 0.0 ms]
   [Code Root Purge: 0.0 ms]
   [Clear CT: 0.8 ms]
   [Other: 12.4 ms]
      [Choose CSet: 0.0 ms]
      [Ref Proc: 12.1 ms]
      [Ref Enq: 0.1 ms]
      [Redirty Cards: 0.0 ms]
      [Humongous Register: 0.0 ms]
      [Humongous Reclaim: 0.0 ms]
      [Free CSet: 0.1 ms]
   [Eden: 7152.0M(7152.0M)->0.0B(7152.0M) Survivors: 16384.0K->16384.0K Heap: 10643.9M(14336.0M)->3492.5M(14336.0M)]
 [Times: user=0.05 sys=0.00, real=0.01 secs] 
2022-10-02T15:13:04.738-0600: 272199.818: [GC pause (G1 Evacuation Pause) (young) (initial-mark), 0.0225390 secs]
   [Parallel Time: 11.4 ms, GC Workers: 6]
      [GC Worker Start (ms): Min: 272199819.4, Avg: 272199822.2, Max: 272199823.3, Diff: 3.8]
      [Ext Root Scanning (ms): Min: 2.2, Avg: 4.3, Max: 6.0, Diff: 3.8, Sum: 25.9]
      [Update RS (ms): Min: 0.0, Avg: 0.4, Max: 0.6, Diff: 0.6, Sum: 2.1]
         [Processed Buffers: Min: 0, Avg: 8.3, Max: 34, Diff: 34, Sum: 50]
      [Scan RS (ms): Min: 0.0, Avg: 0.0, Max: 0.1, Diff: 0.1, Sum: 0.2]
      [Code Root Scanning (ms): Min: 0.0, Avg: 0.0, Max: 0.0, Diff: 0.0, Sum: 0.0]
      [Object Copy (ms): Min: 0.0, Avg: 0.4, Max: 0.7, Diff: 0.7, Sum: 2.3]
      [Termination (ms): Min: 0.0, Avg: 2.1, Max: 2.9, Diff: 2.9, Sum: 12.6]
         [Termination Attempts: Min: 1, Avg: 1.0, Max: 1, Diff: 0, Sum: 6]
      [GC Worker Other (ms): Min: 0.0, Avg: 0.0, Max: 0.0, Diff: 0.0, Sum: 0.0]
      [GC Worker Total (ms): Min: 6.1, Avg: 7.2, Max: 10.0, Diff: 3.9, Sum: 43.2]
      [GC Worker End (ms): Min: 272199829.3, Avg: 272199829.4, Max: 272199829.5, Diff: 0.2]
   [Code Root Fixup: 0.0 ms]
   [Code Root Purge: 0.0 ms]
   [Clear CT: 0.9 ms]
   [Other: 10.3 ms]
      [Choose CSet: 0.0 ms]
      [Ref Proc: 9.9 ms]
      [Ref Enq: 0.1 ms]
      [Redirty Cards: 0.1 ms]
      [Humongous Register: 0.0 ms]
      [Humongous Reclaim: 0.0 ms]
      [Free CSet: 0.1 ms]
   [Eden: 7152.0M(7152.0M)->0.0B(7152.0M) Survivors: 16384.0K->16384.0K Heap: 10644.5M(14336.0M)->3492.2M(14336.0M)]
 [Times: user=0.06 sys=0.00, real=0.02 secs] 
2022-10-02T15:13:04.761-0600: 272199.841: [GC concurrent-root-region-scan-start]
2022-10-02T15:13:04.764-0600: 272199.844: [GC concurrent-root-region-scan-end, 0.0029093 secs]
2022-10-02T15:13:04.764-0600: 272199.844: [GC concurrent-mark-start]
2022-10-02T15:13:06.041-0600: 272201.121: [GC concurrent-mark-end, 1.2770458 secs]
2022-10-02T15:13:06.041-0600: 272201.121: [GC remark 2022-10-02T15:13:06.041-0600: 272201.121: [Finalize Marking, 0.0019912 secs] 2022-10-02T15:13:06.043-0600: 272201.123: [GC ref-proc, 0.0176214 secs] 2022-10-02T15:13:06.061-0600: 272201.140: [Unloading, 0.0364935 secs], 0.0608552 secs]
 [Times: user=0.21 sys=0.00, real=0.06 secs] 
2022-10-02T15:13:06.102-0600: 272201.182: [GC cleanup 3580M->3580M(14336M), 0.0090159 secs]
 [Times: user=0.02 sys=0.00, real=0.01 secs] 
2022-10-02T15:15:41.498-0600: 272356.577: [GC pause (G1 Evacuation Pause) (young), 0.0182917 secs]
   [Parallel Time: 3.5 ms, GC Workers: 6]
      [GC Worker Start (ms): Min: 272356577.4, Avg: 272356577.5, Max: 272356577.6, Diff: 0.1]
      [Ext Root Scanning (ms): Min: 1.1, Avg: 2.1, Max: 3.3, Diff: 2.2, Sum: 12.9]
      [Update RS (ms): Min: 0.0, Avg: 0.4, Max: 0.7, Diff: 0.7, Sum: 2.1]
         [Processed Buffers: Min: 0, Avg: 7.3, Max: 30, Diff: 30, Sum: 44]
      [Scan RS (ms): Min: 0.0, Avg: 0.0, Max: 0.1, Diff: 0.1, Sum: 0.2]
      [Code Root Scanning (ms): Min: 0.0, Avg: 0.0, Max: 0.0, Diff: 0.0, Sum: 0.0]
      [Object Copy (ms): Min: 0.0, Avg: 0.3, Max: 0.7, Diff: 0.7, Sum: 1.9]
      [Termination (ms): Min: 0.0, Avg: 0.4, Max: 0.7, Diff: 0.7, Sum: 2.5]
         [Termination Attempts: Min: 1, Avg: 1.0, Max: 1, Diff: 0, Sum: 6]
      [GC Worker Other (ms): Min: 0.0, Avg: 0.0, Max: 0.0, Diff: 0.0, Sum: 0.0]
      [GC Worker Total (ms): Min: 3.2, Avg: 3.3, Max: 3.4, Diff: 0.2, Sum: 19.7]
      [GC Worker End (ms): Min: 272356580.7, Avg: 272356580.8, Max: 272356580.9, Diff: 0.1]
   [Code Root Fixup: 0.0 ms]
   [Code Root Purge: 0.0 ms]
   [Clear CT: 0.8 ms]
   [Other: 14.0 ms]
      [Choose CSet: 0.0 ms]
      [Ref Proc: 13.7 ms]
      [Ref Enq: 0.0 ms]
      [Redirty Cards: 0.0 ms]
      [Humongous Register: 0.0 ms]
      [Humongous Reclaim: 0.0 ms]
      [Free CSet: 0.1 ms]
   [Eden: 7152.0M(7152.0M)->0.0B(7152.0M) Survivors: 16384.0K->16384.0K Heap: 10644.2M(14336.0M)->3492.0M(14336.0M)]
 [Times: user=0.05 sys=0.00, real=0.02 secs] 
2022-10-02T15:18:18.187-0600: 272513.267: [GC pause (G1 Evacuation Pause) (young), 0.0129044 secs]
   [Parallel Time: 4.0 ms, GC Workers: 6]
      [GC Worker Start (ms): Min: 272513266.7, Avg: 272513267.9, Max: 272513270.6, Diff: 3.9]
      [Ext Root Scanning (ms): Min: 0.0, Avg: 1.2, Max: 3.3, Diff: 3.3, Sum: 7.3]
      [Update RS (ms): Min: 0.0, Avg: 0.4, Max: 0.7, Diff: 0.7, Sum: 2.2]
         [Processed Buffers: Min: 0, Avg: 8.2, Max: 27, Diff: 27, Sum: 49]
      [Scan RS (ms): Min: 0.0, Avg: 0.0, Max: 0.1, Diff: 0.1, Sum: 0.2]
      [Code Root Scanning (ms): Min: 0.0, Avg: 0.0, Max: 0.0, Diff: 0.0, Sum: 0.0]
      [Object Copy (ms): Min: 0.0, Avg: 0.4, Max: 0.6, Diff: 0.6, Sum: 2.2]
      [Termination (ms): Min: 0.0, Avg: 0.8, Max: 1.1, Diff: 1.1, Sum: 5.1]
         [Termination Attempts: Min: 1, Avg: 1.0, Max: 1, Diff: 0, Sum: 6]
      [GC Worker Other (ms): Min: 0.0, Avg: 0.0, Max: 0.0, Diff: 0.0, Sum: 0.0]
      [GC Worker Total (ms): Min: 0.0, Avg: 2.8, Max: 4.0, Diff: 4.0, Sum: 17.0]
      [GC Worker End (ms): Min: 272513270.6, Avg: 272513270.7, Max: 272513270.8, Diff: 0.1]
   [Code Root Fixup: 0.0 ms]
   [Code Root Purge: 0.0 ms]
   [Clear CT: 0.7 ms]
   [Other: 8.1 ms]
      [Choose CSet: 0.0 ms]
      [Ref Proc: 7.8 ms]
      [Ref Enq: 0.1 ms]
      [Redirty Cards: 0.1 ms]
      [Humongous Register: 0.0 ms]
      [Humongous Reclaim: 0.0 ms]
      [Free CSet: 0.1 ms]
   [Eden: 7152.0M(7152.0M)->0.0B(7152.0M) Survivors: 16384.0K->16384.0K Heap: 10644.0M(14336.0M)->3492.5M(14336.0M)]
 [Times: user=0.04 sys=0.00, real=0.01 secs] 
2022-10-02T15:20:55.500-0600: 272670.580: [GC pause (G1 Evacuation Pause) (young) (initial-mark), 0.0239246 secs]
   [Parallel Time: 9.0 ms, GC Workers: 6]
      [GC Worker Start (ms): Min: 272670581.5, Avg: 272670582.8, Max: 272670584.2, Diff: 2.7]
      [Ext Root Scanning (ms): Min: 2.4, Avg: 4.0, Max: 4.9, Diff: 2.6, Sum: 24.2]
      [Update RS (ms): Min: 0.0, Avg: 0.4, Max: 0.5, Diff: 0.5, Sum: 2.3]
         [Processed Buffers: Min: 0, Avg: 7.7, Max: 21, Diff: 21, Sum: 46]
      [Scan RS (ms): Min: 0.0, Avg: 0.0, Max: 0.1, Diff: 0.1, Sum: 0.2]
      [Code Root Scanning (ms): Min: 0.0, Avg: 0.0, Max: 0.0, Diff: 0.0, Sum: 0.0]
      [Object Copy (ms): Min: 0.0, Avg: 0.4, Max: 0.6, Diff: 0.6, Sum: 2.3]
      [Termination (ms): Min: 0.0, Avg: 1.4, Max: 1.7, Diff: 1.7, Sum: 8.4]
         [Termination Attempts: Min: 1, Avg: 1.0, Max: 1, Diff: 0, Sum: 6]
      [GC Worker Other (ms): Min: 0.0, Avg: 0.0, Max: 0.0, Diff: 0.0, Sum: 0.0]
      [GC Worker Total (ms): Min: 4.9, Avg: 6.2, Max: 7.6, Diff: 2.8, Sum: 37.5]
      [GC Worker End (ms): Min: 272670589.0, Avg: 272670589.1, Max: 272670589.1, Diff: 0.1]
   [Code Root Fixup: 0.0 ms]
   [Code Root Purge: 0.0 ms]
   [Clear CT: 0.7 ms]
   [Other: 14.2 ms]
      [Choose CSet: 0.0 ms]
      [Ref Proc: 13.8 ms]
      [Ref Enq: 0.1 ms]
      [Redirty Cards: 0.1 ms]
      [Humongous Register: 0.0 ms]
      [Humongous Reclaim: 0.0 ms]
      [Free CSet: 0.1 ms]
   [Eden: 7152.0M(7152.0M)->0.0B(7152.0M) Survivors: 16384.0K->16384.0K Heap: 10644.5M(14336.0M)->3492.5M(14336.0M)]
 [Times: user=0.07 sys=0.00, real=0.02 secs] 
2022-10-02T15:20:55.524-0600: 272670.604: [GC concurrent-root-region-scan-start]
2022-10-02T15:20:55.528-0600: 272670.608: [GC concurrent-root-region-scan-end, 0.0034716 secs]
2022-10-02T15:20:55.528-0600: 272670.608: [GC concurrent-mark-start]
2022-10-02T15:20:56.804-0600: 272671.883: [GC concurrent-mark-end, 1.2757362 secs]
2022-10-02T15:20:56.804-0600: 272671.884: [GC remark 2022-10-02T15:20:56.804-0600: 272671.884: [Finalize Marking, 0.0017874 secs] 2022-10-02T15:20:56.806-0600: 272671.885: [GC ref-proc, 0.0178138 secs] 2022-10-02T15:20:56.823-0600: 272671.903: [Unloading, 0.0306336 secs], 0.0559385 secs]
 [Times: user=0.20 sys=0.00, real=0.06 secs] 
2022-10-02T15:20:56.860-0600: 272671.940: [GC cleanup 3556M->3556M(14336M), 0.0078983 secs]
 [Times: user=0.02 sys=0.00, real=0.01 secs] 
2022-10-02T15:23:31.635-0600: 272826.715: [GC pause (G1 Evacuation Pause) (young), 0.0132626 secs]
   [Parallel Time: 3.3 ms, GC Workers: 6]
      [GC Worker Start (ms): Min: 272826715.3, Avg: 272826715.9, Max: 272826718.2, Diff: 2.9]
      [Ext Root Scanning (ms): Min: 0.0, Avg: 1.1, Max: 3.2, Diff: 3.2, Sum: 6.9]
      [Update RS (ms): Min: 0.0, Avg: 0.4, Max: 0.6, Diff: 0.6, Sum: 2.1]
         [Processed Buffers: Min: 0, Avg: 7.7, Max: 34, Diff: 34, Sum: 46]
      [Scan RS (ms): Min: 0.0, Avg: 0.0, Max: 0.1, Diff: 0.1, Sum: 0.2]
      [Code Root Scanning (ms): Min: 0.0, Avg: 0.0, Max: 0.0, Diff: 0.0, Sum: 0.0]
      [Object Copy (ms): Min: 0.0, Avg: 0.4, Max: 0.6, Diff: 0.6, Sum: 2.2]
      [Termination (ms): Min: 0.0, Avg: 0.7, Max: 1.0, Diff: 1.0, Sum: 4.0]
         [Termination Attempts: Min: 1, Avg: 1.2, Max: 2, Diff: 1, Sum: 7]
      [GC Worker Other (ms): Min: 0.0, Avg: 0.0, Max: 0.0, Diff: 0.0, Sum: 0.0]
      [GC Worker Total (ms): Min: 0.4, Avg: 2.6, Max: 3.3, Diff: 2.9, Sum: 15.5]
      [GC Worker End (ms): Min: 272826718.5, Avg: 272826718.5, Max: 272826718.6, Diff: 0.1]
   [Code Root Fixup: 0.0 ms]
   [Code Root Purge: 0.0 ms]
   [Clear CT: 0.7 ms]
   [Other: 9.2 ms]
      [Choose CSet: 0.0 ms]
      [Ref Proc: 8.8 ms]
      [Ref Enq: 0.1 ms]
      [Redirty Cards: 0.1 ms]
      [Humongous Register: 0.0 ms]
      [Humongous Reclaim: 0.0 ms]
      [Free CSet: 0.1 ms]
   [Eden: 7152.0M(7152.0M)->0.0B(7152.0M) Survivors: 16384.0K->16384.0K Heap: 10644.5M(14336.0M)->3492.3M(14336.0M)]
 [Times: user=0.04 sys=0.00, real=0.01 secs] 
2022-10-02T15:26:09.238-0600: 272984.318: [GC pause (G1 Evacuation Pause) (young), 0.0188959 secs]
   [Parallel Time: 4.7 ms, GC Workers: 6]
      [GC Worker Start (ms): Min: 272984318.0, Avg: 272984320.5, Max: 272984322.7, Diff: 4.7]
      [Ext Root Scanning (ms): Min: 0.0, Avg: 1.1, Max: 3.2, Diff: 3.2, Sum: 6.8]
      [Update RS (ms): Min: 0.0, Avg: 0.3, Max: 0.5, Diff: 0.5, Sum: 1.9]
         [Processed Buffers: Min: 0, Avg: 6.8, Max: 31, Diff: 31, Sum: 41]
      [Scan RS (ms): Min: 0.0, Avg: 0.0, Max: 0.1, Diff: 0.1, Sum: 0.2]
      [Code Root Scanning (ms): Min: 0.0, Avg: 0.0, Max: 0.0, Diff: 0.0, Sum: 0.0]
      [Object Copy (ms): Min: 0.0, Avg: 0.3, Max: 0.7, Diff: 0.7, Sum: 1.9]
      [Termination (ms): Min: 0.0, Avg: 0.4, Max: 0.6, Diff: 0.6, Sum: 2.5]
         [Termination Attempts: Min: 1, Avg: 1.0, Max: 1, Diff: 0, Sum: 6]
      [GC Worker Other (ms): Min: 0.0, Avg: 0.0, Max: 0.0, Diff: 0.0, Sum: 0.0]
      [GC Worker Total (ms): Min: 0.0, Avg: 2.2, Max: 4.7, Diff: 4.7, Sum: 13.4]
      [GC Worker End (ms): Min: 272984322.7, Avg: 272984322.7, Max: 272984322.7, Diff: 0.0]
   [Code Root Fixup: 0.0 ms]
   [Code Root Purge: 0.0 ms]
   [Clear CT: 0.9 ms]
   [Other: 13.2 ms]
      [Choose CSet: 0.0 ms]
      [Ref Proc: 12.9 ms]
      [Ref Enq: 0.1 ms]
      [Redirty Cards: 0.1 ms]
      [Humongous Register: 0.0 ms]
      [Humongous Reclaim: 0.0 ms]
      [Free CSet: 0.1 ms]
   [Eden: 7152.0M(7152.0M)->0.0B(7152.0M) Survivors: 16384.0K->16384.0K Heap: 10644.3M(14336.0M)->3492.9M(14336.0M)]
 [Times: user=0.06 sys=0.00, real=0.02 secs] 
2022-10-02T15:28:45.486-0600: 273140.566: [GC pause (G1 Evacuation Pause) (young) (initial-mark), 0.0213267 secs]
   [Parallel Time: 9.3 ms, GC Workers: 6]
      [GC Worker Start (ms): Min: 273140567.1, Avg: 273140567.4, Max: 273140568.7, Diff: 1.7]
      [Ext Root Scanning (ms): Min: 4.3, Avg: 5.4, Max: 7.6, Diff: 3.4, Sum: 32.7]
      [Update RS (ms): Min: 0.0, Avg: 0.3, Max: 0.7, Diff: 0.7, Sum: 2.0]
         [Processed Buffers: Min: 0, Avg: 8.5, Max: 38, Diff: 38, Sum: 51]
      [Scan RS (ms): Min: 0.0, Avg: 0.0, Max: 0.1, Diff: 0.1, Sum: 0.2]
      [Code Root Scanning (ms): Min: 0.0, Avg: 0.0, Max: 0.0, Diff: 0.0, Sum: 0.0]
      [Object Copy (ms): Min: 0.1, Avg: 0.4, Max: 0.7, Diff: 0.6, Sum: 2.2]
      [Termination (ms): Min: 0.0, Avg: 1.3, Max: 2.2, Diff: 2.2, Sum: 7.9]
         [Termination Attempts: Min: 1, Avg: 1.0, Max: 1, Diff: 0, Sum: 6]
      [GC Worker Other (ms): Min: 0.0, Avg: 0.0, Max: 0.0, Diff: 0.0, Sum: 0.0]
      [GC Worker Total (ms): Min: 6.1, Avg: 7.5, Max: 7.9, Diff: 1.8, Sum: 45.2]
      [GC Worker End (ms): Min: 273140574.8, Avg: 273140574.9, Max: 273140575.0, Diff: 0.2]
   [Code Root Fixup: 0.0 ms]
   [Code Root Purge: 0.0 ms]
   [Clear CT: 0.9 ms]
   [Other: 11.2 ms]
      [Choose CSet: 0.0 ms]
      [Ref Proc: 10.8 ms]
      [Ref Enq: 0.1 ms]
      [Redirty Cards: 0.1 ms]
      [Humongous Register: 0.0 ms]
      [Humongous Reclaim: 0.0 ms]
      [Free CSet: 0.1 ms]
   [Eden: 7152.0M(7152.0M)->0.0B(7152.0M) Survivors: 16384.0K->16384.0K Heap: 10644.9M(14336.0M)->3492.4M(14336.0M)]
 [Times: user=0.06 sys=0.00, real=0.02 secs] 
2022-10-02T15:28:45.507-0600: 273140.587: [GC concurrent-root-region-scan-start]
2022-10-02T15:28:45.511-0600: 273140.591: [GC concurrent-root-region-scan-end, 0.0033335 secs]
2022-10-02T15:28:45.511-0600: 273140.591: [GC concurrent-mark-start]
2022-10-02T15:28:46.782-0600: 273141.862: [GC concurrent-mark-end, 1.2710133 secs]
2022-10-02T15:28:46.782-0600: 273141.862: [GC remark 2022-10-02T15:28:46.782-0600: 273141.862: [Finalize Marking, 0.0017389 secs] 2022-10-02T15:28:46.784-0600: 273141.863: [GC ref-proc, 0.0228701 secs] 2022-10-02T15:28:46.806-0600: 273141.886: [Unloading, 0.0286355 secs], 0.0598192 secs]
 [Times: user=0.20 sys=0.00, real=0.06 secs] 
2022-10-02T15:28:46.842-0600: 273141.922: [GC cleanup 3564M->3564M(14336M), 0.0120379 secs]
 [Times: user=0.02 sys=0.00, real=0.02 secs] 
2022-10-02T15:31:22.788-0600: 273297.868: [GC pause (G1 Evacuation Pause) (young), 0.0185659 secs]
   [Parallel Time: 3.5 ms, GC Workers: 6]
      [GC Worker Start (ms): Min: 273297868.1, Avg: 273297869.3, Max: 273297871.5, Diff: 3.4]
      [Ext Root Scanning (ms): Min: 0.0, Avg: 1.1, Max: 3.0, Diff: 3.0, Sum: 6.6]
      [Update RS (ms): Min: 0.0, Avg: 0.3, Max: 0.7, Diff: 0.7, Sum: 2.0]
         [Processed Buffers: Min: 0, Avg: 7.7, Max: 35, Diff: 35, Sum: 46]
      [Scan RS (ms): Min: 0.0, Avg: 0.0, Max: 0.1, Diff: 0.1, Sum: 0.2]
      [Code Root Scanning (ms): Min: 0.0, Avg: 0.0, Max: 0.0, Diff: 0.0, Sum: 0.0]
      [Object Copy (ms): Min: 0.0, Avg: 0.4, Max: 0.8, Diff: 0.8, Sum: 2.1]
      [Termination (ms): Min: 0.0, Avg: 0.4, Max: 0.6, Diff: 0.6, Sum: 2.1]
         [Termination Attempts: Min: 1, Avg: 1.7, Max: 4, Diff: 3, Sum: 10]
      [GC Worker Other (ms): Min: 0.0, Avg: 0.0, Max: 0.0, Diff: 0.0, Sum: 0.0]
      [GC Worker Total (ms): Min: 0.0, Avg: 2.2, Max: 3.4, Diff: 3.4, Sum: 13.1]
      [GC Worker End (ms): Min: 273297871.5, Avg: 273297871.5, Max: 273297871.5, Diff: 0.0]
   [Code Root Fixup: 0.0 ms]
   [Code Root Purge: 0.0 ms]
   [Clear CT: 0.7 ms]
   [Other: 14.3 ms]
      [Choose CSet: 0.0 ms]
      [Ref Proc: 14.0 ms]
      [Ref Enq: 0.1 ms]
      [Redirty Cards: 0.0 ms]
      [Humongous Register: 0.0 ms]
      [Humongous Reclaim: 0.0 ms]
      [Free CSet: 0.1 ms]
   [Eden: 7152.0M(7152.0M)->0.0B(7152.0M) Survivors: 16384.0K->16384.0K Heap: 10644.4M(14336.0M)->3492.9M(14336.0M)]
 [Times: user=0.05 sys=0.00, real=0.02 secs] 
2022-10-02T15:33:58.387-0600: 273453.467: [GC pause (G1 Evacuation Pause) (young), 0.0209750 secs]
   [Parallel Time: 5.0 ms, GC Workers: 6]
      [GC Worker Start (ms): Min: 273453466.8, Avg: 273453469.1, Max: 273453471.8, Diff: 5.0]
      [Ext Root Scanning (ms): Min: 0.0, Avg: 1.1, Max: 2.9, Diff: 2.9, Sum: 6.5]
      [Update RS (ms): Min: 0.0, Avg: 0.3, Max: 0.6, Diff: 0.6, Sum: 2.0]
         [Processed Buffers: Min: 0, Avg: 8.2, Max: 40, Diff: 40, Sum: 49]
      [Scan RS (ms): Min: 0.0, Avg: 0.0, Max: 0.1, Diff: 0.1, Sum: 0.2]
      [Code Root Scanning (ms): Min: 0.0, Avg: 0.0, Max: 0.0, Diff: 0.0, Sum: 0.0]
      [Object Copy (ms): Min: 0.0, Avg: 0.4, Max: 0.6, Diff: 0.6, Sum: 2.2]
      [Termination (ms): Min: 0.0, Avg: 0.9, Max: 1.2, Diff: 1.2, Sum: 5.3]
         [Termination Attempts: Min: 1, Avg: 1.2, Max: 2, Diff: 1, Sum: 7]
      [GC Worker Other (ms): Min: 0.0, Avg: 0.0, Max: 0.0, Diff: 0.0, Sum: 0.0]
      [GC Worker Total (ms): Min: 0.0, Avg: 2.7, Max: 5.0, Diff: 5.0, Sum: 16.4]
      [GC Worker End (ms): Min: 273453471.8, Avg: 273453471.8, Max: 273453471.9, Diff: 0.0]
   [Code Root Fixup: 0.0 ms]
   [Code Root Purge: 0.0 ms]
   [Clear CT: 0.7 ms]
   [Other: 15.2 ms]
      [Choose CSet: 0.0 ms]
      [Ref Proc: 14.9 ms]
      [Ref Enq: 0.1 ms]
      [Redirty Cards: 0.1 ms]
      [Humongous Register: 0.0 ms]
      [Humongous Reclaim: 0.0 ms]
      [Free CSet: 0.1 ms]
   [Eden: 7152.0M(7152.0M)->0.0B(7152.0M) Survivors: 16384.0K->16384.0K Heap: 10644.9M(14336.0M)->3492.7M(14336.0M)]
 [Times: user=0.06 sys=0.00, real=0.02 secs] 
2022-10-02T15:36:36.141-0600: 273611.221: [GC pause (G1 Evacuation Pause) (young) (initial-mark), 0.0211753 secs]
   [Parallel Time: 10.7 ms, GC Workers: 6]
      [GC Worker Start (ms): Min: 273611222.1, Avg: 273611225.7, Max: 273611226.9, Diff: 4.8]
      [Ext Root Scanning (ms): Min: 2.2, Avg: 4.0, Max: 7.5, Diff: 5.3, Sum: 23.8]
      [Update RS (ms): Min: 0.0, Avg: 0.3, Max: 0.7, Diff: 0.7, Sum: 2.1]
         [Processed Buffers: Min: 0, Avg: 8.3, Max: 38, Diff: 38, Sum: 50]
      [Scan RS (ms): Min: 0.0, Avg: 0.0, Max: 0.1, Diff: 0.1, Sum: 0.2]
      [Code Root Scanning (ms): Min: 0.0, Avg: 0.0, Max: 0.0, Diff: 0.0, Sum: 0.0]
      [Object Copy (ms): Min: 0.0, Avg: 0.4, Max: 0.7, Diff: 0.7, Sum: 2.3]
      [Termination (ms): Min: 0.0, Avg: 0.9, Max: 1.2, Diff: 1.2, Sum: 5.6]
         [Termination Attempts: Min: 1, Avg: 1.7, Max: 2, Diff: 1, Sum: 10]
      [GC Worker Other (ms): Min: 0.0, Avg: 0.0, Max: 0.0, Diff: 0.0, Sum: 0.1]
      [GC Worker Total (ms): Min: 4.4, Avg: 5.7, Max: 9.3, Diff: 4.8, Sum: 34.0]
      [GC Worker End (ms): Min: 273611231.3, Avg: 273611231.4, Max: 273611231.4, Diff: 0.1]
   [Code Root Fixup: 0.0 ms]
   [Code Root Purge: 0.0 ms]
   [Clear CT: 0.6 ms]
   [Other: 9.9 ms]
      [Choose CSet: 0.0 ms]
      [Ref Proc: 9.5 ms]
      [Ref Enq: 0.1 ms]
      [Redirty Cards: 0.1 ms]
      [Humongous Register: 0.0 ms]
      [Humongous Reclaim: 0.0 ms]
      [Free CSet: 0.1 ms]
   [Eden: 7152.0M(7152.0M)->0.0B(7152.0M) Survivors: 16384.0K->16384.0K Heap: 10644.7M(14336.0M)->3492.6M(14336.0M)]
 [Times: user=0.06 sys=0.00, real=0.02 secs] 
2022-10-02T15:36:36.162-0600: 273611.242: [GC concurrent-root-region-scan-start]
2022-10-02T15:36:36.165-0600: 273611.245: [GC concurrent-root-region-scan-end, 0.0029389 secs]
2022-10-02T15:36:36.165-0600: 273611.245: [GC concurrent-mark-start]
2022-10-02T15:36:37.424-0600: 273612.504: [GC concurrent-mark-end, 1.2593382 secs]
2022-10-02T15:36:37.425-0600: 273612.504: [GC remark 2022-10-02T15:36:37.425-0600: 273612.505: [Finalize Marking, 0.0007743 secs] 2022-10-02T15:36:37.425-0600: 273612.505: [GC ref-proc, 0.0214971 secs] 2022-10-02T15:36:37.447-0600: 273612.527: [Unloading, 0.0271172 secs], 0.0543518 secs]
 [Times: user=0.22 sys=0.00, real=0.06 secs] 
2022-10-02T15:36:37.488-0600: 273612.568: [GC cleanup 3556M->3556M(14336M), 0.0187077 secs]
 [Times: user=0.03 sys=0.00, real=0.02 secs] 
2022-10-02T15:39:12.494-0600: 273767.574: [GC pause (G1 Evacuation Pause) (young), 0.0188425 secs]
   [Parallel Time: 4.9 ms, GC Workers: 6]
      [GC Worker Start (ms): Min: 273767573.9, Avg: 273767575.9, Max: 273767578.7, Diff: 4.8]
      [Ext Root Scanning (ms): Min: 0.0, Avg: 1.1, Max: 3.2, Diff: 3.2, Sum: 6.7]
      [Update RS (ms): Min: 0.0, Avg: 0.3, Max: 1.0, Diff: 1.0, Sum: 2.0]
         [Processed Buffers: Min: 0, Avg: 8.2, Max: 32, Diff: 32, Sum: 49]
      [Scan RS (ms): Min: 0.0, Avg: 0.0, Max: 0.1, Diff: 0.1, Sum: 0.2]
      [Code Root Scanning (ms): Min: 0.0, Avg: 0.0, Max: 0.0, Diff: 0.0, Sum: 0.0]
      [Object Copy (ms): Min: 0.0, Avg: 0.4, Max: 0.9, Diff: 0.9, Sum: 2.7]
      [Termination (ms): Min: 0.0, Avg: 0.9, Max: 1.2, Diff: 1.2, Sum: 5.3]
         [Termination Attempts: Min: 1, Avg: 1.3, Max: 2, Diff: 1, Sum: 8]
      [GC Worker Other (ms): Min: 0.0, Avg: 0.0, Max: 0.0, Diff: 0.0, Sum: 0.0]
      [GC Worker Total (ms): Min: 0.0, Avg: 2.8, Max: 4.8, Diff: 4.8, Sum: 16.9]
      [GC Worker End (ms): Min: 273767578.7, Avg: 273767578.7, Max: 273767578.7, Diff: 0.0]
   [Code Root Fixup: 0.0 ms]
   [Code Root Purge: 0.0 ms]
   [Clear CT: 0.9 ms]
   [Other: 13.1 ms]
      [Choose CSet: 0.0 ms]
      [Ref Proc: 12.2 ms]
      [Ref Enq: 0.1 ms]
      [Redirty Cards: 0.1 ms]
      [Humongous Register: 0.0 ms]
      [Humongous Reclaim: 0.5 ms]
      [Free CSet: 0.1 ms]
   [Eden: 7152.0M(7152.0M)->0.0B(7152.0M) Survivors: 16384.0K->16384.0K Heap: 10644.6M(14336.0M)->3493.4M(14336.0M)]
 [Times: user=0.05 sys=0.00, real=0.02 secs] 
2022-10-02T15:41:49.743-0600: 273924.823: [GC pause (G1 Evacuation Pause) (young), 0.0220477 secs]
   [Parallel Time: 4.5 ms, GC Workers: 6]
      [GC Worker Start (ms): Min: 273924822.7, Avg: 273924824.8, Max: 273924827.1, Diff: 4.4]
      [Ext Root Scanning (ms): Min: 0.0, Avg: 1.2, Max: 3.2, Diff: 3.2, Sum: 6.9]
      [Update RS (ms): Min: 0.0, Avg: 0.4, Max: 0.8, Diff: 0.8, Sum: 2.2]
         [Processed Buffers: Min: 0, Avg: 7.5, Max: 36, Diff: 36, Sum: 45]
      [Scan RS (ms): Min: 0.0, Avg: 0.0, Max: 0.1, Diff: 0.1, Sum: 0.2]
      [Code Root Scanning (ms): Min: 0.0, Avg: 0.0, Max: 0.0, Diff: 0.0, Sum: 0.0]
      [Object Copy (ms): Min: 0.0, Avg: 0.4, Max: 0.7, Diff: 0.7, Sum: 2.5]
      [Termination (ms): Min: 0.0, Avg: 0.4, Max: 0.6, Diff: 0.6, Sum: 2.5]
         [Termination Attempts: Min: 1, Avg: 1.0, Max: 1, Diff: 0, Sum: 6]
      [GC Worker Other (ms): Min: 0.0, Avg: 0.0, Max: 0.0, Diff: 0.0, Sum: 0.0]
      [GC Worker Total (ms): Min: 0.0, Avg: 2.4, Max: 4.4, Diff: 4.4, Sum: 14.3]
      [GC Worker End (ms): Min: 273924827.1, Avg: 273924827.1, Max: 273924827.2, Diff: 0.0]
   [Code Root Fixup: 0.0 ms]
   [Code Root Purge: 0.0 ms]
   [Clear CT: 0.8 ms]
   [Other: 16.8 ms]
      [Choose CSet: 0.0 ms]
      [Ref Proc: 16.4 ms]
      [Ref Enq: 0.1 ms]
      [Redirty Cards: 0.1 ms]
      [Humongous Register: 0.0 ms]
      [Humongous Reclaim: 0.0 ms]
      [Free CSet: 0.1 ms]
   [Eden: 7152.0M(7152.0M)->0.0B(7152.0M) Survivors: 16384.0K->16384.0K Heap: 10645.4M(14336.0M)->3493.0M(14336.0M)]
 [Times: user=0.06 sys=0.00, real=0.03 secs] 
2022-10-02T15:44:25.500-0600: 274080.580: [GC pause (G1 Evacuation Pause) (young) (initial-mark), 0.0265603 secs]
   [Parallel Time: 13.1 ms, GC Workers: 6]
      [GC Worker Start (ms): Min: 274080581.4, Avg: 274080583.8, Max: 274080585.2, Diff: 3.8]
      [Ext Root Scanning (ms): Min: 2.0, Avg: 6.1, Max: 11.4, Diff: 9.4, Sum: 36.7]
      [Update RS (ms): Min: 0.0, Avg: 0.3, Max: 0.8, Diff: 0.8, Sum: 1.7]
         [Processed Buffers: Min: 0, Avg: 7.3, Max: 34, Diff: 34, Sum: 44]
      [Scan RS (ms): Min: 0.0, Avg: 0.0, Max: 0.1, Diff: 0.1, Sum: 0.2]
      [Code Root Scanning (ms): Min: 0.0, Avg: 0.0, Max: 0.0, Diff: 0.0, Sum: 0.0]
      [Object Copy (ms): Min: 0.0, Avg: 0.3, Max: 0.7, Diff: 0.7, Sum: 1.9]
      [Termination (ms): Min: 0.0, Avg: 2.5, Max: 4.3, Diff: 4.3, Sum: 15.2]
         [Termination Attempts: Min: 1, Avg: 1.2, Max: 2, Diff: 1, Sum: 7]
      [GC Worker Other (ms): Min: 0.0, Avg: 0.0, Max: 0.0, Diff: 0.0, Sum: 0.1]
      [GC Worker Total (ms): Min: 7.8, Avg: 9.3, Max: 11.7, Diff: 3.9, Sum: 55.7]
      [GC Worker End (ms): Min: 274080593.0, Avg: 274080593.1, Max: 274080593.1, Diff: 0.1]
   [Code Root Fixup: 0.0 ms]
   [Code Root Purge: 0.0 ms]
   [Clear CT: 0.7 ms]
   [Other: 12.7 ms]
      [Choose CSet: 0.0 ms]
      [Ref Proc: 12.3 ms]
      [Ref Enq: 0.1 ms]
      [Redirty Cards: 0.1 ms]
      [Humongous Register: 0.0 ms]
      [Humongous Reclaim: 0.0 ms]
      [Free CSet: 0.1 ms]
   [Eden: 7152.0M(7152.0M)->0.0B(7152.0M) Survivors: 16384.0K->16384.0K Heap: 10645.0M(14336.0M)->3493.0M(14336.0M)]
 [Times: user=0.07 sys=0.00, real=0.03 secs] 
2022-10-02T15:44:25.527-0600: 274080.607: [GC concurrent-root-region-scan-start]
2022-10-02T15:44:25.530-0600: 274080.610: [GC concurrent-root-region-scan-end, 0.0032331 secs]
2022-10-02T15:44:25.530-0600: 274080.610: [GC concurrent-mark-start]
2022-10-02T15:44:26.777-0600: 274081.857: [GC concurrent-mark-end, 1.2471001 secs]
2022-10-02T15:44:26.777-0600: 274081.857: [GC remark 2022-10-02T15:44:26.777-0600: 274081.857: [Finalize Marking, 0.0023778 secs] 2022-10-02T15:44:26.780-0600: 274081.860: [GC ref-proc, 0.0223623 secs] 2022-10-02T15:44:26.802-0600: 274081.882: [Unloading, 0.0268292 secs], 0.0561669 secs]
 [Times: user=0.22 sys=0.00, real=0.06 secs] 
2022-10-02T15:44:26.834-0600: 274081.914: [GC cleanup 3548M->3548M(14336M), 0.0067119 secs]
 [Times: user=0.03 sys=0.00, real=0.00 secs] 
2022-10-02T15:47:03.736-0600: 274238.816: [GC pause (G1 Evacuation Pause) (young), 0.0219425 secs]
   [Parallel Time: 4.8 ms, GC Workers: 6]
      [GC Worker Start (ms): Min: 274238815.9, Avg: 274238818.3, Max: 274238820.6, Diff: 4.7]
      [Ext Root Scanning (ms): Min: 0.0, Avg: 1.0, Max: 3.0, Diff: 3.0, Sum: 6.2]
      [Update RS (ms): Min: 0.0, Avg: 0.3, Max: 1.0, Diff: 1.0, Sum: 1.7]
         [Processed Buffers: Min: 0, Avg: 6.8, Max: 31, Diff: 31, Sum: 41]
      [Scan RS (ms): Min: 0.0, Avg: 0.0, Max: 0.1, Diff: 0.1, Sum: 0.2]
      [Code Root Scanning (ms): Min: 0.0, Avg: 0.0, Max: 0.0, Diff: 0.0, Sum: 0.0]
      [Object Copy (ms): Min: 0.0, Avg: 0.3, Max: 0.7, Diff: 0.7, Sum: 1.9]
      [Termination (ms): Min: 0.0, Avg: 0.7, Max: 1.2, Diff: 1.2, Sum: 4.0]
         [Termination Attempts: Min: 1, Avg: 1.0, Max: 1, Diff: 0, Sum: 6]
      [GC Worker Other (ms): Min: 0.0, Avg: 0.0, Max: 0.0, Diff: 0.0, Sum: 0.0]
      [GC Worker Total (ms): Min: 0.0, Avg: 2.3, Max: 4.7, Diff: 4.7, Sum: 14.1]
      [GC Worker End (ms): Min: 274238820.6, Avg: 274238820.7, Max: 274238820.7, Diff: 0.0]
   [Code Root Fixup: 0.0 ms]
   [Code Root Purge: 0.0 ms]
   [Clear CT: 0.6 ms]
   [Other: 16.6 ms]
      [Choose CSet: 0.0 ms]
      [Ref Proc: 16.2 ms]
      [Ref Enq: 0.1 ms]
      [Redirty Cards: 0.1 ms]
      [Humongous Register: 0.0 ms]
      [Humongous Reclaim: 0.0 ms]
      [Free CSet: 0.1 ms]
   [Eden: 7152.0M(7152.0M)->0.0B(7152.0M) Survivors: 16384.0K->16384.0K Heap: 10645.0M(14336.0M)->3493.4M(14336.0M)]
 [Times: user=0.04 sys=0.01, real=0.02 secs] 
2022-10-02T15:49:39.888-0600: 274394.967: [GC pause (G1 Evacuation Pause) (young), 0.0125878 secs]
   [Parallel Time: 3.6 ms, GC Workers: 6]
      [GC Worker Start (ms): Min: 274394967.5, Avg: 274394968.1, Max: 274394970.9, Diff: 3.4]
      [Ext Root Scanning (ms): Min: 0.0, Avg: 1.8, Max: 3.4, Diff: 3.4, Sum: 10.6]
      [Update RS (ms): Min: 0.0, Avg: 0.3, Max: 0.7, Diff: 0.7, Sum: 2.0]
         [Processed Buffers: Min: 0, Avg: 9.3, Max: 25, Diff: 25, Sum: 56]
      [Scan RS (ms): Min: 0.0, Avg: 0.0, Max: 0.1, Diff: 0.1, Sum: 0.2]
      [Code Root Scanning (ms): Min: 0.0, Avg: 0.0, Max: 0.0, Diff: 0.0, Sum: 0.0]
      [Object Copy (ms): Min: 0.0, Avg: 0.3, Max: 0.7, Diff: 0.7, Sum: 2.0]
      [Termination (ms): Min: 0.0, Avg: 0.4, Max: 0.6, Diff: 0.6, Sum: 2.4]
         [Termination Attempts: Min: 1, Avg: 1.0, Max: 1, Diff: 0, Sum: 6]
      [GC Worker Other (ms): Min: 0.0, Avg: 0.0, Max: 0.0, Diff: 0.0, Sum: 0.0]
      [GC Worker Total (ms): Min: 0.0, Avg: 2.9, Max: 3.6, Diff: 3.6, Sum: 17.3]
      [GC Worker End (ms): Min: 274394970.9, Avg: 274394971.0, Max: 274394971.1, Diff: 0.1]
   [Code Root Fixup: 0.0 ms]
   [Code Root Purge: 0.0 ms]
   [Clear CT: 0.7 ms]
   [Other: 8.2 ms]
      [Choose CSet: 0.0 ms]
      [Ref Proc: 7.9 ms]
      [Ref Enq: 0.1 ms]
      [Redirty Cards: 0.1 ms]
      [Humongous Register: 0.0 ms]
      [Humongous Reclaim: 0.0 ms]
      [Free CSet: 0.1 ms]
   [Eden: 7152.0M(7152.0M)->0.0B(7152.0M) Survivors: 16384.0K->16384.0K Heap: 10645.4M(14336.0M)->3493.0M(14336.0M)]
 [Times: user=0.03 sys=0.00, real=0.01 secs] 
2022-10-02T15:52:18.037-0600: 274553.117: [GC pause (G1 Evacuation Pause) (young) (initial-mark), 0.0231670 secs]
   [Parallel Time: 9.7 ms, GC Workers: 6]
      [GC Worker Start (ms): Min: 274553118.7, Avg: 274553119.8, Max: 274553121.1, Diff: 2.4]
      [Ext Root Scanning (ms): Min: 2.3, Avg: 4.9, Max: 7.2, Diff: 4.8, Sum: 29.6]
      [Update RS (ms): Min: 0.0, Avg: 0.3, Max: 0.6, Diff: 0.6, Sum: 1.7]
         [Processed Buffers: Min: 0, Avg: 7.7, Max: 30, Diff: 30, Sum: 46]
      [Scan RS (ms): Min: 0.0, Avg: 0.0, Max: 0.1, Diff: 0.1, Sum: 0.2]
      [Code Root Scanning (ms): Min: 0.0, Avg: 0.0, Max: 0.0, Diff: 0.0, Sum: 0.0]
      [Object Copy (ms): Min: 0.0, Avg: 0.3, Max: 0.6, Diff: 0.6, Sum: 1.7]
      [Termination (ms): Min: 0.0, Avg: 1.7, Max: 2.7, Diff: 2.7, Sum: 10.0]
         [Termination Attempts: Min: 1, Avg: 1.8, Max: 3, Diff: 2, Sum: 11]
      [GC Worker Other (ms): Min: 0.0, Avg: 0.0, Max: 0.0, Diff: 0.0, Sum: 0.1]
      [GC Worker Total (ms): Min: 5.9, Avg: 7.2, Max: 8.4, Diff: 2.6, Sum: 43.3]
      [GC Worker End (ms): Min: 274553126.9, Avg: 274553127.0, Max: 274553127.1, Diff: 0.2]
   [Code Root Fixup: 0.0 ms]
   [Code Root Purge: 0.0 ms]
   [Clear CT: 0.9 ms]
   [Other: 12.5 ms]
      [Choose CSet: 0.0 ms]
      [Ref Proc: 12.2 ms]
      [Ref Enq: 0.0 ms]
      [Redirty Cards: 0.0 ms]
      [Humongous Register: 0.0 ms]
      [Humongous Reclaim: 0.0 ms]
      [Free CSet: 0.1 ms]
   [Eden: 7152.0M(7152.0M)->0.0B(7152.0M) Survivors: 16384.0K->16384.0K Heap: 10645.0M(14336.0M)->3493.5M(14336.0M)]
 [Times: user=0.07 sys=0.00, real=0.02 secs] 
2022-10-02T15:52:18.061-0600: 274553.141: [GC concurrent-root-region-scan-start]
2022-10-02T15:52:18.064-0600: 274553.144: [GC concurrent-root-region-scan-end, 0.0030692 secs]
2022-10-02T15:52:18.064-0600: 274553.144: [GC concurrent-mark-start]
2022-10-02T15:52:19.323-0600: 274554.403: [GC concurrent-mark-end, 1.2592651 secs]
2022-10-02T15:52:19.323-0600: 274554.403: [GC remark 2022-10-02T15:52:19.323-0600: 274554.403: [Finalize Marking, 0.0023839 secs] 2022-10-02T15:52:19.326-0600: 274554.406: [GC ref-proc, 0.0227732 secs] 2022-10-02T15:52:19.348-0600: 274554.428: [Unloading, 0.0297860 secs], 0.0596131 secs]
 [Times: user=0.22 sys=0.00, real=0.06 secs] 
2022-10-02T15:52:19.385-0600: 274554.465: [GC cleanup 3557M->3557M(14336M), 0.0110444 secs]
 [Times: user=0.02 sys=0.00, real=0.01 secs] 
2022-10-02T15:54:52.498-0600: 274707.578: [GC pause (G1 Evacuation Pause) (young), 0.0138446 secs]
   [Parallel Time: 3.2 ms, GC Workers: 6]
      [GC Worker Start (ms): Min: 274707577.9, Avg: 274707578.6, Max: 274707581.0, Diff: 3.1]
      [Ext Root Scanning (ms): Min: 0.0, Avg: 1.2, Max: 3.0, Diff: 3.0, Sum: 7.0]
      [Update RS (ms): Min: 0.0, Avg: 0.4, Max: 0.6, Diff: 0.6, Sum: 2.2]
         [Processed Buffers: Min: 0, Avg: 9.0, Max: 38, Diff: 38, Sum: 54]
      [Scan RS (ms): Min: 0.0, Avg: 0.0, Max: 0.1, Diff: 0.1, Sum: 0.2]
      [Code Root Scanning (ms): Min: 0.0, Avg: 0.0, Max: 0.0, Diff: 0.0, Sum: 0.0]
      [Object Copy (ms): Min: 0.0, Avg: 0.4, Max: 0.7, Diff: 0.7, Sum: 2.3]
      [Termination (ms): Min: 0.0, Avg: 0.4, Max: 0.6, Diff: 0.6, Sum: 2.6]
         [Termination Attempts: Min: 1, Avg: 1.0, Max: 1, Diff: 0, Sum: 6]
      [GC Worker Other (ms): Min: 0.0, Avg: 0.0, Max: 0.0, Diff: 0.0, Sum: 0.0]
      [GC Worker Total (ms): Min: 0.0, Avg: 2.4, Max: 3.2, Diff: 3.1, Sum: 14.4]
      [GC Worker End (ms): Min: 274707581.0, Avg: 274707581.0, Max: 274707581.1, Diff: 0.0]
   [Code Root Fixup: 0.0 ms]
   [Code Root Purge: 0.0 ms]
   [Clear CT: 0.6 ms]
   [Other: 10.1 ms]
      [Choose CSet: 0.0 ms]
      [Ref Proc: 9.7 ms]
      [Ref Enq: 0.1 ms]
      [Redirty Cards: 0.1 ms]
      [Humongous Register: 0.0 ms]
      [Humongous Reclaim: 0.0 ms]
      [Free CSet: 0.1 ms]
   [Eden: 7152.0M(7152.0M)->0.0B(7152.0M) Survivors: 16384.0K->16384.0K Heap: 10645.5M(14336.0M)->3493.4M(14336.0M)]
 [Times: user=0.04 sys=0.00, real=0.01 secs] 
2022-10-02T15:57:30.437-0600: 274865.517: [GC pause (G1 Evacuation Pause) (young), 0.0195012 secs]
   [Parallel Time: 4.6 ms, GC Workers: 6]
      [GC Worker Start (ms): Min: 274865517.3, Avg: 274865519.5, Max: 274865521.8, Diff: 4.5]
      [Ext Root Scanning (ms): Min: 0.0, Avg: 1.0, Max: 3.1, Diff: 3.0, Sum: 6.1]
      [Update RS (ms): Min: 0.0, Avg: 0.3, Max: 0.8, Diff: 0.8, Sum: 1.8]
         [Processed Buffers: Min: 0, Avg: 7.5, Max: 34, Diff: 34, Sum: 45]
      [Scan RS (ms): Min: 0.0, Avg: 0.0, Max: 0.1, Diff: 0.1, Sum: 0.2]
      [Code Root Scanning (ms): Min: 0.0, Avg: 0.0, Max: 0.0, Diff: 0.0, Sum: 0.0]
      [Object Copy (ms): Min: 0.0, Avg: 0.4, Max: 0.7, Diff: 0.7, Sum: 2.6]
      [Termination (ms): Min: 0.0, Avg: 0.5, Max: 0.6, Diff: 0.6, Sum: 3.0]
         [Termination Attempts: Min: 1, Avg: 1.0, Max: 1, Diff: 0, Sum: 6]
      [GC Worker Other (ms): Min: 0.0, Avg: 0.0, Max: 0.0, Diff: 0.0, Sum: 0.1]
      [GC Worker Total (ms): Min: 0.0, Avg: 2.3, Max: 4.6, Diff: 4.5, Sum: 13.9]
      [GC Worker End (ms): Min: 274865521.9, Avg: 274865521.9, Max: 274865521.9, Diff: 0.0]
   [Code Root Fixup: 0.0 ms]
   [Code Root Purge: 0.0 ms]
   [Clear CT: 0.8 ms]
   [Other: 14.0 ms]
      [Choose CSet: 0.0 ms]
      [Ref Proc: 13.7 ms]
      [Ref Enq: 0.1 ms]
      [Redirty Cards: 0.1 ms]
      [Humongous Register: 0.0 ms]
      [Humongous Reclaim: 0.0 ms]
      [Free CSet: 0.1 ms]
   [Eden: 7152.0M(7152.0M)->0.0B(7152.0M) Survivors: 16384.0K->16384.0K Heap: 10645.4M(14336.0M)->3494.1M(14336.0M)]
 [Times: user=0.05 sys=0.00, real=0.02 secs] 
2022-10-02T16:00:05.638-0600: 275020.717: [GC pause (G1 Evacuation Pause) (young) (initial-mark), 0.0266504 secs]
   [Parallel Time: 10.9 ms, GC Workers: 6]
      [GC Worker Start (ms): Min: 275020718.9, Avg: 275020720.1, Max: 275020721.5, Diff: 2.6]
      [Ext Root Scanning (ms): Min: 2.4, Avg: 5.4, Max: 8.3, Diff: 5.9, Sum: 32.4]
      [Update RS (ms): Min: 0.0, Avg: 0.3, Max: 0.7, Diff: 0.7, Sum: 1.9]
         [Processed Buffers: Min: 0, Avg: 7.8, Max: 39, Diff: 39, Sum: 47]
      [Scan RS (ms): Min: 0.0, Avg: 0.0, Max: 0.1, Diff: 0.1, Sum: 0.2]
      [Code Root Scanning (ms): Min: 0.0, Avg: 0.0, Max: 0.0, Diff: 0.0, Sum: 0.0]
      [Object Copy (ms): Min: 0.0, Avg: 0.3, Max: 0.6, Diff: 0.6, Sum: 1.9]
      [Termination (ms): Min: 0.0, Avg: 2.2, Max: 3.3, Diff: 3.3, Sum: 13.5]
         [Termination Attempts: Min: 1, Avg: 1.0, Max: 1, Diff: 0, Sum: 6]
      [GC Worker Other (ms): Min: 0.0, Avg: 0.0, Max: 0.0, Diff: 0.0, Sum: 0.0]
      [GC Worker Total (ms): Min: 6.9, Avg: 8.3, Max: 9.5, Diff: 2.6, Sum: 50.0]
      [GC Worker End (ms): Min: 275020728.4, Avg: 275020728.4, Max: 275020728.4, Diff: 0.1]
   [Code Root Fixup: 0.0 ms]
   [Code Root Purge: 0.0 ms]
   [Clear CT: 0.6 ms]
   [Other: 15.1 ms]
      [Choose CSet: 0.0 ms]
      [Ref Proc: 14.7 ms]
      [Ref Enq: 0.1 ms]
      [Redirty Cards: 0.1 ms]
      [Humongous Register: 0.0 ms]
      [Humongous Reclaim: 0.0 ms]
      [Free CSet: 0.2 ms]
   [Eden: 7152.0M(7152.0M)->0.0B(7152.0M) Survivors: 16384.0K->16384.0K Heap: 10646.1M(14336.0M)->3493.7M(14336.0M)]
 [Times: user=0.07 sys=0.00, real=0.02 secs] 
2022-10-02T16:00:05.664-0600: 275020.744: [GC concurrent-root-region-scan-start]
2022-10-02T16:00:05.668-0600: 275020.747: [GC concurrent-root-region-scan-end, 0.0033008 secs]
2022-10-02T16:00:05.668-0600: 275020.748: [GC concurrent-mark-start]
2022-10-02T16:00:06.945-0600: 275022.025: [GC concurrent-mark-end, 1.2772742 secs]
2022-10-02T16:00:06.945-0600: 275022.025: [GC remark 2022-10-02T16:00:06.945-0600: 275022.025: [Finalize Marking, 0.0021976 secs] 2022-10-02T16:00:06.947-0600: 275022.027: [GC ref-proc, 0.0254460 secs] 2022-10-02T16:00:06.973-0600: 275022.053: [Unloading, 0.0269251 secs], 0.0605143 secs]
 [Times: user=0.22 sys=0.00, real=0.06 secs] 
2022-10-02T16:00:07.006-0600: 275022.086: [GC cleanup 3557M->3557M(14336M), 0.0069679 secs]
 [Times: user=0.02 sys=0.00, real=0.00 secs] 
2022-10-02T16:02:40.688-0600: 275175.768: [GC pause (G1 Evacuation Pause) (young), 0.0181865 secs]
   [Parallel Time: 3.4 ms, GC Workers: 6]
      [GC Worker Start (ms): Min: 275175768.2, Avg: 275175768.9, Max: 275175771.1, Diff: 3.0]
      [Ext Root Scanning (ms): Min: 0.0, Avg: 1.1, Max: 3.2, Diff: 3.2, Sum: 6.8]
      [Update RS (ms): Min: 0.0, Avg: 0.3, Max: 0.5, Diff: 0.5, Sum: 2.0]
         [Processed Buffers: Min: 0, Avg: 8.7, Max: 26, Diff: 26, Sum: 52]
      [Scan RS (ms): Min: 0.0, Avg: 0.0, Max: 0.1, Diff: 0.1, Sum: 0.2]
      [Code Root Scanning (ms): Min: 0.0, Avg: 0.0, Max: 0.0, Diff: 0.0, Sum: 0.0]
      [Object Copy (ms): Min: 0.0, Avg: 0.4, Max: 0.6, Diff: 0.6, Sum: 2.1]
      [Termination (ms): Min: 0.0, Avg: 0.7, Max: 1.0, Diff: 1.0, Sum: 4.1]
         [Termination Attempts: Min: 1, Avg: 1.3, Max: 3, Diff: 2, Sum: 8]
      [GC Worker Other (ms): Min: 0.0, Avg: 0.0, Max: 0.0, Diff: 0.0, Sum: 0.0]
      [GC Worker Total (ms): Min: 0.4, Avg: 2.6, Max: 3.3, Diff: 2.9, Sum: 15.4]
      [GC Worker End (ms): Min: 275175771.4, Avg: 275175771.5, Max: 275175771.5, Diff: 0.1]
   [Code Root Fixup: 0.0 ms]
   [Code Root Purge: 0.0 ms]
   [Clear CT: 0.8 ms]
   [Other: 14.0 ms]
      [Choose CSet: 0.0 ms]
      [Ref Proc: 13.6 ms]
      [Ref Enq: 0.1 ms]
      [Redirty Cards: 0.1 ms]
      [Humongous Register: 0.0 ms]
      [Humongous Reclaim: 0.0 ms]
      [Free CSet: 0.1 ms]
   [Eden: 7152.0M(7152.0M)->0.0B(7152.0M) Survivors: 16384.0K->16384.0K Heap: 10645.7M(14336.0M)->3493.4M(14336.0M)]
 [Times: user=0.05 sys=0.00, real=0.02 secs] 
2022-10-02T16:05:17.494-0600: 275332.573: [GC pause (G1 Evacuation Pause) (young), 0.0120583 secs]
   [Parallel Time: 3.4 ms, GC Workers: 6]
      [GC Worker Start (ms): Min: 275332573.5, Avg: 275332574.7, Max: 275332576.7, Diff: 3.3]
      [Ext Root Scanning (ms): Min: 0.0, Avg: 1.2, Max: 3.0, Diff: 3.0, Sum: 7.1]
      [Update RS (ms): Min: 0.0, Avg: 0.3, Max: 0.7, Diff: 0.7, Sum: 2.0]
         [Processed Buffers: Min: 0, Avg: 8.0, Max: 23, Diff: 23, Sum: 48]
      [Scan RS (ms): Min: 0.0, Avg: 0.0, Max: 0.1, Diff: 0.1, Sum: 0.2]
      [Code Root Scanning (ms): Min: 0.0, Avg: 0.0, Max: 0.0, Diff: 0.0, Sum: 0.0]
      [Object Copy (ms): Min: 0.0, Avg: 0.4, Max: 0.7, Diff: 0.7, Sum: 2.1]
      [Termination (ms): Min: 0.0, Avg: 0.2, Max: 0.2, Diff: 0.2, Sum: 0.9]
         [Termination Attempts: Min: 1, Avg: 1.0, Max: 1, Diff: 0, Sum: 6]
      [GC Worker Other (ms): Min: 0.0, Avg: 0.0, Max: 0.0, Diff: 0.0, Sum: 0.0]
      [GC Worker Total (ms): Min: 0.0, Avg: 2.1, Max: 3.3, Diff: 3.3, Sum: 12.5]
      [GC Worker End (ms): Min: 275332576.8, Avg: 275332576.8, Max: 275332576.8, Diff: 0.1]
   [Code Root Fixup: 0.0 ms]
   [Code Root Purge: 0.0 ms]
   [Clear CT: 0.6 ms]
   [Other: 8.1 ms]
      [Choose CSet: 0.0 ms]
      [Ref Proc: 7.7 ms]
      [Ref Enq: 0.1 ms]
      [Redirty Cards: 0.1 ms]
      [Humongous Register: 0.0 ms]
      [Humongous Reclaim: 0.0 ms]
      [Free CSet: 0.1 ms]
   [Eden: 7152.0M(7152.0M)->0.0B(7152.0M) Survivors: 16384.0K->16384.0K Heap: 10645.4M(14336.0M)->3494.0M(14336.0M)]
 [Times: user=0.04 sys=0.00, real=0.01 secs] 
2022-10-02T16:07:53.538-0600: 275488.618: [GC pause (G1 Evacuation Pause) (young) (initial-mark), 0.0225638 secs]
   [Parallel Time: 10.8 ms, GC Workers: 6]
      [GC Worker Start (ms): Min: 275488618.9, Avg: 275488620.9, Max: 275488622.2, Diff: 3.3]
      [Ext Root Scanning (ms): Min: 2.1, Avg: 4.8, Max: 6.8, Diff: 4.7, Sum: 28.7]
      [Update RS (ms): Min: 0.0, Avg: 0.4, Max: 0.9, Diff: 0.8, Sum: 2.1]
         [Processed Buffers: Min: 0, Avg: 7.8, Max: 34, Diff: 34, Sum: 47]
      [Scan RS (ms): Min: 0.0, Avg: 0.0, Max: 0.1, Diff: 0.1, Sum: 0.2]
      [Code Root Scanning (ms): Min: 0.0, Avg: 0.0, Max: 0.0, Diff: 0.0, Sum: 0.0]
      [Object Copy (ms): Min: 0.0, Avg: 0.4, Max: 0.9, Diff: 0.9, Sum: 2.3]
      [Termination (ms): Min: 0.0, Avg: 1.9, Max: 2.6, Diff: 2.6, Sum: 11.2]
         [Termination Attempts: Min: 1, Avg: 2.0, Max: 5, Diff: 4, Sum: 12]
      [GC Worker Other (ms): Min: 0.0, Avg: 0.0, Max: 0.0, Diff: 0.0, Sum: 0.0]
      [GC Worker Total (ms): Min: 6.0, Avg: 7.4, Max: 9.4, Diff: 3.4, Sum: 44.7]
      [GC Worker End (ms): Min: 275488628.3, Avg: 275488628.3, Max: 275488628.4, Diff: 0.1]
   [Code Root Fixup: 0.0 ms]
   [Code Root Purge: 0.0 ms]
   [Clear CT: 0.8 ms]
   [Other: 11.0 ms]
      [Choose CSet: 0.0 ms]
      [Ref Proc: 10.6 ms]
      [Ref Enq: 0.1 ms]
      [Redirty Cards: 0.0 ms]
      [Humongous Register: 0.0 ms]
      [Humongous Reclaim: 0.0 ms]
      [Free CSet: 0.1 ms]
   [Eden: 7152.0M(7152.0M)->0.0B(7152.0M) Survivors: 16384.0K->16384.0K Heap: 10646.0M(14336.0M)->3493.7M(14336.0M)]
 [Times: user=0.07 sys=0.00, real=0.02 secs] 
2022-10-02T16:07:53.560-0600: 275488.640: [GC concurrent-root-region-scan-start]
2022-10-02T16:07:53.563-0600: 275488.643: [GC concurrent-root-region-scan-end, 0.0028888 secs]
2022-10-02T16:07:53.563-0600: 275488.643: [GC concurrent-mark-start]
2022-10-02T16:07:54.826-0600: 275489.906: [GC concurrent-mark-end, 1.2625768 secs]
2022-10-02T16:07:54.826-0600: 275489.906: [GC remark 2022-10-02T16:07:54.826-0600: 275489.906: [Finalize Marking, 0.0020131 secs] 2022-10-02T16:07:54.828-0600: 275489.908: [GC ref-proc, 0.0233924 secs] 2022-10-02T16:07:54.851-0600: 275489.931: [Unloading, 0.0296913 secs], 0.0613923 secs]
 [Times: user=0.21 sys=0.00, real=0.06 secs] 
2022-10-02T16:07:54.888-0600: 275489.968: [GC cleanup 3573M->3573M(14336M), 0.0060125 secs]
 [Times: user=0.03 sys=0.00, real=0.01 secs] 
2022-10-02T16:10:30.498-0600: 275645.577: [GC pause (G1 Evacuation Pause) (young), 0.0133625 secs]
   [Parallel Time: 4.6 ms, GC Workers: 6]
      [GC Worker Start (ms): Min: 275645577.5, Avg: 275645579.2, Max: 275645580.7, Diff: 3.2]
      [Ext Root Scanning (ms): Min: 0.0, Avg: 1.3, Max: 4.5, Diff: 4.5, Sum: 7.8]
      [Update RS (ms): Min: 0.0, Avg: 0.5, Max: 2.2, Diff: 2.2, Sum: 3.1]
         [Processed Buffers: Min: 0, Avg: 7.8, Max: 43, Diff: 43, Sum: 47]
      [Scan RS (ms): Min: 0.0, Avg: 0.0, Max: 0.1, Diff: 0.1, Sum: 0.2]
      [Code Root Scanning (ms): Min: 0.0, Avg: 0.0, Max: 0.0, Diff: 0.0, Sum: 0.0]
      [Object Copy (ms): Min: 0.0, Avg: 0.4, Max: 0.8, Diff: 0.8, Sum: 2.7]
      [Termination (ms): Min: 0.0, Avg: 0.5, Max: 0.7, Diff: 0.7, Sum: 2.8]
         [Termination Attempts: Min: 1, Avg: 8.0, Max: 14, Diff: 13, Sum: 48]
      [GC Worker Other (ms): Min: 0.0, Avg: 0.0, Max: 0.0, Diff: 0.0, Sum: 0.0]
      [GC Worker Total (ms): Min: 1.3, Avg: 2.8, Max: 4.5, Diff: 3.2, Sum: 16.7]
      [GC Worker End (ms): Min: 275645582.0, Avg: 275645582.0, Max: 275645582.1, Diff: 0.1]
   [Code Root Fixup: 0.0 ms]
   [Code Root Purge: 0.0 ms]
   [Clear CT: 0.8 ms]
   [Other: 8.0 ms]
      [Choose CSet: 0.0 ms]
      [Ref Proc: 7.7 ms]
      [Ref Enq: 0.1 ms]
      [Redirty Cards: 0.1 ms]
      [Humongous Register: 0.0 ms]
      [Humongous Reclaim: 0.0 ms]
      [Free CSet: 0.1 ms]
   [Eden: 7152.0M(7152.0M)->0.0B(7152.0M) Survivors: 16384.0K->16384.0K Heap: 10645.7M(14336.0M)->3493.7M(14336.0M)]
 [Times: user=0.04 sys=0.00, real=0.01 secs] 
2022-10-02T16:13:05.536-0600: 275800.616: [GC pause (G1 Evacuation Pause) (young), 0.0183194 secs]
   [Parallel Time: 4.0 ms, GC Workers: 6]
      [GC Worker Start (ms): Min: 275800616.4, Avg: 275800616.4, Max: 275800616.6, Diff: 0.3]
      [Ext Root Scanning (ms): Min: 1.0, Avg: 2.3, Max: 3.8, Diff: 2.8, Sum: 13.8]
      [Update RS (ms): Min: 0.0, Avg: 0.4, Max: 0.8, Diff: 0.8, Sum: 2.1]
         [Processed Buffers: Min: 0, Avg: 8.5, Max: 41, Diff: 41, Sum: 51]
      [Scan RS (ms): Min: 0.0, Avg: 0.0, Max: 0.1, Diff: 0.1, Sum: 0.2]
      [Code Root Scanning (ms): Min: 0.0, Avg: 0.0, Max: 0.0, Diff: 0.0, Sum: 0.0]
      [Object Copy (ms): Min: 0.0, Avg: 0.3, Max: 0.7, Diff: 0.7, Sum: 1.8]
      [Termination (ms): Min: 0.0, Avg: 0.8, Max: 1.2, Diff: 1.2, Sum: 4.8]
         [Termination Attempts: Min: 1, Avg: 1.0, Max: 1, Diff: 0, Sum: 6]
      [GC Worker Other (ms): Min: 0.0, Avg: 0.0, Max: 0.0, Diff: 0.0, Sum: 0.0]
      [GC Worker Total (ms): Min: 3.6, Avg: 3.8, Max: 3.9, Diff: 0.3, Sum: 22.8]
      [GC Worker End (ms): Min: 275800620.2, Avg: 275800620.2, Max: 275800620.3, Diff: 0.1]
   [Code Root Fixup: 0.0 ms]
   [Code Root Purge: 0.0 ms]
   [Clear CT: 0.6 ms]
   [Other: 13.8 ms]
      [Choose CSet: 0.0 ms]
      [Ref Proc: 13.4 ms]
      [Ref Enq: 0.1 ms]
      [Redirty Cards: 0.1 ms]
      [Humongous Register: 0.0 ms]
      [Humongous Reclaim: 0.0 ms]
      [Free CSet: 0.1 ms]
   [Eden: 7152.0M(7152.0M)->0.0B(7152.0M) Survivors: 16384.0K->16384.0K Heap: 10645.7M(14336.0M)->3494.3M(14336.0M)]
 [Times: user=0.05 sys=0.00, real=0.02 secs] 
2022-10-02T16:15:43.037-0600: 275958.117: [GC pause (G1 Evacuation Pause) (young) (initial-mark), 0.0261778 secs]
   [Parallel Time: 10.4 ms, GC Workers: 6]
      [GC Worker Start (ms): Min: 275958118.0, Avg: 275958119.2, Max: 275958120.4, Diff: 2.4]
      [Ext Root Scanning (ms): Min: 2.3, Avg: 4.6, Max: 6.5, Diff: 4.2, Sum: 27.8]
      [Update RS (ms): Min: 0.0, Avg: 0.3, Max: 0.5, Diff: 0.5, Sum: 1.9]
         [Processed Buffers: Min: 0, Avg: 7.7, Max: 34, Diff: 34, Sum: 46]
      [Scan RS (ms): Min: 0.0, Avg: 0.0, Max: 0.1, Diff: 0.1, Sum: 0.2]
      [Code Root Scanning (ms): Min: 0.0, Avg: 0.0, Max: 0.0, Diff: 0.0, Sum: 0.0]
      [Object Copy (ms): Min: 0.0, Avg: 0.3, Max: 0.6, Diff: 0.6, Sum: 2.0]
      [Termination (ms): Min: 0.0, Avg: 2.5, Max: 3.4, Diff: 3.4, Sum: 14.8]
         [Termination Attempts: Min: 1, Avg: 1.0, Max: 1, Diff: 0, Sum: 6]
      [GC Worker Other (ms): Min: 0.0, Avg: 0.0, Max: 0.0, Diff: 0.0, Sum: 0.0]
      [GC Worker Total (ms): Min: 6.5, Avg: 7.8, Max: 9.1, Diff: 2.6, Sum: 46.7]
      [GC Worker End (ms): Min: 275958126.9, Avg: 275958127.0, Max: 275958127.1, Diff: 0.2]
   [Code Root Fixup: 0.0 ms]
   [Code Root Purge: 0.0 ms]
   [Clear CT: 0.7 ms]
   [Other: 15.0 ms]
      [Choose CSet: 0.0 ms]
      [Ref Proc: 14.6 ms]
      [Ref Enq: 0.1 ms]
      [Redirty Cards: 0.1 ms]
      [Humongous Register: 0.0 ms]
      [Humongous Reclaim: 0.0 ms]
      [Free CSet: 0.1 ms]
   [Eden: 7152.0M(7152.0M)->0.0B(7152.0M) Survivors: 16384.0K->16384.0K Heap: 10646.3M(14336.0M)->3494.0M(14336.0M)]
 [Times: user=0.07 sys=0.00, real=0.02 secs] 
2022-10-02T16:15:43.063-0600: 275958.143: [GC concurrent-root-region-scan-start]
2022-10-02T16:15:43.066-0600: 275958.146: [GC concurrent-root-region-scan-end, 0.0032807 secs]
2022-10-02T16:15:43.066-0600: 275958.146: [GC concurrent-mark-start]
2022-10-02T16:15:44.343-0600: 275959.423: [GC concurrent-mark-end, 1.2770113 secs]
2022-10-02T16:15:44.344-0600: 275959.423: [GC remark 2022-10-02T16:15:44.344-0600: 275959.423: [Finalize Marking, 0.0024581 secs] 2022-10-02T16:15:44.346-0600: 275959.426: [GC ref-proc, 0.0306576 secs] 2022-10-02T16:15:44.377-0600: 275959.457: [Unloading, 0.0275752 secs], 0.0652003 secs]
 [Times: user=0.23 sys=0.00, real=0.07 secs] 
2022-10-02T16:15:44.409-0600: 275959.489: [GC cleanup 3557M->3557M(14336M), 0.0090483 secs]
 [Times: user=0.02 sys=0.00, real=0.01 secs] 
2022-10-02T16:18:19.087-0600: 276114.167: [GC pause (G1 Evacuation Pause) (young), 0.0181557 secs]
   [Parallel Time: 4.4 ms, GC Workers: 6]
      [GC Worker Start (ms): Min: 276114167.0, Avg: 276114169.0, Max: 276114171.3, Diff: 4.3]
      [Ext Root Scanning (ms): Min: 0.0, Avg: 1.1, Max: 3.0, Diff: 3.0, Sum: 6.5]
      [Update RS (ms): Min: 0.0, Avg: 0.4, Max: 0.7, Diff: 0.7, Sum: 2.2]
         [Processed Buffers: Min: 0, Avg: 7.3, Max: 32, Diff: 32, Sum: 44]
      [Scan RS (ms): Min: 0.0, Avg: 0.0, Max: 0.1, Diff: 0.1, Sum: 0.2]
      [Code Root Scanning (ms): Min: 0.0, Avg: 0.0, Max: 0.0, Diff: 0.0, Sum: 0.0]
      [Object Copy (ms): Min: 0.0, Avg: 0.4, Max: 0.7, Diff: 0.7, Sum: 2.4]
      [Termination (ms): Min: 0.0, Avg: 0.4, Max: 0.6, Diff: 0.6, Sum: 2.5]
         [Termination Attempts: Min: 1, Avg: 1.0, Max: 1, Diff: 0, Sum: 6]
      [GC Worker Other (ms): Min: 0.0, Avg: 0.0, Max: 0.0, Diff: 0.0, Sum: 0.0]
      [GC Worker Total (ms): Min: 0.0, Avg: 2.3, Max: 4.3, Diff: 4.3, Sum: 13.9]
      [GC Worker End (ms): Min: 276114171.3, Avg: 276114171.3, Max: 276114171.3, Diff: 0.0]
   [Code Root Fixup: 0.0 ms]
   [Code Root Purge: 0.0 ms]
   [Clear CT: 0.7 ms]
   [Other: 13.0 ms]
      [Choose CSet: 0.0 ms]
      [Ref Proc: 12.7 ms]
      [Ref Enq: 0.1 ms]
      [Redirty Cards: 0.1 ms]
      [Humongous Register: 0.0 ms]
      [Humongous Reclaim: 0.0 ms]
      [Free CSet: 0.1 ms]
   [Eden: 7152.0M(7152.0M)->0.0B(7152.0M) Survivors: 16384.0K->16384.0K Heap: 10646.0M(14336.0M)->3494.0M(14336.0M)]
 [Times: user=0.05 sys=0.00, real=0.02 secs] 
2022-10-02T16:20:56.492-0600: 276271.572: [GC pause (G1 Evacuation Pause) (young), 0.0141720 secs]
   [Parallel Time: 3.3 ms, GC Workers: 6]
      [GC Worker Start (ms): Min: 276271571.9, Avg: 276271572.2, Max: 276271572.7, Diff: 0.8]
      [Ext Root Scanning (ms): Min: 0.3, Avg: 1.2, Max: 3.2, Diff: 2.9, Sum: 7.1]
      [Update RS (ms): Min: 0.0, Avg: 0.4, Max: 0.6, Diff: 0.6, Sum: 2.4]
         [Processed Buffers: Min: 0, Avg: 7.5, Max: 25, Diff: 25, Sum: 45]
      [Scan RS (ms): Min: 0.0, Avg: 0.0, Max: 0.1, Diff: 0.1, Sum: 0.2]
      [Code Root Scanning (ms): Min: 0.0, Avg: 0.0, Max: 0.0, Diff: 0.0, Sum: 0.0]
      [Object Copy (ms): Min: 0.0, Avg: 0.4, Max: 0.6, Diff: 0.6, Sum: 2.4]
      [Termination (ms): Min: 0.0, Avg: 1.0, Max: 1.2, Diff: 1.2, Sum: 5.7]
         [Termination Attempts: Min: 1, Avg: 1.0, Max: 1, Diff: 0, Sum: 6]
      [GC Worker Other (ms): Min: 0.0, Avg: 0.0, Max: 0.0, Diff: 0.0, Sum: 0.0]
      [GC Worker Total (ms): Min: 2.5, Avg: 3.0, Max: 3.2, Diff: 0.8, Sum: 17.9]
      [GC Worker End (ms): Min: 276271575.1, Avg: 276271575.1, Max: 276271575.2, Diff: 0.0]
   [Code Root Fixup: 0.0 ms]
   [Code Root Purge: 0.0 ms]
   [Clear CT: 0.6 ms]
   [Other: 10.3 ms]
      [Choose CSet: 0.0 ms]
      [Ref Proc: 9.9 ms]
      [Ref Enq: 0.1 ms]
      [Redirty Cards: 0.1 ms]
      [Humongous Register: 0.0 ms]
      [Humongous Reclaim: 0.0 ms]
      [Free CSet: 0.1 ms]
   [Eden: 7152.0M(7152.0M)->0.0B(7152.0M) Survivors: 16384.0K->16384.0K Heap: 10646.0M(14336.0M)->3494.0M(14336.0M)]
 [Times: user=0.05 sys=0.00, real=0.02 secs] 
2022-10-02T16:23:31.736-0600: 276426.816: [GC pause (G1 Evacuation Pause) (young) (initial-mark), 0.0224793 secs]
   [Parallel Time: 8.8 ms, GC Workers: 6]
      [GC Worker Start (ms): Min: 276426817.2, Avg: 276426818.4, Max: 276426819.6, Diff: 2.4]
      [Ext Root Scanning (ms): Min: 2.3, Avg: 4.3, Max: 5.0, Diff: 2.7, Sum: 26.1]
      [Update RS (ms): Min: 0.0, Avg: 0.3, Max: 0.6, Diff: 0.6, Sum: 1.9]
         [Processed Buffers: Min: 0, Avg: 7.7, Max: 35, Diff: 35, Sum: 46]
      [Scan RS (ms): Min: 0.0, Avg: 0.0, Max: 0.1, Diff: 0.1, Sum: 0.2]
      [Code Root Scanning (ms): Min: 0.0, Avg: 0.0, Max: 0.0, Diff: 0.0, Sum: 0.0]
      [Object Copy (ms): Min: 0.0, Avg: 0.3, Max: 0.6, Diff: 0.6, Sum: 2.1]
      [Termination (ms): Min: 0.0, Avg: 1.2, Max: 1.8, Diff: 1.8, Sum: 7.0]
         [Termination Attempts: Min: 1, Avg: 7.5, Max: 15, Diff: 14, Sum: 45]
      [GC Worker Other (ms): Min: 0.0, Avg: 0.0, Max: 0.0, Diff: 0.0, Sum: 0.0]
      [GC Worker Total (ms): Min: 5.0, Avg: 6.2, Max: 7.5, Diff: 2.4, Sum: 37.4]
      [GC Worker End (ms): Min: 276426824.6, Avg: 276426824.6, Max: 276426824.7, Diff: 0.1]
   [Code Root Fixup: 0.0 ms]
   [Code Root Purge: 0.0 ms]
   [Clear CT: 0.7 ms]
   [Other: 13.0 ms]
      [Choose CSet: 0.0 ms]
      [Ref Proc: 12.6 ms]
      [Ref Enq: 0.1 ms]
      [Redirty Cards: 0.1 ms]
      [Humongous Register: 0.0 ms]
      [Humongous Reclaim: 0.0 ms]
      [Free CSet: 0.1 ms]
   [Eden: 7152.0M(7152.0M)->0.0B(7152.0M) Survivors: 16384.0K->16384.0K Heap: 10646.0M(14336.0M)->3494.5M(14336.0M)]
 [Times: user=0.06 sys=0.00, real=0.02 secs] 
2022-10-02T16:23:31.759-0600: 276426.838: [GC concurrent-root-region-scan-start]
2022-10-02T16:23:31.763-0600: 276426.842: [GC concurrent-root-region-scan-end, 0.0039177 secs]
2022-10-02T16:23:31.763-0600: 276426.842: [GC concurrent-mark-start]
2022-10-02T16:23:33.028-0600: 276428.108: [GC concurrent-mark-end, 1.2651941 secs]
2022-10-02T16:23:33.028-0600: 276428.108: [GC remark 2022-10-02T16:23:33.028-0600: 276428.108: [Finalize Marking, 0.0014909 secs] 2022-10-02T16:23:33.029-0600: 276428.109: [GC ref-proc, 0.0324005 secs] 2022-10-02T16:23:33.062-0600: 276428.142: [Unloading, 0.0366085 secs], 0.0749884 secs]
 [Times: user=0.24 sys=0.00, real=0.07 secs] 
2022-10-02T16:23:33.103-0600: 276428.183: [GC cleanup 3574M->3574M(14336M), 0.0069890 secs]
 [Times: user=0.02 sys=0.00, real=0.01 secs] 
2022-10-02T16:26:09.688-0600: 276584.768: [GC pause (G1 Evacuation Pause) (young), 0.0136351 secs]
   [Parallel Time: 4.2 ms, GC Workers: 6]
      [GC Worker Start (ms): Min: 276584768.0, Avg: 276584769.4, Max: 276584771.9, Diff: 4.0]
      [Ext Root Scanning (ms): Min: 0.0, Avg: 1.1, Max: 3.2, Diff: 3.2, Sum: 6.6]
      [Update RS (ms): Min: 0.0, Avg: 0.3, Max: 0.7, Diff: 0.7, Sum: 1.9]
         [Processed Buffers: Min: 0, Avg: 8.2, Max: 30, Diff: 30, Sum: 49]
      [Scan RS (ms): Min: 0.0, Avg: 0.0, Max: 0.1, Diff: 0.1, Sum: 0.2]
      [Code Root Scanning (ms): Min: 0.0, Avg: 0.0, Max: 0.0, Diff: 0.0, Sum: 0.0]
      [Object Copy (ms): Min: 0.0, Avg: 0.3, Max: 0.6, Diff: 0.6, Sum: 1.6]
      [Termination (ms): Min: 0.0, Avg: 0.8, Max: 1.1, Diff: 1.1, Sum: 4.8]
         [Termination Attempts: Min: 1, Avg: 1.0, Max: 1, Diff: 0, Sum: 6]
      [GC Worker Other (ms): Min: 0.0, Avg: 0.0, Max: 0.0, Diff: 0.0, Sum: 0.0]
      [GC Worker Total (ms): Min: 0.0, Avg: 2.5, Max: 4.1, Diff: 4.1, Sum: 15.2]
      [GC Worker End (ms): Min: 276584771.9, Avg: 276584772.0, Max: 276584772.1, Diff: 0.2]
   [Code Root Fixup: 0.0 ms]
   [Code Root Purge: 0.0 ms]
   [Clear CT: 0.5 ms]
   [Other: 8.9 ms]
      [Choose CSet: 0.0 ms]
      [Ref Proc: 8.5 ms]
      [Ref Enq: 0.1 ms]
      [Redirty Cards: 0.1 ms]
      [Humongous Register: 0.0 ms]
      [Humongous Reclaim: 0.0 ms]
      [Free CSet: 0.1 ms]
   [Eden: 7152.0M(7152.0M)->0.0B(7152.0M) Survivors: 16384.0K->16384.0K Heap: 10646.5M(14336.0M)->3494.3M(14336.0M)]
 [Times: user=0.04 sys=0.00, real=0.01 secs] 
2022-10-02T16:28:45.987-0600: 276741.066: [GC pause (G1 Evacuation Pause) (young), 0.0146406 secs]
   [Parallel Time: 3.7 ms, GC Workers: 6]
      [GC Worker Start (ms): Min: 276741066.5, Avg: 276741067.6, Max: 276741068.7, Diff: 2.2]
      [Ext Root Scanning (ms): Min: 0.0, Avg: 1.0, Max: 3.0, Diff: 3.0, Sum: 6.1]
      [Update RS (ms): Min: 0.0, Avg: 0.3, Max: 0.8, Diff: 0.8, Sum: 1.9]
         [Processed Buffers: Min: 0, Avg: 7.7, Max: 20, Diff: 20, Sum: 46]
      [Scan RS (ms): Min: 0.0, Avg: 0.0, Max: 0.1, Diff: 0.1, Sum: 0.3]
      [Code Root Scanning (ms): Min: 0.0, Avg: 0.0, Max: 0.0, Diff: 0.0, Sum: 0.0]
      [Object Copy (ms): Min: 0.0, Avg: 0.7, Max: 2.0, Diff: 2.0, Sum: 4.5]
      [Termination (ms): Min: 0.0, Avg: 0.5, Max: 0.6, Diff: 0.6, Sum: 3.1]
         [Termination Attempts: Min: 1, Avg: 6.7, Max: 11, Diff: 10, Sum: 40]
      [GC Worker Other (ms): Min: 0.0, Avg: 0.0, Max: 0.0, Diff: 0.0, Sum: 0.0]
      [GC Worker Total (ms): Min: 1.5, Avg: 2.6, Max: 3.7, Diff: 2.2, Sum: 15.9]
      [GC Worker End (ms): Min: 276741070.2, Avg: 276741070.2, Max: 276741070.2, Diff: 0.0]
   [Code Root Fixup: 0.0 ms]
   [Code Root Purge: 0.0 ms]
   [Clear CT: 0.9 ms]
   [Other: 10.1 ms]
      [Choose CSet: 0.0 ms]
      [Ref Proc: 9.7 ms]
      [Ref Enq: 0.1 ms]
      [Redirty Cards: 0.1 ms]
      [Humongous Register: 0.0 ms]
      [Humongous Reclaim: 0.0 ms]
      [Free CSet: 0.1 ms]
   [Eden: 7152.0M(7152.0M)->0.0B(7152.0M) Survivors: 16384.0K->16384.0K Heap: 10646.3M(14336.0M)->3494.3M(14336.0M)]
 [Times: user=0.05 sys=0.00, real=0.01 secs] 
2022-10-02T16:31:22.537-0600: 276897.617: [GC pause (G1 Evacuation Pause) (young) (initial-mark), 0.0254874 secs]
   [Parallel Time: 9.1 ms, GC Workers: 6]
      [GC Worker Start (ms): Min: 276897618.1, Avg: 276897618.4, Max: 276897620.2, Diff: 2.2]
      [Ext Root Scanning (ms): Min: 4.0, Avg: 4.8, Max: 7.1, Diff: 3.0, Sum: 29.1]
      [Update RS (ms): Min: 0.0, Avg: 0.4, Max: 0.7, Diff: 0.7, Sum: 2.3]
         [Processed Buffers: Min: 0, Avg: 8.2, Max: 23, Diff: 23, Sum: 49]
      [Scan RS (ms): Min: 0.0, Avg: 0.0, Max: 0.1, Diff: 0.1, Sum: 0.2]
      [Code Root Scanning (ms): Min: 0.0, Avg: 0.0, Max: 0.0, Diff: 0.0, Sum: 0.0]
      [Object Copy (ms): Min: 0.0, Avg: 0.4, Max: 0.8, Diff: 0.8, Sum: 2.6]
      [Termination (ms): Min: 0.0, Avg: 1.5, Max: 2.2, Diff: 2.2, Sum: 9.2]
         [Termination Attempts: Min: 1, Avg: 1.0, Max: 1, Diff: 0, Sum: 6]
      [GC Worker Other (ms): Min: 0.0, Avg: 0.0, Max: 0.0, Diff: 0.0, Sum: 0.1]
      [GC Worker Total (ms): Min: 5.3, Avg: 7.2, Max: 7.7, Diff: 2.4, Sum: 43.4]
      [GC Worker End (ms): Min: 276897625.6, Avg: 276897625.7, Max: 276897625.8, Diff: 0.2]
   [Code Root Fixup: 0.0 ms]
   [Code Root Purge: 0.0 ms]
   [Clear CT: 0.8 ms]
   [Other: 15.6 ms]
      [Choose CSet: 0.0 ms]
      [Ref Proc: 15.2 ms]
      [Ref Enq: 0.1 ms]
      [Redirty Cards: 0.1 ms]
      [Humongous Register: 0.0 ms]
      [Humongous Reclaim: 0.0 ms]
      [Free CSet: 0.1 ms]
   [Eden: 7152.0M(7152.0M)->0.0B(7152.0M) Survivors: 16384.0K->16384.0K Heap: 10646.3M(14336.0M)->3494.3M(14336.0M)]
 [Times: user=0.07 sys=0.00, real=0.02 secs] 
2022-10-02T16:31:22.562-0600: 276897.642: [GC concurrent-root-region-scan-start]
2022-10-02T16:31:22.566-0600: 276897.645: [GC concurrent-root-region-scan-end, 0.0032629 secs]
2022-10-02T16:31:22.566-0600: 276897.645: [GC concurrent-mark-start]
2022-10-02T16:31:23.825-0600: 276898.905: [GC concurrent-mark-end, 1.2590271 secs]
2022-10-02T16:31:23.825-0600: 276898.905: [GC remark 2022-10-02T16:31:23.825-0600: 276898.905: [Finalize Marking, 0.0022309 secs] 2022-10-02T16:31:23.827-0600: 276898.907: [GC ref-proc, 0.0294475 secs] 2022-10-02T16:31:23.857-0600: 276898.936: [Unloading, 0.0322583 secs], 0.0687118 secs]
 [Times: user=0.21 sys=0.00, real=0.08 secs] 
2022-10-02T16:31:23.894-0600: 276898.974: [GC cleanup 3574M->3574M(14336M), 0.0071978 secs]
 [Times: user=0.02 sys=0.00, real=0.00 secs] 
2022-10-02T16:33:59.437-0600: 277054.517: [GC pause (G1 Evacuation Pause) (young), 0.0231535 secs]
   [Parallel Time: 4.8 ms, GC Workers: 6]
      [GC Worker Start (ms): Min: 277054516.7, Avg: 277054516.7, Max: 277054516.7, Diff: 0.1]
      [Ext Root Scanning (ms): Min: 1.6, Avg: 3.2, Max: 4.6, Diff: 3.0, Sum: 19.2]
      [Update RS (ms): Min: 0.0, Avg: 0.3, Max: 1.0, Diff: 1.0, Sum: 1.9]
         [Processed Buffers: Min: 0, Avg: 7.8, Max: 30, Diff: 30, Sum: 47]
      [Scan RS (ms): Min: 0.0, Avg: 0.0, Max: 0.1, Diff: 0.1, Sum: 0.2]
      [Code Root Scanning (ms): Min: 0.0, Avg: 0.0, Max: 0.0, Diff: 0.0, Sum: 0.0]
      [Object Copy (ms): Min: 0.0, Avg: 0.3, Max: 0.9, Diff: 0.9, Sum: 1.9]
      [Termination (ms): Min: 0.0, Avg: 0.8, Max: 1.2, Diff: 1.2, Sum: 4.6]
         [Termination Attempts: Min: 1, Avg: 1.0, Max: 1, Diff: 0, Sum: 6]
      [GC Worker Other (ms): Min: 0.0, Avg: 0.0, Max: 0.0, Diff: 0.0, Sum: 0.0]
      [GC Worker Total (ms): Min: 4.5, Avg: 4.6, Max: 4.7, Diff: 0.2, Sum: 27.8]
      [GC Worker End (ms): Min: 277054521.3, Avg: 277054521.3, Max: 277054521.4, Diff: 0.1]
   [Code Root Fixup: 0.0 ms]
   [Code Root Purge: 0.0 ms]
   [Clear CT: 0.8 ms]
   [Other: 17.6 ms]
      [Choose CSet: 0.0 ms]
      [Ref Proc: 17.2 ms]
      [Ref Enq: 0.1 ms]
      [Redirty Cards: 0.1 ms]
      [Humongous Register: 0.0 ms]
      [Humongous Reclaim: 0.0 ms]
      [Free CSet: 0.1 ms]
   [Eden: 7152.0M(7152.0M)->0.0B(7152.0M) Survivors: 16384.0K->16384.0K Heap: 10646.3M(14336.0M)->3494.8M(14336.0M)]
 [Times: user=0.06 sys=0.00, real=0.02 secs] 
2022-10-02T16:36:37.236-0600: 277212.316: [GC pause (G1 Evacuation Pause) (young), 0.0177183 secs]
   [Parallel Time: 3.3 ms, GC Workers: 6]
      [GC Worker Start (ms): Min: 277212315.8, Avg: 277212316.1, Max: 277212316.7, Diff: 0.8]
      [Ext Root Scanning (ms): Min: 0.4, Avg: 1.2, Max: 3.1, Diff: 2.8, Sum: 7.4]
      [Update RS (ms): Min: 0.0, Avg: 0.4, Max: 0.5, Diff: 0.5, Sum: 2.1]
         [Processed Buffers: Min: 0, Avg: 7.5, Max: 36, Diff: 36, Sum: 45]
      [Scan RS (ms): Min: 0.0, Avg: 0.0, Max: 0.1, Diff: 0.1, Sum: 0.2]
      [Code Root Scanning (ms): Min: 0.0, Avg: 0.0, Max: 0.0, Diff: 0.0, Sum: 0.0]
      [Object Copy (ms): Min: 0.0, Avg: 0.4, Max: 0.6, Diff: 0.6, Sum: 2.5]
      [Termination (ms): Min: 0.0, Avg: 0.9, Max: 1.2, Diff: 1.2, Sum: 5.6]
         [Termination Attempts: Min: 1, Avg: 4.5, Max: 9, Diff: 8, Sum: 27]
      [GC Worker Other (ms): Min: 0.0, Avg: 0.0, Max: 0.0, Diff: 0.0, Sum: 0.0]
      [GC Worker Total (ms): Min: 2.5, Avg: 3.0, Max: 3.3, Diff: 0.8, Sum: 17.9]
      [GC Worker End (ms): Min: 277212319.0, Avg: 277212319.1, Max: 277212319.2, Diff: 0.2]
   [Code Root Fixup: 0.0 ms]
   [Code Root Purge: 0.0 ms]
   [Clear CT: 0.7 ms]
   [Other: 13.6 ms]
      [Choose CSet: 0.0 ms]
      [Ref Proc: 13.3 ms]
      [Ref Enq: 0.1 ms]
      [Redirty Cards: 0.1 ms]
      [Humongous Register: 0.0 ms]
      [Humongous Reclaim: 0.0 ms]
      [Free CSet: 0.1 ms]
   [Eden: 7152.0M(7152.0M)->0.0B(7152.0M) Survivors: 16384.0K->16384.0K Heap: 10646.8M(14336.0M)->3494.6M(14336.0M)]
 [Times: user=0.05 sys=0.00, real=0.02 secs] 
2022-10-02T16:39:12.501-0600: 277367.581: [GC pause (G1 Evacuation Pause) (young) (initial-mark), 0.0194512 secs]
   [Parallel Time: 9.8 ms, GC Workers: 6]
      [GC Worker Start (ms): Min: 277367582.6, Avg: 277367584.4, Max: 277367585.9, Diff: 3.3]
      [Ext Root Scanning (ms): Min: 1.6, Avg: 4.7, Max: 8.2, Diff: 6.5, Sum: 28.4]
      [Update RS (ms): Min: 0.0, Avg: 0.4, Max: 1.1, Diff: 1.1, Sum: 2.2]
         [Processed Buffers: Min: 0, Avg: 8.5, Max: 43, Diff: 43, Sum: 51]
      [Scan RS (ms): Min: 0.0, Avg: 0.0, Max: 0.1, Diff: 0.1, Sum: 0.2]
      [Code Root Scanning (ms): Min: 0.0, Avg: 0.0, Max: 0.0, Diff: 0.0, Sum: 0.0]
      [Object Copy (ms): Min: 0.0, Avg: 0.4, Max: 1.1, Diff: 1.1, Sum: 2.4]
      [Termination (ms): Min: 0.0, Avg: 1.0, Max: 1.3, Diff: 1.3, Sum: 5.9]
         [Termination Attempts: Min: 1, Avg: 1.0, Max: 1, Diff: 0, Sum: 6]
      [GC Worker Other (ms): Min: 0.0, Avg: 0.0, Max: 0.0, Diff: 0.0, Sum: 0.1]
      [GC Worker Total (ms): Min: 5.0, Avg: 6.5, Max: 8.4, Diff: 3.4, Sum: 39.2]
      [GC Worker End (ms): Min: 277367590.9, Avg: 277367590.9, Max: 277367591.0, Diff: 0.1]
   [Code Root Fixup: 0.0 ms]
   [Code Root Purge: 0.0 ms]
   [Clear CT: 0.7 ms]
   [Other: 8.9 ms]
      [Choose CSet: 0.0 ms]
      [Ref Proc: 8.5 ms]
      [Ref Enq: 0.1 ms]
      [Redirty Cards: 0.1 ms]
      [Humongous Register: 0.0 ms]
      [Humongous Reclaim: 0.0 ms]
      [Free CSet: 0.1 ms]
   [Eden: 7152.0M(7152.0M)->0.0B(7152.0M) Survivors: 16384.0K->16384.0K Heap: 10646.6M(14336.0M)->3494.7M(14336.0M)]
 [Times: user=0.04 sys=0.00, real=0.02 secs] 
2022-10-02T16:39:12.521-0600: 277367.601: [GC concurrent-root-region-scan-start]
2022-10-02T16:39:12.524-0600: 277367.604: [GC concurrent-root-region-scan-end, 0.0032613 secs]
2022-10-02T16:39:12.524-0600: 277367.604: [GC concurrent-mark-start]
2022-10-02T16:39:13.800-0600: 277368.880: [GC concurrent-mark-end, 1.2754515 secs]
2022-10-02T16:39:13.800-0600: 277368.880: [GC remark 2022-10-02T16:39:13.800-0600: 277368.880: [Finalize Marking, 0.0012247 secs] 2022-10-02T16:39:13.801-0600: 277368.881: [GC ref-proc, 0.0263165 secs] 2022-10-02T16:39:13.827-0600: 277368.907: [Unloading, 0.0287793 secs], 0.0607979 secs]
 [Times: user=0.22 sys=0.00, real=0.06 secs] 
2022-10-02T16:39:13.861-0600: 277368.941: [GC cleanup 3552M->3552M(14336M), 0.0089776 secs]
 [Times: user=0.01 sys=0.00, real=0.01 secs] 
2022-10-02T16:41:50.486-0600: 277525.566: [GC pause (G1 Evacuation Pause) (young), 0.0148404 secs]
   [Parallel Time: 3.5 ms, GC Workers: 6]
      [GC Worker Start (ms): Min: 277525566.3, Avg: 277525567.4, Max: 277525569.6, Diff: 3.3]
      [Ext Root Scanning (ms): Min: 0.0, Avg: 1.1, Max: 3.2, Diff: 3.2, Sum: 6.5]
      [Update RS (ms): Min: 0.0, Avg: 0.3, Max: 0.7, Diff: 0.7, Sum: 1.8]
         [Processed Buffers: Min: 0, Avg: 7.8, Max: 39, Diff: 39, Sum: 47]
      [Scan RS (ms): Min: 0.0, Avg: 0.0, Max: 0.1, Diff: 0.1, Sum: 0.2]
      [Code Root Scanning (ms): Min: 0.0, Avg: 0.0, Max: 0.0, Diff: 0.0, Sum: 0.0]
      [Object Copy (ms): Min: 0.0, Avg: 0.3, Max: 0.6, Diff: 0.6, Sum: 1.9]
      [Termination (ms): Min: 0.0, Avg: 0.4, Max: 0.6, Diff: 0.6, Sum: 2.7]
         [Termination Attempts: Min: 1, Avg: 1.2, Max: 2, Diff: 1, Sum: 7]
      [GC Worker Other (ms): Min: 0.0, Avg: 0.0, Max: 0.0, Diff: 0.0, Sum: 0.0]
      [GC Worker Total (ms): Min: 0.0, Avg: 2.2, Max: 3.4, Diff: 3.4, Sum: 13.2]
      [GC Worker End (ms): Min: 277525569.6, Avg: 277525569.6, Max: 277525569.7, Diff: 0.1]
   [Code Root Fixup: 0.0 ms]
   [Code Root Purge: 0.0 ms]
   [Clear CT: 0.8 ms]
   [Other: 10.6 ms]
      [Choose CSet: 0.0 ms]
      [Ref Proc: 10.2 ms]
      [Ref Enq: 0.1 ms]
      [Redirty Cards: 0.1 ms]
      [Humongous Register: 0.0 ms]
      [Humongous Reclaim: 0.0 ms]
      [Free CSet: 0.1 ms]
   [Eden: 7152.0M(7152.0M)->0.0B(7152.0M) Survivors: 16384.0K->16384.0K Heap: 10646.7M(14336.0M)->3494.6M(14336.0M)]
 [Times: user=0.04 sys=0.01, real=0.01 secs] 
2022-10-02T16:44:25.738-0600: 277680.818: [GC pause (G1 Evacuation Pause) (young), 0.0143429 secs]
   [Parallel Time: 3.5 ms, GC Workers: 6]
      [GC Worker Start (ms): Min: 277680818.2, Avg: 277680818.2, Max: 277680818.3, Diff: 0.1]
      [Ext Root Scanning (ms): Min: 1.1, Avg: 2.0, Max: 3.2, Diff: 2.2, Sum: 12.0]
      [Update RS (ms): Min: 0.0, Avg: 0.3, Max: 0.6, Diff: 0.6, Sum: 1.8]
         [Processed Buffers: Min: 0, Avg: 9.0, Max: 43, Diff: 43, Sum: 54]
      [Scan RS (ms): Min: 0.0, Avg: 0.0, Max: 0.1, Diff: 0.1, Sum: 0.2]
      [Code Root Scanning (ms): Min: 0.0, Avg: 0.0, Max: 0.0, Diff: 0.0, Sum: 0.0]
      [Object Copy (ms): Min: 0.0, Avg: 0.3, Max: 0.6, Diff: 0.6, Sum: 1.7]
      [Termination (ms): Min: 0.0, Avg: 0.6, Max: 0.9, Diff: 0.9, Sum: 3.7]
         [Termination Attempts: Min: 1, Avg: 1.0, Max: 1, Diff: 0, Sum: 6]
      [GC Worker Other (ms): Min: 0.0, Avg: 0.0, Max: 0.0, Diff: 0.0, Sum: 0.0]
      [GC Worker Total (ms): Min: 3.1, Avg: 3.3, Max: 3.3, Diff: 0.2, Sum: 19.6]
      [GC Worker End (ms): Min: 277680821.4, Avg: 277680821.5, Max: 277680821.6, Diff: 0.2]
   [Code Root Fixup: 0.0 ms]
   [Code Root Purge: 0.0 ms]
   [Clear CT: 0.7 ms]
   [Other: 10.1 ms]
      [Choose CSet: 0.0 ms]
      [Ref Proc: 9.7 ms]
      [Ref Enq: 0.2 ms]
      [Redirty Cards: 0.1 ms]
      [Humongous Register: 0.0 ms]
      [Humongous Reclaim: 0.0 ms]
      [Free CSet: 0.1 ms]
   [Eden: 7152.0M(7152.0M)->0.0B(7152.0M) Survivors: 16384.0K->16384.0K Heap: 10646.6M(14336.0M)->3495.0M(14336.0M)]
 [Times: user=0.04 sys=0.00, real=0.01 secs] 
2022-10-02T16:47:03.587-0600: 277838.667: [GC pause (G1 Evacuation Pause) (young) (initial-mark), 0.0192610 secs]
   [Parallel Time: 9.1 ms, GC Workers: 6]
      [GC Worker Start (ms): Min: 277838668.3, Avg: 277838668.4, Max: 277838668.7, Diff: 0.4]
      [Ext Root Scanning (ms): Min: 3.3, Avg: 6.8, Max: 7.7, Diff: 4.5, Sum: 41.1]
      [Update RS (ms): Min: 0.0, Avg: 0.3, Max: 1.5, Diff: 1.5, Sum: 1.5]
         [Processed Buffers: Min: 0, Avg: 7.2, Max: 43, Diff: 43, Sum: 43]
      [Scan RS (ms): Min: 0.0, Avg: 0.0, Max: 0.1, Diff: 0.1, Sum: 0.2]
      [Code Root Scanning (ms): Min: 0.0, Avg: 0.0, Max: 0.0, Diff: 0.0, Sum: 0.0]
      [Object Copy (ms): Min: 0.0, Avg: 0.3, Max: 1.1, Diff: 1.1, Sum: 1.6]
      [Termination (ms): Min: 0.0, Avg: 0.3, Max: 1.8, Diff: 1.8, Sum: 1.8]
         [Termination Attempts: Min: 1, Avg: 1.0, Max: 1, Diff: 0, Sum: 6]
      [GC Worker Other (ms): Min: 0.0, Avg: 0.0, Max: 0.0, Diff: 0.0, Sum: 0.0]
      [GC Worker Total (ms): Min: 7.4, Avg: 7.7, Max: 7.8, Diff: 0.4, Sum: 46.3]
      [GC Worker End (ms): Min: 277838676.1, Avg: 277838676.1, Max: 277838676.1, Diff: 0.0]
   [Code Root Fixup: 0.0 ms]
   [Code Root Purge: 0.0 ms]
   [Clear CT: 0.8 ms]
   [Other: 9.4 ms]
      [Choose CSet: 0.0 ms]
      [Ref Proc: 9.0 ms]
      [Ref Enq: 0.1 ms]
      [Redirty Cards: 0.1 ms]
      [Humongous Register: 0.0 ms]
      [Humongous Reclaim: 0.0 ms]
      [Free CSet: 0.1 ms]
   [Eden: 7152.0M(7152.0M)->0.0B(7152.0M) Survivors: 16384.0K->16384.0K Heap: 10647.0M(14336.0M)->3495.0M(14336.0M)]
 [Times: user=0.05 sys=0.00, real=0.02 secs] 
2022-10-02T16:47:03.606-0600: 277838.686: [GC concurrent-root-region-scan-start]
2022-10-02T16:47:03.610-0600: 277838.690: [GC concurrent-root-region-scan-end, 0.0031694 secs]
2022-10-02T16:47:03.610-0600: 277838.690: [GC concurrent-mark-start]
2022-10-02T16:47:04.856-0600: 277839.936: [GC concurrent-mark-end, 1.2467465 secs]
2022-10-02T16:47:04.857-0600: 277839.936: [GC remark 2022-10-02T16:47:04.857-0600: 277839.936: [Finalize Marking, 0.0012560 secs] 2022-10-02T16:47:04.858-0600: 277839.938: [GC ref-proc, 0.0263297 secs] 2022-10-02T16:47:04.884-0600: 277839.964: [Unloading, 0.0305565 secs], 0.0631269 secs]
 [Times: user=0.22 sys=0.00, real=0.06 secs] 
2022-10-02T16:47:04.920-0600: 277840.000: [GC cleanup 3550M->3550M(14336M), 0.0080796 secs]
 [Times: user=0.02 sys=0.00, real=0.01 secs] 
2022-10-02T16:49:38.500-0600: 277993.580: [GC pause (G1 Evacuation Pause) (young), 0.0199052 secs]
   [Parallel Time: 4.4 ms, GC Workers: 6]
      [GC Worker Start (ms): Min: 277993580.1, Avg: 277993580.6, Max: 277993580.8, Diff: 0.7]
      [Ext Root Scanning (ms): Min: 1.0, Avg: 2.2, Max: 3.6, Diff: 2.5, Sum: 13.1]
      [Update RS (ms): Min: 0.0, Avg: 0.3, Max: 0.7, Diff: 0.7, Sum: 1.8]
         [Processed Buffers: Min: 0, Avg: 8.8, Max: 26, Diff: 26, Sum: 53]
      [Scan RS (ms): Min: 0.0, Avg: 0.0, Max: 0.1, Diff: 0.1, Sum: 0.2]
      [Code Root Scanning (ms): Min: 0.0, Avg: 0.0, Max: 0.0, Diff: 0.0, Sum: 0.0]
      [Object Copy (ms): Min: 0.0, Avg: 0.3, Max: 0.6, Diff: 0.6, Sum: 1.8]
      [Termination (ms): Min: 0.0, Avg: 0.9, Max: 1.2, Diff: 1.2, Sum: 5.4]
         [Termination Attempts: Min: 1, Avg: 1.0, Max: 1, Diff: 0, Sum: 6]
      [GC Worker Other (ms): Min: 0.0, Avg: 0.0, Max: 0.0, Diff: 0.0, Sum: 0.0]
      [GC Worker Total (ms): Min: 3.6, Avg: 3.7, Max: 4.3, Diff: 0.8, Sum: 22.3]
      [GC Worker End (ms): Min: 277993584.3, Avg: 277993584.3, Max: 277993584.4, Diff: 0.1]
   [Code Root Fixup: 0.0 ms]
   [Code Root Purge: 0.0 ms]
   [Clear CT: 0.7 ms]
   [Other: 14.8 ms]
      [Choose CSet: 0.0 ms]
      [Ref Proc: 14.4 ms]
      [Ref Enq: 0.1 ms]
      [Redirty Cards: 0.1 ms]
      [Humongous Register: 0.0 ms]
      [Humongous Reclaim: 0.0 ms]
      [Free CSet: 0.1 ms]
   [Eden: 7152.0M(7152.0M)->0.0B(7152.0M) Survivors: 16384.0K->16384.0K Heap: 10647.0M(14336.0M)->3494.8M(14336.0M)]
 [Times: user=0.05 sys=0.00, real=0.02 secs] 
2022-10-02T16:51:32.192-0600: 278107.271: [GC pause (G1 Evacuation Pause) (young), 0.0632397 secs]
   [Parallel Time: 47.6 ms, GC Workers: 6]
      [GC Worker Start (ms): Min: 278107271.5, Avg: 278107271.7, Max: 278107272.7, Diff: 1.2]
      [Ext Root Scanning (ms): Min: 0.5, Avg: 2.9, Max: 5.3, Diff: 4.8, Sum: 17.4]
      [Update RS (ms): Min: 0.0, Avg: 4.2, Max: 15.6, Diff: 15.6, Sum: 25.4]
         [Processed Buffers: Min: 2, Avg: 16.7, Max: 42, Diff: 40, Sum: 100]
      [Scan RS (ms): Min: 0.0, Avg: 0.0, Max: 0.1, Diff: 0.1, Sum: 0.2]
      [Code Root Scanning (ms): Min: 0.0, Avg: 0.0, Max: 0.0, Diff: 0.0, Sum: 0.0]
      [Object Copy (ms): Min: 30.1, Avg: 40.0, Max: 42.3, Diff: 12.2, Sum: 240.2]
      [Termination (ms): Min: 0.0, Avg: 0.0, Max: 0.0, Diff: 0.0, Sum: 0.0]
         [Termination Attempts: Min: 1, Avg: 1.0, Max: 1, Diff: 0, Sum: 6]
      [GC Worker Other (ms): Min: 0.0, Avg: 0.0, Max: 0.0, Diff: 0.0, Sum: 0.1]
      [GC Worker Total (ms): Min: 46.3, Avg: 47.2, Max: 47.5, Diff: 1.2, Sum: 283.4]
      [GC Worker End (ms): Min: 278107318.9, Avg: 278107318.9, Max: 278107319.0, Diff: 0.0]
   [Code Root Fixup: 0.0 ms]
   [Code Root Purge: 0.0 ms]
   [Clear CT: 0.5 ms]
   [Other: 15.1 ms]
      [Choose CSet: 0.0 ms]
      [Ref Proc: 14.7 ms]
      [Ref Enq: 0.1 ms]
      [Redirty Cards: 0.1 ms]
      [Humongous Register: 0.0 ms]
      [Humongous Reclaim: 0.0 ms]
      [Free CSet: 0.1 ms]
   [Eden: 7152.0M(7152.0M)->0.0B(6960.0M) Survivors: 16384.0K->208.0M Heap: 10646.8M(14336.0M)->3699.6M(14336.0M)]
 [Times: user=0.28 sys=0.00, real=0.07 secs] 
2022-10-02T16:52:55.889-0600: 278190.969: [GC pause (G1 Evacuation Pause) (young) (initial-mark), 0.0735401 secs]
   [Parallel Time: 58.0 ms, GC Workers: 6]
      [GC Worker Start (ms): Min: 278190970.7, Avg: 278190972.7, Max: 278190974.1, Diff: 3.5]
      [Ext Root Scanning (ms): Min: 1.4, Avg: 7.2, Max: 11.3, Diff: 9.9, Sum: 43.4]
      [Update RS (ms): Min: 0.0, Avg: 2.5, Max: 9.2, Diff: 9.2, Sum: 15.0]
         [Processed Buffers: Min: 0, Avg: 11.3, Max: 32, Diff: 32, Sum: 68]
      [Scan RS (ms): Min: 0.0, Avg: 0.0, Max: 0.1, Diff: 0.1, Sum: 0.2]
      [Code Root Scanning (ms): Min: 0.0, Avg: 0.0, Max: 0.0, Diff: 0.0, Sum: 0.0]
      [Object Copy (ms): Min: 41.7, Avg: 44.6, Max: 46.5, Diff: 4.8, Sum: 267.6]
      [Termination (ms): Min: 0.0, Avg: 0.0, Max: 0.0, Diff: 0.0, Sum: 0.0]
         [Termination Attempts: Min: 1, Avg: 2.8, Max: 5, Diff: 4, Sum: 17]
      [GC Worker Other (ms): Min: 0.0, Avg: 0.0, Max: 0.0, Diff: 0.0, Sum: 0.1]
      [GC Worker Total (ms): Min: 53.0, Avg: 54.4, Max: 56.5, Diff: 3.5, Sum: 326.3]
      [GC Worker End (ms): Min: 278191027.1, Avg: 278191027.1, Max: 278191027.1, Diff: 0.0]
   [Code Root Fixup: 0.0 ms]
   [Code Root Purge: 0.0 ms]
   [Clear CT: 0.9 ms]
   [Other: 14.6 ms]
      [Choose CSet: 0.0 ms]
      [Ref Proc: 13.8 ms]
      [Ref Enq: 0.1 ms]
      [Redirty Cards: 0.5 ms]
      [Humongous Register: 0.0 ms]
      [Humongous Reclaim: 0.0 ms]
      [Free CSet: 0.1 ms]
   [Eden: 6960.0M(6960.0M)->0.0B(7072.0M) Survivors: 208.0M->98304.0K Heap: 10659.6M(14336.0M)->3772.9M(14336.0M)]
 [Times: user=0.30 sys=0.00, real=0.07 secs] 
2022-10-02T16:52:55.963-0600: 278191.043: [GC concurrent-root-region-scan-start]
2022-10-02T16:52:55.993-0600: 278191.073: [GC concurrent-root-region-scan-end, 0.0300837 secs]
2022-10-02T16:52:55.993-0600: 278191.073: [GC concurrent-mark-start]
2022-10-02T16:52:57.295-0600: 278192.375: [GC concurrent-mark-end, 1.3014132 secs]
2022-10-02T16:52:57.295-0600: 278192.375: [GC remark 2022-10-02T16:52:57.295-0600: 278192.375: [Finalize Marking, 0.0017941 secs] 2022-10-02T16:52:57.297-0600: 278192.376: [GC ref-proc, 0.0238269 secs] 2022-10-02T16:52:57.320-0600: 278192.400: [Unloading, 0.0312084 secs], 0.0616066 secs]
 [Times: user=0.20 sys=0.00, real=0.06 secs] 
2022-10-02T16:52:57.357-0600: 278192.436: [GC cleanup 3886M->3870M(14336M), 0.0134192 secs]
 [Times: user=0.02 sys=0.00, real=0.01 secs] 
2022-10-02T16:52:57.370-0600: 278192.450: [GC concurrent-cleanup-start]
2022-10-02T16:52:57.370-0600: 278192.450: [GC concurrent-cleanup-end, 0.0000089 secs]
2022-10-02T16:54:12.496-0600: 278267.576: [GC pause (G1 Evacuation Pause) (young), 0.0441077 secs]
   [Parallel Time: 36.2 ms, GC Workers: 6]
      [GC Worker Start (ms): Min: 278267576.4, Avg: 278267580.7, Max: 278267584.7, Diff: 8.3]
      [Ext Root Scanning (ms): Min: 0.0, Avg: 1.0, Max: 3.2, Diff: 3.2, Sum: 6.0]
      [Update RS (ms): Min: 8.2, Avg: 11.8, Max: 17.0, Diff: 8.8, Sum: 70.7]
         [Processed Buffers: Min: 16, Avg: 47.7, Max: 66, Diff: 50, Sum: 286]
      [Scan RS (ms): Min: 8.3, Avg: 11.5, Max: 12.3, Diff: 4.0, Sum: 69.2]
      [Code Root Scanning (ms): Min: 0.0, Avg: 0.0, Max: 0.0, Diff: 0.0, Sum: 0.0]
      [Object Copy (ms): Min: 7.4, Avg: 7.4, Max: 7.7, Diff: 0.3, Sum: 44.7]
      [Termination (ms): Min: 0.0, Avg: 0.0, Max: 0.0, Diff: 0.0, Sum: 0.0]
         [Termination Attempts: Min: 1, Avg: 1.5, Max: 3, Diff: 2, Sum: 9]
      [GC Worker Other (ms): Min: 0.0, Avg: 0.0, Max: 0.1, Diff: 0.0, Sum: 0.2]
      [GC Worker Total (ms): Min: 27.7, Avg: 31.8, Max: 36.0, Diff: 8.3, Sum: 190.8]
      [GC Worker End (ms): Min: 278267612.4, Avg: 278267612.5, Max: 278267612.5, Diff: 0.0]
   [Code Root Fixup: 0.0 ms]
   [Code Root Purge: 0.0 ms]
   [Clear CT: 0.8 ms]
   [Other: 7.1 ms]
      [Choose CSet: 0.0 ms]
      [Ref Proc: 6.5 ms]
      [Ref Enq: 0.1 ms]
      [Redirty Cards: 0.3 ms]
      [Humongous Register: 0.0 ms]
      [Humongous Reclaim: 0.0 ms]
      [Free CSet: 0.1 ms]
   [Eden: 5632.0M(5632.0M)->0.0B(5632.0M) Survivors: 98304.0K->98304.0K Heap: 9388.9M(14336.0M)->3814.3M(14336.0M)]
 [Times: user=0.19 sys=0.00, real=0.04 secs] 
2022-10-02T16:55:28.493-0600: 278343.573: [GC pause (G1 Evacuation Pause) (mixed), 0.0401193 secs]
   [Parallel Time: 28.2 ms, GC Workers: 6]
      [GC Worker Start (ms): Min: 278343572.6, Avg: 278343578.8, Max: 278343592.7, Diff: 20.1]
      [Ext Root Scanning (ms): Min: 0.0, Avg: 1.2, Max: 3.5, Diff: 3.5, Sum: 7.0]
      [Update RS (ms): Min: 0.0, Avg: 10.0, Max: 14.4, Diff: 14.4, Sum: 59.7]
         [Processed Buffers: Min: 0, Avg: 43.7, Max: 78, Diff: 78, Sum: 262]
      [Scan RS (ms): Min: 0.0, Avg: 0.7, Max: 1.0, Diff: 0.9, Sum: 4.3]
      [Code Root Scanning (ms): Min: 0.0, Avg: 0.0, Max: 0.0, Diff: 0.0, Sum: 0.0]
      [Object Copy (ms): Min: 0.6, Avg: 3.9, Max: 10.1, Diff: 9.5, Sum: 23.3]
      [Termination (ms): Min: 0.0, Avg: 5.9, Max: 7.2, Diff: 7.2, Sum: 35.5]
         [Termination Attempts: Min: 1, Avg: 4.8, Max: 11, Diff: 10, Sum: 29]
      [GC Worker Other (ms): Min: 0.0, Avg: 0.0, Max: 0.0, Diff: 0.0, Sum: 0.1]
      [GC Worker Total (ms): Min: 7.7, Avg: 21.7, Max: 27.9, Diff: 20.2, Sum: 130.0]
      [GC Worker End (ms): Min: 278343600.4, Avg: 278343600.4, Max: 278343600.6, Diff: 0.2]
   [Code Root Fixup: 0.0 ms]
   [Code Root Purge: 0.0 ms]
   [Clear CT: 0.9 ms]
   [Other: 11.0 ms]
      [Choose CSet: 0.0 ms]
      [Ref Proc: 10.6 ms]
      [Ref Enq: 0.1 ms]
      [Redirty Cards: 0.1 ms]
      [Humongous Register: 0.0 ms]
      [Humongous Reclaim: 0.0 ms]
      [Free CSet: 0.1 ms]
   [Eden: 5632.0M(5632.0M)->0.0B(7136.0M) Survivors: 98304.0K->32768.0K Heap: 9446.3M(14336.0M)->3654.4M(14336.0M)]
 [Times: user=0.14 sys=0.00, real=0.05 secs] 
2022-10-02T16:57:05.690-0600: 278440.770: [GC pause (G1 Evacuation Pause) (young), 0.0280596 secs]
   [Parallel Time: 11.4 ms, GC Workers: 6]
      [GC Worker Start (ms): Min: 278440769.8, Avg: 278440774.8, Max: 278440781.1, Diff: 11.4]
      [Ext Root Scanning (ms): Min: 0.0, Avg: 1.0, Max: 3.1, Diff: 3.1, Sum: 5.9]
      [Update RS (ms): Min: 0.0, Avg: 2.8, Max: 4.4, Diff: 4.4, Sum: 16.9]
         [Processed Buffers: Min: 0, Avg: 15.0, Max: 28, Diff: 28, Sum: 90]
      [Scan RS (ms): Min: 0.0, Avg: 0.0, Max: 0.1, Diff: 0.1, Sum: 0.2]
      [Code Root Scanning (ms): Min: 0.0, Avg: 0.0, Max: 0.0, Diff: 0.0, Sum: 0.0]
      [Object Copy (ms): Min: 0.0, Avg: 2.1, Max: 3.4, Diff: 3.4, Sum: 12.8]
      [Termination (ms): Min: 0.0, Avg: 0.4, Max: 0.6, Diff: 0.6, Sum: 2.5]
         [Termination Attempts: Min: 1, Avg: 1.0, Max: 1, Diff: 0, Sum: 6]
      [GC Worker Other (ms): Min: 0.0, Avg: 0.0, Max: 0.0, Diff: 0.0, Sum: 0.0]
      [GC Worker Total (ms): Min: 0.0, Avg: 6.4, Max: 11.4, Diff: 11.4, Sum: 38.4]
      [GC Worker End (ms): Min: 278440781.2, Avg: 278440781.2, Max: 278440781.2, Diff: 0.0]
   [Code Root Fixup: 0.0 ms]
   [Code Root Purge: 0.0 ms]
   [Clear CT: 0.8 ms]
   [Other: 15.8 ms]
      [Choose CSet: 0.0 ms]
      [Ref Proc: 15.4 ms]
      [Ref Enq: 0.1 ms]
      [Redirty Cards: 0.1 ms]
      [Humongous Register: 0.0 ms]
      [Humongous Reclaim: 0.0 ms]
      [Free CSet: 0.1 ms]
   [Eden: 7136.0M(7136.0M)->0.0B(7152.0M) Survivors: 32768.0K->16384.0K Heap: 10790.4M(14336.0M)->3653.3M(14336.0M)]
 [Times: user=0.08 sys=0.00, real=0.03 secs] 
2022-10-02T16:58:46.490-0600: 278541.570: [GC pause (G1 Evacuation Pause) (young) (initial-mark), 0.0480581 secs]
   [Parallel Time: 18.2 ms, GC Workers: 6]
      [GC Worker Start (ms): Min: 278541571.2, Avg: 278541572.2, Max: 278541573.6, Diff: 2.4]
      [Ext Root Scanning (ms): Min: 2.0, Avg: 8.8, Max: 14.9, Diff: 12.9, Sum: 52.8]
      [Update RS (ms): Min: 0.0, Avg: 2.3, Max: 5.5, Diff: 5.5, Sum: 14.1]
         [Processed Buffers: Min: 0, Avg: 12.2, Max: 27, Diff: 27, Sum: 73]
      [Scan RS (ms): Min: 0.0, Avg: 0.0, Max: 0.1, Diff: 0.1, Sum: 0.2]
      [Code Root Scanning (ms): Min: 0.0, Avg: 0.0, Max: 0.0, Diff: 0.0, Sum: 0.0]
      [Object Copy (ms): Min: 0.0, Avg: 3.0, Max: 5.1, Diff: 5.1, Sum: 17.8]
      [Termination (ms): Min: 0.0, Avg: 1.6, Max: 2.0, Diff: 2.0, Sum: 9.4]
         [Termination Attempts: Min: 1, Avg: 2.7, Max: 6, Diff: 5, Sum: 16]
      [GC Worker Other (ms): Min: 0.0, Avg: 0.0, Max: 0.0, Diff: 0.0, Sum: 0.0]
      [GC Worker Total (ms): Min: 14.3, Avg: 15.7, Max: 16.9, Diff: 2.6, Sum: 94.3]
      [GC Worker End (ms): Min: 278541587.9, Avg: 278541587.9, Max: 278541588.1, Diff: 0.2]
   [Code Root Fixup: 0.0 ms]
   [Code Root Purge: 0.0 ms]
   [Clear CT: 0.8 ms]
   [Other: 29.0 ms]
      [Choose CSet: 0.0 ms]
      [Ref Proc: 28.6 ms]
      [Ref Enq: 0.1 ms]
      [Redirty Cards: 0.1 ms]
      [Humongous Register: 0.0 ms]
      [Humongous Reclaim: 0.0 ms]
      [Free CSet: 0.1 ms]
   [Eden: 7152.0M(7152.0M)->0.0B(7136.0M) Survivors: 16384.0K->32768.0K Heap: 10805.3M(14336.0M)->3661.9M(14336.0M)]
 [Times: user=0.11 sys=0.00, real=0.05 secs] 
2022-10-02T16:58:46.538-0600: 278541.618: [GC concurrent-root-region-scan-start]
2022-10-02T16:58:46.547-0600: 278541.627: [GC concurrent-root-region-scan-end, 0.0091354 secs]
2022-10-02T16:58:46.547-0600: 278541.627: [GC concurrent-mark-start]
2022-10-02T16:58:47.868-0600: 278542.948: [GC concurrent-mark-end, 1.3204537 secs]
2022-10-02T16:58:47.868-0600: 278542.948: [GC remark 2022-10-02T16:58:47.868-0600: 278542.948: [Finalize Marking, 0.0018891 secs] 2022-10-02T16:58:47.870-0600: 278542.950: [GC ref-proc, 0.0234343 secs] 2022-10-02T16:58:47.893-0600: 278542.973: [Unloading, 0.0269552 secs], 0.0569441 secs]
 [Times: user=0.21 sys=0.00, real=0.06 secs] 
2022-10-02T16:58:47.925-0600: 278543.005: [GC cleanup 3765M->3765M(14336M), 0.0127414 secs]
 [Times: user=0.01 sys=0.00, real=0.01 secs] 
2022-10-02T17:00:30.888-0600: 278645.967: [GC pause (G1 Evacuation Pause) (young), 0.0193180 secs]
   [Parallel Time: 9.0 ms, GC Workers: 6]
      [GC Worker Start (ms): Min: 278645967.4, Avg: 278645969.1, Max: 278645972.7, Diff: 5.3]
      [Ext Root Scanning (ms): Min: 0.0, Avg: 1.1, Max: 3.0, Diff: 3.0, Sum: 6.8]
      [Update RS (ms): Min: 1.5, Avg: 3.8, Max: 4.6, Diff: 3.1, Sum: 22.9]
         [Processed Buffers: Min: 6, Avg: 15.0, Max: 26, Diff: 20, Sum: 90]
      [Scan RS (ms): Min: 0.0, Avg: 0.0, Max: 0.1, Diff: 0.1, Sum: 0.2]
      [Code Root Scanning (ms): Min: 0.0, Avg: 0.0, Max: 0.0, Diff: 0.0, Sum: 0.0]
      [Object Copy (ms): Min: 2.0, Avg: 2.2, Max: 2.3, Diff: 0.3, Sum: 13.2]
      [Termination (ms): Min: 0.0, Avg: 0.0, Max: 0.0, Diff: 0.0, Sum: 0.1]
         [Termination Attempts: Min: 6, Avg: 8.8, Max: 12, Diff: 6, Sum: 53]
      [GC Worker Other (ms): Min: 0.0, Avg: 0.0, Max: 0.0, Diff: 0.0, Sum: 0.1]
      [GC Worker Total (ms): Min: 3.6, Avg: 7.2, Max: 8.9, Diff: 5.3, Sum: 43.3]
      [GC Worker End (ms): Min: 278645976.3, Avg: 278645976.3, Max: 278645976.3, Diff: 0.0]
   [Code Root Fixup: 0.0 ms]
   [Code Root Purge: 0.0 ms]
   [Clear CT: 0.7 ms]
   [Other: 9.5 ms]
      [Choose CSet: 0.0 ms]
      [Ref Proc: 9.2 ms]
      [Ref Enq: 0.1 ms]
      [Redirty Cards: 0.1 ms]
      [Humongous Register: 0.0 ms]
      [Humongous Reclaim: 0.0 ms]
      [Free CSet: 0.1 ms]
   [Eden: 7136.0M(7136.0M)->0.0B(5712.0M) Survivors: 32768.0K->16384.0K Heap: 10797.9M(14336.0M)->3660.3M(14336.0M)]
 [Times: user=0.07 sys=0.00, real=0.02 secs] 
2022-10-02T17:01:53.036-0600: 278728.116: [GC pause (G1 Evacuation Pause) (mixed), 0.0306257 secs]
   [Parallel Time: 11.8 ms, GC Workers: 6]
      [GC Worker Start (ms): Min: 278728116.3, Avg: 278728119.1, Max: 278728127.9, Diff: 11.6]
      [Ext Root Scanning (ms): Min: 0.0, Avg: 1.2, Max: 3.6, Diff: 3.6, Sum: 6.9]
      [Update RS (ms): Min: 0.0, Avg: 2.0, Max: 3.4, Diff: 3.4, Sum: 11.7]
         [Processed Buffers: Min: 0, Avg: 11.5, Max: 19, Diff: 19, Sum: 69]
      [Scan RS (ms): Min: 0.0, Avg: 0.7, Max: 0.9, Diff: 0.9, Sum: 4.2]
      [Code Root Scanning (ms): Min: 0.0, Avg: 0.0, Max: 0.0, Diff: 0.0, Sum: 0.0]
      [Object Copy (ms): Min: 0.0, Avg: 4.5, Max: 5.5, Diff: 5.5, Sum: 27.2]
      [Termination (ms): Min: 0.0, Avg: 0.5, Max: 0.7, Diff: 0.7, Sum: 3.3]
         [Termination Attempts: Min: 1, Avg: 3.2, Max: 6, Diff: 5, Sum: 19]
      [GC Worker Other (ms): Min: 0.0, Avg: 0.0, Max: 0.0, Diff: 0.0, Sum: 0.0]
      [GC Worker Total (ms): Min: 0.0, Avg: 8.9, Max: 11.7, Diff: 11.7, Sum: 53.3]
      [GC Worker End (ms): Min: 278728127.9, Avg: 278728128.0, Max: 278728128.0, Diff: 0.0]
   [Code Root Fixup: 0.0 ms]
   [Code Root Purge: 0.0 ms]
   [Clear CT: 1.0 ms]
   [Other: 17.9 ms]
      [Choose CSet: 0.0 ms]
      [Ref Proc: 17.4 ms]
      [Ref Enq: 0.1 ms]
      [Redirty Cards: 0.1 ms]
      [Humongous Register: 0.0 ms]
      [Humongous Reclaim: 0.0 ms]
      [Free CSet: 0.2 ms]
   [Eden: 5712.0M(5712.0M)->0.0B(7152.0M) Survivors: 16384.0K->16384.0K Heap: 9372.3M(14336.0M)->3563.0M(14336.0M)]
 [Times: user=0.11 sys=0.00, real=0.03 secs] 
2022-10-02T17:03:34.640-0600: 278829.720: [GC pause (G1 Evacuation Pause) (young), 0.0248984 secs]
   [Parallel Time: 11.1 ms, GC Workers: 6]
      [GC Worker Start (ms): Min: 278829719.7, Avg: 278829723.1, Max: 278829728.7, Diff: 9.0]
      [Ext Root Scanning (ms): Min: 0.0, Avg: 1.1, Max: 3.3, Diff: 3.3, Sum: 6.7]
      [Update RS (ms): Min: 0.0, Avg: 4.3, Max: 6.5, Diff: 6.5, Sum: 26.1]
         [Processed Buffers: Min: 0, Avg: 22.7, Max: 39, Diff: 39, Sum: 136]
      [Scan RS (ms): Min: 0.0, Avg: 0.0, Max: 0.1, Diff: 0.1, Sum: 0.2]
      [Code Root Scanning (ms): Min: 0.0, Avg: 0.0, Max: 0.0, Diff: 0.0, Sum: 0.0]
      [Object Copy (ms): Min: 2.0, Avg: 2.2, Max: 2.4, Diff: 0.4, Sum: 13.3]
      [Termination (ms): Min: 0.0, Avg: 0.0, Max: 0.0, Diff: 0.0, Sum: 0.1]
         [Termination Attempts: Min: 1, Avg: 16.5, Max: 27, Diff: 26, Sum: 99]
      [GC Worker Other (ms): Min: 0.0, Avg: 0.0, Max: 0.0, Diff: 0.0, Sum: 0.1]
      [GC Worker Total (ms): Min: 2.1, Avg: 7.8, Max: 11.1, Diff: 9.0, Sum: 46.5]
      [GC Worker End (ms): Min: 278829730.8, Avg: 278829730.8, Max: 278829730.8, Diff: 0.0]
   [Code Root Fixup: 0.0 ms]
   [Code Root Purge: 0.0 ms]
   [Clear CT: 0.8 ms]
   [Other: 12.9 ms]
      [Choose CSet: 0.0 ms]
      [Ref Proc: 12.5 ms]
      [Ref Enq: 0.1 ms]
      [Redirty Cards: 0.1 ms]
      [Humongous Register: 0.0 ms]
      [Humongous Reclaim: 0.0 ms]
      [Free CSet: 0.1 ms]
   [Eden: 7152.0M(7152.0M)->0.0B(7152.0M) Survivors: 16384.0K->16384.0K Heap: 10715.0M(14336.0M)->3575.7M(14336.0M)]
 [Times: user=0.08 sys=0.00, real=0.02 secs] 
2022-10-02T17:05:21.189-0600: 278936.269: [GC pause (G1 Evacuation Pause) (young) (initial-mark), 0.0330047 secs]
   [Parallel Time: 16.2 ms, GC Workers: 6]
      [GC Worker Start (ms): Min: 278936270.6, Avg: 278936273.2, Max: 278936274.3, Diff: 3.7]
      [Ext Root Scanning (ms): Min: 2.0, Avg: 7.0, Max: 11.0, Diff: 9.0, Sum: 42.0]
      [Update RS (ms): Min: 0.0, Avg: 1.7, Max: 3.9, Diff: 3.9, Sum: 10.1]
         [Processed Buffers: Min: 0, Avg: 8.8, Max: 25, Diff: 25, Sum: 53]
      [Scan RS (ms): Min: 0.0, Avg: 0.0, Max: 0.1, Diff: 0.1, Sum: 0.2]
      [Code Root Scanning (ms): Min: 0.0, Avg: 0.0, Max: 0.0, Diff: 0.0, Sum: 0.0]
      [Object Copy (ms): Min: 0.0, Avg: 2.6, Max: 4.5, Diff: 4.5, Sum: 15.6]
      [Termination (ms): Min: 0.0, Avg: 0.9, Max: 1.2, Diff: 1.2, Sum: 5.2]
         [Termination Attempts: Min: 1, Avg: 10.3, Max: 19, Diff: 18, Sum: 62]
      [GC Worker Other (ms): Min: 0.0, Avg: 0.0, Max: 0.0, Diff: 0.0, Sum: 0.0]
      [GC Worker Total (ms): Min: 11.0, Avg: 12.2, Max: 14.8, Diff: 3.8, Sum: 73.2]
      [GC Worker End (ms): Min: 278936285.3, Avg: 278936285.4, Max: 278936285.4, Diff: 0.1]
   [Code Root Fixup: 0.0 ms]
   [Code Root Purge: 0.0 ms]
   [Clear CT: 0.8 ms]
   [Other: 16.1 ms]
      [Choose CSet: 0.0 ms]
      [Ref Proc: 15.7 ms]
      [Ref Enq: 0.1 ms]
      [Redirty Cards: 0.1 ms]
      [Humongous Register: 0.0 ms]
      [Humongous Reclaim: 0.0 ms]
      [Free CSet: 0.1 ms]
   [Eden: 7152.0M(7152.0M)->0.0B(7152.0M) Survivors: 16384.0K->16384.0K Heap: 10727.7M(14336.0M)->3578.6M(14336.0M)]
 [Times: user=0.08 sys=0.00, real=0.03 secs] 
2022-10-02T17:05:21.223-0600: 278936.302: [GC concurrent-root-region-scan-start]
2022-10-02T17:05:21.229-0600: 278936.309: [GC concurrent-root-region-scan-end, 0.0064807 secs]
2022-10-02T17:05:21.229-0600: 278936.309: [GC concurrent-mark-start]
2022-10-02T17:05:22.549-0600: 278937.629: [GC concurrent-mark-end, 1.3201822 secs]
2022-10-02T17:05:22.549-0600: 278937.629: [GC remark 2022-10-02T17:05:22.549-0600: 278937.629: [Finalize Marking, 0.0023285 secs] 2022-10-02T17:05:22.552-0600: 278937.632: [GC ref-proc, 0.0197208 secs] 2022-10-02T17:05:22.571-0600: 278937.651: [Unloading, 0.0272039 secs], 0.0555363 secs]
 [Times: user=0.21 sys=0.00, real=0.06 secs] 
2022-10-02T17:05:22.605-0600: 278937.685: [GC cleanup 3714M->3714M(14336M), 0.0072901 secs]
 [Times: user=0.02 sys=0.00, real=0.00 secs] 
2022-10-02T17:07:06.836-0600: 279041.916: [GC pause (G1 Evacuation Pause) (young), 0.0198527 secs]
   [Parallel Time: 6.9 ms, GC Workers: 6]
      [GC Worker Start (ms): Min: 279041916.3, Avg: 279041916.3, Max: 279041916.5, Diff: 0.2]
      [Ext Root Scanning (ms): Min: 1.0, Avg: 1.6, Max: 3.4, Diff: 2.5, Sum: 9.8]
      [Update RS (ms): Min: 0.6, Avg: 2.7, Max: 4.4, Diff: 3.8, Sum: 16.3]
         [Processed Buffers: Min: 1, Avg: 10.3, Max: 18, Diff: 17, Sum: 62]
      [Scan RS (ms): Min: 0.0, Avg: 0.0, Max: 0.1, Diff: 0.1, Sum: 0.2]
      [Code Root Scanning (ms): Min: 0.0, Avg: 0.0, Max: 0.0, Diff: 0.0, Sum: 0.0]
      [Object Copy (ms): Min: 0.0, Avg: 1.8, Max: 2.2, Diff: 2.2, Sum: 10.5]
      [Termination (ms): Min: 0.0, Avg: 0.6, Max: 0.7, Diff: 0.7, Sum: 3.4]
         [Termination Attempts: Min: 1, Avg: 2.0, Max: 3, Diff: 2, Sum: 12]
      [GC Worker Other (ms): Min: 0.0, Avg: 0.0, Max: 0.0, Diff: 0.0, Sum: 0.0]
      [GC Worker Total (ms): Min: 6.6, Avg: 6.7, Max: 6.8, Diff: 0.2, Sum: 40.3]
      [GC Worker End (ms): Min: 279041923.1, Avg: 279041923.1, Max: 279041923.1, Diff: 0.0]
   [Code Root Fixup: 0.0 ms]
   [Code Root Purge: 0.0 ms]
   [Clear CT: 0.8 ms]
   [Other: 12.2 ms]
      [Choose CSet: 0.0 ms]
      [Ref Proc: 11.9 ms]
      [Ref Enq: 0.1 ms]
      [Redirty Cards: 0.1 ms]
      [Humongous Register: 0.0 ms]
      [Humongous Reclaim: 0.0 ms]
      [Free CSet: 0.1 ms]
   [Eden: 7152.0M(7152.0M)->0.0B(5712.0M) Survivors: 16384.0K->16384.0K Heap: 10730.6M(14336.0M)->3580.0M(14336.0M)]
 [Times: user=0.07 sys=0.00, real=0.02 secs] 
2022-10-02T17:08:29.539-0600: 279124.619: [GC pause (G1 Evacuation Pause) (mixed), 0.0262537 secs]
   [Parallel Time: 14.0 ms, GC Workers: 6]
      [GC Worker Start (ms): Min: 279124618.9, Avg: 279124624.1, Max: 279124628.7, Diff: 9.8]
      [Ext Root Scanning (ms): Min: 0.0, Avg: 1.2, Max: 3.7, Diff: 3.7, Sum: 7.2]
      [Update RS (ms): Min: 0.0, Avg: 1.6, Max: 3.5, Diff: 3.5, Sum: 9.7]
         [Processed Buffers: Min: 0, Avg: 9.0, Max: 18, Diff: 18, Sum: 54]
      [Scan RS (ms): Min: 0.0, Avg: 1.2, Max: 1.9, Diff: 1.9, Sum: 7.3]
      [Code Root Scanning (ms): Min: 0.0, Avg: 0.0, Max: 0.1, Diff: 0.1, Sum: 0.1]
      [Object Copy (ms): Min: 3.4, Avg: 4.1, Max: 4.8, Diff: 1.3, Sum: 24.7]
      [Termination (ms): Min: 0.0, Avg: 0.5, Max: 0.6, Diff: 0.6, Sum: 3.1]
         [Termination Attempts: Min: 1, Avg: 35.7, Max: 54, Diff: 53, Sum: 214]
      [GC Worker Other (ms): Min: 0.0, Avg: 0.0, Max: 0.0, Diff: 0.0, Sum: 0.1]
      [GC Worker Total (ms): Min: 4.1, Avg: 8.7, Max: 13.9, Diff: 9.8, Sum: 52.1]
      [GC Worker End (ms): Min: 279124632.8, Avg: 279124632.8, Max: 279124632.8, Diff: 0.0]
   [Code Root Fixup: 0.0 ms]
   [Code Root Purge: 0.0 ms]
   [Clear CT: 0.8 ms]
   [Other: 11.5 ms]
      [Choose CSet: 0.0 ms]
      [Ref Proc: 11.1 ms]
      [Ref Enq: 0.1 ms]
      [Redirty Cards: 0.1 ms]
      [Humongous Register: 0.0 ms]
      [Humongous Reclaim: 0.0 ms]
      [Free CSet: 0.1 ms]
   [Eden: 5712.0M(5712.0M)->0.0B(7152.0M) Survivors: 16384.0K->16384.0K Heap: 9292.0M(14336.0M)->3539.5M(14336.0M)]
 [Times: user=0.08 sys=0.00, real=0.03 secs] 
2022-10-02T17:10:13.240-0600: 279228.320: [GC pause (G1 Evacuation Pause) (young), 0.0226193 secs]
   [Parallel Time: 12.6 ms, GC Workers: 6]
      [GC Worker Start (ms): Min: 279228319.6, Avg: 279228319.8, Max: 279228320.5, Diff: 0.9]
      [Ext Root Scanning (ms): Min: 0.6, Avg: 1.8, Max: 3.1, Diff: 2.5, Sum: 10.7]
      [Update RS (ms): Min: 5.7, Avg: 7.4, Max: 9.4, Diff: 3.6, Sum: 44.3]
         [Processed Buffers: Min: 7, Avg: 19.3, Max: 34, Diff: 27, Sum: 116]
      [Scan RS (ms): Min: 0.0, Avg: 0.0, Max: 0.1, Diff: 0.1, Sum: 0.2]
      [Code Root Scanning (ms): Min: 0.0, Avg: 0.0, Max: 0.0, Diff: 0.0, Sum: 0.0]
      [Object Copy (ms): Min: 0.0, Avg: 2.6, Max: 3.8, Diff: 3.8, Sum: 15.5]
      [Termination (ms): Min: 0.0, Avg: 0.5, Max: 0.8, Diff: 0.8, Sum: 3.2]
         [Termination Attempts: Min: 1, Avg: 1.8, Max: 3, Diff: 2, Sum: 11]
      [GC Worker Other (ms): Min: 0.0, Avg: 0.0, Max: 0.0, Diff: 0.0, Sum: 0.0]
      [GC Worker Total (ms): Min: 11.6, Avg: 12.3, Max: 12.5, Diff: 0.9, Sum: 74.0]
      [GC Worker End (ms): Min: 279228332.0, Avg: 279228332.1, Max: 279228332.1, Diff: 0.1]
   [Code Root Fixup: 0.0 ms]
   [Code Root Purge: 0.0 ms]
   [Clear CT: 0.9 ms]
   [Other: 9.1 ms]
      [Choose CSet: 0.0 ms]
      [Ref Proc: 8.7 ms]
      [Ref Enq: 0.1 ms]
      [Redirty Cards: 0.1 ms]
      [Humongous Register: 0.0 ms]
      [Humongous Reclaim: 0.0 ms]
      [Free CSet: 0.1 ms]
   [Eden: 7152.0M(7152.0M)->0.0B(7152.0M) Survivors: 16384.0K->16384.0K Heap: 10691.5M(14336.0M)->3545.7M(14336.0M)]
 [Times: user=0.07 sys=0.00, real=0.02 secs] 
2022-10-02T17:11:56.087-0600: 279331.167: [GC pause (G1 Evacuation Pause) (young) (initial-mark), 0.0260788 secs]
   [Parallel Time: 11.0 ms, GC Workers: 6]
      [GC Worker Start (ms): Min: 279331168.5, Avg: 279331169.0, Max: 279331170.6, Diff: 2.0]
      [Ext Root Scanning (ms): Min: 3.3, Avg: 5.1, Max: 8.3, Diff: 4.9, Sum: 30.3]
      [Update RS (ms): Min: 0.0, Avg: 2.2, Max: 2.8, Diff: 2.8, Sum: 13.0]
         [Processed Buffers: Min: 0, Avg: 11.0, Max: 14, Diff: 14, Sum: 66]
      [Scan RS (ms): Min: 0.0, Avg: 0.0, Max: 0.1, Diff: 0.1, Sum: 0.2]
      [Code Root Scanning (ms): Min: 0.0, Avg: 0.0, Max: 0.0, Diff: 0.0, Sum: 0.0]
      [Object Copy (ms): Min: 1.2, Avg: 1.9, Max: 2.3, Diff: 1.1, Sum: 11.6]
      [Termination (ms): Min: 0.0, Avg: 0.0, Max: 0.0, Diff: 0.0, Sum: 0.1]
         [Termination Attempts: Min: 1, Avg: 17.3, Max: 25, Diff: 24, Sum: 104]
      [GC Worker Other (ms): Min: 0.0, Avg: 0.0, Max: 0.0, Diff: 0.0, Sum: 0.1]
      [GC Worker Total (ms): Min: 7.6, Avg: 9.2, Max: 9.7, Diff: 2.0, Sum: 55.2]
      [GC Worker End (ms): Min: 279331178.2, Avg: 279331178.2, Max: 279331178.2, Diff: 0.0]
   [Code Root Fixup: 0.0 ms]
   [Code Root Purge: 0.0 ms]
   [Clear CT: 0.9 ms]
   [Other: 14.2 ms]
      [Choose CSet: 0.0 ms]
      [Ref Proc: 13.8 ms]
      [Ref Enq: 0.1 ms]
      [Redirty Cards: 0.1 ms]
      [Humongous Register: 0.0 ms]
      [Humongous Reclaim: 0.0 ms]
      [Free CSet: 0.1 ms]
   [Eden: 7152.0M(7152.0M)->0.0B(7152.0M) Survivors: 16384.0K->16384.0K Heap: 10697.7M(14336.0M)->3545.7M(14336.0M)]
 [Times: user=0.08 sys=0.00, real=0.03 secs] 
2022-10-02T17:11:56.114-0600: 279331.193: [GC concurrent-root-region-scan-start]
2022-10-02T17:11:56.121-0600: 279331.201: [GC concurrent-root-region-scan-end, 0.0079329 secs]
2022-10-02T17:11:56.121-0600: 279331.201: [GC concurrent-mark-start]
2022-10-02T17:11:57.443-0600: 279332.523: [GC concurrent-mark-end, 1.3212818 secs]
2022-10-02T17:11:57.443-0600: 279332.523: [GC remark 2022-10-02T17:11:57.443-0600: 279332.523: [Finalize Marking, 0.0023857 secs] 2022-10-02T17:11:57.445-0600: 279332.525: [GC ref-proc, 0.0267430 secs] 2022-10-02T17:11:57.472-0600: 279332.552: [Unloading, 0.0400293 secs], 0.0740696 secs]
 [Times: user=0.21 sys=0.00, real=0.08 secs] 
2022-10-02T17:11:57.517-0600: 279332.597: [GC cleanup 3681M->3681M(14336M), 0.0066235 secs]
 [Times: user=0.02 sys=0.00, real=0.00 secs] 
2022-10-02T17:13:38.370-0600: 279433.449: [GC pause (G1 Evacuation Pause) (young), 0.0235627 secs]
   [Parallel Time: 7.4 ms, GC Workers: 6]
      [GC Worker Start (ms): Min: 279433449.5, Avg: 279433451.8, Max: 279433456.7, Diff: 7.2]
      [Ext Root Scanning (ms): Min: 0.0, Avg: 1.1, Max: 3.4, Diff: 3.4, Sum: 6.9]
      [Update RS (ms): Min: 0.0, Avg: 1.8, Max: 3.1, Diff: 3.1, Sum: 10.8]
         [Processed Buffers: Min: 0, Avg: 9.2, Max: 16, Diff: 16, Sum: 55]
      [Scan RS (ms): Min: 0.0, Avg: 0.0, Max: 0.1, Diff: 0.1, Sum: 0.2]
      [Code Root Scanning (ms): Min: 0.0, Avg: 0.0, Max: 0.0, Diff: 0.0, Sum: 0.0]
      [Object Copy (ms): Min: 0.0, Avg: 2.0, Max: 2.6, Diff: 2.6, Sum: 11.8]
      [Termination (ms): Min: 0.0, Avg: 0.0, Max: 0.0, Diff: 0.0, Sum: 0.0]
         [Termination Attempts: Min: 1, Avg: 9.0, Max: 16, Diff: 15, Sum: 54]
      [GC Worker Other (ms): Min: 0.0, Avg: 0.0, Max: 0.0, Diff: 0.0, Sum: 0.1]
      [GC Worker Total (ms): Min: 0.1, Avg: 5.0, Max: 7.3, Diff: 7.3, Sum: 29.9]
      [GC Worker End (ms): Min: 279433456.8, Avg: 279433456.8, Max: 279433456.8, Diff: 0.0]
   [Code Root Fixup: 0.0 ms]
   [Code Root Purge: 0.0 ms]
   [Clear CT: 0.8 ms]
   [Other: 15.3 ms]
      [Choose CSet: 0.0 ms]
      [Ref Proc: 14.9 ms]
      [Ref Enq: 0.1 ms]
      [Redirty Cards: 0.1 ms]
      [Humongous Register: 0.0 ms]
      [Humongous Reclaim: 0.0 ms]
      [Free CSet: 0.1 ms]
   [Eden: 7152.0M(7152.0M)->0.0B(7152.0M) Survivors: 16384.0K->16384.0K Heap: 10697.7M(14336.0M)->3547.4M(14336.0M)]
 [Times: user=0.08 sys=0.00, real=0.03 secs] 
2022-10-02T17:15:19.336-0600: 279534.416: [GC pause (G1 Evacuation Pause) (young), 0.0269712 secs]
   [Parallel Time: 7.3 ms, GC Workers: 6]
      [GC Worker Start (ms): Min: 279534415.9, Avg: 279534417.3, Max: 279534423.0, Diff: 7.2]
      [Ext Root Scanning (ms): Min: 0.0, Avg: 1.2, Max: 3.5, Diff: 3.5, Sum: 7.3]
      [Update RS (ms): Min: 0.0, Avg: 1.9, Max: 2.9, Diff: 2.9, Sum: 11.6]
         [Processed Buffers: Min: 0, Avg: 9.8, Max: 24, Diff: 24, Sum: 59]
      [Scan RS (ms): Min: 0.0, Avg: 0.0, Max: 0.1, Diff: 0.1, Sum: 0.2]
      [Code Root Scanning (ms): Min: 0.0, Avg: 0.0, Max: 0.0, Diff: 0.0, Sum: 0.0]
      [Object Copy (ms): Min: 0.0, Avg: 2.0, Max: 2.5, Diff: 2.5, Sum: 11.8]
      [Termination (ms): Min: 0.0, Avg: 0.6, Max: 0.7, Diff: 0.7, Sum: 3.5]
         [Termination Attempts: Min: 1, Avg: 29.2, Max: 55, Diff: 54, Sum: 175]
      [GC Worker Other (ms): Min: 0.0, Avg: 0.0, Max: 0.0, Diff: 0.0, Sum: 0.0]
      [GC Worker Total (ms): Min: 0.0, Avg: 5.7, Max: 7.2, Diff: 7.2, Sum: 34.3]
      [GC Worker End (ms): Min: 279534423.0, Avg: 279534423.1, Max: 279534423.1, Diff: 0.0]
   [Code Root Fixup: 0.0 ms]
   [Code Root Purge: 0.0 ms]
   [Clear CT: 0.8 ms]
   [Other: 18.8 ms]
      [Choose CSet: 0.0 ms]
      [Ref Proc: 18.4 ms]
      [Ref Enq: 0.1 ms]
      [Redirty Cards: 0.1 ms]
      [Humongous Register: 0.0 ms]
      [Humongous Reclaim: 0.0 ms]
      [Free CSet: 0.1 ms]
   [Eden: 7152.0M(7152.0M)->0.0B(7152.0M) Survivors: 16384.0K->16384.0K Heap: 10699.4M(14336.0M)->3547.8M(14336.0M)]
 [Times: user=0.08 sys=0.00, real=0.02 secs] 
2022-10-02T17:16:59.889-0600: 279634.969: [GC pause (G1 Evacuation Pause) (young) (initial-mark), 0.0253514 secs]
   [Parallel Time: 17.4 ms, GC Workers: 6]
      [GC Worker Start (ms): Min: 279634970.2, Avg: 279634973.6, Max: 279634974.7, Diff: 4.5]
      [Ext Root Scanning (ms): Min: 1.3, Avg: 7.4, Max: 11.2, Diff: 9.9, Sum: 44.2]
      [Update RS (ms): Min: 0.0, Avg: 1.8, Max: 6.1, Diff: 6.1, Sum: 10.5]
         [Processed Buffers: Min: 0, Avg: 9.7, Max: 30, Diff: 30, Sum: 58]
      [Scan RS (ms): Min: 0.0, Avg: 0.0, Max: 0.1, Diff: 0.1, Sum: 0.2]
      [Code Root Scanning (ms): Min: 0.0, Avg: 0.0, Max: 0.0, Diff: 0.0, Sum: 0.0]
      [Object Copy (ms): Min: 0.0, Avg: 2.4, Max: 3.0, Diff: 3.0, Sum: 14.6]
      [Termination (ms): Min: 0.0, Avg: 0.8, Max: 1.0, Diff: 1.0, Sum: 4.9]
         [Termination Attempts: Min: 1, Avg: 41.3, Max: 70, Diff: 69, Sum: 248]
      [GC Worker Other (ms): Min: 0.0, Avg: 0.0, Max: 0.0, Diff: 0.0, Sum: 0.0]
      [GC Worker Total (ms): Min: 11.2, Avg: 12.4, Max: 15.9, Diff: 4.6, Sum: 74.5]
      [GC Worker End (ms): Min: 279634985.9, Avg: 279634986.0, Max: 279634986.0, Diff: 0.1]
   [Code Root Fixup: 0.0 ms]
   [Code Root Purge: 0.0 ms]
   [Clear CT: 0.5 ms]
   [Other: 7.5 ms]
      [Choose CSet: 0.0 ms]
      [Ref Proc: 7.1 ms]
      [Ref Enq: 0.1 ms]
      [Redirty Cards: 0.1 ms]
      [Humongous Register: 0.0 ms]
      [Humongous Reclaim: 0.0 ms]
      [Free CSet: 0.1 ms]
   [Eden: 7152.0M(7152.0M)->0.0B(7152.0M) Survivors: 16384.0K->16384.0K Heap: 10699.8M(14336.0M)->3548.4M(14336.0M)]
 [Times: user=0.06 sys=0.00, real=0.03 secs] 
2022-10-02T17:16:59.914-0600: 279634.994: [GC concurrent-root-region-scan-start]
2022-10-02T17:16:59.921-0600: 279635.001: [GC concurrent-root-region-scan-end, 0.0064128 secs]
2022-10-02T17:16:59.921-0600: 279635.001: [GC concurrent-mark-start]
2022-10-02T17:17:01.250-0600: 279636.330: [GC concurrent-mark-end, 1.3290063 secs]
2022-10-02T17:17:01.250-0600: 279636.330: [GC remark 2022-10-02T17:17:01.250-0600: 279636.330: [Finalize Marking, 0.0018642 secs] 2022-10-02T17:17:01.252-0600: 279636.332: [GC ref-proc, 0.0191403 secs] 2022-10-02T17:17:01.271-0600: 279636.351: [Unloading, 0.0292197 secs], 0.0554142 secs]
 [Times: user=0.19 sys=0.00, real=0.06 secs] 
2022-10-02T17:17:01.306-0600: 279636.385: [GC cleanup 3668M->3668M(14336M), 0.0081681 secs]
 [Times: user=0.03 sys=0.00, real=0.01 secs] 
2022-10-02T17:18:39.736-0600: 279734.816: [GC pause (G1 Evacuation Pause) (young), 0.0161229 secs]
   [Parallel Time: 5.9 ms, GC Workers: 6]
      [GC Worker Start (ms): Min: 279734815.6, Avg: 279734815.8, Max: 279734816.7, Diff: 1.1]
      [Ext Root Scanning (ms): Min: 0.1, Avg: 1.3, Max: 3.4, Diff: 3.3, Sum: 7.8]
      [Update RS (ms): Min: 0.4, Avg: 2.1, Max: 2.5, Diff: 2.1, Sum: 12.9]
         [Processed Buffers: Min: 1, Avg: 10.0, Max: 15, Diff: 14, Sum: 60]
      [Scan RS (ms): Min: 0.0, Avg: 0.0, Max: 0.1, Diff: 0.1, Sum: 0.2]
      [Code Root Scanning (ms): Min: 0.0, Avg: 0.0, Max: 0.0, Diff: 0.0, Sum: 0.0]
      [Object Copy (ms): Min: 1.9, Avg: 2.0, Max: 2.1, Diff: 0.2, Sum: 12.2]
      [Termination (ms): Min: 0.0, Avg: 0.0, Max: 0.1, Diff: 0.0, Sum: 0.2]
         [Termination Attempts: Min: 22, Avg: 30.5, Max: 41, Diff: 19, Sum: 183]
      [GC Worker Other (ms): Min: 0.0, Avg: 0.0, Max: 0.0, Diff: 0.0, Sum: 0.0]
      [GC Worker Total (ms): Min: 4.7, Avg: 5.6, Max: 5.8, Diff: 1.1, Sum: 33.4]
      [GC Worker End (ms): Min: 279734821.4, Avg: 279734821.4, Max: 279734821.4, Diff: 0.0]
   [Code Root Fixup: 0.0 ms]
   [Code Root Purge: 0.0 ms]
   [Clear CT: 0.9 ms]
   [Other: 9.3 ms]
      [Choose CSet: 0.0 ms]
      [Ref Proc: 8.9 ms]
      [Ref Enq: 0.1 ms]
      [Redirty Cards: 0.1 ms]
      [Humongous Register: 0.0 ms]
      [Humongous Reclaim: 0.0 ms]
      [Free CSet: 0.1 ms]
   [Eden: 7152.0M(7152.0M)->0.0B(7152.0M) Survivors: 16384.0K->16384.0K Heap: 10700.4M(14336.0M)->3549.7M(14336.0M)]
 [Times: user=0.06 sys=0.00, real=0.01 secs] 
2022-10-02T17:20:21.988-0600: 279837.068: [GC pause (G1 Evacuation Pause) (young), 0.0207504 secs]
   [Parallel Time: 9.5 ms, GC Workers: 6]
      [GC Worker Start (ms): Min: 279837068.3, Avg: 279837069.9, Max: 279837072.7, Diff: 4.4]
      [Ext Root Scanning (ms): Min: 0.0, Avg: 1.4, Max: 2.9, Diff: 2.9, Sum: 8.7]
      [Update RS (ms): Min: 0.0, Avg: 2.7, Max: 7.2, Diff: 7.2, Sum: 16.3]
         [Processed Buffers: Min: 0, Avg: 8.3, Max: 12, Diff: 12, Sum: 50]
      [Scan RS (ms): Min: 0.0, Avg: 0.0, Max: 0.1, Diff: 0.1, Sum: 0.2]
      [Code Root Scanning (ms): Min: 0.0, Avg: 0.0, Max: 0.0, Diff: 0.0, Sum: 0.0]
      [Object Copy (ms): Min: 0.2, Avg: 3.2, Max: 6.8, Diff: 6.6, Sum: 19.2]
      [Termination (ms): Min: 0.0, Avg: 0.5, Max: 0.7, Diff: 0.7, Sum: 3.1]
         [Termination Attempts: Min: 1, Avg: 23.0, Max: 30, Diff: 29, Sum: 138]
      [GC Worker Other (ms): Min: 0.0, Avg: 0.0, Max: 0.0, Diff: 0.0, Sum: 0.1]
      [GC Worker Total (ms): Min: 5.1, Avg: 7.9, Max: 9.5, Diff: 4.4, Sum: 47.5]
      [GC Worker End (ms): Min: 279837077.8, Avg: 279837077.8, Max: 279837077.8, Diff: 0.0]
   [Code Root Fixup: 0.0 ms]
   [Code Root Purge: 0.0 ms]
   [Clear CT: 0.7 ms]
   [Other: 10.5 ms]
      [Choose CSet: 0.0 ms]
      [Ref Proc: 10.1 ms]
      [Ref Enq: 0.1 ms]
      [Redirty Cards: 0.1 ms]
      [Humongous Register: 0.0 ms]
      [Humongous Reclaim: 0.0 ms]
      [Free CSet: 0.1 ms]
   [Eden: 7152.0M(7152.0M)->0.0B(7152.0M) Survivors: 16384.0K->16384.0K Heap: 10701.7M(14336.0M)->3554.5M(14336.0M)]
 [Times: user=0.07 sys=0.00, real=0.02 secs] 
2022-10-02T17:22:02.888-0600: 279937.968: [GC pause (G1 Evacuation Pause) (young) (initial-mark), 0.0222433 secs]
   [Parallel Time: 14.0 ms, GC Workers: 6]
      [GC Worker Start (ms): Min: 279937969.3, Avg: 279937971.5, Max: 279937972.6, Diff: 3.3]
      [Ext Root Scanning (ms): Min: 2.0, Avg: 5.4, Max: 12.3, Diff: 10.2, Sum: 32.5]
      [Update RS (ms): Min: 0.0, Avg: 2.1, Max: 4.0, Diff: 4.0, Sum: 12.4]
         [Processed Buffers: Min: 0, Avg: 9.8, Max: 17, Diff: 17, Sum: 59]
      [Scan RS (ms): Min: 0.0, Avg: 0.0, Max: 0.1, Diff: 0.1, Sum: 0.2]
      [Code Root Scanning (ms): Min: 0.0, Avg: 0.0, Max: 0.0, Diff: 0.0, Sum: 0.0]
      [Object Copy (ms): Min: 0.2, Avg: 2.0, Max: 2.5, Diff: 2.3, Sum: 11.8]
      [Termination (ms): Min: 0.0, Avg: 1.0, Max: 1.2, Diff: 1.2, Sum: 5.8]
         [Termination Attempts: Min: 1, Avg: 23.5, Max: 35, Diff: 34, Sum: 141]
      [GC Worker Other (ms): Min: 0.0, Avg: 0.0, Max: 0.0, Diff: 0.0, Sum: 0.0]
      [GC Worker Total (ms): Min: 9.4, Avg: 10.5, Max: 12.7, Diff: 3.3, Sum: 62.8]
      [GC Worker End (ms): Min: 279937981.8, Avg: 279937982.0, Max: 279937982.0, Diff: 0.2]
   [Code Root Fixup: 0.0 ms]
   [Code Root Purge: 0.0 ms]
   [Clear CT: 0.8 ms]
   [Other: 7.4 ms]
      [Choose CSet: 0.0 ms]
      [Ref Proc: 7.0 ms]
      [Ref Enq: 0.1 ms]
      [Redirty Cards: 0.1 ms]
      [Humongous Register: 0.0 ms]
      [Humongous Reclaim: 0.0 ms]
      [Free CSet: 0.1 ms]
   [Eden: 7152.0M(7152.0M)->0.0B(7152.0M) Survivors: 16384.0K->16384.0K Heap: 10706.5M(14336.0M)->3551.2M(14336.0M)]
 [Times: user=0.07 sys=0.00, real=0.02 secs] 
2022-10-02T17:22:02.910-0600: 279937.990: [GC concurrent-root-region-scan-start]
2022-10-02T17:22:02.917-0600: 279937.997: [GC concurrent-root-region-scan-end, 0.0066214 secs]
2022-10-02T17:22:02.917-0600: 279937.997: [GC concurrent-mark-start]
2022-10-02T17:22:04.254-0600: 279939.334: [GC concurrent-mark-end, 1.3370689 secs]
2022-10-02T17:22:04.254-0600: 279939.334: [GC remark 2022-10-02T17:22:04.254-0600: 279939.334: [Finalize Marking, 0.0023364 secs] 2022-10-02T17:22:04.257-0600: 279939.336: [GC ref-proc, 0.0236191 secs] 2022-10-02T17:22:04.280-0600: 279939.360: [Unloading, 0.0336624 secs], 0.0642306 secs]
 [Times: user=0.21 sys=0.00, real=0.06 secs] 
2022-10-02T17:22:04.319-0600: 279939.399: [GC cleanup 3655M->3655M(14336M), 0.0078756 secs]
 [Times: user=0.02 sys=0.00, real=0.01 secs] 
2022-10-02T17:23:43.340-0600: 280038.420: [GC pause (G1 Evacuation Pause) (young), 0.0190308 secs]
   [Parallel Time: 6.9 ms, GC Workers: 6]
      [GC Worker Start (ms): Min: 280038420.2, Avg: 280038420.3, Max: 280038420.7, Diff: 0.5]
      [Ext Root Scanning (ms): Min: 0.8, Avg: 2.6, Max: 4.5, Diff: 3.7, Sum: 15.7]
      [Update RS (ms): Min: 0.0, Avg: 1.6, Max: 2.9, Diff: 2.9, Sum: 9.7]
         [Processed Buffers: Min: 0, Avg: 9.3, Max: 19, Diff: 19, Sum: 56]
      [Scan RS (ms): Min: 0.0, Avg: 0.0, Max: 0.1, Diff: 0.1, Sum: 0.2]
      [Code Root Scanning (ms): Min: 0.0, Avg: 0.0, Max: 0.0, Diff: 0.0, Sum: 0.0]
      [Object Copy (ms): Min: 2.3, Avg: 2.4, Max: 2.6, Diff: 0.3, Sum: 14.5]
      [Termination (ms): Min: 0.0, Avg: 0.0, Max: 0.0, Diff: 0.0, Sum: 0.0]
         [Termination Attempts: Min: 1, Avg: 5.2, Max: 8, Diff: 7, Sum: 31]
      [GC Worker Other (ms): Min: 0.0, Avg: 0.0, Max: 0.0, Diff: 0.0, Sum: 0.1]
      [GC Worker Total (ms): Min: 6.3, Avg: 6.7, Max: 6.8, Diff: 0.5, Sum: 40.2]
      [GC Worker End (ms): Min: 280038427.0, Avg: 280038427.0, Max: 280038427.1, Diff: 0.0]
   [Code Root Fixup: 0.0 ms]
   [Code Root Purge: 0.0 ms]
   [Clear CT: 0.8 ms]
   [Other: 11.4 ms]
      [Choose CSet: 0.0 ms]
      [Ref Proc: 11.0 ms]
      [Ref Enq: 0.1 ms]
      [Redirty Cards: 0.1 ms]
      [Humongous Register: 0.0 ms]
      [Humongous Reclaim: 0.0 ms]
      [Free CSet: 0.1 ms]
   [Eden: 7152.0M(7152.0M)->0.0B(7152.0M) Survivors: 16384.0K->16384.0K Heap: 10703.2M(14336.0M)->3552.9M(14336.0M)]
 [Times: user=0.06 sys=0.00, real=0.02 secs] 
2022-10-02T17:24:44.273-0600: 280099.353: [GC pause (G1 Humongous Allocation) (young) (initial-mark), 0.0228907 secs]
   [Parallel Time: 13.7 ms, GC Workers: 6]
      [GC Worker Start (ms): Min: 280099354.0, Avg: 280099356.1, Max: 280099357.3, Diff: 3.3]
      [Ext Root Scanning (ms): Min: 2.1, Avg: 5.2, Max: 11.9, Diff: 9.8, Sum: 31.3]
      [Update RS (ms): Min: 0.0, Avg: 2.2, Max: 3.8, Diff: 3.8, Sum: 13.4]
         [Processed Buffers: Min: 0, Avg: 10.5, Max: 24, Diff: 24, Sum: 63]
      [Scan RS (ms): Min: 0.0, Avg: 0.0, Max: 0.0, Diff: 0.0, Sum: 0.1]
      [Code Root Scanning (ms): Min: 0.0, Avg: 0.0, Max: 0.0, Diff: 0.0, Sum: 0.0]
      [Object Copy (ms): Min: 0.2, Avg: 2.2, Max: 2.7, Diff: 2.4, Sum: 13.1]
      [Termination (ms): Min: 0.0, Avg: 0.4, Max: 0.6, Diff: 0.6, Sum: 2.5]
         [Termination Attempts: Min: 1, Avg: 2.0, Max: 3, Diff: 2, Sum: 12]
      [GC Worker Other (ms): Min: 0.0, Avg: 0.0, Max: 0.0, Diff: 0.0, Sum: 0.1]
      [GC Worker Total (ms): Min: 8.8, Avg: 10.1, Max: 12.3, Diff: 3.5, Sum: 60.5]
      [GC Worker End (ms): Min: 280099366.1, Avg: 280099366.2, Max: 280099366.3, Diff: 0.2]
   [Code Root Fixup: 0.0 ms]
   [Code Root Purge: 0.0 ms]
   [Clear CT: 0.3 ms]
   [Other: 8.8 ms]
      [Choose CSet: 0.0 ms]
      [Ref Proc: 8.5 ms]
      [Ref Enq: 0.1 ms]
      [Redirty Cards: 0.1 ms]
      [Humongous Register: 0.0 ms]
      [Humongous Reclaim: 0.0 ms]
      [Free CSet: 0.1 ms]
   [Eden: 4336.0M(7152.0M)->0.0B(7152.0M) Survivors: 16384.0K->16384.0K Heap: 7881.8M(14336.0M)->3560.9M(14336.0M)]
 [Times: user=0.07 sys=0.00, real=0.03 secs] 
2022-10-02T17:24:44.296-0600: 280099.376: [GC concurrent-root-region-scan-start]
2022-10-02T17:24:44.306-0600: 280099.386: [GC concurrent-root-region-scan-end, 0.0102850 secs]
2022-10-02T17:24:44.306-0600: 280099.386: [GC concurrent-mark-start]
2022-10-02T17:24:45.652-0600: 280100.732: [GC concurrent-mark-end, 1.3457950 secs]
2022-10-02T17:24:45.652-0600: 280100.732: [GC remark 2022-10-02T17:24:45.652-0600: 280100.732: [Finalize Marking, 0.0020392 secs] 2022-10-02T17:24:45.654-0600: 280100.734: [GC ref-proc, 0.0214164 secs] 2022-10-02T17:24:45.675-0600: 280100.755: [Unloading, 0.0288650 secs], 0.0569260 secs]
 [Times: user=0.21 sys=0.00, real=0.06 secs] 
2022-10-02T17:24:45.709-0600: 280100.789: [GC cleanup 3688M->3688M(14336M), 0.0087537 secs]
 [Times: user=0.02 sys=0.00, real=0.01 secs] 
2022-10-02T17:26:05.046-0600: 280180.126: [GC pause (G1 Evacuation Pause) (young), 0.0278207 secs]
   [Parallel Time: 16.0 ms, GC Workers: 6]
      [GC Worker Start (ms): Min: 280180126.4, Avg: 280180126.4, Max: 280180126.5, Diff: 0.1]
      [Ext Root Scanning (ms): Min: 0.8, Avg: 1.5, Max: 3.5, Diff: 2.7, Sum: 8.9]
      [Update RS (ms): Min: 2.8, Avg: 4.7, Max: 5.3, Diff: 2.5, Sum: 27.9]
         [Processed Buffers: Min: 29, Avg: 38.2, Max: 54, Diff: 25, Sum: 229]
      [Scan RS (ms): Min: 0.0, Avg: 0.0, Max: 0.1, Diff: 0.1, Sum: 0.3]
      [Code Root Scanning (ms): Min: 0.0, Avg: 0.0, Max: 0.0, Diff: 0.0, Sum: 0.0]
      [Object Copy (ms): Min: 9.6, Avg: 9.7, Max: 9.8, Diff: 0.1, Sum: 58.2]
      [Termination (ms): Min: 0.0, Avg: 0.0, Max: 0.0, Diff: 0.0, Sum: 0.0]
         [Termination Attempts: Min: 1, Avg: 1.0, Max: 1, Diff: 0, Sum: 6]
      [GC Worker Other (ms): Min: 0.0, Avg: 0.0, Max: 0.0, Diff: 0.0, Sum: 0.1]
      [GC Worker Total (ms): Min: 15.9, Avg: 15.9, Max: 15.9, Diff: 0.1, Sum: 95.4]
      [GC Worker End (ms): Min: 280180142.3, Avg: 280180142.4, Max: 280180142.4, Diff: 0.0]
   [Code Root Fixup: 0.0 ms]
   [Code Root Purge: 0.0 ms]
   [Clear CT: 0.9 ms]
   [Other: 10.9 ms]
      [Choose CSet: 0.0 ms]
      [Ref Proc: 10.5 ms]
      [Ref Enq: 0.1 ms]
      [Redirty Cards: 0.1 ms]
      [Humongous Register: 0.0 ms]
      [Humongous Reclaim: 0.0 ms]
      [Free CSet: 0.1 ms]
   [Eden: 7152.0M(7152.0M)->0.0B(7104.0M) Survivors: 16384.0K->65536.0K Heap: 10728.9M(14336.0M)->3613.8M(14336.0M)]
 [Times: user=0.12 sys=0.00, real=0.03 secs] 
2022-10-02T17:27:23.500-0600: 280258.579: [GC pause (G1 Evacuation Pause) (young), 0.0288205 secs]
   [Parallel Time: 15.9 ms, GC Workers: 6]
      [GC Worker Start (ms): Min: 280258579.5, Avg: 280258581.7, Max: 280258590.1, Diff: 10.7]
      [Ext Root Scanning (ms): Min: 0.0, Avg: 1.1, Max: 3.2, Diff: 3.2, Sum: 6.8]
      [Update RS (ms): Min: 0.0, Avg: 2.8, Max: 3.8, Diff: 3.8, Sum: 16.9]
         [Processed Buffers: Min: 0, Avg: 12.3, Max: 31, Diff: 31, Sum: 74]
      [Scan RS (ms): Min: 0.0, Avg: 0.0, Max: 0.1, Diff: 0.1, Sum: 0.2]
      [Code Root Scanning (ms): Min: 0.0, Avg: 0.0, Max: 0.0, Diff: 0.0, Sum: 0.0]
      [Object Copy (ms): Min: 5.1, Avg: 9.6, Max: 10.7, Diff: 5.5, Sum: 57.7]
      [Termination (ms): Min: 0.0, Avg: 0.0, Max: 0.0, Diff: 0.0, Sum: 0.0]
         [Termination Attempts: Min: 1, Avg: 6.7, Max: 15, Diff: 14, Sum: 40]
      [GC Worker Other (ms): Min: 0.0, Avg: 0.0, Max: 0.0, Diff: 0.0, Sum: 0.1]
      [GC Worker Total (ms): Min: 5.2, Avg: 13.6, Max: 15.8, Diff: 10.6, Sum: 81.9]
      [GC Worker End (ms): Min: 280258595.3, Avg: 280258595.3, Max: 280258595.3, Diff: 0.0]
   [Code Root Fixup: 0.0 ms]
   [Code Root Purge: 0.0 ms]
   [Clear CT: 0.6 ms]
   [Other: 12.3 ms]
      [Choose CSet: 0.0 ms]
      [Ref Proc: 11.8 ms]
      [Ref Enq: 0.1 ms]
      [Redirty Cards: 0.1 ms]
      [Humongous Register: 0.0 ms]
      [Humongous Reclaim: 0.0 ms]
      [Free CSet: 0.2 ms]
   [Eden: 7104.0M(7104.0M)->0.0B(7072.0M) Survivors: 65536.0K->98304.0K Heap: 10717.8M(14336.0M)->3693.1M(14336.0M)]
 [Times: user=0.11 sys=0.00, real=0.03 secs] 
2022-10-02T17:28:41.521-0600: 280336.601: [GC pause (G1 Evacuation Pause) (young) (initial-mark), 0.0354978 secs]
   [Parallel Time: 22.7 ms, GC Workers: 6]
      [GC Worker Start (ms): Min: 280336602.6, Avg: 280336605.1, Max: 280336606.2, Diff: 3.6]
      [Ext Root Scanning (ms): Min: 2.3, Avg: 4.0, Max: 7.2, Diff: 4.9, Sum: 24.2]
      [Update RS (ms): Min: 9.2, Avg: 10.0, Max: 10.7, Diff: 1.4, Sum: 59.8]
         [Processed Buffers: Min: 25, Avg: 44.3, Max: 64, Diff: 39, Sum: 266]
      [Scan RS (ms): Min: 0.0, Avg: 0.0, Max: 0.1, Diff: 0.1, Sum: 0.2]
      [Code Root Scanning (ms): Min: 0.0, Avg: 0.0, Max: 0.0, Diff: 0.0, Sum: 0.0]
      [Object Copy (ms): Min: 4.4, Avg: 4.6, Max: 4.8, Diff: 0.4, Sum: 27.9]
      [Termination (ms): Min: 0.0, Avg: 0.0, Max: 0.0, Diff: 0.0, Sum: 0.0]
         [Termination Attempts: Min: 1, Avg: 4.8, Max: 9, Diff: 8, Sum: 29]
      [GC Worker Other (ms): Min: 0.0, Avg: 0.0, Max: 0.0, Diff: 0.0, Sum: 0.1]
      [GC Worker Total (ms): Min: 17.6, Avg: 18.7, Max: 21.2, Diff: 3.6, Sum: 112.2]
      [GC Worker End (ms): Min: 280336623.8, Avg: 280336623.8, Max: 280336623.8, Diff: 0.0]
   [Code Root Fixup: 0.0 ms]
   [Code Root Purge: 0.0 ms]
   [Clear CT: 0.9 ms]
   [Other: 11.9 ms]
      [Choose CSet: 0.0 ms]
      [Ref Proc: 11.4 ms]
      [Ref Enq: 0.1 ms]
      [Redirty Cards: 0.1 ms]
      [Humongous Register: 0.0 ms]
      [Humongous Reclaim: 0.0 ms]
      [Free CSet: 0.1 ms]
   [Eden: 7072.0M(7072.0M)->0.0B(7136.0M) Survivors: 98304.0K->32768.0K Heap: 10765.1M(14336.0M)->3660.5M(14336.0M)]
 [Times: user=0.12 sys=0.00, real=0.04 secs] 
2022-10-02T17:28:41.557-0600: 280336.637: [GC concurrent-root-region-scan-start]
2022-10-02T17:28:41.567-0600: 280336.647: [GC concurrent-root-region-scan-end, 0.0102353 secs]
2022-10-02T17:28:41.567-0600: 280336.647: [GC concurrent-mark-start]
2022-10-02T17:28:42.938-0600: 280338.018: [GC concurrent-mark-end, 1.3710591 secs]
2022-10-02T17:28:42.938-0600: 280338.018: [GC remark 2022-10-02T17:28:42.938-0600: 280338.018: [Finalize Marking, 0.0017110 secs] 2022-10-02T17:28:42.940-0600: 280338.020: [GC ref-proc, 0.0214020 secs] 2022-10-02T17:28:42.962-0600: 280338.041: [Unloading, 0.0264964 secs], 0.0597725 secs]
 [Times: user=0.21 sys=0.00, real=0.06 secs] 
2022-10-02T17:28:42.999-0600: 280338.078: [GC cleanup 3820M->3820M(14336M), 0.0091595 secs]
 [Times: user=0.03 sys=0.00, real=0.01 secs] 
2022-10-02T17:30:02.039-0600: 280417.119: [GC pause (G1 Evacuation Pause) (young), 0.0246719 secs]
   [Parallel Time: 14.2 ms, GC Workers: 6]
      [GC Worker Start (ms): Min: 280417118.8, Avg: 280417120.1, Max: 280417122.7, Diff: 4.0]
      [Ext Root Scanning (ms): Min: 0.0, Avg: 1.3, Max: 3.3, Diff: 3.3, Sum: 7.5]
      [Update RS (ms): Min: 4.7, Avg: 6.2, Max: 8.1, Diff: 3.5, Sum: 37.3]
         [Processed Buffers: Min: 23, Avg: 32.2, Max: 43, Diff: 20, Sum: 193]
      [Scan RS (ms): Min: 0.0, Avg: 0.0, Max: 0.1, Diff: 0.1, Sum: 0.2]
      [Code Root Scanning (ms): Min: 0.0, Avg: 0.0, Max: 0.0, Diff: 0.0, Sum: 0.0]
      [Object Copy (ms): Min: 2.5, Avg: 4.0, Max: 5.2, Diff: 2.7, Sum: 24.1]
      [Termination (ms): Min: 0.0, Avg: 1.1, Max: 1.4, Diff: 1.4, Sum: 6.8]
         [Termination Attempts: Min: 1, Avg: 1.3, Max: 3, Diff: 2, Sum: 8]
      [GC Worker Other (ms): Min: 0.0, Avg: 0.0, Max: 0.0, Diff: 0.0, Sum: 0.0]
      [GC Worker Total (ms): Min: 10.1, Avg: 12.7, Max: 14.0, Diff: 3.9, Sum: 76.0]
      [GC Worker End (ms): Min: 280417132.7, Avg: 280417132.8, Max: 280417132.9, Diff: 0.2]
   [Code Root Fixup: 0.0 ms]
   [Code Root Purge: 0.0 ms]
   [Clear CT: 0.7 ms]
   [Other: 9.7 ms]
      [Choose CSet: 0.0 ms]
      [Ref Proc: 9.3 ms]
      [Ref Enq: 0.1 ms]
      [Redirty Cards: 0.1 ms]
      [Humongous Register: 0.0 ms]
      [Humongous Reclaim: 0.0 ms]
      [Free CSet: 0.1 ms]
   [Eden: 7136.0M(7136.0M)->0.0B(5712.0M) Survivors: 32768.0K->16384.0K Heap: 10796.5M(14336.0M)->3662.8M(14336.0M)]
 [Times: user=0.10 sys=0.00, real=0.02 secs] 
2022-10-02T17:31:07.548-0600: 280482.627: [GC pause (G1 Evacuation Pause) (mixed), 0.0304362 secs]
   [Parallel Time: 18.2 ms, GC Workers: 6]
      [GC Worker Start (ms): Min: 280482627.5, Avg: 280482629.7, Max: 280482632.7, Diff: 5.2]
      [Ext Root Scanning (ms): Min: 0.0, Avg: 1.2, Max: 3.2, Diff: 3.2, Sum: 7.0]
      [Update RS (ms): Min: 2.9, Avg: 4.8, Max: 5.3, Diff: 2.4, Sum: 28.6]
         [Processed Buffers: Min: 26, Avg: 31.8, Max: 40, Diff: 14, Sum: 191]
      [Scan RS (ms): Min: 1.6, Avg: 1.7, Max: 1.8, Diff: 0.2, Sum: 10.2]
      [Code Root Scanning (ms): Min: 0.0, Avg: 0.0, Max: 0.0, Diff: 0.0, Sum: 0.0]
      [Object Copy (ms): Min: 7.3, Avg: 7.5, Max: 8.0, Diff: 0.7, Sum: 45.1]
      [Termination (ms): Min: 0.0, Avg: 0.7, Max: 0.9, Diff: 0.9, Sum: 4.1]
         [Termination Attempts: Min: 1, Avg: 81.5, Max: 128, Diff: 127, Sum: 489]
      [GC Worker Other (ms): Min: 0.0, Avg: 0.0, Max: 0.0, Diff: 0.0, Sum: 0.0]
      [GC Worker Total (ms): Min: 12.8, Avg: 15.9, Max: 18.0, Diff: 5.2, Sum: 95.2]
      [GC Worker End (ms): Min: 280482645.5, Avg: 280482645.6, Max: 280482645.7, Diff: 0.2]
   [Code Root Fixup: 0.0 ms]
   [Code Root Purge: 0.0 ms]
   [Clear CT: 0.8 ms]
   [Other: 11.4 ms]
      [Choose CSet: 0.0 ms]
      [Ref Proc: 11.0 ms]
      [Ref Enq: 0.1 ms]
      [Redirty Cards: 0.1 ms]
      [Humongous Register: 0.0 ms]
      [Humongous Reclaim: 0.0 ms]
      [Free CSet: 0.1 ms]
   [Eden: 5712.0M(5712.0M)->0.0B(7152.0M) Survivors: 16384.0K->16384.0K Heap: 9374.8M(14336.0M)->3616.6M(14336.0M)]
 [Times: user=0.12 sys=0.00, real=0.03 secs] 
2022-10-02T17:32:27.294-0600: 280562.374: [GC pause (G1 Evacuation Pause) (young), 0.0243669 secs]
   [Parallel Time: 13.4 ms, GC Workers: 6]
      [GC Worker Start (ms): Min: 280562373.6, Avg: 280562375.6, Max: 280562380.7, Diff: 7.1]
      [Ext Root Scanning (ms): Min: 0.0, Avg: 1.2, Max: 3.2, Diff: 3.2, Sum: 7.3]
      [Update RS (ms): Min: 3.6, Avg: 7.7, Max: 9.9, Diff: 6.3, Sum: 46.2]
         [Processed Buffers: Min: 15, Avg: 30.5, Max: 41, Diff: 26, Sum: 183]
      [Scan RS (ms): Min: 0.0, Avg: 0.0, Max: 0.1, Diff: 0.1, Sum: 0.2]
      [Code Root Scanning (ms): Min: 0.0, Avg: 0.0, Max: 0.0, Diff: 0.0, Sum: 0.0]
      [Object Copy (ms): Min: 1.4, Avg: 2.3, Max: 2.7, Diff: 1.3, Sum: 13.7]
      [Termination (ms): Min: 0.0, Avg: 0.0, Max: 0.1, Diff: 0.1, Sum: 0.3]
         [Termination Attempts: Min: 6, Avg: 20.0, Max: 26, Diff: 20, Sum: 120]
      [GC Worker Other (ms): Min: 0.0, Avg: 0.0, Max: 0.0, Diff: 0.0, Sum: 0.1]
      [GC Worker Total (ms): Min: 6.2, Avg: 11.3, Max: 13.3, Diff: 7.1, Sum: 67.8]
      [GC Worker End (ms): Min: 280562386.9, Avg: 280562386.9, Max: 280562386.9, Diff: 0.0]
   [Code Root Fixup: 0.0 ms]
   [Code Root Purge: 0.0 ms]
   [Clear CT: 0.5 ms]
   [Other: 10.4 ms]
      [Choose CSet: 0.0 ms]
      [Ref Proc: 10.1 ms]
      [Ref Enq: 0.1 ms]
      [Redirty Cards: 0.1 ms]
      [Humongous Register: 0.0 ms]
      [Humongous Reclaim: 0.0 ms]
      [Free CSet: 0.1 ms]
   [Eden: 7152.0M(7152.0M)->0.0B(7152.0M) Survivors: 16384.0K->16384.0K Heap: 10768.6M(14336.0M)->3636.6M(14336.0M)]
 [Times: user=0.09 sys=0.00, real=0.02 secs] 
2022-10-02T17:33:43.391-0600: 280638.470: [GC pause (G1 Evacuation Pause) (young) (initial-mark), 0.0286027 secs]
   [Parallel Time: 12.7 ms, GC Workers: 6]
      [GC Worker Start (ms): Min: 280638471.7, Avg: 280638472.8, Max: 280638474.0, Diff: 2.3]
      [Ext Root Scanning (ms): Min: 2.0, Avg: 4.6, Max: 6.3, Diff: 4.3, Sum: 27.6]
      [Update RS (ms): Min: 0.0, Avg: 2.5, Max: 4.4, Diff: 4.4, Sum: 15.1]
         [Processed Buffers: Min: 0, Avg: 11.2, Max: 17, Diff: 17, Sum: 67]
      [Scan RS (ms): Min: 0.0, Avg: 0.0, Max: 0.1, Diff: 0.1, Sum: 0.2]
      [Code Root Scanning (ms): Min: 0.0, Avg: 0.0, Max: 0.0, Diff: 0.0, Sum: 0.0]
      [Object Copy (ms): Min: 2.6, Avg: 3.1, Max: 5.1, Diff: 2.4, Sum: 18.7]
      [Termination (ms): Min: 0.0, Avg: 0.0, Max: 0.0, Diff: 0.0, Sum: 0.0]
         [Termination Attempts: Min: 1, Avg: 1.0, Max: 1, Diff: 0, Sum: 6]
      [GC Worker Other (ms): Min: 0.0, Avg: 0.0, Max: 0.0, Diff: 0.0, Sum: 0.1]
      [GC Worker Total (ms): Min: 9.1, Avg: 10.3, Max: 11.4, Diff: 2.3, Sum: 61.7]
      [GC Worker End (ms): Min: 280638483.1, Avg: 280638483.1, Max: 280638483.1, Diff: 0.0]
   [Code Root Fixup: 0.0 ms]
   [Code Root Purge: 0.0 ms]
   [Clear CT: 0.8 ms]
   [Other: 15.2 ms]
      [Choose CSet: 0.0 ms]
      [Ref Proc: 14.7 ms]
      [Ref Enq: 0.1 ms]
      [Redirty Cards: 0.1 ms]
      [Humongous Register: 0.0 ms]
      [Humongous Reclaim: 0.0 ms]
      [Free CSet: 0.1 ms]
   [Eden: 7152.0M(7152.0M)->0.0B(7152.0M) Survivors: 16384.0K->16384.0K Heap: 10788.6M(14336.0M)->3641.8M(14336.0M)]
 [Times: user=0.08 sys=0.00, real=0.03 secs] 
2022-10-02T17:33:43.419-0600: 280638.499: [GC concurrent-root-region-scan-start]
2022-10-02T17:33:43.428-0600: 280638.508: [GC concurrent-root-region-scan-end, 0.0084979 secs]
2022-10-02T17:33:43.428-0600: 280638.508: [GC concurrent-mark-start]
2022-10-02T17:33:44.782-0600: 280639.862: [GC concurrent-mark-end, 1.3540693 secs]
2022-10-02T17:33:44.782-0600: 280639.862: [GC remark 2022-10-02T17:33:44.782-0600: 280639.862: [Finalize Marking, 0.0017026 secs] 2022-10-02T17:33:44.784-0600: 280639.863: [GC ref-proc, 0.0227173 secs] 2022-10-02T17:33:44.806-0600: 280639.886: [Unloading, 0.0271210 secs], 0.0566334 secs]
 [Times: user=0.21 sys=0.00, real=0.06 secs] 
2022-10-02T17:33:44.839-0600: 280639.919: [GC cleanup 3800M->3800M(14336M), 0.0077260 secs]
 [Times: user=0.03 sys=0.00, real=0.01 secs] 
2022-10-02T17:35:01.436-0600: 280716.516: [GC pause (G1 Evacuation Pause) (young), 0.0250265 secs]
   [Parallel Time: 12.0 ms, GC Workers: 6]
      [GC Worker Start (ms): Min: 280716516.4, Avg: 280716518.6, Max: 280716521.8, Diff: 5.5]
      [Ext Root Scanning (ms): Min: 0.0, Avg: 1.1, Max: 3.4, Diff: 3.4, Sum: 6.7]
      [Update RS (ms): Min: 1.3, Avg: 4.5, Max: 9.7, Diff: 8.5, Sum: 27.0]
         [Processed Buffers: Min: 4, Avg: 12.3, Max: 19, Diff: 15, Sum: 74]
      [Scan RS (ms): Min: 0.0, Avg: 0.0, Max: 0.1, Diff: 0.0, Sum: 0.2]
      [Code Root Scanning (ms): Min: 0.0, Avg: 0.0, Max: 0.0, Diff: 0.0, Sum: 0.0]
      [Object Copy (ms): Min: 0.0, Avg: 3.4, Max: 4.4, Diff: 4.4, Sum: 20.2]
      [Termination (ms): Min: 0.0, Avg: 0.6, Max: 0.8, Diff: 0.8, Sum: 3.9]
         [Termination Attempts: Min: 1, Avg: 15.2, Max: 21, Diff: 20, Sum: 91]
      [GC Worker Other (ms): Min: 0.0, Avg: 0.0, Max: 0.0, Diff: 0.0, Sum: 0.0]
      [GC Worker Total (ms): Min: 6.4, Avg: 9.7, Max: 11.9, Diff: 5.5, Sum: 58.1]
      [GC Worker End (ms): Min: 280716528.2, Avg: 280716528.2, Max: 280716528.3, Diff: 0.1]
   [Code Root Fixup: 0.0 ms]
   [Code Root Purge: 0.0 ms]
   [Clear CT: 0.7 ms]
   [Other: 12.3 ms]
      [Choose CSet: 0.0 ms]
      [Ref Proc: 11.9 ms]
      [Ref Enq: 0.1 ms]
      [Redirty Cards: 0.1 ms]
      [Humongous Register: 0.0 ms]
      [Humongous Reclaim: 0.0 ms]
      [Free CSet: 0.1 ms]
   [Eden: 7152.0M(7152.0M)->0.0B(5696.0M) Survivors: 16384.0K->32768.0K Heap: 10793.8M(14336.0M)->3652.5M(14336.0M)]
 [Times: user=0.07 sys=0.00, real=0.02 secs] 
2022-10-02T17:36:01.940-0600: 280777.020: [GC pause (G1 Evacuation Pause) (mixed), 0.0292625 secs]
   [Parallel Time: 15.0 ms, GC Workers: 6]
      [GC Worker Start (ms): Min: 280777019.8, Avg: 280777022.0, Max: 280777023.9, Diff: 4.1]
      [Ext Root Scanning (ms): Min: 0.0, Avg: 1.2, Max: 3.4, Diff: 3.4, Sum: 6.9]
      [Update RS (ms): Min: 2.4, Avg: 4.1, Max: 9.5, Diff: 7.1, Sum: 24.9]
         [Processed Buffers: Min: 2, Avg: 12.0, Max: 17, Diff: 15, Sum: 72]
      [Scan RS (ms): Min: 0.0, Avg: 1.1, Max: 1.3, Diff: 1.3, Sum: 6.5]
      [Code Root Scanning (ms): Min: 0.0, Avg: 0.0, Max: 0.0, Diff: 0.0, Sum: 0.0]
      [Object Copy (ms): Min: 1.3, Avg: 5.8, Max: 7.1, Diff: 5.7, Sum: 34.7]
      [Termination (ms): Min: 0.0, Avg: 0.5, Max: 0.6, Diff: 0.6, Sum: 2.9]
         [Termination Attempts: Min: 1, Avg: 9.3, Max: 13, Diff: 12, Sum: 56]
      [GC Worker Other (ms): Min: 0.0, Avg: 0.0, Max: 0.0, Diff: 0.0, Sum: 0.0]
      [GC Worker Total (ms): Min: 10.8, Avg: 12.7, Max: 14.8, Diff: 4.1, Sum: 76.0]
      [GC Worker End (ms): Min: 280777034.6, Avg: 280777034.6, Max: 280777034.7, Diff: 0.0]
   [Code Root Fixup: 0.0 ms]
   [Code Root Purge: 0.0 ms]
   [Clear CT: 1.0 ms]
   [Other: 13.2 ms]
      [Choose CSet: 0.0 ms]
      [Ref Proc: 12.7 ms]
      [Ref Enq: 0.1 ms]
      [Redirty Cards: 0.1 ms]
      [Humongous Register: 0.0 ms]
      [Humongous Reclaim: 0.0 ms]
      [Free CSet: 0.2 ms]
   [Eden: 5696.0M(5696.0M)->0.0B(7152.0M) Survivors: 32768.0K->16384.0K Heap: 9348.5M(14336.0M)->3633.1M(14336.0M)]
 [Times: user=0.09 sys=0.00, real=0.03 secs] 
2022-10-02T17:37:20.386-0600: 280855.466: [GC pause (G1 Evacuation Pause) (young), 0.0221359 secs]
   [Parallel Time: 12.7 ms, GC Workers: 6]
      [GC Worker Start (ms): Min: 280855465.8, Avg: 280855467.4, Max: 280855469.3, Diff: 3.5]
      [Ext Root Scanning (ms): Min: 0.0, Avg: 1.1, Max: 3.1, Diff: 3.1, Sum: 6.6]
      [Update RS (ms): Min: 5.8, Avg: 6.6, Max: 7.3, Diff: 1.4, Sum: 39.5]
         [Processed Buffers: Min: 23, Avg: 26.2, Max: 29, Diff: 6, Sum: 157]
      [Scan RS (ms): Min: 0.0, Avg: 0.0, Max: 0.1, Diff: 0.0, Sum: 0.2]
      [Code Root Scanning (ms): Min: 0.0, Avg: 0.0, Max: 0.0, Diff: 0.0, Sum: 0.0]
      [Object Copy (ms): Min: 3.1, Avg: 3.2, Max: 3.4, Diff: 0.3, Sum: 19.1]
      [Termination (ms): Min: 0.0, Avg: 0.0, Max: 0.0, Diff: 0.0, Sum: 0.0]
         [Termination Attempts: Min: 1, Avg: 10.2, Max: 17, Diff: 16, Sum: 61]
      [GC Worker Other (ms): Min: 0.0, Avg: 0.0, Max: 0.1, Diff: 0.1, Sum: 0.2]
      [GC Worker Total (ms): Min: 9.0, Avg: 11.0, Max: 12.6, Diff: 3.6, Sum: 65.8]
      [GC Worker End (ms): Min: 280855478.3, Avg: 280855478.4, Max: 280855478.4, Diff: 0.1]
   [Code Root Fixup: 0.0 ms]
   [Code Root Purge: 0.0 ms]
   [Clear CT: 0.7 ms]
   [Other: 8.7 ms]
      [Choose CSet: 0.0 ms]
      [Ref Proc: 8.3 ms]
      [Ref Enq: 0.1 ms]
      [Redirty Cards: 0.1 ms]
      [Humongous Register: 0.0 ms]
      [Humongous Reclaim: 0.0 ms]
      [Free CSet: 0.1 ms]
   [Eden: 7152.0M(7152.0M)->0.0B(7152.0M) Survivors: 16384.0K->16384.0K Heap: 10785.1M(14336.0M)->3648.8M(14336.0M)]
 [Times: user=0.09 sys=0.00, real=0.02 secs] 
2022-10-02T17:38:44.542-0600: 280939.622: [GC pause (G1 Evacuation Pause) (young) (initial-mark), 0.0287314 secs]
   [Parallel Time: 16.0 ms, GC Workers: 6]
      [GC Worker Start (ms): Min: 280939623.1, Avg: 280939624.9, Max: 280939626.0, Diff: 2.9]
      [Ext Root Scanning (ms): Min: 2.6, Avg: 4.5, Max: 7.4, Diff: 4.7, Sum: 26.8]
      [Update RS (ms): Min: 0.3, Avg: 4.6, Max: 8.4, Diff: 8.1, Sum: 27.7]
         [Processed Buffers: Min: 5, Avg: 18.5, Max: 30, Diff: 25, Sum: 111]
      [Scan RS (ms): Min: 0.0, Avg: 0.0, Max: 0.1, Diff: 0.0, Sum: 0.2]
      [Code Root Scanning (ms): Min: 0.0, Avg: 0.0, Max: 0.0, Diff: 0.0, Sum: 0.0]
      [Object Copy (ms): Min: 0.6, Avg: 3.7, Max: 4.4, Diff: 3.8, Sum: 22.0]
      [Termination (ms): Min: 0.0, Avg: 0.0, Max: 0.0, Diff: 0.0, Sum: 0.0]
         [Termination Attempts: Min: 1, Avg: 7.7, Max: 13, Diff: 12, Sum: 46]
      [GC Worker Other (ms): Min: 0.0, Avg: 0.0, Max: 0.0, Diff: 0.0, Sum: 0.1]
      [GC Worker Total (ms): Min: 11.7, Avg: 12.8, Max: 14.6, Diff: 2.9, Sum: 76.9]
      [GC Worker End (ms): Min: 280939637.7, Avg: 280939637.7, Max: 280939637.7, Diff: 0.0]
   [Code Root Fixup: 0.0 ms]
   [Code Root Purge: 0.0 ms]
   [Clear CT: 0.9 ms]
   [Other: 11.9 ms]
      [Choose CSet: 0.0 ms]
      [Ref Proc: 11.4 ms]
      [Ref Enq: 0.1 ms]
      [Redirty Cards: 0.1 ms]
      [Humongous Register: 0.0 ms]
      [Humongous Reclaim: 0.0 ms]
      [Free CSet: 0.1 ms]
   [Eden: 7152.0M(7152.0M)->0.0B(7136.0M) Survivors: 16384.0K->32768.0K Heap: 10800.8M(14336.0M)->3663.4M(14336.0M)]
 [Times: user=0.09 sys=0.00, real=0.03 secs] 
2022-10-02T17:38:44.571-0600: 280939.651: [GC concurrent-root-region-scan-start]
2022-10-02T17:38:44.580-0600: 280939.660: [GC concurrent-root-region-scan-end, 0.0094780 secs]
2022-10-02T17:38:44.580-0600: 280939.660: [GC concurrent-mark-start]
2022-10-02T17:38:45.922-0600: 280941.002: [GC concurrent-mark-end, 1.3417986 secs]
2022-10-02T17:38:45.922-0600: 280941.002: [GC remark 2022-10-02T17:38:45.922-0600: 280941.002: [Finalize Marking, 0.0022197 secs] 2022-10-02T17:38:45.925-0600: 280941.004: [GC ref-proc, 0.0241814 secs] 2022-10-02T17:38:45.949-0600: 280941.029: [Unloading, 0.0326542 secs], 0.0638200 secs]
 [Times: user=0.22 sys=0.00, real=0.07 secs] 
2022-10-02T17:38:45.986-0600: 280941.066: [GC cleanup 3783M->3783M(14336M), 0.0071969 secs]
 [Times: user=0.02 sys=0.00, real=0.01 secs] 
2022-10-02T17:40:12.494-0600: 281027.574: [GC pause (G1 Evacuation Pause) (young), 0.0205536 secs]
   [Parallel Time: 12.0 ms, GC Workers: 6]
      [GC Worker Start (ms): Min: 281027574.3, Avg: 281027577.8, Max: 281027582.3, Diff: 8.0]
      [Ext Root Scanning (ms): Min: 0.0, Avg: 1.0, Max: 2.9, Diff: 2.8, Sum: 6.1]
      [Update RS (ms): Min: 0.4, Avg: 3.9, Max: 5.8, Diff: 5.4, Sum: 23.5]
         [Processed Buffers: Min: 5, Avg: 18.8, Max: 29, Diff: 24, Sum: 113]
      [Scan RS (ms): Min: 0.0, Avg: 0.0, Max: 0.1, Diff: 0.1, Sum: 0.2]
      [Code Root Scanning (ms): Min: 0.0, Avg: 0.0, Max: 0.0, Diff: 0.0, Sum: 0.0]
      [Object Copy (ms): Min: 3.3, Avg: 3.4, Max: 3.6, Diff: 0.3, Sum: 20.2]
      [Termination (ms): Min: 0.0, Avg: 0.0, Max: 0.0, Diff: 0.0, Sum: 0.0]
         [Termination Attempts: Min: 1, Avg: 6.7, Max: 9, Diff: 8, Sum: 40]
      [GC Worker Other (ms): Min: 0.0, Avg: 0.0, Max: 0.0, Diff: 0.0, Sum: 0.1]
      [GC Worker Total (ms): Min: 3.8, Avg: 8.4, Max: 11.9, Diff: 8.1, Sum: 50.2]
      [GC Worker End (ms): Min: 281027586.1, Avg: 281027586.1, Max: 281027586.1, Diff: 0.0]
   [Code Root Fixup: 0.0 ms]
   [Code Root Purge: 0.0 ms]
   [Clear CT: 0.8 ms]
   [Other: 7.8 ms]
      [Choose CSet: 0.0 ms]
      [Ref Proc: 7.4 ms]
      [Ref Enq: 0.1 ms]
      [Redirty Cards: 0.1 ms]
      [Humongous Register: 0.0 ms]
      [Humongous Reclaim: 0.0 ms]
      [Free CSet: 0.1 ms]
   [Eden: 7136.0M(7136.0M)->0.0B(5712.0M) Survivors: 32768.0K->16384.0K Heap: 10799.4M(14336.0M)->3662.3M(14336.0M)]
 [Times: user=0.08 sys=0.00, real=0.02 secs] 
2022-10-02T17:41:14.497-0600: 281089.577: [GC pause (G1 Evacuation Pause) (mixed), 0.0213059 secs]
   [Parallel Time: 12.5 ms, GC Workers: 6]
      [GC Worker Start (ms): Min: 281089576.9, Avg: 281089577.0, Max: 281089577.1, Diff: 0.1]
      [Ext Root Scanning (ms): Min: 1.2, Avg: 2.4, Max: 3.8, Diff: 2.5, Sum: 14.5]
      [Update RS (ms): Min: 2.8, Avg: 4.1, Max: 5.1, Diff: 2.3, Sum: 24.4]
         [Processed Buffers: Min: 12, Avg: 19.5, Max: 26, Diff: 14, Sum: 117]
      [Scan RS (ms): Min: 1.2, Avg: 1.3, Max: 1.4, Diff: 0.2, Sum: 7.7]
      [Code Root Scanning (ms): Min: 0.0, Avg: 0.0, Max: 0.0, Diff: 0.0, Sum: 0.0]
      [Object Copy (ms): Min: 4.4, Avg: 4.6, Max: 4.7, Diff: 0.3, Sum: 27.4]
      [Termination (ms): Min: 0.0, Avg: 0.0, Max: 0.0, Diff: 0.0, Sum: 0.0]
         [Termination Attempts: Min: 1, Avg: 2.0, Max: 3, Diff: 2, Sum: 12]
      [GC Worker Other (ms): Min: 0.0, Avg: 0.0, Max: 0.0, Diff: 0.0, Sum: 0.1]
      [GC Worker Total (ms): Min: 12.3, Avg: 12.3, Max: 12.4, Diff: 0.1, Sum: 74.1]
      [GC Worker End (ms): Min: 281089589.4, Avg: 281089589.4, Max: 281089589.4, Diff: 0.0]
   [Code Root Fixup: 0.0 ms]
   [Code Root Purge: 0.0 ms]
   [Clear CT: 0.7 ms]
   [Other: 8.1 ms]
      [Choose CSet: 0.0 ms]
      [Ref Proc: 7.7 ms]
      [Ref Enq: 0.1 ms]
      [Redirty Cards: 0.1 ms]
      [Humongous Register: 0.0 ms]
      [Humongous Reclaim: 0.0 ms]
      [Free CSet: 0.1 ms]
   [Eden: 5712.0M(5712.0M)->0.0B(7152.0M) Survivors: 16384.0K->16384.0K Heap: 9374.3M(14336.0M)->3621.4M(14336.0M)]
 [Times: user=0.09 sys=0.00, real=0.02 secs] 
2022-10-02T17:42:30.236-0600: 281165.316: [GC pause (G1 Evacuation Pause) (young), 0.0209367 secs]
   [Parallel Time: 10.5 ms, GC Workers: 6]
      [GC Worker Start (ms): Min: 281165316.0, Avg: 281165316.4, Max: 281165316.7, Diff: 0.7]
      [Ext Root Scanning (ms): Min: 0.5, Avg: 1.2, Max: 3.3, Diff: 2.8, Sum: 7.3]
      [Update RS (ms): Min: 4.5, Avg: 6.0, Max: 6.5, Diff: 2.0, Sum: 36.2]
         [Processed Buffers: Min: 15, Avg: 23.8, Max: 28, Diff: 13, Sum: 143]
      [Scan RS (ms): Min: 0.0, Avg: 0.0, Max: 0.1, Diff: 0.1, Sum: 0.2]
      [Code Root Scanning (ms): Min: 0.0, Avg: 0.0, Max: 0.0, Diff: 0.0, Sum: 0.0]
      [Object Copy (ms): Min: 2.5, Avg: 2.6, Max: 2.7, Diff: 0.2, Sum: 15.7]
      [Termination (ms): Min: 0.0, Avg: 0.0, Max: 0.0, Diff: 0.0, Sum: 0.0]
         [Termination Attempts: Min: 1, Avg: 1.8, Max: 4, Diff: 3, Sum: 11]
      [GC Worker Other (ms): Min: 0.0, Avg: 0.0, Max: 0.1, Diff: 0.0, Sum: 0.2]
      [GC Worker Total (ms): Min: 9.6, Avg: 9.9, Max: 10.3, Diff: 0.7, Sum: 59.6]
      [GC Worker End (ms): Min: 281165326.3, Avg: 281165326.3, Max: 281165326.3, Diff: 0.0]
   [Code Root Fixup: 0.0 ms]
   [Code Root Purge: 0.0 ms]
   [Clear CT: 0.8 ms]
   [Other: 9.7 ms]
      [Choose CSet: 0.0 ms]
      [Ref Proc: 9.3 ms]
      [Ref Enq: 0.1 ms]
      [Redirty Cards: 0.1 ms]
      [Humongous Register: 0.0 ms]
      [Humongous Reclaim: 0.0 ms]
      [Free CSet: 0.1 ms]
   [Eden: 7152.0M(7152.0M)->0.0B(7152.0M) Survivors: 16384.0K->16384.0K Heap: 10773.4M(14336.0M)->3632.6M(14336.0M)]
 [Times: user=0.09 sys=0.00, real=0.02 secs] 
2022-10-02T17:43:45.189-0600: 281240.268: [GC pause (G1 Evacuation Pause) (young) (initial-mark), 0.0288108 secs]
   [Parallel Time: 17.8 ms, GC Workers: 6]
      [GC Worker Start (ms): Min: 281240269.8, Avg: 281240271.8, Max: 281240273.1, Diff: 3.3]
      [Ext Root Scanning (ms): Min: 1.7, Avg: 7.0, Max: 12.3, Diff: 10.6, Sum: 41.9]
      [Update RS (ms): Min: 0.1, Avg: 4.0, Max: 10.1, Diff: 10.0, Sum: 24.0]
         [Processed Buffers: Min: 1, Avg: 13.3, Max: 23, Diff: 22, Sum: 80]
      [Scan RS (ms): Min: 0.0, Avg: 0.0, Max: 0.1, Diff: 0.1, Sum: 0.2]
      [Code Root Scanning (ms): Min: 0.0, Avg: 0.0, Max: 0.0, Diff: 0.0, Sum: 0.0]
      [Object Copy (ms): Min: 1.2, Avg: 3.3, Max: 3.8, Diff: 2.7, Sum: 19.8]
      [Termination (ms): Min: 0.0, Avg: 0.1, Max: 0.1, Diff: 0.1, Sum: 0.5]
         [Termination Attempts: Min: 22, Avg: 35.7, Max: 45, Diff: 23, Sum: 214]
      [GC Worker Other (ms): Min: 0.0, Avg: 0.0, Max: 0.0, Diff: 0.0, Sum: 0.1]
      [GC Worker Total (ms): Min: 13.1, Avg: 14.4, Max: 16.4, Diff: 3.3, Sum: 86.6]
      [GC Worker End (ms): Min: 281240286.3, Avg: 281240286.3, Max: 281240286.3, Diff: 0.0]
   [Code Root Fixup: 0.0 ms]
   [Code Root Purge: 0.0 ms]
   [Clear CT: 0.8 ms]
   [Other: 10.2 ms]
      [Choose CSet: 0.0 ms]
      [Ref Proc: 9.8 ms]
      [Ref Enq: 0.1 ms]
      [Redirty Cards: 0.1 ms]
      [Humongous Register: 0.0 ms]
      [Humongous Reclaim: 0.0 ms]
      [Free CSet: 0.1 ms]
   [Eden: 7152.0M(7152.0M)->0.0B(7152.0M) Survivors: 16384.0K->16384.0K Heap: 10784.6M(14336.0M)->3634.1M(14336.0M)]
 [Times: user=0.09 sys=0.00, real=0.03 secs] 
2022-10-02T17:43:45.217-0600: 281240.297: [GC concurrent-root-region-scan-start]
2022-10-02T17:43:45.228-0600: 281240.308: [GC concurrent-root-region-scan-end, 0.0103909 secs]
2022-10-02T17:43:45.228-0600: 281240.308: [GC concurrent-mark-start]
2022-10-02T17:43:46.592-0600: 281241.672: [GC concurrent-mark-end, 1.3643814 secs]
2022-10-02T17:43:46.592-0600: 281241.672: [GC remark 2022-10-02T17:43:46.592-0600: 281241.672: [Finalize Marking, 0.0014195 secs] 2022-10-02T17:43:46.594-0600: 281241.674: [GC ref-proc, 0.0206586 secs] 2022-10-02T17:43:46.615-0600: 281241.694: [Unloading, 0.0271198 secs], 0.0571169 secs]
 [Times: user=0.21 sys=0.00, real=0.06 secs] 
2022-10-02T17:43:46.650-0600: 281241.730: [GC cleanup 3781M->3781M(14336M), 0.0089191 secs]
 [Times: user=0.02 sys=0.00, real=0.01 secs] 
2022-10-02T17:45:06.639-0600: 281321.719: [GC pause (G1 Evacuation Pause) (young), 0.0223014 secs]
   [Parallel Time: 8.6 ms, GC Workers: 6]
      [GC Worker Start (ms): Min: 281321719.0, Avg: 281321720.6, Max: 281321723.1, Diff: 4.1]
      [Ext Root Scanning (ms): Min: 0.0, Avg: 1.1, Max: 3.2, Diff: 3.2, Sum: 6.7]
      [Update RS (ms): Min: 1.6, Avg: 3.0, Max: 4.3, Diff: 2.7, Sum: 18.1]
         [Processed Buffers: Min: 6, Avg: 13.5, Max: 23, Diff: 17, Sum: 81]
      [Scan RS (ms): Min: 0.0, Avg: 0.0, Max: 0.1, Diff: 0.1, Sum: 0.2]
      [Code Root Scanning (ms): Min: 0.0, Avg: 0.0, Max: 0.0, Diff: 0.0, Sum: 0.0]
      [Object Copy (ms): Min: 2.6, Avg: 2.7, Max: 2.8, Diff: 0.3, Sum: 16.1]
      [Termination (ms): Min: 0.0, Avg: 0.0, Max: 0.0, Diff: 0.0, Sum: 0.0]
         [Termination Attempts: Min: 1, Avg: 8.0, Max: 14, Diff: 13, Sum: 48]
      [GC Worker Other (ms): Min: 0.0, Avg: 0.0, Max: 0.0, Diff: 0.0, Sum: 0.1]
      [GC Worker Total (ms): Min: 4.3, Avg: 6.9, Max: 8.4, Diff: 4.1, Sum: 41.2]
      [GC Worker End (ms): Min: 281321727.5, Avg: 281321727.5, Max: 281321727.5, Diff: 0.0]
   [Code Root Fixup: 0.0 ms]
   [Code Root Purge: 0.0 ms]
   [Clear CT: 0.8 ms]
   [Other: 12.9 ms]
      [Choose CSet: 0.0 ms]
      [Ref Proc: 12.5 ms]
      [Ref Enq: 0.1 ms]
      [Redirty Cards: 0.1 ms]
      [Humongous Register: 0.0 ms]
      [Humongous Reclaim: 0.0 ms]
      [Free CSet: 0.1 ms]
   [Eden: 7152.0M(7152.0M)->0.0B(5712.0M) Survivors: 16384.0K->16384.0K Heap: 10786.1M(14336.0M)->3634.8M(14336.0M)]
 [Times: user=0.08 sys=0.00, real=0.02 secs] 
2022-10-02T17:46:20.888-0600: 281395.968: [GC pause (G1 Evacuation Pause) (mixed), 0.0223974 secs]
   [Parallel Time: 11.8 ms, GC Workers: 6]
      [GC Worker Start (ms): Min: 281395967.9, Avg: 281395969.0, Max: 281395972.7, Diff: 4.8]
      [Ext Root Scanning (ms): Min: 0.0, Avg: 1.3, Max: 3.8, Diff: 3.8, Sum: 7.8]
      [Update RS (ms): Min: 0.3, Avg: 2.6, Max: 3.7, Diff: 3.4, Sum: 15.6]
         [Processed Buffers: Min: 1, Avg: 12.5, Max: 18, Diff: 17, Sum: 75]
      [Scan RS (ms): Min: 0.9, Avg: 1.2, Max: 1.3, Diff: 0.4, Sum: 6.9]
      [Code Root Scanning (ms): Min: 0.0, Avg: 0.0, Max: 0.0, Diff: 0.0, Sum: 0.0]
      [Object Copy (ms): Min: 5.4, Avg: 5.4, Max: 5.6, Diff: 0.2, Sum: 32.6]
      [Termination (ms): Min: 0.0, Avg: 0.0, Max: 0.0, Diff: 0.0, Sum: 0.1]
         [Termination Attempts: Min: 11, Avg: 16.5, Max: 21, Diff: 10, Sum: 99]
      [GC Worker Other (ms): Min: 0.0, Avg: 0.0, Max: 0.0, Diff: 0.0, Sum: 0.1]
      [GC Worker Total (ms): Min: 6.9, Avg: 10.5, Max: 11.7, Diff: 4.8, Sum: 63.3]
      [GC Worker End (ms): Min: 281395979.6, Avg: 281395979.6, Max: 281395979.6, Diff: 0.0]
   [Code Root Fixup: 0.0 ms]
   [Code Root Purge: 0.0 ms]
   [Clear CT: 0.9 ms]
   [Other: 9.7 ms]
      [Choose CSet: 0.0 ms]
      [Ref Proc: 9.3 ms]
      [Ref Enq: 0.1 ms]
      [Redirty Cards: 0.1 ms]
      [Humongous Register: 0.0 ms]
      [Humongous Reclaim: 0.0 ms]
      [Free CSet: 0.1 ms]
   [Eden: 5712.0M(5712.0M)->0.0B(7152.0M) Survivors: 16384.0K->16384.0K Heap: 9346.8M(14336.0M)->3620.5M(14336.0M)]
 [Times: user=0.09 sys=0.00, real=0.02 secs] 
2022-10-02T17:47:56.243-0600: 281491.323: [GC pause (G1 Evacuation Pause) (young), 0.0250448 secs]
   [Parallel Time: 12.3 ms, GC Workers: 6]
      [GC Worker Start (ms): Min: 281491323.1, Avg: 281491323.8, Max: 281491324.7, Diff: 1.6]
      [Ext Root Scanning (ms): Min: 0.6, Avg: 3.5, Max: 9.0, Diff: 8.4, Sum: 20.8]
      [Update RS (ms): Min: 0.5, Avg: 5.9, Max: 7.8, Diff: 7.3, Sum: 35.1]
         [Processed Buffers: Min: 2, Avg: 27.8, Max: 39, Diff: 37, Sum: 167]
      [Scan RS (ms): Min: 0.0, Avg: 0.0, Max: 0.1, Diff: 0.1, Sum: 0.2]
      [Code Root Scanning (ms): Min: 0.0, Avg: 0.0, Max: 0.0, Diff: 0.0, Sum: 0.0]
      [Object Copy (ms): Min: 1.9, Avg: 2.1, Max: 2.2, Diff: 0.3, Sum: 12.4]
      [Termination (ms): Min: 0.0, Avg: 0.0, Max: 0.0, Diff: 0.0, Sum: 0.0]
         [Termination Attempts: Min: 1, Avg: 1.7, Max: 3, Diff: 2, Sum: 10]
      [GC Worker Other (ms): Min: 0.0, Avg: 0.0, Max: 0.0, Diff: 0.0, Sum: 0.1]
      [GC Worker Total (ms): Min: 10.6, Avg: 11.5, Max: 12.1, Diff: 1.6, Sum: 68.7]
      [GC Worker End (ms): Min: 281491335.2, Avg: 281491335.2, Max: 281491335.3, Diff: 0.0]
   [Code Root Fixup: 0.0 ms]
   [Code Root Purge: 0.0 ms]
   [Clear CT: 0.8 ms]
   [Other: 11.9 ms]
      [Choose CSet: 0.0 ms]
      [Ref Proc: 11.5 ms]
      [Ref Enq: 0.1 ms]
      [Redirty Cards: 0.1 ms]
      [Humongous Register: 0.0 ms]
      [Humongous Reclaim: 0.0 ms]
      [Free CSet: 0.2 ms]
   [Eden: 7152.0M(7152.0M)->0.0B(7152.0M) Survivors: 16384.0K->16384.0K Heap: 10772.5M(14336.0M)->3635.0M(14336.0M)]
 [Times: user=0.08 sys=0.00, real=0.03 secs] 
2022-10-02T17:49:34.889-0600: 281589.969: [GC pause (G1 Evacuation Pause) (young) (initial-mark), 0.0222982 secs]
   [Parallel Time: 12.8 ms, GC Workers: 6]
      [GC Worker Start (ms): Min: 281589970.2, Avg: 281589971.1, Max: 281589972.5, Diff: 2.3]
      [Ext Root Scanning (ms): Min: 2.3, Avg: 4.8, Max: 7.4, Diff: 5.1, Sum: 28.7]
      [Update RS (ms): Min: 0.2, Avg: 3.1, Max: 6.7, Diff: 6.5, Sum: 18.3]
         [Processed Buffers: Min: 1, Avg: 10.5, Max: 22, Diff: 21, Sum: 63]
      [Scan RS (ms): Min: 0.0, Avg: 0.0, Max: 0.1, Diff: 0.1, Sum: 0.2]
      [Code Root Scanning (ms): Min: 0.0, Avg: 0.0, Max: 0.0, Diff: 0.0, Sum: 0.0]
      [Object Copy (ms): Min: 0.2, Avg: 2.2, Max: 2.8, Diff: 2.6, Sum: 13.0]
      [Termination (ms): Min: 0.0, Avg: 0.5, Max: 0.7, Diff: 0.7, Sum: 3.2]
         [Termination Attempts: Min: 1, Avg: 12.8, Max: 27, Diff: 26, Sum: 77]
      [GC Worker Other (ms): Min: 0.0, Avg: 0.0, Max: 0.0, Diff: 0.0, Sum: 0.1]
      [GC Worker Total (ms): Min: 9.2, Avg: 10.6, Max: 11.4, Diff: 2.3, Sum: 63.5]
      [GC Worker End (ms): Min: 281589981.7, Avg: 281589981.7, Max: 281589981.7, Diff: 0.0]
   [Code Root Fixup: 0.0 ms]
   [Code Root Purge: 0.0 ms]
   [Clear CT: 0.6 ms]
   [Other: 8.9 ms]
      [Choose CSet: 0.0 ms]
      [Ref Proc: 8.5 ms]
      [Ref Enq: 0.1 ms]
      [Redirty Cards: 0.1 ms]
      [Humongous Register: 0.0 ms]
      [Humongous Reclaim: 0.0 ms]
      [Free CSet: 0.1 ms]
   [Eden: 7152.0M(7152.0M)->0.0B(7152.0M) Survivors: 16384.0K->16384.0K Heap: 10787.0M(14336.0M)->3639.5M(14336.0M)]
 [Times: user=0.08 sys=0.00, real=0.02 secs] 
2022-10-02T17:49:34.911-0600: 281589.991: [GC concurrent-root-region-scan-start]
2022-10-02T17:49:34.918-0600: 281589.998: [GC concurrent-root-region-scan-end, 0.0065417 secs]
2022-10-02T17:49:34.918-0600: 281589.998: [GC concurrent-mark-start]
2022-10-02T17:49:36.264-0600: 281591.344: [GC concurrent-mark-end, 1.3456696 secs]
2022-10-02T17:49:36.264-0600: 281591.344: [GC remark 2022-10-02T17:49:36.264-0600: 281591.344: [Finalize Marking, 0.0013582 secs] 2022-10-02T17:49:36.265-0600: 281591.345: [GC ref-proc, 0.0230821 secs] 2022-10-02T17:49:36.288-0600: 281591.368: [Unloading, 0.0263045 secs], 0.0554518 secs]
 [Times: user=0.22 sys=0.00, real=0.06 secs] 
2022-10-02T17:49:36.319-0600: 281591.399: [GC cleanup 3753M->3753M(14336M), 0.0082349 secs]
 [Times: user=0.03 sys=0.00, real=0.01 secs] 
2022-10-02T17:51:12.949-0600: 281688.029: [GC pause (G1 Evacuation Pause) (young), 0.0223737 secs]
   [Parallel Time: 8.3 ms, GC Workers: 6]
      [GC Worker Start (ms): Min: 281688029.3, Avg: 281688032.4, Max: 281688037.5, Diff: 8.2]
      [Ext Root Scanning (ms): Min: 0.0, Avg: 0.9, Max: 3.0, Diff: 3.0, Sum: 5.7]
      [Update RS (ms): Min: 0.0, Avg: 2.0, Max: 2.8, Diff: 2.8, Sum: 12.2]
         [Processed Buffers: Min: 0, Avg: 10.8, Max: 19, Diff: 19, Sum: 65]
      [Scan RS (ms): Min: 0.0, Avg: 0.0, Max: 0.1, Diff: 0.1, Sum: 0.2]
      [Code Root Scanning (ms): Min: 0.0, Avg: 0.0, Max: 0.0, Diff: 0.0, Sum: 0.0]
      [Object Copy (ms): Min: 0.0, Avg: 1.7, Max: 2.2, Diff: 2.2, Sum: 9.9]
      [Termination (ms): Min: 0.0, Avg: 0.5, Max: 0.6, Diff: 0.6, Sum: 3.1]
         [Termination Attempts: Min: 1, Avg: 3.0, Max: 5, Diff: 4, Sum: 18]
      [GC Worker Other (ms): Min: 0.0, Avg: 0.0, Max: 0.0, Diff: 0.0, Sum: 0.0]
      [GC Worker Total (ms): Min: 0.0, Avg: 5.2, Max: 8.3, Diff: 8.3, Sum: 31.1]
      [GC Worker End (ms): Min: 281688037.6, Avg: 281688037.6, Max: 281688037.6, Diff: 0.0]
   [Code Root Fixup: 0.0 ms]
   [Code Root Purge: 0.0 ms]
   [Clear CT: 0.8 ms]
   [Other: 13.3 ms]
      [Choose CSet: 0.0 ms]
      [Ref Proc: 12.9 ms]
      [Ref Enq: 0.1 ms]
      [Redirty Cards: 0.1 ms]
      [Humongous Register: 0.0 ms]
      [Humongous Reclaim: 0.0 ms]
      [Free CSet: 0.1 ms]
   [Eden: 7152.0M(7152.0M)->0.0B(5712.0M) Survivors: 16384.0K->16384.0K Heap: 10791.5M(14336.0M)->3639.9M(14336.0M)]
 [Times: user=0.06 sys=0.00, real=0.02 secs] 
2022-10-02T17:52:20.813-0600: 281755.893: [GC pause (G1 Evacuation Pause) (mixed), 0.0312947 secs]
   [Parallel Time: 16.0 ms, GC Workers: 6]
      [GC Worker Start (ms): Min: 281755893.3, Avg: 281755893.7, Max: 281755893.8, Diff: 0.5]
      [Ext Root Scanning (ms): Min: 1.7, Avg: 6.0, Max: 15.0, Diff: 13.4, Sum: 36.0]
      [Update RS (ms): Min: 0.0, Avg: 2.6, Max: 4.5, Diff: 4.5, Sum: 15.4]
         [Processed Buffers: Min: 0, Avg: 11.7, Max: 19, Diff: 19, Sum: 70]
      [Scan RS (ms): Min: 0.0, Avg: 1.2, Max: 1.9, Diff: 1.9, Sum: 7.2]
      [Code Root Scanning (ms): Min: 0.0, Avg: 0.0, Max: 0.0, Diff: 0.0, Sum: 0.0]
      [Object Copy (ms): Min: 0.3, Avg: 5.6, Max: 7.5, Diff: 7.2, Sum: 33.9]
      [Termination (ms): Min: 0.0, Avg: 0.0, Max: 0.0, Diff: 0.0, Sum: 0.0]
         [Termination Attempts: Min: 1, Avg: 1.7, Max: 2, Diff: 1, Sum: 10]
      [GC Worker Other (ms): Min: 0.0, Avg: 0.0, Max: 0.0, Diff: 0.0, Sum: 0.0]
      [GC Worker Total (ms): Min: 15.3, Avg: 15.4, Max: 15.8, Diff: 0.5, Sum: 92.6]
      [GC Worker End (ms): Min: 281755909.1, Avg: 281755909.1, Max: 281755909.1, Diff: 0.0]
   [Code Root Fixup: 0.0 ms]
   [Code Root Purge: 0.0 ms]
   [Clear CT: 0.8 ms]
   [Other: 14.5 ms]
      [Choose CSet: 0.0 ms]
      [Ref Proc: 14.1 ms]
      [Ref Enq: 0.1 ms]
      [Redirty Cards: 0.1 ms]
      [Humongous Register: 0.0 ms]
      [Humongous Reclaim: 0.0 ms]
      [Free CSet: 0.1 ms]
   [Eden: 5712.0M(5712.0M)->0.0B(7152.0M) Survivors: 16384.0K->16384.0K Heap: 9351.9M(14336.0M)->3628.5M(14336.0M)]
 [Times: user=0.11 sys=0.00, real=0.02 secs] 
2022-10-02T17:53:42.137-0600: 281837.217: [GC pause (G1 Evacuation Pause) (young), 0.0296311 secs]
   [Parallel Time: 17.8 ms, GC Workers: 6]
      [GC Worker Start (ms): Min: 281837217.3, Avg: 281837221.3, Max: 281837225.8, Diff: 8.5]
      [Ext Root Scanning (ms): Min: 0.0, Avg: 1.0, Max: 3.1, Diff: 3.1, Sum: 5.9]
      [Update RS (ms): Min: 5.2, Avg: 9.7, Max: 14.5, Diff: 9.3, Sum: 58.1]
         [Processed Buffers: Min: 6, Avg: 32.0, Max: 59, Diff: 53, Sum: 192]
      [Scan RS (ms): Min: 0.0, Avg: 0.0, Max: 0.1, Diff: 0.1, Sum: 0.2]
      [Code Root Scanning (ms): Min: 0.0, Avg: 0.0, Max: 0.0, Diff: 0.0, Sum: 0.0]
      [Object Copy (ms): Min: 0.0, Avg: 2.4, Max: 3.2, Diff: 3.2, Sum: 14.4]
      [Termination (ms): Min: 0.0, Avg: 0.5, Max: 0.7, Diff: 0.7, Sum: 3.2]
         [Termination Attempts: Min: 1, Avg: 14.2, Max: 20, Diff: 19, Sum: 85]
      [GC Worker Other (ms): Min: 0.0, Avg: 0.0, Max: 0.0, Diff: 0.0, Sum: 0.0]
      [GC Worker Total (ms): Min: 9.1, Avg: 13.7, Max: 17.6, Diff: 8.5, Sum: 81.9]
      [GC Worker End (ms): Min: 281837234.9, Avg: 281837234.9, Max: 281837234.9, Diff: 0.0]
   [Code Root Fixup: 0.0 ms]
   [Code Root Purge: 0.0 ms]
   [Clear CT: 0.6 ms]
   [Other: 11.3 ms]
      [Choose CSet: 0.0 ms]
      [Ref Proc: 10.9 ms]
      [Ref Enq: 0.1 ms]
      [Redirty Cards: 0.1 ms]
      [Humongous Register: 0.0 ms]
      [Humongous Reclaim: 0.0 ms]
      [Free CSet: 0.1 ms]
   [Eden: 7152.0M(7152.0M)->0.0B(7152.0M) Survivors: 16384.0K->16384.0K Heap: 10780.5M(14336.0M)->3649.4M(14336.0M)]
 [Times: user=0.09 sys=0.00, real=0.03 secs] 
2022-10-02T17:55:03.438-0600: 281918.517: [GC pause (G1 Evacuation Pause) (young) (initial-mark), 0.0310819 secs]
   [Parallel Time: 16.6 ms, GC Workers: 6]
      [GC Worker Start (ms): Min: 281918518.7, Avg: 281918520.4, Max: 281918521.7, Diff: 2.9]
      [Ext Root Scanning (ms): Min: 2.1, Avg: 6.4, Max: 12.2, Diff: 10.1, Sum: 38.4]
      [Update RS (ms): Min: 0.0, Avg: 3.5, Max: 5.9, Diff: 5.9, Sum: 20.9]
         [Processed Buffers: Min: 0, Avg: 14.0, Max: 28, Diff: 28, Sum: 84]
      [Scan RS (ms): Min: 0.0, Avg: 0.0, Max: 0.1, Diff: 0.1, Sum: 0.2]
      [Code Root Scanning (ms): Min: 0.0, Avg: 0.0, Max: 0.0, Diff: 0.0, Sum: 0.0]
      [Object Copy (ms): Min: 0.0, Avg: 2.7, Max: 3.4, Diff: 3.4, Sum: 16.2]
      [Termination (ms): Min: 0.0, Avg: 0.9, Max: 1.1, Diff: 1.1, Sum: 5.7]
         [Termination Attempts: Min: 1, Avg: 5.7, Max: 14, Diff: 13, Sum: 34]
      [GC Worker Other (ms): Min: 0.0, Avg: 0.0, Max: 0.0, Diff: 0.0, Sum: 0.0]
      [GC Worker Total (ms): Min: 12.3, Avg: 13.6, Max: 15.2, Diff: 3.0, Sum: 81.4]
      [GC Worker End (ms): Min: 281918533.9, Avg: 281918533.9, Max: 281918534.0, Diff: 0.1]
   [Code Root Fixup: 0.0 ms]
   [Code Root Purge: 0.0 ms]
   [Clear CT: 0.8 ms]
   [Other: 13.8 ms]
      [Choose CSet: 0.0 ms]
      [Ref Proc: 13.4 ms]
      [Ref Enq: 0.1 ms]
      [Redirty Cards: 0.1 ms]
      [Humongous Register: 0.0 ms]
      [Humongous Reclaim: 0.0 ms]
      [Free CSet: 0.1 ms]
   [Eden: 7152.0M(7152.0M)->0.0B(7152.0M) Survivors: 16384.0K->16384.0K Heap: 10801.4M(14336.0M)->3652.4M(14336.0M)]
 [Times: user=0.09 sys=0.00, real=0.03 secs] 
2022-10-02T17:55:03.469-0600: 281918.549: [GC concurrent-root-region-scan-start]
2022-10-02T17:55:03.480-0600: 281918.560: [GC concurrent-root-region-scan-end, 0.0110414 secs]
2022-10-02T17:55:03.480-0600: 281918.560: [GC concurrent-mark-start]
2022-10-02T17:55:04.856-0600: 281919.936: [GC concurrent-mark-end, 1.3763406 secs]
2022-10-02T17:55:04.856-0600: 281919.936: [GC remark 2022-10-02T17:55:04.856-0600: 281919.936: [Finalize Marking, 0.0013265 secs] 2022-10-02T17:55:04.858-0600: 281919.938: [GC ref-proc, 0.0183512 secs] 2022-10-02T17:55:04.876-0600: 281919.956: [Unloading, 0.0305569 secs], 0.0566983 secs]
 [Times: user=0.21 sys=0.00, real=0.06 secs] 
2022-10-02T17:55:04.913-0600: 281919.993: [GC cleanup 3828M->3828M(14336M), 0.0072065 secs]
 [Times: user=0.03 sys=0.00, real=0.00 secs] 
2022-10-02T17:56:36.496-0600: 282011.576: [GC pause (G1 Evacuation Pause) (young), 0.0215345 secs]
   [Parallel Time: 8.0 ms, GC Workers: 6]
      [GC Worker Start (ms): Min: 282011575.8, Avg: 282011576.8, Max: 282011580.7, Diff: 4.9]
      [Ext Root Scanning (ms): Min: 0.0, Avg: 1.3, Max: 3.3, Diff: 3.2, Sum: 8.0]
      [Update RS (ms): Min: 0.6, Avg: 3.1, Max: 4.1, Diff: 3.4, Sum: 18.7]
         [Processed Buffers: Min: 2, Avg: 13.7, Max: 23, Diff: 21, Sum: 82]
      [Scan RS (ms): Min: 0.0, Avg: 0.0, Max: 0.1, Diff: 0.1, Sum: 0.2]
      [Code Root Scanning (ms): Min: 0.0, Avg: 0.0, Max: 0.0, Diff: 0.0, Sum: 0.0]
      [Object Copy (ms): Min: 2.3, Avg: 2.4, Max: 2.6, Diff: 0.3, Sum: 14.5]
      [Termination (ms): Min: 0.0, Avg: 0.0, Max: 0.0, Diff: 0.0, Sum: 0.2]
         [Termination Attempts: Min: 21, Avg: 23.0, Max: 26, Diff: 5, Sum: 138]
      [GC Worker Other (ms): Min: 0.0, Avg: 0.0, Max: 0.0, Diff: 0.0, Sum: 0.1]
      [GC Worker Total (ms): Min: 3.0, Avg: 6.9, Max: 7.9, Diff: 4.9, Sum: 41.6]
      [GC Worker End (ms): Min: 282011583.7, Avg: 282011583.7, Max: 282011583.7, Diff: 0.0]
   [Code Root Fixup: 0.0 ms]
   [Code Root Purge: 0.0 ms]
   [Clear CT: 0.8 ms]
   [Other: 12.8 ms]
      [Choose CSet: 0.0 ms]
      [Ref Proc: 12.4 ms]
      [Ref Enq: 0.1 ms]
      [Redirty Cards: 0.1 ms]
      [Humongous Register: 0.0 ms]
      [Humongous Reclaim: 0.0 ms]
      [Free CSet: 0.1 ms]
   [Eden: 7152.0M(7152.0M)->0.0B(5712.0M) Survivors: 16384.0K->16384.0K Heap: 10804.4M(14336.0M)->3652.2M(14336.0M)]
 [Times: user=0.08 sys=0.00, real=0.02 secs] 
2022-10-02T17:57:54.040-0600: 282089.120: [GC pause (G1 Evacuation Pause) (mixed), 0.0212624 secs]
   [Parallel Time: 8.4 ms, GC Workers: 6]
      [GC Worker Start (ms): Min: 282089120.3, Avg: 282089120.3, Max: 282089120.4, Diff: 0.1]
      [Ext Root Scanning (ms): Min: 1.0, Avg: 2.0, Max: 4.4, Diff: 3.4, Sum: 12.3]
      [Update RS (ms): Min: 0.4, Avg: 2.7, Max: 3.8, Diff: 3.4, Sum: 16.2]
         [Processed Buffers: Min: 4, Avg: 12.0, Max: 16, Diff: 12, Sum: 72]
      [Scan RS (ms): Min: 0.4, Avg: 0.5, Max: 0.6, Diff: 0.1, Sum: 3.2]
      [Code Root Scanning (ms): Min: 0.0, Avg: 0.0, Max: 0.0, Diff: 0.0, Sum: 0.0]
      [Object Copy (ms): Min: 2.9, Avg: 3.0, Max: 3.1, Diff: 0.2, Sum: 18.3]
      [Termination (ms): Min: 0.0, Avg: 0.0, Max: 0.0, Diff: 0.0, Sum: 0.0]
         [Termination Attempts: Min: 1, Avg: 11.2, Max: 19, Diff: 18, Sum: 67]
      [GC Worker Other (ms): Min: 0.0, Avg: 0.0, Max: 0.0, Diff: 0.0, Sum: 0.1]
      [GC Worker Total (ms): Min: 8.3, Avg: 8.3, Max: 8.4, Diff: 0.1, Sum: 50.1]
      [GC Worker End (ms): Min: 282089128.7, Avg: 282089128.7, Max: 282089128.7, Diff: 0.0]
   [Code Root Fixup: 0.0 ms]
   [Code Root Purge: 0.0 ms]
   [Clear CT: 0.8 ms]
   [Other: 12.0 ms]
      [Choose CSet: 0.0 ms]
      [Ref Proc: 11.7 ms]
      [Ref Enq: 0.1 ms]
      [Redirty Cards: 0.1 ms]
      [Humongous Register: 0.0 ms]
      [Humongous Reclaim: 0.0 ms]
      [Free CSet: 0.1 ms]
   [Eden: 5712.0M(5712.0M)->0.0B(7152.0M) Survivors: 16384.0K->16384.0K Heap: 9364.2M(14336.0M)->3624.7M(14336.0M)]
 [Times: user=0.08 sys=0.00, real=0.02 secs] 
2022-10-02T17:59:32.494-0600: 282187.573: [GC pause (G1 Evacuation Pause) (young), 0.0175248 secs]
   [Parallel Time: 7.6 ms, GC Workers: 6]
      [GC Worker Start (ms): Min: 282187573.5, Avg: 282187574.6, Max: 282187576.7, Diff: 3.2]
      [Ext Root Scanning (ms): Min: 0.0, Avg: 1.2, Max: 3.2, Diff: 3.2, Sum: 7.2]
      [Update RS (ms): Min: 2.3, Avg: 3.3, Max: 4.2, Diff: 1.8, Sum: 19.6]
         [Processed Buffers: Min: 9, Avg: 14.3, Max: 19, Diff: 10, Sum: 86]
      [Scan RS (ms): Min: 0.0, Avg: 0.0, Max: 0.1, Diff: 0.1, Sum: 0.2]
      [Code Root Scanning (ms): Min: 0.0, Avg: 0.0, Max: 0.0, Diff: 0.0, Sum: 0.0]
      [Object Copy (ms): Min: 1.8, Avg: 1.9, Max: 2.0, Diff: 0.1, Sum: 11.2]
      [Termination (ms): Min: 0.0, Avg: 0.0, Max: 0.0, Diff: 0.0, Sum: 0.0]
         [Termination Attempts: Min: 1, Avg: 7.3, Max: 10, Diff: 9, Sum: 44]
      [GC Worker Other (ms): Min: 0.0, Avg: 0.0, Max: 0.0, Diff: 0.0, Sum: 0.1]
      [GC Worker Total (ms): Min: 4.3, Avg: 6.4, Max: 7.5, Diff: 3.2, Sum: 38.4]
      [GC Worker End (ms): Min: 282187581.0, Avg: 282187581.0, Max: 282187581.0, Diff: 0.0]
   [Code Root Fixup: 0.0 ms]
   [Code Root Purge: 0.0 ms]
   [Clear CT: 0.6 ms]
   [Other: 9.3 ms]
      [Choose CSet: 0.0 ms]
      [Ref Proc: 9.0 ms]
      [Ref Enq: 0.1 ms]
      [Redirty Cards: 0.1 ms]
      [Humongous Register: 0.0 ms]
      [Humongous Reclaim: 0.0 ms]
      [Free CSet: 0.1 ms]
   [Eden: 7152.0M(7152.0M)->0.0B(7152.0M) Survivors: 16384.0K->16384.0K Heap: 10776.7M(14336.0M)->3627.6M(14336.0M)]
 [Times: user=0.06 sys=0.00, real=0.01 secs] 
2022-10-02T18:01:12.520-0600: 282287.600: [GC pause (G1 Evacuation Pause) (young) (initial-mark), 0.0291847 secs]
   [Parallel Time: 16.7 ms, GC Workers: 6]
      [GC Worker Start (ms): Min: 282287601.7, Avg: 282287605.8, Max: 282287606.9, Diff: 5.3]
      [Ext Root Scanning (ms): Min: 2.2, Avg: 5.9, Max: 12.4, Diff: 10.1, Sum: 35.1]
      [Update RS (ms): Min: 0.0, Avg: 2.8, Max: 7.6, Diff: 7.6, Sum: 16.8]
         [Processed Buffers: Min: 0, Avg: 10.5, Max: 32, Diff: 32, Sum: 63]
      [Scan RS (ms): Min: 0.0, Avg: 0.0, Max: 0.1, Diff: 0.1, Sum: 0.2]
      [Code Root Scanning (ms): Min: 0.0, Avg: 0.0, Max: 0.0, Diff: 0.0, Sum: 0.0]
      [Object Copy (ms): Min: 0.3, Avg: 2.3, Max: 3.1, Diff: 2.8, Sum: 14.0]
      [Termination (ms): Min: 0.0, Avg: 0.0, Max: 0.0, Diff: 0.0, Sum: 0.0]
         [Termination Attempts: Min: 1, Avg: 5.7, Max: 9, Diff: 8, Sum: 34]
      [GC Worker Other (ms): Min: 0.0, Avg: 0.0, Max: 0.0, Diff: 0.0, Sum: 0.1]
      [GC Worker Total (ms): Min: 9.9, Avg: 11.0, Max: 15.2, Diff: 5.3, Sum: 66.3]
      [GC Worker End (ms): Min: 282287616.8, Avg: 282287616.8, Max: 282287616.8, Diff: 0.0]
   [Code Root Fixup: 0.0 ms]
   [Code Root Purge: 0.0 ms]
   [Clear CT: 0.7 ms]
   [Other: 11.8 ms]
      [Choose CSet: 0.0 ms]
      [Ref Proc: 11.4 ms]
      [Ref Enq: 0.1 ms]
      [Redirty Cards: 0.1 ms]
      [Humongous Register: 0.0 ms]
      [Humongous Reclaim: 0.0 ms]
      [Free CSet: 0.1 ms]
   [Eden: 7152.0M(7152.0M)->0.0B(7152.0M) Survivors: 16384.0K->16384.0K Heap: 10779.6M(14336.0M)->3628.9M(14336.0M)]
 [Times: user=0.08 sys=0.00, real=0.03 secs] 
2022-10-02T18:01:12.550-0600: 282287.629: [GC concurrent-root-region-scan-start]
2022-10-02T18:01:12.562-0600: 282287.642: [GC concurrent-root-region-scan-end, 0.0120695 secs]
2022-10-02T18:01:12.562-0600: 282287.642: [GC concurrent-mark-start]
2022-10-02T18:01:13.966-0600: 282289.046: [GC concurrent-mark-end, 1.4044946 secs]
2022-10-02T18:01:13.966-0600: 282289.046: [GC remark 2022-10-02T18:01:13.966-0600: 282289.046: [Finalize Marking, 0.0022279 secs] 2022-10-02T18:01:13.969-0600: 282289.049: [GC ref-proc, 0.0233999 secs] 2022-10-02T18:01:13.992-0600: 282289.072: [Unloading, 0.0345866 secs], 0.0727137 secs]
 [Times: user=0.22 sys=0.00, real=0.07 secs] 
2022-10-02T18:01:14.039-0600: 282289.119: [GC cleanup 3764M->3764M(14336M), 0.0110519 secs]
 [Times: user=0.02 sys=0.00, real=0.01 secs] 
2022-10-02T18:02:46.790-0600: 282381.869: [GC pause (G1 Evacuation Pause) (young), 0.0297906 secs]
   [Parallel Time: 10.7 ms, GC Workers: 6]
      [GC Worker Start (ms): Min: 282381869.4, Avg: 282381871.6, Max: 282381872.7, Diff: 3.3]
      [Ext Root Scanning (ms): Min: 0.1, Avg: 1.2, Max: 3.4, Diff: 3.3, Sum: 6.9]
      [Update RS (ms): Min: 0.0, Avg: 2.5, Max: 3.2, Diff: 3.2, Sum: 15.0]
         [Processed Buffers: Min: 0, Avg: 11.5, Max: 20, Diff: 20, Sum: 69]
      [Scan RS (ms): Min: 0.0, Avg: 0.0, Max: 0.1, Diff: 0.0, Sum: 0.2]
      [Code Root Scanning (ms): Min: 0.0, Avg: 0.0, Max: 0.0, Diff: 0.0, Sum: 0.0]
      [Object Copy (ms): Min: 2.7, Avg: 3.5, Max: 6.9, Diff: 4.2, Sum: 21.0]
      [Termination (ms): Min: 0.0, Avg: 0.6, Max: 1.0, Diff: 1.0, Sum: 3.6]
         [Termination Attempts: Min: 1, Avg: 6.2, Max: 13, Diff: 12, Sum: 37]
      [GC Worker Other (ms): Min: 0.0, Avg: 0.0, Max: 0.0, Diff: 0.0, Sum: 0.1]
      [GC Worker Total (ms): Min: 6.6, Avg: 7.8, Max: 9.9, Diff: 3.3, Sum: 46.8]
      [GC Worker End (ms): Min: 282381879.4, Avg: 282381879.4, Max: 282381879.8, Diff: 0.4]
   [Code Root Fixup: 0.0 ms]
   [Code Root Purge: 0.0 ms]
   [Clear CT: 0.8 ms]
   [Other: 18.2 ms]
      [Choose CSet: 0.0 ms]
      [Ref Proc: 17.7 ms]
      [Ref Enq: 0.1 ms]
      [Redirty Cards: 0.1 ms]
      [Humongous Register: 0.0 ms]
      [Humongous Reclaim: 0.0 ms]
      [Free CSet: 0.2 ms]
   [Eden: 7152.0M(7152.0M)->0.0B(5712.0M) Survivors: 16384.0K->16384.0K Heap: 10780.9M(14336.0M)->3632.9M(14336.0M)]
 [Times: user=0.08 sys=0.01, real=0.03 secs] 
2022-10-02T18:03:51.494-0600: 282446.574: [GC pause (G1 Evacuation Pause) (mixed), 0.0361095 secs]
   [Parallel Time: 22.5 ms, GC Workers: 6]
      [GC Worker Start (ms): Min: 282446573.9, Avg: 282446576.9, Max: 282446580.7, Diff: 6.8]
      [Ext Root Scanning (ms): Min: 0.0, Avg: 3.4, Max: 12.0, Diff: 12.0, Sum: 20.3]
      [Update RS (ms): Min: 0.0, Avg: 2.6, Max: 4.5, Diff: 4.5, Sum: 15.4]
         [Processed Buffers: Min: 0, Avg: 11.8, Max: 26, Diff: 26, Sum: 71]
      [Scan RS (ms): Min: 0.0, Avg: 0.8, Max: 1.2, Diff: 1.2, Sum: 4.6]
      [Code Root Scanning (ms): Min: 0.0, Avg: 0.0, Max: 0.0, Diff: 0.0, Sum: 0.0]
      [Object Copy (ms): Min: 0.5, Avg: 6.7, Max: 12.2, Diff: 11.7, Sum: 40.2]
      [Termination (ms): Min: 0.0, Avg: 5.7, Max: 6.9, Diff: 6.9, Sum: 34.3]
         [Termination Attempts: Min: 1, Avg: 8.5, Max: 18, Diff: 17, Sum: 51]
      [GC Worker Other (ms): Min: 0.0, Avg: 0.0, Max: 0.0, Diff: 0.0, Sum: 0.1]
      [GC Worker Total (ms): Min: 15.5, Avg: 19.2, Max: 22.2, Diff: 6.8, Sum: 115.0]
      [GC Worker End (ms): Min: 282446596.1, Avg: 282446596.1, Max: 282446596.2, Diff: 0.1]
   [Code Root Fixup: 0.0 ms]
   [Code Root Purge: 0.0 ms]
   [Clear CT: 0.8 ms]
   [Other: 12.8 ms]
      [Choose CSet: 0.0 ms]
      [Ref Proc: 12.4 ms]
      [Ref Enq: 0.1 ms]
      [Redirty Cards: 0.1 ms]
      [Humongous Register: 0.0 ms]
      [Humongous Reclaim: 0.0 ms]
      [Free CSet: 0.1 ms]
   [Eden: 5712.0M(5712.0M)->0.0B(7136.0M) Survivors: 16384.0K->32768.0K Heap: 9344.9M(14336.0M)->3633.3M(14336.0M)]
 [Times: user=0.12 sys=0.00, real=0.03 secs] 
2022-10-02T18:05:16.091-0600: 282531.171: [GC pause (G1 Evacuation Pause) (young), 0.0234083 secs]
   [Parallel Time: 12.3 ms, GC Workers: 6]
      [GC Worker Start (ms): Min: 282531170.9, Avg: 282531174.5, Max: 282531180.7, Diff: 9.9]
      [Ext Root Scanning (ms): Min: 0.0, Avg: 1.1, Max: 3.3, Diff: 3.3, Sum: 6.7]
      [Update RS (ms): Min: 0.0, Avg: 4.1, Max: 6.8, Diff: 6.8, Sum: 24.8]
         [Processed Buffers: Min: 0, Avg: 17.0, Max: 34, Diff: 34, Sum: 102]
      [Scan RS (ms): Min: 0.0, Avg: 0.0, Max: 0.1, Diff: 0.1, Sum: 0.2]
      [Code Root Scanning (ms): Min: 0.0, Avg: 0.0, Max: 0.0, Diff: 0.0, Sum: 0.0]
      [Object Copy (ms): Min: 2.0, Avg: 3.2, Max: 3.9, Diff: 1.9, Sum: 19.2]
      [Termination (ms): Min: 0.0, Avg: 0.0, Max: 0.0, Diff: 0.0, Sum: 0.0]
         [Termination Attempts: Min: 1, Avg: 12.5, Max: 20, Diff: 19, Sum: 75]
      [GC Worker Other (ms): Min: 0.0, Avg: 0.0, Max: 0.0, Diff: 0.0, Sum: 0.1]
      [GC Worker Total (ms): Min: 2.3, Avg: 8.5, Max: 12.2, Diff: 9.9, Sum: 51.0]
      [GC Worker End (ms): Min: 282531183.0, Avg: 282531183.0, Max: 282531183.1, Diff: 0.0]
   [Code Root Fixup: 0.0 ms]
   [Code Root Purge: 0.0 ms]
   [Clear CT: 0.8 ms]
   [Other: 10.3 ms]
      [Choose CSet: 0.0 ms]
      [Ref Proc: 10.0 ms]
      [Ref Enq: 0.1 ms]
      [Redirty Cards: 0.1 ms]
      [Humongous Register: 0.0 ms]
      [Humongous Reclaim: 0.0 ms]
      [Free CSet: 0.1 ms]
   [Eden: 7136.0M(7136.0M)->0.0B(7152.0M) Survivors: 32768.0K->16384.0K Heap: 10769.3M(14336.0M)->3636.6M(14336.0M)]
 [Times: user=0.07 sys=0.00, real=0.03 secs] 
2022-10-02T18:06:40.688-0600: 282615.768: [GC pause (G1 Evacuation Pause) (young) (initial-mark), 0.0324285 secs]
   [Parallel Time: 22.4 ms, GC Workers: 6]
      [GC Worker Start (ms): Min: 282615769.6, Avg: 282615772.6, Max: 282615774.0, Diff: 4.4]
      [Ext Root Scanning (ms): Min: 5.1, Avg: 7.6, Max: 12.2, Diff: 7.1, Sum: 45.8]
      [Update RS (ms): Min: 0.0, Avg: 3.2, Max: 6.7, Diff: 6.7, Sum: 19.4]
         [Processed Buffers: Min: 0, Avg: 12.0, Max: 21, Diff: 21, Sum: 72]
      [Scan RS (ms): Min: 0.0, Avg: 0.0, Max: 0.1, Diff: 0.1, Sum: 0.2]
      [Code Root Scanning (ms): Min: 0.0, Avg: 0.0, Max: 0.0, Diff: 0.0, Sum: 0.0]
      [Object Copy (ms): Min: 0.0, Avg: 3.4, Max: 8.3, Diff: 8.3, Sum: 20.3]
      [Termination (ms): Min: 0.0, Avg: 3.7, Max: 4.5, Diff: 4.5, Sum: 22.1]
         [Termination Attempts: Min: 1, Avg: 11.0, Max: 34, Diff: 33, Sum: 66]
      [GC Worker Other (ms): Min: 0.0, Avg: 0.0, Max: 0.0, Diff: 0.0, Sum: 0.0]
      [GC Worker Total (ms): Min: 16.6, Avg: 18.0, Max: 21.0, Diff: 4.4, Sum: 107.9]
      [GC Worker End (ms): Min: 282615790.5, Avg: 282615790.6, Max: 282615790.7, Diff: 0.1]
   [Code Root Fixup: 0.0 ms]
   [Code Root Purge: 0.0 ms]
   [Clear CT: 0.6 ms]
   [Other: 9.5 ms]
      [Choose CSet: 0.0 ms]
      [Ref Proc: 9.0 ms]
      [Ref Enq: 0.1 ms]
      [Redirty Cards: 0.1 ms]
      [Humongous Register: 0.0 ms]
      [Humongous Reclaim: 0.0 ms]
      [Free CSet: 0.1 ms]
   [Eden: 7152.0M(7152.0M)->0.0B(7152.0M) Survivors: 16384.0K->16384.0K Heap: 10788.6M(14336.0M)->3636.9M(14336.0M)]
 [Times: user=0.09 sys=0.00, real=0.03 secs] 
2022-10-02T18:06:40.721-0600: 282615.801: [GC concurrent-root-region-scan-start]
2022-10-02T18:06:40.732-0600: 282615.811: [GC concurrent-root-region-scan-end, 0.0106378 secs]
2022-10-02T18:06:40.732-0600: 282615.811: [GC concurrent-mark-start]
2022-10-02T18:06:42.125-0600: 282617.205: [GC concurrent-mark-end, 1.3935911 secs]
2022-10-02T18:06:42.127-0600: 282617.206: [GC remark 2022-10-02T18:06:42.127-0600: 282617.206: [Finalize Marking, 0.0024215 secs] 2022-10-02T18:06:42.129-0600: 282617.209: [GC ref-proc, 0.0287033 secs] 2022-10-02T18:06:42.158-0600: 282617.238: [Unloading, 0.0313519 secs], 0.0680385 secs]
 [Times: user=0.24 sys=0.00, real=0.07 secs] 
2022-10-02T18:06:42.195-0600: 282617.275: [GC cleanup 3740M->3740M(14336M), 0.0100785 secs]
 [Times: user=0.02 sys=0.00, real=0.01 secs] 
2022-10-02T18:08:04.495-0600: 282699.575: [GC pause (G1 Evacuation Pause) (young), 0.0246169 secs]
   [Parallel Time: 10.4 ms, GC Workers: 6]
      [GC Worker Start (ms): Min: 282699574.8, Avg: 282699578.5, Max: 282699584.7, Diff: 9.9]
      [Ext Root Scanning (ms): Min: 0.0, Avg: 1.1, Max: 3.2, Diff: 3.2, Sum: 6.6]
      [Update RS (ms): Min: 0.0, Avg: 2.5, Max: 4.9, Diff: 4.9, Sum: 15.3]
         [Processed Buffers: Min: 0, Avg: 14.8, Max: 26, Diff: 26, Sum: 89]
      [Scan RS (ms): Min: 0.0, Avg: 0.0, Max: 0.1, Diff: 0.0, Sum: 0.2]
      [Code Root Scanning (ms): Min: 0.0, Avg: 0.0, Max: 0.0, Diff: 0.0, Sum: 0.0]
      [Object Copy (ms): Min: 0.3, Avg: 2.8, Max: 3.5, Diff: 3.2, Sum: 16.9]
      [Termination (ms): Min: 0.0, Avg: 0.0, Max: 0.0, Diff: 0.0, Sum: 0.0]
         [Termination Attempts: Min: 1, Avg: 7.8, Max: 14, Diff: 13, Sum: 47]
      [GC Worker Other (ms): Min: 0.0, Avg: 0.0, Max: 0.0, Diff: 0.0, Sum: 0.1]
      [GC Worker Total (ms): Min: 0.3, Avg: 6.5, Max: 10.2, Diff: 9.9, Sum: 39.1]
      [GC Worker End (ms): Min: 282699585.0, Avg: 282699585.0, Max: 282699585.1, Diff: 0.0]
   [Code Root Fixup: 0.0 ms]
   [Code Root Purge: 0.0 ms]
   [Clear CT: 0.7 ms]
   [Other: 13.5 ms]
      [Choose CSet: 0.0 ms]
      [Ref Proc: 13.1 ms]
      [Ref Enq: 0.1 ms]
      [Redirty Cards: 0.1 ms]
      [Humongous Register: 0.0 ms]
      [Humongous Reclaim: 0.0 ms]
      [Free CSet: 0.1 ms]
   [Eden: 7152.0M(7152.0M)->0.0B(5712.0M) Survivors: 16384.0K->16384.0K Heap: 10788.9M(14336.0M)->3640.2M(14336.0M)]
 [Times: user=0.08 sys=0.00, real=0.02 secs] 
2022-10-02T18:09:16.687-0600: 282771.767: [GC pause (G1 Evacuation Pause) (mixed), 0.0195095 secs]
   [Parallel Time: 10.4 ms, GC Workers: 6]
      [GC Worker Start (ms): Min: 282771767.4, Avg: 282771767.9, Max: 282771768.7, Diff: 1.4]
      [Ext Root Scanning (ms): Min: 0.1, Avg: 1.3, Max: 3.8, Diff: 3.7, Sum: 7.6]
      [Update RS (ms): Min: 1.4, Avg: 3.4, Max: 3.9, Diff: 2.5, Sum: 20.5]
         [Processed Buffers: Min: 12, Avg: 14.7, Max: 18, Diff: 6, Sum: 88]
      [Scan RS (ms): Min: 0.6, Avg: 0.7, Max: 0.8, Diff: 0.2, Sum: 4.4]
      [Code Root Scanning (ms): Min: 0.0, Avg: 0.0, Max: 0.0, Diff: 0.0, Sum: 0.0]
      [Object Copy (ms): Min: 4.3, Avg: 4.4, Max: 4.5, Diff: 0.2, Sum: 26.2]
      [Termination (ms): Min: 0.0, Avg: 0.0, Max: 0.0, Diff: 0.0, Sum: 0.1]
         [Termination Attempts: Min: 6, Avg: 11.2, Max: 15, Diff: 9, Sum: 67]
      [GC Worker Other (ms): Min: 0.0, Avg: 0.0, Max: 0.0, Diff: 0.0, Sum: 0.1]
      [GC Worker Total (ms): Min: 9.0, Avg: 9.8, Max: 10.4, Diff: 1.4, Sum: 58.8]
      [GC Worker End (ms): Min: 282771777.7, Avg: 282771777.7, Max: 282771777.7, Diff: 0.0]
   [Code Root Fixup: 0.0 ms]
   [Code Root Purge: 0.0 ms]
   [Clear CT: 0.9 ms]
   [Other: 8.2 ms]
      [Choose CSet: 0.0 ms]
      [Ref Proc: 7.8 ms]
      [Ref Enq: 0.1 ms]
      [Redirty Cards: 0.1 ms]
      [Humongous Register: 0.0 ms]
      [Humongous Reclaim: 0.0 ms]
      [Free CSet: 0.1 ms]
   [Eden: 5712.0M(5712.0M)->0.0B(7152.0M) Survivors: 16384.0K->16384.0K Heap: 9352.2M(14336.0M)->3637.3M(14336.0M)]
 [Times: user=0.08 sys=0.00, real=0.02 secs] 
2022-10-02T18:10:49.894-0600: 282864.974: [GC pause (G1 Evacuation Pause) (young), 0.0215632 secs]
   [Parallel Time: 10.1 ms, GC Workers: 6]
      [GC Worker Start (ms): Min: 282864973.7, Avg: 282864975.2, Max: 282864976.7, Diff: 3.1]
      [Ext Root Scanning (ms): Min: 0.0, Avg: 1.0, Max: 3.2, Diff: 3.1, Sum: 6.3]
      [Update RS (ms): Min: 4.4, Avg: 5.0, Max: 6.1, Diff: 1.7, Sum: 30.3]
         [Processed Buffers: Min: 19, Avg: 25.3, Max: 35, Diff: 16, Sum: 152]
      [Scan RS (ms): Min: 0.0, Avg: 0.0, Max: 0.1, Diff: 0.1, Sum: 0.2]
      [Code Root Scanning (ms): Min: 0.0, Avg: 0.0, Max: 0.0, Diff: 0.0, Sum: 0.0]
      [Object Copy (ms): Min: 2.3, Avg: 2.3, Max: 2.4, Diff: 0.1, Sum: 13.9]
      [Termination (ms): Min: 0.0, Avg: 0.0, Max: 0.0, Diff: 0.0, Sum: 0.0]
         [Termination Attempts: Min: 1, Avg: 15.8, Max: 21, Diff: 20, Sum: 95]
      [GC Worker Other (ms): Min: 0.0, Avg: 0.0, Max: 0.1, Diff: 0.0, Sum: 0.2]
      [GC Worker Total (ms): Min: 7.0, Avg: 8.5, Max: 10.0, Diff: 3.1, Sum: 50.9]
      [GC Worker End (ms): Min: 282864983.7, Avg: 282864983.7, Max: 282864983.7, Diff: 0.0]
   [Code Root Fixup: 0.0 ms]
   [Code Root Purge: 0.0 ms]
   [Clear CT: 0.7 ms]
   [Other: 10.7 ms]
      [Choose CSet: 0.0 ms]
      [Ref Proc: 10.3 ms]
      [Ref Enq: 0.1 ms]
      [Redirty Cards: 0.1 ms]
      [Humongous Register: 0.0 ms]
      [Humongous Reclaim: 0.0 ms]
      [Free CSet: 0.1 ms]
   [Eden: 7152.0M(7152.0M)->0.0B(7152.0M) Survivors: 16384.0K->16384.0K Heap: 10789.3M(14336.0M)->3640.3M(14336.0M)]
 [Times: user=0.08 sys=0.00, real=0.02 secs] 
2022-10-02T18:12:29.891-0600: 282964.971: [GC pause (G1 Evacuation Pause) (young) (initial-mark), 0.0257466 secs]
   [Parallel Time: 11.9 ms, GC Workers: 6]
      [GC Worker Start (ms): Min: 282964972.2, Avg: 282964973.8, Max: 282964975.1, Diff: 2.8]
      [Ext Root Scanning (ms): Min: 2.6, Avg: 4.7, Max: 7.4, Diff: 4.8, Sum: 28.0]
      [Update RS (ms): Min: 0.0, Avg: 2.3, Max: 3.0, Diff: 3.0, Sum: 14.1]
         [Processed Buffers: Min: 0, Avg: 10.2, Max: 18, Diff: 18, Sum: 61]
      [Scan RS (ms): Min: 0.0, Avg: 0.0, Max: 0.1, Diff: 0.1, Sum: 0.2]
      [Code Root Scanning (ms): Min: 0.0, Avg: 0.0, Max: 0.0, Diff: 0.0, Sum: 0.0]
      [Object Copy (ms): Min: 0.2, Avg: 1.9, Max: 2.4, Diff: 2.1, Sum: 11.3]
      [Termination (ms): Min: 0.0, Avg: 0.0, Max: 0.0, Diff: 0.0, Sum: 0.0]
         [Termination Attempts: Min: 1, Avg: 2.7, Max: 6, Diff: 5, Sum: 16]
      [GC Worker Other (ms): Min: 0.0, Avg: 0.0, Max: 0.0, Diff: 0.0, Sum: 0.1]
      [GC Worker Total (ms): Min: 7.6, Avg: 8.9, Max: 10.5, Diff: 2.9, Sum: 53.7]
      [GC Worker End (ms): Min: 282964982.7, Avg: 282964982.7, Max: 282964982.7, Diff: 0.0]
   [Code Root Fixup: 0.0 ms]
   [Code Root Purge: 0.0 ms]
   [Clear CT: 0.8 ms]
   [Other: 13.1 ms]
      [Choose CSet: 0.0 ms]
      [Ref Proc: 12.6 ms]
      [Ref Enq: 0.1 ms]
      [Redirty Cards: 0.1 ms]
      [Humongous Register: 0.0 ms]
      [Humongous Reclaim: 0.0 ms]
      [Free CSet: 0.2 ms]
   [Eden: 7152.0M(7152.0M)->0.0B(7152.0M) Survivors: 16384.0K->16384.0K Heap: 10792.3M(14336.0M)->3642.3M(14336.0M)]
 [Times: user=0.08 sys=0.00, real=0.03 secs] 
2022-10-02T18:12:29.917-0600: 282964.997: [GC concurrent-root-region-scan-start]
2022-10-02T18:12:29.923-0600: 282965.003: [GC concurrent-root-region-scan-end, 0.0063095 secs]
2022-10-02T18:12:29.923-0600: 282965.003: [GC concurrent-mark-start]
2022-10-02T18:12:31.291-0600: 282966.370: [GC concurrent-mark-end, 1.3674725 secs]
2022-10-02T18:12:31.291-0600: 282966.371: [GC remark 2022-10-02T18:12:31.291-0600: 282966.371: [Finalize Marking, 0.0022501 secs] 2022-10-02T18:12:31.293-0600: 282966.373: [GC ref-proc, 0.0242607 secs] 2022-10-02T18:12:31.317-0600: 282966.397: [Unloading, 0.0393063 secs], 0.0704981 secs]
 [Times: user=0.23 sys=0.00, real=0.07 secs] 
2022-10-02T18:12:31.361-0600: 282966.441: [GC cleanup 3730M->3730M(14336M), 0.0099679 secs]
 [Times: user=0.03 sys=0.00, real=0.01 secs] 
2022-10-02T18:14:08.392-0600: 283063.472: [GC pause (G1 Evacuation Pause) (young), 0.0252483 secs]
   [Parallel Time: 12.9 ms, GC Workers: 6]
      [GC Worker Start (ms): Min: 283063472.1, Avg: 283063475.8, Max: 283063480.7, Diff: 8.7]
      [Ext Root Scanning (ms): Min: 0.0, Avg: 1.1, Max: 3.1, Diff: 3.1, Sum: 6.6]
      [Update RS (ms): Min: 0.0, Avg: 2.1, Max: 4.1, Diff: 4.1, Sum: 12.7]
         [Processed Buffers: Min: 0, Avg: 10.5, Max: 21, Diff: 21, Sum: 63]
      [Scan RS (ms): Min: 0.0, Avg: 0.0, Max: 0.1, Diff: 0.1, Sum: 0.2]
      [Code Root Scanning (ms): Min: 0.0, Avg: 0.0, Max: 0.0, Diff: 0.0, Sum: 0.0]
      [Object Copy (ms): Min: 0.5, Avg: 2.8, Max: 6.4, Diff: 5.8, Sum: 16.6]
      [Termination (ms): Min: 0.0, Avg: 2.9, Max: 3.6, Diff: 3.6, Sum: 17.4]
         [Termination Attempts: Min: 1, Avg: 5.5, Max: 9, Diff: 8, Sum: 33]
      [GC Worker Other (ms): Min: 0.0, Avg: 0.0, Max: 0.0, Diff: 0.0, Sum: 0.0]
      [GC Worker Total (ms): Min: 4.0, Avg: 8.9, Max: 12.8, Diff: 8.8, Sum: 53.5]
      [GC Worker End (ms): Min: 283063484.7, Avg: 283063484.7, Max: 283063484.9, Diff: 0.2]
   [Code Root Fixup: 0.0 ms]
   [Code Root Purge: 0.0 ms]
   [Clear CT: 0.8 ms]
   [Other: 11.5 ms]
      [Choose CSet: 0.0 ms]
      [Ref Proc: 11.1 ms]
      [Ref Enq: 0.1 ms]
      [Redirty Cards: 0.1 ms]
      [Humongous Register: 0.0 ms]
      [Humongous Reclaim: 0.0 ms]
      [Free CSet: 0.1 ms]
   [Eden: 7152.0M(7152.0M)->0.0B(5712.0M) Survivors: 16384.0K->16384.0K Heap: 10794.3M(14336.0M)->3645.5M(14336.0M)]
 [Times: user=0.08 sys=0.00, real=0.03 secs] 
2022-10-02T18:15:29.039-0600: 283144.119: [GC pause (G1 Evacuation Pause) (mixed), 0.0295400 secs]
   [Parallel Time: 14.4 ms, GC Workers: 6]
      [GC Worker Start (ms): Min: 283144118.8, Avg: 283144119.4, Max: 283144120.7, Diff: 1.9]
      [Ext Root Scanning (ms): Min: 0.4, Avg: 2.5, Max: 5.4, Diff: 5.0, Sum: 14.9]
      [Update RS (ms): Min: 0.0, Avg: 1.7, Max: 2.4, Diff: 2.4, Sum: 10.1]
         [Processed Buffers: Min: 0, Avg: 8.5, Max: 12, Diff: 12, Sum: 51]
      [Scan RS (ms): Min: 0.9, Avg: 1.9, Max: 2.2, Diff: 1.3, Sum: 11.6]
      [Code Root Scanning (ms): Min: 0.0, Avg: 0.0, Max: 0.0, Diff: 0.0, Sum: 0.0]
      [Object Copy (ms): Min: 7.3, Avg: 7.3, Max: 7.5, Diff: 0.2, Sum: 44.1]
      [Termination (ms): Min: 0.0, Avg: 0.0, Max: 0.0, Diff: 0.0, Sum: 0.1]
         [Termination Attempts: Min: 1, Avg: 16.0, Max: 25, Diff: 24, Sum: 96]
      [GC Worker Other (ms): Min: 0.0, Avg: 0.0, Max: 0.0, Diff: 0.0, Sum: 0.1]
      [GC Worker Total (ms): Min: 12.2, Avg: 13.5, Max: 14.1, Diff: 1.9, Sum: 80.9]
      [GC Worker End (ms): Min: 283144132.9, Avg: 283144132.9, Max: 283144132.9, Diff: 0.0]
   [Code Root Fixup: 0.0 ms]
   [Code Root Purge: 0.0 ms]
   [Clear CT: 0.8 ms]
   [Other: 14.3 ms]
      [Choose CSet: 0.0 ms]
      [Ref Proc: 13.9 ms]
      [Ref Enq: 0.1 ms]
      [Redirty Cards: 0.2 ms]
      [Humongous Register: 0.0 ms]
      [Humongous Reclaim: 0.0 ms]
      [Free CSet: 0.1 ms]
   [Eden: 5712.0M(5712.0M)->0.0B(7152.0M) Survivors: 16384.0K->16384.0K Heap: 9357.5M(14336.0M)->3624.3M(14336.0M)]
 [Times: user=0.10 sys=0.00, real=0.03 secs] 
2022-10-02T18:17:10.088-0600: 283245.168: [GC pause (G1 Evacuation Pause) (young), 0.0230602 secs]
   [Parallel Time: 13.4 ms, GC Workers: 6]
      [GC Worker Start (ms): Min: 283245168.4, Avg: 283245171.1, Max: 283245175.9, Diff: 7.5]
      [Ext Root Scanning (ms): Min: 0.0, Avg: 1.1, Max: 3.1, Diff: 3.1, Sum: 6.3]
      [Update RS (ms): Min: 4.1, Avg: 7.8, Max: 9.6, Diff: 5.5, Sum: 47.0]
         [Processed Buffers: Min: 9, Avg: 31.0, Max: 56, Diff: 47, Sum: 186]
      [Scan RS (ms): Min: 0.0, Avg: 0.0, Max: 0.1, Diff: 0.1, Sum: 0.2]
      [Code Root Scanning (ms): Min: 0.0, Avg: 0.0, Max: 0.0, Diff: 0.0, Sum: 0.0]
      [Object Copy (ms): Min: 0.9, Avg: 1.6, Max: 2.0, Diff: 1.0, Sum: 9.9]
      [Termination (ms): Min: 0.0, Avg: 0.0, Max: 0.0, Diff: 0.0, Sum: 0.0]
         [Termination Attempts: Min: 1, Avg: 2.2, Max: 4, Diff: 3, Sum: 13]
      [GC Worker Other (ms): Min: 0.0, Avg: 0.0, Max: 0.0, Diff: 0.0, Sum: 0.1]
      [GC Worker Total (ms): Min: 5.8, Avg: 10.6, Max: 13.4, Diff: 7.5, Sum: 63.5]
      [GC Worker End (ms): Min: 283245181.7, Avg: 283245181.7, Max: 283245181.7, Diff: 0.0]
   [Code Root Fixup: 0.0 ms]
   [Code Root Purge: 0.0 ms]
   [Clear CT: 1.0 ms]
   [Other: 8.7 ms]
      [Choose CSet: 0.0 ms]
      [Ref Proc: 8.3 ms]
      [Ref Enq: 0.1 ms]
      [Redirty Cards: 0.0 ms]
      [Humongous Register: 0.0 ms]
      [Humongous Reclaim: 0.0 ms]
      [Free CSet: 0.1 ms]
   [Eden: 7152.0M(7152.0M)->0.0B(7152.0M) Survivors: 16384.0K->16384.0K Heap: 10776.3M(14336.0M)->3645.8M(14336.0M)]
 [Times: user=0.07 sys=0.00, real=0.02 secs] 
2022-10-02T18:18:49.538-0600: 283344.617: [GC pause (G1 Evacuation Pause) (young) (initial-mark), 0.0301013 secs]
   [Parallel Time: 16.8 ms, GC Workers: 6]
      [GC Worker Start (ms): Min: 283344618.8, Avg: 283344622.3, Max: 283344623.7, Diff: 4.9]
      [Ext Root Scanning (ms): Min: 2.4, Avg: 7.0, Max: 14.6, Diff: 12.3, Sum: 42.1]
      [Update RS (ms): Min: 0.0, Avg: 1.9, Max: 3.9, Diff: 3.9, Sum: 11.5]
         [Processed Buffers: Min: 0, Avg: 10.5, Max: 32, Diff: 32, Sum: 63]
      [Scan RS (ms): Min: 0.0, Avg: 0.0, Max: 0.1, Diff: 0.1, Sum: 0.2]
      [Code Root Scanning (ms): Min: 0.0, Avg: 0.0, Max: 0.0, Diff: 0.0, Sum: 0.0]
      [Object Copy (ms): Min: 0.0, Avg: 2.2, Max: 3.4, Diff: 3.4, Sum: 12.9]
      [Termination (ms): Min: 0.0, Avg: 0.8, Max: 1.1, Diff: 1.1, Sum: 4.7]
         [Termination Attempts: Min: 1, Avg: 2.2, Max: 5, Diff: 4, Sum: 13]
      [GC Worker Other (ms): Min: 0.0, Avg: 0.0, Max: 0.0, Diff: 0.0, Sum: 0.0]
      [GC Worker Total (ms): Min: 10.4, Avg: 11.9, Max: 15.5, Diff: 5.1, Sum: 71.5]
      [GC Worker End (ms): Min: 283344634.1, Avg: 283344634.2, Max: 283344634.3, Diff: 0.2]
   [Code Root Fixup: 0.0 ms]
   [Code Root Purge: 0.0 ms]
   [Clear CT: 0.9 ms]
   [Other: 12.3 ms]
      [Choose CSet: 0.0 ms]
      [Ref Proc: 12.0 ms]
      [Ref Enq: 0.1 ms]
      [Redirty Cards: 0.1 ms]
      [Humongous Register: 0.0 ms]
      [Humongous Reclaim: 0.0 ms]
      [Free CSet: 0.1 ms]
   [Eden: 7152.0M(7152.0M)->0.0B(7152.0M) Survivors: 16384.0K->16384.0K Heap: 10797.8M(14336.0M)->3651.1M(14336.0M)]
 [Times: user=0.09 sys=0.00, real=0.03 secs] 
2022-10-02T18:18:49.568-0600: 283344.648: [GC concurrent-root-region-scan-start]
2022-10-02T18:18:49.577-0600: 283344.657: [GC concurrent-root-region-scan-end, 0.0088352 secs]
2022-10-02T18:18:49.577-0600: 283344.657: [GC concurrent-mark-start]
2022-10-02T18:18:50.965-0600: 283346.045: [GC concurrent-mark-end, 1.3881662 secs]
2022-10-02T18:18:50.965-0600: 283346.045: [GC remark 2022-10-02T18:18:50.965-0600: 283346.045: [Finalize Marking, 0.0020752 secs] 2022-10-02T18:18:50.967-0600: 283346.047: [GC ref-proc, 0.0299077 secs] 2022-10-02T18:18:50.997-0600: 283346.077: [Unloading, 0.0326240 secs], 0.0724678 secs]
 [Times: user=0.23 sys=0.00, real=0.07 secs] 
2022-10-02T18:18:51.038-0600: 283346.118: [GC cleanup 3755M->3755M(14336M), 0.0082824 secs]
 [Times: user=0.03 sys=0.00, real=0.01 secs] 
2022-10-02T18:20:30.036-0600: 283445.116: [GC pause (G1 Evacuation Pause) (young), 0.0214403 secs]
   [Parallel Time: 7.3 ms, GC Workers: 6]
      [GC Worker Start (ms): Min: 283445116.4, Avg: 283445117.8, Max: 283445123.7, Diff: 7.2]
      [Ext Root Scanning (ms): Min: 0.0, Avg: 1.3, Max: 3.6, Diff: 3.6, Sum: 7.7]
      [Update RS (ms): Min: 0.0, Avg: 2.1, Max: 3.0, Diff: 3.0, Sum: 12.3]
         [Processed Buffers: Min: 0, Avg: 10.2, Max: 19, Diff: 19, Sum: 61]
      [Scan RS (ms): Min: 0.0, Avg: 0.0, Max: 0.1, Diff: 0.1, Sum: 0.2]
      [Code Root Scanning (ms): Min: 0.0, Avg: 0.0, Max: 0.0, Diff: 0.0, Sum: 0.0]
      [Object Copy (ms): Min: 0.0, Avg: 2.0, Max: 2.6, Diff: 2.6, Sum: 12.1]
      [Termination (ms): Min: 0.0, Avg: 0.5, Max: 0.6, Diff: 0.6, Sum: 3.1]
         [Termination Attempts: Min: 1, Avg: 1.7, Max: 3, Diff: 2, Sum: 10]
      [GC Worker Other (ms): Min: 0.0, Avg: 0.0, Max: 0.0, Diff: 0.0, Sum: 0.0]
      [GC Worker Total (ms): Min: 0.0, Avg: 5.9, Max: 7.3, Diff: 7.3, Sum: 35.5]
      [GC Worker End (ms): Min: 283445123.7, Avg: 283445123.7, Max: 283445123.7, Diff: 0.0]
   [Code Root Fixup: 0.0 ms]
   [Code Root Purge: 0.0 ms]
   [Clear CT: 0.9 ms]
   [Other: 13.2 ms]
      [Choose CSet: 0.0 ms]
      [Ref Proc: 12.8 ms]
      [Ref Enq: 0.1 ms]
      [Redirty Cards: 0.1 ms]
      [Humongous Register: 0.0 ms]
      [Humongous Reclaim: 0.0 ms]
      [Free CSet: 0.1 ms]
   [Eden: 7152.0M(7152.0M)->0.0B(5712.0M) Survivors: 16384.0K->16384.0K Heap: 10803.1M(14336.0M)->3655.4M(14336.0M)]
 [Times: user=0.08 sys=0.00, real=0.02 secs] 
2022-10-02T18:21:46.293-0600: 283521.373: [GC pause (G1 Evacuation Pause) (mixed), 0.0266871 secs]
   [Parallel Time: 18.1 ms, GC Workers: 6]
      [GC Worker Start (ms): Min: 283521372.8, Avg: 283521376.1, Max: 283521378.3, Diff: 5.5]
      [Ext Root Scanning (ms): Min: 0.0, Avg: 1.1, Max: 4.1, Diff: 4.1, Sum: 6.7]
      [Update RS (ms): Min: 1.4, Avg: 3.3, Max: 8.3, Diff: 6.9, Sum: 19.7]
         [Processed Buffers: Min: 5, Avg: 11.5, Max: 15, Diff: 10, Sum: 69]
      [Scan RS (ms): Min: 0.0, Avg: 1.1, Max: 1.4, Diff: 1.4, Sum: 6.5]
      [Code Root Scanning (ms): Min: 0.0, Avg: 0.0, Max: 0.0, Diff: 0.0, Sum: 0.0]
      [Object Copy (ms): Min: 0.0, Avg: 3.1, Max: 3.8, Diff: 3.8, Sum: 18.4]
      [Termination (ms): Min: 0.0, Avg: 0.7, Max: 0.9, Diff: 0.9, Sum: 4.0]
         [Termination Attempts: Min: 1, Avg: 34.3, Max: 65, Diff: 64, Sum: 206]
      [GC Worker Other (ms): Min: 0.0, Avg: 0.0, Max: 0.0, Diff: 0.0, Sum: 0.0]
      [GC Worker Total (ms): Min: 7.0, Avg: 9.2, Max: 12.5, Diff: 5.5, Sum: 55.5]
      [GC Worker End (ms): Min: 283521385.3, Avg: 283521385.3, Max: 283521385.3, Diff: 0.0]
   [Code Root Fixup: 0.0 ms]
   [Code Root Purge: 0.0 ms]
   [Clear CT: 0.5 ms]
   [Other: 8.1 ms]
      [Choose CSet: 0.0 ms]
      [Ref Proc: 7.7 ms]
      [Ref Enq: 0.1 ms]
      [Redirty Cards: 0.1 ms]
      [Humongous Register: 0.0 ms]
      [Humongous Reclaim: 0.0 ms]
      [Free CSet: 0.1 ms]
   [Eden: 5712.0M(5712.0M)->0.0B(7152.0M) Survivors: 16384.0K->16384.0K Heap: 9367.4M(14336.0M)->3628.1M(14336.0M)]
 [Times: user=0.08 sys=0.00, real=0.02 secs] 
2022-10-02T18:23:23.842-0600: 283618.922: [GC pause (G1 Evacuation Pause) (young), 0.0261521 secs]
   [Parallel Time: 9.9 ms, GC Workers: 6]
      [GC Worker Start (ms): Min: 283618921.9, Avg: 283618922.5, Max: 283618923.7, Diff: 1.8]
      [Ext Root Scanning (ms): Min: 0.0, Avg: 1.5, Max: 3.3, Diff: 3.3, Sum: 9.0]
      [Update RS (ms): Min: 3.3, Avg: 4.8, Max: 7.9, Diff: 4.6, Sum: 29.1]
         [Processed Buffers: Min: 7, Avg: 19.2, Max: 28, Diff: 21, Sum: 115]
      [Scan RS (ms): Min: 0.0, Avg: 0.0, Max: 0.1, Diff: 0.1, Sum: 0.2]
      [Code Root Scanning (ms): Min: 0.0, Avg: 0.0, Max: 0.0, Diff: 0.0, Sum: 0.0]
      [Object Copy (ms): Min: 0.0, Avg: 2.1, Max: 2.6, Diff: 2.6, Sum: 12.3]
      [Termination (ms): Min: 0.0, Avg: 0.7, Max: 0.8, Diff: 0.8, Sum: 4.0]
         [Termination Attempts: Min: 1, Avg: 14.8, Max: 24, Diff: 23, Sum: 89]
      [GC Worker Other (ms): Min: 0.0, Avg: 0.0, Max: 0.0, Diff: 0.0, Sum: 0.0]
      [GC Worker Total (ms): Min: 7.9, Avg: 9.1, Max: 9.8, Diff: 1.9, Sum: 54.8]
      [GC Worker End (ms): Min: 283618931.6, Avg: 283618931.6, Max: 283618931.7, Diff: 0.1]
   [Code Root Fixup: 0.0 ms]
   [Code Root Purge: 0.0 ms]
   [Clear CT: 0.8 ms]
   [Other: 15.5 ms]
      [Choose CSet: 0.0 ms]
      [Ref Proc: 15.1 ms]
      [Ref Enq: 0.1 ms]
      [Redirty Cards: 0.1 ms]
      [Humongous Register: 0.0 ms]
      [Humongous Reclaim: 0.0 ms]
      [Free CSet: 0.1 ms]
   [Eden: 7152.0M(7152.0M)->0.0B(7152.0M) Survivors: 16384.0K->16384.0K Heap: 10780.1M(14336.0M)->3632.5M(14336.0M)]
 [Times: user=0.10 sys=0.00, real=0.03 secs] 
2022-10-02T18:25:01.986-0600: 283717.066: [GC pause (G1 Evacuation Pause) (young) (initial-mark), 0.0273438 secs]
   [Parallel Time: 13.9 ms, GC Workers: 6]
      [GC Worker Start (ms): Min: 283717067.5, Avg: 283717068.2, Max: 283717069.6, Diff: 2.2]
      [Ext Root Scanning (ms): Min: 3.4, Avg: 4.7, Max: 7.2, Diff: 3.7, Sum: 28.4]
      [Update RS (ms): Min: 0.0, Avg: 2.0, Max: 2.6, Diff: 2.6, Sum: 12.1]
         [Processed Buffers: Min: 0, Avg: 9.8, Max: 17, Diff: 17, Sum: 59]
      [Scan RS (ms): Min: 0.0, Avg: 0.1, Max: 0.2, Diff: 0.2, Sum: 0.3]
      [Code Root Scanning (ms): Min: 0.0, Avg: 0.0, Max: 0.0, Diff: 0.0, Sum: 0.0]
      [Object Copy (ms): Min: 0.6, Avg: 2.8, Max: 5.2, Diff: 4.5, Sum: 16.8]
      [Termination (ms): Min: 0.0, Avg: 2.0, Max: 2.5, Diff: 2.5, Sum: 11.9]
         [Termination Attempts: Min: 1, Avg: 17.7, Max: 32, Diff: 31, Sum: 106]
      [GC Worker Other (ms): Min: 0.0, Avg: 0.0, Max: 0.0, Diff: 0.0, Sum: 0.0]
      [GC Worker Total (ms): Min: 10.2, Avg: 11.6, Max: 12.3, Diff: 2.2, Sum: 69.6]
      [GC Worker End (ms): Min: 283717079.8, Avg: 283717079.8, Max: 283717080.0, Diff: 0.1]
   [Code Root Fixup: 0.0 ms]
   [Code Root Purge: 0.0 ms]
   [Clear CT: 0.8 ms]
   [Other: 12.7 ms]
      [Choose CSet: 0.0 ms]
      [Ref Proc: 12.3 ms]
      [Ref Enq: 0.1 ms]
      [Redirty Cards: 0.1 ms]
      [Humongous Register: 0.0 ms]
      [Humongous Reclaim: 0.0 ms]
      [Free CSet: 0.1 ms]
   [Eden: 7152.0M(7152.0M)->0.0B(7152.0M) Survivors: 16384.0K->16384.0K Heap: 10784.5M(14336.0M)->3638.2M(14336.0M)]
 [Times: user=0.09 sys=0.00, real=0.03 secs] 
2022-10-02T18:25:02.014-0600: 283717.094: [GC concurrent-root-region-scan-start]
2022-10-02T18:25:02.020-0600: 283717.100: [GC concurrent-root-region-scan-end, 0.0064354 secs]
2022-10-02T18:25:02.020-0600: 283717.100: [GC concurrent-mark-start]
2022-10-02T18:25:03.377-0600: 283718.457: [GC concurrent-mark-end, 1.3571965 secs]
2022-10-02T18:25:03.377-0600: 283718.457: [GC remark 2022-10-02T18:25:03.377-0600: 283718.457: [Finalize Marking, 0.0017371 secs] 2022-10-02T18:25:03.379-0600: 283718.459: [GC ref-proc, 0.0274244 secs] 2022-10-02T18:25:03.407-0600: 283718.487: [Unloading, 0.0301172 secs], 0.0645535 secs]
 [Times: user=0.25 sys=0.00, real=0.06 secs] 
2022-10-02T18:25:03.442-0600: 283718.522: [GC cleanup 3744M->3744M(14336M), 0.0093114 secs]
 [Times: user=0.03 sys=0.00, real=0.01 secs] 
2022-10-02T18:26:39.502-0600: 283814.581: [GC pause (G1 Evacuation Pause) (young), 0.0168076 secs]
   [Parallel Time: 6.7 ms, GC Workers: 6]
      [GC Worker Start (ms): Min: 283814581.5, Avg: 283814582.4, Max: 283814584.7, Diff: 3.2]
      [Ext Root Scanning (ms): Min: 0.0, Avg: 1.2, Max: 3.4, Diff: 3.4, Sum: 7.3]
      [Update RS (ms): Min: 1.1, Avg: 2.3, Max: 2.9, Diff: 1.8, Sum: 13.7]
         [Processed Buffers: Min: 8, Avg: 11.2, Max: 18, Diff: 10, Sum: 67]
      [Scan RS (ms): Min: 0.0, Avg: 0.0, Max: 0.1, Diff: 0.1, Sum: 0.3]
      [Code Root Scanning (ms): Min: 0.0, Avg: 0.0, Max: 0.0, Diff: 0.0, Sum: 0.0]
      [Object Copy (ms): Min: 1.9, Avg: 2.0, Max: 2.2, Diff: 0.3, Sum: 12.2]
      [Termination (ms): Min: 0.1, Avg: 0.1, Max: 0.1, Diff: 0.1, Sum: 0.4]
         [Termination Attempts: Min: 26, Avg: 42.2, Max: 55, Diff: 29, Sum: 253]
      [GC Worker Other (ms): Min: 0.0, Avg: 0.0, Max: 0.0, Diff: 0.0, Sum: 0.0]
      [GC Worker Total (ms): Min: 3.4, Avg: 5.7, Max: 6.6, Diff: 3.2, Sum: 34.0]
      [GC Worker End (ms): Min: 283814588.1, Avg: 283814588.1, Max: 283814588.1, Diff: 0.0]
   [Code Root Fixup: 0.0 ms]
   [Code Root Purge: 0.0 ms]
   [Clear CT: 0.8 ms]
   [Other: 9.3 ms]
      [Choose CSet: 0.0 ms]
      [Ref Proc: 8.9 ms]
      [Ref Enq: 0.1 ms]
      [Redirty Cards: 0.1 ms]
      [Humongous Register: 0.0 ms]
      [Humongous Reclaim: 0.0 ms]
      [Free CSet: 0.1 ms]
   [Eden: 7152.0M(7152.0M)->0.0B(5712.0M) Survivors: 16384.0K->16384.0K Heap: 10790.2M(14336.0M)->3636.6M(14336.0M)]
 [Times: user=0.06 sys=0.00, real=0.02 secs] 
2022-10-02T18:27:57.196-0600: 283892.276: [GC pause (GCLocker Initiated GC) (mixed), 0.0234292 secs]
   [Parallel Time: 8.7 ms, GC Workers: 6]
      [GC Worker Start (ms): Min: 283892276.4, Avg: 283892278.6, Max: 283892280.7, Diff: 4.3]
      [Ext Root Scanning (ms): Min: 0.0, Avg: 1.2, Max: 3.2, Diff: 3.2, Sum: 7.3]
      [Update RS (ms): Min: 1.1, Avg: 1.9, Max: 3.0, Diff: 2.0, Sum: 11.5]
         [Processed Buffers: Min: 5, Avg: 9.0, Max: 14, Diff: 9, Sum: 54]
      [Scan RS (ms): Min: 0.4, Avg: 0.5, Max: 0.6, Diff: 0.2, Sum: 2.9]
      [Code Root Scanning (ms): Min: 0.0, Avg: 0.0, Max: 0.0, Diff: 0.0, Sum: 0.0]
      [Object Copy (ms): Min: 2.7, Avg: 2.8, Max: 3.0, Diff: 0.3, Sum: 16.8]
      [Termination (ms): Min: 0.0, Avg: 0.0, Max: 0.0, Diff: 0.0, Sum: 0.0]
         [Termination Attempts: Min: 1, Avg: 2.3, Max: 4, Diff: 3, Sum: 14]
      [GC Worker Other (ms): Min: 0.0, Avg: 0.0, Max: 0.0, Diff: 0.0, Sum: 0.1]
      [GC Worker Total (ms): Min: 4.3, Avg: 6.4, Max: 8.7, Diff: 4.3, Sum: 38.6]
      [GC Worker End (ms): Min: 283892285.1, Avg: 283892285.1, Max: 283892285.1, Diff: 0.0]
   [Code Root Fixup: 0.0 ms]
   [Code Root Purge: 0.0 ms]
   [Clear CT: 0.6 ms]
   [Other: 14.0 ms]
      [Choose CSet: 0.0 ms]
      [Ref Proc: 13.6 ms]
      [Ref Enq: 0.1 ms]
      [Redirty Cards: 0.1 ms]
      [Humongous Register: 0.0 ms]
      [Humongous Reclaim: 0.0 ms]
      [Free CSet: 0.1 ms]
   [Eden: 5712.0M(5712.0M)->0.0B(7152.0M) Survivors: 16384.0K->16384.0K Heap: 9348.6M(14336.0M)->3625.3M(14336.0M)]
 [Times: user=0.08 sys=0.00, real=0.02 secs] 
2022-10-02T18:29:36.587-0600: 283991.667: [GC pause (G1 Evacuation Pause) (young), 0.0171851 secs]
   [Parallel Time: 6.8 ms, GC Workers: 6]
      [GC Worker Start (ms): Min: 283991666.8, Avg: 283991667.4, Max: 283991668.7, Diff: 2.0]
      [Ext Root Scanning (ms): Min: 0.0, Avg: 1.2, Max: 3.5, Diff: 3.5, Sum: 7.5]
      [Update RS (ms): Min: 1.6, Avg: 3.0, Max: 3.6, Diff: 1.9, Sum: 18.3]
         [Processed Buffers: Min: 8, Avg: 14.3, Max: 23, Diff: 15, Sum: 86]
      [Scan RS (ms): Min: 0.0, Avg: 0.0, Max: 0.1, Diff: 0.1, Sum: 0.2]
      [Code Root Scanning (ms): Min: 0.0, Avg: 0.0, Max: 0.0, Diff: 0.0, Sum: 0.0]
      [Object Copy (ms): Min: 1.6, Avg: 1.7, Max: 1.8, Diff: 0.2, Sum: 10.4]
      [Termination (ms): Min: 0.0, Avg: 0.0, Max: 0.0, Diff: 0.0, Sum: 0.0]
         [Termination Attempts: Min: 1, Avg: 2.8, Max: 4, Diff: 3, Sum: 17]
      [GC Worker Other (ms): Min: 0.0, Avg: 0.0, Max: 0.0, Diff: 0.0, Sum: 0.1]
      [GC Worker Total (ms): Min: 4.8, Avg: 6.1, Max: 6.7, Diff: 1.9, Sum: 36.5]
      [GC Worker End (ms): Min: 283991673.5, Avg: 283991673.5, Max: 283991673.5, Diff: 0.0]
   [Code Root Fixup: 0.0 ms]
   [Code Root Purge: 0.0 ms]
   [Clear CT: 0.8 ms]
   [Other: 9.7 ms]
      [Choose CSet: 0.0 ms]
      [Ref Proc: 9.3 ms]
      [Ref Enq: 0.1 ms]
      [Redirty Cards: 0.1 ms]
      [Humongous Register: 0.0 ms]
      [Humongous Reclaim: 0.0 ms]
      [Free CSet: 0.1 ms]
   [Eden: 7152.0M(7152.0M)->0.0B(7152.0M) Survivors: 16384.0K->16384.0K Heap: 10777.3M(14336.0M)->3628.4M(14336.0M)]
 [Times: user=0.06 sys=0.00, real=0.01 secs] 
2022-10-02T18:31:15.139-0600: 284090.219: [GC pause (G1 Evacuation Pause) (young) (initial-mark), 0.0213603 secs]
   [Parallel Time: 13.9 ms, GC Workers: 6]
      [GC Worker Start (ms): Min: 284090220.2, Avg: 284090221.2, Max: 284090222.5, Diff: 2.3]
      [Ext Root Scanning (ms): Min: 2.4, Avg: 5.7, Max: 10.2, Diff: 7.8, Sum: 34.2]
      [Update RS (ms): Min: 0.0, Avg: 1.8, Max: 2.9, Diff: 2.9, Sum: 10.8]
         [Processed Buffers: Min: 0, Avg: 9.5, Max: 18, Diff: 18, Sum: 57]
      [Scan RS (ms): Min: 0.0, Avg: 0.0, Max: 0.1, Diff: 0.0, Sum: 0.2]
      [Code Root Scanning (ms): Min: 0.0, Avg: 0.0, Max: 0.0, Diff: 0.0, Sum: 0.0]
      [Object Copy (ms): Min: 0.3, Avg: 2.5, Max: 5.1, Diff: 4.7, Sum: 14.8]
      [Termination (ms): Min: 0.0, Avg: 1.6, Max: 2.0, Diff: 2.0, Sum: 9.7]
         [Termination Attempts: Min: 1, Avg: 16.8, Max: 25, Diff: 24, Sum: 101]
      [GC Worker Other (ms): Min: 0.0, Avg: 0.0, Max: 0.0, Diff: 0.0, Sum: 0.0]
      [GC Worker Total (ms): Min: 10.2, Avg: 11.6, Max: 12.5, Diff: 2.3, Sum: 69.7]
      [GC Worker End (ms): Min: 284090232.7, Avg: 284090232.8, Max: 284090232.8, Diff: 0.1]
   [Code Root Fixup: 0.0 ms]
   [Code Root Purge: 0.0 ms]
   [Clear CT: 0.7 ms]
   [Other: 6.7 ms]
      [Choose CSet: 0.0 ms]
      [Ref Proc: 6.3 ms]
      [Ref Enq: 0.1 ms]
      [Redirty Cards: 0.1 ms]
      [Humongous Register: 0.0 ms]
      [Humongous Reclaim: 0.0 ms]
      [Free CSet: 0.1 ms]
   [Eden: 7152.0M(7152.0M)->0.0B(7152.0M) Survivors: 16384.0K->16384.0K Heap: 10780.4M(14336.0M)->3629.9M(14336.0M)]
 [Times: user=0.07 sys=0.00, real=0.02 secs] 
2022-10-02T18:31:15.160-0600: 284090.240: [GC concurrent-root-region-scan-start]
2022-10-02T18:31:15.168-0600: 284090.248: [GC concurrent-root-region-scan-end, 0.0071814 secs]
2022-10-02T18:31:15.168-0600: 284090.248: [GC concurrent-mark-start]
2022-10-02T18:31:16.554-0600: 284091.634: [GC concurrent-mark-end, 1.3868365 secs]
2022-10-02T18:31:16.555-0600: 284091.634: [GC remark 2022-10-02T18:31:16.555-0600: 284091.634: [Finalize Marking, 0.0023887 secs] 2022-10-02T18:31:16.557-0600: 284091.637: [GC ref-proc, 0.0270176 secs] 2022-10-02T18:31:16.584-0600: 284091.664: [Unloading, 0.0342209 secs], 0.0684232 secs]
 [Times: user=0.22 sys=0.00, real=0.06 secs] 
2022-10-02T18:31:16.623-0600: 284091.703: [GC cleanup 3781M->3781M(14336M), 0.0065146 secs]
 [Times: user=0.03 sys=0.00, real=0.01 secs] 
2022-10-02T18:32:49.086-0600: 284184.166: [GC pause (G1 Evacuation Pause) (young), 0.0225153 secs]
   [Parallel Time: 9.0 ms, GC Workers: 6]
      [GC Worker Start (ms): Min: 284184166.2, Avg: 284184168.2, Max: 284184175.1, Diff: 8.9]
      [Ext Root Scanning (ms): Min: 0.0, Avg: 1.4, Max: 3.1, Diff: 3.1, Sum: 8.5]
      [Update RS (ms): Min: 0.0, Avg: 2.0, Max: 2.8, Diff: 2.8, Sum: 11.9]
         [Processed Buffers: Min: 0, Avg: 10.2, Max: 18, Diff: 18, Sum: 61]
      [Scan RS (ms): Min: 0.0, Avg: 0.0, Max: 0.1, Diff: 0.1, Sum: 0.2]
      [Code Root Scanning (ms): Min: 0.0, Avg: 0.0, Max: 0.0, Diff: 0.0, Sum: 0.0]
      [Object Copy (ms): Min: 0.0, Avg: 2.9, Max: 3.7, Diff: 3.7, Sum: 17.5]
      [Termination (ms): Min: 0.0, Avg: 0.6, Max: 0.7, Diff: 0.7, Sum: 3.3]
         [Termination Attempts: Min: 1, Avg: 13.8, Max: 33, Diff: 32, Sum: 83]
      [GC Worker Other (ms): Min: 0.0, Avg: 0.0, Max: 0.0, Diff: 0.0, Sum: 0.0]
      [GC Worker Total (ms): Min: 0.0, Avg: 6.9, Max: 9.0, Diff: 8.9, Sum: 41.5]
      [GC Worker End (ms): Min: 284184175.1, Avg: 284184175.1, Max: 284184175.2, Diff: 0.1]
   [Code Root Fixup: 0.0 ms]
   [Code Root Purge: 0.0 ms]
   [Clear CT: 0.8 ms]
   [Other: 12.6 ms]
      [Choose CSet: 0.0 ms]
      [Ref Proc: 12.2 ms]
      [Ref Enq: 0.1 ms]
      [Redirty Cards: 0.1 ms]
      [Humongous Register: 0.0 ms]
      [Humongous Reclaim: 0.0 ms]
      [Free CSet: 0.2 ms]
   [Eden: 7152.0M(7152.0M)->0.0B(5712.0M) Survivors: 16384.0K->16384.0K Heap: 10781.9M(14336.0M)->3635.9M(14336.0M)]
 [Times: user=0.08 sys=0.00, real=0.02 secs] 
2022-10-02T18:34:12.937-0600: 284268.017: [GC pause (G1 Evacuation Pause) (mixed), 0.0235804 secs]
   [Parallel Time: 11.2 ms, GC Workers: 6]
      [GC Worker Start (ms): Min: 284268017.3, Avg: 284268019.3, Max: 284268028.3, Diff: 11.0]
      [Ext Root Scanning (ms): Min: 0.0, Avg: 1.2, Max: 3.7, Diff: 3.7, Sum: 7.5]
      [Update RS (ms): Min: 0.0, Avg: 1.9, Max: 2.8, Diff: 2.8, Sum: 11.3]
         [Processed Buffers: Min: 0, Avg: 8.3, Max: 17, Diff: 17, Sum: 50]
      [Scan RS (ms): Min: 0.0, Avg: 0.4, Max: 0.6, Diff: 0.6, Sum: 2.5]
      [Code Root Scanning (ms): Min: 0.0, Avg: 0.0, Max: 0.0, Diff: 0.0, Sum: 0.0]
      [Object Copy (ms): Min: 0.0, Avg: 4.9, Max: 5.9, Diff: 5.9, Sum: 29.3]
      [Termination (ms): Min: 0.0, Avg: 0.6, Max: 0.8, Diff: 0.8, Sum: 3.5]
         [Termination Attempts: Min: 1, Avg: 5.0, Max: 10, Diff: 9, Sum: 30]
      [GC Worker Other (ms): Min: 0.0, Avg: 0.0, Max: 0.0, Diff: 0.0, Sum: 0.1]
      [GC Worker Total (ms): Min: 0.0, Avg: 9.0, Max: 11.0, Diff: 11.0, Sum: 54.2]
      [GC Worker End (ms): Min: 284268028.3, Avg: 284268028.4, Max: 284268028.4, Diff: 0.1]
   [Code Root Fixup: 0.0 ms]
   [Code Root Purge: 0.0 ms]
   [Clear CT: 0.9 ms]
   [Other: 11.6 ms]
      [Choose CSet: 0.0 ms]
      [Ref Proc: 11.1 ms]
      [Ref Enq: 0.1 ms]
      [Redirty Cards: 0.1 ms]
      [Humongous Register: 0.0 ms]
      [Humongous Reclaim: 0.0 ms]
      [Free CSet: 0.1 ms]
   [Eden: 5712.0M(5712.0M)->0.0B(7152.0M) Survivors: 16384.0K->16384.0K Heap: 9347.9M(14336.0M)->3641.6M(14336.0M)]
 [Times: user=0.08 sys=0.00, real=0.02 secs] 
2022-10-02T18:35:55.377-0600: 284370.456: [GC pause (G1 Evacuation Pause) (young), 0.0186379 secs]
   [Parallel Time: 11.1 ms, GC Workers: 6]
      [GC Worker Start (ms): Min: 284370456.6, Avg: 284370458.2, Max: 284370460.7, Diff: 4.1]
      [Ext Root Scanning (ms): Min: 0.0, Avg: 1.7, Max: 7.0, Diff: 7.0, Sum: 10.4]
      [Update RS (ms): Min: 1.8, Avg: 5.4, Max: 7.3, Diff: 5.4, Sum: 32.3]
         [Processed Buffers: Min: 9, Avg: 23.8, Max: 37, Diff: 28, Sum: 143]
      [Scan RS (ms): Min: 0.0, Avg: 0.0, Max: 0.1, Diff: 0.1, Sum: 0.2]
      [Code Root Scanning (ms): Min: 0.0, Avg: 0.0, Max: 0.0, Diff: 0.0, Sum: 0.0]
      [Object Copy (ms): Min: 2.1, Avg: 2.2, Max: 2.4, Diff: 0.3, Sum: 13.4]
      [Termination (ms): Min: 0.0, Avg: 0.0, Max: 0.0, Diff: 0.0, Sum: 0.1]
         [Termination Attempts: Min: 1, Avg: 31.5, Max: 43, Diff: 42, Sum: 189]
      [GC Worker Other (ms): Min: 0.0, Avg: 0.0, Max: 0.0, Diff: 0.0, Sum: 0.1]
      [GC Worker Total (ms): Min: 6.9, Avg: 9.4, Max: 11.0, Diff: 4.1, Sum: 56.5]
      [GC Worker End (ms): Min: 284370467.6, Avg: 284370467.6, Max: 284370467.7, Diff: 0.0]
   [Code Root Fixup: 0.0 ms]
   [Code Root Purge: 0.0 ms]
   [Clear CT: 0.6 ms]
   [Other: 6.9 ms]
      [Choose CSet: 0.0 ms]
      [Ref Proc: 6.5 ms]
      [Ref Enq: 0.1 ms]
      [Redirty Cards: 0.1 ms]
      [Humongous Register: 0.0 ms]
      [Humongous Reclaim: 0.0 ms]
      [Free CSet: 0.1 ms]
   [Eden: 7152.0M(7152.0M)->0.0B(7152.0M) Survivors: 16384.0K->16384.0K Heap: 10793.6M(14336.0M)->3653.2M(14336.0M)]
 [Times: user=0.08 sys=0.00, real=0.02 secs] 
2022-10-02T18:37:37.492-0600: 284472.572: [GC pause (G1 Evacuation Pause) (young) (initial-mark), 0.0333806 secs]
   [Parallel Time: 17.6 ms, GC Workers: 6]
      [GC Worker Start (ms): Min: 284472573.2, Avg: 284472577.1, Max: 284472578.2, Diff: 5.1]
      [Ext Root Scanning (ms): Min: 2.1, Avg: 6.6, Max: 11.1, Diff: 8.9, Sum: 39.6]
      [Update RS (ms): Min: 0.0, Avg: 2.0, Max: 4.5, Diff: 4.5, Sum: 12.0]
         [Processed Buffers: Min: 0, Avg: 10.3, Max: 23, Diff: 23, Sum: 62]
      [Scan RS (ms): Min: 0.0, Avg: 0.0, Max: 0.1, Diff: 0.1, Sum: 0.3]
      [Code Root Scanning (ms): Min: 0.0, Avg: 0.0, Max: 0.0, Diff: 0.0, Sum: 0.0]
      [Object Copy (ms): Min: 0.0, Avg: 2.2, Max: 3.1, Diff: 3.1, Sum: 13.0]
      [Termination (ms): Min: 0.0, Avg: 1.4, Max: 1.7, Diff: 1.7, Sum: 8.4]
         [Termination Attempts: Min: 1, Avg: 1.2, Max: 2, Diff: 1, Sum: 7]
      [GC Worker Other (ms): Min: 0.0, Avg: 0.0, Max: 0.0, Diff: 0.0, Sum: 0.0]
      [GC Worker Total (ms): Min: 11.1, Avg: 12.2, Max: 16.1, Diff: 5.1, Sum: 73.3]
      [GC Worker End (ms): Min: 284472589.3, Avg: 284472589.3, Max: 284472589.4, Diff: 0.1]
   [Code Root Fixup: 0.0 ms]
   [Code Root Purge: 0.0 ms]
   [Clear CT: 0.6 ms]
   [Other: 15.2 ms]
      [Choose CSet: 0.0 ms]
      [Ref Proc: 14.8 ms]
      [Ref Enq: 0.1 ms]
      [Redirty Cards: 0.1 ms]
      [Humongous Register: 0.0 ms]
      [Humongous Reclaim: 0.0 ms]
      [Free CSet: 0.1 ms]
   [Eden: 7152.0M(7152.0M)->0.0B(7152.0M) Survivors: 16384.0K->16384.0K Heap: 10805.2M(14336.0M)->3656.2M(14336.0M)]
 [Times: user=0.09 sys=0.00, real=0.04 secs] 
2022-10-02T18:37:37.525-0600: 284472.605: [GC concurrent-root-region-scan-start]
2022-10-02T18:37:37.534-0600: 284472.614: [GC concurrent-root-region-scan-end, 0.0087652 secs]
2022-10-02T18:37:37.534-0600: 284472.614: [GC concurrent-mark-start]
2022-10-02T18:37:38.890-0600: 284473.970: [GC concurrent-mark-end, 1.3558681 secs]
2022-10-02T18:37:38.890-0600: 284473.970: [GC remark 2022-10-02T18:37:38.890-0600: 284473.970: [Finalize Marking, 0.0014786 secs] 2022-10-02T18:37:38.892-0600: 284473.972: [GC ref-proc, 0.0257613 secs] 2022-10-02T18:37:38.917-0600: 284473.997: [Unloading, 0.0300481 secs], 0.0635206 secs]
 [Times: user=0.24 sys=0.00, real=0.07 secs] 
2022-10-02T18:37:38.954-0600: 284474.034: [GC cleanup 3776M->3776M(14336M), 0.0095602 secs]
 [Times: user=0.02 sys=0.00, real=0.00 secs] 
2022-10-02T18:39:21.811-0600: 284576.891: [GC pause (G1 Evacuation Pause) (young), 0.0298298 secs]
   [Parallel Time: 14.0 ms, GC Workers: 6]
      [GC Worker Start (ms): Min: 284576891.2, Avg: 284576894.9, Max: 284576900.7, Diff: 9.5]
      [Ext Root Scanning (ms): Min: 0.0, Avg: 1.1, Max: 3.1, Diff: 3.1, Sum: 6.7]
      [Update RS (ms): Min: 0.0, Avg: 4.1, Max: 6.3, Diff: 6.3, Sum: 24.7]
         [Processed Buffers: Min: 0, Avg: 19.8, Max: 39, Diff: 39, Sum: 119]
      [Scan RS (ms): Min: 0.0, Avg: 0.0, Max: 0.1, Diff: 0.1, Sum: 0.2]
      [Code Root Scanning (ms): Min: 0.0, Avg: 0.0, Max: 0.0, Diff: 0.0, Sum: 0.0]
      [Object Copy (ms): Min: 4.3, Avg: 4.9, Max: 5.3, Diff: 1.0, Sum: 29.4]
      [Termination (ms): Min: 0.0, Avg: 0.0, Max: 0.0, Diff: 0.0, Sum: 0.1]
         [Termination Attempts: Min: 1, Avg: 33.8, Max: 56, Diff: 55, Sum: 203]
      [GC Worker Other (ms): Min: 0.0, Avg: 0.0, Max: 0.0, Diff: 0.0, Sum: 0.1]
      [GC Worker Total (ms): Min: 4.4, Avg: 10.2, Max: 13.9, Diff: 9.5, Sum: 61.3]
      [GC Worker End (ms): Min: 284576905.1, Avg: 284576905.1, Max: 284576905.1, Diff: 0.0]
   [Code Root Fixup: 0.0 ms]
   [Code Root Purge: 0.0 ms]
   [Clear CT: 0.8 ms]
   [Other: 15.0 ms]
      [Choose CSet: 0.0 ms]
      [Ref Proc: 14.5 ms]
      [Ref Enq: 0.1 ms]
      [Redirty Cards: 0.1 ms]
      [Humongous Register: 0.0 ms]
      [Humongous Reclaim: 0.0 ms]
      [Free CSet: 0.2 ms]
   [Eden: 7152.0M(7152.0M)->0.0B(5696.0M) Survivors: 16384.0K->32768.0K Heap: 10808.2M(14336.0M)->3668.0M(14336.0M)]
 [Times: user=0.09 sys=0.00, real=0.03 secs] 
2022-10-02T18:40:48.491-0600: 284663.571: [GC pause (G1 Evacuation Pause) (mixed), 0.0418781 secs]
   [Parallel Time: 21.6 ms, GC Workers: 6]
      [GC Worker Start (ms): Min: 284663571.0, Avg: 284663576.4, Max: 284663584.8, Diff: 13.7]
      [Ext Root Scanning (ms): Min: 0.0, Avg: 1.8, Max: 4.0, Diff: 4.0, Sum: 10.9]
      [Update RS (ms): Min: 0.0, Avg: 2.7, Max: 4.6, Diff: 4.6, Sum: 16.2]
         [Processed Buffers: Min: 0, Avg: 11.5, Max: 20, Diff: 20, Sum: 69]
      [Scan RS (ms): Min: 0.0, Avg: 1.0, Max: 1.6, Diff: 1.5, Sum: 6.1]
      [Code Root Scanning (ms): Min: 0.0, Avg: 0.0, Max: 0.0, Diff: 0.0, Sum: 0.0]
      [Object Copy (ms): Min: 7.8, Avg: 10.6, Max: 12.2, Diff: 4.3, Sum: 63.8]
      [Termination (ms): Min: 0.0, Avg: 0.0, Max: 0.0, Diff: 0.0, Sum: 0.0]
         [Termination Attempts: Min: 1, Avg: 10.3, Max: 15, Diff: 14, Sum: 62]
      [GC Worker Other (ms): Min: 0.0, Avg: 0.0, Max: 0.0, Diff: 0.0, Sum: 0.1]
      [GC Worker Total (ms): Min: 7.9, Avg: 16.2, Max: 21.6, Diff: 13.7, Sum: 97.1]
      [GC Worker End (ms): Min: 284663592.6, Avg: 284663592.6, Max: 284663592.6, Diff: 0.0]
   [Code Root Fixup: 0.0 ms]
   [Code Root Purge: 0.0 ms]
   [Clear CT: 1.1 ms]
   [Other: 19.1 ms]
      [Choose CSet: 0.0 ms]
      [Ref Proc: 18.5 ms]
      [Ref Enq: 0.1 ms]
      [Redirty Cards: 0.2 ms]
      [Humongous Register: 0.0 ms]
      [Humongous Reclaim: 0.0 ms]
      [Free CSet: 0.2 ms]
   [Eden: 5696.0M(5696.0M)->0.0B(7152.0M) Survivors: 32768.0K->16384.0K Heap: 9364.0M(14336.0M)->3647.5M(14336.0M)]
 [Times: user=0.12 sys=0.00, real=0.05 secs] 
2022-10-02T18:42:33.185-0600: 284768.264: [GC pause (G1 Evacuation Pause) (young), 0.0314569 secs]
   [Parallel Time: 19.3 ms, GC Workers: 6]
      [GC Worker Start (ms): Min: 284768264.5, Avg: 284768265.3, Max: 284768268.7, Diff: 4.2]
      [Ext Root Scanning (ms): Min: 0.0, Avg: 1.2, Max: 3.5, Diff: 3.5, Sum: 7.3]
      [Update RS (ms): Min: 7.3, Avg: 9.5, Max: 10.5, Diff: 3.2, Sum: 57.1]
         [Processed Buffers: Min: 36, Avg: 44.8, Max: 51, Diff: 15, Sum: 269]
      [Scan RS (ms): Min: 0.0, Avg: 0.0, Max: 0.1, Diff: 0.0, Sum: 0.2]
      [Code Root Scanning (ms): Min: 0.0, Avg: 0.0, Max: 0.0, Diff: 0.0, Sum: 0.0]
      [Object Copy (ms): Min: 7.5, Avg: 7.6, Max: 7.8, Diff: 0.3, Sum: 45.7]
      [Termination (ms): Min: 0.0, Avg: 0.0, Max: 0.0, Diff: 0.0, Sum: 0.0]
         [Termination Attempts: Min: 1, Avg: 2.2, Max: 3, Diff: 2, Sum: 13]
      [GC Worker Other (ms): Min: 0.0, Avg: 0.0, Max: 0.0, Diff: 0.0, Sum: 0.1]
      [GC Worker Total (ms): Min: 15.0, Avg: 18.4, Max: 19.2, Diff: 4.3, Sum: 110.4]
      [GC Worker End (ms): Min: 284768283.7, Avg: 284768283.7, Max: 284768283.7, Diff: 0.0]
   [Code Root Fixup: 0.0 ms]
   [Code Root Purge: 0.0 ms]
   [Clear CT: 0.8 ms]
   [Other: 11.4 ms]
      [Choose CSet: 0.0 ms]
      [Ref Proc: 10.9 ms]
      [Ref Enq: 0.1 ms]
      [Redirty Cards: 0.1 ms]
      [Humongous Register: 0.0 ms]
      [Humongous Reclaim: 0.0 ms]
      [Free CSet: 0.1 ms]
   [Eden: 7152.0M(7152.0M)->0.0B(7120.0M) Survivors: 16384.0K->49152.0K Heap: 10799.5M(14336.0M)->3697.0M(14336.0M)]
 [Times: user=0.14 sys=0.00, real=0.04 secs] 
2022-10-02T18:44:10.740-0600: 284865.819: [GC pause (G1 Evacuation Pause) (young) (initial-mark), 0.0371455 secs]
   [Parallel Time: 25.4 ms, GC Workers: 6]
      [GC Worker Start (ms): Min: 284865820.8, Avg: 284865824.4, Max: 284865825.7, Diff: 4.9]
      [Ext Root Scanning (ms): Min: 2.2, Avg: 6.5, Max: 16.5, Diff: 14.3, Sum: 38.9]
      [Update RS (ms): Min: 0.0, Avg: 4.7, Max: 6.5, Diff: 6.5, Sum: 27.9]
         [Processed Buffers: Min: 0, Avg: 16.8, Max: 24, Diff: 24, Sum: 101]
      [Scan RS (ms): Min: 0.0, Avg: 0.0, Max: 0.1, Diff: 0.1, Sum: 0.2]
      [Code Root Scanning (ms): Min: 0.0, Avg: 0.0, Max: 0.0, Diff: 0.0, Sum: 0.0]
      [Object Copy (ms): Min: 0.0, Avg: 7.0, Max: 10.5, Diff: 10.5, Sum: 41.7]
      [Termination (ms): Min: 0.0, Avg: 2.3, Max: 2.9, Diff: 2.9, Sum: 13.8]
         [Termination Attempts: Min: 1, Avg: 5.2, Max: 12, Diff: 11, Sum: 31]
      [GC Worker Other (ms): Min: 0.0, Avg: 0.0, Max: 0.0, Diff: 0.0, Sum: 0.0]
      [GC Worker Total (ms): Min: 19.1, Avg: 20.4, Max: 24.1, Diff: 5.0, Sum: 122.6]
      [GC Worker End (ms): Min: 284865844.7, Avg: 284865844.8, Max: 284865844.9, Diff: 0.2]
   [Code Root Fixup: 0.0 ms]
   [Code Root Purge: 0.0 ms]
   [Clear CT: 0.9 ms]
   [Other: 10.9 ms]
      [Choose CSet: 0.0 ms]
      [Ref Proc: 10.4 ms]
      [Ref Enq: 0.1 ms]
      [Redirty Cards: 0.1 ms]
      [Humongous Register: 0.0 ms]
      [Humongous Reclaim: 0.0 ms]
      [Free CSet: 0.1 ms]
   [Eden: 7120.0M(7120.0M)->0.0B(7088.0M) Survivors: 49152.0K->81920.0K Heap: 10817.0M(14336.0M)->3742.1M(14336.0M)]
 [Times: user=0.12 sys=0.00, real=0.04 secs] 
2022-10-02T18:44:10.777-0600: 284865.857: [GC concurrent-root-region-scan-start]
2022-10-02T18:44:10.789-0600: 284865.869: [GC concurrent-root-region-scan-end, 0.0118221 secs]
2022-10-02T18:44:10.789-0600: 284865.869: [GC concurrent-mark-start]
2022-10-02T18:44:12.168-0600: 284867.248: [GC concurrent-mark-end, 1.3796992 secs]
2022-10-02T18:44:12.169-0600: 284867.248: [GC remark 2022-10-02T18:44:12.169-0600: 284867.248: [Finalize Marking, 0.0019373 secs] 2022-10-02T18:44:12.171-0600: 284867.250: [GC ref-proc, 0.0297283 secs] 2022-10-02T18:44:12.200-0600: 284867.280: [Unloading, 0.0333591 secs], 0.0703757 secs]
 [Times: user=0.24 sys=0.00, real=0.07 secs] 
2022-10-02T18:44:12.239-0600: 284867.319: [GC cleanup 3862M->3862M(14336M), 0.0066356 secs]
 [Times: user=0.03 sys=0.00, real=0.01 secs] 
2022-10-02T18:45:58.139-0600: 284973.219: [GC pause (G1 Evacuation Pause) (young), 0.0267993 secs]
   [Parallel Time: 14.4 ms, GC Workers: 6]
      [GC Worker Start (ms): Min: 284973218.9, Avg: 284973219.8, Max: 284973220.7, Diff: 1.8]
      [Ext Root Scanning (ms): Min: 0.2, Avg: 1.3, Max: 3.6, Diff: 3.4, Sum: 7.7]
      [Update RS (ms): Min: 4.7, Avg: 6.1, Max: 6.6, Diff: 1.9, Sum: 36.4]
         [Processed Buffers: Min: 8, Avg: 15.2, Max: 23, Diff: 15, Sum: 91]
      [Scan RS (ms): Min: 0.0, Avg: 0.0, Max: 0.1, Diff: 0.1, Sum: 0.2]
      [Code Root Scanning (ms): Min: 0.0, Avg: 0.0, Max: 0.0, Diff: 0.0, Sum: 0.0]
      [Object Copy (ms): Min: 5.7, Avg: 6.0, Max: 6.2, Diff: 0.5, Sum: 36.0]
      [Termination (ms): Min: 0.0, Avg: 0.0, Max: 0.0, Diff: 0.0, Sum: 0.1]
         [Termination Attempts: Min: 1, Avg: 16.3, Max: 23, Diff: 22, Sum: 98]
      [GC Worker Other (ms): Min: 0.0, Avg: 0.0, Max: 0.0, Diff: 0.0, Sum: 0.1]
      [GC Worker Total (ms): Min: 12.5, Avg: 13.4, Max: 14.3, Diff: 1.8, Sum: 80.5]
      [GC Worker End (ms): Min: 284973233.2, Avg: 284973233.2, Max: 284973233.2, Diff: 0.0]
   [Code Root Fixup: 0.0 ms]
   [Code Root Purge: 0.0 ms]
   [Clear CT: 0.7 ms]
   [Other: 11.7 ms]
      [Choose CSet: 0.0 ms]
      [Ref Proc: 11.2 ms]
      [Ref Enq: 0.1 ms]
      [Redirty Cards: 0.1 ms]
      [Humongous Register: 0.0 ms]
      [Humongous Reclaim: 0.0 ms]
      [Free CSet: 0.1 ms]
   [Eden: 7088.0M(7088.0M)->0.0B(5696.0M) Survivors: 81920.0K->32768.0K Heap: 10830.1M(14336.0M)->3726.9M(14336.0M)]
 [Times: user=0.11 sys=0.00, real=0.03 secs] 
2022-10-02T18:47:26.513-0600: 285061.593: [GC pause (GCLocker Initiated GC) (mixed), 0.0362811 secs]
   [Parallel Time: 20.0 ms, GC Workers: 6]
      [GC Worker Start (ms): Min: 285061593.0, Avg: 285061595.4, Max: 285061600.7, Diff: 7.7]
      [Ext Root Scanning (ms): Min: 0.0, Avg: 3.6, Max: 11.7, Diff: 11.7, Sum: 21.5]
      [Update RS (ms): Min: 0.0, Avg: 4.6, Max: 7.3, Diff: 7.3, Sum: 27.7]
         [Processed Buffers: Min: 0, Avg: 17.8, Max: 27, Diff: 27, Sum: 107]
      [Scan RS (ms): Min: 1.3, Avg: 2.3, Max: 2.7, Diff: 1.4, Sum: 14.0]
      [Code Root Scanning (ms): Min: 0.0, Avg: 0.0, Max: 0.1, Diff: 0.1, Sum: 0.1]
      [Object Copy (ms): Min: 6.7, Avg: 6.8, Max: 7.0, Diff: 0.3, Sum: 40.7]
      [Termination (ms): Min: 0.0, Avg: 0.0, Max: 0.0, Diff: 0.0, Sum: 0.1]
         [Termination Attempts: Min: 1, Avg: 21.5, Max: 28, Diff: 27, Sum: 129]
      [GC Worker Other (ms): Min: 0.0, Avg: 0.0, Max: 0.0, Diff: 0.0, Sum: 0.1]
      [GC Worker Total (ms): Min: 12.1, Avg: 17.4, Max: 19.8, Diff: 7.7, Sum: 104.3]
      [GC Worker End (ms): Min: 285061612.8, Avg: 285061612.8, Max: 285061612.8, Diff: 0.0]
   [Code Root Fixup: 0.0 ms]
   [Code Root Purge: 0.0 ms]
   [Clear CT: 0.9 ms]
   [Other: 15.4 ms]
      [Choose CSet: 0.0 ms]
      [Ref Proc: 14.9 ms]
      [Ref Enq: 0.1 ms]
      [Redirty Cards: 0.1 ms]
      [Humongous Register: 0.0 ms]
      [Humongous Reclaim: 0.0 ms]
      [Free CSet: 0.1 ms]
   [Eden: 5712.0M(5696.0M)->0.0B(7136.0M) Survivors: 32768.0K->32768.0K Heap: 9422.9M(14336.0M)->3657.2M(14336.0M)]
 [Times: user=0.12 sys=0.00, real=0.03 secs] 
2022-10-02T18:49:12.337-0600: 285167.416: [GC pause (G1 Evacuation Pause) (young), 0.0343023 secs]
   [Parallel Time: 21.6 ms, GC Workers: 6]
      [GC Worker Start (ms): Min: 285167416.4, Avg: 285167423.3, Max: 285167428.7, Diff: 12.3]
      [Ext Root Scanning (ms): Min: 0.0, Avg: 1.0, Max: 3.2, Diff: 3.2, Sum: 5.9]
      [Update RS (ms): Min: 5.3, Avg: 9.8, Max: 14.8, Diff: 9.5, Sum: 58.8]
         [Processed Buffers: Min: 29, Avg: 45.0, Max: 77, Diff: 48, Sum: 270]
      [Scan RS (ms): Min: 0.0, Avg: 0.0, Max: 0.1, Diff: 0.1, Sum: 0.2]
      [Code Root Scanning (ms): Min: 0.0, Avg: 0.0, Max: 0.0, Diff: 0.0, Sum: 0.0]
      [Object Copy (ms): Min: 3.5, Avg: 3.8, Max: 4.1, Diff: 0.5, Sum: 22.6]
      [Termination (ms): Min: 0.0, Avg: 0.0, Max: 0.0, Diff: 0.0, Sum: 0.0]
         [Termination Attempts: Min: 6, Avg: 8.0, Max: 12, Diff: 6, Sum: 48]
      [GC Worker Other (ms): Min: 0.0, Avg: 0.0, Max: 0.0, Diff: 0.0, Sum: 0.1]
      [GC Worker Total (ms): Min: 9.2, Avg: 14.6, Max: 21.5, Diff: 12.3, Sum: 87.6]
      [GC Worker End (ms): Min: 285167437.9, Avg: 285167437.9, Max: 285167438.0, Diff: 0.0]
   [Code Root Fixup: 0.0 ms]
   [Code Root Purge: 0.0 ms]
   [Clear CT: 0.8 ms]
   [Other: 11.9 ms]
      [Choose CSet: 0.0 ms]
      [Ref Proc: 11.4 ms]
      [Ref Enq: 0.1 ms]
      [Redirty Cards: 0.1 ms]
      [Humongous Register: 0.0 ms]
      [Humongous Reclaim: 0.0 ms]
      [Free CSet: 0.1 ms]
   [Eden: 7136.0M(7136.0M)->0.0B(7152.0M) Survivors: 32768.0K->16384.0K Heap: 10793.2M(14336.0M)->3675.6M(14336.0M)]
 [Times: user=0.12 sys=0.00, real=0.03 secs] 
2022-10-02T18:50:54.047-0600: 285269.127: [GC pause (G1 Evacuation Pause) (young) (initial-mark), 0.0297504 secs]
   [Parallel Time: 19.3 ms, GC Workers: 6]
      [GC Worker Start (ms): Min: 285269128.8, Avg: 285269131.1, Max: 285269132.2, Diff: 3.4]
      [Ext Root Scanning (ms): Min: 1.9, Avg: 5.4, Max: 6.9, Diff: 5.0, Sum: 32.6]
      [Update RS (ms): Min: 4.4, Avg: 6.2, Max: 8.9, Diff: 4.5, Sum: 37.3]
         [Processed Buffers: Min: 8, Avg: 23.3, Max: 52, Diff: 44, Sum: 140]
      [Scan RS (ms): Min: 0.0, Avg: 0.0, Max: 0.1, Diff: 0.1, Sum: 0.3]
      [Code Root Scanning (ms): Min: 0.0, Avg: 0.0, Max: 0.0, Diff: 0.0, Sum: 0.0]
      [Object Copy (ms): Min: 1.9, Avg: 3.7, Max: 4.4, Diff: 2.5, Sum: 22.3]
      [Termination (ms): Min: 0.0, Avg: 0.1, Max: 0.1, Diff: 0.1, Sum: 0.4]
         [Termination Attempts: Min: 1, Avg: 124.8, Max: 160, Diff: 159, Sum: 749]
      [GC Worker Other (ms): Min: 0.0, Avg: 0.0, Max: 0.0, Diff: 0.0, Sum: 0.1]
      [GC Worker Total (ms): Min: 14.3, Avg: 15.5, Max: 17.8, Diff: 3.4, Sum: 93.0]
      [GC Worker End (ms): Min: 285269146.6, Avg: 285269146.6, Max: 285269146.6, Diff: 0.0]
   [Code Root Fixup: 0.0 ms]
   [Code Root Purge: 0.0 ms]
   [Clear CT: 0.8 ms]
   [Other: 9.6 ms]
      [Choose CSet: 0.0 ms]
      [Ref Proc: 9.2 ms]
      [Ref Enq: 0.1 ms]
      [Redirty Cards: 0.1 ms]
      [Humongous Register: 0.0 ms]
      [Humongous Reclaim: 0.0 ms]
      [Free CSet: 0.1 ms]
   [Eden: 7152.0M(7152.0M)->0.0B(7152.0M) Survivors: 16384.0K->16384.0K Heap: 10827.6M(14336.0M)->3678.2M(14336.0M)]
 [Times: user=0.08 sys=0.00, real=0.03 secs] 
2022-10-02T18:50:54.077-0600: 285269.157: [GC concurrent-root-region-scan-start]
2022-10-02T18:50:54.085-0600: 285269.165: [GC concurrent-root-region-scan-end, 0.0073511 secs]
2022-10-02T18:50:54.085-0600: 285269.165: [GC concurrent-mark-start]
2022-10-02T18:50:55.825-0600: 285270.905: [GC concurrent-mark-end, 1.7401708 secs]
2022-10-02T18:50:55.825-0600: 285270.905: [GC remark 2022-10-02T18:50:55.825-0600: 285270.905: [Finalize Marking, 0.0073981 secs] 2022-10-02T18:50:55.833-0600: 285270.912: [GC ref-proc, 0.0248623 secs] 2022-10-02T18:50:55.857-0600: 285270.937: [Unloading, 0.0320854 secs], 0.0693012 secs]
 [Times: user=0.23 sys=0.00, real=0.07 secs] 
2022-10-02T18:50:55.895-0600: 285270.974: [GC cleanup 5262M->5262M(14336M), 0.0106513 secs]
 [Times: user=0.02 sys=0.00, real=0.01 secs] 
2022-10-02T18:51:01.096-0600: 285276.176: [GC pause (G1 Evacuation Pause) (young), 0.0407722 secs]
   [Parallel Time: 26.3 ms, GC Workers: 6]
      [GC Worker Start (ms): Min: 285276175.9, Avg: 285276180.3, Max: 285276188.7, Diff: 12.8]
      [Ext Root Scanning (ms): Min: 0.0, Avg: 1.3, Max: 3.4, Diff: 3.4, Sum: 7.5]
      [Update RS (ms): Min: 0.0, Avg: 6.1, Max: 9.6, Diff: 9.6, Sum: 36.5]
         [Processed Buffers: Min: 0, Avg: 32.7, Max: 53, Diff: 53, Sum: 196]
      [Scan RS (ms): Min: 0.0, Avg: 0.0, Max: 0.1, Diff: 0.1, Sum: 0.2]
      [Code Root Scanning (ms): Min: 0.0, Avg: 0.0, Max: 0.0, Diff: 0.0, Sum: 0.0]
      [Object Copy (ms): Min: 12.8, Avg: 13.9, Max: 14.8, Diff: 2.0, Sum: 83.4]
      [Termination (ms): Min: 0.0, Avg: 0.5, Max: 0.6, Diff: 0.6, Sum: 2.9]
         [Termination Attempts: Min: 1, Avg: 2.8, Max: 5, Diff: 4, Sum: 17]
      [GC Worker Other (ms): Min: 0.0, Avg: 0.0, Max: 0.0, Diff: 0.0, Sum: 0.1]
      [GC Worker Total (ms): Min: 13.4, Avg: 21.8, Max: 26.2, Diff: 12.8, Sum: 130.7]
      [GC Worker End (ms): Min: 285276202.1, Avg: 285276202.1, Max: 285276202.1, Diff: 0.0]
   [Code Root Fixup: 0.0 ms]
   [Code Root Purge: 0.0 ms]
   [Clear CT: 0.6 ms]
   [Other: 13.8 ms]
      [Choose CSet: 0.0 ms]
      [Ref Proc: 13.4 ms]
      [Ref Enq: 0.1 ms]
      [Redirty Cards: 0.1 ms]
      [Humongous Register: 0.0 ms]
      [Humongous Reclaim: 0.0 ms]
      [Free CSet: 0.1 ms]
   [Eden: 7152.0M(7152.0M)->0.0B(5664.0M) Survivors: 16384.0K->65536.0K Heap: 10830.2M(14336.0M)->3733.9M(14336.0M)]
 [Times: user=0.15 sys=0.00, real=0.04 secs] 
2022-10-02T18:51:05.059-0600: 285280.139: [GC pause (G1 Evacuation Pause) (mixed), 0.0352811 secs]
   [Parallel Time: 24.0 ms, GC Workers: 6]
      [GC Worker Start (ms): Min: 285280139.2, Avg: 285280139.5, Max: 285280140.7, Diff: 1.5]
      [Ext Root Scanning (ms): Min: 0.0, Avg: 1.4, Max: 3.7, Diff: 3.7, Sum: 8.2]
      [Update RS (ms): Min: 0.7, Avg: 2.7, Max: 3.2, Diff: 2.5, Sum: 16.1]
         [Processed Buffers: Min: 5, Avg: 13.2, Max: 20, Diff: 15, Sum: 79]
      [Scan RS (ms): Min: 2.1, Avg: 2.2, Max: 2.3, Diff: 0.2, Sum: 13.2]
      [Code Root Scanning (ms): Min: 0.0, Avg: 0.0, Max: 0.0, Diff: 0.0, Sum: 0.0]
      [Object Copy (ms): Min: 16.0, Avg: 16.4, Max: 17.4, Diff: 1.4, Sum: 98.1]
      [Termination (ms): Min: 0.0, Avg: 1.0, Max: 1.2, Diff: 1.2, Sum: 5.9]
         [Termination Attempts: Min: 1, Avg: 1.0, Max: 1, Diff: 0, Sum: 6]
      [GC Worker Other (ms): Min: 0.0, Avg: 0.0, Max: 0.0, Diff: 0.0, Sum: 0.1]
      [GC Worker Total (ms): Min: 22.4, Avg: 23.6, Max: 23.9, Diff: 1.6, Sum: 141.5]
      [GC Worker End (ms): Min: 285280163.1, Avg: 285280163.1, Max: 285280163.2, Diff: 0.1]
   [Code Root Fixup: 0.0 ms]
   [Code Root Purge: 0.0 ms]
   [Clear CT: 0.9 ms]
   [Other: 10.4 ms]
      [Choose CSet: 0.0 ms]
      [Ref Proc: 9.8 ms]
      [Ref Enq: 0.1 ms]
      [Redirty Cards: 0.2 ms]
      [Humongous Register: 0.0 ms]
      [Humongous Reclaim: 0.0 ms]
      [Free CSet: 0.1 ms]
   [Eden: 5664.0M(5664.0M)->0.0B(7056.0M) Survivors: 65536.0K->112.0M Heap: 9397.9M(14336.0M)->3784.3M(14336.0M)]
 [Times: user=0.14 sys=0.00, real=0.04 secs] 
2022-10-02T18:51:25.154-0600: 285300.234: [GC pause (G1 Evacuation Pause) (young), 0.0369756 secs]
   [Parallel Time: 24.0 ms, GC Workers: 6]
      [GC Worker Start (ms): Min: 285300234.1, Avg: 285300235.6, Max: 285300239.2, Diff: 5.0]
      [Ext Root Scanning (ms): Min: 0.0, Avg: 1.1, Max: 3.4, Diff: 3.4, Sum: 6.8]
      [Update RS (ms): Min: 10.0, Avg: 12.2, Max: 13.3, Diff: 3.3, Sum: 73.1]
         [Processed Buffers: Min: 48, Avg: 57.8, Max: 65, Diff: 17, Sum: 347]
      [Scan RS (ms): Min: 0.0, Avg: 0.0, Max: 0.1, Diff: 0.1, Sum: 0.2]
      [Code Root Scanning (ms): Min: 0.0, Avg: 0.0, Max: 0.0, Diff: 0.0, Sum: 0.0]
      [Object Copy (ms): Min: 8.9, Avg: 9.0, Max: 9.1, Diff: 0.3, Sum: 54.2]
      [Termination (ms): Min: 0.0, Avg: 0.0, Max: 0.0, Diff: 0.0, Sum: 0.0]
         [Termination Attempts: Min: 1, Avg: 1.0, Max: 1, Diff: 0, Sum: 6]
      [GC Worker Other (ms): Min: 0.0, Avg: 0.0, Max: 0.0, Diff: 0.0, Sum: 0.1]
      [GC Worker Total (ms): Min: 18.9, Avg: 22.4, Max: 23.9, Diff: 5.0, Sum: 134.5]
      [GC Worker End (ms): Min: 285300258.0, Avg: 285300258.0, Max: 285300258.0, Diff: 0.0]
   [Code Root Fixup: 0.0 ms]
   [Code Root Purge: 0.0 ms]
   [Clear CT: 0.8 ms]
   [Other: 12.2 ms]
      [Choose CSet: 0.0 ms]
      [Ref Proc: 11.7 ms]
      [Ref Enq: 0.1 ms]
      [Redirty Cards: 0.1 ms]
      [Humongous Register: 0.0 ms]
      [Humongous Reclaim: 0.0 ms]
      [Free CSet: 0.2 ms]
   [Eden: 7056.0M(7056.0M)->0.0B(7088.0M) Survivors: 112.0M->81920.0K Heap: 10840.3M(14336.0M)->3800.8M(14336.0M)]
 [Times: user=0.16 sys=0.00, real=0.03 secs] 
2022-10-02T18:52:37.093-0600: 285372.173: [GC pause (G1 Evacuation Pause) (young) (initial-mark), 0.0540375 secs]
   [Parallel Time: 42.7 ms, GC Workers: 6]
      [GC Worker Start (ms): Min: 285372174.6, Avg: 285372177.4, Max: 285372178.8, Diff: 4.2]
      [Ext Root Scanning (ms): Min: 1.7, Avg: 5.9, Max: 11.1, Diff: 9.4, Sum: 35.7]
      [Update RS (ms): Min: 5.4, Avg: 8.1, Max: 12.2, Diff: 6.9, Sum: 48.8]
         [Processed Buffers: Min: 18, Avg: 33.2, Max: 48, Diff: 30, Sum: 199]
      [Scan RS (ms): Min: 0.0, Avg: 0.0, Max: 0.1, Diff: 0.1, Sum: 0.2]
      [Code Root Scanning (ms): Min: 0.0, Avg: 0.0, Max: 0.0, Diff: 0.0, Sum: 0.0]
      [Object Copy (ms): Min: 23.4, Avg: 24.3, Max: 24.7, Diff: 1.3, Sum: 146.0]
      [Termination (ms): Min: 0.0, Avg: 0.0, Max: 0.1, Diff: 0.1, Sum: 0.2]
         [Termination Attempts: Min: 8, Avg: 17.5, Max: 33, Diff: 25, Sum: 105]
      [GC Worker Other (ms): Min: 0.0, Avg: 0.0, Max: 0.0, Diff: 0.0, Sum: 0.1]
      [GC Worker Total (ms): Min: 37.1, Avg: 38.5, Max: 41.3, Diff: 4.2, Sum: 230.9]
      [GC Worker End (ms): Min: 285372215.9, Avg: 285372215.9, Max: 285372215.9, Diff: 0.0]
   [Code Root Fixup: 0.0 ms]
   [Code Root Purge: 0.0 ms]
   [Clear CT: 1.0 ms]
   [Other: 10.3 ms]
      [Choose CSet: 0.0 ms]
      [Ref Proc: 9.8 ms]
      [Ref Enq: 0.1 ms]
      [Redirty Cards: 0.2 ms]
      [Humongous Register: 0.0 ms]
      [Humongous Reclaim: 0.0 ms]
      [Free CSet: 0.1 ms]
   [Eden: 7088.0M(7088.0M)->0.0B(7024.0M) Survivors: 81920.0K->144.0M Heap: 10888.8M(14336.0M)->3924.8M(14336.0M)]
 [Times: user=0.23 sys=0.00, real=0.05 secs] 
2022-10-02T18:52:37.147-0600: 285372.227: [GC concurrent-root-region-scan-start]
2022-10-02T18:52:37.166-0600: 285372.246: [GC concurrent-root-region-scan-end, 0.0186008 secs]
2022-10-02T18:52:37.166-0600: 285372.246: [GC concurrent-mark-start]
2022-10-02T18:52:38.464-0600: 285373.544: [GC concurrent-mark-end, 1.2981588 secs]
2022-10-02T18:52:38.464-0600: 285373.544: [GC remark 2022-10-02T18:52:38.464-0600: 285373.544: [Finalize Marking, 0.0008723 secs] 2022-10-02T18:52:38.465-0600: 285373.545: [GC ref-proc, 0.0354330 secs] 2022-10-02T18:52:38.501-0600: 285373.581: [Unloading, 0.0295323 secs], 0.0725069 secs]
 [Times: user=0.27 sys=0.00, real=0.08 secs] 
2022-10-02T18:52:38.537-0600: 285373.617: [GC cleanup 4053M->4037M(14336M), 0.0096982 secs]
 [Times: user=0.02 sys=0.00, real=0.01 secs] 
2022-10-02T18:52:38.547-0600: 285373.627: [GC concurrent-cleanup-start]
2022-10-02T18:52:38.547-0600: 285373.627: [GC concurrent-cleanup-end, 0.0000110 secs]
2022-10-02T18:54:32.540-0600: 285487.620: [GC pause (G1 Evacuation Pause) (young), 0.0445458 secs]
   [Parallel Time: 31.8 ms, GC Workers: 6]
      [GC Worker Start (ms): Min: 285487619.6, Avg: 285487620.0, Max: 285487620.7, Diff: 1.1]
      [Ext Root Scanning (ms): Min: 0.7, Avg: 2.2, Max: 5.1, Diff: 4.4, Sum: 13.2]
      [Update RS (ms): Min: 10.0, Avg: 10.8, Max: 11.3, Diff: 1.2, Sum: 65.0]
         [Processed Buffers: Min: 16, Avg: 44.3, Max: 67, Diff: 51, Sum: 266]
      [Scan RS (ms): Min: 0.0, Avg: 0.0, Max: 0.1, Diff: 0.1, Sum: 0.3]
      [Code Root Scanning (ms): Min: 0.0, Avg: 0.0, Max: 0.0, Diff: 0.0, Sum: 0.0]
      [Object Copy (ms): Min: 16.3, Avg: 18.3, Max: 18.8, Diff: 2.5, Sum: 109.9]
      [Termination (ms): Min: 0.0, Avg: 0.0, Max: 0.0, Diff: 0.0, Sum: 0.0]
         [Termination Attempts: Min: 1, Avg: 1.2, Max: 2, Diff: 1, Sum: 7]
      [GC Worker Other (ms): Min: 0.0, Avg: 0.0, Max: 0.0, Diff: 0.0, Sum: 0.1]
      [GC Worker Total (ms): Min: 30.7, Avg: 31.4, Max: 31.8, Diff: 1.1, Sum: 188.5]
      [GC Worker End (ms): Min: 285487651.4, Avg: 285487651.4, Max: 285487651.4, Diff: 0.0]
   [Code Root Fixup: 0.0 ms]
   [Code Root Purge: 0.0 ms]
   [Clear CT: 0.8 ms]
   [Other: 11.9 ms]
      [Choose CSet: 0.0 ms]
      [Ref Proc: 11.3 ms]
      [Ref Enq: 0.1 ms]
      [Redirty Cards: 0.2 ms]
      [Humongous Register: 0.0 ms]
      [Humongous Reclaim: 0.0 ms]
      [Free CSet: 0.2 ms]
   [Eden: 7024.0M(7024.0M)->0.0B(5616.0M) Survivors: 144.0M->112.0M Heap: 10932.8M(14336.0M)->3972.9M(14336.0M)]
 [Times: user=0.19 sys=0.00, real=0.04 secs] 
2022-10-02T18:55:58.459-0600: 285573.539: [GC pause (G1 Evacuation Pause) (mixed), 0.0529759 secs]
   [Parallel Time: 39.0 ms, GC Workers: 6]
      [GC Worker Start (ms): Min: 285573539.1, Avg: 285573540.5, Max: 285573544.7, Diff: 5.6]
      [Ext Root Scanning (ms): Min: 0.0, Avg: 1.2, Max: 3.5, Diff: 3.5, Sum: 7.1]
      [Update RS (ms): Min: 7.6, Avg: 10.6, Max: 11.7, Diff: 4.1, Sum: 63.6]
         [Processed Buffers: Min: 37, Avg: 45.5, Max: 54, Diff: 17, Sum: 273]
      [Scan RS (ms): Min: 4.3, Avg: 4.4, Max: 4.4, Diff: 0.2, Sum: 26.3]
      [Code Root Scanning (ms): Min: 0.0, Avg: 0.0, Max: 0.0, Diff: 0.0, Sum: 0.1]
      [Object Copy (ms): Min: 21.1, Avg: 21.2, Max: 21.3, Diff: 0.2, Sum: 127.3]
      [Termination (ms): Min: 0.0, Avg: 0.1, Max: 0.1, Diff: 0.1, Sum: 0.6]
         [Termination Attempts: Min: 1, Avg: 176.0, Max: 253, Diff: 252, Sum: 1056]
      [GC Worker Other (ms): Min: 0.0, Avg: 0.0, Max: 0.0, Diff: 0.0, Sum: 0.1]
      [GC Worker Total (ms): Min: 33.2, Avg: 37.5, Max: 38.9, Diff: 5.6, Sum: 225.0]
      [GC Worker End (ms): Min: 285573578.0, Avg: 285573578.0, Max: 285573578.0, Diff: 0.0]
   [Code Root Fixup: 0.0 ms]
   [Code Root Purge: 0.0 ms]
   [Clear CT: 0.8 ms]
   [Other: 13.2 ms]
      [Choose CSet: 0.1 ms]
      [Ref Proc: 12.2 ms]
      [Ref Enq: 0.1 ms]
      [Redirty Cards: 0.4 ms]
      [Humongous Register: 0.0 ms]
      [Humongous Reclaim: 0.0 ms]
      [Free CSet: 0.3 ms]
   [Eden: 5616.0M(5616.0M)->0.0B(7088.0M) Survivors: 112.0M->81920.0K Heap: 9588.9M(14336.0M)->3670.6M(14336.0M)]
 [Times: user=0.26 sys=0.00, real=0.05 secs] 
2022-10-02T18:57:43.771-0600: 285678.851: [GC pause (G1 Evacuation Pause) (young), 0.0435369 secs]
   [Parallel Time: 27.5 ms, GC Workers: 6]
      [GC Worker Start (ms): Min: 285678850.8, Avg: 285678851.2, Max: 285678852.4, Diff: 1.6]
      [Ext Root Scanning (ms): Min: 0.0, Avg: 1.3, Max: 3.7, Diff: 3.7, Sum: 7.7]
      [Update RS (ms): Min: 10.9, Avg: 12.7, Max: 13.2, Diff: 2.3, Sum: 76.5]
         [Processed Buffers: Min: 34, Avg: 44.0, Max: 47, Diff: 13, Sum: 264]
      [Scan RS (ms): Min: 0.4, Avg: 0.5, Max: 0.5, Diff: 0.2, Sum: 3.0]
      [Code Root Scanning (ms): Min: 0.0, Avg: 0.0, Max: 0.0, Diff: 0.0, Sum: 0.0]
      [Object Copy (ms): Min: 12.4, Avg: 12.5, Max: 12.6, Diff: 0.2, Sum: 74.9]
      [Termination (ms): Min: 0.0, Avg: 0.0, Max: 0.0, Diff: 0.0, Sum: 0.2]
         [Termination Attempts: Min: 1, Avg: 55.2, Max: 88, Diff: 87, Sum: 331]
      [GC Worker Other (ms): Min: 0.0, Avg: 0.0, Max: 0.0, Diff: 0.0, Sum: 0.1]
      [GC Worker Total (ms): Min: 25.9, Avg: 27.1, Max: 27.5, Diff: 1.6, Sum: 162.3]
      [GC Worker End (ms): Min: 285678878.3, Avg: 285678878.3, Max: 285678878.3, Diff: 0.0]
   [Code Root Fixup: 0.0 ms]
   [Code Root Purge: 0.0 ms]
   [Clear CT: 0.9 ms]
   [Other: 15.0 ms]
      [Choose CSet: 0.0 ms]
      [Ref Proc: 14.6 ms]
      [Ref Enq: 0.1 ms]
      [Redirty Cards: 0.1 ms]
      [Humongous Register: 0.0 ms]
      [Humongous Reclaim: 0.0 ms]
      [Free CSet: 0.1 ms]
   [Eden: 7088.0M(7088.0M)->0.0B(7072.0M) Survivors: 81920.0K->98304.0K Heap: 10758.6M(14336.0M)->3730.3M(14336.0M)]
 [Times: user=0.19 sys=0.00, real=0.05 secs] 
2022-10-02T18:59:30.486-0600: 285785.566: [GC pause (G1 Evacuation Pause) (young) (initial-mark), 0.0406549 secs]
   [Parallel Time: 25.6 ms, GC Workers: 6]
      [GC Worker Start (ms): Min: 285785567.2, Avg: 285785569.1, Max: 285785570.4, Diff: 3.3]
      [Ext Root Scanning (ms): Min: 2.3, Avg: 4.2, Max: 5.5, Diff: 3.2, Sum: 25.1]
      [Update RS (ms): Min: 8.5, Avg: 9.5, Max: 10.1, Diff: 1.6, Sum: 57.1]
         [Processed Buffers: Min: 9, Avg: 32.5, Max: 50, Diff: 41, Sum: 195]
      [Scan RS (ms): Min: 0.0, Avg: 0.0, Max: 0.1, Diff: 0.1, Sum: 0.2]
      [Code Root Scanning (ms): Min: 0.0, Avg: 0.0, Max: 0.0, Diff: 0.0, Sum: 0.0]
      [Object Copy (ms): Min: 8.4, Avg: 8.5, Max: 8.6, Diff: 0.2, Sum: 50.8]
      [Termination (ms): Min: 0.0, Avg: 0.0, Max: 0.0, Diff: 0.0, Sum: 0.0]
         [Termination Attempts: Min: 1, Avg: 1.3, Max: 2, Diff: 1, Sum: 8]
      [GC Worker Other (ms): Min: 0.0, Avg: 0.0, Max: 0.0, Diff: 0.0, Sum: 0.1]
      [GC Worker Total (ms): Min: 20.8, Avg: 22.2, Max: 24.1, Diff: 3.3, Sum: 133.3]
      [GC Worker End (ms): Min: 285785591.3, Avg: 285785591.3, Max: 285785591.3, Diff: 0.0]
   [Code Root Fixup: 0.0 ms]
   [Code Root Purge: 0.0 ms]
   [Clear CT: 0.9 ms]
   [Other: 14.2 ms]
      [Choose CSet: 0.0 ms]
      [Ref Proc: 13.7 ms]
      [Ref Enq: 0.1 ms]
      [Redirty Cards: 0.2 ms]
      [Humongous Register: 0.0 ms]
      [Humongous Reclaim: 0.0 ms]
      [Free CSet: 0.1 ms]
   [Eden: 7072.0M(7072.0M)->0.0B(7072.0M) Survivors: 98304.0K->98304.0K Heap: 10802.3M(14336.0M)->3797.6M(14336.0M)]
 [Times: user=0.15 sys=0.00, real=0.04 secs] 
2022-10-02T18:59:30.527-0600: 285785.606: [GC concurrent-root-region-scan-start]
2022-10-02T18:59:30.532-0600: 285785.612: [GC concurrent-root-region-scan-end, 0.0055863 secs]
2022-10-02T18:59:30.532-0600: 285785.612: [GC concurrent-mark-start]
2022-10-02T18:59:31.847-0600: 285786.927: [GC concurrent-mark-end, 1.3145482 secs]
2022-10-02T18:59:31.847-0600: 285786.927: [GC remark 2022-10-02T18:59:31.847-0600: 285786.927: [Finalize Marking, 0.0027758 secs] 2022-10-02T18:59:31.850-0600: 285786.930: [GC ref-proc, 0.0247938 secs] 2022-10-02T18:59:31.875-0600: 285786.954: [Unloading, 0.0298498 secs], 0.0625409 secs]
 [Times: user=0.23 sys=0.00, real=0.06 secs] 
2022-10-02T18:59:31.910-0600: 285786.990: [GC cleanup 3906M->3906M(14336M), 0.0076709 secs]
 [Times: user=0.01 sys=0.00, real=0.01 secs] 
2022-10-02T19:01:08.940-0600: 285884.020: [GC pause (G1 Evacuation Pause) (young), 0.0295923 secs]
   [Parallel Time: 18.7 ms, GC Workers: 6]
      [GC Worker Start (ms): Min: 285884020.0, Avg: 285884020.1, Max: 285884020.7, Diff: 0.8]
      [Ext Root Scanning (ms): Min: 0.5, Avg: 1.4, Max: 3.5, Diff: 3.0, Sum: 8.5]
      [Update RS (ms): Min: 9.4, Avg: 11.1, Max: 11.5, Diff: 2.1, Sum: 66.5]
         [Processed Buffers: Min: 39, Avg: 47.5, Max: 55, Diff: 16, Sum: 285]
      [Scan RS (ms): Min: 0.0, Avg: 0.0, Max: 0.1, Diff: 0.1, Sum: 0.2]
      [Code Root Scanning (ms): Min: 0.0, Avg: 0.0, Max: 0.0, Diff: 0.0, Sum: 0.0]
      [Object Copy (ms): Min: 5.8, Avg: 5.9, Max: 6.1, Diff: 0.3, Sum: 35.5]
      [Termination (ms): Min: 0.0, Avg: 0.0, Max: 0.0, Diff: 0.0, Sum: 0.0]
         [Termination Attempts: Min: 1, Avg: 1.5, Max: 2, Diff: 1, Sum: 9]
      [GC Worker Other (ms): Min: 0.0, Avg: 0.0, Max: 0.0, Diff: 0.0, Sum: 0.1]
      [GC Worker Total (ms): Min: 17.9, Avg: 18.5, Max: 18.7, Diff: 0.8, Sum: 110.9]
      [GC Worker End (ms): Min: 285884038.6, Avg: 285884038.6, Max: 285884038.6, Diff: 0.0]
   [Code Root Fixup: 0.0 ms]
   [Code Root Purge: 0.0 ms]
   [Clear CT: 0.8 ms]
   [Other: 10.1 ms]
      [Choose CSet: 0.0 ms]
      [Ref Proc: 9.7 ms]
      [Ref Enq: 0.1 ms]
      [Redirty Cards: 0.1 ms]
      [Humongous Register: 0.0 ms]
      [Humongous Reclaim: 0.0 ms]
      [Free CSet: 0.1 ms]
   [Eden: 7072.0M(7072.0M)->0.0B(5680.0M) Survivors: 98304.0K->49152.0K Heap: 10869.6M(14336.0M)->3799.0M(14336.0M)]
 [Times: user=0.14 sys=0.00, real=0.03 secs] 
2022-10-02T19:02:30.086-0600: 285965.166: [GC pause (G1 Evacuation Pause) (mixed), 0.0575095 secs]
   [Parallel Time: 44.7 ms, GC Workers: 6]
      [GC Worker Start (ms): Min: 285965166.0, Avg: 285965173.6, Max: 285965180.7, Diff: 14.7]
      [Ext Root Scanning (ms): Min: 0.0, Avg: 1.0, Max: 4.6, Diff: 4.6, Sum: 6.3]
      [Update RS (ms): Min: 0.0, Avg: 4.2, Max: 12.2, Diff: 12.2, Sum: 25.5]
         [Processed Buffers: Min: 0, Avg: 25.8, Max: 63, Diff: 63, Sum: 155]
      [Scan RS (ms): Min: 0.0, Avg: 4.1, Max: 5.9, Diff: 5.8, Sum: 24.7]
      [Code Root Scanning (ms): Min: 0.0, Avg: 0.0, Max: 0.1, Diff: 0.1, Sum: 0.2]
      [Object Copy (ms): Min: 25.6, Avg: 27.5, Max: 28.0, Diff: 2.4, Sum: 165.1]
      [Termination (ms): Min: 0.0, Avg: 0.0, Max: 0.0, Diff: 0.0, Sum: 0.0]
         [Termination Attempts: Min: 1, Avg: 15.2, Max: 22, Diff: 21, Sum: 91]
      [GC Worker Other (ms): Min: 0.0, Avg: 0.0, Max: 0.0, Diff: 0.0, Sum: 0.1]
      [GC Worker Total (ms): Min: 29.9, Avg: 37.0, Max: 44.6, Diff: 14.7, Sum: 221.9]
      [GC Worker End (ms): Min: 285965210.6, Avg: 285965210.6, Max: 285965210.6, Diff: 0.0]
   [Code Root Fixup: 0.0 ms]
   [Code Root Purge: 0.0 ms]
   [Clear CT: 1.1 ms]
   [Other: 11.7 ms]
      [Choose CSet: 0.1 ms]
      [Ref Proc: 10.8 ms]
      [Ref Enq: 0.0 ms]
      [Redirty Cards: 0.4 ms]
      [Humongous Register: 0.0 ms]
      [Humongous Reclaim: 0.0 ms]
      [Free CSet: 0.2 ms]
   [Eden: 5680.0M(5680.0M)->0.0B(7088.0M) Survivors: 49152.0K->81920.0K Heap: 9479.0M(14336.0M)->3655.5M(14336.0M)]
 [Times: user=0.24 sys=0.00, real=0.05 secs] 
2022-10-02T19:04:45.937-0600: 286101.017: [GC pause (G1 Evacuation Pause) (young), 0.0383452 secs]
   [Parallel Time: 24.9 ms, GC Workers: 6]
      [GC Worker Start (ms): Min: 286101017.0, Avg: 286101019.3, Max: 286101020.5, Diff: 3.6]
      [Ext Root Scanning (ms): Min: 0.0, Avg: 1.0, Max: 3.1, Diff: 3.1, Sum: 6.0]
      [Update RS (ms): Min: 9.6, Avg: 9.9, Max: 10.1, Diff: 0.4, Sum: 59.2]
         [Processed Buffers: Min: 24, Avg: 40.8, Max: 53, Diff: 29, Sum: 245]
      [Scan RS (ms): Min: 0.5, Avg: 0.6, Max: 0.6, Diff: 0.2, Sum: 3.3]
      [Code Root Scanning (ms): Min: 0.0, Avg: 0.0, Max: 0.0, Diff: 0.0, Sum: 0.0]
      [Object Copy (ms): Min: 10.9, Avg: 11.0, Max: 11.3, Diff: 0.4, Sum: 65.9]
      [Termination (ms): Min: 0.0, Avg: 0.0, Max: 0.0, Diff: 0.0, Sum: 0.0]
         [Termination Attempts: Min: 1, Avg: 1.0, Max: 1, Diff: 0, Sum: 6]
      [GC Worker Other (ms): Min: 0.0, Avg: 0.0, Max: 0.1, Diff: 0.1, Sum: 0.2]
      [GC Worker Total (ms): Min: 21.2, Avg: 22.4, Max: 24.8, Diff: 3.6, Sum: 134.6]
      [GC Worker End (ms): Min: 286101041.7, Avg: 286101041.7, Max: 286101041.8, Diff: 0.1]
   [Code Root Fixup: 0.0 ms]
   [Code Root Purge: 0.0 ms]
   [Clear CT: 1.1 ms]
   [Other: 12.4 ms]
      [Choose CSet: 0.0 ms]
      [Ref Proc: 11.9 ms]
      [Ref Enq: 0.1 ms]
      [Redirty Cards: 0.1 ms]
      [Humongous Register: 0.0 ms]
      [Humongous Reclaim: 0.0 ms]
      [Free CSet: 0.1 ms]
   [Eden: 7088.0M(7088.0M)->0.0B(7056.0M) Survivors: 81920.0K->112.0M Heap: 10743.5M(14336.0M)->3742.3M(14336.0M)]
 [Times: user=0.15 sys=0.00, real=0.04 secs] 
2022-10-02T19:06:45.237-0600: 286220.317: [GC pause (G1 Evacuation Pause) (young) (initial-mark), 0.0418495 secs]
   [Parallel Time: 30.4 ms, GC Workers: 6]
      [GC Worker Start (ms): Min: 286220318.6, Avg: 286220321.9, Max: 286220323.2, Diff: 4.6]
      [Ext Root Scanning (ms): Min: 2.1, Avg: 5.2, Max: 7.6, Diff: 5.5, Sum: 31.2]
      [Update RS (ms): Min: 10.9, Avg: 13.6, Max: 15.6, Diff: 4.7, Sum: 81.8]
         [Processed Buffers: Min: 37, Avg: 47.3, Max: 64, Diff: 27, Sum: 284]
      [Scan RS (ms): Min: 0.0, Avg: 0.0, Max: 0.1, Diff: 0.1, Sum: 0.2]
      [Code Root Scanning (ms): Min: 0.0, Avg: 0.0, Max: 0.0, Diff: 0.0, Sum: 0.0]
      [Object Copy (ms): Min: 6.6, Avg: 6.7, Max: 7.0, Diff: 0.4, Sum: 40.5]
      [Termination (ms): Min: 0.0, Avg: 0.0, Max: 0.0, Diff: 0.0, Sum: 0.0]
         [Termination Attempts: Min: 1, Avg: 4.5, Max: 7, Diff: 6, Sum: 27]
      [GC Worker Other (ms): Min: 0.0, Avg: 0.0, Max: 0.0, Diff: 0.0, Sum: 0.1]
      [GC Worker Total (ms): Min: 24.3, Avg: 25.6, Max: 28.9, Diff: 4.6, Sum: 153.8]
      [GC Worker End (ms): Min: 286220347.5, Avg: 286220347.5, Max: 286220347.6, Diff: 0.0]
   [Code Root Fixup: 0.0 ms]
   [Code Root Purge: 0.0 ms]
   [Clear CT: 0.8 ms]
   [Other: 10.6 ms]
      [Choose CSet: 0.0 ms]
      [Ref Proc: 10.1 ms]
      [Ref Enq: 0.1 ms]
      [Redirty Cards: 0.1 ms]
      [Humongous Register: 0.0 ms]
      [Humongous Reclaim: 0.0 ms]
      [Free CSet: 0.1 ms]
   [Eden: 7056.0M(7056.0M)->0.0B(7120.0M) Survivors: 112.0M->49152.0K Heap: 10798.3M(14336.0M)->3742.8M(14336.0M)]
 [Times: user=0.16 sys=0.00, real=0.04 secs] 
2022-10-02T19:06:45.279-0600: 286220.359: [GC concurrent-root-region-scan-start]
2022-10-02T19:06:45.285-0600: 286220.365: [GC concurrent-root-region-scan-end, 0.0061704 secs]
2022-10-02T19:06:45.285-0600: 286220.365: [GC concurrent-mark-start]
2022-10-02T19:06:46.583-0600: 286221.663: [GC concurrent-mark-end, 1.2976589 secs]
2022-10-02T19:06:46.583-0600: 286221.663: [GC remark 2022-10-02T19:06:46.583-0600: 286221.663: [Finalize Marking, 0.0028194 secs] 2022-10-02T19:06:46.586-0600: 286221.666: [GC ref-proc, 0.0251746 secs] 2022-10-02T19:06:46.611-0600: 286221.691: [Unloading, 0.0286140 secs], 0.0612581 secs]
 [Times: user=0.22 sys=0.00, real=0.06 secs] 
2022-10-02T19:06:46.645-0600: 286221.725: [GC cleanup 3838M->3838M(14336M), 0.0101830 secs]
 [Times: user=0.02 sys=0.00, real=0.01 secs] 
2022-10-02T19:08:44.989-0600: 286340.069: [GC pause (G1 Evacuation Pause) (young), 0.0392788 secs]
   [Parallel Time: 27.0 ms, GC Workers: 6]
      [GC Worker Start (ms): Min: 286340068.7, Avg: 286340075.6, Max: 286340080.7, Diff: 12.0]
      [Ext Root Scanning (ms): Min: 0.0, Avg: 2.4, Max: 12.1, Diff: 12.1, Sum: 14.6]
      [Update RS (ms): Min: 10.4, Avg: 13.1, Max: 17.2, Diff: 6.8, Sum: 78.7]
         [Processed Buffers: Min: 29, Avg: 43.5, Max: 67, Diff: 38, Sum: 261]
      [Scan RS (ms): Min: 0.0, Avg: 0.0, Max: 0.1, Diff: 0.1, Sum: 0.2]
      [Code Root Scanning (ms): Min: 0.0, Avg: 0.0, Max: 0.0, Diff: 0.0, Sum: 0.0]
      [Object Copy (ms): Min: 4.1, Avg: 4.2, Max: 4.5, Diff: 0.4, Sum: 25.5]
      [Termination (ms): Min: 0.0, Avg: 0.0, Max: 0.0, Diff: 0.0, Sum: 0.0]
         [Termination Attempts: Min: 1, Avg: 4.2, Max: 7, Diff: 6, Sum: 25]
      [GC Worker Other (ms): Min: 0.0, Avg: 0.0, Max: 0.0, Diff: 0.0, Sum: 0.1]
      [GC Worker Total (ms): Min: 14.8, Avg: 19.9, Max: 26.7, Diff: 12.0, Sum: 119.2]
      [GC Worker End (ms): Min: 286340095.5, Avg: 286340095.5, Max: 286340095.5, Diff: 0.0]
   [Code Root Fixup: 0.0 ms]
   [Code Root Purge: 0.0 ms]
   [Clear CT: 0.7 ms]
   [Other: 11.6 ms]
      [Choose CSet: 0.0 ms]
      [Ref Proc: 11.1 ms]
      [Ref Enq: 0.1 ms]
      [Redirty Cards: 0.1 ms]
      [Humongous Register: 0.0 ms]
      [Humongous Reclaim: 0.0 ms]
      [Free CSet: 0.2 ms]
   [Eden: 7120.0M(7120.0M)->0.0B(5696.0M) Survivors: 49152.0K->32768.0K Heap: 10862.8M(14336.0M)->3749.7M(14336.0M)]
 [Times: user=0.13 sys=0.00, real=0.04 secs] 
2022-10-02T19:09:31.831-0600: 286386.911: [GC pause (G1 Evacuation Pause) (mixed), 0.0683705 secs]
   [Parallel Time: 57.0 ms, GC Workers: 6]
      [GC Worker Start (ms): Min: 286386910.6, Avg: 286386911.5, Max: 286386912.8, Diff: 2.1]
      [Ext Root Scanning (ms): Min: 0.0, Avg: 1.2, Max: 3.9, Diff: 3.9, Sum: 7.4]
      [Update RS (ms): Min: 1.8, Avg: 3.6, Max: 4.4, Diff: 2.6, Sum: 21.5]
         [Processed Buffers: Min: 12, Avg: 22.8, Max: 26, Diff: 14, Sum: 137]
      [Scan RS (ms): Min: 3.9, Avg: 4.2, Max: 4.4, Diff: 0.5, Sum: 25.3]
      [Code Root Scanning (ms): Min: 0.0, Avg: 0.0, Max: 0.1, Diff: 0.1, Sum: 0.1]
      [Object Copy (ms): Min: 47.0, Avg: 47.1, Max: 47.2, Diff: 0.2, Sum: 282.4]
      [Termination (ms): Min: 0.0, Avg: 0.0, Max: 0.0, Diff: 0.0, Sum: 0.0]
         [Termination Attempts: Min: 2, Avg: 10.5, Max: 19, Diff: 17, Sum: 63]
      [GC Worker Other (ms): Min: 0.0, Avg: 0.0, Max: 0.0, Diff: 0.0, Sum: 0.1]
      [GC Worker Total (ms): Min: 54.9, Avg: 56.1, Max: 57.0, Diff: 2.1, Sum: 336.8]
      [GC Worker End (ms): Min: 286386967.6, Avg: 286386967.6, Max: 286386967.6, Diff: 0.0]
   [Code Root Fixup: 0.0 ms]
   [Code Root Purge: 0.0 ms]
   [Clear CT: 0.8 ms]
   [Other: 10.5 ms]
      [Choose CSet: 0.1 ms]
      [Ref Proc: 9.9 ms]
      [Ref Enq: 0.1 ms]
      [Redirty Cards: 0.2 ms]
      [Humongous Register: 0.0 ms]
      [Humongous Reclaim: 0.0 ms]
      [Free CSet: 0.2 ms]
   [Eden: 5696.0M(5696.0M)->0.0B(6976.0M) Survivors: 32768.0K->192.0M Heap: 9445.7M(14336.0M)->3765.0M(14336.0M)]
 [Times: user=0.36 sys=0.00, real=0.07 secs] 
2022-10-02T19:10:56.541-0600: 286471.620: [GC pause (G1 Evacuation Pause) (young), 0.0539976 secs]
   [Parallel Time: 42.5 ms, GC Workers: 6]
      [GC Worker Start (ms): Min: 286471620.5, Avg: 286471621.2, Max: 286471624.7, Diff: 4.2]
      [Ext Root Scanning (ms): Min: 0.0, Avg: 2.5, Max: 7.6, Diff: 7.6, Sum: 15.2]
      [Update RS (ms): Min: 1.7, Avg: 6.0, Max: 7.9, Diff: 6.1, Sum: 36.2]
         [Processed Buffers: Min: 8, Avg: 29.5, Max: 37, Diff: 29, Sum: 177]
      [Scan RS (ms): Min: 0.3, Avg: 0.5, Max: 0.6, Diff: 0.2, Sum: 3.0]
      [Code Root Scanning (ms): Min: 0.0, Avg: 0.0, Max: 0.0, Diff: 0.0, Sum: 0.0]
      [Object Copy (ms): Min: 32.5, Avg: 32.6, Max: 32.8, Diff: 0.3, Sum: 195.8]
      [Termination (ms): Min: 0.0, Avg: 0.0, Max: 0.0, Diff: 0.0, Sum: 0.0]
         [Termination Attempts: Min: 1, Avg: 13.0, Max: 19, Diff: 18, Sum: 78]
      [GC Worker Other (ms): Min: 0.0, Avg: 0.0, Max: 0.0, Diff: 0.0, Sum: 0.1]
      [GC Worker Total (ms): Min: 38.2, Avg: 41.7, Max: 42.5, Diff: 4.2, Sum: 250.3]
      [GC Worker End (ms): Min: 286471663.0, Avg: 286471663.0, Max: 286471663.0, Diff: 0.0]
   [Code Root Fixup: 0.0 ms]
   [Code Root Purge: 0.0 ms]
   [Clear CT: 0.8 ms]
   [Other: 10.6 ms]
      [Choose CSet: 0.0 ms]
      [Ref Proc: 10.1 ms]
      [Ref Enq: 0.1 ms]
      [Redirty Cards: 0.2 ms]
      [Humongous Register: 0.0 ms]
      [Humongous Reclaim: 0.0 ms]
      [Free CSet: 0.1 ms]
   [Eden: 6976.0M(6976.0M)->0.0B(7072.0M) Survivors: 192.0M->98304.0K Heap: 10741.0M(14336.0M)->3872.0M(14336.0M)]
 [Times: user=0.26 sys=0.00, real=0.06 secs] 
2022-10-02T19:12:30.790-0600: 286565.870: [GC pause (G1 Evacuation Pause) (young) (initial-mark), 0.0446643 secs]
   [Parallel Time: 29.1 ms, GC Workers: 6]
      [GC Worker Start (ms): Min: 286565871.1, Avg: 286565872.2, Max: 286565873.7, Diff: 2.6]
      [Ext Root Scanning (ms): Min: 2.2, Avg: 8.6, Max: 20.4, Diff: 18.2, Sum: 51.7]
      [Update RS (ms): Min: 0.6, Avg: 14.1, Max: 18.9, Diff: 18.3, Sum: 84.8]
         [Processed Buffers: Min: 4, Avg: 33.8, Max: 56, Diff: 52, Sum: 203]
      [Scan RS (ms): Min: 0.0, Avg: 0.4, Max: 0.5, Diff: 0.5, Sum: 2.1]
      [Code Root Scanning (ms): Min: 0.0, Avg: 0.0, Max: 0.0, Diff: 0.0, Sum: 0.0]
      [Object Copy (ms): Min: 2.2, Avg: 3.5, Max: 3.8, Diff: 1.6, Sum: 21.0]
      [Termination (ms): Min: 0.0, Avg: 0.0, Max: 0.0, Diff: 0.0, Sum: 0.0]
         [Termination Attempts: Min: 4, Avg: 5.8, Max: 9, Diff: 5, Sum: 35]
      [GC Worker Other (ms): Min: 0.0, Avg: 0.0, Max: 0.0, Diff: 0.0, Sum: 0.1]
      [GC Worker Total (ms): Min: 25.2, Avg: 26.6, Max: 27.8, Diff: 2.6, Sum: 159.8]
      [GC Worker End (ms): Min: 286565898.9, Avg: 286565898.9, Max: 286565898.9, Diff: 0.0]
   [Code Root Fixup: 0.0 ms]
   [Code Root Purge: 0.0 ms]
   [Clear CT: 0.8 ms]
   [Other: 14.7 ms]
      [Choose CSet: 0.0 ms]
      [Ref Proc: 14.4 ms]
      [Ref Enq: 0.1 ms]
      [Redirty Cards: 0.1 ms]
      [Humongous Register: 0.0 ms]
      [Humongous Reclaim: 0.0 ms]
      [Free CSet: 0.1 ms]
   [Eden: 7072.0M(7072.0M)->0.0B(7072.0M) Survivors: 98304.0K->98304.0K Heap: 10944.0M(14336.0M)->3924.3M(14336.0M)]
 [Times: user=0.16 sys=0.00, real=0.05 secs] 
2022-10-02T19:12:30.835-0600: 286565.915: [GC concurrent-root-region-scan-start]
2022-10-02T19:12:30.839-0600: 286565.919: [GC concurrent-root-region-scan-end, 0.0047046 secs]
2022-10-02T19:12:30.839-0600: 286565.919: [GC concurrent-mark-start]
2022-10-02T19:12:32.150-0600: 286567.229: [GC concurrent-mark-end, 1.3101998 secs]
2022-10-02T19:12:32.150-0600: 286567.230: [GC remark 2022-10-02T19:12:32.150-0600: 286567.230: [Finalize Marking, 0.0028078 secs] 2022-10-02T19:12:32.153-0600: 286567.233: [GC ref-proc, 0.0190201 secs] 2022-10-02T19:12:32.172-0600: 286567.252: [Unloading, 0.0313426 secs], 0.0582093 secs]
 [Times: user=0.22 sys=0.00, real=0.06 secs] 
2022-10-02T19:12:32.208-0600: 286567.288: [GC cleanup 4053M->4053M(14336M), 0.0088139 secs]
 [Times: user=0.03 sys=0.00, real=0.01 secs] 
2022-10-02T19:14:06.687-0600: 286661.767: [GC pause (G1 Evacuation Pause) (young), 0.0339509 secs]
   [Parallel Time: 21.3 ms, GC Workers: 6]
      [GC Worker Start (ms): Min: 286661767.4, Avg: 286661767.9, Max: 286661769.2, Diff: 1.8]
      [Ext Root Scanning (ms): Min: 0.0, Avg: 1.5, Max: 3.4, Diff: 3.4, Sum: 8.9]
      [Update RS (ms): Min: 0.0, Avg: 2.9, Max: 3.8, Diff: 3.8, Sum: 17.3]
         [Processed Buffers: Min: 0, Avg: 29.3, Max: 46, Diff: 46, Sum: 176]
      [Scan RS (ms): Min: 6.3, Avg: 9.2, Max: 9.8, Diff: 3.5, Sum: 55.0]
      [Code Root Scanning (ms): Min: 0.0, Avg: 0.0, Max: 0.0, Diff: 0.0, Sum: 0.0]
      [Object Copy (ms): Min: 5.9, Avg: 7.2, Max: 13.2, Diff: 7.2, Sum: 43.2]
      [Termination (ms): Min: 0.0, Avg: 0.0, Max: 0.0, Diff: 0.0, Sum: 0.1]
         [Termination Attempts: Min: 1, Avg: 16.7, Max: 26, Diff: 25, Sum: 100]
      [GC Worker Other (ms): Min: 0.0, Avg: 0.0, Max: 0.0, Diff: 0.0, Sum: 0.1]
      [GC Worker Total (ms): Min: 19.5, Avg: 20.8, Max: 21.3, Diff: 1.8, Sum: 124.5]
      [GC Worker End (ms): Min: 286661788.7, Avg: 286661788.7, Max: 286661788.7, Diff: 0.0]
   [Code Root Fixup: 0.0 ms]
   [Code Root Purge: 0.0 ms]
   [Clear CT: 0.9 ms]
   [Other: 11.7 ms]
      [Choose CSet: 0.0 ms]
      [Ref Proc: 11.1 ms]
      [Ref Enq: 0.1 ms]
      [Redirty Cards: 0.2 ms]
      [Humongous Register: 0.0 ms]
      [Humongous Reclaim: 0.0 ms]
      [Free CSet: 0.2 ms]
   [Eden: 7072.0M(7072.0M)->0.0B(5696.0M) Survivors: 98304.0K->32768.0K Heap: 10996.3M(14336.0M)->3909.5M(14336.0M)]
 [Times: user=0.15 sys=0.00, real=0.03 secs] 
2022-10-02T19:15:28.040-0600: 286743.120: [GC pause (G1 Evacuation Pause) (mixed), 0.0476656 secs]
   [Parallel Time: 32.2 ms, GC Workers: 6]
      [GC Worker Start (ms): Min: 286743119.8, Avg: 286743121.5, Max: 286743124.7, Diff: 4.9]
      [Ext Root Scanning (ms): Min: 0.0, Avg: 1.3, Max: 3.6, Diff: 3.5, Sum: 7.5]
      [Update RS (ms): Min: 1.6, Avg: 3.9, Max: 7.3, Diff: 5.7, Sum: 23.5]
         [Processed Buffers: Min: 22, Avg: 33.0, Max: 49, Diff: 27, Sum: 198]
      [Scan RS (ms): Min: 8.6, Avg: 10.6, Max: 11.1, Diff: 2.4, Sum: 63.6]
      [Code Root Scanning (ms): Min: 0.0, Avg: 0.0, Max: 0.1, Diff: 0.1, Sum: 0.1]
      [Object Copy (ms): Min: 14.5, Avg: 14.6, Max: 14.8, Diff: 0.2, Sum: 87.7]
      [Termination (ms): Min: 0.0, Avg: 0.0, Max: 0.0, Diff: 0.0, Sum: 0.2]
         [Termination Attempts: Min: 1, Avg: 48.3, Max: 71, Diff: 70, Sum: 290]
      [GC Worker Other (ms): Min: 0.0, Avg: 0.0, Max: 0.0, Diff: 0.0, Sum: 0.1]
      [GC Worker Total (ms): Min: 27.2, Avg: 30.4, Max: 32.1, Diff: 4.9, Sum: 182.6]
      [GC Worker End (ms): Min: 286743151.9, Avg: 286743152.0, Max: 286743152.0, Diff: 0.0]
   [Code Root Fixup: 0.0 ms]
   [Code Root Purge: 0.0 ms]
   [Clear CT: 1.1 ms]
   [Other: 14.4 ms]
      [Choose CSet: 0.1 ms]
      [Ref Proc: 13.5 ms]
      [Ref Enq: 0.1 ms]
      [Redirty Cards: 0.4 ms]
      [Humongous Register: 0.0 ms]
      [Humongous Reclaim: 0.0 ms]
      [Free CSet: 0.2 ms]
   [Eden: 5696.0M(5696.0M)->0.0B(7152.0M) Survivors: 32768.0K->16384.0K Heap: 9605.5M(14336.0M)->3626.8M(14336.0M)]
 [Times: user=0.21 sys=0.00, real=0.05 secs] 
2022-10-02T19:17:07.590-0600: 286842.670: [GC pause (G1 Evacuation Pause) (young), 0.0267337 secs]
   [Parallel Time: 13.2 ms, GC Workers: 6]
      [GC Worker Start (ms): Min: 286842670.1, Avg: 286842672.3, Max: 286842676.7, Diff: 6.7]
      [Ext Root Scanning (ms): Min: 0.0, Avg: 1.1, Max: 3.3, Diff: 3.3, Sum: 6.6]
      [Update RS (ms): Min: 4.1, Avg: 7.4, Max: 9.6, Diff: 5.5, Sum: 44.1]
         [Processed Buffers: Min: 16, Avg: 37.7, Max: 60, Diff: 44, Sum: 226]
      [Scan RS (ms): Min: 0.2, Avg: 0.3, Max: 0.4, Diff: 0.2, Sum: 1.9]
      [Code Root Scanning (ms): Min: 0.0, Avg: 0.0, Max: 0.0, Diff: 0.0, Sum: 0.0]
      [Object Copy (ms): Min: 1.9, Avg: 2.0, Max: 2.1, Diff: 0.2, Sum: 11.8]
      [Termination (ms): Min: 0.0, Avg: 0.0, Max: 0.0, Diff: 0.0, Sum: 0.0]
         [Termination Attempts: Min: 4, Avg: 4.7, Max: 7, Diff: 3, Sum: 28]
      [GC Worker Other (ms): Min: 0.0, Avg: 0.0, Max: 0.0, Diff: 0.0, Sum: 0.1]
      [GC Worker Total (ms): Min: 6.3, Avg: 10.8, Max: 13.0, Diff: 6.7, Sum: 64.5]
      [GC Worker End (ms): Min: 286842683.1, Avg: 286842683.1, Max: 286842683.1, Diff: 0.0]
   [Code Root Fixup: 0.0 ms]
   [Code Root Purge: 0.0 ms]
   [Clear CT: 0.8 ms]
   [Other: 12.8 ms]
      [Choose CSet: 0.0 ms]
      [Ref Proc: 12.3 ms]
      [Ref Enq: 0.1 ms]
      [Redirty Cards: 0.1 ms]
      [Humongous Register: 0.0 ms]
      [Humongous Reclaim: 0.0 ms]
      [Free CSet: 0.2 ms]
   [Eden: 7152.0M(7152.0M)->0.0B(7152.0M) Survivors: 16384.0K->16384.0K Heap: 10778.8M(14336.0M)->3678.5M(14336.0M)]
 [Times: user=0.09 sys=0.00, real=0.03 secs] 
2022-10-02T19:18:44.484-0600: 286939.564: [GC pause (G1 Evacuation Pause) (young) (initial-mark), 0.0221483 secs]
   [Parallel Time: 12.3 ms, GC Workers: 6]
      [GC Worker Start (ms): Min: 286939565.0, Avg: 286939567.5, Max: 286939568.7, Diff: 3.7]
      [Ext Root Scanning (ms): Min: 2.8, Avg: 4.1, Max: 6.8, Diff: 4.0, Sum: 24.6]
      [Update RS (ms): Min: 1.5, Avg: 2.0, Max: 2.1, Diff: 0.6, Sum: 11.9]
         [Processed Buffers: Min: 8, Avg: 10.7, Max: 14, Diff: 6, Sum: 64]
      [Scan RS (ms): Min: 0.0, Avg: 0.0, Max: 0.1, Diff: 0.1, Sum: 0.2]
      [Code Root Scanning (ms): Min: 0.0, Avg: 0.0, Max: 0.0, Diff: 0.0, Sum: 0.0]
      [Object Copy (ms): Min: 2.2, Avg: 2.3, Max: 2.5, Diff: 0.3, Sum: 13.7]
      [Termination (ms): Min: 0.0, Avg: 0.0, Max: 0.0, Diff: 0.0, Sum: 0.0]
         [Termination Attempts: Min: 1, Avg: 5.8, Max: 9, Diff: 8, Sum: 35]
      [GC Worker Other (ms): Min: 0.0, Avg: 0.0, Max: 0.0, Diff: 0.0, Sum: 0.1]
      [GC Worker Total (ms): Min: 7.2, Avg: 8.4, Max: 10.9, Diff: 3.7, Sum: 50.6]
      [GC Worker End (ms): Min: 286939575.9, Avg: 286939575.9, Max: 286939576.0, Diff: 0.0]
   [Code Root Fixup: 0.0 ms]
   [Code Root Purge: 0.0 ms]
   [Clear CT: 0.8 ms]
   [Other: 9.1 ms]
      [Choose CSet: 0.0 ms]
      [Ref Proc: 8.7 ms]
      [Ref Enq: 0.1 ms]
      [Redirty Cards: 0.1 ms]
      [Humongous Register: 0.0 ms]
      [Humongous Reclaim: 0.0 ms]
      [Free CSet: 0.1 ms]
   [Eden: 7152.0M(7152.0M)->0.0B(7152.0M) Survivors: 16384.0K->16384.0K Heap: 10830.5M(14336.0M)->3689.2M(14336.0M)]
 [Times: user=0.06 sys=0.01, real=0.03 secs] 
2022-10-02T19:18:44.506-0600: 286939.586: [GC concurrent-root-region-scan-start]
2022-10-02T19:18:44.515-0600: 286939.595: [GC concurrent-root-region-scan-end, 0.0090086 secs]
2022-10-02T19:18:44.515-0600: 286939.595: [GC concurrent-mark-start]
2022-10-02T19:18:45.829-0600: 286940.909: [GC concurrent-mark-end, 1.3137409 secs]
2022-10-02T19:18:45.829-0600: 286940.909: [GC remark 2022-10-02T19:18:45.829-0600: 286940.909: [Finalize Marking, 0.0022830 secs] 2022-10-02T19:18:45.831-0600: 286940.911: [GC ref-proc, 0.0225006 secs] 2022-10-02T19:18:45.854-0600: 286940.934: [Unloading, 0.0332933 secs], 0.0627479 secs]
 [Times: user=0.22 sys=0.00, real=0.06 secs] 
2022-10-02T19:18:45.892-0600: 286940.972: [GC cleanup 3793M->3793M(14336M), 0.0090160 secs]
 [Times: user=0.02 sys=0.00, real=0.01 secs] 
2022-10-02T19:20:22.551-0600: 287037.631: [GC pause (G1 Evacuation Pause) (young), 0.0210315 secs]
   [Parallel Time: 7.8 ms, GC Workers: 6]
      [GC Worker Start (ms): Min: 287037630.6, Avg: 287037632.6, Max: 287037638.3, Diff: 7.7]
      [Ext Root Scanning (ms): Min: 0.0, Avg: 1.0, Max: 3.1, Diff: 3.1, Sum: 6.2]
      [Update RS (ms): Min: 0.0, Avg: 2.3, Max: 3.1, Diff: 3.1, Sum: 13.5]
         [Processed Buffers: Min: 0, Avg: 13.2, Max: 20, Diff: 20, Sum: 79]
      [Scan RS (ms): Min: 0.0, Avg: 0.0, Max: 0.1, Diff: 0.1, Sum: 0.2]
      [Code Root Scanning (ms): Min: 0.0, Avg: 0.0, Max: 0.0, Diff: 0.0, Sum: 0.0]
      [Object Copy (ms): Min: 0.0, Avg: 1.9, Max: 2.5, Diff: 2.5, Sum: 11.4]
      [Termination (ms): Min: 0.0, Avg: 0.5, Max: 0.6, Diff: 0.6, Sum: 3.1]
         [Termination Attempts: Min: 1, Avg: 6.2, Max: 13, Diff: 12, Sum: 37]
      [GC Worker Other (ms): Min: 0.0, Avg: 0.0, Max: 0.0, Diff: 0.0, Sum: 0.0]
      [GC Worker Total (ms): Min: 0.0, Avg: 5.7, Max: 7.7, Diff: 7.7, Sum: 34.5]
      [GC Worker End (ms): Min: 287037638.3, Avg: 287037638.3, Max: 287037638.4, Diff: 0.0]
   [Code Root Fixup: 0.0 ms]
   [Code Root Purge: 0.0 ms]
   [Clear CT: 0.8 ms]
   [Other: 12.5 ms]
      [Choose CSet: 0.0 ms]
      [Ref Proc: 12.1 ms]
      [Ref Enq: 0.1 ms]
      [Redirty Cards: 0.1 ms]
      [Humongous Register: 0.0 ms]
      [Humongous Reclaim: 0.0 ms]
      [Free CSet: 0.1 ms]
   [Eden: 7152.0M(7152.0M)->0.0B(5712.0M) Survivors: 16384.0K->16384.0K Heap: 10841.2M(14336.0M)->3693.8M(14336.0M)]
 [Times: user=0.07 sys=0.00, real=0.02 secs] 
2022-10-02T19:21:41.390-0600: 287116.469: [GC pause (G1 Evacuation Pause) (mixed), 0.0270498 secs]
   [Parallel Time: 13.3 ms, GC Workers: 6]
      [GC Worker Start (ms): Min: 287116469.5, Avg: 287116475.3, Max: 287116482.7, Diff: 13.2]
      [Ext Root Scanning (ms): Min: 0.0, Avg: 1.1, Max: 3.3, Diff: 3.3, Sum: 6.3]
      [Update RS (ms): Min: 0.0, Avg: 2.3, Max: 8.1, Diff: 8.1, Sum: 13.9]
         [Processed Buffers: Min: 0, Avg: 11.8, Max: 34, Diff: 34, Sum: 71]
      [Scan RS (ms): Min: 0.0, Avg: 0.7, Max: 1.2, Diff: 1.2, Sum: 4.4]
      [Code Root Scanning (ms): Min: 0.0, Avg: 0.0, Max: 0.0, Diff: 0.0, Sum: 0.0]
      [Object Copy (ms): Min: 0.0, Avg: 2.8, Max: 3.8, Diff: 3.8, Sum: 16.8]
      [Termination (ms): Min: 0.0, Avg: 0.5, Max: 0.6, Diff: 0.6, Sum: 3.1]
         [Termination Attempts: Min: 1, Avg: 10.7, Max: 19, Diff: 18, Sum: 64]
      [GC Worker Other (ms): Min: 0.0, Avg: 0.0, Max: 0.0, Diff: 0.0, Sum: 0.0]
      [GC Worker Total (ms): Min: 0.0, Avg: 7.4, Max: 13.3, Diff: 13.3, Sum: 44.7]
      [GC Worker End (ms): Min: 287116482.8, Avg: 287116482.8, Max: 287116482.8, Diff: 0.0]
   [Code Root Fixup: 0.0 ms]
   [Code Root Purge: 0.0 ms]
   [Clear CT: 0.7 ms]
   [Other: 13.0 ms]
      [Choose CSet: 0.0 ms]
      [Ref Proc: 12.6 ms]
      [Ref Enq: 0.1 ms]
      [Redirty Cards: 0.1 ms]
      [Humongous Register: 0.0 ms]
      [Humongous Reclaim: 0.0 ms]
      [Free CSet: 0.1 ms]
   [Eden: 5712.0M(5712.0M)->0.0B(7152.0M) Survivors: 16384.0K->16384.0K Heap: 9405.8M(14336.0M)->3584.1M(14336.0M)]
 [Times: user=0.09 sys=0.00, real=0.03 secs] 
2022-10-02T19:23:18.790-0600: 287213.870: [GC pause (G1 Evacuation Pause) (young), 0.0227237 secs]
   [Parallel Time: 9.9 ms, GC Workers: 6]
      [GC Worker Start (ms): Min: 287213869.9, Avg: 287213872.3, Max: 287213875.1, Diff: 5.2]
      [Ext Root Scanning (ms): Min: 0.0, Avg: 1.1, Max: 3.1, Diff: 3.1, Sum: 6.3]
      [Update RS (ms): Min: 1.7, Avg: 4.0, Max: 6.7, Diff: 4.9, Sum: 24.1]
         [Processed Buffers: Min: 10, Avg: 17.2, Max: 22, Diff: 12, Sum: 103]
      [Scan RS (ms): Min: 0.0, Avg: 0.0, Max: 0.1, Diff: 0.1, Sum: 0.2]
      [Code Root Scanning (ms): Min: 0.0, Avg: 0.0, Max: 0.0, Diff: 0.0, Sum: 0.0]
      [Object Copy (ms): Min: 0.0, Avg: 1.7, Max: 2.2, Diff: 2.2, Sum: 10.3]
      [Termination (ms): Min: 0.0, Avg: 0.6, Max: 0.8, Diff: 0.8, Sum: 3.8]
         [Termination Attempts: Min: 1, Avg: 7.2, Max: 14, Diff: 13, Sum: 43]
      [GC Worker Other (ms): Min: 0.0, Avg: 0.0, Max: 0.0, Diff: 0.0, Sum: 0.0]
      [GC Worker Total (ms): Min: 4.6, Avg: 7.5, Max: 9.8, Diff: 5.2, Sum: 44.8]
      [GC Worker End (ms): Min: 287213879.7, Avg: 287213879.7, Max: 287213879.7, Diff: 0.0]
   [Code Root Fixup: 0.0 ms]
   [Code Root Purge: 0.0 ms]
   [Clear CT: 0.8 ms]
   [Other: 12.0 ms]
      [Choose CSet: 0.0 ms]
      [Ref Proc: 11.6 ms]
      [Ref Enq: 0.1 ms]
      [Redirty Cards: 0.1 ms]
      [Humongous Register: 0.0 ms]
      [Humongous Reclaim: 0.0 ms]
      [Free CSet: 0.1 ms]
   [Eden: 7152.0M(7152.0M)->0.0B(7152.0M) Survivors: 16384.0K->16384.0K Heap: 10736.1M(14336.0M)->3588.0M(14336.0M)]
 [Times: user=0.08 sys=0.00, real=0.02 secs] 
2022-10-02T19:24:56.238-0600: 287311.317: [GC pause (G1 Evacuation Pause) (young) (initial-mark), 0.0252589 secs]
   [Parallel Time: 12.5 ms, GC Workers: 6]
      [GC Worker Start (ms): Min: 287311318.8, Avg: 287311320.8, Max: 287311322.0, Diff: 3.1]
      [Ext Root Scanning (ms): Min: 3.5, Avg: 4.6, Max: 7.9, Diff: 4.5, Sum: 27.5]
      [Update RS (ms): Min: 0.0, Avg: 1.6, Max: 2.1, Diff: 2.1, Sum: 9.4]
         [Processed Buffers: Min: 0, Avg: 9.0, Max: 15, Diff: 15, Sum: 54]
      [Scan RS (ms): Min: 0.0, Avg: 0.0, Max: 0.1, Diff: 0.1, Sum: 0.2]
      [Code Root Scanning (ms): Min: 0.0, Avg: 0.0, Max: 0.0, Diff: 0.0, Sum: 0.0]
      [Object Copy (ms): Min: 0.0, Avg: 1.6, Max: 2.0, Diff: 2.0, Sum: 9.4]
      [Termination (ms): Min: 0.0, Avg: 1.4, Max: 1.7, Diff: 1.7, Sum: 8.6]
         [Termination Attempts: Min: 1, Avg: 1.0, Max: 1, Diff: 0, Sum: 6]
      [GC Worker Other (ms): Min: 0.0, Avg: 0.0, Max: 0.0, Diff: 0.0, Sum: 0.0]
      [GC Worker Total (ms): Min: 7.9, Avg: 9.2, Max: 11.2, Diff: 3.2, Sum: 55.0]
      [GC Worker End (ms): Min: 287311329.9, Avg: 287311330.0, Max: 287311330.0, Diff: 0.1]
   [Code Root Fixup: 0.0 ms]
   [Code Root Purge: 0.0 ms]
   [Clear CT: 0.5 ms]
   [Other: 12.2 ms]
      [Choose CSet: 0.0 ms]
      [Ref Proc: 11.8 ms]
      [Ref Enq: 0.1 ms]
      [Redirty Cards: 0.1 ms]
      [Humongous Register: 0.0 ms]
      [Humongous Reclaim: 0.0 ms]
      [Free CSet: 0.1 ms]
   [Eden: 7152.0M(7152.0M)->0.0B(7152.0M) Survivors: 16384.0K->16384.0K Heap: 10740.0M(14336.0M)->3590.7M(14336.0M)]
 [Times: user=0.08 sys=0.00, real=0.02 secs] 
2022-10-02T19:24:56.263-0600: 287311.343: [GC concurrent-root-region-scan-start]
2022-10-02T19:24:56.269-0600: 287311.349: [GC concurrent-root-region-scan-end, 0.0060212 secs]
2022-10-02T19:24:56.269-0600: 287311.349: [GC concurrent-mark-start]
2022-10-02T19:24:57.573-0600: 287312.653: [GC concurrent-mark-end, 1.3036843 secs]
2022-10-02T19:24:57.573-0600: 287312.653: [GC remark 2022-10-02T19:24:57.573-0600: 287312.653: [Finalize Marking, 0.0012565 secs] 2022-10-02T19:24:57.574-0600: 287312.654: [GC ref-proc, 0.0235292 secs] 2022-10-02T19:24:57.598-0600: 287312.678: [Unloading, 0.0347983 secs], 0.0643595 secs]
 [Times: user=0.22 sys=0.00, real=0.06 secs] 
2022-10-02T19:24:57.637-0600: 287312.717: [GC cleanup 3694M->3694M(14336M), 0.0086849 secs]
 [Times: user=0.02 sys=0.00, real=0.01 secs] 
2022-10-02T19:26:33.438-0600: 287408.518: [GC pause (G1 Evacuation Pause) (young), 0.0200626 secs]
   [Parallel Time: 5.2 ms, GC Workers: 6]
      [GC Worker Start (ms): Min: 287408518.4, Avg: 287408518.4, Max: 287408518.4, Diff: 0.1]
      [Ext Root Scanning (ms): Min: 0.9, Avg: 1.7, Max: 3.6, Diff: 2.6, Sum: 9.9]
      [Update RS (ms): Min: 0.0, Avg: 1.7, Max: 2.3, Diff: 2.3, Sum: 10.0]
         [Processed Buffers: Min: 0, Avg: 8.5, Max: 17, Diff: 17, Sum: 51]
      [Scan RS (ms): Min: 0.0, Avg: 0.0, Max: 0.1, Diff: 0.1, Sum: 0.2]
      [Code Root Scanning (ms): Min: 0.0, Avg: 0.0, Max: 0.0, Diff: 0.0, Sum: 0.0]
      [Object Copy (ms): Min: 1.5, Avg: 1.7, Max: 1.8, Diff: 0.3, Sum: 10.1]
      [Termination (ms): Min: 0.0, Avg: 0.0, Max: 0.0, Diff: 0.0, Sum: 0.0]
         [Termination Attempts: Min: 1, Avg: 1.0, Max: 1, Diff: 0, Sum: 6]
      [GC Worker Other (ms): Min: 0.0, Avg: 0.0, Max: 0.0, Diff: 0.0, Sum: 0.1]
      [GC Worker Total (ms): Min: 5.0, Avg: 5.0, Max: 5.1, Diff: 0.1, Sum: 30.3]
      [GC Worker End (ms): Min: 287408523.5, Avg: 287408523.5, Max: 287408523.5, Diff: 0.0]
   [Code Root Fixup: 0.0 ms]
   [Code Root Purge: 0.0 ms]
   [Clear CT: 0.7 ms]
   [Other: 14.1 ms]
      [Choose CSet: 0.0 ms]
      [Ref Proc: 13.8 ms]
      [Ref Enq: 0.1 ms]
      [Redirty Cards: 0.0 ms]
      [Humongous Register: 0.0 ms]
      [Humongous Reclaim: 0.0 ms]
      [Free CSet: 0.1 ms]
   [Eden: 7152.0M(7152.0M)->0.0B(5712.0M) Survivors: 16384.0K->16384.0K Heap: 10742.7M(14336.0M)->3590.0M(14336.0M)]
 [Times: user=0.06 sys=0.00, real=0.02 secs] 
2022-10-02T19:27:50.942-0600: 287486.022: [GC pause (G1 Evacuation Pause) (mixed), 0.0280075 secs]
   [Parallel Time: 9.9 ms, GC Workers: 6]
      [GC Worker Start (ms): Min: 287486022.4, Avg: 287486026.4, Max: 287486032.3, Diff: 9.9]
      [Ext Root Scanning (ms): Min: 0.0, Avg: 1.1, Max: 3.1, Diff: 3.1, Sum: 6.8]
      [Update RS (ms): Min: 0.0, Avg: 1.5, Max: 2.3, Diff: 2.3, Sum: 9.1]
         [Processed Buffers: Min: 0, Avg: 9.2, Max: 16, Diff: 16, Sum: 55]
      [Scan RS (ms): Min: 0.0, Avg: 0.3, Max: 0.5, Diff: 0.5, Sum: 1.6]
      [Code Root Scanning (ms): Min: 0.0, Avg: 0.0, Max: 0.0, Diff: 0.0, Sum: 0.0]
      [Object Copy (ms): Min: 0.0, Avg: 2.0, Max: 3.1, Diff: 3.1, Sum: 11.9]
      [Termination (ms): Min: 0.0, Avg: 0.9, Max: 1.2, Diff: 1.2, Sum: 5.5]
         [Termination Attempts: Min: 1, Avg: 5.3, Max: 12, Diff: 11, Sum: 32]
      [GC Worker Other (ms): Min: 0.0, Avg: 0.0, Max: 0.0, Diff: 0.0, Sum: 0.0]
      [GC Worker Total (ms): Min: 0.0, Avg: 5.8, Max: 9.9, Diff: 9.9, Sum: 35.0]
      [GC Worker End (ms): Min: 287486032.3, Avg: 287486032.3, Max: 287486032.3, Diff: 0.0]
   [Code Root Fixup: 0.0 ms]
   [Code Root Purge: 0.0 ms]
   [Clear CT: 0.5 ms]
   [Other: 17.5 ms]
      [Choose CSet: 0.0 ms]
      [Ref Proc: 17.2 ms]
      [Ref Enq: 0.1 ms]
      [Redirty Cards: 0.1 ms]
      [Humongous Register: 0.0 ms]
      [Humongous Reclaim: 0.0 ms]
      [Free CSet: 0.1 ms]
   [Eden: 5712.0M(5712.0M)->0.0B(7152.0M) Survivors: 16384.0K->16384.0K Heap: 9302.0M(14336.0M)->3576.6M(14336.0M)]
 [Times: user=0.08 sys=0.00, real=0.03 secs] 
2022-10-02T19:29:30.187-0600: 287585.267: [GC pause (G1 Evacuation Pause) (young), 0.0198863 secs]
   [Parallel Time: 7.4 ms, GC Workers: 6]
      [GC Worker Start (ms): Min: 287585267.1, Avg: 287585267.5, Max: 287585268.7, Diff: 1.6]
      [Ext Root Scanning (ms): Min: 0.3, Avg: 2.6, Max: 7.0, Diff: 6.8, Sum: 15.6]
      [Update RS (ms): Min: 0.0, Avg: 1.9, Max: 2.6, Diff: 2.6, Sum: 11.4]
         [Processed Buffers: Min: 0, Avg: 10.5, Max: 16, Diff: 16, Sum: 63]
      [Scan RS (ms): Min: 0.0, Avg: 0.0, Max: 0.1, Diff: 0.1, Sum: 0.2]
      [Code Root Scanning (ms): Min: 0.0, Avg: 0.0, Max: 0.0, Diff: 0.0, Sum: 0.0]
      [Object Copy (ms): Min: 0.0, Avg: 1.8, Max: 2.3, Diff: 2.3, Sum: 10.9]
      [Termination (ms): Min: 0.0, Avg: 0.5, Max: 0.6, Diff: 0.6, Sum: 3.1]
         [Termination Attempts: Min: 1, Avg: 3.5, Max: 6, Diff: 5, Sum: 21]
      [GC Worker Other (ms): Min: 0.0, Avg: 0.0, Max: 0.0, Diff: 0.0, Sum: 0.0]
      [GC Worker Total (ms): Min: 5.7, Avg: 6.9, Max: 7.3, Diff: 1.6, Sum: 41.3]
      [GC Worker End (ms): Min: 287585274.4, Avg: 287585274.4, Max: 287585274.4, Diff: 0.0]
   [Code Root Fixup: 0.0 ms]
   [Code Root Purge: 0.0 ms]
   [Clear CT: 0.9 ms]
   [Other: 11.6 ms]
      [Choose CSet: 0.0 ms]
      [Ref Proc: 11.2 ms]
      [Ref Enq: 0.1 ms]
      [Redirty Cards: 0.1 ms]
      [Humongous Register: 0.0 ms]
      [Humongous Reclaim: 0.0 ms]
      [Free CSet: 0.1 ms]
   [Eden: 7152.0M(7152.0M)->0.0B(7152.0M) Survivors: 16384.0K->16384.0K Heap: 10728.6M(14336.0M)->3580.0M(14336.0M)]
 [Times: user=0.07 sys=0.00, real=0.02 secs] 
2022-10-02T19:31:10.140-0600: 287685.220: [GC pause (G1 Evacuation Pause) (young) (initial-mark), 0.0288315 secs]
   [Parallel Time: 14.6 ms, GC Workers: 6]
      [GC Worker Start (ms): Min: 287685221.7, Avg: 287685224.1, Max: 287685225.5, Diff: 3.8]
      [Ext Root Scanning (ms): Min: 2.3, Avg: 5.3, Max: 8.7, Diff: 6.5, Sum: 31.9]
      [Update RS (ms): Min: 0.0, Avg: 2.9, Max: 7.1, Diff: 7.1, Sum: 17.5]
         [Processed Buffers: Min: 0, Avg: 10.3, Max: 17, Diff: 17, Sum: 62]
      [Scan RS (ms): Min: 0.0, Avg: 0.0, Max: 0.1, Diff: 0.1, Sum: 0.2]
      [Code Root Scanning (ms): Min: 0.0, Avg: 0.0, Max: 0.0, Diff: 0.0, Sum: 0.0]
      [Object Copy (ms): Min: 0.0, Avg: 1.8, Max: 2.8, Diff: 2.8, Sum: 10.7]
      [Termination (ms): Min: 0.0, Avg: 0.7, Max: 1.0, Diff: 1.0, Sum: 4.5]
         [Termination Attempts: Min: 1, Avg: 2.0, Max: 3, Diff: 2, Sum: 12]
      [GC Worker Other (ms): Min: 0.0, Avg: 0.0, Max: 0.0, Diff: 0.0, Sum: 0.1]
      [GC Worker Total (ms): Min: 9.4, Avg: 10.8, Max: 13.2, Diff: 3.8, Sum: 64.9]
      [GC Worker End (ms): Min: 287685234.9, Avg: 287685234.9, Max: 287685234.9, Diff: 0.0]
   [Code Root Fixup: 0.0 ms]
   [Code Root Purge: 0.0 ms]
   [Clear CT: 0.8 ms]
   [Other: 13.4 ms]
      [Choose CSet: 0.0 ms]
      [Ref Proc: 13.1 ms]
      [Ref Enq: 0.1 ms]
      [Redirty Cards: 0.1 ms]
      [Humongous Register: 0.0 ms]
      [Humongous Reclaim: 0.0 ms]
      [Free CSet: 0.1 ms]
   [Eden: 7152.0M(7152.0M)->0.0B(7152.0M) Survivors: 16384.0K->16384.0K Heap: 10732.0M(14336.0M)->3580.0M(14336.0M)]
 [Times: user=0.08 sys=0.00, real=0.03 secs] 
2022-10-02T19:31:10.169-0600: 287685.249: [GC concurrent-root-region-scan-start]
2022-10-02T19:31:10.176-0600: 287685.256: [GC concurrent-root-region-scan-end, 0.0069387 secs]
2022-10-02T19:31:10.176-0600: 287685.256: [GC concurrent-mark-start]
2022-10-02T19:31:11.532-0600: 287686.612: [GC concurrent-mark-end, 1.3557799 secs]
2022-10-02T19:31:11.532-0600: 287686.612: [GC remark 2022-10-02T19:31:11.532-0600: 287686.612: [Finalize Marking, 0.0023711 secs] 2022-10-02T19:31:11.535-0600: 287686.615: [GC ref-proc, 0.0294616 secs] 2022-10-02T19:31:11.564-0600: 287686.644: [Unloading, 0.0348071 secs], 0.0721307 secs]
 [Times: user=0.23 sys=0.00, real=0.07 secs] 
2022-10-02T19:31:11.605-0600: 287686.685: [GC cleanup 3716M->3716M(14336M), 0.0092974 secs]
 [Times: user=0.03 sys=0.00, real=0.01 secs] 
2022-10-02T19:32:49.201-0600: 287784.280: [GC pause (G1 Evacuation Pause) (young), 0.0149035 secs]
   [Parallel Time: 5.9 ms, GC Workers: 6]
      [GC Worker Start (ms): Min: 287784280.5, Avg: 287784281.5, Max: 287784284.7, Diff: 4.2]
      [Ext Root Scanning (ms): Min: 0.0, Avg: 1.2, Max: 3.6, Diff: 3.6, Sum: 7.3]
      [Update RS (ms): Min: 0.0, Avg: 1.6, Max: 2.4, Diff: 2.4, Sum: 9.6]
         [Processed Buffers: Min: 0, Avg: 8.7, Max: 18, Diff: 18, Sum: 52]
      [Scan RS (ms): Min: 0.0, Avg: 0.0, Max: 0.1, Diff: 0.1, Sum: 0.2]
      [Code Root Scanning (ms): Min: 0.0, Avg: 0.0, Max: 0.0, Diff: 0.0, Sum: 0.0]
      [Object Copy (ms): Min: 1.6, Avg: 2.0, Max: 2.2, Diff: 0.6, Sum: 12.1]
      [Termination (ms): Min: 0.0, Avg: 0.0, Max: 0.0, Diff: 0.0, Sum: 0.0]
         [Termination Attempts: Min: 1, Avg: 4.5, Max: 7, Diff: 6, Sum: 27]
      [GC Worker Other (ms): Min: 0.0, Avg: 0.0, Max: 0.0, Diff: 0.0, Sum: 0.1]
      [GC Worker Total (ms): Min: 1.7, Avg: 4.9, Max: 5.8, Diff: 4.1, Sum: 29.4]
      [GC Worker End (ms): Min: 287784286.4, Avg: 287784286.4, Max: 287784286.4, Diff: 0.0]
   [Code Root Fixup: 0.0 ms]
   [Code Root Purge: 0.0 ms]
   [Clear CT: 0.6 ms]
   [Other: 8.4 ms]
      [Choose CSet: 0.0 ms]
      [Ref Proc: 8.0 ms]
      [Ref Enq: 0.1 ms]
      [Redirty Cards: 0.1 ms]
      [Humongous Register: 0.0 ms]
      [Humongous Reclaim: 0.0 ms]
      [Free CSet: 0.1 ms]
   [Eden: 7152.0M(7152.0M)->0.0B(5712.0M) Survivors: 16384.0K->16384.0K Heap: 10732.0M(14336.0M)->3581.4M(14336.0M)]
 [Times: user=0.06 sys=0.00, real=0.02 secs] 
2022-10-02T19:33:58.138-0600: 287853.218: [GC pause (G1 Evacuation Pause) (mixed), 0.0406266 secs]
   [Parallel Time: 28.4 ms, GC Workers: 6]
      [GC Worker Start (ms): Min: 287853217.8, Avg: 287853223.3, Max: 287853236.7, Diff: 18.9]
      [Ext Root Scanning (ms): Min: 0.0, Avg: 1.1, Max: 3.2, Diff: 3.2, Sum: 6.5]
      [Update RS (ms): Min: 0.0, Avg: 2.4, Max: 5.3, Diff: 5.3, Sum: 14.3]
         [Processed Buffers: Min: 0, Avg: 16.0, Max: 31, Diff: 31, Sum: 96]
      [Scan RS (ms): Min: 0.0, Avg: 0.7, Max: 0.9, Diff: 0.9, Sum: 4.2]
      [Code Root Scanning (ms): Min: 0.0, Avg: 0.0, Max: 0.0, Diff: 0.0, Sum: 0.0]
      [Object Copy (ms): Min: 1.9, Avg: 12.5, Max: 20.5, Diff: 18.5, Sum: 75.0]
      [Termination (ms): Min: 0.0, Avg: 6.2, Max: 7.4, Diff: 7.4, Sum: 37.1]
         [Termination Attempts: Min: 1, Avg: 1.2, Max: 2, Diff: 1, Sum: 7]
      [GC Worker Other (ms): Min: 0.0, Avg: 0.0, Max: 0.0, Diff: 0.0, Sum: 0.1]
      [GC Worker Total (ms): Min: 9.4, Avg: 22.9, Max: 28.3, Diff: 18.9, Sum: 137.3]
      [GC Worker End (ms): Min: 287853246.1, Avg: 287853246.1, Max: 287853246.2, Diff: 0.0]
   [Code Root Fixup: 0.0 ms]
   [Code Root Purge: 0.0 ms]
   [Clear CT: 0.8 ms]
   [Other: 11.4 ms]
      [Choose CSet: 0.0 ms]
      [Ref Proc: 11.0 ms]
      [Ref Enq: 0.1 ms]
      [Redirty Cards: 0.1 ms]
      [Humongous Register: 0.0 ms]
      [Humongous Reclaim: 0.0 ms]
      [Free CSet: 0.1 ms]
   [Eden: 5712.0M(5712.0M)->0.0B(7088.0M) Survivors: 16384.0K->81920.0K Heap: 9293.4M(14336.0M)->3630.6M(14336.0M)]
 [Times: user=0.15 sys=0.00, real=0.04 secs] 
2022-10-02T19:34:57.552-0600: 287912.632: [GC pause (G1 Humongous Allocation) (young) (initial-mark), 0.0384036 secs]
   [Parallel Time: 26.9 ms, GC Workers: 6]
      [GC Worker Start (ms): Min: 287912633.1, Avg: 287912636.6, Max: 287912637.8, Diff: 4.7]
      [Ext Root Scanning (ms): Min: 1.5, Avg: 7.0, Max: 12.5, Diff: 11.1, Sum: 42.3]
      [Update RS (ms): Min: 0.0, Avg: 4.1, Max: 7.5, Diff: 7.5, Sum: 24.4]
         [Processed Buffers: Min: 0, Avg: 19.2, Max: 36, Diff: 36, Sum: 115]
      [Scan RS (ms): Min: 0.0, Avg: 0.0, Max: 0.0, Diff: 0.0, Sum: 0.1]
      [Code Root Scanning (ms): Min: 0.0, Avg: 0.0, Max: 0.0, Diff: 0.0, Sum: 0.0]
      [Object Copy (ms): Min: 8.3, Avg: 10.8, Max: 12.2, Diff: 4.0, Sum: 64.9]
      [Termination (ms): Min: 0.0, Avg: 0.0, Max: 0.0, Diff: 0.0, Sum: 0.0]
         [Termination Attempts: Min: 1, Avg: 2.3, Max: 3, Diff: 2, Sum: 14]
      [GC Worker Other (ms): Min: 0.0, Avg: 0.0, Max: 0.0, Diff: 0.0, Sum: 0.1]
      [GC Worker Total (ms): Min: 20.8, Avg: 22.0, Max: 25.5, Diff: 4.7, Sum: 131.8]
      [GC Worker End (ms): Min: 287912658.6, Avg: 287912658.6, Max: 287912658.6, Diff: 0.0]
   [Code Root Fixup: 0.0 ms]
   [Code Root Purge: 0.0 ms]
   [Clear CT: 0.2 ms]
   [Other: 11.3 ms]
      [Choose CSet: 0.0 ms]
      [Ref Proc: 10.8 ms]
      [Ref Enq: 0.1 ms]
      [Redirty Cards: 0.2 ms]
      [Humongous Register: 0.0 ms]
      [Humongous Reclaim: 0.0 ms]
      [Free CSet: 0.0 ms]
   [Eden: 2016.0M(7088.0M)->0.0B(7072.0M) Survivors: 81920.0K->98304.0K Heap: 5646.6M(14336.0M)->3722.1M(14336.0M)]
 [Times: user=0.12 sys=0.00, real=0.04 secs] 
2022-10-02T19:34:57.590-0600: 287912.670: [GC concurrent-root-region-scan-start]
2022-10-02T19:34:57.598-0600: 287912.678: [GC concurrent-root-region-scan-end, 0.0073980 secs]
2022-10-02T19:34:57.598-0600: 287912.678: [GC concurrent-mark-start]
2022-10-02T19:34:58.858-0600: 287913.937: [GC concurrent-mark-end, 1.2598258 secs]
2022-10-02T19:34:58.858-0600: 287913.938: [GC remark 2022-10-02T19:34:58.858-0600: 287913.938: [Finalize Marking, 0.0018964 secs] 2022-10-02T19:34:58.860-0600: 287913.940: [GC ref-proc, 0.0213240 secs] 2022-10-02T19:34:58.881-0600: 287913.961: [Unloading, 0.0311382 secs], 0.0594207 secs]
 [Times: user=0.23 sys=0.00, real=0.06 secs] 
2022-10-02T19:34:58.917-0600: 287913.997: [GC cleanup 3786M->3770M(14336M), 0.0097285 secs]
 [Times: user=0.02 sys=0.00, real=0.01 secs] 
2022-10-02T19:34:58.927-0600: 287914.007: [GC concurrent-cleanup-start]
2022-10-02T19:34:58.927-0600: 287914.007: [GC concurrent-cleanup-end, 0.0000179 secs]
2022-10-02T19:35:47.589-0600: 287962.668: [GC pause (G1 Evacuation Pause) (young), 0.0807005 secs]
   [Parallel Time: 60.5 ms, GC Workers: 6]
      [GC Worker Start (ms): Min: 287962668.5, Avg: 287962669.1, Max: 287962671.5, Diff: 3.1]
      [Ext Root Scanning (ms): Min: 0.0, Avg: 1.3, Max: 3.8, Diff: 3.8, Sum: 7.9]
      [Update RS (ms): Min: 4.7, Avg: 7.2, Max: 9.5, Diff: 4.7, Sum: 43.2]
         [Processed Buffers: Min: 14, Avg: 43.8, Max: 61, Diff: 47, Sum: 263]
      [Scan RS (ms): Min: 0.0, Avg: 0.1, Max: 0.2, Diff: 0.2, Sum: 0.5]
      [Code Root Scanning (ms): Min: 0.0, Avg: 0.0, Max: 0.0, Diff: 0.0, Sum: 0.0]
      [Object Copy (ms): Min: 39.0, Avg: 42.3, Max: 43.3, Diff: 4.3, Sum: 254.1]
      [Termination (ms): Min: 0.0, Avg: 0.5, Max: 0.8, Diff: 0.8, Sum: 3.1]
         [Termination Attempts: Min: 1, Avg: 5.2, Max: 7, Diff: 6, Sum: 31]
      [GC Worker Other (ms): Min: 0.0, Avg: 0.0, Max: 0.0, Diff: 0.0, Sum: 0.0]
      [GC Worker Total (ms): Min: 49.0, Avg: 51.5, Max: 52.1, Diff: 3.1, Sum: 308.8]
      [GC Worker End (ms): Min: 287962720.4, Avg: 287962720.6, Max: 287962720.8, Diff: 0.4]
   [Code Root Fixup: 0.0 ms]
   [Code Root Purge: 0.0 ms]
   [Clear CT: 0.7 ms]
   [Other: 19.5 ms]
      [Choose CSet: 0.0 ms]
      [Ref Proc: 19.0 ms]
      [Ref Enq: 0.1 ms]
      [Redirty Cards: 0.1 ms]
      [Humongous Register: 0.0 ms]
      [Humongous Reclaim: 0.0 ms]
      [Free CSet: 0.2 ms]
   [Eden: 7072.0M(7072.0M)->0.0B(5504.0M) Survivors: 98304.0K->224.0M Heap: 10794.1M(14336.0M)->3943.7M(14336.0M)]
 [Times: user=0.35 sys=0.00, real=0.08 secs] 
2022-10-02T19:36:38.692-0600: 288013.772: [GC pause (G1 Evacuation Pause) (mixed), 0.0572014 secs]
   [Parallel Time: 45.1 ms, GC Workers: 6]
      [GC Worker Start (ms): Min: 288013772.2, Avg: 288013774.3, Max: 288013784.7, Diff: 12.5]
      [Ext Root Scanning (ms): Min: 0.0, Avg: 1.4, Max: 4.1, Diff: 4.0, Sum: 8.4]
      [Update RS (ms): Min: 0.0, Avg: 2.5, Max: 3.6, Diff: 3.6, Sum: 14.7]
         [Processed Buffers: Min: 0, Avg: 12.5, Max: 23, Diff: 23, Sum: 75]
      [Scan RS (ms): Min: 0.0, Avg: 1.0, Max: 1.3, Diff: 1.3, Sum: 6.2]
      [Code Root Scanning (ms): Min: 0.0, Avg: 0.0, Max: 0.1, Diff: 0.1, Sum: 0.1]
      [Object Copy (ms): Min: 32.4, Avg: 37.9, Max: 39.1, Diff: 6.7, Sum: 227.5]
      [Termination (ms): Min: 0.0, Avg: 0.0, Max: 0.0, Diff: 0.0, Sum: 0.0]
         [Termination Attempts: Min: 1, Avg: 1.0, Max: 1, Diff: 0, Sum: 6]
      [GC Worker Other (ms): Min: 0.0, Avg: 0.0, Max: 0.0, Diff: 0.0, Sum: 0.1]
      [GC Worker Total (ms): Min: 32.5, Avg: 42.8, Max: 45.0, Diff: 12.5, Sum: 257.0]
      [GC Worker End (ms): Min: 288013817.2, Avg: 288013817.2, Max: 288013817.2, Diff: 0.0]
   [Code Root Fixup: 0.0 ms]
   [Code Root Purge: 0.0 ms]
   [Clear CT: 1.0 ms]
   [Other: 11.0 ms]
      [Choose CSet: 0.0 ms]
      [Ref Proc: 10.4 ms]
      [Ref Enq: 0.1 ms]
      [Redirty Cards: 0.3 ms]
      [Humongous Register: 0.0 ms]
      [Humongous Reclaim: 0.0 ms]
      [Free CSet: 0.2 ms]
   [Eden: 5504.0M(5504.0M)->0.0B(7072.0M) Survivors: 224.0M->98304.0K Heap: 9447.7M(14336.0M)->3837.6M(14336.0M)]
 [Times: user=0.27 sys=0.00, real=0.06 secs] 
2022-10-02T19:38:01.442-0600: 288096.522: [GC pause (G1 Evacuation Pause) (young), 0.0477661 secs]
   [Parallel Time: 35.1 ms, GC Workers: 6]
      [GC Worker Start (ms): Min: 288096522.4, Avg: 288096526.3, Max: 288096528.7, Diff: 6.3]
      [Ext Root Scanning (ms): Min: 0.0, Avg: 1.1, Max: 3.7, Diff: 3.7, Sum: 6.5]
      [Update RS (ms): Min: 5.0, Avg: 7.4, Max: 14.5, Diff: 9.5, Sum: 44.5]
         [Processed Buffers: Min: 19, Avg: 50.5, Max: 74, Diff: 55, Sum: 303]
      [Scan RS (ms): Min: 0.8, Avg: 7.2, Max: 11.1, Diff: 10.3, Sum: 43.0]
      [Code Root Scanning (ms): Min: 0.0, Avg: 0.0, Max: 0.0, Diff: 0.0, Sum: 0.0]
      [Object Copy (ms): Min: 12.5, Avg: 15.3, Max: 16.0, Diff: 3.5, Sum: 91.6]
      [Termination (ms): Min: 0.0, Avg: 0.0, Max: 0.0, Diff: 0.0, Sum: 0.0]
         [Termination Attempts: Min: 1, Avg: 1.0, Max: 1, Diff: 0, Sum: 6]
      [GC Worker Other (ms): Min: 0.0, Avg: 0.0, Max: 0.0, Diff: 0.0, Sum: 0.1]
      [GC Worker Total (ms): Min: 28.5, Avg: 30.9, Max: 34.8, Diff: 6.3, Sum: 185.7]
      [GC Worker End (ms): Min: 288096557.2, Avg: 288096557.2, Max: 288096557.3, Diff: 0.0]
   [Code Root Fixup: 0.0 ms]
   [Code Root Purge: 0.0 ms]
   [Clear CT: 0.9 ms]
   [Other: 11.8 ms]
      [Choose CSet: 0.0 ms]
      [Ref Proc: 11.0 ms]
      [Ref Enq: 0.1 ms]
      [Redirty Cards: 0.3 ms]
      [Humongous Register: 0.0 ms]
      [Humongous Reclaim: 0.0 ms]
      [Free CSet: 0.2 ms]
   [Eden: 7072.0M(7072.0M)->0.0B(7008.0M) Survivors: 98304.0K->160.0M Heap: 10909.6M(14336.0M)->3950.9M(14336.0M)]
 [Times: user=0.20 sys=0.00, real=0.05 secs] 
2022-10-02T19:39:45.887-0600: 288200.967: [GC pause (G1 Evacuation Pause) (young) (initial-mark), 0.0515758 secs]
   [Parallel Time: 40.9 ms, GC Workers: 6]
      [GC Worker Start (ms): Min: 288200968.3, Avg: 288200969.8, Max: 288200971.1, Diff: 2.9]
      [Ext Root Scanning (ms): Min: 1.6, Avg: 5.0, Max: 6.2, Diff: 4.6, Sum: 30.0]
      [Update RS (ms): Min: 7.1, Avg: 9.6, Max: 12.1, Diff: 5.0, Sum: 57.9]
         [Processed Buffers: Min: 16, Avg: 49.0, Max: 91, Diff: 75, Sum: 294]
      [Scan RS (ms): Min: 7.7, Avg: 8.0, Max: 8.1, Diff: 0.5, Sum: 47.9]
      [Code Root Scanning (ms): Min: 0.0, Avg: 0.0, Max: 0.0, Diff: 0.0, Sum: 0.0]
      [Object Copy (ms): Min: 15.2, Avg: 15.3, Max: 15.4, Diff: 0.3, Sum: 91.6]
      [Termination (ms): Min: 0.0, Avg: 0.0, Max: 0.0, Diff: 0.0, Sum: 0.1]
         [Termination Attempts: Min: 1, Avg: 21.7, Max: 32, Diff: 31, Sum: 130]
      [GC Worker Other (ms): Min: 0.0, Avg: 0.0, Max: 0.0, Diff: 0.0, Sum: 0.1]
      [GC Worker Total (ms): Min: 36.6, Avg: 37.9, Max: 39.4, Diff: 2.9, Sum: 227.6]
      [GC Worker End (ms): Min: 288201007.7, Avg: 288201007.7, Max: 288201007.7, Diff: 0.0]
   [Code Root Fixup: 0.0 ms]
   [Code Root Purge: 0.0 ms]
   [Clear CT: 0.6 ms]
   [Other: 10.1 ms]
      [Choose CSet: 0.0 ms]
      [Ref Proc: 9.4 ms]
      [Ref Enq: 0.1 ms]
      [Redirty Cards: 0.3 ms]
      [Humongous Register: 0.0 ms]
      [Humongous Reclaim: 0.0 ms]
      [Free CSet: 0.1 ms]
   [Eden: 5568.0M(5568.0M)->0.0B(7056.0M) Survivors: 160.0M->112.0M Heap: 9518.9M(14336.0M)->4002.3M(14336.0M)]
 [Times: user=0.23 sys=0.00, real=0.05 secs] 
2022-10-02T19:39:45.939-0600: 288201.018: [GC concurrent-root-region-scan-start]
2022-10-02T19:39:45.953-0600: 288201.033: [GC concurrent-root-region-scan-end, 0.0140300 secs]
2022-10-02T19:39:45.953-0600: 288201.033: [GC concurrent-mark-start]
2022-10-02T19:39:47.247-0600: 288202.327: [GC concurrent-mark-end, 1.2943326 secs]
2022-10-02T19:39:47.247-0600: 288202.327: [GC remark 2022-10-02T19:39:47.247-0600: 288202.327: [Finalize Marking, 0.0017431 secs] 2022-10-02T19:39:47.249-0600: 288202.329: [GC ref-proc, 0.0217743 secs] 2022-10-02T19:39:47.271-0600: 288202.351: [Unloading, 0.0286652 secs], 0.0571795 secs]
 [Times: user=0.20 sys=0.00, real=0.05 secs] 
2022-10-02T19:39:47.305-0600: 288202.385: [GC cleanup 4090M->4058M(14336M), 0.0128427 secs]
 [Times: user=0.02 sys=0.00, real=0.02 secs] 
2022-10-02T19:39:47.318-0600: 288202.397: [GC concurrent-cleanup-start]
2022-10-02T19:39:47.318-0600: 288202.397: [GC concurrent-cleanup-end, 0.0000143 secs]
2022-10-02T19:42:03.680-0600: 288338.760: [GC pause (G1 Evacuation Pause) (young), 0.0630531 secs]
   [Parallel Time: 48.8 ms, GC Workers: 6]
      [GC Worker Start (ms): Min: 288338760.3, Avg: 288338763.3, Max: 288338768.7, Diff: 8.4]
      [Ext Root Scanning (ms): Min: 0.0, Avg: 1.2, Max: 3.3, Diff: 3.3, Sum: 7.0]
      [Update RS (ms): Min: 29.0, Avg: 33.2, Max: 35.7, Diff: 6.7, Sum: 199.4]
         [Processed Buffers: Min: 38, Avg: 54.0, Max: 74, Diff: 36, Sum: 324]
      [Scan RS (ms): Min: 0.5, Avg: 0.6, Max: 0.6, Diff: 0.1, Sum: 3.4]
      [Code Root Scanning (ms): Min: 0.0, Avg: 0.0, Max: 0.0, Diff: 0.0, Sum: 0.0]
      [Object Copy (ms): Min: 10.5, Avg: 10.6, Max: 10.7, Diff: 0.2, Sum: 63.5]
      [Termination (ms): Min: 0.0, Avg: 0.0, Max: 0.0, Diff: 0.0, Sum: 0.0]
         [Termination Attempts: Min: 1, Avg: 1.3, Max: 2, Diff: 1, Sum: 8]
      [GC Worker Other (ms): Min: 0.0, Avg: 0.0, Max: 0.1, Diff: 0.0, Sum: 0.1]
      [GC Worker Total (ms): Min: 40.1, Avg: 45.6, Max: 48.6, Diff: 8.4, Sum: 273.4]
      [GC Worker End (ms): Min: 288338808.9, Avg: 288338808.9, Max: 288338808.9, Diff: 0.0]
   [Code Root Fixup: 0.0 ms]
   [Code Root Purge: 0.0 ms]
   [Clear CT: 0.9 ms]
   [Other: 13.4 ms]
      [Choose CSet: 0.0 ms]
      [Ref Proc: 12.9 ms]
      [Ref Enq: 0.1 ms]
      [Redirty Cards: 0.1 ms]
      [Humongous Register: 0.0 ms]
      [Humongous Reclaim: 0.0 ms]
      [Free CSet: 0.1 ms]
   [Eden: 7056.0M(7056.0M)->0.0B(5664.0M) Survivors: 112.0M->65536.0K Heap: 11026.3M(14336.0M)->3980.5M(14336.0M)]
 [Times: user=0.30 sys=0.00, real=0.06 secs] 
2022-10-02T19:43:39.190-0600: 288434.270: [GC pause (G1 Evacuation Pause) (mixed), 0.0554431 secs]
   [Parallel Time: 35.8 ms, GC Workers: 6]
      [GC Worker Start (ms): Min: 288434270.1, Avg: 288434274.5, Max: 288434280.7, Diff: 10.6]
      [Ext Root Scanning (ms): Min: 0.0, Avg: 1.3, Max: 3.8, Diff: 3.8, Sum: 7.9]
      [Update RS (ms): Min: 2.8, Avg: 7.8, Max: 11.0, Diff: 8.3, Sum: 47.1]
         [Processed Buffers: Min: 17, Avg: 32.3, Max: 53, Diff: 36, Sum: 194]
      [Scan RS (ms): Min: 1.6, Avg: 2.8, Max: 3.1, Diff: 1.5, Sum: 16.8]
      [Code Root Scanning (ms): Min: 0.0, Avg: 0.0, Max: 0.1, Diff: 0.1, Sum: 0.1]
      [Object Copy (ms): Min: 19.1, Avg: 19.2, Max: 19.5, Diff: 0.4, Sum: 115.3]
      [Termination (ms): Min: 0.0, Avg: 0.0, Max: 0.0, Diff: 0.0, Sum: 0.1]
         [Termination Attempts: Min: 1, Avg: 36.3, Max: 49, Diff: 48, Sum: 218]
      [GC Worker Other (ms): Min: 0.0, Avg: 0.0, Max: 0.1, Diff: 0.1, Sum: 0.2]
      [GC Worker Total (ms): Min: 25.1, Avg: 31.2, Max: 35.7, Diff: 10.6, Sum: 187.4]
      [GC Worker End (ms): Min: 288434305.7, Avg: 288434305.8, Max: 288434305.8, Diff: 0.1]
   [Code Root Fixup: 0.0 ms]
   [Code Root Purge: 0.0 ms]
   [Clear CT: 1.3 ms]
   [Other: 18.4 ms]
      [Choose CSet: 0.1 ms]
      [Ref Proc: 17.6 ms]
      [Ref Enq: 0.1 ms]
      [Redirty Cards: 0.3 ms]
      [Humongous Register: 0.0 ms]
      [Humongous Reclaim: 0.0 ms]
      [Free CSet: 0.3 ms]
   [Eden: 5664.0M(5664.0M)->0.0B(7088.0M) Survivors: 65536.0K->81920.0K Heap: 9644.5M(14336.0M)->3644.2M(14336.0M)]
 [Times: user=0.21 sys=0.00, real=0.06 secs] 
2022-10-02T19:46:30.786-0600: 288605.866: [GC pause (G1 Evacuation Pause) (young), 0.0376221 secs]
   [Parallel Time: 23.1 ms, GC Workers: 6]
      [GC Worker Start (ms): Min: 288605866.2, Avg: 288605868.1, Max: 288605872.7, Diff: 6.5]
      [Ext Root Scanning (ms): Min: 0.0, Avg: 1.2, Max: 3.5, Diff: 3.5, Sum: 7.1]
      [Update RS (ms): Min: 7.8, Avg: 11.2, Max: 12.3, Diff: 4.5, Sum: 67.4]
         [Processed Buffers: Min: 36, Avg: 46.8, Max: 54, Diff: 18, Sum: 281]
      [Scan RS (ms): Min: 0.3, Avg: 0.4, Max: 0.5, Diff: 0.2, Sum: 2.6]
      [Code Root Scanning (ms): Min: 0.0, Avg: 0.0, Max: 0.0, Diff: 0.0, Sum: 0.0]
      [Object Copy (ms): Min: 8.2, Avg: 8.2, Max: 8.3, Diff: 0.1, Sum: 49.4]
      [Termination (ms): Min: 0.0, Avg: 0.0, Max: 0.0, Diff: 0.0, Sum: 0.0]
         [Termination Attempts: Min: 1, Avg: 1.3, Max: 2, Diff: 1, Sum: 8]
      [GC Worker Other (ms): Min: 0.0, Avg: 0.0, Max: 0.1, Diff: 0.0, Sum: 0.2]
      [GC Worker Total (ms): Min: 16.5, Avg: 21.1, Max: 23.0, Diff: 6.6, Sum: 126.7]
      [GC Worker End (ms): Min: 288605889.2, Avg: 288605889.2, Max: 288605889.2, Diff: 0.1]
   [Code Root Fixup: 0.0 ms]
   [Code Root Purge: 0.0 ms]
   [Clear CT: 1.2 ms]
   [Other: 13.3 ms]
      [Choose CSet: 0.0 ms]
      [Ref Proc: 12.7 ms]
      [Ref Enq: 0.1 ms]
      [Redirty Cards: 0.1 ms]
      [Humongous Register: 0.0 ms]
      [Humongous Reclaim: 0.0 ms]
      [Free CSet: 0.1 ms]
   [Eden: 7088.0M(7088.0M)->0.0B(7088.0M) Survivors: 81920.0K->81920.0K Heap: 10732.2M(14336.0M)->3709.2M(14336.0M)]
 [Times: user=0.16 sys=0.00, real=0.03 secs] 
2022-10-02T19:48:47.982-0600: 288743.062: [GC pause (G1 Evacuation Pause) (young) (initial-mark), 0.0407188 secs]
   [Parallel Time: 28.7 ms, GC Workers: 6]
      [GC Worker Start (ms): Min: 288743063.7, Avg: 288743066.5, Max: 288743067.6, Diff: 3.9]
      [Ext Root Scanning (ms): Min: 2.1, Avg: 6.0, Max: 10.5, Diff: 8.4, Sum: 36.1]
      [Update RS (ms): Min: 3.8, Avg: 9.5, Max: 12.5, Diff: 8.6, Sum: 56.9]
         [Processed Buffers: Min: 14, Avg: 39.5, Max: 63, Diff: 49, Sum: 237]
      [Scan RS (ms): Min: 0.0, Avg: 0.0, Max: 0.1, Diff: 0.1, Sum: 0.2]
      [Code Root Scanning (ms): Min: 0.0, Avg: 0.0, Max: 0.0, Diff: 0.0, Sum: 0.0]
      [Object Copy (ms): Min: 8.7, Avg: 9.0, Max: 9.2, Diff: 0.4, Sum: 53.8]
      [Termination (ms): Min: 0.0, Avg: 0.0, Max: 0.0, Diff: 0.0, Sum: 0.0]
         [Termination Attempts: Min: 1, Avg: 1.0, Max: 1, Diff: 0, Sum: 6]
      [GC Worker Other (ms): Min: 0.0, Avg: 0.0, Max: 0.0, Diff: 0.0, Sum: 0.1]
      [GC Worker Total (ms): Min: 23.4, Avg: 24.5, Max: 27.3, Diff: 3.9, Sum: 147.1]
      [GC Worker End (ms): Min: 288743091.0, Avg: 288743091.0, Max: 288743091.0, Diff: 0.0]
   [Code Root Fixup: 0.0 ms]
   [Code Root Purge: 0.0 ms]
   [Clear CT: 0.7 ms]
   [Other: 11.3 ms]
      [Choose CSet: 0.0 ms]
      [Ref Proc: 10.8 ms]
      [Ref Enq: 0.1 ms]
      [Redirty Cards: 0.1 ms]
      [Humongous Register: 0.0 ms]
      [Humongous Reclaim: 0.0 ms]
      [Free CSet: 0.1 ms]
   [Eden: 7088.0M(7088.0M)->0.0B(7104.0M) Survivors: 81920.0K->65536.0K Heap: 10797.2M(14336.0M)->3748.0M(14336.0M)]
 [Times: user=0.16 sys=0.00, real=0.04 secs] 
2022-10-02T19:48:48.023-0600: 288743.103: [GC concurrent-root-region-scan-start]
2022-10-02T19:48:48.032-0600: 288743.112: [GC concurrent-root-region-scan-end, 0.0089712 secs]
2022-10-02T19:48:48.032-0600: 288743.112: [GC concurrent-mark-start]
2022-10-02T19:48:49.434-0600: 288744.514: [GC concurrent-mark-end, 1.4019824 secs]
2022-10-02T19:48:49.434-0600: 288744.514: [GC remark 2022-10-02T19:48:49.434-0600: 288744.514: [Finalize Marking, 0.0011938 secs] 2022-10-02T19:48:49.436-0600: 288744.515: [GC ref-proc, 0.0172225 secs] 2022-10-02T19:48:49.453-0600: 288744.533: [Unloading, 0.0267972 secs], 0.0499447 secs]
 [Times: user=0.21 sys=0.00, real=0.04 secs] 
2022-10-02T19:48:49.484-0600: 288744.564: [GC cleanup 4131M->4115M(14336M), 0.0090820 secs]
 [Times: user=0.03 sys=0.00, real=0.02 secs] 
2022-10-02T19:48:49.494-0600: 288744.573: [GC concurrent-cleanup-start]
2022-10-02T19:48:49.494-0600: 288744.573: [GC concurrent-cleanup-end, 0.0000080 secs]
2022-10-02T19:51:17.036-0600: 288892.116: [GC pause (G1 Evacuation Pause) (young), 0.0265849 secs]
   [Parallel Time: 15.1 ms, GC Workers: 6]
      [GC Worker Start (ms): Min: 288892115.8, Avg: 288892116.9, Max: 288892120.7, Diff: 4.9]
      [Ext Root Scanning (ms): Min: 0.0, Avg: 1.2, Max: 3.1, Diff: 3.1, Sum: 7.3]
      [Update RS (ms): Min: 3.8, Avg: 6.3, Max: 7.2, Diff: 3.4, Sum: 37.9]
         [Processed Buffers: Min: 15, Avg: 30.2, Max: 47, Diff: 32, Sum: 181]
      [Scan RS (ms): Min: 0.0, Avg: 0.0, Max: 0.1, Diff: 0.1, Sum: 0.2]
      [Code Root Scanning (ms): Min: 0.0, Avg: 0.0, Max: 0.0, Diff: 0.0, Sum: 0.0]
      [Object Copy (ms): Min: 6.3, Avg: 6.4, Max: 6.5, Diff: 0.2, Sum: 38.4]
      [Termination (ms): Min: 0.0, Avg: 0.0, Max: 0.0, Diff: 0.0, Sum: 0.0]
         [Termination Attempts: Min: 1, Avg: 1.5, Max: 3, Diff: 2, Sum: 9]
      [GC Worker Other (ms): Min: 0.0, Avg: 0.0, Max: 0.1, Diff: 0.1, Sum: 0.2]
      [GC Worker Total (ms): Min: 10.1, Avg: 14.0, Max: 15.0, Diff: 4.9, Sum: 84.0]
      [GC Worker End (ms): Min: 288892130.8, Avg: 288892130.9, Max: 288892130.9, Diff: 0.1]
   [Code Root Fixup: 0.0 ms]
   [Code Root Purge: 0.0 ms]
   [Clear CT: 0.9 ms]
   [Other: 10.6 ms]
      [Choose CSet: 0.0 ms]
      [Ref Proc: 10.2 ms]
      [Ref Enq: 0.1 ms]
      [Redirty Cards: 0.1 ms]
      [Humongous Register: 0.0 ms]
      [Humongous Reclaim: 0.0 ms]
      [Free CSet: 0.1 ms]
   [Eden: 7104.0M(7104.0M)->0.0B(5664.0M) Survivors: 65536.0K->65536.0K Heap: 10836.0M(14336.0M)->3758.2M(14336.0M)]
 [Times: user=0.11 sys=0.00, real=0.02 secs] 
2022-10-02T19:52:58.941-0600: 288994.021: [GC pause (G1 Evacuation Pause) (mixed), 0.0430872 secs]
   [Parallel Time: 29.1 ms, GC Workers: 6]
      [GC Worker Start (ms): Min: 288994021.1, Avg: 288994023.0, Max: 288994024.7, Diff: 3.6]
      [Ext Root Scanning (ms): Min: 0.0, Avg: 1.1, Max: 3.2, Diff: 3.2, Sum: 6.6]
      [Update RS (ms): Min: 3.3, Avg: 3.9, Max: 5.0, Diff: 1.7, Sum: 23.5]
         [Processed Buffers: Min: 18, Avg: 24.7, Max: 35, Diff: 17, Sum: 148]
      [Scan RS (ms): Min: 3.0, Avg: 3.1, Max: 3.2, Diff: 0.1, Sum: 18.7]
      [Code Root Scanning (ms): Min: 0.0, Avg: 0.0, Max: 0.1, Diff: 0.1, Sum: 0.2]
      [Object Copy (ms): Min: 18.9, Avg: 18.9, Max: 19.1, Diff: 0.3, Sum: 113.5]
      [Termination (ms): Min: 0.0, Avg: 0.0, Max: 0.0, Diff: 0.0, Sum: 0.1]
         [Termination Attempts: Min: 1, Avg: 34.2, Max: 48, Diff: 47, Sum: 205]
      [GC Worker Other (ms): Min: 0.0, Avg: 0.0, Max: 0.1, Diff: 0.0, Sum: 0.2]
      [GC Worker Total (ms): Min: 25.3, Avg: 27.1, Max: 29.0, Diff: 3.6, Sum: 162.6]
      [GC Worker End (ms): Min: 288994050.1, Avg: 288994050.1, Max: 288994050.1, Diff: 0.0]
   [Code Root Fixup: 0.0 ms]
   [Code Root Purge: 0.0 ms]
   [Clear CT: 1.1 ms]
   [Other: 12.9 ms]
      [Choose CSet: 0.1 ms]
      [Ref Proc: 12.1 ms]
      [Ref Enq: 0.1 ms]
      [Redirty Cards: 0.3 ms]
      [Humongous Register: 0.0 ms]
      [Humongous Reclaim: 0.0 ms]
      [Free CSet: 0.2 ms]
   [Eden: 5664.0M(5664.0M)->0.0B(7104.0M) Survivors: 65536.0K->65536.0K Heap: 9422.2M(14336.0M)->3647.1M(14336.0M)]
 [Times: user=0.19 sys=0.00, real=0.04 secs] 
2022-10-02T19:54:46.288-0600: 289101.368: [GC pause (G1 Evacuation Pause) (young), 0.0374758 secs]
   [Parallel Time: 24.4 ms, GC Workers: 6]
      [GC Worker Start (ms): Min: 289101367.9, Avg: 289101369.2, Max: 289101372.7, Diff: 4.8]
      [Ext Root Scanning (ms): Min: 0.0, Avg: 3.2, Max: 12.1, Diff: 12.1, Sum: 19.2]
      [Update RS (ms): Min: 0.2, Avg: 9.8, Max: 18.7, Diff: 18.5, Sum: 59.1]
         [Processed Buffers: Min: 2, Avg: 47.8, Max: 78, Diff: 76, Sum: 287]
      [Scan RS (ms): Min: 0.0, Avg: 0.3, Max: 0.5, Diff: 0.5, Sum: 2.0]
      [Code Root Scanning (ms): Min: 0.0, Avg: 0.0, Max: 0.0, Diff: 0.0, Sum: 0.0]
      [Object Copy (ms): Min: 3.4, Avg: 9.5, Max: 11.0, Diff: 7.6, Sum: 57.3]
      [Termination (ms): Min: 0.0, Avg: 0.0, Max: 0.0, Diff: 0.0, Sum: 0.0]
         [Termination Attempts: Min: 1, Avg: 1.2, Max: 2, Diff: 1, Sum: 7]
      [GC Worker Other (ms): Min: 0.0, Avg: 0.0, Max: 0.1, Diff: 0.1, Sum: 0.2]
      [GC Worker Total (ms): Min: 19.4, Avg: 22.9, Max: 24.3, Diff: 4.9, Sum: 137.7]
      [GC Worker End (ms): Min: 289101392.2, Avg: 289101392.2, Max: 289101392.2, Diff: 0.0]
   [Code Root Fixup: 0.0 ms]
   [Code Root Purge: 0.0 ms]
   [Clear CT: 0.7 ms]
   [Other: 12.4 ms]
      [Choose CSet: 0.0 ms]
      [Ref Proc: 12.0 ms]
      [Ref Enq: 0.1 ms]
      [Redirty Cards: 0.1 ms]
      [Humongous Register: 0.0 ms]
      [Humongous Reclaim: 0.0 ms]
      [Free CSet: 0.1 ms]
   [Eden: 7104.0M(7104.0M)->0.0B(7088.0M) Survivors: 65536.0K->81920.0K Heap: 10751.1M(14336.0M)->3724.6M(14336.0M)]
 [Times: user=0.14 sys=0.00, real=0.04 secs] 
2022-10-02T19:56:47.839-0600: 289222.919: [GC pause (G1 Evacuation Pause) (young) (initial-mark), 0.0473333 secs]
   [Parallel Time: 35.2 ms, GC Workers: 6]
      [GC Worker Start (ms): Min: 289222920.1, Avg: 289222923.3, Max: 289222924.7, Diff: 4.7]
      [Ext Root Scanning (ms): Min: 2.2, Avg: 9.1, Max: 17.9, Diff: 15.7, Sum: 54.8]
      [Update RS (ms): Min: 0.0, Avg: 9.1, Max: 14.3, Diff: 14.3, Sum: 54.4]
         [Processed Buffers: Min: 0, Avg: 31.3, Max: 53, Diff: 53, Sum: 188]
      [Scan RS (ms): Min: 0.0, Avg: 0.0, Max: 0.1, Diff: 0.1, Sum: 0.3]
      [Code Root Scanning (ms): Min: 0.0, Avg: 0.0, Max: 0.0, Diff: 0.0, Sum: 0.0]
      [Object Copy (ms): Min: 11.2, Avg: 12.4, Max: 12.8, Diff: 1.6, Sum: 74.3]
      [Termination (ms): Min: 0.0, Avg: 0.0, Max: 0.0, Diff: 0.0, Sum: 0.1]
         [Termination Attempts: Min: 1, Avg: 3.2, Max: 5, Diff: 4, Sum: 19]
      [GC Worker Other (ms): Min: 0.0, Avg: 0.0, Max: 0.0, Diff: 0.0, Sum: 0.1]
      [GC Worker Total (ms): Min: 29.2, Avg: 30.7, Max: 33.9, Diff: 4.7, Sum: 184.0]
      [GC Worker End (ms): Min: 289222953.9, Avg: 289222953.9, Max: 289222954.0, Diff: 0.0]
   [Code Root Fixup: 0.0 ms]
   [Code Root Purge: 0.0 ms]
   [Clear CT: 1.1 ms]
   [Other: 11.0 ms]
      [Choose CSet: 0.0 ms]
      [Ref Proc: 10.5 ms]
      [Ref Enq: 0.1 ms]
      [Redirty Cards: 0.1 ms]
      [Humongous Register: 0.0 ms]
      [Humongous Reclaim: 0.0 ms]
      [Free CSet: 0.1 ms]
   [Eden: 7088.0M(7088.0M)->0.0B(7040.0M) Survivors: 81920.0K->128.0M Heap: 10812.6M(14336.0M)->3826.5M(14336.0M)]
 [Times: user=0.17 sys=0.00, real=0.05 secs] 
2022-10-02T19:56:47.886-0600: 289222.966: [GC concurrent-root-region-scan-start]
2022-10-02T19:56:47.895-0600: 289222.975: [GC concurrent-root-region-scan-end, 0.0088266 secs]
2022-10-02T19:56:47.895-0600: 289222.975: [GC concurrent-mark-start]
2022-10-02T19:56:49.186-0600: 289224.266: [GC concurrent-mark-end, 1.2913449 secs]
2022-10-02T19:56:49.187-0600: 289224.266: [GC remark 2022-10-02T19:56:49.187-0600: 289224.266: [Finalize Marking, 0.0024527 secs] 2022-10-02T19:56:49.189-0600: 289224.269: [GC ref-proc, 0.0227068 secs] 2022-10-02T19:56:49.212-0600: 289224.292: [Unloading, 0.0302046 secs], 0.0602057 secs]
 [Times: user=0.21 sys=0.00, real=0.06 secs] 
2022-10-02T19:56:49.247-0600: 289224.327: [GC cleanup 3972M->3972M(14336M), 0.0096395 secs]
 [Times: user=0.03 sys=0.00, real=0.01 secs] 
2022-10-02T19:58:24.566-0600: 289319.646: [GC pause (GCLocker Initiated GC) (young), 0.0713510 secs]
   [Parallel Time: 56.0 ms, GC Workers: 6]
      [GC Worker Start (ms): Min: 289319645.9, Avg: 289319648.0, Max: 289319652.0, Diff: 6.1]
      [Ext Root Scanning (ms): Min: 0.0, Avg: 1.7, Max: 3.6, Diff: 3.6, Sum: 10.0]
      [Update RS (ms): Min: 7.1, Avg: 9.5, Max: 11.0, Diff: 3.9, Sum: 56.7]
         [Processed Buffers: Min: 30, Avg: 42.5, Max: 58, Diff: 28, Sum: 255]
      [Scan RS (ms): Min: 0.0, Avg: 0.0, Max: 0.1, Diff: 0.1, Sum: 0.2]
      [Code Root Scanning (ms): Min: 0.0, Avg: 0.0, Max: 0.0, Diff: 0.0, Sum: 0.0]
      [Object Copy (ms): Min: 42.3, Avg: 42.6, Max: 42.9, Diff: 0.6, Sum: 255.8]
      [Termination (ms): Min: 0.0, Avg: 0.0, Max: 0.0, Diff: 0.0, Sum: 0.0]
         [Termination Attempts: Min: 1, Avg: 1.2, Max: 2, Diff: 1, Sum: 7]
      [GC Worker Other (ms): Min: 0.0, Avg: 0.0, Max: 0.0, Diff: 0.0, Sum: 0.1]
      [GC Worker Total (ms): Min: 49.8, Avg: 53.8, Max: 55.9, Diff: 6.1, Sum: 322.8]
      [GC Worker End (ms): Min: 289319701.8, Avg: 289319701.8, Max: 289319701.8, Diff: 0.0]
   [Code Root Fixup: 0.0 ms]
   [Code Root Purge: 0.0 ms]
   [Clear CT: 0.9 ms]
   [Other: 14.4 ms]
      [Choose CSet: 0.0 ms]
      [Ref Proc: 13.6 ms]
      [Ref Enq: 0.1 ms]
      [Redirty Cards: 0.2 ms]
      [Humongous Register: 0.0 ms]
      [Humongous Reclaim: 0.0 ms]
      [Free CSet: 0.3 ms]
   [Eden: 7040.0M(7040.0M)->0.0B(5504.0M) Survivors: 128.0M->224.0M Heap: 10866.5M(14336.0M)->3997.4M(14336.0M)]
 [Times: user=0.34 sys=0.00, real=0.07 secs] 
2022-10-02T19:59:36.543-0600: 289391.623: [GC pause (G1 Evacuation Pause) (mixed), 0.0809241 secs]
   [Parallel Time: 66.9 ms, GC Workers: 6]
      [GC Worker Start (ms): Min: 289391622.7, Avg: 289391623.4, Max: 289391624.7, Diff: 2.0]
      [Ext Root Scanning (ms): Min: 0.1, Avg: 2.1, Max: 5.1, Diff: 4.9, Sum: 12.9]
      [Update RS (ms): Min: 4.9, Avg: 7.2, Max: 8.1, Diff: 3.2, Sum: 42.9]
         [Processed Buffers: Min: 23, Avg: 30.8, Max: 38, Diff: 15, Sum: 185]
      [Scan RS (ms): Min: 2.6, Avg: 2.8, Max: 2.9, Diff: 0.3, Sum: 16.8]
      [Code Root Scanning (ms): Min: 0.0, Avg: 0.0, Max: 0.1, Diff: 0.1, Sum: 0.2]
      [Object Copy (ms): Min: 53.7, Avg: 53.9, Max: 54.2, Diff: 0.4, Sum: 323.6]
      [Termination (ms): Min: 0.0, Avg: 0.0, Max: 0.0, Diff: 0.0, Sum: 0.0]
         [Termination Attempts: Min: 1, Avg: 8.5, Max: 14, Diff: 13, Sum: 51]
      [GC Worker Other (ms): Min: 0.0, Avg: 0.0, Max: 0.0, Diff: 0.0, Sum: 0.1]
      [GC Worker Total (ms): Min: 64.8, Avg: 66.1, Max: 66.8, Diff: 2.0, Sum: 396.6]
      [GC Worker End (ms): Min: 289391689.5, Avg: 289391689.5, Max: 289391689.5, Diff: 0.0]
   [Code Root Fixup: 0.0 ms]
   [Code Root Purge: 0.0 ms]
   [Clear CT: 1.2 ms]
   [Other: 12.8 ms]
      [Choose CSet: 0.1 ms]
      [Ref Proc: 12.0 ms]
      [Ref Enq: 0.1 ms]
      [Redirty Cards: 0.4 ms]
      [Humongous Register: 0.0 ms]
      [Humongous Reclaim: 0.0 ms]
      [Free CSet: 0.2 ms]
   [Eden: 5504.0M(5504.0M)->0.0B(7024.0M) Survivors: 224.0M->144.0M Heap: 9501.4M(14336.0M)->3870.0M(14336.0M)]
 [Times: user=0.40 sys=0.00, real=0.08 secs] 
2022-10-02T20:01:28.715-0600: 289503.795: [GC pause (G1 Evacuation Pause) (young), 0.0376514 secs]
   [Parallel Time: 24.3 ms, GC Workers: 6]
      [GC Worker Start (ms): Min: 289503795.0, Avg: 289503796.0, Max: 289503797.2, Diff: 2.1]
      [Ext Root Scanning (ms): Min: 0.0, Avg: 1.2, Max: 3.5, Diff: 3.5, Sum: 7.1]
      [Update RS (ms): Min: 8.7, Avg: 9.8, Max: 10.2, Diff: 1.5, Sum: 58.9]
         [Processed Buffers: Min: 28, Avg: 49.7, Max: 63, Diff: 35, Sum: 298]
      [Scan RS (ms): Min: 1.2, Avg: 1.4, Max: 1.4, Diff: 0.2, Sum: 8.2]
      [Code Root Scanning (ms): Min: 0.0, Avg: 0.0, Max: 0.0, Diff: 0.0, Sum: 0.0]
      [Object Copy (ms): Min: 10.7, Avg: 10.7, Max: 10.9, Diff: 0.3, Sum: 64.5]
      [Termination (ms): Min: 0.0, Avg: 0.0, Max: 0.0, Diff: 0.0, Sum: 0.0]
         [Termination Attempts: Min: 1, Avg: 1.0, Max: 1, Diff: 0, Sum: 6]
      [GC Worker Other (ms): Min: 0.0, Avg: 0.0, Max: 0.1, Diff: 0.0, Sum: 0.2]
      [GC Worker Total (ms): Min: 21.9, Avg: 23.1, Max: 24.1, Diff: 2.1, Sum: 138.9]
      [GC Worker End (ms): Min: 289503819.1, Avg: 289503819.1, Max: 289503819.1, Diff: 0.0]
   [Code Root Fixup: 0.0 ms]
   [Code Root Purge: 0.0 ms]
   [Clear CT: 0.9 ms]
   [Other: 12.4 ms]
      [Choose CSet: 0.0 ms]
      [Ref Proc: 11.9 ms]
      [Ref Enq: 0.1 ms]
      [Redirty Cards: 0.2 ms]
      [Humongous Register: 0.0 ms]
      [Humongous Reclaim: 0.0 ms]
      [Free CSet: 0.2 ms]
   [Eden: 7024.0M(7024.0M)->0.0B(7072.0M) Survivors: 144.0M->98304.0K Heap: 10894.0M(14336.0M)->3928.0M(14336.0M)]
 [Times: user=0.16 sys=0.00, real=0.04 secs] 
2022-10-02T20:03:16.089-0600: 289611.169: [GC pause (G1 Evacuation Pause) (young) (initial-mark), 0.0385626 secs]
   [Parallel Time: 27.1 ms, GC Workers: 6]
      [GC Worker Start (ms): Min: 289611170.1, Avg: 289611173.0, Max: 289611174.5, Diff: 4.4]
      [Ext Root Scanning (ms): Min: 1.8, Avg: 5.2, Max: 8.0, Diff: 6.2, Sum: 31.0]
      [Update RS (ms): Min: 3.5, Avg: 7.3, Max: 9.4, Diff: 5.9, Sum: 44.0]
         [Processed Buffers: Min: 42, Avg: 71.3, Max: 91, Diff: 49, Sum: 428]
      [Scan RS (ms): Min: 2.4, Avg: 2.5, Max: 2.6, Diff: 0.2, Sum: 15.1]
      [Code Root Scanning (ms): Min: 0.0, Avg: 0.0, Max: 0.0, Diff: 0.0, Sum: 0.0]
      [Object Copy (ms): Min: 7.5, Avg: 7.6, Max: 7.8, Diff: 0.4, Sum: 45.6]
      [Termination (ms): Min: 0.0, Avg: 0.1, Max: 0.1, Diff: 0.1, Sum: 0.5]
         [Termination Attempts: Min: 1, Avg: 155.2, Max: 204, Diff: 203, Sum: 931]
      [GC Worker Other (ms): Min: 0.0, Avg: 0.0, Max: 0.1, Diff: 0.0, Sum: 0.2]
      [GC Worker Total (ms): Min: 21.2, Avg: 22.7, Max: 25.7, Diff: 4.5, Sum: 136.4]
      [GC Worker End (ms): Min: 289611195.7, Avg: 289611195.7, Max: 289611195.8, Diff: 0.0]
   [Code Root Fixup: 0.0 ms]
   [Code Root Purge: 0.0 ms]
   [Clear CT: 0.7 ms]
   [Other: 10.8 ms]
      [Choose CSet: 0.0 ms]
      [Ref Proc: 9.9 ms]
      [Ref Enq: 0.1 ms]
      [Redirty Cards: 0.3 ms]
      [Humongous Register: 0.0 ms]
      [Humongous Reclaim: 0.0 ms]
      [Free CSet: 0.2 ms]
   [Eden: 7072.0M(7072.0M)->0.0B(7120.0M) Survivors: 98304.0K->49152.0K Heap: 11000.0M(14336.0M)->3928.0M(14336.0M)]
 [Times: user=0.15 sys=0.00, real=0.04 secs] 
2022-10-02T20:03:16.127-0600: 289611.207: [GC concurrent-root-region-scan-start]
2022-10-02T20:03:16.144-0600: 289611.223: [GC concurrent-root-region-scan-end, 0.0162206 secs]
2022-10-02T20:03:16.144-0600: 289611.223: [GC concurrent-mark-start]
2022-10-02T20:03:17.488-0600: 289612.568: [GC concurrent-mark-end, 1.3441368 secs]
2022-10-02T20:03:17.488-0600: 289612.568: [GC remark 2022-10-02T20:03:17.488-0600: 289612.568: [Finalize Marking, 0.0012922 secs] 2022-10-02T20:03:17.489-0600: 289612.569: [GC ref-proc, 0.0267322 secs] 2022-10-02T20:03:17.516-0600: 289612.596: [Unloading, 0.0311451 secs], 0.0643517 secs]
 [Times: user=0.23 sys=0.00, real=0.06 secs] 
2022-10-02T20:03:17.552-0600: 289612.632: [GC cleanup 4040M->4024M(14336M), 0.0084249 secs]
 [Times: user=0.03 sys=0.00, real=0.01 secs] 
2022-10-02T20:03:17.561-0600: 289612.641: [GC concurrent-cleanup-start]
2022-10-02T20:03:17.561-0600: 289612.641: [GC concurrent-cleanup-end, 0.0000124 secs]
2022-10-02T20:05:10.387-0600: 289725.467: [GC pause (G1 Evacuation Pause) (young), 0.0341428 secs]
   [Parallel Time: 23.0 ms, GC Workers: 6]
      [GC Worker Start (ms): Min: 289725466.9, Avg: 289725469.9, Max: 289725472.7, Diff: 5.8]
      [Ext Root Scanning (ms): Min: 0.0, Avg: 1.2, Max: 3.5, Diff: 3.5, Sum: 7.4]
      [Update RS (ms): Min: 5.1, Avg: 7.2, Max: 11.5, Diff: 6.4, Sum: 43.0]
         [Processed Buffers: Min: 29, Avg: 57.7, Max: 82, Diff: 53, Sum: 346]
      [Scan RS (ms): Min: 2.2, Avg: 5.6, Max: 11.2, Diff: 9.0, Sum: 33.7]
      [Code Root Scanning (ms): Min: 0.0, Avg: 0.0, Max: 0.0, Diff: 0.0, Sum: 0.0]
      [Object Copy (ms): Min: 0.8, Avg: 5.9, Max: 7.1, Diff: 6.2, Sum: 35.2]
      [Termination (ms): Min: 0.0, Avg: 0.1, Max: 0.1, Diff: 0.1, Sum: 0.4]
         [Termination Attempts: Min: 1, Avg: 144.5, Max: 207, Diff: 206, Sum: 867]
      [GC Worker Other (ms): Min: 0.0, Avg: 0.0, Max: 0.0, Diff: 0.0, Sum: 0.1]
      [GC Worker Total (ms): Min: 17.1, Avg: 20.0, Max: 22.9, Diff: 5.8, Sum: 119.9]
      [GC Worker End (ms): Min: 289725489.8, Avg: 289725489.8, Max: 289725489.8, Diff: 0.0]
   [Code Root Fixup: 0.0 ms]
   [Code Root Purge: 0.0 ms]
   [Clear CT: 0.9 ms]
   [Other: 10.2 ms]
      [Choose CSet: 0.0 ms]
      [Ref Proc: 9.6 ms]
      [Ref Enq: 0.1 ms]
      [Redirty Cards: 0.3 ms]
      [Humongous Register: 0.0 ms]
      [Humongous Reclaim: 0.0 ms]
      [Free CSet: 0.1 ms]
   [Eden: 7120.0M(7120.0M)->0.0B(5696.0M) Survivors: 49152.0K->32768.0K Heap: 11032.0M(14336.0M)->3912.6M(14336.0M)]
 [Times: user=0.13 sys=0.00, real=0.03 secs] 
2022-10-02T20:06:41.136-0600: 289816.215: [GC pause (G1 Evacuation Pause) (mixed), 0.0401345 secs]
   [Parallel Time: 25.4 ms, GC Workers: 6]
      [GC Worker Start (ms): Min: 289816215.6, Avg: 289816216.7, Max: 289816220.7, Diff: 5.1]
      [Ext Root Scanning (ms): Min: 0.0, Avg: 1.4, Max: 3.7, Diff: 3.7, Sum: 8.2]
      [Update RS (ms): Min: 6.6, Avg: 9.3, Max: 10.5, Diff: 3.8, Sum: 55.9]
         [Processed Buffers: Min: 39, Avg: 62.3, Max: 75, Diff: 36, Sum: 374]
      [Scan RS (ms): Min: 3.0, Avg: 3.3, Max: 3.8, Diff: 0.8, Sum: 19.8]
      [Code Root Scanning (ms): Min: 0.0, Avg: 0.0, Max: 0.1, Diff: 0.1, Sum: 0.1]
      [Object Copy (ms): Min: 9.4, Avg: 10.2, Max: 10.8, Diff: 1.3, Sum: 61.0]
      [Termination (ms): Min: 0.0, Avg: 0.1, Max: 0.2, Diff: 0.2, Sum: 0.6]
         [Termination Attempts: Min: 1, Avg: 39.3, Max: 55, Diff: 54, Sum: 236]
      [GC Worker Other (ms): Min: 0.0, Avg: 0.0, Max: 0.0, Diff: 0.0, Sum: 0.1]
      [GC Worker Total (ms): Min: 20.2, Avg: 24.3, Max: 25.3, Diff: 5.1, Sum: 145.6]
      [GC Worker End (ms): Min: 289816240.9, Avg: 289816240.9, Max: 289816240.9, Diff: 0.0]
   [Code Root Fixup: 0.0 ms]
   [Code Root Purge: 0.0 ms]
   [Clear CT: 1.1 ms]
   [Other: 13.6 ms]
      [Choose CSet: 0.1 ms]
      [Ref Proc: 12.8 ms]
      [Ref Enq: 0.1 ms]
      [Redirty Cards: 0.2 ms]
      [Humongous Register: 0.0 ms]
      [Humongous Reclaim: 0.0 ms]
      [Free CSet: 0.3 ms]
   [Eden: 5696.0M(5696.0M)->0.0B(7152.0M) Survivors: 32768.0K->16384.0K Heap: 9608.6M(14336.0M)->3614.1M(14336.0M)]
 [Times: user=0.17 sys=0.00, real=0.04 secs] 
2022-10-02T20:08:37.137-0600: 289932.217: [GC pause (G1 Evacuation Pause) (young), 0.0271471 secs]
   [Parallel Time: 17.0 ms, GC Workers: 6]
      [GC Worker Start (ms): Min: 289932217.3, Avg: 289932220.4, Max: 289932224.7, Diff: 7.4]
      [Ext Root Scanning (ms): Min: 0.0, Avg: 1.1, Max: 3.2, Diff: 3.2, Sum: 6.7]
      [Update RS (ms): Min: 7.4, Avg: 10.6, Max: 12.8, Diff: 5.4, Sum: 63.7]
         [Processed Buffers: Min: 33, Avg: 51.7, Max: 76, Diff: 43, Sum: 310]
      [Scan RS (ms): Min: 0.0, Avg: 0.0, Max: 0.1, Diff: 0.1, Sum: 0.3]
      [Code Root Scanning (ms): Min: 0.0, Avg: 0.0, Max: 0.0, Diff: 0.0, Sum: 0.0]
      [Object Copy (ms): Min: 1.9, Avg: 2.0, Max: 2.1, Diff: 0.3, Sum: 11.7]
      [Termination (ms): Min: 0.0, Avg: 0.0, Max: 0.0, Diff: 0.0, Sum: 0.0]
         [Termination Attempts: Min: 1, Avg: 3.5, Max: 6, Diff: 5, Sum: 21]
      [GC Worker Other (ms): Min: 0.0, Avg: 0.0, Max: 0.0, Diff: 0.0, Sum: 0.1]
      [GC Worker Total (ms): Min: 9.4, Avg: 13.8, Max: 16.9, Diff: 7.5, Sum: 82.6]
      [GC Worker End (ms): Min: 289932234.2, Avg: 289932234.2, Max: 289932234.2, Diff: 0.0]
   [Code Root Fixup: 0.0 ms]
   [Code Root Purge: 0.0 ms]
   [Clear CT: 0.6 ms]
   [Other: 9.5 ms]
      [Choose CSet: 0.0 ms]
      [Ref Proc: 9.1 ms]
      [Ref Enq: 0.1 ms]
      [Redirty Cards: 0.1 ms]
      [Humongous Register: 0.0 ms]
      [Humongous Reclaim: 0.0 ms]
      [Free CSet: 0.1 ms]
   [Eden: 7152.0M(7152.0M)->0.0B(7152.0M) Survivors: 16384.0K->16384.0K Heap: 10766.1M(14336.0M)->3667.8M(14336.0M)]
 [Times: user=0.11 sys=0.00, real=0.02 secs] 
2022-10-02T20:10:31.539-0600: 290046.619: [GC pause (G1 Evacuation Pause) (young) (initial-mark), 0.0329532 secs]
   [Parallel Time: 15.5 ms, GC Workers: 6]
      [GC Worker Start (ms): Min: 290046620.6, Avg: 290046622.0, Max: 290046623.4, Diff: 2.9]
      [Ext Root Scanning (ms): Min: 1.7, Avg: 7.2, Max: 10.7, Diff: 9.1, Sum: 43.0]
      [Update RS (ms): Min: 0.0, Avg: 1.4, Max: 4.7, Diff: 4.7, Sum: 8.5]
         [Processed Buffers: Min: 0, Avg: 9.3, Max: 32, Diff: 32, Sum: 56]
      [Scan RS (ms): Min: 0.0, Avg: 0.0, Max: 0.1, Diff: 0.1, Sum: 0.2]
      [Code Root Scanning (ms): Min: 0.0, Avg: 0.0, Max: 0.0, Diff: 0.0, Sum: 0.0]
      [Object Copy (ms): Min: 0.4, Avg: 3.9, Max: 4.9, Diff: 4.5, Sum: 23.4]
      [Termination (ms): Min: 0.0, Avg: 0.0, Max: 0.0, Diff: 0.0, Sum: 0.1]
         [Termination Attempts: Min: 1, Avg: 39.0, Max: 64, Diff: 63, Sum: 234]
      [GC Worker Other (ms): Min: 0.0, Avg: 0.0, Max: 0.0, Diff: 0.0, Sum: 0.1]
      [GC Worker Total (ms): Min: 11.2, Avg: 12.6, Max: 14.0, Diff: 2.9, Sum: 75.5]
      [GC Worker End (ms): Min: 290046634.6, Avg: 290046634.6, Max: 290046634.6, Diff: 0.0]
   [Code Root Fixup: 0.0 ms]
   [Code Root Purge: 0.0 ms]
   [Clear CT: 1.1 ms]
   [Other: 16.4 ms]
      [Choose CSet: 0.0 ms]
      [Ref Proc: 15.9 ms]
      [Ref Enq: 0.1 ms]
      [Redirty Cards: 0.1 ms]
      [Humongous Register: 0.0 ms]
      [Humongous Reclaim: 0.0 ms]
      [Free CSet: 0.1 ms]
   [Eden: 7152.0M(7152.0M)->0.0B(7152.0M) Survivors: 16384.0K->16384.0K Heap: 10819.8M(14336.0M)->3683.8M(14336.0M)]
 [Times: user=0.09 sys=0.00, real=0.03 secs] 
2022-10-02T20:10:31.572-0600: 290046.652: [GC concurrent-root-region-scan-start]
2022-10-02T20:10:31.582-0600: 290046.662: [GC concurrent-root-region-scan-end, 0.0096673 secs]
2022-10-02T20:10:31.582-0600: 290046.662: [GC concurrent-mark-start]
2022-10-02T20:10:32.950-0600: 290048.030: [GC concurrent-mark-end, 1.3684247 secs]
2022-10-02T20:10:32.951-0600: 290048.030: [GC remark 2022-10-02T20:10:32.951-0600: 290048.031: [Finalize Marking, 0.0023104 secs] 2022-10-02T20:10:32.953-0600: 290048.033: [GC ref-proc, 0.0290517 secs] 2022-10-02T20:10:32.982-0600: 290048.062: [Unloading, 0.0320268 secs], 0.0681519 secs]
 [Times: user=0.24 sys=0.00, real=0.07 secs] 
2022-10-02T20:10:33.019-0600: 290048.099: [GC cleanup 3819M->3803M(14336M), 0.0093556 secs]
 [Times: user=0.02 sys=0.00, real=0.01 secs] 
2022-10-02T20:10:33.029-0600: 290048.108: [GC concurrent-cleanup-start]
2022-10-02T20:10:33.029-0600: 290048.108: [GC concurrent-cleanup-end, 0.0000128 secs]
2022-10-02T20:12:19.094-0600: 290154.174: [GC pause (G1 Evacuation Pause) (young), 0.0246219 secs]
   [Parallel Time: 9.6 ms, GC Workers: 6]
      [GC Worker Start (ms): Min: 290154173.8, Avg: 290154177.6, Max: 290154183.4, Diff: 9.6]
      [Ext Root Scanning (ms): Min: 0.0, Avg: 1.1, Max: 3.3, Diff: 3.3, Sum: 6.7]
      [Update RS (ms): Min: 0.0, Avg: 1.9, Max: 3.4, Diff: 3.4, Sum: 11.2]
         [Processed Buffers: Min: 0, Avg: 10.3, Max: 24, Diff: 24, Sum: 62]
      [Scan RS (ms): Min: 0.0, Avg: 0.0, Max: 0.1, Diff: 0.1, Sum: 0.2]
      [Code Root Scanning (ms): Min: 0.0, Avg: 0.0, Max: 0.0, Diff: 0.0, Sum: 0.0]
      [Object Copy (ms): Min: 0.0, Avg: 2.4, Max: 3.7, Diff: 3.7, Sum: 14.3]
      [Termination (ms): Min: 0.0, Avg: 0.4, Max: 0.6, Diff: 0.6, Sum: 2.5]
         [Termination Attempts: Min: 1, Avg: 2.3, Max: 6, Diff: 5, Sum: 14]
      [GC Worker Other (ms): Min: 0.0, Avg: 0.0, Max: 0.0, Diff: 0.0, Sum: 0.0]
      [GC Worker Total (ms): Min: 0.0, Avg: 5.8, Max: 9.6, Diff: 9.6, Sum: 34.9]
      [GC Worker End (ms): Min: 290154183.4, Avg: 290154183.4, Max: 290154183.4, Diff: 0.0]
   [Code Root Fixup: 0.0 ms]
   [Code Root Purge: 0.0 ms]
   [Clear CT: 0.8 ms]
   [Other: 14.2 ms]
      [Choose CSet: 0.0 ms]
      [Ref Proc: 13.8 ms]
      [Ref Enq: 0.1 ms]
      [Redirty Cards: 0.1 ms]
      [Humongous Register: 0.0 ms]
      [Humongous Reclaim: 0.0 ms]
      [Free CSet: 0.2 ms]
   [Eden: 7152.0M(7152.0M)->0.0B(5712.0M) Survivors: 16384.0K->16384.0K Heap: 10819.8M(14336.0M)->3675.3M(14336.0M)]
 [Times: user=0.08 sys=0.00, real=0.02 secs] 
2022-10-02T20:13:43.687-0600: 290238.766: [GC pause (G1 Evacuation Pause) (mixed), 0.0254604 secs]
   [Parallel Time: 14.5 ms, GC Workers: 6]
      [GC Worker Start (ms): Min: 290238766.5, Avg: 290238768.0, Max: 290238772.7, Diff: 6.2]
      [Ext Root Scanning (ms): Min: 0.0, Avg: 1.4, Max: 3.8, Diff: 3.8, Sum: 8.2]
      [Update RS (ms): Min: 0.0, Avg: 3.1, Max: 4.2, Diff: 4.2, Sum: 18.5]
         [Processed Buffers: Min: 0, Avg: 14.7, Max: 29, Diff: 29, Sum: 88]
      [Scan RS (ms): Min: 1.5, Avg: 1.7, Max: 1.8, Diff: 0.3, Sum: 10.1]
      [Code Root Scanning (ms): Min: 0.0, Avg: 0.0, Max: 0.1, Diff: 0.1, Sum: 0.1]
      [Object Copy (ms): Min: 6.7, Avg: 6.8, Max: 7.0, Diff: 0.3, Sum: 40.9]
      [Termination (ms): Min: 0.0, Avg: 0.0, Max: 0.0, Diff: 0.0, Sum: 0.1]
         [Termination Attempts: Min: 1, Avg: 21.5, Max: 33, Diff: 32, Sum: 129]
      [GC Worker Other (ms): Min: 0.0, Avg: 0.0, Max: 0.0, Diff: 0.0, Sum: 0.1]
      [GC Worker Total (ms): Min: 8.2, Avg: 13.0, Max: 14.4, Diff: 6.2, Sum: 77.9]
      [GC Worker End (ms): Min: 290238781.0, Avg: 290238781.0, Max: 290238781.0, Diff: 0.0]
   [Code Root Fixup: 0.0 ms]
   [Code Root Purge: 0.0 ms]
   [Clear CT: 0.9 ms]
   [Other: 10.1 ms]
      [Choose CSet: 0.0 ms]
      [Ref Proc: 9.6 ms]
      [Ref Enq: 0.1 ms]
      [Redirty Cards: 0.1 ms]
      [Humongous Register: 0.0 ms]
      [Humongous Reclaim: 0.0 ms]
      [Free CSet: 0.2 ms]
   [Eden: 5712.0M(5712.0M)->0.0B(7136.0M) Survivors: 16384.0K->32768.0K Heap: 9387.3M(14336.0M)->3598.7M(14336.0M)]
 [Times: user=0.11 sys=0.00, real=0.02 secs] 
2022-10-02T20:15:31.639-0600: 290346.718: [GC pause (G1 Evacuation Pause) (young), 0.0241543 secs]
   [Parallel Time: 13.5 ms, GC Workers: 6]
      [GC Worker Start (ms): Min: 290346718.5, Avg: 290346720.2, Max: 290346723.2, Diff: 4.7]
      [Ext Root Scanning (ms): Min: 0.0, Avg: 1.2, Max: 3.2, Diff: 3.2, Sum: 7.3]
      [Update RS (ms): Min: 5.4, Avg: 7.1, Max: 8.4, Diff: 3.0, Sum: 42.6]
         [Processed Buffers: Min: 22, Avg: 31.3, Max: 41, Diff: 19, Sum: 188]
      [Scan RS (ms): Min: 0.0, Avg: 0.0, Max: 0.1, Diff: 0.1, Sum: 0.3]
      [Code Root Scanning (ms): Min: 0.0, Avg: 0.0, Max: 0.0, Diff: 0.0, Sum: 0.0]
      [Object Copy (ms): Min: 3.0, Avg: 3.1, Max: 3.3, Diff: 0.3, Sum: 18.8]
      [Termination (ms): Min: 0.0, Avg: 0.0, Max: 0.0, Diff: 0.0, Sum: 0.0]
         [Termination Attempts: Min: 1, Avg: 4.7, Max: 10, Diff: 9, Sum: 28]
      [GC Worker Other (ms): Min: 0.0, Avg: 0.0, Max: 0.0, Diff: 0.0, Sum: 0.1]
      [GC Worker Total (ms): Min: 8.5, Avg: 11.5, Max: 13.3, Diff: 4.7, Sum: 69.1]
      [GC Worker End (ms): Min: 290346731.7, Avg: 290346731.7, Max: 290346731.7, Diff: 0.0]
   [Code Root Fixup: 0.0 ms]
   [Code Root Purge: 0.0 ms]
   [Clear CT: 0.6 ms]
   [Other: 10.1 ms]
      [Choose CSet: 0.0 ms]
      [Ref Proc: 9.7 ms]
      [Ref Enq: 0.1 ms]
      [Redirty Cards: 0.1 ms]
      [Humongous Register: 0.0 ms]
      [Humongous Reclaim: 0.0 ms]
      [Free CSet: 0.2 ms]
   [Eden: 7136.0M(7136.0M)->0.0B(7136.0M) Survivors: 32768.0K->32768.0K Heap: 10734.7M(14336.0M)->3616.3M(14336.0M)]
 [Times: user=0.10 sys=0.00, real=0.02 secs] 
2022-10-02T20:17:15.189-0600: 290450.268: [GC pause (G1 Evacuation Pause) (young) (initial-mark), 0.0272403 secs]
   [Parallel Time: 15.9 ms, GC Workers: 6]
      [GC Worker Start (ms): Min: 290450270.0, Avg: 290450271.4, Max: 290450272.9, Diff: 2.9]
      [Ext Root Scanning (ms): Min: 2.2, Avg: 6.0, Max: 8.0, Diff: 5.8, Sum: 36.0]
      [Update RS (ms): Min: 0.8, Avg: 3.7, Max: 6.3, Diff: 5.5, Sum: 22.4]
         [Processed Buffers: Min: 4, Avg: 16.0, Max: 31, Diff: 27, Sum: 96]
      [Scan RS (ms): Min: 0.0, Avg: 0.0, Max: 0.1, Diff: 0.1, Sum: 0.2]
      [Code Root Scanning (ms): Min: 0.0, Avg: 0.0, Max: 0.0, Diff: 0.0, Sum: 0.0]
      [Object Copy (ms): Min: 3.0, Avg: 3.3, Max: 3.4, Diff: 0.4, Sum: 19.6]
      [Termination (ms): Min: 0.0, Avg: 0.0, Max: 0.0, Diff: 0.0, Sum: 0.0]
         [Termination Attempts: Min: 1, Avg: 1.0, Max: 1, Diff: 0, Sum: 6]
      [GC Worker Other (ms): Min: 0.0, Avg: 0.0, Max: 0.0, Diff: 0.0, Sum: 0.1]
      [GC Worker Total (ms): Min: 11.6, Avg: 13.1, Max: 14.5, Diff: 3.0, Sum: 78.4]
      [GC Worker End (ms): Min: 290450284.5, Avg: 290450284.5, Max: 290450284.5, Diff: 0.0]
   [Code Root Fixup: 0.0 ms]
   [Code Root Purge: 0.0 ms]
   [Clear CT: 1.1 ms]
   [Other: 10.2 ms]
      [Choose CSet: 0.0 ms]
      [Ref Proc: 9.8 ms]
      [Ref Enq: 0.1 ms]
      [Redirty Cards: 0.1 ms]
      [Humongous Register: 0.0 ms]
      [Humongous Reclaim: 0.0 ms]
      [Free CSet: 0.1 ms]
   [Eden: 7136.0M(7136.0M)->0.0B(7152.0M) Survivors: 32768.0K->16384.0K Heap: 10752.3M(14336.0M)->3620.4M(14336.0M)]
 [Times: user=0.09 sys=0.00, real=0.03 secs] 
2022-10-02T20:17:15.216-0600: 290450.296: [GC concurrent-root-region-scan-start]
2022-10-02T20:17:15.225-0600: 290450.305: [GC concurrent-root-region-scan-end, 0.0093384 secs]
2022-10-02T20:17:15.225-0600: 290450.305: [GC concurrent-mark-start]
2022-10-02T20:17:16.580-0600: 290451.660: [GC concurrent-mark-end, 1.3551185 secs]
2022-10-02T20:17:16.581-0600: 290451.660: [GC remark 2022-10-02T20:17:16.581-0600: 290451.660: [Finalize Marking, 0.0014193 secs] 2022-10-02T20:17:16.582-0600: 290451.662: [GC ref-proc, 0.0214396 secs] 2022-10-02T20:17:16.603-0600: 290451.683: [Unloading, 0.0329115 secs], 0.0609570 secs]
 [Times: user=0.24 sys=0.00, real=0.06 secs] 
2022-10-02T20:17:16.642-0600: 290451.722: [GC cleanup 3760M->3760M(14336M), 0.0072105 secs]
 [Times: user=0.03 sys=0.00, real=0.01 secs] 
2022-10-02T20:19:00.544-0600: 290555.624: [GC pause (G1 Evacuation Pause) (young), 0.0178645 secs]
   [Parallel Time: 7.3 ms, GC Workers: 6]
      [GC Worker Start (ms): Min: 290555623.9, Avg: 290555624.5, Max: 290555626.2, Diff: 2.3]
      [Ext Root Scanning (ms): Min: 0.0, Avg: 1.3, Max: 3.8, Diff: 3.8, Sum: 7.5]
      [Update RS (ms): Min: 0.9, Avg: 2.7, Max: 3.5, Diff: 2.7, Sum: 16.3]
         [Processed Buffers: Min: 6, Avg: 12.5, Max: 18, Diff: 12, Sum: 75]
      [Scan RS (ms): Min: 0.0, Avg: 0.0, Max: 0.1, Diff: 0.1, Sum: 0.2]
      [Code Root Scanning (ms): Min: 0.0, Avg: 0.0, Max: 0.0, Diff: 0.0, Sum: 0.0]
      [Object Copy (ms): Min: 2.2, Avg: 2.5, Max: 2.6, Diff: 0.4, Sum: 14.9]
      [Termination (ms): Min: 0.0, Avg: 0.1, Max: 0.2, Diff: 0.2, Sum: 0.5]
         [Termination Attempts: Min: 18, Avg: 36.7, Max: 46, Diff: 28, Sum: 220]
      [GC Worker Other (ms): Min: 0.0, Avg: 0.0, Max: 0.0, Diff: 0.0, Sum: 0.1]
      [GC Worker Total (ms): Min: 4.9, Avg: 6.6, Max: 7.2, Diff: 2.3, Sum: 39.5]
      [GC Worker End (ms): Min: 290555631.1, Avg: 290555631.1, Max: 290555631.2, Diff: 0.1]
   [Code Root Fixup: 0.0 ms]
   [Code Root Purge: 0.0 ms]
   [Clear CT: 1.0 ms]
   [Other: 9.5 ms]
      [Choose CSet: 0.0 ms]
      [Ref Proc: 9.2 ms]
      [Ref Enq: 0.1 ms]
      [Redirty Cards: 0.1 ms]
      [Humongous Register: 0.0 ms]
      [Humongous Reclaim: 0.0 ms]
      [Free CSet: 0.1 ms]
   [Eden: 7152.0M(7152.0M)->0.0B(5696.0M) Survivors: 16384.0K->32768.0K Heap: 10772.4M(14336.0M)->3625.8M(14336.0M)]
 [Times: user=0.06 sys=0.00, real=0.02 secs] 
2022-10-02T20:20:28.936-0600: 290644.016: [GC pause (G1 Evacuation Pause) (mixed), 0.0270072 secs]
   [Parallel Time: 12.5 ms, GC Workers: 6]
      [GC Worker Start (ms): Min: 290644016.3, Avg: 290644017.2, Max: 290644020.7, Diff: 4.4]
      [Ext Root Scanning (ms): Min: 0.0, Avg: 1.4, Max: 3.8, Diff: 3.8, Sum: 8.5]
      [Update RS (ms): Min: 0.4, Avg: 2.4, Max: 3.3, Diff: 2.9, Sum: 14.4]
         [Processed Buffers: Min: 6, Avg: 11.7, Max: 18, Diff: 12, Sum: 70]
      [Scan RS (ms): Min: 1.8, Avg: 1.8, Max: 1.9, Diff: 0.1, Sum: 10.9]
      [Code Root Scanning (ms): Min: 0.0, Avg: 0.0, Max: 0.1, Diff: 0.1, Sum: 0.1]
      [Object Copy (ms): Min: 5.5, Avg: 5.6, Max: 5.8, Diff: 0.2, Sum: 33.9]
      [Termination (ms): Min: 0.0, Avg: 0.0, Max: 0.0, Diff: 0.0, Sum: 0.0]
         [Termination Attempts: Min: 1, Avg: 2.2, Max: 4, Diff: 3, Sum: 13]
      [GC Worker Other (ms): Min: 0.0, Avg: 0.0, Max: 0.0, Diff: 0.0, Sum: 0.1]
      [GC Worker Total (ms): Min: 7.9, Avg: 11.3, Max: 12.3, Diff: 4.4, Sum: 68.0]
      [GC Worker End (ms): Min: 290644028.5, Avg: 290644028.6, Max: 290644028.6, Diff: 0.0]
   [Code Root Fixup: 0.0 ms]
   [Code Root Purge: 0.0 ms]
   [Clear CT: 1.2 ms]
   [Other: 13.3 ms]
      [Choose CSet: 0.0 ms]
      [Ref Proc: 12.8 ms]
      [Ref Enq: 0.1 ms]
      [Redirty Cards: 0.1 ms]
      [Humongous Register: 0.0 ms]
      [Humongous Reclaim: 0.0 ms]
      [Free CSet: 0.1 ms]
   [Eden: 5696.0M(5696.0M)->0.0B(7152.0M) Survivors: 32768.0K->16384.0K Heap: 9321.8M(14336.0M)->3600.5M(14336.0M)]
 [Times: user=0.09 sys=0.00, real=0.02 secs] 
2022-10-02T20:22:20.087-0600: 290755.167: [GC pause (G1 Evacuation Pause) (young), 0.0265284 secs]
   [Parallel Time: 11.9 ms, GC Workers: 6]
      [GC Worker Start (ms): Min: 290755167.3, Avg: 290755168.8, Max: 290755172.7, Diff: 5.4]
      [Ext Root Scanning (ms): Min: 0.0, Avg: 1.3, Max: 3.5, Diff: 3.5, Sum: 7.8]
      [Update RS (ms): Min: 4.4, Avg: 7.0, Max: 7.8, Diff: 3.4, Sum: 41.9]
         [Processed Buffers: Min: 21, Avg: 33.7, Max: 41, Diff: 20, Sum: 202]
      [Scan RS (ms): Min: 0.0, Avg: 0.0, Max: 0.1, Diff: 0.1, Sum: 0.2]
      [Code Root Scanning (ms): Min: 0.0, Avg: 0.0, Max: 0.0, Diff: 0.0, Sum: 0.0]
      [Object Copy (ms): Min: 2.0, Avg: 2.1, Max: 2.2, Diff: 0.3, Sum: 12.3]
      [Termination (ms): Min: 0.0, Avg: 0.0, Max: 0.1, Diff: 0.0, Sum: 0.2]
         [Termination Attempts: Min: 19, Avg: 24.8, Max: 32, Diff: 13, Sum: 149]
      [GC Worker Other (ms): Min: 0.0, Avg: 0.0, Max: 0.0, Diff: 0.0, Sum: 0.1]
      [GC Worker Total (ms): Min: 6.5, Avg: 10.4, Max: 11.9, Diff: 5.4, Sum: 62.6]
      [GC Worker End (ms): Min: 290755179.2, Avg: 290755179.2, Max: 290755179.2, Diff: 0.0]
   [Code Root Fixup: 0.0 ms]
   [Code Root Purge: 0.0 ms]
   [Clear CT: 1.0 ms]
   [Other: 13.5 ms]
      [Choose CSet: 0.0 ms]
      [Ref Proc: 13.2 ms]
      [Ref Enq: 0.1 ms]
      [Redirty Cards: 0.1 ms]
      [Humongous Register: 0.0 ms]
      [Humongous Reclaim: 0.0 ms]
      [Free CSet: 0.1 ms]
   [Eden: 7152.0M(7152.0M)->0.0B(7152.0M) Survivors: 16384.0K->16384.0K Heap: 10752.5M(14336.0M)->3613.1M(14336.0M)]
 [Times: user=0.10 sys=0.00, real=0.03 secs] 
2022-10-02T20:24:11.303-0600: 290866.383: [GC pause (G1 Evacuation Pause) (young) (initial-mark), 0.0333652 secs]
   [Parallel Time: 18.2 ms, GC Workers: 6]
      [GC Worker Start (ms): Min: 290866384.0, Avg: 290866388.7, Max: 290866389.9, Diff: 5.9]
      [Ext Root Scanning (ms): Min: 2.3, Avg: 6.5, Max: 8.5, Diff: 6.1, Sum: 39.1]
      [Update RS (ms): Min: 0.0, Avg: 2.0, Max: 4.2, Diff: 4.2, Sum: 12.2]
         [Processed Buffers: Min: 0, Avg: 10.8, Max: 24, Diff: 24, Sum: 65]
      [Scan RS (ms): Min: 0.0, Avg: 0.0, Max: 0.1, Diff: 0.1, Sum: 0.3]
      [Code Root Scanning (ms): Min: 0.0, Avg: 0.0, Max: 0.0, Diff: 0.0, Sum: 0.0]
      [Object Copy (ms): Min: 2.2, Avg: 3.3, Max: 4.6, Diff: 2.4, Sum: 20.1]
      [Termination (ms): Min: 0.0, Avg: 0.0, Max: 0.1, Diff: 0.1, Sum: 0.3]
         [Termination Attempts: Min: 1, Avg: 11.5, Max: 16, Diff: 15, Sum: 69]
      [GC Worker Other (ms): Min: 0.0, Avg: 0.0, Max: 0.0, Diff: 0.0, Sum: 0.1]
      [GC Worker Total (ms): Min: 10.8, Avg: 12.0, Max: 16.7, Diff: 5.9, Sum: 72.0]
      [GC Worker End (ms): Min: 290866400.7, Avg: 290866400.7, Max: 290866400.7, Diff: 0.0]
   [Code Root Fixup: 0.0 ms]
   [Code Root Purge: 0.0 ms]
   [Clear CT: 0.6 ms]
   [Other: 14.6 ms]
      [Choose CSet: 0.0 ms]
      [Ref Proc: 14.1 ms]
      [Ref Enq: 0.1 ms]
      [Redirty Cards: 0.1 ms]
      [Humongous Register: 0.0 ms]
      [Humongous Reclaim: 0.0 ms]
      [Free CSet: 0.1 ms]
   [Eden: 7152.0M(7152.0M)->0.0B(7152.0M) Survivors: 16384.0K->16384.0K Heap: 10765.1M(14336.0M)->3616.4M(14336.0M)]
 [Times: user=0.09 sys=0.00, real=0.04 secs] 
2022-10-02T20:24:11.336-0600: 290866.416: [GC concurrent-root-region-scan-start]
2022-10-02T20:24:11.344-0600: 290866.424: [GC concurrent-root-region-scan-end, 0.0076308 secs]
2022-10-02T20:24:11.344-0600: 290866.424: [GC concurrent-mark-start]
2022-10-02T20:24:12.746-0600: 290867.826: [GC concurrent-mark-end, 1.4024246 secs]
2022-10-02T20:24:12.746-0600: 290867.826: [GC remark 2022-10-02T20:24:12.746-0600: 290867.826: [Finalize Marking, 0.0023072 secs] 2022-10-02T20:24:12.749-0600: 290867.829: [GC ref-proc, 0.0194218 secs] 2022-10-02T20:24:12.768-0600: 290867.848: [Unloading, 0.0342265 secs], 0.0606780 secs]
 [Times: user=0.24 sys=0.00, real=0.06 secs] 
2022-10-02T20:24:12.807-0600: 290867.887: [GC cleanup 3752M->3752M(14336M), 0.0121472 secs]
 [Times: user=0.02 sys=0.00, real=0.01 secs] 
2022-10-02T20:25:52.270-0600: 290967.350: [GC pause (G1 Evacuation Pause) (young), 0.0322893 secs]
   [Parallel Time: 11.7 ms, GC Workers: 6]
      [GC Worker Start (ms): Min: 290967350.2, Avg: 290967356.1, Max: 290967361.8, Diff: 11.6]
      [Ext Root Scanning (ms): Min: 0.0, Avg: 1.1, Max: 3.2, Diff: 3.2, Sum: 6.4]
      [Update RS (ms): Min: 0.0, Avg: 2.1, Max: 4.2, Diff: 4.2, Sum: 12.5]
         [Processed Buffers: Min: 0, Avg: 11.0, Max: 25, Diff: 25, Sum: 66]
      [Scan RS (ms): Min: 0.0, Avg: 0.0, Max: 0.1, Diff: 0.1, Sum: 0.2]
      [Code Root Scanning (ms): Min: 0.0, Avg: 0.0, Max: 0.0, Diff: 0.0, Sum: 0.0]
      [Object Copy (ms): Min: 0.0, Avg: 1.6, Max: 3.4, Diff: 3.4, Sum: 9.6]
      [Termination (ms): Min: 0.0, Avg: 0.9, Max: 1.2, Diff: 1.2, Sum: 5.4]
         [Termination Attempts: Min: 1, Avg: 1.2, Max: 2, Diff: 1, Sum: 7]
      [GC Worker Other (ms): Min: 0.0, Avg: 0.0, Max: 0.0, Diff: 0.0, Sum: 0.0]
      [GC Worker Total (ms): Min: 0.0, Avg: 5.7, Max: 11.7, Diff: 11.7, Sum: 34.1]
      [GC Worker End (ms): Min: 290967361.8, Avg: 290967361.8, Max: 290967361.8, Diff: 0.0]
   [Code Root Fixup: 0.0 ms]
   [Code Root Purge: 0.0 ms]
   [Clear CT: 1.0 ms]
   [Other: 19.6 ms]
      [Choose CSet: 0.0 ms]
      [Ref Proc: 19.2 ms]
      [Ref Enq: 0.1 ms]
      [Redirty Cards: 0.1 ms]
      [Humongous Register: 0.0 ms]
      [Humongous Reclaim: 0.0 ms]
      [Free CSet: 0.1 ms]
   [Eden: 7152.0M(7152.0M)->0.0B(5712.0M) Survivors: 16384.0K->16384.0K Heap: 10768.4M(14336.0M)->3616.2M(14336.0M)]
 [Times: user=0.09 sys=0.00, real=0.03 secs] 
2022-10-02T20:27:09.978-0600: 291045.057: [GC pause (G1 Evacuation Pause) (mixed), 0.0191727 secs]
   [Parallel Time: 12.9 ms, GC Workers: 6]
      [GC Worker Start (ms): Min: 291045057.5, Avg: 291045058.2, Max: 291045058.3, Diff: 0.9]
      [Ext Root Scanning (ms): Min: 1.3, Avg: 2.8, Max: 6.4, Diff: 5.0, Sum: 16.6]
      [Update RS (ms): Min: 0.0, Avg: 2.1, Max: 3.0, Diff: 3.0, Sum: 12.4]
         [Processed Buffers: Min: 0, Avg: 10.7, Max: 18, Diff: 18, Sum: 64]
      [Scan RS (ms): Min: 0.0, Avg: 1.5, Max: 2.4, Diff: 2.4, Sum: 9.0]
      [Code Root Scanning (ms): Min: 0.0, Avg: 0.0, Max: 0.0, Diff: 0.0, Sum: 0.0]
      [Object Copy (ms): Min: 4.7, Avg: 5.2, Max: 5.9, Diff: 1.1, Sum: 31.5]
      [Termination (ms): Min: 0.0, Avg: 0.5, Max: 0.6, Diff: 0.6, Sum: 3.0]
         [Termination Attempts: Min: 1, Avg: 14.7, Max: 22, Diff: 21, Sum: 88]
      [GC Worker Other (ms): Min: 0.0, Avg: 0.0, Max: 0.0, Diff: 0.0, Sum: 0.1]
      [GC Worker Total (ms): Min: 11.9, Avg: 12.1, Max: 12.8, Diff: 0.9, Sum: 72.6]
      [GC Worker End (ms): Min: 291045070.3, Avg: 291045070.3, Max: 291045070.3, Diff: 0.0]
   [Code Root Fixup: 0.0 ms]
   [Code Root Purge: 0.0 ms]
   [Clear CT: 0.6 ms]
   [Other: 5.7 ms]
      [Choose CSet: 0.0 ms]
      [Ref Proc: 5.2 ms]
      [Ref Enq: 0.1 ms]
      [Redirty Cards: 0.2 ms]
      [Humongous Register: 0.0 ms]
      [Humongous Reclaim: 0.0 ms]
      [Free CSet: 0.2 ms]
   [Eden: 5712.0M(5712.0M)->0.0B(7152.0M) Survivors: 16384.0K->16384.0K Heap: 9328.2M(14336.0M)->3594.7M(14336.0M)]
 [Times: user=0.07 sys=0.00, real=0.02 secs] 
2022-10-02T20:28:54.537-0600: 291149.617: [GC pause (G1 Evacuation Pause) (young), 0.0231537 secs]
   [Parallel Time: 11.8 ms, GC Workers: 6]
      [GC Worker Start (ms): Min: 291149617.2, Avg: 291149620.1, Max: 291149624.7, Diff: 7.6]
      [Ext Root Scanning (ms): Min: 0.0, Avg: 1.2, Max: 3.2, Diff: 3.2, Sum: 7.0]
      [Update RS (ms): Min: 1.2, Avg: 4.6, Max: 6.4, Diff: 5.2, Sum: 27.6]
         [Processed Buffers: Min: 5, Avg: 23.8, Max: 31, Diff: 26, Sum: 143]
      [Scan RS (ms): Min: 0.0, Avg: 0.0, Max: 0.1, Diff: 0.1, Sum: 0.2]
      [Code Root Scanning (ms): Min: 0.0, Avg: 0.0, Max: 0.0, Diff: 0.0, Sum: 0.0]
      [Object Copy (ms): Min: 2.0, Avg: 2.0, Max: 2.2, Diff: 0.3, Sum: 12.1]
      [Termination (ms): Min: 0.0, Avg: 0.0, Max: 0.0, Diff: 0.0, Sum: 0.0]
         [Termination Attempts: Min: 1, Avg: 1.0, Max: 1, Diff: 0, Sum: 6]
      [GC Worker Other (ms): Min: 0.0, Avg: 0.0, Max: 0.0, Diff: 0.0, Sum: 0.1]
      [GC Worker Total (ms): Min: 3.2, Avg: 7.9, Max: 10.8, Diff: 7.6, Sum: 47.1]
      [GC Worker End (ms): Min: 291149627.9, Avg: 291149627.9, Max: 291149627.9, Diff: 0.0]
   [Code Root Fixup: 0.0 ms]
   [Code Root Purge: 0.0 ms]
   [Clear CT: 0.8 ms]
   [Other: 10.6 ms]
      [Choose CSet: 0.0 ms]
      [Ref Proc: 10.2 ms]
      [Ref Enq: 0.1 ms]
      [Redirty Cards: 0.1 ms]
      [Humongous Register: 0.0 ms]
      [Humongous Reclaim: 0.0 ms]
      [Free CSet: 0.1 ms]
   [Eden: 7152.0M(7152.0M)->0.0B(7152.0M) Survivors: 16384.0K->16384.0K Heap: 10746.7M(14336.0M)->3603.9M(14336.0M)]
 [Times: user=0.07 sys=0.00, real=0.02 secs] 
2022-10-02T20:30:38.837-0600: 291253.917: [GC pause (G1 Evacuation Pause) (young) (initial-mark), 0.0282592 secs]
   [Parallel Time: 13.1 ms, GC Workers: 6]
      [GC Worker Start (ms): Min: 291253918.6, Avg: 291253920.3, Max: 291253921.7, Diff: 3.0]
      [Ext Root Scanning (ms): Min: 2.4, Avg: 5.5, Max: 11.5, Diff: 9.0, Sum: 32.7]
      [Update RS (ms): Min: 0.0, Avg: 1.7, Max: 3.1, Diff: 3.1, Sum: 10.5]
         [Processed Buffers: Min: 0, Avg: 9.0, Max: 19, Diff: 19, Sum: 54]
      [Scan RS (ms): Min: 0.0, Avg: 0.0, Max: 0.1, Diff: 0.1, Sum: 0.2]
      [Code Root Scanning (ms): Min: 0.0, Avg: 0.0, Max: 0.0, Diff: 0.0, Sum: 0.0]
      [Object Copy (ms): Min: 0.1, Avg: 1.8, Max: 2.3, Diff: 2.3, Sum: 11.1]
      [Termination (ms): Min: 0.0, Avg: 0.8, Max: 1.0, Diff: 1.0, Sum: 4.7]
         [Termination Attempts: Min: 1, Avg: 3.0, Max: 6, Diff: 5, Sum: 18]
      [GC Worker Other (ms): Min: 0.0, Avg: 0.0, Max: 0.0, Diff: 0.0, Sum: 0.0]
      [GC Worker Total (ms): Min: 8.6, Avg: 9.9, Max: 11.6, Diff: 3.0, Sum: 59.3]
      [GC Worker End (ms): Min: 291253930.2, Avg: 291253930.2, Max: 291253930.2, Diff: 0.1]
   [Code Root Fixup: 0.0 ms]
   [Code Root Purge: 0.0 ms]
   [Clear CT: 0.8 ms]
   [Other: 14.3 ms]
      [Choose CSet: 0.0 ms]
      [Ref Proc: 13.9 ms]
      [Ref Enq: 0.1 ms]
      [Redirty Cards: 0.1 ms]
      [Humongous Register: 0.0 ms]
      [Humongous Reclaim: 0.0 ms]
      [Free CSet: 0.1 ms]
   [Eden: 7152.0M(7152.0M)->0.0B(7152.0M) Survivors: 16384.0K->16384.0K Heap: 10755.9M(14336.0M)->3608.7M(14336.0M)]
 [Times: user=0.08 sys=0.00, real=0.03 secs] 
2022-10-02T20:30:38.866-0600: 291253.946: [GC concurrent-root-region-scan-start]
2022-10-02T20:30:38.873-0600: 291253.952: [GC concurrent-root-region-scan-end, 0.0069300 secs]
2022-10-02T20:30:38.873-0600: 291253.952: [GC concurrent-mark-start]
2022-10-02T20:30:40.239-0600: 291255.319: [GC concurrent-mark-end, 1.3666488 secs]
2022-10-02T20:30:40.240-0600: 291255.320: [GC remark 2022-10-02T20:30:40.240-0600: 291255.320: [Finalize Marking, 0.0019175 secs] 2022-10-02T20:30:40.242-0600: 291255.322: [GC ref-proc, 0.0280420 secs] 2022-10-02T20:30:40.270-0600: 291255.350: [Unloading, 0.0305313 secs], 0.0658718 secs]
 [Times: user=0.25 sys=0.00, real=0.07 secs] 
2022-10-02T20:30:40.306-0600: 291255.386: [GC cleanup 3720M->3720M(14336M), 0.0095053 secs]
 [Times: user=0.03 sys=0.00, real=0.01 secs] 
2022-10-02T20:32:21.287-0600: 291356.367: [GC pause (G1 Evacuation Pause) (young), 0.0167783 secs]
   [Parallel Time: 5.6 ms, GC Workers: 6]
      [GC Worker Start (ms): Min: 291356367.3, Avg: 291356367.6, Max: 291356368.7, Diff: 1.4]
      [Ext Root Scanning (ms): Min: 0.0, Avg: 1.3, Max: 3.8, Diff: 3.8, Sum: 7.8]
      [Update RS (ms): Min: 0.0, Avg: 1.9, Max: 2.5, Diff: 2.5, Sum: 11.6]
         [Processed Buffers: Min: 0, Avg: 9.7, Max: 21, Diff: 21, Sum: 58]
      [Scan RS (ms): Min: 0.0, Avg: 0.0, Max: 0.1, Diff: 0.1, Sum: 0.2]
      [Code Root Scanning (ms): Min: 0.0, Avg: 0.0, Max: 0.0, Diff: 0.0, Sum: 0.0]
      [Object Copy (ms): Min: 1.7, Avg: 1.9, Max: 2.0, Diff: 0.3, Sum: 11.2]
      [Termination (ms): Min: 0.0, Avg: 0.0, Max: 0.0, Diff: 0.0, Sum: 0.0]
         [Termination Attempts: Min: 1, Avg: 6.0, Max: 10, Diff: 9, Sum: 36]
      [GC Worker Other (ms): Min: 0.0, Avg: 0.0, Max: 0.1, Diff: 0.0, Sum: 0.2]
      [GC Worker Total (ms): Min: 4.1, Avg: 5.2, Max: 5.5, Diff: 1.4, Sum: 31.0]
      [GC Worker End (ms): Min: 291356372.7, Avg: 291356372.8, Max: 291356372.8, Diff: 0.0]
   [Code Root Fixup: 0.0 ms]
   [Code Root Purge: 0.0 ms]
   [Clear CT: 0.9 ms]
   [Other: 10.3 ms]
      [Choose CSet: 0.0 ms]
      [Ref Proc: 9.9 ms]
      [Ref Enq: 0.1 ms]
      [Redirty Cards: 0.1 ms]
      [Humongous Register: 0.0 ms]
      [Humongous Reclaim: 0.0 ms]
      [Free CSet: 0.1 ms]
   [Eden: 7152.0M(7152.0M)->0.0B(5712.0M) Survivors: 16384.0K->16384.0K Heap: 10760.7M(14336.0M)->3607.4M(14336.0M)]
 [Times: user=0.06 sys=0.00, real=0.01 secs] 
2022-10-02T20:33:42.541-0600: 291437.621: [GC pause (G1 Evacuation Pause) (mixed), 0.0202497 secs]
   [Parallel Time: 11.1 ms, GC Workers: 6]
      [GC Worker Start (ms): Min: 291437621.3, Avg: 291437623.6, Max: 291437624.7, Diff: 3.5]
      [Ext Root Scanning (ms): Min: 0.0, Avg: 1.1, Max: 3.4, Diff: 3.4, Sum: 6.5]
      [Update RS (ms): Min: 1.8, Avg: 2.8, Max: 7.4, Diff: 5.6, Sum: 16.9]
         [Processed Buffers: Min: 1, Avg: 9.2, Max: 13, Diff: 12, Sum: 55]
      [Scan RS (ms): Min: 0.0, Avg: 0.9, Max: 1.1, Diff: 1.1, Sum: 5.2]
      [Code Root Scanning (ms): Min: 0.0, Avg: 0.0, Max: 0.0, Diff: 0.0, Sum: 0.0]
      [Object Copy (ms): Min: 0.0, Avg: 3.1, Max: 4.1, Diff: 4.1, Sum: 18.9]
      [Termination (ms): Min: 0.0, Avg: 0.6, Max: 0.8, Diff: 0.8, Sum: 3.9]
         [Termination Attempts: Min: 1, Avg: 17.3, Max: 34, Diff: 33, Sum: 104]
      [GC Worker Other (ms): Min: 0.0, Avg: 0.0, Max: 0.0, Diff: 0.0, Sum: 0.0]
      [GC Worker Total (ms): Min: 7.4, Avg: 8.6, Max: 10.9, Diff: 3.5, Sum: 51.5]
      [GC Worker End (ms): Min: 291437632.1, Avg: 291437632.1, Max: 291437632.2, Diff: 0.1]
   [Code Root Fixup: 0.0 ms]
   [Code Root Purge: 0.0 ms]
   [Clear CT: 0.6 ms]
   [Other: 8.6 ms]
      [Choose CSet: 0.0 ms]
      [Ref Proc: 8.2 ms]
      [Ref Enq: 0.1 ms]
      [Redirty Cards: 0.1 ms]
      [Humongous Register: 0.0 ms]
      [Humongous Reclaim: 0.0 ms]
      [Free CSet: 0.1 ms]
   [Eden: 5712.0M(5712.0M)->0.0B(7152.0M) Survivors: 16384.0K->16384.0K Heap: 9319.4M(14336.0M)->3598.4M(14336.0M)]
 [Times: user=0.07 sys=0.00, real=0.02 secs] 
2022-10-02T20:35:24.337-0600: 291539.417: [GC pause (G1 Evacuation Pause) (young), 0.0229356 secs]
   [Parallel Time: 10.8 ms, GC Workers: 6]
      [GC Worker Start (ms): Min: 291539416.7, Avg: 291539419.5, Max: 291539420.7, Diff: 4.0]
      [Ext Root Scanning (ms): Min: 0.0, Avg: 1.1, Max: 3.7, Diff: 3.7, Sum: 6.5]
      [Update RS (ms): Min: 4.6, Avg: 4.8, Max: 5.0, Diff: 0.5, Sum: 28.8]
         [Processed Buffers: Min: 5, Avg: 20.8, Max: 28, Diff: 23, Sum: 125]
      [Scan RS (ms): Min: 0.0, Avg: 0.0, Max: 0.1, Diff: 0.1, Sum: 0.2]
      [Code Root Scanning (ms): Min: 0.0, Avg: 0.0, Max: 0.0, Diff: 0.0, Sum: 0.0]
      [Object Copy (ms): Min: 1.8, Avg: 1.9, Max: 2.1, Diff: 0.2, Sum: 11.5]
      [Termination (ms): Min: 0.0, Avg: 0.0, Max: 0.0, Diff: 0.0, Sum: 0.0]
         [Termination Attempts: Min: 1, Avg: 7.3, Max: 12, Diff: 11, Sum: 44]
      [GC Worker Other (ms): Min: 0.0, Avg: 0.0, Max: 0.1, Diff: 0.1, Sum: 0.2]
      [GC Worker Total (ms): Min: 6.6, Avg: 7.9, Max: 10.7, Diff: 4.0, Sum: 47.2]
      [GC Worker End (ms): Min: 291539427.4, Avg: 291539427.4, Max: 291539427.4, Diff: 0.1]
   [Code Root Fixup: 0.0 ms]
   [Code Root Purge: 0.0 ms]
   [Clear CT: 0.7 ms]
   [Other: 11.4 ms]
      [Choose CSet: 0.0 ms]
      [Ref Proc: 11.0 ms]
      [Ref Enq: 0.1 ms]
      [Redirty Cards: 0.1 ms]
      [Humongous Register: 0.0 ms]
      [Humongous Reclaim: 0.0 ms]
      [Free CSet: 0.2 ms]
   [Eden: 7152.0M(7152.0M)->0.0B(7152.0M) Survivors: 16384.0K->16384.0K Heap: 10750.4M(14336.0M)->3606.0M(14336.0M)]
 [Times: user=0.07 sys=0.00, real=0.02 secs] 
2022-10-02T20:37:04.893-0600: 291639.973: [GC pause (G1 Evacuation Pause) (young) (initial-mark), 0.0233841 secs]
   [Parallel Time: 13.7 ms, GC Workers: 6]
      [GC Worker Start (ms): Min: 291639974.4, Avg: 291639977.2, Max: 291639978.5, Diff: 4.2]
      [Ext Root Scanning (ms): Min: 2.4, Avg: 4.7, Max: 7.5, Diff: 5.1, Sum: 27.9]
      [Update RS (ms): Min: 0.6, Avg: 2.4, Max: 3.4, Diff: 2.8, Sum: 14.6]
         [Processed Buffers: Min: 5, Avg: 12.7, Max: 16, Diff: 11, Sum: 76]
      [Scan RS (ms): Min: 0.0, Avg: 0.0, Max: 0.1, Diff: 0.1, Sum: 0.3]
      [Code Root Scanning (ms): Min: 0.0, Avg: 0.0, Max: 0.0, Diff: 0.0, Sum: 0.0]
      [Object Copy (ms): Min: 2.1, Avg: 2.2, Max: 2.4, Diff: 0.3, Sum: 13.3]
      [Termination (ms): Min: 0.0, Avg: 0.0, Max: 0.0, Diff: 0.0, Sum: 0.0]
         [Termination Attempts: Min: 1, Avg: 2.5, Max: 4, Diff: 3, Sum: 15]
      [GC Worker Other (ms): Min: 0.0, Avg: 0.0, Max: 0.0, Diff: 0.0, Sum: 0.1]
      [GC Worker Total (ms): Min: 8.1, Avg: 9.4, Max: 12.2, Diff: 4.2, Sum: 56.3]
      [GC Worker End (ms): Min: 291639986.6, Avg: 291639986.6, Max: 291639986.6, Diff: 0.0]
   [Code Root Fixup: 0.0 ms]
   [Code Root Purge: 0.0 ms]
   [Clear CT: 1.0 ms]
   [Other: 8.7 ms]
      [Choose CSet: 0.0 ms]
      [Ref Proc: 8.3 ms]
      [Ref Enq: 0.1 ms]
      [Redirty Cards: 0.1 ms]
      [Humongous Register: 0.0 ms]
      [Humongous Reclaim: 0.0 ms]
      [Free CSet: 0.1 ms]
   [Eden: 7152.0M(7152.0M)->0.0B(7152.0M) Survivors: 16384.0K->16384.0K Heap: 10758.0M(14336.0M)->3607.7M(14336.0M)]
 [Times: user=0.07 sys=0.00, real=0.02 secs] 
2022-10-02T20:37:04.917-0600: 291639.996: [GC concurrent-root-region-scan-start]
2022-10-02T20:37:04.925-0600: 291640.004: [GC concurrent-root-region-scan-end, 0.0079413 secs]
2022-10-02T20:37:04.925-0600: 291640.004: [GC concurrent-mark-start]
2022-10-02T20:37:06.290-0600: 291641.370: [GC concurrent-mark-end, 1.3653972 secs]
2022-10-02T20:37:06.290-0600: 291641.370: [GC remark 2022-10-02T20:37:06.290-0600: 291641.370: [Finalize Marking, 0.0029811 secs] 2022-10-02T20:37:06.293-0600: 291641.373: [GC ref-proc, 0.0282018 secs] 2022-10-02T20:37:06.321-0600: 291641.401: [Unloading, 0.0313464 secs], 0.0672231 secs]
 [Times: user=0.24 sys=0.00, real=0.07 secs] 
2022-10-02T20:37:06.358-0600: 291641.437: [GC cleanup 3751M->3751M(14336M), 0.0107205 secs]
 [Times: user=0.02 sys=0.00, real=0.01 secs] 
2022-10-02T20:38:29.894-0600: 291724.974: [GC pause (G1 Evacuation Pause) (young), 0.0278236 secs]
   [Parallel Time: 14.3 ms, GC Workers: 6]
      [GC Worker Start (ms): Min: 291724974.4, Avg: 291724978.6, Max: 291724984.7, Diff: 10.3]
      [Ext Root Scanning (ms): Min: 0.0, Avg: 1.1, Max: 3.1, Diff: 3.1, Sum: 6.3]
      [Update RS (ms): Min: 0.0, Avg: 3.0, Max: 11.0, Diff: 11.0, Sum: 17.9]
         [Processed Buffers: Min: 0, Avg: 10.5, Max: 24, Diff: 24, Sum: 63]
      [Scan RS (ms): Min: 0.0, Avg: 0.0, Max: 0.1, Diff: 0.1, Sum: 0.2]
      [Code Root Scanning (ms): Min: 0.0, Avg: 0.0, Max: 0.0, Diff: 0.0, Sum: 0.0]
      [Object Copy (ms): Min: 0.0, Avg: 2.7, Max: 4.1, Diff: 4.1, Sum: 16.3]
      [Termination (ms): Min: 0.0, Avg: 3.2, Max: 3.8, Diff: 3.8, Sum: 19.0]
         [Termination Attempts: Min: 1, Avg: 13.7, Max: 19, Diff: 18, Sum: 82]
      [GC Worker Other (ms): Min: 0.0, Avg: 0.0, Max: 0.0, Diff: 0.0, Sum: 0.0]
      [GC Worker Total (ms): Min: 3.8, Avg: 10.0, Max: 14.2, Diff: 10.4, Sum: 59.8]
      [GC Worker End (ms): Min: 291724988.5, Avg: 291724988.6, Max: 291724988.6, Diff: 0.1]
   [Code Root Fixup: 0.0 ms]
   [Code Root Purge: 0.0 ms]
   [Clear CT: 0.8 ms]
   [Other: 12.8 ms]
      [Choose CSet: 0.0 ms]
      [Ref Proc: 12.3 ms]
      [Ref Enq: 0.1 ms]
      [Redirty Cards: 0.1 ms]
      [Humongous Register: 0.0 ms]
      [Humongous Reclaim: 0.0 ms]
      [Free CSet: 0.2 ms]
   [Eden: 7152.0M(7152.0M)->0.0B(5712.0M) Survivors: 16384.0K->16384.0K Heap: 10759.7M(14336.0M)->3608.8M(14336.0M)]
 [Times: user=0.08 sys=0.00, real=0.02 secs] 
2022-10-02T20:39:20.294-0600: 291775.374: [GC pause (G1 Evacuation Pause) (mixed), 0.0181001 secs]
   [Parallel Time: 9.0 ms, GC Workers: 6]
      [GC Worker Start (ms): Min: 291775374.3, Avg: 291775375.8, Max: 291775380.7, Diff: 6.4]
      [Ext Root Scanning (ms): Min: 0.0, Avg: 1.5, Max: 3.7, Diff: 3.7, Sum: 8.7]
      [Update RS (ms): Min: 0.0, Avg: 2.1, Max: 3.0, Diff: 3.0, Sum: 12.8]
         [Processed Buffers: Min: 0, Avg: 11.5, Max: 19, Diff: 19, Sum: 69]
      [Scan RS (ms): Min: 0.0, Avg: 0.7, Max: 1.0, Diff: 0.9, Sum: 4.4]
      [Code Root Scanning (ms): Min: 0.0, Avg: 0.0, Max: 0.0, Diff: 0.0, Sum: 0.0]
      [Object Copy (ms): Min: 2.3, Avg: 3.0, Max: 3.2, Diff: 0.9, Sum: 17.8]
      [Termination (ms): Min: 0.0, Avg: 0.1, Max: 0.1, Diff: 0.1, Sum: 0.4]
         [Termination Attempts: Min: 33, Avg: 40.8, Max: 48, Diff: 15, Sum: 245]
      [GC Worker Other (ms): Min: 0.0, Avg: 0.0, Max: 0.0, Diff: 0.0, Sum: 0.1]
      [GC Worker Total (ms): Min: 2.4, Avg: 7.4, Max: 8.8, Diff: 6.4, Sum: 44.1]
      [GC Worker End (ms): Min: 291775383.1, Avg: 291775383.2, Max: 291775383.2, Diff: 0.0]
   [Code Root Fixup: 0.0 ms]
   [Code Root Purge: 0.0 ms]
   [Clear CT: 0.7 ms]
   [Other: 8.4 ms]
      [Choose CSet: 0.0 ms]
      [Ref Proc: 8.0 ms]
      [Ref Enq: 0.1 ms]
      [Redirty Cards: 0.1 ms]
      [Humongous Register: 0.0 ms]
      [Humongous Reclaim: 0.0 ms]
      [Free CSet: 0.1 ms]
   [Eden: 5712.0M(5712.0M)->0.0B(7152.0M) Survivors: 16384.0K->16384.0K Heap: 9320.8M(14336.0M)->3601.1M(14336.0M)]
 [Times: user=0.06 sys=0.01, real=0.01 secs] 
2022-10-02T20:40:39.787-0600: 291854.867: [GC pause (G1 Evacuation Pause) (young), 0.0272607 secs]
   [Parallel Time: 16.4 ms, GC Workers: 6]
      [GC Worker Start (ms): Min: 291854866.8, Avg: 291854872.1, Max: 291854876.7, Diff: 9.9]
      [Ext Root Scanning (ms): Min: 0.0, Avg: 1.2, Max: 3.5, Diff: 3.5, Sum: 7.2]
      [Update RS (ms): Min: 0.0, Avg: 2.6, Max: 5.4, Diff: 5.4, Sum: 15.7]
         [Processed Buffers: Min: 0, Avg: 15.0, Max: 34, Diff: 34, Sum: 90]
      [Scan RS (ms): Min: 0.0, Avg: 0.0, Max: 0.1, Diff: 0.1, Sum: 0.2]
      [Code Root Scanning (ms): Min: 0.0, Avg: 0.0, Max: 0.0, Diff: 0.0, Sum: 0.0]
      [Object Copy (ms): Min: 1.1, Avg: 3.3, Max: 8.0, Diff: 6.9, Sum: 19.7]
      [Termination (ms): Min: 0.0, Avg: 3.9, Max: 5.3, Diff: 5.3, Sum: 23.2]
         [Termination Attempts: Min: 1, Avg: 11.8, Max: 21, Diff: 20, Sum: 71]
      [GC Worker Other (ms): Min: 0.0, Avg: 0.0, Max: 0.0, Diff: 0.0, Sum: 0.1]
      [GC Worker Total (ms): Min: 6.3, Avg: 11.0, Max: 16.3, Diff: 10.0, Sum: 66.0]
      [GC Worker End (ms): Min: 291854883.0, Avg: 291854883.1, Max: 291854883.2, Diff: 0.1]
   [Code Root Fixup: 0.0 ms]
   [Code Root Purge: 0.0 ms]
   [Clear CT: 0.9 ms]
   [Other: 9.9 ms]
      [Choose CSet: 0.0 ms]
      [Ref Proc: 9.6 ms]
      [Ref Enq: 0.1 ms]
      [Redirty Cards: 0.1 ms]
      [Humongous Register: 0.0 ms]
      [Humongous Reclaim: 0.0 ms]
      [Free CSet: 0.1 ms]
   [Eden: 7152.0M(7152.0M)->0.0B(7152.0M) Survivors: 16384.0K->16384.0K Heap: 10753.1M(14336.0M)->3601.8M(14336.0M)]
 [Times: user=0.08 sys=0.00, real=0.03 secs] 
2022-10-02T20:42:21.336-0600: 291956.416: [GC pause (G1 Evacuation Pause) (young) (initial-mark), 0.0251193 secs]
   [Parallel Time: 14.3 ms, GC Workers: 6]
      [GC Worker Start (ms): Min: 291956417.7, Avg: 291956419.9, Max: 291956421.3, Diff: 3.6]
      [Ext Root Scanning (ms): Min: 2.2, Avg: 6.7, Max: 12.6, Diff: 10.5, Sum: 39.9]
      [Update RS (ms): Min: 0.0, Avg: 1.3, Max: 3.4, Diff: 3.4, Sum: 8.0]
         [Processed Buffers: Min: 0, Avg: 8.7, Max: 30, Diff: 30, Sum: 52]
      [Scan RS (ms): Min: 0.0, Avg: 0.0, Max: 0.1, Diff: 0.1, Sum: 0.2]
      [Code Root Scanning (ms): Min: 0.0, Avg: 0.0, Max: 0.0, Diff: 0.0, Sum: 0.0]
      [Object Copy (ms): Min: 0.0, Avg: 1.8, Max: 2.8, Diff: 2.8, Sum: 10.7]
      [Termination (ms): Min: 0.0, Avg: 0.7, Max: 1.1, Diff: 1.1, Sum: 4.5]
         [Termination Attempts: Min: 1, Avg: 2.3, Max: 8, Diff: 7, Sum: 14]
      [GC Worker Other (ms): Min: 0.0, Avg: 0.0, Max: 0.0, Diff: 0.0, Sum: 0.0]
      [GC Worker Total (ms): Min: 9.2, Avg: 10.6, Max: 12.8, Diff: 3.6, Sum: 63.4]
      [GC Worker End (ms): Min: 291956430.4, Avg: 291956430.5, Max: 291956430.5, Diff: 0.1]
   [Code Root Fixup: 0.0 ms]
   [Code Root Purge: 0.0 ms]
   [Clear CT: 0.6 ms]
   [Other: 10.2 ms]
      [Choose CSet: 0.0 ms]
      [Ref Proc: 9.8 ms]
      [Ref Enq: 0.1 ms]
      [Redirty Cards: 0.1 ms]
      [Humongous Register: 0.0 ms]
      [Humongous Reclaim: 0.0 ms]
      [Free CSet: 0.1 ms]
   [Eden: 7152.0M(7152.0M)->0.0B(7152.0M) Survivors: 16384.0K->16384.0K Heap: 10753.8M(14336.0M)->3603.9M(14336.0M)]
 [Times: user=0.08 sys=0.00, real=0.02 secs] 
2022-10-02T20:42:21.362-0600: 291956.441: [GC concurrent-root-region-scan-start]
2022-10-02T20:42:21.369-0600: 291956.449: [GC concurrent-root-region-scan-end, 0.0074072 secs]
2022-10-02T20:42:21.369-0600: 291956.449: [GC concurrent-mark-start]
2022-10-02T20:42:22.724-0600: 291957.804: [GC concurrent-mark-end, 1.3551537 secs]
2022-10-02T20:42:22.724-0600: 291957.804: [GC remark 2022-10-02T20:42:22.724-0600: 291957.804: [Finalize Marking, 0.0014681 secs] 2022-10-02T20:42:22.726-0600: 291957.806: [GC ref-proc, 0.0222551 secs] 2022-10-02T20:42:22.748-0600: 291957.828: [Unloading, 0.0335380 secs], 0.0621011 secs]
 [Times: user=0.24 sys=0.00, real=0.07 secs] 
2022-10-02T20:42:22.789-0600: 291957.869: [GC cleanup 3699M->3699M(14336M), 0.0086858 secs]
 [Times: user=0.03 sys=0.00, real=0.01 secs] 
2022-10-02T20:43:55.491-0600: 292050.571: [GC pause (G1 Evacuation Pause) (young), 0.0195493 secs]
   [Parallel Time: 9.1 ms, GC Workers: 6]
      [GC Worker Start (ms): Min: 292050571.0, Avg: 292050571.1, Max: 292050571.2, Diff: 0.2]
      [Ext Root Scanning (ms): Min: 0.7, Avg: 1.4, Max: 3.9, Diff: 3.2, Sum: 8.2]
      [Update RS (ms): Min: 1.1, Avg: 3.5, Max: 4.2, Diff: 3.1, Sum: 21.0]
         [Processed Buffers: Min: 12, Avg: 35.3, Max: 45, Diff: 33, Sum: 212]
      [Scan RS (ms): Min: 0.0, Avg: 0.0, Max: 0.1, Diff: 0.1, Sum: 0.2]
      [Code Root Scanning (ms): Min: 0.0, Avg: 0.0, Max: 0.0, Diff: 0.0, Sum: 0.0]
      [Object Copy (ms): Min: 3.8, Avg: 4.0, Max: 4.1, Diff: 0.2, Sum: 23.8]
      [Termination (ms): Min: 0.0, Avg: 0.0, Max: 0.0, Diff: 0.0, Sum: 0.0]
         [Termination Attempts: Min: 1, Avg: 6.8, Max: 12, Diff: 11, Sum: 41]
      [GC Worker Other (ms): Min: 0.0, Avg: 0.0, Max: 0.1, Diff: 0.0, Sum: 0.2]
      [GC Worker Total (ms): Min: 8.8, Avg: 8.9, Max: 9.0, Diff: 0.3, Sum: 53.4]
      [GC Worker End (ms): Min: 292050580.0, Avg: 292050580.0, Max: 292050580.0, Diff: 0.0]
   [Code Root Fixup: 0.0 ms]
   [Code Root Purge: 0.0 ms]
   [Clear CT: 0.6 ms]
   [Other: 9.9 ms]
      [Choose CSet: 0.0 ms]
      [Ref Proc: 9.4 ms]
      [Ref Enq: 0.1 ms]
      [Redirty Cards: 0.1 ms]
      [Humongous Register: 0.0 ms]
      [Humongous Reclaim: 0.0 ms]
      [Free CSet: 0.1 ms]
   [Eden: 7152.0M(7152.0M)->0.0B(5712.0M) Survivors: 16384.0K->16384.0K Heap: 10771.9M(14336.0M)->3626.6M(14336.0M)]
 [Times: user=0.08 sys=0.00, real=0.02 secs] 
2022-10-02T20:45:07.587-0600: 292122.667: [GC pause (G1 Evacuation Pause) (mixed), 0.0171856 secs]
   [Parallel Time: 8.8 ms, GC Workers: 6]
      [GC Worker Start (ms): Min: 292122667.3, Avg: 292122668.0, Max: 292122668.7, Diff: 1.5]
      [Ext Root Scanning (ms): Min: 0.2, Avg: 1.3, Max: 4.0, Diff: 3.8, Sum: 7.7]
      [Update RS (ms): Min: 0.0, Avg: 1.8, Max: 2.3, Diff: 2.3, Sum: 10.8]
         [Processed Buffers: Min: 0, Avg: 9.5, Max: 14, Diff: 14, Sum: 57]
      [Scan RS (ms): Min: 0.5, Avg: 0.6, Max: 0.6, Diff: 0.2, Sum: 3.3]
      [Code Root Scanning (ms): Min: 0.0, Avg: 0.0, Max: 0.0, Diff: 0.0, Sum: 0.0]
      [Object Copy (ms): Min: 4.1, Avg: 4.1, Max: 4.3, Diff: 0.2, Sum: 24.9]
      [Termination (ms): Min: 0.0, Avg: 0.0, Max: 0.0, Diff: 0.0, Sum: 0.0]
         [Termination Attempts: Min: 1, Avg: 1.0, Max: 1, Diff: 0, Sum: 6]
      [GC Worker Other (ms): Min: 0.0, Avg: 0.0, Max: 0.0, Diff: 0.0, Sum: 0.1]
      [GC Worker Total (ms): Min: 7.1, Avg: 7.8, Max: 8.5, Diff: 1.5, Sum: 46.9]
      [GC Worker End (ms): Min: 292122675.8, Avg: 292122675.8, Max: 292122675.9, Diff: 0.0]
   [Code Root Fixup: 0.0 ms]
   [Code Root Purge: 0.0 ms]
   [Clear CT: 1.0 ms]
   [Other: 7.4 ms]
      [Choose CSet: 0.0 ms]
      [Ref Proc: 7.1 ms]
      [Ref Enq: 0.1 ms]
      [Redirty Cards: 0.1 ms]
      [Humongous Register: 0.0 ms]
      [Humongous Reclaim: 0.0 ms]
      [Free CSet: 0.1 ms]
   [Eden: 5712.0M(5712.0M)->0.0B(7152.0M) Survivors: 16384.0K->16384.0K Heap: 9338.6M(14336.0M)->3625.4M(14336.0M)]
 [Times: user=0.07 sys=0.00, real=0.01 secs] 
2022-10-02T20:46:22.188-0600: 292197.268: [GC pause (G1 Evacuation Pause) (young), 0.0300280 secs]
   [Parallel Time: 15.4 ms, GC Workers: 6]
      [GC Worker Start (ms): Min: 292197267.7, Avg: 292197272.6, Max: 292197276.7, Diff: 9.0]
      [Ext Root Scanning (ms): Min: 0.0, Avg: 1.1, Max: 3.7, Diff: 3.7, Sum: 6.4]
      [Update RS (ms): Min: 1.6, Avg: 5.4, Max: 10.3, Diff: 8.7, Sum: 32.5]
         [Processed Buffers: Min: 6, Avg: 23.3, Max: 41, Diff: 35, Sum: 140]
      [Scan RS (ms): Min: 0.0, Avg: 0.0, Max: 0.1, Diff: 0.1, Sum: 0.2]
      [Code Root Scanning (ms): Min: 0.0, Avg: 0.0, Max: 0.0, Diff: 0.0, Sum: 0.0]
      [Object Copy (ms): Min: 0.0, Avg: 3.4, Max: 4.2, Diff: 4.2, Sum: 20.3]
      [Termination (ms): Min: 0.0, Avg: 0.6, Max: 0.8, Diff: 0.8, Sum: 3.5]
         [Termination Attempts: Min: 1, Avg: 29.2, Max: 53, Diff: 52, Sum: 175]
      [GC Worker Other (ms): Min: 0.0, Avg: 0.0, Max: 0.0, Diff: 0.0, Sum: 0.0]
      [GC Worker Total (ms): Min: 6.3, Avg: 10.5, Max: 15.3, Diff: 9.0, Sum: 62.9]
      [GC Worker End (ms): Min: 292197283.0, Avg: 292197283.1, Max: 292197283.1, Diff: 0.0]
   [Code Root Fixup: 0.0 ms]
   [Code Root Purge: 0.0 ms]
   [Clear CT: 0.6 ms]
   [Other: 14.0 ms]
      [Choose CSet: 0.0 ms]
      [Ref Proc: 13.6 ms]
      [Ref Enq: 0.1 ms]
      [Redirty Cards: 0.1 ms]
      [Humongous Register: 0.0 ms]
      [Humongous Reclaim: 0.0 ms]
      [Free CSet: 0.2 ms]
   [Eden: 7152.0M(7152.0M)->0.0B(7152.0M) Survivors: 16384.0K->16384.0K Heap: 10777.4M(14336.0M)->3634.3M(14336.0M)]
 [Times: user=0.10 sys=0.00, real=0.03 secs] 
2022-10-02T20:47:40.755-0600: 292275.835: [GC pause (G1 Evacuation Pause) (young) (initial-mark), 0.0326853 secs]
   [Parallel Time: 15.5 ms, GC Workers: 6]
      [GC Worker Start (ms): Min: 292275836.3, Avg: 292275837.1, Max: 292275838.6, Diff: 2.3]
      [Ext Root Scanning (ms): Min: 2.5, Avg: 6.3, Max: 10.5, Diff: 8.1, Sum: 37.6]
      [Update RS (ms): Min: 0.0, Avg: 1.6, Max: 2.7, Diff: 2.7, Sum: 9.7]
         [Processed Buffers: Min: 0, Avg: 9.5, Max: 27, Diff: 27, Sum: 57]
      [Scan RS (ms): Min: 0.0, Avg: 0.0, Max: 0.1, Diff: 0.1, Sum: 0.2]
      [Code Root Scanning (ms): Min: 0.0, Avg: 0.0, Max: 0.0, Diff: 0.0, Sum: 0.0]
      [Object Copy (ms): Min: 0.0, Avg: 3.7, Max: 4.7, Diff: 4.7, Sum: 22.1]
      [Termination (ms): Min: 0.0, Avg: 1.6, Max: 2.2, Diff: 2.1, Sum: 9.6]
         [Termination Attempts: Min: 1, Avg: 12.5, Max: 21, Diff: 20, Sum: 75]
      [GC Worker Other (ms): Min: 0.0, Avg: 0.0, Max: 0.0, Diff: 0.0, Sum: 0.0]
      [GC Worker Total (ms): Min: 11.7, Avg: 13.2, Max: 14.1, Diff: 2.4, Sum: 79.3]
      [GC Worker End (ms): Min: 292275850.3, Avg: 292275850.3, Max: 292275850.4, Diff: 0.1]
   [Code Root Fixup: 0.0 ms]
   [Code Root Purge: 0.0 ms]
   [Clear CT: 0.8 ms]
   [Other: 16.3 ms]
      [Choose CSet: 0.0 ms]
      [Ref Proc: 15.9 ms]
      [Ref Enq: 0.1 ms]
      [Redirty Cards: 0.1 ms]
      [Humongous Register: 0.0 ms]
      [Humongous Reclaim: 0.0 ms]
      [Free CSet: 0.1 ms]
   [Eden: 7152.0M(7152.0M)->0.0B(7152.0M) Survivors: 16384.0K->16384.0K Heap: 10786.3M(14336.0M)->3642.4M(14336.0M)]
 [Times: user=0.10 sys=0.00, real=0.03 secs] 
2022-10-02T20:47:40.788-0600: 292275.868: [GC concurrent-root-region-scan-start]
2022-10-02T20:47:40.796-0600: 292275.876: [GC concurrent-root-region-scan-end, 0.0079721 secs]
2022-10-02T20:47:40.796-0600: 292275.876: [GC concurrent-mark-start]
2022-10-02T20:47:42.177-0600: 292277.257: [GC concurrent-mark-end, 1.3812706 secs]
2022-10-02T20:47:42.177-0600: 292277.257: [GC remark 2022-10-02T20:47:42.177-0600: 292277.257: [Finalize Marking, 0.0018494 secs] 2022-10-02T20:47:42.179-0600: 292277.259: [GC ref-proc, 0.0248978 secs] 2022-10-02T20:47:42.204-0600: 292277.284: [Unloading, 0.0307435 secs], 0.0621010 secs]
 [Times: user=0.24 sys=0.00, real=0.06 secs] 
2022-10-02T20:47:42.240-0600: 292277.319: [GC cleanup 3788M->3788M(14336M), 0.0064930 secs]
 [Times: user=0.03 sys=0.00, real=0.01 secs] 
2022-10-02T20:49:07.690-0600: 292362.770: [GC pause (G1 Evacuation Pause) (young), 0.0202658 secs]
   [Parallel Time: 7.9 ms, GC Workers: 6]
      [GC Worker Start (ms): Min: 292362770.3, Avg: 292362770.3, Max: 292362770.4, Diff: 0.1]
      [Ext Root Scanning (ms): Min: 1.2, Avg: 1.9, Max: 3.6, Diff: 2.4, Sum: 11.3]
      [Update RS (ms): Min: 1.8, Avg: 3.6, Max: 5.3, Diff: 3.5, Sum: 21.6]
         [Processed Buffers: Min: 4, Avg: 13.8, Max: 21, Diff: 17, Sum: 83]
      [Scan RS (ms): Min: 0.0, Avg: 0.0, Max: 0.1, Diff: 0.1, Sum: 0.2]
      [Code Root Scanning (ms): Min: 0.0, Avg: 0.0, Max: 0.0, Diff: 0.0, Sum: 0.0]
      [Object Copy (ms): Min: 1.0, Avg: 2.2, Max: 4.1, Diff: 3.1, Sum: 13.0]
      [Termination (ms): Min: 0.0, Avg: 0.0, Max: 0.1, Diff: 0.0, Sum: 0.2]
         [Termination Attempts: Min: 18, Avg: 25.5, Max: 33, Diff: 15, Sum: 153]
      [GC Worker Other (ms): Min: 0.0, Avg: 0.0, Max: 0.0, Diff: 0.0, Sum: 0.1]
      [GC Worker Total (ms): Min: 7.7, Avg: 7.7, Max: 7.8, Diff: 0.1, Sum: 46.5]
      [GC Worker End (ms): Min: 292362778.0, Avg: 292362778.1, Max: 292362778.1, Diff: 0.0]
   [Code Root Fixup: 0.0 ms]
   [Code Root Purge: 0.0 ms]
   [Clear CT: 0.8 ms]
   [Other: 11.6 ms]
      [Choose CSet: 0.0 ms]
      [Ref Proc: 11.2 ms]
      [Ref Enq: 0.1 ms]
      [Redirty Cards: 0.1 ms]
      [Humongous Register: 0.0 ms]
      [Humongous Reclaim: 0.0 ms]
      [Free CSet: 0.2 ms]
   [Eden: 7152.0M(7152.0M)->0.0B(5712.0M) Survivors: 16384.0K->16384.0K Heap: 10794.4M(14336.0M)->3639.9M(14336.0M)]
 [Times: user=0.06 sys=0.00, real=0.02 secs] 
2022-10-02T20:50:13.492-0600: 292428.571: [GC pause (G1 Evacuation Pause) (mixed), 0.0253916 secs]
   [Parallel Time: 12.5 ms, GC Workers: 6]
      [GC Worker Start (ms): Min: 292428571.5, Avg: 292428574.2, Max: 292428576.8, Diff: 5.3]
      [Ext Root Scanning (ms): Min: 0.0, Avg: 1.2, Max: 3.3, Diff: 3.3, Sum: 7.4]
      [Update RS (ms): Min: 1.0, Avg: 2.2, Max: 3.6, Diff: 2.6, Sum: 13.2]
         [Processed Buffers: Min: 5, Avg: 11.0, Max: 19, Diff: 14, Sum: 66]
      [Scan RS (ms): Min: 0.6, Avg: 0.7, Max: 0.7, Diff: 0.1, Sum: 4.0]
      [Code Root Scanning (ms): Min: 0.0, Avg: 0.0, Max: 0.0, Diff: 0.0, Sum: 0.0]
      [Object Copy (ms): Min: 5.3, Avg: 5.4, Max: 5.7, Diff: 0.3, Sum: 32.6]
      [Termination (ms): Min: 0.0, Avg: 0.0, Max: 0.0, Diff: 0.0, Sum: 0.0]
         [Termination Attempts: Min: 1, Avg: 1.3, Max: 2, Diff: 1, Sum: 8]
      [GC Worker Other (ms): Min: 0.0, Avg: 0.0, Max: 0.0, Diff: 0.0, Sum: 0.1]
      [GC Worker Total (ms): Min: 7.1, Avg: 9.6, Max: 12.3, Diff: 5.3, Sum: 57.3]
      [GC Worker End (ms): Min: 292428583.8, Avg: 292428583.8, Max: 292428583.8, Diff: 0.0]
   [Code Root Fixup: 0.0 ms]
   [Code Root Purge: 0.0 ms]
   [Clear CT: 0.8 ms]
   [Other: 12.1 ms]
      [Choose CSet: 0.0 ms]
      [Ref Proc: 11.7 ms]
      [Ref Enq: 0.1 ms]
      [Redirty Cards: 0.1 ms]
      [Humongous Register: 0.0 ms]
      [Humongous Reclaim: 0.0 ms]
      [Free CSet: 0.1 ms]
   [Eden: 5712.0M(5712.0M)->0.0B(7152.0M) Survivors: 16384.0K->16384.0K Heap: 9351.9M(14336.0M)->3627.6M(14336.0M)]
 [Times: user=0.08 sys=0.00, real=0.03 secs] 
2022-10-02T20:51:34.890-0600: 292509.970: [GC pause (G1 Evacuation Pause) (young), 0.0221209 secs]
   [Parallel Time: 14.9 ms, GC Workers: 6]
      [GC Worker Start (ms): Min: 292509970.3, Avg: 292509975.5, Max: 292509980.7, Diff: 10.5]
      [Ext Root Scanning (ms): Min: 0.0, Avg: 1.1, Max: 3.9, Diff: 3.9, Sum: 6.9]
      [Update RS (ms): Min: 0.3, Avg: 4.9, Max: 10.6, Diff: 10.3, Sum: 29.6]
         [Processed Buffers: Min: 1, Avg: 19.0, Max: 29, Diff: 28, Sum: 114]
      [Scan RS (ms): Min: 0.0, Avg: 0.0, Max: 0.1, Diff: 0.1, Sum: 0.2]
      [Code Root Scanning (ms): Min: 0.0, Avg: 0.0, Max: 0.0, Diff: 0.0, Sum: 0.0]
      [Object Copy (ms): Min: 0.1, Avg: 3.1, Max: 4.0, Diff: 3.9, Sum: 18.8]
      [Termination (ms): Min: 0.0, Avg: 0.2, Max: 0.4, Diff: 0.4, Sum: 1.4]
         [Termination Attempts: Min: 1, Avg: 18.8, Max: 30, Diff: 29, Sum: 113]
      [GC Worker Other (ms): Min: 0.0, Avg: 0.0, Max: 0.0, Diff: 0.0, Sum: 0.0]
      [GC Worker Total (ms): Min: 4.3, Avg: 9.5, Max: 14.7, Diff: 10.4, Sum: 56.9]
      [GC Worker End (ms): Min: 292509984.9, Avg: 292509985.0, Max: 292509985.1, Diff: 0.2]
   [Code Root Fixup: 0.0 ms]
   [Code Root Purge: 0.0 ms]
   [Clear CT: 0.7 ms]
   [Other: 6.5 ms]
      [Choose CSet: 0.0 ms]
      [Ref Proc: 6.0 ms]
      [Ref Enq: 0.1 ms]
      [Redirty Cards: 0.1 ms]
      [Humongous Register: 0.0 ms]
      [Humongous Reclaim: 0.0 ms]
      [Free CSet: 0.2 ms]
   [Eden: 7152.0M(7152.0M)->0.0B(7136.0M) Survivors: 16384.0K->32768.0K Heap: 10779.6M(14336.0M)->3647.9M(14336.0M)]
 [Times: user=0.07 sys=0.00, real=0.02 secs] 
2022-10-02T20:52:52.542-0600: 292587.622: [GC pause (G1 Evacuation Pause) (young) (initial-mark), 0.0243053 secs]
   [Parallel Time: 14.5 ms, GC Workers: 6]
      [GC Worker Start (ms): Min: 292587623.4, Avg: 292587625.6, Max: 292587627.0, Diff: 3.6]
      [Ext Root Scanning (ms): Min: 2.7, Avg: 4.8, Max: 7.5, Diff: 4.8, Sum: 28.9]
      [Update RS (ms): Min: 0.0, Avg: 3.4, Max: 4.2, Diff: 4.2, Sum: 20.5]
         [Processed Buffers: Min: 0, Avg: 14.8, Max: 20, Diff: 20, Sum: 89]
      [Scan RS (ms): Min: 0.0, Avg: 0.0, Max: 0.1, Diff: 0.1, Sum: 0.3]
      [Code Root Scanning (ms): Min: 0.0, Avg: 0.0, Max: 0.0, Diff: 0.0, Sum: 0.0]
      [Object Copy (ms): Min: 1.9, Avg: 2.5, Max: 2.8, Diff: 0.9, Sum: 14.8]
      [Termination (ms): Min: 0.0, Avg: 0.0, Max: 0.0, Diff: 0.0, Sum: 0.0]
         [Termination Attempts: Min: 1, Avg: 8.2, Max: 13, Diff: 12, Sum: 49]
      [GC Worker Other (ms): Min: 0.0, Avg: 0.0, Max: 0.1, Diff: 0.1, Sum: 0.2]
      [GC Worker Total (ms): Min: 9.4, Avg: 10.8, Max: 13.0, Diff: 3.5, Sum: 64.7]
      [GC Worker End (ms): Min: 292587636.4, Avg: 292587636.4, Max: 292587636.4, Diff: 0.1]
   [Code Root Fixup: 0.0 ms]
   [Code Root Purge: 0.0 ms]
   [Clear CT: 0.8 ms]
   [Other: 9.1 ms]
      [Choose CSet: 0.0 ms]
      [Ref Proc: 8.6 ms]
      [Ref Enq: 0.1 ms]
      [Redirty Cards: 0.1 ms]
      [Humongous Register: 0.0 ms]
      [Humongous Reclaim: 0.0 ms]
      [Free CSet: 0.1 ms]
   [Eden: 7136.0M(7136.0M)->0.0B(7152.0M) Survivors: 32768.0K->16384.0K Heap: 10783.9M(14336.0M)->3645.6M(14336.0M)]
 [Times: user=0.09 sys=0.00, real=0.03 secs] 
2022-10-02T20:52:52.566-0600: 292587.646: [GC concurrent-root-region-scan-start]
2022-10-02T20:52:52.575-0600: 292587.655: [GC concurrent-root-region-scan-end, 0.0087864 secs]
2022-10-02T20:52:52.575-0600: 292587.655: [GC concurrent-mark-start]
2022-10-02T20:52:53.939-0600: 292589.019: [GC concurrent-mark-end, 1.3637584 secs]
2022-10-02T20:52:53.939-0600: 292589.019: [GC remark 2022-10-02T20:52:53.939-0600: 292589.019: [Finalize Marking, 0.0019358 secs] 2022-10-02T20:52:53.941-0600: 292589.021: [GC ref-proc, 0.0212459 secs] 2022-10-02T20:52:53.962-0600: 292589.042: [Unloading, 0.0304560 secs], 0.0589254 secs]
 [Times: user=0.22 sys=0.00, real=0.06 secs] 
2022-10-02T20:52:53.998-0600: 292589.078: [GC cleanup 3757M->3757M(14336M), 0.0094629 secs]
 [Times: user=0.03 sys=0.00, real=0.01 secs] 
2022-10-02T20:54:16.438-0600: 292671.518: [GC pause (G1 Evacuation Pause) (young), 0.0210195 secs]
   [Parallel Time: 11.6 ms, GC Workers: 6]
      [GC Worker Start (ms): Min: 292671517.6, Avg: 292671520.4, Max: 292671524.7, Diff: 7.1]
      [Ext Root Scanning (ms): Min: 0.0, Avg: 3.2, Max: 11.5, Diff: 11.5, Sum: 19.3]
      [Update RS (ms): Min: 0.0, Avg: 2.4, Max: 4.4, Diff: 4.4, Sum: 14.6]
         [Processed Buffers: Min: 0, Avg: 12.8, Max: 23, Diff: 23, Sum: 77]
      [Scan RS (ms): Min: 0.0, Avg: 0.0, Max: 0.1, Diff: 0.1, Sum: 0.2]
      [Code Root Scanning (ms): Min: 0.0, Avg: 0.0, Max: 0.0, Diff: 0.0, Sum: 0.0]
      [Object Copy (ms): Min: 0.0, Avg: 2.5, Max: 3.2, Diff: 3.2, Sum: 15.1]
      [Termination (ms): Min: 0.0, Avg: 0.5, Max: 0.7, Diff: 0.7, Sum: 3.1]
         [Termination Attempts: Min: 1, Avg: 19.0, Max: 24, Diff: 23, Sum: 114]
      [GC Worker Other (ms): Min: 0.0, Avg: 0.0, Max: 0.0, Diff: 0.0, Sum: 0.0]
      [GC Worker Total (ms): Min: 4.4, Avg: 8.7, Max: 11.5, Diff: 7.1, Sum: 52.4]
      [GC Worker End (ms): Min: 292671529.1, Avg: 292671529.1, Max: 292671529.1, Diff: 0.0]
   [Code Root Fixup: 0.0 ms]
   [Code Root Purge: 0.0 ms]
   [Clear CT: 0.5 ms]
   [Other: 8.9 ms]
      [Choose CSet: 0.0 ms]
      [Ref Proc: 8.4 ms]
      [Ref Enq: 0.1 ms]
      [Redirty Cards: 0.1 ms]
      [Humongous Register: 0.0 ms]
      [Humongous Reclaim: 0.0 ms]
      [Free CSet: 0.2 ms]
   [Eden: 7152.0M(7152.0M)->0.0B(5712.0M) Survivors: 16384.0K->16384.0K Heap: 10797.6M(14336.0M)->3647.6M(14336.0M)]
 [Times: user=0.07 sys=0.00, real=0.02 secs] 
2022-10-02T20:55:24.887-0600: 292739.966: [GC pause (G1 Evacuation Pause) (mixed), 0.0199022 secs]
   [Parallel Time: 14.4 ms, GC Workers: 6]
      [GC Worker Start (ms): Min: 292739966.5, Avg: 292739969.0, Max: 292739976.7, Diff: 10.2]
      [Ext Root Scanning (ms): Min: 0.0, Avg: 1.3, Max: 4.0, Diff: 3.9, Sum: 7.9]
      [Update RS (ms): Min: 0.0, Avg: 2.6, Max: 3.5, Diff: 3.5, Sum: 15.4]
         [Processed Buffers: Min: 0, Avg: 13.8, Max: 22, Diff: 22, Sum: 83]
      [Scan RS (ms): Min: 0.0, Avg: 1.1, Max: 1.4, Diff: 1.4, Sum: 6.7]
      [Code Root Scanning (ms): Min: 0.0, Avg: 0.0, Max: 0.0, Diff: 0.0, Sum: 0.0]
      [Object Copy (ms): Min: 3.7, Avg: 6.5, Max: 7.5, Diff: 3.8, Sum: 38.9]
      [Termination (ms): Min: 0.0, Avg: 0.3, Max: 0.4, Diff: 0.4, Sum: 2.0]
         [Termination Attempts: Min: 1, Avg: 7.0, Max: 14, Diff: 13, Sum: 42]
      [GC Worker Other (ms): Min: 0.0, Avg: 0.0, Max: 0.0, Diff: 0.0, Sum: 0.0]
      [GC Worker Total (ms): Min: 4.1, Avg: 11.8, Max: 14.4, Diff: 10.2, Sum: 71.0]
      [GC Worker End (ms): Min: 292739980.7, Avg: 292739980.8, Max: 292739980.8, Diff: 0.1]
   [Code Root Fixup: 0.0 ms]
   [Code Root Purge: 0.0 ms]
   [Clear CT: 0.6 ms]
   [Other: 4.9 ms]
      [Choose CSet: 0.0 ms]
      [Ref Proc: 4.4 ms]
      [Ref Enq: 0.1 ms]
      [Redirty Cards: 0.1 ms]
      [Humongous Register: 0.0 ms]
      [Humongous Reclaim: 0.0 ms]
      [Free CSet: 0.1 ms]
   [Eden: 5712.0M(5712.0M)->0.0B(7152.0M) Survivors: 16384.0K->16384.0K Heap: 9359.6M(14336.0M)->3619.0M(14336.0M)]
 [Times: user=0.09 sys=0.00, real=0.02 secs] 
2022-10-02T20:56:52.095-0600: 292827.174: [GC pause (G1 Evacuation Pause) (young), 0.0208560 secs]
   [Parallel Time: 10.7 ms, GC Workers: 6]
      [GC Worker Start (ms): Min: 292827174.5, Avg: 292827175.3, Max: 292827176.7, Diff: 2.2]
      [Ext Root Scanning (ms): Min: 0.0, Avg: 1.4, Max: 3.4, Diff: 3.4, Sum: 8.5]
      [Update RS (ms): Min: 5.2, Avg: 6.5, Max: 7.0, Diff: 1.8, Sum: 38.8]
         [Processed Buffers: Min: 21, Avg: 27.8, Max: 33, Diff: 12, Sum: 167]
      [Scan RS (ms): Min: 0.0, Avg: 0.0, Max: 0.1, Diff: 0.1, Sum: 0.2]
      [Code Root Scanning (ms): Min: 0.0, Avg: 0.0, Max: 0.0, Diff: 0.0, Sum: 0.0]
      [Object Copy (ms): Min: 1.8, Avg: 1.9, Max: 2.0, Diff: 0.2, Sum: 11.2]
      [Termination (ms): Min: 0.0, Avg: 0.0, Max: 0.0, Diff: 0.0, Sum: 0.0]
         [Termination Attempts: Min: 1, Avg: 4.7, Max: 8, Diff: 7, Sum: 28]
      [GC Worker Other (ms): Min: 0.0, Avg: 0.0, Max: 0.0, Diff: 0.0, Sum: 0.1]
      [GC Worker Total (ms): Min: 8.4, Avg: 9.8, Max: 10.6, Diff: 2.2, Sum: 58.8]
      [GC Worker End (ms): Min: 292827185.1, Avg: 292827185.1, Max: 292827185.1, Diff: 0.0]
   [Code Root Fixup: 0.0 ms]
   [Code Root Purge: 0.0 ms]
   [Clear CT: 1.0 ms]
   [Other: 9.2 ms]
      [Choose CSet: 0.0 ms]
      [Ref Proc: 8.8 ms]
      [Ref Enq: 0.1 ms]
      [Redirty Cards: 0.1 ms]
      [Humongous Register: 0.0 ms]
      [Humongous Reclaim: 0.0 ms]
      [Free CSet: 0.2 ms]
   [Eden: 7152.0M(7152.0M)->0.0B(7152.0M) Survivors: 16384.0K->16384.0K Heap: 10771.0M(14336.0M)->3634.6M(14336.0M)]
 [Times: user=0.08 sys=0.00, real=0.02 secs] 
2022-10-02T20:58:19.392-0600: 292914.471: [GC pause (G1 Evacuation Pause) (young) (initial-mark), 0.0257519 secs]
   [Parallel Time: 15.0 ms, GC Workers: 6]
      [GC Worker Start (ms): Min: 292914472.9, Avg: 292914476.4, Max: 292914477.6, Diff: 4.7]
      [Ext Root Scanning (ms): Min: 2.4, Avg: 5.1, Max: 13.3, Diff: 10.9, Sum: 30.7]
      [Update RS (ms): Min: 0.0, Avg: 2.1, Max: 3.3, Diff: 3.3, Sum: 12.9]
         [Processed Buffers: Min: 0, Avg: 10.3, Max: 24, Diff: 24, Sum: 62]
      [Scan RS (ms): Min: 0.0, Avg: 0.0, Max: 0.1, Diff: 0.1, Sum: 0.2]
      [Code Root Scanning (ms): Min: 0.0, Avg: 0.0, Max: 0.0, Diff: 0.0, Sum: 0.0]
      [Object Copy (ms): Min: 0.1, Avg: 2.0, Max: 2.4, Diff: 2.4, Sum: 11.8]
      [Termination (ms): Min: 0.0, Avg: 0.7, Max: 0.9, Diff: 0.9, Sum: 4.0]
         [Termination Attempts: Min: 1, Avg: 5.2, Max: 10, Diff: 9, Sum: 31]
      [GC Worker Other (ms): Min: 0.0, Avg: 0.0, Max: 0.0, Diff: 0.0, Sum: 0.1]
      [GC Worker Total (ms): Min: 8.7, Avg: 9.9, Max: 13.4, Diff: 4.7, Sum: 59.6]
      [GC Worker End (ms): Min: 292914486.3, Avg: 292914486.3, Max: 292914486.4, Diff: 0.2]
   [Code Root Fixup: 0.0 ms]
   [Code Root Purge: 0.0 ms]
   [Clear CT: 0.8 ms]
   [Other: 9.9 ms]
      [Choose CSet: 0.0 ms]
      [Ref Proc: 9.5 ms]
      [Ref Enq: 0.1 ms]
      [Redirty Cards: 0.1 ms]
      [Humongous Register: 0.0 ms]
      [Humongous Reclaim: 0.0 ms]
      [Free CSet: 0.1 ms]
   [Eden: 7152.0M(7152.0M)->0.0B(7152.0M) Survivors: 16384.0K->16384.0K Heap: 10786.6M(14336.0M)->3640.1M(14336.0M)]
 [Times: user=0.07 sys=0.00, real=0.03 secs] 
2022-10-02T20:58:19.417-0600: 292914.497: [GC concurrent-root-region-scan-start]
2022-10-02T20:58:19.425-0600: 292914.504: [GC concurrent-root-region-scan-end, 0.0071913 secs]
2022-10-02T20:58:19.425-0600: 292914.504: [GC concurrent-mark-start]
2022-10-02T20:58:20.789-0600: 292915.869: [GC concurrent-mark-end, 1.3645210 secs]
2022-10-02T20:58:20.789-0600: 292915.869: [GC remark 2022-10-02T20:58:20.789-0600: 292915.869: [Finalize Marking, 0.0022829 secs] 2022-10-02T20:58:20.792-0600: 292915.871: [GC ref-proc, 0.0322167 secs] 2022-10-02T20:58:20.824-0600: 292915.904: [Unloading, 0.0321015 secs], 0.0713664 secs]
 [Times: user=0.24 sys=0.00, real=0.07 secs] 
2022-10-02T20:58:20.861-0600: 292915.941: [GC cleanup 3770M->3770M(14336M), 0.0086386 secs]
 [Times: user=0.02 sys=0.00, real=0.01 secs] 
2022-10-02T20:59:41.175-0600: 292996.255: [GC pause (G1 Evacuation Pause) (young), 0.0546481 secs]
   [Parallel Time: 31.2 ms, GC Workers: 6]
      [GC Worker Start (ms): Min: 292996254.9, Avg: 292996259.4, Max: 292996264.7, Diff: 9.8]
      [Ext Root Scanning (ms): Min: 0.0, Avg: 1.2, Max: 3.6, Diff: 3.6, Sum: 7.2]
      [Update RS (ms): Min: 0.0, Avg: 3.9, Max: 6.8, Diff: 6.8, Sum: 23.6]
         [Processed Buffers: Min: 0, Avg: 16.2, Max: 31, Diff: 31, Sum: 97]
      [Scan RS (ms): Min: 0.0, Avg: 0.0, Max: 0.1, Diff: 0.1, Sum: 0.2]
      [Code Root Scanning (ms): Min: 0.0, Avg: 0.0, Max: 0.0, Diff: 0.0, Sum: 0.0]
      [Object Copy (ms): Min: 21.3, Avg: 21.5, Max: 21.7, Diff: 0.4, Sum: 128.8]
      [Termination (ms): Min: 0.0, Avg: 0.0, Max: 0.0, Diff: 0.0, Sum: 0.0]
         [Termination Attempts: Min: 1, Avg: 1.3, Max: 2, Diff: 1, Sum: 8]
      [GC Worker Other (ms): Min: 0.0, Avg: 0.0, Max: 0.0, Diff: 0.0, Sum: 0.1]
      [GC Worker Total (ms): Min: 21.4, Avg: 26.7, Max: 31.2, Diff: 9.8, Sum: 159.9]
      [GC Worker End (ms): Min: 292996286.1, Avg: 292996286.1, Max: 292996286.1, Diff: 0.0]
   [Code Root Fixup: 0.0 ms]
   [Code Root Purge: 0.0 ms]
   [Clear CT: 0.8 ms]
   [Other: 22.6 ms]
      [Choose CSet: 0.0 ms]
      [Ref Proc: 22.1 ms]
      [Ref Enq: 0.1 ms]
      [Redirty Cards: 0.1 ms]
      [Humongous Register: 0.0 ms]
      [Humongous Reclaim: 0.0 ms]
      [Free CSet: 0.1 ms]
   [Eden: 7152.0M(7152.0M)->0.0B(5600.0M) Survivors: 16384.0K->128.0M Heap: 10792.1M(14336.0M)->3747.8M(14336.0M)]
 [Times: user=0.21 sys=0.00, real=0.05 secs] 
2022-10-02T21:00:27.431-0600: 293042.511: [GC pause (G1 Evacuation Pause) (mixed), 0.0835729 secs]
   [Parallel Time: 71.8 ms, GC Workers: 6]
      [GC Worker Start (ms): Min: 293042510.8, Avg: 293042516.5, Max: 293042520.7, Diff: 9.9]
      [Ext Root Scanning (ms): Min: 0.0, Avg: 1.3, Max: 4.0, Diff: 4.0, Sum: 7.7]
      [Update RS (ms): Min: 2.5, Avg: 5.6, Max: 10.1, Diff: 7.6, Sum: 33.7]
         [Processed Buffers: Min: 11, Avg: 20.5, Max: 29, Diff: 18, Sum: 123]
      [Scan RS (ms): Min: 0.0, Avg: 1.0, Max: 1.3, Diff: 1.3, Sum: 6.1]
      [Code Root Scanning (ms): Min: 0.0, Avg: 0.0, Max: 0.0, Diff: 0.0, Sum: 0.0]
      [Object Copy (ms): Min: 57.8, Avg: 57.9, Max: 58.0, Diff: 0.3, Sum: 347.2]
      [Termination (ms): Min: 0.0, Avg: 0.1, Max: 0.2, Diff: 0.2, Sum: 0.6]
         [Termination Attempts: Min: 1, Avg: 204.8, Max: 291, Diff: 290, Sum: 1229]
      [GC Worker Other (ms): Min: 0.0, Avg: 0.0, Max: 0.0, Diff: 0.0, Sum: 0.1]
      [GC Worker Total (ms): Min: 61.7, Avg: 65.9, Max: 71.7, Diff: 10.0, Sum: 395.5]
      [GC Worker End (ms): Min: 293042582.4, Avg: 293042582.4, Max: 293042582.5, Diff: 0.0]
   [Code Root Fixup: 0.0 ms]
   [Code Root Purge: 0.0 ms]
   [Clear CT: 0.7 ms]
   [Other: 11.0 ms]
      [Choose CSet: 0.0 ms]
      [Ref Proc: 10.5 ms]
      [Ref Enq: 0.1 ms]
      [Redirty Cards: 0.2 ms]
      [Humongous Register: 0.0 ms]
      [Humongous Reclaim: 0.0 ms]
      [Free CSet: 0.1 ms]
   [Eden: 5600.0M(5600.0M)->0.0B(6976.0M) Survivors: 128.0M->192.0M Heap: 9347.8M(14336.0M)->3924.2M(14336.0M)]
 [Times: user=0.42 sys=0.00, real=0.09 secs] 
2022-10-02T21:02:52.134-0600: 293187.214: [GC pause (G1 Evacuation Pause) (young), 0.0811577 secs]
   [Parallel Time: 68.2 ms, GC Workers: 6]
      [GC Worker Start (ms): Min: 293187213.9, Avg: 293187216.7, Max: 293187220.7, Diff: 6.8]
      [Ext Root Scanning (ms): Min: 0.0, Avg: 1.2, Max: 3.5, Diff: 3.5, Sum: 7.2]
      [Update RS (ms): Min: 15.7, Avg: 18.4, Max: 20.3, Diff: 4.5, Sum: 110.4]
         [Processed Buffers: Min: 28, Avg: 74.8, Max: 116, Diff: 88, Sum: 449]
      [Scan RS (ms): Min: 1.7, Avg: 2.1, Max: 2.2, Diff: 0.5, Sum: 12.3]
      [Code Root Scanning (ms): Min: 0.0, Avg: 0.0, Max: 0.0, Diff: 0.0, Sum: 0.0]
      [Object Copy (ms): Min: 43.4, Avg: 43.5, Max: 43.7, Diff: 0.3, Sum: 260.8]
      [Termination (ms): Min: 0.0, Avg: 0.0, Max: 0.0, Diff: 0.0, Sum: 0.1]
         [Termination Attempts: Min: 1, Avg: 16.2, Max: 32, Diff: 31, Sum: 97]
      [GC Worker Other (ms): Min: 0.0, Avg: 0.0, Max: 0.1, Diff: 0.0, Sum: 0.1]
      [GC Worker Total (ms): Min: 61.1, Avg: 65.2, Max: 67.9, Diff: 6.8, Sum: 391.0]
      [GC Worker End (ms): Min: 293187281.8, Avg: 293187281.8, Max: 293187281.8, Diff: 0.0]
   [Code Root Fixup: 0.0 ms]
   [Code Root Purge: 0.0 ms]
   [Clear CT: 0.8 ms]
   [Other: 12.1 ms]
      [Choose CSet: 0.0 ms]
      [Ref Proc: 11.4 ms]
      [Ref Enq: 0.1 ms]
      [Redirty Cards: 0.3 ms]
      [Humongous Register: 0.0 ms]
      [Humongous Reclaim: 0.0 ms]
      [Free CSet: 0.2 ms]
   [Eden: 6976.0M(6976.0M)->0.0B(6944.0M) Survivors: 192.0M->224.0M Heap: 10900.2M(14336.0M)->4032.0M(14336.0M)]
 [Times: user=0.41 sys=0.00, real=0.08 secs] 
2022-10-02T21:04:02.541-0600: 293257.621: [GC pause (G1 Evacuation Pause) (young) (initial-mark), 0.0969866 secs]
   [Parallel Time: 84.7 ms, GC Workers: 6]
      [GC Worker Start (ms): Min: 293257622.5, Avg: 293257623.9, Max: 293257625.3, Diff: 2.8]
      [Ext Root Scanning (ms): Min: 2.3, Avg: 10.3, Max: 21.0, Diff: 18.6, Sum: 61.9]
      [Update RS (ms): Min: 7.6, Avg: 19.5, Max: 26.3, Diff: 18.7, Sum: 117.2]
         [Processed Buffers: Min: 15, Avg: 55.7, Max: 90, Diff: 75, Sum: 334]
      [Scan RS (ms): Min: 1.3, Avg: 1.4, Max: 1.4, Diff: 0.2, Sum: 8.2]
      [Code Root Scanning (ms): Min: 0.0, Avg: 0.0, Max: 0.0, Diff: 0.0, Sum: 0.0]
      [Object Copy (ms): Min: 50.4, Avg: 50.5, Max: 50.6, Diff: 0.3, Sum: 302.8]
      [Termination (ms): Min: 0.0, Avg: 0.0, Max: 0.1, Diff: 0.1, Sum: 0.3]
         [Termination Attempts: Min: 1, Avg: 91.0, Max: 151, Diff: 150, Sum: 546]
      [GC Worker Other (ms): Min: 0.0, Avg: 0.0, Max: 0.1, Diff: 0.0, Sum: 0.1]
      [GC Worker Total (ms): Min: 80.4, Avg: 81.8, Max: 83.2, Diff: 2.8, Sum: 490.7]
      [GC Worker End (ms): Min: 293257705.7, Avg: 293257705.7, Max: 293257705.7, Diff: 0.0]
   [Code Root Fixup: 0.0 ms]
   [Code Root Purge: 0.0 ms]
   [Clear CT: 0.8 ms]
   [Other: 11.4 ms]
      [Choose CSet: 0.0 ms]
      [Ref Proc: 10.7 ms]
      [Ref Enq: 0.1 ms]
      [Redirty Cards: 0.3 ms]
      [Humongous Register: 0.0 ms]
      [Humongous Reclaim: 0.0 ms]
      [Free CSet: 0.1 ms]
   [Eden: 6944.0M(6944.0M)->0.0B(6944.0M) Survivors: 224.0M->224.0M Heap: 10976.0M(14336.0M)->4227.8M(14336.0M)]
 [Times: user=0.47 sys=0.00, real=0.10 secs] 
2022-10-02T21:04:02.638-0600: 293257.718: [GC concurrent-root-region-scan-start]
2022-10-02T21:04:02.680-0600: 293257.760: [GC concurrent-root-region-scan-end, 0.0420050 secs]
2022-10-02T21:04:02.680-0600: 293257.760: [GC concurrent-mark-start]
2022-10-02T21:04:04.014-0600: 293259.094: [GC concurrent-mark-end, 1.3342161 secs]
2022-10-02T21:04:04.015-0600: 293259.094: [GC remark 2022-10-02T21:04:04.015-0600: 293259.094: [Finalize Marking, 0.0012108 secs] 2022-10-02T21:04:04.016-0600: 293259.096: [GC ref-proc, 0.0297032 secs] 2022-10-02T21:04:04.046-0600: 293259.125: [Unloading, 0.0320850 secs], 0.0704960 secs]
 [Times: user=0.23 sys=0.00, real=0.07 secs] 
2022-10-02T21:04:04.085-0600: 293259.165: [GC cleanup 4395M->4379M(14336M), 0.0136015 secs]
 [Times: user=0.02 sys=0.00, real=0.01 secs] 
2022-10-02T21:04:04.099-0600: 293259.179: [GC concurrent-cleanup-start]
2022-10-02T21:04:04.099-0600: 293259.179: [GC concurrent-cleanup-end, 0.0000135 secs]
2022-10-02T21:05:41.540-0600: 293356.620: [GC pause (G1 Evacuation Pause) (young), 0.0897733 secs]
   [Parallel Time: 75.3 ms, GC Workers: 6]
      [GC Worker Start (ms): Min: 293356620.0, Avg: 293356627.4, Max: 293356636.7, Diff: 16.7]
      [Ext Root Scanning (ms): Min: 0.0, Avg: 1.1, Max: 3.4, Diff: 3.4, Sum: 6.8]
      [Update RS (ms): Min: 30.4, Avg: 38.5, Max: 44.8, Diff: 14.5, Sum: 231.0]
         [Processed Buffers: Min: 36, Avg: 51.0, Max: 67, Diff: 31, Sum: 306]
      [Scan RS (ms): Min: 0.7, Avg: 0.9, Max: 1.0, Diff: 0.3, Sum: 5.3]
      [Code Root Scanning (ms): Min: 0.0, Avg: 0.0, Max: 0.0, Diff: 0.0, Sum: 0.0]
      [Object Copy (ms): Min: 27.3, Avg: 27.4, Max: 27.5, Diff: 0.2, Sum: 164.2]
      [Termination (ms): Min: 0.0, Avg: 0.0, Max: 0.0, Diff: 0.0, Sum: 0.0]
         [Termination Attempts: Min: 1, Avg: 10.0, Max: 17, Diff: 16, Sum: 60]
      [GC Worker Other (ms): Min: 0.0, Avg: 0.0, Max: 0.0, Diff: 0.0, Sum: 0.1]
      [GC Worker Total (ms): Min: 58.6, Avg: 67.9, Max: 75.3, Diff: 16.7, Sum: 407.3]
      [GC Worker End (ms): Min: 293356695.3, Avg: 293356695.3, Max: 293356695.3, Diff: 0.0]
   [Code Root Fixup: 0.0 ms]
   [Code Root Purge: 0.0 ms]
   [Clear CT: 1.2 ms]
   [Other: 13.3 ms]
      [Choose CSet: 0.0 ms]
      [Ref Proc: 12.8 ms]
      [Ref Enq: 0.1 ms]
      [Redirty Cards: 0.2 ms]
      [Humongous Register: 0.0 ms]
      [Humongous Reclaim: 0.0 ms]
      [Free CSet: 0.1 ms]
   [Eden: 6944.0M(6944.0M)->0.0B(5632.0M) Survivors: 224.0M->98304.0K Heap: 11155.8M(14336.0M)->4272.0M(14336.0M)]
 [Times: user=0.43 sys=0.00, real=0.09 secs] 
2022-10-02T21:07:04.188-0600: 293439.268: [GC pause (G1 Evacuation Pause) (mixed), 0.0618274 secs]
   [Parallel Time: 46.7 ms, GC Workers: 6]
      [GC Worker Start (ms): Min: 293439267.8, Avg: 293439271.5, Max: 293439275.9, Diff: 8.1]
      [Ext Root Scanning (ms): Min: 0.0, Avg: 1.2, Max: 3.4, Diff: 3.4, Sum: 7.1]
      [Update RS (ms): Min: 24.6, Avg: 27.9, Max: 30.5, Diff: 5.9, Sum: 167.2]
         [Processed Buffers: Min: 49, Avg: 63.0, Max: 76, Diff: 27, Sum: 378]
      [Scan RS (ms): Min: 3.0, Avg: 3.5, Max: 4.5, Diff: 1.5, Sum: 20.7]
      [Code Root Scanning (ms): Min: 0.0, Avg: 0.0, Max: 0.1, Diff: 0.1, Sum: 0.2]
      [Object Copy (ms): Min: 9.3, Avg: 10.4, Max: 10.9, Diff: 1.6, Sum: 62.2]
      [Termination (ms): Min: 0.0, Avg: 0.0, Max: 0.0, Diff: 0.0, Sum: 0.0]
         [Termination Attempts: Min: 1, Avg: 1.2, Max: 2, Diff: 1, Sum: 7]
      [GC Worker Other (ms): Min: 0.0, Avg: 0.0, Max: 0.1, Diff: 0.1, Sum: 0.2]
      [GC Worker Total (ms): Min: 38.5, Avg: 42.9, Max: 46.6, Diff: 8.1, Sum: 257.5]
      [GC Worker End (ms): Min: 293439314.4, Avg: 293439314.4, Max: 293439314.4, Diff: 0.1]
   [Code Root Fixup: 0.0 ms]
   [Code Root Purge: 0.0 ms]
   [Clear CT: 0.9 ms]
   [Other: 14.1 ms]
      [Choose CSet: 0.1 ms]
      [Ref Proc: 13.3 ms]
      [Ref Enq: 0.1 ms]
      [Redirty Cards: 0.2 ms]
      [Humongous Register: 0.0 ms]
      [Humongous Reclaim: 0.0 ms]
      [Free CSet: 0.3 ms]
   [Eden: 5632.0M(5632.0M)->0.0B(7072.0M) Survivors: 98304.0K->98304.0K Heap: 9904.0M(14336.0M)->3829.0M(14336.0M)]
 [Times: user=0.28 sys=0.00, real=0.06 secs] 
2022-10-02T21:08:47.091-0600: 293542.170: [GC pause (G1 Evacuation Pause) (young), 0.0347239 secs]
   [Parallel Time: 21.5 ms, GC Workers: 6]
      [GC Worker Start (ms): Min: 293542170.5, Avg: 293542170.5, Max: 293542170.7, Diff: 0.2]
      [Ext Root Scanning (ms): Min: 1.1, Avg: 1.9, Max: 3.6, Diff: 2.5, Sum: 11.4]
      [Update RS (ms): Min: 3.3, Avg: 4.9, Max: 5.7, Diff: 2.4, Sum: 29.6]
         [Processed Buffers: Min: 35, Avg: 51.5, Max: 67, Diff: 32, Sum: 309]
      [Scan RS (ms): Min: 7.5, Avg: 7.6, Max: 7.7, Diff: 0.3, Sum: 45.6]
      [Code Root Scanning (ms): Min: 0.0, Avg: 0.0, Max: 0.0, Diff: 0.0, Sum: 0.0]
      [Object Copy (ms): Min: 6.6, Avg: 6.7, Max: 6.8, Diff: 0.2, Sum: 40.1]
      [Termination (ms): Min: 0.0, Avg: 0.0, Max: 0.1, Diff: 0.1, Sum: 0.3]
         [Termination Attempts: Min: 1, Avg: 83.8, Max: 129, Diff: 128, Sum: 503]
      [GC Worker Other (ms): Min: 0.0, Avg: 0.1, Max: 0.2, Diff: 0.2, Sum: 0.4]
      [GC Worker Total (ms): Min: 21.1, Avg: 21.2, Max: 21.3, Diff: 0.1, Sum: 127.3]
      [GC Worker End (ms): Min: 293542191.7, Avg: 293542191.8, Max: 293542191.9, Diff: 0.2]
   [Code Root Fixup: 0.0 ms]
   [Code Root Purge: 0.0 ms]
   [Clear CT: 0.9 ms]
   [Other: 12.3 ms]
      [Choose CSet: 0.0 ms]
      [Ref Proc: 11.6 ms]
      [Ref Enq: 0.1 ms]
      [Redirty Cards: 0.3 ms]
      [Humongous Register: 0.0 ms]
      [Humongous Reclaim: 0.0 ms]
      [Free CSet: 0.2 ms]
   [Eden: 7072.0M(7072.0M)->0.0B(7136.0M) Survivors: 98304.0K->32768.0K Heap: 10901.0M(14336.0M)->3816.8M(14336.0M)]
 [Times: user=0.16 sys=0.00, real=0.04 secs] 
2022-10-02T21:10:35.738-0600: 293650.818: [GC pause (G1 Evacuation Pause) (young) (initial-mark), 0.0444284 secs]
   [Parallel Time: 30.1 ms, GC Workers: 6]
      [GC Worker Start (ms): Min: 293650819.2, Avg: 293650820.5, Max: 293650820.8, Diff: 1.5]
      [Ext Root Scanning (ms): Min: 4.4, Avg: 8.4, Max: 17.2, Diff: 12.9, Sum: 50.6]
      [Update RS (ms): Min: 0.0, Avg: 4.7, Max: 7.4, Diff: 7.4, Sum: 28.2]
         [Processed Buffers: Min: 0, Avg: 46.3, Max: 73, Diff: 73, Sum: 278]
      [Scan RS (ms): Min: 3.6, Avg: 7.9, Max: 9.2, Diff: 5.5, Sum: 47.2]
      [Code Root Scanning (ms): Min: 0.0, Avg: 0.0, Max: 0.0, Diff: 0.0, Sum: 0.0]
      [Object Copy (ms): Min: 6.1, Avg: 6.2, Max: 6.4, Diff: 0.3, Sum: 37.1]
      [Termination (ms): Min: 0.0, Avg: 0.0, Max: 0.0, Diff: 0.0, Sum: 0.1]
         [Termination Attempts: Min: 1, Avg: 22.5, Max: 32, Diff: 31, Sum: 135]
      [GC Worker Other (ms): Min: 0.0, Avg: 0.0, Max: 0.0, Diff: 0.0, Sum: 0.1]
      [GC Worker Total (ms): Min: 26.9, Avg: 27.2, Max: 28.5, Diff: 1.5, Sum: 163.4]
      [GC Worker End (ms): Min: 293650847.7, Avg: 293650847.7, Max: 293650847.7, Diff: 0.0]
   [Code Root Fixup: 0.0 ms]
   [Code Root Purge: 0.0 ms]
   [Clear CT: 1.0 ms]
   [Other: 13.3 ms]
      [Choose CSet: 0.0 ms]
      [Ref Proc: 12.6 ms]
      [Ref Enq: 0.1 ms]
      [Redirty Cards: 0.3 ms]
      [Humongous Register: 0.0 ms]
      [Humongous Reclaim: 0.0 ms]
      [Free CSet: 0.1 ms]
   [Eden: 7136.0M(7136.0M)->0.0B(7152.0M) Survivors: 32768.0K->16384.0K Heap: 10952.8M(14336.0M)->3826.9M(14336.0M)]
 [Times: user=0.16 sys=0.00, real=0.04 secs] 
2022-10-02T21:10:35.782-0600: 293650.862: [GC concurrent-root-region-scan-start]
2022-10-02T21:10:35.791-0600: 293650.871: [GC concurrent-root-region-scan-end, 0.0084833 secs]
2022-10-02T21:10:35.791-0600: 293650.871: [GC concurrent-mark-start]
2022-10-02T21:10:37.210-0600: 293652.289: [GC concurrent-mark-end, 1.4186436 secs]
2022-10-02T21:10:37.210-0600: 293652.290: [GC remark 2022-10-02T21:10:37.210-0600: 293652.290: [Finalize Marking, 0.0027876 secs] 2022-10-02T21:10:37.213-0600: 293652.292: [GC ref-proc, 0.0248086 secs] 2022-10-02T21:10:37.237-0600: 293652.317: [Unloading, 0.0290852 secs], 0.0614347 secs]
 [Times: user=0.23 sys=0.00, real=0.06 secs] 
2022-10-02T21:10:37.271-0600: 293652.351: [GC cleanup 3970M->3970M(14336M), 0.0063045 secs]
 [Times: user=0.03 sys=0.00, real=0.01 secs] 
2022-10-02T21:12:16.598-0600: 293751.678: [GC pause (G1 Evacuation Pause) (young), 0.0278826 secs]
   [Parallel Time: 14.2 ms, GC Workers: 6]
      [GC Worker Start (ms): Min: 293751677.8, Avg: 293751677.8, Max: 293751677.9, Diff: 0.1]
      [Ext Root Scanning (ms): Min: 0.8, Avg: 2.4, Max: 6.9, Diff: 6.1, Sum: 14.3]
      [Update RS (ms): Min: 3.1, Avg: 7.5, Max: 9.0, Diff: 5.9, Sum: 45.2]
         [Processed Buffers: Min: 17, Avg: 54.0, Max: 84, Diff: 67, Sum: 324]
      [Scan RS (ms): Min: 0.2, Avg: 0.2, Max: 0.3, Diff: 0.1, Sum: 1.4]
      [Code Root Scanning (ms): Min: 0.0, Avg: 0.0, Max: 0.0, Diff: 0.0, Sum: 0.0]
      [Object Copy (ms): Min: 3.7, Avg: 3.8, Max: 3.9, Diff: 0.2, Sum: 22.7]
      [Termination (ms): Min: 0.0, Avg: 0.0, Max: 0.0, Diff: 0.0, Sum: 0.2]
         [Termination Attempts: Min: 1, Avg: 52.7, Max: 82, Diff: 81, Sum: 316]
      [GC Worker Other (ms): Min: 0.0, Avg: 0.0, Max: 0.1, Diff: 0.1, Sum: 0.2]
      [GC Worker Total (ms): Min: 14.0, Avg: 14.0, Max: 14.1, Diff: 0.1, Sum: 84.1]
      [GC Worker End (ms): Min: 293751691.8, Avg: 293751691.8, Max: 293751691.9, Diff: 0.1]
   [Code Root Fixup: 0.0 ms]
   [Code Root Purge: 0.0 ms]
   [Clear CT: 0.9 ms]
   [Other: 12.8 ms]
      [Choose CSet: 0.0 ms]
      [Ref Proc: 12.3 ms]
      [Ref Enq: 0.1 ms]
      [Redirty Cards: 0.1 ms]
      [Humongous Register: 0.0 ms]
      [Humongous Reclaim: 0.0 ms]
      [Free CSet: 0.1 ms]
   [Eden: 7152.0M(7152.0M)->0.0B(5696.0M) Survivors: 16384.0K->32768.0K Heap: 10978.9M(14336.0M)->3836.2M(14336.0M)]
 [Times: user=0.11 sys=0.00, real=0.03 secs] 
2022-10-02T21:13:24.945-0600: 293820.025: [GC pause (G1 Evacuation Pause) (mixed), 0.0376433 secs]
   [Parallel Time: 23.1 ms, GC Workers: 6]
      [GC Worker Start (ms): Min: 293820025.4, Avg: 293820031.5, Max: 293820036.7, Diff: 11.3]
      [Ext Root Scanning (ms): Min: 0.0, Avg: 1.1, Max: 4.5, Diff: 4.5, Sum: 6.7]
      [Update RS (ms): Min: 0.0, Avg: 3.1, Max: 5.6, Diff: 5.6, Sum: 18.7]
         [Processed Buffers: Min: 0, Avg: 14.8, Max: 29, Diff: 29, Sum: 89]
      [Scan RS (ms): Min: 1.5, Avg: 2.9, Max: 5.5, Diff: 4.0, Sum: 17.5]
      [Code Root Scanning (ms): Min: 0.0, Avg: 0.0, Max: 0.1, Diff: 0.1, Sum: 0.1]
      [Object Copy (ms): Min: 7.7, Avg: 9.8, Max: 10.4, Diff: 2.7, Sum: 59.1]
      [Termination (ms): Min: 0.0, Avg: 0.0, Max: 0.0, Diff: 0.0, Sum: 0.0]
         [Termination Attempts: Min: 1, Avg: 1.0, Max: 1, Diff: 0, Sum: 6]
      [GC Worker Other (ms): Min: 0.0, Avg: 0.0, Max: 0.0, Diff: 0.0, Sum: 0.1]
      [GC Worker Total (ms): Min: 11.8, Avg: 17.0, Max: 23.1, Diff: 11.3, Sum: 102.1]
      [GC Worker End (ms): Min: 293820048.5, Avg: 293820048.5, Max: 293820048.5, Diff: 0.0]
   [Code Root Fixup: 0.0 ms]
   [Code Root Purge: 0.0 ms]
   [Clear CT: 0.8 ms]
   [Other: 13.7 ms]
      [Choose CSet: 0.0 ms]
      [Ref Proc: 13.1 ms]
      [Ref Enq: 0.1 ms]
      [Redirty Cards: 0.2 ms]
      [Humongous Register: 0.0 ms]
      [Humongous Reclaim: 0.0 ms]
      [Free CSet: 0.2 ms]
   [Eden: 5696.0M(5696.0M)->0.0B(7136.0M) Survivors: 32768.0K->32768.0K Heap: 9532.2M(14336.0M)->3715.3M(14336.0M)]
 [Times: user=0.13 sys=0.00, real=0.03 secs] 
2022-10-02T21:14:46.938-0600: 293902.018: [GC pause (G1 Evacuation Pause) (young), 0.0349978 secs]
   [Parallel Time: 19.4 ms, GC Workers: 6]
      [GC Worker Start (ms): Min: 293902017.6, Avg: 293902019.3, Max: 293902020.7, Diff: 3.1]
      [Ext Root Scanning (ms): Min: 0.0, Avg: 1.0, Max: 2.9, Diff: 2.9, Sum: 6.1]
      [Update RS (ms): Min: 11.9, Avg: 13.1, Max: 16.2, Diff: 4.3, Sum: 78.4]
         [Processed Buffers: Min: 32, Avg: 46.7, Max: 66, Diff: 34, Sum: 280]
      [Scan RS (ms): Min: 0.0, Avg: 0.0, Max: 0.1, Diff: 0.1, Sum: 0.3]
      [Code Root Scanning (ms): Min: 0.0, Avg: 0.0, Max: 0.0, Diff: 0.0, Sum: 0.0]
      [Object Copy (ms): Min: 0.0, Avg: 3.4, Max: 4.3, Diff: 4.3, Sum: 20.5]
      [Termination (ms): Min: 0.0, Avg: 0.2, Max: 0.2, Diff: 0.2, Sum: 1.0]
         [Termination Attempts: Min: 1, Avg: 10.2, Max: 15, Diff: 14, Sum: 61]
      [GC Worker Other (ms): Min: 0.0, Avg: 0.0, Max: 0.0, Diff: 0.0, Sum: 0.0]
      [GC Worker Total (ms): Min: 16.2, Avg: 17.7, Max: 19.3, Diff: 3.1, Sum: 106.4]
      [GC Worker End (ms): Min: 293902037.0, Avg: 293902037.0, Max: 293902037.0, Diff: 0.0]
   [Code Root Fixup: 0.0 ms]
   [Code Root Purge: 0.0 ms]
   [Clear CT: 0.8 ms]
   [Other: 14.7 ms]
      [Choose CSet: 0.0 ms]
      [Ref Proc: 14.3 ms]
      [Ref Enq: 0.1 ms]
      [Redirty Cards: 0.1 ms]
      [Humongous Register: 0.0 ms]
      [Humongous Reclaim: 0.0 ms]
      [Free CSet: 0.1 ms]
   [Eden: 7136.0M(7136.0M)->0.0B(7136.0M) Survivors: 32768.0K->32768.0K Heap: 10851.3M(14336.0M)->3733.5M(14336.0M)]
 [Times: user=0.12 sys=0.00, real=0.03 secs] 
2022-10-02T21:16:13.790-0600: 293988.870: [GC pause (G1 Evacuation Pause) (young) (initial-mark), 0.0278792 secs]
   [Parallel Time: 16.6 ms, GC Workers: 6]
      [GC Worker Start (ms): Min: 293988871.0, Avg: 293988873.4, Max: 293988874.7, Diff: 3.7]
      [Ext Root Scanning (ms): Min: 2.2, Avg: 4.7, Max: 8.6, Diff: 6.4, Sum: 28.0]
      [Update RS (ms): Min: 4.2, Avg: 5.6, Max: 6.9, Diff: 2.7, Sum: 33.5]
         [Processed Buffers: Min: 11, Avg: 18.2, Max: 26, Diff: 15, Sum: 109]
      [Scan RS (ms): Min: 0.0, Avg: 0.0, Max: 0.1, Diff: 0.1, Sum: 0.2]
      [Code Root Scanning (ms): Min: 0.0, Avg: 0.0, Max: 0.0, Diff: 0.0, Sum: 0.0]
      [Object Copy (ms): Min: 2.3, Avg: 2.5, Max: 2.8, Diff: 0.4, Sum: 15.1]
      [Termination (ms): Min: 0.0, Avg: 0.0, Max: 0.0, Diff: 0.0, Sum: 0.0]
         [Termination Attempts: Min: 1, Avg: 2.3, Max: 4, Diff: 3, Sum: 14]
      [GC Worker Other (ms): Min: 0.0, Avg: 0.0, Max: 0.0, Diff: 0.0, Sum: 0.1]
      [GC Worker Total (ms): Min: 11.5, Avg: 12.8, Max: 15.3, Diff: 3.7, Sum: 77.0]
      [GC Worker End (ms): Min: 293988886.2, Avg: 293988886.2, Max: 293988886.3, Diff: 0.0]
   [Code Root Fixup: 0.0 ms]
   [Code Root Purge: 0.0 ms]
   [Clear CT: 1.1 ms]
   [Other: 10.2 ms]
      [Choose CSet: 0.0 ms]
      [Ref Proc: 9.7 ms]
      [Ref Enq: 0.1 ms]
      [Redirty Cards: 0.1 ms]
      [Humongous Register: 0.0 ms]
      [Humongous Reclaim: 0.0 ms]
      [Free CSet: 0.1 ms]
   [Eden: 7136.0M(7136.0M)->0.0B(7152.0M) Survivors: 32768.0K->16384.0K Heap: 10869.5M(14336.0M)->3733.5M(14336.0M)]
 [Times: user=0.08 sys=0.00, real=0.03 secs] 
2022-10-02T21:16:13.818-0600: 293988.898: [GC concurrent-root-region-scan-start]
2022-10-02T21:16:13.826-0600: 293988.906: [GC concurrent-root-region-scan-end, 0.0087807 secs]
2022-10-02T21:16:13.826-0600: 293988.906: [GC concurrent-mark-start]
2022-10-02T21:16:15.220-0600: 293990.300: [GC concurrent-mark-end, 1.3936650 secs]
2022-10-02T21:16:15.220-0600: 293990.300: [GC remark 2022-10-02T21:16:15.220-0600: 293990.300: [Finalize Marking, 0.0019017 secs] 2022-10-02T21:16:15.222-0600: 293990.302: [GC ref-proc, 0.0257216 secs] 2022-10-02T21:16:15.248-0600: 293990.328: [Unloading, 0.0306213 secs], 0.0647059 secs]
 [Times: user=0.23 sys=0.00, real=0.07 secs] 
2022-10-02T21:16:15.285-0600: 293990.365: [GC cleanup 3853M->3853M(14336M), 0.0079575 secs]
 [Times: user=0.03 sys=0.00, real=0.01 secs] 
2022-10-02T21:17:53.791-0600: 294088.871: [GC pause (G1 Evacuation Pause) (young), 0.0191103 secs]
   [Parallel Time: 9.9 ms, GC Workers: 6]
      [GC Worker Start (ms): Min: 294088871.3, Avg: 294088873.4, Max: 294088876.7, Diff: 5.4]
      [Ext Root Scanning (ms): Min: 0.0, Avg: 1.1, Max: 3.3, Diff: 3.3, Sum: 6.8]
      [Update RS (ms): Min: 0.3, Avg: 3.2, Max: 8.0, Diff: 7.7, Sum: 19.5]
         [Processed Buffers: Min: 3, Avg: 13.3, Max: 25, Diff: 22, Sum: 80]
      [Scan RS (ms): Min: 0.0, Avg: 0.0, Max: 0.1, Diff: 0.1, Sum: 0.2]
      [Code Root Scanning (ms): Min: 0.0, Avg: 0.0, Max: 0.0, Diff: 0.0, Sum: 0.0]
      [Object Copy (ms): Min: 0.1, Avg: 2.8, Max: 3.4, Diff: 3.3, Sum: 16.7]
      [Termination (ms): Min: 0.0, Avg: 0.6, Max: 0.7, Diff: 0.7, Sum: 3.3]
         [Termination Attempts: Min: 1, Avg: 23.7, Max: 34, Diff: 33, Sum: 142]
      [GC Worker Other (ms): Min: 0.0, Avg: 0.0, Max: 0.0, Diff: 0.0, Sum: 0.0]
      [GC Worker Total (ms): Min: 4.4, Avg: 7.7, Max: 9.8, Diff: 5.4, Sum: 46.5]
      [GC Worker End (ms): Min: 294088881.1, Avg: 294088881.1, Max: 294088881.1, Diff: 0.0]
   [Code Root Fixup: 0.0 ms]
   [Code Root Purge: 0.0 ms]
   [Clear CT: 0.9 ms]
   [Other: 8.3 ms]
      [Choose CSet: 0.0 ms]
      [Ref Proc: 7.8 ms]
      [Ref Enq: 0.1 ms]
      [Redirty Cards: 0.1 ms]
      [Humongous Register: 0.0 ms]
      [Humongous Reclaim: 0.0 ms]
      [Free CSet: 0.2 ms]
   [Eden: 7152.0M(7152.0M)->0.0B(5712.0M) Survivors: 16384.0K->16384.0K Heap: 10885.5M(14336.0M)->3734.8M(14336.0M)]
 [Times: user=0.07 sys=0.00, real=0.02 secs] 
2022-10-02T21:19:06.784-0600: 294161.864: [GC pause (G1 Evacuation Pause) (mixed), 0.0373111 secs]
   [Parallel Time: 25.6 ms, GC Workers: 6]
      [GC Worker Start (ms): Min: 294161863.7, Avg: 294161866.9, Max: 294161872.7, Diff: 9.1]
      [Ext Root Scanning (ms): Min: 0.0, Avg: 1.3, Max: 3.6, Diff: 3.6, Sum: 7.5]
      [Update RS (ms): Min: 0.0, Avg: 3.6, Max: 5.8, Diff: 5.8, Sum: 21.5]
         [Processed Buffers: Min: 0, Avg: 18.0, Max: 30, Diff: 30, Sum: 108]
      [Scan RS (ms): Min: 2.0, Avg: 3.3, Max: 5.7, Diff: 3.7, Sum: 20.0]
      [Code Root Scanning (ms): Min: 0.0, Avg: 0.0, Max: 0.1, Diff: 0.1, Sum: 0.2]
      [Object Copy (ms): Min: 12.4, Avg: 14.1, Max: 14.6, Diff: 2.2, Sum: 84.7]
      [Termination (ms): Min: 0.0, Avg: 0.0, Max: 0.0, Diff: 0.0, Sum: 0.0]
         [Termination Attempts: Min: 1, Avg: 2.0, Max: 4, Diff: 3, Sum: 12]
      [GC Worker Other (ms): Min: 0.0, Avg: 0.0, Max: 0.0, Diff: 0.0, Sum: 0.1]
      [GC Worker Total (ms): Min: 16.5, Avg: 22.3, Max: 25.5, Diff: 9.1, Sum: 134.0]
      [GC Worker End (ms): Min: 294161889.2, Avg: 294161889.2, Max: 294161889.2, Diff: 0.0]
   [Code Root Fixup: 0.0 ms]
   [Code Root Purge: 0.0 ms]
   [Clear CT: 1.0 ms]
   [Other: 10.7 ms]
      [Choose CSet: 0.0 ms]
      [Ref Proc: 10.1 ms]
      [Ref Enq: 0.1 ms]
      [Redirty Cards: 0.2 ms]
      [Humongous Register: 0.0 ms]
      [Humongous Reclaim: 0.0 ms]
      [Free CSet: 0.2 ms]
   [Eden: 5712.0M(5712.0M)->0.0B(7104.0M) Survivors: 16384.0K->65536.0K Heap: 9446.8M(14336.0M)->3750.5M(14336.0M)]
 [Times: user=0.15 sys=0.00, real=0.04 secs] 
2022-10-02T21:20:33.538-0600: 294248.618: [GC pause (G1 Evacuation Pause) (young), 0.0657072 secs]
   [Parallel Time: 49.6 ms, GC Workers: 6]
      [GC Worker Start (ms): Min: 294248617.7, Avg: 294248619.9, Max: 294248624.7, Diff: 7.0]
      [Ext Root Scanning (ms): Min: 0.0, Avg: 2.6, Max: 12.6, Diff: 12.6, Sum: 15.8]
      [Update RS (ms): Min: 3.4, Avg: 11.0, Max: 14.0, Diff: 10.6, Sum: 66.0]
         [Processed Buffers: Min: 20, Avg: 52.2, Max: 84, Diff: 64, Sum: 313]
      [Scan RS (ms): Min: 0.0, Avg: 0.0, Max: 0.1, Diff: 0.1, Sum: 0.2]
      [Code Root Scanning (ms): Min: 0.0, Avg: 0.0, Max: 0.0, Diff: 0.0, Sum: 0.0]
      [Object Copy (ms): Min: 33.6, Avg: 33.7, Max: 33.9, Diff: 0.3, Sum: 202.0]
      [Termination (ms): Min: 0.0, Avg: 0.0, Max: 0.0, Diff: 0.0, Sum: 0.1]
         [Termination Attempts: Min: 1, Avg: 28.5, Max: 45, Diff: 44, Sum: 171]
      [GC Worker Other (ms): Min: 0.0, Avg: 0.0, Max: 0.0, Diff: 0.0, Sum: 0.1]
      [GC Worker Total (ms): Min: 42.6, Avg: 47.4, Max: 49.5, Diff: 7.0, Sum: 284.2]
      [GC Worker End (ms): Min: 294248667.3, Avg: 294248667.3, Max: 294248667.3, Diff: 0.0]
   [Code Root Fixup: 0.0 ms]
   [Code Root Purge: 0.0 ms]
   [Clear CT: 0.7 ms]
   [Other: 15.4 ms]
      [Choose CSet: 0.0 ms]
      [Ref Proc: 14.9 ms]
      [Ref Enq: 0.1 ms]
      [Redirty Cards: 0.2 ms]
      [Humongous Register: 0.0 ms]
      [Humongous Reclaim: 0.0 ms]
      [Free CSet: 0.1 ms]
   [Eden: 7104.0M(7104.0M)->0.0B(6944.0M) Survivors: 65536.0K->224.0M Heap: 10854.5M(14336.0M)->3979.9M(14336.0M)]
 [Times: user=0.31 sys=0.00, real=0.06 secs] 
2022-10-02T21:22:08.139-0600: 294343.219: [GC pause (G1 Evacuation Pause) (young) (initial-mark), 0.0678687 secs]
   [Parallel Time: 46.5 ms, GC Workers: 6]
      [GC Worker Start (ms): Min: 294343219.9, Avg: 294343221.0, Max: 294343222.5, Diff: 2.6]
      [Ext Root Scanning (ms): Min: 1.8, Avg: 5.8, Max: 10.0, Diff: 8.2, Sum: 34.6]
      [Update RS (ms): Min: 5.9, Avg: 10.0, Max: 12.0, Diff: 6.1, Sum: 59.9]
         [Processed Buffers: Min: 25, Avg: 39.7, Max: 64, Diff: 39, Sum: 238]
      [Scan RS (ms): Min: 0.0, Avg: 0.0, Max: 0.1, Diff: 0.1, Sum: 0.3]
      [Code Root Scanning (ms): Min: 0.0, Avg: 0.0, Max: 0.0, Diff: 0.0, Sum: 0.0]
      [Object Copy (ms): Min: 24.6, Avg: 28.2, Max: 29.1, Diff: 4.4, Sum: 168.9]
      [Termination (ms): Min: 0.0, Avg: 0.0, Max: 0.0, Diff: 0.0, Sum: 0.0]
         [Termination Attempts: Min: 1, Avg: 2.5, Max: 4, Diff: 3, Sum: 15]
      [GC Worker Other (ms): Min: 0.0, Avg: 0.0, Max: 0.1, Diff: 0.0, Sum: 0.2]
      [GC Worker Total (ms): Min: 42.5, Avg: 44.0, Max: 45.1, Diff: 2.6, Sum: 263.9]
      [GC Worker End (ms): Min: 294343265.0, Avg: 294343265.0, Max: 294343265.1, Diff: 0.0]
   [Code Root Fixup: 0.0 ms]
   [Code Root Purge: 0.0 ms]
   [Clear CT: 0.9 ms]
   [Other: 20.4 ms]
      [Choose CSet: 0.0 ms]
      [Ref Proc: 19.8 ms]
      [Ref Enq: 0.1 ms]
      [Redirty Cards: 0.2 ms]
      [Humongous Register: 0.0 ms]
      [Humongous Reclaim: 0.0 ms]
      [Free CSet: 0.1 ms]
   [Eden: 6944.0M(6944.0M)->0.0B(7072.0M) Survivors: 224.0M->98304.0K Heap: 10923.9M(14336.0M)->4007.5M(14336.0M)]
 [Times: user=0.28 sys=0.00, real=0.07 secs] 
2022-10-02T21:22:08.207-0600: 294343.287: [GC concurrent-root-region-scan-start]
2022-10-02T21:22:08.217-0600: 294343.297: [GC concurrent-root-region-scan-end, 0.0104384 secs]
2022-10-02T21:22:08.217-0600: 294343.297: [GC concurrent-mark-start]
2022-10-02T21:22:09.676-0600: 294344.756: [GC concurrent-mark-end, 1.4592309 secs]
2022-10-02T21:22:09.676-0600: 294344.756: [GC remark 2022-10-02T21:22:09.677-0600: 294344.756: [Finalize Marking, 0.0016753 secs] 2022-10-02T21:22:09.678-0600: 294344.758: [GC ref-proc, 0.0217506 secs] 2022-10-02T21:22:09.700-0600: 294344.780: [Unloading, 0.0307628 secs], 0.0601633 secs]
 [Times: user=0.22 sys=0.00, real=0.06 secs] 
2022-10-02T21:22:09.737-0600: 294344.817: [GC cleanup 4215M->4215M(14336M), 0.0064331 secs]
 [Times: user=0.03 sys=0.00, real=0.00 secs] 
2022-10-02T21:23:28.152-0600: 294423.232: [GC pause (G1 Evacuation Pause) (young), 0.0849367 secs]
   [Parallel Time: 69.3 ms, GC Workers: 6]
      [GC Worker Start (ms): Min: 294423232.2, Avg: 294423234.8, Max: 294423244.7, Diff: 12.5]
      [Ext Root Scanning (ms): Min: 0.0, Avg: 1.2, Max: 3.6, Diff: 3.6, Sum: 7.4]
      [Update RS (ms): Min: 0.8, Avg: 10.8, Max: 18.7, Diff: 17.9, Sum: 65.1]
         [Processed Buffers: Min: 1, Avg: 53.7, Max: 84, Diff: 83, Sum: 322]
      [Scan RS (ms): Min: 0.0, Avg: 5.0, Max: 6.3, Diff: 6.3, Sum: 29.8]
      [Code Root Scanning (ms): Min: 0.0, Avg: 0.0, Max: 0.0, Diff: 0.0, Sum: 0.0]
      [Object Copy (ms): Min: 48.7, Avg: 49.5, Max: 49.7, Diff: 1.0, Sum: 296.9]
      [Termination (ms): Min: 0.0, Avg: 0.0, Max: 0.0, Diff: 0.0, Sum: 0.0]
         [Termination Attempts: Min: 1, Avg: 1.2, Max: 2, Diff: 1, Sum: 7]
      [GC Worker Other (ms): Min: 0.0, Avg: 0.0, Max: 0.0, Diff: 0.0, Sum: 0.1]
      [GC Worker Total (ms): Min: 56.7, Avg: 66.6, Max: 69.1, Diff: 12.5, Sum: 399.3]
      [GC Worker End (ms): Min: 294423301.4, Avg: 294423301.4, Max: 294423301.4, Diff: 0.0]
   [Code Root Fixup: 0.0 ms]
   [Code Root Purge: 0.0 ms]
   [Clear CT: 1.0 ms]
   [Other: 14.7 ms]
      [Choose CSet: 0.0 ms]
      [Ref Proc: 13.6 ms]
      [Ref Enq: 0.1 ms]
      [Redirty Cards: 0.4 ms]
      [Humongous Register: 0.0 ms]
      [Humongous Reclaim: 0.0 ms]
      [Free CSet: 0.3 ms]
   [Eden: 7072.0M(7072.0M)->0.0B(5504.0M) Survivors: 98304.0K->224.0M Heap: 11079.5M(14336.0M)->4288.0M(14336.0M)]
 [Times: user=0.43 sys=0.00, real=0.09 secs] 
2022-10-02T21:24:39.371-0600: 294494.451: [GC pause (G1 Evacuation Pause) (mixed), 0.1188056 secs]
   [Parallel Time: 104.5 ms, GC Workers: 6]
      [GC Worker Start (ms): Min: 294494457.7, Avg: 294494460.2, Max: 294494460.8, Diff: 3.1]
      [Ext Root Scanning (ms): Min: 1.0, Avg: 3.0, Max: 8.0, Diff: 7.0, Sum: 18.0]
      [Update RS (ms): Min: 15.0, Avg: 20.6, Max: 21.9, Diff: 6.8, Sum: 123.3]
         [Processed Buffers: Min: 50, Avg: 60.0, Max: 71, Diff: 21, Sum: 360]
      [Scan RS (ms): Min: 6.4, Avg: 6.7, Max: 6.9, Diff: 0.4, Sum: 40.4]
      [Code Root Scanning (ms): Min: 0.0, Avg: 0.0, Max: 0.2, Diff: 0.2, Sum: 0.2]
      [Object Copy (ms): Min: 64.4, Avg: 64.4, Max: 64.6, Diff: 0.3, Sum: 386.7]
      [Termination (ms): Min: 0.0, Avg: 0.1, Max: 0.2, Diff: 0.2, Sum: 0.7]
         [Termination Attempts: Min: 1, Avg: 236.5, Max: 362, Diff: 361, Sum: 1419]
      [GC Worker Other (ms): Min: 0.0, Avg: 0.0, Max: 0.0, Diff: 0.0, Sum: 0.1]
      [GC Worker Total (ms): Min: 94.3, Avg: 94.9, Max: 97.5, Diff: 3.1, Sum: 569.4]
      [GC Worker End (ms): Min: 294494555.1, Avg: 294494555.1, Max: 294494555.2, Diff: 0.0]
   [Code Root Fixup: 0.0 ms]
   [Code Root Purge: 0.0 ms]
   [Clear CT: 1.2 ms]
   [Other: 13.1 ms]
      [Choose CSet: 0.1 ms]
      [Ref Proc: 12.1 ms]
      [Ref Enq: 0.1 ms]
      [Redirty Cards: 0.5 ms]
      [Humongous Register: 0.0 ms]
      [Humongous Reclaim: 0.0 ms]
      [Free CSet: 0.3 ms]
   [Eden: 5504.0M(5504.0M)->0.0B(6976.0M) Survivors: 224.0M->192.0M Heap: 9792.0M(14336.0M)->4160.0M(14336.0M)]
 [Times: user=0.59 sys=0.00, real=0.12 secs] 
2022-10-02T21:25:50.548-0600: 294565.628: [GC pause (G1 Evacuation Pause) (young), 0.0863866 secs]
   [Parallel Time: 74.8 ms, GC Workers: 6]
      [GC Worker Start (ms): Min: 294565628.0, Avg: 294565630.5, Max: 294565632.7, Diff: 4.8]
      [Ext Root Scanning (ms): Min: 0.0, Avg: 1.2, Max: 3.5, Diff: 3.5, Sum: 7.0]
      [Update RS (ms): Min: 13.1, Avg: 14.4, Max: 15.6, Diff: 2.6, Sum: 86.6]
         [Processed Buffers: Min: 31, Avg: 43.5, Max: 52, Diff: 21, Sum: 261]
      [Scan RS (ms): Min: 1.7, Avg: 3.1, Max: 3.9, Diff: 2.2, Sum: 18.4]
      [Code Root Scanning (ms): Min: 0.0, Avg: 0.0, Max: 0.0, Diff: 0.0, Sum: 0.0]
      [Object Copy (ms): Min: 53.0, Avg: 53.4, Max: 53.6, Diff: 0.6, Sum: 320.4]
      [Termination (ms): Min: 0.0, Avg: 0.1, Max: 0.2, Diff: 0.2, Sum: 0.8]
         [Termination Attempts: Min: 1, Avg: 269.3, Max: 400, Diff: 399, Sum: 1616]
      [GC Worker Other (ms): Min: 0.0, Avg: 0.0, Max: 0.0, Diff: 0.0, Sum: 0.1]
      [GC Worker Total (ms): Min: 70.0, Avg: 72.2, Max: 74.7, Diff: 4.7, Sum: 433.4]
      [GC Worker End (ms): Min: 294565702.7, Avg: 294565702.7, Max: 294565702.7, Diff: 0.0]
   [Code Root Fixup: 0.0 ms]
   [Code Root Purge: 0.0 ms]
   [Clear CT: 0.9 ms]
   [Other: 10.7 ms]
      [Choose CSet: 0.0 ms]
      [Ref Proc: 10.1 ms]
      [Ref Enq: 0.1 ms]
      [Redirty Cards: 0.2 ms]
      [Humongous Register: 0.0 ms]
      [Humongous Reclaim: 0.0 ms]
      [Free CSet: 0.2 ms]
   [Eden: 6976.0M(6976.0M)->0.0B(6944.0M) Survivors: 192.0M->224.0M Heap: 11136.0M(14336.0M)->4352.0M(14336.0M)]
 [Times: user=0.45 sys=0.00, real=0.09 secs] 
2022-10-02T21:27:02.373-0600: 294637.453: [GC pause (G1 Evacuation Pause) (young) (initial-mark), 0.0790228 secs]
   [Parallel Time: 65.3 ms, GC Workers: 6]
      [GC Worker Start (ms): Min: 294637454.5, Avg: 294637457.9, Max: 294637459.0, Diff: 4.5]
      [Ext Root Scanning (ms): Min: 2.2, Avg: 6.7, Max: 15.1, Diff: 13.0, Sum: 40.4]
      [Update RS (ms): Min: 0.0, Avg: 6.4, Max: 9.2, Diff: 9.2, Sum: 38.4]
         [Processed Buffers: Min: 0, Avg: 43.8, Max: 66, Diff: 66, Sum: 263]
      [Scan RS (ms): Min: 0.3, Avg: 3.4, Max: 4.0, Diff: 3.7, Sum: 20.4]
      [Code Root Scanning (ms): Min: 0.0, Avg: 0.0, Max: 0.0, Diff: 0.0, Sum: 0.0]
      [Object Copy (ms): Min: 44.0, Avg: 44.0, Max: 44.2, Diff: 0.2, Sum: 264.2]
      [Termination (ms): Min: 0.0, Avg: 0.0, Max: 0.0, Diff: 0.0, Sum: 0.0]
         [Termination Attempts: Min: 2, Avg: 8.3, Max: 15, Diff: 13, Sum: 50]
      [GC Worker Other (ms): Min: 0.0, Avg: 0.0, Max: 0.0, Diff: 0.0, Sum: 0.1]
      [GC Worker Total (ms): Min: 59.4, Avg: 60.6, Max: 63.9, Diff: 4.5, Sum: 363.6]
      [GC Worker End (ms): Min: 294637518.5, Avg: 294637518.5, Max: 294637518.5, Diff: 0.0]
   [Code Root Fixup: 0.0 ms]
   [Code Root Purge: 0.0 ms]
   [Clear CT: 1.1 ms]
   [Other: 12.6 ms]
      [Choose CSet: 0.0 ms]
      [Ref Proc: 11.9 ms]
      [Ref Enq: 0.1 ms]
      [Redirty Cards: 0.3 ms]
      [Humongous Register: 0.0 ms]
      [Humongous Reclaim: 0.0 ms]
      [Free CSet: 0.2 ms]
   [Eden: 6944.0M(6944.0M)->0.0B(6944.0M) Survivors: 224.0M->224.0M Heap: 11296.0M(14336.0M)->4456.0M(14336.0M)]
 [Times: user=0.37 sys=0.00, real=0.07 secs] 
2022-10-02T21:27:02.452-0600: 294637.532: [GC concurrent-root-region-scan-start]
2022-10-02T21:27:02.498-0600: 294637.578: [GC concurrent-root-region-scan-end, 0.0455203 secs]
2022-10-02T21:27:02.498-0600: 294637.578: [GC concurrent-mark-start]
2022-10-02T21:27:03.861-0600: 294638.941: [GC concurrent-mark-end, 1.3632286 secs]
2022-10-02T21:27:03.861-0600: 294638.941: [GC remark 2022-10-02T21:27:03.861-0600: 294638.941: [Finalize Marking, 0.0023397 secs] 2022-10-02T21:27:03.864-0600: 294638.944: [GC ref-proc, 0.0257524 secs] 2022-10-02T21:27:03.889-0600: 294638.969: [Unloading, 0.0320588 secs], 0.0646078 secs]
 [Times: user=0.23 sys=0.00, real=0.07 secs] 
2022-10-02T21:27:03.927-0600: 294639.007: [GC cleanup 4775M->4615M(14336M), 0.0076425 secs]
 [Times: user=0.03 sys=0.00, real=0.01 secs] 
2022-10-02T21:27:03.935-0600: 294639.015: [GC concurrent-cleanup-start]
2022-10-02T21:27:03.935-0600: 294639.015: [GC concurrent-cleanup-end, 0.0000342 secs]
2022-10-02T21:28:21.825-0600: 294716.905: [GC pause (G1 Evacuation Pause) (young), 0.0769660 secs]
   [Parallel Time: 62.9 ms, GC Workers: 6]
      [GC Worker Start (ms): Min: 294716905.0, Avg: 294716910.8, Max: 294716920.7, Diff: 15.7]
      [Ext Root Scanning (ms): Min: 0.0, Avg: 1.0, Max: 3.3, Diff: 3.3, Sum: 6.3]
      [Update RS (ms): Min: 4.7, Avg: 13.5, Max: 17.2, Diff: 12.5, Sum: 81.2]
         [Processed Buffers: Min: 17, Avg: 48.0, Max: 76, Diff: 59, Sum: 288]
      [Scan RS (ms): Min: 2.0, Avg: 2.1, Max: 2.2, Diff: 0.2, Sum: 12.7]
      [Code Root Scanning (ms): Min: 0.0, Avg: 0.0, Max: 0.0, Diff: 0.0, Sum: 0.0]
      [Object Copy (ms): Min: 40.3, Avg: 40.3, Max: 40.6, Diff: 0.3, Sum: 242.0]
      [Termination (ms): Min: 0.0, Avg: 0.0, Max: 0.0, Diff: 0.0, Sum: 0.1]
         [Termination Attempts: Min: 1, Avg: 28.3, Max: 42, Diff: 41, Sum: 170]
      [GC Worker Other (ms): Min: 0.0, Avg: 0.0, Max: 0.0, Diff: 0.0, Sum: 0.1]
      [GC Worker Total (ms): Min: 47.2, Avg: 57.1, Max: 62.9, Diff: 15.7, Sum: 342.4]
      [GC Worker End (ms): Min: 294716967.9, Avg: 294716967.9, Max: 294716967.9, Diff: 0.0]
   [Code Root Fixup: 0.0 ms]
   [Code Root Purge: 0.0 ms]
   [Clear CT: 1.0 ms]
   [Other: 13.1 ms]
      [Choose CSet: 0.0 ms]
      [Ref Proc: 12.4 ms]
      [Ref Enq: 0.1 ms]
      [Redirty Cards: 0.2 ms]
      [Humongous Register: 0.0 ms]
      [Humongous Reclaim: 0.0 ms]
      [Free CSet: 0.2 ms]
   [Eden: 6944.0M(6944.0M)->0.0B(5504.0M) Survivors: 224.0M->224.0M Heap: 11240.0M(14336.0M)->4347.6M(14336.0M)]
 [Times: user=0.37 sys=0.00, real=0.07 secs] 
2022-10-02T21:29:38.537-0600: 294793.617: [GC pause (G1 Evacuation Pause) (mixed), 0.0696245 secs]
   [Parallel Time: 59.7 ms, GC Workers: 6]
      [GC Worker Start (ms): Min: 294793616.8, Avg: 294793617.7, Max: 294793620.7, Diff: 4.0]
      [Ext Root Scanning (ms): Min: 0.0, Avg: 2.3, Max: 3.6, Diff: 3.6, Sum: 14.0]
      [Update RS (ms): Min: 9.9, Avg: 11.0, Max: 14.0, Diff: 4.1, Sum: 66.2]
         [Processed Buffers: Min: 9, Avg: 43.8, Max: 63, Diff: 54, Sum: 263]
      [Scan RS (ms): Min: 0.6, Avg: 2.9, Max: 5.7, Diff: 5.2, Sum: 17.2]
      [Code Root Scanning (ms): Min: 0.0, Avg: 0.0, Max: 0.0, Diff: 0.0, Sum: 0.1]
      [Object Copy (ms): Min: 39.9, Avg: 42.4, Max: 43.0, Diff: 3.1, Sum: 254.2]
      [Termination (ms): Min: 0.0, Avg: 0.0, Max: 0.1, Diff: 0.1, Sum: 0.3]
         [Termination Attempts: Min: 1, Avg: 89.3, Max: 111, Diff: 110, Sum: 536]
      [GC Worker Other (ms): Min: 0.0, Avg: 0.0, Max: 0.0, Diff: 0.0, Sum: 0.1]
      [GC Worker Total (ms): Min: 55.6, Avg: 58.7, Max: 59.6, Diff: 4.0, Sum: 352.1]
      [GC Worker End (ms): Min: 294793676.4, Avg: 294793676.4, Max: 294793676.4, Diff: 0.0]
   [Code Root Fixup: 0.0 ms]
   [Code Root Purge: 0.0 ms]
   [Clear CT: 1.0 ms]
   [Other: 9.0 ms]
      [Choose CSet: 0.1 ms]
      [Ref Proc: 8.1 ms]
      [Ref Enq: 0.1 ms]
      [Redirty Cards: 0.2 ms]
      [Humongous Register: 0.0 ms]
      [Humongous Reclaim: 0.0 ms]
      [Free CSet: 0.4 ms]
   [Eden: 5504.0M(5504.0M)->0.0B(6976.0M) Survivors: 224.0M->192.0M Heap: 9851.6M(14336.0M)->3801.0M(14336.0M)]
 [Times: user=0.36 sys=0.00, real=0.07 secs] 
2022-10-02T21:31:08.497-0600: 294883.577: [GC pause (GCLocker Initiated GC) (young), 0.0781107 secs]
   [Parallel Time: 65.5 ms, GC Workers: 6]
      [GC Worker Start (ms): Min: 294883577.1, Avg: 294883579.2, Max: 294883580.8, Diff: 3.7]
      [Ext Root Scanning (ms): Min: 0.0, Avg: 1.2, Max: 3.3, Diff: 3.3, Sum: 7.1]
      [Update RS (ms): Min: 8.3, Avg: 8.8, Max: 9.4, Diff: 1.1, Sum: 52.7]
         [Processed Buffers: Min: 0, Avg: 38.5, Max: 68, Diff: 68, Sum: 231]
      [Scan RS (ms): Min: 1.8, Avg: 2.4, Max: 3.0, Diff: 1.2, Sum: 14.3]
      [Code Root Scanning (ms): Min: 0.0, Avg: 0.0, Max: 0.1, Diff: 0.0, Sum: 0.1]
      [Object Copy (ms): Min: 50.5, Avg: 51.0, Max: 51.4, Diff: 0.9, Sum: 305.9]
      [Termination (ms): Min: 0.0, Avg: 0.0, Max: 0.0, Diff: 0.0, Sum: 0.0]
         [Termination Attempts: Min: 1, Avg: 1.0, Max: 1, Diff: 0, Sum: 6]
      [GC Worker Other (ms): Min: 0.0, Avg: 0.0, Max: 0.0, Diff: 0.0, Sum: 0.1]
      [GC Worker Total (ms): Min: 61.8, Avg: 63.4, Max: 65.5, Diff: 3.7, Sum: 380.2]
      [GC Worker End (ms): Min: 294883642.5, Avg: 294883642.6, Max: 294883642.6, Diff: 0.0]
   [Code Root Fixup: 0.0 ms]
   [Code Root Purge: 0.0 ms]
   [Clear CT: 1.0 ms]
   [Other: 11.6 ms]
      [Choose CSet: 0.0 ms]
      [Ref Proc: 10.9 ms]
      [Ref Enq: 0.1 ms]
      [Redirty Cards: 0.3 ms]
      [Humongous Register: 0.0 ms]
      [Humongous Reclaim: 0.0 ms]
      [Free CSet: 0.2 ms]
   [Eden: 6992.0M(6976.0M)->0.0B(6944.0M) Survivors: 192.0M->224.0M Heap: 10777.2M(14336.0M)->3960.0M(14336.0M)]
 [Times: user=0.40 sys=0.00, real=0.08 secs] 
2022-10-02T21:31:30.674-0600: 294905.754: [GC pause (G1 Evacuation Pause) (young) (initial-mark), 0.0896537 secs]
   [Parallel Time: 70.6 ms, GC Workers: 6]
      [GC Worker Start (ms): Min: 294905755.7, Avg: 294905758.1, Max: 294905759.3, Diff: 3.6]
      [Ext Root Scanning (ms): Min: 2.3, Avg: 5.9, Max: 9.5, Diff: 7.2, Sum: 35.4]
      [Update RS (ms): Min: 11.6, Avg: 13.8, Max: 17.0, Diff: 5.4, Sum: 82.9]
         [Processed Buffers: Min: 32, Avg: 43.8, Max: 54, Diff: 22, Sum: 263]
      [Scan RS (ms): Min: 0.0, Avg: 2.5, Max: 3.1, Diff: 3.0, Sum: 15.1]
      [Code Root Scanning (ms): Min: 0.0, Avg: 0.0, Max: 0.0, Diff: 0.0, Sum: 0.0]
      [Object Copy (ms): Min: 42.3, Avg: 44.3, Max: 44.9, Diff: 2.6, Sum: 266.0]
      [Termination (ms): Min: 0.0, Avg: 0.0, Max: 0.0, Diff: 0.0, Sum: 0.2]
         [Termination Attempts: Min: 1, Avg: 46.0, Max: 58, Diff: 57, Sum: 276]
      [GC Worker Other (ms): Min: 0.0, Avg: 0.0, Max: 0.0, Diff: 0.0, Sum: 0.1]
      [GC Worker Total (ms): Min: 65.4, Avg: 66.6, Max: 69.0, Diff: 3.6, Sum: 399.8]
      [GC Worker End (ms): Min: 294905824.7, Avg: 294905824.7, Max: 294905824.8, Diff: 0.0]
   [Code Root Fixup: 0.0 ms]
   [Code Root Purge: 0.0 ms]
   [Clear CT: 1.2 ms]
   [Other: 17.9 ms]
      [Choose CSet: 0.0 ms]
      [Ref Proc: 17.1 ms]
      [Ref Enq: 0.1 ms]
      [Redirty Cards: 0.3 ms]
      [Humongous Register: 0.0 ms]
      [Humongous Reclaim: 0.0 ms]
      [Free CSet: 0.2 ms]
   [Eden: 6944.0M(6944.0M)->0.0B(6944.0M) Survivors: 224.0M->224.0M Heap: 10904.0M(14336.0M)->4134.4M(14336.0M)]
 [Times: user=0.42 sys=0.00, real=0.08 secs] 
2022-10-02T21:31:30.764-0600: 294905.844: [GC concurrent-root-region-scan-start]
2022-10-02T21:31:30.790-0600: 294905.870: [GC concurrent-root-region-scan-end, 0.0259616 secs]
2022-10-02T21:31:30.790-0600: 294905.870: [GC concurrent-mark-start]
2022-10-02T21:31:32.625-0600: 294907.705: [GC concurrent-mark-end, 1.8352127 secs]
2022-10-02T21:31:32.625-0600: 294907.705: [GC remark 2022-10-02T21:31:32.625-0600: 294907.705: [Finalize Marking, 0.0028422 secs] 2022-10-02T21:31:32.628-0600: 294907.708: [GC ref-proc, 0.0375662 secs] 2022-10-02T21:31:32.666-0600: 294907.746: [Unloading, 0.0303702 secs], 0.0754115 secs]
 [Times: user=0.26 sys=0.00, real=0.07 secs] 
2022-10-02T21:31:32.701-0600: 294907.781: [GC cleanup 4990M->4942M(14336M), 0.0084634 secs]
 [Times: user=0.02 sys=0.00, real=0.01 secs] 
2022-10-02T21:31:32.710-0600: 294907.790: [GC concurrent-cleanup-start]
2022-10-02T21:31:32.710-0600: 294907.790: [GC concurrent-cleanup-end, 0.0000173 secs]
2022-10-02T21:32:06.688-0600: 294941.768: [GC pause (G1 Evacuation Pause) (young), 0.0606379 secs]
   [Parallel Time: 45.2 ms, GC Workers: 6]
      [GC Worker Start (ms): Min: 294941767.8, Avg: 294941770.4, Max: 294941772.8, Diff: 5.0]
      [Ext Root Scanning (ms): Min: 0.0, Avg: 1.1, Max: 3.3, Diff: 3.3, Sum: 6.7]
      [Update RS (ms): Min: 11.2, Avg: 12.4, Max: 13.9, Diff: 2.7, Sum: 74.3]
         [Processed Buffers: Min: 22, Avg: 41.0, Max: 53, Diff: 31, Sum: 246]
      [Scan RS (ms): Min: 2.8, Avg: 2.9, Max: 2.9, Diff: 0.1, Sum: 17.3]
      [Code Root Scanning (ms): Min: 0.0, Avg: 0.0, Max: 0.0, Diff: 0.0, Sum: 0.0]
      [Object Copy (ms): Min: 26.0, Avg: 26.1, Max: 26.2, Diff: 0.2, Sum: 156.3]
      [Termination (ms): Min: 0.0, Avg: 0.0, Max: 0.0, Diff: 0.0, Sum: 0.0]
         [Termination Attempts: Min: 1, Avg: 1.0, Max: 1, Diff: 0, Sum: 6]
      [GC Worker Other (ms): Min: 0.0, Avg: 0.0, Max: 0.0, Diff: 0.0, Sum: 0.1]
      [GC Worker Total (ms): Min: 40.1, Avg: 42.5, Max: 45.1, Diff: 5.0, Sum: 254.8]
      [GC Worker End (ms): Min: 294941812.9, Avg: 294941812.9, Max: 294941812.9, Diff: 0.0]
   [Code Root Fixup: 0.0 ms]
   [Code Root Purge: 0.0 ms]
   [Clear CT: 1.1 ms]
   [Other: 14.3 ms]
      [Choose CSet: 0.0 ms]
      [Ref Proc: 13.6 ms]
      [Ref Enq: 0.1 ms]
      [Redirty Cards: 0.3 ms]
      [Humongous Register: 0.0 ms]
      [Humongous Reclaim: 0.0 ms]
      [Free CSet: 0.2 ms]
   [Eden: 6944.0M(6944.0M)->0.0B(5584.0M) Survivors: 224.0M->144.0M Heap: 11030.4M(14336.0M)->4144.0M(14336.0M)]
 [Times: user=0.28 sys=0.00, real=0.06 secs] 
2022-10-02T21:32:25.449-0600: 294960.529: [GC pause (G1 Evacuation Pause) (mixed), 0.0585730 secs]
   [Parallel Time: 45.4 ms, GC Workers: 6]
      [GC Worker Start (ms): Min: 294960529.0, Avg: 294960529.8, Max: 294960532.7, Diff: 3.7]
      [Ext Root Scanning (ms): Min: 0.0, Avg: 1.4, Max: 4.2, Diff: 4.2, Sum: 8.2]
      [Update RS (ms): Min: 1.5, Avg: 4.6, Max: 10.5, Diff: 9.0, Sum: 27.3]
         [Processed Buffers: Min: 15, Avg: 27.5, Max: 47, Diff: 32, Sum: 165]
      [Scan RS (ms): Min: 2.2, Avg: 7.1, Max: 8.1, Diff: 6.0, Sum: 42.5]
      [Code Root Scanning (ms): Min: 0.0, Avg: 0.0, Max: 0.1, Diff: 0.1, Sum: 0.3]
      [Object Copy (ms): Min: 31.3, Avg: 31.4, Max: 31.5, Diff: 0.2, Sum: 188.2]
      [Termination (ms): Min: 0.0, Avg: 0.0, Max: 0.0, Diff: 0.0, Sum: 0.1]
         [Termination Attempts: Min: 1, Avg: 16.7, Max: 22, Diff: 21, Sum: 100]
      [GC Worker Other (ms): Min: 0.0, Avg: 0.0, Max: 0.0, Diff: 0.0, Sum: 0.1]
      [GC Worker Total (ms): Min: 41.5, Avg: 44.5, Max: 45.2, Diff: 3.7, Sum: 266.7]
      [GC Worker End (ms): Min: 294960574.2, Avg: 294960574.2, Max: 294960574.3, Diff: 0.0]
   [Code Root Fixup: 0.0 ms]
   [Code Root Purge: 0.0 ms]
   [Clear CT: 1.0 ms]
   [Other: 12.1 ms]
      [Choose CSet: 0.0 ms]
      [Ref Proc: 11.1 ms]
      [Ref Enq: 0.1 ms]
      [Redirty Cards: 0.4 ms]
      [Humongous Register: 0.0 ms]
      [Humongous Reclaim: 0.0 ms]
      [Free CSet: 0.3 ms]
   [Eden: 5584.0M(5584.0M)->0.0B(6992.0M) Survivors: 144.0M->176.0M Heap: 9728.0M(14336.0M)->3944.0M(14336.0M)]
 [Times: user=0.28 sys=0.00, real=0.06 secs] 
2022-10-02T21:32:38.491-0600: 294973.571: [GC pause (G1 Evacuation Pause) (young), 0.0759912 secs]
   [Parallel Time: 63.3 ms, GC Workers: 6]
      [GC Worker Start (ms): Min: 294973571.1, Avg: 294973572.7, Max: 294973576.7, Diff: 5.6]
      [Ext Root Scanning (ms): Min: 0.0, Avg: 1.3, Max: 3.7, Diff: 3.7, Sum: 7.8]
      [Update RS (ms): Min: 2.4, Avg: 5.2, Max: 6.2, Diff: 3.8, Sum: 31.3]
         [Processed Buffers: Min: 16, Avg: 31.3, Max: 40, Diff: 24, Sum: 188]
      [Scan RS (ms): Min: 5.7, Avg: 5.8, Max: 5.9, Diff: 0.3, Sum: 34.9]
      [Code Root Scanning (ms): Min: 0.0, Avg: 0.0, Max: 0.0, Diff: 0.0, Sum: 0.0]
      [Object Copy (ms): Min: 49.2, Avg: 49.3, Max: 49.5, Diff: 0.3, Sum: 295.6]
      [Termination (ms): Min: 0.0, Avg: 0.0, Max: 0.0, Diff: 0.0, Sum: 0.1]
         [Termination Attempts: Min: 1, Avg: 40.7, Max: 56, Diff: 55, Sum: 244]
      [GC Worker Other (ms): Min: 0.0, Avg: 0.0, Max: 0.1, Diff: 0.0, Sum: 0.2]
      [GC Worker Total (ms): Min: 57.6, Avg: 61.6, Max: 63.2, Diff: 5.7, Sum: 369.9]
      [GC Worker End (ms): Min: 294973634.3, Avg: 294973634.3, Max: 294973634.3, Diff: 0.0]
   [Code Root Fixup: 0.0 ms]
   [Code Root Purge: 0.0 ms]
   [Clear CT: 0.9 ms]
   [Other: 11.7 ms]
      [Choose CSet: 0.0 ms]
      [Ref Proc: 11.0 ms]
      [Ref Enq: 0.1 ms]
      [Redirty Cards: 0.3 ms]
      [Humongous Register: 0.0 ms]
      [Humongous Reclaim: 0.0 ms]
      [Free CSet: 0.2 ms]
   [Eden: 6992.0M(6992.0M)->0.0B(6944.0M) Survivors: 176.0M->224.0M Heap: 10936.0M(14336.0M)->4152.0M(14336.0M)]
 [Times: user=0.40 sys=0.00, real=0.08 secs] 
2022-10-02T21:34:03.389-0600: 295058.469: [GC pause (G1 Evacuation Pause) (young) (initial-mark), 0.0747249 secs]
   [Parallel Time: 61.2 ms, GC Workers: 6]
      [GC Worker Start (ms): Min: 295058470.1, Avg: 295058472.0, Max: 295058473.4, Diff: 3.2]
      [Ext Root Scanning (ms): Min: 1.7, Avg: 8.9, Max: 16.0, Diff: 14.3, Sum: 53.1]
      [Update RS (ms): Min: 6.6, Avg: 12.1, Max: 18.0, Diff: 11.5, Sum: 72.5]
         [Processed Buffers: Min: 26, Avg: 44.3, Max: 67, Diff: 41, Sum: 266]
      [Scan RS (ms): Min: 2.0, Avg: 2.1, Max: 2.4, Diff: 0.4, Sum: 12.7]
      [Code Root Scanning (ms): Min: 0.0, Avg: 0.0, Max: 0.0, Diff: 0.0, Sum: 0.0]
      [Object Copy (ms): Min: 34.5, Avg: 34.8, Max: 35.0, Diff: 0.5, Sum: 208.9]
      [Termination (ms): Min: 0.0, Avg: 0.0, Max: 0.0, Diff: 0.0, Sum: 0.1]
         [Termination Attempts: Min: 1, Avg: 28.2, Max: 41, Diff: 40, Sum: 169]
      [GC Worker Other (ms): Min: 0.0, Avg: 0.0, Max: 0.1, Diff: 0.1, Sum: 0.2]
      [GC Worker Total (ms): Min: 56.6, Avg: 57.9, Max: 59.8, Diff: 3.2, Sum: 347.6]
      [GC Worker End (ms): Min: 295058529.9, Avg: 295058529.9, Max: 295058529.9, Diff: 0.1]
   [Code Root Fixup: 0.0 ms]
   [Code Root Purge: 0.0 ms]
   [Clear CT: 0.8 ms]
   [Other: 12.7 ms]
      [Choose CSet: 0.0 ms]
      [Ref Proc: 11.9 ms]
      [Ref Enq: 0.1 ms]
      [Redirty Cards: 0.4 ms]
      [Humongous Register: 0.0 ms]
      [Humongous Reclaim: 0.0 ms]
      [Free CSet: 0.2 ms]
   [Eden: 6944.0M(6944.0M)->0.0B(7024.0M) Survivors: 224.0M->144.0M Heap: 11096.0M(14336.0M)->4272.0M(14336.0M)]
 [Times: user=0.35 sys=0.00, real=0.07 secs] 
2022-10-02T21:34:03.464-0600: 295058.544: [GC concurrent-root-region-scan-start]
2022-10-02T21:34:03.496-0600: 295058.576: [GC concurrent-root-region-scan-end, 0.0327409 secs]
2022-10-02T21:34:03.496-0600: 295058.576: [GC concurrent-mark-start]
2022-10-02T21:34:04.861-0600: 295059.940: [GC concurrent-mark-end, 1.3641301 secs]
2022-10-02T21:34:04.861-0600: 295059.941: [GC remark 2022-10-02T21:34:04.861-0600: 295059.941: [Finalize Marking, 0.0015773 secs] 2022-10-02T21:34:04.862-0600: 295059.942: [GC ref-proc, 0.0241397 secs] 2022-10-02T21:34:04.886-0600: 295059.966: [Unloading, 0.0301356 secs], 0.0613858 secs]
 [Times: user=0.22 sys=0.00, real=0.06 secs] 
2022-10-02T21:34:04.922-0600: 295060.002: [GC cleanup 4441M->4409M(14336M), 0.0112262 secs]
 [Times: user=0.03 sys=0.00, real=0.02 secs] 
2022-10-02T21:34:04.934-0600: 295060.014: [GC concurrent-cleanup-start]
2022-10-02T21:34:04.934-0600: 295060.014: [GC concurrent-cleanup-end, 0.0000139 secs]
2022-10-02T21:34:36.488-0600: 295091.567: [GC pause (G1 Evacuation Pause) (young), 0.0957337 secs]
   [Parallel Time: 82.8 ms, GC Workers: 6]
      [GC Worker Start (ms): Min: 295091567.5, Avg: 295091569.0, Max: 295091572.7, Diff: 5.2]
      [Ext Root Scanning (ms): Min: 0.0, Avg: 1.3, Max: 3.6, Diff: 3.6, Sum: 7.8]
      [Update RS (ms): Min: 12.2, Avg: 14.7, Max: 15.6, Diff: 3.4, Sum: 88.0]
         [Processed Buffers: Min: 38, Avg: 42.0, Max: 47, Diff: 9, Sum: 252]
      [Scan RS (ms): Min: 6.7, Avg: 6.8, Max: 6.9, Diff: 0.1, Sum: 40.9]
      [Code Root Scanning (ms): Min: 0.0, Avg: 0.0, Max: 0.0, Diff: 0.0, Sum: 0.0]
      [Object Copy (ms): Min: 58.4, Avg: 58.5, Max: 58.5, Diff: 0.1, Sum: 350.8]
      [Termination (ms): Min: 0.0, Avg: 0.0, Max: 0.0, Diff: 0.0, Sum: 0.0]
         [Termination Attempts: Min: 1, Avg: 4.3, Max: 8, Diff: 7, Sum: 26]
      [GC Worker Other (ms): Min: 0.0, Avg: 0.0, Max: 0.0, Diff: 0.0, Sum: 0.1]
      [GC Worker Total (ms): Min: 77.5, Avg: 81.3, Max: 82.7, Diff: 5.2, Sum: 487.6]
      [GC Worker End (ms): Min: 295091650.2, Avg: 295091650.2, Max: 295091650.3, Diff: 0.0]
   [Code Root Fixup: 0.0 ms]
   [Code Root Purge: 0.0 ms]
   [Clear CT: 0.8 ms]
   [Other: 12.1 ms]
      [Choose CSet: 0.0 ms]
      [Ref Proc: 11.3 ms]
      [Ref Enq: 0.1 ms]
      [Redirty Cards: 0.4 ms]
      [Humongous Register: 0.0 ms]
      [Humongous Reclaim: 0.0 ms]
      [Free CSet: 0.1 ms]
   [Eden: 7024.0M(7024.0M)->0.0B(5504.0M) Survivors: 144.0M->224.0M Heap: 11264.0M(14336.0M)->4520.0M(14336.0M)]
 [Times: user=0.51 sys=0.00, real=0.09 secs] 
2022-10-02T21:36:49.937-0600: 295225.016: [GC pause (G1 Evacuation Pause) (mixed), 0.0919158 secs]
   [Parallel Time: 72.2 ms, GC Workers: 6]
      [GC Worker Start (ms): Min: 295225016.6, Avg: 295225016.7, Max: 295225016.7, Diff: 0.1]
      [Ext Root Scanning (ms): Min: 1.9, Avg: 3.3, Max: 4.1, Diff: 2.2, Sum: 19.6]
      [Update RS (ms): Min: 6.5, Avg: 7.9, Max: 12.0, Diff: 5.5, Sum: 47.2]
         [Processed Buffers: Min: 24, Avg: 29.3, Max: 33, Diff: 9, Sum: 176]
      [Scan RS (ms): Min: 0.8, Avg: 4.0, Max: 5.1, Diff: 4.3, Sum: 23.8]
      [Code Root Scanning (ms): Min: 0.0, Avg: 0.0, Max: 0.0, Diff: 0.0, Sum: 0.1]
      [Object Copy (ms): Min: 56.1, Avg: 56.9, Max: 57.3, Diff: 1.2, Sum: 341.5]
      [Termination (ms): Min: 0.0, Avg: 0.0, Max: 0.0, Diff: 0.0, Sum: 0.1]
         [Termination Attempts: Min: 1, Avg: 19.0, Max: 25, Diff: 24, Sum: 114]
      [GC Worker Other (ms): Min: 0.0, Avg: 0.0, Max: 0.0, Diff: 0.0, Sum: 0.1]
      [GC Worker Total (ms): Min: 72.0, Avg: 72.1, Max: 72.1, Diff: 0.1, Sum: 432.3]
      [GC Worker End (ms): Min: 295225088.7, Avg: 295225088.7, Max: 295225088.8, Diff: 0.0]
   [Code Root Fixup: 0.0 ms]
   [Code Root Purge: 0.0 ms]
   [Clear CT: 0.9 ms]
   [Other: 18.8 ms]
      [Choose CSet: 0.1 ms]
      [Ref Proc: 17.5 ms]
      [Ref Enq: 0.0 ms]
      [Redirty Cards: 0.6 ms]
      [Humongous Register: 0.0 ms]
      [Humongous Reclaim: 0.0 ms]
      [Free CSet: 0.4 ms]
   [Eden: 5504.0M(5504.0M)->0.0B(6976.0M) Survivors: 224.0M->192.0M Heap: 10024.0M(14336.0M)->4224.0M(14336.0M)]
 [Times: user=0.46 sys=0.00, real=0.09 secs] 
2022-10-02T21:38:14.790-0600: 295309.870: [GC pause (G1 Evacuation Pause) (young), 0.0788750 secs]
   [Parallel Time: 70.0 ms, GC Workers: 6]
      [GC Worker Start (ms): Min: 295309870.4, Avg: 295309873.9, Max: 295309876.7, Diff: 6.4]
      [Ext Root Scanning (ms): Min: 0.0, Avg: 1.1, Max: 3.1, Diff: 3.1, Sum: 6.4]
      [Update RS (ms): Min: 3.7, Avg: 7.1, Max: 16.3, Diff: 12.6, Sum: 42.5]
         [Processed Buffers: Min: 17, Avg: 33.0, Max: 58, Diff: 41, Sum: 198]
      [Scan RS (ms): Min: 0.0, Avg: 6.4, Max: 8.2, Diff: 8.2, Sum: 38.6]
      [Code Root Scanning (ms): Min: 0.0, Avg: 0.0, Max: 0.0, Diff: 0.0, Sum: 0.0]
      [Object Copy (ms): Min: 50.6, Avg: 51.5, Max: 51.9, Diff: 1.4, Sum: 309.2]
      [Termination (ms): Min: 0.0, Avg: 0.1, Max: 0.1, Diff: 0.1, Sum: 0.5]
         [Termination Attempts: Min: 1, Avg: 151.3, Max: 211, Diff: 210, Sum: 908]
      [GC Worker Other (ms): Min: 0.0, Avg: 0.0, Max: 0.0, Diff: 0.0, Sum: 0.1]
      [GC Worker Total (ms): Min: 63.5, Avg: 66.2, Max: 69.8, Diff: 6.3, Sum: 397.4]
      [GC Worker End (ms): Min: 295309940.2, Avg: 295309940.2, Max: 295309940.2, Diff: 0.0]
   [Code Root Fixup: 0.0 ms]
   [Code Root Purge: 0.0 ms]
   [Clear CT: 1.0 ms]
   [Other: 7.9 ms]
      [Choose CSet: 0.0 ms]
      [Ref Proc: 7.0 ms]
      [Ref Enq: 0.1 ms]
      [Redirty Cards: 0.4 ms]
      [Humongous Register: 0.0 ms]
      [Humongous Reclaim: 0.0 ms]
      [Free CSet: 0.2 ms]
   [Eden: 6976.0M(6976.0M)->0.0B(6944.0M) Survivors: 192.0M->224.0M Heap: 11200.0M(14336.0M)->4400.0M(14336.0M)]
 [Times: user=0.41 sys=0.00, real=0.08 secs] 
2022-10-02T21:39:30.124-0600: 295385.203: [GC pause (GCLocker Initiated GC) (young) (initial-mark), 0.0837744 secs]
   [Parallel Time: 69.8 ms, GC Workers: 6]
      [GC Worker Start (ms): Min: 295385204.7, Avg: 295385206.1, Max: 295385207.4, Diff: 2.7]
      [Ext Root Scanning (ms): Min: 2.5, Avg: 5.9, Max: 11.0, Diff: 8.5, Sum: 35.4]
      [Update RS (ms): Min: 1.5, Avg: 7.9, Max: 10.1, Diff: 8.6, Sum: 47.3]
         [Processed Buffers: Min: 5, Avg: 40.5, Max: 65, Diff: 60, Sum: 243]
      [Scan RS (ms): Min: 6.2, Avg: 6.4, Max: 6.5, Diff: 0.2, Sum: 38.2]
      [Code Root Scanning (ms): Min: 0.0, Avg: 0.0, Max: 0.0, Diff: 0.0, Sum: 0.0]
      [Object Copy (ms): Min: 46.7, Avg: 46.8, Max: 46.9, Diff: 0.2, Sum: 280.8]
      [Termination (ms): Min: 0.0, Avg: 0.0, Max: 0.0, Diff: 0.0, Sum: 0.0]
         [Termination Attempts: Min: 1, Avg: 1.2, Max: 2, Diff: 1, Sum: 7]
      [GC Worker Other (ms): Min: 0.0, Avg: 0.0, Max: 0.0, Diff: 0.0, Sum: 0.1]
      [GC Worker Total (ms): Min: 65.6, Avg: 67.0, Max: 68.3, Diff: 2.7, Sum: 401.9]
      [GC Worker End (ms): Min: 295385273.0, Avg: 295385273.0, Max: 295385273.1, Diff: 0.0]
   [Code Root Fixup: 0.0 ms]
   [Code Root Purge: 0.0 ms]
   [Clear CT: 0.9 ms]
   [Other: 13.0 ms]
      [Choose CSet: 0.0 ms]
      [Ref Proc: 12.3 ms]
      [Ref Enq: 0.1 ms]
      [Redirty Cards: 0.3 ms]
      [Humongous Register: 0.0 ms]
      [Humongous Reclaim: 0.0 ms]
      [Free CSet: 0.2 ms]
   [Eden: 6960.0M(6944.0M)->0.0B(6944.0M) Survivors: 224.0M->224.0M Heap: 11347.0M(14336.0M)->4520.0M(14336.0M)]
 [Times: user=0.42 sys=0.00, real=0.09 secs] 
2022-10-02T21:39:30.207-0600: 295385.287: [GC concurrent-root-region-scan-start]
2022-10-02T21:39:30.262-0600: 295385.342: [GC concurrent-root-region-scan-end, 0.0548317 secs]
2022-10-02T21:39:30.262-0600: 295385.342: [GC concurrent-mark-start]
2022-10-02T21:39:31.559-0600: 295386.639: [GC concurrent-mark-end, 1.2966808 secs]
2022-10-02T21:39:31.559-0600: 295386.639: [GC remark 2022-10-02T21:39:31.559-0600: 295386.639: [Finalize Marking, 0.0006883 secs] 2022-10-02T21:39:31.560-0600: 295386.640: [GC ref-proc, 0.0200822 secs] 2022-10-02T21:39:31.580-0600: 295386.660: [Unloading, 0.0307149 secs], 0.0560024 secs]
 [Times: user=0.21 sys=0.00, real=0.06 secs] 
2022-10-02T21:39:31.615-0600: 295386.695: [GC cleanup 4648M->4536M(14336M), 0.0082463 secs]
 [Times: user=0.03 sys=0.00, real=0.00 secs] 
2022-10-02T21:39:31.624-0600: 295386.703: [GC concurrent-cleanup-start]
2022-10-02T21:39:31.624-0600: 295386.703: [GC concurrent-cleanup-end, 0.0000253 secs]
2022-10-02T21:40:45.140-0600: 295460.220: [GC pause (G1 Evacuation Pause) (young), 0.0948526 secs]
   [Parallel Time: 79.8 ms, GC Workers: 6]
      [GC Worker Start (ms): Min: 295460219.8, Avg: 295460223.8, Max: 295460232.7, Diff: 12.9]
      [Ext Root Scanning (ms): Min: 0.0, Avg: 1.1, Max: 3.2, Diff: 3.2, Sum: 6.4]
      [Update RS (ms): Min: 23.6, Avg: 31.4, Max: 34.2, Diff: 10.6, Sum: 188.5]
         [Processed Buffers: Min: 33, Avg: 39.8, Max: 46, Diff: 13, Sum: 239]
      [Scan RS (ms): Min: 0.2, Avg: 0.3, Max: 0.3, Diff: 0.2, Sum: 1.7]
      [Code Root Scanning (ms): Min: 0.0, Avg: 0.0, Max: 0.0, Diff: 0.0, Sum: 0.0]
      [Object Copy (ms): Min: 42.9, Avg: 43.0, Max: 43.1, Diff: 0.2, Sum: 257.9]
      [Termination (ms): Min: 0.0, Avg: 0.0, Max: 0.0, Diff: 0.0, Sum: 0.0]
         [Termination Attempts: Min: 1, Avg: 6.2, Max: 10, Diff: 9, Sum: 37]
      [GC Worker Other (ms): Min: 0.0, Avg: 0.0, Max: 0.0, Diff: 0.0, Sum: 0.1]
      [GC Worker Total (ms): Min: 66.8, Avg: 75.8, Max: 79.7, Diff: 12.9, Sum: 454.7]
      [GC Worker End (ms): Min: 295460299.5, Avg: 295460299.5, Max: 295460299.6, Diff: 0.0]
   [Code Root Fixup: 0.0 ms]
   [Code Root Purge: 0.0 ms]
   [Clear CT: 0.8 ms]
   [Other: 14.2 ms]
      [Choose CSet: 0.0 ms]
      [Ref Proc: 13.6 ms]
      [Ref Enq: 0.3 ms]
      [Redirty Cards: 0.1 ms]
      [Humongous Register: 0.0 ms]
      [Humongous Reclaim: 0.0 ms]
      [Free CSet: 0.1 ms]
   [Eden: 6944.0M(6944.0M)->0.0B(5504.0M) Survivors: 224.0M->224.0M Heap: 11352.0M(14336.0M)->4484.9M(14336.0M)]
 [Times: user=0.48 sys=0.00, real=0.10 secs] 
2022-10-02T21:42:00.839-0600: 295535.919: [GC pause (G1 Evacuation Pause) (mixed), 0.0750690 secs]
   [Parallel Time: 63.0 ms, GC Workers: 6]
      [GC Worker Start (ms): Min: 295535918.7, Avg: 295535924.0, Max: 295535936.7, Diff: 18.0]
      [Ext Root Scanning (ms): Min: 0.0, Avg: 1.3, Max: 3.5, Diff: 3.5, Sum: 7.7]
      [Update RS (ms): Min: 0.0, Avg: 8.1, Max: 15.3, Diff: 15.3, Sum: 48.9]
         [Processed Buffers: Min: 0, Avg: 30.0, Max: 52, Diff: 52, Sum: 180]
      [Scan RS (ms): Min: 0.0, Avg: 1.1, Max: 1.7, Diff: 1.7, Sum: 6.7]
      [Code Root Scanning (ms): Min: 0.0, Avg: 0.0, Max: 0.2, Diff: 0.2, Sum: 0.2]
      [Object Copy (ms): Min: 44.9, Avg: 47.0, Max: 48.1, Diff: 3.2, Sum: 281.7]
      [Termination (ms): Min: 0.0, Avg: 0.0, Max: 0.0, Diff: 0.0, Sum: 0.0]
         [Termination Attempts: Min: 1, Avg: 2.0, Max: 3, Diff: 2, Sum: 12]
      [GC Worker Other (ms): Min: 0.0, Avg: 0.0, Max: 0.0, Diff: 0.0, Sum: 0.1]
      [GC Worker Total (ms): Min: 44.9, Avg: 57.5, Max: 62.9, Diff: 18.0, Sum: 345.3]
      [GC Worker End (ms): Min: 295535981.6, Avg: 295535981.6, Max: 295535981.6, Diff: 0.0]
   [Code Root Fixup: 0.0 ms]
   [Code Root Purge: 0.0 ms]
   [Clear CT: 1.3 ms]
   [Other: 10.8 ms]
      [Choose CSet: 0.1 ms]
      [Ref Proc: 9.9 ms]
      [Ref Enq: 0.1 ms]
      [Redirty Cards: 0.2 ms]
      [Humongous Register: 0.0 ms]
      [Humongous Reclaim: 0.0 ms]
      [Free CSet: 0.4 ms]
   [Eden: 5504.0M(5504.0M)->0.0B(6976.0M) Survivors: 224.0M->192.0M Heap: 9988.9M(14336.0M)->3817.1M(14336.0M)]
 [Times: user=0.36 sys=0.00, real=0.08 secs] 
2022-10-02T21:43:33.209-0600: 295628.289: [GC pause (G1 Evacuation Pause) (young), 0.0859161 secs]
   [Parallel Time: 72.2 ms, GC Workers: 6]
      [GC Worker Start (ms): Min: 295628289.2, Avg: 295628301.5, Max: 295628316.7, Diff: 27.6]
      [Ext Root Scanning (ms): Min: 0.0, Avg: 1.2, Max: 3.7, Diff: 3.7, Sum: 7.2]
      [Update RS (ms): Min: 0.0, Avg: 5.6, Max: 12.6, Diff: 12.6, Sum: 33.8]
         [Processed Buffers: Min: 0, Avg: 48.7, Max: 134, Diff: 134, Sum: 292]
      [Scan RS (ms): Min: 0.1, Avg: 4.5, Max: 11.5, Diff: 11.4, Sum: 26.8]
      [Code Root Scanning (ms): Min: 0.0, Avg: 0.0, Max: 0.0, Diff: 0.0, Sum: 0.0]
      [Object Copy (ms): Min: 44.0, Avg: 48.2, Max: 50.5, Diff: 6.5, Sum: 289.3]
      [Termination (ms): Min: 0.0, Avg: 0.0, Max: 0.0, Diff: 0.0, Sum: 0.2]
         [Termination Attempts: Min: 1, Avg: 48.3, Max: 63, Diff: 62, Sum: 290]
      [GC Worker Other (ms): Min: 0.0, Avg: 0.0, Max: 0.0, Diff: 0.0, Sum: 0.1]
      [GC Worker Total (ms): Min: 44.4, Avg: 59.6, Max: 71.9, Diff: 27.6, Sum: 357.4]
      [GC Worker End (ms): Min: 295628361.1, Avg: 295628361.1, Max: 295628361.1, Diff: 0.0]
   [Code Root Fixup: 0.0 ms]
   [Code Root Purge: 0.0 ms]
   [Clear CT: 0.9 ms]
   [Other: 12.8 ms]
      [Choose CSet: 0.0 ms]
      [Ref Proc: 12.2 ms]
      [Ref Enq: 0.1 ms]
      [Redirty Cards: 0.2 ms]
      [Humongous Register: 0.0 ms]
      [Humongous Reclaim: 0.0 ms]
      [Free CSet: 0.2 ms]
   [Eden: 6976.0M(6976.0M)->0.0B(6944.0M) Survivors: 192.0M->224.0M Heap: 10793.1M(14336.0M)->3960.0M(14336.0M)]
 [Times: user=0.38 sys=0.00, real=0.09 secs] 
2022-10-02T21:44:43.075-0600: 295698.155: [GC pause (GCLocker Initiated GC) (young) (initial-mark), 0.0659874 secs]
   [Parallel Time: 51.9 ms, GC Workers: 6]
      [GC Worker Start (ms): Min: 295698155.9, Avg: 295698159.0, Max: 295698160.3, Diff: 4.5]
      [Ext Root Scanning (ms): Min: 2.1, Avg: 6.7, Max: 14.2, Diff: 12.0, Sum: 40.4]
      [Update RS (ms): Min: 0.0, Avg: 8.1, Max: 11.3, Diff: 11.3, Sum: 48.5]
         [Processed Buffers: Min: 0, Avg: 43.3, Max: 68, Diff: 68, Sum: 260]
      [Scan RS (ms): Min: 3.1, Avg: 3.7, Max: 3.9, Diff: 0.8, Sum: 22.3]
      [Code Root Scanning (ms): Min: 0.0, Avg: 0.0, Max: 0.0, Diff: 0.0, Sum: 0.0]
      [Object Copy (ms): Min: 28.7, Avg: 28.8, Max: 29.1, Diff: 0.4, Sum: 172.9]
      [Termination (ms): Min: 0.0, Avg: 0.0, Max: 0.0, Diff: 0.0, Sum: 0.0]
         [Termination Attempts: Min: 1, Avg: 2.7, Max: 5, Diff: 4, Sum: 16]
      [GC Worker Other (ms): Min: 0.0, Avg: 0.0, Max: 0.1, Diff: 0.0, Sum: 0.1]
      [GC Worker Total (ms): Min: 46.0, Avg: 47.4, Max: 50.5, Diff: 4.5, Sum: 284.3]
      [GC Worker End (ms): Min: 295698206.3, Avg: 295698206.3, Max: 295698206.4, Diff: 0.0]
   [Code Root Fixup: 0.0 ms]
   [Code Root Purge: 0.0 ms]
   [Clear CT: 1.0 ms]
   [Other: 13.2 ms]
      [Choose CSet: 0.0 ms]
      [Ref Proc: 12.5 ms]
      [Ref Enq: 0.1 ms]
      [Redirty Cards: 0.3 ms]
      [Humongous Register: 0.0 ms]
      [Humongous Reclaim: 0.0 ms]
      [Free CSet: 0.2 ms]
   [Eden: 6960.0M(6944.0M)->0.0B(6960.0M) Survivors: 224.0M->208.0M Heap: 10912.0M(14336.0M)->3994.5M(14336.0M)]
 [Times: user=0.30 sys=0.00, real=0.06 secs] 
2022-10-02T21:44:43.141-0600: 295698.221: [GC concurrent-root-region-scan-start]
2022-10-02T21:44:43.172-0600: 295698.252: [GC concurrent-root-region-scan-end, 0.0315484 secs]
2022-10-02T21:44:43.172-0600: 295698.252: [GC concurrent-mark-start]
2022-10-02T21:44:44.532-0600: 295699.612: [GC concurrent-mark-end, 1.3594233 secs]
2022-10-02T21:44:44.532-0600: 295699.612: [GC remark 2022-10-02T21:44:44.532-0600: 295699.612: [Finalize Marking, 0.0016120 secs] 2022-10-02T21:44:44.534-0600: 295699.613: [GC ref-proc, 0.0209128 secs] 2022-10-02T21:44:44.554-0600: 295699.634: [Unloading, 0.0314660 secs], 0.0619711 secs]
 [Times: user=0.21 sys=0.00, real=0.07 secs] 
2022-10-02T21:44:44.594-0600: 295699.674: [GC cleanup 4183M->4119M(14336M), 0.0079420 secs]
 [Times: user=0.02 sys=0.00, real=0.00 secs] 
2022-10-02T21:44:44.602-0600: 295699.682: [GC concurrent-cleanup-start]
2022-10-02T21:44:44.602-0600: 295699.682: [GC concurrent-cleanup-end, 0.0000142 secs]
2022-10-02T21:45:33.690-0600: 295748.770: [GC pause (G1 Evacuation Pause) (young), 0.1100472 secs]
   [Parallel Time: 98.5 ms, GC Workers: 6]
      [GC Worker Start (ms): Min: 295748769.7, Avg: 295748770.6, Max: 295748772.7, Diff: 3.0]
      [Ext Root Scanning (ms): Min: 0.0, Avg: 1.1, Max: 3.0, Diff: 3.0, Sum: 6.8]
      [Update RS (ms): Min: 43.5, Avg: 44.5, Max: 45.1, Diff: 1.7, Sum: 266.8]
         [Processed Buffers: Min: 40, Avg: 47.7, Max: 52, Diff: 12, Sum: 286]
      [Scan RS (ms): Min: 0.0, Avg: 0.1, Max: 0.1, Diff: 0.1, Sum: 0.3]
      [Code Root Scanning (ms): Min: 0.0, Avg: 0.0, Max: 0.0, Diff: 0.0, Sum: 0.0]
      [Object Copy (ms): Min: 51.8, Avg: 51.9, Max: 52.0, Diff: 0.2, Sum: 311.1]
      [Termination (ms): Min: 0.0, Avg: 0.0, Max: 0.0, Diff: 0.0, Sum: 0.0]
         [Termination Attempts: Min: 1, Avg: 1.0, Max: 1, Diff: 0, Sum: 6]
      [GC Worker Other (ms): Min: 0.0, Avg: 0.0, Max: 0.0, Diff: 0.0, Sum: 0.1]
      [GC Worker Total (ms): Min: 95.4, Avg: 97.5, Max: 98.4, Diff: 3.0, Sum: 585.2]
      [GC Worker End (ms): Min: 295748868.2, Avg: 295748868.2, Max: 295748868.2, Diff: 0.0]
   [Code Root Fixup: 0.0 ms]
   [Code Root Purge: 0.0 ms]
   [Clear CT: 1.5 ms]
   [Other: 10.0 ms]
      [Choose CSet: 0.0 ms]
      [Ref Proc: 9.4 ms]
      [Ref Enq: 0.2 ms]
      [Redirty Cards: 0.1 ms]
      [Humongous Register: 0.0 ms]
      [Humongous Reclaim: 0.0 ms]
      [Free CSet: 0.2 ms]
   [Eden: 6960.0M(6960.0M)->0.0B(5504.0M) Survivors: 208.0M->224.0M Heap: 10890.5M(14336.0M)->4023.7M(14336.0M)]
 [Times: user=0.61 sys=0.00, real=0.11 secs] 
2022-10-02T21:46:55.140-0600: 295830.220: [GC pause (G1 Evacuation Pause) (mixed), 0.0705065 secs]
   [Parallel Time: 56.3 ms, GC Workers: 6]
      [GC Worker Start (ms): Min: 295830219.9, Avg: 295830223.2, Max: 295830228.8, Diff: 8.9]
      [Ext Root Scanning (ms): Min: 0.0, Avg: 2.4, Max: 8.6, Diff: 8.6, Sum: 14.4]
      [Update RS (ms): Min: 3.0, Avg: 6.1, Max: 9.8, Diff: 6.8, Sum: 36.9]
         [Processed Buffers: Min: 12, Avg: 23.3, Max: 38, Diff: 26, Sum: 140]
      [Scan RS (ms): Min: 0.5, Avg: 0.6, Max: 0.7, Diff: 0.2, Sum: 3.4]
      [Code Root Scanning (ms): Min: 0.0, Avg: 0.0, Max: 0.1, Diff: 0.1, Sum: 0.2]
      [Object Copy (ms): Min: 43.6, Avg: 43.7, Max: 43.9, Diff: 0.3, Sum: 262.4]
      [Termination (ms): Min: 0.0, Avg: 0.0, Max: 0.0, Diff: 0.0, Sum: 0.0]
         [Termination Attempts: Min: 1, Avg: 4.7, Max: 7, Diff: 6, Sum: 28]
      [GC Worker Other (ms): Min: 0.0, Avg: 0.0, Max: 0.0, Diff: 0.0, Sum: 0.1]
      [GC Worker Total (ms): Min: 47.3, Avg: 52.9, Max: 56.2, Diff: 8.9, Sum: 317.5]
      [GC Worker End (ms): Min: 295830276.1, Avg: 295830276.1, Max: 295830276.1, Diff: 0.0]
   [Code Root Fixup: 0.0 ms]
   [Code Root Purge: 0.0 ms]
   [Clear CT: 0.6 ms]
   [Other: 13.7 ms]
      [Choose CSet: 0.0 ms]
      [Ref Proc: 13.0 ms]
      [Ref Enq: 0.1 ms]
      [Redirty Cards: 0.2 ms]
      [Humongous Register: 0.0 ms]
      [Humongous Reclaim: 0.0 ms]
      [Free CSet: 0.2 ms]
   [Eden: 5504.0M(5504.0M)->0.0B(7072.0M) Survivors: 224.0M->98304.0K Heap: 9527.7M(14336.0M)->3894.8M(14336.0M)]
 [Times: user=0.33 sys=0.00, real=0.07 secs] 
2022-10-02T21:48:39.340-0600: 295934.420: [GC pause (G1 Evacuation Pause) (young), 0.0362536 secs]
   [Parallel Time: 25.7 ms, GC Workers: 6]
      [GC Worker Start (ms): Min: 295934420.3, Avg: 295934422.6, Max: 295934432.7, Diff: 12.4]
      [Ext Root Scanning (ms): Min: 0.0, Avg: 1.3, Max: 3.5, Diff: 3.5, Sum: 7.7]
      [Update RS (ms): Min: 0.0, Avg: 4.5, Max: 5.9, Diff: 5.9, Sum: 27.2]
         [Processed Buffers: Min: 0, Avg: 45.7, Max: 63, Diff: 63, Sum: 274]
      [Scan RS (ms): Min: 5.6, Avg: 10.4, Max: 13.2, Diff: 7.6, Sum: 62.3]
      [Code Root Scanning (ms): Min: 0.0, Avg: 0.0, Max: 0.0, Diff: 0.0, Sum: 0.0]
      [Object Copy (ms): Min: 5.1, Avg: 7.0, Max: 7.6, Diff: 2.5, Sum: 42.3]
      [Termination (ms): Min: 0.0, Avg: 0.0, Max: 0.0, Diff: 0.0, Sum: 0.2]
         [Termination Attempts: Min: 1, Avg: 73.3, Max: 94, Diff: 93, Sum: 440]
      [GC Worker Other (ms): Min: 0.0, Avg: 0.0, Max: 0.0, Diff: 0.0, Sum: 0.1]
      [GC Worker Total (ms): Min: 13.2, Avg: 23.3, Max: 25.5, Diff: 12.4, Sum: 139.9]
      [GC Worker End (ms): Min: 295934445.9, Avg: 295934445.9, Max: 295934445.9, Diff: 0.0]
   [Code Root Fixup: 0.0 ms]
   [Code Root Purge: 0.0 ms]
   [Clear CT: 0.8 ms]
   [Other: 9.8 ms]
      [Choose CSet: 0.0 ms]
      [Ref Proc: 9.0 ms]
      [Ref Enq: 0.1 ms]
      [Redirty Cards: 0.3 ms]
      [Humongous Register: 0.0 ms]
      [Humongous Reclaim: 0.0 ms]
      [Free CSet: 0.2 ms]
   [Eden: 7072.0M(7072.0M)->0.0B(7072.0M) Survivors: 98304.0K->98304.0K Heap: 10966.8M(14336.0M)->3952.0M(14336.0M)]
 [Times: user=0.16 sys=0.00, real=0.04 secs] 
2022-10-02T21:50:24.941-0600: 296040.021: [GC pause (G1 Evacuation Pause) (young) (initial-mark), 0.0468031 secs]
   [Parallel Time: 33.3 ms, GC Workers: 6]
      [GC Worker Start (ms): Min: 296040022.2, Avg: 296040025.2, Max: 296040026.5, Diff: 4.3]
      [Ext Root Scanning (ms): Min: 2.4, Avg: 6.3, Max: 9.3, Diff: 6.9, Sum: 37.6]
      [Update RS (ms): Min: 2.8, Avg: 6.1, Max: 11.8, Diff: 9.0, Sum: 36.5]
         [Processed Buffers: Min: 24, Avg: 42.7, Max: 81, Diff: 57, Sum: 256]
      [Scan RS (ms): Min: 6.8, Avg: 9.9, Max: 10.6, Diff: 3.9, Sum: 59.5]
      [Code Root Scanning (ms): Min: 0.0, Avg: 0.0, Max: 0.0, Diff: 0.0, Sum: 0.0]
      [Object Copy (ms): Min: 6.3, Avg: 6.4, Max: 6.6, Diff: 0.3, Sum: 38.5]
      [Termination (ms): Min: 0.0, Avg: 0.0, Max: 0.0, Diff: 0.0, Sum: 0.0]
         [Termination Attempts: Min: 1, Avg: 10.3, Max: 15, Diff: 14, Sum: 62]
      [GC Worker Other (ms): Min: 0.0, Avg: 0.0, Max: 0.0, Diff: 0.0, Sum: 0.1]
      [GC Worker Total (ms): Min: 27.4, Avg: 28.7, Max: 31.7, Diff: 4.3, Sum: 172.2]
      [GC Worker End (ms): Min: 296040053.9, Avg: 296040053.9, Max: 296040053.9, Diff: 0.0]
   [Code Root Fixup: 0.0 ms]
   [Code Root Purge: 0.0 ms]
   [Clear CT: 0.9 ms]
   [Other: 12.6 ms]
      [Choose CSet: 0.0 ms]
      [Ref Proc: 11.8 ms]
      [Ref Enq: 0.1 ms]
      [Redirty Cards: 0.4 ms]
      [Humongous Register: 0.0 ms]
      [Humongous Reclaim: 0.0 ms]
      [Free CSet: 0.1 ms]
   [Eden: 7072.0M(7072.0M)->0.0B(7136.0M) Survivors: 98304.0K->32768.0K Heap: 11024.0M(14336.0M)->3942.8M(14336.0M)]
 [Times: user=0.17 sys=0.00, real=0.05 secs] 
2022-10-02T21:50:24.988-0600: 296040.068: [GC concurrent-root-region-scan-start]
2022-10-02T21:50:24.997-0600: 296040.077: [GC concurrent-root-region-scan-end, 0.0093384 secs]
2022-10-02T21:50:24.997-0600: 296040.077: [GC concurrent-mark-start]
2022-10-02T21:50:26.376-0600: 296041.456: [GC concurrent-mark-end, 1.3793258 secs]
2022-10-02T21:50:26.376-0600: 296041.456: [GC remark 2022-10-02T21:50:26.377-0600: 296041.456: [Finalize Marking, 0.0010396 secs] 2022-10-02T21:50:26.378-0600: 296041.457: [GC ref-proc, 0.0244545 secs] 2022-10-02T21:50:26.402-0600: 296041.482: [Unloading, 0.0307554 secs], 0.0618585 secs]
 [Times: user=0.20 sys=0.00, real=0.06 secs] 
2022-10-02T21:50:26.439-0600: 296041.519: [GC cleanup 4030M->4030M(14336M), 0.0105691 secs]
 [Times: user=0.03 sys=0.00, real=0.01 secs] 
2022-10-02T21:51:55.495-0600: 296130.574: [GC pause (GCLocker Initiated GC) (young), 0.0371739 secs]
   [Parallel Time: 24.6 ms, GC Workers: 6]
      [GC Worker Start (ms): Min: 296130574.5, Avg: 296130576.6, Max: 296130580.7, Diff: 6.2]
      [Ext Root Scanning (ms): Min: 0.0, Avg: 1.3, Max: 3.4, Diff: 3.4, Sum: 8.0]
      [Update RS (ms): Min: 7.9, Avg: 12.7, Max: 18.9, Diff: 11.0, Sum: 76.1]
         [Processed Buffers: Min: 27, Avg: 51.8, Max: 90, Diff: 63, Sum: 311]
      [Scan RS (ms): Min: 0.0, Avg: 0.2, Max: 0.4, Diff: 0.3, Sum: 1.3]
      [Code Root Scanning (ms): Min: 0.0, Avg: 0.0, Max: 0.0, Diff: 0.0, Sum: 0.0]
      [Object Copy (ms): Min: 2.2, Avg: 8.2, Max: 10.2, Diff: 8.0, Sum: 48.9]
      [Termination (ms): Min: 0.0, Avg: 0.0, Max: 0.0, Diff: 0.0, Sum: 0.1]
         [Termination Attempts: Min: 5, Avg: 15.2, Max: 21, Diff: 16, Sum: 91]
      [GC Worker Other (ms): Min: 0.0, Avg: 0.0, Max: 0.0, Diff: 0.0, Sum: 0.1]
      [GC Worker Total (ms): Min: 18.3, Avg: 22.4, Max: 24.5, Diff: 6.2, Sum: 134.5]
      [GC Worker End (ms): Min: 296130599.0, Avg: 296130599.0, Max: 296130599.0, Diff: 0.0]
   [Code Root Fixup: 0.0 ms]
   [Code Root Purge: 0.0 ms]
   [Clear CT: 0.8 ms]
   [Other: 11.8 ms]
      [Choose CSet: 0.0 ms]
      [Ref Proc: 11.3 ms]
      [Ref Enq: 0.1 ms]
      [Redirty Cards: 0.1 ms]
      [Humongous Register: 0.0 ms]
      [Humongous Reclaim: 0.0 ms]
      [Free CSet: 0.2 ms]
   [Eden: 7152.0M(7136.0M)->0.0B(5664.0M) Survivors: 32768.0K->65536.0K Heap: 11083.4M(14336.0M)->3979.5M(14336.0M)]
 [Times: user=0.12 sys=0.00, real=0.03 secs] 
2022-10-02T21:53:09.536-0600: 296204.616: [GC pause (G1 Evacuation Pause) (mixed), 0.0483419 secs]
   [Parallel Time: 35.5 ms, GC Workers: 6]
      [GC Worker Start (ms): Min: 296204616.4, Avg: 296204616.4, Max: 296204616.4, Diff: 0.1]
      [Ext Root Scanning (ms): Min: 1.0, Avg: 1.7, Max: 4.3, Diff: 3.3, Sum: 10.0]
      [Update RS (ms): Min: 1.0, Avg: 3.6, Max: 4.4, Diff: 3.3, Sum: 21.5]
         [Processed Buffers: Min: 13, Avg: 18.0, Max: 22, Diff: 9, Sum: 108]
      [Scan RS (ms): Min: 5.8, Avg: 6.0, Max: 6.1, Diff: 0.3, Sum: 36.3]
      [Code Root Scanning (ms): Min: 0.0, Avg: 0.1, Max: 0.5, Diff: 0.5, Sum: 0.7]
      [Object Copy (ms): Min: 23.8, Avg: 23.9, Max: 24.0, Diff: 0.2, Sum: 143.3]
      [Termination (ms): Min: 0.0, Avg: 0.0, Max: 0.0, Diff: 0.0, Sum: 0.1]
         [Termination Attempts: Min: 1, Avg: 19.2, Max: 31, Diff: 30, Sum: 115]
      [GC Worker Other (ms): Min: 0.0, Avg: 0.0, Max: 0.0, Diff: 0.0, Sum: 0.2]
      [GC Worker Total (ms): Min: 35.3, Avg: 35.3, Max: 35.4, Diff: 0.1, Sum: 211.9]
      [GC Worker End (ms): Min: 296204651.7, Avg: 296204651.7, Max: 296204651.7, Diff: 0.0]
   [Code Root Fixup: 0.0 ms]
   [Code Root Purge: 0.0 ms]
   [Clear CT: 1.1 ms]
   [Other: 11.7 ms]
      [Choose CSet: 0.1 ms]
      [Ref Proc: 11.0 ms]
      [Ref Enq: 0.1 ms]
      [Redirty Cards: 0.3 ms]
      [Humongous Register: 0.0 ms]
      [Humongous Reclaim: 0.0 ms]
      [Free CSet: 0.2 ms]
   [Eden: 5664.0M(5664.0M)->0.0B(7072.0M) Survivors: 65536.0K->98304.0K Heap: 9643.5M(14336.0M)->3840.7M(14336.0M)]
 [Times: user=0.24 sys=0.00, real=0.04 secs] 
2022-10-02T21:54:54.669-0600: 296309.749: [GC pause (G1 Evacuation Pause) (young), 0.0327927 secs]
   [Parallel Time: 18.1 ms, GC Workers: 6]
      [GC Worker Start (ms): Min: 296309748.8, Avg: 296309750.3, Max: 296309752.7, Diff: 3.9]
      [Ext Root Scanning (ms): Min: 0.0, Avg: 1.1, Max: 3.2, Diff: 3.2, Sum: 6.9]
      [Update RS (ms): Min: 8.7, Avg: 10.1, Max: 10.8, Diff: 2.1, Sum: 60.6]
         [Processed Buffers: Min: 18, Avg: 41.7, Max: 68, Diff: 50, Sum: 250]
      [Scan RS (ms): Min: 0.0, Avg: 1.4, Max: 1.8, Diff: 1.8, Sum: 8.5]
      [Code Root Scanning (ms): Min: 0.0, Avg: 0.0, Max: 0.0, Diff: 0.0, Sum: 0.0]
      [Object Copy (ms): Min: 3.6, Avg: 3.7, Max: 3.8, Diff: 0.3, Sum: 22.1]
      [Termination (ms): Min: 0.0, Avg: 0.0, Max: 0.0, Diff: 0.0, Sum: 0.0]
         [Termination Attempts: Min: 1, Avg: 12.0, Max: 21, Diff: 20, Sum: 72]
      [GC Worker Other (ms): Min: 0.0, Avg: 0.0, Max: 0.1, Diff: 0.0, Sum: 0.2]
      [GC Worker Total (ms): Min: 14.0, Avg: 16.4, Max: 17.9, Diff: 4.0, Sum: 98.3]
      [GC Worker End (ms): Min: 296309766.7, Avg: 296309766.7, Max: 296309766.7, Diff: 0.0]
   [Code Root Fixup: 0.0 ms]
   [Code Root Purge: 0.0 ms]
   [Clear CT: 0.9 ms]
   [Other: 13.8 ms]
      [Choose CSet: 0.0 ms]
      [Ref Proc: 13.3 ms]
      [Ref Enq: 0.1 ms]
      [Redirty Cards: 0.1 ms]
      [Humongous Register: 0.0 ms]
      [Humongous Reclaim: 0.0 ms]
      [Free CSet: 0.1 ms]
   [Eden: 7072.0M(7072.0M)->0.0B(7136.0M) Survivors: 98304.0K->32768.0K Heap: 10912.7M(14336.0M)->3828.9M(14336.0M)]
 [Times: user=0.12 sys=0.00, real=0.03 secs] 
2022-10-02T21:56:39.788-0600: 296414.868: [GC pause (G1 Evacuation Pause) (young) (initial-mark), 0.0326507 secs]
   [Parallel Time: 21.1 ms, GC Workers: 6]
      [GC Worker Start (ms): Min: 296414869.3, Avg: 296414871.1, Max: 296414872.5, Diff: 3.1]
      [Ext Root Scanning (ms): Min: 1.8, Avg: 8.0, Max: 14.0, Diff: 12.2, Sum: 47.9]
      [Update RS (ms): Min: 0.0, Avg: 6.8, Max: 14.5, Diff: 14.5, Sum: 40.9]
         [Processed Buffers: Min: 0, Avg: 31.0, Max: 66, Diff: 66, Sum: 186]
      [Scan RS (ms): Min: 0.0, Avg: 0.0, Max: 0.1, Diff: 0.1, Sum: 0.2]
      [Code Root Scanning (ms): Min: 0.0, Avg: 0.0, Max: 0.0, Diff: 0.0, Sum: 0.0]
      [Object Copy (ms): Min: 0.0, Avg: 1.6, Max: 2.3, Diff: 2.3, Sum: 9.5]
      [Termination (ms): Min: 0.0, Avg: 1.3, Max: 1.6, Diff: 1.6, Sum: 7.7]
         [Termination Attempts: Min: 1, Avg: 3.7, Max: 8, Diff: 7, Sum: 22]
      [GC Worker Other (ms): Min: 0.0, Avg: 0.0, Max: 0.0, Diff: 0.0, Sum: 0.0]
      [GC Worker Total (ms): Min: 16.3, Avg: 17.7, Max: 19.5, Diff: 3.2, Sum: 106.3]
      [GC Worker End (ms): Min: 296414888.8, Avg: 296414888.8, Max: 296414888.9, Diff: 0.1]
   [Code Root Fixup: 0.0 ms]
   [Code Root Purge: 0.0 ms]
   [Clear CT: 0.7 ms]
   [Other: 10.8 ms]
      [Choose CSet: 0.0 ms]
      [Ref Proc: 10.4 ms]
      [Ref Enq: 0.1 ms]
      [Redirty Cards: 0.1 ms]
      [Humongous Register: 0.0 ms]
      [Humongous Reclaim: 0.0 ms]
      [Free CSet: 0.2 ms]
   [Eden: 7136.0M(7136.0M)->0.0B(7152.0M) Survivors: 32768.0K->16384.0K Heap: 10964.9M(14336.0M)->3839.4M(14336.0M)]
 [Times: user=0.09 sys=0.00, real=0.03 secs] 
2022-10-02T21:56:39.821-0600: 296414.901: [GC concurrent-root-region-scan-start]
2022-10-02T21:56:39.828-0600: 296414.908: [GC concurrent-root-region-scan-end, 0.0076062 secs]
2022-10-02T21:56:39.828-0600: 296414.908: [GC concurrent-mark-start]
2022-10-02T21:56:41.211-0600: 296416.291: [GC concurrent-mark-end, 1.3823019 secs]
2022-10-02T21:56:41.211-0600: 296416.291: [GC remark 2022-10-02T21:56:41.211-0600: 296416.291: [Finalize Marking, 0.0021094 secs] 2022-10-02T21:56:41.213-0600: 296416.293: [GC ref-proc, 0.0235588 secs] 2022-10-02T21:56:41.237-0600: 296416.316: [Unloading, 0.0286416 secs], 0.0590953 secs]
 [Times: user=0.23 sys=0.00, real=0.06 secs] 
2022-10-02T21:56:41.270-0600: 296416.350: [GC cleanup 3967M->3967M(14336M), 0.0099272 secs]
 [Times: user=0.03 sys=0.00, real=0.01 secs] 
2022-10-02T21:58:24.137-0600: 296519.217: [GC pause (G1 Evacuation Pause) (young), 0.0272894 secs]
   [Parallel Time: 11.9 ms, GC Workers: 6]
      [GC Worker Start (ms): Min: 296519216.9, Avg: 296519221.0, Max: 296519225.6, Diff: 8.6]
      [Ext Root Scanning (ms): Min: 0.0, Avg: 1.2, Max: 3.6, Diff: 3.5, Sum: 7.2]
      [Update RS (ms): Min: 0.0, Avg: 1.4, Max: 3.4, Diff: 3.4, Sum: 8.4]
         [Processed Buffers: Min: 0, Avg: 7.7, Max: 23, Diff: 23, Sum: 46]
      [Scan RS (ms): Min: 0.0, Avg: 0.0, Max: 0.1, Diff: 0.1, Sum: 0.2]
      [Code Root Scanning (ms): Min: 0.0, Avg: 0.0, Max: 0.0, Diff: 0.0, Sum: 0.0]
      [Object Copy (ms): Min: 0.0, Avg: 2.0, Max: 6.2, Diff: 6.2, Sum: 12.1]
      [Termination (ms): Min: 0.0, Avg: 3.1, Max: 3.8, Diff: 3.8, Sum: 18.5]
         [Termination Attempts: Min: 1, Avg: 4.3, Max: 9, Diff: 8, Sum: 26]
      [GC Worker Other (ms): Min: 0.0, Avg: 0.0, Max: 0.0, Diff: 0.0, Sum: 0.0]
      [GC Worker Total (ms): Min: 3.2, Avg: 7.7, Max: 11.8, Diff: 8.6, Sum: 46.4]
      [GC Worker End (ms): Min: 296519228.7, Avg: 296519228.8, Max: 296519228.8, Diff: 0.1]
   [Code Root Fixup: 0.0 ms]
   [Code Root Purge: 0.0 ms]
   [Clear CT: 1.0 ms]
   [Other: 14.3 ms]
      [Choose CSet: 0.0 ms]
      [Ref Proc: 13.9 ms]
      [Ref Enq: 0.1 ms]
      [Redirty Cards: 0.1 ms]
      [Humongous Register: 0.0 ms]
      [Humongous Reclaim: 0.0 ms]
      [Free CSet: 0.1 ms]
   [Eden: 7152.0M(7152.0M)->0.0B(5712.0M) Survivors: 16384.0K->16384.0K Heap: 10991.4M(14336.0M)->3843.6M(14336.0M)]
 [Times: user=0.08 sys=0.00, real=0.02 secs] 
2022-10-02T21:59:49.539-0600: 296604.619: [GC pause (G1 Evacuation Pause) (mixed), 0.0387537 secs]
   [Parallel Time: 25.2 ms, GC Workers: 6]
      [GC Worker Start (ms): Min: 296604619.2, Avg: 296604620.9, Max: 296604628.7, Diff: 9.5]
      [Ext Root Scanning (ms): Min: 0.0, Avg: 1.5, Max: 4.0, Diff: 4.0, Sum: 9.3]
      [Update RS (ms): Min: 0.0, Avg: 1.3, Max: 2.0, Diff: 2.0, Sum: 7.6]
         [Processed Buffers: Min: 0, Avg: 6.5, Max: 17, Diff: 17, Sum: 39]
      [Scan RS (ms): Min: 3.0, Avg: 8.7, Max: 13.6, Diff: 10.6, Sum: 52.2]
      [Code Root Scanning (ms): Min: 0.0, Avg: 0.1, Max: 0.2, Diff: 0.2, Sum: 0.5]
      [Object Copy (ms): Min: 7.5, Avg: 11.8, Max: 12.8, Diff: 5.3, Sum: 70.7]
      [Termination (ms): Min: 0.0, Avg: 0.0, Max: 0.0, Diff: 0.0, Sum: 0.1]
         [Termination Attempts: Min: 1, Avg: 42.0, Max: 53, Diff: 52, Sum: 252]
      [GC Worker Other (ms): Min: 0.0, Avg: 0.0, Max: 0.1, Diff: 0.1, Sum: 0.2]
      [GC Worker Total (ms): Min: 15.6, Avg: 23.4, Max: 25.2, Diff: 9.6, Sum: 140.5]
      [GC Worker End (ms): Min: 296604644.3, Avg: 296604644.4, Max: 296604644.4, Diff: 0.1]
   [Code Root Fixup: 0.0 ms]
   [Code Root Purge: 0.0 ms]
   [Clear CT: 0.9 ms]
   [Other: 12.6 ms]
      [Choose CSet: 0.1 ms]
      [Ref Proc: 11.9 ms]
      [Ref Enq: 0.1 ms]
      [Redirty Cards: 0.3 ms]
      [Humongous Register: 0.0 ms]
      [Humongous Reclaim: 0.0 ms]
      [Free CSet: 0.2 ms]
   [Eden: 5712.0M(5712.0M)->0.0B(7152.0M) Survivors: 16384.0K->16384.0K Heap: 9555.6M(14336.0M)->3721.0M(14336.0M)]
 [Times: user=0.16 sys=0.00, real=0.04 secs] 
