2022-10-31 15:40:33 GC log file created gc.log.1
OpenJDK 64-Bit Server VM (25.342-b07) for linux-amd64 JRE (1.8.0_342-8u342-b07-0ubuntu1~22.04-b07), built on Jul 23 2022 16:13:07 by "buildd" with gcc 11.2.0
Memory: 4k page, physical 30288920k(9815084k free), swap 3993596k(3993596k free)
CommandLine flags: -XX:+AlwaysPreTouch -XX:CICompilerCount=12 -XX:ConcGCThreads=4 -XX:+DisableExplicitGC -XX:G1HeapRegionSize=16777216 -XX:G1HeapWastePercent=5 -XX:G1MaxNewSizePercent=50 -XX:G1MixedGCCountTarget=4 -XX:G1MixedGCLiveThresholdPercent=90 -XX:G1NewSizePercent=40 -XX:G1RSetUpdatingPauseTimePercent=5 -XX:G1ReservePercent=15 -XX:GCLogFileSize=1048576 -XX:InitialHeapSize=15032385536 -XX:InitialTenuringThreshold=1 -XX:InitiatingHeapOccupancyPercent=20 -XX:MarkStackSize=4194304 -XX:MaxGCPauseMillis=200 -XX:MaxHeapSize=15032385536 -XX:MaxNewSize=7516192768 -XX:MaxTenuringThreshold=1 -XX:MinHeapDeltaBytes=16777216 -XX:NumberOfGCLogFiles=5 -XX:+ParallelRefProcEnabled -XX:+PerfDisableSharedMem -XX:+PrintGC -XX:+PrintGCDateStamps -XX:+PrintGCDetails -XX:+PrintGCTimeStamps -XX:SurvivorRatio=32 -XX:+UnlockExperimentalVMOptions -XX:+UseCompressedClassPointers -XX:+UseCompressedOops -XX:+UseG1GC -XX:+UseGCLogFileRotation 
2022-10-31T15:42:49.416-0600: 76869.836: [GC pause (G1 Evacuation Pause) (young), 0.0115405 secs]
   [Parallel Time: 5.0 ms, GC Workers: 14]
      [GC Worker Start (ms): Min: 76869836.4, Avg: 76869836.6, Max: 76869836.8, Diff: 0.3]
      [Ext Root Scanning (ms): Min: 0.2, Avg: 0.7, Max: 4.4, Diff: 4.2, Sum: 10.4]
      [Update RS (ms): Min: 0.0, Avg: 0.9, Max: 1.2, Diff: 1.2, Sum: 13.2]
         [Processed Buffers: Min: 0, Avg: 6.7, Max: 20, Diff: 20, Sum: 94]
      [Scan RS (ms): Min: 0.0, Avg: 0.0, Max: 0.1, Diff: 0.1, Sum: 0.4]
      [Code Root Scanning (ms): Min: 0.0, Avg: 0.0, Max: 0.0, Diff: 0.0, Sum: 0.0]
      [Object Copy (ms): Min: 0.0, Avg: 0.4, Max: 0.5, Diff: 0.5, Sum: 5.2]
      [Termination (ms): Min: 0.0, Avg: 2.2, Max: 2.5, Diff: 2.5, Sum: 31.0]
         [Termination Attempts: Min: 1, Avg: 1.0, Max: 1, Diff: 0, Sum: 14]
      [GC Worker Other (ms): Min: 0.0, Avg: 0.0, Max: 0.0, Diff: 0.0, Sum: 0.1]
      [GC Worker Total (ms): Min: 4.2, Avg: 4.3, Max: 4.4, Diff: 0.3, Sum: 60.3]
      [GC Worker End (ms): Min: 76869840.9, Avg: 76869840.9, Max: 76869841.0, Diff: 0.1]
   [Code Root Fixup: 0.0 ms]
   [Code Root Purge: 0.0 ms]
   [Clear CT: 0.4 ms]
   [Other: 6.1 ms]
      [Choose CSet: 0.0 ms]
      [Ref Proc: 5.5 ms]
      [Ref Enq: 0.2 ms]
      [Redirty Cards: 0.2 ms]
      [Humongous Register: 0.0 ms]
      [Humongous Reclaim: 0.0 ms]
      [Free CSet: 0.1 ms]
   [Eden: 7152.0M(7152.0M)->0.0B(7152.0M) Survivors: 16384.0K->16384.0K Heap: 10253.0M(14336.0M)->3104.7M(14336.0M)]
 [Times: user=0.09 sys=0.00, real=0.01 secs] 
2022-10-31T15:45:07.366-0600: 77007.786: [GC pause (G1 Evacuation Pause) (young) (initial-mark), 0.0129995 secs]
   [Parallel Time: 7.3 ms, GC Workers: 14]
      [GC Worker Start (ms): Min: 77007787.2, Avg: 77007787.3, Max: 77007787.5, Diff: 0.4]
      [Ext Root Scanning (ms): Min: 4.6, Avg: 4.8, Max: 5.0, Diff: 0.4, Sum: 67.3]
      [Update RS (ms): Min: 0.1, Avg: 0.2, Max: 0.4, Diff: 0.2, Sum: 3.4]
         [Processed Buffers: Min: 1, Avg: 3.7, Max: 16, Diff: 15, Sum: 52]
      [Scan RS (ms): Min: 0.0, Avg: 0.0, Max: 0.1, Diff: 0.1, Sum: 0.3]
      [Code Root Scanning (ms): Min: 0.0, Avg: 0.0, Max: 0.0, Diff: 0.0, Sum: 0.0]
      [Object Copy (ms): Min: 0.3, Avg: 0.4, Max: 0.4, Diff: 0.2, Sum: 4.9]
      [Termination (ms): Min: 0.0, Avg: 0.0, Max: 0.0, Diff: 0.0, Sum: 0.0]
         [Termination Attempts: Min: 1, Avg: 1.4, Max: 2, Diff: 1, Sum: 19]
      [GC Worker Other (ms): Min: 0.0, Avg: 0.1, Max: 0.2, Diff: 0.2, Sum: 0.9]
      [GC Worker Total (ms): Min: 5.2, Avg: 5.5, Max: 5.7, Diff: 0.5, Sum: 76.9]
      [GC Worker End (ms): Min: 77007792.8, Avg: 77007792.8, Max: 77007792.9, Diff: 0.2]
   [Code Root Fixup: 0.0 ms]
   [Code Root Purge: 0.0 ms]
   [Clear CT: 0.4 ms]
   [Other: 5.3 ms]
      [Choose CSet: 0.0 ms]
      [Ref Proc: 4.6 ms]
      [Ref Enq: 0.3 ms]
      [Redirty Cards: 0.2 ms]
      [Humongous Register: 0.0 ms]
      [Humongous Reclaim: 0.0 ms]
      [Free CSet: 0.1 ms]
   [Eden: 7152.0M(7152.0M)->0.0B(7152.0M) Survivors: 16384.0K->16384.0K Heap: 10256.7M(14336.0M)->3105.8M(14336.0M)]
 [Times: user=0.08 sys=0.00, real=0.01 secs] 
2022-10-31T15:45:07.379-0600: 77007.799: [GC concurrent-root-region-scan-start]
2022-10-31T15:45:07.383-0600: 77007.803: [GC concurrent-root-region-scan-end, 0.0042770 secs]
2022-10-31T15:45:07.383-0600: 77007.803: [GC concurrent-mark-start]
2022-10-31T15:45:08.056-0600: 77008.477: [GC concurrent-mark-end, 0.6732759 secs]
2022-10-31T15:45:08.057-0600: 77008.477: [GC remark 2022-10-31T15:45:08.057-0600: 77008.477: [Finalize Marking, 0.0009445 secs] 2022-10-31T15:45:08.058-0600: 77008.478: [GC ref-proc, 0.0065620 secs] 2022-10-31T15:45:08.064-0600: 77008.484: [Unloading, 0.0187608 secs], 0.0287240 secs]
 [Times: user=0.28 sys=0.00, real=0.03 secs] 
2022-10-31T15:45:08.086-0600: 77008.506: [GC cleanup 3185M->3185M(14336M), 0.0056677 secs]
 [Times: user=0.03 sys=0.00, real=0.00 secs] 
2022-10-31T15:47:24.469-0600: 77144.889: [GC pause (G1 Evacuation Pause) (young), 0.0098029 secs]
   [Parallel Time: 4.3 ms, GC Workers: 14]
      [GC Worker Start (ms): Min: 77144889.0, Avg: 77144889.1, Max: 77144889.3, Diff: 0.3]
      [Ext Root Scanning (ms): Min: 0.2, Avg: 0.7, Max: 4.1, Diff: 3.9, Sum: 9.1]
      [Update RS (ms): Min: 0.0, Avg: 0.2, Max: 0.4, Diff: 0.4, Sum: 3.3]
         [Processed Buffers: Min: 0, Avg: 3.4, Max: 14, Diff: 14, Sum: 48]
      [Scan RS (ms): Min: 0.0, Avg: 0.0, Max: 0.1, Diff: 0.1, Sum: 0.4]
      [Code Root Scanning (ms): Min: 0.0, Avg: 0.0, Max: 0.0, Diff: 0.0, Sum: 0.0]
      [Object Copy (ms): Min: 0.0, Avg: 0.2, Max: 0.3, Diff: 0.3, Sum: 3.3]
      [Termination (ms): Min: 0.0, Avg: 2.8, Max: 3.1, Diff: 3.1, Sum: 39.5]
         [Termination Attempts: Min: 1, Avg: 1.0, Max: 1, Diff: 0, Sum: 14]
      [GC Worker Other (ms): Min: 0.0, Avg: 0.0, Max: 0.0, Diff: 0.0, Sum: 0.1]
      [GC Worker Total (ms): Min: 3.7, Avg: 4.0, Max: 4.2, Diff: 0.4, Sum: 55.7]
      [GC Worker End (ms): Min: 77144893.1, Avg: 77144893.1, Max: 77144893.2, Diff: 0.1]
   [Code Root Fixup: 0.0 ms]
   [Code Root Purge: 0.0 ms]
   [Clear CT: 0.3 ms]
   [Other: 5.1 ms]
      [Choose CSet: 0.0 ms]
      [Ref Proc: 4.5 ms]
      [Ref Enq: 0.3 ms]
      [Redirty Cards: 0.2 ms]
      [Humongous Register: 0.0 ms]
      [Humongous Reclaim: 0.0 ms]
      [Free CSet: 0.1 ms]
   [Eden: 7152.0M(7152.0M)->0.0B(5712.0M) Survivors: 16384.0K->16384.0K Heap: 10257.8M(14336.0M)->3105.5M(14336.0M)]
 [Times: user=0.08 sys=0.01, real=0.01 secs] 
2022-10-31T15:49:13.368-0600: 77253.788: [GC pause (G1 Evacuation Pause) (mixed), 0.0093070 secs]
   [Parallel Time: 4.2 ms, GC Workers: 14]
      [GC Worker Start (ms): Min: 77253788.4, Avg: 77253788.5, Max: 77253788.6, Diff: 0.3]
      [Ext Root Scanning (ms): Min: 0.3, Avg: 0.7, Max: 3.9, Diff: 3.6, Sum: 9.4]
      [Update RS (ms): Min: 0.0, Avg: 0.2, Max: 0.4, Diff: 0.4, Sum: 3.1]
         [Processed Buffers: Min: 0, Avg: 3.1, Max: 18, Diff: 18, Sum: 43]
      [Scan RS (ms): Min: 0.0, Avg: 0.1, Max: 0.2, Diff: 0.2, Sum: 1.3]
      [Code Root Scanning (ms): Min: 0.0, Avg: 0.0, Max: 0.0, Diff: 0.0, Sum: 0.0]
      [Object Copy (ms): Min: 0.0, Avg: 1.4, Max: 1.6, Diff: 1.6, Sum: 19.4]
      [Termination (ms): Min: 0.0, Avg: 1.4, Max: 1.6, Diff: 1.6, Sum: 20.2]
         [Termination Attempts: Min: 1, Avg: 2.6, Max: 5, Diff: 4, Sum: 37]
      [GC Worker Other (ms): Min: 0.0, Avg: 0.0, Max: 0.0, Diff: 0.0, Sum: 0.1]
      [GC Worker Total (ms): Min: 3.6, Avg: 3.8, Max: 4.0, Diff: 0.4, Sum: 53.5]
      [GC Worker End (ms): Min: 77253792.3, Avg: 77253792.3, Max: 77253792.4, Diff: 0.1]
   [Code Root Fixup: 0.0 ms]
   [Code Root Purge: 0.0 ms]
   [Clear CT: 0.4 ms]
   [Other: 4.7 ms]
      [Choose CSet: 0.0 ms]
      [Ref Proc: 4.0 ms]
      [Ref Enq: 0.2 ms]
      [Redirty Cards: 0.2 ms]
      [Humongous Register: 0.0 ms]
      [Humongous Reclaim: 0.0 ms]
      [Free CSet: 0.1 ms]
   [Eden: 5712.0M(5712.0M)->0.0B(7152.0M) Survivors: 16384.0K->16384.0K Heap: 8817.5M(14336.0M)->3099.2M(14336.0M)]
 [Times: user=0.07 sys=0.00, real=0.01 secs] 
2022-10-31T15:51:30.969-0600: 77391.389: [GC pause (G1 Evacuation Pause) (young), 0.0113444 secs]
   [Parallel Time: 5.1 ms, GC Workers: 14]
      [GC Worker Start (ms): Min: 77391389.5, Avg: 77391389.7, Max: 77391389.8, Diff: 0.3]
      [Ext Root Scanning (ms): Min: 0.2, Avg: 0.7, Max: 4.9, Diff: 4.6, Sum: 10.5]
      [Update RS (ms): Min: 0.0, Avg: 1.0, Max: 1.4, Diff: 1.4, Sum: 14.5]
         [Processed Buffers: Min: 0, Avg: 7.3, Max: 15, Diff: 15, Sum: 102]
      [Scan RS (ms): Min: 0.0, Avg: 0.0, Max: 0.1, Diff: 0.1, Sum: 0.4]
      [Code Root Scanning (ms): Min: 0.0, Avg: 0.0, Max: 0.0, Diff: 0.0, Sum: 0.0]
      [Object Copy (ms): Min: 0.0, Avg: 2.5, Max: 2.8, Diff: 2.8, Sum: 34.6]
      [Termination (ms): Min: 0.0, Avg: 0.5, Max: 0.5, Diff: 0.5, Sum: 6.7]
         [Termination Attempts: Min: 1, Avg: 1.0, Max: 1, Diff: 0, Sum: 14]
      [GC Worker Other (ms): Min: 0.0, Avg: 0.0, Max: 0.0, Diff: 0.0, Sum: 0.2]
      [GC Worker Total (ms): Min: 4.6, Avg: 4.8, Max: 4.9, Diff: 0.3, Sum: 66.8]
      [GC Worker End (ms): Min: 77391394.4, Avg: 77391394.4, Max: 77391394.5, Diff: 0.1]
   [Code Root Fixup: 0.0 ms]
   [Code Root Purge: 0.0 ms]
   [Clear CT: 0.4 ms]
   [Other: 5.8 ms]
      [Choose CSet: 0.0 ms]
      [Ref Proc: 5.0 ms]
      [Ref Enq: 0.3 ms]
      [Redirty Cards: 0.2 ms]
      [Humongous Register: 0.0 ms]
      [Humongous Reclaim: 0.0 ms]
      [Free CSet: 0.2 ms]
   [Eden: 7152.0M(7152.0M)->0.0B(7136.0M) Survivors: 16384.0K->32768.0K Heap: 10251.2M(14336.0M)->3125.7M(14336.0M)]
 [Times: user=0.09 sys=0.00, real=0.02 secs] 
2022-10-31T15:53:52.979-0600: 77533.399: [GC pause (G1 Evacuation Pause) (young) (initial-mark), 0.0139246 secs]
   [Parallel Time: 7.6 ms, GC Workers: 14]
      [GC Worker Start (ms): Min: 77533400.1, Avg: 77533400.3, Max: 77533400.5, Diff: 0.4]
      [Ext Root Scanning (ms): Min: 4.5, Avg: 4.7, Max: 5.0, Diff: 0.4, Sum: 66.1]
      [Update RS (ms): Min: 0.2, Avg: 0.3, Max: 0.4, Diff: 0.2, Sum: 4.1]
         [Processed Buffers: Min: 1, Avg: 3.9, Max: 23, Diff: 22, Sum: 55]
      [Scan RS (ms): Min: 0.0, Avg: 0.0, Max: 0.1, Diff: 0.1, Sum: 0.4]
      [Code Root Scanning (ms): Min: 0.0, Avg: 0.0, Max: 0.0, Diff: 0.0, Sum: 0.0]
      [Object Copy (ms): Min: 0.5, Avg: 0.6, Max: 0.7, Diff: 0.2, Sum: 8.5]
      [Termination (ms): Min: 0.0, Avg: 0.0, Max: 0.0, Diff: 0.0, Sum: 0.0]
         [Termination Attempts: Min: 1, Avg: 1.0, Max: 1, Diff: 0, Sum: 14]
      [GC Worker Other (ms): Min: 0.0, Avg: 0.1, Max: 0.3, Diff: 0.3, Sum: 1.6]
      [GC Worker Total (ms): Min: 5.5, Avg: 5.8, Max: 6.1, Diff: 0.6, Sum: 80.7]
      [GC Worker End (ms): Min: 77533406.0, Avg: 77533406.1, Max: 77533406.3, Diff: 0.3]
   [Code Root Fixup: 0.0 ms]
   [Code Root Purge: 0.0 ms]
   [Clear CT: 0.4 ms]
   [Other: 5.9 ms]
      [Choose CSet: 0.0 ms]
      [Ref Proc: 5.3 ms]
      [Ref Enq: 0.2 ms]
      [Redirty Cards: 0.2 ms]
      [Humongous Register: 0.0 ms]
      [Humongous Reclaim: 0.0 ms]
      [Free CSet: 0.1 ms]
   [Eden: 7136.0M(7136.0M)->0.0B(7120.0M) Survivors: 32768.0K->49152.0K Heap: 10261.7M(14336.0M)->3137.5M(14336.0M)]
 [Times: user=0.08 sys=0.00, real=0.02 secs] 
2022-10-31T15:53:52.993-0600: 77533.413: [GC concurrent-root-region-scan-start]
2022-10-31T15:53:52.996-0600: 77533.417: [GC concurrent-root-region-scan-end, 0.0038238 secs]
2022-10-31T15:53:52.996-0600: 77533.417: [GC concurrent-mark-start]
2022-10-31T15:53:53.672-0600: 77534.092: [GC concurrent-mark-end, 0.6752262 secs]
2022-10-31T15:53:53.672-0600: 77534.092: [GC remark 2022-10-31T15:53:53.672-0600: 77534.092: [Finalize Marking, 0.0006581 secs] 2022-10-31T15:53:53.672-0600: 77534.093: [GC ref-proc, 0.0071538 secs] 2022-10-31T15:53:53.680-0600: 77534.100: [Unloading, 0.0189024 secs], 0.0288986 secs]
 [Times: user=0.29 sys=0.00, real=0.04 secs] 
2022-10-31T15:53:53.701-0600: 77534.121: [GC cleanup 3177M->3177M(14336M), 0.0050827 secs]
 [Times: user=0.03 sys=0.00, real=0.00 secs] 
2022-10-31T15:56:21.976-0600: 77682.396: [GC pause (G1 Evacuation Pause) (young), 0.0107630 secs]
   [Parallel Time: 4.8 ms, GC Workers: 14]
      [GC Worker Start (ms): Min: 77682396.2, Avg: 77682396.4, Max: 77682396.5, Diff: 0.3]
      [Ext Root Scanning (ms): Min: 0.3, Avg: 0.7, Max: 4.2, Diff: 3.9, Sum: 9.4]
      [Update RS (ms): Min: 0.0, Avg: 0.3, Max: 0.5, Diff: 0.5, Sum: 4.5]
         [Processed Buffers: Min: 0, Avg: 3.9, Max: 14, Diff: 14, Sum: 55]
      [Scan RS (ms): Min: 0.0, Avg: 0.0, Max: 0.1, Diff: 0.1, Sum: 0.3]
      [Code Root Scanning (ms): Min: 0.0, Avg: 0.0, Max: 0.0, Diff: 0.0, Sum: 0.0]
      [Object Copy (ms): Min: 0.0, Avg: 0.6, Max: 0.7, Diff: 0.7, Sum: 8.7]
      [Termination (ms): Min: 0.0, Avg: 2.4, Max: 2.7, Diff: 2.7, Sum: 33.7]
         [Termination Attempts: Min: 1, Avg: 12.1, Max: 19, Diff: 18, Sum: 170]
      [GC Worker Other (ms): Min: 0.0, Avg: 0.0, Max: 0.0, Diff: 0.0, Sum: 0.1]
      [GC Worker Total (ms): Min: 3.9, Avg: 4.0, Max: 4.2, Diff: 0.3, Sum: 56.6]
      [GC Worker End (ms): Min: 77682400.4, Avg: 77682400.5, Max: 77682400.5, Diff: 0.1]
   [Code Root Fixup: 0.0 ms]
   [Code Root Purge: 0.0 ms]
   [Clear CT: 0.4 ms]
   [Other: 5.6 ms]
      [Choose CSet: 0.0 ms]
      [Ref Proc: 4.9 ms]
      [Ref Enq: 0.2 ms]
      [Redirty Cards: 0.2 ms]
      [Humongous Register: 0.0 ms]
      [Humongous Reclaim: 0.0 ms]
      [Free CSet: 0.2 ms]
   [Eden: 7120.0M(7120.0M)->0.0B(5712.0M) Survivors: 49152.0K->16384.0K Heap: 10257.5M(14336.0M)->3113.9M(14336.0M)]
 [Times: user=0.08 sys=0.00, real=0.01 secs] 
2022-10-31T15:58:20.765-0600: 77801.185: [GC pause (G1 Evacuation Pause) (mixed), 0.0115671 secs]
   [Parallel Time: 5.5 ms, GC Workers: 14]
      [GC Worker Start (ms): Min: 77801185.2, Avg: 77801185.3, Max: 77801185.5, Diff: 0.4]
      [Ext Root Scanning (ms): Min: 0.2, Avg: 0.8, Max: 4.9, Diff: 4.8, Sum: 10.7]
      [Update RS (ms): Min: 0.0, Avg: 0.4, Max: 0.6, Diff: 0.6, Sum: 4.9]
         [Processed Buffers: Min: 0, Avg: 4.0, Max: 13, Diff: 13, Sum: 56]
      [Scan RS (ms): Min: 0.0, Avg: 0.1, Max: 0.2, Diff: 0.2, Sum: 1.2]
      [Code Root Scanning (ms): Min: 0.0, Avg: 0.0, Max: 0.0, Diff: 0.0, Sum: 0.0]
      [Object Copy (ms): Min: 0.0, Avg: 1.2, Max: 1.4, Diff: 1.4, Sum: 16.9]
      [Termination (ms): Min: 0.0, Avg: 2.4, Max: 2.7, Diff: 2.7, Sum: 33.8]
         [Termination Attempts: Min: 1, Avg: 1.0, Max: 1, Diff: 0, Sum: 14]
      [GC Worker Other (ms): Min: 0.0, Avg: 0.0, Max: 0.0, Diff: 0.0, Sum: 0.1]
      [GC Worker Total (ms): Min: 4.7, Avg: 4.8, Max: 5.0, Diff: 0.4, Sum: 67.7]
      [GC Worker End (ms): Min: 77801190.1, Avg: 77801190.2, Max: 77801190.2, Diff: 0.1]
   [Code Root Fixup: 0.0 ms]
   [Code Root Purge: 0.0 ms]
   [Clear CT: 0.2 ms]
   [Other: 5.8 ms]
      [Choose CSet: 0.0 ms]
      [Ref Proc: 5.0 ms]
      [Ref Enq: 0.3 ms]
      [Redirty Cards: 0.2 ms]
      [Humongous Register: 0.0 ms]
      [Humongous Reclaim: 0.0 ms]
      [Free CSet: 0.2 ms]
   [Eden: 5712.0M(5712.0M)->0.0B(7152.0M) Survivors: 16384.0K->16384.0K Heap: 8825.9M(14336.0M)->3102.5M(14336.0M)]
 [Times: user=0.09 sys=0.00, real=0.01 secs] 
2022-10-31T16:04:50.865-0600: 78191.285: [GC pause (G1 Evacuation Pause) (young), 0.0117575 secs]
   [Parallel Time: 5.1 ms, GC Workers: 14]
      [GC Worker Start (ms): Min: 78191285.0, Avg: 78191285.2, Max: 78191285.4, Diff: 0.4]
      [Ext Root Scanning (ms): Min: 0.2, Avg: 0.7, Max: 4.4, Diff: 4.2, Sum: 9.4]
      [Update RS (ms): Min: 0.0, Avg: 1.2, Max: 1.4, Diff: 1.4, Sum: 17.3]
         [Processed Buffers: Min: 0, Avg: 11.5, Max: 21, Diff: 21, Sum: 161]
      [Scan RS (ms): Min: 0.0, Avg: 0.0, Max: 0.0, Diff: 0.0, Sum: 0.4]
      [Code Root Scanning (ms): Min: 0.0, Avg: 0.0, Max: 0.0, Diff: 0.0, Sum: 0.0]
      [Object Copy (ms): Min: 0.0, Avg: 0.5, Max: 0.6, Diff: 0.6, Sum: 7.2]
      [Termination (ms): Min: 0.0, Avg: 1.8, Max: 2.1, Diff: 2.1, Sum: 25.3]
         [Termination Attempts: Min: 1, Avg: 11.4, Max: 16, Diff: 15, Sum: 160]
      [GC Worker Other (ms): Min: 0.0, Avg: 0.0, Max: 0.0, Diff: 0.0, Sum: 0.1]
      [GC Worker Total (ms): Min: 4.1, Avg: 4.3, Max: 4.5, Diff: 0.4, Sum: 59.7]
      [GC Worker End (ms): Min: 78191289.4, Avg: 78191289.4, Max: 78191289.6, Diff: 0.1]
   [Code Root Fixup: 0.0 ms]
   [Code Root Purge: 0.0 ms]
   [Clear CT: 0.4 ms]
   [Other: 6.3 ms]
      [Choose CSet: 0.0 ms]
      [Ref Proc: 5.6 ms]
      [Ref Enq: 0.3 ms]
      [Redirty Cards: 0.2 ms]
      [Humongous Register: 0.0 ms]
      [Humongous Reclaim: 0.0 ms]
      [Free CSet: 0.2 ms]
   [Eden: 7152.0M(7152.0M)->0.0B(7152.0M) Survivors: 16384.0K->16384.0K Heap: 10254.5M(14336.0M)->3107.8M(14336.0M)]
 [Times: user=0.09 sys=0.00, real=0.01 secs] 
2022-10-31T16:21:10.415-0600: 79170.836: [GC pause (G1 Evacuation Pause) (young) (initial-mark), 0.0121960 secs]
   [Parallel Time: 6.5 ms, GC Workers: 14]
      [GC Worker Start (ms): Min: 79170836.9, Avg: 79170837.1, Max: 79170837.3, Diff: 0.4]
      [Ext Root Scanning (ms): Min: 3.6, Avg: 3.8, Max: 4.0, Diff: 0.4, Sum: 53.2]
      [Update RS (ms): Min: 0.3, Avg: 0.4, Max: 0.5, Diff: 0.2, Sum: 5.8]
         [Processed Buffers: Min: 2, Avg: 12.4, Max: 43, Diff: 41, Sum: 173]
      [Scan RS (ms): Min: 0.0, Avg: 0.0, Max: 0.1, Diff: 0.0, Sum: 0.4]
      [Code Root Scanning (ms): Min: 0.0, Avg: 0.0, Max: 0.0, Diff: 0.0, Sum: 0.0]
      [Object Copy (ms): Min: 0.4, Avg: 0.5, Max: 0.6, Diff: 0.2, Sum: 6.9]
      [Termination (ms): Min: 0.0, Avg: 0.0, Max: 0.0, Diff: 0.0, Sum: 0.0]
         [Termination Attempts: Min: 1, Avg: 1.0, Max: 1, Diff: 0, Sum: 14]
      [GC Worker Other (ms): Min: 0.0, Avg: 0.1, Max: 0.3, Diff: 0.2, Sum: 1.4]
      [GC Worker Total (ms): Min: 4.6, Avg: 4.8, Max: 5.2, Diff: 0.6, Sum: 67.6]
      [GC Worker End (ms): Min: 79170841.8, Avg: 79170841.9, Max: 79170842.1, Diff: 0.3]
   [Code Root Fixup: 0.0 ms]
   [Code Root Purge: 0.0 ms]
   [Clear CT: 0.4 ms]
   [Other: 5.4 ms]
      [Choose CSet: 0.0 ms]
      [Ref Proc: 4.8 ms]
      [Ref Enq: 0.2 ms]
      [Redirty Cards: 0.2 ms]
      [Humongous Register: 0.0 ms]
      [Humongous Reclaim: 0.0 ms]
      [Free CSet: 0.1 ms]
   [Eden: 7152.0M(7152.0M)->0.0B(7152.0M) Survivors: 16384.0K->16384.0K Heap: 10259.8M(14336.0M)->3109.1M(14336.0M)]
 [Times: user=0.08 sys=0.00, real=0.01 secs] 
2022-10-31T16:21:10.428-0600: 79170.848: [GC concurrent-root-region-scan-start]
2022-10-31T16:21:10.432-0600: 79170.852: [GC concurrent-root-region-scan-end, 0.0038459 secs]
2022-10-31T16:21:10.432-0600: 79170.852: [GC concurrent-mark-start]
2022-10-31T16:21:11.123-0600: 79171.544: [GC concurrent-mark-end, 0.6917924 secs]
2022-10-31T16:21:11.123-0600: 79171.544: [GC remark 2022-10-31T16:21:11.123-0600: 79171.544: [Finalize Marking, 0.0006084 secs] 2022-10-31T16:21:11.124-0600: 79171.544: [GC ref-proc, 0.0072382 secs] 2022-10-31T16:21:11.131-0600: 79171.552: [Unloading, 0.0187533 secs], 0.0284808 secs]
 [Times: user=0.28 sys=0.00, real=0.02 secs] 
2022-10-31T16:21:11.152-0600: 79171.572: [GC cleanup 3166M->3150M(14336M), 0.0057130 secs]
 [Times: user=0.04 sys=0.00, real=0.01 secs] 
2022-10-31T16:21:11.158-0600: 79171.578: [GC concurrent-cleanup-start]
2022-10-31T16:21:11.158-0600: 79171.578: [GC concurrent-cleanup-end, 0.0000113 secs]
2022-10-31T16:36:13.338-0600: 80073.759: [GC pause (GCLocker Initiated GC) (young), 0.0151491 secs]
   [Parallel Time: 10.3 ms, GC Workers: 14]
      [GC Worker Start (ms): Min: 80073758.6, Avg: 80073758.7, Max: 80073758.8, Diff: 0.3]
      [Ext Root Scanning (ms): Min: 0.3, Avg: 1.0, Max: 7.7, Diff: 7.4, Sum: 14.2]
      [Update RS (ms): Min: 0.0, Avg: 1.0, Max: 1.5, Diff: 1.5, Sum: 13.6]
         [Processed Buffers: Min: 0, Avg: 14.9, Max: 41, Diff: 41, Sum: 208]
      [Scan RS (ms): Min: 0.0, Avg: 0.0, Max: 0.1, Diff: 0.1, Sum: 0.3]
      [Code Root Scanning (ms): Min: 0.0, Avg: 0.0, Max: 0.0, Diff: 0.0, Sum: 0.0]
      [Object Copy (ms): Min: 2.1, Avg: 7.7, Max: 8.2, Diff: 6.2, Sum: 107.4]
      [Termination (ms): Min: 0.0, Avg: 0.0, Max: 0.0, Diff: 0.0, Sum: 0.0]
         [Termination Attempts: Min: 1, Avg: 1.0, Max: 1, Diff: 0, Sum: 14]
      [GC Worker Other (ms): Min: 0.0, Avg: 0.1, Max: 0.2, Diff: 0.2, Sum: 1.2]
      [GC Worker Total (ms): Min: 9.6, Avg: 9.8, Max: 10.0, Diff: 0.4, Sum: 136.7]
      [GC Worker End (ms): Min: 80073768.4, Avg: 80073768.5, Max: 80073768.6, Diff: 0.2]
   [Code Root Fixup: 0.0 ms]
   [Code Root Purge: 0.0 ms]
   [Clear CT: 0.5 ms]
   [Other: 4.4 ms]
      [Choose CSet: 0.0 ms]
      [Ref Proc: 3.7 ms]
      [Ref Enq: 0.2 ms]
      [Redirty Cards: 0.2 ms]
      [Humongous Register: 0.0 ms]
      [Humongous Reclaim: 0.0 ms]
      [Free CSet: 0.1 ms]
   [Eden: 7168.0M(7152.0M)->0.0B(5648.0M) Survivors: 16384.0K->81920.0K Heap: 10269.1M(14336.0M)->3185.8M(14336.0M)]
 [Times: user=0.15 sys=0.00, real=0.02 secs] 
2022-10-31T16:37:58.317-0600: 80178.737: [GC pause (G1 Evacuation Pause) (mixed), 0.0227778 secs]
   [Parallel Time: 16.0 ms, GC Workers: 14]
      [GC Worker Start (ms): Min: 80178737.2, Avg: 80178737.4, Max: 80178737.5, Diff: 0.3]
      [Ext Root Scanning (ms): Min: 0.3, Avg: 1.5, Max: 13.8, Diff: 13.5, Sum: 20.5]
      [Update RS (ms): Min: 0.0, Avg: 0.2, Max: 0.4, Diff: 0.4, Sum: 2.6]
         [Processed Buffers: Min: 0, Avg: 3.4, Max: 9, Diff: 9, Sum: 47]
      [Scan RS (ms): Min: 0.0, Avg: 0.1, Max: 0.2, Diff: 0.2, Sum: 1.5]
      [Code Root Scanning (ms): Min: 0.0, Avg: 0.0, Max: 0.0, Diff: 0.0, Sum: 0.0]
      [Object Copy (ms): Min: 1.4, Avg: 13.3, Max: 14.4, Diff: 13.0, Sum: 186.8]
      [Termination (ms): Min: 0.0, Avg: 0.0, Max: 0.0, Diff: 0.0, Sum: 0.1]
         [Termination Attempts: Min: 2, Avg: 11.4, Max: 17, Diff: 15, Sum: 160]
      [GC Worker Other (ms): Min: 0.0, Avg: 0.2, Max: 0.4, Diff: 0.4, Sum: 2.2]
      [GC Worker Total (ms): Min: 15.0, Avg: 15.3, Max: 15.5, Diff: 0.4, Sum: 213.7]
      [GC Worker End (ms): Min: 80178752.5, Avg: 80178752.6, Max: 80178752.8, Diff: 0.4]
   [Code Root Fixup: 0.0 ms]
   [Code Root Purge: 0.0 ms]
   [Clear CT: 0.5 ms]
   [Other: 6.3 ms]
      [Choose CSet: 0.0 ms]
      [Ref Proc: 5.6 ms]
      [Ref Enq: 0.2 ms]
      [Redirty Cards: 0.2 ms]
      [Humongous Register: 0.0 ms]
      [Humongous Reclaim: 0.0 ms]
      [Free CSet: 0.1 ms]
   [Eden: 5648.0M(5648.0M)->0.0B(6976.0M) Survivors: 81920.0K->192.0M Heap: 8833.8M(14336.0M)->3256.8M(14336.0M)]
 [Times: user=0.24 sys=0.00, real=0.02 secs] 
2022-10-31T16:40:10.965-0600: 80311.386: [GC pause (G1 Evacuation Pause) (young), 0.0183535 secs]
   [Parallel Time: 12.2 ms, GC Workers: 14]
      [GC Worker Start (ms): Min: 80311385.8, Avg: 80311386.0, Max: 80311386.1, Diff: 0.3]
      [Ext Root Scanning (ms): Min: 0.2, Avg: 0.8, Max: 6.8, Diff: 6.6, Sum: 11.8]
      [Update RS (ms): Min: 0.0, Avg: 3.6, Max: 4.0, Diff: 4.0, Sum: 49.9]
         [Processed Buffers: Min: 0, Avg: 24.8, Max: 45, Diff: 45, Sum: 347]
      [Scan RS (ms): Min: 0.0, Avg: 0.0, Max: 0.1, Diff: 0.1, Sum: 0.4]
      [Code Root Scanning (ms): Min: 0.0, Avg: 0.0, Max: 0.0, Diff: 0.0, Sum: 0.0]
      [Object Copy (ms): Min: 4.5, Avg: 6.8, Max: 7.0, Diff: 2.5, Sum: 94.9]
      [Termination (ms): Min: 0.0, Avg: 0.0, Max: 0.0, Diff: 0.0, Sum: 0.4]
         [Termination Attempts: Min: 2, Avg: 9.8, Max: 13, Diff: 11, Sum: 137]
      [GC Worker Other (ms): Min: 0.0, Avg: 0.1, Max: 0.3, Diff: 0.3, Sum: 1.2]
      [GC Worker Total (ms): Min: 11.2, Avg: 11.3, Max: 11.6, Diff: 0.4, Sum: 158.6]
      [GC Worker End (ms): Min: 80311397.2, Avg: 80311397.3, Max: 80311397.5, Diff: 0.3]
   [Code Root Fixup: 0.0 ms]
   [Code Root Purge: 0.0 ms]
   [Clear CT: 0.5 ms]
   [Other: 5.6 ms]
      [Choose CSet: 0.0 ms]
      [Ref Proc: 4.9 ms]
      [Ref Enq: 0.2 ms]
      [Redirty Cards: 0.2 ms]
      [Humongous Register: 0.0 ms]
      [Humongous Reclaim: 0.0 ms]
      [Free CSet: 0.1 ms]
   [Eden: 6976.0M(6976.0M)->0.0B(7072.0M) Survivors: 192.0M->98304.0K Heap: 10232.8M(14336.0M)->3269.0M(14336.0M)]
 [Times: user=0.18 sys=0.00, real=0.02 secs] 
2022-10-31T16:42:35.666-0600: 80456.086: [GC pause (G1 Evacuation Pause) (young) (initial-mark), 0.0178628 secs]
   [Parallel Time: 11.7 ms, GC Workers: 14]
      [GC Worker Start (ms): Min: 80456087.1, Avg: 80456087.3, Max: 80456087.6, Diff: 0.4]
      [Ext Root Scanning (ms): Min: 3.7, Avg: 3.9, Max: 4.2, Diff: 0.5, Sum: 55.1]
      [Update RS (ms): Min: 5.3, Avg: 5.4, Max: 5.5, Diff: 0.2, Sum: 75.5]
         [Processed Buffers: Min: 15, Avg: 25.3, Max: 42, Diff: 27, Sum: 354]
      [Scan RS (ms): Min: 0.0, Avg: 0.0, Max: 0.1, Diff: 0.0, Sum: 0.3]
      [Code Root Scanning (ms): Min: 0.0, Avg: 0.0, Max: 0.0, Diff: 0.0, Sum: 0.0]
      [Object Copy (ms): Min: 0.6, Avg: 0.7, Max: 0.8, Diff: 0.2, Sum: 9.9]
      [Termination (ms): Min: 0.0, Avg: 0.1, Max: 0.1, Diff: 0.1, Sum: 1.4]
         [Termination Attempts: Min: 1, Avg: 1.1, Max: 2, Diff: 1, Sum: 15]
      [GC Worker Other (ms): Min: 0.0, Avg: 0.0, Max: 0.0, Diff: 0.0, Sum: 0.1]
      [GC Worker Total (ms): Min: 9.9, Avg: 10.2, Max: 10.4, Diff: 0.5, Sum: 142.5]
      [GC Worker End (ms): Min: 80456097.5, Avg: 80456097.5, Max: 80456097.6, Diff: 0.1]
   [Code Root Fixup: 0.0 ms]
   [Code Root Purge: 0.0 ms]
   [Clear CT: 0.3 ms]
   [Other: 5.8 ms]
      [Choose CSet: 0.0 ms]
      [Ref Proc: 5.2 ms]
      [Ref Enq: 0.2 ms]
      [Redirty Cards: 0.2 ms]
      [Humongous Register: 0.0 ms]
      [Humongous Reclaim: 0.0 ms]
      [Free CSet: 0.1 ms]
   [Eden: 7072.0M(7072.0M)->0.0B(7136.0M) Survivors: 98304.0K->32768.0K Heap: 10341.0M(14336.0M)->3283.0M(14336.0M)]
 [Times: user=0.16 sys=0.00, real=0.02 secs] 
2022-10-31T16:42:35.684-0600: 80456.104: [GC concurrent-root-region-scan-start]
2022-10-31T16:42:35.688-0600: 80456.108: [GC concurrent-root-region-scan-end, 0.0044456 secs]
2022-10-31T16:42:35.688-0600: 80456.108: [GC concurrent-mark-start]
2022-10-31T16:42:36.374-0600: 80456.795: [GC concurrent-mark-end, 0.6864524 secs]
2022-10-31T16:42:36.375-0600: 80456.795: [GC remark 2022-10-31T16:42:36.375-0600: 80456.795: [Finalize Marking, 0.0008453 secs] 2022-10-31T16:42:36.376-0600: 80456.796: [GC ref-proc, 0.0062514 secs] 2022-10-31T16:42:36.382-0600: 80456.802: [Unloading, 0.0180594 secs], 0.0270443 secs]
 [Times: user=0.28 sys=0.00, real=0.03 secs] 
2022-10-31T16:42:36.402-0600: 80456.822: [GC cleanup 3339M->3339M(14336M), 0.0056149 secs]
 [Times: user=0.03 sys=0.00, real=0.00 secs] 
2022-10-31T16:45:00.115-0600: 80600.535: [GC pause (G1 Evacuation Pause) (young), 0.0118425 secs]
   [Parallel Time: 5.9 ms, GC Workers: 14]
      [GC Worker Start (ms): Min: 80600535.1, Avg: 80600535.4, Max: 80600535.5, Diff: 0.4]
      [Ext Root Scanning (ms): Min: 0.2, Avg: 0.7, Max: 4.2, Diff: 4.0, Sum: 9.3]
      [Update RS (ms): Min: 0.0, Avg: 1.8, Max: 4.6, Diff: 4.6, Sum: 25.3]
         [Processed Buffers: Min: 0, Avg: 4.4, Max: 20, Diff: 20, Sum: 61]
      [Scan RS (ms): Min: 0.0, Avg: 0.0, Max: 0.1, Diff: 0.1, Sum: 0.2]
      [Code Root Scanning (ms): Min: 0.0, Avg: 0.0, Max: 0.0, Diff: 0.0, Sum: 0.0]
      [Object Copy (ms): Min: 0.0, Avg: 0.2, Max: 0.5, Diff: 0.5, Sum: 2.9]
      [Termination (ms): Min: 0.0, Avg: 2.3, Max: 2.7, Diff: 2.7, Sum: 32.6]
         [Termination Attempts: Min: 1, Avg: 8.2, Max: 24, Diff: 23, Sum: 115]
      [GC Worker Other (ms): Min: 0.0, Avg: 0.0, Max: 0.0, Diff: 0.0, Sum: 0.1]
      [GC Worker Total (ms): Min: 4.9, Avg: 5.0, Max: 5.2, Diff: 0.4, Sum: 70.4]
      [GC Worker End (ms): Min: 80600540.4, Avg: 80600540.4, Max: 80600540.4, Diff: 0.0]
   [Code Root Fixup: 0.0 ms]
   [Code Root Purge: 0.0 ms]
   [Clear CT: 0.2 ms]
   [Other: 5.7 ms]
      [Choose CSet: 0.0 ms]
      [Ref Proc: 5.0 ms]
      [Ref Enq: 0.3 ms]
      [Redirty Cards: 0.2 ms]
      [Humongous Register: 0.0 ms]
      [Humongous Reclaim: 0.0 ms]
      [Free CSet: 0.1 ms]
   [Eden: 7136.0M(7136.0M)->0.0B(5712.0M) Survivors: 32768.0K->16384.0K Heap: 10419.0M(14336.0M)->3277.4M(14336.0M)]
 [Times: user=0.09 sys=0.00, real=0.01 secs] 
2022-10-31T16:46:06.769-0600: 80667.189: [GC pause (G1 Evacuation Pause) (mixed), 0.0441248 secs]
   [Parallel Time: 36.2 ms, GC Workers: 14]
      [GC Worker Start (ms): Min: 80667189.6, Avg: 80667189.8, Max: 80667189.9, Diff: 0.3]
      [Ext Root Scanning (ms): Min: 0.3, Avg: 1.1, Max: 9.5, Diff: 9.2, Sum: 15.5]
      [Update RS (ms): Min: 0.0, Avg: 1.5, Max: 2.2, Diff: 2.1, Sum: 20.4]
         [Processed Buffers: Min: 0, Avg: 7.9, Max: 22, Diff: 22, Sum: 111]
      [Scan RS (ms): Min: 0.0, Avg: 0.9, Max: 1.1, Diff: 1.1, Sum: 13.0]
      [Code Root Scanning (ms): Min: 0.0, Avg: 0.0, Max: 0.3, Diff: 0.3, Sum: 0.3]
      [Object Copy (ms): Min: 25.9, Avg: 31.6, Max: 32.1, Diff: 6.3, Sum: 442.8]
      [Termination (ms): Min: 0.0, Avg: 0.0, Max: 0.0, Diff: 0.0, Sum: 0.0]
         [Termination Attempts: Min: 1, Avg: 1.0, Max: 1, Diff: 0, Sum: 14]
      [GC Worker Other (ms): Min: 0.0, Avg: 0.1, Max: 0.3, Diff: 0.3, Sum: 2.0]
      [GC Worker Total (ms): Min: 35.0, Avg: 35.3, Max: 35.5, Diff: 0.5, Sum: 493.9]
      [GC Worker End (ms): Min: 80667224.9, Avg: 80667225.1, Max: 80667225.3, Diff: 0.3]
   [Code Root Fixup: 0.0 ms]
   [Code Root Purge: 0.0 ms]
   [Clear CT: 0.3 ms]
   [Other: 7.6 ms]
      [Choose CSet: 0.0 ms]
      [Ref Proc: 6.6 ms]
      [Ref Enq: 0.3 ms]
      [Redirty Cards: 0.3 ms]
      [Humongous Register: 0.0 ms]
      [Humongous Reclaim: 0.0 ms]
      [Free CSet: 0.3 ms]
   [Eden: 5712.0M(5712.0M)->0.0B(6976.0M) Survivors: 16384.0K->192.0M Heap: 8989.4M(14336.0M)->3380.2M(14336.0M)]
 [Times: user=0.52 sys=0.00, real=0.05 secs] 
2022-10-31T16:47:11.365-0600: 80731.785: [GC pause (G1 Evacuation Pause) (young), 0.0442225 secs]
   [Parallel Time: 36.3 ms, GC Workers: 14]
      [GC Worker Start (ms): Min: 80731785.3, Avg: 80731785.4, Max: 80731785.6, Diff: 0.3]
      [Ext Root Scanning (ms): Min: 0.2, Avg: 0.7, Max: 5.2, Diff: 5.0, Sum: 10.4]
      [Update RS (ms): Min: 3.6, Avg: 7.9, Max: 8.4, Diff: 4.8, Sum: 110.0]
         [Processed Buffers: Min: 19, Avg: 40.2, Max: 53, Diff: 34, Sum: 563]
      [Scan RS (ms): Min: 0.0, Avg: 0.0, Max: 0.1, Diff: 0.0, Sum: 0.3]
      [Code Root Scanning (ms): Min: 0.0, Avg: 0.0, Max: 0.0, Diff: 0.0, Sum: 0.0]
      [Object Copy (ms): Min: 26.7, Avg: 26.9, Max: 26.9, Diff: 0.3, Sum: 376.1]
      [Termination (ms): Min: 0.0, Avg: 0.0, Max: 0.0, Diff: 0.0, Sum: 0.2]
         [Termination Attempts: Min: 1, Avg: 30.1, Max: 39, Diff: 38, Sum: 422]
      [GC Worker Other (ms): Min: 0.0, Avg: 0.2, Max: 0.4, Diff: 0.4, Sum: 2.2]
      [GC Worker Total (ms): Min: 35.4, Avg: 35.7, Max: 35.9, Diff: 0.6, Sum: 499.3]
      [GC Worker End (ms): Min: 80731820.9, Avg: 80731821.1, Max: 80731821.4, Diff: 0.4]
   [Code Root Fixup: 0.0 ms]
   [Code Root Purge: 0.0 ms]
   [Clear CT: 0.4 ms]
   [Other: 7.6 ms]
      [Choose CSet: 0.0 ms]
      [Ref Proc: 6.8 ms]
      [Ref Enq: 0.2 ms]
      [Redirty Cards: 0.3 ms]
      [Humongous Register: 0.0 ms]
      [Humongous Reclaim: 0.0 ms]
      [Free CSet: 0.1 ms]
   [Eden: 6976.0M(6976.0M)->0.0B(6944.0M) Survivors: 192.0M->224.0M Heap: 10356.2M(14336.0M)->3746.8M(14336.0M)]
 [Times: user=0.52 sys=0.00, real=0.04 secs] 
2022-10-31T17:01:49.615-0600: 81610.035: [GC pause (G1 Evacuation Pause) (young) (initial-mark), 0.0291027 secs]
   [Parallel Time: 20.3 ms, GC Workers: 14]
      [GC Worker Start (ms): Min: 81610036.6, Avg: 81610036.8, Max: 81610037.0, Diff: 0.4]
      [Ext Root Scanning (ms): Min: 3.7, Avg: 3.9, Max: 4.1, Diff: 0.4, Sum: 54.1]
      [Update RS (ms): Min: 3.6, Avg: 4.5, Max: 10.3, Diff: 6.7, Sum: 62.8]
         [Processed Buffers: Min: 13, Avg: 34.5, Max: 72, Diff: 59, Sum: 483]
      [Scan RS (ms): Min: 0.0, Avg: 2.9, Max: 3.5, Diff: 3.5, Sum: 41.0]
      [Code Root Scanning (ms): Min: 0.0, Avg: 0.0, Max: 0.0, Diff: 0.0, Sum: 0.0]
      [Object Copy (ms): Min: 3.5, Avg: 6.4, Max: 6.8, Diff: 3.3, Sum: 89.3]
      [Termination (ms): Min: 0.0, Avg: 0.1, Max: 0.1, Diff: 0.1, Sum: 1.1]
         [Termination Attempts: Min: 1, Avg: 174.5, Max: 222, Diff: 221, Sum: 2443]
      [GC Worker Other (ms): Min: 0.0, Avg: 0.2, Max: 0.5, Diff: 0.5, Sum: 2.9]
      [GC Worker Total (ms): Min: 17.6, Avg: 17.9, Max: 18.5, Diff: 0.9, Sum: 251.1]
      [GC Worker End (ms): Min: 81610054.5, Avg: 81610054.7, Max: 81610055.1, Diff: 0.5]
   [Code Root Fixup: 0.0 ms]
   [Code Root Purge: 0.0 ms]
   [Clear CT: 0.4 ms]
   [Other: 8.4 ms]
      [Choose CSet: 0.0 ms]
      [Ref Proc: 7.1 ms]
      [Ref Enq: 0.3 ms]
      [Redirty Cards: 0.4 ms]
      [Humongous Register: 0.0 ms]
      [Humongous Reclaim: 0.0 ms]
      [Free CSet: 0.3 ms]
   [Eden: 6944.0M(6944.0M)->0.0B(7008.0M) Survivors: 224.0M->160.0M Heap: 10690.8M(14336.0M)->3805.2M(14336.0M)]
 [Times: user=0.27 sys=0.00, real=0.03 secs] 
2022-10-31T17:01:49.644-0600: 81610.064: [GC concurrent-root-region-scan-start]
2022-10-31T17:01:49.652-0600: 81610.072: [GC concurrent-root-region-scan-end, 0.0080091 secs]
2022-10-31T17:01:49.652-0600: 81610.072: [GC concurrent-mark-start]
2022-10-31T17:01:50.328-0600: 81610.748: [GC concurrent-mark-end, 0.6759357 secs]
2022-10-31T17:01:50.328-0600: 81610.748: [GC remark 2022-10-31T17:01:50.328-0600: 81610.748: [Finalize Marking, 0.0007582 secs] 2022-10-31T17:01:50.329-0600: 81610.749: [GC ref-proc, 0.0090106 secs] 2022-10-31T17:01:50.338-0600: 81610.758: [Unloading, 0.0198064 secs], 0.0316689 secs]
 [Times: user=0.29 sys=0.00, real=0.03 secs] 
2022-10-31T17:01:50.360-0600: 81610.780: [GC cleanup 3829M->3797M(14336M), 0.0058861 secs]
 [Times: user=0.04 sys=0.00, real=0.01 secs] 
2022-10-31T17:01:50.366-0600: 81610.786: [GC concurrent-cleanup-start]
2022-10-31T17:01:50.366-0600: 81610.786: [GC concurrent-cleanup-end, 0.0000179 secs]
2022-10-31T17:18:38.525-0600: 82618.945: [GC pause (G1 Evacuation Pause) (young), 0.0172474 secs]
   [Parallel Time: 10.3 ms, GC Workers: 14]
      [GC Worker Start (ms): Min: 82618945.5, Avg: 82618945.7, Max: 82618945.8, Diff: 0.3]
      [Ext Root Scanning (ms): Min: 0.3, Avg: 0.7, Max: 3.8, Diff: 3.5, Sum: 9.3]
      [Update RS (ms): Min: 2.0, Avg: 5.0, Max: 5.4, Diff: 3.4, Sum: 69.4]
         [Processed Buffers: Min: 26, Avg: 45.9, Max: 99, Diff: 73, Sum: 642]
      [Scan RS (ms): Min: 0.7, Avg: 0.9, Max: 1.4, Diff: 0.7, Sum: 13.2]
      [Code Root Scanning (ms): Min: 0.0, Avg: 0.0, Max: 0.0, Diff: 0.0, Sum: 0.0]
      [Object Copy (ms): Min: 2.8, Avg: 3.1, Max: 3.2, Diff: 0.4, Sum: 43.9]
      [Termination (ms): Min: 0.0, Avg: 0.1, Max: 0.1, Diff: 0.1, Sum: 1.0]
         [Termination Attempts: Min: 1, Avg: 145.9, Max: 187, Diff: 186, Sum: 2043]
      [GC Worker Other (ms): Min: 0.0, Avg: 0.1, Max: 0.3, Diff: 0.2, Sum: 1.5]
      [GC Worker Total (ms): Min: 9.6, Avg: 9.9, Max: 10.2, Diff: 0.6, Sum: 138.3]
      [GC Worker End (ms): Min: 82618955.5, Avg: 82618955.6, Max: 82618955.7, Diff: 0.2]
   [Code Root Fixup: 0.0 ms]
   [Code Root Purge: 0.0 ms]
   [Clear CT: 0.5 ms]
   [Other: 6.5 ms]
      [Choose CSet: 0.0 ms]
      [Ref Proc: 5.7 ms]
      [Ref Enq: 0.2 ms]
      [Redirty Cards: 0.4 ms]
      [Humongous Register: 0.0 ms]
      [Humongous Reclaim: 0.0 ms]
      [Free CSet: 0.1 ms]
   [Eden: 7008.0M(7008.0M)->0.0B(5680.0M) Survivors: 160.0M->49152.0K Heap: 10781.2M(14336.0M)->3711.0M(14336.0M)]
 [Times: user=0.16 sys=0.00, real=0.02 secs] 
2022-10-31T17:32:17.715-0600: 83438.135: [GC pause (G1 Evacuation Pause) (mixed), 0.0285190 secs]
   [Parallel Time: 19.8 ms, GC Workers: 14]
      [GC Worker Start (ms): Min: 83438135.5, Avg: 83438135.6, Max: 83438135.8, Diff: 0.3]
      [Ext Root Scanning (ms): Min: 0.2, Avg: 0.9, Max: 7.6, Diff: 7.4, Sum: 12.9]
      [Update RS (ms): Min: 0.0, Avg: 3.6, Max: 4.2, Diff: 4.2, Sum: 50.5]
         [Processed Buffers: Min: 0, Avg: 53.5, Max: 92, Diff: 92, Sum: 749]
      [Scan RS (ms): Min: 0.0, Avg: 0.7, Max: 0.9, Diff: 0.9, Sum: 10.1]
      [Code Root Scanning (ms): Min: 0.0, Avg: 0.0, Max: 0.1, Diff: 0.1, Sum: 0.1]
      [Object Copy (ms): Min: 11.3, Avg: 13.5, Max: 13.8, Diff: 2.5, Sum: 189.4]
      [Termination (ms): Min: 0.0, Avg: 0.0, Max: 0.1, Diff: 0.1, Sum: 0.5]
         [Termination Attempts: Min: 1, Avg: 83.4, Max: 100, Diff: 99, Sum: 1167]
      [GC Worker Other (ms): Min: 0.0, Avg: 0.2, Max: 0.4, Diff: 0.4, Sum: 2.3]
      [GC Worker Total (ms): Min: 18.8, Avg: 19.0, Max: 19.3, Diff: 0.5, Sum: 265.9]
      [GC Worker End (ms): Min: 83438154.4, Avg: 83438154.6, Max: 83438154.9, Diff: 0.4]
   [Code Root Fixup: 0.0 ms]
   [Code Root Purge: 0.0 ms]
   [Clear CT: 0.3 ms]
   [Other: 8.4 ms]
      [Choose CSet: 0.1 ms]
      [Ref Proc: 7.4 ms]
      [Ref Enq: 0.3 ms]
      [Redirty Cards: 0.4 ms]
      [Humongous Register: 0.0 ms]
      [Humongous Reclaim: 0.0 ms]
      [Free CSet: 0.2 ms]
   [Eden: 5680.0M(5680.0M)->0.0B(7152.0M) Survivors: 49152.0K->16384.0K Heap: 9391.0M(14336.0M)->3240.8M(14336.0M)]
 [Times: user=0.30 sys=0.00, real=0.03 secs] 
2022-10-31T17:48:20.915-0600: 84401.336: [GC pause (G1 Evacuation Pause) (young), 0.0163136 secs]
   [Parallel Time: 10.0 ms, GC Workers: 14]
      [GC Worker Start (ms): Min: 84401335.7, Avg: 84401335.8, Max: 84401336.0, Diff: 0.4]
      [Ext Root Scanning (ms): Min: 0.2, Avg: 0.7, Max: 3.7, Diff: 3.5, Sum: 9.2]
      [Update RS (ms): Min: 5.6, Avg: 8.4, Max: 8.8, Diff: 3.2, Sum: 117.1]
         [Processed Buffers: Min: 33, Avg: 59.9, Max: 103, Diff: 70, Sum: 838]
      [Scan RS (ms): Min: 0.0, Avg: 0.0, Max: 0.1, Diff: 0.0, Sum: 0.4]
      [Code Root Scanning (ms): Min: 0.0, Avg: 0.0, Max: 0.0, Diff: 0.0, Sum: 0.0]
      [Object Copy (ms): Min: 0.2, Avg: 0.3, Max: 0.4, Diff: 0.2, Sum: 4.6]
      [Termination (ms): Min: 0.0, Avg: 0.0, Max: 0.1, Diff: 0.0, Sum: 0.6]
         [Termination Attempts: Min: 24, Avg: 46.4, Max: 59, Diff: 35, Sum: 649]
      [GC Worker Other (ms): Min: 0.0, Avg: 0.1, Max: 0.4, Diff: 0.4, Sum: 2.1]
      [GC Worker Total (ms): Min: 9.4, Avg: 9.6, Max: 9.9, Diff: 0.5, Sum: 134.0]
      [GC Worker End (ms): Min: 84401345.3, Avg: 84401345.4, Max: 84401345.6, Diff: 0.4]
   [Code Root Fixup: 0.0 ms]
   [Code Root Purge: 0.0 ms]
   [Clear CT: 0.3 ms]
   [Other: 5.9 ms]
      [Choose CSet: 0.0 ms]
      [Ref Proc: 5.3 ms]
      [Ref Enq: 0.2 ms]
      [Redirty Cards: 0.2 ms]
      [Humongous Register: 0.0 ms]
      [Humongous Reclaim: 0.0 ms]
      [Free CSet: 0.1 ms]
   [Eden: 7152.0M(7152.0M)->0.0B(7152.0M) Survivors: 16384.0K->16384.0K Heap: 10392.8M(14336.0M)->3306.3M(14336.0M)]
 [Times: user=0.15 sys=0.00, real=0.01 secs] 
2022-10-31T18:04:36.115-0600: 85376.535: [GC pause (G1 Evacuation Pause) (young) (initial-mark), 0.0119962 secs]
   [Parallel Time: 6.3 ms, GC Workers: 14]
      [GC Worker Start (ms): Min: 85376536.2, Avg: 85376536.4, Max: 85376536.5, Diff: 0.3]
      [Ext Root Scanning (ms): Min: 3.8, Avg: 4.0, Max: 4.2, Diff: 0.4, Sum: 55.7]
      [Update RS (ms): Min: 0.1, Avg: 0.1, Max: 0.3, Diff: 0.3, Sum: 1.8]
         [Processed Buffers: Min: 1, Avg: 10.5, Max: 33, Diff: 32, Sum: 147]
      [Scan RS (ms): Min: 0.0, Avg: 0.0, Max: 0.1, Diff: 0.1, Sum: 0.4]
      [Code Root Scanning (ms): Min: 0.0, Avg: 0.0, Max: 0.0, Diff: 0.0, Sum: 0.0]
      [Object Copy (ms): Min: 0.2, Avg: 0.3, Max: 0.4, Diff: 0.2, Sum: 4.6]
      [Termination (ms): Min: 0.0, Avg: 0.0, Max: 0.0, Diff: 0.0, Sum: 0.4]
         [Termination Attempts: Min: 25, Avg: 35.0, Max: 49, Diff: 24, Sum: 490]
      [GC Worker Other (ms): Min: 0.0, Avg: 0.0, Max: 0.1, Diff: 0.1, Sum: 0.7]
      [GC Worker Total (ms): Min: 4.4, Avg: 4.5, Max: 4.7, Diff: 0.4, Sum: 63.7]
      [GC Worker End (ms): Min: 85376540.9, Avg: 85376540.9, Max: 85376541.0, Diff: 0.1]
   [Code Root Fixup: 0.0 ms]
   [Code Root Purge: 0.0 ms]
   [Clear CT: 0.4 ms]
   [Other: 5.2 ms]
      [Choose CSet: 0.0 ms]
      [Ref Proc: 4.6 ms]
      [Ref Enq: 0.3 ms]
      [Redirty Cards: 0.2 ms]
      [Humongous Register: 0.0 ms]
      [Humongous Reclaim: 0.0 ms]
      [Free CSet: 0.1 ms]
   [Eden: 7152.0M(7152.0M)->0.0B(7152.0M) Survivors: 16384.0K->16384.0K Heap: 10458.3M(14336.0M)->3318.9M(14336.0M)]
 [Times: user=0.07 sys=0.00, real=0.01 secs] 
2022-10-31T18:04:36.127-0600: 85376.547: [GC concurrent-root-region-scan-start]
2022-10-31T18:04:36.130-0600: 85376.550: [GC concurrent-root-region-scan-end, 0.0028017 secs]
2022-10-31T18:04:36.130-0600: 85376.550: [GC concurrent-mark-start]
2022-10-31T18:04:36.870-0600: 85377.290: [GC concurrent-mark-end, 0.7400209 secs]
2022-10-31T18:04:36.870-0600: 85377.290: [GC remark 2022-10-31T18:04:36.870-0600: 85377.290: [Finalize Marking, 0.0006747 secs] 2022-10-31T18:04:36.870-0600: 85377.291: [GC ref-proc, 0.0060783 secs] 2022-10-31T18:04:36.877-0600: 85377.297: [Unloading, 0.0190334 secs], 0.0283809 secs]
 [Times: user=0.28 sys=0.00, real=0.03 secs] 
2022-10-31T18:04:36.898-0600: 85377.319: [GC cleanup 3387M->3371M(14336M), 0.0053042 secs]
 [Times: user=0.04 sys=0.00, real=0.01 secs] 
2022-10-31T18:04:36.904-0600: 85377.324: [GC concurrent-cleanup-start]
2022-10-31T18:04:36.904-0600: 85377.324: [GC concurrent-cleanup-end, 0.0000123 secs]
2022-10-31T18:20:39.015-0600: 86339.435: [GC pause (G1 Evacuation Pause) (young), 0.0081129 secs]
   [Parallel Time: 3.2 ms, GC Workers: 14]
      [GC Worker Start (ms): Min: 86339435.4, Avg: 86339435.6, Max: 86339435.7, Diff: 0.3]
      [Ext Root Scanning (ms): Min: 0.2, Avg: 0.6, Max: 2.9, Diff: 2.6, Sum: 8.5]
      [Update RS (ms): Min: 0.0, Avg: 0.2, Max: 0.4, Diff: 0.4, Sum: 2.1]
         [Processed Buffers: Min: 0, Avg: 11.4, Max: 38, Diff: 38, Sum: 159]
      [Scan RS (ms): Min: 0.0, Avg: 0.0, Max: 0.1, Diff: 0.0, Sum: 0.4]
      [Code Root Scanning (ms): Min: 0.0, Avg: 0.0, Max: 0.0, Diff: 0.0, Sum: 0.0]
      [Object Copy (ms): Min: 0.0, Avg: 0.2, Max: 0.3, Diff: 0.3, Sum: 3.0]
      [Termination (ms): Min: 0.0, Avg: 1.7, Max: 2.0, Diff: 2.0, Sum: 23.8]
         [Termination Attempts: Min: 1, Avg: 14.9, Max: 24, Diff: 23, Sum: 208]
      [GC Worker Other (ms): Min: 0.0, Avg: 0.0, Max: 0.0, Diff: 0.0, Sum: 0.1]
      [GC Worker Total (ms): Min: 2.6, Avg: 2.7, Max: 2.9, Diff: 0.3, Sum: 37.9]
      [GC Worker End (ms): Min: 86339438.2, Avg: 86339438.3, Max: 86339438.4, Diff: 0.1]
   [Code Root Fixup: 0.0 ms]
   [Code Root Purge: 0.0 ms]
   [Clear CT: 0.3 ms]
   [Other: 4.6 ms]
      [Choose CSet: 0.0 ms]
      [Ref Proc: 4.0 ms]
      [Ref Enq: 0.2 ms]
      [Redirty Cards: 0.2 ms]
      [Humongous Register: 0.0 ms]
      [Humongous Reclaim: 0.0 ms]
      [Free CSet: 0.1 ms]
   [Eden: 7152.0M(7152.0M)->0.0B(5712.0M) Survivors: 16384.0K->16384.0K Heap: 10454.9M(14336.0M)->3305.9M(14336.0M)]
 [Times: user=0.06 sys=0.00, real=0.01 secs] 
2022-10-31T18:33:25.371-0600: 87105.792: [GC pause (G1 Evacuation Pause) (mixed), 0.0191195 secs]
   [Parallel Time: 11.3 ms, GC Workers: 14]
      [GC Worker Start (ms): Min: 87105791.9, Avg: 87105792.1, Max: 87105792.2, Diff: 0.3]
      [Ext Root Scanning (ms): Min: 0.2, Avg: 1.2, Max: 10.7, Diff: 10.5, Sum: 16.8]
      [Update RS (ms): Min: 0.0, Avg: 0.1, Max: 0.5, Diff: 0.5, Sum: 2.1]
         [Processed Buffers: Min: 0, Avg: 10.9, Max: 43, Diff: 43, Sum: 153]
      [Scan RS (ms): Min: 0.0, Avg: 0.9, Max: 1.1, Diff: 1.1, Sum: 12.2]
      [Code Root Scanning (ms): Min: 0.0, Avg: 0.0, Max: 0.2, Diff: 0.2, Sum: 0.3]
      [Object Copy (ms): Min: 0.0, Avg: 7.8, Max: 8.5, Diff: 8.5, Sum: 109.4]
      [Termination (ms): Min: 0.0, Avg: 0.6, Max: 0.7, Diff: 0.7, Sum: 8.1]
         [Termination Attempts: Min: 1, Avg: 11.4, Max: 19, Diff: 18, Sum: 159]
      [GC Worker Other (ms): Min: 0.0, Avg: 0.0, Max: 0.1, Diff: 0.0, Sum: 0.2]
      [GC Worker Total (ms): Min: 10.5, Avg: 10.7, Max: 10.8, Diff: 0.3, Sum: 149.1]
      [GC Worker End (ms): Min: 87105802.7, Avg: 87105802.7, Max: 87105802.8, Diff: 0.1]
   [Code Root Fixup: 0.0 ms]
   [Code Root Purge: 0.0 ms]
   [Clear CT: 0.6 ms]
   [Other: 7.2 ms]
      [Choose CSet: 0.0 ms]
      [Ref Proc: 6.1 ms]
      [Ref Enq: 0.2 ms]
      [Redirty Cards: 0.3 ms]
      [Humongous Register: 0.0 ms]
      [Humongous Reclaim: 0.0 ms]
      [Free CSet: 0.3 ms]
   [Eden: 5712.0M(5712.0M)->0.0B(7152.0M) Survivors: 16384.0K->16384.0K Heap: 9017.9M(14336.0M)->3078.4M(14336.0M)]
 [Times: user=0.18 sys=0.00, real=0.02 secs] 
2022-10-31T18:49:42.515-0600: 88082.935: [GC pause (G1 Evacuation Pause) (young), 0.0130367 secs]
   [Parallel Time: 7.0 ms, GC Workers: 14]
      [GC Worker Start (ms): Min: 88082935.2, Avg: 88082935.4, Max: 88082935.6, Diff: 0.4]
      [Ext Root Scanning (ms): Min: 0.3, Avg: 0.7, Max: 3.2, Diff: 3.0, Sum: 9.4]
      [Update RS (ms): Min: 2.8, Avg: 5.1, Max: 5.5, Diff: 2.7, Sum: 71.1]
         [Processed Buffers: Min: 25, Avg: 39.0, Max: 71, Diff: 46, Sum: 546]
      [Scan RS (ms): Min: 0.0, Avg: 0.0, Max: 0.1, Diff: 0.0, Sum: 0.4]
      [Code Root Scanning (ms): Min: 0.0, Avg: 0.0, Max: 0.1, Diff: 0.1, Sum: 0.1]
      [Object Copy (ms): Min: 0.3, Avg: 0.5, Max: 0.5, Diff: 0.2, Sum: 6.5]
      [Termination (ms): Min: 0.0, Avg: 0.1, Max: 0.1, Diff: 0.1, Sum: 0.8]
         [Termination Attempts: Min: 56, Avg: 68.8, Max: 83, Diff: 27, Sum: 963]
      [GC Worker Other (ms): Min: 0.0, Avg: 0.1, Max: 0.2, Diff: 0.2, Sum: 0.8]
      [GC Worker Total (ms): Min: 6.2, Avg: 6.4, Max: 6.6, Diff: 0.4, Sum: 89.2]
      [GC Worker End (ms): Min: 88082941.7, Avg: 88082941.8, Max: 88082941.9, Diff: 0.2]
   [Code Root Fixup: 0.0 ms]
   [Code Root Purge: 0.0 ms]
   [Clear CT: 0.3 ms]
   [Other: 5.7 ms]
      [Choose CSet: 0.0 ms]
      [Ref Proc: 5.0 ms]
      [Ref Enq: 0.3 ms]
      [Redirty Cards: 0.2 ms]
      [Humongous Register: 0.0 ms]
      [Humongous Reclaim: 0.0 ms]
      [Free CSet: 0.1 ms]
   [Eden: 7152.0M(7152.0M)->0.0B(7152.0M) Survivors: 16384.0K->16384.0K Heap: 10230.4M(14336.0M)->3154.5M(14336.0M)]
 [Times: user=0.11 sys=0.00, real=0.01 secs] 
2022-10-31T19:05:45.915-0600: 89046.335: [GC pause (G1 Evacuation Pause) (young) (initial-mark), 0.0145321 secs]
   [Parallel Time: 7.4 ms, GC Workers: 14]
      [GC Worker Start (ms): Min: 89046336.3, Avg: 89046336.4, Max: 89046336.7, Diff: 0.4]
      [Ext Root Scanning (ms): Min: 4.7, Avg: 4.9, Max: 5.1, Diff: 0.4, Sum: 69.3]
      [Update RS (ms): Min: 0.1, Avg: 0.2, Max: 0.3, Diff: 0.2, Sum: 3.0]
         [Processed Buffers: Min: 1, Avg: 11.4, Max: 49, Diff: 48, Sum: 160]
      [Scan RS (ms): Min: 0.0, Avg: 0.0, Max: 0.1, Diff: 0.1, Sum: 0.4]
      [Code Root Scanning (ms): Min: 0.0, Avg: 0.0, Max: 0.0, Diff: 0.0, Sum: 0.0]
      [Object Copy (ms): Min: 0.2, Avg: 0.3, Max: 0.4, Diff: 0.2, Sum: 4.7]
      [Termination (ms): Min: 0.0, Avg: 0.0, Max: 0.0, Diff: 0.0, Sum: 0.4]
         [Termination Attempts: Min: 28, Avg: 41.3, Max: 56, Diff: 28, Sum: 578]
      [GC Worker Other (ms): Min: 0.0, Avg: 0.1, Max: 0.2, Diff: 0.2, Sum: 1.1]
      [GC Worker Total (ms): Min: 5.4, Avg: 5.6, Max: 5.8, Diff: 0.4, Sum: 78.9]
      [GC Worker End (ms): Min: 89046342.0, Avg: 89046342.1, Max: 89046342.2, Diff: 0.2]
   [Code Root Fixup: 0.0 ms]
   [Code Root Purge: 0.0 ms]
   [Clear CT: 0.2 ms]
   [Other: 6.8 ms]
      [Choose CSet: 0.0 ms]
      [Ref Proc: 6.0 ms]
      [Ref Enq: 0.3 ms]
      [Redirty Cards: 0.2 ms]
      [Humongous Register: 0.0 ms]
      [Humongous Reclaim: 0.0 ms]
      [Free CSet: 0.2 ms]
   [Eden: 7152.0M(7152.0M)->0.0B(7152.0M) Survivors: 16384.0K->16384.0K Heap: 10306.5M(14336.0M)->3167.1M(14336.0M)]
 [Times: user=0.08 sys=0.00, real=0.01 secs] 
2022-10-31T19:05:45.929-0600: 89046.350: [GC concurrent-root-region-scan-start]
2022-10-31T19:05:45.933-0600: 89046.353: [GC concurrent-root-region-scan-end, 0.0035440 secs]
2022-10-31T19:05:45.933-0600: 89046.353: [GC concurrent-mark-start]
2022-10-31T19:05:46.626-0600: 89047.046: [GC concurrent-mark-end, 0.6925930 secs]
2022-10-31T19:05:46.626-0600: 89047.046: [GC remark 2022-10-31T19:05:46.626-0600: 89047.046: [Finalize Marking, 0.0006177 secs] 2022-10-31T19:05:46.626-0600: 89047.047: [GC ref-proc, 0.0072458 secs] 2022-10-31T19:05:46.634-0600: 89047.054: [Unloading, 0.0194372 secs], 0.0294996 secs]
 [Times: user=0.28 sys=0.00, real=0.03 secs] 
2022-10-31T19:05:46.656-0600: 89047.076: [GC cleanup 3231M->3231M(14336M), 0.0050507 secs]
 [Times: user=0.04 sys=0.00, real=0.01 secs] 
2022-10-31T19:21:47.765-0600: 90008.185: [GC pause (G1 Evacuation Pause) (young), 0.0089571 secs]
   [Parallel Time: 3.2 ms, GC Workers: 14]
      [GC Worker Start (ms): Min: 90008185.1, Avg: 90008185.2, Max: 90008185.4, Diff: 0.4]
      [Ext Root Scanning (ms): Min: 0.2, Avg: 0.6, Max: 2.8, Diff: 2.7, Sum: 8.0]
      [Update RS (ms): Min: 0.0, Avg: 0.2, Max: 0.4, Diff: 0.4, Sum: 2.6]
         [Processed Buffers: Min: 0, Avg: 10.9, Max: 29, Diff: 29, Sum: 153]
      [Scan RS (ms): Min: 0.0, Avg: 0.0, Max: 0.1, Diff: 0.0, Sum: 0.3]
      [Code Root Scanning (ms): Min: 0.0, Avg: 0.0, Max: 0.0, Diff: 0.0, Sum: 0.0]
      [Object Copy (ms): Min: 0.0, Avg: 0.2, Max: 0.3, Diff: 0.3, Sum: 3.0]
      [Termination (ms): Min: 0.0, Avg: 1.7, Max: 1.9, Diff: 1.9, Sum: 24.1]
         [Termination Attempts: Min: 1, Avg: 10.6, Max: 21, Diff: 20, Sum: 149]
      [GC Worker Other (ms): Min: 0.0, Avg: 0.0, Max: 0.0, Diff: 0.0, Sum: 0.1]
      [GC Worker Total (ms): Min: 2.5, Avg: 2.7, Max: 2.9, Diff: 0.4, Sum: 38.2]
      [GC Worker End (ms): Min: 90008187.9, Avg: 90008188.0, Max: 90008188.0, Diff: 0.1]
   [Code Root Fixup: 0.0 ms]
   [Code Root Purge: 0.0 ms]
   [Clear CT: 0.4 ms]
   [Other: 5.3 ms]
      [Choose CSet: 0.0 ms]
      [Ref Proc: 4.5 ms]
      [Ref Enq: 0.3 ms]
      [Redirty Cards: 0.2 ms]
      [Humongous Register: 0.0 ms]
      [Humongous Reclaim: 0.0 ms]
      [Free CSet: 0.2 ms]
   [Eden: 7152.0M(7152.0M)->0.0B(5712.0M) Survivors: 16384.0K->16384.0K Heap: 10319.1M(14336.0M)->3167.9M(14336.0M)]
 [Times: user=0.06 sys=0.00, real=0.01 secs] 
2022-10-31T19:34:35.815-0600: 90776.235: [GC pause (G1 Evacuation Pause) (mixed), 0.0111048 secs]
   [Parallel Time: 5.2 ms, GC Workers: 14]
      [GC Worker Start (ms): Min: 90776234.9, Avg: 90776235.1, Max: 90776235.2, Diff: 0.3]
      [Ext Root Scanning (ms): Min: 0.2, Avg: 0.8, Max: 4.7, Diff: 4.5, Sum: 10.7]
      [Update RS (ms): Min: 0.0, Avg: 0.1, Max: 0.3, Diff: 0.3, Sum: 1.8]
         [Processed Buffers: Min: 0, Avg: 9.9, Max: 51, Diff: 51, Sum: 139]
      [Scan RS (ms): Min: 0.0, Avg: 0.1, Max: 0.2, Diff: 0.2, Sum: 1.6]
      [Code Root Scanning (ms): Min: 0.0, Avg: 0.0, Max: 0.1, Diff: 0.1, Sum: 0.1]
      [Object Copy (ms): Min: 0.0, Avg: 0.8, Max: 0.9, Diff: 0.9, Sum: 11.0]
      [Termination (ms): Min: 0.0, Avg: 2.8, Max: 3.1, Diff: 3.1, Sum: 38.9]
         [Termination Attempts: Min: 1, Avg: 16.2, Max: 24, Diff: 23, Sum: 227]
      [GC Worker Other (ms): Min: 0.0, Avg: 0.0, Max: 0.0, Diff: 0.0, Sum: 0.1]
      [GC Worker Total (ms): Min: 4.4, Avg: 4.6, Max: 4.7, Diff: 0.3, Sum: 64.2]
      [GC Worker End (ms): Min: 90776239.6, Avg: 90776239.7, Max: 90776239.8, Diff: 0.1]
   [Code Root Fixup: 0.0 ms]
   [Code Root Purge: 0.0 ms]
   [Clear CT: 0.3 ms]
   [Other: 5.6 ms]
      [Choose CSet: 0.0 ms]
      [Ref Proc: 4.8 ms]
      [Ref Enq: 0.3 ms]
      [Redirty Cards: 0.2 ms]
      [Humongous Register: 0.0 ms]
      [Humongous Reclaim: 0.0 ms]
      [Free CSet: 0.2 ms]
   [Eden: 5712.0M(5712.0M)->0.0B(7152.0M) Survivors: 16384.0K->16384.0K Heap: 8879.9M(14336.0M)->3065.2M(14336.0M)]
 [Times: user=0.08 sys=0.00, real=0.01 secs] 
2022-10-31T19:50:41.015-0600: 91741.435: [GC pause (G1 Evacuation Pause) (young), 0.0094947 secs]
   [Parallel Time: 3.2 ms, GC Workers: 14]
      [GC Worker Start (ms): Min: 91741435.2, Avg: 91741435.3, Max: 91741435.5, Diff: 0.4]
      [Ext Root Scanning (ms): Min: 0.2, Avg: 0.6, Max: 2.9, Diff: 2.7, Sum: 8.4]
      [Update RS (ms): Min: 0.0, Avg: 0.5, Max: 0.7, Diff: 0.7, Sum: 6.8]
         [Processed Buffers: Min: 0, Avg: 12.5, Max: 42, Diff: 42, Sum: 175]
      [Scan RS (ms): Min: 0.0, Avg: 0.0, Max: 0.0, Diff: 0.0, Sum: 0.3]
      [Code Root Scanning (ms): Min: 0.0, Avg: 0.0, Max: 0.0, Diff: 0.0, Sum: 0.0]
      [Object Copy (ms): Min: 0.0, Avg: 0.3, Max: 0.4, Diff: 0.4, Sum: 4.8]
      [Termination (ms): Min: 0.0, Avg: 1.3, Max: 1.5, Diff: 1.5, Sum: 18.7]
         [Termination Attempts: Min: 1, Avg: 46.1, Max: 62, Diff: 61, Sum: 645]
      [GC Worker Other (ms): Min: 0.0, Avg: 0.0, Max: 0.0, Diff: 0.0, Sum: 0.1]
      [GC Worker Total (ms): Min: 2.6, Avg: 2.8, Max: 3.0, Diff: 0.4, Sum: 39.2]
      [GC Worker End (ms): Min: 91741438.1, Avg: 91741438.1, Max: 91741438.2, Diff: 0.1]
   [Code Root Fixup: 0.0 ms]
   [Code Root Purge: 0.0 ms]
   [Clear CT: 0.2 ms]
   [Other: 6.1 ms]
      [Choose CSet: 0.0 ms]
      [Ref Proc: 5.3 ms]
      [Ref Enq: 0.3 ms]
      [Redirty Cards: 0.2 ms]
      [Humongous Register: 0.0 ms]
      [Humongous Reclaim: 0.0 ms]
      [Free CSet: 0.2 ms]
   [Eden: 7152.0M(7152.0M)->0.0B(7152.0M) Survivors: 16384.0K->16384.0K Heap: 10217.2M(14336.0M)->3069.0M(14336.0M)]
 [Times: user=0.06 sys=0.00, real=0.01 secs] 
2022-10-31T20:06:46.164-0600: 92706.585: [GC pause (G1 Evacuation Pause) (young) (initial-mark), 0.0128779 secs]
   [Parallel Time: 6.1 ms, GC Workers: 14]
      [GC Worker Start (ms): Min: 92706585.8, Avg: 92706586.0, Max: 92706586.2, Diff: 0.4]
      [Ext Root Scanning (ms): Min: 3.6, Avg: 3.8, Max: 4.1, Diff: 0.4, Sum: 53.6]
      [Update RS (ms): Min: 0.1, Avg: 0.1, Max: 0.3, Diff: 0.3, Sum: 2.0]
         [Processed Buffers: Min: 1, Avg: 10.9, Max: 30, Diff: 29, Sum: 152]
      [Scan RS (ms): Min: 0.0, Avg: 0.0, Max: 0.1, Diff: 0.1, Sum: 0.4]
      [Code Root Scanning (ms): Min: 0.0, Avg: 0.0, Max: 0.0, Diff: 0.0, Sum: 0.0]
      [Object Copy (ms): Min: 0.1, Avg: 0.3, Max: 0.4, Diff: 0.2, Sum: 3.9]
      [Termination (ms): Min: 0.0, Avg: 0.0, Max: 0.0, Diff: 0.0, Sum: 0.3]
         [Termination Attempts: Min: 12, Avg: 24.0, Max: 31, Diff: 19, Sum: 336]
      [GC Worker Other (ms): Min: 0.0, Avg: 0.1, Max: 0.2, Diff: 0.2, Sum: 0.7]
      [GC Worker Total (ms): Min: 4.1, Avg: 4.4, Max: 4.6, Diff: 0.5, Sum: 61.0]
      [GC Worker End (ms): Min: 92706590.3, Avg: 92706590.3, Max: 92706590.5, Diff: 0.2]
   [Code Root Fixup: 0.0 ms]
   [Code Root Purge: 0.0 ms]
   [Clear CT: 0.4 ms]
   [Other: 6.3 ms]
      [Choose CSet: 0.0 ms]
      [Ref Proc: 5.5 ms]
      [Ref Enq: 0.3 ms]
      [Redirty Cards: 0.2 ms]
      [Humongous Register: 0.0 ms]
      [Humongous Reclaim: 0.0 ms]
      [Free CSet: 0.2 ms]
   [Eden: 7152.0M(7152.0M)->0.0B(7152.0M) Survivors: 16384.0K->16384.0K Heap: 10221.0M(14336.0M)->3069.8M(14336.0M)]
 [Times: user=0.07 sys=0.00, real=0.01 secs] 
2022-10-31T20:06:46.177-0600: 92706.598: [GC concurrent-root-region-scan-start]
2022-10-31T20:06:46.181-0600: 92706.602: [GC concurrent-root-region-scan-end, 0.0040376 secs]
2022-10-31T20:06:46.181-0600: 92706.602: [GC concurrent-mark-start]
2022-10-31T20:06:46.894-0600: 92707.315: [GC concurrent-mark-end, 0.7131458 secs]
2022-10-31T20:06:46.895-0600: 92707.315: [GC remark 2022-10-31T20:06:46.895-0600: 92707.315: [Finalize Marking, 0.0007356 secs] 2022-10-31T20:06:46.895-0600: 92707.316: [GC ref-proc, 0.0081325 secs] 2022-10-31T20:06:46.904-0600: 92707.324: [Unloading, 0.0205208 secs], 0.0320140 secs]
 [Times: user=0.30 sys=0.00, real=0.03 secs] 
2022-10-31T20:06:46.927-0600: 92707.347: [GC cleanup 3129M->3129M(14336M), 0.0048196 secs]
 [Times: user=0.03 sys=0.00, real=0.00 secs] 
2022-10-31T20:22:34.715-0600: 93655.136: [GC pause (G1 Evacuation Pause) (young), 0.0092565 secs]
   [Parallel Time: 4.3 ms, GC Workers: 14]
      [GC Worker Start (ms): Min: 93655135.6, Avg: 93655135.7, Max: 93655135.9, Diff: 0.3]
      [Ext Root Scanning (ms): Min: 0.2, Avg: 0.7, Max: 4.0, Diff: 3.7, Sum: 9.2]
      [Update RS (ms): Min: 0.0, Avg: 0.1, Max: 0.3, Diff: 0.3, Sum: 1.7]
         [Processed Buffers: Min: 0, Avg: 11.3, Max: 22, Diff: 22, Sum: 158]
      [Scan RS (ms): Min: 0.0, Avg: 0.0, Max: 0.1, Diff: 0.1, Sum: 0.5]
      [Code Root Scanning (ms): Min: 0.0, Avg: 0.0, Max: 0.0, Diff: 0.0, Sum: 0.0]
      [Object Copy (ms): Min: 0.0, Avg: 0.3, Max: 0.4, Diff: 0.4, Sum: 4.4]
      [Termination (ms): Min: 0.0, Avg: 2.8, Max: 3.1, Diff: 3.1, Sum: 38.9]
         [Termination Attempts: Min: 1, Avg: 35.4, Max: 49, Diff: 48, Sum: 495]
      [GC Worker Other (ms): Min: 0.0, Avg: 0.0, Max: 0.0, Diff: 0.0, Sum: 0.1]
      [GC Worker Total (ms): Min: 3.7, Avg: 3.9, Max: 4.1, Diff: 0.3, Sum: 54.7]
      [GC Worker End (ms): Min: 93655139.6, Avg: 93655139.6, Max: 93655139.7, Diff: 0.2]
   [Code Root Fixup: 0.0 ms]
   [Code Root Purge: 0.0 ms]
   [Clear CT: 0.3 ms]
   [Other: 4.7 ms]
      [Choose CSet: 0.0 ms]
      [Ref Proc: 4.0 ms]
      [Ref Enq: 0.3 ms]
      [Redirty Cards: 0.2 ms]
      [Humongous Register: 0.0 ms]
      [Humongous Reclaim: 0.0 ms]
      [Free CSet: 0.1 ms]
   [Eden: 7152.0M(7152.0M)->0.0B(5712.0M) Survivors: 16384.0K->16384.0K Heap: 10221.8M(14336.0M)->3070.1M(14336.0M)]
 [Times: user=0.07 sys=0.00, real=0.01 secs] 
2022-10-31T20:35:55.017-0600: 94455.438: [GC pause (G1 Evacuation Pause) (mixed), 0.0280725 secs]
   [Parallel Time: 9.4 ms, GC Workers: 14]
      [GC Worker Start (ms): Min: 94455438.0, Avg: 94455438.5, Max: 94455438.8, Diff: 0.9]
      [Ext Root Scanning (ms): Min: 1.1, Avg: 2.1, Max: 8.6, Diff: 7.4, Sum: 29.1]
      [Update RS (ms): Min: 0.0, Avg: 0.4, Max: 1.1, Diff: 1.1, Sum: 5.4]
         [Processed Buffers: Min: 0, Avg: 10.4, Max: 40, Diff: 40, Sum: 146]
      [Scan RS (ms): Min: 0.0, Avg: 0.4, Max: 0.6, Diff: 0.6, Sum: 5.2]
      [Code Root Scanning (ms): Min: 0.0, Avg: 0.0, Max: 0.4, Diff: 0.4, Sum: 0.4]
      [Object Copy (ms): Min: 0.0, Avg: 3.4, Max: 3.9, Diff: 3.9, Sum: 47.3]
      [Termination (ms): Min: 0.0, Avg: 1.9, Max: 2.1, Diff: 2.1, Sum: 26.2]
         [Termination Attempts: Min: 1, Avg: 3.0, Max: 8, Diff: 7, Sum: 42]
      [GC Worker Other (ms): Min: 0.0, Avg: 0.0, Max: 0.0, Diff: 0.0, Sum: 0.2]
      [GC Worker Total (ms): Min: 7.7, Avg: 8.1, Max: 8.7, Diff: 1.0, Sum: 113.9]
      [GC Worker End (ms): Min: 94455446.5, Avg: 94455446.6, Max: 94455446.7, Diff: 0.1]
   [Code Root Fixup: 0.0 ms]
   [Code Root Purge: 0.0 ms]
   [Clear CT: 1.3 ms]
   [Other: 17.3 ms]
      [Choose CSet: 0.0 ms]
      [Ref Proc: 14.0 ms]
      [Ref Enq: 1.5 ms]
      [Redirty Cards: 1.1 ms]
      [Humongous Register: 0.1 ms]
      [Humongous Reclaim: 0.0 ms]
      [Free CSet: 0.5 ms]
   [Eden: 5712.0M(5712.0M)->0.0B(7152.0M) Survivors: 16384.0K->16384.0K Heap: 8782.1M(14336.0M)->3063.1M(14336.0M)]
 [Times: user=0.17 sys=0.01, real=0.03 secs] 
2022-10-31T20:51:55.614-0600: 95416.034: [GC pause (G1 Evacuation Pause) (young), 0.0109386 secs]
   [Parallel Time: 4.5 ms, GC Workers: 14]
      [GC Worker Start (ms): Min: 95416034.6, Avg: 95416034.7, Max: 95416034.9, Diff: 0.3]
      [Ext Root Scanning (ms): Min: 0.2, Avg: 0.7, Max: 4.0, Diff: 3.8, Sum: 9.2]
      [Update RS (ms): Min: 0.0, Avg: 0.5, Max: 0.7, Diff: 0.7, Sum: 6.5]
         [Processed Buffers: Min: 0, Avg: 13.6, Max: 44, Diff: 44, Sum: 191]
      [Scan RS (ms): Min: 0.0, Avg: 0.0, Max: 0.0, Diff: 0.0, Sum: 0.4]
      [Code Root Scanning (ms): Min: 0.0, Avg: 0.0, Max: 0.0, Diff: 0.0, Sum: 0.0]
      [Object Copy (ms): Min: 0.0, Avg: 0.3, Max: 0.4, Diff: 0.4, Sum: 4.2]
      [Termination (ms): Min: 0.0, Avg: 2.5, Max: 2.7, Diff: 2.7, Sum: 34.7]
         [Termination Attempts: Min: 1, Avg: 35.1, Max: 51, Diff: 50, Sum: 491]
      [GC Worker Other (ms): Min: 0.0, Avg: 0.0, Max: 0.0, Diff: 0.0, Sum: 0.1]
      [GC Worker Total (ms): Min: 3.8, Avg: 3.9, Max: 4.1, Diff: 0.3, Sum: 55.1]
      [GC Worker End (ms): Min: 95416038.6, Avg: 95416038.7, Max: 95416038.7, Diff: 0.1]
   [Code Root Fixup: 0.0 ms]
   [Code Root Purge: 0.0 ms]
   [Clear CT: 0.2 ms]
   [Other: 6.2 ms]
      [Choose CSet: 0.0 ms]
      [Ref Proc: 5.3 ms]
      [Ref Enq: 0.3 ms]
      [Redirty Cards: 0.2 ms]
      [Humongous Register: 0.0 ms]
      [Humongous Reclaim: 0.0 ms]
      [Free CSet: 0.2 ms]
   [Eden: 7152.0M(7152.0M)->0.0B(7152.0M) Survivors: 16384.0K->16384.0K Heap: 10215.1M(14336.0M)->3063.9M(14336.0M)]
 [Times: user=0.08 sys=0.00, real=0.01 secs] 
2022-10-31T21:07:59.764-0600: 96380.185: [GC pause (G1 Evacuation Pause) (young) (initial-mark), 0.0131624 secs]
   [Parallel Time: 6.6 ms, GC Workers: 14]
      [GC Worker Start (ms): Min: 96380185.9, Avg: 96380186.1, Max: 96380186.3, Diff: 0.3]
      [Ext Root Scanning (ms): Min: 3.9, Avg: 4.1, Max: 4.3, Diff: 0.4, Sum: 57.7]
      [Update RS (ms): Min: 0.1, Avg: 0.1, Max: 0.2, Diff: 0.2, Sum: 1.6]
         [Processed Buffers: Min: 1, Avg: 11.0, Max: 33, Diff: 32, Sum: 154]
      [Scan RS (ms): Min: 0.0, Avg: 0.0, Max: 0.1, Diff: 0.0, Sum: 0.4]
      [Code Root Scanning (ms): Min: 0.0, Avg: 0.0, Max: 0.0, Diff: 0.0, Sum: 0.0]
      [Object Copy (ms): Min: 0.3, Avg: 0.4, Max: 0.4, Diff: 0.1, Sum: 5.1]
      [Termination (ms): Min: 0.0, Avg: 0.0, Max: 0.0, Diff: 0.0, Sum: 0.5]
         [Termination Attempts: Min: 38, Avg: 47.1, Max: 57, Diff: 19, Sum: 659]
      [GC Worker Other (ms): Min: 0.0, Avg: 0.1, Max: 0.2, Diff: 0.2, Sum: 1.2]
      [GC Worker Total (ms): Min: 4.5, Avg: 4.8, Max: 5.0, Diff: 0.5, Sum: 66.6]
      [GC Worker End (ms): Min: 96380190.7, Avg: 96380190.8, Max: 96380191.0, Diff: 0.2]
   [Code Root Fixup: 0.0 ms]
   [Code Root Purge: 0.0 ms]
   [Clear CT: 0.2 ms]
   [Other: 6.3 ms]
      [Choose CSet: 0.0 ms]
      [Ref Proc: 5.6 ms]
      [Ref Enq: 0.3 ms]
      [Redirty Cards: 0.2 ms]
      [Humongous Register: 0.0 ms]
      [Humongous Reclaim: 0.0 ms]
      [Free CSet: 0.2 ms]
   [Eden: 7152.0M(7152.0M)->0.0B(7152.0M) Survivors: 16384.0K->16384.0K Heap: 10215.9M(14336.0M)->3064.5M(14336.0M)]
 [Times: user=0.07 sys=0.00, real=0.01 secs] 
2022-10-31T21:07:59.778-0600: 96380.198: [GC concurrent-root-region-scan-start]
2022-10-31T21:07:59.781-0600: 96380.202: [GC concurrent-root-region-scan-end, 0.0036099 secs]
2022-10-31T21:07:59.781-0600: 96380.202: [GC concurrent-mark-start]
2022-10-31T21:08:00.449-0600: 96380.870: [GC concurrent-mark-end, 0.6681000 secs]
2022-10-31T21:08:00.450-0600: 96380.870: [GC remark 2022-10-31T21:08:00.450-0600: 96380.870: [Finalize Marking, 0.0009027 secs] 2022-10-31T21:08:00.450-0600: 96380.871: [GC ref-proc, 0.0087239 secs] 2022-10-31T21:08:00.459-0600: 96380.880: [Unloading, 0.0193130 secs], 0.0315992 secs]
 [Times: user=0.29 sys=0.00, real=0.04 secs] 
2022-10-31T21:08:00.481-0600: 96380.902: [GC cleanup 3128M->3128M(14336M), 0.0054849 secs]
 [Times: user=0.04 sys=0.00, real=0.00 secs] 
2022-10-31T21:24:03.955-0600: 97344.375: [GC pause (G1 Evacuation Pause) (young), 0.0090586 secs]
   [Parallel Time: 3.3 ms, GC Workers: 14]
      [GC Worker Start (ms): Min: 97344375.1, Avg: 97344375.3, Max: 97344375.5, Diff: 0.4]
      [Ext Root Scanning (ms): Min: 0.2, Avg: 0.6, Max: 2.8, Diff: 2.5, Sum: 8.4]
      [Update RS (ms): Min: 0.0, Avg: 0.1, Max: 0.4, Diff: 0.4, Sum: 1.8]
         [Processed Buffers: Min: 0, Avg: 11.7, Max: 34, Diff: 34, Sum: 164]
      [Scan RS (ms): Min: 0.0, Avg: 0.0, Max: 0.1, Diff: 0.1, Sum: 0.5]
      [Code Root Scanning (ms): Min: 0.0, Avg: 0.0, Max: 0.0, Diff: 0.0, Sum: 0.0]
      [Object Copy (ms): Min: 0.0, Avg: 0.2, Max: 0.3, Diff: 0.3, Sum: 3.1]
      [Termination (ms): Min: 0.0, Avg: 1.6, Max: 1.8, Diff: 1.8, Sum: 22.8]
         [Termination Attempts: Min: 1, Avg: 11.7, Max: 22, Diff: 21, Sum: 164]
      [GC Worker Other (ms): Min: 0.0, Avg: 0.0, Max: 0.0, Diff: 0.0, Sum: 0.1]
      [GC Worker Total (ms): Min: 2.4, Avg: 2.6, Max: 2.9, Diff: 0.4, Sum: 36.7]
      [GC Worker End (ms): Min: 97344377.9, Avg: 97344377.9, Max: 97344378.0, Diff: 0.1]
   [Code Root Fixup: 0.0 ms]
   [Code Root Purge: 0.0 ms]
   [Clear CT: 0.4 ms]
   [Other: 5.4 ms]
      [Choose CSet: 0.0 ms]
      [Ref Proc: 4.7 ms]
      [Ref Enq: 0.2 ms]
      [Redirty Cards: 0.2 ms]
      [Humongous Register: 0.0 ms]
      [Humongous Reclaim: 0.0 ms]
      [Free CSet: 0.2 ms]
   [Eden: 7152.0M(7152.0M)->0.0B(7152.0M) Survivors: 16384.0K->16384.0K Heap: 10216.5M(14336.0M)->3064.4M(14336.0M)]
 [Times: user=0.06 sys=0.00, real=0.01 secs] 
2022-10-31T21:40:04.565-0600: 98304.985: [GC pause (G1 Evacuation Pause) (young), 0.0091938 secs]
   [Parallel Time: 2.9 ms, GC Workers: 14]
      [GC Worker Start (ms): Min: 98304985.1, Avg: 98304985.3, Max: 98304985.4, Diff: 0.3]
      [Ext Root Scanning (ms): Min: 0.2, Avg: 0.6, Max: 2.8, Diff: 2.6, Sum: 8.1]
      [Update RS (ms): Min: 0.0, Avg: 0.2, Max: 0.3, Diff: 0.3, Sum: 2.1]
         [Processed Buffers: Min: 0, Avg: 11.6, Max: 24, Diff: 24, Sum: 162]
      [Scan RS (ms): Min: 0.0, Avg: 0.0, Max: 0.1, Diff: 0.0, Sum: 0.3]
      [Code Root Scanning (ms): Min: 0.0, Avg: 0.0, Max: 0.0, Diff: 0.0, Sum: 0.0]
      [Object Copy (ms): Min: 0.0, Avg: 0.2, Max: 0.3, Diff: 0.3, Sum: 2.5]
      [Termination (ms): Min: 0.0, Avg: 1.7, Max: 1.9, Diff: 1.9, Sum: 23.7]
         [Termination Attempts: Min: 1, Avg: 8.1, Max: 16, Diff: 15, Sum: 114]
      [GC Worker Other (ms): Min: 0.0, Avg: 0.0, Max: 0.0, Diff: 0.0, Sum: 0.1]
      [GC Worker Total (ms): Min: 2.5, Avg: 2.6, Max: 2.8, Diff: 0.3, Sum: 36.9]
      [GC Worker End (ms): Min: 98304987.9, Avg: 98304987.9, Max: 98304987.9, Diff: 0.0]
   [Code Root Fixup: 0.0 ms]
   [Code Root Purge: 0.0 ms]
   [Clear CT: 0.2 ms]
   [Other: 6.1 ms]
      [Choose CSet: 0.0 ms]
      [Ref Proc: 5.4 ms]
      [Ref Enq: 0.3 ms]
      [Redirty Cards: 0.2 ms]
      [Humongous Register: 0.0 ms]
      [Humongous Reclaim: 0.0 ms]
      [Free CSet: 0.1 ms]
   [Eden: 7152.0M(7152.0M)->0.0B(7152.0M) Survivors: 16384.0K->16384.0K Heap: 10216.4M(14336.0M)->3064.7M(14336.0M)]
 [Times: user=0.06 sys=0.00, real=0.01 secs] 
2022-10-31T21:56:00.466-0600: 99260.887: [GC pause (G1 Evacuation Pause) (young) (initial-mark), 0.0122436 secs]
   [Parallel Time: 7.1 ms, GC Workers: 14]
      [GC Worker Start (ms): Min: 99260888.4, Avg: 99260888.5, Max: 99260888.7, Diff: 0.3]
      [Ext Root Scanning (ms): Min: 4.5, Avg: 4.6, Max: 4.7, Diff: 0.3, Sum: 64.3]
      [Update RS (ms): Min: 0.1, Avg: 0.1, Max: 0.3, Diff: 0.2, Sum: 1.8]
         [Processed Buffers: Min: 1, Avg: 11.5, Max: 27, Diff: 26, Sum: 161]
      [Scan RS (ms): Min: 0.0, Avg: 0.0, Max: 0.1, Diff: 0.1, Sum: 0.5]
      [Code Root Scanning (ms): Min: 0.0, Avg: 0.0, Max: 0.0, Diff: 0.0, Sum: 0.0]
      [Object Copy (ms): Min: 0.1, Avg: 0.3, Max: 0.4, Diff: 0.2, Sum: 4.3]
      [Termination (ms): Min: 0.0, Avg: 0.0, Max: 0.1, Diff: 0.1, Sum: 0.4]
         [Termination Attempts: Min: 20, Avg: 35.5, Max: 46, Diff: 26, Sum: 497]
      [GC Worker Other (ms): Min: 0.0, Avg: 0.0, Max: 0.1, Diff: 0.1, Sum: 0.6]
      [GC Worker Total (ms): Min: 5.0, Avg: 5.1, Max: 5.3, Diff: 0.3, Sum: 71.9]
      [GC Worker End (ms): Min: 99260893.6, Avg: 99260893.7, Max: 99260893.7, Diff: 0.1]
   [Code Root Fixup: 0.0 ms]
   [Code Root Purge: 0.0 ms]
   [Clear CT: 0.4 ms]
   [Other: 4.7 ms]
      [Choose CSet: 0.0 ms]
      [Ref Proc: 4.0 ms]
      [Ref Enq: 0.2 ms]
      [Redirty Cards: 0.2 ms]
      [Humongous Register: 0.0 ms]
      [Humongous Reclaim: 0.0 ms]
      [Free CSet: 0.2 ms]
   [Eden: 7152.0M(7152.0M)->0.0B(7152.0M) Survivors: 16384.0K->16384.0K Heap: 10216.7M(14336.0M)->3064.5M(14336.0M)]
 [Times: user=0.07 sys=0.00, real=0.01 secs] 
2022-10-31T21:56:00.479-0600: 99260.899: [GC concurrent-root-region-scan-start]
2022-10-31T21:56:00.482-0600: 99260.903: [GC concurrent-root-region-scan-end, 0.0035758 secs]
2022-10-31T21:56:00.482-0600: 99260.903: [GC concurrent-mark-start]
2022-10-31T21:56:01.155-0600: 99261.575: [GC concurrent-mark-end, 0.6721667 secs]
2022-10-31T21:56:01.155-0600: 99261.575: [GC remark 2022-10-31T21:56:01.155-0600: 99261.575: [Finalize Marking, 0.0004551 secs] 2022-10-31T21:56:01.155-0600: 99261.576: [GC ref-proc, 0.0080137 secs] 2022-10-31T21:56:01.163-0600: 99261.584: [Unloading, 0.0205090 secs], 0.0315021 secs]
 [Times: user=0.29 sys=0.00, real=0.03 secs] 
2022-10-31T21:56:01.187-0600: 99261.607: [GC cleanup 3128M->3128M(14336M), 0.0050175 secs]
 [Times: user=0.03 sys=0.00, real=0.00 secs] 
2022-10-31T22:11:59.715-0600: 100220.135: [GC pause (G1 Evacuation Pause) (young), 0.0100402 secs]
   [Parallel Time: 4.3 ms, GC Workers: 14]
      [GC Worker Start (ms): Min: 100220135.6, Avg: 100220135.8, Max: 100220135.9, Diff: 0.3]
      [Ext Root Scanning (ms): Min: 0.3, Avg: 0.7, Max: 3.9, Diff: 3.6, Sum: 9.7]
      [Update RS (ms): Min: 0.0, Avg: 0.1, Max: 0.3, Diff: 0.3, Sum: 1.7]
         [Processed Buffers: Min: 0, Avg: 11.1, Max: 34, Diff: 34, Sum: 156]
      [Scan RS (ms): Min: 0.0, Avg: 0.0, Max: 0.1, Diff: 0.0, Sum: 0.4]
      [Code Root Scanning (ms): Min: 0.0, Avg: 0.0, Max: 0.0, Diff: 0.0, Sum: 0.0]
      [Object Copy (ms): Min: 0.0, Avg: 0.2, Max: 0.3, Diff: 0.3, Sum: 3.2]
      [Termination (ms): Min: 0.0, Avg: 2.7, Max: 3.0, Diff: 3.0, Sum: 37.8]
         [Termination Attempts: Min: 1, Avg: 15.5, Max: 22, Diff: 21, Sum: 217]
      [GC Worker Other (ms): Min: 0.0, Avg: 0.0, Max: 0.0, Diff: 0.0, Sum: 0.1]
      [GC Worker Total (ms): Min: 3.7, Avg: 3.8, Max: 3.9, Diff: 0.3, Sum: 52.8]
      [GC Worker End (ms): Min: 100220139.5, Avg: 100220139.5, Max: 100220139.5, Diff: 0.0]
   [Code Root Fixup: 0.0 ms]
   [Code Root Purge: 0.0 ms]
   [Clear CT: 0.4 ms]
   [Other: 5.3 ms]
      [Choose CSet: 0.0 ms]
      [Ref Proc: 4.6 ms]
      [Ref Enq: 0.2 ms]
      [Redirty Cards: 0.2 ms]
      [Humongous Register: 0.0 ms]
      [Humongous Reclaim: 0.0 ms]
      [Free CSet: 0.2 ms]
   [Eden: 7152.0M(7152.0M)->0.0B(7152.0M) Survivors: 16384.0K->16384.0K Heap: 10216.5M(14336.0M)->3065.1M(14336.0M)]
 [Times: user=0.08 sys=0.00, real=0.01 secs] 
2022-10-31T22:28:05.364-0600: 101185.785: [GC pause (G1 Evacuation Pause) (young), 0.0102776 secs]
   [Parallel Time: 4.3 ms, GC Workers: 14]
      [GC Worker Start (ms): Min: 101185784.7, Avg: 101185784.9, Max: 101185785.0, Diff: 0.3]
      [Ext Root Scanning (ms): Min: 0.2, Avg: 0.7, Max: 4.0, Diff: 3.8, Sum: 9.1]
      [Update RS (ms): Min: 0.0, Avg: 0.1, Max: 0.3, Diff: 0.3, Sum: 1.6]
         [Processed Buffers: Min: 0, Avg: 11.0, Max: 43, Diff: 43, Sum: 154]
      [Scan RS (ms): Min: 0.0, Avg: 0.0, Max: 0.1, Diff: 0.1, Sum: 0.5]
      [Code Root Scanning (ms): Min: 0.0, Avg: 0.0, Max: 0.0, Diff: 0.0, Sum: 0.0]
      [Object Copy (ms): Min: 0.0, Avg: 0.3, Max: 0.4, Diff: 0.4, Sum: 3.9]
      [Termination (ms): Min: 0.0, Avg: 2.9, Max: 3.1, Diff: 3.1, Sum: 40.0]
         [Termination Attempts: Min: 1, Avg: 24.1, Max: 33, Diff: 32, Sum: 338]
      [GC Worker Other (ms): Min: 0.0, Avg: 0.0, Max: 0.0, Diff: 0.0, Sum: 0.1]
      [GC Worker Total (ms): Min: 3.8, Avg: 3.9, Max: 4.1, Diff: 0.3, Sum: 55.2]
      [GC Worker End (ms): Min: 101185788.7, Avg: 101185788.8, Max: 101185788.8, Diff: 0.1]
   [Code Root Fixup: 0.0 ms]
   [Code Root Purge: 0.0 ms]
   [Clear CT: 0.4 ms]
   [Other: 5.5 ms]
      [Choose CSet: 0.0 ms]
      [Ref Proc: 5.0 ms]
      [Ref Enq: 0.2 ms]
      [Redirty Cards: 0.2 ms]
      [Humongous Register: 0.0 ms]
      [Humongous Reclaim: 0.0 ms]
      [Free CSet: 0.1 ms]
   [Eden: 7152.0M(7152.0M)->0.0B(7152.0M) Survivors: 16384.0K->16384.0K Heap: 10217.1M(14336.0M)->3064.5M(14336.0M)]
 [Times: user=0.08 sys=0.00, real=0.01 secs] 
2022-10-31T22:44:08.614-0600: 102149.035: [GC pause (G1 Evacuation Pause) (young) (initial-mark), 0.0137872 secs]
   [Parallel Time: 7.1 ms, GC Workers: 14]
      [GC Worker Start (ms): Min: 102149035.8, Avg: 102149036.0, Max: 102149036.2, Diff: 0.5]
      [Ext Root Scanning (ms): Min: 4.4, Avg: 4.7, Max: 4.9, Diff: 0.5, Sum: 65.1]
      [Update RS (ms): Min: 0.0, Avg: 0.1, Max: 0.3, Diff: 0.3, Sum: 1.8]
         [Processed Buffers: Min: 1, Avg: 12.0, Max: 37, Diff: 36, Sum: 168]
      [Scan RS (ms): Min: 0.0, Avg: 0.0, Max: 0.1, Diff: 0.1, Sum: 0.5]
      [Code Root Scanning (ms): Min: 0.0, Avg: 0.0, Max: 0.0, Diff: 0.0, Sum: 0.0]
      [Object Copy (ms): Min: 0.2, Avg: 0.3, Max: 0.3, Diff: 0.2, Sum: 4.2]
      [Termination (ms): Min: 0.0, Avg: 0.0, Max: 0.0, Diff: 0.0, Sum: 0.2]
         [Termination Attempts: Min: 8, Avg: 22.9, Max: 32, Diff: 24, Sum: 320]
      [GC Worker Other (ms): Min: 0.0, Avg: 0.1, Max: 0.3, Diff: 0.3, Sum: 1.7]
      [GC Worker Total (ms): Min: 4.9, Avg: 5.3, Max: 5.6, Diff: 0.6, Sum: 73.5]
      [GC Worker End (ms): Min: 102149041.2, Avg: 102149041.3, Max: 102149041.5, Diff: 0.3]
   [Code Root Fixup: 0.0 ms]
   [Code Root Purge: 0.0 ms]
   [Clear CT: 0.5 ms]
   [Other: 6.2 ms]
      [Choose CSet: 0.0 ms]
      [Ref Proc: 5.5 ms]
      [Ref Enq: 0.3 ms]
      [Redirty Cards: 0.2 ms]
      [Humongous Register: 0.0 ms]
      [Humongous Reclaim: 0.0 ms]
      [Free CSet: 0.2 ms]
   [Eden: 7152.0M(7152.0M)->0.0B(7152.0M) Survivors: 16384.0K->16384.0K Heap: 10216.5M(14336.0M)->3064.9M(14336.0M)]
 [Times: user=0.07 sys=0.00, real=0.01 secs] 
2022-10-31T22:44:08.628-0600: 102149.048: [GC concurrent-root-region-scan-start]
2022-10-31T22:44:08.631-0600: 102149.051: [GC concurrent-root-region-scan-end, 0.0026862 secs]
2022-10-31T22:44:08.631-0600: 102149.051: [GC concurrent-mark-start]
2022-10-31T22:44:09.202-0600: 102149.622: [GC concurrent-mark-end, 0.5712057 secs]
2022-10-31T22:44:09.202-0600: 102149.623: [GC remark 2022-10-31T22:44:09.202-0600: 102149.623: [Finalize Marking, 0.0005589 secs] 2022-10-31T22:44:09.203-0600: 102149.623: [GC ref-proc, 0.0076398 secs] 2022-10-31T22:44:09.211-0600: 102149.631: [Unloading, 0.0187636 secs], 0.0296751 secs]
 [Times: user=0.28 sys=0.00, real=0.02 secs] 
2022-10-31T22:44:09.232-0600: 102149.653: [GC cleanup 3096M->3096M(14336M), 0.0059751 secs]
 [Times: user=0.04 sys=0.00, real=0.00 secs] 
2022-10-31T23:00:21.856-0600: 103122.277: [GC pause (G1 Evacuation Pause) (young), 0.0097894 secs]
   [Parallel Time: 3.2 ms, GC Workers: 14]
      [GC Worker Start (ms): Min: 103122276.8, Avg: 103122277.0, Max: 103122277.2, Diff: 0.4]
      [Ext Root Scanning (ms): Min: 0.2, Avg: 0.6, Max: 2.9, Diff: 2.7, Sum: 7.9]
      [Update RS (ms): Min: 0.0, Avg: 0.1, Max: 0.3, Diff: 0.3, Sum: 1.7]
         [Processed Buffers: Min: 0, Avg: 10.7, Max: 43, Diff: 43, Sum: 150]
      [Scan RS (ms): Min: 0.0, Avg: 0.0, Max: 0.1, Diff: 0.1, Sum: 0.4]
      [Code Root Scanning (ms): Min: 0.0, Avg: 0.0, Max: 0.0, Diff: 0.0, Sum: 0.0]
      [Object Copy (ms): Min: 0.0, Avg: 0.2, Max: 0.3, Diff: 0.3, Sum: 3.4]
      [Termination (ms): Min: 0.0, Avg: 1.7, Max: 2.0, Diff: 2.0, Sum: 24.1]
         [Termination Attempts: Min: 1, Avg: 13.4, Max: 23, Diff: 22, Sum: 188]
      [GC Worker Other (ms): Min: 0.0, Avg: 0.0, Max: 0.0, Diff: 0.0, Sum: 0.1]
      [GC Worker Total (ms): Min: 2.5, Avg: 2.7, Max: 2.9, Diff: 0.4, Sum: 37.7]
      [GC Worker End (ms): Min: 103122279.7, Avg: 103122279.7, Max: 103122279.8, Diff: 0.1]
   [Code Root Fixup: 0.0 ms]
   [Code Root Purge: 0.0 ms]
   [Clear CT: 0.5 ms]
   [Other: 6.2 ms]
      [Choose CSet: 0.0 ms]
      [Ref Proc: 5.6 ms]
      [Ref Enq: 0.2 ms]
      [Redirty Cards: 0.2 ms]
      [Humongous Register: 0.0 ms]
      [Humongous Reclaim: 0.0 ms]
      [Free CSet: 0.1 ms]
   [Eden: 7152.0M(7152.0M)->0.0B(7152.0M) Survivors: 16384.0K->16384.0K Heap: 10216.9M(14336.0M)->3064.5M(14336.0M)]
 [Times: user=0.05 sys=0.01, real=0.01 secs] 
2022-10-31T23:16:34.665-0600: 104095.085: [GC pause (G1 Evacuation Pause) (young), 0.0105163 secs]
   [Parallel Time: 4.3 ms, GC Workers: 14]
      [GC Worker Start (ms): Min: 104095085.5, Avg: 104095085.8, Max: 104095086.0, Diff: 0.5]
      [Ext Root Scanning (ms): Min: 0.1, Avg: 0.7, Max: 4.1, Diff: 3.9, Sum: 9.2]
      [Update RS (ms): Min: 0.0, Avg: 0.1, Max: 0.3, Diff: 0.3, Sum: 1.6]
         [Processed Buffers: Min: 0, Avg: 10.6, Max: 45, Diff: 45, Sum: 148]
      [Scan RS (ms): Min: 0.0, Avg: 0.0, Max: 0.1, Diff: 0.1, Sum: 0.5]
      [Code Root Scanning (ms): Min: 0.0, Avg: 0.0, Max: 0.0, Diff: 0.0, Sum: 0.0]
      [Object Copy (ms): Min: 0.0, Avg: 0.3, Max: 0.4, Diff: 0.4, Sum: 3.8]
      [Termination (ms): Min: 0.0, Avg: 2.9, Max: 3.1, Diff: 3.1, Sum: 40.1]
         [Termination Attempts: Min: 1, Avg: 36.4, Max: 53, Diff: 52, Sum: 510]
      [GC Worker Other (ms): Min: 0.0, Avg: 0.0, Max: 0.0, Diff: 0.0, Sum: 0.1]
      [GC Worker Total (ms): Min: 3.7, Avg: 3.9, Max: 4.1, Diff: 0.3, Sum: 55.2]
      [GC Worker End (ms): Min: 104095089.6, Avg: 104095089.7, Max: 104095089.7, Diff: 0.1]
   [Code Root Fixup: 0.0 ms]
   [Code Root Purge: 0.0 ms]
   [Clear CT: 0.4 ms]
   [Other: 5.8 ms]
      [Choose CSet: 0.0 ms]
      [Ref Proc: 5.2 ms]
      [Ref Enq: 0.2 ms]
      [Redirty Cards: 0.2 ms]
      [Humongous Register: 0.0 ms]
      [Humongous Reclaim: 0.0 ms]
      [Free CSet: 0.1 ms]
   [Eden: 7152.0M(7152.0M)->0.0B(7152.0M) Survivors: 16384.0K->16384.0K Heap: 10216.5M(14336.0M)->3064.8M(14336.0M)]
 [Times: user=0.07 sys=0.00, real=0.01 secs] 
2022-10-31T23:32:30.937-0600: 105051.357: [GC pause (G1 Evacuation Pause) (young) (initial-mark), 0.0125253 secs]
   [Parallel Time: 7.4 ms, GC Workers: 14]
      [GC Worker Start (ms): Min: 105051358.4, Avg: 105051358.6, Max: 105051358.8, Diff: 0.3]
      [Ext Root Scanning (ms): Min: 4.5, Avg: 4.7, Max: 4.9, Diff: 0.4, Sum: 66.1]
      [Update RS (ms): Min: 0.0, Avg: 0.1, Max: 0.4, Diff: 0.4, Sum: 1.8]
         [Processed Buffers: Min: 1, Avg: 10.6, Max: 28, Diff: 27, Sum: 148]
      [Scan RS (ms): Min: 0.0, Avg: 0.0, Max: 0.1, Diff: 0.1, Sum: 0.5]
      [Code Root Scanning (ms): Min: 0.0, Avg: 0.0, Max: 0.0, Diff: 0.0, Sum: 0.0]
      [Object Copy (ms): Min: 0.7, Avg: 0.9, Max: 1.0, Diff: 0.3, Sum: 13.1]
      [Termination (ms): Min: 0.0, Avg: 0.0, Max: 0.0, Diff: 0.0, Sum: 0.0]
         [Termination Attempts: Min: 1, Avg: 1.0, Max: 1, Diff: 0, Sum: 14]
      [GC Worker Other (ms): Min: 0.0, Avg: 0.1, Max: 0.2, Diff: 0.2, Sum: 1.1]
      [GC Worker Total (ms): Min: 5.6, Avg: 5.9, Max: 6.0, Diff: 0.4, Sum: 82.7]
      [GC Worker End (ms): Min: 105051364.4, Avg: 105051364.5, Max: 105051364.6, Diff: 0.2]
   [Code Root Fixup: 0.0 ms]
   [Code Root Purge: 0.0 ms]
   [Clear CT: 0.4 ms]
   [Other: 4.7 ms]
      [Choose CSet: 0.0 ms]
      [Ref Proc: 4.1 ms]
      [Ref Enq: 0.2 ms]
      [Redirty Cards: 0.2 ms]
      [Humongous Register: 0.0 ms]
      [Humongous Reclaim: 0.0 ms]
      [Free CSet: 0.1 ms]
   [Eden: 7152.0M(7152.0M)->0.0B(7152.0M) Survivors: 16384.0K->16384.0K Heap: 10216.8M(14336.0M)->3073.8M(14336.0M)]
 [Times: user=0.07 sys=0.02, real=0.01 secs] 
2022-10-31T23:32:30.950-0600: 105051.370: [GC concurrent-root-region-scan-start]
2022-10-31T23:32:30.957-0600: 105051.377: [GC concurrent-root-region-scan-end, 0.0072275 secs]
2022-10-31T23:32:30.957-0600: 105051.377: [GC concurrent-mark-start]
2022-10-31T23:32:31.529-0600: 105051.949: [GC concurrent-mark-end, 0.5724315 secs]
2022-10-31T23:32:31.529-0600: 105051.950: [GC remark 2022-10-31T23:32:31.529-0600: 105051.950: [Finalize Marking, 0.0013201 secs] 2022-10-31T23:32:31.531-0600: 105051.951: [GC ref-proc, 0.0074696 secs] 2022-10-31T23:32:31.538-0600: 105051.958: [Unloading, 0.0185908 secs], 0.0294212 secs]
 [Times: user=0.29 sys=0.00, real=0.03 secs] 
2022-10-31T23:32:31.559-0600: 105051.979: [GC cleanup 3110M->3110M(14336M), 0.0054957 secs]
 [Times: user=0.03 sys=0.00, real=0.01 secs] 
2022-10-31T23:48:41.945-0600: 106022.365: [GC pause (G1 Evacuation Pause) (young), 0.0079156 secs]
   [Parallel Time: 3.0 ms, GC Workers: 14]
      [GC Worker Start (ms): Min: 106022365.2, Avg: 106022365.3, Max: 106022365.5, Diff: 0.3]
      [Ext Root Scanning (ms): Min: 0.3, Avg: 0.6, Max: 2.8, Diff: 2.6, Sum: 8.4]
      [Update RS (ms): Min: 0.0, Avg: 0.1, Max: 0.3, Diff: 0.3, Sum: 1.7]
         [Processed Buffers: Min: 0, Avg: 10.4, Max: 37, Diff: 37, Sum: 146]
      [Scan RS (ms): Min: 0.0, Avg: 0.0, Max: 0.1, Diff: 0.1, Sum: 0.6]
      [Code Root Scanning (ms): Min: 0.0, Avg: 0.0, Max: 0.0, Diff: 0.0, Sum: 0.0]
      [Object Copy (ms): Min: 0.0, Avg: 0.3, Max: 0.4, Diff: 0.4, Sum: 4.0]
      [Termination (ms): Min: 0.0, Avg: 1.7, Max: 1.9, Diff: 1.9, Sum: 23.9]
         [Termination Attempts: Min: 1, Avg: 34.3, Max: 52, Diff: 51, Sum: 480]
      [GC Worker Other (ms): Min: 0.0, Avg: 0.0, Max: 0.0, Diff: 0.0, Sum: 0.1]
      [GC Worker Total (ms): Min: 2.6, Avg: 2.8, Max: 2.9, Diff: 0.3, Sum: 38.6]
      [GC Worker End (ms): Min: 106022368.1, Avg: 106022368.1, Max: 106022368.1, Diff: 0.1]
   [Code Root Fixup: 0.0 ms]
   [Code Root Purge: 0.0 ms]
   [Clear CT: 0.4 ms]
   [Other: 4.5 ms]
      [Choose CSet: 0.0 ms]
      [Ref Proc: 3.9 ms]
      [Ref Enq: 0.2 ms]
      [Redirty Cards: 0.2 ms]
      [Humongous Register: 0.0 ms]
      [Humongous Reclaim: 0.0 ms]
      [Free CSet: 0.1 ms]
   [Eden: 7152.0M(7152.0M)->0.0B(7152.0M) Survivors: 16384.0K->16384.0K Heap: 10225.8M(14336.0M)->3077.1M(14336.0M)]
 [Times: user=0.05 sys=0.01, real=0.01 secs] 
2022-11-01T00:04:42.515-0600: 106982.935: [GC pause (G1 Evacuation Pause) (young), 0.0090415 secs]
   [Parallel Time: 3.1 ms, GC Workers: 14]
      [GC Worker Start (ms): Min: 106982935.4, Avg: 106982935.6, Max: 106982935.8, Diff: 0.3]
      [Ext Root Scanning (ms): Min: 0.2, Avg: 0.6, Max: 2.8, Diff: 2.5, Sum: 8.2]
      [Update RS (ms): Min: 0.0, Avg: 0.1, Max: 0.3, Diff: 0.3, Sum: 1.6]
         [Processed Buffers: Min: 0, Avg: 11.4, Max: 45, Diff: 45, Sum: 160]
      [Scan RS (ms): Min: 0.0, Avg: 0.0, Max: 0.1, Diff: 0.1, Sum: 0.5]
      [Code Root Scanning (ms): Min: 0.0, Avg: 0.0, Max: 0.0, Diff: 0.0, Sum: 0.0]
      [Object Copy (ms): Min: 0.0, Avg: 0.3, Max: 0.3, Diff: 0.3, Sum: 3.5]
      [Termination (ms): Min: 0.0, Avg: 1.7, Max: 1.8, Diff: 1.8, Sum: 23.1]
         [Termination Attempts: Min: 1, Avg: 26.0, Max: 37, Diff: 36, Sum: 364]
      [GC Worker Other (ms): Min: 0.0, Avg: 0.0, Max: 0.0, Diff: 0.0, Sum: 0.1]
      [GC Worker Total (ms): Min: 2.4, Avg: 2.6, Max: 2.8, Diff: 0.3, Sum: 37.1]
      [GC Worker End (ms): Min: 106982938.2, Avg: 106982938.2, Max: 106982938.3, Diff: 0.1]
   [Code Root Fixup: 0.0 ms]
   [Code Root Purge: 0.0 ms]
   [Clear CT: 0.3 ms]
   [Other: 5.7 ms]
      [Choose CSet: 0.0 ms]
      [Ref Proc: 5.0 ms]
      [Ref Enq: 0.3 ms]
      [Redirty Cards: 0.2 ms]
      [Humongous Register: 0.0 ms]
      [Humongous Reclaim: 0.0 ms]
      [Free CSet: 0.1 ms]
   [Eden: 7152.0M(7152.0M)->0.0B(7152.0M) Survivors: 16384.0K->16384.0K Heap: 10229.1M(14336.0M)->3067.1M(14336.0M)]
 [Times: user=0.06 sys=0.00, real=0.01 secs] 
2022-11-01T00:20:50.115-0600: 107950.535: [GC pause (G1 Evacuation Pause) (young) (initial-mark), 0.0115436 secs]
   [Parallel Time: 6.3 ms, GC Workers: 14]
      [GC Worker Start (ms): Min: 107950537.0, Avg: 107950537.1, Max: 107950537.3, Diff: 0.3]
      [Ext Root Scanning (ms): Min: 3.4, Avg: 3.6, Max: 3.7, Diff: 0.3, Sum: 49.8]
      [Update RS (ms): Min: 0.1, Avg: 0.1, Max: 0.3, Diff: 0.3, Sum: 1.7]
         [Processed Buffers: Min: 1, Avg: 10.8, Max: 35, Diff: 34, Sum: 151]
      [Scan RS (ms): Min: 0.0, Avg: 0.0, Max: 0.1, Diff: 0.1, Sum: 0.5]
      [Code Root Scanning (ms): Min: 0.0, Avg: 0.0, Max: 0.0, Diff: 0.0, Sum: 0.0]
      [Object Copy (ms): Min: 0.2, Avg: 0.3, Max: 0.4, Diff: 0.2, Sum: 4.5]
      [Termination (ms): Min: 0.0, Avg: 0.0, Max: 0.0, Diff: 0.0, Sum: 0.4]
         [Termination Attempts: Min: 24, Avg: 37.1, Max: 57, Diff: 33, Sum: 519]
      [GC Worker Other (ms): Min: 0.0, Avg: 0.1, Max: 0.2, Diff: 0.2, Sum: 1.0]
      [GC Worker Total (ms): Min: 3.9, Avg: 4.1, Max: 4.4, Diff: 0.5, Sum: 57.9]
      [GC Worker End (ms): Min: 107950541.2, Avg: 107950541.2, Max: 107950541.4, Diff: 0.2]
   [Code Root Fixup: 0.0 ms]
   [Code Root Purge: 0.0 ms]
   [Clear CT: 0.4 ms]
   [Other: 4.9 ms]
      [Choose CSet: 0.0 ms]
      [Ref Proc: 4.2 ms]
      [Ref Enq: 0.2 ms]
      [Redirty Cards: 0.2 ms]
      [Humongous Register: 0.0 ms]
      [Humongous Reclaim: 0.0 ms]
      [Free CSet: 0.1 ms]
   [Eden: 7152.0M(7152.0M)->0.0B(7152.0M) Survivors: 16384.0K->16384.0K Heap: 10219.1M(14336.0M)->3065.0M(14336.0M)]
 [Times: user=0.06 sys=0.00, real=0.01 secs] 
2022-11-01T00:20:50.127-0600: 107950.547: [GC concurrent-root-region-scan-start]
2022-11-01T00:20:50.129-0600: 107950.550: [GC concurrent-root-region-scan-end, 0.0026808 secs]
2022-11-01T00:20:50.129-0600: 107950.550: [GC concurrent-mark-start]
2022-11-01T00:20:50.698-0600: 107951.118: [GC concurrent-mark-end, 0.5683356 secs]
2022-11-01T00:20:50.698-0600: 107951.118: [GC remark 2022-11-01T00:20:50.698-0600: 107951.118: [Finalize Marking, 0.0008116 secs] 2022-11-01T00:20:50.699-0600: 107951.119: [GC ref-proc, 0.0070150 secs] 2022-11-01T00:20:50.706-0600: 107951.126: [Unloading, 0.0179728 secs], 0.0284309 secs]
 [Times: user=0.28 sys=0.00, real=0.03 secs] 
2022-11-01T00:20:50.726-0600: 107951.147: [GC cleanup 3141M->3141M(14336M), 0.0044212 secs]
 [Times: user=0.03 sys=0.00, real=0.00 secs] 
2022-11-01T00:36:51.665-0600: 108912.085: [GC pause (G1 Evacuation Pause) (young), 0.0100803 secs]
   [Parallel Time: 3.3 ms, GC Workers: 14]
      [GC Worker Start (ms): Min: 108912085.3, Avg: 108912085.5, Max: 108912085.7, Diff: 0.4]
      [Ext Root Scanning (ms): Min: 0.2, Avg: 0.6, Max: 2.8, Diff: 2.6, Sum: 7.8]
      [Update RS (ms): Min: 0.0, Avg: 0.2, Max: 0.4, Diff: 0.4, Sum: 2.3]
         [Processed Buffers: Min: 0, Avg: 11.2, Max: 26, Diff: 26, Sum: 157]
      [Scan RS (ms): Min: 0.0, Avg: 0.0, Max: 0.1, Diff: 0.0, Sum: 0.3]
      [Code Root Scanning (ms): Min: 0.0, Avg: 0.0, Max: 0.0, Diff: 0.0, Sum: 0.0]
      [Object Copy (ms): Min: 0.0, Avg: 0.2, Max: 0.3, Diff: 0.3, Sum: 2.9]
      [Termination (ms): Min: 0.0, Avg: 1.6, Max: 1.8, Diff: 1.8, Sum: 22.9]
         [Termination Attempts: Min: 1, Avg: 11.4, Max: 18, Diff: 17, Sum: 160]
      [GC Worker Other (ms): Min: 0.0, Avg: 0.0, Max: 0.0, Diff: 0.0, Sum: 0.1]
      [GC Worker Total (ms): Min: 2.4, Avg: 2.6, Max: 2.8, Diff: 0.4, Sum: 36.4]
      [GC Worker End (ms): Min: 108912088.1, Avg: 108912088.1, Max: 108912088.1, Diff: 0.0]
   [Code Root Fixup: 0.0 ms]
   [Code Root Purge: 0.0 ms]
   [Clear CT: 0.5 ms]
   [Other: 6.4 ms]
      [Choose CSet: 0.0 ms]
      [Ref Proc: 5.5 ms]
      [Ref Enq: 0.2 ms]
      [Redirty Cards: 0.5 ms]
      [Humongous Register: 0.0 ms]
      [Humongous Reclaim: 0.0 ms]
      [Free CSet: 0.1 ms]
   [Eden: 7152.0M(7152.0M)->0.0B(7152.0M) Survivors: 16384.0K->16384.0K Heap: 10217.0M(14336.0M)->3064.7M(14336.0M)]
 [Times: user=0.06 sys=0.01, real=0.01 secs] 
2022-11-01T00:52:47.115-0600: 109867.535: [GC pause (G1 Evacuation Pause) (young), 0.0090748 secs]
   [Parallel Time: 3.0 ms, GC Workers: 14]
      [GC Worker Start (ms): Min: 109867535.2, Avg: 109867535.4, Max: 109867535.5, Diff: 0.3]
      [Ext Root Scanning (ms): Min: 0.2, Avg: 0.6, Max: 2.8, Diff: 2.6, Sum: 8.8]
      [Update RS (ms): Min: 0.0, Avg: 0.1, Max: 0.3, Diff: 0.3, Sum: 1.7]
         [Processed Buffers: Min: 0, Avg: 11.6, Max: 48, Diff: 48, Sum: 163]
      [Scan RS (ms): Min: 0.0, Avg: 0.0, Max: 0.1, Diff: 0.0, Sum: 0.4]
      [Code Root Scanning (ms): Min: 0.0, Avg: 0.0, Max: 0.0, Diff: 0.0, Sum: 0.0]
      [Object Copy (ms): Min: 0.0, Avg: 0.3, Max: 0.4, Diff: 0.4, Sum: 3.7]
      [Termination (ms): Min: 0.0, Avg: 1.7, Max: 1.9, Diff: 1.9, Sum: 23.5]
         [Termination Attempts: Min: 1, Avg: 17.7, Max: 29, Diff: 28, Sum: 248]
      [GC Worker Other (ms): Min: 0.0, Avg: 0.0, Max: 0.0, Diff: 0.0, Sum: 0.1]
      [GC Worker Total (ms): Min: 2.6, Avg: 2.7, Max: 2.9, Diff: 0.3, Sum: 38.3]
      [GC Worker End (ms): Min: 109867538.1, Avg: 109867538.1, Max: 109867538.1, Diff: 0.0]
   [Code Root Fixup: 0.0 ms]
   [Code Root Purge: 0.0 ms]
   [Clear CT: 0.4 ms]
   [Other: 5.7 ms]
      [Choose CSet: 0.0 ms]
      [Ref Proc: 5.2 ms]
      [Ref Enq: 0.2 ms]
      [Redirty Cards: 0.2 ms]
      [Humongous Register: 0.0 ms]
      [Humongous Reclaim: 0.0 ms]
      [Free CSet: 0.1 ms]
   [Eden: 7152.0M(7152.0M)->0.0B(7152.0M) Survivors: 16384.0K->16384.0K Heap: 10216.7M(14336.0M)->3064.6M(14336.0M)]
 [Times: user=0.06 sys=0.00, real=0.01 secs] 
2022-11-01T01:08:52.829-0600: 110833.249: [GC pause (G1 Evacuation Pause) (young) (initial-mark), 0.0116442 secs]
   [Parallel Time: 6.3 ms, GC Workers: 14]
      [GC Worker Start (ms): Min: 110833250.5, Avg: 110833250.6, Max: 110833250.8, Diff: 0.3]
      [Ext Root Scanning (ms): Min: 3.6, Avg: 3.8, Max: 3.9, Diff: 0.3, Sum: 52.7]
      [Update RS (ms): Min: 0.0, Avg: 0.1, Max: 0.3, Diff: 0.3, Sum: 1.8]
         [Processed Buffers: Min: 1, Avg: 10.5, Max: 30, Diff: 29, Sum: 147]
      [Scan RS (ms): Min: 0.0, Avg: 0.0, Max: 0.1, Diff: 0.1, Sum: 0.5]
      [Code Root Scanning (ms): Min: 0.0, Avg: 0.0, Max: 0.0, Diff: 0.0, Sum: 0.0]
      [Object Copy (ms): Min: 0.2, Avg: 0.3, Max: 0.4, Diff: 0.2, Sum: 4.3]
      [Termination (ms): Min: 0.0, Avg: 0.0, Max: 0.0, Diff: 0.0, Sum: 0.1]
         [Termination Attempts: Min: 4, Avg: 19.6, Max: 25, Diff: 21, Sum: 274]
      [GC Worker Other (ms): Min: 0.0, Avg: 0.0, Max: 0.1, Diff: 0.1, Sum: 0.6]
      [GC Worker Total (ms): Min: 4.1, Avg: 4.3, Max: 4.5, Diff: 0.4, Sum: 60.0]
      [GC Worker End (ms): Min: 110833254.8, Avg: 110833254.9, Max: 110833255.0, Diff: 0.1]
   [Code Root Fixup: 0.0 ms]
   [Code Root Purge: 0.0 ms]
   [Clear CT: 0.4 ms]
   [Other: 4.9 ms]
      [Choose CSet: 0.0 ms]
      [Ref Proc: 4.2 ms]
      [Ref Enq: 0.2 ms]
      [Redirty Cards: 0.2 ms]
      [Humongous Register: 0.0 ms]
      [Humongous Reclaim: 0.0 ms]
      [Free CSet: 0.2 ms]
   [Eden: 7152.0M(7152.0M)->0.0B(7152.0M) Survivors: 16384.0K->16384.0K Heap: 10216.6M(14336.0M)->3065.0M(14336.0M)]
 [Times: user=0.07 sys=0.00, real=0.02 secs] 
2022-11-01T01:08:52.840-0600: 110833.261: [GC concurrent-root-region-scan-start]
2022-11-01T01:08:52.843-0600: 110833.263: [GC concurrent-root-region-scan-end, 0.0025979 secs]
2022-11-01T01:08:52.843-0600: 110833.263: [GC concurrent-mark-start]
2022-11-01T01:08:53.373-0600: 110833.794: [GC concurrent-mark-end, 0.5302866 secs]
2022-11-01T01:08:53.373-0600: 110833.794: [GC remark 2022-11-01T01:08:53.373-0600: 110833.794: [Finalize Marking, 0.0007182 secs] 2022-11-01T01:08:53.374-0600: 110833.794: [GC ref-proc, 0.0071280 secs] 2022-11-01T01:08:53.381-0600: 110833.802: [Unloading, 0.0194825 secs], 0.0297299 secs]
 [Times: user=0.28 sys=0.00, real=0.03 secs] 
2022-11-01T01:08:53.403-0600: 110833.824: [GC cleanup 3128M->3128M(14336M), 0.0049581 secs]
 [Times: user=0.03 sys=0.00, real=0.00 secs] 
2022-11-01T01:24:53.515-0600: 111793.935: [GC pause (G1 Evacuation Pause) (young), 0.0096140 secs]
   [Parallel Time: 4.4 ms, GC Workers: 14]
      [GC Worker Start (ms): Min: 111793935.4, Avg: 111793935.6, Max: 111793935.8, Diff: 0.3]
      [Ext Root Scanning (ms): Min: 0.2, Avg: 0.7, Max: 4.0, Diff: 3.7, Sum: 9.4]
      [Update RS (ms): Min: 0.0, Avg: 0.1, Max: 0.4, Diff: 0.4, Sum: 1.7]
         [Processed Buffers: Min: 0, Avg: 11.0, Max: 36, Diff: 36, Sum: 154]
      [Scan RS (ms): Min: 0.0, Avg: 0.0, Max: 0.1, Diff: 0.1, Sum: 0.5]
      [Code Root Scanning (ms): Min: 0.0, Avg: 0.0, Max: 0.0, Diff: 0.0, Sum: 0.0]
      [Object Copy (ms): Min: 0.0, Avg: 0.2, Max: 0.3, Diff: 0.3, Sum: 3.1]
      [Termination (ms): Min: 0.0, Avg: 2.8, Max: 3.1, Diff: 3.1, Sum: 39.3]
         [Termination Attempts: Min: 1, Avg: 25.1, Max: 43, Diff: 42, Sum: 351]
      [GC Worker Other (ms): Min: 0.0, Avg: 0.0, Max: 0.0, Diff: 0.0, Sum: 0.1]
      [GC Worker Total (ms): Min: 3.7, Avg: 3.9, Max: 4.1, Diff: 0.4, Sum: 54.0]
      [GC Worker End (ms): Min: 111793939.4, Avg: 111793939.4, Max: 111793939.5, Diff: 0.1]
   [Code Root Fixup: 0.0 ms]
   [Code Root Purge: 0.0 ms]
   [Clear CT: 0.4 ms]
   [Other: 4.8 ms]
      [Choose CSet: 0.0 ms]
      [Ref Proc: 4.2 ms]
      [Ref Enq: 0.2 ms]
      [Redirty Cards: 0.2 ms]
      [Humongous Register: 0.0 ms]
      [Humongous Reclaim: 0.0 ms]
      [Free CSet: 0.1 ms]
   [Eden: 7152.0M(7152.0M)->0.0B(7152.0M) Survivors: 16384.0K->16384.0K Heap: 10217.0M(14336.0M)->3064.6M(14336.0M)]
 [Times: user=0.08 sys=0.00, real=0.01 secs] 
2022-11-01T01:40:46.965-0600: 112747.385: [GC pause (G1 Evacuation Pause) (young), 0.0100973 secs]
   [Parallel Time: 4.5 ms, GC Workers: 14]
      [GC Worker Start (ms): Min: 112747384.9, Avg: 112747385.0, Max: 112747385.2, Diff: 0.3]
      [Ext Root Scanning (ms): Min: 0.2, Avg: 0.7, Max: 4.0, Diff: 3.8, Sum: 9.2]
      [Update RS (ms): Min: 0.0, Avg: 0.1, Max: 0.3, Diff: 0.3, Sum: 1.7]
         [Processed Buffers: Min: 0, Avg: 11.1, Max: 36, Diff: 36, Sum: 156]
      [Scan RS (ms): Min: 0.0, Avg: 0.0, Max: 0.1, Diff: 0.1, Sum: 0.5]
      [Code Root Scanning (ms): Min: 0.0, Avg: 0.0, Max: 0.0, Diff: 0.0, Sum: 0.0]
      [Object Copy (ms): Min: 0.0, Avg: 0.3, Max: 0.3, Diff: 0.3, Sum: 3.7]
      [Termination (ms): Min: 0.0, Avg: 2.9, Max: 3.2, Diff: 3.2, Sum: 40.2]
         [Termination Attempts: Min: 1, Avg: 31.8, Max: 51, Diff: 50, Sum: 445]
      [GC Worker Other (ms): Min: 0.0, Avg: 0.0, Max: 0.0, Diff: 0.0, Sum: 0.1]
      [GC Worker Total (ms): Min: 3.8, Avg: 3.9, Max: 4.1, Diff: 0.4, Sum: 55.3]
      [GC Worker End (ms): Min: 112747388.9, Avg: 112747389.0, Max: 112747389.1, Diff: 0.2]
   [Code Root Fixup: 0.0 ms]
   [Code Root Purge: 0.0 ms]
   [Clear CT: 0.4 ms]
   [Other: 5.2 ms]
      [Choose CSet: 0.0 ms]
      [Ref Proc: 4.6 ms]
      [Ref Enq: 0.2 ms]
      [Redirty Cards: 0.2 ms]
      [Humongous Register: 0.0 ms]
      [Humongous Reclaim: 0.0 ms]
      [Free CSet: 0.1 ms]
   [Eden: 7152.0M(7152.0M)->0.0B(7152.0M) Survivors: 16384.0K->16384.0K Heap: 10216.6M(14336.0M)->3064.9M(14336.0M)]
 [Times: user=0.08 sys=0.00, real=0.01 secs] 
2022-11-01T01:56:51.114-0600: 113711.535: [GC pause (G1 Evacuation Pause) (young) (initial-mark), 0.0131898 secs]
   [Parallel Time: 7.2 ms, GC Workers: 14]
      [GC Worker Start (ms): Min: 113711536.0, Avg: 113711536.1, Max: 113711536.3, Diff: 0.4]
      [Ext Root Scanning (ms): Min: 4.6, Avg: 4.8, Max: 5.0, Diff: 0.4, Sum: 67.6]
      [Update RS (ms): Min: 0.1, Avg: 0.1, Max: 0.3, Diff: 0.3, Sum: 1.7]
         [Processed Buffers: Min: 1, Avg: 10.3, Max: 38, Diff: 37, Sum: 144]
      [Scan RS (ms): Min: 0.0, Avg: 0.0, Max: 0.1, Diff: 0.1, Sum: 0.4]
      [Code Root Scanning (ms): Min: 0.0, Avg: 0.0, Max: 0.0, Diff: 0.0, Sum: 0.0]
      [Object Copy (ms): Min: 0.1, Avg: 0.3, Max: 0.4, Diff: 0.2, Sum: 4.4]
      [Termination (ms): Min: 0.0, Avg: 0.0, Max: 0.0, Diff: 0.0, Sum: 0.3]
         [Termination Attempts: Min: 18, Avg: 32.8, Max: 40, Diff: 22, Sum: 459]
      [GC Worker Other (ms): Min: 0.0, Avg: 0.1, Max: 0.2, Diff: 0.2, Sum: 0.9]
      [GC Worker Total (ms): Min: 5.1, Avg: 5.4, Max: 5.6, Diff: 0.5, Sum: 75.3]
      [GC Worker End (ms): Min: 113711541.4, Avg: 113711541.5, Max: 113711541.6, Diff: 0.2]
   [Code Root Fixup: 0.0 ms]
   [Code Root Purge: 0.0 ms]
   [Clear CT: 0.3 ms]
   [Other: 5.7 ms]
      [Choose CSet: 0.0 ms]
      [Ref Proc: 5.1 ms]
      [Ref Enq: 0.2 ms]
      [Redirty Cards: 0.2 ms]
      [Humongous Register: 0.0 ms]
      [Humongous Reclaim: 0.0 ms]
      [Free CSet: 0.1 ms]
   [Eden: 7152.0M(7152.0M)->0.0B(7152.0M) Survivors: 16384.0K->16384.0K Heap: 10216.9M(14336.0M)->3064.7M(14336.0M)]
 [Times: user=0.08 sys=0.00, real=0.01 secs] 
2022-11-01T01:56:51.128-0600: 113711.548: [GC concurrent-root-region-scan-start]
2022-11-01T01:56:51.132-0600: 113711.552: [GC concurrent-root-region-scan-end, 0.0038932 secs]
2022-11-01T01:56:51.132-0600: 113711.552: [GC concurrent-mark-start]
2022-11-01T01:56:51.743-0600: 113712.163: [GC concurrent-mark-end, 0.6114811 secs]
2022-11-01T01:56:51.743-0600: 113712.164: [GC remark 2022-11-01T01:56:51.743-0600: 113712.164: [Finalize Marking, 0.0008139 secs] 2022-11-01T01:56:51.744-0600: 113712.164: [GC ref-proc, 0.0068109 secs] 2022-11-01T01:56:51.751-0600: 113712.171: [Unloading, 0.0192611 secs], 0.0289067 secs]
 [Times: user=0.29 sys=0.00, real=0.02 secs] 
2022-11-01T01:56:51.772-0600: 113712.193: [GC cleanup 3124M->3124M(14336M), 0.0045830 secs]
 [Times: user=0.03 sys=0.00, real=0.00 secs] 
2022-11-01T02:12:51.918-0600: 114672.339: [GC pause (G1 Evacuation Pause) (young), 0.0084264 secs]
   [Parallel Time: 3.2 ms, GC Workers: 14]
      [GC Worker Start (ms): Min: 114672338.7, Avg: 114672338.9, Max: 114672339.1, Diff: 0.3]
      [Ext Root Scanning (ms): Min: 0.2, Avg: 0.6, Max: 2.8, Diff: 2.6, Sum: 8.4]
      [Update RS (ms): Min: 0.0, Avg: 0.1, Max: 0.3, Diff: 0.3, Sum: 1.7]
         [Processed Buffers: Min: 0, Avg: 11.7, Max: 37, Diff: 37, Sum: 164]
      [Scan RS (ms): Min: 0.0, Avg: 0.0, Max: 0.1, Diff: 0.0, Sum: 0.4]
      [Code Root Scanning (ms): Min: 0.0, Avg: 0.0, Max: 0.0, Diff: 0.0, Sum: 0.0]
      [Object Copy (ms): Min: 0.0, Avg: 0.3, Max: 0.4, Diff: 0.4, Sum: 4.1]
      [Termination (ms): Min: 0.0, Avg: 1.6, Max: 1.8, Diff: 1.8, Sum: 23.0]
         [Termination Attempts: Min: 1, Avg: 38.3, Max: 63, Diff: 62, Sum: 536]
      [GC Worker Other (ms): Min: 0.0, Avg: 0.0, Max: 0.0, Diff: 0.0, Sum: 0.1]
      [GC Worker Total (ms): Min: 2.6, Avg: 2.7, Max: 2.9, Diff: 0.3, Sum: 37.8]
      [GC Worker End (ms): Min: 114672341.6, Avg: 114672341.6, Max: 114672341.7, Diff: 0.1]
   [Code Root Fixup: 0.0 ms]
   [Code Root Purge: 0.0 ms]
   [Clear CT: 0.4 ms]
   [Other: 4.9 ms]
      [Choose CSet: 0.0 ms]
      [Ref Proc: 4.3 ms]
      [Ref Enq: 0.2 ms]
      [Redirty Cards: 0.2 ms]
      [Humongous Register: 0.0 ms]
      [Humongous Reclaim: 0.0 ms]
      [Free CSet: 0.1 ms]
   [Eden: 7152.0M(7152.0M)->0.0B(7152.0M) Survivors: 16384.0K->16384.0K Heap: 10216.7M(14336.0M)->3065.0M(14336.0M)]
 [Times: user=0.06 sys=0.00, real=0.01 secs] 
2022-11-01T02:28:53.615-0600: 115634.035: [GC pause (G1 Evacuation Pause) (young), 0.0102771 secs]
   [Parallel Time: 4.2 ms, GC Workers: 14]
      [GC Worker Start (ms): Min: 115634035.1, Avg: 115634035.2, Max: 115634035.4, Diff: 0.3]
      [Ext Root Scanning (ms): Min: 0.2, Avg: 0.7, Max: 4.0, Diff: 3.7, Sum: 9.4]
      [Update RS (ms): Min: 0.0, Avg: 0.1, Max: 0.4, Diff: 0.4, Sum: 1.7]
         [Processed Buffers: Min: 0, Avg: 11.9, Max: 41, Diff: 41, Sum: 167]
      [Scan RS (ms): Min: 0.0, Avg: 0.0, Max: 0.1, Diff: 0.1, Sum: 0.4]
      [Code Root Scanning (ms): Min: 0.0, Avg: 0.0, Max: 0.0, Diff: 0.0, Sum: 0.0]
      [Object Copy (ms): Min: 0.0, Avg: 0.2, Max: 0.3, Diff: 0.3, Sum: 3.0]
      [Termination (ms): Min: 0.0, Avg: 2.9, Max: 3.1, Diff: 3.1, Sum: 40.1]
         [Termination Attempts: Min: 1, Avg: 17.6, Max: 32, Diff: 31, Sum: 246]
      [GC Worker Other (ms): Min: 0.0, Avg: 0.0, Max: 0.0, Diff: 0.0, Sum: 0.1]
      [GC Worker Total (ms): Min: 3.7, Avg: 3.9, Max: 4.0, Diff: 0.3, Sum: 54.8]
      [GC Worker End (ms): Min: 115634039.1, Avg: 115634039.1, Max: 115634039.2, Diff: 0.1]
   [Code Root Fixup: 0.0 ms]
   [Code Root Purge: 0.0 ms]
   [Clear CT: 0.4 ms]
   [Other: 5.7 ms]
      [Choose CSet: 0.0 ms]
      [Ref Proc: 5.0 ms]
      [Ref Enq: 0.2 ms]
      [Redirty Cards: 0.2 ms]
      [Humongous Register: 0.0 ms]
      [Humongous Reclaim: 0.0 ms]
      [Free CSet: 0.2 ms]
   [Eden: 7152.0M(7152.0M)->0.0B(7152.0M) Survivors: 16384.0K->16384.0K Heap: 10217.0M(14336.0M)->3064.7M(14336.0M)]
 [Times: user=0.08 sys=0.00, real=0.01 secs] 
2022-11-01T02:45:01.098-0600: 116601.519: [GC pause (G1 Evacuation Pause) (young) (initial-mark), 0.0130984 secs]
   [Parallel Time: 6.3 ms, GC Workers: 14]
      [GC Worker Start (ms): Min: 116601519.8, Avg: 116601520.0, Max: 116601520.2, Diff: 0.4]
      [Ext Root Scanning (ms): Min: 3.5, Avg: 3.7, Max: 4.0, Diff: 0.5, Sum: 52.2]
      [Update RS (ms): Min: 0.0, Avg: 0.1, Max: 0.3, Diff: 0.3, Sum: 1.7]
         [Processed Buffers: Min: 1, Avg: 10.7, Max: 33, Diff: 32, Sum: 150]
      [Scan RS (ms): Min: 0.0, Avg: 0.0, Max: 0.1, Diff: 0.0, Sum: 0.5]
      [Code Root Scanning (ms): Min: 0.0, Avg: 0.0, Max: 0.0, Diff: 0.0, Sum: 0.0]
      [Object Copy (ms): Min: 0.2, Avg: 0.3, Max: 0.4, Diff: 0.2, Sum: 4.4]
      [Termination (ms): Min: 0.0, Avg: 0.0, Max: 0.1, Diff: 0.0, Sum: 0.5]
         [Termination Attempts: Min: 28, Avg: 44.9, Max: 51, Diff: 23, Sum: 629]
      [GC Worker Other (ms): Min: 0.0, Avg: 0.0, Max: 0.1, Diff: 0.1, Sum: 0.4]
      [GC Worker Total (ms): Min: 4.0, Avg: 4.3, Max: 4.5, Diff: 0.5, Sum: 59.7]
      [GC Worker End (ms): Min: 116601524.3, Avg: 116601524.3, Max: 116601524.4, Diff: 0.1]
   [Code Root Fixup: 0.0 ms]
   [Code Root Purge: 0.0 ms]
   [Clear CT: 0.4 ms]
   [Other: 6.4 ms]
      [Choose CSet: 0.0 ms]
      [Ref Proc: 5.8 ms]
      [Ref Enq: 0.2 ms]
      [Redirty Cards: 0.2 ms]
      [Humongous Register: 0.0 ms]
      [Humongous Reclaim: 0.0 ms]
      [Free CSet: 0.1 ms]
   [Eden: 7152.0M(7152.0M)->0.0B(7152.0M) Survivors: 16384.0K->16384.0K Heap: 10216.7M(14336.0M)->3065.0M(14336.0M)]
 [Times: user=0.06 sys=0.01, real=0.01 secs] 
2022-11-01T02:45:01.111-0600: 116601.532: [GC concurrent-root-region-scan-start]
2022-11-01T02:45:01.114-0600: 116601.534: [GC concurrent-root-region-scan-end, 0.0027526 secs]
2022-11-01T02:45:01.114-0600: 116601.534: [GC concurrent-mark-start]
2022-11-01T02:45:01.728-0600: 116602.148: [GC concurrent-mark-end, 0.6135346 secs]
2022-11-01T02:45:01.728-0600: 116602.148: [GC remark 2022-11-01T02:45:01.728-0600: 116602.148: [Finalize Marking, 0.0010136 secs] 2022-11-01T02:45:01.729-0600: 116602.149: [GC ref-proc, 0.0069343 secs] 2022-11-01T02:45:01.736-0600: 116602.156: [Unloading, 0.0186880 secs], 0.0291588 secs]
 [Times: user=0.29 sys=0.00, real=0.03 secs] 
2022-11-01T02:45:01.757-0600: 116602.178: [GC cleanup 3096M->3096M(14336M), 0.0051261 secs]
 [Times: user=0.03 sys=0.00, real=0.01 secs] 
2022-11-01T03:00:52.590-0600: 117553.011: [GC pause (G1 Evacuation Pause) (young), 0.0100218 secs]
   [Parallel Time: 3.3 ms, GC Workers: 14]
      [GC Worker Start (ms): Min: 117553010.8, Avg: 117553011.0, Max: 117553011.2, Diff: 0.4]
      [Ext Root Scanning (ms): Min: 0.2, Avg: 0.6, Max: 2.8, Diff: 2.6, Sum: 7.9]
      [Update RS (ms): Min: 0.0, Avg: 0.1, Max: 0.4, Diff: 0.4, Sum: 2.0]
         [Processed Buffers: Min: 0, Avg: 11.1, Max: 28, Diff: 28, Sum: 156]
      [Scan RS (ms): Min: 0.0, Avg: 0.0, Max: 0.1, Diff: 0.1, Sum: 0.5]
      [Code Root Scanning (ms): Min: 0.0, Avg: 0.0, Max: 0.0, Diff: 0.0, Sum: 0.0]
      [Object Copy (ms): Min: 0.0, Avg: 0.2, Max: 0.3, Diff: 0.3, Sum: 3.2]
      [Termination (ms): Min: 0.0, Avg: 1.7, Max: 1.9, Diff: 1.9, Sum: 23.7]
         [Termination Attempts: Min: 1, Avg: 23.1, Max: 44, Diff: 43, Sum: 323]
      [GC Worker Other (ms): Min: 0.0, Avg: 0.0, Max: 0.0, Diff: 0.0, Sum: 0.1]
      [GC Worker Total (ms): Min: 2.5, Avg: 2.7, Max: 2.8, Diff: 0.4, Sum: 37.4]
      [GC Worker End (ms): Min: 117553013.7, Avg: 117553013.7, Max: 117553013.8, Diff: 0.1]
   [Code Root Fixup: 0.0 ms]
   [Code Root Purge: 0.0 ms]
   [Clear CT: 0.2 ms]
   [Other: 6.5 ms]
      [Choose CSet: 0.0 ms]
      [Ref Proc: 5.7 ms]
      [Ref Enq: 0.3 ms]
      [Redirty Cards: 0.2 ms]
      [Humongous Register: 0.0 ms]
      [Humongous Reclaim: 0.0 ms]
      [Free CSet: 0.2 ms]
   [Eden: 7152.0M(7152.0M)->0.0B(7152.0M) Survivors: 16384.0K->16384.0K Heap: 10217.0M(14336.0M)->3064.7M(14336.0M)]
 [Times: user=0.06 sys=0.00, real=0.02 secs] 
2022-11-01T03:16:56.564-0600: 118516.985: [GC pause (G1 Evacuation Pause) (young), 0.0110734 secs]
   [Parallel Time: 4.5 ms, GC Workers: 14]
      [GC Worker Start (ms): Min: 118516984.9, Avg: 118516985.0, Max: 118516985.2, Diff: 0.3]
      [Ext Root Scanning (ms): Min: 0.2, Avg: 0.7, Max: 4.0, Diff: 3.8, Sum: 9.4]
      [Update RS (ms): Min: 0.0, Avg: 0.1, Max: 0.2, Diff: 0.2, Sum: 1.5]
         [Processed Buffers: Min: 0, Avg: 11.1, Max: 36, Diff: 36, Sum: 155]
      [Scan RS (ms): Min: 0.0, Avg: 0.0, Max: 0.1, Diff: 0.1, Sum: 0.4]
      [Code Root Scanning (ms): Min: 0.0, Avg: 0.0, Max: 0.0, Diff: 0.0, Sum: 0.0]
      [Object Copy (ms): Min: 0.0, Avg: 0.3, Max: 0.3, Diff: 0.3, Sum: 3.7]
      [Termination (ms): Min: 0.0, Avg: 2.8, Max: 3.1, Diff: 3.1, Sum: 39.2]
         [Termination Attempts: Min: 1, Avg: 32.4, Max: 43, Diff: 42, Sum: 454]
      [GC Worker Other (ms): Min: 0.0, Avg: 0.0, Max: 0.0, Diff: 0.0, Sum: 0.1]
      [GC Worker Total (ms): Min: 3.7, Avg: 3.9, Max: 4.0, Diff: 0.3, Sum: 54.3]
      [GC Worker End (ms): Min: 118516988.8, Avg: 118516988.9, Max: 118516989.0, Diff: 0.2]
   [Code Root Fixup: 0.0 ms]
   [Code Root Purge: 0.0 ms]
   [Clear CT: 0.3 ms]
   [Other: 6.2 ms]
      [Choose CSet: 0.0 ms]
      [Ref Proc: 5.6 ms]
      [Ref Enq: 0.2 ms]
      [Redirty Cards: 0.2 ms]
      [Humongous Register: 0.0 ms]
      [Humongous Reclaim: 0.0 ms]
      [Free CSet: 0.2 ms]
   [Eden: 7152.0M(7152.0M)->0.0B(7152.0M) Survivors: 16384.0K->16384.0K Heap: 10216.7M(14336.0M)->3064.8M(14336.0M)]
 [Times: user=0.07 sys=0.00, real=0.01 secs] 
2022-11-01T03:33:03.315-0600: 119483.735: [GC pause (G1 Evacuation Pause) (young) (initial-mark), 0.0119868 secs]
   [Parallel Time: 6.4 ms, GC Workers: 14]
      [GC Worker Start (ms): Min: 119483736.5, Avg: 119483736.7, Max: 119483736.9, Diff: 0.4]
      [Ext Root Scanning (ms): Min: 3.9, Avg: 4.1, Max: 4.3, Diff: 0.4, Sum: 57.5]
      [Update RS (ms): Min: 0.0, Avg: 0.1, Max: 0.3, Diff: 0.2, Sum: 1.7]
         [Processed Buffers: Min: 1, Avg: 11.2, Max: 36, Diff: 35, Sum: 157]
      [Scan RS (ms): Min: 0.0, Avg: 0.0, Max: 0.1, Diff: 0.1, Sum: 0.5]
      [Code Root Scanning (ms): Min: 0.0, Avg: 0.0, Max: 0.0, Diff: 0.0, Sum: 0.0]
      [Object Copy (ms): Min: 0.3, Avg: 0.4, Max: 0.4, Diff: 0.2, Sum: 4.9]
      [Termination (ms): Min: 0.0, Avg: 0.0, Max: 0.0, Diff: 0.0, Sum: 0.4]
         [Termination Attempts: Min: 27, Avg: 39.2, Max: 48, Diff: 21, Sum: 549]
      [GC Worker Other (ms): Min: 0.0, Avg: 0.1, Max: 0.2, Diff: 0.2, Sum: 1.0]
      [GC Worker Total (ms): Min: 4.5, Avg: 4.7, Max: 4.9, Diff: 0.5, Sum: 66.0]
      [GC Worker End (ms): Min: 119483741.3, Avg: 119483741.4, Max: 119483741.5, Diff: 0.2]
   [Code Root Fixup: 0.0 ms]
   [Code Root Purge: 0.0 ms]
   [Clear CT: 0.3 ms]
   [Other: 5.3 ms]
      [Choose CSet: 0.0 ms]
      [Ref Proc: 4.7 ms]
      [Ref Enq: 0.2 ms]
      [Redirty Cards: 0.2 ms]
      [Humongous Register: 0.0 ms]
      [Humongous Reclaim: 0.0 ms]
      [Free CSet: 0.1 ms]
   [Eden: 7152.0M(7152.0M)->0.0B(7152.0M) Survivors: 16384.0K->16384.0K Heap: 10216.8M(14336.0M)->3064.7M(14336.0M)]
 [Times: user=0.07 sys=0.00, real=0.01 secs] 
2022-11-01T03:33:03.327-0600: 119483.747: [GC concurrent-root-region-scan-start]
2022-11-01T03:33:03.331-0600: 119483.751: [GC concurrent-root-region-scan-end, 0.0035765 secs]
2022-11-01T03:33:03.331-0600: 119483.751: [GC concurrent-mark-start]
2022-11-01T03:33:03.908-0600: 119484.328: [GC concurrent-mark-end, 0.5768944 secs]
2022-11-01T03:33:03.908-0600: 119484.328: [GC remark 2022-11-01T03:33:03.908-0600: 119484.328: [Finalize Marking, 0.0008581 secs] 2022-11-01T03:33:03.909-0600: 119484.329: [GC ref-proc, 0.0068859 secs] 2022-11-01T03:33:03.915-0600: 119484.336: [Unloading, 0.0192050 secs], 0.0290699 secs]
 [Times: user=0.28 sys=0.00, real=0.03 secs] 
2022-11-01T03:33:03.937-0600: 119484.357: [GC cleanup 3096M->3096M(14336M), 0.0046945 secs]
 [Times: user=0.03 sys=0.00, real=0.01 secs] 
2022-11-01T03:48:49.115-0600: 120429.535: [GC pause (G1 Evacuation Pause) (young), 0.0091632 secs]
   [Parallel Time: 3.3 ms, GC Workers: 14]
      [GC Worker Start (ms): Min: 120429535.1, Avg: 120429535.2, Max: 120429535.4, Diff: 0.4]
      [Ext Root Scanning (ms): Min: 0.2, Avg: 0.6, Max: 2.8, Diff: 2.6, Sum: 8.4]
      [Update RS (ms): Min: 0.0, Avg: 0.1, Max: 0.3, Diff: 0.3, Sum: 1.6]
         [Processed Buffers: Min: 0, Avg: 11.9, Max: 45, Diff: 45, Sum: 166]
      [Scan RS (ms): Min: 0.0, Avg: 0.0, Max: 0.1, Diff: 0.1, Sum: 0.5]
      [Code Root Scanning (ms): Min: 0.0, Avg: 0.0, Max: 0.0, Diff: 0.0, Sum: 0.0]
      [Object Copy (ms): Min: 0.0, Avg: 0.3, Max: 0.3, Diff: 0.3, Sum: 3.6]
      [Termination (ms): Min: 0.0, Avg: 1.7, Max: 2.0, Diff: 2.0, Sum: 23.8]
         [Termination Attempts: Min: 1, Avg: 28.1, Max: 43, Diff: 42, Sum: 394]
      [GC Worker Other (ms): Min: 0.0, Avg: 0.0, Max: 0.0, Diff: 0.0, Sum: 0.1]
      [GC Worker Total (ms): Min: 2.5, Avg: 2.7, Max: 2.9, Diff: 0.3, Sum: 38.0]
      [GC Worker End (ms): Min: 120429537.9, Avg: 120429537.9, Max: 120429538.0, Diff: 0.1]
   [Code Root Fixup: 0.0 ms]
   [Code Root Purge: 0.0 ms]
   [Clear CT: 0.3 ms]
   [Other: 5.6 ms]
      [Choose CSet: 0.0 ms]
      [Ref Proc: 5.0 ms]
      [Ref Enq: 0.2 ms]
      [Redirty Cards: 0.2 ms]
      [Humongous Register: 0.0 ms]
      [Humongous Reclaim: 0.0 ms]
      [Free CSet: 0.1 ms]
   [Eden: 7152.0M(7152.0M)->0.0B(7152.0M) Survivors: 16384.0K->16384.0K Heap: 10216.7M(14336.0M)->3065.3M(14336.0M)]
 [Times: user=0.06 sys=0.00, real=0.01 secs] 
2022-11-01T04:04:46.214-0600: 121386.635: [GC pause (G1 Evacuation Pause) (young), 0.0114929 secs]
   [Parallel Time: 4.7 ms, GC Workers: 14]
      [GC Worker Start (ms): Min: 121386634.9, Avg: 121386635.0, Max: 121386635.2, Diff: 0.3]
      [Ext Root Scanning (ms): Min: 0.3, Avg: 0.7, Max: 4.1, Diff: 3.8, Sum: 9.7]
      [Update RS (ms): Min: 0.0, Avg: 0.1, Max: 0.3, Diff: 0.3, Sum: 1.6]
         [Processed Buffers: Min: 0, Avg: 10.7, Max: 32, Diff: 32, Sum: 150]
      [Scan RS (ms): Min: 0.0, Avg: 0.0, Max: 0.1, Diff: 0.1, Sum: 0.4]
      [Code Root Scanning (ms): Min: 0.0, Avg: 0.0, Max: 0.0, Diff: 0.0, Sum: 0.0]
      [Object Copy (ms): Min: 0.0, Avg: 0.2, Max: 0.3, Diff: 0.3, Sum: 2.7]
      [Termination (ms): Min: 0.0, Avg: 2.9, Max: 3.2, Diff: 3.2, Sum: 40.3]
         [Termination Attempts: Min: 1, Avg: 9.6, Max: 17, Diff: 16, Sum: 134]
      [GC Worker Other (ms): Min: 0.0, Avg: 0.0, Max: 0.0, Diff: 0.0, Sum: 0.1]
      [GC Worker Total (ms): Min: 3.8, Avg: 3.9, Max: 4.1, Diff: 0.3, Sum: 54.9]
      [GC Worker End (ms): Min: 121386638.9, Avg: 121386639.0, Max: 121386639.1, Diff: 0.1]
   [Code Root Fixup: 0.0 ms]
   [Code Root Purge: 0.0 ms]
   [Clear CT: 0.4 ms]
   [Other: 6.4 ms]
      [Choose CSet: 0.0 ms]
      [Ref Proc: 5.8 ms]
      [Ref Enq: 0.2 ms]
      [Redirty Cards: 0.2 ms]
      [Humongous Register: 0.0 ms]
      [Humongous Reclaim: 0.0 ms]
      [Free CSet: 0.1 ms]
   [Eden: 7152.0M(7152.0M)->0.0B(7152.0M) Survivors: 16384.0K->16384.0K Heap: 10217.3M(14336.0M)->3064.8M(14336.0M)]
 [Times: user=0.08 sys=0.00, real=0.01 secs] 
2022-11-01T04:20:48.715-0600: 122349.135: [GC pause (G1 Evacuation Pause) (young) (initial-mark), 0.0135912 secs]
   [Parallel Time: 7.1 ms, GC Workers: 14]
      [GC Worker Start (ms): Min: 122349136.8, Avg: 122349137.0, Max: 122349137.1, Diff: 0.3]
      [Ext Root Scanning (ms): Min: 4.4, Avg: 4.6, Max: 4.7, Diff: 0.3, Sum: 63.8]
      [Update RS (ms): Min: 0.1, Avg: 0.1, Max: 0.3, Diff: 0.3, Sum: 1.7]
         [Processed Buffers: Min: 1, Avg: 12.2, Max: 40, Diff: 39, Sum: 171]
      [Scan RS (ms): Min: 0.0, Avg: 0.0, Max: 0.1, Diff: 0.1, Sum: 0.5]
      [Code Root Scanning (ms): Min: 0.0, Avg: 0.0, Max: 0.0, Diff: 0.0, Sum: 0.0]
      [Object Copy (ms): Min: 0.1, Avg: 0.3, Max: 0.4, Diff: 0.2, Sum: 4.2]
      [Termination (ms): Min: 0.0, Avg: 0.0, Max: 0.0, Diff: 0.0, Sum: 0.3]
         [Termination Attempts: Min: 17, Avg: 26.9, Max: 34, Diff: 17, Sum: 377]
      [GC Worker Other (ms): Min: 0.0, Avg: 0.1, Max: 0.3, Diff: 0.3, Sum: 1.1]
      [GC Worker Total (ms): Min: 4.9, Avg: 5.1, Max: 5.3, Diff: 0.4, Sum: 71.5]
      [GC Worker End (ms): Min: 122349142.0, Avg: 122349142.1, Max: 122349142.2, Diff: 0.3]
   [Code Root Fixup: 0.0 ms]
   [Code Root Purge: 0.0 ms]
   [Clear CT: 0.2 ms]
   [Other: 6.2 ms]
      [Choose CSet: 0.0 ms]
      [Ref Proc: 5.3 ms]
      [Ref Enq: 0.3 ms]
      [Redirty Cards: 0.3 ms]
      [Humongous Register: 0.0 ms]
      [Humongous Reclaim: 0.0 ms]
      [Free CSet: 0.2 ms]
   [Eden: 7152.0M(7152.0M)->0.0B(7152.0M) Survivors: 16384.0K->16384.0K Heap: 10216.8M(14336.0M)->3065.1M(14336.0M)]
 [Times: user=0.07 sys=0.00, real=0.01 secs] 
2022-11-01T04:20:48.729-0600: 122349.149: [GC concurrent-root-region-scan-start]
2022-11-01T04:20:48.732-0600: 122349.153: [GC concurrent-root-region-scan-end, 0.0039597 secs]
2022-11-01T04:20:48.732-0600: 122349.153: [GC concurrent-mark-start]
2022-11-01T04:20:49.302-0600: 122349.722: [GC concurrent-mark-end, 0.5692153 secs]
2022-11-01T04:20:49.302-0600: 122349.722: [GC remark 2022-11-01T04:20:49.302-0600: 122349.722: [Finalize Marking, 0.0010222 secs] 2022-11-01T04:20:49.303-0600: 122349.723: [GC ref-proc, 0.0094328 secs] 2022-11-01T04:20:49.312-0600: 122349.733: [Unloading, 0.0196159 secs], 0.0323781 secs]
 [Times: user=0.29 sys=0.00, real=0.03 secs] 
2022-11-01T04:20:49.335-0600: 122349.755: [GC cleanup 3125M->3125M(14336M), 0.0050085 secs]
 [Times: user=0.04 sys=0.00, real=0.00 secs] 
2022-11-01T04:36:51.846-0600: 123312.267: [GC pause (G1 Evacuation Pause) (young), 0.0094061 secs]
   [Parallel Time: 3.1 ms, GC Workers: 14]
      [GC Worker Start (ms): Min: 123312266.7, Avg: 123312266.9, Max: 123312267.0, Diff: 0.3]
      [Ext Root Scanning (ms): Min: 0.2, Avg: 0.6, Max: 2.9, Diff: 2.6, Sum: 8.5]
      [Update RS (ms): Min: 0.0, Avg: 0.1, Max: 0.3, Diff: 0.3, Sum: 1.8]
         [Processed Buffers: Min: 0, Avg: 11.4, Max: 37, Diff: 37, Sum: 159]
      [Scan RS (ms): Min: 0.0, Avg: 0.0, Max: 0.0, Diff: 0.0, Sum: 0.3]
      [Code Root Scanning (ms): Min: 0.0, Avg: 0.0, Max: 0.0, Diff: 0.0, Sum: 0.0]
      [Object Copy (ms): Min: 0.0, Avg: 0.3, Max: 0.4, Diff: 0.4, Sum: 3.9]
      [Termination (ms): Min: 0.0, Avg: 1.7, Max: 2.0, Diff: 2.0, Sum: 24.4]
         [Termination Attempts: Min: 1, Avg: 36.8, Max: 50, Diff: 49, Sum: 515]
      [GC Worker Other (ms): Min: 0.0, Avg: 0.0, Max: 0.0, Diff: 0.0, Sum: 0.1]
      [GC Worker Total (ms): Min: 2.6, Avg: 2.8, Max: 3.0, Diff: 0.4, Sum: 39.1]
      [GC Worker End (ms): Min: 123312269.6, Avg: 123312269.7, Max: 123312269.7, Diff: 0.1]
   [Code Root Fixup: 0.0 ms]
   [Code Root Purge: 0.0 ms]
   [Clear CT: 0.4 ms]
   [Other: 6.0 ms]
      [Choose CSet: 0.0 ms]
      [Ref Proc: 5.4 ms]
      [Ref Enq: 0.2 ms]
      [Redirty Cards: 0.2 ms]
      [Humongous Register: 0.0 ms]
      [Humongous Reclaim: 0.0 ms]
      [Free CSet: 0.1 ms]
   [Eden: 7152.0M(7152.0M)->0.0B(7152.0M) Survivors: 16384.0K->16384.0K Heap: 10217.1M(14336.0M)->3064.7M(14336.0M)]
 [Times: user=0.07 sys=0.00, real=0.01 secs] 
2022-11-01T04:52:41.614-0600: 124262.035: [GC pause (G1 Evacuation Pause) (young), 0.0105586 secs]
   [Parallel Time: 4.4 ms, GC Workers: 14]
      [GC Worker Start (ms): Min: 124262034.9, Avg: 124262035.0, Max: 124262035.1, Diff: 0.3]
      [Ext Root Scanning (ms): Min: 0.2, Avg: 0.6, Max: 3.9, Diff: 3.7, Sum: 9.0]
      [Update RS (ms): Min: 0.0, Avg: 0.1, Max: 0.3, Diff: 0.3, Sum: 1.6]
         [Processed Buffers: Min: 0, Avg: 11.6, Max: 41, Diff: 41, Sum: 162]
      [Scan RS (ms): Min: 0.0, Avg: 0.0, Max: 0.1, Diff: 0.0, Sum: 0.4]
      [Code Root Scanning (ms): Min: 0.0, Avg: 0.0, Max: 0.0, Diff: 0.0, Sum: 0.0]
      [Object Copy (ms): Min: 0.0, Avg: 0.2, Max: 0.3, Diff: 0.3, Sum: 3.5]
      [Termination (ms): Min: 0.0, Avg: 2.9, Max: 3.2, Diff: 3.2, Sum: 40.0]
         [Termination Attempts: Min: 1, Avg: 26.3, Max: 37, Diff: 36, Sum: 368]
      [GC Worker Other (ms): Min: 0.0, Avg: 0.0, Max: 0.0, Diff: 0.0, Sum: 0.1]
      [GC Worker Total (ms): Min: 3.7, Avg: 3.9, Max: 4.0, Diff: 0.3, Sum: 54.6]
      [GC Worker End (ms): Min: 124262038.8, Avg: 124262038.9, Max: 124262038.9, Diff: 0.1]
   [Code Root Fixup: 0.0 ms]
   [Code Root Purge: 0.0 ms]
   [Clear CT: 0.4 ms]
   [Other: 5.7 ms]
      [Choose CSet: 0.0 ms]
      [Ref Proc: 5.0 ms]
      [Ref Enq: 0.2 ms]
      [Redirty Cards: 0.2 ms]
      [Humongous Register: 0.0 ms]
      [Humongous Reclaim: 0.0 ms]
      [Free CSet: 0.2 ms]
   [Eden: 7152.0M(7152.0M)->0.0B(7152.0M) Survivors: 16384.0K->16384.0K Heap: 10216.7M(14336.0M)->3065.1M(14336.0M)]
 [Times: user=0.08 sys=0.01, real=0.01 secs] 
2022-11-01T05:08:38.065-0600: 125218.486: [GC pause (G1 Evacuation Pause) (young) (initial-mark), 0.0125139 secs]
   [Parallel Time: 6.5 ms, GC Workers: 14]
      [GC Worker Start (ms): Min: 125218487.0, Avg: 125218487.2, Max: 125218487.4, Diff: 0.3]
      [Ext Root Scanning (ms): Min: 3.9, Avg: 4.1, Max: 4.3, Diff: 0.4, Sum: 57.0]
      [Update RS (ms): Min: 0.1, Avg: 0.1, Max: 0.2, Diff: 0.2, Sum: 1.6]
         [Processed Buffers: Min: 1, Avg: 11.9, Max: 35, Diff: 34, Sum: 167]
      [Scan RS (ms): Min: 0.0, Avg: 0.0, Max: 0.1, Diff: 0.1, Sum: 0.5]
      [Code Root Scanning (ms): Min: 0.0, Avg: 0.0, Max: 0.0, Diff: 0.0, Sum: 0.0]
      [Object Copy (ms): Min: 0.3, Avg: 0.3, Max: 0.4, Diff: 0.1, Sum: 4.7]
      [Termination (ms): Min: 0.0, Avg: 0.0, Max: 0.0, Diff: 0.0, Sum: 0.4]
         [Termination Attempts: Min: 28, Avg: 41.6, Max: 49, Diff: 21, Sum: 583]
      [GC Worker Other (ms): Min: 0.0, Avg: 0.1, Max: 0.2, Diff: 0.2, Sum: 0.9]
      [GC Worker Total (ms): Min: 4.4, Avg: 4.7, Max: 4.9, Diff: 0.5, Sum: 65.2]
      [GC Worker End (ms): Min: 125218491.8, Avg: 125218491.8, Max: 125218492.0, Diff: 0.2]
   [Code Root Fixup: 0.0 ms]
   [Code Root Purge: 0.0 ms]
   [Clear CT: 0.5 ms]
   [Other: 5.5 ms]
      [Choose CSet: 0.0 ms]
      [Ref Proc: 4.9 ms]
      [Ref Enq: 0.2 ms]
      [Redirty Cards: 0.2 ms]
      [Humongous Register: 0.0 ms]
      [Humongous Reclaim: 0.0 ms]
      [Free CSet: 0.1 ms]
   [Eden: 7152.0M(7152.0M)->0.0B(7152.0M) Survivors: 16384.0K->16384.0K Heap: 10217.1M(14336.0M)->3064.8M(14336.0M)]
 [Times: user=0.08 sys=0.00, real=0.01 secs] 
2022-11-01T05:08:38.078-0600: 125218.498: [GC concurrent-root-region-scan-start]
2022-11-01T05:08:38.082-0600: 125218.502: [GC concurrent-root-region-scan-end, 0.0035244 secs]
2022-11-01T05:08:38.082-0600: 125218.502: [GC concurrent-mark-start]
2022-11-01T05:08:38.671-0600: 125219.091: [GC concurrent-mark-end, 0.5890716 secs]
2022-11-01T05:08:38.671-0600: 125219.091: [GC remark 2022-11-01T05:08:38.671-0600: 125219.091: [Finalize Marking, 0.0007860 secs] 2022-11-01T05:08:38.672-0600: 125219.092: [GC ref-proc, 0.0068234 secs] 2022-11-01T05:08:38.678-0600: 125219.099: [Unloading, 0.0186904 secs], 0.0282817 secs]
 [Times: user=0.29 sys=0.00, real=0.03 secs] 
2022-11-01T05:08:38.699-0600: 125219.119: [GC cleanup 3096M->3096M(14336M), 0.0048816 secs]
 [Times: user=0.03 sys=0.00, real=0.01 secs] 
2022-11-01T05:24:42.939-0600: 126183.360: [GC pause (G1 Evacuation Pause) (young), 0.0103740 secs]
   [Parallel Time: 4.5 ms, GC Workers: 14]
      [GC Worker Start (ms): Min: 126183359.7, Avg: 126183359.9, Max: 126183360.1, Diff: 0.3]
      [Ext Root Scanning (ms): Min: 0.2, Avg: 0.6, Max: 3.9, Diff: 3.7, Sum: 8.9]
      [Update RS (ms): Min: 0.0, Avg: 0.1, Max: 0.3, Diff: 0.3, Sum: 2.0]
         [Processed Buffers: Min: 0, Avg: 11.7, Max: 36, Diff: 36, Sum: 164]
      [Scan RS (ms): Min: 0.0, Avg: 0.0, Max: 0.0, Diff: 0.0, Sum: 0.4]
      [Code Root Scanning (ms): Min: 0.0, Avg: 0.0, Max: 0.0, Diff: 0.0, Sum: 0.0]
      [Object Copy (ms): Min: 0.0, Avg: 0.2, Max: 0.3, Diff: 0.3, Sum: 3.0]
      [Termination (ms): Min: 0.0, Avg: 2.8, Max: 3.1, Diff: 3.1, Sum: 39.2]
         [Termination Attempts: Min: 1, Avg: 17.7, Max: 31, Diff: 30, Sum: 248]
      [GC Worker Other (ms): Min: 0.0, Avg: 0.0, Max: 0.0, Diff: 0.0, Sum: 0.1]
      [GC Worker Total (ms): Min: 3.6, Avg: 3.8, Max: 4.0, Diff: 0.4, Sum: 53.5]
      [GC Worker End (ms): Min: 126183363.7, Avg: 126183363.7, Max: 126183363.8, Diff: 0.1]
   [Code Root Fixup: 0.0 ms]
   [Code Root Purge: 0.0 ms]
   [Clear CT: 0.2 ms]
   [Other: 5.6 ms]
      [Choose CSet: 0.0 ms]
      [Ref Proc: 4.8 ms]
      [Ref Enq: 0.3 ms]
      [Redirty Cards: 0.2 ms]
      [Humongous Register: 0.0 ms]
      [Humongous Reclaim: 0.0 ms]
      [Free CSet: 0.2 ms]
   [Eden: 7152.0M(7152.0M)->0.0B(7152.0M) Survivors: 16384.0K->16384.0K Heap: 10216.8M(14336.0M)->3065.1M(14336.0M)]
 [Times: user=0.08 sys=0.00, real=0.01 secs] 
2022-11-01T05:40:47.715-0600: 127148.136: [GC pause (G1 Evacuation Pause) (young), 0.0108465 secs]
   [Parallel Time: 4.5 ms, GC Workers: 14]
      [GC Worker Start (ms): Min: 127148135.6, Avg: 127148135.8, Max: 127148136.0, Diff: 0.3]
      [Ext Root Scanning (ms): Min: 0.2, Avg: 0.6, Max: 4.0, Diff: 3.8, Sum: 8.9]
      [Update RS (ms): Min: 0.0, Avg: 0.1, Max: 0.3, Diff: 0.3, Sum: 1.6]
         [Processed Buffers: Min: 0, Avg: 11.3, Max: 40, Diff: 40, Sum: 158]
      [Scan RS (ms): Min: 0.0, Avg: 0.0, Max: 0.1, Diff: 0.1, Sum: 0.4]
      [Code Root Scanning (ms): Min: 0.0, Avg: 0.0, Max: 0.0, Diff: 0.0, Sum: 0.0]
      [Object Copy (ms): Min: 0.0, Avg: 0.2, Max: 0.3, Diff: 0.3, Sum: 2.9]
      [Termination (ms): Min: 0.0, Avg: 2.9, Max: 3.2, Diff: 3.2, Sum: 40.1]
         [Termination Attempts: Min: 1, Avg: 11.4, Max: 19, Diff: 18, Sum: 160]
      [GC Worker Other (ms): Min: 0.0, Avg: 0.0, Max: 0.0, Diff: 0.0, Sum: 0.1]
      [GC Worker Total (ms): Min: 3.7, Avg: 3.9, Max: 4.0, Diff: 0.4, Sum: 54.1]
      [GC Worker End (ms): Min: 127148139.6, Avg: 127148139.7, Max: 127148139.8, Diff: 0.1]
   [Code Root Fixup: 0.0 ms]
   [Code Root Purge: 0.0 ms]
   [Clear CT: 0.4 ms]
   [Other: 6.0 ms]
      [Choose CSet: 0.0 ms]
      [Ref Proc: 5.3 ms]
      [Ref Enq: 0.2 ms]
      [Redirty Cards: 0.2 ms]
      [Humongous Register: 0.0 ms]
      [Humongous Reclaim: 0.0 ms]
      [Free CSet: 0.2 ms]
   [Eden: 7152.0M(7152.0M)->0.0B(7152.0M) Survivors: 16384.0K->16384.0K Heap: 10217.1M(14336.0M)->3064.8M(14336.0M)]
 [Times: user=0.08 sys=0.00, real=0.01 secs] 
2022-11-01T05:56:40.065-0600: 128100.485: [GC pause (G1 Evacuation Pause) (young) (initial-mark), 0.0124855 secs]
   [Parallel Time: 6.6 ms, GC Workers: 14]
      [GC Worker Start (ms): Min: 128100486.5, Avg: 128100486.7, Max: 128100486.9, Diff: 0.4]
      [Ext Root Scanning (ms): Min: 3.6, Avg: 3.8, Max: 4.0, Diff: 0.4, Sum: 52.8]
      [Update RS (ms): Min: 0.1, Avg: 0.1, Max: 0.3, Diff: 0.2, Sum: 1.8]
         [Processed Buffers: Min: 1, Avg: 11.9, Max: 35, Diff: 34, Sum: 167]
      [Scan RS (ms): Min: 0.0, Avg: 0.0, Max: 0.1, Diff: 0.1, Sum: 0.5]
      [Code Root Scanning (ms): Min: 0.0, Avg: 0.0, Max: 0.0, Diff: 0.0, Sum: 0.0]
      [Object Copy (ms): Min: 0.2, Avg: 0.3, Max: 0.4, Diff: 0.2, Sum: 4.4]
      [Termination (ms): Min: 0.0, Avg: 0.0, Max: 0.1, Diff: 0.1, Sum: 0.5]
         [Termination Attempts: Min: 28, Avg: 37.7, Max: 45, Diff: 17, Sum: 528]
      [GC Worker Other (ms): Min: 0.0, Avg: 0.1, Max: 0.3, Diff: 0.3, Sum: 1.3]
      [GC Worker Total (ms): Min: 4.1, Avg: 4.4, Max: 4.7, Diff: 0.5, Sum: 61.4]
      [GC Worker End (ms): Min: 128100491.0, Avg: 128100491.1, Max: 128100491.3, Diff: 0.3]
   [Code Root Fixup: 0.0 ms]
   [Code Root Purge: 0.0 ms]
   [Clear CT: 0.3 ms]
   [Other: 5.6 ms]
      [Choose CSet: 0.0 ms]
      [Ref Proc: 4.7 ms]
      [Ref Enq: 0.4 ms]
      [Redirty Cards: 0.2 ms]
      [Humongous Register: 0.0 ms]
      [Humongous Reclaim: 0.0 ms]
      [Free CSet: 0.2 ms]
   [Eden: 7152.0M(7152.0M)->0.0B(7152.0M) Survivors: 16384.0K->16384.0K Heap: 10216.8M(14336.0M)->3065.2M(14336.0M)]
 [Times: user=0.07 sys=0.00, real=0.01 secs] 
2022-11-01T05:56:40.077-0600: 128100.497: [GC concurrent-root-region-scan-start]
2022-11-01T05:56:40.081-0600: 128100.501: [GC concurrent-root-region-scan-end, 0.0035401 secs]
2022-11-01T05:56:40.081-0600: 128100.501: [GC concurrent-mark-start]
2022-11-01T05:56:40.662-0600: 128101.082: [GC concurrent-mark-end, 0.5808837 secs]
2022-11-01T05:56:40.662-0600: 128101.082: [GC remark 2022-11-01T05:56:40.662-0600: 128101.082: [Finalize Marking, 0.0008668 secs] 2022-11-01T05:56:40.663-0600: 128101.083: [GC ref-proc, 0.0083458 secs] 2022-11-01T05:56:40.671-0600: 128101.091: [Unloading, 0.0194326 secs], 0.0311182 secs]
 [Times: user=0.29 sys=0.00, real=0.03 secs] 
2022-11-01T05:56:40.693-0600: 128101.113: [GC cleanup 3097M->3097M(14336M), 0.0051249 secs]
 [Times: user=0.04 sys=0.00, real=0.00 secs] 
2022-11-01T06:12:30.916-0600: 129051.336: [GC pause (G1 Evacuation Pause) (young), 0.0090222 secs]
   [Parallel Time: 3.3 ms, GC Workers: 14]
      [GC Worker Start (ms): Min: 129051336.5, Avg: 129051336.7, Max: 129051336.8, Diff: 0.4]
      [Ext Root Scanning (ms): Min: 0.3, Avg: 0.6, Max: 2.8, Diff: 2.5, Sum: 8.4]
      [Update RS (ms): Min: 0.0, Avg: 0.1, Max: 0.3, Diff: 0.3, Sum: 1.9]
         [Processed Buffers: Min: 0, Avg: 11.6, Max: 30, Diff: 30, Sum: 162]
      [Scan RS (ms): Min: 0.0, Avg: 0.0, Max: 0.0, Diff: 0.0, Sum: 0.4]
      [Code Root Scanning (ms): Min: 0.0, Avg: 0.0, Max: 0.0, Diff: 0.0, Sum: 0.0]
      [Object Copy (ms): Min: 0.0, Avg: 0.2, Max: 0.3, Diff: 0.3, Sum: 2.8]
      [Termination (ms): Min: 0.0, Avg: 1.6, Max: 1.8, Diff: 1.8, Sum: 22.8]
         [Termination Attempts: Min: 1, Avg: 8.6, Max: 18, Diff: 17, Sum: 121]
      [GC Worker Other (ms): Min: 0.0, Avg: 0.0, Max: 0.0, Diff: 0.0, Sum: 0.1]
      [GC Worker Total (ms): Min: 2.4, Avg: 2.6, Max: 2.8, Diff: 0.4, Sum: 36.4]
      [GC Worker End (ms): Min: 129051339.3, Avg: 129051339.3, Max: 129051339.4, Diff: 0.1]
   [Code Root Fixup: 0.0 ms]
   [Code Root Purge: 0.0 ms]
   [Clear CT: 0.4 ms]
   [Other: 5.3 ms]
      [Choose CSet: 0.0 ms]
      [Ref Proc: 4.8 ms]
      [Ref Enq: 0.2 ms]
      [Redirty Cards: 0.2 ms]
      [Humongous Register: 0.0 ms]
      [Humongous Reclaim: 0.0 ms]
      [Free CSet: 0.1 ms]
   [Eden: 7152.0M(7152.0M)->0.0B(7152.0M) Survivors: 16384.0K->16384.0K Heap: 10217.2M(14336.0M)->3065.0M(14336.0M)]
 [Times: user=0.05 sys=0.01, real=0.01 secs] 
2022-11-01T06:28:28.015-0600: 130008.435: [GC pause (G1 Evacuation Pause) (young), 0.0098474 secs]
   [Parallel Time: 3.3 ms, GC Workers: 14]
      [GC Worker Start (ms): Min: 130008435.0, Avg: 130008435.2, Max: 130008435.4, Diff: 0.4]
      [Ext Root Scanning (ms): Min: 0.2, Avg: 0.6, Max: 2.8, Diff: 2.7, Sum: 8.0]
      [Update RS (ms): Min: 0.0, Avg: 0.2, Max: 0.4, Diff: 0.4, Sum: 2.6]
         [Processed Buffers: Min: 0, Avg: 11.4, Max: 50, Diff: 50, Sum: 160]
      [Scan RS (ms): Min: 0.0, Avg: 0.0, Max: 0.1, Diff: 0.1, Sum: 0.3]
      [Code Root Scanning (ms): Min: 0.0, Avg: 0.0, Max: 0.0, Diff: 0.0, Sum: 0.0]
      [Object Copy (ms): Min: 0.0, Avg: 0.2, Max: 0.3, Diff: 0.3, Sum: 2.8]
      [Termination (ms): Min: 0.0, Avg: 1.7, Max: 1.9, Diff: 1.9, Sum: 23.4]
         [Termination Attempts: Min: 1, Avg: 9.1, Max: 17, Diff: 16, Sum: 128]
      [GC Worker Other (ms): Min: 0.0, Avg: 0.0, Max: 0.0, Diff: 0.0, Sum: 0.1]
      [GC Worker Total (ms): Min: 2.4, Avg: 2.7, Max: 2.9, Diff: 0.5, Sum: 37.3]
      [GC Worker End (ms): Min: 130008437.8, Avg: 130008437.9, Max: 130008438.0, Diff: 0.1]
   [Code Root Fixup: 0.0 ms]
   [Code Root Purge: 0.0 ms]
   [Clear CT: 0.4 ms]
   [Other: 6.1 ms]
      [Choose CSet: 0.0 ms]
      [Ref Proc: 5.5 ms]
      [Ref Enq: 0.2 ms]
      [Redirty Cards: 0.2 ms]
      [Humongous Register: 0.0 ms]
      [Humongous Reclaim: 0.0 ms]
      [Free CSet: 0.1 ms]
   [Eden: 7152.0M(7152.0M)->0.0B(7152.0M) Survivors: 16384.0K->16384.0K Heap: 10217.0M(14336.0M)->3065.2M(14336.0M)]
 [Times: user=0.06 sys=0.00, real=0.01 secs] 
2022-11-01T06:44:34.014-0600: 130974.435: [GC pause (G1 Evacuation Pause) (young) (initial-mark), 0.0122909 secs]
   [Parallel Time: 6.3 ms, GC Workers: 14]
      [GC Worker Start (ms): Min: 130974435.9, Avg: 130974436.1, Max: 130974436.3, Diff: 0.4]
      [Ext Root Scanning (ms): Min: 3.7, Avg: 3.9, Max: 4.1, Diff: 0.4, Sum: 54.7]
      [Update RS (ms): Min: 0.0, Avg: 0.1, Max: 0.2, Diff: 0.2, Sum: 1.7]
         [Processed Buffers: Min: 1, Avg: 11.0, Max: 29, Diff: 28, Sum: 154]
      [Scan RS (ms): Min: 0.0, Avg: 0.0, Max: 0.1, Diff: 0.1, Sum: 0.4]
      [Code Root Scanning (ms): Min: 0.0, Avg: 0.0, Max: 0.0, Diff: 0.0, Sum: 0.0]
      [Object Copy (ms): Min: 0.2, Avg: 0.3, Max: 0.3, Diff: 0.1, Sum: 4.4]
      [Termination (ms): Min: 0.0, Avg: 0.0, Max: 0.0, Diff: 0.0, Sum: 0.4]
         [Termination Attempts: Min: 34, Avg: 40.5, Max: 46, Diff: 12, Sum: 567]
      [GC Worker Other (ms): Min: 0.0, Avg: 0.1, Max: 0.2, Diff: 0.2, Sum: 1.1]
      [GC Worker Total (ms): Min: 4.3, Avg: 4.5, Max: 4.7, Diff: 0.5, Sum: 62.7]
      [GC Worker End (ms): Min: 130974440.5, Avg: 130974440.6, Max: 130974440.7, Diff: 0.2]
   [Code Root Fixup: 0.0 ms]
   [Code Root Purge: 0.0 ms]
   [Clear CT: 0.4 ms]
   [Other: 5.6 ms]
      [Choose CSet: 0.0 ms]
      [Ref Proc: 4.9 ms]
      [Ref Enq: 0.3 ms]
      [Redirty Cards: 0.2 ms]
      [Humongous Register: 0.0 ms]
      [Humongous Reclaim: 0.0 ms]
      [Free CSet: 0.2 ms]
   [Eden: 7152.0M(7152.0M)->0.0B(7152.0M) Survivors: 16384.0K->16384.0K Heap: 10217.2M(14336.0M)->3064.9M(14336.0M)]
 [Times: user=0.07 sys=0.00, real=0.01 secs] 
2022-11-01T06:44:34.027-0600: 130974.447: [GC concurrent-root-region-scan-start]
2022-11-01T06:44:34.031-0600: 130974.451: [GC concurrent-root-region-scan-end, 0.0037077 secs]
2022-11-01T06:44:34.031-0600: 130974.451: [GC concurrent-mark-start]
2022-11-01T06:44:34.602-0600: 130975.023: [GC concurrent-mark-end, 0.5718756 secs]
2022-11-01T06:44:34.603-0600: 130975.023: [GC remark 2022-11-01T06:44:34.603-0600: 130975.023: [Finalize Marking, 0.0006568 secs] 2022-11-01T06:44:34.603-0600: 130975.024: [GC ref-proc, 0.0075077 secs] 2022-11-01T06:44:34.611-0600: 130975.031: [Unloading, 0.0196853 secs], 0.0300540 secs]
 [Times: user=0.28 sys=0.00, real=0.03 secs] 
2022-11-01T06:44:34.633-0600: 130975.053: [GC cleanup 3096M->3096M(14336M), 0.0049126 secs]
 [Times: user=0.03 sys=0.00, real=0.00 secs] 
2022-11-01T07:00:35.115-0600: 131935.535: [GC pause (G1 Evacuation Pause) (young), 0.0116246 secs]
   [Parallel Time: 4.8 ms, GC Workers: 14]
      [GC Worker Start (ms): Min: 131935535.2, Avg: 131935535.3, Max: 131935535.5, Diff: 0.3]
      [Ext Root Scanning (ms): Min: 0.2, Avg: 0.7, Max: 4.2, Diff: 4.0, Sum: 9.4]
      [Update RS (ms): Min: 0.0, Avg: 0.1, Max: 0.3, Diff: 0.3, Sum: 1.7]
         [Processed Buffers: Min: 0, Avg: 11.0, Max: 32, Diff: 32, Sum: 154]
      [Scan RS (ms): Min: 0.0, Avg: 0.0, Max: 0.1, Diff: 0.0, Sum: 0.4]
      [Code Root Scanning (ms): Min: 0.0, Avg: 0.0, Max: 0.0, Diff: 0.0, Sum: 0.0]
      [Object Copy (ms): Min: 0.0, Avg: 0.2, Max: 0.3, Diff: 0.3, Sum: 3.3]
      [Termination (ms): Min: 0.0, Avg: 3.1, Max: 3.4, Diff: 3.4, Sum: 43.2]
         [Termination Attempts: Min: 1, Avg: 15.8, Max: 30, Diff: 29, Sum: 221]
      [GC Worker Other (ms): Min: 0.0, Avg: 0.0, Max: 0.0, Diff: 0.0, Sum: 0.2]
      [GC Worker Total (ms): Min: 4.0, Avg: 4.1, Max: 4.3, Diff: 0.4, Sum: 58.1]
      [GC Worker End (ms): Min: 131935539.4, Avg: 131935539.5, Max: 131935539.6, Diff: 0.1]
   [Code Root Fixup: 0.0 ms]
   [Code Root Purge: 0.0 ms]
   [Clear CT: 0.4 ms]
   [Other: 6.4 ms]
      [Choose CSet: 0.0 ms]
      [Ref Proc: 5.6 ms]
      [Ref Enq: 0.3 ms]
      [Redirty Cards: 0.2 ms]
      [Humongous Register: 0.0 ms]
      [Humongous Reclaim: 0.0 ms]
      [Free CSet: 0.2 ms]
   [Eden: 7152.0M(7152.0M)->0.0B(7152.0M) Survivors: 16384.0K->16384.0K Heap: 10216.9M(14336.0M)->3065.1M(14336.0M)]
 [Times: user=0.08 sys=0.00, real=0.01 secs] 
2022-11-01T07:16:34.615-0600: 132895.035: [GC pause (G1 Evacuation Pause) (young), 0.0108540 secs]
   [Parallel Time: 4.5 ms, GC Workers: 14]
      [GC Worker Start (ms): Min: 132895035.0, Avg: 132895035.1, Max: 132895035.3, Diff: 0.3]
      [Ext Root Scanning (ms): Min: 0.2, Avg: 0.7, Max: 4.0, Diff: 3.8, Sum: 9.4]
      [Update RS (ms): Min: 0.0, Avg: 0.1, Max: 0.3, Diff: 0.3, Sum: 1.7]
         [Processed Buffers: Min: 0, Avg: 11.6, Max: 35, Diff: 35, Sum: 163]
      [Scan RS (ms): Min: 0.0, Avg: 0.0, Max: 0.1, Diff: 0.1, Sum: 0.5]
      [Code Root Scanning (ms): Min: 0.0, Avg: 0.0, Max: 0.0, Diff: 0.0, Sum: 0.0]
      [Object Copy (ms): Min: 0.0, Avg: 0.2, Max: 0.3, Diff: 0.3, Sum: 2.9]
      [Termination (ms): Min: 0.0, Avg: 2.8, Max: 3.1, Diff: 3.1, Sum: 39.9]
         [Termination Attempts: Min: 1, Avg: 20.2, Max: 28, Diff: 27, Sum: 283]
      [GC Worker Other (ms): Min: 0.0, Avg: 0.0, Max: 0.0, Diff: 0.0, Sum: 0.1]
      [GC Worker Total (ms): Min: 3.7, Avg: 3.9, Max: 4.1, Diff: 0.4, Sum: 54.4]
      [GC Worker End (ms): Min: 132895039.0, Avg: 132895039.0, Max: 132895039.0, Diff: 0.1]
   [Code Root Fixup: 0.0 ms]
   [Code Root Purge: 0.0 ms]
   [Clear CT: 0.3 ms]
   [Other: 6.1 ms]
      [Choose CSet: 0.0 ms]
      [Ref Proc: 5.3 ms]
      [Ref Enq: 0.3 ms]
      [Redirty Cards: 0.2 ms]
      [Humongous Register: 0.0 ms]
      [Humongous Reclaim: 0.0 ms]
      [Free CSet: 0.2 ms]
   [Eden: 7152.0M(7152.0M)->0.0B(7152.0M) Survivors: 16384.0K->16384.0K Heap: 10217.1M(14336.0M)->3064.9M(14336.0M)]
 [Times: user=0.08 sys=0.00, real=0.01 secs] 
2022-11-01T07:32:30.918-0600: 133851.338: [GC pause (G1 Evacuation Pause) (young) (initial-mark), 0.0128610 secs]
   [Parallel Time: 6.4 ms, GC Workers: 14]
      [GC Worker Start (ms): Min: 133851339.2, Avg: 133851339.4, Max: 133851339.6, Diff: 0.4]
      [Ext Root Scanning (ms): Min: 3.7, Avg: 4.0, Max: 4.2, Diff: 0.5, Sum: 55.4]
      [Update RS (ms): Min: 0.1, Avg: 0.1, Max: 0.3, Diff: 0.2, Sum: 1.8]
         [Processed Buffers: Min: 1, Avg: 11.5, Max: 27, Diff: 26, Sum: 161]
      [Scan RS (ms): Min: 0.0, Avg: 0.0, Max: 0.1, Diff: 0.1, Sum: 0.5]
      [Code Root Scanning (ms): Min: 0.0, Avg: 0.0, Max: 0.0, Diff: 0.0, Sum: 0.0]
      [Object Copy (ms): Min: 0.2, Avg: 0.3, Max: 0.4, Diff: 0.2, Sum: 4.7]
      [Termination (ms): Min: 0.0, Avg: 0.0, Max: 0.1, Diff: 0.0, Sum: 0.4]
         [Termination Attempts: Min: 28, Avg: 39.9, Max: 51, Diff: 23, Sum: 558]
      [GC Worker Other (ms): Min: 0.0, Avg: 0.1, Max: 0.2, Diff: 0.2, Sum: 1.0]
      [GC Worker Total (ms): Min: 4.3, Avg: 4.6, Max: 4.8, Diff: 0.5, Sum: 63.8]
      [GC Worker End (ms): Min: 133851343.9, Avg: 133851343.9, Max: 133851344.1, Diff: 0.2]
   [Code Root Fixup: 0.0 ms]
   [Code Root Purge: 0.0 ms]
   [Clear CT: 0.4 ms]
   [Other: 6.1 ms]
      [Choose CSet: 0.0 ms]
      [Ref Proc: 5.4 ms]
      [Ref Enq: 0.2 ms]
      [Redirty Cards: 0.2 ms]
      [Humongous Register: 0.0 ms]
      [Humongous Reclaim: 0.0 ms]
      [Free CSet: 0.2 ms]
   [Eden: 7152.0M(7152.0M)->0.0B(7152.0M) Survivors: 16384.0K->16384.0K Heap: 10216.9M(14336.0M)->3065.2M(14336.0M)]
 [Times: user=0.08 sys=0.00, real=0.01 secs] 
2022-11-01T07:32:30.931-0600: 133851.351: [GC concurrent-root-region-scan-start]
2022-11-01T07:32:30.934-0600: 133851.355: [GC concurrent-root-region-scan-end, 0.0037727 secs]
2022-11-01T07:32:30.934-0600: 133851.355: [GC concurrent-mark-start]
2022-11-01T07:32:31.527-0600: 133851.947: [GC concurrent-mark-end, 0.5921971 secs]
2022-11-01T07:32:31.527-0600: 133851.947: [GC remark 2022-11-01T07:32:31.527-0600: 133851.947: [Finalize Marking, 0.0009505 secs] 2022-11-01T07:32:31.528-0600: 133851.948: [GC ref-proc, 0.0081561 secs] 2022-11-01T07:32:31.536-0600: 133851.956: [Unloading, 0.0196061 secs], 0.0306236 secs]
 [Times: user=0.29 sys=0.00, real=0.03 secs] 
2022-11-01T07:32:31.558-0600: 133851.978: [GC cleanup 3113M->3113M(14336M), 0.0051513 secs]
 [Times: user=0.04 sys=0.00, real=0.01 secs] 
2022-11-01T07:48:47.265-0600: 134827.685: [GC pause (G1 Evacuation Pause) (young), 0.0103459 secs]
   [Parallel Time: 4.5 ms, GC Workers: 14]
      [GC Worker Start (ms): Min: 134827685.5, Avg: 134827685.6, Max: 134827685.7, Diff: 0.3]
      [Ext Root Scanning (ms): Min: 0.3, Avg: 0.7, Max: 4.0, Diff: 3.8, Sum: 9.3]
      [Update RS (ms): Min: 0.0, Avg: 0.1, Max: 0.4, Diff: 0.4, Sum: 1.7]
         [Processed Buffers: Min: 0, Avg: 10.9, Max: 31, Diff: 31, Sum: 152]
      [Scan RS (ms): Min: 0.0, Avg: 0.0, Max: 0.1, Diff: 0.0, Sum: 0.4]
      [Code Root Scanning (ms): Min: 0.0, Avg: 0.0, Max: 0.0, Diff: 0.0, Sum: 0.0]
      [Object Copy (ms): Min: 0.0, Avg: 0.2, Max: 0.3, Diff: 0.3, Sum: 3.2]
      [Termination (ms): Min: 0.0, Avg: 2.9, Max: 3.1, Diff: 3.1, Sum: 40.3]
         [Termination Attempts: Min: 1, Avg: 17.7, Max: 27, Diff: 26, Sum: 248]
      [GC Worker Other (ms): Min: 0.0, Avg: 0.0, Max: 0.0, Diff: 0.0, Sum: 0.1]
      [GC Worker Total (ms): Min: 3.8, Avg: 3.9, Max: 4.1, Diff: 0.3, Sum: 55.0]
      [GC Worker End (ms): Min: 134827689.5, Avg: 134827689.5, Max: 134827689.6, Diff: 0.1]
   [Code Root Fixup: 0.0 ms]
   [Code Root Purge: 0.0 ms]
   [Clear CT: 0.2 ms]
   [Other: 5.6 ms]
      [Choose CSet: 0.0 ms]
      [Ref Proc: 4.8 ms]
      [Ref Enq: 0.3 ms]
      [Redirty Cards: 0.2 ms]
      [Humongous Register: 0.0 ms]
      [Humongous Reclaim: 0.0 ms]
      [Free CSet: 0.2 ms]
   [Eden: 7152.0M(7152.0M)->0.0B(7152.0M) Survivors: 16384.0K->16384.0K Heap: 10217.2M(14336.0M)->3065.0M(14336.0M)]
 [Times: user=0.08 sys=0.00, real=0.01 secs] 
2022-11-01T08:05:02.565-0600: 135802.985: [GC pause (G1 Evacuation Pause) (young), 0.0106122 secs]
   [Parallel Time: 4.3 ms, GC Workers: 14]
      [GC Worker Start (ms): Min: 135802984.9, Avg: 135802985.1, Max: 135802985.2, Diff: 0.3]
      [Ext Root Scanning (ms): Min: 0.3, Avg: 0.7, Max: 4.0, Diff: 3.7, Sum: 9.8]
      [Update RS (ms): Min: 0.0, Avg: 0.1, Max: 0.3, Diff: 0.3, Sum: 1.6]
         [Processed Buffers: Min: 0, Avg: 11.3, Max: 36, Diff: 36, Sum: 158]
      [Scan RS (ms): Min: 0.0, Avg: 0.0, Max: 0.1, Diff: 0.0, Sum: 0.5]
      [Code Root Scanning (ms): Min: 0.0, Avg: 0.0, Max: 0.0, Diff: 0.0, Sum: 0.0]
      [Object Copy (ms): Min: 0.0, Avg: 0.2, Max: 0.3, Diff: 0.3, Sum: 3.0]
      [Termination (ms): Min: 0.0, Avg: 2.8, Max: 3.1, Diff: 3.1, Sum: 39.6]
         [Termination Attempts: Min: 1, Avg: 21.4, Max: 32, Diff: 31, Sum: 299]
      [GC Worker Other (ms): Min: 0.0, Avg: 0.0, Max: 0.0, Diff: 0.0, Sum: 0.1]
      [GC Worker Total (ms): Min: 3.7, Avg: 3.9, Max: 4.0, Diff: 0.3, Sum: 54.6]
      [GC Worker End (ms): Min: 135802988.9, Avg: 135802989.0, Max: 135802989.0, Diff: 0.1]
   [Code Root Fixup: 0.0 ms]
   [Code Root Purge: 0.0 ms]
   [Clear CT: 0.4 ms]
   [Other: 5.9 ms]
      [Choose CSet: 0.0 ms]
      [Ref Proc: 5.3 ms]
      [Ref Enq: 0.3 ms]
      [Redirty Cards: 0.2 ms]
      [Humongous Register: 0.0 ms]
      [Humongous Reclaim: 0.0 ms]
      [Free CSet: 0.1 ms]
   [Eden: 7152.0M(7152.0M)->0.0B(7152.0M) Survivors: 16384.0K->16384.0K Heap: 10217.0M(14336.0M)->3065.3M(14336.0M)]
 [Times: user=0.08 sys=0.00, real=0.01 secs] 
2022-11-01T08:21:14.715-0600: 136775.135: [GC pause (G1 Evacuation Pause) (young) (initial-mark), 0.0120878 secs]
   [Parallel Time: 6.1 ms, GC Workers: 14]
      [GC Worker Start (ms): Min: 136775136.1, Avg: 136775136.2, Max: 136775136.4, Diff: 0.3]
      [Ext Root Scanning (ms): Min: 3.8, Avg: 4.0, Max: 4.2, Diff: 0.3, Sum: 56.5]
      [Update RS (ms): Min: 0.0, Avg: 0.1, Max: 0.3, Diff: 0.3, Sum: 1.7]
         [Processed Buffers: Min: 1, Avg: 11.4, Max: 36, Diff: 35, Sum: 159]
      [Scan RS (ms): Min: 0.0, Avg: 0.0, Max: 0.1, Diff: 0.1, Sum: 0.4]
      [Code Root Scanning (ms): Min: 0.0, Avg: 0.0, Max: 0.0, Diff: 0.0, Sum: 0.0]
      [Object Copy (ms): Min: 0.1, Avg: 0.3, Max: 0.4, Diff: 0.3, Sum: 4.1]
      [Termination (ms): Min: 0.0, Avg: 0.0, Max: 0.0, Diff: 0.0, Sum: 0.1]
         [Termination Attempts: Min: 1, Avg: 16.7, Max: 24, Diff: 23, Sum: 234]
      [GC Worker Other (ms): Min: 0.0, Avg: 0.0, Max: 0.1, Diff: 0.1, Sum: 0.4]
      [GC Worker Total (ms): Min: 4.3, Avg: 4.5, Max: 4.6, Diff: 0.3, Sum: 63.2]
      [GC Worker End (ms): Min: 136775140.7, Avg: 136775140.8, Max: 136775140.8, Diff: 0.1]
   [Code Root Fixup: 0.0 ms]
   [Code Root Purge: 0.0 ms]
   [Clear CT: 0.3 ms]
   [Other: 5.6 ms]
      [Choose CSet: 0.0 ms]
      [Ref Proc: 4.9 ms]
      [Ref Enq: 0.2 ms]
      [Redirty Cards: 0.2 ms]
      [Humongous Register: 0.0 ms]
      [Humongous Reclaim: 0.0 ms]
      [Free CSet: 0.2 ms]
   [Eden: 7152.0M(7152.0M)->0.0B(7152.0M) Survivors: 16384.0K->16384.0K Heap: 10217.3M(14336.0M)->3065.1M(14336.0M)]
 [Times: user=0.07 sys=0.00, real=0.01 secs] 
2022-11-01T08:21:14.727-0600: 136775.147: [GC concurrent-root-region-scan-start]
2022-11-01T08:21:14.730-0600: 136775.150: [GC concurrent-root-region-scan-end, 0.0030016 secs]
2022-11-01T08:21:14.730-0600: 136775.150: [GC concurrent-mark-start]
2022-11-01T08:21:15.319-0600: 136775.740: [GC concurrent-mark-end, 0.5895449 secs]
2022-11-01T08:21:15.320-0600: 136775.740: [GC remark 2022-11-01T08:21:15.320-0600: 136775.740: [Finalize Marking, 0.0008327 secs] 2022-11-01T08:21:15.320-0600: 136775.741: [GC ref-proc, 0.0068615 secs] 2022-11-01T08:21:15.327-0600: 136775.748: [Unloading, 0.0190194 secs], 0.0286707 secs]
 [Times: user=0.28 sys=0.00, real=0.03 secs] 
2022-11-01T08:21:15.348-0600: 136775.769: [GC cleanup 3097M->3097M(14336M), 0.0055515 secs]
 [Times: user=0.04 sys=0.00, real=0.01 secs] 
2022-11-01T08:37:30.232-0600: 137750.652: [GC pause (G1 Evacuation Pause) (young), 0.0092883 secs]
   [Parallel Time: 3.1 ms, GC Workers: 14]
      [GC Worker Start (ms): Min: 137750652.1, Avg: 137750652.3, Max: 137750652.5, Diff: 0.4]
      [Ext Root Scanning (ms): Min: 0.2, Avg: 0.6, Max: 2.7, Diff: 2.5, Sum: 8.2]
      [Update RS (ms): Min: 0.0, Avg: 0.1, Max: 0.3, Diff: 0.3, Sum: 1.9]
         [Processed Buffers: Min: 0, Avg: 11.7, Max: 35, Diff: 35, Sum: 164]
      [Scan RS (ms): Min: 0.0, Avg: 0.0, Max: 0.1, Diff: 0.1, Sum: 0.4]
      [Code Root Scanning (ms): Min: 0.0, Avg: 0.0, Max: 0.0, Diff: 0.0, Sum: 0.0]
      [Object Copy (ms): Min: 0.0, Avg: 0.3, Max: 0.3, Diff: 0.3, Sum: 3.6]
      [Termination (ms): Min: 0.0, Avg: 1.6, Max: 1.8, Diff: 1.8, Sum: 22.1]
         [Termination Attempts: Min: 1, Avg: 18.4, Max: 26, Diff: 25, Sum: 257]
      [GC Worker Other (ms): Min: 0.0, Avg: 0.0, Max: 0.0, Diff: 0.0, Sum: 0.1]
      [GC Worker Total (ms): Min: 2.4, Avg: 2.6, Max: 2.8, Diff: 0.4, Sum: 36.3]
      [GC Worker End (ms): Min: 137750654.8, Avg: 137750654.9, Max: 137750655.0, Diff: 0.1]
   [Code Root Fixup: 0.0 ms]
   [Code Root Purge: 0.0 ms]
   [Clear CT: 0.4 ms]
   [Other: 5.8 ms]
      [Choose CSet: 0.0 ms]
      [Ref Proc: 5.1 ms]
      [Ref Enq: 0.3 ms]
      [Redirty Cards: 0.2 ms]
      [Humongous Register: 0.0 ms]
      [Humongous Reclaim: 0.0 ms]
      [Free CSet: 0.1 ms]
   [Eden: 7152.0M(7152.0M)->0.0B(7152.0M) Survivors: 16384.0K->16384.0K Heap: 10217.1M(14336.0M)->3064.9M(14336.0M)]
 [Times: user=0.06 sys=0.00, real=0.02 secs] 
2022-11-01T08:53:30.264-0600: 138710.685: [GC pause (G1 Evacuation Pause) (young), 0.0093377 secs]
   [Parallel Time: 4.4 ms, GC Workers: 14]
      [GC Worker Start (ms): Min: 138710684.8, Avg: 138710684.9, Max: 138710685.0, Diff: 0.3]
      [Ext Root Scanning (ms): Min: 0.2, Avg: 0.7, Max: 4.0, Diff: 3.8, Sum: 9.7]
      [Update RS (ms): Min: 0.0, Avg: 0.1, Max: 0.3, Diff: 0.3, Sum: 1.6]
         [Processed Buffers: Min: 0, Avg: 11.2, Max: 33, Diff: 33, Sum: 157]
      [Scan RS (ms): Min: 0.0, Avg: 0.0, Max: 0.1, Diff: 0.1, Sum: 0.4]
      [Code Root Scanning (ms): Min: 0.0, Avg: 0.0, Max: 0.0, Diff: 0.0, Sum: 0.0]
      [Object Copy (ms): Min: 0.0, Avg: 0.2, Max: 0.3, Diff: 0.3, Sum: 3.2]
      [Termination (ms): Min: 0.0, Avg: 2.8, Max: 3.2, Diff: 3.2, Sum: 39.7]
         [Termination Attempts: Min: 1, Avg: 12.8, Max: 19, Diff: 18, Sum: 179]
      [GC Worker Other (ms): Min: 0.0, Avg: 0.0, Max: 0.0, Diff: 0.0, Sum: 0.1]
      [GC Worker Total (ms): Min: 3.7, Avg: 3.9, Max: 4.0, Diff: 0.3, Sum: 54.8]
      [GC Worker End (ms): Min: 138710688.8, Avg: 138710688.8, Max: 138710688.9, Diff: 0.1]
   [Code Root Fixup: 0.0 ms]
   [Code Root Purge: 0.0 ms]
   [Clear CT: 0.2 ms]
   [Other: 4.7 ms]
      [Choose CSet: 0.0 ms]
      [Ref Proc: 4.0 ms]
      [Ref Enq: 0.3 ms]
      [Redirty Cards: 0.2 ms]
      [Humongous Register: 0.0 ms]
      [Humongous Reclaim: 0.0 ms]
      [Free CSet: 0.1 ms]
   [Eden: 7152.0M(7152.0M)->0.0B(7152.0M) Survivors: 16384.0K->16384.0K Heap: 10216.9M(14336.0M)->3065.3M(14336.0M)]
 [Times: user=0.08 sys=0.00, real=0.01 secs] 
2022-11-01T09:09:30.115-0600: 139670.535: [GC pause (G1 Evacuation Pause) (young) (initial-mark), 0.0123968 secs]
   [Parallel Time: 7.0 ms, GC Workers: 14]
      [GC Worker Start (ms): Min: 139670536.5, Avg: 139670536.6, Max: 139670536.8, Diff: 0.3]
      [Ext Root Scanning (ms): Min: 4.7, Avg: 4.8, Max: 5.0, Diff: 0.3, Sum: 67.7]
      [Update RS (ms): Min: 0.1, Avg: 0.1, Max: 0.3, Diff: 0.3, Sum: 1.8]
         [Processed Buffers: Min: 1, Avg: 10.4, Max: 21, Diff: 20, Sum: 146]
      [Scan RS (ms): Min: 0.0, Avg: 0.0, Max: 0.1, Diff: 0.1, Sum: 0.5]
      [Code Root Scanning (ms): Min: 0.0, Avg: 0.0, Max: 0.0, Diff: 0.0, Sum: 0.0]
      [Object Copy (ms): Min: 0.2, Avg: 0.4, Max: 0.4, Diff: 0.2, Sum: 4.9]
      [Termination (ms): Min: 0.0, Avg: 0.0, Max: 0.0, Diff: 0.0, Sum: 0.4]
         [Termination Attempts: Min: 33, Avg: 44.1, Max: 57, Diff: 24, Sum: 617]
      [GC Worker Other (ms): Min: 0.0, Avg: 0.1, Max: 0.3, Diff: 0.2, Sum: 1.2]
      [GC Worker Total (ms): Min: 5.3, Avg: 5.5, Max: 5.8, Diff: 0.5, Sum: 76.5]
      [GC Worker End (ms): Min: 139670542.0, Avg: 139670542.1, Max: 139670542.3, Diff: 0.2]
   [Code Root Fixup: 0.0 ms]
   [Code Root Purge: 0.0 ms]
   [Clear CT: 0.2 ms]
   [Other: 5.1 ms]
      [Choose CSet: 0.0 ms]
      [Ref Proc: 4.4 ms]
      [Ref Enq: 0.3 ms]
      [Redirty Cards: 0.2 ms]
      [Humongous Register: 0.0 ms]
      [Humongous Reclaim: 0.0 ms]
      [Free CSet: 0.2 ms]
   [Eden: 7152.0M(7152.0M)->0.0B(7152.0M) Survivors: 16384.0K->16384.0K Heap: 10217.3M(14336.0M)->3065.1M(14336.0M)]
 [Times: user=0.08 sys=0.00, real=0.01 secs] 
2022-11-01T09:09:30.127-0600: 139670.548: [GC concurrent-root-region-scan-start]
2022-11-01T09:09:30.130-0600: 139670.550: [GC concurrent-root-region-scan-end, 0.0027093 secs]
2022-11-01T09:09:30.130-0600: 139670.550: [GC concurrent-mark-start]
2022-11-01T09:09:30.637-0600: 139671.057: [GC concurrent-mark-end, 0.5068999 secs]
2022-11-01T09:09:30.637-0600: 139671.058: [GC remark 2022-11-01T09:09:30.637-0600: 139671.058: [Finalize Marking, 0.0007421 secs] 2022-11-01T09:09:30.638-0600: 139671.058: [GC ref-proc, 0.0083519 secs] 2022-11-01T09:09:30.646-0600: 139671.067: [Unloading, 0.0192497 secs], 0.0307955 secs]
 [Times: user=0.29 sys=0.00, real=0.03 secs] 
2022-11-01T09:09:30.668-0600: 139671.089: [GC cleanup 3125M->3125M(14336M), 0.0043039 secs]
 [Times: user=0.03 sys=0.00, real=0.01 secs] 
2022-11-01T09:25:28.115-0600: 140628.535: [GC pause (G1 Evacuation Pause) (young), 0.0096661 secs]
   [Parallel Time: 3.3 ms, GC Workers: 14]
      [GC Worker Start (ms): Min: 140628535.4, Avg: 140628535.6, Max: 140628535.7, Diff: 0.3]
      [Ext Root Scanning (ms): Min: 0.2, Avg: 0.6, Max: 2.8, Diff: 2.6, Sum: 8.5]
      [Update RS (ms): Min: 0.0, Avg: 0.1, Max: 0.3, Diff: 0.3, Sum: 1.6]
         [Processed Buffers: Min: 0, Avg: 11.4, Max: 38, Diff: 38, Sum: 159]
      [Scan RS (ms): Min: 0.0, Avg: 0.0, Max: 0.1, Diff: 0.1, Sum: 0.5]
      [Code Root Scanning (ms): Min: 0.0, Avg: 0.0, Max: 0.0, Diff: 0.0, Sum: 0.0]
      [Object Copy (ms): Min: 0.0, Avg: 0.2, Max: 0.3, Diff: 0.3, Sum: 3.5]
      [Termination (ms): Min: 0.0, Avg: 1.6, Max: 1.8, Diff: 1.8, Sum: 22.7]
         [Termination Attempts: Min: 1, Avg: 28.6, Max: 39, Diff: 38, Sum: 400]
      [GC Worker Other (ms): Min: 0.0, Avg: 0.0, Max: 0.0, Diff: 0.0, Sum: 0.1]
      [GC Worker Total (ms): Min: 2.5, Avg: 2.6, Max: 2.8, Diff: 0.3, Sum: 36.8]
      [GC Worker End (ms): Min: 140628538.2, Avg: 140628538.2, Max: 140628538.2, Diff: 0.0]
   [Code Root Fixup: 0.0 ms]
   [Code Root Purge: 0.0 ms]
   [Clear CT: 0.4 ms]
   [Other: 6.0 ms]
      [Choose CSet: 0.0 ms]
      [Ref Proc: 5.3 ms]
      [Ref Enq: 0.2 ms]
      [Redirty Cards: 0.2 ms]
      [Humongous Register: 0.0 ms]
      [Humongous Reclaim: 0.0 ms]
      [Free CSet: 0.2 ms]
   [Eden: 7152.0M(7152.0M)->0.0B(7152.0M) Survivors: 16384.0K->16384.0K Heap: 10217.1M(14336.0M)->3065.3M(14336.0M)]
 [Times: user=0.06 sys=0.00, real=0.01 secs] 
2022-11-01T09:41:29.014-0600: 141589.435: [GC pause (G1 Evacuation Pause) (young), 0.0077166 secs]
   [Parallel Time: 3.1 ms, GC Workers: 14]
      [GC Worker Start (ms): Min: 141589434.8, Avg: 141589434.9, Max: 141589435.0, Diff: 0.2]
      [Ext Root Scanning (ms): Min: 0.2, Avg: 0.6, Max: 2.8, Diff: 2.5, Sum: 8.2]
      [Update RS (ms): Min: 0.0, Avg: 0.1, Max: 0.3, Diff: 0.3, Sum: 1.6]
         [Processed Buffers: Min: 0, Avg: 11.1, Max: 32, Diff: 32, Sum: 156]
      [Scan RS (ms): Min: 0.0, Avg: 0.0, Max: 0.1, Diff: 0.0, Sum: 0.5]
      [Code Root Scanning (ms): Min: 0.0, Avg: 0.0, Max: 0.0, Diff: 0.0, Sum: 0.0]
      [Object Copy (ms): Min: 0.0, Avg: 0.3, Max: 0.4, Diff: 0.4, Sum: 3.7]
      [Termination (ms): Min: 0.0, Avg: 1.7, Max: 1.9, Diff: 1.9, Sum: 23.9]
         [Termination Attempts: Min: 1, Avg: 29.3, Max: 41, Diff: 40, Sum: 410]
      [GC Worker Other (ms): Min: 0.0, Avg: 0.0, Max: 0.0, Diff: 0.0, Sum: 0.1]
      [GC Worker Total (ms): Min: 2.6, Avg: 2.7, Max: 2.8, Diff: 0.2, Sum: 37.9]
      [GC Worker End (ms): Min: 141589437.5, Avg: 141589437.6, Max: 141589437.7, Diff: 0.1]
   [Code Root Fixup: 0.0 ms]
   [Code Root Purge: 0.0 ms]
   [Clear CT: 0.4 ms]
   [Other: 4.3 ms]
      [Choose CSet: 0.0 ms]
      [Ref Proc: 3.7 ms]
      [Ref Enq: 0.2 ms]
      [Redirty Cards: 0.2 ms]
      [Humongous Register: 0.0 ms]
      [Humongous Reclaim: 0.0 ms]
      [Free CSet: 0.1 ms]
   [Eden: 7152.0M(7152.0M)->0.0B(7152.0M) Survivors: 16384.0K->16384.0K Heap: 10217.3M(14336.0M)->3065.0M(14336.0M)]
 [Times: user=0.06 sys=0.00, real=0.01 secs] 
2022-11-01T09:57:34.915-0600: 142555.335: [GC pause (G1 Evacuation Pause) (young) (initial-mark), 0.0119553 secs]
   [Parallel Time: 6.1 ms, GC Workers: 14]
      [GC Worker Start (ms): Min: 142555336.3, Avg: 142555336.4, Max: 142555336.6, Diff: 0.3]
      [Ext Root Scanning (ms): Min: 3.6, Avg: 3.8, Max: 4.0, Diff: 0.4, Sum: 52.9]
      [Update RS (ms): Min: 0.1, Avg: 0.1, Max: 0.3, Diff: 0.2, Sum: 1.8]
         [Processed Buffers: Min: 1, Avg: 11.4, Max: 38, Diff: 37, Sum: 159]
      [Scan RS (ms): Min: 0.0, Avg: 0.0, Max: 0.1, Diff: 0.1, Sum: 0.5]
      [Code Root Scanning (ms): Min: 0.0, Avg: 0.0, Max: 0.0, Diff: 0.0, Sum: 0.0]
      [Object Copy (ms): Min: 0.2, Avg: 0.4, Max: 0.4, Diff: 0.2, Sum: 4.9]
      [Termination (ms): Min: 0.0, Avg: 0.0, Max: 0.1, Diff: 0.0, Sum: 0.6]
         [Termination Attempts: Min: 40, Avg: 47.8, Max: 58, Diff: 18, Sum: 669]
      [GC Worker Other (ms): Min: 0.0, Avg: 0.0, Max: 0.2, Diff: 0.1, Sum: 0.6]
      [GC Worker Total (ms): Min: 4.2, Avg: 4.4, Max: 4.6, Diff: 0.4, Sum: 61.4]
      [GC Worker End (ms): Min: 142555340.8, Avg: 142555340.8, Max: 142555340.9, Diff: 0.1]
   [Code Root Fixup: 0.0 ms]
   [Code Root Purge: 0.0 ms]
   [Clear CT: 0.2 ms]
   [Other: 5.6 ms]
      [Choose CSet: 0.0 ms]
      [Ref Proc: 5.0 ms]
      [Ref Enq: 0.3 ms]
      [Redirty Cards: 0.2 ms]
      [Humongous Register: 0.0 ms]
      [Humongous Reclaim: 0.0 ms]
      [Free CSet: 0.1 ms]
   [Eden: 7152.0M(7152.0M)->0.0B(7152.0M) Survivors: 16384.0K->16384.0K Heap: 10217.0M(14336.0M)->3065.4M(14336.0M)]
 [Times: user=0.07 sys=0.00, real=0.01 secs] 
2022-11-01T09:57:34.927-0600: 142555.347: [GC concurrent-root-region-scan-start]
2022-11-01T09:57:34.930-0600: 142555.350: [GC concurrent-root-region-scan-end, 0.0029693 secs]
2022-11-01T09:57:34.930-0600: 142555.350: [GC concurrent-mark-start]
2022-11-01T09:57:35.456-0600: 142555.876: [GC concurrent-mark-end, 0.5260795 secs]
2022-11-01T09:57:35.456-0600: 142555.876: [GC remark 2022-11-01T09:57:35.456-0600: 142555.876: [Finalize Marking, 0.0007149 secs] 2022-11-01T09:57:35.457-0600: 142555.877: [GC ref-proc, 0.0061664 secs] 2022-11-01T09:57:35.463-0600: 142555.883: [Unloading, 0.0180733 secs], 0.0268335 secs]
 [Times: user=0.28 sys=0.00, real=0.03 secs] 
2022-11-01T09:57:35.483-0600: 142555.903: [GC cleanup 3129M->3129M(14336M), 0.0049510 secs]
 [Times: user=0.03 sys=0.00, real=0.00 secs] 
2022-11-01T10:13:41.364-0600: 143521.785: [GC pause (G1 Evacuation Pause) (young), 0.0086394 secs]
   [Parallel Time: 3.2 ms, GC Workers: 14]
      [GC Worker Start (ms): Min: 143521784.8, Avg: 143521784.9, Max: 143521785.0, Diff: 0.3]
      [Ext Root Scanning (ms): Min: 0.2, Avg: 0.6, Max: 2.8, Diff: 2.6, Sum: 8.2]
      [Update RS (ms): Min: 0.0, Avg: 0.1, Max: 0.4, Diff: 0.4, Sum: 1.6]
         [Processed Buffers: Min: 0, Avg: 10.8, Max: 32, Diff: 32, Sum: 151]
      [Scan RS (ms): Min: 0.0, Avg: 0.0, Max: 0.0, Diff: 0.0, Sum: 0.4]
      [Code Root Scanning (ms): Min: 0.0, Avg: 0.0, Max: 0.0, Diff: 0.0, Sum: 0.0]
      [Object Copy (ms): Min: 0.0, Avg: 0.3, Max: 0.3, Diff: 0.3, Sum: 3.5]
      [Termination (ms): Min: 0.0, Avg: 1.7, Max: 2.0, Diff: 2.0, Sum: 23.9]
         [Termination Attempts: Min: 1, Avg: 27.4, Max: 41, Diff: 40, Sum: 383]
      [GC Worker Other (ms): Min: 0.0, Avg: 0.0, Max: 0.0, Diff: 0.0, Sum: 0.1]
      [GC Worker Total (ms): Min: 2.5, Avg: 2.7, Max: 2.9, Diff: 0.4, Sum: 37.7]
      [GC Worker End (ms): Min: 143521787.6, Avg: 143521787.6, Max: 143521787.7, Diff: 0.1]
   [Code Root Fixup: 0.0 ms]
   [Code Root Purge: 0.0 ms]
   [Clear CT: 0.4 ms]
   [Other: 5.0 ms]
      [Choose CSet: 0.0 ms]
      [Ref Proc: 4.3 ms]
      [Ref Enq: 0.3 ms]
      [Redirty Cards: 0.2 ms]
      [Humongous Register: 0.0 ms]
      [Humongous Reclaim: 0.0 ms]
      [Free CSet: 0.2 ms]
   [Eden: 7152.0M(7152.0M)->0.0B(7152.0M) Survivors: 16384.0K->16384.0K Heap: 10217.4M(14336.0M)->3065.1M(14336.0M)]
 [Times: user=0.04 sys=0.01, real=0.01 secs] 
2022-11-01T10:29:36.565-0600: 144476.985: [GC pause (G1 Evacuation Pause) (young), 0.0105531 secs]
   [Parallel Time: 4.5 ms, GC Workers: 14]
      [GC Worker Start (ms): Min: 144476985.0, Avg: 144476985.1, Max: 144476985.2, Diff: 0.3]
      [Ext Root Scanning (ms): Min: 0.2, Avg: 0.7, Max: 4.1, Diff: 3.9, Sum: 9.4]
      [Update RS (ms): Min: 0.0, Avg: 0.1, Max: 0.3, Diff: 0.3, Sum: 1.6]
         [Processed Buffers: Min: 0, Avg: 10.6, Max: 42, Diff: 42, Sum: 149]
      [Scan RS (ms): Min: 0.0, Avg: 0.0, Max: 0.0, Diff: 0.0, Sum: 0.4]
      [Code Root Scanning (ms): Min: 0.0, Avg: 0.0, Max: 0.0, Diff: 0.0, Sum: 0.0]
      [Object Copy (ms): Min: 0.0, Avg: 0.2, Max: 0.3, Diff: 0.3, Sum: 3.2]
      [Termination (ms): Min: 0.0, Avg: 2.9, Max: 3.3, Diff: 3.3, Sum: 41.0]
         [Termination Attempts: Min: 1, Avg: 20.4, Max: 31, Diff: 30, Sum: 286]
      [GC Worker Other (ms): Min: 0.0, Avg: 0.0, Max: 0.0, Diff: 0.0, Sum: 0.1]
      [GC Worker Total (ms): Min: 3.8, Avg: 4.0, Max: 4.1, Diff: 0.3, Sum: 55.6]
      [GC Worker End (ms): Min: 144476989.1, Avg: 144476989.1, Max: 144476989.2, Diff: 0.1]
   [Code Root Fixup: 0.0 ms]
   [Code Root Purge: 0.0 ms]
   [Clear CT: 0.2 ms]
   [Other: 5.8 ms]
      [Choose CSet: 0.0 ms]
      [Ref Proc: 5.0 ms]
      [Ref Enq: 0.3 ms]
      [Redirty Cards: 0.2 ms]
      [Humongous Register: 0.0 ms]
      [Humongous Reclaim: 0.0 ms]
      [Free CSet: 0.2 ms]
   [Eden: 7152.0M(7152.0M)->0.0B(7152.0M) Survivors: 16384.0K->16384.0K Heap: 10217.1M(14336.0M)->3065.4M(14336.0M)]
 [Times: user=0.08 sys=0.00, real=0.01 secs] 
2022-11-01T10:45:54.165-0600: 145454.585: [GC pause (G1 Evacuation Pause) (young) (initial-mark), 0.0123127 secs]
   [Parallel Time: 6.2 ms, GC Workers: 14]
      [GC Worker Start (ms): Min: 145454586.6, Avg: 145454586.7, Max: 145454586.9, Diff: 0.3]
      [Ext Root Scanning (ms): Min: 3.6, Avg: 3.8, Max: 3.9, Diff: 0.3, Sum: 52.5]
      [Update RS (ms): Min: 0.1, Avg: 0.1, Max: 0.3, Diff: 0.2, Sum: 1.7]
         [Processed Buffers: Min: 1, Avg: 11.1, Max: 32, Diff: 31, Sum: 156]
      [Scan RS (ms): Min: 0.0, Avg: 0.0, Max: 0.1, Diff: 0.1, Sum: 0.5]
      [Code Root Scanning (ms): Min: 0.0, Avg: 0.0, Max: 0.0, Diff: 0.0, Sum: 0.0]
      [Object Copy (ms): Min: 0.2, Avg: 0.3, Max: 0.4, Diff: 0.2, Sum: 4.6]
      [Termination (ms): Min: 0.0, Avg: 0.0, Max: 0.1, Diff: 0.0, Sum: 0.5]
         [Termination Attempts: Min: 37, Avg: 42.6, Max: 56, Diff: 19, Sum: 596]
      [GC Worker Other (ms): Min: 0.0, Avg: 0.1, Max: 0.2, Diff: 0.2, Sum: 0.8]
      [GC Worker Total (ms): Min: 4.1, Avg: 4.3, Max: 4.6, Diff: 0.4, Sum: 60.5]
      [GC Worker End (ms): Min: 145454591.0, Avg: 145454591.1, Max: 145454591.2, Diff: 0.2]
   [Code Root Fixup: 0.0 ms]
   [Code Root Purge: 0.0 ms]
   [Clear CT: 0.4 ms]
   [Other: 5.8 ms]
      [Choose CSet: 0.0 ms]
      [Ref Proc: 5.0 ms]
      [Ref Enq: 0.2 ms]
      [Redirty Cards: 0.2 ms]
      [Humongous Register: 0.0 ms]
      [Humongous Reclaim: 0.0 ms]
      [Free CSet: 0.2 ms]
   [Eden: 7152.0M(7152.0M)->0.0B(7152.0M) Survivors: 16384.0K->16384.0K Heap: 10217.4M(14336.0M)->3065.2M(14336.0M)]
 [Times: user=0.08 sys=0.00, real=0.01 secs] 
2022-11-01T10:45:54.177-0600: 145454.598: [GC concurrent-root-region-scan-start]
2022-11-01T10:45:54.180-0600: 145454.601: [GC concurrent-root-region-scan-end, 0.0030141 secs]
2022-11-01T10:45:54.180-0600: 145454.601: [GC concurrent-mark-start]
2022-11-01T10:45:54.706-0600: 145455.126: [GC concurrent-mark-end, 0.5250846 secs]
2022-11-01T10:45:54.706-0600: 145455.126: [GC remark 2022-11-01T10:45:54.706-0600: 145455.126: [Finalize Marking, 0.0009225 secs] 2022-11-01T10:45:54.707-0600: 145455.127: [GC ref-proc, 0.0068474 secs] 2022-11-01T10:45:54.714-0600: 145455.134: [Unloading, 0.0192996 secs], 0.0294370 secs]
 [Times: user=0.27 sys=0.00, real=0.03 secs] 
2022-11-01T10:45:54.735-0600: 145455.156: [GC cleanup 3097M->3097M(14336M), 0.0052629 secs]
 [Times: user=0.04 sys=0.00, real=0.01 secs] 
2022-11-01T11:01:57.014-0600: 146417.435: [GC pause (G1 Evacuation Pause) (young), 0.0095074 secs]
   [Parallel Time: 3.3 ms, GC Workers: 14]
      [GC Worker Start (ms): Min: 146417434.8, Avg: 146417435.0, Max: 146417435.1, Diff: 0.4]
      [Ext Root Scanning (ms): Min: 0.2, Avg: 0.6, Max: 2.8, Diff: 2.6, Sum: 8.7]
      [Update RS (ms): Min: 0.0, Avg: 0.1, Max: 0.3, Diff: 0.3, Sum: 1.7]
         [Processed Buffers: Min: 0, Avg: 11.2, Max: 29, Diff: 29, Sum: 157]
      [Scan RS (ms): Min: 0.0, Avg: 0.0, Max: 0.1, Diff: 0.1, Sum: 0.5]
      [Code Root Scanning (ms): Min: 0.0, Avg: 0.0, Max: 0.0, Diff: 0.0, Sum: 0.0]
      [Object Copy (ms): Min: 0.0, Avg: 0.3, Max: 0.3, Diff: 0.3, Sum: 3.7]
      [Termination (ms): Min: 0.0, Avg: 1.6, Max: 1.8, Diff: 1.8, Sum: 22.5]
         [Termination Attempts: Min: 1, Avg: 19.9, Max: 33, Diff: 32, Sum: 279]
      [GC Worker Other (ms): Min: 0.0, Avg: 0.0, Max: 0.0, Diff: 0.0, Sum: 0.1]
      [GC Worker Total (ms): Min: 2.5, Avg: 2.7, Max: 2.8, Diff: 0.3, Sum: 37.2]
      [GC Worker End (ms): Min: 146417437.6, Avg: 146417437.6, Max: 146417437.6, Diff: 0.1]
   [Code Root Fixup: 0.0 ms]
   [Code Root Purge: 0.0 ms]
   [Clear CT: 0.5 ms]
   [Other: 5.8 ms]
      [Choose CSet: 0.0 ms]
      [Ref Proc: 5.0 ms]
      [Ref Enq: 0.3 ms]
      [Redirty Cards: 0.2 ms]
      [Humongous Register: 0.0 ms]
      [Humongous Reclaim: 0.0 ms]
      [Free CSet: 0.2 ms]
   [Eden: 7152.0M(7152.0M)->0.0B(7152.0M) Survivors: 16384.0K->16384.0K Heap: 10217.2M(14336.0M)->3065.3M(14336.0M)]
 [Times: user=0.06 sys=0.00, real=0.01 secs] 
2022-11-01T11:17:54.365-0600: 147374.785: [GC pause (G1 Evacuation Pause) (young), 0.0116651 secs]
   [Parallel Time: 4.5 ms, GC Workers: 14]
      [GC Worker Start (ms): Min: 147374784.9, Avg: 147374785.1, Max: 147374785.3, Diff: 0.4]
      [Ext Root Scanning (ms): Min: 0.2, Avg: 0.7, Max: 4.0, Diff: 3.8, Sum: 9.3]
      [Update RS (ms): Min: 0.0, Avg: 0.1, Max: 0.3, Diff: 0.3, Sum: 1.8]
         [Processed Buffers: Min: 0, Avg: 11.8, Max: 40, Diff: 40, Sum: 165]
      [Scan RS (ms): Min: 0.0, Avg: 0.0, Max: 0.1, Diff: 0.0, Sum: 0.4]
      [Code Root Scanning (ms): Min: 0.0, Avg: 0.0, Max: 0.0, Diff: 0.0, Sum: 0.0]
      [Object Copy (ms): Min: 0.0, Avg: 0.3, Max: 0.3, Diff: 0.3, Sum: 3.9]
      [Termination (ms): Min: 0.0, Avg: 2.7, Max: 3.0, Diff: 3.0, Sum: 38.4]
         [Termination Attempts: Min: 1, Avg: 31.9, Max: 47, Diff: 46, Sum: 446]
      [GC Worker Other (ms): Min: 0.0, Avg: 0.0, Max: 0.0, Diff: 0.0, Sum: 0.1]
      [GC Worker Total (ms): Min: 3.7, Avg: 3.8, Max: 4.0, Diff: 0.4, Sum: 53.8]
      [GC Worker End (ms): Min: 147374788.9, Avg: 147374789.0, Max: 147374789.0, Diff: 0.0]
   [Code Root Fixup: 0.0 ms]
   [Code Root Purge: 0.0 ms]
   [Clear CT: 0.4 ms]
   [Other: 6.7 ms]
      [Choose CSet: 0.0 ms]
      [Ref Proc: 5.7 ms]
      [Ref Enq: 0.7 ms]
      [Redirty Cards: 0.2 ms]
      [Humongous Register: 0.0 ms]
      [Humongous Reclaim: 0.0 ms]
      [Free CSet: 0.1 ms]
   [Eden: 7152.0M(7152.0M)->0.0B(7152.0M) Survivors: 16384.0K->16384.0K Heap: 10217.3M(14336.0M)->3065.2M(14336.0M)]
 [Times: user=0.08 sys=0.00, real=0.01 secs] 
2022-11-01T11:33:57.565-0600: 148337.986: [GC pause (G1 Evacuation Pause) (young) (initial-mark), 0.0136322 secs]
   [Parallel Time: 6.3 ms, GC Workers: 14]
      [GC Worker Start (ms): Min: 148337987.2, Avg: 148337987.4, Max: 148337987.6, Diff: 0.5]
      [Ext Root Scanning (ms): Min: 3.3, Avg: 3.6, Max: 3.8, Diff: 0.5, Sum: 50.1]
      [Update RS (ms): Min: 0.0, Avg: 0.1, Max: 0.3, Diff: 0.3, Sum: 1.7]
         [Processed Buffers: Min: 1, Avg: 11.4, Max: 32, Diff: 31, Sum: 159]
      [Scan RS (ms): Min: 0.0, Avg: 0.0, Max: 0.1, Diff: 0.1, Sum: 0.5]
      [Code Root Scanning (ms): Min: 0.0, Avg: 0.0, Max: 0.0, Diff: 0.0, Sum: 0.0]
      [Object Copy (ms): Min: 0.2, Avg: 0.3, Max: 0.4, Diff: 0.2, Sum: 4.8]
      [Termination (ms): Min: 0.0, Avg: 0.0, Max: 0.0, Diff: 0.0, Sum: 0.5]
         [Termination Attempts: Min: 35, Avg: 47.6, Max: 59, Diff: 24, Sum: 667]
      [GC Worker Other (ms): Min: 0.0, Avg: 0.1, Max: 0.3, Diff: 0.3, Sum: 1.1]
      [GC Worker Total (ms): Min: 3.9, Avg: 4.2, Max: 4.4, Diff: 0.5, Sum: 58.7]
      [GC Worker End (ms): Min: 148337991.5, Avg: 148337991.6, Max: 148337991.8, Diff: 0.3]
   [Code Root Fixup: 0.0 ms]
   [Code Root Purge: 0.0 ms]
   [Clear CT: 0.4 ms]
   [Other: 6.9 ms]
      [Choose CSet: 0.0 ms]
      [Ref Proc: 6.3 ms]
      [Ref Enq: 0.2 ms]
      [Redirty Cards: 0.2 ms]
      [Humongous Register: 0.0 ms]
      [Humongous Reclaim: 0.0 ms]
      [Free CSet: 0.1 ms]
   [Eden: 7152.0M(7152.0M)->0.0B(7152.0M) Survivors: 16384.0K->16384.0K Heap: 10217.2M(14336.0M)->3065.4M(14336.0M)]
 [Times: user=0.06 sys=0.01, real=0.01 secs] 
2022-11-01T11:33:57.579-0600: 148337.999: [GC concurrent-root-region-scan-start]
2022-11-01T11:33:57.582-0600: 148338.002: [GC concurrent-root-region-scan-end, 0.0029200 secs]
2022-11-01T11:33:57.582-0600: 148338.002: [GC concurrent-mark-start]
2022-11-01T11:33:58.090-0600: 148338.510: [GC concurrent-mark-end, 0.5079675 secs]
2022-11-01T11:33:58.090-0600: 148338.510: [GC remark 2022-11-01T11:33:58.090-0600: 148338.510: [Finalize Marking, 0.0009503 secs] 2022-11-01T11:33:58.091-0600: 148338.511: [GC ref-proc, 0.0070855 secs] 2022-11-01T11:33:58.098-0600: 148338.518: [Unloading, 0.0187842 secs], 0.0289598 secs]
 [Times: user=0.28 sys=0.00, real=0.03 secs] 
2022-11-01T11:33:58.119-0600: 148338.540: [GC cleanup 3097M->3097M(14336M), 0.0049856 secs]
 [Times: user=0.04 sys=0.00, real=0.01 secs] 
2022-11-01T11:49:54.565-0600: 149294.986: [GC pause (G1 Evacuation Pause) (young), 0.0088290 secs]
   [Parallel Time: 3.1 ms, GC Workers: 14]
      [GC Worker Start (ms): Min: 149294985.7, Avg: 149294985.8, Max: 149294986.0, Diff: 0.3]
      [Ext Root Scanning (ms): Min: 0.2, Avg: 0.6, Max: 2.8, Diff: 2.6, Sum: 8.4]
      [Update RS (ms): Min: 0.0, Avg: 0.2, Max: 0.3, Diff: 0.3, Sum: 2.1]
         [Processed Buffers: Min: 0, Avg: 10.9, Max: 33, Diff: 33, Sum: 152]
      [Scan RS (ms): Min: 0.0, Avg: 0.0, Max: 0.1, Diff: 0.1, Sum: 0.4]
      [Code Root Scanning (ms): Min: 0.0, Avg: 0.0, Max: 0.0, Diff: 0.0, Sum: 0.0]
      [Object Copy (ms): Min: 0.0, Avg: 0.3, Max: 0.4, Diff: 0.4, Sum: 3.8]
      [Termination (ms): Min: 0.0, Avg: 1.7, Max: 1.8, Diff: 1.8, Sum: 23.4]
         [Termination Attempts: Min: 1, Avg: 33.4, Max: 48, Diff: 47, Sum: 467]
      [GC Worker Other (ms): Min: 0.0, Avg: 0.0, Max: 0.0, Diff: 0.0, Sum: 0.1]
      [GC Worker Total (ms): Min: 2.6, Avg: 2.7, Max: 2.8, Diff: 0.2, Sum: 38.2]
      [GC Worker End (ms): Min: 149294988.5, Avg: 149294988.5, Max: 149294988.6, Diff: 0.1]
   [Code Root Fixup: 0.0 ms]
   [Code Root Purge: 0.0 ms]
   [Clear CT: 0.4 ms]
   [Other: 5.3 ms]
      [Choose CSet: 0.0 ms]
      [Ref Proc: 4.7 ms]
      [Ref Enq: 0.2 ms]
      [Redirty Cards: 0.2 ms]
      [Humongous Register: 0.0 ms]
      [Humongous Reclaim: 0.0 ms]
      [Free CSet: 0.1 ms]
   [Eden: 7152.0M(7152.0M)->0.0B(7152.0M) Survivors: 16384.0K->16384.0K Heap: 10217.4M(14336.0M)->3065.2M(14336.0M)]
 [Times: user=0.04 sys=0.02, real=0.01 secs] 
2022-11-01T12:05:53.465-0600: 150253.885: [GC pause (G1 Evacuation Pause) (young), 0.0111118 secs]
   [Parallel Time: 4.2 ms, GC Workers: 14]
      [GC Worker Start (ms): Min: 150253884.9, Avg: 150253885.1, Max: 150253885.3, Diff: 0.3]
      [Ext Root Scanning (ms): Min: 0.2, Avg: 0.7, Max: 4.1, Diff: 3.9, Sum: 9.7]
      [Update RS (ms): Min: 0.0, Avg: 0.1, Max: 0.3, Diff: 0.3, Sum: 1.6]
         [Processed Buffers: Min: 0, Avg: 10.8, Max: 40, Diff: 40, Sum: 151]
      [Scan RS (ms): Min: 0.0, Avg: 0.0, Max: 0.1, Diff: 0.1, Sum: 0.5]
      [Code Root Scanning (ms): Min: 0.0, Avg: 0.0, Max: 0.0, Diff: 0.0, Sum: 0.0]
      [Object Copy (ms): Min: 0.0, Avg: 0.3, Max: 0.3, Diff: 0.3, Sum: 3.5]
      [Termination (ms): Min: 0.0, Avg: 2.9, Max: 3.2, Diff: 3.2, Sum: 40.3]
         [Termination Attempts: Min: 1, Avg: 27.9, Max: 40, Diff: 39, Sum: 391]
      [GC Worker Other (ms): Min: 0.0, Avg: 0.0, Max: 0.0, Diff: 0.0, Sum: 0.1]
      [GC Worker Total (ms): Min: 3.8, Avg: 4.0, Max: 4.1, Diff: 0.3, Sum: 55.7]
      [GC Worker End (ms): Min: 150253889.0, Avg: 150253889.0, Max: 150253889.1, Diff: 0.0]
   [Code Root Fixup: 0.0 ms]
   [Code Root Purge: 0.0 ms]
   [Clear CT: 0.3 ms]
   [Other: 6.6 ms]
      [Choose CSet: 0.0 ms]
      [Ref Proc: 5.8 ms]
      [Ref Enq: 0.3 ms]
      [Redirty Cards: 0.2 ms]
      [Humongous Register: 0.0 ms]
      [Humongous Reclaim: 0.0 ms]
      [Free CSet: 0.2 ms]
   [Eden: 7152.0M(7152.0M)->0.0B(7152.0M) Survivors: 16384.0K->16384.0K Heap: 10217.2M(14336.0M)->3065.5M(14336.0M)]
 [Times: user=0.08 sys=0.00, real=0.01 secs] 
2022-11-01T12:22:08.264-0600: 151228.685: [GC pause (G1 Evacuation Pause) (young) (initial-mark), 0.0123783 secs]
   [Parallel Time: 6.4 ms, GC Workers: 14]
      [GC Worker Start (ms): Min: 151228686.3, Avg: 151228686.4, Max: 151228686.6, Diff: 0.3]
      [Ext Root Scanning (ms): Min: 3.6, Avg: 3.8, Max: 4.0, Diff: 0.4, Sum: 53.2]
      [Update RS (ms): Min: 0.0, Avg: 0.1, Max: 0.3, Diff: 0.2, Sum: 1.7]
         [Processed Buffers: Min: 1, Avg: 11.6, Max: 34, Diff: 33, Sum: 162]
      [Scan RS (ms): Min: 0.0, Avg: 0.0, Max: 0.1, Diff: 0.1, Sum: 0.5]
      [Code Root Scanning (ms): Min: 0.0, Avg: 0.0, Max: 0.0, Diff: 0.0, Sum: 0.0]
      [Object Copy (ms): Min: 0.2, Avg: 0.3, Max: 0.4, Diff: 0.2, Sum: 4.3]
      [Termination (ms): Min: 0.0, Avg: 0.0, Max: 0.0, Diff: 0.0, Sum: 0.2]
         [Termination Attempts: Min: 13, Avg: 21.6, Max: 28, Diff: 15, Sum: 303]
      [GC Worker Other (ms): Min: 0.0, Avg: 0.0, Max: 0.1, Diff: 0.1, Sum: 0.7]
      [GC Worker Total (ms): Min: 4.2, Avg: 4.3, Max: 4.5, Diff: 0.3, Sum: 60.5]
      [GC Worker End (ms): Min: 151228690.7, Avg: 151228690.8, Max: 151228690.8, Diff: 0.1]
   [Code Root Fixup: 0.0 ms]
   [Code Root Purge: 0.0 ms]
   [Clear CT: 0.4 ms]
   [Other: 5.6 ms]
      [Choose CSet: 0.0 ms]
      [Ref Proc: 4.9 ms]
      [Ref Enq: 0.2 ms]
      [Redirty Cards: 0.2 ms]
      [Humongous Register: 0.0 ms]
      [Humongous Reclaim: 0.0 ms]
      [Free CSet: 0.2 ms]
   [Eden: 7152.0M(7152.0M)->0.0B(7152.0M) Survivors: 16384.0K->16384.0K Heap: 10217.5M(14336.0M)->3065.3M(14336.0M)]
 [Times: user=0.07 sys=0.00, real=0.01 secs] 
2022-11-01T12:22:08.277-0600: 151228.697: [GC concurrent-root-region-scan-start]
2022-11-01T12:22:08.280-0600: 151228.700: [GC concurrent-root-region-scan-end, 0.0029701 secs]
2022-11-01T12:22:08.280-0600: 151228.700: [GC concurrent-mark-start]
2022-11-01T12:22:08.797-0600: 151229.217: [GC concurrent-mark-end, 0.5171736 secs]
2022-11-01T12:22:08.797-0600: 151229.217: [GC remark 2022-11-01T12:22:08.797-0600: 151229.217: [Finalize Marking, 0.0008711 secs] 2022-11-01T12:22:08.798-0600: 151229.218: [GC ref-proc, 0.0076121 secs] 2022-11-01T12:22:08.806-0600: 151229.226: [Unloading, 0.0194526 secs], 0.0304059 secs]
 [Times: user=0.28 sys=0.00, real=0.03 secs] 
2022-11-01T12:22:08.828-0600: 151229.248: [GC cleanup 3094M->3094M(14336M), 0.0052319 secs]
 [Times: user=0.04 sys=0.00, real=0.01 secs] 
2022-11-01T12:38:09.316-0600: 152189.736: [GC pause (G1 Evacuation Pause) (young), 0.0116418 secs]
   [Parallel Time: 4.5 ms, GC Workers: 14]
      [GC Worker Start (ms): Min: 152189736.0, Avg: 152189736.2, Max: 152189736.4, Diff: 0.3]
      [Ext Root Scanning (ms): Min: 0.2, Avg: 0.6, Max: 3.9, Diff: 3.7, Sum: 8.9]
      [Update RS (ms): Min: 0.0, Avg: 0.1, Max: 0.3, Diff: 0.3, Sum: 1.5]
         [Processed Buffers: Min: 0, Avg: 11.2, Max: 33, Diff: 33, Sum: 157]
      [Scan RS (ms): Min: 0.0, Avg: 0.0, Max: 0.0, Diff: 0.0, Sum: 0.4]
      [Code Root Scanning (ms): Min: 0.0, Avg: 0.0, Max: 0.0, Diff: 0.0, Sum: 0.0]
      [Object Copy (ms): Min: 0.0, Avg: 0.3, Max: 0.4, Diff: 0.4, Sum: 3.8]
      [Termination (ms): Min: 0.0, Avg: 2.8, Max: 3.1, Diff: 3.1, Sum: 39.9]
         [Termination Attempts: Min: 1, Avg: 31.4, Max: 44, Diff: 43, Sum: 440]
      [GC Worker Other (ms): Min: 0.0, Avg: 0.0, Max: 0.0, Diff: 0.0, Sum: 0.1]
      [GC Worker Total (ms): Min: 3.7, Avg: 3.9, Max: 4.1, Diff: 0.4, Sum: 54.6]
      [GC Worker End (ms): Min: 152189740.0, Avg: 152189740.1, Max: 152189740.1, Diff: 0.1]
   [Code Root Fixup: 0.0 ms]
   [Code Root Purge: 0.0 ms]
   [Clear CT: 0.2 ms]
   [Other: 6.9 ms]
      [Choose CSet: 0.0 ms]
      [Ref Proc: 6.1 ms]
      [Ref Enq: 0.3 ms]
      [Redirty Cards: 0.2 ms]
      [Humongous Register: 0.0 ms]
      [Humongous Reclaim: 0.0 ms]
      [Free CSet: 0.2 ms]
   [Eden: 7152.0M(7152.0M)->0.0B(7152.0M) Survivors: 16384.0K->16384.0K Heap: 10217.3M(14336.0M)->3065.5M(14336.0M)]
 [Times: user=0.08 sys=0.00, real=0.01 secs] 
2022-11-01T12:53:57.914-0600: 153138.335: [GC pause (G1 Evacuation Pause) (young), 0.0109266 secs]
   [Parallel Time: 4.4 ms, GC Workers: 14]
      [GC Worker Start (ms): Min: 153138334.7, Avg: 153138334.9, Max: 153138335.1, Diff: 0.3]
      [Ext Root Scanning (ms): Min: 0.2, Avg: 0.7, Max: 3.9, Diff: 3.7, Sum: 9.5]
      [Update RS (ms): Min: 0.0, Avg: 0.1, Max: 0.3, Diff: 0.3, Sum: 1.5]
         [Processed Buffers: Min: 0, Avg: 11.1, Max: 39, Diff: 39, Sum: 155]
      [Scan RS (ms): Min: 0.0, Avg: 0.0, Max: 0.1, Diff: 0.1, Sum: 0.4]
      [Code Root Scanning (ms): Min: 0.0, Avg: 0.0, Max: 0.0, Diff: 0.0, Sum: 0.0]
      [Object Copy (ms): Min: 0.0, Avg: 0.3, Max: 0.4, Diff: 0.4, Sum: 3.7]
      [Termination (ms): Min: 0.0, Avg: 2.7, Max: 3.0, Diff: 3.0, Sum: 37.8]
         [Termination Attempts: Min: 1, Avg: 36.6, Max: 49, Diff: 48, Sum: 513]
      [GC Worker Other (ms): Min: 0.0, Avg: 0.0, Max: 0.0, Diff: 0.0, Sum: 0.1]
      [GC Worker Total (ms): Min: 3.6, Avg: 3.8, Max: 3.9, Diff: 0.3, Sum: 53.0]
      [GC Worker End (ms): Min: 153138338.7, Avg: 153138338.7, Max: 153138338.7, Diff: 0.1]
   [Code Root Fixup: 0.0 ms]
   [Code Root Purge: 0.0 ms]
   [Clear CT: 0.2 ms]
   [Other: 6.3 ms]
      [Choose CSet: 0.0 ms]
      [Ref Proc: 5.6 ms]
      [Ref Enq: 0.3 ms]
      [Redirty Cards: 0.2 ms]
      [Humongous Register: 0.0 ms]
      [Humongous Reclaim: 0.0 ms]
      [Free CSet: 0.1 ms]
   [Eden: 7152.0M(7152.0M)->0.0B(7152.0M) Survivors: 16384.0K->16384.0K Heap: 10217.5M(14336.0M)->3065.5M(14336.0M)]
 [Times: user=0.08 sys=0.00, real=0.01 secs] 
2022-11-01T13:09:56.814-0600: 154097.235: [GC pause (G1 Evacuation Pause) (young) (initial-mark), 0.0131030 secs]
   [Parallel Time: 6.8 ms, GC Workers: 14]
      [GC Worker Start (ms): Min: 154097235.7, Avg: 154097235.9, Max: 154097236.1, Diff: 0.4]
      [Ext Root Scanning (ms): Min: 4.0, Avg: 4.2, Max: 4.4, Diff: 0.4, Sum: 59.3]
      [Update RS (ms): Min: 0.0, Avg: 0.1, Max: 0.3, Diff: 0.2, Sum: 1.7]
         [Processed Buffers: Min: 1, Avg: 11.6, Max: 35, Diff: 34, Sum: 162]
      [Scan RS (ms): Min: 0.0, Avg: 0.0, Max: 0.1, Diff: 0.1, Sum: 0.5]
      [Code Root Scanning (ms): Min: 0.0, Avg: 0.0, Max: 0.0, Diff: 0.0, Sum: 0.0]
      [Object Copy (ms): Min: 0.2, Avg: 0.4, Max: 0.4, Diff: 0.2, Sum: 4.9]
      [Termination (ms): Min: 0.0, Avg: 0.0, Max: 0.1, Diff: 0.0, Sum: 0.5]
         [Termination Attempts: Min: 34, Avg: 46.8, Max: 56, Diff: 22, Sum: 655]
      [GC Worker Other (ms): Min: 0.0, Avg: 0.1, Max: 0.2, Diff: 0.2, Sum: 0.9]
      [GC Worker Total (ms): Min: 4.7, Avg: 4.8, Max: 5.0, Diff: 0.3, Sum: 67.8]
      [GC Worker End (ms): Min: 154097240.7, Avg: 154097240.8, Max: 154097240.9, Diff: 0.2]
   [Code Root Fixup: 0.0 ms]
   [Code Root Purge: 0.0 ms]
   [Clear CT: 0.3 ms]
   [Other: 6.1 ms]
      [Choose CSet: 0.0 ms]
      [Ref Proc: 5.4 ms]
      [Ref Enq: 0.3 ms]
      [Redirty Cards: 0.2 ms]
      [Humongous Register: 0.0 ms]
      [Humongous Reclaim: 0.0 ms]
      [Free CSet: 0.1 ms]
   [Eden: 7152.0M(7152.0M)->0.0B(7152.0M) Survivors: 16384.0K->16384.0K Heap: 10217.5M(14336.0M)->3065.2M(14336.0M)]
 [Times: user=0.08 sys=0.00, real=0.01 secs] 
2022-11-01T13:09:56.827-0600: 154097.248: [GC concurrent-root-region-scan-start]
2022-11-01T13:09:56.830-0600: 154097.251: [GC concurrent-root-region-scan-end, 0.0030138 secs]
2022-11-01T13:09:56.830-0600: 154097.251: [GC concurrent-mark-start]
2022-11-01T13:09:57.415-0600: 154097.836: [GC concurrent-mark-end, 0.5848277 secs]
2022-11-01T13:09:57.415-0600: 154097.836: [GC remark 2022-11-01T13:09:57.415-0600: 154097.836: [Finalize Marking, 0.0006293 secs] 2022-11-01T13:09:57.416-0600: 154097.836: [GC ref-proc, 0.0059875 secs] 2022-11-01T13:09:57.422-0600: 154097.842: [Unloading, 0.0188858 secs], 0.0275974 secs]
 [Times: user=0.29 sys=0.00, real=0.03 secs] 
2022-11-01T13:09:57.443-0600: 154097.864: [GC cleanup 3097M->3097M(14336M), 0.0050343 secs]
 [Times: user=0.03 sys=0.00, real=0.00 secs] 
2022-11-01T13:25:59.314-0600: 155059.735: [GC pause (G1 Evacuation Pause) (young), 0.0111185 secs]
   [Parallel Time: 4.6 ms, GC Workers: 14]
      [GC Worker Start (ms): Min: 155059734.8, Avg: 155059735.1, Max: 155059735.2, Diff: 0.4]
      [Ext Root Scanning (ms): Min: 0.2, Avg: 0.7, Max: 4.0, Diff: 3.7, Sum: 9.5]
      [Update RS (ms): Min: 0.0, Avg: 0.1, Max: 0.3, Diff: 0.3, Sum: 1.6]
         [Processed Buffers: Min: 0, Avg: 11.2, Max: 36, Diff: 36, Sum: 157]
      [Scan RS (ms): Min: 0.0, Avg: 0.0, Max: 0.0, Diff: 0.0, Sum: 0.4]
      [Code Root Scanning (ms): Min: 0.0, Avg: 0.0, Max: 0.0, Diff: 0.0, Sum: 0.0]
      [Object Copy (ms): Min: 0.0, Avg: 0.2, Max: 0.3, Diff: 0.3, Sum: 3.0]
      [Termination (ms): Min: 0.0, Avg: 2.8, Max: 3.1, Diff: 3.1, Sum: 39.0]
         [Termination Attempts: Min: 1, Avg: 9.2, Max: 17, Diff: 16, Sum: 129]
      [GC Worker Other (ms): Min: 0.0, Avg: 0.0, Max: 0.0, Diff: 0.0, Sum: 0.1]
      [GC Worker Total (ms): Min: 3.6, Avg: 3.8, Max: 4.1, Diff: 0.5, Sum: 53.5]
      [GC Worker End (ms): Min: 155059738.8, Avg: 155059738.9, Max: 155059739.0, Diff: 0.1]
   [Code Root Fixup: 0.0 ms]
   [Code Root Purge: 0.0 ms]
   [Clear CT: 0.4 ms]
   [Other: 6.1 ms]
      [Choose CSet: 0.0 ms]
      [Ref Proc: 5.5 ms]
      [Ref Enq: 0.2 ms]
      [Redirty Cards: 0.2 ms]
      [Humongous Register: 0.0 ms]
      [Humongous Reclaim: 0.0 ms]
      [Free CSet: 0.1 ms]
   [Eden: 7152.0M(7152.0M)->0.0B(7152.0M) Survivors: 16384.0K->16384.0K Heap: 10217.2M(14336.0M)->3065.4M(14336.0M)]
 [Times: user=0.07 sys=0.00, real=0.01 secs] 
2022-11-01T13:42:01.215-0600: 156021.635: [GC pause (G1 Evacuation Pause) (young), 0.0093515 secs]
   [Parallel Time: 3.4 ms, GC Workers: 14]
      [GC Worker Start (ms): Min: 156021635.5, Avg: 156021635.6, Max: 156021635.8, Diff: 0.3]
      [Ext Root Scanning (ms): Min: 0.2, Avg: 0.6, Max: 2.9, Diff: 2.7, Sum: 8.5]
      [Update RS (ms): Min: 0.0, Avg: 0.1, Max: 0.3, Diff: 0.3, Sum: 1.6]
         [Processed Buffers: Min: 0, Avg: 11.3, Max: 41, Diff: 41, Sum: 158]
      [Scan RS (ms): Min: 0.0, Avg: 0.0, Max: 0.1, Diff: 0.1, Sum: 0.5]
      [Code Root Scanning (ms): Min: 0.0, Avg: 0.0, Max: 0.0, Diff: 0.0, Sum: 0.0]
      [Object Copy (ms): Min: 0.0, Avg: 0.2, Max: 0.3, Diff: 0.3, Sum: 3.1]
      [Termination (ms): Min: 0.0, Avg: 1.9, Max: 2.2, Diff: 2.2, Sum: 26.3]
         [Termination Attempts: Min: 1, Avg: 10.4, Max: 16, Diff: 15, Sum: 146]
      [GC Worker Other (ms): Min: 0.0, Avg: 0.0, Max: 0.0, Diff: 0.0, Sum: 0.1]
      [GC Worker Total (ms): Min: 2.6, Avg: 2.9, Max: 3.0, Diff: 0.4, Sum: 40.1]
      [GC Worker End (ms): Min: 156021638.4, Avg: 156021638.5, Max: 156021638.7, Diff: 0.3]
   [Code Root Fixup: 0.0 ms]
   [Code Root Purge: 0.0 ms]
   [Clear CT: 0.4 ms]
   [Other: 5.6 ms]
      [Choose CSet: 0.0 ms]
      [Ref Proc: 4.9 ms]
      [Ref Enq: 0.2 ms]
      [Redirty Cards: 0.2 ms]
      [Humongous Register: 0.0 ms]
      [Humongous Reclaim: 0.0 ms]
      [Free CSet: 0.1 ms]
   [Eden: 7152.0M(7152.0M)->0.0B(7152.0M) Survivors: 16384.0K->16384.0K Heap: 10217.4M(14336.0M)->3065.3M(14336.0M)]
 [Times: user=0.06 sys=0.00, real=0.01 secs] 
2022-11-01T13:58:02.765-0600: 156983.185: [GC pause (G1 Evacuation Pause) (young) (initial-mark), 0.0128421 secs]
   [Parallel Time: 6.5 ms, GC Workers: 14]
      [GC Worker Start (ms): Min: 156983186.7, Avg: 156983186.8, Max: 156983187.1, Diff: 0.4]
      [Ext Root Scanning (ms): Min: 3.4, Avg: 3.6, Max: 4.2, Diff: 0.9, Sum: 51.0]
      [Update RS (ms): Min: 0.0, Avg: 0.1, Max: 0.3, Diff: 0.3, Sum: 1.6]
         [Processed Buffers: Min: 0, Avg: 10.9, Max: 32, Diff: 32, Sum: 153]
      [Scan RS (ms): Min: 0.0, Avg: 0.0, Max: 0.1, Diff: 0.1, Sum: 0.4]
      [Code Root Scanning (ms): Min: 0.0, Avg: 0.0, Max: 0.0, Diff: 0.0, Sum: 0.0]
      [Object Copy (ms): Min: 0.1, Avg: 0.3, Max: 0.4, Diff: 0.3, Sum: 4.2]
      [Termination (ms): Min: 0.0, Avg: 0.2, Max: 0.2, Diff: 0.2, Sum: 2.5]
         [Termination Attempts: Min: 1, Avg: 35.8, Max: 46, Diff: 45, Sum: 501]
      [GC Worker Other (ms): Min: 0.0, Avg: 0.0, Max: 0.0, Diff: 0.0, Sum: 0.2]
      [GC Worker Total (ms): Min: 4.0, Avg: 4.3, Max: 4.4, Diff: 0.4, Sum: 59.9]
      [GC Worker End (ms): Min: 156983191.1, Avg: 156983191.1, Max: 156983191.1, Diff: 0.1]
   [Code Root Fixup: 0.0 ms]
   [Code Root Purge: 0.0 ms]
   [Clear CT: 0.4 ms]
   [Other: 6.0 ms]
      [Choose CSet: 0.0 ms]
      [Ref Proc: 5.3 ms]
      [Ref Enq: 0.2 ms]
      [Redirty Cards: 0.2 ms]
      [Humongous Register: 0.0 ms]
      [Humongous Reclaim: 0.0 ms]
      [Free CSet: 0.1 ms]
   [Eden: 7152.0M(7152.0M)->0.0B(7152.0M) Survivors: 16384.0K->16384.0K Heap: 10217.3M(14336.0M)->3065.6M(14336.0M)]
 [Times: user=0.07 sys=0.00, real=0.01 secs] 
2022-11-01T13:58:02.778-0600: 156983.198: [GC concurrent-root-region-scan-start]
2022-11-01T13:58:02.781-0600: 156983.202: [GC concurrent-root-region-scan-end, 0.0035943 secs]
2022-11-01T13:58:02.781-0600: 156983.202: [GC concurrent-mark-start]
2022-11-01T13:58:03.367-0600: 156983.787: [GC concurrent-mark-end, 0.5854981 secs]
2022-11-01T13:58:03.367-0600: 156983.787: [GC remark 2022-11-01T13:58:03.367-0600: 156983.787: [Finalize Marking, 0.0004886 secs] 2022-11-01T13:58:03.367-0600: 156983.788: [GC ref-proc, 0.0060627 secs] 2022-11-01T13:58:03.373-0600: 156983.794: [Unloading, 0.0182127 secs], 0.0271611 secs]
 [Times: user=0.28 sys=0.00, real=0.03 secs] 
2022-11-01T13:58:03.394-0600: 156983.815: [GC cleanup 3097M->3097M(14336M), 0.0049480 secs]
 [Times: user=0.03 sys=0.00, real=0.00 secs] 
2022-11-01T14:13:58.114-0600: 157938.535: [GC pause (G1 Evacuation Pause) (young), 0.0088798 secs]
   [Parallel Time: 3.2 ms, GC Workers: 14]
      [GC Worker Start (ms): Min: 157938534.7, Avg: 157938534.9, Max: 157938535.1, Diff: 0.4]
      [Ext Root Scanning (ms): Min: 0.2, Avg: 0.6, Max: 2.9, Diff: 2.6, Sum: 8.3]
      [Update RS (ms): Min: 0.0, Avg: 0.1, Max: 0.3, Diff: 0.3, Sum: 1.7]
         [Processed Buffers: Min: 0, Avg: 11.6, Max: 48, Diff: 48, Sum: 163]
      [Scan RS (ms): Min: 0.0, Avg: 0.0, Max: 0.1, Diff: 0.1, Sum: 0.4]
      [Code Root Scanning (ms): Min: 0.0, Avg: 0.0, Max: 0.0, Diff: 0.0, Sum: 0.0]
      [Object Copy (ms): Min: 0.0, Avg: 0.3, Max: 0.3, Diff: 0.3, Sum: 3.5]
      [Termination (ms): Min: 0.0, Avg: 1.7, Max: 1.9, Diff: 1.9, Sum: 23.9]
         [Termination Attempts: Min: 1, Avg: 26.5, Max: 37, Diff: 36, Sum: 371]
      [GC Worker Other (ms): Min: 0.0, Avg: 0.0, Max: 0.0, Diff: 0.0, Sum: 0.1]
      [GC Worker Total (ms): Min: 2.5, Avg: 2.7, Max: 2.9, Diff: 0.4, Sum: 38.0]
      [GC Worker End (ms): Min: 157938537.6, Avg: 157938537.7, Max: 157938537.7, Diff: 0.1]
   [Code Root Fixup: 0.0 ms]
   [Code Root Purge: 0.0 ms]
   [Clear CT: 0.4 ms]
   [Other: 5.3 ms]
      [Choose CSet: 0.0 ms]
      [Ref Proc: 4.8 ms]
      [Ref Enq: 0.2 ms]
      [Redirty Cards: 0.2 ms]
      [Humongous Register: 0.0 ms]
      [Humongous Reclaim: 0.0 ms]
      [Free CSet: 0.1 ms]
   [Eden: 7152.0M(7152.0M)->0.0B(7152.0M) Survivors: 16384.0K->16384.0K Heap: 10217.6M(14336.0M)->3065.3M(14336.0M)]
 [Times: user=0.06 sys=0.00, real=0.01 secs] 
2022-11-01T14:30:09.464-0600: 158909.885: [GC pause (G1 Evacuation Pause) (young), 0.0092784 secs]
   [Parallel Time: 3.2 ms, GC Workers: 14]
      [GC Worker Start (ms): Min: 158909884.6, Avg: 158909884.8, Max: 158909885.0, Diff: 0.4]
      [Ext Root Scanning (ms): Min: 0.2, Avg: 0.6, Max: 2.8, Diff: 2.6, Sum: 7.8]
      [Update RS (ms): Min: 0.0, Avg: 0.1, Max: 0.3, Diff: 0.3, Sum: 1.8]
         [Processed Buffers: Min: 0, Avg: 11.1, Max: 41, Diff: 41, Sum: 155]
      [Scan RS (ms): Min: 0.0, Avg: 0.0, Max: 0.1, Diff: 0.1, Sum: 0.5]
      [Code Root Scanning (ms): Min: 0.0, Avg: 0.0, Max: 0.0, Diff: 0.0, Sum: 0.0]
      [Object Copy (ms): Min: 0.0, Avg: 0.3, Max: 0.4, Diff: 0.4, Sum: 3.9]
      [Termination (ms): Min: 0.0, Avg: 1.6, Max: 1.8, Diff: 1.8, Sum: 23.0]
         [Termination Attempts: Min: 1, Avg: 28.3, Max: 39, Diff: 38, Sum: 396]
      [GC Worker Other (ms): Min: 0.0, Avg: 0.0, Max: 0.0, Diff: 0.0, Sum: 0.1]
      [GC Worker Total (ms): Min: 2.4, Avg: 2.6, Max: 2.8, Diff: 0.4, Sum: 37.0]
      [GC Worker End (ms): Min: 158909887.4, Avg: 158909887.4, Max: 158909887.4, Diff: 0.0]
   [Code Root Fixup: 0.0 ms]
   [Code Root Purge: 0.0 ms]
   [Clear CT: 0.4 ms]
   [Other: 5.7 ms]
      [Choose CSet: 0.0 ms]
      [Ref Proc: 4.9 ms]
      [Ref Enq: 0.3 ms]
      [Redirty Cards: 0.2 ms]
      [Humongous Register: 0.0 ms]
      [Humongous Reclaim: 0.0 ms]
      [Free CSet: 0.2 ms]
   [Eden: 7152.0M(7152.0M)->0.0B(7152.0M) Survivors: 16384.0K->16384.0K Heap: 10217.3M(14336.0M)->3065.5M(14336.0M)]
 [Times: user=0.05 sys=0.01, real=0.01 secs] 
2022-11-01T14:46:06.114-0600: 159866.535: [GC pause (G1 Evacuation Pause) (young) (initial-mark), 0.0133238 secs]
   [Parallel Time: 7.1 ms, GC Workers: 14]
      [GC Worker Start (ms): Min: 159866536.0, Avg: 159866536.2, Max: 159866536.3, Diff: 0.3]
      [Ext Root Scanning (ms): Min: 4.6, Avg: 4.7, Max: 4.9, Diff: 0.4, Sum: 66.3]
      [Update RS (ms): Min: 0.0, Avg: 0.1, Max: 0.3, Diff: 0.3, Sum: 1.9]
         [Processed Buffers: Min: 1, Avg: 11.4, Max: 33, Diff: 32, Sum: 160]
      [Scan RS (ms): Min: 0.0, Avg: 0.0, Max: 0.1, Diff: 0.1, Sum: 0.4]
      [Code Root Scanning (ms): Min: 0.0, Avg: 0.0, Max: 0.0, Diff: 0.0, Sum: 0.0]
      [Object Copy (ms): Min: 0.2, Avg: 0.3, Max: 0.3, Diff: 0.2, Sum: 3.9]
      [Termination (ms): Min: 0.0, Avg: 0.0, Max: 0.0, Diff: 0.0, Sum: 0.1]
         [Termination Attempts: Min: 7, Avg: 11.4, Max: 17, Diff: 10, Sum: 159]
      [GC Worker Other (ms): Min: 0.0, Avg: 0.1, Max: 0.2, Diff: 0.2, Sum: 1.1]
      [GC Worker Total (ms): Min: 5.1, Avg: 5.3, Max: 5.5, Diff: 0.4, Sum: 73.7]
      [GC Worker End (ms): Min: 159866541.4, Avg: 159866541.5, Max: 159866541.6, Diff: 0.2]
   [Code Root Fixup: 0.0 ms]
   [Code Root Purge: 0.0 ms]
   [Clear CT: 0.3 ms]
   [Other: 5.9 ms]
      [Choose CSet: 0.0 ms]
      [Ref Proc: 5.3 ms]
      [Ref Enq: 0.2 ms]
      [Redirty Cards: 0.2 ms]
      [Humongous Register: 0.0 ms]
      [Humongous Reclaim: 0.0 ms]
      [Free CSet: 0.2 ms]
   [Eden: 7152.0M(7152.0M)->0.0B(7152.0M) Survivors: 16384.0K->16384.0K Heap: 10217.5M(14336.0M)->3065.3M(14336.0M)]
 [Times: user=0.07 sys=0.00, real=0.01 secs] 
2022-11-01T14:46:06.128-0600: 159866.548: [GC concurrent-root-region-scan-start]
2022-11-01T14:46:06.131-0600: 159866.551: [GC concurrent-root-region-scan-end, 0.0028918 secs]
2022-11-01T14:46:06.131-0600: 159866.551: [GC concurrent-mark-start]
2022-11-01T14:46:06.733-0600: 159867.153: [GC concurrent-mark-end, 0.6022025 secs]
2022-11-01T14:46:06.733-0600: 159867.153: [GC remark 2022-11-01T14:46:06.733-0600: 159867.153: [Finalize Marking, 0.0009678 secs] 2022-11-01T14:46:06.734-0600: 159867.154: [GC ref-proc, 0.0074517 secs] 2022-11-01T14:46:06.742-0600: 159867.162: [Unloading, 0.0184711 secs], 0.0292502 secs]
 [Times: user=0.28 sys=0.00, real=0.03 secs] 
2022-11-01T14:46:06.763-0600: 159867.183: [GC cleanup 3097M->3097M(14336M), 0.0047800 secs]
 [Times: user=0.03 sys=0.00, real=0.00 secs] 
2022-11-01T15:01:59.465-0600: 160819.885: [GC pause (G1 Evacuation Pause) (young), 0.0098345 secs]
   [Parallel Time: 4.2 ms, GC Workers: 14]
      [GC Worker Start (ms): Min: 160819885.0, Avg: 160819885.2, Max: 160819885.3, Diff: 0.3]
      [Ext Root Scanning (ms): Min: 0.2, Avg: 0.7, Max: 4.0, Diff: 3.7, Sum: 9.2]
      [Update RS (ms): Min: 0.0, Avg: 0.1, Max: 0.3, Diff: 0.3, Sum: 2.0]
         [Processed Buffers: Min: 0, Avg: 11.3, Max: 33, Diff: 33, Sum: 158]
      [Scan RS (ms): Min: 0.0, Avg: 0.0, Max: 0.1, Diff: 0.1, Sum: 0.4]
      [Code Root Scanning (ms): Min: 0.0, Avg: 0.0, Max: 0.0, Diff: 0.0, Sum: 0.0]
      [Object Copy (ms): Min: 0.0, Avg: 0.3, Max: 0.4, Diff: 0.4, Sum: 3.8]
      [Termination (ms): Min: 0.0, Avg: 2.7, Max: 3.0, Diff: 3.0, Sum: 38.2]
         [Termination Attempts: Min: 1, Avg: 32.8, Max: 47, Diff: 46, Sum: 459]
      [GC Worker Other (ms): Min: 0.0, Avg: 0.0, Max: 0.0, Diff: 0.0, Sum: 0.1]
      [GC Worker Total (ms): Min: 3.7, Avg: 3.8, Max: 4.0, Diff: 0.3, Sum: 53.7]
      [GC Worker End (ms): Min: 160819889.0, Avg: 160819889.0, Max: 160819889.1, Diff: 0.1]
   [Code Root Fixup: 0.0 ms]
   [Code Root Purge: 0.0 ms]
   [Clear CT: 0.3 ms]
   [Other: 5.3 ms]
      [Choose CSet: 0.0 ms]
      [Ref Proc: 4.8 ms]
      [Ref Enq: 0.2 ms]
      [Redirty Cards: 0.2 ms]
      [Humongous Register: 0.0 ms]
      [Humongous Reclaim: 0.0 ms]
      [Free CSet: 0.1 ms]
   [Eden: 7152.0M(7152.0M)->0.0B(7152.0M) Survivors: 16384.0K->16384.0K Heap: 10217.3M(14336.0M)->3065.6M(14336.0M)]
 [Times: user=0.07 sys=0.00, real=0.01 secs] 
2022-11-01T15:17:59.877-0600: 161780.297: [GC pause (G1 Evacuation Pause) (young), 0.0103871 secs]
   [Parallel Time: 4.1 ms, GC Workers: 14]
      [GC Worker Start (ms): Min: 161780297.3, Avg: 161780297.5, Max: 161780297.6, Diff: 0.3]
      [Ext Root Scanning (ms): Min: 0.2, Avg: 0.6, Max: 4.0, Diff: 3.7, Sum: 9.0]
      [Update RS (ms): Min: 0.0, Avg: 0.1, Max: 0.3, Diff: 0.3, Sum: 1.6]
         [Processed Buffers: Min: 0, Avg: 10.6, Max: 36, Diff: 36, Sum: 149]
      [Scan RS (ms): Min: 0.0, Avg: 0.0, Max: 0.1, Diff: 0.1, Sum: 0.4]
      [Code Root Scanning (ms): Min: 0.0, Avg: 0.0, Max: 0.0, Diff: 0.0, Sum: 0.0]
      [Object Copy (ms): Min: 0.0, Avg: 0.3, Max: 0.4, Diff: 0.4, Sum: 3.7]
      [Termination (ms): Min: 0.0, Avg: 2.8, Max: 3.0, Diff: 3.0, Sum: 38.5]
         [Termination Attempts: Min: 1, Avg: 31.4, Max: 50, Diff: 49, Sum: 440]
      [GC Worker Other (ms): Min: 0.0, Avg: 0.0, Max: 0.0, Diff: 0.0, Sum: 0.1]
      [GC Worker Total (ms): Min: 3.7, Avg: 3.8, Max: 4.0, Diff: 0.3, Sum: 53.3]
      [GC Worker End (ms): Min: 161780301.3, Avg: 161780301.3, Max: 161780301.3, Diff: 0.0]
   [Code Root Fixup: 0.0 ms]
   [Code Root Purge: 0.0 ms]
   [Clear CT: 0.4 ms]
   [Other: 5.9 ms]
      [Choose CSet: 0.0 ms]
      [Ref Proc: 5.3 ms]
      [Ref Enq: 0.2 ms]
      [Redirty Cards: 0.2 ms]
      [Humongous Register: 0.0 ms]
      [Humongous Reclaim: 0.0 ms]
      [Free CSet: 0.1 ms]
   [Eden: 7152.0M(7152.0M)->0.0B(7152.0M) Survivors: 16384.0K->16384.0K Heap: 10217.6M(14336.0M)->3065.4M(14336.0M)]
 [Times: user=0.08 sys=0.00, real=0.01 secs] 
2022-11-01T15:34:03.084-0600: 162743.504: [GC pause (G1 Evacuation Pause) (young) (initial-mark), 0.0130275 secs]
   [Parallel Time: 6.3 ms, GC Workers: 14]
      [GC Worker Start (ms): Min: 162743505.5, Avg: 162743505.7, Max: 162743505.9, Diff: 0.4]
      [Ext Root Scanning (ms): Min: 3.5, Avg: 3.7, Max: 4.0, Diff: 0.4, Sum: 52.3]
      [Update RS (ms): Min: 0.1, Avg: 0.1, Max: 0.3, Diff: 0.3, Sum: 1.8]
         [Processed Buffers: Min: 1, Avg: 10.4, Max: 31, Diff: 30, Sum: 146]
      [Scan RS (ms): Min: 0.0, Avg: 0.0, Max: 0.1, Diff: 0.1, Sum: 0.5]
      [Code Root Scanning (ms): Min: 0.0, Avg: 0.0, Max: 0.0, Diff: 0.0, Sum: 0.0]
      [Object Copy (ms): Min: 0.1, Avg: 0.3, Max: 0.3, Diff: 0.2, Sum: 3.7]
      [Termination (ms): Min: 0.0, Avg: 0.0, Max: 0.0, Diff: 0.0, Sum: 0.3]
         [Termination Attempts: Min: 14, Avg: 24.3, Max: 33, Diff: 19, Sum: 340]
      [GC Worker Other (ms): Min: 0.0, Avg: 0.1, Max: 0.2, Diff: 0.2, Sum: 1.1]
      [GC Worker Total (ms): Min: 4.0, Avg: 4.3, Max: 4.5, Diff: 0.5, Sum: 59.6]
      [GC Worker End (ms): Min: 162743509.9, Avg: 162743510.0, Max: 162743510.1, Diff: 0.2]
   [Code Root Fixup: 0.0 ms]
   [Code Root Purge: 0.0 ms]
   [Clear CT: 0.4 ms]
   [Other: 6.3 ms]
      [Choose CSet: 0.0 ms]
      [Ref Proc: 5.7 ms]
      [Ref Enq: 0.2 ms]
      [Redirty Cards: 0.2 ms]
      [Humongous Register: 0.0 ms]
      [Humongous Reclaim: 0.0 ms]
      [Free CSet: 0.1 ms]
   [Eden: 7152.0M(7152.0M)->0.0B(7152.0M) Survivors: 16384.0K->16384.0K Heap: 10217.4M(14336.0M)->3065.3M(14336.0M)]
 [Times: user=0.07 sys=0.00, real=0.01 secs] 
2022-11-01T15:34:03.097-0600: 162743.517: [GC concurrent-root-region-scan-start]
2022-11-01T15:34:03.099-0600: 162743.520: [GC concurrent-root-region-scan-end, 0.0028459 secs]
2022-11-01T15:34:03.099-0600: 162743.520: [GC concurrent-mark-start]
2022-11-01T15:34:03.675-0600: 162744.095: [GC concurrent-mark-end, 0.5750466 secs]
2022-11-01T15:34:03.675-0600: 162744.095: [GC remark 2022-11-01T15:34:03.675-0600: 162744.095: [Finalize Marking, 0.0005758 secs] 2022-11-01T15:34:03.675-0600: 162744.096: [GC ref-proc, 0.0065143 secs] 2022-11-01T15:34:03.682-0600: 162744.102: [Unloading, 0.0186567 secs], 0.0279471 secs]
 [Times: user=0.28 sys=0.00, real=0.03 secs] 
2022-11-01T15:34:03.703-0600: 162744.123: [GC cleanup 3097M->3097M(14336M), 0.0049153 secs]
 [Times: user=0.04 sys=0.00, real=0.00 secs] 
2022-11-01T15:49:59.315-0600: 163699.735: [GC pause (G1 Evacuation Pause) (young), 0.0110965 secs]
   [Parallel Time: 4.6 ms, GC Workers: 14]
      [GC Worker Start (ms): Min: 163699735.2, Avg: 163699735.3, Max: 163699735.6, Diff: 0.4]
      [Ext Root Scanning (ms): Min: 0.2, Avg: 0.6, Max: 4.0, Diff: 3.8, Sum: 8.8]
      [Update RS (ms): Min: 0.0, Avg: 0.1, Max: 0.3, Diff: 0.3, Sum: 1.6]
         [Processed Buffers: Min: 0, Avg: 11.1, Max: 31, Diff: 31, Sum: 155]
      [Scan RS (ms): Min: 0.0, Avg: 0.0, Max: 0.1, Diff: 0.1, Sum: 0.5]
      [Code Root Scanning (ms): Min: 0.0, Avg: 0.0, Max: 0.0, Diff: 0.0, Sum: 0.0]
      [Object Copy (ms): Min: 0.0, Avg: 0.3, Max: 0.4, Diff: 0.3, Sum: 3.8]
      [Termination (ms): Min: 0.0, Avg: 2.8, Max: 3.1, Diff: 3.1, Sum: 39.8]
         [Termination Attempts: Min: 1, Avg: 33.5, Max: 48, Diff: 47, Sum: 469]
      [GC Worker Other (ms): Min: 0.0, Avg: 0.0, Max: 0.0, Diff: 0.0, Sum: 0.1]
      [GC Worker Total (ms): Min: 3.6, Avg: 3.9, Max: 4.1, Diff: 0.5, Sum: 54.5]
      [GC Worker End (ms): Min: 163699739.2, Avg: 163699739.2, Max: 163699739.3, Diff: 0.1]
   [Code Root Fixup: 0.0 ms]
   [Code Root Purge: 0.0 ms]
   [Clear CT: 0.2 ms]
   [Other: 6.3 ms]
      [Choose CSet: 0.0 ms]
      [Ref Proc: 5.7 ms]
      [Ref Enq: 0.3 ms]
      [Redirty Cards: 0.2 ms]
      [Humongous Register: 0.0 ms]
      [Humongous Reclaim: 0.0 ms]
      [Free CSet: 0.1 ms]
   [Eden: 7152.0M(7152.0M)->0.0B(7152.0M) Survivors: 16384.0K->16384.0K Heap: 10217.3M(14336.0M)->3065.5M(14336.0M)]
 [Times: user=0.07 sys=0.00, real=0.01 secs] 
2022-11-01T16:06:06.515-0600: 164666.935: [GC pause (G1 Evacuation Pause) (young), 0.0101774 secs]
   [Parallel Time: 4.5 ms, GC Workers: 14]
      [GC Worker Start (ms): Min: 164666935.0, Avg: 164666935.2, Max: 164666935.3, Diff: 0.3]
      [Ext Root Scanning (ms): Min: 0.2, Avg: 0.7, Max: 4.0, Diff: 3.8, Sum: 9.3]
      [Update RS (ms): Min: 0.0, Avg: 0.1, Max: 0.3, Diff: 0.3, Sum: 1.6]
         [Processed Buffers: Min: 0, Avg: 10.9, Max: 31, Diff: 31, Sum: 153]
      [Scan RS (ms): Min: 0.0, Avg: 0.0, Max: 0.1, Diff: 0.1, Sum: 0.4]
      [Code Root Scanning (ms): Min: 0.0, Avg: 0.0, Max: 0.0, Diff: 0.0, Sum: 0.0]
      [Object Copy (ms): Min: 0.0, Avg: 0.3, Max: 0.4, Diff: 0.4, Sum: 3.7]
      [Termination (ms): Min: 0.0, Avg: 2.9, Max: 3.1, Diff: 3.1, Sum: 40.4]
         [Termination Attempts: Min: 1, Avg: 33.1, Max: 42, Diff: 41, Sum: 464]
      [GC Worker Other (ms): Min: 0.0, Avg: 0.0, Max: 0.0, Diff: 0.0, Sum: 0.1]
      [GC Worker Total (ms): Min: 3.8, Avg: 4.0, Max: 4.1, Diff: 0.3, Sum: 55.4]
      [GC Worker End (ms): Min: 164666939.1, Avg: 164666939.1, Max: 164666939.2, Diff: 0.1]
   [Code Root Fixup: 0.0 ms]
   [Code Root Purge: 0.0 ms]
   [Clear CT: 0.2 ms]
   [Other: 5.5 ms]
      [Choose CSet: 0.0 ms]
      [Ref Proc: 4.6 ms]
      [Ref Enq: 0.3 ms]
      [Redirty Cards: 0.2 ms]
      [Humongous Register: 0.0 ms]
      [Humongous Reclaim: 0.0 ms]
      [Free CSet: 0.2 ms]
   [Eden: 7152.0M(7152.0M)->0.0B(7152.0M) Survivors: 16384.0K->16384.0K Heap: 10217.5M(14336.0M)->3065.3M(14336.0M)]
 [Times: user=0.07 sys=0.01, real=0.01 secs] 
2022-11-01T16:22:08.664-0600: 165629.085: [GC pause (G1 Evacuation Pause) (young) (initial-mark), 0.0119535 secs]
   [Parallel Time: 5.9 ms, GC Workers: 14]
      [GC Worker Start (ms): Min: 165629085.9, Avg: 165629086.1, Max: 165629086.3, Diff: 0.4]
      [Ext Root Scanning (ms): Min: 3.5, Avg: 3.7, Max: 3.9, Diff: 0.4, Sum: 51.4]
      [Update RS (ms): Min: 0.0, Avg: 0.1, Max: 0.3, Diff: 0.3, Sum: 1.7]
         [Processed Buffers: Min: 1, Avg: 10.5, Max: 28, Diff: 27, Sum: 147]
      [Scan RS (ms): Min: 0.0, Avg: 0.0, Max: 0.1, Diff: 0.1, Sum: 0.5]
      [Code Root Scanning (ms): Min: 0.0, Avg: 0.0, Max: 0.0, Diff: 0.0, Sum: 0.0]
      [Object Copy (ms): Min: 0.1, Avg: 0.3, Max: 0.4, Diff: 0.3, Sum: 4.4]
      [Termination (ms): Min: 0.0, Avg: 0.0, Max: 0.0, Diff: 0.0, Sum: 0.4]
         [Termination Attempts: Min: 24, Avg: 37.3, Max: 47, Diff: 23, Sum: 522]
      [GC Worker Other (ms): Min: 0.0, Avg: 0.1, Max: 0.2, Diff: 0.2, Sum: 1.0]
      [GC Worker Total (ms): Min: 4.0, Avg: 4.2, Max: 4.6, Diff: 0.6, Sum: 59.4]
      [GC Worker End (ms): Min: 165629090.2, Avg: 165629090.3, Max: 165629090.4, Diff: 0.2]
   [Code Root Fixup: 0.0 ms]
   [Code Root Purge: 0.0 ms]
   [Clear CT: 0.4 ms]
   [Other: 5.7 ms]
      [Choose CSet: 0.0 ms]
      [Ref Proc: 5.1 ms]
      [Ref Enq: 0.2 ms]
      [Redirty Cards: 0.2 ms]
      [Humongous Register: 0.0 ms]
      [Humongous Reclaim: 0.0 ms]
      [Free CSet: 0.1 ms]
   [Eden: 7152.0M(7152.0M)->0.0B(7152.0M) Survivors: 16384.0K->16384.0K Heap: 10217.3M(14336.0M)->3065.4M(14336.0M)]
 [Times: user=0.07 sys=0.00, real=0.01 secs] 
2022-11-01T16:22:08.676-0600: 165629.097: [GC concurrent-root-region-scan-start]
2022-11-01T16:22:08.680-0600: 165629.101: [GC concurrent-root-region-scan-end, 0.0038385 secs]
2022-11-01T16:22:08.680-0600: 165629.101: [GC concurrent-mark-start]
2022-11-01T16:22:09.266-0600: 165629.686: [GC concurrent-mark-end, 0.5856700 secs]
2022-11-01T16:22:09.266-0600: 165629.686: [GC remark 2022-11-01T16:22:09.266-0600: 165629.686: [Finalize Marking, 0.0007864 secs] 2022-11-01T16:22:09.267-0600: 165629.687: [GC ref-proc, 0.0065749 secs] 2022-11-01T16:22:09.273-0600: 165629.694: [Unloading, 0.0181609 secs], 0.0275634 secs]
 [Times: user=0.28 sys=0.00, real=0.03 secs] 
2022-11-01T16:22:09.294-0600: 165629.714: [GC cleanup 3093M->3093M(14336M), 0.0041970 secs]
 [Times: user=0.03 sys=0.00, real=0.00 secs] 
2022-11-01T16:38:04.315-0600: 166584.735: [GC pause (G1 Evacuation Pause) (young), 0.0090534 secs]
   [Parallel Time: 3.0 ms, GC Workers: 14]
      [GC Worker Start (ms): Min: 166584735.1, Avg: 166584735.3, Max: 166584735.5, Diff: 0.4]
      [Ext Root Scanning (ms): Min: 0.2, Avg: 0.6, Max: 2.8, Diff: 2.6, Sum: 8.0]
      [Update RS (ms): Min: 0.0, Avg: 0.1, Max: 0.3, Diff: 0.3, Sum: 1.6]
         [Processed Buffers: Min: 0, Avg: 11.9, Max: 38, Diff: 38, Sum: 167]
      [Scan RS (ms): Min: 0.0, Avg: 0.0, Max: 0.1, Diff: 0.1, Sum: 0.5]
      [Code Root Scanning (ms): Min: 0.0, Avg: 0.0, Max: 0.0, Diff: 0.0, Sum: 0.0]
      [Object Copy (ms): Min: 0.0, Avg: 0.3, Max: 0.4, Diff: 0.4, Sum: 3.8]
      [Termination (ms): Min: 0.0, Avg: 1.6, Max: 1.8, Diff: 1.8, Sum: 23.0]
         [Termination Attempts: Min: 1, Avg: 29.8, Max: 45, Diff: 44, Sum: 417]
      [GC Worker Other (ms): Min: 0.0, Avg: 0.0, Max: 0.0, Diff: 0.0, Sum: 0.1]
      [GC Worker Total (ms): Min: 2.5, Avg: 2.6, Max: 2.8, Diff: 0.4, Sum: 37.0]
      [GC Worker End (ms): Min: 166584737.9, Avg: 166584738.0, Max: 166584738.0, Diff: 0.1]
   [Code Root Fixup: 0.0 ms]
   [Code Root Purge: 0.0 ms]
   [Clear CT: 0.4 ms]
   [Other: 5.7 ms]
      [Choose CSet: 0.0 ms]
      [Ref Proc: 5.1 ms]
      [Ref Enq: 0.2 ms]
      [Redirty Cards: 0.2 ms]
      [Humongous Register: 0.0 ms]
      [Humongous Reclaim: 0.0 ms]
      [Free CSet: 0.1 ms]
   [Eden: 7152.0M(7152.0M)->0.0B(7152.0M) Survivors: 16384.0K->16384.0K Heap: 10217.4M(14336.0M)->3065.4M(14336.0M)]
 [Times: user=0.06 sys=0.00, real=0.01 secs] 
2022-11-01T16:54:16.009-0600: 167556.429: [GC pause (G1 Evacuation Pause) (young), 0.0090101 secs]
   [Parallel Time: 3.1 ms, GC Workers: 14]
      [GC Worker Start (ms): Min: 167556429.1, Avg: 167556429.3, Max: 167556429.5, Diff: 0.4]
      [Ext Root Scanning (ms): Min: 0.2, Avg: 0.6, Max: 2.8, Diff: 2.6, Sum: 8.4]
      [Update RS (ms): Min: 0.0, Avg: 0.1, Max: 0.3, Diff: 0.3, Sum: 1.7]
         [Processed Buffers: Min: 0, Avg: 11.1, Max: 35, Diff: 35, Sum: 155]
      [Scan RS (ms): Min: 0.0, Avg: 0.0, Max: 0.1, Diff: 0.0, Sum: 0.4]
      [Code Root Scanning (ms): Min: 0.0, Avg: 0.0, Max: 0.0, Diff: 0.0, Sum: 0.0]
      [Object Copy (ms): Min: 0.0, Avg: 0.2, Max: 0.3, Diff: 0.3, Sum: 3.4]
      [Termination (ms): Min: 0.0, Avg: 1.7, Max: 1.9, Diff: 1.9, Sum: 23.3]
         [Termination Attempts: Min: 1, Avg: 23.3, Max: 39, Diff: 38, Sum: 326]
      [GC Worker Other (ms): Min: 0.0, Avg: 0.0, Max: 0.0, Diff: 0.0, Sum: 0.1]
      [GC Worker Total (ms): Min: 2.5, Avg: 2.7, Max: 2.8, Diff: 0.4, Sum: 37.2]
      [GC Worker End (ms): Min: 167556431.9, Avg: 167556431.9, Max: 167556432.0, Diff: 0.1]
   [Code Root Fixup: 0.0 ms]
   [Code Root Purge: 0.0 ms]
   [Clear CT: 0.4 ms]
   [Other: 5.5 ms]
      [Choose CSet: 0.0 ms]
      [Ref Proc: 5.0 ms]
      [Ref Enq: 0.2 ms]
      [Redirty Cards: 0.2 ms]
      [Humongous Register: 0.0 ms]
      [Humongous Reclaim: 0.0 ms]
      [Free CSet: 0.1 ms]
   [Eden: 7152.0M(7152.0M)->0.0B(7152.0M) Survivors: 16384.0K->16384.0K Heap: 10217.4M(14336.0M)->3065.7M(14336.0M)]
 [Times: user=0.03 sys=0.02, real=0.01 secs] 
2022-11-01T17:10:20.865-0600: 168521.285: [GC pause (G1 Evacuation Pause) (young) (initial-mark), 0.0119321 secs]
   [Parallel Time: 6.5 ms, GC Workers: 14]
      [GC Worker Start (ms): Min: 168521286.0, Avg: 168521286.2, Max: 168521286.4, Diff: 0.3]
      [Ext Root Scanning (ms): Min: 4.2, Avg: 4.3, Max: 4.5, Diff: 0.3, Sum: 60.8]
      [Update RS (ms): Min: 0.1, Avg: 0.1, Max: 0.3, Diff: 0.3, Sum: 1.8]
         [Processed Buffers: Min: 1, Avg: 10.7, Max: 33, Diff: 32, Sum: 150]
      [Scan RS (ms): Min: 0.0, Avg: 0.0, Max: 0.1, Diff: 0.0, Sum: 0.5]
      [Code Root Scanning (ms): Min: 0.0, Avg: 0.0, Max: 0.0, Diff: 0.0, Sum: 0.0]
      [Object Copy (ms): Min: 0.1, Avg: 0.3, Max: 0.4, Diff: 0.2, Sum: 4.3]
      [Termination (ms): Min: 0.0, Avg: 0.0, Max: 0.0, Diff: 0.0, Sum: 0.4]
         [Termination Attempts: Min: 24, Avg: 42.5, Max: 54, Diff: 30, Sum: 595]
      [GC Worker Other (ms): Min: 0.0, Avg: 0.0, Max: 0.1, Diff: 0.1, Sum: 0.6]
      [GC Worker Total (ms): Min: 4.7, Avg: 4.9, Max: 5.0, Diff: 0.4, Sum: 68.4]
      [GC Worker End (ms): Min: 168521291.0, Avg: 168521291.1, Max: 168521291.2, Diff: 0.1]
   [Code Root Fixup: 0.0 ms]
   [Code Root Purge: 0.0 ms]
   [Clear CT: 0.4 ms]
   [Other: 5.0 ms]
      [Choose CSet: 0.0 ms]
      [Ref Proc: 4.4 ms]
      [Ref Enq: 0.2 ms]
      [Redirty Cards: 0.2 ms]
      [Humongous Register: 0.0 ms]
      [Humongous Reclaim: 0.0 ms]
      [Free CSet: 0.1 ms]
   [Eden: 7152.0M(7152.0M)->0.0B(7152.0M) Survivors: 16384.0K->16384.0K Heap: 10217.7M(14336.0M)->3065.4M(14336.0M)]
 [Times: user=0.08 sys=0.00, real=0.01 secs] 
2022-11-01T17:10:20.877-0600: 168521.297: [GC concurrent-root-region-scan-start]
2022-11-01T17:10:20.880-0600: 168521.300: [GC concurrent-root-region-scan-end, 0.0035072 secs]
2022-11-01T17:10:20.880-0600: 168521.300: [GC concurrent-mark-start]
2022-11-01T17:10:21.467-0600: 168521.887: [GC concurrent-mark-end, 0.5865955 secs]
2022-11-01T17:10:21.467-0600: 168521.887: [GC remark 2022-11-01T17:10:21.467-0600: 168521.887: [Finalize Marking, 0.0009331 secs] 2022-11-01T17:10:21.468-0600: 168521.888: [GC ref-proc, 0.0061728 secs] 2022-11-01T17:10:21.474-0600: 168521.894: [Unloading, 0.0188038 secs], 0.0279261 secs]
 [Times: user=0.28 sys=0.00, real=0.03 secs] 
2022-11-01T17:10:21.495-0600: 168521.915: [GC cleanup 3093M->3093M(14336M), 0.0047316 secs]
 [Times: user=0.03 sys=0.00, real=0.00 secs] 
2022-11-01T17:26:23.915-0600: 169484.335: [GC pause (G1 Evacuation Pause) (young), 0.0087608 secs]
   [Parallel Time: 4.3 ms, GC Workers: 14]
      [GC Worker Start (ms): Min: 169484335.2, Avg: 169484335.3, Max: 169484335.4, Diff: 0.2]
      [Ext Root Scanning (ms): Min: 0.3, Avg: 0.7, Max: 4.0, Diff: 3.8, Sum: 9.2]
      [Update RS (ms): Min: 0.0, Avg: 0.1, Max: 0.3, Diff: 0.3, Sum: 1.6]
         [Processed Buffers: Min: 0, Avg: 12.1, Max: 42, Diff: 42, Sum: 170]
      [Scan RS (ms): Min: 0.0, Avg: 0.0, Max: 0.1, Diff: 0.1, Sum: 0.5]
      [Code Root Scanning (ms): Min: 0.0, Avg: 0.0, Max: 0.0, Diff: 0.0, Sum: 0.0]
      [Object Copy (ms): Min: 0.0, Avg: 0.2, Max: 0.3, Diff: 0.3, Sum: 3.0]
      [Termination (ms): Min: 0.0, Avg: 2.9, Max: 3.3, Diff: 3.3, Sum: 41.2]
         [Termination Attempts: Min: 1, Avg: 12.1, Max: 19, Diff: 18, Sum: 169]
      [GC Worker Other (ms): Min: 0.0, Avg: 0.0, Max: 0.0, Diff: 0.0, Sum: 0.1]
      [GC Worker Total (ms): Min: 3.8, Avg: 4.0, Max: 4.1, Diff: 0.2, Sum: 55.5]
      [GC Worker End (ms): Min: 169484339.2, Avg: 169484339.2, Max: 169484339.4, Diff: 0.1]
   [Code Root Fixup: 0.0 ms]
   [Code Root Purge: 0.0 ms]
   [Clear CT: 0.4 ms]
   [Other: 4.1 ms]
      [Choose CSet: 0.0 ms]
      [Ref Proc: 3.5 ms]
      [Ref Enq: 0.2 ms]
      [Redirty Cards: 0.2 ms]
      [Humongous Register: 0.0 ms]
      [Humongous Reclaim: 0.0 ms]
      [Free CSet: 0.1 ms]
   [Eden: 7152.0M(7152.0M)->0.0B(7152.0M) Survivors: 16384.0K->16384.0K Heap: 10217.4M(14336.0M)->3065.6M(14336.0M)]
 [Times: user=0.07 sys=0.00, real=0.01 secs] 
2022-11-01T17:42:30.675-0600: 170451.095: [GC pause (G1 Evacuation Pause) (young), 0.0095865 secs]
   [Parallel Time: 3.3 ms, GC Workers: 14]
      [GC Worker Start (ms): Min: 170451095.3, Avg: 170451095.5, Max: 170451095.7, Diff: 0.3]
      [Ext Root Scanning (ms): Min: 0.2, Avg: 0.6, Max: 2.8, Diff: 2.6, Sum: 8.2]
      [Update RS (ms): Min: 0.0, Avg: 0.1, Max: 0.3, Diff: 0.3, Sum: 1.6]
         [Processed Buffers: Min: 0, Avg: 11.7, Max: 37, Diff: 37, Sum: 164]
      [Scan RS (ms): Min: 0.0, Avg: 0.0, Max: 0.1, Diff: 0.0, Sum: 0.3]
      [Code Root Scanning (ms): Min: 0.0, Avg: 0.0, Max: 0.0, Diff: 0.0, Sum: 0.0]
      [Object Copy (ms): Min: 0.0, Avg: 0.3, Max: 0.4, Diff: 0.4, Sum: 4.0]
      [Termination (ms): Min: 0.0, Avg: 1.7, Max: 1.9, Diff: 1.9, Sum: 23.5]
         [Termination Attempts: Min: 1, Avg: 39.1, Max: 63, Diff: 62, Sum: 548]
      [GC Worker Other (ms): Min: 0.0, Avg: 0.0, Max: 0.0, Diff: 0.0, Sum: 0.1]
      [GC Worker Total (ms): Min: 2.5, Avg: 2.7, Max: 2.8, Diff: 0.3, Sum: 37.8]
      [GC Worker End (ms): Min: 170451098.1, Avg: 170451098.2, Max: 170451098.2, Diff: 0.1]
   [Code Root Fixup: 0.0 ms]
   [Code Root Purge: 0.0 ms]
   [Clear CT: 0.3 ms]
   [Other: 6.0 ms]
      [Choose CSet: 0.0 ms]
      [Ref Proc: 5.3 ms]
      [Ref Enq: 0.2 ms]
      [Redirty Cards: 0.2 ms]
      [Humongous Register: 0.0 ms]
      [Humongous Reclaim: 0.0 ms]
      [Free CSet: 0.2 ms]
   [Eden: 7152.0M(7152.0M)->0.0B(7152.0M) Survivors: 16384.0K->16384.0K Heap: 10217.6M(14336.0M)->3065.5M(14336.0M)]
 [Times: user=0.06 sys=0.00, real=0.01 secs] 
2022-11-01T17:58:35.464-0600: 171415.885: [GC pause (G1 Evacuation Pause) (young) (initial-mark), 0.0129921 secs]
   [Parallel Time: 6.3 ms, GC Workers: 14]
      [GC Worker Start (ms): Min: 171415886.3, Avg: 171415886.6, Max: 171415886.7, Diff: 0.4]
      [Ext Root Scanning (ms): Min: 3.4, Avg: 3.6, Max: 3.8, Diff: 0.4, Sum: 50.4]
      [Update RS (ms): Min: 0.0, Avg: 0.1, Max: 0.3, Diff: 0.2, Sum: 1.7]
         [Processed Buffers: Min: 1, Avg: 10.4, Max: 26, Diff: 25, Sum: 145]
      [Scan RS (ms): Min: 0.0, Avg: 0.0, Max: 0.0, Diff: 0.0, Sum: 0.4]
      [Code Root Scanning (ms): Min: 0.0, Avg: 0.0, Max: 0.0, Diff: 0.0, Sum: 0.0]
      [Object Copy (ms): Min: 0.2, Avg: 0.3, Max: 0.4, Diff: 0.2, Sum: 4.9]
      [Termination (ms): Min: 0.0, Avg: 0.0, Max: 0.1, Diff: 0.0, Sum: 0.5]
         [Termination Attempts: Min: 38, Avg: 52.4, Max: 60, Diff: 22, Sum: 733]
      [GC Worker Other (ms): Min: 0.0, Avg: 0.1, Max: 0.4, Diff: 0.3, Sum: 1.6]
      [GC Worker Total (ms): Min: 4.0, Avg: 4.2, Max: 4.5, Diff: 0.5, Sum: 59.5]
      [GC Worker End (ms): Min: 171415890.7, Avg: 171415890.8, Max: 171415891.0, Diff: 0.3]
   [Code Root Fixup: 0.0 ms]
   [Code Root Purge: 0.0 ms]
   [Clear CT: 0.4 ms]
   [Other: 6.3 ms]
      [Choose CSet: 0.0 ms]
      [Ref Proc: 5.4 ms]
      [Ref Enq: 0.4 ms]
      [Redirty Cards: 0.2 ms]
      [Humongous Register: 0.0 ms]
      [Humongous Reclaim: 0.0 ms]
      [Free CSet: 0.2 ms]
   [Eden: 7152.0M(7152.0M)->0.0B(7152.0M) Survivors: 16384.0K->16384.0K Heap: 10217.5M(14336.0M)->3065.8M(14336.0M)]
 [Times: user=0.07 sys=0.00, real=0.01 secs] 
2022-11-01T17:58:35.478-0600: 171415.898: [GC concurrent-root-region-scan-start]
2022-11-01T17:58:35.481-0600: 171415.902: [GC concurrent-root-region-scan-end, 0.0036749 secs]
2022-11-01T17:58:35.481-0600: 171415.902: [GC concurrent-mark-start]
2022-11-01T17:58:36.049-0600: 171416.469: [GC concurrent-mark-end, 0.5674520 secs]
2022-11-01T17:58:36.049-0600: 171416.469: [GC remark 2022-11-01T17:58:36.049-0600: 171416.469: [Finalize Marking, 0.0007919 secs] 2022-11-01T17:58:36.050-0600: 171416.470: [GC ref-proc, 0.0084312 secs] 2022-11-01T17:58:36.058-0600: 171416.479: [Unloading, 0.0188850 secs], 0.0306676 secs]
 [Times: user=0.29 sys=0.00, real=0.03 secs] 
2022-11-01T17:58:36.080-0600: 171416.500: [GC cleanup 3094M->3094M(14336M), 0.0051471 secs]
 [Times: user=0.04 sys=0.00, real=0.01 secs] 
2022-11-01T18:14:48.864-0600: 172389.285: [GC pause (G1 Evacuation Pause) (young), 0.0096927 secs]
   [Parallel Time: 3.3 ms, GC Workers: 14]
      [GC Worker Start (ms): Min: 172389284.8, Avg: 172389284.9, Max: 172389285.1, Diff: 0.4]
      [Ext Root Scanning (ms): Min: 0.2, Avg: 0.6, Max: 2.8, Diff: 2.7, Sum: 8.0]
      [Update RS (ms): Min: 0.0, Avg: 0.1, Max: 0.3, Diff: 0.3, Sum: 1.8]
         [Processed Buffers: Min: 0, Avg: 11.4, Max: 35, Diff: 35, Sum: 159]
      [Scan RS (ms): Min: 0.0, Avg: 0.0, Max: 0.1, Diff: 0.0, Sum: 0.4]
      [Code Root Scanning (ms): Min: 0.0, Avg: 0.0, Max: 0.0, Diff: 0.0, Sum: 0.0]
      [Object Copy (ms): Min: 0.0, Avg: 0.2, Max: 0.3, Diff: 0.3, Sum: 3.4]
      [Termination (ms): Min: 0.0, Avg: 1.8, Max: 2.0, Diff: 2.0, Sum: 24.8]
         [Termination Attempts: Min: 1, Avg: 30.6, Max: 47, Diff: 46, Sum: 429]
      [GC Worker Other (ms): Min: 0.0, Avg: 0.0, Max: 0.0, Diff: 0.0, Sum: 0.1]
      [GC Worker Total (ms): Min: 2.5, Avg: 2.7, Max: 2.9, Diff: 0.4, Sum: 38.4]
      [GC Worker End (ms): Min: 172389287.6, Avg: 172389287.7, Max: 172389287.7, Diff: 0.1]
   [Code Root Fixup: 0.0 ms]
   [Code Root Purge: 0.0 ms]
   [Clear CT: 0.2 ms]
   [Other: 6.1 ms]
      [Choose CSet: 0.0 ms]
      [Ref Proc: 5.3 ms]
      [Ref Enq: 0.3 ms]
      [Redirty Cards: 0.2 ms]
      [Humongous Register: 0.0 ms]
      [Humongous Reclaim: 0.0 ms]
      [Free CSet: 0.2 ms]
   [Eden: 7152.0M(7152.0M)->0.0B(5712.0M) Survivors: 16384.0K->16384.0K Heap: 10217.8M(14336.0M)->3065.4M(14336.0M)]
 [Times: user=0.05 sys=0.01, real=0.01 secs] 
2022-11-01T18:27:34.573-0600: 173154.993: [GC pause (G1 Evacuation Pause) (mixed), 0.0319291 secs]
   [Parallel Time: 25.3 ms, GC Workers: 14]
      [GC Worker Start (ms): Min: 173154995.8, Avg: 173154995.9, Max: 173154996.0, Diff: 0.3]
      [Ext Root Scanning (ms): Min: 0.4, Avg: 1.1, Max: 7.3, Diff: 6.9, Sum: 16.0]
      [Update RS (ms): Min: 0.0, Avg: 0.3, Max: 0.5, Diff: 0.5, Sum: 3.8]
         [Processed Buffers: Min: 0, Avg: 11.0, Max: 40, Diff: 40, Sum: 154]
      [Scan RS (ms): Min: 0.0, Avg: 0.5, Max: 1.7, Diff: 1.7, Sum: 7.6]
      [Code Root Scanning (ms): Min: 0.0, Avg: 0.0, Max: 0.1, Diff: 0.1, Sum: 0.1]
      [Object Copy (ms): Min: 17.4, Avg: 21.9, Max: 23.5, Diff: 6.1, Sum: 306.9]
      [Termination (ms): Min: 0.0, Avg: 0.8, Max: 3.7, Diff: 3.7, Sum: 10.9]
         [Termination Attempts: Min: 1, Avg: 6.6, Max: 49, Diff: 48, Sum: 92]
      [GC Worker Other (ms): Min: 0.0, Avg: 0.0, Max: 0.1, Diff: 0.1, Sum: 0.4]
      [GC Worker Total (ms): Min: 24.5, Avg: 24.7, Max: 24.8, Diff: 0.3, Sum: 345.6]
      [GC Worker End (ms): Min: 173155020.6, Avg: 173155020.6, Max: 173155020.7, Diff: 0.1]
   [Code Root Fixup: 0.0 ms]
   [Code Root Purge: 0.0 ms]
   [Clear CT: 0.3 ms]
   [Other: 6.2 ms]
      [Choose CSet: 0.0 ms]
      [Ref Proc: 3.2 ms]
      [Ref Enq: 0.3 ms]
      [Redirty Cards: 0.2 ms]
      [Humongous Register: 0.4 ms]
      [Humongous Reclaim: 0.0 ms]
      [Free CSet: 0.2 ms]
   [Eden: 5712.0M(5712.0M)->0.0B(7152.0M) Survivors: 16384.0K->16384.0K Heap: 8777.4M(14336.0M)->3062.1M(14336.0M)]
 [Times: user=0.06 sys=0.00, real=0.03 secs] 
2022-11-01T18:43:25.309-0600: 174105.730: [GC pause (G1 Evacuation Pause) (young), 0.0085489 secs]
   [Parallel Time: 3.1 ms, GC Workers: 14]
      [GC Worker Start (ms): Min: 174105729.7, Avg: 174105729.8, Max: 174105730.0, Diff: 0.3]
      [Ext Root Scanning (ms): Min: 0.2, Avg: 0.6, Max: 2.8, Diff: 2.6, Sum: 8.2]
      [Update RS (ms): Min: 0.0, Avg: 0.6, Max: 0.9, Diff: 0.9, Sum: 8.1]
         [Processed Buffers: Min: 0, Avg: 13.4, Max: 41, Diff: 41, Sum: 187]
      [Scan RS (ms): Min: 0.0, Avg: 0.0, Max: 0.1, Diff: 0.1, Sum: 0.4]
      [Code Root Scanning (ms): Min: 0.0, Avg: 0.0, Max: 0.0, Diff: 0.0, Sum: 0.0]
      [Object Copy (ms): Min: 0.0, Avg: 0.4, Max: 0.6, Diff: 0.6, Sum: 6.1]
      [Termination (ms): Min: 0.0, Avg: 1.1, Max: 1.3, Diff: 1.3, Sum: 16.0]
         [Termination Attempts: Min: 1, Avg: 56.1, Max: 88, Diff: 87, Sum: 785]
      [GC Worker Other (ms): Min: 0.0, Avg: 0.0, Max: 0.0, Diff: 0.0, Sum: 0.1]
      [GC Worker Total (ms): Min: 2.6, Avg: 2.8, Max: 2.9, Diff: 0.3, Sum: 38.9]
      [GC Worker End (ms): Min: 174105732.6, Avg: 174105732.6, Max: 174105732.6, Diff: 0.1]
   [Code Root Fixup: 0.0 ms]
   [Code Root Purge: 0.0 ms]
   [Clear CT: 0.5 ms]
   [Other: 5.0 ms]
      [Choose CSet: 0.0 ms]
      [Ref Proc: 4.3 ms]
      [Ref Enq: 0.2 ms]
      [Redirty Cards: 0.2 ms]
      [Humongous Register: 0.0 ms]
      [Humongous Reclaim: 0.0 ms]
      [Free CSet: 0.1 ms]
   [Eden: 7152.0M(7152.0M)->0.0B(7152.0M) Survivors: 16384.0K->16384.0K Heap: 10214.1M(14336.0M)->3065.1M(14336.0M)]
 [Times: user=0.06 sys=0.00, real=0.01 secs] 
2022-11-01T18:59:20.564-0600: 175060.984: [GC pause (G1 Evacuation Pause) (young) (initial-mark), 0.0147490 secs]
   [Parallel Time: 10.1 ms, GC Workers: 14]
      [GC Worker Start (ms): Min: 175060985.7, Avg: 175060985.9, Max: 175060986.0, Diff: 0.3]
      [Ext Root Scanning (ms): Min: 7.8, Avg: 7.9, Max: 8.1, Diff: 0.4, Sum: 111.1]
      [Update RS (ms): Min: 0.0, Avg: 0.1, Max: 0.3, Diff: 0.3, Sum: 1.7]
         [Processed Buffers: Min: 0, Avg: 9.8, Max: 33, Diff: 33, Sum: 137]
      [Scan RS (ms): Min: 0.0, Avg: 0.0, Max: 0.1, Diff: 0.1, Sum: 0.4]
      [Code Root Scanning (ms): Min: 0.0, Avg: 0.0, Max: 0.0, Diff: 0.0, Sum: 0.0]
      [Object Copy (ms): Min: 0.1, Avg: 0.3, Max: 0.5, Diff: 0.3, Sum: 4.4]
      [Termination (ms): Min: 0.0, Avg: 0.0, Max: 0.0, Diff: 0.0, Sum: 0.2]
         [Termination Attempts: Min: 2, Avg: 19.1, Max: 27, Diff: 25, Sum: 268]
      [GC Worker Other (ms): Min: 0.0, Avg: 0.1, Max: 0.1, Diff: 0.1, Sum: 0.9]
      [GC Worker Total (ms): Min: 8.3, Avg: 8.5, Max: 8.7, Diff: 0.4, Sum: 118.7]
      [GC Worker End (ms): Min: 175060994.3, Avg: 175060994.4, Max: 175060994.4, Diff: 0.1]
   [Code Root Fixup: 0.0 ms]
   [Code Root Purge: 0.0 ms]
   [Clear CT: 0.4 ms]
   [Other: 4.3 ms]
      [Choose CSet: 0.0 ms]
      [Ref Proc: 3.7 ms]
      [Ref Enq: 0.2 ms]
      [Redirty Cards: 0.2 ms]
      [Humongous Register: 0.0 ms]
      [Humongous Reclaim: 0.0 ms]
      [Free CSet: 0.1 ms]
   [Eden: 7152.0M(7152.0M)->0.0B(7152.0M) Survivors: 16384.0K->16384.0K Heap: 10217.1M(14336.0M)->3062.2M(14336.0M)]
 [Times: user=0.06 sys=0.00, real=0.01 secs] 
2022-11-01T18:59:20.579-0600: 175060.999: [GC concurrent-root-region-scan-start]
2022-11-01T18:59:20.582-0600: 175061.002: [GC concurrent-root-region-scan-end, 0.0028940 secs]
2022-11-01T18:59:20.582-0600: 175061.002: [GC concurrent-mark-start]
2022-11-01T18:59:21.710-0600: 175062.130: [GC concurrent-mark-end, 1.1276773 secs]
2022-11-01T18:59:21.710-0600: 175062.130: [GC remark 2022-11-01T18:59:21.710-0600: 175062.130: [Finalize Marking, 0.0004929 secs] 2022-11-01T18:59:21.710-0600: 175062.130: [GC ref-proc, 0.0058118 secs] 2022-11-01T18:59:21.716-0600: 175062.136: [Unloading, 0.0201578 secs], 0.0285430 secs]
 [Times: user=0.30 sys=0.00, real=0.03 secs] 
2022-11-01T18:59:21.738-0600: 175062.159: [GC cleanup 3126M->3126M(14336M), 0.0050362 secs]
 [Times: user=0.04 sys=0.00, real=0.01 secs] 
2022-11-01T19:15:06.165-0600: 176006.585: [GC pause (G1 Evacuation Pause) (young), 0.0111236 secs]
   [Parallel Time: 4.8 ms, GC Workers: 14]
      [GC Worker Start (ms): Min: 176006585.2, Avg: 176006585.3, Max: 176006585.5, Diff: 0.3]
      [Ext Root Scanning (ms): Min: 0.2, Avg: 0.7, Max: 4.0, Diff: 3.8, Sum: 9.2]
      [Update RS (ms): Min: 0.0, Avg: 0.1, Max: 0.4, Diff: 0.4, Sum: 1.5]
         [Processed Buffers: Min: 0, Avg: 11.7, Max: 41, Diff: 41, Sum: 164]
      [Scan RS (ms): Min: 0.0, Avg: 0.0, Max: 0.1, Diff: 0.0, Sum: 0.5]
      [Code Root Scanning (ms): Min: 0.0, Avg: 0.0, Max: 0.0, Diff: 0.0, Sum: 0.0]
      [Object Copy (ms): Min: 0.0, Avg: 0.4, Max: 0.5, Diff: 0.5, Sum: 5.2]
      [Termination (ms): Min: 0.0, Avg: 2.8, Max: 3.1, Diff: 3.1, Sum: 38.6]
         [Termination Attempts: Min: 1, Avg: 52.0, Max: 103, Diff: 102, Sum: 728]
      [GC Worker Other (ms): Min: 0.0, Avg: 0.0, Max: 0.1, Diff: 0.1, Sum: 0.2]
      [GC Worker Total (ms): Min: 3.7, Avg: 3.9, Max: 4.1, Diff: 0.4, Sum: 55.2]
      [GC Worker End (ms): Min: 176006589.2, Avg: 176006589.2, Max: 176006589.3, Diff: 0.1]
   [Code Root Fixup: 0.0 ms]
   [Code Root Purge: 0.0 ms]
   [Clear CT: 0.4 ms]
   [Other: 5.9 ms]
      [Choose CSet: 0.0 ms]
      [Ref Proc: 5.1 ms]
      [Ref Enq: 0.3 ms]
      [Redirty Cards: 0.2 ms]
      [Humongous Register: 0.0 ms]
      [Humongous Reclaim: 0.0 ms]
      [Free CSet: 0.2 ms]
   [Eden: 7152.0M(7152.0M)->0.0B(7152.0M) Survivors: 16384.0K->16384.0K Heap: 10214.2M(14336.0M)->3061.6M(14336.0M)]
 [Times: user=0.07 sys=0.00, real=0.01 secs] 
2022-11-01T19:31:11.965-0600: 176972.385: [GC pause (G1 Evacuation Pause) (young), 0.0147078 secs]
   [Parallel Time: 8.0 ms, GC Workers: 14]
      [GC Worker Start (ms): Min: 176972385.1, Avg: 176972385.2, Max: 176972385.4, Diff: 0.3]
      [Ext Root Scanning (ms): Min: 0.2, Avg: 0.6, Max: 4.0, Diff: 3.8, Sum: 9.0]
      [Update RS (ms): Min: 0.0, Avg: 0.1, Max: 0.3, Diff: 0.3, Sum: 1.6]
         [Processed Buffers: Min: 0, Avg: 11.6, Max: 42, Diff: 42, Sum: 162]
      [Scan RS (ms): Min: 0.0, Avg: 0.0, Max: 0.1, Diff: 0.0, Sum: 0.4]
      [Code Root Scanning (ms): Min: 0.0, Avg: 0.0, Max: 0.0, Diff: 0.0, Sum: 0.0]
      [Object Copy (ms): Min: 0.0, Avg: 1.3, Max: 6.8, Diff: 6.8, Sum: 18.4]
      [Termination (ms): Min: 0.0, Avg: 5.3, Max: 6.6, Diff: 6.6, Sum: 73.7]
         [Termination Attempts: Min: 1, Avg: 1.5, Max: 4, Diff: 3, Sum: 21]
      [GC Worker Other (ms): Min: 0.0, Avg: 0.0, Max: 0.0, Diff: 0.0, Sum: 0.1]
      [GC Worker Total (ms): Min: 7.2, Avg: 7.4, Max: 7.5, Diff: 0.4, Sum: 103.3]
      [GC Worker End (ms): Min: 176972392.6, Avg: 176972392.6, Max: 176972392.7, Diff: 0.1]
   [Code Root Fixup: 0.0 ms]
   [Code Root Purge: 0.0 ms]
   [Clear CT: 0.2 ms]
   [Other: 6.5 ms]
      [Choose CSet: 0.0 ms]
      [Ref Proc: 5.6 ms]
      [Ref Enq: 0.3 ms]
      [Redirty Cards: 0.2 ms]
      [Humongous Register: 0.0 ms]
      [Humongous Reclaim: 0.0 ms]
      [Free CSet: 0.2 ms]
   [Eden: 7152.0M(7152.0M)->0.0B(7152.0M) Survivors: 16384.0K->16384.0K Heap: 10213.6M(14336.0M)->3061.5M(14336.0M)]
 [Times: user=0.11 sys=0.00, real=0.01 secs] 
2022-11-01T19:47:20.315-0600: 177940.735: [GC pause (G1 Evacuation Pause) (young) (initial-mark), 0.0131360 secs]
   [Parallel Time: 7.3 ms, GC Workers: 14]
      [GC Worker Start (ms): Min: 177940736.1, Avg: 177940736.3, Max: 177940736.4, Diff: 0.3]
      [Ext Root Scanning (ms): Min: 4.7, Avg: 4.9, Max: 5.1, Diff: 0.4, Sum: 68.4]
      [Update RS (ms): Min: 0.0, Avg: 0.1, Max: 0.2, Diff: 0.2, Sum: 1.8]
         [Processed Buffers: Min: 1, Avg: 11.6, Max: 36, Diff: 35, Sum: 162]
      [Scan RS (ms): Min: 0.0, Avg: 0.0, Max: 0.1, Diff: 0.1, Sum: 0.5]
      [Code Root Scanning (ms): Min: 0.0, Avg: 0.0, Max: 0.0, Diff: 0.0, Sum: 0.0]
      [Object Copy (ms): Min: 0.2, Avg: 0.3, Max: 0.4, Diff: 0.2, Sum: 4.4]
      [Termination (ms): Min: 0.0, Avg: 0.0, Max: 0.0, Diff: 0.0, Sum: 0.2]
         [Termination Attempts: Min: 13, Avg: 21.1, Max: 33, Diff: 20, Sum: 296]
      [GC Worker Other (ms): Min: 0.0, Avg: 0.1, Max: 0.2, Diff: 0.2, Sum: 1.1]
      [GC Worker Total (ms): Min: 5.3, Avg: 5.5, Max: 5.7, Diff: 0.5, Sum: 76.4]
      [GC Worker End (ms): Min: 177940741.7, Avg: 177940741.8, Max: 177940741.9, Diff: 0.2]
   [Code Root Fixup: 0.0 ms]
   [Code Root Purge: 0.0 ms]
   [Clear CT: 0.4 ms]
   [Other: 5.5 ms]
      [Choose CSet: 0.0 ms]
      [Ref Proc: 4.9 ms]
      [Ref Enq: 0.2 ms]
      [Redirty Cards: 0.2 ms]
      [Humongous Register: 0.0 ms]
      [Humongous Reclaim: 0.0 ms]
      [Free CSet: 0.1 ms]
   [Eden: 7152.0M(7152.0M)->0.0B(7152.0M) Survivors: 16384.0K->16384.0K Heap: 10213.5M(14336.0M)->3061.8M(14336.0M)]
 [Times: user=0.07 sys=0.00, real=0.01 secs] 
2022-11-01T19:47:20.328-0600: 177940.748: [GC concurrent-root-region-scan-start]
2022-11-01T19:47:20.331-0600: 177940.752: [GC concurrent-root-region-scan-end, 0.0035338 secs]
2022-11-01T19:47:20.331-0600: 177940.752: [GC concurrent-mark-start]
2022-11-01T19:47:20.908-0600: 177941.328: [GC concurrent-mark-end, 0.5763955 secs]
2022-11-01T19:47:20.908-0600: 177941.328: [GC remark 2022-11-01T19:47:20.908-0600: 177941.328: [Finalize Marking, 0.0006945 secs] 2022-11-01T19:47:20.909-0600: 177941.329: [GC ref-proc, 0.0068600 secs] 2022-11-01T19:47:20.916-0600: 177941.336: [Unloading, 0.0186357 secs], 0.0284586 secs]
 [Times: user=0.29 sys=0.00, real=0.03 secs] 
2022-11-01T19:47:20.937-0600: 177941.357: [GC cleanup 3090M->3090M(14336M), 0.0049384 secs]
 [Times: user=0.03 sys=0.00, real=0.01 secs] 
2022-11-01T20:03:17.214-0600: 178897.635: [GC pause (G1 Evacuation Pause) (young), 0.0147296 secs]
   [Parallel Time: 8.4 ms, GC Workers: 14]
      [GC Worker Start (ms): Min: 178897634.8, Avg: 178897635.0, Max: 178897635.1, Diff: 0.3]
      [Ext Root Scanning (ms): Min: 0.3, Avg: 0.7, Max: 4.0, Diff: 3.7, Sum: 9.6]
      [Update RS (ms): Min: 0.0, Avg: 0.1, Max: 0.3, Diff: 0.3, Sum: 1.7]
         [Processed Buffers: Min: 0, Avg: 12.1, Max: 31, Diff: 31, Sum: 170]
      [Scan RS (ms): Min: 0.0, Avg: 0.0, Max: 0.1, Diff: 0.1, Sum: 0.4]
      [Code Root Scanning (ms): Min: 0.0, Avg: 0.0, Max: 0.0, Diff: 0.0, Sum: 0.0]
      [Object Copy (ms): Min: 0.0, Avg: 2.9, Max: 7.5, Diff: 7.5, Sum: 40.0]
      [Termination (ms): Min: 0.0, Avg: 4.3, Max: 7.2, Diff: 7.2, Sum: 60.1]
         [Termination Attempts: Min: 1, Avg: 52.2, Max: 135, Diff: 134, Sum: 731]
      [GC Worker Other (ms): Min: 0.0, Avg: 0.0, Max: 0.0, Diff: 0.0, Sum: 0.1]
      [GC Worker Total (ms): Min: 7.9, Avg: 8.0, Max: 8.2, Diff: 0.4, Sum: 111.8]
      [GC Worker End (ms): Min: 178897643.0, Avg: 178897643.0, Max: 178897643.1, Diff: 0.1]
   [Code Root Fixup: 0.0 ms]
   [Code Root Purge: 0.0 ms]
   [Clear CT: 0.3 ms]
   [Other: 6.0 ms]
      [Choose CSet: 0.0 ms]
      [Ref Proc: 5.4 ms]
      [Ref Enq: 0.2 ms]
      [Redirty Cards: 0.2 ms]
      [Humongous Register: 0.0 ms]
      [Humongous Reclaim: 0.0 ms]
      [Free CSet: 0.1 ms]
   [Eden: 7152.0M(7152.0M)->0.0B(7152.0M) Survivors: 16384.0K->16384.0K Heap: 10213.8M(14336.0M)->3061.6M(14336.0M)]
 [Times: user=0.09 sys=0.00, real=0.01 secs] 
2022-11-01T20:19:21.429-0600: 179861.849: [GC pause (G1 Evacuation Pause) (young), 0.0187640 secs]
   [Parallel Time: 12.0 ms, GC Workers: 14]
      [GC Worker Start (ms): Min: 179861849.3, Avg: 179861849.5, Max: 179861849.7, Diff: 0.4]
      [Ext Root Scanning (ms): Min: 0.2, Avg: 0.6, Max: 4.0, Diff: 3.8, Sum: 8.9]
      [Update RS (ms): Min: 0.0, Avg: 0.1, Max: 0.3, Diff: 0.3, Sum: 1.7]
         [Processed Buffers: Min: 0, Avg: 11.3, Max: 54, Diff: 54, Sum: 158]
      [Scan RS (ms): Min: 0.0, Avg: 0.0, Max: 0.1, Diff: 0.1, Sum: 0.5]
      [Code Root Scanning (ms): Min: 0.0, Avg: 0.0, Max: 0.0, Diff: 0.0, Sum: 0.0]
      [Object Copy (ms): Min: 0.0, Avg: 1.5, Max: 10.5, Diff: 10.5, Sum: 20.6]
      [Termination (ms): Min: 0.0, Avg: 8.8, Max: 10.4, Diff: 10.4, Sum: 123.5]
         [Termination Attempts: Min: 1, Avg: 1.1, Max: 2, Diff: 1, Sum: 15]
      [GC Worker Other (ms): Min: 0.0, Avg: 0.0, Max: 0.0, Diff: 0.0, Sum: 0.1]
      [GC Worker Total (ms): Min: 10.9, Avg: 11.1, Max: 11.3, Diff: 0.4, Sum: 155.2]
      [GC Worker End (ms): Min: 179861860.6, Avg: 179861860.6, Max: 179861860.7, Diff: 0.1]
   [Code Root Fixup: 0.0 ms]
   [Code Root Purge: 0.0 ms]
   [Clear CT: 0.2 ms]
   [Other: 6.6 ms]
      [Choose CSet: 0.0 ms]
      [Ref Proc: 5.9 ms]
      [Ref Enq: 0.3 ms]
      [Redirty Cards: 0.2 ms]
      [Humongous Register: 0.0 ms]
      [Humongous Reclaim: 0.0 ms]
      [Free CSet: 0.1 ms]
   [Eden: 7152.0M(7152.0M)->0.0B(7152.0M) Survivors: 16384.0K->16384.0K Heap: 10213.6M(14336.0M)->3061.8M(14336.0M)]
 [Times: user=0.16 sys=0.00, real=0.02 secs] 
2022-11-01T20:35:18.465-0600: 180818.885: [GC pause (G1 Evacuation Pause) (young) (initial-mark), 0.0114110 secs]
   [Parallel Time: 6.0 ms, GC Workers: 14]
      [GC Worker Start (ms): Min: 180818886.3, Avg: 180818886.4, Max: 180818886.6, Diff: 0.3]
      [Ext Root Scanning (ms): Min: 3.5, Avg: 3.6, Max: 3.8, Diff: 0.3, Sum: 51.0]
      [Update RS (ms): Min: 0.1, Avg: 0.1, Max: 0.3, Diff: 0.2, Sum: 1.8]
         [Processed Buffers: Min: 1, Avg: 11.3, Max: 30, Diff: 29, Sum: 158]
      [Scan RS (ms): Min: 0.0, Avg: 0.0, Max: 0.1, Diff: 0.1, Sum: 0.5]
      [Code Root Scanning (ms): Min: 0.0, Avg: 0.0, Max: 0.0, Diff: 0.0, Sum: 0.0]
      [Object Copy (ms): Min: 0.2, Avg: 0.4, Max: 0.5, Diff: 0.2, Sum: 5.0]
      [Termination (ms): Min: 0.0, Avg: 0.0, Max: 0.1, Diff: 0.0, Sum: 0.5]
         [Termination Attempts: Min: 36, Avg: 50.2, Max: 64, Diff: 28, Sum: 703]
      [GC Worker Other (ms): Min: 0.0, Avg: 0.1, Max: 0.2, Diff: 0.2, Sum: 1.3]
      [GC Worker Total (ms): Min: 4.1, Avg: 4.3, Max: 4.5, Diff: 0.4, Sum: 60.1]
      [GC Worker End (ms): Min: 180818890.6, Avg: 180818890.7, Max: 180818890.8, Diff: 0.2]
   [Code Root Fixup: 0.0 ms]
   [Code Root Purge: 0.0 ms]
   [Clear CT: 0.4 ms]
   [Other: 5.0 ms]
      [Choose CSet: 0.0 ms]
      [Ref Proc: 4.4 ms]
      [Ref Enq: 0.2 ms]
      [Redirty Cards: 0.2 ms]
      [Humongous Register: 0.0 ms]
      [Humongous Reclaim: 0.0 ms]
      [Free CSet: 0.1 ms]
   [Eden: 7152.0M(7152.0M)->0.0B(7152.0M) Survivors: 16384.0K->16384.0K Heap: 10213.8M(14336.0M)->3061.7M(14336.0M)]
 [Times: user=0.07 sys=0.00, real=0.01 secs] 
2022-11-01T20:35:18.476-0600: 180818.896: [GC concurrent-root-region-scan-start]
2022-11-01T20:35:18.480-0600: 180818.900: [GC concurrent-root-region-scan-end, 0.0035917 secs]
2022-11-01T20:35:18.480-0600: 180818.900: [GC concurrent-mark-start]
2022-11-01T20:35:19.088-0600: 180819.508: [GC concurrent-mark-end, 0.6081292 secs]
2022-11-01T20:35:19.088-0600: 180819.508: [GC remark 2022-11-01T20:35:19.088-0600: 180819.508: [Finalize Marking, 0.0075011 secs] 2022-11-01T20:35:19.096-0600: 180819.516: [GC ref-proc, 0.0064098 secs] 2022-11-01T20:35:19.102-0600: 180819.522: [Unloading, 0.0186986 secs], 0.0346429 secs]
 [Times: user=0.36 sys=0.00, real=0.04 secs] 
2022-11-01T20:35:19.123-0600: 180819.543: [GC cleanup 3125M->3125M(14336M), 0.0048383 secs]
 [Times: user=0.04 sys=0.00, real=0.00 secs] 
2022-11-01T20:51:22.301-0600: 181782.721: [GC pause (G1 Evacuation Pause) (young), 0.0082496 secs]
   [Parallel Time: 3.0 ms, GC Workers: 14]
      [GC Worker Start (ms): Min: 181782721.2, Avg: 181782721.4, Max: 181782721.6, Diff: 0.3]
      [Ext Root Scanning (ms): Min: 0.3, Avg: 0.6, Max: 2.8, Diff: 2.6, Sum: 8.2]
      [Update RS (ms): Min: 0.0, Avg: 0.1, Max: 0.4, Diff: 0.4, Sum: 1.8]
         [Processed Buffers: Min: 0, Avg: 11.9, Max: 35, Diff: 35, Sum: 167]
      [Scan RS (ms): Min: 0.0, Avg: 0.0, Max: 0.1, Diff: 0.1, Sum: 0.5]
      [Code Root Scanning (ms): Min: 0.0, Avg: 0.0, Max: 0.0, Diff: 0.0, Sum: 0.0]
      [Object Copy (ms): Min: 0.0, Avg: 0.4, Max: 0.5, Diff: 0.5, Sum: 5.0]
      [Termination (ms): Min: 0.0, Avg: 1.6, Max: 1.8, Diff: 1.8, Sum: 22.2]
         [Termination Attempts: Min: 1, Avg: 65.4, Max: 103, Diff: 102, Sum: 916]
      [GC Worker Other (ms): Min: 0.0, Avg: 0.0, Max: 0.0, Diff: 0.0, Sum: 0.1]
      [GC Worker Total (ms): Min: 2.5, Avg: 2.7, Max: 2.9, Diff: 0.4, Sum: 37.8]
      [GC Worker End (ms): Min: 181782724.1, Avg: 181782724.1, Max: 181782724.2, Diff: 0.1]
   [Code Root Fixup: 0.0 ms]
   [Code Root Purge: 0.0 ms]
   [Clear CT: 0.3 ms]
   [Other: 4.9 ms]
      [Choose CSet: 0.0 ms]
      [Ref Proc: 4.3 ms]
      [Ref Enq: 0.2 ms]
      [Redirty Cards: 0.2 ms]
      [Humongous Register: 0.0 ms]
      [Humongous Reclaim: 0.0 ms]
      [Free CSet: 0.1 ms]
   [Eden: 7152.0M(7152.0M)->0.0B(7152.0M) Survivors: 16384.0K->16384.0K Heap: 10213.7M(14336.0M)->3061.5M(14336.0M)]
 [Times: user=0.05 sys=0.01, real=0.00 secs] 
2022-11-01T21:07:21.794-0600: 182742.215: [GC pause (G1 Evacuation Pause) (young), 0.0116999 secs]
   [Parallel Time: 4.5 ms, GC Workers: 14]
      [GC Worker Start (ms): Min: 182742214.7, Avg: 182742214.9, Max: 182742215.0, Diff: 0.3]
      [Ext Root Scanning (ms): Min: 0.2, Avg: 0.7, Max: 4.0, Diff: 3.8, Sum: 9.1]
      [Update RS (ms): Min: 0.0, Avg: 0.1, Max: 0.3, Diff: 0.3, Sum: 1.5]
         [Processed Buffers: Min: 0, Avg: 10.5, Max: 45, Diff: 45, Sum: 147]
      [Scan RS (ms): Min: 0.0, Avg: 0.0, Max: 0.1, Diff: 0.0, Sum: 0.4]
      [Code Root Scanning (ms): Min: 0.0, Avg: 0.0, Max: 0.0, Diff: 0.0, Sum: 0.0]
      [Object Copy (ms): Min: 0.0, Avg: 0.3, Max: 0.5, Diff: 0.5, Sum: 3.7]
      [Termination (ms): Min: 0.0, Avg: 2.8, Max: 3.2, Diff: 3.2, Sum: 39.7]
         [Termination Attempts: Min: 1, Avg: 2.0, Max: 4, Diff: 3, Sum: 28]
      [GC Worker Other (ms): Min: 0.0, Avg: 0.0, Max: 0.0, Diff: 0.0, Sum: 0.1]
      [GC Worker Total (ms): Min: 3.7, Avg: 3.9, Max: 4.0, Diff: 0.3, Sum: 54.6]
      [GC Worker End (ms): Min: 182742218.7, Avg: 182742218.8, Max: 182742218.9, Diff: 0.1]
   [Code Root Fixup: 0.0 ms]
   [Code Root Purge: 0.0 ms]
   [Clear CT: 0.4 ms]
   [Other: 6.8 ms]
      [Choose CSet: 0.0 ms]
      [Ref Proc: 6.0 ms]
      [Ref Enq: 0.2 ms]
      [Redirty Cards: 0.2 ms]
      [Humongous Register: 0.0 ms]
      [Humongous Reclaim: 0.0 ms]
      [Free CSet: 0.2 ms]
   [Eden: 7152.0M(7152.0M)->0.0B(7152.0M) Survivors: 16384.0K->16384.0K Heap: 10213.5M(14336.0M)->3062.0M(14336.0M)]
 [Times: user=0.08 sys=0.00, real=0.01 secs] 
2022-11-01T21:23:15.115-0600: 183695.535: [GC pause (G1 Evacuation Pause) (young) (initial-mark), 0.0204127 secs]
   [Parallel Time: 14.1 ms, GC Workers: 14]
      [GC Worker Start (ms): Min: 183695536.4, Avg: 183695536.6, Max: 183695536.7, Diff: 0.3]
      [Ext Root Scanning (ms): Min: 3.7, Avg: 3.9, Max: 4.1, Diff: 0.4, Sum: 54.9]
      [Update RS (ms): Min: 0.1, Avg: 0.1, Max: 0.4, Diff: 0.3, Sum: 1.9]
         [Processed Buffers: Min: 1, Avg: 10.2, Max: 28, Diff: 27, Sum: 143]
      [Scan RS (ms): Min: 0.0, Avg: 0.0, Max: 0.1, Diff: 0.1, Sum: 0.4]
      [Code Root Scanning (ms): Min: 0.0, Avg: 0.0, Max: 0.0, Diff: 0.0, Sum: 0.0]
      [Object Copy (ms): Min: 0.1, Avg: 0.9, Max: 7.9, Diff: 7.8, Sum: 12.0]
      [Termination (ms): Min: 0.0, Avg: 7.1, Max: 7.8, Diff: 7.8, Sum: 99.5]
         [Termination Attempts: Min: 1, Avg: 25.4, Max: 36, Diff: 35, Sum: 355]
      [GC Worker Other (ms): Min: 0.0, Avg: 0.0, Max: 0.0, Diff: 0.0, Sum: 0.1]
      [GC Worker Total (ms): Min: 11.9, Avg: 12.1, Max: 12.2, Diff: 0.4, Sum: 168.7]
      [GC Worker End (ms): Min: 183695548.6, Avg: 183695548.6, Max: 183695548.7, Diff: 0.2]
   [Code Root Fixup: 0.0 ms]
   [Code Root Purge: 0.0 ms]
   [Clear CT: 0.2 ms]
   [Other: 6.1 ms]
      [Choose CSet: 0.0 ms]
      [Ref Proc: 5.5 ms]
      [Ref Enq: 0.3 ms]
      [Redirty Cards: 0.2 ms]
      [Humongous Register: 0.0 ms]
      [Humongous Reclaim: 0.0 ms]
      [Free CSet: 0.1 ms]
   [Eden: 7152.0M(7152.0M)->0.0B(7152.0M) Survivors: 16384.0K->16384.0K Heap: 10214.0M(14336.0M)->3062.0M(14336.0M)]
 [Times: user=0.17 sys=0.00, real=0.02 secs] 
2022-11-01T21:23:15.135-0600: 183695.556: [GC concurrent-root-region-scan-start]
2022-11-01T21:23:15.138-0600: 183695.559: [GC concurrent-root-region-scan-end, 0.0029369 secs]
2022-11-01T21:23:15.138-0600: 183695.559: [GC concurrent-mark-start]
2022-11-01T21:23:15.707-0600: 183696.128: [GC concurrent-mark-end, 0.5691312 secs]
2022-11-01T21:23:15.708-0600: 183696.128: [GC remark 2022-11-01T21:23:15.708-0600: 183696.128: [Finalize Marking, 0.0008930 secs] 2022-11-01T21:23:15.709-0600: 183696.129: [GC ref-proc, 0.0069118 secs] 2022-11-01T21:23:15.715-0600: 183696.136: [Unloading, 0.0184908 secs], 0.0281945 secs]
 [Times: user=0.29 sys=0.00, real=0.03 secs] 
2022-11-01T21:23:15.736-0600: 183696.156: [GC cleanup 3122M->3122M(14336M), 0.0049566 secs]
 [Times: user=0.03 sys=0.00, real=0.01 secs] 
2022-11-01T21:39:10.139-0600: 184650.560: [GC pause (G1 Evacuation Pause) (young), 0.0085857 secs]
   [Parallel Time: 3.0 ms, GC Workers: 14]
      [GC Worker Start (ms): Min: 184650559.8, Avg: 184650559.9, Max: 184650560.1, Diff: 0.3]
      [Ext Root Scanning (ms): Min: 0.3, Avg: 0.6, Max: 2.7, Diff: 2.4, Sum: 8.2]
      [Update RS (ms): Min: 0.0, Avg: 0.1, Max: 0.3, Diff: 0.3, Sum: 1.7]
         [Processed Buffers: Min: 0, Avg: 11.6, Max: 41, Diff: 41, Sum: 163]
      [Scan RS (ms): Min: 0.0, Avg: 0.0, Max: 0.0, Diff: 0.0, Sum: 0.4]
      [Code Root Scanning (ms): Min: 0.0, Avg: 0.0, Max: 0.0, Diff: 0.0, Sum: 0.0]
      [Object Copy (ms): Min: 0.0, Avg: 0.2, Max: 0.3, Diff: 0.3, Sum: 3.2]
      [Termination (ms): Min: 0.0, Avg: 1.6, Max: 1.8, Diff: 1.8, Sum: 22.5]
         [Termination Attempts: Min: 1, Avg: 6.4, Max: 12, Diff: 11, Sum: 89]
      [GC Worker Other (ms): Min: 0.0, Avg: 0.0, Max: 0.0, Diff: 0.0, Sum: 0.1]
      [GC Worker Total (ms): Min: 2.5, Avg: 2.6, Max: 2.8, Diff: 0.3, Sum: 36.1]
      [GC Worker End (ms): Min: 184650562.5, Avg: 184650562.5, Max: 184650562.5, Diff: 0.1]
   [Code Root Fixup: 0.0 ms]
   [Code Root Purge: 0.0 ms]
   [Clear CT: 0.3 ms]
   [Other: 5.2 ms]
      [Choose CSet: 0.0 ms]
      [Ref Proc: 4.5 ms]
      [Ref Enq: 0.3 ms]
      [Redirty Cards: 0.2 ms]
      [Humongous Register: 0.0 ms]
      [Humongous Reclaim: 0.0 ms]
      [Free CSet: 0.2 ms]
   [Eden: 7152.0M(7152.0M)->0.0B(7152.0M) Survivors: 16384.0K->16384.0K Heap: 10214.0M(14336.0M)->3062.0M(14336.0M)]
 [Times: user=0.05 sys=0.00, real=0.01 secs] 
2022-11-01T21:55:06.715-0600: 185607.135: [GC pause (G1 Evacuation Pause) (young), 0.0111316 secs]
   [Parallel Time: 4.3 ms, GC Workers: 14]
      [GC Worker Start (ms): Min: 185607135.4, Avg: 185607135.6, Max: 185607135.8, Diff: 0.4]
      [Ext Root Scanning (ms): Min: 0.2, Avg: 0.7, Max: 4.0, Diff: 3.7, Sum: 9.4]
      [Update RS (ms): Min: 0.0, Avg: 0.1, Max: 0.3, Diff: 0.3, Sum: 1.6]
         [Processed Buffers: Min: 0, Avg: 11.3, Max: 36, Diff: 36, Sum: 158]
      [Scan RS (ms): Min: 0.0, Avg: 0.0, Max: 0.1, Diff: 0.1, Sum: 0.4]
      [Code Root Scanning (ms): Min: 0.0, Avg: 0.0, Max: 0.0, Diff: 0.0, Sum: 0.0]
      [Object Copy (ms): Min: 0.0, Avg: 0.2, Max: 0.3, Diff: 0.3, Sum: 3.1]
      [Termination (ms): Min: 0.0, Avg: 2.8, Max: 3.1, Diff: 3.1, Sum: 39.3]
         [Termination Attempts: Min: 1, Avg: 10.0, Max: 20, Diff: 19, Sum: 140]
      [GC Worker Other (ms): Min: 0.0, Avg: 0.0, Max: 0.0, Diff: 0.0, Sum: 0.1]
      [GC Worker Total (ms): Min: 3.6, Avg: 3.8, Max: 4.1, Diff: 0.4, Sum: 53.9]
      [GC Worker End (ms): Min: 185607139.4, Avg: 185607139.5, Max: 185607139.5, Diff: 0.2]
   [Code Root Fixup: 0.0 ms]
   [Code Root Purge: 0.0 ms]
   [Clear CT: 0.2 ms]
   [Other: 6.6 ms]
      [Choose CSet: 0.0 ms]
      [Ref Proc: 5.8 ms]
      [Ref Enq: 0.3 ms]
      [Redirty Cards: 0.2 ms]
      [Humongous Register: 0.0 ms]
      [Humongous Reclaim: 0.0 ms]
      [Free CSet: 0.2 ms]
   [Eden: 7152.0M(7152.0M)->0.0B(7152.0M) Survivors: 16384.0K->16384.0K Heap: 10214.0M(14336.0M)->3061.7M(14336.0M)]
 [Times: user=0.08 sys=0.00, real=0.01 secs] 
2022-11-01T22:11:03.764-0600: 186564.185: [GC pause (G1 Evacuation Pause) (young) (initial-mark), 0.0195281 secs]
   [Parallel Time: 12.3 ms, GC Workers: 14]
      [GC Worker Start (ms): Min: 186564186.3, Avg: 186564186.5, Max: 186564186.7, Diff: 0.4]
      [Ext Root Scanning (ms): Min: 3.5, Avg: 3.7, Max: 3.9, Diff: 0.4, Sum: 51.8]
      [Update RS (ms): Min: 0.1, Avg: 0.1, Max: 0.3, Diff: 0.2, Sum: 1.8]
         [Processed Buffers: Min: 1, Avg: 11.1, Max: 39, Diff: 38, Sum: 155]
      [Scan RS (ms): Min: 0.0, Avg: 0.0, Max: 0.1, Diff: 0.1, Sum: 0.5]
      [Code Root Scanning (ms): Min: 0.0, Avg: 0.0, Max: 0.0, Diff: 0.0, Sum: 0.0]
      [Object Copy (ms): Min: 0.0, Avg: 2.0, Max: 6.2, Diff: 6.2, Sum: 27.3]
      [Termination (ms): Min: 0.0, Avg: 4.2, Max: 6.1, Diff: 6.1, Sum: 59.2]
         [Termination Attempts: Min: 1, Avg: 4.4, Max: 17, Diff: 16, Sum: 62]
      [GC Worker Other (ms): Min: 0.0, Avg: 0.0, Max: 0.0, Diff: 0.0, Sum: 0.1]
      [GC Worker Total (ms): Min: 9.9, Avg: 10.0, Max: 10.2, Diff: 0.4, Sum: 140.7]
      [GC Worker End (ms): Min: 186564196.6, Avg: 186564196.6, Max: 186564196.7, Diff: 0.1]
   [Code Root Fixup: 0.0 ms]
   [Code Root Purge: 0.0 ms]
   [Clear CT: 0.4 ms]
   [Other: 6.8 ms]
      [Choose CSet: 0.0 ms]
      [Ref Proc: 6.1 ms]
      [Ref Enq: 0.2 ms]
      [Redirty Cards: 0.2 ms]
      [Humongous Register: 0.0 ms]
      [Humongous Reclaim: 0.0 ms]
      [Free CSet: 0.2 ms]
   [Eden: 7152.0M(7152.0M)->0.0B(7152.0M) Survivors: 16384.0K->16384.0K Heap: 10213.7M(14336.0M)->3062.0M(14336.0M)]
 [Times: user=0.13 sys=0.00, real=0.02 secs] 
2022-11-01T22:11:03.784-0600: 186564.204: [GC concurrent-root-region-scan-start]
2022-11-01T22:11:03.787-0600: 186564.207: [GC concurrent-root-region-scan-end, 0.0028289 secs]
2022-11-01T22:11:03.787-0600: 186564.207: [GC concurrent-mark-start]
2022-11-01T22:11:04.410-0600: 186564.830: [GC concurrent-mark-end, 0.6229238 secs]
2022-11-01T22:11:04.410-0600: 186564.830: [GC remark 2022-11-01T22:11:04.410-0600: 186564.830: [Finalize Marking, 0.0007922 secs] 2022-11-01T22:11:04.411-0600: 186564.831: [GC ref-proc, 0.0080984 secs] 2022-11-01T22:11:04.419-0600: 186564.839: [Unloading, 0.0195077 secs], 0.0308920 secs]
 [Times: user=0.29 sys=0.00, real=0.04 secs] 
2022-11-01T22:11:04.441-0600: 186564.861: [GC cleanup 3094M->3094M(14336M), 0.0054186 secs]
 [Times: user=0.04 sys=0.00, real=0.00 secs] 
2022-11-01T22:27:02.115-0600: 187522.535: [GC pause (G1 Evacuation Pause) (young), 0.0127354 secs]
   [Parallel Time: 6.1 ms, GC Workers: 14]
      [GC Worker Start (ms): Min: 187522535.2, Avg: 187522535.5, Max: 187522535.7, Diff: 0.4]
      [Ext Root Scanning (ms): Min: 0.2, Avg: 0.6, Max: 2.8, Diff: 2.6, Sum: 8.4]
      [Update RS (ms): Min: 0.0, Avg: 0.1, Max: 0.3, Diff: 0.3, Sum: 1.7]
         [Processed Buffers: Min: 0, Avg: 11.5, Max: 38, Diff: 38, Sum: 161]
      [Scan RS (ms): Min: 0.0, Avg: 0.0, Max: 0.1, Diff: 0.1, Sum: 0.4]
      [Code Root Scanning (ms): Min: 0.0, Avg: 0.0, Max: 0.0, Diff: 0.0, Sum: 0.0]
      [Object Copy (ms): Min: 0.0, Avg: 0.5, Max: 4.5, Diff: 4.5, Sum: 7.2]
      [Termination (ms): Min: 0.0, Avg: 3.9, Max: 4.4, Diff: 4.4, Sum: 54.5]
         [Termination Attempts: Min: 1, Avg: 5.5, Max: 13, Diff: 12, Sum: 77]
      [GC Worker Other (ms): Min: 0.0, Avg: 0.0, Max: 0.0, Diff: 0.0, Sum: 0.1]
      [GC Worker Total (ms): Min: 5.0, Avg: 5.2, Max: 5.5, Diff: 0.5, Sum: 72.5]
      [GC Worker End (ms): Min: 187522540.6, Avg: 187522540.6, Max: 187522540.7, Diff: 0.1]
   [Code Root Fixup: 0.0 ms]
   [Code Root Purge: 0.0 ms]
   [Clear CT: 0.3 ms]
   [Other: 6.3 ms]
      [Choose CSet: 0.0 ms]
      [Ref Proc: 5.6 ms]
      [Ref Enq: 0.3 ms]
      [Redirty Cards: 0.2 ms]
      [Humongous Register: 0.0 ms]
      [Humongous Reclaim: 0.0 ms]
      [Free CSet: 0.2 ms]
   [Eden: 7152.0M(7152.0M)->0.0B(7152.0M) Survivors: 16384.0K->16384.0K Heap: 10214.0M(14336.0M)->3061.7M(14336.0M)]
 [Times: user=0.09 sys=0.00, real=0.01 secs] 
2022-11-01T22:42:56.304-0600: 188476.724: [GC pause (G1 Evacuation Pause) (young), 0.0096646 secs]
   [Parallel Time: 4.3 ms, GC Workers: 14]
      [GC Worker Start (ms): Min: 188476724.4, Avg: 188476724.6, Max: 188476724.7, Diff: 0.3]
      [Ext Root Scanning (ms): Min: 0.2, Avg: 0.7, Max: 4.0, Diff: 3.8, Sum: 9.4]
      [Update RS (ms): Min: 0.0, Avg: 0.1, Max: 0.3, Diff: 0.3, Sum: 1.7]
         [Processed Buffers: Min: 0, Avg: 11.1, Max: 40, Diff: 40, Sum: 156]
      [Scan RS (ms): Min: 0.0, Avg: 0.0, Max: 0.1, Diff: 0.1, Sum: 0.5]
      [Code Root Scanning (ms): Min: 0.0, Avg: 0.0, Max: 0.0, Diff: 0.0, Sum: 0.0]
      [Object Copy (ms): Min: 0.0, Avg: 0.3, Max: 0.4, Diff: 0.4, Sum: 3.8]
      [Termination (ms): Min: 0.0, Avg: 2.9, Max: 3.2, Diff: 3.2, Sum: 40.1]
         [Termination Attempts: Min: 1, Avg: 35.2, Max: 53, Diff: 52, Sum: 493]
      [GC Worker Other (ms): Min: 0.0, Avg: 0.0, Max: 0.0, Diff: 0.0, Sum: 0.1]
      [GC Worker Total (ms): Min: 3.8, Avg: 4.0, Max: 4.1, Diff: 0.3, Sum: 55.6]
      [GC Worker End (ms): Min: 188476728.5, Avg: 188476728.5, Max: 188476728.6, Diff: 0.1]
   [Code Root Fixup: 0.0 ms]
   [Code Root Purge: 0.0 ms]
   [Clear CT: 0.3 ms]
   [Other: 5.1 ms]
      [Choose CSet: 0.0 ms]
      [Ref Proc: 4.3 ms]
      [Ref Enq: 0.3 ms]
      [Redirty Cards: 0.2 ms]
      [Humongous Register: 0.0 ms]
      [Humongous Reclaim: 0.0 ms]
      [Free CSet: 0.2 ms]
   [Eden: 7152.0M(7152.0M)->0.0B(7152.0M) Survivors: 16384.0K->16384.0K Heap: 10213.7M(14336.0M)->3061.9M(14336.0M)]
 [Times: user=0.08 sys=0.00, real=0.01 secs] 
2022-11-01T22:58:55.864-0600: 189436.285: [GC pause (G1 Evacuation Pause) (young) (initial-mark), 0.0191698 secs]
   [Parallel Time: 13.4 ms, GC Workers: 14]
      [GC Worker Start (ms): Min: 189436285.9, Avg: 189436286.1, Max: 189436286.2, Diff: 0.3]
      [Ext Root Scanning (ms): Min: 3.9, Avg: 4.1, Max: 4.3, Diff: 0.4, Sum: 57.3]
      [Update RS (ms): Min: 0.0, Avg: 0.1, Max: 0.3, Diff: 0.3, Sum: 1.7]
         [Processed Buffers: Min: 1, Avg: 11.7, Max: 38, Diff: 37, Sum: 164]
      [Scan RS (ms): Min: 0.0, Avg: 0.0, Max: 0.1, Diff: 0.1, Sum: 0.5]
      [Code Root Scanning (ms): Min: 0.0, Avg: 0.0, Max: 0.0, Diff: 0.0, Sum: 0.0]
      [Object Copy (ms): Min: 0.1, Avg: 2.7, Max: 7.2, Diff: 7.1, Sum: 37.2]
      [Termination (ms): Min: 0.0, Avg: 4.6, Max: 7.0, Diff: 7.0, Sum: 63.9]
         [Termination Attempts: Min: 1, Avg: 6.0, Max: 13, Diff: 12, Sum: 84]
      [GC Worker Other (ms): Min: 0.0, Avg: 0.0, Max: 0.0, Diff: 0.0, Sum: 0.1]
      [GC Worker Total (ms): Min: 11.3, Avg: 11.5, Max: 11.6, Diff: 0.3, Sum: 160.5]
      [GC Worker End (ms): Min: 189436297.5, Avg: 189436297.5, Max: 189436297.6, Diff: 0.1]
   [Code Root Fixup: 0.0 ms]
   [Code Root Purge: 0.0 ms]
   [Clear CT: 0.4 ms]
   [Other: 5.3 ms]
      [Choose CSet: 0.0 ms]
      [Ref Proc: 4.7 ms]
      [Ref Enq: 0.2 ms]
      [Redirty Cards: 0.2 ms]
      [Humongous Register: 0.0 ms]
      [Humongous Reclaim: 0.0 ms]
      [Free CSet: 0.1 ms]
   [Eden: 7152.0M(7152.0M)->0.0B(7152.0M) Survivors: 16384.0K->16384.0K Heap: 10213.9M(14336.0M)->3061.8M(14336.0M)]
 [Times: user=0.14 sys=0.00, real=0.02 secs] 
2022-11-01T22:58:55.884-0600: 189436.304: [GC concurrent-root-region-scan-start]
2022-11-01T22:58:55.886-0600: 189436.307: [GC concurrent-root-region-scan-end, 0.0029066 secs]
2022-11-01T22:58:55.886-0600: 189436.307: [GC concurrent-mark-start]
2022-11-01T22:58:56.475-0600: 189436.895: [GC concurrent-mark-end, 0.5882613 secs]
2022-11-01T22:58:56.475-0600: 189436.895: [GC remark 2022-11-01T22:58:56.475-0600: 189436.895: [Finalize Marking, 0.0005008 secs] 2022-11-01T22:58:56.475-0600: 189436.896: [GC ref-proc, 0.0056603 secs] 2022-11-01T22:58:56.481-0600: 189436.901: [Unloading, 0.0188107 secs], 0.0270042 secs]
 [Times: user=0.28 sys=0.00, real=0.03 secs] 
2022-11-01T22:58:56.502-0600: 189436.922: [GC cleanup 3093M->3093M(14336M), 0.0049462 secs]
 [Times: user=0.04 sys=0.00, real=0.00 secs] 
2022-11-01T23:14:52.315-0600: 190392.735: [GC pause (G1 Evacuation Pause) (young), 0.0287485 secs]
   [Parallel Time: 8.8 ms, GC Workers: 14]
      [GC Worker Start (ms): Min: 190392735.4, Avg: 190392735.6, Max: 190392735.8, Diff: 0.4]
      [Ext Root Scanning (ms): Min: 0.3, Avg: 0.6, Max: 3.2, Diff: 2.9, Sum: 9.0]
      [Update RS (ms): Min: 0.0, Avg: 0.2, Max: 0.4, Diff: 0.4, Sum: 2.2]
         [Processed Buffers: Min: 0, Avg: 12.2, Max: 30, Diff: 30, Sum: 171]
      [Scan RS (ms): Min: 0.0, Avg: 0.0, Max: 0.1, Diff: 0.1, Sum: 0.6]
      [Code Root Scanning (ms): Min: 0.0, Avg: 0.0, Max: 0.0, Diff: 0.0, Sum: 0.0]
      [Object Copy (ms): Min: 0.0, Avg: 1.3, Max: 7.2, Diff: 7.2, Sum: 17.6]
      [Termination (ms): Min: 0.0, Avg: 5.8, Max: 6.9, Diff: 6.9, Sum: 80.6]
         [Termination Attempts: Min: 1, Avg: 18.9, Max: 43, Diff: 42, Sum: 264]
      [GC Worker Other (ms): Min: 0.0, Avg: 0.0, Max: 0.0, Diff: 0.0, Sum: 0.1]
      [GC Worker Total (ms): Min: 7.7, Avg: 7.9, Max: 8.2, Diff: 0.5, Sum: 110.2]
      [GC Worker End (ms): Min: 190392743.5, Avg: 190392743.5, Max: 190392743.6, Diff: 0.1]
   [Code Root Fixup: 0.0 ms]
   [Code Root Purge: 0.0 ms]
   [Clear CT: 2.2 ms]
   [Other: 17.7 ms]
      [Choose CSet: 0.0 ms]
      [Ref Proc: 16.9 ms]
      [Ref Enq: 0.5 ms]
      [Redirty Cards: 0.2 ms]
      [Humongous Register: 0.0 ms]
      [Humongous Reclaim: 0.0 ms]
      [Free CSet: 0.1 ms]
   [Eden: 7152.0M(7152.0M)->0.0B(7152.0M) Survivors: 16384.0K->16384.0K Heap: 10213.8M(14336.0M)->3061.7M(14336.0M)]
 [Times: user=0.15 sys=0.00, real=0.03 secs] 
2022-11-01T23:31:00.865-0600: 191361.285: [GC pause (G1 Evacuation Pause) (young), 0.0402739 secs]
   [Parallel Time: 10.4 ms, GC Workers: 14]
      [GC Worker Start (ms): Min: 191361285.4, Avg: 191361285.5, Max: 191361285.7, Diff: 0.3]
      [Ext Root Scanning (ms): Min: 0.3, Avg: 0.8, Max: 4.3, Diff: 4.0, Sum: 10.5]
      [Update RS (ms): Min: 0.0, Avg: 0.2, Max: 0.5, Diff: 0.5, Sum: 2.2]
         [Processed Buffers: Min: 0, Avg: 10.9, Max: 24, Diff: 24, Sum: 152]
      [Scan RS (ms): Min: 0.0, Avg: 0.0, Max: 0.1, Diff: 0.1, Sum: 0.5]
      [Code Root Scanning (ms): Min: 0.0, Avg: 0.0, Max: 0.0, Diff: 0.0, Sum: 0.0]
      [Object Copy (ms): Min: 0.0, Avg: 1.5, Max: 9.3, Diff: 9.3, Sum: 21.4]
      [Termination (ms): Min: 0.0, Avg: 7.5, Max: 9.1, Diff: 9.1, Sum: 104.9]
         [Termination Attempts: Min: 1, Avg: 18.7, Max: 33, Diff: 32, Sum: 262]
      [GC Worker Other (ms): Min: 0.0, Avg: 0.0, Max: 0.0, Diff: 0.0, Sum: 0.1]
      [GC Worker Total (ms): Min: 9.8, Avg: 10.0, Max: 10.1, Diff: 0.3, Sum: 139.8]
      [GC Worker End (ms): Min: 191361295.5, Avg: 191361295.5, Max: 191361295.6, Diff: 0.1]
   [Code Root Fixup: 0.0 ms]
   [Code Root Purge: 0.0 ms]
   [Clear CT: 0.3 ms]
   [Other: 29.5 ms]
      [Choose CSet: 0.0 ms]
      [Ref Proc: 28.7 ms]
      [Ref Enq: 0.3 ms]
      [Redirty Cards: 0.2 ms]
      [Humongous Register: 0.0 ms]
      [Humongous Reclaim: 0.0 ms]
      [Free CSet: 0.2 ms]
   [Eden: 7152.0M(7152.0M)->0.0B(7152.0M) Survivors: 16384.0K->16384.0K Heap: 10213.7M(14336.0M)->3062.1M(14336.0M)]
 [Times: user=0.28 sys=0.00, real=0.04 secs] 
2022-11-01T23:47:16.115-0600: 192336.535: [GC pause (G1 Evacuation Pause) (young) (initial-mark), 0.0635279 secs]
   [Parallel Time: 16.1 ms, GC Workers: 14]
      [GC Worker Start (ms): Min: 192336536.5, Avg: 192336536.6, Max: 192336536.9, Diff: 0.4]
      [Ext Root Scanning (ms): Min: 3.7, Avg: 6.5, Max: 8.2, Diff: 4.5, Sum: 91.6]
      [Update RS (ms): Min: 0.0, Avg: 0.1, Max: 0.4, Diff: 0.4, Sum: 1.3]
         [Processed Buffers: Min: 0, Avg: 11.6, Max: 69, Diff: 69, Sum: 163]
      [Scan RS (ms): Min: 0.0, Avg: 0.0, Max: 0.1, Diff: 0.1, Sum: 0.3]
      [Code Root Scanning (ms): Min: 0.0, Avg: 0.0, Max: 0.0, Diff: 0.0, Sum: 0.0]
      [Object Copy (ms): Min: 0.0, Avg: 0.8, Max: 10.3, Diff: 10.3, Sum: 11.8]
      [Termination (ms): Min: 0.0, Avg: 7.0, Max: 10.0, Diff: 10.0, Sum: 98.2]
         [Termination Attempts: Min: 1, Avg: 2.6, Max: 10, Diff: 9, Sum: 36]
      [GC Worker Other (ms): Min: 0.0, Avg: 0.0, Max: 0.0, Diff: 0.0, Sum: 0.1]
      [GC Worker Total (ms): Min: 14.3, Avg: 14.5, Max: 14.7, Diff: 0.4, Sum: 203.3]
      [GC Worker End (ms): Min: 192336551.1, Avg: 192336551.2, Max: 192336551.2, Diff: 0.1]
   [Code Root Fixup: 0.0 ms]
   [Code Root Purge: 0.0 ms]
   [Clear CT: 2.2 ms]
   [Other: 45.3 ms]
      [Choose CSet: 0.0 ms]
      [Ref Proc: 42.2 ms]
      [Ref Enq: 0.9 ms]
      [Redirty Cards: 1.9 ms]
      [Humongous Register: 0.0 ms]
      [Humongous Reclaim: 0.0 ms]
      [Free CSet: 0.1 ms]
   [Eden: 7152.0M(7152.0M)->0.0B(7152.0M) Survivors: 16384.0K->16384.0K Heap: 10214.1M(14336.0M)->3061.8M(14336.0M)]
 [Times: user=0.30 sys=0.00, real=0.06 secs] 
2022-11-01T23:47:16.180-0600: 192336.600: [GC concurrent-root-region-scan-start]
2022-11-01T23:47:16.183-0600: 192336.603: [GC concurrent-root-region-scan-end, 0.0031980 secs]
2022-11-01T23:47:16.183-0600: 192336.603: [GC concurrent-mark-start]
2022-11-01T23:47:16.757-0600: 192337.178: [GC concurrent-mark-end, 0.5746839 secs]
2022-11-01T23:47:16.758-0600: 192337.178: [GC remark 2022-11-01T23:47:16.758-0600: 192337.178: [Finalize Marking, 0.0023533 secs] 2022-11-01T23:47:16.760-0600: 192337.180: [GC ref-proc, 0.0083487 secs] 2022-11-01T23:47:16.769-0600: 192337.189: [Unloading, 0.0192097 secs], 0.0317824 secs]
 [Times: user=0.31 sys=0.00, real=0.03 secs] 
2022-11-01T23:47:16.790-0600: 192337.210: [GC cleanup 3121M->3121M(14336M), 0.0053205 secs]
 [Times: user=0.04 sys=0.00, real=0.01 secs] 
2022-11-02T00:03:10.916-0600: 193291.336: [GC pause (G1 Evacuation Pause) (young), 0.0149060 secs]
   [Parallel Time: 3.9 ms, GC Workers: 14]
      [GC Worker Start (ms): Min: 193291336.5, Avg: 193291336.7, Max: 193291336.9, Diff: 0.4]
      [Ext Root Scanning (ms): Min: 0.3, Avg: 0.7, Max: 3.7, Diff: 3.4, Sum: 10.0]
      [Update RS (ms): Min: 0.0, Avg: 0.1, Max: 0.3, Diff: 0.3, Sum: 2.0]
         [Processed Buffers: Min: 0, Avg: 10.9, Max: 33, Diff: 33, Sum: 152]
      [Scan RS (ms): Min: 0.0, Avg: 0.0, Max: 0.1, Diff: 0.1, Sum: 0.5]
      [Code Root Scanning (ms): Min: 0.0, Avg: 0.0, Max: 0.0, Diff: 0.0, Sum: 0.0]
      [Object Copy (ms): Min: 0.0, Avg: 0.2, Max: 0.4, Diff: 0.4, Sum: 3.5]
      [Termination (ms): Min: 0.0, Avg: 2.4, Max: 2.7, Diff: 2.7, Sum: 33.4]
         [Termination Attempts: Min: 1, Avg: 12.1, Max: 20, Diff: 19, Sum: 170]
      [GC Worker Other (ms): Min: 0.0, Avg: 0.0, Max: 0.0, Diff: 0.0, Sum: 0.1]
      [GC Worker Total (ms): Min: 3.3, Avg: 3.5, Max: 3.8, Diff: 0.5, Sum: 49.4]
      [GC Worker End (ms): Min: 193291340.2, Avg: 193291340.2, Max: 193291340.3, Diff: 0.1]
   [Code Root Fixup: 0.0 ms]
   [Code Root Purge: 0.0 ms]
   [Clear CT: 0.5 ms]
   [Other: 10.5 ms]
      [Choose CSet: 0.0 ms]
      [Ref Proc: 9.6 ms]
      [Ref Enq: 0.2 ms]
      [Redirty Cards: 0.3 ms]
      [Humongous Register: 0.0 ms]
      [Humongous Reclaim: 0.0 ms]
      [Free CSet: 0.2 ms]
   [Eden: 7152.0M(7152.0M)->0.0B(7152.0M) Survivors: 16384.0K->16384.0K Heap: 10213.8M(14336.0M)->3062.0M(14336.0M)]
 [Times: user=0.08 sys=0.00, real=0.01 secs] 
2022-11-02T00:19:23.965-0600: 194264.385: [GC pause (G1 Evacuation Pause) (young), 0.0462856 secs]
   [Parallel Time: 8.1 ms, GC Workers: 14]
      [GC Worker Start (ms): Min: 194264385.5, Avg: 194264385.6, Max: 194264385.8, Diff: 0.3]
      [Ext Root Scanning (ms): Min: 0.2, Avg: 0.6, Max: 3.1, Diff: 2.9, Sum: 8.8]
      [Update RS (ms): Min: 0.0, Avg: 0.1, Max: 0.3, Diff: 0.3, Sum: 1.8]
         [Processed Buffers: Min: 0, Avg: 10.6, Max: 49, Diff: 49, Sum: 148]
      [Scan RS (ms): Min: 0.0, Avg: 0.0, Max: 0.1, Diff: 0.1, Sum: 0.5]
      [Code Root Scanning (ms): Min: 0.0, Avg: 0.0, Max: 0.0, Diff: 0.0, Sum: 0.0]
      [Object Copy (ms): Min: 0.0, Avg: 2.2, Max: 7.1, Diff: 7.1, Sum: 30.8]
      [Termination (ms): Min: 0.0, Avg: 4.8, Max: 6.9, Diff: 6.9, Sum: 66.6]
         [Termination Attempts: Min: 1, Avg: 11.6, Max: 27, Diff: 26, Sum: 162]
      [GC Worker Other (ms): Min: 0.0, Avg: 0.0, Max: 0.0, Diff: 0.0, Sum: 0.1]
      [GC Worker Total (ms): Min: 7.6, Avg: 7.8, Max: 7.9, Diff: 0.4, Sum: 108.6]
      [GC Worker End (ms): Min: 194264393.3, Avg: 194264393.4, Max: 194264393.5, Diff: 0.1]
   [Code Root Fixup: 0.0 ms]
   [Code Root Purge: 0.0 ms]
   [Clear CT: 0.5 ms]
   [Other: 37.7 ms]
      [Choose CSet: 0.0 ms]
      [Ref Proc: 36.5 ms]
      [Ref Enq: 0.4 ms]
      [Redirty Cards: 0.4 ms]
      [Humongous Register: 0.0 ms]
      [Humongous Reclaim: 0.0 ms]
      [Free CSet: 0.2 ms]
   [Eden: 7152.0M(7152.0M)->0.0B(7152.0M) Survivors: 16384.0K->16384.0K Heap: 10214.0M(14336.0M)->3061.8M(14336.0M)]
 [Times: user=0.33 sys=0.00, real=0.04 secs] 
2022-11-02T00:35:29.315-0600: 195229.735: [GC pause (G1 Evacuation Pause) (young) (initial-mark), 0.0224040 secs]
   [Parallel Time: 9.7 ms, GC Workers: 14]
      [GC Worker Start (ms): Min: 195229736.7, Avg: 195229736.8, Max: 195229737.0, Diff: 0.3]
      [Ext Root Scanning (ms): Min: 5.0, Avg: 5.2, Max: 5.3, Diff: 0.3, Sum: 72.5]
      [Update RS (ms): Min: 0.1, Avg: 0.1, Max: 0.3, Diff: 0.2, Sum: 2.0]
         [Processed Buffers: Min: 1, Avg: 11.9, Max: 30, Diff: 29, Sum: 166]
      [Scan RS (ms): Min: 0.0, Avg: 0.0, Max: 0.1, Diff: 0.0, Sum: 0.5]
      [Code Root Scanning (ms): Min: 0.0, Avg: 0.0, Max: 0.0, Diff: 0.0, Sum: 0.0]
      [Object Copy (ms): Min: 0.2, Avg: 0.3, Max: 0.4, Diff: 0.2, Sum: 4.3]
      [Termination (ms): Min: 0.0, Avg: 0.0, Max: 0.0, Diff: 0.0, Sum: 0.2]
         [Termination Attempts: Min: 17, Avg: 23.9, Max: 32, Diff: 15, Sum: 334]
      [GC Worker Other (ms): Min: 0.0, Avg: 0.2, Max: 0.5, Diff: 0.5, Sum: 2.8]
      [GC Worker Total (ms): Min: 5.5, Avg: 5.9, Max: 6.2, Diff: 0.7, Sum: 82.4]
      [GC Worker End (ms): Min: 195229742.5, Avg: 195229742.7, Max: 195229743.0, Diff: 0.5]
   [Code Root Fixup: 0.0 ms]
   [Code Root Purge: 0.0 ms]
   [Clear CT: 0.5 ms]
   [Other: 12.2 ms]
      [Choose CSet: 0.0 ms]
      [Ref Proc: 11.4 ms]
      [Ref Enq: 0.2 ms]
      [Redirty Cards: 0.3 ms]
      [Humongous Register: 0.0 ms]
      [Humongous Reclaim: 0.0 ms]
      [Free CSet: 0.1 ms]
   [Eden: 7152.0M(7152.0M)->0.0B(7152.0M) Survivors: 16384.0K->16384.0K Heap: 10213.8M(14336.0M)->3062.2M(14336.0M)]
 [Times: user=0.08 sys=0.00, real=0.02 secs] 
2022-11-02T00:35:29.337-0600: 195229.758: [GC concurrent-root-region-scan-start]
2022-11-02T00:35:29.342-0600: 195229.763: [GC concurrent-root-region-scan-end, 0.0049574 secs]
2022-11-02T00:35:29.342-0600: 195229.763: [GC concurrent-mark-start]
2022-11-02T00:35:30.018-0600: 195230.438: [GC concurrent-mark-end, 0.6755373 secs]
2022-11-02T00:35:30.018-0600: 195230.438: [GC remark 2022-11-02T00:35:30.018-0600: 195230.438: [Finalize Marking, 0.0005723 secs] 2022-11-02T00:35:30.019-0600: 195230.439: [GC ref-proc, 0.0074585 secs] 2022-11-02T00:35:30.026-0600: 195230.447: [Unloading, 0.0208693 secs], 0.0310015 secs]
 [Times: user=0.30 sys=0.00, real=0.03 secs] 
2022-11-02T00:35:30.049-0600: 195230.470: [GC cleanup 3094M->3094M(14336M), 0.0106039 secs]
 [Times: user=0.05 sys=0.00, real=0.01 secs] 
2022-11-02T00:51:28.746-0600: 196189.166: [GC pause (G1 Evacuation Pause) (young), 0.0140906 secs]
   [Parallel Time: 9.1 ms, GC Workers: 14]
      [GC Worker Start (ms): Min: 196189166.2, Avg: 196189166.4, Max: 196189166.5, Diff: 0.3]
      [Ext Root Scanning (ms): Min: 0.3, Avg: 0.7, Max: 4.1, Diff: 3.8, Sum: 9.4]
      [Update RS (ms): Min: 0.0, Avg: 0.1, Max: 0.3, Diff: 0.3, Sum: 1.9]
         [Processed Buffers: Min: 0, Avg: 11.6, Max: 31, Diff: 31, Sum: 162]
      [Scan RS (ms): Min: 0.0, Avg: 0.0, Max: 0.0, Diff: 0.0, Sum: 0.4]
      [Code Root Scanning (ms): Min: 0.0, Avg: 0.0, Max: 0.0, Diff: 0.0, Sum: 0.0]
      [Object Copy (ms): Min: 0.0, Avg: 1.4, Max: 8.1, Diff: 8.1, Sum: 19.1]
      [Termination (ms): Min: 0.0, Avg: 6.5, Max: 8.0, Diff: 8.0, Sum: 91.3]
         [Termination Attempts: Min: 1, Avg: 18.0, Max: 34, Diff: 33, Sum: 252]
      [GC Worker Other (ms): Min: 0.0, Avg: 0.0, Max: 0.0, Diff: 0.0, Sum: 0.1]
      [GC Worker Total (ms): Min: 8.6, Avg: 8.7, Max: 8.9, Diff: 0.3, Sum: 122.2]
      [GC Worker End (ms): Min: 196189175.1, Avg: 196189175.1, Max: 196189175.3, Diff: 0.2]
   [Code Root Fixup: 0.0 ms]
   [Code Root Purge: 0.0 ms]
   [Clear CT: 0.4 ms]
   [Other: 4.6 ms]
      [Choose CSet: 0.0 ms]
      [Ref Proc: 3.9 ms]
      [Ref Enq: 0.2 ms]
      [Redirty Cards: 0.2 ms]
      [Humongous Register: 0.0 ms]
      [Humongous Reclaim: 0.0 ms]
      [Free CSet: 0.1 ms]
   [Eden: 7152.0M(7152.0M)->0.0B(7152.0M) Survivors: 16384.0K->16384.0K Heap: 10214.2M(14336.0M)->3061.9M(14336.0M)]
 [Times: user=0.13 sys=0.00, real=0.01 secs] 
2022-11-02T01:07:30.184-0600: 197150.604: [GC pause (G1 Evacuation Pause) (young), 0.0113453 secs]
   [Parallel Time: 6.3 ms, GC Workers: 14]
      [GC Worker Start (ms): Min: 197150604.2, Avg: 197150604.4, Max: 197150604.7, Diff: 0.5]
      [Ext Root Scanning (ms): Min: 0.3, Avg: 1.0, Max: 5.8, Diff: 5.5, Sum: 13.6]
      [Update RS (ms): Min: 0.0, Avg: 0.2, Max: 0.5, Diff: 0.5, Sum: 2.9]
         [Processed Buffers: Min: 0, Avg: 11.0, Max: 26, Diff: 26, Sum: 154]
      [Scan RS (ms): Min: 0.0, Avg: 0.0, Max: 0.1, Diff: 0.1, Sum: 0.5]
      [Code Root Scanning (ms): Min: 0.0, Avg: 0.0, Max: 0.0, Diff: 0.0, Sum: 0.0]
      [Object Copy (ms): Min: 0.0, Avg: 0.3, Max: 0.5, Diff: 0.5, Sum: 4.7]
      [Termination (ms): Min: 0.0, Avg: 4.1, Max: 4.6, Diff: 4.6, Sum: 57.8]
         [Termination Attempts: Min: 1, Avg: 36.6, Max: 53, Diff: 52, Sum: 513]
      [GC Worker Other (ms): Min: 0.0, Avg: 0.0, Max: 0.0, Diff: 0.0, Sum: 0.1]
      [GC Worker Total (ms): Min: 5.4, Avg: 5.7, Max: 5.9, Diff: 0.5, Sum: 79.6]
      [GC Worker End (ms): Min: 197150610.1, Avg: 197150610.1, Max: 197150610.2, Diff: 0.1]
   [Code Root Fixup: 0.0 ms]
   [Code Root Purge: 0.0 ms]
   [Clear CT: 0.3 ms]
   [Other: 4.7 ms]
      [Choose CSet: 0.0 ms]
      [Ref Proc: 3.8 ms]
      [Ref Enq: 0.3 ms]
      [Redirty Cards: 0.3 ms]
      [Humongous Register: 0.1 ms]
      [Humongous Reclaim: 0.0 ms]
      [Free CSet: 0.2 ms]
   [Eden: 7152.0M(7152.0M)->0.0B(7152.0M) Survivors: 16384.0K->16384.0K Heap: 10213.9M(14336.0M)->3061.8M(14336.0M)]
 [Times: user=0.09 sys=0.00, real=0.01 secs] 
2022-11-02T01:23:31.415-0600: 198111.835: [GC pause (G1 Evacuation Pause) (young) (initial-mark), 0.0305867 secs]
   [Parallel Time: 15.3 ms, GC Workers: 14]
      [GC Worker Start (ms): Min: 198111836.7, Avg: 198111836.8, Max: 198111837.0, Diff: 0.3]
      [Ext Root Scanning (ms): Min: 4.3, Avg: 4.5, Max: 4.6, Diff: 0.3, Sum: 62.4]
      [Update RS (ms): Min: 0.1, Avg: 0.4, Max: 3.7, Diff: 3.7, Sum: 5.5]
         [Processed Buffers: Min: 1, Avg: 11.3, Max: 33, Diff: 32, Sum: 158]
      [Scan RS (ms): Min: 0.0, Avg: 0.0, Max: 0.1, Diff: 0.1, Sum: 0.5]
      [Code Root Scanning (ms): Min: 0.0, Avg: 0.0, Max: 0.0, Diff: 0.0, Sum: 0.0]
      [Object Copy (ms): Min: 0.1, Avg: 4.9, Max: 9.0, Diff: 8.9, Sum: 68.4]
      [Termination (ms): Min: 0.0, Avg: 3.9, Max: 8.5, Diff: 8.5, Sum: 54.3]
         [Termination Attempts: Min: 1, Avg: 19.3, Max: 71, Diff: 70, Sum: 270]
      [GC Worker Other (ms): Min: 0.0, Avg: 0.0, Max: 0.1, Diff: 0.1, Sum: 0.2]
      [GC Worker Total (ms): Min: 13.5, Avg: 13.7, Max: 13.8, Diff: 0.3, Sum: 191.4]
      [GC Worker End (ms): Min: 198111850.5, Avg: 198111850.5, Max: 198111850.6, Diff: 0.1]
   [Code Root Fixup: 0.0 ms]
   [Code Root Purge: 0.0 ms]
   [Clear CT: 0.5 ms]
   [Other: 14.8 ms]
      [Choose CSet: 0.0 ms]
      [Ref Proc: 14.1 ms]
      [Ref Enq: 0.2 ms]
      [Redirty Cards: 0.2 ms]
      [Humongous Register: 0.0 ms]
      [Humongous Reclaim: 0.0 ms]
      [Free CSet: 0.2 ms]
   [Eden: 7152.0M(7152.0M)->0.0B(7152.0M) Survivors: 16384.0K->16384.0K Heap: 10213.8M(14336.0M)->3062.1M(14336.0M)]
 [Times: user=0.21 sys=0.00, real=0.03 secs] 
2022-11-02T01:23:31.446-0600: 198111.866: [GC concurrent-root-region-scan-start]
2022-11-02T01:23:31.450-0600: 198111.871: [GC concurrent-root-region-scan-end, 0.0043903 secs]
2022-11-02T01:23:31.450-0600: 198111.871: [GC concurrent-mark-start]
2022-11-02T01:23:32.052-0600: 198112.472: [GC concurrent-mark-end, 0.6013992 secs]
2022-11-02T01:23:32.052-0600: 198112.472: [GC remark 2022-11-02T01:23:32.052-0600: 198112.472: [Finalize Marking, 0.0008033 secs] 2022-11-02T01:23:32.053-0600: 198112.473: [GC ref-proc, 0.0226240 secs] 2022-11-02T01:23:32.075-0600: 198112.496: [Unloading, 0.0234972 secs], 0.0518535 secs]
 [Times: user=0.40 sys=0.00, real=0.06 secs] 
2022-11-02T01:23:32.104-0600: 198112.524: [GC cleanup 3097M->3097M(14336M), 0.0187278 secs]
 [Times: user=0.06 sys=0.00, real=0.02 secs] 
2022-11-02T01:39:37.752-0600: 199078.172: [GC pause (G1 Evacuation Pause) (young), 0.0199578 secs]
   [Parallel Time: 8.9 ms, GC Workers: 14]
      [GC Worker Start (ms): Min: 199078172.2, Avg: 199078172.4, Max: 199078172.5, Diff: 0.3]
      [Ext Root Scanning (ms): Min: 0.3, Avg: 0.7, Max: 3.0, Diff: 2.7, Sum: 9.2]
      [Update RS (ms): Min: 0.0, Avg: 0.1, Max: 0.3, Diff: 0.3, Sum: 1.8]
         [Processed Buffers: Min: 0, Avg: 11.4, Max: 38, Diff: 38, Sum: 159]
      [Scan RS (ms): Min: 0.0, Avg: 0.0, Max: 0.1, Diff: 0.1, Sum: 0.5]
      [Code Root Scanning (ms): Min: 0.0, Avg: 0.0, Max: 0.0, Diff: 0.0, Sum: 0.0]
      [Object Copy (ms): Min: 0.0, Avg: 2.2, Max: 7.2, Diff: 7.2, Sum: 31.1]
      [Termination (ms): Min: 0.0, Avg: 4.8, Max: 7.0, Diff: 7.0, Sum: 66.9]
         [Termination Attempts: Min: 1, Avg: 13.5, Max: 31, Diff: 30, Sum: 189]
      [GC Worker Other (ms): Min: 0.0, Avg: 0.0, Max: 0.0, Diff: 0.0, Sum: 0.1]
      [GC Worker Total (ms): Min: 7.7, Avg: 7.8, Max: 7.9, Diff: 0.3, Sum: 109.6]
      [GC Worker End (ms): Min: 199078180.2, Avg: 199078180.2, Max: 199078180.3, Diff: 0.1]
   [Code Root Fixup: 0.0 ms]
   [Code Root Purge: 0.0 ms]
   [Clear CT: 0.5 ms]
   [Other: 10.6 ms]
      [Choose CSet: 0.0 ms]
      [Ref Proc: 9.9 ms]
      [Ref Enq: 0.2 ms]
      [Redirty Cards: 0.2 ms]
      [Humongous Register: 0.0 ms]
      [Humongous Reclaim: 0.0 ms]
      [Free CSet: 0.2 ms]
   [Eden: 7152.0M(7152.0M)->0.0B(7152.0M) Survivors: 16384.0K->16384.0K Heap: 10214.1M(14336.0M)->3061.9M(14336.0M)]
 [Times: user=0.11 sys=0.00, real=0.02 secs] 
2022-11-02T01:55:48.215-0600: 200048.635: [GC pause (G1 Evacuation Pause) (young), 0.0154065 secs]
   [Parallel Time: 9.9 ms, GC Workers: 14]
      [GC Worker Start (ms): Min: 200048635.0, Avg: 200048636.7, Max: 200048637.0, Diff: 2.0]
      [Ext Root Scanning (ms): Min: 0.2, Avg: 0.6, Max: 3.4, Diff: 3.2, Sum: 8.9]
      [Update RS (ms): Min: 0.0, Avg: 0.1, Max: 0.3, Diff: 0.3, Sum: 1.9]
         [Processed Buffers: Min: 0, Avg: 12.1, Max: 56, Diff: 56, Sum: 169]
      [Scan RS (ms): Min: 0.0, Avg: 0.0, Max: 0.1, Diff: 0.1, Sum: 0.3]
      [Code Root Scanning (ms): Min: 0.0, Avg: 0.0, Max: 0.0, Diff: 0.0, Sum: 0.0]
      [Object Copy (ms): Min: 0.0, Avg: 1.7, Max: 7.1, Diff: 7.1, Sum: 23.7]
      [Termination (ms): Min: 0.0, Avg: 5.3, Max: 6.9, Diff: 6.9, Sum: 74.7]
         [Termination Attempts: Min: 1, Avg: 14.0, Max: 26, Diff: 25, Sum: 196]
      [GC Worker Other (ms): Min: 0.0, Avg: 0.0, Max: 0.0, Diff: 0.0, Sum: 0.1]
      [GC Worker Total (ms): Min: 7.5, Avg: 7.8, Max: 9.6, Diff: 2.1, Sum: 109.7]
      [GC Worker End (ms): Min: 200048644.5, Avg: 200048644.5, Max: 200048644.6, Diff: 0.1]
   [Code Root Fixup: 0.0 ms]
   [Code Root Purge: 0.0 ms]
   [Clear CT: 0.4 ms]
   [Other: 5.1 ms]
      [Choose CSet: 0.0 ms]
      [Ref Proc: 4.3 ms]
      [Ref Enq: 0.2 ms]
      [Redirty Cards: 0.3 ms]
      [Humongous Register: 0.0 ms]
      [Humongous Reclaim: 0.0 ms]
      [Free CSet: 0.2 ms]
   [Eden: 7152.0M(7152.0M)->0.0B(7152.0M) Survivors: 16384.0K->16384.0K Heap: 10213.9M(14336.0M)->3062.2M(14336.0M)]
 [Times: user=0.12 sys=0.00, real=0.01 secs] 
2022-11-02T02:11:48.315-0600: 201008.735: [GC pause (G1 Evacuation Pause) (young) (initial-mark), 0.0127637 secs]
   [Parallel Time: 6.1 ms, GC Workers: 14]
      [GC Worker Start (ms): Min: 201008736.8, Avg: 201008737.0, Max: 201008737.1, Diff: 0.3]
      [Ext Root Scanning (ms): Min: 3.7, Avg: 3.9, Max: 4.0, Diff: 0.4, Sum: 54.0]
      [Update RS (ms): Min: 0.1, Avg: 0.1, Max: 0.3, Diff: 0.2, Sum: 1.9]
         [Processed Buffers: Min: 1, Avg: 12.3, Max: 35, Diff: 34, Sum: 172]
      [Scan RS (ms): Min: 0.0, Avg: 0.0, Max: 0.1, Diff: 0.1, Sum: 0.5]
      [Code Root Scanning (ms): Min: 0.0, Avg: 0.0, Max: 0.0, Diff: 0.0, Sum: 0.0]
      [Object Copy (ms): Min: 0.2, Avg: 0.3, Max: 0.4, Diff: 0.2, Sum: 4.3]
      [Termination (ms): Min: 0.0, Avg: 0.0, Max: 0.0, Diff: 0.0, Sum: 0.3]
         [Termination Attempts: Min: 19, Avg: 29.9, Max: 38, Diff: 19, Sum: 418]
      [GC Worker Other (ms): Min: 0.0, Avg: 0.0, Max: 0.1, Diff: 0.1, Sum: 0.6]
      [GC Worker Total (ms): Min: 4.2, Avg: 4.4, Max: 4.6, Diff: 0.4, Sum: 61.6]
      [GC Worker End (ms): Min: 201008741.3, Avg: 201008741.4, Max: 201008741.4, Diff: 0.1]
   [Code Root Fixup: 0.0 ms]
   [Code Root Purge: 0.0 ms]
   [Clear CT: 0.3 ms]
   [Other: 6.3 ms]
      [Choose CSet: 0.0 ms]
      [Ref Proc: 5.4 ms]
      [Ref Enq: 0.3 ms]
      [Redirty Cards: 0.2 ms]
      [Humongous Register: 0.0 ms]
      [Humongous Reclaim: 0.0 ms]
      [Free CSet: 0.2 ms]
   [Eden: 7152.0M(7152.0M)->0.0B(7152.0M) Survivors: 16384.0K->16384.0K Heap: 10214.2M(14336.0M)->3061.9M(14336.0M)]
 [Times: user=0.07 sys=0.00, real=0.01 secs] 
2022-11-02T02:11:48.328-0600: 201008.748: [GC concurrent-root-region-scan-start]
2022-11-02T02:11:48.332-0600: 201008.752: [GC concurrent-root-region-scan-end, 0.0035374 secs]
2022-11-02T02:11:48.332-0600: 201008.752: [GC concurrent-mark-start]
2022-11-02T02:11:48.927-0600: 201009.347: [GC concurrent-mark-end, 0.5953369 secs]
2022-11-02T02:11:48.927-0600: 201009.347: [GC remark 2022-11-02T02:11:48.927-0600: 201009.347: [Finalize Marking, 0.0007038 secs] 2022-11-02T02:11:48.928-0600: 201009.348: [GC ref-proc, 0.0078198 secs] 2022-11-02T02:11:48.936-0600: 201009.356: [Unloading, 0.0199697 secs], 0.0309076 secs]
 [Times: user=0.30 sys=0.00, real=0.03 secs] 
2022-11-02T02:11:48.958-0600: 201009.379: [GC cleanup 3093M->3093M(14336M), 0.0051586 secs]
 [Times: user=0.04 sys=0.00, real=0.01 secs] 
2022-11-02T02:27:56.065-0600: 201976.485: [GC pause (G1 Evacuation Pause) (young), 0.0138266 secs]
   [Parallel Time: 8.2 ms, GC Workers: 14]
      [GC Worker Start (ms): Min: 201976485.0, Avg: 201976485.1, Max: 201976485.3, Diff: 0.3]
      [Ext Root Scanning (ms): Min: 0.2, Avg: 0.6, Max: 3.0, Diff: 2.7, Sum: 8.6]
      [Update RS (ms): Min: 0.0, Avg: 0.1, Max: 0.4, Diff: 0.4, Sum: 1.8]
         [Processed Buffers: Min: 0, Avg: 12.1, Max: 42, Diff: 42, Sum: 170]
      [Scan RS (ms): Min: 0.0, Avg: 0.0, Max: 0.1, Diff: 0.1, Sum: 0.5]
      [Code Root Scanning (ms): Min: 0.0, Avg: 0.0, Max: 0.0, Diff: 0.0, Sum: 0.0]
      [Object Copy (ms): Min: 0.0, Avg: 3.1, Max: 7.0, Diff: 7.0, Sum: 43.6]
      [Termination (ms): Min: 0.0, Avg: 3.7, Max: 6.8, Diff: 6.8, Sum: 52.1]
         [Termination Attempts: Min: 1, Avg: 4.1, Max: 11, Diff: 10, Sum: 57]
      [GC Worker Other (ms): Min: 0.0, Avg: 0.0, Max: 0.0, Diff: 0.0, Sum: 0.1]
      [GC Worker Total (ms): Min: 7.4, Avg: 7.6, Max: 7.8, Diff: 0.4, Sum: 106.7]
      [GC Worker End (ms): Min: 201976492.7, Avg: 201976492.7, Max: 201976492.8, Diff: 0.1]
   [Code Root Fixup: 0.0 ms]
   [Code Root Purge: 0.0 ms]
   [Clear CT: 0.4 ms]
   [Other: 5.3 ms]
      [Choose CSet: 0.0 ms]
      [Ref Proc: 4.5 ms]
      [Ref Enq: 0.3 ms]
      [Redirty Cards: 0.2 ms]
      [Humongous Register: 0.0 ms]
      [Humongous Reclaim: 0.0 ms]
      [Free CSet: 0.2 ms]
   [Eden: 7152.0M(7152.0M)->0.0B(7152.0M) Survivors: 16384.0K->16384.0K Heap: 10213.9M(14336.0M)->3062.1M(14336.0M)]
 [Times: user=0.08 sys=0.00, real=0.01 secs] 
2022-11-02T02:44:01.315-0600: 202941.735: [GC pause (G1 Evacuation Pause) (young), 0.0141704 secs]
   [Parallel Time: 8.7 ms, GC Workers: 14]
      [GC Worker Start (ms): Min: 202941735.3, Avg: 202941735.4, Max: 202941735.5, Diff: 0.2]
      [Ext Root Scanning (ms): Min: 0.3, Avg: 0.7, Max: 4.1, Diff: 3.8, Sum: 9.6]
      [Update RS (ms): Min: 0.0, Avg: 0.1, Max: 0.3, Diff: 0.3, Sum: 1.7]
         [Processed Buffers: Min: 0, Avg: 11.5, Max: 32, Diff: 32, Sum: 161]
      [Scan RS (ms): Min: 0.0, Avg: 0.0, Max: 0.1, Diff: 0.1, Sum: 0.5]
      [Code Root Scanning (ms): Min: 0.0, Avg: 0.0, Max: 0.0, Diff: 0.0, Sum: 0.0]
      [Object Copy (ms): Min: 0.0, Avg: 3.7, Max: 7.7, Diff: 7.7, Sum: 52.4]
      [Termination (ms): Min: 0.0, Avg: 3.7, Max: 7.6, Diff: 7.6, Sum: 52.1]
         [Termination Attempts: Min: 1, Avg: 2.6, Max: 8, Diff: 7, Sum: 36]
      [GC Worker Other (ms): Min: 0.0, Avg: 0.0, Max: 0.0, Diff: 0.0, Sum: 0.1]
      [GC Worker Total (ms): Min: 8.2, Avg: 8.3, Max: 8.5, Diff: 0.3, Sum: 116.4]
      [GC Worker End (ms): Min: 202941743.7, Avg: 202941743.7, Max: 202941743.8, Diff: 0.1]
   [Code Root Fixup: 0.0 ms]
   [Code Root Purge: 0.0 ms]
   [Clear CT: 0.5 ms]
   [Other: 5.0 ms]
      [Choose CSet: 0.0 ms]
      [Ref Proc: 4.2 ms]
      [Ref Enq: 0.2 ms]
      [Redirty Cards: 0.3 ms]
      [Humongous Register: 0.0 ms]
      [Humongous Reclaim: 0.0 ms]
      [Free CSet: 0.2 ms]
   [Eden: 7152.0M(7152.0M)->0.0B(7152.0M) Survivors: 16384.0K->16384.0K Heap: 10214.1M(14336.0M)->3062.0M(14336.0M)]
 [Times: user=0.09 sys=0.00, real=0.01 secs] 
2022-11-02T02:59:57.365-0600: 203897.785: [GC pause (G1 Evacuation Pause) (young) (initial-mark), 0.0115455 secs]
   [Parallel Time: 6.8 ms, GC Workers: 14]
      [GC Worker Start (ms): Min: 203897786.5, Avg: 203897786.7, Max: 203897786.9, Diff: 0.3]
      [Ext Root Scanning (ms): Min: 4.3, Avg: 4.5, Max: 4.7, Diff: 0.4, Sum: 62.8]
      [Update RS (ms): Min: 0.1, Avg: 0.2, Max: 0.4, Diff: 0.3, Sum: 2.2]
         [Processed Buffers: Min: 1, Avg: 12.1, Max: 32, Diff: 31, Sum: 169]
      [Scan RS (ms): Min: 0.0, Avg: 0.0, Max: 0.1, Diff: 0.1, Sum: 0.5]
      [Code Root Scanning (ms): Min: 0.0, Avg: 0.0, Max: 0.0, Diff: 0.0, Sum: 0.0]
      [Object Copy (ms): Min: 0.2, Avg: 0.4, Max: 0.4, Diff: 0.2, Sum: 5.1]
      [Termination (ms): Min: 0.0, Avg: 0.0, Max: 0.1, Diff: 0.0, Sum: 0.6]
         [Termination Attempts: Min: 35, Avg: 45.9, Max: 58, Diff: 23, Sum: 643]
      [GC Worker Other (ms): Min: 0.0, Avg: 0.0, Max: 0.1, Diff: 0.1, Sum: 0.5]
      [GC Worker Total (ms): Min: 4.9, Avg: 5.1, Max: 5.2, Diff: 0.4, Sum: 71.6]
      [GC Worker End (ms): Min: 203897791.8, Avg: 203897791.8, Max: 203897791.8, Diff: 0.1]
   [Code Root Fixup: 0.0 ms]
   [Code Root Purge: 0.0 ms]
   [Clear CT: 0.3 ms]
   [Other: 4.4 ms]
      [Choose CSet: 0.0 ms]
      [Ref Proc: 3.6 ms]
      [Ref Enq: 0.2 ms]
      [Redirty Cards: 0.3 ms]
      [Humongous Register: 0.0 ms]
      [Humongous Reclaim: 0.0 ms]
      [Free CSet: 0.1 ms]
   [Eden: 7152.0M(7152.0M)->0.0B(7152.0M) Survivors: 16384.0K->16384.0K Heap: 10214.0M(14336.0M)->3062.2M(14336.0M)]
 [Times: user=0.07 sys=0.00, real=0.01 secs] 
2022-11-02T02:59:57.376-0600: 203897.797: [GC concurrent-root-region-scan-start]
2022-11-02T02:59:57.380-0600: 203897.801: [GC concurrent-root-region-scan-end, 0.0037804 secs]
2022-11-02T02:59:57.380-0600: 203897.801: [GC concurrent-mark-start]
2022-11-02T02:59:57.976-0600: 203898.397: [GC concurrent-mark-end, 0.5961340 secs]
2022-11-02T02:59:57.977-0600: 203898.397: [GC remark 2022-11-02T02:59:57.977-0600: 203898.397: [Finalize Marking, 0.0005053 secs] 2022-11-02T02:59:57.977-0600: 203898.397: [GC ref-proc, 0.0066182 secs] 2022-11-02T02:59:57.984-0600: 203898.404: [Unloading, 0.0195207 secs], 0.0289822 secs]
 [Times: user=0.30 sys=0.00, real=0.03 secs] 
2022-11-02T02:59:58.006-0600: 203898.426: [GC cleanup 3094M->3094M(14336M), 0.0055831 secs]
 [Times: user=0.04 sys=0.00, real=0.00 secs] 
2022-11-02T03:15:59.914-0600: 204860.335: [GC pause (G1 Evacuation Pause) (young), 0.0162162 secs]
   [Parallel Time: 5.1 ms, GC Workers: 14]
      [GC Worker Start (ms): Min: 204860334.7, Avg: 204860334.8, Max: 204860335.2, Diff: 0.5]
      [Ext Root Scanning (ms): Min: 0.1, Avg: 0.9, Max: 4.8, Diff: 4.6, Sum: 11.9]
      [Update RS (ms): Min: 0.0, Avg: 0.2, Max: 0.4, Diff: 0.4, Sum: 2.3]
         [Processed Buffers: Min: 0, Avg: 11.1, Max: 37, Diff: 37, Sum: 155]
      [Scan RS (ms): Min: 0.0, Avg: 0.0, Max: 0.1, Diff: 0.1, Sum: 0.5]
      [Code Root Scanning (ms): Min: 0.0, Avg: 0.0, Max: 0.0, Diff: 0.0, Sum: 0.0]
      [Object Copy (ms): Min: 0.0, Avg: 0.3, Max: 0.4, Diff: 0.4, Sum: 4.1]
      [Termination (ms): Min: 0.0, Avg: 3.4, Max: 3.7, Diff: 3.7, Sum: 47.1]
         [Termination Attempts: Min: 1, Avg: 35.4, Max: 49, Diff: 48, Sum: 495]
      [GC Worker Other (ms): Min: 0.0, Avg: 0.0, Max: 0.0, Diff: 0.0, Sum: 0.1]
      [GC Worker Total (ms): Min: 4.4, Avg: 4.7, Max: 4.9, Diff: 0.5, Sum: 66.0]
      [GC Worker End (ms): Min: 204860339.5, Avg: 204860339.5, Max: 204860339.6, Diff: 0.1]
   [Code Root Fixup: 0.0 ms]
   [Code Root Purge: 0.0 ms]
   [Clear CT: 0.4 ms]
   [Other: 10.8 ms]
      [Choose CSet: 0.0 ms]
      [Ref Proc: 10.1 ms]
      [Ref Enq: 0.2 ms]
      [Redirty Cards: 0.2 ms]
      [Humongous Register: 0.0 ms]
      [Humongous Reclaim: 0.0 ms]
      [Free CSet: 0.2 ms]
   [Eden: 7152.0M(7152.0M)->0.0B(7152.0M) Survivors: 16384.0K->16384.0K Heap: 10214.2M(14336.0M)->3062.0M(14336.0M)]
 [Times: user=0.17 sys=0.00, real=0.01 secs] 
2022-11-02T03:31:54.065-0600: 205814.485: [GC pause (G1 Evacuation Pause) (young), 0.0087935 secs]
   [Parallel Time: 3.6 ms, GC Workers: 14]
      [GC Worker Start (ms): Min: 205814485.1, Avg: 205814485.2, Max: 205814485.4, Diff: 0.3]
      [Ext Root Scanning (ms): Min: 0.3, Avg: 0.6, Max: 2.9, Diff: 2.7, Sum: 9.1]
      [Update RS (ms): Min: 0.0, Avg: 0.1, Max: 0.3, Diff: 0.3, Sum: 1.7]
         [Processed Buffers: Min: 0, Avg: 12.2, Max: 35, Diff: 35, Sum: 171]
      [Scan RS (ms): Min: 0.0, Avg: 0.0, Max: 0.1, Diff: 0.1, Sum: 0.5]
      [Code Root Scanning (ms): Min: 0.0, Avg: 0.0, Max: 0.0, Diff: 0.0, Sum: 0.0]
      [Object Copy (ms): Min: 0.0, Avg: 0.2, Max: 0.3, Diff: 0.3, Sum: 3.4]
      [Termination (ms): Min: 0.0, Avg: 1.8, Max: 2.1, Diff: 2.1, Sum: 24.6]
         [Termination Attempts: Min: 1, Avg: 15.5, Max: 27, Diff: 26, Sum: 217]
      [GC Worker Other (ms): Min: 0.0, Avg: 0.0, Max: 0.0, Diff: 0.0, Sum: 0.1]
      [GC Worker Total (ms): Min: 2.6, Avg: 2.8, Max: 2.9, Diff: 0.3, Sum: 39.4]
      [GC Worker End (ms): Min: 205814488.0, Avg: 205814488.0, Max: 205814488.1, Diff: 0.1]
   [Code Root Fixup: 0.0 ms]
   [Code Root Purge: 0.0 ms]
   [Clear CT: 0.3 ms]
   [Other: 5.0 ms]
      [Choose CSet: 0.0 ms]
      [Ref Proc: 4.2 ms]
      [Ref Enq: 0.3 ms]
      [Redirty Cards: 0.2 ms]
      [Humongous Register: 0.0 ms]
      [Humongous Reclaim: 0.0 ms]
      [Free CSet: 0.2 ms]
   [Eden: 7152.0M(7152.0M)->0.0B(7152.0M) Survivors: 16384.0K->16384.0K Heap: 10214.0M(14336.0M)->3062.2M(14336.0M)]
 [Times: user=0.04 sys=0.02, real=0.01 secs] 
2022-11-02T03:47:44.115-0600: 206764.535: [GC pause (G1 Evacuation Pause) (young) (initial-mark), 0.0186790 secs]
   [Parallel Time: 13.7 ms, GC Workers: 14]
      [GC Worker Start (ms): Min: 206764536.3, Avg: 206764536.5, Max: 206764536.7, Diff: 0.3]
      [Ext Root Scanning (ms): Min: 3.9, Avg: 4.1, Max: 4.3, Diff: 0.4, Sum: 57.5]
      [Update RS (ms): Min: 0.0, Avg: 0.1, Max: 0.3, Diff: 0.3, Sum: 1.8]
         [Processed Buffers: Min: 1, Avg: 11.4, Max: 32, Diff: 31, Sum: 160]
      [Scan RS (ms): Min: 0.0, Avg: 0.0, Max: 0.1, Diff: 0.1, Sum: 0.5]
      [Code Root Scanning (ms): Min: 0.0, Avg: 0.0, Max: 0.0, Diff: 0.0, Sum: 0.0]
      [Object Copy (ms): Min: 0.2, Avg: 0.9, Max: 7.8, Diff: 7.7, Sum: 11.9]
      [Termination (ms): Min: 0.0, Avg: 7.0, Max: 7.6, Diff: 7.6, Sum: 97.8]
         [Termination Attempts: Min: 1, Avg: 23.9, Max: 33, Diff: 32, Sum: 334]
      [GC Worker Other (ms): Min: 0.0, Avg: 0.0, Max: 0.0, Diff: 0.0, Sum: 0.1]
      [GC Worker Total (ms): Min: 11.9, Avg: 12.1, Max: 12.2, Diff: 0.3, Sum: 169.7]
      [GC Worker End (ms): Min: 206764548.6, Avg: 206764548.6, Max: 206764548.7, Diff: 0.1]
   [Code Root Fixup: 0.0 ms]
   [Code Root Purge: 0.0 ms]
   [Clear CT: 0.4 ms]
   [Other: 4.5 ms]
      [Choose CSet: 0.0 ms]
      [Ref Proc: 3.8 ms]
      [Ref Enq: 0.2 ms]
      [Redirty Cards: 0.2 ms]
      [Humongous Register: 0.0 ms]
      [Humongous Reclaim: 0.0 ms]
      [Free CSet: 0.2 ms]
   [Eden: 7152.0M(7152.0M)->0.0B(7152.0M) Survivors: 16384.0K->16384.0K Heap: 10214.2M(14336.0M)->3062.1M(14336.0M)]
 [Times: user=0.17 sys=0.00, real=0.02 secs] 
2022-11-02T03:47:44.134-0600: 206764.554: [GC concurrent-root-region-scan-start]
2022-11-02T03:47:44.138-0600: 206764.558: [GC concurrent-root-region-scan-end, 0.0042486 secs]
2022-11-02T03:47:44.138-0600: 206764.558: [GC concurrent-mark-start]
2022-11-02T03:47:44.736-0600: 206765.157: [GC concurrent-mark-end, 0.5984435 secs]
2022-11-02T03:47:44.736-0600: 206765.157: [GC remark 2022-11-02T03:47:44.736-0600: 206765.157: [Finalize Marking, 0.0005446 secs] 2022-11-02T03:47:44.737-0600: 206765.157: [GC ref-proc, 0.0077650 secs] 2022-11-02T03:47:44.745-0600: 206765.165: [Unloading, 0.0214212 secs], 0.0435751 secs]
 [Times: user=0.31 sys=0.00, real=0.04 secs] 
2022-11-02T03:47:44.780-0600: 206765.201: [GC cleanup 3090M->3090M(14336M), 0.0063696 secs]
 [Times: user=0.04 sys=0.00, real=0.00 secs] 
2022-11-02T04:03:51.866-0600: 207732.286: [GC pause (G1 Evacuation Pause) (young), 0.0128446 secs]
   [Parallel Time: 8.0 ms, GC Workers: 14]
      [GC Worker Start (ms): Min: 207732286.1, Avg: 207732286.2, Max: 207732286.4, Diff: 0.3]
      [Ext Root Scanning (ms): Min: 0.2, Avg: 0.6, Max: 2.9, Diff: 2.7, Sum: 8.4]
      [Update RS (ms): Min: 0.0, Avg: 0.1, Max: 0.3, Diff: 0.3, Sum: 1.8]
         [Processed Buffers: Min: 0, Avg: 11.5, Max: 48, Diff: 48, Sum: 161]
      [Scan RS (ms): Min: 0.0, Avg: 0.0, Max: 0.1, Diff: 0.0, Sum: 0.4]
      [Code Root Scanning (ms): Min: 0.0, Avg: 0.0, Max: 0.0, Diff: 0.0, Sum: 0.0]
      [Object Copy (ms): Min: 0.0, Avg: 1.8, Max: 7.1, Diff: 7.1, Sum: 24.8]
      [Termination (ms): Min: 0.0, Avg: 5.2, Max: 7.0, Diff: 7.0, Sum: 72.2]
         [Termination Attempts: Min: 1, Avg: 79.4, Max: 155, Diff: 154, Sum: 1112]
      [GC Worker Other (ms): Min: 0.0, Avg: 0.0, Max: 0.0, Diff: 0.0, Sum: 0.1]
      [GC Worker Total (ms): Min: 7.5, Avg: 7.7, Max: 7.9, Diff: 0.3, Sum: 107.8]
      [GC Worker End (ms): Min: 207732293.9, Avg: 207732293.9, Max: 207732294.0, Diff: 0.1]
   [Code Root Fixup: 0.0 ms]
   [Code Root Purge: 0.0 ms]
   [Clear CT: 0.9 ms]
   [Other: 4.0 ms]
      [Choose CSet: 0.0 ms]
      [Ref Proc: 3.3 ms]
      [Ref Enq: 0.3 ms]
      [Redirty Cards: 0.2 ms]
      [Humongous Register: 0.0 ms]
      [Humongous Reclaim: 0.0 ms]
      [Free CSet: 0.1 ms]
   [Eden: 7152.0M(7152.0M)->0.0B(7152.0M) Survivors: 16384.0K->16384.0K Heap: 10214.1M(14336.0M)->3062.4M(14336.0M)]
 [Times: user=0.10 sys=0.00, real=0.01 secs] 
2022-11-02T04:19:59.114-0600: 208699.535: [GC pause (G1 Evacuation Pause) (young), 0.0138037 secs]
   [Parallel Time: 8.1 ms, GC Workers: 14]
      [GC Worker Start (ms): Min: 208699534.8, Avg: 208699534.9, Max: 208699535.1, Diff: 0.3]
      [Ext Root Scanning (ms): Min: 0.2, Avg: 0.6, Max: 3.9, Diff: 3.7, Sum: 9.0]
      [Update RS (ms): Min: 0.0, Avg: 0.1, Max: 0.3, Diff: 0.3, Sum: 1.7]
         [Processed Buffers: Min: 0, Avg: 10.9, Max: 36, Diff: 36, Sum: 153]
      [Scan RS (ms): Min: 0.0, Avg: 0.0, Max: 0.0, Diff: 0.0, Sum: 0.5]
      [Code Root Scanning (ms): Min: 0.0, Avg: 0.0, Max: 0.0, Diff: 0.0, Sum: 0.0]
      [Object Copy (ms): Min: 0.0, Avg: 1.2, Max: 7.0, Diff: 7.0, Sum: 16.8]
      [Termination (ms): Min: 0.0, Avg: 5.6, Max: 6.9, Diff: 6.9, Sum: 78.0]
         [Termination Attempts: Min: 1, Avg: 18.7, Max: 33, Diff: 32, Sum: 262]
      [GC Worker Other (ms): Min: 0.0, Avg: 0.0, Max: 0.0, Diff: 0.0, Sum: 0.1]
      [GC Worker Total (ms): Min: 7.4, Avg: 7.6, Max: 7.7, Diff: 0.4, Sum: 106.0]
      [GC Worker End (ms): Min: 208699542.5, Avg: 208699542.5, Max: 208699542.6, Diff: 0.1]
   [Code Root Fixup: 0.0 ms]
   [Code Root Purge: 0.0 ms]
   [Clear CT: 0.4 ms]
   [Other: 5.3 ms]
      [Choose CSet: 0.0 ms]
      [Ref Proc: 4.7 ms]
      [Ref Enq: 0.2 ms]
      [Redirty Cards: 0.2 ms]
      [Humongous Register: 0.0 ms]
      [Humongous Reclaim: 0.0 ms]
      [Free CSet: 0.1 ms]
   [Eden: 7152.0M(7152.0M)->0.0B(7152.0M) Survivors: 16384.0K->16384.0K Heap: 10214.4M(14336.0M)->3062.1M(14336.0M)]
 [Times: user=0.11 sys=0.00, real=0.01 secs] 
2022-11-02T04:35:58.215-0600: 209658.635: [GC pause (G1 Evacuation Pause) (young) (initial-mark), 0.0183052 secs]
   [Parallel Time: 13.7 ms, GC Workers: 14]
      [GC Worker Start (ms): Min: 209658636.4, Avg: 209658636.6, Max: 209658636.7, Diff: 0.3]
      [Ext Root Scanning (ms): Min: 3.9, Avg: 4.0, Max: 4.2, Diff: 0.3, Sum: 56.7]
      [Update RS (ms): Min: 0.1, Avg: 0.1, Max: 0.3, Diff: 0.2, Sum: 1.7]
         [Processed Buffers: Min: 1, Avg: 11.7, Max: 31, Diff: 30, Sum: 164]
      [Scan RS (ms): Min: 0.0, Avg: 0.0, Max: 0.1, Diff: 0.1, Sum: 0.5]
      [Code Root Scanning (ms): Min: 0.0, Avg: 0.0, Max: 0.0, Diff: 0.0, Sum: 0.0]
      [Object Copy (ms): Min: 0.2, Avg: 0.9, Max: 7.2, Diff: 7.0, Sum: 12.5]
      [Termination (ms): Min: 0.0, Avg: 6.4, Max: 7.0, Diff: 7.0, Sum: 88.9]
         [Termination Attempts: Min: 1, Avg: 110.5, Max: 168, Diff: 167, Sum: 1547]
      [GC Worker Other (ms): Min: 0.0, Avg: 0.0, Max: 0.0, Diff: 0.0, Sum: 0.1]
      [GC Worker Total (ms): Min: 11.3, Avg: 11.5, Max: 11.6, Diff: 0.4, Sum: 160.4]
      [GC Worker End (ms): Min: 209658648.0, Avg: 209658648.0, Max: 209658648.1, Diff: 0.1]
   [Code Root Fixup: 0.0 ms]
   [Code Root Purge: 0.0 ms]
   [Clear CT: 0.3 ms]
   [Other: 4.3 ms]
      [Choose CSet: 0.0 ms]
      [Ref Proc: 3.7 ms]
      [Ref Enq: 0.2 ms]
      [Redirty Cards: 0.2 ms]
      [Humongous Register: 0.0 ms]
      [Humongous Reclaim: 0.0 ms]
      [Free CSet: 0.1 ms]
   [Eden: 7152.0M(7152.0M)->0.0B(7152.0M) Survivors: 16384.0K->16384.0K Heap: 10214.1M(14336.0M)->3062.0M(14336.0M)]
 [Times: user=0.16 sys=0.00, real=0.02 secs] 
2022-11-02T04:35:58.233-0600: 209658.653: [GC concurrent-root-region-scan-start]
2022-11-02T04:35:58.236-0600: 209658.657: [GC concurrent-root-region-scan-end, 0.0033235 secs]
2022-11-02T04:35:58.236-0600: 209658.657: [GC concurrent-mark-start]
2022-11-02T04:35:58.829-0600: 209659.249: [GC concurrent-mark-end, 0.5926172 secs]
2022-11-02T04:35:58.829-0600: 209659.249: [GC remark 2022-11-02T04:35:58.829-0600: 209659.249: [Finalize Marking, 0.0006322 secs] 2022-11-02T04:35:58.830-0600: 209659.250: [GC ref-proc, 0.0060542 secs] 2022-11-02T04:35:58.836-0600: 209659.256: [Unloading, 0.0200273 secs], 0.0287370 secs]
 [Times: user=0.29 sys=0.00, real=0.03 secs] 
2022-11-02T04:35:58.858-0600: 209659.278: [GC cleanup 3094M->3094M(14336M), 0.0058818 secs]
 [Times: user=0.04 sys=0.00, real=0.01 secs] 
2022-11-02T04:51:53.565-0600: 210613.985: [GC pause (G1 Evacuation Pause) (young), 0.0168945 secs]
   [Parallel Time: 4.0 ms, GC Workers: 14]
      [GC Worker Start (ms): Min: 210613985.1, Avg: 210613985.2, Max: 210613985.3, Diff: 0.3]
      [Ext Root Scanning (ms): Min: 0.3, Avg: 0.6, Max: 3.1, Diff: 2.8, Sum: 8.7]
      [Update RS (ms): Min: 0.0, Avg: 0.1, Max: 0.3, Diff: 0.3, Sum: 1.9]
         [Processed Buffers: Min: 0, Avg: 12.0, Max: 32, Diff: 32, Sum: 168]
      [Scan RS (ms): Min: 0.0, Avg: 0.0, Max: 0.0, Diff: 0.0, Sum: 0.4]
      [Code Root Scanning (ms): Min: 0.0, Avg: 0.0, Max: 0.0, Diff: 0.0, Sum: 0.0]
      [Object Copy (ms): Min: 0.0, Avg: 0.2, Max: 0.3, Diff: 0.3, Sum: 3.3]
      [Termination (ms): Min: 0.0, Avg: 2.0, Max: 2.2, Diff: 2.2, Sum: 28.5]
         [Termination Attempts: Min: 1, Avg: 19.6, Max: 27, Diff: 26, Sum: 275]
      [GC Worker Other (ms): Min: 0.0, Avg: 0.0, Max: 0.0, Diff: 0.0, Sum: 0.1]
      [GC Worker Total (ms): Min: 3.0, Avg: 3.1, Max: 3.2, Diff: 0.3, Sum: 42.9]
      [GC Worker End (ms): Min: 210613988.2, Avg: 210613988.3, Max: 210613988.3, Diff: 0.1]
   [Code Root Fixup: 0.0 ms]
   [Code Root Purge: 0.0 ms]
   [Clear CT: 0.4 ms]
   [Other: 12.6 ms]
      [Choose CSet: 0.0 ms]
      [Ref Proc: 11.8 ms]
      [Ref Enq: 0.3 ms]
      [Redirty Cards: 0.2 ms]
      [Humongous Register: 0.0 ms]
      [Humongous Reclaim: 0.0 ms]
      [Free CSet: 0.2 ms]
   [Eden: 7152.0M(7152.0M)->0.0B(7152.0M) Survivors: 16384.0K->16384.0K Heap: 10214.0M(14336.0M)->3062.2M(14336.0M)]
 [Times: user=0.15 sys=0.00, real=0.02 secs] 
2022-11-02T05:07:50.365-0600: 211570.785: [GC pause (G1 Evacuation Pause) (young), 0.0235654 secs]
   [Parallel Time: 4.9 ms, GC Workers: 14]
      [GC Worker Start (ms): Min: 211570785.3, Avg: 211570785.5, Max: 211570785.6, Diff: 0.3]
      [Ext Root Scanning (ms): Min: 0.3, Avg: 0.7, Max: 4.5, Diff: 4.2, Sum: 9.9]
      [Update RS (ms): Min: 0.0, Avg: 0.1, Max: 0.4, Diff: 0.4, Sum: 1.9]
         [Processed Buffers: Min: 0, Avg: 11.9, Max: 45, Diff: 45, Sum: 166]
      [Scan RS (ms): Min: 0.0, Avg: 0.0, Max: 0.1, Diff: 0.1, Sum: 0.5]
      [Code Root Scanning (ms): Min: 0.0, Avg: 0.0, Max: 0.0, Diff: 0.0, Sum: 0.0]
      [Object Copy (ms): Min: 0.0, Avg: 0.4, Max: 1.2, Diff: 1.2, Sum: 5.2]
      [Termination (ms): Min: 0.0, Avg: 3.1, Max: 3.5, Diff: 3.5, Sum: 43.9]
         [Termination Attempts: Min: 1, Avg: 6.6, Max: 15, Diff: 14, Sum: 93]
      [GC Worker Other (ms): Min: 0.0, Avg: 0.0, Max: 0.0, Diff: 0.0, Sum: 0.1]
      [GC Worker Total (ms): Min: 4.2, Avg: 4.4, Max: 4.5, Diff: 0.3, Sum: 61.6]
      [GC Worker End (ms): Min: 211570789.8, Avg: 211570789.9, Max: 211570790.0, Diff: 0.2]
   [Code Root Fixup: 0.0 ms]
   [Code Root Purge: 0.0 ms]
   [Clear CT: 0.5 ms]
   [Other: 18.2 ms]
      [Choose CSet: 0.0 ms]
      [Ref Proc: 17.1 ms]
      [Ref Enq: 0.5 ms]
      [Redirty Cards: 0.3 ms]
      [Humongous Register: 0.0 ms]
      [Humongous Reclaim: 0.0 ms]
      [Free CSet: 0.2 ms]
   [Eden: 7152.0M(7152.0M)->0.0B(7152.0M) Survivors: 16384.0K->16384.0K Heap: 10214.2M(14336.0M)->3062.2M(14336.0M)]
 [Times: user=0.10 sys=0.01, real=0.02 secs] 
2022-11-02T05:23:51.670-0600: 212532.091: [GC pause (G1 Evacuation Pause) (young) (initial-mark), 0.0108151 secs]
   [Parallel Time: 6.3 ms, GC Workers: 14]
      [GC Worker Start (ms): Min: 212532092.2, Avg: 212532092.3, Max: 212532092.5, Diff: 0.3]
      [Ext Root Scanning (ms): Min: 3.9, Avg: 4.0, Max: 4.2, Diff: 0.3, Sum: 56.4]
      [Update RS (ms): Min: 0.0, Avg: 0.1, Max: 0.4, Diff: 0.3, Sum: 1.9]
         [Processed Buffers: Min: 1, Avg: 10.9, Max: 36, Diff: 35, Sum: 153]
      [Scan RS (ms): Min: 0.0, Avg: 0.0, Max: 0.1, Diff: 0.1, Sum: 0.5]
      [Code Root Scanning (ms): Min: 0.0, Avg: 0.0, Max: 0.0, Diff: 0.0, Sum: 0.0]
      [Object Copy (ms): Min: 0.2, Avg: 0.3, Max: 0.4, Diff: 0.3, Sum: 4.3]
      [Termination (ms): Min: 0.0, Avg: 0.0, Max: 0.0, Diff: 0.0, Sum: 0.2]
         [Termination Attempts: Min: 11, Avg: 21.7, Max: 29, Diff: 18, Sum: 304]
      [GC Worker Other (ms): Min: 0.0, Avg: 0.0, Max: 0.1, Diff: 0.1, Sum: 0.5]
      [GC Worker Total (ms): Min: 4.4, Avg: 4.6, Max: 4.7, Diff: 0.3, Sum: 64.0]
      [GC Worker End (ms): Min: 212532096.9, Avg: 212532096.9, Max: 212532096.9, Diff: 0.1]
   [Code Root Fixup: 0.0 ms]
   [Code Root Purge: 0.0 ms]
   [Clear CT: 0.3 ms]
   [Other: 4.1 ms]
      [Choose CSet: 0.0 ms]
      [Ref Proc: 3.5 ms]
      [Ref Enq: 0.2 ms]
      [Redirty Cards: 0.2 ms]
      [Humongous Register: 0.0 ms]
      [Humongous Reclaim: 0.0 ms]
      [Free CSet: 0.1 ms]
   [Eden: 7152.0M(7152.0M)->0.0B(7152.0M) Survivors: 16384.0K->16384.0K Heap: 10214.2M(14336.0M)->3062.5M(14336.0M)]
 [Times: user=0.07 sys=0.00, real=0.02 secs] 
2022-11-02T05:23:51.681-0600: 212532.102: [GC concurrent-root-region-scan-start]
2022-11-02T05:23:51.686-0600: 212532.106: [GC concurrent-root-region-scan-end, 0.0043330 secs]
2022-11-02T05:23:51.686-0600: 212532.106: [GC concurrent-mark-start]
2022-11-02T05:23:52.317-0600: 212532.738: [GC concurrent-mark-end, 0.6315848 secs]
2022-11-02T05:23:52.317-0600: 212532.738: [GC remark 2022-11-02T05:23:52.317-0600: 212532.738: [Finalize Marking, 0.0007589 secs] 2022-11-02T05:23:52.318-0600: 212532.739: [GC ref-proc, 0.0058561 secs] 2022-11-02T05:23:52.324-0600: 212532.744: [Unloading, 0.0201725 secs], 0.0287958 secs]
 [Times: user=0.29 sys=0.00, real=0.03 secs] 
2022-11-02T05:23:52.346-0600: 212532.767: [GC cleanup 3122M->3122M(14336M), 0.0055875 secs]
 [Times: user=0.04 sys=0.00, real=0.00 secs] 
2022-11-02T05:40:01.315-0600: 213501.735: [GC pause (G1 Evacuation Pause) (young), 0.0137723 secs]
   [Parallel Time: 8.3 ms, GC Workers: 14]
      [GC Worker Start (ms): Min: 213501735.0, Avg: 213501735.2, Max: 213501735.4, Diff: 0.4]
      [Ext Root Scanning (ms): Min: 0.2, Avg: 0.6, Max: 3.1, Diff: 2.9, Sum: 8.7]
      [Update RS (ms): Min: 0.0, Avg: 0.1, Max: 0.4, Diff: 0.4, Sum: 1.8]
         [Processed Buffers: Min: 0, Avg: 10.9, Max: 34, Diff: 34, Sum: 152]
      [Scan RS (ms): Min: 0.0, Avg: 0.0, Max: 0.1, Diff: 0.0, Sum: 0.4]
      [Code Root Scanning (ms): Min: 0.0, Avg: 0.0, Max: 0.0, Diff: 0.0, Sum: 0.0]
      [Object Copy (ms): Min: 0.0, Avg: 1.7, Max: 7.1, Diff: 7.1, Sum: 23.5]
      [Termination (ms): Min: 0.0, Avg: 5.3, Max: 6.9, Diff: 6.9, Sum: 73.5]
         [Termination Attempts: Min: 1, Avg: 5.4, Max: 15, Diff: 14, Sum: 76]
      [GC Worker Other (ms): Min: 0.0, Avg: 0.0, Max: 0.0, Diff: 0.0, Sum: 0.1]
      [GC Worker Total (ms): Min: 7.5, Avg: 7.7, Max: 7.9, Diff: 0.4, Sum: 108.1]
      [GC Worker End (ms): Min: 213501742.9, Avg: 213501742.9, Max: 213501743.0, Diff: 0.1]
   [Code Root Fixup: 0.0 ms]
   [Code Root Purge: 0.0 ms]
   [Clear CT: 0.3 ms]
   [Other: 5.2 ms]
      [Choose CSet: 0.0 ms]
      [Ref Proc: 4.5 ms]
      [Ref Enq: 0.3 ms]
      [Redirty Cards: 0.2 ms]
      [Humongous Register: 0.0 ms]
      [Humongous Reclaim: 0.0 ms]
      [Free CSet: 0.1 ms]
   [Eden: 7152.0M(7152.0M)->0.0B(7152.0M) Survivors: 16384.0K->16384.0K Heap: 10214.5M(14336.0M)->3062.1M(14336.0M)]
 [Times: user=0.10 sys=0.00, real=0.01 secs] 
2022-11-02T05:55:53.315-0600: 214453.735: [GC pause (G1 Evacuation Pause) (young), 0.0100600 secs]
   [Parallel Time: 2.9 ms, GC Workers: 14]
      [GC Worker Start (ms): Min: 214453735.3, Avg: 214453735.4, Max: 214453735.6, Diff: 0.3]
      [Ext Root Scanning (ms): Min: 0.2, Avg: 0.6, Max: 2.7, Diff: 2.5, Sum: 8.3]
      [Update RS (ms): Min: 0.0, Avg: 0.1, Max: 0.3, Diff: 0.3, Sum: 1.7]
         [Processed Buffers: Min: 0, Avg: 10.7, Max: 36, Diff: 36, Sum: 150]
      [Scan RS (ms): Min: 0.0, Avg: 0.0, Max: 0.1, Diff: 0.1, Sum: 0.5]
      [Code Root Scanning (ms): Min: 0.0, Avg: 0.0, Max: 0.0, Diff: 0.0, Sum: 0.0]
      [Object Copy (ms): Min: 0.0, Avg: 0.2, Max: 0.3, Diff: 0.3, Sum: 3.0]
      [Termination (ms): Min: 0.0, Avg: 1.7, Max: 1.9, Diff: 1.9, Sum: 23.4]
         [Termination Attempts: Min: 1, Avg: 1.7, Max: 3, Diff: 2, Sum: 24]
      [GC Worker Other (ms): Min: 0.0, Avg: 0.0, Max: 0.0, Diff: 0.0, Sum: 0.1]
      [GC Worker Total (ms): Min: 2.5, Avg: 2.6, Max: 2.8, Diff: 0.3, Sum: 37.0]
      [GC Worker End (ms): Min: 214453738.0, Avg: 214453738.1, Max: 214453738.1, Diff: 0.1]
   [Code Root Fixup: 0.0 ms]
   [Code Root Purge: 0.0 ms]
   [Clear CT: 0.4 ms]
   [Other: 6.8 ms]
      [Choose CSet: 0.0 ms]
      [Ref Proc: 6.1 ms]
      [Ref Enq: 0.2 ms]
      [Redirty Cards: 0.2 ms]
      [Humongous Register: 0.0 ms]
      [Humongous Reclaim: 0.0 ms]
      [Free CSet: 0.1 ms]
   [Eden: 7152.0M(7152.0M)->0.0B(7152.0M) Survivors: 16384.0K->16384.0K Heap: 10214.1M(14336.0M)->3062.4M(14336.0M)]
 [Times: user=0.08 sys=0.00, real=0.01 secs] 
2022-11-02T06:11:59.592-0600: 215420.012: [GC pause (G1 Evacuation Pause) (young) (initial-mark), 0.0204584 secs]
   [Parallel Time: 9.2 ms, GC Workers: 14]
      [GC Worker Start (ms): Min: 215420013.7, Avg: 215420013.9, Max: 215420014.1, Diff: 0.4]
      [Ext Root Scanning (ms): Min: 6.0, Avg: 6.3, Max: 6.5, Diff: 0.5, Sum: 87.8]
      [Update RS (ms): Min: 0.0, Avg: 0.2, Max: 0.4, Diff: 0.3, Sum: 2.1]
         [Processed Buffers: Min: 1, Avg: 11.2, Max: 41, Diff: 40, Sum: 157]
      [Scan RS (ms): Min: 0.0, Avg: 0.0, Max: 0.1, Diff: 0.1, Sum: 0.5]
      [Code Root Scanning (ms): Min: 0.0, Avg: 0.0, Max: 0.0, Diff: 0.0, Sum: 0.0]
      [Object Copy (ms): Min: 0.2, Avg: 0.4, Max: 0.5, Diff: 0.3, Sum: 5.5]
      [Termination (ms): Min: 0.0, Avg: 0.0, Max: 0.1, Diff: 0.0, Sum: 0.5]
         [Termination Attempts: Min: 32, Avg: 44.9, Max: 54, Diff: 22, Sum: 629]
      [GC Worker Other (ms): Min: 0.0, Avg: 0.2, Max: 0.4, Diff: 0.4, Sum: 2.5]
      [GC Worker Total (ms): Min: 6.7, Avg: 7.1, Max: 7.5, Diff: 0.8, Sum: 99.0]
      [GC Worker End (ms): Min: 215420020.8, Avg: 215420021.0, Max: 215420021.2, Diff: 0.4]
   [Code Root Fixup: 0.0 ms]
   [Code Root Purge: 0.0 ms]
   [Clear CT: 0.4 ms]
   [Other: 10.8 ms]
      [Choose CSet: 0.0 ms]
      [Ref Proc: 10.1 ms]
      [Ref Enq: 0.3 ms]
      [Redirty Cards: 0.2 ms]
      [Humongous Register: 0.0 ms]
      [Humongous Reclaim: 0.0 ms]
      [Free CSet: 0.1 ms]
   [Eden: 7152.0M(7152.0M)->0.0B(7152.0M) Survivors: 16384.0K->16384.0K Heap: 10214.4M(14336.0M)->3062.1M(14336.0M)]
 [Times: user=0.09 sys=0.00, real=0.03 secs] 
2022-11-02T06:11:59.612-0600: 215420.033: [GC concurrent-root-region-scan-start]
2022-11-02T06:11:59.617-0600: 215420.037: [GC concurrent-root-region-scan-end, 0.0043055 secs]
2022-11-02T06:11:59.617-0600: 215420.037: [GC concurrent-mark-start]
2022-11-02T06:12:00.200-0600: 215420.620: [GC concurrent-mark-end, 0.5834879 secs]
2022-11-02T06:12:00.200-0600: 215420.621: [GC remark 2022-11-02T06:12:00.200-0600: 215420.621: [Finalize Marking, 0.0004394 secs] 2022-11-02T06:12:00.201-0600: 215420.621: [GC ref-proc, 0.0063426 secs] 2022-11-02T06:12:00.207-0600: 215420.627: [Unloading, 0.0202259 secs], 0.0292918 secs]
 [Times: user=0.30 sys=0.00, real=0.02 secs] 
2022-11-02T06:12:00.230-0600: 215420.650: [GC cleanup 3094M->3094M(14336M), 0.0052084 secs]
 [Times: user=0.03 sys=0.00, real=0.01 secs] 
2022-11-02T06:27:59.502-0600: 216379.922: [GC pause (G1 Evacuation Pause) (young), 0.0129243 secs]
   [Parallel Time: 8.2 ms, GC Workers: 14]
      [GC Worker Start (ms): Min: 216379922.6, Avg: 216379922.7, Max: 216379922.9, Diff: 0.3]
      [Ext Root Scanning (ms): Min: 0.3, Avg: 0.6, Max: 2.8, Diff: 2.5, Sum: 8.4]
      [Update RS (ms): Min: 0.0, Avg: 0.1, Max: 0.3, Diff: 0.3, Sum: 1.8]
         [Processed Buffers: Min: 0, Avg: 11.5, Max: 41, Diff: 41, Sum: 161]
      [Scan RS (ms): Min: 0.0, Avg: 0.0, Max: 0.0, Diff: 0.0, Sum: 0.4]
      [Code Root Scanning (ms): Min: 0.0, Avg: 0.0, Max: 0.0, Diff: 0.0, Sum: 0.0]
      [Object Copy (ms): Min: 0.0, Avg: 2.1, Max: 7.0, Diff: 7.0, Sum: 30.1]
      [Termination (ms): Min: 0.0, Avg: 4.7, Max: 6.8, Diff: 6.8, Sum: 65.5]
         [Termination Attempts: Min: 1, Avg: 6.3, Max: 16, Diff: 15, Sum: 88]
      [GC Worker Other (ms): Min: 0.0, Avg: 0.0, Max: 0.0, Diff: 0.0, Sum: 0.1]
      [GC Worker Total (ms): Min: 7.4, Avg: 7.6, Max: 7.7, Diff: 0.3, Sum: 106.3]
      [GC Worker End (ms): Min: 216379930.3, Avg: 216379930.3, Max: 216379930.4, Diff: 0.1]
   [Code Root Fixup: 0.0 ms]
   [Code Root Purge: 0.0 ms]
   [Clear CT: 0.3 ms]
   [Other: 4.4 ms]
      [Choose CSet: 0.0 ms]
      [Ref Proc: 3.7 ms]
      [Ref Enq: 0.3 ms]
      [Redirty Cards: 0.2 ms]
      [Humongous Register: 0.0 ms]
      [Humongous Reclaim: 0.0 ms]
      [Free CSet: 0.1 ms]
   [Eden: 7152.0M(7152.0M)->0.0B(7152.0M) Survivors: 16384.0K->16384.0K Heap: 10214.1M(14336.0M)->3062.4M(14336.0M)]
 [Times: user=0.09 sys=0.00, real=0.01 secs] 
2022-11-02T06:44:02.714-0600: 217343.134: [GC pause (G1 Evacuation Pause) (young), 0.0130316 secs]
   [Parallel Time: 8.2 ms, GC Workers: 14]
      [GC Worker Start (ms): Min: 217343134.6, Avg: 217343134.7, Max: 217343134.9, Diff: 0.3]
      [Ext Root Scanning (ms): Min: 0.2, Avg: 0.7, Max: 4.3, Diff: 4.1, Sum: 9.5]
      [Update RS (ms): Min: 0.0, Avg: 0.1, Max: 0.3, Diff: 0.3, Sum: 1.7]
         [Processed Buffers: Min: 0, Avg: 11.5, Max: 34, Diff: 34, Sum: 161]
      [Scan RS (ms): Min: 0.0, Avg: 0.0, Max: 0.1, Diff: 0.1, Sum: 0.5]
      [Code Root Scanning (ms): Min: 0.0, Avg: 0.0, Max: 0.0, Diff: 0.0, Sum: 0.0]
      [Object Copy (ms): Min: 0.0, Avg: 4.2, Max: 7.2, Diff: 7.2, Sum: 59.0]
      [Termination (ms): Min: 0.0, Avg: 2.7, Max: 6.9, Diff: 6.9, Sum: 37.9]
         [Termination Attempts: Min: 1, Avg: 28.1, Max: 97, Diff: 96, Sum: 393]
      [GC Worker Other (ms): Min: 0.0, Avg: 0.0, Max: 0.0, Diff: 0.0, Sum: 0.1]
      [GC Worker Total (ms): Min: 7.6, Avg: 7.8, Max: 7.9, Diff: 0.3, Sum: 108.7]
      [GC Worker End (ms): Min: 217343142.4, Avg: 217343142.5, Max: 217343142.6, Diff: 0.2]
   [Code Root Fixup: 0.0 ms]
   [Code Root Purge: 0.0 ms]
   [Clear CT: 0.4 ms]
   [Other: 4.4 ms]
      [Choose CSet: 0.0 ms]
      [Ref Proc: 3.9 ms]
      [Ref Enq: 0.2 ms]
      [Redirty Cards: 0.2 ms]
      [Humongous Register: 0.0 ms]
      [Humongous Reclaim: 0.0 ms]
      [Free CSet: 0.1 ms]
   [Eden: 7152.0M(7152.0M)->0.0B(7152.0M) Survivors: 16384.0K->16384.0K Heap: 10214.4M(14336.0M)->3062.3M(14336.0M)]
 [Times: user=0.07 sys=0.00, real=0.01 secs] 
2022-11-02T07:00:04.316-0600: 218304.736: [GC pause (G1 Evacuation Pause) (young) (initial-mark), 0.0104272 secs]
   [Parallel Time: 6.1 ms, GC Workers: 14]
      [GC Worker Start (ms): Min: 218304737.1, Avg: 218304737.2, Max: 218304737.3, Diff: 0.3]
      [Ext Root Scanning (ms): Min: 3.9, Avg: 4.1, Max: 4.2, Diff: 0.3, Sum: 57.4]
      [Update RS (ms): Min: 0.0, Avg: 0.1, Max: 0.3, Diff: 0.3, Sum: 2.0]
         [Processed Buffers: Min: 1, Avg: 11.8, Max: 35, Diff: 34, Sum: 165]
      [Scan RS (ms): Min: 0.0, Avg: 0.0, Max: 0.1, Diff: 0.1, Sum: 0.5]
      [Code Root Scanning (ms): Min: 0.0, Avg: 0.0, Max: 0.0, Diff: 0.0, Sum: 0.0]
      [Object Copy (ms): Min: 0.1, Avg: 0.3, Max: 0.4, Diff: 0.2, Sum: 4.3]
      [Termination (ms): Min: 0.0, Avg: 0.0, Max: 0.0, Diff: 0.0, Sum: 0.2]
         [Termination Attempts: Min: 16, Avg: 21.7, Max: 36, Diff: 20, Sum: 304]
      [GC Worker Other (ms): Min: 0.0, Avg: 0.0, Max: 0.1, Diff: 0.1, Sum: 0.5]
      [GC Worker Total (ms): Min: 4.5, Avg: 4.6, Max: 4.8, Diff: 0.3, Sum: 64.9]
      [GC Worker End (ms): Min: 218304741.8, Avg: 218304741.8, Max: 218304741.9, Diff: 0.1]
   [Code Root Fixup: 0.0 ms]
   [Code Root Purge: 0.0 ms]
   [Clear CT: 0.3 ms]
   [Other: 4.0 ms]
      [Choose CSet: 0.0 ms]
      [Ref Proc: 3.3 ms]
      [Ref Enq: 0.2 ms]
      [Redirty Cards: 0.2 ms]
      [Humongous Register: 0.0 ms]
      [Humongous Reclaim: 0.0 ms]
      [Free CSet: 0.1 ms]
   [Eden: 7152.0M(7152.0M)->0.0B(7152.0M) Survivors: 16384.0K->16384.0K Heap: 10214.3M(14336.0M)->3062.2M(14336.0M)]
 [Times: user=0.07 sys=0.00, real=0.01 secs] 
2022-11-02T07:00:04.326-0600: 218304.746: [GC concurrent-root-region-scan-start]
2022-11-02T07:00:04.329-0600: 218304.750: [GC concurrent-root-region-scan-end, 0.0033651 secs]
2022-11-02T07:00:04.329-0600: 218304.750: [GC concurrent-mark-start]
2022-11-02T07:00:04.898-0600: 218305.318: [GC concurrent-mark-end, 0.5684796 secs]
2022-11-02T07:00:04.898-0600: 218305.318: [GC remark 2022-11-02T07:00:04.898-0600: 218305.318: [Finalize Marking, 0.0005628 secs] 2022-11-02T07:00:04.899-0600: 218305.319: [GC ref-proc, 0.0062160 secs] 2022-11-02T07:00:04.905-0600: 218305.325: [Unloading, 0.0200733 secs], 0.0291130 secs]
 [Times: user=0.29 sys=0.00, real=0.03 secs] 
2022-11-02T07:00:04.928-0600: 218305.348: [GC cleanup 3123M->3123M(14336M), 0.0047407 secs]
 [Times: user=0.04 sys=0.00, real=0.01 secs] 
2022-11-02T07:16:02.943-0600: 219263.364: [GC pause (G1 Evacuation Pause) (young), 0.0108448 secs]
   [Parallel Time: 4.7 ms, GC Workers: 14]
      [GC Worker Start (ms): Min: 219263363.8, Avg: 219263364.0, Max: 219263364.1, Diff: 0.3]
      [Ext Root Scanning (ms): Min: 0.2, Avg: 0.7, Max: 4.3, Diff: 4.0, Sum: 9.4]
      [Update RS (ms): Min: 0.0, Avg: 0.1, Max: 0.3, Diff: 0.3, Sum: 1.7]
         [Processed Buffers: Min: 0, Avg: 10.8, Max: 27, Diff: 27, Sum: 151]
      [Scan RS (ms): Min: 0.0, Avg: 0.0, Max: 0.1, Diff: 0.0, Sum: 0.5]
      [Code Root Scanning (ms): Min: 0.0, Avg: 0.0, Max: 0.0, Diff: 0.0, Sum: 0.0]
      [Object Copy (ms): Min: 0.0, Avg: 0.2, Max: 0.3, Diff: 0.3, Sum: 3.4]
      [Termination (ms): Min: 0.0, Avg: 3.1, Max: 3.4, Diff: 3.4, Sum: 43.5]
         [Termination Attempts: Min: 1, Avg: 19.3, Max: 30, Diff: 29, Sum: 270]
      [GC Worker Other (ms): Min: 0.0, Avg: 0.0, Max: 0.0, Diff: 0.0, Sum: 0.1]
      [GC Worker Total (ms): Min: 4.0, Avg: 4.2, Max: 4.3, Diff: 0.3, Sum: 58.5]
      [GC Worker End (ms): Min: 219263368.1, Avg: 219263368.1, Max: 219263368.2, Diff: 0.1]
   [Code Root Fixup: 0.0 ms]
   [Code Root Purge: 0.0 ms]
   [Clear CT: 0.3 ms]
   [Other: 5.8 ms]
      [Choose CSet: 0.0 ms]
      [Ref Proc: 5.2 ms]
      [Ref Enq: 0.2 ms]
      [Redirty Cards: 0.2 ms]
      [Humongous Register: 0.0 ms]
      [Humongous Reclaim: 0.0 ms]
      [Free CSet: 0.1 ms]
   [Eden: 7152.0M(7152.0M)->0.0B(7152.0M) Survivors: 16384.0K->16384.0K Heap: 10214.2M(14336.0M)->3062.5M(14336.0M)]
 [Times: user=0.07 sys=0.01, real=0.01 secs] 
2022-11-02T07:32:19.665-0600: 220240.086: [GC pause (G1 Evacuation Pause) (young), 0.0102697 secs]
   [Parallel Time: 4.8 ms, GC Workers: 14]
      [GC Worker Start (ms): Min: 220240085.9, Avg: 220240086.0, Max: 220240086.2, Diff: 0.3]
      [Ext Root Scanning (ms): Min: 0.3, Avg: 0.7, Max: 4.3, Diff: 4.0, Sum: 10.1]
      [Update RS (ms): Min: 0.0, Avg: 0.1, Max: 0.3, Diff: 0.3, Sum: 1.9]
         [Processed Buffers: Min: 0, Avg: 10.4, Max: 36, Diff: 36, Sum: 145]
      [Scan RS (ms): Min: 0.0, Avg: 0.0, Max: 0.1, Diff: 0.1, Sum: 0.5]
      [Code Root Scanning (ms): Min: 0.0, Avg: 0.0, Max: 0.0, Diff: 0.0, Sum: 0.0]
      [Object Copy (ms): Min: 0.0, Avg: 0.3, Max: 0.4, Diff: 0.4, Sum: 4.4]
      [Termination (ms): Min: 0.0, Avg: 3.0, Max: 3.3, Diff: 3.3, Sum: 42.3]
         [Termination Attempts: Min: 1, Avg: 41.2, Max: 62, Diff: 61, Sum: 577]
      [GC Worker Other (ms): Min: 0.0, Avg: 0.0, Max: 0.0, Diff: 0.0, Sum: 0.1]
      [GC Worker Total (ms): Min: 4.1, Avg: 4.2, Max: 4.4, Diff: 0.3, Sum: 59.2]
      [GC Worker End (ms): Min: 220240090.2, Avg: 220240090.3, Max: 220240090.3, Diff: 0.1]
   [Code Root Fixup: 0.0 ms]
   [Code Root Purge: 0.0 ms]
   [Clear CT: 0.4 ms]
   [Other: 5.1 ms]
      [Choose CSet: 0.0 ms]
      [Ref Proc: 4.5 ms]
      [Ref Enq: 0.3 ms]
      [Redirty Cards: 0.2 ms]
      [Humongous Register: 0.0 ms]
      [Humongous Reclaim: 0.0 ms]
      [Free CSet: 0.1 ms]
   [Eden: 7152.0M(7152.0M)->0.0B(7152.0M) Survivors: 16384.0K->16384.0K Heap: 10214.5M(14336.0M)->3062.2M(14336.0M)]
 [Times: user=0.08 sys=0.00, real=0.01 secs] 
2022-11-02T07:48:06.665-0600: 221187.085: [GC pause (G1 Evacuation Pause) (young) (initial-mark), 0.0178082 secs]
   [Parallel Time: 11.7 ms, GC Workers: 14]
      [GC Worker Start (ms): Min: 221187086.5, Avg: 221187086.6, Max: 221187086.8, Diff: 0.3]
      [Ext Root Scanning (ms): Min: 4.4, Avg: 4.6, Max: 4.7, Diff: 0.3, Sum: 64.1]
      [Update RS (ms): Min: 0.0, Avg: 0.1, Max: 0.3, Diff: 0.3, Sum: 2.1]
         [Processed Buffers: Min: 1, Avg: 11.7, Max: 42, Diff: 41, Sum: 164]
      [Scan RS (ms): Min: 0.0, Avg: 0.0, Max: 0.1, Diff: 0.1, Sum: 0.6]
      [Code Root Scanning (ms): Min: 0.0, Avg: 0.0, Max: 0.0, Diff: 0.0, Sum: 0.0]
      [Object Copy (ms): Min: 0.3, Avg: 0.8, Max: 5.2, Diff: 4.9, Sum: 11.1]
      [Termination (ms): Min: 0.0, Avg: 4.4, Max: 4.9, Diff: 4.9, Sum: 61.4]
         [Termination Attempts: Min: 1, Avg: 67.3, Max: 110, Diff: 109, Sum: 942]
      [GC Worker Other (ms): Min: 0.0, Avg: 0.0, Max: 0.0, Diff: 0.0, Sum: 0.1]
      [GC Worker Total (ms): Min: 9.8, Avg: 10.0, Max: 10.1, Diff: 0.3, Sum: 139.3]
      [GC Worker End (ms): Min: 221187096.6, Avg: 221187096.6, Max: 221187096.7, Diff: 0.2]
   [Code Root Fixup: 0.0 ms]
   [Code Root Purge: 0.0 ms]
   [Clear CT: 0.4 ms]
   [Other: 5.7 ms]
      [Choose CSet: 0.0 ms]
      [Ref Proc: 4.7 ms]
      [Ref Enq: 0.6 ms]
      [Redirty Cards: 0.2 ms]
      [Humongous Register: 0.0 ms]
      [Humongous Reclaim: 0.0 ms]
      [Free CSet: 0.1 ms]
   [Eden: 7152.0M(7152.0M)->0.0B(7152.0M) Survivors: 16384.0K->16384.0K Heap: 10214.2M(14336.0M)->3062.6M(14336.0M)]
 [Times: user=0.14 sys=0.00, real=0.02 secs] 
2022-11-02T07:48:06.683-0600: 221187.103: [GC concurrent-root-region-scan-start]
2022-11-02T07:48:06.686-0600: 221187.106: [GC concurrent-root-region-scan-end, 0.0030070 secs]
2022-11-02T07:48:06.686-0600: 221187.106: [GC concurrent-mark-start]
2022-11-02T07:48:07.307-0600: 221187.728: [GC concurrent-mark-end, 0.6215051 secs]
2022-11-02T07:48:07.308-0600: 221187.728: [GC remark 2022-11-02T07:48:07.308-0600: 221187.728: [Finalize Marking, 0.0005827 secs] 2022-11-02T07:48:07.308-0600: 221187.728: [GC ref-proc, 0.0102841 secs] 2022-11-02T07:48:07.318-0600: 221187.739: [Unloading, 0.0195024 secs], 0.0322425 secs]
 [Times: user=0.34 sys=0.00, real=0.03 secs] 
2022-11-02T07:48:07.340-0600: 221187.760: [GC cleanup 3094M->3094M(14336M), 0.0047877 secs]
 [Times: user=0.04 sys=0.00, real=0.01 secs] 
2022-11-02T08:04:17.094-0600: 222157.514: [GC pause (G1 Evacuation Pause) (young), 0.0099224 secs]
   [Parallel Time: 3.7 ms, GC Workers: 14]
      [GC Worker Start (ms): Min: 222157514.2, Avg: 222157514.3, Max: 222157514.5, Diff: 0.3]
      [Ext Root Scanning (ms): Min: 0.3, Avg: 0.6, Max: 3.1, Diff: 2.8, Sum: 8.6]
      [Update RS (ms): Min: 0.0, Avg: 0.1, Max: 0.4, Diff: 0.4, Sum: 1.9]
         [Processed Buffers: Min: 0, Avg: 11.6, Max: 34, Diff: 34, Sum: 163]
      [Scan RS (ms): Min: 0.0, Avg: 0.0, Max: 0.1, Diff: 0.1, Sum: 0.5]
      [Code Root Scanning (ms): Min: 0.0, Avg: 0.0, Max: 0.0, Diff: 0.0, Sum: 0.0]
      [Object Copy (ms): Min: 0.0, Avg: 0.3, Max: 0.4, Diff: 0.4, Sum: 4.3]
      [Termination (ms): Min: 0.0, Avg: 2.0, Max: 2.5, Diff: 2.5, Sum: 27.3]
         [Termination Attempts: Min: 1, Avg: 34.4, Max: 49, Diff: 48, Sum: 481]
      [GC Worker Other (ms): Min: 0.0, Avg: 0.0, Max: 0.0, Diff: 0.0, Sum: 0.1]
      [GC Worker Total (ms): Min: 2.9, Avg: 3.1, Max: 3.4, Diff: 0.5, Sum: 42.7]
      [GC Worker End (ms): Min: 222157517.3, Avg: 222157517.4, Max: 222157517.8, Diff: 0.5]
   [Code Root Fixup: 0.0 ms]
   [Code Root Purge: 0.0 ms]
   [Clear CT: 0.4 ms]
   [Other: 5.8 ms]
      [Choose CSet: 0.0 ms]
      [Ref Proc: 3.9 ms]
      [Ref Enq: 0.2 ms]
      [Redirty Cards: 0.3 ms]
      [Humongous Register: 0.0 ms]
      [Humongous Reclaim: 0.0 ms]
      [Free CSet: 0.2 ms]
   [Eden: 7152.0M(7152.0M)->0.0B(7152.0M) Survivors: 16384.0K->16384.0K Heap: 10214.6M(14336.0M)->3062.3M(14336.0M)]
 [Times: user=0.06 sys=0.00, real=0.01 secs] 
2022-11-02T08:20:25.365-0600: 223125.785: [GC pause (G1 Evacuation Pause) (young), 0.0147689 secs]
   [Parallel Time: 8.3 ms, GC Workers: 14]
      [GC Worker Start (ms): Min: 223125785.5, Avg: 223125785.7, Max: 223125785.8, Diff: 0.4]
      [Ext Root Scanning (ms): Min: 0.2, Avg: 0.7, Max: 4.0, Diff: 3.8, Sum: 9.6]
      [Update RS (ms): Min: 0.0, Avg: 0.6, Max: 7.1, Diff: 7.1, Sum: 8.6]
         [Processed Buffers: Min: 0, Avg: 11.3, Max: 39, Diff: 39, Sum: 158]
      [Scan RS (ms): Min: 0.0, Avg: 0.0, Max: 0.1, Diff: 0.1, Sum: 0.4]
      [Code Root Scanning (ms): Min: 0.0, Avg: 0.0, Max: 0.0, Diff: 0.0, Sum: 0.0]
      [Object Copy (ms): Min: 0.0, Avg: 0.2, Max: 0.3, Diff: 0.3, Sum: 2.4]
      [Termination (ms): Min: 0.0, Avg: 6.1, Max: 6.9, Diff: 6.9, Sum: 85.3]
         [Termination Attempts: Min: 1, Avg: 10.0, Max: 23, Diff: 22, Sum: 140]
      [GC Worker Other (ms): Min: 0.0, Avg: 0.0, Max: 0.0, Diff: 0.0, Sum: 0.1]
      [GC Worker Total (ms): Min: 7.4, Avg: 7.6, Max: 7.8, Diff: 0.4, Sum: 106.3]
      [GC Worker End (ms): Min: 223125793.2, Avg: 223125793.3, Max: 223125793.4, Diff: 0.1]
   [Code Root Fixup: 0.0 ms]
   [Code Root Purge: 0.0 ms]
   [Clear CT: 0.3 ms]
   [Other: 6.1 ms]
      [Choose CSet: 0.0 ms]
      [Ref Proc: 5.2 ms]
      [Ref Enq: 0.4 ms]
      [Redirty Cards: 0.3 ms]
      [Humongous Register: 0.0 ms]
      [Humongous Reclaim: 0.0 ms]
      [Free CSet: 0.2 ms]
   [Eden: 7152.0M(7152.0M)->0.0B(7152.0M) Survivors: 16384.0K->16384.0K Heap: 10214.3M(14336.0M)->3062.3M(14336.0M)]
 [Times: user=0.13 sys=0.00, real=0.01 secs] 
2022-11-02T08:36:33.315-0600: 224093.735: [GC pause (G1 Evacuation Pause) (young) (initial-mark), 0.0123883 secs]
   [Parallel Time: 6.3 ms, GC Workers: 14]
      [GC Worker Start (ms): Min: 224093736.4, Avg: 224093736.5, Max: 224093736.7, Diff: 0.3]
      [Ext Root Scanning (ms): Min: 4.0, Avg: 4.1, Max: 4.3, Diff: 0.4, Sum: 57.7]
      [Update RS (ms): Min: 0.0, Avg: 0.1, Max: 0.3, Diff: 0.3, Sum: 1.9]
         [Processed Buffers: Min: 1, Avg: 11.1, Max: 36, Diff: 35, Sum: 156]
      [Scan RS (ms): Min: 0.0, Avg: 0.0, Max: 0.1, Diff: 0.1, Sum: 0.5]
      [Code Root Scanning (ms): Min: 0.0, Avg: 0.0, Max: 0.0, Diff: 0.0, Sum: 0.0]
      [Object Copy (ms): Min: 0.2, Avg: 0.3, Max: 0.3, Diff: 0.2, Sum: 4.2]
      [Termination (ms): Min: 0.0, Avg: 0.0, Max: 0.1, Diff: 0.0, Sum: 0.4]
         [Termination Attempts: Min: 24, Avg: 35.8, Max: 47, Diff: 23, Sum: 501]
      [GC Worker Other (ms): Min: 0.0, Avg: 0.1, Max: 0.2, Diff: 0.2, Sum: 1.2]
      [GC Worker Total (ms): Min: 4.5, Avg: 4.7, Max: 4.8, Diff: 0.3, Sum: 66.0]
      [GC Worker End (ms): Min: 224093741.2, Avg: 224093741.2, Max: 224093741.3, Diff: 0.2]
   [Code Root Fixup: 0.0 ms]
   [Code Root Purge: 0.0 ms]
   [Clear CT: 0.5 ms]
   [Other: 5.5 ms]
      [Choose CSet: 0.0 ms]
      [Ref Proc: 4.9 ms]
      [Ref Enq: 0.2 ms]
      [Redirty Cards: 0.2 ms]
      [Humongous Register: 0.0 ms]
      [Humongous Reclaim: 0.0 ms]
      [Free CSet: 0.1 ms]
   [Eden: 7152.0M(7152.0M)->0.0B(7152.0M) Survivors: 16384.0K->16384.0K Heap: 10214.3M(14336.0M)->3062.6M(14336.0M)]
 [Times: user=0.07 sys=0.00, real=0.01 secs] 
2022-11-02T08:36:33.327-0600: 224093.748: [GC concurrent-root-region-scan-start]
2022-11-02T08:36:33.331-0600: 224093.751: [GC concurrent-root-region-scan-end, 0.0038732 secs]
2022-11-02T08:36:33.331-0600: 224093.751: [GC concurrent-mark-start]
2022-11-02T08:36:33.950-0600: 224094.371: [GC concurrent-mark-end, 0.6191886 secs]
2022-11-02T08:36:33.951-0600: 224094.371: [GC remark 2022-11-02T08:36:33.951-0600: 224094.371: [Finalize Marking, 0.0006102 secs] 2022-11-02T08:36:33.951-0600: 224094.371: [GC ref-proc, 0.0066196 secs] 2022-11-02T08:36:33.958-0600: 224094.378: [Unloading, 0.0208653 secs], 0.0301471 secs]
 [Times: user=0.30 sys=0.00, real=0.04 secs] 
2022-11-02T08:36:33.981-0600: 224094.401: [GC cleanup 3094M->3094M(14336M), 0.0050508 secs]
 [Times: user=0.03 sys=0.00, real=0.00 secs] 
2022-11-02T08:52:22.073-0600: 225042.494: [GC pause (G1 Evacuation Pause) (young), 0.0123266 secs]
   [Parallel Time: 7.0 ms, GC Workers: 14]
      [GC Worker Start (ms): Min: 225042493.8, Avg: 225042493.9, Max: 225042494.0, Diff: 0.2]
      [Ext Root Scanning (ms): Min: 0.3, Avg: 0.7, Max: 4.3, Diff: 4.1, Sum: 9.9]
      [Update RS (ms): Min: 0.0, Avg: 0.1, Max: 0.3, Diff: 0.3, Sum: 1.5]
         [Processed Buffers: Min: 0, Avg: 11.5, Max: 35, Diff: 35, Sum: 161]
      [Scan RS (ms): Min: 0.0, Avg: 0.0, Max: 0.0, Diff: 0.0, Sum: 0.4]
      [Code Root Scanning (ms): Min: 0.0, Avg: 0.0, Max: 0.0, Diff: 0.0, Sum: 0.0]
      [Object Copy (ms): Min: 0.0, Avg: 1.2, Max: 6.1, Diff: 6.1, Sum: 16.9]
      [Termination (ms): Min: 0.0, Avg: 4.6, Max: 6.1, Diff: 6.1, Sum: 64.6]
         [Termination Attempts: Min: 1, Avg: 1.7, Max: 3, Diff: 2, Sum: 24]
      [GC Worker Other (ms): Min: 0.0, Avg: 0.0, Max: 0.0, Diff: 0.0, Sum: 0.1]
      [GC Worker Total (ms): Min: 6.5, Avg: 6.7, Max: 6.8, Diff: 0.3, Sum: 93.6]
      [GC Worker End (ms): Min: 225042500.6, Avg: 225042500.6, Max: 225042500.7, Diff: 0.1]
   [Code Root Fixup: 0.0 ms]
   [Code Root Purge: 0.0 ms]
   [Clear CT: 0.4 ms]
   [Other: 5.0 ms]
      [Choose CSet: 0.0 ms]
      [Ref Proc: 4.4 ms]
      [Ref Enq: 0.2 ms]
      [Redirty Cards: 0.2 ms]
      [Humongous Register: 0.0 ms]
      [Humongous Reclaim: 0.0 ms]
      [Free CSet: 0.1 ms]
   [Eden: 7152.0M(7152.0M)->0.0B(7152.0M) Survivors: 16384.0K->16384.0K Heap: 10214.6M(14336.0M)->3062.3M(14336.0M)]
 [Times: user=0.10 sys=0.00, real=0.01 secs] 
2022-11-02T09:08:20.115-0600: 226000.535: [GC pause (G1 Evacuation Pause) (young), 0.0101787 secs]
   [Parallel Time: 4.9 ms, GC Workers: 14]
      [GC Worker Start (ms): Min: 226000535.4, Avg: 226000536.0, Max: 226000536.7, Diff: 1.3]
      [Ext Root Scanning (ms): Min: 0.0, Avg: 0.7, Max: 4.5, Diff: 4.5, Sum: 9.5]
      [Update RS (ms): Min: 0.0, Avg: 0.1, Max: 0.4, Diff: 0.4, Sum: 1.4]
         [Processed Buffers: Min: 0, Avg: 11.5, Max: 50, Diff: 50, Sum: 161]
      [Scan RS (ms): Min: 0.0, Avg: 0.0, Max: 0.1, Diff: 0.1, Sum: 0.3]
      [Code Root Scanning (ms): Min: 0.0, Avg: 0.0, Max: 0.0, Diff: 0.0, Sum: 0.0]
      [Object Copy (ms): Min: 0.0, Avg: 0.2, Max: 0.4, Diff: 0.4, Sum: 3.0]
      [Termination (ms): Min: 0.0, Avg: 3.0, Max: 3.3, Diff: 3.3, Sum: 42.0]
         [Termination Attempts: Min: 1, Avg: 15.0, Max: 23, Diff: 22, Sum: 210]
      [GC Worker Other (ms): Min: 0.0, Avg: 0.0, Max: 0.0, Diff: 0.0, Sum: 0.1]
      [GC Worker Total (ms): Min: 3.3, Avg: 4.0, Max: 4.6, Diff: 1.4, Sum: 56.3]
      [GC Worker End (ms): Min: 226000539.9, Avg: 226000540.0, Max: 226000540.1, Diff: 0.1]
   [Code Root Fixup: 0.0 ms]
   [Code Root Purge: 0.0 ms]
   [Clear CT: 0.4 ms]
   [Other: 4.9 ms]
      [Choose CSet: 0.0 ms]
      [Ref Proc: 4.1 ms]
      [Ref Enq: 0.3 ms]
      [Redirty Cards: 0.2 ms]
      [Humongous Register: 0.0 ms]
      [Humongous Reclaim: 0.0 ms]
      [Free CSet: 0.2 ms]
   [Eden: 7152.0M(7152.0M)->0.0B(7152.0M) Survivors: 16384.0K->16384.0K Heap: 10214.3M(14336.0M)->3062.6M(14336.0M)]
 [Times: user=0.08 sys=0.00, real=0.01 secs] 
2022-11-02T09:24:20.415-0600: 226960.835: [GC pause (G1 Evacuation Pause) (young) (initial-mark), 0.0196361 secs]
   [Parallel Time: 14.1 ms, GC Workers: 14]
      [GC Worker Start (ms): Min: 226960836.3, Avg: 226960836.4, Max: 226960836.6, Diff: 0.3]
      [Ext Root Scanning (ms): Min: 4.0, Avg: 4.2, Max: 4.3, Diff: 0.4, Sum: 58.7]
      [Update RS (ms): Min: 0.0, Avg: 0.1, Max: 0.3, Diff: 0.3, Sum: 1.9]
         [Processed Buffers: Min: 0, Avg: 11.3, Max: 39, Diff: 39, Sum: 158]
      [Scan RS (ms): Min: 0.0, Avg: 0.0, Max: 0.1, Diff: 0.1, Sum: 0.5]
      [Code Root Scanning (ms): Min: 0.0, Avg: 0.0, Max: 0.0, Diff: 0.0, Sum: 0.0]
      [Object Copy (ms): Min: 0.4, Avg: 6.4, Max: 7.9, Diff: 7.5, Sum: 90.2]
      [Termination (ms): Min: 0.0, Avg: 1.4, Max: 7.5, Diff: 7.5, Sum: 20.0]
         [Termination Attempts: Min: 1, Avg: 1.4, Max: 4, Diff: 3, Sum: 20]
      [GC Worker Other (ms): Min: 0.0, Avg: 0.0, Max: 0.0, Diff: 0.0, Sum: 0.1]
      [GC Worker Total (ms): Min: 12.1, Avg: 12.2, Max: 12.4, Diff: 0.3, Sum: 171.4]
      [GC Worker End (ms): Min: 226960848.6, Avg: 226960848.7, Max: 226960848.8, Diff: 0.1]
   [Code Root Fixup: 0.0 ms]
   [Code Root Purge: 0.0 ms]
   [Clear CT: 0.2 ms]
   [Other: 5.3 ms]
      [Choose CSet: 0.0 ms]
      [Ref Proc: 4.7 ms]
      [Ref Enq: 0.3 ms]
      [Redirty Cards: 0.2 ms]
      [Humongous Register: 0.0 ms]
      [Humongous Reclaim: 0.0 ms]
      [Free CSet: 0.1 ms]
   [Eden: 7152.0M(7152.0M)->0.0B(7152.0M) Survivors: 16384.0K->16384.0K Heap: 10214.6M(14336.0M)->3062.4M(14336.0M)]
 [Times: user=0.09 sys=0.00, real=0.02 secs] 
2022-11-02T09:24:20.434-0600: 226960.855: [GC concurrent-root-region-scan-start]
2022-11-02T09:24:20.438-0600: 226960.858: [GC concurrent-root-region-scan-end, 0.0034424 secs]
2022-11-02T09:24:20.438-0600: 226960.858: [GC concurrent-mark-start]
2022-11-02T09:24:21.089-0600: 226961.509: [GC concurrent-mark-end, 0.6506666 secs]
2022-11-02T09:24:21.089-0600: 226961.509: [GC remark 2022-11-02T09:24:21.089-0600: 226961.509: [Finalize Marking, 0.0006288 secs] 2022-11-02T09:24:21.089-0600: 226961.510: [GC ref-proc, 0.0069052 secs] 2022-11-02T09:24:21.096-0600: 226961.517: [Unloading, 0.0198809 secs], 0.0297108 secs]
 [Times: user=0.29 sys=0.00, real=0.03 secs] 
2022-11-02T09:24:21.119-0600: 226961.539: [GC cleanup 3094M->3094M(14336M), 0.0042036 secs]
 [Times: user=0.04 sys=0.00, real=0.01 secs] 
2022-11-02T09:40:28.915-0600: 227929.336: [GC pause (G1 Evacuation Pause) (young), 0.0096219 secs]
   [Parallel Time: 4.4 ms, GC Workers: 14]
      [GC Worker Start (ms): Min: 227929335.7, Avg: 227929335.8, Max: 227929336.0, Diff: 0.2]
      [Ext Root Scanning (ms): Min: 0.3, Avg: 0.7, Max: 4.3, Diff: 4.0, Sum: 9.9]
      [Update RS (ms): Min: 0.0, Avg: 0.1, Max: 0.3, Diff: 0.3, Sum: 1.6]
         [Processed Buffers: Min: 0, Avg: 11.4, Max: 28, Diff: 28, Sum: 160]
      [Scan RS (ms): Min: 0.0, Avg: 0.0, Max: 0.1, Diff: 0.1, Sum: 0.4]
      [Code Root Scanning (ms): Min: 0.0, Avg: 0.0, Max: 0.0, Diff: 0.0, Sum: 0.0]
      [Object Copy (ms): Min: 0.0, Avg: 0.3, Max: 0.4, Diff: 0.4, Sum: 3.8]
      [Termination (ms): Min: 0.0, Avg: 3.1, Max: 3.4, Diff: 3.4, Sum: 43.4]
         [Termination Attempts: Min: 1, Avg: 10.6, Max: 23, Diff: 22, Sum: 148]
      [GC Worker Other (ms): Min: 0.0, Avg: 0.0, Max: 0.0, Diff: 0.0, Sum: 0.1]
      [GC Worker Total (ms): Min: 4.1, Avg: 4.2, Max: 4.3, Diff: 0.2, Sum: 59.2]
      [GC Worker End (ms): Min: 227929340.0, Avg: 227929340.1, Max: 227929340.1, Diff: 0.1]
   [Code Root Fixup: 0.0 ms]
   [Code Root Purge: 0.0 ms]
   [Clear CT: 0.3 ms]
   [Other: 4.9 ms]
      [Choose CSet: 0.0 ms]
      [Ref Proc: 3.9 ms]
      [Ref Enq: 0.4 ms]
      [Redirty Cards: 0.3 ms]
      [Humongous Register: 0.0 ms]
      [Humongous Reclaim: 0.0 ms]
      [Free CSet: 0.2 ms]
   [Eden: 7152.0M(7152.0M)->0.0B(7152.0M) Survivors: 16384.0K->16384.0K Heap: 10214.4M(14336.0M)->3062.3M(14336.0M)]
 [Times: user=0.07 sys=0.02, real=0.01 secs] 
2022-11-02T09:56:31.915-0600: 228892.336: [GC pause (G1 Evacuation Pause) (young), 0.0117961 secs]
   [Parallel Time: 4.9 ms, GC Workers: 14]
      [GC Worker Start (ms): Min: 228892335.6, Avg: 228892335.8, Max: 228892335.9, Diff: 0.3]
      [Ext Root Scanning (ms): Min: 0.3, Avg: 0.7, Max: 4.4, Diff: 4.2, Sum: 10.2]
      [Update RS (ms): Min: 0.0, Avg: 0.1, Max: 0.4, Diff: 0.4, Sum: 1.7]
         [Processed Buffers: Min: 0, Avg: 10.9, Max: 42, Diff: 42, Sum: 153]
      [Scan RS (ms): Min: 0.0, Avg: 0.0, Max: 0.1, Diff: 0.0, Sum: 0.5]
      [Code Root Scanning (ms): Min: 0.0, Avg: 0.0, Max: 0.0, Diff: 0.0, Sum: 0.0]
      [Object Copy (ms): Min: 0.0, Avg: 0.2, Max: 0.3, Diff: 0.3, Sum: 3.4]
      [Termination (ms): Min: 0.0, Avg: 3.2, Max: 3.5, Diff: 3.5, Sum: 44.9]
         [Termination Attempts: Min: 1, Avg: 21.8, Max: 34, Diff: 33, Sum: 305]
      [GC Worker Other (ms): Min: 0.0, Avg: 0.0, Max: 0.0, Diff: 0.0, Sum: 0.1]
      [GC Worker Total (ms): Min: 4.2, Avg: 4.3, Max: 4.4, Diff: 0.3, Sum: 60.8]
      [GC Worker End (ms): Min: 228892340.1, Avg: 228892340.2, Max: 228892340.2, Diff: 0.1]
   [Code Root Fixup: 0.0 ms]
   [Code Root Purge: 0.0 ms]
   [Clear CT: 0.4 ms]
   [Other: 6.5 ms]
      [Choose CSet: 0.0 ms]
      [Ref Proc: 5.7 ms]
      [Ref Enq: 0.2 ms]
      [Redirty Cards: 0.2 ms]
      [Humongous Register: 0.0 ms]
      [Humongous Reclaim: 0.0 ms]
      [Free CSet: 0.2 ms]
   [Eden: 7152.0M(7152.0M)->0.0B(7152.0M) Survivors: 16384.0K->16384.0K Heap: 10214.3M(14336.0M)->3062.6M(14336.0M)]
 [Times: user=0.08 sys=0.00, real=0.01 secs] 
2022-11-02T10:12:25.065-0600: 229845.485: [GC pause (G1 Evacuation Pause) (young) (initial-mark), 0.0194625 secs]
   [Parallel Time: 13.8 ms, GC Workers: 14]
      [GC Worker Start (ms): Min: 229845486.7, Avg: 229845486.8, Max: 229845487.0, Diff: 0.3]
      [Ext Root Scanning (ms): Min: 3.9, Avg: 4.1, Max: 4.4, Diff: 0.4, Sum: 57.9]
      [Update RS (ms): Min: 0.0, Avg: 0.1, Max: 0.4, Diff: 0.4, Sum: 2.0]
         [Processed Buffers: Min: 0, Avg: 12.1, Max: 42, Diff: 42, Sum: 169]
      [Scan RS (ms): Min: 0.0, Avg: 0.0, Max: 0.1, Diff: 0.1, Sum: 0.6]
      [Code Root Scanning (ms): Min: 0.0, Avg: 0.0, Max: 0.0, Diff: 0.0, Sum: 0.0]
      [Object Copy (ms): Min: 0.1, Avg: 5.3, Max: 7.5, Diff: 7.4, Sum: 74.1]
      [Termination (ms): Min: 0.0, Avg: 2.1, Max: 7.2, Diff: 7.2, Sum: 29.7]
         [Termination Attempts: Min: 1, Avg: 1.4, Max: 3, Diff: 2, Sum: 19]
      [GC Worker Other (ms): Min: 0.0, Avg: 0.0, Max: 0.0, Diff: 0.0, Sum: 0.1]
      [GC Worker Total (ms): Min: 11.5, Avg: 11.7, Max: 11.9, Diff: 0.4, Sum: 164.5]
      [GC Worker End (ms): Min: 229845498.6, Avg: 229845498.6, Max: 229845498.7, Diff: 0.1]
   [Code Root Fixup: 0.0 ms]
   [Code Root Purge: 0.0 ms]
   [Clear CT: 0.4 ms]
   [Other: 5.3 ms]
      [Choose CSet: 0.0 ms]
      [Ref Proc: 4.5 ms]
      [Ref Enq: 0.3 ms]
      [Redirty Cards: 0.2 ms]
      [Humongous Register: 0.0 ms]
      [Humongous Reclaim: 0.0 ms]
      [Free CSet: 0.2 ms]
   [Eden: 7152.0M(7152.0M)->0.0B(7152.0M) Survivors: 16384.0K->16384.0K Heap: 10214.6M(14336.0M)->3062.4M(14336.0M)]
 [Times: user=0.10 sys=0.00, real=0.02 secs] 
2022-11-02T10:12:25.084-0600: 229845.505: [GC concurrent-root-region-scan-start]
2022-11-02T10:12:25.089-0600: 229845.509: [GC concurrent-root-region-scan-end, 0.0041600 secs]
2022-11-02T10:12:25.089-0600: 229845.509: [GC concurrent-mark-start]
2022-11-02T10:12:25.705-0600: 229846.126: [GC concurrent-mark-end, 0.6167799 secs]
2022-11-02T10:12:25.706-0600: 229846.126: [GC remark 2022-11-02T10:12:25.706-0600: 229846.126: [Finalize Marking, 0.0008296 secs] 2022-11-02T10:12:25.706-0600: 229846.127: [GC ref-proc, 0.0092546 secs] 2022-11-02T10:12:25.716-0600: 229846.136: [Unloading, 0.0207318 secs], 0.0333214 secs]
 [Times: user=0.30 sys=0.00, real=0.03 secs] 
2022-11-02T10:12:25.739-0600: 229846.159: [GC cleanup 3090M->3090M(14336M), 0.0046918 secs]
 [Times: user=0.03 sys=0.00, real=0.01 secs] 
2022-11-02T10:28:19.164-0600: 230799.585: [GC pause (G1 Evacuation Pause) (young), 0.0108726 secs]
   [Parallel Time: 4.8 ms, GC Workers: 14]
      [GC Worker Start (ms): Min: 230799584.6, Avg: 230799584.8, Max: 230799584.9, Diff: 0.3]
      [Ext Root Scanning (ms): Min: 0.2, Avg: 0.7, Max: 4.3, Diff: 4.1, Sum: 9.9]
      [Update RS (ms): Min: 0.0, Avg: 0.1, Max: 0.3, Diff: 0.3, Sum: 1.6]
         [Processed Buffers: Min: 0, Avg: 11.6, Max: 32, Diff: 32, Sum: 163]
      [Scan RS (ms): Min: 0.0, Avg: 0.0, Max: 0.1, Diff: 0.0, Sum: 0.5]
      [Code Root Scanning (ms): Min: 0.0, Avg: 0.0, Max: 0.0, Diff: 0.0, Sum: 0.0]
      [Object Copy (ms): Min: 0.0, Avg: 0.3, Max: 0.4, Diff: 0.3, Sum: 3.7]
      [Termination (ms): Min: 0.0, Avg: 3.1, Max: 3.4, Diff: 3.4, Sum: 43.5]
         [Termination Attempts: Min: 1, Avg: 25.9, Max: 39, Diff: 38, Sum: 363]
      [GC Worker Other (ms): Min: 0.0, Avg: 0.0, Max: 0.0, Diff: 0.0, Sum: 0.1]
      [GC Worker Total (ms): Min: 4.1, Avg: 4.2, Max: 4.4, Diff: 0.3, Sum: 59.3]
      [GC Worker End (ms): Min: 230799589.0, Avg: 230799589.0, Max: 230799589.1, Diff: 0.1]
   [Code Root Fixup: 0.0 ms]
   [Code Root Purge: 0.0 ms]
   [Clear CT: 0.4 ms]
   [Other: 5.7 ms]
      [Choose CSet: 0.0 ms]
      [Ref Proc: 4.5 ms]
      [Ref Enq: 0.6 ms]
      [Redirty Cards: 0.2 ms]
      [Humongous Register: 0.0 ms]
      [Humongous Reclaim: 0.0 ms]
      [Free CSet: 0.1 ms]
   [Eden: 7152.0M(7152.0M)->0.0B(7152.0M) Survivors: 16384.0K->16384.0K Heap: 10214.4M(14336.0M)->3062.7M(14336.0M)]
 [Times: user=0.08 sys=0.00, real=0.01 secs] 
2022-11-02T10:44:14.015-0600: 231754.435: [GC pause (G1 Evacuation Pause) (young), 0.0112141 secs]
   [Parallel Time: 4.8 ms, GC Workers: 14]
      [GC Worker Start (ms): Min: 231754435.3, Avg: 231754435.5, Max: 231754435.6, Diff: 0.3]
      [Ext Root Scanning (ms): Min: 0.3, Avg: 0.7, Max: 4.3, Diff: 4.0, Sum: 10.1]
      [Update RS (ms): Min: 0.0, Avg: 0.1, Max: 0.3, Diff: 0.3, Sum: 1.7]
         [Processed Buffers: Min: 0, Avg: 11.2, Max: 31, Diff: 31, Sum: 157]
      [Scan RS (ms): Min: 0.0, Avg: 0.0, Max: 0.1, Diff: 0.1, Sum: 0.4]
      [Code Root Scanning (ms): Min: 0.0, Avg: 0.0, Max: 0.0, Diff: 0.0, Sum: 0.0]
      [Object Copy (ms): Min: 0.0, Avg: 0.2, Max: 0.3, Diff: 0.3, Sum: 3.0]
      [Termination (ms): Min: 0.0, Avg: 3.1, Max: 3.4, Diff: 3.4, Sum: 42.9]
         [Termination Attempts: Min: 1, Avg: 19.9, Max: 35, Diff: 34, Sum: 279]
      [GC Worker Other (ms): Min: 0.0, Avg: 0.0, Max: 0.0, Diff: 0.0, Sum: 0.1]
      [GC Worker Total (ms): Min: 4.0, Avg: 4.2, Max: 4.3, Diff: 0.3, Sum: 58.2]
      [GC Worker End (ms): Min: 231754439.6, Avg: 231754439.6, Max: 231754439.7, Diff: 0.1]
   [Code Root Fixup: 0.0 ms]
   [Code Root Purge: 0.0 ms]
   [Clear CT: 0.2 ms]
   [Other: 6.2 ms]
      [Choose CSet: 0.0 ms]
      [Ref Proc: 5.4 ms]
      [Ref Enq: 0.3 ms]
      [Redirty Cards: 0.2 ms]
      [Humongous Register: 0.0 ms]
      [Humongous Reclaim: 0.0 ms]
      [Free CSet: 0.2 ms]
   [Eden: 7152.0M(7152.0M)->0.0B(7152.0M) Survivors: 16384.0K->16384.0K Heap: 10214.7M(14336.0M)->3062.5M(14336.0M)]
 [Times: user=0.08 sys=0.00, real=0.01 secs] 
2022-11-02T11:00:13.115-0600: 232713.535: [GC pause (G1 Evacuation Pause) (young) (initial-mark), 0.0123528 secs]
   [Parallel Time: 7.0 ms, GC Workers: 14]
      [GC Worker Start (ms): Min: 232713536.8, Avg: 232713537.1, Max: 232713537.5, Diff: 0.8]
      [Ext Root Scanning (ms): Min: 4.2, Avg: 4.7, Max: 5.0, Diff: 0.8, Sum: 65.3]
      [Update RS (ms): Min: 0.0, Avg: 0.1, Max: 0.3, Diff: 0.3, Sum: 1.7]
         [Processed Buffers: Min: 1, Avg: 11.9, Max: 36, Diff: 35, Sum: 167]
      [Scan RS (ms): Min: 0.0, Avg: 0.0, Max: 0.1, Diff: 0.1, Sum: 0.5]
      [Code Root Scanning (ms): Min: 0.0, Avg: 0.0, Max: 0.0, Diff: 0.0, Sum: 0.0]
      [Object Copy (ms): Min: 0.1, Avg: 0.3, Max: 0.4, Diff: 0.2, Sum: 4.0]
      [Termination (ms): Min: 0.0, Avg: 0.0, Max: 0.0, Diff: 0.0, Sum: 0.3]
         [Termination Attempts: Min: 19, Avg: 25.4, Max: 36, Diff: 17, Sum: 356]
      [GC Worker Other (ms): Min: 0.0, Avg: 0.1, Max: 0.2, Diff: 0.2, Sum: 1.2]
      [GC Worker Total (ms): Min: 4.7, Avg: 5.2, Max: 5.6, Diff: 1.0, Sum: 72.9]
      [GC Worker End (ms): Min: 232713542.2, Avg: 232713542.3, Max: 232713542.4, Diff: 0.2]
   [Code Root Fixup: 0.0 ms]
   [Code Root Purge: 0.0 ms]
   [Clear CT: 0.3 ms]
   [Other: 5.0 ms]
      [Choose CSet: 0.0 ms]
      [Ref Proc: 4.4 ms]
      [Ref Enq: 0.2 ms]
      [Redirty Cards: 0.2 ms]
      [Humongous Register: 0.0 ms]
      [Humongous Reclaim: 0.0 ms]
      [Free CSet: 0.1 ms]
   [Eden: 7152.0M(7152.0M)->0.0B(7152.0M) Survivors: 16384.0K->16384.0K Heap: 10214.5M(14336.0M)->3062.5M(14336.0M)]
 [Times: user=0.07 sys=0.00, real=0.01 secs] 
2022-11-02T11:00:13.128-0600: 232713.548: [GC concurrent-root-region-scan-start]
2022-11-02T11:00:13.132-0600: 232713.552: [GC concurrent-root-region-scan-end, 0.0043996 secs]
2022-11-02T11:00:13.132-0600: 232713.552: [GC concurrent-mark-start]
2022-11-02T11:00:13.709-0600: 232714.129: [GC concurrent-mark-end, 0.5771267 secs]
2022-11-02T11:00:13.709-0600: 232714.130: [GC remark 2022-11-02T11:00:13.709-0600: 232714.130: [Finalize Marking, 0.0006489 secs] 2022-11-02T11:00:13.710-0600: 232714.130: [GC ref-proc, 0.0073609 secs] 2022-11-02T11:00:13.717-0600: 232714.138: [Unloading, 0.0204205 secs], 0.0307693 secs]
 [Times: user=0.29 sys=0.00, real=0.03 secs] 
2022-11-02T11:00:13.740-0600: 232714.161: [GC cleanup 3094M->3094M(14336M), 0.0050195 secs]
 [Times: user=0.04 sys=0.00, real=0.00 secs] 
2022-11-02T11:16:11.890-0600: 233672.310: [GC pause (G1 Evacuation Pause) (young), 0.0175425 secs]
   [Parallel Time: 8.3 ms, GC Workers: 14]
      [GC Worker Start (ms): Min: 233672309.9, Avg: 233672310.1, Max: 233672310.2, Diff: 0.3]
      [Ext Root Scanning (ms): Min: 0.3, Avg: 0.7, Max: 3.7, Diff: 3.4, Sum: 9.8]
      [Update RS (ms): Min: 0.0, Avg: 0.1, Max: 0.4, Diff: 0.4, Sum: 2.0]
         [Processed Buffers: Min: 0, Avg: 11.3, Max: 37, Diff: 37, Sum: 158]
      [Scan RS (ms): Min: 0.0, Avg: 0.0, Max: 0.1, Diff: 0.1, Sum: 0.5]
      [Code Root Scanning (ms): Min: 0.0, Avg: 0.0, Max: 0.0, Diff: 0.0, Sum: 0.0]
      [Object Copy (ms): Min: 0.0, Avg: 1.8, Max: 7.2, Diff: 7.2, Sum: 25.2]
      [Termination (ms): Min: 0.0, Avg: 5.1, Max: 6.9, Diff: 6.9, Sum: 72.1]
         [Termination Attempts: Min: 1, Avg: 70.4, Max: 123, Diff: 122, Sum: 986]
      [GC Worker Other (ms): Min: 0.0, Avg: 0.0, Max: 0.0, Diff: 0.0, Sum: 0.1]
      [GC Worker Total (ms): Min: 7.7, Avg: 7.8, Max: 8.0, Diff: 0.3, Sum: 109.7]
      [GC Worker End (ms): Min: 233672317.9, Avg: 233672317.9, Max: 233672318.0, Diff: 0.1]
   [Code Root Fixup: 0.0 ms]
   [Code Root Purge: 0.0 ms]
   [Clear CT: 0.3 ms]
   [Other: 8.9 ms]
      [Choose CSet: 0.0 ms]
      [Ref Proc: 8.1 ms]
      [Ref Enq: 0.3 ms]
      [Redirty Cards: 0.2 ms]
      [Humongous Register: 0.0 ms]
      [Humongous Reclaim: 0.0 ms]
      [Free CSet: 0.2 ms]
   [Eden: 7152.0M(7152.0M)->0.0B(7152.0M) Survivors: 16384.0K->16384.0K Heap: 10214.5M(14336.0M)->3062.6M(14336.0M)]
 [Times: user=0.11 sys=0.00, real=0.02 secs] 
2022-11-02T11:32:08.265-0600: 234628.686: [GC pause (G1 Evacuation Pause) (young), 0.0076129 secs]
   [Parallel Time: 3.1 ms, GC Workers: 14]
      [GC Worker Start (ms): Min: 234628685.8, Avg: 234628685.9, Max: 234628686.1, Diff: 0.3]
      [Ext Root Scanning (ms): Min: 0.2, Avg: 0.6, Max: 2.8, Diff: 2.5, Sum: 8.1]
      [Update RS (ms): Min: 0.0, Avg: 0.1, Max: 0.3, Diff: 0.3, Sum: 1.7]
         [Processed Buffers: Min: 0, Avg: 11.5, Max: 51, Diff: 51, Sum: 161]
      [Scan RS (ms): Min: 0.0, Avg: 0.0, Max: 0.1, Diff: 0.1, Sum: 0.5]
      [Code Root Scanning (ms): Min: 0.0, Avg: 0.0, Max: 0.0, Diff: 0.0, Sum: 0.0]
      [Object Copy (ms): Min: 0.0, Avg: 0.2, Max: 0.3, Diff: 0.3, Sum: 3.5]
      [Termination (ms): Min: 0.0, Avg: 1.7, Max: 1.9, Diff: 1.9, Sum: 23.6]
         [Termination Attempts: Min: 1, Avg: 20.9, Max: 32, Diff: 31, Sum: 292]
      [GC Worker Other (ms): Min: 0.0, Avg: 0.0, Max: 0.0, Diff: 0.0, Sum: 0.1]
      [GC Worker Total (ms): Min: 2.5, Avg: 2.7, Max: 2.8, Diff: 0.3, Sum: 37.4]
      [GC Worker End (ms): Min: 234628688.6, Avg: 234628688.6, Max: 234628688.7, Diff: 0.1]
   [Code Root Fixup: 0.0 ms]
   [Code Root Purge: 0.0 ms]
   [Clear CT: 0.4 ms]
   [Other: 4.1 ms]
      [Choose CSet: 0.0 ms]
      [Ref Proc: 3.5 ms]
      [Ref Enq: 0.2 ms]
      [Redirty Cards: 0.2 ms]
      [Humongous Register: 0.0 ms]
      [Humongous Reclaim: 0.0 ms]
      [Free CSet: 0.2 ms]
   [Eden: 7152.0M(7152.0M)->0.0B(7152.0M) Survivors: 16384.0K->16384.0K Heap: 10214.6M(14336.0M)->3062.5M(14336.0M)]
 [Times: user=0.05 sys=0.00, real=0.01 secs] 
2022-11-02T11:48:04.515-0600: 235584.935: [GC pause (G1 Evacuation Pause) (young) (initial-mark), 0.0222886 secs]
   [Parallel Time: 7.4 ms, GC Workers: 14]
      [GC Worker Start (ms): Min: 235584936.5, Avg: 235584936.6, Max: 235584936.7, Diff: 0.3]
      [Ext Root Scanning (ms): Min: 5.0, Avg: 5.1, Max: 5.3, Diff: 0.3, Sum: 71.5]
      [Update RS (ms): Min: 0.0, Avg: 0.2, Max: 0.4, Diff: 0.4, Sum: 3.3]
         [Processed Buffers: Min: 1, Avg: 11.1, Max: 38, Diff: 37, Sum: 155]
      [Scan RS (ms): Min: 0.0, Avg: 0.0, Max: 0.1, Diff: 0.1, Sum: 0.4]
      [Code Root Scanning (ms): Min: 0.0, Avg: 0.0, Max: 0.0, Diff: 0.0, Sum: 0.0]
      [Object Copy (ms): Min: 0.3, Avg: 0.4, Max: 0.5, Diff: 0.3, Sum: 5.6]
      [Termination (ms): Min: 0.0, Avg: 0.0, Max: 0.1, Diff: 0.0, Sum: 0.6]
         [Termination Attempts: Min: 41, Avg: 54.5, Max: 67, Diff: 26, Sum: 763]
      [GC Worker Other (ms): Min: 0.0, Avg: 0.1, Max: 0.2, Diff: 0.2, Sum: 0.8]
      [GC Worker Total (ms): Min: 5.8, Avg: 5.9, Max: 6.1, Diff: 0.3, Sum: 82.3]
      [GC Worker End (ms): Min: 235584942.4, Avg: 235584942.5, Max: 235584942.6, Diff: 0.2]
   [Code Root Fixup: 0.0 ms]
   [Code Root Purge: 0.0 ms]
   [Clear CT: 0.3 ms]
   [Other: 14.6 ms]
      [Choose CSet: 0.0 ms]
      [Ref Proc: 13.4 ms]
      [Ref Enq: 0.3 ms]
      [Redirty Cards: 0.3 ms]
      [Humongous Register: 0.0 ms]
      [Humongous Reclaim: 0.0 ms]
      [Free CSet: 0.4 ms]
   [Eden: 7152.0M(7152.0M)->0.0B(7152.0M) Survivors: 16384.0K->16384.0K Heap: 10214.5M(14336.0M)->3062.7M(14336.0M)]
 [Times: user=0.19 sys=0.00, real=0.02 secs] 
2022-11-02T11:48:04.537-0600: 235584.958: [GC concurrent-root-region-scan-start]
2022-11-02T11:48:04.546-0600: 235584.966: [GC concurrent-root-region-scan-end, 0.0085886 secs]
2022-11-02T11:48:04.546-0600: 235584.966: [GC concurrent-mark-start]
2022-11-02T11:48:05.168-0600: 235585.588: [GC concurrent-mark-end, 0.6221330 secs]
2022-11-02T11:48:05.168-0600: 235585.589: [GC remark 2022-11-02T11:48:05.168-0600: 235585.589: [Finalize Marking, 0.0006837 secs] 2022-11-02T11:48:05.169-0600: 235585.589: [GC ref-proc, 0.0077318 secs] 2022-11-02T11:48:05.177-0600: 235585.597: [Unloading, 0.0200709 secs], 0.0312029 secs]
 [Times: user=0.29 sys=0.00, real=0.03 secs] 
2022-11-02T11:48:05.200-0600: 235585.620: [GC cleanup 3126M->3126M(14336M), 0.0046841 secs]
 [Times: user=0.03 sys=0.00, real=0.01 secs] 
2022-11-02T12:04:00.215-0600: 236540.635: [GC pause (G1 Evacuation Pause) (young), 0.0105790 secs]
   [Parallel Time: 5.7 ms, GC Workers: 14]
      [GC Worker Start (ms): Min: 236540635.3, Avg: 236540635.4, Max: 236540635.6, Diff: 0.3]
      [Ext Root Scanning (ms): Min: 0.3, Avg: 0.6, Max: 2.8, Diff: 2.5, Sum: 8.7]
      [Update RS (ms): Min: 0.0, Avg: 0.1, Max: 0.3, Diff: 0.3, Sum: 1.6]
         [Processed Buffers: Min: 0, Avg: 11.9, Max: 38, Diff: 38, Sum: 167]
      [Scan RS (ms): Min: 0.0, Avg: 0.0, Max: 0.1, Diff: 0.1, Sum: 0.5]
      [Code Root Scanning (ms): Min: 0.0, Avg: 0.0, Max: 0.0, Diff: 0.0, Sum: 0.0]
      [Object Copy (ms): Min: 0.0, Avg: 0.6, Max: 4.6, Diff: 4.6, Sum: 7.8]
      [Termination (ms): Min: 0.0, Avg: 3.9, Max: 4.5, Diff: 4.4, Sum: 54.3]
         [Termination Attempts: Min: 1, Avg: 24.8, Max: 38, Diff: 37, Sum: 347]
      [GC Worker Other (ms): Min: 0.0, Avg: 0.0, Max: 0.0, Diff: 0.0, Sum: 0.1]
      [GC Worker Total (ms): Min: 5.0, Avg: 5.2, Max: 5.3, Diff: 0.3, Sum: 72.9]
      [GC Worker End (ms): Min: 236540640.6, Avg: 236540640.6, Max: 236540640.7, Diff: 0.2]
   [Code Root Fixup: 0.0 ms]
   [Code Root Purge: 0.0 ms]
   [Clear CT: 0.4 ms]
   [Other: 4.5 ms]
      [Choose CSet: 0.0 ms]
      [Ref Proc: 3.7 ms]
      [Ref Enq: 0.3 ms]
      [Redirty Cards: 0.2 ms]
      [Humongous Register: 0.0 ms]
      [Humongous Reclaim: 0.0 ms]
      [Free CSet: 0.2 ms]
   [Eden: 7152.0M(7152.0M)->0.0B(7152.0M) Survivors: 16384.0K->16384.0K Heap: 10214.7M(14336.0M)->3062.5M(14336.0M)]
 [Times: user=0.09 sys=0.00, real=0.01 secs] 
2022-11-02T12:19:57.965-0600: 237498.385: [GC pause (G1 Evacuation Pause) (young), 0.0095347 secs]
   [Parallel Time: 3.6 ms, GC Workers: 14]
      [GC Worker Start (ms): Min: 237498385.1, Avg: 237498385.2, Max: 237498385.3, Diff: 0.3]
      [Ext Root Scanning (ms): Min: 0.3, Avg: 0.6, Max: 2.9, Diff: 2.6, Sum: 8.7]
      [Update RS (ms): Min: 0.0, Avg: 0.1, Max: 0.4, Diff: 0.4, Sum: 1.7]
         [Processed Buffers: Min: 0, Avg: 11.3, Max: 37, Diff: 37, Sum: 158]
      [Scan RS (ms): Min: 0.0, Avg: 0.0, Max: 0.1, Diff: 0.0, Sum: 0.4]
      [Code Root Scanning (ms): Min: 0.0, Avg: 0.0, Max: 0.0, Diff: 0.0, Sum: 0.0]
      [Object Copy (ms): Min: 0.0, Avg: 0.2, Max: 0.3, Diff: 0.3, Sum: 3.2]
      [Termination (ms): Min: 0.0, Avg: 1.8, Max: 2.1, Diff: 2.1, Sum: 25.6]
         [Termination Attempts: Min: 1, Avg: 17.9, Max: 28, Diff: 27, Sum: 250]
      [GC Worker Other (ms): Min: 0.0, Avg: 0.0, Max: 0.0, Diff: 0.0, Sum: 0.1]
      [GC Worker Total (ms): Min: 2.7, Avg: 2.8, Max: 2.9, Diff: 0.2, Sum: 39.7]
      [GC Worker End (ms): Min: 237498388.0, Avg: 237498388.0, Max: 237498388.1, Diff: 0.1]
   [Code Root Fixup: 0.0 ms]
   [Code Root Purge: 0.0 ms]
   [Clear CT: 0.3 ms]
   [Other: 5.6 ms]
      [Choose CSet: 0.0 ms]
      [Ref Proc: 4.6 ms]
      [Ref Enq: 0.3 ms]
      [Redirty Cards: 0.2 ms]
      [Humongous Register: 0.0 ms]
      [Humongous Reclaim: 0.0 ms]
      [Free CSet: 0.2 ms]
   [Eden: 7152.0M(7152.0M)->0.0B(7152.0M) Survivors: 16384.0K->16384.0K Heap: 10214.5M(14336.0M)->3062.8M(14336.0M)]
 [Times: user=0.05 sys=0.01, real=0.01 secs] 
2022-11-02T12:36:03.015-0600: 238463.435: [GC pause (G1 Evacuation Pause) (young) (initial-mark), 0.0114907 secs]
   [Parallel Time: 6.4 ms, GC Workers: 14]
      [GC Worker Start (ms): Min: 238463436.7, Avg: 238463436.9, Max: 238463437.0, Diff: 0.2]
      [Ext Root Scanning (ms): Min: 4.0, Avg: 4.1, Max: 4.2, Diff: 0.3, Sum: 57.5]
      [Update RS (ms): Min: 0.1, Avg: 0.1, Max: 0.3, Diff: 0.2, Sum: 2.0]
         [Processed Buffers: Min: 1, Avg: 11.4, Max: 42, Diff: 41, Sum: 159]
      [Scan RS (ms): Min: 0.0, Avg: 0.0, Max: 0.1, Diff: 0.1, Sum: 0.5]
      [Code Root Scanning (ms): Min: 0.0, Avg: 0.0, Max: 0.0, Diff: 0.0, Sum: 0.0]
      [Object Copy (ms): Min: 0.2, Avg: 0.3, Max: 0.4, Diff: 0.2, Sum: 4.5]
      [Termination (ms): Min: 0.0, Avg: 0.0, Max: 0.0, Diff: 0.0, Sum: 0.1]
         [Termination Attempts: Min: 1, Avg: 15.4, Max: 23, Diff: 22, Sum: 215]
      [GC Worker Other (ms): Min: 0.0, Avg: 0.0, Max: 0.1, Diff: 0.1, Sum: 0.7]
      [GC Worker Total (ms): Min: 4.5, Avg: 4.7, Max: 4.7, Diff: 0.2, Sum: 65.2]
      [GC Worker End (ms): Min: 238463441.5, Avg: 238463441.5, Max: 238463441.6, Diff: 0.1]
   [Code Root Fixup: 0.0 ms]
   [Code Root Purge: 0.0 ms]
   [Clear CT: 0.2 ms]
   [Other: 4.8 ms]
      [Choose CSet: 0.0 ms]
      [Ref Proc: 4.0 ms]
      [Ref Enq: 0.3 ms]
      [Redirty Cards: 0.2 ms]
      [Humongous Register: 0.0 ms]
      [Humongous Reclaim: 0.0 ms]
      [Free CSet: 0.2 ms]
   [Eden: 7152.0M(7152.0M)->0.0B(7152.0M) Survivors: 16384.0K->16384.0K Heap: 10214.8M(14336.0M)->3062.7M(14336.0M)]
 [Times: user=0.07 sys=0.00, real=0.01 secs] 
2022-11-02T12:36:03.026-0600: 238463.447: [GC concurrent-root-region-scan-start]
2022-11-02T12:36:03.031-0600: 238463.451: [GC concurrent-root-region-scan-end, 0.0047030 secs]
2022-11-02T12:36:03.031-0600: 238463.451: [GC concurrent-mark-start]
2022-11-02T12:36:03.662-0600: 238464.082: [GC concurrent-mark-end, 0.6309349 secs]
2022-11-02T12:36:03.662-0600: 238464.083: [GC remark 2022-11-02T12:36:03.662-0600: 238464.083: [Finalize Marking, 0.0005264 secs] 2022-11-02T12:36:03.663-0600: 238464.083: [GC ref-proc, 0.0076503 secs] 2022-11-02T12:36:03.671-0600: 238464.091: [Unloading, 0.0206698 secs], 0.0310938 secs]
 [Times: user=0.31 sys=0.00, real=0.03 secs] 
2022-11-02T12:36:03.694-0600: 238464.114: [GC cleanup 3115M->3115M(14336M), 0.0055773 secs]
 [Times: user=0.04 sys=0.00, real=0.00 secs] 
2022-11-02T12:52:07.515-0600: 239427.935: [GC pause (G1 Evacuation Pause) (young), 0.0155749 secs]
   [Parallel Time: 8.6 ms, GC Workers: 14]
      [GC Worker Start (ms): Min: 239427935.0, Avg: 239427935.3, Max: 239427935.4, Diff: 0.4]
      [Ext Root Scanning (ms): Min: 0.2, Avg: 0.6, Max: 2.9, Diff: 2.6, Sum: 8.7]
      [Update RS (ms): Min: 0.0, Avg: 0.1, Max: 0.3, Diff: 0.3, Sum: 2.0]
         [Processed Buffers: Min: 0, Avg: 11.9, Max: 28, Diff: 28, Sum: 167]
      [Scan RS (ms): Min: 0.0, Avg: 0.0, Max: 0.1, Diff: 0.1, Sum: 0.4]
      [Code Root Scanning (ms): Min: 0.0, Avg: 0.0, Max: 0.0, Diff: 0.0, Sum: 0.0]
      [Object Copy (ms): Min: 0.0, Avg: 1.2, Max: 7.0, Diff: 7.0, Sum: 16.6]
      [Termination (ms): Min: 0.0, Avg: 5.6, Max: 6.8, Diff: 6.8, Sum: 78.8]
         [Termination Attempts: Min: 1, Avg: 20.1, Max: 41, Diff: 40, Sum: 282]
      [GC Worker Other (ms): Min: 0.0, Avg: 0.0, Max: 0.0, Diff: 0.0, Sum: 0.1]
      [GC Worker Total (ms): Min: 7.4, Avg: 7.6, Max: 7.9, Diff: 0.4, Sum: 106.6]
      [GC Worker End (ms): Min: 239427942.8, Avg: 239427942.9, Max: 239427942.9, Diff: 0.1]
   [Code Root Fixup: 0.0 ms]
   [Code Root Purge: 0.0 ms]
   [Clear CT: 0.4 ms]
   [Other: 6.6 ms]
      [Choose CSet: 0.0 ms]
      [Ref Proc: 5.8 ms]
      [Ref Enq: 0.3 ms]
      [Redirty Cards: 0.2 ms]
      [Humongous Register: 0.0 ms]
      [Humongous Reclaim: 0.0 ms]
      [Free CSet: 0.2 ms]
   [Eden: 7152.0M(7152.0M)->0.0B(7152.0M) Survivors: 16384.0K->16384.0K Heap: 10214.7M(14336.0M)->3062.8M(14336.0M)]
 [Times: user=0.12 sys=0.00, real=0.01 secs] 
2022-11-02T13:08:10.565-0600: 240390.986: [GC pause (G1 Evacuation Pause) (young), 0.0165032 secs]
   [Parallel Time: 3.5 ms, GC Workers: 14]
      [GC Worker Start (ms): Min: 240390985.5, Avg: 240390985.7, Max: 240390985.9, Diff: 0.3]
      [Ext Root Scanning (ms): Min: 0.2, Avg: 0.7, Max: 3.2, Diff: 3.0, Sum: 9.2]
      [Update RS (ms): Min: 0.0, Avg: 0.1, Max: 0.3, Diff: 0.3, Sum: 1.6]
         [Processed Buffers: Min: 0, Avg: 11.4, Max: 39, Diff: 39, Sum: 159]
      [Scan RS (ms): Min: 0.0, Avg: 0.0, Max: 0.1, Diff: 0.1, Sum: 0.4]
      [Code Root Scanning (ms): Min: 0.0, Avg: 0.0, Max: 0.0, Diff: 0.0, Sum: 0.0]
      [Object Copy (ms): Min: 0.0, Avg: 0.3, Max: 0.4, Diff: 0.4, Sum: 3.8]
      [Termination (ms): Min: 0.0, Avg: 2.0, Max: 2.3, Diff: 2.3, Sum: 28.6]
         [Termination Attempts: Min: 1, Avg: 26.8, Max: 39, Diff: 38, Sum: 375]
      [GC Worker Other (ms): Min: 0.0, Avg: 0.0, Max: 0.0, Diff: 0.0, Sum: 0.1]
      [GC Worker Total (ms): Min: 3.0, Avg: 3.1, Max: 3.3, Diff: 0.3, Sum: 43.8]
      [GC Worker End (ms): Min: 240390988.8, Avg: 240390988.8, Max: 240390988.8, Diff: 0.1]
   [Code Root Fixup: 0.0 ms]
   [Code Root Purge: 0.0 ms]
   [Clear CT: 0.6 ms]
   [Other: 12.4 ms]
      [Choose CSet: 0.0 ms]
      [Ref Proc: 11.3 ms]
      [Ref Enq: 0.3 ms]
      [Redirty Cards: 0.7 ms]
      [Humongous Register: 0.0 ms]
      [Humongous Reclaim: 0.0 ms]
      [Free CSet: 0.1 ms]
   [Eden: 7152.0M(7152.0M)->0.0B(7152.0M) Survivors: 16384.0K->16384.0K Heap: 10214.8M(14336.0M)->3062.7M(14336.0M)]
 [Times: user=0.15 sys=0.00, real=0.02 secs] 
2022-11-02T13:24:09.516-0600: 241349.936: [GC pause (G1 Evacuation Pause) (young) (initial-mark), 0.0193130 secs]
   [Parallel Time: 12.9 ms, GC Workers: 14]
      [GC Worker Start (ms): Min: 241349937.8, Avg: 241349938.1, Max: 241349938.3, Diff: 0.4]
      [Ext Root Scanning (ms): Min: 4.7, Avg: 4.9, Max: 5.2, Diff: 0.5, Sum: 68.4]
      [Update RS (ms): Min: 0.1, Avg: 0.2, Max: 0.5, Diff: 0.4, Sum: 3.3]
         [Processed Buffers: Min: 1, Avg: 11.7, Max: 32, Diff: 31, Sum: 164]
      [Scan RS (ms): Min: 0.0, Avg: 0.1, Max: 0.1, Diff: 0.1, Sum: 0.9]
      [Code Root Scanning (ms): Min: 0.0, Avg: 0.0, Max: 0.0, Diff: 0.0, Sum: 0.0]
      [Object Copy (ms): Min: 0.2, Avg: 0.7, Max: 5.3, Diff: 5.1, Sum: 10.3]
      [Termination (ms): Min: 0.0, Avg: 4.6, Max: 5.0, Diff: 5.0, Sum: 64.2]
         [Termination Attempts: Min: 1, Avg: 24.9, Max: 37, Diff: 36, Sum: 348]
      [GC Worker Other (ms): Min: 0.0, Avg: 0.0, Max: 0.0, Diff: 0.0, Sum: 0.1]
      [GC Worker Total (ms): Min: 10.3, Avg: 10.5, Max: 10.8, Diff: 0.4, Sum: 147.2]
      [GC Worker End (ms): Min: 241349948.6, Avg: 241349948.6, Max: 241349948.7, Diff: 0.1]
   [Code Root Fixup: 0.0 ms]
   [Code Root Purge: 0.0 ms]
   [Clear CT: 0.5 ms]
   [Other: 5.9 ms]
      [Choose CSet: 0.0 ms]
      [Ref Proc: 4.2 ms]
      [Ref Enq: 0.2 ms]
      [Redirty Cards: 1.0 ms]
      [Humongous Register: 0.0 ms]
      [Humongous Reclaim: 0.0 ms]
      [Free CSet: 0.3 ms]
   [Eden: 7152.0M(7152.0M)->0.0B(7152.0M) Survivors: 16384.0K->16384.0K Heap: 10214.7M(14336.0M)->3062.9M(14336.0M)]
 [Times: user=0.14 sys=0.00, real=0.02 secs] 
2022-11-02T13:24:09.535-0600: 241349.955: [GC concurrent-root-region-scan-start]
2022-11-02T13:24:09.540-0600: 241349.960: [GC concurrent-root-region-scan-end, 0.0047645 secs]
2022-11-02T13:24:09.540-0600: 241349.960: [GC concurrent-mark-start]
2022-11-02T13:24:10.059-0600: 241350.479: [GC concurrent-mark-end, 0.5188909 secs]
2022-11-02T13:24:10.059-0600: 241350.479: [GC remark 2022-11-02T13:24:10.059-0600: 241350.479: [Finalize Marking, 0.0009488 secs] 2022-11-02T13:24:10.060-0600: 241350.480: [GC ref-proc, 0.0091775 secs] 2022-11-02T13:24:10.069-0600: 241350.489: [Unloading, 0.0209767 secs], 0.0336710 secs]
 [Times: user=0.30 sys=0.00, real=0.04 secs] 
2022-11-02T13:24:10.093-0600: 241350.513: [GC cleanup 3126M->3126M(14336M), 0.0055952 secs]
 [Times: user=0.04 sys=0.00, real=0.00 secs] 
2022-11-02T13:40:04.615-0600: 242305.035: [GC pause (G1 Evacuation Pause) (young), 0.0090757 secs]
   [Parallel Time: 3.2 ms, GC Workers: 14]
      [GC Worker Start (ms): Min: 242305035.0, Avg: 242305035.1, Max: 242305035.3, Diff: 0.3]
      [Ext Root Scanning (ms): Min: 0.3, Avg: 0.6, Max: 2.9, Diff: 2.7, Sum: 8.4]
      [Update RS (ms): Min: 0.0, Avg: 0.1, Max: 0.4, Diff: 0.4, Sum: 1.9]
         [Processed Buffers: Min: 0, Avg: 10.9, Max: 28, Diff: 28, Sum: 153]
      [Scan RS (ms): Min: 0.0, Avg: 0.0, Max: 0.1, Diff: 0.1, Sum: 0.5]
      [Code Root Scanning (ms): Min: 0.0, Avg: 0.0, Max: 0.0, Diff: 0.0, Sum: 0.0]
      [Object Copy (ms): Min: 0.0, Avg: 0.3, Max: 0.3, Diff: 0.3, Sum: 3.7]
      [Termination (ms): Min: 0.0, Avg: 1.8, Max: 2.1, Diff: 2.1, Sum: 25.9]
         [Termination Attempts: Min: 1, Avg: 29.9, Max: 43, Diff: 42, Sum: 418]
      [GC Worker Other (ms): Min: 0.0, Avg: 0.0, Max: 0.0, Diff: 0.0, Sum: 0.1]
      [GC Worker Total (ms): Min: 2.7, Avg: 2.9, Max: 3.1, Diff: 0.4, Sum: 40.5]
      [GC Worker End (ms): Min: 242305038.0, Avg: 242305038.0, Max: 242305038.1, Diff: 0.1]
   [Code Root Fixup: 0.0 ms]
   [Code Root Purge: 0.0 ms]
   [Clear CT: 0.3 ms]
   [Other: 5.6 ms]
      [Choose CSet: 0.0 ms]
      [Ref Proc: 4.8 ms]
      [Ref Enq: 0.3 ms]
      [Redirty Cards: 0.2 ms]
      [Humongous Register: 0.0 ms]
      [Humongous Reclaim: 0.0 ms]
      [Free CSet: 0.2 ms]
   [Eden: 7152.0M(7152.0M)->0.0B(7152.0M) Survivors: 16384.0K->16384.0K Heap: 10214.9M(14336.0M)->3062.6M(14336.0M)]
 [Times: user=0.07 sys=0.00, real=0.01 secs] 
2022-11-02T13:55:59.115-0600: 243259.535: [GC pause (G1 Evacuation Pause) (young), 0.0136422 secs]
   [Parallel Time: 8.5 ms, GC Workers: 14]
      [GC Worker Start (ms): Min: 243259535.5, Avg: 243259535.7, Max: 243259535.8, Diff: 0.3]
      [Ext Root Scanning (ms): Min: 0.3, Avg: 0.8, Max: 5.7, Diff: 5.4, Sum: 11.5]
      [Update RS (ms): Min: 0.0, Avg: 0.2, Max: 0.4, Diff: 0.4, Sum: 2.3]
         [Processed Buffers: Min: 0, Avg: 12.2, Max: 28, Diff: 28, Sum: 171]
      [Scan RS (ms): Min: 0.0, Avg: 0.0, Max: 0.1, Diff: 0.1, Sum: 0.6]
      [Code Root Scanning (ms): Min: 0.0, Avg: 0.0, Max: 0.0, Diff: 0.0, Sum: 0.0]
      [Object Copy (ms): Min: 0.0, Avg: 2.3, Max: 7.2, Diff: 7.2, Sum: 32.5]
      [Termination (ms): Min: 0.0, Avg: 4.5, Max: 6.8, Diff: 6.8, Sum: 63.2]
         [Termination Attempts: Min: 1, Avg: 65.1, Max: 145, Diff: 144, Sum: 912]
      [GC Worker Other (ms): Min: 0.0, Avg: 0.0, Max: 0.0, Diff: 0.0, Sum: 0.1]
      [GC Worker Total (ms): Min: 7.7, Avg: 7.9, Max: 8.0, Diff: 0.3, Sum: 110.1]
      [GC Worker End (ms): Min: 243259543.5, Avg: 243259543.5, Max: 243259543.6, Diff: 0.1]
   [Code Root Fixup: 0.0 ms]
   [Code Root Purge: 0.0 ms]
   [Clear CT: 0.4 ms]
   [Other: 4.7 ms]
      [Choose CSet: 0.0 ms]
      [Ref Proc: 4.1 ms]
      [Ref Enq: 0.2 ms]
      [Redirty Cards: 0.2 ms]
      [Humongous Register: 0.0 ms]
      [Humongous Reclaim: 0.0 ms]
      [Free CSet: 0.1 ms]
   [Eden: 7152.0M(7152.0M)->0.0B(7152.0M) Survivors: 16384.0K->16384.0K Heap: 10214.6M(14336.0M)->3062.9M(14336.0M)]
 [Times: user=0.10 sys=0.00, real=0.01 secs] 
2022-11-02T14:12:04.915-0600: 244225.335: [GC pause (G1 Evacuation Pause) (young) (initial-mark), 0.0134116 secs]
   [Parallel Time: 7.3 ms, GC Workers: 14]
      [GC Worker Start (ms): Min: 244225336.6, Avg: 244225336.8, Max: 244225336.9, Diff: 0.3]
      [Ext Root Scanning (ms): Min: 4.9, Avg: 5.1, Max: 5.3, Diff: 0.4, Sum: 71.7]
      [Update RS (ms): Min: 0.1, Avg: 0.1, Max: 0.3, Diff: 0.3, Sum: 1.8]
         [Processed Buffers: Min: 1, Avg: 11.6, Max: 35, Diff: 34, Sum: 162]
      [Scan RS (ms): Min: 0.0, Avg: 0.0, Max: 0.1, Diff: 0.1, Sum: 0.5]
      [Code Root Scanning (ms): Min: 0.0, Avg: 0.0, Max: 0.0, Diff: 0.0, Sum: 0.0]
      [Object Copy (ms): Min: 0.2, Avg: 0.4, Max: 0.4, Diff: 0.2, Sum: 5.2]
      [Termination (ms): Min: 0.0, Avg: 0.0, Max: 0.1, Diff: 0.0, Sum: 0.6]
         [Termination Attempts: Min: 43, Avg: 54.9, Max: 64, Diff: 21, Sum: 769]
      [GC Worker Other (ms): Min: 0.0, Avg: 0.1, Max: 0.1, Diff: 0.1, Sum: 0.8]
      [GC Worker Total (ms): Min: 5.5, Avg: 5.8, Max: 6.0, Diff: 0.4, Sum: 80.6]
      [GC Worker End (ms): Min: 244225342.5, Avg: 244225342.5, Max: 244225342.6, Diff: 0.1]
   [Code Root Fixup: 0.0 ms]
   [Code Root Purge: 0.0 ms]
   [Clear CT: 0.3 ms]
   [Other: 5.8 ms]
      [Choose CSet: 0.0 ms]
      [Ref Proc: 5.0 ms]
      [Ref Enq: 0.3 ms]
      [Redirty Cards: 0.2 ms]
      [Humongous Register: 0.0 ms]
      [Humongous Reclaim: 0.0 ms]
      [Free CSet: 0.2 ms]
   [Eden: 7152.0M(7152.0M)->0.0B(7152.0M) Survivors: 16384.0K->16384.0K Heap: 10214.9M(14336.0M)->3062.7M(14336.0M)]
 [Times: user=0.08 sys=0.00, real=0.01 secs] 
2022-11-02T14:12:04.929-0600: 244225.349: [GC concurrent-root-region-scan-start]
2022-11-02T14:12:04.932-0600: 244225.352: [GC concurrent-root-region-scan-end, 0.0032663 secs]
2022-11-02T14:12:04.932-0600: 244225.352: [GC concurrent-mark-start]
2022-11-02T14:12:05.486-0600: 244225.906: [GC concurrent-mark-end, 0.5540557 secs]
2022-11-02T14:12:05.486-0600: 244225.906: [GC remark 2022-11-02T14:12:05.486-0600: 244225.906: [Finalize Marking, 0.0006993 secs] 2022-11-02T14:12:05.487-0600: 244225.907: [GC ref-proc, 0.0078332 secs] 2022-11-02T14:12:05.495-0600: 244225.915: [Unloading, 0.0212325 secs], 0.0318481 secs]
 [Times: user=0.29 sys=0.00, real=0.03 secs] 
2022-11-02T14:12:05.518-0600: 244225.938: [GC cleanup 3130M->3130M(14336M), 0.0051802 secs]
 [Times: user=0.04 sys=0.00, real=0.01 secs] 
2022-11-02T14:28:00.115-0600: 245180.536: [GC pause (G1 Evacuation Pause) (young), 0.0163777 secs]
   [Parallel Time: 9.4 ms, GC Workers: 14]
      [GC Worker Start (ms): Min: 245180535.8, Avg: 245180536.0, Max: 245180536.1, Diff: 0.3]
      [Ext Root Scanning (ms): Min: 0.3, Avg: 0.8, Max: 4.4, Diff: 4.1, Sum: 10.6]
      [Update RS (ms): Min: 0.0, Avg: 0.1, Max: 0.4, Diff: 0.4, Sum: 2.1]
         [Processed Buffers: Min: 0, Avg: 11.4, Max: 29, Diff: 29, Sum: 160]
      [Scan RS (ms): Min: 0.0, Avg: 0.0, Max: 0.1, Diff: 0.0, Sum: 0.5]
      [Code Root Scanning (ms): Min: 0.0, Avg: 0.0, Max: 0.0, Diff: 0.0, Sum: 0.0]
      [Object Copy (ms): Min: 0.0, Avg: 1.8, Max: 8.2, Diff: 8.2, Sum: 25.9]
      [Termination (ms): Min: 0.0, Avg: 6.1, Max: 7.9, Diff: 7.9, Sum: 84.8]
         [Termination Attempts: Min: 1, Avg: 17.3, Max: 37, Diff: 36, Sum: 242]
      [GC Worker Other (ms): Min: 0.0, Avg: 0.0, Max: 0.0, Diff: 0.0, Sum: 0.1]
      [GC Worker Total (ms): Min: 8.7, Avg: 8.9, Max: 9.0, Diff: 0.3, Sum: 123.9]
      [GC Worker End (ms): Min: 245180544.8, Avg: 245180544.8, Max: 245180544.9, Diff: 0.1]
   [Code Root Fixup: 0.0 ms]
   [Code Root Purge: 0.0 ms]
   [Clear CT: 0.6 ms]
   [Other: 6.4 ms]
      [Choose CSet: 0.0 ms]
      [Ref Proc: 5.5 ms]
      [Ref Enq: 0.4 ms]
      [Redirty Cards: 0.2 ms]
      [Humongous Register: 0.0 ms]
      [Humongous Reclaim: 0.0 ms]
      [Free CSet: 0.1 ms]
   [Eden: 7152.0M(7152.0M)->0.0B(7152.0M) Survivors: 16384.0K->16384.0K Heap: 10214.7M(14336.0M)->3062.6M(14336.0M)]
 [Times: user=0.12 sys=0.00, real=0.01 secs] 
2022-11-02T14:44:18.515-0600: 246158.936: [GC pause (G1 Evacuation Pause) (young), 0.0101954 secs]
   [Parallel Time: 5.7 ms, GC Workers: 14]
      [GC Worker Start (ms): Min: 246158935.8, Avg: 246158935.9, Max: 246158936.0, Diff: 0.2]
      [Ext Root Scanning (ms): Min: 0.3, Avg: 0.7, Max: 4.7, Diff: 4.4, Sum: 10.3]
      [Update RS (ms): Min: 0.0, Avg: 0.1, Max: 0.4, Diff: 0.4, Sum: 1.8]
         [Processed Buffers: Min: 0, Avg: 10.4, Max: 38, Diff: 38, Sum: 145]
      [Scan RS (ms): Min: 0.0, Avg: 0.0, Max: 0.1, Diff: 0.1, Sum: 0.4]
      [Code Root Scanning (ms): Min: 0.0, Avg: 0.0, Max: 0.0, Diff: 0.0, Sum: 0.0]
      [Object Copy (ms): Min: 0.0, Avg: 0.2, Max: 0.3, Diff: 0.3, Sum: 3.4]
      [Termination (ms): Min: 0.0, Avg: 3.5, Max: 3.8, Diff: 3.8, Sum: 49.3]
         [Termination Attempts: Min: 1, Avg: 25.7, Max: 37, Diff: 36, Sum: 360]
      [GC Worker Other (ms): Min: 0.0, Avg: 0.0, Max: 0.0, Diff: 0.0, Sum: 0.1]
      [GC Worker Total (ms): Min: 4.6, Avg: 4.7, Max: 4.8, Diff: 0.2, Sum: 65.3]
      [GC Worker End (ms): Min: 246158940.5, Avg: 246158940.5, Max: 246158940.6, Diff: 0.1]
   [Code Root Fixup: 0.0 ms]
   [Code Root Purge: 0.0 ms]
   [Clear CT: 0.3 ms]
   [Other: 4.2 ms]
      [Choose CSet: 0.0 ms]
      [Ref Proc: 3.4 ms]
      [Ref Enq: 0.3 ms]
      [Redirty Cards: 0.2 ms]
      [Humongous Register: 0.0 ms]
      [Humongous Reclaim: 0.0 ms]
      [Free CSet: 0.2 ms]
   [Eden: 7152.0M(7152.0M)->0.0B(7152.0M) Survivors: 16384.0K->16384.0K Heap: 10214.6M(14336.0M)->3062.9M(14336.0M)]
 [Times: user=0.08 sys=0.00, real=0.01 secs] 
2022-11-02T15:00:18.517-0600: 247118.937: [GC pause (G1 Evacuation Pause) (young) (initial-mark), 0.0175903 secs]
   [Parallel Time: 12.6 ms, GC Workers: 14]
      [GC Worker Start (ms): Min: 247118938.8, Avg: 247118938.9, Max: 247118939.1, Diff: 0.3]
      [Ext Root Scanning (ms): Min: 4.3, Avg: 4.5, Max: 4.6, Diff: 0.3, Sum: 62.5]
      [Update RS (ms): Min: 0.0, Avg: 0.1, Max: 0.3, Diff: 0.3, Sum: 1.9]
         [Processed Buffers: Min: 1, Avg: 11.4, Max: 40, Diff: 39, Sum: 159]
      [Scan RS (ms): Min: 0.0, Avg: 0.0, Max: 0.1, Diff: 0.0, Sum: 0.5]
      [Code Root Scanning (ms): Min: 0.0, Avg: 0.0, Max: 0.0, Diff: 0.0, Sum: 0.0]
      [Object Copy (ms): Min: 0.2, Avg: 1.0, Max: 5.0, Diff: 4.9, Sum: 13.5]
      [Termination (ms): Min: 0.0, Avg: 4.1, Max: 4.9, Diff: 4.9, Sum: 57.7]
         [Termination Attempts: Min: 1, Avg: 15.9, Max: 22, Diff: 21, Sum: 222]
      [GC Worker Other (ms): Min: 0.0, Avg: 0.0, Max: 0.0, Diff: 0.0, Sum: 0.1]
      [GC Worker Total (ms): Min: 9.5, Avg: 9.7, Max: 9.9, Diff: 0.4, Sum: 136.2]
      [GC Worker End (ms): Min: 247118948.6, Avg: 247118948.7, Max: 247118948.7, Diff: 0.1]
   [Code Root Fixup: 0.0 ms]
   [Code Root Purge: 0.0 ms]
   [Clear CT: 0.5 ms]
   [Other: 4.5 ms]
      [Choose CSet: 0.0 ms]
      [Ref Proc: 3.8 ms]
      [Ref Enq: 0.2 ms]
      [Redirty Cards: 0.2 ms]
      [Humongous Register: 0.0 ms]
      [Humongous Reclaim: 0.0 ms]
      [Free CSet: 0.2 ms]
   [Eden: 7152.0M(7152.0M)->0.0B(7152.0M) Survivors: 16384.0K->16384.0K Heap: 10214.9M(14336.0M)->3062.7M(14336.0M)]
 [Times: user=0.13 sys=0.00, real=0.02 secs] 
2022-11-02T15:00:18.534-0600: 247118.955: [GC concurrent-root-region-scan-start]
2022-11-02T15:00:18.538-0600: 247118.958: [GC concurrent-root-region-scan-end, 0.0032084 secs]
2022-11-02T15:00:18.538-0600: 247118.958: [GC concurrent-mark-start]
2022-11-02T15:00:19.079-0600: 247119.499: [GC concurrent-mark-end, 0.5412793 secs]
2022-11-02T15:00:19.079-0600: 247119.499: [GC remark 2022-11-02T15:00:19.079-0600: 247119.499: [Finalize Marking, 0.0007316 secs] 2022-11-02T15:00:19.080-0600: 247119.500: [GC ref-proc, 0.0086190 secs] 2022-11-02T15:00:19.088-0600: 247119.509: [Unloading, 0.0206598 secs], 0.0320111 secs]
 [Times: user=0.30 sys=0.00, real=0.03 secs] 
2022-11-02T15:00:19.111-0600: 247119.532: [GC cleanup 3126M->3126M(14336M), 0.0041846 secs]
 [Times: user=0.04 sys=0.00, real=0.01 secs] 
2022-11-02T15:16:20.665-0600: 248081.085: [GC pause (G1 Evacuation Pause) (young), 0.0079877 secs]
   [Parallel Time: 3.2 ms, GC Workers: 14]
      [GC Worker Start (ms): Min: 248081085.2, Avg: 248081085.3, Max: 248081085.4, Diff: 0.3]
      [Ext Root Scanning (ms): Min: 0.2, Avg: 0.6, Max: 3.0, Diff: 2.8, Sum: 8.6]
      [Update RS (ms): Min: 0.0, Avg: 0.1, Max: 0.4, Diff: 0.4, Sum: 1.9]
         [Processed Buffers: Min: 0, Avg: 12.3, Max: 51, Diff: 51, Sum: 172]
      [Scan RS (ms): Min: 0.0, Avg: 0.0, Max: 0.1, Diff: 0.1, Sum: 0.5]
      [Code Root Scanning (ms): Min: 0.0, Avg: 0.0, Max: 0.0, Diff: 0.0, Sum: 0.0]
      [Object Copy (ms): Min: 0.0, Avg: 0.3, Max: 0.4, Diff: 0.4, Sum: 3.9]
      [Termination (ms): Min: 0.0, Avg: 1.9, Max: 2.1, Diff: 2.1, Sum: 26.8]
         [Termination Attempts: Min: 1, Avg: 32.4, Max: 48, Diff: 47, Sum: 453]
      [GC Worker Other (ms): Min: 0.0, Avg: 0.0, Max: 0.0, Diff: 0.0, Sum: 0.1]
      [GC Worker Total (ms): Min: 2.8, Avg: 3.0, Max: 3.1, Diff: 0.3, Sum: 41.8]
      [GC Worker End (ms): Min: 248081088.2, Avg: 248081088.3, Max: 248081088.3, Diff: 0.1]
   [Code Root Fixup: 0.0 ms]
   [Code Root Purge: 0.0 ms]
   [Clear CT: 0.2 ms]
   [Other: 4.5 ms]
      [Choose CSet: 0.0 ms]
      [Ref Proc: 3.8 ms]
      [Ref Enq: 0.3 ms]
      [Redirty Cards: 0.2 ms]
      [Humongous Register: 0.0 ms]
      [Humongous Reclaim: 0.0 ms]
      [Free CSet: 0.1 ms]
   [Eden: 7152.0M(7152.0M)->0.0B(7152.0M) Survivors: 16384.0K->16384.0K Heap: 10214.7M(14336.0M)->3062.9M(14336.0M)]
 [Times: user=0.06 sys=0.00, real=0.01 secs] 
2022-11-02T15:32:16.547-0600: 249036.967: [GC pause (G1 Evacuation Pause) (young), 0.0141403 secs]
   [Parallel Time: 8.2 ms, GC Workers: 14]
      [GC Worker Start (ms): Min: 249036967.4, Avg: 249036967.5, Max: 249036967.6, Diff: 0.2]
      [Ext Root Scanning (ms): Min: 0.3, Avg: 0.7, Max: 4.7, Diff: 4.5, Sum: 10.1]
      [Update RS (ms): Min: 0.0, Avg: 0.1, Max: 0.3, Diff: 0.3, Sum: 1.9]
         [Processed Buffers: Min: 0, Avg: 12.1, Max: 58, Diff: 58, Sum: 169]
      [Scan RS (ms): Min: 0.0, Avg: 0.0, Max: 0.1, Diff: 0.0, Sum: 0.4]
      [Code Root Scanning (ms): Min: 0.0, Avg: 0.0, Max: 0.0, Diff: 0.0, Sum: 0.0]
      [Object Copy (ms): Min: 3.1, Avg: 6.8, Max: 7.2, Diff: 4.1, Sum: 95.7]
      [Termination (ms): Min: 0.0, Avg: 0.1, Max: 0.1, Diff: 0.1, Sum: 0.8]
         [Termination Attempts: Min: 1, Avg: 1.8, Max: 3, Diff: 2, Sum: 25]
      [GC Worker Other (ms): Min: 0.0, Avg: 0.0, Max: 0.1, Diff: 0.1, Sum: 0.4]
      [GC Worker Total (ms): Min: 7.7, Avg: 7.8, Max: 7.9, Diff: 0.2, Sum: 109.3]
      [GC Worker End (ms): Min: 249036975.3, Avg: 249036975.3, Max: 249036975.3, Diff: 0.1]
   [Code Root Fixup: 0.0 ms]
   [Code Root Purge: 0.0 ms]
   [Clear CT: 0.9 ms]
   [Other: 5.0 ms]
      [Choose CSet: 0.0 ms]
      [Ref Proc: 4.3 ms]
      [Ref Enq: 0.3 ms]
      [Redirty Cards: 0.3 ms]
      [Humongous Register: 0.0 ms]
      [Humongous Reclaim: 0.0 ms]
      [Free CSet: 0.1 ms]
   [Eden: 7152.0M(7152.0M)->0.0B(7152.0M) Survivors: 16384.0K->16384.0K Heap: 10214.9M(14336.0M)->3062.7M(14336.0M)]
 [Times: user=0.03 sys=0.01, real=0.02 secs] 
2022-11-02T15:48:15.315-0600: 249995.735: [GC pause (G1 Evacuation Pause) (young) (initial-mark), 0.0226885 secs]
   [Parallel Time: 15.8 ms, GC Workers: 14]
      [GC Worker Start (ms): Min: 249995737.0, Avg: 249995737.2, Max: 249995737.4, Diff: 0.4]
      [Ext Root Scanning (ms): Min: 6.0, Avg: 6.2, Max: 6.4, Diff: 0.4, Sum: 86.6]
      [Update RS (ms): Min: 0.1, Avg: 0.2, Max: 0.3, Diff: 0.3, Sum: 2.2]
         [Processed Buffers: Min: 1, Avg: 11.6, Max: 32, Diff: 31, Sum: 163]
      [Scan RS (ms): Min: 0.0, Avg: 0.0, Max: 0.1, Diff: 0.1, Sum: 0.4]
      [Code Root Scanning (ms): Min: 0.0, Avg: 0.0, Max: 0.0, Diff: 0.0, Sum: 0.0]
      [Object Copy (ms): Min: 0.2, Avg: 1.8, Max: 7.1, Diff: 6.9, Sum: 25.3]
      [Termination (ms): Min: 0.0, Avg: 5.3, Max: 6.9, Diff: 6.8, Sum: 74.5]
         [Termination Attempts: Min: 1, Avg: 31.4, Max: 51, Diff: 50, Sum: 439]
      [GC Worker Other (ms): Min: 0.0, Avg: 0.0, Max: 0.0, Diff: 0.0, Sum: 0.1]
      [GC Worker Total (ms): Min: 13.3, Avg: 13.5, Max: 13.8, Diff: 0.5, Sum: 189.2]
      [GC Worker End (ms): Min: 249995750.7, Avg: 249995750.7, Max: 249995750.8, Diff: 0.1]
   [Code Root Fixup: 0.0 ms]
   [Code Root Purge: 0.0 ms]
   [Clear CT: 0.4 ms]
   [Other: 6.4 ms]
      [Choose CSet: 0.0 ms]
      [Ref Proc: 5.6 ms]
      [Ref Enq: 0.3 ms]
      [Redirty Cards: 0.2 ms]
      [Humongous Register: 0.0 ms]
      [Humongous Reclaim: 0.0 ms]
      [Free CSet: 0.2 ms]
   [Eden: 7152.0M(7152.0M)->0.0B(7152.0M) Survivors: 16384.0K->16384.0K Heap: 10214.7M(14336.0M)->3062.8M(14336.0M)]
 [Times: user=0.16 sys=0.00, real=0.02 secs] 
2022-11-02T15:48:15.338-0600: 249995.758: [GC concurrent-root-region-scan-start]
2022-11-02T15:48:15.343-0600: 249995.764: [GC concurrent-root-region-scan-end, 0.0053550 secs]
2022-11-02T15:48:15.343-0600: 249995.764: [GC concurrent-mark-start]
2022-11-02T15:48:15.911-0600: 249996.331: [GC concurrent-mark-end, 0.5676540 secs]
2022-11-02T15:48:15.911-0600: 249996.331: [GC remark 2022-11-02T15:48:15.911-0600: 249996.331: [Finalize Marking, 0.0005617 secs] 2022-11-02T15:48:15.912-0600: 249996.332: [GC ref-proc, 0.0067597 secs] 2022-11-02T15:48:15.918-0600: 249996.339: [Unloading, 0.0214912 secs], 0.0309791 secs]
 [Times: user=0.30 sys=0.00, real=0.04 secs] 
2022-11-02T15:48:15.942-0600: 249996.363: [GC cleanup 3091M->3091M(14336M), 0.0046760 secs]
 [Times: user=0.04 sys=0.00, real=0.00 secs] 
2022-11-02T16:04:24.565-0600: 250964.985: [GC pause (G1 Evacuation Pause) (young), 0.0090564 secs]
   [Parallel Time: 3.6 ms, GC Workers: 14]
      [GC Worker Start (ms): Min: 250964985.4, Avg: 250964985.5, Max: 250964985.7, Diff: 0.3]
      [Ext Root Scanning (ms): Min: 0.2, Avg: 0.6, Max: 3.3, Diff: 3.0, Sum: 8.9]
      [Update RS (ms): Min: 0.0, Avg: 0.1, Max: 0.3, Diff: 0.3, Sum: 1.7]
         [Processed Buffers: Min: 0, Avg: 11.6, Max: 38, Diff: 38, Sum: 163]
      [Scan RS (ms): Min: 0.0, Avg: 0.0, Max: 0.1, Diff: 0.1, Sum: 0.5]
      [Code Root Scanning (ms): Min: 0.0, Avg: 0.0, Max: 0.0, Diff: 0.0, Sum: 0.0]
      [Object Copy (ms): Min: 0.0, Avg: 0.3, Max: 0.3, Diff: 0.3, Sum: 3.6]
      [Termination (ms): Min: 0.0, Avg: 2.2, Max: 2.4, Diff: 2.4, Sum: 30.4]
         [Termination Attempts: Min: 1, Avg: 15.6, Max: 30, Diff: 29, Sum: 218]
      [GC Worker Other (ms): Min: 0.0, Avg: 0.0, Max: 0.0, Diff: 0.0, Sum: 0.1]
      [GC Worker Total (ms): Min: 3.0, Avg: 3.2, Max: 3.3, Diff: 0.3, Sum: 45.1]
      [GC Worker End (ms): Min: 250964988.7, Avg: 250964988.8, Max: 250964988.8, Diff: 0.1]
   [Code Root Fixup: 0.0 ms]
   [Code Root Purge: 0.0 ms]
   [Clear CT: 0.6 ms]
   [Other: 4.8 ms]
      [Choose CSet: 0.0 ms]
      [Ref Proc: 4.1 ms]
      [Ref Enq: 0.2 ms]
      [Redirty Cards: 0.2 ms]
      [Humongous Register: 0.0 ms]
      [Humongous Reclaim: 0.0 ms]
      [Free CSet: 0.2 ms]
   [Eden: 7152.0M(7152.0M)->0.0B(7152.0M) Survivors: 16384.0K->16384.0K Heap: 10214.8M(14336.0M)->3063.1M(14336.0M)]
 [Times: user=0.07 sys=0.00, real=0.01 secs] 
2022-11-02T16:20:21.915-0600: 251922.336: [GC pause (G1 Evacuation Pause) (young), 0.0322702 secs]
   [Parallel Time: 13.0 ms, GC Workers: 14]
      [GC Worker Start (ms): Min: 251922335.8, Avg: 251922335.9, Max: 251922336.0, Diff: 0.2]
      [Ext Root Scanning (ms): Min: 0.3, Avg: 0.7, Max: 4.6, Diff: 4.3, Sum: 10.1]
      [Update RS (ms): Min: 0.0, Avg: 0.1, Max: 0.4, Diff: 0.4, Sum: 1.8]
         [Processed Buffers: Min: 0, Avg: 12.4, Max: 40, Diff: 40, Sum: 173]
      [Scan RS (ms): Min: 0.0, Avg: 0.0, Max: 0.1, Diff: 0.1, Sum: 0.5]
      [Code Root Scanning (ms): Min: 0.0, Avg: 0.0, Max: 0.0, Diff: 0.0, Sum: 0.0]
      [Object Copy (ms): Min: 0.0, Avg: 0.7, Max: 7.2, Diff: 7.2, Sum: 10.4]
      [Termination (ms): Min: 0.0, Avg: 6.2, Max: 7.0, Diff: 7.0, Sum: 86.5]
         [Termination Attempts: Min: 1, Avg: 16.0, Max: 26, Diff: 25, Sum: 224]
      [GC Worker Other (ms): Min: 0.0, Avg: 0.0, Max: 0.0, Diff: 0.0, Sum: 0.1]
      [GC Worker Total (ms): Min: 7.7, Avg: 7.8, Max: 8.0, Diff: 0.3, Sum: 109.4]
      [GC Worker End (ms): Min: 251922343.7, Avg: 251922343.7, Max: 251922343.8, Diff: 0.1]
   [Code Root Fixup: 0.0 ms]
   [Code Root Purge: 0.0 ms]
   [Clear CT: 0.4 ms]
   [Other: 18.8 ms]
      [Choose CSet: 0.0 ms]
      [Ref Proc: 18.2 ms]
      [Ref Enq: 0.2 ms]
      [Redirty Cards: 0.2 ms]
      [Humongous Register: 0.0 ms]
      [Humongous Reclaim: 0.0 ms]
      [Free CSet: 0.1 ms]
   [Eden: 7152.0M(7152.0M)->0.0B(7152.0M) Survivors: 16384.0K->16384.0K Heap: 10215.1M(14336.0M)->3062.8M(14336.0M)]
 [Times: user=0.15 sys=0.00, real=0.03 secs] 
2022-11-02T16:36:17.915-0600: 252878.336: [GC pause (G1 Evacuation Pause) (young) (initial-mark), 0.0199909 secs]
   [Parallel Time: 13.7 ms, GC Workers: 14]
      [GC Worker Start (ms): Min: 252878337.1, Avg: 252878337.2, Max: 252878337.3, Diff: 0.3]
      [Ext Root Scanning (ms): Min: 4.5, Avg: 4.7, Max: 4.8, Diff: 0.3, Sum: 65.1]
      [Update RS (ms): Min: 0.0, Avg: 0.1, Max: 0.3, Diff: 0.2, Sum: 1.8]
         [Processed Buffers: Min: 1, Avg: 11.8, Max: 28, Diff: 27, Sum: 165]
      [Scan RS (ms): Min: 0.0, Avg: 0.0, Max: 0.1, Diff: 0.1, Sum: 0.5]
      [Code Root Scanning (ms): Min: 0.0, Avg: 0.0, Max: 0.0, Diff: 0.0, Sum: 0.0]
      [Object Copy (ms): Min: 0.2, Avg: 0.8, Max: 7.0, Diff: 6.8, Sum: 11.5]
      [Termination (ms): Min: 0.0, Avg: 6.2, Max: 6.8, Diff: 6.8, Sum: 87.0]
         [Termination Attempts: Min: 1, Avg: 104.8, Max: 153, Diff: 152, Sum: 1467]
      [GC Worker Other (ms): Min: 0.0, Avg: 0.0, Max: 0.0, Diff: 0.0, Sum: 0.1]
      [GC Worker Total (ms): Min: 11.7, Avg: 11.9, Max: 12.0, Diff: 0.3, Sum: 166.1]
      [GC Worker End (ms): Min: 252878349.0, Avg: 252878349.1, Max: 252878349.1, Diff: 0.1]
   [Code Root Fixup: 0.0 ms]
   [Code Root Purge: 0.0 ms]
   [Clear CT: 0.4 ms]
   [Other: 5.9 ms]
      [Choose CSet: 0.0 ms]
      [Ref Proc: 5.2 ms]
      [Ref Enq: 0.2 ms]
      [Redirty Cards: 0.2 ms]
      [Humongous Register: 0.0 ms]
      [Humongous Reclaim: 0.0 ms]
      [Free CSet: 0.1 ms]
   [Eden: 7152.0M(7152.0M)->0.0B(7152.0M) Survivors: 16384.0K->16384.0K Heap: 10214.8M(14336.0M)->3063.1M(14336.0M)]
 [Times: user=0.17 sys=0.00, real=0.02 secs] 
2022-11-02T16:36:17.935-0600: 252878.356: [GC concurrent-root-region-scan-start]
2022-11-02T16:36:17.940-0600: 252878.360: [GC concurrent-root-region-scan-end, 0.0044436 secs]
2022-11-02T16:36:17.940-0600: 252878.360: [GC concurrent-mark-start]
2022-11-02T16:36:18.488-0600: 252878.909: [GC concurrent-mark-end, 0.5483788 secs]
2022-11-02T16:36:18.488-0600: 252878.909: [GC remark 2022-11-02T16:36:18.488-0600: 252878.909: [Finalize Marking, 0.0005409 secs] 2022-11-02T16:36:18.489-0600: 252878.909: [GC ref-proc, 0.0065110 secs] 2022-11-02T16:36:18.495-0600: 252878.916: [Unloading, 0.0227784 secs], 0.0321689 secs]
 [Times: user=0.33 sys=0.00, real=0.04 secs] 
2022-11-02T16:36:18.521-0600: 252878.941: [GC cleanup 3123M->3123M(14336M), 0.0061512 secs]
 [Times: user=0.04 sys=0.00, real=0.00 secs] 
2022-11-02T16:52:18.515-0600: 253838.935: [GC pause (G1 Evacuation Pause) (young), 0.0132927 secs]
   [Parallel Time: 8.2 ms, GC Workers: 14]
      [GC Worker Start (ms): Min: 253838935.6, Avg: 253838935.7, Max: 253838935.8, Diff: 0.2]
      [Ext Root Scanning (ms): Min: 0.3, Avg: 0.8, Max: 4.8, Diff: 4.5, Sum: 10.7]
      [Update RS (ms): Min: 0.0, Avg: 0.1, Max: 0.3, Diff: 0.3, Sum: 1.8]
         [Processed Buffers: Min: 0, Avg: 11.7, Max: 28, Diff: 28, Sum: 164]
      [Scan RS (ms): Min: 0.0, Avg: 0.0, Max: 0.1, Diff: 0.1, Sum: 0.4]
      [Code Root Scanning (ms): Min: 0.0, Avg: 0.0, Max: 0.0, Diff: 0.0, Sum: 0.0]
      [Object Copy (ms): Min: 0.0, Avg: 0.8, Max: 7.1, Diff: 7.1, Sum: 10.7]
      [Termination (ms): Min: 0.0, Avg: 6.1, Max: 6.9, Diff: 6.9, Sum: 84.9]
         [Termination Attempts: Min: 1, Avg: 26.3, Max: 43, Diff: 42, Sum: 368]
      [GC Worker Other (ms): Min: 0.0, Avg: 0.0, Max: 0.0, Diff: 0.0, Sum: 0.1]
      [GC Worker Total (ms): Min: 7.7, Avg: 7.8, Max: 7.9, Diff: 0.2, Sum: 108.7]
      [GC Worker End (ms): Min: 253838943.4, Avg: 253838943.4, Max: 253838943.5, Diff: 0.1]
   [Code Root Fixup: 0.0 ms]
   [Code Root Purge: 0.0 ms]
   [Clear CT: 0.4 ms]
   [Other: 4.7 ms]
      [Choose CSet: 0.0 ms]
      [Ref Proc: 4.0 ms]
      [Ref Enq: 0.2 ms]
      [Redirty Cards: 0.2 ms]
      [Humongous Register: 0.0 ms]
      [Humongous Reclaim: 0.0 ms]
      [Free CSet: 0.1 ms]
   [Eden: 7152.0M(7152.0M)->0.0B(7152.0M) Survivors: 16384.0K->16384.0K Heap: 10215.1M(14336.0M)->3062.7M(14336.0M)]
 [Times: user=0.12 sys=0.00, real=0.01 secs] 
2022-11-02T17:08:15.115-0600: 254795.535: [GC pause (G1 Evacuation Pause) (young), 0.0174567 secs]
   [Parallel Time: 4.8 ms, GC Workers: 14]
      [GC Worker Start (ms): Min: 254795535.4, Avg: 254795535.5, Max: 254795535.6, Diff: 0.3]
      [Ext Root Scanning (ms): Min: 0.2, Avg: 0.7, Max: 4.3, Diff: 4.1, Sum: 10.2]
      [Update RS (ms): Min: 0.0, Avg: 0.1, Max: 0.3, Diff: 0.3, Sum: 2.0]
         [Processed Buffers: Min: 0, Avg: 12.3, Max: 36, Diff: 36, Sum: 172]
      [Scan RS (ms): Min: 0.0, Avg: 0.0, Max: 0.1, Diff: 0.1, Sum: 0.4]
      [Code Root Scanning (ms): Min: 0.0, Avg: 0.0, Max: 0.0, Diff: 0.0, Sum: 0.0]
      [Object Copy (ms): Min: 0.0, Avg: 0.3, Max: 0.4, Diff: 0.4, Sum: 4.0]
      [Termination (ms): Min: 0.0, Avg: 3.1, Max: 3.4, Diff: 3.4, Sum: 43.2]
         [Termination Attempts: Min: 1, Avg: 37.4, Max: 54, Diff: 53, Sum: 524]
      [GC Worker Other (ms): Min: 0.0, Avg: 0.0, Max: 0.0, Diff: 0.0, Sum: 0.1]
      [GC Worker Total (ms): Min: 4.1, Avg: 4.3, Max: 4.4, Diff: 0.3, Sum: 59.9]
      [GC Worker End (ms): Min: 254795539.7, Avg: 254795539.8, Max: 254795539.8, Diff: 0.1]
   [Code Root Fixup: 0.0 ms]
   [Code Root Purge: 0.0 ms]
   [Clear CT: 0.4 ms]
   [Other: 12.2 ms]
      [Choose CSet: 0.0 ms]
      [Ref Proc: 4.6 ms]
      [Ref Enq: 0.2 ms]
      [Redirty Cards: 0.2 ms]
      [Humongous Register: 0.0 ms]
      [Humongous Reclaim: 0.0 ms]
      [Free CSet: 0.1 ms]
   [Eden: 7152.0M(7152.0M)->0.0B(7152.0M) Survivors: 16384.0K->16384.0K Heap: 10214.7M(14336.0M)->3063.0M(14336.0M)]
 [Times: user=0.08 sys=0.00, real=0.02 secs] 
2022-11-02T17:24:15.715-0600: 255756.135: [GC pause (G1 Evacuation Pause) (young) (initial-mark), 0.0209301 secs]
   [Parallel Time: 8.4 ms, GC Workers: 14]
      [GC Worker Start (ms): Min: 255756136.8, Avg: 255756136.9, Max: 255756137.1, Diff: 0.2]
      [Ext Root Scanning (ms): Min: 5.5, Avg: 5.7, Max: 5.8, Diff: 0.3, Sum: 79.3]
      [Update RS (ms): Min: 0.0, Avg: 0.1, Max: 0.3, Diff: 0.3, Sum: 2.1]
         [Processed Buffers: Min: 1, Avg: 12.3, Max: 33, Diff: 32, Sum: 172]
      [Scan RS (ms): Min: 0.0, Avg: 0.0, Max: 0.1, Diff: 0.1, Sum: 0.5]
      [Code Root Scanning (ms): Min: 0.0, Avg: 0.0, Max: 0.0, Diff: 0.0, Sum: 0.0]
      [Object Copy (ms): Min: 0.2, Avg: 0.4, Max: 0.4, Diff: 0.2, Sum: 5.1]
      [Termination (ms): Min: 0.0, Avg: 0.0, Max: 0.0, Diff: 0.0, Sum: 0.5]
         [Termination Attempts: Min: 33, Avg: 47.1, Max: 67, Diff: 34, Sum: 659]
      [GC Worker Other (ms): Min: 0.0, Avg: 0.1, Max: 0.3, Diff: 0.3, Sum: 1.5]
      [GC Worker Total (ms): Min: 6.2, Avg: 6.4, Max: 6.5, Diff: 0.4, Sum: 88.9]
      [GC Worker End (ms): Min: 255756143.2, Avg: 255756143.3, Max: 255756143.5, Diff: 0.3]
   [Code Root Fixup: 0.0 ms]
   [Code Root Purge: 0.0 ms]
   [Clear CT: 0.4 ms]
   [Other: 12.1 ms]
      [Choose CSet: 0.0 ms]
      [Ref Proc: 11.1 ms]
      [Ref Enq: 0.5 ms]
      [Redirty Cards: 0.3 ms]
      [Humongous Register: 0.0 ms]
      [Humongous Reclaim: 0.0 ms]
      [Free CSet: 0.1 ms]
   [Eden: 7152.0M(7152.0M)->0.0B(7152.0M) Survivors: 16384.0K->16384.0K Heap: 10215.0M(14336.0M)->3062.7M(14336.0M)]
 [Times: user=0.09 sys=0.00, real=0.02 secs] 
2022-11-02T17:24:15.736-0600: 255756.156: [GC concurrent-root-region-scan-start]
2022-11-02T17:24:15.740-0600: 255756.160: [GC concurrent-root-region-scan-end, 0.0039400 secs]
2022-11-02T17:24:15.740-0600: 255756.160: [GC concurrent-mark-start]
2022-11-02T17:24:16.294-0600: 255756.714: [GC concurrent-mark-end, 0.5536881 secs]
2022-11-02T17:24:16.294-0600: 255756.714: [GC remark 2022-11-02T17:24:16.294-0600: 255756.714: [Finalize Marking, 0.0004301 secs] 2022-11-02T17:24:16.294-0600: 255756.715: [GC ref-proc, 0.0156348 secs] 2022-11-02T17:24:16.310-0600: 255756.730: [Unloading, 0.0200132 secs], 0.0383891 secs]
 [Times: user=0.33 sys=0.00, real=0.04 secs] 
2022-11-02T17:24:16.333-0600: 255756.753: [GC cleanup 3126M->3126M(14336M), 0.0052076 secs]
 [Times: user=0.04 sys=0.00, real=0.00 secs] 
2022-11-02T17:40:16.065-0600: 256716.485: [GC pause (G1 Evacuation Pause) (young), 0.0138695 secs]
   [Parallel Time: 8.3 ms, GC Workers: 14]
      [GC Worker Start (ms): Min: 256716485.5, Avg: 256716485.6, Max: 256716486.0, Diff: 0.5]
      [Ext Root Scanning (ms): Min: 0.1, Avg: 0.7, Max: 3.4, Diff: 3.4, Sum: 9.8]
      [Update RS (ms): Min: 0.0, Avg: 0.2, Max: 0.5, Diff: 0.5, Sum: 2.6]
         [Processed Buffers: Min: 0, Avg: 10.9, Max: 32, Diff: 32, Sum: 153]
      [Scan RS (ms): Min: 0.0, Avg: 0.0, Max: 0.1, Diff: 0.1, Sum: 0.4]
      [Code Root Scanning (ms): Min: 0.0, Avg: 0.0, Max: 0.0, Diff: 0.0, Sum: 0.0]
      [Object Copy (ms): Min: 0.0, Avg: 1.7, Max: 7.1, Diff: 7.1, Sum: 23.8]
      [Termination (ms): Min: 0.0, Avg: 5.1, Max: 6.9, Diff: 6.9, Sum: 71.7]
         [Termination Attempts: Min: 1, Avg: 14.9, Max: 27, Diff: 26, Sum: 208]
      [GC Worker Other (ms): Min: 0.0, Avg: 0.0, Max: 0.0, Diff: 0.0, Sum: 0.1]
      [GC Worker Total (ms): Min: 7.4, Avg: 7.7, Max: 7.9, Diff: 0.5, Sum: 108.4]
      [GC Worker End (ms): Min: 256716493.3, Avg: 256716493.4, Max: 256716493.4, Diff: 0.1]
   [Code Root Fixup: 0.0 ms]
   [Code Root Purge: 0.0 ms]
   [Clear CT: 0.3 ms]
   [Other: 5.2 ms]
      [Choose CSet: 0.0 ms]
      [Ref Proc: 4.6 ms]
      [Ref Enq: 0.3 ms]
      [Redirty Cards: 0.2 ms]
      [Humongous Register: 0.0 ms]
      [Humongous Reclaim: 0.0 ms]
      [Free CSet: 0.1 ms]
   [Eden: 7152.0M(7152.0M)->0.0B(7152.0M) Survivors: 16384.0K->16384.0K Heap: 10214.7M(14336.0M)->3063.1M(14336.0M)]
 [Times: user=0.11 sys=0.00, real=0.01 secs] 
2022-11-02T17:56:14.894-0600: 257675.314: [GC pause (G1 Evacuation Pause) (young), 0.0103555 secs]
   [Parallel Time: 4.2 ms, GC Workers: 14]
      [GC Worker Start (ms): Min: 257675314.3, Avg: 257675314.5, Max: 257675314.7, Diff: 0.4]
      [Ext Root Scanning (ms): Min: 0.3, Avg: 0.8, Max: 3.8, Diff: 3.5, Sum: 10.6]
      [Update RS (ms): Min: 0.0, Avg: 0.2, Max: 0.5, Diff: 0.5, Sum: 3.2]
         [Processed Buffers: Min: 0, Avg: 12.3, Max: 57, Diff: 57, Sum: 172]
      [Scan RS (ms): Min: 0.0, Avg: 0.0, Max: 0.1, Diff: 0.1, Sum: 0.5]
      [Code Root Scanning (ms): Min: 0.0, Avg: 0.0, Max: 0.0, Diff: 0.0, Sum: 0.0]
      [Object Copy (ms): Min: 0.0, Avg: 0.3, Max: 0.4, Diff: 0.4, Sum: 4.7]
      [Termination (ms): Min: 0.0, Avg: 2.3, Max: 2.6, Diff: 2.6, Sum: 32.2]
         [Termination Attempts: Min: 1, Avg: 36.5, Max: 55, Diff: 54, Sum: 511]
      [GC Worker Other (ms): Min: 0.0, Avg: 0.0, Max: 0.0, Diff: 0.0, Sum: 0.1]
      [GC Worker Total (ms): Min: 3.5, Avg: 3.7, Max: 3.9, Diff: 0.4, Sum: 51.3]
      [GC Worker End (ms): Min: 257675318.1, Avg: 257675318.2, Max: 257675318.2, Diff: 0.1]
   [Code Root Fixup: 0.0 ms]
   [Code Root Purge: 0.0 ms]
   [Clear CT: 0.5 ms]
   [Other: 5.7 ms]
      [Choose CSet: 0.0 ms]
      [Ref Proc: 5.0 ms]
      [Ref Enq: 0.2 ms]
      [Redirty Cards: 0.2 ms]
      [Humongous Register: 0.0 ms]
      [Humongous Reclaim: 0.0 ms]
      [Free CSet: 0.1 ms]
   [Eden: 7152.0M(7152.0M)->0.0B(7152.0M) Survivors: 16384.0K->16384.0K Heap: 10215.1M(14336.0M)->3062.9M(14336.0M)]
 [Times: user=0.08 sys=0.00, real=0.01 secs] 
2022-11-02T18:12:10.615-0600: 258631.035: [GC pause (G1 Evacuation Pause) (young) (initial-mark), 0.0190904 secs]
   [Parallel Time: 13.2 ms, GC Workers: 14]
      [GC Worker Start (ms): Min: 258631036.2, Avg: 258631036.3, Max: 258631036.4, Diff: 0.3]
      [Ext Root Scanning (ms): Min: 3.7, Avg: 3.9, Max: 4.0, Diff: 0.3, Sum: 54.8]
      [Update RS (ms): Min: 0.0, Avg: 0.2, Max: 0.4, Diff: 0.3, Sum: 2.4]
         [Processed Buffers: Min: 1, Avg: 12.6, Max: 35, Diff: 34, Sum: 176]
      [Scan RS (ms): Min: 0.0, Avg: 0.0, Max: 0.1, Diff: 0.0, Sum: 0.5]
      [Code Root Scanning (ms): Min: 0.0, Avg: 0.0, Max: 0.0, Diff: 0.0, Sum: 0.0]
      [Object Copy (ms): Min: 0.2, Avg: 1.8, Max: 7.2, Diff: 7.0, Sum: 25.5]
      [Termination (ms): Min: 0.0, Avg: 5.4, Max: 7.0, Diff: 7.0, Sum: 75.4]
         [Termination Attempts: Min: 1, Avg: 19.4, Max: 36, Diff: 35, Sum: 272]
      [GC Worker Other (ms): Min: 0.0, Avg: 0.0, Max: 0.0, Diff: 0.0, Sum: 0.1]
      [GC Worker Total (ms): Min: 11.2, Avg: 11.3, Max: 11.5, Diff: 0.3, Sum: 158.7]
      [GC Worker End (ms): Min: 258631047.6, Avg: 258631047.6, Max: 258631047.7, Diff: 0.1]
   [Code Root Fixup: 0.0 ms]
   [Code Root Purge: 0.0 ms]
   [Clear CT: 0.3 ms]
   [Other: 5.6 ms]
      [Choose CSet: 0.0 ms]
      [Ref Proc: 4.9 ms]
      [Ref Enq: 0.3 ms]
      [Redirty Cards: 0.2 ms]
      [Humongous Register: 0.0 ms]
      [Humongous Reclaim: 0.0 ms]
      [Free CSet: 0.1 ms]
   [Eden: 7152.0M(7152.0M)->0.0B(7152.0M) Survivors: 16384.0K->16384.0K Heap: 10214.9M(14336.0M)->3062.8M(14336.0M)]
 [Times: user=0.15 sys=0.00, real=0.02 secs] 
2022-11-02T18:12:10.634-0600: 258631.054: [GC concurrent-root-region-scan-start]
2022-11-02T18:12:10.638-0600: 258631.058: [GC concurrent-root-region-scan-end, 0.0040578 secs]
2022-11-02T18:12:10.638-0600: 258631.058: [GC concurrent-mark-start]
2022-11-02T18:12:11.162-0600: 258631.582: [GC concurrent-mark-end, 0.5241867 secs]
2022-11-02T18:12:11.162-0600: 258631.583: [GC remark 2022-11-02T18:12:11.162-0600: 258631.583: [Finalize Marking, 0.0004042 secs] 2022-11-02T18:12:11.163-0600: 258631.583: [GC ref-proc, 0.0066916 secs] 2022-11-02T18:12:11.169-0600: 258631.590: [Unloading, 0.0202705 secs], 0.0296574 secs]
 [Times: user=0.31 sys=0.00, real=0.02 secs] 
2022-11-02T18:12:11.192-0600: 258631.612: [GC cleanup 3094M->3094M(14336M), 0.0046398 secs]
 [Times: user=0.03 sys=0.00, real=0.01 secs] 
2022-11-02T18:28:07.515-0600: 259587.936: [GC pause (G1 Evacuation Pause) (young), 0.0111264 secs]
   [Parallel Time: 4.6 ms, GC Workers: 14]
      [GC Worker Start (ms): Min: 259587935.7, Avg: 259587935.8, Max: 259587936.0, Diff: 0.3]
      [Ext Root Scanning (ms): Min: 0.3, Avg: 0.7, Max: 4.3, Diff: 4.1, Sum: 10.4]
      [Update RS (ms): Min: 0.0, Avg: 0.1, Max: 0.4, Diff: 0.4, Sum: 1.8]
         [Processed Buffers: Min: 0, Avg: 10.4, Max: 27, Diff: 27, Sum: 146]
      [Scan RS (ms): Min: 0.0, Avg: 0.0, Max: 0.1, Diff: 0.1, Sum: 0.5]
      [Code Root Scanning (ms): Min: 0.0, Avg: 0.0, Max: 0.0, Diff: 0.0, Sum: 0.0]
      [Object Copy (ms): Min: 0.0, Avg: 1.3, Max: 1.6, Diff: 1.6, Sum: 18.8]
      [Termination (ms): Min: 0.0, Avg: 2.0, Max: 2.3, Diff: 2.3, Sum: 28.3]
         [Termination Attempts: Min: 1, Avg: 254.5, Max: 324, Diff: 323, Sum: 3563]
      [GC Worker Other (ms): Min: 0.0, Avg: 0.0, Max: 0.0, Diff: 0.0, Sum: 0.1]
      [GC Worker Total (ms): Min: 4.1, Avg: 4.3, Max: 4.4, Diff: 0.3, Sum: 59.9]
      [GC Worker End (ms): Min: 259587940.0, Avg: 259587940.1, Max: 259587940.2, Diff: 0.1]
   [Code Root Fixup: 0.0 ms]
   [Code Root Purge: 0.0 ms]
   [Clear CT: 0.4 ms]
   [Other: 6.1 ms]
      [Choose CSet: 0.0 ms]
      [Ref Proc: 5.4 ms]
      [Ref Enq: 0.2 ms]
      [Redirty Cards: 0.2 ms]
      [Humongous Register: 0.0 ms]
      [Humongous Reclaim: 0.0 ms]
      [Free CSet: 0.1 ms]
   [Eden: 7152.0M(7152.0M)->0.0B(7152.0M) Survivors: 16384.0K->16384.0K Heap: 10214.8M(14336.0M)->3066.3M(14336.0M)]
 [Times: user=0.08 sys=0.00, real=0.02 secs] 
2022-11-02T18:44:10.415-0600: 260550.836: [GC pause (G1 Evacuation Pause) (young), 0.0186827 secs]
   [Parallel Time: 6.0 ms, GC Workers: 14]
      [GC Worker Start (ms): Min: 260550835.7, Avg: 260550835.9, Max: 260550836.1, Diff: 0.3]
      [Ext Root Scanning (ms): Min: 0.3, Avg: 0.9, Max: 5.6, Diff: 5.4, Sum: 12.0]
      [Update RS (ms): Min: 0.0, Avg: 0.2, Max: 0.4, Diff: 0.4, Sum: 3.3]
         [Processed Buffers: Min: 0, Avg: 11.8, Max: 24, Diff: 24, Sum: 165]
      [Scan RS (ms): Min: 0.0, Avg: 0.0, Max: 0.1, Diff: 0.1, Sum: 0.5]
      [Code Root Scanning (ms): Min: 0.0, Avg: 0.0, Max: 0.0, Diff: 0.0, Sum: 0.0]
      [Object Copy (ms): Min: 0.0, Avg: 0.3, Max: 0.4, Diff: 0.4, Sum: 4.2]
      [Termination (ms): Min: 0.0, Avg: 4.1, Max: 4.5, Diff: 4.5, Sum: 57.6]
         [Termination Attempts: Min: 1, Avg: 25.2, Max: 38, Diff: 37, Sum: 353]
      [GC Worker Other (ms): Min: 0.0, Avg: 0.0, Max: 0.0, Diff: 0.0, Sum: 0.1]
      [GC Worker Total (ms): Min: 5.4, Avg: 5.6, Max: 5.7, Diff: 0.3, Sum: 77.7]
      [GC Worker End (ms): Min: 260550841.4, Avg: 260550841.5, Max: 260550841.5, Diff: 0.1]
   [Code Root Fixup: 0.0 ms]
   [Code Root Purge: 0.0 ms]
   [Clear CT: 0.4 ms]
   [Other: 12.3 ms]
      [Choose CSet: 0.0 ms]
      [Ref Proc: 11.7 ms]
      [Ref Enq: 0.2 ms]
      [Redirty Cards: 0.2 ms]
      [Humongous Register: 0.0 ms]
      [Humongous Reclaim: 0.0 ms]
      [Free CSet: 0.1 ms]
   [Eden: 7152.0M(7152.0M)->0.0B(7152.0M) Survivors: 16384.0K->16384.0K Heap: 10218.3M(14336.0M)->3067.0M(14336.0M)]
 [Times: user=0.19 sys=0.00, real=0.02 secs] 
2022-11-02T19:00:14.565-0600: 261514.985: [GC pause (G1 Evacuation Pause) (young) (initial-mark), 0.0152075 secs]
   [Parallel Time: 8.6 ms, GC Workers: 14]
      [GC Worker Start (ms): Min: 261514987.6, Avg: 261514987.7, Max: 261514987.9, Diff: 0.3]
      [Ext Root Scanning (ms): Min: 5.2, Avg: 5.3, Max: 5.5, Diff: 0.3, Sum: 74.5]
      [Update RS (ms): Min: 0.1, Avg: 0.3, Max: 0.7, Diff: 0.7, Sum: 3.5]
         [Processed Buffers: Min: 1, Avg: 12.1, Max: 37, Diff: 36, Sum: 170]
      [Scan RS (ms): Min: 0.0, Avg: 0.0, Max: 0.1, Diff: 0.1, Sum: 0.5]
      [Code Root Scanning (ms): Min: 0.0, Avg: 0.0, Max: 0.0, Diff: 0.0, Sum: 0.0]
      [Object Copy (ms): Min: 0.1, Avg: 0.3, Max: 0.5, Diff: 0.4, Sum: 4.7]
      [Termination (ms): Min: 0.0, Avg: 0.3, Max: 0.4, Diff: 0.4, Sum: 3.6]
         [Termination Attempts: Min: 1, Avg: 31.7, Max: 45, Diff: 44, Sum: 444]
      [GC Worker Other (ms): Min: 0.0, Avg: 0.0, Max: 0.0, Diff: 0.0, Sum: 0.1]
      [GC Worker Total (ms): Min: 6.0, Avg: 6.2, Max: 6.4, Diff: 0.3, Sum: 86.9]
      [GC Worker End (ms): Min: 261514993.9, Avg: 261514993.9, Max: 261514994.0, Diff: 0.1]
   [Code Root Fixup: 0.0 ms]
   [Code Root Purge: 0.0 ms]
   [Clear CT: 0.4 ms]
   [Other: 6.2 ms]
      [Choose CSet: 0.0 ms]
      [Ref Proc: 5.5 ms]
      [Ref Enq: 0.2 ms]
      [Redirty Cards: 0.2 ms]
      [Humongous Register: 0.0 ms]
      [Humongous Reclaim: 0.0 ms]
      [Free CSet: 0.1 ms]
   [Eden: 7152.0M(7152.0M)->0.0B(7152.0M) Survivors: 16384.0K->16384.0K Heap: 10219.0M(14336.0M)->3063.9M(14336.0M)]
 [Times: user=0.09 sys=0.00, real=0.02 secs] 
2022-11-02T19:00:14.581-0600: 261515.001: [GC concurrent-root-region-scan-start]
2022-11-02T19:00:14.585-0600: 261515.005: [GC concurrent-root-region-scan-end, 0.0044361 secs]
2022-11-02T19:00:14.585-0600: 261515.005: [GC concurrent-mark-start]
2022-11-02T19:00:15.136-0600: 261515.556: [GC concurrent-mark-end, 0.5505630 secs]
2022-11-02T19:00:15.136-0600: 261515.556: [GC remark 2022-11-02T19:00:15.136-0600: 261515.556: [Finalize Marking, 0.0004814 secs] 2022-11-02T19:00:15.136-0600: 261515.556: [GC ref-proc, 0.0083062 secs] 2022-11-02T19:00:15.145-0600: 261515.565: [Unloading, 0.0212563 secs], 0.0320547 secs]
 [Times: user=0.33 sys=0.00, real=0.03 secs] 
2022-11-02T19:00:15.168-0600: 261515.588: [GC cleanup 3131M->3131M(14336M), 0.0243282 secs]
 [Times: user=0.06 sys=0.00, real=0.03 secs] 
2022-11-02T19:08:53.176-0600: 262033.596: [GC pause (G1 Evacuation Pause) (young), 0.0665359 secs]
   [Parallel Time: 36.7 ms, GC Workers: 14]
      [GC Worker Start (ms): Min: 262033596.5, Avg: 262033596.6, Max: 262033596.8, Diff: 0.4]
      [Ext Root Scanning (ms): Min: 0.3, Avg: 1.2, Max: 9.9, Diff: 9.6, Sum: 16.7]
      [Update RS (ms): Min: 0.0, Avg: 2.1, Max: 13.1, Diff: 13.1, Sum: 28.9]
         [Processed Buffers: Min: 0, Avg: 9.6, Max: 30, Diff: 30, Sum: 135]
      [Scan RS (ms): Min: 0.0, Avg: 0.0, Max: 0.1, Diff: 0.1, Sum: 0.5]
      [Code Root Scanning (ms): Min: 0.0, Avg: 0.0, Max: 0.0, Diff: 0.0, Sum: 0.0]
      [Object Copy (ms): Min: 17.9, Avg: 28.2, Max: 30.4, Diff: 12.4, Sum: 395.4]
      [Termination (ms): Min: 0.0, Avg: 0.1, Max: 0.1, Diff: 0.1, Sum: 0.8]
         [Termination Attempts: Min: 1, Avg: 23.1, Max: 31, Diff: 30, Sum: 323]
      [GC Worker Other (ms): Min: 0.0, Avg: 0.9, Max: 2.5, Diff: 2.5, Sum: 12.1]
      [GC Worker Total (ms): Min: 31.5, Avg: 32.5, Max: 34.2, Diff: 2.7, Sum: 454.5]
      [GC Worker End (ms): Min: 262033628.2, Avg: 262033629.1, Max: 262033630.7, Diff: 2.5]
   [Code Root Fixup: 0.0 ms]
   [Code Root Purge: 0.0 ms]
   [Clear CT: 0.5 ms]
   [Other: 29.3 ms]
      [Choose CSet: 0.0 ms]
      [Ref Proc: 28.5 ms]
      [Ref Enq: 0.2 ms]
      [Redirty Cards: 0.2 ms]
      [Humongous Register: 0.0 ms]
      [Humongous Reclaim: 0.0 ms]
      [Free CSet: 0.2 ms]
   [Eden: 7152.0M(7152.0M)->0.0B(6960.0M) Survivors: 16384.0K->208.0M Heap: 10247.9M(14336.0M)->3291.2M(14336.0M)]
 [Times: user=0.60 sys=0.00, real=0.07 secs] 
2022-11-02T19:10:33.267-0600: 262133.687: [GC pause (G1 Evacuation Pause) (young), 0.4588717 secs]
   [Parallel Time: 453.6 ms, GC Workers: 14]
      [GC Worker Start (ms): Min: 262133687.1, Avg: 262133687.2, Max: 262133687.3, Diff: 0.2]
      [Ext Root Scanning (ms): Min: 0.2, Avg: 0.8, Max: 4.8, Diff: 4.6, Sum: 10.7]
      [Update RS (ms): Min: 0.0, Avg: 0.5, Max: 0.8, Diff: 0.8, Sum: 6.8]
         [Processed Buffers: Min: 0, Avg: 3.6, Max: 12, Diff: 12, Sum: 51]
      [Scan RS (ms): Min: 0.0, Avg: 0.0, Max: 0.1, Diff: 0.1, Sum: 0.4]
      [Code Root Scanning (ms): Min: 0.0, Avg: 0.0, Max: 0.0, Diff: 0.0, Sum: 0.0]
      [Object Copy (ms): Min: 447.8, Avg: 449.9, Max: 452.4, Diff: 4.6, Sum: 6298.4]
      [Termination (ms): Min: 0.0, Avg: 2.2, Max: 4.5, Diff: 4.5, Sum: 30.6]
         [Termination Attempts: Min: 1, Avg: 1.9, Max: 9, Diff: 8, Sum: 26]
      [GC Worker Other (ms): Min: 0.0, Avg: 0.0, Max: 0.0, Diff: 0.0, Sum: 0.1]
      [GC Worker Total (ms): Min: 453.3, Avg: 453.4, Max: 453.5, Diff: 0.2, Sum: 6347.0]
      [GC Worker End (ms): Min: 262134140.6, Avg: 262134140.6, Max: 262134140.7, Diff: 0.1]
   [Code Root Fixup: 0.0 ms]
   [Code Root Purge: 0.0 ms]
   [Clear CT: 0.5 ms]
   [Other: 4.8 ms]
      [Choose CSet: 0.0 ms]
      [Ref Proc: 4.1 ms]
      [Ref Enq: 0.2 ms]
      [Redirty Cards: 0.3 ms]
      [Humongous Register: 0.0 ms]
      [Humongous Reclaim: 0.0 ms]
      [Free CSet: 0.1 ms]
   [Eden: 6960.0M(6960.0M)->0.0B(6944.0M) Survivors: 208.0M->224.0M Heap: 10251.2M(14336.0M)->3507.2M(14336.0M)]
 [Times: user=0.23 sys=0.18, real=0.46 secs] 
2022-11-02T19:12:13.524-0600: 262233.944: [GC pause (G1 Evacuation Pause) (young) (initial-mark), 0.0328685 secs]
   [Parallel Time: 27.2 ms, GC Workers: 14]
      [GC Worker Start (ms): Min: 262233945.8, Avg: 262233945.9, Max: 262233946.1, Diff: 0.3]
      [Ext Root Scanning (ms): Min: 1.7, Avg: 3.6, Max: 10.1, Diff: 8.4, Sum: 50.8]
      [Update RS (ms): Min: 7.8, Avg: 8.0, Max: 8.2, Diff: 0.4, Sum: 111.6]
         [Processed Buffers: Min: 29, Avg: 35.2, Max: 44, Diff: 15, Sum: 493]
      [Scan RS (ms): Min: 0.0, Avg: 0.0, Max: 0.1, Diff: 0.1, Sum: 0.3]
      [Code Root Scanning (ms): Min: 0.0, Avg: 0.0, Max: 0.0, Diff: 0.0, Sum: 0.1]
      [Object Copy (ms): Min: 6.2, Avg: 12.5, Max: 14.9, Diff: 8.8, Sum: 175.3]
      [Termination (ms): Min: 0.0, Avg: 1.1, Max: 1.3, Diff: 1.3, Sum: 14.8]
         [Termination Attempts: Min: 1, Avg: 5.4, Max: 9, Diff: 8, Sum: 75]
      [GC Worker Other (ms): Min: 0.0, Avg: 0.0, Max: 0.0, Diff: 0.0, Sum: 0.1]
      [GC Worker Total (ms): Min: 25.1, Avg: 25.2, Max: 25.4, Diff: 0.4, Sum: 353.0]
      [GC Worker End (ms): Min: 262233971.1, Avg: 262233971.1, Max: 262233971.3, Diff: 0.2]
   [Code Root Fixup: 0.0 ms]
   [Code Root Purge: 0.0 ms]
   [Clear CT: 0.4 ms]
   [Other: 5.3 ms]
      [Choose CSet: 0.0 ms]
      [Ref Proc: 4.5 ms]
      [Ref Enq: 0.2 ms]
      [Redirty Cards: 0.2 ms]
      [Humongous Register: 0.0 ms]
      [Humongous Reclaim: 0.0 ms]
      [Free CSet: 0.2 ms]
   [Eden: 6944.0M(6944.0M)->0.0B(7072.0M) Survivors: 224.0M->98304.0K Heap: 10451.2M(14336.0M)->3494.7M(14336.0M)]
 [Times: user=0.23 sys=0.00, real=0.03 secs] 
2022-11-02T19:12:13.557-0600: 262233.977: [GC concurrent-root-region-scan-start]
2022-11-02T19:12:13.561-0600: 262233.982: [GC concurrent-root-region-scan-end, 0.0047052 secs]
2022-11-02T19:12:13.561-0600: 262233.982: [GC concurrent-mark-start]
2022-11-02T19:12:14.160-0600: 262234.580: [GC concurrent-mark-end, 0.5985345 secs]
2022-11-02T19:12:14.160-0600: 262234.580: [GC remark 2022-11-02T19:12:14.160-0600: 262234.580: [Finalize Marking, 0.0020272 secs] 2022-11-02T19:12:14.162-0600: 262234.582: [GC ref-proc, 0.0081143 secs] 2022-11-02T19:12:14.170-0600: 262234.591: [Unloading, 0.0267624 secs], 0.0394266 secs]
 [Times: user=0.38 sys=0.00, real=0.04 secs] 
2022-11-02T19:12:14.200-0600: 262234.620: [GC cleanup 3582M->3582M(14336M), 0.0058016 secs]
 [Times: user=0.05 sys=0.00, real=0.01 secs] 
2022-11-02T19:13:53.867-0600: 262334.287: [GC pause (G1 Evacuation Pause) (young), 0.0178114 secs]
   [Parallel Time: 12.9 ms, GC Workers: 14]
      [GC Worker Start (ms): Min: 262334287.5, Avg: 262334287.7, Max: 262334287.8, Diff: 0.3]
      [Ext Root Scanning (ms): Min: 0.4, Avg: 0.9, Max: 4.9, Diff: 4.6, Sum: 12.5]
      [Update RS (ms): Min: 0.0, Avg: 6.8, Max: 8.1, Diff: 8.1, Sum: 95.8]
         [Processed Buffers: Min: 0, Avg: 44.4, Max: 65, Diff: 65, Sum: 621]
      [Scan RS (ms): Min: 0.0, Avg: 0.0, Max: 0.1, Diff: 0.1, Sum: 0.4]
      [Code Root Scanning (ms): Min: 0.0, Avg: 0.0, Max: 0.0, Diff: 0.0, Sum: 0.0]
      [Object Copy (ms): Min: 3.4, Avg: 4.3, Max: 11.6, Diff: 8.2, Sum: 60.9]
      [Termination (ms): Min: 0.0, Avg: 0.1, Max: 0.1, Diff: 0.1, Sum: 1.0]
         [Termination Attempts: Min: 1, Avg: 19.7, Max: 27, Diff: 26, Sum: 276]
      [GC Worker Other (ms): Min: 0.0, Avg: 0.0, Max: 0.0, Diff: 0.0, Sum: 0.2]
      [GC Worker Total (ms): Min: 12.1, Avg: 12.2, Max: 12.4, Diff: 0.3, Sum: 170.9]
      [GC Worker End (ms): Min: 262334299.9, Avg: 262334299.9, Max: 262334300.0, Diff: 0.1]
   [Code Root Fixup: 0.0 ms]
   [Code Root Purge: 0.0 ms]
   [Clear CT: 0.5 ms]
   [Other: 4.5 ms]
      [Choose CSet: 0.0 ms]
      [Ref Proc: 3.5 ms]
      [Ref Enq: 0.2 ms]
      [Redirty Cards: 0.4 ms]
      [Humongous Register: 0.0 ms]
      [Humongous Reclaim: 0.0 ms]
      [Free CSet: 0.1 ms]
   [Eden: 7072.0M(7072.0M)->0.0B(5696.0M) Survivors: 98304.0K->32768.0K Heap: 10566.7M(14336.0M)->3457.2M(14336.0M)]
 [Times: user=0.18 sys=0.00, real=0.02 secs] 
2022-11-02T19:15:22.473-0600: 262422.893: [GC pause (G1 Evacuation Pause) (mixed), 0.0345722 secs]
   [Parallel Time: 27.2 ms, GC Workers: 14]
      [GC Worker Start (ms): Min: 262422893.0, Avg: 262422893.2, Max: 262422893.7, Diff: 0.7]
      [Ext Root Scanning (ms): Min: 0.0, Avg: 1.5, Max: 14.9, Diff: 14.9, Sum: 21.4]
      [Update RS (ms): Min: 0.0, Avg: 6.0, Max: 7.1, Diff: 7.1, Sum: 84.1]
         [Processed Buffers: Min: 0, Avg: 42.1, Max: 64, Diff: 64, Sum: 590]
      [Scan RS (ms): Min: 0.2, Avg: 1.0, Max: 1.1, Diff: 0.9, Sum: 13.7]
      [Code Root Scanning (ms): Min: 0.0, Avg: 0.0, Max: 0.0, Diff: 0.0, Sum: 0.1]
      [Object Copy (ms): Min: 11.8, Avg: 18.3, Max: 22.3, Diff: 10.5, Sum: 255.5]
      [Termination (ms): Min: 0.0, Avg: 0.0, Max: 0.0, Diff: 0.0, Sum: 0.3]
         [Termination Attempts: Min: 1, Avg: 32.1, Max: 46, Diff: 45, Sum: 450]
      [GC Worker Other (ms): Min: 0.0, Avg: 0.0, Max: 0.1, Diff: 0.1, Sum: 0.7]
      [GC Worker Total (ms): Min: 26.3, Avg: 26.8, Max: 27.0, Diff: 0.7, Sum: 375.7]
      [GC Worker End (ms): Min: 262422920.0, Avg: 262422920.1, Max: 262422920.1, Diff: 0.1]
   [Code Root Fixup: 0.0 ms]
   [Code Root Purge: 0.0 ms]
   [Clear CT: 0.8 ms]
   [Other: 6.6 ms]
      [Choose CSet: 0.0 ms]
      [Ref Proc: 5.5 ms]
      [Ref Enq: 0.2 ms]
      [Redirty Cards: 0.4 ms]
      [Humongous Register: 0.0 ms]
      [Humongous Reclaim: 0.0 ms]
      [Free CSet: 0.3 ms]
   [Eden: 5696.0M(5696.0M)->0.0B(7152.0M) Survivors: 32768.0K->16384.0K Heap: 9153.2M(14336.0M)->3334.7M(14336.0M)]
 [Times: user=0.24 sys=0.00, real=0.03 secs] 
2022-11-02T19:17:47.618-0600: 262568.038: [GC pause (G1 Evacuation Pause) (young), 0.0410468 secs]
   [Parallel Time: 33.7 ms, GC Workers: 14]
      [GC Worker Start (ms): Min: 262568038.5, Avg: 262568038.7, Max: 262568038.9, Diff: 0.4]
      [Ext Root Scanning (ms): Min: 0.1, Avg: 1.2, Max: 12.2, Diff: 12.0, Sum: 16.7]
      [Update RS (ms): Min: 0.0, Avg: 8.7, Max: 10.9, Diff: 10.9, Sum: 122.5]
         [Processed Buffers: Min: 0, Avg: 53.4, Max: 79, Diff: 79, Sum: 748]
      [Scan RS (ms): Min: 0.0, Avg: 0.0, Max: 0.1, Diff: 0.1, Sum: 0.3]
      [Code Root Scanning (ms): Min: 0.0, Avg: 0.0, Max: 0.3, Diff: 0.3, Sum: 0.4]
      [Object Copy (ms): Min: 19.5, Avg: 21.5, Max: 27.9, Diff: 8.4, Sum: 301.3]
      [Termination (ms): Min: 0.1, Avg: 0.5, Max: 0.6, Diff: 0.5, Sum: 6.6]
         [Termination Attempts: Min: 1, Avg: 152.9, Max: 188, Diff: 187, Sum: 2140]
      [GC Worker Other (ms): Min: 0.0, Avg: 0.0, Max: 0.0, Diff: 0.0, Sum: 0.2]
      [GC Worker Total (ms): Min: 31.8, Avg: 32.0, Max: 32.2, Diff: 0.4, Sum: 448.0]
      [GC Worker End (ms): Min: 262568070.6, Avg: 262568070.7, Max: 262568070.8, Diff: 0.1]
   [Code Root Fixup: 0.0 ms]
   [Code Root Purge: 0.0 ms]
   [Clear CT: 0.4 ms]
   [Other: 6.9 ms]
      [Choose CSet: 0.0 ms]
      [Ref Proc: 5.9 ms]
      [Ref Enq: 0.2 ms]
      [Redirty Cards: 0.2 ms]
      [Humongous Register: 0.0 ms]
      [Humongous Reclaim: 0.0 ms]
      [Free CSet: 0.2 ms]
   [Eden: 7152.0M(7152.0M)->0.0B(6992.0M) Survivors: 16384.0K->176.0M Heap: 10486.7M(14336.0M)->3503.5M(14336.0M)]
 [Times: user=0.45 sys=0.00, real=0.04 secs] 
2022-11-02T19:20:58.376-0600: 262758.796: [GC pause (G1 Evacuation Pause) (young) (initial-mark), 0.0903296 secs]
   [Parallel Time: 84.0 ms, GC Workers: 14]
      [GC Worker Start (ms): Min: 262758797.4, Avg: 262758797.5, Max: 262758797.7, Diff: 0.3]
      [Ext Root Scanning (ms): Min: 1.8, Avg: 3.3, Max: 9.1, Diff: 7.3, Sum: 46.9]
      [Update RS (ms): Min: 0.0, Avg: 0.9, Max: 2.3, Diff: 2.3, Sum: 13.1]
         [Processed Buffers: Min: 0, Avg: 5.6, Max: 20, Diff: 20, Sum: 78]
      [Scan RS (ms): Min: 0.0, Avg: 0.0, Max: 0.1, Diff: 0.1, Sum: 0.3]
      [Code Root Scanning (ms): Min: 0.0, Avg: 0.1, Max: 1.1, Diff: 1.1, Sum: 1.1]
      [Object Copy (ms): Min: 73.5, Avg: 78.1, Max: 80.5, Diff: 7.0, Sum: 1092.9]
      [Termination (ms): Min: 0.0, Avg: 0.1, Max: 0.1, Diff: 0.1, Sum: 1.1]
         [Termination Attempts: Min: 1, Avg: 8.2, Max: 14, Diff: 13, Sum: 115]
      [GC Worker Other (ms): Min: 0.0, Avg: 0.0, Max: 0.1, Diff: 0.1, Sum: 0.3]
      [GC Worker Total (ms): Min: 82.4, Avg: 82.5, Max: 82.7, Diff: 0.3, Sum: 1155.7]
      [GC Worker End (ms): Min: 262758880.1, Avg: 262758880.1, Max: 262758880.1, Diff: 0.1]
   [Code Root Fixup: 0.0 ms]
   [Code Root Purge: 0.0 ms]
   [Clear CT: 0.4 ms]
   [Other: 5.9 ms]
      [Choose CSet: 0.0 ms]
      [Ref Proc: 4.7 ms]
      [Ref Enq: 0.3 ms]
      [Redirty Cards: 0.3 ms]
      [Humongous Register: 0.0 ms]
      [Humongous Reclaim: 0.0 ms]
      [Free CSet: 0.3 ms]
   [Eden: 6992.0M(6992.0M)->0.0B(6944.0M) Survivors: 176.0M->224.0M Heap: 10495.5M(14336.0M)->3719.5M(14336.0M)]
 [Times: user=0.34 sys=0.21, real=0.09 secs] 
2022-11-02T19:20:58.466-0600: 262758.887: [GC concurrent-root-region-scan-start]
2022-11-02T19:20:58.473-0600: 262758.893: [GC concurrent-root-region-scan-end, 0.0065455 secs]
2022-11-02T19:20:58.473-0600: 262758.893: [GC concurrent-mark-start]
2022-11-02T19:20:59.038-0600: 262759.458: [GC concurrent-mark-end, 0.5653394 secs]
2022-11-02T19:20:59.038-0600: 262759.459: [GC remark 2022-11-02T19:20:59.038-0600: 262759.459: [Finalize Marking, 0.0099851 secs] 2022-11-02T19:20:59.048-0600: 262759.469: [GC ref-proc, 0.0084912 secs] 2022-11-02T19:20:59.057-0600: 262759.477: [Unloading, 0.0222747 secs], 0.0434678 secs]
 [Times: user=0.43 sys=0.00, real=0.05 secs] 
2022-11-02T19:20:59.082-0600: 262759.503: [GC cleanup 3775M->3775M(14336M), 0.0054569 secs]
 [Times: user=0.05 sys=0.00, real=0.00 secs] 
2022-11-02T19:21:57.268-0600: 262817.688: [GC pause (G1 Evacuation Pause) (young), 0.0544216 secs]
   [Parallel Time: 46.9 ms, GC Workers: 14]
      [GC Worker Start (ms): Min: 262817688.3, Avg: 262817688.4, Max: 262817688.5, Diff: 0.2]
      [Ext Root Scanning (ms): Min: 0.1, Avg: 1.2, Max: 11.4, Diff: 11.3, Sum: 17.1]
      [Update RS (ms): Min: 2.4, Avg: 8.3, Max: 13.1, Diff: 10.8, Sum: 116.2]
         [Processed Buffers: Min: 12, Avg: 29.0, Max: 59, Diff: 47, Sum: 406]
      [Scan RS (ms): Min: 0.0, Avg: 0.0, Max: 0.1, Diff: 0.1, Sum: 0.3]
      [Code Root Scanning (ms): Min: 0.0, Avg: 0.0, Max: 0.0, Diff: 0.0, Sum: 0.1]
      [Object Copy (ms): Min: 33.0, Avg: 37.1, Max: 40.4, Diff: 7.4, Sum: 520.0]
      [Termination (ms): Min: 0.0, Avg: 0.1, Max: 0.1, Diff: 0.1, Sum: 0.9]
         [Termination Attempts: Min: 1, Avg: 2.5, Max: 5, Diff: 4, Sum: 35]
      [GC Worker Other (ms): Min: 0.0, Avg: 0.0, Max: 0.0, Diff: 0.0, Sum: 0.1]
      [GC Worker Total (ms): Min: 46.6, Avg: 46.8, Max: 46.9, Diff: 0.2, Sum: 654.6]
      [GC Worker End (ms): Min: 262817735.1, Avg: 262817735.1, Max: 262817735.2, Diff: 0.1]
   [Code Root Fixup: 0.0 ms]
   [Code Root Purge: 0.0 ms]
   [Clear CT: 0.3 ms]
   [Other: 7.1 ms]
      [Choose CSet: 0.0 ms]
      [Ref Proc: 6.1 ms]
      [Ref Enq: 0.3 ms]
      [Redirty Cards: 0.2 ms]
      [Humongous Register: 0.0 ms]
      [Humongous Reclaim: 0.0 ms]
      [Free CSet: 0.2 ms]
   [Eden: 6944.0M(6944.0M)->0.0B(5504.0M) Survivors: 224.0M->224.0M Heap: 10679.5M(14336.0M)->3960.0M(14336.0M)]
 [Times: user=0.55 sys=0.00, real=0.06 secs] 
2022-11-02T19:22:48.818-0600: 262869.238: [GC pause (G1 Evacuation Pause) (mixed), 0.1080292 secs]
   [Parallel Time: 101.3 ms, GC Workers: 14]
      [GC Worker Start (ms): Min: 262869238.2, Avg: 262869238.3, Max: 262869238.5, Diff: 0.3]
      [Ext Root Scanning (ms): Min: 0.1, Avg: 1.3, Max: 13.2, Diff: 13.2, Sum: 18.1]
      [Update RS (ms): Min: 0.0, Avg: 3.4, Max: 4.3, Diff: 4.3, Sum: 47.5]
         [Processed Buffers: Min: 0, Avg: 14.1, Max: 19, Diff: 19, Sum: 197]
      [Scan RS (ms): Min: 0.0, Avg: 1.1, Max: 1.3, Diff: 1.3, Sum: 15.8]
      [Code Root Scanning (ms): Min: 0.0, Avg: 0.0, Max: 0.1, Diff: 0.1, Sum: 0.1]
      [Object Copy (ms): Min: 87.8, Avg: 95.1, Max: 95.9, Diff: 8.1, Sum: 1330.9]
      [Termination (ms): Min: 0.0, Avg: 0.0, Max: 0.1, Diff: 0.1, Sum: 0.7]
         [Termination Attempts: Min: 1, Avg: 73.0, Max: 90, Diff: 89, Sum: 1022]
      [GC Worker Other (ms): Min: 0.0, Avg: 0.0, Max: 0.0, Diff: 0.0, Sum: 0.3]
      [GC Worker Total (ms): Min: 100.7, Avg: 101.0, Max: 101.1, Diff: 0.3, Sum: 1413.3]
      [GC Worker End (ms): Min: 262869339.2, Avg: 262869339.3, Max: 262869339.3, Diff: 0.0]
   [Code Root Fixup: 0.0 ms]
   [Code Root Purge: 0.0 ms]
   [Clear CT: 0.5 ms]
   [Other: 6.2 ms]
      [Choose CSet: 0.0 ms]
      [Ref Proc: 4.9 ms]
      [Ref Enq: 0.2 ms]
      [Redirty Cards: 0.5 ms]
      [Humongous Register: 0.0 ms]
      [Humongous Reclaim: 0.0 ms]
      [Free CSet: 0.3 ms]
   [Eden: 5504.0M(5504.0M)->0.0B(6976.0M) Survivors: 224.0M->192.0M Heap: 9464.0M(14336.0M)->3919.2M(14336.0M)]
 [Times: user=0.36 sys=0.28, real=0.11 secs] 
2022-11-02T19:23:49.971-0600: 262930.392: [GC pause (G1 Evacuation Pause) (young), 0.0379535 secs]
   [Parallel Time: 30.0 ms, GC Workers: 14]
      [GC Worker Start (ms): Min: 262930391.9, Avg: 262930392.0, Max: 262930392.1, Diff: 0.3]
      [Ext Root Scanning (ms): Min: 0.2, Avg: 0.7, Max: 3.7, Diff: 3.5, Sum: 10.1]
      [Update RS (ms): Min: 7.3, Avg: 11.6, Max: 14.3, Diff: 7.0, Sum: 162.1]
         [Processed Buffers: Min: 23, Avg: 55.6, Max: 100, Diff: 77, Sum: 778]
      [Scan RS (ms): Min: 1.1, Avg: 1.8, Max: 2.2, Diff: 1.1, Sum: 25.1]
      [Code Root Scanning (ms): Min: 0.0, Avg: 0.0, Max: 0.0, Diff: 0.0, Sum: 0.0]
      [Object Copy (ms): Min: 12.8, Avg: 15.5, Max: 20.2, Diff: 7.4, Sum: 216.8]
      [Termination (ms): Min: 0.1, Avg: 0.2, Max: 0.2, Diff: 0.2, Sum: 2.5]
         [Termination Attempts: Min: 1, Avg: 249.1, Max: 312, Diff: 311, Sum: 3488]
      [GC Worker Other (ms): Min: 0.0, Avg: 0.0, Max: 0.1, Diff: 0.1, Sum: 0.3]
      [GC Worker Total (ms): Min: 29.6, Avg: 29.8, Max: 30.0, Diff: 0.4, Sum: 416.9]
      [GC Worker End (ms): Min: 262930421.7, Avg: 262930421.8, Max: 262930421.8, Diff: 0.1]
   [Code Root Fixup: 0.0 ms]
   [Code Root Purge: 0.0 ms]
   [Clear CT: 0.5 ms]
   [Other: 7.4 ms]
      [Choose CSet: 0.0 ms]
      [Ref Proc: 6.4 ms]
      [Ref Enq: 0.3 ms]
      [Redirty Cards: 0.4 ms]
      [Humongous Register: 0.0 ms]
      [Humongous Reclaim: 0.0 ms]
      [Free CSet: 0.1 ms]
   [Eden: 6976.0M(6976.0M)->0.0B(7040.0M) Survivors: 192.0M->128.0M Heap: 10895.2M(14336.0M)->3969.3M(14336.0M)]
 [Times: user=0.41 sys=0.00, real=0.04 secs] 
2022-11-02T19:24:52.017-0600: 262992.438: [GC pause (G1 Evacuation Pause) (young) (initial-mark), 0.0309133 secs]
   [Parallel Time: 23.3 ms, GC Workers: 14]
      [GC Worker Start (ms): Min: 262992438.9, Avg: 262992439.0, Max: 262992439.1, Diff: 0.2]
      [Ext Root Scanning (ms): Min: 4.9, Avg: 5.0, Max: 5.2, Diff: 0.3, Sum: 69.9]
      [Update RS (ms): Min: 8.9, Avg: 9.0, Max: 9.2, Diff: 0.4, Sum: 126.1]
         [Processed Buffers: Min: 41, Avg: 54.4, Max: 73, Diff: 32, Sum: 762]
      [Scan RS (ms): Min: 0.0, Avg: 0.0, Max: 0.1, Diff: 0.1, Sum: 0.4]
      [Code Root Scanning (ms): Min: 0.0, Avg: 0.0, Max: 0.0, Diff: 0.0, Sum: 0.0]
      [Object Copy (ms): Min: 7.1, Avg: 7.3, Max: 7.4, Diff: 0.3, Sum: 101.6]
      [Termination (ms): Min: 0.0, Avg: 0.0, Max: 0.0, Diff: 0.0, Sum: 0.0]
         [Termination Attempts: Min: 1, Avg: 3.6, Max: 6, Diff: 5, Sum: 51]
      [GC Worker Other (ms): Min: 0.0, Avg: 0.1, Max: 0.4, Diff: 0.4, Sum: 1.8]
      [GC Worker Total (ms): Min: 21.2, Avg: 21.4, Max: 21.7, Diff: 0.5, Sum: 299.9]
      [GC Worker End (ms): Min: 262992460.3, Avg: 262992460.4, Max: 262992460.7, Diff: 0.4]
   [Code Root Fixup: 0.0 ms]
   [Code Root Purge: 0.0 ms]
   [Clear CT: 0.4 ms]
   [Other: 7.3 ms]
      [Choose CSet: 0.0 ms]
      [Ref Proc: 6.5 ms]
      [Ref Enq: 0.2 ms]
      [Redirty Cards: 0.2 ms]
      [Humongous Register: 0.0 ms]
      [Humongous Reclaim: 0.0 ms]
      [Free CSet: 0.1 ms]
   [Eden: 7040.0M(7040.0M)->0.0B(7088.0M) Survivors: 128.0M->81920.0K Heap: 11009.3M(14336.0M)->3992.3M(14336.0M)]
 [Times: user=0.31 sys=0.00, real=0.03 secs] 
2022-11-02T19:24:52.048-0600: 262992.469: [GC concurrent-root-region-scan-start]
2022-11-02T19:24:52.055-0600: 262992.476: [GC concurrent-root-region-scan-end, 0.0070964 secs]
2022-11-02T19:24:52.055-0600: 262992.476: [GC concurrent-mark-start]
2022-11-02T19:24:52.648-0600: 262993.069: [GC concurrent-mark-end, 0.5928324 secs]
2022-11-02T19:24:52.649-0600: 262993.069: [GC remark 2022-11-02T19:24:52.649-0600: 262993.069: [Finalize Marking, 0.0006558 secs] 2022-11-02T19:24:52.649-0600: 262993.069: [GC ref-proc, 0.0062444 secs] 2022-11-02T19:24:52.655-0600: 262993.076: [Unloading, 0.0203484 secs], 0.0295672 secs]
 [Times: user=0.30 sys=0.00, real=0.03 secs] 
2022-11-02T19:24:52.678-0600: 262993.099: [GC cleanup 4080M->3968M(14336M), 0.0055156 secs]
 [Times: user=0.04 sys=0.00, real=0.01 secs] 
2022-11-02T19:24:52.684-0600: 262993.104: [GC concurrent-cleanup-start]
2022-11-02T19:24:52.684-0600: 262993.104: [GC concurrent-cleanup-end, 0.0000425 secs]
2022-11-02T19:25:58.904-0600: 263059.324: [GC pause (G1 Evacuation Pause) (young), 0.0184527 secs]
   [Parallel Time: 13.4 ms, GC Workers: 14]
      [GC Worker Start (ms): Min: 263059324.1, Avg: 263059324.3, Max: 263059324.4, Diff: 0.3]
      [Ext Root Scanning (ms): Min: 0.1, Avg: 0.7, Max: 4.1, Diff: 4.0, Sum: 9.8]
      [Update RS (ms): Min: 0.0, Avg: 3.9, Max: 6.6, Diff: 6.6, Sum: 54.1]
         [Processed Buffers: Min: 0, Avg: 13.7, Max: 36, Diff: 36, Sum: 192]
      [Scan RS (ms): Min: 0.0, Avg: 0.0, Max: 0.1, Diff: 0.0, Sum: 0.3]
      [Code Root Scanning (ms): Min: 0.0, Avg: 0.0, Max: 0.0, Diff: 0.0, Sum: 0.0]
      [Object Copy (ms): Min: 5.6, Avg: 8.2, Max: 12.7, Diff: 7.1, Sum: 114.5]
      [Termination (ms): Min: 0.0, Avg: 0.2, Max: 0.3, Diff: 0.3, Sum: 3.4]
         [Termination Attempts: Min: 1, Avg: 14.5, Max: 29, Diff: 28, Sum: 203]
      [GC Worker Other (ms): Min: 0.0, Avg: 0.0, Max: 0.0, Diff: 0.0, Sum: 0.1]
      [GC Worker Total (ms): Min: 12.9, Avg: 13.0, Max: 13.2, Diff: 0.4, Sum: 182.1]
      [GC Worker End (ms): Min: 263059337.2, Avg: 263059337.3, Max: 263059337.4, Diff: 0.1]
   [Code Root Fixup: 0.0 ms]
   [Code Root Purge: 0.0 ms]
   [Clear CT: 0.5 ms]
   [Other: 4.6 ms]
      [Choose CSet: 0.0 ms]
      [Ref Proc: 3.7 ms]
      [Ref Enq: 0.2 ms]
      [Redirty Cards: 0.2 ms]
      [Humongous Register: 0.0 ms]
      [Humongous Reclaim: 0.0 ms]
      [Free CSet: 0.1 ms]
   [Eden: 7088.0M(7088.0M)->0.0B(5680.0M) Survivors: 81920.0K->49152.0K Heap: 10968.3M(14336.0M)->3905.0M(14336.0M)]
 [Times: user=0.14 sys=0.00, real=0.02 secs] 
2022-11-02T19:26:49.221-0600: 263109.641: [GC pause (G1 Evacuation Pause) (mixed), 0.0722819 secs]
   [Parallel Time: 67.2 ms, GC Workers: 14]
      [GC Worker Start (ms): Min: 263109641.0, Avg: 263109641.2, Max: 263109641.3, Diff: 0.3]
      [Ext Root Scanning (ms): Min: 0.0, Avg: 2.5, Max: 17.3, Diff: 17.3, Sum: 34.7]
      [Update RS (ms): Min: 0.0, Avg: 2.4, Max: 6.7, Diff: 6.7, Sum: 33.8]
         [Processed Buffers: Min: 0, Avg: 9.1, Max: 20, Diff: 20, Sum: 128]
      [Scan RS (ms): Min: 0.9, Avg: 8.3, Max: 9.3, Diff: 8.5, Sum: 115.9]
      [Code Root Scanning (ms): Min: 0.0, Avg: 0.6, Max: 5.8, Diff: 5.8, Sum: 8.0]
      [Object Copy (ms): Min: 46.0, Avg: 51.7, Max: 54.9, Diff: 8.9, Sum: 724.5]
      [Termination (ms): Min: 0.0, Avg: 0.8, Max: 1.4, Diff: 1.4, Sum: 11.5]
         [Termination Attempts: Min: 1, Avg: 569.4, Max: 806, Diff: 805, Sum: 7971]
      [GC Worker Other (ms): Min: 0.0, Avg: 0.0, Max: 0.0, Diff: 0.0, Sum: 0.1]
      [GC Worker Total (ms): Min: 66.1, Avg: 66.3, Max: 66.8, Diff: 0.7, Sum: 928.4]
      [GC Worker End (ms): Min: 263109707.4, Avg: 263109707.5, Max: 263109708.1, Diff: 0.7]
   [Code Root Fixup: 0.3 ms]
   [Code Root Purge: 0.0 ms]
   [Clear CT: 0.6 ms]
   [Other: 4.3 ms]
      [Choose CSet: 0.1 ms]
      [Ref Proc: 3.0 ms]
      [Ref Enq: 0.2 ms]
      [Redirty Cards: 0.4 ms]
      [Humongous Register: 0.0 ms]
      [Humongous Reclaim: 0.0 ms]
      [Free CSet: 0.4 ms]
   [Eden: 5680.0M(5680.0M)->0.0B(7120.0M) Survivors: 49152.0K->49152.0K Heap: 9585.0M(14336.0M)->3670.2M(14336.0M)]
 [Times: user=0.46 sys=0.10, real=0.07 secs] 
2022-11-02T19:27:50.667-0600: 263171.087: [GC pause (G1 Evacuation Pause) (young), 0.0320824 secs]
   [Parallel Time: 19.0 ms, GC Workers: 14]
      [GC Worker Start (ms): Min: 263171093.9, Avg: 263171094.1, Max: 263171094.2, Diff: 0.3]
      [Ext Root Scanning (ms): Min: 0.1, Avg: 0.7, Max: 4.8, Diff: 4.7, Sum: 10.2]
      [Update RS (ms): Min: 8.2, Avg: 12.6, Max: 17.4, Diff: 9.2, Sum: 176.5]
         [Processed Buffers: Min: 45, Avg: 61.5, Max: 91, Diff: 46, Sum: 861]
      [Scan RS (ms): Min: 0.0, Avg: 0.1, Max: 0.1, Diff: 0.1, Sum: 1.2]
      [Code Root Scanning (ms): Min: 0.0, Avg: 0.0, Max: 0.0, Diff: 0.0, Sum: 0.0]
      [Object Copy (ms): Min: 0.4, Avg: 4.7, Max: 5.5, Diff: 5.1, Sum: 65.5]
      [Termination (ms): Min: 0.0, Avg: 0.2, Max: 0.3, Diff: 0.3, Sum: 2.9]
         [Termination Attempts: Min: 1, Avg: 12.2, Max: 20, Diff: 19, Sum: 171]
      [GC Worker Other (ms): Min: 0.0, Avg: 0.0, Max: 0.1, Diff: 0.1, Sum: 0.3]
      [GC Worker Total (ms): Min: 18.2, Avg: 18.3, Max: 18.5, Diff: 0.3, Sum: 256.7]
      [GC Worker End (ms): Min: 263171112.3, Avg: 263171112.4, Max: 263171112.5, Diff: 0.2]
   [Code Root Fixup: 0.0 ms]
   [Code Root Purge: 0.0 ms]
   [Clear CT: 0.4 ms]
   [Other: 12.6 ms]
      [Choose CSet: 0.0 ms]
      [Ref Proc: 5.0 ms]
      [Ref Enq: 0.2 ms]
      [Redirty Cards: 0.2 ms]
      [Humongous Register: 0.0 ms]
      [Humongous Reclaim: 0.0 ms]
      [Free CSet: 0.2 ms]
   [Eden: 7120.0M(7120.0M)->0.0B(7120.0M) Survivors: 49152.0K->49152.0K Heap: 10790.2M(14336.0M)->3756.9M(14336.0M)]
 [Times: user=0.28 sys=0.00, real=0.03 secs] 
2022-11-02T19:28:41.180-0600: 263221.600: [GC pause (G1 Evacuation Pause) (young) (initial-mark), 0.0447196 secs]
   [Parallel Time: 36.9 ms, GC Workers: 14]
      [GC Worker Start (ms): Min: 263221601.4, Avg: 263221601.6, Max: 263221601.7, Diff: 0.3]
      [Ext Root Scanning (ms): Min: 4.0, Avg: 4.2, Max: 4.4, Diff: 0.3, Sum: 58.7]
      [Update RS (ms): Min: 6.3, Avg: 6.4, Max: 6.7, Diff: 0.4, Sum: 89.8]
         [Processed Buffers: Min: 21, Avg: 31.4, Max: 51, Diff: 30, Sum: 440]
      [Scan RS (ms): Min: 0.0, Avg: 0.0, Max: 0.1, Diff: 0.1, Sum: 0.5]
      [Code Root Scanning (ms): Min: 0.0, Avg: 0.0, Max: 0.0, Diff: 0.0, Sum: 0.0]
      [Object Copy (ms): Min: 24.0, Avg: 24.3, Max: 24.4, Diff: 0.4, Sum: 340.3]
      [Termination (ms): Min: 0.0, Avg: 0.0, Max: 0.0, Diff: 0.0, Sum: 0.4]
         [Termination Attempts: Min: 1, Avg: 55.4, Max: 83, Diff: 82, Sum: 775]
      [GC Worker Other (ms): Min: 0.0, Avg: 0.2, Max: 0.3, Diff: 0.3, Sum: 2.1]
      [GC Worker Total (ms): Min: 34.8, Avg: 35.1, Max: 35.4, Diff: 0.6, Sum: 491.7]
      [GC Worker End (ms): Min: 263221636.6, Avg: 263221636.7, Max: 263221636.9, Diff: 0.3]
   [Code Root Fixup: 0.0 ms]
   [Code Root Purge: 0.0 ms]
   [Clear CT: 0.6 ms]
   [Other: 7.2 ms]
      [Choose CSet: 0.0 ms]
      [Ref Proc: 5.8 ms]
      [Ref Enq: 0.6 ms]
      [Redirty Cards: 0.4 ms]
      [Humongous Register: 0.0 ms]
      [Humongous Reclaim: 0.0 ms]
      [Free CSet: 0.2 ms]
   [Eden: 7120.0M(7120.0M)->0.0B(6960.0M) Survivors: 49152.0K->208.0M Heap: 10876.9M(14336.0M)->3933.0M(14336.0M)]
 [Times: user=0.50 sys=0.00, real=0.05 secs] 
2022-11-02T19:28:41.225-0600: 263221.645: [GC concurrent-root-region-scan-start]
2022-11-02T19:28:41.241-0600: 263221.662: [GC concurrent-root-region-scan-end, 0.0165778 secs]
2022-11-02T19:28:41.241-0600: 263221.662: [GC concurrent-mark-start]
2022-11-02T19:28:41.827-0600: 263222.248: [GC concurrent-mark-end, 0.5859447 secs]
2022-11-02T19:28:41.828-0600: 263222.248: [GC remark 2022-11-02T19:28:41.828-0600: 263222.248: [Finalize Marking, 0.0016446 secs] 2022-11-02T19:28:41.829-0600: 263222.250: [GC ref-proc, 0.0079932 secs] 2022-11-02T19:28:41.837-0600: 263222.258: [Unloading, 0.0199646 secs], 0.0321710 secs]
 [Times: user=0.29 sys=0.00, real=0.03 secs] 
2022-11-02T19:28:41.860-0600: 263222.280: [GC cleanup 4029M->4029M(14336M), 0.0049210 secs]
 [Times: user=0.05 sys=0.00, real=0.01 secs] 
2022-11-02T19:29:44.118-0600: 263284.539: [GC pause (G1 Evacuation Pause) (young), 0.0623512 secs]
   [Parallel Time: 55.4 ms, GC Workers: 14]
      [GC Worker Start (ms): Min: 263284538.7, Avg: 263284538.9, Max: 263284539.0, Diff: 0.3]
      [Ext Root Scanning (ms): Min: 0.2, Avg: 0.9, Max: 7.1, Diff: 6.8, Sum: 12.6]
      [Update RS (ms): Min: 0.0, Avg: 4.7, Max: 5.3, Diff: 5.3, Sum: 66.2]
         [Processed Buffers: Min: 0, Avg: 27.5, Max: 42, Diff: 42, Sum: 385]
      [Scan RS (ms): Min: 0.0, Avg: 0.0, Max: 0.1, Diff: 0.0, Sum: 0.3]
      [Code Root Scanning (ms): Min: 0.0, Avg: 0.0, Max: 0.0, Diff: 0.0, Sum: 0.1]
      [Object Copy (ms): Min: 47.9, Avg: 49.2, Max: 49.4, Diff: 1.5, Sum: 688.6]
      [Termination (ms): Min: 0.0, Avg: 0.2, Max: 0.3, Diff: 0.3, Sum: 2.6]
         [Termination Attempts: Min: 1, Avg: 1.0, Max: 1, Diff: 0, Sum: 14]
      [GC Worker Other (ms): Min: 0.0, Avg: 0.0, Max: 0.0, Diff: 0.0, Sum: 0.1]
      [GC Worker Total (ms): Min: 54.8, Avg: 55.0, Max: 55.2, Diff: 0.4, Sum: 770.5]
      [GC Worker End (ms): Min: 263284593.8, Avg: 263284593.9, Max: 263284594.0, Diff: 0.2]
   [Code Root Fixup: 0.0 ms]
   [Code Root Purge: 0.0 ms]
   [Clear CT: 1.2 ms]
   [Other: 5.8 ms]
      [Choose CSet: 0.0 ms]
      [Ref Proc: 4.9 ms]
      [Ref Enq: 0.2 ms]
      [Redirty Cards: 0.3 ms]
      [Humongous Register: 0.0 ms]
      [Humongous Reclaim: 0.0 ms]
      [Free CSet: 0.2 ms]
   [Eden: 6960.0M(6960.0M)->0.0B(5504.0M) Survivors: 208.0M->224.0M Heap: 10893.0M(14336.0M)->4096.5M(14336.0M)]
 [Times: user=0.38 sys=0.11, real=0.07 secs] 
2022-11-02T19:30:10.677-0600: 263311.097: [GC pause (G1 Evacuation Pause) (mixed), 0.1313880 secs]
   [Parallel Time: 123.1 ms, GC Workers: 14]
      [GC Worker Start (ms): Min: 263311097.5, Avg: 263311097.7, Max: 263311097.9, Diff: 0.4]
      [Ext Root Scanning (ms): Min: 0.1, Avg: 0.6, Max: 4.0, Diff: 3.9, Sum: 8.8]
      [Update RS (ms): Min: 7.1, Avg: 8.8, Max: 14.5, Diff: 7.4, Sum: 123.6]
         [Processed Buffers: Min: 30, Avg: 47.2, Max: 85, Diff: 55, Sum: 661]
      [Scan RS (ms): Min: 3.9, Avg: 4.0, Max: 4.2, Diff: 0.3, Sum: 56.3]
      [Code Root Scanning (ms): Min: 0.0, Avg: 0.0, Max: 0.0, Diff: 0.0, Sum: 0.1]
      [Object Copy (ms): Min: 102.7, Avg: 108.7, Max: 111.6, Diff: 8.9, Sum: 1521.9]
      [Termination (ms): Min: 0.0, Avg: 0.6, Max: 0.7, Diff: 0.7, Sum: 8.7]
         [Termination Attempts: Min: 1, Avg: 38.9, Max: 64, Diff: 63, Sum: 545]
      [GC Worker Other (ms): Min: 0.0, Avg: 0.0, Max: 0.0, Diff: 0.0, Sum: 0.1]
      [GC Worker Total (ms): Min: 122.6, Avg: 122.8, Max: 123.0, Diff: 0.4, Sum: 1719.6]
      [GC Worker End (ms): Min: 263311220.5, Avg: 263311220.5, Max: 263311220.6, Diff: 0.1]
   [Code Root Fixup: 0.0 ms]
   [Code Root Purge: 0.0 ms]
   [Clear CT: 0.7 ms]
   [Other: 7.6 ms]
      [Choose CSet: 0.1 ms]
      [Ref Proc: 5.8 ms]
      [Ref Enq: 0.2 ms]
      [Redirty Cards: 0.7 ms]
      [Humongous Register: 0.0 ms]
      [Humongous Reclaim: 0.0 ms]
      [Free CSet: 0.4 ms]
   [Eden: 5504.0M(5504.0M)->0.0B(6976.0M) Survivors: 224.0M->192.0M Heap: 9600.5M(14336.0M)->4127.0M(14336.0M)]
 [Times: user=0.78 sys=0.38, real=0.13 secs] 
2022-11-02T19:31:12.169-0600: 263372.589: [GC pause (G1 Evacuation Pause) (young), 0.0475432 secs]
   [Parallel Time: 41.9 ms, GC Workers: 14]
      [GC Worker Start (ms): Min: 263372589.1, Avg: 263372589.2, Max: 263372589.4, Diff: 0.3]
      [Ext Root Scanning (ms): Min: 0.3, Avg: 0.8, Max: 4.9, Diff: 4.6, Sum: 11.1]
      [Update RS (ms): Min: 9.6, Avg: 14.8, Max: 17.0, Diff: 7.4, Sum: 207.7]
         [Processed Buffers: Min: 27, Avg: 53.5, Max: 72, Diff: 45, Sum: 749]
      [Scan RS (ms): Min: 0.8, Avg: 1.0, Max: 1.1, Diff: 0.3, Sum: 14.5]
      [Code Root Scanning (ms): Min: 0.0, Avg: 0.0, Max: 0.0, Diff: 0.0, Sum: 0.0]
      [Object Copy (ms): Min: 22.9, Avg: 24.5, Max: 30.2, Diff: 7.4, Sum: 342.5]
      [Termination (ms): Min: 0.0, Avg: 0.2, Max: 0.3, Diff: 0.3, Sum: 3.2]
         [Termination Attempts: Min: 1, Avg: 8.2, Max: 13, Diff: 12, Sum: 115]
      [GC Worker Other (ms): Min: 0.0, Avg: 0.0, Max: 0.0, Diff: 0.0, Sum: 0.2]
      [GC Worker Total (ms): Min: 41.2, Avg: 41.4, Max: 41.5, Diff: 0.4, Sum: 579.2]
      [GC Worker End (ms): Min: 263372630.5, Avg: 263372630.6, Max: 263372630.7, Diff: 0.2]
   [Code Root Fixup: 0.0 ms]
   [Code Root Purge: 0.0 ms]
   [Clear CT: 0.4 ms]
   [Other: 5.2 ms]
      [Choose CSet: 0.0 ms]
      [Ref Proc: 4.3 ms]
      [Ref Enq: 0.2 ms]
      [Redirty Cards: 0.2 ms]
      [Humongous Register: 0.0 ms]
      [Humongous Reclaim: 0.0 ms]
      [Free CSet: 0.1 ms]
   [Eden: 6976.0M(6976.0M)->0.0B(6944.0M) Survivors: 192.0M->224.0M Heap: 11103.0M(14336.0M)->4391.5M(14336.0M)]
 [Times: user=0.56 sys=0.00, real=0.05 secs] 
2022-11-02T19:32:18.617-0600: 263439.037: [GC pause (G1 Evacuation Pause) (young) (initial-mark), 0.0370381 secs]
   [Parallel Time: 29.4 ms, GC Workers: 14]
      [GC Worker Start (ms): Min: 263439038.4, Avg: 263439038.5, Max: 263439038.7, Diff: 0.3]
      [Ext Root Scanning (ms): Min: 4.5, Avg: 4.6, Max: 4.8, Diff: 0.4, Sum: 65.0]
      [Update RS (ms): Min: 18.9, Avg: 19.0, Max: 19.3, Diff: 0.4, Sum: 266.4]
         [Processed Buffers: Min: 44, Avg: 50.5, Max: 64, Diff: 20, Sum: 707]
      [Scan RS (ms): Min: 0.0, Avg: 0.0, Max: 0.1, Diff: 0.0, Sum: 0.4]
      [Code Root Scanning (ms): Min: 0.0, Avg: 0.0, Max: 0.0, Diff: 0.0, Sum: 0.0]
      [Object Copy (ms): Min: 3.8, Avg: 4.0, Max: 4.1, Diff: 0.4, Sum: 56.1]
      [Termination (ms): Min: 0.0, Avg: 0.0, Max: 0.0, Diff: 0.0, Sum: 0.2]
         [Termination Attempts: Min: 1, Avg: 32.1, Max: 47, Diff: 46, Sum: 449]
      [GC Worker Other (ms): Min: 0.0, Avg: 0.1, Max: 0.3, Diff: 0.3, Sum: 1.4]
      [GC Worker Total (ms): Min: 27.6, Avg: 27.8, Max: 28.0, Diff: 0.5, Sum: 389.6]
      [GC Worker End (ms): Min: 263439066.3, Avg: 263439066.4, Max: 263439066.6, Diff: 0.3]
   [Code Root Fixup: 0.0 ms]
   [Code Root Purge: 0.0 ms]
   [Clear CT: 0.4 ms]
   [Other: 7.3 ms]
      [Choose CSet: 0.0 ms]
      [Ref Proc: 6.6 ms]
      [Ref Enq: 0.2 ms]
      [Redirty Cards: 0.2 ms]
      [Humongous Register: 0.0 ms]
      [Humongous Reclaim: 0.0 ms]
      [Free CSet: 0.1 ms]
   [Eden: 6944.0M(6944.0M)->0.0B(7072.0M) Survivors: 224.0M->98304.0K Heap: 11335.5M(14336.0M)->4373.5M(14336.0M)]
 [Times: user=0.40 sys=0.00, real=0.04 secs] 
2022-11-02T19:32:18.654-0600: 263439.074: [GC concurrent-root-region-scan-start]
2022-11-02T19:32:18.662-0600: 263439.082: [GC concurrent-root-region-scan-end, 0.0077687 secs]
2022-11-02T19:32:18.662-0600: 263439.082: [GC concurrent-mark-start]
2022-11-02T19:32:19.296-0600: 263439.716: [GC concurrent-mark-end, 0.6337378 secs]
2022-11-02T19:32:19.296-0600: 263439.716: [GC remark 2022-11-02T19:32:19.296-0600: 263439.716: [Finalize Marking, 0.0042850 secs] 2022-11-02T19:32:19.300-0600: 263439.720: [GC ref-proc, 0.0083992 secs] 2022-11-02T19:32:19.308-0600: 263439.729: [Unloading, 0.0221798 secs], 0.0373037 secs]
 [Times: user=0.34 sys=0.00, real=0.04 secs] 
2022-11-02T19:32:19.333-0600: 263439.754: [GC cleanup 4477M->4365M(14336M), 0.0057068 secs]
 [Times: user=0.06 sys=0.00, real=0.00 secs] 
2022-11-02T19:32:19.339-0600: 263439.759: [GC concurrent-cleanup-start]
2022-11-02T19:32:19.339-0600: 263439.759: [GC concurrent-cleanup-end, 0.0000687 secs]
2022-11-02T19:33:18.366-0600: 263498.786: [GC pause (G1 Evacuation Pause) (young), 0.0264760 secs]
   [Parallel Time: 19.1 ms, GC Workers: 14]
      [GC Worker Start (ms): Min: 263498786.1, Avg: 263498786.2, Max: 263498786.3, Diff: 0.2]
      [Ext Root Scanning (ms): Min: 0.3, Avg: 0.8, Max: 5.1, Diff: 4.8, Sum: 10.9]
      [Update RS (ms): Min: 4.1, Avg: 8.7, Max: 14.5, Diff: 10.4, Sum: 122.2]
         [Processed Buffers: Min: 32, Avg: 48.7, Max: 71, Diff: 39, Sum: 682]
      [Scan RS (ms): Min: 0.0, Avg: 0.0, Max: 0.1, Diff: 0.1, Sum: 0.5]
      [Code Root Scanning (ms): Min: 0.0, Avg: 0.0, Max: 0.0, Diff: 0.0, Sum: 0.0]
      [Object Copy (ms): Min: 1.0, Avg: 7.5, Max: 9.4, Diff: 8.4, Sum: 104.5]
      [Termination (ms): Min: 0.0, Avg: 1.5, Max: 2.7, Diff: 2.7, Sum: 20.8]
         [Termination Attempts: Min: 1, Avg: 11.9, Max: 25, Diff: 24, Sum: 166]
      [GC Worker Other (ms): Min: 0.0, Avg: 0.0, Max: 0.0, Diff: 0.0, Sum: 0.1]
      [GC Worker Total (ms): Min: 18.4, Avg: 18.5, Max: 18.6, Diff: 0.3, Sum: 259.1]
      [GC Worker End (ms): Min: 263498804.7, Avg: 263498804.7, Max: 263498804.8, Diff: 0.1]
   [Code Root Fixup: 0.0 ms]
   [Code Root Purge: 0.0 ms]
   [Clear CT: 1.0 ms]
   [Other: 6.3 ms]
      [Choose CSet: 0.0 ms]
      [Ref Proc: 5.1 ms]
      [Ref Enq: 0.2 ms]
      [Redirty Cards: 0.3 ms]
      [Humongous Register: 0.0 ms]
      [Humongous Reclaim: 0.0 ms]
      [Free CSet: 0.3 ms]
   [Eden: 7072.0M(7072.0M)->0.0B(5680.0M) Survivors: 98304.0K->49152.0K Heap: 11333.5M(14336.0M)->4262.1M(14336.0M)]
 [Times: user=0.24 sys=0.00, real=0.03 secs] 
2022-11-02T19:34:04.228-0600: 263544.649: [GC pause (G1 Evacuation Pause) (mixed), 0.1411901 secs]
   [Parallel Time: 134.0 ms, GC Workers: 14]
      [GC Worker Start (ms): Min: 263544654.6, Avg: 263544654.8, Max: 263544655.0, Diff: 0.3]
      [Ext Root Scanning (ms): Min: 0.1, Avg: 1.5, Max: 16.2, Diff: 16.1, Sum: 21.2]
      [Update RS (ms): Min: 0.0, Avg: 5.1, Max: 9.6, Diff: 9.6, Sum: 71.2]
         [Processed Buffers: Min: 0, Avg: 49.6, Max: 140, Diff: 140, Sum: 694]
      [Scan RS (ms): Min: 0.0, Avg: 3.8, Max: 4.1, Diff: 4.1, Sum: 52.8]
      [Code Root Scanning (ms): Min: 0.0, Avg: 0.0, Max: 0.1, Diff: 0.1, Sum: 0.3]
      [Object Copy (ms): Min: 110.9, Avg: 116.9, Max: 120.3, Diff: 9.4, Sum: 1636.6]
      [Termination (ms): Min: 0.0, Avg: 0.8, Max: 1.2, Diff: 1.2, Sum: 10.6]
         [Termination Attempts: Min: 1, Avg: 1.0, Max: 1, Diff: 0, Sum: 14]
      [GC Worker Other (ms): Min: 0.0, Avg: 0.0, Max: 0.0, Diff: 0.0, Sum: 0.1]
      [GC Worker Total (ms): Min: 127.9, Avg: 128.1, Max: 128.3, Diff: 0.4, Sum: 1792.8]
      [GC Worker End (ms): Min: 263544782.8, Avg: 263544782.8, Max: 263544782.9, Diff: 0.1]
   [Code Root Fixup: 0.0 ms]
   [Code Root Purge: 0.0 ms]
   [Clear CT: 1.4 ms]
   [Other: 5.7 ms]
      [Choose CSet: 0.1 ms]
      [Ref Proc: 4.0 ms]
      [Ref Enq: 0.2 ms]
      [Redirty Cards: 0.4 ms]
      [Humongous Register: 0.0 ms]
      [Humongous Reclaim: 0.0 ms]
      [Free CSet: 0.7 ms]
   [Eden: 5680.0M(5680.0M)->0.0B(7088.0M) Survivors: 49152.0K->81920.0K Heap: 9942.1M(14336.0M)->3703.0M(14336.0M)]
 [Times: user=0.38 sys=0.39, real=0.14 secs] 
2022-11-02T19:34:50.961-0600: 263591.381: [GC pause (G1 Evacuation Pause) (young), 0.0610193 secs]
   [Parallel Time: 53.9 ms, GC Workers: 14]
      [GC Worker Start (ms): Min: 263591381.2, Avg: 263591381.4, Max: 263591381.5, Diff: 0.3]
      [Ext Root Scanning (ms): Min: 0.3, Avg: 0.8, Max: 4.5, Diff: 4.2, Sum: 11.5]
      [Update RS (ms): Min: 9.1, Avg: 12.6, Max: 13.1, Diff: 4.0, Sum: 176.8]
         [Processed Buffers: Min: 48, Avg: 58.6, Max: 76, Diff: 28, Sum: 820]
      [Scan RS (ms): Min: 0.1, Avg: 0.2, Max: 0.3, Diff: 0.2, Sum: 3.4]
      [Code Root Scanning (ms): Min: 0.0, Avg: 0.0, Max: 0.0, Diff: 0.0, Sum: 0.0]
      [Object Copy (ms): Min: 39.5, Avg: 39.5, Max: 39.6, Diff: 0.1, Sum: 553.4]
      [Termination (ms): Min: 0.0, Avg: 0.0, Max: 0.0, Diff: 0.0, Sum: 0.1]
         [Termination Attempts: Min: 1, Avg: 2.0, Max: 4, Diff: 3, Sum: 28]
      [GC Worker Other (ms): Min: 0.0, Avg: 0.1, Max: 0.2, Diff: 0.1, Sum: 0.9]
      [GC Worker Total (ms): Min: 53.2, Avg: 53.3, Max: 53.4, Diff: 0.3, Sum: 746.1]
      [GC Worker End (ms): Min: 263591434.6, Avg: 263591434.7, Max: 263591434.8, Diff: 0.1]
   [Code Root Fixup: 0.0 ms]
   [Code Root Purge: 0.0 ms]
   [Clear CT: 0.3 ms]
   [Other: 6.8 ms]
      [Choose CSet: 0.0 ms]
      [Ref Proc: 5.9 ms]
      [Ref Enq: 0.3 ms]
      [Redirty Cards: 0.2 ms]
      [Humongous Register: 0.0 ms]
      [Humongous Reclaim: 0.0 ms]
      [Free CSet: 0.2 ms]
   [Eden: 7088.0M(7088.0M)->0.0B(6944.0M) Survivors: 81920.0K->224.0M Heap: 10791.0M(14336.0M)->4088.0M(14336.0M)]
 [Times: user=0.65 sys=0.00, real=0.06 secs] 
2022-11-02T19:35:29.216-0600: 263629.637: [GC pause (G1 Evacuation Pause) (young) (initial-mark), 0.0508362 secs]
   [Parallel Time: 44.0 ms, GC Workers: 14]
      [GC Worker Start (ms): Min: 263629638.4, Avg: 263629638.5, Max: 263629638.7, Diff: 0.2]
      [Ext Root Scanning (ms): Min: 4.2, Avg: 4.3, Max: 4.5, Diff: 0.3, Sum: 60.6]
      [Update RS (ms): Min: 8.7, Avg: 8.8, Max: 9.4, Diff: 0.8, Sum: 123.7]
         [Processed Buffers: Min: 23, Avg: 30.7, Max: 41, Diff: 18, Sum: 430]
      [Scan RS (ms): Min: 0.0, Avg: 0.0, Max: 0.1, Diff: 0.0, Sum: 0.4]
      [Code Root Scanning (ms): Min: 0.0, Avg: 0.0, Max: 0.0, Diff: 0.0, Sum: 0.0]
      [Object Copy (ms): Min: 28.1, Avg: 28.7, Max: 28.9, Diff: 0.7, Sum: 401.5]
      [Termination (ms): Min: 0.0, Avg: 0.0, Max: 0.0, Diff: 0.0, Sum: 0.3]
         [Termination Attempts: Min: 1, Avg: 53.7, Max: 81, Diff: 80, Sum: 752]
      [GC Worker Other (ms): Min: 0.0, Avg: 0.1, Max: 0.2, Diff: 0.2, Sum: 0.8]
      [GC Worker Total (ms): Min: 41.8, Avg: 42.0, Max: 42.1, Diff: 0.3, Sum: 587.3]
      [GC Worker End (ms): Min: 263629680.4, Avg: 263629680.5, Max: 263629680.6, Diff: 0.2]
   [Code Root Fixup: 0.0 ms]
   [Code Root Purge: 0.0 ms]
   [Clear CT: 0.3 ms]
   [Other: 6.5 ms]
      [Choose CSet: 0.0 ms]
      [Ref Proc: 5.6 ms]
      [Ref Enq: 0.3 ms]
      [Redirty Cards: 0.3 ms]
      [Humongous Register: 0.0 ms]
      [Humongous Reclaim: 0.0 ms]
      [Free CSet: 0.2 ms]
   [Eden: 6944.0M(6944.0M)->0.0B(6944.0M) Survivors: 224.0M->224.0M Heap: 11032.0M(14336.0M)->4255.3M(14336.0M)]
 [Times: user=0.59 sys=0.00, real=0.05 secs] 
2022-11-02T19:35:29.267-0600: 263629.688: [GC concurrent-root-region-scan-start]
2022-11-02T19:35:29.281-0600: 263629.701: [GC concurrent-root-region-scan-end, 0.0137912 secs]
2022-11-02T19:35:29.281-0600: 263629.702: [GC concurrent-mark-start]
2022-11-02T19:35:29.866-0600: 263630.286: [GC concurrent-mark-end, 0.5844919 secs]
2022-11-02T19:35:29.866-0600: 263630.286: [GC remark 2022-11-02T19:35:29.866-0600: 263630.286: [Finalize Marking, 0.0007574 secs] 2022-11-02T19:35:29.867-0600: 263630.287: [GC ref-proc, 0.0085054 secs] 2022-11-02T19:35:29.875-0600: 263630.296: [Unloading, 0.0220345 secs], 0.0337765 secs]
 [Times: user=0.32 sys=0.00, real=0.03 secs] 
2022-11-02T19:35:29.900-0600: 263630.320: [GC cleanup 4351M->4239M(14336M), 0.0053661 secs]
 [Times: user=0.05 sys=0.00, real=0.01 secs] 
2022-11-02T19:35:29.906-0600: 263630.326: [GC concurrent-cleanup-start]
2022-11-02T19:35:29.906-0600: 263630.326: [GC concurrent-cleanup-end, 0.0000603 secs]
2022-11-02T19:36:02.897-0600: 263663.317: [GC pause (G1 Evacuation Pause) (young), 0.0693540 secs]
   [Parallel Time: 60.6 ms, GC Workers: 14]
      [GC Worker Start (ms): Min: 263663317.2, Avg: 263663317.3, Max: 263663317.4, Diff: 0.2]
      [Ext Root Scanning (ms): Min: 0.4, Avg: 1.0, Max: 6.4, Diff: 6.0, Sum: 14.1]
      [Update RS (ms): Min: 11.2, Avg: 16.3, Max: 17.1, Diff: 5.9, Sum: 228.9]
         [Processed Buffers: Min: 37, Avg: 47.8, Max: 67, Diff: 30, Sum: 669]
      [Scan RS (ms): Min: 0.0, Avg: 0.0, Max: 0.1, Diff: 0.1, Sum: 0.4]
      [Code Root Scanning (ms): Min: 0.0, Avg: 0.0, Max: 0.0, Diff: 0.0, Sum: 0.0]
      [Object Copy (ms): Min: 42.6, Avg: 42.8, Max: 43.1, Diff: 0.5, Sum: 599.3]
      [Termination (ms): Min: 0.0, Avg: 0.1, Max: 0.1, Diff: 0.1, Sum: 1.0]
         [Termination Attempts: Min: 1, Avg: 14.0, Max: 20, Diff: 19, Sum: 196]
      [GC Worker Other (ms): Min: 0.0, Avg: 0.0, Max: 0.0, Diff: 0.0, Sum: 0.2]
      [GC Worker Total (ms): Min: 60.2, Avg: 60.3, Max: 60.4, Diff: 0.2, Sum: 843.9]
      [GC Worker End (ms): Min: 263663377.6, Avg: 263663377.6, Max: 263663377.6, Diff: 0.0]
   [Code Root Fixup: 0.0 ms]
   [Code Root Purge: 0.0 ms]
   [Clear CT: 0.6 ms]
   [Other: 8.1 ms]
      [Choose CSet: 0.0 ms]
      [Ref Proc: 7.1 ms]
      [Ref Enq: 0.2 ms]
      [Redirty Cards: 0.5 ms]
      [Humongous Register: 0.0 ms]
      [Humongous Reclaim: 0.0 ms]
      [Free CSet: 0.1 ms]
   [Eden: 6944.0M(6944.0M)->0.0B(5504.0M) Survivors: 224.0M->224.0M Heap: 11087.3M(14336.0M)->4318.6M(14336.0M)]
 [Times: user=0.83 sys=0.00, real=0.07 secs] 
2022-11-02T19:36:42.176-0600: 263702.597: [GC pause (G1 Evacuation Pause) (mixed), 0.1152497 secs]
   [Parallel Time: 109.1 ms, GC Workers: 14]
      [GC Worker Start (ms): Min: 263702596.7, Avg: 263702596.9, Max: 263702597.0, Diff: 0.2]
      [Ext Root Scanning (ms): Min: 0.3, Avg: 0.9, Max: 7.3, Diff: 7.0, Sum: 12.6]
      [Update RS (ms): Min: 2.0, Avg: 7.9, Max: 8.5, Diff: 6.5, Sum: 111.2]
         [Processed Buffers: Min: 5, Avg: 35.9, Max: 52, Diff: 47, Sum: 502]
      [Scan RS (ms): Min: 4.0, Avg: 5.5, Max: 8.4, Diff: 4.4, Sum: 76.5]
      [Code Root Scanning (ms): Min: 0.0, Avg: 0.1, Max: 1.1, Diff: 1.1, Sum: 1.2]
      [Object Copy (ms): Min: 91.2, Avg: 94.3, Max: 95.8, Diff: 4.6, Sum: 1320.1]
      [Termination (ms): Min: 0.0, Avg: 0.1, Max: 0.2, Diff: 0.2, Sum: 1.7]
         [Termination Attempts: Min: 1, Avg: 1.0, Max: 1, Diff: 0, Sum: 14]
      [GC Worker Other (ms): Min: 0.0, Avg: 0.0, Max: 0.0, Diff: 0.0, Sum: 0.1]
      [GC Worker Total (ms): Min: 108.7, Avg: 108.8, Max: 109.0, Diff: 0.3, Sum: 1523.4]
      [GC Worker End (ms): Min: 263702705.6, Avg: 263702705.7, Max: 263702705.7, Diff: 0.1]
   [Code Root Fixup: 0.0 ms]
   [Code Root Purge: 0.0 ms]
   [Clear CT: 0.7 ms]
   [Other: 5.4 ms]
      [Choose CSet: 0.1 ms]
      [Ref Proc: 3.9 ms]
      [Ref Enq: 0.2 ms]
      [Redirty Cards: 0.6 ms]
      [Humongous Register: 0.0 ms]
      [Humongous Reclaim: 0.0 ms]
      [Free CSet: 0.3 ms]
   [Eden: 5504.0M(5504.0M)->0.0B(6976.0M) Survivors: 224.0M->192.0M Heap: 9822.6M(14336.0M)->4107.0M(14336.0M)]
 [Times: user=0.99 sys=0.15, real=0.11 secs] 
2022-11-02T19:37:53.972-0600: 263774.392: [GC pause (G1 Evacuation Pause) (young), 0.0448687 secs]
   [Parallel Time: 36.7 ms, GC Workers: 14]
      [GC Worker Start (ms): Min: 263774392.3, Avg: 263774392.4, Max: 263774392.6, Diff: 0.3]
      [Ext Root Scanning (ms): Min: 0.3, Avg: 1.0, Max: 5.6, Diff: 5.3, Sum: 13.4]
      [Update RS (ms): Min: 4.4, Avg: 9.9, Max: 16.6, Diff: 12.3, Sum: 138.1]
         [Processed Buffers: Min: 7, Avg: 51.4, Max: 83, Diff: 76, Sum: 719]
      [Scan RS (ms): Min: 0.0, Avg: 3.2, Max: 4.1, Diff: 4.0, Sum: 44.7]
      [Code Root Scanning (ms): Min: 0.0, Avg: 0.0, Max: 0.0, Diff: 0.0, Sum: 0.0]
      [Object Copy (ms): Min: 18.8, Avg: 21.9, Max: 22.3, Diff: 3.5, Sum: 307.3]
      [Termination (ms): Min: 0.0, Avg: 0.0, Max: 0.0, Diff: 0.0, Sum: 0.2]
         [Termination Attempts: Min: 1, Avg: 40.2, Max: 62, Diff: 61, Sum: 563]
      [GC Worker Other (ms): Min: 0.0, Avg: 0.1, Max: 0.2, Diff: 0.2, Sum: 1.1]
      [GC Worker Total (ms): Min: 35.9, Avg: 36.1, Max: 36.3, Diff: 0.4, Sum: 504.7]
      [GC Worker End (ms): Min: 263774428.4, Avg: 263774428.5, Max: 263774428.6, Diff: 0.2]
   [Code Root Fixup: 0.0 ms]
   [Code Root Purge: 0.0 ms]
   [Clear CT: 0.5 ms]
   [Other: 7.6 ms]
      [Choose CSet: 0.0 ms]
      [Ref Proc: 6.4 ms]
      [Ref Enq: 0.2 ms]
      [Redirty Cards: 0.5 ms]
      [Humongous Register: 0.0 ms]
      [Humongous Reclaim: 0.0 ms]
      [Free CSet: 0.2 ms]
   [Eden: 6976.0M(6976.0M)->0.0B(6944.0M) Survivors: 192.0M->224.0M Heap: 11083.0M(14336.0M)->4312.0M(14336.0M)]
 [Times: user=0.51 sys=0.00, real=0.05 secs] 
2022-11-02T19:39:17.271-0600: 263857.691: [GC pause (G1 Evacuation Pause) (young) (initial-mark), 0.0382467 secs]
   [Parallel Time: 29.4 ms, GC Workers: 14]
      [GC Worker Start (ms): Min: 263857692.8, Avg: 263857692.9, Max: 263857693.1, Diff: 0.3]
      [Ext Root Scanning (ms): Min: 3.9, Avg: 4.1, Max: 4.2, Diff: 0.4, Sum: 56.8]
      [Update RS (ms): Min: 8.7, Avg: 10.1, Max: 17.1, Diff: 8.3, Sum: 142.1]
         [Processed Buffers: Min: 27, Avg: 47.2, Max: 71, Diff: 44, Sum: 661]
      [Scan RS (ms): Min: 0.0, Avg: 4.8, Max: 6.4, Diff: 6.4, Sum: 67.1]
      [Code Root Scanning (ms): Min: 0.0, Avg: 0.0, Max: 0.0, Diff: 0.0, Sum: 0.0]
      [Object Copy (ms): Min: 5.7, Avg: 7.8, Max: 8.1, Diff: 2.4, Sum: 109.6]
      [Termination (ms): Min: 0.0, Avg: 0.0, Max: 0.0, Diff: 0.0, Sum: 0.2]
         [Termination Attempts: Min: 1, Avg: 18.6, Max: 26, Diff: 25, Sum: 260]
      [GC Worker Other (ms): Min: 0.0, Avg: 0.1, Max: 0.2, Diff: 0.2, Sum: 0.9]
      [GC Worker Total (ms): Min: 26.7, Avg: 26.9, Max: 27.2, Diff: 0.5, Sum: 376.7]
      [GC Worker End (ms): Min: 263857719.7, Avg: 263857719.8, Max: 263857720.0, Diff: 0.2]
   [Code Root Fixup: 0.0 ms]
   [Code Root Purge: 0.0 ms]
   [Clear CT: 0.5 ms]
   [Other: 8.4 ms]
      [Choose CSet: 0.0 ms]
      [Ref Proc: 6.9 ms]
      [Ref Enq: 0.6 ms]
      [Redirty Cards: 0.4 ms]
      [Humongous Register: 0.0 ms]
      [Humongous Reclaim: 0.0 ms]
      [Free CSet: 0.2 ms]
   [Eden: 6944.0M(6944.0M)->0.0B(7088.0M) Survivors: 224.0M->81920.0K Heap: 11256.0M(14336.0M)->4289.4M(14336.0M)]
 [Times: user=0.39 sys=0.00, real=0.04 secs] 
2022-11-02T19:39:17.309-0600: 263857.730: [GC concurrent-root-region-scan-start]
2022-11-02T19:39:17.323-0600: 263857.743: [GC concurrent-root-region-scan-end, 0.0138643 secs]
2022-11-02T19:39:17.323-0600: 263857.743: [GC concurrent-mark-start]
2022-11-02T19:39:18.019-0600: 263858.440: [GC concurrent-mark-end, 0.6962961 secs]
2022-11-02T19:39:18.020-0600: 263858.440: [GC remark 2022-11-02T19:39:18.020-0600: 263858.440: [Finalize Marking, 0.0007584 secs] 2022-11-02T19:39:18.021-0600: 263858.441: [GC ref-proc, 0.0071152 secs] 2022-11-02T19:39:18.028-0600: 263858.448: [Unloading, 0.0209004 secs], 0.0313285 secs]
 [Times: user=0.31 sys=0.00, real=0.03 secs] 
2022-11-02T19:39:18.051-0600: 263858.472: [GC cleanup 4353M->4241M(14336M), 0.0077540 secs]
 [Times: user=0.06 sys=0.00, real=0.01 secs] 
2022-11-02T19:39:18.059-0600: 263858.480: [GC concurrent-cleanup-start]
2022-11-02T19:39:18.059-0600: 263858.480: [GC concurrent-cleanup-end, 0.0000452 secs]
2022-11-02T19:40:39.658-0600: 263940.078: [GC pause (G1 Evacuation Pause) (young), 0.0368465 secs]
   [Parallel Time: 25.1 ms, GC Workers: 14]
      [GC Worker Start (ms): Min: 263940078.2, Avg: 263940078.3, Max: 263940078.5, Diff: 0.3]
      [Ext Root Scanning (ms): Min: 0.3, Avg: 1.0, Max: 7.9, Diff: 7.6, Sum: 14.6]
      [Update RS (ms): Min: 2.3, Avg: 9.1, Max: 10.2, Diff: 7.9, Sum: 128.0]
         [Processed Buffers: Min: 10, Avg: 46.8, Max: 66, Diff: 56, Sum: 655]
      [Scan RS (ms): Min: 0.7, Avg: 1.3, Max: 2.3, Diff: 1.6, Sum: 18.4]
      [Code Root Scanning (ms): Min: 0.0, Avg: 0.0, Max: 0.1, Diff: 0.1, Sum: 0.1]
      [Object Copy (ms): Min: 11.3, Avg: 12.2, Max: 12.3, Diff: 1.1, Sum: 170.4]
      [Termination (ms): Min: 0.0, Avg: 0.0, Max: 0.0, Diff: 0.0, Sum: 0.0]
         [Termination Attempts: Min: 1, Avg: 3.8, Max: 6, Diff: 5, Sum: 53]
      [GC Worker Other (ms): Min: 0.0, Avg: 0.2, Max: 0.8, Diff: 0.8, Sum: 2.8]
      [GC Worker Total (ms): Min: 23.6, Avg: 23.9, Max: 24.6, Diff: 1.0, Sum: 334.3]
      [GC Worker End (ms): Min: 263940102.0, Avg: 263940102.2, Max: 263940102.8, Diff: 0.8]
   [Code Root Fixup: 0.0 ms]
   [Code Root Purge: 0.0 ms]
   [Clear CT: 0.5 ms]
   [Other: 11.2 ms]
      [Choose CSet: 0.0 ms]
      [Ref Proc: 10.4 ms]
      [Ref Enq: 0.2 ms]
      [Redirty Cards: 0.3 ms]
      [Humongous Register: 0.0 ms]
      [Humongous Reclaim: 0.0 ms]
      [Free CSet: 0.2 ms]
   [Eden: 7088.0M(7088.0M)->0.0B(5632.0M) Survivors: 81920.0K->98304.0K Heap: 11265.4M(14336.0M)->4224.3M(14336.0M)]
 [Times: user=0.37 sys=0.00, real=0.04 secs] 
2022-11-02T19:41:03.865-0600: 263964.285: [GC pause (G1 Evacuation Pause) (mixed), 0.0922138 secs]
   [Parallel Time: 86.5 ms, GC Workers: 14]
      [GC Worker Start (ms): Min: 263964285.7, Avg: 263964285.9, Max: 263964286.0, Diff: 0.3]
      [Ext Root Scanning (ms): Min: 0.3, Avg: 1.0, Max: 8.2, Diff: 8.0, Sum: 14.2]
      [Update RS (ms): Min: 0.0, Avg: 3.8, Max: 4.3, Diff: 4.3, Sum: 53.6]
         [Processed Buffers: Min: 0, Avg: 33.1, Max: 51, Diff: 51, Sum: 463]
      [Scan RS (ms): Min: 7.4, Avg: 10.6, Max: 11.1, Diff: 3.7, Sum: 147.9]
      [Code Root Scanning (ms): Min: 0.0, Avg: 0.1, Max: 0.8, Diff: 0.8, Sum: 1.0]
      [Object Copy (ms): Min: 62.3, Avg: 63.2, Max: 70.4, Diff: 8.1, Sum: 884.2]
      [Termination (ms): Min: 0.0, Avg: 7.3, Max: 7.9, Diff: 7.9, Sum: 101.7]
         [Termination Attempts: Min: 1, Avg: 22.9, Max: 33, Diff: 32, Sum: 320]
      [GC Worker Other (ms): Min: 0.0, Avg: 0.0, Max: 0.0, Diff: 0.0, Sum: 0.1]
      [GC Worker Total (ms): Min: 85.8, Avg: 85.9, Max: 86.1, Diff: 0.3, Sum: 1202.8]
      [GC Worker End (ms): Min: 263964371.7, Avg: 263964371.8, Max: 263964371.8, Diff: 0.1]
   [Code Root Fixup: 0.0 ms]
   [Code Root Purge: 0.0 ms]
   [Clear CT: 0.4 ms]
   [Other: 5.3 ms]
      [Choose CSet: 0.1 ms]
      [Ref Proc: 3.6 ms]
      [Ref Enq: 0.4 ms]
      [Redirty Cards: 0.5 ms]
      [Humongous Register: 0.0 ms]
      [Humongous Reclaim: 0.0 ms]
      [Free CSet: 0.5 ms]
   [Eden: 5632.0M(5632.0M)->0.0B(6976.0M) Survivors: 98304.0K->192.0M Heap: 9856.3M(14336.0M)->3948.8M(14336.0M)]
 [Times: user=1.07 sys=0.00, real=0.09 secs] 
2022-11-02T19:41:32.606-0600: 263993.026: [GC pause (G1 Evacuation Pause) (young), 0.0670997 secs]
   [Parallel Time: 61.5 ms, GC Workers: 14]
      [GC Worker Start (ms): Min: 263993026.4, Avg: 263993026.5, Max: 263993026.6, Diff: 0.2]
      [Ext Root Scanning (ms): Min: 0.4, Avg: 1.4, Max: 13.3, Diff: 12.9, Sum: 20.2]
      [Update RS (ms): Min: 0.8, Avg: 12.1, Max: 13.4, Diff: 12.6, Sum: 169.6]
         [Processed Buffers: Min: 3, Avg: 49.2, Max: 73, Diff: 70, Sum: 689]
      [Scan RS (ms): Min: 0.1, Avg: 0.4, Max: 0.6, Diff: 0.5, Sum: 5.5]
      [Code Root Scanning (ms): Min: 0.0, Avg: 0.0, Max: 0.0, Diff: 0.0, Sum: 0.0]
      [Object Copy (ms): Min: 47.0, Avg: 47.1, Max: 47.2, Diff: 0.2, Sum: 658.8]
      [Termination (ms): Min: 0.0, Avg: 0.1, Max: 0.2, Diff: 0.2, Sum: 2.0]
         [Termination Attempts: Min: 19, Avg: 25.5, Max: 32, Diff: 13, Sum: 357]
      [GC Worker Other (ms): Min: 0.0, Avg: 0.0, Max: 0.1, Diff: 0.1, Sum: 0.7]
      [GC Worker Total (ms): Min: 61.1, Avg: 61.2, Max: 61.4, Diff: 0.3, Sum: 856.9]
      [GC Worker End (ms): Min: 263993087.6, Avg: 263993087.7, Max: 263993087.8, Diff: 0.1]
   [Code Root Fixup: 0.0 ms]
   [Code Root Purge: 0.0 ms]
   [Clear CT: 0.4 ms]
   [Other: 5.2 ms]
      [Choose CSet: 0.0 ms]
      [Ref Proc: 4.5 ms]
      [Ref Enq: 0.2 ms]
      [Redirty Cards: 0.2 ms]
      [Humongous Register: 0.0 ms]
      [Humongous Reclaim: 0.0 ms]
      [Free CSet: 0.1 ms]
   [Eden: 6976.0M(6976.0M)->0.0B(6944.0M) Survivors: 192.0M->224.0M Heap: 10924.8M(14336.0M)->4304.0M(14336.0M)]
 [Times: user=0.79 sys=0.01, real=0.07 secs] 
2022-11-02T19:42:09.972-0600: 264030.393: [GC pause (G1 Evacuation Pause) (young) (initial-mark), 0.0538199 secs]
   [Parallel Time: 45.1 ms, GC Workers: 14]
      [GC Worker Start (ms): Min: 264030393.8, Avg: 264030393.9, Max: 264030394.1, Diff: 0.3]
      [Ext Root Scanning (ms): Min: 4.1, Avg: 4.3, Max: 4.4, Diff: 0.4, Sum: 59.9]
      [Update RS (ms): Min: 14.7, Avg: 14.8, Max: 15.2, Diff: 0.5, Sum: 207.5]
         [Processed Buffers: Min: 16, Avg: 38.4, Max: 52, Diff: 36, Sum: 538]
      [Scan RS (ms): Min: 0.0, Avg: 0.0, Max: 0.1, Diff: 0.0, Sum: 0.4]
      [Code Root Scanning (ms): Min: 0.0, Avg: 0.0, Max: 0.0, Diff: 0.0, Sum: 0.0]
      [Object Copy (ms): Min: 18.6, Avg: 19.2, Max: 22.2, Diff: 3.6, Sum: 268.2]
      [Termination (ms): Min: 0.0, Avg: 3.1, Max: 3.4, Diff: 3.4, Sum: 42.9]
         [Termination Attempts: Min: 1, Avg: 1.9, Max: 4, Diff: 3, Sum: 26]
      [GC Worker Other (ms): Min: 0.0, Avg: 0.0, Max: 0.0, Diff: 0.0, Sum: 0.2]
      [GC Worker Total (ms): Min: 41.1, Avg: 41.4, Max: 41.5, Diff: 0.4, Sum: 579.0]
      [GC Worker End (ms): Min: 264030435.2, Avg: 264030435.3, Max: 264030435.3, Diff: 0.1]
   [Code Root Fixup: 0.0 ms]
   [Code Root Purge: 0.0 ms]
   [Clear CT: 0.8 ms]
   [Other: 7.9 ms]
      [Choose CSet: 0.0 ms]
      [Ref Proc: 7.2 ms]
      [Ref Enq: 0.3 ms]
      [Redirty Cards: 0.2 ms]
      [Humongous Register: 0.0 ms]
      [Humongous Reclaim: 0.0 ms]
      [Free CSet: 0.1 ms]
   [Eden: 6944.0M(6944.0M)->0.0B(6944.0M) Survivors: 224.0M->224.0M Heap: 11248.0M(14336.0M)->4479.2M(14336.0M)]
 [Times: user=0.59 sys=0.00, real=0.05 secs] 
2022-11-02T19:42:10.026-0600: 264030.446: [GC concurrent-root-region-scan-start]
2022-11-02T19:42:10.038-0600: 264030.459: [GC concurrent-root-region-scan-end, 0.0122782 secs]
2022-11-02T19:42:10.038-0600: 264030.459: [GC concurrent-mark-start]
2022-11-02T19:42:10.723-0600: 264031.144: [GC concurrent-mark-end, 0.6847882 secs]
2022-11-02T19:42:10.723-0600: 264031.144: [GC remark 2022-11-02T19:42:10.723-0600: 264031.144: [Finalize Marking, 0.0006433 secs] 2022-11-02T19:42:10.724-0600: 264031.144: [GC ref-proc, 0.0146317 secs] 2022-11-02T19:42:10.739-0600: 264031.159: [Unloading, 0.0212077 secs], 0.0391862 secs]
 [Times: user=0.33 sys=0.00, real=0.04 secs] 
2022-11-02T19:42:10.763-0600: 264031.183: [GC cleanup 4535M->4423M(14336M), 0.0072715 secs]
 [Times: user=0.07 sys=0.00, real=0.00 secs] 
2022-11-02T19:42:10.770-0600: 264031.191: [GC concurrent-cleanup-start]
2022-11-02T19:42:10.770-0600: 264031.191: [GC concurrent-cleanup-end, 0.0000401 secs]
2022-11-02T19:43:42.368-0600: 264122.788: [GC pause (G1 Evacuation Pause) (young), 0.0397344 secs]
   [Parallel Time: 30.9 ms, GC Workers: 14]
      [GC Worker Start (ms): Min: 264122788.6, Avg: 264122788.7, Max: 264122788.8, Diff: 0.2]
      [Ext Root Scanning (ms): Min: 0.3, Avg: 1.3, Max: 10.7, Diff: 10.3, Sum: 17.5]
      [Update RS (ms): Min: 0.0, Avg: 7.8, Max: 10.8, Diff: 10.8, Sum: 108.5]
         [Processed Buffers: Min: 0, Avg: 44.9, Max: 72, Diff: 72, Sum: 628]
      [Scan RS (ms): Min: 0.0, Avg: 1.7, Max: 2.3, Diff: 2.3, Sum: 23.2]
      [Code Root Scanning (ms): Min: 0.0, Avg: 0.0, Max: 0.0, Diff: 0.0, Sum: 0.0]
      [Object Copy (ms): Min: 19.1, Avg: 19.7, Max: 19.8, Diff: 0.8, Sum: 275.7]
      [Termination (ms): Min: 0.0, Avg: 0.1, Max: 0.1, Diff: 0.1, Sum: 0.8]
         [Termination Attempts: Min: 1, Avg: 124.2, Max: 159, Diff: 158, Sum: 1739]
      [GC Worker Other (ms): Min: 0.0, Avg: 0.1, Max: 0.2, Diff: 0.2, Sum: 1.3]
      [GC Worker Total (ms): Min: 30.3, Avg: 30.5, Max: 30.7, Diff: 0.4, Sum: 427.0]
      [GC Worker End (ms): Min: 264122819.1, Avg: 264122819.2, Max: 264122819.3, Diff: 0.2]
   [Code Root Fixup: 0.0 ms]
   [Code Root Purge: 0.0 ms]
   [Clear CT: 0.6 ms]
   [Other: 8.2 ms]
      [Choose CSet: 0.0 ms]
      [Ref Proc: 6.6 ms]
      [Ref Enq: 0.2 ms]
      [Redirty Cards: 1.0 ms]
      [Humongous Register: 0.0 ms]
      [Humongous Reclaim: 0.0 ms]
      [Free CSet: 0.2 ms]
   [Eden: 6944.0M(6944.0M)->0.0B(5504.0M) Survivors: 224.0M->224.0M Heap: 11311.2M(14336.0M)->4488.1M(14336.0M)]
 [Times: user=0.43 sys=0.00, real=0.04 secs] 
2022-11-02T19:44:58.471-0600: 264198.891: [GC pause (G1 Evacuation Pause) (mixed), 0.0914041 secs]
   [Parallel Time: 53.9 ms, GC Workers: 14]
      [GC Worker Start (ms): Min: 264198891.3, Avg: 264198891.5, Max: 264198891.7, Diff: 0.4]
      [Ext Root Scanning (ms): Min: 0.3, Avg: 1.1, Max: 7.6, Diff: 7.3, Sum: 15.2]
      [Update RS (ms): Min: 0.3, Avg: 6.5, Max: 7.4, Diff: 7.1, Sum: 91.3]
         [Processed Buffers: Min: 1, Avg: 42.1, Max: 57, Diff: 56, Sum: 589]
      [Scan RS (ms): Min: 7.3, Avg: 7.7, Max: 7.9, Diff: 0.5, Sum: 107.5]
      [Code Root Scanning (ms): Min: 0.0, Avg: 0.0, Max: 0.2, Diff: 0.2, Sum: 0.4]
      [Object Copy (ms): Min: 34.9, Avg: 35.6, Max: 37.1, Diff: 2.2, Sum: 498.1]
      [Termination (ms): Min: 1.0, Avg: 2.5, Max: 3.2, Diff: 2.3, Sum: 35.3]
         [Termination Attempts: Min: 253, Avg: 543.5, Max: 713, Diff: 460, Sum: 7609]
      [GC Worker Other (ms): Min: 0.0, Avg: 0.0, Max: 0.1, Diff: 0.1, Sum: 0.7]
      [GC Worker Total (ms): Min: 53.3, Avg: 53.5, Max: 53.6, Diff: 0.4, Sum: 748.4]
      [GC Worker End (ms): Min: 264198944.9, Avg: 264198945.0, Max: 264198945.1, Diff: 0.1]
   [Code Root Fixup: 0.0 ms]
   [Code Root Purge: 0.0 ms]
   [Clear CT: 0.6 ms]
   [Other: 36.9 ms]
      [Choose CSet: 0.2 ms]
      [Ref Proc: 34.5 ms]
      [Ref Enq: 0.2 ms]
      [Redirty Cards: 1.1 ms]
      [Humongous Register: 0.0 ms]
      [Humongous Reclaim: 0.0 ms]
      [Free CSet: 0.6 ms]
   [Eden: 5504.0M(5504.0M)->0.0B(7120.0M) Survivors: 224.0M->49152.0K Heap: 9992.1M(14336.0M)->3786.1M(14336.0M)]
 [Times: user=0.74 sys=0.00, real=0.10 secs] 
2022-11-02T19:46:09.166-0600: 264269.586: [GC pause (G1 Evacuation Pause) (young), 0.0381227 secs]
   [Parallel Time: 32.0 ms, GC Workers: 14]
      [GC Worker Start (ms): Min: 264269586.3, Avg: 264269586.4, Max: 264269586.5, Diff: 0.2]
      [Ext Root Scanning (ms): Min: 0.3, Avg: 0.8, Max: 5.5, Diff: 5.2, Sum: 11.0]
      [Update RS (ms): Min: 10.2, Avg: 14.7, Max: 15.2, Diff: 5.0, Sum: 205.6]
         [Processed Buffers: Min: 30, Avg: 47.5, Max: 60, Diff: 30, Sum: 665]
      [Scan RS (ms): Min: 0.1, Avg: 0.3, Max: 0.4, Diff: 0.2, Sum: 3.6]
      [Code Root Scanning (ms): Min: 0.0, Avg: 0.0, Max: 0.0, Diff: 0.0, Sum: 0.0]
      [Object Copy (ms): Min: 15.5, Avg: 15.5, Max: 15.7, Diff: 0.2, Sum: 217.3]
      [Termination (ms): Min: 0.0, Avg: 0.0, Max: 0.0, Diff: 0.0, Sum: 0.2]
         [Termination Attempts: Min: 1, Avg: 10.8, Max: 15, Diff: 14, Sum: 151]
      [GC Worker Other (ms): Min: 0.0, Avg: 0.1, Max: 0.3, Diff: 0.3, Sum: 1.7]
      [GC Worker Total (ms): Min: 31.2, Avg: 31.4, Max: 31.7, Diff: 0.5, Sum: 439.5]
      [GC Worker End (ms): Min: 264269617.7, Avg: 264269617.8, Max: 264269618.0, Diff: 0.3]
   [Code Root Fixup: 0.0 ms]
   [Code Root Purge: 0.0 ms]
   [Clear CT: 0.6 ms]
   [Other: 5.6 ms]
      [Choose CSet: 0.0 ms]
      [Ref Proc: 4.9 ms]
      [Ref Enq: 0.2 ms]
      [Redirty Cards: 0.2 ms]
      [Humongous Register: 0.0 ms]
      [Humongous Reclaim: 0.0 ms]
      [Free CSet: 0.1 ms]
   [Eden: 7120.0M(7120.0M)->0.0B(7008.0M) Survivors: 49152.0K->160.0M Heap: 10906.1M(14336.0M)->4015.3M(14336.0M)]
 [Times: user=0.46 sys=0.00, real=0.04 secs] 
2022-11-02T19:46:38.817-0600: 264299.238: [GC pause (G1 Evacuation Pause) (young) (initial-mark), 0.0463863 secs]
   [Parallel Time: 36.8 ms, GC Workers: 14]
      [GC Worker Start (ms): Min: 264299239.0, Avg: 264299239.2, Max: 264299239.6, Diff: 0.7]
      [Ext Root Scanning (ms): Min: 4.8, Avg: 5.2, Max: 5.5, Diff: 0.7, Sum: 72.4]
      [Update RS (ms): Min: 2.3, Avg: 2.3, Max: 2.6, Diff: 0.3, Sum: 32.7]
         [Processed Buffers: Min: 6, Avg: 9.4, Max: 13, Diff: 7, Sum: 131]
      [Scan RS (ms): Min: 0.0, Avg: 0.0, Max: 0.1, Diff: 0.0, Sum: 0.3]
      [Code Root Scanning (ms): Min: 0.0, Avg: 0.0, Max: 0.1, Diff: 0.1, Sum: 0.5]
      [Object Copy (ms): Min: 27.1, Avg: 27.3, Max: 27.4, Diff: 0.3, Sum: 382.4]
      [Termination (ms): Min: 0.0, Avg: 0.0, Max: 0.0, Diff: 0.0, Sum: 0.0]
         [Termination Attempts: Min: 1, Avg: 1.0, Max: 1, Diff: 0, Sum: 14]
      [GC Worker Other (ms): Min: 0.0, Avg: 0.1, Max: 0.3, Diff: 0.3, Sum: 1.7]
      [GC Worker Total (ms): Min: 34.5, Avg: 35.0, Max: 35.4, Diff: 0.9, Sum: 490.1]
      [GC Worker End (ms): Min: 264299274.1, Avg: 264299274.2, Max: 264299274.4, Diff: 0.3]
   [Code Root Fixup: 0.0 ms]
   [Code Root Purge: 0.0 ms]
   [Clear CT: 0.9 ms]
   [Other: 8.6 ms]
      [Choose CSet: 0.0 ms]
      [Ref Proc: 7.5 ms]
      [Ref Enq: 0.4 ms]
      [Redirty Cards: 0.4 ms]
      [Humongous Register: 0.0 ms]
      [Humongous Reclaim: 0.0 ms]
      [Free CSet: 0.1 ms]
   [Eden: 7008.0M(7008.0M)->0.0B(6944.0M) Survivors: 160.0M->224.0M Heap: 11023.3M(14336.0M)->4240.3M(14336.0M)]
 [Times: user=0.51 sys=0.00, real=0.05 secs] 
2022-11-02T19:46:38.864-0600: 264299.284: [GC concurrent-root-region-scan-start]
2022-11-02T19:46:38.886-0600: 264299.307: [GC concurrent-root-region-scan-end, 0.0223715 secs]
2022-11-02T19:46:38.886-0600: 264299.307: [GC concurrent-mark-start]
2022-11-02T19:46:39.616-0600: 264300.036: [GC concurrent-mark-end, 0.7296985 secs]
2022-11-02T19:46:39.616-0600: 264300.037: [GC remark 2022-11-02T19:46:39.616-0600: 264300.037: [Finalize Marking, 0.0007792 secs] 2022-11-02T19:46:39.617-0600: 264300.037: [GC ref-proc, 0.0064515 secs] 2022-11-02T19:46:39.623-0600: 264300.044: [Unloading, 0.0220136 secs], 0.0319569 secs]
 [Times: user=0.32 sys=0.00, real=0.03 secs] 
2022-11-02T19:46:39.648-0600: 264300.069: [GC cleanup 5487M->5487M(14336M), 0.0064499 secs]
 [Times: user=0.06 sys=0.00, real=0.01 secs] 
2022-11-02T19:46:43.840-0600: 264304.261: [GC pause (G1 Evacuation Pause) (young), 0.0310107 secs]
   [Parallel Time: 25.7 ms, GC Workers: 14]
      [GC Worker Start (ms): Min: 264304260.6, Avg: 264304260.7, Max: 264304260.8, Diff: 0.2]
      [Ext Root Scanning (ms): Min: 0.3, Avg: 0.9, Max: 6.7, Diff: 6.4, Sum: 12.5]
      [Update RS (ms): Min: 0.0, Avg: 4.5, Max: 5.5, Diff: 5.5, Sum: 63.6]
         [Processed Buffers: Min: 0, Avg: 18.5, Max: 26, Diff: 26, Sum: 259]
      [Scan RS (ms): Min: 0.0, Avg: 0.0, Max: 0.1, Diff: 0.0, Sum: 0.4]
      [Code Root Scanning (ms): Min: 0.0, Avg: 0.1, Max: 0.2, Diff: 0.2, Sum: 0.8]
      [Object Copy (ms): Min: 18.7, Avg: 19.7, Max: 20.0, Diff: 1.3, Sum: 276.1]
      [Termination (ms): Min: 0.0, Avg: 0.0, Max: 0.0, Diff: 0.0, Sum: 0.2]
         [Termination Attempts: Min: 1, Avg: 28.2, Max: 40, Diff: 39, Sum: 395]
      [GC Worker Other (ms): Min: 0.0, Avg: 0.1, Max: 0.2, Diff: 0.2, Sum: 1.1]
      [GC Worker Total (ms): Min: 25.2, Avg: 25.3, Max: 25.5, Diff: 0.3, Sum: 354.7]
      [GC Worker End (ms): Min: 264304286.0, Avg: 264304286.1, Max: 264304286.2, Diff: 0.2]
   [Code Root Fixup: 0.0 ms]
   [Code Root Purge: 0.0 ms]
   [Clear CT: 0.4 ms]
   [Other: 4.9 ms]
      [Choose CSet: 0.0 ms]
      [Ref Proc: 4.0 ms]
      [Ref Enq: 0.2 ms]
      [Redirty Cards: 0.4 ms]
      [Humongous Register: 0.0 ms]
      [Humongous Reclaim: 0.0 ms]
      [Free CSet: 0.2 ms]
   [Eden: 6944.0M(6944.0M)->0.0B(5504.0M) Survivors: 224.0M->224.0M Heap: 11184.3M(14336.0M)->4423.0M(14336.0M)]
 [Times: user=0.37 sys=0.00, real=0.02 secs] 
2022-11-02T19:46:47.573-0600: 264307.993: [GC pause (G1 Evacuation Pause) (mixed), 0.0604902 secs]
   [Parallel Time: 53.7 ms, GC Workers: 14]
      [GC Worker Start (ms): Min: 264307993.0, Avg: 264307993.1, Max: 264307993.2, Diff: 0.3]
      [Ext Root Scanning (ms): Min: 0.2, Avg: 0.7, Max: 4.5, Diff: 4.3, Sum: 10.4]
      [Update RS (ms): Min: 9.8, Avg: 13.3, Max: 13.7, Diff: 3.9, Sum: 185.9]
         [Processed Buffers: Min: 41, Avg: 55.9, Max: 74, Diff: 33, Sum: 783]
      [Scan RS (ms): Min: 6.1, Avg: 6.3, Max: 6.5, Diff: 0.5, Sum: 88.1]
      [Code Root Scanning (ms): Min: 0.0, Avg: 0.1, Max: 0.3, Diff: 0.3, Sum: 1.0]
      [Object Copy (ms): Min: 32.6, Avg: 33.0, Max: 33.2, Diff: 0.6, Sum: 461.4]
      [Termination (ms): Min: 0.0, Avg: 0.0, Max: 0.0, Diff: 0.0, Sum: 0.3]
         [Termination Attempts: Min: 1, Avg: 48.1, Max: 59, Diff: 58, Sum: 673]
      [GC Worker Other (ms): Min: 0.0, Avg: 0.1, Max: 0.1, Diff: 0.1, Sum: 0.8]
      [GC Worker Total (ms): Min: 53.3, Avg: 53.4, Max: 53.6, Diff: 0.4, Sum: 748.0]
      [GC Worker End (ms): Min: 264308046.5, Avg: 264308046.5, Max: 264308046.6, Diff: 0.1]
   [Code Root Fixup: 0.0 ms]
   [Code Root Purge: 0.0 ms]
   [Clear CT: 0.4 ms]
   [Other: 6.3 ms]
      [Choose CSet: 0.1 ms]
      [Ref Proc: 4.4 ms]
      [Ref Enq: 0.6 ms]
      [Redirty Cards: 0.5 ms]
      [Humongous Register: 0.0 ms]
      [Humongous Reclaim: 0.0 ms]
      [Free CSet: 0.5 ms]
   [Eden: 5504.0M(5504.0M)->0.0B(7024.0M) Survivors: 224.0M->144.0M Heap: 9927.0M(14336.0M)->3891.3M(14336.0M)]
 [Times: user=0.75 sys=0.00, real=0.06 secs] 
2022-11-02T19:46:59.866-0600: 264320.286: [GC pause (G1 Evacuation Pause) (young), 0.0324757 secs]
   [Parallel Time: 24.9 ms, GC Workers: 14]
      [GC Worker Start (ms): Min: 264320286.5, Avg: 264320286.7, Max: 264320286.9, Diff: 0.4]
      [Ext Root Scanning (ms): Min: 0.2, Avg: 0.8, Max: 4.6, Diff: 4.3, Sum: 10.6]
      [Update RS (ms): Min: 11.3, Avg: 14.9, Max: 20.7, Diff: 9.3, Sum: 208.5]
         [Processed Buffers: Min: 32, Avg: 40.8, Max: 47, Diff: 15, Sum: 571]
      [Scan RS (ms): Min: 0.0, Avg: 0.2, Max: 0.8, Diff: 0.7, Sum: 3.1]
      [Code Root Scanning (ms): Min: 0.0, Avg: 0.0, Max: 0.1, Diff: 0.1, Sum: 0.2]
      [Object Copy (ms): Min: 2.9, Avg: 8.1, Max: 8.7, Diff: 5.9, Sum: 113.7]
      [Termination (ms): Min: 0.0, Avg: 0.1, Max: 0.2, Diff: 0.2, Sum: 2.0]
         [Termination Attempts: Min: 1, Avg: 29.9, Max: 48, Diff: 47, Sum: 419]
      [GC Worker Other (ms): Min: 0.0, Avg: 0.0, Max: 0.0, Diff: 0.0, Sum: 0.1]
      [GC Worker Total (ms): Min: 24.0, Avg: 24.2, Max: 24.4, Diff: 0.4, Sum: 338.2]
      [GC Worker End (ms): Min: 264320310.8, Avg: 264320310.9, Max: 264320310.9, Diff: 0.0]
   [Code Root Fixup: 0.0 ms]
   [Code Root Purge: 0.0 ms]
   [Clear CT: 0.4 ms]
   [Other: 7.1 ms]
      [Choose CSet: 0.0 ms]
      [Ref Proc: 6.1 ms]
      [Ref Enq: 0.3 ms]
      [Redirty Cards: 0.2 ms]
      [Humongous Register: 0.0 ms]
      [Humongous Reclaim: 0.0 ms]
      [Free CSet: 0.3 ms]
   [Eden: 7024.0M(7024.0M)->0.0B(7088.0M) Survivors: 144.0M->81920.0K Heap: 10915.3M(14336.0M)->3957.6M(14336.0M)]
 [Times: user=0.36 sys=0.00, real=0.03 secs] 
2022-11-02T19:47:23.927-0600: 264344.348: [GC pause (G1 Evacuation Pause) (young) (initial-mark), 0.0297538 secs]
   [Parallel Time: 23.7 ms, GC Workers: 14]
      [GC Worker Start (ms): Min: 264344349.5, Avg: 264344349.7, Max: 264344350.0, Diff: 0.5]
      [Ext Root Scanning (ms): Min: 1.0, Avg: 2.1, Max: 4.4, Diff: 3.4, Sum: 29.1]
      [Update RS (ms): Min: 5.1, Avg: 6.1, Max: 9.4, Diff: 4.2, Sum: 85.5]
         [Processed Buffers: Min: 17, Avg: 27.7, Max: 48, Diff: 31, Sum: 388]
      [Scan RS (ms): Min: 0.0, Avg: 0.0, Max: 0.0, Diff: 0.0, Sum: 0.3]
      [Code Root Scanning (ms): Min: 0.0, Avg: 0.0, Max: 0.1, Diff: 0.1, Sum: 0.4]
      [Object Copy (ms): Min: 7.2, Avg: 12.7, Max: 14.5, Diff: 7.3, Sum: 177.2]
      [Termination (ms): Min: 0.0, Avg: 0.0, Max: 0.0, Diff: 0.0, Sum: 0.3]
         [Termination Attempts: Min: 1, Avg: 16.9, Max: 25, Diff: 24, Sum: 236]
      [GC Worker Other (ms): Min: 0.0, Avg: 0.0, Max: 0.2, Diff: 0.2, Sum: 0.6]
      [GC Worker Total (ms): Min: 20.7, Avg: 21.0, Max: 21.3, Diff: 0.5, Sum: 293.5]
      [GC Worker End (ms): Min: 264344370.7, Avg: 264344370.7, Max: 264344370.8, Diff: 0.2]
   [Code Root Fixup: 0.0 ms]
   [Code Root Purge: 0.0 ms]
   [Clear CT: 0.4 ms]
   [Other: 5.7 ms]
      [Choose CSet: 0.0 ms]
      [Ref Proc: 4.7 ms]
      [Ref Enq: 0.2 ms]
      [Redirty Cards: 0.2 ms]
      [Humongous Register: 0.0 ms]
      [Humongous Reclaim: 0.0 ms]
      [Free CSet: 0.3 ms]
   [Eden: 7088.0M(7088.0M)->0.0B(7104.0M) Survivors: 81920.0K->65536.0K Heap: 11045.6M(14336.0M)->4019.2M(14336.0M)]
 [Times: user=0.23 sys=0.00, real=0.03 secs] 
2022-11-02T19:47:23.957-0600: 264344.377: [GC concurrent-root-region-scan-start]
2022-11-02T19:47:23.964-0600: 264344.385: [GC concurrent-root-region-scan-end, 0.0071502 secs]
2022-11-02T19:47:23.964-0600: 264344.385: [GC concurrent-mark-start]
2022-11-02T19:47:24.657-0600: 264345.077: [GC concurrent-mark-end, 0.6928482 secs]
2022-11-02T19:47:24.657-0600: 264345.078: [GC remark 2022-11-02T19:47:24.657-0600: 264345.078: [Finalize Marking, 0.0006835 secs] 2022-11-02T19:47:24.658-0600: 264345.078: [GC ref-proc, 0.0080952 secs] 2022-11-02T19:47:24.666-0600: 264345.087: [Unloading, 0.0227663 secs], 0.0336951 secs]
 [Times: user=0.32 sys=0.00, real=0.03 secs] 
2022-11-02T19:47:24.691-0600: 264345.112: [GC cleanup 4691M->4691M(14336M), 0.0067127 secs]
 [Times: user=0.06 sys=0.00, real=0.01 secs] 
2022-11-02T19:47:42.320-0600: 264362.741: [GC pause (G1 Evacuation Pause) (young), 0.0263987 secs]
   [Parallel Time: 20.2 ms, GC Workers: 14]
      [GC Worker Start (ms): Min: 264362740.7, Avg: 264362740.8, Max: 264362740.9, Diff: 0.2]
      [Ext Root Scanning (ms): Min: 0.3, Avg: 0.9, Max: 5.7, Diff: 5.4, Sum: 11.9]
      [Update RS (ms): Min: 3.2, Avg: 7.9, Max: 8.7, Diff: 5.5, Sum: 110.6]
         [Processed Buffers: Min: 20, Avg: 38.5, Max: 57, Diff: 37, Sum: 539]
      [Scan RS (ms): Min: 0.0, Avg: 0.0, Max: 0.1, Diff: 0.1, Sum: 0.4]
      [Code Root Scanning (ms): Min: 0.0, Avg: 0.0, Max: 0.1, Diff: 0.1, Sum: 0.3]
      [Object Copy (ms): Min: 10.3, Avg: 10.6, Max: 10.6, Diff: 0.4, Sum: 147.9]
      [Termination (ms): Min: 0.0, Avg: 0.0, Max: 0.0, Diff: 0.0, Sum: 0.0]
         [Termination Attempts: Min: 1, Avg: 1.4, Max: 3, Diff: 2, Sum: 20]
      [GC Worker Other (ms): Min: 0.0, Avg: 0.1, Max: 0.4, Diff: 0.3, Sum: 1.9]
      [GC Worker Total (ms): Min: 19.3, Avg: 19.5, Max: 19.8, Diff: 0.5, Sum: 273.0]
      [GC Worker End (ms): Min: 264362760.2, Avg: 264362760.3, Max: 264362760.5, Diff: 0.3]
   [Code Root Fixup: 0.0 ms]
   [Code Root Purge: 0.0 ms]
   [Clear CT: 0.3 ms]
   [Other: 5.9 ms]
      [Choose CSet: 0.0 ms]
      [Ref Proc: 5.0 ms]
      [Ref Enq: 0.3 ms]
      [Redirty Cards: 0.3 ms]
      [Humongous Register: 0.0 ms]
      [Humongous Reclaim: 0.0 ms]
      [Free CSet: 0.2 ms]
   [Eden: 7104.0M(7104.0M)->0.0B(5632.0M) Survivors: 65536.0K->98304.0K Heap: 11123.2M(14336.0M)->4094.0M(14336.0M)]
 [Times: user=0.30 sys=0.00, real=0.02 secs] 
2022-11-02T19:48:00.478-0600: 264380.899: [GC pause (G1 Evacuation Pause) (mixed), 0.0454965 secs]
   [Parallel Time: 35.2 ms, GC Workers: 14]
      [GC Worker Start (ms): Min: 264380898.7, Avg: 264380898.9, Max: 264380899.0, Diff: 0.3]
      [Ext Root Scanning (ms): Min: 0.3, Avg: 1.0, Max: 7.5, Diff: 7.3, Sum: 14.3]
      [Update RS (ms): Min: 0.0, Avg: 4.5, Max: 5.1, Diff: 5.1, Sum: 62.5]
         [Processed Buffers: Min: 0, Avg: 34.4, Max: 58, Diff: 58, Sum: 481]
      [Scan RS (ms): Min: 1.1, Avg: 2.8, Max: 3.6, Diff: 2.6, Sum: 39.2]
      [Code Root Scanning (ms): Min: 0.0, Avg: 0.1, Max: 0.5, Diff: 0.5, Sum: 1.3]
      [Object Copy (ms): Min: 25.2, Avg: 26.1, Max: 26.3, Diff: 1.2, Sum: 365.8]
      [Termination (ms): Min: 0.0, Avg: 0.1, Max: 0.1, Diff: 0.1, Sum: 0.9]
         [Termination Attempts: Min: 43, Avg: 62.4, Max: 77, Diff: 34, Sum: 874]
      [GC Worker Other (ms): Min: 0.0, Avg: 0.1, Max: 0.3, Diff: 0.3, Sum: 1.4]
      [GC Worker Total (ms): Min: 34.5, Avg: 34.7, Max: 34.9, Diff: 0.4, Sum: 485.4]
      [GC Worker End (ms): Min: 264380933.5, Avg: 264380933.6, Max: 264380933.7, Diff: 0.3]
   [Code Root Fixup: 0.1 ms]
   [Code Root Purge: 0.0 ms]
   [Clear CT: 0.4 ms]
   [Other: 9.8 ms]
      [Choose CSet: 0.1 ms]
      [Ref Proc: 8.2 ms]
      [Ref Enq: 0.3 ms]
      [Redirty Cards: 0.5 ms]
      [Humongous Register: 0.0 ms]
      [Humongous Reclaim: 0.0 ms]
      [Free CSet: 0.5 ms]
   [Eden: 5632.0M(5632.0M)->0.0B(7056.0M) Survivors: 98304.0K->112.0M Heap: 9726.0M(14336.0M)->3725.2M(14336.0M)]
 [Times: user=0.53 sys=0.00, real=0.05 secs] 
2022-11-02T19:48:24.981-0600: 264405.402: [GC pause (G1 Evacuation Pause) (young), 0.0212664 secs]
   [Parallel Time: 13.4 ms, GC Workers: 14]
      [GC Worker Start (ms): Min: 264405401.8, Avg: 264405402.1, Max: 264405402.3, Diff: 0.4]
      [Ext Root Scanning (ms): Min: 0.2, Avg: 0.9, Max: 6.5, Diff: 6.2, Sum: 12.5]
      [Update RS (ms): Min: 2.1, Avg: 7.5, Max: 8.1, Diff: 6.0, Sum: 104.4]
         [Processed Buffers: Min: 12, Avg: 40.6, Max: 58, Diff: 46, Sum: 569]
      [Scan RS (ms): Min: 0.8, Avg: 1.0, Max: 1.1, Diff: 0.2, Sum: 13.9]
      [Code Root Scanning (ms): Min: 0.0, Avg: 0.0, Max: 0.0, Diff: 0.0, Sum: 0.0]
      [Object Copy (ms): Min: 2.4, Avg: 2.4, Max: 2.5, Diff: 0.1, Sum: 34.3]
      [Termination (ms): Min: 0.0, Avg: 0.0, Max: 0.0, Diff: 0.0, Sum: 0.1]
         [Termination Attempts: Min: 1, Avg: 10.6, Max: 17, Diff: 16, Sum: 148]
      [GC Worker Other (ms): Min: 0.0, Avg: 0.1, Max: 0.2, Diff: 0.2, Sum: 1.0]
      [GC Worker Total (ms): Min: 11.6, Avg: 11.9, Max: 12.2, Diff: 0.6, Sum: 166.1]
      [GC Worker End (ms): Min: 264405413.9, Avg: 264405413.9, Max: 264405414.1, Diff: 0.2]
   [Code Root Fixup: 0.0 ms]
   [Code Root Purge: 0.0 ms]
   [Clear CT: 0.6 ms]
   [Other: 7.2 ms]
      [Choose CSet: 0.0 ms]
      [Ref Proc: 6.5 ms]
      [Ref Enq: 0.2 ms]
      [Redirty Cards: 0.2 ms]
      [Humongous Register: 0.0 ms]
      [Humongous Reclaim: 0.0 ms]
      [Free CSet: 0.1 ms]
   [Eden: 7056.0M(7056.0M)->0.0B(7120.0M) Survivors: 112.0M->49152.0K Heap: 10781.2M(14336.0M)->3770.3M(14336.0M)]
 [Times: user=0.19 sys=0.00, real=0.02 secs] 
2022-11-02T19:48:50.124-0600: 264430.544: [GC pause (G1 Evacuation Pause) (young) (initial-mark), 0.0175696 secs]
   [Parallel Time: 12.4 ms, GC Workers: 14]
      [GC Worker Start (ms): Min: 264430545.7, Avg: 264430545.9, Max: 264430546.0, Diff: 0.3]
      [Ext Root Scanning (ms): Min: 5.5, Avg: 5.6, Max: 5.8, Diff: 0.3, Sum: 79.0]
      [Update RS (ms): Min: 2.6, Avg: 2.9, Max: 3.1, Diff: 0.5, Sum: 40.0]
         [Processed Buffers: Min: 14, Avg: 18.1, Max: 30, Diff: 16, Sum: 253]
      [Scan RS (ms): Min: 0.0, Avg: 0.0, Max: 0.1, Diff: 0.1, Sum: 0.4]
      [Code Root Scanning (ms): Min: 0.0, Avg: 0.0, Max: 0.0, Diff: 0.0, Sum: 0.0]
      [Object Copy (ms): Min: 0.9, Avg: 1.1, Max: 1.3, Diff: 0.5, Sum: 15.2]
      [Termination (ms): Min: 0.0, Avg: 0.0, Max: 0.0, Diff: 0.0, Sum: 0.0]
         [Termination Attempts: Min: 1, Avg: 1.4, Max: 2, Diff: 1, Sum: 20]
      [GC Worker Other (ms): Min: 0.0, Avg: 0.3, Max: 0.8, Diff: 0.8, Sum: 3.6]
      [GC Worker Total (ms): Min: 9.5, Avg: 9.9, Max: 10.4, Diff: 0.9, Sum: 138.3]
      [GC Worker End (ms): Min: 264430555.5, Avg: 264430555.8, Max: 264430556.3, Diff: 0.8]
   [Code Root Fixup: 0.0 ms]
   [Code Root Purge: 0.0 ms]
   [Clear CT: 0.4 ms]
   [Other: 4.8 ms]
      [Choose CSet: 0.0 ms]
      [Ref Proc: 4.1 ms]
      [Ref Enq: 0.3 ms]
      [Redirty Cards: 0.2 ms]
      [Humongous Register: 0.0 ms]
      [Humongous Reclaim: 0.0 ms]
      [Free CSet: 0.1 ms]
   [Eden: 7120.0M(7120.0M)->0.0B(7152.0M) Survivors: 49152.0K->16384.0K Heap: 10890.3M(14336.0M)->3795.0M(14336.0M)]
 [Times: user=0.12 sys=0.00, real=0.02 secs] 
2022-11-02T19:48:50.141-0600: 264430.562: [GC concurrent-root-region-scan-start]
2022-11-02T19:48:50.150-0600: 264430.571: [GC concurrent-root-region-scan-end, 0.0089416 secs]
2022-11-02T19:48:50.150-0600: 264430.571: [GC concurrent-mark-start]
2022-11-02T19:48:50.814-0600: 264431.234: [GC concurrent-mark-end, 0.6637206 secs]
2022-11-02T19:48:50.814-0600: 264431.235: [GC remark 2022-11-02T19:48:50.814-0600: 264431.235: [Finalize Marking, 0.0003274 secs] 2022-11-02T19:48:50.815-0600: 264431.235: [GC ref-proc, 0.0080692 secs] 2022-11-02T19:48:50.823-0600: 264431.243: [Unloading, 0.0219474 secs], 0.0326173 secs]
 [Times: user=0.32 sys=0.00, real=0.03 secs] 
2022-11-02T19:48:50.847-0600: 264431.267: [GC cleanup 3971M->3971M(14336M), 0.0071456 secs]
 [Times: user=0.05 sys=0.00, real=0.01 secs] 
2022-11-02T19:49:16.427-0600: 264456.847: [GC pause (G1 Evacuation Pause) (young), 0.0216587 secs]
   [Parallel Time: 5.4 ms, GC Workers: 14]
      [GC Worker Start (ms): Min: 264456847.6, Avg: 264456847.7, Max: 264456847.8, Diff: 0.3]
      [Ext Root Scanning (ms): Min: 0.3, Avg: 0.9, Max: 5.2, Diff: 4.9, Sum: 12.1]
      [Update RS (ms): Min: 0.0, Avg: 1.2, Max: 1.5, Diff: 1.5, Sum: 17.2]
         [Processed Buffers: Min: 0, Avg: 5.1, Max: 10, Diff: 10, Sum: 71]
      [Scan RS (ms): Min: 0.0, Avg: 0.0, Max: 0.1, Diff: 0.1, Sum: 0.4]
      [Code Root Scanning (ms): Min: 0.0, Avg: 0.0, Max: 0.0, Diff: 0.0, Sum: 0.0]
      [Object Copy (ms): Min: 0.0, Avg: 0.9, Max: 1.0, Diff: 1.0, Sum: 13.0]
      [Termination (ms): Min: 0.0, Avg: 2.1, Max: 2.3, Diff: 2.3, Sum: 28.8]
         [Termination Attempts: Min: 1, Avg: 13.8, Max: 18, Diff: 17, Sum: 193]
      [GC Worker Other (ms): Min: 0.0, Avg: 0.0, Max: 0.0, Diff: 0.0, Sum: 0.1]
      [GC Worker Total (ms): Min: 5.0, Avg: 5.1, Max: 5.3, Diff: 0.3, Sum: 71.6]
      [GC Worker End (ms): Min: 264456852.8, Avg: 264456852.8, Max: 264456852.9, Diff: 0.1]
   [Code Root Fixup: 0.0 ms]
   [Code Root Purge: 0.0 ms]
   [Clear CT: 0.3 ms]
   [Other: 16.0 ms]
      [Choose CSet: 0.0 ms]
      [Ref Proc: 15.0 ms]
      [Ref Enq: 0.3 ms]
      [Redirty Cards: 0.2 ms]
      [Humongous Register: 0.0 ms]
      [Humongous Reclaim: 0.0 ms]
      [Free CSet: 0.2 ms]
   [Eden: 7152.0M(7152.0M)->0.0B(5712.0M) Survivors: 16384.0K->16384.0K Heap: 10947.0M(14336.0M)->3803.3M(14336.0M)]
 [Times: user=0.12 sys=0.00, real=0.02 secs] 
2022-11-02T19:49:35.525-0600: 264475.945: [GC pause (G1 Evacuation Pause) (mixed), 0.0260871 secs]
   [Parallel Time: 20.2 ms, GC Workers: 14]
      [GC Worker Start (ms): Min: 264475945.3, Avg: 264475945.4, Max: 264475945.5, Diff: 0.2]
      [Ext Root Scanning (ms): Min: 0.3, Avg: 1.0, Max: 7.9, Diff: 7.6, Sum: 13.9]
      [Update RS (ms): Min: 0.0, Avg: 0.8, Max: 1.0, Diff: 1.0, Sum: 11.1]
         [Processed Buffers: Min: 0, Avg: 5.1, Max: 13, Diff: 13, Sum: 72]
      [Scan RS (ms): Min: 0.0, Avg: 3.8, Max: 4.2, Diff: 4.2, Sum: 53.5]
      [Code Root Scanning (ms): Min: 0.0, Avg: 0.1, Max: 0.3, Diff: 0.3, Sum: 1.0]
      [Object Copy (ms): Min: 11.9, Avg: 14.1, Max: 14.3, Diff: 2.4, Sum: 197.5]
      [Termination (ms): Min: 0.0, Avg: 0.0, Max: 0.0, Diff: 0.0, Sum: 0.2]
         [Termination Attempts: Min: 1, Avg: 18.4, Max: 28, Diff: 27, Sum: 258]
      [GC Worker Other (ms): Min: 0.0, Avg: 0.0, Max: 0.1, Diff: 0.1, Sum: 0.6]
      [GC Worker Total (ms): Min: 19.7, Avg: 19.8, Max: 20.0, Diff: 0.3, Sum: 277.6]
      [GC Worker End (ms): Min: 264475965.2, Avg: 264475965.3, Max: 264475965.3, Diff: 0.1]
   [Code Root Fixup: 0.0 ms]
   [Code Root Purge: 0.0 ms]
   [Clear CT: 0.5 ms]
   [Other: 5.3 ms]
      [Choose CSet: 0.1 ms]
      [Ref Proc: 4.4 ms]
      [Ref Enq: 0.2 ms]
      [Redirty Cards: 0.3 ms]
      [Humongous Register: 0.0 ms]
      [Humongous Reclaim: 0.0 ms]
      [Free CSet: 0.2 ms]
   [Eden: 5712.0M(5712.0M)->0.0B(7152.0M) Survivors: 16384.0K->16384.0K Heap: 9515.3M(14336.0M)->3579.3M(14336.0M)]
 [Times: user=0.29 sys=0.00, real=0.02 secs] 
2022-11-02T19:49:55.259-0600: 264495.679: [GC pause (GCLocker Initiated GC) (young), 0.0407979 secs]
   [Parallel Time: 32.9 ms, GC Workers: 14]
      [GC Worker Start (ms): Min: 264495679.0, Avg: 264495679.3, Max: 264495679.5, Diff: 0.5]
      [Ext Root Scanning (ms): Min: 0.3, Avg: 0.8, Max: 4.5, Diff: 4.2, Sum: 11.1]
      [Update RS (ms): Min: 8.9, Avg: 12.3, Max: 12.9, Diff: 3.9, Sum: 171.9]
         [Processed Buffers: Min: 26, Avg: 59.5, Max: 85, Diff: 59, Sum: 833]
      [Scan RS (ms): Min: 0.0, Avg: 0.0, Max: 0.1, Diff: 0.1, Sum: 0.3]
      [Code Root Scanning (ms): Min: 0.0, Avg: 0.0, Max: 0.1, Diff: 0.1, Sum: 0.1]
      [Object Copy (ms): Min: 18.9, Avg: 19.1, Max: 19.2, Diff: 0.4, Sum: 267.5]
      [Termination (ms): Min: 0.0, Avg: 0.0, Max: 0.0, Diff: 0.0, Sum: 0.0]
         [Termination Attempts: Min: 1, Avg: 4.5, Max: 7, Diff: 6, Sum: 63]
      [GC Worker Other (ms): Min: 0.0, Avg: 0.2, Max: 0.4, Diff: 0.3, Sum: 2.3]
      [GC Worker Total (ms): Min: 32.1, Avg: 32.4, Max: 32.8, Diff: 0.7, Sum: 453.2]
      [GC Worker End (ms): Min: 264495711.5, Avg: 264495711.7, Max: 264495711.9, Diff: 0.3]
   [Code Root Fixup: 0.0 ms]
   [Code Root Purge: 0.0 ms]
   [Clear CT: 0.4 ms]
   [Other: 7.4 ms]
      [Choose CSet: 0.0 ms]
      [Ref Proc: 6.6 ms]
      [Ref Enq: 0.2 ms]
      [Redirty Cards: 0.2 ms]
      [Humongous Register: 0.0 ms]
      [Humongous Reclaim: 0.0 ms]
      [Free CSet: 0.1 ms]
   [Eden: 7168.0M(7152.0M)->0.0B(7008.0M) Survivors: 16384.0K->160.0M Heap: 10732.0M(14336.0M)->3800.8M(14336.0M)]
 [Times: user=0.48 sys=0.00, real=0.04 secs] 
2022-11-02T19:50:13.916-0600: 264514.336: [GC pause (G1 Evacuation Pause) (young) (initial-mark), 0.0440375 secs]
   [Parallel Time: 38.4 ms, GC Workers: 14]
      [GC Worker Start (ms): Min: 264514337.8, Avg: 264514337.9, Max: 264514338.1, Diff: 0.3]
      [Ext Root Scanning (ms): Min: 1.4, Avg: 2.1, Max: 3.5, Diff: 2.0, Sum: 29.1]
      [Update RS (ms): Min: 1.5, Avg: 1.9, Max: 3.1, Diff: 1.6, Sum: 26.9]
         [Processed Buffers: Min: 4, Avg: 8.0, Max: 13, Diff: 9, Sum: 112]
      [Scan RS (ms): Min: 0.0, Avg: 0.0, Max: 0.0, Diff: 0.0, Sum: 0.4]
      [Code Root Scanning (ms): Min: 0.0, Avg: 0.0, Max: 0.0, Diff: 0.0, Sum: 0.0]
      [Object Copy (ms): Min: 28.1, Avg: 30.7, Max: 31.7, Diff: 3.6, Sum: 429.4]
      [Termination (ms): Min: 0.1, Avg: 0.7, Max: 0.9, Diff: 0.8, Sum: 10.1]
         [Termination Attempts: Min: 1, Avg: 90.2, Max: 123, Diff: 122, Sum: 1263]
      [GC Worker Other (ms): Min: 0.0, Avg: 0.1, Max: 0.8, Diff: 0.8, Sum: 0.9]
      [GC Worker Total (ms): Min: 35.3, Avg: 35.5, Max: 36.3, Diff: 1.0, Sum: 496.8]
      [GC Worker End (ms): Min: 264514373.3, Avg: 264514373.4, Max: 264514374.1, Diff: 0.8]
   [Code Root Fixup: 0.0 ms]
   [Code Root Purge: 0.0 ms]
   [Clear CT: 0.3 ms]
   [Other: 5.3 ms]
      [Choose CSet: 0.0 ms]
      [Ref Proc: 4.3 ms]
      [Ref Enq: 0.3 ms]
      [Redirty Cards: 0.5 ms]
      [Humongous Register: 0.0 ms]
      [Humongous Reclaim: 0.0 ms]
      [Free CSet: 0.2 ms]
   [Eden: 7008.0M(7008.0M)->0.0B(6944.0M) Survivors: 160.0M->224.0M Heap: 10808.8M(14336.0M)->3997.1M(14336.0M)]
 [Times: user=0.41 sys=0.00, real=0.04 secs] 
2022-11-02T19:50:13.960-0600: 264514.380: [GC concurrent-root-region-scan-start]
2022-11-02T19:50:13.972-0600: 264514.393: [GC concurrent-root-region-scan-end, 0.0124251 secs]
2022-11-02T19:50:13.972-0600: 264514.393: [GC concurrent-mark-start]
2022-11-02T19:50:14.654-0600: 264515.074: [GC concurrent-mark-end, 0.6819320 secs]
2022-11-02T19:50:14.654-0600: 264515.075: [GC remark 2022-11-02T19:50:14.654-0600: 264515.075: [Finalize Marking, 0.0008057 secs] 2022-11-02T19:50:14.655-0600: 264515.076: [GC ref-proc, 0.0096704 secs] 2022-11-02T19:50:14.665-0600: 264515.085: [Unloading, 0.0217399 secs], 0.0345471 secs]
 [Times: user=0.32 sys=0.00, real=0.03 secs] 
2022-11-02T19:50:14.689-0600: 264515.110: [GC cleanup 4261M->4261M(14336M), 0.0074479 secs]
 [Times: user=0.07 sys=0.00, real=0.01 secs] 
2022-11-02T19:50:36.275-0600: 264536.696: [GC pause (G1 Evacuation Pause) (young), 0.0264726 secs]
   [Parallel Time: 18.7 ms, GC Workers: 14]
      [GC Worker Start (ms): Min: 264536695.8, Avg: 264536695.9, Max: 264536696.0, Diff: 0.2]
      [Ext Root Scanning (ms): Min: 0.3, Avg: 0.8, Max: 4.5, Diff: 4.2, Sum: 10.9]
      [Update RS (ms): Min: 3.0, Avg: 6.7, Max: 7.2, Diff: 4.2, Sum: 93.5]
         [Processed Buffers: Min: 11, Avg: 24.7, Max: 37, Diff: 26, Sum: 346]
      [Scan RS (ms): Min: 0.0, Avg: 0.0, Max: 0.1, Diff: 0.1, Sum: 0.4]
      [Code Root Scanning (ms): Min: 0.0, Avg: 0.0, Max: 0.0, Diff: 0.0, Sum: 0.0]
      [Object Copy (ms): Min: 10.3, Avg: 10.4, Max: 10.5, Diff: 0.2, Sum: 145.9]
      [Termination (ms): Min: 0.0, Avg: 0.0, Max: 0.0, Diff: 0.0, Sum: 0.1]
         [Termination Attempts: Min: 1, Avg: 10.1, Max: 14, Diff: 13, Sum: 142]
      [GC Worker Other (ms): Min: 0.0, Avg: 0.1, Max: 0.4, Diff: 0.4, Sum: 1.7]
      [GC Worker Total (ms): Min: 17.8, Avg: 18.0, Max: 18.4, Diff: 0.6, Sum: 252.5]
      [GC Worker End (ms): Min: 264536713.8, Avg: 264536714.0, Max: 264536714.2, Diff: 0.4]
   [Code Root Fixup: 0.0 ms]
   [Code Root Purge: 0.0 ms]
   [Clear CT: 0.3 ms]
   [Other: 7.4 ms]
      [Choose CSet: 0.0 ms]
      [Ref Proc: 6.4 ms]
      [Ref Enq: 0.3 ms]
      [Redirty Cards: 0.3 ms]
      [Humongous Register: 0.0 ms]
      [Humongous Reclaim: 0.0 ms]
      [Free CSet: 0.3 ms]
   [Eden: 6944.0M(6944.0M)->0.0B(5584.0M) Survivors: 224.0M->144.0M Heap: 10941.1M(14336.0M)->4112.0M(14336.0M)]
 [Times: user=0.27 sys=0.00, real=0.03 secs] 
2022-11-02T19:50:54.567-0600: 264554.988: [GC pause (G1 Evacuation Pause) (mixed), 0.0451216 secs]
   [Parallel Time: 37.0 ms, GC Workers: 14]
      [GC Worker Start (ms): Min: 264554987.9, Avg: 264554988.0, Max: 264554988.1, Diff: 0.2]
      [Ext Root Scanning (ms): Min: 0.3, Avg: 1.4, Max: 7.1, Diff: 6.8, Sum: 19.8]
      [Update RS (ms): Min: 1.8, Avg: 6.5, Max: 8.5, Diff: 6.7, Sum: 91.3]
         [Processed Buffers: Min: 4, Avg: 20.2, Max: 33, Diff: 29, Sum: 283]
      [Scan RS (ms): Min: 3.6, Avg: 5.4, Max: 5.9, Diff: 2.3, Sum: 74.9]
      [Code Root Scanning (ms): Min: 0.0, Avg: 0.3, Max: 2.3, Diff: 2.3, Sum: 4.1]
      [Object Copy (ms): Min: 18.7, Avg: 20.1, Max: 25.7, Diff: 6.9, Sum: 281.8]
      [Termination (ms): Min: 0.0, Avg: 2.9, Max: 3.2, Diff: 3.2, Sum: 40.9]
         [Termination Attempts: Min: 1, Avg: 58.2, Max: 86, Diff: 85, Sum: 815]
      [GC Worker Other (ms): Min: 0.0, Avg: 0.0, Max: 0.0, Diff: 0.0, Sum: 0.1]
      [GC Worker Total (ms): Min: 36.5, Avg: 36.6, Max: 36.7, Diff: 0.2, Sum: 512.8]
      [GC Worker End (ms): Min: 264555024.6, Avg: 264555024.6, Max: 264555024.7, Diff: 0.1]
   [Code Root Fixup: 0.1 ms]
   [Code Root Purge: 0.0 ms]
   [Clear CT: 0.5 ms]
   [Other: 7.5 ms]
      [Choose CSet: 0.1 ms]
      [Ref Proc: 6.1 ms]
      [Ref Enq: 0.2 ms]
      [Redirty Cards: 0.4 ms]
      [Humongous Register: 0.0 ms]
      [Humongous Reclaim: 0.0 ms]
      [Free CSet: 0.5 ms]
   [Eden: 5584.0M(5584.0M)->0.0B(7120.0M) Survivors: 144.0M->49152.0K Heap: 9696.0M(14336.0M)->3847.4M(14336.0M)]
 [Times: user=0.51 sys=0.00, real=0.05 secs] 
2022-11-02T19:51:19.166-0600: 264579.586: [GC pause (G1 Evacuation Pause) (young), 0.0222031 secs]
   [Parallel Time: 15.7 ms, GC Workers: 14]
      [GC Worker Start (ms): Min: 264579586.1, Avg: 264579586.2, Max: 264579586.4, Diff: 0.2]
      [Ext Root Scanning (ms): Min: 0.3, Avg: 0.8, Max: 4.1, Diff: 3.8, Sum: 10.5]
      [Update RS (ms): Min: 9.3, Avg: 12.7, Max: 13.2, Diff: 3.9, Sum: 177.9]
         [Processed Buffers: Min: 30, Avg: 39.3, Max: 50, Diff: 20, Sum: 550]
      [Scan RS (ms): Min: 0.0, Avg: 0.1, Max: 0.1, Diff: 0.1, Sum: 0.7]
      [Code Root Scanning (ms): Min: 0.0, Avg: 0.0, Max: 0.0, Diff: 0.0, Sum: 0.0]
      [Object Copy (ms): Min: 1.4, Avg: 1.5, Max: 1.6, Diff: 0.2, Sum: 21.5]
      [Termination (ms): Min: 0.0, Avg: 0.0, Max: 0.1, Diff: 0.0, Sum: 0.4]
         [Termination Attempts: Min: 6, Avg: 10.4, Max: 15, Diff: 9, Sum: 145]
      [GC Worker Other (ms): Min: 0.0, Avg: 0.0, Max: 0.1, Diff: 0.1, Sum: 0.4]
      [GC Worker Total (ms): Min: 14.9, Avg: 15.1, Max: 15.2, Diff: 0.3, Sum: 211.4]
      [GC Worker End (ms): Min: 264579601.3, Avg: 264579601.3, Max: 264579601.4, Diff: 0.1]
   [Code Root Fixup: 0.0 ms]
   [Code Root Purge: 0.0 ms]
   [Clear CT: 0.4 ms]
   [Other: 6.1 ms]
      [Choose CSet: 0.0 ms]
      [Ref Proc: 4.9 ms]
      [Ref Enq: 0.2 ms]
      [Redirty Cards: 0.6 ms]
      [Humongous Register: 0.0 ms]
      [Humongous Reclaim: 0.0 ms]
      [Free CSet: 0.2 ms]
   [Eden: 7120.0M(7120.0M)->0.0B(7152.0M) Survivors: 49152.0K->16384.0K Heap: 10967.4M(14336.0M)->3950.0M(14336.0M)]
 [Times: user=0.24 sys=0.00, real=0.02 secs] 
2022-11-02T19:51:43.925-0600: 264604.345: [GC pause (G1 Evacuation Pause) (young) (initial-mark), 0.0136880 secs]
   [Parallel Time: 8.5 ms, GC Workers: 14]
      [GC Worker Start (ms): Min: 264604346.7, Avg: 264604346.9, Max: 264604347.0, Diff: 0.3]
      [Ext Root Scanning (ms): Min: 3.8, Avg: 4.0, Max: 4.1, Diff: 0.3, Sum: 56.1]
      [Update RS (ms): Min: 1.6, Avg: 1.8, Max: 2.4, Diff: 0.8, Sum: 25.6]
         [Processed Buffers: Min: 2, Avg: 6.1, Max: 11, Diff: 9, Sum: 85]
      [Scan RS (ms): Min: 0.0, Avg: 0.0, Max: 0.1, Diff: 0.0, Sum: 0.3]
      [Code Root Scanning (ms): Min: 0.0, Avg: 0.0, Max: 0.0, Diff: 0.0, Sum: 0.0]
      [Object Copy (ms): Min: 0.2, Avg: 0.8, Max: 0.9, Diff: 0.7, Sum: 10.8]
      [Termination (ms): Min: 0.0, Avg: 0.0, Max: 0.0, Diff: 0.0, Sum: 0.0]
         [Termination Attempts: Min: 1, Avg: 1.1, Max: 2, Diff: 1, Sum: 15]
      [GC Worker Other (ms): Min: 0.0, Avg: 0.0, Max: 0.1, Diff: 0.1, Sum: 0.6]
      [GC Worker Total (ms): Min: 6.5, Avg: 6.7, Max: 6.8, Diff: 0.3, Sum: 93.5]
      [GC Worker End (ms): Min: 264604353.5, Avg: 264604353.5, Max: 264604353.6, Diff: 0.1]
   [Code Root Fixup: 0.0 ms]
   [Code Root Purge: 0.0 ms]
   [Clear CT: 0.3 ms]
   [Other: 4.8 ms]
      [Choose CSet: 0.0 ms]
      [Ref Proc: 3.8 ms]
      [Ref Enq: 0.4 ms]
      [Redirty Cards: 0.2 ms]
      [Humongous Register: 0.0 ms]
      [Humongous Reclaim: 0.0 ms]
      [Free CSet: 0.2 ms]
   [Eden: 7152.0M(7152.0M)->0.0B(7152.0M) Survivors: 16384.0K->16384.0K Heap: 11102.0M(14336.0M)->3980.2M(14336.0M)]
 [Times: user=0.10 sys=0.00, real=0.01 secs] 
2022-11-02T19:51:43.939-0600: 264604.359: [GC concurrent-root-region-scan-start]
2022-11-02T19:51:43.945-0600: 264604.365: [GC concurrent-root-region-scan-end, 0.0066061 secs]
2022-11-02T19:51:43.945-0600: 264604.365: [GC concurrent-mark-start]
2022-11-02T19:51:44.642-0600: 264605.063: [GC concurrent-mark-end, 0.6972647 secs]
2022-11-02T19:51:44.643-0600: 264605.063: [GC remark 2022-11-02T19:51:44.643-0600: 264605.063: [Finalize Marking, 0.0014138 secs] 2022-11-02T19:51:44.644-0600: 264605.064: [GC ref-proc, 0.0094682 secs] 2022-11-02T19:51:44.654-0600: 264605.074: [Unloading, 0.0230069 secs], 0.0365512 secs]
 [Times: user=0.35 sys=0.00, real=0.03 secs] 
2022-11-02T19:51:44.679-0600: 264605.100: [GC cleanup 4284M->4284M(14336M), 0.0060965 secs]
 [Times: user=0.06 sys=0.00, real=0.01 secs] 
2022-11-02T19:52:08.278-0600: 264628.698: [GC pause (G1 Evacuation Pause) (young), 0.0150506 secs]
   [Parallel Time: 7.6 ms, GC Workers: 14]
      [GC Worker Start (ms): Min: 264628698.5, Avg: 264628698.6, Max: 264628698.7, Diff: 0.3]
      [Ext Root Scanning (ms): Min: 0.3, Avg: 1.0, Max: 7.3, Diff: 7.0, Sum: 13.6]
      [Update RS (ms): Min: 0.0, Avg: 1.0, Max: 1.3, Diff: 1.3, Sum: 13.3]
         [Processed Buffers: Min: 0, Avg: 4.4, Max: 10, Diff: 10, Sum: 61]
      [Scan RS (ms): Min: 0.0, Avg: 0.0, Max: 0.1, Diff: 0.1, Sum: 0.4]
      [Code Root Scanning (ms): Min: 0.0, Avg: 0.0, Max: 0.0, Diff: 0.0, Sum: 0.0]
      [Object Copy (ms): Min: 0.0, Avg: 0.9, Max: 1.0, Diff: 1.0, Sum: 12.5]
      [Termination (ms): Min: 0.0, Avg: 4.4, Max: 4.8, Diff: 4.8, Sum: 61.2]
         [Termination Attempts: Min: 1, Avg: 1.0, Max: 1, Diff: 0, Sum: 14]
      [GC Worker Other (ms): Min: 0.0, Avg: 0.0, Max: 0.0, Diff: 0.0, Sum: 0.1]
      [GC Worker Total (ms): Min: 7.1, Avg: 7.2, Max: 7.4, Diff: 0.3, Sum: 101.0]
      [GC Worker End (ms): Min: 264628705.8, Avg: 264628705.8, Max: 264628705.9, Diff: 0.1]
   [Code Root Fixup: 0.0 ms]
   [Code Root Purge: 0.0 ms]
   [Clear CT: 0.9 ms]
   [Other: 6.5 ms]
      [Choose CSet: 0.0 ms]
      [Ref Proc: 5.6 ms]
      [Ref Enq: 0.3 ms]
      [Redirty Cards: 0.3 ms]
      [Humongous Register: 0.0 ms]
      [Humongous Reclaim: 0.0 ms]
      [Free CSet: 0.2 ms]
   [Eden: 7152.0M(7152.0M)->0.0B(5712.0M) Survivors: 16384.0K->16384.0K Heap: 11132.2M(14336.0M)->3990.4M(14336.0M)]
 [Times: user=0.13 sys=0.00, real=0.02 secs] 
2022-11-02T19:52:27.982-0600: 264648.402: [GC pause (G1 Evacuation Pause) (mixed), 0.0429513 secs]
   [Parallel Time: 34.9 ms, GC Workers: 14]
      [GC Worker Start (ms): Min: 264648402.0, Avg: 264648402.2, Max: 264648402.3, Diff: 0.2]
      [Ext Root Scanning (ms): Min: 0.3, Avg: 1.3, Max: 11.8, Diff: 11.5, Sum: 17.9]
      [Update RS (ms): Min: 0.0, Avg: 0.7, Max: 1.0, Diff: 1.0, Sum: 10.5]
         [Processed Buffers: Min: 0, Avg: 4.1, Max: 12, Diff: 12, Sum: 58]
      [Scan RS (ms): Min: 0.1, Avg: 2.7, Max: 3.3, Diff: 3.2, Sum: 37.6]
      [Code Root Scanning (ms): Min: 0.0, Avg: 0.1, Max: 0.8, Diff: 0.8, Sum: 0.9]
      [Object Copy (ms): Min: 22.8, Avg: 29.8, Max: 30.5, Diff: 7.7, Sum: 417.2]
      [Termination (ms): Min: 0.0, Avg: 0.1, Max: 0.1, Diff: 0.1, Sum: 1.2]
         [Termination Attempts: Min: 8, Avg: 27.5, Max: 41, Diff: 33, Sum: 385]
      [GC Worker Other (ms): Min: 0.0, Avg: 0.0, Max: 0.1, Diff: 0.0, Sum: 0.3]
      [GC Worker Total (ms): Min: 34.6, Avg: 34.7, Max: 34.8, Diff: 0.2, Sum: 485.5]
      [GC Worker End (ms): Min: 264648436.8, Avg: 264648436.9, Max: 264648436.9, Diff: 0.1]
   [Code Root Fixup: 0.0 ms]
   [Code Root Purge: 0.0 ms]
   [Clear CT: 0.4 ms]
   [Other: 7.6 ms]
      [Choose CSet: 0.1 ms]
      [Ref Proc: 6.0 ms]
      [Ref Enq: 0.4 ms]
      [Redirty Cards: 0.3 ms]
      [Humongous Register: 0.0 ms]
      [Humongous Reclaim: 0.0 ms]
      [Free CSet: 0.7 ms]
   [Eden: 5712.0M(5712.0M)->0.0B(7152.0M) Survivors: 16384.0K->16384.0K Heap: 9702.4M(14336.0M)->3611.2M(14336.0M)]
 [Times: user=0.40 sys=0.00, real=0.04 secs] 
2022-11-02T19:52:51.037-0600: 264671.457: [GC pause (G1 Evacuation Pause) (young), 0.0195360 secs]
   [Parallel Time: 12.5 ms, GC Workers: 14]
      [GC Worker Start (ms): Min: 264671456.9, Avg: 264671457.0, Max: 264671457.2, Diff: 0.3]
      [Ext Root Scanning (ms): Min: 0.3, Avg: 0.8, Max: 5.3, Diff: 5.0, Sum: 11.7]
      [Update RS (ms): Min: 2.4, Avg: 6.7, Max: 7.2, Diff: 4.8, Sum: 93.2]
         [Processed Buffers: Min: 12, Avg: 39.4, Max: 51, Diff: 39, Sum: 552]
      [Scan RS (ms): Min: 0.4, Avg: 0.5, Max: 0.6, Diff: 0.2, Sum: 7.3]
      [Code Root Scanning (ms): Min: 0.0, Avg: 0.0, Max: 0.0, Diff: 0.0, Sum: 0.0]
      [Object Copy (ms): Min: 4.0, Avg: 4.0, Max: 4.1, Diff: 0.1, Sum: 56.0]
      [Termination (ms): Min: 0.0, Avg: 0.1, Max: 0.1, Diff: 0.1, Sum: 0.9]
         [Termination Attempts: Min: 1, Avg: 103.4, Max: 133, Diff: 132, Sum: 1448]
      [GC Worker Other (ms): Min: 0.0, Avg: 0.1, Max: 0.2, Diff: 0.2, Sum: 0.9]
      [GC Worker Total (ms): Min: 12.0, Avg: 12.2, Max: 12.3, Diff: 0.3, Sum: 170.1]
      [GC Worker End (ms): Min: 264671469.1, Avg: 264671469.2, Max: 264671469.3, Diff: 0.2]
   [Code Root Fixup: 0.0 ms]
   [Code Root Purge: 0.0 ms]
   [Clear CT: 0.4 ms]
   [Other: 6.6 ms]
      [Choose CSet: 0.0 ms]
      [Ref Proc: 5.0 ms]
      [Ref Enq: 0.4 ms]
      [Redirty Cards: 0.4 ms]
      [Humongous Register: 0.0 ms]
      [Humongous Reclaim: 0.0 ms]
      [Free CSet: 0.5 ms]
   [Eden: 7152.0M(7152.0M)->0.0B(7152.0M) Survivors: 16384.0K->16384.0K Heap: 10763.2M(14336.0M)->3736.0M(14336.0M)]
 [Times: user=0.20 sys=0.00, real=0.02 secs] 
2022-11-02T19:53:15.365-0600: 264695.785: [GC pause (G1 Evacuation Pause) (young) (initial-mark), 0.0238228 secs]
   [Parallel Time: 16.4 ms, GC Workers: 14]
      [GC Worker Start (ms): Min: 264695786.9, Avg: 264695787.1, Max: 264695787.2, Diff: 0.3]
      [Ext Root Scanning (ms): Min: 4.0, Avg: 4.1, Max: 4.3, Diff: 0.3, Sum: 57.6]
      [Update RS (ms): Min: 4.6, Avg: 5.8, Max: 6.2, Diff: 1.6, Sum: 80.6]
         [Processed Buffers: Min: 29, Avg: 41.0, Max: 53, Diff: 24, Sum: 574]
      [Scan RS (ms): Min: 0.0, Avg: 0.0, Max: 0.1, Diff: 0.1, Sum: 0.4]
      [Code Root Scanning (ms): Min: 0.0, Avg: 0.0, Max: 0.0, Diff: 0.0, Sum: 0.0]
      [Object Copy (ms): Min: 3.9, Avg: 4.3, Max: 5.5, Diff: 1.6, Sum: 60.4]
      [Termination (ms): Min: 0.0, Avg: 0.0, Max: 0.1, Diff: 0.1, Sum: 0.5]
         [Termination Attempts: Min: 1, Avg: 5.6, Max: 9, Diff: 8, Sum: 79]
      [GC Worker Other (ms): Min: 0.0, Avg: 0.0, Max: 0.0, Diff: 0.0, Sum: 0.2]
      [GC Worker Total (ms): Min: 14.1, Avg: 14.3, Max: 14.4, Diff: 0.3, Sum: 199.7]
      [GC Worker End (ms): Min: 264695801.3, Avg: 264695801.4, Max: 264695801.4, Diff: 0.0]
   [Code Root Fixup: 0.0 ms]
   [Code Root Purge: 0.0 ms]
   [Clear CT: 0.4 ms]
   [Other: 7.1 ms]
      [Choose CSet: 0.0 ms]
      [Ref Proc: 6.0 ms]
      [Ref Enq: 0.3 ms]
      [Redirty Cards: 0.4 ms]
      [Humongous Register: 0.0 ms]
      [Humongous Reclaim: 0.0 ms]
      [Free CSet: 0.2 ms]
   [Eden: 7152.0M(7152.0M)->0.0B(7136.0M) Survivors: 16384.0K->32768.0K Heap: 10888.0M(14336.0M)->3781.4M(14336.0M)]
 [Times: user=0.21 sys=0.00, real=0.02 secs] 
2022-11-02T19:53:15.389-0600: 264695.809: [GC concurrent-root-region-scan-start]
2022-11-02T19:53:15.398-0600: 264695.819: [GC concurrent-root-region-scan-end, 0.0095212 secs]
2022-11-02T19:53:15.398-0600: 264695.819: [GC concurrent-mark-start]
2022-11-02T19:53:16.146-0600: 264696.566: [GC concurrent-mark-end, 0.7472868 secs]
2022-11-02T19:53:16.146-0600: 264696.566: [GC remark 2022-11-02T19:53:16.146-0600: 264696.566: [Finalize Marking, 0.0004729 secs] 2022-11-02T19:53:16.146-0600: 264696.567: [GC ref-proc, 0.0077283 secs] 2022-11-02T19:53:16.154-0600: 264696.574: [Unloading, 0.0221728 secs], 0.0329551 secs]
 [Times: user=0.31 sys=0.00, real=0.03 secs] 
2022-11-02T19:53:16.179-0600: 264696.600: [GC cleanup 4029M->4029M(14336M), 0.0067714 secs]
 [Times: user=0.06 sys=0.00, real=0.01 secs] 
2022-11-02T19:53:39.636-0600: 264720.056: [GC pause (G1 Evacuation Pause) (young), 0.0160799 secs]
   [Parallel Time: 9.3 ms, GC Workers: 14]
      [GC Worker Start (ms): Min: 264720056.0, Avg: 264720056.1, Max: 264720056.2, Diff: 0.2]
      [Ext Root Scanning (ms): Min: 0.3, Avg: 0.9, Max: 7.1, Diff: 6.8, Sum: 13.0]
      [Update RS (ms): Min: 1.0, Avg: 7.1, Max: 7.8, Diff: 6.8, Sum: 99.1]
         [Processed Buffers: Min: 5, Avg: 44.9, Max: 60, Diff: 55, Sum: 628]
      [Scan RS (ms): Min: 0.0, Avg: 0.0, Max: 0.1, Diff: 0.1, Sum: 0.3]
      [Code Root Scanning (ms): Min: 0.0, Avg: 0.0, Max: 0.0, Diff: 0.0, Sum: 0.0]
      [Object Copy (ms): Min: 0.6, Avg: 0.8, Max: 0.8, Diff: 0.2, Sum: 11.0]
      [Termination (ms): Min: 0.0, Avg: 0.0, Max: 0.1, Diff: 0.0, Sum: 0.5]
         [Termination Attempts: Min: 11, Avg: 18.1, Max: 25, Diff: 14, Sum: 254]
      [GC Worker Other (ms): Min: 0.0, Avg: 0.1, Max: 0.1, Diff: 0.1, Sum: 0.7]
      [GC Worker Total (ms): Min: 8.8, Avg: 8.9, Max: 9.0, Diff: 0.2, Sum: 124.7]
      [GC Worker End (ms): Min: 264720065.0, Avg: 264720065.0, Max: 264720065.1, Diff: 0.1]
   [Code Root Fixup: 0.0 ms]
   [Code Root Purge: 0.0 ms]
   [Clear CT: 0.4 ms]
   [Other: 6.4 ms]
      [Choose CSet: 0.0 ms]
      [Ref Proc: 5.5 ms]
      [Ref Enq: 0.3 ms]
      [Redirty Cards: 0.2 ms]
      [Humongous Register: 0.0 ms]
      [Humongous Reclaim: 0.0 ms]
      [Free CSet: 0.2 ms]
   [Eden: 7136.0M(7136.0M)->0.0B(5712.0M) Survivors: 32768.0K->16384.0K Heap: 10917.4M(14336.0M)->3784.3M(14336.0M)]
 [Times: user=0.15 sys=0.00, real=0.01 secs] 
2022-11-02T19:53:59.185-0600: 264739.605: [GC pause (G1 Evacuation Pause) (mixed), 0.0268715 secs]
   [Parallel Time: 19.4 ms, GC Workers: 14]
      [GC Worker Start (ms): Min: 264739605.1, Avg: 264739605.4, Max: 264739606.5, Diff: 1.4]
      [Ext Root Scanning (ms): Min: 0.0, Avg: 1.0, Max: 8.2, Diff: 8.1, Sum: 13.9]
      [Update RS (ms): Min: 0.0, Avg: 0.9, Max: 1.3, Diff: 1.3, Sum: 12.2]
         [Processed Buffers: Min: 0, Avg: 4.2, Max: 9, Diff: 9, Sum: 59]
      [Scan RS (ms): Min: 1.0, Avg: 6.9, Max: 7.5, Diff: 6.5, Sum: 96.4]
      [Code Root Scanning (ms): Min: 0.0, Avg: 0.1, Max: 0.9, Diff: 0.9, Sum: 0.9]
      [Object Copy (ms): Min: 9.3, Avg: 9.4, Max: 9.6, Diff: 0.3, Sum: 131.3]
      [Termination (ms): Min: 0.0, Avg: 0.3, Max: 0.3, Diff: 0.3, Sum: 3.8]
         [Termination Attempts: Min: 1, Avg: 493.2, Max: 654, Diff: 653, Sum: 6905]
      [GC Worker Other (ms): Min: 0.0, Avg: 0.0, Max: 0.2, Diff: 0.2, Sum: 0.5]
      [GC Worker Total (ms): Min: 17.3, Avg: 18.5, Max: 18.8, Diff: 1.5, Sum: 258.8]
      [GC Worker End (ms): Min: 264739623.8, Avg: 264739623.9, Max: 264739624.0, Diff: 0.2]
   [Code Root Fixup: 0.0 ms]
   [Code Root Purge: 0.0 ms]
   [Clear CT: 0.5 ms]
   [Other: 6.9 ms]
      [Choose CSet: 0.0 ms]
      [Ref Proc: 5.9 ms]
      [Ref Enq: 0.2 ms]
      [Redirty Cards: 0.4 ms]
      [Humongous Register: 0.0 ms]
      [Humongous Reclaim: 0.0 ms]
      [Free CSet: 0.2 ms]
   [Eden: 5712.0M(5712.0M)->0.0B(7152.0M) Survivors: 16384.0K->16384.0K Heap: 9496.3M(14336.0M)->3608.4M(14336.0M)]
 [Times: user=0.29 sys=0.00, real=0.02 secs] 
2022-11-02T19:54:23.778-0600: 264764.198: [GC pause (G1 Evacuation Pause) (young), 0.0253570 secs]
   [Parallel Time: 17.0 ms, GC Workers: 14]
      [GC Worker Start (ms): Min: 264764198.2, Avg: 264764198.4, Max: 264764198.5, Diff: 0.3]
      [Ext Root Scanning (ms): Min: 0.3, Avg: 0.8, Max: 5.5, Diff: 5.3, Sum: 11.5]
      [Update RS (ms): Min: 3.8, Avg: 8.5, Max: 9.0, Diff: 5.2, Sum: 118.4]
         [Processed Buffers: Min: 25, Avg: 54.0, Max: 70, Diff: 45, Sum: 756]
      [Scan RS (ms): Min: 0.0, Avg: 0.0, Max: 0.1, Diff: 0.1, Sum: 0.3]
      [Code Root Scanning (ms): Min: 0.0, Avg: 0.0, Max: 0.0, Diff: 0.0, Sum: 0.0]
      [Object Copy (ms): Min: 1.3, Avg: 4.3, Max: 7.3, Diff: 6.0, Sum: 59.7]
      [Termination (ms): Min: 0.0, Avg: 3.2, Max: 6.2, Diff: 6.2, Sum: 44.3]
         [Termination Attempts: Min: 1, Avg: 3.3, Max: 9, Diff: 8, Sum: 46]
      [GC Worker Other (ms): Min: 0.0, Avg: 0.0, Max: 0.0, Diff: 0.0, Sum: 0.1]
      [GC Worker Total (ms): Min: 16.5, Avg: 16.7, Max: 16.9, Diff: 0.4, Sum: 234.3]
      [GC Worker End (ms): Min: 264764215.0, Avg: 264764215.1, Max: 264764215.2, Diff: 0.1]
   [Code Root Fixup: 0.0 ms]
   [Code Root Purge: 0.0 ms]
   [Clear CT: 0.9 ms]
   [Other: 7.5 ms]
      [Choose CSet: 0.0 ms]
      [Ref Proc: 6.7 ms]
      [Ref Enq: 0.2 ms]
      [Redirty Cards: 0.2 ms]
      [Humongous Register: 0.0 ms]
      [Humongous Reclaim: 0.0 ms]
      [Free CSet: 0.3 ms]
   [Eden: 7152.0M(7152.0M)->0.0B(7152.0M) Survivors: 16384.0K->16384.0K Heap: 10760.4M(14336.0M)->3636.8M(14336.0M)]
 [Times: user=0.21 sys=0.00, real=0.03 secs] 
2022-11-02T19:54:48.919-0600: 264789.340: [GC pause (G1 Evacuation Pause) (young) (initial-mark), 0.0142685 secs]
   [Parallel Time: 9.6 ms, GC Workers: 14]
      [GC Worker Start (ms): Min: 264789341.3, Avg: 264789341.4, Max: 264789341.6, Diff: 0.3]
      [Ext Root Scanning (ms): Min: 5.6, Avg: 5.7, Max: 5.9, Diff: 0.3, Sum: 80.2]
      [Update RS (ms): Min: 0.8, Avg: 0.9, Max: 1.1, Diff: 0.3, Sum: 12.7]
         [Processed Buffers: Min: 3, Avg: 4.6, Max: 8, Diff: 5, Sum: 64]
      [Scan RS (ms): Min: 0.0, Avg: 0.0, Max: 0.1, Diff: 0.1, Sum: 0.3]
      [Code Root Scanning (ms): Min: 0.0, Avg: 0.0, Max: 0.0, Diff: 0.0, Sum: 0.0]
      [Object Copy (ms): Min: 0.7, Avg: 0.8, Max: 0.9, Diff: 0.2, Sum: 11.3]
      [Termination (ms): Min: 0.0, Avg: 0.1, Max: 0.1, Diff: 0.1, Sum: 0.8]
         [Termination Attempts: Min: 19, Avg: 34.7, Max: 49, Diff: 30, Sum: 486]
      [GC Worker Other (ms): Min: 0.0, Avg: 0.0, Max: 0.1, Diff: 0.1, Sum: 0.4]
      [GC Worker Total (ms): Min: 7.4, Avg: 7.6, Max: 7.7, Diff: 0.3, Sum: 105.8]
      [GC Worker End (ms): Min: 264789349.0, Avg: 264789349.0, Max: 264789349.0, Diff: 0.1]
   [Code Root Fixup: 0.0 ms]
   [Code Root Purge: 0.0 ms]
   [Clear CT: 0.3 ms]
   [Other: 4.3 ms]
      [Choose CSet: 0.0 ms]
      [Ref Proc: 3.5 ms]
      [Ref Enq: 0.3 ms]
      [Redirty Cards: 0.2 ms]
      [Humongous Register: 0.0 ms]
      [Humongous Reclaim: 0.0 ms]
      [Free CSet: 0.2 ms]
   [Eden: 7152.0M(7152.0M)->0.0B(7152.0M) Survivors: 16384.0K->16384.0K Heap: 10788.8M(14336.0M)->3645.3M(14336.0M)]
 [Times: user=0.10 sys=0.00, real=0.02 secs] 
2022-11-02T19:54:48.934-0600: 264789.354: [GC concurrent-root-region-scan-start]
2022-11-02T19:54:48.943-0600: 264789.363: [GC concurrent-root-region-scan-end, 0.0088626 secs]
2022-11-02T19:54:48.943-0600: 264789.363: [GC concurrent-mark-start]
2022-11-02T19:54:49.681-0600: 264790.102: [GC concurrent-mark-end, 0.7388928 secs]
2022-11-02T19:54:49.682-0600: 264790.102: [GC remark 2022-11-02T19:54:49.682-0600: 264790.102: [Finalize Marking, 0.0015919 secs] 2022-11-02T19:54:49.684-0600: 264790.104: [GC ref-proc, 0.0132890 secs] 2022-11-02T19:54:49.697-0600: 264790.117: [Unloading, 0.0227156 secs], 0.0405623 secs]
 [Times: user=0.35 sys=0.00, real=0.04 secs] 
2022-11-02T19:54:49.723-0600: 264790.143: [GC cleanup 3861M->3861M(14336M), 0.0079629 secs]
 [Times: user=0.06 sys=0.00, real=0.00 secs] 
2022-11-02T19:55:13.285-0600: 264813.706: [GC pause (G1 Evacuation Pause) (young), 0.0131661 secs]
   [Parallel Time: 6.1 ms, GC Workers: 14]
      [GC Worker Start (ms): Min: 264813705.8, Avg: 264813705.9, Max: 264813706.0, Diff: 0.3]
      [Ext Root Scanning (ms): Min: 0.3, Avg: 0.8, Max: 5.7, Diff: 5.4, Sum: 11.6]
      [Update RS (ms): Min: 0.0, Avg: 1.2, Max: 1.5, Diff: 1.5, Sum: 16.7]
         [Processed Buffers: Min: 0, Avg: 4.4, Max: 10, Diff: 10, Sum: 61]
      [Scan RS (ms): Min: 0.0, Avg: 0.0, Max: 0.1, Diff: 0.1, Sum: 0.4]
      [Code Root Scanning (ms): Min: 0.0, Avg: 0.0, Max: 0.0, Diff: 0.0, Sum: 0.0]
      [Object Copy (ms): Min: 0.0, Avg: 1.2, Max: 1.5, Diff: 1.5, Sum: 17.4]
      [Termination (ms): Min: 0.0, Avg: 2.4, Max: 2.6, Diff: 2.6, Sum: 33.0]
         [Termination Attempts: Min: 1, Avg: 50.6, Max: 80, Diff: 79, Sum: 708]
      [GC Worker Other (ms): Min: 0.0, Avg: 0.0, Max: 0.0, Diff: 0.0, Sum: 0.1]
      [GC Worker Total (ms): Min: 5.5, Avg: 5.7, Max: 5.7, Diff: 0.2, Sum: 79.2]
      [GC Worker End (ms): Min: 264813711.5, Avg: 264813711.6, Max: 264813711.6, Diff: 0.1]
   [Code Root Fixup: 0.0 ms]
   [Code Root Purge: 0.0 ms]
   [Clear CT: 0.4 ms]
   [Other: 6.6 ms]
      [Choose CSet: 0.0 ms]
      [Ref Proc: 5.8 ms]
      [Ref Enq: 0.2 ms]
      [Redirty Cards: 0.2 ms]
      [Humongous Register: 0.0 ms]
      [Humongous Reclaim: 0.0 ms]
      [Free CSet: 0.2 ms]
   [Eden: 7152.0M(7152.0M)->0.0B(5712.0M) Survivors: 16384.0K->16384.0K Heap: 10797.3M(14336.0M)->3648.0M(14336.0M)]
 [Times: user=0.11 sys=0.00, real=0.01 secs] 
2022-11-02T19:55:32.978-0600: 264833.398: [GC pause (G1 Evacuation Pause) (mixed), 0.0218370 secs]
   [Parallel Time: 16.4 ms, GC Workers: 14]
      [GC Worker Start (ms): Min: 264833398.3, Avg: 264833398.5, Max: 264833398.6, Diff: 0.3]
      [Ext Root Scanning (ms): Min: 0.3, Avg: 0.8, Max: 4.8, Diff: 4.5, Sum: 11.7]
      [Update RS (ms): Min: 0.0, Avg: 1.0, Max: 1.4, Diff: 1.4, Sum: 14.0]
         [Processed Buffers: Min: 0, Avg: 4.0, Max: 11, Diff: 11, Sum: 56]
      [Scan RS (ms): Min: 0.6, Avg: 4.9, Max: 9.1, Diff: 8.4, Sum: 68.4]
      [Code Root Scanning (ms): Min: 0.0, Avg: 0.0, Max: 0.1, Diff: 0.1, Sum: 0.1]
      [Object Copy (ms): Min: 4.9, Avg: 8.9, Max: 10.8, Diff: 6.0, Sum: 124.7]
      [Termination (ms): Min: 0.0, Avg: 0.3, Max: 0.5, Diff: 0.5, Sum: 4.5]
         [Termination Attempts: Min: 1, Avg: 687.5, Max: 924, Diff: 923, Sum: 9625]
      [GC Worker Other (ms): Min: 0.0, Avg: 0.0, Max: 0.1, Diff: 0.1, Sum: 0.7]
      [GC Worker Total (ms): Min: 15.8, Avg: 16.0, Max: 16.1, Diff: 0.3, Sum: 224.1]
      [GC Worker End (ms): Min: 264833414.4, Avg: 264833414.5, Max: 264833414.5, Diff: 0.1]
   [Code Root Fixup: 0.0 ms]
   [Code Root Purge: 0.0 ms]
   [Clear CT: 0.4 ms]
   [Other: 5.0 ms]
      [Choose CSet: 0.0 ms]
      [Ref Proc: 3.8 ms]
      [Ref Enq: 0.3 ms]
      [Redirty Cards: 0.3 ms]
      [Humongous Register: 0.0 ms]
      [Humongous Reclaim: 0.0 ms]
      [Free CSet: 0.3 ms]
   [Eden: 5712.0M(5712.0M)->0.0B(7152.0M) Survivors: 16384.0K->16384.0K Heap: 9360.0M(14336.0M)->3596.1M(14336.0M)]
 [Times: user=0.21 sys=0.00, real=0.02 secs] 
2022-11-02T19:55:58.047-0600: 264858.468: [GC pause (G1 Evacuation Pause) (young), 0.0200134 secs]
   [Parallel Time: 13.3 ms, GC Workers: 14]
      [GC Worker Start (ms): Min: 264858467.8, Avg: 264858467.9, Max: 264858468.1, Diff: 0.3]
      [Ext Root Scanning (ms): Min: 0.3, Avg: 0.9, Max: 6.5, Diff: 6.2, Sum: 12.7]
      [Update RS (ms): Min: 0.0, Avg: 4.3, Max: 4.9, Diff: 4.9, Sum: 60.5]
         [Processed Buffers: Min: 0, Avg: 24.1, Max: 39, Diff: 39, Sum: 338]
      [Scan RS (ms): Min: 0.0, Avg: 0.0, Max: 0.1, Diff: 0.1, Sum: 0.5]
      [Code Root Scanning (ms): Min: 0.0, Avg: 0.0, Max: 0.0, Diff: 0.0, Sum: 0.0]
      [Object Copy (ms): Min: 0.1, Avg: 2.9, Max: 7.4, Diff: 7.3, Sum: 40.6]
      [Termination (ms): Min: 0.0, Avg: 4.4, Max: 6.2, Diff: 6.2, Sum: 61.1]
         [Termination Attempts: Min: 1, Avg: 27.1, Max: 47, Diff: 46, Sum: 379]
      [GC Worker Other (ms): Min: 0.0, Avg: 0.0, Max: 0.1, Diff: 0.1, Sum: 0.3]
      [GC Worker Total (ms): Min: 12.4, Avg: 12.5, Max: 12.7, Diff: 0.3, Sum: 175.7]
      [GC Worker End (ms): Min: 264858480.5, Avg: 264858480.5, Max: 264858480.6, Diff: 0.1]
   [Code Root Fixup: 0.0 ms]
   [Code Root Purge: 0.0 ms]
   [Clear CT: 0.3 ms]
   [Other: 6.4 ms]
      [Choose CSet: 0.0 ms]
      [Ref Proc: 5.0 ms]
      [Ref Enq: 0.4 ms]
      [Redirty Cards: 0.3 ms]
      [Humongous Register: 0.0 ms]
      [Humongous Reclaim: 0.0 ms]
      [Free CSet: 0.5 ms]
   [Eden: 7152.0M(7152.0M)->0.0B(7152.0M) Survivors: 16384.0K->16384.0K Heap: 10748.1M(14336.0M)->3604.9M(14336.0M)]
 [Times: user=0.17 sys=0.00, real=0.02 secs] 
2022-11-02T19:56:22.910-0600: 264883.330: [GC pause (G1 Evacuation Pause) (young) (initial-mark), 0.0211083 secs]
   [Parallel Time: 15.6 ms, GC Workers: 14]
      [GC Worker Start (ms): Min: 264883332.4, Avg: 264883332.7, Max: 264883332.8, Diff: 0.4]
      [Ext Root Scanning (ms): Min: 3.8, Avg: 4.0, Max: 4.3, Diff: 0.5, Sum: 55.8]
      [Update RS (ms): Min: 0.8, Avg: 0.9, Max: 1.1, Diff: 0.3, Sum: 13.0]
         [Processed Buffers: Min: 3, Avg: 4.4, Max: 9, Diff: 6, Sum: 61]
      [Scan RS (ms): Min: 0.0, Avg: 0.0, Max: 0.1, Diff: 0.1, Sum: 0.3]
      [Code Root Scanning (ms): Min: 0.0, Avg: 0.0, Max: 0.0, Diff: 0.0, Sum: 0.0]
      [Object Copy (ms): Min: 7.4, Avg: 7.6, Max: 7.8, Diff: 0.4, Sum: 106.7]
      [Termination (ms): Min: 0.0, Avg: 0.2, Max: 0.3, Diff: 0.3, Sum: 3.1]
         [Termination Attempts: Min: 1, Avg: 3.6, Max: 8, Diff: 7, Sum: 51]
      [GC Worker Other (ms): Min: 0.0, Avg: 0.0, Max: 0.0, Diff: 0.0, Sum: 0.1]
      [GC Worker Total (ms): Min: 12.6, Avg: 12.8, Max: 13.0, Diff: 0.4, Sum: 179.0]
      [GC Worker End (ms): Min: 264883345.4, Avg: 264883345.4, Max: 264883345.5, Diff: 0.1]
   [Code Root Fixup: 0.0 ms]
   [Code Root Purge: 0.0 ms]
   [Clear CT: 0.4 ms]
   [Other: 5.2 ms]
      [Choose CSet: 0.0 ms]
      [Ref Proc: 4.3 ms]
      [Ref Enq: 0.2 ms]
      [Redirty Cards: 0.2 ms]
      [Humongous Register: 0.0 ms]
      [Humongous Reclaim: 0.0 ms]
      [Free CSet: 0.2 ms]
   [Eden: 7152.0M(7152.0M)->0.0B(7152.0M) Survivors: 16384.0K->16384.0K Heap: 10756.9M(14336.0M)->3607.6M(14336.0M)]
 [Times: user=0.09 sys=0.00, real=0.02 secs] 
2022-11-02T19:56:22.931-0600: 264883.351: [GC concurrent-root-region-scan-start]
2022-11-02T19:56:22.938-0600: 264883.358: [GC concurrent-root-region-scan-end, 0.0069145 secs]
2022-11-02T19:56:22.938-0600: 264883.358: [GC concurrent-mark-start]
2022-11-02T19:56:23.621-0600: 264884.042: [GC concurrent-mark-end, 0.6833244 secs]
2022-11-02T19:56:23.622-0600: 264884.042: [GC remark 2022-11-02T19:56:23.622-0600: 264884.042: [Finalize Marking, 0.0005830 secs] 2022-11-02T19:56:23.622-0600: 264884.042: [GC ref-proc, 0.0080780 secs] 2022-11-02T19:56:23.630-0600: 264884.051: [Unloading, 0.0225988 secs], 0.0336908 secs]
 [Times: user=0.32 sys=0.00, real=0.03 secs] 
2022-11-02T19:56:23.656-0600: 264884.076: [GC cleanup 3831M->3831M(14336M), 0.0071043 secs]
 [Times: user=0.06 sys=0.00, real=0.01 secs] 
2022-11-02T19:56:47.981-0600: 264908.401: [GC pause (G1 Evacuation Pause) (young), 0.0096654 secs]
   [Parallel Time: 3.9 ms, GC Workers: 14]
      [GC Worker Start (ms): Min: 264908401.5, Avg: 264908401.6, Max: 264908401.7, Diff: 0.2]
      [Ext Root Scanning (ms): Min: 0.3, Avg: 0.7, Max: 3.5, Diff: 3.2, Sum: 9.7]
      [Update RS (ms): Min: 0.0, Avg: 1.0, Max: 1.2, Diff: 1.2, Sum: 13.5]
         [Processed Buffers: Min: 0, Avg: 4.1, Max: 9, Diff: 9, Sum: 58]
      [Scan RS (ms): Min: 0.0, Avg: 0.0, Max: 0.1, Diff: 0.1, Sum: 0.4]
      [Code Root Scanning (ms): Min: 0.0, Avg: 0.0, Max: 0.0, Diff: 0.0, Sum: 0.0]
      [Object Copy (ms): Min: 0.0, Avg: 0.8, Max: 0.9, Diff: 0.9, Sum: 11.1]
      [Termination (ms): Min: 0.0, Avg: 1.0, Max: 1.1, Diff: 1.1, Sum: 13.6]
         [Termination Attempts: Min: 1, Avg: 1.8, Max: 3, Diff: 2, Sum: 25]
      [GC Worker Other (ms): Min: 0.0, Avg: 0.0, Max: 0.0, Diff: 0.0, Sum: 0.1]
      [GC Worker Total (ms): Min: 3.4, Avg: 3.5, Max: 3.6, Diff: 0.2, Sum: 48.5]
      [GC Worker End (ms): Min: 264908405.1, Avg: 264908405.1, Max: 264908405.1, Diff: 0.1]
   [Code Root Fixup: 0.0 ms]
   [Code Root Purge: 0.0 ms]
   [Clear CT: 0.3 ms]
   [Other: 5.5 ms]
      [Choose CSet: 0.0 ms]
      [Ref Proc: 4.2 ms]
      [Ref Enq: 0.4 ms]
      [Redirty Cards: 0.3 ms]
      [Humongous Register: 0.0 ms]
      [Humongous Reclaim: 0.0 ms]
      [Free CSet: 0.4 ms]
   [Eden: 7152.0M(7152.0M)->0.0B(5712.0M) Survivors: 16384.0K->16384.0K Heap: 10759.6M(14336.0M)->3609.9M(14336.0M)]
 [Times: user=0.07 sys=0.00, real=0.00 secs] 
2022-11-02T19:57:07.985-0600: 264928.405: [GC pause (G1 Evacuation Pause) (mixed), 0.0247905 secs]
   [Parallel Time: 19.5 ms, GC Workers: 14]
      [GC Worker Start (ms): Min: 264928405.4, Avg: 264928405.5, Max: 264928405.6, Diff: 0.3]
      [Ext Root Scanning (ms): Min: 0.2, Avg: 0.9, Max: 6.6, Diff: 6.3, Sum: 12.0]
      [Update RS (ms): Min: 0.0, Avg: 0.9, Max: 1.1, Diff: 1.1, Sum: 12.0]
         [Processed Buffers: Min: 0, Avg: 3.8, Max: 10, Diff: 10, Sum: 53]
      [Scan RS (ms): Min: 0.0, Avg: 2.1, Max: 2.4, Diff: 2.4, Sum: 29.7]
      [Code Root Scanning (ms): Min: 0.0, Avg: 0.0, Max: 0.1, Diff: 0.1, Sum: 0.1]
      [Object Copy (ms): Min: 8.4, Avg: 11.3, Max: 15.3, Diff: 6.9, Sum: 158.3]
      [Termination (ms): Min: 0.0, Avg: 3.9, Max: 4.3, Diff: 4.3, Sum: 55.3]
         [Termination Attempts: Min: 1, Avg: 291.7, Max: 345, Diff: 344, Sum: 4084]
      [GC Worker Other (ms): Min: 0.0, Avg: 0.0, Max: 0.0, Diff: 0.0, Sum: 0.1]
      [GC Worker Total (ms): Min: 19.0, Avg: 19.1, Max: 19.3, Diff: 0.3, Sum: 267.5]
      [GC Worker End (ms): Min: 264928424.6, Avg: 264928424.6, Max: 264928424.6, Diff: 0.1]
   [Code Root Fixup: 0.0 ms]
   [Code Root Purge: 0.0 ms]
   [Clear CT: 0.5 ms]
   [Other: 4.8 ms]
      [Choose CSet: 0.0 ms]
      [Ref Proc: 3.9 ms]
      [Ref Enq: 0.3 ms]
      [Redirty Cards: 0.2 ms]
      [Humongous Register: 0.0 ms]
      [Humongous Reclaim: 0.0 ms]
      [Free CSet: 0.2 ms]
   [Eden: 5712.0M(5712.0M)->0.0B(7152.0M) Survivors: 16384.0K->16384.0K Heap: 9321.9M(14336.0M)->3598.4M(14336.0M)]
 [Times: user=0.17 sys=0.00, real=0.02 secs] 
2022-11-02T19:57:32.379-0600: 264952.799: [GC pause (G1 Evacuation Pause) (young), 0.0123867 secs]
   [Parallel Time: 7.2 ms, GC Workers: 14]
      [GC Worker Start (ms): Min: 264952799.1, Avg: 264952799.2, Max: 264952799.3, Diff: 0.2]
      [Ext Root Scanning (ms): Min: 0.3, Avg: 0.9, Max: 6.9, Diff: 6.7, Sum: 12.6]
      [Update RS (ms): Min: 0.0, Avg: 2.9, Max: 3.3, Diff: 3.3, Sum: 40.6]
         [Processed Buffers: Min: 0, Avg: 17.8, Max: 26, Diff: 26, Sum: 249]
      [Scan RS (ms): Min: 0.0, Avg: 0.0, Max: 0.1, Diff: 0.0, Sum: 0.3]
      [Code Root Scanning (ms): Min: 0.0, Avg: 0.0, Max: 0.0, Diff: 0.0, Sum: 0.0]
      [Object Copy (ms): Min: 0.0, Avg: 2.7, Max: 3.0, Diff: 3.0, Sum: 37.7]
      [Termination (ms): Min: 0.0, Avg: 0.4, Max: 0.5, Diff: 0.5, Sum: 5.5]
         [Termination Attempts: Min: 1, Avg: 4.3, Max: 7, Diff: 6, Sum: 60]
      [GC Worker Other (ms): Min: 0.0, Avg: 0.0, Max: 0.1, Diff: 0.1, Sum: 0.3]
      [GC Worker Total (ms): Min: 6.8, Avg: 6.9, Max: 7.1, Diff: 0.2, Sum: 97.1]
      [GC Worker End (ms): Min: 264952806.1, Avg: 264952806.1, Max: 264952806.2, Diff: 0.1]
   [Code Root Fixup: 0.0 ms]
   [Code Root Purge: 0.0 ms]
   [Clear CT: 0.3 ms]
   [Other: 4.9 ms]
      [Choose CSet: 0.0 ms]
      [Ref Proc: 4.1 ms]
      [Ref Enq: 0.3 ms]
      [Redirty Cards: 0.2 ms]
      [Humongous Register: 0.0 ms]
      [Humongous Reclaim: 0.0 ms]
      [Free CSet: 0.2 ms]
   [Eden: 7152.0M(7152.0M)->0.0B(7136.0M) Survivors: 16384.0K->32768.0K Heap: 10750.4M(14336.0M)->3611.7M(14336.0M)]
 [Times: user=0.11 sys=0.00, real=0.01 secs] 
2022-11-02T19:57:56.625-0600: 264977.045: [GC pause (G1 Evacuation Pause) (young) (initial-mark), 0.0152142 secs]
   [Parallel Time: 9.6 ms, GC Workers: 14]
      [GC Worker Start (ms): Min: 264977046.7, Avg: 264977047.3, Max: 264977047.8, Diff: 1.1]
      [Ext Root Scanning (ms): Min: 3.4, Avg: 3.9, Max: 4.5, Diff: 1.0, Sum: 54.5]
      [Update RS (ms): Min: 0.6, Avg: 0.9, Max: 1.2, Diff: 0.6, Sum: 12.7]
         [Processed Buffers: Min: 3, Avg: 4.8, Max: 9, Diff: 6, Sum: 67]
      [Scan RS (ms): Min: 0.0, Avg: 0.0, Max: 0.1, Diff: 0.0, Sum: 0.3]
      [Code Root Scanning (ms): Min: 0.0, Avg: 0.0, Max: 0.0, Diff: 0.0, Sum: 0.0]
      [Object Copy (ms): Min: 1.8, Avg: 2.1, Max: 2.3, Diff: 0.5, Sum: 29.2]
      [Termination (ms): Min: 0.0, Avg: 0.2, Max: 0.3, Diff: 0.3, Sum: 3.3]
         [Termination Attempts: Min: 1, Avg: 4.6, Max: 14, Diff: 13, Sum: 65]
      [GC Worker Other (ms): Min: 0.0, Avg: 0.0, Max: 0.0, Diff: 0.0, Sum: 0.1]
      [GC Worker Total (ms): Min: 6.7, Avg: 7.2, Max: 7.7, Diff: 1.1, Sum: 100.2]
      [GC Worker End (ms): Min: 264977054.4, Avg: 264977054.5, Max: 264977054.5, Diff: 0.1]
   [Code Root Fixup: 0.0 ms]
   [Code Root Purge: 0.0 ms]
   [Clear CT: 0.3 ms]
   [Other: 5.3 ms]
      [Choose CSet: 0.0 ms]
      [Ref Proc: 4.5 ms]
      [Ref Enq: 0.3 ms]
      [Redirty Cards: 0.2 ms]
      [Humongous Register: 0.0 ms]
      [Humongous Reclaim: 0.0 ms]
      [Free CSet: 0.2 ms]
   [Eden: 7136.0M(7136.0M)->0.0B(7136.0M) Survivors: 32768.0K->32768.0K Heap: 10747.7M(14336.0M)->3621.0M(14336.0M)]
 [Times: user=0.09 sys=0.01, real=0.01 secs] 
2022-11-02T19:57:56.640-0600: 264977.060: [GC concurrent-root-region-scan-start]
2022-11-02T19:57:56.646-0600: 264977.067: [GC concurrent-root-region-scan-end, 0.0066373 secs]
2022-11-02T19:57:56.646-0600: 264977.067: [GC concurrent-mark-start]
2022-11-02T19:57:57.369-0600: 264977.790: [GC concurrent-mark-end, 0.7228142 secs]
2022-11-02T19:57:57.370-0600: 264977.790: [GC remark 2022-11-02T19:57:57.370-0600: 264977.790: [Finalize Marking, 0.0005691 secs] 2022-11-02T19:57:57.370-0600: 264977.791: [GC ref-proc, 0.0071932 secs] 2022-11-02T19:57:57.377-0600: 264977.798: [Unloading, 0.0226870 secs], 0.0335736 secs]
 [Times: user=0.32 sys=0.00, real=0.04 secs] 
2022-11-02T19:57:57.403-0600: 264977.824: [GC cleanup 3837M->3837M(14336M), 0.0064646 secs]
 [Times: user=0.06 sys=0.00, real=0.00 secs] 
2022-11-02T19:58:19.822-0600: 265000.243: [GC pause (G1 Evacuation Pause) (young), 0.0111175 secs]
   [Parallel Time: 6.1 ms, GC Workers: 14]
      [GC Worker Start (ms): Min: 265000242.8, Avg: 265000242.9, Max: 265000242.9, Diff: 0.2]
      [Ext Root Scanning (ms): Min: 0.3, Avg: 0.9, Max: 5.5, Diff: 5.1, Sum: 12.3]
      [Update RS (ms): Min: 0.0, Avg: 1.2, Max: 1.6, Diff: 1.6, Sum: 16.4]
         [Processed Buffers: Min: 0, Avg: 5.1, Max: 10, Diff: 10, Sum: 72]
      [Scan RS (ms): Min: 0.0, Avg: 0.0, Max: 0.1, Diff: 0.1, Sum: 0.5]
      [Code Root Scanning (ms): Min: 0.0, Avg: 0.0, Max: 0.0, Diff: 0.0, Sum: 0.0]
      [Object Copy (ms): Min: 0.0, Avg: 0.8, Max: 1.0, Diff: 1.0, Sum: 11.9]
      [Termination (ms): Min: 0.0, Avg: 2.5, Max: 2.7, Diff: 2.7, Sum: 34.5]
         [Termination Attempts: Min: 1, Avg: 7.9, Max: 12, Diff: 11, Sum: 111]
      [GC Worker Other (ms): Min: 0.0, Avg: 0.0, Max: 0.0, Diff: 0.0, Sum: 0.1]
      [GC Worker Total (ms): Min: 5.3, Avg: 5.4, Max: 5.5, Diff: 0.2, Sum: 75.6]
      [GC Worker End (ms): Min: 265000248.2, Avg: 265000248.3, Max: 265000248.3, Diff: 0.1]
   [Code Root Fixup: 0.0 ms]
   [Code Root Purge: 0.0 ms]
   [Clear CT: 0.5 ms]
   [Other: 4.5 ms]
      [Choose CSet: 0.0 ms]
      [Ref Proc: 3.7 ms]
      [Ref Enq: 0.2 ms]
      [Redirty Cards: 0.2 ms]
      [Humongous Register: 0.0 ms]
      [Humongous Reclaim: 0.0 ms]
      [Free CSet: 0.2 ms]
   [Eden: 7136.0M(7136.0M)->0.0B(5712.0M) Survivors: 32768.0K->16384.0K Heap: 10757.0M(14336.0M)->3605.7M(14336.0M)]
 [Times: user=0.10 sys=0.00, real=0.01 secs] 
2022-11-02T19:58:38.229-0600: 265018.650: [GC pause (G1 Evacuation Pause) (mixed), 0.0143846 secs]
   [Parallel Time: 9.2 ms, GC Workers: 14]
      [GC Worker Start (ms): Min: 265018649.6, Avg: 265018649.7, Max: 265018649.8, Diff: 0.2]
      [Ext Root Scanning (ms): Min: 0.3, Avg: 0.9, Max: 7.3, Diff: 7.0, Sum: 12.9]
      [Update RS (ms): Min: 0.0, Avg: 0.9, Max: 1.1, Diff: 1.1, Sum: 12.3]
         [Processed Buffers: Min: 0, Avg: 4.2, Max: 10, Diff: 10, Sum: 59]
      [Scan RS (ms): Min: 0.3, Avg: 2.2, Max: 7.6, Diff: 7.3, Sum: 30.9]
      [Code Root Scanning (ms): Min: 0.0, Avg: 0.0, Max: 0.0, Diff: 0.0, Sum: 0.0]
      [Object Copy (ms): Min: 0.0, Avg: 2.3, Max: 5.3, Diff: 5.3, Sum: 32.1]
      [Termination (ms): Min: 0.0, Avg: 2.6, Max: 3.9, Diff: 3.9, Sum: 37.0]
         [Termination Attempts: Min: 1, Avg: 17.1, Max: 41, Diff: 40, Sum: 239]
      [GC Worker Other (ms): Min: 0.0, Avg: 0.0, Max: 0.0, Diff: 0.0, Sum: 0.1]
      [GC Worker Total (ms): Min: 8.8, Avg: 8.9, Max: 9.0, Diff: 0.2, Sum: 125.2]
      [GC Worker End (ms): Min: 265018658.6, Avg: 265018658.7, Max: 265018658.7, Diff: 0.1]
   [Code Root Fixup: 0.0 ms]
   [Code Root Purge: 0.0 ms]
   [Clear CT: 0.5 ms]
   [Other: 4.7 ms]
      [Choose CSet: 0.0 ms]
      [Ref Proc: 4.0 ms]
      [Ref Enq: 0.3 ms]
      [Redirty Cards: 0.2 ms]
      [Humongous Register: 0.0 ms]
      [Humongous Reclaim: 0.0 ms]
      [Free CSet: 0.2 ms]
   [Eden: 5712.0M(5712.0M)->0.0B(7152.0M) Survivors: 16384.0K->16384.0K Heap: 9317.7M(14336.0M)->3591.0M(14336.0M)]
 [Times: user=0.12 sys=0.00, real=0.02 secs] 
2022-11-02T19:59:01.938-0600: 265042.358: [GC pause (G1 Evacuation Pause) (young), 0.0102758 secs]
   [Parallel Time: 5.2 ms, GC Workers: 14]
      [GC Worker Start (ms): Min: 265042358.1, Avg: 265042358.3, Max: 265042358.5, Diff: 0.3]
      [Ext Root Scanning (ms): Min: 0.2, Avg: 0.8, Max: 4.9, Diff: 4.7, Sum: 10.7]
      [Update RS (ms): Min: 0.0, Avg: 1.9, Max: 2.3, Diff: 2.3, Sum: 26.2]
         [Processed Buffers: Min: 0, Avg: 8.1, Max: 15, Diff: 15, Sum: 114]
      [Scan RS (ms): Min: 0.0, Avg: 0.0, Max: 0.1, Diff: 0.1, Sum: 0.4]
      [Code Root Scanning (ms): Min: 0.0, Avg: 0.0, Max: 0.0, Diff: 0.0, Sum: 0.0]
      [Object Copy (ms): Min: 0.0, Avg: 0.8, Max: 0.9, Diff: 0.9, Sum: 10.6]
      [Termination (ms): Min: 0.0, Avg: 1.4, Max: 1.5, Diff: 1.5, Sum: 19.2]
         [Termination Attempts: Min: 1, Avg: 1.4, Max: 2, Diff: 1, Sum: 20]
      [GC Worker Other (ms): Min: 0.0, Avg: 0.0, Max: 0.0, Diff: 0.0, Sum: 0.1]
      [GC Worker Total (ms): Min: 4.6, Avg: 4.8, Max: 5.0, Diff: 0.4, Sum: 67.2]
      [GC Worker End (ms): Min: 265042363.0, Avg: 265042363.1, Max: 265042363.1, Diff: 0.1]
   [Code Root Fixup: 0.0 ms]
   [Code Root Purge: 0.0 ms]
   [Clear CT: 0.3 ms]
   [Other: 4.8 ms]
      [Choose CSet: 0.0 ms]
      [Ref Proc: 4.2 ms]
      [Ref Enq: 0.2 ms]
      [Redirty Cards: 0.2 ms]
      [Humongous Register: 0.0 ms]
      [Humongous Reclaim: 0.0 ms]
      [Free CSet: 0.1 ms]
   [Eden: 7152.0M(7152.0M)->0.0B(7152.0M) Survivors: 16384.0K->16384.0K Heap: 10743.0M(14336.0M)->3594.6M(14336.0M)]
 [Times: user=0.09 sys=0.00, real=0.01 secs] 
2022-11-02T19:59:25.373-0600: 265065.793: [GC pause (G1 Evacuation Pause) (young) (initial-mark), 0.0135984 secs]
   [Parallel Time: 8.7 ms, GC Workers: 14]
      [GC Worker Start (ms): Min: 265065794.3, Avg: 265065794.4, Max: 265065794.5, Diff: 0.2]
      [Ext Root Scanning (ms): Min: 4.7, Avg: 4.9, Max: 5.0, Diff: 0.2, Sum: 67.9]
      [Update RS (ms): Min: 0.8, Avg: 1.0, Max: 1.1, Diff: 0.3, Sum: 13.5]
         [Processed Buffers: Min: 3, Avg: 4.4, Max: 6, Diff: 3, Sum: 62]
      [Scan RS (ms): Min: 0.0, Avg: 0.0, Max: 0.1, Diff: 0.1, Sum: 0.4]
      [Code Root Scanning (ms): Min: 0.0, Avg: 0.0, Max: 0.0, Diff: 0.0, Sum: 0.0]
      [Object Copy (ms): Min: 0.7, Avg: 0.9, Max: 1.2, Diff: 0.5, Sum: 12.5]
      [Termination (ms): Min: 0.0, Avg: 0.5, Max: 0.6, Diff: 0.6, Sum: 7.5]
         [Termination Attempts: Min: 1, Avg: 2.7, Max: 5, Diff: 4, Sum: 38]
      [GC Worker Other (ms): Min: 0.0, Avg: 0.0, Max: 0.0, Diff: 0.0, Sum: 0.1]
      [GC Worker Total (ms): Min: 7.1, Avg: 7.3, Max: 7.4, Diff: 0.2, Sum: 102.0]
      [GC Worker End (ms): Min: 265065801.6, Avg: 265065801.7, Max: 265065801.7, Diff: 0.0]
   [Code Root Fixup: 0.0 ms]
   [Code Root Purge: 0.0 ms]
   [Clear CT: 0.5 ms]
   [Other: 4.5 ms]
      [Choose CSet: 0.0 ms]
      [Ref Proc: 3.8 ms]
      [Ref Enq: 0.2 ms]
      [Redirty Cards: 0.2 ms]
      [Humongous Register: 0.0 ms]
      [Humongous Reclaim: 0.0 ms]
      [Free CSet: 0.1 ms]
   [Eden: 7152.0M(7152.0M)->0.0B(7152.0M) Survivors: 16384.0K->16384.0K Heap: 10746.6M(14336.0M)->3598.1M(14336.0M)]
 [Times: user=0.10 sys=0.00, real=0.01 secs] 
2022-11-02T19:59:25.386-0600: 265065.807: [GC concurrent-root-region-scan-start]
2022-11-02T19:59:25.393-0600: 265065.813: [GC concurrent-root-region-scan-end, 0.0065193 secs]
2022-11-02T19:59:25.393-0600: 265065.813: [GC concurrent-mark-start]
2022-11-02T19:59:26.079-0600: 265066.500: [GC concurrent-mark-end, 0.6863794 secs]
2022-11-02T19:59:26.080-0600: 265066.500: [GC remark 2022-11-02T19:59:26.080-0600: 265066.500: [Finalize Marking, 0.0008234 secs] 2022-11-02T19:59:26.080-0600: 265066.501: [GC ref-proc, 0.0076366 secs] 2022-11-02T19:59:26.088-0600: 265066.508: [Unloading, 0.0212360 secs], 0.0320111 secs]
 [Times: user=0.31 sys=0.00, real=0.03 secs] 
2022-11-02T19:59:26.112-0600: 265066.532: [GC cleanup 3846M->3846M(14336M), 0.0078680 secs]
 [Times: user=0.06 sys=0.00, real=0.01 secs] 
2022-11-02T19:59:49.486-0600: 265089.907: [GC pause (G1 Evacuation Pause) (young), 0.0151570 secs]
   [Parallel Time: 10.2 ms, GC Workers: 14]
      [GC Worker Start (ms): Min: 265089906.6, Avg: 265089906.8, Max: 265089906.9, Diff: 0.3]
      [Ext Root Scanning (ms): Min: 0.2, Avg: 0.8, Max: 4.2, Diff: 4.0, Sum: 10.5]
      [Update RS (ms): Min: 0.0, Avg: 1.1, Max: 1.6, Diff: 1.6, Sum: 15.9]
         [Processed Buffers: Min: 0, Avg: 4.3, Max: 10, Diff: 10, Sum: 60]
      [Scan RS (ms): Min: 0.0, Avg: 0.0, Max: 0.1, Diff: 0.1, Sum: 0.4]
      [Code Root Scanning (ms): Min: 0.0, Avg: 0.0, Max: 0.0, Diff: 0.0, Sum: 0.0]
      [Object Copy (ms): Min: 0.0, Avg: 1.9, Max: 8.1, Diff: 8.1, Sum: 27.0]
      [Termination (ms): Min: 0.0, Avg: 6.0, Max: 6.6, Diff: 6.6, Sum: 84.0]
         [Termination Attempts: Min: 1, Avg: 3.6, Max: 7, Diff: 6, Sum: 50]
      [GC Worker Other (ms): Min: 0.0, Avg: 0.0, Max: 0.0, Diff: 0.0, Sum: 0.1]
      [GC Worker Total (ms): Min: 9.7, Avg: 9.9, Max: 10.1, Diff: 0.4, Sum: 137.9]
      [GC Worker End (ms): Min: 265089916.6, Avg: 265089916.6, Max: 265089916.7, Diff: 0.1]
   [Code Root Fixup: 0.0 ms]
   [Code Root Purge: 0.0 ms]
   [Clear CT: 0.4 ms]
   [Other: 4.6 ms]
      [Choose CSet: 0.0 ms]
      [Ref Proc: 3.9 ms]
      [Ref Enq: 0.2 ms]
      [Redirty Cards: 0.2 ms]
      [Humongous Register: 0.0 ms]
      [Humongous Reclaim: 0.0 ms]
      [Free CSet: 0.1 ms]
   [Eden: 7152.0M(7152.0M)->0.0B(7152.0M) Survivors: 16384.0K->16384.0K Heap: 10750.1M(14336.0M)->3598.3M(14336.0M)]
 [Times: user=0.14 sys=0.00, real=0.02 secs] 
2022-11-02T20:00:13.671-0600: 265114.091: [GC pause (G1 Evacuation Pause) (young), 0.0110074 secs]
   [Parallel Time: 5.9 ms, GC Workers: 14]
      [GC Worker Start (ms): Min: 265114091.3, Avg: 265114091.5, Max: 265114091.8, Diff: 0.5]
      [Ext Root Scanning (ms): Min: 0.2, Avg: 0.9, Max: 5.7, Diff: 5.5, Sum: 12.2]
      [Update RS (ms): Min: 0.0, Avg: 1.0, Max: 1.4, Diff: 1.4, Sum: 14.6]
         [Processed Buffers: Min: 0, Avg: 4.5, Max: 8, Diff: 8, Sum: 63]
      [Scan RS (ms): Min: 0.0, Avg: 0.0, Max: 0.1, Diff: 0.1, Sum: 0.4]
      [Code Root Scanning (ms): Min: 0.0, Avg: 0.0, Max: 0.0, Diff: 0.0, Sum: 0.0]
      [Object Copy (ms): Min: 0.0, Avg: 1.1, Max: 1.3, Diff: 1.3, Sum: 15.0]
      [Termination (ms): Min: 0.0, Avg: 2.5, Max: 2.8, Diff: 2.8, Sum: 34.8]
         [Termination Attempts: Min: 1, Avg: 43.1, Max: 87, Diff: 86, Sum: 603]
      [GC Worker Other (ms): Min: 0.0, Avg: 0.0, Max: 0.0, Diff: 0.0, Sum: 0.1]
      [GC Worker Total (ms): Min: 5.2, Avg: 5.5, Max: 5.7, Diff: 0.4, Sum: 77.0]
      [GC Worker End (ms): Min: 265114096.9, Avg: 265114097.0, Max: 265114097.1, Diff: 0.1]
   [Code Root Fixup: 0.0 ms]
   [Code Root Purge: 0.0 ms]
   [Clear CT: 0.5 ms]
   [Other: 4.7 ms]
      [Choose CSet: 0.0 ms]
      [Ref Proc: 4.0 ms]
      [Ref Enq: 0.3 ms]
      [Redirty Cards: 0.2 ms]
      [Humongous Register: 0.0 ms]
      [Humongous Reclaim: 0.0 ms]
      [Free CSet: 0.1 ms]
   [Eden: 7152.0M(7152.0M)->0.0B(7152.0M) Survivors: 16384.0K->16384.0K Heap: 10750.3M(14336.0M)->3601.0M(14336.0M)]
 [Times: user=0.09 sys=0.00, real=0.02 secs] 
2022-11-02T20:00:38.574-0600: 265138.994: [GC pause (G1 Evacuation Pause) (young) (initial-mark), 0.0137832 secs]
   [Parallel Time: 8.7 ms, GC Workers: 14]
      [GC Worker Start (ms): Min: 265138995.5, Avg: 265138995.7, Max: 265138995.9, Diff: 0.3]
      [Ext Root Scanning (ms): Min: 4.5, Avg: 4.7, Max: 4.9, Diff: 0.3, Sum: 65.7]
      [Update RS (ms): Min: 0.8, Avg: 1.0, Max: 1.1, Diff: 0.3, Sum: 13.3]
         [Processed Buffers: Min: 2, Avg: 4.3, Max: 8, Diff: 6, Sum: 60]
      [Scan RS (ms): Min: 0.0, Avg: 0.0, Max: 0.1, Diff: 0.1, Sum: 0.3]
      [Code Root Scanning (ms): Min: 0.0, Avg: 0.0, Max: 0.0, Diff: 0.0, Sum: 0.0]
      [Object Copy (ms): Min: 0.9, Avg: 1.1, Max: 1.1, Diff: 0.2, Sum: 14.8]
      [Termination (ms): Min: 0.0, Avg: 0.0, Max: 0.0, Diff: 0.0, Sum: 0.0]
         [Termination Attempts: Min: 1, Avg: 1.8, Max: 3, Diff: 2, Sum: 25]
      [GC Worker Other (ms): Min: 0.0, Avg: 0.0, Max: 0.1, Diff: 0.1, Sum: 0.5]
      [GC Worker Total (ms): Min: 6.6, Avg: 6.8, Max: 6.9, Diff: 0.4, Sum: 94.6]
      [GC Worker End (ms): Min: 265139002.4, Avg: 265139002.4, Max: 265139002.5, Diff: 0.1]
   [Code Root Fixup: 0.0 ms]
   [Code Root Purge: 0.0 ms]
   [Clear CT: 0.5 ms]
   [Other: 4.6 ms]
      [Choose CSet: 0.0 ms]
      [Ref Proc: 3.9 ms]
      [Ref Enq: 0.2 ms]
      [Redirty Cards: 0.2 ms]
      [Humongous Register: 0.0 ms]
      [Humongous Reclaim: 0.0 ms]
      [Free CSet: 0.1 ms]
   [Eden: 7152.0M(7152.0M)->0.0B(7152.0M) Survivors: 16384.0K->16384.0K Heap: 10753.0M(14336.0M)->3607.4M(14336.0M)]
 [Times: user=0.10 sys=0.00, real=0.01 secs] 
2022-11-02T20:00:38.587-0600: 265139.008: [GC concurrent-root-region-scan-start]
2022-11-02T20:00:38.598-0600: 265139.018: [GC concurrent-root-region-scan-end, 0.0100799 secs]
2022-11-02T20:00:38.598-0600: 265139.018: [GC concurrent-mark-start]
2022-11-02T20:00:39.272-0600: 265139.693: [GC concurrent-mark-end, 0.6748890 secs]
2022-11-02T20:00:39.273-0600: 265139.693: [GC remark 2022-11-02T20:00:39.273-0600: 265139.693: [Finalize Marking, 0.0005189 secs] 2022-11-02T20:00:39.273-0600: 265139.693: [GC ref-proc, 0.0070287 secs] 2022-11-02T20:00:39.280-0600: 265139.700: [Unloading, 0.0206403 secs], 0.0306103 secs]
 [Times: user=0.32 sys=0.00, real=0.03 secs] 
2022-11-02T20:00:39.303-0600: 265139.724: [GC cleanup 3807M->3807M(14336M), 0.0067380 secs]
 [Times: user=0.06 sys=0.00, real=0.00 secs] 
2022-11-02T20:01:03.620-0600: 265164.040: [GC pause (G1 Evacuation Pause) (young), 0.0105632 secs]
   [Parallel Time: 5.3 ms, GC Workers: 14]
      [GC Worker Start (ms): Min: 265164040.1, Avg: 265164040.2, Max: 265164040.4, Diff: 0.3]
      [Ext Root Scanning (ms): Min: 0.3, Avg: 0.9, Max: 5.1, Diff: 4.8, Sum: 12.3]
      [Update RS (ms): Min: 0.0, Avg: 1.1, Max: 1.5, Diff: 1.5, Sum: 15.1]
         [Processed Buffers: Min: 0, Avg: 4.6, Max: 12, Diff: 12, Sum: 65]
      [Scan RS (ms): Min: 0.0, Avg: 0.0, Max: 0.1, Diff: 0.1, Sum: 0.4]
      [Code Root Scanning (ms): Min: 0.0, Avg: 0.0, Max: 0.0, Diff: 0.0, Sum: 0.0]
      [Object Copy (ms): Min: 0.0, Avg: 0.8, Max: 1.0, Diff: 1.0, Sum: 11.8]
      [Termination (ms): Min: 0.0, Avg: 2.1, Max: 2.4, Diff: 2.4, Sum: 29.9]
         [Termination Attempts: Min: 1, Avg: 37.6, Max: 61, Diff: 60, Sum: 526]
      [GC Worker Other (ms): Min: 0.0, Avg: 0.0, Max: 0.0, Diff: 0.0, Sum: 0.1]
      [GC Worker Total (ms): Min: 4.8, Avg: 5.0, Max: 5.1, Diff: 0.4, Sum: 69.6]
      [GC Worker End (ms): Min: 265164045.2, Avg: 265164045.2, Max: 265164045.3, Diff: 0.1]
   [Code Root Fixup: 0.0 ms]
   [Code Root Purge: 0.0 ms]
   [Clear CT: 0.4 ms]
   [Other: 4.8 ms]
      [Choose CSet: 0.0 ms]
      [Ref Proc: 3.8 ms]
      [Ref Enq: 0.3 ms]
      [Redirty Cards: 0.3 ms]
      [Humongous Register: 0.0 ms]
      [Humongous Reclaim: 0.0 ms]
      [Free CSet: 0.2 ms]
   [Eden: 7152.0M(7152.0M)->0.0B(5712.0M) Survivors: 16384.0K->16384.0K Heap: 10759.4M(14336.0M)->3603.5M(14336.0M)]
 [Times: user=0.09 sys=0.00, real=0.01 secs] 
2022-11-02T20:01:23.517-0600: 265183.937: [GC pause (G1 Evacuation Pause) (mixed), 0.0119509 secs]
   [Parallel Time: 6.6 ms, GC Workers: 14]
      [GC Worker Start (ms): Min: 265183937.4, Avg: 265183937.5, Max: 265183937.6, Diff: 0.2]
      [Ext Root Scanning (ms): Min: 0.3, Avg: 0.9, Max: 6.4, Diff: 6.1, Sum: 12.7]
      [Update RS (ms): Min: 0.0, Avg: 0.8, Max: 1.0, Diff: 1.0, Sum: 10.7]
         [Processed Buffers: Min: 0, Avg: 3.9, Max: 7, Diff: 7, Sum: 55]
      [Scan RS (ms): Min: 0.0, Avg: 0.4, Max: 0.6, Diff: 0.6, Sum: 6.1]
      [Code Root Scanning (ms): Min: 0.0, Avg: 0.0, Max: 0.0, Diff: 0.0, Sum: 0.0]
      [Object Copy (ms): Min: 0.0, Avg: 1.4, Max: 1.5, Diff: 1.5, Sum: 19.0]
      [Termination (ms): Min: 0.0, Avg: 2.8, Max: 3.1, Diff: 3.1, Sum: 39.7]
         [Termination Attempts: Min: 1, Avg: 1.5, Max: 3, Diff: 2, Sum: 21]
      [GC Worker Other (ms): Min: 0.0, Avg: 0.0, Max: 0.0, Diff: 0.0, Sum: 0.1]
      [GC Worker Total (ms): Min: 6.2, Avg: 6.3, Max: 6.5, Diff: 0.3, Sum: 88.3]
      [GC Worker End (ms): Min: 265183943.8, Avg: 265183943.8, Max: 265183943.9, Diff: 0.1]
   [Code Root Fixup: 0.0 ms]
   [Code Root Purge: 0.0 ms]
   [Clear CT: 0.4 ms]
   [Other: 4.9 ms]
      [Choose CSet: 0.0 ms]
      [Ref Proc: 4.2 ms]
      [Ref Enq: 0.3 ms]
      [Redirty Cards: 0.2 ms]
      [Humongous Register: 0.0 ms]
      [Humongous Reclaim: 0.0 ms]
      [Free CSet: 0.1 ms]
   [Eden: 5712.0M(5712.0M)->0.0B(7152.0M) Survivors: 16384.0K->16384.0K Heap: 9315.5M(14336.0M)->3592.5M(14336.0M)]
 [Times: user=0.10 sys=0.00, real=0.01 secs] 
2022-11-02T20:01:48.272-0600: 265208.693: [GC pause (G1 Evacuation Pause) (young), 0.0125831 secs]
   [Parallel Time: 7.8 ms, GC Workers: 14]
      [GC Worker Start (ms): Min: 265208692.8, Avg: 265208693.2, Max: 265208695.1, Diff: 2.3]
      [Ext Root Scanning (ms): Min: 0.0, Avg: 1.1, Max: 7.4, Diff: 7.4, Sum: 14.8]
      [Update RS (ms): Min: 0.0, Avg: 1.7, Max: 2.3, Diff: 2.3, Sum: 23.2]
         [Processed Buffers: Min: 0, Avg: 9.0, Max: 19, Diff: 19, Sum: 126]
      [Scan RS (ms): Min: 0.0, Avg: 0.0, Max: 0.1, Diff: 0.1, Sum: 0.4]
      [Code Root Scanning (ms): Min: 0.0, Avg: 0.0, Max: 0.0, Diff: 0.0, Sum: 0.0]
      [Object Copy (ms): Min: 0.0, Avg: 0.9, Max: 1.1, Diff: 1.1, Sum: 12.3]
      [Termination (ms): Min: 0.0, Avg: 3.5, Max: 3.8, Diff: 3.8, Sum: 48.4]
         [Termination Attempts: Min: 1, Avg: 51.7, Max: 75, Diff: 74, Sum: 724]
      [GC Worker Other (ms): Min: 0.0, Avg: 0.0, Max: 0.0, Diff: 0.0, Sum: 0.1]
      [GC Worker Total (ms): Min: 5.2, Avg: 7.1, Max: 7.5, Diff: 2.3, Sum: 99.3]
      [GC Worker End (ms): Min: 265208700.3, Avg: 265208700.3, Max: 265208700.4, Diff: 0.1]
   [Code Root Fixup: 0.0 ms]
   [Code Root Purge: 0.0 ms]
   [Clear CT: 0.4 ms]
   [Other: 4.4 ms]
      [Choose CSet: 0.0 ms]
      [Ref Proc: 3.7 ms]
      [Ref Enq: 0.2 ms]
      [Redirty Cards: 0.2 ms]
      [Humongous Register: 0.0 ms]
      [Humongous Reclaim: 0.0 ms]
      [Free CSet: 0.1 ms]
   [Eden: 7152.0M(7152.0M)->0.0B(7152.0M) Survivors: 16384.0K->16384.0K Heap: 10744.5M(14336.0M)->3596.4M(14336.0M)]
 [Times: user=0.11 sys=0.00, real=0.01 secs] 
2022-11-02T20:02:13.121-0600: 265233.541: [GC pause (G1 Evacuation Pause) (young) (initial-mark), 0.0132753 secs]
   [Parallel Time: 8.7 ms, GC Workers: 14]
      [GC Worker Start (ms): Min: 265233542.8, Avg: 265233543.0, Max: 265233543.1, Diff: 0.2]
      [Ext Root Scanning (ms): Min: 4.8, Avg: 4.9, Max: 5.0, Diff: 0.3, Sum: 68.6]
      [Update RS (ms): Min: 1.0, Avg: 1.1, Max: 1.8, Diff: 0.8, Sum: 16.0]
         [Processed Buffers: Min: 3, Avg: 4.3, Max: 8, Diff: 5, Sum: 60]
      [Scan RS (ms): Min: 0.0, Avg: 0.0, Max: 0.1, Diff: 0.1, Sum: 0.4]
      [Code Root Scanning (ms): Min: 0.0, Avg: 0.0, Max: 0.0, Diff: 0.0, Sum: 0.0]
      [Object Copy (ms): Min: 0.2, Avg: 0.8, Max: 1.0, Diff: 0.8, Sum: 11.9]
      [Termination (ms): Min: 0.1, Avg: 0.1, Max: 0.2, Diff: 0.1, Sum: 1.3]
         [Termination Attempts: Min: 12, Avg: 46.1, Max: 64, Diff: 52, Sum: 645]
      [GC Worker Other (ms): Min: 0.0, Avg: 0.1, Max: 0.2, Diff: 0.1, Sum: 0.9]
      [GC Worker Total (ms): Min: 6.9, Avg: 7.1, Max: 7.2, Diff: 0.3, Sum: 99.0]
      [GC Worker End (ms): Min: 265233550.0, Avg: 265233550.0, Max: 265233550.1, Diff: 0.1]
   [Code Root Fixup: 0.0 ms]
   [Code Root Purge: 0.0 ms]
   [Clear CT: 0.2 ms]
   [Other: 4.3 ms]
      [Choose CSet: 0.0 ms]
      [Ref Proc: 3.6 ms]
      [Ref Enq: 0.3 ms]
      [Redirty Cards: 0.2 ms]
      [Humongous Register: 0.0 ms]
      [Humongous Reclaim: 0.0 ms]
      [Free CSet: 0.1 ms]
   [Eden: 7152.0M(7152.0M)->0.0B(7152.0M) Survivors: 16384.0K->16384.0K Heap: 10748.4M(14336.0M)->3598.7M(14336.0M)]
 [Times: user=0.09 sys=0.00, real=0.01 secs] 
2022-11-02T20:02:13.135-0600: 265233.555: [GC concurrent-root-region-scan-start]
2022-11-02T20:02:13.144-0600: 265233.565: [GC concurrent-root-region-scan-end, 0.0098899 secs]
2022-11-02T20:02:13.144-0600: 265233.565: [GC concurrent-mark-start]
2022-11-02T20:02:13.854-0600: 265234.274: [GC concurrent-mark-end, 0.7091404 secs]
2022-11-02T20:02:13.854-0600: 265234.274: [GC remark 2022-11-02T20:02:13.854-0600: 265234.274: [Finalize Marking, 0.0005362 secs] 2022-11-02T20:02:13.854-0600: 265234.275: [GC ref-proc, 0.0067333 secs] 2022-11-02T20:02:13.861-0600: 265234.281: [Unloading, 0.0213641 secs], 0.0313221 secs]
 [Times: user=0.31 sys=0.00, real=0.03 secs] 
2022-11-02T20:02:13.885-0600: 265234.306: [GC cleanup 3822M->3822M(14336M), 0.0050859 secs]
 [Times: user=0.05 sys=0.00, real=0.00 secs] 
2022-11-02T20:02:37.229-0600: 265257.649: [GC pause (G1 Evacuation Pause) (young), 0.0108043 secs]
   [Parallel Time: 4.8 ms, GC Workers: 14]
      [GC Worker Start (ms): Min: 265257649.1, Avg: 265257649.4, Max: 265257649.5, Diff: 0.4]
      [Ext Root Scanning (ms): Min: 0.3, Avg: 0.8, Max: 4.3, Diff: 4.1, Sum: 11.4]
      [Update RS (ms): Min: 0.0, Avg: 1.1, Max: 1.4, Diff: 1.4, Sum: 15.3]
         [Processed Buffers: Min: 0, Avg: 4.6, Max: 11, Diff: 11, Sum: 64]
      [Scan RS (ms): Min: 0.0, Avg: 0.0, Max: 0.1, Diff: 0.1, Sum: 0.4]
      [Code Root Scanning (ms): Min: 0.0, Avg: 0.0, Max: 0.0, Diff: 0.0, Sum: 0.0]
      [Object Copy (ms): Min: 0.0, Avg: 1.4, Max: 1.6, Diff: 1.6, Sum: 19.4]
      [Termination (ms): Min: 0.0, Avg: 0.8, Max: 0.9, Diff: 0.9, Sum: 11.6]
         [Termination Attempts: Min: 1, Avg: 31.1, Max: 43, Diff: 42, Sum: 436]
      [GC Worker Other (ms): Min: 0.0, Avg: 0.0, Max: 0.1, Diff: 0.1, Sum: 0.2]
      [GC Worker Total (ms): Min: 4.0, Avg: 4.2, Max: 4.4, Diff: 0.4, Sum: 58.2]
      [GC Worker End (ms): Min: 265257653.5, Avg: 265257653.5, Max: 265257653.6, Diff: 0.2]
   [Code Root Fixup: 0.0 ms]
   [Code Root Purge: 0.0 ms]
   [Clear CT: 0.4 ms]
   [Other: 5.6 ms]
      [Choose CSet: 0.0 ms]
      [Ref Proc: 4.8 ms]
      [Ref Enq: 0.3 ms]
      [Redirty Cards: 0.3 ms]
      [Humongous Register: 0.0 ms]
      [Humongous Reclaim: 0.0 ms]
      [Free CSet: 0.1 ms]
   [Eden: 7152.0M(7152.0M)->0.0B(7152.0M) Survivors: 16384.0K->16384.0K Heap: 10750.7M(14336.0M)->3603.7M(14336.0M)]
 [Times: user=0.08 sys=0.00, real=0.01 secs] 
2022-11-02T20:03:01.969-0600: 265282.390: [GC pause (G1 Evacuation Pause) (young), 0.0102830 secs]
   [Parallel Time: 5.4 ms, GC Workers: 14]
      [GC Worker Start (ms): Min: 265282389.8, Avg: 265282389.9, Max: 265282390.1, Diff: 0.3]
      [Ext Root Scanning (ms): Min: 0.3, Avg: 0.8, Max: 5.2, Diff: 4.9, Sum: 10.8]
      [Update RS (ms): Min: 0.0, Avg: 0.9, Max: 1.2, Diff: 1.2, Sum: 13.2]
         [Processed Buffers: Min: 0, Avg: 4.8, Max: 7, Diff: 7, Sum: 67]
      [Scan RS (ms): Min: 0.0, Avg: 0.0, Max: 0.1, Diff: 0.1, Sum: 0.4]
      [Code Root Scanning (ms): Min: 0.0, Avg: 0.0, Max: 0.0, Diff: 0.0, Sum: 0.0]
      [Object Copy (ms): Min: 0.0, Avg: 1.0, Max: 1.2, Diff: 1.2, Sum: 14.2]
      [Termination (ms): Min: 0.0, Avg: 2.4, Max: 2.6, Diff: 2.6, Sum: 33.1]
         [Termination Attempts: Min: 1, Avg: 54.9, Max: 74, Diff: 73, Sum: 769]
      [GC Worker Other (ms): Min: 0.0, Avg: 0.0, Max: 0.0, Diff: 0.0, Sum: 0.1]
      [GC Worker Total (ms): Min: 5.0, Avg: 5.1, Max: 5.3, Diff: 0.3, Sum: 71.7]
      [GC Worker End (ms): Min: 265282395.0, Avg: 265282395.1, Max: 265282395.1, Diff: 0.1]
   [Code Root Fixup: 0.0 ms]
   [Code Root Purge: 0.0 ms]
   [Clear CT: 0.4 ms]
   [Other: 4.4 ms]
      [Choose CSet: 0.0 ms]
      [Ref Proc: 3.8 ms]
      [Ref Enq: 0.2 ms]
      [Redirty Cards: 0.2 ms]
      [Humongous Register: 0.0 ms]
      [Humongous Reclaim: 0.0 ms]
      [Free CSet: 0.1 ms]
   [Eden: 7152.0M(7152.0M)->0.0B(7152.0M) Survivors: 16384.0K->16384.0K Heap: 10755.7M(14336.0M)->3607.8M(14336.0M)]
 [Times: user=0.09 sys=0.00, real=0.01 secs] 
2022-11-02T20:03:26.480-0600: 265306.901: [GC pause (G1 Evacuation Pause) (young) (initial-mark), 0.0138655 secs]
   [Parallel Time: 9.0 ms, GC Workers: 14]
      [GC Worker Start (ms): Min: 265306902.1, Avg: 265306902.3, Max: 265306902.4, Diff: 0.3]
      [Ext Root Scanning (ms): Min: 5.0, Avg: 5.2, Max: 5.3, Diff: 0.3, Sum: 72.3]
      [Update RS (ms): Min: 1.1, Avg: 1.2, Max: 1.4, Diff: 0.3, Sum: 17.0]
         [Processed Buffers: Min: 3, Avg: 5.3, Max: 11, Diff: 8, Sum: 74]
      [Scan RS (ms): Min: 0.0, Avg: 0.0, Max: 0.1, Diff: 0.1, Sum: 0.3]
      [Code Root Scanning (ms): Min: 0.0, Avg: 0.0, Max: 0.0, Diff: 0.0, Sum: 0.0]
      [Object Copy (ms): Min: 0.7, Avg: 0.8, Max: 0.9, Diff: 0.2, Sum: 11.8]
      [Termination (ms): Min: 0.0, Avg: 0.0, Max: 0.0, Diff: 0.0, Sum: 0.0]
         [Termination Attempts: Min: 1, Avg: 2.3, Max: 4, Diff: 3, Sum: 32]
      [GC Worker Other (ms): Min: 0.0, Avg: 0.1, Max: 0.1, Diff: 0.1, Sum: 0.8]
      [GC Worker Total (ms): Min: 7.1, Avg: 7.3, Max: 7.4, Diff: 0.3, Sum: 102.3]
      [GC Worker End (ms): Min: 265306909.5, Avg: 265306909.6, Max: 265306909.6, Diff: 0.1]
   [Code Root Fixup: 0.0 ms]
   [Code Root Purge: 0.0 ms]
   [Clear CT: 0.3 ms]
   [Other: 4.5 ms]
      [Choose CSet: 0.0 ms]
      [Ref Proc: 3.8 ms]
      [Ref Enq: 0.3 ms]
      [Redirty Cards: 0.2 ms]
      [Humongous Register: 0.0 ms]
      [Humongous Reclaim: 0.0 ms]
      [Free CSet: 0.1 ms]
   [Eden: 7152.0M(7152.0M)->0.0B(7152.0M) Survivors: 16384.0K->16384.0K Heap: 10759.8M(14336.0M)->3606.4M(14336.0M)]
 [Times: user=0.10 sys=0.00, real=0.01 secs] 
2022-11-02T20:03:26.494-0600: 265306.915: [GC concurrent-root-region-scan-start]
2022-11-02T20:03:26.504-0600: 265306.924: [GC concurrent-root-region-scan-end, 0.0094956 secs]
2022-11-02T20:03:26.504-0600: 265306.924: [GC concurrent-mark-start]
2022-11-02T20:03:27.189-0600: 265307.609: [GC concurrent-mark-end, 0.6849647 secs]
2022-11-02T20:03:27.189-0600: 265307.609: [GC remark 2022-11-02T20:03:27.189-0600: 265307.609: [Finalize Marking, 0.0007402 secs] 2022-11-02T20:03:27.190-0600: 265307.610: [GC ref-proc, 0.0066264 secs] 2022-11-02T20:03:27.197-0600: 265307.617: [Unloading, 0.0210491 secs], 0.0309786 secs]
 [Times: user=0.32 sys=0.00, real=0.03 secs] 
2022-11-02T20:03:27.221-0600: 265307.641: [GC cleanup 3823M->3823M(14336M), 0.0064905 secs]
 [Times: user=0.05 sys=0.00, real=0.00 secs] 
2022-11-02T20:03:51.032-0600: 265331.452: [GC pause (G1 Evacuation Pause) (young), 0.0112636 secs]
   [Parallel Time: 4.7 ms, GC Workers: 14]
      [GC Worker Start (ms): Min: 265331452.0, Avg: 265331452.1, Max: 265331452.3, Diff: 0.3]
      [Ext Root Scanning (ms): Min: 0.3, Avg: 0.8, Max: 4.4, Diff: 4.1, Sum: 11.3]
      [Update RS (ms): Min: 0.0, Avg: 1.2, Max: 1.6, Diff: 1.6, Sum: 17.5]
         [Processed Buffers: Min: 0, Avg: 4.7, Max: 9, Diff: 9, Sum: 66]
      [Scan RS (ms): Min: 0.0, Avg: 0.0, Max: 0.1, Diff: 0.1, Sum: 0.5]
      [Code Root Scanning (ms): Min: 0.0, Avg: 0.0, Max: 0.0, Diff: 0.0, Sum: 0.0]
      [Object Copy (ms): Min: 0.0, Avg: 1.0, Max: 1.2, Diff: 1.2, Sum: 14.3]
      [Termination (ms): Min: 0.0, Avg: 1.2, Max: 1.4, Diff: 1.4, Sum: 16.9]
         [Termination Attempts: Min: 1, Avg: 11.2, Max: 18, Diff: 17, Sum: 157]
      [GC Worker Other (ms): Min: 0.0, Avg: 0.0, Max: 0.0, Diff: 0.0, Sum: 0.1]
      [GC Worker Total (ms): Min: 4.2, Avg: 4.3, Max: 4.4, Diff: 0.3, Sum: 60.5]
      [GC Worker End (ms): Min: 265331456.4, Avg: 265331456.5, Max: 265331456.5, Diff: 0.1]
   [Code Root Fixup: 0.0 ms]
   [Code Root Purge: 0.0 ms]
   [Clear CT: 1.5 ms]
   [Other: 5.0 ms]
      [Choose CSet: 0.0 ms]
      [Ref Proc: 4.3 ms]
      [Ref Enq: 0.2 ms]
      [Redirty Cards: 0.2 ms]
      [Humongous Register: 0.0 ms]
      [Humongous Reclaim: 0.0 ms]
      [Free CSet: 0.1 ms]
   [Eden: 7152.0M(7152.0M)->0.0B(5712.0M) Survivors: 16384.0K->16384.0K Heap: 10758.4M(14336.0M)->3607.9M(14336.0M)]
 [Times: user=0.08 sys=0.00, real=0.02 secs] 
2022-11-02T20:04:10.866-0600: 265351.286: [GC pause (G1 Evacuation Pause) (mixed), 0.0102095 secs]
   [Parallel Time: 4.5 ms, GC Workers: 14]
      [GC Worker Start (ms): Min: 265351286.1, Avg: 265351286.3, Max: 265351286.4, Diff: 0.3]
      [Ext Root Scanning (ms): Min: 0.3, Avg: 0.7, Max: 4.2, Diff: 3.9, Sum: 10.4]
      [Update RS (ms): Min: 0.0, Avg: 0.9, Max: 1.2, Diff: 1.2, Sum: 12.4]
         [Processed Buffers: Min: 0, Avg: 4.3, Max: 13, Diff: 13, Sum: 60]
      [Scan RS (ms): Min: 0.0, Avg: 0.5, Max: 0.6, Diff: 0.6, Sum: 6.6]
      [Code Root Scanning (ms): Min: 0.0, Avg: 0.0, Max: 0.0, Diff: 0.0, Sum: 0.0]
      [Object Copy (ms): Min: 0.0, Avg: 1.3, Max: 1.5, Diff: 1.5, Sum: 18.6]
      [Termination (ms): Min: 0.0, Avg: 0.7, Max: 0.9, Diff: 0.9, Sum: 10.3]
         [Termination Attempts: Min: 1, Avg: 41.2, Max: 66, Diff: 65, Sum: 577]
      [GC Worker Other (ms): Min: 0.0, Avg: 0.0, Max: 0.0, Diff: 0.0, Sum: 0.1]
      [GC Worker Total (ms): Min: 4.0, Avg: 4.2, Max: 4.3, Diff: 0.3, Sum: 58.5]
      [GC Worker End (ms): Min: 265351290.4, Avg: 265351290.5, Max: 265351290.5, Diff: 0.1]
   [Code Root Fixup: 0.0 ms]
   [Code Root Purge: 0.0 ms]
   [Clear CT: 0.5 ms]
   [Other: 5.2 ms]
      [Choose CSet: 0.0 ms]
      [Ref Proc: 4.6 ms]
      [Ref Enq: 0.3 ms]
      [Redirty Cards: 0.2 ms]
      [Humongous Register: 0.0 ms]
      [Humongous Reclaim: 0.0 ms]
      [Free CSet: 0.1 ms]
   [Eden: 5712.0M(5712.0M)->0.0B(7152.0M) Survivors: 16384.0K->16384.0K Heap: 9319.9M(14336.0M)->3599.2M(14336.0M)]
 [Times: user=0.08 sys=0.00, real=0.01 secs] 
2022-11-02T20:04:35.929-0600: 265376.349: [GC pause (G1 Evacuation Pause) (young), 0.0143680 secs]
   [Parallel Time: 9.7 ms, GC Workers: 14]
      [GC Worker Start (ms): Min: 265376349.0, Avg: 265376349.1, Max: 265376349.2, Diff: 0.2]
      [Ext Root Scanning (ms): Min: 0.3, Avg: 0.8, Max: 5.3, Diff: 5.0, Sum: 11.6]
      [Update RS (ms): Min: 0.0, Avg: 1.5, Max: 1.9, Diff: 1.9, Sum: 21.6]
         [Processed Buffers: Min: 0, Avg: 8.9, Max: 16, Diff: 16, Sum: 125]
      [Scan RS (ms): Min: 0.0, Avg: 0.0, Max: 0.1, Diff: 0.1, Sum: 0.3]
      [Code Root Scanning (ms): Min: 0.0, Avg: 0.0, Max: 0.0, Diff: 0.0, Sum: 0.0]
      [Object Copy (ms): Min: 0.0, Avg: 2.4, Max: 7.1, Diff: 7.1, Sum: 32.9]
      [Termination (ms): Min: 0.0, Avg: 4.6, Max: 6.0, Diff: 6.0, Sum: 63.9]
         [Termination Attempts: Min: 1, Avg: 5.4, Max: 13, Diff: 12, Sum: 75]
      [GC Worker Other (ms): Min: 0.0, Avg: 0.0, Max: 0.0, Diff: 0.0, Sum: 0.1]
      [GC Worker Total (ms): Min: 9.2, Avg: 9.3, Max: 9.4, Diff: 0.2, Sum: 130.5]
      [GC Worker End (ms): Min: 265376358.4, Avg: 265376358.4, Max: 265376358.5, Diff: 0.1]
   [Code Root Fixup: 0.0 ms]
   [Code Root Purge: 0.0 ms]
   [Clear CT: 0.2 ms]
   [Other: 4.4 ms]
      [Choose CSet: 0.0 ms]
      [Ref Proc: 3.7 ms]
      [Ref Enq: 0.3 ms]
      [Redirty Cards: 0.2 ms]
      [Humongous Register: 0.0 ms]
      [Humongous Reclaim: 0.0 ms]
      [Free CSet: 0.1 ms]
   [Eden: 7152.0M(7152.0M)->0.0B(7152.0M) Survivors: 16384.0K->16384.0K Heap: 10751.2M(14336.0M)->3602.1M(14336.0M)]
 [Times: user=0.13 sys=0.00, real=0.02 secs] 
2022-11-02T20:05:00.981-0600: 265401.402: [GC pause (G1 Evacuation Pause) (young) (initial-mark), 0.0146268 secs]
   [Parallel Time: 9.1 ms, GC Workers: 14]
      [GC Worker Start (ms): Min: 265401403.0, Avg: 265401403.2, Max: 265401403.3, Diff: 0.3]
      [Ext Root Scanning (ms): Min: 5.1, Avg: 5.3, Max: 5.4, Diff: 0.3, Sum: 73.7]
      [Update RS (ms): Min: 0.9, Avg: 1.1, Max: 1.3, Diff: 0.3, Sum: 14.8]
         [Processed Buffers: Min: 2, Avg: 4.8, Max: 9, Diff: 7, Sum: 67]
      [Scan RS (ms): Min: 0.0, Avg: 0.0, Max: 0.1, Diff: 0.0, Sum: 0.4]
      [Code Root Scanning (ms): Min: 0.0, Avg: 0.0, Max: 0.0, Diff: 0.0, Sum: 0.0]
      [Object Copy (ms): Min: 0.7, Avg: 0.8, Max: 0.9, Diff: 0.3, Sum: 11.6]
      [Termination (ms): Min: 0.1, Avg: 0.1, Max: 0.1, Diff: 0.1, Sum: 1.5]
         [Termination Attempts: Min: 42, Avg: 60.8, Max: 82, Diff: 40, Sum: 851]
      [GC Worker Other (ms): Min: 0.0, Avg: 0.1, Max: 0.1, Diff: 0.1, Sum: 0.7]
      [GC Worker Total (ms): Min: 7.1, Avg: 7.3, Max: 7.5, Diff: 0.4, Sum: 102.6]
      [GC Worker End (ms): Min: 265401410.5, Avg: 265401410.5, Max: 265401410.6, Diff: 0.1]
   [Code Root Fixup: 0.0 ms]
   [Code Root Purge: 0.0 ms]
   [Clear CT: 0.6 ms]
   [Other: 4.9 ms]
      [Choose CSet: 0.0 ms]
      [Ref Proc: 4.2 ms]
      [Ref Enq: 0.2 ms]
      [Redirty Cards: 0.2 ms]
      [Humongous Register: 0.0 ms]
      [Humongous Reclaim: 0.0 ms]
      [Free CSet: 0.1 ms]
   [Eden: 7152.0M(7152.0M)->0.0B(7152.0M) Survivors: 16384.0K->16384.0K Heap: 10754.1M(14336.0M)->3603.5M(14336.0M)]
 [Times: user=0.09 sys=0.00, real=0.01 secs] 
2022-11-02T20:05:00.996-0600: 265401.416: [GC concurrent-root-region-scan-start]
2022-11-02T20:05:01.003-0600: 265401.423: [GC concurrent-root-region-scan-end, 0.0066069 secs]
2022-11-02T20:05:01.003-0600: 265401.423: [GC concurrent-mark-start]
2022-11-02T20:05:01.715-0600: 265402.135: [GC concurrent-mark-end, 0.7120383 secs]
2022-11-02T20:05:01.715-0600: 265402.136: [GC remark 2022-11-02T20:05:01.715-0600: 265402.136: [Finalize Marking, 0.0005890 secs] 2022-11-02T20:05:01.716-0600: 265402.136: [GC ref-proc, 0.0069985 secs] 2022-11-02T20:05:01.723-0600: 265402.143: [Unloading, 0.0208425 secs], 0.0306491 secs]
 [Times: user=0.31 sys=0.00, real=0.03 secs] 
2022-11-02T20:05:01.746-0600: 265402.166: [GC cleanup 3827M->3827M(14336M), 0.0065212 secs]
 [Times: user=0.06 sys=0.00, real=0.01 secs] 
2022-11-02T20:05:26.219-0600: 265426.640: [GC pause (G1 Evacuation Pause) (young), 0.0095618 secs]
   [Parallel Time: 4.0 ms, GC Workers: 14]
      [GC Worker Start (ms): Min: 265426639.6, Avg: 265426639.7, Max: 265426639.9, Diff: 0.3]
      [Ext Root Scanning (ms): Min: 0.3, Avg: 0.7, Max: 3.7, Diff: 3.4, Sum: 10.3]
      [Update RS (ms): Min: 0.0, Avg: 0.9, Max: 1.2, Diff: 1.2, Sum: 12.8]
         [Processed Buffers: Min: 0, Avg: 4.1, Max: 9, Diff: 9, Sum: 57]
      [Scan RS (ms): Min: 0.0, Avg: 0.0, Max: 0.1, Diff: 0.1, Sum: 0.4]
      [Code Root Scanning (ms): Min: 0.0, Avg: 0.0, Max: 0.0, Diff: 0.0, Sum: 0.0]
      [Object Copy (ms): Min: 0.0, Avg: 0.9, Max: 1.0, Diff: 1.0, Sum: 12.3]
      [Termination (ms): Min: 0.0, Avg: 1.0, Max: 1.2, Diff: 1.2, Sum: 14.3]
         [Termination Attempts: Min: 1, Avg: 2.5, Max: 4, Diff: 3, Sum: 35]
      [GC Worker Other (ms): Min: 0.0, Avg: 0.0, Max: 0.0, Diff: 0.0, Sum: 0.1]
      [GC Worker Total (ms): Min: 3.4, Avg: 3.6, Max: 3.7, Diff: 0.3, Sum: 50.2]
      [GC Worker End (ms): Min: 265426643.3, Avg: 265426643.3, Max: 265426643.4, Diff: 0.1]
   [Code Root Fixup: 0.0 ms]
   [Code Root Purge: 0.0 ms]
   [Clear CT: 0.8 ms]
   [Other: 4.7 ms]
      [Choose CSet: 0.0 ms]
      [Ref Proc: 4.0 ms]
      [Ref Enq: 0.2 ms]
      [Redirty Cards: 0.2 ms]
      [Humongous Register: 0.0 ms]
      [Humongous Reclaim: 0.0 ms]
      [Free CSet: 0.1 ms]
   [Eden: 7152.0M(7152.0M)->0.0B(5712.0M) Survivors: 16384.0K->16384.0K Heap: 10755.5M(14336.0M)->3604.5M(14336.0M)]
 [Times: user=0.06 sys=0.00, real=0.01 secs] 
2022-11-02T20:05:46.585-0600: 265447.005: [GC pause (G1 Evacuation Pause) (mixed), 0.0094158 secs]
   [Parallel Time: 4.9 ms, GC Workers: 14]
      [GC Worker Start (ms): Min: 265447005.5, Avg: 265447005.6, Max: 265447005.7, Diff: 0.2]
      [Ext Root Scanning (ms): Min: 0.3, Avg: 0.8, Max: 4.8, Diff: 4.4, Sum: 11.2]
      [Update RS (ms): Min: 0.0, Avg: 0.9, Max: 1.2, Diff: 1.2, Sum: 13.3]
         [Processed Buffers: Min: 0, Avg: 4.0, Max: 8, Diff: 8, Sum: 56]
      [Scan RS (ms): Min: 0.0, Avg: 0.5, Max: 0.6, Diff: 0.6, Sum: 6.6]
      [Code Root Scanning (ms): Min: 0.0, Avg: 0.0, Max: 0.0, Diff: 0.0, Sum: 0.0]
      [Object Copy (ms): Min: 0.0, Avg: 1.5, Max: 1.7, Diff: 1.7, Sum: 20.9]
      [Termination (ms): Min: 0.0, Avg: 1.0, Max: 1.2, Diff: 1.2, Sum: 14.1]
         [Termination Attempts: Min: 1, Avg: 58.2, Max: 90, Diff: 89, Sum: 815]
      [GC Worker Other (ms): Min: 0.0, Avg: 0.0, Max: 0.0, Diff: 0.0, Sum: 0.1]
      [GC Worker Total (ms): Min: 4.6, Avg: 4.7, Max: 4.8, Diff: 0.2, Sum: 66.1]
      [GC Worker End (ms): Min: 265447010.3, Avg: 265447010.4, Max: 265447010.4, Diff: 0.1]
   [Code Root Fixup: 0.0 ms]
   [Code Root Purge: 0.0 ms]
   [Clear CT: 0.4 ms]
   [Other: 4.1 ms]
      [Choose CSet: 0.0 ms]
      [Ref Proc: 3.4 ms]
      [Ref Enq: 0.2 ms]
      [Redirty Cards: 0.2 ms]
      [Humongous Register: 0.0 ms]
      [Humongous Reclaim: 0.0 ms]
      [Free CSet: 0.1 ms]
   [Eden: 5712.0M(5712.0M)->0.0B(7152.0M) Survivors: 16384.0K->16384.0K Heap: 9316.5M(14336.0M)->3596.1M(14336.0M)]
 [Times: user=0.08 sys=0.00, real=0.01 secs] 
2022-11-02T20:06:11.865-0600: 265472.285: [GC pause (G1 Evacuation Pause) (young), 0.0102895 secs]
   [Parallel Time: 5.9 ms, GC Workers: 14]
      [GC Worker Start (ms): Min: 265472285.5, Avg: 265472285.6, Max: 265472285.7, Diff: 0.3]
      [Ext Root Scanning (ms): Min: 0.3, Avg: 0.9, Max: 5.6, Diff: 5.3, Sum: 12.3]
      [Update RS (ms): Min: 0.0, Avg: 1.8, Max: 2.2, Diff: 2.2, Sum: 25.8]
         [Processed Buffers: Min: 0, Avg: 9.7, Max: 17, Diff: 17, Sum: 136]
      [Scan RS (ms): Min: 0.0, Avg: 0.0, Max: 0.1, Diff: 0.1, Sum: 0.3]
      [Code Root Scanning (ms): Min: 0.0, Avg: 0.0, Max: 0.0, Diff: 0.0, Sum: 0.0]
      [Object Copy (ms): Min: 0.0, Avg: 0.7, Max: 0.9, Diff: 0.9, Sum: 10.5]
      [Termination (ms): Min: 0.0, Avg: 2.0, Max: 2.3, Diff: 2.3, Sum: 28.0]
         [Termination Attempts: Min: 1, Avg: 23.1, Max: 31, Diff: 30, Sum: 324]
      [GC Worker Other (ms): Min: 0.0, Avg: 0.0, Max: 0.0, Diff: 0.0, Sum: 0.1]
      [GC Worker Total (ms): Min: 5.4, Avg: 5.5, Max: 5.6, Diff: 0.3, Sum: 77.0]
      [GC Worker End (ms): Min: 265472291.1, Avg: 265472291.1, Max: 265472291.2, Diff: 0.1]
   [Code Root Fixup: 0.0 ms]
   [Code Root Purge: 0.0 ms]
   [Clear CT: 0.4 ms]
   [Other: 4.0 ms]
      [Choose CSet: 0.0 ms]
      [Ref Proc: 3.2 ms]
      [Ref Enq: 0.2 ms]
      [Redirty Cards: 0.3 ms]
      [Humongous Register: 0.0 ms]
      [Humongous Reclaim: 0.0 ms]
      [Free CSet: 0.2 ms]
   [Eden: 7152.0M(7152.0M)->0.0B(7152.0M) Survivors: 16384.0K->16384.0K Heap: 10748.1M(14336.0M)->3602.1M(14336.0M)]
 [Times: user=0.09 sys=0.01, real=0.01 secs] 
2022-11-02T20:06:37.216-0600: 265497.636: [GC pause (G1 Evacuation Pause) (young) (initial-mark), 0.0164443 secs]
   [Parallel Time: 10.3 ms, GC Workers: 14]
      [GC Worker Start (ms): Min: 265497637.8, Avg: 265497638.0, Max: 265497638.2, Diff: 0.4]
      [Ext Root Scanning (ms): Min: 5.9, Avg: 6.1, Max: 6.3, Diff: 0.4, Sum: 85.1]
      [Update RS (ms): Min: 1.0, Avg: 1.2, Max: 1.4, Diff: 0.3, Sum: 16.2]
         [Processed Buffers: Min: 2, Avg: 4.5, Max: 9, Diff: 7, Sum: 63]
      [Scan RS (ms): Min: 0.0, Avg: 0.0, Max: 0.1, Diff: 0.1, Sum: 0.4]
      [Code Root Scanning (ms): Min: 0.0, Avg: 0.0, Max: 0.0, Diff: 0.0, Sum: 0.0]
      [Object Copy (ms): Min: 0.7, Avg: 0.9, Max: 1.0, Diff: 0.3, Sum: 12.3]
      [Termination (ms): Min: 0.0, Avg: 0.0, Max: 0.1, Diff: 0.1, Sum: 0.7]
         [Termination Attempts: Min: 7, Avg: 24.2, Max: 34, Diff: 27, Sum: 339]
      [GC Worker Other (ms): Min: 0.0, Avg: 0.0, Max: 0.1, Diff: 0.1, Sum: 0.4]
      [GC Worker Total (ms): Min: 8.0, Avg: 8.2, Max: 8.4, Diff: 0.4, Sum: 115.1]
      [GC Worker End (ms): Min: 265497646.2, Avg: 265497646.2, Max: 265497646.3, Diff: 0.1]
   [Code Root Fixup: 0.0 ms]
   [Code Root Purge: 0.0 ms]
   [Clear CT: 0.5 ms]
   [Other: 5.6 ms]
      [Choose CSet: 0.0 ms]
      [Ref Proc: 4.7 ms]
      [Ref Enq: 0.3 ms]
      [Redirty Cards: 0.2 ms]
      [Humongous Register: 0.0 ms]
      [Humongous Reclaim: 0.0 ms]
      [Free CSet: 0.1 ms]
   [Eden: 7152.0M(7152.0M)->0.0B(7152.0M) Survivors: 16384.0K->16384.0K Heap: 10754.1M(14336.0M)->3604.3M(14336.0M)]
 [Times: user=0.11 sys=0.00, real=0.02 secs] 
2022-11-02T20:06:37.232-0600: 265497.653: [GC concurrent-root-region-scan-start]
2022-11-02T20:06:37.239-0600: 265497.659: [GC concurrent-root-region-scan-end, 0.0061770 secs]
2022-11-02T20:06:37.239-0600: 265497.659: [GC concurrent-mark-start]
2022-11-02T20:06:37.909-0600: 265498.330: [GC concurrent-mark-end, 0.6709156 secs]
2022-11-02T20:06:37.910-0600: 265498.330: [GC remark 2022-11-02T20:06:37.910-0600: 265498.330: [Finalize Marking, 0.0012496 secs] 2022-11-02T20:06:37.911-0600: 265498.331: [GC ref-proc, 0.0090613 secs] 2022-11-02T20:06:37.920-0600: 265498.340: [Unloading, 0.0212243 secs], 0.0342573 secs]
 [Times: user=0.32 sys=0.00, real=0.04 secs] 
2022-11-02T20:06:37.944-0600: 265498.364: [GC cleanup 3789M->3789M(14336M), 0.0063954 secs]
 [Times: user=0.06 sys=0.00, real=0.00 secs] 
2022-11-02T20:07:02.541-0600: 265522.961: [GC pause (G1 Evacuation Pause) (young), 0.0108418 secs]
   [Parallel Time: 5.5 ms, GC Workers: 14]
      [GC Worker Start (ms): Min: 265522961.3, Avg: 265522961.4, Max: 265522961.6, Diff: 0.3]
      [Ext Root Scanning (ms): Min: 0.3, Avg: 0.8, Max: 5.1, Diff: 4.8, Sum: 11.2]
      [Update RS (ms): Min: 0.0, Avg: 0.8, Max: 1.1, Diff: 1.1, Sum: 11.6]
         [Processed Buffers: Min: 0, Avg: 4.6, Max: 10, Diff: 10, Sum: 64]
      [Scan RS (ms): Min: 0.0, Avg: 0.0, Max: 0.1, Diff: 0.1, Sum: 0.3]
      [Code Root Scanning (ms): Min: 0.0, Avg: 0.0, Max: 0.0, Diff: 0.0, Sum: 0.0]
      [Object Copy (ms): Min: 0.0, Avg: 0.8, Max: 0.9, Diff: 0.9, Sum: 10.6]
      [Termination (ms): Min: 0.0, Avg: 2.6, Max: 2.9, Diff: 2.9, Sum: 36.5]
         [Termination Attempts: Min: 1, Avg: 32.2, Max: 53, Diff: 52, Sum: 451]
      [GC Worker Other (ms): Min: 0.0, Avg: 0.0, Max: 0.0, Diff: 0.0, Sum: 0.1]
      [GC Worker Total (ms): Min: 4.9, Avg: 5.0, Max: 5.2, Diff: 0.3, Sum: 70.3]
      [GC Worker End (ms): Min: 265522966.4, Avg: 265522966.5, Max: 265522966.5, Diff: 0.1]
   [Code Root Fixup: 0.0 ms]
   [Code Root Purge: 0.0 ms]
   [Clear CT: 0.4 ms]
   [Other: 4.9 ms]
      [Choose CSet: 0.0 ms]
      [Ref Proc: 4.1 ms]
      [Ref Enq: 0.3 ms]
      [Redirty Cards: 0.3 ms]
      [Humongous Register: 0.0 ms]
      [Humongous Reclaim: 0.0 ms]
      [Free CSet: 0.1 ms]
   [Eden: 7152.0M(7152.0M)->0.0B(5712.0M) Survivors: 16384.0K->16384.0K Heap: 10756.3M(14336.0M)->3605.0M(14336.0M)]
 [Times: user=0.09 sys=0.00, real=0.00 secs] 
2022-11-02T20:07:22.970-0600: 265543.391: [GC pause (G1 Evacuation Pause) (mixed), 0.0121185 secs]
   [Parallel Time: 6.8 ms, GC Workers: 14]
      [GC Worker Start (ms): Min: 265543390.9, Avg: 265543391.0, Max: 265543391.1, Diff: 0.2]
      [Ext Root Scanning (ms): Min: 0.3, Avg: 1.0, Max: 6.5, Diff: 6.2, Sum: 13.8]
      [Update RS (ms): Min: 0.0, Avg: 0.9, Max: 1.1, Diff: 1.1, Sum: 12.0]
         [Processed Buffers: Min: 0, Avg: 4.3, Max: 9, Diff: 9, Sum: 60]
      [Scan RS (ms): Min: 0.0, Avg: 0.5, Max: 0.7, Diff: 0.6, Sum: 6.6]
      [Code Root Scanning (ms): Min: 0.0, Avg: 0.0, Max: 0.0, Diff: 0.0, Sum: 0.0]
      [Object Copy (ms): Min: 0.0, Avg: 1.4, Max: 1.5, Diff: 1.5, Sum: 19.3]
      [Termination (ms): Min: 0.0, Avg: 2.8, Max: 3.0, Diff: 3.0, Sum: 38.9]
         [Termination Attempts: Min: 1, Avg: 27.6, Max: 39, Diff: 38, Sum: 387]
      [GC Worker Other (ms): Min: 0.0, Avg: 0.0, Max: 0.0, Diff: 0.0, Sum: 0.1]
      [GC Worker Total (ms): Min: 6.4, Avg: 6.5, Max: 6.6, Diff: 0.2, Sum: 90.6]
      [GC Worker End (ms): Min: 265543397.4, Avg: 265543397.4, Max: 265543397.5, Diff: 0.1]
   [Code Root Fixup: 0.0 ms]
   [Code Root Purge: 0.0 ms]
   [Clear CT: 0.5 ms]
   [Other: 4.8 ms]
      [Choose CSet: 0.0 ms]
      [Ref Proc: 3.7 ms]
      [Ref Enq: 0.3 ms]
      [Redirty Cards: 0.6 ms]
      [Humongous Register: 0.0 ms]
      [Humongous Reclaim: 0.0 ms]
      [Free CSet: 0.1 ms]
   [Eden: 5712.0M(5712.0M)->0.0B(7152.0M) Survivors: 16384.0K->16384.0K Heap: 9317.0M(14336.0M)->3597.2M(14336.0M)]
 [Times: user=0.11 sys=0.00, real=0.02 secs] 
2022-11-02T20:07:47.078-0600: 265567.498: [GC pause (G1 Evacuation Pause) (young), 0.0103434 secs]
   [Parallel Time: 4.6 ms, GC Workers: 14]
      [GC Worker Start (ms): Min: 265567498.2, Avg: 265567498.4, Max: 265567498.5, Diff: 0.3]
      [Ext Root Scanning (ms): Min: 0.3, Avg: 0.7, Max: 4.3, Diff: 4.0, Sum: 10.3]
      [Update RS (ms): Min: 0.0, Avg: 2.0, Max: 2.3, Diff: 2.3, Sum: 28.1]
         [Processed Buffers: Min: 0, Avg: 10.3, Max: 18, Diff: 18, Sum: 144]
      [Scan RS (ms): Min: 0.0, Avg: 0.0, Max: 0.1, Diff: 0.1, Sum: 0.4]
      [Code Root Scanning (ms): Min: 0.0, Avg: 0.0, Max: 0.0, Diff: 0.0, Sum: 0.0]
      [Object Copy (ms): Min: 0.0, Avg: 1.0, Max: 1.2, Diff: 1.2, Sum: 14.1]
      [Termination (ms): Min: 0.0, Avg: 0.4, Max: 0.5, Diff: 0.5, Sum: 6.1]
         [Termination Attempts: Min: 1, Avg: 22.4, Max: 35, Diff: 34, Sum: 314]
      [GC Worker Other (ms): Min: 0.0, Avg: 0.0, Max: 0.0, Diff: 0.0, Sum: 0.2]
      [GC Worker Total (ms): Min: 4.1, Avg: 4.2, Max: 4.4, Diff: 0.3, Sum: 59.1]
      [GC Worker End (ms): Min: 265567502.6, Avg: 265567502.6, Max: 265567502.6, Diff: 0.0]
   [Code Root Fixup: 0.0 ms]
   [Code Root Purge: 0.0 ms]
   [Clear CT: 0.4 ms]
   [Other: 5.3 ms]
      [Choose CSet: 0.0 ms]
      [Ref Proc: 4.7 ms]
      [Ref Enq: 0.2 ms]
      [Redirty Cards: 0.2 ms]
      [Humongous Register: 0.0 ms]
      [Humongous Reclaim: 0.0 ms]
      [Free CSet: 0.1 ms]
   [Eden: 7152.0M(7152.0M)->0.0B(7152.0M) Survivors: 16384.0K->16384.0K Heap: 10749.2M(14336.0M)->3604.0M(14336.0M)]
 [Times: user=0.08 sys=0.00, real=0.01 secs] 
2022-11-02T20:08:11.766-0600: 265592.186: [GC pause (G1 Evacuation Pause) (young) (initial-mark), 0.0138611 secs]
   [Parallel Time: 8.4 ms, GC Workers: 14]
      [GC Worker Start (ms): Min: 265592187.5, Avg: 265592187.6, Max: 265592187.8, Diff: 0.3]
      [Ext Root Scanning (ms): Min: 4.4, Avg: 4.6, Max: 4.8, Diff: 0.3, Sum: 64.1]
      [Update RS (ms): Min: 0.8, Avg: 0.9, Max: 1.3, Diff: 0.4, Sum: 13.3]
         [Processed Buffers: Min: 2, Avg: 4.5, Max: 12, Diff: 10, Sum: 63]
      [Scan RS (ms): Min: 0.0, Avg: 0.0, Max: 0.1, Diff: 0.1, Sum: 0.3]
      [Code Root Scanning (ms): Min: 0.0, Avg: 0.0, Max: 0.0, Diff: 0.0, Sum: 0.0]
      [Object Copy (ms): Min: 0.7, Avg: 1.0, Max: 1.1, Diff: 0.4, Sum: 13.6]
      [Termination (ms): Min: 0.0, Avg: 0.0, Max: 0.0, Diff: 0.0, Sum: 0.4]
         [Termination Attempts: Min: 18, Avg: 25.9, Max: 36, Diff: 18, Sum: 363]
      [GC Worker Other (ms): Min: 0.0, Avg: 0.1, Max: 0.2, Diff: 0.2, Sum: 0.9]
      [GC Worker Total (ms): Min: 6.5, Avg: 6.6, Max: 6.8, Diff: 0.3, Sum: 92.6]
      [GC Worker End (ms): Min: 265592194.2, Avg: 265592194.3, Max: 265592194.4, Diff: 0.2]
   [Code Root Fixup: 0.0 ms]
   [Code Root Purge: 0.0 ms]
   [Clear CT: 0.4 ms]
   [Other: 5.0 ms]
      [Choose CSet: 0.0 ms]
      [Ref Proc: 4.4 ms]
      [Ref Enq: 0.2 ms]
      [Redirty Cards: 0.2 ms]
      [Humongous Register: 0.0 ms]
      [Humongous Reclaim: 0.0 ms]
      [Free CSet: 0.1 ms]
   [Eden: 7152.0M(7152.0M)->0.0B(7152.0M) Survivors: 16384.0K->16384.0K Heap: 10756.0M(14336.0M)->3609.9M(14336.0M)]
 [Times: user=0.10 sys=0.00, real=0.01 secs] 
2022-11-02T20:08:11.780-0600: 265592.200: [GC concurrent-root-region-scan-start]
2022-11-02T20:08:11.786-0600: 265592.207: [GC concurrent-root-region-scan-end, 0.0063898 secs]
2022-11-02T20:08:11.786-0600: 265592.207: [GC concurrent-mark-start]
2022-11-02T20:08:12.467-0600: 265592.887: [GC concurrent-mark-end, 0.6804509 secs]
2022-11-02T20:08:12.467-0600: 265592.887: [GC remark 2022-11-02T20:08:12.467-0600: 265592.887: [Finalize Marking, 0.0008046 secs] 2022-11-02T20:08:12.468-0600: 265592.888: [GC ref-proc, 0.0071066 secs] 2022-11-02T20:08:12.475-0600: 265592.895: [Unloading, 0.0219949 secs], 0.0322039 secs]
 [Times: user=0.31 sys=0.00, real=0.03 secs] 
2022-11-02T20:08:12.500-0600: 265592.920: [GC cleanup 3825M->3825M(14336M), 0.0061213 secs]
 [Times: user=0.06 sys=0.00, real=0.01 secs] 
2022-11-02T20:08:36.534-0600: 265616.955: [GC pause (G1 Evacuation Pause) (young), 0.0113559 secs]
   [Parallel Time: 5.5 ms, GC Workers: 14]
      [GC Worker Start (ms): Min: 265616954.8, Avg: 265616955.0, Max: 265616955.1, Diff: 0.3]
      [Ext Root Scanning (ms): Min: 0.3, Avg: 0.8, Max: 5.0, Diff: 4.7, Sum: 11.4]
      [Update RS (ms): Min: 0.0, Avg: 1.0, Max: 1.4, Diff: 1.4, Sum: 14.0]
         [Processed Buffers: Min: 0, Avg: 4.9, Max: 10, Diff: 10, Sum: 69]
      [Scan RS (ms): Min: 0.0, Avg: 0.0, Max: 0.1, Diff: 0.1, Sum: 0.3]
      [Code Root Scanning (ms): Min: 0.0, Avg: 0.0, Max: 0.0, Diff: 0.0, Sum: 0.0]
      [Object Copy (ms): Min: 0.0, Avg: 1.0, Max: 1.2, Diff: 1.2, Sum: 14.5]
      [Termination (ms): Min: 0.0, Avg: 2.0, Max: 2.3, Diff: 2.3, Sum: 27.9]
         [Termination Attempts: Min: 1, Avg: 50.7, Max: 72, Diff: 71, Sum: 710]
      [GC Worker Other (ms): Min: 0.0, Avg: 0.0, Max: 0.0, Diff: 0.0, Sum: 0.1]
      [GC Worker Total (ms): Min: 4.7, Avg: 4.9, Max: 5.0, Diff: 0.3, Sum: 68.3]
      [GC Worker End (ms): Min: 265616959.8, Avg: 265616959.8, Max: 265616959.9, Diff: 0.1]
   [Code Root Fixup: 0.0 ms]
   [Code Root Purge: 0.0 ms]
   [Clear CT: 0.3 ms]
   [Other: 5.6 ms]
      [Choose CSet: 0.0 ms]
      [Ref Proc: 4.8 ms]
      [Ref Enq: 0.3 ms]
      [Redirty Cards: 0.2 ms]
      [Humongous Register: 0.0 ms]
      [Humongous Reclaim: 0.0 ms]
      [Free CSet: 0.1 ms]
   [Eden: 7152.0M(7152.0M)->0.0B(5712.0M) Survivors: 16384.0K->16384.0K Heap: 10761.9M(14336.0M)->3612.8M(14336.0M)]
 [Times: user=0.09 sys=0.00, real=0.01 secs] 
2022-11-02T20:08:56.429-0600: 265636.850: [GC pause (G1 Evacuation Pause) (mixed), 0.0210559 secs]
   [Parallel Time: 8.3 ms, GC Workers: 14]
      [GC Worker Start (ms): Min: 265636849.8, Avg: 265636850.0, Max: 265636850.2, Diff: 0.4]
      [Ext Root Scanning (ms): Min: 0.3, Avg: 1.1, Max: 7.8, Diff: 7.4, Sum: 14.8]
      [Update RS (ms): Min: 0.0, Avg: 0.9, Max: 1.2, Diff: 1.2, Sum: 12.2]
         [Processed Buffers: Min: 0, Avg: 4.4, Max: 14, Diff: 14, Sum: 61]
      [Scan RS (ms): Min: 0.0, Avg: 0.5, Max: 0.6, Diff: 0.6, Sum: 6.5]
      [Code Root Scanning (ms): Min: 0.0, Avg: 0.0, Max: 0.0, Diff: 0.0, Sum: 0.0]
      [Object Copy (ms): Min: 0.0, Avg: 1.5, Max: 1.6, Diff: 1.6, Sum: 20.7]
      [Termination (ms): Min: 0.0, Avg: 3.7, Max: 4.1, Diff: 4.1, Sum: 52.3]
         [Termination Attempts: Min: 1, Avg: 7.2, Max: 11, Diff: 10, Sum: 101]
      [GC Worker Other (ms): Min: 0.0, Avg: 0.0, Max: 0.0, Diff: 0.0, Sum: 0.1]
      [GC Worker Total (ms): Min: 7.4, Avg: 7.6, Max: 7.8, Diff: 0.4, Sum: 106.7]
      [GC Worker End (ms): Min: 265636857.6, Avg: 265636857.7, Max: 265636857.8, Diff: 0.1]
   [Code Root Fixup: 0.0 ms]
   [Code Root Purge: 0.0 ms]
   [Clear CT: 0.7 ms]
   [Other: 12.0 ms]
      [Choose CSet: 0.0 ms]
      [Ref Proc: 10.9 ms]
      [Ref Enq: 0.6 ms]
      [Redirty Cards: 0.2 ms]
      [Humongous Register: 0.0 ms]
      [Humongous Reclaim: 0.0 ms]
      [Free CSet: 0.2 ms]
   [Eden: 5712.0M(5712.0M)->0.0B(7136.0M) Survivors: 16384.0K->32768.0K Heap: 9324.8M(14336.0M)->3609.6M(14336.0M)]
 [Times: user=0.20 sys=0.00, real=0.02 secs] 
2022-11-02T20:09:21.279-0600: 265661.699: [GC pause (G1 Evacuation Pause) (young), 0.0161993 secs]
   [Parallel Time: 10.4 ms, GC Workers: 14]
      [GC Worker Start (ms): Min: 265661699.0, Avg: 265661699.3, Max: 265661699.5, Diff: 0.4]
      [Ext Root Scanning (ms): Min: 0.2, Avg: 0.8, Max: 4.1, Diff: 3.9, Sum: 10.6]
      [Update RS (ms): Min: 0.0, Avg: 1.8, Max: 2.2, Diff: 2.2, Sum: 25.7]
         [Processed Buffers: Min: 0, Avg: 9.3, Max: 17, Diff: 17, Sum: 130]
      [Scan RS (ms): Min: 0.0, Avg: 0.0, Max: 0.1, Diff: 0.0, Sum: 0.3]
      [Code Root Scanning (ms): Min: 0.0, Avg: 0.0, Max: 0.0, Diff: 0.0, Sum: 0.0]
      [Object Copy (ms): Min: 0.3, Avg: 4.8, Max: 7.3, Diff: 6.9, Sum: 66.6]
      [Termination (ms): Min: 0.0, Avg: 2.6, Max: 5.8, Diff: 5.8, Sum: 35.8]
         [Termination Attempts: Min: 1, Avg: 3.4, Max: 11, Diff: 10, Sum: 48]
      [GC Worker Other (ms): Min: 0.0, Avg: 0.0, Max: 0.0, Diff: 0.0, Sum: 0.1]
      [GC Worker Total (ms): Min: 9.7, Avg: 9.9, Max: 10.2, Diff: 0.5, Sum: 139.2]
      [GC Worker End (ms): Min: 265661709.2, Avg: 265661709.2, Max: 265661709.3, Diff: 0.1]
   [Code Root Fixup: 0.0 ms]
   [Code Root Purge: 0.0 ms]
   [Clear CT: 0.6 ms]
   [Other: 5.2 ms]
      [Choose CSet: 0.0 ms]
      [Ref Proc: 4.0 ms]
      [Ref Enq: 0.7 ms]
      [Redirty Cards: 0.2 ms]
      [Humongous Register: 0.0 ms]
      [Humongous Reclaim: 0.0 ms]
      [Free CSet: 0.1 ms]
   [Eden: 7136.0M(7136.0M)->0.0B(7152.0M) Survivors: 32768.0K->16384.0K Heap: 10745.6M(14336.0M)->3609.6M(14336.0M)]
 [Times: user=0.11 sys=0.00, real=0.02 secs] 
2022-11-02T20:09:46.718-0600: 265687.138: [GC pause (G1 Evacuation Pause) (young) (initial-mark), 0.0209896 secs]
   [Parallel Time: 15.7 ms, GC Workers: 14]
      [GC Worker Start (ms): Min: 265687139.3, Avg: 265687139.4, Max: 265687139.6, Diff: 0.3]
      [Ext Root Scanning (ms): Min: 4.4, Avg: 4.5, Max: 4.7, Diff: 0.3, Sum: 63.1]
      [Update RS (ms): Min: 0.9, Avg: 1.0, Max: 1.2, Diff: 0.3, Sum: 13.9]
         [Processed Buffers: Min: 2, Avg: 4.6, Max: 12, Diff: 10, Sum: 65]
      [Scan RS (ms): Min: 0.0, Avg: 0.0, Max: 0.1, Diff: 0.1, Sum: 0.4]
      [Code Root Scanning (ms): Min: 0.0, Avg: 0.0, Max: 0.0, Diff: 0.0, Sum: 0.0]
      [Object Copy (ms): Min: 7.9, Avg: 8.1, Max: 8.5, Diff: 0.7, Sum: 113.6]
      [Termination (ms): Min: 0.0, Avg: 0.4, Max: 0.4, Diff: 0.4, Sum: 5.0]
         [Termination Attempts: Min: 1, Avg: 1.0, Max: 1, Diff: 0, Sum: 14]
      [GC Worker Other (ms): Min: 0.0, Avg: 0.0, Max: 0.0, Diff: 0.0, Sum: 0.1]
      [GC Worker Total (ms): Min: 13.9, Avg: 14.0, Max: 14.1, Diff: 0.3, Sum: 196.1]
      [GC Worker End (ms): Min: 265687153.4, Avg: 265687153.5, Max: 265687153.5, Diff: 0.1]
   [Code Root Fixup: 0.0 ms]
   [Code Root Purge: 0.0 ms]
   [Clear CT: 0.4 ms]
   [Other: 4.9 ms]
      [Choose CSet: 0.0 ms]
      [Ref Proc: 4.1 ms]
      [Ref Enq: 0.2 ms]
      [Redirty Cards: 0.3 ms]
      [Humongous Register: 0.0 ms]
      [Humongous Reclaim: 0.0 ms]
      [Free CSet: 0.1 ms]
   [Eden: 7152.0M(7152.0M)->0.0B(7152.0M) Survivors: 16384.0K->16384.0K Heap: 10761.6M(14336.0M)->3608.0M(14336.0M)]
 [Times: user=0.10 sys=0.00, real=0.02 secs] 
2022-11-02T20:09:46.739-0600: 265687.159: [GC concurrent-root-region-scan-start]
2022-11-02T20:09:46.749-0600: 265687.169: [GC concurrent-root-region-scan-end, 0.0099459 secs]
2022-11-02T20:09:46.749-0600: 265687.169: [GC concurrent-mark-start]
2022-11-02T20:09:47.427-0600: 265687.847: [GC concurrent-mark-end, 0.6782145 secs]
2022-11-02T20:09:47.427-0600: 265687.847: [GC remark 2022-11-02T20:09:47.427-0600: 265687.847: [Finalize Marking, 0.0007989 secs] 2022-11-02T20:09:47.428-0600: 265687.848: [GC ref-proc, 0.0081255 secs] 2022-11-02T20:09:47.436-0600: 265687.856: [Unloading, 0.0210309 secs], 0.0321669 secs]
 [Times: user=0.33 sys=0.00, real=0.03 secs] 
2022-11-02T20:09:47.459-0600: 265687.880: [GC cleanup 3825M->3825M(14336M), 0.0063565 secs]
 [Times: user=0.05 sys=0.00, real=0.01 secs] 
2022-11-02T20:10:11.766-0600: 265712.186: [GC pause (G1 Evacuation Pause) (young), 0.0099516 secs]
   [Parallel Time: 5.0 ms, GC Workers: 14]
      [GC Worker Start (ms): Min: 265712186.3, Avg: 265712186.5, Max: 265712186.5, Diff: 0.2]
      [Ext Root Scanning (ms): Min: 0.3, Avg: 0.8, Max: 4.9, Diff: 4.6, Sum: 10.8]
      [Update RS (ms): Min: 0.0, Avg: 1.0, Max: 1.2, Diff: 1.2, Sum: 13.4]
         [Processed Buffers: Min: 0, Avg: 5.0, Max: 14, Diff: 14, Sum: 70]
      [Scan RS (ms): Min: 0.0, Avg: 0.0, Max: 0.1, Diff: 0.1, Sum: 0.3]
      [Code Root Scanning (ms): Min: 0.0, Avg: 0.0, Max: 0.1, Diff: 0.1, Sum: 0.1]
      [Object Copy (ms): Min: 0.0, Avg: 1.9, Max: 2.4, Diff: 2.4, Sum: 26.6]
      [Termination (ms): Min: 0.0, Avg: 1.2, Max: 1.3, Diff: 1.3, Sum: 16.4]
         [Termination Attempts: Min: 1, Avg: 5.4, Max: 12, Diff: 11, Sum: 75]
      [GC Worker Other (ms): Min: 0.0, Avg: 0.0, Max: 0.0, Diff: 0.0, Sum: 0.1]
      [GC Worker Total (ms): Min: 4.8, Avg: 4.8, Max: 4.9, Diff: 0.2, Sum: 67.6]
      [GC Worker End (ms): Min: 265712191.3, Avg: 265712191.3, Max: 265712191.3, Diff: 0.1]
   [Code Root Fixup: 0.0 ms]
   [Code Root Purge: 0.0 ms]
   [Clear CT: 0.3 ms]
   [Other: 4.6 ms]
      [Choose CSet: 0.0 ms]
      [Ref Proc: 3.9 ms]
      [Ref Enq: 0.3 ms]
      [Redirty Cards: 0.2 ms]
      [Humongous Register: 0.0 ms]
      [Humongous Reclaim: 0.0 ms]
      [Free CSet: 0.1 ms]
   [Eden: 7152.0M(7152.0M)->0.0B(5712.0M) Survivors: 16384.0K->16384.0K Heap: 10760.0M(14336.0M)->3608.7M(14336.0M)]
 [Times: user=0.07 sys=0.00, real=0.01 secs] 
2022-11-02T20:10:29.615-0600: 265730.035: [GC pause (G1 Evacuation Pause) (mixed), 0.0119523 secs]
   [Parallel Time: 7.4 ms, GC Workers: 14]
      [GC Worker Start (ms): Min: 265730035.3, Avg: 265730035.4, Max: 265730035.5, Diff: 0.2]
      [Ext Root Scanning (ms): Min: 0.3, Avg: 0.9, Max: 7.2, Diff: 6.9, Sum: 12.7]
      [Update RS (ms): Min: 0.0, Avg: 1.3, Max: 1.7, Diff: 1.7, Sum: 17.6]
         [Processed Buffers: Min: 0, Avg: 5.2, Max: 10, Diff: 10, Sum: 73]
      [Scan RS (ms): Min: 0.0, Avg: 2.2, Max: 2.4, Diff: 2.4, Sum: 30.1]
      [Code Root Scanning (ms): Min: 0.0, Avg: 0.0, Max: 0.1, Diff: 0.1, Sum: 0.1]
      [Object Copy (ms): Min: 0.0, Avg: 2.6, Max: 2.9, Diff: 2.9, Sum: 37.0]
      [Termination (ms): Min: 0.0, Avg: 0.2, Max: 0.2, Diff: 0.2, Sum: 2.3]
         [Termination Attempts: Min: 1, Avg: 18.8, Max: 31, Diff: 30, Sum: 263]
      [GC Worker Other (ms): Min: 0.0, Avg: 0.0, Max: 0.0, Diff: 0.0, Sum: 0.2]
      [GC Worker Total (ms): Min: 7.0, Avg: 7.1, Max: 7.2, Diff: 0.2, Sum: 99.9]
      [GC Worker End (ms): Min: 265730042.5, Avg: 265730042.6, Max: 265730042.6, Diff: 0.1]
   [Code Root Fixup: 0.0 ms]
   [Code Root Purge: 0.0 ms]
   [Clear CT: 0.4 ms]
   [Other: 4.2 ms]
      [Choose CSet: 0.0 ms]
      [Ref Proc: 3.5 ms]
      [Ref Enq: 0.2 ms]
      [Redirty Cards: 0.2 ms]
      [Humongous Register: 0.0 ms]
      [Humongous Reclaim: 0.0 ms]
      [Free CSet: 0.1 ms]
   [Eden: 5712.0M(5712.0M)->0.0B(7152.0M) Survivors: 16384.0K->16384.0K Heap: 9320.7M(14336.0M)->3601.2M(14336.0M)]
 [Times: user=0.11 sys=0.00, real=0.01 secs] 
2022-11-02T20:10:53.873-0600: 265754.294: [GC pause (G1 Evacuation Pause) (young), 0.0184149 secs]
   [Parallel Time: 14.2 ms, GC Workers: 14]
      [GC Worker Start (ms): Min: 265754293.7, Avg: 265754293.9, Max: 265754294.0, Diff: 0.3]
      [Ext Root Scanning (ms): Min: 0.3, Avg: 0.8, Max: 4.6, Diff: 4.3, Sum: 11.7]
      [Update RS (ms): Min: 0.0, Avg: 2.8, Max: 3.2, Diff: 3.2, Sum: 38.9]
         [Processed Buffers: Min: 0, Avg: 17.9, Max: 40, Diff: 40, Sum: 250]
      [Scan RS (ms): Min: 0.0, Avg: 0.0, Max: 0.1, Diff: 0.0, Sum: 0.3]
      [Code Root Scanning (ms): Min: 0.0, Avg: 0.0, Max: 0.0, Diff: 0.0, Sum: 0.0]
      [Object Copy (ms): Min: 3.6, Avg: 7.5, Max: 10.3, Diff: 6.7, Sum: 105.4]
      [Termination (ms): Min: 0.0, Avg: 2.7, Max: 5.8, Diff: 5.8, Sum: 37.7]
         [Termination Attempts: Min: 1, Avg: 1.9, Max: 5, Diff: 4, Sum: 27]
      [GC Worker Other (ms): Min: 0.0, Avg: 0.0, Max: 0.0, Diff: 0.0, Sum: 0.1]
      [GC Worker Total (ms): Min: 13.7, Avg: 13.9, Max: 14.0, Diff: 0.3, Sum: 194.1]
      [GC Worker End (ms): Min: 265754307.7, Avg: 265754307.7, Max: 265754307.8, Diff: 0.1]
   [Code Root Fixup: 0.0 ms]
   [Code Root Purge: 0.0 ms]
   [Clear CT: 0.4 ms]
   [Other: 3.8 ms]
      [Choose CSet: 0.0 ms]
      [Ref Proc: 2.9 ms]
      [Ref Enq: 0.2 ms]
      [Redirty Cards: 0.2 ms]
      [Humongous Register: 0.0 ms]
      [Humongous Reclaim: 0.0 ms]
      [Free CSet: 0.2 ms]
   [Eden: 7152.0M(7152.0M)->0.0B(7136.0M) Survivors: 16384.0K->32768.0K Heap: 10753.2M(14336.0M)->3612.1M(14336.0M)]
 [Times: user=0.10 sys=0.02, real=0.01 secs] 
2022-11-02T20:11:16.574-0600: 265776.994: [GC pause (G1 Evacuation Pause) (young) (initial-mark), 0.0179736 secs]
   [Parallel Time: 13.1 ms, GC Workers: 14]
      [GC Worker Start (ms): Min: 265776995.6, Avg: 265776995.7, Max: 265776995.9, Diff: 0.3]
      [Ext Root Scanning (ms): Min: 6.6, Avg: 6.8, Max: 6.9, Diff: 0.3, Sum: 94.9]
      [Update RS (ms): Min: 1.5, Avg: 1.6, Max: 1.8, Diff: 0.3, Sum: 22.7]
         [Processed Buffers: Min: 5, Avg: 7.1, Max: 11, Diff: 6, Sum: 100]
      [Scan RS (ms): Min: 0.0, Avg: 0.0, Max: 0.1, Diff: 0.1, Sum: 0.4]
      [Code Root Scanning (ms): Min: 0.0, Avg: 0.0, Max: 0.0, Diff: 0.0, Sum: 0.0]
      [Object Copy (ms): Min: 2.3, Avg: 2.5, Max: 2.7, Diff: 0.4, Sum: 34.6]
      [Termination (ms): Min: 0.0, Avg: 0.2, Max: 0.3, Diff: 0.3, Sum: 3.5]
         [Termination Attempts: Min: 1, Avg: 2.5, Max: 5, Diff: 4, Sum: 35]
      [GC Worker Other (ms): Min: 0.0, Avg: 0.0, Max: 0.0, Diff: 0.0, Sum: 0.1]
      [GC Worker Total (ms): Min: 11.0, Avg: 11.2, Max: 11.3, Diff: 0.3, Sum: 156.3]
      [GC Worker End (ms): Min: 265777006.9, Avg: 265777006.9, Max: 265777007.0, Diff: 0.1]
   [Code Root Fixup: 0.0 ms]
   [Code Root Purge: 0.0 ms]
   [Clear CT: 0.5 ms]
   [Other: 4.4 ms]
      [Choose CSet: 0.0 ms]
      [Ref Proc: 3.5 ms]
      [Ref Enq: 0.3 ms]
      [Redirty Cards: 0.2 ms]
      [Humongous Register: 0.0 ms]
      [Humongous Reclaim: 0.0 ms]
      [Free CSet: 0.2 ms]
   [Eden: 7136.0M(7136.0M)->0.0B(7152.0M) Survivors: 32768.0K->16384.0K Heap: 10748.1M(14336.0M)->3613.7M(14336.0M)]
 [Times: user=0.11 sys=0.00, real=0.01 secs] 
2022-11-02T20:11:16.592-0600: 265777.012: [GC concurrent-root-region-scan-start]
2022-11-02T20:11:16.602-0600: 265777.022: [GC concurrent-root-region-scan-end, 0.0104921 secs]
2022-11-02T20:11:16.602-0600: 265777.022: [GC concurrent-mark-start]
2022-11-02T20:11:17.272-0600: 265777.693: [GC concurrent-mark-end, 0.6702034 secs]
2022-11-02T20:11:17.273-0600: 265777.693: [GC remark 2022-11-02T20:11:17.273-0600: 265777.693: [Finalize Marking, 0.0006651 secs] 2022-11-02T20:11:17.273-0600: 265777.694: [GC ref-proc, 0.0138011 secs] 2022-11-02T20:11:17.287-0600: 265777.708: [Unloading, 0.0265131 secs], 0.0443879 secs]
 [Times: user=0.38 sys=0.00, real=0.04 secs] 
2022-11-02T20:11:17.317-0600: 265777.738: [GC cleanup 3813M->3813M(14336M), 0.0073452 secs]
 [Times: user=0.07 sys=0.00, real=0.01 secs] 
2022-11-02T20:11:41.037-0600: 265801.457: [GC pause (G1 Evacuation Pause) (young), 0.0120146 secs]
   [Parallel Time: 6.4 ms, GC Workers: 14]
      [GC Worker Start (ms): Min: 265801457.5, Avg: 265801457.6, Max: 265801457.8, Diff: 0.3]
      [Ext Root Scanning (ms): Min: 0.3, Avg: 0.9, Max: 6.1, Diff: 5.9, Sum: 12.3]
      [Update RS (ms): Min: 0.0, Avg: 1.2, Max: 1.6, Diff: 1.6, Sum: 17.3]
         [Processed Buffers: Min: 0, Avg: 5.1, Max: 10, Diff: 10, Sum: 72]
      [Scan RS (ms): Min: 0.0, Avg: 0.0, Max: 0.1, Diff: 0.1, Sum: 0.4]
      [Code Root Scanning (ms): Min: 0.0, Avg: 0.0, Max: 0.0, Diff: 0.0, Sum: 0.0]
      [Object Copy (ms): Min: 0.0, Avg: 1.1, Max: 1.4, Diff: 1.4, Sum: 15.3]
      [Termination (ms): Min: 0.0, Avg: 2.8, Max: 3.1, Diff: 3.1, Sum: 39.6]
         [Termination Attempts: Min: 1, Avg: 1.5, Max: 3, Diff: 2, Sum: 21]
      [GC Worker Other (ms): Min: 0.0, Avg: 0.0, Max: 0.0, Diff: 0.0, Sum: 0.1]
      [GC Worker Total (ms): Min: 5.9, Avg: 6.1, Max: 6.2, Diff: 0.3, Sum: 85.1]
      [GC Worker End (ms): Min: 265801463.7, Avg: 265801463.7, Max: 265801463.8, Diff: 0.1]
   [Code Root Fixup: 0.0 ms]
   [Code Root Purge: 0.0 ms]
   [Clear CT: 0.5 ms]
   [Other: 5.1 ms]
      [Choose CSet: 0.0 ms]
      [Ref Proc: 4.4 ms]
      [Ref Enq: 0.2 ms]
      [Redirty Cards: 0.2 ms]
      [Humongous Register: 0.0 ms]
      [Humongous Reclaim: 0.0 ms]
      [Free CSet: 0.2 ms]
   [Eden: 7152.0M(7152.0M)->0.0B(5712.0M) Survivors: 16384.0K->16384.0K Heap: 10765.7M(14336.0M)->3615.6M(14336.0M)]
 [Times: user=0.10 sys=0.00, real=0.01 secs] 
2022-11-02T20:12:00.818-0600: 265821.238: [GC pause (G1 Evacuation Pause) (mixed), 0.0154401 secs]
   [Parallel Time: 9.8 ms, GC Workers: 14]
      [GC Worker Start (ms): Min: 265821237.9, Avg: 265821238.0, Max: 265821238.2, Diff: 0.3]
      [Ext Root Scanning (ms): Min: 0.3, Avg: 0.7, Max: 4.7, Diff: 4.4, Sum: 10.4]
      [Update RS (ms): Min: 0.0, Avg: 1.1, Max: 1.4, Diff: 1.4, Sum: 16.0]
         [Processed Buffers: Min: 0, Avg: 5.6, Max: 11, Diff: 11, Sum: 79]
      [Scan RS (ms): Min: 0.0, Avg: 0.5, Max: 0.6, Diff: 0.6, Sum: 6.5]
      [Code Root Scanning (ms): Min: 0.0, Avg: 0.0, Max: 0.0, Diff: 0.0, Sum: 0.0]
      [Object Copy (ms): Min: 0.0, Avg: 1.8, Max: 7.1, Diff: 7.1, Sum: 25.7]
      [Termination (ms): Min: 0.0, Avg: 5.1, Max: 5.7, Diff: 5.6, Sum: 71.6]
         [Termination Attempts: Min: 1, Avg: 4.1, Max: 7, Diff: 6, Sum: 57]
      [GC Worker Other (ms): Min: 0.0, Avg: 0.0, Max: 0.0, Diff: 0.0, Sum: 0.1]
      [GC Worker Total (ms): Min: 9.2, Avg: 9.3, Max: 9.5, Diff: 0.3, Sum: 130.3]
      [GC Worker End (ms): Min: 265821247.3, Avg: 265821247.3, Max: 265821247.4, Diff: 0.1]
   [Code Root Fixup: 0.0 ms]
   [Code Root Purge: 0.0 ms]
   [Clear CT: 0.2 ms]
   [Other: 5.4 ms]
      [Choose CSet: 0.0 ms]
      [Ref Proc: 4.5 ms]
      [Ref Enq: 0.4 ms]
      [Redirty Cards: 0.2 ms]
      [Humongous Register: 0.0 ms]
      [Humongous Reclaim: 0.0 ms]
      [Free CSet: 0.2 ms]
   [Eden: 5712.0M(5712.0M)->0.0B(7152.0M) Survivors: 16384.0K->16384.0K Heap: 9327.6M(14336.0M)->3605.4M(14336.0M)]
 [Times: user=0.15 sys=0.00, real=0.02 secs] 
2022-11-02T20:12:25.622-0600: 265846.043: [GC pause (G1 Evacuation Pause) (young), 0.0123914 secs]
   [Parallel Time: 6.1 ms, GC Workers: 14]
      [GC Worker Start (ms): Min: 265846042.8, Avg: 265846042.9, Max: 265846043.1, Diff: 0.3]
      [Ext Root Scanning (ms): Min: 0.3, Avg: 0.8, Max: 5.8, Diff: 5.5, Sum: 11.4]
      [Update RS (ms): Min: 0.0, Avg: 1.8, Max: 2.1, Diff: 2.1, Sum: 25.3]
         [Processed Buffers: Min: 0, Avg: 10.1, Max: 14, Diff: 14, Sum: 141]
      [Scan RS (ms): Min: 0.0, Avg: 0.0, Max: 0.1, Diff: 0.0, Sum: 0.3]
      [Code Root Scanning (ms): Min: 0.0, Avg: 0.0, Max: 0.0, Diff: 0.0, Sum: 0.0]
      [Object Copy (ms): Min: 0.0, Avg: 1.1, Max: 1.2, Diff: 1.2, Sum: 14.9]
      [Termination (ms): Min: 0.0, Avg: 2.0, Max: 2.2, Diff: 2.2, Sum: 27.9]
         [Termination Attempts: Min: 1, Avg: 10.0, Max: 15, Diff: 14, Sum: 140]
      [GC Worker Other (ms): Min: 0.0, Avg: 0.0, Max: 0.0, Diff: 0.0, Sum: 0.1]
      [GC Worker Total (ms): Min: 5.6, Avg: 5.7, Max: 5.8, Diff: 0.3, Sum: 79.9]
      [GC Worker End (ms): Min: 265846048.6, Avg: 265846048.6, Max: 265846048.7, Diff: 0.1]
   [Code Root Fixup: 0.0 ms]
   [Code Root Purge: 0.0 ms]
   [Clear CT: 0.3 ms]
   [Other: 6.0 ms]
      [Choose CSet: 0.0 ms]
      [Ref Proc: 5.2 ms]
      [Ref Enq: 0.3 ms]
      [Redirty Cards: 0.2 ms]
      [Humongous Register: 0.0 ms]
      [Humongous Reclaim: 0.0 ms]
      [Free CSet: 0.2 ms]
   [Eden: 7152.0M(7152.0M)->0.0B(7152.0M) Survivors: 16384.0K->16384.0K Heap: 10757.4M(14336.0M)->3616.8M(14336.0M)]
 [Times: user=0.11 sys=0.00, real=0.01 secs] 
2022-11-02T20:13:31.223-0600: 265911.643: [GC pause (G1 Evacuation Pause) (young) (initial-mark), 0.0238835 secs]
   [Parallel Time: 18.1 ms, GC Workers: 14]
      [GC Worker Start (ms): Min: 265911644.7, Avg: 265911644.8, Max: 265911644.9, Diff: 0.2]
      [Ext Root Scanning (ms): Min: 4.3, Avg: 4.4, Max: 4.5, Diff: 0.2, Sum: 61.2]
      [Update RS (ms): Min: 2.5, Avg: 2.6, Max: 2.8, Diff: 0.3, Sum: 36.4]
         [Processed Buffers: Min: 7, Avg: 10.1, Max: 18, Diff: 11, Sum: 141]
      [Scan RS (ms): Min: 0.0, Avg: 0.0, Max: 0.0, Diff: 0.0, Sum: 0.3]
      [Code Root Scanning (ms): Min: 0.0, Avg: 0.0, Max: 0.0, Diff: 0.0, Sum: 0.0]
      [Object Copy (ms): Min: 2.9, Avg: 5.2, Max: 9.1, Diff: 6.3, Sum: 73.1]
      [Termination (ms): Min: 0.0, Avg: 3.9, Max: 6.2, Diff: 6.2, Sum: 55.0]
         [Termination Attempts: Min: 1, Avg: 3.5, Max: 9, Diff: 8, Sum: 49]
      [GC Worker Other (ms): Min: 0.0, Avg: 0.0, Max: 0.0, Diff: 0.0, Sum: 0.1]
      [GC Worker Total (ms): Min: 16.0, Avg: 16.2, Max: 16.3, Diff: 0.2, Sum: 226.2]
      [GC Worker End (ms): Min: 265911660.9, Avg: 265911661.0, Max: 265911661.1, Diff: 0.1]
   [Code Root Fixup: 0.0 ms]
   [Code Root Purge: 0.0 ms]
   [Clear CT: 0.4 ms]
   [Other: 5.4 ms]
      [Choose CSet: 0.0 ms]
      [Ref Proc: 4.7 ms]
      [Ref Enq: 0.2 ms]
      [Redirty Cards: 0.2 ms]
      [Humongous Register: 0.0 ms]
      [Humongous Reclaim: 0.0 ms]
      [Free CSet: 0.1 ms]
   [Eden: 7152.0M(7152.0M)->0.0B(7120.0M) Survivors: 16384.0K->49152.0K Heap: 10768.8M(14336.0M)->3641.2M(14336.0M)]
 [Times: user=0.21 sys=0.00, real=0.02 secs] 
2022-11-02T20:13:31.247-0600: 265911.667: [GC concurrent-root-region-scan-start]
2022-11-02T20:13:31.259-0600: 265911.679: [GC concurrent-root-region-scan-end, 0.0120408 secs]
2022-11-02T20:13:31.259-0600: 265911.679: [GC concurrent-mark-start]
2022-11-02T20:13:31.925-0600: 265912.345: [GC concurrent-mark-end, 0.6659832 secs]
2022-11-02T20:13:31.925-0600: 265912.345: [GC remark 2022-11-02T20:13:31.925-0600: 265912.345: [Finalize Marking, 0.0012136 secs] 2022-11-02T20:13:31.926-0600: 265912.347: [GC ref-proc, 0.0071623 secs] 2022-11-02T20:13:31.934-0600: 265912.354: [Unloading, 0.0214025 secs], 0.0323428 secs]
 [Times: user=0.33 sys=0.00, real=0.03 secs] 
2022-11-02T20:13:31.958-0600: 265912.378: [GC cleanup 3689M->3689M(14336M), 0.0069520 secs]
 [Times: user=0.05 sys=0.00, real=0.01 secs] 
2022-11-02T20:14:57.766-0600: 265998.186: [GC pause (G1 Evacuation Pause) (young), 0.0187811 secs]
   [Parallel Time: 6.7 ms, GC Workers: 14]
      [GC Worker Start (ms): Min: 265998186.3, Avg: 265998186.4, Max: 265998186.5, Diff: 0.2]
      [Ext Root Scanning (ms): Min: 0.3, Avg: 0.9, Max: 6.3, Diff: 6.0, Sum: 12.1]
      [Update RS (ms): Min: 0.0, Avg: 1.7, Max: 2.0, Diff: 2.0, Sum: 23.6]
         [Processed Buffers: Min: 0, Avg: 7.6, Max: 16, Diff: 16, Sum: 106]
      [Scan RS (ms): Min: 0.0, Avg: 0.0, Max: 0.1, Diff: 0.1, Sum: 0.3]
      [Code Root Scanning (ms): Min: 0.0, Avg: 0.0, Max: 0.0, Diff: 0.0, Sum: 0.0]
      [Object Copy (ms): Min: 0.0, Avg: 2.4, Max: 2.7, Diff: 2.7, Sum: 33.8]
      [Termination (ms): Min: 0.0, Avg: 1.3, Max: 1.4, Diff: 1.4, Sum: 17.6]
         [Termination Attempts: Min: 1, Avg: 22.9, Max: 37, Diff: 36, Sum: 321]
      [GC Worker Other (ms): Min: 0.0, Avg: 0.0, Max: 0.1, Diff: 0.1, Sum: 0.3]
      [GC Worker Total (ms): Min: 6.1, Avg: 6.3, Max: 6.4, Diff: 0.2, Sum: 87.8]
      [GC Worker End (ms): Min: 265998192.6, Avg: 265998192.7, Max: 265998192.7, Diff: 0.1]
   [Code Root Fixup: 0.0 ms]
   [Code Root Purge: 0.0 ms]
   [Clear CT: 0.3 ms]
   [Other: 11.7 ms]
      [Choose CSet: 0.0 ms]
      [Ref Proc: 4.0 ms]
      [Ref Enq: 0.3 ms]
      [Redirty Cards: 0.2 ms]
      [Humongous Register: 0.0 ms]
      [Humongous Reclaim: 0.0 ms]
      [Free CSet: 0.2 ms]
   [Eden: 7120.0M(7120.0M)->0.0B(5680.0M) Survivors: 49152.0K->49152.0K Heap: 10761.2M(14336.0M)->3661.1M(14336.0M)]
 [Times: user=0.11 sys=0.00, real=0.02 secs] 
2022-11-02T20:16:06.166-0600: 266066.587: [GC pause (G1 Evacuation Pause) (mixed), 0.0275314 secs]
   [Parallel Time: 21.8 ms, GC Workers: 14]
      [GC Worker Start (ms): Min: 266066586.9, Avg: 266066587.0, Max: 266066587.2, Diff: 0.3]
      [Ext Root Scanning (ms): Min: 0.1, Avg: 1.5, Max: 14.1, Diff: 14.1, Sum: 21.0]
      [Update RS (ms): Min: 0.0, Avg: 2.1, Max: 3.1, Diff: 3.1, Sum: 29.1]
         [Processed Buffers: Min: 0, Avg: 12.3, Max: 23, Diff: 23, Sum: 172]
      [Scan RS (ms): Min: 0.0, Avg: 1.9, Max: 2.8, Diff: 2.7, Sum: 26.9]
      [Code Root Scanning (ms): Min: 0.0, Avg: 0.0, Max: 0.0, Diff: 0.0, Sum: 0.1]
      [Object Copy (ms): Min: 7.0, Avg: 15.4, Max: 20.5, Diff: 13.6, Sum: 216.1]
      [Termination (ms): Min: 0.0, Avg: 0.4, Max: 0.8, Diff: 0.8, Sum: 5.9]
         [Termination Attempts: Min: 1, Avg: 14.1, Max: 48, Diff: 47, Sum: 198]
      [GC Worker Other (ms): Min: 0.0, Avg: 0.0, Max: 0.0, Diff: 0.0, Sum: 0.1]
      [GC Worker Total (ms): Min: 21.2, Avg: 21.4, Max: 21.6, Diff: 0.4, Sum: 299.2]
      [GC Worker End (ms): Min: 266066608.3, Avg: 266066608.4, Max: 266066608.5, Diff: 0.1]
   [Code Root Fixup: 0.0 ms]
   [Code Root Purge: 0.0 ms]
   [Clear CT: 1.3 ms]
   [Other: 4.4 ms]
      [Choose CSet: 0.0 ms]
      [Ref Proc: 3.1 ms]
      [Ref Enq: 0.6 ms]
      [Redirty Cards: 0.2 ms]
      [Humongous Register: 0.0 ms]
      [Humongous Reclaim: 0.0 ms]
      [Free CSet: 0.2 ms]
   [Eden: 5680.0M(5680.0M)->0.0B(7152.0M) Survivors: 49152.0K->16384.0K Heap: 9341.1M(14336.0M)->3599.5M(14336.0M)]
 [Times: user=0.18 sys=0.00, real=0.03 secs] 
2022-11-02T20:17:31.348-0600: 266151.768: [GC pause (G1 Evacuation Pause) (young), 0.0169778 secs]
   [Parallel Time: 10.8 ms, GC Workers: 14]
      [GC Worker Start (ms): Min: 266151767.9, Avg: 266151768.0, Max: 266151768.1, Diff: 0.2]
      [Ext Root Scanning (ms): Min: 0.3, Avg: 0.7, Max: 3.8, Diff: 3.4, Sum: 9.8]
      [Update RS (ms): Min: 3.7, Avg: 6.7, Max: 7.1, Diff: 3.4, Sum: 93.8]
         [Processed Buffers: Min: 18, Avg: 34.8, Max: 50, Diff: 32, Sum: 487]
      [Scan RS (ms): Min: 0.0, Avg: 0.0, Max: 0.1, Diff: 0.0, Sum: 0.3]
      [Code Root Scanning (ms): Min: 0.0, Avg: 0.0, Max: 0.0, Diff: 0.0, Sum: 0.0]
      [Object Copy (ms): Min: 2.8, Avg: 2.9, Max: 3.0, Diff: 0.2, Sum: 40.8]
      [Termination (ms): Min: 0.0, Avg: 0.0, Max: 0.0, Diff: 0.0, Sum: 0.2]
         [Termination Attempts: Min: 1, Avg: 1.5, Max: 2, Diff: 1, Sum: 21]
      [GC Worker Other (ms): Min: 0.0, Avg: 0.1, Max: 0.1, Diff: 0.1, Sum: 0.8]
      [GC Worker Total (ms): Min: 10.3, Avg: 10.4, Max: 10.5, Diff: 0.3, Sum: 145.8]
      [GC Worker End (ms): Min: 266151778.4, Avg: 266151778.4, Max: 266151778.5, Diff: 0.1]
   [Code Root Fixup: 0.0 ms]
   [Code Root Purge: 0.0 ms]
   [Clear CT: 0.3 ms]
   [Other: 5.8 ms]
      [Choose CSet: 0.0 ms]
      [Ref Proc: 4.9 ms]
      [Ref Enq: 0.3 ms]
      [Redirty Cards: 0.3 ms]
      [Humongous Register: 0.0 ms]
      [Humongous Reclaim: 0.0 ms]
      [Free CSet: 0.1 ms]
   [Eden: 7152.0M(7152.0M)->0.0B(7136.0M) Survivors: 16384.0K->32768.0K Heap: 10751.5M(14336.0M)->3654.2M(14336.0M)]
 [Times: user=0.17 sys=0.00, real=0.02 secs] 
2022-11-02T20:18:57.119-0600: 266237.539: [GC pause (G1 Evacuation Pause) (young) (initial-mark), 0.0165665 secs]
   [Parallel Time: 11.9 ms, GC Workers: 14]
      [GC Worker Start (ms): Min: 266237540.6, Avg: 266237540.9, Max: 266237541.3, Diff: 0.8]
      [Ext Root Scanning (ms): Min: 1.5, Avg: 4.9, Max: 9.2, Diff: 7.7, Sum: 69.3]
      [Update RS (ms): Min: 0.0, Avg: 0.9, Max: 1.8, Diff: 1.8, Sum: 11.9]
         [Processed Buffers: Min: 0, Avg: 5.3, Max: 17, Diff: 17, Sum: 74]
      [Scan RS (ms): Min: 0.0, Avg: 0.0, Max: 0.1, Diff: 0.0, Sum: 0.3]
      [Code Root Scanning (ms): Min: 0.0, Avg: 0.0, Max: 0.0, Diff: 0.0, Sum: 0.0]
      [Object Copy (ms): Min: 0.9, Avg: 3.6, Max: 8.0, Diff: 7.2, Sum: 51.1]
      [Termination (ms): Min: 0.0, Avg: 0.5, Max: 0.9, Diff: 0.9, Sum: 7.5]
         [Termination Attempts: Min: 1, Avg: 1.4, Max: 3, Diff: 2, Sum: 20]
      [GC Worker Other (ms): Min: 0.0, Avg: 0.0, Max: 0.0, Diff: 0.0, Sum: 0.1]
      [GC Worker Total (ms): Min: 9.6, Avg: 10.0, Max: 10.4, Diff: 0.9, Sum: 140.2]
      [GC Worker End (ms): Min: 266237550.9, Avg: 266237550.9, Max: 266237551.0, Diff: 0.1]
   [Code Root Fixup: 0.0 ms]
   [Code Root Purge: 0.0 ms]
   [Clear CT: 0.3 ms]
   [Other: 4.4 ms]
      [Choose CSet: 0.0 ms]
      [Ref Proc: 3.5 ms]
      [Ref Enq: 0.3 ms]
      [Redirty Cards: 0.2 ms]
      [Humongous Register: 0.0 ms]
      [Humongous Reclaim: 0.0 ms]
      [Free CSet: 0.1 ms]
   [Eden: 7136.0M(7136.0M)->0.0B(7120.0M) Survivors: 32768.0K->49152.0K Heap: 10790.2M(14336.0M)->3679.4M(14336.0M)]
 [Times: user=0.09 sys=0.00, real=0.02 secs] 
2022-11-02T20:18:57.136-0600: 266237.556: [GC concurrent-root-region-scan-start]
2022-11-02T20:18:57.142-0600: 266237.562: [GC concurrent-root-region-scan-end, 0.0062840 secs]
2022-11-02T20:18:57.142-0600: 266237.562: [GC concurrent-mark-start]
2022-11-02T20:18:57.807-0600: 266238.228: [GC concurrent-mark-end, 0.6655771 secs]
2022-11-02T20:18:57.808-0600: 266238.228: [GC remark 2022-11-02T20:18:57.808-0600: 266238.228: [Finalize Marking, 0.0006956 secs] 2022-11-02T20:18:57.808-0600: 266238.229: [GC ref-proc, 0.0073842 secs] 2022-11-02T20:18:57.816-0600: 266238.236: [Unloading, 0.0223857 secs], 0.0332357 secs]
 [Times: user=0.33 sys=0.00, real=0.04 secs] 
2022-11-02T20:18:57.841-0600: 266238.261: [GC cleanup 3767M->3767M(14336M), 0.0067164 secs]
 [Times: user=0.05 sys=0.00, real=0.00 secs] 
2022-11-02T20:20:22.985-0600: 266323.405: [GC pause (G1 Evacuation Pause) (young), 0.0141589 secs]
   [Parallel Time: 9.2 ms, GC Workers: 14]
      [GC Worker Start (ms): Min: 266323405.0, Avg: 266323405.2, Max: 266323405.4, Diff: 0.3]
      [Ext Root Scanning (ms): Min: 0.1, Avg: 0.6, Max: 3.2, Diff: 3.1, Sum: 8.9]
      [Update RS (ms): Min: 0.0, Avg: 0.9, Max: 3.9, Diff: 3.9, Sum: 12.9]
         [Processed Buffers: Min: 0, Avg: 5.5, Max: 32, Diff: 32, Sum: 77]
      [Scan RS (ms): Min: 0.0, Avg: 0.0, Max: 0.1, Diff: 0.1, Sum: 0.3]
      [Code Root Scanning (ms): Min: 0.0, Avg: 0.0, Max: 0.0, Diff: 0.0, Sum: 0.0]
      [Object Copy (ms): Min: 4.4, Avg: 7.2, Max: 8.7, Diff: 4.3, Sum: 100.8]
      [Termination (ms): Min: 0.0, Avg: 0.0, Max: 0.0, Diff: 0.0, Sum: 0.3]
         [Termination Attempts: Min: 1, Avg: 44.8, Max: 59, Diff: 58, Sum: 627]
      [GC Worker Other (ms): Min: 0.0, Avg: 0.0, Max: 0.1, Diff: 0.1, Sum: 0.5]
      [GC Worker Total (ms): Min: 8.6, Avg: 8.8, Max: 9.0, Diff: 0.4, Sum: 123.7]
      [GC Worker End (ms): Min: 266323414.0, Avg: 266323414.0, Max: 266323414.1, Diff: 0.1]
   [Code Root Fixup: 0.0 ms]
   [Code Root Purge: 0.0 ms]
   [Clear CT: 0.4 ms]
   [Other: 4.6 ms]
      [Choose CSet: 0.0 ms]
      [Ref Proc: 3.9 ms]
      [Ref Enq: 0.2 ms]
      [Redirty Cards: 0.2 ms]
      [Humongous Register: 0.0 ms]
      [Humongous Reclaim: 0.0 ms]
      [Free CSet: 0.1 ms]
   [Eden: 7120.0M(7120.0M)->0.0B(5712.0M) Survivors: 49152.0K->16384.0K Heap: 10799.4M(14336.0M)->3656.0M(14336.0M)]
 [Times: user=0.06 sys=0.00, real=0.01 secs] 
2022-11-02T20:21:32.340-0600: 266392.760: [GC pause (G1 Evacuation Pause) (mixed), 0.0316580 secs]
   [Parallel Time: 26.5 ms, GC Workers: 14]
      [GC Worker Start (ms): Min: 266392760.1, Avg: 266392760.2, Max: 266392760.3, Diff: 0.2]
      [Ext Root Scanning (ms): Min: 0.3, Avg: 0.9, Max: 6.9, Diff: 6.6, Sum: 12.2]
      [Update RS (ms): Min: 0.0, Avg: 1.0, Max: 1.3, Diff: 1.3, Sum: 13.6]
         [Processed Buffers: Min: 0, Avg: 5.2, Max: 15, Diff: 15, Sum: 73]
      [Scan RS (ms): Min: 0.0, Avg: 3.5, Max: 4.0, Diff: 4.0, Sum: 49.2]
      [Code Root Scanning (ms): Min: 0.0, Avg: 0.1, Max: 0.7, Diff: 0.7, Sum: 1.3]
      [Object Copy (ms): Min: 19.3, Avg: 20.7, Max: 20.9, Diff: 1.6, Sum: 289.5]
      [Termination (ms): Min: 0.0, Avg: 0.1, Max: 0.2, Diff: 0.2, Sum: 1.9]
         [Termination Attempts: Min: 1, Avg: 10.3, Max: 15, Diff: 14, Sum: 144]
      [GC Worker Other (ms): Min: 0.0, Avg: 0.0, Max: 0.0, Diff: 0.0, Sum: 0.1]
      [GC Worker Total (ms): Min: 26.1, Avg: 26.3, Max: 26.4, Diff: 0.3, Sum: 367.8]
      [GC Worker End (ms): Min: 266392786.4, Avg: 266392786.5, Max: 266392786.5, Diff: 0.1]
   [Code Root Fixup: 0.0 ms]
   [Code Root Purge: 0.0 ms]
   [Clear CT: 0.4 ms]
   [Other: 4.8 ms]
      [Choose CSet: 0.1 ms]
      [Ref Proc: 3.8 ms]
      [Ref Enq: 0.2 ms]
      [Redirty Cards: 0.3 ms]
      [Humongous Register: 0.0 ms]
      [Humongous Reclaim: 0.0 ms]
      [Free CSet: 0.2 ms]
   [Eden: 5712.0M(5712.0M)->0.0B(7152.0M) Survivors: 16384.0K->16384.0K Heap: 9368.0M(14336.0M)->3498.4M(14336.0M)]
 [Times: user=0.26 sys=0.00, real=0.03 secs] 
2022-11-02T20:22:56.769-0600: 266477.189: [GC pause (G1 Evacuation Pause) (young), 0.0229914 secs]
   [Parallel Time: 17.9 ms, GC Workers: 14]
      [GC Worker Start (ms): Min: 266477189.5, Avg: 266477189.6, Max: 266477189.7, Diff: 0.2]
      [Ext Root Scanning (ms): Min: 0.3, Avg: 0.8, Max: 4.5, Diff: 4.3, Sum: 10.5]
      [Update RS (ms): Min: 5.8, Avg: 9.4, Max: 9.9, Diff: 4.1, Sum: 131.4]
         [Processed Buffers: Min: 25, Avg: 43.4, Max: 58, Diff: 33, Sum: 608]
      [Scan RS (ms): Min: 0.0, Avg: 0.0, Max: 0.1, Diff: 0.1, Sum: 0.4]
      [Code Root Scanning (ms): Min: 0.0, Avg: 0.0, Max: 0.0, Diff: 0.0, Sum: 0.1]
      [Object Copy (ms): Min: 3.2, Avg: 6.4, Max: 7.3, Diff: 4.1, Sum: 89.0]
      [Termination (ms): Min: 0.0, Avg: 1.0, Max: 4.1, Diff: 4.1, Sum: 13.7]
         [Termination Attempts: Min: 1, Avg: 1.5, Max: 4, Diff: 3, Sum: 21]
      [GC Worker Other (ms): Min: 0.0, Avg: 0.0, Max: 0.0, Diff: 0.0, Sum: 0.1]
      [GC Worker Total (ms): Min: 17.4, Avg: 17.5, Max: 17.7, Diff: 0.3, Sum: 245.2]
      [GC Worker End (ms): Min: 266477207.1, Avg: 266477207.1, Max: 266477207.2, Diff: 0.1]
   [Code Root Fixup: 0.0 ms]
   [Code Root Purge: 0.0 ms]
   [Clear CT: 0.4 ms]
   [Other: 4.7 ms]
      [Choose CSet: 0.0 ms]
      [Ref Proc: 4.0 ms]
      [Ref Enq: 0.3 ms]
      [Redirty Cards: 0.3 ms]
      [Humongous Register: 0.0 ms]
      [Humongous Reclaim: 0.0 ms]
      [Free CSet: 0.1 ms]
   [Eden: 7152.0M(7152.0M)->0.0B(7152.0M) Survivors: 16384.0K->16384.0K Heap: 10650.4M(14336.0M)->3578.0M(14336.0M)]
 [Times: user=0.18 sys=0.00, real=0.02 secs] 
2022-11-02T20:24:23.671-0600: 266564.091: [GC pause (G1 Evacuation Pause) (young) (initial-mark), 0.0214786 secs]
   [Parallel Time: 14.8 ms, GC Workers: 14]
      [GC Worker Start (ms): Min: 266564093.0, Avg: 266564093.2, Max: 266564093.5, Diff: 0.5]
      [Ext Root Scanning (ms): Min: 4.0, Avg: 4.3, Max: 4.5, Diff: 0.5, Sum: 60.4]
      [Update RS (ms): Min: 0.9, Avg: 1.1, Max: 1.3, Diff: 0.3, Sum: 15.4]
         [Processed Buffers: Min: 2, Avg: 4.8, Max: 10, Diff: 8, Sum: 67]
      [Scan RS (ms): Min: 0.0, Avg: 0.0, Max: 0.1, Diff: 0.1, Sum: 0.5]
      [Code Root Scanning (ms): Min: 0.0, Avg: 0.0, Max: 0.1, Diff: 0.1, Sum: 0.1]
      [Object Copy (ms): Min: 1.5, Avg: 3.7, Max: 7.4, Diff: 5.9, Sum: 51.2]
      [Termination (ms): Min: 0.0, Avg: 3.7, Max: 5.7, Diff: 5.7, Sum: 52.5]
         [Termination Attempts: Min: 1, Avg: 3.1, Max: 8, Diff: 7, Sum: 43]
      [GC Worker Other (ms): Min: 0.0, Avg: 0.0, Max: 0.0, Diff: 0.0, Sum: 0.1]
      [GC Worker Total (ms): Min: 12.6, Avg: 12.9, Max: 13.1, Diff: 0.5, Sum: 180.1]
      [GC Worker End (ms): Min: 266564106.0, Avg: 266564106.1, Max: 266564106.1, Diff: 0.1]
   [Code Root Fixup: 0.0 ms]
   [Code Root Purge: 0.0 ms]
   [Clear CT: 0.9 ms]
   [Other: 5.7 ms]
      [Choose CSet: 0.0 ms]
      [Ref Proc: 4.9 ms]
      [Ref Enq: 0.3 ms]
      [Redirty Cards: 0.2 ms]
      [Humongous Register: 0.0 ms]
      [Humongous Reclaim: 0.0 ms]
      [Free CSet: 0.2 ms]
   [Eden: 7152.0M(7152.0M)->0.0B(7152.0M) Survivors: 16384.0K->16384.0K Heap: 10730.0M(14336.0M)->3593.7M(14336.0M)]
 [Times: user=0.15 sys=0.00, real=0.03 secs] 
2022-11-02T20:24:23.693-0600: 266564.113: [GC concurrent-root-region-scan-start]
2022-11-02T20:24:23.701-0600: 266564.121: [GC concurrent-root-region-scan-end, 0.0082129 secs]
2022-11-02T20:24:23.701-0600: 266564.121: [GC concurrent-mark-start]
2022-11-02T20:24:24.402-0600: 266564.822: [GC concurrent-mark-end, 0.7005592 secs]
2022-11-02T20:24:24.402-0600: 266564.822: [GC remark 2022-11-02T20:24:24.402-0600: 266564.822: [Finalize Marking, 0.0009201 secs] 2022-11-02T20:24:24.403-0600: 266564.823: [GC ref-proc, 0.0097008 secs] 2022-11-02T20:24:24.412-0600: 266564.833: [Unloading, 0.0241557 secs], 0.0372062 secs]
 [Times: user=0.34 sys=0.00, real=0.03 secs] 
2022-11-02T20:24:24.439-0600: 266564.860: [GC cleanup 3681M->3681M(14336M), 0.0064370 secs]
 [Times: user=0.05 sys=0.00, real=0.01 secs] 
2022-11-02T20:25:42.615-0600: 266643.036: [GC pause (G1 Evacuation Pause) (young), 0.0149926 secs]
   [Parallel Time: 9.1 ms, GC Workers: 14]
      [GC Worker Start (ms): Min: 266643035.7, Avg: 266643035.8, Max: 266643035.9, Diff: 0.2]
      [Ext Root Scanning (ms): Min: 0.3, Avg: 1.0, Max: 7.5, Diff: 7.2, Sum: 13.5]
      [Update RS (ms): Min: 0.0, Avg: 1.6, Max: 1.9, Diff: 1.9, Sum: 22.5]
         [Processed Buffers: Min: 0, Avg: 6.5, Max: 11, Diff: 11, Sum: 91]
      [Scan RS (ms): Min: 0.0, Avg: 0.0, Max: 0.1, Diff: 0.1, Sum: 0.4]
      [Code Root Scanning (ms): Min: 0.0, Avg: 0.0, Max: 0.0, Diff: 0.0, Sum: 0.0]
      [Object Copy (ms): Min: 1.3, Avg: 6.2, Max: 6.6, Diff: 5.3, Sum: 86.5]
      [Termination (ms): Min: 0.0, Avg: 0.0, Max: 0.0, Diff: 0.0, Sum: 0.0]
         [Termination Attempts: Min: 1, Avg: 1.1, Max: 2, Diff: 1, Sum: 15]
      [GC Worker Other (ms): Min: 0.0, Avg: 0.1, Max: 0.1, Diff: 0.1, Sum: 0.9]
      [GC Worker Total (ms): Min: 8.7, Avg: 8.8, Max: 9.0, Diff: 0.3, Sum: 123.8]
      [GC Worker End (ms): Min: 266643044.6, Avg: 266643044.6, Max: 266643044.7, Diff: 0.1]
   [Code Root Fixup: 0.0 ms]
   [Code Root Purge: 0.0 ms]
   [Clear CT: 0.3 ms]
   [Other: 5.5 ms]
      [Choose CSet: 0.0 ms]
      [Ref Proc: 4.5 ms]
      [Ref Enq: 0.4 ms]
      [Redirty Cards: 0.3 ms]
      [Humongous Register: 0.0 ms]
      [Humongous Reclaim: 0.0 ms]
      [Free CSet: 0.3 ms]
   [Eden: 7152.0M(7152.0M)->0.0B(5664.0M) Survivors: 16384.0K->65536.0K Heap: 10745.7M(14336.0M)->3644.4M(14336.0M)]
 [Times: user=0.14 sys=0.00, real=0.01 secs] 
2022-11-02T20:26:41.119-0600: 266701.539: [GC pause (G1 Evacuation Pause) (mixed), 0.0679445 secs]
   [Parallel Time: 20.2 ms, GC Workers: 14]
      [GC Worker Start (ms): Min: 266701539.6, Avg: 266701539.7, Max: 266701540.0, Diff: 0.4]
      [Ext Root Scanning (ms): Min: 0.2, Avg: 1.5, Max: 14.3, Diff: 14.1, Sum: 20.7]
      [Update RS (ms): Min: 0.0, Avg: 1.8, Max: 2.2, Diff: 2.2, Sum: 25.2]
         [Processed Buffers: Min: 0, Avg: 6.0, Max: 11, Diff: 11, Sum: 84]
      [Scan RS (ms): Min: 0.1, Avg: 2.4, Max: 2.7, Diff: 2.5, Sum: 33.8]
      [Code Root Scanning (ms): Min: 0.0, Avg: 0.0, Max: 0.1, Diff: 0.1, Sum: 0.2]
      [Object Copy (ms): Min: 4.5, Avg: 13.1, Max: 14.6, Diff: 10.2, Sum: 183.4]
      [Termination (ms): Min: 0.1, Avg: 0.9, Max: 1.0, Diff: 1.0, Sum: 12.8]
         [Termination Attempts: Min: 1, Avg: 147.6, Max: 198, Diff: 197, Sum: 2067]
      [GC Worker Other (ms): Min: 0.0, Avg: 0.0, Max: 0.2, Diff: 0.2, Sum: 0.6]
      [GC Worker Total (ms): Min: 19.6, Avg: 19.8, Max: 19.9, Diff: 0.3, Sum: 276.7]
      [GC Worker End (ms): Min: 266701559.4, Avg: 266701559.5, Max: 266701559.6, Diff: 0.2]
   [Code Root Fixup: 0.0 ms]
   [Code Root Purge: 0.0 ms]
   [Clear CT: 1.3 ms]
   [Other: 46.4 ms]
      [Choose CSet: 0.0 ms]
      [Ref Proc: 45.3 ms]
      [Ref Enq: 0.3 ms]
      [Redirty Cards: 0.3 ms]
      [Humongous Register: 0.0 ms]
      [Humongous Reclaim: 0.0 ms]
      [Free CSet: 0.3 ms]
   [Eden: 5664.0M(5664.0M)->0.0B(7072.0M) Survivors: 65536.0K->98304.0K Heap: 9308.4M(14336.0M)->3603.8M(14336.0M)]
 [Times: user=0.53 sys=0.00, real=0.07 secs] 
2022-11-02T20:28:04.860-0600: 266785.281: [GC pause (G1 Evacuation Pause) (young), 0.0225089 secs]
   [Parallel Time: 16.2 ms, GC Workers: 14]
      [GC Worker Start (ms): Min: 266785280.7, Avg: 266785280.8, Max: 266785281.0, Diff: 0.3]
      [Ext Root Scanning (ms): Min: 0.3, Avg: 0.8, Max: 4.9, Diff: 4.6, Sum: 10.8]
      [Update RS (ms): Min: 2.7, Avg: 6.4, Max: 6.9, Diff: 4.2, Sum: 89.9]
         [Processed Buffers: Min: 13, Avg: 33.5, Max: 51, Diff: 38, Sum: 469]
      [Scan RS (ms): Min: 0.0, Avg: 0.0, Max: 0.1, Diff: 0.1, Sum: 0.4]
      [Code Root Scanning (ms): Min: 0.0, Avg: 0.0, Max: 0.0, Diff: 0.0, Sum: 0.1]
      [Object Copy (ms): Min: 2.0, Avg: 3.7, Max: 8.4, Diff: 6.4, Sum: 52.4]
      [Termination (ms): Min: 0.0, Avg: 4.7, Max: 6.3, Diff: 6.3, Sum: 65.4]
         [Termination Attempts: Min: 1, Avg: 6.4, Max: 12, Diff: 11, Sum: 89]
      [GC Worker Other (ms): Min: 0.0, Avg: 0.0, Max: 0.0, Diff: 0.0, Sum: 0.1]
      [GC Worker Total (ms): Min: 15.5, Avg: 15.7, Max: 15.8, Diff: 0.4, Sum: 219.1]
      [GC Worker End (ms): Min: 266785296.5, Avg: 266785296.5, Max: 266785296.6, Diff: 0.1]
   [Code Root Fixup: 0.0 ms]
   [Code Root Purge: 0.0 ms]
   [Clear CT: 0.4 ms]
   [Other: 5.9 ms]
      [Choose CSet: 0.0 ms]
      [Ref Proc: 4.9 ms]
      [Ref Enq: 0.3 ms]
      [Redirty Cards: 0.3 ms]
      [Humongous Register: 0.0 ms]
      [Humongous Reclaim: 0.0 ms]
      [Free CSet: 0.2 ms]
   [Eden: 7072.0M(7072.0M)->0.0B(7136.0M) Survivors: 98304.0K->32768.0K Heap: 10675.8M(14336.0M)->3577.6M(14336.0M)]
 [Times: user=0.21 sys=0.01, real=0.02 secs] 
2022-11-02T20:29:31.359-0600: 266871.779: [GC pause (G1 Evacuation Pause) (young) (initial-mark), 0.0194155 secs]
   [Parallel Time: 14.3 ms, GC Workers: 14]
      [GC Worker Start (ms): Min: 266871781.8, Avg: 266871781.9, Max: 266871782.1, Diff: 0.3]
      [Ext Root Scanning (ms): Min: 6.4, Avg: 6.6, Max: 6.8, Diff: 0.3, Sum: 92.5]
      [Update RS (ms): Min: 2.6, Avg: 2.8, Max: 3.0, Diff: 0.4, Sum: 38.5]
         [Processed Buffers: Min: 10, Avg: 15.2, Max: 21, Diff: 11, Sum: 213]
      [Scan RS (ms): Min: 0.0, Avg: 0.0, Max: 0.1, Diff: 0.1, Sum: 0.3]
      [Code Root Scanning (ms): Min: 0.0, Avg: 0.0, Max: 0.0, Diff: 0.0, Sum: 0.1]
      [Object Copy (ms): Min: 1.5, Avg: 1.8, Max: 1.9, Diff: 0.4, Sum: 24.6]
      [Termination (ms): Min: 0.0, Avg: 0.0, Max: 0.0, Diff: 0.0, Sum: 0.1]
         [Termination Attempts: Min: 1, Avg: 10.1, Max: 15, Diff: 14, Sum: 141]
      [GC Worker Other (ms): Min: 0.0, Avg: 0.1, Max: 0.2, Diff: 0.2, Sum: 1.4]
      [GC Worker Total (ms): Min: 11.0, Avg: 11.2, Max: 11.5, Diff: 0.4, Sum: 157.5]
      [GC Worker End (ms): Min: 266871793.1, Avg: 266871793.2, Max: 266871793.3, Diff: 0.2]
   [Code Root Fixup: 0.0 ms]
   [Code Root Purge: 0.0 ms]
   [Clear CT: 0.4 ms]
   [Other: 4.7 ms]
      [Choose CSet: 0.0 ms]
      [Ref Proc: 3.8 ms]
      [Ref Enq: 0.2 ms]
      [Redirty Cards: 0.2 ms]
      [Humongous Register: 0.0 ms]
      [Humongous Reclaim: 0.0 ms]
      [Free CSet: 0.3 ms]
   [Eden: 7136.0M(7136.0M)->0.0B(7152.0M) Survivors: 32768.0K->16384.0K Heap: 10713.6M(14336.0M)->3574.8M(14336.0M)]
 [Times: user=0.14 sys=0.00, real=0.02 secs] 
2022-11-02T20:29:31.378-0600: 266871.799: [GC concurrent-root-region-scan-start]
2022-11-02T20:29:31.386-0600: 266871.807: [GC concurrent-root-region-scan-end, 0.0081278 secs]
2022-11-02T20:29:31.386-0600: 266871.807: [GC concurrent-mark-start]
2022-11-02T20:29:32.047-0600: 266872.468: [GC concurrent-mark-end, 0.6610271 secs]
2022-11-02T20:29:32.048-0600: 266872.468: [GC remark 2022-11-02T20:29:32.048-0600: 266872.468: [Finalize Marking, 0.0008507 secs] 2022-11-02T20:29:32.048-0600: 266872.469: [GC ref-proc, 0.0075748 secs] 2022-11-02T20:29:32.056-0600: 266872.476: [Unloading, 0.0219909 secs], 0.0326310 secs]
 [Times: user=0.32 sys=0.00, real=0.03 secs] 
2022-11-02T20:29:32.081-0600: 266872.501: [GC cleanup 3638M->3638M(14336M), 0.0070194 secs]
 [Times: user=0.05 sys=0.00, real=0.00 secs] 
2022-11-02T20:30:57.066-0600: 266957.486: [GC pause (G1 Evacuation Pause) (young), 0.0100804 secs]
   [Parallel Time: 5.4 ms, GC Workers: 14]
      [GC Worker Start (ms): Min: 266957486.5, Avg: 266957486.6, Max: 266957486.8, Diff: 0.4]
      [Ext Root Scanning (ms): Min: 0.2, Avg: 0.8, Max: 5.3, Diff: 5.1, Sum: 11.9]
      [Update RS (ms): Min: 0.0, Avg: 2.8, Max: 3.3, Diff: 3.3, Sum: 39.3]
         [Processed Buffers: Min: 0, Avg: 15.4, Max: 22, Diff: 22, Sum: 216]
      [Scan RS (ms): Min: 0.0, Avg: 0.0, Max: 0.1, Diff: 0.1, Sum: 0.4]
      [Code Root Scanning (ms): Min: 0.0, Avg: 0.0, Max: 0.0, Diff: 0.0, Sum: 0.0]
      [Object Copy (ms): Min: 0.0, Avg: 1.0, Max: 1.1, Diff: 1.1, Sum: 13.7]
      [Termination (ms): Min: 0.0, Avg: 0.5, Max: 0.6, Diff: 0.6, Sum: 7.5]
         [Termination Attempts: Min: 1, Avg: 6.2, Max: 8, Diff: 7, Sum: 87]
      [GC Worker Other (ms): Min: 0.0, Avg: 0.0, Max: 0.0, Diff: 0.0, Sum: 0.1]
      [GC Worker Total (ms): Min: 5.0, Avg: 5.2, Max: 5.3, Diff: 0.4, Sum: 72.8]
      [GC Worker End (ms): Min: 266957491.8, Avg: 266957491.8, Max: 266957491.8, Diff: 0.1]
   [Code Root Fixup: 0.0 ms]
   [Code Root Purge: 0.0 ms]
   [Clear CT: 0.2 ms]
   [Other: 4.4 ms]
      [Choose CSet: 0.0 ms]
      [Ref Proc: 3.6 ms]
      [Ref Enq: 0.3 ms]
      [Redirty Cards: 0.2 ms]
      [Humongous Register: 0.0 ms]
      [Humongous Reclaim: 0.0 ms]
      [Free CSet: 0.2 ms]
   [Eden: 7152.0M(7152.0M)->0.0B(5712.0M) Survivors: 16384.0K->16384.0K Heap: 10726.8M(14336.0M)->3576.3M(14336.0M)]
 [Times: user=0.09 sys=0.00, real=0.01 secs] 
2022-11-02T20:32:05.019-0600: 267025.440: [GC pause (G1 Evacuation Pause) (mixed), 0.0243974 secs]
   [Parallel Time: 19.6 ms, GC Workers: 14]
      [GC Worker Start (ms): Min: 267025439.6, Avg: 267025439.7, Max: 267025439.9, Diff: 0.2]
      [Ext Root Scanning (ms): Min: 0.3, Avg: 1.1, Max: 9.6, Diff: 9.3, Sum: 15.6]
      [Update RS (ms): Min: 0.0, Avg: 0.9, Max: 1.3, Diff: 1.3, Sum: 13.3]
         [Processed Buffers: Min: 0, Avg: 4.9, Max: 11, Diff: 11, Sum: 69]
      [Scan RS (ms): Min: 0.0, Avg: 1.4, Max: 1.6, Diff: 1.6, Sum: 19.5]
      [Code Root Scanning (ms): Min: 0.0, Avg: 0.0, Max: 0.0, Diff: 0.0, Sum: 0.1]
      [Object Copy (ms): Min: 4.0, Avg: 10.4, Max: 16.2, Diff: 12.3, Sum: 145.5]
      [Termination (ms): Min: 0.0, Avg: 5.4, Max: 5.9, Diff: 5.9, Sum: 75.7]
         [Termination Attempts: Min: 1, Avg: 1.0, Max: 1, Diff: 0, Sum: 14]
      [GC Worker Other (ms): Min: 0.0, Avg: 0.0, Max: 0.0, Diff: 0.0, Sum: 0.1]
      [GC Worker Total (ms): Min: 19.2, Avg: 19.3, Max: 19.4, Diff: 0.3, Sum: 269.8]
      [GC Worker End (ms): Min: 267025459.0, Avg: 267025459.0, Max: 267025459.1, Diff: 0.1]
   [Code Root Fixup: 0.0 ms]
   [Code Root Purge: 0.0 ms]
   [Clear CT: 0.7 ms]
   [Other: 4.1 ms]
      [Choose CSet: 0.0 ms]
      [Ref Proc: 3.3 ms]
      [Ref Enq: 0.2 ms]
      [Redirty Cards: 0.2 ms]
      [Humongous Register: 0.0 ms]
      [Humongous Reclaim: 0.0 ms]
      [Free CSet: 0.2 ms]
   [Eden: 5712.0M(5712.0M)->0.0B(7152.0M) Survivors: 16384.0K->16384.0K Heap: 9288.3M(14336.0M)->3530.8M(14336.0M)]
 [Times: user=0.19 sys=0.00, real=0.03 secs] 
2022-11-02T20:33:09.985-0600: 267090.406: [GC pause (G1 Evacuation Pause) (young), 0.0252461 secs]
   [Parallel Time: 17.8 ms, GC Workers: 14]
      [GC Worker Start (ms): Min: 267090405.8, Avg: 267090405.9, Max: 267090406.0, Diff: 0.2]
      [Ext Root Scanning (ms): Min: 0.3, Avg: 0.9, Max: 5.7, Diff: 5.3, Sum: 12.1]
      [Update RS (ms): Min: 0.0, Avg: 3.9, Max: 4.5, Diff: 4.5, Sum: 55.2]
         [Processed Buffers: Min: 0, Avg: 19.1, Max: 27, Diff: 27, Sum: 267]
      [Scan RS (ms): Min: 0.0, Avg: 0.0, Max: 0.1, Diff: 0.0, Sum: 0.4]
      [Code Root Scanning (ms): Min: 0.0, Avg: 0.0, Max: 0.0, Diff: 0.0, Sum: 0.0]
      [Object Copy (ms): Min: 5.7, Avg: 6.8, Max: 12.4, Diff: 6.7, Sum: 95.7]
      [Termination (ms): Min: 0.0, Avg: 5.6, Max: 6.1, Diff: 6.1, Sum: 78.0]
         [Termination Attempts: Min: 1, Avg: 20.7, Max: 27, Diff: 26, Sum: 290]
      [GC Worker Other (ms): Min: 0.0, Avg: 0.0, Max: 0.0, Diff: 0.0, Sum: 0.1]
      [GC Worker Total (ms): Min: 17.1, Avg: 17.2, Max: 17.4, Diff: 0.3, Sum: 241.5]
      [GC Worker End (ms): Min: 267090423.1, Avg: 267090423.2, Max: 267090423.2, Diff: 0.1]
   [Code Root Fixup: 0.0 ms]
   [Code Root Purge: 0.0 ms]
   [Clear CT: 0.4 ms]
   [Other: 7.0 ms]
      [Choose CSet: 0.0 ms]
      [Ref Proc: 6.0 ms]
      [Ref Enq: 0.2 ms]
      [Redirty Cards: 0.2 ms]
      [Humongous Register: 0.0 ms]
      [Humongous Reclaim: 0.0 ms]
      [Free CSet: 0.2 ms]
   [Eden: 7152.0M(7152.0M)->0.0B(7104.0M) Survivors: 16384.0K->65536.0K Heap: 10682.8M(14336.0M)->3584.2M(14336.0M)]
 [Times: user=0.26 sys=0.00, real=0.02 secs] 
2022-11-02T20:34:15.175-0600: 267155.595: [GC pause (G1 Evacuation Pause) (young) (initial-mark), 0.0274684 secs]
   [Parallel Time: 21.9 ms, GC Workers: 14]
      [GC Worker Start (ms): Min: 267155597.0, Avg: 267155597.2, Max: 267155597.4, Diff: 0.3]
      [Ext Root Scanning (ms): Min: 3.9, Avg: 4.1, Max: 4.3, Diff: 0.4, Sum: 57.4]
      [Update RS (ms): Min: 1.6, Avg: 1.7, Max: 1.9, Diff: 0.3, Sum: 23.7]
         [Processed Buffers: Min: 4, Avg: 7.1, Max: 15, Diff: 11, Sum: 99]
      [Scan RS (ms): Min: 0.0, Avg: 0.0, Max: 0.1, Diff: 0.0, Sum: 0.3]
      [Code Root Scanning (ms): Min: 0.0, Avg: 0.0, Max: 0.0, Diff: 0.0, Sum: 0.0]
      [Object Copy (ms): Min: 13.6, Avg: 13.8, Max: 14.0, Diff: 0.4, Sum: 193.2]
      [Termination (ms): Min: 0.0, Avg: 0.3, Max: 0.4, Diff: 0.4, Sum: 3.9]
         [Termination Attempts: Min: 1, Avg: 4.2, Max: 8, Diff: 7, Sum: 59]
      [GC Worker Other (ms): Min: 0.0, Avg: 0.0, Max: 0.0, Diff: 0.0, Sum: 0.1]
      [GC Worker Total (ms): Min: 19.8, Avg: 19.9, Max: 20.1, Diff: 0.3, Sum: 278.5]
      [GC Worker End (ms): Min: 267155617.1, Avg: 267155617.1, Max: 267155617.2, Diff: 0.1]
   [Code Root Fixup: 0.0 ms]
   [Code Root Purge: 0.0 ms]
   [Clear CT: 0.3 ms]
   [Other: 5.3 ms]
      [Choose CSet: 0.0 ms]
      [Ref Proc: 4.5 ms]
      [Ref Enq: 0.3 ms]
      [Redirty Cards: 0.2 ms]
      [Humongous Register: 0.0 ms]
      [Humongous Reclaim: 0.0 ms]
      [Free CSet: 0.2 ms]
   [Eden: 7104.0M(7104.0M)->0.0B(7088.0M) Survivors: 65536.0K->81920.0K Heap: 10688.2M(14336.0M)->3649.0M(14336.0M)]
 [Times: user=0.17 sys=0.00, real=0.03 secs] 
2022-11-02T20:34:15.203-0600: 267155.623: [GC concurrent-root-region-scan-start]
2022-11-02T20:34:15.210-0600: 267155.630: [GC concurrent-root-region-scan-end, 0.0073275 secs]
2022-11-02T20:34:15.210-0600: 267155.630: [GC concurrent-mark-start]
2022-11-02T20:34:15.859-0600: 267156.279: [GC concurrent-mark-end, 0.6488632 secs]
2022-11-02T20:34:15.859-0600: 267156.279: [GC remark 2022-11-02T20:34:15.859-0600: 267156.279: [Finalize Marking, 0.0005539 secs] 2022-11-02T20:34:15.860-0600: 267156.280: [GC ref-proc, 0.0084893 secs] 2022-11-02T20:34:15.868-0600: 267156.288: [Unloading, 0.0231409 secs], 0.0346788 secs]
 [Times: user=0.34 sys=0.00, real=0.04 secs] 
2022-11-02T20:34:15.894-0600: 267156.314: [GC cleanup 3729M->3729M(14336M), 0.0074371 secs]
 [Times: user=0.06 sys=0.00, real=0.01 secs] 
2022-11-02T20:35:14.874-0600: 267215.294: [GC pause (G1 Evacuation Pause) (young), 0.0158826 secs]
   [Parallel Time: 10.3 ms, GC Workers: 14]
      [GC Worker Start (ms): Min: 267215293.9, Avg: 267215294.0, Max: 267215294.1, Diff: 0.2]
      [Ext Root Scanning (ms): Min: 0.3, Avg: 1.0, Max: 7.3, Diff: 7.0, Sum: 13.4]
      [Update RS (ms): Min: 0.0, Avg: 3.5, Max: 4.0, Diff: 4.0, Sum: 49.3]
         [Processed Buffers: Min: 0, Avg: 13.3, Max: 21, Diff: 21, Sum: 186]
      [Scan RS (ms): Min: 0.0, Avg: 0.0, Max: 0.1, Diff: 0.1, Sum: 0.4]
      [Code Root Scanning (ms): Min: 0.0, Avg: 0.0, Max: 0.0, Diff: 0.0, Sum: 0.0]
      [Object Copy (ms): Min: 2.6, Avg: 5.3, Max: 5.6, Diff: 3.0, Sum: 74.6]
      [Termination (ms): Min: 0.0, Avg: 0.0, Max: 0.0, Diff: 0.0, Sum: 0.2]
         [Termination Attempts: Min: 5, Avg: 21.8, Max: 28, Diff: 23, Sum: 305]
      [GC Worker Other (ms): Min: 0.0, Avg: 0.1, Max: 0.2, Diff: 0.2, Sum: 1.2]
      [GC Worker Total (ms): Min: 9.7, Avg: 9.9, Max: 10.1, Diff: 0.3, Sum: 139.0]
      [GC Worker End (ms): Min: 267215303.9, Avg: 267215303.9, Max: 267215304.0, Diff: 0.2]
   [Code Root Fixup: 0.0 ms]
   [Code Root Purge: 0.0 ms]
   [Clear CT: 0.4 ms]
   [Other: 5.2 ms]
      [Choose CSet: 0.0 ms]
      [Ref Proc: 4.4 ms]
      [Ref Enq: 0.2 ms]
      [Redirty Cards: 0.2 ms]
      [Humongous Register: 0.0 ms]
      [Humongous Reclaim: 0.0 ms]
      [Free CSet: 0.2 ms]
   [Eden: 7088.0M(7088.0M)->0.0B(5664.0M) Survivors: 81920.0K->65536.0K Heap: 10737.0M(14336.0M)->3662.1M(14336.0M)]
 [Times: user=0.15 sys=0.00, real=0.01 secs] 
2022-11-02T20:35:49.295-0600: 267249.716: [GC pause (G1 Evacuation Pause) (mixed), 0.0391492 secs]
   [Parallel Time: 30.7 ms, GC Workers: 14]
      [GC Worker Start (ms): Min: 267249715.9, Avg: 267249716.0, Max: 267249716.1, Diff: 0.3]
      [Ext Root Scanning (ms): Min: 0.2, Avg: 1.0, Max: 8.1, Diff: 7.9, Sum: 13.9]
      [Update RS (ms): Min: 0.0, Avg: 2.3, Max: 2.8, Diff: 2.8, Sum: 32.4]
         [Processed Buffers: Min: 0, Avg: 8.6, Max: 20, Diff: 20, Sum: 120]
      [Scan RS (ms): Min: 0.3, Avg: 2.5, Max: 2.8, Diff: 2.5, Sum: 35.2]
      [Code Root Scanning (ms): Min: 0.0, Avg: 0.5, Max: 5.3, Diff: 5.3, Sum: 6.4]
      [Object Copy (ms): Min: 18.5, Avg: 23.2, Max: 24.1, Diff: 5.6, Sum: 325.4]
      [Termination (ms): Min: 0.0, Avg: 0.0, Max: 0.0, Diff: 0.0, Sum: 0.5]
         [Termination Attempts: Min: 1, Avg: 29.3, Max: 42, Diff: 41, Sum: 410]
      [GC Worker Other (ms): Min: 0.0, Avg: 0.0, Max: 0.1, Diff: 0.1, Sum: 0.5]
      [GC Worker Total (ms): Min: 29.5, Avg: 29.6, Max: 29.7, Diff: 0.2, Sum: 414.2]
      [GC Worker End (ms): Min: 267249745.6, Avg: 267249745.6, Max: 267249745.7, Diff: 0.1]
   [Code Root Fixup: 0.1 ms]
   [Code Root Purge: 0.0 ms]
   [Clear CT: 0.6 ms]
   [Other: 7.8 ms]
      [Choose CSet: 0.0 ms]
      [Ref Proc: 6.9 ms]
      [Ref Enq: 0.2 ms]
      [Redirty Cards: 0.3 ms]
      [Humongous Register: 0.0 ms]
      [Humongous Reclaim: 0.0 ms]
      [Free CSet: 0.2 ms]
   [Eden: 5664.0M(5664.0M)->0.0B(6976.0M) Survivors: 65536.0K->192.0M Heap: 9326.1M(14336.0M)->3808.6M(14336.0M)]
 [Times: user=0.44 sys=0.00, real=0.04 secs] 
2022-11-02T20:36:52.521-0600: 267312.941: [GC pause (G1 Evacuation Pause) (young), 0.0437614 secs]
   [Parallel Time: 37.9 ms, GC Workers: 14]
      [GC Worker Start (ms): Min: 267312941.5, Avg: 267312941.6, Max: 267312941.7, Diff: 0.2]
      [Ext Root Scanning (ms): Min: 0.3, Avg: 0.7, Max: 4.0, Diff: 3.7, Sum: 10.4]
      [Update RS (ms): Min: 4.7, Avg: 7.9, Max: 8.5, Diff: 3.8, Sum: 110.0]
         [Processed Buffers: Min: 19, Avg: 31.1, Max: 43, Diff: 24, Sum: 435]
      [Scan RS (ms): Min: 0.0, Avg: 0.0, Max: 0.1, Diff: 0.1, Sum: 0.3]
      [Code Root Scanning (ms): Min: 0.0, Avg: 0.0, Max: 0.0, Diff: 0.0, Sum: 0.0]
      [Object Copy (ms): Min: 28.5, Avg: 28.8, Max: 28.9, Diff: 0.4, Sum: 403.7]
      [Termination (ms): Min: 0.0, Avg: 0.0, Max: 0.0, Diff: 0.0, Sum: 0.0]
         [Termination Attempts: Min: 1, Avg: 4.6, Max: 9, Diff: 8, Sum: 65]
      [GC Worker Other (ms): Min: 0.0, Avg: 0.1, Max: 0.2, Diff: 0.2, Sum: 0.9]
      [GC Worker Total (ms): Min: 37.4, Avg: 37.5, Max: 37.7, Diff: 0.3, Sum: 525.4]
      [GC Worker End (ms): Min: 267312979.1, Avg: 267312979.1, Max: 267312979.2, Diff: 0.2]
   [Code Root Fixup: 0.0 ms]
   [Code Root Purge: 0.0 ms]
   [Clear CT: 0.5 ms]
   [Other: 5.3 ms]
      [Choose CSet: 0.0 ms]
      [Ref Proc: 4.5 ms]
      [Ref Enq: 0.3 ms]
      [Redirty Cards: 0.2 ms]
      [Humongous Register: 0.0 ms]
      [Humongous Reclaim: 0.0 ms]
      [Free CSet: 0.2 ms]
   [Eden: 6976.0M(6976.0M)->0.0B(6944.0M) Survivors: 192.0M->224.0M Heap: 10784.6M(14336.0M)->4010.4M(14336.0M)]
 [Times: user=0.42 sys=0.00, real=0.04 secs] 
2022-11-02T20:37:46.278-0600: 267366.698: [GC pause (G1 Evacuation Pause) (young) (initial-mark), 0.0509258 secs]
   [Parallel Time: 42.7 ms, GC Workers: 14]
      [GC Worker Start (ms): Min: 267366700.0, Avg: 267366700.1, Max: 267366700.2, Diff: 0.3]
      [Ext Root Scanning (ms): Min: 3.7, Avg: 4.0, Max: 4.2, Diff: 0.5, Sum: 55.5]
      [Update RS (ms): Min: 14.8, Avg: 15.2, Max: 18.8, Diff: 4.1, Sum: 212.8]
         [Processed Buffers: Min: 35, Avg: 59.6, Max: 78, Diff: 43, Sum: 835]
      [Scan RS (ms): Min: 0.0, Avg: 0.0, Max: 0.1, Diff: 0.1, Sum: 0.4]
      [Code Root Scanning (ms): Min: 0.0, Avg: 0.0, Max: 0.0, Diff: 0.0, Sum: 0.1]
      [Object Copy (ms): Min: 17.4, Avg: 21.1, Max: 21.6, Diff: 4.2, Sum: 295.5]
      [Termination (ms): Min: 0.0, Avg: 0.1, Max: 0.2, Diff: 0.2, Sum: 0.9]
         [Termination Attempts: Min: 1, Avg: 10.1, Max: 18, Diff: 17, Sum: 142]
      [GC Worker Other (ms): Min: 0.0, Avg: 0.0, Max: 0.1, Diff: 0.1, Sum: 0.3]
      [GC Worker Total (ms): Min: 40.2, Avg: 40.4, Max: 40.5, Diff: 0.3, Sum: 565.4]
      [GC Worker End (ms): Min: 267366740.5, Avg: 267366740.5, Max: 267366740.6, Diff: 0.2]
   [Code Root Fixup: 0.0 ms]
   [Code Root Purge: 0.0 ms]
   [Clear CT: 0.5 ms]
   [Other: 7.7 ms]
      [Choose CSet: 0.0 ms]
      [Ref Proc: 6.3 ms]
      [Ref Enq: 0.6 ms]
      [Redirty Cards: 0.3 ms]
      [Humongous Register: 0.0 ms]
      [Humongous Reclaim: 0.0 ms]
      [Free CSet: 0.2 ms]
   [Eden: 6944.0M(6944.0M)->0.0B(6976.0M) Survivors: 224.0M->192.0M Heap: 10954.4M(14336.0M)->4093.7M(14336.0M)]
 [Times: user=0.59 sys=0.00, real=0.05 secs] 
2022-11-02T20:37:46.329-0600: 267366.749: [GC concurrent-root-region-scan-start]
2022-11-02T20:37:46.350-0600: 267366.771: [GC concurrent-root-region-scan-end, 0.0213571 secs]
2022-11-02T20:37:46.350-0600: 267366.771: [GC concurrent-mark-start]
2022-11-02T20:37:47.111-0600: 267367.532: [GC concurrent-mark-end, 0.7612180 secs]
2022-11-02T20:37:47.112-0600: 267367.532: [GC remark 2022-11-02T20:37:47.112-0600: 267367.532: [Finalize Marking, 0.0005161 secs] 2022-11-02T20:37:47.112-0600: 267367.533: [GC ref-proc, 0.0110686 secs] 2022-11-02T20:37:47.123-0600: 267367.544: [Unloading, 0.0236135 secs], 0.0379127 secs]
 [Times: user=0.35 sys=0.00, real=0.04 secs] 
2022-11-02T20:37:47.150-0600: 267367.570: [GC cleanup 4245M->4245M(14336M), 0.0066956 secs]
 [Times: user=0.06 sys=0.00, real=0.01 secs] 
2022-11-02T20:38:36.370-0600: 267416.790: [GC pause (G1 Evacuation Pause) (young), 0.0466219 secs]
   [Parallel Time: 39.5 ms, GC Workers: 14]
      [GC Worker Start (ms): Min: 267416790.1, Avg: 267416790.2, Max: 267416790.3, Diff: 0.2]
      [Ext Root Scanning (ms): Min: 0.3, Avg: 0.8, Max: 4.8, Diff: 4.5, Sum: 11.6]
      [Update RS (ms): Min: 7.2, Avg: 11.5, Max: 16.5, Diff: 9.3, Sum: 160.6]
         [Processed Buffers: Min: 23, Avg: 48.2, Max: 74, Diff: 51, Sum: 675]
      [Scan RS (ms): Min: 0.0, Avg: 2.7, Max: 3.4, Diff: 3.4, Sum: 38.5]
      [Code Root Scanning (ms): Min: 0.0, Avg: 0.0, Max: 0.0, Diff: 0.0, Sum: 0.1]
      [Object Copy (ms): Min: 21.8, Avg: 23.7, Max: 23.9, Diff: 2.1, Sum: 332.3]
      [Termination (ms): Min: 0.0, Avg: 0.0, Max: 0.0, Diff: 0.0, Sum: 0.3]
         [Termination Attempts: Min: 1, Avg: 8.6, Max: 13, Diff: 12, Sum: 121]
      [GC Worker Other (ms): Min: 0.0, Avg: 0.0, Max: 0.2, Diff: 0.2, Sum: 0.7]
      [GC Worker Total (ms): Min: 38.7, Avg: 38.8, Max: 39.1, Diff: 0.3, Sum: 543.9]
      [GC Worker End (ms): Min: 267416829.0, Avg: 267416829.0, Max: 267416829.2, Diff: 0.2]
   [Code Root Fixup: 0.0 ms]
   [Code Root Purge: 0.0 ms]
   [Clear CT: 0.4 ms]
   [Other: 6.7 ms]
      [Choose CSet: 0.0 ms]
      [Ref Proc: 5.7 ms]
      [Ref Enq: 0.2 ms]
      [Redirty Cards: 0.4 ms]
      [Humongous Register: 0.0 ms]
      [Humongous Reclaim: 0.0 ms]
      [Free CSet: 0.1 ms]
   [Eden: 6976.0M(6976.0M)->0.0B(5504.0M) Survivors: 192.0M->224.0M Heap: 11069.7M(14336.0M)->4290.0M(14336.0M)]
 [Times: user=0.57 sys=0.00, real=0.05 secs] 
2022-11-02T20:39:13.783-0600: 267454.203: [GC pause (G1 Evacuation Pause) (mixed), 0.0872412 secs]
   [Parallel Time: 71.1 ms, GC Workers: 14]
      [GC Worker Start (ms): Min: 267454203.5, Avg: 267454203.7, Max: 267454203.9, Diff: 0.3]
      [Ext Root Scanning (ms): Min: 0.3, Avg: 1.0, Max: 6.9, Diff: 6.6, Sum: 13.9]
      [Update RS (ms): Min: 2.9, Avg: 8.5, Max: 9.1, Diff: 6.3, Sum: 118.4]
         [Processed Buffers: Min: 11, Avg: 45.0, Max: 63, Diff: 52, Sum: 630]
      [Scan RS (ms): Min: 4.7, Avg: 4.9, Max: 5.3, Diff: 0.7, Sum: 69.2]
      [Code Root Scanning (ms): Min: 0.0, Avg: 0.0, Max: 0.3, Diff: 0.3, Sum: 0.6]
      [Object Copy (ms): Min: 55.5, Avg: 56.1, Max: 56.2, Diff: 0.7, Sum: 784.8]
      [Termination (ms): Min: 0.0, Avg: 0.1, Max: 0.1, Diff: 0.1, Sum: 1.3]
         [Termination Attempts: Min: 1, Avg: 112.1, Max: 152, Diff: 151, Sum: 1570]
      [GC Worker Other (ms): Min: 0.0, Avg: 0.0, Max: 0.1, Diff: 0.1, Sum: 0.4]
      [GC Worker Total (ms): Min: 70.5, Avg: 70.6, Max: 70.8, Diff: 0.4, Sum: 988.6]
      [GC Worker End (ms): Min: 267454274.3, Avg: 267454274.3, Max: 267454274.4, Diff: 0.1]
   [Code Root Fixup: 0.0 ms]
   [Code Root Purge: 0.0 ms]
   [Clear CT: 0.5 ms]
   [Other: 15.6 ms]
      [Choose CSet: 0.1 ms]
      [Ref Proc: 7.0 ms]
      [Ref Enq: 3.4 ms]
      [Redirty Cards: 4.4 ms]
      [Humongous Register: 0.0 ms]
      [Humongous Reclaim: 0.0 ms]
      [Free CSet: 0.4 ms]
   [Eden: 5504.0M(5504.0M)->0.0B(6976.0M) Survivors: 224.0M->192.0M Heap: 9794.0M(14336.0M)->4234.4M(14336.0M)]
 [Times: user=0.95 sys=0.00, real=0.08 secs] 
2022-11-02T20:40:25.792-0600: 267526.213: [GC pause (G1 Evacuation Pause) (young), 0.0533410 secs]
   [Parallel Time: 45.8 ms, GC Workers: 14]
      [GC Worker Start (ms): Min: 267526212.7, Avg: 267526212.9, Max: 267526213.0, Diff: 0.3]
      [Ext Root Scanning (ms): Min: 0.3, Avg: 0.8, Max: 4.0, Diff: 3.7, Sum: 10.5]
      [Update RS (ms): Min: 6.3, Avg: 9.5, Max: 10.0, Diff: 3.7, Sum: 132.6]
         [Processed Buffers: Min: 35, Avg: 47.6, Max: 61, Diff: 26, Sum: 667]
      [Scan RS (ms): Min: 0.8, Avg: 1.0, Max: 1.2, Diff: 0.4, Sum: 14.6]
      [Code Root Scanning (ms): Min: 0.0, Avg: 0.0, Max: 0.0, Diff: 0.0, Sum: 0.0]
      [Object Copy (ms): Min: 33.5, Avg: 33.6, Max: 34.0, Diff: 0.5, Sum: 470.8]
      [Termination (ms): Min: 0.0, Avg: 0.4, Max: 0.5, Diff: 0.5, Sum: 5.5]
         [Termination Attempts: Min: 1, Avg: 46.6, Max: 67, Diff: 66, Sum: 653]
      [GC Worker Other (ms): Min: 0.0, Avg: 0.0, Max: 0.0, Diff: 0.0, Sum: 0.2]
      [GC Worker Total (ms): Min: 45.1, Avg: 45.3, Max: 45.5, Diff: 0.3, Sum: 634.2]
      [GC Worker End (ms): Min: 267526258.1, Avg: 267526258.2, Max: 267526258.3, Diff: 0.1]
   [Code Root Fixup: 0.0 ms]
   [Code Root Purge: 0.0 ms]
   [Clear CT: 0.5 ms]
   [Other: 7.0 ms]
      [Choose CSet: 0.0 ms]
      [Ref Proc: 6.1 ms]
      [Ref Enq: 0.2 ms]
      [Redirty Cards: 0.4 ms]
      [Humongous Register: 0.0 ms]
      [Humongous Reclaim: 0.0 ms]
      [Free CSet: 0.2 ms]
   [Eden: 6976.0M(6976.0M)->0.0B(6944.0M) Survivors: 192.0M->224.0M Heap: 11210.4M(14336.0M)->4536.0M(14336.0M)]
 [Times: user=0.60 sys=0.00, real=0.05 secs] 
2022-11-02T20:41:11.983-0600: 267572.403: [GC pause (G1 Evacuation Pause) (young) (initial-mark), 0.0943191 secs]
   [Parallel Time: 87.8 ms, GC Workers: 14]
      [GC Worker Start (ms): Min: 267572404.4, Avg: 267572404.5, Max: 267572404.7, Diff: 0.3]
      [Ext Root Scanning (ms): Min: 4.6, Avg: 4.8, Max: 5.0, Diff: 0.4, Sum: 67.2]
      [Update RS (ms): Min: 14.2, Avg: 14.4, Max: 15.9, Diff: 1.7, Sum: 201.2]
         [Processed Buffers: Min: 35, Avg: 56.1, Max: 86, Diff: 51, Sum: 785]
      [Scan RS (ms): Min: 0.0, Avg: 0.0, Max: 0.1, Diff: 0.0, Sum: 0.4]
      [Code Root Scanning (ms): Min: 0.0, Avg: 0.0, Max: 0.0, Diff: 0.0, Sum: 0.0]
      [Object Copy (ms): Min: 57.6, Avg: 60.2, Max: 67.3, Diff: 9.7, Sum: 843.4]
      [Termination (ms): Min: 0.0, Avg: 6.9, Max: 9.7, Diff: 9.7, Sum: 96.7]
         [Termination Attempts: Min: 1, Avg: 5.4, Max: 13, Diff: 12, Sum: 76]
      [GC Worker Other (ms): Min: 0.0, Avg: 0.0, Max: 0.0, Diff: 0.0, Sum: 0.1]
      [GC Worker Total (ms): Min: 86.2, Avg: 86.4, Max: 86.5, Diff: 0.3, Sum: 1209.0]
      [GC Worker End (ms): Min: 267572490.8, Avg: 267572490.9, Max: 267572490.9, Diff: 0.1]
   [Code Root Fixup: 0.0 ms]
   [Code Root Purge: 0.0 ms]
   [Clear CT: 0.4 ms]
   [Other: 6.2 ms]
      [Choose CSet: 0.0 ms]
      [Ref Proc: 5.2 ms]
      [Ref Enq: 0.2 ms]
      [Redirty Cards: 0.4 ms]
      [Humongous Register: 0.0 ms]
      [Humongous Reclaim: 0.0 ms]
      [Free CSet: 0.1 ms]
   [Eden: 6944.0M(6944.0M)->0.0B(6864.0M) Survivors: 224.0M->224.0M Heap: 11480.0M(14336.0M)->4957.7M(14336.0M)]
 [Times: user=1.00 sys=0.00, real=0.09 secs] 
2022-11-02T20:41:12.077-0600: 267572.498: [GC concurrent-root-region-scan-start]
2022-11-02T20:41:12.102-0600: 267572.523: [GC concurrent-root-region-scan-end, 0.0251675 secs]
2022-11-02T20:41:12.102-0600: 267572.523: [GC concurrent-mark-start]
2022-11-02T20:41:12.791-0600: 267573.211: [GC concurrent-mark-end, 0.6887336 secs]
2022-11-02T20:41:12.791-0600: 267573.212: [GC remark 2022-11-02T20:41:12.791-0600: 267573.212: [Finalize Marking, 0.0007071 secs] 2022-11-02T20:41:12.792-0600: 267573.212: [GC ref-proc, 0.0077448 secs] 2022-11-02T20:41:12.800-0600: 267573.220: [Unloading, 0.0211531 secs], 0.0323611 secs]
 [Times: user=0.32 sys=0.00, real=0.04 secs] 
2022-11-02T20:41:12.824-0600: 267573.244: [GC cleanup 5077M->4933M(14336M), 0.0084594 secs]
 [Times: user=0.07 sys=0.00, real=0.01 secs] 
2022-11-02T20:41:12.832-0600: 267573.253: [GC concurrent-cleanup-start]
2022-11-02T20:41:12.833-0600: 267573.253: [GC concurrent-cleanup-end, 0.0000273 secs]
2022-11-02T20:42:06.266-0600: 267626.686: [GC pause (G1 Evacuation Pause) (young), 0.0922277 secs]
   [Parallel Time: 86.8 ms, GC Workers: 14]
      [GC Worker Start (ms): Min: 267626686.3, Avg: 267626686.5, Max: 267626686.7, Diff: 0.3]
      [Ext Root Scanning (ms): Min: 0.1, Avg: 1.1, Max: 10.3, Diff: 10.2, Sum: 14.9]
      [Update RS (ms): Min: 21.8, Avg: 27.0, Max: 31.6, Diff: 9.8, Sum: 378.4]
         [Processed Buffers: Min: 27, Avg: 48.6, Max: 93, Diff: 66, Sum: 681]
      [Scan RS (ms): Min: 2.1, Avg: 2.2, Max: 2.4, Diff: 0.3, Sum: 31.2]
      [Code Root Scanning (ms): Min: 0.0, Avg: 0.0, Max: 0.0, Diff: 0.0, Sum: 0.0]
      [Object Copy (ms): Min: 52.1, Avg: 56.1, Max: 59.3, Diff: 7.2, Sum: 785.4]
      [Termination (ms): Min: 0.0, Avg: 0.0, Max: 0.0, Diff: 0.0, Sum: 0.0]
         [Termination Attempts: Min: 1, Avg: 1.4, Max: 2, Diff: 1, Sum: 19]
      [GC Worker Other (ms): Min: 0.0, Avg: 0.0, Max: 0.1, Diff: 0.1, Sum: 0.5]
      [GC Worker Total (ms): Min: 86.3, Avg: 86.5, Max: 86.7, Diff: 0.4, Sum: 1210.4]
      [GC Worker End (ms): Min: 267626772.9, Avg: 267626773.0, Max: 267626773.0, Diff: 0.1]
   [Code Root Fixup: 0.0 ms]
   [Code Root Purge: 0.0 ms]
   [Clear CT: 0.5 ms]
   [Other: 4.9 ms]
      [Choose CSet: 0.0 ms]
      [Ref Proc: 3.8 ms]
      [Ref Enq: 0.2 ms]
      [Redirty Cards: 0.4 ms]
      [Humongous Register: 0.0 ms]
      [Humongous Reclaim: 0.0 ms]
      [Free CSet: 0.2 ms]
   [Eden: 6864.0M(6864.0M)->0.0B(5504.0M) Survivors: 224.0M->224.0M Heap: 11677.7M(14336.0M)->5108.6M(14336.0M)]
 [Times: user=0.86 sys=0.01, real=0.09 secs] 
2022-11-02T20:42:45.242-0600: 267665.663: [GC pause (GCLocker Initiated GC) (mixed), 0.1832948 secs]
   [Parallel Time: 175.9 ms, GC Workers: 14]
      [GC Worker Start (ms): Min: 267665663.2, Avg: 267665663.3, Max: 267665663.4, Diff: 0.2]
      [Ext Root Scanning (ms): Min: 0.1, Avg: 0.9, Max: 8.6, Diff: 8.5, Sum: 13.1]
      [Update RS (ms): Min: 0.0, Avg: 3.7, Max: 4.3, Diff: 4.3, Sum: 51.7]
         [Processed Buffers: Min: 0, Avg: 41.5, Max: 81, Diff: 81, Sum: 581]
      [Scan RS (ms): Min: 5.5, Avg: 8.3, Max: 8.8, Diff: 3.4, Sum: 116.2]
      [Code Root Scanning (ms): Min: 0.0, Avg: 0.1, Max: 0.8, Diff: 0.8, Sum: 2.0]
      [Object Copy (ms): Min: 158.1, Avg: 159.4, Max: 162.3, Diff: 4.2, Sum: 2231.1]
      [Termination (ms): Min: 0.0, Avg: 3.2, Max: 3.5, Diff: 3.5, Sum: 44.9]
         [Termination Attempts: Min: 1, Avg: 5.8, Max: 12, Diff: 11, Sum: 81]
      [GC Worker Other (ms): Min: 0.0, Avg: 0.0, Max: 0.0, Diff: 0.0, Sum: 0.1]
      [GC Worker Total (ms): Min: 175.5, Avg: 175.6, Max: 175.8, Diff: 0.3, Sum: 2459.1]
      [GC Worker End (ms): Min: 267665838.9, Avg: 267665839.0, Max: 267665839.0, Diff: 0.1]
   [Code Root Fixup: 0.0 ms]
   [Code Root Purge: 0.0 ms]
   [Clear CT: 0.5 ms]
   [Other: 6.9 ms]
      [Choose CSet: 0.3 ms]
      [Ref Proc: 4.8 ms]
      [Ref Enq: 0.2 ms]
      [Redirty Cards: 0.6 ms]
      [Humongous Register: 0.0 ms]
      [Humongous Reclaim: 0.0 ms]
      [Free CSet: 0.7 ms]
   [Eden: 5504.0M(5504.0M)->0.0B(6976.0M) Survivors: 224.0M->192.0M Heap: 10612.6M(14336.0M)->4360.0M(14336.0M)]
 [Times: user=0.76 sys=0.49, real=0.18 secs] 
2022-11-02T20:43:39.971-0600: 267720.392: [GC pause (G1 Evacuation Pause) (young), 0.0652989 secs]
   [Parallel Time: 56.4 ms, GC Workers: 14]
      [GC Worker Start (ms): Min: 267720391.9, Avg: 267720392.1, Max: 267720392.2, Diff: 0.3]
      [Ext Root Scanning (ms): Min: 0.3, Avg: 0.9, Max: 6.3, Diff: 6.1, Sum: 12.7]
      [Update RS (ms): Min: 8.7, Avg: 15.1, Max: 27.5, Diff: 18.8, Sum: 211.4]
         [Processed Buffers: Min: 25, Avg: 62.4, Max: 89, Diff: 64, Sum: 873]
      [Scan RS (ms): Min: 0.0, Avg: 4.3, Max: 4.9, Diff: 4.9, Sum: 60.0]
      [Code Root Scanning (ms): Min: 0.0, Avg: 0.0, Max: 0.0, Diff: 0.0, Sum: 0.0]
      [Object Copy (ms): Min: 27.5, Avg: 35.2, Max: 36.0, Diff: 8.4, Sum: 493.2]
      [Termination (ms): Min: 0.0, Avg: 0.2, Max: 0.3, Diff: 0.3, Sum: 3.2]
         [Termination Attempts: Min: 1, Avg: 27.1, Max: 36, Diff: 35, Sum: 380]
      [GC Worker Other (ms): Min: 0.0, Avg: 0.0, Max: 0.1, Diff: 0.1, Sum: 0.2]
      [GC Worker Total (ms): Min: 55.6, Avg: 55.8, Max: 55.9, Diff: 0.3, Sum: 780.7]
      [GC Worker End (ms): Min: 267720447.8, Avg: 267720447.8, Max: 267720447.9, Diff: 0.1]
   [Code Root Fixup: 0.0 ms]
   [Code Root Purge: 0.0 ms]
   [Clear CT: 0.7 ms]
   [Other: 8.2 ms]
      [Choose CSet: 0.0 ms]
      [Ref Proc: 6.8 ms]
      [Ref Enq: 0.6 ms]
      [Redirty Cards: 0.5 ms]
      [Humongous Register: 0.0 ms]
      [Humongous Reclaim: 0.0 ms]
      [Free CSet: 0.2 ms]
   [Eden: 6976.0M(6976.0M)->0.0B(6944.0M) Survivors: 192.0M->224.0M Heap: 11336.0M(14336.0M)->4664.0M(14336.0M)]
 [Times: user=0.82 sys=0.00, real=0.07 secs] 
2022-11-02T20:44:18.124-0600: 267758.544: [GC pause (G1 Evacuation Pause) (young) (initial-mark), 0.0899002 secs]
   [Parallel Time: 80.2 ms, GC Workers: 14]
      [GC Worker Start (ms): Min: 267758546.7, Avg: 267758550.8, Max: 267758551.6, Diff: 4.9]
      [Ext Root Scanning (ms): Min: 2.9, Avg: 4.4, Max: 8.1, Diff: 5.2, Sum: 61.6]
      [Update RS (ms): Min: 8.5, Avg: 13.0, Max: 13.9, Diff: 5.4, Sum: 181.7]
         [Processed Buffers: Min: 24, Avg: 45.2, Max: 61, Diff: 37, Sum: 633]
      [Scan RS (ms): Min: 4.2, Avg: 4.5, Max: 5.4, Diff: 1.2, Sum: 62.8]
      [Code Root Scanning (ms): Min: 0.0, Avg: 0.0, Max: 0.0, Diff: 0.0, Sum: 0.0]
      [Object Copy (ms): Min: 50.1, Avg: 50.9, Max: 51.4, Diff: 1.3, Sum: 713.1]
      [Termination (ms): Min: 0.0, Avg: 0.1, Max: 0.1, Diff: 0.1, Sum: 1.4]
         [Termination Attempts: Min: 1, Avg: 214.4, Max: 264, Diff: 263, Sum: 3001]
      [GC Worker Other (ms): Min: 0.0, Avg: 0.1, Max: 0.3, Diff: 0.3, Sum: 1.4]
      [GC Worker Total (ms): Min: 72.2, Avg: 73.0, Max: 77.2, Diff: 5.0, Sum: 1021.9]
      [GC Worker End (ms): Min: 267758623.7, Avg: 267758623.8, Max: 267758623.9, Diff: 0.2]
   [Code Root Fixup: 0.0 ms]
   [Code Root Purge: 0.0 ms]
   [Clear CT: 0.6 ms]
   [Other: 9.2 ms]
      [Choose CSet: 0.0 ms]
      [Ref Proc: 7.4 ms]
      [Ref Enq: 0.3 ms]
      [Redirty Cards: 1.0 ms]
      [Humongous Register: 0.0 ms]
      [Humongous Reclaim: 0.0 ms]
      [Free CSet: 0.2 ms]
   [Eden: 6944.0M(6944.0M)->0.0B(6784.0M) Survivors: 224.0M->224.0M Heap: 11608.0M(14336.0M)->4998.2M(14336.0M)]
 [Times: user=1.05 sys=0.00, real=0.09 secs] 
2022-11-02T20:44:18.214-0600: 267758.634: [GC concurrent-root-region-scan-start]
2022-11-02T20:44:18.254-0600: 267758.674: [GC concurrent-root-region-scan-end, 0.0398296 secs]
2022-11-02T20:44:18.254-0600: 267758.674: [GC concurrent-mark-start]
2022-11-02T20:44:18.874-0600: 267759.295: [GC concurrent-mark-end, 0.6205783 secs]
2022-11-02T20:44:18.875-0600: 267759.295: [GC remark 2022-11-02T20:44:18.875-0600: 267759.295: [Finalize Marking, 0.0009046 secs] 2022-11-02T20:44:18.876-0600: 267759.296: [GC ref-proc, 0.0066398 secs] 2022-11-02T20:44:18.882-0600: 267759.303: [Unloading, 0.0220595 secs], 0.0316938 secs]
 [Times: user=0.33 sys=0.00, real=0.03 secs] 
2022-11-02T20:44:18.907-0600: 267759.327: [GC cleanup 5171M->4915M(14336M), 0.0074471 secs]
 [Times: user=0.08 sys=0.00, real=0.01 secs] 
2022-11-02T20:44:18.914-0600: 267759.335: [GC concurrent-cleanup-start]
2022-11-02T20:44:18.914-0600: 267759.335: [GC concurrent-cleanup-end, 0.0000679 secs]
2022-11-02T20:45:18.673-0600: 267819.093: [GC pause (G1 Evacuation Pause) (young), 0.1036093 secs]
   [Parallel Time: 70.9 ms, GC Workers: 14]
      [GC Worker Start (ms): Min: 267819093.2, Avg: 267819093.8, Max: 267819094.0, Diff: 0.8]
      [Ext Root Scanning (ms): Min: 0.3, Avg: 0.8, Max: 4.2, Diff: 3.9, Sum: 11.0]
      [Update RS (ms): Min: 10.9, Avg: 13.6, Max: 14.0, Diff: 3.2, Sum: 190.1]
         [Processed Buffers: Min: 29, Avg: 45.6, Max: 70, Diff: 41, Sum: 639]
      [Scan RS (ms): Min: 0.9, Avg: 1.2, Max: 1.7, Diff: 0.7, Sum: 16.4]
      [Code Root Scanning (ms): Min: 0.0, Avg: 0.0, Max: 0.0, Diff: 0.0, Sum: 0.0]
      [Object Copy (ms): Min: 52.6, Avg: 53.1, Max: 53.2, Diff: 0.6, Sum: 743.5]
      [Termination (ms): Min: 0.0, Avg: 0.0, Max: 0.0, Diff: 0.0, Sum: 0.4]
         [Termination Attempts: Min: 1, Avg: 63.6, Max: 83, Diff: 82, Sum: 890]
      [GC Worker Other (ms): Min: 0.0, Avg: 0.1, Max: 0.2, Diff: 0.2, Sum: 1.3]
      [GC Worker Total (ms): Min: 68.5, Avg: 68.8, Max: 69.2, Diff: 0.8, Sum: 962.8]
      [GC Worker End (ms): Min: 267819162.5, Avg: 267819162.6, Max: 267819162.7, Diff: 0.2]
   [Code Root Fixup: 0.0 ms]
   [Code Root Purge: 0.0 ms]
   [Clear CT: 4.8 ms]
   [Other: 27.9 ms]
      [Choose CSet: 0.0 ms]
      [Ref Proc: 20.0 ms]
      [Ref Enq: 6.5 ms]
      [Redirty Cards: 1.1 ms]
      [Humongous Register: 0.0 ms]
      [Humongous Reclaim: 0.0 ms]
      [Free CSet: 0.2 ms]
   [Eden: 6784.0M(6784.0M)->0.0B(5504.0M) Survivors: 224.0M->224.0M Heap: 11526.2M(14336.0M)->5150.0M(14336.0M)]
 [Times: user=0.94 sys=0.00, real=0.10 secs] 
2022-11-02T20:46:12.982-0600: 267873.403: [GC pause (G1 Evacuation Pause) (mixed), 0.1413608 secs]
   [Parallel Time: 134.8 ms, GC Workers: 14]
      [GC Worker Start (ms): Min: 267873403.0, Avg: 267873403.1, Max: 267873403.3, Diff: 0.3]
      [Ext Root Scanning (ms): Min: 0.0, Avg: 0.8, Max: 5.7, Diff: 5.7, Sum: 10.5]
      [Update RS (ms): Min: 5.3, Avg: 8.5, Max: 12.3, Diff: 7.0, Sum: 118.7]
         [Processed Buffers: Min: 19, Avg: 40.1, Max: 73, Diff: 54, Sum: 562]
      [Scan RS (ms): Min: 4.7, Avg: 5.1, Max: 5.2, Diff: 0.6, Sum: 70.9]
      [Code Root Scanning (ms): Min: 0.0, Avg: 0.1, Max: 0.5, Diff: 0.5, Sum: 0.9]
      [Object Copy (ms): Min: 115.3, Avg: 119.3, Max: 123.7, Diff: 8.4, Sum: 1669.9]
      [Termination (ms): Min: 0.0, Avg: 0.9, Max: 1.3, Diff: 1.3, Sum: 12.1]
         [Termination Attempts: Min: 1, Avg: 58.7, Max: 111, Diff: 110, Sum: 822]
      [GC Worker Other (ms): Min: 0.0, Avg: 0.0, Max: 0.0, Diff: 0.0, Sum: 0.1]
      [GC Worker Total (ms): Min: 134.4, Avg: 134.5, Max: 134.7, Diff: 0.3, Sum: 1883.0]
      [GC Worker End (ms): Min: 267873537.6, Avg: 267873537.6, Max: 267873537.7, Diff: 0.1]
   [Code Root Fixup: 0.0 ms]
   [Code Root Purge: 0.0 ms]
   [Clear CT: 0.4 ms]
   [Other: 6.1 ms]
      [Choose CSet: 0.3 ms]
      [Ref Proc: 3.9 ms]
      [Ref Enq: 0.2 ms]
      [Redirty Cards: 0.5 ms]
      [Humongous Register: 0.0 ms]
      [Humongous Reclaim: 0.0 ms]
      [Free CSet: 0.9 ms]
   [Eden: 5504.0M(5504.0M)->0.0B(6976.0M) Survivors: 224.0M->192.0M Heap: 10654.0M(14336.0M)->4516.4M(14336.0M)]
 [Times: user=0.75 sys=0.17, real=0.14 secs] 
2022-11-02T20:47:42.994-0600: 267963.414: [GC pause (G1 Evacuation Pause) (young), 0.0404496 secs]
   [Parallel Time: 32.6 ms, GC Workers: 14]
      [GC Worker Start (ms): Min: 267963413.9, Avg: 267963414.1, Max: 267963414.2, Diff: 0.3]
      [Ext Root Scanning (ms): Min: 0.3, Avg: 0.9, Max: 5.7, Diff: 5.4, Sum: 12.0]
      [Update RS (ms): Min: 3.2, Avg: 7.6, Max: 10.8, Diff: 7.6, Sum: 107.0]
         [Processed Buffers: Min: 15, Avg: 47.6, Max: 69, Diff: 54, Sum: 667]
      [Scan RS (ms): Min: 0.0, Avg: 2.4, Max: 3.0, Diff: 3.0, Sum: 33.3]
      [Code Root Scanning (ms): Min: 0.0, Avg: 0.0, Max: 0.0, Diff: 0.0, Sum: 0.0]
      [Object Copy (ms): Min: 20.5, Avg: 20.9, Max: 21.0, Diff: 0.5, Sum: 292.3]
      [Termination (ms): Min: 0.0, Avg: 0.3, Max: 0.4, Diff: 0.4, Sum: 3.7]
         [Termination Attempts: Min: 1, Avg: 36.2, Max: 54, Diff: 53, Sum: 507]
      [GC Worker Other (ms): Min: 0.0, Avg: 0.0, Max: 0.2, Diff: 0.2, Sum: 0.5]
      [GC Worker Total (ms): Min: 31.9, Avg: 32.1, Max: 32.3, Diff: 0.4, Sum: 448.9]
      [GC Worker End (ms): Min: 267963446.0, Avg: 267963446.1, Max: 267963446.3, Diff: 0.2]
   [Code Root Fixup: 0.0 ms]
   [Code Root Purge: 0.0 ms]
   [Clear CT: 0.6 ms]
   [Other: 7.1 ms]
      [Choose CSet: 0.0 ms]
      [Ref Proc: 5.8 ms]
      [Ref Enq: 0.4 ms]
      [Redirty Cards: 0.3 ms]
      [Humongous Register: 0.0 ms]
      [Humongous Reclaim: 0.0 ms]
      [Free CSet: 0.2 ms]
   [Eden: 6976.0M(6976.0M)->0.0B(6944.0M) Survivors: 192.0M->224.0M Heap: 11492.4M(14336.0M)->4736.0M(14336.0M)]
 [Times: user=0.47 sys=0.00, real=0.04 secs] 
2022-11-02T20:48:52.481-0600: 268032.902: [GC pause (G1 Evacuation Pause) (young) (initial-mark), 0.0498376 secs]
   [Parallel Time: 42.1 ms, GC Workers: 14]
      [GC Worker Start (ms): Min: 268032903.0, Avg: 268032903.2, Max: 268032903.3, Diff: 0.3]
      [Ext Root Scanning (ms): Min: 4.3, Avg: 4.4, Max: 4.6, Diff: 0.3, Sum: 61.9]
      [Update RS (ms): Min: 8.8, Avg: 9.1, Max: 11.1, Diff: 2.3, Sum: 127.5]
         [Processed Buffers: Min: 26, Avg: 54.1, Max: 72, Diff: 46, Sum: 758]
      [Scan RS (ms): Min: 2.7, Avg: 4.8, Max: 5.1, Diff: 2.4, Sum: 67.1]
      [Code Root Scanning (ms): Min: 0.0, Avg: 0.0, Max: 0.0, Diff: 0.0, Sum: 0.0]
      [Object Copy (ms): Min: 21.1, Avg: 21.2, Max: 21.4, Diff: 0.3, Sum: 296.6]
      [Termination (ms): Min: 0.0, Avg: 0.2, Max: 0.3, Diff: 0.3, Sum: 2.6]
         [Termination Attempts: Min: 1, Avg: 389.6, Max: 475, Diff: 474, Sum: 5454]
      [GC Worker Other (ms): Min: 0.0, Avg: 0.3, Max: 0.7, Diff: 0.7, Sum: 4.1]
      [GC Worker Total (ms): Min: 39.6, Avg: 40.0, Max: 40.4, Diff: 0.8, Sum: 559.9]
      [GC Worker End (ms): Min: 268032942.9, Avg: 268032943.2, Max: 268032943.5, Diff: 0.7]
   [Code Root Fixup: 0.0 ms]
   [Code Root Purge: 0.0 ms]
   [Clear CT: 0.3 ms]
   [Other: 7.4 ms]
      [Choose CSet: 0.0 ms]
      [Ref Proc: 6.3 ms]
      [Ref Enq: 0.3 ms]
      [Redirty Cards: 0.5 ms]
      [Humongous Register: 0.0 ms]
      [Humongous Reclaim: 0.0 ms]
      [Free CSet: 0.2 ms]
   [Eden: 6944.0M(6944.0M)->0.0B(6992.0M) Survivors: 224.0M->176.0M Heap: 11680.0M(14336.0M)->4801.0M(14336.0M)]
 [Times: user=0.57 sys=0.00, real=0.04 secs] 
2022-11-02T20:48:52.532-0600: 268032.952: [GC concurrent-root-region-scan-start]
2022-11-02T20:48:52.550-0600: 268032.970: [GC concurrent-root-region-scan-end, 0.0179637 secs]
2022-11-02T20:48:52.550-0600: 268032.970: [GC concurrent-mark-start]
2022-11-02T20:48:53.189-0600: 268033.610: [GC concurrent-mark-end, 0.6397546 secs]
2022-11-02T20:48:53.190-0600: 268033.610: [GC remark 2022-11-02T20:48:53.190-0600: 268033.610: [Finalize Marking, 0.0005529 secs] 2022-11-02T20:48:53.190-0600: 268033.611: [GC ref-proc, 0.0083533 secs] 2022-11-02T20:48:53.199-0600: 268033.619: [Unloading, 0.0214265 secs], 0.0331130 secs]
 [Times: user=0.32 sys=0.00, real=0.04 secs] 
2022-11-02T20:48:53.223-0600: 268033.643: [GC cleanup 4920M->4680M(14336M), 0.0075347 secs]
 [Times: user=0.07 sys=0.00, real=0.00 secs] 
2022-11-02T20:48:53.231-0600: 268033.651: [GC concurrent-cleanup-start]
2022-11-02T20:48:53.231-0600: 268033.651: [GC concurrent-cleanup-end, 0.0000485 secs]
2022-11-02T20:49:47.872-0600: 268088.293: [GC pause (G1 Evacuation Pause) (young), 0.0488724 secs]
   [Parallel Time: 42.6 ms, GC Workers: 14]
      [GC Worker Start (ms): Min: 268088292.7, Avg: 268088293.0, Max: 268088293.2, Diff: 0.5]
      [Ext Root Scanning (ms): Min: 0.2, Avg: 1.1, Max: 8.6, Diff: 8.4, Sum: 15.7]
      [Update RS (ms): Min: 1.1, Avg: 8.0, Max: 9.3, Diff: 8.3, Sum: 111.8]
         [Processed Buffers: Min: 4, Avg: 45.5, Max: 59, Diff: 55, Sum: 637]
      [Scan RS (ms): Min: 1.8, Avg: 2.0, Max: 2.7, Diff: 0.9, Sum: 28.1]
      [Code Root Scanning (ms): Min: 0.0, Avg: 0.0, Max: 0.0, Diff: 0.0, Sum: 0.0]
      [Object Copy (ms): Min: 29.1, Avg: 30.4, Max: 37.2, Diff: 8.1, Sum: 425.8]
      [Termination (ms): Min: 0.0, Avg: 0.0, Max: 0.0, Diff: 0.0, Sum: 0.0]
         [Termination Attempts: Min: 1, Avg: 1.1, Max: 2, Diff: 1, Sum: 16]
      [GC Worker Other (ms): Min: 0.0, Avg: 0.2, Max: 0.5, Diff: 0.5, Sum: 2.4]
      [GC Worker Total (ms): Min: 41.3, Avg: 41.7, Max: 42.1, Diff: 0.8, Sum: 583.8]
      [GC Worker End (ms): Min: 268088334.5, Avg: 268088334.7, Max: 268088335.0, Diff: 0.5]
   [Code Root Fixup: 0.0 ms]
   [Code Root Purge: 0.0 ms]
   [Clear CT: 0.6 ms]
   [Other: 5.7 ms]
      [Choose CSet: 0.0 ms]
      [Ref Proc: 4.5 ms]
      [Ref Enq: 0.2 ms]
      [Redirty Cards: 0.4 ms]
      [Humongous Register: 0.0 ms]
      [Humongous Reclaim: 0.0 ms]
      [Free CSet: 0.3 ms]
   [Eden: 6992.0M(6992.0M)->0.0B(5504.0M) Survivors: 176.0M->224.0M Heap: 11553.0M(14336.0M)->4734.4M(14336.0M)]
 [Times: user=0.58 sys=0.00, real=0.06 secs] 
2022-11-02T20:50:49.667-0600: 268150.087: [GC pause (G1 Evacuation Pause) (mixed), 0.1464816 secs]
   [Parallel Time: 76.7 ms, GC Workers: 14]
      [GC Worker Start (ms): Min: 268150087.8, Avg: 268150088.0, Max: 268150088.1, Diff: 0.3]
      [Ext Root Scanning (ms): Min: 0.3, Avg: 1.0, Max: 7.8, Diff: 7.5, Sum: 14.0]
      [Update RS (ms): Min: 3.6, Avg: 10.2, Max: 11.0, Diff: 7.4, Sum: 142.2]
         [Processed Buffers: Min: 20, Avg: 59.9, Max: 73, Diff: 53, Sum: 838]
      [Scan RS (ms): Min: 10.3, Avg: 10.7, Max: 11.0, Diff: 0.7, Sum: 150.1]
      [Code Root Scanning (ms): Min: 0.0, Avg: 0.1, Max: 0.5, Diff: 0.5, Sum: 1.6]
      [Object Copy (ms): Min: 53.8, Avg: 54.0, Max: 54.3, Diff: 0.5, Sum: 755.5]
      [Termination (ms): Min: 0.0, Avg: 0.3, Max: 0.5, Diff: 0.5, Sum: 4.8]
         [Termination Attempts: Min: 1, Avg: 636.4, Max: 848, Diff: 847, Sum: 8910]
      [GC Worker Other (ms): Min: 0.0, Avg: 0.0, Max: 0.1, Diff: 0.1, Sum: 0.4]
      [GC Worker Total (ms): Min: 76.2, Avg: 76.3, Max: 76.5, Diff: 0.3, Sum: 1068.6]
      [GC Worker End (ms): Min: 268150164.3, Avg: 268150164.3, Max: 268150164.4, Diff: 0.1]
   [Code Root Fixup: 0.0 ms]
   [Code Root Purge: 0.0 ms]
   [Clear CT: 7.4 ms]
   [Other: 62.3 ms]
      [Choose CSet: 0.3 ms]
      [Ref Proc: 48.8 ms]
      [Ref Enq: 8.2 ms]
      [Redirty Cards: 4.1 ms]
      [Humongous Register: 0.0 ms]
      [Humongous Reclaim: 0.0 ms]
      [Free CSet: 0.8 ms]
   [Eden: 5504.0M(5504.0M)->0.0B(6976.0M) Survivors: 224.0M->192.0M Heap: 10238.4M(14336.0M)->4202.3M(14336.0M)]
 [Times: user=1.18 sys=0.00, real=0.15 secs] 
2022-11-02T20:52:23.804-0600: 268244.225: [GC pause (GCLocker Initiated GC) (young), 0.0342150 secs]
   [Parallel Time: 27.1 ms, GC Workers: 14]
      [GC Worker Start (ms): Min: 268244224.7, Avg: 268244224.8, Max: 268244224.9, Diff: 0.2]
      [Ext Root Scanning (ms): Min: 0.3, Avg: 0.8, Max: 4.7, Diff: 4.4, Sum: 10.8]
      [Update RS (ms): Min: 9.3, Avg: 13.4, Max: 17.1, Diff: 7.8, Sum: 187.6]
         [Processed Buffers: Min: 36, Avg: 49.5, Max: 62, Diff: 26, Sum: 693]
      [Scan RS (ms): Min: 0.0, Avg: 0.9, Max: 1.2, Diff: 1.2, Sum: 12.8]
      [Code Root Scanning (ms): Min: 0.0, Avg: 0.0, Max: 0.0, Diff: 0.0, Sum: 0.0]
      [Object Copy (ms): Min: 9.2, Avg: 9.9, Max: 10.0, Diff: 0.7, Sum: 138.0]
      [Termination (ms): Min: 0.0, Avg: 1.9, Max: 2.1, Diff: 2.1, Sum: 26.2]
         [Termination Attempts: Min: 1, Avg: 10.1, Max: 15, Diff: 14, Sum: 142]
      [GC Worker Other (ms): Min: 0.0, Avg: 0.0, Max: 0.0, Diff: 0.0, Sum: 0.1]
      [GC Worker Total (ms): Min: 26.7, Avg: 26.8, Max: 27.0, Diff: 0.3, Sum: 375.5]
      [GC Worker End (ms): Min: 268244251.6, Avg: 268244251.7, Max: 268244251.7, Diff: 0.1]
   [Code Root Fixup: 0.0 ms]
   [Code Root Purge: 0.0 ms]
   [Clear CT: 0.5 ms]
   [Other: 6.7 ms]
      [Choose CSet: 0.0 ms]
      [Ref Proc: 5.7 ms]
      [Ref Enq: 0.2 ms]
      [Redirty Cards: 0.3 ms]
      [Humongous Register: 0.0 ms]
      [Humongous Reclaim: 0.0 ms]
      [Free CSet: 0.3 ms]
   [Eden: 6992.0M(6976.0M)->0.0B(7024.0M) Survivors: 192.0M->144.0M Heap: 11181.7M(14336.0M)->4266.8M(14336.0M)]
 [Times: user=0.39 sys=0.00, real=0.03 secs] 
2022-11-02T20:53:13.529-0600: 268293.949: [GC pause (G1 Evacuation Pause) (young) (initial-mark), 0.0444849 secs]
   [Parallel Time: 35.4 ms, GC Workers: 14]
      [GC Worker Start (ms): Min: 268293950.9, Avg: 268293951.0, Max: 268293951.2, Diff: 0.3]
      [Ext Root Scanning (ms): Min: 5.9, Avg: 6.0, Max: 6.2, Diff: 0.3, Sum: 84.6]
      [Update RS (ms): Min: 8.3, Avg: 8.4, Max: 8.9, Diff: 0.6, Sum: 118.3]
         [Processed Buffers: Min: 30, Avg: 41.9, Max: 70, Diff: 40, Sum: 586]
      [Scan RS (ms): Min: 0.0, Avg: 0.0, Max: 0.1, Diff: 0.1, Sum: 0.5]
      [Code Root Scanning (ms): Min: 0.0, Avg: 0.0, Max: 0.0, Diff: 0.0, Sum: 0.0]
      [Object Copy (ms): Min: 17.8, Avg: 18.2, Max: 18.3, Diff: 0.6, Sum: 255.1]
      [Termination (ms): Min: 0.0, Avg: 0.0, Max: 0.0, Diff: 0.0, Sum: 0.2]
         [Termination Attempts: Min: 1, Avg: 21.4, Max: 28, Diff: 27, Sum: 300]
      [GC Worker Other (ms): Min: 0.0, Avg: 0.1, Max: 0.3, Diff: 0.3, Sum: 1.7]
      [GC Worker Total (ms): Min: 32.7, Avg: 32.9, Max: 33.1, Diff: 0.4, Sum: 460.4]
      [GC Worker End (ms): Min: 268293983.8, Avg: 268293983.9, Max: 268293984.1, Diff: 0.3]
   [Code Root Fixup: 0.0 ms]
   [Code Root Purge: 0.0 ms]
   [Clear CT: 0.3 ms]
   [Other: 8.8 ms]
      [Choose CSet: 0.0 ms]
      [Ref Proc: 7.7 ms]
      [Ref Enq: 0.3 ms]
      [Redirty Cards: 0.3 ms]
      [Humongous Register: 0.0 ms]
      [Humongous Reclaim: 0.0 ms]
      [Free CSet: 0.2 ms]
   [Eden: 7024.0M(7024.0M)->0.0B(7008.0M) Survivors: 144.0M->160.0M Heap: 11290.8M(14336.0M)->4414.7M(14336.0M)]
 [Times: user=0.47 sys=0.00, real=0.05 secs] 
2022-11-02T20:53:13.573-0600: 268293.993: [GC concurrent-root-region-scan-start]
2022-11-02T20:53:13.594-0600: 268294.015: [GC concurrent-root-region-scan-end, 0.0212459 secs]
2022-11-02T20:53:13.594-0600: 268294.015: [GC concurrent-mark-start]
2022-11-02T20:53:14.215-0600: 268294.636: [GC concurrent-mark-end, 0.6210643 secs]
2022-11-02T20:53:14.216-0600: 268294.636: [GC remark 2022-11-02T20:53:14.216-0600: 268294.636: [Finalize Marking, 0.0004688 secs] 2022-11-02T20:53:14.216-0600: 268294.636: [GC ref-proc, 0.0082385 secs] 2022-11-02T20:53:14.224-0600: 268294.645: [Unloading, 0.0213383 secs], 0.0327710 secs]
 [Times: user=0.32 sys=0.00, real=0.03 secs] 
2022-11-02T20:53:14.249-0600: 268294.669: [GC cleanup 4518M->4502M(14336M), 0.0071278 secs]
 [Times: user=0.06 sys=0.00, real=0.01 secs] 
2022-11-02T20:53:14.256-0600: 268294.676: [GC concurrent-cleanup-start]
2022-11-02T20:53:14.256-0600: 268294.676: [GC concurrent-cleanup-end, 0.0000186 secs]
2022-11-02T20:54:19.697-0600: 268360.117: [GC pause (G1 Evacuation Pause) (young), 0.0373979 secs]
   [Parallel Time: 30.4 ms, GC Workers: 14]
      [GC Worker Start (ms): Min: 268360117.0, Avg: 268360117.1, Max: 268360117.2, Diff: 0.2]
      [Ext Root Scanning (ms): Min: 0.3, Avg: 0.8, Max: 5.2, Diff: 4.9, Sum: 11.3]
      [Update RS (ms): Min: 6.6, Avg: 11.0, Max: 11.8, Diff: 5.2, Sum: 153.5]
         [Processed Buffers: Min: 29, Avg: 49.9, Max: 60, Diff: 31, Sum: 698]
      [Scan RS (ms): Min: 0.0, Avg: 0.0, Max: 0.1, Diff: 0.1, Sum: 0.4]
      [Code Root Scanning (ms): Min: 0.0, Avg: 0.0, Max: 0.0, Diff: 0.0, Sum: 0.0]
      [Object Copy (ms): Min: 17.4, Avg: 17.8, Max: 17.9, Diff: 0.5, Sum: 249.4]
      [Termination (ms): Min: 0.0, Avg: 0.0, Max: 0.0, Diff: 0.0, Sum: 0.3]
         [Termination Attempts: Min: 1, Avg: 48.9, Max: 61, Diff: 60, Sum: 684]
      [GC Worker Other (ms): Min: 0.0, Avg: 0.1, Max: 0.3, Diff: 0.3, Sum: 1.4]
      [GC Worker Total (ms): Min: 29.5, Avg: 29.7, Max: 30.0, Diff: 0.5, Sum: 416.3]
      [GC Worker End (ms): Min: 268360146.8, Avg: 268360146.9, Max: 268360147.1, Diff: 0.3]
   [Code Root Fixup: 0.0 ms]
   [Code Root Purge: 0.0 ms]
   [Clear CT: 0.7 ms]
   [Other: 6.3 ms]
      [Choose CSet: 0.0 ms]
      [Ref Proc: 5.3 ms]
      [Ref Enq: 0.2 ms]
      [Redirty Cards: 0.4 ms]
      [Humongous Register: 0.0 ms]
      [Humongous Reclaim: 0.0 ms]
      [Free CSet: 0.2 ms]
   [Eden: 7008.0M(7008.0M)->0.0B(5568.0M) Survivors: 160.0M->160.0M Heap: 11406.7M(14336.0M)->4489.8M(14336.0M)]
 [Times: user=0.35 sys=0.00, real=0.04 secs] 
2022-11-02T20:55:29.239-0600: 268429.659: [GC pause (G1 Evacuation Pause) (mixed), 0.0569628 secs]
   [Parallel Time: 48.5 ms, GC Workers: 14]
      [GC Worker Start (ms): Min: 268429659.2, Avg: 268429659.4, Max: 268429659.5, Diff: 0.3]
      [Ext Root Scanning (ms): Min: 0.3, Avg: 0.9, Max: 6.9, Diff: 6.6, Sum: 13.1]
      [Update RS (ms): Min: 3.2, Avg: 9.1, Max: 9.7, Diff: 6.5, Sum: 126.8]
         [Processed Buffers: Min: 25, Avg: 49.3, Max: 66, Diff: 41, Sum: 690]
      [Scan RS (ms): Min: 5.9, Avg: 6.0, Max: 6.2, Diff: 0.3, Sum: 84.6]
      [Code Root Scanning (ms): Min: 0.0, Avg: 0.1, Max: 0.6, Diff: 0.6, Sum: 1.5]
      [Object Copy (ms): Min: 30.6, Avg: 31.1, Max: 31.8, Diff: 1.2, Sum: 435.4]
      [Termination (ms): Min: 0.0, Avg: 0.6, Max: 0.9, Diff: 0.9, Sum: 8.7]
         [Termination Attempts: Min: 1, Avg: 15.6, Max: 41, Diff: 40, Sum: 218]
      [GC Worker Other (ms): Min: 0.0, Avg: 0.0, Max: 0.0, Diff: 0.0, Sum: 0.1]
      [GC Worker Total (ms): Min: 47.7, Avg: 47.9, Max: 48.0, Diff: 0.3, Sum: 670.2]
      [GC Worker End (ms): Min: 268429707.2, Avg: 268429707.2, Max: 268429707.3, Diff: 0.1]
   [Code Root Fixup: 0.0 ms]
   [Code Root Purge: 0.0 ms]
   [Clear CT: 0.5 ms]
   [Other: 8.0 ms]
      [Choose CSet: 0.2 ms]
      [Ref Proc: 6.4 ms]
      [Ref Enq: 0.4 ms]
      [Redirty Cards: 0.4 ms]
      [Humongous Register: 0.0 ms]
      [Humongous Reclaim: 0.0 ms]
      [Free CSet: 0.4 ms]
   [Eden: 5568.0M(5568.0M)->0.0B(7120.0M) Survivors: 160.0M->49152.0K Heap: 10057.8M(14336.0M)->3896.2M(14336.0M)]
 [Times: user=0.67 sys=0.00, real=0.06 secs] 
2022-11-02T20:56:59.975-0600: 268520.396: [GC pause (G1 Evacuation Pause) (young), 0.0352937 secs]
   [Parallel Time: 20.4 ms, GC Workers: 14]
      [GC Worker Start (ms): Min: 268520395.7, Avg: 268520395.9, Max: 268520396.0, Diff: 0.4]
      [Ext Root Scanning (ms): Min: 0.1, Avg: 0.7, Max: 4.5, Diff: 4.4, Sum: 10.4]
      [Update RS (ms): Min: 9.9, Avg: 13.2, Max: 17.3, Diff: 7.4, Sum: 185.5]
         [Processed Buffers: Min: 27, Avg: 42.3, Max: 62, Diff: 35, Sum: 592]
      [Scan RS (ms): Min: 0.0, Avg: 0.1, Max: 0.3, Diff: 0.2, Sum: 1.8]
      [Code Root Scanning (ms): Min: 0.0, Avg: 0.0, Max: 0.0, Diff: 0.0, Sum: 0.0]
      [Object Copy (ms): Min: 1.6, Avg: 5.3, Max: 9.0, Diff: 7.4, Sum: 74.0]
      [Termination (ms): Min: 0.0, Avg: 0.0, Max: 0.0, Diff: 0.0, Sum: 0.2]
         [Termination Attempts: Min: 1, Avg: 17.1, Max: 25, Diff: 24, Sum: 240]
      [GC Worker Other (ms): Min: 0.0, Avg: 0.1, Max: 0.3, Diff: 0.3, Sum: 0.9]
      [GC Worker Total (ms): Min: 19.3, Avg: 19.5, Max: 19.9, Diff: 0.6, Sum: 272.7]
      [GC Worker End (ms): Min: 268520415.3, Avg: 268520415.3, Max: 268520415.5, Diff: 0.3]
   [Code Root Fixup: 0.0 ms]
   [Code Root Purge: 0.0 ms]
   [Clear CT: 0.5 ms]
   [Other: 14.4 ms]
      [Choose CSet: 0.0 ms]
      [Ref Proc: 12.9 ms]
      [Ref Enq: 0.3 ms]
      [Redirty Cards: 0.9 ms]
      [Humongous Register: 0.0 ms]
      [Humongous Reclaim: 0.0 ms]
      [Free CSet: 0.2 ms]
   [Eden: 7120.0M(7120.0M)->0.0B(7136.0M) Survivors: 49152.0K->32768.0K Heap: 11016.2M(14336.0M)->3993.1M(14336.0M)]
 [Times: user=0.33 sys=0.00, real=0.03 secs] 
2022-11-02T20:58:31.122-0600: 268611.543: [GC pause (G1 Evacuation Pause) (young) (initial-mark), 0.0161596 secs]
   [Parallel Time: 10.1 ms, GC Workers: 14]
      [GC Worker Start (ms): Min: 268611544.2, Avg: 268611544.3, Max: 268611544.5, Diff: 0.3]
      [Ext Root Scanning (ms): Min: 4.3, Avg: 4.5, Max: 4.7, Diff: 0.3, Sum: 63.4]
      [Update RS (ms): Min: 2.2, Avg: 2.3, Max: 2.9, Diff: 0.7, Sum: 32.6]
         [Processed Buffers: Min: 5, Avg: 11.1, Max: 20, Diff: 15, Sum: 156]
      [Scan RS (ms): Min: 0.0, Avg: 0.0, Max: 0.1, Diff: 0.1, Sum: 0.4]
      [Code Root Scanning (ms): Min: 0.0, Avg: 0.0, Max: 0.0, Diff: 0.0, Sum: 0.0]
      [Object Copy (ms): Min: 0.7, Avg: 1.4, Max: 1.5, Diff: 0.8, Sum: 19.1]
      [Termination (ms): Min: 0.0, Avg: 0.0, Max: 0.1, Diff: 0.1, Sum: 0.7]
         [Termination Attempts: Min: 7, Avg: 22.7, Max: 32, Diff: 25, Sum: 318]
      [GC Worker Other (ms): Min: 0.0, Avg: 0.0, Max: 0.1, Diff: 0.1, Sum: 0.3]
      [GC Worker Total (ms): Min: 8.1, Avg: 8.3, Max: 8.5, Diff: 0.3, Sum: 116.6]
      [GC Worker End (ms): Min: 268611552.6, Avg: 268611552.7, Max: 268611552.7, Diff: 0.1]
   [Code Root Fixup: 0.0 ms]
   [Code Root Purge: 0.0 ms]
   [Clear CT: 0.4 ms]
   [Other: 5.7 ms]
      [Choose CSet: 0.0 ms]
      [Ref Proc: 4.5 ms]
      [Ref Enq: 0.7 ms]
      [Redirty Cards: 0.3 ms]
      [Humongous Register: 0.0 ms]
      [Humongous Reclaim: 0.0 ms]
      [Free CSet: 0.1 ms]
   [Eden: 7136.0M(7136.0M)->0.0B(7152.0M) Survivors: 32768.0K->16384.0K Heap: 11129.1M(14336.0M)->4046.4M(14336.0M)]
 [Times: user=0.12 sys=0.00, real=0.01 secs] 
2022-11-02T20:58:31.139-0600: 268611.559: [GC concurrent-root-region-scan-start]
2022-11-02T20:58:31.147-0600: 268611.567: [GC concurrent-root-region-scan-end, 0.0080009 secs]
2022-11-02T20:58:31.147-0600: 268611.567: [GC concurrent-mark-start]
2022-11-02T20:58:31.780-0600: 268612.200: [GC concurrent-mark-end, 0.6333090 secs]
2022-11-02T20:58:31.780-0600: 268612.200: [GC remark 2022-11-02T20:58:31.780-0600: 268612.200: [Finalize Marking, 0.0004912 secs] 2022-11-02T20:58:31.781-0600: 268612.201: [GC ref-proc, 0.0148786 secs] 2022-11-02T20:58:31.796-0600: 268612.216: [Unloading, 0.0216628 secs], 0.0396553 secs]
 [Times: user=0.36 sys=0.00, real=0.04 secs] 
2022-11-02T20:58:31.820-0600: 268612.240: [GC cleanup 4118M->4118M(14336M), 0.0075277 secs]
 [Times: user=0.06 sys=0.00, real=0.01 secs] 
2022-11-02T21:00:07.168-0600: 268707.588: [GC pause (G1 Evacuation Pause) (young), 0.0183789 secs]
   [Parallel Time: 5.4 ms, GC Workers: 14]
      [GC Worker Start (ms): Min: 268707588.1, Avg: 268707588.3, Max: 268707588.4, Diff: 0.3]
      [Ext Root Scanning (ms): Min: 0.3, Avg: 0.8, Max: 4.9, Diff: 4.6, Sum: 10.9]
      [Update RS (ms): Min: 0.0, Avg: 1.8, Max: 2.2, Diff: 2.2, Sum: 25.3]
         [Processed Buffers: Min: 0, Avg: 10.2, Max: 20, Diff: 20, Sum: 143]
      [Scan RS (ms): Min: 0.0, Avg: 0.0, Max: 0.1, Diff: 0.1, Sum: 0.3]
      [Code Root Scanning (ms): Min: 0.0, Avg: 0.0, Max: 0.0, Diff: 0.0, Sum: 0.0]
      [Object Copy (ms): Min: 0.0, Avg: 1.8, Max: 2.1, Diff: 2.1, Sum: 25.4]
      [Termination (ms): Min: 0.0, Avg: 0.4, Max: 0.5, Diff: 0.5, Sum: 5.2]
         [Termination Attempts: Min: 1, Avg: 52.5, Max: 81, Diff: 80, Sum: 735]
      [GC Worker Other (ms): Min: 0.0, Avg: 0.0, Max: 0.0, Diff: 0.0, Sum: 0.1]
      [GC Worker Total (ms): Min: 4.6, Avg: 4.8, Max: 5.0, Diff: 0.4, Sum: 67.2]
      [GC Worker End (ms): Min: 268707593.0, Avg: 268707593.1, Max: 268707593.2, Diff: 0.1]
   [Code Root Fixup: 0.0 ms]
   [Code Root Purge: 0.0 ms]
   [Clear CT: 0.8 ms]
   [Other: 12.3 ms]
      [Choose CSet: 0.0 ms]
      [Ref Proc: 11.6 ms]
      [Ref Enq: 0.2 ms]
      [Redirty Cards: 0.2 ms]
      [Humongous Register: 0.0 ms]
      [Humongous Reclaim: 0.0 ms]
      [Free CSet: 0.1 ms]
   [Eden: 7152.0M(7152.0M)->0.0B(5712.0M) Survivors: 16384.0K->16384.0K Heap: 11198.4M(14336.0M)->4058.5M(14336.0M)]
 [Times: user=0.18 sys=0.00, real=0.02 secs] 
2022-11-02T21:01:24.219-0600: 268784.639: [GC pause (G1 Evacuation Pause) (mixed), 0.0352226 secs]
   [Parallel Time: 30.5 ms, GC Workers: 14]
      [GC Worker Start (ms): Min: 268784639.6, Avg: 268784639.7, Max: 268784639.9, Diff: 0.3]
      [Ext Root Scanning (ms): Min: 0.1, Avg: 0.9, Max: 6.7, Diff: 6.7, Sum: 12.1]
      [Update RS (ms): Min: 0.0, Avg: 1.5, Max: 2.3, Diff: 2.3, Sum: 20.3]
         [Processed Buffers: Min: 0, Avg: 10.4, Max: 18, Diff: 18, Sum: 146]
      [Scan RS (ms): Min: 0.5, Avg: 3.7, Max: 5.3, Diff: 4.8, Sum: 51.5]
      [Code Root Scanning (ms): Min: 0.0, Avg: 0.0, Max: 0.4, Diff: 0.4, Sum: 0.4]
      [Object Copy (ms): Min: 21.9, Avg: 23.7, Max: 29.2, Diff: 7.4, Sum: 332.3]
      [Termination (ms): Min: 0.0, Avg: 0.4, Max: 0.5, Diff: 0.5, Sum: 5.1]
         [Termination Attempts: Min: 1, Avg: 62.2, Max: 96, Diff: 95, Sum: 871]
      [GC Worker Other (ms): Min: 0.0, Avg: 0.0, Max: 0.0, Diff: 0.0, Sum: 0.1]
      [GC Worker Total (ms): Min: 30.0, Avg: 30.1, Max: 30.2, Diff: 0.2, Sum: 421.8]
      [GC Worker End (ms): Min: 268784669.8, Avg: 268784669.9, Max: 268784669.9, Diff: 0.1]
   [Code Root Fixup: 0.0 ms]
   [Code Root Purge: 0.0 ms]
   [Clear CT: 0.6 ms]
   [Other: 4.1 ms]
      [Choose CSet: 0.1 ms]
      [Ref Proc: 3.3 ms]
      [Ref Enq: 0.2 ms]
      [Redirty Cards: 0.2 ms]
      [Humongous Register: 0.0 ms]
      [Humongous Reclaim: 0.0 ms]
      [Free CSet: 0.3 ms]
   [Eden: 5712.0M(5712.0M)->0.0B(7152.0M) Survivors: 16384.0K->16384.0K Heap: 9770.5M(14336.0M)->3628.5M(14336.0M)]
 [Times: user=0.31 sys=0.00, real=0.04 secs] 
2022-11-02T21:03:04.718-0600: 268885.139: [GC pause (G1 Evacuation Pause) (young), 0.0358123 secs]
   [Parallel Time: 27.9 ms, GC Workers: 14]
      [GC Worker Start (ms): Min: 268885138.7, Avg: 268885138.8, Max: 268885138.9, Diff: 0.2]
      [Ext Root Scanning (ms): Min: 0.3, Avg: 0.9, Max: 5.9, Diff: 5.6, Sum: 12.7]
      [Update RS (ms): Min: 4.7, Avg: 9.7, Max: 10.4, Diff: 5.6, Sum: 135.6]
         [Processed Buffers: Min: 16, Avg: 43.9, Max: 62, Diff: 46, Sum: 615]
      [Scan RS (ms): Min: 0.0, Avg: 0.0, Max: 0.1, Diff: 0.1, Sum: 0.3]
      [Code Root Scanning (ms): Min: 0.0, Avg: 0.0, Max: 0.0, Diff: 0.0, Sum: 0.0]
      [Object Copy (ms): Min: 16.1, Avg: 16.3, Max: 16.4, Diff: 0.3, Sum: 228.1]
      [Termination (ms): Min: 0.0, Avg: 0.0, Max: 0.0, Diff: 0.0, Sum: 0.0]
         [Termination Attempts: Min: 1, Avg: 1.0, Max: 1, Diff: 0, Sum: 14]
      [GC Worker Other (ms): Min: 0.0, Avg: 0.2, Max: 0.4, Diff: 0.4, Sum: 2.5]
      [GC Worker Total (ms): Min: 26.9, Avg: 27.1, Max: 27.4, Diff: 0.5, Sum: 379.2]
      [GC Worker End (ms): Min: 268885165.7, Avg: 268885165.9, Max: 268885166.1, Diff: 0.4]
   [Code Root Fixup: 0.0 ms]
   [Code Root Purge: 0.0 ms]
   [Clear CT: 0.3 ms]
   [Other: 7.6 ms]
      [Choose CSet: 0.0 ms]
      [Ref Proc: 6.9 ms]
      [Ref Enq: 0.3 ms]
      [Redirty Cards: 0.2 ms]
      [Humongous Register: 0.0 ms]
      [Humongous Reclaim: 0.0 ms]
      [Free CSet: 0.1 ms]
   [Eden: 7152.0M(7152.0M)->0.0B(7008.0M) Survivors: 16384.0K->160.0M Heap: 10780.5M(14336.0M)->3878.7M(14336.0M)]
 [Times: user=0.40 sys=0.00, real=0.04 secs] 
2022-11-02T21:05:36.970-0600: 269037.390: [GC pause (G1 Evacuation Pause) (young) (initial-mark), 0.0262452 secs]
   [Parallel Time: 19.7 ms, GC Workers: 14]
      [GC Worker Start (ms): Min: 269037391.6, Avg: 269037391.8, Max: 269037392.0, Diff: 0.4]
      [Ext Root Scanning (ms): Min: 3.8, Avg: 4.0, Max: 4.1, Diff: 0.4, Sum: 55.7]
      [Update RS (ms): Min: 1.0, Avg: 1.1, Max: 1.3, Diff: 0.3, Sum: 15.8]
         [Processed Buffers: Min: 3, Avg: 6.4, Max: 14, Diff: 11, Sum: 90]
      [Scan RS (ms): Min: 0.0, Avg: 0.0, Max: 0.1, Diff: 0.1, Sum: 0.4]
      [Code Root Scanning (ms): Min: 0.0, Avg: 0.0, Max: 0.0, Diff: 0.0, Sum: 0.0]
      [Object Copy (ms): Min: 12.2, Avg: 12.3, Max: 12.4, Diff: 0.2, Sum: 172.6]
      [Termination (ms): Min: 0.0, Avg: 0.0, Max: 0.1, Diff: 0.1, Sum: 0.6]
         [Termination Attempts: Min: 2, Avg: 19.5, Max: 28, Diff: 26, Sum: 273]
      [GC Worker Other (ms): Min: 0.0, Avg: 0.1, Max: 0.3, Diff: 0.3, Sum: 1.4]
      [GC Worker Total (ms): Min: 17.4, Avg: 17.6, Max: 17.8, Diff: 0.4, Sum: 246.5]
      [GC Worker End (ms): Min: 269037409.3, Avg: 269037409.4, Max: 269037409.6, Diff: 0.3]
   [Code Root Fixup: 0.0 ms]
   [Code Root Purge: 0.0 ms]
   [Clear CT: 0.4 ms]
   [Other: 6.1 ms]
      [Choose CSet: 0.0 ms]
      [Ref Proc: 5.4 ms]
      [Ref Enq: 0.2 ms]
      [Redirty Cards: 0.3 ms]
      [Humongous Register: 0.0 ms]
      [Humongous Reclaim: 0.0 ms]
      [Free CSet: 0.1 ms]
   [Eden: 7008.0M(7008.0M)->0.0B(6944.0M) Survivors: 160.0M->224.0M Heap: 10886.7M(14336.0M)->4122.2M(14336.0M)]
 [Times: user=0.26 sys=0.00, real=0.03 secs] 
2022-11-02T21:05:36.996-0600: 269037.416: [GC concurrent-root-region-scan-start]
2022-11-02T21:05:36.999-0600: 269037.419: [GC concurrent-root-region-scan-end, 0.0028697 secs]
2022-11-02T21:05:36.999-0600: 269037.419: [GC concurrent-mark-start]
2022-11-02T21:05:37.568-0600: 269037.989: [GC concurrent-mark-end, 0.5695020 secs]
2022-11-02T21:05:37.569-0600: 269037.989: [GC remark 2022-11-02T21:05:37.569-0600: 269037.989: [Finalize Marking, 0.0008013 secs] 2022-11-02T21:05:37.569-0600: 269037.990: [GC ref-proc, 0.0066994 secs] 2022-11-02T21:05:37.576-0600: 269037.996: [Unloading, 0.0252723 secs], 0.0355169 secs]
 [Times: user=0.36 sys=0.00, real=0.04 secs] 
2022-11-02T21:05:37.605-0600: 269038.025: [GC cleanup 4162M->4162M(14336M), 0.0109119 secs]
 [Times: user=0.07 sys=0.00, real=0.01 secs] 
2022-11-02T21:08:07.551-0600: 269187.971: [GC pause (G1 Evacuation Pause) (young), 0.0221979 secs]
   [Parallel Time: 16.1 ms, GC Workers: 14]
      [GC Worker Start (ms): Min: 269187971.3, Avg: 269187971.4, Max: 269187971.5, Diff: 0.2]
      [Ext Root Scanning (ms): Min: 0.3, Avg: 0.8, Max: 6.0, Diff: 5.8, Sum: 11.9]
      [Update RS (ms): Min: 2.2, Avg: 7.3, Max: 7.9, Diff: 5.7, Sum: 102.6]
         [Processed Buffers: Min: 7, Avg: 30.5, Max: 46, Diff: 39, Sum: 427]
      [Scan RS (ms): Min: 0.0, Avg: 0.0, Max: 0.1, Diff: 0.1, Sum: 0.3]
      [Code Root Scanning (ms): Min: 0.0, Avg: 0.0, Max: 0.0, Diff: 0.0, Sum: 0.0]
      [Object Copy (ms): Min: 0.2, Avg: 1.8, Max: 7.2, Diff: 7.0, Sum: 24.7]
      [Termination (ms): Min: 0.0, Avg: 5.6, Max: 7.1, Diff: 7.1, Sum: 77.9]
         [Termination Attempts: Min: 1, Avg: 1.1, Max: 2, Diff: 1, Sum: 16]
      [GC Worker Other (ms): Min: 0.0, Avg: 0.0, Max: 0.0, Diff: 0.0, Sum: 0.1]
      [GC Worker Total (ms): Min: 15.4, Avg: 15.5, Max: 15.7, Diff: 0.3, Sum: 217.6]
      [GC Worker End (ms): Min: 269187986.9, Avg: 269187986.9, Max: 269187987.0, Diff: 0.1]
   [Code Root Fixup: 0.0 ms]
   [Code Root Purge: 0.0 ms]
   [Clear CT: 0.4 ms]
   [Other: 5.7 ms]
      [Choose CSet: 0.0 ms]
      [Ref Proc: 5.1 ms]
      [Ref Enq: 0.2 ms]
      [Redirty Cards: 0.2 ms]
      [Humongous Register: 0.0 ms]
      [Humongous Reclaim: 0.0 ms]
      [Free CSet: 0.1 ms]
   [Eden: 6944.0M(6944.0M)->0.0B(5664.0M) Survivors: 224.0M->65536.0K Heap: 11066.2M(14336.0M)->4079.3M(14336.0M)]
 [Times: user=0.22 sys=0.00, real=0.03 secs] 
2022-11-02T21:10:12.016-0600: 269312.436: [GC pause (G1 Evacuation Pause) (mixed), 0.0214697 secs]
   [Parallel Time: 15.0 ms, GC Workers: 14]
      [GC Worker Start (ms): Min: 269312436.0, Avg: 269312436.2, Max: 269312436.4, Diff: 0.3]
      [Ext Root Scanning (ms): Min: 0.1, Avg: 0.8, Max: 4.7, Diff: 4.7, Sum: 10.6]
      [Update RS (ms): Min: 0.0, Avg: 0.2, Max: 0.7, Diff: 0.7, Sum: 3.0]
         [Processed Buffers: Min: 0, Avg: 3.5, Max: 17, Diff: 17, Sum: 49]
      [Scan RS (ms): Min: 0.1, Avg: 2.0, Max: 4.5, Diff: 4.4, Sum: 27.6]
      [Code Root Scanning (ms): Min: 0.0, Avg: 0.2, Max: 2.3, Diff: 2.3, Sum: 2.6]
      [Object Copy (ms): Min: 6.5, Avg: 11.1, Max: 14.0, Diff: 7.5, Sum: 155.8]
      [Termination (ms): Min: 0.0, Avg: 0.1, Max: 0.1, Diff: 0.1, Sum: 1.1]
         [Termination Attempts: Min: 1, Avg: 178.9, Max: 239, Diff: 238, Sum: 2505]
      [GC Worker Other (ms): Min: 0.0, Avg: 0.1, Max: 0.2, Diff: 0.2, Sum: 1.6]
      [GC Worker Total (ms): Min: 14.2, Avg: 14.5, Max: 14.7, Diff: 0.5, Sum: 202.3]
      [GC Worker End (ms): Min: 269312450.5, Avg: 269312450.6, Max: 269312450.7, Diff: 0.2]
   [Code Root Fixup: 0.0 ms]
   [Code Root Purge: 0.0 ms]
   [Clear CT: 0.5 ms]
   [Other: 5.9 ms]
      [Choose CSet: 0.1 ms]
      [Ref Proc: 4.5 ms]
      [Ref Enq: 0.3 ms]
      [Redirty Cards: 0.3 ms]
      [Humongous Register: 0.0 ms]
      [Humongous Reclaim: 0.0 ms]
      [Free CSet: 0.6 ms]
   [Eden: 5664.0M(5664.0M)->0.0B(7152.0M) Survivors: 65536.0K->16384.0K Heap: 9743.3M(14336.0M)->3570.1M(14336.0M)]
 [Times: user=0.17 sys=0.00, real=0.02 secs] 
2022-11-02T21:12:47.984-0600: 269468.404: [GC pause (G1 Evacuation Pause) (young), 0.0137236 secs]
   [Parallel Time: 8.0 ms, GC Workers: 14]
      [GC Worker Start (ms): Min: 269468404.5, Avg: 269468404.7, Max: 269468404.9, Diff: 0.4]
      [Ext Root Scanning (ms): Min: 0.3, Avg: 0.9, Max: 6.0, Diff: 5.8, Sum: 12.4]
      [Update RS (ms): Min: 1.3, Avg: 6.0, Max: 6.6, Diff: 5.3, Sum: 83.8]
         [Processed Buffers: Min: 5, Avg: 24.9, Max: 37, Diff: 32, Sum: 349]
      [Scan RS (ms): Min: 0.0, Avg: 0.0, Max: 0.1, Diff: 0.0, Sum: 0.4]
      [Code Root Scanning (ms): Min: 0.0, Avg: 0.0, Max: 0.0, Diff: 0.0, Sum: 0.0]
      [Object Copy (ms): Min: 0.0, Avg: 0.2, Max: 0.3, Diff: 0.3, Sum: 3.4]
      [Termination (ms): Min: 0.0, Avg: 0.0, Max: 0.0, Diff: 0.0, Sum: 0.0]
         [Termination Attempts: Min: 1, Avg: 2.1, Max: 3, Diff: 2, Sum: 30]
      [GC Worker Other (ms): Min: 0.0, Avg: 0.1, Max: 0.2, Diff: 0.2, Sum: 1.1]
      [GC Worker Total (ms): Min: 7.0, Avg: 7.2, Max: 7.5, Diff: 0.5, Sum: 101.1]
      [GC Worker End (ms): Min: 269468411.9, Avg: 269468411.9, Max: 269468412.1, Diff: 0.2]
   [Code Root Fixup: 0.0 ms]
   [Code Root Purge: 0.0 ms]
   [Clear CT: 0.4 ms]
   [Other: 5.4 ms]
      [Choose CSet: 0.0 ms]
      [Ref Proc: 4.7 ms]
      [Ref Enq: 0.3 ms]
      [Redirty Cards: 0.2 ms]
      [Humongous Register: 0.0 ms]
      [Humongous Reclaim: 0.0 ms]
      [Free CSet: 0.1 ms]
   [Eden: 7152.0M(7152.0M)->0.0B(7152.0M) Survivors: 16384.0K->16384.0K Heap: 10722.1M(14336.0M)->3593.4M(14336.0M)]
 [Times: user=0.12 sys=0.00, real=0.01 secs] 
2022-11-02T21:15:24.566-0600: 269624.986: [GC pause (G1 Evacuation Pause) (young) (initial-mark), 0.0129003 secs]
   [Parallel Time: 7.0 ms, GC Workers: 14]
      [GC Worker Start (ms): Min: 269624987.8, Avg: 269624988.0, Max: 269624988.2, Diff: 0.4]
      [Ext Root Scanning (ms): Min: 3.9, Avg: 4.1, Max: 4.3, Diff: 0.4, Sum: 57.0]
      [Update RS (ms): Min: 0.2, Avg: 0.2, Max: 0.4, Diff: 0.3, Sum: 3.2]
         [Processed Buffers: Min: 1, Avg: 3.6, Max: 31, Diff: 30, Sum: 51]
      [Scan RS (ms): Min: 0.0, Avg: 0.0, Max: 0.1, Diff: 0.1, Sum: 0.4]
      [Code Root Scanning (ms): Min: 0.0, Avg: 0.0, Max: 0.0, Diff: 0.0, Sum: 0.0]
      [Object Copy (ms): Min: 0.1, Avg: 0.2, Max: 0.3, Diff: 0.2, Sum: 3.5]
      [Termination (ms): Min: 0.0, Avg: 0.0, Max: 0.0, Diff: 0.0, Sum: 0.3]
         [Termination Attempts: Min: 1, Avg: 1.3, Max: 2, Diff: 1, Sum: 18]
      [GC Worker Other (ms): Min: 0.0, Avg: 0.1, Max: 0.2, Diff: 0.2, Sum: 0.9]
      [GC Worker Total (ms): Min: 4.5, Avg: 4.7, Max: 5.0, Diff: 0.5, Sum: 65.3]
      [GC Worker End (ms): Min: 269624992.6, Avg: 269624992.7, Max: 269624992.9, Diff: 0.2]
   [Code Root Fixup: 0.0 ms]
   [Code Root Purge: 0.0 ms]
   [Clear CT: 0.4 ms]
   [Other: 5.5 ms]
      [Choose CSet: 0.0 ms]
      [Ref Proc: 4.7 ms]
      [Ref Enq: 0.2 ms]
      [Redirty Cards: 0.2 ms]
      [Humongous Register: 0.0 ms]
      [Humongous Reclaim: 0.0 ms]
      [Free CSet: 0.2 ms]
   [Eden: 7152.0M(7152.0M)->0.0B(7152.0M) Survivors: 16384.0K->16384.0K Heap: 10745.4M(14336.0M)->3600.8M(14336.0M)]
 [Times: user=0.08 sys=0.00, real=0.01 secs] 
2022-11-02T21:15:24.579-0600: 269624.999: [GC concurrent-root-region-scan-start]
2022-11-02T21:15:24.582-0600: 269625.002: [GC concurrent-root-region-scan-end, 0.0035978 secs]
2022-11-02T21:15:24.582-0600: 269625.002: [GC concurrent-mark-start]
2022-11-02T21:15:25.176-0600: 269625.596: [GC concurrent-mark-end, 0.5937559 secs]
2022-11-02T21:15:25.176-0600: 269625.597: [GC remark 2022-11-02T21:15:25.176-0600: 269625.597: [Finalize Marking, 0.0013139 secs] 2022-11-02T21:15:25.178-0600: 269625.598: [GC ref-proc, 0.0074480 secs] 2022-11-02T21:15:25.185-0600: 269625.605: [Unloading, 0.0227428 secs], 0.0339655 secs]
 [Times: user=0.33 sys=0.00, real=0.03 secs] 
2022-11-02T21:15:25.210-0600: 269625.631: [GC cleanup 3672M->3656M(14336M), 0.0060919 secs]
 [Times: user=0.06 sys=0.00, real=0.01 secs] 
2022-11-02T21:15:25.217-0600: 269625.637: [GC concurrent-cleanup-start]
2022-11-02T21:15:25.217-0600: 269625.637: [GC concurrent-cleanup-end, 0.0000156 secs]
2022-11-02T21:17:57.976-0600: 269778.397: [GC pause (G1 Evacuation Pause) (young), 0.0088559 secs]
   [Parallel Time: 3.5 ms, GC Workers: 14]
      [GC Worker Start (ms): Min: 269778396.9, Avg: 269778397.2, Max: 269778398.2, Diff: 1.3]
      [Ext Root Scanning (ms): Min: 0.0, Avg: 0.7, Max: 3.2, Diff: 3.2, Sum: 9.4]
      [Update RS (ms): Min: 0.0, Avg: 0.3, Max: 0.5, Diff: 0.5, Sum: 3.5]
         [Processed Buffers: Min: 0, Avg: 4.8, Max: 30, Diff: 30, Sum: 67]
      [Scan RS (ms): Min: 0.0, Avg: 0.0, Max: 0.1, Diff: 0.1, Sum: 0.4]
      [Code Root Scanning (ms): Min: 0.0, Avg: 0.0, Max: 0.0, Diff: 0.0, Sum: 0.0]
      [Object Copy (ms): Min: 0.0, Avg: 0.2, Max: 0.3, Diff: 0.3, Sum: 3.2]
      [Termination (ms): Min: 0.0, Avg: 1.7, Max: 1.9, Diff: 1.9, Sum: 23.1]
         [Termination Attempts: Min: 1, Avg: 1.1, Max: 2, Diff: 1, Sum: 15]
      [GC Worker Other (ms): Min: 0.0, Avg: 0.0, Max: 0.0, Diff: 0.0, Sum: 0.1]
      [GC Worker Total (ms): Min: 1.9, Avg: 2.8, Max: 3.3, Diff: 1.4, Sum: 39.8]
      [GC Worker End (ms): Min: 269778400.0, Avg: 269778400.1, Max: 269778400.1, Diff: 0.1]
   [Code Root Fixup: 0.0 ms]
   [Code Root Purge: 0.0 ms]
   [Clear CT: 0.4 ms]
   [Other: 5.0 ms]
      [Choose CSet: 0.0 ms]
      [Ref Proc: 4.2 ms]
      [Ref Enq: 0.2 ms]
      [Redirty Cards: 0.2 ms]
      [Humongous Register: 0.0 ms]
      [Humongous Reclaim: 0.0 ms]
      [Free CSet: 0.2 ms]
   [Eden: 7152.0M(7152.0M)->0.0B(5712.0M) Survivors: 16384.0K->16384.0K Heap: 10736.8M(14336.0M)->3586.2M(14336.0M)]
 [Times: user=0.05 sys=0.00, real=0.01 secs] 
2022-11-02T21:20:03.969-0600: 269904.389: [GC pause (G1 Evacuation Pause) (mixed), 0.0104211 secs]
   [Parallel Time: 5.7 ms, GC Workers: 14]
      [GC Worker Start (ms): Min: 269904389.5, Avg: 269904389.7, Max: 269904389.8, Diff: 0.3]
      [Ext Root Scanning (ms): Min: 0.3, Avg: 0.9, Max: 5.4, Diff: 5.2, Sum: 11.9]
      [Update RS (ms): Min: 0.0, Avg: 0.2, Max: 0.4, Diff: 0.4, Sum: 3.0]
         [Processed Buffers: Min: 0, Avg: 3.6, Max: 35, Diff: 35, Sum: 51]
      [Scan RS (ms): Min: 0.0, Avg: 0.1, Max: 0.3, Diff: 0.2, Sum: 1.9]
      [Code Root Scanning (ms): Min: 0.0, Avg: 0.0, Max: 0.0, Diff: 0.0, Sum: 0.0]
      [Object Copy (ms): Min: 0.0, Avg: 0.8, Max: 0.9, Diff: 0.9, Sum: 10.7]
      [Termination (ms): Min: 0.0, Avg: 3.3, Max: 3.7, Diff: 3.7, Sum: 46.7]
         [Termination Attempts: Min: 1, Avg: 4.9, Max: 8, Diff: 7, Sum: 69]
      [GC Worker Other (ms): Min: 0.0, Avg: 0.0, Max: 0.0, Diff: 0.0, Sum: 0.1]
      [GC Worker Total (ms): Min: 5.2, Avg: 5.3, Max: 5.5, Diff: 0.3, Sum: 74.3]
      [GC Worker End (ms): Min: 269904395.0, Avg: 269904395.0, Max: 269904395.1, Diff: 0.1]
   [Code Root Fixup: 0.0 ms]
   [Code Root Purge: 0.0 ms]
   [Clear CT: 0.3 ms]
   [Other: 4.4 ms]
      [Choose CSet: 0.0 ms]
      [Ref Proc: 3.6 ms]
      [Ref Enq: 0.3 ms]
      [Redirty Cards: 0.2 ms]
      [Humongous Register: 0.0 ms]
      [Humongous Reclaim: 0.0 ms]
      [Free CSet: 0.2 ms]
   [Eden: 5712.0M(5712.0M)->0.0B(7152.0M) Survivors: 16384.0K->16384.0K Heap: 9298.2M(14336.0M)->3418.6M(14336.0M)]
 [Times: user=0.09 sys=0.01, real=0.01 secs] 
2022-11-02T21:22:38.419-0600: 270058.839: [GC pause (G1 Evacuation Pause) (young), 0.0098743 secs]
   [Parallel Time: 5.2 ms, GC Workers: 14]
      [GC Worker Start (ms): Min: 270058839.3, Avg: 270058839.4, Max: 270058839.6, Diff: 0.3]
      [Ext Root Scanning (ms): Min: 0.3, Avg: 0.8, Max: 4.8, Diff: 4.6, Sum: 11.0]
      [Update RS (ms): Min: 0.0, Avg: 0.7, Max: 1.0, Diff: 1.0, Sum: 10.0]
         [Processed Buffers: Min: 0, Avg: 5.8, Max: 21, Diff: 21, Sum: 81]
      [Scan RS (ms): Min: 0.0, Avg: 0.0, Max: 0.1, Diff: 0.1, Sum: 0.3]
      [Code Root Scanning (ms): Min: 0.0, Avg: 0.0, Max: 0.0, Diff: 0.0, Sum: 0.0]
      [Object Copy (ms): Min: 0.0, Avg: 0.2, Max: 0.3, Diff: 0.3, Sum: 3.2]
      [Termination (ms): Min: 0.0, Avg: 3.0, Max: 3.3, Diff: 3.3, Sum: 42.2]
         [Termination Attempts: Min: 1, Avg: 10.5, Max: 18, Diff: 17, Sum: 147]
      [GC Worker Other (ms): Min: 0.0, Avg: 0.0, Max: 0.0, Diff: 0.0, Sum: 0.1]
      [GC Worker Total (ms): Min: 4.7, Avg: 4.8, Max: 4.9, Diff: 0.3, Sum: 66.9]
      [GC Worker End (ms): Min: 270058844.2, Avg: 270058844.2, Max: 270058844.3, Diff: 0.1]
   [Code Root Fixup: 0.0 ms]
   [Code Root Purge: 0.0 ms]
   [Clear CT: 0.3 ms]
   [Other: 4.4 ms]
      [Choose CSet: 0.0 ms]
      [Ref Proc: 3.7 ms]
      [Ref Enq: 0.3 ms]
      [Redirty Cards: 0.2 ms]
      [Humongous Register: 0.0 ms]
      [Humongous Reclaim: 0.0 ms]
      [Free CSet: 0.1 ms]
   [Eden: 7152.0M(7152.0M)->0.0B(7152.0M) Survivors: 16384.0K->16384.0K Heap: 10570.6M(14336.0M)->3423.5M(14336.0M)]
 [Times: user=0.09 sys=0.00, real=0.01 secs] 
2022-11-02T21:25:14.968-0600: 270215.388: [GC pause (G1 Evacuation Pause) (young) (initial-mark), 0.0138190 secs]
   [Parallel Time: 7.0 ms, GC Workers: 14]
      [GC Worker Start (ms): Min: 270215389.5, Avg: 270215389.8, Max: 270215390.1, Diff: 0.5]
      [Ext Root Scanning (ms): Min: 4.1, Avg: 4.4, Max: 4.6, Diff: 0.5, Sum: 61.6]
      [Update RS (ms): Min: 0.1, Avg: 0.2, Max: 0.4, Diff: 0.2, Sum: 3.1]
         [Processed Buffers: Min: 1, Avg: 4.1, Max: 15, Diff: 14, Sum: 58]
      [Scan RS (ms): Min: 0.0, Avg: 0.0, Max: 0.1, Diff: 0.0, Sum: 0.4]
      [Code Root Scanning (ms): Min: 0.0, Avg: 0.0, Max: 0.0, Diff: 0.0, Sum: 0.0]
      [Object Copy (ms): Min: 0.1, Avg: 0.2, Max: 0.3, Diff: 0.2, Sum: 2.8]
      [Termination (ms): Min: 0.0, Avg: 0.0, Max: 0.0, Diff: 0.0, Sum: 0.0]
         [Termination Attempts: Min: 1, Avg: 1.9, Max: 3, Diff: 2, Sum: 26]
      [GC Worker Other (ms): Min: 0.0, Avg: 0.1, Max: 0.2, Diff: 0.2, Sum: 1.3]
      [GC Worker Total (ms): Min: 4.5, Avg: 4.9, Max: 5.2, Diff: 0.6, Sum: 69.2]
      [GC Worker End (ms): Min: 270215394.6, Avg: 270215394.7, Max: 270215394.8, Diff: 0.2]
   [Code Root Fixup: 0.0 ms]
   [Code Root Purge: 0.0 ms]
   [Clear CT: 0.4 ms]
   [Other: 6.3 ms]
      [Choose CSet: 0.0 ms]
      [Ref Proc: 5.5 ms]
      [Ref Enq: 0.2 ms]
      [Redirty Cards: 0.2 ms]
      [Humongous Register: 0.0 ms]
      [Humongous Reclaim: 0.0 ms]
      [Free CSet: 0.2 ms]
   [Eden: 7152.0M(7152.0M)->0.0B(7152.0M) Survivors: 16384.0K->16384.0K Heap: 10575.5M(14336.0M)->3425.1M(14336.0M)]
 [Times: user=0.08 sys=0.00, real=0.02 secs] 
2022-11-02T21:25:14.981-0600: 270215.402: [GC concurrent-root-region-scan-start]
2022-11-02T21:25:14.986-0600: 270215.406: [GC concurrent-root-region-scan-end, 0.0044412 secs]
2022-11-02T21:25:14.986-0600: 270215.406: [GC concurrent-mark-start]
2022-11-02T21:25:15.540-0600: 270215.960: [GC concurrent-mark-end, 0.5542701 secs]
2022-11-02T21:25:15.540-0600: 270215.961: [GC remark 2022-11-02T21:25:15.540-0600: 270215.961: [Finalize Marking, 0.0008373 secs] 2022-11-02T21:25:15.541-0600: 270215.962: [GC ref-proc, 0.0087703 secs] 2022-11-02T21:25:15.550-0600: 270215.970: [Unloading, 0.0231777 secs], 0.0350322 secs]
 [Times: user=0.33 sys=0.00, real=0.03 secs] 
2022-11-02T21:25:15.576-0600: 270215.996: [GC cleanup 3465M->3465M(14336M), 0.0063263 secs]
 [Times: user=0.04 sys=0.00, real=0.01 secs] 
2022-11-02T21:27:49.416-0600: 270369.837: [GC pause (G1 Evacuation Pause) (young), 0.0104530 secs]
   [Parallel Time: 3.9 ms, GC Workers: 14]
      [GC Worker Start (ms): Min: 270369836.6, Avg: 270369836.9, Max: 270369837.0, Diff: 0.4]
      [Ext Root Scanning (ms): Min: 0.3, Avg: 0.7, Max: 3.1, Diff: 2.8, Sum: 9.3]
      [Update RS (ms): Min: 0.0, Avg: 0.2, Max: 0.4, Diff: 0.4, Sum: 2.8]
         [Processed Buffers: Min: 0, Avg: 4.2, Max: 30, Diff: 30, Sum: 59]
      [Scan RS (ms): Min: 0.0, Avg: 0.0, Max: 0.1, Diff: 0.1, Sum: 0.3]
      [Code Root Scanning (ms): Min: 0.0, Avg: 0.0, Max: 0.0, Diff: 0.0, Sum: 0.0]
      [Object Copy (ms): Min: 0.0, Avg: 0.2, Max: 0.3, Diff: 0.3, Sum: 3.0]
      [Termination (ms): Min: 0.0, Avg: 1.9, Max: 2.1, Diff: 2.1, Sum: 26.0]
         [Termination Attempts: Min: 1, Avg: 1.2, Max: 3, Diff: 2, Sum: 17]
      [GC Worker Other (ms): Min: 0.0, Avg: 0.0, Max: 0.0, Diff: 0.0, Sum: 0.1]
      [GC Worker Total (ms): Min: 2.8, Avg: 3.0, Max: 3.1, Diff: 0.4, Sum: 41.5]
      [GC Worker End (ms): Min: 270369839.8, Avg: 270369839.8, Max: 270369839.9, Diff: 0.1]
   [Code Root Fixup: 0.0 ms]
   [Code Root Purge: 0.0 ms]
   [Clear CT: 0.3 ms]
   [Other: 6.2 ms]
      [Choose CSet: 0.0 ms]
      [Ref Proc: 5.1 ms]
      [Ref Enq: 0.3 ms]
      [Redirty Cards: 0.6 ms]
      [Humongous Register: 0.0 ms]
      [Humongous Reclaim: 0.0 ms]
      [Free CSet: 0.1 ms]
   [Eden: 7152.0M(7152.0M)->0.0B(5712.0M) Survivors: 16384.0K->16384.0K Heap: 10577.1M(14336.0M)->3425.6M(14336.0M)]
 [Times: user=0.05 sys=0.01, real=0.01 secs] 
2022-11-02T21:29:55.466-0600: 270495.886: [GC pause (G1 Evacuation Pause) (mixed), 0.0134255 secs]
   [Parallel Time: 8.0 ms, GC Workers: 14]
      [GC Worker Start (ms): Min: 270495886.5, Avg: 270495886.6, Max: 270495886.8, Diff: 0.3]
      [Ext Root Scanning (ms): Min: 0.3, Avg: 1.0, Max: 7.2, Diff: 6.9, Sum: 13.7]
      [Update RS (ms): Min: 0.0, Avg: 0.3, Max: 0.6, Diff: 0.6, Sum: 4.0]
         [Processed Buffers: Min: 0, Avg: 3.4, Max: 17, Diff: 17, Sum: 48]
      [Scan RS (ms): Min: 0.0, Avg: 0.1, Max: 0.3, Diff: 0.3, Sum: 1.6]
      [Code Root Scanning (ms): Min: 0.0, Avg: 0.0, Max: 0.0, Diff: 0.0, Sum: 0.0]
      [Object Copy (ms): Min: 0.0, Avg: 0.5, Max: 0.8, Diff: 0.8, Sum: 7.0]
      [Termination (ms): Min: 0.0, Avg: 5.2, Max: 5.7, Diff: 5.7, Sum: 72.7]
         [Termination Attempts: Min: 1, Avg: 2.7, Max: 5, Diff: 4, Sum: 38]
      [GC Worker Other (ms): Min: 0.0, Avg: 0.0, Max: 0.0, Diff: 0.0, Sum: 0.1]
      [GC Worker Total (ms): Min: 6.9, Avg: 7.1, Max: 7.3, Diff: 0.4, Sum: 99.1]
      [GC Worker End (ms): Min: 270495893.7, Avg: 270495893.7, Max: 270495893.8, Diff: 0.1]
   [Code Root Fixup: 0.0 ms]
   [Code Root Purge: 0.0 ms]
   [Clear CT: 0.4 ms]
   [Other: 5.0 ms]
      [Choose CSet: 0.0 ms]
      [Ref Proc: 4.3 ms]
      [Ref Enq: 0.2 ms]
      [Redirty Cards: 0.2 ms]
      [Humongous Register: 0.0 ms]
      [Humongous Reclaim: 0.0 ms]
      [Free CSet: 0.1 ms]
   [Eden: 5712.0M(5712.0M)->0.0B(7152.0M) Survivors: 16384.0K->16384.0K Heap: 9137.6M(14336.0M)->3416.0M(14336.0M)]
 [Times: user=0.13 sys=0.00, real=0.01 secs] 
2022-11-02T21:32:30.959-0600: 270651.380: [GC pause (G1 Evacuation Pause) (young), 0.0104150 secs]
   [Parallel Time: 5.4 ms, GC Workers: 14]
      [GC Worker Start (ms): Min: 270651379.7, Avg: 270651379.9, Max: 270651380.7, Diff: 1.0]
      [Ext Root Scanning (ms): Min: 0.0, Avg: 0.8, Max: 5.0, Diff: 5.0, Sum: 11.1]
      [Update RS (ms): Min: 0.0, Avg: 0.5, Max: 0.8, Diff: 0.8, Sum: 7.0]
         [Processed Buffers: Min: 0, Avg: 4.3, Max: 14, Diff: 14, Sum: 60]
      [Scan RS (ms): Min: 0.0, Avg: 0.0, Max: 0.1, Diff: 0.1, Sum: 0.4]
      [Code Root Scanning (ms): Min: 0.0, Avg: 0.0, Max: 0.0, Diff: 0.0, Sum: 0.0]
      [Object Copy (ms): Min: 0.0, Avg: 0.7, Max: 0.9, Diff: 0.9, Sum: 10.3]
      [Termination (ms): Min: 0.0, Avg: 2.8, Max: 3.1, Diff: 3.1, Sum: 39.6]
         [Termination Attempts: Min: 1, Avg: 1.0, Max: 1, Diff: 0, Sum: 14]
      [GC Worker Other (ms): Min: 0.0, Avg: 0.0, Max: 0.0, Diff: 0.0, Sum: 0.1]
      [GC Worker Total (ms): Min: 4.0, Avg: 4.9, Max: 5.1, Diff: 1.1, Sum: 68.5]
      [GC Worker End (ms): Min: 270651384.7, Avg: 270651384.8, Max: 270651384.9, Diff: 0.1]
   [Code Root Fixup: 0.0 ms]
   [Code Root Purge: 0.0 ms]
   [Clear CT: 0.3 ms]
   [Other: 4.7 ms]
      [Choose CSet: 0.0 ms]
      [Ref Proc: 3.9 ms]
      [Ref Enq: 0.3 ms]
      [Redirty Cards: 0.2 ms]
      [Humongous Register: 0.0 ms]
      [Humongous Reclaim: 0.0 ms]
      [Free CSet: 0.2 ms]
   [Eden: 7152.0M(7152.0M)->0.0B(7152.0M) Survivors: 16384.0K->16384.0K Heap: 10568.0M(14336.0M)->3420.6M(14336.0M)]
 [Times: user=0.08 sys=0.00, real=0.01 secs] 
2022-11-02T21:35:05.015-0600: 270805.436: [GC pause (G1 Evacuation Pause) (young) (initial-mark), 0.0131360 secs]
   [Parallel Time: 7.5 ms, GC Workers: 14]
      [GC Worker Start (ms): Min: 270805436.8, Avg: 270805436.9, Max: 270805437.1, Diff: 0.3]
      [Ext Root Scanning (ms): Min: 5.1, Avg: 5.3, Max: 5.4, Diff: 0.3, Sum: 74.0]
      [Update RS (ms): Min: 0.1, Avg: 0.2, Max: 0.3, Diff: 0.3, Sum: 3.1]
         [Processed Buffers: Min: 1, Avg: 4.4, Max: 18, Diff: 17, Sum: 62]
      [Scan RS (ms): Min: 0.0, Avg: 0.0, Max: 0.1, Diff: 0.1, Sum: 0.4]
      [Code Root Scanning (ms): Min: 0.0, Avg: 0.0, Max: 0.0, Diff: 0.0, Sum: 0.0]
      [Object Copy (ms): Min: 0.1, Avg: 0.3, Max: 0.4, Diff: 0.3, Sum: 3.7]
      [Termination (ms): Min: 0.0, Avg: 0.0, Max: 0.0, Diff: 0.0, Sum: 0.0]
         [Termination Attempts: Min: 1, Avg: 1.7, Max: 3, Diff: 2, Sum: 24]
      [GC Worker Other (ms): Min: 0.0, Avg: 0.1, Max: 0.2, Diff: 0.2, Sum: 0.8]
      [GC Worker Total (ms): Min: 5.7, Avg: 5.9, Max: 6.0, Diff: 0.3, Sum: 82.1]
      [GC Worker End (ms): Min: 270805442.7, Avg: 270805442.8, Max: 270805442.9, Diff: 0.2]
   [Code Root Fixup: 0.0 ms]
   [Code Root Purge: 0.0 ms]
   [Clear CT: 0.3 ms]
   [Other: 5.4 ms]
      [Choose CSet: 0.0 ms]
      [Ref Proc: 4.5 ms]
      [Ref Enq: 0.3 ms]
      [Redirty Cards: 0.2 ms]
      [Humongous Register: 0.0 ms]
      [Humongous Reclaim: 0.0 ms]
      [Free CSet: 0.2 ms]
   [Eden: 7152.0M(7152.0M)->0.0B(7152.0M) Survivors: 16384.0K->16384.0K Heap: 10572.6M(14336.0M)->3422.3M(14336.0M)]
 [Times: user=0.08 sys=0.00, real=0.01 secs] 
2022-11-02T21:35:05.028-0600: 270805.449: [GC concurrent-root-region-scan-start]
2022-11-02T21:35:05.032-0600: 270805.453: [GC concurrent-root-region-scan-end, 0.0038403 secs]
2022-11-02T21:35:05.032-0600: 270805.453: [GC concurrent-mark-start]
2022-11-02T21:35:05.594-0600: 270806.015: [GC concurrent-mark-end, 0.5620339 secs]
2022-11-02T21:35:05.595-0600: 270806.015: [GC remark 2022-11-02T21:35:05.595-0600: 270806.015: [Finalize Marking, 0.0009156 secs] 2022-11-02T21:35:05.595-0600: 270806.016: [GC ref-proc, 0.0088120 secs] 2022-11-02T21:35:05.604-0600: 270806.025: [Unloading, 0.0223009 secs], 0.0342177 secs]
 [Times: user=0.31 sys=0.00, real=0.03 secs] 
2022-11-02T21:35:05.629-0600: 270806.049: [GC cleanup 3454M->3454M(14336M), 0.0056763 secs]
 [Times: user=0.06 sys=0.00, real=0.01 secs] 
2022-11-02T21:37:39.707-0600: 270960.127: [GC pause (G1 Evacuation Pause) (young), 0.0107980 secs]
   [Parallel Time: 4.9 ms, GC Workers: 14]
      [GC Worker Start (ms): Min: 270960126.9, Avg: 270960127.1, Max: 270960127.2, Diff: 0.3]
      [Ext Root Scanning (ms): Min: 0.3, Avg: 0.8, Max: 4.5, Diff: 4.2, Sum: 11.4]
      [Update RS (ms): Min: 0.0, Avg: 0.3, Max: 0.5, Diff: 0.5, Sum: 3.7]
         [Processed Buffers: Min: 0, Avg: 4.6, Max: 28, Diff: 28, Sum: 64]
      [Scan RS (ms): Min: 0.0, Avg: 0.0, Max: 0.1, Diff: 0.1, Sum: 0.4]
      [Code Root Scanning (ms): Min: 0.0, Avg: 0.0, Max: 0.0, Diff: 0.0, Sum: 0.0]
      [Object Copy (ms): Min: 0.0, Avg: 0.2, Max: 0.3, Diff: 0.3, Sum: 3.3]
      [Termination (ms): Min: 0.0, Avg: 3.1, Max: 3.4, Diff: 3.4, Sum: 42.8]
         [Termination Attempts: Min: 1, Avg: 2.9, Max: 5, Diff: 4, Sum: 40]
      [GC Worker Other (ms): Min: 0.0, Avg: 0.0, Max: 0.0, Diff: 0.0, Sum: 0.1]
      [GC Worker Total (ms): Min: 4.3, Avg: 4.4, Max: 4.6, Diff: 0.4, Sum: 61.8]
      [GC Worker End (ms): Min: 270960131.4, Avg: 270960131.5, Max: 270960131.6, Diff: 0.1]
   [Code Root Fixup: 0.0 ms]
   [Code Root Purge: 0.0 ms]
   [Clear CT: 1.1 ms]
   [Other: 4.9 ms]
      [Choose CSet: 0.0 ms]
      [Ref Proc: 3.9 ms]
      [Ref Enq: 0.4 ms]
      [Redirty Cards: 0.2 ms]
      [Humongous Register: 0.0 ms]
      [Humongous Reclaim: 0.0 ms]
      [Free CSet: 0.2 ms]
   [Eden: 7152.0M(7152.0M)->0.0B(7152.0M) Survivors: 16384.0K->16384.0K Heap: 10574.3M(14336.0M)->3418.2M(14336.0M)]
 [Times: user=0.08 sys=0.00, real=0.01 secs] 
2022-11-02T21:40:16.124-0600: 271116.544: [GC pause (G1 Evacuation Pause) (young), 0.0102986 secs]
   [Parallel Time: 4.8 ms, GC Workers: 14]
      [GC Worker Start (ms): Min: 271116544.3, Avg: 271116544.4, Max: 271116544.8, Diff: 0.5]
      [Ext Root Scanning (ms): Min: 0.0, Avg: 0.7, Max: 4.3, Diff: 4.3, Sum: 10.0]
      [Update RS (ms): Min: 0.0, Avg: 0.2, Max: 0.5, Diff: 0.5, Sum: 3.2]
         [Processed Buffers: Min: 0, Avg: 3.6, Max: 14, Diff: 14, Sum: 51]
      [Scan RS (ms): Min: 0.0, Avg: 0.0, Max: 0.1, Diff: 0.1, Sum: 0.5]
      [Code Root Scanning (ms): Min: 0.0, Avg: 0.0, Max: 0.0, Diff: 0.0, Sum: 0.0]
      [Object Copy (ms): Min: 0.0, Avg: 0.2, Max: 0.3, Diff: 0.3, Sum: 2.8]
      [Termination (ms): Min: 0.0, Avg: 3.1, Max: 3.4, Diff: 3.4, Sum: 43.1]
         [Termination Attempts: Min: 1, Avg: 14.9, Max: 24, Diff: 23, Sum: 209]
      [GC Worker Other (ms): Min: 0.0, Avg: 0.0, Max: 0.0, Diff: 0.0, Sum: 0.1]
      [GC Worker Total (ms): Min: 3.8, Avg: 4.3, Max: 4.5, Diff: 0.6, Sum: 59.7]
      [GC Worker End (ms): Min: 271116548.6, Avg: 271116548.7, Max: 271116548.8, Diff: 0.1]
   [Code Root Fixup: 0.0 ms]
   [Code Root Purge: 0.0 ms]
   [Clear CT: 0.2 ms]
   [Other: 5.3 ms]
      [Choose CSet: 0.0 ms]
      [Ref Proc: 4.4 ms]
      [Ref Enq: 0.3 ms]
      [Redirty Cards: 0.2 ms]
      [Humongous Register: 0.0 ms]
      [Humongous Reclaim: 0.0 ms]
      [Free CSet: 0.2 ms]
   [Eden: 7152.0M(7152.0M)->0.0B(7152.0M) Survivors: 16384.0K->16384.0K Heap: 10570.2M(14336.0M)->3417.7M(14336.0M)]
 [Times: user=0.08 sys=0.00, real=0.01 secs] 
2022-11-02T21:42:50.979-0600: 271271.400: [GC pause (G1 Evacuation Pause) (young) (initial-mark), 0.0120269 secs]
   [Parallel Time: 7.0 ms, GC Workers: 14]
      [GC Worker Start (ms): Min: 271271401.3, Avg: 271271401.5, Max: 271271401.6, Diff: 0.3]
      [Ext Root Scanning (ms): Min: 4.3, Avg: 4.5, Max: 4.7, Diff: 0.3, Sum: 62.7]
      [Update RS (ms): Min: 0.1, Avg: 0.2, Max: 0.4, Diff: 0.3, Sum: 3.1]
         [Processed Buffers: Min: 1, Avg: 3.9, Max: 29, Diff: 28, Sum: 55]
      [Scan RS (ms): Min: 0.0, Avg: 0.0, Max: 0.1, Diff: 0.1, Sum: 0.3]
      [Code Root Scanning (ms): Min: 0.0, Avg: 0.0, Max: 0.0, Diff: 0.0, Sum: 0.0]
      [Object Copy (ms): Min: 0.1, Avg: 0.2, Max: 0.3, Diff: 0.3, Sum: 2.9]
      [Termination (ms): Min: 0.0, Avg: 0.0, Max: 0.0, Diff: 0.0, Sum: 0.0]
         [Termination Attempts: Min: 1, Avg: 1.0, Max: 1, Diff: 0, Sum: 14]
      [GC Worker Other (ms): Min: 0.0, Avg: 0.1, Max: 0.2, Diff: 0.2, Sum: 0.9]
      [GC Worker Total (ms): Min: 4.8, Avg: 5.0, Max: 5.2, Diff: 0.3, Sum: 69.9]
      [GC Worker End (ms): Min: 271271406.4, Avg: 271271406.5, Max: 271271406.6, Diff: 0.2]
   [Code Root Fixup: 0.0 ms]
   [Code Root Purge: 0.0 ms]
   [Clear CT: 0.3 ms]
   [Other: 4.7 ms]
      [Choose CSet: 0.0 ms]
      [Ref Proc: 3.9 ms]
      [Ref Enq: 0.3 ms]
      [Redirty Cards: 0.2 ms]
      [Humongous Register: 0.0 ms]
      [Humongous Reclaim: 0.0 ms]
      [Free CSet: 0.2 ms]
   [Eden: 7152.0M(7152.0M)->0.0B(7152.0M) Survivors: 16384.0K->16384.0K Heap: 10569.7M(14336.0M)->3417.6M(14336.0M)]
 [Times: user=0.07 sys=0.00, real=0.01 secs] 
2022-11-02T21:42:50.991-0600: 271271.412: [GC concurrent-root-region-scan-start]
2022-11-02T21:42:50.996-0600: 271271.416: [GC concurrent-root-region-scan-end, 0.0041888 secs]
2022-11-02T21:42:50.996-0600: 271271.416: [GC concurrent-mark-start]
2022-11-02T21:42:51.566-0600: 271271.986: [GC concurrent-mark-end, 0.5702332 secs]
2022-11-02T21:42:51.566-0600: 271271.986: [GC remark 2022-11-02T21:42:51.566-0600: 271271.987: [Finalize Marking, 0.0009033 secs] 2022-11-02T21:42:51.567-0600: 271271.988: [GC ref-proc, 0.0083524 secs] 2022-11-02T21:42:51.576-0600: 271271.996: [Unloading, 0.0213786 secs], 0.0335593 secs]
 [Times: user=0.32 sys=0.00, real=0.03 secs] 
2022-11-02T21:42:51.600-0600: 271272.020: [GC cleanup 3449M->3449M(14336M), 0.0067213 secs]
 [Times: user=0.06 sys=0.00, real=0.01 secs] 
2022-11-02T21:45:26.812-0600: 271427.232: [GC pause (G1 Evacuation Pause) (young), 0.0269758 secs]
   [Parallel Time: 4.9 ms, GC Workers: 14]
      [GC Worker Start (ms): Min: 271427232.0, Avg: 271427232.1, Max: 271427232.2, Diff: 0.3]
      [Ext Root Scanning (ms): Min: 0.3, Avg: 0.7, Max: 4.5, Diff: 4.2, Sum: 10.1]
      [Update RS (ms): Min: 0.0, Avg: 0.2, Max: 0.5, Diff: 0.5, Sum: 3.3]
         [Processed Buffers: Min: 0, Avg: 3.9, Max: 11, Diff: 11, Sum: 55]
      [Scan RS (ms): Min: 0.0, Avg: 0.0, Max: 0.1, Diff: 0.1, Sum: 0.5]
      [Code Root Scanning (ms): Min: 0.0, Avg: 0.0, Max: 0.0, Diff: 0.0, Sum: 0.0]
      [Object Copy (ms): Min: 0.0, Avg: 0.2, Max: 0.3, Diff: 0.3, Sum: 2.8]
      [Termination (ms): Min: 0.0, Avg: 3.2, Max: 3.5, Diff: 3.5, Sum: 44.5]
         [Termination Attempts: Min: 1, Avg: 1.4, Max: 3, Diff: 2, Sum: 20]
      [GC Worker Other (ms): Min: 0.0, Avg: 0.0, Max: 0.0, Diff: 0.0, Sum: 0.1]
      [GC Worker Total (ms): Min: 4.2, Avg: 4.4, Max: 4.5, Diff: 0.3, Sum: 61.3]
      [GC Worker End (ms): Min: 271427236.4, Avg: 271427236.5, Max: 271427236.6, Diff: 0.2]
   [Code Root Fixup: 0.0 ms]
   [Code Root Purge: 0.0 ms]
   [Clear CT: 0.4 ms]
   [Other: 21.6 ms]
      [Choose CSet: 0.0 ms]
      [Ref Proc: 20.8 ms]
      [Ref Enq: 0.3 ms]
      [Redirty Cards: 0.2 ms]
      [Humongous Register: 0.0 ms]
      [Humongous Reclaim: 0.0 ms]
      [Free CSet: 0.2 ms]
   [Eden: 7152.0M(7152.0M)->0.0B(7152.0M) Survivors: 16384.0K->16384.0K Heap: 10569.6M(14336.0M)->3417.6M(14336.0M)]
 [Times: user=0.16 sys=0.00, real=0.03 secs] 
2022-11-02T21:48:01.565-0600: 271581.985: [GC pause (G1 Evacuation Pause) (young), 0.0091208 secs]
   [Parallel Time: 3.3 ms, GC Workers: 14]
      [GC Worker Start (ms): Min: 271581985.6, Avg: 271581985.7, Max: 271581985.9, Diff: 0.3]
      [Ext Root Scanning (ms): Min: 0.3, Avg: 0.7, Max: 3.1, Diff: 2.8, Sum: 9.4]
      [Update RS (ms): Min: 0.0, Avg: 0.2, Max: 0.4, Diff: 0.4, Sum: 3.1]
         [Processed Buffers: Min: 0, Avg: 3.7, Max: 29, Diff: 29, Sum: 52]
      [Scan RS (ms): Min: 0.0, Avg: 0.0, Max: 0.1, Diff: 0.1, Sum: 0.3]
      [Code Root Scanning (ms): Min: 0.0, Avg: 0.0, Max: 0.0, Diff: 0.0, Sum: 0.0]
      [Object Copy (ms): Min: 0.0, Avg: 0.2, Max: 0.3, Diff: 0.3, Sum: 3.0]
      [Termination (ms): Min: 0.0, Avg: 1.9, Max: 2.1, Diff: 2.1, Sum: 26.7]
         [Termination Attempts: Min: 1, Avg: 12.3, Max: 20, Diff: 19, Sum: 172]
      [GC Worker Other (ms): Min: 0.0, Avg: 0.0, Max: 0.0, Diff: 0.0, Sum: 0.1]
      [GC Worker Total (ms): Min: 2.9, Avg: 3.0, Max: 3.2, Diff: 0.3, Sum: 42.5]
      [GC Worker End (ms): Min: 271581988.7, Avg: 271581988.8, Max: 271581988.8, Diff: 0.1]
   [Code Root Fixup: 0.0 ms]
   [Code Root Purge: 0.0 ms]
   [Clear CT: 0.4 ms]
   [Other: 5.4 ms]
      [Choose CSet: 0.0 ms]
      [Ref Proc: 4.6 ms]
      [Ref Enq: 0.3 ms]
      [Redirty Cards: 0.2 ms]
      [Humongous Register: 0.0 ms]
      [Humongous Reclaim: 0.0 ms]
      [Free CSet: 0.2 ms]
   [Eden: 7152.0M(7152.0M)->0.0B(7152.0M) Survivors: 16384.0K->16384.0K Heap: 10569.6M(14336.0M)->3417.6M(14336.0M)]
 [Times: user=0.07 sys=0.00, real=0.01 secs] 
2022-11-02T21:50:37.115-0600: 271737.536: [GC pause (G1 Evacuation Pause) (young) (initial-mark), 0.0124733 secs]
   [Parallel Time: 7.6 ms, GC Workers: 14]
      [GC Worker Start (ms): Min: 271737537.2, Avg: 271737537.4, Max: 271737537.5, Diff: 0.3]
      [Ext Root Scanning (ms): Min: 5.1, Avg: 5.3, Max: 5.4, Diff: 0.3, Sum: 73.8]
      [Update RS (ms): Min: 0.1, Avg: 0.2, Max: 0.4, Diff: 0.3, Sum: 3.1]
         [Processed Buffers: Min: 1, Avg: 4.3, Max: 23, Diff: 22, Sum: 60]
      [Scan RS (ms): Min: 0.0, Avg: 0.0, Max: 0.1, Diff: 0.1, Sum: 0.5]
      [Code Root Scanning (ms): Min: 0.0, Avg: 0.0, Max: 0.0, Diff: 0.0, Sum: 0.0]
      [Object Copy (ms): Min: 0.1, Avg: 0.2, Max: 0.3, Diff: 0.2, Sum: 3.0]
      [Termination (ms): Min: 0.0, Avg: 0.0, Max: 0.0, Diff: 0.0, Sum: 0.0]
         [Termination Attempts: Min: 1, Avg: 1.0, Max: 1, Diff: 0, Sum: 14]
      [GC Worker Other (ms): Min: 0.0, Avg: 0.1, Max: 0.2, Diff: 0.2, Sum: 1.0]
      [GC Worker Total (ms): Min: 5.6, Avg: 5.8, Max: 6.0, Diff: 0.4, Sum: 81.4]
      [GC Worker End (ms): Min: 271737543.1, Avg: 271737543.2, Max: 271737543.3, Diff: 0.2]
   [Code Root Fixup: 0.0 ms]
   [Code Root Purge: 0.0 ms]
   [Clear CT: 0.4 ms]
   [Other: 4.5 ms]
      [Choose CSet: 0.0 ms]
      [Ref Proc: 3.6 ms]
      [Ref Enq: 0.3 ms]
      [Redirty Cards: 0.2 ms]
      [Humongous Register: 0.0 ms]
      [Humongous Reclaim: 0.0 ms]
      [Free CSet: 0.2 ms]
   [Eden: 7152.0M(7152.0M)->0.0B(7152.0M) Survivors: 16384.0K->16384.0K Heap: 10569.6M(14336.0M)->3417.7M(14336.0M)]
 [Times: user=0.08 sys=0.00, real=0.01 secs] 
2022-11-02T21:50:37.128-0600: 271737.548: [GC concurrent-root-region-scan-start]
2022-11-02T21:50:37.132-0600: 271737.552: [GC concurrent-root-region-scan-end, 0.0038744 secs]
2022-11-02T21:50:37.132-0600: 271737.552: [GC concurrent-mark-start]
2022-11-02T21:50:37.701-0600: 271738.121: [GC concurrent-mark-end, 0.5687240 secs]
2022-11-02T21:50:37.701-0600: 271738.121: [GC remark 2022-11-02T21:50:37.701-0600: 271738.121: [Finalize Marking, 0.0006915 secs] 2022-11-02T21:50:37.702-0600: 271738.122: [GC ref-proc, 0.0068573 secs] 2022-11-02T21:50:37.708-0600: 271738.129: [Unloading, 0.0241118 secs], 0.0341700 secs]
 [Times: user=0.33 sys=0.00, real=0.03 secs] 
2022-11-02T21:50:37.735-0600: 271738.155: [GC cleanup 3481M->3481M(14336M), 0.0062602 secs]
 [Times: user=0.05 sys=0.00, real=0.01 secs] 
2022-11-02T21:53:10.971-0600: 271891.392: [GC pause (G1 Evacuation Pause) (young), 0.0100043 secs]
   [Parallel Time: 4.7 ms, GC Workers: 14]
      [GC Worker Start (ms): Min: 271891391.8, Avg: 271891392.0, Max: 271891392.1, Diff: 0.3]
      [Ext Root Scanning (ms): Min: 0.3, Avg: 0.7, Max: 4.5, Diff: 4.2, Sum: 10.4]
      [Update RS (ms): Min: 0.0, Avg: 0.2, Max: 0.5, Diff: 0.5, Sum: 3.4]
         [Processed Buffers: Min: 0, Avg: 4.1, Max: 15, Diff: 15, Sum: 57]
      [Scan RS (ms): Min: 0.0, Avg: 0.0, Max: 0.1, Diff: 0.1, Sum: 0.4]
      [Code Root Scanning (ms): Min: 0.0, Avg: 0.0, Max: 0.0, Diff: 0.0, Sum: 0.0]
      [Object Copy (ms): Min: 0.0, Avg: 0.2, Max: 0.3, Diff: 0.3, Sum: 2.9]
      [Termination (ms): Min: 0.0, Avg: 3.1, Max: 3.4, Diff: 3.4, Sum: 43.7]
         [Termination Attempts: Min: 1, Avg: 4.1, Max: 8, Diff: 7, Sum: 58]
      [GC Worker Other (ms): Min: 0.0, Avg: 0.0, Max: 0.0, Diff: 0.0, Sum: 0.1]
      [GC Worker Total (ms): Min: 4.2, Avg: 4.3, Max: 4.5, Diff: 0.3, Sum: 60.9]
      [GC Worker End (ms): Min: 271891396.3, Avg: 271891396.3, Max: 271891396.4, Diff: 0.1]
   [Code Root Fixup: 0.0 ms]
   [Code Root Purge: 0.0 ms]
   [Clear CT: 0.4 ms]
   [Other: 4.9 ms]
      [Choose CSet: 0.0 ms]
      [Ref Proc: 4.3 ms]
      [Ref Enq: 0.2 ms]
      [Redirty Cards: 0.2 ms]
      [Humongous Register: 0.0 ms]
      [Humongous Reclaim: 0.0 ms]
      [Free CSet: 0.1 ms]
   [Eden: 7152.0M(7152.0M)->0.0B(7152.0M) Survivors: 16384.0K->16384.0K Heap: 10569.7M(14336.0M)->3417.8M(14336.0M)]
 [Times: user=0.08 sys=0.00, real=0.02 secs] 
2022-11-02T21:55:46.918-0600: 272047.339: [GC pause (G1 Evacuation Pause) (young), 0.0096911 secs]
   [Parallel Time: 4.6 ms, GC Workers: 14]
      [GC Worker Start (ms): Min: 272047338.8, Avg: 272047338.9, Max: 272047339.0, Diff: 0.2]
      [Ext Root Scanning (ms): Min: 0.3, Avg: 0.7, Max: 4.3, Diff: 4.0, Sum: 10.2]
      [Update RS (ms): Min: 0.0, Avg: 0.2, Max: 0.4, Diff: 0.4, Sum: 2.6]
         [Processed Buffers: Min: 0, Avg: 3.6, Max: 35, Diff: 35, Sum: 51]
      [Scan RS (ms): Min: 0.0, Avg: 0.0, Max: 0.1, Diff: 0.1, Sum: 0.4]
      [Code Root Scanning (ms): Min: 0.0, Avg: 0.0, Max: 0.0, Diff: 0.0, Sum: 0.0]
      [Object Copy (ms): Min: 0.0, Avg: 0.2, Max: 0.2, Diff: 0.2, Sum: 2.4]
      [Termination (ms): Min: 0.0, Avg: 3.1, Max: 3.4, Diff: 3.4, Sum: 43.4]
         [Termination Attempts: Min: 1, Avg: 1.1, Max: 2, Diff: 1, Sum: 15]
      [GC Worker Other (ms): Min: 0.0, Avg: 0.0, Max: 0.0, Diff: 0.0, Sum: 0.1]
      [GC Worker Total (ms): Min: 4.1, Avg: 4.2, Max: 4.3, Diff: 0.2, Sum: 59.1]
      [GC Worker End (ms): Min: 272047343.1, Avg: 272047343.1, Max: 272047343.2, Diff: 0.0]
   [Code Root Fixup: 0.0 ms]
   [Code Root Purge: 0.0 ms]
   [Clear CT: 0.4 ms]
   [Other: 4.7 ms]
      [Choose CSet: 0.0 ms]
      [Ref Proc: 4.1 ms]
      [Ref Enq: 0.2 ms]
      [Redirty Cards: 0.2 ms]
      [Humongous Register: 0.0 ms]
      [Humongous Reclaim: 0.0 ms]
      [Free CSet: 0.1 ms]
   [Eden: 7152.0M(7152.0M)->0.0B(7152.0M) Survivors: 16384.0K->16384.0K Heap: 10569.8M(14336.0M)->3418.6M(14336.0M)]
 [Times: user=0.08 sys=0.00, real=0.01 secs] 
2022-11-02T21:58:20.667-0600: 272201.088: [GC pause (G1 Evacuation Pause) (young) (initial-mark), 0.0125290 secs]
   [Parallel Time: 6.9 ms, GC Workers: 14]
      [GC Worker Start (ms): Min: 272201089.2, Avg: 272201089.4, Max: 272201089.6, Diff: 0.4]
      [Ext Root Scanning (ms): Min: 4.1, Avg: 4.3, Max: 4.5, Diff: 0.4, Sum: 60.5]
      [Update RS (ms): Min: 0.1, Avg: 0.2, Max: 0.3, Diff: 0.2, Sum: 3.1]
         [Processed Buffers: Min: 1, Avg: 4.6, Max: 22, Diff: 21, Sum: 64]
      [Scan RS (ms): Min: 0.0, Avg: 0.0, Max: 0.1, Diff: 0.1, Sum: 0.4]
      [Code Root Scanning (ms): Min: 0.0, Avg: 0.0, Max: 0.0, Diff: 0.0, Sum: 0.0]
      [Object Copy (ms): Min: 0.1, Avg: 0.2, Max: 0.3, Diff: 0.2, Sum: 3.0]
      [Termination (ms): Min: 0.0, Avg: 0.0, Max: 0.0, Diff: 0.0, Sum: 0.0]
         [Termination Attempts: Min: 1, Avg: 1.1, Max: 2, Diff: 1, Sum: 15]
      [GC Worker Other (ms): Min: 0.0, Avg: 0.1, Max: 0.2, Diff: 0.2, Sum: 1.0]
      [GC Worker Total (ms): Min: 4.6, Avg: 4.9, Max: 5.1, Diff: 0.6, Sum: 68.0]
      [GC Worker End (ms): Min: 272201094.2, Avg: 272201094.2, Max: 272201094.4, Diff: 0.2]
   [Code Root Fixup: 0.0 ms]
   [Code Root Purge: 0.0 ms]
   [Clear CT: 0.4 ms]
   [Other: 5.2 ms]
      [Choose CSet: 0.0 ms]
      [Ref Proc: 4.4 ms]
      [Ref Enq: 0.2 ms]
      [Redirty Cards: 0.2 ms]
      [Humongous Register: 0.0 ms]
      [Humongous Reclaim: 0.0 ms]
      [Free CSet: 0.2 ms]
   [Eden: 7152.0M(7152.0M)->0.0B(7152.0M) Survivors: 16384.0K->16384.0K Heap: 10570.6M(14336.0M)->3418.2M(14336.0M)]
 [Times: user=0.08 sys=0.00, real=0.01 secs] 
2022-11-02T21:58:20.680-0600: 272201.100: [GC concurrent-root-region-scan-start]
2022-11-02T21:58:20.684-0600: 272201.104: [GC concurrent-root-region-scan-end, 0.0036981 secs]
2022-11-02T21:58:20.684-0600: 272201.104: [GC concurrent-mark-start]
2022-11-02T21:58:21.238-0600: 272201.658: [GC concurrent-mark-end, 0.5545577 secs]
2022-11-02T21:58:21.238-0600: 272201.659: [GC remark 2022-11-02T21:58:21.238-0600: 272201.659: [Finalize Marking, 0.0006406 secs] 2022-11-02T21:58:21.239-0600: 272201.659: [GC ref-proc, 0.0082230 secs] 2022-11-02T21:58:21.247-0600: 272201.667: [Unloading, 0.0217042 secs], 0.0329121 secs]
 [Times: user=0.32 sys=0.00, real=0.03 secs] 
2022-11-02T21:58:21.272-0600: 272201.692: [GC cleanup 3458M->3458M(14336M), 0.0068693 secs]
 [Times: user=0.05 sys=0.00, real=0.01 secs] 
2022-11-02T22:00:54.465-0600: 272354.885: [GC pause (G1 Evacuation Pause) (young), 0.0208850 secs]
   [Parallel Time: 7.1 ms, GC Workers: 14]
      [GC Worker Start (ms): Min: 272354885.5, Avg: 272354885.7, Max: 272354885.8, Diff: 0.3]
      [Ext Root Scanning (ms): Min: 0.4, Avg: 0.9, Max: 5.8, Diff: 5.4, Sum: 13.2]
      [Update RS (ms): Min: 0.0, Avg: 0.2, Max: 0.5, Diff: 0.5, Sum: 3.4]
         [Processed Buffers: Min: 0, Avg: 4.5, Max: 23, Diff: 23, Sum: 63]
      [Scan RS (ms): Min: 0.0, Avg: 0.0, Max: 0.1, Diff: 0.1, Sum: 0.5]
      [Code Root Scanning (ms): Min: 0.0, Avg: 0.0, Max: 0.0, Diff: 0.0, Sum: 0.0]
      [Object Copy (ms): Min: 0.0, Avg: 0.2, Max: 0.3, Diff: 0.3, Sum: 3.1]
      [Termination (ms): Min: 0.0, Avg: 4.2, Max: 4.7, Diff: 4.7, Sum: 58.9]
         [Termination Attempts: Min: 1, Avg: 5.6, Max: 8, Diff: 7, Sum: 78]
      [GC Worker Other (ms): Min: 0.0, Avg: 0.0, Max: 0.0, Diff: 0.0, Sum: 0.1]
      [GC Worker Total (ms): Min: 5.5, Avg: 5.7, Max: 5.8, Diff: 0.3, Sum: 79.2]
      [GC Worker End (ms): Min: 272354891.3, Avg: 272354891.3, Max: 272354891.4, Diff: 0.1]
   [Code Root Fixup: 0.0 ms]
   [Code Root Purge: 0.0 ms]
   [Clear CT: 0.4 ms]
   [Other: 13.4 ms]
      [Choose CSet: 0.0 ms]
      [Ref Proc: 12.5 ms]
      [Ref Enq: 0.3 ms]
      [Redirty Cards: 0.3 ms]
      [Humongous Register: 0.0 ms]
      [Humongous Reclaim: 0.0 ms]
      [Free CSet: 0.2 ms]
   [Eden: 7152.0M(7152.0M)->0.0B(7152.0M) Survivors: 16384.0K->16384.0K Heap: 10570.2M(14336.0M)->3418.0M(14336.0M)]
 [Times: user=0.14 sys=0.00, real=0.02 secs] 
2022-11-02T22:03:30.117-0600: 272510.537: [GC pause (G1 Evacuation Pause) (young), 0.0104569 secs]
   [Parallel Time: 4.9 ms, GC Workers: 14]
      [GC Worker Start (ms): Min: 272510537.2, Avg: 272510537.4, Max: 272510537.5, Diff: 0.3]
      [Ext Root Scanning (ms): Min: 0.3, Avg: 0.8, Max: 4.5, Diff: 4.2, Sum: 10.6]
      [Update RS (ms): Min: 0.0, Avg: 0.2, Max: 0.4, Diff: 0.4, Sum: 2.7]
         [Processed Buffers: Min: 0, Avg: 4.1, Max: 21, Diff: 21, Sum: 58]
      [Scan RS (ms): Min: 0.0, Avg: 0.0, Max: 0.1, Diff: 0.1, Sum: 0.4]
      [Code Root Scanning (ms): Min: 0.0, Avg: 0.0, Max: 0.0, Diff: 0.0, Sum: 0.0]
      [Object Copy (ms): Min: 0.0, Avg: 0.2, Max: 0.3, Diff: 0.3, Sum: 2.6]
      [Termination (ms): Min: 0.0, Avg: 3.2, Max: 3.6, Diff: 3.6, Sum: 45.3]
         [Termination Attempts: Min: 1, Avg: 5.6, Max: 11, Diff: 10, Sum: 78]
      [GC Worker Other (ms): Min: 0.0, Avg: 0.0, Max: 0.0, Diff: 0.0, Sum: 0.1]
      [GC Worker Total (ms): Min: 4.3, Avg: 4.4, Max: 4.5, Diff: 0.2, Sum: 61.7]
      [GC Worker End (ms): Min: 272510541.8, Avg: 272510541.8, Max: 272510541.9, Diff: 0.2]
   [Code Root Fixup: 0.0 ms]
   [Code Root Purge: 0.0 ms]
   [Clear CT: 0.4 ms]
   [Other: 5.1 ms]
      [Choose CSet: 0.0 ms]
      [Ref Proc: 4.2 ms]
      [Ref Enq: 0.4 ms]
      [Redirty Cards: 0.2 ms]
      [Humongous Register: 0.0 ms]
      [Humongous Reclaim: 0.0 ms]
      [Free CSet: 0.2 ms]
   [Eden: 7152.0M(7152.0M)->0.0B(7152.0M) Survivors: 16384.0K->16384.0K Heap: 10570.0M(14336.0M)->3418.7M(14336.0M)]
 [Times: user=0.08 sys=0.00, real=0.01 secs] 
2022-11-02T22:06:07.366-0600: 272667.787: [GC pause (G1 Evacuation Pause) (young) (initial-mark), 0.0119821 secs]
   [Parallel Time: 6.8 ms, GC Workers: 14]
      [GC Worker Start (ms): Min: 272667788.0, Avg: 272667788.1, Max: 272667788.2, Diff: 0.2]
      [Ext Root Scanning (ms): Min: 4.6, Avg: 4.8, Max: 4.9, Diff: 0.3, Sum: 66.8]
      [Update RS (ms): Min: 0.2, Avg: 0.2, Max: 0.4, Diff: 0.2, Sum: 3.2]
         [Processed Buffers: Min: 1, Avg: 4.1, Max: 17, Diff: 16, Sum: 57]
      [Scan RS (ms): Min: 0.0, Avg: 0.0, Max: 0.1, Diff: 0.1, Sum: 0.4]
      [Code Root Scanning (ms): Min: 0.0, Avg: 0.0, Max: 0.0, Diff: 0.0, Sum: 0.0]
      [Object Copy (ms): Min: 0.0, Avg: 0.2, Max: 0.3, Diff: 0.2, Sum: 3.1]
      [Termination (ms): Min: 0.0, Avg: 0.0, Max: 0.0, Diff: 0.0, Sum: 0.0]
         [Termination Attempts: Min: 1, Avg: 1.4, Max: 4, Diff: 3, Sum: 20]
      [GC Worker Other (ms): Min: 0.0, Avg: 0.1, Max: 0.1, Diff: 0.1, Sum: 0.7]
      [GC Worker Total (ms): Min: 5.2, Avg: 5.3, Max: 5.4, Diff: 0.3, Sum: 74.3]
      [GC Worker End (ms): Min: 272667793.4, Avg: 272667793.4, Max: 272667793.5, Diff: 0.1]
   [Code Root Fixup: 0.0 ms]
   [Code Root Purge: 0.0 ms]
   [Clear CT: 0.6 ms]
   [Other: 4.5 ms]
      [Choose CSet: 0.0 ms]
      [Ref Proc: 3.4 ms]
      [Ref Enq: 0.7 ms]
      [Redirty Cards: 0.2 ms]
      [Humongous Register: 0.0 ms]
      [Humongous Reclaim: 0.0 ms]
      [Free CSet: 0.1 ms]
   [Eden: 7152.0M(7152.0M)->0.0B(7152.0M) Survivors: 16384.0K->16384.0K Heap: 10570.7M(14336.0M)->3418.8M(14336.0M)]
 [Times: user=0.08 sys=0.00, real=0.01 secs] 
2022-11-02T22:06:07.379-0600: 272667.799: [GC concurrent-root-region-scan-start]
2022-11-02T22:06:07.383-0600: 272667.803: [GC concurrent-root-region-scan-end, 0.0040826 secs]
2022-11-02T22:06:07.383-0600: 272667.803: [GC concurrent-mark-start]
2022-11-02T22:06:08.001-0600: 272668.421: [GC concurrent-mark-end, 0.6184077 secs]
2022-11-02T22:06:08.001-0600: 272668.421: [GC remark 2022-11-02T22:06:08.001-0600: 272668.421: [Finalize Marking, 0.0005087 secs] 2022-11-02T22:06:08.002-0600: 272668.422: [GC ref-proc, 0.0065967 secs] 2022-11-02T22:06:08.008-0600: 272668.429: [Unloading, 0.0217276 secs], 0.0311770 secs]
 [Times: user=0.33 sys=0.00, real=0.03 secs] 
2022-11-02T22:06:08.033-0600: 272668.453: [GC cleanup 3458M->3458M(14336M), 0.0050896 secs]
 [Times: user=0.05 sys=0.00, real=0.00 secs] 
2022-11-02T22:08:41.985-0600: 272822.405: [GC pause (G1 Evacuation Pause) (young), 0.0101813 secs]
   [Parallel Time: 4.7 ms, GC Workers: 14]
      [GC Worker Start (ms): Min: 272822405.2, Avg: 272822405.3, Max: 272822405.5, Diff: 0.2]
      [Ext Root Scanning (ms): Min: 0.3, Avg: 0.7, Max: 4.4, Diff: 4.1, Sum: 9.9]
      [Update RS (ms): Min: 0.0, Avg: 0.2, Max: 0.5, Diff: 0.5, Sum: 3.2]
         [Processed Buffers: Min: 0, Avg: 4.3, Max: 14, Diff: 14, Sum: 60]
      [Scan RS (ms): Min: 0.0, Avg: 0.0, Max: 0.1, Diff: 0.1, Sum: 0.5]
      [Code Root Scanning (ms): Min: 0.0, Avg: 0.0, Max: 0.0, Diff: 0.0, Sum: 0.0]
      [Object Copy (ms): Min: 0.0, Avg: 0.2, Max: 0.3, Diff: 0.3, Sum: 2.6]
      [Termination (ms): Min: 0.0, Avg: 3.2, Max: 3.5, Diff: 3.5, Sum: 44.4]
         [Termination Attempts: Min: 1, Avg: 7.0, Max: 12, Diff: 11, Sum: 98]
      [GC Worker Other (ms): Min: 0.0, Avg: 0.0, Max: 0.0, Diff: 0.0, Sum: 0.1]
      [GC Worker Total (ms): Min: 4.2, Avg: 4.3, Max: 4.6, Diff: 0.4, Sum: 60.7]
      [GC Worker End (ms): Min: 272822409.7, Avg: 272822409.7, Max: 272822409.8, Diff: 0.1]
   [Code Root Fixup: 0.0 ms]
   [Code Root Purge: 0.0 ms]
   [Clear CT: 0.4 ms]
   [Other: 5.1 ms]
      [Choose CSet: 0.0 ms]
      [Ref Proc: 4.4 ms]
      [Ref Enq: 0.2 ms]
      [Redirty Cards: 0.2 ms]
      [Humongous Register: 0.0 ms]
      [Humongous Reclaim: 0.0 ms]
      [Free CSet: 0.1 ms]
   [Eden: 7152.0M(7152.0M)->0.0B(5712.0M) Survivors: 16384.0K->16384.0K Heap: 10570.8M(14336.0M)->3418.7M(14336.0M)]
 [Times: user=0.09 sys=0.00, real=0.01 secs] 
2022-11-02T22:10:47.974-0600: 272948.395: [GC pause (G1 Evacuation Pause) (mixed), 0.0104087 secs]
   [Parallel Time: 5.8 ms, GC Workers: 14]
      [GC Worker Start (ms): Min: 272948394.6, Avg: 272948394.7, Max: 272948394.8, Diff: 0.2]
      [Ext Root Scanning (ms): Min: 0.3, Avg: 0.9, Max: 5.4, Diff: 5.1, Sum: 12.1]
      [Update RS (ms): Min: 0.0, Avg: 0.2, Max: 0.5, Diff: 0.5, Sum: 3.4]
         [Processed Buffers: Min: 0, Avg: 3.4, Max: 10, Diff: 10, Sum: 47]
      [Scan RS (ms): Min: 0.0, Avg: 0.1, Max: 0.2, Diff: 0.2, Sum: 1.5]
      [Code Root Scanning (ms): Min: 0.0, Avg: 0.0, Max: 0.0, Diff: 0.0, Sum: 0.0]
      [Object Copy (ms): Min: 0.0, Avg: 0.5, Max: 0.7, Diff: 0.7, Sum: 7.1]
      [Termination (ms): Min: 0.0, Avg: 3.6, Max: 4.0, Diff: 4.0, Sum: 50.5]
         [Termination Attempts: Min: 1, Avg: 1.7, Max: 4, Diff: 3, Sum: 24]
      [GC Worker Other (ms): Min: 0.0, Avg: 0.0, Max: 0.0, Diff: 0.0, Sum: 0.1]
      [GC Worker Total (ms): Min: 5.2, Avg: 5.3, Max: 5.5, Diff: 0.2, Sum: 74.8]
      [GC Worker End (ms): Min: 272948400.0, Avg: 272948400.0, Max: 272948400.1, Diff: 0.1]
   [Code Root Fixup: 0.0 ms]
   [Code Root Purge: 0.0 ms]
   [Clear CT: 0.4 ms]
   [Other: 4.3 ms]
      [Choose CSet: 0.0 ms]
      [Ref Proc: 3.7 ms]
      [Ref Enq: 0.2 ms]
      [Redirty Cards: 0.2 ms]
      [Humongous Register: 0.0 ms]
      [Humongous Reclaim: 0.0 ms]
      [Free CSet: 0.1 ms]
   [Eden: 5712.0M(5712.0M)->0.0B(7152.0M) Survivors: 16384.0K->16384.0K Heap: 9130.7M(14336.0M)->3409.2M(14336.0M)]
 [Times: user=0.10 sys=0.00, real=0.01 secs] 
2022-11-02T22:13:21.976-0600: 273102.396: [GC pause (G1 Evacuation Pause) (young), 0.0101261 secs]
   [Parallel Time: 5.0 ms, GC Workers: 14]
      [GC Worker Start (ms): Min: 273102395.9, Avg: 273102396.1, Max: 273102396.3, Diff: 0.4]
      [Ext Root Scanning (ms): Min: 0.2, Avg: 0.8, Max: 4.7, Diff: 4.5, Sum: 11.0]
      [Update RS (ms): Min: 0.0, Avg: 0.5, Max: 0.8, Diff: 0.8, Sum: 7.6]
         [Processed Buffers: Min: 0, Avg: 4.5, Max: 18, Diff: 18, Sum: 63]
      [Scan RS (ms): Min: 0.0, Avg: 0.0, Max: 0.1, Diff: 0.1, Sum: 0.4]
      [Code Root Scanning (ms): Min: 0.0, Avg: 0.0, Max: 0.0, Diff: 0.0, Sum: 0.0]
      [Object Copy (ms): Min: 0.0, Avg: 0.2, Max: 0.4, Diff: 0.4, Sum: 3.4]
      [Termination (ms): Min: 0.0, Avg: 3.0, Max: 3.3, Diff: 3.3, Sum: 41.8]
         [Termination Attempts: Min: 1, Avg: 2.3, Max: 4, Diff: 3, Sum: 32]
      [GC Worker Other (ms): Min: 0.0, Avg: 0.0, Max: 0.0, Diff: 0.0, Sum: 0.1]
      [GC Worker Total (ms): Min: 4.3, Avg: 4.6, Max: 4.8, Diff: 0.4, Sum: 64.3]
      [GC Worker End (ms): Min: 273102400.6, Avg: 273102400.7, Max: 273102400.7, Diff: 0.1]
   [Code Root Fixup: 0.0 ms]
   [Code Root Purge: 0.0 ms]
   [Clear CT: 0.4 ms]
   [Other: 4.8 ms]
      [Choose CSet: 0.0 ms]
      [Ref Proc: 4.1 ms]
      [Ref Enq: 0.2 ms]
      [Redirty Cards: 0.2 ms]
      [Humongous Register: 0.0 ms]
      [Humongous Reclaim: 0.0 ms]
      [Free CSet: 0.1 ms]
   [Eden: 7152.0M(7152.0M)->0.0B(7152.0M) Survivors: 16384.0K->16384.0K Heap: 10561.2M(14336.0M)->3410.0M(14336.0M)]
 [Times: user=0.08 sys=0.00, real=0.01 secs] 
2022-11-02T22:15:57.967-0600: 273258.388: [GC pause (G1 Evacuation Pause) (young) (initial-mark), 0.0133705 secs]
   [Parallel Time: 7.9 ms, GC Workers: 14]
      [GC Worker Start (ms): Min: 273258389.6, Avg: 273258389.7, Max: 273258389.9, Diff: 0.3]
      [Ext Root Scanning (ms): Min: 4.4, Avg: 4.6, Max: 4.8, Diff: 0.4, Sum: 64.3]
      [Update RS (ms): Min: 0.1, Avg: 0.2, Max: 0.4, Diff: 0.3, Sum: 3.0]
         [Processed Buffers: Min: 1, Avg: 3.7, Max: 33, Diff: 32, Sum: 52]
      [Scan RS (ms): Min: 0.0, Avg: 0.0, Max: 0.1, Diff: 0.1, Sum: 0.4]
      [Code Root Scanning (ms): Min: 0.0, Avg: 0.0, Max: 0.0, Diff: 0.0, Sum: 0.0]
      [Object Copy (ms): Min: 0.0, Avg: 0.3, Max: 0.8, Diff: 0.8, Sum: 3.8]
      [Termination (ms): Min: 0.0, Avg: 0.6, Max: 0.7, Diff: 0.7, Sum: 8.8]
         [Termination Attempts: Min: 1, Avg: 1.0, Max: 1, Diff: 0, Sum: 14]
      [GC Worker Other (ms): Min: 0.0, Avg: 0.0, Max: 0.0, Diff: 0.0, Sum: 0.1]
      [GC Worker Total (ms): Min: 5.5, Avg: 5.7, Max: 5.9, Diff: 0.5, Sum: 80.4]
      [GC Worker End (ms): Min: 273258395.4, Avg: 273258395.5, Max: 273258395.5, Diff: 0.1]
   [Code Root Fixup: 0.0 ms]
   [Code Root Purge: 0.0 ms]
   [Clear CT: 0.5 ms]
   [Other: 5.0 ms]
      [Choose CSet: 0.0 ms]
      [Ref Proc: 4.2 ms]
      [Ref Enq: 0.3 ms]
      [Redirty Cards: 0.2 ms]
      [Humongous Register: 0.0 ms]
      [Humongous Reclaim: 0.0 ms]
      [Free CSet: 0.2 ms]
   [Eden: 7152.0M(7152.0M)->0.0B(7152.0M) Survivors: 16384.0K->16384.0K Heap: 10562.0M(14336.0M)->3410.8M(14336.0M)]
 [Times: user=0.08 sys=0.00, real=0.02 secs] 
2022-11-02T22:15:57.981-0600: 273258.401: [GC concurrent-root-region-scan-start]
2022-11-02T22:15:57.985-0600: 273258.406: [GC concurrent-root-region-scan-end, 0.0043482 secs]
2022-11-02T22:15:57.985-0600: 273258.406: [GC concurrent-mark-start]
2022-11-02T22:15:58.601-0600: 273259.021: [GC concurrent-mark-end, 0.6154081 secs]
2022-11-02T22:15:58.601-0600: 273259.021: [GC remark 2022-11-02T22:15:58.601-0600: 273259.021: [Finalize Marking, 0.0006648 secs] 2022-11-02T22:15:58.602-0600: 273259.022: [GC ref-proc, 0.0086827 secs] 2022-11-02T22:15:58.610-0600: 273259.031: [Unloading, 0.0220406 secs], 0.0339765 secs]
 [Times: user=0.32 sys=0.00, real=0.03 secs] 
2022-11-02T22:15:58.635-0600: 273259.056: [GC cleanup 3450M->3450M(14336M), 0.0056015 secs]
 [Times: user=0.05 sys=0.00, real=0.01 secs] 
2022-11-02T22:18:32.990-0600: 273413.410: [GC pause (G1 Evacuation Pause) (young), 0.0080356 secs]
   [Parallel Time: 3.2 ms, GC Workers: 14]
      [GC Worker Start (ms): Min: 273413410.6, Avg: 273413410.7, Max: 273413410.8, Diff: 0.2]
      [Ext Root Scanning (ms): Min: 0.3, Avg: 0.6, Max: 3.0, Diff: 2.7, Sum: 8.8]
      [Update RS (ms): Min: 0.0, Avg: 0.2, Max: 0.5, Diff: 0.5, Sum: 3.1]
         [Processed Buffers: Min: 0, Avg: 3.7, Max: 16, Diff: 16, Sum: 52]
      [Scan RS (ms): Min: 0.0, Avg: 0.0, Max: 0.1, Diff: 0.1, Sum: 0.4]
      [Code Root Scanning (ms): Min: 0.0, Avg: 0.0, Max: 0.0, Diff: 0.0, Sum: 0.0]
      [Object Copy (ms): Min: 0.0, Avg: 0.2, Max: 0.3, Diff: 0.3, Sum: 2.8]
      [Termination (ms): Min: 0.0, Avg: 1.9, Max: 2.1, Diff: 2.1, Sum: 26.0]
         [Termination Attempts: Min: 1, Avg: 2.0, Max: 4, Diff: 3, Sum: 28]
      [GC Worker Other (ms): Min: 0.0, Avg: 0.0, Max: 0.0, Diff: 0.0, Sum: 0.1]
      [GC Worker Total (ms): Min: 2.8, Avg: 2.9, Max: 3.1, Diff: 0.3, Sum: 41.2]
      [GC Worker End (ms): Min: 273413413.6, Avg: 273413413.6, Max: 273413413.7, Diff: 0.1]
   [Code Root Fixup: 0.0 ms]
   [Code Root Purge: 0.0 ms]
   [Clear CT: 0.3 ms]
   [Other: 4.6 ms]
      [Choose CSet: 0.0 ms]
      [Ref Proc: 3.9 ms]
      [Ref Enq: 0.3 ms]
      [Redirty Cards: 0.2 ms]
      [Humongous Register: 0.0 ms]
      [Humongous Reclaim: 0.0 ms]
      [Free CSet: 0.1 ms]
   [Eden: 7152.0M(7152.0M)->0.0B(7152.0M) Survivors: 16384.0K->16384.0K Heap: 10562.8M(14336.0M)->3410.4M(14336.0M)]
 [Times: user=0.05 sys=0.00, real=0.01 secs] 
2022-11-02T22:21:09.972-0600: 273570.393: [GC pause (G1 Evacuation Pause) (young), 0.0112539 secs]
   [Parallel Time: 5.8 ms, GC Workers: 14]
      [GC Worker Start (ms): Min: 273570392.7, Avg: 273570392.9, Max: 273570393.1, Diff: 0.4]
      [Ext Root Scanning (ms): Min: 0.3, Avg: 0.8, Max: 5.4, Diff: 5.1, Sum: 11.9]
      [Update RS (ms): Min: 0.0, Avg: 0.2, Max: 0.5, Diff: 0.5, Sum: 3.3]
         [Processed Buffers: Min: 0, Avg: 3.4, Max: 13, Diff: 13, Sum: 48]
      [Scan RS (ms): Min: 0.0, Avg: 0.0, Max: 0.1, Diff: 0.1, Sum: 0.5]
      [Code Root Scanning (ms): Min: 0.0, Avg: 0.0, Max: 0.0, Diff: 0.0, Sum: 0.0]
      [Object Copy (ms): Min: 0.0, Avg: 0.2, Max: 0.3, Diff: 0.3, Sum: 2.8]
      [Termination (ms): Min: 0.0, Avg: 3.9, Max: 4.3, Diff: 4.3, Sum: 54.7]
         [Termination Attempts: Min: 1, Avg: 1.0, Max: 1, Diff: 0, Sum: 14]
      [GC Worker Other (ms): Min: 0.0, Avg: 0.0, Max: 0.0, Diff: 0.0, Sum: 0.1]
      [GC Worker Total (ms): Min: 5.0, Avg: 5.2, Max: 5.4, Diff: 0.4, Sum: 73.2]
      [GC Worker End (ms): Min: 273570398.1, Avg: 273570398.2, Max: 273570398.3, Diff: 0.1]
   [Code Root Fixup: 0.0 ms]
   [Code Root Purge: 0.0 ms]
   [Clear CT: 0.4 ms]
   [Other: 5.1 ms]
      [Choose CSet: 0.0 ms]
      [Ref Proc: 4.5 ms]
      [Ref Enq: 0.2 ms]
      [Redirty Cards: 0.2 ms]
      [Humongous Register: 0.0 ms]
      [Humongous Reclaim: 0.0 ms]
      [Free CSet: 0.1 ms]
   [Eden: 7152.0M(7152.0M)->0.0B(7152.0M) Survivors: 16384.0K->16384.0K Heap: 10562.4M(14336.0M)->3410.4M(14336.0M)]
 [Times: user=0.10 sys=0.00, real=0.01 secs] 
2022-11-02T22:23:43.982-0600: 273724.403: [GC pause (G1 Evacuation Pause) (young) (initial-mark), 0.0132673 secs]
   [Parallel Time: 8.1 ms, GC Workers: 14]
      [GC Worker Start (ms): Min: 273724404.1, Avg: 273724404.2, Max: 273724404.4, Diff: 0.3]
      [Ext Root Scanning (ms): Min: 5.7, Avg: 5.9, Max: 6.1, Diff: 0.4, Sum: 82.6]
      [Update RS (ms): Min: 0.1, Avg: 0.2, Max: 0.4, Diff: 0.4, Sum: 3.1]
         [Processed Buffers: Min: 1, Avg: 3.9, Max: 25, Diff: 24, Sum: 55]
      [Scan RS (ms): Min: 0.0, Avg: 0.0, Max: 0.1, Diff: 0.1, Sum: 0.3]
      [Code Root Scanning (ms): Min: 0.0, Avg: 0.0, Max: 0.0, Diff: 0.0, Sum: 0.0]
      [Object Copy (ms): Min: 0.1, Avg: 0.3, Max: 0.3, Diff: 0.2, Sum: 3.7]
      [Termination (ms): Min: 0.0, Avg: 0.0, Max: 0.0, Diff: 0.0, Sum: 0.1]
         [Termination Attempts: Min: 1, Avg: 4.6, Max: 7, Diff: 6, Sum: 64]
      [GC Worker Other (ms): Min: 0.0, Avg: 0.0, Max: 0.1, Diff: 0.1, Sum: 0.6]
      [GC Worker Total (ms): Min: 6.3, Avg: 6.5, Max: 6.6, Diff: 0.3, Sum: 90.3]
      [GC Worker End (ms): Min: 273724410.7, Avg: 273724410.7, Max: 273724410.7, Diff: 0.1]
   [Code Root Fixup: 0.0 ms]
   [Code Root Purge: 0.0 ms]
   [Clear CT: 0.4 ms]
   [Other: 4.7 ms]
      [Choose CSet: 0.0 ms]
      [Ref Proc: 4.0 ms]
      [Ref Enq: 0.3 ms]
      [Redirty Cards: 0.2 ms]
      [Humongous Register: 0.0 ms]
      [Humongous Reclaim: 0.0 ms]
      [Free CSet: 0.1 ms]
   [Eden: 7152.0M(7152.0M)->0.0B(7152.0M) Survivors: 16384.0K->16384.0K Heap: 10562.4M(14336.0M)->3410.5M(14336.0M)]
 [Times: user=0.08 sys=0.00, real=0.01 secs] 
2022-11-02T22:23:43.996-0600: 273724.416: [GC concurrent-root-region-scan-start]
2022-11-02T22:23:44.001-0600: 273724.422: [GC concurrent-root-region-scan-end, 0.0056587 secs]
2022-11-02T22:23:44.001-0600: 273724.422: [GC concurrent-mark-start]
2022-11-02T22:23:44.564-0600: 273724.984: [GC concurrent-mark-end, 0.5626273 secs]
2022-11-02T22:23:44.564-0600: 273724.985: [GC remark 2022-11-02T22:23:44.564-0600: 273724.985: [Finalize Marking, 0.0007609 secs] 2022-11-02T22:23:44.565-0600: 273724.985: [GC ref-proc, 0.0067151 secs] 2022-11-02T22:23:44.572-0600: 273724.992: [Unloading, 0.0222597 secs], 0.0322417 secs]
 [Times: user=0.33 sys=0.00, real=0.03 secs] 
2022-11-02T22:23:44.597-0600: 273725.017: [GC cleanup 3442M->3442M(14336M), 0.0059812 secs]
 [Times: user=0.05 sys=0.00, real=0.01 secs] 
2022-11-02T22:26:20.389-0600: 273880.810: [GC pause (G1 Evacuation Pause) (young), 0.0090961 secs]
   [Parallel Time: 3.5 ms, GC Workers: 14]
      [GC Worker Start (ms): Min: 273880809.7, Avg: 273880809.9, Max: 273880810.0, Diff: 0.3]
      [Ext Root Scanning (ms): Min: 0.3, Avg: 0.6, Max: 3.1, Diff: 2.8, Sum: 8.8]
      [Update RS (ms): Min: 0.0, Avg: 0.2, Max: 0.4, Diff: 0.4, Sum: 3.0]
         [Processed Buffers: Min: 0, Avg: 3.8, Max: 14, Diff: 14, Sum: 53]
      [Scan RS (ms): Min: 0.0, Avg: 0.0, Max: 0.1, Diff: 0.1, Sum: 0.3]
      [Code Root Scanning (ms): Min: 0.0, Avg: 0.0, Max: 0.0, Diff: 0.0, Sum: 0.0]
      [Object Copy (ms): Min: 0.0, Avg: 0.2, Max: 0.3, Diff: 0.3, Sum: 3.0]
      [Termination (ms): Min: 0.0, Avg: 1.9, Max: 2.1, Diff: 2.1, Sum: 26.5]
         [Termination Attempts: Min: 1, Avg: 7.4, Max: 14, Diff: 13, Sum: 104]
      [GC Worker Other (ms): Min: 0.0, Avg: 0.0, Max: 0.0, Diff: 0.0, Sum: 0.1]
      [GC Worker Total (ms): Min: 2.8, Avg: 3.0, Max: 3.1, Diff: 0.3, Sum: 41.7]
      [GC Worker End (ms): Min: 273880812.8, Avg: 273880812.9, Max: 273880812.9, Diff: 0.1]
   [Code Root Fixup: 0.0 ms]
   [Code Root Purge: 0.0 ms]
   [Clear CT: 0.3 ms]
   [Other: 5.3 ms]
      [Choose CSet: 0.0 ms]
      [Ref Proc: 4.5 ms]
      [Ref Enq: 0.3 ms]
      [Redirty Cards: 0.2 ms]
      [Humongous Register: 0.0 ms]
      [Humongous Reclaim: 0.0 ms]
      [Free CSet: 0.2 ms]
   [Eden: 7152.0M(7152.0M)->0.0B(7152.0M) Survivors: 16384.0K->16384.0K Heap: 10562.5M(14336.0M)->3411.1M(14336.0M)]
 [Times: user=0.06 sys=0.00, real=0.01 secs] 
2022-11-02T22:28:54.970-0600: 274035.391: [GC pause (G1 Evacuation Pause) (young), 0.0086591 secs]
   [Parallel Time: 3.8 ms, GC Workers: 14]
      [GC Worker Start (ms): Min: 274035390.8, Avg: 274035390.9, Max: 274035391.0, Diff: 0.3]
      [Ext Root Scanning (ms): Min: 0.2, Avg: 0.7, Max: 3.4, Diff: 3.2, Sum: 9.1]
      [Update RS (ms): Min: 0.0, Avg: 0.2, Max: 0.5, Diff: 0.5, Sum: 3.1]
         [Processed Buffers: Min: 0, Avg: 3.7, Max: 16, Diff: 16, Sum: 52]
      [Scan RS (ms): Min: 0.0, Avg: 0.0, Max: 0.1, Diff: 0.1, Sum: 0.4]
      [Code Root Scanning (ms): Min: 0.0, Avg: 0.0, Max: 0.0, Diff: 0.0, Sum: 0.0]
      [Object Copy (ms): Min: 0.0, Avg: 0.2, Max: 0.3, Diff: 0.3, Sum: 2.5]
      [Termination (ms): Min: 0.0, Avg: 2.3, Max: 2.6, Diff: 2.6, Sum: 31.9]
         [Termination Attempts: Min: 1, Avg: 2.7, Max: 5, Diff: 4, Sum: 38]
      [GC Worker Other (ms): Min: 0.0, Avg: 0.0, Max: 0.0, Diff: 0.0, Sum: 0.1]
      [GC Worker Total (ms): Min: 3.2, Avg: 3.4, Max: 3.5, Diff: 0.3, Sum: 47.1]
      [GC Worker End (ms): Min: 274035394.2, Avg: 274035394.2, Max: 274035394.3, Diff: 0.1]
   [Code Root Fixup: 0.0 ms]
   [Code Root Purge: 0.0 ms]
   [Clear CT: 0.4 ms]
   [Other: 4.5 ms]
      [Choose CSet: 0.0 ms]
      [Ref Proc: 3.6 ms]
      [Ref Enq: 0.3 ms]
      [Redirty Cards: 0.2 ms]
      [Humongous Register: 0.0 ms]
      [Humongous Reclaim: 0.0 ms]
      [Free CSet: 0.2 ms]
   [Eden: 7152.0M(7152.0M)->0.0B(7152.0M) Survivors: 16384.0K->16384.0K Heap: 10563.1M(14336.0M)->3410.8M(14336.0M)]
 [Times: user=0.07 sys=0.00, real=0.01 secs] 
2022-11-02T22:31:31.818-0600: 274192.238: [GC pause (G1 Evacuation Pause) (young) (initial-mark), 0.0112123 secs]
   [Parallel Time: 6.8 ms, GC Workers: 14]
      [GC Worker Start (ms): Min: 274192239.6, Avg: 274192239.7, Max: 274192239.8, Diff: 0.2]
      [Ext Root Scanning (ms): Min: 4.5, Avg: 4.7, Max: 4.8, Diff: 0.3, Sum: 65.3]
      [Update RS (ms): Min: 0.1, Avg: 0.3, Max: 0.5, Diff: 0.4, Sum: 4.0]
         [Processed Buffers: Min: 1, Avg: 3.6, Max: 24, Diff: 23, Sum: 51]
      [Scan RS (ms): Min: 0.0, Avg: 0.0, Max: 0.1, Diff: 0.1, Sum: 0.4]
      [Code Root Scanning (ms): Min: 0.0, Avg: 0.0, Max: 0.0, Diff: 0.0, Sum: 0.0]
      [Object Copy (ms): Min: 0.1, Avg: 0.3, Max: 0.4, Diff: 0.3, Sum: 3.6]
      [Termination (ms): Min: 0.0, Avg: 0.0, Max: 0.0, Diff: 0.0, Sum: 0.0]
         [Termination Attempts: Min: 1, Avg: 1.0, Max: 1, Diff: 0, Sum: 14]
      [GC Worker Other (ms): Min: 0.0, Avg: 0.1, Max: 0.2, Diff: 0.2, Sum: 1.0]
      [GC Worker Total (ms): Min: 5.1, Avg: 5.3, Max: 5.5, Diff: 0.4, Sum: 74.4]
      [GC Worker End (ms): Min: 274192245.0, Avg: 274192245.0, Max: 274192245.1, Diff: 0.2]
   [Code Root Fixup: 0.0 ms]
   [Code Root Purge: 0.0 ms]
   [Clear CT: 0.3 ms]
   [Other: 4.1 ms]
      [Choose CSet: 0.0 ms]
      [Ref Proc: 3.4 ms]
      [Ref Enq: 0.3 ms]
      [Redirty Cards: 0.2 ms]
      [Humongous Register: 0.0 ms]
      [Humongous Reclaim: 0.0 ms]
      [Free CSet: 0.1 ms]
   [Eden: 7152.0M(7152.0M)->0.0B(7152.0M) Survivors: 16384.0K->16384.0K Heap: 10562.8M(14336.0M)->3410.7M(14336.0M)]
 [Times: user=0.07 sys=0.00, real=0.01 secs] 
2022-11-02T22:31:31.829-0600: 274192.250: [GC concurrent-root-region-scan-start]
2022-11-02T22:31:31.834-0600: 274192.254: [GC concurrent-root-region-scan-end, 0.0042027 secs]
2022-11-02T22:31:31.834-0600: 274192.254: [GC concurrent-mark-start]
2022-11-02T22:31:32.397-0600: 274192.817: [GC concurrent-mark-end, 0.5636201 secs]
2022-11-02T22:31:32.397-0600: 274192.818: [GC remark 2022-11-02T22:31:32.397-0600: 274192.818: [Finalize Marking, 0.0007005 secs] 2022-11-02T22:31:32.398-0600: 274192.818: [GC ref-proc, 0.0062734 secs] 2022-11-02T22:31:32.404-0600: 274192.825: [Unloading, 0.0219491 secs], 0.0310495 secs]
 [Times: user=0.32 sys=0.00, real=0.03 secs] 
2022-11-02T22:31:32.429-0600: 274192.849: [GC cleanup 3450M->3450M(14336M), 0.0054918 secs]
 [Times: user=0.06 sys=0.00, real=0.01 secs] 
2022-11-02T22:34:06.567-0600: 274346.988: [GC pause (G1 Evacuation Pause) (young), 0.0090330 secs]
   [Parallel Time: 3.3 ms, GC Workers: 14]
      [GC Worker Start (ms): Min: 274346987.8, Avg: 274346987.9, Max: 274346988.1, Diff: 0.3]
      [Ext Root Scanning (ms): Min: 0.2, Avg: 0.6, Max: 3.0, Diff: 2.7, Sum: 8.3]
      [Update RS (ms): Min: 0.0, Avg: 0.2, Max: 0.4, Diff: 0.4, Sum: 2.9]
         [Processed Buffers: Min: 0, Avg: 4.2, Max: 13, Diff: 13, Sum: 59]
      [Scan RS (ms): Min: 0.0, Avg: 0.0, Max: 0.1, Diff: 0.1, Sum: 0.5]
      [Code Root Scanning (ms): Min: 0.0, Avg: 0.0, Max: 0.0, Diff: 0.0, Sum: 0.0]
      [Object Copy (ms): Min: 0.0, Avg: 0.2, Max: 0.3, Diff: 0.3, Sum: 2.6]
      [Termination (ms): Min: 0.0, Avg: 1.9, Max: 2.1, Diff: 2.1, Sum: 26.2]
         [Termination Attempts: Min: 1, Avg: 1.0, Max: 1, Diff: 0, Sum: 14]
      [GC Worker Other (ms): Min: 0.0, Avg: 0.0, Max: 0.0, Diff: 0.0, Sum: 0.1]
      [GC Worker Total (ms): Min: 2.7, Avg: 2.9, Max: 3.1, Diff: 0.3, Sum: 40.5]
      [GC Worker End (ms): Min: 274346990.8, Avg: 274346990.8, Max: 274346990.9, Diff: 0.1]
   [Code Root Fixup: 0.0 ms]
   [Code Root Purge: 0.0 ms]
   [Clear CT: 0.4 ms]
   [Other: 5.3 ms]
      [Choose CSet: 0.0 ms]
      [Ref Proc: 4.5 ms]
      [Ref Enq: 0.3 ms]
      [Redirty Cards: 0.2 ms]
      [Humongous Register: 0.0 ms]
      [Humongous Reclaim: 0.0 ms]
      [Free CSet: 0.2 ms]
   [Eden: 7152.0M(7152.0M)->0.0B(7152.0M) Survivors: 16384.0K->16384.0K Heap: 10562.7M(14336.0M)->3410.6M(14336.0M)]
 [Times: user=0.06 sys=0.00, real=0.01 secs] 
2022-11-02T22:36:42.973-0600: 274503.393: [GC pause (G1 Evacuation Pause) (young), 0.0091784 secs]
   [Parallel Time: 3.8 ms, GC Workers: 14]
      [GC Worker Start (ms): Min: 274503393.2, Avg: 274503393.3, Max: 274503393.5, Diff: 0.3]
      [Ext Root Scanning (ms): Min: 0.3, Avg: 0.7, Max: 3.1, Diff: 2.9, Sum: 9.3]
      [Update RS (ms): Min: 0.0, Avg: 0.2, Max: 0.5, Diff: 0.5, Sum: 3.0]
         [Processed Buffers: Min: 0, Avg: 3.8, Max: 19, Diff: 19, Sum: 53]
      [Scan RS (ms): Min: 0.0, Avg: 0.0, Max: 0.1, Diff: 0.1, Sum: 0.5]
      [Code Root Scanning (ms): Min: 0.0, Avg: 0.0, Max: 0.0, Diff: 0.0, Sum: 0.0]
      [Object Copy (ms): Min: 0.0, Avg: 0.2, Max: 0.3, Diff: 0.3, Sum: 2.5]
      [Termination (ms): Min: 0.0, Avg: 2.0, Max: 2.2, Diff: 2.2, Sum: 27.4]
         [Termination Attempts: Min: 1, Avg: 3.0, Max: 5, Diff: 4, Sum: 42]
      [GC Worker Other (ms): Min: 0.0, Avg: 0.0, Max: 0.0, Diff: 0.0, Sum: 0.1]
      [GC Worker Total (ms): Min: 2.9, Avg: 3.1, Max: 3.2, Diff: 0.3, Sum: 42.8]
      [GC Worker End (ms): Min: 274503396.4, Avg: 274503396.4, Max: 274503396.5, Diff: 0.1]
   [Code Root Fixup: 0.0 ms]
   [Code Root Purge: 0.0 ms]
   [Clear CT: 0.5 ms]
   [Other: 4.9 ms]
      [Choose CSet: 0.0 ms]
      [Ref Proc: 4.1 ms]
      [Ref Enq: 0.3 ms]
      [Redirty Cards: 0.2 ms]
      [Humongous Register: 0.0 ms]
      [Humongous Reclaim: 0.0 ms]
      [Free CSet: 0.2 ms]
   [Eden: 7152.0M(7152.0M)->0.0B(7152.0M) Survivors: 16384.0K->16384.0K Heap: 10562.6M(14336.0M)->3411.3M(14336.0M)]
 [Times: user=0.05 sys=0.01, real=0.01 secs] 
2022-11-02T22:39:17.221-0600: 274657.642: [GC pause (G1 Evacuation Pause) (young) (initial-mark), 0.0143589 secs]
   [Parallel Time: 8.8 ms, GC Workers: 14]
      [GC Worker Start (ms): Min: 274657643.1, Avg: 274657644.7, Max: 274657645.0, Diff: 1.9]
      [Ext Root Scanning (ms): Min: 4.6, Avg: 5.0, Max: 6.5, Diff: 1.9, Sum: 70.2]
      [Update RS (ms): Min: 0.1, Avg: 0.2, Max: 0.4, Diff: 0.3, Sum: 3.4]
         [Processed Buffers: Min: 1, Avg: 4.1, Max: 20, Diff: 19, Sum: 57]
      [Scan RS (ms): Min: 0.0, Avg: 0.0, Max: 0.1, Diff: 0.1, Sum: 0.5]
      [Code Root Scanning (ms): Min: 0.0, Avg: 0.0, Max: 0.0, Diff: 0.0, Sum: 0.0]
      [Object Copy (ms): Min: 0.0, Avg: 0.2, Max: 0.3, Diff: 0.2, Sum: 3.2]
      [Termination (ms): Min: 0.0, Avg: 0.0, Max: 0.0, Diff: 0.0, Sum: 0.4]
         [Termination Attempts: Min: 1, Avg: 1.7, Max: 3, Diff: 2, Sum: 24]
      [GC Worker Other (ms): Min: 0.0, Avg: 0.0, Max: 0.1, Diff: 0.1, Sum: 0.3]
      [GC Worker Total (ms): Min: 5.2, Avg: 5.6, Max: 7.1, Diff: 1.9, Sum: 78.2]
      [GC Worker End (ms): Min: 274657650.2, Avg: 274657650.2, Max: 274657650.3, Diff: 0.1]
   [Code Root Fixup: 0.0 ms]
   [Code Root Purge: 0.0 ms]
   [Clear CT: 0.5 ms]
   [Other: 5.1 ms]
      [Choose CSet: 0.0 ms]
      [Ref Proc: 4.4 ms]
      [Ref Enq: 0.2 ms]
      [Redirty Cards: 0.2 ms]
      [Humongous Register: 0.0 ms]
      [Humongous Reclaim: 0.0 ms]
      [Free CSet: 0.2 ms]
   [Eden: 7152.0M(7152.0M)->0.0B(7152.0M) Survivors: 16384.0K->16384.0K Heap: 10563.3M(14336.0M)->3411.1M(14336.0M)]
 [Times: user=0.09 sys=0.00, real=0.01 secs] 
2022-11-02T22:39:17.236-0600: 274657.656: [GC concurrent-root-region-scan-start]
2022-11-02T22:39:17.240-0600: 274657.660: [GC concurrent-root-region-scan-end, 0.0042246 secs]
2022-11-02T22:39:17.240-0600: 274657.660: [GC concurrent-mark-start]
2022-11-02T22:39:17.825-0600: 274658.245: [GC concurrent-mark-end, 0.5845328 secs]
2022-11-02T22:39:17.825-0600: 274658.245: [GC remark 2022-11-02T22:39:17.825-0600: 274658.245: [Finalize Marking, 0.0014335 secs] 2022-11-02T22:39:17.826-0600: 274658.247: [GC ref-proc, 0.0083230 secs] 2022-11-02T22:39:17.835-0600: 274658.255: [Unloading, 0.0256752 secs], 0.0377110 secs]
 [Times: user=0.33 sys=0.00, real=0.04 secs] 
2022-11-02T22:39:17.863-0600: 274658.283: [GC cleanup 3443M->3443M(14336M), 0.0058786 secs]
 [Times: user=0.06 sys=0.00, real=0.00 secs] 
2022-11-02T22:41:53.966-0600: 274814.386: [GC pause (G1 Evacuation Pause) (young), 0.0086914 secs]
   [Parallel Time: 3.4 ms, GC Workers: 14]
      [GC Worker Start (ms): Min: 274814385.9, Avg: 274814386.1, Max: 274814386.1, Diff: 0.2]
      [Ext Root Scanning (ms): Min: 0.3, Avg: 0.7, Max: 3.0, Diff: 2.7, Sum: 9.4]
      [Update RS (ms): Min: 0.0, Avg: 0.2, Max: 0.4, Diff: 0.4, Sum: 2.8]
         [Processed Buffers: Min: 0, Avg: 3.9, Max: 19, Diff: 19, Sum: 54]
      [Scan RS (ms): Min: 0.0, Avg: 0.0, Max: 0.1, Diff: 0.1, Sum: 0.4]
      [Code Root Scanning (ms): Min: 0.0, Avg: 0.0, Max: 0.0, Diff: 0.0, Sum: 0.0]
      [Object Copy (ms): Min: 0.0, Avg: 0.2, Max: 0.3, Diff: 0.3, Sum: 3.1]
      [Termination (ms): Min: 0.0, Avg: 1.8, Max: 2.1, Diff: 2.1, Sum: 25.8]
         [Termination Attempts: Min: 1, Avg: 2.3, Max: 4, Diff: 3, Sum: 32]
      [GC Worker Other (ms): Min: 0.0, Avg: 0.0, Max: 0.0, Diff: 0.0, Sum: 0.1]
      [GC Worker Total (ms): Min: 2.9, Avg: 3.0, Max: 3.1, Diff: 0.2, Sum: 41.6]
      [GC Worker End (ms): Min: 274814389.0, Avg: 274814389.0, Max: 274814389.1, Diff: 0.1]
   [Code Root Fixup: 0.0 ms]
   [Code Root Purge: 0.0 ms]
   [Clear CT: 0.4 ms]
   [Other: 4.9 ms]
      [Choose CSet: 0.0 ms]
      [Ref Proc: 4.1 ms]
      [Ref Enq: 0.3 ms]
      [Redirty Cards: 0.2 ms]
      [Humongous Register: 0.0 ms]
      [Humongous Reclaim: 0.0 ms]
      [Free CSet: 0.2 ms]
   [Eden: 7152.0M(7152.0M)->0.0B(7152.0M) Survivors: 16384.0K->16384.0K Heap: 10563.1M(14336.0M)->3411.0M(14336.0M)]
 [Times: user=0.06 sys=0.00, real=0.01 secs] 
2022-11-02T22:44:28.316-0600: 274968.736: [GC pause (G1 Evacuation Pause) (young), 0.0102929 secs]
   [Parallel Time: 3.8 ms, GC Workers: 14]
      [GC Worker Start (ms): Min: 274968736.3, Avg: 274968736.5, Max: 274968736.6, Diff: 0.3]
      [Ext Root Scanning (ms): Min: 0.3, Avg: 0.7, Max: 3.5, Diff: 3.2, Sum: 9.9]
      [Update RS (ms): Min: 0.0, Avg: 0.2, Max: 0.5, Diff: 0.5, Sum: 3.1]
         [Processed Buffers: Min: 0, Avg: 4.2, Max: 16, Diff: 16, Sum: 59]
      [Scan RS (ms): Min: 0.0, Avg: 0.0, Max: 0.1, Diff: 0.1, Sum: 0.4]
      [Code Root Scanning (ms): Min: 0.0, Avg: 0.0, Max: 0.0, Diff: 0.0, Sum: 0.0]
      [Object Copy (ms): Min: 0.0, Avg: 0.2, Max: 0.3, Diff: 0.3, Sum: 2.8]
      [Termination (ms): Min: 0.0, Avg: 2.3, Max: 2.6, Diff: 2.6, Sum: 32.3]
         [Termination Attempts: Min: 1, Avg: 3.3, Max: 6, Diff: 5, Sum: 46]
      [GC Worker Other (ms): Min: 0.0, Avg: 0.0, Max: 0.0, Diff: 0.0, Sum: 0.1]
      [GC Worker Total (ms): Min: 3.3, Avg: 3.5, Max: 3.6, Diff: 0.3, Sum: 48.5]
      [GC Worker End (ms): Min: 274968739.9, Avg: 274968739.9, Max: 274968740.0, Diff: 0.1]
   [Code Root Fixup: 0.0 ms]
   [Code Root Purge: 0.0 ms]
   [Clear CT: 1.2 ms]
   [Other: 5.2 ms]
      [Choose CSet: 0.0 ms]
      [Ref Proc: 4.5 ms]
      [Ref Enq: 0.2 ms]
      [Redirty Cards: 0.2 ms]
      [Humongous Register: 0.0 ms]
      [Humongous Reclaim: 0.0 ms]
      [Free CSet: 0.2 ms]
   [Eden: 7152.0M(7152.0M)->0.0B(7152.0M) Survivors: 16384.0K->16384.0K Heap: 10563.0M(14336.0M)->3411.0M(14336.0M)]
 [Times: user=0.06 sys=0.00, real=0.01 secs] 
2022-11-02T22:47:04.050-0600: 275124.471: [GC pause (G1 Evacuation Pause) (young) (initial-mark), 0.0136829 secs]
   [Parallel Time: 7.7 ms, GC Workers: 14]
      [GC Worker Start (ms): Min: 275124471.9, Avg: 275124472.2, Max: 275124472.3, Diff: 0.4]
      [Ext Root Scanning (ms): Min: 5.3, Avg: 5.5, Max: 5.7, Diff: 0.4, Sum: 76.6]
      [Update RS (ms): Min: 0.1, Avg: 0.2, Max: 0.3, Diff: 0.2, Sum: 3.0]
         [Processed Buffers: Min: 1, Avg: 3.8, Max: 24, Diff: 23, Sum: 53]
      [Scan RS (ms): Min: 0.0, Avg: 0.0, Max: 0.1, Diff: 0.1, Sum: 0.4]
      [Code Root Scanning (ms): Min: 0.0, Avg: 0.0, Max: 0.0, Diff: 0.0, Sum: 0.0]
      [Object Copy (ms): Min: 0.1, Avg: 0.2, Max: 0.2, Diff: 0.1, Sum: 2.7]
      [Termination (ms): Min: 0.0, Avg: 0.0, Max: 0.0, Diff: 0.0, Sum: 0.0]
         [Termination Attempts: Min: 1, Avg: 1.0, Max: 1, Diff: 0, Sum: 14]
      [GC Worker Other (ms): Min: 0.0, Avg: 0.1, Max: 0.2, Diff: 0.2, Sum: 0.9]
      [GC Worker Total (ms): Min: 5.8, Avg: 6.0, Max: 6.3, Diff: 0.5, Sum: 83.7]
      [GC Worker End (ms): Min: 275124478.1, Avg: 275124478.1, Max: 275124478.2, Diff: 0.2]
   [Code Root Fixup: 0.0 ms]
   [Code Root Purge: 0.0 ms]
   [Clear CT: 0.4 ms]
   [Other: 5.5 ms]
      [Choose CSet: 0.0 ms]
      [Ref Proc: 4.9 ms]
      [Ref Enq: 0.2 ms]
      [Redirty Cards: 0.2 ms]
      [Humongous Register: 0.0 ms]
      [Humongous Reclaim: 0.0 ms]
      [Free CSet: 0.1 ms]
   [Eden: 7152.0M(7152.0M)->0.0B(7152.0M) Survivors: 16384.0K->16384.0K Heap: 10563.0M(14336.0M)->3411.7M(14336.0M)]
 [Times: user=0.08 sys=0.00, real=0.02 secs] 
2022-11-02T22:47:04.064-0600: 275124.484: [GC concurrent-root-region-scan-start]
2022-11-02T22:47:04.069-0600: 275124.489: [GC concurrent-root-region-scan-end, 0.0043715 secs]
2022-11-02T22:47:04.069-0600: 275124.489: [GC concurrent-mark-start]
2022-11-02T22:47:04.617-0600: 275125.038: [GC concurrent-mark-end, 0.5487543 secs]
2022-11-02T22:47:04.617-0600: 275125.038: [GC remark 2022-11-02T22:47:04.617-0600: 275125.038: [Finalize Marking, 0.0005404 secs] 2022-11-02T22:47:04.618-0600: 275125.038: [GC ref-proc, 0.0070064 secs] 2022-11-02T22:47:04.625-0600: 275125.045: [Unloading, 0.0202112 secs], 0.0302737 secs]
 [Times: user=0.31 sys=0.00, real=0.03 secs] 
2022-11-02T22:47:04.648-0600: 275125.068: [GC cleanup 3435M->3435M(14336M), 0.0058054 secs]
 [Times: user=0.05 sys=0.00, real=0.01 secs] 
2022-11-02T22:49:38.818-0600: 275279.239: [GC pause (G1 Evacuation Pause) (young), 0.0097759 secs]
   [Parallel Time: 4.7 ms, GC Workers: 14]
      [GC Worker Start (ms): Min: 275279238.8, Avg: 275279238.9, Max: 275279239.0, Diff: 0.2]
      [Ext Root Scanning (ms): Min: 0.3, Avg: 0.8, Max: 4.4, Diff: 4.1, Sum: 10.6]
      [Update RS (ms): Min: 0.0, Avg: 0.2, Max: 0.5, Diff: 0.5, Sum: 3.2]
         [Processed Buffers: Min: 0, Avg: 4.0, Max: 20, Diff: 20, Sum: 56]
      [Scan RS (ms): Min: 0.0, Avg: 0.0, Max: 0.1, Diff: 0.1, Sum: 0.4]
      [Code Root Scanning (ms): Min: 0.0, Avg: 0.0, Max: 0.0, Diff: 0.0, Sum: 0.0]
      [Object Copy (ms): Min: 0.0, Avg: 0.2, Max: 0.3, Diff: 0.3, Sum: 3.0]
      [Termination (ms): Min: 0.0, Avg: 3.2, Max: 3.5, Diff: 3.5, Sum: 44.5]
         [Termination Attempts: Min: 1, Avg: 2.1, Max: 3, Diff: 2, Sum: 29]
      [GC Worker Other (ms): Min: 0.0, Avg: 0.0, Max: 0.0, Diff: 0.0, Sum: 0.1]
      [GC Worker Total (ms): Min: 4.3, Avg: 4.4, Max: 4.6, Diff: 0.3, Sum: 61.8]
      [GC Worker End (ms): Min: 275279243.2, Avg: 275279243.3, Max: 275279243.4, Diff: 0.1]
   [Code Root Fixup: 0.0 ms]
   [Code Root Purge: 0.0 ms]
   [Clear CT: 0.3 ms]
   [Other: 4.8 ms]
      [Choose CSet: 0.0 ms]
      [Ref Proc: 4.1 ms]
      [Ref Enq: 0.3 ms]
      [Redirty Cards: 0.2 ms]
      [Humongous Register: 0.0 ms]
      [Humongous Reclaim: 0.0 ms]
      [Free CSet: 0.1 ms]
   [Eden: 7152.0M(7152.0M)->0.0B(7152.0M) Survivors: 16384.0K->16384.0K Heap: 10563.7M(14336.0M)->3411.4M(14336.0M)]
 [Times: user=0.08 sys=0.00, real=0.01 secs] 
2022-11-02T22:52:15.266-0600: 275435.687: [GC pause (G1 Evacuation Pause) (young), 0.0100119 secs]
   [Parallel Time: 4.9 ms, GC Workers: 14]
      [GC Worker Start (ms): Min: 275435686.8, Avg: 275435686.9, Max: 275435687.0, Diff: 0.2]
      [Ext Root Scanning (ms): Min: 0.3, Avg: 0.7, Max: 4.5, Diff: 4.2, Sum: 10.1]
      [Update RS (ms): Min: 0.0, Avg: 0.2, Max: 0.3, Diff: 0.3, Sum: 2.6]
         [Processed Buffers: Min: 0, Avg: 3.8, Max: 31, Diff: 31, Sum: 53]
      [Scan RS (ms): Min: 0.0, Avg: 0.0, Max: 0.1, Diff: 0.1, Sum: 0.4]
      [Code Root Scanning (ms): Min: 0.0, Avg: 0.0, Max: 0.0, Diff: 0.0, Sum: 0.0]
      [Object Copy (ms): Min: 0.0, Avg: 0.2, Max: 0.3, Diff: 0.3, Sum: 2.7]
      [Termination (ms): Min: 0.0, Avg: 3.3, Max: 3.6, Diff: 3.6, Sum: 46.2]
         [Termination Attempts: Min: 1, Avg: 9.2, Max: 20, Diff: 19, Sum: 129]
      [GC Worker Other (ms): Min: 0.0, Avg: 0.0, Max: 0.0, Diff: 0.0, Sum: 0.1]
      [GC Worker Total (ms): Min: 4.3, Avg: 4.4, Max: 4.6, Diff: 0.2, Sum: 62.1]
      [GC Worker End (ms): Min: 275435691.3, Avg: 275435691.3, Max: 275435691.3, Diff: 0.1]
   [Code Root Fixup: 0.0 ms]
   [Code Root Purge: 0.0 ms]
   [Clear CT: 0.3 ms]
   [Other: 4.8 ms]
      [Choose CSet: 0.0 ms]
      [Ref Proc: 4.2 ms]
      [Ref Enq: 0.2 ms]
      [Redirty Cards: 0.2 ms]
      [Humongous Register: 0.0 ms]
      [Humongous Reclaim: 0.0 ms]
      [Free CSet: 0.1 ms]
   [Eden: 7152.0M(7152.0M)->0.0B(7152.0M) Survivors: 16384.0K->16384.0K Heap: 10563.4M(14336.0M)->3411.5M(14336.0M)]
 [Times: user=0.08 sys=0.00, real=0.01 secs] 
2022-11-02T22:54:50.128-0600: 275590.548: [GC pause (G1 Evacuation Pause) (young) (initial-mark), 0.0342426 secs]
   [Parallel Time: 8.6 ms, GC Workers: 14]
      [GC Worker Start (ms): Min: 275590549.8, Avg: 275590549.9, Max: 275590550.1, Diff: 0.3]
      [Ext Root Scanning (ms): Min: 5.8, Avg: 6.0, Max: 6.2, Diff: 0.4, Sum: 83.6]
      [Update RS (ms): Min: 0.1, Avg: 0.2, Max: 0.3, Diff: 0.3, Sum: 3.3]
         [Processed Buffers: Min: 1, Avg: 4.2, Max: 20, Diff: 19, Sum: 59]
      [Scan RS (ms): Min: 0.0, Avg: 0.0, Max: 0.1, Diff: 0.1, Sum: 0.4]
      [Code Root Scanning (ms): Min: 0.0, Avg: 0.0, Max: 0.0, Diff: 0.0, Sum: 0.0]
      [Object Copy (ms): Min: 0.1, Avg: 0.3, Max: 0.3, Diff: 0.2, Sum: 3.6]
      [Termination (ms): Min: 0.0, Avg: 0.0, Max: 0.0, Diff: 0.0, Sum: 0.2]
         [Termination Attempts: Min: 1, Avg: 3.0, Max: 4, Diff: 3, Sum: 42]
      [GC Worker Other (ms): Min: 0.0, Avg: 0.0, Max: 0.1, Diff: 0.1, Sum: 0.3]
      [GC Worker Total (ms): Min: 6.3, Avg: 6.5, Max: 6.7, Diff: 0.4, Sum: 91.4]
      [GC Worker End (ms): Min: 275590556.4, Avg: 275590556.4, Max: 275590556.5, Diff: 0.1]
   [Code Root Fixup: 0.0 ms]
   [Code Root Purge: 0.0 ms]
   [Clear CT: 0.4 ms]
   [Other: 25.2 ms]
      [Choose CSet: 0.0 ms]
      [Ref Proc: 23.9 ms]
      [Ref Enq: 0.7 ms]
      [Redirty Cards: 0.3 ms]
      [Humongous Register: 0.0 ms]
      [Humongous Reclaim: 0.0 ms]
      [Free CSet: 0.2 ms]
   [Eden: 7152.0M(7152.0M)->0.0B(7152.0M) Survivors: 16384.0K->16384.0K Heap: 10563.5M(14336.0M)->3411.4M(14336.0M)]
 [Times: user=0.17 sys=0.02, real=0.04 secs] 
2022-11-02T22:54:50.162-0600: 275590.583: [GC concurrent-root-region-scan-start]
2022-11-02T22:54:50.168-0600: 275590.588: [GC concurrent-root-region-scan-end, 0.0058151 secs]
2022-11-02T22:54:50.168-0600: 275590.588: [GC concurrent-mark-start]
2022-11-02T22:54:50.726-0600: 275591.146: [GC concurrent-mark-end, 0.5579272 secs]
2022-11-02T22:54:50.726-0600: 275591.147: [GC remark 2022-11-02T22:54:50.726-0600: 275591.147: [Finalize Marking, 0.0004633 secs] 2022-11-02T22:54:50.727-0600: 275591.147: [GC ref-proc, 0.0059190 secs] 2022-11-02T22:54:50.733-0600: 275591.153: [Unloading, 0.0203781 secs], 0.0292505 secs]
 [Times: user=0.31 sys=0.00, real=0.03 secs] 
2022-11-02T22:54:50.756-0600: 275591.176: [GC cleanup 3443M->3443M(14336M), 0.0064443 secs]
 [Times: user=0.05 sys=0.00, real=0.01 secs] 
2022-11-02T22:57:26.472-0600: 275746.892: [GC pause (G1 Evacuation Pause) (young), 0.0093124 secs]
   [Parallel Time: 3.9 ms, GC Workers: 14]
      [GC Worker Start (ms): Min: 275746892.2, Avg: 275746892.3, Max: 275746892.4, Diff: 0.3]
      [Ext Root Scanning (ms): Min: 0.3, Avg: 0.7, Max: 3.4, Diff: 3.1, Sum: 10.3]
      [Update RS (ms): Min: 0.0, Avg: 0.3, Max: 0.5, Diff: 0.5, Sum: 3.6]
         [Processed Buffers: Min: 0, Avg: 3.8, Max: 24, Diff: 24, Sum: 53]
      [Scan RS (ms): Min: 0.0, Avg: 0.0, Max: 0.1, Diff: 0.1, Sum: 0.4]
      [Code Root Scanning (ms): Min: 0.0, Avg: 0.0, Max: 0.0, Diff: 0.0, Sum: 0.0]
      [Object Copy (ms): Min: 0.0, Avg: 0.2, Max: 0.3, Diff: 0.3, Sum: 3.2]
      [Termination (ms): Min: 0.0, Avg: 2.1, Max: 2.4, Diff: 2.4, Sum: 29.2]
         [Termination Attempts: Min: 1, Avg: 1.0, Max: 1, Diff: 0, Sum: 14]
      [GC Worker Other (ms): Min: 0.0, Avg: 0.0, Max: 0.1, Diff: 0.0, Sum: 0.1]
      [GC Worker Total (ms): Min: 3.2, Avg: 3.4, Max: 3.5, Diff: 0.3, Sum: 46.9]
      [GC Worker End (ms): Min: 275746895.6, Avg: 275746895.6, Max: 275746895.7, Diff: 0.1]
   [Code Root Fixup: 0.0 ms]
   [Code Root Purge: 0.0 ms]
   [Clear CT: 0.4 ms]
   [Other: 5.0 ms]
      [Choose CSet: 0.0 ms]
      [Ref Proc: 4.4 ms]
      [Ref Enq: 0.2 ms]
      [Redirty Cards: 0.2 ms]
      [Humongous Register: 0.0 ms]
      [Humongous Reclaim: 0.0 ms]
      [Free CSet: 0.1 ms]
   [Eden: 7152.0M(7152.0M)->0.0B(7152.0M) Survivors: 16384.0K->16384.0K Heap: 10563.4M(14336.0M)->3411.5M(14336.0M)]
 [Times: user=0.07 sys=0.00, real=0.02 secs] 
2022-11-02T23:00:00.318-0600: 275900.739: [GC pause (G1 Evacuation Pause) (young), 0.0114797 secs]
   [Parallel Time: 5.0 ms, GC Workers: 14]
      [GC Worker Start (ms): Min: 275900738.8, Avg: 275900739.0, Max: 275900739.2, Diff: 0.3]
      [Ext Root Scanning (ms): Min: 0.3, Avg: 0.8, Max: 4.7, Diff: 4.4, Sum: 11.1]
      [Update RS (ms): Min: 0.0, Avg: 0.2, Max: 0.4, Diff: 0.4, Sum: 2.8]
         [Processed Buffers: Min: 0, Avg: 4.6, Max: 31, Diff: 31, Sum: 65]
      [Scan RS (ms): Min: 0.0, Avg: 0.0, Max: 0.1, Diff: 0.1, Sum: 0.5]
      [Code Root Scanning (ms): Min: 0.0, Avg: 0.0, Max: 0.0, Diff: 0.0, Sum: 0.0]
      [Object Copy (ms): Min: 0.0, Avg: 0.2, Max: 0.3, Diff: 0.3, Sum: 2.7]
      [Termination (ms): Min: 0.0, Avg: 3.4, Max: 3.7, Diff: 3.7, Sum: 47.0]
         [Termination Attempts: Min: 1, Avg: 3.4, Max: 6, Diff: 5, Sum: 48]
      [GC Worker Other (ms): Min: 0.0, Avg: 0.0, Max: 0.0, Diff: 0.0, Sum: 0.1]
      [GC Worker Total (ms): Min: 4.4, Avg: 4.6, Max: 4.7, Diff: 0.3, Sum: 64.2]
      [GC Worker End (ms): Min: 275900743.6, Avg: 275900743.6, Max: 275900743.6, Diff: 0.1]
   [Code Root Fixup: 0.0 ms]
   [Code Root Purge: 0.0 ms]
   [Clear CT: 0.5 ms]
   [Other: 6.0 ms]
      [Choose CSet: 0.0 ms]
      [Ref Proc: 4.3 ms]
      [Ref Enq: 1.2 ms]
      [Redirty Cards: 0.3 ms]
      [Humongous Register: 0.0 ms]
      [Humongous Reclaim: 0.0 ms]
      [Free CSet: 0.1 ms]
   [Eden: 7152.0M(7152.0M)->0.0B(7152.0M) Survivors: 16384.0K->16384.0K Heap: 10563.5M(14336.0M)->3411.6M(14336.0M)]
 [Times: user=0.09 sys=0.00, real=0.01 secs] 
2022-11-02T23:02:35.470-0600: 276055.890: [GC pause (G1 Evacuation Pause) (young) (initial-mark), 0.0135835 secs]
   [Parallel Time: 7.6 ms, GC Workers: 14]
      [GC Worker Start (ms): Min: 276055891.8, Avg: 276055891.9, Max: 276055892.1, Diff: 0.3]
      [Ext Root Scanning (ms): Min: 5.3, Avg: 5.5, Max: 5.7, Diff: 0.3, Sum: 76.5]
      [Update RS (ms): Min: 0.1, Avg: 0.2, Max: 0.3, Diff: 0.2, Sum: 3.1]
         [Processed Buffers: Min: 1, Avg: 4.1, Max: 17, Diff: 16, Sum: 57]
      [Scan RS (ms): Min: 0.0, Avg: 0.0, Max: 0.1, Diff: 0.1, Sum: 0.4]
      [Code Root Scanning (ms): Min: 0.0, Avg: 0.0, Max: 0.0, Diff: 0.0, Sum: 0.0]
      [Object Copy (ms): Min: 0.1, Avg: 0.2, Max: 0.3, Diff: 0.2, Sum: 2.9]
      [Termination (ms): Min: 0.0, Avg: 0.0, Max: 0.0, Diff: 0.0, Sum: 0.1]
         [Termination Attempts: Min: 1, Avg: 2.2, Max: 4, Diff: 3, Sum: 31]
      [GC Worker Other (ms): Min: 0.0, Avg: 0.0, Max: 0.1, Diff: 0.1, Sum: 0.6]
      [GC Worker Total (ms): Min: 5.8, Avg: 6.0, Max: 6.1, Diff: 0.3, Sum: 83.5]
      [GC Worker End (ms): Min: 276055897.9, Avg: 276055897.9, Max: 276055898.0, Diff: 0.1]
   [Code Root Fixup: 0.0 ms]
   [Code Root Purge: 0.0 ms]
   [Clear CT: 0.7 ms]
   [Other: 5.3 ms]
      [Choose CSet: 0.0 ms]
      [Ref Proc: 4.6 ms]
      [Ref Enq: 0.2 ms]
      [Redirty Cards: 0.2 ms]
      [Humongous Register: 0.0 ms]
      [Humongous Reclaim: 0.0 ms]
      [Free CSet: 0.1 ms]
   [Eden: 7152.0M(7152.0M)->0.0B(7152.0M) Survivors: 16384.0K->16384.0K Heap: 10563.6M(14336.0M)->3411.7M(14336.0M)]
 [Times: user=0.08 sys=0.00, real=0.02 secs] 
2022-11-02T23:02:35.484-0600: 276055.904: [GC concurrent-root-region-scan-start]
2022-11-02T23:02:35.489-0600: 276055.909: [GC concurrent-root-region-scan-end, 0.0050440 secs]
2022-11-02T23:02:35.489-0600: 276055.909: [GC concurrent-mark-start]
2022-11-02T23:02:36.070-0600: 276056.491: [GC concurrent-mark-end, 0.5815836 secs]
2022-11-02T23:02:36.071-0600: 276056.491: [GC remark 2022-11-02T23:02:36.071-0600: 276056.491: [Finalize Marking, 0.0009572 secs] 2022-11-02T23:02:36.072-0600: 276056.492: [GC ref-proc, 0.0072688 secs] 2022-11-02T23:02:36.079-0600: 276056.499: [Unloading, 0.0219918 secs], 0.0324805 secs]
 [Times: user=0.33 sys=0.00, real=0.04 secs] 
2022-11-02T23:02:36.103-0600: 276056.524: [GC cleanup 3451M->3451M(14336M), 0.0064515 secs]
 [Times: user=0.05 sys=0.00, real=0.00 secs] 
2022-11-02T23:05:11.569-0600: 276211.989: [GC pause (G1 Evacuation Pause) (young), 0.0086310 secs]
   [Parallel Time: 3.4 ms, GC Workers: 14]
      [GC Worker Start (ms): Min: 276211989.1, Avg: 276211989.2, Max: 276211989.3, Diff: 0.3]
      [Ext Root Scanning (ms): Min: 0.3, Avg: 0.7, Max: 3.3, Diff: 3.0, Sum: 9.3]
      [Update RS (ms): Min: 0.0, Avg: 0.2, Max: 0.4, Diff: 0.4, Sum: 2.7]
         [Processed Buffers: Min: 0, Avg: 4.0, Max: 18, Diff: 18, Sum: 56]
      [Scan RS (ms): Min: 0.0, Avg: 0.0, Max: 0.1, Diff: 0.1, Sum: 0.5]
      [Code Root Scanning (ms): Min: 0.0, Avg: 0.0, Max: 0.0, Diff: 0.0, Sum: 0.0]
      [Object Copy (ms): Min: 0.0, Avg: 0.2, Max: 0.3, Diff: 0.3, Sum: 2.9]
      [Termination (ms): Min: 0.0, Avg: 2.1, Max: 2.3, Diff: 2.3, Sum: 29.3]
         [Termination Attempts: Min: 1, Avg: 7.1, Max: 11, Diff: 10, Sum: 99]
      [GC Worker Other (ms): Min: 0.0, Avg: 0.0, Max: 0.1, Diff: 0.0, Sum: 0.1]
      [GC Worker Total (ms): Min: 3.1, Avg: 3.2, Max: 3.3, Diff: 0.2, Sum: 44.9]
      [GC Worker End (ms): Min: 276211992.4, Avg: 276211992.4, Max: 276211992.5, Diff: 0.1]
   [Code Root Fixup: 0.0 ms]
   [Code Root Purge: 0.0 ms]
   [Clear CT: 0.7 ms]
   [Other: 4.5 ms]
      [Choose CSet: 0.0 ms]
      [Ref Proc: 3.5 ms]
      [Ref Enq: 0.3 ms]
      [Redirty Cards: 0.5 ms]
      [Humongous Register: 0.0 ms]
      [Humongous Reclaim: 0.0 ms]
      [Free CSet: 0.1 ms]
   [Eden: 7152.0M(7152.0M)->0.0B(7152.0M) Survivors: 16384.0K->16384.0K Heap: 10563.7M(14336.0M)->3411.7M(14336.0M)]
 [Times: user=0.06 sys=0.00, real=0.01 secs] 
2022-11-02T23:07:45.987-0600: 276366.408: [GC pause (G1 Evacuation Pause) (young), 0.0110054 secs]
   [Parallel Time: 5.2 ms, GC Workers: 14]
      [GC Worker Start (ms): Min: 276366407.8, Avg: 276366408.0, Max: 276366408.1, Diff: 0.3]
      [Ext Root Scanning (ms): Min: 0.3, Avg: 0.8, Max: 4.8, Diff: 4.5, Sum: 10.7]
      [Update RS (ms): Min: 0.0, Avg: 0.2, Max: 0.4, Diff: 0.4, Sum: 3.1]
         [Processed Buffers: Min: 0, Avg: 4.1, Max: 13, Diff: 13, Sum: 57]
      [Scan RS (ms): Min: 0.0, Avg: 0.0, Max: 0.1, Diff: 0.1, Sum: 0.4]
      [Code Root Scanning (ms): Min: 0.0, Avg: 0.0, Max: 0.0, Diff: 0.0, Sum: 0.0]
      [Object Copy (ms): Min: 0.0, Avg: 0.2, Max: 0.3, Diff: 0.3, Sum: 2.9]
      [Termination (ms): Min: 0.0, Avg: 3.4, Max: 3.8, Diff: 3.8, Sum: 48.3]
         [Termination Attempts: Min: 1, Avg: 15.5, Max: 24, Diff: 23, Sum: 217]
      [GC Worker Other (ms): Min: 0.0, Avg: 0.0, Max: 0.0, Diff: 0.0, Sum: 0.1]
      [GC Worker Total (ms): Min: 4.5, Avg: 4.7, Max: 4.8, Diff: 0.3, Sum: 65.4]
      [GC Worker End (ms): Min: 276366412.6, Avg: 276366412.6, Max: 276366412.7, Diff: 0.1]
   [Code Root Fixup: 0.0 ms]
   [Code Root Purge: 0.0 ms]
   [Clear CT: 0.4 ms]
   [Other: 5.4 ms]
      [Choose CSet: 0.0 ms]
      [Ref Proc: 4.6 ms]
      [Ref Enq: 0.3 ms]
      [Redirty Cards: 0.2 ms]
      [Humongous Register: 0.0 ms]
      [Humongous Reclaim: 0.0 ms]
      [Free CSet: 0.2 ms]
   [Eden: 7152.0M(7152.0M)->0.0B(7152.0M) Survivors: 16384.0K->16384.0K Heap: 10563.7M(14336.0M)->3412.3M(14336.0M)]
 [Times: user=0.09 sys=0.00, real=0.01 secs] 
2022-11-02T23:10:22.717-0600: 276523.137: [GC pause (G1 Evacuation Pause) (young) (initial-mark), 0.0128432 secs]
   [Parallel Time: 7.2 ms, GC Workers: 14]
      [GC Worker Start (ms): Min: 276523138.2, Avg: 276523138.3, Max: 276523138.5, Diff: 0.3]
      [Ext Root Scanning (ms): Min: 4.5, Avg: 4.7, Max: 4.8, Diff: 0.4, Sum: 65.5]
      [Update RS (ms): Min: 0.1, Avg: 0.2, Max: 0.4, Diff: 0.3, Sum: 3.2]
         [Processed Buffers: Min: 1, Avg: 3.5, Max: 26, Diff: 25, Sum: 49]
      [Scan RS (ms): Min: 0.0, Avg: 0.0, Max: 0.1, Diff: 0.1, Sum: 0.4]
      [Code Root Scanning (ms): Min: 0.0, Avg: 0.0, Max: 0.0, Diff: 0.0, Sum: 0.0]
      [Object Copy (ms): Min: 0.1, Avg: 0.2, Max: 0.3, Diff: 0.2, Sum: 2.8]
      [Termination (ms): Min: 0.0, Avg: 0.0, Max: 0.0, Diff: 0.0, Sum: 0.5]
         [Termination Attempts: Min: 1, Avg: 2.1, Max: 3, Diff: 2, Sum: 30]
      [GC Worker Other (ms): Min: 0.0, Avg: 0.0, Max: 0.1, Diff: 0.1, Sum: 0.3]
      [GC Worker Total (ms): Min: 5.0, Avg: 5.2, Max: 5.3, Diff: 0.4, Sum: 72.7]
      [GC Worker End (ms): Min: 276523143.5, Avg: 276523143.5, Max: 276523143.6, Diff: 0.1]
   [Code Root Fixup: 0.0 ms]
   [Code Root Purge: 0.0 ms]
   [Clear CT: 0.5 ms]
   [Other: 5.2 ms]
      [Choose CSet: 0.0 ms]
      [Ref Proc: 4.5 ms]
      [Ref Enq: 0.3 ms]
      [Redirty Cards: 0.2 ms]
      [Humongous Register: 0.0 ms]
      [Humongous Reclaim: 0.0 ms]
      [Free CSet: 0.1 ms]
   [Eden: 7152.0M(7152.0M)->0.0B(7152.0M) Survivors: 16384.0K->16384.0K Heap: 10564.3M(14336.0M)->3411.9M(14336.0M)]
 [Times: user=0.07 sys=0.01, real=0.01 secs] 
2022-11-02T23:10:22.730-0600: 276523.150: [GC concurrent-root-region-scan-start]
2022-11-02T23:10:22.735-0600: 276523.155: [GC concurrent-root-region-scan-end, 0.0050761 secs]
2022-11-02T23:10:22.735-0600: 276523.155: [GC concurrent-mark-start]
2022-11-02T23:10:23.310-0600: 276523.730: [GC concurrent-mark-end, 0.5750183 secs]
2022-11-02T23:10:23.310-0600: 276523.730: [GC remark 2022-11-02T23:10:23.310-0600: 276523.730: [Finalize Marking, 0.0008211 secs] 2022-11-02T23:10:23.311-0600: 276523.731: [GC ref-proc, 0.0064883 secs] 2022-11-02T23:10:23.317-0600: 276523.737: [Unloading, 0.0214596 secs], 0.0312099 secs]
 [Times: user=0.31 sys=0.00, real=0.04 secs] 
2022-11-02T23:10:23.341-0600: 276523.762: [GC cleanup 3451M->3451M(14336M), 0.0057523 secs]
 [Times: user=0.05 sys=0.00, real=0.00 secs] 
2022-11-02T23:12:58.919-0600: 276679.339: [GC pause (G1 Evacuation Pause) (young), 0.0082372 secs]
   [Parallel Time: 3.3 ms, GC Workers: 14]
      [GC Worker Start (ms): Min: 276679339.0, Avg: 276679339.5, Max: 276679339.6, Diff: 0.6]
      [Ext Root Scanning (ms): Min: 0.3, Avg: 0.7, Max: 3.2, Diff: 2.8, Sum: 9.9]
      [Update RS (ms): Min: 0.0, Avg: 0.2, Max: 0.4, Diff: 0.4, Sum: 2.9]
         [Processed Buffers: Min: 0, Avg: 3.9, Max: 15, Diff: 15, Sum: 55]
      [Scan RS (ms): Min: 0.0, Avg: 0.0, Max: 0.1, Diff: 0.1, Sum: 0.5]
      [Code Root Scanning (ms): Min: 0.0, Avg: 0.0, Max: 0.0, Diff: 0.0, Sum: 0.0]
      [Object Copy (ms): Min: 0.0, Avg: 0.2, Max: 0.3, Diff: 0.3, Sum: 2.9]
      [Termination (ms): Min: 0.0, Avg: 1.6, Max: 1.8, Diff: 1.8, Sum: 22.2]
         [Termination Attempts: Min: 1, Avg: 12.1, Max: 25, Diff: 24, Sum: 170]
      [GC Worker Other (ms): Min: 0.0, Avg: 0.0, Max: 0.0, Diff: 0.0, Sum: 0.1]
      [GC Worker Total (ms): Min: 2.6, Avg: 2.7, Max: 3.2, Diff: 0.6, Sum: 38.4]
      [GC Worker End (ms): Min: 276679342.2, Avg: 276679342.2, Max: 276679342.3, Diff: 0.1]
   [Code Root Fixup: 0.0 ms]
   [Code Root Purge: 0.0 ms]
   [Clear CT: 0.3 ms]
   [Other: 4.7 ms]
      [Choose CSet: 0.0 ms]
      [Ref Proc: 3.8 ms]
      [Ref Enq: 0.3 ms]
      [Redirty Cards: 0.2 ms]
      [Humongous Register: 0.0 ms]
      [Humongous Reclaim: 0.0 ms]
      [Free CSet: 0.2 ms]
   [Eden: 7152.0M(7152.0M)->0.0B(7152.0M) Survivors: 16384.0K->16384.0K Heap: 10563.9M(14336.0M)->3411.9M(14336.0M)]
 [Times: user=0.05 sys=0.00, real=0.01 secs] 
2022-11-02T23:15:35.216-0600: 276835.637: [GC pause (G1 Evacuation Pause) (young), 0.0104815 secs]
   [Parallel Time: 5.0 ms, GC Workers: 14]
      [GC Worker Start (ms): Min: 276835636.8, Avg: 276835637.0, Max: 276835637.1, Diff: 0.3]
      [Ext Root Scanning (ms): Min: 0.3, Avg: 0.7, Max: 4.7, Diff: 4.5, Sum: 10.4]
      [Update RS (ms): Min: 0.0, Avg: 0.2, Max: 0.4, Diff: 0.4, Sum: 2.5]
         [Processed Buffers: Min: 0, Avg: 3.6, Max: 11, Diff: 11, Sum: 50]
      [Scan RS (ms): Min: 0.0, Avg: 0.0, Max: 0.1, Diff: 0.1, Sum: 0.4]
      [Code Root Scanning (ms): Min: 0.0, Avg: 0.0, Max: 0.0, Diff: 0.0, Sum: 0.0]
      [Object Copy (ms): Min: 0.0, Avg: 0.2, Max: 0.2, Diff: 0.2, Sum: 2.6]
      [Termination (ms): Min: 0.0, Avg: 3.5, Max: 3.8, Diff: 3.8, Sum: 49.2]
         [Termination Attempts: Min: 1, Avg: 1.0, Max: 1, Diff: 0, Sum: 14]
      [GC Worker Other (ms): Min: 0.0, Avg: 0.0, Max: 0.0, Diff: 0.0, Sum: 0.1]
      [GC Worker Total (ms): Min: 4.5, Avg: 4.7, Max: 4.8, Diff: 0.3, Sum: 65.3]
      [GC Worker End (ms): Min: 276835641.6, Avg: 276835641.6, Max: 276835641.7, Diff: 0.1]
   [Code Root Fixup: 0.0 ms]
   [Code Root Purge: 0.0 ms]
   [Clear CT: 0.4 ms]
   [Other: 5.1 ms]
      [Choose CSet: 0.0 ms]
      [Ref Proc: 4.5 ms]
      [Ref Enq: 0.2 ms]
      [Redirty Cards: 0.2 ms]
      [Humongous Register: 0.0 ms]
      [Humongous Reclaim: 0.0 ms]
      [Free CSet: 0.1 ms]
   [Eden: 7152.0M(7152.0M)->0.0B(7152.0M) Survivors: 16384.0K->16384.0K Heap: 10563.9M(14336.0M)->3412.0M(14336.0M)]
 [Times: user=0.09 sys=0.00, real=0.01 secs] 
2022-11-02T23:18:10.567-0600: 276990.988: [GC pause (G1 Evacuation Pause) (young) (initial-mark), 0.0133687 secs]
   [Parallel Time: 7.3 ms, GC Workers: 14]
      [GC Worker Start (ms): Min: 276990989.6, Avg: 276990989.9, Max: 276990990.2, Diff: 0.5]
      [Ext Root Scanning (ms): Min: 3.9, Avg: 4.2, Max: 4.5, Diff: 0.5, Sum: 58.4]
      [Update RS (ms): Min: 0.2, Avg: 0.2, Max: 0.3, Diff: 0.2, Sum: 3.2]
         [Processed Buffers: Min: 1, Avg: 4.4, Max: 30, Diff: 29, Sum: 61]
      [Scan RS (ms): Min: 0.0, Avg: 0.0, Max: 0.1, Diff: 0.0, Sum: 0.4]
      [Code Root Scanning (ms): Min: 0.0, Avg: 0.0, Max: 0.0, Diff: 0.0, Sum: 0.0]
      [Object Copy (ms): Min: 0.1, Avg: 0.2, Max: 0.3, Diff: 0.2, Sum: 3.0]
      [Termination (ms): Min: 0.0, Avg: 0.0, Max: 0.1, Diff: 0.1, Sum: 0.5]
         [Termination Attempts: Min: 1, Avg: 4.6, Max: 8, Diff: 7, Sum: 65]
      [GC Worker Other (ms): Min: 0.0, Avg: 0.0, Max: 0.1, Diff: 0.1, Sum: 0.2]
      [GC Worker Total (ms): Min: 4.5, Avg: 4.7, Max: 5.0, Diff: 0.5, Sum: 65.8]
      [GC Worker End (ms): Min: 276990994.6, Avg: 276990994.6, Max: 276990994.6, Diff: 0.1]
   [Code Root Fixup: 0.0 ms]
   [Code Root Purge: 0.0 ms]
   [Clear CT: 0.3 ms]
   [Other: 5.8 ms]
      [Choose CSet: 0.0 ms]
      [Ref Proc: 5.0 ms]
      [Ref Enq: 0.3 ms]
      [Redirty Cards: 0.2 ms]
      [Humongous Register: 0.0 ms]
      [Humongous Reclaim: 0.0 ms]
      [Free CSet: 0.2 ms]
   [Eden: 7152.0M(7152.0M)->0.0B(7152.0M) Survivors: 16384.0K->16384.0K Heap: 10564.0M(14336.0M)->3412.1M(14336.0M)]
 [Times: user=0.08 sys=0.00, real=0.02 secs] 
2022-11-02T23:18:10.581-0600: 276991.001: [GC concurrent-root-region-scan-start]
2022-11-02T23:18:10.585-0600: 276991.005: [GC concurrent-root-region-scan-end, 0.0038548 secs]
2022-11-02T23:18:10.585-0600: 276991.005: [GC concurrent-mark-start]
2022-11-02T23:18:11.181-0600: 276991.602: [GC concurrent-mark-end, 0.5966687 secs]
2022-11-02T23:18:11.182-0600: 276991.602: [GC remark 2022-11-02T23:18:11.182-0600: 276991.602: [Finalize Marking, 0.0004625 secs] 2022-11-02T23:18:11.182-0600: 276991.602: [GC ref-proc, 0.0078646 secs] 2022-11-02T23:18:11.190-0600: 276991.610: [Unloading, 0.0223601 secs], 0.0332361 secs]
 [Times: user=0.33 sys=0.00, real=0.03 secs] 
2022-11-02T23:18:11.215-0600: 276991.636: [GC cleanup 3484M->3484M(14336M), 0.0078714 secs]
 [Times: user=0.06 sys=0.00, real=0.01 secs] 
2022-11-02T23:20:46.721-0600: 277147.141: [GC pause (G1 Evacuation Pause) (young), 0.0100729 secs]
   [Parallel Time: 4.7 ms, GC Workers: 14]
      [GC Worker Start (ms): Min: 277147141.4, Avg: 277147141.5, Max: 277147141.7, Diff: 0.3]
      [Ext Root Scanning (ms): Min: 0.2, Avg: 0.7, Max: 4.4, Diff: 4.1, Sum: 10.0]
      [Update RS (ms): Min: 0.0, Avg: 0.2, Max: 0.5, Diff: 0.5, Sum: 3.2]
         [Processed Buffers: Min: 0, Avg: 4.0, Max: 16, Diff: 16, Sum: 56]
      [Scan RS (ms): Min: 0.0, Avg: 0.0, Max: 0.1, Diff: 0.1, Sum: 0.5]
      [Code Root Scanning (ms): Min: 0.0, Avg: 0.0, Max: 0.0, Diff: 0.0, Sum: 0.0]
      [Object Copy (ms): Min: 0.0, Avg: 0.2, Max: 0.3, Diff: 0.3, Sum: 3.1]
      [Termination (ms): Min: 0.0, Avg: 3.1, Max: 3.4, Diff: 3.4, Sum: 43.5]
         [Termination Attempts: Min: 1, Avg: 5.7, Max: 10, Diff: 9, Sum: 80]
      [GC Worker Other (ms): Min: 0.0, Avg: 0.0, Max: 0.0, Diff: 0.0, Sum: 0.1]
      [GC Worker Total (ms): Min: 4.1, Avg: 4.3, Max: 4.4, Diff: 0.4, Sum: 60.4]
      [GC Worker End (ms): Min: 277147145.7, Avg: 277147145.8, Max: 277147145.9, Diff: 0.1]
   [Code Root Fixup: 0.0 ms]
   [Code Root Purge: 0.0 ms]
   [Clear CT: 0.3 ms]
   [Other: 5.1 ms]
      [Choose CSet: 0.0 ms]
      [Ref Proc: 4.4 ms]
      [Ref Enq: 0.3 ms]
      [Redirty Cards: 0.2 ms]
      [Humongous Register: 0.0 ms]
      [Humongous Reclaim: 0.0 ms]
      [Free CSet: 0.1 ms]
   [Eden: 7152.0M(7152.0M)->0.0B(7152.0M) Survivors: 16384.0K->16384.0K Heap: 10564.1M(14336.0M)->3412.8M(14336.0M)]
 [Times: user=0.08 sys=0.00, real=0.00 secs] 
2022-11-02T23:23:20.565-0600: 277300.985: [GC pause (G1 Evacuation Pause) (young), 0.0114451 secs]
   [Parallel Time: 4.8 ms, GC Workers: 14]
      [GC Worker Start (ms): Min: 277300985.3, Avg: 277300985.4, Max: 277300985.6, Diff: 0.3]
      [Ext Root Scanning (ms): Min: 0.2, Avg: 0.8, Max: 4.5, Diff: 4.2, Sum: 10.5]
      [Update RS (ms): Min: 0.0, Avg: 0.2, Max: 0.4, Diff: 0.4, Sum: 2.9]
         [Processed Buffers: Min: 0, Avg: 4.1, Max: 17, Diff: 17, Sum: 57]
      [Scan RS (ms): Min: 0.0, Avg: 0.0, Max: 0.1, Diff: 0.1, Sum: 0.4]
      [Code Root Scanning (ms): Min: 0.0, Avg: 0.0, Max: 0.0, Diff: 0.0, Sum: 0.0]
      [Object Copy (ms): Min: 0.0, Avg: 0.2, Max: 0.3, Diff: 0.3, Sum: 2.6]
      [Termination (ms): Min: 0.0, Avg: 3.2, Max: 3.6, Diff: 3.6, Sum: 45.1]
         [Termination Attempts: Min: 1, Avg: 1.1, Max: 2, Diff: 1, Sum: 16]
      [GC Worker Other (ms): Min: 0.0, Avg: 0.0, Max: 0.0, Diff: 0.0, Sum: 0.1]
      [GC Worker Total (ms): Min: 4.2, Avg: 4.4, Max: 4.6, Diff: 0.4, Sum: 61.6]
      [GC Worker End (ms): Min: 277300989.8, Avg: 277300989.8, Max: 277300989.9, Diff: 0.1]
   [Code Root Fixup: 0.0 ms]
   [Code Root Purge: 0.0 ms]
   [Clear CT: 0.4 ms]
   [Other: 6.2 ms]
      [Choose CSet: 0.0 ms]
      [Ref Proc: 5.6 ms]
      [Ref Enq: 0.2 ms]
      [Redirty Cards: 0.2 ms]
      [Humongous Register: 0.0 ms]
      [Humongous Reclaim: 0.0 ms]
      [Free CSet: 0.1 ms]
   [Eden: 7152.0M(7152.0M)->0.0B(7152.0M) Survivors: 16384.0K->16384.0K Heap: 10564.8M(14336.0M)->3412.5M(14336.0M)]
 [Times: user=0.08 sys=0.00, real=0.01 secs] 
2022-11-02T23:25:56.972-0600: 277457.392: [GC pause (G1 Evacuation Pause) (young) (initial-mark), 0.0125960 secs]
   [Parallel Time: 6.9 ms, GC Workers: 14]
      [GC Worker Start (ms): Min: 277457393.4, Avg: 277457393.6, Max: 277457393.7, Diff: 0.3]
      [Ext Root Scanning (ms): Min: 4.1, Avg: 4.3, Max: 4.5, Diff: 0.4, Sum: 60.6]
      [Update RS (ms): Min: 0.1, Avg: 0.3, Max: 0.4, Diff: 0.3, Sum: 3.8]
         [Processed Buffers: Min: 1, Avg: 3.9, Max: 23, Diff: 22, Sum: 55]
      [Scan RS (ms): Min: 0.0, Avg: 0.0, Max: 0.1, Diff: 0.1, Sum: 0.5]
      [Code Root Scanning (ms): Min: 0.0, Avg: 0.0, Max: 0.0, Diff: 0.0, Sum: 0.0]
      [Object Copy (ms): Min: 0.1, Avg: 0.2, Max: 0.3, Diff: 0.2, Sum: 3.4]
      [Termination (ms): Min: 0.0, Avg: 0.0, Max: 0.1, Diff: 0.1, Sum: 0.5]
         [Termination Attempts: Min: 1, Avg: 5.4, Max: 8, Diff: 7, Sum: 75]
      [GC Worker Other (ms): Min: 0.0, Avg: 0.0, Max: 0.1, Diff: 0.1, Sum: 0.3]
      [GC Worker Total (ms): Min: 4.8, Avg: 4.9, Max: 5.1, Diff: 0.3, Sum: 69.2]
      [GC Worker End (ms): Min: 277457398.5, Avg: 277457398.5, Max: 277457398.5, Diff: 0.1]
   [Code Root Fixup: 0.0 ms]
   [Code Root Purge: 0.0 ms]
   [Clear CT: 0.3 ms]
   [Other: 5.4 ms]
      [Choose CSet: 0.0 ms]
      [Ref Proc: 4.2 ms]
      [Ref Enq: 0.3 ms]
      [Redirty Cards: 0.5 ms]
      [Humongous Register: 0.0 ms]
      [Humongous Reclaim: 0.0 ms]
      [Free CSet: 0.2 ms]
   [Eden: 7152.0M(7152.0M)->0.0B(7152.0M) Survivors: 16384.0K->16384.0K Heap: 10564.5M(14336.0M)->3412.5M(14336.0M)]
 [Times: user=0.08 sys=0.00, real=0.02 secs] 
2022-11-02T23:25:56.985-0600: 277457.405: [GC concurrent-root-region-scan-start]
2022-11-02T23:25:56.988-0600: 277457.408: [GC concurrent-root-region-scan-end, 0.0036793 secs]
2022-11-02T23:25:56.988-0600: 277457.408: [GC concurrent-mark-start]
2022-11-02T23:25:57.552-0600: 277457.972: [GC concurrent-mark-end, 0.5633537 secs]
2022-11-02T23:25:57.552-0600: 277457.972: [GC remark 2022-11-02T23:25:57.552-0600: 277457.972: [Finalize Marking, 0.0009775 secs] 2022-11-02T23:25:57.553-0600: 277457.973: [GC ref-proc, 0.0082475 secs] 2022-11-02T23:25:57.561-0600: 277457.981: [Unloading, 0.0233964 secs], 0.0350130 secs]
 [Times: user=0.33 sys=0.00, real=0.04 secs] 
2022-11-02T23:25:57.587-0600: 277458.007: [GC cleanup 3452M->3452M(14336M), 0.0061763 secs]
 [Times: user=0.05 sys=0.00, real=0.01 secs] 
2022-11-02T23:28:31.043-0600: 277611.463: [GC pause (G1 Evacuation Pause) (young), 0.0093643 secs]
   [Parallel Time: 3.6 ms, GC Workers: 14]
      [GC Worker Start (ms): Min: 277611462.9, Avg: 277611463.1, Max: 277611463.2, Diff: 0.3]
      [Ext Root Scanning (ms): Min: 0.3, Avg: 0.6, Max: 3.3, Diff: 3.0, Sum: 9.0]
      [Update RS (ms): Min: 0.0, Avg: 0.2, Max: 0.4, Diff: 0.4, Sum: 3.0]
         [Processed Buffers: Min: 0, Avg: 4.3, Max: 17, Diff: 17, Sum: 60]
      [Scan RS (ms): Min: 0.0, Avg: 0.0, Max: 0.1, Diff: 0.1, Sum: 0.4]
      [Code Root Scanning (ms): Min: 0.0, Avg: 0.0, Max: 0.0, Diff: 0.0, Sum: 0.0]
      [Object Copy (ms): Min: 0.0, Avg: 0.2, Max: 0.3, Diff: 0.3, Sum: 3.1]
      [Termination (ms): Min: 0.0, Avg: 2.1, Max: 2.3, Diff: 2.3, Sum: 29.1]
         [Termination Attempts: Min: 1, Avg: 14.3, Max: 21, Diff: 20, Sum: 200]
      [GC Worker Other (ms): Min: 0.0, Avg: 0.0, Max: 0.0, Diff: 0.0, Sum: 0.1]
      [GC Worker Total (ms): Min: 3.0, Avg: 3.2, Max: 3.3, Diff: 0.3, Sum: 44.6]
      [GC Worker End (ms): Min: 277611466.2, Avg: 277611466.3, Max: 277611466.3, Diff: 0.1]
   [Code Root Fixup: 0.0 ms]
   [Code Root Purge: 0.0 ms]
   [Clear CT: 0.4 ms]
   [Other: 5.4 ms]
      [Choose CSet: 0.0 ms]
      [Ref Proc: 4.7 ms]
      [Ref Enq: 0.2 ms]
      [Redirty Cards: 0.3 ms]
      [Humongous Register: 0.0 ms]
      [Humongous Reclaim: 0.0 ms]
      [Free CSet: 0.1 ms]
   [Eden: 7152.0M(7152.0M)->0.0B(7152.0M) Survivors: 16384.0K->16384.0K Heap: 10564.5M(14336.0M)->3412.5M(14336.0M)]
 [Times: user=0.07 sys=0.00, real=0.00 secs] 
2022-11-02T23:31:06.977-0600: 277767.398: [GC pause (G1 Evacuation Pause) (young), 0.0113335 secs]
   [Parallel Time: 5.3 ms, GC Workers: 14]
      [GC Worker Start (ms): Min: 277767397.9, Avg: 277767398.0, Max: 277767398.2, Diff: 0.3]
      [Ext Root Scanning (ms): Min: 0.3, Avg: 0.8, Max: 4.8, Diff: 4.6, Sum: 11.1]
      [Update RS (ms): Min: 0.0, Avg: 0.2, Max: 0.5, Diff: 0.5, Sum: 3.1]
         [Processed Buffers: Min: 0, Avg: 4.1, Max: 19, Diff: 19, Sum: 57]
      [Scan RS (ms): Min: 0.0, Avg: 0.0, Max: 0.1, Diff: 0.1, Sum: 0.4]
      [Code Root Scanning (ms): Min: 0.0, Avg: 0.0, Max: 0.0, Diff: 0.0, Sum: 0.0]
      [Object Copy (ms): Min: 0.0, Avg: 0.2, Max: 0.3, Diff: 0.3, Sum: 2.9]
      [Termination (ms): Min: 0.0, Avg: 3.5, Max: 3.8, Diff: 3.8, Sum: 49.1]
         [Termination Attempts: Min: 1, Avg: 1.1, Max: 2, Diff: 1, Sum: 15]
      [GC Worker Other (ms): Min: 0.0, Avg: 0.0, Max: 0.0, Diff: 0.0, Sum: 0.1]
      [GC Worker Total (ms): Min: 4.6, Avg: 4.8, Max: 4.9, Diff: 0.4, Sum: 66.6]
      [GC Worker End (ms): Min: 277767402.8, Avg: 277767402.8, Max: 277767402.8, Diff: 0.1]
   [Code Root Fixup: 0.0 ms]
   [Code Root Purge: 0.0 ms]
   [Clear CT: 0.4 ms]
   [Other: 5.7 ms]
      [Choose CSet: 0.0 ms]
      [Ref Proc: 4.9 ms]
      [Ref Enq: 0.3 ms]
      [Redirty Cards: 0.2 ms]
      [Humongous Register: 0.0 ms]
      [Humongous Reclaim: 0.0 ms]
      [Free CSet: 0.1 ms]
   [Eden: 7152.0M(7152.0M)->0.0B(7152.0M) Survivors: 16384.0K->16384.0K Heap: 10564.5M(14336.0M)->3412.5M(14336.0M)]
 [Times: user=0.09 sys=0.00, real=0.01 secs] 
2022-11-02T23:33:41.766-0600: 277922.186: [GC pause (G1 Evacuation Pause) (young) (initial-mark), 0.0147854 secs]
   [Parallel Time: 7.8 ms, GC Workers: 14]
      [GC Worker Start (ms): Min: 277922188.1, Avg: 277922188.2, Max: 277922188.4, Diff: 0.3]
      [Ext Root Scanning (ms): Min: 5.0, Avg: 5.2, Max: 5.4, Diff: 0.4, Sum: 73.4]
      [Update RS (ms): Min: 0.1, Avg: 0.2, Max: 0.4, Diff: 0.3, Sum: 3.0]
         [Processed Buffers: Min: 1, Avg: 3.9, Max: 30, Diff: 29, Sum: 54]
      [Scan RS (ms): Min: 0.0, Avg: 0.0, Max: 0.1, Diff: 0.1, Sum: 0.4]
      [Code Root Scanning (ms): Min: 0.0, Avg: 0.0, Max: 0.0, Diff: 0.0, Sum: 0.0]
      [Object Copy (ms): Min: 0.1, Avg: 0.2, Max: 0.3, Diff: 0.2, Sum: 3.2]
      [Termination (ms): Min: 0.0, Avg: 0.0, Max: 0.0, Diff: 0.0, Sum: 0.1]
         [Termination Attempts: Min: 1, Avg: 2.8, Max: 4, Diff: 3, Sum: 39]
      [GC Worker Other (ms): Min: 0.0, Avg: 0.1, Max: 0.2, Diff: 0.2, Sum: 0.9]
      [GC Worker Total (ms): Min: 5.5, Avg: 5.8, Max: 6.0, Diff: 0.5, Sum: 81.1]
      [GC Worker End (ms): Min: 277922194.0, Avg: 277922194.0, Max: 277922194.1, Diff: 0.2]
   [Code Root Fixup: 0.0 ms]
   [Code Root Purge: 0.0 ms]
   [Clear CT: 0.4 ms]
   [Other: 6.6 ms]
      [Choose CSet: 0.0 ms]
      [Ref Proc: 5.8 ms]
      [Ref Enq: 0.3 ms]
      [Redirty Cards: 0.2 ms]
      [Humongous Register: 0.0 ms]
      [Humongous Reclaim: 0.0 ms]
      [Free CSet: 0.2 ms]
   [Eden: 7152.0M(7152.0M)->0.0B(7152.0M) Survivors: 16384.0K->16384.0K Heap: 10564.5M(14336.0M)->3412.7M(14336.0M)]
 [Times: user=0.08 sys=0.00, real=0.02 secs] 
2022-11-02T23:33:41.781-0600: 277922.201: [GC concurrent-root-region-scan-start]
2022-11-02T23:33:41.785-0600: 277922.205: [GC concurrent-root-region-scan-end, 0.0037403 secs]
2022-11-02T23:33:41.785-0600: 277922.205: [GC concurrent-mark-start]
2022-11-02T23:33:42.332-0600: 277922.752: [GC concurrent-mark-end, 0.5472120 secs]
2022-11-02T23:33:42.332-0600: 277922.752: [GC remark 2022-11-02T23:33:42.332-0600: 277922.752: [Finalize Marking, 0.0007830 secs] 2022-11-02T23:33:42.333-0600: 277922.753: [GC ref-proc, 0.0082922 secs] 2022-11-02T23:33:42.341-0600: 277922.762: [Unloading, 0.0222140 secs], 0.0344894 secs]
 [Times: user=0.33 sys=0.00, real=0.04 secs] 
2022-11-02T23:33:42.367-0600: 277922.787: [GC cleanup 3452M->3452M(14336M), 0.0066591 secs]
 [Times: user=0.06 sys=0.00, real=0.01 secs] 
2022-11-02T23:36:18.716-0600: 278079.137: [GC pause (G1 Evacuation Pause) (young), 0.0101395 secs]
   [Parallel Time: 5.0 ms, GC Workers: 14]
      [GC Worker Start (ms): Min: 278079136.7, Avg: 278079136.8, Max: 278079137.0, Diff: 0.2]
      [Ext Root Scanning (ms): Min: 0.3, Avg: 0.7, Max: 4.7, Diff: 4.4, Sum: 10.2]
      [Update RS (ms): Min: 0.0, Avg: 0.2, Max: 0.4, Diff: 0.4, Sum: 2.7]
         [Processed Buffers: Min: 0, Avg: 3.7, Max: 11, Diff: 11, Sum: 52]
      [Scan RS (ms): Min: 0.0, Avg: 0.0, Max: 0.1, Diff: 0.1, Sum: 0.3]
      [Code Root Scanning (ms): Min: 0.0, Avg: 0.0, Max: 0.0, Diff: 0.0, Sum: 0.0]
      [Object Copy (ms): Min: 0.0, Avg: 0.2, Max: 0.2, Diff: 0.2, Sum: 2.2]
      [Termination (ms): Min: 0.0, Avg: 3.5, Max: 3.9, Diff: 3.9, Sum: 49.5]
         [Termination Attempts: Min: 1, Avg: 1.0, Max: 1, Diff: 0, Sum: 14]
      [GC Worker Other (ms): Min: 0.0, Avg: 0.0, Max: 0.0, Diff: 0.0, Sum: 0.1]
      [GC Worker Total (ms): Min: 4.5, Avg: 4.6, Max: 4.8, Diff: 0.3, Sum: 65.0]
      [GC Worker End (ms): Min: 278079141.4, Avg: 278079141.5, Max: 278079141.6, Diff: 0.1]
   [Code Root Fixup: 0.0 ms]
   [Code Root Purge: 0.0 ms]
   [Clear CT: 0.2 ms]
   [Other: 4.9 ms]
      [Choose CSet: 0.0 ms]
      [Ref Proc: 4.1 ms]
      [Ref Enq: 0.3 ms]
      [Redirty Cards: 0.2 ms]
      [Humongous Register: 0.0 ms]
      [Humongous Reclaim: 0.0 ms]
      [Free CSet: 0.2 ms]
   [Eden: 7152.0M(7152.0M)->0.0B(7152.0M) Survivors: 16384.0K->16384.0K Heap: 10564.7M(14336.0M)->3412.6M(14336.0M)]
 [Times: user=0.08 sys=0.00, real=0.01 secs] 
2022-11-02T23:38:52.867-0600: 278233.287: [GC pause (G1 Evacuation Pause) (young), 0.0107132 secs]
   [Parallel Time: 5.0 ms, GC Workers: 14]
      [GC Worker Start (ms): Min: 278233287.4, Avg: 278233287.5, Max: 278233287.7, Diff: 0.3]
      [Ext Root Scanning (ms): Min: 0.2, Avg: 0.7, Max: 4.3, Diff: 4.1, Sum: 9.8]
      [Update RS (ms): Min: 0.0, Avg: 0.2, Max: 0.4, Diff: 0.4, Sum: 2.7]
         [Processed Buffers: Min: 0, Avg: 4.0, Max: 19, Diff: 19, Sum: 56]
      [Scan RS (ms): Min: 0.0, Avg: 0.0, Max: 0.1, Diff: 0.1, Sum: 0.5]
      [Code Root Scanning (ms): Min: 0.0, Avg: 0.0, Max: 0.0, Diff: 0.0, Sum: 0.0]
      [Object Copy (ms): Min: 0.0, Avg: 0.2, Max: 0.3, Diff: 0.3, Sum: 2.5]
      [Termination (ms): Min: 0.0, Avg: 3.1, Max: 3.4, Diff: 3.4, Sum: 44.0]
         [Termination Attempts: Min: 1, Avg: 1.6, Max: 3, Diff: 2, Sum: 22]
      [GC Worker Other (ms): Min: 0.0, Avg: 0.0, Max: 0.0, Diff: 0.0, Sum: 0.1]
      [GC Worker Total (ms): Min: 4.1, Avg: 4.3, Max: 4.4, Diff: 0.3, Sum: 59.6]
      [GC Worker End (ms): Min: 278233291.7, Avg: 278233291.8, Max: 278233291.9, Diff: 0.1]
   [Code Root Fixup: 0.0 ms]
   [Code Root Purge: 0.0 ms]
   [Clear CT: 0.4 ms]
   [Other: 5.2 ms]
      [Choose CSet: 0.0 ms]
      [Ref Proc: 4.4 ms]
      [Ref Enq: 0.2 ms]
      [Redirty Cards: 0.2 ms]
      [Humongous Register: 0.0 ms]
      [Humongous Reclaim: 0.0 ms]
      [Free CSet: 0.3 ms]
   [Eden: 7152.0M(7152.0M)->0.0B(7152.0M) Survivors: 16384.0K->16384.0K Heap: 10564.6M(14336.0M)->3412.7M(14336.0M)]
 [Times: user=0.08 sys=0.00, real=0.01 secs] 
2022-11-02T23:41:28.916-0600: 278389.337: [GC pause (G1 Evacuation Pause) (young) (initial-mark), 0.0114641 secs]
   [Parallel Time: 6.9 ms, GC Workers: 14]
      [GC Worker Start (ms): Min: 278389338.0, Avg: 278389338.1, Max: 278389338.2, Diff: 0.2]
      [Ext Root Scanning (ms): Min: 4.8, Avg: 4.9, Max: 5.1, Diff: 0.3, Sum: 68.9]
      [Update RS (ms): Min: 0.1, Avg: 0.2, Max: 0.4, Diff: 0.2, Sum: 3.0]
         [Processed Buffers: Min: 1, Avg: 3.7, Max: 29, Diff: 28, Sum: 52]
      [Scan RS (ms): Min: 0.0, Avg: 0.0, Max: 0.1, Diff: 0.1, Sum: 0.4]
      [Code Root Scanning (ms): Min: 0.0, Avg: 0.0, Max: 0.0, Diff: 0.0, Sum: 0.0]
      [Object Copy (ms): Min: 0.1, Avg: 0.2, Max: 0.3, Diff: 0.2, Sum: 3.0]
      [Termination (ms): Min: 0.0, Avg: 0.0, Max: 0.0, Diff: 0.0, Sum: 0.1]
         [Termination Attempts: Min: 1, Avg: 1.0, Max: 1, Diff: 0, Sum: 14]
      [GC Worker Other (ms): Min: 0.0, Avg: 0.0, Max: 0.1, Diff: 0.1, Sum: 0.4]
      [GC Worker Total (ms): Min: 5.3, Avg: 5.4, Max: 5.5, Diff: 0.2, Sum: 75.8]
      [GC Worker End (ms): Min: 278389343.5, Avg: 278389343.5, Max: 278389343.5, Diff: 0.1]
   [Code Root Fixup: 0.0 ms]
   [Code Root Purge: 0.0 ms]
   [Clear CT: 0.4 ms]
   [Other: 4.2 ms]
      [Choose CSet: 0.0 ms]
      [Ref Proc: 3.4 ms]
      [Ref Enq: 0.2 ms]
      [Redirty Cards: 0.2 ms]
      [Humongous Register: 0.0 ms]
      [Humongous Reclaim: 0.0 ms]
      [Free CSet: 0.2 ms]
   [Eden: 7152.0M(7152.0M)->0.0B(7152.0M) Survivors: 16384.0K->16384.0K Heap: 10564.7M(14336.0M)->3413.4M(14336.0M)]
 [Times: user=0.07 sys=0.00, real=0.01 secs] 
2022-11-02T23:41:28.928-0600: 278389.348: [GC concurrent-root-region-scan-start]
2022-11-02T23:41:28.932-0600: 278389.352: [GC concurrent-root-region-scan-end, 0.0038337 secs]
2022-11-02T23:41:28.932-0600: 278389.352: [GC concurrent-mark-start]
2022-11-02T23:41:29.526-0600: 278389.946: [GC concurrent-mark-end, 0.5941752 secs]
2022-11-02T23:41:29.526-0600: 278389.947: [GC remark 2022-11-02T23:41:29.526-0600: 278389.947: [Finalize Marking, 0.0008220 secs] 2022-11-02T23:41:29.527-0600: 278389.947: [GC ref-proc, 0.0073078 secs] 2022-11-02T23:41:29.534-0600: 278389.955: [Unloading, 0.0231583 secs], 0.0336986 secs]
 [Times: user=0.33 sys=0.00, real=0.03 secs] 
2022-11-02T23:41:29.560-0600: 278389.980: [GC cleanup 3453M->3453M(14336M), 0.0068829 secs]
 [Times: user=0.05 sys=0.00, real=0.01 secs] 
2022-11-02T23:44:03.969-0600: 278544.389: [GC pause (G1 Evacuation Pause) (young), 0.0106962 secs]
   [Parallel Time: 5.1 ms, GC Workers: 14]
      [GC Worker Start (ms): Min: 278544389.5, Avg: 278544389.7, Max: 278544389.8, Diff: 0.3]
      [Ext Root Scanning (ms): Min: 0.3, Avg: 0.7, Max: 4.5, Diff: 4.3, Sum: 10.0]
      [Update RS (ms): Min: 0.0, Avg: 0.2, Max: 0.3, Diff: 0.3, Sum: 2.7]
         [Processed Buffers: Min: 0, Avg: 4.1, Max: 22, Diff: 22, Sum: 57]
      [Scan RS (ms): Min: 0.0, Avg: 0.0, Max: 0.1, Diff: 0.1, Sum: 0.5]
      [Code Root Scanning (ms): Min: 0.0, Avg: 0.0, Max: 0.0, Diff: 0.0, Sum: 0.0]
      [Object Copy (ms): Min: 0.0, Avg: 0.2, Max: 0.3, Diff: 0.3, Sum: 2.6]
      [Termination (ms): Min: 0.0, Avg: 3.3, Max: 3.6, Diff: 3.6, Sum: 46.3]
         [Termination Attempts: Min: 1, Avg: 14.5, Max: 23, Diff: 22, Sum: 203]
      [GC Worker Other (ms): Min: 0.0, Avg: 0.0, Max: 0.0, Diff: 0.0, Sum: 0.1]
      [GC Worker Total (ms): Min: 4.3, Avg: 4.4, Max: 4.6, Diff: 0.2, Sum: 62.3]
      [GC Worker End (ms): Min: 278544394.1, Avg: 278544394.1, Max: 278544394.2, Diff: 0.1]
   [Code Root Fixup: 0.0 ms]
   [Code Root Purge: 0.0 ms]
   [Clear CT: 0.4 ms]
   [Other: 5.3 ms]
      [Choose CSet: 0.0 ms]
      [Ref Proc: 4.5 ms]
      [Ref Enq: 0.2 ms]
      [Redirty Cards: 0.2 ms]
      [Humongous Register: 0.0 ms]
      [Humongous Reclaim: 0.0 ms]
      [Free CSet: 0.2 ms]
   [Eden: 7152.0M(7152.0M)->0.0B(7152.0M) Survivors: 16384.0K->16384.0K Heap: 10565.4M(14336.0M)->3413.1M(14336.0M)]
 [Times: user=0.08 sys=0.00, real=0.01 secs] 
2022-11-02T23:46:39.623-0600: 278700.044: [GC pause (G1 Evacuation Pause) (young), 0.0081978 secs]
   [Parallel Time: 3.2 ms, GC Workers: 14]
      [GC Worker Start (ms): Min: 278700043.7, Avg: 278700043.9, Max: 278700044.0, Diff: 0.3]
      [Ext Root Scanning (ms): Min: 0.3, Avg: 0.6, Max: 3.1, Diff: 2.8, Sum: 8.9]
      [Update RS (ms): Min: 0.0, Avg: 0.2, Max: 0.4, Diff: 0.4, Sum: 2.8]
         [Processed Buffers: Min: 0, Avg: 3.9, Max: 18, Diff: 18, Sum: 55]
      [Scan RS (ms): Min: 0.0, Avg: 0.0, Max: 0.1, Diff: 0.1, Sum: 0.5]
      [Code Root Scanning (ms): Min: 0.0, Avg: 0.0, Max: 0.0, Diff: 0.0, Sum: 0.0]
      [Object Copy (ms): Min: 0.0, Avg: 0.2, Max: 0.3, Diff: 0.3, Sum: 2.8]
      [Termination (ms): Min: 0.0, Avg: 1.9, Max: 2.1, Diff: 2.1, Sum: 26.4]
         [Termination Attempts: Min: 1, Avg: 1.5, Max: 3, Diff: 2, Sum: 21]
      [GC Worker Other (ms): Min: 0.0, Avg: 0.0, Max: 0.0, Diff: 0.0, Sum: 0.1]
      [GC Worker Total (ms): Min: 2.8, Avg: 3.0, Max: 3.1, Diff: 0.3, Sum: 41.4]
      [GC Worker End (ms): Min: 278700046.8, Avg: 278700046.8, Max: 278700046.9, Diff: 0.1]
   [Code Root Fixup: 0.0 ms]
   [Code Root Purge: 0.0 ms]
   [Clear CT: 0.3 ms]
   [Other: 4.6 ms]
      [Choose CSet: 0.0 ms]
      [Ref Proc: 4.0 ms]
      [Ref Enq: 0.3 ms]
      [Redirty Cards: 0.2 ms]
      [Humongous Register: 0.0 ms]
      [Humongous Reclaim: 0.0 ms]
      [Free CSet: 0.1 ms]
   [Eden: 7152.0M(7152.0M)->0.0B(7152.0M) Survivors: 16384.0K->16384.0K Heap: 10565.1M(14336.0M)->3413.0M(14336.0M)]
 [Times: user=0.06 sys=0.00, real=0.00 secs] 
2022-11-02T23:49:14.316-0600: 278854.736: [GC pause (G1 Evacuation Pause) (young) (initial-mark), 0.0131717 secs]
   [Parallel Time: 7.1 ms, GC Workers: 14]
      [GC Worker Start (ms): Min: 278854737.7, Avg: 278854737.8, Max: 278854738.0, Diff: 0.4]
      [Ext Root Scanning (ms): Min: 4.2, Avg: 4.4, Max: 4.6, Diff: 0.4, Sum: 62.1]
      [Update RS (ms): Min: 0.1, Avg: 0.2, Max: 0.4, Diff: 0.2, Sum: 3.1]
         [Processed Buffers: Min: 1, Avg: 4.1, Max: 19, Diff: 18, Sum: 58]
      [Scan RS (ms): Min: 0.0, Avg: 0.0, Max: 0.1, Diff: 0.1, Sum: 0.4]
      [Code Root Scanning (ms): Min: 0.0, Avg: 0.0, Max: 0.0, Diff: 0.0, Sum: 0.0]
      [Object Copy (ms): Min: 0.1, Avg: 0.2, Max: 0.3, Diff: 0.2, Sum: 3.1]
      [Termination (ms): Min: 0.0, Avg: 0.0, Max: 0.0, Diff: 0.0, Sum: 0.1]
         [Termination Attempts: Min: 3, Avg: 4.2, Max: 6, Diff: 3, Sum: 59]
      [GC Worker Other (ms): Min: 0.0, Avg: 0.1, Max: 0.3, Diff: 0.2, Sum: 1.2]
      [GC Worker Total (ms): Min: 4.7, Avg: 5.0, Max: 5.2, Diff: 0.4, Sum: 70.0]
      [GC Worker End (ms): Min: 278854742.7, Avg: 278854742.8, Max: 278854743.0, Diff: 0.2]
   [Code Root Fixup: 0.0 ms]
   [Code Root Purge: 0.0 ms]
   [Clear CT: 0.7 ms]
   [Other: 5.4 ms]
      [Choose CSet: 0.0 ms]
      [Ref Proc: 4.6 ms]
      [Ref Enq: 0.2 ms]
      [Redirty Cards: 0.2 ms]
      [Humongous Register: 0.0 ms]
      [Humongous Reclaim: 0.0 ms]
      [Free CSet: 0.2 ms]
   [Eden: 7152.0M(7152.0M)->0.0B(7152.0M) Survivors: 16384.0K->16384.0K Heap: 10565.0M(14336.0M)->3413.0M(14336.0M)]
 [Times: user=0.08 sys=0.00, real=0.01 secs] 
2022-11-02T23:49:14.329-0600: 278854.749: [GC concurrent-root-region-scan-start]
2022-11-02T23:49:14.333-0600: 278854.753: [GC concurrent-root-region-scan-end, 0.0038234 secs]
2022-11-02T23:49:14.333-0600: 278854.753: [GC concurrent-mark-start]
2022-11-02T23:49:14.917-0600: 278855.337: [GC concurrent-mark-end, 0.5839847 secs]
2022-11-02T23:49:14.917-0600: 278855.337: [GC remark 2022-11-02T23:49:14.917-0600: 278855.337: [Finalize Marking, 0.0055504 secs] 2022-11-02T23:49:14.922-0600: 278855.343: [GC ref-proc, 0.0268312 secs] 2022-11-02T23:49:14.949-0600: 278855.370: [Unloading, 0.0310872 secs], 0.0658121 secs]
 [Times: user=0.53 sys=0.00, real=0.07 secs] 
2022-11-02T23:49:14.984-0600: 278855.404: [GC cleanup 3445M->3445M(14336M), 0.0060849 secs]
 [Times: user=0.05 sys=0.00, real=0.00 secs] 
2022-11-02T23:51:50.615-0600: 279011.035: [GC pause (G1 Evacuation Pause) (young), 0.0097211 secs]
   [Parallel Time: 4.0 ms, GC Workers: 14]
      [GC Worker Start (ms): Min: 279011035.0, Avg: 279011035.2, Max: 279011035.4, Diff: 0.3]
      [Ext Root Scanning (ms): Min: 0.3, Avg: 0.7, Max: 3.5, Diff: 3.3, Sum: 9.8]
      [Update RS (ms): Min: 0.0, Avg: 0.3, Max: 0.5, Diff: 0.5, Sum: 3.9]
         [Processed Buffers: Min: 0, Avg: 4.1, Max: 12, Diff: 12, Sum: 58]
      [Scan RS (ms): Min: 0.0, Avg: 0.0, Max: 0.1, Diff: 0.1, Sum: 0.5]
      [Code Root Scanning (ms): Min: 0.0, Avg: 0.0, Max: 0.0, Diff: 0.0, Sum: 0.0]
      [Object Copy (ms): Min: 0.0, Avg: 0.2, Max: 0.3, Diff: 0.3, Sum: 2.8]
      [Termination (ms): Min: 0.0, Avg: 2.2, Max: 2.5, Diff: 2.5, Sum: 31.0]
         [Termination Attempts: Min: 1, Avg: 1.0, Max: 1, Diff: 0, Sum: 14]
      [GC Worker Other (ms): Min: 0.0, Avg: 0.0, Max: 0.0, Diff: 0.0, Sum: 0.1]
      [GC Worker Total (ms): Min: 3.3, Avg: 3.4, Max: 3.6, Diff: 0.3, Sum: 48.0]
      [GC Worker End (ms): Min: 279011038.6, Avg: 279011038.6, Max: 279011038.7, Diff: 0.1]
   [Code Root Fixup: 0.0 ms]
   [Code Root Purge: 0.0 ms]
   [Clear CT: 0.3 ms]
   [Other: 5.5 ms]
      [Choose CSet: 0.0 ms]
      [Ref Proc: 4.8 ms]
      [Ref Enq: 0.3 ms]
      [Redirty Cards: 0.2 ms]
      [Humongous Register: 0.0 ms]
      [Humongous Reclaim: 0.0 ms]
      [Free CSet: 0.1 ms]
   [Eden: 7152.0M(7152.0M)->0.0B(7152.0M) Survivors: 16384.0K->16384.0K Heap: 10565.0M(14336.0M)->3413.9M(14336.0M)]
 [Times: user=0.07 sys=0.00, real=0.01 secs] 
2022-11-02T23:54:24.975-0600: 279165.395: [GC pause (G1 Evacuation Pause) (young), 0.0109657 secs]
   [Parallel Time: 3.9 ms, GC Workers: 14]
      [GC Worker Start (ms): Min: 279165395.4, Avg: 279165395.6, Max: 279165395.8, Diff: 0.4]
      [Ext Root Scanning (ms): Min: 0.2, Avg: 0.7, Max: 3.5, Diff: 3.3, Sum: 10.3]
      [Update RS (ms): Min: 0.0, Avg: 0.2, Max: 0.4, Diff: 0.4, Sum: 3.1]
         [Processed Buffers: Min: 0, Avg: 4.4, Max: 20, Diff: 20, Sum: 62]
      [Scan RS (ms): Min: 0.0, Avg: 0.0, Max: 0.1, Diff: 0.1, Sum: 0.4]
      [Code Root Scanning (ms): Min: 0.0, Avg: 0.0, Max: 0.0, Diff: 0.0, Sum: 0.0]
      [Object Copy (ms): Min: 0.0, Avg: 0.2, Max: 0.3, Diff: 0.3, Sum: 2.7]
      [Termination (ms): Min: 0.0, Avg: 2.2, Max: 2.5, Diff: 2.5, Sum: 30.9]
         [Termination Attempts: Min: 1, Avg: 1.0, Max: 1, Diff: 0, Sum: 14]
      [GC Worker Other (ms): Min: 0.0, Avg: 0.0, Max: 0.0, Diff: 0.0, Sum: 0.1]
      [GC Worker Total (ms): Min: 3.0, Avg: 3.4, Max: 3.6, Diff: 0.5, Sum: 47.4]
      [GC Worker End (ms): Min: 279165398.9, Avg: 279165399.0, Max: 279165399.0, Diff: 0.1]
   [Code Root Fixup: 0.0 ms]
   [Code Root Purge: 0.0 ms]
   [Clear CT: 0.4 ms]
   [Other: 6.7 ms]
      [Choose CSet: 0.0 ms]
      [Ref Proc: 5.9 ms]
      [Ref Enq: 0.2 ms]
      [Redirty Cards: 0.2 ms]
      [Humongous Register: 0.0 ms]
      [Humongous Reclaim: 0.0 ms]
      [Free CSet: 0.2 ms]
   [Eden: 7152.0M(7152.0M)->0.0B(7152.0M) Survivors: 16384.0K->16384.0K Heap: 10565.9M(14336.0M)->3413.3M(14336.0M)]
 [Times: user=0.07 sys=0.00, real=0.01 secs] 
2022-11-02T23:57:01.216-0600: 279321.637: [GC pause (G1 Evacuation Pause) (young) (initial-mark), 0.0119554 secs]
   [Parallel Time: 7.1 ms, GC Workers: 14]
      [GC Worker Start (ms): Min: 279321638.4, Avg: 279321638.6, Max: 279321638.7, Diff: 0.3]
      [Ext Root Scanning (ms): Min: 3.9, Avg: 4.1, Max: 4.2, Diff: 0.3, Sum: 57.0]
      [Update RS (ms): Min: 0.1, Avg: 0.2, Max: 0.4, Diff: 0.3, Sum: 2.9]
         [Processed Buffers: Min: 1, Avg: 3.8, Max: 31, Diff: 30, Sum: 53]
      [Scan RS (ms): Min: 0.0, Avg: 0.0, Max: 0.1, Diff: 0.1, Sum: 0.4]
      [Code Root Scanning (ms): Min: 0.0, Avg: 0.0, Max: 0.0, Diff: 0.0, Sum: 0.0]
      [Object Copy (ms): Min: 0.0, Avg: 0.2, Max: 0.3, Diff: 0.3, Sum: 2.8]
      [Termination (ms): Min: 0.0, Avg: 0.0, Max: 0.0, Diff: 0.0, Sum: 0.0]
         [Termination Attempts: Min: 1, Avg: 1.0, Max: 1, Diff: 0, Sum: 14]
      [GC Worker Other (ms): Min: 0.0, Avg: 0.0, Max: 0.2, Diff: 0.1, Sum: 0.7]
      [GC Worker Total (ms): Min: 4.4, Avg: 4.6, Max: 4.8, Diff: 0.5, Sum: 63.8]
      [GC Worker End (ms): Min: 279321643.1, Avg: 279321643.1, Max: 279321643.2, Diff: 0.1]
   [Code Root Fixup: 0.0 ms]
   [Code Root Purge: 0.0 ms]
   [Clear CT: 0.4 ms]
   [Other: 4.5 ms]
      [Choose CSet: 0.0 ms]
      [Ref Proc: 3.8 ms]
      [Ref Enq: 0.2 ms]
      [Redirty Cards: 0.2 ms]
      [Humongous Register: 0.0 ms]
      [Humongous Reclaim: 0.0 ms]
      [Free CSet: 0.1 ms]
   [Eden: 7152.0M(7152.0M)->0.0B(7152.0M) Survivors: 16384.0K->16384.0K Heap: 10565.3M(14336.0M)->3413.4M(14336.0M)]
 [Times: user=0.07 sys=0.00, real=0.01 secs] 
2022-11-02T23:57:01.228-0600: 279321.649: [GC concurrent-root-region-scan-start]
2022-11-02T23:57:01.232-0600: 279321.652: [GC concurrent-root-region-scan-end, 0.0034623 secs]
2022-11-02T23:57:01.232-0600: 279321.652: [GC concurrent-mark-start]
2022-11-02T23:57:01.801-0600: 279322.221: [GC concurrent-mark-end, 0.5690206 secs]
2022-11-02T23:57:01.801-0600: 279322.221: [GC remark 2022-11-02T23:57:01.801-0600: 279322.221: [Finalize Marking, 0.0004890 secs] 2022-11-02T23:57:01.802-0600: 279322.222: [GC ref-proc, 0.0081924 secs] 2022-11-02T23:57:01.810-0600: 279322.230: [Unloading, 0.0237241 secs], 0.0349105 secs]
 [Times: user=0.33 sys=0.00, real=0.03 secs] 
2022-11-02T23:57:01.836-0600: 279322.257: [GC cleanup 3445M->3445M(14336M), 0.0058137 secs]
 [Times: user=0.05 sys=0.00, real=0.01 secs] 
2022-11-02T23:59:36.034-0600: 279476.454: [GC pause (G1 Evacuation Pause) (young), 0.0091000 secs]
   [Parallel Time: 4.9 ms, GC Workers: 14]
      [GC Worker Start (ms): Min: 279476454.5, Avg: 279476454.6, Max: 279476454.7, Diff: 0.2]
      [Ext Root Scanning (ms): Min: 0.3, Avg: 0.7, Max: 4.6, Diff: 4.3, Sum: 10.0]
      [Update RS (ms): Min: 0.0, Avg: 0.2, Max: 0.4, Diff: 0.4, Sum: 2.7]
         [Processed Buffers: Min: 0, Avg: 3.7, Max: 12, Diff: 12, Sum: 52]
      [Scan RS (ms): Min: 0.0, Avg: 0.0, Max: 0.1, Diff: 0.1, Sum: 0.4]
      [Code Root Scanning (ms): Min: 0.0, Avg: 0.0, Max: 0.0, Diff: 0.0, Sum: 0.0]
      [Object Copy (ms): Min: 0.0, Avg: 0.2, Max: 0.3, Diff: 0.3, Sum: 2.6]
      [Termination (ms): Min: 0.0, Avg: 3.4, Max: 3.7, Diff: 3.7, Sum: 47.8]
         [Termination Attempts: Min: 1, Avg: 1.4, Max: 3, Diff: 2, Sum: 20]
      [GC Worker Other (ms): Min: 0.0, Avg: 0.0, Max: 0.0, Diff: 0.0, Sum: 0.1]
      [GC Worker Total (ms): Min: 4.4, Avg: 4.5, Max: 4.6, Diff: 0.2, Sum: 63.5]
      [GC Worker End (ms): Min: 279476459.1, Avg: 279476459.1, Max: 279476459.2, Diff: 0.1]
   [Code Root Fixup: 0.0 ms]
   [Code Root Purge: 0.0 ms]
   [Clear CT: 0.3 ms]
   [Other: 3.9 ms]
      [Choose CSet: 0.0 ms]
      [Ref Proc: 3.3 ms]
      [Ref Enq: 0.2 ms]
      [Redirty Cards: 0.2 ms]
      [Humongous Register: 0.0 ms]
      [Humongous Reclaim: 0.0 ms]
      [Free CSet: 0.1 ms]
   [Eden: 7152.0M(7152.0M)->0.0B(7152.0M) Survivors: 16384.0K->16384.0K Heap: 10565.4M(14336.0M)->3413.3M(14336.0M)]
 [Times: user=0.08 sys=0.00, real=0.01 secs] 
2022-11-03T00:02:11.716-0600: 279632.136: [GC pause (G1 Evacuation Pause) (young), 0.0120829 secs]
   [Parallel Time: 4.9 ms, GC Workers: 14]
      [GC Worker Start (ms): Min: 279632136.4, Avg: 279632136.5, Max: 279632136.7, Diff: 0.3]
      [Ext Root Scanning (ms): Min: 0.2, Avg: 0.7, Max: 4.4, Diff: 4.2, Sum: 9.5]
      [Update RS (ms): Min: 0.0, Avg: 0.2, Max: 0.4, Diff: 0.4, Sum: 2.4]
         [Processed Buffers: Min: 0, Avg: 4.2, Max: 20, Diff: 20, Sum: 59]
      [Scan RS (ms): Min: 0.0, Avg: 0.0, Max: 0.1, Diff: 0.1, Sum: 0.4]
      [Code Root Scanning (ms): Min: 0.0, Avg: 0.0, Max: 0.0, Diff: 0.0, Sum: 0.0]
      [Object Copy (ms): Min: 0.0, Avg: 0.2, Max: 0.2, Diff: 0.2, Sum: 2.4]
      [Termination (ms): Min: 0.0, Avg: 3.2, Max: 3.6, Diff: 3.6, Sum: 45.5]
         [Termination Attempts: Min: 1, Avg: 1.4, Max: 3, Diff: 2, Sum: 19]
      [GC Worker Other (ms): Min: 0.0, Avg: 0.0, Max: 0.0, Diff: 0.0, Sum: 0.1]
      [GC Worker Total (ms): Min: 4.1, Avg: 4.3, Max: 4.5, Diff: 0.4, Sum: 60.2]
      [GC Worker End (ms): Min: 279632140.8, Avg: 279632140.8, Max: 279632140.9, Diff: 0.1]
   [Code Root Fixup: 0.0 ms]
   [Code Root Purge: 0.0 ms]
   [Clear CT: 0.4 ms]
   [Other: 6.8 ms]
      [Choose CSet: 0.0 ms]
      [Ref Proc: 6.1 ms]
      [Ref Enq: 0.2 ms]
      [Redirty Cards: 0.2 ms]
      [Humongous Register: 0.0 ms]
      [Humongous Reclaim: 0.0 ms]
      [Free CSet: 0.2 ms]
   [Eden: 7152.0M(7152.0M)->0.0B(7152.0M) Survivors: 16384.0K->16384.0K Heap: 10565.3M(14336.0M)->3414.0M(14336.0M)]
 [Times: user=0.09 sys=0.00, real=0.01 secs] 
2022-11-03T00:04:46.016-0600: 279786.436: [GC pause (G1 Evacuation Pause) (young) (initial-mark), 0.0117455 secs]
   [Parallel Time: 7.3 ms, GC Workers: 14]
      [GC Worker Start (ms): Min: 279786437.3, Avg: 279786437.4, Max: 279786437.5, Diff: 0.3]
      [Ext Root Scanning (ms): Min: 5.1, Avg: 5.3, Max: 5.4, Diff: 0.3, Sum: 73.7]
      [Update RS (ms): Min: 0.2, Avg: 0.2, Max: 0.3, Diff: 0.2, Sum: 3.1]
         [Processed Buffers: Min: 1, Avg: 4.0, Max: 16, Diff: 15, Sum: 56]
      [Scan RS (ms): Min: 0.0, Avg: 0.0, Max: 0.1, Diff: 0.1, Sum: 0.4]
      [Code Root Scanning (ms): Min: 0.0, Avg: 0.0, Max: 0.0, Diff: 0.0, Sum: 0.0]
      [Object Copy (ms): Min: 0.1, Avg: 0.2, Max: 0.3, Diff: 0.2, Sum: 3.0]
      [Termination (ms): Min: 0.0, Avg: 0.0, Max: 0.0, Diff: 0.0, Sum: 0.0]
         [Termination Attempts: Min: 1, Avg: 1.9, Max: 3, Diff: 2, Sum: 26]
      [GC Worker Other (ms): Min: 0.0, Avg: 0.0, Max: 0.1, Diff: 0.1, Sum: 0.6]
      [GC Worker Total (ms): Min: 5.6, Avg: 5.8, Max: 5.9, Diff: 0.3, Sum: 80.8]
      [GC Worker End (ms): Min: 279786443.1, Avg: 279786443.2, Max: 279786443.2, Diff: 0.1]
   [Code Root Fixup: 0.0 ms]
   [Code Root Purge: 0.0 ms]
   [Clear CT: 0.4 ms]
   [Other: 4.0 ms]
      [Choose CSet: 0.0 ms]
      [Ref Proc: 3.4 ms]
      [Ref Enq: 0.2 ms]
      [Redirty Cards: 0.2 ms]
      [Humongous Register: 0.0 ms]
      [Humongous Reclaim: 0.0 ms]
      [Free CSet: 0.1 ms]
   [Eden: 7152.0M(7152.0M)->0.0B(7152.0M) Survivors: 16384.0K->16384.0K Heap: 10566.0M(14336.0M)->3413.8M(14336.0M)]
 [Times: user=0.07 sys=0.00, real=0.01 secs] 
2022-11-03T00:04:46.027-0600: 279786.448: [GC concurrent-root-region-scan-start]
2022-11-03T00:04:46.031-0600: 279786.451: [GC concurrent-root-region-scan-end, 0.0035618 secs]
2022-11-03T00:04:46.031-0600: 279786.451: [GC concurrent-mark-start]
2022-11-03T00:04:46.559-0600: 279786.979: [GC concurrent-mark-end, 0.5277536 secs]
2022-11-03T00:04:46.559-0600: 279786.979: [GC remark 2022-11-03T00:04:46.559-0600: 279786.979: [Finalize Marking, 0.0005007 secs] 2022-11-03T00:04:46.560-0600: 279786.980: [GC ref-proc, 0.0065747 secs] 2022-11-03T00:04:46.566-0600: 279786.986: [Unloading, 0.0214886 secs], 0.0307179 secs]
 [Times: user=0.32 sys=0.00, real=0.03 secs] 
2022-11-03T00:04:46.590-0600: 279787.010: [GC cleanup 3437M->3437M(14336M), 0.0055335 secs]
 [Times: user=0.05 sys=0.00, real=0.01 secs] 
2022-11-03T00:07:22.867-0600: 279943.287: [GC pause (G1 Evacuation Pause) (young), 0.0091701 secs]
   [Parallel Time: 4.3 ms, GC Workers: 14]
      [GC Worker Start (ms): Min: 279943287.4, Avg: 279943287.5, Max: 279943287.6, Diff: 0.2]
      [Ext Root Scanning (ms): Min: 0.3, Avg: 0.7, Max: 4.1, Diff: 3.8, Sum: 9.5]
      [Update RS (ms): Min: 0.0, Avg: 0.2, Max: 0.4, Diff: 0.4, Sum: 2.5]
         [Processed Buffers: Min: 0, Avg: 4.0, Max: 14, Diff: 14, Sum: 56]
      [Scan RS (ms): Min: 0.0, Avg: 0.0, Max: 0.1, Diff: 0.1, Sum: 0.4]
      [Code Root Scanning (ms): Min: 0.0, Avg: 0.0, Max: 0.0, Diff: 0.0, Sum: 0.0]
      [Object Copy (ms): Min: 0.0, Avg: 0.2, Max: 0.3, Diff: 0.3, Sum: 2.4]
      [Termination (ms): Min: 0.0, Avg: 3.0, Max: 3.3, Diff: 3.3, Sum: 41.7]
         [Termination Attempts: Min: 1, Avg: 1.3, Max: 2, Diff: 1, Sum: 18]
      [GC Worker Other (ms): Min: 0.0, Avg: 0.0, Max: 0.0, Diff: 0.0, Sum: 0.1]
      [GC Worker Total (ms): Min: 3.9, Avg: 4.0, Max: 4.1, Diff: 0.2, Sum: 56.6]
      [GC Worker End (ms): Min: 279943291.5, Avg: 279943291.5, Max: 279943291.6, Diff: 0.1]
   [Code Root Fixup: 0.0 ms]
   [Code Root Purge: 0.0 ms]
   [Clear CT: 0.8 ms]
   [Other: 4.0 ms]
      [Choose CSet: 0.0 ms]
      [Ref Proc: 3.3 ms]
      [Ref Enq: 0.2 ms]
      [Redirty Cards: 0.3 ms]
      [Humongous Register: 0.0 ms]
      [Humongous Reclaim: 0.0 ms]
      [Free CSet: 0.1 ms]
   [Eden: 7152.0M(7152.0M)->0.0B(7152.0M) Survivors: 16384.0K->16384.0K Heap: 10565.8M(14336.0M)->3413.5M(14336.0M)]
 [Times: user=0.07 sys=0.00, real=0.01 secs] 
2022-11-03T00:09:56.998-0600: 280097.418: [GC pause (G1 Evacuation Pause) (young), 0.0109440 secs]
   [Parallel Time: 5.5 ms, GC Workers: 14]
      [GC Worker Start (ms): Min: 280097418.2, Avg: 280097418.4, Max: 280097419.3, Diff: 1.1]
      [Ext Root Scanning (ms): Min: 0.0, Avg: 0.8, Max: 5.2, Diff: 5.2, Sum: 11.5]
      [Update RS (ms): Min: 0.0, Avg: 0.2, Max: 0.5, Diff: 0.5, Sum: 3.1]
         [Processed Buffers: Min: 0, Avg: 3.9, Max: 13, Diff: 13, Sum: 55]
      [Scan RS (ms): Min: 0.0, Avg: 0.0, Max: 0.1, Diff: 0.1, Sum: 0.4]
      [Code Root Scanning (ms): Min: 0.0, Avg: 0.0, Max: 0.0, Diff: 0.0, Sum: 0.0]
      [Object Copy (ms): Min: 0.0, Avg: 0.2, Max: 0.3, Diff: 0.3, Sum: 2.6]
      [Termination (ms): Min: 0.0, Avg: 3.8, Max: 4.1, Diff: 4.1, Sum: 52.7]
         [Termination Attempts: Min: 1, Avg: 2.5, Max: 4, Diff: 3, Sum: 35]
      [GC Worker Other (ms): Min: 0.0, Avg: 0.0, Max: 0.0, Diff: 0.0, Sum: 0.1]
      [GC Worker Total (ms): Min: 4.1, Avg: 5.0, Max: 5.2, Diff: 1.1, Sum: 70.5]
      [GC Worker End (ms): Min: 280097423.4, Avg: 280097423.4, Max: 280097423.4, Diff: 0.1]
   [Code Root Fixup: 0.0 ms]
   [Code Root Purge: 0.0 ms]
   [Clear CT: 0.4 ms]
   [Other: 5.1 ms]
      [Choose CSet: 0.0 ms]
      [Ref Proc: 4.4 ms]
      [Ref Enq: 0.3 ms]
      [Redirty Cards: 0.2 ms]
      [Humongous Register: 0.0 ms]
      [Humongous Reclaim: 0.0 ms]
      [Free CSet: 0.1 ms]
   [Eden: 7152.0M(7152.0M)->0.0B(7152.0M) Survivors: 16384.0K->16384.0K Heap: 10565.5M(14336.0M)->3413.6M(14336.0M)]
 [Times: user=0.09 sys=0.00, real=0.01 secs] 
2022-11-03T00:12:31.610-0600: 280252.030: [GC pause (G1 Evacuation Pause) (young) (initial-mark), 0.0124046 secs]
   [Parallel Time: 7.7 ms, GC Workers: 14]
      [GC Worker Start (ms): Min: 280252031.4, Avg: 280252031.6, Max: 280252031.7, Diff: 0.2]
      [Ext Root Scanning (ms): Min: 5.5, Avg: 5.6, Max: 5.8, Diff: 0.3, Sum: 78.5]
      [Update RS (ms): Min: 0.1, Avg: 0.2, Max: 0.4, Diff: 0.2, Sum: 3.1]
         [Processed Buffers: Min: 1, Avg: 3.9, Max: 28, Diff: 27, Sum: 55]
      [Scan RS (ms): Min: 0.0, Avg: 0.0, Max: 0.1, Diff: 0.1, Sum: 0.3]
      [Code Root Scanning (ms): Min: 0.0, Avg: 0.0, Max: 0.0, Diff: 0.0, Sum: 0.0]
      [Object Copy (ms): Min: 0.1, Avg: 0.3, Max: 0.4, Diff: 0.3, Sum: 4.4]
      [Termination (ms): Min: 0.0, Avg: 0.0, Max: 0.0, Diff: 0.0, Sum: 0.0]
         [Termination Attempts: Min: 1, Avg: 1.0, Max: 1, Diff: 0, Sum: 14]
      [GC Worker Other (ms): Min: 0.0, Avg: 0.1, Max: 0.1, Diff: 0.1, Sum: 0.9]
      [GC Worker Total (ms): Min: 6.1, Avg: 6.2, Max: 6.4, Diff: 0.3, Sum: 87.3]
      [GC Worker End (ms): Min: 280252037.7, Avg: 280252037.8, Max: 280252037.9, Diff: 0.1]
   [Code Root Fixup: 0.0 ms]
   [Code Root Purge: 0.0 ms]
   [Clear CT: 0.5 ms]
   [Other: 4.2 ms]
      [Choose CSet: 0.0 ms]
      [Ref Proc: 3.6 ms]
      [Ref Enq: 0.2 ms]
      [Redirty Cards: 0.2 ms]
      [Humongous Register: 0.0 ms]
      [Humongous Reclaim: 0.0 ms]
      [Free CSet: 0.1 ms]
   [Eden: 7152.0M(7152.0M)->0.0B(7152.0M) Survivors: 16384.0K->16384.0K Heap: 10565.6M(14336.0M)->3415.9M(14336.0M)]
 [Times: user=0.07 sys=0.00, real=0.02 secs] 
2022-11-03T00:12:31.622-0600: 280252.043: [GC concurrent-root-region-scan-start]
2022-11-03T00:12:31.627-0600: 280252.047: [GC concurrent-root-region-scan-end, 0.0042047 secs]
2022-11-03T00:12:31.627-0600: 280252.047: [GC concurrent-mark-start]
2022-11-03T00:12:32.193-0600: 280252.613: [GC concurrent-mark-end, 0.5663163 secs]
2022-11-03T00:12:32.193-0600: 280252.613: [GC remark 2022-11-03T00:12:32.193-0600: 280252.613: [Finalize Marking, 0.0007832 secs] 2022-11-03T00:12:32.194-0600: 280252.614: [GC ref-proc, 0.0063681 secs] 2022-11-03T00:12:32.200-0600: 280252.621: [Unloading, 0.0223059 secs], 0.0318027 secs]
 [Times: user=0.32 sys=0.00, real=0.03 secs] 
2022-11-03T00:12:32.225-0600: 280252.645: [GC cleanup 3471M->3471M(14336M), 0.0055146 secs]
 [Times: user=0.05 sys=0.00, real=0.00 secs] 
2022-11-03T00:15:07.865-0600: 280408.285: [GC pause (G1 Evacuation Pause) (young), 0.0093733 secs]
   [Parallel Time: 4.6 ms, GC Workers: 14]
      [GC Worker Start (ms): Min: 280408285.2, Avg: 280408285.3, Max: 280408285.4, Diff: 0.2]
      [Ext Root Scanning (ms): Min: 0.3, Avg: 0.7, Max: 4.2, Diff: 3.9, Sum: 10.1]
      [Update RS (ms): Min: 0.0, Avg: 0.2, Max: 0.4, Diff: 0.4, Sum: 2.6]
         [Processed Buffers: Min: 0, Avg: 4.0, Max: 34, Diff: 34, Sum: 56]
      [Scan RS (ms): Min: 0.0, Avg: 0.0, Max: 0.1, Diff: 0.1, Sum: 0.4]
      [Code Root Scanning (ms): Min: 0.0, Avg: 0.0, Max: 0.0, Diff: 0.0, Sum: 0.0]
      [Object Copy (ms): Min: 0.0, Avg: 0.2, Max: 0.2, Diff: 0.2, Sum: 2.6]
      [Termination (ms): Min: 0.0, Avg: 3.1, Max: 3.4, Diff: 3.4, Sum: 43.1]
         [Termination Attempts: Min: 1, Avg: 11.1, Max: 16, Diff: 15, Sum: 156]
      [GC Worker Other (ms): Min: 0.0, Avg: 0.0, Max: 0.0, Diff: 0.0, Sum: 0.1]
      [GC Worker Total (ms): Min: 4.2, Avg: 4.2, Max: 4.3, Diff: 0.1, Sum: 58.8]
      [GC Worker End (ms): Min: 280408289.5, Avg: 280408289.5, Max: 280408289.6, Diff: 0.1]
   [Code Root Fixup: 0.0 ms]
   [Code Root Purge: 0.0 ms]
   [Clear CT: 0.2 ms]
   [Other: 4.6 ms]
      [Choose CSet: 0.0 ms]
      [Ref Proc: 3.8 ms]
      [Ref Enq: 0.3 ms]
      [Redirty Cards: 0.2 ms]
      [Humongous Register: 0.0 ms]
      [Humongous Reclaim: 0.0 ms]
      [Free CSet: 0.2 ms]
   [Eden: 7152.0M(7152.0M)->0.0B(7152.0M) Survivors: 16384.0K->16384.0K Heap: 10567.9M(14336.0M)->3416.3M(14336.0M)]
 [Times: user=0.07 sys=0.00, real=0.01 secs] 
2022-11-03T00:17:42.965-0600: 280563.386: [GC pause (G1 Evacuation Pause) (young), 0.0103084 secs]
   [Parallel Time: 4.6 ms, GC Workers: 14]
      [GC Worker Start (ms): Min: 280563385.8, Avg: 280563385.9, Max: 280563386.1, Diff: 0.3]
      [Ext Root Scanning (ms): Min: 0.2, Avg: 0.7, Max: 4.4, Diff: 4.2, Sum: 9.7]
      [Update RS (ms): Min: 0.0, Avg: 0.2, Max: 0.3, Diff: 0.3, Sum: 2.8]
         [Processed Buffers: Min: 0, Avg: 4.2, Max: 29, Diff: 29, Sum: 59]
      [Scan RS (ms): Min: 0.0, Avg: 0.0, Max: 0.1, Diff: 0.1, Sum: 0.4]
      [Code Root Scanning (ms): Min: 0.0, Avg: 0.0, Max: 0.0, Diff: 0.0, Sum: 0.0]
      [Object Copy (ms): Min: 0.0, Avg: 0.2, Max: 0.3, Diff: 0.2, Sum: 2.5]
      [Termination (ms): Min: 0.0, Avg: 3.3, Max: 3.6, Diff: 3.6, Sum: 45.8]
         [Termination Attempts: Min: 1, Avg: 4.0, Max: 7, Diff: 6, Sum: 56]
      [GC Worker Other (ms): Min: 0.0, Avg: 0.0, Max: 0.0, Diff: 0.0, Sum: 0.1]
      [GC Worker Total (ms): Min: 4.1, Avg: 4.4, Max: 4.5, Diff: 0.3, Sum: 61.3]
      [GC Worker End (ms): Min: 280563390.3, Avg: 280563390.3, Max: 280563390.4, Diff: 0.1]
   [Code Root Fixup: 0.0 ms]
   [Code Root Purge: 0.0 ms]
   [Clear CT: 0.4 ms]
   [Other: 5.3 ms]
      [Choose CSet: 0.0 ms]
      [Ref Proc: 4.6 ms]
      [Ref Enq: 0.2 ms]
      [Redirty Cards: 0.2 ms]
      [Humongous Register: 0.0 ms]
      [Humongous Reclaim: 0.0 ms]
      [Free CSet: 0.2 ms]
   [Eden: 7152.0M(7152.0M)->0.0B(7152.0M) Survivors: 16384.0K->16384.0K Heap: 10568.3M(14336.0M)->3414.4M(14336.0M)]
 [Times: user=0.08 sys=0.00, real=0.01 secs] 
2022-11-03T00:20:18.417-0600: 280718.837: [GC pause (G1 Evacuation Pause) (young) (initial-mark), 0.0121735 secs]
   [Parallel Time: 6.7 ms, GC Workers: 14]
      [GC Worker Start (ms): Min: 280718838.1, Avg: 280718838.2, Max: 280718838.4, Diff: 0.3]
      [Ext Root Scanning (ms): Min: 4.5, Avg: 4.6, Max: 4.8, Diff: 0.3, Sum: 64.8]
      [Update RS (ms): Min: 0.1, Avg: 0.2, Max: 0.5, Diff: 0.3, Sum: 2.9]
         [Processed Buffers: Min: 1, Avg: 4.0, Max: 22, Diff: 21, Sum: 56]
      [Scan RS (ms): Min: 0.0, Avg: 0.0, Max: 0.0, Diff: 0.0, Sum: 0.3]
      [Code Root Scanning (ms): Min: 0.0, Avg: 0.0, Max: 0.0, Diff: 0.0, Sum: 0.0]
      [Object Copy (ms): Min: 0.1, Avg: 0.2, Max: 0.2, Diff: 0.2, Sum: 2.7]
      [Termination (ms): Min: 0.0, Avg: 0.1, Max: 0.1, Diff: 0.1, Sum: 1.8]
         [Termination Attempts: Min: 1, Avg: 1.0, Max: 1, Diff: 0, Sum: 14]
      [GC Worker Other (ms): Min: 0.0, Avg: 0.0, Max: 0.0, Diff: 0.0, Sum: 0.2]
      [GC Worker Total (ms): Min: 5.0, Avg: 5.2, Max: 5.3, Diff: 0.3, Sum: 72.7]
      [GC Worker End (ms): Min: 280718843.4, Avg: 280718843.4, Max: 280718843.4, Diff: 0.1]
   [Code Root Fixup: 0.0 ms]
   [Code Root Purge: 0.0 ms]
   [Clear CT: 0.4 ms]
   [Other: 5.1 ms]
      [Choose CSet: 0.0 ms]
      [Ref Proc: 4.3 ms]
      [Ref Enq: 0.3 ms]
      [Redirty Cards: 0.2 ms]
      [Humongous Register: 0.0 ms]
      [Humongous Reclaim: 0.0 ms]
      [Free CSet: 0.2 ms]
   [Eden: 7152.0M(7152.0M)->0.0B(7152.0M) Survivors: 16384.0K->16384.0K Heap: 10566.4M(14336.0M)->3414.0M(14336.0M)]
 [Times: user=0.05 sys=0.02, real=0.01 secs] 
2022-11-03T00:20:18.429-0600: 280718.849: [GC concurrent-root-region-scan-start]
2022-11-03T00:20:18.433-0600: 280718.853: [GC concurrent-root-region-scan-end, 0.0037337 secs]
2022-11-03T00:20:18.433-0600: 280718.853: [GC concurrent-mark-start]
2022-11-03T00:20:19.003-0600: 280719.423: [GC concurrent-mark-end, 0.5702866 secs]
2022-11-03T00:20:19.003-0600: 280719.423: [GC remark 2022-11-03T00:20:19.003-0600: 280719.423: [Finalize Marking, 0.0007519 secs] 2022-11-03T00:20:19.004-0600: 280719.424: [GC ref-proc, 0.0084094 secs] 2022-11-03T00:20:19.012-0600: 280719.433: [Unloading, 0.0222730 secs], 0.0340680 secs]
 [Times: user=0.33 sys=0.00, real=0.03 secs] 
2022-11-03T00:20:19.038-0600: 280719.458: [GC cleanup 3454M->3454M(14336M), 0.0089491 secs]
 [Times: user=0.06 sys=0.00, real=0.01 secs] 
2022-11-03T00:22:52.719-0600: 280873.139: [GC pause (G1 Evacuation Pause) (young), 0.0093052 secs]
   [Parallel Time: 3.5 ms, GC Workers: 14]
      [GC Worker Start (ms): Min: 280873139.2, Avg: 280873139.3, Max: 280873139.4, Diff: 0.3]
      [Ext Root Scanning (ms): Min: 0.3, Avg: 0.6, Max: 3.2, Diff: 2.9, Sum: 8.8]
      [Update RS (ms): Min: 0.0, Avg: 0.2, Max: 0.4, Diff: 0.4, Sum: 2.7]
         [Processed Buffers: Min: 0, Avg: 3.9, Max: 13, Diff: 13, Sum: 54]
      [Scan RS (ms): Min: 0.0, Avg: 0.0, Max: 0.1, Diff: 0.1, Sum: 0.4]
      [Code Root Scanning (ms): Min: 0.0, Avg: 0.0, Max: 0.0, Diff: 0.0, Sum: 0.0]
      [Object Copy (ms): Min: 0.0, Avg: 0.2, Max: 0.3, Diff: 0.3, Sum: 2.7]
      [Termination (ms): Min: 0.0, Avg: 2.0, Max: 2.2, Diff: 2.2, Sum: 28.3]
         [Termination Attempts: Min: 1, Avg: 1.0, Max: 1, Diff: 0, Sum: 14]
      [GC Worker Other (ms): Min: 0.0, Avg: 0.0, Max: 0.0, Diff: 0.0, Sum: 0.1]
      [GC Worker Total (ms): Min: 2.9, Avg: 3.1, Max: 3.2, Diff: 0.3, Sum: 42.9]
      [GC Worker End (ms): Min: 280873142.3, Avg: 280873142.4, Max: 280873142.4, Diff: 0.1]
   [Code Root Fixup: 0.0 ms]
   [Code Root Purge: 0.0 ms]
   [Clear CT: 0.3 ms]
   [Other: 5.5 ms]
      [Choose CSet: 0.0 ms]
      [Ref Proc: 4.6 ms]
      [Ref Enq: 0.3 ms]
      [Redirty Cards: 0.2 ms]
      [Humongous Register: 0.0 ms]
      [Humongous Reclaim: 0.0 ms]
      [Free CSet: 0.3 ms]
   [Eden: 7152.0M(7152.0M)->0.0B(7152.0M) Survivors: 16384.0K->16384.0K Heap: 10566.0M(14336.0M)->3414.2M(14336.0M)]
 [Times: user=0.07 sys=0.00, real=0.01 secs] 
2022-11-03T00:25:28.694-0600: 281029.115: [GC pause (G1 Evacuation Pause) (young), 0.0109966 secs]
   [Parallel Time: 4.0 ms, GC Workers: 14]
      [GC Worker Start (ms): Min: 281029114.7, Avg: 281029114.9, Max: 281029115.0, Diff: 0.3]
      [Ext Root Scanning (ms): Min: 0.2, Avg: 0.6, Max: 3.3, Diff: 3.1, Sum: 9.0]
      [Update RS (ms): Min: 0.0, Avg: 0.2, Max: 0.3, Diff: 0.3, Sum: 3.0]
         [Processed Buffers: Min: 0, Avg: 4.4, Max: 21, Diff: 21, Sum: 61]
      [Scan RS (ms): Min: 0.0, Avg: 0.0, Max: 0.1, Diff: 0.0, Sum: 0.4]
      [Code Root Scanning (ms): Min: 0.0, Avg: 0.0, Max: 0.0, Diff: 0.0, Sum: 0.0]
      [Object Copy (ms): Min: 0.0, Avg: 0.2, Max: 0.3, Diff: 0.3, Sum: 2.7]
      [Termination (ms): Min: 0.0, Avg: 2.1, Max: 2.4, Diff: 2.4, Sum: 30.1]
         [Termination Attempts: Min: 1, Avg: 11.1, Max: 17, Diff: 16, Sum: 155]
      [GC Worker Other (ms): Min: 0.0, Avg: 0.0, Max: 0.0, Diff: 0.0, Sum: 0.1]
      [GC Worker Total (ms): Min: 3.0, Avg: 3.2, Max: 3.4, Diff: 0.4, Sum: 45.3]
      [GC Worker End (ms): Min: 281029118.0, Avg: 281029118.1, Max: 281029118.2, Diff: 0.1]
   [Code Root Fixup: 0.0 ms]
   [Code Root Purge: 0.0 ms]
   [Clear CT: 0.4 ms]
   [Other: 6.6 ms]
      [Choose CSet: 0.0 ms]
      [Ref Proc: 5.8 ms]
      [Ref Enq: 0.3 ms]
      [Redirty Cards: 0.2 ms]
      [Humongous Register: 0.0 ms]
      [Humongous Reclaim: 0.0 ms]
      [Free CSet: 0.2 ms]
   [Eden: 7152.0M(7152.0M)->0.0B(7152.0M) Survivors: 16384.0K->16384.0K Heap: 10566.2M(14336.0M)->3414.1M(14336.0M)]
 [Times: user=0.06 sys=0.00, real=0.01 secs] 
2022-11-03T00:28:02.968-0600: 281183.388: [GC pause (G1 Evacuation Pause) (young) (initial-mark), 0.0122085 secs]
   [Parallel Time: 7.3 ms, GC Workers: 14]
      [GC Worker Start (ms): Min: 281183389.9, Avg: 281183390.1, Max: 281183390.2, Diff: 0.3]
      [Ext Root Scanning (ms): Min: 4.0, Avg: 4.2, Max: 4.3, Diff: 0.3, Sum: 58.2]
      [Update RS (ms): Min: 0.2, Avg: 0.3, Max: 0.5, Diff: 0.3, Sum: 4.1]
         [Processed Buffers: Min: 1, Avg: 4.1, Max: 28, Diff: 27, Sum: 57]
      [Scan RS (ms): Min: 0.0, Avg: 0.0, Max: 0.1, Diff: 0.1, Sum: 0.4]
      [Code Root Scanning (ms): Min: 0.0, Avg: 0.0, Max: 0.0, Diff: 0.0, Sum: 0.0]
      [Object Copy (ms): Min: 0.1, Avg: 0.2, Max: 0.3, Diff: 0.2, Sum: 3.5]
      [Termination (ms): Min: 0.0, Avg: 0.0, Max: 0.0, Diff: 0.0, Sum: 0.3]
         [Termination Attempts: Min: 1, Avg: 10.0, Max: 17, Diff: 16, Sum: 140]
      [GC Worker Other (ms): Min: 0.0, Avg: 0.1, Max: 0.2, Diff: 0.1, Sum: 0.9]
      [GC Worker Total (ms): Min: 4.6, Avg: 4.8, Max: 4.9, Diff: 0.3, Sum: 67.3]
      [GC Worker End (ms): Min: 281183394.8, Avg: 281183394.9, Max: 281183395.0, Diff: 0.1]
   [Code Root Fixup: 0.0 ms]
   [Code Root Purge: 0.0 ms]
   [Clear CT: 0.4 ms]
   [Other: 4.5 ms]
      [Choose CSet: 0.0 ms]
      [Ref Proc: 3.7 ms]
      [Ref Enq: 0.2 ms]
      [Redirty Cards: 0.2 ms]
      [Humongous Register: 0.0 ms]
      [Humongous Reclaim: 0.0 ms]
      [Free CSet: 0.2 ms]
   [Eden: 7152.0M(7152.0M)->0.0B(7152.0M) Survivors: 16384.0K->16384.0K Heap: 10566.1M(14336.0M)->3414.2M(14336.0M)]
 [Times: user=0.07 sys=0.00, real=0.01 secs] 
2022-11-03T00:28:02.980-0600: 281183.400: [GC concurrent-root-region-scan-start]
2022-11-03T00:28:02.983-0600: 281183.404: [GC concurrent-root-region-scan-end, 0.0035037 secs]
2022-11-03T00:28:02.983-0600: 281183.404: [GC concurrent-mark-start]
2022-11-03T00:28:03.682-0600: 281184.103: [GC concurrent-mark-end, 0.6988755 secs]
2022-11-03T00:28:03.683-0600: 281184.104: [GC remark 2022-11-03T00:28:03.683-0600: 281184.104: [Finalize Marking, 0.0006570 secs] 2022-11-03T00:28:03.684-0600: 281184.104: [GC ref-proc, 0.0066082 secs] 2022-11-03T00:28:03.691-0600: 281184.111: [Unloading, 0.0213273 secs], 0.0306093 secs]
 [Times: user=0.32 sys=0.00, real=0.03 secs] 
2022-11-03T00:28:03.714-0600: 281184.134: [GC cleanup 3462M->3462M(14336M), 0.0063311 secs]
 [Times: user=0.05 sys=0.00, real=0.01 secs] 
2022-11-03T00:30:39.019-0600: 281339.439: [GC pause (G1 Evacuation Pause) (young), 0.0156813 secs]
   [Parallel Time: 6.7 ms, GC Workers: 14]
      [GC Worker Start (ms): Min: 281339439.4, Avg: 281339439.5, Max: 281339439.6, Diff: 0.2]
      [Ext Root Scanning (ms): Min: 0.4, Avg: 0.9, Max: 5.6, Diff: 5.2, Sum: 12.4]
      [Update RS (ms): Min: 0.0, Avg: 0.2, Max: 0.6, Diff: 0.6, Sum: 3.5]
         [Processed Buffers: Min: 0, Avg: 3.9, Max: 18, Diff: 18, Sum: 55]
      [Scan RS (ms): Min: 0.0, Avg: 0.0, Max: 0.1, Diff: 0.1, Sum: 0.6]
      [Code Root Scanning (ms): Min: 0.0, Avg: 0.0, Max: 0.0, Diff: 0.0, Sum: 0.0]
      [Object Copy (ms): Min: 0.0, Avg: 0.3, Max: 0.4, Diff: 0.4, Sum: 3.5]
      [Termination (ms): Min: 0.0, Avg: 4.1, Max: 4.5, Diff: 4.5, Sum: 57.5]
         [Termination Attempts: Min: 1, Avg: 8.2, Max: 13, Diff: 12, Sum: 115]
      [GC Worker Other (ms): Min: 0.0, Avg: 0.0, Max: 0.0, Diff: 0.0, Sum: 0.1]
      [GC Worker Total (ms): Min: 5.4, Avg: 5.5, Max: 5.7, Diff: 0.3, Sum: 77.6]
      [GC Worker End (ms): Min: 281339445.0, Avg: 281339445.1, Max: 281339445.1, Diff: 0.1]
   [Code Root Fixup: 0.0 ms]
   [Code Root Purge: 0.0 ms]
   [Clear CT: 1.1 ms]
   [Other: 7.9 ms]
      [Choose CSet: 0.0 ms]
      [Ref Proc: 6.7 ms]
      [Ref Enq: 0.7 ms]
      [Redirty Cards: 0.3 ms]
      [Humongous Register: 0.0 ms]
      [Humongous Reclaim: 0.0 ms]
      [Free CSet: 0.1 ms]
   [Eden: 7152.0M(7152.0M)->0.0B(7152.0M) Survivors: 16384.0K->16384.0K Heap: 10566.2M(14336.0M)->3414.9M(14336.0M)]
 [Times: user=0.13 sys=0.00, real=0.02 secs] 
2022-11-03T00:33:13.975-0600: 281494.395: [GC pause (G1 Evacuation Pause) (young), 0.0090429 secs]
   [Parallel Time: 3.7 ms, GC Workers: 14]
      [GC Worker Start (ms): Min: 281494394.9, Avg: 281494395.0, Max: 281494395.2, Diff: 0.3]
      [Ext Root Scanning (ms): Min: 0.3, Avg: 0.7, Max: 3.4, Diff: 3.1, Sum: 9.3]
      [Update RS (ms): Min: 0.0, Avg: 0.2, Max: 0.4, Diff: 0.4, Sum: 3.1]
         [Processed Buffers: Min: 0, Avg: 3.9, Max: 21, Diff: 21, Sum: 55]
      [Scan RS (ms): Min: 0.0, Avg: 0.0, Max: 0.1, Diff: 0.1, Sum: 0.3]
      [Code Root Scanning (ms): Min: 0.0, Avg: 0.0, Max: 0.0, Diff: 0.0, Sum: 0.0]
      [Object Copy (ms): Min: 0.0, Avg: 0.2, Max: 0.3, Diff: 0.3, Sum: 2.8]
      [Termination (ms): Min: 0.0, Avg: 2.2, Max: 2.4, Diff: 2.4, Sum: 30.2]
         [Termination Attempts: Min: 1, Avg: 1.5, Max: 3, Diff: 2, Sum: 21]
      [GC Worker Other (ms): Min: 0.0, Avg: 0.0, Max: 0.0, Diff: 0.0, Sum: 0.1]
      [GC Worker Total (ms): Min: 3.1, Avg: 3.3, Max: 3.4, Diff: 0.3, Sum: 45.9]
      [GC Worker End (ms): Min: 281494398.3, Avg: 281494398.3, Max: 281494398.4, Diff: 0.1]
   [Code Root Fixup: 0.0 ms]
   [Code Root Purge: 0.0 ms]
   [Clear CT: 0.3 ms]
   [Other: 5.1 ms]
      [Choose CSet: 0.0 ms]
      [Ref Proc: 4.1 ms]
      [Ref Enq: 0.3 ms]
      [Redirty Cards: 0.2 ms]
      [Humongous Register: 0.0 ms]
      [Humongous Reclaim: 0.0 ms]
      [Free CSet: 0.2 ms]
   [Eden: 7152.0M(7152.0M)->0.0B(7152.0M) Survivors: 16384.0K->16384.0K Heap: 10566.9M(14336.0M)->3414.4M(14336.0M)]
 [Times: user=0.06 sys=0.00, real=0.01 secs] 
2022-11-03T00:35:49.987-0600: 281650.407: [GC pause (G1 Evacuation Pause) (young) (initial-mark), 0.0146865 secs]
   [Parallel Time: 8.9 ms, GC Workers: 14]
      [GC Worker Start (ms): Min: 281650408.9, Avg: 281650409.1, Max: 281650409.2, Diff: 0.3]
      [Ext Root Scanning (ms): Min: 5.1, Avg: 5.3, Max: 5.5, Diff: 0.4, Sum: 73.6]
      [Update RS (ms): Min: 0.1, Avg: 0.2, Max: 0.4, Diff: 0.4, Sum: 3.1]
         [Processed Buffers: Min: 1, Avg: 3.9, Max: 22, Diff: 21, Sum: 54]
      [Scan RS (ms): Min: 0.0, Avg: 0.0, Max: 0.1, Diff: 0.1, Sum: 0.5]
      [Code Root Scanning (ms): Min: 0.0, Avg: 0.0, Max: 0.0, Diff: 0.0, Sum: 0.0]
      [Object Copy (ms): Min: 0.1, Avg: 0.3, Max: 0.3, Diff: 0.2, Sum: 3.5]
      [Termination (ms): Min: 0.0, Avg: 0.0, Max: 0.0, Diff: 0.0, Sum: 0.1]
         [Termination Attempts: Min: 4, Avg: 7.1, Max: 9, Diff: 5, Sum: 100]
      [GC Worker Other (ms): Min: 0.0, Avg: 0.1, Max: 0.2, Diff: 0.1, Sum: 0.9]
      [GC Worker Total (ms): Min: 5.7, Avg: 5.8, Max: 6.0, Diff: 0.3, Sum: 81.6]
      [GC Worker End (ms): Min: 281650414.9, Avg: 281650414.9, Max: 281650415.0, Diff: 0.1]
   [Code Root Fixup: 0.0 ms]
   [Code Root Purge: 0.0 ms]
   [Clear CT: 0.3 ms]
   [Other: 5.5 ms]
      [Choose CSet: 0.0 ms]
      [Ref Proc: 4.6 ms]
      [Ref Enq: 0.3 ms]
      [Redirty Cards: 0.2 ms]
      [Humongous Register: 0.0 ms]
      [Humongous Reclaim: 0.0 ms]
      [Free CSet: 0.2 ms]
   [Eden: 7152.0M(7152.0M)->0.0B(7152.0M) Survivors: 16384.0K->16384.0K Heap: 10566.4M(14336.0M)->3414.7M(14336.0M)]
 [Times: user=0.08 sys=0.00, real=0.02 secs] 
2022-11-03T00:35:50.001-0600: 281650.422: [GC concurrent-root-region-scan-start]
2022-11-03T00:35:50.005-0600: 281650.425: [GC concurrent-root-region-scan-end, 0.0036301 secs]
2022-11-03T00:35:50.005-0600: 281650.425: [GC concurrent-mark-start]
2022-11-03T00:35:50.672-0600: 281651.092: [GC concurrent-mark-end, 0.6671140 secs]
2022-11-03T00:35:50.672-0600: 281651.093: [GC remark 2022-11-03T00:35:50.672-0600: 281651.093: [Finalize Marking, 0.0004955 secs] 2022-11-03T00:35:50.673-0600: 281651.093: [GC ref-proc, 0.0074586 secs] 2022-11-03T00:35:50.680-0600: 281651.100: [Unloading, 0.0218159 secs], 0.0319408 secs]
 [Times: user=0.31 sys=0.00, real=0.04 secs] 
2022-11-03T00:35:50.704-0600: 281651.125: [GC cleanup 3446M->3446M(14336M), 0.0058254 secs]
 [Times: user=0.06 sys=0.00, real=0.00 secs] 
2022-11-03T00:38:24.983-0600: 281805.403: [GC pause (G1 Evacuation Pause) (young), 0.0099822 secs]
   [Parallel Time: 3.5 ms, GC Workers: 14]
      [GC Worker Start (ms): Min: 281805403.3, Avg: 281805403.9, Max: 281805404.1, Diff: 0.8]
      [Ext Root Scanning (ms): Min: 0.2, Avg: 0.6, Max: 3.2, Diff: 3.0, Sum: 9.0]
      [Update RS (ms): Min: 0.0, Avg: 0.3, Max: 0.6, Diff: 0.6, Sum: 3.8]
         [Processed Buffers: Min: 0, Avg: 4.1, Max: 17, Diff: 17, Sum: 58]
      [Scan RS (ms): Min: 0.0, Avg: 0.0, Max: 0.1, Diff: 0.1, Sum: 0.4]
      [Code Root Scanning (ms): Min: 0.0, Avg: 0.0, Max: 0.0, Diff: 0.0, Sum: 0.0]
      [Object Copy (ms): Min: 0.0, Avg: 0.2, Max: 0.3, Diff: 0.3, Sum: 3.3]
      [Termination (ms): Min: 0.0, Avg: 1.6, Max: 1.8, Diff: 1.8, Sum: 22.1]
         [Termination Attempts: Min: 1, Avg: 12.3, Max: 18, Diff: 17, Sum: 172]
      [GC Worker Other (ms): Min: 0.0, Avg: 0.0, Max: 0.0, Diff: 0.0, Sum: 0.1]
      [GC Worker Total (ms): Min: 2.4, Avg: 2.8, Max: 3.4, Diff: 0.9, Sum: 38.7]
      [GC Worker End (ms): Min: 281805406.6, Avg: 281805406.6, Max: 281805406.7, Diff: 0.1]
   [Code Root Fixup: 0.0 ms]
   [Code Root Purge: 0.0 ms]
   [Clear CT: 0.3 ms]
   [Other: 6.2 ms]
      [Choose CSet: 0.0 ms]
      [Ref Proc: 5.4 ms]
      [Ref Enq: 0.3 ms]
      [Redirty Cards: 0.2 ms]
      [Humongous Register: 0.0 ms]
      [Humongous Reclaim: 0.0 ms]
      [Free CSet: 0.2 ms]
   [Eden: 7152.0M(7152.0M)->0.0B(7152.0M) Survivors: 16384.0K->16384.0K Heap: 10566.7M(14336.0M)->3414.6M(14336.0M)]
 [Times: user=0.06 sys=0.00, real=0.01 secs] 
2022-11-03T00:41:01.119-0600: 281961.539: [GC pause (G1 Evacuation Pause) (young), 0.0085471 secs]
   [Parallel Time: 3.6 ms, GC Workers: 14]
      [GC Worker Start (ms): Min: 281961539.3, Avg: 281961539.7, Max: 281961540.1, Diff: 0.9]
      [Ext Root Scanning (ms): Min: 0.0, Avg: 0.6, Max: 3.2, Diff: 3.2, Sum: 7.9]
      [Update RS (ms): Min: 0.0, Avg: 0.2, Max: 0.4, Diff: 0.4, Sum: 2.9]
         [Processed Buffers: Min: 0, Avg: 3.6, Max: 28, Diff: 28, Sum: 50]
      [Scan RS (ms): Min: 0.0, Avg: 0.0, Max: 0.1, Diff: 0.1, Sum: 0.4]
      [Code Root Scanning (ms): Min: 0.0, Avg: 0.0, Max: 0.0, Diff: 0.0, Sum: 0.0]
      [Object Copy (ms): Min: 0.0, Avg: 0.2, Max: 0.3, Diff: 0.3, Sum: 2.9]
      [Termination (ms): Min: 0.0, Avg: 1.8, Max: 2.0, Diff: 2.0, Sum: 24.9]
         [Termination Attempts: Min: 1, Avg: 2.2, Max: 3, Diff: 2, Sum: 31]
      [GC Worker Other (ms): Min: 0.0, Avg: 0.0, Max: 0.0, Diff: 0.0, Sum: 0.1]
      [GC Worker Total (ms): Min: 2.4, Avg: 2.8, Max: 3.2, Diff: 0.9, Sum: 39.0]
      [GC Worker End (ms): Min: 281961542.5, Avg: 281961542.5, Max: 281961542.6, Diff: 0.1]
   [Code Root Fixup: 0.0 ms]
   [Code Root Purge: 0.0 ms]
   [Clear CT: 0.4 ms]
   [Other: 4.6 ms]
      [Choose CSet: 0.0 ms]
      [Ref Proc: 3.9 ms]
      [Ref Enq: 0.2 ms]
      [Redirty Cards: 0.2 ms]
      [Humongous Register: 0.0 ms]
      [Humongous Reclaim: 0.0 ms]
      [Free CSet: 0.2 ms]
   [Eden: 7152.0M(7152.0M)->0.0B(7152.0M) Survivors: 16384.0K->16384.0K Heap: 10566.6M(14336.0M)->3415.2M(14336.0M)]
 [Times: user=0.06 sys=0.00, real=0.01 secs] 
2022-11-03T00:43:35.518-0600: 282115.939: [GC pause (G1 Evacuation Pause) (young) (initial-mark), 0.0134160 secs]
   [Parallel Time: 7.4 ms, GC Workers: 14]
      [GC Worker Start (ms): Min: 282115940.3, Avg: 282115940.4, Max: 282115940.5, Diff: 0.3]
      [Ext Root Scanning (ms): Min: 4.0, Avg: 4.2, Max: 4.4, Diff: 0.3, Sum: 58.9]
      [Update RS (ms): Min: 0.1, Avg: 0.2, Max: 0.3, Diff: 0.2, Sum: 2.9]
         [Processed Buffers: Min: 1, Avg: 4.4, Max: 35, Diff: 34, Sum: 61]
      [Scan RS (ms): Min: 0.0, Avg: 0.0, Max: 0.1, Diff: 0.1, Sum: 0.4]
      [Code Root Scanning (ms): Min: 0.0, Avg: 0.0, Max: 0.0, Diff: 0.0, Sum: 0.0]
      [Object Copy (ms): Min: 0.1, Avg: 0.2, Max: 0.3, Diff: 0.2, Sum: 3.2]
      [Termination (ms): Min: 0.0, Avg: 0.0, Max: 0.1, Diff: 0.1, Sum: 0.3]
         [Termination Attempts: Min: 2, Avg: 13.8, Max: 20, Diff: 18, Sum: 193]
      [GC Worker Other (ms): Min: 0.0, Avg: 0.0, Max: 0.1, Diff: 0.1, Sum: 0.7]
      [GC Worker Total (ms): Min: 4.6, Avg: 4.7, Max: 4.9, Diff: 0.3, Sum: 66.4]
      [GC Worker End (ms): Min: 282115945.1, Avg: 282115945.1, Max: 282115945.2, Diff: 0.1]
   [Code Root Fixup: 0.0 ms]
   [Code Root Purge: 0.0 ms]
   [Clear CT: 1.0 ms]
   [Other: 5.0 ms]
      [Choose CSet: 0.0 ms]
      [Ref Proc: 3.9 ms]
      [Ref Enq: 0.3 ms]
      [Redirty Cards: 0.5 ms]
      [Humongous Register: 0.0 ms]
      [Humongous Reclaim: 0.0 ms]
      [Free CSet: 0.2 ms]
   [Eden: 7152.0M(7152.0M)->0.0B(7152.0M) Survivors: 16384.0K->16384.0K Heap: 10567.2M(14336.0M)->3414.9M(14336.0M)]
 [Times: user=0.08 sys=0.00, real=0.01 secs] 
2022-11-03T00:43:35.532-0600: 282115.952: [GC concurrent-root-region-scan-start]
2022-11-03T00:43:35.536-0600: 282115.956: [GC concurrent-root-region-scan-end, 0.0042131 secs]
2022-11-03T00:43:35.536-0600: 282115.956: [GC concurrent-mark-start]
2022-11-03T00:43:36.256-0600: 282116.676: [GC concurrent-mark-end, 0.7197504 secs]
2022-11-03T00:43:36.256-0600: 282116.676: [GC remark 2022-11-03T00:43:36.256-0600: 282116.677: [Finalize Marking, 0.0005027 secs] 2022-11-03T00:43:36.257-0600: 282116.677: [GC ref-proc, 0.0090182 secs] 2022-11-03T00:43:36.266-0600: 282116.686: [Unloading, 0.0226600 secs], 0.0347391 secs]
 [Times: user=0.33 sys=0.00, real=0.03 secs] 
2022-11-03T00:43:36.291-0600: 282116.711: [GC cleanup 3462M->3462M(14336M), 0.0058284 secs]
 [Times: user=0.05 sys=0.00, real=0.01 secs] 
2022-11-03T00:46:11.569-0600: 282271.990: [GC pause (G1 Evacuation Pause) (young), 0.0111698 secs]
   [Parallel Time: 4.1 ms, GC Workers: 14]
      [GC Worker Start (ms): Min: 282271989.7, Avg: 282271990.2, Max: 282271990.8, Diff: 1.1]
      [Ext Root Scanning (ms): Min: 0.0, Avg: 0.8, Max: 4.0, Diff: 4.0, Sum: 10.9]
      [Update RS (ms): Min: 0.0, Avg: 0.3, Max: 0.5, Diff: 0.5, Sum: 3.7]
         [Processed Buffers: Min: 0, Avg: 4.6, Max: 18, Diff: 18, Sum: 64]
      [Scan RS (ms): Min: 0.0, Avg: 0.0, Max: 0.1, Diff: 0.1, Sum: 0.6]
      [Code Root Scanning (ms): Min: 0.0, Avg: 0.0, Max: 0.0, Diff: 0.0, Sum: 0.0]
      [Object Copy (ms): Min: 0.0, Avg: 0.2, Max: 0.3, Diff: 0.3, Sum: 3.0]
      [Termination (ms): Min: 0.0, Avg: 2.3, Max: 2.5, Diff: 2.5, Sum: 31.6]
         [Termination Attempts: Min: 1, Avg: 1.1, Max: 2, Diff: 1, Sum: 16]
      [GC Worker Other (ms): Min: 0.0, Avg: 0.0, Max: 0.0, Diff: 0.0, Sum: 0.1]
      [GC Worker Total (ms): Min: 3.0, Avg: 3.6, Max: 4.0, Diff: 1.0, Sum: 49.8]
      [GC Worker End (ms): Min: 282271993.7, Avg: 282271993.8, Max: 282271993.8, Diff: 0.1]
   [Code Root Fixup: 0.0 ms]
   [Code Root Purge: 0.0 ms]
   [Clear CT: 0.3 ms]
   [Other: 6.7 ms]
      [Choose CSet: 0.0 ms]
      [Ref Proc: 6.0 ms]
      [Ref Enq: 0.3 ms]
      [Redirty Cards: 0.2 ms]
      [Humongous Register: 0.0 ms]
      [Humongous Reclaim: 0.0 ms]
      [Free CSet: 0.1 ms]
   [Eden: 7152.0M(7152.0M)->0.0B(7152.0M) Survivors: 16384.0K->16384.0K Heap: 10566.9M(14336.0M)->3414.9M(14336.0M)]
 [Times: user=0.08 sys=0.00, real=0.02 secs] 
2022-11-03T00:48:45.618-0600: 282426.038: [GC pause (G1 Evacuation Pause) (young), 0.0097178 secs]
   [Parallel Time: 4.9 ms, GC Workers: 14]
      [GC Worker Start (ms): Min: 282426038.6, Avg: 282426038.7, Max: 282426038.8, Diff: 0.2]
      [Ext Root Scanning (ms): Min: 0.3, Avg: 0.7, Max: 4.6, Diff: 4.3, Sum: 10.1]
      [Update RS (ms): Min: 0.0, Avg: 0.2, Max: 0.3, Diff: 0.3, Sum: 2.7]
         [Processed Buffers: Min: 0, Avg: 4.4, Max: 31, Diff: 31, Sum: 61]
      [Scan RS (ms): Min: 0.0, Avg: 0.0, Max: 0.1, Diff: 0.1, Sum: 0.4]
      [Code Root Scanning (ms): Min: 0.0, Avg: 0.0, Max: 0.0, Diff: 0.0, Sum: 0.0]
      [Object Copy (ms): Min: 0.0, Avg: 0.2, Max: 0.3, Diff: 0.3, Sum: 2.5]
      [Termination (ms): Min: 0.0, Avg: 3.4, Max: 3.7, Diff: 3.7, Sum: 47.6]
         [Termination Attempts: Min: 1, Avg: 1.0, Max: 1, Diff: 0, Sum: 14]
      [GC Worker Other (ms): Min: 0.0, Avg: 0.0, Max: 0.0, Diff: 0.0, Sum: 0.1]
      [GC Worker Total (ms): Min: 4.4, Avg: 4.5, Max: 4.6, Diff: 0.3, Sum: 63.3]
      [GC Worker End (ms): Min: 282426043.1, Avg: 282426043.2, Max: 282426043.2, Diff: 0.1]
   [Code Root Fixup: 0.0 ms]
   [Code Root Purge: 0.0 ms]
   [Clear CT: 0.5 ms]
   [Other: 4.3 ms]
      [Choose CSet: 0.0 ms]
      [Ref Proc: 3.7 ms]
      [Ref Enq: 0.2 ms]
      [Redirty Cards: 0.2 ms]
      [Humongous Register: 0.0 ms]
      [Humongous Reclaim: 0.0 ms]
      [Free CSet: 0.1 ms]
   [Eden: 7152.0M(7152.0M)->0.0B(7152.0M) Survivors: 16384.0K->16384.0K Heap: 10566.9M(14336.0M)->3414.9M(14336.0M)]
 [Times: user=0.08 sys=0.00, real=0.01 secs] 
2022-11-03T00:51:21.066-0600: 282581.486: [GC pause (G1 Evacuation Pause) (young) (initial-mark), 0.0118379 secs]
   [Parallel Time: 6.5 ms, GC Workers: 14]
      [GC Worker Start (ms): Min: 282581487.2, Avg: 282581487.3, Max: 282581487.5, Diff: 0.3]
      [Ext Root Scanning (ms): Min: 4.4, Avg: 4.5, Max: 4.7, Diff: 0.4, Sum: 63.6]
      [Update RS (ms): Min: 0.1, Avg: 0.2, Max: 0.3, Diff: 0.2, Sum: 2.8]
         [Processed Buffers: Min: 1, Avg: 4.3, Max: 16, Diff: 15, Sum: 60]
      [Scan RS (ms): Min: 0.0, Avg: 0.0, Max: 0.1, Diff: 0.1, Sum: 0.4]
      [Code Root Scanning (ms): Min: 0.0, Avg: 0.0, Max: 0.0, Diff: 0.0, Sum: 0.0]
      [Object Copy (ms): Min: 0.2, Avg: 0.3, Max: 0.3, Diff: 0.1, Sum: 3.7]
      [Termination (ms): Min: 0.0, Avg: 0.0, Max: 0.0, Diff: 0.0, Sum: 0.0]
         [Termination Attempts: Min: 1, Avg: 5.2, Max: 8, Diff: 7, Sum: 73]
      [GC Worker Other (ms): Min: 0.0, Avg: 0.1, Max: 0.1, Diff: 0.1, Sum: 0.8]
      [GC Worker Total (ms): Min: 4.9, Avg: 5.1, Max: 5.3, Diff: 0.4, Sum: 71.4]
      [GC Worker End (ms): Min: 282581492.4, Avg: 282581492.4, Max: 282581492.5, Diff: 0.1]
   [Code Root Fixup: 0.0 ms]
   [Code Root Purge: 0.0 ms]
   [Clear CT: 0.5 ms]
   [Other: 4.8 ms]
      [Choose CSet: 0.0 ms]
      [Ref Proc: 4.2 ms]
      [Ref Enq: 0.2 ms]
      [Redirty Cards: 0.2 ms]
      [Humongous Register: 0.0 ms]
      [Humongous Reclaim: 0.0 ms]
      [Free CSet: 0.1 ms]
   [Eden: 7152.0M(7152.0M)->0.0B(7152.0M) Survivors: 16384.0K->16384.0K Heap: 10566.9M(14336.0M)->3415.0M(14336.0M)]
 [Times: user=0.07 sys=0.01, real=0.01 secs] 
2022-11-03T00:51:21.078-0600: 282581.498: [GC concurrent-root-region-scan-start]
2022-11-03T00:51:21.082-0600: 282581.502: [GC concurrent-root-region-scan-end, 0.0045146 secs]
2022-11-03T00:51:21.082-0600: 282581.502: [GC concurrent-mark-start]
2022-11-03T00:51:21.691-0600: 282582.111: [GC concurrent-mark-end, 0.6087255 secs]
2022-11-03T00:51:21.691-0600: 282582.111: [GC remark 2022-11-03T00:51:21.691-0600: 282582.111: [Finalize Marking, 0.0007766 secs] 2022-11-03T00:51:21.692-0600: 282582.112: [GC ref-proc, 0.0088349 secs] 2022-11-03T00:51:21.701-0600: 282582.121: [Unloading, 0.0237282 secs], 0.0353750 secs]
 [Times: user=0.35 sys=0.00, real=0.04 secs] 
2022-11-03T00:51:21.727-0600: 282582.147: [GC cleanup 3447M->3447M(14336M), 0.0069323 secs]
 [Times: user=0.06 sys=0.00, real=0.01 secs] 
2022-11-03T00:53:55.219-0600: 282735.639: [GC pause (G1 Evacuation Pause) (young), 0.0087410 secs]
   [Parallel Time: 3.6 ms, GC Workers: 14]
      [GC Worker Start (ms): Min: 282735639.4, Avg: 282735639.5, Max: 282735639.6, Diff: 0.2]
      [Ext Root Scanning (ms): Min: 0.3, Avg: 0.7, Max: 3.3, Diff: 3.0, Sum: 10.4]
      [Update RS (ms): Min: 0.0, Avg: 0.2, Max: 0.4, Diff: 0.4, Sum: 3.1]
         [Processed Buffers: Min: 0, Avg: 4.3, Max: 17, Diff: 17, Sum: 60]
      [Scan RS (ms): Min: 0.0, Avg: 0.0, Max: 0.1, Diff: 0.1, Sum: 0.4]
      [Code Root Scanning (ms): Min: 0.0, Avg: 0.0, Max: 0.0, Diff: 0.0, Sum: 0.0]
      [Object Copy (ms): Min: 0.0, Avg: 0.2, Max: 0.3, Diff: 0.3, Sum: 2.9]
      [Termination (ms): Min: 0.0, Avg: 2.1, Max: 2.4, Diff: 2.4, Sum: 29.1]
         [Termination Attempts: Min: 1, Avg: 1.0, Max: 1, Diff: 0, Sum: 14]
      [GC Worker Other (ms): Min: 0.0, Avg: 0.0, Max: 0.0, Diff: 0.0, Sum: 0.1]
      [GC Worker Total (ms): Min: 3.2, Avg: 3.3, Max: 3.4, Diff: 0.2, Sum: 46.0]
      [GC Worker End (ms): Min: 282735642.7, Avg: 282735642.8, Max: 282735642.8, Diff: 0.1]
   [Code Root Fixup: 0.0 ms]
   [Code Root Purge: 0.0 ms]
   [Clear CT: 0.4 ms]
   [Other: 4.8 ms]
      [Choose CSet: 0.0 ms]
      [Ref Proc: 4.0 ms]
      [Ref Enq: 0.3 ms]
      [Redirty Cards: 0.2 ms]
      [Humongous Register: 0.0 ms]
      [Humongous Reclaim: 0.0 ms]
      [Free CSet: 0.2 ms]
   [Eden: 7152.0M(7152.0M)->0.0B(7152.0M) Survivors: 16384.0K->16384.0K Heap: 10567.0M(14336.0M)->3415.1M(14336.0M)]
 [Times: user=0.06 sys=0.00, real=0.01 secs] 
2022-11-03T00:56:31.618-0600: 282892.038: [GC pause (G1 Evacuation Pause) (young), 0.0100347 secs]
   [Parallel Time: 5.3 ms, GC Workers: 14]
      [GC Worker Start (ms): Min: 282892038.2, Avg: 282892038.3, Max: 282892038.5, Diff: 0.3]
      [Ext Root Scanning (ms): Min: 0.3, Avg: 0.7, Max: 4.5, Diff: 4.2, Sum: 10.3]
      [Update RS (ms): Min: 0.0, Avg: 0.2, Max: 0.4, Diff: 0.4, Sum: 2.6]
         [Processed Buffers: Min: 0, Avg: 4.1, Max: 14, Diff: 14, Sum: 58]
      [Scan RS (ms): Min: 0.0, Avg: 0.0, Max: 0.1, Diff: 0.1, Sum: 0.4]
      [Code Root Scanning (ms): Min: 0.0, Avg: 0.0, Max: 0.0, Diff: 0.0, Sum: 0.0]
      [Object Copy (ms): Min: 0.0, Avg: 0.2, Max: 0.3, Diff: 0.3, Sum: 2.5]
      [Termination (ms): Min: 0.0, Avg: 3.3, Max: 3.6, Diff: 3.6, Sum: 46.0]
         [Termination Attempts: Min: 1, Avg: 1.5, Max: 2, Diff: 1, Sum: 21]
      [GC Worker Other (ms): Min: 0.0, Avg: 0.0, Max: 0.0, Diff: 0.0, Sum: 0.1]
      [GC Worker Total (ms): Min: 4.3, Avg: 4.4, Max: 4.6, Diff: 0.3, Sum: 61.9]
      [GC Worker End (ms): Min: 282892042.7, Avg: 282892042.8, Max: 282892042.9, Diff: 0.1]
   [Code Root Fixup: 0.0 ms]
   [Code Root Purge: 0.0 ms]
   [Clear CT: 0.3 ms]
   [Other: 4.5 ms]
      [Choose CSet: 0.0 ms]
      [Ref Proc: 3.7 ms]
      [Ref Enq: 0.3 ms]
      [Redirty Cards: 0.2 ms]
      [Humongous Register: 0.0 ms]
      [Humongous Reclaim: 0.0 ms]
      [Free CSet: 0.2 ms]
   [Eden: 7152.0M(7152.0M)->0.0B(7152.0M) Survivors: 16384.0K->16384.0K Heap: 10567.1M(14336.0M)->3415.1M(14336.0M)]
 [Times: user=0.08 sys=0.00, real=0.01 secs] 
2022-11-03T00:59:06.415-0600: 283046.835: [GC pause (G1 Evacuation Pause) (young) (initial-mark), 0.0117002 secs]
   [Parallel Time: 6.8 ms, GC Workers: 14]
      [GC Worker Start (ms): Min: 283046836.6, Avg: 283046836.8, Max: 283046836.9, Diff: 0.3]
      [Ext Root Scanning (ms): Min: 4.2, Avg: 4.4, Max: 4.6, Diff: 0.3, Sum: 61.4]
      [Update RS (ms): Min: 0.2, Avg: 0.2, Max: 0.3, Diff: 0.2, Sum: 3.0]
         [Processed Buffers: Min: 1, Avg: 3.9, Max: 34, Diff: 33, Sum: 55]
      [Scan RS (ms): Min: 0.0, Avg: 0.0, Max: 0.1, Diff: 0.0, Sum: 0.4]
      [Code Root Scanning (ms): Min: 0.0, Avg: 0.0, Max: 0.0, Diff: 0.0, Sum: 0.0]
      [Object Copy (ms): Min: 0.1, Avg: 0.2, Max: 0.3, Diff: 0.2, Sum: 3.2]
      [Termination (ms): Min: 0.0, Avg: 0.0, Max: 0.0, Diff: 0.0, Sum: 0.2]
         [Termination Attempts: Min: 1, Avg: 2.6, Max: 4, Diff: 3, Sum: 36]
      [GC Worker Other (ms): Min: 0.0, Avg: 0.0, Max: 0.2, Diff: 0.2, Sum: 0.6]
      [GC Worker Total (ms): Min: 4.7, Avg: 4.9, Max: 5.1, Diff: 0.4, Sum: 68.9]
      [GC Worker End (ms): Min: 283046841.6, Avg: 283046841.7, Max: 283046841.8, Diff: 0.2]
   [Code Root Fixup: 0.0 ms]
   [Code Root Purge: 0.0 ms]
   [Clear CT: 0.4 ms]
   [Other: 4.5 ms]
      [Choose CSet: 0.0 ms]
      [Ref Proc: 3.8 ms]
      [Ref Enq: 0.2 ms]
      [Redirty Cards: 0.2 ms]
      [Humongous Register: 0.0 ms]
      [Humongous Reclaim: 0.0 ms]
      [Free CSet: 0.2 ms]
   [Eden: 7152.0M(7152.0M)->0.0B(7152.0M) Survivors: 16384.0K->16384.0K Heap: 10567.1M(14336.0M)->3415.1M(14336.0M)]
 [Times: user=0.07 sys=0.00, real=0.01 secs] 
2022-11-03T00:59:06.427-0600: 283046.847: [GC concurrent-root-region-scan-start]
2022-11-03T00:59:06.430-0600: 283046.851: [GC concurrent-root-region-scan-end, 0.0037113 secs]
2022-11-03T00:59:06.430-0600: 283046.851: [GC concurrent-mark-start]
2022-11-03T00:59:06.995-0600: 283047.415: [GC concurrent-mark-end, 0.5641019 secs]
2022-11-03T00:59:06.995-0600: 283047.415: [GC remark 2022-11-03T00:59:06.995-0600: 283047.415: [Finalize Marking, 0.0004500 secs] 2022-11-03T00:59:06.995-0600: 283047.415: [GC ref-proc, 0.0070272 secs] 2022-11-03T00:59:07.002-0600: 283047.423: [Unloading, 0.0216901 secs], 0.0315157 secs]
 [Times: user=0.31 sys=0.00, real=0.03 secs] 
2022-11-03T00:59:07.026-0600: 283047.447: [GC cleanup 3455M->3455M(14336M), 0.0058519 secs]
 [Times: user=0.05 sys=0.00, real=0.01 secs] 
2022-11-03T01:01:40.970-0600: 283201.390: [GC pause (G1 Evacuation Pause) (young), 0.0092673 secs]
   [Parallel Time: 3.3 ms, GC Workers: 14]
      [GC Worker Start (ms): Min: 283201390.0, Avg: 283201390.2, Max: 283201390.4, Diff: 0.3]
      [Ext Root Scanning (ms): Min: 0.2, Avg: 0.6, Max: 2.9, Diff: 2.7, Sum: 8.9]
      [Update RS (ms): Min: 0.0, Avg: 0.2, Max: 0.4, Diff: 0.4, Sum: 2.9]
         [Processed Buffers: Min: 0, Avg: 4.4, Max: 14, Diff: 14, Sum: 61]
      [Scan RS (ms): Min: 0.0, Avg: 0.0, Max: 0.1, Diff: 0.1, Sum: 0.4]
      [Code Root Scanning (ms): Min: 0.0, Avg: 0.0, Max: 0.0, Diff: 0.0, Sum: 0.0]
      [Object Copy (ms): Min: 0.0, Avg: 0.2, Max: 0.3, Diff: 0.3, Sum: 2.6]
      [Termination (ms): Min: 0.0, Avg: 1.8, Max: 2.0, Diff: 2.0, Sum: 24.6]
         [Termination Attempts: Min: 1, Avg: 1.0, Max: 1, Diff: 0, Sum: 14]
      [GC Worker Other (ms): Min: 0.0, Avg: 0.0, Max: 0.0, Diff: 0.0, Sum: 0.1]
      [GC Worker Total (ms): Min: 2.6, Avg: 2.8, Max: 3.0, Diff: 0.3, Sum: 39.5]
      [GC Worker End (ms): Min: 283201393.0, Avg: 283201393.0, Max: 283201393.1, Diff: 0.1]
   [Code Root Fixup: 0.0 ms]
   [Code Root Purge: 0.0 ms]
   [Clear CT: 0.3 ms]
   [Other: 5.6 ms]
      [Choose CSet: 0.0 ms]
      [Ref Proc: 4.7 ms]
      [Ref Enq: 0.4 ms]
      [Redirty Cards: 0.2 ms]
      [Humongous Register: 0.0 ms]
      [Humongous Reclaim: 0.0 ms]
      [Free CSet: 0.2 ms]
   [Eden: 7152.0M(7152.0M)->0.0B(7152.0M) Survivors: 16384.0K->16384.0K Heap: 10567.1M(14336.0M)->3415.7M(14336.0M)]
 [Times: user=0.06 sys=0.00, real=0.01 secs] 
2022-11-03T01:04:15.423-0600: 283355.843: [GC pause (G1 Evacuation Pause) (young), 0.0098595 secs]
   [Parallel Time: 4.6 ms, GC Workers: 14]
      [GC Worker Start (ms): Min: 283355843.5, Avg: 283355843.6, Max: 283355843.7, Diff: 0.2]
      [Ext Root Scanning (ms): Min: 0.3, Avg: 0.8, Max: 4.4, Diff: 4.1, Sum: 10.5]
      [Update RS (ms): Min: 0.0, Avg: 0.2, Max: 0.4, Diff: 0.4, Sum: 2.9]
         [Processed Buffers: Min: 0, Avg: 3.8, Max: 18, Diff: 18, Sum: 53]
      [Scan RS (ms): Min: 0.0, Avg: 0.0, Max: 0.1, Diff: 0.1, Sum: 0.4]
      [Code Root Scanning (ms): Min: 0.0, Avg: 0.0, Max: 0.0, Diff: 0.0, Sum: 0.0]
      [Object Copy (ms): Min: 0.0, Avg: 0.2, Max: 0.3, Diff: 0.3, Sum: 2.5]
      [Termination (ms): Min: 0.0, Avg: 3.2, Max: 3.5, Diff: 3.5, Sum: 44.8]
         [Termination Attempts: Min: 1, Avg: 1.6, Max: 3, Diff: 2, Sum: 23]
      [GC Worker Other (ms): Min: 0.0, Avg: 0.0, Max: 0.0, Diff: 0.0, Sum: 0.1]
      [GC Worker Total (ms): Min: 4.2, Avg: 4.4, Max: 4.5, Diff: 0.3, Sum: 61.1]
      [GC Worker End (ms): Min: 283355847.9, Avg: 283355848.0, Max: 283355848.0, Diff: 0.1]
   [Code Root Fixup: 0.0 ms]
   [Code Root Purge: 0.0 ms]
   [Clear CT: 0.3 ms]
   [Other: 4.9 ms]
      [Choose CSet: 0.0 ms]
      [Ref Proc: 4.0 ms]
      [Ref Enq: 0.4 ms]
      [Redirty Cards: 0.2 ms]
      [Humongous Register: 0.0 ms]
      [Humongous Reclaim: 0.0 ms]
      [Free CSet: 0.2 ms]
   [Eden: 7152.0M(7152.0M)->0.0B(7152.0M) Survivors: 16384.0K->16384.0K Heap: 10567.7M(14336.0M)->3415.6M(14336.0M)]
 [Times: user=0.08 sys=0.00, real=0.01 secs] 
2022-11-03T01:06:52.063-0600: 283512.483: [GC pause (G1 Evacuation Pause) (young) (initial-mark), 0.0124408 secs]
   [Parallel Time: 6.6 ms, GC Workers: 14]
      [GC Worker Start (ms): Min: 283512484.9, Avg: 283512485.0, Max: 283512485.2, Diff: 0.3]
      [Ext Root Scanning (ms): Min: 3.8, Avg: 4.0, Max: 4.2, Diff: 0.3, Sum: 55.9]
      [Update RS (ms): Min: 0.1, Avg: 0.2, Max: 0.4, Diff: 0.2, Sum: 3.0]
         [Processed Buffers: Min: 1, Avg: 3.7, Max: 21, Diff: 20, Sum: 52]
      [Scan RS (ms): Min: 0.0, Avg: 0.0, Max: 0.1, Diff: 0.1, Sum: 0.4]
      [Code Root Scanning (ms): Min: 0.0, Avg: 0.0, Max: 0.0, Diff: 0.0, Sum: 0.0]
      [Object Copy (ms): Min: 0.1, Avg: 0.2, Max: 0.3, Diff: 0.2, Sum: 3.0]
      [Termination (ms): Min: 0.0, Avg: 0.0, Max: 0.0, Diff: 0.0, Sum: 0.0]
         [Termination Attempts: Min: 1, Avg: 2.0, Max: 4, Diff: 3, Sum: 28]
      [GC Worker Other (ms): Min: 0.0, Avg: 0.0, Max: 0.1, Diff: 0.1, Sum: 0.6]
      [GC Worker Total (ms): Min: 4.3, Avg: 4.5, Max: 4.6, Diff: 0.3, Sum: 62.9]
      [GC Worker End (ms): Min: 283512489.5, Avg: 283512489.5, Max: 283512489.5, Diff: 0.1]
   [Code Root Fixup: 0.0 ms]
   [Code Root Purge: 0.0 ms]
   [Clear CT: 0.2 ms]
   [Other: 5.6 ms]
      [Choose CSet: 0.0 ms]
      [Ref Proc: 4.7 ms]
      [Ref Enq: 0.4 ms]
      [Redirty Cards: 0.2 ms]
      [Humongous Register: 0.0 ms]
      [Humongous Reclaim: 0.0 ms]
      [Free CSet: 0.2 ms]
   [Eden: 7152.0M(7152.0M)->0.0B(7152.0M) Survivors: 16384.0K->16384.0K Heap: 10567.6M(14336.0M)->3415.5M(14336.0M)]
 [Times: user=0.07 sys=0.00, real=0.01 secs] 
2022-11-03T01:06:52.075-0600: 283512.496: [GC concurrent-root-region-scan-start]
2022-11-03T01:06:52.079-0600: 283512.499: [GC concurrent-root-region-scan-end, 0.0035951 secs]
2022-11-03T01:06:52.079-0600: 283512.499: [GC concurrent-mark-start]
2022-11-03T01:06:52.652-0600: 283513.072: [GC concurrent-mark-end, 0.5727612 secs]
2022-11-03T01:06:52.652-0600: 283513.072: [GC remark 2022-11-03T01:06:52.652-0600: 283513.072: [Finalize Marking, 0.0005495 secs] 2022-11-03T01:06:52.653-0600: 283513.073: [GC ref-proc, 0.0086102 secs] 2022-11-03T01:06:52.661-0600: 283513.082: [Unloading, 0.0302126 secs], 0.0418044 secs]
 [Times: user=0.36 sys=0.00, real=0.05 secs] 
2022-11-03T01:06:52.694-0600: 283513.114: [GC cleanup 3447M->3447M(14336M), 0.0053997 secs]
 [Times: user=0.05 sys=0.00, real=0.00 secs] 
2022-11-03T01:09:26.974-0600: 283667.394: [GC pause (G1 Evacuation Pause) (young), 0.0084926 secs]
   [Parallel Time: 3.4 ms, GC Workers: 14]
      [GC Worker Start (ms): Min: 283667394.0, Avg: 283667394.2, Max: 283667394.3, Diff: 0.3]
      [Ext Root Scanning (ms): Min: 0.3, Avg: 0.6, Max: 3.1, Diff: 2.8, Sum: 9.1]
      [Update RS (ms): Min: 0.0, Avg: 0.2, Max: 0.5, Diff: 0.5, Sum: 3.2]
         [Processed Buffers: Min: 0, Avg: 4.1, Max: 17, Diff: 17, Sum: 58]
      [Scan RS (ms): Min: 0.0, Avg: 0.0, Max: 0.1, Diff: 0.1, Sum: 0.5]
      [Code Root Scanning (ms): Min: 0.0, Avg: 0.0, Max: 0.0, Diff: 0.0, Sum: 0.0]
      [Object Copy (ms): Min: 0.0, Avg: 0.2, Max: 0.3, Diff: 0.3, Sum: 2.9]
      [Termination (ms): Min: 0.0, Avg: 1.9, Max: 2.1, Diff: 2.1, Sum: 26.5]
         [Termination Attempts: Min: 1, Avg: 2.8, Max: 5, Diff: 4, Sum: 39]
      [GC Worker Other (ms): Min: 0.0, Avg: 0.0, Max: 0.0, Diff: 0.0, Sum: 0.1]
      [GC Worker Total (ms): Min: 2.9, Avg: 3.0, Max: 3.1, Diff: 0.3, Sum: 42.2]
      [GC Worker End (ms): Min: 283667397.1, Avg: 283667397.2, Max: 283667397.2, Diff: 0.1]
   [Code Root Fixup: 0.0 ms]
   [Code Root Purge: 0.0 ms]
   [Clear CT: 0.4 ms]
   [Other: 4.7 ms]
      [Choose CSet: 0.0 ms]
      [Ref Proc: 3.9 ms]
      [Ref Enq: 0.2 ms]
      [Redirty Cards: 0.2 ms]
      [Humongous Register: 0.0 ms]
      [Humongous Reclaim: 0.0 ms]
      [Free CSet: 0.3 ms]
   [Eden: 7152.0M(7152.0M)->0.0B(7152.0M) Survivors: 16384.0K->16384.0K Heap: 10567.5M(14336.0M)->3415.6M(14336.0M)]
 [Times: user=0.06 sys=0.00, real=0.01 secs] 
2022-11-03T01:12:03.830-0600: 283824.250: [GC pause (G1 Evacuation Pause) (young), 0.0102480 secs]
   [Parallel Time: 5.0 ms, GC Workers: 14]
      [GC Worker Start (ms): Min: 283824250.0, Avg: 283824250.2, Max: 283824250.3, Diff: 0.3]
      [Ext Root Scanning (ms): Min: 0.3, Avg: 0.7, Max: 4.5, Diff: 4.2, Sum: 10.1]
      [Update RS (ms): Min: 0.0, Avg: 0.2, Max: 0.4, Diff: 0.4, Sum: 2.9]
         [Processed Buffers: Min: 0, Avg: 3.5, Max: 24, Diff: 24, Sum: 49]
      [Scan RS (ms): Min: 0.0, Avg: 0.0, Max: 0.1, Diff: 0.1, Sum: 0.5]
      [Code Root Scanning (ms): Min: 0.0, Avg: 0.0, Max: 0.0, Diff: 0.0, Sum: 0.0]
      [Object Copy (ms): Min: 0.0, Avg: 0.2, Max: 0.3, Diff: 0.3, Sum: 2.7]
      [Termination (ms): Min: 0.0, Avg: 3.2, Max: 3.6, Diff: 3.6, Sum: 45.2]
         [Termination Attempts: Min: 1, Avg: 8.1, Max: 16, Diff: 15, Sum: 113]
      [GC Worker Other (ms): Min: 0.0, Avg: 0.0, Max: 0.0, Diff: 0.0, Sum: 0.1]
      [GC Worker Total (ms): Min: 4.3, Avg: 4.4, Max: 4.5, Diff: 0.2, Sum: 61.5]
      [GC Worker End (ms): Min: 283824254.5, Avg: 283824254.6, Max: 283824254.7, Diff: 0.1]
   [Code Root Fixup: 0.0 ms]
   [Code Root Purge: 0.0 ms]
   [Clear CT: 0.4 ms]
   [Other: 4.9 ms]
      [Choose CSet: 0.0 ms]
      [Ref Proc: 4.1 ms]
      [Ref Enq: 0.2 ms]
      [Redirty Cards: 0.2 ms]
      [Humongous Register: 0.0 ms]
      [Humongous Reclaim: 0.0 ms]
      [Free CSet: 0.2 ms]
   [Eden: 7152.0M(7152.0M)->0.0B(7152.0M) Survivors: 16384.0K->16384.0K Heap: 10567.6M(14336.0M)->3415.8M(14336.0M)]
 [Times: user=0.08 sys=0.00, real=0.01 secs] 
2022-11-03T01:14:38.765-0600: 283979.185: [GC pause (G1 Evacuation Pause) (young) (initial-mark), 0.0119361 secs]
   [Parallel Time: 7.1 ms, GC Workers: 14]
      [GC Worker Start (ms): Min: 283979186.9, Avg: 283979187.1, Max: 283979187.2, Diff: 0.2]
      [Ext Root Scanning (ms): Min: 4.5, Avg: 4.6, Max: 4.8, Diff: 0.3, Sum: 64.2]
      [Update RS (ms): Min: 0.1, Avg: 0.2, Max: 0.4, Diff: 0.3, Sum: 3.0]
         [Processed Buffers: Min: 1, Avg: 3.9, Max: 19, Diff: 18, Sum: 55]
      [Scan RS (ms): Min: 0.0, Avg: 0.0, Max: 0.1, Diff: 0.1, Sum: 0.4]
      [Code Root Scanning (ms): Min: 0.0, Avg: 0.0, Max: 0.0, Diff: 0.0, Sum: 0.0]
      [Object Copy (ms): Min: 0.1, Avg: 0.2, Max: 0.3, Diff: 0.2, Sum: 2.9]
      [Termination (ms): Min: 0.0, Avg: 0.0, Max: 0.0, Diff: 0.0, Sum: 0.2]
         [Termination Attempts: Min: 1, Avg: 1.0, Max: 1, Diff: 0, Sum: 14]
      [GC Worker Other (ms): Min: 0.0, Avg: 0.0, Max: 0.1, Diff: 0.1, Sum: 0.7]
      [GC Worker Total (ms): Min: 5.0, Avg: 5.1, Max: 5.3, Diff: 0.3, Sum: 71.3]
      [GC Worker End (ms): Min: 283979192.1, Avg: 283979192.1, Max: 283979192.2, Diff: 0.1]
   [Code Root Fixup: 0.0 ms]
   [Code Root Purge: 0.0 ms]
   [Clear CT: 0.4 ms]
   [Other: 4.4 ms]
      [Choose CSet: 0.0 ms]
      [Ref Proc: 3.6 ms]
      [Ref Enq: 0.2 ms]
      [Redirty Cards: 0.2 ms]
      [Humongous Register: 0.0 ms]
      [Humongous Reclaim: 0.0 ms]
      [Free CSet: 0.2 ms]
   [Eden: 7152.0M(7152.0M)->0.0B(7152.0M) Survivors: 16384.0K->16384.0K Heap: 10567.8M(14336.0M)->3415.8M(14336.0M)]
 [Times: user=0.06 sys=0.01, real=0.01 secs] 
2022-11-03T01:14:38.777-0600: 283979.197: [GC concurrent-root-region-scan-start]
2022-11-03T01:14:38.781-0600: 283979.201: [GC concurrent-root-region-scan-end, 0.0038363 secs]
2022-11-03T01:14:38.781-0600: 283979.201: [GC concurrent-mark-start]
2022-11-03T01:14:39.366-0600: 283979.786: [GC concurrent-mark-end, 0.5852527 secs]
2022-11-03T01:14:39.366-0600: 283979.787: [GC remark 2022-11-03T01:14:39.366-0600: 283979.787: [Finalize Marking, 0.0006440 secs] 2022-11-03T01:14:39.367-0600: 283979.787: [GC ref-proc, 0.0069259 secs] 2022-11-03T01:14:39.374-0600: 283979.794: [Unloading, 0.0209578 secs], 0.0309912 secs]
 [Times: user=0.30 sys=0.00, real=0.03 secs] 
2022-11-03T01:14:39.398-0600: 283979.818: [GC cleanup 3455M->3455M(14336M), 0.0055440 secs]
 [Times: user=0.05 sys=0.00, real=0.01 secs] 
2022-11-03T01:17:15.217-0600: 284135.637: [GC pause (G1 Evacuation Pause) (young), 0.0079620 secs]
   [Parallel Time: 3.4 ms, GC Workers: 14]
      [GC Worker Start (ms): Min: 284135637.0, Avg: 284135637.1, Max: 284135637.3, Diff: 0.2]
      [Ext Root Scanning (ms): Min: 0.3, Avg: 0.7, Max: 3.1, Diff: 2.8, Sum: 9.1]
      [Update RS (ms): Min: 0.0, Avg: 0.2, Max: 0.5, Diff: 0.5, Sum: 2.9]
         [Processed Buffers: Min: 0, Avg: 4.4, Max: 32, Diff: 32, Sum: 61]
      [Scan RS (ms): Min: 0.0, Avg: 0.0, Max: 0.1, Diff: 0.1, Sum: 0.5]
      [Code Root Scanning (ms): Min: 0.0, Avg: 0.0, Max: 0.0, Diff: 0.0, Sum: 0.0]
      [Object Copy (ms): Min: 0.0, Avg: 0.2, Max: 0.3, Diff: 0.3, Sum: 2.6]
      [Termination (ms): Min: 0.0, Avg: 1.9, Max: 2.1, Diff: 2.1, Sum: 27.0]
         [Termination Attempts: Min: 1, Avg: 1.4, Max: 2, Diff: 1, Sum: 19]
      [GC Worker Other (ms): Min: 0.0, Avg: 0.0, Max: 0.0, Diff: 0.0, Sum: 0.1]
      [GC Worker Total (ms): Min: 2.8, Avg: 3.0, Max: 3.2, Diff: 0.3, Sum: 42.2]
      [GC Worker End (ms): Min: 284135640.1, Avg: 284135640.2, Max: 284135640.2, Diff: 0.1]
   [Code Root Fixup: 0.0 ms]
   [Code Root Purge: 0.0 ms]
   [Clear CT: 0.4 ms]
   [Other: 4.1 ms]
      [Choose CSet: 0.0 ms]
      [Ref Proc: 3.5 ms]
      [Ref Enq: 0.2 ms]
      [Redirty Cards: 0.2 ms]
      [Humongous Register: 0.0 ms]
      [Humongous Reclaim: 0.0 ms]
      [Free CSet: 0.1 ms]
   [Eden: 7152.0M(7152.0M)->0.0B(7152.0M) Survivors: 16384.0K->16384.0K Heap: 10567.8M(14336.0M)->3415.8M(14336.0M)]
 [Times: user=0.05 sys=0.00, real=0.01 secs] 
2022-11-03T01:19:49.768-0600: 284290.189: [GC pause (G1 Evacuation Pause) (young), 0.0093145 secs]
   [Parallel Time: 4.8 ms, GC Workers: 14]
      [GC Worker Start (ms): Min: 284290188.8, Avg: 284290188.9, Max: 284290189.0, Diff: 0.2]
      [Ext Root Scanning (ms): Min: 0.3, Avg: 0.7, Max: 4.4, Diff: 4.1, Sum: 10.3]
      [Update RS (ms): Min: 0.0, Avg: 0.2, Max: 0.3, Diff: 0.3, Sum: 3.0]
         [Processed Buffers: Min: 0, Avg: 3.9, Max: 22, Diff: 22, Sum: 55]
      [Scan RS (ms): Min: 0.0, Avg: 0.0, Max: 0.1, Diff: 0.1, Sum: 0.4]
      [Code Root Scanning (ms): Min: 0.0, Avg: 0.0, Max: 0.0, Diff: 0.0, Sum: 0.0]
      [Object Copy (ms): Min: 0.0, Avg: 0.2, Max: 0.2, Diff: 0.2, Sum: 2.5]
      [Termination (ms): Min: 0.0, Avg: 3.2, Max: 3.5, Diff: 3.5, Sum: 44.7]
         [Termination Attempts: Min: 1, Avg: 1.1, Max: 2, Diff: 1, Sum: 15]
      [GC Worker Other (ms): Min: 0.0, Avg: 0.0, Max: 0.0, Diff: 0.0, Sum: 0.1]
      [GC Worker Total (ms): Min: 4.2, Avg: 4.4, Max: 4.5, Diff: 0.2, Sum: 61.0]
      [GC Worker End (ms): Min: 284290193.2, Avg: 284290193.3, Max: 284290193.4, Diff: 0.1]
   [Code Root Fixup: 0.0 ms]
   [Code Root Purge: 0.0 ms]
   [Clear CT: 0.3 ms]
   [Other: 4.2 ms]
      [Choose CSet: 0.0 ms]
      [Ref Proc: 3.6 ms]
      [Ref Enq: 0.3 ms]
      [Redirty Cards: 0.2 ms]
      [Humongous Register: 0.0 ms]
      [Humongous Reclaim: 0.0 ms]
      [Free CSet: 0.1 ms]
   [Eden: 7152.0M(7152.0M)->0.0B(7152.0M) Survivors: 16384.0K->16384.0K Heap: 10567.8M(14336.0M)->3415.8M(14336.0M)]
 [Times: user=0.08 sys=0.00, real=0.01 secs] 
2022-11-03T01:22:25.971-0600: 284446.392: [GC pause (G1 Evacuation Pause) (young) (initial-mark), 0.0372971 secs]
   [Parallel Time: 14.8 ms, GC Workers: 14]
      [GC Worker Start (ms): Min: 284446393.2, Avg: 284446393.3, Max: 284446393.5, Diff: 0.3]
      [Ext Root Scanning (ms): Min: 4.8, Avg: 5.0, Max: 5.2, Diff: 0.4, Sum: 70.2]
      [Update RS (ms): Min: 0.2, Avg: 0.2, Max: 0.5, Diff: 0.3, Sum: 3.4]
         [Processed Buffers: Min: 1, Avg: 3.8, Max: 14, Diff: 13, Sum: 53]
      [Scan RS (ms): Min: 0.0, Avg: 0.0, Max: 0.1, Diff: 0.1, Sum: 0.4]
      [Code Root Scanning (ms): Min: 0.0, Avg: 0.0, Max: 0.0, Diff: 0.0, Sum: 0.0]
      [Object Copy (ms): Min: 0.1, Avg: 0.2, Max: 0.3, Diff: 0.2, Sum: 3.4]
      [Termination (ms): Min: 0.0, Avg: 0.0, Max: 0.0, Diff: 0.0, Sum: 0.2]
         [Termination Attempts: Min: 7, Avg: 10.8, Max: 15, Diff: 8, Sum: 151]
      [GC Worker Other (ms): Min: 0.0, Avg: 1.1, Max: 7.2, Diff: 7.2, Sum: 15.0]
      [GC Worker Total (ms): Min: 5.4, Avg: 6.6, Max: 12.8, Diff: 7.3, Sum: 92.5]
      [GC Worker End (ms): Min: 284446398.9, Avg: 284446399.9, Max: 284446406.0, Diff: 7.2]
   [Code Root Fixup: 0.0 ms]
   [Code Root Purge: 0.0 ms]
   [Clear CT: 0.3 ms]
   [Other: 22.2 ms]
      [Choose CSet: 0.0 ms]
      [Ref Proc: 21.3 ms]
      [Ref Enq: 0.3 ms]
      [Redirty Cards: 0.2 ms]
      [Humongous Register: 0.0 ms]
      [Humongous Reclaim: 0.0 ms]
      [Free CSet: 0.2 ms]
   [Eden: 7152.0M(7152.0M)->0.0B(7152.0M) Survivors: 16384.0K->16384.0K Heap: 10567.8M(14336.0M)->3416.5M(14336.0M)]
 [Times: user=0.12 sys=0.00, real=0.04 secs] 
2022-11-03T01:22:26.009-0600: 284446.429: [GC concurrent-root-region-scan-start]
2022-11-03T01:22:26.012-0600: 284446.432: [GC concurrent-root-region-scan-end, 0.0035590 secs]
2022-11-03T01:22:26.012-0600: 284446.432: [GC concurrent-mark-start]
2022-11-03T01:22:26.582-0600: 284447.002: [GC concurrent-mark-end, 0.5696335 secs]
2022-11-03T01:22:26.582-0600: 284447.002: [GC remark 2022-11-03T01:22:26.582-0600: 284447.002: [Finalize Marking, 0.0019382 secs] 2022-11-03T01:22:26.584-0600: 284447.004: [GC ref-proc, 0.0076550 secs] 2022-11-03T01:22:26.592-0600: 284447.012: [Unloading, 0.0248442 secs], 0.0368434 secs]
 [Times: user=0.36 sys=0.00, real=0.03 secs] 
2022-11-03T01:22:26.619-0600: 284447.039: [GC cleanup 3456M->3456M(14336M), 0.0105597 secs]
 [Times: user=0.06 sys=0.00, real=0.01 secs] 
2022-11-03T01:25:47.168-0600: 284647.588: [GC pause (G1 Evacuation Pause) (young), 0.0101425 secs]
   [Parallel Time: 5.2 ms, GC Workers: 14]
      [GC Worker Start (ms): Min: 284647588.1, Avg: 284647588.2, Max: 284647588.4, Diff: 0.3]
      [Ext Root Scanning (ms): Min: 0.2, Avg: 0.8, Max: 4.8, Diff: 4.5, Sum: 10.8]
      [Update RS (ms): Min: 0.0, Avg: 0.6, Max: 0.8, Diff: 0.8, Sum: 8.8]
         [Processed Buffers: Min: 0, Avg: 6.9, Max: 22, Diff: 22, Sum: 96]
      [Scan RS (ms): Min: 0.0, Avg: 0.0, Max: 0.1, Diff: 0.1, Sum: 0.4]
      [Code Root Scanning (ms): Min: 0.0, Avg: 0.0, Max: 0.0, Diff: 0.0, Sum: 0.0]
      [Object Copy (ms): Min: 0.0, Avg: 0.4, Max: 0.5, Diff: 0.5, Sum: 5.8]
      [Termination (ms): Min: 0.0, Avg: 2.9, Max: 3.1, Diff: 3.1, Sum: 40.0]
         [Termination Attempts: Min: 1, Avg: 39.4, Max: 54, Diff: 53, Sum: 551]
      [GC Worker Other (ms): Min: 0.0, Avg: 0.0, Max: 0.0, Diff: 0.0, Sum: 0.1]
      [GC Worker Total (ms): Min: 4.6, Avg: 4.7, Max: 4.9, Diff: 0.3, Sum: 65.8]
      [GC Worker End (ms): Min: 284647592.9, Avg: 284647593.0, Max: 284647593.0, Diff: 0.1]
   [Code Root Fixup: 0.0 ms]
   [Code Root Purge: 0.0 ms]
   [Clear CT: 0.4 ms]
   [Other: 4.5 ms]
      [Choose CSet: 0.0 ms]
      [Ref Proc: 3.8 ms]
      [Ref Enq: 0.3 ms]
      [Redirty Cards: 0.2 ms]
      [Humongous Register: 0.0 ms]
      [Humongous Reclaim: 0.0 ms]
      [Free CSet: 0.2 ms]
   [Eden: 7152.0M(7152.0M)->0.0B(7152.0M) Survivors: 16384.0K->16384.0K Heap: 10568.5M(14336.0M)->3416.7M(14336.0M)]
 [Times: user=0.09 sys=0.00, real=0.01 secs] 
2022-11-03T01:42:05.465-0600: 285625.885: [GC pause (G1 Evacuation Pause) (young), 0.0109913 secs]
   [Parallel Time: 5.1 ms, GC Workers: 14]
      [GC Worker Start (ms): Min: 285625885.5, Avg: 285625885.6, Max: 285625885.7, Diff: 0.3]
      [Ext Root Scanning (ms): Min: 0.3, Avg: 0.7, Max: 4.6, Diff: 4.3, Sum: 10.3]
      [Update RS (ms): Min: 0.0, Avg: 0.5, Max: 0.7, Diff: 0.7, Sum: 6.4]
         [Processed Buffers: Min: 0, Avg: 12.1, Max: 42, Diff: 42, Sum: 169]
      [Scan RS (ms): Min: 0.0, Avg: 0.0, Max: 0.1, Diff: 0.0, Sum: 0.4]
      [Code Root Scanning (ms): Min: 0.0, Avg: 0.0, Max: 0.0, Diff: 0.0, Sum: 0.0]
      [Object Copy (ms): Min: 0.0, Avg: 0.6, Max: 0.7, Diff: 0.7, Sum: 8.2]
      [Termination (ms): Min: 0.0, Avg: 2.7, Max: 3.0, Diff: 3.0, Sum: 37.9]
         [Termination Attempts: Min: 1, Avg: 26.3, Max: 38, Diff: 37, Sum: 368]
      [GC Worker Other (ms): Min: 0.0, Avg: 0.0, Max: 0.0, Diff: 0.0, Sum: 0.1]
      [GC Worker Total (ms): Min: 4.4, Avg: 4.5, Max: 4.6, Diff: 0.2, Sum: 63.2]
      [GC Worker End (ms): Min: 285625890.1, Avg: 285625890.1, Max: 285625890.2, Diff: 0.1]
   [Code Root Fixup: 0.0 ms]
   [Code Root Purge: 0.0 ms]
   [Clear CT: 0.3 ms]
   [Other: 5.7 ms]
      [Choose CSet: 0.0 ms]
      [Ref Proc: 4.8 ms]
      [Ref Enq: 0.3 ms]
      [Redirty Cards: 0.2 ms]
      [Humongous Register: 0.0 ms]
      [Humongous Reclaim: 0.0 ms]
      [Free CSet: 0.3 ms]
   [Eden: 7152.0M(7152.0M)->0.0B(7152.0M) Survivors: 16384.0K->16384.0K Heap: 10568.7M(14336.0M)->3418.2M(14336.0M)]
 [Times: user=0.09 sys=0.00, real=0.01 secs] 
2022-11-03T01:57:58.615-0600: 286579.035: [GC pause (G1 Evacuation Pause) (young) (initial-mark), 0.0132932 secs]
   [Parallel Time: 7.6 ms, GC Workers: 14]
      [GC Worker Start (ms): Min: 286579036.6, Avg: 286579036.8, Max: 286579037.0, Diff: 0.3]
      [Ext Root Scanning (ms): Min: 4.3, Avg: 4.5, Max: 4.7, Diff: 0.4, Sum: 63.6]
      [Update RS (ms): Min: 0.6, Avg: 0.7, Max: 0.9, Diff: 0.3, Sum: 9.2]
         [Processed Buffers: Min: 3, Avg: 12.7, Max: 40, Diff: 37, Sum: 178]
      [Scan RS (ms): Min: 0.0, Avg: 0.0, Max: 0.1, Diff: 0.0, Sum: 0.4]
      [Code Root Scanning (ms): Min: 0.0, Avg: 0.0, Max: 0.0, Diff: 0.0, Sum: 0.0]
      [Object Copy (ms): Min: 0.2, Avg: 0.4, Max: 0.4, Diff: 0.2, Sum: 5.1]
      [Termination (ms): Min: 0.0, Avg: 0.0, Max: 0.0, Diff: 0.0, Sum: 0.3]
         [Termination Attempts: Min: 22, Avg: 33.1, Max: 43, Diff: 21, Sum: 463]
      [GC Worker Other (ms): Min: 0.0, Avg: 0.1, Max: 0.2, Diff: 0.2, Sum: 1.1]
      [GC Worker Total (ms): Min: 5.5, Avg: 5.7, Max: 5.9, Diff: 0.5, Sum: 79.7]
      [GC Worker End (ms): Min: 286579042.4, Avg: 286579042.5, Max: 286579042.6, Diff: 0.2]
   [Code Root Fixup: 0.0 ms]
   [Code Root Purge: 0.0 ms]
   [Clear CT: 0.4 ms]
   [Other: 5.4 ms]
      [Choose CSet: 0.0 ms]
      [Ref Proc: 4.6 ms]
      [Ref Enq: 0.3 ms]
      [Redirty Cards: 0.2 ms]
      [Humongous Register: 0.0 ms]
      [Humongous Reclaim: 0.0 ms]
      [Free CSet: 0.2 ms]
   [Eden: 7152.0M(7152.0M)->0.0B(7152.0M) Survivors: 16384.0K->16384.0K Heap: 10570.2M(14336.0M)->3417.6M(14336.0M)]
 [Times: user=0.08 sys=0.00, real=0.01 secs] 
2022-11-03T01:57:58.628-0600: 286579.049: [GC concurrent-root-region-scan-start]
2022-11-03T01:57:58.632-0600: 286579.052: [GC concurrent-root-region-scan-end, 0.0037038 secs]
2022-11-03T01:57:58.632-0600: 286579.052: [GC concurrent-mark-start]
2022-11-03T01:57:59.184-0600: 286579.605: [GC concurrent-mark-end, 0.5524294 secs]
2022-11-03T01:57:59.185-0600: 286579.605: [GC remark 2022-11-03T01:57:59.185-0600: 286579.605: [Finalize Marking, 0.0007585 secs] 2022-11-03T01:57:59.185-0600: 286579.606: [GC ref-proc, 0.0092786 secs] 2022-11-03T01:57:59.195-0600: 286579.615: [Unloading, 0.0226460 secs], 0.0350016 secs]
 [Times: user=0.33 sys=0.00, real=0.03 secs] 
2022-11-03T01:57:59.220-0600: 286579.640: [GC cleanup 3441M->3441M(14336M), 0.0072141 secs]
 [Times: user=0.05 sys=0.00, real=0.01 secs] 
2022-11-03T02:13:50.265-0600: 287530.685: [GC pause (G1 Evacuation Pause) (young), 0.0095264 secs]
   [Parallel Time: 4.8 ms, GC Workers: 14]
      [GC Worker Start (ms): Min: 287530685.5, Avg: 287530685.6, Max: 287530685.8, Diff: 0.3]
      [Ext Root Scanning (ms): Min: 0.2, Avg: 0.7, Max: 4.5, Diff: 4.2, Sum: 9.7]
      [Update RS (ms): Min: 0.0, Avg: 0.1, Max: 0.3, Diff: 0.3, Sum: 1.9]
         [Processed Buffers: Min: 0, Avg: 12.1, Max: 27, Diff: 27, Sum: 169]
      [Scan RS (ms): Min: 0.0, Avg: 0.0, Max: 0.1, Diff: 0.1, Sum: 0.5]
      [Code Root Scanning (ms): Min: 0.0, Avg: 0.0, Max: 0.0, Diff: 0.0, Sum: 0.0]
      [Object Copy (ms): Min: 0.0, Avg: 0.3, Max: 0.4, Diff: 0.4, Sum: 4.0]
      [Termination (ms): Min: 0.0, Avg: 3.3, Max: 3.6, Diff: 3.6, Sum: 45.9]
         [Termination Attempts: Min: 1, Avg: 38.9, Max: 61, Diff: 60, Sum: 545]
      [GC Worker Other (ms): Min: 0.0, Avg: 0.0, Max: 0.0, Diff: 0.0, Sum: 0.1]
      [GC Worker Total (ms): Min: 4.3, Avg: 4.4, Max: 4.6, Diff: 0.3, Sum: 62.2]
      [GC Worker End (ms): Min: 287530690.0, Avg: 287530690.1, Max: 287530690.1, Diff: 0.1]
   [Code Root Fixup: 0.0 ms]
   [Code Root Purge: 0.0 ms]
   [Clear CT: 0.4 ms]
   [Other: 4.3 ms]
      [Choose CSet: 0.0 ms]
      [Ref Proc: 3.6 ms]
      [Ref Enq: 0.2 ms]
      [Redirty Cards: 0.2 ms]
      [Humongous Register: 0.0 ms]
      [Humongous Reclaim: 0.0 ms]
      [Free CSet: 0.2 ms]
   [Eden: 7152.0M(7152.0M)->0.0B(5712.0M) Survivors: 16384.0K->16384.0K Heap: 10569.6M(14336.0M)->3417.3M(14336.0M)]
 [Times: user=0.08 sys=0.00, real=0.01 secs] 
2022-11-03T02:26:54.665-0600: 288315.085: [GC pause (G1 Evacuation Pause) (mixed), 0.0093642 secs]
   [Parallel Time: 5.1 ms, GC Workers: 14]
      [GC Worker Start (ms): Min: 288315085.0, Avg: 288315085.1, Max: 288315085.3, Diff: 0.3]
      [Ext Root Scanning (ms): Min: 0.2, Avg: 0.7, Max: 4.8, Diff: 4.5, Sum: 10.4]
      [Update RS (ms): Min: 0.0, Avg: 0.1, Max: 0.4, Diff: 0.4, Sum: 1.9]
         [Processed Buffers: Min: 0, Avg: 10.5, Max: 34, Diff: 34, Sum: 147]
      [Scan RS (ms): Min: 0.0, Avg: 0.2, Max: 0.3, Diff: 0.3, Sum: 2.9]
      [Code Root Scanning (ms): Min: 0.0, Avg: 0.0, Max: 0.0, Diff: 0.0, Sum: 0.0]
      [Object Copy (ms): Min: 0.0, Avg: 1.3, Max: 1.5, Diff: 1.5, Sum: 18.6]
      [Termination (ms): Min: 0.0, Avg: 2.3, Max: 2.5, Diff: 2.5, Sum: 32.2]
         [Termination Attempts: Min: 1, Avg: 2.6, Max: 5, Diff: 4, Sum: 36]
      [GC Worker Other (ms): Min: 0.0, Avg: 0.0, Max: 0.0, Diff: 0.0, Sum: 0.1]
      [GC Worker Total (ms): Min: 4.5, Avg: 4.7, Max: 4.9, Diff: 0.4, Sum: 66.2]
      [GC Worker End (ms): Min: 288315089.8, Avg: 288315089.9, Max: 288315089.9, Diff: 0.1]
   [Code Root Fixup: 0.0 ms]
   [Code Root Purge: 0.0 ms]
   [Clear CT: 0.3 ms]
   [Other: 4.0 ms]
      [Choose CSet: 0.0 ms]
      [Ref Proc: 3.3 ms]
      [Ref Enq: 0.3 ms]
      [Redirty Cards: 0.2 ms]
      [Humongous Register: 0.0 ms]
      [Humongous Reclaim: 0.0 ms]
      [Free CSet: 0.1 ms]
   [Eden: 5712.0M(5712.0M)->0.0B(7152.0M) Survivors: 16384.0K->16384.0K Heap: 9129.3M(14336.0M)->3302.3M(14336.0M)]
 [Times: user=0.07 sys=0.00, real=0.01 secs] 
2022-11-03T02:42:39.266-0600: 289259.686: [GC pause (G1 Evacuation Pause) (young), 0.0101655 secs]
   [Parallel Time: 4.8 ms, GC Workers: 14]
      [GC Worker Start (ms): Min: 289259685.9, Avg: 289259686.1, Max: 289259686.2, Diff: 0.3]
      [Ext Root Scanning (ms): Min: 0.3, Avg: 0.7, Max: 4.4, Diff: 4.1, Sum: 9.8]
      [Update RS (ms): Min: 0.0, Avg: 0.5, Max: 0.7, Diff: 0.7, Sum: 6.9]
         [Processed Buffers: Min: 0, Avg: 12.6, Max: 37, Diff: 37, Sum: 176]
      [Scan RS (ms): Min: 0.0, Avg: 0.0, Max: 0.0, Diff: 0.0, Sum: 0.4]
      [Code Root Scanning (ms): Min: 0.0, Avg: 0.0, Max: 0.0, Diff: 0.0, Sum: 0.0]
      [Object Copy (ms): Min: 0.0, Avg: 0.3, Max: 0.4, Diff: 0.4, Sum: 4.4]
      [Termination (ms): Min: 0.0, Avg: 2.7, Max: 3.0, Diff: 3.0, Sum: 38.3]
         [Termination Attempts: Min: 1, Avg: 40.9, Max: 58, Diff: 57, Sum: 572]
      [GC Worker Other (ms): Min: 0.0, Avg: 0.0, Max: 0.0, Diff: 0.0, Sum: 0.1]
      [GC Worker Total (ms): Min: 4.1, Avg: 4.3, Max: 4.4, Diff: 0.3, Sum: 59.9]
      [GC Worker End (ms): Min: 289259690.3, Avg: 289259690.3, Max: 289259690.4, Diff: 0.1]
   [Code Root Fixup: 0.0 ms]
   [Code Root Purge: 0.0 ms]
   [Clear CT: 0.3 ms]
   [Other: 5.0 ms]
      [Choose CSet: 0.0 ms]
      [Ref Proc: 4.3 ms]
      [Ref Enq: 0.2 ms]
      [Redirty Cards: 0.2 ms]
      [Humongous Register: 0.0 ms]
      [Humongous Reclaim: 0.0 ms]
      [Free CSet: 0.1 ms]
   [Eden: 7152.0M(7152.0M)->0.0B(7152.0M) Survivors: 16384.0K->16384.0K Heap: 10454.3M(14336.0M)->3303.3M(14336.0M)]
 [Times: user=0.08 sys=0.00, real=0.01 secs] 
2022-11-03T02:58:14.650-0600: 290195.070: [GC pause (G1 Evacuation Pause) (young) (initial-mark), 0.0123151 secs]
   [Parallel Time: 6.9 ms, GC Workers: 14]
      [GC Worker Start (ms): Min: 290195072.3, Avg: 290195072.4, Max: 290195072.6, Diff: 0.3]
      [Ext Root Scanning (ms): Min: 3.9, Avg: 4.0, Max: 4.1, Diff: 0.3, Sum: 56.1]
      [Update RS (ms): Min: 0.1, Avg: 0.2, Max: 0.4, Diff: 0.2, Sum: 2.6]
         [Processed Buffers: Min: 1, Avg: 11.7, Max: 33, Diff: 32, Sum: 164]
      [Scan RS (ms): Min: 0.0, Avg: 0.0, Max: 0.1, Diff: 0.1, Sum: 0.5]
      [Code Root Scanning (ms): Min: 0.0, Avg: 0.0, Max: 0.0, Diff: 0.0, Sum: 0.0]
      [Object Copy (ms): Min: 0.2, Avg: 0.3, Max: 0.4, Diff: 0.2, Sum: 4.9]
      [Termination (ms): Min: 0.0, Avg: 0.0, Max: 0.0, Diff: 0.0, Sum: 0.4]
         [Termination Attempts: Min: 27, Avg: 41.1, Max: 53, Diff: 26, Sum: 575]
      [GC Worker Other (ms): Min: 0.0, Avg: 0.1, Max: 0.2, Diff: 0.2, Sum: 1.4]
      [GC Worker Total (ms): Min: 4.5, Avg: 4.7, Max: 4.9, Diff: 0.3, Sum: 65.8]
      [GC Worker End (ms): Min: 290195077.0, Avg: 290195077.1, Max: 290195077.3, Diff: 0.2]
   [Code Root Fixup: 0.0 ms]
   [Code Root Purge: 0.0 ms]
   [Clear CT: 0.4 ms]
   [Other: 5.0 ms]
      [Choose CSet: 0.0 ms]
      [Ref Proc: 4.0 ms]
      [Ref Enq: 0.2 ms]
      [Redirty Cards: 0.3 ms]
      [Humongous Register: 0.0 ms]
      [Humongous Reclaim: 0.0 ms]
      [Free CSet: 0.2 ms]
   [Eden: 7152.0M(7152.0M)->0.0B(7152.0M) Survivors: 16384.0K->16384.0K Heap: 10455.3M(14336.0M)->3303.1M(14336.0M)]
 [Times: user=0.07 sys=0.00, real=0.02 secs] 
2022-11-03T02:58:14.663-0600: 290195.083: [GC concurrent-root-region-scan-start]
2022-11-03T02:58:14.666-0600: 290195.087: [GC concurrent-root-region-scan-end, 0.0036961 secs]
2022-11-03T02:58:14.666-0600: 290195.087: [GC concurrent-mark-start]
2022-11-03T02:58:15.246-0600: 290195.666: [GC concurrent-mark-end, 0.5797771 secs]
2022-11-03T02:58:15.246-0600: 290195.667: [GC remark 2022-11-03T02:58:15.246-0600: 290195.667: [Finalize Marking, 0.0010147 secs] 2022-11-03T02:58:15.247-0600: 290195.668: [GC ref-proc, 0.0076913 secs] 2022-11-03T02:58:15.255-0600: 290195.675: [Unloading, 0.0231873 secs], 0.0344081 secs]
 [Times: user=0.34 sys=0.00, real=0.04 secs] 
2022-11-03T02:58:15.281-0600: 290195.701: [GC cleanup 3335M->3335M(14336M), 0.0070980 secs]
 [Times: user=0.06 sys=0.00, real=0.00 secs] 
2022-11-03T03:13:48.515-0600: 291128.935: [GC pause (G1 Evacuation Pause) (young), 0.0095972 secs]
   [Parallel Time: 3.8 ms, GC Workers: 14]
      [GC Worker Start (ms): Min: 291128935.3, Avg: 291128935.4, Max: 291128935.6, Diff: 0.3]
      [Ext Root Scanning (ms): Min: 0.3, Avg: 0.7, Max: 3.3, Diff: 3.0, Sum: 9.7]
      [Update RS (ms): Min: 0.0, Avg: 0.2, Max: 0.4, Diff: 0.4, Sum: 2.2]
         [Processed Buffers: Min: 0, Avg: 12.3, Max: 29, Diff: 29, Sum: 172]
      [Scan RS (ms): Min: 0.0, Avg: 0.0, Max: 0.1, Diff: 0.1, Sum: 0.5]
      [Code Root Scanning (ms): Min: 0.0, Avg: 0.0, Max: 0.0, Diff: 0.0, Sum: 0.0]
      [Object Copy (ms): Min: 0.0, Avg: 0.3, Max: 0.4, Diff: 0.4, Sum: 3.9]
      [Termination (ms): Min: 0.0, Avg: 2.0, Max: 2.3, Diff: 2.3, Sum: 28.6]
         [Termination Attempts: Min: 1, Avg: 31.9, Max: 52, Diff: 51, Sum: 446]
      [GC Worker Other (ms): Min: 0.0, Avg: 0.0, Max: 0.0, Diff: 0.0, Sum: 0.1]
      [GC Worker Total (ms): Min: 3.1, Avg: 3.2, Max: 3.3, Diff: 0.3, Sum: 44.9]
      [GC Worker End (ms): Min: 291128938.6, Avg: 291128938.6, Max: 291128938.7, Diff: 0.1]
   [Code Root Fixup: 0.0 ms]
   [Code Root Purge: 0.0 ms]
   [Clear CT: 0.5 ms]
   [Other: 5.3 ms]
      [Choose CSet: 0.0 ms]
      [Ref Proc: 4.3 ms]
      [Ref Enq: 0.2 ms]
      [Redirty Cards: 0.4 ms]
      [Humongous Register: 0.0 ms]
      [Humongous Reclaim: 0.0 ms]
      [Free CSet: 0.2 ms]
   [Eden: 7152.0M(7152.0M)->0.0B(5712.0M) Survivors: 16384.0K->16384.0K Heap: 10455.1M(14336.0M)->3303.5M(14336.0M)]
 [Times: user=0.06 sys=0.00, real=0.01 secs] 
2022-11-03T03:26:45.365-0600: 291905.786: [GC pause (G1 Evacuation Pause) (mixed), 0.0112653 secs]
   [Parallel Time: 5.6 ms, GC Workers: 14]
      [GC Worker Start (ms): Min: 291905785.7, Avg: 291905785.8, Max: 291905786.0, Diff: 0.2]
      [Ext Root Scanning (ms): Min: 0.3, Avg: 0.8, Max: 5.3, Diff: 5.1, Sum: 10.8]
      [Update RS (ms): Min: 0.0, Avg: 0.1, Max: 0.3, Diff: 0.3, Sum: 1.9]
         [Processed Buffers: Min: 0, Avg: 10.6, Max: 35, Diff: 35, Sum: 148]
      [Scan RS (ms): Min: 0.0, Avg: 0.1, Max: 0.1, Diff: 0.1, Sum: 0.7]
      [Code Root Scanning (ms): Min: 0.0, Avg: 0.0, Max: 0.0, Diff: 0.0, Sum: 0.0]
      [Object Copy (ms): Min: 0.0, Avg: 0.5, Max: 0.6, Diff: 0.6, Sum: 6.9]
      [Termination (ms): Min: 0.0, Avg: 3.8, Max: 4.3, Diff: 4.3, Sum: 53.8]
         [Termination Attempts: Min: 1, Avg: 12.5, Max: 25, Diff: 24, Sum: 175]
      [GC Worker Other (ms): Min: 0.0, Avg: 0.0, Max: 0.0, Diff: 0.0, Sum: 0.1]
      [GC Worker Total (ms): Min: 5.2, Avg: 5.3, Max: 5.4, Diff: 0.3, Sum: 74.2]
      [GC Worker End (ms): Min: 291905791.1, Avg: 291905791.2, Max: 291905791.2, Diff: 0.1]
   [Code Root Fixup: 0.0 ms]
   [Code Root Purge: 0.0 ms]
   [Clear CT: 0.2 ms]
   [Other: 5.4 ms]
      [Choose CSet: 0.0 ms]
      [Ref Proc: 4.6 ms]
      [Ref Enq: 0.3 ms]
      [Redirty Cards: 0.2 ms]
      [Humongous Register: 0.0 ms]
      [Humongous Reclaim: 0.0 ms]
      [Free CSet: 0.2 ms]
   [Eden: 5712.0M(5712.0M)->0.0B(7152.0M) Survivors: 16384.0K->16384.0K Heap: 9015.5M(14336.0M)->3292.3M(14336.0M)]
 [Times: user=0.08 sys=0.01, real=0.01 secs] 
2022-11-03T03:42:31.616-0600: 292852.036: [GC pause (G1 Evacuation Pause) (young), 0.0105778 secs]
   [Parallel Time: 4.8 ms, GC Workers: 14]
      [GC Worker Start (ms): Min: 292852035.9, Avg: 292852036.0, Max: 292852036.2, Diff: 0.2]
      [Ext Root Scanning (ms): Min: 0.2, Avg: 0.7, Max: 4.4, Diff: 4.2, Sum: 9.7]
      [Update RS (ms): Min: 0.0, Avg: 0.2, Max: 0.4, Diff: 0.4, Sum: 2.9]
         [Processed Buffers: Min: 0, Avg: 10.7, Max: 40, Diff: 40, Sum: 150]
      [Scan RS (ms): Min: 0.0, Avg: 0.0, Max: 0.1, Diff: 0.1, Sum: 0.4]
      [Code Root Scanning (ms): Min: 0.0, Avg: 0.0, Max: 0.0, Diff: 0.0, Sum: 0.0]
      [Object Copy (ms): Min: 0.0, Avg: 0.3, Max: 0.4, Diff: 0.4, Sum: 4.3]
      [Termination (ms): Min: 0.0, Avg: 3.1, Max: 3.4, Diff: 3.4, Sum: 43.8]
         [Termination Attempts: Min: 1, Avg: 39.3, Max: 50, Diff: 49, Sum: 550]
      [GC Worker Other (ms): Min: 0.0, Avg: 0.0, Max: 0.0, Diff: 0.0, Sum: 0.1]
      [GC Worker Total (ms): Min: 4.2, Avg: 4.4, Max: 4.5, Diff: 0.3, Sum: 61.2]
      [GC Worker End (ms): Min: 292852040.4, Avg: 292852040.4, Max: 292852040.5, Diff: 0.1]
   [Code Root Fixup: 0.0 ms]
   [Code Root Purge: 0.0 ms]
   [Clear CT: 0.4 ms]
   [Other: 5.4 ms]
      [Choose CSet: 0.0 ms]
      [Ref Proc: 4.7 ms]
      [Ref Enq: 0.2 ms]
      [Redirty Cards: 0.2 ms]
      [Humongous Register: 0.0 ms]
      [Humongous Reclaim: 0.0 ms]
      [Free CSet: 0.2 ms]
   [Eden: 7152.0M(7152.0M)->0.0B(7152.0M) Survivors: 16384.0K->16384.0K Heap: 10444.3M(14336.0M)->3292.6M(14336.0M)]
 [Times: user=0.08 sys=0.00, real=0.01 secs] 
2022-11-03T03:58:16.365-0600: 293796.785: [GC pause (G1 Evacuation Pause) (young) (initial-mark), 0.0113422 secs]
   [Parallel Time: 6.7 ms, GC Workers: 14]
      [GC Worker Start (ms): Min: 293796786.3, Avg: 293796786.4, Max: 293796786.6, Diff: 0.3]
      [Ext Root Scanning (ms): Min: 4.3, Avg: 4.5, Max: 4.6, Diff: 0.3, Sum: 63.1]
      [Update RS (ms): Min: 0.0, Avg: 0.2, Max: 0.3, Diff: 0.3, Sum: 2.3]
         [Processed Buffers: Min: 1, Avg: 11.1, Max: 42, Diff: 41, Sum: 155]
      [Scan RS (ms): Min: 0.0, Avg: 0.0, Max: 0.1, Diff: 0.1, Sum: 0.4]
      [Code Root Scanning (ms): Min: 0.0, Avg: 0.0, Max: 0.0, Diff: 0.0, Sum: 0.0]
      [Object Copy (ms): Min: 0.2, Avg: 0.3, Max: 0.4, Diff: 0.3, Sum: 4.9]
      [Termination (ms): Min: 0.0, Avg: 0.0, Max: 0.0, Diff: 0.0, Sum: 0.5]
         [Termination Attempts: Min: 24, Avg: 41.9, Max: 54, Diff: 30, Sum: 587]
      [GC Worker Other (ms): Min: 0.0, Avg: 0.0, Max: 0.1, Diff: 0.1, Sum: 0.5]
      [GC Worker Total (ms): Min: 4.9, Avg: 5.1, Max: 5.2, Diff: 0.3, Sum: 71.6]
      [GC Worker End (ms): Min: 293796791.5, Avg: 293796791.5, Max: 293796791.6, Diff: 0.1]
   [Code Root Fixup: 0.0 ms]
   [Code Root Purge: 0.0 ms]
   [Clear CT: 0.3 ms]
   [Other: 4.4 ms]
      [Choose CSet: 0.0 ms]
      [Ref Proc: 3.5 ms]
      [Ref Enq: 0.3 ms]
      [Redirty Cards: 0.2 ms]
      [Humongous Register: 0.0 ms]
      [Humongous Reclaim: 0.0 ms]
      [Free CSet: 0.2 ms]
   [Eden: 7152.0M(7152.0M)->0.0B(7152.0M) Survivors: 16384.0K->16384.0K Heap: 10444.6M(14336.0M)->3292.5M(14336.0M)]
 [Times: user=0.07 sys=0.00, real=0.01 secs] 
2022-11-03T03:58:16.376-0600: 293796.796: [GC concurrent-root-region-scan-start]
2022-11-03T03:58:16.380-0600: 293796.800: [GC concurrent-root-region-scan-end, 0.0036251 secs]
2022-11-03T03:58:16.380-0600: 293796.800: [GC concurrent-mark-start]
2022-11-03T03:58:16.919-0600: 293797.339: [GC concurrent-mark-end, 0.5388457 secs]
2022-11-03T03:58:16.919-0600: 293797.339: [GC remark 2022-11-03T03:58:16.919-0600: 293797.339: [Finalize Marking, 0.0006855 secs] 2022-11-03T03:58:16.920-0600: 293797.340: [GC ref-proc, 0.0076722 secs] 2022-11-03T03:58:16.927-0600: 293797.348: [Unloading, 0.0230860 secs], 0.0340380 secs]
 [Times: user=0.32 sys=0.00, real=0.04 secs] 
2022-11-03T03:58:16.953-0600: 293797.373: [GC cleanup 3324M->3324M(14336M), 0.0054851 secs]
 [Times: user=0.05 sys=0.00, real=0.00 secs] 
2022-11-03T04:13:51.407-0600: 294731.827: [GC pause (G1 Evacuation Pause) (young), 0.0094526 secs]
   [Parallel Time: 3.7 ms, GC Workers: 14]
      [GC Worker Start (ms): Min: 294731827.5, Avg: 294731827.7, Max: 294731827.8, Diff: 0.3]
      [Ext Root Scanning (ms): Min: 0.3, Avg: 0.7, Max: 3.4, Diff: 3.1, Sum: 9.2]
      [Update RS (ms): Min: 0.0, Avg: 0.2, Max: 0.4, Diff: 0.4, Sum: 2.5]
         [Processed Buffers: Min: 0, Avg: 11.0, Max: 34, Diff: 34, Sum: 154]
      [Scan RS (ms): Min: 0.0, Avg: 0.0, Max: 0.1, Diff: 0.1, Sum: 0.6]
      [Code Root Scanning (ms): Min: 0.0, Avg: 0.0, Max: 0.0, Diff: 0.0, Sum: 0.0]
      [Object Copy (ms): Min: 0.0, Avg: 0.3, Max: 0.4, Diff: 0.4, Sum: 3.8]
      [Termination (ms): Min: 0.0, Avg: 2.1, Max: 2.4, Diff: 2.4, Sum: 29.9]
         [Termination Attempts: Min: 1, Avg: 31.3, Max: 45, Diff: 44, Sum: 438]
      [GC Worker Other (ms): Min: 0.0, Avg: 0.0, Max: 0.0, Diff: 0.0, Sum: 0.1]
      [GC Worker Total (ms): Min: 3.1, Avg: 3.3, Max: 3.4, Diff: 0.3, Sum: 46.1]
      [GC Worker End (ms): Min: 294731830.9, Avg: 294731831.0, Max: 294731831.0, Diff: 0.1]
   [Code Root Fixup: 0.0 ms]
   [Code Root Purge: 0.0 ms]
   [Clear CT: 0.4 ms]
   [Other: 5.4 ms]
      [Choose CSet: 0.0 ms]
      [Ref Proc: 4.6 ms]
      [Ref Enq: 0.2 ms]
      [Redirty Cards: 0.2 ms]
      [Humongous Register: 0.0 ms]
      [Humongous Reclaim: 0.0 ms]
      [Free CSet: 0.2 ms]
   [Eden: 7152.0M(7152.0M)->0.0B(7152.0M) Survivors: 16384.0K->16384.0K Heap: 10444.5M(14336.0M)->3292.7M(14336.0M)]
 [Times: user=0.07 sys=0.00, real=0.01 secs] 
2022-11-03T04:29:43.548-0600: 295683.968: [GC pause (G1 Evacuation Pause) (young), 0.0116145 secs]
   [Parallel Time: 5.6 ms, GC Workers: 14]
      [GC Worker Start (ms): Min: 295683968.1, Avg: 295683968.2, Max: 295683968.4, Diff: 0.3]
      [Ext Root Scanning (ms): Min: 0.2, Avg: 0.8, Max: 5.2, Diff: 5.0, Sum: 10.5]
      [Update RS (ms): Min: 0.0, Avg: 0.1, Max: 0.3, Diff: 0.3, Sum: 1.8]
         [Processed Buffers: Min: 0, Avg: 10.6, Max: 48, Diff: 48, Sum: 149]
      [Scan RS (ms): Min: 0.0, Avg: 0.0, Max: 0.1, Diff: 0.1, Sum: 0.5]
      [Code Root Scanning (ms): Min: 0.0, Avg: 0.0, Max: 0.0, Diff: 0.0, Sum: 0.0]
      [Object Copy (ms): Min: 0.0, Avg: 0.2, Max: 0.3, Diff: 0.3, Sum: 3.3]
      [Termination (ms): Min: 0.0, Avg: 4.1, Max: 4.5, Diff: 4.5, Sum: 56.8]
         [Termination Attempts: Min: 1, Avg: 23.2, Max: 37, Diff: 36, Sum: 325]
      [GC Worker Other (ms): Min: 0.0, Avg: 0.0, Max: 0.0, Diff: 0.0, Sum: 0.1]
      [GC Worker Total (ms): Min: 5.0, Avg: 5.2, Max: 5.4, Diff: 0.3, Sum: 72.9]
      [GC Worker End (ms): Min: 295683973.4, Avg: 295683973.4, Max: 295683973.5, Diff: 0.1]
   [Code Root Fixup: 0.0 ms]
   [Code Root Purge: 0.0 ms]
   [Clear CT: 0.8 ms]
   [Other: 5.2 ms]
      [Choose CSet: 0.0 ms]
      [Ref Proc: 4.4 ms]
      [Ref Enq: 0.3 ms]
      [Redirty Cards: 0.2 ms]
      [Humongous Register: 0.0 ms]
      [Humongous Reclaim: 0.0 ms]
      [Free CSet: 0.2 ms]
   [Eden: 7152.0M(7152.0M)->0.0B(7152.0M) Survivors: 16384.0K->16384.0K Heap: 10444.7M(14336.0M)->3292.5M(14336.0M)]
 [Times: user=0.09 sys=0.00, real=0.01 secs] 
2022-11-03T04:45:39.166-0600: 296639.586: [GC pause (G1 Evacuation Pause) (young) (initial-mark), 0.0145834 secs]
   [Parallel Time: 8.0 ms, GC Workers: 14]
      [GC Worker Start (ms): Min: 296639588.2, Avg: 296639588.5, Max: 296639588.6, Diff: 0.4]
      [Ext Root Scanning (ms): Min: 4.9, Avg: 5.1, Max: 5.3, Diff: 0.4, Sum: 71.2]
      [Update RS (ms): Min: 0.1, Avg: 0.1, Max: 0.4, Diff: 0.3, Sum: 2.0]
         [Processed Buffers: Min: 1, Avg: 10.5, Max: 25, Diff: 24, Sum: 147]
      [Scan RS (ms): Min: 0.0, Avg: 0.0, Max: 0.1, Diff: 0.1, Sum: 0.6]
      [Code Root Scanning (ms): Min: 0.0, Avg: 0.0, Max: 0.0, Diff: 0.0, Sum: 0.0]
      [Object Copy (ms): Min: 0.1, Avg: 0.3, Max: 0.4, Diff: 0.3, Sum: 4.7]
      [Termination (ms): Min: 0.0, Avg: 0.0, Max: 0.0, Diff: 0.0, Sum: 0.4]
         [Termination Attempts: Min: 24, Avg: 34.9, Max: 42, Diff: 18, Sum: 489]
      [GC Worker Other (ms): Min: 0.0, Avg: 0.1, Max: 0.3, Diff: 0.3, Sum: 1.7]
      [GC Worker Total (ms): Min: 5.5, Avg: 5.8, Max: 6.2, Diff: 0.7, Sum: 80.6]
      [GC Worker End (ms): Min: 296639594.1, Avg: 296639594.2, Max: 296639594.4, Diff: 0.3]
   [Code Root Fixup: 0.0 ms]
   [Code Root Purge: 0.0 ms]
   [Clear CT: 0.4 ms]
   [Other: 6.2 ms]
      [Choose CSet: 0.0 ms]
      [Ref Proc: 5.4 ms]
      [Ref Enq: 0.2 ms]
      [Redirty Cards: 0.2 ms]
      [Humongous Register: 0.0 ms]
      [Humongous Reclaim: 0.0 ms]
      [Free CSet: 0.2 ms]
   [Eden: 7152.0M(7152.0M)->0.0B(7152.0M) Survivors: 16384.0K->16384.0K Heap: 10444.5M(14336.0M)->3292.5M(14336.0M)]
 [Times: user=0.08 sys=0.00, real=0.02 secs] 
2022-11-03T04:45:39.181-0600: 296639.601: [GC concurrent-root-region-scan-start]
2022-11-03T04:45:39.186-0600: 296639.606: [GC concurrent-root-region-scan-end, 0.0050243 secs]
2022-11-03T04:45:39.186-0600: 296639.606: [GC concurrent-mark-start]
2022-11-03T04:45:39.780-0600: 296640.200: [GC concurrent-mark-end, 0.5942122 secs]
2022-11-03T04:45:39.780-0600: 296640.201: [GC remark 2022-11-03T04:45:39.780-0600: 296640.201: [Finalize Marking, 0.0007969 secs] 2022-11-03T04:45:39.781-0600: 296640.201: [GC ref-proc, 0.0079745 secs] 2022-11-03T04:45:39.789-0600: 296640.209: [Unloading, 0.0220140 secs], 0.0333042 secs]
 [Times: user=0.32 sys=0.00, real=0.04 secs] 
2022-11-03T04:45:39.814-0600: 296640.234: [GC cleanup 3356M->3356M(14336M), 0.0053525 secs]
 [Times: user=0.04 sys=0.00, real=0.00 secs] 
2022-11-03T05:01:12.715-0600: 297573.135: [GC pause (G1 Evacuation Pause) (young), 0.0085842 secs]
   [Parallel Time: 3.5 ms, GC Workers: 14]
      [GC Worker Start (ms): Min: 297573135.5, Avg: 297573135.6, Max: 297573135.8, Diff: 0.3]
      [Ext Root Scanning (ms): Min: 0.3, Avg: 0.7, Max: 3.2, Diff: 2.9, Sum: 9.1]
      [Update RS (ms): Min: 0.0, Avg: 0.2, Max: 0.4, Diff: 0.4, Sum: 2.2]
         [Processed Buffers: Min: 0, Avg: 11.4, Max: 44, Diff: 44, Sum: 160]
      [Scan RS (ms): Min: 0.0, Avg: 0.0, Max: 0.1, Diff: 0.1, Sum: 0.5]
      [Code Root Scanning (ms): Min: 0.0, Avg: 0.0, Max: 0.0, Diff: 0.0, Sum: 0.0]
      [Object Copy (ms): Min: 0.0, Avg: 0.3, Max: 0.4, Diff: 0.4, Sum: 4.2]
      [Termination (ms): Min: 0.0, Avg: 2.0, Max: 2.2, Diff: 2.2, Sum: 28.1]
         [Termination Attempts: Min: 1, Avg: 33.1, Max: 48, Diff: 47, Sum: 464]
      [GC Worker Other (ms): Min: 0.0, Avg: 0.0, Max: 0.0, Diff: 0.0, Sum: 0.1]
      [GC Worker Total (ms): Min: 3.0, Avg: 3.1, Max: 3.2, Diff: 0.3, Sum: 44.1]
      [GC Worker End (ms): Min: 297573138.7, Avg: 297573138.8, Max: 297573138.9, Diff: 0.1]
   [Code Root Fixup: 0.0 ms]
   [Code Root Purge: 0.0 ms]
   [Clear CT: 0.4 ms]
   [Other: 4.7 ms]
      [Choose CSet: 0.0 ms]
      [Ref Proc: 4.0 ms]
      [Ref Enq: 0.3 ms]
      [Redirty Cards: 0.2 ms]
      [Humongous Register: 0.0 ms]
      [Humongous Reclaim: 0.0 ms]
      [Free CSet: 0.2 ms]
   [Eden: 7152.0M(7152.0M)->0.0B(7152.0M) Survivors: 16384.0K->16384.0K Heap: 10444.5M(14336.0M)->3292.7M(14336.0M)]
 [Times: user=0.07 sys=0.00, real=0.01 secs] 
2022-11-03T05:16:57.966-0600: 298518.386: [GC pause (G1 Evacuation Pause) (young), 0.0120767 secs]
   [Parallel Time: 5.5 ms, GC Workers: 14]
      [GC Worker Start (ms): Min: 298518386.4, Avg: 298518386.6, Max: 298518386.8, Diff: 0.4]
      [Ext Root Scanning (ms): Min: 0.2, Avg: 0.8, Max: 4.9, Diff: 4.8, Sum: 10.7]
      [Update RS (ms): Min: 0.0, Avg: 0.2, Max: 0.4, Diff: 0.4, Sum: 2.1]
         [Processed Buffers: Min: 0, Avg: 11.5, Max: 38, Diff: 38, Sum: 161]
      [Scan RS (ms): Min: 0.0, Avg: 0.0, Max: 0.1, Diff: 0.0, Sum: 0.5]
      [Code Root Scanning (ms): Min: 0.0, Avg: 0.0, Max: 0.0, Diff: 0.0, Sum: 0.0]
      [Object Copy (ms): Min: 0.0, Avg: 0.2, Max: 0.3, Diff: 0.3, Sum: 3.4]
      [Termination (ms): Min: 0.0, Avg: 3.6, Max: 4.0, Diff: 4.0, Sum: 51.0]
         [Termination Attempts: Min: 1, Avg: 24.9, Max: 41, Diff: 40, Sum: 349]
      [GC Worker Other (ms): Min: 0.0, Avg: 0.0, Max: 0.0, Diff: 0.0, Sum: 0.1]
      [GC Worker Total (ms): Min: 4.6, Avg: 4.8, Max: 5.0, Diff: 0.4, Sum: 67.7]
      [GC Worker End (ms): Min: 298518391.4, Avg: 298518391.4, Max: 298518391.4, Diff: 0.1]
   [Code Root Fixup: 0.0 ms]
   [Code Root Purge: 0.0 ms]
   [Clear CT: 0.3 ms]
   [Other: 6.3 ms]
      [Choose CSet: 0.0 ms]
      [Ref Proc: 5.5 ms]
      [Ref Enq: 0.3 ms]
      [Redirty Cards: 0.2 ms]
      [Humongous Register: 0.0 ms]
      [Humongous Reclaim: 0.0 ms]
      [Free CSet: 0.2 ms]
   [Eden: 7152.0M(7152.0M)->0.0B(7152.0M) Survivors: 16384.0K->16384.0K Heap: 10444.7M(14336.0M)->3292.4M(14336.0M)]
 [Times: user=0.09 sys=0.01, real=0.01 secs] 
2022-11-03T05:32:44.968-0600: 299465.388: [GC pause (G1 Evacuation Pause) (young) (initial-mark), 0.0143521 secs]
   [Parallel Time: 7.3 ms, GC Workers: 14]
      [GC Worker Start (ms): Min: 299465389.9, Avg: 299465390.1, Max: 299465390.2, Diff: 0.3]
      [Ext Root Scanning (ms): Min: 4.1, Avg: 4.3, Max: 4.5, Diff: 0.4, Sum: 60.3]
      [Update RS (ms): Min: 0.1, Avg: 0.2, Max: 0.4, Diff: 0.4, Sum: 2.7]
         [Processed Buffers: Min: 1, Avg: 11.3, Max: 34, Diff: 33, Sum: 158]
      [Scan RS (ms): Min: 0.0, Avg: 0.0, Max: 0.1, Diff: 0.1, Sum: 0.5]
      [Code Root Scanning (ms): Min: 0.0, Avg: 0.0, Max: 0.0, Diff: 0.0, Sum: 0.0]
      [Object Copy (ms): Min: 0.2, Avg: 0.4, Max: 0.5, Diff: 0.3, Sum: 5.5]
      [Termination (ms): Min: 0.0, Avg: 0.0, Max: 0.1, Diff: 0.0, Sum: 0.6]
         [Termination Attempts: Min: 31, Avg: 56.6, Max: 68, Diff: 37, Sum: 792]
      [GC Worker Other (ms): Min: 0.0, Avg: 0.1, Max: 0.2, Diff: 0.2, Sum: 1.0]
      [GC Worker Total (ms): Min: 4.9, Avg: 5.0, Max: 5.2, Diff: 0.3, Sum: 70.5]
      [GC Worker End (ms): Min: 299465395.0, Avg: 299465395.1, Max: 299465395.2, Diff: 0.2]
   [Code Root Fixup: 0.0 ms]
   [Code Root Purge: 0.0 ms]
   [Clear CT: 0.4 ms]
   [Other: 6.6 ms]
      [Choose CSet: 0.0 ms]
      [Ref Proc: 5.8 ms]
      [Ref Enq: 0.3 ms]
      [Redirty Cards: 0.2 ms]
      [Humongous Register: 0.0 ms]
      [Humongous Reclaim: 0.0 ms]
      [Free CSet: 0.1 ms]
   [Eden: 7152.0M(7152.0M)->0.0B(7152.0M) Survivors: 16384.0K->16384.0K Heap: 10444.4M(14336.0M)->3292.8M(14336.0M)]
 [Times: user=0.08 sys=0.00, real=0.02 secs] 
2022-11-03T05:32:44.982-0600: 299465.402: [GC concurrent-root-region-scan-start]
2022-11-03T05:32:44.986-0600: 299465.406: [GC concurrent-root-region-scan-end, 0.0038867 secs]
2022-11-03T05:32:44.986-0600: 299465.406: [GC concurrent-mark-start]
2022-11-03T05:32:45.535-0600: 299465.956: [GC concurrent-mark-end, 0.5493485 secs]
2022-11-03T05:32:45.536-0600: 299465.956: [GC remark 2022-11-03T05:32:45.536-0600: 299465.956: [Finalize Marking, 0.0006943 secs] 2022-11-03T05:32:45.536-0600: 299465.957: [GC ref-proc, 0.0074753 secs] 2022-11-03T05:32:45.544-0600: 299465.964: [Unloading, 0.0223574 secs], 0.0326661 secs]
 [Times: user=0.33 sys=0.00, real=0.03 secs] 
2022-11-03T05:32:45.569-0600: 299465.989: [GC cleanup 3356M->3356M(14336M), 0.0068933 secs]
 [Times: user=0.05 sys=0.00, real=0.01 secs] 
2022-11-03T05:41:21.015-0600: 299981.435: [GC pause (G1 Evacuation Pause) (young), 0.0273023 secs]
   [Parallel Time: 18.9 ms, GC Workers: 14]
      [GC Worker Start (ms): Min: 299981435.5, Avg: 299981435.7, Max: 299981435.8, Diff: 0.3]
      [Ext Root Scanning (ms): Min: 0.3, Avg: 0.9, Max: 6.0, Diff: 5.7, Sum: 12.3]
      [Update RS (ms): Min: 0.0, Avg: 1.3, Max: 1.7, Diff: 1.7, Sum: 17.5]
         [Processed Buffers: Min: 0, Avg: 17.2, Max: 45, Diff: 45, Sum: 241]
      [Scan RS (ms): Min: 0.0, Avg: 0.0, Max: 0.1, Diff: 0.1, Sum: 0.6]
      [Code Root Scanning (ms): Min: 0.0, Avg: 0.0, Max: 0.0, Diff: 0.0, Sum: 0.0]
      [Object Copy (ms): Min: 11.9, Avg: 15.6, Max: 16.0, Diff: 4.2, Sum: 218.5]
      [Termination (ms): Min: 0.0, Avg: 0.0, Max: 0.0, Diff: 0.0, Sum: 0.0]
         [Termination Attempts: Min: 1, Avg: 1.0, Max: 1, Diff: 0, Sum: 14]
      [GC Worker Other (ms): Min: 0.0, Avg: 0.2, Max: 0.4, Diff: 0.4, Sum: 2.2]
      [GC Worker Total (ms): Min: 17.7, Avg: 17.9, Max: 18.3, Diff: 0.7, Sum: 251.1]
      [GC Worker End (ms): Min: 299981453.5, Avg: 299981453.6, Max: 299981453.8, Diff: 0.4]
   [Code Root Fixup: 0.0 ms]
   [Code Root Purge: 0.0 ms]
   [Clear CT: 0.4 ms]
   [Other: 8.0 ms]
      [Choose CSet: 0.0 ms]
      [Ref Proc: 7.3 ms]
      [Ref Enq: 0.2 ms]
      [Redirty Cards: 0.2 ms]
      [Humongous Register: 0.0 ms]
      [Humongous Reclaim: 0.0 ms]
      [Free CSet: 0.1 ms]
   [Eden: 7152.0M(7152.0M)->0.0B(7024.0M) Survivors: 16384.0K->144.0M Heap: 10460.8M(14336.0M)->3448.3M(14336.0M)]
 [Times: user=0.29 sys=0.00, real=0.03 secs] 
2022-11-03T05:41:51.622-0600: 300012.042: [GC pause (G1 Humongous Allocation) (young) (initial-mark), 0.0451899 secs]
   [Parallel Time: 39.6 ms, GC Workers: 14]
      [GC Worker Start (ms): Min: 300012043.2, Avg: 300012043.4, Max: 300012043.5, Diff: 0.3]
      [Ext Root Scanning (ms): Min: 4.4, Avg: 4.5, Max: 4.7, Diff: 0.3, Sum: 63.3]
      [Update RS (ms): Min: 0.1, Avg: 0.2, Max: 0.3, Diff: 0.3, Sum: 3.0]
         [Processed Buffers: Min: 1, Avg: 3.2, Max: 14, Diff: 13, Sum: 45]
      [Scan RS (ms): Min: 0.0, Avg: 0.0, Max: 0.0, Diff: 0.0, Sum: 0.1]
      [Code Root Scanning (ms): Min: 0.0, Avg: 0.0, Max: 0.0, Diff: 0.0, Sum: 0.0]
      [Object Copy (ms): Min: 29.4, Avg: 31.7, Max: 33.4, Diff: 4.0, Sum: 443.4]
      [Termination (ms): Min: 0.0, Avg: 1.7, Max: 3.9, Diff: 3.9, Sum: 23.6]
         [Termination Attempts: Min: 1, Avg: 1.6, Max: 3, Diff: 2, Sum: 22]
      [GC Worker Other (ms): Min: 0.0, Avg: 0.0, Max: 0.0, Diff: 0.0, Sum: 0.1]
      [GC Worker Total (ms): Min: 37.9, Avg: 38.1, Max: 38.3, Diff: 0.3, Sum: 533.3]
      [GC Worker End (ms): Min: 300012081.5, Avg: 300012081.5, Max: 300012081.5, Diff: 0.1]
   [Code Root Fixup: 0.0 ms]
   [Code Root Purge: 0.0 ms]
   [Clear CT: 0.3 ms]
   [Other: 5.3 ms]
      [Choose CSet: 0.0 ms]
      [Ref Proc: 4.5 ms]
      [Ref Enq: 0.3 ms]
      [Redirty Cards: 0.3 ms]
      [Humongous Register: 0.0 ms]
      [Humongous Reclaim: 0.0 ms]
      [Free CSet: 0.0 ms]
   [Eden: 1552.0M(7024.0M)->0.0B(6944.0M) Survivors: 144.0M->224.0M Heap: 4995.9M(14336.0M)->3659.7M(14336.0M)]
 [Times: user=0.27 sys=0.00, real=0.04 secs] 
2022-11-03T05:41:51.667-0600: 300012.087: [GC concurrent-root-region-scan-start]
2022-11-03T05:41:51.671-0600: 300012.092: [GC concurrent-root-region-scan-end, 0.0044869 secs]
2022-11-03T05:41:51.671-0600: 300012.092: [GC concurrent-mark-start]
2022-11-03T05:41:52.276-0600: 300012.697: [GC concurrent-mark-end, 0.6049375 secs]
2022-11-03T05:41:52.277-0600: 300012.697: [GC remark 2022-11-03T05:41:52.277-0600: 300012.697: [Finalize Marking, 0.0005555 secs] 2022-11-03T05:41:52.277-0600: 300012.697: [GC ref-proc, 0.0068361 secs] 2022-11-03T05:41:52.284-0600: 300012.704: [Unloading, 0.0214893 secs], 0.0313404 secs]
 [Times: user=0.31 sys=0.00, real=0.03 secs] 
2022-11-03T05:41:52.308-0600: 300012.728: [GC cleanup 3739M->3739M(14336M), 0.0052159 secs]
 [Times: user=0.05 sys=0.00, real=0.01 secs] 
2022-11-03T05:44:04.366-0600: 300144.786: [GC pause (G1 Evacuation Pause) (young), 0.0215885 secs]
   [Parallel Time: 15.0 ms, GC Workers: 14]
      [GC Worker Start (ms): Min: 300144786.6, Avg: 300144786.7, Max: 300144786.9, Diff: 0.3]
      [Ext Root Scanning (ms): Min: 0.3, Avg: 0.9, Max: 5.1, Diff: 4.7, Sum: 12.1]
      [Update RS (ms): Min: 5.5, Avg: 9.6, Max: 10.2, Diff: 4.7, Sum: 133.9]
         [Processed Buffers: Min: 26, Avg: 50.3, Max: 74, Diff: 48, Sum: 704]
      [Scan RS (ms): Min: 0.0, Avg: 0.0, Max: 0.1, Diff: 0.1, Sum: 0.5]
      [Code Root Scanning (ms): Min: 0.0, Avg: 0.0, Max: 0.0, Diff: 0.0, Sum: 0.0]
      [Object Copy (ms): Min: 3.6, Avg: 3.9, Max: 3.9, Diff: 0.3, Sum: 54.0]
      [Termination (ms): Min: 0.0, Avg: 0.0, Max: 0.1, Diff: 0.0, Sum: 0.6]
         [Termination Attempts: Min: 1, Avg: 27.4, Max: 38, Diff: 37, Sum: 384]
      [GC Worker Other (ms): Min: 0.0, Avg: 0.1, Max: 0.2, Diff: 0.1, Sum: 0.8]
      [GC Worker Total (ms): Min: 14.2, Avg: 14.4, Max: 14.7, Diff: 0.5, Sum: 202.0]
      [GC Worker End (ms): Min: 300144801.1, Avg: 300144801.2, Max: 300144801.3, Diff: 0.2]
   [Code Root Fixup: 0.0 ms]
   [Code Root Purge: 0.0 ms]
   [Clear CT: 0.3 ms]
   [Other: 6.3 ms]
      [Choose CSet: 0.0 ms]
      [Ref Proc: 5.4 ms]
      [Ref Enq: 0.3 ms]
      [Redirty Cards: 0.3 ms]
      [Humongous Register: 0.0 ms]
      [Humongous Reclaim: 0.0 ms]
      [Free CSet: 0.2 ms]
   [Eden: 6944.0M(6944.0M)->0.0B(5664.0M) Survivors: 224.0M->65536.0K Heap: 10619.7M(14336.0M)->3613.6M(14336.0M)]
 [Times: user=0.23 sys=0.00, real=0.02 secs] 
2022-11-03T05:46:04.665-0600: 300265.085: [GC pause (G1 Evacuation Pause) (mixed), 0.0159370 secs]
   [Parallel Time: 9.6 ms, GC Workers: 14]
      [GC Worker Start (ms): Min: 300265085.4, Avg: 300265085.5, Max: 300265085.6, Diff: 0.3]
      [Ext Root Scanning (ms): Min: 0.3, Avg: 1.0, Max: 7.5, Diff: 7.2, Sum: 14.7]
      [Update RS (ms): Min: 0.0, Avg: 3.9, Max: 4.7, Diff: 4.7, Sum: 54.8]
         [Processed Buffers: Min: 0, Avg: 23.1, Max: 42, Diff: 42, Sum: 324]
      [Scan RS (ms): Min: 0.0, Avg: 0.1, Max: 0.2, Diff: 0.2, Sum: 1.8]
      [Code Root Scanning (ms): Min: 0.0, Avg: 0.0, Max: 0.0, Diff: 0.0, Sum: 0.0]
      [Object Copy (ms): Min: 1.1, Avg: 3.4, Max: 3.6, Diff: 2.5, Sum: 47.3]
      [Termination (ms): Min: 0.0, Avg: 0.0, Max: 0.0, Diff: 0.0, Sum: 0.2]
         [Termination Attempts: Min: 1, Avg: 19.5, Max: 25, Diff: 24, Sum: 273]
      [GC Worker Other (ms): Min: 0.0, Avg: 0.3, Max: 0.7, Diff: 0.7, Sum: 4.5]
      [GC Worker Total (ms): Min: 8.4, Avg: 8.8, Max: 9.2, Diff: 0.8, Sum: 123.3]
      [GC Worker End (ms): Min: 300265094.0, Avg: 300265094.3, Max: 300265094.7, Diff: 0.7]
   [Code Root Fixup: 0.0 ms]
   [Code Root Purge: 0.0 ms]
   [Clear CT: 0.4 ms]
   [Other: 5.9 ms]
      [Choose CSet: 0.0 ms]
      [Ref Proc: 4.7 ms]
      [Ref Enq: 0.3 ms]
      [Redirty Cards: 0.6 ms]
      [Humongous Register: 0.0 ms]
      [Humongous Reclaim: 0.0 ms]
      [Free CSet: 0.1 ms]
   [Eden: 5664.0M(5664.0M)->0.0B(7136.0M) Survivors: 65536.0K->32768.0K Heap: 9277.6M(14336.0M)->3576.2M(14336.0M)]
 [Times: user=0.15 sys=0.00, real=0.02 secs] 
2022-11-03T05:48:31.982-0600: 300412.402: [GC pause (G1 Evacuation Pause) (young), 0.0117471 secs]
   [Parallel Time: 6.6 ms, GC Workers: 14]
      [GC Worker Start (ms): Min: 300412402.2, Avg: 300412402.4, Max: 300412402.5, Diff: 0.3]
      [Ext Root Scanning (ms): Min: 0.3, Avg: 0.8, Max: 4.4, Diff: 4.2, Sum: 10.8]
      [Update RS (ms): Min: 1.2, Avg: 4.8, Max: 5.4, Diff: 4.2, Sum: 67.2]
         [Processed Buffers: Min: 23, Avg: 28.7, Max: 44, Diff: 21, Sum: 402]
      [Scan RS (ms): Min: 0.0, Avg: 0.0, Max: 0.1, Diff: 0.0, Sum: 0.4]
      [Code Root Scanning (ms): Min: 0.0, Avg: 0.0, Max: 0.0, Diff: 0.0, Sum: 0.0]
      [Object Copy (ms): Min: 0.2, Avg: 0.5, Max: 0.5, Diff: 0.3, Sum: 6.4]
      [Termination (ms): Min: 0.0, Avg: 0.0, Max: 0.0, Diff: 0.0, Sum: 0.0]
         [Termination Attempts: Min: 1, Avg: 1.0, Max: 1, Diff: 0, Sum: 14]
      [GC Worker Other (ms): Min: 0.0, Avg: 0.2, Max: 0.3, Diff: 0.3, Sum: 2.5]
      [GC Worker Total (ms): Min: 6.0, Avg: 6.2, Max: 6.5, Diff: 0.5, Sum: 87.3]
      [GC Worker End (ms): Min: 300412408.4, Avg: 300412408.6, Max: 300412408.7, Diff: 0.3]
   [Code Root Fixup: 0.0 ms]
   [Code Root Purge: 0.0 ms]
   [Clear CT: 0.4 ms]
   [Other: 4.7 ms]
      [Choose CSet: 0.0 ms]
      [Ref Proc: 3.7 ms]
      [Ref Enq: 0.3 ms]
      [Redirty Cards: 0.4 ms]
      [Humongous Register: 0.0 ms]
      [Humongous Reclaim: 0.0 ms]
      [Free CSet: 0.2 ms]
   [Eden: 7136.0M(7136.0M)->0.0B(7152.0M) Survivors: 32768.0K->16384.0K Heap: 10712.2M(14336.0M)->3579.1M(14336.0M)]
 [Times: user=0.10 sys=0.01, real=0.01 secs] 
2022-11-03T05:51:01.983-0600: 300562.403: [GC pause (G1 Evacuation Pause) (young) (initial-mark), 0.0124349 secs]
   [Parallel Time: 7.6 ms, GC Workers: 14]
      [GC Worker Start (ms): Min: 300562404.1, Avg: 300562404.3, Max: 300562404.4, Diff: 0.3]
      [Ext Root Scanning (ms): Min: 5.3, Avg: 5.4, Max: 5.6, Diff: 0.3, Sum: 75.7]
      [Update RS (ms): Min: 0.2, Avg: 0.3, Max: 0.4, Diff: 0.3, Sum: 3.7]
         [Processed Buffers: Min: 1, Avg: 3.6, Max: 19, Diff: 18, Sum: 51]
      [Scan RS (ms): Min: 0.0, Avg: 0.0, Max: 0.1, Diff: 0.1, Sum: 0.3]
      [Code Root Scanning (ms): Min: 0.0, Avg: 0.0, Max: 0.0, Diff: 0.0, Sum: 0.0]
      [Object Copy (ms): Min: 0.1, Avg: 0.2, Max: 0.3, Diff: 0.3, Sum: 3.4]
      [Termination (ms): Min: 0.0, Avg: 0.0, Max: 0.0, Diff: 0.0, Sum: 0.0]
         [Termination Attempts: Min: 1, Avg: 1.0, Max: 1, Diff: 0, Sum: 14]
      [GC Worker Other (ms): Min: 0.0, Avg: 0.0, Max: 0.1, Diff: 0.1, Sum: 0.7]
      [GC Worker Total (ms): Min: 5.8, Avg: 6.0, Max: 6.1, Diff: 0.3, Sum: 83.8]
      [GC Worker End (ms): Min: 300562410.2, Avg: 300562410.2, Max: 300562410.3, Diff: 0.1]
   [Code Root Fixup: 0.0 ms]
   [Code Root Purge: 0.0 ms]
   [Clear CT: 0.3 ms]
   [Other: 4.5 ms]
      [Choose CSet: 0.0 ms]
      [Ref Proc: 3.9 ms]
      [Ref Enq: 0.2 ms]
      [Redirty Cards: 0.2 ms]
      [Humongous Register: 0.0 ms]
      [Humongous Reclaim: 0.0 ms]
      [Free CSet: 0.1 ms]
   [Eden: 7152.0M(7152.0M)->0.0B(7152.0M) Survivors: 16384.0K->16384.0K Heap: 10731.1M(14336.0M)->3580.8M(14336.0M)]
 [Times: user=0.08 sys=0.00, real=0.01 secs] 
2022-11-03T05:51:01.995-0600: 300562.415: [GC concurrent-root-region-scan-start]
2022-11-03T05:51:01.998-0600: 300562.419: [GC concurrent-root-region-scan-end, 0.0032094 secs]
2022-11-03T05:51:01.998-0600: 300562.419: [GC concurrent-mark-start]
2022-11-03T05:51:02.558-0600: 300562.978: [GC concurrent-mark-end, 0.5596305 secs]
2022-11-03T05:51:02.558-0600: 300562.978: [GC remark 2022-11-03T05:51:02.558-0600: 300562.978: [Finalize Marking, 0.0006366 secs] 2022-11-03T05:51:02.559-0600: 300562.979: [GC ref-proc, 0.0069017 secs] 2022-11-03T05:51:02.566-0600: 300562.986: [Unloading, 0.0208012 secs], 0.0311307 secs]
 [Times: user=0.32 sys=0.00, real=0.03 secs] 
2022-11-03T05:51:02.590-0600: 300563.010: [GC cleanup 3620M->3604M(14336M), 0.0061048 secs]
 [Times: user=0.05 sys=0.00, real=0.01 secs] 
2022-11-03T05:51:02.596-0600: 300563.016: [GC concurrent-cleanup-start]
2022-11-03T05:51:02.596-0600: 300563.016: [GC concurrent-cleanup-end, 0.0000174 secs]
2022-11-03T05:53:28.466-0600: 300708.886: [GC pause (G1 Evacuation Pause) (young), 0.0092919 secs]
   [Parallel Time: 3.9 ms, GC Workers: 14]
      [GC Worker Start (ms): Min: 300708885.9, Avg: 300708886.0, Max: 300708886.2, Diff: 0.3]
      [Ext Root Scanning (ms): Min: 0.3, Avg: 0.8, Max: 3.7, Diff: 3.4, Sum: 10.7]
      [Update RS (ms): Min: 0.0, Avg: 0.4, Max: 0.7, Diff: 0.7, Sum: 5.0]
         [Processed Buffers: Min: 0, Avg: 3.8, Max: 20, Diff: 20, Sum: 53]
      [Scan RS (ms): Min: 0.0, Avg: 0.0, Max: 0.1, Diff: 0.1, Sum: 0.5]
      [Code Root Scanning (ms): Min: 0.0, Avg: 0.0, Max: 0.0, Diff: 0.0, Sum: 0.0]
      [Object Copy (ms): Min: 0.0, Avg: 0.3, Max: 0.5, Diff: 0.5, Sum: 4.7]
      [Termination (ms): Min: 0.0, Avg: 2.1, Max: 2.3, Diff: 2.3, Sum: 29.1]
         [Termination Attempts: Min: 1, Avg: 1.0, Max: 1, Diff: 0, Sum: 14]
      [GC Worker Other (ms): Min: 0.0, Avg: 0.0, Max: 0.0, Diff: 0.0, Sum: 0.1]
      [GC Worker Total (ms): Min: 3.4, Avg: 3.6, Max: 3.7, Diff: 0.2, Sum: 50.1]
      [GC Worker End (ms): Min: 300708889.6, Avg: 300708889.6, Max: 300708889.6, Diff: 0.1]
   [Code Root Fixup: 0.0 ms]
   [Code Root Purge: 0.0 ms]
   [Clear CT: 0.5 ms]
   [Other: 4.9 ms]
      [Choose CSet: 0.0 ms]
      [Ref Proc: 4.3 ms]
      [Ref Enq: 0.2 ms]
      [Redirty Cards: 0.2 ms]
      [Humongous Register: 0.0 ms]
      [Humongous Reclaim: 0.0 ms]
      [Free CSet: 0.1 ms]
   [Eden: 7152.0M(7152.0M)->0.0B(5712.0M) Survivors: 16384.0K->16384.0K Heap: 10716.8M(14336.0M)->3565.3M(14336.0M)]
 [Times: user=0.07 sys=0.00, real=0.01 secs] 
2022-11-03T05:55:26.466-0600: 300826.886: [GC pause (G1 Evacuation Pause) (mixed), 0.0188041 secs]
   [Parallel Time: 13.9 ms, GC Workers: 14]
      [GC Worker Start (ms): Min: 300826886.0, Avg: 300826886.2, Max: 300826886.3, Diff: 0.2]
      [Ext Root Scanning (ms): Min: 0.3, Avg: 0.9, Max: 5.6, Diff: 5.3, Sum: 12.4]
      [Update RS (ms): Min: 0.0, Avg: 0.2, Max: 0.5, Diff: 0.5, Sum: 3.2]
         [Processed Buffers: Min: 0, Avg: 3.0, Max: 18, Diff: 18, Sum: 42]
      [Scan RS (ms): Min: 0.0, Avg: 1.0, Max: 2.2, Diff: 2.2, Sum: 13.8]
      [Code Root Scanning (ms): Min: 0.0, Avg: 0.0, Max: 0.1, Diff: 0.1, Sum: 0.1]
      [Object Copy (ms): Min: 7.8, Avg: 11.2, Max: 11.7, Diff: 3.9, Sum: 157.4]
      [Termination (ms): Min: 0.0, Avg: 0.0, Max: 0.1, Diff: 0.1, Sum: 0.6]
         [Termination Attempts: Min: 1, Avg: 72.6, Max: 97, Diff: 96, Sum: 1017]
      [GC Worker Other (ms): Min: 0.0, Avg: 0.1, Max: 0.2, Diff: 0.2, Sum: 1.4]
      [GC Worker Total (ms): Min: 13.3, Avg: 13.5, Max: 13.7, Diff: 0.4, Sum: 188.8]
      [GC Worker End (ms): Min: 300826899.5, Avg: 300826899.6, Max: 300826899.8, Diff: 0.2]
   [Code Root Fixup: 0.0 ms]
   [Code Root Purge: 0.0 ms]
   [Clear CT: 0.4 ms]
   [Other: 4.5 ms]
      [Choose CSet: 0.0 ms]
      [Ref Proc: 3.6 ms]
      [Ref Enq: 0.3 ms]
      [Redirty Cards: 0.2 ms]
      [Humongous Register: 0.0 ms]
      [Humongous Reclaim: 0.0 ms]
      [Free CSet: 0.2 ms]
   [Eden: 5712.0M(5712.0M)->0.0B(7152.0M) Survivors: 16384.0K->16384.0K Heap: 9277.3M(14336.0M)->3471.9M(14336.0M)]
 [Times: user=0.10 sys=0.00, real=0.02 secs] 
2022-11-03T05:57:51.616-0600: 300972.036: [GC pause (G1 Evacuation Pause) (young), 0.0106569 secs]
   [Parallel Time: 5.2 ms, GC Workers: 14]
      [GC Worker Start (ms): Min: 300972036.5, Avg: 300972036.8, Max: 300972036.9, Diff: 0.4]
      [Ext Root Scanning (ms): Min: 0.3, Avg: 0.8, Max: 4.9, Diff: 4.6, Sum: 11.6]
      [Update RS (ms): Min: 0.0, Avg: 3.2, Max: 3.7, Diff: 3.7, Sum: 44.6]
         [Processed Buffers: Min: 0, Avg: 15.1, Max: 29, Diff: 29, Sum: 212]
      [Scan RS (ms): Min: 0.0, Avg: 0.0, Max: 0.1, Diff: 0.1, Sum: 0.4]
      [Code Root Scanning (ms): Min: 0.0, Avg: 0.0, Max: 0.0, Diff: 0.0, Sum: 0.0]
      [Object Copy (ms): Min: 0.0, Avg: 0.4, Max: 0.5, Diff: 0.5, Sum: 5.4]
      [Termination (ms): Min: 0.0, Avg: 0.3, Max: 0.4, Diff: 0.4, Sum: 4.9]
         [Termination Attempts: Min: 1, Avg: 1.0, Max: 1, Diff: 0, Sum: 14]
      [GC Worker Other (ms): Min: 0.0, Avg: 0.0, Max: 0.1, Diff: 0.1, Sum: 0.2]
      [GC Worker Total (ms): Min: 4.6, Avg: 4.8, Max: 5.0, Diff: 0.3, Sum: 67.1]
      [GC Worker End (ms): Min: 300972041.5, Avg: 300972041.6, Max: 300972041.6, Diff: 0.1]
   [Code Root Fixup: 0.0 ms]
   [Code Root Purge: 0.0 ms]
   [Clear CT: 0.3 ms]
   [Other: 5.2 ms]
      [Choose CSet: 0.0 ms]
      [Ref Proc: 4.4 ms]
      [Ref Enq: 0.3 ms]
      [Redirty Cards: 0.3 ms]
      [Humongous Register: 0.0 ms]
      [Humongous Reclaim: 0.0 ms]
      [Free CSet: 0.1 ms]
   [Eden: 7152.0M(7152.0M)->0.0B(7152.0M) Survivors: 16384.0K->16384.0K Heap: 10623.9M(14336.0M)->3491.9M(14336.0M)]
 [Times: user=0.09 sys=0.00, real=0.01 secs] 
2022-11-03T06:00:18.117-0600: 301118.537: [GC pause (G1 Evacuation Pause) (young) (initial-mark), 0.0121583 secs]
   [Parallel Time: 6.5 ms, GC Workers: 14]
      [GC Worker Start (ms): Min: 301118538.5, Avg: 301118538.6, Max: 301118538.8, Diff: 0.3]
      [Ext Root Scanning (ms): Min: 4.1, Avg: 4.3, Max: 4.4, Diff: 0.3, Sum: 60.3]
      [Update RS (ms): Min: 0.1, Avg: 0.3, Max: 0.6, Diff: 0.5, Sum: 4.0]
         [Processed Buffers: Min: 1, Avg: 3.3, Max: 13, Diff: 12, Sum: 46]
      [Scan RS (ms): Min: 0.0, Avg: 0.0, Max: 0.1, Diff: 0.1, Sum: 0.4]
      [Code Root Scanning (ms): Min: 0.0, Avg: 0.0, Max: 0.0, Diff: 0.0, Sum: 0.0]
      [Object Copy (ms): Min: 0.1, Avg: 0.4, Max: 0.5, Diff: 0.4, Sum: 5.3]
      [Termination (ms): Min: 0.0, Avg: 0.0, Max: 0.0, Diff: 0.0, Sum: 0.0]
         [Termination Attempts: Min: 1, Avg: 1.0, Max: 1, Diff: 0, Sum: 14]
      [GC Worker Other (ms): Min: 0.0, Avg: 0.1, Max: 0.2, Diff: 0.2, Sum: 0.8]
      [GC Worker Total (ms): Min: 4.9, Avg: 5.1, Max: 5.2, Diff: 0.4, Sum: 70.9]
      [GC Worker End (ms): Min: 301118543.6, Avg: 301118543.7, Max: 301118543.8, Diff: 0.2]
   [Code Root Fixup: 0.0 ms]
   [Code Root Purge: 0.0 ms]
   [Clear CT: 0.3 ms]
   [Other: 5.3 ms]
      [Choose CSet: 0.0 ms]
      [Ref Proc: 4.1 ms]
      [Ref Enq: 0.7 ms]
      [Redirty Cards: 0.3 ms]
      [Humongous Register: 0.0 ms]
      [Humongous Reclaim: 0.0 ms]
      [Free CSet: 0.1 ms]
   [Eden: 7152.0M(7152.0M)->0.0B(7152.0M) Survivors: 16384.0K->16384.0K Heap: 10643.9M(14336.0M)->3498.2M(14336.0M)]
 [Times: user=0.07 sys=0.01, real=0.01 secs] 
2022-11-03T06:00:18.129-0600: 301118.549: [GC concurrent-root-region-scan-start]
2022-11-03T06:00:18.133-0600: 301118.553: [GC concurrent-root-region-scan-end, 0.0037991 secs]
2022-11-03T06:00:18.133-0600: 301118.553: [GC concurrent-mark-start]
2022-11-03T06:00:18.693-0600: 301119.113: [GC concurrent-mark-end, 0.5597896 secs]
2022-11-03T06:00:18.693-0600: 301119.113: [GC remark 2022-11-03T06:00:18.693-0600: 301119.113: [Finalize Marking, 0.0005033 secs] 2022-11-03T06:00:18.693-0600: 301119.114: [GC ref-proc, 0.0072399 secs] 2022-11-03T06:00:18.701-0600: 301119.121: [Unloading, 0.0215585 secs], 0.0315775 secs]
 [Times: user=0.33 sys=0.00, real=0.03 secs] 
2022-11-03T06:00:18.725-0600: 301119.145: [GC cleanup 3530M->3530M(14336M), 0.0061727 secs]
 [Times: user=0.06 sys=0.00, real=0.00 secs] 
2022-11-03T06:02:45.466-0600: 301265.886: [GC pause (G1 Evacuation Pause) (young), 0.0103950 secs]
   [Parallel Time: 5.0 ms, GC Workers: 14]
      [GC Worker Start (ms): Min: 301265886.4, Avg: 301265886.6, Max: 301265886.7, Diff: 0.3]
      [Ext Root Scanning (ms): Min: 0.3, Avg: 0.8, Max: 4.7, Diff: 4.4, Sum: 11.0]
      [Update RS (ms): Min: 0.0, Avg: 0.3, Max: 0.6, Diff: 0.6, Sum: 4.5]
         [Processed Buffers: Min: 0, Avg: 3.7, Max: 15, Diff: 15, Sum: 52]
      [Scan RS (ms): Min: 0.0, Avg: 0.0, Max: 0.1, Diff: 0.1, Sum: 0.4]
      [Code Root Scanning (ms): Min: 0.0, Avg: 0.0, Max: 0.0, Diff: 0.0, Sum: 0.0]
      [Object Copy (ms): Min: 0.0, Avg: 0.3, Max: 0.4, Diff: 0.4, Sum: 3.8]
      [Termination (ms): Min: 0.0, Avg: 3.2, Max: 3.6, Diff: 3.6, Sum: 45.1]
         [Termination Attempts: Min: 1, Avg: 1.0, Max: 1, Diff: 0, Sum: 14]
      [GC Worker Other (ms): Min: 0.0, Avg: 0.0, Max: 0.0, Diff: 0.0, Sum: 0.1]
      [GC Worker Total (ms): Min: 4.5, Avg: 4.6, Max: 4.8, Diff: 0.2, Sum: 65.0]
      [GC Worker End (ms): Min: 301265891.2, Avg: 301265891.2, Max: 301265891.2, Diff: 0.1]
   [Code Root Fixup: 0.0 ms]
   [Code Root Purge: 0.0 ms]
   [Clear CT: 0.4 ms]
   [Other: 5.0 ms]
      [Choose CSet: 0.0 ms]
      [Ref Proc: 4.3 ms]
      [Ref Enq: 0.2 ms]
      [Redirty Cards: 0.2 ms]
      [Humongous Register: 0.0 ms]
      [Humongous Reclaim: 0.0 ms]
      [Free CSet: 0.1 ms]
   [Eden: 7152.0M(7152.0M)->0.0B(5712.0M) Survivors: 16384.0K->16384.0K Heap: 10650.2M(14336.0M)->3497.9M(14336.0M)]
 [Times: user=0.09 sys=0.00, real=0.01 secs] 
2022-11-03T06:04:41.974-0600: 301382.394: [GC pause (G1 Evacuation Pause) (mixed), 0.0089307 secs]
   [Parallel Time: 4.4 ms, GC Workers: 14]
      [GC Worker Start (ms): Min: 301382394.2, Avg: 301382394.4, Max: 301382394.7, Diff: 0.5]
      [Ext Root Scanning (ms): Min: 0.2, Avg: 0.7, Max: 4.1, Diff: 3.9, Sum: 10.3]
      [Update RS (ms): Min: 0.0, Avg: 0.3, Max: 0.7, Diff: 0.7, Sum: 4.1]
         [Processed Buffers: Min: 0, Avg: 3.2, Max: 8, Diff: 8, Sum: 45]
      [Scan RS (ms): Min: 0.0, Avg: 0.1, Max: 0.2, Diff: 0.2, Sum: 1.1]
      [Code Root Scanning (ms): Min: 0.0, Avg: 0.0, Max: 0.0, Diff: 0.0, Sum: 0.0]
      [Object Copy (ms): Min: 0.0, Avg: 0.5, Max: 0.7, Diff: 0.7, Sum: 7.6]
      [Termination (ms): Min: 0.0, Avg: 2.2, Max: 2.5, Diff: 2.5, Sum: 31.0]
         [Termination Attempts: Min: 1, Avg: 2.3, Max: 3, Diff: 2, Sum: 32]
      [GC Worker Other (ms): Min: 0.0, Avg: 0.0, Max: 0.0, Diff: 0.0, Sum: 0.1]
      [GC Worker Total (ms): Min: 3.6, Avg: 3.9, Max: 4.1, Diff: 0.5, Sum: 54.3]
      [GC Worker End (ms): Min: 301382398.3, Avg: 301382398.3, Max: 301382398.4, Diff: 0.2]
   [Code Root Fixup: 0.0 ms]
   [Code Root Purge: 0.0 ms]
   [Clear CT: 0.3 ms]
   [Other: 4.2 ms]
      [Choose CSet: 0.0 ms]
      [Ref Proc: 3.6 ms]
      [Ref Enq: 0.2 ms]
      [Redirty Cards: 0.2 ms]
      [Humongous Register: 0.0 ms]
      [Humongous Reclaim: 0.0 ms]
      [Free CSet: 0.1 ms]
   [Eden: 5712.0M(5712.0M)->0.0B(7152.0M) Survivors: 16384.0K->16384.0K Heap: 9209.9M(14336.0M)->3468.2M(14336.0M)]
 [Times: user=0.08 sys=0.00, real=0.01 secs] 
2022-11-03T06:07:05.979-0600: 301526.399: [GC pause (G1 Evacuation Pause) (young), 0.0101602 secs]
   [Parallel Time: 5.1 ms, GC Workers: 14]
      [GC Worker Start (ms): Min: 301526399.2, Avg: 301526399.3, Max: 301526399.5, Diff: 0.3]
      [Ext Root Scanning (ms): Min: 0.2, Avg: 0.8, Max: 4.9, Diff: 4.6, Sum: 10.5]
      [Update RS (ms): Min: 0.0, Avg: 0.4, Max: 0.7, Diff: 0.7, Sum: 6.2]
         [Processed Buffers: Min: 0, Avg: 3.9, Max: 16, Diff: 16, Sum: 55]
      [Scan RS (ms): Min: 0.0, Avg: 0.0, Max: 0.1, Diff: 0.1, Sum: 0.4]
      [Code Root Scanning (ms): Min: 0.0, Avg: 0.0, Max: 0.0, Diff: 0.0, Sum: 0.0]
      [Object Copy (ms): Min: 0.0, Avg: 0.4, Max: 0.5, Diff: 0.5, Sum: 5.6]
      [Termination (ms): Min: 0.0, Avg: 3.2, Max: 3.5, Diff: 3.5, Sum: 45.3]
         [Termination Attempts: Min: 1, Avg: 4.0, Max: 6, Diff: 5, Sum: 56]
      [GC Worker Other (ms): Min: 0.0, Avg: 0.0, Max: 0.0, Diff: 0.0, Sum: 0.1]
      [GC Worker Total (ms): Min: 4.7, Avg: 4.9, Max: 5.0, Diff: 0.3, Sum: 68.2]
      [GC Worker End (ms): Min: 301526404.1, Avg: 301526404.2, Max: 301526404.3, Diff: 0.1]
   [Code Root Fixup: 0.0 ms]
   [Code Root Purge: 0.0 ms]
   [Clear CT: 0.4 ms]
   [Other: 4.6 ms]
      [Choose CSet: 0.0 ms]
      [Ref Proc: 4.0 ms]
      [Ref Enq: 0.2 ms]
      [Redirty Cards: 0.2 ms]
      [Humongous Register: 0.0 ms]
      [Humongous Reclaim: 0.0 ms]
      [Free CSet: 0.1 ms]
   [Eden: 7152.0M(7152.0M)->0.0B(7152.0M) Survivors: 16384.0K->16384.0K Heap: 10620.2M(14336.0M)->3470.1M(14336.0M)]
 [Times: user=0.08 sys=0.00, real=0.01 secs] 
2022-11-03T06:09:26.991-0600: 301667.411: [GC pause (G1 Evacuation Pause) (young) (initial-mark), 0.0116635 secs]
   [Parallel Time: 6.9 ms, GC Workers: 14]
      [GC Worker Start (ms): Min: 301667412.8, Avg: 301667412.9, Max: 301667413.1, Diff: 0.3]
      [Ext Root Scanning (ms): Min: 4.2, Avg: 4.3, Max: 4.5, Diff: 0.3, Sum: 60.8]
      [Update RS (ms): Min: 0.1, Avg: 0.3, Max: 0.5, Diff: 0.4, Sum: 3.5]
         [Processed Buffers: Min: 1, Avg: 3.6, Max: 14, Diff: 13, Sum: 50]
      [Scan RS (ms): Min: 0.0, Avg: 0.0, Max: 0.1, Diff: 0.1, Sum: 0.3]
      [Code Root Scanning (ms): Min: 0.0, Avg: 0.0, Max: 0.0, Diff: 0.0, Sum: 0.0]
      [Object Copy (ms): Min: 0.1, Avg: 0.3, Max: 0.4, Diff: 0.3, Sum: 4.3]
      [Termination (ms): Min: 0.0, Avg: 0.0, Max: 0.0, Diff: 0.0, Sum: 0.1]
         [Termination Attempts: Min: 1, Avg: 3.5, Max: 6, Diff: 5, Sum: 49]
      [GC Worker Other (ms): Min: 0.0, Avg: 0.1, Max: 0.1, Diff: 0.1, Sum: 0.9]
      [GC Worker Total (ms): Min: 4.8, Avg: 5.0, Max: 5.2, Diff: 0.4, Sum: 69.9]
      [GC Worker End (ms): Min: 301667417.9, Avg: 301667417.9, Max: 301667418.0, Diff: 0.1]
   [Code Root Fixup: 0.0 ms]
   [Code Root Purge: 0.0 ms]
   [Clear CT: 0.8 ms]
   [Other: 4.0 ms]
      [Choose CSet: 0.0 ms]
      [Ref Proc: 3.2 ms]
      [Ref Enq: 0.3 ms]
      [Redirty Cards: 0.3 ms]
      [Humongous Register: 0.0 ms]
      [Humongous Reclaim: 0.0 ms]
      [Free CSet: 0.1 ms]
   [Eden: 7152.0M(7152.0M)->0.0B(7152.0M) Survivors: 16384.0K->16384.0K Heap: 10622.1M(14336.0M)->3471.8M(14336.0M)]
 [Times: user=0.06 sys=0.00, real=0.02 secs] 
2022-11-03T06:09:27.002-0600: 301667.423: [GC concurrent-root-region-scan-start]
2022-11-03T06:09:27.007-0600: 301667.428: [GC concurrent-root-region-scan-end, 0.0048435 secs]
2022-11-03T06:09:27.007-0600: 301667.428: [GC concurrent-mark-start]
2022-11-03T06:09:27.558-0600: 301667.979: [GC concurrent-mark-end, 0.5510892 secs]
2022-11-03T06:09:27.559-0600: 301667.979: [GC remark 2022-11-03T06:09:27.559-0600: 301667.979: [Finalize Marking, 0.0009105 secs] 2022-11-03T06:09:27.559-0600: 301667.980: [GC ref-proc, 0.0074758 secs] 2022-11-03T06:09:27.567-0600: 301667.987: [Unloading, 0.0213669 secs], 0.0319280 secs]
 [Times: user=0.31 sys=0.00, real=0.03 secs] 
2022-11-03T06:09:27.591-0600: 301668.011: [GC cleanup 3503M->3503M(14336M), 0.0060487 secs]
 [Times: user=0.06 sys=0.00, real=0.01 secs] 
2022-11-03T06:11:52.767-0600: 301813.187: [GC pause (G1 Evacuation Pause) (young), 0.0098823 secs]
   [Parallel Time: 4.4 ms, GC Workers: 14]
      [GC Worker Start (ms): Min: 301813187.1, Avg: 301813187.2, Max: 301813187.3, Diff: 0.3]
      [Ext Root Scanning (ms): Min: 0.3, Avg: 0.7, Max: 4.3, Diff: 4.0, Sum: 9.8]
      [Update RS (ms): Min: 0.0, Avg: 0.3, Max: 0.5, Diff: 0.5, Sum: 3.5]
         [Processed Buffers: Min: 0, Avg: 3.4, Max: 21, Diff: 21, Sum: 47]
      [Scan RS (ms): Min: 0.0, Avg: 0.0, Max: 0.1, Diff: 0.1, Sum: 0.3]
      [Code Root Scanning (ms): Min: 0.0, Avg: 0.0, Max: 0.0, Diff: 0.0, Sum: 0.0]
      [Object Copy (ms): Min: 0.0, Avg: 0.2, Max: 0.3, Diff: 0.3, Sum: 3.1]
      [Termination (ms): Min: 0.0, Avg: 3.0, Max: 3.3, Diff: 3.3, Sum: 41.9]
         [Termination Attempts: Min: 1, Avg: 1.1, Max: 2, Diff: 1, Sum: 16]
      [GC Worker Other (ms): Min: 0.0, Avg: 0.0, Max: 0.0, Diff: 0.0, Sum: 0.1]
      [GC Worker Total (ms): Min: 4.0, Avg: 4.2, Max: 4.4, Diff: 0.3, Sum: 58.6]
      [GC Worker End (ms): Min: 301813191.4, Avg: 301813191.4, Max: 301813191.5, Diff: 0.1]
   [Code Root Fixup: 0.0 ms]
   [Code Root Purge: 0.0 ms]
   [Clear CT: 0.4 ms]
   [Other: 5.0 ms]
      [Choose CSet: 0.0 ms]
      [Ref Proc: 4.4 ms]
      [Ref Enq: 0.2 ms]
      [Redirty Cards: 0.2 ms]
      [Humongous Register: 0.0 ms]
      [Humongous Reclaim: 0.0 ms]
      [Free CSet: 0.1 ms]
   [Eden: 7152.0M(7152.0M)->0.0B(5712.0M) Survivors: 16384.0K->16384.0K Heap: 10623.8M(14336.0M)->3470.4M(14336.0M)]
 [Times: user=0.08 sys=0.00, real=0.01 secs] 
2022-11-03T06:13:48.974-0600: 301929.394: [GC pause (G1 Evacuation Pause) (mixed), 0.0093252 secs]
   [Parallel Time: 4.2 ms, GC Workers: 14]
      [GC Worker Start (ms): Min: 301929394.0, Avg: 301929394.2, Max: 301929394.3, Diff: 0.3]
      [Ext Root Scanning (ms): Min: 0.3, Avg: 0.7, Max: 4.1, Diff: 3.8, Sum: 10.5]
      [Update RS (ms): Min: 0.0, Avg: 0.3, Max: 0.5, Diff: 0.5, Sum: 3.7]
         [Processed Buffers: Min: 0, Avg: 3.2, Max: 14, Diff: 14, Sum: 45]
      [Scan RS (ms): Min: 0.0, Avg: 0.1, Max: 0.2, Diff: 0.1, Sum: 1.0]
      [Code Root Scanning (ms): Min: 0.0, Avg: 0.0, Max: 0.0, Diff: 0.0, Sum: 0.0]
      [Object Copy (ms): Min: 0.0, Avg: 0.4, Max: 0.6, Diff: 0.6, Sum: 6.2]
      [Termination (ms): Min: 0.0, Avg: 2.4, Max: 2.7, Diff: 2.7, Sum: 34.3]
         [Termination Attempts: Min: 1, Avg: 1.0, Max: 1, Diff: 0, Sum: 14]
      [GC Worker Other (ms): Min: 0.0, Avg: 0.0, Max: 0.0, Diff: 0.0, Sum: 0.1]
      [GC Worker Total (ms): Min: 3.8, Avg: 4.0, Max: 4.1, Diff: 0.3, Sum: 55.8]
      [GC Worker End (ms): Min: 301929398.1, Avg: 301929398.2, Max: 301929398.2, Diff: 0.1]
   [Code Root Fixup: 0.0 ms]
   [Code Root Purge: 0.0 ms]
   [Clear CT: 0.4 ms]
   [Other: 4.7 ms]
      [Choose CSet: 0.0 ms]
      [Ref Proc: 4.1 ms]
      [Ref Enq: 0.2 ms]
      [Redirty Cards: 0.2 ms]
      [Humongous Register: 0.0 ms]
      [Humongous Reclaim: 0.0 ms]
      [Free CSet: 0.2 ms]
   [Eden: 5712.0M(5712.0M)->0.0B(7152.0M) Survivors: 16384.0K->16384.0K Heap: 9182.4M(14336.0M)->3456.7M(14336.0M)]
 [Times: user=0.07 sys=0.00, real=0.01 secs] 
2022-11-03T06:16:09.466-0600: 302069.887: [GC pause (G1 Evacuation Pause) (young), 0.0090181 secs]
   [Parallel Time: 3.5 ms, GC Workers: 14]
      [GC Worker Start (ms): Min: 302069886.6, Avg: 302069886.7, Max: 302069886.9, Diff: 0.3]
      [Ext Root Scanning (ms): Min: 0.3, Avg: 0.6, Max: 3.2, Diff: 3.0, Sum: 8.9]
      [Update RS (ms): Min: 0.0, Avg: 0.4, Max: 0.7, Diff: 0.7, Sum: 5.9]
         [Processed Buffers: Min: 0, Avg: 3.6, Max: 12, Diff: 12, Sum: 50]
      [Scan RS (ms): Min: 0.0, Avg: 0.0, Max: 0.1, Diff: 0.0, Sum: 0.3]
      [Code Root Scanning (ms): Min: 0.0, Avg: 0.0, Max: 0.0, Diff: 0.0, Sum: 0.0]
      [Object Copy (ms): Min: 0.0, Avg: 0.3, Max: 0.5, Diff: 0.5, Sum: 4.8]
      [Termination (ms): Min: 0.0, Avg: 1.7, Max: 2.0, Diff: 2.0, Sum: 24.1]
         [Termination Attempts: Min: 1, Avg: 1.0, Max: 1, Diff: 0, Sum: 14]
      [GC Worker Other (ms): Min: 0.0, Avg: 0.0, Max: 0.0, Diff: 0.0, Sum: 0.1]
      [GC Worker Total (ms): Min: 3.0, Avg: 3.2, Max: 3.3, Diff: 0.3, Sum: 44.2]
      [GC Worker End (ms): Min: 302069889.9, Avg: 302069889.9, Max: 302069890.0, Diff: 0.1]
   [Code Root Fixup: 0.0 ms]
   [Code Root Purge: 0.0 ms]
   [Clear CT: 0.4 ms]
   [Other: 5.1 ms]
      [Choose CSet: 0.0 ms]
      [Ref Proc: 4.4 ms]
      [Ref Enq: 0.2 ms]
      [Redirty Cards: 0.2 ms]
      [Humongous Register: 0.0 ms]
      [Humongous Reclaim: 0.0 ms]
      [Free CSet: 0.2 ms]
   [Eden: 7152.0M(7152.0M)->0.0B(7152.0M) Survivors: 16384.0K->16384.0K Heap: 10608.7M(14336.0M)->3459.6M(14336.0M)]
 [Times: user=0.06 sys=0.00, real=0.01 secs] 
2022-11-03T06:18:29.968-0600: 302210.389: [GC pause (G1 Evacuation Pause) (young) (initial-mark), 0.0118788 secs]
   [Parallel Time: 7.0 ms, GC Workers: 14]
      [GC Worker Start (ms): Min: 302210390.5, Avg: 302210390.6, Max: 302210390.8, Diff: 0.3]
      [Ext Root Scanning (ms): Min: 3.9, Avg: 4.0, Max: 4.2, Diff: 0.3, Sum: 56.1]
      [Update RS (ms): Min: 0.2, Avg: 0.3, Max: 0.5, Diff: 0.3, Sum: 3.8]
         [Processed Buffers: Min: 1, Avg: 3.6, Max: 15, Diff: 14, Sum: 51]
      [Scan RS (ms): Min: 0.0, Avg: 0.0, Max: 0.1, Diff: 0.1, Sum: 0.3]
      [Code Root Scanning (ms): Min: 0.0, Avg: 0.0, Max: 0.0, Diff: 0.0, Sum: 0.0]
      [Object Copy (ms): Min: 0.2, Avg: 0.4, Max: 0.5, Diff: 0.3, Sum: 5.6]
      [Termination (ms): Min: 0.0, Avg: 0.0, Max: 0.0, Diff: 0.0, Sum: 0.1]
         [Termination Attempts: Min: 1, Avg: 7.9, Max: 10, Diff: 9, Sum: 111]
      [GC Worker Other (ms): Min: 0.0, Avg: 0.0, Max: 0.1, Diff: 0.1, Sum: 0.7]
      [GC Worker Total (ms): Min: 4.6, Avg: 4.8, Max: 4.9, Diff: 0.3, Sum: 66.7]
      [GC Worker End (ms): Min: 302210395.4, Avg: 302210395.4, Max: 302210395.5, Diff: 0.1]
   [Code Root Fixup: 0.0 ms]
   [Code Root Purge: 0.0 ms]
   [Clear CT: 0.3 ms]
   [Other: 4.5 ms]
      [Choose CSet: 0.0 ms]
      [Ref Proc: 3.7 ms]
      [Ref Enq: 0.3 ms]
      [Redirty Cards: 0.2 ms]
      [Humongous Register: 0.0 ms]
      [Humongous Reclaim: 0.0 ms]
      [Free CSet: 0.2 ms]
   [Eden: 7152.0M(7152.0M)->0.0B(7152.0M) Survivors: 16384.0K->16384.0K Heap: 10611.6M(14336.0M)->3459.7M(14336.0M)]
 [Times: user=0.08 sys=0.00, real=0.01 secs] 
2022-11-03T06:18:29.980-0600: 302210.400: [GC concurrent-root-region-scan-start]
2022-11-03T06:18:29.984-0600: 302210.405: [GC concurrent-root-region-scan-end, 0.0041164 secs]
2022-11-03T06:18:29.984-0600: 302210.405: [GC concurrent-mark-start]
2022-11-03T06:18:30.542-0600: 302210.963: [GC concurrent-mark-end, 0.5579161 secs]
2022-11-03T06:18:30.543-0600: 302210.963: [GC remark 2022-11-03T06:18:30.543-0600: 302210.963: [Finalize Marking, 0.0006541 secs] 2022-11-03T06:18:30.543-0600: 302210.964: [GC ref-proc, 0.0073330 secs] 2022-11-03T06:18:30.551-0600: 302210.971: [Unloading, 0.0229326 secs], 0.0333522 secs]
 [Times: user=0.31 sys=0.00, real=0.03 secs] 
2022-11-03T06:18:30.576-0600: 302210.997: [GC cleanup 3507M->3507M(14336M), 0.0060206 secs]
 [Times: user=0.05 sys=0.00, real=0.01 secs] 
2022-11-03T06:20:47.315-0600: 302347.735: [GC pause (G1 Evacuation Pause) (young), 0.0113901 secs]
   [Parallel Time: 5.0 ms, GC Workers: 14]
      [GC Worker Start (ms): Min: 302347735.3, Avg: 302347735.4, Max: 302347735.6, Diff: 0.2]
      [Ext Root Scanning (ms): Min: 0.3, Avg: 0.7, Max: 4.8, Diff: 4.5, Sum: 10.4]
      [Update RS (ms): Min: 0.0, Avg: 0.3, Max: 0.5, Diff: 0.5, Sum: 3.7]
         [Processed Buffers: Min: 0, Avg: 2.9, Max: 15, Diff: 15, Sum: 41]
      [Scan RS (ms): Min: 0.0, Avg: 0.0, Max: 0.1, Diff: 0.1, Sum: 0.4]
      [Code Root Scanning (ms): Min: 0.0, Avg: 0.0, Max: 0.0, Diff: 0.0, Sum: 0.0]
      [Object Copy (ms): Min: 0.0, Avg: 0.3, Max: 0.4, Diff: 0.4, Sum: 4.7]
      [Termination (ms): Min: 0.0, Avg: 3.4, Max: 3.7, Diff: 3.7, Sum: 47.6]
         [Termination Attempts: Min: 1, Avg: 4.6, Max: 8, Diff: 7, Sum: 65]
      [GC Worker Other (ms): Min: 0.0, Avg: 0.0, Max: 0.0, Diff: 0.0, Sum: 0.1]
      [GC Worker Total (ms): Min: 4.7, Avg: 4.8, Max: 4.9, Diff: 0.3, Sum: 66.9]
      [GC Worker End (ms): Min: 302347740.2, Avg: 302347740.2, Max: 302347740.3, Diff: 0.1]
   [Code Root Fixup: 0.0 ms]
   [Code Root Purge: 0.0 ms]
   [Clear CT: 0.2 ms]
   [Other: 6.2 ms]
      [Choose CSet: 0.0 ms]
      [Ref Proc: 5.3 ms]
      [Ref Enq: 0.3 ms]
      [Redirty Cards: 0.2 ms]
      [Humongous Register: 0.0 ms]
      [Humongous Reclaim: 0.0 ms]
      [Free CSet: 0.2 ms]
   [Eden: 7152.0M(7152.0M)->0.0B(7152.0M) Survivors: 16384.0K->16384.0K Heap: 10611.7M(14336.0M)->3459.0M(14336.0M)]
 [Times: user=0.10 sys=0.00, real=0.01 secs] 
2022-11-03T06:23:07.219-0600: 302487.639: [GC pause (G1 Evacuation Pause) (young), 0.0119200 secs]
   [Parallel Time: 5.1 ms, GC Workers: 14]
      [GC Worker Start (ms): Min: 302487639.1, Avg: 302487639.2, Max: 302487639.3, Diff: 0.3]
      [Ext Root Scanning (ms): Min: 0.3, Avg: 0.7, Max: 4.7, Diff: 4.4, Sum: 10.4]
      [Update RS (ms): Min: 0.0, Avg: 0.3, Max: 0.4, Diff: 0.4, Sum: 3.7]
         [Processed Buffers: Min: 0, Avg: 3.7, Max: 13, Diff: 13, Sum: 52]
      [Scan RS (ms): Min: 0.0, Avg: 0.0, Max: 0.1, Diff: 0.1, Sum: 0.4]
      [Code Root Scanning (ms): Min: 0.0, Avg: 0.0, Max: 0.0, Diff: 0.0, Sum: 0.0]
      [Object Copy (ms): Min: 0.0, Avg: 0.3, Max: 0.4, Diff: 0.4, Sum: 4.6]
      [Termination (ms): Min: 0.0, Avg: 3.2, Max: 3.6, Diff: 3.6, Sum: 45.4]
         [Termination Attempts: Min: 1, Avg: 2.1, Max: 5, Diff: 4, Sum: 30]
      [GC Worker Other (ms): Min: 0.0, Avg: 0.0, Max: 0.0, Diff: 0.0, Sum: 0.1]
      [GC Worker Total (ms): Min: 4.5, Avg: 4.6, Max: 4.8, Diff: 0.3, Sum: 64.5]
      [GC Worker End (ms): Min: 302487643.8, Avg: 302487643.8, Max: 302487643.9, Diff: 0.1]
   [Code Root Fixup: 0.0 ms]
   [Code Root Purge: 0.0 ms]
   [Clear CT: 0.4 ms]
   [Other: 6.5 ms]
      [Choose CSet: 0.0 ms]
      [Ref Proc: 5.6 ms]
      [Ref Enq: 0.2 ms]
      [Redirty Cards: 0.4 ms]
      [Humongous Register: 0.0 ms]
      [Humongous Reclaim: 0.0 ms]
      [Free CSet: 0.2 ms]
   [Eden: 7152.0M(7152.0M)->0.0B(7152.0M) Survivors: 16384.0K->16384.0K Heap: 10611.0M(14336.0M)->3459.3M(14336.0M)]
 [Times: user=0.09 sys=0.00, real=0.01 secs] 
2022-11-03T06:25:27.240-0600: 302627.660: [GC pause (G1 Evacuation Pause) (young) (initial-mark), 0.0133130 secs]
   [Parallel Time: 7.9 ms, GC Workers: 14]
      [GC Worker Start (ms): Min: 302627661.7, Avg: 302627661.8, Max: 302627661.9, Diff: 0.3]
      [Ext Root Scanning (ms): Min: 5.2, Avg: 5.3, Max: 5.4, Diff: 0.3, Sum: 74.4]
      [Update RS (ms): Min: 0.2, Avg: 0.2, Max: 0.6, Diff: 0.4, Sum: 3.5]
         [Processed Buffers: Min: 1, Avg: 3.4, Max: 11, Diff: 10, Sum: 48]
      [Scan RS (ms): Min: 0.0, Avg: 0.0, Max: 0.1, Diff: 0.1, Sum: 0.5]
      [Code Root Scanning (ms): Min: 0.0, Avg: 0.0, Max: 0.0, Diff: 0.0, Sum: 0.0]
      [Object Copy (ms): Min: 0.1, Avg: 0.3, Max: 0.4, Diff: 0.3, Sum: 4.9]
      [Termination (ms): Min: 0.0, Avg: 0.0, Max: 0.0, Diff: 0.0, Sum: 0.0]
         [Termination Attempts: Min: 1, Avg: 1.9, Max: 4, Diff: 3, Sum: 27]
      [GC Worker Other (ms): Min: 0.0, Avg: 0.1, Max: 0.2, Diff: 0.2, Sum: 0.9]
      [GC Worker Total (ms): Min: 5.8, Avg: 6.0, Max: 6.2, Diff: 0.4, Sum: 84.2]
      [GC Worker End (ms): Min: 302627667.7, Avg: 302627667.8, Max: 302627667.9, Diff: 0.2]
   [Code Root Fixup: 0.0 ms]
   [Code Root Purge: 0.0 ms]
   [Clear CT: 0.9 ms]
   [Other: 4.5 ms]
      [Choose CSet: 0.0 ms]
      [Ref Proc: 3.7 ms]
      [Ref Enq: 0.2 ms]
      [Redirty Cards: 0.2 ms]
      [Humongous Register: 0.0 ms]
      [Humongous Reclaim: 0.0 ms]
      [Free CSet: 0.2 ms]
   [Eden: 7152.0M(7152.0M)->0.0B(7152.0M) Survivors: 16384.0K->16384.0K Heap: 10611.3M(14336.0M)->3461.2M(14336.0M)]
 [Times: user=0.07 sys=0.00, real=0.02 secs] 
2022-11-03T06:25:27.253-0600: 302627.673: [GC concurrent-root-region-scan-start]
2022-11-03T06:25:27.256-0600: 302627.677: [GC concurrent-root-region-scan-end, 0.0033135 secs]
2022-11-03T06:25:27.256-0600: 302627.677: [GC concurrent-mark-start]
2022-11-03T06:25:27.833-0600: 302628.253: [GC concurrent-mark-end, 0.5762985 secs]
2022-11-03T06:25:27.833-0600: 302628.253: [GC remark 2022-11-03T06:25:27.833-0600: 302628.253: [Finalize Marking, 0.0006496 secs] 2022-11-03T06:25:27.834-0600: 302628.254: [GC ref-proc, 0.0091097 secs] 2022-11-03T06:25:27.843-0600: 302628.263: [Unloading, 0.0223450 secs], 0.0343899 secs]
 [Times: user=0.33 sys=0.00, real=0.03 secs] 
2022-11-03T06:25:27.868-0600: 302628.288: [GC cleanup 3525M->3525M(14336M), 0.0050760 secs]
 [Times: user=0.04 sys=0.00, real=0.01 secs] 
2022-11-03T06:27:44.816-0600: 302765.236: [GC pause (G1 Evacuation Pause) (young), 0.0102727 secs]
   [Parallel Time: 4.2 ms, GC Workers: 14]
      [GC Worker Start (ms): Min: 302765236.2, Avg: 302765236.4, Max: 302765236.6, Diff: 0.4]
      [Ext Root Scanning (ms): Min: 0.3, Avg: 0.7, Max: 3.4, Diff: 3.1, Sum: 10.3]
      [Update RS (ms): Min: 0.0, Avg: 0.3, Max: 0.5, Diff: 0.5, Sum: 4.6]
         [Processed Buffers: Min: 0, Avg: 3.4, Max: 16, Diff: 16, Sum: 48]
      [Scan RS (ms): Min: 0.0, Avg: 0.0, Max: 0.1, Diff: 0.1, Sum: 0.5]
      [Code Root Scanning (ms): Min: 0.0, Avg: 0.0, Max: 0.0, Diff: 0.0, Sum: 0.0]
      [Object Copy (ms): Min: 0.0, Avg: 0.4, Max: 0.5, Diff: 0.5, Sum: 5.7]
      [Termination (ms): Min: 0.0, Avg: 1.8, Max: 2.0, Diff: 2.0, Sum: 24.9]
         [Termination Attempts: Min: 1, Avg: 4.8, Max: 9, Diff: 8, Sum: 67]
      [GC Worker Other (ms): Min: 0.0, Avg: 0.0, Max: 0.0, Diff: 0.0, Sum: 0.1]
      [GC Worker Total (ms): Min: 3.1, Avg: 3.3, Max: 3.5, Diff: 0.5, Sum: 46.2]
      [GC Worker End (ms): Min: 302765239.6, Avg: 302765239.7, Max: 302765239.8, Diff: 0.1]
   [Code Root Fixup: 0.0 ms]
   [Code Root Purge: 0.0 ms]
   [Clear CT: 0.3 ms]
   [Other: 5.8 ms]
      [Choose CSet: 0.0 ms]
      [Ref Proc: 5.0 ms]
      [Ref Enq: 0.3 ms]
      [Redirty Cards: 0.2 ms]
      [Humongous Register: 0.0 ms]
      [Humongous Reclaim: 0.0 ms]
      [Free CSet: 0.2 ms]
   [Eden: 7152.0M(7152.0M)->0.0B(7152.0M) Survivors: 16384.0K->16384.0K Heap: 10613.2M(14336.0M)->3460.6M(14336.0M)]
 [Times: user=0.07 sys=0.00, real=0.01 secs] 
2022-11-03T06:30:02.665-0600: 302903.085: [GC pause (G1 Evacuation Pause) (young), 0.0115141 secs]
   [Parallel Time: 6.3 ms, GC Workers: 14]
      [GC Worker Start (ms): Min: 302903085.4, Avg: 302903085.6, Max: 302903085.7, Diff: 0.3]
      [Ext Root Scanning (ms): Min: 0.3, Avg: 0.9, Max: 5.4, Diff: 5.1, Sum: 12.0]
      [Update RS (ms): Min: 0.0, Avg: 0.3, Max: 0.5, Diff: 0.5, Sum: 3.7]
         [Processed Buffers: Min: 0, Avg: 3.2, Max: 11, Diff: 11, Sum: 45]
      [Scan RS (ms): Min: 0.0, Avg: 0.0, Max: 0.1, Diff: 0.1, Sum: 0.4]
      [Code Root Scanning (ms): Min: 0.0, Avg: 0.0, Max: 0.0, Diff: 0.0, Sum: 0.0]
      [Object Copy (ms): Min: 0.0, Avg: 0.4, Max: 0.6, Diff: 0.6, Sum: 6.0]
      [Termination (ms): Min: 0.0, Avg: 3.7, Max: 4.0, Diff: 4.0, Sum: 51.5]
         [Termination Attempts: Min: 1, Avg: 2.1, Max: 4, Diff: 3, Sum: 30]
      [GC Worker Other (ms): Min: 0.0, Avg: 0.0, Max: 0.0, Diff: 0.0, Sum: 0.1]
      [GC Worker Total (ms): Min: 5.1, Avg: 5.3, Max: 5.4, Diff: 0.3, Sum: 73.7]
      [GC Worker End (ms): Min: 302903090.8, Avg: 302903090.8, Max: 302903090.9, Diff: 0.1]
   [Code Root Fixup: 0.0 ms]
   [Code Root Purge: 0.0 ms]
   [Clear CT: 0.3 ms]
   [Other: 5.0 ms]
      [Choose CSet: 0.0 ms]
      [Ref Proc: 4.1 ms]
      [Ref Enq: 0.3 ms]
      [Redirty Cards: 0.2 ms]
      [Humongous Register: 0.0 ms]
      [Humongous Reclaim: 0.0 ms]
      [Free CSet: 0.2 ms]
   [Eden: 7152.0M(7152.0M)->0.0B(7152.0M) Survivors: 16384.0K->16384.0K Heap: 10612.6M(14336.0M)->3461.1M(14336.0M)]
 [Times: user=0.09 sys=0.00, real=0.01 secs] 
2022-11-03T06:32:20.969-0600: 303041.389: [GC pause (G1 Evacuation Pause) (young) (initial-mark), 0.0130292 secs]
   [Parallel Time: 7.6 ms, GC Workers: 14]
      [GC Worker Start (ms): Min: 303041390.7, Avg: 303041390.9, Max: 303041391.1, Diff: 0.3]
      [Ext Root Scanning (ms): Min: 4.0, Avg: 4.2, Max: 4.4, Diff: 0.4, Sum: 58.1]
      [Update RS (ms): Min: 0.2, Avg: 0.3, Max: 0.4, Diff: 0.2, Sum: 4.7]
         [Processed Buffers: Min: 1, Avg: 3.7, Max: 13, Diff: 12, Sum: 52]
      [Scan RS (ms): Min: 0.0, Avg: 0.0, Max: 0.1, Diff: 0.1, Sum: 0.4]
      [Code Root Scanning (ms): Min: 0.0, Avg: 0.0, Max: 0.0, Diff: 0.0, Sum: 0.0]
      [Object Copy (ms): Min: 0.3, Avg: 0.4, Max: 0.4, Diff: 0.2, Sum: 4.9]
      [Termination (ms): Min: 0.0, Avg: 0.1, Max: 0.1, Diff: 0.1, Sum: 0.9]
         [Termination Attempts: Min: 1, Avg: 2.4, Max: 3, Diff: 2, Sum: 33]
      [GC Worker Other (ms): Min: 0.0, Avg: 0.1, Max: 1.0, Diff: 0.9, Sum: 1.2]
      [GC Worker Total (ms): Min: 4.8, Avg: 5.0, Max: 6.1, Diff: 1.3, Sum: 70.3]
      [GC Worker End (ms): Min: 303041395.8, Avg: 303041395.9, Max: 303041396.8, Diff: 1.0]
   [Code Root Fixup: 0.0 ms]
   [Code Root Purge: 0.0 ms]
   [Clear CT: 0.3 ms]
   [Other: 5.1 ms]
      [Choose CSet: 0.0 ms]
      [Ref Proc: 3.9 ms]
      [Ref Enq: 0.4 ms]
      [Redirty Cards: 0.5 ms]
      [Humongous Register: 0.0 ms]
      [Humongous Reclaim: 0.0 ms]
      [Free CSet: 0.1 ms]
   [Eden: 7152.0M(7152.0M)->0.0B(7152.0M) Survivors: 16384.0K->16384.0K Heap: 10613.1M(14336.0M)->3461.7M(14336.0M)]
 [Times: user=0.08 sys=0.01, real=0.02 secs] 
2022-11-03T06:32:20.982-0600: 303041.402: [GC concurrent-root-region-scan-start]
2022-11-03T06:32:20.986-0600: 303041.407: [GC concurrent-root-region-scan-end, 0.0043671 secs]
2022-11-03T06:32:20.986-0600: 303041.407: [GC concurrent-mark-start]
2022-11-03T06:32:21.580-0600: 303042.000: [GC concurrent-mark-end, 0.5936719 secs]
2022-11-03T06:32:21.580-0600: 303042.001: [GC remark 2022-11-03T06:32:21.580-0600: 303042.001: [Finalize Marking, 0.0008530 secs] 2022-11-03T06:32:21.581-0600: 303042.002: [GC ref-proc, 0.0063744 secs] 2022-11-03T06:32:21.588-0600: 303042.008: [Unloading, 0.0217035 secs], 0.0315434 secs]
 [Times: user=0.33 sys=0.00, real=0.02 secs] 
2022-11-03T06:32:21.612-0600: 303042.033: [GC cleanup 3533M->3533M(14336M), 0.0065851 secs]
 [Times: user=0.05 sys=0.00, real=0.00 secs] 
2022-11-03T06:34:38.973-0600: 303179.393: [GC pause (G1 Evacuation Pause) (young), 0.0105361 secs]
   [Parallel Time: 4.8 ms, GC Workers: 14]
      [GC Worker Start (ms): Min: 303179393.1, Avg: 303179393.3, Max: 303179393.4, Diff: 0.3]
      [Ext Root Scanning (ms): Min: 0.3, Avg: 0.7, Max: 4.5, Diff: 4.3, Sum: 10.3]
      [Update RS (ms): Min: 0.0, Avg: 0.3, Max: 0.5, Diff: 0.5, Sum: 3.9]
         [Processed Buffers: Min: 0, Avg: 3.6, Max: 11, Diff: 11, Sum: 50]
      [Scan RS (ms): Min: 0.0, Avg: 0.0, Max: 0.1, Diff: 0.1, Sum: 0.4]
      [Code Root Scanning (ms): Min: 0.0, Avg: 0.0, Max: 0.0, Diff: 0.0, Sum: 0.0]
      [Object Copy (ms): Min: 0.0, Avg: 0.3, Max: 0.4, Diff: 0.4, Sum: 4.0]
      [Termination (ms): Min: 0.0, Avg: 3.1, Max: 3.4, Diff: 3.4, Sum: 43.7]
         [Termination Attempts: Min: 1, Avg: 3.0, Max: 5, Diff: 4, Sum: 42]
      [GC Worker Other (ms): Min: 0.0, Avg: 0.0, Max: 0.0, Diff: 0.0, Sum: 0.1]
      [GC Worker Total (ms): Min: 4.3, Avg: 4.5, Max: 4.6, Diff: 0.3, Sum: 62.4]
      [GC Worker End (ms): Min: 303179397.7, Avg: 303179397.7, Max: 303179397.8, Diff: 0.1]
   [Code Root Fixup: 0.0 ms]
   [Code Root Purge: 0.0 ms]
   [Clear CT: 0.4 ms]
   [Other: 5.4 ms]
      [Choose CSet: 0.0 ms]
      [Ref Proc: 4.7 ms]
      [Ref Enq: 0.2 ms]
      [Redirty Cards: 0.2 ms]
      [Humongous Register: 0.0 ms]
      [Humongous Reclaim: 0.0 ms]
      [Free CSet: 0.1 ms]
   [Eden: 7152.0M(7152.0M)->0.0B(7152.0M) Survivors: 16384.0K->16384.0K Heap: 10613.7M(14336.0M)->3459.5M(14336.0M)]
 [Times: user=0.08 sys=0.00, real=0.01 secs] 
2022-11-03T06:36:59.915-0600: 303320.336: [GC pause (G1 Evacuation Pause) (young), 0.0238895 secs]
   [Parallel Time: 3.3 ms, GC Workers: 14]
      [GC Worker Start (ms): Min: 303320335.6, Avg: 303320335.7, Max: 303320335.9, Diff: 0.3]
      [Ext Root Scanning (ms): Min: 0.3, Avg: 0.6, Max: 3.0, Diff: 2.8, Sum: 9.0]
      [Update RS (ms): Min: 0.0, Avg: 0.3, Max: 0.5, Diff: 0.5, Sum: 3.8]
         [Processed Buffers: Min: 0, Avg: 3.4, Max: 30, Diff: 30, Sum: 48]
      [Scan RS (ms): Min: 0.0, Avg: 0.0, Max: 0.1, Diff: 0.1, Sum: 0.4]
      [Code Root Scanning (ms): Min: 0.0, Avg: 0.0, Max: 0.0, Diff: 0.0, Sum: 0.0]
      [Object Copy (ms): Min: 0.0, Avg: 0.3, Max: 0.4, Diff: 0.4, Sum: 4.6]
      [Termination (ms): Min: 0.0, Avg: 1.7, Max: 1.9, Diff: 1.9, Sum: 23.9]
         [Termination Attempts: Min: 1, Avg: 1.0, Max: 1, Diff: 0, Sum: 14]
      [GC Worker Other (ms): Min: 0.0, Avg: 0.0, Max: 0.0, Diff: 0.0, Sum: 0.1]
      [GC Worker Total (ms): Min: 2.8, Avg: 3.0, Max: 3.1, Diff: 0.3, Sum: 41.8]
      [GC Worker End (ms): Min: 303320338.7, Avg: 303320338.7, Max: 303320338.8, Diff: 0.1]
   [Code Root Fixup: 0.0 ms]
   [Code Root Purge: 0.0 ms]
   [Clear CT: 0.5 ms]
   [Other: 20.0 ms]
      [Choose CSet: 0.0 ms]
      [Ref Proc: 18.9 ms]
      [Ref Enq: 0.3 ms]
      [Redirty Cards: 0.6 ms]
      [Humongous Register: 0.0 ms]
      [Humongous Reclaim: 0.0 ms]
      [Free CSet: 0.2 ms]
   [Eden: 7152.0M(7152.0M)->0.0B(7152.0M) Survivors: 16384.0K->16384.0K Heap: 10611.5M(14336.0M)->3460.1M(14336.0M)]
 [Times: user=0.10 sys=0.00, real=0.02 secs] 
2022-11-03T06:39:17.966-0600: 303458.387: [GC pause (G1 Evacuation Pause) (young) (initial-mark), 0.0132266 secs]
   [Parallel Time: 8.3 ms, GC Workers: 14]
      [GC Worker Start (ms): Min: 303458388.0, Avg: 303458388.2, Max: 303458388.3, Diff: 0.3]
      [Ext Root Scanning (ms): Min: 4.9, Avg: 5.1, Max: 5.3, Diff: 0.4, Sum: 71.6]
      [Update RS (ms): Min: 0.2, Avg: 0.3, Max: 0.5, Diff: 0.3, Sum: 4.6]
         [Processed Buffers: Min: 1, Avg: 3.6, Max: 14, Diff: 13, Sum: 51]
      [Scan RS (ms): Min: 0.0, Avg: 0.0, Max: 0.1, Diff: 0.1, Sum: 0.4]
      [Code Root Scanning (ms): Min: 0.0, Avg: 0.0, Max: 0.0, Diff: 0.0, Sum: 0.0]
      [Object Copy (ms): Min: 0.2, Avg: 0.4, Max: 0.5, Diff: 0.3, Sum: 5.1]
      [Termination (ms): Min: 0.0, Avg: 0.0, Max: 0.0, Diff: 0.0, Sum: 0.0]
         [Termination Attempts: Min: 1, Avg: 1.1, Max: 2, Diff: 1, Sum: 15]
      [GC Worker Other (ms): Min: 0.0, Avg: 0.6, Max: 0.8, Diff: 0.8, Sum: 7.9]
      [GC Worker Total (ms): Min: 5.7, Avg: 6.4, Max: 6.8, Diff: 1.1, Sum: 89.7]
      [GC Worker End (ms): Min: 303458394.0, Avg: 303458394.6, Max: 303458394.9, Diff: 0.8]
   [Code Root Fixup: 0.0 ms]
   [Code Root Purge: 0.0 ms]
   [Clear CT: 0.4 ms]
   [Other: 4.5 ms]
      [Choose CSet: 0.0 ms]
      [Ref Proc: 3.8 ms]
      [Ref Enq: 0.2 ms]
      [Redirty Cards: 0.2 ms]
      [Humongous Register: 0.0 ms]
      [Humongous Reclaim: 0.0 ms]
      [Free CSet: 0.1 ms]
   [Eden: 7152.0M(7152.0M)->0.0B(7152.0M) Survivors: 16384.0K->16384.0K Heap: 10612.1M(14336.0M)->3461.2M(14336.0M)]
 [Times: user=0.08 sys=0.00, real=0.01 secs] 
2022-11-03T06:39:17.980-0600: 303458.400: [GC concurrent-root-region-scan-start]
2022-11-03T06:39:17.985-0600: 303458.405: [GC concurrent-root-region-scan-end, 0.0049960 secs]
2022-11-03T06:39:17.985-0600: 303458.405: [GC concurrent-mark-start]
2022-11-03T06:39:18.650-0600: 303459.070: [GC concurrent-mark-end, 0.6652851 secs]
2022-11-03T06:39:18.650-0600: 303459.070: [GC remark 2022-11-03T06:39:18.650-0600: 303459.071: [Finalize Marking, 0.0005151 secs] 2022-11-03T06:39:18.651-0600: 303459.071: [GC ref-proc, 0.0084470 secs] 2022-11-03T06:39:18.659-0600: 303459.080: [Unloading, 0.0278197 secs], 0.0394466 secs]
 [Times: user=0.34 sys=0.00, real=0.04 secs] 
2022-11-03T06:39:18.690-0600: 303459.110: [GC cleanup 3509M->3509M(14336M), 0.0073680 secs]
 [Times: user=0.06 sys=0.00, real=0.01 secs] 
2022-11-03T06:41:32.742-0600: 303593.162: [GC pause (G1 Evacuation Pause) (young), 0.0098510 secs]
   [Parallel Time: 4.1 ms, GC Workers: 14]
      [GC Worker Start (ms): Min: 303593162.3, Avg: 303593162.5, Max: 303593162.9, Diff: 0.6]
      [Ext Root Scanning (ms): Min: 0.1, Avg: 0.7, Max: 3.8, Diff: 3.7, Sum: 9.8]
      [Update RS (ms): Min: 0.0, Avg: 0.3, Max: 0.5, Diff: 0.5, Sum: 4.1]
         [Processed Buffers: Min: 0, Avg: 3.4, Max: 14, Diff: 14, Sum: 47]
      [Scan RS (ms): Min: 0.0, Avg: 0.0, Max: 0.1, Diff: 0.1, Sum: 0.3]
      [Code Root Scanning (ms): Min: 0.0, Avg: 0.0, Max: 0.0, Diff: 0.0, Sum: 0.0]
      [Object Copy (ms): Min: 0.0, Avg: 0.4, Max: 0.5, Diff: 0.5, Sum: 5.3]
      [Termination (ms): Min: 0.0, Avg: 2.3, Max: 2.5, Diff: 2.5, Sum: 31.8]
         [Termination Attempts: Min: 1, Avg: 9.2, Max: 14, Diff: 13, Sum: 129]
      [GC Worker Other (ms): Min: 0.0, Avg: 0.0, Max: 0.0, Diff: 0.0, Sum: 0.1]
      [GC Worker Total (ms): Min: 3.2, Avg: 3.7, Max: 3.9, Diff: 0.7, Sum: 51.4]
      [GC Worker End (ms): Min: 303593166.1, Avg: 303593166.2, Max: 303593166.3, Diff: 0.1]
   [Code Root Fixup: 0.0 ms]
   [Code Root Purge: 0.0 ms]
   [Clear CT: 0.8 ms]
   [Other: 5.0 ms]
      [Choose CSet: 0.0 ms]
      [Ref Proc: 3.5 ms]
      [Ref Enq: 0.4 ms]
      [Redirty Cards: 0.8 ms]
      [Humongous Register: 0.0 ms]
      [Humongous Reclaim: 0.0 ms]
      [Free CSet: 0.2 ms]
   [Eden: 7152.0M(7152.0M)->0.0B(7152.0M) Survivors: 16384.0K->16384.0K Heap: 10613.2M(14336.0M)->3460.7M(14336.0M)]
 [Times: user=0.07 sys=0.00, real=0.00 secs] 
2022-11-03T06:43:48.715-0600: 303729.136: [GC pause (G1 Evacuation Pause) (young), 0.0099310 secs]
   [Parallel Time: 4.8 ms, GC Workers: 14]
      [GC Worker Start (ms): Min: 303729135.7, Avg: 303729135.8, Max: 303729135.9, Diff: 0.3]
      [Ext Root Scanning (ms): Min: 0.3, Avg: 0.7, Max: 4.4, Diff: 4.1, Sum: 10.4]
      [Update RS (ms): Min: 0.0, Avg: 0.3, Max: 0.4, Diff: 0.4, Sum: 4.2]
         [Processed Buffers: Min: 0, Avg: 3.9, Max: 20, Diff: 20, Sum: 55]
      [Scan RS (ms): Min: 0.0, Avg: 0.0, Max: 0.1, Diff: 0.1, Sum: 0.3]
      [Code Root Scanning (ms): Min: 0.0, Avg: 0.0, Max: 0.0, Diff: 0.0, Sum: 0.0]
      [Object Copy (ms): Min: 0.0, Avg: 0.4, Max: 0.6, Diff: 0.6, Sum: 6.2]
      [Termination (ms): Min: 0.0, Avg: 2.8, Max: 3.1, Diff: 3.1, Sum: 39.4]
         [Termination Attempts: Min: 1, Avg: 1.0, Max: 1, Diff: 0, Sum: 14]
      [GC Worker Other (ms): Min: 0.0, Avg: 0.0, Max: 0.0, Diff: 0.0, Sum: 0.1]
      [GC Worker Total (ms): Min: 4.2, Avg: 4.3, Max: 4.5, Diff: 0.3, Sum: 60.6]
      [GC Worker End (ms): Min: 303729140.0, Avg: 303729140.1, Max: 303729140.2, Diff: 0.1]
   [Code Root Fixup: 0.0 ms]
   [Code Root Purge: 0.0 ms]
   [Clear CT: 0.4 ms]
   [Other: 4.7 ms]
      [Choose CSet: 0.0 ms]
      [Ref Proc: 4.1 ms]
      [Ref Enq: 0.2 ms]
      [Redirty Cards: 0.2 ms]
      [Humongous Register: 0.0 ms]
      [Humongous Reclaim: 0.0 ms]
      [Free CSet: 0.1 ms]
   [Eden: 7152.0M(7152.0M)->0.0B(7152.0M) Survivors: 16384.0K->16384.0K Heap: 10612.7M(14336.0M)->3461.9M(14336.0M)]
 [Times: user=0.08 sys=0.00, real=0.01 secs] 
2022-11-03T06:46:03.042-0600: 303863.462: [GC pause (G1 Evacuation Pause) (young) (initial-mark), 0.0134288 secs]
   [Parallel Time: 8.0 ms, GC Workers: 14]
      [GC Worker Start (ms): Min: 303863463.6, Avg: 303863463.8, Max: 303863463.9, Diff: 0.3]
      [Ext Root Scanning (ms): Min: 5.3, Avg: 5.4, Max: 5.6, Diff: 0.3, Sum: 76.2]
      [Update RS (ms): Min: 0.3, Avg: 0.4, Max: 0.5, Diff: 0.2, Sum: 5.6]
         [Processed Buffers: Min: 1, Avg: 4.0, Max: 23, Diff: 22, Sum: 56]
      [Scan RS (ms): Min: 0.0, Avg: 0.0, Max: 0.1, Diff: 0.1, Sum: 0.3]
      [Code Root Scanning (ms): Min: 0.0, Avg: 0.0, Max: 0.0, Diff: 0.0, Sum: 0.0]
      [Object Copy (ms): Min: 0.3, Avg: 0.4, Max: 0.5, Diff: 0.2, Sum: 5.9]
      [Termination (ms): Min: 0.0, Avg: 0.0, Max: 0.0, Diff: 0.0, Sum: 0.1]
         [Termination Attempts: Min: 2, Avg: 3.1, Max: 5, Diff: 3, Sum: 44]
      [GC Worker Other (ms): Min: 0.0, Avg: 0.1, Max: 0.1, Diff: 0.1, Sum: 0.8]
      [GC Worker Total (ms): Min: 6.2, Avg: 6.4, Max: 6.5, Diff: 0.3, Sum: 88.9]
      [GC Worker End (ms): Min: 303863470.1, Avg: 303863470.1, Max: 303863470.2, Diff: 0.1]
   [Code Root Fixup: 0.0 ms]
   [Code Root Purge: 0.0 ms]
   [Clear CT: 0.5 ms]
   [Other: 4.9 ms]
      [Choose CSet: 0.0 ms]
      [Ref Proc: 4.2 ms]
      [Ref Enq: 0.2 ms]
      [Redirty Cards: 0.2 ms]
      [Humongous Register: 0.0 ms]
      [Humongous Reclaim: 0.0 ms]
      [Free CSet: 0.2 ms]
   [Eden: 7152.0M(7152.0M)->0.0B(7152.0M) Survivors: 16384.0K->16384.0K Heap: 10613.9M(14336.0M)->3463.7M(14336.0M)]
 [Times: user=0.08 sys=0.00, real=0.01 secs] 
2022-11-03T06:46:03.056-0600: 303863.476: [GC concurrent-root-region-scan-start]
2022-11-03T06:46:03.061-0600: 303863.481: [GC concurrent-root-region-scan-end, 0.0050624 secs]
2022-11-03T06:46:03.061-0600: 303863.481: [GC concurrent-mark-start]
2022-11-03T06:46:03.757-0600: 303864.178: [GC concurrent-mark-end, 0.6965927 secs]
2022-11-03T06:46:03.757-0600: 303864.178: [GC remark 2022-11-03T06:46:03.758-0600: 303864.178: [Finalize Marking, 0.0005097 secs] 2022-11-03T06:46:03.758-0600: 303864.178: [GC ref-proc, 0.0069918 secs] 2022-11-03T06:46:03.765-0600: 303864.185: [Unloading, 0.0219452 secs], 0.0321041 secs]
 [Times: user=0.32 sys=0.00, real=0.03 secs] 
2022-11-03T06:46:03.790-0600: 303864.210: [GC cleanup 3495M->3495M(14336M), 0.0058937 secs]
 [Times: user=0.05 sys=0.00, real=0.01 secs] 
2022-11-03T06:48:16.483-0600: 303996.903: [GC pause (G1 Evacuation Pause) (young), 0.0216734 secs]
   [Parallel Time: 4.5 ms, GC Workers: 14]
      [GC Worker Start (ms): Min: 303996903.5, Avg: 303996903.6, Max: 303996903.7, Diff: 0.2]
      [Ext Root Scanning (ms): Min: 0.3, Avg: 0.8, Max: 4.3, Diff: 4.0, Sum: 10.9]
      [Update RS (ms): Min: 0.0, Avg: 0.4, Max: 0.7, Diff: 0.7, Sum: 5.1]
         [Processed Buffers: Min: 0, Avg: 3.6, Max: 12, Diff: 12, Sum: 50]
      [Scan RS (ms): Min: 0.0, Avg: 0.0, Max: 0.1, Diff: 0.1, Sum: 0.4]
      [Code Root Scanning (ms): Min: 0.0, Avg: 0.0, Max: 0.0, Diff: 0.0, Sum: 0.0]
      [Object Copy (ms): Min: 0.0, Avg: 0.5, Max: 0.7, Diff: 0.7, Sum: 7.2]
      [Termination (ms): Min: 0.0, Avg: 2.6, Max: 2.9, Diff: 2.9, Sum: 35.8]
         [Termination Attempts: Min: 1, Avg: 1.8, Max: 5, Diff: 4, Sum: 25]
      [GC Worker Other (ms): Min: 0.0, Avg: 0.0, Max: 0.0, Diff: 0.0, Sum: 0.1]
      [GC Worker Total (ms): Min: 4.1, Avg: 4.3, Max: 4.4, Diff: 0.3, Sum: 59.5]
      [GC Worker End (ms): Min: 303996907.8, Avg: 303996907.8, Max: 303996907.9, Diff: 0.1]
   [Code Root Fixup: 0.0 ms]
   [Code Root Purge: 0.0 ms]
   [Clear CT: 0.6 ms]
   [Other: 16.5 ms]
      [Choose CSet: 0.0 ms]
      [Ref Proc: 15.3 ms]
      [Ref Enq: 0.7 ms]
      [Redirty Cards: 0.2 ms]
      [Humongous Register: 0.0 ms]
      [Humongous Reclaim: 0.0 ms]
      [Free CSet: 0.3 ms]
   [Eden: 7152.0M(7152.0M)->0.0B(7152.0M) Survivors: 16384.0K->16384.0K Heap: 10615.7M(14336.0M)->3462.6M(14336.0M)]
 [Times: user=0.10 sys=0.01, real=0.02 secs] 
2022-11-03T06:50:29.978-0600: 304130.398: [GC pause (G1 Evacuation Pause) (young), 0.0083386 secs]
   [Parallel Time: 3.8 ms, GC Workers: 14]
      [GC Worker Start (ms): Min: 304130398.6, Avg: 304130398.7, Max: 304130398.8, Diff: 0.2]
      [Ext Root Scanning (ms): Min: 0.3, Avg: 0.7, Max: 3.6, Diff: 3.2, Sum: 10.1]
      [Update RS (ms): Min: 0.0, Avg: 0.3, Max: 0.5, Diff: 0.5, Sum: 4.0]
         [Processed Buffers: Min: 0, Avg: 3.3, Max: 11, Diff: 11, Sum: 46]
      [Scan RS (ms): Min: 0.0, Avg: 0.0, Max: 0.1, Diff: 0.1, Sum: 0.4]
      [Code Root Scanning (ms): Min: 0.0, Avg: 0.0, Max: 0.0, Diff: 0.0, Sum: 0.0]
      [Object Copy (ms): Min: 0.0, Avg: 0.5, Max: 0.6, Diff: 0.6, Sum: 6.9]
      [Termination (ms): Min: 0.0, Avg: 2.0, Max: 2.2, Diff: 2.2, Sum: 27.6]
         [Termination Attempts: Min: 1, Avg: 1.0, Max: 1, Diff: 0, Sum: 14]
      [GC Worker Other (ms): Min: 0.0, Avg: 0.0, Max: 0.0, Diff: 0.0, Sum: 0.1]
      [GC Worker Total (ms): Min: 3.4, Avg: 3.5, Max: 3.6, Diff: 0.2, Sum: 49.1]
      [GC Worker End (ms): Min: 304130402.1, Avg: 304130402.2, Max: 304130402.3, Diff: 0.1]
   [Code Root Fixup: 0.0 ms]
   [Code Root Purge: 0.0 ms]
   [Clear CT: 0.6 ms]
   [Other: 4.0 ms]
      [Choose CSet: 0.0 ms]
      [Ref Proc: 3.3 ms]
      [Ref Enq: 0.2 ms]
      [Redirty Cards: 0.2 ms]
      [Humongous Register: 0.0 ms]
      [Humongous Reclaim: 0.0 ms]
      [Free CSet: 0.1 ms]
   [Eden: 7152.0M(7152.0M)->0.0B(7152.0M) Survivors: 16384.0K->16384.0K Heap: 10614.6M(14336.0M)->3463.7M(14336.0M)]
 [Times: user=0.06 sys=0.00, real=0.01 secs] 
2022-11-03T06:52:42.971-0600: 304263.392: [GC pause (G1 Evacuation Pause) (young) (initial-mark), 0.0144168 secs]
   [Parallel Time: 7.9 ms, GC Workers: 14]
      [GC Worker Start (ms): Min: 304263393.1, Avg: 304263393.2, Max: 304263393.4, Diff: 0.3]
      [Ext Root Scanning (ms): Min: 5.1, Avg: 5.3, Max: 5.5, Diff: 0.3, Sum: 74.6]
      [Update RS (ms): Min: 0.2, Avg: 0.3, Max: 0.5, Diff: 0.3, Sum: 4.6]
         [Processed Buffers: Min: 1, Avg: 3.7, Max: 19, Diff: 18, Sum: 52]
      [Scan RS (ms): Min: 0.0, Avg: 0.0, Max: 0.1, Diff: 0.1, Sum: 0.4]
      [Code Root Scanning (ms): Min: 0.0, Avg: 0.0, Max: 0.0, Diff: 0.0, Sum: 0.0]
      [Object Copy (ms): Min: 0.3, Avg: 0.4, Max: 0.5, Diff: 0.2, Sum: 5.6]
      [Termination (ms): Min: 0.0, Avg: 0.0, Max: 0.1, Diff: 0.1, Sum: 0.1]
         [Termination Attempts: Min: 3, Avg: 4.4, Max: 7, Diff: 4, Sum: 61]
      [GC Worker Other (ms): Min: 0.0, Avg: 0.1, Max: 0.2, Diff: 0.2, Sum: 0.7]
      [GC Worker Total (ms): Min: 6.0, Avg: 6.1, Max: 6.3, Diff: 0.3, Sum: 86.0]
      [GC Worker End (ms): Min: 304263399.3, Avg: 304263399.3, Max: 304263399.4, Diff: 0.2]
   [Code Root Fixup: 0.0 ms]
   [Code Root Purge: 0.0 ms]
   [Clear CT: 0.4 ms]
   [Other: 6.1 ms]
      [Choose CSet: 0.0 ms]
      [Ref Proc: 5.4 ms]
      [Ref Enq: 0.2 ms]
      [Redirty Cards: 0.2 ms]
      [Humongous Register: 0.0 ms]
      [Humongous Reclaim: 0.0 ms]
      [Free CSet: 0.2 ms]
   [Eden: 7152.0M(7152.0M)->0.0B(7152.0M) Survivors: 16384.0K->16384.0K Heap: 10615.7M(14336.0M)->3464.3M(14336.0M)]
 [Times: user=0.08 sys=0.00, real=0.02 secs] 
2022-11-03T06:52:42.986-0600: 304263.406: [GC concurrent-root-region-scan-start]
2022-11-03T06:52:42.991-0600: 304263.411: [GC concurrent-root-region-scan-end, 0.0049204 secs]
2022-11-03T06:52:42.991-0600: 304263.411: [GC concurrent-mark-start]
2022-11-03T06:52:43.694-0600: 304264.115: [GC concurrent-mark-end, 0.7035349 secs]
2022-11-03T06:52:43.697-0600: 304264.118: [GC remark 2022-11-03T06:52:43.698-0600: 304264.118: [Finalize Marking, 0.0005958 secs] 2022-11-03T06:52:43.698-0600: 304264.118: [GC ref-proc, 0.0077194 secs] 2022-11-03T06:52:43.706-0600: 304264.126: [Unloading, 0.0223612 secs], 0.0330475 secs]
 [Times: user=0.34 sys=0.00, real=0.03 secs] 
2022-11-03T06:52:43.731-0600: 304264.151: [GC cleanup 3512M->3512M(14336M), 0.0087881 secs]
 [Times: user=0.06 sys=0.00, real=0.01 secs] 
2022-11-03T06:54:49.972-0600: 304390.392: [GC pause (G1 Evacuation Pause) (young), 0.0115674 secs]
   [Parallel Time: 5.5 ms, GC Workers: 14]
      [GC Worker Start (ms): Min: 304390392.1, Avg: 304390392.3, Max: 304390392.4, Diff: 0.2]
      [Ext Root Scanning (ms): Min: 0.3, Avg: 0.8, Max: 5.1, Diff: 4.8, Sum: 10.9]
      [Update RS (ms): Min: 0.0, Avg: 0.4, Max: 0.7, Diff: 0.7, Sum: 6.0]
         [Processed Buffers: Min: 0, Avg: 4.1, Max: 12, Diff: 12, Sum: 58]
      [Scan RS (ms): Min: 0.0, Avg: 0.0, Max: 0.1, Diff: 0.1, Sum: 0.4]
      [Code Root Scanning (ms): Min: 0.0, Avg: 0.0, Max: 0.0, Diff: 0.0, Sum: 0.0]
      [Object Copy (ms): Min: 0.0, Avg: 1.2, Max: 1.3, Diff: 1.3, Sum: 16.7]
      [Termination (ms): Min: 0.0, Avg: 2.7, Max: 2.9, Diff: 2.9, Sum: 37.6]
         [Termination Attempts: Min: 1, Avg: 1.4, Max: 3, Diff: 2, Sum: 19]
      [GC Worker Other (ms): Min: 0.0, Avg: 0.0, Max: 0.0, Diff: 0.0, Sum: 0.1]
      [GC Worker Total (ms): Min: 5.0, Avg: 5.1, Max: 5.3, Diff: 0.3, Sum: 71.7]
      [GC Worker End (ms): Min: 304390397.3, Avg: 304390397.4, Max: 304390397.4, Diff: 0.1]
   [Code Root Fixup: 0.0 ms]
   [Code Root Purge: 0.0 ms]
   [Clear CT: 0.3 ms]
   [Other: 5.8 ms]
      [Choose CSet: 0.0 ms]
      [Ref Proc: 4.9 ms]
      [Ref Enq: 0.4 ms]
      [Redirty Cards: 0.2 ms]
      [Humongous Register: 0.0 ms]
      [Humongous Reclaim: 0.0 ms]
      [Free CSet: 0.2 ms]
   [Eden: 7152.0M(7152.0M)->0.0B(7152.0M) Survivors: 16384.0K->16384.0K Heap: 10616.3M(14336.0M)->3468.8M(14336.0M)]
 [Times: user=0.09 sys=0.00, real=0.02 secs] 
2022-11-03T06:56:57.978-0600: 304518.398: [GC pause (G1 Evacuation Pause) (young), 0.0145418 secs]
   [Parallel Time: 7.8 ms, GC Workers: 14]
      [GC Worker Start (ms): Min: 304518398.5, Avg: 304518398.6, Max: 304518398.8, Diff: 0.3]
      [Ext Root Scanning (ms): Min: 0.3, Avg: 1.0, Max: 7.1, Diff: 6.8, Sum: 14.3]
      [Update RS (ms): Min: 0.0, Avg: 0.5, Max: 0.8, Diff: 0.8, Sum: 7.2]
         [Processed Buffers: Min: 0, Avg: 3.7, Max: 11, Diff: 11, Sum: 52]
      [Scan RS (ms): Min: 0.0, Avg: 0.0, Max: 0.1, Diff: 0.1, Sum: 0.4]
      [Code Root Scanning (ms): Min: 0.0, Avg: 0.0, Max: 0.0, Diff: 0.0, Sum: 0.0]
      [Object Copy (ms): Min: 0.0, Avg: 1.2, Max: 1.5, Diff: 1.5, Sum: 16.8]
      [Termination (ms): Min: 0.0, Avg: 4.2, Max: 4.7, Diff: 4.7, Sum: 59.1]
         [Termination Attempts: Min: 1, Avg: 22.3, Max: 34, Diff: 33, Sum: 312]
      [GC Worker Other (ms): Min: 0.0, Avg: 0.0, Max: 0.1, Diff: 0.1, Sum: 0.3]
      [GC Worker Total (ms): Min: 6.8, Avg: 7.0, Max: 7.2, Diff: 0.3, Sum: 98.0]
      [GC Worker End (ms): Min: 304518405.6, Avg: 304518405.6, Max: 304518405.7, Diff: 0.1]
   [Code Root Fixup: 0.0 ms]
   [Code Root Purge: 0.0 ms]
   [Clear CT: 1.0 ms]
   [Other: 5.7 ms]
      [Choose CSet: 0.0 ms]
      [Ref Proc: 4.3 ms]
      [Ref Enq: 0.3 ms]
      [Redirty Cards: 0.7 ms]
      [Humongous Register: 0.0 ms]
      [Humongous Reclaim: 0.0 ms]
      [Free CSet: 0.3 ms]
   [Eden: 7152.0M(7152.0M)->0.0B(7152.0M) Survivors: 16384.0K->16384.0K Heap: 10620.8M(14336.0M)->3475.7M(14336.0M)]
 [Times: user=0.12 sys=0.00, real=0.02 secs] 
2022-11-03T06:59:09.315-0600: 304649.736: [GC pause (G1 Evacuation Pause) (young) (initial-mark), 0.0131297 secs]
   [Parallel Time: 7.9 ms, GC Workers: 14]
      [GC Worker Start (ms): Min: 304649737.4, Avg: 304649737.5, Max: 304649737.7, Diff: 0.3]
      [Ext Root Scanning (ms): Min: 4.2, Avg: 4.4, Max: 4.5, Diff: 0.3, Sum: 61.2]
      [Update RS (ms): Min: 0.4, Avg: 0.6, Max: 0.9, Diff: 0.6, Sum: 7.8]
         [Processed Buffers: Min: 1, Avg: 4.5, Max: 14, Diff: 13, Sum: 63]
      [Scan RS (ms): Min: 0.0, Avg: 0.0, Max: 0.1, Diff: 0.1, Sum: 0.4]
      [Code Root Scanning (ms): Min: 0.0, Avg: 0.0, Max: 0.0, Diff: 0.0, Sum: 0.0]
      [Object Copy (ms): Min: 0.2, Avg: 0.6, Max: 0.7, Diff: 0.5, Sum: 8.5]
      [Termination (ms): Min: 0.0, Avg: 0.0, Max: 0.1, Diff: 0.1, Sum: 0.3]
         [Termination Attempts: Min: 7, Avg: 15.4, Max: 19, Diff: 12, Sum: 216]
      [GC Worker Other (ms): Min: 0.0, Avg: 0.0, Max: 0.1, Diff: 0.1, Sum: 0.6]
      [GC Worker Total (ms): Min: 5.5, Avg: 5.6, Max: 5.8, Diff: 0.4, Sum: 78.9]
      [GC Worker End (ms): Min: 304649743.1, Avg: 304649743.2, Max: 304649743.3, Diff: 0.1]
   [Code Root Fixup: 0.0 ms]
   [Code Root Purge: 0.0 ms]
   [Clear CT: 0.4 ms]
   [Other: 4.8 ms]
      [Choose CSet: 0.0 ms]
      [Ref Proc: 4.1 ms]
      [Ref Enq: 0.2 ms]
      [Redirty Cards: 0.2 ms]
      [Humongous Register: 0.0 ms]
      [Humongous Reclaim: 0.0 ms]
      [Free CSet: 0.2 ms]
   [Eden: 7152.0M(7152.0M)->0.0B(7152.0M) Survivors: 16384.0K->16384.0K Heap: 10627.7M(14336.0M)->3470.7M(14336.0M)]
 [Times: user=0.07 sys=0.00, real=0.01 secs] 
2022-11-03T06:59:09.328-0600: 304649.749: [GC concurrent-root-region-scan-start]
2022-11-03T06:59:09.332-0600: 304649.753: [GC concurrent-root-region-scan-end, 0.0040255 secs]
2022-11-03T06:59:09.332-0600: 304649.753: [GC concurrent-mark-start]
2022-11-03T06:59:10.020-0600: 304650.441: [GC concurrent-mark-end, 0.6877541 secs]
2022-11-03T06:59:10.020-0600: 304650.441: [GC remark 2022-11-03T06:59:10.020-0600: 304650.441: [Finalize Marking, 0.0013028 secs] 2022-11-03T06:59:10.022-0600: 304650.442: [GC ref-proc, 0.0099562 secs] 2022-11-03T06:59:10.032-0600: 304650.452: [Unloading, 0.0231438 secs], 0.0371591 secs]
 [Times: user=0.35 sys=0.00, real=0.03 secs] 
2022-11-03T06:59:10.058-0600: 304650.478: [GC cleanup 3526M->3526M(14336M), 0.0062733 secs]
 [Times: user=0.05 sys=0.00, real=0.01 secs] 
2022-11-03T07:01:21.974-0600: 304782.394: [GC pause (G1 Evacuation Pause) (young), 0.0105581 secs]
   [Parallel Time: 4.3 ms, GC Workers: 14]
      [GC Worker Start (ms): Min: 304782394.3, Avg: 304782395.1, Max: 304782396.6, Diff: 2.3]
      [Ext Root Scanning (ms): Min: 0.0, Avg: 0.7, Max: 3.9, Diff: 3.9, Sum: 9.5]
      [Update RS (ms): Min: 0.0, Avg: 0.5, Max: 1.0, Diff: 1.0, Sum: 6.5]
         [Processed Buffers: Min: 0, Avg: 4.4, Max: 26, Diff: 26, Sum: 62]
      [Scan RS (ms): Min: 0.0, Avg: 0.0, Max: 0.1, Diff: 0.1, Sum: 0.3]
      [Code Root Scanning (ms): Min: 0.0, Avg: 0.0, Max: 0.0, Diff: 0.0, Sum: 0.0]
      [Object Copy (ms): Min: 0.0, Avg: 0.4, Max: 0.7, Diff: 0.7, Sum: 5.6]
      [Termination (ms): Min: 0.0, Avg: 1.6, Max: 1.9, Diff: 1.9, Sum: 23.0]
         [Termination Attempts: Min: 1, Avg: 1.3, Max: 2, Diff: 1, Sum: 18]
      [GC Worker Other (ms): Min: 0.0, Avg: 0.0, Max: 0.0, Diff: 0.0, Sum: 0.1]
      [GC Worker Total (ms): Min: 1.7, Avg: 3.2, Max: 4.0, Diff: 2.3, Sum: 45.1]
      [GC Worker End (ms): Min: 304782398.3, Avg: 304782398.3, Max: 304782398.4, Diff: 0.1]
   [Code Root Fixup: 0.0 ms]
   [Code Root Purge: 0.0 ms]
   [Clear CT: 0.3 ms]
   [Other: 6.0 ms]
      [Choose CSet: 0.0 ms]
      [Ref Proc: 5.1 ms]
      [Ref Enq: 0.4 ms]
      [Redirty Cards: 0.2 ms]
      [Humongous Register: 0.0 ms]
      [Humongous Reclaim: 0.0 ms]
      [Free CSet: 0.2 ms]
   [Eden: 7152.0M(7152.0M)->0.0B(5712.0M) Survivors: 16384.0K->16384.0K Heap: 10622.7M(14336.0M)->3469.6M(14336.0M)]
 [Times: user=0.07 sys=0.00, real=0.01 secs] 
2022-11-03T07:03:07.366-0600: 304887.786: [GC pause (G1 Evacuation Pause) (mixed), 0.0111325 secs]
   [Parallel Time: 5.9 ms, GC Workers: 14]
      [GC Worker Start (ms): Min: 304887786.2, Avg: 304887786.3, Max: 304887786.3, Diff: 0.2]
      [Ext Root Scanning (ms): Min: 0.3, Avg: 0.8, Max: 5.5, Diff: 5.2, Sum: 11.1]
      [Update RS (ms): Min: 0.0, Avg: 0.3, Max: 0.5, Diff: 0.5, Sum: 4.0]
         [Processed Buffers: Min: 0, Avg: 3.3, Max: 26, Diff: 26, Sum: 46]
      [Scan RS (ms): Min: 0.0, Avg: 0.4, Max: 0.5, Diff: 0.5, Sum: 5.8]
      [Code Root Scanning (ms): Min: 0.0, Avg: 0.0, Max: 0.0, Diff: 0.0, Sum: 0.0]
      [Object Copy (ms): Min: 0.0, Avg: 0.9, Max: 1.0, Diff: 1.0, Sum: 13.2]
      [Termination (ms): Min: 0.0, Avg: 3.0, Max: 3.3, Diff: 3.3, Sum: 41.8]
         [Termination Attempts: Min: 1, Avg: 3.9, Max: 7, Diff: 6, Sum: 55]
      [GC Worker Other (ms): Min: 0.0, Avg: 0.0, Max: 0.0, Diff: 0.0, Sum: 0.1]
      [GC Worker Total (ms): Min: 5.3, Avg: 5.4, Max: 5.5, Diff: 0.2, Sum: 76.1]
      [GC Worker End (ms): Min: 304887791.7, Avg: 304887791.7, Max: 304887791.8, Diff: 0.1]
   [Code Root Fixup: 0.0 ms]
   [Code Root Purge: 0.0 ms]
   [Clear CT: 0.3 ms]
   [Other: 4.9 ms]
      [Choose CSet: 0.0 ms]
      [Ref Proc: 4.1 ms]
      [Ref Enq: 0.3 ms]
      [Redirty Cards: 0.2 ms]
      [Humongous Register: 0.0 ms]
      [Humongous Reclaim: 0.0 ms]
      [Free CSet: 0.2 ms]
   [Eden: 5712.0M(5712.0M)->0.0B(7152.0M) Survivors: 16384.0K->16384.0K Heap: 9181.6M(14336.0M)->3459.3M(14336.0M)]
 [Times: user=0.10 sys=0.01, real=0.01 secs] 
2022-11-03T07:05:17.920-0600: 305018.340: [GC pause (G1 Evacuation Pause) (young), 0.0118052 secs]
   [Parallel Time: 6.3 ms, GC Workers: 14]
      [GC Worker Start (ms): Min: 305018340.2, Avg: 305018340.4, Max: 305018340.5, Diff: 0.3]
      [Ext Root Scanning (ms): Min: 0.3, Avg: 0.9, Max: 5.8, Diff: 5.5, Sum: 12.4]
      [Update RS (ms): Min: 0.0, Avg: 1.2, Max: 1.6, Diff: 1.6, Sum: 16.4]
         [Processed Buffers: Min: 0, Avg: 6.8, Max: 25, Diff: 25, Sum: 95]
      [Scan RS (ms): Min: 0.0, Avg: 0.0, Max: 0.1, Diff: 0.1, Sum: 0.4]
      [Code Root Scanning (ms): Min: 0.0, Avg: 0.0, Max: 0.0, Diff: 0.0, Sum: 0.0]
      [Object Copy (ms): Min: 0.0, Avg: 0.6, Max: 0.8, Diff: 0.8, Sum: 8.8]
      [Termination (ms): Min: 0.0, Avg: 3.0, Max: 3.3, Diff: 3.3, Sum: 42.4]
         [Termination Attempts: Min: 1, Avg: 15.3, Max: 21, Diff: 20, Sum: 214]
      [GC Worker Other (ms): Min: 0.0, Avg: 0.0, Max: 0.0, Diff: 0.0, Sum: 0.1]
      [GC Worker Total (ms): Min: 5.6, Avg: 5.8, Max: 5.9, Diff: 0.3, Sum: 80.6]
      [GC Worker End (ms): Min: 305018346.1, Avg: 305018346.1, Max: 305018346.2, Diff: 0.1]
   [Code Root Fixup: 0.0 ms]
   [Code Root Purge: 0.0 ms]
   [Clear CT: 0.3 ms]
   [Other: 5.3 ms]
      [Choose CSet: 0.0 ms]
      [Ref Proc: 4.4 ms]
      [Ref Enq: 0.3 ms]
      [Redirty Cards: 0.2 ms]
      [Humongous Register: 0.0 ms]
      [Humongous Reclaim: 0.0 ms]
      [Free CSet: 0.2 ms]
   [Eden: 7152.0M(7152.0M)->0.0B(7152.0M) Survivors: 16384.0K->16384.0K Heap: 10611.3M(14336.0M)->3463.7M(14336.0M)]
 [Times: user=0.10 sys=0.00, real=0.01 secs] 
2022-11-03T07:07:29.968-0600: 305150.388: [GC pause (G1 Evacuation Pause) (young) (initial-mark), 0.0131307 secs]
   [Parallel Time: 8.0 ms, GC Workers: 14]
      [GC Worker Start (ms): Min: 305150389.5, Avg: 305150389.7, Max: 305150389.9, Diff: 0.4]
      [Ext Root Scanning (ms): Min: 4.9, Avg: 5.2, Max: 5.4, Diff: 0.5, Sum: 72.3]
      [Update RS (ms): Min: 0.2, Avg: 0.3, Max: 0.5, Diff: 0.3, Sum: 4.3]
         [Processed Buffers: Min: 1, Avg: 3.4, Max: 15, Diff: 14, Sum: 47]
      [Scan RS (ms): Min: 0.0, Avg: 0.0, Max: 0.1, Diff: 0.1, Sum: 0.4]
      [Code Root Scanning (ms): Min: 0.0, Avg: 0.0, Max: 0.0, Diff: 0.0, Sum: 0.0]
      [Object Copy (ms): Min: 0.3, Avg: 0.5, Max: 0.5, Diff: 0.2, Sum: 6.7]
      [Termination (ms): Min: 0.0, Avg: 0.0, Max: 0.0, Diff: 0.0, Sum: 0.0]
         [Termination Attempts: Min: 1, Avg: 4.9, Max: 7, Diff: 6, Sum: 68]
      [GC Worker Other (ms): Min: 0.0, Avg: 0.1, Max: 0.2, Diff: 0.2, Sum: 0.9]
      [GC Worker Total (ms): Min: 5.8, Avg: 6.0, Max: 6.3, Diff: 0.5, Sum: 84.7]
      [GC Worker End (ms): Min: 305150395.7, Avg: 305150395.7, Max: 305150395.8, Diff: 0.2]
   [Code Root Fixup: 0.0 ms]
   [Code Root Purge: 0.0 ms]
   [Clear CT: 0.4 ms]
   [Other: 4.8 ms]
      [Choose CSet: 0.0 ms]
      [Ref Proc: 4.0 ms]
      [Ref Enq: 0.2 ms]
      [Redirty Cards: 0.2 ms]
      [Humongous Register: 0.0 ms]
      [Humongous Reclaim: 0.0 ms]
      [Free CSet: 0.2 ms]
   [Eden: 7152.0M(7152.0M)->0.0B(7152.0M) Survivors: 16384.0K->16384.0K Heap: 10615.7M(14336.0M)->3464.5M(14336.0M)]
 [Times: user=0.08 sys=0.01, real=0.02 secs] 
2022-11-03T07:07:29.981-0600: 305150.401: [GC concurrent-root-region-scan-start]
2022-11-03T07:07:29.985-0600: 305150.405: [GC concurrent-root-region-scan-end, 0.0041173 secs]
2022-11-03T07:07:29.985-0600: 305150.405: [GC concurrent-mark-start]
2022-11-03T07:07:30.690-0600: 305151.110: [GC concurrent-mark-end, 0.7052275 secs]
2022-11-03T07:07:30.690-0600: 305151.111: [GC remark 2022-11-03T07:07:30.690-0600: 305151.111: [Finalize Marking, 0.0006113 secs] 2022-11-03T07:07:30.691-0600: 305151.111: [GC ref-proc, 0.0074629 secs] 2022-11-03T07:07:30.698-0600: 305151.119: [Unloading, 0.0230838 secs], 0.0333253 secs]
 [Times: user=0.34 sys=0.00, real=0.04 secs] 
2022-11-03T07:07:30.724-0600: 305151.144: [GC cleanup 3544M->3544M(14336M), 0.0066536 secs]
 [Times: user=0.05 sys=0.00, real=0.00 secs] 
2022-11-03T07:09:38.979-0600: 305279.399: [GC pause (G1 Evacuation Pause) (young), 0.0115008 secs]
   [Parallel Time: 5.7 ms, GC Workers: 14]
      [GC Worker Start (ms): Min: 305279399.4, Avg: 305279399.6, Max: 305279399.8, Diff: 0.4]
      [Ext Root Scanning (ms): Min: 0.2, Avg: 0.8, Max: 5.3, Diff: 5.1, Sum: 11.3]
      [Update RS (ms): Min: 0.0, Avg: 0.4, Max: 0.7, Diff: 0.7, Sum: 5.1]
         [Processed Buffers: Min: 0, Avg: 3.7, Max: 22, Diff: 22, Sum: 52]
      [Scan RS (ms): Min: 0.0, Avg: 0.0, Max: 0.1, Diff: 0.1, Sum: 0.4]
      [Code Root Scanning (ms): Min: 0.0, Avg: 0.0, Max: 0.0, Diff: 0.0, Sum: 0.0]
      [Object Copy (ms): Min: 0.0, Avg: 0.7, Max: 0.8, Diff: 0.8, Sum: 10.0]
      [Termination (ms): Min: 0.0, Avg: 3.3, Max: 3.6, Diff: 3.6, Sum: 46.5]
         [Termination Attempts: Min: 1, Avg: 8.9, Max: 13, Diff: 12, Sum: 124]
      [GC Worker Other (ms): Min: 0.0, Avg: 0.0, Max: 0.0, Diff: 0.0, Sum: 0.1]
      [GC Worker Total (ms): Min: 5.0, Avg: 5.2, Max: 5.4, Diff: 0.4, Sum: 73.4]
      [GC Worker End (ms): Min: 305279404.8, Avg: 305279404.8, Max: 305279404.8, Diff: 0.1]
   [Code Root Fixup: 0.0 ms]
   [Code Root Purge: 0.0 ms]
   [Clear CT: 0.4 ms]
   [Other: 5.3 ms]
      [Choose CSet: 0.0 ms]
      [Ref Proc: 4.5 ms]
      [Ref Enq: 0.3 ms]
      [Redirty Cards: 0.2 ms]
      [Humongous Register: 0.0 ms]
      [Humongous Reclaim: 0.0 ms]
      [Free CSet: 0.2 ms]
   [Eden: 7152.0M(7152.0M)->0.0B(7152.0M) Survivors: 16384.0K->16384.0K Heap: 10616.5M(14336.0M)->3466.5M(14336.0M)]
 [Times: user=0.09 sys=0.00, real=0.01 secs] 
2022-11-03T07:11:49.055-0600: 305409.476: [GC pause (G1 Evacuation Pause) (young), 0.0074004 secs]
   [Parallel Time: 3.1 ms, GC Workers: 14]
      [GC Worker Start (ms): Min: 305409475.6, Avg: 305409475.7, Max: 305409475.9, Diff: 0.2]
      [Ext Root Scanning (ms): Min: 0.3, Avg: 0.6, Max: 3.0, Diff: 2.7, Sum: 8.5]
      [Update RS (ms): Min: 0.0, Avg: 0.3, Max: 0.6, Diff: 0.6, Sum: 4.9]
         [Processed Buffers: Min: 0, Avg: 3.3, Max: 17, Diff: 17, Sum: 46]
      [Scan RS (ms): Min: 0.0, Avg: 0.0, Max: 0.1, Diff: 0.1, Sum: 0.4]
      [Code Root Scanning (ms): Min: 0.0, Avg: 0.0, Max: 0.0, Diff: 0.0, Sum: 0.0]
      [Object Copy (ms): Min: 0.0, Avg: 0.4, Max: 0.5, Diff: 0.5, Sum: 5.7]
      [Termination (ms): Min: 0.0, Avg: 1.5, Max: 1.6, Diff: 1.6, Sum: 20.8]
         [Termination Attempts: Min: 1, Avg: 5.3, Max: 9, Diff: 8, Sum: 74]
      [GC Worker Other (ms): Min: 0.0, Avg: 0.0, Max: 0.0, Diff: 0.0, Sum: 0.1]
      [GC Worker Total (ms): Min: 2.8, Avg: 2.9, Max: 3.0, Diff: 0.2, Sum: 40.5]
      [GC Worker End (ms): Min: 305409478.6, Avg: 305409478.6, Max: 305409478.7, Diff: 0.1]
   [Code Root Fixup: 0.0 ms]
   [Code Root Purge: 0.0 ms]
   [Clear CT: 0.2 ms]
   [Other: 4.1 ms]
      [Choose CSet: 0.0 ms]
      [Ref Proc: 3.3 ms]
      [Ref Enq: 0.3 ms]
      [Redirty Cards: 0.2 ms]
      [Humongous Register: 0.0 ms]
      [Humongous Reclaim: 0.0 ms]
      [Free CSet: 0.2 ms]
   [Eden: 7152.0M(7152.0M)->0.0B(7152.0M) Survivors: 16384.0K->16384.0K Heap: 10618.5M(14336.0M)->3467.4M(14336.0M)]
 [Times: user=0.06 sys=0.00, real=0.01 secs] 
2022-11-03T07:13:58.467-0600: 305538.888: [GC pause (G1 Evacuation Pause) (young) (initial-mark), 0.0120113 secs]
   [Parallel Time: 6.9 ms, GC Workers: 14]
      [GC Worker Start (ms): Min: 305538889.0, Avg: 305538889.1, Max: 305538889.3, Diff: 0.3]
      [Ext Root Scanning (ms): Min: 4.3, Avg: 4.5, Max: 4.7, Diff: 0.3, Sum: 63.3]
      [Update RS (ms): Min: 0.2, Avg: 0.3, Max: 0.5, Diff: 0.2, Sum: 4.5]
         [Processed Buffers: Min: 1, Avg: 3.6, Max: 12, Diff: 11, Sum: 51]
      [Scan RS (ms): Min: 0.0, Avg: 0.0, Max: 0.0, Diff: 0.0, Sum: 0.3]
      [Code Root Scanning (ms): Min: 0.0, Avg: 0.0, Max: 0.0, Diff: 0.0, Sum: 0.0]
      [Object Copy (ms): Min: 0.4, Avg: 0.5, Max: 0.5, Diff: 0.1, Sum: 6.3]
      [Termination (ms): Min: 0.0, Avg: 0.0, Max: 0.0, Diff: 0.0, Sum: 0.1]
         [Termination Attempts: Min: 4, Avg: 6.8, Max: 9, Diff: 5, Sum: 95]
      [GC Worker Other (ms): Min: 0.0, Avg: 0.1, Max: 0.1, Diff: 0.1, Sum: 0.8]
      [GC Worker Total (ms): Min: 5.2, Avg: 5.4, Max: 5.5, Diff: 0.3, Sum: 75.4]
      [GC Worker End (ms): Min: 305538894.4, Avg: 305538894.5, Max: 305538894.6, Diff: 0.1]
   [Code Root Fixup: 0.0 ms]
   [Code Root Purge: 0.0 ms]
   [Clear CT: 0.5 ms]
   [Other: 4.6 ms]
      [Choose CSet: 0.0 ms]
      [Ref Proc: 3.9 ms]
      [Ref Enq: 0.2 ms]
      [Redirty Cards: 0.2 ms]
      [Humongous Register: 0.0 ms]
      [Humongous Reclaim: 0.0 ms]
      [Free CSet: 0.2 ms]
   [Eden: 7152.0M(7152.0M)->0.0B(7152.0M) Survivors: 16384.0K->16384.0K Heap: 10619.4M(14336.0M)->3465.3M(14336.0M)]
 [Times: user=0.07 sys=0.00, real=0.01 secs] 
2022-11-03T07:13:58.480-0600: 305538.900: [GC concurrent-root-region-scan-start]
2022-11-03T07:13:58.483-0600: 305538.904: [GC concurrent-root-region-scan-end, 0.0039048 secs]
2022-11-03T07:13:58.483-0600: 305538.904: [GC concurrent-mark-start]
2022-11-03T07:13:59.176-0600: 305539.596: [GC concurrent-mark-end, 0.6922004 secs]
2022-11-03T07:13:59.176-0600: 305539.596: [GC remark 2022-11-03T07:13:59.176-0600: 305539.596: [Finalize Marking, 0.0006677 secs] 2022-11-03T07:13:59.177-0600: 305539.597: [GC ref-proc, 0.0083909 secs] 2022-11-03T07:13:59.185-0600: 305539.605: [Unloading, 0.0212997 secs], 0.0329605 secs]
 [Times: user=0.31 sys=0.00, real=0.03 secs] 
2022-11-03T07:13:59.209-0600: 305539.630: [GC cleanup 3521M->3521M(14336M), 0.0067202 secs]
 [Times: user=0.05 sys=0.00, real=0.01 secs] 
2022-11-03T07:16:11.719-0600: 305672.140: [GC pause (G1 Evacuation Pause) (young), 0.0093618 secs]
   [Parallel Time: 4.0 ms, GC Workers: 14]
      [GC Worker Start (ms): Min: 305672139.6, Avg: 305672139.8, Max: 305672139.9, Diff: 0.3]
      [Ext Root Scanning (ms): Min: 0.3, Avg: 0.7, Max: 3.6, Diff: 3.3, Sum: 9.7]
      [Update RS (ms): Min: 0.0, Avg: 0.3, Max: 0.5, Diff: 0.5, Sum: 4.4]
         [Processed Buffers: Min: 0, Avg: 3.9, Max: 18, Diff: 18, Sum: 55]
      [Scan RS (ms): Min: 0.0, Avg: 0.0, Max: 0.1, Diff: 0.1, Sum: 0.4]
      [Code Root Scanning (ms): Min: 0.0, Avg: 0.0, Max: 0.0, Diff: 0.0, Sum: 0.0]
      [Object Copy (ms): Min: 0.0, Avg: 0.5, Max: 0.7, Diff: 0.7, Sum: 7.6]
      [Termination (ms): Min: 0.0, Avg: 1.9, Max: 2.1, Diff: 2.1, Sum: 26.7]
         [Termination Attempts: Min: 1, Avg: 6.1, Max: 14, Diff: 13, Sum: 86]
      [GC Worker Other (ms): Min: 0.0, Avg: 0.0, Max: 0.0, Diff: 0.0, Sum: 0.1]
      [GC Worker Total (ms): Min: 3.3, Avg: 3.5, Max: 3.6, Diff: 0.3, Sum: 48.8]
      [GC Worker End (ms): Min: 305672143.2, Avg: 305672143.3, Max: 305672143.3, Diff: 0.1]
   [Code Root Fixup: 0.0 ms]
   [Code Root Purge: 0.0 ms]
   [Clear CT: 0.5 ms]
   [Other: 4.9 ms]
      [Choose CSet: 0.0 ms]
      [Ref Proc: 4.1 ms]
      [Ref Enq: 0.2 ms]
      [Redirty Cards: 0.2 ms]
      [Humongous Register: 0.0 ms]
      [Humongous Reclaim: 0.0 ms]
      [Free CSet: 0.2 ms]
   [Eden: 7152.0M(7152.0M)->0.0B(7152.0M) Survivors: 16384.0K->16384.0K Heap: 10617.3M(14336.0M)->3466.2M(14336.0M)]
 [Times: user=0.07 sys=0.00, real=0.01 secs] 
2022-11-03T07:18:21.765-0600: 305802.185: [GC pause (G1 Evacuation Pause) (young), 0.0095300 secs]
   [Parallel Time: 4.0 ms, GC Workers: 14]
      [GC Worker Start (ms): Min: 305802185.2, Avg: 305802185.3, Max: 305802185.5, Diff: 0.3]
      [Ext Root Scanning (ms): Min: 0.3, Avg: 0.7, Max: 3.5, Diff: 3.2, Sum: 9.4]
      [Update RS (ms): Min: 0.0, Avg: 0.3, Max: 0.7, Diff: 0.7, Sum: 4.9]
         [Processed Buffers: Min: 0, Avg: 3.8, Max: 18, Diff: 18, Sum: 53]
      [Scan RS (ms): Min: 0.0, Avg: 0.0, Max: 0.1, Diff: 0.1, Sum: 0.4]
      [Code Root Scanning (ms): Min: 0.0, Avg: 0.0, Max: 0.0, Diff: 0.0, Sum: 0.0]
      [Object Copy (ms): Min: 0.0, Avg: 0.5, Max: 0.6, Diff: 0.6, Sum: 6.3]
      [Termination (ms): Min: 0.0, Avg: 1.9, Max: 2.1, Diff: 2.1, Sum: 26.9]
         [Termination Attempts: Min: 1, Avg: 2.7, Max: 5, Diff: 4, Sum: 38]
      [GC Worker Other (ms): Min: 0.0, Avg: 0.0, Max: 0.0, Diff: 0.0, Sum: 0.1]
      [GC Worker Total (ms): Min: 3.2, Avg: 3.4, Max: 3.5, Diff: 0.3, Sum: 47.9]
      [GC Worker End (ms): Min: 305802188.7, Avg: 305802188.7, Max: 305802188.8, Diff: 0.1]
   [Code Root Fixup: 0.0 ms]
   [Code Root Purge: 0.0 ms]
   [Clear CT: 0.3 ms]
   [Other: 5.3 ms]
      [Choose CSet: 0.0 ms]
      [Ref Proc: 4.5 ms]
      [Ref Enq: 0.3 ms]
      [Redirty Cards: 0.2 ms]
      [Humongous Register: 0.0 ms]
      [Humongous Reclaim: 0.0 ms]
      [Free CSet: 0.2 ms]
   [Eden: 7152.0M(7152.0M)->0.0B(7152.0M) Survivors: 16384.0K->16384.0K Heap: 10618.2M(14336.0M)->3467.6M(14336.0M)]
 [Times: user=0.07 sys=0.00, real=0.01 secs] 
2022-11-03T07:20:32.083-0600: 305932.503: [GC pause (G1 Evacuation Pause) (young) (initial-mark), 0.0686117 secs]
   [Parallel Time: 14.8 ms, GC Workers: 14]
      [GC Worker Start (ms): Min: 305932504.9, Avg: 305932505.0, Max: 305932505.1, Diff: 0.2]
      [Ext Root Scanning (ms): Min: 5.7, Avg: 5.8, Max: 5.9, Diff: 0.2, Sum: 81.2]
      [Update RS (ms): Min: 0.3, Avg: 0.4, Max: 0.7, Diff: 0.4, Sum: 5.4]
         [Processed Buffers: Min: 1, Avg: 3.6, Max: 16, Diff: 15, Sum: 51]
      [Scan RS (ms): Min: 0.0, Avg: 0.0, Max: 0.1, Diff: 0.1, Sum: 0.4]
      [Code Root Scanning (ms): Min: 0.0, Avg: 0.0, Max: 0.0, Diff: 0.0, Sum: 0.0]
      [Object Copy (ms): Min: 0.3, Avg: 0.5, Max: 0.6, Diff: 0.3, Sum: 7.1]
      [Termination (ms): Min: 0.0, Avg: 0.0, Max: 0.0, Diff: 0.0, Sum: 0.1]
         [Termination Attempts: Min: 1, Avg: 9.4, Max: 16, Diff: 15, Sum: 131]
      [GC Worker Other (ms): Min: 0.0, Avg: 0.1, Max: 0.1, Diff: 0.1, Sum: 0.9]
      [GC Worker Total (ms): Min: 6.7, Avg: 6.8, Max: 6.9, Diff: 0.2, Sum: 95.2]
      [GC Worker End (ms): Min: 305932511.8, Avg: 305932511.8, Max: 305932511.9, Diff: 0.1]
   [Code Root Fixup: 0.0 ms]
   [Code Root Purge: 0.0 ms]
   [Clear CT: 0.4 ms]
   [Other: 53.4 ms]
      [Choose CSet: 0.0 ms]
      [Ref Proc: 52.7 ms]
      [Ref Enq: 0.2 ms]
      [Redirty Cards: 0.2 ms]
      [Humongous Register: 0.0 ms]
      [Humongous Reclaim: 0.0 ms]
      [Free CSet: 0.2 ms]
   [Eden: 7152.0M(7152.0M)->0.0B(7152.0M) Survivors: 16384.0K->16384.0K Heap: 10619.6M(14336.0M)->3466.0M(14336.0M)]
 [Times: user=0.31 sys=0.00, real=0.06 secs] 
2022-11-03T07:20:32.152-0600: 305932.572: [GC concurrent-root-region-scan-start]
2022-11-03T07:20:32.156-0600: 305932.576: [GC concurrent-root-region-scan-end, 0.0043993 secs]
2022-11-03T07:20:32.156-0600: 305932.576: [GC concurrent-mark-start]
2022-11-03T07:20:32.850-0600: 305933.270: [GC concurrent-mark-end, 0.6935882 secs]
2022-11-03T07:20:32.850-0600: 305933.271: [GC remark 2022-11-03T07:20:32.850-0600: 305933.271: [Finalize Marking, 0.0024901 secs] 2022-11-03T07:20:32.853-0600: 305933.273: [GC ref-proc, 0.0137886 secs] 2022-11-03T07:20:32.867-0600: 305933.287: [Unloading, 0.0268607 secs], 0.0455582 secs]
 [Times: user=0.42 sys=0.00, real=0.05 secs] 
2022-11-03T07:20:32.897-0600: 305933.317: [GC cleanup 3505M->3505M(14336M), 0.0079598 secs]
 [Times: user=0.06 sys=0.00, real=0.01 secs] 
2022-11-03T07:22:42.515-0600: 306062.935: [GC pause (G1 Evacuation Pause) (young), 0.0125556 secs]
   [Parallel Time: 5.8 ms, GC Workers: 14]
      [GC Worker Start (ms): Min: 306062935.5, Avg: 306062935.7, Max: 306062935.9, Diff: 0.3]
      [Ext Root Scanning (ms): Min: 0.3, Avg: 0.8, Max: 4.8, Diff: 4.5, Sum: 11.8]
      [Update RS (ms): Min: 0.0, Avg: 0.4, Max: 0.7, Diff: 0.7, Sum: 5.8]
         [Processed Buffers: Min: 0, Avg: 3.8, Max: 15, Diff: 15, Sum: 53]
      [Scan RS (ms): Min: 0.0, Avg: 0.0, Max: 0.1, Diff: 0.1, Sum: 0.4]
      [Code Root Scanning (ms): Min: 0.0, Avg: 0.0, Max: 0.0, Diff: 0.0, Sum: 0.0]
      [Object Copy (ms): Min: 0.0, Avg: 0.6, Max: 0.8, Diff: 0.8, Sum: 8.4]
      [Termination (ms): Min: 0.0, Avg: 2.9, Max: 3.3, Diff: 3.3, Sum: 40.2]
         [Termination Attempts: Min: 1, Avg: 13.6, Max: 20, Diff: 19, Sum: 191]
      [GC Worker Other (ms): Min: 0.0, Avg: 0.0, Max: 0.0, Diff: 0.0, Sum: 0.1]
      [GC Worker Total (ms): Min: 4.6, Avg: 4.8, Max: 5.0, Diff: 0.4, Sum: 66.7]
      [GC Worker End (ms): Min: 306062940.4, Avg: 306062940.5, Max: 306062940.7, Diff: 0.3]
   [Code Root Fixup: 0.0 ms]
   [Code Root Purge: 0.0 ms]
   [Clear CT: 0.5 ms]
   [Other: 6.2 ms]
      [Choose CSet: 0.0 ms]
      [Ref Proc: 5.2 ms]
      [Ref Enq: 0.3 ms]
      [Redirty Cards: 0.2 ms]
      [Humongous Register: 0.0 ms]
      [Humongous Reclaim: 0.0 ms]
      [Free CSet: 0.3 ms]
   [Eden: 7152.0M(7152.0M)->0.0B(7152.0M) Survivors: 16384.0K->16384.0K Heap: 10618.0M(14336.0M)->3466.6M(14336.0M)]
 [Times: user=0.09 sys=0.00, real=0.01 secs] 
2022-11-03T07:24:52.916-0600: 306193.336: [GC pause (G1 Evacuation Pause) (young), 0.0101700 secs]
   [Parallel Time: 5.3 ms, GC Workers: 14]
      [GC Worker Start (ms): Min: 306193336.3, Avg: 306193336.5, Max: 306193336.6, Diff: 0.3]
      [Ext Root Scanning (ms): Min: 0.3, Avg: 0.8, Max: 4.7, Diff: 4.4, Sum: 10.7]
      [Update RS (ms): Min: 0.0, Avg: 0.3, Max: 0.6, Diff: 0.6, Sum: 4.5]
         [Processed Buffers: Min: 0, Avg: 3.6, Max: 13, Diff: 13, Sum: 50]
      [Scan RS (ms): Min: 0.0, Avg: 0.0, Max: 0.1, Diff: 0.1, Sum: 0.4]
      [Code Root Scanning (ms): Min: 0.0, Avg: 0.0, Max: 0.0, Diff: 0.0, Sum: 0.0]
      [Object Copy (ms): Min: 0.0, Avg: 0.5, Max: 0.7, Diff: 0.7, Sum: 7.4]
      [Termination (ms): Min: 0.0, Avg: 3.0, Max: 3.3, Diff: 3.3, Sum: 41.3]
         [Termination Attempts: Min: 1, Avg: 2.6, Max: 6, Diff: 5, Sum: 37]
      [GC Worker Other (ms): Min: 0.0, Avg: 0.0, Max: 0.0, Diff: 0.0, Sum: 0.1]
      [GC Worker Total (ms): Min: 4.4, Avg: 4.6, Max: 4.8, Diff: 0.3, Sum: 64.4]
      [GC Worker End (ms): Min: 306193341.0, Avg: 306193341.1, Max: 306193341.2, Diff: 0.1]
   [Code Root Fixup: 0.0 ms]
   [Code Root Purge: 0.0 ms]
   [Clear CT: 0.3 ms]
   [Other: 4.5 ms]
      [Choose CSet: 0.0 ms]
      [Ref Proc: 3.7 ms]
      [Ref Enq: 0.2 ms]
      [Redirty Cards: 0.2 ms]
      [Humongous Register: 0.0 ms]
      [Humongous Reclaim: 0.0 ms]
      [Free CSet: 0.2 ms]
   [Eden: 7152.0M(7152.0M)->0.0B(7152.0M) Survivors: 16384.0K->16384.0K Heap: 10618.6M(14336.0M)->3468.9M(14336.0M)]
 [Times: user=0.08 sys=0.00, real=0.01 secs] 
2022-11-03T07:27:01.965-0600: 306322.385: [GC pause (G1 Evacuation Pause) (young) (initial-mark), 0.0123765 secs]
   [Parallel Time: 7.1 ms, GC Workers: 14]
      [GC Worker Start (ms): Min: 306322386.8, Avg: 306322386.9, Max: 306322387.0, Diff: 0.3]
      [Ext Root Scanning (ms): Min: 4.1, Avg: 4.2, Max: 4.4, Diff: 0.3, Sum: 58.8]
      [Update RS (ms): Min: 0.2, Avg: 0.3, Max: 0.4, Diff: 0.2, Sum: 4.5]
         [Processed Buffers: Min: 1, Avg: 3.3, Max: 16, Diff: 15, Sum: 46]
      [Scan RS (ms): Min: 0.0, Avg: 0.0, Max: 0.1, Diff: 0.1, Sum: 0.4]
      [Code Root Scanning (ms): Min: 0.0, Avg: 0.0, Max: 0.0, Diff: 0.0, Sum: 0.0]
      [Object Copy (ms): Min: 0.3, Avg: 0.4, Max: 0.5, Diff: 0.2, Sum: 5.9]
      [Termination (ms): Min: 0.0, Avg: 0.0, Max: 0.0, Diff: 0.0, Sum: 0.0]
         [Termination Attempts: Min: 1, Avg: 3.6, Max: 6, Diff: 5, Sum: 50]
      [GC Worker Other (ms): Min: 0.0, Avg: 0.1, Max: 0.2, Diff: 0.2, Sum: 1.4]
      [GC Worker Total (ms): Min: 4.9, Avg: 5.1, Max: 5.3, Diff: 0.4, Sum: 71.0]
      [GC Worker End (ms): Min: 306322391.9, Avg: 306322392.0, Max: 306322392.1, Diff: 0.2]
   [Code Root Fixup: 0.0 ms]
   [Code Root Purge: 0.0 ms]
   [Clear CT: 0.5 ms]
   [Other: 4.8 ms]
      [Choose CSet: 0.0 ms]
      [Ref Proc: 3.8 ms]
      [Ref Enq: 0.3 ms]
      [Redirty Cards: 0.3 ms]
      [Humongous Register: 0.0 ms]
      [Humongous Reclaim: 0.0 ms]
      [Free CSet: 0.2 ms]
   [Eden: 7152.0M(7152.0M)->0.0B(7152.0M) Survivors: 16384.0K->16384.0K Heap: 10620.9M(14336.0M)->3467.2M(14336.0M)]
 [Times: user=0.06 sys=0.01, real=0.01 secs] 
2022-11-03T07:27:01.977-0600: 306322.398: [GC concurrent-root-region-scan-start]
2022-11-03T07:27:01.983-0600: 306322.403: [GC concurrent-root-region-scan-end, 0.0054957 secs]
2022-11-03T07:27:01.983-0600: 306322.403: [GC concurrent-mark-start]
2022-11-03T07:27:02.699-0600: 306323.119: [GC concurrent-mark-end, 0.7160496 secs]
2022-11-03T07:27:02.699-0600: 306323.119: [GC remark 2022-11-03T07:27:02.699-0600: 306323.119: [Finalize Marking, 0.0006286 secs] 2022-11-03T07:27:02.700-0600: 306323.120: [GC ref-proc, 0.0090839 secs] 2022-11-03T07:27:02.709-0600: 306323.129: [Unloading, 0.0218581 secs], 0.0342659 secs]
 [Times: user=0.33 sys=0.00, real=0.04 secs] 
2022-11-03T07:27:02.734-0600: 306323.154: [GC cleanup 3523M->3523M(14336M), 0.0063901 secs]
 [Times: user=0.05 sys=0.00, real=0.00 secs] 
2022-11-03T07:29:10.870-0600: 306451.290: [GC pause (G1 Evacuation Pause) (young), 0.0088576 secs]
   [Parallel Time: 3.3 ms, GC Workers: 14]
      [GC Worker Start (ms): Min: 306451290.5, Avg: 306451290.7, Max: 306451290.8, Diff: 0.3]
      [Ext Root Scanning (ms): Min: 0.3, Avg: 0.7, Max: 3.2, Diff: 2.9, Sum: 9.7]
      [Update RS (ms): Min: 0.0, Avg: 0.3, Max: 0.6, Diff: 0.6, Sum: 4.4]
         [Processed Buffers: Min: 0, Avg: 4.1, Max: 11, Diff: 11, Sum: 57]
      [Scan RS (ms): Min: 0.0, Avg: 0.0, Max: 0.1, Diff: 0.1, Sum: 0.3]
      [Code Root Scanning (ms): Min: 0.0, Avg: 0.0, Max: 0.0, Diff: 0.0, Sum: 0.0]
      [Object Copy (ms): Min: 0.0, Avg: 0.5, Max: 0.6, Diff: 0.6, Sum: 7.0]
      [Termination (ms): Min: 0.0, Avg: 1.6, Max: 1.8, Diff: 1.8, Sum: 22.5]
         [Termination Attempts: Min: 1, Avg: 11.1, Max: 17, Diff: 16, Sum: 156]
      [GC Worker Other (ms): Min: 0.0, Avg: 0.0, Max: 0.0, Diff: 0.0, Sum: 0.1]
      [GC Worker Total (ms): Min: 3.0, Avg: 3.1, Max: 3.3, Diff: 0.3, Sum: 44.1]
      [GC Worker End (ms): Min: 306451293.8, Avg: 306451293.8, Max: 306451293.8, Diff: 0.1]
   [Code Root Fixup: 0.0 ms]
   [Code Root Purge: 0.0 ms]
   [Clear CT: 0.2 ms]
   [Other: 5.3 ms]
      [Choose CSet: 0.0 ms]
      [Ref Proc: 4.4 ms]
      [Ref Enq: 0.3 ms]
      [Redirty Cards: 0.2 ms]
      [Humongous Register: 0.0 ms]
      [Humongous Reclaim: 0.0 ms]
      [Free CSet: 0.2 ms]
   [Eden: 7152.0M(7152.0M)->0.0B(7152.0M) Survivors: 16384.0K->16384.0K Heap: 10619.2M(14336.0M)->3466.9M(14336.0M)]
 [Times: user=0.06 sys=0.00, real=0.01 secs] 
2022-11-03T07:31:22.169-0600: 306582.589: [GC pause (G1 Evacuation Pause) (young), 0.0103729 secs]
   [Parallel Time: 4.7 ms, GC Workers: 14]
      [GC Worker Start (ms): Min: 306582588.9, Avg: 306582589.0, Max: 306582589.1, Diff: 0.2]
      [Ext Root Scanning (ms): Min: 0.3, Avg: 0.8, Max: 4.3, Diff: 4.0, Sum: 10.6]
      [Update RS (ms): Min: 0.0, Avg: 0.3, Max: 0.6, Diff: 0.6, Sum: 4.0]
         [Processed Buffers: Min: 0, Avg: 3.2, Max: 11, Diff: 11, Sum: 45]
      [Scan RS (ms): Min: 0.0, Avg: 0.0, Max: 0.1, Diff: 0.0, Sum: 0.4]
      [Code Root Scanning (ms): Min: 0.0, Avg: 0.0, Max: 0.0, Diff: 0.0, Sum: 0.0]
      [Object Copy (ms): Min: 0.0, Avg: 0.3, Max: 0.5, Diff: 0.5, Sum: 4.9]
      [Termination (ms): Min: 0.0, Avg: 2.8, Max: 3.1, Diff: 3.1, Sum: 39.3]
         [Termination Attempts: Min: 1, Avg: 1.0, Max: 1, Diff: 0, Sum: 14]
      [GC Worker Other (ms): Min: 0.0, Avg: 0.0, Max: 0.0, Diff: 0.0, Sum: 0.1]
      [GC Worker Total (ms): Min: 4.1, Avg: 4.2, Max: 4.3, Diff: 0.2, Sum: 59.3]
      [GC Worker End (ms): Min: 306582593.2, Avg: 306582593.3, Max: 306582593.4, Diff: 0.1]
   [Code Root Fixup: 0.0 ms]
   [Code Root Purge: 0.0 ms]
   [Clear CT: 0.3 ms]
   [Other: 5.3 ms]
      [Choose CSet: 0.0 ms]
      [Ref Proc: 4.7 ms]
      [Ref Enq: 0.2 ms]
      [Redirty Cards: 0.2 ms]
      [Humongous Register: 0.0 ms]
      [Humongous Reclaim: 0.0 ms]
      [Free CSet: 0.1 ms]
   [Eden: 7152.0M(7152.0M)->0.0B(7152.0M) Survivors: 16384.0K->16384.0K Heap: 10618.9M(14336.0M)->3466.3M(14336.0M)]
 [Times: user=0.08 sys=0.00, real=0.01 secs] 
2022-11-03T07:33:30.017-0600: 306710.438: [GC pause (G1 Evacuation Pause) (young) (initial-mark), 0.0131856 secs]
   [Parallel Time: 8.7 ms, GC Workers: 14]
      [GC Worker Start (ms): Min: 306710439.5, Avg: 306710439.8, Max: 306710440.0, Diff: 0.5]
      [Ext Root Scanning (ms): Min: 4.7, Avg: 5.0, Max: 5.3, Diff: 0.6, Sum: 69.5]
      [Update RS (ms): Min: 0.2, Avg: 0.4, Max: 0.7, Diff: 0.5, Sum: 5.9]
         [Processed Buffers: Min: 1, Avg: 3.5, Max: 13, Diff: 12, Sum: 49]
      [Scan RS (ms): Min: 0.0, Avg: 0.0, Max: 0.1, Diff: 0.1, Sum: 0.5]
      [Code Root Scanning (ms): Min: 0.0, Avg: 0.0, Max: 0.0, Diff: 0.0, Sum: 0.0]
      [Object Copy (ms): Min: 0.3, Avg: 0.6, Max: 0.8, Diff: 0.4, Sum: 8.9]
      [Termination (ms): Min: 0.0, Avg: 0.0, Max: 0.0, Diff: 0.0, Sum: 0.1]
         [Termination Attempts: Min: 1, Avg: 7.9, Max: 14, Diff: 13, Sum: 110]
      [GC Worker Other (ms): Min: 0.0, Avg: 0.1, Max: 0.3, Diff: 0.3, Sum: 1.5]
      [GC Worker Total (ms): Min: 5.8, Avg: 6.2, Max: 6.5, Diff: 0.7, Sum: 86.5]
      [GC Worker End (ms): Min: 306710445.8, Avg: 306710445.9, Max: 306710446.1, Diff: 0.3]
   [Code Root Fixup: 0.0 ms]
   [Code Root Purge: 0.0 ms]
   [Clear CT: 0.3 ms]
   [Other: 4.1 ms]
      [Choose CSet: 0.0 ms]
      [Ref Proc: 3.4 ms]
      [Ref Enq: 0.3 ms]
      [Redirty Cards: 0.2 ms]
      [Humongous Register: 0.0 ms]
      [Humongous Reclaim: 0.0 ms]
      [Free CSet: 0.1 ms]
   [Eden: 7152.0M(7152.0M)->0.0B(7152.0M) Survivors: 16384.0K->16384.0K Heap: 10618.3M(14336.0M)->3467.5M(14336.0M)]
 [Times: user=0.09 sys=0.00, real=0.01 secs] 
2022-11-03T07:33:30.031-0600: 306710.451: [GC concurrent-root-region-scan-start]
2022-11-03T07:33:30.036-0600: 306710.456: [GC concurrent-root-region-scan-end, 0.0053898 secs]
2022-11-03T07:33:30.036-0600: 306710.456: [GC concurrent-mark-start]
2022-11-03T07:33:30.708-0600: 306711.128: [GC concurrent-mark-end, 0.6719216 secs]
2022-11-03T07:33:30.708-0600: 306711.129: [GC remark 2022-11-03T07:33:30.708-0600: 306711.129: [Finalize Marking, 0.0005532 secs] 2022-11-03T07:33:30.709-0600: 306711.129: [GC ref-proc, 0.0068360 secs] 2022-11-03T07:33:30.716-0600: 306711.136: [Unloading, 0.0216908 secs], 0.0311865 secs]
 [Times: user=0.32 sys=0.00, real=0.03 secs] 
2022-11-03T07:33:30.740-0600: 306711.160: [GC cleanup 3531M->3531M(14336M), 0.0061923 secs]
 [Times: user=0.05 sys=0.00, real=0.01 secs] 
2022-11-03T07:35:39.973-0600: 306840.394: [GC pause (G1 Evacuation Pause) (young), 0.0088384 secs]
   [Parallel Time: 4.1 ms, GC Workers: 14]
      [GC Worker Start (ms): Min: 306840393.7, Avg: 306840393.9, Max: 306840394.0, Diff: 0.3]
      [Ext Root Scanning (ms): Min: 0.3, Avg: 0.8, Max: 3.8, Diff: 3.4, Sum: 11.0]
      [Update RS (ms): Min: 0.0, Avg: 0.3, Max: 0.6, Diff: 0.6, Sum: 4.7]
         [Processed Buffers: Min: 0, Avg: 3.5, Max: 12, Diff: 12, Sum: 49]
      [Scan RS (ms): Min: 0.0, Avg: 0.0, Max: 0.1, Diff: 0.1, Sum: 0.3]
      [Code Root Scanning (ms): Min: 0.0, Avg: 0.0, Max: 0.0, Diff: 0.0, Sum: 0.0]
      [Object Copy (ms): Min: 0.0, Avg: 0.6, Max: 0.8, Diff: 0.8, Sum: 8.2]
      [Termination (ms): Min: 0.0, Avg: 1.9, Max: 2.1, Diff: 2.1, Sum: 26.6]
         [Termination Attempts: Min: 1, Avg: 5.1, Max: 8, Diff: 7, Sum: 71]
      [GC Worker Other (ms): Min: 0.0, Avg: 0.0, Max: 0.0, Diff: 0.0, Sum: 0.1]
      [GC Worker Total (ms): Min: 3.5, Avg: 3.6, Max: 3.8, Diff: 0.2, Sum: 50.9]
      [GC Worker End (ms): Min: 306840397.5, Avg: 306840397.5, Max: 306840397.5, Diff: 0.1]
   [Code Root Fixup: 0.0 ms]
   [Code Root Purge: 0.0 ms]
   [Clear CT: 0.3 ms]
   [Other: 4.4 ms]
      [Choose CSet: 0.0 ms]
      [Ref Proc: 3.8 ms]
      [Ref Enq: 0.3 ms]
      [Redirty Cards: 0.2 ms]
      [Humongous Register: 0.0 ms]
      [Humongous Reclaim: 0.0 ms]
      [Free CSet: 0.1 ms]
   [Eden: 7152.0M(7152.0M)->0.0B(7152.0M) Survivors: 16384.0K->16384.0K Heap: 10619.5M(14336.0M)->3469.0M(14336.0M)]
 [Times: user=0.07 sys=0.00, real=0.01 secs] 
2022-11-03T07:37:46.419-0600: 306966.840: [GC pause (G1 Evacuation Pause) (young), 0.0100071 secs]
   [Parallel Time: 5.2 ms, GC Workers: 14]
      [GC Worker Start (ms): Min: 306966839.8, Avg: 306966839.9, Max: 306966840.1, Diff: 0.3]
      [Ext Root Scanning (ms): Min: 0.3, Avg: 0.8, Max: 4.5, Diff: 4.2, Sum: 10.5]
      [Update RS (ms): Min: 0.0, Avg: 0.3, Max: 0.6, Diff: 0.6, Sum: 4.5]
         [Processed Buffers: Min: 0, Avg: 3.7, Max: 25, Diff: 25, Sum: 52]
      [Scan RS (ms): Min: 0.0, Avg: 0.0, Max: 0.1, Diff: 0.1, Sum: 0.3]
      [Code Root Scanning (ms): Min: 0.0, Avg: 0.0, Max: 0.0, Diff: 0.0, Sum: 0.0]
      [Object Copy (ms): Min: 0.0, Avg: 0.4, Max: 0.5, Diff: 0.5, Sum: 5.7]
      [Termination (ms): Min: 0.0, Avg: 2.9, Max: 3.3, Diff: 3.3, Sum: 41.0]
         [Termination Attempts: Min: 1, Avg: 10.5, Max: 18, Diff: 17, Sum: 147]
      [GC Worker Other (ms): Min: 0.0, Avg: 0.0, Max: 0.0, Diff: 0.0, Sum: 0.1]
      [GC Worker Total (ms): Min: 4.3, Avg: 4.4, Max: 4.5, Diff: 0.3, Sum: 62.1]
      [GC Worker End (ms): Min: 306966844.3, Avg: 306966844.4, Max: 306966844.5, Diff: 0.1]
   [Code Root Fixup: 0.0 ms]
   [Code Root Purge: 0.0 ms]
   [Clear CT: 0.3 ms]
   [Other: 4.5 ms]
      [Choose CSet: 0.0 ms]
      [Ref Proc: 3.7 ms]
      [Ref Enq: 0.3 ms]
      [Redirty Cards: 0.2 ms]
      [Humongous Register: 0.0 ms]
      [Humongous Reclaim: 0.0 ms]
      [Free CSet: 0.2 ms]
   [Eden: 7152.0M(7152.0M)->0.0B(7152.0M) Survivors: 16384.0K->16384.0K Heap: 10621.0M(14336.0M)->3467.5M(14336.0M)]
 [Times: user=0.08 sys=0.00, real=0.01 secs] 
2022-11-03T07:39:57.618-0600: 307098.039: [GC pause (G1 Evacuation Pause) (young) (initial-mark), 0.0123108 secs]
   [Parallel Time: 6.8 ms, GC Workers: 14]
      [GC Worker Start (ms): Min: 307098040.2, Avg: 307098040.3, Max: 307098040.5, Diff: 0.3]
      [Ext Root Scanning (ms): Min: 3.7, Avg: 3.9, Max: 4.1, Diff: 0.3, Sum: 55.2]
      [Update RS (ms): Min: 0.2, Avg: 0.3, Max: 0.5, Diff: 0.2, Sum: 4.6]
         [Processed Buffers: Min: 1, Avg: 3.6, Max: 19, Diff: 18, Sum: 51]
      [Scan RS (ms): Min: 0.0, Avg: 0.0, Max: 0.1, Diff: 0.1, Sum: 0.3]
      [Code Root Scanning (ms): Min: 0.0, Avg: 0.0, Max: 0.0, Diff: 0.0, Sum: 0.0]
      [Object Copy (ms): Min: 0.3, Avg: 0.5, Max: 0.5, Diff: 0.2, Sum: 6.4]
      [Termination (ms): Min: 0.0, Avg: 0.0, Max: 0.0, Diff: 0.0, Sum: 0.1]
         [Termination Attempts: Min: 1, Avg: 7.6, Max: 11, Diff: 10, Sum: 107]
      [GC Worker Other (ms): Min: 0.0, Avg: 0.1, Max: 0.2, Diff: 0.2, Sum: 1.3]
      [GC Worker Total (ms): Min: 4.6, Avg: 4.8, Max: 5.0, Diff: 0.5, Sum: 67.9]
      [GC Worker End (ms): Min: 307098045.1, Avg: 307098045.2, Max: 307098045.3, Diff: 0.2]
   [Code Root Fixup: 0.0 ms]
   [Code Root Purge: 0.0 ms]
   [Clear CT: 0.4 ms]
   [Other: 5.1 ms]
      [Choose CSet: 0.0 ms]
      [Ref Proc: 4.4 ms]
      [Ref Enq: 0.2 ms]
      [Redirty Cards: 0.2 ms]
      [Humongous Register: 0.0 ms]
      [Humongous Reclaim: 0.0 ms]
      [Free CSet: 0.2 ms]
   [Eden: 7152.0M(7152.0M)->0.0B(7152.0M) Survivors: 16384.0K->16384.0K Heap: 10619.5M(14336.0M)->3467.0M(14336.0M)]
 [Times: user=0.07 sys=0.00, real=0.01 secs] 
2022-11-03T07:39:57.631-0600: 307098.051: [GC concurrent-root-region-scan-start]
2022-11-03T07:39:57.636-0600: 307098.056: [GC concurrent-root-region-scan-end, 0.0050203 secs]
2022-11-03T07:39:57.636-0600: 307098.056: [GC concurrent-mark-start]
2022-11-03T07:39:58.287-0600: 307098.708: [GC concurrent-mark-end, 0.6516736 secs]
2022-11-03T07:39:58.288-0600: 307098.708: [GC remark 2022-11-03T07:39:58.288-0600: 307098.708: [Finalize Marking, 0.0009404 secs] 2022-11-03T07:39:58.289-0600: 307098.709: [GC ref-proc, 0.0090765 secs] 2022-11-03T07:39:58.298-0600: 307098.718: [Unloading, 0.0250680 secs], 0.0379402 secs]
 [Times: user=0.36 sys=0.00, real=0.04 secs] 
2022-11-03T07:39:58.326-0600: 307098.746: [GC cleanup 3514M->3514M(14336M), 0.0071877 secs]
 [Times: user=0.06 sys=0.00, real=0.01 secs] 
2022-11-03T07:42:04.567-0600: 307224.987: [GC pause (G1 Evacuation Pause) (young), 0.0089899 secs]
   [Parallel Time: 4.1 ms, GC Workers: 14]
      [GC Worker Start (ms): Min: 307224987.1, Avg: 307224987.2, Max: 307224987.3, Diff: 0.2]
      [Ext Root Scanning (ms): Min: 0.4, Avg: 0.8, Max: 3.8, Diff: 3.5, Sum: 11.1]
      [Update RS (ms): Min: 0.0, Avg: 0.4, Max: 0.6, Diff: 0.6, Sum: 5.6]
         [Processed Buffers: Min: 0, Avg: 3.8, Max: 15, Diff: 15, Sum: 53]
      [Scan RS (ms): Min: 0.0, Avg: 0.0, Max: 0.1, Diff: 0.1, Sum: 0.4]
      [Code Root Scanning (ms): Min: 0.0, Avg: 0.0, Max: 0.0, Diff: 0.0, Sum: 0.0]
      [Object Copy (ms): Min: 0.0, Avg: 0.4, Max: 0.6, Diff: 0.6, Sum: 6.2]
      [Termination (ms): Min: 0.0, Avg: 2.1, Max: 2.3, Diff: 2.3, Sum: 29.6]
         [Termination Attempts: Min: 1, Avg: 2.6, Max: 6, Diff: 5, Sum: 36]
      [GC Worker Other (ms): Min: 0.0, Avg: 0.0, Max: 0.0, Diff: 0.0, Sum: 0.1]
      [GC Worker Total (ms): Min: 3.7, Avg: 3.8, Max: 3.9, Diff: 0.2, Sum: 52.9]
      [GC Worker End (ms): Min: 307224991.0, Avg: 307224991.0, Max: 307224991.0, Diff: 0.1]
   [Code Root Fixup: 0.0 ms]
   [Code Root Purge: 0.0 ms]
   [Clear CT: 0.4 ms]
   [Other: 4.5 ms]
      [Choose CSet: 0.0 ms]
      [Ref Proc: 3.6 ms]
      [Ref Enq: 0.3 ms]
      [Redirty Cards: 0.2 ms]
      [Humongous Register: 0.0 ms]
      [Humongous Reclaim: 0.0 ms]
      [Free CSet: 0.2 ms]
   [Eden: 7152.0M(7152.0M)->0.0B(7152.0M) Survivors: 16384.0K->16384.0K Heap: 10619.0M(14336.0M)->3466.5M(14336.0M)]
 [Times: user=0.07 sys=0.00, real=0.01 secs] 
2022-11-03T07:44:12.219-0600: 307352.639: [GC pause (G1 Evacuation Pause) (young), 0.0115285 secs]
   [Parallel Time: 6.3 ms, GC Workers: 14]
      [GC Worker Start (ms): Min: 307352639.0, Avg: 307352639.1, Max: 307352639.2, Diff: 0.2]
      [Ext Root Scanning (ms): Min: 0.3, Avg: 0.9, Max: 5.3, Diff: 5.0, Sum: 12.1]
      [Update RS (ms): Min: 0.0, Avg: 0.4, Max: 0.7, Diff: 0.7, Sum: 5.9]
         [Processed Buffers: Min: 0, Avg: 3.5, Max: 20, Diff: 20, Sum: 49]
      [Scan RS (ms): Min: 0.0, Avg: 0.0, Max: 0.1, Diff: 0.1, Sum: 0.4]
      [Code Root Scanning (ms): Min: 0.0, Avg: 0.0, Max: 0.0, Diff: 0.0, Sum: 0.0]
      [Object Copy (ms): Min: 0.0, Avg: 0.4, Max: 0.5, Diff: 0.5, Sum: 6.1]
      [Termination (ms): Min: 0.0, Avg: 3.5, Max: 3.8, Diff: 3.8, Sum: 49.2]
         [Termination Attempts: Min: 1, Avg: 4.2, Max: 6, Diff: 5, Sum: 59]
      [GC Worker Other (ms): Min: 0.0, Avg: 0.0, Max: 0.0, Diff: 0.0, Sum: 0.1]
      [GC Worker Total (ms): Min: 5.2, Avg: 5.3, Max: 5.4, Diff: 0.2, Sum: 73.8]
      [GC Worker End (ms): Min: 307352644.3, Avg: 307352644.4, Max: 307352644.4, Diff: 0.1]
   [Code Root Fixup: 0.0 ms]
   [Code Root Purge: 0.0 ms]
   [Clear CT: 0.4 ms]
   [Other: 4.7 ms]
      [Choose CSet: 0.0 ms]
      [Ref Proc: 3.9 ms]
      [Ref Enq: 0.3 ms]
      [Redirty Cards: 0.2 ms]
      [Humongous Register: 0.0 ms]
      [Humongous Reclaim: 0.0 ms]
      [Free CSet: 0.2 ms]
   [Eden: 7152.0M(7152.0M)->0.0B(7152.0M) Survivors: 16384.0K->16384.0K Heap: 10618.5M(14336.0M)->3466.3M(14336.0M)]
 [Times: user=0.09 sys=0.01, real=0.01 secs] 
2022-11-03T07:46:18.994-0600: 307479.415: [GC pause (G1 Evacuation Pause) (young) (initial-mark), 0.0165984 secs]
   [Parallel Time: 8.2 ms, GC Workers: 14]
      [GC Worker Start (ms): Min: 307479416.5, Avg: 307479416.6, Max: 307479416.7, Diff: 0.2]
      [Ext Root Scanning (ms): Min: 5.1, Avg: 5.3, Max: 5.4, Diff: 0.3, Sum: 73.7]
      [Update RS (ms): Min: 0.2, Avg: 0.4, Max: 0.5, Diff: 0.3, Sum: 4.9]
         [Processed Buffers: Min: 1, Avg: 3.6, Max: 19, Diff: 18, Sum: 51]
      [Scan RS (ms): Min: 0.0, Avg: 0.0, Max: 0.1, Diff: 0.1, Sum: 0.4]
      [Code Root Scanning (ms): Min: 0.0, Avg: 0.0, Max: 0.0, Diff: 0.0, Sum: 0.0]
      [Object Copy (ms): Min: 0.3, Avg: 0.5, Max: 0.6, Diff: 0.2, Sum: 6.8]
      [Termination (ms): Min: 0.0, Avg: 0.0, Max: 0.0, Diff: 0.0, Sum: 0.0]
         [Termination Attempts: Min: 1, Avg: 6.0, Max: 8, Diff: 7, Sum: 84]
      [GC Worker Other (ms): Min: 0.0, Avg: 0.1, Max: 0.2, Diff: 0.2, Sum: 0.8]
      [GC Worker Total (ms): Min: 6.1, Avg: 6.2, Max: 6.4, Diff: 0.3, Sum: 86.7]
      [GC Worker End (ms): Min: 307479422.7, Avg: 307479422.8, Max: 307479422.9, Diff: 0.2]
   [Code Root Fixup: 0.0 ms]
   [Code Root Purge: 0.0 ms]
   [Clear CT: 0.3 ms]
   [Other: 8.2 ms]
      [Choose CSet: 0.0 ms]
      [Ref Proc: 6.9 ms]
      [Ref Enq: 0.3 ms]
      [Redirty Cards: 0.6 ms]
      [Humongous Register: 0.0 ms]
      [Humongous Reclaim: 0.0 ms]
      [Free CSet: 0.2 ms]
   [Eden: 7152.0M(7152.0M)->0.0B(7152.0M) Survivors: 16384.0K->16384.0K Heap: 10618.3M(14336.0M)->3467.2M(14336.0M)]
 [Times: user=0.09 sys=0.00, real=0.01 secs] 
2022-11-03T07:46:19.011-0600: 307479.431: [GC concurrent-root-region-scan-start]
2022-11-03T07:46:19.016-0600: 307479.436: [GC concurrent-root-region-scan-end, 0.0048621 secs]
2022-11-03T07:46:19.016-0600: 307479.436: [GC concurrent-mark-start]
2022-11-03T07:46:19.639-0600: 307480.059: [GC concurrent-mark-end, 0.6228098 secs]
2022-11-03T07:46:19.639-0600: 307480.059: [GC remark 2022-11-03T07:46:19.639-0600: 307480.059: [Finalize Marking, 0.0004615 secs] 2022-11-03T07:46:19.640-0600: 307480.060: [GC ref-proc, 0.0091878 secs] 2022-11-03T07:46:19.649-0600: 307480.069: [Unloading, 0.0225780 secs], 0.0348085 secs]
 [Times: user=0.34 sys=0.00, real=0.04 secs] 
2022-11-03T07:46:19.674-0600: 307480.095: [GC cleanup 3499M->3499M(14336M), 0.0056419 secs]
 [Times: user=0.05 sys=0.00, real=0.00 secs] 
2022-11-03T07:48:23.918-0600: 307604.338: [GC pause (G1 Evacuation Pause) (young), 0.0097737 secs]
   [Parallel Time: 5.1 ms, GC Workers: 14]
      [GC Worker Start (ms): Min: 307604338.4, Avg: 307604338.5, Max: 307604338.7, Diff: 0.3]
      [Ext Root Scanning (ms): Min: 0.3, Avg: 0.8, Max: 4.8, Diff: 4.5, Sum: 11.1]
      [Update RS (ms): Min: 0.0, Avg: 0.4, Max: 0.7, Diff: 0.7, Sum: 5.9]
         [Processed Buffers: Min: 0, Avg: 3.6, Max: 12, Diff: 12, Sum: 51]
      [Scan RS (ms): Min: 0.0, Avg: 0.0, Max: 0.1, Diff: 0.1, Sum: 0.4]
      [Code Root Scanning (ms): Min: 0.0, Avg: 0.0, Max: 0.0, Diff: 0.0, Sum: 0.0]
      [Object Copy (ms): Min: 0.0, Avg: 0.6, Max: 0.7, Diff: 0.7, Sum: 8.0]
      [Termination (ms): Min: 0.0, Avg: 2.9, Max: 3.2, Diff: 3.2, Sum: 41.1]
         [Termination Attempts: Min: 1, Avg: 1.0, Max: 1, Diff: 0, Sum: 14]
      [GC Worker Other (ms): Min: 0.0, Avg: 0.0, Max: 0.0, Diff: 0.0, Sum: 0.1]
      [GC Worker Total (ms): Min: 4.6, Avg: 4.8, Max: 4.9, Diff: 0.2, Sum: 66.5]
      [GC Worker End (ms): Min: 307604343.3, Avg: 307604343.3, Max: 307604343.3, Diff: 0.1]
   [Code Root Fixup: 0.0 ms]
   [Code Root Purge: 0.0 ms]
   [Clear CT: 0.5 ms]
   [Other: 4.2 ms]
      [Choose CSet: 0.0 ms]
      [Ref Proc: 3.5 ms]
      [Ref Enq: 0.2 ms]
      [Redirty Cards: 0.2 ms]
      [Humongous Register: 0.0 ms]
      [Humongous Reclaim: 0.0 ms]
      [Free CSet: 0.2 ms]
   [Eden: 7152.0M(7152.0M)->0.0B(7152.0M) Survivors: 16384.0K->16384.0K Heap: 10619.2M(14336.0M)->3469.7M(14336.0M)]
 [Times: user=0.09 sys=0.00, real=0.01 secs] 
2022-11-03T07:50:31.717-0600: 307732.137: [GC pause (G1 Evacuation Pause) (young), 0.0101848 secs]
   [Parallel Time: 5.2 ms, GC Workers: 14]
      [GC Worker Start (ms): Min: 307732137.2, Avg: 307732137.3, Max: 307732137.4, Diff: 0.2]
      [Ext Root Scanning (ms): Min: 0.3, Avg: 0.7, Max: 4.8, Diff: 4.5, Sum: 10.5]
      [Update RS (ms): Min: 0.0, Avg: 0.4, Max: 0.6, Diff: 0.6, Sum: 5.4]
         [Processed Buffers: Min: 0, Avg: 3.4, Max: 21, Diff: 21, Sum: 47]
      [Scan RS (ms): Min: 0.0, Avg: 0.0, Max: 0.1, Diff: 0.1, Sum: 0.4]
      [Code Root Scanning (ms): Min: 0.0, Avg: 0.0, Max: 0.0, Diff: 0.0, Sum: 0.0]
      [Object Copy (ms): Min: 0.0, Avg: 0.6, Max: 0.7, Diff: 0.7, Sum: 8.7]
      [Termination (ms): Min: 0.0, Avg: 3.0, Max: 3.3, Diff: 3.3, Sum: 41.5]
         [Termination Attempts: Min: 1, Avg: 3.8, Max: 5, Diff: 4, Sum: 53]
      [GC Worker Other (ms): Min: 0.0, Avg: 0.0, Max: 0.0, Diff: 0.0, Sum: 0.1]
      [GC Worker Total (ms): Min: 4.6, Avg: 4.8, Max: 4.9, Diff: 0.3, Sum: 66.6]
      [GC Worker End (ms): Min: 307732142.0, Avg: 307732142.0, Max: 307732142.1, Diff: 0.1]
   [Code Root Fixup: 0.0 ms]
   [Code Root Purge: 0.0 ms]
   [Clear CT: 0.4 ms]
   [Other: 4.6 ms]
      [Choose CSet: 0.0 ms]
      [Ref Proc: 3.8 ms]
      [Ref Enq: 0.3 ms]
      [Redirty Cards: 0.2 ms]
      [Humongous Register: 0.0 ms]
      [Humongous Reclaim: 0.0 ms]
      [Free CSet: 0.2 ms]
   [Eden: 7152.0M(7152.0M)->0.0B(7152.0M) Survivors: 16384.0K->16384.0K Heap: 10621.7M(14336.0M)->3469.4M(14336.0M)]
 [Times: user=0.08 sys=0.00, real=0.01 secs] 
2022-11-03T07:52:37.016-0600: 307857.437: [GC pause (G1 Evacuation Pause) (young) (initial-mark), 0.0130491 secs]
   [Parallel Time: 7.5 ms, GC Workers: 14]
      [GC Worker Start (ms): Min: 307857438.5, Avg: 307857438.7, Max: 307857438.9, Diff: 0.4]
      [Ext Root Scanning (ms): Min: 4.0, Avg: 4.2, Max: 4.4, Diff: 0.4, Sum: 58.8]
      [Update RS (ms): Min: 0.2, Avg: 0.4, Max: 0.6, Diff: 0.3, Sum: 5.0]
         [Processed Buffers: Min: 1, Avg: 3.6, Max: 13, Diff: 12, Sum: 51]
      [Scan RS (ms): Min: 0.0, Avg: 0.0, Max: 0.1, Diff: 0.1, Sum: 0.3]
      [Code Root Scanning (ms): Min: 0.0, Avg: 0.0, Max: 0.0, Diff: 0.0, Sum: 0.0]
      [Object Copy (ms): Min: 0.4, Avg: 0.5, Max: 0.6, Diff: 0.2, Sum: 7.2]
      [Termination (ms): Min: 0.0, Avg: 0.0, Max: 0.0, Diff: 0.0, Sum: 0.0]
         [Termination Attempts: Min: 1, Avg: 2.9, Max: 5, Diff: 4, Sum: 40]
      [GC Worker Other (ms): Min: 0.0, Avg: 0.1, Max: 0.2, Diff: 0.2, Sum: 1.1]
      [GC Worker Total (ms): Min: 4.9, Avg: 5.2, Max: 5.4, Diff: 0.5, Sum: 72.4]
      [GC Worker End (ms): Min: 307857443.8, Avg: 307857443.9, Max: 307857444.0, Diff: 0.2]
   [Code Root Fixup: 0.0 ms]
   [Code Root Purge: 0.0 ms]
   [Clear CT: 0.3 ms]
   [Other: 5.3 ms]
      [Choose CSet: 0.0 ms]
      [Ref Proc: 4.5 ms]
      [Ref Enq: 0.3 ms]
      [Redirty Cards: 0.2 ms]
      [Humongous Register: 0.0 ms]
      [Humongous Reclaim: 0.0 ms]
      [Free CSet: 0.2 ms]
   [Eden: 7152.0M(7152.0M)->0.0B(7152.0M) Survivors: 16384.0K->16384.0K Heap: 10621.4M(14336.0M)->3469.0M(14336.0M)]
 [Times: user=0.07 sys=0.01, real=0.01 secs] 
2022-11-03T07:52:37.029-0600: 307857.450: [GC concurrent-root-region-scan-start]
2022-11-03T07:52:37.034-0600: 307857.454: [GC concurrent-root-region-scan-end, 0.0044326 secs]
2022-11-03T07:52:37.034-0600: 307857.454: [GC concurrent-mark-start]
2022-11-03T07:52:37.627-0600: 307858.047: [GC concurrent-mark-end, 0.5927030 secs]
2022-11-03T07:52:37.627-0600: 307858.047: [GC remark 2022-11-03T07:52:37.627-0600: 307858.047: [Finalize Marking, 0.0006697 secs] 2022-11-03T07:52:37.628-0600: 307858.048: [GC ref-proc, 0.0082142 secs] 2022-11-03T07:52:37.636-0600: 307858.056: [Unloading, 0.0230461 secs], 0.0345909 secs]
 [Times: user=0.34 sys=0.00, real=0.04 secs] 
2022-11-03T07:52:37.662-0600: 307858.082: [GC cleanup 3501M->3501M(14336M), 0.0062147 secs]
 [Times: user=0.05 sys=0.00, real=0.00 secs] 
2022-11-03T07:54:43.471-0600: 307983.892: [GC pause (G1 Evacuation Pause) (young), 0.0103103 secs]
   [Parallel Time: 3.8 ms, GC Workers: 14]
      [GC Worker Start (ms): Min: 307983891.8, Avg: 307983891.9, Max: 307983892.1, Diff: 0.3]
      [Ext Root Scanning (ms): Min: 0.3, Avg: 0.7, Max: 3.4, Diff: 3.2, Sum: 9.7]
      [Update RS (ms): Min: 0.0, Avg: 0.4, Max: 0.7, Diff: 0.7, Sum: 5.3]
         [Processed Buffers: Min: 0, Avg: 3.6, Max: 22, Diff: 22, Sum: 51]
      [Scan RS (ms): Min: 0.0, Avg: 0.0, Max: 0.1, Diff: 0.1, Sum: 0.4]
      [Code Root Scanning (ms): Min: 0.0, Avg: 0.0, Max: 0.0, Diff: 0.0, Sum: 0.0]
      [Object Copy (ms): Min: 0.0, Avg: 0.5, Max: 0.6, Diff: 0.6, Sum: 7.1]
      [Termination (ms): Min: 0.0, Avg: 1.7, Max: 1.9, Diff: 1.9, Sum: 23.6]
         [Termination Attempts: Min: 1, Avg: 7.6, Max: 12, Diff: 11, Sum: 107]
      [GC Worker Other (ms): Min: 0.0, Avg: 0.0, Max: 0.0, Diff: 0.0, Sum: 0.1]
      [GC Worker Total (ms): Min: 3.1, Avg: 3.3, Max: 3.5, Diff: 0.4, Sum: 46.2]
      [GC Worker End (ms): Min: 307983895.2, Avg: 307983895.2, Max: 307983895.3, Diff: 0.1]
   [Code Root Fixup: 0.0 ms]
   [Code Root Purge: 0.0 ms]
   [Clear CT: 0.7 ms]
   [Other: 5.8 ms]
      [Choose CSet: 0.0 ms]
      [Ref Proc: 5.1 ms]
      [Ref Enq: 0.3 ms]
      [Redirty Cards: 0.2 ms]
      [Humongous Register: 0.0 ms]
      [Humongous Reclaim: 0.0 ms]
      [Free CSet: 0.2 ms]
   [Eden: 7152.0M(7152.0M)->0.0B(7152.0M) Survivors: 16384.0K->16384.0K Heap: 10621.0M(14336.0M)->3468.5M(14336.0M)]
 [Times: user=0.07 sys=0.00, real=0.02 secs] 
2022-11-03T07:56:49.065-0600: 308109.486: [GC pause (G1 Evacuation Pause) (young), 0.0112434 secs]
   [Parallel Time: 5.1 ms, GC Workers: 14]
      [GC Worker Start (ms): Min: 308109485.8, Avg: 308109485.9, Max: 308109486.0, Diff: 0.2]
      [Ext Root Scanning (ms): Min: 0.3, Avg: 0.7, Max: 4.7, Diff: 4.4, Sum: 10.2]
      [Update RS (ms): Min: 0.0, Avg: 0.3, Max: 0.6, Diff: 0.6, Sum: 4.5]
         [Processed Buffers: Min: 0, Avg: 3.4, Max: 12, Diff: 12, Sum: 47]
      [Scan RS (ms): Min: 0.0, Avg: 0.0, Max: 0.0, Diff: 0.0, Sum: 0.3]
      [Code Root Scanning (ms): Min: 0.0, Avg: 0.0, Max: 0.0, Diff: 0.0, Sum: 0.0]
      [Object Copy (ms): Min: 0.0, Avg: 0.4, Max: 0.5, Diff: 0.5, Sum: 5.9]
      [Termination (ms): Min: 0.0, Avg: 3.2, Max: 3.6, Diff: 3.6, Sum: 45.5]
         [Termination Attempts: Min: 1, Avg: 1.0, Max: 1, Diff: 0, Sum: 14]
      [GC Worker Other (ms): Min: 0.0, Avg: 0.0, Max: 0.0, Diff: 0.0, Sum: 0.1]
      [GC Worker Total (ms): Min: 4.6, Avg: 4.7, Max: 4.9, Diff: 0.3, Sum: 66.5]
      [GC Worker End (ms): Min: 308109490.5, Avg: 308109490.6, Max: 308109490.7, Diff: 0.2]
   [Code Root Fixup: 0.0 ms]
   [Code Root Purge: 0.0 ms]
   [Clear CT: 0.3 ms]
   [Other: 5.9 ms]
      [Choose CSet: 0.0 ms]
      [Ref Proc: 5.1 ms]
      [Ref Enq: 0.3 ms]
      [Redirty Cards: 0.2 ms]
      [Humongous Register: 0.0 ms]
      [Humongous Reclaim: 0.0 ms]
      [Free CSet: 0.2 ms]
   [Eden: 7152.0M(7152.0M)->0.0B(7152.0M) Survivors: 16384.0K->16384.0K Heap: 10620.5M(14336.0M)->3468.7M(14336.0M)]
 [Times: user=0.09 sys=0.00, real=0.01 secs] 
2022-11-03T07:58:52.978-0600: 308233.398: [GC pause (G1 Evacuation Pause) (young) (initial-mark), 0.0121611 secs]
   [Parallel Time: 7.2 ms, GC Workers: 14]
      [GC Worker Start (ms): Min: 308233400.4, Avg: 308233400.5, Max: 308233400.7, Diff: 0.3]
      [Ext Root Scanning (ms): Min: 3.7, Avg: 3.9, Max: 4.0, Diff: 0.3, Sum: 54.1]
      [Update RS (ms): Min: 0.3, Avg: 0.4, Max: 0.6, Diff: 0.4, Sum: 5.1]
         [Processed Buffers: Min: 1, Avg: 3.9, Max: 20, Diff: 19, Sum: 54]
      [Scan RS (ms): Min: 0.0, Avg: 0.0, Max: 0.1, Diff: 0.1, Sum: 0.3]
      [Code Root Scanning (ms): Min: 0.0, Avg: 0.0, Max: 0.0, Diff: 0.0, Sum: 0.0]
      [Object Copy (ms): Min: 0.4, Avg: 0.6, Max: 0.7, Diff: 0.3, Sum: 8.9]
      [Termination (ms): Min: 0.0, Avg: 0.1, Max: 0.1, Diff: 0.1, Sum: 0.9]
         [Termination Attempts: Min: 1, Avg: 1.2, Max: 2, Diff: 1, Sum: 17]
      [GC Worker Other (ms): Min: 0.0, Avg: 0.0, Max: 0.1, Diff: 0.1, Sum: 0.4]
      [GC Worker Total (ms): Min: 4.8, Avg: 5.0, Max: 5.1, Diff: 0.3, Sum: 69.8]
      [GC Worker End (ms): Min: 308233405.4, Avg: 308233405.5, Max: 308233405.5, Diff: 0.1]
   [Code Root Fixup: 0.0 ms]
   [Code Root Purge: 0.0 ms]
   [Clear CT: 0.4 ms]
   [Other: 4.5 ms]
      [Choose CSet: 0.0 ms]
      [Ref Proc: 3.8 ms]
      [Ref Enq: 0.2 ms]
      [Redirty Cards: 0.2 ms]
      [Humongous Register: 0.0 ms]
      [Humongous Reclaim: 0.0 ms]
      [Free CSet: 0.2 ms]
   [Eden: 7152.0M(7152.0M)->0.0B(7152.0M) Survivors: 16384.0K->16384.0K Heap: 10620.7M(14336.0M)->3470.7M(14336.0M)]
 [Times: user=0.08 sys=0.00, real=0.01 secs] 
2022-11-03T07:58:52.990-0600: 308233.411: [GC concurrent-root-region-scan-start]
2022-11-03T07:58:52.995-0600: 308233.415: [GC concurrent-root-region-scan-end, 0.0045235 secs]
2022-11-03T07:58:52.995-0600: 308233.415: [GC concurrent-mark-start]
2022-11-03T07:58:53.603-0600: 308234.023: [GC concurrent-mark-end, 0.6079501 secs]
2022-11-03T07:58:53.603-0600: 308234.023: [GC remark 2022-11-03T07:58:53.603-0600: 308234.023: [Finalize Marking, 0.0015778 secs] 2022-11-03T07:58:53.605-0600: 308234.025: [GC ref-proc, 0.0079705 secs] 2022-11-03T07:58:53.613-0600: 308234.033: [Unloading, 0.0230279 secs], 0.0350335 secs]
 [Times: user=0.32 sys=0.00, real=0.03 secs] 
2022-11-03T07:58:53.639-0600: 308234.059: [GC cleanup 3510M->3510M(14336M), 0.0060027 secs]
 [Times: user=0.05 sys=0.00, real=0.01 secs] 
2022-11-03T08:00:58.975-0600: 308359.395: [GC pause (G1 Evacuation Pause) (young), 0.0085635 secs]
   [Parallel Time: 3.9 ms, GC Workers: 14]
      [GC Worker Start (ms): Min: 308359395.1, Avg: 308359395.2, Max: 308359395.3, Diff: 0.2]
      [Ext Root Scanning (ms): Min: 0.3, Avg: 0.7, Max: 3.7, Diff: 3.4, Sum: 10.1]
      [Update RS (ms): Min: 0.0, Avg: 0.4, Max: 0.7, Diff: 0.7, Sum: 5.1]
         [Processed Buffers: Min: 0, Avg: 3.5, Max: 18, Diff: 18, Sum: 49]
      [Scan RS (ms): Min: 0.0, Avg: 0.0, Max: 0.1, Diff: 0.1, Sum: 0.4]
      [Code Root Scanning (ms): Min: 0.0, Avg: 0.0, Max: 0.0, Diff: 0.0, Sum: 0.0]
      [Object Copy (ms): Min: 0.0, Avg: 0.4, Max: 0.5, Diff: 0.5, Sum: 6.2]
      [Termination (ms): Min: 0.0, Avg: 2.0, Max: 2.2, Diff: 2.2, Sum: 28.3]
         [Termination Attempts: Min: 1, Avg: 2.6, Max: 6, Diff: 5, Sum: 37]
      [GC Worker Other (ms): Min: 0.0, Avg: 0.0, Max: 0.0, Diff: 0.0, Sum: 0.1]
      [GC Worker Total (ms): Min: 3.5, Avg: 3.6, Max: 3.7, Diff: 0.2, Sum: 50.2]
      [GC Worker End (ms): Min: 308359398.8, Avg: 308359398.8, Max: 308359398.8, Diff: 0.1]
   [Code Root Fixup: 0.0 ms]
   [Code Root Purge: 0.0 ms]
   [Clear CT: 0.5 ms]
   [Other: 4.2 ms]
      [Choose CSet: 0.0 ms]
      [Ref Proc: 3.3 ms]
      [Ref Enq: 0.3 ms]
      [Redirty Cards: 0.2 ms]
      [Humongous Register: 0.0 ms]
      [Humongous Reclaim: 0.0 ms]
      [Free CSet: 0.2 ms]
   [Eden: 7152.0M(7152.0M)->0.0B(7152.0M) Survivors: 16384.0K->16384.0K Heap: 10622.7M(14336.0M)->3472.3M(14336.0M)]
 [Times: user=0.07 sys=0.00, real=0.01 secs] 
2022-11-03T08:03:03.976-0600: 308484.397: [GC pause (G1 Evacuation Pause) (young), 0.0110526 secs]
   [Parallel Time: 4.8 ms, GC Workers: 14]
      [GC Worker Start (ms): Min: 308484396.7, Avg: 308484397.1, Max: 308484399.6, Diff: 2.9]
      [Ext Root Scanning (ms): Min: 0.0, Avg: 0.8, Max: 4.5, Diff: 4.5, Sum: 10.7]
      [Update RS (ms): Min: 0.0, Avg: 0.4, Max: 0.8, Diff: 0.8, Sum: 6.2]
         [Processed Buffers: Min: 0, Avg: 3.4, Max: 21, Diff: 21, Sum: 47]
      [Scan RS (ms): Min: 0.0, Avg: 0.0, Max: 0.1, Diff: 0.1, Sum: 0.4]
      [Code Root Scanning (ms): Min: 0.0, Avg: 0.0, Max: 0.0, Diff: 0.0, Sum: 0.0]
      [Object Copy (ms): Min: 0.0, Avg: 0.4, Max: 0.6, Diff: 0.6, Sum: 6.2]
      [Termination (ms): Min: 0.0, Avg: 2.5, Max: 2.8, Diff: 2.8, Sum: 34.5]
         [Termination Attempts: Min: 1, Avg: 1.9, Max: 3, Diff: 2, Sum: 27]
      [GC Worker Other (ms): Min: 0.0, Avg: 0.0, Max: 0.0, Diff: 0.0, Sum: 0.2]
      [GC Worker Total (ms): Min: 1.6, Avg: 4.2, Max: 4.5, Diff: 2.9, Sum: 58.1]
      [GC Worker End (ms): Min: 308484401.2, Avg: 308484401.2, Max: 308484401.3, Diff: 0.1]
   [Code Root Fixup: 0.0 ms]
   [Code Root Purge: 0.0 ms]
   [Clear CT: 0.3 ms]
   [Other: 5.9 ms]
      [Choose CSet: 0.0 ms]
      [Ref Proc: 4.9 ms]
      [Ref Enq: 0.3 ms]
      [Redirty Cards: 0.3 ms]
      [Humongous Register: 0.0 ms]
      [Humongous Reclaim: 0.0 ms]
      [Free CSet: 0.2 ms]
   [Eden: 7152.0M(7152.0M)->0.0B(7152.0M) Survivors: 16384.0K->16384.0K Heap: 10624.3M(14336.0M)->3469.4M(14336.0M)]
 [Times: user=0.09 sys=0.00, real=0.01 secs] 
2022-11-03T08:05:08.865-0600: 308609.286: [GC pause (G1 Evacuation Pause) (young) (initial-mark), 0.0122693 secs]
   [Parallel Time: 6.9 ms, GC Workers: 14]
      [GC Worker Start (ms): Min: 308609286.9, Avg: 308609287.0, Max: 308609287.1, Diff: 0.3]
      [Ext Root Scanning (ms): Min: 4.1, Avg: 4.3, Max: 4.4, Diff: 0.3, Sum: 60.0]
      [Update RS (ms): Min: 0.3, Avg: 0.5, Max: 0.6, Diff: 0.3, Sum: 6.6]
         [Processed Buffers: Min: 1, Avg: 3.4, Max: 17, Diff: 16, Sum: 48]
      [Scan RS (ms): Min: 0.0, Avg: 0.0, Max: 0.1, Diff: 0.1, Sum: 0.4]
      [Code Root Scanning (ms): Min: 0.0, Avg: 0.0, Max: 0.0, Diff: 0.0, Sum: 0.0]
      [Object Copy (ms): Min: 0.4, Avg: 0.5, Max: 0.5, Diff: 0.2, Sum: 6.9]
      [Termination (ms): Min: 0.0, Avg: 0.0, Max: 0.0, Diff: 0.0, Sum: 0.0]
         [Termination Attempts: Min: 1, Avg: 1.2, Max: 2, Diff: 1, Sum: 17]
      [GC Worker Other (ms): Min: 0.0, Avg: 0.1, Max: 0.1, Diff: 0.1, Sum: 0.8]
      [GC Worker Total (ms): Min: 5.2, Avg: 5.3, Max: 5.5, Diff: 0.3, Sum: 74.7]
      [GC Worker End (ms): Min: 308609292.3, Avg: 308609292.3, Max: 308609292.4, Diff: 0.1]
   [Code Root Fixup: 0.0 ms]
   [Code Root Purge: 0.0 ms]
   [Clear CT: 0.9 ms]
   [Other: 4.5 ms]
      [Choose CSet: 0.0 ms]
      [Ref Proc: 3.8 ms]
      [Ref Enq: 0.2 ms]
      [Redirty Cards: 0.2 ms]
      [Humongous Register: 0.0 ms]
      [Humongous Reclaim: 0.0 ms]
      [Free CSet: 0.2 ms]
   [Eden: 7152.0M(7152.0M)->0.0B(7152.0M) Survivors: 16384.0K->16384.0K Heap: 10621.4M(14336.0M)->3469.8M(14336.0M)]
 [Times: user=0.07 sys=0.00, real=0.01 secs] 
2022-11-03T08:05:08.878-0600: 308609.298: [GC concurrent-root-region-scan-start]
2022-11-03T08:05:08.881-0600: 308609.302: [GC concurrent-root-region-scan-end, 0.0036357 secs]
2022-11-03T08:05:08.881-0600: 308609.302: [GC concurrent-mark-start]
2022-11-03T08:05:09.467-0600: 308609.887: [GC concurrent-mark-end, 0.5854369 secs]
2022-11-03T08:05:09.467-0600: 308609.887: [GC remark 2022-11-03T08:05:09.467-0600: 308609.887: [Finalize Marking, 0.0007876 secs] 2022-11-03T08:05:09.468-0600: 308609.888: [GC ref-proc, 0.0083851 secs] 2022-11-03T08:05:09.476-0600: 308609.896: [Unloading, 0.0219052 secs], 0.0336420 secs]
 [Times: user=0.31 sys=0.00, real=0.04 secs] 
2022-11-03T08:05:09.501-0600: 308609.921: [GC cleanup 3517M->3517M(14336M), 0.0059075 secs]
 [Times: user=0.05 sys=0.00, real=0.00 secs] 
2022-11-03T08:07:10.970-0600: 308731.391: [GC pause (G1 Evacuation Pause) (young), 0.0106086 secs]
   [Parallel Time: 5.1 ms, GC Workers: 14]
      [GC Worker Start (ms): Min: 308731390.8, Avg: 308731391.1, Max: 308731391.4, Diff: 0.6]
      [Ext Root Scanning (ms): Min: 0.1, Avg: 0.7, Max: 4.8, Diff: 4.7, Sum: 10.4]
      [Update RS (ms): Min: 0.0, Avg: 0.5, Max: 0.7, Diff: 0.7, Sum: 6.4]
         [Processed Buffers: Min: 0, Avg: 3.4, Max: 7, Diff: 7, Sum: 47]
      [Scan RS (ms): Min: 0.0, Avg: 0.0, Max: 0.1, Diff: 0.1, Sum: 0.3]
      [Code Root Scanning (ms): Min: 0.0, Avg: 0.0, Max: 0.0, Diff: 0.0, Sum: 0.0]
      [Object Copy (ms): Min: 0.0, Avg: 0.7, Max: 0.9, Diff: 0.9, Sum: 9.9]
      [Termination (ms): Min: 0.0, Avg: 2.6, Max: 2.8, Diff: 2.8, Sum: 36.1]
         [Termination Attempts: Min: 1, Avg: 28.3, Max: 42, Diff: 41, Sum: 396]
      [GC Worker Other (ms): Min: 0.0, Avg: 0.0, Max: 0.0, Diff: 0.0, Sum: 0.1]
      [GC Worker Total (ms): Min: 4.2, Avg: 4.5, Max: 4.9, Diff: 0.7, Sum: 63.2]
      [GC Worker End (ms): Min: 308731395.6, Avg: 308731395.6, Max: 308731395.7, Diff: 0.1]
   [Code Root Fixup: 0.0 ms]
   [Code Root Purge: 0.0 ms]
   [Clear CT: 0.4 ms]
   [Other: 5.2 ms]
      [Choose CSet: 0.0 ms]
      [Ref Proc: 4.5 ms]
      [Ref Enq: 0.2 ms]
      [Redirty Cards: 0.2 ms]
      [Humongous Register: 0.0 ms]
      [Humongous Reclaim: 0.0 ms]
      [Free CSet: 0.1 ms]
   [Eden: 7152.0M(7152.0M)->0.0B(5712.0M) Survivors: 16384.0K->16384.0K Heap: 10621.8M(14336.0M)->3472.1M(14336.0M)]
 [Times: user=0.09 sys=0.00, real=0.02 secs] 
2022-11-03T08:08:49.901-0600: 308830.321: [GC pause (G1 Evacuation Pause) (mixed), 0.0110713 secs]
   [Parallel Time: 5.9 ms, GC Workers: 14]
      [GC Worker Start (ms): Min: 308830321.0, Avg: 308830321.1, Max: 308830321.2, Diff: 0.2]
      [Ext Root Scanning (ms): Min: 0.3, Avg: 0.8, Max: 5.6, Diff: 5.3, Sum: 11.1]
      [Update RS (ms): Min: 0.0, Avg: 0.3, Max: 0.4, Diff: 0.4, Sum: 4.0]
         [Processed Buffers: Min: 0, Avg: 3.4, Max: 13, Diff: 13, Sum: 48]
      [Scan RS (ms): Min: 0.0, Avg: 0.1, Max: 0.2, Diff: 0.2, Sum: 1.2]
      [Code Root Scanning (ms): Min: 0.0, Avg: 0.0, Max: 0.0, Diff: 0.0, Sum: 0.0]
      [Object Copy (ms): Min: 0.0, Avg: 1.0, Max: 1.1, Diff: 1.1, Sum: 13.7]
      [Termination (ms): Min: 0.0, Avg: 3.4, Max: 3.7, Diff: 3.7, Sum: 47.4]
         [Termination Attempts: Min: 1, Avg: 16.9, Max: 24, Diff: 23, Sum: 236]
      [GC Worker Other (ms): Min: 0.0, Avg: 0.0, Max: 0.0, Diff: 0.0, Sum: 0.1]
      [GC Worker Total (ms): Min: 5.5, Avg: 5.5, Max: 5.6, Diff: 0.2, Sum: 77.5]
      [GC Worker End (ms): Min: 308830326.6, Avg: 308830326.6, Max: 308830326.7, Diff: 0.1]
   [Code Root Fixup: 0.0 ms]
   [Code Root Purge: 0.0 ms]
   [Clear CT: 0.6 ms]
   [Other: 4.5 ms]
      [Choose CSet: 0.0 ms]
      [Ref Proc: 3.8 ms]
      [Ref Enq: 0.2 ms]
      [Redirty Cards: 0.2 ms]
      [Humongous Register: 0.0 ms]
      [Humongous Reclaim: 0.0 ms]
      [Free CSet: 0.2 ms]
   [Eden: 5712.0M(5712.0M)->0.0B(7152.0M) Survivors: 16384.0K->16384.0K Heap: 9184.1M(14336.0M)->3463.4M(14336.0M)]
 [Times: user=0.09 sys=0.00, real=0.00 secs] 
2022-11-03T08:10:54.973-0600: 308955.394: [GC pause (G1 Evacuation Pause) (young), 0.0101099 secs]
   [Parallel Time: 5.1 ms, GC Workers: 14]
      [GC Worker Start (ms): Min: 308955393.7, Avg: 308955393.8, Max: 308955394.0, Diff: 0.2]
      [Ext Root Scanning (ms): Min: 0.3, Avg: 0.7, Max: 4.7, Diff: 4.4, Sum: 10.3]
      [Update RS (ms): Min: 0.0, Avg: 0.7, Max: 0.8, Diff: 0.8, Sum: 9.2]
         [Processed Buffers: Min: 0, Avg: 4.9, Max: 29, Diff: 29, Sum: 68]
      [Scan RS (ms): Min: 0.0, Avg: 0.0, Max: 0.1, Diff: 0.1, Sum: 0.3]
      [Code Root Scanning (ms): Min: 0.0, Avg: 0.0, Max: 0.0, Diff: 0.0, Sum: 0.0]
      [Object Copy (ms): Min: 0.0, Avg: 0.6, Max: 0.7, Diff: 0.7, Sum: 8.1]
      [Termination (ms): Min: 0.0, Avg: 2.7, Max: 3.0, Diff: 3.0, Sum: 37.8]
         [Termination Attempts: Min: 1, Avg: 5.0, Max: 7, Diff: 6, Sum: 70]
      [GC Worker Other (ms): Min: 0.0, Avg: 0.0, Max: 0.0, Diff: 0.0, Sum: 0.1]
      [GC Worker Total (ms): Min: 4.6, Avg: 4.7, Max: 4.8, Diff: 0.3, Sum: 65.9]
      [GC Worker End (ms): Min: 308955398.5, Avg: 308955398.6, Max: 308955398.6, Diff: 0.1]
   [Code Root Fixup: 0.0 ms]
   [Code Root Purge: 0.0 ms]
   [Clear CT: 0.3 ms]
   [Other: 4.7 ms]
      [Choose CSet: 0.0 ms]
      [Ref Proc: 3.8 ms]
      [Ref Enq: 0.3 ms]
      [Redirty Cards: 0.2 ms]
      [Humongous Register: 0.0 ms]
      [Humongous Reclaim: 0.0 ms]
      [Free CSet: 0.2 ms]
   [Eden: 7152.0M(7152.0M)->0.0B(7152.0M) Survivors: 16384.0K->16384.0K Heap: 10615.4M(14336.0M)->3462.9M(14336.0M)]
 [Times: user=0.08 sys=0.00, real=0.01 secs] 
2022-11-03T08:12:59.667-0600: 309080.087: [GC pause (G1 Evacuation Pause) (young) (initial-mark), 0.0133181 secs]
   [Parallel Time: 8.3 ms, GC Workers: 14]
      [GC Worker Start (ms): Min: 309080089.2, Avg: 309080089.3, Max: 309080089.4, Diff: 0.2]
      [Ext Root Scanning (ms): Min: 5.2, Avg: 5.3, Max: 5.4, Diff: 0.2, Sum: 74.7]
      [Update RS (ms): Min: 0.2, Avg: 0.3, Max: 0.5, Diff: 0.3, Sum: 4.9]
         [Processed Buffers: Min: 1, Avg: 3.3, Max: 12, Diff: 11, Sum: 46]
      [Scan RS (ms): Min: 0.0, Avg: 0.0, Max: 0.1, Diff: 0.1, Sum: 0.4]
      [Code Root Scanning (ms): Min: 0.0, Avg: 0.0, Max: 0.0, Diff: 0.0, Sum: 0.0]
      [Object Copy (ms): Min: 0.4, Avg: 0.5, Max: 0.6, Diff: 0.2, Sum: 7.0]
      [Termination (ms): Min: 0.0, Avg: 0.0, Max: 0.0, Diff: 0.0, Sum: 0.0]
         [Termination Attempts: Min: 1, Avg: 2.3, Max: 3, Diff: 2, Sum: 32]
      [GC Worker Other (ms): Min: 0.0, Avg: 0.1, Max: 0.2, Diff: 0.2, Sum: 1.0]
      [GC Worker Total (ms): Min: 6.1, Avg: 6.3, Max: 6.5, Diff: 0.3, Sum: 88.0]
      [GC Worker End (ms): Min: 309080095.5, Avg: 309080095.6, Max: 309080095.7, Diff: 0.2]
   [Code Root Fixup: 0.0 ms]
   [Code Root Purge: 0.0 ms]
   [Clear CT: 0.3 ms]
   [Other: 4.7 ms]
      [Choose CSet: 0.0 ms]
      [Ref Proc: 3.9 ms]
      [Ref Enq: 0.3 ms]
      [Redirty Cards: 0.2 ms]
      [Humongous Register: 0.0 ms]
      [Humongous Reclaim: 0.0 ms]
      [Free CSet: 0.2 ms]
   [Eden: 7152.0M(7152.0M)->0.0B(7152.0M) Survivors: 16384.0K->16384.0K Heap: 10614.9M(14336.0M)->3463.1M(14336.0M)]
 [Times: user=0.08 sys=0.00, real=0.02 secs] 
2022-11-03T08:12:59.681-0600: 309080.101: [GC concurrent-root-region-scan-start]
2022-11-03T08:12:59.686-0600: 309080.106: [GC concurrent-root-region-scan-end, 0.0055137 secs]
2022-11-03T08:12:59.686-0600: 309080.106: [GC concurrent-mark-start]
2022-11-03T08:13:00.261-0600: 309080.681: [GC concurrent-mark-end, 0.5743914 secs]
2022-11-03T08:13:00.261-0600: 309080.681: [GC remark 2022-11-03T08:13:00.261-0600: 309080.681: [Finalize Marking, 0.0006165 secs] 2022-11-03T08:13:00.261-0600: 309080.682: [GC ref-proc, 0.0083785 secs] 2022-11-03T08:13:00.270-0600: 309080.690: [Unloading, 0.0221534 secs], 0.0342324 secs]
 [Times: user=0.32 sys=0.00, real=0.03 secs] 
2022-11-03T08:13:00.295-0600: 309080.716: [GC cleanup 3511M->3511M(14336M), 0.0056969 secs]
 [Times: user=0.05 sys=0.00, real=0.01 secs] 
2022-11-03T08:15:04.609-0600: 309205.029: [GC pause (G1 Evacuation Pause) (young), 0.0094405 secs]
   [Parallel Time: 3.9 ms, GC Workers: 14]
      [GC Worker Start (ms): Min: 309205029.2, Avg: 309205029.3, Max: 309205029.4, Diff: 0.2]
      [Ext Root Scanning (ms): Min: 0.3, Avg: 0.7, Max: 3.6, Diff: 3.3, Sum: 9.5]
      [Update RS (ms): Min: 0.0, Avg: 0.4, Max: 0.6, Diff: 0.6, Sum: 5.0]
         [Processed Buffers: Min: 0, Avg: 3.4, Max: 20, Diff: 20, Sum: 47]
      [Scan RS (ms): Min: 0.0, Avg: 0.0, Max: 0.1, Diff: 0.1, Sum: 0.4]
      [Code Root Scanning (ms): Min: 0.0, Avg: 0.0, Max: 0.0, Diff: 0.0, Sum: 0.0]
      [Object Copy (ms): Min: 0.0, Avg: 0.4, Max: 0.5, Diff: 0.5, Sum: 5.7]
      [Termination (ms): Min: 0.0, Avg: 2.0, Max: 2.2, Diff: 2.2, Sum: 28.4]
         [Termination Attempts: Min: 1, Avg: 8.1, Max: 11, Diff: 10, Sum: 114]
      [GC Worker Other (ms): Min: 0.0, Avg: 0.0, Max: 0.0, Diff: 0.0, Sum: 0.1]
      [GC Worker Total (ms): Min: 3.3, Avg: 3.5, Max: 3.6, Diff: 0.3, Sum: 49.0]
      [GC Worker End (ms): Min: 309205032.8, Avg: 309205032.8, Max: 309205032.9, Diff: 0.1]
   [Code Root Fixup: 0.0 ms]
   [Code Root Purge: 0.0 ms]
   [Clear CT: 0.3 ms]
   [Other: 5.2 ms]
      [Choose CSet: 0.0 ms]
      [Ref Proc: 4.0 ms]
      [Ref Enq: 0.4 ms]
      [Redirty Cards: 0.6 ms]
      [Humongous Register: 0.0 ms]
      [Humongous Reclaim: 0.0 ms]
      [Free CSet: 0.2 ms]
   [Eden: 7152.0M(7152.0M)->0.0B(7152.0M) Survivors: 16384.0K->16384.0K Heap: 10615.1M(14336.0M)->3462.0M(14336.0M)]
 [Times: user=0.07 sys=0.00, real=0.01 secs] 
2022-11-03T08:17:09.985-0600: 309330.406: [GC pause (G1 Evacuation Pause) (young), 0.0123794 secs]
   [Parallel Time: 5.9 ms, GC Workers: 14]
      [GC Worker Start (ms): Min: 309330405.8, Avg: 309330405.9, Max: 309330406.0, Diff: 0.3]
      [Ext Root Scanning (ms): Min: 0.3, Avg: 0.9, Max: 5.4, Diff: 5.1, Sum: 12.4]
      [Update RS (ms): Min: 0.0, Avg: 0.4, Max: 0.7, Diff: 0.7, Sum: 5.5]
         [Processed Buffers: Min: 0, Avg: 3.0, Max: 12, Diff: 12, Sum: 42]
      [Scan RS (ms): Min: 0.0, Avg: 0.0, Max: 0.1, Diff: 0.1, Sum: 0.4]
      [Code Root Scanning (ms): Min: 0.0, Avg: 0.0, Max: 0.0, Diff: 0.0, Sum: 0.0]
      [Object Copy (ms): Min: 0.0, Avg: 0.6, Max: 0.8, Diff: 0.8, Sum: 8.5]
      [Termination (ms): Min: 0.0, Avg: 3.4, Max: 3.8, Diff: 3.8, Sum: 48.2]
         [Termination Attempts: Min: 1, Avg: 5.1, Max: 9, Diff: 8, Sum: 72]
      [GC Worker Other (ms): Min: 0.0, Avg: 0.0, Max: 0.0, Diff: 0.0, Sum: 0.1]
      [GC Worker Total (ms): Min: 5.2, Avg: 5.4, Max: 5.5, Diff: 0.3, Sum: 75.1]
      [GC Worker End (ms): Min: 309330411.2, Avg: 309330411.3, Max: 309330411.4, Diff: 0.1]
   [Code Root Fixup: 0.0 ms]
   [Code Root Purge: 0.0 ms]
   [Clear CT: 0.3 ms]
   [Other: 6.2 ms]
      [Choose CSet: 0.0 ms]
      [Ref Proc: 5.3 ms]
      [Ref Enq: 0.3 ms]
      [Redirty Cards: 0.2 ms]
      [Humongous Register: 0.0 ms]
      [Humongous Reclaim: 0.0 ms]
      [Free CSet: 0.3 ms]
   [Eden: 7152.0M(7152.0M)->0.0B(7152.0M) Survivors: 16384.0K->16384.0K Heap: 10614.0M(14336.0M)->3463.0M(14336.0M)]
 [Times: user=0.09 sys=0.01, real=0.01 secs] 
2022-11-03T08:19:14.978-0600: 309455.398: [GC pause (G1 Evacuation Pause) (young) (initial-mark), 0.0160900 secs]
   [Parallel Time: 10.1 ms, GC Workers: 14]
      [GC Worker Start (ms): Min: 309455400.3, Avg: 309455400.4, Max: 309455400.6, Diff: 0.3]
      [Ext Root Scanning (ms): Min: 5.9, Avg: 6.1, Max: 6.3, Diff: 0.4, Sum: 85.4]
      [Update RS (ms): Min: 0.2, Avg: 0.4, Max: 0.6, Diff: 0.3, Sum: 5.3]
         [Processed Buffers: Min: 1, Avg: 3.4, Max: 10, Diff: 9, Sum: 48]
      [Scan RS (ms): Min: 0.0, Avg: 0.0, Max: 0.1, Diff: 0.1, Sum: 0.4]
      [Code Root Scanning (ms): Min: 0.0, Avg: 0.0, Max: 0.0, Diff: 0.0, Sum: 0.0]
      [Object Copy (ms): Min: 0.3, Avg: 0.4, Max: 0.5, Diff: 0.2, Sum: 6.2]
      [Termination (ms): Min: 0.0, Avg: 0.0, Max: 0.0, Diff: 0.0, Sum: 0.0]
         [Termination Attempts: Min: 1, Avg: 1.4, Max: 2, Diff: 1, Sum: 19]
      [GC Worker Other (ms): Min: 0.0, Avg: 0.1, Max: 0.2, Diff: 0.2, Sum: 1.1]
      [GC Worker Total (ms): Min: 6.8, Avg: 7.0, Max: 7.2, Diff: 0.4, Sum: 98.5]
      [GC Worker End (ms): Min: 309455407.4, Avg: 309455407.5, Max: 309455407.7, Diff: 0.2]
   [Code Root Fixup: 0.0 ms]
   [Code Root Purge: 0.0 ms]
   [Clear CT: 0.6 ms]
   [Other: 5.5 ms]
      [Choose CSet: 0.0 ms]
      [Ref Proc: 4.8 ms]
      [Ref Enq: 0.2 ms]
      [Redirty Cards: 0.2 ms]
      [Humongous Register: 0.0 ms]
      [Humongous Reclaim: 0.0 ms]
      [Free CSet: 0.1 ms]
   [Eden: 7152.0M(7152.0M)->0.0B(7152.0M) Survivors: 16384.0K->16384.0K Heap: 10615.0M(14336.0M)->3464.5M(14336.0M)]
 [Times: user=0.10 sys=0.00, real=0.02 secs] 
2022-11-03T08:19:14.994-0600: 309455.414: [GC concurrent-root-region-scan-start]
2022-11-03T08:19:14.999-0600: 309455.419: [GC concurrent-root-region-scan-end, 0.0043431 secs]
2022-11-03T08:19:14.999-0600: 309455.419: [GC concurrent-mark-start]
2022-11-03T08:19:15.571-0600: 309455.992: [GC concurrent-mark-end, 0.5729438 secs]
2022-11-03T08:19:15.572-0600: 309455.992: [GC remark 2022-11-03T08:19:15.572-0600: 309455.992: [Finalize Marking, 0.0005879 secs] 2022-11-03T08:19:15.572-0600: 309455.993: [GC ref-proc, 0.0057492 secs] 2022-11-03T08:19:15.578-0600: 309455.998: [Unloading, 0.0205088 secs], 0.0292056 secs]
 [Times: user=0.31 sys=0.00, real=0.04 secs] 
2022-11-03T08:19:15.601-0600: 309456.021: [GC cleanup 3512M->3512M(14336M), 0.0053871 secs]
 [Times: user=0.04 sys=0.00, real=0.00 secs] 
2022-11-03T08:21:19.716-0600: 309580.136: [GC pause (G1 Evacuation Pause) (young), 0.0085271 secs]
   [Parallel Time: 3.6 ms, GC Workers: 14]
      [GC Worker Start (ms): Min: 309580136.1, Avg: 309580136.3, Max: 309580136.4, Diff: 0.3]
      [Ext Root Scanning (ms): Min: 0.4, Avg: 0.8, Max: 3.5, Diff: 3.1, Sum: 11.1]
      [Update RS (ms): Min: 0.0, Avg: 0.4, Max: 0.7, Diff: 0.7, Sum: 5.8]
         [Processed Buffers: Min: 0, Avg: 3.5, Max: 23, Diff: 23, Sum: 49]
      [Scan RS (ms): Min: 0.0, Avg: 0.0, Max: 0.1, Diff: 0.1, Sum: 0.5]
      [Code Root Scanning (ms): Min: 0.0, Avg: 0.0, Max: 0.0, Diff: 0.0, Sum: 0.0]
      [Object Copy (ms): Min: 0.0, Avg: 0.5, Max: 0.7, Diff: 0.7, Sum: 7.3]
      [Termination (ms): Min: 0.0, Avg: 1.6, Max: 1.8, Diff: 1.8, Sum: 22.5]
         [Termination Attempts: Min: 1, Avg: 1.1, Max: 2, Diff: 1, Sum: 15]
      [GC Worker Other (ms): Min: 0.0, Avg: 0.0, Max: 0.0, Diff: 0.0, Sum: 0.1]
      [GC Worker Total (ms): Min: 3.2, Avg: 3.4, Max: 3.5, Diff: 0.3, Sum: 47.2]
      [GC Worker End (ms): Min: 309580139.6, Avg: 309580139.6, Max: 309580139.6, Diff: 0.0]
   [Code Root Fixup: 0.0 ms]
   [Code Root Purge: 0.0 ms]
   [Clear CT: 0.3 ms]
   [Other: 4.7 ms]
      [Choose CSet: 0.0 ms]
      [Ref Proc: 3.9 ms]
      [Ref Enq: 0.3 ms]
      [Redirty Cards: 0.2 ms]
      [Humongous Register: 0.0 ms]
      [Humongous Reclaim: 0.0 ms]
      [Free CSet: 0.2 ms]
   [Eden: 7152.0M(7152.0M)->0.0B(7152.0M) Survivors: 16384.0K->16384.0K Heap: 10616.5M(14336.0M)->3463.4M(14336.0M)]
 [Times: user=0.07 sys=0.00, real=0.01 secs] 
2022-11-03T08:23:22.166-0600: 309702.586: [GC pause (G1 Evacuation Pause) (young), 0.0120986 secs]
   [Parallel Time: 5.9 ms, GC Workers: 14]
      [GC Worker Start (ms): Min: 309702586.1, Avg: 309702586.2, Max: 309702586.4, Diff: 0.3]
      [Ext Root Scanning (ms): Min: 0.2, Avg: 0.8, Max: 5.4, Diff: 5.1, Sum: 11.0]
      [Update RS (ms): Min: 0.0, Avg: 0.4, Max: 0.7, Diff: 0.7, Sum: 5.4]
         [Processed Buffers: Min: 0, Avg: 3.4, Max: 15, Diff: 15, Sum: 47]
      [Scan RS (ms): Min: 0.0, Avg: 0.0, Max: 0.1, Diff: 0.1, Sum: 0.4]
      [Code Root Scanning (ms): Min: 0.0, Avg: 0.0, Max: 0.0, Diff: 0.0, Sum: 0.0]
      [Object Copy (ms): Min: 0.0, Avg: 0.6, Max: 0.7, Diff: 0.7, Sum: 8.5]
      [Termination (ms): Min: 0.0, Avg: 3.5, Max: 3.9, Diff: 3.9, Sum: 49.3]
         [Termination Attempts: Min: 1, Avg: 7.6, Max: 11, Diff: 10, Sum: 107]
      [GC Worker Other (ms): Min: 0.0, Avg: 0.0, Max: 0.0, Diff: 0.0, Sum: 0.1]
      [GC Worker Total (ms): Min: 5.1, Avg: 5.3, Max: 5.5, Diff: 0.4, Sum: 74.7]
      [GC Worker End (ms): Min: 309702591.4, Avg: 309702591.5, Max: 309702591.6, Diff: 0.1]
   [Code Root Fixup: 0.0 ms]
   [Code Root Purge: 0.0 ms]
   [Clear CT: 0.3 ms]
   [Other: 5.9 ms]
      [Choose CSet: 0.0 ms]
      [Ref Proc: 5.1 ms]
      [Ref Enq: 0.3 ms]
      [Redirty Cards: 0.2 ms]
      [Humongous Register: 0.0 ms]
      [Humongous Reclaim: 0.0 ms]
      [Free CSet: 0.2 ms]
   [Eden: 7152.0M(7152.0M)->0.0B(7152.0M) Survivors: 16384.0K->16384.0K Heap: 10615.4M(14336.0M)->3464.4M(14336.0M)]
 [Times: user=0.10 sys=0.00, real=0.01 secs] 
2022-11-03T08:25:23.992-0600: 309824.413: [GC pause (G1 Evacuation Pause) (young) (initial-mark), 0.0128440 secs]
   [Parallel Time: 7.7 ms, GC Workers: 14]
      [GC Worker Start (ms): Min: 309824413.8, Avg: 309824413.9, Max: 309824414.1, Diff: 0.3]
      [Ext Root Scanning (ms): Min: 5.0, Avg: 5.2, Max: 5.4, Diff: 0.3, Sum: 73.1]
      [Update RS (ms): Min: 0.3, Avg: 0.3, Max: 0.6, Diff: 0.3, Sum: 4.8]
         [Processed Buffers: Min: 1, Avg: 3.4, Max: 16, Diff: 15, Sum: 47]
      [Scan RS (ms): Min: 0.0, Avg: 0.0, Max: 0.1, Diff: 0.1, Sum: 0.4]
      [Code Root Scanning (ms): Min: 0.0, Avg: 0.0, Max: 0.0, Diff: 0.0, Sum: 0.0]
      [Object Copy (ms): Min: 0.2, Avg: 0.4, Max: 0.5, Diff: 0.3, Sum: 6.2]
      [Termination (ms): Min: 0.0, Avg: 0.0, Max: 0.0, Diff: 0.0, Sum: 0.0]
         [Termination Attempts: Min: 1, Avg: 1.3, Max: 3, Diff: 2, Sum: 18]
      [GC Worker Other (ms): Min: 0.0, Avg: 0.1, Max: 0.2, Diff: 0.2, Sum: 1.0]
      [GC Worker Total (ms): Min: 6.0, Avg: 6.1, Max: 6.3, Diff: 0.3, Sum: 85.5]
      [GC Worker End (ms): Min: 309824420.0, Avg: 309824420.1, Max: 309824420.2, Diff: 0.2]
   [Code Root Fixup: 0.0 ms]
   [Code Root Purge: 0.0 ms]
   [Clear CT: 0.7 ms]
   [Other: 4.4 ms]
      [Choose CSet: 0.0 ms]
      [Ref Proc: 3.8 ms]
      [Ref Enq: 0.2 ms]
      [Redirty Cards: 0.2 ms]
      [Humongous Register: 0.0 ms]
      [Humongous Reclaim: 0.0 ms]
      [Free CSet: 0.1 ms]
   [Eden: 7152.0M(7152.0M)->0.0B(7152.0M) Survivors: 16384.0K->16384.0K Heap: 10616.4M(14336.0M)->3465.6M(14336.0M)]
 [Times: user=0.07 sys=0.00, real=0.01 secs] 
2022-11-03T08:25:24.005-0600: 309824.425: [GC concurrent-root-region-scan-start]
2022-11-03T08:25:24.009-0600: 309824.429: [GC concurrent-root-region-scan-end, 0.0036340 secs]
2022-11-03T08:25:24.009-0600: 309824.429: [GC concurrent-mark-start]
2022-11-03T08:25:24.571-0600: 309824.991: [GC concurrent-mark-end, 0.5619307 secs]
2022-11-03T08:25:24.571-0600: 309824.991: [GC remark 2022-11-03T08:25:24.571-0600: 309824.991: [Finalize Marking, 0.0013284 secs] 2022-11-03T08:25:24.572-0600: 309824.993: [GC ref-proc, 0.0062886 secs] 2022-11-03T08:25:24.579-0600: 309824.999: [Unloading, 0.0216824 secs], 0.0323288 secs]
 [Times: user=0.33 sys=0.00, real=0.04 secs] 
2022-11-03T08:25:24.603-0600: 309825.024: [GC cleanup 3497M->3497M(14336M), 0.0068794 secs]
 [Times: user=0.06 sys=0.00, real=0.00 secs] 
2022-11-03T08:27:27.971-0600: 309948.392: [GC pause (G1 Evacuation Pause) (young), 0.0096902 secs]
   [Parallel Time: 4.7 ms, GC Workers: 14]
      [GC Worker Start (ms): Min: 309948391.6, Avg: 309948391.7, Max: 309948391.9, Diff: 0.3]
      [Ext Root Scanning (ms): Min: 0.2, Avg: 0.7, Max: 4.4, Diff: 4.1, Sum: 9.8]
      [Update RS (ms): Min: 0.0, Avg: 0.3, Max: 0.6, Diff: 0.6, Sum: 4.8]
         [Processed Buffers: Min: 0, Avg: 3.5, Max: 20, Diff: 20, Sum: 49]
      [Scan RS (ms): Min: 0.0, Avg: 0.0, Max: 0.1, Diff: 0.1, Sum: 0.3]
      [Code Root Scanning (ms): Min: 0.0, Avg: 0.0, Max: 0.0, Diff: 0.0, Sum: 0.0]
      [Object Copy (ms): Min: 0.0, Avg: 0.6, Max: 0.7, Diff: 0.7, Sum: 7.9]
      [Termination (ms): Min: 0.0, Avg: 2.7, Max: 2.9, Diff: 2.9, Sum: 37.5]
         [Termination Attempts: Min: 1, Avg: 8.4, Max: 15, Diff: 14, Sum: 117]
      [GC Worker Other (ms): Min: 0.0, Avg: 0.0, Max: 0.0, Diff: 0.0, Sum: 0.1]
      [GC Worker Total (ms): Min: 4.2, Avg: 4.3, Max: 4.5, Diff: 0.3, Sum: 60.5]
      [GC Worker End (ms): Min: 309948396.0, Avg: 309948396.0, Max: 309948396.1, Diff: 0.1]
   [Code Root Fixup: 0.0 ms]
   [Code Root Purge: 0.0 ms]
   [Clear CT: 0.3 ms]
   [Other: 4.7 ms]
      [Choose CSet: 0.0 ms]
      [Ref Proc: 4.0 ms]
      [Ref Enq: 0.3 ms]
      [Redirty Cards: 0.2 ms]
      [Humongous Register: 0.0 ms]
      [Humongous Reclaim: 0.0 ms]
      [Free CSet: 0.1 ms]
   [Eden: 7152.0M(7152.0M)->0.0B(7152.0M) Survivors: 16384.0K->16384.0K Heap: 10617.6M(14336.0M)->3464.2M(14336.0M)]
 [Times: user=0.08 sys=0.00, real=0.02 secs] 
2022-11-03T08:29:31.317-0600: 310071.737: [GC pause (G1 Evacuation Pause) (young), 0.0113468 secs]
   [Parallel Time: 4.9 ms, GC Workers: 14]
      [GC Worker Start (ms): Min: 310071737.5, Avg: 310071737.7, Max: 310071737.8, Diff: 0.3]
      [Ext Root Scanning (ms): Min: 0.3, Avg: 0.7, Max: 4.7, Diff: 4.4, Sum: 10.3]
      [Update RS (ms): Min: 0.0, Avg: 0.3, Max: 0.6, Diff: 0.6, Sum: 4.8]
         [Processed Buffers: Min: 0, Avg: 3.7, Max: 16, Diff: 16, Sum: 52]
      [Scan RS (ms): Min: 0.0, Avg: 0.0, Max: 0.1, Diff: 0.1, Sum: 0.3]
      [Code Root Scanning (ms): Min: 0.0, Avg: 0.0, Max: 0.0, Diff: 0.0, Sum: 0.0]
      [Object Copy (ms): Min: 0.0, Avg: 0.4, Max: 0.6, Diff: 0.6, Sum: 6.3]
      [Termination (ms): Min: 0.0, Avg: 3.0, Max: 3.3, Diff: 3.3, Sum: 42.3]
         [Termination Attempts: Min: 1, Avg: 2.0, Max: 4, Diff: 3, Sum: 28]
      [GC Worker Other (ms): Min: 0.0, Avg: 0.0, Max: 0.0, Diff: 0.0, Sum: 0.1]
      [GC Worker Total (ms): Min: 4.4, Avg: 4.6, Max: 4.7, Diff: 0.3, Sum: 64.1]
      [GC Worker End (ms): Min: 310071742.2, Avg: 310071742.3, Max: 310071742.3, Diff: 0.1]
   [Code Root Fixup: 0.0 ms]
   [Code Root Purge: 0.0 ms]
   [Clear CT: 0.5 ms]
   [Other: 6.0 ms]
      [Choose CSet: 0.0 ms]
      [Ref Proc: 5.2 ms]
      [Ref Enq: 0.3 ms]
      [Redirty Cards: 0.3 ms]
      [Humongous Register: 0.0 ms]
      [Humongous Reclaim: 0.0 ms]
      [Free CSet: 0.1 ms]
   [Eden: 7152.0M(7152.0M)->0.0B(7152.0M) Survivors: 16384.0K->16384.0K Heap: 10616.2M(14336.0M)->3465.5M(14336.0M)]
 [Times: user=0.09 sys=0.00, real=0.01 secs] 
2022-11-03T08:31:36.343-0600: 310196.763: [GC pause (G1 Evacuation Pause) (young) (initial-mark), 0.0142056 secs]
   [Parallel Time: 7.3 ms, GC Workers: 14]
      [GC Worker Start (ms): Min: 310196765.2, Avg: 310196765.4, Max: 310196765.5, Diff: 0.3]
      [Ext Root Scanning (ms): Min: 3.9, Avg: 4.0, Max: 4.2, Diff: 0.3, Sum: 56.7]
      [Update RS (ms): Min: 0.3, Avg: 0.4, Max: 0.6, Diff: 0.3, Sum: 5.4]
         [Processed Buffers: Min: 1, Avg: 3.2, Max: 14, Diff: 13, Sum: 45]
      [Scan RS (ms): Min: 0.0, Avg: 0.0, Max: 0.1, Diff: 0.1, Sum: 0.4]
      [Code Root Scanning (ms): Min: 0.0, Avg: 0.0, Max: 0.0, Diff: 0.0, Sum: 0.0]
      [Object Copy (ms): Min: 0.3, Avg: 0.5, Max: 0.6, Diff: 0.3, Sum: 7.5]
      [Termination (ms): Min: 0.0, Avg: 0.0, Max: 0.0, Diff: 0.0, Sum: 0.1]
         [Termination Attempts: Min: 1, Avg: 11.4, Max: 15, Diff: 14, Sum: 159]
      [GC Worker Other (ms): Min: 0.0, Avg: 0.1, Max: 0.1, Diff: 0.1, Sum: 0.8]
      [GC Worker Total (ms): Min: 4.9, Avg: 5.1, Max: 5.3, Diff: 0.3, Sum: 70.9]
      [GC Worker End (ms): Min: 310196770.4, Avg: 310196770.4, Max: 310196770.5, Diff: 0.1]
   [Code Root Fixup: 0.0 ms]
   [Code Root Purge: 0.0 ms]
   [Clear CT: 0.8 ms]
   [Other: 6.1 ms]
      [Choose CSet: 0.0 ms]
      [Ref Proc: 4.8 ms]
      [Ref Enq: 0.7 ms]
      [Redirty Cards: 0.2 ms]
      [Humongous Register: 0.0 ms]
      [Humongous Reclaim: 0.0 ms]
      [Free CSet: 0.2 ms]
   [Eden: 7152.0M(7152.0M)->0.0B(7152.0M) Survivors: 16384.0K->16384.0K Heap: 10617.5M(14336.0M)->3464.4M(14336.0M)]
 [Times: user=0.09 sys=0.00, real=0.01 secs] 
2022-11-03T08:31:36.357-0600: 310196.778: [GC concurrent-root-region-scan-start]
2022-11-03T08:31:36.364-0600: 310196.785: [GC concurrent-root-region-scan-end, 0.0069022 secs]
2022-11-03T08:31:36.364-0600: 310196.785: [GC concurrent-mark-start]
2022-11-03T08:31:36.919-0600: 310197.339: [GC concurrent-mark-end, 0.5547316 secs]
2022-11-03T08:31:36.919-0600: 310197.340: [GC remark 2022-11-03T08:31:36.919-0600: 310197.340: [Finalize Marking, 0.0005563 secs] 2022-11-03T08:31:36.920-0600: 310197.340: [GC ref-proc, 0.0086405 secs] 2022-11-03T08:31:36.928-0600: 310197.349: [Unloading, 0.0214047 secs], 0.0334675 secs]
 [Times: user=0.33 sys=0.00, real=0.04 secs] 
2022-11-03T08:31:36.953-0600: 310197.373: [GC cleanup 3496M->3496M(14336M), 0.0064326 secs]
 [Times: user=0.05 sys=0.00, real=0.00 secs] 
2022-11-03T08:33:39.967-0600: 310320.387: [GC pause (G1 Evacuation Pause) (young), 0.0142891 secs]
   [Parallel Time: 6.4 ms, GC Workers: 14]
      [GC Worker Start (ms): Min: 310320387.5, Avg: 310320387.7, Max: 310320387.8, Diff: 0.3]
      [Ext Root Scanning (ms): Min: 0.3, Avg: 0.8, Max: 5.2, Diff: 5.0, Sum: 10.8]
      [Update RS (ms): Min: 0.0, Avg: 0.4, Max: 0.9, Diff: 0.9, Sum: 5.8]
         [Processed Buffers: Min: 0, Avg: 4.0, Max: 13, Diff: 13, Sum: 56]
      [Scan RS (ms): Min: 0.0, Avg: 0.0, Max: 0.1, Diff: 0.1, Sum: 0.4]
      [Code Root Scanning (ms): Min: 0.0, Avg: 0.0, Max: 0.0, Diff: 0.0, Sum: 0.0]
      [Object Copy (ms): Min: 0.0, Avg: 0.7, Max: 0.9, Diff: 0.9, Sum: 10.1]
      [Termination (ms): Min: 0.0, Avg: 3.2, Max: 3.5, Diff: 3.5, Sum: 45.3]
         [Termination Attempts: Min: 1, Avg: 5.6, Max: 9, Diff: 8, Sum: 79]
      [GC Worker Other (ms): Min: 0.0, Avg: 0.0, Max: 0.0, Diff: 0.0, Sum: 0.1]
      [GC Worker Total (ms): Min: 5.0, Avg: 5.2, Max: 5.3, Diff: 0.3, Sum: 72.4]
      [GC Worker End (ms): Min: 310320392.8, Avg: 310320392.8, Max: 310320392.9, Diff: 0.1]
   [Code Root Fixup: 0.0 ms]
   [Code Root Purge: 0.0 ms]
   [Clear CT: 0.9 ms]
   [Other: 7.0 ms]
      [Choose CSet: 0.0 ms]
      [Ref Proc: 6.0 ms]
      [Ref Enq: 0.3 ms]
      [Redirty Cards: 0.2 ms]
      [Humongous Register: 0.0 ms]
      [Humongous Reclaim: 0.0 ms]
      [Free CSet: 0.3 ms]
   [Eden: 7152.0M(7152.0M)->0.0B(7152.0M) Survivors: 16384.0K->16384.0K Heap: 10616.4M(14336.0M)->3465.1M(14336.0M)]
 [Times: user=0.11 sys=0.00, real=0.02 secs] 
2022-11-03T08:35:42.919-0600: 310443.340: [GC pause (G1 Evacuation Pause) (young), 0.0134532 secs]
   [Parallel Time: 6.2 ms, GC Workers: 14]
      [GC Worker Start (ms): Min: 310443339.9, Avg: 310443340.0, Max: 310443340.2, Diff: 0.3]
      [Ext Root Scanning (ms): Min: 0.3, Avg: 0.9, Max: 5.3, Diff: 5.0, Sum: 12.4]
      [Update RS (ms): Min: 0.0, Avg: 0.5, Max: 0.8, Diff: 0.8, Sum: 6.4]
         [Processed Buffers: Min: 0, Avg: 3.4, Max: 19, Diff: 19, Sum: 48]
      [Scan RS (ms): Min: 0.0, Avg: 0.0, Max: 0.1, Diff: 0.1, Sum: 0.4]
      [Code Root Scanning (ms): Min: 0.0, Avg: 0.0, Max: 0.0, Diff: 0.0, Sum: 0.0]
      [Object Copy (ms): Min: 0.0, Avg: 0.7, Max: 0.9, Diff: 0.9, Sum: 9.5]
      [Termination (ms): Min: 0.0, Avg: 3.1, Max: 3.4, Diff: 3.4, Sum: 43.8]
         [Termination Attempts: Min: 1, Avg: 7.5, Max: 13, Diff: 12, Sum: 105]
      [GC Worker Other (ms): Min: 0.0, Avg: 0.0, Max: 0.0, Diff: 0.0, Sum: 0.1]
      [GC Worker Total (ms): Min: 5.0, Avg: 5.2, Max: 5.3, Diff: 0.3, Sum: 72.7]
      [GC Worker End (ms): Min: 310443345.2, Avg: 310443345.2, Max: 310443345.2, Diff: 0.1]
   [Code Root Fixup: 0.0 ms]
   [Code Root Purge: 0.0 ms]
   [Clear CT: 0.4 ms]
   [Other: 6.9 ms]
      [Choose CSet: 0.0 ms]
      [Ref Proc: 5.7 ms]
      [Ref Enq: 0.4 ms]
      [Redirty Cards: 0.5 ms]
      [Humongous Register: 0.0 ms]
      [Humongous Reclaim: 0.0 ms]
      [Free CSet: 0.1 ms]
   [Eden: 7152.0M(7152.0M)->0.0B(7152.0M) Survivors: 16384.0K->16384.0K Heap: 10617.1M(14336.0M)->3467.9M(14336.0M)]
 [Times: user=0.09 sys=0.00, real=0.02 secs] 
2022-11-03T08:37:44.129-0600: 310564.549: [GC pause (G1 Evacuation Pause) (young) (initial-mark), 0.0121280 secs]
   [Parallel Time: 7.7 ms, GC Workers: 14]
      [GC Worker Start (ms): Min: 310564550.4, Avg: 310564550.5, Max: 310564550.7, Diff: 0.3]
      [Ext Root Scanning (ms): Min: 4.4, Avg: 4.5, Max: 4.7, Diff: 0.4, Sum: 63.7]
      [Update RS (ms): Min: 0.3, Avg: 0.4, Max: 0.5, Diff: 0.3, Sum: 5.1]
         [Processed Buffers: Min: 1, Avg: 3.8, Max: 13, Diff: 12, Sum: 53]
      [Scan RS (ms): Min: 0.0, Avg: 0.0, Max: 0.1, Diff: 0.0, Sum: 0.3]
      [Code Root Scanning (ms): Min: 0.0, Avg: 0.0, Max: 0.0, Diff: 0.0, Sum: 0.0]
      [Object Copy (ms): Min: 0.4, Avg: 0.6, Max: 0.6, Diff: 0.2, Sum: 7.8]
      [Termination (ms): Min: 0.0, Avg: 0.1, Max: 0.1, Diff: 0.1, Sum: 0.9]
         [Termination Attempts: Min: 1, Avg: 5.6, Max: 9, Diff: 8, Sum: 78]
      [GC Worker Other (ms): Min: 0.0, Avg: 0.0, Max: 0.1, Diff: 0.1, Sum: 0.3]
      [GC Worker Total (ms): Min: 5.4, Avg: 5.6, Max: 5.7, Diff: 0.3, Sum: 78.1]
      [GC Worker End (ms): Min: 310564556.1, Avg: 310564556.1, Max: 310564556.1, Diff: 0.1]
   [Code Root Fixup: 0.0 ms]
   [Code Root Purge: 0.0 ms]
   [Clear CT: 0.3 ms]
   [Other: 4.1 ms]
      [Choose CSet: 0.0 ms]
      [Ref Proc: 3.5 ms]
      [Ref Enq: 0.2 ms]
      [Redirty Cards: 0.2 ms]
      [Humongous Register: 0.0 ms]
      [Humongous Reclaim: 0.0 ms]
      [Free CSet: 0.1 ms]
   [Eden: 7152.0M(7152.0M)->0.0B(7152.0M) Survivors: 16384.0K->16384.0K Heap: 10619.9M(14336.0M)->3466.7M(14336.0M)]
 [Times: user=0.05 sys=0.02, real=0.02 secs] 
2022-11-03T08:37:44.141-0600: 310564.561: [GC concurrent-root-region-scan-start]
2022-11-03T08:37:44.145-0600: 310564.565: [GC concurrent-root-region-scan-end, 0.0042125 secs]
2022-11-03T08:37:44.145-0600: 310564.565: [GC concurrent-mark-start]
2022-11-03T08:37:44.723-0600: 310565.144: [GC concurrent-mark-end, 0.5781544 secs]
2022-11-03T08:37:44.724-0600: 310565.144: [GC remark 2022-11-03T08:37:44.724-0600: 310565.144: [Finalize Marking, 0.0005381 secs] 2022-11-03T08:37:44.724-0600: 310565.144: [GC ref-proc, 0.0073440 secs] 2022-11-03T08:37:44.731-0600: 310565.152: [Unloading, 0.0217549 secs], 0.0317089 secs]
 [Times: user=0.32 sys=0.00, real=0.03 secs] 
2022-11-03T08:37:44.756-0600: 310565.176: [GC cleanup 3498M->3498M(14336M), 0.0073377 secs]
 [Times: user=0.06 sys=0.00, real=0.01 secs] 
2022-11-03T08:39:46.916-0600: 310687.336: [GC pause (G1 Evacuation Pause) (young), 0.0104941 secs]
   [Parallel Time: 4.9 ms, GC Workers: 14]
      [GC Worker Start (ms): Min: 310687336.4, Avg: 310687336.6, Max: 310687336.7, Diff: 0.3]
      [Ext Root Scanning (ms): Min: 0.2, Avg: 0.8, Max: 4.5, Diff: 4.3, Sum: 10.6]
      [Update RS (ms): Min: 0.0, Avg: 0.3, Max: 0.6, Diff: 0.6, Sum: 4.5]
         [Processed Buffers: Min: 0, Avg: 3.2, Max: 10, Diff: 10, Sum: 45]
      [Scan RS (ms): Min: 0.0, Avg: 0.0, Max: 0.1, Diff: 0.0, Sum: 0.3]
      [Code Root Scanning (ms): Min: 0.0, Avg: 0.0, Max: 0.0, Diff: 0.0, Sum: 0.0]
      [Object Copy (ms): Min: 0.0, Avg: 0.5, Max: 0.6, Diff: 0.6, Sum: 6.8]
      [Termination (ms): Min: 0.0, Avg: 2.9, Max: 3.2, Diff: 3.2, Sum: 40.0]
         [Termination Attempts: Min: 1, Avg: 23.1, Max: 35, Diff: 34, Sum: 324]
      [GC Worker Other (ms): Min: 0.0, Avg: 0.0, Max: 0.0, Diff: 0.0, Sum: 0.1]
      [GC Worker Total (ms): Min: 4.3, Avg: 4.5, Max: 4.6, Diff: 0.3, Sum: 62.3]
      [GC Worker End (ms): Min: 310687341.0, Avg: 310687341.0, Max: 310687341.1, Diff: 0.1]
   [Code Root Fixup: 0.0 ms]
   [Code Root Purge: 0.0 ms]
   [Clear CT: 0.3 ms]
   [Other: 5.3 ms]
      [Choose CSet: 0.0 ms]
      [Ref Proc: 4.5 ms]
      [Ref Enq: 0.4 ms]
      [Redirty Cards: 0.2 ms]
      [Humongous Register: 0.0 ms]
      [Humongous Reclaim: 0.0 ms]
      [Free CSet: 0.1 ms]
   [Eden: 7152.0M(7152.0M)->0.0B(5712.0M) Survivors: 16384.0K->16384.0K Heap: 10618.7M(14336.0M)->3464.7M(14336.0M)]
 [Times: user=0.08 sys=0.00, real=0.01 secs] 
2022-11-03T08:41:24.561-0600: 310784.981: [GC pause (G1 Evacuation Pause) (mixed), 0.0120600 secs]
   [Parallel Time: 6.5 ms, GC Workers: 14]
      [GC Worker Start (ms): Min: 310784981.5, Avg: 310784981.6, Max: 310784981.7, Diff: 0.3]
      [Ext Root Scanning (ms): Min: 0.3, Avg: 0.9, Max: 6.0, Diff: 5.8, Sum: 12.0]
      [Update RS (ms): Min: 0.0, Avg: 0.3, Max: 0.6, Diff: 0.6, Sum: 4.5]
         [Processed Buffers: Min: 0, Avg: 2.9, Max: 15, Diff: 15, Sum: 41]
      [Scan RS (ms): Min: 0.0, Avg: 0.4, Max: 0.6, Diff: 0.5, Sum: 5.7]
      [Code Root Scanning (ms): Min: 0.0, Avg: 0.0, Max: 0.0, Diff: 0.0, Sum: 0.0]
      [Object Copy (ms): Min: 0.0, Avg: 1.3, Max: 1.4, Diff: 1.4, Sum: 17.6]
      [Termination (ms): Min: 0.0, Avg: 3.1, Max: 3.4, Diff: 3.4, Sum: 43.8]
         [Termination Attempts: Min: 1, Avg: 39.4, Max: 57, Diff: 56, Sum: 552]
      [GC Worker Other (ms): Min: 0.0, Avg: 0.0, Max: 0.0, Diff: 0.0, Sum: 0.1]
      [GC Worker Total (ms): Min: 5.8, Avg: 6.0, Max: 6.1, Diff: 0.3, Sum: 83.7]
      [GC Worker End (ms): Min: 310784987.5, Avg: 310784987.6, Max: 310784987.6, Diff: 0.1]
   [Code Root Fixup: 0.0 ms]
   [Code Root Purge: 0.0 ms]
   [Clear CT: 0.5 ms]
   [Other: 5.1 ms]
      [Choose CSet: 0.0 ms]
      [Ref Proc: 4.4 ms]
      [Ref Enq: 0.2 ms]
      [Redirty Cards: 0.2 ms]
      [Humongous Register: 0.0 ms]
      [Humongous Reclaim: 0.0 ms]
      [Free CSet: 0.1 ms]
   [Eden: 5712.0M(5712.0M)->0.0B(7152.0M) Survivors: 16384.0K->16384.0K Heap: 9176.7M(14336.0M)->3455.3M(14336.0M)]
 [Times: user=0.10 sys=0.00, real=0.01 secs] 
2022-11-03T08:43:24.172-0600: 310904.592: [GC pause (G1 Evacuation Pause) (young), 0.0128707 secs]
   [Parallel Time: 7.6 ms, GC Workers: 14]
      [GC Worker Start (ms): Min: 310904592.3, Avg: 310904592.5, Max: 310904592.6, Diff: 0.3]
      [Ext Root Scanning (ms): Min: 0.2, Avg: 0.9, Max: 7.2, Diff: 7.0, Sum: 12.4]
      [Update RS (ms): Min: 0.0, Avg: 1.3, Max: 1.6, Diff: 1.6, Sum: 18.0]
         [Processed Buffers: Min: 0, Avg: 7.1, Max: 17, Diff: 17, Sum: 100]
      [Scan RS (ms): Min: 0.0, Avg: 0.0, Max: 0.1, Diff: 0.1, Sum: 0.3]
      [Code Root Scanning (ms): Min: 0.0, Avg: 0.0, Max: 0.0, Diff: 0.0, Sum: 0.0]
      [Object Copy (ms): Min: 0.0, Avg: 3.4, Max: 3.8, Diff: 3.7, Sum: 47.8]
      [Termination (ms): Min: 0.0, Avg: 1.5, Max: 1.7, Diff: 1.7, Sum: 21.4]
         [Termination Attempts: Min: 1, Avg: 41.1, Max: 54, Diff: 53, Sum: 575]
      [GC Worker Other (ms): Min: 0.0, Avg: 0.0, Max: 0.0, Diff: 0.0, Sum: 0.1]
      [GC Worker Total (ms): Min: 7.0, Avg: 7.2, Max: 7.2, Diff: 0.2, Sum: 100.2]
      [GC Worker End (ms): Min: 310904599.6, Avg: 310904599.6, Max: 310904599.6, Diff: 0.1]
   [Code Root Fixup: 0.0 ms]
   [Code Root Purge: 0.0 ms]
   [Clear CT: 0.4 ms]
   [Other: 4.9 ms]
      [Choose CSet: 0.0 ms]
      [Ref Proc: 4.3 ms]
      [Ref Enq: 0.2 ms]
      [Redirty Cards: 0.2 ms]
      [Humongous Register: 0.0 ms]
      [Humongous Reclaim: 0.0 ms]
      [Free CSet: 0.1 ms]
   [Eden: 7152.0M(7152.0M)->0.0B(7136.0M) Survivors: 16384.0K->32768.0K Heap: 10607.3M(14336.0M)->3481.9M(14336.0M)]
 [Times: user=0.12 sys=0.00, real=0.02 secs] 
2022-11-03T08:45:19.181-0600: 311019.602: [GC pause (G1 Evacuation Pause) (young) (initial-mark), 0.0143230 secs]
   [Parallel Time: 8.5 ms, GC Workers: 14]
      [GC Worker Start (ms): Min: 311019603.2, Avg: 311019603.3, Max: 311019603.4, Diff: 0.2]
      [Ext Root Scanning (ms): Min: 4.4, Avg: 4.6, Max: 4.7, Diff: 0.3, Sum: 63.7]
      [Update RS (ms): Min: 0.4, Avg: 0.6, Max: 0.9, Diff: 0.5, Sum: 7.7]
         [Processed Buffers: Min: 1, Avg: 4.0, Max: 10, Diff: 9, Sum: 56]
      [Scan RS (ms): Min: 0.0, Avg: 0.0, Max: 0.1, Diff: 0.1, Sum: 0.4]
      [Code Root Scanning (ms): Min: 0.0, Avg: 0.0, Max: 0.0, Diff: 0.0, Sum: 0.0]
      [Object Copy (ms): Min: 0.8, Avg: 1.1, Max: 1.2, Diff: 0.4, Sum: 15.3]
      [Termination (ms): Min: 0.0, Avg: 0.0, Max: 0.0, Diff: 0.0, Sum: 0.1]
         [Termination Attempts: Min: 1, Avg: 15.1, Max: 23, Diff: 22, Sum: 212]
      [GC Worker Other (ms): Min: 0.0, Avg: 0.1, Max: 0.2, Diff: 0.2, Sum: 1.4]
      [GC Worker Total (ms): Min: 6.2, Avg: 6.3, Max: 6.5, Diff: 0.3, Sum: 88.7]
      [GC Worker End (ms): Min: 311019609.5, Avg: 311019609.6, Max: 311019609.7, Diff: 0.2]
   [Code Root Fixup: 0.0 ms]
   [Code Root Purge: 0.0 ms]
   [Clear CT: 0.4 ms]
   [Other: 5.4 ms]
      [Choose CSet: 0.0 ms]
      [Ref Proc: 4.3 ms]
      [Ref Enq: 0.7 ms]
      [Redirty Cards: 0.2 ms]
      [Humongous Register: 0.0 ms]
      [Humongous Reclaim: 0.0 ms]
      [Free CSet: 0.1 ms]
   [Eden: 7136.0M(7136.0M)->0.0B(7120.0M) Survivors: 32768.0K->49152.0K Heap: 10617.9M(14336.0M)->3491.7M(14336.0M)]
 [Times: user=0.09 sys=0.00, real=0.01 secs] 
2022-11-03T08:45:19.196-0600: 311019.616: [GC concurrent-root-region-scan-start]
2022-11-03T08:45:19.202-0600: 311019.622: [GC concurrent-root-region-scan-end, 0.0057144 secs]
2022-11-03T08:45:19.202-0600: 311019.622: [GC concurrent-mark-start]
2022-11-03T08:45:19.821-0600: 311020.241: [GC concurrent-mark-end, 0.6190545 secs]
2022-11-03T08:45:19.821-0600: 311020.241: [GC remark 2022-11-03T08:45:19.821-0600: 311020.241: [Finalize Marking, 0.0005012 secs] 2022-11-03T08:45:19.821-0600: 311020.242: [GC ref-proc, 0.0089188 secs] 2022-11-03T08:45:19.830-0600: 311020.251: [Unloading, 0.0237913 secs], 0.0464453 secs]
 [Times: user=0.37 sys=0.00, real=0.04 secs] 
2022-11-03T08:45:19.868-0600: 311020.288: [GC cleanup 3523M->3523M(14336M), 0.0062352 secs]
 [Times: user=0.06 sys=0.00, real=0.01 secs] 
2022-11-03T08:47:22.988-0600: 311143.408: [GC pause (G1 Evacuation Pause) (young), 0.0092786 secs]
   [Parallel Time: 3.8 ms, GC Workers: 14]
      [GC Worker Start (ms): Min: 311143408.5, Avg: 311143408.6, Max: 311143408.8, Diff: 0.3]
      [Ext Root Scanning (ms): Min: 0.3, Avg: 0.7, Max: 3.3, Diff: 3.0, Sum: 9.5]
      [Update RS (ms): Min: 0.0, Avg: 0.5, Max: 0.8, Diff: 0.8, Sum: 7.4]
         [Processed Buffers: Min: 0, Avg: 4.2, Max: 16, Diff: 16, Sum: 59]
      [Scan RS (ms): Min: 0.0, Avg: 0.0, Max: 0.1, Diff: 0.1, Sum: 0.3]
      [Code Root Scanning (ms): Min: 0.0, Avg: 0.0, Max: 0.0, Diff: 0.0, Sum: 0.0]
      [Object Copy (ms): Min: 0.0, Avg: 0.7, Max: 0.9, Diff: 0.9, Sum: 10.5]
      [Termination (ms): Min: 0.0, Avg: 1.2, Max: 1.4, Diff: 1.4, Sum: 17.4]
         [Termination Attempts: Min: 1, Avg: 11.1, Max: 22, Diff: 21, Sum: 156]
      [GC Worker Other (ms): Min: 0.0, Avg: 0.0, Max: 0.0, Diff: 0.0, Sum: 0.1]
      [GC Worker Total (ms): Min: 3.1, Avg: 3.2, Max: 3.4, Diff: 0.3, Sum: 45.2]
      [GC Worker End (ms): Min: 311143411.8, Avg: 311143411.9, Max: 311143411.9, Diff: 0.1]
   [Code Root Fixup: 0.0 ms]
   [Code Root Purge: 0.0 ms]
   [Clear CT: 0.5 ms]
   [Other: 5.0 ms]
      [Choose CSet: 0.0 ms]
      [Ref Proc: 4.3 ms]
      [Ref Enq: 0.3 ms]
      [Redirty Cards: 0.2 ms]
      [Humongous Register: 0.0 ms]
      [Humongous Reclaim: 0.0 ms]
      [Free CSet: 0.1 ms]
   [Eden: 7120.0M(7120.0M)->0.0B(7152.0M) Survivors: 49152.0K->16384.0K Heap: 10611.7M(14336.0M)->3469.8M(14336.0M)]
 [Times: user=0.06 sys=0.01, real=0.01 secs] 
2022-11-03T08:49:25.666-0600: 311266.086: [GC pause (G1 Evacuation Pause) (young), 0.0093364 secs]
   [Parallel Time: 3.8 ms, GC Workers: 14]
      [GC Worker Start (ms): Min: 311266086.1, Avg: 311266086.2, Max: 311266086.3, Diff: 0.2]
      [Ext Root Scanning (ms): Min: 0.3, Avg: 0.7, Max: 3.4, Diff: 3.1, Sum: 10.2]
      [Update RS (ms): Min: 0.0, Avg: 0.6, Max: 0.9, Diff: 0.9, Sum: 8.4]
         [Processed Buffers: Min: 0, Avg: 4.3, Max: 15, Diff: 15, Sum: 60]
      [Scan RS (ms): Min: 0.0, Avg: 0.0, Max: 0.1, Diff: 0.1, Sum: 0.3]
      [Code Root Scanning (ms): Min: 0.0, Avg: 0.0, Max: 0.0, Diff: 0.0, Sum: 0.0]
      [Object Copy (ms): Min: 0.0, Avg: 0.7, Max: 0.8, Diff: 0.8, Sum: 9.2]
      [Termination (ms): Min: 0.0, Avg: 1.4, Max: 1.6, Diff: 1.6, Sum: 19.2]
         [Termination Attempts: Min: 1, Avg: 1.4, Max: 3, Diff: 2, Sum: 20]
      [GC Worker Other (ms): Min: 0.0, Avg: 0.0, Max: 0.0, Diff: 0.0, Sum: 0.1]
      [GC Worker Total (ms): Min: 3.2, Avg: 3.4, Max: 3.5, Diff: 0.2, Sum: 47.4]
      [GC Worker End (ms): Min: 311266089.6, Avg: 311266089.6, Max: 311266089.7, Diff: 0.1]
   [Code Root Fixup: 0.0 ms]
   [Code Root Purge: 0.0 ms]
   [Clear CT: 0.4 ms]
   [Other: 5.2 ms]
      [Choose CSet: 0.0 ms]
      [Ref Proc: 3.9 ms]
      [Ref Enq: 0.2 ms]
      [Redirty Cards: 0.8 ms]
      [Humongous Register: 0.0 ms]
      [Humongous Reclaim: 0.0 ms]
      [Free CSet: 0.1 ms]
   [Eden: 7152.0M(7152.0M)->0.0B(7152.0M) Survivors: 16384.0K->16384.0K Heap: 10621.8M(14336.0M)->3466.4M(14336.0M)]
 [Times: user=0.06 sys=0.00, real=0.01 secs] 
2022-11-03T08:51:28.066-0600: 311388.486: [GC pause (G1 Evacuation Pause) (young) (initial-mark), 0.0120669 secs]
   [Parallel Time: 7.1 ms, GC Workers: 14]
      [GC Worker Start (ms): Min: 311388488.2, Avg: 311388488.3, Max: 311388488.4, Diff: 0.3]
      [Ext Root Scanning (ms): Min: 3.8, Avg: 4.0, Max: 4.1, Diff: 0.3, Sum: 55.8]
      [Update RS (ms): Min: 0.3, Avg: 0.5, Max: 0.7, Diff: 0.3, Sum: 6.4]
         [Processed Buffers: Min: 1, Avg: 3.2, Max: 15, Diff: 14, Sum: 45]
      [Scan RS (ms): Min: 0.0, Avg: 0.0, Max: 0.1, Diff: 0.1, Sum: 0.5]
      [Code Root Scanning (ms): Min: 0.0, Avg: 0.0, Max: 0.0, Diff: 0.0, Sum: 0.0]
      [Object Copy (ms): Min: 0.4, Avg: 0.5, Max: 0.6, Diff: 0.2, Sum: 7.3]
      [Termination (ms): Min: 0.0, Avg: 0.0, Max: 0.0, Diff: 0.0, Sum: 0.1]
         [Termination Attempts: Min: 1, Avg: 9.0, Max: 13, Diff: 12, Sum: 126]
      [GC Worker Other (ms): Min: 0.0, Avg: 0.1, Max: 0.2, Diff: 0.2, Sum: 1.2]
      [GC Worker Total (ms): Min: 4.9, Avg: 5.1, Max: 5.2, Diff: 0.3, Sum: 71.4]
      [GC Worker End (ms): Min: 311388493.3, Avg: 311388493.4, Max: 311388493.5, Diff: 0.2]
   [Code Root Fixup: 0.0 ms]
   [Code Root Purge: 0.0 ms]
   [Clear CT: 0.3 ms]
   [Other: 4.6 ms]
      [Choose CSet: 0.0 ms]
      [Ref Proc: 3.8 ms]
      [Ref Enq: 0.3 ms]
      [Redirty Cards: 0.2 ms]
      [Humongous Register: 0.0 ms]
      [Humongous Reclaim: 0.0 ms]
      [Free CSet: 0.1 ms]
   [Eden: 7152.0M(7152.0M)->0.0B(7152.0M) Survivors: 16384.0K->16384.0K Heap: 10618.4M(14336.0M)->3465.7M(14336.0M)]
 [Times: user=0.08 sys=0.00, real=0.01 secs] 
2022-11-03T08:51:28.078-0600: 311388.499: [GC concurrent-root-region-scan-start]
2022-11-03T08:51:28.084-0600: 311388.504: [GC concurrent-root-region-scan-end, 0.0054973 secs]
2022-11-03T08:51:28.084-0600: 311388.504: [GC concurrent-mark-start]
2022-11-03T08:51:28.653-0600: 311389.074: [GC concurrent-mark-end, 0.5696303 secs]
2022-11-03T08:51:28.654-0600: 311389.074: [GC remark 2022-11-03T08:51:28.654-0600: 311389.074: [Finalize Marking, 0.0006317 secs] 2022-11-03T08:51:28.654-0600: 311389.075: [GC ref-proc, 0.0118296 secs] 2022-11-03T08:51:28.666-0600: 311389.087: [Unloading, 0.0220990 secs], 0.0382810 secs]
 [Times: user=0.36 sys=0.00, real=0.03 secs] 
2022-11-03T08:51:28.692-0600: 311389.113: [GC cleanup 3497M->3497M(14336M), 0.0062652 secs]
 [Times: user=0.06 sys=0.00, real=0.00 secs] 
2022-11-03T08:53:28.988-0600: 311509.408: [GC pause (G1 Evacuation Pause) (young), 0.0100099 secs]
   [Parallel Time: 3.8 ms, GC Workers: 14]
      [GC Worker Start (ms): Min: 311509408.5, Avg: 311509408.7, Max: 311509408.9, Diff: 0.4]
      [Ext Root Scanning (ms): Min: 0.3, Avg: 0.7, Max: 3.4, Diff: 3.1, Sum: 9.6]
      [Update RS (ms): Min: 0.0, Avg: 0.4, Max: 0.8, Diff: 0.8, Sum: 6.2]
         [Processed Buffers: Min: 0, Avg: 3.9, Max: 13, Diff: 13, Sum: 55]
      [Scan RS (ms): Min: 0.0, Avg: 0.0, Max: 0.1, Diff: 0.1, Sum: 0.4]
      [Code Root Scanning (ms): Min: 0.0, Avg: 0.0, Max: 0.0, Diff: 0.0, Sum: 0.0]
      [Object Copy (ms): Min: 0.0, Avg: 0.6, Max: 0.7, Diff: 0.7, Sum: 7.8]
      [Termination (ms): Min: 0.0, Avg: 1.5, Max: 1.7, Diff: 1.7, Sum: 21.0]
         [Termination Attempts: Min: 1, Avg: 7.4, Max: 14, Diff: 13, Sum: 104]
      [GC Worker Other (ms): Min: 0.0, Avg: 0.0, Max: 0.0, Diff: 0.0, Sum: 0.1]
      [GC Worker Total (ms): Min: 3.1, Avg: 3.2, Max: 3.4, Diff: 0.4, Sum: 45.1]
      [GC Worker End (ms): Min: 311509411.9, Avg: 311509412.0, Max: 311509412.0, Diff: 0.1]
   [Code Root Fixup: 0.0 ms]
   [Code Root Purge: 0.0 ms]
   [Clear CT: 0.5 ms]
   [Other: 5.8 ms]
      [Choose CSet: 0.0 ms]
      [Ref Proc: 4.6 ms]
      [Ref Enq: 0.2 ms]
      [Redirty Cards: 0.8 ms]
      [Humongous Register: 0.0 ms]
      [Humongous Reclaim: 0.0 ms]
      [Free CSet: 0.1 ms]
   [Eden: 7152.0M(7152.0M)->0.0B(7152.0M) Survivors: 16384.0K->16384.0K Heap: 10617.7M(14336.0M)->3465.5M(14336.0M)]
 [Times: user=0.05 sys=0.01, real=0.01 secs] 
2022-11-03T08:55:29.945-0600: 311630.366: [GC pause (G1 Evacuation Pause) (young), 0.0529240 secs]
   [Parallel Time: 9.7 ms, GC Workers: 14]
      [GC Worker Start (ms): Min: 311630365.8, Avg: 311630366.7, Max: 311630368.7, Diff: 2.8]
      [Ext Root Scanning (ms): Min: 0.0, Avg: 0.7, Max: 4.1, Diff: 4.1, Sum: 9.7]
      [Update RS (ms): Min: 0.0, Avg: 0.4, Max: 0.8, Diff: 0.8, Sum: 5.2]
         [Processed Buffers: Min: 0, Avg: 3.1, Max: 14, Diff: 14, Sum: 43]
      [Scan RS (ms): Min: 0.0, Avg: 0.0, Max: 0.1, Diff: 0.1, Sum: 0.3]
      [Code Root Scanning (ms): Min: 0.0, Avg: 0.0, Max: 0.0, Diff: 0.0, Sum: 0.0]
      [Object Copy (ms): Min: 0.0, Avg: 0.9, Max: 1.4, Diff: 1.4, Sum: 12.3]
      [Termination (ms): Min: 0.0, Avg: 1.3, Max: 1.5, Diff: 1.5, Sum: 18.0]
         [Termination Attempts: Min: 1, Avg: 7.6, Max: 18, Diff: 17, Sum: 106]
      [GC Worker Other (ms): Min: 0.0, Avg: 0.0, Max: 0.0, Diff: 0.0, Sum: 0.1]
      [GC Worker Total (ms): Min: 1.3, Avg: 3.3, Max: 4.2, Diff: 2.9, Sum: 45.7]
      [GC Worker End (ms): Min: 311630369.9, Avg: 311630370.0, Max: 311630370.1, Diff: 0.1]
   [Code Root Fixup: 0.0 ms]
   [Code Root Purge: 0.0 ms]
   [Clear CT: 0.4 ms]
   [Other: 42.9 ms]
      [Choose CSet: 0.0 ms]
      [Ref Proc: 42.1 ms]
      [Ref Enq: 0.2 ms]
      [Redirty Cards: 0.2 ms]
      [Humongous Register: 0.0 ms]
      [Humongous Reclaim: 0.0 ms]
      [Free CSet: 0.2 ms]
   [Eden: 7152.0M(7152.0M)->0.0B(7152.0M) Survivors: 16384.0K->16384.0K Heap: 10617.5M(14336.0M)->3470.4M(14336.0M)]
 [Times: user=0.27 sys=0.00, real=0.05 secs] 
2022-11-03T08:57:30.925-0600: 311751.345: [GC pause (G1 Evacuation Pause) (young) (initial-mark), 0.0124944 secs]
   [Parallel Time: 8.0 ms, GC Workers: 14]
      [GC Worker Start (ms): Min: 311751346.9, Avg: 311751347.0, Max: 311751347.1, Diff: 0.2]
      [Ext Root Scanning (ms): Min: 4.8, Avg: 5.0, Max: 5.1, Diff: 0.3, Sum: 69.4]
      [Update RS (ms): Min: 0.2, Avg: 0.4, Max: 0.7, Diff: 0.5, Sum: 6.3]
         [Processed Buffers: Min: 1, Avg: 3.3, Max: 24, Diff: 23, Sum: 46]
      [Scan RS (ms): Min: 0.0, Avg: 0.0, Max: 0.1, Diff: 0.1, Sum: 0.3]
      [Code Root Scanning (ms): Min: 0.0, Avg: 0.0, Max: 0.0, Diff: 0.0, Sum: 0.0]
      [Object Copy (ms): Min: 0.5, Avg: 0.7, Max: 0.9, Diff: 0.4, Sum: 10.3]
      [Termination (ms): Min: 0.0, Avg: 0.0, Max: 0.0, Diff: 0.0, Sum: 0.1]
         [Termination Attempts: Min: 1, Avg: 10.9, Max: 16, Diff: 15, Sum: 153]
      [GC Worker Other (ms): Min: 0.0, Avg: 0.1, Max: 0.3, Diff: 0.3, Sum: 1.2]
      [GC Worker Total (ms): Min: 6.1, Avg: 6.3, Max: 6.5, Diff: 0.4, Sum: 87.7]
      [GC Worker End (ms): Min: 311751353.2, Avg: 311751353.3, Max: 311751353.4, Diff: 0.2]
   [Code Root Fixup: 0.0 ms]
   [Code Root Purge: 0.0 ms]
   [Clear CT: 0.4 ms]
   [Other: 4.1 ms]
      [Choose CSet: 0.0 ms]
      [Ref Proc: 3.3 ms]
      [Ref Enq: 0.2 ms]
      [Redirty Cards: 0.3 ms]
      [Humongous Register: 0.0 ms]
      [Humongous Reclaim: 0.0 ms]
      [Free CSet: 0.1 ms]
   [Eden: 7152.0M(7152.0M)->0.0B(7152.0M) Survivors: 16384.0K->16384.0K Heap: 10622.4M(14336.0M)->3473.2M(14336.0M)]
 [Times: user=0.08 sys=0.00, real=0.01 secs] 
2022-11-03T08:57:30.938-0600: 311751.358: [GC concurrent-root-region-scan-start]
2022-11-03T08:57:30.943-0600: 311751.363: [GC concurrent-root-region-scan-end, 0.0048945 secs]
2022-11-03T08:57:30.943-0600: 311751.363: [GC concurrent-mark-start]
2022-11-03T08:57:31.511-0600: 311751.931: [GC concurrent-mark-end, 0.5679032 secs]
2022-11-03T08:57:31.512-0600: 311751.932: [GC remark 2022-11-03T08:57:31.512-0600: 311751.932: [Finalize Marking, 0.0032353 secs] 2022-11-03T08:57:31.515-0600: 311751.935: [GC ref-proc, 0.0073498 secs] 2022-11-03T08:57:31.522-0600: 311751.943: [Unloading, 0.0245661 secs], 0.0376323 secs]
 [Times: user=0.38 sys=0.00, real=0.04 secs] 
2022-11-03T08:57:31.550-0600: 311751.970: [GC cleanup 3585M->3585M(14336M), 0.0069284 secs]
 [Times: user=0.06 sys=0.00, real=0.01 secs] 
2022-11-03T08:59:32.568-0600: 311872.988: [GC pause (G1 Evacuation Pause) (young), 0.0081819 secs]
   [Parallel Time: 4.1 ms, GC Workers: 14]
      [GC Worker Start (ms): Min: 311872988.3, Avg: 311872988.5, Max: 311872988.6, Diff: 0.2]
      [Ext Root Scanning (ms): Min: 0.3, Avg: 0.7, Max: 3.9, Diff: 3.6, Sum: 10.4]
      [Update RS (ms): Min: 0.0, Avg: 0.4, Max: 0.7, Diff: 0.7, Sum: 5.1]
         [Processed Buffers: Min: 0, Avg: 3.9, Max: 15, Diff: 15, Sum: 54]
      [Scan RS (ms): Min: 0.0, Avg: 0.0, Max: 0.1, Diff: 0.1, Sum: 0.5]
      [Code Root Scanning (ms): Min: 0.0, Avg: 0.0, Max: 0.0, Diff: 0.0, Sum: 0.0]
      [Object Copy (ms): Min: 0.0, Avg: 0.5, Max: 0.7, Diff: 0.7, Sum: 7.4]
      [Termination (ms): Min: 0.0, Avg: 2.1, Max: 2.4, Diff: 2.4, Sum: 30.1]
         [Termination Attempts: Min: 1, Avg: 1.6, Max: 3, Diff: 2, Sum: 22]
      [GC Worker Other (ms): Min: 0.0, Avg: 0.0, Max: 0.0, Diff: 0.0, Sum: 0.1]
      [GC Worker Total (ms): Min: 3.7, Avg: 3.8, Max: 3.9, Diff: 0.3, Sum: 53.6]
      [GC Worker End (ms): Min: 311872992.2, Avg: 311872992.3, Max: 311872992.3, Diff: 0.1]
   [Code Root Fixup: 0.0 ms]
   [Code Root Purge: 0.0 ms]
   [Clear CT: 0.3 ms]
   [Other: 3.8 ms]
      [Choose CSet: 0.0 ms]
      [Ref Proc: 3.1 ms]
      [Ref Enq: 0.3 ms]
      [Redirty Cards: 0.2 ms]
      [Humongous Register: 0.0 ms]
      [Humongous Reclaim: 0.0 ms]
      [Free CSet: 0.1 ms]
   [Eden: 7152.0M(7152.0M)->0.0B(7152.0M) Survivors: 16384.0K->16384.0K Heap: 10625.2M(14336.0M)->3469.6M(14336.0M)]
 [Times: user=0.07 sys=0.00, real=0.01 secs] 
