OpenJDK 64-Bit Server VM (25.342-b07) for linux-amd64 JRE (1.8.0_342-8u342-b07-0ubuntu1~22.04-b07), built on Jul 23 2022 16:13:07 by "buildd" with gcc 11.2.0
Memory: 4k page, physical 30288920k(28746356k free), swap 3993596k(3993596k free)
CommandLine flags: -XX:+AlwaysPreTouch -XX:+DisableExplicitGC -XX:G1HeapRegionSize=16777216 -XX:G1HeapWastePercent=5 -XX:G1MaxNewSizePercent=50 -XX:G1MixedGCCountTarget=4 -XX:G1MixedGCLiveThresholdPercent=90 -XX:G1NewSizePercent=40 -XX:G1RSetUpdatingPauseTimePercent=5 -XX:G1ReservePercent=15 -XX:GCLogFileSize=1048576 -XX:InitialHeapSize=15032385536 -XX:InitialTenuringThreshold=1 -XX:InitiatingHeapOccupancyPercent=20 -XX:MaxGCPauseMillis=200 -XX:MaxHeapSize=15032385536 -XX:MaxTenuringThreshold=1 -XX:NumberOfGCLogFiles=5 -XX:+ParallelRefProcEnabled -XX:+PerfDisableSharedMem -XX:+PrintGC -XX:+PrintGCDateStamps -XX:+PrintGCDetails -XX:+PrintGCTimeStamps -XX:SurvivorRatio=32 -XX:+UnlockExperimentalVMOptions -XX:+UseCompressedClassPointers -XX:+UseCompressedOops -XX:+UseG1GC -XX:+UseGCLogFileRotation 
2022-11-05T18:49:06.810-0600: 7.925: [GC pause (Metadata GC Threshold) (young) (initial-mark), 0.1070672 secs]
   [Parallel Time: 16.0 ms, GC Workers: 14]
      [GC Worker Start (ms): Min: 7925.1, Avg: 7925.5, Max: 7926.0, Diff: 0.9]
      [Ext Root Scanning (ms): Min: 0.1, Avg: 2.1, Max: 4.8, Diff: 4.7, Sum: 29.1]
      [Update RS (ms): Min: 0.0, Avg: 0.0, Max: 0.0, Diff: 0.0, Sum: 0.0]
         [Processed Buffers: Min: 0, Avg: 0.0, Max: 0, Diff: 0, Sum: 0]
      [Scan RS (ms): Min: 0.0, Avg: 0.0, Max: 0.0, Diff: 0.0, Sum: 0.0]
      [Code Root Scanning (ms): Min: 0.0, Avg: 0.2, Max: 0.9, Diff: 0.9, Sum: 2.4]
      [Object Copy (ms): Min: 3.2, Avg: 6.4, Max: 8.0, Diff: 4.8, Sum: 90.1]
      [Termination (ms): Min: 0.0, Avg: 3.2, Max: 3.6, Diff: 3.6, Sum: 45.2]
         [Termination Attempts: Min: 1, Avg: 39.8, Max: 56, Diff: 55, Sum: 557]
      [GC Worker Other (ms): Min: 0.0, Avg: 0.0, Max: 0.0, Diff: 0.0, Sum: 0.1]
      [GC Worker Total (ms): Min: 11.4, Avg: 11.9, Max: 12.4, Diff: 0.9, Sum: 167.0]
      [GC Worker End (ms): Min: 7937.4, Avg: 7937.5, Max: 7937.5, Diff: 0.1]
   [Code Root Fixup: 0.1 ms]
   [Code Root Purge: 0.0 ms]
   [Clear CT: 7.6 ms]
   [Other: 83.4 ms]
      [Choose CSet: 0.0 ms]
      [Ref Proc: 75.3 ms]
      [Ref Enq: 4.2 ms]
      [Redirty Cards: 3.7 ms]
      [Humongous Register: 0.0 ms]
      [Humongous Reclaim: 0.0 ms]
      [Free CSet: 0.1 ms]
   [Eden: 304.0M(5728.0M)->0.0B(5648.0M) Survivors: 0.0B->81920.0K Heap: 296.0M(14336.0M)->68895.0K(14336.0M)]
 [Times: user=0.29 sys=0.07, real=0.11 secs] 
2022-11-05T18:49:06.917-0600: 8.032: [GC concurrent-root-region-scan-start]
2022-11-05T18:49:06.924-0600: 8.039: [GC concurrent-root-region-scan-end, 0.0072297 secs]
2022-11-05T18:49:06.924-0600: 8.039: [GC concurrent-mark-start]
2022-11-05T18:49:06.924-0600: 8.040: [GC concurrent-mark-end, 0.0001894 secs]
2022-11-05T18:49:06.929-0600: 8.044: [GC remark 2022-11-05T18:49:06.929-0600: 8.044: [Finalize Marking, 0.0027624 secs] 2022-11-05T18:49:06.931-0600: 8.047: [GC ref-proc, 0.1091668 secs] 2022-11-05T18:49:07.041-0600: 8.156: [Unloading, 0.0016967 secs], 0.1249857 secs]
 [Times: user=0.37 sys=0.00, real=0.13 secs] 
2022-11-05T18:49:07.054-0600: 8.169: [GC cleanup 85050K->85050K(14336M), 0.0058813 secs]
 [Times: user=0.01 sys=0.01, real=0.00 secs] 
2022-11-05T18:49:08.192-0600: 9.307: [GC pause (Metadata GC Threshold) (young) (initial-mark), 0.0835435 secs]
   [Parallel Time: 24.0 ms, GC Workers: 14]
      [GC Worker Start (ms): Min: 9307.5, Avg: 9311.3, Max: 9316.9, Diff: 9.4]
      [Ext Root Scanning (ms): Min: 0.3, Avg: 5.9, Max: 9.6, Diff: 9.3, Sum: 83.2]
      [Update RS (ms): Min: 0.0, Avg: 0.0, Max: 0.0, Diff: 0.0, Sum: 0.0]
         [Processed Buffers: Min: 0, Avg: 0.0, Max: 0, Diff: 0, Sum: 0]
      [Scan RS (ms): Min: 0.0, Avg: 0.0, Max: 0.0, Diff: 0.0, Sum: 0.1]
      [Code Root Scanning (ms): Min: 0.0, Avg: 2.9, Max: 11.6, Diff: 11.6, Sum: 40.1]
      [Object Copy (ms): Min: 1.8, Avg: 10.6, Max: 13.7, Diff: 11.9, Sum: 148.4]
      [Termination (ms): Min: 0.0, Avg: 0.0, Max: 0.0, Diff: 0.0, Sum: 0.1]
         [Termination Attempts: Min: 1, Avg: 16.6, Max: 22, Diff: 21, Sum: 233]
      [GC Worker Other (ms): Min: 0.0, Avg: 0.0, Max: 0.1, Diff: 0.1, Sum: 0.3]
      [GC Worker Total (ms): Min: 13.8, Avg: 19.4, Max: 23.2, Diff: 9.4, Sum: 272.1]
      [GC Worker End (ms): Min: 9330.7, Avg: 9330.7, Max: 9330.7, Diff: 0.1]
   [Code Root Fixup: 0.4 ms]
   [Code Root Purge: 0.0 ms]
   [Clear CT: 0.2 ms]
   [Other: 58.9 ms]
      [Choose CSet: 0.0 ms]
      [Ref Proc: 58.2 ms]
      [Ref Enq: 0.2 ms]
      [Redirty Cards: 0.2 ms]
      [Humongous Register: 0.0 ms]
      [Humongous Reclaim: 0.0 ms]
      [Free CSet: 0.2 ms]
   [Eden: 560.0M(5648.0M)->0.0B(5600.0M) Survivors: 81920.0K->128.0M Heap: 619.3M(14336.0M)->175.2M(14336.0M)]
 [Times: user=0.33 sys=0.00, real=0.09 secs] 
2022-11-05T18:49:08.276-0600: 9.391: [GC concurrent-root-region-scan-start]
2022-11-05T18:49:08.282-0600: 9.398: [GC concurrent-root-region-scan-end, 0.0068101 secs]
2022-11-05T18:49:08.282-0600: 9.398: [GC concurrent-mark-start]
2022-11-05T18:49:08.298-0600: 9.413: [GC concurrent-mark-end, 0.0151572 secs]
2022-11-05T18:49:08.298-0600: 9.413: [GC remark 2022-11-05T18:49:08.298-0600: 9.413: [Finalize Marking, 0.0004230 secs] 2022-11-05T18:49:08.298-0600: 9.414: [GC ref-proc, 0.0201998 secs] 2022-11-05T18:49:08.318-0600: 9.434: [Unloading, 0.0157865 secs], 0.0478809 secs]
 [Times: user=0.24 sys=0.00, real=0.05 secs] 
2022-11-05T18:49:08.346-0600: 9.462: [GC cleanup 206M->206M(14336M), 0.0193885 secs]
 [Times: user=0.06 sys=0.00, real=0.02 secs] 
2022-11-05T18:49:12.924-0600: 14.039: [GC pause (Metadata GC Threshold) (young) (initial-mark), 0.0869143 secs]
   [Parallel Time: 60.5 ms, GC Workers: 14]
      [GC Worker Start (ms): Min: 14039.2, Avg: 14045.1, Max: 14051.0, Diff: 11.8]
      [Ext Root Scanning (ms): Min: 0.5, Avg: 8.5, Max: 12.3, Diff: 11.8, Sum: 118.4]
      [Update RS (ms): Min: 0.0, Avg: 0.1, Max: 0.4, Diff: 0.4, Sum: 1.7]
         [Processed Buffers: Min: 0, Avg: 2.3, Max: 13, Diff: 13, Sum: 32]
      [Scan RS (ms): Min: 0.0, Avg: 0.1, Max: 0.2, Diff: 0.2, Sum: 1.1]
      [Code Root Scanning (ms): Min: 0.0, Avg: 0.3, Max: 1.4, Diff: 1.4, Sum: 4.6]
      [Object Copy (ms): Min: 35.3, Avg: 37.7, Max: 40.0, Diff: 4.6, Sum: 527.8]
      [Termination (ms): Min: 0.0, Avg: 3.2, Max: 3.5, Diff: 3.5, Sum: 44.7]
         [Termination Attempts: Min: 1, Avg: 1.1, Max: 2, Diff: 1, Sum: 15]
      [GC Worker Other (ms): Min: 0.0, Avg: 0.0, Max: 0.0, Diff: 0.0, Sum: 0.1]
      [GC Worker Total (ms): Min: 44.0, Avg: 49.9, Max: 55.9, Diff: 11.9, Sum: 698.5]
      [GC Worker End (ms): Min: 14094.9, Avg: 14095.0, Max: 14095.1, Diff: 0.1]
   [Code Root Fixup: 0.2 ms]
   [Code Root Purge: 0.0 ms]
   [Clear CT: 0.8 ms]
   [Other: 25.4 ms]
      [Choose CSet: 0.0 ms]
      [Ref Proc: 23.9 ms]
      [Ref Enq: 0.8 ms]
      [Redirty Cards: 0.3 ms]
      [Humongous Register: 0.0 ms]
      [Humongous Reclaim: 0.0 ms]
      [Free CSet: 0.2 ms]
   [Eden: 3600.0M(5600.0M)->0.0B(5536.0M) Survivors: 128.0M->192.0M Heap: 3767.2M(14336.0M)->338.2M(14336.0M)]
 [Times: user=0.71 sys=0.00, real=0.09 secs] 
2022-11-05T18:49:13.011-0600: 14.126: [GC concurrent-root-region-scan-start]
2022-11-05T18:49:13.038-0600: 14.153: [GC concurrent-root-region-scan-end, 0.0270719 secs]
2022-11-05T18:49:13.038-0600: 14.153: [GC concurrent-mark-start]
2022-11-05T18:49:13.061-0600: 14.176: [GC concurrent-mark-end, 0.0231616 secs]
2022-11-05T18:49:13.061-0600: 14.176: [GC remark 2022-11-05T18:49:13.061-0600: 14.176: [Finalize Marking, 0.0084911 secs] 2022-11-05T18:49:13.070-0600: 14.185: [GC ref-proc, 0.0797733 secs] 2022-11-05T18:49:13.149-0600: 14.265: [Unloading, 0.0094291 secs], 0.1045297 secs]
 [Times: user=0.41 sys=0.00, real=0.11 secs] 
2022-11-05T18:49:13.166-0600: 14.281: [GC cleanup 856M->856M(14336M), 0.0207409 secs]
 [Times: user=0.04 sys=0.00, real=0.02 secs] 
2022-11-05T18:49:13.698-0600: 14.813: [GC pause (G1 Evacuation Pause) (young), 0.0663517 secs]
   [Parallel Time: 40.9 ms, GC Workers: 14]
      [GC Worker Start (ms): Min: 14813.1, Avg: 14815.3, Max: 14816.3, Diff: 3.1]
      [Ext Root Scanning (ms): Min: 0.0, Avg: 0.2, Max: 1.7, Diff: 1.7, Sum: 3.5]
      [Update RS (ms): Min: 0.0, Avg: 0.1, Max: 0.7, Diff: 0.7, Sum: 1.5]
         [Processed Buffers: Min: 0, Avg: 1.5, Max: 9, Diff: 9, Sum: 21]
      [Scan RS (ms): Min: 0.0, Avg: 0.1, Max: 0.5, Diff: 0.4, Sum: 1.8]
      [Code Root Scanning (ms): Min: 0.0, Avg: 0.1, Max: 1.6, Diff: 1.6, Sum: 1.7]
      [Object Copy (ms): Min: 27.1, Avg: 27.9, Max: 32.8, Diff: 5.7, Sum: 390.8]
      [Termination (ms): Min: 0.0, Avg: 5.3, Max: 7.4, Diff: 7.4, Sum: 74.5]
         [Termination Attempts: Min: 1, Avg: 63.1, Max: 98, Diff: 97, Sum: 884]
      [GC Worker Other (ms): Min: 0.0, Avg: 0.0, Max: 0.0, Diff: 0.0, Sum: 0.2]
      [GC Worker Total (ms): Min: 32.7, Avg: 33.8, Max: 35.9, Diff: 3.2, Sum: 473.8]
      [GC Worker End (ms): Min: 14848.9, Avg: 14849.1, Max: 14850.8, Diff: 1.9]
   [Code Root Fixup: 0.1 ms]
   [Code Root Purge: 0.0 ms]
   [Clear CT: 0.2 ms]
   [Other: 25.2 ms]
      [Choose CSet: 0.0 ms]
      [Ref Proc: 24.1 ms]
      [Ref Enq: 0.3 ms]
      [Redirty Cards: 0.4 ms]
      [Humongous Register: 0.0 ms]
      [Humongous Reclaim: 0.0 ms]
      [Free CSet: 0.2 ms]
   [Eden: 5536.0M(5536.0M)->0.0B(5536.0M) Survivors: 192.0M->192.0M Heap: 5874.2M(14336.0M)->524.8M(14336.0M)]
 [Times: user=0.56 sys=0.00, real=0.06 secs] 
2022-11-05T18:49:14.239-0600: 15.354: [GC pause (G1 Evacuation Pause) (young), 0.0891272 secs]
   [Parallel Time: 6.5 ms, GC Workers: 14]
      [GC Worker Start (ms): Min: 15354.2, Avg: 15354.4, Max: 15354.5, Diff: 0.4]
      [Ext Root Scanning (ms): Min: 0.1, Avg: 0.3, Max: 1.9, Diff: 1.8, Sum: 4.8]
      [Update RS (ms): Min: 0.0, Avg: 0.3, Max: 0.6, Diff: 0.6, Sum: 4.7]
         [Processed Buffers: Min: 0, Avg: 2.3, Max: 4, Diff: 4, Sum: 32]
      [Scan RS (ms): Min: 0.1, Avg: 1.0, Max: 1.3, Diff: 1.1, Sum: 14.5]
      [Code Root Scanning (ms): Min: 0.0, Avg: 0.0, Max: 0.1, Diff: 0.1, Sum: 0.2]
      [Object Copy (ms): Min: 3.5, Avg: 3.5, Max: 3.6, Diff: 0.1, Sum: 49.4]
      [Termination (ms): Min: 0.0, Avg: 0.0, Max: 0.0, Diff: 0.0, Sum: 0.0]
         [Termination Attempts: Min: 1, Avg: 1.0, Max: 1, Diff: 0, Sum: 14]
      [GC Worker Other (ms): Min: 0.0, Avg: 0.1, Max: 0.3, Diff: 0.3, Sum: 1.6]
      [GC Worker Total (ms): Min: 5.1, Avg: 5.4, Max: 5.6, Diff: 0.5, Sum: 75.4]
      [GC Worker End (ms): Min: 15359.6, Avg: 15359.7, Max: 15359.9, Diff: 0.3]
   [Code Root Fixup: 0.0 ms]
   [Code Root Purge: 0.0 ms]
   [Clear CT: 0.3 ms]
   [Other: 82.2 ms]
      [Choose CSet: 0.0 ms]
      [Ref Proc: 81.6 ms]
      [Ref Enq: 0.2 ms]
      [Redirty Cards: 0.2 ms]
      [Humongous Register: 0.0 ms]
      [Humongous Reclaim: 0.0 ms]
      [Free CSet: 0.1 ms]
   [Eden: 5536.0M(5536.0M)->0.0B(5648.0M) Survivors: 192.0M->81920.0K Heap: 6060.8M(14336.0M)->522.4M(14336.0M)]
 [Times: user=0.38 sys=0.00, real=0.09 secs] 
2022-11-05T18:49:14.774-0600: 15.890: [GC pause (G1 Evacuation Pause) (young), 0.0091504 secs]
   [Parallel Time: 3.4 ms, GC Workers: 14]
      [GC Worker Start (ms): Min: 15889.7, Avg: 15889.9, Max: 15890.0, Diff: 0.3]
      [Ext Root Scanning (ms): Min: 0.1, Avg: 0.4, Max: 2.4, Diff: 2.3, Sum: 5.1]
      [Update RS (ms): Min: 0.0, Avg: 0.4, Max: 0.6, Diff: 0.6, Sum: 5.5]
         [Processed Buffers: Min: 0, Avg: 2.6, Max: 5, Diff: 5, Sum: 36]
      [Scan RS (ms): Min: 0.0, Avg: 0.1, Max: 0.2, Diff: 0.2, Sum: 1.5]
      [Code Root Scanning (ms): Min: 0.0, Avg: 0.0, Max: 0.0, Diff: 0.0, Sum: 0.1]
      [Object Copy (ms): Min: 0.3, Avg: 1.7, Max: 1.8, Diff: 1.5, Sum: 23.4]
      [Termination (ms): Min: 0.0, Avg: 0.0, Max: 0.0, Diff: 0.0, Sum: 0.1]
         [Termination Attempts: Min: 1, Avg: 13.1, Max: 22, Diff: 21, Sum: 184]
      [GC Worker Other (ms): Min: 0.0, Avg: 0.1, Max: 0.2, Diff: 0.1, Sum: 0.8]
      [GC Worker Total (ms): Min: 2.4, Avg: 2.6, Max: 2.9, Diff: 0.4, Sum: 36.5]
      [GC Worker End (ms): Min: 15892.4, Avg: 15892.5, Max: 15892.6, Diff: 0.1]
   [Code Root Fixup: 0.0 ms]
   [Code Root Purge: 0.0 ms]
   [Clear CT: 0.3 ms]
   [Other: 5.4 ms]
      [Choose CSet: 0.0 ms]
      [Ref Proc: 4.8 ms]
      [Ref Enq: 0.3 ms]
      [Redirty Cards: 0.2 ms]
      [Humongous Register: 0.0 ms]
      [Humongous Reclaim: 0.0 ms]
      [Free CSet: 0.1 ms]
   [Eden: 5648.0M(5648.0M)->0.0B(5696.0M) Survivors: 81920.0K->32768.0K Heap: 6170.4M(14336.0M)->506.1M(14336.0M)]
 [Times: user=0.05 sys=0.00, real=0.00 secs] 
2022-11-05T18:49:15.214-0600: 16.329: [GC pause (G1 Evacuation Pause) (young), 0.0112659 secs]
   [Parallel Time: 3.3 ms, GC Workers: 14]
      [GC Worker Start (ms): Min: 16328.9, Avg: 16329.1, Max: 16329.3, Diff: 0.4]
      [Ext Root Scanning (ms): Min: 0.1, Avg: 0.3, Max: 2.2, Diff: 2.2, Sum: 4.8]
      [Update RS (ms): Min: 0.0, Avg: 0.4, Max: 0.8, Diff: 0.8, Sum: 5.3]
         [Processed Buffers: Min: 0, Avg: 2.5, Max: 5, Diff: 5, Sum: 35]
      [Scan RS (ms): Min: 0.0, Avg: 0.1, Max: 0.2, Diff: 0.2, Sum: 1.7]
      [Code Root Scanning (ms): Min: 0.0, Avg: 0.0, Max: 0.0, Diff: 0.0, Sum: 0.1]
      [Object Copy (ms): Min: 0.4, Avg: 1.5, Max: 1.7, Diff: 1.3, Sum: 21.2]
      [Termination (ms): Min: 0.0, Avg: 0.1, Max: 0.1, Diff: 0.1, Sum: 0.8]
         [Termination Attempts: Min: 25, Avg: 57.1, Max: 84, Diff: 59, Sum: 799]
      [GC Worker Other (ms): Min: 0.0, Avg: 0.0, Max: 0.1, Diff: 0.1, Sum: 0.3]
      [GC Worker Total (ms): Min: 2.3, Avg: 2.4, Max: 2.7, Diff: 0.4, Sum: 34.2]
      [GC Worker End (ms): Min: 16331.5, Avg: 16331.6, Max: 16331.6, Diff: 0.1]
   [Code Root Fixup: 0.0 ms]
   [Code Root Purge: 0.0 ms]
   [Clear CT: 0.2 ms]
   [Other: 7.7 ms]
      [Choose CSet: 0.0 ms]
      [Ref Proc: 5.7 ms]
      [Ref Enq: 0.5 ms]
      [Redirty Cards: 1.2 ms]
      [Humongous Register: 0.0 ms]
      [Humongous Reclaim: 0.0 ms]
      [Free CSet: 0.1 ms]
   [Eden: 5696.0M(5696.0M)->0.0B(5712.0M) Survivors: 32768.0K->16384.0K Heap: 6202.1M(14336.0M)->503.9M(14336.0M)]
 [Times: user=0.06 sys=0.00, real=0.00 secs] 
2022-11-05T18:49:15.814-0600: 16.929: [GC pause (G1 Evacuation Pause) (young), 0.0137063 secs]
   [Parallel Time: 6.6 ms, GC Workers: 14]
      [GC Worker Start (ms): Min: 16929.1, Avg: 16929.4, Max: 16929.6, Diff: 0.5]
      [Ext Root Scanning (ms): Min: 0.2, Avg: 1.0, Max: 6.2, Diff: 6.0, Sum: 14.5]
      [Update RS (ms): Min: 0.0, Avg: 0.5, Max: 0.7, Diff: 0.7, Sum: 7.3]
         [Processed Buffers: Min: 0, Avg: 3.9, Max: 9, Diff: 9, Sum: 54]
      [Scan RS (ms): Min: 0.0, Avg: 0.1, Max: 0.7, Diff: 0.7, Sum: 2.1]
      [Code Root Scanning (ms): Min: 0.0, Avg: 0.0, Max: 0.0, Diff: 0.0, Sum: 0.1]
      [Object Copy (ms): Min: 0.0, Avg: 4.0, Max: 4.7, Diff: 4.7, Sum: 56.1]
      [Termination (ms): Min: 0.0, Avg: 0.5, Max: 0.6, Diff: 0.6, Sum: 7.1]
         [Termination Attempts: Min: 1, Avg: 71.7, Max: 106, Diff: 105, Sum: 1004]
      [GC Worker Other (ms): Min: 0.0, Avg: 0.0, Max: 0.0, Diff: 0.0, Sum: 0.1]
      [GC Worker Total (ms): Min: 6.1, Avg: 6.2, Max: 6.5, Diff: 0.5, Sum: 87.2]
      [GC Worker End (ms): Min: 16935.6, Avg: 16935.6, Max: 16935.6, Diff: 0.0]
   [Code Root Fixup: 0.0 ms]
   [Code Root Purge: 0.0 ms]
   [Clear CT: 0.5 ms]
   [Other: 6.6 ms]
      [Choose CSet: 0.0 ms]
      [Ref Proc: 6.0 ms]
      [Ref Enq: 0.2 ms]
      [Redirty Cards: 0.2 ms]
      [Humongous Register: 0.0 ms]
      [Humongous Reclaim: 0.0 ms]
      [Free CSet: 0.1 ms]
   [Eden: 5712.0M(5712.0M)->0.0B(7136.0M) Survivors: 16384.0K->32768.0K Heap: 6215.9M(14336.0M)->518.0M(14336.0M)]
 [Times: user=0.16 sys=0.00, real=0.01 secs] 
2022-11-05T18:49:16.173-0600: 17.289: [GC pause (Metadata GC Threshold) (young) (initial-mark), 0.0217966 secs]
   [Parallel Time: 15.4 ms, GC Workers: 14]
      [GC Worker Start (ms): Min: 17289.2, Avg: 17289.4, Max: 17290.0, Diff: 0.8]
      [Ext Root Scanning (ms): Min: 2.9, Avg: 3.5, Max: 3.9, Diff: 0.9, Sum: 49.3]
      [Update RS (ms): Min: 0.4, Avg: 0.5, Max: 0.5, Diff: 0.2, Sum: 6.5]
         [Processed Buffers: Min: 1, Avg: 3.9, Max: 9, Diff: 8, Sum: 54]
      [Scan RS (ms): Min: 0.1, Avg: 0.2, Max: 0.2, Diff: 0.1, Sum: 2.4]
      [Code Root Scanning (ms): Min: 0.0, Avg: 0.0, Max: 0.1, Diff: 0.1, Sum: 0.2]
      [Object Copy (ms): Min: 10.1, Avg: 10.3, Max: 10.5, Diff: 0.4, Sum: 144.1]
      [Termination (ms): Min: 0.0, Avg: 0.1, Max: 0.1, Diff: 0.1, Sum: 0.8]
         [Termination Attempts: Min: 3, Avg: 62.4, Max: 83, Diff: 80, Sum: 874]
      [GC Worker Other (ms): Min: 0.0, Avg: 0.0, Max: 0.2, Diff: 0.2, Sum: 0.6]
      [GC Worker Total (ms): Min: 14.0, Avg: 14.6, Max: 14.9, Diff: 0.9, Sum: 203.8]
      [GC Worker End (ms): Min: 17303.9, Avg: 17304.0, Max: 17304.1, Diff: 0.2]
   [Code Root Fixup: 0.0 ms]
   [Code Root Purge: 0.0 ms]
   [Clear CT: 0.3 ms]
   [Other: 6.1 ms]
      [Choose CSet: 0.0 ms]
      [Ref Proc: 5.4 ms]
      [Ref Enq: 0.3 ms]
      [Redirty Cards: 0.2 ms]
      [Humongous Register: 0.0 ms]
      [Humongous Reclaim: 0.0 ms]
      [Free CSet: 0.1 ms]
   [Eden: 3696.0M(7136.0M)->0.0B(7008.0M) Survivors: 32768.0K->65536.0K Heap: 4214.0M(14336.0M)->573.4M(14336.0M)]
 [Times: user=0.22 sys=0.00, real=0.02 secs] 
2022-11-05T18:49:16.195-0600: 17.311: [GC concurrent-root-region-scan-start]
2022-11-05T18:49:16.217-0600: 17.333: [GC concurrent-root-region-scan-end, 0.0219859 secs]
2022-11-05T18:49:16.217-0600: 17.333: [GC concurrent-mark-start]
2022-11-05T18:49:16.460-0600: 17.575: [GC concurrent-mark-end, 0.2426516 secs]
2022-11-05T18:49:16.462-0600: 17.577: [GC remark 2022-11-05T18:49:16.462-0600: 17.577: [Finalize Marking, 0.0007650 secs] 2022-11-05T18:49:16.463-0600: 17.578: [GC ref-proc, 0.0049760 secs] 2022-11-05T18:49:16.468-0600: 17.583: [Unloading, 0.0083361 secs], 0.0147449 secs]
 [Times: user=0.17 sys=0.00, real=0.02 secs] 
2022-11-05T18:49:16.477-0600: 17.592: [GC cleanup 2517M->2501M(14336M), 0.0014246 secs]
 [Times: user=0.01 sys=0.01, real=0.00 secs] 
2022-11-05T18:49:16.478-0600: 17.594: [GC concurrent-cleanup-start]
2022-11-05T18:49:16.478-0600: 17.594: [GC concurrent-cleanup-end, 0.0000082 secs]
2022-11-05T18:49:16.992-0600: 18.108: [GC pause (G1 Evacuation Pause) (young) (initial-mark), 0.0303679 secs]
   [Parallel Time: 24.3 ms, GC Workers: 14]
      [GC Worker Start (ms): Min: 18108.4, Avg: 18108.5, Max: 18108.7, Diff: 0.3]
      [Ext Root Scanning (ms): Min: 2.4, Avg: 3.8, Max: 17.7, Diff: 15.4, Sum: 52.7]
      [Update RS (ms): Min: 0.0, Avg: 0.6, Max: 0.8, Diff: 0.8, Sum: 7.7]
         [Processed Buffers: Min: 0, Avg: 3.9, Max: 6, Diff: 6, Sum: 54]
      [Scan RS (ms): Min: 0.1, Avg: 0.3, Max: 0.4, Diff: 0.4, Sum: 4.2]
      [Code Root Scanning (ms): Min: 0.0, Avg: 0.0, Max: 0.1, Diff: 0.1, Sum: 0.2]
      [Object Copy (ms): Min: 5.4, Avg: 18.6, Max: 19.8, Diff: 14.4, Sum: 260.2]
      [Termination (ms): Min: 0.0, Avg: 0.0, Max: 0.1, Diff: 0.1, Sum: 0.6]
         [Termination Attempts: Min: 1, Avg: 96.9, Max: 127, Diff: 126, Sum: 1356]
      [GC Worker Other (ms): Min: 0.0, Avg: 0.1, Max: 0.2, Diff: 0.2, Sum: 1.6]
      [GC Worker Total (ms): Min: 23.1, Avg: 23.4, Max: 23.6, Diff: 0.5, Sum: 327.3]
      [GC Worker End (ms): Min: 18131.8, Avg: 18131.9, Max: 18132.0, Diff: 0.2]
   [Code Root Fixup: 0.0 ms]
   [Code Root Purge: 0.0 ms]
   [Clear CT: 0.5 ms]
   [Other: 5.6 ms]
      [Choose CSet: 0.0 ms]
      [Ref Proc: 4.9 ms]
      [Ref Enq: 0.3 ms]
      [Redirty Cards: 0.2 ms]
      [Humongous Register: 0.0 ms]
      [Humongous Reclaim: 0.0 ms]
      [Free CSet: 0.1 ms]
   [Eden: 7008.0M(7008.0M)->0.0B(7040.0M) Survivors: 65536.0K->128.0M Heap: 7565.4M(14336.0M)->657.8M(14336.0M)]
 [Times: user=0.44 sys=0.01, real=0.03 secs] 
2022-11-05T18:49:17.023-0600: 18.138: [GC concurrent-root-region-scan-start]
2022-11-05T18:49:17.054-0600: 18.169: [GC concurrent-root-region-scan-end, 0.0307058 secs]
2022-11-05T18:49:17.054-0600: 18.169: [GC concurrent-mark-start]
2022-11-05T18:49:17.264-0600: 18.380: [GC concurrent-mark-end, 0.2108332 secs]
2022-11-05T18:49:17.265-0600: 18.380: [GC remark 2022-11-05T18:49:17.265-0600: 18.380: [Finalize Marking, 0.0013255 secs] 2022-11-05T18:49:17.266-0600: 18.381: [GC ref-proc, 0.0067310 secs] 2022-11-05T18:49:17.273-0600: 18.388: [Unloading, 0.0112223 secs], 0.0198429 secs]
 [Times: user=0.21 sys=0.00, real=0.02 secs] 
2022-11-05T18:49:17.285-0600: 18.400: [GC cleanup 2561M->2561M(14336M), 0.0011427 secs]
 [Times: user=0.02 sys=0.00, real=0.01 secs] 
2022-11-05T18:49:17.770-0600: 18.885: [GC pause (G1 Evacuation Pause) (young), 0.0480408 secs]
   [Parallel Time: 19.1 ms, GC Workers: 14]
      [GC Worker Start (ms): Min: 18885.3, Avg: 18885.9, Max: 18887.2, Diff: 1.9]
      [Ext Root Scanning (ms): Min: 0.0, Avg: 0.9, Max: 6.7, Diff: 6.7, Sum: 12.0]
      [Update RS (ms): Min: 0.0, Avg: 0.8, Max: 1.3, Diff: 1.3, Sum: 11.7]
         [Processed Buffers: Min: 0, Avg: 4.1, Max: 9, Diff: 9, Sum: 58]
      [Scan RS (ms): Min: 0.0, Avg: 0.5, Max: 0.6, Diff: 0.6, Sum: 6.7]
      [Code Root Scanning (ms): Min: 0.0, Avg: 0.0, Max: 0.1, Diff: 0.1, Sum: 0.2]
      [Object Copy (ms): Min: 11.1, Avg: 15.3, Max: 16.0, Diff: 4.9, Sum: 213.7]
      [Termination (ms): Min: 0.0, Avg: 0.0, Max: 0.0, Diff: 0.0, Sum: 0.5]
         [Termination Attempts: Min: 5, Avg: 34.1, Max: 43, Diff: 38, Sum: 478]
      [GC Worker Other (ms): Min: 0.0, Avg: 0.6, Max: 7.2, Diff: 7.2, Sum: 8.5]
      [GC Worker Total (ms): Min: 16.7, Avg: 18.1, Max: 18.8, Diff: 2.1, Sum: 253.3]
      [GC Worker End (ms): Min: 18903.9, Avg: 18904.0, Max: 18904.2, Diff: 0.3]
   [Code Root Fixup: 0.0 ms]
   [Code Root Purge: 0.0 ms]
   [Clear CT: 0.4 ms]
   [Other: 28.5 ms]
      [Choose CSet: 0.0 ms]
      [Ref Proc: 27.7 ms]
      [Ref Enq: 0.3 ms]
      [Redirty Cards: 0.2 ms]
      [Humongous Register: 0.0 ms]
      [Humongous Reclaim: 0.0 ms]
      [Free CSet: 0.2 ms]
   [Eden: 7040.0M(7040.0M)->0.0B(7088.0M) Survivors: 128.0M->81920.0K Heap: 7697.8M(14336.0M)->706.0M(14336.0M)]
 [Times: user=0.50 sys=0.00, real=0.05 secs] 
2022-11-05T18:49:18.623-0600: 19.738: [GC pause (G1 Evacuation Pause) (young), 0.0235461 secs]
   [Parallel Time: 16.6 ms, GC Workers: 14]
      [GC Worker Start (ms): Min: 19738.5, Avg: 19739.4, Max: 19743.7, Diff: 5.2]
      [Ext Root Scanning (ms): Min: 0.0, Avg: 0.7, Max: 6.5, Diff: 6.5, Sum: 9.4]
      [Update RS (ms): Min: 0.0, Avg: 0.9, Max: 1.3, Diff: 1.3, Sum: 13.2]
         [Processed Buffers: Min: 0, Avg: 3.9, Max: 8, Diff: 8, Sum: 54]
      [Scan RS (ms): Min: 0.0, Avg: 0.6, Max: 0.8, Diff: 0.8, Sum: 8.4]
      [Code Root Scanning (ms): Min: 0.0, Avg: 0.0, Max: 0.1, Diff: 0.1, Sum: 0.3]
      [Object Copy (ms): Min: 9.1, Avg: 12.5, Max: 13.2, Diff: 4.1, Sum: 174.8]
      [Termination (ms): Min: 0.0, Avg: 0.0, Max: 0.0, Diff: 0.0, Sum: 0.3]
         [Termination Attempts: Min: 1, Avg: 43.6, Max: 58, Diff: 57, Sum: 611]
      [GC Worker Other (ms): Min: 0.0, Avg: 0.1, Max: 0.4, Diff: 0.4, Sum: 1.9]
      [GC Worker Total (ms): Min: 10.5, Avg: 14.9, Max: 15.9, Diff: 5.5, Sum: 208.3]
      [GC Worker End (ms): Min: 19754.1, Avg: 19754.3, Max: 19754.6, Diff: 0.4]
   [Code Root Fixup: 0.0 ms]
   [Code Root Purge: 0.0 ms]
   [Clear CT: 0.4 ms]
   [Other: 6.5 ms]
      [Choose CSet: 0.0 ms]
      [Ref Proc: 5.9 ms]
      [Ref Enq: 0.2 ms]
      [Redirty Cards: 0.2 ms]
      [Humongous Register: 0.0 ms]
      [Humongous Reclaim: 0.0 ms]
      [Free CSet: 0.2 ms]
   [Eden: 7088.0M(7088.0M)->0.0B(7088.0M) Survivors: 81920.0K->81920.0K Heap: 7794.0M(14336.0M)->776.3M(14336.0M)]
 [Times: user=0.24 sys=0.00, real=0.03 secs] 
2022-11-05T18:49:19.302-0600: 20.417: [GC pause (G1 Evacuation Pause) (young), 0.0463553 secs]
   [Parallel Time: 31.1 ms, GC Workers: 14]
      [GC Worker Start (ms): Min: 20417.4, Avg: 20420.3, Max: 20424.2, Diff: 6.7]
      [Ext Root Scanning (ms): Min: 0.0, Avg: 0.5, Max: 4.5, Diff: 4.5, Sum: 7.6]
      [Update RS (ms): Min: 0.0, Avg: 0.9, Max: 2.2, Diff: 2.2, Sum: 12.8]
         [Processed Buffers: Min: 0, Avg: 3.6, Max: 10, Diff: 10, Sum: 50]
      [Scan RS (ms): Min: 0.0, Avg: 0.7, Max: 1.2, Diff: 1.2, Sum: 9.3]
      [Code Root Scanning (ms): Min: 0.0, Avg: 0.0, Max: 0.2, Diff: 0.2, Sum: 0.3]
      [Object Copy (ms): Min: 18.8, Avg: 20.6, Max: 21.7, Diff: 2.9, Sum: 288.1]
      [Termination (ms): Min: 0.0, Avg: 0.0, Max: 0.0, Diff: 0.0, Sum: 0.5]
         [Termination Attempts: Min: 1, Avg: 33.0, Max: 44, Diff: 43, Sum: 462]
      [GC Worker Other (ms): Min: 0.0, Avg: 1.4, Max: 4.0, Diff: 4.0, Sum: 19.9]
      [GC Worker Total (ms): Min: 18.9, Avg: 24.2, Max: 29.4, Diff: 10.6, Sum: 338.5]
      [GC Worker End (ms): Min: 20443.0, Avg: 20444.4, Max: 20447.1, Diff: 4.0]
   [Code Root Fixup: 0.0 ms]
   [Code Root Purge: 0.0 ms]
   [Clear CT: 0.3 ms]
   [Other: 14.9 ms]
      [Choose CSet: 0.0 ms]
      [Ref Proc: 14.0 ms]
      [Ref Enq: 0.4 ms]
      [Redirty Cards: 0.3 ms]
      [Humongous Register: 0.0 ms]
      [Humongous Reclaim: 0.0 ms]
      [Free CSet: 0.2 ms]
   [Eden: 7088.0M(7088.0M)->0.0B(7008.0M) Survivors: 81920.0K->160.0M Heap: 7864.3M(14336.0M)->916.1M(14336.0M)]
 [Times: user=0.42 sys=0.01, real=0.05 secs] 
2022-11-05T18:49:20.003-0600: 21.118: [GC pause (G1 Evacuation Pause) (young), 0.0402328 secs]
   [Parallel Time: 27.1 ms, GC Workers: 14]
      [GC Worker Start (ms): Min: 21118.5, Avg: 21118.7, Max: 21118.9, Diff: 0.4]
      [Ext Root Scanning (ms): Min: 0.1, Avg: 0.6, Max: 4.3, Diff: 4.3, Sum: 8.2]
      [Update RS (ms): Min: 0.0, Avg: 0.8, Max: 1.1, Diff: 1.1, Sum: 11.7]
         [Processed Buffers: Min: 0, Avg: 3.6, Max: 7, Diff: 7, Sum: 50]
      [Scan RS (ms): Min: 0.0, Avg: 0.6, Max: 0.8, Diff: 0.8, Sum: 8.4]
      [Code Root Scanning (ms): Min: 0.0, Avg: 0.0, Max: 0.1, Diff: 0.1, Sum: 0.2]
      [Object Copy (ms): Min: 21.9, Avg: 24.0, Max: 24.2, Diff: 2.3, Sum: 335.9]
      [Termination (ms): Min: 0.0, Avg: 0.0, Max: 0.0, Diff: 0.0, Sum: 0.4]
         [Termination Attempts: Min: 1, Avg: 59.4, Max: 77, Diff: 76, Sum: 831]
      [GC Worker Other (ms): Min: 0.0, Avg: 0.1, Max: 0.3, Diff: 0.3, Sum: 1.1]
      [GC Worker Total (ms): Min: 25.9, Avg: 26.1, Max: 26.5, Diff: 0.6, Sum: 365.9]
      [GC Worker End (ms): Min: 21144.8, Avg: 21144.8, Max: 21145.0, Diff: 0.3]
   [Code Root Fixup: 0.0 ms]
   [Code Root Purge: 0.0 ms]
   [Clear CT: 0.3 ms]
   [Other: 12.8 ms]
      [Choose CSet: 0.0 ms]
      [Ref Proc: 11.9 ms]
      [Ref Enq: 0.3 ms]
      [Redirty Cards: 0.3 ms]
      [Humongous Register: 0.0 ms]
      [Humongous Reclaim: 0.0 ms]
      [Free CSet: 0.2 ms]
   [Eden: 7008.0M(7008.0M)->0.0B(7040.0M) Survivors: 160.0M->128.0M Heap: 7924.1M(14336.0M)->992.0M(14336.0M)]
 [Times: user=0.42 sys=0.00, real=0.04 secs] 
2022-11-05T18:49:25.790-0600: 26.906: [GC pause (GCLocker Initiated GC) (young), 0.1297674 secs]
   [Parallel Time: 120.4 ms, GC Workers: 14]
      [GC Worker Start (ms): Min: 26905.8, Avg: 26905.9, Max: 26906.0, Diff: 0.2]
      [Ext Root Scanning (ms): Min: 0.2, Avg: 1.3, Max: 13.4, Diff: 13.1, Sum: 18.7]
      [Update RS (ms): Min: 0.0, Avg: 1.7, Max: 2.5, Diff: 2.5, Sum: 24.4]
         [Processed Buffers: Min: 0, Avg: 6.2, Max: 13, Diff: 13, Sum: 87]
      [Scan RS (ms): Min: 0.0, Avg: 0.9, Max: 1.4, Diff: 1.3, Sum: 12.4]
      [Code Root Scanning (ms): Min: 0.0, Avg: 0.1, Max: 0.3, Diff: 0.3, Sum: 1.3]
      [Object Copy (ms): Min: 106.1, Avg: 115.3, Max: 116.1, Diff: 10.0, Sum: 1614.1]
      [Termination (ms): Min: 0.0, Avg: 0.1, Max: 0.1, Diff: 0.1, Sum: 1.1]
         [Termination Attempts: Min: 1, Avg: 138.8, Max: 190, Diff: 189, Sum: 1943]
      [GC Worker Other (ms): Min: 0.0, Avg: 0.0, Max: 0.2, Diff: 0.2, Sum: 0.6]
      [GC Worker Total (ms): Min: 119.4, Avg: 119.5, Max: 119.7, Diff: 0.3, Sum: 1672.7]
      [GC Worker End (ms): Min: 27025.4, Avg: 27025.4, Max: 27025.6, Diff: 0.2]
   [Code Root Fixup: 0.0 ms]
   [Code Root Purge: 0.0 ms]
   [Clear CT: 0.4 ms]
   [Other: 8.9 ms]
      [Choose CSet: 0.0 ms]
      [Ref Proc: 7.6 ms]
      [Ref Enq: 0.3 ms]
      [Redirty Cards: 0.6 ms]
      [Humongous Register: 0.0 ms]
      [Humongous Reclaim: 0.0 ms]
      [Free CSet: 0.3 ms]
   [Eden: 7056.0M(7040.0M)->0.0B(6944.0M) Survivors: 128.0M->224.0M Heap: 8034.5M(14336.0M)->1673.1M(14336.0M)]
 [Times: user=1.71 sys=0.02, real=0.13 secs] 
2022-11-05T19:24:47.726-0600: 32.413: [GC pause (G1 Evacuation Pause) (young), 0.1353989 secs]
   [Parallel Time: 127.2 ms, GC Workers: 14]
      [GC Worker Start (ms): Min: 32412.6, Avg: 32412.8, Max: 32412.9, Diff: 0.3]
      [Ext Root Scanning (ms): Min: 0.2, Avg: 1.0, Max: 9.5, Diff: 9.3, Sum: 14.1]
      [Update RS (ms): Min: 0.0, Avg: 2.7, Max: 3.2, Diff: 3.2, Sum: 37.3]
         [Processed Buffers: Min: 0, Avg: 5.6, Max: 10, Diff: 10, Sum: 78]
      [Scan RS (ms): Min: 20.6, Avg: 26.0, Max: 26.8, Diff: 6.2, Sum: 364.4]
      [Code Root Scanning (ms): Min: 0.0, Avg: 0.2, Max: 0.6, Diff: 0.6, Sum: 2.6]
      [Object Copy (ms): Min: 95.4, Avg: 95.7, Max: 96.4, Diff: 1.1, Sum: 1339.8]
      [Termination (ms): Min: 0.0, Avg: 0.7, Max: 0.9, Diff: 0.9, Sum: 9.5]
         [Termination Attempts: Min: 1, Avg: 1485.2, Max: 1763, Diff: 1762, Sum: 20793]
      [GC Worker Other (ms): Min: 0.0, Avg: 0.1, Max: 0.3, Diff: 0.2, Sum: 1.0]
      [GC Worker Total (ms): Min: 126.1, Avg: 126.3, Max: 126.6, Diff: 0.5, Sum: 1768.6]
      [GC Worker End (ms): Min: 32539.1, Avg: 32539.1, Max: 32539.3, Diff: 0.2]
   [Code Root Fixup: 0.1 ms]
   [Code Root Purge: 0.0 ms]
   [Clear CT: 0.4 ms]
   [Other: 7.8 ms]
      [Choose CSet: 0.0 ms]
      [Ref Proc: 6.2 ms]
      [Ref Enq: 0.2 ms]
      [Redirty Cards: 0.9 ms]
      [Humongous Register: 0.0 ms]
      [Humongous Reclaim: 0.0 ms]
      [Free CSet: 0.4 ms]
   [Eden: 5504.0M(5504.0M)->0.0B(5536.0M) Survivors: 224.0M->192.0M Heap: 7185.1M(14336.0M)->2048.0M(14336.0M)]
 [Times: user=1.79 sys=0.02, real=0.13 secs] 
2022-11-05T19:24:48.704-0600: 33.390: [GC pause (Metadata GC Threshold) (young) (initial-mark), 0.0677437 secs]
   [Parallel Time: 59.6 ms, GC Workers: 14]
      [GC Worker Start (ms): Min: 33391.4, Avg: 33391.5, Max: 33391.6, Diff: 0.2]
      [Ext Root Scanning (ms): Min: 4.2, Avg: 4.3, Max: 4.5, Diff: 0.3, Sum: 60.1]
      [Update RS (ms): Min: 0.9, Avg: 1.2, Max: 1.4, Diff: 0.4, Sum: 16.2]
         [Processed Buffers: Min: 3, Avg: 3.9, Max: 9, Diff: 6, Sum: 55]
      [Scan RS (ms): Min: 19.3, Avg: 19.5, Max: 19.8, Diff: 0.6, Sum: 272.8]
      [Code Root Scanning (ms): Min: 0.0, Avg: 0.1, Max: 0.5, Diff: 0.5, Sum: 2.0]
      [Object Copy (ms): Min: 32.3, Avg: 32.6, Max: 32.8, Diff: 0.5, Sum: 455.9]
      [Termination (ms): Min: 0.0, Avg: 0.1, Max: 0.2, Diff: 0.2, Sum: 1.7]
         [Termination Attempts: Min: 1, Avg: 262.7, Max: 334, Diff: 333, Sum: 3678]
      [GC Worker Other (ms): Min: 0.0, Avg: 0.0, Max: 0.0, Diff: 0.0, Sum: 0.1]
      [GC Worker Total (ms): Min: 57.7, Avg: 57.8, Max: 57.9, Diff: 0.2, Sum: 808.9]
      [GC Worker End (ms): Min: 33449.3, Avg: 33449.3, Max: 33449.3, Diff: 0.0]
   [Code Root Fixup: 0.1 ms]
   [Code Root Purge: 0.0 ms]
   [Clear CT: 0.2 ms]
   [Other: 7.8 ms]
      [Choose CSet: 0.0 ms]
      [Ref Proc: 6.6 ms]
      [Ref Enq: 0.2 ms]
      [Redirty Cards: 0.8 ms]
      [Humongous Register: 0.0 ms]
      [Humongous Reclaim: 0.0 ms]
      [Free CSet: 0.1 ms]
   [Eden: 1024.0M(5536.0M)->0.0B(5536.0M) Survivors: 192.0M->192.0M Heap: 3064.0M(14336.0M)->2392.0M(14336.0M)]
 [Times: user=0.83 sys=0.00, real=0.06 secs] 
2022-11-05T19:24:48.772-0600: 33.458: [GC concurrent-root-region-scan-start]
2022-11-05T19:24:48.825-0600: 33.511: [GC concurrent-root-region-scan-end, 0.0527328 secs]
2022-11-05T19:24:48.825-0600: 33.511: [GC concurrent-mark-start]
2022-11-05T19:24:49.232-0600: 33.918: [GC concurrent-mark-end, 0.4069155 secs]
2022-11-05T19:24:49.232-0600: 33.918: [GC remark 2022-11-05T19:24:49.232-0600: 33.918: [Finalize Marking, 0.0003715 secs] 2022-11-05T19:24:49.232-0600: 33.918: [GC ref-proc, 0.0048690 secs] 2022-11-05T19:24:49.237-0600: 33.923: [Unloading, 0.0170972 secs], 0.0240359 secs]
 [Times: user=0.22 sys=0.00, real=0.03 secs] 
2022-11-05T19:24:49.256-0600: 33.942: [GC cleanup 2589M->2397M(14336M), 0.0026168 secs]
 [Times: user=0.02 sys=0.00, real=0.00 secs] 
2022-11-05T19:24:49.259-0600: 33.945: [GC concurrent-cleanup-start]
2022-11-05T19:24:49.259-0600: 33.945: [GC concurrent-cleanup-end, 0.0000347 secs]
2022-11-05T19:24:51.787-0600: 36.474: [GC pause (G1 Evacuation Pause) (young) (initial-mark), 0.0501373 secs]
   [Parallel Time: 41.4 ms, GC Workers: 14]
      [GC Worker Start (ms): Min: 36474.6, Avg: 36474.8, Max: 36475.1, Diff: 0.5]
      [Ext Root Scanning (ms): Min: 3.5, Avg: 3.8, Max: 4.1, Diff: 0.6, Sum: 52.6]
      [Update RS (ms): Min: 0.7, Avg: 0.8, Max: 1.0, Diff: 0.3, Sum: 11.3]
         [Processed Buffers: Min: 3, Avg: 5.4, Max: 10, Diff: 7, Sum: 75]
      [Scan RS (ms): Min: 2.5, Avg: 2.7, Max: 2.8, Diff: 0.3, Sum: 37.8]
      [Code Root Scanning (ms): Min: 0.0, Avg: 0.1, Max: 0.2, Diff: 0.2, Sum: 1.4]
      [Object Copy (ms): Min: 31.4, Avg: 31.6, Max: 32.0, Diff: 0.6, Sum: 442.1]
      [Termination (ms): Min: 0.0, Avg: 0.4, Max: 0.5, Diff: 0.5, Sum: 5.8]
         [Termination Attempts: Min: 1, Avg: 3.1, Max: 6, Diff: 5, Sum: 44]
      [GC Worker Other (ms): Min: 0.0, Avg: 0.0, Max: 0.1, Diff: 0.1, Sum: 0.4]
      [GC Worker Total (ms): Min: 39.1, Avg: 39.4, Max: 39.6, Diff: 0.5, Sum: 551.4]
      [GC Worker End (ms): Min: 36514.2, Avg: 36514.2, Max: 36514.3, Diff: 0.1]
   [Code Root Fixup: 0.1 ms]
   [Code Root Purge: 0.0 ms]
   [Clear CT: 0.4 ms]
   [Other: 8.3 ms]
      [Choose CSet: 0.0 ms]
      [Ref Proc: 7.5 ms]
      [Ref Enq: 0.2 ms]
      [Redirty Cards: 0.3 ms]
      [Humongous Register: 0.0 ms]
      [Humongous Reclaim: 0.0 ms]
      [Free CSet: 0.1 ms]
   [Eden: 5536.0M(5536.0M)->0.0B(5552.0M) Survivors: 192.0M->192.0M Heap: 7736.0M(14336.0M)->2423.9M(14336.0M)]
 [Times: user=0.57 sys=0.00, real=0.05 secs] 
2022-11-05T19:24:51.838-0600: 36.524: [GC concurrent-root-region-scan-start]
2022-11-05T19:24:51.862-0600: 36.548: [GC concurrent-root-region-scan-end, 0.0243996 secs]
2022-11-05T19:24:51.862-0600: 36.548: [GC concurrent-mark-start]
2022-11-05T19:24:52.233-0600: 36.919: [GC concurrent-mark-end, 0.3710254 secs]
2022-11-05T19:24:52.233-0600: 36.919: [GC remark 2022-11-05T19:24:52.233-0600: 36.919: [Finalize Marking, 0.0059105 secs] 2022-11-05T19:24:52.239-0600: 36.925: [GC ref-proc, 0.0804008 secs] 2022-11-05T19:24:52.320-0600: 37.006: [Unloading, 0.0156211 secs], 0.1034225 secs]
 [Times: user=0.85 sys=0.01, real=0.11 secs] 
2022-11-05T19:24:52.337-0600: 37.023: [GC cleanup 2679M->2599M(14336M), 0.0037436 secs]
 [Times: user=0.02 sys=0.00, real=0.00 secs] 
2022-11-05T19:24:52.341-0600: 37.027: [GC concurrent-cleanup-start]
2022-11-05T19:24:52.341-0600: 37.027: [GC concurrent-cleanup-end, 0.0000257 secs]
2022-11-05T19:25:01.494-0600: 46.180: [GC pause (G1 Evacuation Pause) (young), 0.0660588 secs]
   [Parallel Time: 57.4 ms, GC Workers: 14]
      [GC Worker Start (ms): Min: 46180.2, Avg: 46180.4, Max: 46180.5, Diff: 0.3]
      [Ext Root Scanning (ms): Min: 0.2, Avg: 1.0, Max: 7.9, Diff: 7.6, Sum: 13.3]
      [Update RS (ms): Min: 0.0, Avg: 1.1, Max: 1.5, Diff: 1.5, Sum: 15.2]
         [Processed Buffers: Min: 0, Avg: 5.4, Max: 11, Diff: 11, Sum: 76]
      [Scan RS (ms): Min: 11.1, Avg: 16.6, Max: 17.3, Diff: 6.2, Sum: 231.8]
      [Code Root Scanning (ms): Min: 0.0, Avg: 0.2, Max: 1.9, Diff: 1.9, Sum: 2.4]
      [Object Copy (ms): Min: 37.7, Avg: 37.8, Max: 37.9, Diff: 0.2, Sum: 529.0]
      [Termination (ms): Min: 0.0, Avg: 0.0, Max: 0.0, Diff: 0.0, Sum: 0.4]
         [Termination Attempts: Min: 1, Avg: 42.6, Max: 61, Diff: 60, Sum: 596]
      [GC Worker Other (ms): Min: 0.0, Avg: 0.1, Max: 0.2, Diff: 0.2, Sum: 0.8]
      [GC Worker Total (ms): Min: 56.5, Avg: 56.6, Max: 56.9, Diff: 0.4, Sum: 793.0]
      [GC Worker End (ms): Min: 46237.0, Avg: 46237.0, Max: 46237.2, Diff: 0.2]
   [Code Root Fixup: 0.1 ms]
   [Code Root Purge: 0.0 ms]
   [Clear CT: 0.5 ms]
   [Other: 8.1 ms]
      [Choose CSet: 0.0 ms]
      [Ref Proc: 6.9 ms]
      [Ref Enq: 0.2 ms]
      [Redirty Cards: 0.6 ms]
      [Humongous Register: 0.0 ms]
      [Humongous Reclaim: 0.0 ms]
      [Free CSet: 0.3 ms]
   [Eden: 5552.0M(5552.0M)->0.0B(5536.0M) Survivors: 192.0M->192.0M Heap: 7895.9M(14336.0M)->2447.3M(14336.0M)]
 [Times: user=0.87 sys=0.00, real=0.07 secs] 
2022-11-05T19:25:10.372-0600: 55.058: [GC pause (G1 Evacuation Pause) (mixed), 0.0966078 secs]
   [Parallel Time: 87.5 ms, GC Workers: 14]
      [GC Worker Start (ms): Min: 55058.3, Avg: 55058.4, Max: 55058.5, Diff: 0.2]
      [Ext Root Scanning (ms): Min: 0.3, Avg: 1.1, Max: 8.0, Diff: 7.6, Sum: 15.0]
      [Update RS (ms): Min: 0.0, Avg: 2.1, Max: 2.6, Diff: 2.6, Sum: 30.0]
         [Processed Buffers: Min: 0, Avg: 6.1, Max: 13, Diff: 13, Sum: 85]
      [Scan RS (ms): Min: 16.0, Avg: 20.7, Max: 21.3, Diff: 5.2, Sum: 289.6]
      [Code Root Scanning (ms): Min: 0.0, Avg: 0.2, Max: 0.8, Diff: 0.8, Sum: 2.5]
      [Object Copy (ms): Min: 62.0, Avg: 62.3, Max: 62.6, Diff: 0.6, Sum: 871.9]
      [Termination (ms): Min: 0.0, Avg: 0.4, Max: 0.5, Diff: 0.5, Sum: 5.5]
         [Termination Attempts: Min: 1, Avg: 853.5, Max: 1056, Diff: 1055, Sum: 11949]
      [GC Worker Other (ms): Min: 0.0, Avg: 0.1, Max: 0.3, Diff: 0.3, Sum: 1.3]
      [GC Worker Total (ms): Min: 86.6, Avg: 86.8, Max: 87.0, Diff: 0.4, Sum: 1215.8]
      [GC Worker End (ms): Min: 55145.2, Avg: 55145.3, Max: 55145.4, Diff: 0.3]
   [Code Root Fixup: 0.1 ms]
   [Code Root Purge: 0.1 ms]
   [Clear CT: 0.5 ms]
   [Other: 8.4 ms]
      [Choose CSet: 0.0 ms]
      [Ref Proc: 6.8 ms]
      [Ref Enq: 0.2 ms]
      [Redirty Cards: 0.7 ms]
      [Humongous Register: 0.0 ms]
      [Humongous Reclaim: 0.0 ms]
      [Free CSet: 0.6 ms]
   [Eden: 5536.0M(5536.0M)->0.0B(5536.0M) Survivors: 192.0M->192.0M Heap: 7983.3M(14336.0M)->2628.6M(14336.0M)]
 [Times: user=1.26 sys=0.00, real=0.10 secs] 
2022-11-05T19:25:12.713-0600: 57.399: [GC pause (G1 Evacuation Pause) (young), 0.1111149 secs]
   [Parallel Time: 101.8 ms, GC Workers: 14]
      [GC Worker Start (ms): Min: 57399.0, Avg: 57399.2, Max: 57399.4, Diff: 0.4]
      [Ext Root Scanning (ms): Min: 0.2, Avg: 0.9, Max: 7.4, Diff: 7.2, Sum: 12.0]
      [Update RS (ms): Min: 0.0, Avg: 0.7, Max: 0.9, Diff: 0.9, Sum: 9.4]
         [Processed Buffers: Min: 0, Avg: 4.7, Max: 8, Diff: 8, Sum: 66]
      [Scan RS (ms): Min: 14.5, Avg: 20.1, Max: 20.6, Diff: 6.1, Sum: 281.1]
      [Code Root Scanning (ms): Min: 0.0, Avg: 0.1, Max: 0.4, Diff: 0.4, Sum: 1.2]
      [Object Copy (ms): Min: 78.6, Avg: 78.9, Max: 79.0, Diff: 0.4, Sum: 1104.3]
      [Termination (ms): Min: 0.0, Avg: 0.0, Max: 0.0, Diff: 0.0, Sum: 0.2]
         [Termination Attempts: Min: 2, Avg: 2.7, Max: 4, Diff: 2, Sum: 38]
      [GC Worker Other (ms): Min: 0.0, Avg: 0.1, Max: 0.4, Diff: 0.4, Sum: 1.9]
      [GC Worker Total (ms): Min: 100.4, Avg: 100.7, Max: 101.1, Diff: 0.8, Sum: 1410.1]
      [GC Worker End (ms): Min: 57499.8, Avg: 57499.9, Max: 57500.2, Diff: 0.4]
   [Code Root Fixup: 0.1 ms]
   [Code Root Purge: 0.0 ms]
   [Clear CT: 0.3 ms]
   [Other: 8.9 ms]
      [Choose CSet: 0.0 ms]
      [Ref Proc: 7.2 ms]
      [Ref Enq: 0.3 ms]
      [Redirty Cards: 1.1 ms]
      [Humongous Register: 0.0 ms]
      [Humongous Reclaim: 0.0 ms]
      [Free CSet: 0.2 ms]
   [Eden: 5536.0M(5536.0M)->0.0B(5536.0M) Survivors: 192.0M->192.0M Heap: 8164.6M(14336.0M)->3280.0M(14336.0M)]
 [Times: user=1.45 sys=0.00, real=0.12 secs] 
2022-11-05T19:37:18.790-0600: 783.477: [GC pause (G1 Evacuation Pause) (young) (initial-mark), 0.0466751 secs]
   [Parallel Time: 37.5 ms, GC Workers: 14]
      [GC Worker Start (ms): Min: 783478.1, Avg: 783478.3, Max: 783478.5, Diff: 0.4]
      [Ext Root Scanning (ms): Min: 4.3, Avg: 4.4, Max: 4.6, Diff: 0.4, Sum: 62.2]
      [Update RS (ms): Min: 0.0, Avg: 0.2, Max: 0.5, Diff: 0.5, Sum: 3.1]
         [Processed Buffers: Min: 0, Avg: 6.6, Max: 27, Diff: 27, Sum: 93]
      [Scan RS (ms): Min: 3.3, Avg: 3.6, Max: 3.8, Diff: 0.6, Sum: 49.9]
      [Code Root Scanning (ms): Min: 0.0, Avg: 0.2, Max: 0.5, Diff: 0.5, Sum: 2.1]
      [Object Copy (ms): Min: 26.5, Avg: 26.6, Max: 26.7, Diff: 0.2, Sum: 372.2]
      [Termination (ms): Min: 0.1, Avg: 0.1, Max: 0.1, Diff: 0.1, Sum: 1.4]
         [Termination Attempts: Min: 7, Avg: 27.4, Max: 54, Diff: 47, Sum: 383]
      [GC Worker Other (ms): Min: 0.0, Avg: 0.1, Max: 0.2, Diff: 0.2, Sum: 1.1]
      [GC Worker Total (ms): Min: 35.0, Avg: 35.1, Max: 35.4, Diff: 0.5, Sum: 491.8]
      [GC Worker End (ms): Min: 783513.4, Avg: 783513.4, Max: 783513.6, Diff: 0.2]
   [Code Root Fixup: 0.1 ms]
   [Code Root Purge: 0.0 ms]
   [Clear CT: 0.3 ms]
   [Other: 8.7 ms]
      [Choose CSet: 0.0 ms]
      [Ref Proc: 7.6 ms]
      [Ref Enq: 0.2 ms]
      [Redirty Cards: 0.5 ms]
      [Humongous Register: 0.0 ms]
      [Humongous Reclaim: 0.0 ms]
      [Free CSet: 0.2 ms]
   [Eden: 5536.0M(5536.0M)->0.0B(6176.0M) Survivors: 192.0M->192.0M Heap: 8816.0M(14336.0M)->3576.0M(14336.0M)]
 [Times: user=0.51 sys=0.00, real=0.05 secs] 
2022-11-05T19:37:18.837-0600: 783.523: [GC concurrent-root-region-scan-start]
2022-11-05T19:37:18.849-0600: 783.535: [GC concurrent-root-region-scan-end, 0.0119643 secs]
2022-11-05T19:37:18.849-0600: 783.535: [GC concurrent-mark-start]
2022-11-05T19:37:19.474-0600: 784.160: [GC concurrent-mark-end, 0.6245854 secs]
2022-11-05T19:37:19.474-0600: 784.160: [GC remark 2022-11-05T19:37:19.474-0600: 784.160: [Finalize Marking, 0.0005596 secs] 2022-11-05T19:37:19.474-0600: 784.161: [GC ref-proc, 0.0059871 secs] 2022-11-05T19:37:19.480-0600: 784.167: [Unloading, 0.0173306 secs], 0.0261660 secs]
 [Times: user=0.25 sys=0.00, real=0.03 secs] 
2022-11-05T19:37:19.500-0600: 784.186: [GC cleanup 3609M->3385M(14336M), 0.0044930 secs]
 [Times: user=0.03 sys=0.00, real=0.01 secs] 
2022-11-05T19:37:19.505-0600: 784.191: [GC concurrent-cleanup-start]
2022-11-05T19:37:19.505-0600: 784.191: [GC concurrent-cleanup-end, 0.0000440 secs]
2022-11-05T19:52:37.043-0600: 1701.730: [GC pause (G1 Evacuation Pause) (young), 0.0171253 secs]
   [Parallel Time: 9.9 ms, GC Workers: 14]
      [GC Worker Start (ms): Min: 1701729.7, Avg: 1701729.9, Max: 1701730.1, Diff: 0.4]
      [Ext Root Scanning (ms): Min: 0.2, Avg: 0.8, Max: 4.8, Diff: 4.6, Sum: 10.8]
      [Update RS (ms): Min: 0.0, Avg: 0.1, Max: 0.4, Diff: 0.4, Sum: 1.7]
         [Processed Buffers: Min: 0, Avg: 6.4, Max: 19, Diff: 19, Sum: 89]
      [Scan RS (ms): Min: 0.0, Avg: 2.1, Max: 2.5, Diff: 2.5, Sum: 29.3]
      [Code Root Scanning (ms): Min: 0.0, Avg: 0.1, Max: 0.3, Diff: 0.3, Sum: 1.7]
      [Object Copy (ms): Min: 4.3, Avg: 5.8, Max: 6.0, Diff: 1.7, Sum: 81.7]
      [Termination (ms): Min: 0.0, Avg: 0.1, Max: 0.1, Diff: 0.0, Sum: 0.8]
         [Termination Attempts: Min: 14, Avg: 24.6, Max: 39, Diff: 25, Sum: 345]
      [GC Worker Other (ms): Min: 0.0, Avg: 0.1, Max: 0.2, Diff: 0.2, Sum: 1.0]
      [GC Worker Total (ms): Min: 8.9, Avg: 9.1, Max: 9.3, Diff: 0.4, Sum: 127.1]
      [GC Worker End (ms): Min: 1701738.9, Avg: 1701739.0, Max: 1701739.2, Diff: 0.2]
   [Code Root Fixup: 0.1 ms]
   [Code Root Purge: 0.0 ms]
   [Clear CT: 0.4 ms]
   [Other: 6.8 ms]
      [Choose CSet: 0.0 ms]
      [Ref Proc: 5.9 ms]
      [Ref Enq: 0.3 ms]
      [Redirty Cards: 0.4 ms]
      [Humongous Register: 0.0 ms]
      [Humongous Reclaim: 0.0 ms]
      [Free CSet: 0.2 ms]
   [Eden: 6176.0M(6176.0M)->0.0B(5584.0M) Survivors: 192.0M->144.0M Heap: 9528.0M(14336.0M)->3421.3M(14336.0M)]
 [Times: user=0.15 sys=0.00, real=0.01 secs] 
2022-11-05T20:06:16.595-0600: 2521.281: [GC pause (G1 Evacuation Pause) (mixed), 0.0436601 secs]
   [Parallel Time: 27.4 ms, GC Workers: 14]
      [GC Worker Start (ms): Min: 2521281.2, Avg: 2521281.4, Max: 2521281.7, Diff: 0.5]
      [Ext Root Scanning (ms): Min: 0.1, Avg: 1.0, Max: 8.4, Diff: 8.3, Sum: 13.7]
      [Update RS (ms): Min: 0.0, Avg: 0.2, Max: 0.6, Diff: 0.6, Sum: 3.3]
         [Processed Buffers: Min: 0, Avg: 7.7, Max: 25, Diff: 25, Sum: 108]
      [Scan RS (ms): Min: 1.7, Avg: 8.5, Max: 9.2, Diff: 7.5, Sum: 119.2]
      [Code Root Scanning (ms): Min: 0.0, Avg: 0.2, Max: 0.4, Diff: 0.4, Sum: 2.4]
      [Object Copy (ms): Min: 16.1, Avg: 16.2, Max: 16.4, Diff: 0.3, Sum: 227.2]
      [Termination (ms): Min: 0.0, Avg: 0.1, Max: 0.2, Diff: 0.2, Sum: 2.0]
         [Termination Attempts: Min: 1, Avg: 335.9, Max: 462, Diff: 461, Sum: 4703]
      [GC Worker Other (ms): Min: 0.0, Avg: 0.2, Max: 0.5, Diff: 0.5, Sum: 2.3]
      [GC Worker Total (ms): Min: 26.1, Avg: 26.4, Max: 26.8, Diff: 0.8, Sum: 370.1]
      [GC Worker End (ms): Min: 2521307.7, Avg: 2521307.8, Max: 2521308.2, Diff: 0.5]
   [Code Root Fixup: 0.1 ms]
   [Code Root Purge: 0.0 ms]
   [Clear CT: 4.2 ms]
   [Other: 11.9 ms]
      [Choose CSet: 0.1 ms]
      [Ref Proc: 6.3 ms]
      [Ref Enq: 4.7 ms]
      [Redirty Cards: 0.3 ms]
      [Humongous Register: 0.0 ms]
      [Humongous Reclaim: 0.0 ms]
      [Free CSet: 0.5 ms]
   [Eden: 5584.0M(5584.0M)->0.0B(7136.0M) Survivors: 144.0M->32768.0K Heap: 9005.3M(14336.0M)->2985.9M(14336.0M)]
 [Times: user=0.41 sys=0.00, real=0.04 secs] 
2022-11-05T20:22:39.346-0600: 3504.032: [GC pause (G1 Evacuation Pause) (young), 0.0100517 secs]
   [Parallel Time: 4.2 ms, GC Workers: 14]
      [GC Worker Start (ms): Min: 3504031.8, Avg: 3504031.9, Max: 3504032.1, Diff: 0.3]
      [Ext Root Scanning (ms): Min: 0.2, Avg: 0.6, Max: 3.8, Diff: 3.6, Sum: 8.7]
      [Update RS (ms): Min: 0.0, Avg: 0.2, Max: 0.4, Diff: 0.4, Sum: 2.2]
         [Processed Buffers: Min: 0, Avg: 9.1, Max: 21, Diff: 21, Sum: 127]
      [Scan RS (ms): Min: 0.0, Avg: 0.1, Max: 0.1, Diff: 0.1, Sum: 0.7]
      [Code Root Scanning (ms): Min: 0.0, Avg: 0.0, Max: 0.0, Diff: 0.0, Sum: 0.0]
      [Object Copy (ms): Min: 0.0, Avg: 0.3, Max: 0.4, Diff: 0.4, Sum: 4.7]
      [Termination (ms): Min: 0.0, Avg: 2.5, Max: 2.7, Diff: 2.7, Sum: 35.0]
         [Termination Attempts: Min: 1, Avg: 32.9, Max: 42, Diff: 41, Sum: 461]
      [GC Worker Other (ms): Min: 0.0, Avg: 0.0, Max: 0.0, Diff: 0.0, Sum: 0.1]
      [GC Worker Total (ms): Min: 3.5, Avg: 3.7, Max: 3.8, Diff: 0.3, Sum: 51.4]
      [GC Worker End (ms): Min: 3504035.6, Avg: 3504035.6, Max: 3504035.6, Diff: 0.1]
   [Code Root Fixup: 0.0 ms]
   [Code Root Purge: 0.0 ms]
   [Clear CT: 0.2 ms]
   [Other: 5.6 ms]
      [Choose CSet: 0.0 ms]
      [Ref Proc: 4.9 ms]
      [Ref Enq: 0.3 ms]
      [Redirty Cards: 0.2 ms]
      [Humongous Register: 0.0 ms]
      [Humongous Reclaim: 0.0 ms]
      [Free CSet: 0.2 ms]
   [Eden: 7136.0M(7136.0M)->0.0B(7152.0M) Survivors: 32768.0K->16384.0K Heap: 10121.9M(14336.0M)->3002.6M(14336.0M)]
 [Times: user=0.07 sys=0.00, real=0.01 secs] 
2022-11-05T20:39:07.388-0600: 4492.075: [GC pause (G1 Evacuation Pause) (young) (initial-mark), 0.0130795 secs]
   [Parallel Time: 6.8 ms, GC Workers: 14]
      [GC Worker Start (ms): Min: 4492075.8, Avg: 4492076.0, Max: 4492076.2, Diff: 0.4]
      [Ext Root Scanning (ms): Min: 4.3, Avg: 4.5, Max: 4.7, Diff: 0.4, Sum: 63.0]
      [Update RS (ms): Min: 0.0, Avg: 0.2, Max: 0.3, Diff: 0.3, Sum: 2.7]
         [Processed Buffers: Min: 4, Avg: 9.4, Max: 20, Diff: 16, Sum: 132]
      [Scan RS (ms): Min: 0.0, Avg: 0.0, Max: 0.1, Diff: 0.1, Sum: 0.4]
      [Code Root Scanning (ms): Min: 0.0, Avg: 0.0, Max: 0.0, Diff: 0.0, Sum: 0.0]
      [Object Copy (ms): Min: 0.1, Avg: 0.2, Max: 0.3, Diff: 0.2, Sum: 3.4]
      [Termination (ms): Min: 0.0, Avg: 0.0, Max: 0.0, Diff: 0.0, Sum: 0.1]
         [Termination Attempts: Min: 1, Avg: 9.5, Max: 13, Diff: 12, Sum: 133]
      [GC Worker Other (ms): Min: 0.0, Avg: 0.1, Max: 0.2, Diff: 0.2, Sum: 1.0]
      [GC Worker Total (ms): Min: 4.9, Avg: 5.0, Max: 5.3, Diff: 0.4, Sum: 70.5]
      [GC Worker End (ms): Min: 4492081.0, Avg: 4492081.1, Max: 4492081.2, Diff: 0.2]
   [Code Root Fixup: 0.0 ms]
   [Code Root Purge: 0.0 ms]
   [Clear CT: 0.4 ms]
   [Other: 5.9 ms]
      [Choose CSet: 0.0 ms]
      [Ref Proc: 4.9 ms]
      [Ref Enq: 0.2 ms]
      [Redirty Cards: 0.5 ms]
      [Humongous Register: 0.0 ms]
      [Humongous Reclaim: 0.0 ms]
      [Free CSet: 0.2 ms]
   [Eden: 7152.0M(7152.0M)->0.0B(7152.0M) Survivors: 16384.0K->16384.0K Heap: 10154.6M(14336.0M)->3007.3M(14336.0M)]
 [Times: user=0.08 sys=0.00, real=0.01 secs] 
2022-11-05T20:39:07.402-0600: 4492.088: [GC concurrent-root-region-scan-start]
2022-11-05T20:39:07.405-0600: 4492.091: [GC concurrent-root-region-scan-end, 0.0034873 secs]
2022-11-05T20:39:07.405-0600: 4492.091: [GC concurrent-mark-start]
2022-11-05T20:39:08.085-0600: 4492.771: [GC concurrent-mark-end, 0.6802079 secs]
2022-11-05T20:39:08.085-0600: 4492.772: [GC remark 2022-11-05T20:39:08.085-0600: 4492.772: [Finalize Marking, 0.0014504 secs] 2022-11-05T20:39:08.087-0600: 4492.773: [GC ref-proc, 0.0076370 secs] 2022-11-05T20:39:08.095-0600: 4492.781: [Unloading, 0.0188368 secs], 0.0300905 secs]
 [Times: user=0.29 sys=0.00, real=0.03 secs] 
2022-11-05T20:39:08.116-0600: 4492.802: [GC cleanup 3039M->3023M(14336M), 0.0054349 secs]
 [Times: user=0.03 sys=0.00, real=0.00 secs] 
2022-11-05T20:39:08.121-0600: 4492.807: [GC concurrent-cleanup-start]
2022-11-05T20:39:08.121-0600: 4492.807: [GC concurrent-cleanup-end, 0.0000111 secs]
2022-11-05T20:55:48.352-0600: 5493.038: [GC pause (G1 Evacuation Pause) (young), 0.0087554 secs]
   [Parallel Time: 3.1 ms, GC Workers: 14]
      [GC Worker Start (ms): Min: 5493038.4, Avg: 5493038.6, Max: 5493038.7, Diff: 0.3]
      [Ext Root Scanning (ms): Min: 0.3, Avg: 0.6, Max: 2.7, Diff: 2.4, Sum: 8.0]
      [Update RS (ms): Min: 0.0, Avg: 0.1, Max: 0.3, Diff: 0.3, Sum: 1.7]
         [Processed Buffers: Min: 0, Avg: 9.5, Max: 20, Diff: 20, Sum: 133]
      [Scan RS (ms): Min: 0.0, Avg: 0.0, Max: 0.1, Diff: 0.1, Sum: 0.5]
      [Code Root Scanning (ms): Min: 0.0, Avg: 0.0, Max: 0.0, Diff: 0.0, Sum: 0.0]
      [Object Copy (ms): Min: 0.0, Avg: 0.3, Max: 0.4, Diff: 0.4, Sum: 4.4]
      [Termination (ms): Min: 0.0, Avg: 1.5, Max: 1.7, Diff: 1.7, Sum: 20.9]
         [Termination Attempts: Min: 1, Avg: 36.0, Max: 51, Diff: 50, Sum: 504]
      [GC Worker Other (ms): Min: 0.0, Avg: 0.0, Max: 0.0, Diff: 0.0, Sum: 0.1]
      [GC Worker Total (ms): Min: 2.4, Avg: 2.5, Max: 2.8, Diff: 0.4, Sum: 35.5]
      [GC Worker End (ms): Min: 5493041.1, Avg: 5493041.1, Max: 5493041.2, Diff: 0.1]
   [Code Root Fixup: 0.0 ms]
   [Code Root Purge: 0.0 ms]
   [Clear CT: 0.2 ms]
   [Other: 5.4 ms]
      [Choose CSet: 0.0 ms]
      [Ref Proc: 4.6 ms]
      [Ref Enq: 0.3 ms]
      [Redirty Cards: 0.2 ms]
      [Humongous Register: 0.0 ms]
      [Humongous Reclaim: 0.0 ms]
      [Free CSet: 0.2 ms]
   [Eden: 7152.0M(7152.0M)->0.0B(5712.0M) Survivors: 16384.0K->16384.0K Heap: 10143.3M(14336.0M)->2992.2M(14336.0M)]
 [Times: user=0.05 sys=0.00, real=0.01 secs] 
2022-11-05T21:09:51.295-0600: 6335.981: [GC pause (G1 Evacuation Pause) (mixed), 0.0298045 secs]
   [Parallel Time: 21.4 ms, GC Workers: 14]
      [GC Worker Start (ms): Min: 6335981.3, Avg: 6335981.5, Max: 6335981.7, Diff: 0.4]
      [Ext Root Scanning (ms): Min: 0.1, Avg: 1.1, Max: 11.1, Diff: 10.9, Sum: 15.9]
      [Update RS (ms): Min: 0.0, Avg: 0.2, Max: 0.5, Diff: 0.5, Sum: 2.2]
         [Processed Buffers: Min: 0, Avg: 8.2, Max: 18, Diff: 18, Sum: 115]
      [Scan RS (ms): Min: 0.1, Avg: 3.5, Max: 4.3, Diff: 4.3, Sum: 49.3]
      [Code Root Scanning (ms): Min: 0.0, Avg: 0.1, Max: 0.9, Diff: 0.9, Sum: 1.2]
      [Object Copy (ms): Min: 9.4, Avg: 15.5, Max: 16.0, Diff: 6.6, Sum: 217.0]
      [Termination (ms): Min: 0.0, Avg: 0.0, Max: 0.0, Diff: 0.0, Sum: 0.2]
         [Termination Attempts: Min: 1, Avg: 27.9, Max: 36, Diff: 35, Sum: 391]
      [GC Worker Other (ms): Min: 0.0, Avg: 0.1, Max: 0.3, Diff: 0.2, Sum: 1.3]
      [GC Worker Total (ms): Min: 20.2, Avg: 20.5, Max: 20.8, Diff: 0.6, Sum: 287.2]
      [GC Worker End (ms): Min: 6336001.9, Avg: 6336002.0, Max: 6336002.1, Diff: 0.2]
   [Code Root Fixup: 0.1 ms]
   [Code Root Purge: 0.0 ms]
   [Clear CT: 0.5 ms]
   [Other: 7.9 ms]
      [Choose CSet: 0.0 ms]
      [Ref Proc: 7.0 ms]
      [Ref Enq: 0.2 ms]
      [Redirty Cards: 0.4 ms]
      [Humongous Register: 0.0 ms]
      [Humongous Reclaim: 0.0 ms]
      [Free CSet: 0.2 ms]
   [Eden: 5712.0M(5712.0M)->0.0B(7152.0M) Survivors: 16384.0K->16384.0K Heap: 8704.2M(14336.0M)->2806.5M(14336.0M)]
 [Times: user=0.32 sys=0.00, real=0.03 secs] 
2022-11-05T21:26:15.145-0600: 7319.831: [GC pause (G1 Evacuation Pause) (young), 0.0088357 secs]
   [Parallel Time: 2.9 ms, GC Workers: 14]
      [GC Worker Start (ms): Min: 7319831.5, Avg: 7319831.6, Max: 7319831.8, Diff: 0.4]
      [Ext Root Scanning (ms): Min: 0.2, Avg: 0.6, Max: 2.6, Diff: 2.4, Sum: 7.7]
      [Update RS (ms): Min: 0.0, Avg: 0.3, Max: 0.5, Diff: 0.5, Sum: 3.6]
         [Processed Buffers: Min: 0, Avg: 11.1, Max: 28, Diff: 28, Sum: 155]
      [Scan RS (ms): Min: 0.0, Avg: 0.0, Max: 0.1, Diff: 0.1, Sum: 0.7]
      [Code Root Scanning (ms): Min: 0.0, Avg: 0.0, Max: 0.0, Diff: 0.0, Sum: 0.0]
      [Object Copy (ms): Min: 0.0, Avg: 0.3, Max: 0.3, Diff: 0.3, Sum: 3.6]
      [Termination (ms): Min: 0.0, Avg: 1.3, Max: 1.5, Diff: 1.5, Sum: 18.3]
         [Termination Attempts: Min: 1, Avg: 13.1, Max: 19, Diff: 18, Sum: 183]
      [GC Worker Other (ms): Min: 0.0, Avg: 0.0, Max: 0.0, Diff: 0.0, Sum: 0.1]
      [GC Worker Total (ms): Min: 2.3, Avg: 2.4, Max: 2.6, Diff: 0.3, Sum: 34.1]
      [GC Worker End (ms): Min: 7319834.1, Avg: 7319834.1, Max: 7319834.2, Diff: 0.1]
   [Code Root Fixup: 0.0 ms]
   [Code Root Purge: 0.0 ms]
   [Clear CT: 0.3 ms]
   [Other: 5.6 ms]
      [Choose CSet: 0.0 ms]
      [Ref Proc: 5.0 ms]
      [Ref Enq: 0.2 ms]
      [Redirty Cards: 0.2 ms]
      [Humongous Register: 0.0 ms]
      [Humongous Reclaim: 0.0 ms]
      [Free CSet: 0.1 ms]
   [Eden: 7152.0M(7152.0M)->0.0B(7152.0M) Survivors: 16384.0K->16384.0K Heap: 9958.5M(14336.0M)->2918.6M(14336.0M)]
 [Times: user=0.06 sys=0.00, real=0.00 secs] 
2022-11-05T21:43:00.546-0600: 8325.232: [GC pause (G1 Evacuation Pause) (young) (initial-mark), 0.0134844 secs]
   [Parallel Time: 6.9 ms, GC Workers: 14]
      [GC Worker Start (ms): Min: 8325233.2, Avg: 8325233.4, Max: 8325233.6, Diff: 0.4]
      [Ext Root Scanning (ms): Min: 4.1, Avg: 4.3, Max: 4.6, Diff: 0.4, Sum: 60.7]
      [Update RS (ms): Min: 0.1, Avg: 0.1, Max: 0.2, Diff: 0.1, Sum: 1.7]
         [Processed Buffers: Min: 1, Avg: 10.5, Max: 39, Diff: 38, Sum: 147]
      [Scan RS (ms): Min: 0.0, Avg: 0.0, Max: 0.1, Diff: 0.1, Sum: 0.4]
      [Code Root Scanning (ms): Min: 0.0, Avg: 0.0, Max: 0.0, Diff: 0.0, Sum: 0.0]
      [Object Copy (ms): Min: 0.2, Avg: 0.4, Max: 0.4, Diff: 0.2, Sum: 5.1]
      [Termination (ms): Min: 0.0, Avg: 0.0, Max: 0.1, Diff: 0.0, Sum: 0.5]
         [Termination Attempts: Min: 33, Avg: 47.1, Max: 56, Diff: 23, Sum: 659]
      [GC Worker Other (ms): Min: 0.0, Avg: 0.1, Max: 0.3, Diff: 0.3, Sum: 1.3]
      [GC Worker Total (ms): Min: 4.7, Avg: 5.0, Max: 5.2, Diff: 0.5, Sum: 69.7]
      [GC Worker End (ms): Min: 8325238.3, Avg: 8325238.4, Max: 8325238.6, Diff: 0.3]
   [Code Root Fixup: 0.0 ms]
   [Code Root Purge: 0.0 ms]
   [Clear CT: 0.2 ms]
   [Other: 6.4 ms]
      [Choose CSet: 0.0 ms]
      [Ref Proc: 5.6 ms]
      [Ref Enq: 0.3 ms]
      [Redirty Cards: 0.2 ms]
      [Humongous Register: 0.0 ms]
      [Humongous Reclaim: 0.0 ms]
      [Free CSet: 0.2 ms]
   [Eden: 7152.0M(7152.0M)->0.0B(7152.0M) Survivors: 16384.0K->16384.0K Heap: 10070.6M(14336.0M)->2941.0M(14336.0M)]
 [Times: user=0.08 sys=0.00, real=0.01 secs] 
2022-11-05T21:43:00.559-0600: 8325.245: [GC concurrent-root-region-scan-start]
2022-11-05T21:43:00.562-0600: 8325.248: [GC concurrent-root-region-scan-end, 0.0025509 secs]
2022-11-05T21:43:00.562-0600: 8325.248: [GC concurrent-mark-start]
2022-11-05T21:43:01.190-0600: 8325.876: [GC concurrent-mark-end, 0.6285376 secs]
2022-11-05T21:43:01.190-0600: 8325.877: [GC remark 2022-11-05T21:43:01.190-0600: 8325.877: [Finalize Marking, 0.0009772 secs] 2022-11-05T21:43:01.191-0600: 8325.878: [GC ref-proc, 0.0075247 secs] 2022-11-05T21:43:01.199-0600: 8325.885: [Unloading, 0.0172568 secs], 0.0280635 secs]
 [Times: user=0.26 sys=0.00, real=0.03 secs] 
2022-11-05T21:43:01.219-0600: 8325.905: [GC cleanup 3005M->3005M(14336M), 0.0040676 secs]
 [Times: user=0.02 sys=0.00, real=0.01 secs] 
2022-11-05T21:59:23.845-0600: 9308.532: [GC pause (G1 Evacuation Pause) (young), 0.0101125 secs]
   [Parallel Time: 3.1 ms, GC Workers: 14]
      [GC Worker Start (ms): Min: 9308531.6, Avg: 9308531.9, Max: 9308532.1, Diff: 0.4]
      [Ext Root Scanning (ms): Min: 0.2, Avg: 0.6, Max: 2.6, Diff: 2.4, Sum: 8.0]
      [Update RS (ms): Min: 0.0, Avg: 0.1, Max: 0.3, Diff: 0.3, Sum: 1.6]
         [Processed Buffers: Min: 0, Avg: 11.5, Max: 27, Diff: 27, Sum: 161]
      [Scan RS (ms): Min: 0.0, Avg: 0.0, Max: 0.0, Diff: 0.0, Sum: 0.4]
      [Code Root Scanning (ms): Min: 0.0, Avg: 0.0, Max: 0.0, Diff: 0.0, Sum: 0.0]
      [Object Copy (ms): Min: 0.0, Avg: 0.3, Max: 0.4, Diff: 0.4, Sum: 4.1]
      [Termination (ms): Min: 0.0, Avg: 1.4, Max: 1.5, Diff: 1.5, Sum: 19.3]
         [Termination Attempts: Min: 1, Avg: 24.1, Max: 34, Diff: 33, Sum: 338]
      [GC Worker Other (ms): Min: 0.0, Avg: 0.0, Max: 0.0, Diff: 0.0, Sum: 0.1]
      [GC Worker Total (ms): Min: 2.2, Avg: 2.4, Max: 2.6, Diff: 0.4, Sum: 33.6]
      [GC Worker End (ms): Min: 9308534.2, Avg: 9308534.3, Max: 9308534.3, Diff: 0.1]
   [Code Root Fixup: 0.0 ms]
   [Code Root Purge: 0.0 ms]
   [Clear CT: 0.4 ms]
   [Other: 6.6 ms]
      [Choose CSet: 0.0 ms]
      [Ref Proc: 5.9 ms]
      [Ref Enq: 0.2 ms]
      [Redirty Cards: 0.2 ms]
      [Humongous Register: 0.0 ms]
      [Humongous Reclaim: 0.0 ms]
      [Free CSet: 0.2 ms]
   [Eden: 7152.0M(7152.0M)->0.0B(5712.0M) Survivors: 16384.0K->16384.0K Heap: 10093.0M(14336.0M)->2944.4M(14336.0M)]
 [Times: user=0.06 sys=0.00, real=0.01 secs] 
2022-11-05T22:12:50.595-0600: 10115.281: [GC pause (G1 Evacuation Pause) (mixed), 0.0123644 secs]
   [Parallel Time: 6.0 ms, GC Workers: 14]
      [GC Worker Start (ms): Min: 10115281.3, Avg: 10115281.5, Max: 10115281.6, Diff: 0.3]
      [Ext Root Scanning (ms): Min: 0.2, Avg: 0.8, Max: 5.6, Diff: 5.5, Sum: 10.6]
      [Update RS (ms): Min: 0.0, Avg: 0.1, Max: 0.3, Diff: 0.3, Sum: 1.5]
         [Processed Buffers: Min: 0, Avg: 10.6, Max: 36, Diff: 36, Sum: 149]
      [Scan RS (ms): Min: 0.0, Avg: 0.5, Max: 1.5, Diff: 1.4, Sum: 7.4]
      [Code Root Scanning (ms): Min: 0.0, Avg: 0.0, Max: 0.4, Diff: 0.4, Sum: 0.4]
      [Object Copy (ms): Min: 0.0, Avg: 2.2, Max: 2.5, Diff: 2.5, Sum: 30.5]
      [Termination (ms): Min: 0.0, Avg: 1.9, Max: 2.1, Diff: 2.1, Sum: 27.0]
         [Termination Attempts: Min: 1, Avg: 20.9, Max: 31, Diff: 30, Sum: 293]
      [GC Worker Other (ms): Min: 0.0, Avg: 0.0, Max: 0.0, Diff: 0.0, Sum: 0.1]
      [GC Worker Total (ms): Min: 5.4, Avg: 5.5, Max: 5.7, Diff: 0.3, Sum: 77.6]
      [GC Worker End (ms): Min: 10115287.0, Avg: 10115287.0, Max: 10115287.0, Diff: 0.1]
   [Code Root Fixup: 0.0 ms]
   [Code Root Purge: 0.0 ms]
   [Clear CT: 0.7 ms]
   [Other: 5.6 ms]
      [Choose CSet: 0.0 ms]
      [Ref Proc: 4.7 ms]
      [Ref Enq: 0.2 ms]
      [Redirty Cards: 0.5 ms]
      [Humongous Register: 0.0 ms]
      [Humongous Reclaim: 0.0 ms]
      [Free CSet: 0.1 ms]
   [Eden: 5712.0M(5712.0M)->0.0B(7152.0M) Survivors: 16384.0K->16384.0K Heap: 8656.4M(14336.0M)->2803.8M(14336.0M)]
 [Times: user=0.10 sys=0.00, real=0.01 secs] 
2022-11-05T22:29:19.595-0600: 11104.281: [GC pause (G1 Evacuation Pause) (young), 0.0095719 secs]
   [Parallel Time: 3.3 ms, GC Workers: 14]
      [GC Worker Start (ms): Min: 11104281.1, Avg: 11104281.3, Max: 11104281.4, Diff: 0.3]
      [Ext Root Scanning (ms): Min: 0.2, Avg: 0.6, Max: 2.9, Diff: 2.7, Sum: 8.8]
      [Update RS (ms): Min: 0.0, Avg: 0.7, Max: 1.0, Diff: 1.0, Sum: 10.5]
         [Processed Buffers: Min: 0, Avg: 14.5, Max: 52, Diff: 52, Sum: 203]
      [Scan RS (ms): Min: 0.0, Avg: 0.0, Max: 0.1, Diff: 0.1, Sum: 0.4]
      [Code Root Scanning (ms): Min: 0.0, Avg: 0.0, Max: 0.0, Diff: 0.0, Sum: 0.0]
      [Object Copy (ms): Min: 0.0, Avg: 0.2, Max: 0.3, Diff: 0.3, Sum: 3.3]
      [Termination (ms): Min: 0.0, Avg: 1.1, Max: 1.3, Diff: 1.3, Sum: 15.5]
         [Termination Attempts: Min: 1, Avg: 15.4, Max: 25, Diff: 24, Sum: 216]
      [GC Worker Other (ms): Min: 0.0, Avg: 0.0, Max: 0.0, Diff: 0.0, Sum: 0.1]
      [GC Worker Total (ms): Min: 2.6, Avg: 2.8, Max: 2.9, Diff: 0.3, Sum: 38.7]
      [GC Worker End (ms): Min: 11104284.0, Avg: 11104284.0, Max: 11104284.1, Diff: 0.1]
   [Code Root Fixup: 0.0 ms]
   [Code Root Purge: 0.0 ms]
   [Clear CT: 0.2 ms]
   [Other: 6.1 ms]
      [Choose CSet: 0.0 ms]
      [Ref Proc: 5.2 ms]
      [Ref Enq: 0.4 ms]
      [Redirty Cards: 0.2 ms]
      [Humongous Register: 0.0 ms]
      [Humongous Reclaim: 0.0 ms]
      [Free CSet: 0.2 ms]
   [Eden: 7152.0M(7152.0M)->0.0B(7152.0M) Survivors: 16384.0K->16384.0K Heap: 9955.8M(14336.0M)->2811.4M(14336.0M)]
 [Times: user=0.06 sys=0.00, real=0.01 secs] 
2022-11-05T22:45:55.696-0600: 12100.382: [GC pause (G1 Evacuation Pause) (young), 0.0115891 secs]
   [Parallel Time: 4.3 ms, GC Workers: 14]
      [GC Worker Start (ms): Min: 12100381.9, Avg: 12100382.1, Max: 12100382.3, Diff: 0.4]
      [Ext Root Scanning (ms): Min: 0.2, Avg: 0.7, Max: 3.9, Diff: 3.7, Sum: 9.4]
      [Update RS (ms): Min: 0.0, Avg: 0.1, Max: 0.3, Diff: 0.3, Sum: 1.4]
         [Processed Buffers: Min: 0, Avg: 12.1, Max: 39, Diff: 39, Sum: 169]
      [Scan RS (ms): Min: 0.0, Avg: 0.0, Max: 0.1, Diff: 0.1, Sum: 0.5]
      [Code Root Scanning (ms): Min: 0.0, Avg: 0.0, Max: 0.0, Diff: 0.0, Sum: 0.0]
      [Object Copy (ms): Min: 0.0, Avg: 0.3, Max: 0.4, Diff: 0.4, Sum: 4.1]
      [Termination (ms): Min: 0.0, Avg: 2.6, Max: 3.0, Diff: 3.0, Sum: 36.8]
         [Termination Attempts: Min: 1, Avg: 36.1, Max: 52, Diff: 51, Sum: 506]
      [GC Worker Other (ms): Min: 0.0, Avg: 0.0, Max: 0.0, Diff: 0.0, Sum: 0.1]
      [GC Worker Total (ms): Min: 3.5, Avg: 3.7, Max: 3.9, Diff: 0.3, Sum: 52.3]
      [GC Worker End (ms): Min: 12100385.8, Avg: 12100385.9, Max: 12100386.0, Diff: 0.1]
   [Code Root Fixup: 0.0 ms]
   [Code Root Purge: 0.0 ms]
   [Clear CT: 0.3 ms]
   [Other: 7.0 ms]
      [Choose CSet: 0.0 ms]
      [Ref Proc: 6.2 ms]
      [Ref Enq: 0.3 ms]
      [Redirty Cards: 0.2 ms]
      [Humongous Register: 0.0 ms]
      [Humongous Reclaim: 0.0 ms]
      [Free CSet: 0.2 ms]
   [Eden: 7152.0M(7152.0M)->0.0B(7152.0M) Survivors: 16384.0K->16384.0K Heap: 9963.4M(14336.0M)->2812.9M(14336.0M)]
 [Times: user=0.08 sys=0.00, real=0.01 secs] 
2022-11-05T23:02:17.146-0600: 13081.832: [GC pause (G1 Evacuation Pause) (young), 0.0144666 secs]
   [Parallel Time: 8.5 ms, GC Workers: 14]
      [GC Worker Start (ms): Min: 13081831.9, Avg: 13081832.0, Max: 13081832.2, Diff: 0.4]
      [Ext Root Scanning (ms): Min: 0.2, Avg: 0.6, Max: 3.8, Diff: 3.7, Sum: 9.0]
      [Update RS (ms): Min: 0.0, Avg: 0.1, Max: 0.2, Diff: 0.2, Sum: 1.2]
         [Processed Buffers: Min: 0, Avg: 11.1, Max: 35, Diff: 35, Sum: 155]
      [Scan RS (ms): Min: 0.0, Avg: 0.0, Max: 0.1, Diff: 0.1, Sum: 0.4]
      [Code Root Scanning (ms): Min: 0.0, Avg: 0.0, Max: 0.0, Diff: 0.0, Sum: 0.0]
      [Object Copy (ms): Min: 0.0, Avg: 0.2, Max: 0.3, Diff: 0.3, Sum: 3.5]
      [Termination (ms): Min: 0.0, Avg: 2.7, Max: 2.9, Diff: 2.9, Sum: 37.7]
         [Termination Attempts: Min: 1, Avg: 13.6, Max: 25, Diff: 24, Sum: 191]
      [GC Worker Other (ms): Min: 0.0, Avg: 0.0, Max: 0.0, Diff: 0.0, Sum: 0.1]
      [GC Worker Total (ms): Min: 3.5, Avg: 3.7, Max: 3.9, Diff: 0.3, Sum: 51.9]
      [GC Worker End (ms): Min: 13081835.7, Avg: 13081835.7, Max: 13081835.8, Diff: 0.0]
   [Code Root Fixup: 0.0 ms]
   [Code Root Purge: 0.0 ms]
   [Clear CT: 0.2 ms]
   [Other: 5.8 ms]
      [Choose CSet: 0.0 ms]
      [Ref Proc: 5.1 ms]
      [Ref Enq: 0.3 ms]
      [Redirty Cards: 0.2 ms]
      [Humongous Register: 0.0 ms]
      [Humongous Reclaim: 0.0 ms]
      [Free CSet: 0.1 ms]
   [Eden: 7152.0M(7152.0M)->0.0B(7152.0M) Survivors: 16384.0K->16384.0K Heap: 9964.9M(14336.0M)->2813.5M(14336.0M)]
 [Times: user=0.08 sys=0.00, real=0.01 secs] 
2022-11-05T23:18:48.746-0600: 14073.432: [GC pause (G1 Evacuation Pause) (young), 0.0101018 secs]
   [Parallel Time: 4.1 ms, GC Workers: 14]
      [GC Worker Start (ms): Min: 14073432.1, Avg: 14073432.3, Max: 14073432.4, Diff: 0.3]
      [Ext Root Scanning (ms): Min: 0.2, Avg: 0.7, Max: 3.7, Diff: 3.5, Sum: 9.3]
      [Update RS (ms): Min: 0.0, Avg: 0.1, Max: 0.2, Diff: 0.2, Sum: 1.2]
         [Processed Buffers: Min: 0, Avg: 11.6, Max: 47, Diff: 47, Sum: 162]
      [Scan RS (ms): Min: 0.0, Avg: 0.0, Max: 0.1, Diff: 0.0, Sum: 0.5]
      [Code Root Scanning (ms): Min: 0.0, Avg: 0.0, Max: 0.0, Diff: 0.0, Sum: 0.0]
      [Object Copy (ms): Min: 0.0, Avg: 0.3, Max: 0.4, Diff: 0.4, Sum: 3.9]
      [Termination (ms): Min: 0.0, Avg: 2.5, Max: 2.8, Diff: 2.8, Sum: 35.2]
         [Termination Attempts: Min: 1, Avg: 31.5, Max: 50, Diff: 49, Sum: 441]
      [GC Worker Other (ms): Min: 0.0, Avg: 0.0, Max: 0.0, Diff: 0.0, Sum: 0.1]
      [GC Worker Total (ms): Min: 3.4, Avg: 3.6, Max: 3.7, Diff: 0.3, Sum: 50.2]
      [GC Worker End (ms): Min: 14073435.9, Avg: 14073435.9, Max: 14073435.9, Diff: 0.0]
   [Code Root Fixup: 0.0 ms]
   [Code Root Purge: 0.0 ms]
   [Clear CT: 0.4 ms]
   [Other: 5.6 ms]
      [Choose CSet: 0.0 ms]
      [Ref Proc: 4.9 ms]
      [Ref Enq: 0.2 ms]
      [Redirty Cards: 0.2 ms]
      [Humongous Register: 0.0 ms]
      [Humongous Reclaim: 0.0 ms]
      [Free CSet: 0.2 ms]
   [Eden: 7152.0M(7152.0M)->0.0B(7152.0M) Survivors: 16384.0K->16384.0K Heap: 9965.5M(14336.0M)->2813.6M(14336.0M)]
 [Times: user=0.07 sys=0.00, real=0.01 secs] 
2022-11-05T23:35:15.809-0600: 15060.495: [GC pause (G1 Evacuation Pause) (young), 0.0106488 secs]
   [Parallel Time: 4.3 ms, GC Workers: 14]
      [GC Worker Start (ms): Min: 15060495.1, Avg: 15060495.2, Max: 15060495.4, Diff: 0.3]
      [Ext Root Scanning (ms): Min: 0.2, Avg: 0.7, Max: 3.9, Diff: 3.7, Sum: 9.3]
      [Update RS (ms): Min: 0.0, Avg: 0.1, Max: 0.3, Diff: 0.3, Sum: 1.5]
         [Processed Buffers: Min: 0, Avg: 11.5, Max: 51, Diff: 51, Sum: 161]
      [Scan RS (ms): Min: 0.0, Avg: 0.0, Max: 0.1, Diff: 0.0, Sum: 0.5]
      [Code Root Scanning (ms): Min: 0.0, Avg: 0.0, Max: 0.0, Diff: 0.0, Sum: 0.0]
      [Object Copy (ms): Min: 0.0, Avg: 0.3, Max: 0.4, Diff: 0.4, Sum: 4.1]
      [Termination (ms): Min: 0.0, Avg: 2.7, Max: 3.0, Diff: 3.0, Sum: 37.6]
         [Termination Attempts: Min: 1, Avg: 27.9, Max: 40, Diff: 39, Sum: 390]
      [GC Worker Other (ms): Min: 0.0, Avg: 0.0, Max: 0.0, Diff: 0.0, Sum: 0.1]
      [GC Worker Total (ms): Min: 3.6, Avg: 3.8, Max: 3.9, Diff: 0.3, Sum: 53.0]
      [GC Worker End (ms): Min: 15060499.0, Avg: 15060499.0, Max: 15060499.0, Diff: 0.1]
   [Code Root Fixup: 0.0 ms]
   [Code Root Purge: 0.0 ms]
   [Clear CT: 0.3 ms]
   [Other: 6.0 ms]
      [Choose CSet: 0.0 ms]
      [Ref Proc: 5.3 ms]
      [Ref Enq: 0.3 ms]
      [Redirty Cards: 0.2 ms]
      [Humongous Register: 0.0 ms]
      [Humongous Reclaim: 0.0 ms]
      [Free CSet: 0.2 ms]
   [Eden: 7152.0M(7152.0M)->0.0B(7152.0M) Survivors: 16384.0K->16384.0K Heap: 9965.6M(14336.0M)->2813.8M(14336.0M)]
 [Times: user=0.08 sys=0.00, real=0.01 secs] 
2022-11-05T23:51:43.746-0600: 16048.432: [GC pause (G1 Evacuation Pause) (young), 0.0094770 secs]
   [Parallel Time: 4.2 ms, GC Workers: 14]
      [GC Worker Start (ms): Min: 16048431.8, Avg: 16048431.9, Max: 16048432.1, Diff: 0.3]
      [Ext Root Scanning (ms): Min: 0.2, Avg: 0.7, Max: 3.9, Diff: 3.6, Sum: 9.7]
      [Update RS (ms): Min: 0.0, Avg: 0.1, Max: 0.3, Diff: 0.3, Sum: 1.5]
         [Processed Buffers: Min: 0, Avg: 11.8, Max: 48, Diff: 48, Sum: 165]
      [Scan RS (ms): Min: 0.0, Avg: 0.0, Max: 0.1, Diff: 0.1, Sum: 0.5]
      [Code Root Scanning (ms): Min: 0.0, Avg: 0.0, Max: 0.0, Diff: 0.0, Sum: 0.0]
      [Object Copy (ms): Min: 0.0, Avg: 0.3, Max: 0.4, Diff: 0.4, Sum: 3.8]
      [Termination (ms): Min: 0.0, Avg: 2.7, Max: 3.0, Diff: 3.0, Sum: 37.3]
         [Termination Attempts: Min: 1, Avg: 28.5, Max: 39, Diff: 38, Sum: 399]
      [GC Worker Other (ms): Min: 0.0, Avg: 0.0, Max: 0.0, Diff: 0.0, Sum: 0.1]
      [GC Worker Total (ms): Min: 3.6, Avg: 3.8, Max: 3.9, Diff: 0.3, Sum: 52.9]
      [GC Worker End (ms): Min: 16048435.7, Avg: 16048435.7, Max: 16048435.8, Diff: 0.1]
   [Code Root Fixup: 0.0 ms]
   [Code Root Purge: 0.0 ms]
   [Clear CT: 0.2 ms]
   [Other: 5.1 ms]
      [Choose CSet: 0.0 ms]
      [Ref Proc: 4.3 ms]
      [Ref Enq: 0.4 ms]
      [Redirty Cards: 0.2 ms]
      [Humongous Register: 0.0 ms]
      [Humongous Reclaim: 0.0 ms]
      [Free CSet: 0.1 ms]
   [Eden: 7152.0M(7152.0M)->0.0B(7152.0M) Survivors: 16384.0K->16384.0K Heap: 9965.8M(14336.0M)->2813.5M(14336.0M)]
 [Times: user=0.07 sys=0.00, real=0.01 secs] 
2022-11-06T00:08:17.995-0600: 17042.681: [GC pause (G1 Evacuation Pause) (young), 0.0102723 secs]
   [Parallel Time: 4.3 ms, GC Workers: 14]
      [GC Worker Start (ms): Min: 17042681.3, Avg: 17042681.5, Max: 17042681.7, Diff: 0.3]
      [Ext Root Scanning (ms): Min: 0.2, Avg: 0.7, Max: 3.8, Diff: 3.5, Sum: 9.2]
      [Update RS (ms): Min: 0.0, Avg: 0.1, Max: 0.3, Diff: 0.3, Sum: 1.5]
         [Processed Buffers: Min: 0, Avg: 11.4, Max: 42, Diff: 42, Sum: 159]
      [Scan RS (ms): Min: 0.0, Avg: 0.0, Max: 0.1, Diff: 0.1, Sum: 0.5]
      [Code Root Scanning (ms): Min: 0.0, Avg: 0.0, Max: 0.0, Diff: 0.0, Sum: 0.0]
      [Object Copy (ms): Min: 0.0, Avg: 0.3, Max: 0.4, Diff: 0.4, Sum: 3.7]
      [Termination (ms): Min: 0.0, Avg: 2.6, Max: 2.9, Diff: 2.9, Sum: 36.7]
         [Termination Attempts: Min: 1, Avg: 35.6, Max: 56, Diff: 55, Sum: 498]
      [GC Worker Other (ms): Min: 0.0, Avg: 0.0, Max: 0.0, Diff: 0.0, Sum: 0.1]
      [GC Worker Total (ms): Min: 3.5, Avg: 3.7, Max: 3.8, Diff: 0.3, Sum: 51.6]
      [GC Worker End (ms): Min: 17042685.1, Avg: 17042685.2, Max: 17042685.2, Diff: 0.1]
   [Code Root Fixup: 0.0 ms]
   [Code Root Purge: 0.0 ms]
   [Clear CT: 0.3 ms]
   [Other: 5.6 ms]
      [Choose CSet: 0.0 ms]
      [Ref Proc: 4.9 ms]
      [Ref Enq: 0.2 ms]
      [Redirty Cards: 0.4 ms]
      [Humongous Register: 0.0 ms]
      [Humongous Reclaim: 0.0 ms]
      [Free CSet: 0.1 ms]
   [Eden: 7152.0M(7152.0M)->0.0B(7152.0M) Survivors: 16384.0K->16384.0K Heap: 9965.5M(14336.0M)->2813.8M(14336.0M)]
 [Times: user=0.08 sys=0.00, real=0.01 secs] 
2022-11-06T00:24:45.045-0600: 18029.732: [GC pause (G1 Evacuation Pause) (young), 0.0102318 secs]
   [Parallel Time: 4.1 ms, GC Workers: 14]
      [GC Worker Start (ms): Min: 18029731.6, Avg: 18029731.8, Max: 18029731.9, Diff: 0.4]
      [Ext Root Scanning (ms): Min: 0.3, Avg: 0.6, Max: 3.8, Diff: 3.6, Sum: 8.9]
      [Update RS (ms): Min: 0.0, Avg: 0.1, Max: 0.3, Diff: 0.3, Sum: 1.4]
         [Processed Buffers: Min: 0, Avg: 11.1, Max: 24, Diff: 24, Sum: 156]
      [Scan RS (ms): Min: 0.0, Avg: 0.0, Max: 0.1, Diff: 0.0, Sum: 0.5]
      [Code Root Scanning (ms): Min: 0.0, Avg: 0.0, Max: 0.0, Diff: 0.0, Sum: 0.0]
      [Object Copy (ms): Min: 0.0, Avg: 0.3, Max: 0.4, Diff: 0.4, Sum: 4.0]
      [Termination (ms): Min: 0.0, Avg: 2.6, Max: 2.9, Diff: 2.9, Sum: 36.6]
         [Termination Attempts: Min: 1, Avg: 39.2, Max: 52, Diff: 51, Sum: 549]
      [GC Worker Other (ms): Min: 0.0, Avg: 0.0, Max: 0.0, Diff: 0.0, Sum: 0.1]
      [GC Worker Total (ms): Min: 3.5, Avg: 3.7, Max: 3.9, Diff: 0.4, Sum: 51.5]
      [GC Worker End (ms): Min: 18029735.4, Avg: 18029735.5, Max: 18029735.6, Diff: 0.1]
   [Code Root Fixup: 0.0 ms]
   [Code Root Purge: 0.0 ms]
   [Clear CT: 0.3 ms]
   [Other: 5.9 ms]
      [Choose CSet: 0.0 ms]
      [Ref Proc: 5.1 ms]
      [Ref Enq: 0.3 ms]
      [Redirty Cards: 0.2 ms]
      [Humongous Register: 0.0 ms]
      [Humongous Reclaim: 0.0 ms]
      [Free CSet: 0.1 ms]
   [Eden: 7152.0M(7152.0M)->0.0B(7152.0M) Survivors: 16384.0K->16384.0K Heap: 9965.8M(14336.0M)->2813.5M(14336.0M)]
 [Times: user=0.08 sys=0.00, real=0.01 secs] 
2022-11-06T00:41:04.205-0600: 19008.891: [GC pause (G1 Evacuation Pause) (young), 0.0114620 secs]
   [Parallel Time: 4.3 ms, GC Workers: 14]
      [GC Worker Start (ms): Min: 19008891.3, Avg: 19008891.5, Max: 19008891.7, Diff: 0.4]
      [Ext Root Scanning (ms): Min: 0.2, Avg: 0.7, Max: 3.9, Diff: 3.6, Sum: 9.3]
      [Update RS (ms): Min: 0.0, Avg: 0.1, Max: 0.3, Diff: 0.3, Sum: 1.4]
         [Processed Buffers: Min: 0, Avg: 11.6, Max: 27, Diff: 27, Sum: 162]
      [Scan RS (ms): Min: 0.0, Avg: 0.0, Max: 0.1, Diff: 0.1, Sum: 0.5]
      [Code Root Scanning (ms): Min: 0.0, Avg: 0.0, Max: 0.0, Diff: 0.0, Sum: 0.0]
      [Object Copy (ms): Min: 0.0, Avg: 0.3, Max: 0.4, Diff: 0.4, Sum: 3.9]
      [Termination (ms): Min: 0.0, Avg: 2.6, Max: 2.9, Diff: 2.9, Sum: 36.4]
         [Termination Attempts: Min: 1, Avg: 17.6, Max: 28, Diff: 27, Sum: 247]
      [GC Worker Other (ms): Min: 0.0, Avg: 0.0, Max: 0.0, Diff: 0.0, Sum: 0.1]
      [GC Worker Total (ms): Min: 3.5, Avg: 3.7, Max: 3.9, Diff: 0.4, Sum: 51.6]
      [GC Worker End (ms): Min: 19008895.2, Avg: 19008895.2, Max: 19008895.3, Diff: 0.1]
   [Code Root Fixup: 0.0 ms]
   [Code Root Purge: 0.0 ms]
   [Clear CT: 1.2 ms]
   [Other: 6.0 ms]
      [Choose CSet: 0.0 ms]
      [Ref Proc: 5.3 ms]
      [Ref Enq: 0.2 ms]
      [Redirty Cards: 0.2 ms]
      [Humongous Register: 0.0 ms]
      [Humongous Reclaim: 0.0 ms]
      [Free CSet: 0.2 ms]
   [Eden: 7152.0M(7152.0M)->0.0B(7152.0M) Survivors: 16384.0K->16384.0K Heap: 9965.5M(14336.0M)->2813.8M(14336.0M)]
 [Times: user=0.08 sys=0.00, real=0.01 secs] 
2022-11-06T00:57:41.675-0600: 20006.361: [GC pause (G1 Evacuation Pause) (young), 0.0081327 secs]
   [Parallel Time: 2.9 ms, GC Workers: 14]
      [GC Worker Start (ms): Min: 20006361.2, Avg: 20006361.3, Max: 20006361.5, Diff: 0.3]
      [Ext Root Scanning (ms): Min: 0.2, Avg: 0.6, Max: 2.6, Diff: 2.4, Sum: 7.9]
      [Update RS (ms): Min: 0.0, Avg: 0.1, Max: 0.3, Diff: 0.3, Sum: 1.6]
         [Processed Buffers: Min: 0, Avg: 11.1, Max: 41, Diff: 41, Sum: 155]
      [Scan RS (ms): Min: 0.0, Avg: 0.0, Max: 0.1, Diff: 0.1, Sum: 0.5]
      [Code Root Scanning (ms): Min: 0.0, Avg: 0.0, Max: 0.0, Diff: 0.0, Sum: 0.0]
      [Object Copy (ms): Min: 0.0, Avg: 0.3, Max: 0.4, Diff: 0.4, Sum: 4.0]
      [Termination (ms): Min: 0.0, Avg: 1.5, Max: 1.6, Diff: 1.6, Sum: 21.0]
         [Termination Attempts: Min: 1, Avg: 25.1, Max: 39, Diff: 38, Sum: 351]
      [GC Worker Other (ms): Min: 0.0, Avg: 0.0, Max: 0.0, Diff: 0.0, Sum: 0.1]
      [GC Worker Total (ms): Min: 2.3, Avg: 2.5, Max: 2.6, Diff: 0.3, Sum: 35.1]
      [GC Worker End (ms): Min: 20006363.8, Avg: 20006363.8, Max: 20006363.8, Diff: 0.1]
   [Code Root Fixup: 0.0 ms]
   [Code Root Purge: 0.0 ms]
   [Clear CT: 0.4 ms]
   [Other: 4.8 ms]
      [Choose CSet: 0.0 ms]
      [Ref Proc: 4.1 ms]
      [Ref Enq: 0.3 ms]
      [Redirty Cards: 0.2 ms]
      [Humongous Register: 0.0 ms]
      [Humongous Reclaim: 0.0 ms]
      [Free CSet: 0.1 ms]
   [Eden: 7152.0M(7152.0M)->0.0B(7152.0M) Survivors: 16384.0K->16384.0K Heap: 9965.8M(14336.0M)->2813.6M(14336.0M)]
 [Times: user=0.03 sys=0.02, real=0.01 secs] 
2022-11-06T01:14:17.146-0600: 21001.832: [GC pause (G1 Evacuation Pause) (young), 0.0101104 secs]
   [Parallel Time: 4.5 ms, GC Workers: 14]
      [GC Worker Start (ms): Min: 21001832.4, Avg: 21001832.5, Max: 21001832.7, Diff: 0.3]
      [Ext Root Scanning (ms): Min: 0.2, Avg: 0.7, Max: 4.0, Diff: 3.8, Sum: 9.4]
      [Update RS (ms): Min: 0.0, Avg: 0.1, Max: 0.3, Diff: 0.3, Sum: 1.7]
         [Processed Buffers: Min: 0, Avg: 10.9, Max: 40, Diff: 40, Sum: 153]
      [Scan RS (ms): Min: 0.0, Avg: 0.0, Max: 0.1, Diff: 0.1, Sum: 0.6]
      [Code Root Scanning (ms): Min: 0.0, Avg: 0.0, Max: 0.0, Diff: 0.0, Sum: 0.0]
      [Object Copy (ms): Min: 0.0, Avg: 0.3, Max: 0.4, Diff: 0.4, Sum: 3.9]
      [Termination (ms): Min: 0.0, Avg: 2.8, Max: 3.1, Diff: 3.1, Sum: 39.1]
         [Termination Attempts: Min: 1, Avg: 17.0, Max: 28, Diff: 27, Sum: 238]
      [GC Worker Other (ms): Min: 0.0, Avg: 0.0, Max: 0.0, Diff: 0.0, Sum: 0.1]
      [GC Worker Total (ms): Min: 3.7, Avg: 3.9, Max: 4.1, Diff: 0.3, Sum: 54.7]
      [GC Worker End (ms): Min: 21001836.4, Avg: 21001836.5, Max: 21001836.5, Diff: 0.1]
   [Code Root Fixup: 0.0 ms]
   [Code Root Purge: 0.0 ms]
   [Clear CT: 0.4 ms]
   [Other: 5.1 ms]
      [Choose CSet: 0.0 ms]
      [Ref Proc: 4.5 ms]
      [Ref Enq: 0.2 ms]
      [Redirty Cards: 0.2 ms]
      [Humongous Register: 0.0 ms]
      [Humongous Reclaim: 0.0 ms]
      [Free CSet: 0.1 ms]
   [Eden: 7152.0M(7152.0M)->0.0B(7152.0M) Survivors: 16384.0K->16384.0K Heap: 9965.6M(14336.0M)->2813.7M(14336.0M)]
 [Times: user=0.08 sys=0.00, real=0.01 secs] 
2022-11-06T01:31:02.914-0600: 22007.600: [GC pause (G1 Evacuation Pause) (young), 0.0083694 secs]
   [Parallel Time: 3.1 ms, GC Workers: 14]
      [GC Worker Start (ms): Min: 22007600.2, Avg: 22007600.3, Max: 22007600.5, Diff: 0.3]
      [Ext Root Scanning (ms): Min: 0.2, Avg: 0.6, Max: 2.7, Diff: 2.5, Sum: 8.0]
      [Update RS (ms): Min: 0.0, Avg: 0.1, Max: 0.3, Diff: 0.3, Sum: 1.8]
         [Processed Buffers: Min: 0, Avg: 11.0, Max: 43, Diff: 43, Sum: 154]
      [Scan RS (ms): Min: 0.0, Avg: 0.0, Max: 0.1, Diff: 0.1, Sum: 0.5]
      [Code Root Scanning (ms): Min: 0.0, Avg: 0.0, Max: 0.0, Diff: 0.0, Sum: 0.0]
      [Object Copy (ms): Min: 0.0, Avg: 0.3, Max: 0.4, Diff: 0.4, Sum: 4.5]
      [Termination (ms): Min: 0.0, Avg: 1.6, Max: 1.8, Diff: 1.8, Sum: 21.9]
         [Termination Attempts: Min: 1, Avg: 18.6, Max: 32, Diff: 31, Sum: 260]
      [GC Worker Other (ms): Min: 0.0, Avg: 0.0, Max: 0.0, Diff: 0.0, Sum: 0.1]
      [GC Worker Total (ms): Min: 2.4, Avg: 2.6, Max: 2.8, Diff: 0.4, Sum: 36.8]
      [GC Worker End (ms): Min: 22007602.9, Avg: 22007602.9, Max: 22007603.0, Diff: 0.1]
   [Code Root Fixup: 0.0 ms]
   [Code Root Purge: 0.0 ms]
   [Clear CT: 0.4 ms]
   [Other: 4.9 ms]
      [Choose CSet: 0.0 ms]
      [Ref Proc: 4.3 ms]
      [Ref Enq: 0.3 ms]
      [Redirty Cards: 0.2 ms]
      [Humongous Register: 0.0 ms]
      [Humongous Reclaim: 0.0 ms]
      [Free CSet: 0.1 ms]
   [Eden: 7152.0M(7152.0M)->0.0B(7152.0M) Survivors: 16384.0K->16384.0K Heap: 9965.7M(14336.0M)->2813.7M(14336.0M)]
 [Times: user=0.05 sys=0.00, real=0.01 secs] 
2022-11-06T01:47:36.845-0600: 23001.531: [GC pause (G1 Evacuation Pause) (young), 0.0102272 secs]
   [Parallel Time: 4.3 ms, GC Workers: 14]
      [GC Worker Start (ms): Min: 23001531.5, Avg: 23001531.6, Max: 23001531.8, Diff: 0.3]
      [Ext Root Scanning (ms): Min: 0.2, Avg: 0.7, Max: 3.9, Diff: 3.7, Sum: 9.3]
      [Update RS (ms): Min: 0.0, Avg: 0.1, Max: 0.2, Diff: 0.2, Sum: 1.5]
         [Processed Buffers: Min: 0, Avg: 11.4, Max: 35, Diff: 35, Sum: 159]
      [Scan RS (ms): Min: 0.0, Avg: 0.0, Max: 0.1, Diff: 0.1, Sum: 0.5]
      [Code Root Scanning (ms): Min: 0.0, Avg: 0.0, Max: 0.0, Diff: 0.0, Sum: 0.0]
      [Object Copy (ms): Min: 0.0, Avg: 0.3, Max: 0.3, Diff: 0.3, Sum: 3.9]
      [Termination (ms): Min: 0.0, Avg: 2.7, Max: 3.0, Diff: 3.0, Sum: 38.3]
         [Termination Attempts: Min: 1, Avg: 19.3, Max: 30, Diff: 29, Sum: 270]
      [GC Worker Other (ms): Min: 0.0, Avg: 0.0, Max: 0.0, Diff: 0.0, Sum: 0.1]
      [GC Worker Total (ms): Min: 3.7, Avg: 3.8, Max: 4.0, Diff: 0.3, Sum: 53.6]
      [GC Worker End (ms): Min: 23001535.4, Avg: 23001535.5, Max: 23001535.5, Diff: 0.1]
   [Code Root Fixup: 0.0 ms]
   [Code Root Purge: 0.0 ms]
   [Clear CT: 0.7 ms]
   [Other: 5.3 ms]
      [Choose CSet: 0.0 ms]
      [Ref Proc: 4.6 ms]
      [Ref Enq: 0.3 ms]
      [Redirty Cards: 0.2 ms]
      [Humongous Register: 0.0 ms]
      [Humongous Reclaim: 0.0 ms]
      [Free CSet: 0.1 ms]
   [Eden: 7152.0M(7152.0M)->0.0B(7152.0M) Survivors: 16384.0K->16384.0K Heap: 9965.7M(14336.0M)->2813.9M(14336.0M)]
 [Times: user=0.08 sys=0.00, real=0.01 secs] 
2022-11-06T01:04:01.546-0700: 23986.232: [GC pause (G1 Evacuation Pause) (young), 0.0090196 secs]
   [Parallel Time: 3.1 ms, GC Workers: 14]
      [GC Worker Start (ms): Min: 23986231.9, Avg: 23986232.1, Max: 23986232.3, Diff: 0.4]
      [Ext Root Scanning (ms): Min: 0.3, Avg: 0.6, Max: 2.7, Diff: 2.5, Sum: 8.7]
      [Update RS (ms): Min: 0.0, Avg: 0.1, Max: 0.3, Diff: 0.3, Sum: 1.9]
         [Processed Buffers: Min: 0, Avg: 11.9, Max: 32, Diff: 32, Sum: 167]
      [Scan RS (ms): Min: 0.0, Avg: 0.0, Max: 0.1, Diff: 0.1, Sum: 0.5]
      [Code Root Scanning (ms): Min: 0.0, Avg: 0.0, Max: 0.0, Diff: 0.0, Sum: 0.0]
      [Object Copy (ms): Min: 0.0, Avg: 0.3, Max: 0.3, Diff: 0.3, Sum: 3.6]
      [Termination (ms): Min: 0.0, Avg: 1.5, Max: 1.7, Diff: 1.7, Sum: 20.6]
         [Termination Attempts: Min: 1, Avg: 14.1, Max: 28, Diff: 27, Sum: 197]
      [GC Worker Other (ms): Min: 0.0, Avg: 0.0, Max: 0.0, Diff: 0.0, Sum: 0.1]
      [GC Worker Total (ms): Min: 2.4, Avg: 2.5, Max: 2.7, Diff: 0.4, Sum: 35.4]
      [GC Worker End (ms): Min: 23986234.6, Avg: 23986234.7, Max: 23986234.7, Diff: 0.1]
   [Code Root Fixup: 0.0 ms]
   [Code Root Purge: 0.0 ms]
   [Clear CT: 0.3 ms]
   [Other: 5.6 ms]
      [Choose CSet: 0.0 ms]
      [Ref Proc: 4.9 ms]
      [Ref Enq: 0.2 ms]
      [Redirty Cards: 0.2 ms]
      [Humongous Register: 0.0 ms]
      [Humongous Reclaim: 0.0 ms]
      [Free CSet: 0.1 ms]
   [Eden: 7152.0M(7152.0M)->0.0B(7152.0M) Survivors: 16384.0K->16384.0K Heap: 9965.9M(14336.0M)->2813.7M(14336.0M)]
 [Times: user=0.06 sys=0.00, real=0.01 secs] 
2022-11-06T01:20:23.595-0700: 24968.281: [GC pause (G1 Evacuation Pause) (young), 0.0128433 secs]
   [Parallel Time: 4.4 ms, GC Workers: 14]
      [GC Worker Start (ms): Min: 24968281.4, Avg: 24968281.5, Max: 24968281.7, Diff: 0.3]
      [Ext Root Scanning (ms): Min: 0.2, Avg: 0.6, Max: 3.9, Diff: 3.7, Sum: 9.1]
      [Update RS (ms): Min: 0.0, Avg: 0.1, Max: 0.3, Diff: 0.3, Sum: 1.6]
         [Processed Buffers: Min: 0, Avg: 11.4, Max: 34, Diff: 34, Sum: 160]
      [Scan RS (ms): Min: 0.0, Avg: 0.0, Max: 0.1, Diff: 0.1, Sum: 0.5]
      [Code Root Scanning (ms): Min: 0.0, Avg: 0.0, Max: 0.0, Diff: 0.0, Sum: 0.0]
      [Object Copy (ms): Min: 0.0, Avg: 0.3, Max: 0.3, Diff: 0.3, Sum: 3.6]
      [Termination (ms): Min: 0.0, Avg: 2.8, Max: 3.0, Diff: 3.0, Sum: 38.6]
         [Termination Attempts: Min: 1, Avg: 15.9, Max: 31, Diff: 30, Sum: 222]
      [GC Worker Other (ms): Min: 0.0, Avg: 0.0, Max: 0.0, Diff: 0.0, Sum: 0.1]
      [GC Worker Total (ms): Min: 3.6, Avg: 3.8, Max: 4.0, Diff: 0.3, Sum: 53.5]
      [GC Worker End (ms): Min: 24968285.3, Avg: 24968285.3, Max: 24968285.4, Diff: 0.1]
   [Code Root Fixup: 0.0 ms]
   [Code Root Purge: 0.0 ms]
   [Clear CT: 0.2 ms]
   [Other: 8.2 ms]
      [Choose CSet: 0.0 ms]
      [Ref Proc: 7.4 ms]
      [Ref Enq: 0.3 ms]
      [Redirty Cards: 0.2 ms]
      [Humongous Register: 0.0 ms]
      [Humongous Reclaim: 0.0 ms]
      [Free CSet: 0.2 ms]
   [Eden: 7152.0M(7152.0M)->0.0B(7152.0M) Survivors: 16384.0K->16384.0K Heap: 9965.7M(14336.0M)->2814.1M(14336.0M)]
 [Times: user=0.08 sys=0.00, real=0.01 secs] 
2022-11-06T01:36:59.414-0700: 25964.100: [GC pause (G1 Evacuation Pause) (young), 0.0105986 secs]
   [Parallel Time: 4.0 ms, GC Workers: 14]
      [GC Worker Start (ms): Min: 25964100.0, Avg: 25964100.2, Max: 25964100.4, Diff: 0.4]
      [Ext Root Scanning (ms): Min: 0.2, Avg: 0.7, Max: 3.8, Diff: 3.6, Sum: 9.3]
      [Update RS (ms): Min: 0.0, Avg: 0.1, Max: 0.3, Diff: 0.3, Sum: 1.5]
         [Processed Buffers: Min: 0, Avg: 11.0, Max: 35, Diff: 35, Sum: 154]
      [Scan RS (ms): Min: 0.0, Avg: 0.0, Max: 0.1, Diff: 0.1, Sum: 0.6]
      [Code Root Scanning (ms): Min: 0.0, Avg: 0.0, Max: 0.0, Diff: 0.0, Sum: 0.0]
      [Object Copy (ms): Min: 0.0, Avg: 0.3, Max: 0.4, Diff: 0.4, Sum: 3.9]
      [Termination (ms): Min: 0.0, Avg: 2.6, Max: 2.9, Diff: 2.9, Sum: 36.3]
         [Termination Attempts: Min: 1, Avg: 38.4, Max: 56, Diff: 55, Sum: 538]
      [GC Worker Other (ms): Min: 0.0, Avg: 0.0, Max: 0.0, Diff: 0.0, Sum: 0.1]
      [GC Worker Total (ms): Min: 3.5, Avg: 3.7, Max: 3.8, Diff: 0.3, Sum: 51.7]
      [GC Worker End (ms): Min: 25964103.8, Avg: 25964103.9, Max: 25964103.9, Diff: 0.1]
   [Code Root Fixup: 0.0 ms]
   [Code Root Purge: 0.0 ms]
   [Clear CT: 0.4 ms]
   [Other: 6.2 ms]
      [Choose CSet: 0.0 ms]
      [Ref Proc: 5.6 ms]
      [Ref Enq: 0.2 ms]
      [Redirty Cards: 0.2 ms]
      [Humongous Register: 0.0 ms]
      [Humongous Reclaim: 0.0 ms]
      [Free CSet: 0.1 ms]
   [Eden: 7152.0M(7152.0M)->0.0B(7152.0M) Survivors: 16384.0K->16384.0K Heap: 9966.1M(14336.0M)->2813.7M(14336.0M)]
 [Times: user=0.07 sys=0.00, real=0.02 secs] 
2022-11-06T01:53:29.694-0700: 26954.380: [GC pause (G1 Evacuation Pause) (young), 0.0095290 secs]
   [Parallel Time: 4.4 ms, GC Workers: 14]
      [GC Worker Start (ms): Min: 26954380.2, Avg: 26954380.4, Max: 26954380.5, Diff: 0.3]
      [Ext Root Scanning (ms): Min: 0.2, Avg: 0.7, Max: 4.0, Diff: 3.8, Sum: 9.7]
      [Update RS (ms): Min: 0.0, Avg: 0.1, Max: 0.2, Diff: 0.2, Sum: 1.4]
         [Processed Buffers: Min: 0, Avg: 11.5, Max: 37, Diff: 37, Sum: 161]
      [Scan RS (ms): Min: 0.0, Avg: 0.0, Max: 0.1, Diff: 0.0, Sum: 0.5]
      [Code Root Scanning (ms): Min: 0.0, Avg: 0.0, Max: 0.0, Diff: 0.0, Sum: 0.0]
      [Object Copy (ms): Min: 0.0, Avg: 0.3, Max: 0.4, Diff: 0.4, Sum: 4.1]
      [Termination (ms): Min: 0.0, Avg: 2.8, Max: 3.1, Diff: 3.1, Sum: 39.1]
         [Termination Attempts: Min: 1, Avg: 40.6, Max: 55, Diff: 54, Sum: 569]
      [GC Worker Other (ms): Min: 0.0, Avg: 0.0, Max: 0.0, Diff: 0.0, Sum: 0.1]
      [GC Worker Total (ms): Min: 3.8, Avg: 3.9, Max: 4.1, Diff: 0.3, Sum: 54.9]
      [GC Worker End (ms): Min: 26954384.2, Avg: 26954384.3, Max: 26954384.3, Diff: 0.1]
   [Code Root Fixup: 0.0 ms]
   [Code Root Purge: 0.0 ms]
   [Clear CT: 0.4 ms]
   [Other: 4.8 ms]
      [Choose CSet: 0.0 ms]
      [Ref Proc: 4.0 ms]
      [Ref Enq: 0.3 ms]
      [Redirty Cards: 0.3 ms]
      [Humongous Register: 0.0 ms]
      [Humongous Reclaim: 0.0 ms]
      [Free CSet: 0.1 ms]
   [Eden: 7152.0M(7152.0M)->0.0B(7152.0M) Survivors: 16384.0K->16384.0K Heap: 9965.7M(14336.0M)->2813.8M(14336.0M)]
 [Times: user=0.08 sys=0.00, real=0.02 secs] 
2022-11-06T02:09:56.746-0700: 27941.432: [GC pause (G1 Evacuation Pause) (young), 0.0095095 secs]
   [Parallel Time: 4.2 ms, GC Workers: 14]
      [GC Worker Start (ms): Min: 27941431.9, Avg: 27941432.0, Max: 27941432.2, Diff: 0.3]
      [Ext Root Scanning (ms): Min: 0.3, Avg: 0.7, Max: 3.9, Diff: 3.6, Sum: 9.6]
      [Update RS (ms): Min: 0.0, Avg: 0.1, Max: 0.2, Diff: 0.2, Sum: 1.4]
         [Processed Buffers: Min: 0, Avg: 11.6, Max: 35, Diff: 35, Sum: 162]
      [Scan RS (ms): Min: 0.0, Avg: 0.0, Max: 0.1, Diff: 0.1, Sum: 0.6]
      [Code Root Scanning (ms): Min: 0.0, Avg: 0.0, Max: 0.0, Diff: 0.0, Sum: 0.0]
      [Object Copy (ms): Min: 0.0, Avg: 0.2, Max: 0.3, Diff: 0.3, Sum: 3.3]
      [Termination (ms): Min: 0.0, Avg: 2.7, Max: 2.9, Diff: 2.9, Sum: 37.5]
         [Termination Attempts: Min: 1, Avg: 18.0, Max: 28, Diff: 27, Sum: 252]
      [GC Worker Other (ms): Min: 0.0, Avg: 0.0, Max: 0.0, Diff: 0.0, Sum: 0.1]
      [GC Worker Total (ms): Min: 3.6, Avg: 3.7, Max: 3.9, Diff: 0.3, Sum: 52.5]
      [GC Worker End (ms): Min: 27941435.8, Avg: 27941435.8, Max: 27941435.8, Diff: 0.1]
   [Code Root Fixup: 0.0 ms]
   [Code Root Purge: 0.0 ms]
   [Clear CT: 0.4 ms]
   [Other: 5.0 ms]
      [Choose CSet: 0.0 ms]
      [Ref Proc: 4.3 ms]
      [Ref Enq: 0.2 ms]
      [Redirty Cards: 0.2 ms]
      [Humongous Register: 0.0 ms]
      [Humongous Reclaim: 0.0 ms]
      [Free CSet: 0.2 ms]
   [Eden: 7152.0M(7152.0M)->0.0B(7152.0M) Survivors: 16384.0K->16384.0K Heap: 9965.8M(14336.0M)->2813.8M(14336.0M)]
 [Times: user=0.07 sys=0.00, real=0.01 secs] 
2022-11-06T02:26:15.345-0700: 28920.032: [GC pause (G1 Evacuation Pause) (young), 0.0115347 secs]
   [Parallel Time: 4.4 ms, GC Workers: 14]
      [GC Worker Start (ms): Min: 28920031.6, Avg: 28920031.8, Max: 28920032.0, Diff: 0.3]
      [Ext Root Scanning (ms): Min: 0.2, Avg: 0.7, Max: 3.9, Diff: 3.7, Sum: 9.1]
      [Update RS (ms): Min: 0.0, Avg: 0.1, Max: 0.3, Diff: 0.3, Sum: 1.5]
         [Processed Buffers: Min: 0, Avg: 11.6, Max: 40, Diff: 40, Sum: 162]
      [Scan RS (ms): Min: 0.0, Avg: 0.0, Max: 0.0, Diff: 0.0, Sum: 0.4]
      [Code Root Scanning (ms): Min: 0.0, Avg: 0.0, Max: 0.0, Diff: 0.0, Sum: 0.0]
      [Object Copy (ms): Min: 0.0, Avg: 0.3, Max: 0.3, Diff: 0.3, Sum: 3.7]
      [Termination (ms): Min: 0.0, Avg: 2.8, Max: 3.1, Diff: 3.1, Sum: 39.3]
         [Termination Attempts: Min: 1, Avg: 12.4, Max: 23, Diff: 22, Sum: 173]
      [GC Worker Other (ms): Min: 0.0, Avg: 0.0, Max: 0.0, Diff: 0.0, Sum: 0.1]
      [GC Worker Total (ms): Min: 3.7, Avg: 3.9, Max: 4.0, Diff: 0.3, Sum: 54.1]
      [GC Worker End (ms): Min: 28920035.6, Avg: 28920035.6, Max: 28920035.7, Diff: 0.1]
   [Code Root Fixup: 0.0 ms]
   [Code Root Purge: 0.0 ms]
   [Clear CT: 1.7 ms]
   [Other: 5.4 ms]
      [Choose CSet: 0.0 ms]
      [Ref Proc: 4.7 ms]
      [Ref Enq: 0.2 ms]
      [Redirty Cards: 0.2 ms]
      [Humongous Register: 0.0 ms]
      [Humongous Reclaim: 0.0 ms]
      [Free CSet: 0.2 ms]
   [Eden: 7152.0M(7152.0M)->0.0B(7152.0M) Survivors: 16384.0K->16384.0K Heap: 9965.8M(14336.0M)->2814.1M(14336.0M)]
 [Times: user=0.07 sys=0.00, real=0.01 secs] 
2022-11-06T02:42:31.545-0700: 29896.232: [GC pause (G1 Evacuation Pause) (young), 0.0089131 secs]
   [Parallel Time: 4.1 ms, GC Workers: 14]
      [GC Worker Start (ms): Min: 29896231.6, Avg: 29896231.7, Max: 29896231.8, Diff: 0.2]
      [Ext Root Scanning (ms): Min: 0.3, Avg: 0.6, Max: 3.7, Diff: 3.4, Sum: 8.7]
      [Update RS (ms): Min: 0.0, Avg: 0.1, Max: 0.2, Diff: 0.2, Sum: 1.3]
         [Processed Buffers: Min: 0, Avg: 10.9, Max: 37, Diff: 37, Sum: 152]
      [Scan RS (ms): Min: 0.0, Avg: 0.0, Max: 0.1, Diff: 0.1, Sum: 0.5]
      [Code Root Scanning (ms): Min: 0.0, Avg: 0.0, Max: 0.0, Diff: 0.0, Sum: 0.0]
      [Object Copy (ms): Min: 0.0, Avg: 0.3, Max: 0.3, Diff: 0.3, Sum: 3.8]
      [Termination (ms): Min: 0.0, Avg: 2.6, Max: 2.9, Diff: 2.9, Sum: 37.0]
         [Termination Attempts: Min: 1, Avg: 35.5, Max: 48, Diff: 47, Sum: 497]
      [GC Worker Other (ms): Min: 0.0, Avg: 0.0, Max: 0.0, Diff: 0.0, Sum: 0.1]
      [GC Worker Total (ms): Min: 3.6, Avg: 3.7, Max: 3.8, Diff: 0.2, Sum: 51.4]
      [GC Worker End (ms): Min: 29896235.4, Avg: 29896235.4, Max: 29896235.4, Diff: 0.1]
   [Code Root Fixup: 0.0 ms]
   [Code Root Purge: 0.0 ms]
   [Clear CT: 0.2 ms]
   [Other: 4.6 ms]
      [Choose CSet: 0.0 ms]
      [Ref Proc: 3.8 ms]
      [Ref Enq: 0.3 ms]
      [Redirty Cards: 0.2 ms]
      [Humongous Register: 0.0 ms]
      [Humongous Reclaim: 0.0 ms]
      [Free CSet: 0.2 ms]
   [Eden: 7152.0M(7152.0M)->0.0B(7152.0M) Survivors: 16384.0K->16384.0K Heap: 9966.1M(14336.0M)->2813.9M(14336.0M)]
 [Times: user=0.07 sys=0.00, real=0.00 secs] 
2022-11-06T02:59:03.395-0700: 30888.081: [GC pause (G1 Evacuation Pause) (young), 0.0106142 secs]
   [Parallel Time: 4.5 ms, GC Workers: 14]
      [GC Worker Start (ms): Min: 30888081.1, Avg: 30888081.3, Max: 30888081.5, Diff: 0.3]
      [Ext Root Scanning (ms): Min: 0.2, Avg: 0.7, Max: 4.1, Diff: 3.8, Sum: 9.4]
      [Update RS (ms): Min: 0.0, Avg: 0.1, Max: 0.3, Diff: 0.3, Sum: 1.5]
         [Processed Buffers: Min: 0, Avg: 10.9, Max: 36, Diff: 36, Sum: 152]
      [Scan RS (ms): Min: 0.0, Avg: 0.0, Max: 0.1, Diff: 0.1, Sum: 0.5]
      [Code Root Scanning (ms): Min: 0.0, Avg: 0.0, Max: 0.0, Diff: 0.0, Sum: 0.0]
      [Object Copy (ms): Min: 0.0, Avg: 0.3, Max: 0.4, Diff: 0.4, Sum: 4.1]
      [Termination (ms): Min: 0.0, Avg: 2.9, Max: 3.1, Diff: 3.1, Sum: 40.0]
         [Termination Attempts: Min: 1, Avg: 18.3, Max: 29, Diff: 28, Sum: 256]
      [GC Worker Other (ms): Min: 0.0, Avg: 0.0, Max: 0.0, Diff: 0.0, Sum: 0.1]
      [GC Worker Total (ms): Min: 3.8, Avg: 4.0, Max: 4.2, Diff: 0.4, Sum: 55.6]
      [GC Worker End (ms): Min: 30888085.2, Avg: 30888085.3, Max: 30888085.3, Diff: 0.1]
   [Code Root Fixup: 0.0 ms]
   [Code Root Purge: 0.0 ms]
   [Clear CT: 0.4 ms]
   [Other: 5.7 ms]
      [Choose CSet: 0.0 ms]
      [Ref Proc: 5.0 ms]
      [Ref Enq: 0.2 ms]
      [Redirty Cards: 0.2 ms]
      [Humongous Register: 0.0 ms]
      [Humongous Reclaim: 0.0 ms]
      [Free CSet: 0.2 ms]
   [Eden: 7152.0M(7152.0M)->0.0B(7152.0M) Survivors: 16384.0K->16384.0K Heap: 9965.9M(14336.0M)->2813.7M(14336.0M)]
 [Times: user=0.08 sys=0.00, real=0.01 secs] 
2022-11-06T03:15:36.745-0700: 31881.432: [GC pause (G1 Evacuation Pause) (young), 0.0098242 secs]
   [Parallel Time: 4.3 ms, GC Workers: 14]
      [GC Worker Start (ms): Min: 31881431.7, Avg: 31881431.9, Max: 31881432.1, Diff: 0.3]
      [Ext Root Scanning (ms): Min: 0.2, Avg: 0.6, Max: 3.8, Diff: 3.6, Sum: 8.7]
      [Update RS (ms): Min: 0.0, Avg: 0.1, Max: 0.3, Diff: 0.3, Sum: 1.5]
         [Processed Buffers: Min: 0, Avg: 11.6, Max: 33, Diff: 33, Sum: 162]
      [Scan RS (ms): Min: 0.0, Avg: 0.0, Max: 0.1, Diff: 0.1, Sum: 0.4]
      [Code Root Scanning (ms): Min: 0.0, Avg: 0.0, Max: 0.0, Diff: 0.0, Sum: 0.0]
      [Object Copy (ms): Min: 0.0, Avg: 0.3, Max: 0.4, Diff: 0.4, Sum: 4.2]
      [Termination (ms): Min: 0.0, Avg: 2.6, Max: 2.9, Diff: 2.9, Sum: 36.6]
         [Termination Attempts: Min: 1, Avg: 19.1, Max: 33, Diff: 32, Sum: 267]
      [GC Worker Other (ms): Min: 0.0, Avg: 0.0, Max: 0.0, Diff: 0.0, Sum: 0.1]
      [GC Worker Total (ms): Min: 3.5, Avg: 3.7, Max: 3.9, Diff: 0.4, Sum: 51.5]
      [GC Worker End (ms): Min: 31881435.6, Avg: 31881435.6, Max: 31881435.7, Diff: 0.1]
   [Code Root Fixup: 0.0 ms]
   [Code Root Purge: 0.0 ms]
   [Clear CT: 0.4 ms]
   [Other: 5.1 ms]
      [Choose CSet: 0.0 ms]
      [Ref Proc: 4.4 ms]
      [Ref Enq: 0.2 ms]
      [Redirty Cards: 0.2 ms]
      [Humongous Register: 0.0 ms]
      [Humongous Reclaim: 0.0 ms]
      [Free CSet: 0.2 ms]
   [Eden: 7152.0M(7152.0M)->0.0B(7152.0M) Survivors: 16384.0K->16384.0K Heap: 9965.7M(14336.0M)->2814.1M(14336.0M)]
 [Times: user=0.07 sys=0.00, real=0.01 secs] 
2022-11-06T03:32:03.295-0700: 32867.981: [GC pause (G1 Evacuation Pause) (young), 0.0113298 secs]
   [Parallel Time: 5.4 ms, GC Workers: 14]
      [GC Worker Start (ms): Min: 32867981.5, Avg: 32867981.7, Max: 32867981.9, Diff: 0.4]
      [Ext Root Scanning (ms): Min: 0.2, Avg: 0.6, Max: 4.1, Diff: 3.9, Sum: 9.0]
      [Update RS (ms): Min: 0.0, Avg: 0.1, Max: 0.3, Diff: 0.3, Sum: 1.7]
         [Processed Buffers: Min: 0, Avg: 11.9, Max: 35, Diff: 35, Sum: 166]
      [Scan RS (ms): Min: 0.0, Avg: 0.0, Max: 0.1, Diff: 0.1, Sum: 0.5]
      [Code Root Scanning (ms): Min: 0.0, Avg: 0.0, Max: 0.0, Diff: 0.0, Sum: 0.0]
      [Object Copy (ms): Min: 0.0, Avg: 0.3, Max: 0.4, Diff: 0.4, Sum: 4.0]
      [Termination (ms): Min: 0.0, Avg: 2.9, Max: 3.9, Diff: 3.9, Sum: 40.9]
         [Termination Attempts: Min: 1, Avg: 31.4, Max: 44, Diff: 43, Sum: 439]
      [GC Worker Other (ms): Min: 0.0, Avg: 0.0, Max: 0.0, Diff: 0.0, Sum: 0.1]
      [GC Worker Total (ms): Min: 3.7, Avg: 4.0, Max: 4.7, Diff: 1.0, Sum: 56.2]
      [GC Worker End (ms): Min: 32867985.6, Avg: 32867985.8, Max: 32867986.5, Diff: 0.9]
   [Code Root Fixup: 0.0 ms]
   [Code Root Purge: 0.0 ms]
   [Clear CT: 0.3 ms]
   [Other: 5.6 ms]
      [Choose CSet: 0.0 ms]
      [Ref Proc: 4.8 ms]
      [Ref Enq: 0.3 ms]
      [Redirty Cards: 0.2 ms]
      [Humongous Register: 0.0 ms]
      [Humongous Reclaim: 0.0 ms]
      [Free CSet: 0.1 ms]
   [Eden: 7152.0M(7152.0M)->0.0B(7152.0M) Survivors: 16384.0K->16384.0K Heap: 9966.1M(14336.0M)->2813.8M(14336.0M)]
 [Times: user=0.08 sys=0.00, real=0.01 secs] 
2022-11-06T03:48:35.745-0700: 33860.432: [GC pause (G1 Evacuation Pause) (young), 0.0095542 secs]
   [Parallel Time: 4.4 ms, GC Workers: 14]
      [GC Worker Start (ms): Min: 33860431.6, Avg: 33860431.7, Max: 33860431.9, Diff: 0.3]
      [Ext Root Scanning (ms): Min: 0.2, Avg: 0.7, Max: 3.9, Diff: 3.6, Sum: 9.4]
      [Update RS (ms): Min: 0.0, Avg: 0.1, Max: 0.3, Diff: 0.3, Sum: 1.4]
         [Processed Buffers: Min: 0, Avg: 11.6, Max: 32, Diff: 32, Sum: 162]
      [Scan RS (ms): Min: 0.0, Avg: 0.0, Max: 0.1, Diff: 0.0, Sum: 0.5]
      [Code Root Scanning (ms): Min: 0.0, Avg: 0.0, Max: 0.0, Diff: 0.0, Sum: 0.0]
      [Object Copy (ms): Min: 0.0, Avg: 0.3, Max: 0.3, Diff: 0.3, Sum: 3.8]
      [Termination (ms): Min: 0.0, Avg: 2.7, Max: 3.0, Diff: 3.0, Sum: 37.6]
         [Termination Attempts: Min: 1, Avg: 23.5, Max: 35, Diff: 34, Sum: 329]
      [GC Worker Other (ms): Min: 0.0, Avg: 0.0, Max: 0.0, Diff: 0.0, Sum: 0.1]
      [GC Worker Total (ms): Min: 3.6, Avg: 3.8, Max: 3.9, Diff: 0.3, Sum: 52.9]
      [GC Worker End (ms): Min: 33860435.5, Avg: 33860435.5, Max: 33860435.5, Diff: 0.1]
   [Code Root Fixup: 0.0 ms]
   [Code Root Purge: 0.0 ms]
   [Clear CT: 0.8 ms]
   [Other: 4.4 ms]
      [Choose CSet: 0.0 ms]
      [Ref Proc: 3.8 ms]
      [Ref Enq: 0.2 ms]
      [Redirty Cards: 0.2 ms]
      [Humongous Register: 0.0 ms]
      [Humongous Reclaim: 0.0 ms]
      [Free CSet: 0.1 ms]
   [Eden: 7152.0M(7152.0M)->0.0B(7152.0M) Survivors: 16384.0K->16384.0K Heap: 9965.8M(14336.0M)->2813.9M(14336.0M)]
 [Times: user=0.07 sys=0.00, real=0.01 secs] 
2022-11-06T04:05:01.445-0700: 34846.131: [GC pause (G1 Evacuation Pause) (young), 0.0096913 secs]
   [Parallel Time: 3.3 ms, GC Workers: 14]
      [GC Worker Start (ms): Min: 34846131.2, Avg: 34846131.5, Max: 34846131.7, Diff: 0.4]
      [Ext Root Scanning (ms): Min: 0.1, Avg: 0.6, Max: 2.8, Diff: 2.6, Sum: 8.0]
      [Update RS (ms): Min: 0.0, Avg: 0.1, Max: 0.3, Diff: 0.3, Sum: 1.5]
         [Processed Buffers: Min: 0, Avg: 12.0, Max: 38, Diff: 38, Sum: 168]
      [Scan RS (ms): Min: 0.0, Avg: 0.0, Max: 0.1, Diff: 0.0, Sum: 0.4]
      [Code Root Scanning (ms): Min: 0.0, Avg: 0.0, Max: 0.0, Diff: 0.0, Sum: 0.0]
      [Object Copy (ms): Min: 0.0, Avg: 0.3, Max: 0.4, Diff: 0.4, Sum: 3.7]
      [Termination (ms): Min: 0.0, Avg: 1.6, Max: 1.8, Diff: 1.8, Sum: 22.5]
         [Termination Attempts: Min: 1, Avg: 26.1, Max: 41, Diff: 40, Sum: 365]
      [GC Worker Other (ms): Min: 0.0, Avg: 0.0, Max: 0.0, Diff: 0.0, Sum: 0.1]
      [GC Worker Total (ms): Min: 2.3, Avg: 2.6, Max: 2.8, Diff: 0.5, Sum: 36.3]
      [GC Worker End (ms): Min: 34846134.0, Avg: 34846134.0, Max: 34846134.1, Diff: 0.1]
   [Code Root Fixup: 0.0 ms]
   [Code Root Purge: 0.0 ms]
   [Clear CT: 0.3 ms]
   [Other: 6.1 ms]
      [Choose CSet: 0.0 ms]
      [Ref Proc: 5.3 ms]
      [Ref Enq: 0.3 ms]
      [Redirty Cards: 0.2 ms]
      [Humongous Register: 0.0 ms]
      [Humongous Reclaim: 0.0 ms]
      [Free CSet: 0.2 ms]
   [Eden: 7152.0M(7152.0M)->0.0B(7152.0M) Survivors: 16384.0K->16384.0K Heap: 9965.9M(14336.0M)->2813.9M(14336.0M)]
 [Times: user=0.05 sys=0.00, real=0.01 secs] 
2022-11-06T04:21:42.445-0700: 35847.131: [GC pause (G1 Evacuation Pause) (young), 0.0089300 secs]
   [Parallel Time: 4.1 ms, GC Workers: 14]
      [GC Worker Start (ms): Min: 35847131.2, Avg: 35847131.3, Max: 35847131.5, Diff: 0.3]
      [Ext Root Scanning (ms): Min: 0.2, Avg: 0.6, Max: 3.8, Diff: 3.5, Sum: 8.8]
      [Update RS (ms): Min: 0.0, Avg: 0.1, Max: 0.3, Diff: 0.3, Sum: 1.5]
         [Processed Buffers: Min: 0, Avg: 11.9, Max: 38, Diff: 38, Sum: 167]
      [Scan RS (ms): Min: 0.0, Avg: 0.0, Max: 0.1, Diff: 0.0, Sum: 0.5]
      [Code Root Scanning (ms): Min: 0.0, Avg: 0.0, Max: 0.0, Diff: 0.0, Sum: 0.0]
      [Object Copy (ms): Min: 0.0, Avg: 0.3, Max: 0.4, Diff: 0.4, Sum: 4.3]
      [Termination (ms): Min: 0.0, Avg: 2.6, Max: 2.9, Diff: 2.9, Sum: 36.8]
         [Termination Attempts: Min: 1, Avg: 27.3, Max: 40, Diff: 39, Sum: 382]
      [GC Worker Other (ms): Min: 0.0, Avg: 0.0, Max: 0.0, Diff: 0.0, Sum: 0.1]
      [GC Worker Total (ms): Min: 3.6, Avg: 3.7, Max: 3.8, Diff: 0.2, Sum: 51.9]
      [GC Worker End (ms): Min: 35847135.0, Avg: 35847135.0, Max: 35847135.1, Diff: 0.1]
   [Code Root Fixup: 0.0 ms]
   [Code Root Purge: 0.0 ms]
   [Clear CT: 0.3 ms]
   [Other: 4.6 ms]
      [Choose CSet: 0.0 ms]
      [Ref Proc: 3.9 ms]
      [Ref Enq: 0.3 ms]
      [Redirty Cards: 0.2 ms]
      [Humongous Register: 0.0 ms]
      [Humongous Reclaim: 0.0 ms]
      [Free CSet: 0.1 ms]
   [Eden: 7152.0M(7152.0M)->0.0B(7152.0M) Survivors: 16384.0K->16384.0K Heap: 9965.9M(14336.0M)->2814.1M(14336.0M)]
 [Times: user=0.08 sys=0.00, real=0.00 secs] 
2022-11-06T04:38:08.195-0700: 36832.881: [GC pause (G1 Evacuation Pause) (young), 0.0101365 secs]
   [Parallel Time: 4.1 ms, GC Workers: 14]
      [GC Worker Start (ms): Min: 36832881.3, Avg: 36832881.5, Max: 36832881.9, Diff: 0.6]
      [Ext Root Scanning (ms): Min: 0.0, Avg: 0.6, Max: 3.8, Diff: 3.8, Sum: 8.4]
      [Update RS (ms): Min: 0.0, Avg: 0.1, Max: 0.3, Diff: 0.3, Sum: 1.4]
         [Processed Buffers: Min: 0, Avg: 11.9, Max: 32, Diff: 32, Sum: 166]
      [Scan RS (ms): Min: 0.0, Avg: 0.0, Max: 0.1, Diff: 0.1, Sum: 0.5]
      [Code Root Scanning (ms): Min: 0.0, Avg: 0.0, Max: 0.0, Diff: 0.0, Sum: 0.0]
      [Object Copy (ms): Min: 0.0, Avg: 0.3, Max: 0.4, Diff: 0.4, Sum: 3.7]
      [Termination (ms): Min: 0.0, Avg: 2.6, Max: 2.9, Diff: 2.9, Sum: 36.7]
         [Termination Attempts: Min: 1, Avg: 31.7, Max: 45, Diff: 44, Sum: 444]
      [GC Worker Other (ms): Min: 0.0, Avg: 0.0, Max: 0.0, Diff: 0.0, Sum: 0.1]
      [GC Worker Total (ms): Min: 3.3, Avg: 3.6, Max: 3.8, Diff: 0.5, Sum: 50.8]
      [GC Worker End (ms): Min: 36832885.1, Avg: 36832885.1, Max: 36832885.2, Diff: 0.1]
   [Code Root Fixup: 0.0 ms]
   [Code Root Purge: 0.0 ms]
   [Clear CT: 0.4 ms]
   [Other: 5.6 ms]
      [Choose CSet: 0.0 ms]
      [Ref Proc: 4.9 ms]
      [Ref Enq: 0.2 ms]
      [Redirty Cards: 0.2 ms]
      [Humongous Register: 0.0 ms]
      [Humongous Reclaim: 0.0 ms]
      [Free CSet: 0.2 ms]
   [Eden: 7152.0M(7152.0M)->0.0B(7152.0M) Survivors: 16384.0K->16384.0K Heap: 9966.1M(14336.0M)->2813.9M(14336.0M)]
 [Times: user=0.07 sys=0.00, real=0.01 secs] 
2022-11-06T04:54:35.146-0700: 37819.832: [GC pause (G1 Evacuation Pause) (young), 0.0137848 secs]
   [Parallel Time: 4.6 ms, GC Workers: 14]
      [GC Worker Start (ms): Min: 37819831.7, Avg: 37819831.9, Max: 37819832.1, Diff: 0.3]
      [Ext Root Scanning (ms): Min: 0.2, Avg: 0.6, Max: 3.9, Diff: 3.7, Sum: 8.8]
      [Update RS (ms): Min: 0.0, Avg: 0.1, Max: 0.3, Diff: 0.3, Sum: 1.5]
         [Processed Buffers: Min: 0, Avg: 11.0, Max: 42, Diff: 42, Sum: 154]
      [Scan RS (ms): Min: 0.0, Avg: 0.0, Max: 0.1, Diff: 0.1, Sum: 0.4]
      [Code Root Scanning (ms): Min: 0.0, Avg: 0.0, Max: 0.0, Diff: 0.0, Sum: 0.0]
      [Object Copy (ms): Min: 0.0, Avg: 0.2, Max: 0.3, Diff: 0.3, Sum: 3.4]
      [Termination (ms): Min: 0.0, Avg: 2.7, Max: 3.0, Diff: 3.0, Sum: 38.1]
         [Termination Attempts: Min: 1, Avg: 16.5, Max: 25, Diff: 24, Sum: 231]
      [GC Worker Other (ms): Min: 0.0, Avg: 0.0, Max: 0.0, Diff: 0.0, Sum: 0.1]
      [GC Worker Total (ms): Min: 3.5, Avg: 3.7, Max: 3.9, Diff: 0.4, Sum: 52.4]
      [GC Worker End (ms): Min: 37819835.6, Avg: 37819835.6, Max: 37819835.7, Diff: 0.1]
   [Code Root Fixup: 0.0 ms]
   [Code Root Purge: 0.0 ms]
   [Clear CT: 1.2 ms]
   [Other: 7.9 ms]
      [Choose CSet: 0.0 ms]
      [Ref Proc: 7.2 ms]
      [Ref Enq: 0.3 ms]
      [Redirty Cards: 0.2 ms]
      [Humongous Register: 0.0 ms]
      [Humongous Reclaim: 0.0 ms]
      [Free CSet: 0.2 ms]
   [Eden: 7152.0M(7152.0M)->0.0B(7152.0M) Survivors: 16384.0K->16384.0K Heap: 9965.9M(14336.0M)->2814.2M(14336.0M)]
 [Times: user=0.08 sys=0.00, real=0.01 secs] 
2022-11-06T05:10:54.645-0700: 38799.331: [GC pause (G1 Evacuation Pause) (young), 0.0112842 secs]
   [Parallel Time: 4.6 ms, GC Workers: 14]
      [GC Worker Start (ms): Min: 38799331.4, Avg: 38799331.6, Max: 38799331.8, Diff: 0.4]
      [Ext Root Scanning (ms): Min: 0.2, Avg: 0.6, Max: 3.8, Diff: 3.6, Sum: 8.8]
      [Update RS (ms): Min: 0.0, Avg: 0.1, Max: 0.3, Diff: 0.3, Sum: 1.4]
         [Processed Buffers: Min: 0, Avg: 11.3, Max: 27, Diff: 27, Sum: 158]
      [Scan RS (ms): Min: 0.0, Avg: 0.0, Max: 0.1, Diff: 0.1, Sum: 0.5]
      [Code Root Scanning (ms): Min: 0.0, Avg: 0.0, Max: 0.0, Diff: 0.0, Sum: 0.0]
      [Object Copy (ms): Min: 0.0, Avg: 0.3, Max: 0.4, Diff: 0.4, Sum: 4.2]
      [Termination (ms): Min: 0.0, Avg: 2.6, Max: 2.9, Diff: 2.9, Sum: 36.7]
         [Termination Attempts: Min: 1, Avg: 32.0, Max: 48, Diff: 47, Sum: 448]
      [GC Worker Other (ms): Min: 0.0, Avg: 0.0, Max: 0.0, Diff: 0.0, Sum: 0.1]
      [GC Worker Total (ms): Min: 3.5, Avg: 3.7, Max: 3.9, Diff: 0.4, Sum: 51.7]
      [GC Worker End (ms): Min: 38799335.3, Avg: 38799335.3, Max: 38799335.4, Diff: 0.1]
   [Code Root Fixup: 0.0 ms]
   [Code Root Purge: 0.0 ms]
   [Clear CT: 0.4 ms]
   [Other: 6.3 ms]
      [Choose CSet: 0.0 ms]
      [Ref Proc: 5.8 ms]
      [Ref Enq: 0.2 ms]
      [Redirty Cards: 0.2 ms]
      [Humongous Register: 0.0 ms]
      [Humongous Reclaim: 0.0 ms]
      [Free CSet: 0.1 ms]
   [Eden: 7152.0M(7152.0M)->0.0B(7152.0M) Survivors: 16384.0K->16384.0K Heap: 9966.2M(14336.0M)->2814.0M(14336.0M)]
 [Times: user=0.08 sys=0.00, real=0.01 secs] 
2022-11-06T05:27:15.303-0700: 39779.989: [GC pause (G1 Evacuation Pause) (young), 0.0176657 secs]
   [Parallel Time: 4.3 ms, GC Workers: 14]
      [GC Worker Start (ms): Min: 39779989.5, Avg: 39779989.7, Max: 39779989.8, Diff: 0.3]
      [Ext Root Scanning (ms): Min: 0.2, Avg: 0.6, Max: 3.8, Diff: 3.6, Sum: 8.7]
      [Update RS (ms): Min: 0.0, Avg: 0.1, Max: 0.3, Diff: 0.3, Sum: 1.4]
         [Processed Buffers: Min: 0, Avg: 12.4, Max: 35, Diff: 35, Sum: 174]
      [Scan RS (ms): Min: 0.0, Avg: 0.0, Max: 0.1, Diff: 0.1, Sum: 0.5]
      [Code Root Scanning (ms): Min: 0.0, Avg: 0.0, Max: 0.0, Diff: 0.0, Sum: 0.0]
      [Object Copy (ms): Min: 0.0, Avg: 0.3, Max: 0.4, Diff: 0.4, Sum: 4.3]
      [Termination (ms): Min: 0.0, Avg: 2.6, Max: 2.9, Diff: 2.9, Sum: 37.0]
         [Termination Attempts: Min: 1, Avg: 40.3, Max: 58, Diff: 57, Sum: 564]
      [GC Worker Other (ms): Min: 0.0, Avg: 0.0, Max: 0.0, Diff: 0.0, Sum: 0.1]
      [GC Worker Total (ms): Min: 3.6, Avg: 3.7, Max: 3.9, Diff: 0.3, Sum: 52.1]
      [GC Worker End (ms): Min: 39779993.3, Avg: 39779993.4, Max: 39779993.5, Diff: 0.1]
   [Code Root Fixup: 0.0 ms]
   [Code Root Purge: 0.0 ms]
   [Clear CT: 0.3 ms]
   [Other: 13.1 ms]
      [Choose CSet: 0.0 ms]
      [Ref Proc: 12.4 ms]
      [Ref Enq: 0.3 ms]
      [Redirty Cards: 0.2 ms]
      [Humongous Register: 0.0 ms]
      [Humongous Reclaim: 0.0 ms]
      [Free CSet: 0.2 ms]
   [Eden: 7152.0M(7152.0M)->0.0B(7152.0M) Survivors: 16384.0K->16384.0K Heap: 9966.0M(14336.0M)->2814.3M(14336.0M)]
 [Times: user=0.08 sys=0.00, real=0.01 secs] 
2022-11-06T05:43:24.846-0700: 40749.532: [GC pause (G1 Evacuation Pause) (young), 0.0095824 secs]
   [Parallel Time: 4.1 ms, GC Workers: 14]
      [GC Worker Start (ms): Min: 40749531.9, Avg: 40749532.0, Max: 40749532.2, Diff: 0.3]
      [Ext Root Scanning (ms): Min: 0.3, Avg: 0.7, Max: 3.8, Diff: 3.5, Sum: 9.3]
      [Update RS (ms): Min: 0.0, Avg: 0.1, Max: 0.3, Diff: 0.3, Sum: 1.3]
         [Processed Buffers: Min: 0, Avg: 11.2, Max: 37, Diff: 37, Sum: 157]
      [Scan RS (ms): Min: 0.0, Avg: 0.0, Max: 0.0, Diff: 0.0, Sum: 0.3]
      [Code Root Scanning (ms): Min: 0.0, Avg: 0.0, Max: 0.0, Diff: 0.0, Sum: 0.0]
      [Object Copy (ms): Min: 0.0, Avg: 0.2, Max: 0.3, Diff: 0.3, Sum: 3.3]
      [Termination (ms): Min: 0.0, Avg: 2.7, Max: 2.9, Diff: 2.9, Sum: 37.2]
         [Termination Attempts: Min: 1, Avg: 13.9, Max: 24, Diff: 23, Sum: 194]
      [GC Worker Other (ms): Min: 0.0, Avg: 0.0, Max: 0.0, Diff: 0.0, Sum: 0.1]
      [GC Worker Total (ms): Min: 3.6, Avg: 3.7, Max: 3.8, Diff: 0.3, Sum: 51.5]
      [GC Worker End (ms): Min: 40749535.7, Avg: 40749535.7, Max: 40749535.8, Diff: 0.1]
   [Code Root Fixup: 0.0 ms]
   [Code Root Purge: 0.0 ms]
   [Clear CT: 0.4 ms]
   [Other: 5.1 ms]
      [Choose CSet: 0.0 ms]
      [Ref Proc: 4.5 ms]
      [Ref Enq: 0.3 ms]
      [Redirty Cards: 0.2 ms]
      [Humongous Register: 0.0 ms]
      [Humongous Reclaim: 0.0 ms]
      [Free CSet: 0.1 ms]
   [Eden: 7152.0M(7152.0M)->0.0B(7152.0M) Survivors: 16384.0K->16384.0K Heap: 9966.3M(14336.0M)->2813.9M(14336.0M)]
 [Times: user=0.08 sys=0.00, real=0.01 secs] 
2022-11-06T05:59:45.745-0700: 41730.431: [GC pause (G1 Evacuation Pause) (young), 0.0094338 secs]
   [Parallel Time: 4.2 ms, GC Workers: 14]
      [GC Worker Start (ms): Min: 41730431.4, Avg: 41730431.5, Max: 41730431.7, Diff: 0.2]
      [Ext Root Scanning (ms): Min: 0.2, Avg: 0.7, Max: 3.8, Diff: 3.6, Sum: 9.5]
      [Update RS (ms): Min: 0.0, Avg: 0.1, Max: 0.2, Diff: 0.2, Sum: 1.3]
         [Processed Buffers: Min: 0, Avg: 11.8, Max: 49, Diff: 49, Sum: 165]
      [Scan RS (ms): Min: 0.0, Avg: 0.0, Max: 0.1, Diff: 0.1, Sum: 0.5]
      [Code Root Scanning (ms): Min: 0.0, Avg: 0.0, Max: 0.0, Diff: 0.0, Sum: 0.0]
      [Object Copy (ms): Min: 0.0, Avg: 0.3, Max: 0.3, Diff: 0.3, Sum: 3.5]
      [Termination (ms): Min: 0.0, Avg: 2.7, Max: 3.0, Diff: 3.0, Sum: 37.8]
         [Termination Attempts: Min: 1, Avg: 17.3, Max: 27, Diff: 26, Sum: 242]
      [GC Worker Other (ms): Min: 0.0, Avg: 0.0, Max: 0.0, Diff: 0.0, Sum: 0.1]
      [GC Worker Total (ms): Min: 3.6, Avg: 3.8, Max: 3.9, Diff: 0.2, Sum: 52.7]
      [GC Worker End (ms): Min: 41730435.3, Avg: 41730435.3, Max: 41730435.3, Diff: 0.0]
   [Code Root Fixup: 0.0 ms]
   [Code Root Purge: 0.0 ms]
   [Clear CT: 0.4 ms]
   [Other: 4.8 ms]
      [Choose CSet: 0.0 ms]
      [Ref Proc: 4.2 ms]
      [Ref Enq: 0.3 ms]
      [Redirty Cards: 0.2 ms]
      [Humongous Register: 0.0 ms]
      [Humongous Reclaim: 0.0 ms]
      [Free CSet: 0.1 ms]
   [Eden: 7152.0M(7152.0M)->0.0B(7152.0M) Survivors: 16384.0K->16384.0K Heap: 9965.9M(14336.0M)->2814.3M(14336.0M)]
 [Times: user=0.07 sys=0.00, real=0.01 secs] 
2022-11-06T06:16:04.195-0700: 42708.882: [GC pause (G1 Evacuation Pause) (young), 0.0095570 secs]
   [Parallel Time: 4.2 ms, GC Workers: 14]
      [GC Worker Start (ms): Min: 42708881.7, Avg: 42708881.8, Max: 42708882.0, Diff: 0.3]
      [Ext Root Scanning (ms): Min: 0.2, Avg: 0.6, Max: 3.9, Diff: 3.7, Sum: 9.0]
      [Update RS (ms): Min: 0.0, Avg: 0.1, Max: 0.2, Diff: 0.2, Sum: 1.4]
         [Processed Buffers: Min: 0, Avg: 11.1, Max: 40, Diff: 40, Sum: 155]
      [Scan RS (ms): Min: 0.0, Avg: 0.0, Max: 0.1, Diff: 0.1, Sum: 0.5]
      [Code Root Scanning (ms): Min: 0.0, Avg: 0.0, Max: 0.0, Diff: 0.0, Sum: 0.0]
      [Object Copy (ms): Min: 0.0, Avg: 0.3, Max: 0.4, Diff: 0.4, Sum: 4.0]
      [Termination (ms): Min: 0.0, Avg: 2.8, Max: 3.1, Diff: 3.1, Sum: 39.3]
         [Termination Attempts: Min: 1, Avg: 32.5, Max: 46, Diff: 45, Sum: 455]
      [GC Worker Other (ms): Min: 0.0, Avg: 0.0, Max: 0.0, Diff: 0.0, Sum: 0.1]
      [GC Worker Total (ms): Min: 3.7, Avg: 3.9, Max: 4.0, Diff: 0.3, Sum: 54.3]
      [GC Worker End (ms): Min: 42708885.7, Avg: 42708885.7, Max: 42708885.8, Diff: 0.1]
   [Code Root Fixup: 0.0 ms]
   [Code Root Purge: 0.0 ms]
   [Clear CT: 0.5 ms]
   [Other: 4.9 ms]
      [Choose CSet: 0.0 ms]
      [Ref Proc: 4.1 ms]
      [Ref Enq: 0.3 ms]
      [Redirty Cards: 0.2 ms]
      [Humongous Register: 0.0 ms]
      [Humongous Reclaim: 0.0 ms]
      [Free CSet: 0.2 ms]
   [Eden: 7152.0M(7152.0M)->0.0B(7152.0M) Survivors: 16384.0K->16384.0K Heap: 9966.3M(14336.0M)->2814.0M(14336.0M)]
 [Times: user=0.07 sys=0.00, real=0.01 secs] 
2022-11-06T06:32:30.746-0700: 43695.432: [GC pause (G1 Evacuation Pause) (young), 0.0097046 secs]
   [Parallel Time: 3.1 ms, GC Workers: 14]
      [GC Worker Start (ms): Min: 43695431.7, Avg: 43695432.0, Max: 43695432.2, Diff: 0.4]
      [Ext Root Scanning (ms): Min: 0.2, Avg: 0.6, Max: 2.6, Diff: 2.3, Sum: 8.1]
      [Update RS (ms): Min: 0.0, Avg: 0.1, Max: 0.3, Diff: 0.3, Sum: 1.5]
         [Processed Buffers: Min: 0, Avg: 12.1, Max: 39, Diff: 39, Sum: 170]
      [Scan RS (ms): Min: 0.0, Avg: 0.0, Max: 0.1, Diff: 0.1, Sum: 0.5]
      [Code Root Scanning (ms): Min: 0.0, Avg: 0.0, Max: 0.0, Diff: 0.0, Sum: 0.0]
      [Object Copy (ms): Min: 0.0, Avg: 0.3, Max: 0.4, Diff: 0.4, Sum: 4.1]
      [Termination (ms): Min: 0.0, Avg: 1.4, Max: 1.5, Diff: 1.5, Sum: 19.2]
         [Termination Attempts: Min: 1, Avg: 14.4, Max: 23, Diff: 22, Sum: 201]
      [GC Worker Other (ms): Min: 0.0, Avg: 0.0, Max: 0.0, Diff: 0.0, Sum: 0.1]
      [GC Worker Total (ms): Min: 2.2, Avg: 2.4, Max: 2.6, Diff: 0.4, Sum: 33.5]
      [GC Worker End (ms): Min: 43695434.3, Avg: 43695434.4, Max: 43695434.4, Diff: 0.1]
   [Code Root Fixup: 0.0 ms]
   [Code Root Purge: 0.0 ms]
   [Clear CT: 0.4 ms]
   [Other: 6.2 ms]
      [Choose CSet: 0.0 ms]
      [Ref Proc: 5.5 ms]
      [Ref Enq: 0.3 ms]
      [Redirty Cards: 0.2 ms]
      [Humongous Register: 0.0 ms]
      [Humongous Reclaim: 0.0 ms]
      [Free CSet: 0.1 ms]
   [Eden: 7152.0M(7152.0M)->0.0B(7152.0M) Survivors: 16384.0K->16384.0K Heap: 9966.0M(14336.0M)->2814.3M(14336.0M)]
 [Times: user=0.05 sys=0.00, real=0.01 secs] 
2022-11-06T06:48:43.145-0700: 44667.832: [GC pause (G1 Evacuation Pause) (young), 0.0093607 secs]
   [Parallel Time: 3.9 ms, GC Workers: 14]
      [GC Worker Start (ms): Min: 44667831.6, Avg: 44667831.7, Max: 44667831.9, Diff: 0.3]
      [Ext Root Scanning (ms): Min: 0.2, Avg: 0.6, Max: 3.7, Diff: 3.5, Sum: 8.7]
      [Update RS (ms): Min: 0.0, Avg: 0.1, Max: 0.3, Diff: 0.3, Sum: 1.3]
         [Processed Buffers: Min: 0, Avg: 12.2, Max: 43, Diff: 43, Sum: 171]
      [Scan RS (ms): Min: 0.0, Avg: 0.0, Max: 0.1, Diff: 0.0, Sum: 0.4]
      [Code Root Scanning (ms): Min: 0.0, Avg: 0.0, Max: 0.0, Diff: 0.0, Sum: 0.0]
      [Object Copy (ms): Min: 0.0, Avg: 0.3, Max: 0.4, Diff: 0.4, Sum: 4.0]
      [Termination (ms): Min: 0.0, Avg: 2.6, Max: 2.9, Diff: 2.9, Sum: 36.6]
         [Termination Attempts: Min: 1, Avg: 25.9, Max: 35, Diff: 34, Sum: 363]
      [GC Worker Other (ms): Min: 0.0, Avg: 0.0, Max: 0.0, Diff: 0.0, Sum: 0.1]
      [GC Worker Total (ms): Min: 3.5, Avg: 3.7, Max: 3.8, Diff: 0.2, Sum: 51.2]
      [GC Worker End (ms): Min: 44667835.4, Avg: 44667835.4, Max: 44667835.5, Diff: 0.1]
   [Code Root Fixup: 0.0 ms]
   [Code Root Purge: 0.0 ms]
   [Clear CT: 0.3 ms]
   [Other: 5.2 ms]
      [Choose CSet: 0.0 ms]
      [Ref Proc: 4.5 ms]
      [Ref Enq: 0.3 ms]
      [Redirty Cards: 0.3 ms]
      [Humongous Register: 0.0 ms]
      [Humongous Reclaim: 0.0 ms]
      [Free CSet: 0.1 ms]
   [Eden: 7152.0M(7152.0M)->0.0B(7152.0M) Survivors: 16384.0K->16384.0K Heap: 9966.3M(14336.0M)->2814.0M(14336.0M)]
 [Times: user=0.07 sys=0.00, real=0.01 secs] 
2022-11-06T07:05:10.146-0700: 45654.832: [GC pause (G1 Evacuation Pause) (young), 0.0097700 secs]
   [Parallel Time: 4.1 ms, GC Workers: 14]
      [GC Worker Start (ms): Min: 45654831.7, Avg: 45654831.9, Max: 45654832.1, Diff: 0.3]
      [Ext Root Scanning (ms): Min: 0.2, Avg: 0.7, Max: 3.7, Diff: 3.5, Sum: 9.2]
      [Update RS (ms): Min: 0.0, Avg: 0.1, Max: 0.3, Diff: 0.3, Sum: 1.3]
         [Processed Buffers: Min: 0, Avg: 11.4, Max: 32, Diff: 32, Sum: 160]
      [Scan RS (ms): Min: 0.0, Avg: 0.0, Max: 0.1, Diff: 0.1, Sum: 0.5]
      [Code Root Scanning (ms): Min: 0.0, Avg: 0.0, Max: 0.0, Diff: 0.0, Sum: 0.0]
      [Object Copy (ms): Min: 0.0, Avg: 0.3, Max: 0.4, Diff: 0.4, Sum: 3.9]
      [Termination (ms): Min: 0.0, Avg: 2.5, Max: 2.8, Diff: 2.8, Sum: 35.3]
         [Termination Attempts: Min: 1, Avg: 26.6, Max: 44, Diff: 43, Sum: 372]
      [GC Worker Other (ms): Min: 0.0, Avg: 0.0, Max: 0.0, Diff: 0.0, Sum: 0.1]
      [GC Worker Total (ms): Min: 3.4, Avg: 3.6, Max: 3.7, Diff: 0.3, Sum: 50.2]
      [GC Worker End (ms): Min: 45654835.5, Avg: 45654835.5, Max: 45654835.5, Diff: 0.1]
   [Code Root Fixup: 0.0 ms]
   [Code Root Purge: 0.0 ms]
   [Clear CT: 0.4 ms]
   [Other: 5.3 ms]
      [Choose CSet: 0.0 ms]
      [Ref Proc: 4.7 ms]
      [Ref Enq: 0.2 ms]
      [Redirty Cards: 0.2 ms]
      [Humongous Register: 0.0 ms]
      [Humongous Reclaim: 0.0 ms]
      [Free CSet: 0.1 ms]
   [Eden: 7152.0M(7152.0M)->0.0B(7152.0M) Survivors: 16384.0K->16384.0K Heap: 9966.0M(14336.0M)->2814.0M(14336.0M)]
 [Times: user=0.07 sys=0.00, real=0.01 secs] 
2022-11-06T07:21:28.746-0700: 46633.432: [GC pause (G1 Evacuation Pause) (young), 0.0105083 secs]
   [Parallel Time: 3.2 ms, GC Workers: 14]
      [GC Worker Start (ms): Min: 46633432.0, Avg: 46633432.3, Max: 46633432.5, Diff: 0.5]
      [Ext Root Scanning (ms): Min: 0.2, Avg: 0.5, Max: 2.6, Diff: 2.5, Sum: 7.7]
      [Update RS (ms): Min: 0.0, Avg: 0.1, Max: 0.2, Diff: 0.2, Sum: 1.7]
         [Processed Buffers: Min: 0, Avg: 11.5, Max: 41, Diff: 41, Sum: 161]
      [Scan RS (ms): Min: 0.0, Avg: 0.0, Max: 0.1, Diff: 0.0, Sum: 0.4]
      [Code Root Scanning (ms): Min: 0.0, Avg: 0.0, Max: 0.0, Diff: 0.0, Sum: 0.0]
      [Object Copy (ms): Min: 0.0, Avg: 0.3, Max: 0.4, Diff: 0.4, Sum: 4.3]
      [Termination (ms): Min: 0.0, Avg: 1.4, Max: 1.6, Diff: 1.6, Sum: 20.2]
         [Termination Attempts: Min: 1, Avg: 17.4, Max: 26, Diff: 25, Sum: 243]
      [GC Worker Other (ms): Min: 0.0, Avg: 0.0, Max: 0.0, Diff: 0.0, Sum: 0.1]
      [GC Worker Total (ms): Min: 2.2, Avg: 2.5, Max: 2.7, Diff: 0.5, Sum: 34.4]
      [GC Worker End (ms): Min: 46633434.7, Avg: 46633434.7, Max: 46633434.8, Diff: 0.1]
   [Code Root Fixup: 0.0 ms]
   [Code Root Purge: 0.0 ms]
   [Clear CT: 0.5 ms]
   [Other: 6.9 ms]
      [Choose CSet: 0.0 ms]
      [Ref Proc: 6.3 ms]
      [Ref Enq: 0.2 ms]
      [Redirty Cards: 0.2 ms]
      [Humongous Register: 0.0 ms]
      [Humongous Reclaim: 0.0 ms]
      [Free CSet: 0.1 ms]
   [Eden: 7152.0M(7152.0M)->0.0B(7152.0M) Survivors: 16384.0K->16384.0K Heap: 9966.0M(14336.0M)->2814.3M(14336.0M)]
 [Times: user=0.06 sys=0.00, real=0.01 secs] 
2022-11-06T07:38:01.146-0700: 47625.832: [GC pause (G1 Evacuation Pause) (young), 0.0093253 secs]
   [Parallel Time: 3.0 ms, GC Workers: 14]
      [GC Worker Start (ms): Min: 47625831.8, Avg: 47625832.0, Max: 47625832.1, Diff: 0.3]
      [Ext Root Scanning (ms): Min: 0.3, Avg: 0.6, Max: 2.6, Diff: 2.4, Sum: 8.7]
      [Update RS (ms): Min: 0.0, Avg: 0.1, Max: 0.3, Diff: 0.3, Sum: 1.6]
         [Processed Buffers: Min: 0, Avg: 11.0, Max: 32, Diff: 32, Sum: 154]
      [Scan RS (ms): Min: 0.0, Avg: 0.0, Max: 0.1, Diff: 0.1, Sum: 0.5]
      [Code Root Scanning (ms): Min: 0.0, Avg: 0.0, Max: 0.0, Diff: 0.0, Sum: 0.0]
      [Object Copy (ms): Min: 0.0, Avg: 0.3, Max: 0.4, Diff: 0.4, Sum: 4.0]
      [Termination (ms): Min: 0.0, Avg: 1.5, Max: 1.7, Diff: 1.7, Sum: 20.5]
         [Termination Attempts: Min: 1, Avg: 12.9, Max: 24, Diff: 23, Sum: 181]
      [GC Worker Other (ms): Min: 0.0, Avg: 0.0, Max: 0.0, Diff: 0.0, Sum: 0.1]
      [GC Worker Total (ms): Min: 2.3, Avg: 2.5, Max: 2.7, Diff: 0.3, Sum: 35.4]
      [GC Worker End (ms): Min: 47625834.5, Avg: 47625834.5, Max: 47625834.6, Diff: 0.1]
   [Code Root Fixup: 0.0 ms]
   [Code Root Purge: 0.0 ms]
   [Clear CT: 0.4 ms]
   [Other: 6.0 ms]
      [Choose CSet: 0.0 ms]
      [Ref Proc: 5.3 ms]
      [Ref Enq: 0.3 ms]
      [Redirty Cards: 0.3 ms]
      [Humongous Register: 0.0 ms]
      [Humongous Reclaim: 0.0 ms]
      [Free CSet: 0.1 ms]
   [Eden: 7152.0M(7152.0M)->0.0B(7152.0M) Survivors: 16384.0K->16384.0K Heap: 9966.3M(14336.0M)->2814.0M(14336.0M)]
 [Times: user=0.05 sys=0.00, real=0.01 secs] 
2022-11-06T07:54:37.345-0700: 48622.031: [GC pause (G1 Evacuation Pause) (young), 0.0096065 secs]
   [Parallel Time: 4.3 ms, GC Workers: 14]
      [GC Worker Start (ms): Min: 48622031.5, Avg: 48622031.6, Max: 48622031.8, Diff: 0.3]
      [Ext Root Scanning (ms): Min: 0.3, Avg: 0.7, Max: 3.9, Diff: 3.6, Sum: 9.9]
      [Update RS (ms): Min: 0.0, Avg: 0.1, Max: 0.3, Diff: 0.3, Sum: 1.3]
         [Processed Buffers: Min: 0, Avg: 11.1, Max: 35, Diff: 35, Sum: 155]
      [Scan RS (ms): Min: 0.0, Avg: 0.0, Max: 0.1, Diff: 0.1, Sum: 0.5]
      [Code Root Scanning (ms): Min: 0.0, Avg: 0.0, Max: 0.0, Diff: 0.0, Sum: 0.0]
      [Object Copy (ms): Min: 0.0, Avg: 0.3, Max: 0.4, Diff: 0.4, Sum: 4.2]
      [Termination (ms): Min: 0.0, Avg: 2.7, Max: 3.0, Diff: 3.0, Sum: 37.3]
         [Termination Attempts: Min: 1, Avg: 36.9, Max: 53, Diff: 52, Sum: 517]
      [GC Worker Other (ms): Min: 0.0, Avg: 0.0, Max: 0.0, Diff: 0.0, Sum: 0.1]
      [GC Worker Total (ms): Min: 3.6, Avg: 3.8, Max: 3.9, Diff: 0.3, Sum: 53.4]
      [GC Worker End (ms): Min: 48622035.4, Avg: 48622035.4, Max: 48622035.5, Diff: 0.1]
   [Code Root Fixup: 0.0 ms]
   [Code Root Purge: 0.0 ms]
   [Clear CT: 0.5 ms]
   [Other: 4.9 ms]
      [Choose CSet: 0.0 ms]
      [Ref Proc: 4.3 ms]
      [Ref Enq: 0.2 ms]
      [Redirty Cards: 0.2 ms]
      [Humongous Register: 0.0 ms]
      [Humongous Reclaim: 0.0 ms]
      [Free CSet: 0.1 ms]
   [Eden: 7152.0M(7152.0M)->0.0B(7152.0M) Survivors: 16384.0K->16384.0K Heap: 9966.0M(14336.0M)->2814.3M(14336.0M)]
 [Times: user=0.08 sys=0.00, real=0.01 secs] 
2022-11-06T08:11:05.295-0700: 49609.981: [GC pause (G1 Evacuation Pause) (young), 0.0099413 secs]
   [Parallel Time: 4.4 ms, GC Workers: 14]
      [GC Worker Start (ms): Min: 49609981.4, Avg: 49609981.5, Max: 49609981.7, Diff: 0.3]
      [Ext Root Scanning (ms): Min: 0.2, Avg: 0.7, Max: 3.9, Diff: 3.7, Sum: 9.7]
      [Update RS (ms): Min: 0.0, Avg: 0.1, Max: 0.3, Diff: 0.3, Sum: 1.4]
         [Processed Buffers: Min: 0, Avg: 11.5, Max: 34, Diff: 34, Sum: 161]
      [Scan RS (ms): Min: 0.0, Avg: 0.0, Max: 0.1, Diff: 0.0, Sum: 0.5]
      [Code Root Scanning (ms): Min: 0.0, Avg: 0.0, Max: 0.0, Diff: 0.0, Sum: 0.0]
      [Object Copy (ms): Min: 0.0, Avg: 0.3, Max: 0.4, Diff: 0.4, Sum: 4.2]
      [Termination (ms): Min: 0.0, Avg: 2.7, Max: 3.1, Diff: 3.1, Sum: 37.8]
         [Termination Attempts: Min: 1, Avg: 36.4, Max: 60, Diff: 59, Sum: 509]
      [GC Worker Other (ms): Min: 0.0, Avg: 0.0, Max: 0.0, Diff: 0.0, Sum: 0.1]
      [GC Worker Total (ms): Min: 3.6, Avg: 3.8, Max: 4.1, Diff: 0.4, Sum: 53.6]
      [GC Worker End (ms): Min: 49609985.3, Avg: 49609985.4, Max: 49609985.5, Diff: 0.2]
   [Code Root Fixup: 0.0 ms]
   [Code Root Purge: 0.0 ms]
   [Clear CT: 0.4 ms]
   [Other: 5.2 ms]
      [Choose CSet: 0.0 ms]
      [Ref Proc: 4.6 ms]
      [Ref Enq: 0.2 ms]
      [Redirty Cards: 0.2 ms]
      [Humongous Register: 0.0 ms]
      [Humongous Reclaim: 0.0 ms]
      [Free CSet: 0.1 ms]
   [Eden: 7152.0M(7152.0M)->0.0B(7152.0M) Survivors: 16384.0K->16384.0K Heap: 9966.3M(14336.0M)->2814.1M(14336.0M)]
 [Times: user=0.07 sys=0.00, real=0.01 secs] 
2022-11-06T08:27:29.958-0700: 50594.644: [GC pause (G1 Evacuation Pause) (young), 0.0109839 secs]
   [Parallel Time: 4.3 ms, GC Workers: 14]
      [GC Worker Start (ms): Min: 50594644.3, Avg: 50594644.6, Max: 50594644.7, Diff: 0.4]
      [Ext Root Scanning (ms): Min: 0.2, Avg: 0.7, Max: 3.9, Diff: 3.7, Sum: 9.9]
      [Update RS (ms): Min: 0.0, Avg: 0.1, Max: 0.3, Diff: 0.3, Sum: 1.4]
         [Processed Buffers: Min: 0, Avg: 11.5, Max: 41, Diff: 41, Sum: 161]
      [Scan RS (ms): Min: 0.0, Avg: 0.0, Max: 0.1, Diff: 0.0, Sum: 0.5]
      [Code Root Scanning (ms): Min: 0.0, Avg: 0.0, Max: 0.0, Diff: 0.0, Sum: 0.0]
      [Object Copy (ms): Min: 0.0, Avg: 0.3, Max: 0.4, Diff: 0.4, Sum: 4.0]
      [Termination (ms): Min: 0.0, Avg: 2.6, Max: 2.9, Diff: 2.9, Sum: 36.3]
         [Termination Attempts: Min: 1, Avg: 29.6, Max: 47, Diff: 46, Sum: 415]
      [GC Worker Other (ms): Min: 0.0, Avg: 0.0, Max: 0.0, Diff: 0.0, Sum: 0.1]
      [GC Worker Total (ms): Min: 3.5, Avg: 3.7, Max: 3.9, Diff: 0.4, Sum: 52.2]
      [GC Worker End (ms): Min: 50594648.3, Avg: 50594648.3, Max: 50594648.3, Diff: 0.1]
   [Code Root Fixup: 0.0 ms]
   [Code Root Purge: 0.0 ms]
   [Clear CT: 0.4 ms]
   [Other: 6.3 ms]
      [Choose CSet: 0.0 ms]
      [Ref Proc: 5.7 ms]
      [Ref Enq: 0.2 ms]
      [Redirty Cards: 0.2 ms]
      [Humongous Register: 0.0 ms]
      [Humongous Reclaim: 0.0 ms]
      [Free CSet: 0.1 ms]
   [Eden: 7152.0M(7152.0M)->0.0B(7152.0M) Survivors: 16384.0K->16384.0K Heap: 9966.1M(14336.0M)->2814.4M(14336.0M)]
 [Times: user=0.08 sys=0.00, real=0.01 secs] 
2022-11-06T08:44:00.346-0700: 51585.032: [GC pause (G1 Evacuation Pause) (young), 0.0103480 secs]
   [Parallel Time: 4.3 ms, GC Workers: 14]
      [GC Worker Start (ms): Min: 51585032.0, Avg: 51585032.1, Max: 51585032.3, Diff: 0.3]
      [Ext Root Scanning (ms): Min: 0.2, Avg: 0.7, Max: 3.9, Diff: 3.7, Sum: 9.4]
      [Update RS (ms): Min: 0.0, Avg: 0.1, Max: 0.3, Diff: 0.3, Sum: 1.5]
         [Processed Buffers: Min: 0, Avg: 11.2, Max: 44, Diff: 44, Sum: 157]
      [Scan RS (ms): Min: 0.0, Avg: 0.0, Max: 0.1, Diff: 0.1, Sum: 0.5]
      [Code Root Scanning (ms): Min: 0.0, Avg: 0.0, Max: 0.0, Diff: 0.0, Sum: 0.0]
      [Object Copy (ms): Min: 0.0, Avg: 0.3, Max: 0.4, Diff: 0.4, Sum: 4.0]
      [Termination (ms): Min: 0.0, Avg: 2.7, Max: 2.9, Diff: 2.9, Sum: 37.3]
         [Termination Attempts: Min: 1, Avg: 21.1, Max: 33, Diff: 32, Sum: 295]
      [GC Worker Other (ms): Min: 0.0, Avg: 0.0, Max: 0.0, Diff: 0.0, Sum: 0.1]
      [GC Worker Total (ms): Min: 3.6, Avg: 3.8, Max: 3.9, Diff: 0.3, Sum: 52.8]
      [GC Worker End (ms): Min: 51585035.8, Avg: 51585035.9, Max: 51585035.9, Diff: 0.1]
   [Code Root Fixup: 0.0 ms]
   [Code Root Purge: 0.0 ms]
   [Clear CT: 0.4 ms]
   [Other: 5.7 ms]
      [Choose CSet: 0.0 ms]
      [Ref Proc: 5.1 ms]
      [Ref Enq: 0.2 ms]
      [Redirty Cards: 0.2 ms]
      [Humongous Register: 0.0 ms]
      [Humongous Reclaim: 0.0 ms]
      [Free CSet: 0.1 ms]
   [Eden: 7152.0M(7152.0M)->0.0B(7152.0M) Survivors: 16384.0K->16384.0K Heap: 9966.4M(14336.0M)->2814.1M(14336.0M)]
 [Times: user=0.08 sys=0.00, real=0.01 secs] 
2022-11-06T09:00:28.045-0700: 52572.731: [GC pause (G1 Evacuation Pause) (young), 0.0105944 secs]
   [Parallel Time: 4.2 ms, GC Workers: 14]
      [GC Worker Start (ms): Min: 52572731.5, Avg: 52572731.7, Max: 52572731.8, Diff: 0.3]
      [Ext Root Scanning (ms): Min: 0.2, Avg: 0.7, Max: 3.8, Diff: 3.6, Sum: 9.3]
      [Update RS (ms): Min: 0.0, Avg: 0.1, Max: 0.3, Diff: 0.3, Sum: 1.4]
         [Processed Buffers: Min: 0, Avg: 11.2, Max: 34, Diff: 34, Sum: 157]
      [Scan RS (ms): Min: 0.0, Avg: 0.0, Max: 0.1, Diff: 0.1, Sum: 0.5]
      [Code Root Scanning (ms): Min: 0.0, Avg: 0.0, Max: 0.0, Diff: 0.0, Sum: 0.0]
      [Object Copy (ms): Min: 0.0, Avg: 0.3, Max: 0.4, Diff: 0.4, Sum: 4.3]
      [Termination (ms): Min: 0.0, Avg: 2.6, Max: 2.9, Diff: 2.9, Sum: 36.5]
         [Termination Attempts: Min: 1, Avg: 42.1, Max: 70, Diff: 69, Sum: 589]
      [GC Worker Other (ms): Min: 0.0, Avg: 0.0, Max: 0.0, Diff: 0.0, Sum: 0.1]
      [GC Worker Total (ms): Min: 3.6, Avg: 3.7, Max: 3.9, Diff: 0.3, Sum: 52.1]
      [GC Worker End (ms): Min: 52572735.3, Avg: 52572735.4, Max: 52572735.4, Diff: 0.1]
   [Code Root Fixup: 0.0 ms]
   [Code Root Purge: 0.0 ms]
   [Clear CT: 0.3 ms]
   [Other: 6.1 ms]
      [Choose CSet: 0.0 ms]
      [Ref Proc: 4.7 ms]
      [Ref Enq: 0.4 ms]
      [Redirty Cards: 0.8 ms]
      [Humongous Register: 0.0 ms]
      [Humongous Reclaim: 0.0 ms]
      [Free CSet: 0.1 ms]
   [Eden: 7152.0M(7152.0M)->0.0B(7152.0M) Survivors: 16384.0K->16384.0K Heap: 9966.1M(14336.0M)->2814.4M(14336.0M)]
 [Times: user=0.08 sys=0.00, real=0.01 secs] 
2022-11-06T09:16:51.096-0700: 53555.782: [GC pause (G1 Evacuation Pause) (young), 0.0110698 secs]
   [Parallel Time: 4.3 ms, GC Workers: 14]
      [GC Worker Start (ms): Min: 53555782.0, Avg: 53555782.2, Max: 53555782.3, Diff: 0.3]
      [Ext Root Scanning (ms): Min: 0.3, Avg: 0.7, Max: 4.1, Diff: 3.8, Sum: 10.0]
      [Update RS (ms): Min: 0.0, Avg: 0.1, Max: 0.2, Diff: 0.2, Sum: 1.4]
         [Processed Buffers: Min: 0, Avg: 11.4, Max: 25, Diff: 25, Sum: 159]
      [Scan RS (ms): Min: 0.0, Avg: 0.0, Max: 0.1, Diff: 0.1, Sum: 0.5]
      [Code Root Scanning (ms): Min: 0.0, Avg: 0.0, Max: 0.0, Diff: 0.0, Sum: 0.0]
      [Object Copy (ms): Min: 0.0, Avg: 0.3, Max: 0.4, Diff: 0.4, Sum: 4.1]
      [Termination (ms): Min: 0.0, Avg: 2.9, Max: 3.2, Diff: 3.2, Sum: 40.0]
         [Termination Attempts: Min: 1, Avg: 36.5, Max: 54, Diff: 53, Sum: 511]
      [GC Worker Other (ms): Min: 0.0, Avg: 0.0, Max: 0.0, Diff: 0.0, Sum: 0.1]
      [GC Worker Total (ms): Min: 3.8, Avg: 4.0, Max: 4.1, Diff: 0.3, Sum: 56.1]
      [GC Worker End (ms): Min: 53555786.1, Avg: 53555786.2, Max: 53555786.2, Diff: 0.1]
   [Code Root Fixup: 0.0 ms]
   [Code Root Purge: 0.0 ms]
   [Clear CT: 0.5 ms]
   [Other: 6.3 ms]
      [Choose CSet: 0.0 ms]
      [Ref Proc: 5.7 ms]
      [Ref Enq: 0.2 ms]
      [Redirty Cards: 0.2 ms]
      [Humongous Register: 0.0 ms]
      [Humongous Reclaim: 0.0 ms]
      [Free CSet: 0.1 ms]
   [Eden: 7152.0M(7152.0M)->0.0B(7152.0M) Survivors: 16384.0K->16384.0K Heap: 9966.4M(14336.0M)->2814.1M(14336.0M)]
 [Times: user=0.08 sys=0.00, real=0.01 secs] 
2022-11-06T09:33:11.196-0700: 54535.882: [GC pause (G1 Evacuation Pause) (young), 0.0097928 secs]
   [Parallel Time: 4.1 ms, GC Workers: 14]
      [GC Worker Start (ms): Min: 54535881.9, Avg: 54535882.1, Max: 54535882.2, Diff: 0.3]
      [Ext Root Scanning (ms): Min: 0.3, Avg: 0.7, Max: 3.8, Diff: 3.5, Sum: 9.6]
      [Update RS (ms): Min: 0.0, Avg: 0.1, Max: 0.3, Diff: 0.3, Sum: 1.4]
         [Processed Buffers: Min: 0, Avg: 10.5, Max: 31, Diff: 31, Sum: 147]
      [Scan RS (ms): Min: 0.0, Avg: 0.0, Max: 0.1, Diff: 0.0, Sum: 0.5]
      [Code Root Scanning (ms): Min: 0.0, Avg: 0.0, Max: 0.0, Diff: 0.0, Sum: 0.0]
      [Object Copy (ms): Min: 0.0, Avg: 0.3, Max: 0.4, Diff: 0.4, Sum: 4.0]
      [Termination (ms): Min: 0.0, Avg: 2.6, Max: 3.0, Diff: 3.0, Sum: 36.9]
         [Termination Attempts: Min: 1, Avg: 36.2, Max: 58, Diff: 57, Sum: 507]
      [GC Worker Other (ms): Min: 0.0, Avg: 0.0, Max: 0.0, Diff: 0.0, Sum: 0.1]
      [GC Worker Total (ms): Min: 3.6, Avg: 3.7, Max: 3.9, Diff: 0.3, Sum: 52.4]
      [GC Worker End (ms): Min: 54535885.8, Avg: 54535885.8, Max: 54535886.0, Diff: 0.2]
   [Code Root Fixup: 0.0 ms]
   [Code Root Purge: 0.0 ms]
   [Clear CT: 0.4 ms]
   [Other: 5.3 ms]
      [Choose CSet: 0.0 ms]
      [Ref Proc: 4.5 ms]
      [Ref Enq: 0.4 ms]
      [Redirty Cards: 0.2 ms]
      [Humongous Register: 0.0 ms]
      [Humongous Reclaim: 0.0 ms]
      [Free CSet: 0.1 ms]
   [Eden: 7152.0M(7152.0M)->0.0B(7152.0M) Survivors: 16384.0K->16384.0K Heap: 9966.1M(14336.0M)->2814.4M(14336.0M)]
 [Times: user=0.07 sys=0.00, real=0.01 secs] 
2022-11-06T09:49:48.545-0700: 55533.232: [GC pause (G1 Evacuation Pause) (young), 0.0241588 secs]
   [Parallel Time: 4.3 ms, GC Workers: 14]
      [GC Worker Start (ms): Min: 55533231.7, Avg: 55533231.9, Max: 55533232.0, Diff: 0.4]
      [Ext Root Scanning (ms): Min: 0.2, Avg: 0.7, Max: 3.8, Diff: 3.5, Sum: 9.6]
      [Update RS (ms): Min: 0.0, Avg: 0.1, Max: 0.3, Diff: 0.3, Sum: 1.4]
         [Processed Buffers: Min: 0, Avg: 11.0, Max: 26, Diff: 26, Sum: 154]
      [Scan RS (ms): Min: 0.0, Avg: 0.0, Max: 0.1, Diff: 0.1, Sum: 0.5]
      [Code Root Scanning (ms): Min: 0.0, Avg: 0.0, Max: 0.0, Diff: 0.0, Sum: 0.0]
      [Object Copy (ms): Min: 0.0, Avg: 0.3, Max: 0.3, Diff: 0.3, Sum: 3.7]
      [Termination (ms): Min: 0.0, Avg: 2.5, Max: 2.8, Diff: 2.8, Sum: 35.5]
         [Termination Attempts: Min: 1, Avg: 17.5, Max: 33, Diff: 32, Sum: 245]
      [GC Worker Other (ms): Min: 0.0, Avg: 0.0, Max: 0.0, Diff: 0.0, Sum: 0.1]
      [GC Worker Total (ms): Min: 3.5, Avg: 3.6, Max: 3.8, Diff: 0.3, Sum: 50.7]
      [GC Worker End (ms): Min: 55533235.5, Avg: 55533235.5, Max: 55533235.6, Diff: 0.1]
   [Code Root Fixup: 0.0 ms]
   [Code Root Purge: 0.0 ms]
   [Clear CT: 0.4 ms]
   [Other: 19.5 ms]
      [Choose CSet: 0.0 ms]
      [Ref Proc: 18.9 ms]
      [Ref Enq: 0.2 ms]
      [Redirty Cards: 0.2 ms]
      [Humongous Register: 0.0 ms]
      [Humongous Reclaim: 0.0 ms]
      [Free CSet: 0.1 ms]
   [Eden: 7152.0M(7152.0M)->0.0B(7152.0M) Survivors: 16384.0K->16384.0K Heap: 9966.4M(14336.0M)->2814.1M(14336.0M)]
 [Times: user=0.09 sys=0.00, real=0.02 secs] 
2022-11-06T10:06:07.095-0700: 56511.782: [GC pause (G1 Evacuation Pause) (young), 0.0111992 secs]
   [Parallel Time: 4.3 ms, GC Workers: 14]
      [GC Worker Start (ms): Min: 56511781.7, Avg: 56511781.9, Max: 56511782.1, Diff: 0.4]
      [Ext Root Scanning (ms): Min: 0.2, Avg: 0.6, Max: 3.8, Diff: 3.7, Sum: 8.5]
      [Update RS (ms): Min: 0.0, Avg: 0.1, Max: 0.3, Diff: 0.3, Sum: 1.4]
         [Processed Buffers: Min: 0, Avg: 11.6, Max: 49, Diff: 49, Sum: 162]
      [Scan RS (ms): Min: 0.0, Avg: 0.0, Max: 0.1, Diff: 0.1, Sum: 0.5]
      [Code Root Scanning (ms): Min: 0.0, Avg: 0.0, Max: 0.0, Diff: 0.0, Sum: 0.0]
      [Object Copy (ms): Min: 0.0, Avg: 0.3, Max: 0.3, Diff: 0.3, Sum: 3.8]
      [Termination (ms): Min: 0.0, Avg: 2.7, Max: 2.9, Diff: 2.9, Sum: 37.3]
         [Termination Attempts: Min: 1, Avg: 16.9, Max: 27, Diff: 26, Sum: 236]
      [GC Worker Other (ms): Min: 0.0, Avg: 0.0, Max: 0.0, Diff: 0.0, Sum: 0.1]
      [GC Worker Total (ms): Min: 3.4, Avg: 3.7, Max: 3.9, Diff: 0.4, Sum: 51.6]
      [GC Worker End (ms): Min: 56511785.5, Avg: 56511785.5, Max: 56511785.6, Diff: 0.1]
   [Code Root Fixup: 0.0 ms]
   [Code Root Purge: 0.0 ms]
   [Clear CT: 0.4 ms]
   [Other: 6.5 ms]
      [Choose CSet: 0.0 ms]
      [Ref Proc: 5.8 ms]
      [Ref Enq: 0.2 ms]
      [Redirty Cards: 0.2 ms]
      [Humongous Register: 0.0 ms]
      [Humongous Reclaim: 0.0 ms]
      [Free CSet: 0.1 ms]
   [Eden: 7152.0M(7152.0M)->0.0B(7152.0M) Survivors: 16384.0K->16384.0K Heap: 9966.1M(14336.0M)->2814.4M(14336.0M)]
 [Times: user=0.08 sys=0.00, real=0.01 secs] 
2022-11-06T10:22:28.146-0700: 57492.832: [GC pause (G1 Evacuation Pause) (young), 0.0106187 secs]
   [Parallel Time: 4.3 ms, GC Workers: 14]
      [GC Worker Start (ms): Min: 57492832.1, Avg: 57492832.2, Max: 57492832.4, Diff: 0.3]
      [Ext Root Scanning (ms): Min: 0.3, Avg: 0.7, Max: 3.9, Diff: 3.6, Sum: 9.4]
      [Update RS (ms): Min: 0.0, Avg: 0.1, Max: 0.2, Diff: 0.2, Sum: 1.3]
         [Processed Buffers: Min: 0, Avg: 12.4, Max: 47, Diff: 47, Sum: 174]
      [Scan RS (ms): Min: 0.0, Avg: 0.0, Max: 0.1, Diff: 0.1, Sum: 0.5]
      [Code Root Scanning (ms): Min: 0.0, Avg: 0.0, Max: 0.0, Diff: 0.0, Sum: 0.0]
      [Object Copy (ms): Min: 0.0, Avg: 0.3, Max: 0.3, Diff: 0.3, Sum: 3.8]
      [Termination (ms): Min: 0.0, Avg: 2.7, Max: 2.9, Diff: 2.9, Sum: 37.8]
         [Termination Attempts: Min: 1, Avg: 19.4, Max: 30, Diff: 29, Sum: 272]
      [GC Worker Other (ms): Min: 0.0, Avg: 0.0, Max: 0.0, Diff: 0.0, Sum: 0.1]
      [GC Worker Total (ms): Min: 3.6, Avg: 3.8, Max: 3.9, Diff: 0.3, Sum: 52.9]
      [GC Worker End (ms): Min: 57492836.0, Avg: 57492836.0, Max: 57492836.1, Diff: 0.1]
   [Code Root Fixup: 0.0 ms]
   [Code Root Purge: 0.0 ms]
   [Clear CT: 0.4 ms]
   [Other: 5.8 ms]
      [Choose CSet: 0.0 ms]
      [Ref Proc: 5.2 ms]
      [Ref Enq: 0.2 ms]
      [Redirty Cards: 0.2 ms]
      [Humongous Register: 0.0 ms]
      [Humongous Reclaim: 0.0 ms]
      [Free CSet: 0.1 ms]
   [Eden: 7152.0M(7152.0M)->0.0B(7152.0M) Survivors: 16384.0K->16384.0K Heap: 9966.4M(14336.0M)->2814.2M(14336.0M)]
 [Times: user=0.08 sys=0.00, real=0.01 secs] 
2022-11-06T10:38:46.745-0700: 58471.432: [GC pause (G1 Evacuation Pause) (young), 0.0098518 secs]
   [Parallel Time: 3.0 ms, GC Workers: 14]
      [GC Worker Start (ms): Min: 58471431.7, Avg: 58471431.9, Max: 58471432.1, Diff: 0.4]
      [Ext Root Scanning (ms): Min: 0.2, Avg: 0.6, Max: 2.6, Diff: 2.4, Sum: 8.3]
      [Update RS (ms): Min: 0.0, Avg: 0.1, Max: 0.4, Diff: 0.4, Sum: 1.7]
         [Processed Buffers: Min: 0, Avg: 11.9, Max: 37, Diff: 37, Sum: 167]
      [Scan RS (ms): Min: 0.0, Avg: 0.0, Max: 0.0, Diff: 0.0, Sum: 0.4]
      [Code Root Scanning (ms): Min: 0.0, Avg: 0.0, Max: 0.0, Diff: 0.0, Sum: 0.0]
      [Object Copy (ms): Min: 0.0, Avg: 0.3, Max: 0.4, Diff: 0.4, Sum: 3.7]
      [Termination (ms): Min: 0.0, Avg: 1.5, Max: 1.7, Diff: 1.7, Sum: 20.7]
         [Termination Attempts: Min: 1, Avg: 29.7, Max: 43, Diff: 42, Sum: 416]
      [GC Worker Other (ms): Min: 0.0, Avg: 0.0, Max: 0.0, Diff: 0.0, Sum: 0.1]
      [GC Worker Total (ms): Min: 2.3, Avg: 2.5, Max: 2.7, Diff: 0.4, Sum: 34.9]
      [GC Worker End (ms): Min: 58471434.3, Avg: 58471434.4, Max: 58471434.4, Diff: 0.1]
   [Code Root Fixup: 0.0 ms]
   [Code Root Purge: 0.0 ms]
   [Clear CT: 0.4 ms]
   [Other: 6.5 ms]
      [Choose CSet: 0.0 ms]
      [Ref Proc: 5.9 ms]
      [Ref Enq: 0.2 ms]
      [Redirty Cards: 0.2 ms]
      [Humongous Register: 0.0 ms]
      [Humongous Reclaim: 0.0 ms]
      [Free CSet: 0.1 ms]
   [Eden: 7152.0M(7152.0M)->0.0B(7152.0M) Survivors: 16384.0K->16384.0K Heap: 9966.2M(14336.0M)->2814.5M(14336.0M)]
 [Times: user=0.06 sys=0.00, real=0.01 secs] 
2022-11-06T10:55:12.915-0700: 59457.601: [GC pause (G1 Evacuation Pause) (young), 0.0104866 secs]
   [Parallel Time: 4.3 ms, GC Workers: 14]
      [GC Worker Start (ms): Min: 59457601.5, Avg: 59457601.6, Max: 59457601.8, Diff: 0.3]
      [Ext Root Scanning (ms): Min: 0.3, Avg: 0.7, Max: 3.9, Diff: 3.6, Sum: 9.4]
      [Update RS (ms): Min: 0.0, Avg: 0.1, Max: 0.2, Diff: 0.2, Sum: 1.4]
         [Processed Buffers: Min: 0, Avg: 11.1, Max: 29, Diff: 29, Sum: 155]
      [Scan RS (ms): Min: 0.0, Avg: 0.0, Max: 0.1, Diff: 0.1, Sum: 0.5]
      [Code Root Scanning (ms): Min: 0.0, Avg: 0.0, Max: 0.0, Diff: 0.0, Sum: 0.0]
      [Object Copy (ms): Min: 0.0, Avg: 0.5, Max: 0.6, Diff: 0.6, Sum: 7.7]
      [Termination (ms): Min: 0.0, Avg: 2.4, Max: 2.7, Diff: 2.7, Sum: 34.1]
         [Termination Attempts: Min: 1, Avg: 1.0, Max: 1, Diff: 0, Sum: 14]
      [GC Worker Other (ms): Min: 0.0, Avg: 0.0, Max: 0.0, Diff: 0.0, Sum: 0.1]
      [GC Worker Total (ms): Min: 3.6, Avg: 3.8, Max: 4.0, Diff: 0.3, Sum: 53.1]
      [GC Worker End (ms): Min: 59457605.4, Avg: 59457605.4, Max: 59457605.4, Diff: 0.1]
   [Code Root Fixup: 0.0 ms]
   [Code Root Purge: 0.0 ms]
   [Clear CT: 0.4 ms]
   [Other: 5.7 ms]
      [Choose CSet: 0.0 ms]
      [Ref Proc: 5.1 ms]
      [Ref Enq: 0.2 ms]
      [Redirty Cards: 0.2 ms]
      [Humongous Register: 0.0 ms]
      [Humongous Reclaim: 0.0 ms]
      [Free CSet: 0.1 ms]
   [Eden: 7152.0M(7152.0M)->0.0B(7152.0M) Survivors: 16384.0K->16384.0K Heap: 9966.5M(14336.0M)->2819.8M(14336.0M)]
 [Times: user=0.07 sys=0.00, real=0.01 secs] 
2022-11-06T11:11:42.746-0700: 60447.432: [GC pause (G1 Evacuation Pause) (young), 0.0126840 secs]
   [Parallel Time: 4.2 ms, GC Workers: 14]
      [GC Worker Start (ms): Min: 60447431.8, Avg: 60447431.9, Max: 60447432.1, Diff: 0.3]
      [Ext Root Scanning (ms): Min: 0.3, Avg: 0.7, Max: 3.9, Diff: 3.6, Sum: 9.7]
      [Update RS (ms): Min: 0.0, Avg: 0.1, Max: 0.2, Diff: 0.2, Sum: 1.8]
         [Processed Buffers: Min: 0, Avg: 11.4, Max: 34, Diff: 34, Sum: 159]
      [Scan RS (ms): Min: 0.0, Avg: 0.0, Max: 0.0, Diff: 0.0, Sum: 0.3]
      [Code Root Scanning (ms): Min: 0.0, Avg: 0.0, Max: 0.0, Diff: 0.0, Sum: 0.0]
      [Object Copy (ms): Min: 0.0, Avg: 0.3, Max: 0.4, Diff: 0.4, Sum: 4.2]
      [Termination (ms): Min: 0.0, Avg: 2.6, Max: 2.9, Diff: 2.9, Sum: 36.1]
         [Termination Attempts: Min: 1, Avg: 26.8, Max: 40, Diff: 39, Sum: 375]
      [GC Worker Other (ms): Min: 0.0, Avg: 0.0, Max: 0.0, Diff: 0.0, Sum: 0.1]
      [GC Worker Total (ms): Min: 3.5, Avg: 3.7, Max: 3.9, Diff: 0.3, Sum: 52.2]
      [GC Worker End (ms): Min: 60447435.6, Avg: 60447435.7, Max: 60447435.7, Diff: 0.1]
   [Code Root Fixup: 0.0 ms]
   [Code Root Purge: 0.0 ms]
   [Clear CT: 0.4 ms]
   [Other: 8.1 ms]
      [Choose CSet: 0.0 ms]
      [Ref Proc: 7.5 ms]
      [Ref Enq: 0.2 ms]
      [Redirty Cards: 0.2 ms]
      [Humongous Register: 0.0 ms]
      [Humongous Reclaim: 0.0 ms]
      [Free CSet: 0.1 ms]
   [Eden: 7152.0M(7152.0M)->0.0B(7152.0M) Survivors: 16384.0K->16384.0K Heap: 9971.8M(14336.0M)->2821.7M(14336.0M)]
 [Times: user=0.08 sys=0.00, real=0.01 secs] 
2022-11-06T11:28:17.145-0700: 61441.831: [GC pause (G1 Evacuation Pause) (young), 0.0106694 secs]
   [Parallel Time: 4.2 ms, GC Workers: 14]
      [GC Worker Start (ms): Min: 61441831.1, Avg: 61441831.3, Max: 61441831.5, Diff: 0.4]
      [Ext Root Scanning (ms): Min: 0.2, Avg: 0.6, Max: 3.8, Diff: 3.6, Sum: 9.1]
      [Update RS (ms): Min: 0.0, Avg: 0.1, Max: 0.3, Diff: 0.3, Sum: 1.4]
         [Processed Buffers: Min: 0, Avg: 12.5, Max: 35, Diff: 35, Sum: 175]
      [Scan RS (ms): Min: 0.0, Avg: 0.0, Max: 0.1, Diff: 0.1, Sum: 0.6]
      [Code Root Scanning (ms): Min: 0.0, Avg: 0.0, Max: 0.0, Diff: 0.0, Sum: 0.0]
      [Object Copy (ms): Min: 0.0, Avg: 0.3, Max: 0.4, Diff: 0.4, Sum: 4.3]
      [Termination (ms): Min: 0.0, Avg: 2.6, Max: 2.9, Diff: 2.9, Sum: 36.4]
         [Termination Attempts: Min: 1, Avg: 42.2, Max: 56, Diff: 55, Sum: 591]
      [GC Worker Other (ms): Min: 0.0, Avg: 0.0, Max: 0.0, Diff: 0.0, Sum: 0.1]
      [GC Worker Total (ms): Min: 3.5, Avg: 3.7, Max: 3.8, Diff: 0.4, Sum: 52.0]
      [GC Worker End (ms): Min: 61441835.0, Avg: 61441835.0, Max: 61441835.1, Diff: 0.1]
   [Code Root Fixup: 0.0 ms]
   [Code Root Purge: 0.0 ms]
   [Clear CT: 0.4 ms]
   [Other: 6.0 ms]
      [Choose CSet: 0.0 ms]
      [Ref Proc: 5.4 ms]
      [Ref Enq: 0.2 ms]
      [Redirty Cards: 0.2 ms]
      [Humongous Register: 0.0 ms]
      [Humongous Reclaim: 0.0 ms]
      [Free CSet: 0.1 ms]
   [Eden: 7152.0M(7152.0M)->0.0B(7152.0M) Survivors: 16384.0K->16384.0K Heap: 9973.7M(14336.0M)->2815.6M(14336.0M)]
 [Times: user=0.08 sys=0.00, real=0.01 secs] 
2022-11-06T11:44:44.331-0700: 62429.018: [GC pause (G1 Evacuation Pause) (young), 0.0113770 secs]
   [Parallel Time: 4.3 ms, GC Workers: 14]
      [GC Worker Start (ms): Min: 62429017.6, Avg: 62429017.8, Max: 62429018.0, Diff: 0.4]
      [Ext Root Scanning (ms): Min: 0.2, Avg: 0.6, Max: 2.7, Diff: 2.6, Sum: 8.5]
      [Update RS (ms): Min: 0.0, Avg: 0.1, Max: 0.4, Diff: 0.4, Sum: 1.6]
         [Processed Buffers: Min: 0, Avg: 11.4, Max: 39, Diff: 39, Sum: 159]
      [Scan RS (ms): Min: 0.0, Avg: 0.0, Max: 0.1, Diff: 0.1, Sum: 0.6]
      [Code Root Scanning (ms): Min: 0.0, Avg: 0.0, Max: 0.0, Diff: 0.0, Sum: 0.0]
      [Object Copy (ms): Min: 0.0, Avg: 0.3, Max: 0.4, Diff: 0.4, Sum: 4.1]
      [Termination (ms): Min: 0.0, Avg: 1.5, Max: 1.8, Diff: 1.8, Sum: 21.7]
         [Termination Attempts: Min: 1, Avg: 32.4, Max: 50, Diff: 49, Sum: 454]
      [GC Worker Other (ms): Min: 0.0, Avg: 0.0, Max: 0.0, Diff: 0.0, Sum: 0.1]
      [GC Worker Total (ms): Min: 2.4, Avg: 2.6, Max: 2.8, Diff: 0.4, Sum: 36.7]
      [GC Worker End (ms): Min: 62429020.4, Avg: 62429020.4, Max: 62429020.5, Diff: 0.1]
   [Code Root Fixup: 0.0 ms]
   [Code Root Purge: 0.0 ms]
   [Clear CT: 0.4 ms]
   [Other: 6.7 ms]
      [Choose CSet: 0.0 ms]
      [Ref Proc: 6.0 ms]
      [Ref Enq: 0.2 ms]
      [Redirty Cards: 0.2 ms]
      [Humongous Register: 0.0 ms]
      [Humongous Reclaim: 0.0 ms]
      [Free CSet: 0.1 ms]
   [Eden: 7152.0M(7152.0M)->0.0B(7152.0M) Survivors: 16384.0K->16384.0K Heap: 9967.6M(14336.0M)->2814.5M(14336.0M)]
 [Times: user=0.03 sys=0.04, real=0.02 secs] 
2022-11-06T12:00:58.845-0700: 63403.531: [GC pause (G1 Evacuation Pause) (young), 0.0113026 secs]
   [Parallel Time: 4.3 ms, GC Workers: 14]
      [GC Worker Start (ms): Min: 63403531.4, Avg: 63403531.6, Max: 63403531.7, Diff: 0.3]
      [Ext Root Scanning (ms): Min: 0.2, Avg: 0.6, Max: 3.8, Diff: 3.5, Sum: 9.1]
      [Update RS (ms): Min: 0.0, Avg: 0.1, Max: 0.3, Diff: 0.3, Sum: 1.3]
         [Processed Buffers: Min: 0, Avg: 12.1, Max: 39, Diff: 39, Sum: 169]
      [Scan RS (ms): Min: 0.0, Avg: 0.0, Max: 0.1, Diff: 0.1, Sum: 0.5]
      [Code Root Scanning (ms): Min: 0.0, Avg: 0.0, Max: 0.0, Diff: 0.0, Sum: 0.0]
      [Object Copy (ms): Min: 0.0, Avg: 0.3, Max: 0.4, Diff: 0.4, Sum: 4.5]
      [Termination (ms): Min: 0.0, Avg: 2.5, Max: 2.8, Diff: 2.8, Sum: 35.3]
         [Termination Attempts: Min: 1, Avg: 37.1, Max: 57, Diff: 56, Sum: 519]
      [GC Worker Other (ms): Min: 0.0, Avg: 0.0, Max: 0.0, Diff: 0.0, Sum: 0.1]
      [GC Worker Total (ms): Min: 3.4, Avg: 3.6, Max: 3.8, Diff: 0.3, Sum: 50.8]
      [GC Worker End (ms): Min: 63403535.2, Avg: 63403535.2, Max: 63403535.2, Diff: 0.1]
   [Code Root Fixup: 0.0 ms]
   [Code Root Purge: 0.0 ms]
   [Clear CT: 0.3 ms]
   [Other: 6.7 ms]
      [Choose CSet: 0.0 ms]
      [Ref Proc: 6.0 ms]
      [Ref Enq: 0.3 ms]
      [Redirty Cards: 0.2 ms]
      [Humongous Register: 0.0 ms]
      [Humongous Reclaim: 0.0 ms]
      [Free CSet: 0.1 ms]
   [Eden: 7152.0M(7152.0M)->0.0B(7152.0M) Survivors: 16384.0K->16384.0K Heap: 9966.5M(14336.0M)->2814.3M(14336.0M)]
 [Times: user=0.08 sys=0.00, real=0.01 secs] 
2022-11-06T12:17:20.295-0700: 64384.982: [GC pause (G1 Evacuation Pause) (young), 0.0111226 secs]
   [Parallel Time: 4.3 ms, GC Workers: 14]
      [GC Worker Start (ms): Min: 64384981.7, Avg: 64384981.9, Max: 64384982.1, Diff: 0.4]
      [Ext Root Scanning (ms): Min: 0.2, Avg: 0.6, Max: 3.8, Diff: 3.6, Sum: 9.0]
      [Update RS (ms): Min: 0.0, Avg: 0.1, Max: 0.3, Diff: 0.3, Sum: 1.4]
         [Processed Buffers: Min: 0, Avg: 11.6, Max: 48, Diff: 48, Sum: 163]
      [Scan RS (ms): Min: 0.0, Avg: 0.0, Max: 0.1, Diff: 0.1, Sum: 0.5]
      [Code Root Scanning (ms): Min: 0.0, Avg: 0.0, Max: 0.0, Diff: 0.0, Sum: 0.0]
      [Object Copy (ms): Min: 0.0, Avg: 0.3, Max: 0.4, Diff: 0.4, Sum: 4.1]
      [Termination (ms): Min: 0.0, Avg: 2.6, Max: 2.9, Diff: 2.9, Sum: 36.0]
         [Termination Attempts: Min: 1, Avg: 38.4, Max: 60, Diff: 59, Sum: 538]
      [GC Worker Other (ms): Min: 0.0, Avg: 0.0, Max: 0.0, Diff: 0.0, Sum: 0.1]
      [GC Worker Total (ms): Min: 3.4, Avg: 3.7, Max: 3.9, Diff: 0.4, Sum: 51.2]
      [GC Worker End (ms): Min: 64384985.5, Avg: 64384985.5, Max: 64384985.6, Diff: 0.1]
   [Code Root Fixup: 0.0 ms]
   [Code Root Purge: 0.0 ms]
   [Clear CT: 0.5 ms]
   [Other: 6.4 ms]
      [Choose CSet: 0.0 ms]
      [Ref Proc: 5.8 ms]
      [Ref Enq: 0.2 ms]
      [Redirty Cards: 0.2 ms]
      [Humongous Register: 0.0 ms]
      [Humongous Reclaim: 0.0 ms]
      [Free CSet: 0.1 ms]
   [Eden: 7152.0M(7152.0M)->0.0B(7152.0M) Survivors: 16384.0K->16384.0K Heap: 9966.3M(14336.0M)->2814.5M(14336.0M)]
 [Times: user=0.08 sys=0.00, real=0.01 secs] 
2022-11-06T12:33:45.895-0700: 65370.581: [GC pause (G1 Evacuation Pause) (young), 0.0113817 secs]
   [Parallel Time: 4.2 ms, GC Workers: 14]
      [GC Worker Start (ms): Min: 65370581.1, Avg: 65370581.3, Max: 65370581.5, Diff: 0.3]
      [Ext Root Scanning (ms): Min: 0.2, Avg: 0.7, Max: 3.7, Diff: 3.5, Sum: 9.4]
      [Update RS (ms): Min: 0.0, Avg: 0.1, Max: 0.3, Diff: 0.3, Sum: 1.4]
         [Processed Buffers: Min: 0, Avg: 10.1, Max: 30, Diff: 30, Sum: 141]
      [Scan RS (ms): Min: 0.0, Avg: 0.0, Max: 0.0, Diff: 0.0, Sum: 0.4]
      [Code Root Scanning (ms): Min: 0.0, Avg: 0.0, Max: 0.0, Diff: 0.0, Sum: 0.0]
      [Object Copy (ms): Min: 0.0, Avg: 0.3, Max: 0.3, Diff: 0.3, Sum: 3.6]
      [Termination (ms): Min: 0.0, Avg: 2.5, Max: 2.9, Diff: 2.9, Sum: 35.6]
         [Termination Attempts: Min: 1, Avg: 24.0, Max: 38, Diff: 37, Sum: 336]
      [GC Worker Other (ms): Min: 0.0, Avg: 0.0, Max: 0.0, Diff: 0.0, Sum: 0.1]
      [GC Worker Total (ms): Min: 3.4, Avg: 3.6, Max: 3.8, Diff: 0.3, Sum: 50.4]
      [GC Worker End (ms): Min: 65370584.9, Avg: 65370584.9, Max: 65370585.0, Diff: 0.1]
   [Code Root Fixup: 0.0 ms]
   [Code Root Purge: 0.0 ms]
   [Clear CT: 0.5 ms]
   [Other: 6.7 ms]
      [Choose CSet: 0.0 ms]
      [Ref Proc: 5.8 ms]
      [Ref Enq: 0.3 ms]
      [Redirty Cards: 0.3 ms]
      [Humongous Register: 0.0 ms]
      [Humongous Reclaim: 0.0 ms]
      [Free CSet: 0.1 ms]
   [Eden: 7152.0M(7152.0M)->0.0B(7152.0M) Survivors: 16384.0K->16384.0K Heap: 9966.5M(14336.0M)->2814.3M(14336.0M)]
 [Times: user=0.07 sys=0.00, real=0.01 secs] 
2022-11-06T12:50:13.895-0700: 66358.581: [GC pause (G1 Evacuation Pause) (young), 0.0095774 secs]
   [Parallel Time: 3.1 ms, GC Workers: 14]
      [GC Worker Start (ms): Min: 66358581.4, Avg: 66358581.6, Max: 66358581.8, Diff: 0.4]
      [Ext Root Scanning (ms): Min: 0.1, Avg: 0.5, Max: 2.6, Diff: 2.5, Sum: 7.7]
      [Update RS (ms): Min: 0.0, Avg: 0.1, Max: 0.2, Diff: 0.2, Sum: 1.4]
         [Processed Buffers: Min: 0, Avg: 11.0, Max: 32, Diff: 32, Sum: 154]
      [Scan RS (ms): Min: 0.0, Avg: 0.0, Max: 0.1, Diff: 0.1, Sum: 0.6]
      [Code Root Scanning (ms): Min: 0.0, Avg: 0.0, Max: 0.0, Diff: 0.0, Sum: 0.0]
      [Object Copy (ms): Min: 0.0, Avg: 0.3, Max: 0.4, Diff: 0.4, Sum: 4.8]
      [Termination (ms): Min: 0.0, Avg: 1.5, Max: 1.7, Diff: 1.7, Sum: 20.6]
         [Termination Attempts: Min: 1, Avg: 44.7, Max: 61, Diff: 60, Sum: 626]
      [GC Worker Other (ms): Min: 0.0, Avg: 0.0, Max: 0.0, Diff: 0.0, Sum: 0.1]
      [GC Worker Total (ms): Min: 2.2, Avg: 2.5, Max: 2.7, Diff: 0.5, Sum: 35.1]
      [GC Worker End (ms): Min: 66358584.0, Avg: 66358584.1, Max: 66358584.1, Diff: 0.1]
   [Code Root Fixup: 0.0 ms]
   [Code Root Purge: 0.0 ms]
   [Clear CT: 0.4 ms]
   [Other: 6.1 ms]
      [Choose CSet: 0.0 ms]
      [Ref Proc: 5.5 ms]
      [Ref Enq: 0.2 ms]
      [Redirty Cards: 0.2 ms]
      [Humongous Register: 0.0 ms]
      [Humongous Reclaim: 0.0 ms]
      [Free CSet: 0.1 ms]
   [Eden: 7152.0M(7152.0M)->0.0B(7152.0M) Survivors: 16384.0K->16384.0K Heap: 9966.3M(14336.0M)->2814.4M(14336.0M)]
 [Times: user=0.06 sys=0.00, real=0.01 secs] 
2022-11-06T13:06:45.345-0700: 67350.032: [GC pause (G1 Evacuation Pause) (young), 0.0096555 secs]
   [Parallel Time: 4.1 ms, GC Workers: 14]
      [GC Worker Start (ms): Min: 67350031.6, Avg: 67350031.7, Max: 67350031.9, Diff: 0.3]
      [Ext Root Scanning (ms): Min: 0.2, Avg: 0.6, Max: 3.9, Diff: 3.6, Sum: 9.0]
      [Update RS (ms): Min: 0.0, Avg: 0.1, Max: 0.3, Diff: 0.3, Sum: 1.5]
         [Processed Buffers: Min: 0, Avg: 11.3, Max: 28, Diff: 28, Sum: 158]
      [Scan RS (ms): Min: 0.0, Avg: 0.0, Max: 0.1, Diff: 0.1, Sum: 0.5]
      [Code Root Scanning (ms): Min: 0.0, Avg: 0.0, Max: 0.0, Diff: 0.0, Sum: 0.0]
      [Object Copy (ms): Min: 0.0, Avg: 0.3, Max: 0.4, Diff: 0.4, Sum: 4.2]
      [Termination (ms): Min: 0.0, Avg: 2.7, Max: 3.0, Diff: 3.0, Sum: 37.8]
         [Termination Attempts: Min: 1, Avg: 30.6, Max: 47, Diff: 46, Sum: 428]
      [GC Worker Other (ms): Min: 0.0, Avg: 0.0, Max: 0.0, Diff: 0.0, Sum: 0.1]
      [GC Worker Total (ms): Min: 3.6, Avg: 3.8, Max: 4.0, Diff: 0.3, Sum: 53.1]
      [GC Worker End (ms): Min: 67350035.5, Avg: 67350035.5, Max: 67350035.6, Diff: 0.1]
   [Code Root Fixup: 0.0 ms]
   [Code Root Purge: 0.0 ms]
   [Clear CT: 0.4 ms]
   [Other: 5.2 ms]
      [Choose CSet: 0.0 ms]
      [Ref Proc: 4.5 ms]
      [Ref Enq: 0.3 ms]
      [Redirty Cards: 0.2 ms]
      [Humongous Register: 0.0 ms]
      [Humongous Reclaim: 0.0 ms]
      [Free CSet: 0.1 ms]
   [Eden: 7152.0M(7152.0M)->0.0B(7152.0M) Survivors: 16384.0K->16384.0K Heap: 9966.4M(14336.0M)->2814.4M(14336.0M)]
 [Times: user=0.08 sys=0.00, real=0.01 secs] 
2022-11-06T13:23:23.445-0700: 68348.131: [GC pause (G1 Evacuation Pause) (young), 0.0125273 secs]
   [Parallel Time: 4.0 ms, GC Workers: 14]
      [GC Worker Start (ms): Min: 68348131.5, Avg: 68348131.7, Max: 68348131.9, Diff: 0.5]
      [Ext Root Scanning (ms): Min: 0.1, Avg: 0.6, Max: 3.8, Diff: 3.7, Sum: 9.0]
      [Update RS (ms): Min: 0.0, Avg: 0.1, Max: 0.3, Diff: 0.3, Sum: 1.3]
         [Processed Buffers: Min: 0, Avg: 11.1, Max: 40, Diff: 40, Sum: 156]
      [Scan RS (ms): Min: 0.0, Avg: 0.0, Max: 0.1, Diff: 0.0, Sum: 0.5]
      [Code Root Scanning (ms): Min: 0.0, Avg: 0.0, Max: 0.0, Diff: 0.0, Sum: 0.0]
      [Object Copy (ms): Min: 0.0, Avg: 0.3, Max: 0.4, Diff: 0.4, Sum: 4.0]
      [Termination (ms): Min: 0.0, Avg: 2.6, Max: 2.9, Diff: 2.9, Sum: 36.2]
         [Termination Attempts: Min: 1, Avg: 35.9, Max: 52, Diff: 51, Sum: 503]
      [GC Worker Other (ms): Min: 0.0, Avg: 0.0, Max: 0.0, Diff: 0.0, Sum: 0.1]
      [GC Worker Total (ms): Min: 3.4, Avg: 3.6, Max: 3.8, Diff: 0.4, Sum: 51.1]
      [GC Worker End (ms): Min: 68348135.3, Avg: 68348135.3, Max: 68348135.4, Diff: 0.1]
   [Code Root Fixup: 0.0 ms]
   [Code Root Purge: 0.0 ms]
   [Clear CT: 0.4 ms]
   [Other: 8.1 ms]
      [Choose CSet: 0.0 ms]
      [Ref Proc: 7.4 ms]
      [Ref Enq: 0.3 ms]
      [Redirty Cards: 0.2 ms]
      [Humongous Register: 0.0 ms]
      [Humongous Reclaim: 0.0 ms]
      [Free CSet: 0.1 ms]
   [Eden: 7152.0M(7152.0M)->0.0B(7152.0M) Survivors: 16384.0K->16384.0K Heap: 9966.4M(14336.0M)->2814.6M(14336.0M)]
 [Times: user=0.09 sys=0.00, real=0.01 secs] 
2022-11-06T13:39:50.245-0700: 69334.931: [GC pause (G1 Evacuation Pause) (young), 0.0107418 secs]
   [Parallel Time: 4.0 ms, GC Workers: 14]
      [GC Worker Start (ms): Min: 69334931.4, Avg: 69334931.5, Max: 69334931.7, Diff: 0.3]
      [Ext Root Scanning (ms): Min: 0.2, Avg: 0.7, Max: 3.8, Diff: 3.5, Sum: 9.5]
      [Update RS (ms): Min: 0.0, Avg: 0.1, Max: 0.3, Diff: 0.3, Sum: 1.5]
         [Processed Buffers: Min: 0, Avg: 11.9, Max: 38, Diff: 38, Sum: 166]
      [Scan RS (ms): Min: 0.0, Avg: 0.0, Max: 0.1, Diff: 0.1, Sum: 0.5]
      [Code Root Scanning (ms): Min: 0.0, Avg: 0.0, Max: 0.0, Diff: 0.0, Sum: 0.0]
      [Object Copy (ms): Min: 0.0, Avg: 0.3, Max: 0.3, Diff: 0.3, Sum: 3.7]
      [Termination (ms): Min: 0.0, Avg: 2.6, Max: 2.9, Diff: 2.9, Sum: 36.3]
         [Termination Attempts: Min: 1, Avg: 28.6, Max: 42, Diff: 41, Sum: 401]
      [GC Worker Other (ms): Min: 0.0, Avg: 0.0, Max: 0.0, Diff: 0.0, Sum: 0.1]
      [GC Worker Total (ms): Min: 3.5, Avg: 3.7, Max: 3.8, Diff: 0.3, Sum: 51.5]
      [GC Worker End (ms): Min: 69334935.2, Avg: 69334935.2, Max: 69334935.3, Diff: 0.1]
   [Code Root Fixup: 0.0 ms]
   [Code Root Purge: 0.0 ms]
   [Clear CT: 0.4 ms]
   [Other: 6.3 ms]
      [Choose CSet: 0.0 ms]
      [Ref Proc: 5.7 ms]
      [Ref Enq: 0.3 ms]
      [Redirty Cards: 0.2 ms]
      [Humongous Register: 0.0 ms]
      [Humongous Reclaim: 0.0 ms]
      [Free CSet: 0.1 ms]
   [Eden: 7152.0M(7152.0M)->0.0B(7152.0M) Survivors: 16384.0K->16384.0K Heap: 9966.6M(14336.0M)->2814.4M(14336.0M)]
 [Times: user=0.08 sys=0.00, real=0.01 secs] 
2022-11-06T13:56:12.712-0700: 70317.398: [GC pause (G1 Evacuation Pause) (young), 0.0112125 secs]
   [Parallel Time: 4.1 ms, GC Workers: 14]
      [GC Worker Start (ms): Min: 70317398.0, Avg: 70317398.2, Max: 70317398.4, Diff: 0.4]
      [Ext Root Scanning (ms): Min: 0.2, Avg: 0.7, Max: 3.8, Diff: 3.6, Sum: 9.4]
      [Update RS (ms): Min: 0.0, Avg: 0.1, Max: 0.3, Diff: 0.3, Sum: 1.4]
         [Processed Buffers: Min: 0, Avg: 11.3, Max: 40, Diff: 40, Sum: 158]
      [Scan RS (ms): Min: 0.0, Avg: 0.0, Max: 0.1, Diff: 0.1, Sum: 0.5]
      [Code Root Scanning (ms): Min: 0.0, Avg: 0.0, Max: 0.0, Diff: 0.0, Sum: 0.0]
      [Object Copy (ms): Min: 0.0, Avg: 0.3, Max: 0.4, Diff: 0.4, Sum: 4.0]
      [Termination (ms): Min: 0.0, Avg: 2.5, Max: 2.7, Diff: 2.7, Sum: 34.8]
         [Termination Attempts: Min: 1, Avg: 37.6, Max: 52, Diff: 51, Sum: 526]
      [GC Worker Other (ms): Min: 0.0, Avg: 0.0, Max: 0.0, Diff: 0.0, Sum: 0.1]
      [GC Worker Total (ms): Min: 3.4, Avg: 3.6, Max: 3.8, Diff: 0.4, Sum: 50.3]
      [GC Worker End (ms): Min: 70317401.8, Avg: 70317401.8, Max: 70317401.8, Diff: 0.1]
   [Code Root Fixup: 0.0 ms]
   [Code Root Purge: 0.0 ms]
   [Clear CT: 0.4 ms]
   [Other: 6.8 ms]
      [Choose CSet: 0.0 ms]
      [Ref Proc: 6.1 ms]
      [Ref Enq: 0.2 ms]
      [Redirty Cards: 0.2 ms]
      [Humongous Register: 0.0 ms]
      [Humongous Reclaim: 0.0 ms]
      [Free CSet: 0.1 ms]
   [Eden: 7152.0M(7152.0M)->0.0B(7152.0M) Survivors: 16384.0K->16384.0K Heap: 9966.4M(14336.0M)->2814.2M(14336.0M)]
 [Times: user=0.08 sys=0.00, real=0.02 secs] 
2022-11-06T14:12:26.583-0700: 71291.269: [GC pause (G1 Evacuation Pause) (young), 0.0093677 secs]
   [Parallel Time: 4.2 ms, GC Workers: 14]
      [GC Worker Start (ms): Min: 71291269.3, Avg: 71291269.4, Max: 71291269.5, Diff: 0.2]
      [Ext Root Scanning (ms): Min: 0.3, Avg: 0.7, Max: 3.8, Diff: 3.6, Sum: 9.4]
      [Update RS (ms): Min: 0.0, Avg: 0.1, Max: 0.2, Diff: 0.2, Sum: 1.5]
         [Processed Buffers: Min: 0, Avg: 12.0, Max: 41, Diff: 41, Sum: 168]
      [Scan RS (ms): Min: 0.0, Avg: 0.0, Max: 0.1, Diff: 0.1, Sum: 0.5]
      [Code Root Scanning (ms): Min: 0.0, Avg: 0.0, Max: 0.0, Diff: 0.0, Sum: 0.0]
      [Object Copy (ms): Min: 0.0, Avg: 0.3, Max: 0.4, Diff: 0.4, Sum: 4.0]
      [Termination (ms): Min: 0.0, Avg: 2.7, Max: 3.0, Diff: 3.0, Sum: 37.5]
         [Termination Attempts: Min: 1, Avg: 19.9, Max: 35, Diff: 34, Sum: 279]
      [GC Worker Other (ms): Min: 0.0, Avg: 0.0, Max: 0.0, Diff: 0.0, Sum: 0.1]
      [GC Worker Total (ms): Min: 3.6, Avg: 3.8, Max: 3.9, Diff: 0.3, Sum: 53.0]
      [GC Worker End (ms): Min: 71291273.2, Avg: 71291273.2, Max: 71291273.2, Diff: 0.1]
   [Code Root Fixup: 0.0 ms]
   [Code Root Purge: 0.0 ms]
   [Clear CT: 0.4 ms]
   [Other: 4.8 ms]
      [Choose CSet: 0.0 ms]
      [Ref Proc: 4.2 ms]
      [Ref Enq: 0.2 ms]
      [Redirty Cards: 0.2 ms]
      [Humongous Register: 0.0 ms]
      [Humongous Reclaim: 0.0 ms]
      [Free CSet: 0.1 ms]
   [Eden: 7152.0M(7152.0M)->0.0B(7152.0M) Survivors: 16384.0K->16384.0K Heap: 9966.2M(14336.0M)->2814.6M(14336.0M)]
 [Times: user=0.08 sys=0.00, real=0.00 secs] 
2022-11-06T14:28:53.295-0700: 72277.981: [GC pause (G1 Evacuation Pause) (young), 0.0101121 secs]
   [Parallel Time: 4.0 ms, GC Workers: 14]
      [GC Worker Start (ms): Min: 72277981.6, Avg: 72277981.7, Max: 72277981.9, Diff: 0.3]
      [Ext Root Scanning (ms): Min: 0.2, Avg: 0.6, Max: 3.8, Diff: 3.6, Sum: 8.8]
      [Update RS (ms): Min: 0.0, Avg: 0.1, Max: 0.3, Diff: 0.3, Sum: 1.3]
         [Processed Buffers: Min: 0, Avg: 11.5, Max: 33, Diff: 33, Sum: 161]
      [Scan RS (ms): Min: 0.0, Avg: 0.0, Max: 0.1, Diff: 0.0, Sum: 0.5]
      [Code Root Scanning (ms): Min: 0.0, Avg: 0.0, Max: 0.0, Diff: 0.0, Sum: 0.0]
      [Object Copy (ms): Min: 0.0, Avg: 0.3, Max: 0.4, Diff: 0.4, Sum: 3.9]
      [Termination (ms): Min: 0.0, Avg: 2.6, Max: 2.9, Diff: 2.9, Sum: 36.9]
         [Termination Attempts: Min: 1, Avg: 39.3, Max: 55, Diff: 54, Sum: 550]
      [GC Worker Other (ms): Min: 0.0, Avg: 0.0, Max: 0.0, Diff: 0.0, Sum: 0.1]
      [GC Worker Total (ms): Min: 3.5, Avg: 3.7, Max: 3.8, Diff: 0.4, Sum: 51.4]
      [GC Worker End (ms): Min: 72277985.4, Avg: 72277985.4, Max: 72277985.5, Diff: 0.1]
   [Code Root Fixup: 0.0 ms]
   [Code Root Purge: 0.0 ms]
   [Clear CT: 0.3 ms]
   [Other: 5.8 ms]
      [Choose CSet: 0.0 ms]
      [Ref Proc: 5.2 ms]
      [Ref Enq: 0.2 ms]
      [Redirty Cards: 0.2 ms]
      [Humongous Register: 0.0 ms]
      [Humongous Reclaim: 0.0 ms]
      [Free CSet: 0.1 ms]
   [Eden: 7152.0M(7152.0M)->0.0B(7152.0M) Survivors: 16384.0K->16384.0K Heap: 9966.6M(14336.0M)->2814.4M(14336.0M)]
 [Times: user=0.08 sys=0.00, real=0.01 secs] 
2022-11-06T14:45:25.946-0700: 73270.632: [GC pause (G1 Evacuation Pause) (young), 0.0097717 secs]
   [Parallel Time: 3.9 ms, GC Workers: 14]
      [GC Worker Start (ms): Min: 73270631.9, Avg: 73270632.0, Max: 73270632.2, Diff: 0.3]
      [Ext Root Scanning (ms): Min: 0.3, Avg: 0.7, Max: 3.7, Diff: 3.5, Sum: 9.6]
      [Update RS (ms): Min: 0.0, Avg: 0.1, Max: 0.3, Diff: 0.3, Sum: 1.3]
         [Processed Buffers: Min: 0, Avg: 10.1, Max: 32, Diff: 32, Sum: 142]
      [Scan RS (ms): Min: 0.0, Avg: 0.0, Max: 0.1, Diff: 0.1, Sum: 0.5]
      [Code Root Scanning (ms): Min: 0.0, Avg: 0.0, Max: 0.0, Diff: 0.0, Sum: 0.0]
      [Object Copy (ms): Min: 0.0, Avg: 0.3, Max: 0.4, Diff: 0.4, Sum: 3.9]
      [Termination (ms): Min: 0.0, Avg: 2.6, Max: 2.9, Diff: 2.9, Sum: 36.1]
         [Termination Attempts: Min: 1, Avg: 15.8, Max: 24, Diff: 23, Sum: 221]
      [GC Worker Other (ms): Min: 0.0, Avg: 0.0, Max: 0.0, Diff: 0.0, Sum: 0.1]
      [GC Worker Total (ms): Min: 3.5, Avg: 3.7, Max: 3.8, Diff: 0.3, Sum: 51.4]
      [GC Worker End (ms): Min: 73270635.7, Avg: 73270635.7, Max: 73270635.8, Diff: 0.1]
   [Code Root Fixup: 0.0 ms]
   [Code Root Purge: 0.0 ms]
   [Clear CT: 0.4 ms]
   [Other: 5.4 ms]
      [Choose CSet: 0.0 ms]
      [Ref Proc: 4.8 ms]
      [Ref Enq: 0.2 ms]
      [Redirty Cards: 0.2 ms]
      [Humongous Register: 0.0 ms]
      [Humongous Reclaim: 0.0 ms]
      [Free CSet: 0.1 ms]
   [Eden: 7152.0M(7152.0M)->0.0B(7152.0M) Survivors: 16384.0K->16384.0K Heap: 9966.4M(14336.0M)->2814.4M(14336.0M)]
 [Times: user=0.07 sys=0.00, real=0.01 secs] 
2022-11-06T15:01:46.346-0700: 74251.032: [GC pause (G1 Evacuation Pause) (young), 0.0089936 secs]
   [Parallel Time: 3.0 ms, GC Workers: 14]
      [GC Worker Start (ms): Min: 74251031.9, Avg: 74251032.0, Max: 74251032.2, Diff: 0.3]
      [Ext Root Scanning (ms): Min: 0.3, Avg: 0.6, Max: 2.8, Diff: 2.5, Sum: 8.5]
      [Update RS (ms): Min: 0.0, Avg: 0.1, Max: 0.3, Diff: 0.3, Sum: 1.5]
         [Processed Buffers: Min: 0, Avg: 11.1, Max: 35, Diff: 35, Sum: 155]
      [Scan RS (ms): Min: 0.0, Avg: 0.0, Max: 0.1, Diff: 0.1, Sum: 0.6]
      [Code Root Scanning (ms): Min: 0.0, Avg: 0.0, Max: 0.0, Diff: 0.0, Sum: 0.0]
      [Object Copy (ms): Min: 0.0, Avg: 0.3, Max: 0.3, Diff: 0.3, Sum: 3.6]
      [Termination (ms): Min: 0.0, Avg: 1.6, Max: 1.8, Diff: 1.8, Sum: 22.8]
         [Termination Attempts: Min: 1, Avg: 16.2, Max: 26, Diff: 25, Sum: 227]
      [GC Worker Other (ms): Min: 0.0, Avg: 0.0, Max: 0.0, Diff: 0.0, Sum: 0.1]
      [GC Worker Total (ms): Min: 2.5, Avg: 2.7, Max: 2.8, Diff: 0.3, Sum: 37.1]
      [GC Worker End (ms): Min: 74251034.7, Avg: 74251034.7, Max: 74251034.7, Diff: 0.0]
   [Code Root Fixup: 0.0 ms]
   [Code Root Purge: 0.0 ms]
   [Clear CT: 0.4 ms]
   [Other: 5.6 ms]
      [Choose CSet: 0.0 ms]
      [Ref Proc: 5.0 ms]
      [Ref Enq: 0.2 ms]
      [Redirty Cards: 0.2 ms]
      [Humongous Register: 0.0 ms]
      [Humongous Reclaim: 0.0 ms]
      [Free CSet: 0.1 ms]
   [Eden: 7152.0M(7152.0M)->0.0B(7152.0M) Survivors: 16384.0K->16384.0K Heap: 9966.4M(14336.0M)->2814.7M(14336.0M)]
 [Times: user=0.06 sys=0.00, real=0.01 secs] 
2022-11-06T15:18:13.567-0700: 75238.254: [GC pause (G1 Evacuation Pause) (young), 0.0099644 secs]
   [Parallel Time: 4.3 ms, GC Workers: 14]
      [GC Worker Start (ms): Min: 75238253.7, Avg: 75238253.9, Max: 75238254.0, Diff: 0.3]
      [Ext Root Scanning (ms): Min: 0.3, Avg: 0.7, Max: 3.9, Diff: 3.7, Sum: 9.5]
      [Update RS (ms): Min: 0.0, Avg: 0.1, Max: 0.3, Diff: 0.3, Sum: 1.5]
         [Processed Buffers: Min: 0, Avg: 11.4, Max: 33, Diff: 33, Sum: 159]
      [Scan RS (ms): Min: 0.0, Avg: 0.0, Max: 0.1, Diff: 0.0, Sum: 0.4]
      [Code Root Scanning (ms): Min: 0.0, Avg: 0.0, Max: 0.0, Diff: 0.0, Sum: 0.0]
      [Object Copy (ms): Min: 0.0, Avg: 0.3, Max: 0.4, Diff: 0.4, Sum: 3.9]
      [Termination (ms): Min: 0.0, Avg: 2.7, Max: 3.0, Diff: 3.0, Sum: 37.3]
         [Termination Attempts: Min: 1, Avg: 21.4, Max: 36, Diff: 35, Sum: 300]
      [GC Worker Other (ms): Min: 0.0, Avg: 0.0, Max: 0.0, Diff: 0.0, Sum: 0.1]
      [GC Worker Total (ms): Min: 3.6, Avg: 3.8, Max: 3.9, Diff: 0.3, Sum: 52.7]
      [GC Worker End (ms): Min: 75238257.6, Avg: 75238257.6, Max: 75238257.7, Diff: 0.1]
   [Code Root Fixup: 0.0 ms]
   [Code Root Purge: 0.0 ms]
   [Clear CT: 0.5 ms]
   [Other: 5.2 ms]
      [Choose CSet: 0.0 ms]
      [Ref Proc: 4.6 ms]
      [Ref Enq: 0.2 ms]
      [Redirty Cards: 0.2 ms]
      [Humongous Register: 0.0 ms]
      [Humongous Reclaim: 0.0 ms]
      [Free CSet: 0.1 ms]
   [Eden: 7152.0M(7152.0M)->0.0B(7152.0M) Survivors: 16384.0K->16384.0K Heap: 9966.7M(14336.0M)->2814.5M(14336.0M)]
 [Times: user=0.08 sys=0.00, real=0.01 secs] 
2022-11-06T15:34:47.145-0700: 76231.831: [GC pause (G1 Evacuation Pause) (young), 0.0084607 secs]
   [Parallel Time: 3.1 ms, GC Workers: 14]
      [GC Worker Start (ms): Min: 76231831.5, Avg: 76231831.7, Max: 76231831.8, Diff: 0.4]
      [Ext Root Scanning (ms): Min: 0.2, Avg: 0.6, Max: 2.7, Diff: 2.5, Sum: 8.6]
      [Update RS (ms): Min: 0.0, Avg: 0.1, Max: 0.3, Diff: 0.3, Sum: 1.4]
         [Processed Buffers: Min: 0, Avg: 10.7, Max: 30, Diff: 30, Sum: 150]
      [Scan RS (ms): Min: 0.0, Avg: 0.0, Max: 0.1, Diff: 0.1, Sum: 0.5]
      [Code Root Scanning (ms): Min: 0.0, Avg: 0.0, Max: 0.0, Diff: 0.0, Sum: 0.0]
      [Object Copy (ms): Min: 0.0, Avg: 0.3, Max: 0.4, Diff: 0.4, Sum: 3.9]
      [Termination (ms): Min: 0.0, Avg: 1.6, Max: 1.8, Diff: 1.8, Sum: 21.7]
         [Termination Attempts: Min: 1, Avg: 33.3, Max: 48, Diff: 47, Sum: 466]
      [GC Worker Other (ms): Min: 0.0, Avg: 0.0, Max: 0.0, Diff: 0.0, Sum: 0.1]
      [GC Worker Total (ms): Min: 2.4, Avg: 2.6, Max: 2.8, Diff: 0.4, Sum: 36.3]
      [GC Worker End (ms): Min: 76231834.2, Avg: 76231834.3, Max: 76231834.4, Diff: 0.1]
   [Code Root Fixup: 0.0 ms]
   [Code Root Purge: 0.0 ms]
   [Clear CT: 0.4 ms]
   [Other: 5.0 ms]
      [Choose CSet: 0.0 ms]
      [Ref Proc: 4.4 ms]
      [Ref Enq: 0.2 ms]
      [Redirty Cards: 0.2 ms]
      [Humongous Register: 0.0 ms]
      [Humongous Reclaim: 0.0 ms]
      [Free CSet: 0.1 ms]
   [Eden: 7152.0M(7152.0M)->0.0B(7152.0M) Survivors: 16384.0K->16384.0K Heap: 9966.5M(14336.0M)->2814.4M(14336.0M)]
 [Times: user=0.05 sys=0.00, real=0.00 secs] 
2022-11-06T15:51:13.595-0700: 77218.281: [GC pause (G1 Evacuation Pause) (young), 0.0101321 secs]
   [Parallel Time: 4.4 ms, GC Workers: 14]
      [GC Worker Start (ms): Min: 77218281.4, Avg: 77218281.6, Max: 77218281.8, Diff: 0.3]
      [Ext Root Scanning (ms): Min: 0.2, Avg: 0.7, Max: 4.0, Diff: 3.7, Sum: 9.2]
      [Update RS (ms): Min: 0.0, Avg: 0.1, Max: 0.3, Diff: 0.3, Sum: 1.7]
         [Processed Buffers: Min: 0, Avg: 11.4, Max: 34, Diff: 34, Sum: 160]
      [Scan RS (ms): Min: 0.0, Avg: 0.0, Max: 0.1, Diff: 0.1, Sum: 0.4]
      [Code Root Scanning (ms): Min: 0.0, Avg: 0.0, Max: 0.0, Diff: 0.0, Sum: 0.0]
      [Object Copy (ms): Min: 0.0, Avg: 0.3, Max: 0.4, Diff: 0.4, Sum: 4.5]
      [Termination (ms): Min: 0.0, Avg: 2.7, Max: 3.0, Diff: 3.0, Sum: 37.9]
         [Termination Attempts: Min: 1, Avg: 16.4, Max: 27, Diff: 26, Sum: 229]
      [GC Worker Other (ms): Min: 0.0, Avg: 0.0, Max: 0.0, Diff: 0.0, Sum: 0.1]
      [GC Worker Total (ms): Min: 3.6, Avg: 3.8, Max: 4.0, Diff: 0.4, Sum: 53.8]
      [GC Worker End (ms): Min: 77218285.4, Avg: 77218285.4, Max: 77218285.5, Diff: 0.1]
   [Code Root Fixup: 0.0 ms]
   [Code Root Purge: 0.0 ms]
   [Clear CT: 0.4 ms]
   [Other: 5.3 ms]
      [Choose CSet: 0.0 ms]
      [Ref Proc: 4.7 ms]
      [Ref Enq: 0.2 ms]
      [Redirty Cards: 0.2 ms]
      [Humongous Register: 0.0 ms]
      [Humongous Reclaim: 0.0 ms]
      [Free CSet: 0.1 ms]
   [Eden: 7152.0M(7152.0M)->0.0B(7152.0M) Survivors: 16384.0K->16384.0K Heap: 9966.4M(14336.0M)->2814.7M(14336.0M)]
 [Times: user=0.08 sys=0.00, real=0.01 secs] 
2022-11-06T16:07:38.346-0700: 78203.032: [GC pause (G1 Evacuation Pause) (young), 0.0107145 secs]
   [Parallel Time: 4.3 ms, GC Workers: 14]
      [GC Worker Start (ms): Min: 78203031.8, Avg: 78203032.0, Max: 78203032.2, Diff: 0.3]
      [Ext Root Scanning (ms): Min: 0.2, Avg: 0.7, Max: 3.7, Diff: 3.5, Sum: 9.5]
      [Update RS (ms): Min: 0.0, Avg: 0.1, Max: 0.3, Diff: 0.3, Sum: 1.3]
         [Processed Buffers: Min: 0, Avg: 11.6, Max: 35, Diff: 35, Sum: 163]
      [Scan RS (ms): Min: 0.0, Avg: 0.0, Max: 0.1, Diff: 0.1, Sum: 0.5]
      [Code Root Scanning (ms): Min: 0.0, Avg: 0.0, Max: 0.0, Diff: 0.0, Sum: 0.0]
      [Object Copy (ms): Min: 0.0, Avg: 0.3, Max: 0.4, Diff: 0.4, Sum: 3.9]
      [Termination (ms): Min: 0.0, Avg: 2.5, Max: 2.9, Diff: 2.9, Sum: 35.5]
         [Termination Attempts: Min: 1, Avg: 30.1, Max: 42, Diff: 41, Sum: 421]
      [GC Worker Other (ms): Min: 0.0, Avg: 0.0, Max: 0.0, Diff: 0.0, Sum: 0.1]
      [GC Worker Total (ms): Min: 3.4, Avg: 3.6, Max: 3.8, Diff: 0.3, Sum: 50.8]
      [GC Worker End (ms): Min: 78203035.6, Avg: 78203035.6, Max: 78203035.7, Diff: 0.1]
   [Code Root Fixup: 0.0 ms]
   [Code Root Purge: 0.0 ms]
   [Clear CT: 0.5 ms]
   [Other: 6.0 ms]
      [Choose CSet: 0.0 ms]
      [Ref Proc: 5.4 ms]
      [Ref Enq: 0.2 ms]
      [Redirty Cards: 0.2 ms]
      [Humongous Register: 0.0 ms]
      [Humongous Reclaim: 0.0 ms]
      [Free CSet: 0.1 ms]
   [Eden: 7152.0M(7152.0M)->0.0B(7152.0M) Survivors: 16384.0K->16384.0K Heap: 9966.7M(14336.0M)->2814.4M(14336.0M)]
 [Times: user=0.07 sys=0.00, real=0.01 secs] 
2022-11-06T16:23:59.545-0700: 79184.231: [GC pause (G1 Evacuation Pause) (young), 0.0100528 secs]
   [Parallel Time: 3.2 ms, GC Workers: 14]
      [GC Worker Start (ms): Min: 79184231.3, Avg: 79184231.5, Max: 79184231.8, Diff: 0.4]
      [Ext Root Scanning (ms): Min: 0.2, Avg: 0.6, Max: 2.8, Diff: 2.6, Sum: 8.3]
      [Update RS (ms): Min: 0.0, Avg: 0.1, Max: 0.4, Diff: 0.4, Sum: 1.7]
         [Processed Buffers: Min: 0, Avg: 11.5, Max: 27, Diff: 27, Sum: 161]
      [Scan RS (ms): Min: 0.0, Avg: 0.0, Max: 0.1, Diff: 0.1, Sum: 0.5]
      [Code Root Scanning (ms): Min: 0.0, Avg: 0.0, Max: 0.0, Diff: 0.0, Sum: 0.0]
      [Object Copy (ms): Min: 0.0, Avg: 0.3, Max: 0.3, Diff: 0.3, Sum: 3.5]
      [Termination (ms): Min: 0.0, Avg: 1.6, Max: 1.8, Diff: 1.8, Sum: 22.4]
         [Termination Attempts: Min: 1, Avg: 16.1, Max: 27, Diff: 26, Sum: 225]
      [GC Worker Other (ms): Min: 0.0, Avg: 0.0, Max: 0.0, Diff: 0.0, Sum: 0.1]
      [GC Worker Total (ms): Min: 2.4, Avg: 2.6, Max: 2.8, Diff: 0.4, Sum: 36.6]
      [GC Worker End (ms): Min: 79184234.1, Avg: 79184234.2, Max: 79184234.2, Diff: 0.0]
   [Code Root Fixup: 0.0 ms]
   [Code Root Purge: 0.0 ms]
   [Clear CT: 0.4 ms]
   [Other: 6.5 ms]
      [Choose CSet: 0.0 ms]
      [Ref Proc: 5.8 ms]
      [Ref Enq: 0.2 ms]
      [Redirty Cards: 0.3 ms]
      [Humongous Register: 0.0 ms]
      [Humongous Reclaim: 0.0 ms]
      [Free CSet: 0.1 ms]
   [Eden: 7152.0M(7152.0M)->0.0B(7152.0M) Survivors: 16384.0K->16384.0K Heap: 9966.4M(14336.0M)->2814.6M(14336.0M)]
 [Times: user=0.06 sys=0.00, real=0.01 secs] 
2022-11-06T16:40:20.245-0700: 80164.932: [GC pause (G1 Evacuation Pause) (young), 0.0114309 secs]
   [Parallel Time: 4.5 ms, GC Workers: 14]
      [GC Worker Start (ms): Min: 80164931.6, Avg: 80164931.8, Max: 80164931.9, Diff: 0.3]
      [Ext Root Scanning (ms): Min: 0.3, Avg: 0.7, Max: 4.0, Diff: 3.7, Sum: 9.8]
      [Update RS (ms): Min: 0.0, Avg: 0.1, Max: 0.3, Diff: 0.3, Sum: 1.4]
         [Processed Buffers: Min: 0, Avg: 11.9, Max: 37, Diff: 37, Sum: 166]
      [Scan RS (ms): Min: 0.0, Avg: 0.0, Max: 0.1, Diff: 0.0, Sum: 0.5]
      [Code Root Scanning (ms): Min: 0.0, Avg: 0.0, Max: 0.0, Diff: 0.0, Sum: 0.0]
      [Object Copy (ms): Min: 0.0, Avg: 0.3, Max: 0.4, Diff: 0.4, Sum: 4.0]
      [Termination (ms): Min: 0.0, Avg: 2.7, Max: 3.0, Diff: 3.0, Sum: 38.3]
         [Termination Attempts: Min: 1, Avg: 36.1, Max: 57, Diff: 56, Sum: 505]
      [GC Worker Other (ms): Min: 0.0, Avg: 0.0, Max: 0.0, Diff: 0.0, Sum: 0.1]
      [GC Worker Total (ms): Min: 3.7, Avg: 3.9, Max: 4.1, Diff: 0.3, Sum: 54.1]
      [GC Worker End (ms): Min: 80164935.6, Avg: 80164935.6, Max: 80164935.7, Diff: 0.1]
   [Code Root Fixup: 0.0 ms]
   [Code Root Purge: 0.0 ms]
   [Clear CT: 0.3 ms]
   [Other: 6.6 ms]
      [Choose CSet: 0.0 ms]
      [Ref Proc: 5.9 ms]
      [Ref Enq: 0.3 ms]
      [Redirty Cards: 0.2 ms]
      [Humongous Register: 0.0 ms]
      [Humongous Reclaim: 0.0 ms]
      [Free CSet: 0.1 ms]
   [Eden: 7152.0M(7152.0M)->0.0B(7152.0M) Survivors: 16384.0K->16384.0K Heap: 9966.6M(14336.0M)->2814.9M(14336.0M)]
 [Times: user=0.08 sys=0.00, real=0.01 secs] 
2022-11-06T16:56:48.245-0700: 81152.931: [GC pause (G1 Evacuation Pause) (young), 0.0105333 secs]
   [Parallel Time: 4.4 ms, GC Workers: 14]
      [GC Worker Start (ms): Min: 81152931.6, Avg: 81152931.8, Max: 81152932.0, Diff: 0.4]
      [Ext Root Scanning (ms): Min: 0.2, Avg: 0.6, Max: 3.9, Diff: 3.7, Sum: 9.0]
      [Update RS (ms): Min: 0.0, Avg: 0.1, Max: 0.3, Diff: 0.3, Sum: 1.4]
         [Processed Buffers: Min: 0, Avg: 11.9, Max: 45, Diff: 45, Sum: 166]
      [Scan RS (ms): Min: 0.0, Avg: 0.0, Max: 0.1, Diff: 0.1, Sum: 0.6]
      [Code Root Scanning (ms): Min: 0.0, Avg: 0.0, Max: 0.0, Diff: 0.0, Sum: 0.0]
      [Object Copy (ms): Min: 0.0, Avg: 0.3, Max: 0.3, Diff: 0.3, Sum: 3.7]
      [Termination (ms): Min: 0.0, Avg: 2.7, Max: 2.9, Diff: 2.9, Sum: 37.4]
         [Termination Attempts: Min: 1, Avg: 15.1, Max: 23, Diff: 22, Sum: 211]
      [GC Worker Other (ms): Min: 0.0, Avg: 0.0, Max: 0.0, Diff: 0.0, Sum: 0.1]
      [GC Worker Total (ms): Min: 3.5, Avg: 3.7, Max: 3.9, Diff: 0.4, Sum: 52.1]
      [GC Worker End (ms): Min: 81152935.5, Avg: 81152935.5, Max: 81152935.6, Diff: 0.1]
   [Code Root Fixup: 0.0 ms]
   [Code Root Purge: 0.0 ms]
   [Clear CT: 0.2 ms]
   [Other: 5.8 ms]
      [Choose CSet: 0.0 ms]
      [Ref Proc: 5.2 ms]
      [Ref Enq: 0.3 ms]
      [Redirty Cards: 0.2 ms]
      [Humongous Register: 0.0 ms]
      [Humongous Reclaim: 0.0 ms]
      [Free CSet: 0.1 ms]
   [Eden: 7152.0M(7152.0M)->0.0B(7152.0M) Survivors: 16384.0K->16384.0K Heap: 9966.9M(14336.0M)->2814.7M(14336.0M)]
 [Times: user=0.08 sys=0.00, real=0.01 secs] 
2022-11-06T17:13:20.395-0700: 82145.081: [GC pause (G1 Evacuation Pause) (young), 0.0098361 secs]
   [Parallel Time: 4.4 ms, GC Workers: 14]
      [GC Worker Start (ms): Min: 82145081.1, Avg: 82145081.3, Max: 82145081.4, Diff: 0.3]
      [Ext Root Scanning (ms): Min: 0.2, Avg: 0.7, Max: 4.0, Diff: 3.8, Sum: 9.4]
      [Update RS (ms): Min: 0.0, Avg: 0.1, Max: 0.3, Diff: 0.3, Sum: 1.4]
         [Processed Buffers: Min: 0, Avg: 11.1, Max: 29, Diff: 29, Sum: 155]
      [Scan RS (ms): Min: 0.0, Avg: 0.0, Max: 0.0, Diff: 0.0, Sum: 0.5]
      [Code Root Scanning (ms): Min: 0.0, Avg: 0.0, Max: 0.0, Diff: 0.0, Sum: 0.0]
      [Object Copy (ms): Min: 0.0, Avg: 0.3, Max: 0.4, Diff: 0.4, Sum: 4.1]
      [Termination (ms): Min: 0.0, Avg: 2.8, Max: 3.1, Diff: 3.1, Sum: 39.4]
         [Termination Attempts: Min: 1, Avg: 15.0, Max: 28, Diff: 27, Sum: 210]
      [GC Worker Other (ms): Min: 0.0, Avg: 0.0, Max: 0.0, Diff: 0.0, Sum: 0.1]
      [GC Worker Total (ms): Min: 3.8, Avg: 3.9, Max: 4.0, Diff: 0.3, Sum: 54.9]
      [GC Worker End (ms): Min: 82145085.2, Avg: 82145085.2, Max: 82145085.3, Diff: 0.1]
   [Code Root Fixup: 0.0 ms]
   [Code Root Purge: 0.0 ms]
   [Clear CT: 0.3 ms]
   [Other: 5.1 ms]
      [Choose CSet: 0.0 ms]
      [Ref Proc: 4.3 ms]
      [Ref Enq: 0.4 ms]
      [Redirty Cards: 0.2 ms]
      [Humongous Register: 0.0 ms]
      [Humongous Reclaim: 0.0 ms]
      [Free CSet: 0.1 ms]
   [Eden: 7152.0M(7152.0M)->0.0B(7152.0M) Survivors: 16384.0K->16384.0K Heap: 9966.7M(14336.0M)->2814.5M(14336.0M)]
 [Times: user=0.08 sys=0.00, real=0.01 secs] 
2022-11-06T17:29:34.946-0700: 83119.632: [GC pause (G1 Evacuation Pause) (young), 0.0100171 secs]
   [Parallel Time: 4.6 ms, GC Workers: 14]
      [GC Worker Start (ms): Min: 83119632.0, Avg: 83119632.1, Max: 83119632.3, Diff: 0.3]
      [Ext Root Scanning (ms): Min: 0.3, Avg: 0.7, Max: 4.1, Diff: 3.8, Sum: 9.3]
      [Update RS (ms): Min: 0.0, Avg: 0.1, Max: 0.3, Diff: 0.3, Sum: 1.5]
         [Processed Buffers: Min: 0, Avg: 11.1, Max: 42, Diff: 42, Sum: 156]
      [Scan RS (ms): Min: 0.0, Avg: 0.0, Max: 0.0, Diff: 0.0, Sum: 0.4]
      [Code Root Scanning (ms): Min: 0.0, Avg: 0.0, Max: 0.0, Diff: 0.0, Sum: 0.0]
      [Object Copy (ms): Min: 0.0, Avg: 0.3, Max: 0.4, Diff: 0.4, Sum: 3.7]
      [Termination (ms): Min: 0.0, Avg: 2.9, Max: 3.2, Diff: 3.2, Sum: 40.2]
         [Termination Attempts: Min: 1, Avg: 15.1, Max: 26, Diff: 25, Sum: 212]
      [GC Worker Other (ms): Min: 0.0, Avg: 0.0, Max: 0.0, Diff: 0.0, Sum: 0.1]
      [GC Worker Total (ms): Min: 3.8, Avg: 3.9, Max: 4.1, Diff: 0.3, Sum: 55.2]
      [GC Worker End (ms): Min: 83119636.0, Avg: 83119636.1, Max: 83119636.2, Diff: 0.1]
   [Code Root Fixup: 0.0 ms]
   [Code Root Purge: 0.0 ms]
   [Clear CT: 0.4 ms]
   [Other: 5.0 ms]
      [Choose CSet: 0.0 ms]
      [Ref Proc: 4.4 ms]
      [Ref Enq: 0.2 ms]
      [Redirty Cards: 0.2 ms]
      [Humongous Register: 0.0 ms]
      [Humongous Reclaim: 0.0 ms]
      [Free CSet: 0.1 ms]
   [Eden: 7152.0M(7152.0M)->0.0B(7152.0M) Survivors: 16384.0K->16384.0K Heap: 9966.5M(14336.0M)->2814.7M(14336.0M)]
 [Times: user=0.08 sys=0.00, real=0.01 secs] 
2022-11-06T17:46:00.995-0700: 84105.682: [GC pause (G1 Evacuation Pause) (young), 0.0096054 secs]
   [Parallel Time: 3.2 ms, GC Workers: 14]
      [GC Worker Start (ms): Min: 84105681.6, Avg: 84105681.8, Max: 84105682.0, Diff: 0.4]
      [Ext Root Scanning (ms): Min: 0.2, Avg: 0.6, Max: 2.6, Diff: 2.4, Sum: 8.1]
      [Update RS (ms): Min: 0.0, Avg: 0.1, Max: 0.3, Diff: 0.3, Sum: 1.4]
         [Processed Buffers: Min: 0, Avg: 11.8, Max: 33, Diff: 33, Sum: 165]
      [Scan RS (ms): Min: 0.0, Avg: 0.0, Max: 0.1, Diff: 0.1, Sum: 0.5]
      [Code Root Scanning (ms): Min: 0.0, Avg: 0.0, Max: 0.0, Diff: 0.0, Sum: 0.0]
      [Object Copy (ms): Min: 0.0, Avg: 0.4, Max: 0.5, Diff: 0.5, Sum: 5.0]
      [Termination (ms): Min: 0.0, Avg: 1.4, Max: 1.6, Diff: 1.6, Sum: 19.6]
         [Termination Attempts: Min: 1, Avg: 46.9, Max: 64, Diff: 63, Sum: 657]
      [GC Worker Other (ms): Min: 0.0, Avg: 0.0, Max: 0.0, Diff: 0.0, Sum: 0.1]
      [GC Worker Total (ms): Min: 2.2, Avg: 2.5, Max: 2.7, Diff: 0.4, Sum: 34.7]
      [GC Worker End (ms): Min: 84105684.2, Avg: 84105684.3, Max: 84105684.3, Diff: 0.1]
   [Code Root Fixup: 0.0 ms]
   [Code Root Purge: 0.0 ms]
   [Clear CT: 0.2 ms]
   [Other: 6.2 ms]
      [Choose CSet: 0.0 ms]
      [Ref Proc: 5.5 ms]
      [Ref Enq: 0.4 ms]
      [Redirty Cards: 0.2 ms]
      [Humongous Register: 0.0 ms]
      [Humongous Reclaim: 0.0 ms]
      [Free CSet: 0.1 ms]
   [Eden: 7152.0M(7152.0M)->0.0B(7152.0M) Survivors: 16384.0K->16384.0K Heap: 9966.7M(14336.0M)->2814.5M(14336.0M)]
 [Times: user=0.06 sys=0.00, real=0.01 secs] 
2022-11-06T18:02:30.845-0700: 85095.532: [GC pause (G1 Evacuation Pause) (young), 0.0104629 secs]
   [Parallel Time: 4.3 ms, GC Workers: 14]
      [GC Worker Start (ms): Min: 85095531.6, Avg: 85095531.8, Max: 85095531.9, Diff: 0.3]
      [Ext Root Scanning (ms): Min: 0.2, Avg: 0.7, Max: 3.8, Diff: 3.5, Sum: 9.3]
      [Update RS (ms): Min: 0.0, Avg: 0.1, Max: 0.3, Diff: 0.3, Sum: 1.7]
         [Processed Buffers: Min: 0, Avg: 11.7, Max: 31, Diff: 31, Sum: 164]
      [Scan RS (ms): Min: 0.0, Avg: 0.0, Max: 0.1, Diff: 0.1, Sum: 0.5]
      [Code Root Scanning (ms): Min: 0.0, Avg: 0.0, Max: 0.0, Diff: 0.0, Sum: 0.0]
      [Object Copy (ms): Min: 0.0, Avg: 0.3, Max: 0.4, Diff: 0.4, Sum: 3.9]
      [Termination (ms): Min: 0.0, Avg: 2.6, Max: 2.9, Diff: 2.9, Sum: 36.1]
         [Termination Attempts: Min: 1, Avg: 29.4, Max: 50, Diff: 49, Sum: 411]
      [GC Worker Other (ms): Min: 0.0, Avg: 0.0, Max: 0.0, Diff: 0.0, Sum: 0.1]
      [GC Worker Total (ms): Min: 3.5, Avg: 3.7, Max: 3.8, Diff: 0.3, Sum: 51.4]
      [GC Worker End (ms): Min: 85095535.4, Avg: 85095535.4, Max: 85095535.5, Diff: 0.1]
   [Code Root Fixup: 0.0 ms]
   [Code Root Purge: 0.0 ms]
   [Clear CT: 0.2 ms]
   [Other: 5.9 ms]
      [Choose CSet: 0.0 ms]
      [Ref Proc: 5.2 ms]
      [Ref Enq: 0.4 ms]
      [Redirty Cards: 0.2 ms]
      [Humongous Register: 0.0 ms]
      [Humongous Reclaim: 0.0 ms]
      [Free CSet: 0.1 ms]
   [Eden: 7152.0M(7152.0M)->0.0B(7152.0M) Survivors: 16384.0K->16384.0K Heap: 9966.5M(14336.0M)->2814.8M(14336.0M)]
 [Times: user=0.07 sys=0.00, real=0.01 secs] 
2022-11-06T18:18:57.946-0700: 86082.632: [GC pause (G1 Evacuation Pause) (young), 0.0117894 secs]
   [Parallel Time: 4.7 ms, GC Workers: 14]
      [GC Worker Start (ms): Min: 86082632.2, Avg: 86082632.3, Max: 86082632.5, Diff: 0.3]
      [Ext Root Scanning (ms): Min: 0.2, Avg: 0.7, Max: 3.9, Diff: 3.7, Sum: 9.3]
      [Update RS (ms): Min: 0.0, Avg: 0.1, Max: 0.3, Diff: 0.3, Sum: 1.5]
         [Processed Buffers: Min: 0, Avg: 11.6, Max: 38, Diff: 38, Sum: 163]
      [Scan RS (ms): Min: 0.0, Avg: 0.0, Max: 0.1, Diff: 0.1, Sum: 0.6]
      [Code Root Scanning (ms): Min: 0.0, Avg: 0.0, Max: 0.0, Diff: 0.0, Sum: 0.0]
      [Object Copy (ms): Min: 0.0, Avg: 0.3, Max: 0.4, Diff: 0.4, Sum: 4.1]
      [Termination (ms): Min: 0.0, Avg: 2.7, Max: 3.0, Diff: 3.0, Sum: 38.0]
         [Termination Attempts: Min: 1, Avg: 34.7, Max: 47, Diff: 46, Sum: 486]
      [GC Worker Other (ms): Min: 0.0, Avg: 0.0, Max: 0.0, Diff: 0.0, Sum: 0.1]
      [GC Worker Total (ms): Min: 3.6, Avg: 3.8, Max: 4.0, Diff: 0.3, Sum: 53.5]
      [GC Worker End (ms): Min: 86082636.1, Avg: 86082636.1, Max: 86082636.1, Diff: 0.1]
   [Code Root Fixup: 0.0 ms]
   [Code Root Purge: 0.0 ms]
   [Clear CT: 0.4 ms]
   [Other: 6.7 ms]
      [Choose CSet: 0.0 ms]
      [Ref Proc: 6.0 ms]
      [Ref Enq: 0.3 ms]
      [Redirty Cards: 0.2 ms]
      [Humongous Register: 0.0 ms]
      [Humongous Reclaim: 0.0 ms]
      [Free CSet: 0.2 ms]
   [Eden: 7152.0M(7152.0M)->0.0B(7152.0M) Survivors: 16384.0K->16384.0K Heap: 9966.8M(14336.0M)->2814.6M(14336.0M)]
 [Times: user=0.08 sys=0.00, real=0.01 secs] 
2022-11-06T18:35:20.402-0700: 87065.089: [GC pause (G1 Evacuation Pause) (young), 0.0102602 secs]
   [Parallel Time: 4.1 ms, GC Workers: 14]
      [GC Worker Start (ms): Min: 87065088.9, Avg: 87065089.0, Max: 87065089.2, Diff: 0.3]
      [Ext Root Scanning (ms): Min: 0.2, Avg: 0.7, Max: 4.0, Diff: 3.7, Sum: 9.5]
      [Update RS (ms): Min: 0.0, Avg: 0.1, Max: 0.3, Diff: 0.3, Sum: 1.7]
         [Processed Buffers: Min: 0, Avg: 11.9, Max: 38, Diff: 38, Sum: 167]
      [Scan RS (ms): Min: 0.0, Avg: 0.0, Max: 0.1, Diff: 0.1, Sum: 0.4]
      [Code Root Scanning (ms): Min: 0.0, Avg: 0.0, Max: 0.1, Diff: 0.1, Sum: 0.1]
      [Object Copy (ms): Min: 0.0, Avg: 1.3, Max: 1.5, Diff: 1.5, Sum: 18.0]
      [Termination (ms): Min: 0.0, Avg: 1.7, Max: 1.9, Diff: 1.9, Sum: 23.5]
         [Termination Attempts: Min: 1, Avg: 225.6, Max: 277, Diff: 276, Sum: 3158]
      [GC Worker Other (ms): Min: 0.0, Avg: 0.0, Max: 0.0, Diff: 0.0, Sum: 0.1]
      [GC Worker Total (ms): Min: 3.7, Avg: 3.8, Max: 4.0, Diff: 0.3, Sum: 53.4]
      [GC Worker End (ms): Min: 87065092.8, Avg: 87065092.9, Max: 87065092.9, Diff: 0.1]
   [Code Root Fixup: 0.0 ms]
   [Code Root Purge: 0.0 ms]
   [Clear CT: 0.4 ms]
   [Other: 5.8 ms]
      [Choose CSet: 0.0 ms]
      [Ref Proc: 4.9 ms]
      [Ref Enq: 0.3 ms]
      [Redirty Cards: 0.2 ms]
      [Humongous Register: 0.0 ms]
      [Humongous Reclaim: 0.0 ms]
      [Free CSet: 0.1 ms]
   [Eden: 7152.0M(7152.0M)->0.0B(7152.0M) Survivors: 16384.0K->16384.0K Heap: 9966.6M(14336.0M)->2818.4M(14336.0M)]
 [Times: user=0.08 sys=0.00, real=0.01 secs] 
2022-11-06T18:51:36.895-0700: 88041.581: [GC pause (G1 Evacuation Pause) (young), 0.0101754 secs]
   [Parallel Time: 4.4 ms, GC Workers: 14]
      [GC Worker Start (ms): Min: 88041581.5, Avg: 88041581.8, Max: 88041581.9, Diff: 0.3]
      [Ext Root Scanning (ms): Min: 0.3, Avg: 0.7, Max: 3.8, Diff: 3.6, Sum: 9.3]
      [Update RS (ms): Min: 0.0, Avg: 0.1, Max: 0.3, Diff: 0.3, Sum: 1.6]
         [Processed Buffers: Min: 0, Avg: 11.5, Max: 39, Diff: 39, Sum: 161]
      [Scan RS (ms): Min: 0.0, Avg: 0.0, Max: 0.0, Diff: 0.0, Sum: 0.4]
      [Code Root Scanning (ms): Min: 0.0, Avg: 0.0, Max: 0.1, Diff: 0.1, Sum: 0.1]
      [Object Copy (ms): Min: 0.0, Avg: 0.1, Max: 0.2, Diff: 0.2, Sum: 2.1]
      [Termination (ms): Min: 0.0, Avg: 2.7, Max: 3.0, Diff: 3.0, Sum: 37.8]
         [Termination Attempts: Min: 1, Avg: 5.1, Max: 9, Diff: 8, Sum: 72]
      [GC Worker Other (ms): Min: 0.0, Avg: 0.0, Max: 0.0, Diff: 0.0, Sum: 0.1]
      [GC Worker Total (ms): Min: 3.6, Avg: 3.7, Max: 3.9, Diff: 0.3, Sum: 51.3]
      [GC Worker End (ms): Min: 88041585.4, Avg: 88041585.4, Max: 88041585.5, Diff: 0.1]
   [Code Root Fixup: 0.0 ms]
   [Code Root Purge: 0.0 ms]
   [Clear CT: 0.3 ms]
   [Other: 5.4 ms]
      [Choose CSet: 0.0 ms]
      [Ref Proc: 4.9 ms]
      [Ref Enq: 0.2 ms]
      [Redirty Cards: 0.2 ms]
      [Humongous Register: 0.0 ms]
      [Humongous Reclaim: 0.0 ms]
      [Free CSet: 0.1 ms]
   [Eden: 7152.0M(7152.0M)->0.0B(7152.0M) Survivors: 16384.0K->16384.0K Heap: 9970.4M(14336.0M)->2819.3M(14336.0M)]
 [Times: user=0.07 sys=0.00, real=0.01 secs] 
2022-11-06T19:07:54.103-0700: 89018.789: [GC pause (G1 Evacuation Pause) (young), 0.0100426 secs]
   [Parallel Time: 4.2 ms, GC Workers: 14]
      [GC Worker Start (ms): Min: 89018789.5, Avg: 89018789.6, Max: 89018789.8, Diff: 0.3]
      [Ext Root Scanning (ms): Min: 0.2, Avg: 0.6, Max: 3.7, Diff: 3.5, Sum: 8.3]
      [Update RS (ms): Min: 0.0, Avg: 0.2, Max: 0.3, Diff: 0.3, Sum: 2.1]
         [Processed Buffers: Min: 0, Avg: 11.0, Max: 63, Diff: 63, Sum: 154]
      [Scan RS (ms): Min: 0.0, Avg: 0.0, Max: 0.1, Diff: 0.1, Sum: 0.4]
      [Code Root Scanning (ms): Min: 0.0, Avg: 0.0, Max: 0.0, Diff: 0.0, Sum: 0.0]
      [Object Copy (ms): Min: 0.0, Avg: 0.3, Max: 0.4, Diff: 0.4, Sum: 4.3]
      [Termination (ms): Min: 0.0, Avg: 2.6, Max: 2.9, Diff: 2.9, Sum: 35.7]
         [Termination Attempts: Min: 1, Avg: 39.2, Max: 50, Diff: 49, Sum: 549]
      [GC Worker Other (ms): Min: 0.0, Avg: 0.0, Max: 0.0, Diff: 0.0, Sum: 0.1]
      [GC Worker Total (ms): Min: 3.5, Avg: 3.6, Max: 3.8, Diff: 0.3, Sum: 50.9]
      [GC Worker End (ms): Min: 89018793.2, Avg: 89018793.2, Max: 89018793.3, Diff: 0.1]
   [Code Root Fixup: 0.0 ms]
   [Code Root Purge: 0.0 ms]
   [Clear CT: 0.2 ms]
   [Other: 5.6 ms]
      [Choose CSet: 0.0 ms]
      [Ref Proc: 4.9 ms]
      [Ref Enq: 0.3 ms]
      [Redirty Cards: 0.2 ms]
      [Humongous Register: 0.0 ms]
      [Humongous Reclaim: 0.0 ms]
      [Free CSet: 0.1 ms]
   [Eden: 7152.0M(7152.0M)->0.0B(7152.0M) Survivors: 16384.0K->16384.0K Heap: 9971.3M(14336.0M)->2815.7M(14336.0M)]
 [Times: user=0.07 sys=0.00, real=0.00 secs] 
2022-11-06T19:24:03.430-0700: 89988.116: [GC pause (G1 Evacuation Pause) (young), 0.0118185 secs]
   [Parallel Time: 4.5 ms, GC Workers: 14]
      [GC Worker Start (ms): Min: 89988116.0, Avg: 89988116.3, Max: 89988116.5, Diff: 0.4]
      [Ext Root Scanning (ms): Min: 0.2, Avg: 0.7, Max: 3.8, Diff: 3.6, Sum: 9.5]
      [Update RS (ms): Min: 0.0, Avg: 0.1, Max: 0.3, Diff: 0.3, Sum: 1.4]
         [Processed Buffers: Min: 0, Avg: 11.1, Max: 31, Diff: 31, Sum: 156]
      [Scan RS (ms): Min: 0.0, Avg: 0.0, Max: 0.1, Diff: 0.0, Sum: 0.5]
      [Code Root Scanning (ms): Min: 0.0, Avg: 0.0, Max: 0.0, Diff: 0.0, Sum: 0.0]
      [Object Copy (ms): Min: 0.0, Avg: 0.2, Max: 0.3, Diff: 0.3, Sum: 3.1]
      [Termination (ms): Min: 0.0, Avg: 2.6, Max: 2.8, Diff: 2.8, Sum: 35.8]
         [Termination Attempts: Min: 1, Avg: 9.7, Max: 18, Diff: 17, Sum: 136]
      [GC Worker Other (ms): Min: 0.0, Avg: 0.0, Max: 0.0, Diff: 0.0, Sum: 0.1]
      [GC Worker Total (ms): Min: 3.4, Avg: 3.6, Max: 3.8, Diff: 0.5, Sum: 50.3]
      [GC Worker End (ms): Min: 89988119.8, Avg: 89988119.9, Max: 89988119.9, Diff: 0.1]
   [Code Root Fixup: 0.0 ms]
   [Code Root Purge: 0.0 ms]
   [Clear CT: 0.4 ms]
   [Other: 6.9 ms]
      [Choose CSet: 0.0 ms]
      [Ref Proc: 6.2 ms]
      [Ref Enq: 0.2 ms]
      [Redirty Cards: 0.2 ms]
      [Humongous Register: 0.0 ms]
      [Humongous Reclaim: 0.0 ms]
      [Free CSet: 0.2 ms]
   [Eden: 7152.0M(7152.0M)->0.0B(7152.0M) Survivors: 16384.0K->16384.0K Heap: 9967.7M(14336.0M)->2815.1M(14336.0M)]
 [Times: user=0.08 sys=0.00, real=0.01 secs] 
2022-11-06T19:40:36.146-0700: 90980.832: [GC pause (G1 Evacuation Pause) (young), 0.0100149 secs]
   [Parallel Time: 4.1 ms, GC Workers: 14]
      [GC Worker Start (ms): Min: 90980831.8, Avg: 90980832.0, Max: 90980832.1, Diff: 0.3]
      [Ext Root Scanning (ms): Min: 0.2, Avg: 0.7, Max: 3.8, Diff: 3.6, Sum: 9.4]
      [Update RS (ms): Min: 0.0, Avg: 0.1, Max: 0.3, Diff: 0.3, Sum: 1.4]
         [Processed Buffers: Min: 0, Avg: 10.4, Max: 40, Diff: 40, Sum: 146]
      [Scan RS (ms): Min: 0.0, Avg: 0.0, Max: 0.1, Diff: 0.1, Sum: 0.6]
      [Code Root Scanning (ms): Min: 0.0, Avg: 0.0, Max: 0.0, Diff: 0.0, Sum: 0.0]
      [Object Copy (ms): Min: 0.0, Avg: 0.3, Max: 0.3, Diff: 0.3, Sum: 3.7]
      [Termination (ms): Min: 0.0, Avg: 2.7, Max: 2.9, Diff: 2.9, Sum: 37.3]
         [Termination Attempts: Min: 1, Avg: 13.1, Max: 24, Diff: 23, Sum: 184]
      [GC Worker Other (ms): Min: 0.0, Avg: 0.0, Max: 0.0, Diff: 0.0, Sum: 0.1]
      [GC Worker Total (ms): Min: 3.6, Avg: 3.7, Max: 3.9, Diff: 0.3, Sum: 52.3]
      [GC Worker End (ms): Min: 90980835.6, Avg: 90980835.7, Max: 90980835.7, Diff: 0.1]
   [Code Root Fixup: 0.0 ms]
   [Code Root Purge: 0.0 ms]
   [Clear CT: 0.4 ms]
   [Other: 5.6 ms]
      [Choose CSet: 0.0 ms]
      [Ref Proc: 4.9 ms]
      [Ref Enq: 0.3 ms]
      [Redirty Cards: 0.2 ms]
      [Humongous Register: 0.0 ms]
      [Humongous Reclaim: 0.0 ms]
      [Free CSet: 0.1 ms]
   [Eden: 7152.0M(7152.0M)->0.0B(7152.0M) Survivors: 16384.0K->16384.0K Heap: 9967.1M(14336.0M)->2814.9M(14336.0M)]
 [Times: user=0.08 sys=0.00, real=0.01 secs] 
2022-11-06T19:57:00.695-0700: 91965.381: [GC pause (G1 Evacuation Pause) (young), 0.0112628 secs]
   [Parallel Time: 3.9 ms, GC Workers: 14]
      [GC Worker Start (ms): Min: 91965381.2, Avg: 91965381.4, Max: 91965381.5, Diff: 0.4]
      [Ext Root Scanning (ms): Min: 0.2, Avg: 0.7, Max: 3.7, Diff: 3.5, Sum: 9.3]
      [Update RS (ms): Min: 0.0, Avg: 0.1, Max: 0.3, Diff: 0.3, Sum: 1.3]
         [Processed Buffers: Min: 0, Avg: 10.9, Max: 38, Diff: 38, Sum: 152]
      [Scan RS (ms): Min: 0.0, Avg: 0.0, Max: 0.1, Diff: 0.0, Sum: 0.4]
      [Code Root Scanning (ms): Min: 0.0, Avg: 0.0, Max: 0.0, Diff: 0.0, Sum: 0.0]
      [Object Copy (ms): Min: 0.0, Avg: 0.3, Max: 0.3, Diff: 0.3, Sum: 3.6]
      [Termination (ms): Min: 0.0, Avg: 2.5, Max: 2.8, Diff: 2.8, Sum: 35.1]
         [Termination Attempts: Min: 1, Avg: 28.4, Max: 45, Diff: 44, Sum: 398]
      [GC Worker Other (ms): Min: 0.0, Avg: 0.0, Max: 0.0, Diff: 0.0, Sum: 0.1]
      [GC Worker Total (ms): Min: 3.4, Avg: 3.6, Max: 3.8, Diff: 0.3, Sum: 49.8]
      [GC Worker End (ms): Min: 91965385.0, Avg: 91965385.0, Max: 91965385.0, Diff: 0.0]
   [Code Root Fixup: 0.0 ms]
   [Code Root Purge: 0.0 ms]
   [Clear CT: 0.4 ms]
   [Other: 7.0 ms]
      [Choose CSet: 0.0 ms]
      [Ref Proc: 6.3 ms]
      [Ref Enq: 0.2 ms]
      [Redirty Cards: 0.2 ms]
      [Humongous Register: 0.0 ms]
      [Humongous Reclaim: 0.0 ms]
      [Free CSet: 0.2 ms]
   [Eden: 7152.0M(7152.0M)->0.0B(7152.0M) Survivors: 16384.0K->16384.0K Heap: 9966.9M(14336.0M)->2815.2M(14336.0M)]
 [Times: user=0.08 sys=0.00, real=0.01 secs] 
2022-11-06T20:13:20.046-0700: 92944.732: [GC pause (G1 Evacuation Pause) (young), 0.0093282 secs]
   [Parallel Time: 4.1 ms, GC Workers: 14]
      [GC Worker Start (ms): Min: 92944731.8, Avg: 92944731.9, Max: 92944732.1, Diff: 0.3]
      [Ext Root Scanning (ms): Min: 0.2, Avg: 0.7, Max: 3.7, Diff: 3.6, Sum: 9.1]
      [Update RS (ms): Min: 0.0, Avg: 0.1, Max: 0.3, Diff: 0.3, Sum: 1.3]
         [Processed Buffers: Min: 0, Avg: 12.3, Max: 42, Diff: 42, Sum: 172]
      [Scan RS (ms): Min: 0.0, Avg: 0.0, Max: 0.1, Diff: 0.1, Sum: 0.5]
      [Code Root Scanning (ms): Min: 0.0, Avg: 0.0, Max: 0.0, Diff: 0.0, Sum: 0.0]
      [Object Copy (ms): Min: 0.0, Avg: 0.2, Max: 0.3, Diff: 0.3, Sum: 3.2]
      [Termination (ms): Min: 0.0, Avg: 2.7, Max: 3.0, Diff: 3.0, Sum: 37.4]
         [Termination Attempts: Min: 1, Avg: 10.3, Max: 19, Diff: 18, Sum: 144]
      [GC Worker Other (ms): Min: 0.0, Avg: 0.0, Max: 0.0, Diff: 0.0, Sum: 0.1]
      [GC Worker Total (ms): Min: 3.5, Avg: 3.7, Max: 3.8, Diff: 0.3, Sum: 51.5]
      [GC Worker End (ms): Min: 92944735.5, Avg: 92944735.6, Max: 92944735.7, Diff: 0.1]
   [Code Root Fixup: 0.0 ms]
   [Code Root Purge: 0.0 ms]
   [Clear CT: 0.4 ms]
   [Other: 4.8 ms]
      [Choose CSet: 0.0 ms]
      [Ref Proc: 4.3 ms]
      [Ref Enq: 0.2 ms]
      [Redirty Cards: 0.2 ms]
      [Humongous Register: 0.0 ms]
      [Humongous Reclaim: 0.0 ms]
      [Free CSet: 0.1 ms]
   [Eden: 7152.0M(7152.0M)->0.0B(7152.0M) Survivors: 16384.0K->16384.0K Heap: 9967.2M(14336.0M)->2815.0M(14336.0M)]
 [Times: user=0.07 sys=0.00, real=0.01 secs] 
2022-11-06T20:29:42.245-0700: 93926.931: [GC pause (G1 Evacuation Pause) (young), 0.0106556 secs]
   [Parallel Time: 4.3 ms, GC Workers: 14]
      [GC Worker Start (ms): Min: 93926931.1, Avg: 93926931.3, Max: 93926931.4, Diff: 0.3]
      [Ext Root Scanning (ms): Min: 0.2, Avg: 0.6, Max: 3.8, Diff: 3.6, Sum: 8.6]
      [Update RS (ms): Min: 0.0, Avg: 0.1, Max: 0.3, Diff: 0.3, Sum: 1.6]
         [Processed Buffers: Min: 0, Avg: 12.3, Max: 36, Diff: 36, Sum: 172]
      [Scan RS (ms): Min: 0.0, Avg: 0.0, Max: 0.0, Diff: 0.0, Sum: 0.5]
      [Code Root Scanning (ms): Min: 0.0, Avg: 0.0, Max: 0.0, Diff: 0.0, Sum: 0.0]
      [Object Copy (ms): Min: 0.0, Avg: 0.3, Max: 0.3, Diff: 0.3, Sum: 3.9]
      [Termination (ms): Min: 0.0, Avg: 2.7, Max: 3.0, Diff: 3.0, Sum: 38.0]
         [Termination Attempts: Min: 1, Avg: 26.8, Max: 40, Diff: 39, Sum: 375]
      [GC Worker Other (ms): Min: 0.0, Avg: 0.0, Max: 0.0, Diff: 0.0, Sum: 0.1]
      [GC Worker Total (ms): Min: 3.6, Avg: 3.8, Max: 3.9, Diff: 0.4, Sum: 52.6]
      [GC Worker End (ms): Min: 93926935.0, Avg: 93926935.0, Max: 93926935.1, Diff: 0.1]
   [Code Root Fixup: 0.0 ms]
   [Code Root Purge: 0.0 ms]
   [Clear CT: 0.4 ms]
   [Other: 6.0 ms]
      [Choose CSet: 0.0 ms]
      [Ref Proc: 5.3 ms]
      [Ref Enq: 0.3 ms]
      [Redirty Cards: 0.2 ms]
      [Humongous Register: 0.0 ms]
      [Humongous Reclaim: 0.0 ms]
      [Free CSet: 0.1 ms]
   [Eden: 7152.0M(7152.0M)->0.0B(7152.0M) Survivors: 16384.0K->16384.0K Heap: 9967.0M(14336.0M)->2814.9M(14336.0M)]
 [Times: user=0.07 sys=0.00, real=0.01 secs] 
2022-11-06T20:46:10.995-0700: 94915.681: [GC pause (G1 Evacuation Pause) (young), 0.0094325 secs]
   [Parallel Time: 4.3 ms, GC Workers: 14]
      [GC Worker Start (ms): Min: 94915681.3, Avg: 94915681.4, Max: 94915681.5, Diff: 0.3]
      [Ext Root Scanning (ms): Min: 0.2, Avg: 0.6, Max: 3.9, Diff: 3.6, Sum: 9.0]
      [Update RS (ms): Min: 0.0, Avg: 0.1, Max: 0.3, Diff: 0.3, Sum: 1.5]
         [Processed Buffers: Min: 0, Avg: 11.2, Max: 31, Diff: 31, Sum: 157]
      [Scan RS (ms): Min: 0.0, Avg: 0.0, Max: 0.1, Diff: 0.1, Sum: 0.5]
      [Code Root Scanning (ms): Min: 0.0, Avg: 0.0, Max: 0.0, Diff: 0.0, Sum: 0.0]
      [Object Copy (ms): Min: 0.0, Avg: 0.3, Max: 0.4, Diff: 0.4, Sum: 4.4]
      [Termination (ms): Min: 0.0, Avg: 2.7, Max: 3.0, Diff: 3.0, Sum: 38.2]
         [Termination Attempts: Min: 1, Avg: 41.5, Max: 61, Diff: 60, Sum: 581]
      [GC Worker Other (ms): Min: 0.0, Avg: 0.0, Max: 0.0, Diff: 0.0, Sum: 0.1]
      [GC Worker Total (ms): Min: 3.7, Avg: 3.8, Max: 4.0, Diff: 0.3, Sum: 53.6]
      [GC Worker End (ms): Min: 94915685.2, Avg: 94915685.2, Max: 94915685.3, Diff: 0.1]
   [Code Root Fixup: 0.0 ms]
   [Code Root Purge: 0.0 ms]
   [Clear CT: 0.4 ms]
   [Other: 4.7 ms]
      [Choose CSet: 0.0 ms]
      [Ref Proc: 4.1 ms]
      [Ref Enq: 0.2 ms]
      [Redirty Cards: 0.2 ms]
      [Humongous Register: 0.0 ms]
      [Humongous Reclaim: 0.0 ms]
      [Free CSet: 0.2 ms]
   [Eden: 7152.0M(7152.0M)->0.0B(7152.0M) Survivors: 16384.0K->16384.0K Heap: 9966.9M(14336.0M)->2815.2M(14336.0M)]
 [Times: user=0.08 sys=0.00, real=0.01 secs] 
2022-11-06T21:02:31.195-0700: 95895.881: [GC pause (G1 Evacuation Pause) (young), 0.0089936 secs]
   [Parallel Time: 4.2 ms, GC Workers: 14]
      [GC Worker Start (ms): Min: 95895881.3, Avg: 95895881.4, Max: 95895881.5, Diff: 0.3]
      [Ext Root Scanning (ms): Min: 0.2, Avg: 0.6, Max: 3.8, Diff: 3.6, Sum: 8.9]
      [Update RS (ms): Min: 0.0, Avg: 0.1, Max: 0.3, Diff: 0.3, Sum: 1.8]
         [Processed Buffers: Min: 0, Avg: 12.5, Max: 28, Diff: 28, Sum: 175]
      [Scan RS (ms): Min: 0.0, Avg: 0.0, Max: 0.1, Diff: 0.1, Sum: 0.4]
      [Code Root Scanning (ms): Min: 0.0, Avg: 0.0, Max: 0.0, Diff: 0.0, Sum: 0.0]
      [Object Copy (ms): Min: 0.0, Avg: 0.2, Max: 0.3, Diff: 0.3, Sum: 3.3]
      [Termination (ms): Min: 0.0, Avg: 2.7, Max: 2.9, Diff: 2.9, Sum: 37.8]
         [Termination Attempts: Min: 1, Avg: 9.3, Max: 15, Diff: 14, Sum: 130]
      [GC Worker Other (ms): Min: 0.0, Avg: 0.0, Max: 0.0, Diff: 0.0, Sum: 0.1]
      [GC Worker Total (ms): Min: 3.6, Avg: 3.7, Max: 3.9, Diff: 0.3, Sum: 52.3]
      [GC Worker End (ms): Min: 95895885.1, Avg: 95895885.1, Max: 95895885.2, Diff: 0.1]
   [Code Root Fixup: 0.0 ms]
   [Code Root Purge: 0.0 ms]
   [Clear CT: 0.4 ms]
   [Other: 4.4 ms]
      [Choose CSet: 0.0 ms]
      [Ref Proc: 3.7 ms]
      [Ref Enq: 0.2 ms]
      [Redirty Cards: 0.2 ms]
      [Humongous Register: 0.0 ms]
      [Humongous Reclaim: 0.0 ms]
      [Free CSet: 0.2 ms]
   [Eden: 7152.0M(7152.0M)->0.0B(7152.0M) Survivors: 16384.0K->16384.0K Heap: 9967.2M(14336.0M)->2814.9M(14336.0M)]
 [Times: user=0.07 sys=0.00, real=0.01 secs] 
2022-11-06T21:19:02.945-0700: 96887.631: [GC pause (G1 Evacuation Pause) (young), 0.0100042 secs]
   [Parallel Time: 4.3 ms, GC Workers: 14]
      [GC Worker Start (ms): Min: 96887631.6, Avg: 96887631.7, Max: 96887631.8, Diff: 0.2]
      [Ext Root Scanning (ms): Min: 0.3, Avg: 0.7, Max: 4.0, Diff: 3.7, Sum: 9.3]
      [Update RS (ms): Min: 0.0, Avg: 0.1, Max: 0.3, Diff: 0.3, Sum: 1.5]
         [Processed Buffers: Min: 0, Avg: 11.9, Max: 50, Diff: 50, Sum: 166]
      [Scan RS (ms): Min: 0.0, Avg: 0.0, Max: 0.1, Diff: 0.1, Sum: 0.5]
      [Code Root Scanning (ms): Min: 0.0, Avg: 0.0, Max: 0.0, Diff: 0.0, Sum: 0.0]
      [Object Copy (ms): Min: 0.0, Avg: 0.3, Max: 0.3, Diff: 0.3, Sum: 3.6]
      [Termination (ms): Min: 0.0, Avg: 2.9, Max: 3.1, Diff: 3.1, Sum: 40.0]
         [Termination Attempts: Min: 1, Avg: 12.6, Max: 22, Diff: 21, Sum: 176]
      [GC Worker Other (ms): Min: 0.0, Avg: 0.0, Max: 0.0, Diff: 0.0, Sum: 0.1]
      [GC Worker Total (ms): Min: 3.8, Avg: 3.9, Max: 4.0, Diff: 0.2, Sum: 55.0]
      [GC Worker End (ms): Min: 96887635.5, Avg: 96887635.6, Max: 96887635.7, Diff: 0.1]
   [Code Root Fixup: 0.0 ms]
   [Code Root Purge: 0.0 ms]
   [Clear CT: 0.4 ms]
   [Other: 5.2 ms]
      [Choose CSet: 0.0 ms]
      [Ref Proc: 4.4 ms]
      [Ref Enq: 0.3 ms]
      [Redirty Cards: 0.3 ms]
      [Humongous Register: 0.0 ms]
      [Humongous Reclaim: 0.0 ms]
      [Free CSet: 0.1 ms]
   [Eden: 7152.0M(7152.0M)->0.0B(7152.0M) Survivors: 16384.0K->16384.0K Heap: 9966.9M(14336.0M)->2815.1M(14336.0M)]
 [Times: user=0.08 sys=0.00, real=0.01 secs] 
2022-11-06T21:35:30.546-0700: 97875.232: [GC pause (G1 Evacuation Pause) (young), 0.0096385 secs]
   [Parallel Time: 4.3 ms, GC Workers: 14]
      [GC Worker Start (ms): Min: 97875231.8, Avg: 97875231.9, Max: 97875232.0, Diff: 0.2]
      [Ext Root Scanning (ms): Min: 0.3, Avg: 0.7, Max: 3.9, Diff: 3.6, Sum: 9.1]
      [Update RS (ms): Min: 0.0, Avg: 0.1, Max: 0.3, Diff: 0.3, Sum: 1.3]
         [Processed Buffers: Min: 0, Avg: 11.2, Max: 39, Diff: 39, Sum: 157]
      [Scan RS (ms): Min: 0.0, Avg: 0.0, Max: 0.1, Diff: 0.1, Sum: 0.5]
      [Code Root Scanning (ms): Min: 0.0, Avg: 0.0, Max: 0.0, Diff: 0.0, Sum: 0.0]
      [Object Copy (ms): Min: 0.0, Avg: 0.3, Max: 0.4, Diff: 0.4, Sum: 4.2]
      [Termination (ms): Min: 0.0, Avg: 2.7, Max: 3.0, Diff: 3.0, Sum: 38.1]
         [Termination Attempts: Min: 1, Avg: 38.8, Max: 52, Diff: 51, Sum: 543]
      [GC Worker Other (ms): Min: 0.0, Avg: 0.0, Max: 0.0, Diff: 0.0, Sum: 0.1]
      [GC Worker Total (ms): Min: 3.7, Avg: 3.8, Max: 3.9, Diff: 0.2, Sum: 53.3]
      [GC Worker End (ms): Min: 97875235.7, Avg: 97875235.7, Max: 97875235.8, Diff: 0.1]
   [Code Root Fixup: 0.0 ms]
   [Code Root Purge: 0.0 ms]
   [Clear CT: 0.3 ms]
   [Other: 5.1 ms]
      [Choose CSet: 0.0 ms]
      [Ref Proc: 4.3 ms]
      [Ref Enq: 0.3 ms]
      [Redirty Cards: 0.2 ms]
      [Humongous Register: 0.0 ms]
      [Humongous Reclaim: 0.0 ms]
      [Free CSet: 0.2 ms]
   [Eden: 7152.0M(7152.0M)->0.0B(7152.0M) Survivors: 16384.0K->16384.0K Heap: 9967.1M(14336.0M)->2815.0M(14336.0M)]
 [Times: user=0.07 sys=0.00, real=0.01 secs] 
2022-11-06T21:52:00.295-0700: 98864.982: [GC pause (G1 Evacuation Pause) (young), 0.0103059 secs]
   [Parallel Time: 4.8 ms, GC Workers: 14]
      [GC Worker Start (ms): Min: 98864981.6, Avg: 98864981.7, Max: 98864981.8, Diff: 0.2]
      [Ext Root Scanning (ms): Min: 0.3, Avg: 0.7, Max: 3.9, Diff: 3.7, Sum: 9.2]
      [Update RS (ms): Min: 0.0, Avg: 0.1, Max: 0.3, Diff: 0.3, Sum: 1.4]
         [Processed Buffers: Min: 0, Avg: 10.6, Max: 38, Diff: 38, Sum: 149]
      [Scan RS (ms): Min: 0.0, Avg: 0.0, Max: 0.1, Diff: 0.1, Sum: 0.5]
      [Code Root Scanning (ms): Min: 0.0, Avg: 0.0, Max: 0.0, Diff: 0.0, Sum: 0.0]
      [Object Copy (ms): Min: 0.0, Avg: 0.3, Max: 0.4, Diff: 0.4, Sum: 3.7]
      [Termination (ms): Min: 0.0, Avg: 2.8, Max: 3.2, Diff: 3.2, Sum: 39.8]
         [Termination Attempts: Min: 1, Avg: 32.8, Max: 50, Diff: 49, Sum: 459]
      [GC Worker Other (ms): Min: 0.0, Avg: 0.0, Max: 0.0, Diff: 0.0, Sum: 0.1]
      [GC Worker Total (ms): Min: 3.8, Avg: 3.9, Max: 4.0, Diff: 0.2, Sum: 54.7]
      [GC Worker End (ms): Min: 98864985.6, Avg: 98864985.6, Max: 98864985.7, Diff: 0.1]
   [Code Root Fixup: 0.0 ms]
   [Code Root Purge: 0.0 ms]
   [Clear CT: 0.3 ms]
   [Other: 5.3 ms]
      [Choose CSet: 0.0 ms]
      [Ref Proc: 4.5 ms]
      [Ref Enq: 0.3 ms]
      [Redirty Cards: 0.2 ms]
      [Humongous Register: 0.0 ms]
      [Humongous Reclaim: 0.0 ms]
      [Free CSet: 0.2 ms]
   [Eden: 7152.0M(7152.0M)->0.0B(7152.0M) Survivors: 16384.0K->16384.0K Heap: 9967.0M(14336.0M)->2815.3M(14336.0M)]
 [Times: user=0.08 sys=0.00, real=0.01 secs] 
2022-11-06T22:08:32.695-0700: 99857.381: [GC pause (G1 Evacuation Pause) (young), 0.0098247 secs]
   [Parallel Time: 4.3 ms, GC Workers: 14]
      [GC Worker Start (ms): Min: 99857381.3, Avg: 99857381.5, Max: 99857381.6, Diff: 0.3]
      [Ext Root Scanning (ms): Min: 0.3, Avg: 0.7, Max: 3.9, Diff: 3.7, Sum: 9.2]
      [Update RS (ms): Min: 0.0, Avg: 0.1, Max: 0.3, Diff: 0.3, Sum: 1.6]
         [Processed Buffers: Min: 0, Avg: 11.5, Max: 32, Diff: 32, Sum: 161]
      [Scan RS (ms): Min: 0.0, Avg: 0.0, Max: 0.1, Diff: 0.1, Sum: 0.5]
      [Code Root Scanning (ms): Min: 0.0, Avg: 0.0, Max: 0.0, Diff: 0.0, Sum: 0.0]
      [Object Copy (ms): Min: 0.0, Avg: 0.3, Max: 0.4, Diff: 0.4, Sum: 4.5]
      [Termination (ms): Min: 0.0, Avg: 2.7, Max: 3.0, Diff: 3.0, Sum: 37.9]
         [Termination Attempts: Min: 1, Avg: 43.6, Max: 62, Diff: 61, Sum: 611]
      [GC Worker Other (ms): Min: 0.0, Avg: 0.0, Max: 0.0, Diff: 0.0, Sum: 0.1]
      [GC Worker Total (ms): Min: 3.6, Avg: 3.8, Max: 4.0, Diff: 0.3, Sum: 53.8]
      [GC Worker End (ms): Min: 99857385.3, Avg: 99857385.3, Max: 99857385.4, Diff: 0.1]
   [Code Root Fixup: 0.0 ms]
   [Code Root Purge: 0.0 ms]
   [Clear CT: 0.3 ms]
   [Other: 5.2 ms]
      [Choose CSet: 0.0 ms]
      [Ref Proc: 4.7 ms]
      [Ref Enq: 0.2 ms]
      [Redirty Cards: 0.2 ms]
      [Humongous Register: 0.0 ms]
      [Humongous Reclaim: 0.0 ms]
      [Free CSet: 0.1 ms]
   [Eden: 7152.0M(7152.0M)->0.0B(7152.0M) Survivors: 16384.0K->16384.0K Heap: 9967.3M(14336.0M)->2815.0M(14336.0M)]
 [Times: user=0.07 sys=0.00, real=0.01 secs] 
2022-11-06T22:25:00.998-0700: 100845.684: [GC pause (G1 Evacuation Pause) (young), 0.0093186 secs]
   [Parallel Time: 4.2 ms, GC Workers: 14]
      [GC Worker Start (ms): Min: 100845684.5, Avg: 100845684.6, Max: 100845684.8, Diff: 0.3]
      [Ext Root Scanning (ms): Min: 0.2, Avg: 0.6, Max: 3.8, Diff: 3.6, Sum: 8.7]
      [Update RS (ms): Min: 0.0, Avg: 0.1, Max: 0.3, Diff: 0.3, Sum: 1.4]
         [Processed Buffers: Min: 0, Avg: 11.4, Max: 37, Diff: 37, Sum: 160]
      [Scan RS (ms): Min: 0.0, Avg: 0.0, Max: 0.1, Diff: 0.1, Sum: 0.5]
      [Code Root Scanning (ms): Min: 0.0, Avg: 0.0, Max: 0.0, Diff: 0.0, Sum: 0.0]
      [Object Copy (ms): Min: 0.0, Avg: 0.3, Max: 0.4, Diff: 0.4, Sum: 3.8]
      [Termination (ms): Min: 0.0, Avg: 2.7, Max: 3.0, Diff: 3.0, Sum: 37.6]
         [Termination Attempts: Min: 1, Avg: 20.6, Max: 30, Diff: 29, Sum: 289]
      [GC Worker Other (ms): Min: 0.0, Avg: 0.0, Max: 0.0, Diff: 0.0, Sum: 0.1]
      [GC Worker Total (ms): Min: 3.5, Avg: 3.7, Max: 3.9, Diff: 0.4, Sum: 52.2]
      [GC Worker End (ms): Min: 100845688.3, Avg: 100845688.4, Max: 100845688.4, Diff: 0.1]
   [Code Root Fixup: 0.0 ms]
   [Code Root Purge: 0.0 ms]
   [Clear CT: 0.4 ms]
   [Other: 4.7 ms]
      [Choose CSet: 0.0 ms]
      [Ref Proc: 4.1 ms]
      [Ref Enq: 0.2 ms]
      [Redirty Cards: 0.2 ms]
      [Humongous Register: 0.0 ms]
      [Humongous Reclaim: 0.0 ms]
      [Free CSet: 0.1 ms]
   [Eden: 7152.0M(7152.0M)->0.0B(7152.0M) Survivors: 16384.0K->16384.0K Heap: 9967.0M(14336.0M)->2815.2M(14336.0M)]
 [Times: user=0.07 sys=0.00, real=0.01 secs] 
2022-11-06T22:41:24.595-0700: 101829.281: [GC pause (G1 Evacuation Pause) (young), 0.0085051 secs]
   [Parallel Time: 3.0 ms, GC Workers: 14]
      [GC Worker Start (ms): Min: 101829281.3, Avg: 101829281.6, Max: 101829281.8, Diff: 0.4]
      [Ext Root Scanning (ms): Min: 0.2, Avg: 0.6, Max: 2.8, Diff: 2.6, Sum: 8.9]
      [Update RS (ms): Min: 0.0, Avg: 0.1, Max: 0.3, Diff: 0.3, Sum: 1.8]
         [Processed Buffers: Min: 0, Avg: 11.2, Max: 43, Diff: 43, Sum: 157]
      [Scan RS (ms): Min: 0.0, Avg: 0.0, Max: 0.1, Diff: 0.1, Sum: 0.5]
      [Code Root Scanning (ms): Min: 0.0, Avg: 0.0, Max: 0.0, Diff: 0.0, Sum: 0.0]
      [Object Copy (ms): Min: 0.0, Avg: 0.3, Max: 0.4, Diff: 0.4, Sum: 4.3]
      [Termination (ms): Min: 0.0, Avg: 1.6, Max: 1.8, Diff: 1.8, Sum: 21.9]
         [Termination Attempts: Min: 1, Avg: 33.2, Max: 46, Diff: 45, Sum: 465]
      [GC Worker Other (ms): Min: 0.0, Avg: 0.0, Max: 0.0, Diff: 0.0, Sum: 0.1]
      [GC Worker Total (ms): Min: 2.5, Avg: 2.7, Max: 2.9, Diff: 0.4, Sum: 37.5]
      [GC Worker End (ms): Min: 101829284.2, Avg: 101829284.2, Max: 101829284.3, Diff: 0.1]
   [Code Root Fixup: 0.0 ms]
   [Code Root Purge: 0.0 ms]
   [Clear CT: 0.3 ms]
   [Other: 5.2 ms]
      [Choose CSet: 0.0 ms]
      [Ref Proc: 4.3 ms]
      [Ref Enq: 0.4 ms]
      [Redirty Cards: 0.3 ms]
      [Humongous Register: 0.0 ms]
      [Humongous Reclaim: 0.0 ms]
      [Free CSet: 0.2 ms]
   [Eden: 7152.0M(7152.0M)->0.0B(7152.0M) Survivors: 16384.0K->16384.0K Heap: 9967.2M(14336.0M)->2815.1M(14336.0M)]
 [Times: user=0.06 sys=0.00, real=0.01 secs] 
2022-11-06T22:57:42.896-0700: 102807.582: [GC pause (G1 Evacuation Pause) (young), 0.0090506 secs]
   [Parallel Time: 4.3 ms, GC Workers: 14]
      [GC Worker Start (ms): Min: 102807582.0, Avg: 102807582.2, Max: 102807582.3, Diff: 0.3]
      [Ext Root Scanning (ms): Min: 0.3, Avg: 0.7, Max: 4.1, Diff: 3.8, Sum: 9.7]
      [Update RS (ms): Min: 0.0, Avg: 0.1, Max: 0.3, Diff: 0.3, Sum: 1.7]
         [Processed Buffers: Min: 0, Avg: 11.3, Max: 31, Diff: 31, Sum: 158]
      [Scan RS (ms): Min: 0.0, Avg: 0.0, Max: 0.1, Diff: 0.1, Sum: 0.6]
      [Code Root Scanning (ms): Min: 0.0, Avg: 0.0, Max: 0.0, Diff: 0.0, Sum: 0.0]
      [Object Copy (ms): Min: 0.0, Avg: 0.3, Max: 0.4, Diff: 0.4, Sum: 4.5]
      [Termination (ms): Min: 0.0, Avg: 2.9, Max: 3.1, Diff: 3.1, Sum: 40.0]
         [Termination Attempts: Min: 1, Avg: 40.0, Max: 52, Diff: 51, Sum: 560]
      [GC Worker Other (ms): Min: 0.0, Avg: 0.0, Max: 0.0, Diff: 0.0, Sum: 0.1]
      [GC Worker Total (ms): Min: 3.9, Avg: 4.0, Max: 4.1, Diff: 0.3, Sum: 56.5]
      [GC Worker End (ms): Min: 102807586.2, Avg: 102807586.2, Max: 102807586.3, Diff: 0.1]
   [Code Root Fixup: 0.0 ms]
   [Code Root Purge: 0.0 ms]
   [Clear CT: 0.3 ms]
   [Other: 4.5 ms]
      [Choose CSet: 0.0 ms]
      [Ref Proc: 3.7 ms]
      [Ref Enq: 0.3 ms]
      [Redirty Cards: 0.2 ms]
      [Humongous Register: 0.0 ms]
      [Humongous Reclaim: 0.0 ms]
      [Free CSet: 0.2 ms]
   [Eden: 7152.0M(7152.0M)->0.0B(7152.0M) Survivors: 16384.0K->16384.0K Heap: 9967.1M(14336.0M)->2815.2M(14336.0M)]
 [Times: user=0.08 sys=0.00, real=0.01 secs] 
2022-11-06T23:13:59.146-0700: 103783.832: [GC pause (G1 Evacuation Pause) (young), 0.0103942 secs]
   [Parallel Time: 4.1 ms, GC Workers: 14]
      [GC Worker Start (ms): Min: 103783831.8, Avg: 103783832.0, Max: 103783832.2, Diff: 0.3]
      [Ext Root Scanning (ms): Min: 0.2, Avg: 0.7, Max: 3.7, Diff: 3.5, Sum: 9.2]
      [Update RS (ms): Min: 0.0, Avg: 0.1, Max: 0.3, Diff: 0.3, Sum: 1.2]
         [Processed Buffers: Min: 0, Avg: 11.9, Max: 41, Diff: 41, Sum: 167]
      [Scan RS (ms): Min: 0.0, Avg: 0.0, Max: 0.1, Diff: 0.1, Sum: 0.4]
      [Code Root Scanning (ms): Min: 0.0, Avg: 0.0, Max: 0.0, Diff: 0.0, Sum: 0.0]
      [Object Copy (ms): Min: 0.0, Avg: 0.3, Max: 0.4, Diff: 0.4, Sum: 3.9]
      [Termination (ms): Min: 0.0, Avg: 2.6, Max: 2.9, Diff: 2.9, Sum: 36.1]
         [Termination Attempts: Min: 1, Avg: 36.6, Max: 52, Diff: 51, Sum: 513]
      [GC Worker Other (ms): Min: 0.0, Avg: 0.0, Max: 0.0, Diff: 0.0, Sum: 0.1]
      [GC Worker Total (ms): Min: 3.4, Avg: 3.6, Max: 3.8, Diff: 0.3, Sum: 50.9]
      [GC Worker End (ms): Min: 103783835.6, Avg: 103783835.6, Max: 103783835.7, Diff: 0.1]
   [Code Root Fixup: 0.0 ms]
   [Code Root Purge: 0.0 ms]
   [Clear CT: 0.3 ms]
   [Other: 5.9 ms]
      [Choose CSet: 0.0 ms]
      [Ref Proc: 5.2 ms]
      [Ref Enq: 0.3 ms]
      [Redirty Cards: 0.2 ms]
      [Humongous Register: 0.0 ms]
      [Humongous Reclaim: 0.0 ms]
      [Free CSet: 0.1 ms]
   [Eden: 7152.0M(7152.0M)->0.0B(7152.0M) Survivors: 16384.0K->16384.0K Heap: 9967.2M(14336.0M)->2815.1M(14336.0M)]
 [Times: user=0.07 sys=0.00, real=0.01 secs] 
2022-11-06T23:30:15.345-0700: 104760.031: [GC pause (G1 Evacuation Pause) (young), 0.0099743 secs]
   [Parallel Time: 4.3 ms, GC Workers: 14]
      [GC Worker Start (ms): Min: 104760031.3, Avg: 104760031.5, Max: 104760031.6, Diff: 0.3]
      [Ext Root Scanning (ms): Min: 0.2, Avg: 0.6, Max: 3.7, Diff: 3.5, Sum: 9.1]
      [Update RS (ms): Min: 0.0, Avg: 0.1, Max: 0.3, Diff: 0.3, Sum: 1.5]
         [Processed Buffers: Min: 0, Avg: 11.9, Max: 40, Diff: 40, Sum: 167]
      [Scan RS (ms): Min: 0.0, Avg: 0.0, Max: 0.1, Diff: 0.1, Sum: 0.4]
      [Code Root Scanning (ms): Min: 0.0, Avg: 0.0, Max: 0.0, Diff: 0.0, Sum: 0.0]
      [Object Copy (ms): Min: 0.0, Avg: 0.3, Max: 0.4, Diff: 0.4, Sum: 3.9]
      [Termination (ms): Min: 0.0, Avg: 2.6, Max: 2.9, Diff: 2.9, Sum: 36.0]
         [Termination Attempts: Min: 1, Avg: 29.8, Max: 44, Diff: 43, Sum: 417]
      [GC Worker Other (ms): Min: 0.0, Avg: 0.0, Max: 0.0, Diff: 0.0, Sum: 0.1]
      [GC Worker Total (ms): Min: 3.5, Avg: 3.6, Max: 3.8, Diff: 0.4, Sum: 51.0]
      [GC Worker End (ms): Min: 104760035.1, Avg: 104760035.1, Max: 104760035.2, Diff: 0.1]
   [Code Root Fixup: 0.0 ms]
   [Code Root Purge: 0.0 ms]
   [Clear CT: 0.4 ms]
   [Other: 5.3 ms]
      [Choose CSet: 0.0 ms]
      [Ref Proc: 4.6 ms]
      [Ref Enq: 0.2 ms]
      [Redirty Cards: 0.2 ms]
      [Humongous Register: 0.0 ms]
      [Humongous Reclaim: 0.0 ms]
      [Free CSet: 0.2 ms]
   [Eden: 7152.0M(7152.0M)->0.0B(7152.0M) Survivors: 16384.0K->16384.0K Heap: 9967.1M(14336.0M)->2815.3M(14336.0M)]
 [Times: user=0.07 sys=0.00, real=0.01 secs] 
2022-11-06T23:46:37.795-0700: 105742.481: [GC pause (G1 Evacuation Pause) (young), 0.0094302 secs]
   [Parallel Time: 3.0 ms, GC Workers: 14]
      [GC Worker Start (ms): Min: 105742481.1, Avg: 105742481.3, Max: 105742481.5, Diff: 0.4]
      [Ext Root Scanning (ms): Min: 0.2, Avg: 0.6, Max: 2.6, Diff: 2.4, Sum: 8.0]
      [Update RS (ms): Min: 0.0, Avg: 0.1, Max: 0.3, Diff: 0.3, Sum: 1.4]
         [Processed Buffers: Min: 0, Avg: 10.9, Max: 27, Diff: 27, Sum: 152]
      [Scan RS (ms): Min: 0.0, Avg: 0.0, Max: 0.1, Diff: 0.0, Sum: 0.4]
      [Code Root Scanning (ms): Min: 0.0, Avg: 0.0, Max: 0.0, Diff: 0.0, Sum: 0.0]
      [Object Copy (ms): Min: 0.0, Avg: 0.3, Max: 0.4, Diff: 0.4, Sum: 4.3]
      [Termination (ms): Min: 0.0, Avg: 1.5, Max: 1.7, Diff: 1.7, Sum: 20.3]
         [Termination Attempts: Min: 1, Avg: 43.0, Max: 66, Diff: 65, Sum: 602]
      [GC Worker Other (ms): Min: 0.0, Avg: 0.0, Max: 0.0, Diff: 0.0, Sum: 0.1]
      [GC Worker Total (ms): Min: 2.3, Avg: 2.5, Max: 2.6, Diff: 0.4, Sum: 34.5]
      [GC Worker End (ms): Min: 105742483.7, Avg: 105742483.8, Max: 105742483.8, Diff: 0.1]
   [Code Root Fixup: 0.0 ms]
   [Code Root Purge: 0.0 ms]
   [Clear CT: 0.4 ms]
   [Other: 6.0 ms]
      [Choose CSet: 0.0 ms]
      [Ref Proc: 5.5 ms]
      [Ref Enq: 0.2 ms]
      [Redirty Cards: 0.2 ms]
      [Humongous Register: 0.0 ms]
      [Humongous Reclaim: 0.0 ms]
      [Free CSet: 0.1 ms]
   [Eden: 7152.0M(7152.0M)->0.0B(7152.0M) Survivors: 16384.0K->16384.0K Heap: 9967.3M(14336.0M)->2815.0M(14336.0M)]
 [Times: user=0.06 sys=0.00, real=0.01 secs] 
2022-11-07T00:03:16.146-0700: 106740.832: [GC pause (G1 Evacuation Pause) (young), 0.0111633 secs]
   [Parallel Time: 4.3 ms, GC Workers: 14]
      [GC Worker Start (ms): Min: 106740832.0, Avg: 106740832.2, Max: 106740832.4, Diff: 0.4]
      [Ext Root Scanning (ms): Min: 0.2, Avg: 0.6, Max: 3.7, Diff: 3.6, Sum: 8.9]
      [Update RS (ms): Min: 0.0, Avg: 0.1, Max: 0.2, Diff: 0.2, Sum: 1.5]
         [Processed Buffers: Min: 0, Avg: 11.0, Max: 33, Diff: 33, Sum: 154]
      [Scan RS (ms): Min: 0.0, Avg: 0.0, Max: 0.0, Diff: 0.0, Sum: 0.4]
      [Code Root Scanning (ms): Min: 0.0, Avg: 0.0, Max: 0.0, Diff: 0.0, Sum: 0.0]
      [Object Copy (ms): Min: 0.0, Avg: 0.3, Max: 0.3, Diff: 0.3, Sum: 3.7]
      [Termination (ms): Min: 0.0, Avg: 2.6, Max: 2.9, Diff: 2.9, Sum: 35.8]
         [Termination Attempts: Min: 1, Avg: 16.6, Max: 27, Diff: 26, Sum: 233]
      [GC Worker Other (ms): Min: 0.0, Avg: 0.0, Max: 0.0, Diff: 0.0, Sum: 0.1]
      [GC Worker Total (ms): Min: 3.4, Avg: 3.6, Max: 3.8, Diff: 0.4, Sum: 50.4]
      [GC Worker End (ms): Min: 106740835.7, Avg: 106740835.8, Max: 106740835.9, Diff: 0.1]
   [Code Root Fixup: 0.0 ms]
   [Code Root Purge: 0.0 ms]
   [Clear CT: 0.3 ms]
   [Other: 6.5 ms]
      [Choose CSet: 0.0 ms]
      [Ref Proc: 5.9 ms]
      [Ref Enq: 0.2 ms]
      [Redirty Cards: 0.2 ms]
      [Humongous Register: 0.0 ms]
      [Humongous Reclaim: 0.0 ms]
      [Free CSet: 0.1 ms]
   [Eden: 7152.0M(7152.0M)->0.0B(7152.0M) Survivors: 16384.0K->16384.0K Heap: 9967.0M(14336.0M)->2815.3M(14336.0M)]
 [Times: user=0.07 sys=0.00, real=0.01 secs] 
2022-11-07T00:19:28.945-0700: 107713.632: [GC pause (G1 Evacuation Pause) (young), 0.0085511 secs]
   [Parallel Time: 4.1 ms, GC Workers: 14]
      [GC Worker Start (ms): Min: 107713631.6, Avg: 107713631.8, Max: 107713632.1, Diff: 0.5]
      [Ext Root Scanning (ms): Min: 0.0, Avg: 0.6, Max: 3.8, Diff: 3.8, Sum: 8.4]
      [Update RS (ms): Min: 0.0, Avg: 0.1, Max: 0.2, Diff: 0.2, Sum: 1.3]
         [Processed Buffers: Min: 0, Avg: 11.3, Max: 30, Diff: 30, Sum: 158]
      [Scan RS (ms): Min: 0.0, Avg: 0.0, Max: 0.1, Diff: 0.0, Sum: 0.5]
      [Code Root Scanning (ms): Min: 0.0, Avg: 0.0, Max: 0.0, Diff: 0.0, Sum: 0.0]
      [Object Copy (ms): Min: 0.0, Avg: 0.3, Max: 0.4, Diff: 0.4, Sum: 3.8]
      [Termination (ms): Min: 0.0, Avg: 2.7, Max: 3.0, Diff: 3.0, Sum: 37.8]
         [Termination Attempts: Min: 1, Avg: 17.0, Max: 28, Diff: 27, Sum: 238]
      [GC Worker Other (ms): Min: 0.0, Avg: 0.0, Max: 0.0, Diff: 0.0, Sum: 0.1]
      [GC Worker Total (ms): Min: 3.3, Avg: 3.7, Max: 3.9, Diff: 0.5, Sum: 51.9]
      [GC Worker End (ms): Min: 107713635.4, Avg: 107713635.5, Max: 107713635.5, Diff: 0.1]
   [Code Root Fixup: 0.0 ms]
   [Code Root Purge: 0.0 ms]
   [Clear CT: 0.4 ms]
   [Other: 4.1 ms]
      [Choose CSet: 0.0 ms]
      [Ref Proc: 3.5 ms]
      [Ref Enq: 0.2 ms]
      [Redirty Cards: 0.2 ms]
      [Humongous Register: 0.0 ms]
      [Humongous Reclaim: 0.0 ms]
      [Free CSet: 0.1 ms]
   [Eden: 7152.0M(7152.0M)->0.0B(7152.0M) Survivors: 16384.0K->16384.0K Heap: 9967.3M(14336.0M)->2815.2M(14336.0M)]
 [Times: user=0.07 sys=0.00, real=0.00 secs] 
2022-11-07T00:35:47.995-0700: 108692.681: [GC pause (G1 Evacuation Pause) (young), 0.0107977 secs]
   [Parallel Time: 4.2 ms, GC Workers: 14]
      [GC Worker Start (ms): Min: 108692681.0, Avg: 108692681.1, Max: 108692681.3, Diff: 0.3]
      [Ext Root Scanning (ms): Min: 0.2, Avg: 0.6, Max: 3.7, Diff: 3.6, Sum: 8.3]
      [Update RS (ms): Min: 0.0, Avg: 0.1, Max: 0.3, Diff: 0.3, Sum: 1.3]
         [Processed Buffers: Min: 0, Avg: 11.1, Max: 28, Diff: 28, Sum: 156]
      [Scan RS (ms): Min: 0.0, Avg: 0.0, Max: 0.1, Diff: 0.1, Sum: 0.5]
      [Code Root Scanning (ms): Min: 0.0, Avg: 0.0, Max: 0.0, Diff: 0.0, Sum: 0.0]
      [Object Copy (ms): Min: 0.0, Avg: 0.3, Max: 0.4, Diff: 0.4, Sum: 4.3]
      [Termination (ms): Min: 0.0, Avg: 2.6, Max: 2.9, Diff: 2.9, Sum: 36.7]
         [Termination Attempts: Min: 1, Avg: 44.1, Max: 62, Diff: 61, Sum: 618]
      [GC Worker Other (ms): Min: 0.0, Avg: 0.0, Max: 0.0, Diff: 0.0, Sum: 0.1]
      [GC Worker Total (ms): Min: 3.4, Avg: 3.7, Max: 3.9, Diff: 0.4, Sum: 51.1]
      [GC Worker End (ms): Min: 108692684.7, Avg: 108692684.8, Max: 108692684.9, Diff: 0.2]
   [Code Root Fixup: 0.0 ms]
   [Code Root Purge: 0.0 ms]
   [Clear CT: 0.4 ms]
   [Other: 6.2 ms]
      [Choose CSet: 0.0 ms]
      [Ref Proc: 5.6 ms]
      [Ref Enq: 0.2 ms]
      [Redirty Cards: 0.2 ms]
      [Humongous Register: 0.0 ms]
      [Humongous Reclaim: 0.0 ms]
      [Free CSet: 0.1 ms]
   [Eden: 7152.0M(7152.0M)->0.0B(7152.0M) Survivors: 16384.0K->16384.0K Heap: 9967.2M(14336.0M)->2815.1M(14336.0M)]
 [Times: user=0.07 sys=0.00, real=0.01 secs] 
2022-11-07T00:52:21.495-0700: 109686.181: [GC pause (G1 Evacuation Pause) (young), 0.0091023 secs]
   [Parallel Time: 2.9 ms, GC Workers: 14]
      [GC Worker Start (ms): Min: 109686181.3, Avg: 109686181.5, Max: 109686181.7, Diff: 0.4]
      [Ext Root Scanning (ms): Min: 0.2, Avg: 0.6, Max: 2.6, Diff: 2.4, Sum: 8.1]
      [Update RS (ms): Min: 0.0, Avg: 0.1, Max: 0.2, Diff: 0.2, Sum: 1.4]
         [Processed Buffers: Min: 0, Avg: 11.1, Max: 48, Diff: 48, Sum: 155]
      [Scan RS (ms): Min: 0.0, Avg: 0.0, Max: 0.1, Diff: 0.1, Sum: 0.5]
      [Code Root Scanning (ms): Min: 0.0, Avg: 0.0, Max: 0.0, Diff: 0.0, Sum: 0.0]
      [Object Copy (ms): Min: 0.0, Avg: 0.3, Max: 0.3, Diff: 0.3, Sum: 3.7]
      [Termination (ms): Min: 0.0, Avg: 1.5, Max: 1.7, Diff: 1.7, Sum: 20.3]
         [Termination Attempts: Min: 1, Avg: 15.1, Max: 25, Diff: 24, Sum: 211]
      [GC Worker Other (ms): Min: 0.0, Avg: 0.0, Max: 0.0, Diff: 0.0, Sum: 0.1]
      [GC Worker Total (ms): Min: 2.2, Avg: 2.4, Max: 2.6, Diff: 0.4, Sum: 34.1]
      [GC Worker End (ms): Min: 109686183.9, Avg: 109686183.9, Max: 109686184.0, Diff: 0.1]
   [Code Root Fixup: 0.0 ms]
   [Code Root Purge: 0.0 ms]
   [Clear CT: 0.2 ms]
   [Other: 6.0 ms]
      [Choose CSet: 0.0 ms]
      [Ref Proc: 5.4 ms]
      [Ref Enq: 0.3 ms]
      [Redirty Cards: 0.2 ms]
      [Humongous Register: 0.0 ms]
      [Humongous Reclaim: 0.0 ms]
      [Free CSet: 0.1 ms]
   [Eden: 7152.0M(7152.0M)->0.0B(7152.0M) Survivors: 16384.0K->16384.0K Heap: 9967.1M(14336.0M)->2815.3M(14336.0M)]
 [Times: user=0.05 sys=0.01, real=0.01 secs] 
2022-11-07T01:08:47.345-0700: 110672.032: [GC pause (G1 Evacuation Pause) (young), 0.0099046 secs]
   [Parallel Time: 4.1 ms, GC Workers: 14]
      [GC Worker Start (ms): Min: 110672031.7, Avg: 110672031.9, Max: 110672032.0, Diff: 0.3]
      [Ext Root Scanning (ms): Min: 0.3, Avg: 0.6, Max: 3.7, Diff: 3.5, Sum: 8.9]
      [Update RS (ms): Min: 0.0, Avg: 0.1, Max: 0.3, Diff: 0.3, Sum: 1.5]
         [Processed Buffers: Min: 0, Avg: 11.1, Max: 33, Diff: 33, Sum: 156]
      [Scan RS (ms): Min: 0.0, Avg: 0.0, Max: 0.1, Diff: 0.1, Sum: 0.5]
      [Code Root Scanning (ms): Min: 0.0, Avg: 0.0, Max: 0.0, Diff: 0.0, Sum: 0.0]
      [Object Copy (ms): Min: 0.0, Avg: 0.2, Max: 0.3, Diff: 0.3, Sum: 3.5]
      [Termination (ms): Min: 0.0, Avg: 2.6, Max: 2.9, Diff: 2.9, Sum: 36.6]
         [Termination Attempts: Min: 1, Avg: 12.9, Max: 22, Diff: 21, Sum: 181]
      [GC Worker Other (ms): Min: 0.0, Avg: 0.0, Max: 0.0, Diff: 0.0, Sum: 0.1]
      [GC Worker Total (ms): Min: 3.5, Avg: 3.6, Max: 3.8, Diff: 0.2, Sum: 51.0]
      [GC Worker End (ms): Min: 110672035.5, Avg: 110672035.5, Max: 110672035.6, Diff: 0.1]
   [Code Root Fixup: 0.0 ms]
   [Code Root Purge: 0.0 ms]
   [Clear CT: 0.2 ms]
   [Other: 5.5 ms]
      [Choose CSet: 0.0 ms]
      [Ref Proc: 4.9 ms]
      [Ref Enq: 0.3 ms]
      [Redirty Cards: 0.2 ms]
      [Humongous Register: 0.0 ms]
      [Humongous Reclaim: 0.0 ms]
      [Free CSet: 0.1 ms]
   [Eden: 7152.0M(7152.0M)->0.0B(7152.0M) Survivors: 16384.0K->16384.0K Heap: 9967.3M(14336.0M)->2815.2M(14336.0M)]
 [Times: user=0.07 sys=0.00, real=0.01 secs] 
2022-11-07T01:25:09.845-0700: 111654.531: [GC pause (G1 Evacuation Pause) (young), 0.0109100 secs]
   [Parallel Time: 4.2 ms, GC Workers: 14]
      [GC Worker Start (ms): Min: 111654531.3, Avg: 111654531.5, Max: 111654531.7, Diff: 0.4]
      [Ext Root Scanning (ms): Min: 0.2, Avg: 0.7, Max: 3.7, Diff: 3.5, Sum: 9.2]
      [Update RS (ms): Min: 0.0, Avg: 0.1, Max: 0.2, Diff: 0.2, Sum: 1.2]
         [Processed Buffers: Min: 0, Avg: 10.9, Max: 33, Diff: 33, Sum: 152]
      [Scan RS (ms): Min: 0.0, Avg: 0.0, Max: 0.0, Diff: 0.0, Sum: 0.4]
      [Code Root Scanning (ms): Min: 0.0, Avg: 0.0, Max: 0.0, Diff: 0.0, Sum: 0.0]
      [Object Copy (ms): Min: 0.0, Avg: 0.3, Max: 0.4, Diff: 0.4, Sum: 3.9]
      [Termination (ms): Min: 0.0, Avg: 2.5, Max: 2.8, Diff: 2.8, Sum: 35.2]
         [Termination Attempts: Min: 1, Avg: 33.5, Max: 49, Diff: 48, Sum: 469]
      [GC Worker Other (ms): Min: 0.0, Avg: 0.0, Max: 0.0, Diff: 0.0, Sum: 0.1]
      [GC Worker Total (ms): Min: 3.4, Avg: 3.6, Max: 3.8, Diff: 0.4, Sum: 50.1]
      [GC Worker End (ms): Min: 111654535.1, Avg: 111654535.1, Max: 111654535.1, Diff: 0.0]
   [Code Root Fixup: 0.0 ms]
   [Code Root Purge: 0.0 ms]
   [Clear CT: 0.2 ms]
   [Other: 6.4 ms]
      [Choose CSet: 0.0 ms]
      [Ref Proc: 5.8 ms]
      [Ref Enq: 0.3 ms]
      [Redirty Cards: 0.2 ms]
      [Humongous Register: 0.0 ms]
      [Humongous Reclaim: 0.0 ms]
      [Free CSet: 0.1 ms]
   [Eden: 7152.0M(7152.0M)->0.0B(7152.0M) Survivors: 16384.0K->16384.0K Heap: 9967.2M(14336.0M)->2815.3M(14336.0M)]
 [Times: user=0.07 sys=0.00, real=0.01 secs] 
2022-11-07T01:41:37.745-0700: 112642.431: [GC pause (G1 Evacuation Pause) (young), 0.0175840 secs]
   [Parallel Time: 4.2 ms, GC Workers: 14]
      [GC Worker Start (ms): Min: 112642431.2, Avg: 112642431.4, Max: 112642431.6, Diff: 0.4]
      [Ext Root Scanning (ms): Min: 0.2, Avg: 0.6, Max: 3.8, Diff: 3.6, Sum: 8.8]
      [Update RS (ms): Min: 0.0, Avg: 0.1, Max: 0.3, Diff: 0.3, Sum: 1.4]
         [Processed Buffers: Min: 0, Avg: 11.4, Max: 46, Diff: 46, Sum: 160]
      [Scan RS (ms): Min: 0.0, Avg: 0.0, Max: 0.1, Diff: 0.1, Sum: 0.5]
      [Code Root Scanning (ms): Min: 0.0, Avg: 0.0, Max: 0.0, Diff: 0.0, Sum: 0.0]
      [Object Copy (ms): Min: 0.0, Avg: 0.3, Max: 0.4, Diff: 0.4, Sum: 4.6]
      [Termination (ms): Min: 0.0, Avg: 2.6, Max: 2.8, Diff: 2.8, Sum: 35.8]
         [Termination Attempts: Min: 1, Avg: 53.4, Max: 69, Diff: 68, Sum: 748]
      [GC Worker Other (ms): Min: 0.0, Avg: 0.0, Max: 0.0, Diff: 0.0, Sum: 0.1]
      [GC Worker Total (ms): Min: 3.4, Avg: 3.7, Max: 3.8, Diff: 0.4, Sum: 51.2]
      [GC Worker End (ms): Min: 112642435.0, Avg: 112642435.1, Max: 112642435.1, Diff: 0.0]
   [Code Root Fixup: 0.0 ms]
   [Code Root Purge: 0.0 ms]
   [Clear CT: 0.4 ms]
   [Other: 13.0 ms]
      [Choose CSet: 0.0 ms]
      [Ref Proc: 12.3 ms]
      [Ref Enq: 0.3 ms]
      [Redirty Cards: 0.2 ms]
      [Humongous Register: 0.0 ms]
      [Humongous Reclaim: 0.0 ms]
      [Free CSet: 0.1 ms]
   [Eden: 7152.0M(7152.0M)->0.0B(7152.0M) Survivors: 16384.0K->16384.0K Heap: 9967.3M(14336.0M)->2815.2M(14336.0M)]
 [Times: user=0.16 sys=0.00, real=0.02 secs] 
2022-11-07T01:58:09.745-0700: 113634.431: [GC pause (G1 Evacuation Pause) (young), 0.0118109 secs]
   [Parallel Time: 4.2 ms, GC Workers: 14]
      [GC Worker Start (ms): Min: 113634431.2, Avg: 113634431.4, Max: 113634431.6, Diff: 0.4]
      [Ext Root Scanning (ms): Min: 0.2, Avg: 0.6, Max: 3.7, Diff: 3.6, Sum: 9.0]
      [Update RS (ms): Min: 0.0, Avg: 0.1, Max: 0.2, Diff: 0.2, Sum: 1.4]
         [Processed Buffers: Min: 0, Avg: 10.8, Max: 30, Diff: 30, Sum: 151]
      [Scan RS (ms): Min: 0.0, Avg: 0.0, Max: 0.1, Diff: 0.0, Sum: 0.4]
      [Code Root Scanning (ms): Min: 0.0, Avg: 0.0, Max: 0.0, Diff: 0.0, Sum: 0.0]
      [Object Copy (ms): Min: 0.0, Avg: 0.3, Max: 0.4, Diff: 0.4, Sum: 3.9]
      [Termination (ms): Min: 0.0, Avg: 2.5, Max: 2.7, Diff: 2.7, Sum: 35.0]
         [Termination Attempts: Min: 1, Avg: 19.9, Max: 31, Diff: 30, Sum: 278]
      [GC Worker Other (ms): Min: 0.0, Avg: 0.0, Max: 0.0, Diff: 0.0, Sum: 0.1]
      [GC Worker Total (ms): Min: 3.3, Avg: 3.6, Max: 3.7, Diff: 0.4, Sum: 49.9]
      [GC Worker End (ms): Min: 113634435.0, Avg: 113634435.0, Max: 113634435.0, Diff: 0.0]
   [Code Root Fixup: 0.0 ms]
   [Code Root Purge: 0.0 ms]
   [Clear CT: 0.4 ms]
   [Other: 7.2 ms]
      [Choose CSet: 0.0 ms]
      [Ref Proc: 6.4 ms]
      [Ref Enq: 0.3 ms]
      [Redirty Cards: 0.2 ms]
      [Humongous Register: 0.0 ms]
      [Humongous Reclaim: 0.0 ms]
      [Free CSet: 0.2 ms]
   [Eden: 7152.0M(7152.0M)->0.0B(7152.0M) Survivors: 16384.0K->16384.0K Heap: 9967.2M(14336.0M)->2815.1M(14336.0M)]
 [Times: user=0.08 sys=0.00, real=0.01 secs] 
2022-11-07T02:14:48.590-0700: 114633.276: [GC pause (G1 Evacuation Pause) (young), 0.0106230 secs]
   [Parallel Time: 4.4 ms, GC Workers: 14]
      [GC Worker Start (ms): Min: 114633276.0, Avg: 114633276.2, Max: 114633276.3, Diff: 0.3]
      [Ext Root Scanning (ms): Min: 0.2, Avg: 0.6, Max: 3.9, Diff: 3.6, Sum: 8.8]
      [Update RS (ms): Min: 0.0, Avg: 0.1, Max: 0.2, Diff: 0.2, Sum: 1.4]
         [Processed Buffers: Min: 0, Avg: 10.4, Max: 34, Diff: 34, Sum: 146]
      [Scan RS (ms): Min: 0.0, Avg: 0.0, Max: 0.1, Diff: 0.1, Sum: 0.5]
      [Code Root Scanning (ms): Min: 0.0, Avg: 0.0, Max: 0.0, Diff: 0.0, Sum: 0.0]
      [Object Copy (ms): Min: 0.0, Avg: 0.3, Max: 0.4, Diff: 0.4, Sum: 4.2]
      [Termination (ms): Min: 0.0, Avg: 2.7, Max: 3.0, Diff: 3.0, Sum: 37.3]
         [Termination Attempts: Min: 1, Avg: 39.4, Max: 51, Diff: 50, Sum: 551]
      [GC Worker Other (ms): Min: 0.0, Avg: 0.0, Max: 0.0, Diff: 0.0, Sum: 0.1]
      [GC Worker Total (ms): Min: 3.6, Avg: 3.7, Max: 3.9, Diff: 0.3, Sum: 52.3]
      [GC Worker End (ms): Min: 114633279.9, Avg: 114633279.9, Max: 114633280.0, Diff: 0.2]
   [Code Root Fixup: 0.0 ms]
   [Code Root Purge: 0.0 ms]
   [Clear CT: 0.4 ms]
   [Other: 5.9 ms]
      [Choose CSet: 0.0 ms]
      [Ref Proc: 5.2 ms]
      [Ref Enq: 0.2 ms]
      [Redirty Cards: 0.2 ms]
      [Humongous Register: 0.0 ms]
      [Humongous Reclaim: 0.0 ms]
      [Free CSet: 0.1 ms]
   [Eden: 7152.0M(7152.0M)->0.0B(7152.0M) Survivors: 16384.0K->16384.0K Heap: 9967.1M(14336.0M)->2815.4M(14336.0M)]
 [Times: user=0.07 sys=0.00, real=0.01 secs] 
2022-11-07T02:31:13.135-0700: 115617.821: [GC pause (G1 Evacuation Pause) (young), 0.0100383 secs]
   [Parallel Time: 4.2 ms, GC Workers: 14]
      [GC Worker Start (ms): Min: 115617821.4, Avg: 115617821.6, Max: 115617821.8, Diff: 0.3]
      [Ext Root Scanning (ms): Min: 0.2, Avg: 0.6, Max: 3.7, Diff: 3.5, Sum: 8.9]
      [Update RS (ms): Min: 0.0, Avg: 0.1, Max: 0.2, Diff: 0.2, Sum: 1.6]
         [Processed Buffers: Min: 0, Avg: 11.4, Max: 33, Diff: 33, Sum: 160]
      [Scan RS (ms): Min: 0.0, Avg: 0.0, Max: 0.1, Diff: 0.1, Sum: 0.4]
      [Code Root Scanning (ms): Min: 0.0, Avg: 0.0, Max: 0.0, Diff: 0.0, Sum: 0.0]
      [Object Copy (ms): Min: 0.0, Avg: 0.3, Max: 0.4, Diff: 0.4, Sum: 4.3]
      [Termination (ms): Min: 0.0, Avg: 2.5, Max: 2.8, Diff: 2.8, Sum: 35.4]
         [Termination Attempts: Min: 1, Avg: 42.9, Max: 52, Diff: 51, Sum: 600]
      [GC Worker Other (ms): Min: 0.0, Avg: 0.0, Max: 0.0, Diff: 0.0, Sum: 0.1]
      [GC Worker Total (ms): Min: 3.5, Avg: 3.6, Max: 3.8, Diff: 0.3, Sum: 50.8]
      [GC Worker End (ms): Min: 115617825.2, Avg: 115617825.2, Max: 115617825.3, Diff: 0.1]
   [Code Root Fixup: 0.0 ms]
   [Code Root Purge: 0.0 ms]
   [Clear CT: 0.4 ms]
   [Other: 5.5 ms]
      [Choose CSet: 0.0 ms]
      [Ref Proc: 4.8 ms]
      [Ref Enq: 0.2 ms]
      [Redirty Cards: 0.2 ms]
      [Humongous Register: 0.0 ms]
      [Humongous Reclaim: 0.0 ms]
      [Free CSet: 0.1 ms]
   [Eden: 7152.0M(7152.0M)->0.0B(7152.0M) Survivors: 16384.0K->16384.0K Heap: 9967.4M(14336.0M)->2815.3M(14336.0M)]
 [Times: user=0.07 sys=0.00, real=0.01 secs] 
2022-11-07T02:47:34.145-0700: 116598.831: [GC pause (G1 Evacuation Pause) (young), 0.0107480 secs]
   [Parallel Time: 4.3 ms, GC Workers: 14]
      [GC Worker Start (ms): Min: 116598831.5, Avg: 116598831.7, Max: 116598831.9, Diff: 0.4]
      [Ext Root Scanning (ms): Min: 0.2, Avg: 0.7, Max: 3.7, Diff: 3.5, Sum: 9.3]
      [Update RS (ms): Min: 0.0, Avg: 0.1, Max: 0.2, Diff: 0.2, Sum: 1.2]
         [Processed Buffers: Min: 0, Avg: 11.6, Max: 41, Diff: 41, Sum: 162]
      [Scan RS (ms): Min: 0.0, Avg: 0.0, Max: 0.1, Diff: 0.1, Sum: 0.5]
      [Code Root Scanning (ms): Min: 0.0, Avg: 0.0, Max: 0.0, Diff: 0.0, Sum: 0.0]
      [Object Copy (ms): Min: 0.0, Avg: 0.2, Max: 0.3, Diff: 0.3, Sum: 3.4]
      [Termination (ms): Min: 0.0, Avg: 2.5, Max: 2.9, Diff: 2.9, Sum: 35.6]
         [Termination Attempts: Min: 1, Avg: 14.4, Max: 26, Diff: 25, Sum: 202]
      [GC Worker Other (ms): Min: 0.0, Avg: 0.0, Max: 0.0, Diff: 0.0, Sum: 0.1]
      [GC Worker Total (ms): Min: 3.4, Avg: 3.6, Max: 3.8, Diff: 0.4, Sum: 50.1]
      [GC Worker End (ms): Min: 116598835.3, Avg: 116598835.3, Max: 116598835.4, Diff: 0.1]
   [Code Root Fixup: 0.0 ms]
   [Code Root Purge: 0.0 ms]
   [Clear CT: 0.4 ms]
   [Other: 6.0 ms]
      [Choose CSet: 0.0 ms]
      [Ref Proc: 5.5 ms]
      [Ref Enq: 0.2 ms]
      [Redirty Cards: 0.2 ms]
      [Humongous Register: 0.0 ms]
      [Humongous Reclaim: 0.0 ms]
      [Free CSet: 0.1 ms]
   [Eden: 7152.0M(7152.0M)->0.0B(7152.0M) Survivors: 16384.0K->16384.0K Heap: 9967.3M(14336.0M)->2815.5M(14336.0M)]
 [Times: user=0.08 sys=0.00, real=0.01 secs] 
2022-11-07T03:03:59.795-0700: 117584.481: [GC pause (G1 Evacuation Pause) (young), 0.0097770 secs]
   [Parallel Time: 2.9 ms, GC Workers: 14]
      [GC Worker Start (ms): Min: 117584481.2, Avg: 117584481.4, Max: 117584481.6, Diff: 0.5]
      [Ext Root Scanning (ms): Min: 0.2, Avg: 0.5, Max: 2.4, Diff: 2.3, Sum: 7.6]
      [Update RS (ms): Min: 0.0, Avg: 0.1, Max: 0.3, Diff: 0.3, Sum: 1.5]
         [Processed Buffers: Min: 0, Avg: 11.4, Max: 39, Diff: 39, Sum: 159]
      [Scan RS (ms): Min: 0.0, Avg: 0.0, Max: 0.1, Diff: 0.1, Sum: 0.5]
      [Code Root Scanning (ms): Min: 0.0, Avg: 0.0, Max: 0.0, Diff: 0.0, Sum: 0.0]
      [Object Copy (ms): Min: 0.0, Avg: 0.3, Max: 0.4, Diff: 0.4, Sum: 4.4]
      [Termination (ms): Min: 0.0, Avg: 1.3, Max: 1.4, Diff: 1.4, Sum: 17.5]
         [Termination Attempts: Min: 1, Avg: 39.1, Max: 63, Diff: 62, Sum: 547]
      [GC Worker Other (ms): Min: 0.0, Avg: 0.0, Max: 0.0, Diff: 0.0, Sum: 0.1]
      [GC Worker Total (ms): Min: 2.0, Avg: 2.3, Max: 2.5, Diff: 0.4, Sum: 31.6]
      [GC Worker End (ms): Min: 117584483.6, Avg: 117584483.7, Max: 117584483.7, Diff: 0.1]
   [Code Root Fixup: 0.0 ms]
   [Code Root Purge: 0.0 ms]
   [Clear CT: 0.4 ms]
   [Other: 6.4 ms]
      [Choose CSet: 0.0 ms]
      [Ref Proc: 5.8 ms]
      [Ref Enq: 0.3 ms]
      [Redirty Cards: 0.2 ms]
      [Humongous Register: 0.0 ms]
      [Humongous Reclaim: 0.0 ms]
      [Free CSet: 0.1 ms]
   [Eden: 7152.0M(7152.0M)->0.0B(7152.0M) Survivors: 16384.0K->16384.0K Heap: 9967.5M(14336.0M)->2815.3M(14336.0M)]
 [Times: user=0.03 sys=0.03, real=0.01 secs] 
2022-11-07T03:20:21.746-0700: 118566.432: [GC pause (G1 Evacuation Pause) (young), 0.0088626 secs]
   [Parallel Time: 3.0 ms, GC Workers: 14]
      [GC Worker Start (ms): Min: 118566431.8, Avg: 118566431.9, Max: 118566432.1, Diff: 0.4]
      [Ext Root Scanning (ms): Min: 0.2, Avg: 0.6, Max: 2.6, Diff: 2.4, Sum: 8.4]
      [Update RS (ms): Min: 0.0, Avg: 0.1, Max: 0.3, Diff: 0.3, Sum: 1.5]
         [Processed Buffers: Min: 0, Avg: 10.8, Max: 31, Diff: 31, Sum: 151]
      [Scan RS (ms): Min: 0.0, Avg: 0.0, Max: 0.1, Diff: 0.1, Sum: 0.6]
      [Code Root Scanning (ms): Min: 0.0, Avg: 0.0, Max: 0.0, Diff: 0.0, Sum: 0.0]
      [Object Copy (ms): Min: 0.0, Avg: 0.3, Max: 0.4, Diff: 0.4, Sum: 4.4]
      [Termination (ms): Min: 0.0, Avg: 1.5, Max: 1.7, Diff: 1.7, Sum: 20.4]
         [Termination Attempts: Min: 1, Avg: 42.3, Max: 65, Diff: 64, Sum: 592]
      [GC Worker Other (ms): Min: 0.0, Avg: 0.0, Max: 0.0, Diff: 0.0, Sum: 0.1]
      [GC Worker Total (ms): Min: 2.3, Avg: 2.5, Max: 2.7, Diff: 0.4, Sum: 35.3]
      [GC Worker End (ms): Min: 118566434.4, Avg: 118566434.5, Max: 118566434.5, Diff: 0.1]
   [Code Root Fixup: 0.0 ms]
   [Code Root Purge: 0.0 ms]
   [Clear CT: 0.3 ms]
   [Other: 5.5 ms]
      [Choose CSet: 0.0 ms]
      [Ref Proc: 4.9 ms]
      [Ref Enq: 0.2 ms]
      [Redirty Cards: 0.2 ms]
      [Humongous Register: 0.0 ms]
      [Humongous Reclaim: 0.0 ms]
      [Free CSet: 0.1 ms]
   [Eden: 7152.0M(7152.0M)->0.0B(7152.0M) Survivors: 16384.0K->16384.0K Heap: 9967.3M(14336.0M)->2815.2M(14336.0M)]
 [Times: user=0.05 sys=0.00, real=0.01 secs] 
2022-11-07T03:36:41.245-0700: 119545.931: [GC pause (G1 Evacuation Pause) (young), 0.0109530 secs]
   [Parallel Time: 4.3 ms, GC Workers: 14]
      [GC Worker Start (ms): Min: 119545931.5, Avg: 119545931.7, Max: 119545931.9, Diff: 0.4]
      [Ext Root Scanning (ms): Min: 0.2, Avg: 0.7, Max: 3.8, Diff: 3.6, Sum: 9.3]
      [Update RS (ms): Min: 0.0, Avg: 0.1, Max: 0.2, Diff: 0.2, Sum: 1.3]
         [Processed Buffers: Min: 0, Avg: 11.1, Max: 35, Diff: 35, Sum: 155]
      [Scan RS (ms): Min: 0.0, Avg: 0.0, Max: 0.1, Diff: 0.1, Sum: 0.5]
      [Code Root Scanning (ms): Min: 0.0, Avg: 0.0, Max: 0.0, Diff: 0.0, Sum: 0.0]
      [Object Copy (ms): Min: 0.0, Avg: 0.3, Max: 0.4, Diff: 0.4, Sum: 4.1]
      [Termination (ms): Min: 0.0, Avg: 2.5, Max: 2.8, Diff: 2.8, Sum: 35.3]
         [Termination Attempts: Min: 1, Avg: 40.9, Max: 59, Diff: 58, Sum: 573]
      [GC Worker Other (ms): Min: 0.0, Avg: 0.0, Max: 0.0, Diff: 0.0, Sum: 0.1]
      [GC Worker Total (ms): Min: 3.4, Avg: 3.6, Max: 3.8, Diff: 0.4, Sum: 50.6]
      [GC Worker End (ms): Min: 119545935.3, Avg: 119545935.3, Max: 119545935.4, Diff: 0.1]
   [Code Root Fixup: 0.0 ms]
   [Code Root Purge: 0.0 ms]
   [Clear CT: 0.3 ms]
   [Other: 6.3 ms]
      [Choose CSet: 0.0 ms]
      [Ref Proc: 5.8 ms]
      [Ref Enq: 0.2 ms]
      [Redirty Cards: 0.2 ms]
      [Humongous Register: 0.0 ms]
      [Humongous Reclaim: 0.0 ms]
      [Free CSet: 0.1 ms]
   [Eden: 7152.0M(7152.0M)->0.0B(7152.0M) Survivors: 16384.0K->16384.0K Heap: 9967.2M(14336.0M)->2815.5M(14336.0M)]
 [Times: user=0.08 sys=0.00, real=0.01 secs] 
2022-11-07T03:53:05.245-0700: 120529.932: [GC pause (G1 Evacuation Pause) (young), 0.0099107 secs]
   [Parallel Time: 4.2 ms, GC Workers: 14]
      [GC Worker Start (ms): Min: 120529931.6, Avg: 120529931.7, Max: 120529931.9, Diff: 0.3]
      [Ext Root Scanning (ms): Min: 0.2, Avg: 0.7, Max: 3.7, Diff: 3.5, Sum: 9.3]
      [Update RS (ms): Min: 0.0, Avg: 0.1, Max: 0.2, Diff: 0.2, Sum: 1.2]
         [Processed Buffers: Min: 0, Avg: 11.7, Max: 36, Diff: 36, Sum: 164]
      [Scan RS (ms): Min: 0.0, Avg: 0.0, Max: 0.1, Diff: 0.0, Sum: 0.4]
      [Code Root Scanning (ms): Min: 0.0, Avg: 0.0, Max: 0.0, Diff: 0.0, Sum: 0.0]
      [Object Copy (ms): Min: 0.0, Avg: 0.3, Max: 0.3, Diff: 0.3, Sum: 3.8]
      [Termination (ms): Min: 0.0, Avg: 2.6, Max: 2.9, Diff: 2.9, Sum: 36.2]
         [Termination Attempts: Min: 1, Avg: 24.1, Max: 38, Diff: 37, Sum: 338]
      [GC Worker Other (ms): Min: 0.0, Avg: 0.0, Max: 0.0, Diff: 0.0, Sum: 0.1]
      [GC Worker Total (ms): Min: 3.5, Avg: 3.6, Max: 3.7, Diff: 0.3, Sum: 51.0]
      [GC Worker End (ms): Min: 120529935.3, Avg: 120529935.4, Max: 120529935.5, Diff: 0.1]
   [Code Root Fixup: 0.0 ms]
   [Code Root Purge: 0.0 ms]
   [Clear CT: 0.3 ms]
   [Other: 5.4 ms]
      [Choose CSet: 0.0 ms]
      [Ref Proc: 4.7 ms]
      [Ref Enq: 0.2 ms]
      [Redirty Cards: 0.2 ms]
      [Humongous Register: 0.0 ms]
      [Humongous Reclaim: 0.0 ms]
      [Free CSet: 0.1 ms]
   [Eden: 7152.0M(7152.0M)->0.0B(7152.0M) Survivors: 16384.0K->16384.0K Heap: 9967.5M(14336.0M)->2815.3M(14336.0M)]
 [Times: user=0.07 sys=0.00, real=0.01 secs] 
2022-11-07T04:09:45.994-0700: 121530.681: [GC pause (G1 Evacuation Pause) (young), 0.0091240 secs]
   [Parallel Time: 3.0 ms, GC Workers: 14]
      [GC Worker Start (ms): Min: 121530680.7, Avg: 121530680.8, Max: 121530681.0, Diff: 0.3]
      [Ext Root Scanning (ms): Min: 0.2, Avg: 0.5, Max: 2.6, Diff: 2.4, Sum: 7.6]
      [Update RS (ms): Min: 0.0, Avg: 0.1, Max: 0.3, Diff: 0.3, Sum: 1.4]
         [Processed Buffers: Min: 0, Avg: 10.8, Max: 42, Diff: 42, Sum: 151]
      [Scan RS (ms): Min: 0.0, Avg: 0.0, Max: 0.1, Diff: 0.0, Sum: 0.5]
      [Code Root Scanning (ms): Min: 0.0, Avg: 0.0, Max: 0.0, Diff: 0.0, Sum: 0.0]
      [Object Copy (ms): Min: 0.0, Avg: 0.3, Max: 0.3, Diff: 0.3, Sum: 3.6]
      [Termination (ms): Min: 0.0, Avg: 1.6, Max: 1.8, Diff: 1.8, Sum: 22.4]
         [Termination Attempts: Min: 1, Avg: 15.7, Max: 29, Diff: 28, Sum: 220]
      [GC Worker Other (ms): Min: 0.0, Avg: 0.0, Max: 0.0, Diff: 0.0, Sum: 0.1]
      [GC Worker Total (ms): Min: 2.3, Avg: 2.5, Max: 2.7, Diff: 0.3, Sum: 35.6]
      [GC Worker End (ms): Min: 121530683.3, Avg: 121530683.3, Max: 121530683.4, Diff: 0.1]
   [Code Root Fixup: 0.0 ms]
   [Code Root Purge: 0.0 ms]
   [Clear CT: 0.4 ms]
   [Other: 5.7 ms]
      [Choose CSet: 0.0 ms]
      [Ref Proc: 5.0 ms]
      [Ref Enq: 0.2 ms]
      [Redirty Cards: 0.2 ms]
      [Humongous Register: 0.0 ms]
      [Humongous Reclaim: 0.0 ms]
      [Free CSet: 0.2 ms]
   [Eden: 7152.0M(7152.0M)->0.0B(7152.0M) Survivors: 16384.0K->16384.0K Heap: 9967.3M(14336.0M)->2815.5M(14336.0M)]
 [Times: user=0.06 sys=0.00, real=0.02 secs] 
2022-11-07T04:26:11.046-0700: 122515.732: [GC pause (G1 Evacuation Pause) (young), 0.0303358 secs]
   [Parallel Time: 8.7 ms, GC Workers: 14]
      [GC Worker Start (ms): Min: 122515731.8, Avg: 122515732.0, Max: 122515732.2, Diff: 0.4]
      [Ext Root Scanning (ms): Min: 0.2, Avg: 0.6, Max: 2.6, Diff: 2.4, Sum: 7.9]
      [Update RS (ms): Min: 0.0, Avg: 0.1, Max: 0.3, Diff: 0.3, Sum: 2.1]
         [Processed Buffers: Min: 0, Avg: 11.1, Max: 29, Diff: 29, Sum: 156]
      [Scan RS (ms): Min: 0.0, Avg: 0.0, Max: 0.1, Diff: 0.1, Sum: 0.4]
      [Code Root Scanning (ms): Min: 0.0, Avg: 0.0, Max: 0.0, Diff: 0.0, Sum: 0.0]
      [Object Copy (ms): Min: 0.0, Avg: 0.3, Max: 0.4, Diff: 0.4, Sum: 4.0]
      [Termination (ms): Min: 0.0, Avg: 1.5, Max: 1.6, Diff: 1.6, Sum: 20.6]
         [Termination Attempts: Min: 1, Avg: 22.6, Max: 34, Diff: 33, Sum: 316]
      [GC Worker Other (ms): Min: 0.0, Avg: 0.0, Max: 0.0, Diff: 0.0, Sum: 0.1]
      [GC Worker Total (ms): Min: 2.3, Avg: 2.5, Max: 2.7, Diff: 0.4, Sum: 35.1]
      [GC Worker End (ms): Min: 122515734.4, Avg: 122515734.5, Max: 122515734.5, Diff: 0.1]
   [Code Root Fixup: 0.0 ms]
   [Code Root Purge: 0.0 ms]
   [Clear CT: 0.4 ms]
   [Other: 21.3 ms]
      [Choose CSet: 0.0 ms]
      [Ref Proc: 20.6 ms]
      [Ref Enq: 0.3 ms]
      [Redirty Cards: 0.2 ms]
      [Humongous Register: 0.0 ms]
      [Humongous Reclaim: 0.0 ms]
      [Free CSet: 0.1 ms]
   [Eden: 7152.0M(7152.0M)->0.0B(7152.0M) Survivors: 16384.0K->16384.0K Heap: 9967.5M(14336.0M)->2815.3M(14336.0M)]
 [Times: user=0.23 sys=0.00, real=0.03 secs] 
2022-11-07T04:42:42.176-0700: 123506.862: [GC pause (G1 Evacuation Pause) (young), 0.0095306 secs]
   [Parallel Time: 3.3 ms, GC Workers: 14]
      [GC Worker Start (ms): Min: 123506862.4, Avg: 123506862.6, Max: 123506862.8, Diff: 0.4]
      [Ext Root Scanning (ms): Min: 0.2, Avg: 0.6, Max: 2.7, Diff: 2.5, Sum: 7.9]
      [Update RS (ms): Min: 0.0, Avg: 0.1, Max: 0.3, Diff: 0.3, Sum: 1.4]
         [Processed Buffers: Min: 0, Avg: 11.6, Max: 40, Diff: 40, Sum: 163]
      [Scan RS (ms): Min: 0.0, Avg: 0.0, Max: 0.1, Diff: 0.0, Sum: 0.4]
      [Code Root Scanning (ms): Min: 0.0, Avg: 0.0, Max: 0.0, Diff: 0.0, Sum: 0.0]
      [Object Copy (ms): Min: 0.0, Avg: 0.3, Max: 0.4, Diff: 0.4, Sum: 3.7]
      [Termination (ms): Min: 0.0, Avg: 1.6, Max: 1.8, Diff: 1.8, Sum: 22.9]
         [Termination Attempts: Min: 1, Avg: 23.4, Max: 32, Diff: 31, Sum: 327]
      [GC Worker Other (ms): Min: 0.0, Avg: 0.0, Max: 0.0, Diff: 0.0, Sum: 0.1]
      [GC Worker Total (ms): Min: 2.4, Avg: 2.6, Max: 2.8, Diff: 0.4, Sum: 36.4]
      [GC Worker End (ms): Min: 123506865.1, Avg: 123506865.2, Max: 123506865.3, Diff: 0.1]
   [Code Root Fixup: 0.0 ms]
   [Code Root Purge: 0.0 ms]
   [Clear CT: 0.3 ms]
   [Other: 5.9 ms]
      [Choose CSet: 0.0 ms]
      [Ref Proc: 5.4 ms]
      [Ref Enq: 0.2 ms]
      [Redirty Cards: 0.2 ms]
      [Humongous Register: 0.0 ms]
      [Humongous Reclaim: 0.0 ms]
      [Free CSet: 0.1 ms]
   [Eden: 7152.0M(7152.0M)->0.0B(7152.0M) Survivors: 16384.0K->16384.0K Heap: 9967.3M(14336.0M)->2815.5M(14336.0M)]
 [Times: user=0.06 sys=0.00, real=0.01 secs] 
2022-11-07T04:59:07.295-0700: 124491.981: [GC pause (G1 Evacuation Pause) (young), 0.0099353 secs]
   [Parallel Time: 4.1 ms, GC Workers: 14]
      [GC Worker Start (ms): Min: 124491981.3, Avg: 124491981.4, Max: 124491981.6, Diff: 0.3]
      [Ext Root Scanning (ms): Min: 0.2, Avg: 0.6, Max: 3.8, Diff: 3.6, Sum: 8.9]
      [Update RS (ms): Min: 0.0, Avg: 0.1, Max: 0.2, Diff: 0.2, Sum: 1.3]
         [Processed Buffers: Min: 0, Avg: 11.4, Max: 32, Diff: 32, Sum: 159]
      [Scan RS (ms): Min: 0.0, Avg: 0.0, Max: 0.0, Diff: 0.0, Sum: 0.4]
      [Code Root Scanning (ms): Min: 0.0, Avg: 0.0, Max: 0.0, Diff: 0.0, Sum: 0.0]
      [Object Copy (ms): Min: 0.0, Avg: 0.3, Max: 0.3, Diff: 0.3, Sum: 3.9]
      [Termination (ms): Min: 0.0, Avg: 2.7, Max: 3.0, Diff: 3.0, Sum: 37.8]
         [Termination Attempts: Min: 1, Avg: 17.7, Max: 28, Diff: 27, Sum: 248]
      [GC Worker Other (ms): Min: 0.0, Avg: 0.0, Max: 0.0, Diff: 0.0, Sum: 0.1]
      [GC Worker Total (ms): Min: 3.5, Avg: 3.7, Max: 3.9, Diff: 0.3, Sum: 52.4]
      [GC Worker End (ms): Min: 124491985.1, Avg: 124491985.1, Max: 124491985.2, Diff: 0.1]
   [Code Root Fixup: 0.0 ms]
   [Code Root Purge: 0.0 ms]
   [Clear CT: 0.4 ms]
   [Other: 5.4 ms]
      [Choose CSet: 0.0 ms]
      [Ref Proc: 4.9 ms]
      [Ref Enq: 0.2 ms]
      [Redirty Cards: 0.2 ms]
      [Humongous Register: 0.0 ms]
      [Humongous Reclaim: 0.0 ms]
      [Free CSet: 0.1 ms]
   [Eden: 7152.0M(7152.0M)->0.0B(7152.0M) Survivors: 16384.0K->16384.0K Heap: 9967.5M(14336.0M)->2815.3M(14336.0M)]
 [Times: user=0.07 sys=0.00, real=0.01 secs] 
2022-11-07T05:15:29.795-0700: 125474.482: [GC pause (G1 Evacuation Pause) (young), 0.0093520 secs]
   [Parallel Time: 4.0 ms, GC Workers: 14]
      [GC Worker Start (ms): Min: 125474481.6, Avg: 125474481.8, Max: 125474482.0, Diff: 0.4]
      [Ext Root Scanning (ms): Min: 0.2, Avg: 0.6, Max: 3.7, Diff: 3.5, Sum: 8.3]
      [Update RS (ms): Min: 0.0, Avg: 0.1, Max: 0.2, Diff: 0.2, Sum: 1.3]
         [Processed Buffers: Min: 0, Avg: 11.1, Max: 41, Diff: 41, Sum: 155]
      [Scan RS (ms): Min: 0.0, Avg: 0.0, Max: 0.1, Diff: 0.0, Sum: 0.5]
      [Code Root Scanning (ms): Min: 0.0, Avg: 0.0, Max: 0.0, Diff: 0.0, Sum: 0.0]
      [Object Copy (ms): Min: 0.0, Avg: 0.3, Max: 0.4, Diff: 0.4, Sum: 4.4]
      [Termination (ms): Min: 0.0, Avg: 2.5, Max: 2.8, Diff: 2.8, Sum: 35.2]
         [Termination Attempts: Min: 1, Avg: 45.8, Max: 59, Diff: 58, Sum: 641]
      [GC Worker Other (ms): Min: 0.0, Avg: 0.0, Max: 0.0, Diff: 0.0, Sum: 0.1]
      [GC Worker Total (ms): Min: 3.4, Avg: 3.6, Max: 3.7, Diff: 0.3, Sum: 49.8]
      [GC Worker End (ms): Min: 125474485.3, Avg: 125474485.4, Max: 125474485.4, Diff: 0.1]
   [Code Root Fixup: 0.0 ms]
   [Code Root Purge: 0.0 ms]
   [Clear CT: 0.2 ms]
   [Other: 5.1 ms]
      [Choose CSet: 0.0 ms]
      [Ref Proc: 4.4 ms]
      [Ref Enq: 0.3 ms]
      [Redirty Cards: 0.2 ms]
      [Humongous Register: 0.0 ms]
      [Humongous Reclaim: 0.0 ms]
      [Free CSet: 0.1 ms]
   [Eden: 7152.0M(7152.0M)->0.0B(7152.0M) Survivors: 16384.0K->16384.0K Heap: 9967.3M(14336.0M)->2815.6M(14336.0M)]
 [Times: user=0.07 sys=0.00, real=0.01 secs] 
2022-11-07T05:31:57.971-0700: 126462.657: [GC pause (G1 Evacuation Pause) (young), 0.0100398 secs]
   [Parallel Time: 4.1 ms, GC Workers: 14]
      [GC Worker Start (ms): Min: 126462657.5, Avg: 126462657.6, Max: 126462657.8, Diff: 0.3]
      [Ext Root Scanning (ms): Min: 0.2, Avg: 0.6, Max: 3.7, Diff: 3.5, Sum: 8.5]
      [Update RS (ms): Min: 0.0, Avg: 0.1, Max: 0.3, Diff: 0.3, Sum: 1.3]
         [Processed Buffers: Min: 0, Avg: 11.9, Max: 26, Diff: 26, Sum: 166]
      [Scan RS (ms): Min: 0.0, Avg: 0.0, Max: 0.1, Diff: 0.0, Sum: 0.5]
      [Code Root Scanning (ms): Min: 0.0, Avg: 0.0, Max: 0.0, Diff: 0.0, Sum: 0.0]
      [Object Copy (ms): Min: 0.0, Avg: 0.3, Max: 0.4, Diff: 0.4, Sum: 4.2]
      [Termination (ms): Min: 0.0, Avg: 2.6, Max: 2.9, Diff: 2.9, Sum: 36.6]
         [Termination Attempts: Min: 1, Avg: 42.4, Max: 58, Diff: 57, Sum: 593]
      [GC Worker Other (ms): Min: 0.0, Avg: 0.0, Max: 0.0, Diff: 0.0, Sum: 0.1]
      [GC Worker Total (ms): Min: 3.4, Avg: 3.7, Max: 3.8, Diff: 0.4, Sum: 51.3]
      [GC Worker End (ms): Min: 126462661.2, Avg: 126462661.3, Max: 126462661.4, Diff: 0.1]
   [Code Root Fixup: 0.0 ms]
   [Code Root Purge: 0.0 ms]
   [Clear CT: 0.4 ms]
   [Other: 5.6 ms]
      [Choose CSet: 0.0 ms]
      [Ref Proc: 4.9 ms]
      [Ref Enq: 0.3 ms]
      [Redirty Cards: 0.2 ms]
      [Humongous Register: 0.0 ms]
      [Humongous Reclaim: 0.0 ms]
      [Free CSet: 0.1 ms]
   [Eden: 7152.0M(7152.0M)->0.0B(7152.0M) Survivors: 16384.0K->16384.0K Heap: 9967.6M(14336.0M)->2815.4M(14336.0M)]
 [Times: user=0.07 sys=0.00, real=0.01 secs] 
2022-11-07T05:48:24.162-0700: 127448.848: [GC pause (G1 Evacuation Pause) (young), 0.0102976 secs]
   [Parallel Time: 4.4 ms, GC Workers: 14]
      [GC Worker Start (ms): Min: 127448848.1, Avg: 127448848.3, Max: 127448848.5, Diff: 0.3]
      [Ext Root Scanning (ms): Min: 0.2, Avg: 0.7, Max: 3.9, Diff: 3.7, Sum: 9.3]
      [Update RS (ms): Min: 0.0, Avg: 0.1, Max: 0.3, Diff: 0.3, Sum: 1.5]
         [Processed Buffers: Min: 0, Avg: 11.1, Max: 28, Diff: 28, Sum: 155]
      [Scan RS (ms): Min: 0.0, Avg: 0.0, Max: 0.1, Diff: 0.0, Sum: 0.4]
      [Code Root Scanning (ms): Min: 0.0, Avg: 0.0, Max: 0.0, Diff: 0.0, Sum: 0.0]
      [Object Copy (ms): Min: 0.0, Avg: 0.2, Max: 0.3, Diff: 0.3, Sum: 3.4]
      [Termination (ms): Min: 0.0, Avg: 2.7, Max: 2.9, Diff: 2.9, Sum: 37.7]
         [Termination Attempts: Min: 1, Avg: 21.0, Max: 32, Diff: 31, Sum: 294]
      [GC Worker Other (ms): Min: 0.0, Avg: 0.0, Max: 0.0, Diff: 0.0, Sum: 0.1]
      [GC Worker Total (ms): Min: 3.5, Avg: 3.7, Max: 3.9, Diff: 0.4, Sum: 52.5]
      [GC Worker End (ms): Min: 127448852.0, Avg: 127448852.0, Max: 127448852.1, Diff: 0.1]
   [Code Root Fixup: 0.0 ms]
   [Code Root Purge: 0.0 ms]
   [Clear CT: 0.2 ms]
   [Other: 5.7 ms]
      [Choose CSet: 0.0 ms]
      [Ref Proc: 5.0 ms]
      [Ref Enq: 0.3 ms]
      [Redirty Cards: 0.2 ms]
      [Humongous Register: 0.0 ms]
      [Humongous Reclaim: 0.0 ms]
      [Free CSet: 0.1 ms]
   [Eden: 7152.0M(7152.0M)->0.0B(7152.0M) Survivors: 16384.0K->16384.0K Heap: 9967.4M(14336.0M)->2815.7M(14336.0M)]
 [Times: user=0.08 sys=0.00, real=0.01 secs] 
2022-11-07T06:04:54.545-0700: 128439.231: [GC pause (G1 Evacuation Pause) (young), 0.0109347 secs]
   [Parallel Time: 4.2 ms, GC Workers: 14]
      [GC Worker Start (ms): Min: 128439231.3, Avg: 128439231.4, Max: 128439231.6, Diff: 0.4]
      [Ext Root Scanning (ms): Min: 0.2, Avg: 0.6, Max: 3.7, Diff: 3.6, Sum: 8.7]
      [Update RS (ms): Min: 0.0, Avg: 0.1, Max: 0.3, Diff: 0.3, Sum: 1.4]
         [Processed Buffers: Min: 0, Avg: 11.2, Max: 27, Diff: 27, Sum: 157]
      [Scan RS (ms): Min: 0.0, Avg: 0.0, Max: 0.1, Diff: 0.1, Sum: 0.3]
      [Code Root Scanning (ms): Min: 0.0, Avg: 0.0, Max: 0.0, Diff: 0.0, Sum: 0.0]
      [Object Copy (ms): Min: 0.0, Avg: 0.3, Max: 0.3, Diff: 0.3, Sum: 3.5]
      [Termination (ms): Min: 0.0, Avg: 2.6, Max: 2.9, Diff: 2.9, Sum: 36.2]
         [Termination Attempts: Min: 1, Avg: 16.2, Max: 27, Diff: 26, Sum: 227]
      [GC Worker Other (ms): Min: 0.0, Avg: 0.0, Max: 0.0, Diff: 0.0, Sum: 0.1]
      [GC Worker Total (ms): Min: 3.4, Avg: 3.6, Max: 3.8, Diff: 0.4, Sum: 50.3]
      [GC Worker End (ms): Min: 128439235.0, Avg: 128439235.0, Max: 128439235.1, Diff: 0.1]
   [Code Root Fixup: 0.0 ms]
   [Code Root Purge: 0.0 ms]
   [Clear CT: 0.2 ms]
   [Other: 6.4 ms]
      [Choose CSet: 0.0 ms]
      [Ref Proc: 5.8 ms]
      [Ref Enq: 0.3 ms]
      [Redirty Cards: 0.2 ms]
      [Humongous Register: 0.0 ms]
      [Humongous Reclaim: 0.0 ms]
      [Free CSet: 0.1 ms]
   [Eden: 7152.0M(7152.0M)->0.0B(7152.0M) Survivors: 16384.0K->16384.0K Heap: 9967.7M(14336.0M)->2815.4M(14336.0M)]
 [Times: user=0.08 sys=0.00, real=0.01 secs] 
2022-11-07T06:21:10.345-0700: 129415.031: [GC pause (G1 Evacuation Pause) (young), 0.0103283 secs]
   [Parallel Time: 3.9 ms, GC Workers: 14]
      [GC Worker Start (ms): Min: 129415031.4, Avg: 129415031.5, Max: 129415031.7, Diff: 0.3]
      [Ext Root Scanning (ms): Min: 0.2, Avg: 0.6, Max: 3.7, Diff: 3.5, Sum: 8.7]
      [Update RS (ms): Min: 0.0, Avg: 0.1, Max: 0.3, Diff: 0.3, Sum: 1.3]
         [Processed Buffers: Min: 0, Avg: 11.2, Max: 33, Diff: 33, Sum: 157]
      [Scan RS (ms): Min: 0.0, Avg: 0.0, Max: 0.0, Diff: 0.0, Sum: 0.5]
      [Code Root Scanning (ms): Min: 0.0, Avg: 0.0, Max: 0.0, Diff: 0.0, Sum: 0.0]
      [Object Copy (ms): Min: 0.0, Avg: 0.3, Max: 0.4, Diff: 0.4, Sum: 4.0]
      [Termination (ms): Min: 0.0, Avg: 2.5, Max: 2.8, Diff: 2.8, Sum: 35.7]
         [Termination Attempts: Min: 1, Avg: 33.7, Max: 54, Diff: 53, Sum: 472]
      [GC Worker Other (ms): Min: 0.0, Avg: 0.0, Max: 0.0, Diff: 0.0, Sum: 0.1]
      [GC Worker Total (ms): Min: 3.4, Avg: 3.6, Max: 3.7, Diff: 0.3, Sum: 50.2]
      [GC Worker End (ms): Min: 129415035.1, Avg: 129415035.1, Max: 129415035.1, Diff: 0.0]
   [Code Root Fixup: 0.0 ms]
   [Code Root Purge: 0.0 ms]
   [Clear CT: 0.2 ms]
   [Other: 6.2 ms]
      [Choose CSet: 0.0 ms]
      [Ref Proc: 5.6 ms]
      [Ref Enq: 0.3 ms]
      [Redirty Cards: 0.2 ms]
      [Humongous Register: 0.0 ms]
      [Humongous Reclaim: 0.0 ms]
      [Free CSet: 0.1 ms]
   [Eden: 7152.0M(7152.0M)->0.0B(7152.0M) Survivors: 16384.0K->16384.0K Heap: 9967.4M(14336.0M)->2815.7M(14336.0M)]
 [Times: user=0.08 sys=0.00, real=0.01 secs] 
2022-11-07T06:37:34.095-0700: 130398.781: [GC pause (G1 Evacuation Pause) (young), 0.0105224 secs]
   [Parallel Time: 4.2 ms, GC Workers: 14]
      [GC Worker Start (ms): Min: 130398781.4, Avg: 130398781.5, Max: 130398781.7, Diff: 0.3]
      [Ext Root Scanning (ms): Min: 0.2, Avg: 0.6, Max: 3.7, Diff: 3.5, Sum: 8.5]
      [Update RS (ms): Min: 0.0, Avg: 0.1, Max: 0.3, Diff: 0.3, Sum: 1.4]
         [Processed Buffers: Min: 0, Avg: 10.9, Max: 34, Diff: 34, Sum: 153]
      [Scan RS (ms): Min: 0.0, Avg: 0.0, Max: 0.0, Diff: 0.0, Sum: 0.4]
      [Code Root Scanning (ms): Min: 0.0, Avg: 0.0, Max: 0.0, Diff: 0.0, Sum: 0.0]
      [Object Copy (ms): Min: 0.0, Avg: 0.3, Max: 0.4, Diff: 0.4, Sum: 4.1]
      [Termination (ms): Min: 0.0, Avg: 2.6, Max: 2.9, Diff: 2.9, Sum: 36.7]
         [Termination Attempts: Min: 1, Avg: 26.3, Max: 35, Diff: 34, Sum: 368]
      [GC Worker Other (ms): Min: 0.0, Avg: 0.0, Max: 0.0, Diff: 0.0, Sum: 0.1]
      [GC Worker Total (ms): Min: 3.5, Avg: 3.7, Max: 3.8, Diff: 0.3, Sum: 51.2]
      [GC Worker End (ms): Min: 130398785.1, Avg: 130398785.2, Max: 130398785.2, Diff: 0.1]
   [Code Root Fixup: 0.0 ms]
   [Code Root Purge: 0.0 ms]
   [Clear CT: 0.3 ms]
   [Other: 6.0 ms]
      [Choose CSet: 0.0 ms]
      [Ref Proc: 5.3 ms]
      [Ref Enq: 0.3 ms]
      [Redirty Cards: 0.2 ms]
      [Humongous Register: 0.0 ms]
      [Humongous Reclaim: 0.0 ms]
      [Free CSet: 0.1 ms]
   [Eden: 7152.0M(7152.0M)->0.0B(7152.0M) Survivors: 16384.0K->16384.0K Heap: 9967.7M(14336.0M)->2815.4M(14336.0M)]
 [Times: user=0.07 sys=0.00, real=0.01 secs] 
2022-11-07T06:53:47.945-0700: 131372.632: [GC pause (G1 Evacuation Pause) (young), 0.0103130 secs]
   [Parallel Time: 4.2 ms, GC Workers: 14]
      [GC Worker Start (ms): Min: 131372631.6, Avg: 131372631.8, Max: 131372632.0, Diff: 0.4]
      [Ext Root Scanning (ms): Min: 0.1, Avg: 0.6, Max: 3.7, Diff: 3.6, Sum: 8.9]
      [Update RS (ms): Min: 0.0, Avg: 0.1, Max: 0.3, Diff: 0.3, Sum: 1.2]
         [Processed Buffers: Min: 0, Avg: 10.8, Max: 29, Diff: 29, Sum: 151]
      [Scan RS (ms): Min: 0.0, Avg: 0.0, Max: 0.1, Diff: 0.1, Sum: 0.5]
      [Code Root Scanning (ms): Min: 0.0, Avg: 0.0, Max: 0.0, Diff: 0.0, Sum: 0.0]
      [Object Copy (ms): Min: 0.0, Avg: 0.3, Max: 0.4, Diff: 0.4, Sum: 4.0]
      [Termination (ms): Min: 0.0, Avg: 2.6, Max: 2.9, Diff: 2.9, Sum: 36.0]
         [Termination Attempts: Min: 1, Avg: 32.3, Max: 48, Diff: 47, Sum: 452]
      [GC Worker Other (ms): Min: 0.0, Avg: 0.0, Max: 0.0, Diff: 0.0, Sum: 0.1]
      [GC Worker Total (ms): Min: 3.4, Avg: 3.6, Max: 3.8, Diff: 0.4, Sum: 50.8]
      [GC Worker End (ms): Min: 131372635.4, Avg: 131372635.4, Max: 131372635.5, Diff: 0.1]
   [Code Root Fixup: 0.0 ms]
   [Code Root Purge: 0.0 ms]
   [Clear CT: 0.3 ms]
   [Other: 5.7 ms]
      [Choose CSet: 0.0 ms]
      [Ref Proc: 5.1 ms]
      [Ref Enq: 0.2 ms]
      [Redirty Cards: 0.2 ms]
      [Humongous Register: 0.0 ms]
      [Humongous Reclaim: 0.0 ms]
      [Free CSet: 0.1 ms]
   [Eden: 7152.0M(7152.0M)->0.0B(7152.0M) Survivors: 16384.0K->16384.0K Heap: 9967.4M(14336.0M)->2815.4M(14336.0M)]
 [Times: user=0.07 sys=0.00, real=0.01 secs] 
2022-11-07T07:10:15.595-0700: 132360.282: [GC pause (G1 Evacuation Pause) (young), 0.0092648 secs]
   [Parallel Time: 3.9 ms, GC Workers: 14]
      [GC Worker Start (ms): Min: 132360281.5, Avg: 132360281.7, Max: 132360281.8, Diff: 0.3]
      [Ext Root Scanning (ms): Min: 0.2, Avg: 0.7, Max: 3.7, Diff: 3.5, Sum: 9.1]
      [Update RS (ms): Min: 0.0, Avg: 0.1, Max: 0.3, Diff: 0.3, Sum: 1.3]
         [Processed Buffers: Min: 0, Avg: 11.9, Max: 39, Diff: 39, Sum: 167]
      [Scan RS (ms): Min: 0.0, Avg: 0.0, Max: 0.1, Diff: 0.0, Sum: 0.5]
      [Code Root Scanning (ms): Min: 0.0, Avg: 0.0, Max: 0.0, Diff: 0.0, Sum: 0.0]
      [Object Copy (ms): Min: 0.0, Avg: 0.3, Max: 0.3, Diff: 0.3, Sum: 3.5]
      [Termination (ms): Min: 0.0, Avg: 2.6, Max: 2.9, Diff: 2.9, Sum: 36.3]
         [Termination Attempts: Min: 1, Avg: 20.6, Max: 33, Diff: 32, Sum: 289]
      [GC Worker Other (ms): Min: 0.0, Avg: 0.0, Max: 0.0, Diff: 0.0, Sum: 0.1]
      [GC Worker Total (ms): Min: 3.5, Avg: 3.6, Max: 3.7, Diff: 0.3, Sum: 50.8]
      [GC Worker End (ms): Min: 132360285.3, Avg: 132360285.3, Max: 132360285.3, Diff: 0.1]
   [Code Root Fixup: 0.0 ms]
   [Code Root Purge: 0.0 ms]
   [Clear CT: 0.2 ms]
   [Other: 5.1 ms]
      [Choose CSet: 0.0 ms]
      [Ref Proc: 4.5 ms]
      [Ref Enq: 0.3 ms]
      [Redirty Cards: 0.2 ms]
      [Humongous Register: 0.0 ms]
      [Humongous Reclaim: 0.0 ms]
      [Free CSet: 0.1 ms]
   [Eden: 7152.0M(7152.0M)->0.0B(7152.0M) Survivors: 16384.0K->16384.0K Heap: 9967.4M(14336.0M)->2815.5M(14336.0M)]
 [Times: user=0.07 sys=0.00, real=0.01 secs] 
2022-11-07T07:26:38.603-0700: 133343.289: [GC pause (G1 Evacuation Pause) (young), 0.0095198 secs]
   [Parallel Time: 4.1 ms, GC Workers: 14]
      [GC Worker Start (ms): Min: 133343289.2, Avg: 133343289.3, Max: 133343289.5, Diff: 0.3]
      [Ext Root Scanning (ms): Min: 0.2, Avg: 0.6, Max: 3.7, Diff: 3.5, Sum: 8.5]
      [Update RS (ms): Min: 0.0, Avg: 0.1, Max: 0.2, Diff: 0.2, Sum: 1.3]
         [Processed Buffers: Min: 0, Avg: 10.9, Max: 40, Diff: 40, Sum: 152]
      [Scan RS (ms): Min: 0.0, Avg: 0.0, Max: 0.0, Diff: 0.0, Sum: 0.4]
      [Code Root Scanning (ms): Min: 0.0, Avg: 0.0, Max: 0.0, Diff: 0.0, Sum: 0.0]
      [Object Copy (ms): Min: 0.0, Avg: 0.3, Max: 0.3, Diff: 0.3, Sum: 3.9]
      [Termination (ms): Min: 0.0, Avg: 2.7, Max: 3.0, Diff: 3.0, Sum: 37.6]
         [Termination Attempts: Min: 1, Avg: 28.1, Max: 40, Diff: 39, Sum: 393]
      [GC Worker Other (ms): Min: 0.0, Avg: 0.0, Max: 0.0, Diff: 0.0, Sum: 0.1]
      [GC Worker Total (ms): Min: 3.5, Avg: 3.7, Max: 3.9, Diff: 0.4, Sum: 51.8]
      [GC Worker End (ms): Min: 133343293.0, Avg: 133343293.0, Max: 133343293.1, Diff: 0.1]
   [Code Root Fixup: 0.0 ms]
   [Code Root Purge: 0.0 ms]
   [Clear CT: 0.4 ms]
   [Other: 5.0 ms]
      [Choose CSet: 0.0 ms]
      [Ref Proc: 4.5 ms]
      [Ref Enq: 0.2 ms]
      [Redirty Cards: 0.2 ms]
      [Humongous Register: 0.0 ms]
      [Humongous Reclaim: 0.0 ms]
      [Free CSet: 0.1 ms]
   [Eden: 7152.0M(7152.0M)->0.0B(7152.0M) Survivors: 16384.0K->16384.0K Heap: 9967.5M(14336.0M)->2815.4M(14336.0M)]
 [Times: user=0.07 sys=0.00, real=0.00 secs] 
2022-11-07T07:43:07.845-0700: 134332.531: [GC pause (G1 Evacuation Pause) (young), 0.0119639 secs]
   [Parallel Time: 3.9 ms, GC Workers: 14]
      [GC Worker Start (ms): Min: 134332531.4, Avg: 134332531.6, Max: 134332531.7, Diff: 0.4]
      [Ext Root Scanning (ms): Min: 0.2, Avg: 0.6, Max: 3.7, Diff: 3.5, Sum: 8.5]
      [Update RS (ms): Min: 0.0, Avg: 0.1, Max: 0.2, Diff: 0.2, Sum: 1.3]
         [Processed Buffers: Min: 0, Avg: 10.9, Max: 34, Diff: 34, Sum: 153]
      [Scan RS (ms): Min: 0.0, Avg: 0.0, Max: 0.1, Diff: 0.1, Sum: 0.6]
      [Code Root Scanning (ms): Min: 0.0, Avg: 0.0, Max: 0.0, Diff: 0.0, Sum: 0.0]
      [Object Copy (ms): Min: 0.0, Avg: 0.3, Max: 0.3, Diff: 0.3, Sum: 4.0]
      [Termination (ms): Min: 0.0, Avg: 2.5, Max: 2.8, Diff: 2.8, Sum: 35.5]
         [Termination Attempts: Min: 1, Avg: 33.9, Max: 54, Diff: 53, Sum: 475]
      [GC Worker Other (ms): Min: 0.0, Avg: 0.0, Max: 0.0, Diff: 0.0, Sum: 0.1]
      [GC Worker Total (ms): Min: 3.4, Avg: 3.6, Max: 3.8, Diff: 0.4, Sum: 50.0]
      [GC Worker End (ms): Min: 134332535.1, Avg: 134332535.1, Max: 134332535.1, Diff: 0.0]
   [Code Root Fixup: 0.0 ms]
   [Code Root Purge: 0.0 ms]
   [Clear CT: 0.2 ms]
   [Other: 7.9 ms]
      [Choose CSet: 0.0 ms]
      [Ref Proc: 7.0 ms]
      [Ref Enq: 0.3 ms]
      [Redirty Cards: 0.2 ms]
      [Humongous Register: 0.0 ms]
      [Humongous Reclaim: 0.0 ms]
      [Free CSet: 0.2 ms]
   [Eden: 7152.0M(7152.0M)->0.0B(7152.0M) Survivors: 16384.0K->16384.0K Heap: 9967.4M(14336.0M)->2815.4M(14336.0M)]
 [Times: user=0.08 sys=0.00, real=0.01 secs] 
2022-11-07T07:59:22.817-0700: 135307.503: [GC pause (G1 Evacuation Pause) (young), 0.0100186 secs]
   [Parallel Time: 4.2 ms, GC Workers: 14]
      [GC Worker Start (ms): Min: 135307503.3, Avg: 135307503.4, Max: 135307503.6, Diff: 0.3]
      [Ext Root Scanning (ms): Min: 0.2, Avg: 0.6, Max: 3.7, Diff: 3.5, Sum: 8.7]
      [Update RS (ms): Min: 0.0, Avg: 0.1, Max: 0.3, Diff: 0.3, Sum: 1.3]
         [Processed Buffers: Min: 0, Avg: 11.7, Max: 45, Diff: 45, Sum: 164]
      [Scan RS (ms): Min: 0.0, Avg: 0.0, Max: 0.1, Diff: 0.1, Sum: 0.5]
      [Code Root Scanning (ms): Min: 0.0, Avg: 0.0, Max: 0.0, Diff: 0.0, Sum: 0.0]
      [Object Copy (ms): Min: 0.0, Avg: 0.3, Max: 0.3, Diff: 0.3, Sum: 3.8]
      [Termination (ms): Min: 0.0, Avg: 2.6, Max: 2.9, Diff: 2.9, Sum: 36.7]
         [Termination Attempts: Min: 1, Avg: 26.3, Max: 40, Diff: 39, Sum: 368]
      [GC Worker Other (ms): Min: 0.0, Avg: 0.0, Max: 0.0, Diff: 0.0, Sum: 0.1]
      [GC Worker Total (ms): Min: 3.5, Avg: 3.7, Max: 3.8, Diff: 0.3, Sum: 51.1]
      [GC Worker End (ms): Min: 135307507.0, Avg: 135307507.1, Max: 135307507.1, Diff: 0.1]
   [Code Root Fixup: 0.0 ms]
   [Code Root Purge: 0.0 ms]
   [Clear CT: 0.3 ms]
   [Other: 5.6 ms]
      [Choose CSet: 0.0 ms]
      [Ref Proc: 4.9 ms]
      [Ref Enq: 0.3 ms]
      [Redirty Cards: 0.2 ms]
      [Humongous Register: 0.0 ms]
      [Humongous Reclaim: 0.0 ms]
      [Free CSet: 0.1 ms]
   [Eden: 7152.0M(7152.0M)->0.0B(7152.0M) Survivors: 16384.0K->16384.0K Heap: 9967.4M(14336.0M)->2815.7M(14336.0M)]
 [Times: user=0.07 sys=0.00, real=0.01 secs] 
2022-11-07T08:15:39.545-0700: 136284.232: [GC pause (G1 Evacuation Pause) (young), 0.0114746 secs]
   [Parallel Time: 4.3 ms, GC Workers: 14]
      [GC Worker Start (ms): Min: 136284231.7, Avg: 136284231.9, Max: 136284232.1, Diff: 0.4]
      [Ext Root Scanning (ms): Min: 0.2, Avg: 0.6, Max: 3.7, Diff: 3.5, Sum: 8.5]
      [Update RS (ms): Min: 0.0, Avg: 0.1, Max: 0.3, Diff: 0.3, Sum: 1.3]
         [Processed Buffers: Min: 0, Avg: 11.8, Max: 35, Diff: 35, Sum: 165]
      [Scan RS (ms): Min: 0.0, Avg: 0.0, Max: 0.0, Diff: 0.0, Sum: 0.4]
      [Code Root Scanning (ms): Min: 0.0, Avg: 0.0, Max: 0.0, Diff: 0.0, Sum: 0.0]
      [Object Copy (ms): Min: 0.0, Avg: 0.3, Max: 0.4, Diff: 0.4, Sum: 4.2]
      [Termination (ms): Min: 0.0, Avg: 2.5, Max: 2.8, Diff: 2.8, Sum: 35.2]
         [Termination Attempts: Min: 1, Avg: 29.6, Max: 44, Diff: 43, Sum: 414]
      [GC Worker Other (ms): Min: 0.0, Avg: 0.0, Max: 0.0, Diff: 0.0, Sum: 0.1]
      [GC Worker Total (ms): Min: 3.3, Avg: 3.5, Max: 3.7, Diff: 0.4, Sum: 49.7]
      [GC Worker End (ms): Min: 136284235.4, Avg: 136284235.4, Max: 136284235.5, Diff: 0.1]
   [Code Root Fixup: 0.0 ms]
   [Code Root Purge: 0.0 ms]
   [Clear CT: 0.4 ms]
   [Other: 6.8 ms]
      [Choose CSet: 0.0 ms]
      [Ref Proc: 6.1 ms]
      [Ref Enq: 0.2 ms]
      [Redirty Cards: 0.2 ms]
      [Humongous Register: 0.0 ms]
      [Humongous Reclaim: 0.0 ms]
      [Free CSet: 0.2 ms]
   [Eden: 7152.0M(7152.0M)->0.0B(7152.0M) Survivors: 16384.0K->16384.0K Heap: 9967.7M(14336.0M)->2815.5M(14336.0M)]
 [Times: user=0.07 sys=0.00, real=0.01 secs] 
2022-11-07T08:32:03.145-0700: 137267.831: [GC pause (G1 Evacuation Pause) (young), 0.0103967 secs]
   [Parallel Time: 4.3 ms, GC Workers: 14]
      [GC Worker Start (ms): Min: 137267831.1, Avg: 137267831.3, Max: 137267831.5, Diff: 0.3]
      [Ext Root Scanning (ms): Min: 0.1, Avg: 0.6, Max: 3.7, Diff: 3.6, Sum: 8.2]
      [Update RS (ms): Min: 0.0, Avg: 0.1, Max: 0.3, Diff: 0.3, Sum: 1.3]
         [Processed Buffers: Min: 0, Avg: 11.7, Max: 37, Diff: 37, Sum: 164]
      [Scan RS (ms): Min: 0.0, Avg: 0.0, Max: 0.1, Diff: 0.1, Sum: 0.5]
      [Code Root Scanning (ms): Min: 0.0, Avg: 0.0, Max: 0.0, Diff: 0.0, Sum: 0.0]
      [Object Copy (ms): Min: 0.0, Avg: 0.3, Max: 0.4, Diff: 0.4, Sum: 4.1]
      [Termination (ms): Min: 0.0, Avg: 2.6, Max: 2.9, Diff: 2.9, Sum: 36.5]
         [Termination Attempts: Min: 1, Avg: 42.2, Max: 58, Diff: 57, Sum: 591]
      [GC Worker Other (ms): Min: 0.0, Avg: 0.0, Max: 0.0, Diff: 0.0, Sum: 0.1]
      [GC Worker Total (ms): Min: 3.4, Avg: 3.6, Max: 3.8, Diff: 0.4, Sum: 50.7]
      [GC Worker End (ms): Min: 137267834.9, Avg: 137267834.9, Max: 137267835.0, Diff: 0.1]
   [Code Root Fixup: 0.0 ms]
   [Code Root Purge: 0.0 ms]
   [Clear CT: 0.4 ms]
   [Other: 5.8 ms]
      [Choose CSet: 0.0 ms]
      [Ref Proc: 5.2 ms]
      [Ref Enq: 0.2 ms]
      [Redirty Cards: 0.2 ms]
      [Humongous Register: 0.0 ms]
      [Humongous Reclaim: 0.0 ms]
      [Free CSet: 0.1 ms]
   [Eden: 7152.0M(7152.0M)->0.0B(7152.0M) Survivors: 16384.0K->16384.0K Heap: 9967.5M(14336.0M)->2815.7M(14336.0M)]
 [Times: user=0.07 sys=0.00, real=0.01 secs] 
2022-11-07T08:48:26.020-0700: 138250.706: [GC pause (G1 Evacuation Pause) (young), 0.0095862 secs]
   [Parallel Time: 3.1 ms, GC Workers: 14]
      [GC Worker Start (ms): Min: 138250706.4, Avg: 138250706.6, Max: 138250706.8, Diff: 0.4]
      [Ext Root Scanning (ms): Min: 0.2, Avg: 0.6, Max: 2.6, Diff: 2.4, Sum: 8.1]
      [Update RS (ms): Min: 0.0, Avg: 0.1, Max: 0.3, Diff: 0.3, Sum: 1.3]
         [Processed Buffers: Min: 0, Avg: 10.6, Max: 40, Diff: 40, Sum: 148]
      [Scan RS (ms): Min: 0.0, Avg: 0.0, Max: 0.0, Diff: 0.0, Sum: 0.4]
      [Code Root Scanning (ms): Min: 0.0, Avg: 0.0, Max: 0.0, Diff: 0.0, Sum: 0.0]
      [Object Copy (ms): Min: 0.0, Avg: 0.3, Max: 0.4, Diff: 0.4, Sum: 4.0]
      [Termination (ms): Min: 0.0, Avg: 1.5, Max: 1.7, Diff: 1.7, Sum: 20.4]
         [Termination Attempts: Min: 1, Avg: 28.4, Max: 46, Diff: 45, Sum: 398]
      [GC Worker Other (ms): Min: 0.0, Avg: 0.0, Max: 0.0, Diff: 0.0, Sum: 0.1]
      [GC Worker Total (ms): Min: 2.3, Avg: 2.5, Max: 2.7, Diff: 0.4, Sum: 34.4]
      [GC Worker End (ms): Min: 138250709.0, Avg: 138250709.0, Max: 138250709.1, Diff: 0.1]
   [Code Root Fixup: 0.0 ms]
   [Code Root Purge: 0.0 ms]
   [Clear CT: 0.3 ms]
   [Other: 6.2 ms]
      [Choose CSet: 0.0 ms]
      [Ref Proc: 5.5 ms]
      [Ref Enq: 0.2 ms]
      [Redirty Cards: 0.2 ms]
      [Humongous Register: 0.0 ms]
      [Humongous Reclaim: 0.0 ms]
      [Free CSet: 0.2 ms]
   [Eden: 7152.0M(7152.0M)->0.0B(7152.0M) Survivors: 16384.0K->16384.0K Heap: 9967.7M(14336.0M)->2815.5M(14336.0M)]
 [Times: user=0.06 sys=0.00, real=0.01 secs] 
2022-11-07T09:04:44.595-0700: 139229.281: [GC pause (G1 Evacuation Pause) (young), 0.0099325 secs]
   [Parallel Time: 4.3 ms, GC Workers: 14]
      [GC Worker Start (ms): Min: 139229281.2, Avg: 139229281.4, Max: 139229281.5, Diff: 0.3]
      [Ext Root Scanning (ms): Min: 0.2, Avg: 0.6, Max: 3.7, Diff: 3.5, Sum: 8.6]
      [Update RS (ms): Min: 0.0, Avg: 0.1, Max: 0.3, Diff: 0.3, Sum: 1.4]
         [Processed Buffers: Min: 0, Avg: 11.4, Max: 28, Diff: 28, Sum: 159]
      [Scan RS (ms): Min: 0.0, Avg: 0.0, Max: 0.0, Diff: 0.0, Sum: 0.4]
      [Code Root Scanning (ms): Min: 0.0, Avg: 0.0, Max: 0.0, Diff: 0.0, Sum: 0.0]
      [Object Copy (ms): Min: 0.0, Avg: 0.3, Max: 0.4, Diff: 0.4, Sum: 3.8]
      [Termination (ms): Min: 0.0, Avg: 2.6, Max: 2.8, Diff: 2.8, Sum: 35.7]
         [Termination Attempts: Min: 1, Avg: 34.6, Max: 50, Diff: 49, Sum: 484]
      [GC Worker Other (ms): Min: 0.0, Avg: 0.0, Max: 0.0, Diff: 0.0, Sum: 0.1]
      [GC Worker Total (ms): Min: 3.4, Avg: 3.6, Max: 3.7, Diff: 0.3, Sum: 50.1]
      [GC Worker End (ms): Min: 139229285.0, Avg: 139229285.0, Max: 139229285.0, Diff: 0.0]
   [Code Root Fixup: 0.0 ms]
   [Code Root Purge: 0.0 ms]
   [Clear CT: 0.4 ms]
   [Other: 5.3 ms]
      [Choose CSet: 0.0 ms]
      [Ref Proc: 4.7 ms]
      [Ref Enq: 0.2 ms]
      [Redirty Cards: 0.2 ms]
      [Humongous Register: 0.0 ms]
      [Humongous Reclaim: 0.0 ms]
      [Free CSet: 0.1 ms]
   [Eden: 7152.0M(7152.0M)->0.0B(7152.0M) Survivors: 16384.0K->16384.0K Heap: 9967.5M(14336.0M)->2815.4M(14336.0M)]
 [Times: user=0.07 sys=0.00, real=0.01 secs] 
2022-11-07T09:21:10.745-0700: 140215.431: [GC pause (G1 Evacuation Pause) (young), 0.0094276 secs]
   [Parallel Time: 4.2 ms, GC Workers: 14]
      [GC Worker Start (ms): Min: 140215431.6, Avg: 140215431.7, Max: 140215431.8, Diff: 0.3]
      [Ext Root Scanning (ms): Min: 0.3, Avg: 0.6, Max: 3.7, Diff: 3.5, Sum: 8.8]
      [Update RS (ms): Min: 0.0, Avg: 0.1, Max: 0.3, Diff: 0.3, Sum: 1.3]
         [Processed Buffers: Min: 0, Avg: 11.1, Max: 24, Diff: 24, Sum: 156]
      [Scan RS (ms): Min: 0.0, Avg: 0.0, Max: 0.1, Diff: 0.0, Sum: 0.5]
      [Code Root Scanning (ms): Min: 0.0, Avg: 0.0, Max: 0.0, Diff: 0.0, Sum: 0.0]
      [Object Copy (ms): Min: 0.0, Avg: 0.3, Max: 0.4, Diff: 0.4, Sum: 4.4]
      [Termination (ms): Min: 0.0, Avg: 2.5, Max: 2.8, Diff: 2.8, Sum: 35.6]
         [Termination Attempts: Min: 1, Avg: 43.7, Max: 65, Diff: 64, Sum: 612]
      [GC Worker Other (ms): Min: 0.0, Avg: 0.0, Max: 0.0, Diff: 0.0, Sum: 0.1]
      [GC Worker Total (ms): Min: 3.5, Avg: 3.6, Max: 3.8, Diff: 0.3, Sum: 50.7]
      [GC Worker End (ms): Min: 140215435.3, Avg: 140215435.3, Max: 140215435.4, Diff: 0.1]
   [Code Root Fixup: 0.0 ms]
   [Code Root Purge: 0.0 ms]
   [Clear CT: 0.2 ms]
   [Other: 5.0 ms]
      [Choose CSet: 0.0 ms]
      [Ref Proc: 4.2 ms]
      [Ref Enq: 0.3 ms]
      [Redirty Cards: 0.2 ms]
      [Humongous Register: 0.0 ms]
      [Humongous Reclaim: 0.0 ms]
      [Free CSet: 0.2 ms]
   [Eden: 7152.0M(7152.0M)->0.0B(7152.0M) Survivors: 16384.0K->16384.0K Heap: 9967.4M(14336.0M)->2815.7M(14336.0M)]
 [Times: user=0.07 sys=0.00, real=0.01 secs] 
2022-11-07T09:37:38.695-0700: 141203.381: [GC pause (G1 Evacuation Pause) (young), 0.0111832 secs]
   [Parallel Time: 4.3 ms, GC Workers: 14]
      [GC Worker Start (ms): Min: 141203381.5, Avg: 141203381.7, Max: 141203381.9, Diff: 0.3]
      [Ext Root Scanning (ms): Min: 0.2, Avg: 0.6, Max: 3.7, Diff: 3.5, Sum: 8.8]
      [Update RS (ms): Min: 0.0, Avg: 0.1, Max: 0.2, Diff: 0.2, Sum: 1.2]
         [Processed Buffers: Min: 0, Avg: 10.9, Max: 29, Diff: 29, Sum: 153]
      [Scan RS (ms): Min: 0.0, Avg: 0.0, Max: 0.0, Diff: 0.0, Sum: 0.4]
      [Code Root Scanning (ms): Min: 0.0, Avg: 0.0, Max: 0.0, Diff: 0.0, Sum: 0.0]
      [Object Copy (ms): Min: 0.0, Avg: 0.3, Max: 0.4, Diff: 0.4, Sum: 3.9]
      [Termination (ms): Min: 0.0, Avg: 2.6, Max: 2.9, Diff: 2.9, Sum: 36.8]
         [Termination Attempts: Min: 1, Avg: 29.3, Max: 43, Diff: 42, Sum: 410]
      [GC Worker Other (ms): Min: 0.0, Avg: 0.0, Max: 0.0, Diff: 0.0, Sum: 0.1]
      [GC Worker Total (ms): Min: 3.5, Avg: 3.7, Max: 3.8, Diff: 0.3, Sum: 51.2]
      [GC Worker End (ms): Min: 141203385.3, Avg: 141203385.4, Max: 141203385.4, Diff: 0.1]
   [Code Root Fixup: 0.0 ms]
   [Code Root Purge: 0.0 ms]
   [Clear CT: 0.3 ms]
   [Other: 6.5 ms]
      [Choose CSet: 0.0 ms]
      [Ref Proc: 5.8 ms]
      [Ref Enq: 0.3 ms]
      [Redirty Cards: 0.2 ms]
      [Humongous Register: 0.0 ms]
      [Humongous Reclaim: 0.0 ms]
      [Free CSet: 0.2 ms]
   [Eden: 7152.0M(7152.0M)->0.0B(7152.0M) Survivors: 16384.0K->16384.0K Heap: 9967.7M(14336.0M)->2815.4M(14336.0M)]
 [Times: user=0.07 sys=0.00, real=0.01 secs] 
2022-11-07T09:54:17.845-0700: 142202.531: [GC pause (G1 Evacuation Pause) (young), 0.0105750 secs]
   [Parallel Time: 4.1 ms, GC Workers: 14]
      [GC Worker Start (ms): Min: 142202531.5, Avg: 142202531.7, Max: 142202531.9, Diff: 0.3]
      [Ext Root Scanning (ms): Min: 0.2, Avg: 0.6, Max: 3.7, Diff: 3.6, Sum: 8.9]
      [Update RS (ms): Min: 0.0, Avg: 0.1, Max: 0.3, Diff: 0.3, Sum: 1.4]
         [Processed Buffers: Min: 0, Avg: 10.9, Max: 39, Diff: 39, Sum: 152]
      [Scan RS (ms): Min: 0.0, Avg: 0.0, Max: 0.1, Diff: 0.0, Sum: 0.5]
      [Code Root Scanning (ms): Min: 0.0, Avg: 0.0, Max: 0.0, Diff: 0.0, Sum: 0.0]
      [Object Copy (ms): Min: 0.0, Avg: 0.2, Max: 0.3, Diff: 0.3, Sum: 3.3]
      [Termination (ms): Min: 0.0, Avg: 2.7, Max: 3.0, Diff: 3.0, Sum: 37.3]
         [Termination Attempts: Min: 1, Avg: 14.7, Max: 23, Diff: 22, Sum: 206]
      [GC Worker Other (ms): Min: 0.0, Avg: 0.0, Max: 0.0, Diff: 0.0, Sum: 0.1]
      [GC Worker Total (ms): Min: 3.5, Avg: 3.7, Max: 3.8, Diff: 0.3, Sum: 51.5]
      [GC Worker End (ms): Min: 142202535.3, Avg: 142202535.3, Max: 142202535.4, Diff: 0.1]
   [Code Root Fixup: 0.0 ms]
   [Code Root Purge: 0.0 ms]
   [Clear CT: 0.2 ms]
   [Other: 6.2 ms]
      [Choose CSet: 0.0 ms]
      [Ref Proc: 5.4 ms]
      [Ref Enq: 0.3 ms]
      [Redirty Cards: 0.2 ms]
      [Humongous Register: 0.0 ms]
      [Humongous Reclaim: 0.0 ms]
      [Free CSet: 0.2 ms]
   [Eden: 7152.0M(7152.0M)->0.0B(7152.0M) Survivors: 16384.0K->16384.0K Heap: 9967.4M(14336.0M)->2815.9M(14336.0M)]
 [Times: user=0.07 sys=0.00, real=0.01 secs] 
2022-11-07T10:10:34.445-0700: 143179.131: [GC pause (G1 Evacuation Pause) (young), 0.0116701 secs]
   [Parallel Time: 4.4 ms, GC Workers: 14]
      [GC Worker Start (ms): Min: 143179131.3, Avg: 143179131.5, Max: 143179131.7, Diff: 0.4]
      [Ext Root Scanning (ms): Min: 0.2, Avg: 0.6, Max: 3.7, Diff: 3.6, Sum: 8.7]
      [Update RS (ms): Min: 0.0, Avg: 0.1, Max: 0.2, Diff: 0.2, Sum: 1.3]
         [Processed Buffers: Min: 0, Avg: 11.6, Max: 42, Diff: 42, Sum: 163]
      [Scan RS (ms): Min: 0.0, Avg: 0.0, Max: 0.1, Diff: 0.1, Sum: 0.5]
      [Code Root Scanning (ms): Min: 0.0, Avg: 0.0, Max: 0.0, Diff: 0.0, Sum: 0.0]
      [Object Copy (ms): Min: 0.0, Avg: 0.3, Max: 0.4, Diff: 0.4, Sum: 3.9]
      [Termination (ms): Min: 0.0, Avg: 2.6, Max: 2.9, Diff: 2.9, Sum: 35.8]
         [Termination Attempts: Min: 1, Avg: 19.8, Max: 32, Diff: 31, Sum: 277]
      [GC Worker Other (ms): Min: 0.0, Avg: 0.0, Max: 0.0, Diff: 0.0, Sum: 0.1]
      [GC Worker Total (ms): Min: 3.4, Avg: 3.6, Max: 3.8, Diff: 0.4, Sum: 50.2]
      [GC Worker End (ms): Min: 143179135.0, Avg: 143179135.1, Max: 143179135.2, Diff: 0.1]
   [Code Root Fixup: 0.0 ms]
   [Code Root Purge: 0.0 ms]
   [Clear CT: 0.3 ms]
   [Other: 6.9 ms]
      [Choose CSet: 0.0 ms]
      [Ref Proc: 6.2 ms]
      [Ref Enq: 0.2 ms]
      [Redirty Cards: 0.2 ms]
      [Humongous Register: 0.0 ms]
      [Humongous Reclaim: 0.0 ms]
      [Free CSet: 0.2 ms]
   [Eden: 7152.0M(7152.0M)->0.0B(7152.0M) Survivors: 16384.0K->16384.0K Heap: 9967.9M(14336.0M)->2815.6M(14336.0M)]
 [Times: user=0.08 sys=0.00, real=0.01 secs] 
2022-11-07T10:27:03.897-0700: 144168.583: [GC pause (G1 Evacuation Pause) (young), 0.0095971 secs]
   [Parallel Time: 4.3 ms, GC Workers: 14]
      [GC Worker Start (ms): Min: 144168583.5, Avg: 144168583.6, Max: 144168583.8, Diff: 0.3]
      [Ext Root Scanning (ms): Min: 0.1, Avg: 0.6, Max: 3.8, Diff: 3.6, Sum: 8.5]
      [Update RS (ms): Min: 0.0, Avg: 0.1, Max: 0.2, Diff: 0.2, Sum: 1.3]
         [Processed Buffers: Min: 0, Avg: 11.3, Max: 39, Diff: 39, Sum: 158]
      [Scan RS (ms): Min: 0.0, Avg: 0.0, Max: 0.1, Diff: 0.1, Sum: 0.5]
      [Code Root Scanning (ms): Min: 0.0, Avg: 0.0, Max: 0.0, Diff: 0.0, Sum: 0.0]
      [Object Copy (ms): Min: 0.0, Avg: 0.2, Max: 0.3, Diff: 0.3, Sum: 3.1]
      [Termination (ms): Min: 0.0, Avg: 2.7, Max: 2.9, Diff: 2.9, Sum: 38.2]
         [Termination Attempts: Min: 1, Avg: 13.4, Max: 23, Diff: 22, Sum: 187]
      [GC Worker Other (ms): Min: 0.0, Avg: 0.0, Max: 0.0, Diff: 0.0, Sum: 0.1]
      [GC Worker Total (ms): Min: 3.5, Avg: 3.7, Max: 3.8, Diff: 0.3, Sum: 51.6]
      [GC Worker End (ms): Min: 144168587.3, Avg: 144168587.3, Max: 144168587.3, Diff: 0.1]
   [Code Root Fixup: 0.0 ms]
   [Code Root Purge: 0.0 ms]
   [Clear CT: 0.4 ms]
   [Other: 4.9 ms]
      [Choose CSet: 0.0 ms]
      [Ref Proc: 4.3 ms]
      [Ref Enq: 0.2 ms]
      [Redirty Cards: 0.2 ms]
      [Humongous Register: 0.0 ms]
      [Humongous Reclaim: 0.0 ms]
      [Free CSet: 0.1 ms]
   [Eden: 7152.0M(7152.0M)->0.0B(7152.0M) Survivors: 16384.0K->16384.0K Heap: 9967.6M(14336.0M)->2815.7M(14336.0M)]
 [Times: user=0.07 sys=0.00, real=0.01 secs] 
2022-11-07T10:43:34.245-0700: 145158.931: [GC pause (G1 Evacuation Pause) (young), 0.0109185 secs]
   [Parallel Time: 4.2 ms, GC Workers: 14]
      [GC Worker Start (ms): Min: 145158931.6, Avg: 145158931.8, Max: 145158932.0, Diff: 0.4]
      [Ext Root Scanning (ms): Min: 0.1, Avg: 0.6, Max: 3.7, Diff: 3.6, Sum: 8.2]
      [Update RS (ms): Min: 0.0, Avg: 0.1, Max: 0.3, Diff: 0.3, Sum: 1.3]
         [Processed Buffers: Min: 0, Avg: 10.1, Max: 39, Diff: 39, Sum: 141]
      [Scan RS (ms): Min: 0.0, Avg: 0.0, Max: 0.1, Diff: 0.0, Sum: 0.5]
      [Code Root Scanning (ms): Min: 0.0, Avg: 0.0, Max: 0.0, Diff: 0.0, Sum: 0.0]
      [Object Copy (ms): Min: 0.0, Avg: 0.3, Max: 0.3, Diff: 0.3, Sum: 3.6]
      [Termination (ms): Min: 0.0, Avg: 2.5, Max: 2.8, Diff: 2.8, Sum: 35.6]
         [Termination Attempts: Min: 1, Avg: 19.9, Max: 33, Diff: 32, Sum: 279]
      [GC Worker Other (ms): Min: 0.0, Avg: 0.0, Max: 0.0, Diff: 0.0, Sum: 0.1]
      [GC Worker Total (ms): Min: 3.3, Avg: 3.5, Max: 3.7, Diff: 0.4, Sum: 49.3]
      [GC Worker End (ms): Min: 145158935.3, Avg: 145158935.3, Max: 145158935.4, Diff: 0.1]
   [Code Root Fixup: 0.0 ms]
   [Code Root Purge: 0.0 ms]
   [Clear CT: 0.2 ms]
   [Other: 6.5 ms]
      [Choose CSet: 0.0 ms]
      [Ref Proc: 5.8 ms]
      [Ref Enq: 0.3 ms]
      [Redirty Cards: 0.2 ms]
      [Humongous Register: 0.0 ms]
      [Humongous Reclaim: 0.0 ms]
      [Free CSet: 0.1 ms]
   [Eden: 7152.0M(7152.0M)->0.0B(7152.0M) Survivors: 16384.0K->16384.0K Heap: 9967.7M(14336.0M)->2815.6M(14336.0M)]
 [Times: user=0.07 sys=0.00, real=0.01 secs] 
2022-11-07T11:00:01.645-0700: 146146.331: [GC pause (G1 Evacuation Pause) (young), 0.0099287 secs]
   [Parallel Time: 4.1 ms, GC Workers: 14]
      [GC Worker Start (ms): Min: 146146331.2, Avg: 146146331.4, Max: 146146331.5, Diff: 0.3]
      [Ext Root Scanning (ms): Min: 0.2, Avg: 0.6, Max: 3.7, Diff: 3.5, Sum: 8.6]
      [Update RS (ms): Min: 0.0, Avg: 0.1, Max: 0.3, Diff: 0.3, Sum: 1.3]
         [Processed Buffers: Min: 0, Avg: 11.8, Max: 27, Diff: 27, Sum: 165]
      [Scan RS (ms): Min: 0.0, Avg: 0.0, Max: 0.0, Diff: 0.0, Sum: 0.4]
      [Code Root Scanning (ms): Min: 0.0, Avg: 0.0, Max: 0.0, Diff: 0.0, Sum: 0.0]
      [Object Copy (ms): Min: 0.0, Avg: 0.3, Max: 0.3, Diff: 0.3, Sum: 3.8]
      [Termination (ms): Min: 0.0, Avg: 2.5, Max: 2.8, Diff: 2.8, Sum: 35.5]
         [Termination Attempts: Min: 1, Avg: 27.5, Max: 36, Diff: 35, Sum: 385]
      [GC Worker Other (ms): Min: 0.0, Avg: 0.0, Max: 0.0, Diff: 0.0, Sum: 0.1]
      [GC Worker Total (ms): Min: 3.4, Avg: 3.6, Max: 3.7, Diff: 0.3, Sum: 49.7]
      [GC Worker End (ms): Min: 146146334.9, Avg: 146146334.9, Max: 146146334.9, Diff: 0.0]
   [Code Root Fixup: 0.0 ms]
   [Code Root Purge: 0.0 ms]
   [Clear CT: 0.3 ms]
   [Other: 5.5 ms]
      [Choose CSet: 0.0 ms]
      [Ref Proc: 4.9 ms]
      [Ref Enq: 0.2 ms]
      [Redirty Cards: 0.2 ms]
      [Humongous Register: 0.0 ms]
      [Humongous Reclaim: 0.0 ms]
      [Free CSet: 0.1 ms]
   [Eden: 7152.0M(7152.0M)->0.0B(7152.0M) Survivors: 16384.0K->16384.0K Heap: 9967.6M(14336.0M)->2815.5M(14336.0M)]
 [Times: user=0.07 sys=0.00, real=0.01 secs] 
2022-11-07T11:16:14.995-0700: 147119.681: [GC pause (G1 Evacuation Pause) (young), 0.0104988 secs]
   [Parallel Time: 4.3 ms, GC Workers: 14]
      [GC Worker Start (ms): Min: 147119681.4, Avg: 147119681.5, Max: 147119681.8, Diff: 0.4]
      [Ext Root Scanning (ms): Min: 0.2, Avg: 0.6, Max: 3.7, Diff: 3.6, Sum: 8.9]
      [Update RS (ms): Min: 0.0, Avg: 0.1, Max: 0.3, Diff: 0.3, Sum: 1.4]
         [Processed Buffers: Min: 0, Avg: 10.9, Max: 36, Diff: 36, Sum: 152]
      [Scan RS (ms): Min: 0.0, Avg: 0.0, Max: 0.0, Diff: 0.0, Sum: 0.4]
      [Code Root Scanning (ms): Min: 0.0, Avg: 0.0, Max: 0.0, Diff: 0.0, Sum: 0.0]
      [Object Copy (ms): Min: 0.0, Avg: 0.3, Max: 0.4, Diff: 0.4, Sum: 3.8]
      [Termination (ms): Min: 0.0, Avg: 2.6, Max: 2.9, Diff: 2.9, Sum: 36.3]
         [Termination Attempts: Min: 1, Avg: 32.4, Max: 46, Diff: 45, Sum: 453]
      [GC Worker Other (ms): Min: 0.0, Avg: 0.0, Max: 0.0, Diff: 0.0, Sum: 0.1]
      [GC Worker Total (ms): Min: 3.4, Avg: 3.6, Max: 3.8, Diff: 0.4, Sum: 50.9]
      [GC Worker End (ms): Min: 147119685.1, Avg: 147119685.2, Max: 147119685.3, Diff: 0.1]
   [Code Root Fixup: 0.0 ms]
   [Code Root Purge: 0.0 ms]
   [Clear CT: 0.4 ms]
   [Other: 5.8 ms]
      [Choose CSet: 0.0 ms]
      [Ref Proc: 5.2 ms]
      [Ref Enq: 0.3 ms]
      [Redirty Cards: 0.2 ms]
      [Humongous Register: 0.0 ms]
      [Humongous Reclaim: 0.0 ms]
      [Free CSet: 0.1 ms]
   [Eden: 7152.0M(7152.0M)->0.0B(7152.0M) Survivors: 16384.0K->16384.0K Heap: 9967.5M(14336.0M)->2815.7M(14336.0M)]
 [Times: user=0.08 sys=0.00, real=0.01 secs] 
2022-11-07T11:32:39.638-0700: 148104.324: [GC pause (G1 Evacuation Pause) (young), 0.0096613 secs]
   [Parallel Time: 4.2 ms, GC Workers: 14]
      [GC Worker Start (ms): Min: 148104323.8, Avg: 148104323.9, Max: 148104324.0, Diff: 0.3]
      [Ext Root Scanning (ms): Min: 0.2, Avg: 0.6, Max: 3.7, Diff: 3.5, Sum: 9.1]
      [Update RS (ms): Min: 0.0, Avg: 0.1, Max: 0.2, Diff: 0.2, Sum: 1.2]
         [Processed Buffers: Min: 0, Avg: 11.3, Max: 40, Diff: 40, Sum: 158]
      [Scan RS (ms): Min: 0.0, Avg: 0.0, Max: 0.0, Diff: 0.0, Sum: 0.4]
      [Code Root Scanning (ms): Min: 0.0, Avg: 0.0, Max: 0.0, Diff: 0.0, Sum: 0.0]
      [Object Copy (ms): Min: 0.0, Avg: 0.3, Max: 0.4, Diff: 0.4, Sum: 3.8]
      [Termination (ms): Min: 0.0, Avg: 2.6, Max: 2.9, Diff: 2.9, Sum: 36.3]
         [Termination Attempts: Min: 1, Avg: 25.5, Max: 36, Diff: 35, Sum: 357]
      [GC Worker Other (ms): Min: 0.0, Avg: 0.0, Max: 0.0, Diff: 0.0, Sum: 0.1]
      [GC Worker Total (ms): Min: 3.5, Avg: 3.6, Max: 3.7, Diff: 0.2, Sum: 50.9]
      [GC Worker End (ms): Min: 148104327.5, Avg: 148104327.5, Max: 148104327.6, Diff: 0.1]
   [Code Root Fixup: 0.0 ms]
   [Code Root Purge: 0.0 ms]
   [Clear CT: 0.4 ms]
   [Other: 5.1 ms]
      [Choose CSet: 0.0 ms]
      [Ref Proc: 4.4 ms]
      [Ref Enq: 0.2 ms]
      [Redirty Cards: 0.2 ms]
      [Humongous Register: 0.0 ms]
      [Humongous Reclaim: 0.0 ms]
      [Free CSet: 0.2 ms]
   [Eden: 7152.0M(7152.0M)->0.0B(7152.0M) Survivors: 16384.0K->16384.0K Heap: 9967.7M(14336.0M)->2815.9M(14336.0M)]
 [Times: user=0.07 sys=0.00, real=0.01 secs] 
2022-11-07T11:48:55.895-0700: 149080.581: [GC pause (G1 Evacuation Pause) (young), 0.0105471 secs]
   [Parallel Time: 4.2 ms, GC Workers: 14]
      [GC Worker Start (ms): Min: 149080581.0, Avg: 149080581.2, Max: 149080581.3, Diff: 0.3]
      [Ext Root Scanning (ms): Min: 0.2, Avg: 0.6, Max: 3.7, Diff: 3.5, Sum: 8.4]
      [Update RS (ms): Min: 0.0, Avg: 0.1, Max: 0.3, Diff: 0.3, Sum: 1.4]
         [Processed Buffers: Min: 0, Avg: 11.5, Max: 45, Diff: 45, Sum: 161]
      [Scan RS (ms): Min: 0.0, Avg: 0.0, Max: 0.1, Diff: 0.1, Sum: 0.5]
      [Code Root Scanning (ms): Min: 0.0, Avg: 0.0, Max: 0.0, Diff: 0.0, Sum: 0.0]
      [Object Copy (ms): Min: 0.0, Avg: 0.2, Max: 0.3, Diff: 0.3, Sum: 3.4]
      [Termination (ms): Min: 0.0, Avg: 2.7, Max: 3.0, Diff: 3.0, Sum: 38.1]
         [Termination Attempts: Min: 1, Avg: 23.6, Max: 30, Diff: 29, Sum: 331]
      [GC Worker Other (ms): Min: 0.0, Avg: 0.0, Max: 0.0, Diff: 0.0, Sum: 0.1]
      [GC Worker Total (ms): Min: 3.5, Avg: 3.7, Max: 3.9, Diff: 0.4, Sum: 51.8]
      [GC Worker End (ms): Min: 149080584.8, Avg: 149080584.9, Max: 149080584.9, Diff: 0.1]
   [Code Root Fixup: 0.0 ms]
   [Code Root Purge: 0.0 ms]
   [Clear CT: 0.4 ms]
   [Other: 6.0 ms]
      [Choose CSet: 0.0 ms]
      [Ref Proc: 5.2 ms]
      [Ref Enq: 0.3 ms]
      [Redirty Cards: 0.2 ms]
      [Humongous Register: 0.0 ms]
      [Humongous Reclaim: 0.0 ms]
      [Free CSet: 0.2 ms]
   [Eden: 7152.0M(7152.0M)->0.0B(7152.0M) Survivors: 16384.0K->16384.0K Heap: 9967.9M(14336.0M)->2815.7M(14336.0M)]
 [Times: user=0.07 sys=0.00, real=0.01 secs] 
2022-11-07T12:05:13.245-0700: 150057.932: [GC pause (G1 Evacuation Pause) (young), 0.0091454 secs]
   [Parallel Time: 4.2 ms, GC Workers: 14]
      [GC Worker Start (ms): Min: 150057931.8, Avg: 150057931.8, Max: 150057931.9, Diff: 0.2]
      [Ext Root Scanning (ms): Min: 0.3, Avg: 0.6, Max: 3.8, Diff: 3.5, Sum: 9.0]
      [Update RS (ms): Min: 0.0, Avg: 0.1, Max: 0.2, Diff: 0.2, Sum: 1.2]
         [Processed Buffers: Min: 0, Avg: 11.0, Max: 30, Diff: 30, Sum: 154]
      [Scan RS (ms): Min: 0.0, Avg: 0.0, Max: 0.1, Diff: 0.1, Sum: 0.5]
      [Code Root Scanning (ms): Min: 0.0, Avg: 0.0, Max: 0.0, Diff: 0.0, Sum: 0.0]
      [Object Copy (ms): Min: 0.0, Avg: 0.2, Max: 0.3, Diff: 0.3, Sum: 2.9]
      [Termination (ms): Min: 0.0, Avg: 2.7, Max: 3.0, Diff: 3.0, Sum: 38.4]
         [Termination Attempts: Min: 1, Avg: 1.0, Max: 1, Diff: 0, Sum: 14]
      [GC Worker Other (ms): Min: 0.0, Avg: 0.0, Max: 0.0, Diff: 0.0, Sum: 0.1]
      [GC Worker Total (ms): Min: 3.6, Avg: 3.7, Max: 3.9, Diff: 0.3, Sum: 52.1]
      [GC Worker End (ms): Min: 150057935.5, Avg: 150057935.6, Max: 150057935.7, Diff: 0.2]
   [Code Root Fixup: 0.0 ms]
   [Code Root Purge: 0.0 ms]
   [Clear CT: 0.3 ms]
   [Other: 4.6 ms]
      [Choose CSet: 0.0 ms]
      [Ref Proc: 3.9 ms]
      [Ref Enq: 0.3 ms]
      [Redirty Cards: 0.2 ms]
      [Humongous Register: 0.0 ms]
      [Humongous Reclaim: 0.0 ms]
      [Free CSet: 0.2 ms]
   [Eden: 7152.0M(7152.0M)->0.0B(7152.0M) Survivors: 16384.0K->16384.0K Heap: 9967.7M(14336.0M)->2816.8M(14336.0M)]
 [Times: user=0.07 sys=0.00, real=0.01 secs] 
2022-11-07T12:21:20.495-0700: 151025.181: [GC pause (G1 Evacuation Pause) (young), 0.0105270 secs]
   [Parallel Time: 4.2 ms, GC Workers: 14]
      [GC Worker Start (ms): Min: 151025181.3, Avg: 151025181.4, Max: 151025181.5, Diff: 0.3]
      [Ext Root Scanning (ms): Min: 0.1, Avg: 0.6, Max: 3.7, Diff: 3.6, Sum: 8.1]
      [Update RS (ms): Min: 0.0, Avg: 0.1, Max: 0.3, Diff: 0.3, Sum: 1.3]
         [Processed Buffers: Min: 0, Avg: 11.8, Max: 43, Diff: 43, Sum: 165]
      [Scan RS (ms): Min: 0.0, Avg: 0.0, Max: 0.0, Diff: 0.0, Sum: 0.4]
      [Code Root Scanning (ms): Min: 0.0, Avg: 0.0, Max: 0.0, Diff: 0.0, Sum: 0.0]
      [Object Copy (ms): Min: 0.0, Avg: 0.3, Max: 0.3, Diff: 0.3, Sum: 3.8]
      [Termination (ms): Min: 0.0, Avg: 2.7, Max: 3.0, Diff: 3.0, Sum: 37.9]
         [Termination Attempts: Min: 1, Avg: 38.4, Max: 51, Diff: 50, Sum: 537]
      [GC Worker Other (ms): Min: 0.0, Avg: 0.0, Max: 0.0, Diff: 0.0, Sum: 0.1]
      [GC Worker Total (ms): Min: 3.5, Avg: 3.7, Max: 3.8, Diff: 0.4, Sum: 51.6]
      [GC Worker End (ms): Min: 151025185.0, Avg: 151025185.0, Max: 151025185.1, Diff: 0.1]
   [Code Root Fixup: 0.0 ms]
   [Code Root Purge: 0.0 ms]
   [Clear CT: 0.4 ms]
   [Other: 6.0 ms]
      [Choose CSet: 0.0 ms]
      [Ref Proc: 5.3 ms]
      [Ref Enq: 0.2 ms]
      [Redirty Cards: 0.2 ms]
      [Humongous Register: 0.0 ms]
      [Humongous Reclaim: 0.0 ms]
      [Free CSet: 0.2 ms]
   [Eden: 7152.0M(7152.0M)->0.0B(7152.0M) Survivors: 16384.0K->16384.0K Heap: 9968.8M(14336.0M)->2817.3M(14336.0M)]
 [Times: user=0.07 sys=0.00, real=0.01 secs] 
2022-11-07T12:37:41.845-0700: 152006.531: [GC pause (G1 Evacuation Pause) (young), 0.0098120 secs]
   [Parallel Time: 4.2 ms, GC Workers: 14]
      [GC Worker Start (ms): Min: 152006531.5, Avg: 152006531.6, Max: 152006531.8, Diff: 0.3]
      [Ext Root Scanning (ms): Min: 0.2, Avg: 0.6, Max: 3.8, Diff: 3.5, Sum: 8.8]
      [Update RS (ms): Min: 0.0, Avg: 0.1, Max: 0.3, Diff: 0.3, Sum: 1.3]
         [Processed Buffers: Min: 0, Avg: 11.4, Max: 30, Diff: 30, Sum: 159]
      [Scan RS (ms): Min: 0.0, Avg: 0.0, Max: 0.0, Diff: 0.0, Sum: 0.5]
      [Code Root Scanning (ms): Min: 0.0, Avg: 0.0, Max: 0.0, Diff: 0.0, Sum: 0.0]
      [Object Copy (ms): Min: 0.0, Avg: 0.3, Max: 0.3, Diff: 0.3, Sum: 3.5]
      [Termination (ms): Min: 0.0, Avg: 2.7, Max: 3.0, Diff: 3.0, Sum: 37.9]
         [Termination Attempts: Min: 1, Avg: 14.4, Max: 24, Diff: 23, Sum: 201]
      [GC Worker Other (ms): Min: 0.0, Avg: 0.0, Max: 0.0, Diff: 0.0, Sum: 0.1]
      [GC Worker Total (ms): Min: 3.6, Avg: 3.7, Max: 3.9, Diff: 0.3, Sum: 52.1]
      [GC Worker End (ms): Min: 152006535.3, Avg: 152006535.4, Max: 152006535.4, Diff: 0.1]
   [Code Root Fixup: 0.0 ms]
   [Code Root Purge: 0.0 ms]
   [Clear CT: 0.3 ms]
   [Other: 5.2 ms]
      [Choose CSet: 0.0 ms]
      [Ref Proc: 4.5 ms]
      [Ref Enq: 0.3 ms]
      [Redirty Cards: 0.2 ms]
      [Humongous Register: 0.0 ms]
      [Humongous Reclaim: 0.0 ms]
      [Free CSet: 0.2 ms]
   [Eden: 7152.0M(7152.0M)->0.0B(7152.0M) Survivors: 16384.0K->16384.0K Heap: 9969.3M(14336.0M)->2816.0M(14336.0M)]
 [Times: user=0.07 sys=0.00, real=0.01 secs] 
2022-11-07T12:54:06.895-0700: 152991.581: [GC pause (G1 Evacuation Pause) (young), 0.0104849 secs]
   [Parallel Time: 4.3 ms, GC Workers: 14]
      [GC Worker Start (ms): Min: 152991581.0, Avg: 152991581.2, Max: 152991581.4, Diff: 0.3]
      [Ext Root Scanning (ms): Min: 0.2, Avg: 0.6, Max: 3.7, Diff: 3.5, Sum: 8.6]
      [Update RS (ms): Min: 0.0, Avg: 0.1, Max: 0.3, Diff: 0.3, Sum: 1.4]
         [Processed Buffers: Min: 0, Avg: 11.7, Max: 38, Diff: 38, Sum: 164]
      [Scan RS (ms): Min: 0.0, Avg: 0.0, Max: 0.0, Diff: 0.0, Sum: 0.5]
      [Code Root Scanning (ms): Min: 0.0, Avg: 0.0, Max: 0.0, Diff: 0.0, Sum: 0.0]
      [Object Copy (ms): Min: 0.0, Avg: 0.3, Max: 0.4, Diff: 0.4, Sum: 4.0]
      [Termination (ms): Min: 0.0, Avg: 2.6, Max: 2.9, Diff: 2.9, Sum: 36.4]
         [Termination Attempts: Min: 1, Avg: 27.2, Max: 44, Diff: 43, Sum: 381]
      [GC Worker Other (ms): Min: 0.0, Avg: 0.0, Max: 0.0, Diff: 0.0, Sum: 0.1]
      [GC Worker Total (ms): Min: 3.4, Avg: 3.6, Max: 3.8, Diff: 0.3, Sum: 50.9]
      [GC Worker End (ms): Min: 152991584.8, Avg: 152991584.8, Max: 152991584.9, Diff: 0.1]
   [Code Root Fixup: 0.0 ms]
   [Code Root Purge: 0.0 ms]
   [Clear CT: 0.3 ms]
   [Other: 5.9 ms]
      [Choose CSet: 0.0 ms]
      [Ref Proc: 5.2 ms]
      [Ref Enq: 0.3 ms]
      [Redirty Cards: 0.2 ms]
      [Humongous Register: 0.0 ms]
      [Humongous Reclaim: 0.0 ms]
      [Free CSet: 0.2 ms]
   [Eden: 7152.0M(7152.0M)->0.0B(7152.0M) Survivors: 16384.0K->16384.0K Heap: 9968.0M(14336.0M)->2815.8M(14336.0M)]
 [Times: user=0.07 sys=0.00, real=0.01 secs] 
2022-11-07T13:10:24.946-0700: 153969.632: [GC pause (G1 Evacuation Pause) (young), 0.0096276 secs]
   [Parallel Time: 3.1 ms, GC Workers: 14]
      [GC Worker Start (ms): Min: 153969631.8, Avg: 153969632.0, Max: 153969632.1, Diff: 0.4]
      [Ext Root Scanning (ms): Min: 0.2, Avg: 0.6, Max: 2.6, Diff: 2.4, Sum: 8.2]
      [Update RS (ms): Min: 0.0, Avg: 0.1, Max: 0.3, Diff: 0.3, Sum: 1.4]
         [Processed Buffers: Min: 0, Avg: 9.9, Max: 35, Diff: 35, Sum: 139]
      [Scan RS (ms): Min: 0.0, Avg: 0.0, Max: 0.1, Diff: 0.1, Sum: 0.5]
      [Code Root Scanning (ms): Min: 0.0, Avg: 0.0, Max: 0.0, Diff: 0.0, Sum: 0.0]
      [Object Copy (ms): Min: 0.0, Avg: 0.3, Max: 0.4, Diff: 0.4, Sum: 4.0]
      [Termination (ms): Min: 0.0, Avg: 1.5, Max: 1.6, Diff: 1.6, Sum: 20.4]
         [Termination Attempts: Min: 1, Avg: 26.1, Max: 44, Diff: 43, Sum: 366]
      [GC Worker Other (ms): Min: 0.0, Avg: 0.0, Max: 0.0, Diff: 0.0, Sum: 0.1]
      [GC Worker Total (ms): Min: 2.3, Avg: 2.5, Max: 2.6, Diff: 0.4, Sum: 34.5]
      [GC Worker End (ms): Min: 153969634.4, Avg: 153969634.5, Max: 153969634.5, Diff: 0.1]
   [Code Root Fixup: 0.0 ms]
   [Code Root Purge: 0.0 ms]
   [Clear CT: 0.4 ms]
   [Other: 6.1 ms]
      [Choose CSet: 0.0 ms]
      [Ref Proc: 5.4 ms]
      [Ref Enq: 0.2 ms]
      [Redirty Cards: 0.2 ms]
      [Humongous Register: 0.0 ms]
      [Humongous Reclaim: 0.0 ms]
      [Free CSet: 0.2 ms]
   [Eden: 7152.0M(7152.0M)->0.0B(7152.0M) Survivors: 16384.0K->16384.0K Heap: 9967.8M(14336.0M)->2815.7M(14336.0M)]
 [Times: user=0.06 sys=0.00, real=0.01 secs] 
2022-11-07T13:26:50.645-0700: 154955.331: [GC pause (G1 Evacuation Pause) (young), 0.0088462 secs]
   [Parallel Time: 3.1 ms, GC Workers: 14]
      [GC Worker Start (ms): Min: 154955331.4, Avg: 154955331.5, Max: 154955331.7, Diff: 0.4]
      [Ext Root Scanning (ms): Min: 0.1, Avg: 0.5, Max: 2.7, Diff: 2.5, Sum: 7.7]
      [Update RS (ms): Min: 0.0, Avg: 0.1, Max: 0.3, Diff: 0.3, Sum: 1.4]
         [Processed Buffers: Min: 0, Avg: 11.1, Max: 35, Diff: 35, Sum: 155]
      [Scan RS (ms): Min: 0.0, Avg: 0.0, Max: 0.1, Diff: 0.1, Sum: 0.5]
      [Code Root Scanning (ms): Min: 0.0, Avg: 0.0, Max: 0.0, Diff: 0.0, Sum: 0.0]
      [Object Copy (ms): Min: 0.0, Avg: 0.3, Max: 0.4, Diff: 0.4, Sum: 3.9]
      [Termination (ms): Min: 0.0, Avg: 1.6, Max: 1.8, Diff: 1.8, Sum: 22.8]
         [Termination Attempts: Min: 1, Avg: 35.9, Max: 53, Diff: 52, Sum: 503]
      [GC Worker Other (ms): Min: 0.0, Avg: 0.0, Max: 0.0, Diff: 0.0, Sum: 0.1]
      [GC Worker Total (ms): Min: 2.3, Avg: 2.6, Max: 2.8, Diff: 0.5, Sum: 36.4]
      [GC Worker End (ms): Min: 154955334.0, Avg: 154955334.1, Max: 154955334.1, Diff: 0.1]
   [Code Root Fixup: 0.0 ms]
   [Code Root Purge: 0.0 ms]
   [Clear CT: 0.2 ms]
   [Other: 5.5 ms]
      [Choose CSet: 0.0 ms]
      [Ref Proc: 4.8 ms]
      [Ref Enq: 0.3 ms]
      [Redirty Cards: 0.2 ms]
      [Humongous Register: 0.0 ms]
      [Humongous Reclaim: 0.0 ms]
      [Free CSet: 0.2 ms]
   [Eden: 7152.0M(7152.0M)->0.0B(7152.0M) Survivors: 16384.0K->16384.0K Heap: 9967.7M(14336.0M)->2816.1M(14336.0M)]
 [Times: user=0.05 sys=0.00, real=0.00 secs] 
2022-11-07T13:42:59.595-0700: 155924.281: [GC pause (G1 Evacuation Pause) (young), 0.0099648 secs]
   [Parallel Time: 4.1 ms, GC Workers: 14]
      [GC Worker Start (ms): Min: 155924281.4, Avg: 155924281.5, Max: 155924281.6, Diff: 0.3]
      [Ext Root Scanning (ms): Min: 0.2, Avg: 0.6, Max: 3.7, Diff: 3.5, Sum: 8.7]
      [Update RS (ms): Min: 0.0, Avg: 0.1, Max: 0.3, Diff: 0.3, Sum: 1.3]
         [Processed Buffers: Min: 0, Avg: 11.9, Max: 35, Diff: 35, Sum: 166]
      [Scan RS (ms): Min: 0.0, Avg: 0.0, Max: 0.1, Diff: 0.1, Sum: 0.5]
      [Code Root Scanning (ms): Min: 0.0, Avg: 0.0, Max: 0.0, Diff: 0.0, Sum: 0.0]
      [Object Copy (ms): Min: 0.0, Avg: 0.2, Max: 0.3, Diff: 0.3, Sum: 3.4]
      [Termination (ms): Min: 0.0, Avg: 2.7, Max: 3.0, Diff: 3.0, Sum: 37.9]
         [Termination Attempts: Min: 1, Avg: 13.6, Max: 25, Diff: 24, Sum: 191]
      [GC Worker Other (ms): Min: 0.0, Avg: 0.0, Max: 0.0, Diff: 0.0, Sum: 0.1]
      [GC Worker Total (ms): Min: 3.5, Avg: 3.7, Max: 3.9, Diff: 0.3, Sum: 51.9]
      [GC Worker End (ms): Min: 155924285.1, Avg: 155924285.2, Max: 155924285.2, Diff: 0.1]
   [Code Root Fixup: 0.0 ms]
   [Code Root Purge: 0.0 ms]
   [Clear CT: 0.3 ms]
   [Other: 5.5 ms]
      [Choose CSet: 0.0 ms]
      [Ref Proc: 4.8 ms]
      [Ref Enq: 0.3 ms]
      [Redirty Cards: 0.2 ms]
      [Humongous Register: 0.0 ms]
      [Humongous Reclaim: 0.0 ms]
      [Free CSet: 0.2 ms]
   [Eden: 7152.0M(7152.0M)->0.0B(7152.0M) Survivors: 16384.0K->16384.0K Heap: 9968.1M(14336.0M)->2815.8M(14336.0M)]
 [Times: user=0.07 sys=0.00, real=0.01 secs] 
2022-11-07T13:59:33.795-0700: 156918.481: [GC pause (G1 Evacuation Pause) (young), 0.0096642 secs]
   [Parallel Time: 4.1 ms, GC Workers: 14]
      [GC Worker Start (ms): Min: 156918481.3, Avg: 156918481.4, Max: 156918481.6, Diff: 0.3]
      [Ext Root Scanning (ms): Min: 0.2, Avg: 0.6, Max: 3.7, Diff: 3.5, Sum: 8.5]
      [Update RS (ms): Min: 0.0, Avg: 0.1, Max: 0.2, Diff: 0.2, Sum: 1.3]
         [Processed Buffers: Min: 0, Avg: 12.1, Max: 37, Diff: 37, Sum: 169]
      [Scan RS (ms): Min: 0.0, Avg: 0.0, Max: 0.0, Diff: 0.0, Sum: 0.5]
      [Code Root Scanning (ms): Min: 0.0, Avg: 0.0, Max: 0.0, Diff: 0.0, Sum: 0.0]
      [Object Copy (ms): Min: 0.0, Avg: 0.3, Max: 0.3, Diff: 0.3, Sum: 3.8]
      [Termination (ms): Min: 0.0, Avg: 2.6, Max: 3.0, Diff: 3.0, Sum: 36.9]
         [Termination Attempts: Min: 1, Avg: 32.7, Max: 45, Diff: 44, Sum: 458]
      [GC Worker Other (ms): Min: 0.0, Avg: 0.0, Max: 0.0, Diff: 0.0, Sum: 0.1]
      [GC Worker Total (ms): Min: 3.5, Avg: 3.6, Max: 3.9, Diff: 0.4, Sum: 51.0]
      [GC Worker End (ms): Min: 156918485.0, Avg: 156918485.0, Max: 156918485.2, Diff: 0.2]
   [Code Root Fixup: 0.0 ms]
   [Code Root Purge: 0.0 ms]
   [Clear CT: 0.3 ms]
   [Other: 5.3 ms]
      [Choose CSet: 0.0 ms]
      [Ref Proc: 4.5 ms]
      [Ref Enq: 0.3 ms]
      [Redirty Cards: 0.2 ms]
      [Humongous Register: 0.0 ms]
      [Humongous Reclaim: 0.0 ms]
      [Free CSet: 0.2 ms]
   [Eden: 7152.0M(7152.0M)->0.0B(7152.0M) Survivors: 16384.0K->16384.0K Heap: 9967.8M(14336.0M)->2816.0M(14336.0M)]
 [Times: user=0.07 sys=0.00, real=0.01 secs] 
2022-11-07T14:16:02.345-0700: 157907.031: [GC pause (G1 Evacuation Pause) (young), 0.0100893 secs]
   [Parallel Time: 4.4 ms, GC Workers: 14]
      [GC Worker Start (ms): Min: 157907031.5, Avg: 157907031.7, Max: 157907031.8, Diff: 0.3]
      [Ext Root Scanning (ms): Min: 0.3, Avg: 0.6, Max: 3.7, Diff: 3.4, Sum: 8.7]
      [Update RS (ms): Min: 0.0, Avg: 0.1, Max: 0.3, Diff: 0.3, Sum: 1.4]
         [Processed Buffers: Min: 0, Avg: 11.0, Max: 34, Diff: 34, Sum: 154]
      [Scan RS (ms): Min: 0.0, Avg: 0.0, Max: 0.1, Diff: 0.1, Sum: 0.4]
      [Code Root Scanning (ms): Min: 0.0, Avg: 0.0, Max: 0.0, Diff: 0.0, Sum: 0.0]
      [Object Copy (ms): Min: 0.0, Avg: 0.2, Max: 0.3, Diff: 0.3, Sum: 3.3]
      [Termination (ms): Min: 0.0, Avg: 2.6, Max: 2.9, Diff: 2.9, Sum: 36.5]
         [Termination Attempts: Min: 1, Avg: 16.3, Max: 27, Diff: 26, Sum: 228]
      [GC Worker Other (ms): Min: 0.0, Avg: 0.0, Max: 0.0, Diff: 0.0, Sum: 0.1]
      [GC Worker Total (ms): Min: 3.5, Avg: 3.6, Max: 3.7, Diff: 0.3, Sum: 50.3]
      [GC Worker End (ms): Min: 157907035.2, Avg: 157907035.3, Max: 157907035.3, Diff: 0.1]
   [Code Root Fixup: 0.0 ms]
   [Code Root Purge: 0.0 ms]
   [Clear CT: 0.3 ms]
   [Other: 5.3 ms]
      [Choose CSet: 0.0 ms]
      [Ref Proc: 4.7 ms]
      [Ref Enq: 0.2 ms]
      [Redirty Cards: 0.2 ms]
      [Humongous Register: 0.0 ms]
      [Humongous Reclaim: 0.0 ms]
      [Free CSet: 0.2 ms]
   [Eden: 7152.0M(7152.0M)->0.0B(7152.0M) Survivors: 16384.0K->16384.0K Heap: 9968.0M(14336.0M)->2815.7M(14336.0M)]
 [Times: user=0.07 sys=0.00, real=0.01 secs] 
2022-11-07T14:32:34.845-0700: 158899.531: [GC pause (G1 Evacuation Pause) (young), 0.0105844 secs]
   [Parallel Time: 4.2 ms, GC Workers: 14]
      [GC Worker Start (ms): Min: 158899531.3, Avg: 158899531.4, Max: 158899531.6, Diff: 0.3]
      [Ext Root Scanning (ms): Min: 0.2, Avg: 0.6, Max: 3.8, Diff: 3.5, Sum: 8.8]
      [Update RS (ms): Min: 0.0, Avg: 0.1, Max: 0.3, Diff: 0.3, Sum: 1.4]
         [Processed Buffers: Min: 0, Avg: 10.9, Max: 29, Diff: 29, Sum: 152]
      [Scan RS (ms): Min: 0.0, Avg: 0.0, Max: 0.0, Diff: 0.0, Sum: 0.4]
      [Code Root Scanning (ms): Min: 0.0, Avg: 0.0, Max: 0.0, Diff: 0.0, Sum: 0.0]
      [Object Copy (ms): Min: 0.0, Avg: 0.3, Max: 0.3, Diff: 0.3, Sum: 3.6]
      [Termination (ms): Min: 0.0, Avg: 2.6, Max: 2.9, Diff: 2.9, Sum: 36.5]
         [Termination Attempts: Min: 1, Avg: 20.4, Max: 29, Diff: 28, Sum: 286]
      [GC Worker Other (ms): Min: 0.0, Avg: 0.0, Max: 0.0, Diff: 0.0, Sum: 0.1]
      [GC Worker Total (ms): Min: 3.5, Avg: 3.6, Max: 3.8, Diff: 0.3, Sum: 50.9]
      [GC Worker End (ms): Min: 158899535.1, Avg: 158899535.1, Max: 158899535.1, Diff: 0.1]
   [Code Root Fixup: 0.0 ms]
   [Code Root Purge: 0.0 ms]
   [Clear CT: 0.4 ms]
   [Other: 6.0 ms]
      [Choose CSet: 0.0 ms]
      [Ref Proc: 5.4 ms]
      [Ref Enq: 0.2 ms]
      [Redirty Cards: 0.2 ms]
      [Humongous Register: 0.0 ms]
      [Humongous Reclaim: 0.0 ms]
      [Free CSet: 0.1 ms]
   [Eden: 7152.0M(7152.0M)->0.0B(7152.0M) Survivors: 16384.0K->16384.0K Heap: 9967.7M(14336.0M)->2816.1M(14336.0M)]
 [Times: user=0.07 sys=0.00, real=0.01 secs] 
2022-11-07T14:48:53.145-0700: 159877.831: [GC pause (G1 Evacuation Pause) (young), 0.0106467 secs]
   [Parallel Time: 4.3 ms, GC Workers: 14]
      [GC Worker Start (ms): Min: 159877831.2, Avg: 159877831.4, Max: 159877831.5, Diff: 0.4]
      [Ext Root Scanning (ms): Min: 0.2, Avg: 0.6, Max: 3.7, Diff: 3.5, Sum: 8.5]
      [Update RS (ms): Min: 0.0, Avg: 0.1, Max: 0.2, Diff: 0.2, Sum: 1.2]
         [Processed Buffers: Min: 0, Avg: 11.1, Max: 24, Diff: 24, Sum: 156]
      [Scan RS (ms): Min: 0.0, Avg: 0.0, Max: 0.1, Diff: 0.1, Sum: 0.4]
      [Code Root Scanning (ms): Min: 0.0, Avg: 0.0, Max: 0.0, Diff: 0.0, Sum: 0.0]
      [Object Copy (ms): Min: 0.0, Avg: 0.3, Max: 0.4, Diff: 0.4, Sum: 3.9]
      [Termination (ms): Min: 0.0, Avg: 2.5, Max: 2.7, Diff: 2.7, Sum: 35.2]
         [Termination Attempts: Min: 1, Avg: 38.4, Max: 58, Diff: 57, Sum: 537]
      [GC Worker Other (ms): Min: 0.0, Avg: 0.0, Max: 0.1, Diff: 0.1, Sum: 0.3]
      [GC Worker Total (ms): Min: 3.4, Avg: 3.5, Max: 3.8, Diff: 0.4, Sum: 49.6]
      [GC Worker End (ms): Min: 159877834.9, Avg: 159877834.9, Max: 159877835.0, Diff: 0.1]
   [Code Root Fixup: 0.0 ms]
   [Code Root Purge: 0.0 ms]
   [Clear CT: 0.2 ms]
   [Other: 6.1 ms]
      [Choose CSet: 0.0 ms]
      [Ref Proc: 5.4 ms]
      [Ref Enq: 0.3 ms]
      [Redirty Cards: 0.2 ms]
      [Humongous Register: 0.0 ms]
      [Humongous Reclaim: 0.0 ms]
      [Free CSet: 0.2 ms]
   [Eden: 7152.0M(7152.0M)->0.0B(7152.0M) Survivors: 16384.0K->16384.0K Heap: 9968.1M(14336.0M)->2815.8M(14336.0M)]
 [Times: user=0.07 sys=0.00, real=0.01 secs] 
2022-11-07T15:05:03.795-0700: 160848.481: [GC pause (G1 Evacuation Pause) (young), 0.0097003 secs]
   [Parallel Time: 4.2 ms, GC Workers: 14]
      [GC Worker Start (ms): Min: 160848481.3, Avg: 160848481.4, Max: 160848481.6, Diff: 0.3]
      [Ext Root Scanning (ms): Min: 0.2, Avg: 0.6, Max: 3.7, Diff: 3.5, Sum: 8.9]
      [Update RS (ms): Min: 0.0, Avg: 0.1, Max: 0.3, Diff: 0.3, Sum: 1.4]
         [Processed Buffers: Min: 0, Avg: 11.4, Max: 30, Diff: 30, Sum: 159]
      [Scan RS (ms): Min: 0.0, Avg: 0.0, Max: 0.1, Diff: 0.1, Sum: 0.5]
      [Code Root Scanning (ms): Min: 0.0, Avg: 0.0, Max: 0.0, Diff: 0.0, Sum: 0.0]
      [Object Copy (ms): Min: 0.0, Avg: 0.3, Max: 0.3, Diff: 0.3, Sum: 3.6]
      [Termination (ms): Min: 0.0, Avg: 2.6, Max: 2.9, Diff: 2.9, Sum: 36.2]
         [Termination Attempts: Min: 1, Avg: 24.4, Max: 38, Diff: 37, Sum: 341]
      [GC Worker Other (ms): Min: 0.0, Avg: 0.0, Max: 0.0, Diff: 0.0, Sum: 0.1]
      [GC Worker Total (ms): Min: 3.4, Avg: 3.6, Max: 3.7, Diff: 0.3, Sum: 50.7]
      [GC Worker End (ms): Min: 160848485.0, Avg: 160848485.0, Max: 160848485.1, Diff: 0.1]
   [Code Root Fixup: 0.0 ms]
   [Code Root Purge: 0.0 ms]
   [Clear CT: 0.4 ms]
   [Other: 5.1 ms]
      [Choose CSet: 0.0 ms]
      [Ref Proc: 4.6 ms]
      [Ref Enq: 0.2 ms]
      [Redirty Cards: 0.2 ms]
      [Humongous Register: 0.0 ms]
      [Humongous Reclaim: 0.0 ms]
      [Free CSet: 0.1 ms]
   [Eden: 7152.0M(7152.0M)->0.0B(7152.0M) Survivors: 16384.0K->16384.0K Heap: 9967.8M(14336.0M)->2816.1M(14336.0M)]
 [Times: user=0.07 sys=0.00, real=0.01 secs] 
2022-11-07T15:21:23.045-0700: 161827.732: [GC pause (G1 Evacuation Pause) (young), 0.0089087 secs]
   [Parallel Time: 4.0 ms, GC Workers: 14]
      [GC Worker Start (ms): Min: 161827731.7, Avg: 161827731.8, Max: 161827731.9, Diff: 0.2]
      [Ext Root Scanning (ms): Min: 0.3, Avg: 0.6, Max: 3.8, Diff: 3.5, Sum: 9.0]
      [Update RS (ms): Min: 0.0, Avg: 0.1, Max: 0.3, Diff: 0.3, Sum: 1.3]
         [Processed Buffers: Min: 0, Avg: 11.5, Max: 33, Diff: 33, Sum: 161]
      [Scan RS (ms): Min: 0.0, Avg: 0.0, Max: 0.1, Diff: 0.1, Sum: 0.5]
      [Code Root Scanning (ms): Min: 0.0, Avg: 0.0, Max: 0.0, Diff: 0.0, Sum: 0.0]
      [Object Copy (ms): Min: 0.0, Avg: 0.3, Max: 0.4, Diff: 0.4, Sum: 3.9]
      [Termination (ms): Min: 0.0, Avg: 2.7, Max: 2.9, Diff: 2.9, Sum: 37.6]
         [Termination Attempts: Min: 1, Avg: 18.6, Max: 31, Diff: 30, Sum: 261]
      [GC Worker Other (ms): Min: 0.0, Avg: 0.0, Max: 0.0, Diff: 0.0, Sum: 0.1]
      [GC Worker Total (ms): Min: 3.7, Avg: 3.7, Max: 3.8, Diff: 0.1, Sum: 52.3]
      [GC Worker End (ms): Min: 161827735.5, Avg: 161827735.6, Max: 161827735.6, Diff: 0.1]
   [Code Root Fixup: 0.0 ms]
   [Code Root Purge: 0.0 ms]
   [Clear CT: 0.4 ms]
   [Other: 4.6 ms]
      [Choose CSet: 0.0 ms]
      [Ref Proc: 4.0 ms]
      [Ref Enq: 0.2 ms]
      [Redirty Cards: 0.2 ms]
      [Humongous Register: 0.0 ms]
      [Humongous Reclaim: 0.0 ms]
      [Free CSet: 0.1 ms]
   [Eden: 7152.0M(7152.0M)->0.0B(7152.0M) Survivors: 16384.0K->16384.0K Heap: 9968.1M(14336.0M)->2815.8M(14336.0M)]
 [Times: user=0.07 sys=0.00, real=0.00 secs] 
2022-11-07T15:37:48.545-0700: 162813.232: [GC pause (G1 Evacuation Pause) (young), 0.0084095 secs]
   [Parallel Time: 3.0 ms, GC Workers: 14]
      [GC Worker Start (ms): Min: 162813231.7, Avg: 162813231.8, Max: 162813232.0, Diff: 0.3]
      [Ext Root Scanning (ms): Min: 0.2, Avg: 0.6, Max: 2.7, Diff: 2.5, Sum: 7.7]
      [Update RS (ms): Min: 0.0, Avg: 0.1, Max: 0.3, Diff: 0.3, Sum: 1.4]
         [Processed Buffers: Min: 0, Avg: 11.7, Max: 30, Diff: 30, Sum: 164]
      [Scan RS (ms): Min: 0.0, Avg: 0.0, Max: 0.1, Diff: 0.1, Sum: 0.5]
      [Code Root Scanning (ms): Min: 0.0, Avg: 0.0, Max: 0.0, Diff: 0.0, Sum: 0.0]
      [Object Copy (ms): Min: 0.0, Avg: 0.3, Max: 0.4, Diff: 0.4, Sum: 4.1]
      [Termination (ms): Min: 0.0, Avg: 1.6, Max: 1.8, Diff: 1.8, Sum: 22.8]
         [Termination Attempts: Min: 1, Avg: 22.1, Max: 36, Diff: 35, Sum: 310]
      [GC Worker Other (ms): Min: 0.0, Avg: 0.0, Max: 0.0, Diff: 0.0, Sum: 0.1]
      [GC Worker Total (ms): Min: 2.4, Avg: 2.6, Max: 2.7, Diff: 0.3, Sum: 36.6]
      [GC Worker End (ms): Min: 162813234.4, Avg: 162813234.4, Max: 162813234.4, Diff: 0.1]
   [Code Root Fixup: 0.0 ms]
   [Code Root Purge: 0.0 ms]
   [Clear CT: 0.4 ms]
   [Other: 5.0 ms]
      [Choose CSet: 0.0 ms]
      [Ref Proc: 4.5 ms]
      [Ref Enq: 0.2 ms]
      [Redirty Cards: 0.2 ms]
      [Humongous Register: 0.0 ms]
      [Humongous Reclaim: 0.0 ms]
      [Free CSet: 0.1 ms]
   [Eden: 7152.0M(7152.0M)->0.0B(7152.0M) Survivors: 16384.0K->16384.0K Heap: 9967.8M(14336.0M)->2816.0M(14336.0M)]
 [Times: user=0.06 sys=0.00, real=0.00 secs] 
2022-11-07T15:54:14.745-0700: 163799.431: [GC pause (G1 Evacuation Pause) (young), 0.0104765 secs]
   [Parallel Time: 3.1 ms, GC Workers: 14]
      [GC Worker Start (ms): Min: 163799431.3, Avg: 163799431.5, Max: 163799431.7, Diff: 0.4]
      [Ext Root Scanning (ms): Min: 0.2, Avg: 0.6, Max: 2.6, Diff: 2.5, Sum: 7.8]
      [Update RS (ms): Min: 0.0, Avg: 0.1, Max: 0.3, Diff: 0.3, Sum: 1.6]
         [Processed Buffers: Min: 0, Avg: 10.7, Max: 36, Diff: 36, Sum: 150]
      [Scan RS (ms): Min: 0.0, Avg: 0.0, Max: 0.1, Diff: 0.1, Sum: 0.4]
      [Code Root Scanning (ms): Min: 0.0, Avg: 0.0, Max: 0.0, Diff: 0.0, Sum: 0.0]
      [Object Copy (ms): Min: 0.0, Avg: 0.3, Max: 0.3, Diff: 0.3, Sum: 3.8]
      [Termination (ms): Min: 0.0, Avg: 1.5, Max: 1.7, Diff: 1.7, Sum: 21.2]
         [Termination Attempts: Min: 1, Avg: 22.6, Max: 37, Diff: 36, Sum: 316]
      [GC Worker Other (ms): Min: 0.0, Avg: 0.0, Max: 0.0, Diff: 0.0, Sum: 0.1]
      [GC Worker Total (ms): Min: 2.3, Avg: 2.5, Max: 2.7, Diff: 0.4, Sum: 34.8]
      [GC Worker End (ms): Min: 163799434.0, Avg: 163799434.0, Max: 163799434.0, Diff: 0.1]
   [Code Root Fixup: 0.0 ms]
   [Code Root Purge: 0.0 ms]
   [Clear CT: 0.2 ms]
   [Other: 7.1 ms]
      [Choose CSet: 0.0 ms]
      [Ref Proc: 6.4 ms]
      [Ref Enq: 0.3 ms]
      [Redirty Cards: 0.2 ms]
      [Humongous Register: 0.0 ms]
      [Humongous Reclaim: 0.0 ms]
      [Free CSet: 0.2 ms]
   [Eden: 7152.0M(7152.0M)->0.0B(7152.0M) Survivors: 16384.0K->16384.0K Heap: 9968.0M(14336.0M)->2815.8M(14336.0M)]
 [Times: user=0.06 sys=0.00, real=0.01 secs] 
2022-11-07T16:10:43.945-0700: 164788.632: [GC pause (G1 Evacuation Pause) (young), 0.0097090 secs]
   [Parallel Time: 3.8 ms, GC Workers: 14]
      [GC Worker Start (ms): Min: 164788631.7, Avg: 164788631.8, Max: 164788632.0, Diff: 0.3]
      [Ext Root Scanning (ms): Min: 0.2, Avg: 0.6, Max: 3.7, Diff: 3.5, Sum: 8.6]
      [Update RS (ms): Min: 0.0, Avg: 0.1, Max: 0.2, Diff: 0.2, Sum: 1.3]
         [Processed Buffers: Min: 0, Avg: 11.1, Max: 31, Diff: 31, Sum: 156]
      [Scan RS (ms): Min: 0.0, Avg: 0.0, Max: 0.0, Diff: 0.0, Sum: 0.4]
      [Code Root Scanning (ms): Min: 0.0, Avg: 0.0, Max: 0.0, Diff: 0.0, Sum: 0.0]
      [Object Copy (ms): Min: 0.0, Avg: 0.3, Max: 0.4, Diff: 0.4, Sum: 4.1]
      [Termination (ms): Min: 0.0, Avg: 2.5, Max: 2.7, Diff: 2.7, Sum: 35.5]
         [Termination Attempts: Min: 1, Avg: 24.6, Max: 41, Diff: 40, Sum: 345]
      [GC Worker Other (ms): Min: 0.0, Avg: 0.0, Max: 0.0, Diff: 0.0, Sum: 0.1]
      [GC Worker Total (ms): Min: 3.4, Avg: 3.6, Max: 3.7, Diff: 0.3, Sum: 49.9]
      [GC Worker End (ms): Min: 164788635.4, Avg: 164788635.4, Max: 164788635.4, Diff: 0.0]
   [Code Root Fixup: 0.0 ms]
   [Code Root Purge: 0.0 ms]
   [Clear CT: 0.4 ms]
   [Other: 5.5 ms]
      [Choose CSet: 0.0 ms]
      [Ref Proc: 4.9 ms]
      [Ref Enq: 0.2 ms]
      [Redirty Cards: 0.2 ms]
      [Humongous Register: 0.0 ms]
      [Humongous Reclaim: 0.0 ms]
      [Free CSet: 0.2 ms]
   [Eden: 7152.0M(7152.0M)->0.0B(7152.0M) Survivors: 16384.0K->16384.0K Heap: 9967.8M(14336.0M)->2816.1M(14336.0M)]
 [Times: user=0.07 sys=0.00, real=0.01 secs] 
2022-11-07T16:26:55.439-0700: 165760.125: [GC pause (G1 Evacuation Pause) (young), 0.0092015 secs]
   [Parallel Time: 3.0 ms, GC Workers: 14]
      [GC Worker Start (ms): Min: 165760125.5, Avg: 165760125.7, Max: 165760125.9, Diff: 0.3]
      [Ext Root Scanning (ms): Min: 0.2, Avg: 0.5, Max: 2.6, Diff: 2.4, Sum: 7.5]
      [Update RS (ms): Min: 0.0, Avg: 0.1, Max: 0.3, Diff: 0.3, Sum: 1.5]
         [Processed Buffers: Min: 0, Avg: 11.1, Max: 39, Diff: 39, Sum: 155]
      [Scan RS (ms): Min: 0.0, Avg: 0.0, Max: 0.1, Diff: 0.1, Sum: 0.5]
      [Code Root Scanning (ms): Min: 0.0, Avg: 0.0, Max: 0.0, Diff: 0.0, Sum: 0.0]
      [Object Copy (ms): Min: 0.0, Avg: 0.2, Max: 0.3, Diff: 0.3, Sum: 3.5]
      [Termination (ms): Min: 0.0, Avg: 1.6, Max: 1.8, Diff: 1.8, Sum: 22.4]
         [Termination Attempts: Min: 1, Avg: 12.4, Max: 20, Diff: 19, Sum: 174]
      [GC Worker Other (ms): Min: 0.0, Avg: 0.0, Max: 0.0, Diff: 0.0, Sum: 0.1]
      [GC Worker Total (ms): Min: 2.3, Avg: 2.5, Max: 2.7, Diff: 0.4, Sum: 35.4]
      [GC Worker End (ms): Min: 165760128.2, Avg: 165760128.2, Max: 165760128.3, Diff: 0.1]
   [Code Root Fixup: 0.0 ms]
   [Code Root Purge: 0.0 ms]
   [Clear CT: 0.3 ms]
   [Other: 5.9 ms]
      [Choose CSet: 0.0 ms]
      [Ref Proc: 5.3 ms]
      [Ref Enq: 0.2 ms]
      [Redirty Cards: 0.2 ms]
      [Humongous Register: 0.0 ms]
      [Humongous Reclaim: 0.0 ms]
      [Free CSet: 0.1 ms]
   [Eden: 7152.0M(7152.0M)->0.0B(7152.0M) Survivors: 16384.0K->16384.0K Heap: 9968.1M(14336.0M)->2815.8M(14336.0M)]
 [Times: user=0.05 sys=0.00, real=0.01 secs] 
2022-11-07T16:43:16.646-0700: 166741.333: [GC pause (G1 Evacuation Pause) (young), 0.0098308 secs]
   [Parallel Time: 4.3 ms, GC Workers: 14]
      [GC Worker Start (ms): Min: 166741332.6, Avg: 166741332.8, Max: 166741332.9, Diff: 0.3]
      [Ext Root Scanning (ms): Min: 0.2, Avg: 0.6, Max: 3.8, Diff: 3.5, Sum: 8.7]
      [Update RS (ms): Min: 0.0, Avg: 0.1, Max: 0.3, Diff: 0.3, Sum: 1.5]
         [Processed Buffers: Min: 0, Avg: 10.8, Max: 35, Diff: 35, Sum: 151]
      [Scan RS (ms): Min: 0.0, Avg: 0.0, Max: 0.1, Diff: 0.0, Sum: 0.4]
      [Code Root Scanning (ms): Min: 0.0, Avg: 0.0, Max: 0.0, Diff: 0.0, Sum: 0.0]
      [Object Copy (ms): Min: 0.0, Avg: 0.3, Max: 0.4, Diff: 0.4, Sum: 4.0]
      [Termination (ms): Min: 0.0, Avg: 2.6, Max: 2.9, Diff: 2.9, Sum: 36.7]
         [Termination Attempts: Min: 1, Avg: 18.6, Max: 29, Diff: 28, Sum: 260]
      [GC Worker Other (ms): Min: 0.0, Avg: 0.0, Max: 0.0, Diff: 0.0, Sum: 0.1]
      [GC Worker Total (ms): Min: 3.5, Avg: 3.7, Max: 3.9, Diff: 0.4, Sum: 51.4]
      [GC Worker End (ms): Min: 166741336.4, Avg: 166741336.4, Max: 166741336.6, Diff: 0.1]
   [Code Root Fixup: 0.0 ms]
   [Code Root Purge: 0.0 ms]
   [Clear CT: 0.4 ms]
   [Other: 5.2 ms]
      [Choose CSet: 0.0 ms]
      [Ref Proc: 4.6 ms]
      [Ref Enq: 0.2 ms]
      [Redirty Cards: 0.2 ms]
      [Humongous Register: 0.0 ms]
      [Humongous Reclaim: 0.0 ms]
      [Free CSet: 0.1 ms]
   [Eden: 7152.0M(7152.0M)->0.0B(7152.0M) Survivors: 16384.0K->16384.0K Heap: 9967.8M(14336.0M)->2816.2M(14336.0M)]
 [Times: user=0.07 sys=0.00, real=0.01 secs] 
2022-11-07T16:59:35.945-0700: 167720.631: [GC pause (G1 Evacuation Pause) (young), 0.0090373 secs]
   [Parallel Time: 3.1 ms, GC Workers: 14]
      [GC Worker Start (ms): Min: 167720631.2, Avg: 167720631.4, Max: 167720631.6, Diff: 0.4]
      [Ext Root Scanning (ms): Min: 0.2, Avg: 0.6, Max: 2.6, Diff: 2.4, Sum: 8.2]
      [Update RS (ms): Min: 0.0, Avg: 0.1, Max: 0.3, Diff: 0.3, Sum: 1.4]
         [Processed Buffers: Min: 0, Avg: 12.2, Max: 39, Diff: 39, Sum: 171]
      [Scan RS (ms): Min: 0.0, Avg: 0.0, Max: 0.1, Diff: 0.1, Sum: 0.5]
      [Code Root Scanning (ms): Min: 0.0, Avg: 0.0, Max: 0.0, Diff: 0.0, Sum: 0.0]
      [Object Copy (ms): Min: 0.0, Avg: 0.3, Max: 0.4, Diff: 0.4, Sum: 4.0]
      [Termination (ms): Min: 0.0, Avg: 1.5, Max: 1.7, Diff: 1.7, Sum: 20.9]
         [Termination Attempts: Min: 1, Avg: 29.7, Max: 45, Diff: 44, Sum: 416]
      [GC Worker Other (ms): Min: 0.0, Avg: 0.0, Max: 0.0, Diff: 0.0, Sum: 0.1]
      [GC Worker Total (ms): Min: 2.3, Avg: 2.5, Max: 2.7, Diff: 0.3, Sum: 35.1]
      [GC Worker End (ms): Min: 167720633.9, Avg: 167720633.9, Max: 167720634.0, Diff: 0.1]
   [Code Root Fixup: 0.0 ms]
   [Code Root Purge: 0.0 ms]
   [Clear CT: 0.2 ms]
   [Other: 5.7 ms]
      [Choose CSet: 0.0 ms]
      [Ref Proc: 5.0 ms]
      [Ref Enq: 0.3 ms]
      [Redirty Cards: 0.2 ms]
      [Humongous Register: 0.0 ms]
      [Humongous Reclaim: 0.0 ms]
      [Free CSet: 0.2 ms]
   [Eden: 7152.0M(7152.0M)->0.0B(7152.0M) Survivors: 16384.0K->16384.0K Heap: 9968.2M(14336.0M)->2815.9M(14336.0M)]
 [Times: user=0.05 sys=0.00, real=0.00 secs] 
2022-11-07T17:16:10.195-0700: 168714.881: [GC pause (G1 Evacuation Pause) (young), 0.0104274 secs]
   [Parallel Time: 3.8 ms, GC Workers: 14]
      [GC Worker Start (ms): Min: 168714881.2, Avg: 168714881.4, Max: 168714881.6, Diff: 0.4]
      [Ext Root Scanning (ms): Min: 0.2, Avg: 0.6, Max: 3.7, Diff: 3.5, Sum: 8.6]
      [Update RS (ms): Min: 0.0, Avg: 0.1, Max: 0.3, Diff: 0.3, Sum: 1.3]
         [Processed Buffers: Min: 0, Avg: 11.7, Max: 28, Diff: 28, Sum: 164]
      [Scan RS (ms): Min: 0.0, Avg: 0.0, Max: 0.1, Diff: 0.0, Sum: 0.4]
      [Code Root Scanning (ms): Min: 0.0, Avg: 0.0, Max: 0.0, Diff: 0.0, Sum: 0.0]
      [Object Copy (ms): Min: 0.0, Avg: 0.3, Max: 0.4, Diff: 0.4, Sum: 4.1]
      [Termination (ms): Min: 0.0, Avg: 2.5, Max: 2.7, Diff: 2.7, Sum: 35.2]
         [Termination Attempts: Min: 1, Avg: 30.4, Max: 45, Diff: 44, Sum: 426]
      [GC Worker Other (ms): Min: 0.0, Avg: 0.0, Max: 0.0, Diff: 0.0, Sum: 0.1]
      [GC Worker Total (ms): Min: 3.4, Avg: 3.5, Max: 3.7, Diff: 0.4, Sum: 49.7]
      [GC Worker End (ms): Min: 168714884.9, Avg: 168714885.0, Max: 168714885.0, Diff: 0.0]
   [Code Root Fixup: 0.0 ms]
   [Code Root Purge: 0.0 ms]
   [Clear CT: 0.3 ms]
   [Other: 6.3 ms]
      [Choose CSet: 0.0 ms]
      [Ref Proc: 5.6 ms]
      [Ref Enq: 0.2 ms]
      [Redirty Cards: 0.2 ms]
      [Humongous Register: 0.0 ms]
      [Humongous Reclaim: 0.0 ms]
      [Free CSet: 0.2 ms]
   [Eden: 7152.0M(7152.0M)->0.0B(7152.0M) Survivors: 16384.0K->16384.0K Heap: 9967.9M(14336.0M)->2816.1M(14336.0M)]
 [Times: user=0.08 sys=0.00, real=0.01 secs] 
2022-11-07T17:32:28.541-0700: 169693.227: [GC pause (G1 Evacuation Pause) (young), 0.0095527 secs]
   [Parallel Time: 4.2 ms, GC Workers: 14]
      [GC Worker Start (ms): Min: 169693227.3, Avg: 169693227.5, Max: 169693227.5, Diff: 0.2]
      [Ext Root Scanning (ms): Min: 0.3, Avg: 0.7, Max: 3.8, Diff: 3.5, Sum: 9.3]
      [Update RS (ms): Min: 0.0, Avg: 0.1, Max: 0.3, Diff: 0.3, Sum: 1.3]
         [Processed Buffers: Min: 0, Avg: 10.6, Max: 36, Diff: 36, Sum: 149]
      [Scan RS (ms): Min: 0.0, Avg: 0.0, Max: 0.1, Diff: 0.1, Sum: 0.5]
      [Code Root Scanning (ms): Min: 0.0, Avg: 0.0, Max: 0.0, Diff: 0.0, Sum: 0.0]
      [Object Copy (ms): Min: 0.0, Avg: 0.2, Max: 0.3, Diff: 0.3, Sum: 3.3]
      [Termination (ms): Min: 0.0, Avg: 2.7, Max: 3.0, Diff: 3.0, Sum: 37.8]
         [Termination Attempts: Min: 1, Avg: 18.8, Max: 33, Diff: 32, Sum: 263]
      [GC Worker Other (ms): Min: 0.0, Avg: 0.0, Max: 0.0, Diff: 0.0, Sum: 0.1]
      [GC Worker Total (ms): Min: 3.6, Avg: 3.7, Max: 3.8, Diff: 0.2, Sum: 52.4]
      [GC Worker End (ms): Min: 169693231.2, Avg: 169693231.2, Max: 169693231.3, Diff: 0.1]
   [Code Root Fixup: 0.0 ms]
   [Code Root Purge: 0.0 ms]
   [Clear CT: 0.4 ms]
   [Other: 5.0 ms]
      [Choose CSet: 0.0 ms]
      [Ref Proc: 4.3 ms]
      [Ref Enq: 0.2 ms]
      [Redirty Cards: 0.2 ms]
      [Humongous Register: 0.0 ms]
      [Humongous Reclaim: 0.0 ms]
      [Free CSet: 0.2 ms]
   [Eden: 7152.0M(7152.0M)->0.0B(7152.0M) Survivors: 16384.0K->16384.0K Heap: 9968.1M(14336.0M)->2816.0M(14336.0M)]
 [Times: user=0.07 sys=0.00, real=0.01 secs] 
2022-11-07T17:48:55.245-0700: 170679.931: [GC pause (G1 Evacuation Pause) (young), 0.0106363 secs]
   [Parallel Time: 4.1 ms, GC Workers: 14]
      [GC Worker Start (ms): Min: 170679931.5, Avg: 170679931.6, Max: 170679931.8, Diff: 0.3]
      [Ext Root Scanning (ms): Min: 0.1, Avg: 0.6, Max: 3.8, Diff: 3.6, Sum: 9.0]
      [Update RS (ms): Min: 0.0, Avg: 0.1, Max: 0.2, Diff: 0.2, Sum: 1.3]
         [Processed Buffers: Min: 0, Avg: 11.3, Max: 38, Diff: 38, Sum: 158]
      [Scan RS (ms): Min: 0.0, Avg: 0.0, Max: 0.1, Diff: 0.0, Sum: 0.5]
      [Code Root Scanning (ms): Min: 0.0, Avg: 0.0, Max: 0.0, Diff: 0.0, Sum: 0.0]
      [Object Copy (ms): Min: 0.0, Avg: 0.3, Max: 0.3, Diff: 0.3, Sum: 3.5]
      [Termination (ms): Min: 0.0, Avg: 2.7, Max: 3.0, Diff: 3.0, Sum: 37.5]
         [Termination Attempts: Min: 1, Avg: 25.5, Max: 41, Diff: 40, Sum: 357]
      [GC Worker Other (ms): Min: 0.0, Avg: 0.0, Max: 0.0, Diff: 0.0, Sum: 0.1]
      [GC Worker Total (ms): Min: 3.4, Avg: 3.7, Max: 3.8, Diff: 0.4, Sum: 51.9]
      [GC Worker End (ms): Min: 170679935.3, Avg: 170679935.3, Max: 170679935.3, Diff: 0.1]
   [Code Root Fixup: 0.0 ms]
   [Code Root Purge: 0.0 ms]
   [Clear CT: 0.2 ms]
   [Other: 6.2 ms]
      [Choose CSet: 0.0 ms]
      [Ref Proc: 5.5 ms]
      [Ref Enq: 0.3 ms]
      [Redirty Cards: 0.2 ms]
      [Humongous Register: 0.0 ms]
      [Humongous Reclaim: 0.0 ms]
      [Free CSet: 0.2 ms]
   [Eden: 7152.0M(7152.0M)->0.0B(7152.0M) Survivors: 16384.0K->16384.0K Heap: 9968.0M(14336.0M)->2816.0M(14336.0M)]
 [Times: user=0.08 sys=0.00, real=0.01 secs] 
2022-11-07T18:05:16.297-0700: 171660.983: [GC pause (G1 Evacuation Pause) (young), 0.0115055 secs]
   [Parallel Time: 4.5 ms, GC Workers: 14]
      [GC Worker Start (ms): Min: 171660983.5, Avg: 171660983.6, Max: 171660983.8, Diff: 0.4]
      [Ext Root Scanning (ms): Min: 0.2, Avg: 0.6, Max: 3.9, Diff: 3.7, Sum: 8.8]
      [Update RS (ms): Min: 0.0, Avg: 0.1, Max: 0.3, Diff: 0.3, Sum: 1.4]
         [Processed Buffers: Min: 0, Avg: 11.2, Max: 37, Diff: 37, Sum: 157]
      [Scan RS (ms): Min: 0.0, Avg: 0.0, Max: 0.1, Diff: 0.0, Sum: 0.5]
      [Code Root Scanning (ms): Min: 0.0, Avg: 0.0, Max: 0.0, Diff: 0.0, Sum: 0.0]
      [Object Copy (ms): Min: 0.0, Avg: 0.3, Max: 0.4, Diff: 0.3, Sum: 3.7]
      [Termination (ms): Min: 0.0, Avg: 2.7, Max: 3.0, Diff: 3.0, Sum: 38.2]
         [Termination Attempts: Min: 1, Avg: 18.8, Max: 30, Diff: 29, Sum: 263]
      [GC Worker Other (ms): Min: 0.0, Avg: 0.0, Max: 0.0, Diff: 0.0, Sum: 0.1]
      [GC Worker Total (ms): Min: 3.5, Avg: 3.8, Max: 3.9, Diff: 0.4, Sum: 52.8]
      [GC Worker End (ms): Min: 171660987.4, Avg: 171660987.4, Max: 171660987.4, Diff: 0.1]
   [Code Root Fixup: 0.0 ms]
   [Code Root Purge: 0.0 ms]
   [Clear CT: 0.5 ms]
   [Other: 6.5 ms]
      [Choose CSet: 0.0 ms]
      [Ref Proc: 5.8 ms]
      [Ref Enq: 0.3 ms]
      [Redirty Cards: 0.2 ms]
      [Humongous Register: 0.0 ms]
      [Humongous Reclaim: 0.0 ms]
      [Free CSet: 0.2 ms]
   [Eden: 7152.0M(7152.0M)->0.0B(7152.0M) Survivors: 16384.0K->16384.0K Heap: 9968.0M(14336.0M)->2816.0M(14336.0M)]
 [Times: user=0.07 sys=0.00, real=0.01 secs] 
2022-11-07T18:21:40.961-0700: 172645.647: [GC pause (G1 Evacuation Pause) (young), 0.0101330 secs]
   [Parallel Time: 4.2 ms, GC Workers: 14]
      [GC Worker Start (ms): Min: 172645647.1, Avg: 172645647.2, Max: 172645647.3, Diff: 0.3]
      [Ext Root Scanning (ms): Min: 0.2, Avg: 0.6, Max: 3.7, Diff: 3.5, Sum: 8.6]
      [Update RS (ms): Min: 0.0, Avg: 0.1, Max: 0.2, Diff: 0.2, Sum: 1.3]
         [Processed Buffers: Min: 0, Avg: 10.7, Max: 25, Diff: 25, Sum: 150]
      [Scan RS (ms): Min: 0.0, Avg: 0.0, Max: 0.1, Diff: 0.0, Sum: 0.5]
      [Code Root Scanning (ms): Min: 0.0, Avg: 0.0, Max: 0.0, Diff: 0.0, Sum: 0.0]
      [Object Copy (ms): Min: 0.0, Avg: 0.3, Max: 0.3, Diff: 0.3, Sum: 3.8]
      [Termination (ms): Min: 0.0, Avg: 2.7, Max: 3.0, Diff: 3.0, Sum: 37.3]
         [Termination Attempts: Min: 1, Avg: 12.6, Max: 25, Diff: 24, Sum: 177]
      [GC Worker Other (ms): Min: 0.0, Avg: 0.0, Max: 0.0, Diff: 0.0, Sum: 0.1]
      [GC Worker Total (ms): Min: 3.5, Avg: 3.7, Max: 3.8, Diff: 0.3, Sum: 51.6]
      [GC Worker End (ms): Min: 172645650.8, Avg: 172645650.9, Max: 172645651.0, Diff: 0.2]
   [Code Root Fixup: 0.0 ms]
   [Code Root Purge: 0.0 ms]
   [Clear CT: 0.4 ms]
   [Other: 5.5 ms]
      [Choose CSet: 0.0 ms]
      [Ref Proc: 4.7 ms]
      [Ref Enq: 0.3 ms]
      [Redirty Cards: 0.2 ms]
      [Humongous Register: 0.0 ms]
      [Humongous Reclaim: 0.0 ms]
      [Free CSet: 0.2 ms]
   [Eden: 7152.0M(7152.0M)->0.0B(7152.0M) Survivors: 16384.0K->16384.0K Heap: 9968.0M(14336.0M)->2816.2M(14336.0M)]
 [Times: user=0.07 sys=0.00, real=0.01 secs] 
2022-11-07T18:38:04.454-0700: 173629.140: [GC pause (G1 Evacuation Pause) (young), 0.0135543 secs]
   [Parallel Time: 6.0 ms, GC Workers: 14]
      [GC Worker Start (ms): Min: 173629142.3, Avg: 173629142.4, Max: 173629142.5, Diff: 0.3]
      [Ext Root Scanning (ms): Min: 0.6, Avg: 1.0, Max: 5.2, Diff: 4.6, Sum: 14.4]
      [Update RS (ms): Min: 0.0, Avg: 0.2, Max: 0.5, Diff: 0.5, Sum: 3.4]
         [Processed Buffers: Min: 0, Avg: 10.6, Max: 45, Diff: 45, Sum: 148]
      [Scan RS (ms): Min: 0.0, Avg: 0.0, Max: 0.1, Diff: 0.1, Sum: 0.3]
      [Code Root Scanning (ms): Min: 0.0, Avg: 0.0, Max: 0.0, Diff: 0.0, Sum: 0.0]
      [Object Copy (ms): Min: 0.0, Avg: 1.4, Max: 1.6, Diff: 1.6, Sum: 19.5]
      [Termination (ms): Min: 0.0, Avg: 2.5, Max: 2.8, Diff: 2.8, Sum: 35.1]
         [Termination Attempts: Min: 1, Avg: 276.2, Max: 354, Diff: 353, Sum: 3867]
      [GC Worker Other (ms): Min: 0.0, Avg: 0.0, Max: 0.1, Diff: 0.1, Sum: 0.5]
      [GC Worker Total (ms): Min: 5.1, Avg: 5.2, Max: 5.4, Diff: 0.3, Sum: 73.2]
      [GC Worker End (ms): Min: 173629147.5, Avg: 173629147.6, Max: 173629147.7, Diff: 0.1]
   [Code Root Fixup: 0.0 ms]
   [Code Root Purge: 0.0 ms]
   [Clear CT: 0.4 ms]
   [Other: 7.1 ms]
      [Choose CSet: 0.0 ms]
      [Ref Proc: 4.1 ms]
      [Ref Enq: 0.3 ms]
      [Redirty Cards: 0.2 ms]
      [Humongous Register: 0.1 ms]
      [Humongous Reclaim: 0.0 ms]
      [Free CSet: 0.2 ms]
   [Eden: 7152.0M(7152.0M)->0.0B(7152.0M) Survivors: 16384.0K->16384.0K Heap: 9968.2M(14336.0M)->2819.3M(14336.0M)]
 [Times: user=0.09 sys=0.00, real=0.02 secs] 
2022-11-07T18:54:29.646-0700: 174614.332: [GC pause (G1 Evacuation Pause) (young), 0.0098143 secs]
   [Parallel Time: 5.2 ms, GC Workers: 14]
      [GC Worker Start (ms): Min: 174614331.8, Avg: 174614331.9, Max: 174614332.1, Diff: 0.3]
      [Ext Root Scanning (ms): Min: 0.3, Avg: 0.6, Max: 2.6, Diff: 2.4, Sum: 8.0]
      [Update RS (ms): Min: 0.0, Avg: 0.1, Max: 0.3, Diff: 0.3, Sum: 1.5]
         [Processed Buffers: Min: 0, Avg: 11.1, Max: 34, Diff: 34, Sum: 155]
      [Scan RS (ms): Min: 0.0, Avg: 0.0, Max: 0.1, Diff: 0.1, Sum: 0.5]
      [Code Root Scanning (ms): Min: 0.0, Avg: 0.0, Max: 0.0, Diff: 0.0, Sum: 0.0]
      [Object Copy (ms): Min: 0.0, Avg: 0.8, Max: 4.2, Diff: 4.2, Sum: 11.5]
      [Termination (ms): Min: 0.0, Avg: 3.2, Max: 4.0, Diff: 4.0, Sum: 45.3]
         [Termination Attempts: Min: 1, Avg: 5.4, Max: 11, Diff: 10, Sum: 75]
      [GC Worker Other (ms): Min: 0.0, Avg: 0.0, Max: 0.0, Diff: 0.0, Sum: 0.1]
      [GC Worker Total (ms): Min: 4.6, Avg: 4.8, Max: 4.9, Diff: 0.3, Sum: 66.8]
      [GC Worker End (ms): Min: 174614336.7, Avg: 174614336.7, Max: 174614336.8, Diff: 0.1]
   [Code Root Fixup: 0.0 ms]
   [Code Root Purge: 0.0 ms]
   [Clear CT: 0.4 ms]
   [Other: 4.3 ms]
      [Choose CSet: 0.0 ms]
      [Ref Proc: 3.6 ms]
      [Ref Enq: 0.2 ms]
      [Redirty Cards: 0.2 ms]
      [Humongous Register: 0.0 ms]
      [Humongous Reclaim: 0.0 ms]
      [Free CSet: 0.2 ms]
   [Eden: 7152.0M(7152.0M)->0.0B(7152.0M) Survivors: 16384.0K->16384.0K Heap: 9971.3M(14336.0M)->2820.3M(14336.0M)]
 [Times: user=0.07 sys=0.00, real=0.01 secs] 
2022-11-07T19:11:00.495-0700: 175605.181: [GC pause (G1 Evacuation Pause) (young), 0.0139147 secs]
   [Parallel Time: 8.4 ms, GC Workers: 14]
      [GC Worker Start (ms): Min: 175605181.6, Avg: 175605181.8, Max: 175605181.9, Diff: 0.4]
      [Ext Root Scanning (ms): Min: 0.2, Avg: 0.6, Max: 3.8, Diff: 3.6, Sum: 8.9]
      [Update RS (ms): Min: 0.0, Avg: 0.1, Max: 0.2, Diff: 0.2, Sum: 1.2]
         [Processed Buffers: Min: 0, Avg: 11.5, Max: 36, Diff: 36, Sum: 161]
      [Scan RS (ms): Min: 0.0, Avg: 0.0, Max: 0.1, Diff: 0.0, Sum: 0.5]
      [Code Root Scanning (ms): Min: 0.0, Avg: 0.0, Max: 0.0, Diff: 0.0, Sum: 0.0]
      [Object Copy (ms): Min: 4.3, Avg: 6.9, Max: 7.4, Diff: 3.1, Sum: 96.7]
      [Termination (ms): Min: 0.0, Avg: 0.2, Max: 1.0, Diff: 1.0, Sum: 3.4]
         [Termination Attempts: Min: 1, Avg: 1.3, Max: 3, Diff: 2, Sum: 18]
      [GC Worker Other (ms): Min: 0.0, Avg: 0.0, Max: 0.0, Diff: 0.0, Sum: 0.1]
      [GC Worker Total (ms): Min: 7.7, Avg: 7.9, Max: 8.1, Diff: 0.4, Sum: 110.8]
      [GC Worker End (ms): Min: 175605189.6, Avg: 175605189.7, Max: 175605189.7, Diff: 0.1]
   [Code Root Fixup: 0.0 ms]
   [Code Root Purge: 0.0 ms]
   [Clear CT: 0.2 ms]
   [Other: 5.2 ms]
      [Choose CSet: 0.0 ms]
      [Ref Proc: 4.6 ms]
      [Ref Enq: 0.3 ms]
      [Redirty Cards: 0.2 ms]
      [Humongous Register: 0.0 ms]
      [Humongous Reclaim: 0.0 ms]
      [Free CSet: 0.1 ms]
   [Eden: 7152.0M(7152.0M)->0.0B(7152.0M) Survivors: 16384.0K->16384.0K Heap: 9972.3M(14336.0M)->2816.7M(14336.0M)]
 [Times: user=0.02 sys=0.01, real=0.01 secs] 
2022-11-07T19:27:22.545-0700: 176587.232: [GC pause (G1 Evacuation Pause) (young), 0.0121680 secs]
   [Parallel Time: 5.4 ms, GC Workers: 14]
      [GC Worker Start (ms): Min: 176587231.6, Avg: 176587231.7, Max: 176587231.9, Diff: 0.3]
      [Ext Root Scanning (ms): Min: 0.2, Avg: 0.6, Max: 2.7, Diff: 2.5, Sum: 8.0]
      [Update RS (ms): Min: 0.0, Avg: 0.1, Max: 0.3, Diff: 0.3, Sum: 1.4]
         [Processed Buffers: Min: 0, Avg: 10.8, Max: 32, Diff: 32, Sum: 151]
      [Scan RS (ms): Min: 0.0, Avg: 0.0, Max: 0.1, Diff: 0.1, Sum: 0.5]
      [Code Root Scanning (ms): Min: 0.0, Avg: 0.0, Max: 0.0, Diff: 0.0, Sum: 0.0]
      [Object Copy (ms): Min: 0.0, Avg: 0.9, Max: 4.4, Diff: 4.4, Sum: 12.8]
      [Termination (ms): Min: 0.0, Avg: 3.3, Max: 4.1, Diff: 4.1, Sum: 46.6]
         [Termination Attempts: Min: 1, Avg: 20.1, Max: 41, Diff: 40, Sum: 282]
      [GC Worker Other (ms): Min: 0.0, Avg: 0.0, Max: 0.0, Diff: 0.0, Sum: 0.1]
      [GC Worker Total (ms): Min: 4.8, Avg: 5.0, Max: 5.2, Diff: 0.4, Sum: 69.4]
      [GC Worker End (ms): Min: 176587236.6, Avg: 176587236.7, Max: 176587236.8, Diff: 0.1]
   [Code Root Fixup: 0.0 ms]
   [Code Root Purge: 0.0 ms]
   [Clear CT: 0.4 ms]
   [Other: 6.4 ms]
      [Choose CSet: 0.0 ms]
      [Ref Proc: 5.7 ms]
      [Ref Enq: 0.2 ms]
      [Redirty Cards: 0.2 ms]
      [Humongous Register: 0.0 ms]
      [Humongous Reclaim: 0.0 ms]
      [Free CSet: 0.2 ms]
   [Eden: 7152.0M(7152.0M)->0.0B(7152.0M) Survivors: 16384.0K->16384.0K Heap: 9968.7M(14336.0M)->2816.2M(14336.0M)]
 [Times: user=0.09 sys=0.00, real=0.01 secs] 
2022-11-07T19:43:55.695-0700: 177580.381: [GC pause (G1 Evacuation Pause) (young), 0.0102778 secs]
   [Parallel Time: 4.1 ms, GC Workers: 14]
      [GC Worker Start (ms): Min: 177580381.0, Avg: 177580381.1, Max: 177580381.3, Diff: 0.3]
      [Ext Root Scanning (ms): Min: 0.2, Avg: 0.6, Max: 3.8, Diff: 3.6, Sum: 8.6]
      [Update RS (ms): Min: 0.0, Avg: 0.1, Max: 0.3, Diff: 0.3, Sum: 1.3]
         [Processed Buffers: Min: 0, Avg: 11.4, Max: 35, Diff: 35, Sum: 160]
      [Scan RS (ms): Min: 0.0, Avg: 0.0, Max: 0.1, Diff: 0.1, Sum: 0.4]
      [Code Root Scanning (ms): Min: 0.0, Avg: 0.0, Max: 0.0, Diff: 0.0, Sum: 0.0]
      [Object Copy (ms): Min: 0.0, Avg: 0.4, Max: 0.6, Diff: 0.6, Sum: 5.1]
      [Termination (ms): Min: 0.0, Avg: 2.6, Max: 3.1, Diff: 3.1, Sum: 36.7]
         [Termination Attempts: Min: 1, Avg: 2.9, Max: 10, Diff: 9, Sum: 41]
      [GC Worker Other (ms): Min: 0.0, Avg: 0.0, Max: 0.0, Diff: 0.0, Sum: 0.1]
      [GC Worker Total (ms): Min: 3.6, Avg: 3.7, Max: 3.9, Diff: 0.4, Sum: 52.2]
      [GC Worker End (ms): Min: 177580384.8, Avg: 177580384.9, Max: 177580384.9, Diff: 0.2]
   [Code Root Fixup: 0.0 ms]
   [Code Root Purge: 0.0 ms]
   [Clear CT: 0.4 ms]
   [Other: 5.8 ms]
      [Choose CSet: 0.0 ms]
      [Ref Proc: 5.0 ms]
      [Ref Enq: 0.2 ms]
      [Redirty Cards: 0.2 ms]
      [Humongous Register: 0.0 ms]
      [Humongous Reclaim: 0.0 ms]
      [Free CSet: 0.2 ms]
   [Eden: 7152.0M(7152.0M)->0.0B(7152.0M) Survivors: 16384.0K->16384.0K Heap: 9968.2M(14336.0M)->2816.0M(14336.0M)]
 [Times: user=0.07 sys=0.00, real=0.01 secs] 
2022-11-07T20:00:24.146-0700: 178568.832: [GC pause (G1 Evacuation Pause) (young), 0.0103032 secs]
   [Parallel Time: 4.2 ms, GC Workers: 14]
      [GC Worker Start (ms): Min: 178568831.7, Avg: 178568831.9, Max: 178568832.0, Diff: 0.3]
      [Ext Root Scanning (ms): Min: 0.2, Avg: 0.6, Max: 3.8, Diff: 3.5, Sum: 8.5]
      [Update RS (ms): Min: 0.0, Avg: 0.1, Max: 0.6, Diff: 0.6, Sum: 1.9]
         [Processed Buffers: Min: 0, Avg: 12.1, Max: 33, Diff: 33, Sum: 169]
      [Scan RS (ms): Min: 0.0, Avg: 0.0, Max: 0.1, Diff: 0.1, Sum: 0.4]
      [Code Root Scanning (ms): Min: 0.0, Avg: 0.0, Max: 0.0, Diff: 0.0, Sum: 0.0]
      [Object Copy (ms): Min: 0.0, Avg: 0.2, Max: 0.3, Diff: 0.3, Sum: 3.2]
      [Termination (ms): Min: 0.0, Avg: 2.7, Max: 2.9, Diff: 2.9, Sum: 37.5]
         [Termination Attempts: Min: 1, Avg: 11.1, Max: 23, Diff: 22, Sum: 156]
      [GC Worker Other (ms): Min: 0.0, Avg: 0.0, Max: 0.0, Diff: 0.0, Sum: 0.1]
      [GC Worker Total (ms): Min: 3.5, Avg: 3.7, Max: 3.9, Diff: 0.4, Sum: 51.5]
      [GC Worker End (ms): Min: 178568835.5, Avg: 178568835.6, Max: 178568835.6, Diff: 0.1]
   [Code Root Fixup: 0.0 ms]
   [Code Root Purge: 0.0 ms]
   [Clear CT: 0.3 ms]
   [Other: 5.9 ms]
      [Choose CSet: 0.0 ms]
      [Ref Proc: 5.2 ms]
      [Ref Enq: 0.3 ms]
      [Redirty Cards: 0.2 ms]
      [Humongous Register: 0.0 ms]
      [Humongous Reclaim: 0.0 ms]
      [Free CSet: 0.2 ms]
   [Eden: 7152.0M(7152.0M)->0.0B(7152.0M) Survivors: 16384.0K->16384.0K Heap: 9968.0M(14336.0M)->2816.2M(14336.0M)]
 [Times: user=0.07 sys=0.00, real=0.01 secs] 
2022-11-07T20:16:39.046-0700: 179543.732: [GC pause (G1 Evacuation Pause) (young), 0.0322072 secs]
   [Parallel Time: 9.2 ms, GC Workers: 14]
      [GC Worker Start (ms): Min: 179543732.0, Avg: 179543732.1, Max: 179543732.2, Diff: 0.3]
      [Ext Root Scanning (ms): Min: 0.2, Avg: 0.7, Max: 3.9, Diff: 3.7, Sum: 9.3]
      [Update RS (ms): Min: 0.0, Avg: 0.1, Max: 0.3, Diff: 0.3, Sum: 1.5]
         [Processed Buffers: Min: 0, Avg: 11.5, Max: 36, Diff: 36, Sum: 161]
      [Scan RS (ms): Min: 0.0, Avg: 0.0, Max: 0.1, Diff: 0.1, Sum: 0.5]
      [Code Root Scanning (ms): Min: 0.0, Avg: 0.0, Max: 0.0, Diff: 0.0, Sum: 0.0]
      [Object Copy (ms): Min: 0.0, Avg: 0.3, Max: 0.4, Diff: 0.4, Sum: 3.9]
      [Termination (ms): Min: 0.0, Avg: 2.8, Max: 3.1, Diff: 3.1, Sum: 39.3]
         [Termination Attempts: Min: 1, Avg: 22.9, Max: 38, Diff: 37, Sum: 321]
      [GC Worker Other (ms): Min: 0.0, Avg: 0.0, Max: 0.0, Diff: 0.0, Sum: 0.1]
      [GC Worker Total (ms): Min: 3.7, Avg: 3.9, Max: 4.0, Diff: 0.3, Sum: 54.6]
      [GC Worker End (ms): Min: 179543735.9, Avg: 179543736.0, Max: 179543736.0, Diff: 0.1]
   [Code Root Fixup: 0.0 ms]
   [Code Root Purge: 0.0 ms]
   [Clear CT: 17.8 ms]
   [Other: 5.1 ms]
      [Choose CSet: 0.0 ms]
      [Ref Proc: 4.0 ms]
      [Ref Enq: 0.4 ms]
      [Redirty Cards: 0.4 ms]
      [Humongous Register: 0.0 ms]
      [Humongous Reclaim: 0.0 ms]
      [Free CSet: 0.2 ms]
   [Eden: 7152.0M(7152.0M)->0.0B(7152.0M) Survivors: 16384.0K->16384.0K Heap: 9968.2M(14336.0M)->2816.1M(14336.0M)]
 [Times: user=0.10 sys=0.00, real=0.03 secs] 
2022-11-07T20:33:06.245-0700: 180530.931: [GC pause (G1 Evacuation Pause) (young), 0.0159659 secs]
   [Parallel Time: 2.8 ms, GC Workers: 14]
      [GC Worker Start (ms): Min: 180530931.2, Avg: 180530931.4, Max: 180530931.6, Diff: 0.4]
      [Ext Root Scanning (ms): Min: 0.2, Avg: 0.6, Max: 2.7, Diff: 2.4, Sum: 8.2]
      [Update RS (ms): Min: 0.0, Avg: 0.1, Max: 0.3, Diff: 0.3, Sum: 1.4]
         [Processed Buffers: Min: 0, Avg: 11.5, Max: 27, Diff: 27, Sum: 161]
      [Scan RS (ms): Min: 0.0, Avg: 0.0, Max: 0.0, Diff: 0.0, Sum: 0.4]
      [Code Root Scanning (ms): Min: 0.0, Avg: 0.0, Max: 0.0, Diff: 0.0, Sum: 0.0]
      [Object Copy (ms): Min: 0.0, Avg: 0.3, Max: 0.3, Diff: 0.3, Sum: 3.6]
      [Termination (ms): Min: 0.0, Avg: 1.5, Max: 1.7, Diff: 1.7, Sum: 20.8]
         [Termination Attempts: Min: 1, Avg: 29.6, Max: 46, Diff: 45, Sum: 415]
      [GC Worker Other (ms): Min: 0.0, Avg: 0.0, Max: 0.0, Diff: 0.0, Sum: 0.1]
      [GC Worker Total (ms): Min: 2.3, Avg: 2.5, Max: 2.8, Diff: 0.5, Sum: 34.4]
      [GC Worker End (ms): Min: 180530933.9, Avg: 180530933.9, Max: 180530934.0, Diff: 0.1]
   [Code Root Fixup: 0.0 ms]
   [Code Root Purge: 0.0 ms]
   [Clear CT: 0.3 ms]
   [Other: 12.8 ms]
      [Choose CSet: 0.0 ms]
      [Ref Proc: 12.3 ms]
      [Ref Enq: 0.2 ms]
      [Redirty Cards: 0.2 ms]
      [Humongous Register: 0.0 ms]
      [Humongous Reclaim: 0.0 ms]
      [Free CSet: 0.1 ms]
   [Eden: 7152.0M(7152.0M)->0.0B(7152.0M) Survivors: 16384.0K->16384.0K Heap: 9968.1M(14336.0M)->2816.3M(14336.0M)]
 [Times: user=0.15 sys=0.00, real=0.01 secs] 
2022-11-07T20:49:31.010-0700: 181515.697: [GC pause (G1 Evacuation Pause) (young), 0.0186800 secs]
   [Parallel Time: 12.4 ms, GC Workers: 14]
      [GC Worker Start (ms): Min: 181515696.6, Avg: 181515696.7, Max: 181515696.9, Diff: 0.3]
      [Ext Root Scanning (ms): Min: 0.2, Avg: 0.6, Max: 2.6, Diff: 2.4, Sum: 7.8]
      [Update RS (ms): Min: 0.0, Avg: 0.1, Max: 0.3, Diff: 0.3, Sum: 1.5]
         [Processed Buffers: Min: 0, Avg: 10.9, Max: 25, Diff: 25, Sum: 153]
      [Scan RS (ms): Min: 0.0, Avg: 0.0, Max: 0.0, Diff: 0.0, Sum: 0.4]
      [Code Root Scanning (ms): Min: 0.0, Avg: 0.0, Max: 0.0, Diff: 0.0, Sum: 0.0]
      [Object Copy (ms): Min: 0.0, Avg: 3.1, Max: 11.4, Diff: 11.4, Sum: 43.0]
      [Termination (ms): Min: 0.0, Avg: 8.2, Max: 11.1, Diff: 11.1, Sum: 114.7]
         [Termination Attempts: Min: 1, Avg: 63.6, Max: 125, Diff: 124, Sum: 890]
      [GC Worker Other (ms): Min: 0.0, Avg: 0.0, Max: 0.0, Diff: 0.0, Sum: 0.1]
      [GC Worker Total (ms): Min: 11.8, Avg: 12.0, Max: 12.2, Diff: 0.4, Sum: 167.4]
      [GC Worker End (ms): Min: 181515708.6, Avg: 181515708.7, Max: 181515708.7, Diff: 0.1]
   [Code Root Fixup: 0.0 ms]
   [Code Root Purge: 0.0 ms]
   [Clear CT: 0.3 ms]
   [Other: 6.0 ms]
      [Choose CSet: 0.0 ms]
      [Ref Proc: 5.3 ms]
      [Ref Enq: 0.2 ms]
      [Redirty Cards: 0.2 ms]
      [Humongous Register: 0.0 ms]
      [Humongous Reclaim: 0.0 ms]
      [Free CSet: 0.1 ms]
   [Eden: 7152.0M(7152.0M)->0.0B(7152.0M) Survivors: 16384.0K->16384.0K Heap: 9968.3M(14336.0M)->2816.2M(14336.0M)]
 [Times: user=0.15 sys=0.00, real=0.02 secs] 
2022-11-07T21:05:38.493-0700: 182483.179: [GC pause (G1 Evacuation Pause) (young), 0.0106023 secs]
   [Parallel Time: 3.9 ms, GC Workers: 14]
      [GC Worker Start (ms): Min: 182483179.2, Avg: 182483179.4, Max: 182483179.6, Diff: 0.3]
      [Ext Root Scanning (ms): Min: 0.2, Avg: 0.6, Max: 3.7, Diff: 3.5, Sum: 8.9]
      [Update RS (ms): Min: 0.0, Avg: 0.1, Max: 0.2, Diff: 0.2, Sum: 1.3]
         [Processed Buffers: Min: 0, Avg: 10.7, Max: 32, Diff: 32, Sum: 150]
      [Scan RS (ms): Min: 0.0, Avg: 0.0, Max: 0.1, Diff: 0.1, Sum: 0.4]
      [Code Root Scanning (ms): Min: 0.0, Avg: 0.0, Max: 0.0, Diff: 0.0, Sum: 0.0]
      [Object Copy (ms): Min: 0.0, Avg: 0.3, Max: 0.3, Diff: 0.3, Sum: 3.7]
      [Termination (ms): Min: 0.0, Avg: 2.6, Max: 2.9, Diff: 2.9, Sum: 36.2]
         [Termination Attempts: Min: 1, Avg: 31.6, Max: 43, Diff: 42, Sum: 442]
      [GC Worker Other (ms): Min: 0.0, Avg: 0.0, Max: 0.0, Diff: 0.0, Sum: 0.1]
      [GC Worker Total (ms): Min: 3.5, Avg: 3.6, Max: 3.7, Diff: 0.3, Sum: 50.5]
      [GC Worker End (ms): Min: 182483183.0, Avg: 182483183.0, Max: 182483183.1, Diff: 0.1]
   [Code Root Fixup: 0.0 ms]
   [Code Root Purge: 0.0 ms]
   [Clear CT: 0.4 ms]
   [Other: 6.3 ms]
      [Choose CSet: 0.0 ms]
      [Ref Proc: 5.7 ms]
      [Ref Enq: 0.2 ms]
      [Redirty Cards: 0.2 ms]
      [Humongous Register: 0.0 ms]
      [Humongous Reclaim: 0.0 ms]
      [Free CSet: 0.1 ms]
   [Eden: 7152.0M(7152.0M)->0.0B(7152.0M) Survivors: 16384.0K->16384.0K Heap: 9968.2M(14336.0M)->2816.0M(14336.0M)]
 [Times: user=0.08 sys=0.00, real=0.02 secs] 
2022-11-07T21:22:09.945-0700: 183474.631: [GC pause (G1 Evacuation Pause) (young), 0.0132114 secs]
   [Parallel Time: 8.2 ms, GC Workers: 14]
      [GC Worker Start (ms): Min: 183474631.3, Avg: 183474631.4, Max: 183474631.6, Diff: 0.3]
      [Ext Root Scanning (ms): Min: 0.2, Avg: 0.6, Max: 2.6, Diff: 2.5, Sum: 7.8]
      [Update RS (ms): Min: 0.0, Avg: 0.1, Max: 0.3, Diff: 0.3, Sum: 1.5]
         [Processed Buffers: Min: 0, Avg: 11.0, Max: 37, Diff: 37, Sum: 154]
      [Scan RS (ms): Min: 0.0, Avg: 0.0, Max: 0.1, Diff: 0.1, Sum: 0.5]
      [Code Root Scanning (ms): Min: 0.0, Avg: 0.0, Max: 0.0, Diff: 0.0, Sum: 0.0]
      [Object Copy (ms): Min: 0.0, Avg: 3.6, Max: 7.2, Diff: 7.2, Sum: 51.0]
      [Termination (ms): Min: 0.0, Avg: 3.4, Max: 7.0, Diff: 7.0, Sum: 47.3]
         [Termination Attempts: Min: 1, Avg: 2.9, Max: 10, Diff: 9, Sum: 40]
      [GC Worker Other (ms): Min: 0.0, Avg: 0.0, Max: 0.0, Diff: 0.0, Sum: 0.1]
      [GC Worker Total (ms): Min: 7.5, Avg: 7.7, Max: 7.9, Diff: 0.4, Sum: 108.1]
      [GC Worker End (ms): Min: 183474639.1, Avg: 183474639.1, Max: 183474639.2, Diff: 0.1]
   [Code Root Fixup: 0.0 ms]
   [Code Root Purge: 0.0 ms]
   [Clear CT: 0.3 ms]
   [Other: 4.8 ms]
      [Choose CSet: 0.0 ms]
      [Ref Proc: 4.1 ms]
      [Ref Enq: 0.3 ms]
      [Redirty Cards: 0.2 ms]
      [Humongous Register: 0.0 ms]
      [Humongous Reclaim: 0.0 ms]
      [Free CSet: 0.1 ms]
   [Eden: 7152.0M(7152.0M)->0.0B(7152.0M) Survivors: 16384.0K->16384.0K Heap: 9968.0M(14336.0M)->2816.3M(14336.0M)]
 [Times: user=0.08 sys=0.00, real=0.01 secs] 
2022-11-07T21:38:37.095-0700: 184461.782: [GC pause (G1 Evacuation Pause) (young), 0.0087208 secs]
   [Parallel Time: 4.1 ms, GC Workers: 14]
      [GC Worker Start (ms): Min: 184461781.7, Avg: 184461781.8, Max: 184461781.9, Diff: 0.3]
      [Ext Root Scanning (ms): Min: 0.2, Avg: 0.6, Max: 3.7, Diff: 3.5, Sum: 8.6]
      [Update RS (ms): Min: 0.0, Avg: 0.1, Max: 0.3, Diff: 0.3, Sum: 1.3]
         [Processed Buffers: Min: 0, Avg: 11.8, Max: 33, Diff: 33, Sum: 165]
      [Scan RS (ms): Min: 0.0, Avg: 0.0, Max: 0.1, Diff: 0.0, Sum: 0.4]
      [Code Root Scanning (ms): Min: 0.0, Avg: 0.0, Max: 0.0, Diff: 0.0, Sum: 0.0]
      [Object Copy (ms): Min: 0.0, Avg: 0.3, Max: 0.3, Diff: 0.3, Sum: 3.8]
      [Termination (ms): Min: 0.0, Avg: 2.7, Max: 3.0, Diff: 3.0, Sum: 38.1]
         [Termination Attempts: Min: 1, Avg: 23.3, Max: 40, Diff: 39, Sum: 326]
      [GC Worker Other (ms): Min: 0.0, Avg: 0.0, Max: 0.0, Diff: 0.0, Sum: 0.1]
      [GC Worker Total (ms): Min: 3.5, Avg: 3.7, Max: 3.9, Diff: 0.3, Sum: 52.3]
      [GC Worker End (ms): Min: 184461785.4, Avg: 184461785.5, Max: 184461785.6, Diff: 0.1]
   [Code Root Fixup: 0.0 ms]
   [Code Root Purge: 0.0 ms]
   [Clear CT: 0.2 ms]
   [Other: 4.4 ms]
      [Choose CSet: 0.0 ms]
      [Ref Proc: 3.8 ms]
      [Ref Enq: 0.3 ms]
      [Redirty Cards: 0.2 ms]
      [Humongous Register: 0.0 ms]
      [Humongous Reclaim: 0.0 ms]
      [Free CSet: 0.1 ms]
   [Eden: 7152.0M(7152.0M)->0.0B(7152.0M) Survivors: 16384.0K->16384.0K Heap: 9968.3M(14336.0M)->2816.2M(14336.0M)]
 [Times: user=0.07 sys=0.00, real=0.01 secs] 
2022-11-07T21:54:55.933-0700: 185440.619: [GC pause (G1 Evacuation Pause) (young), 0.0120353 secs]
   [Parallel Time: 6.0 ms, GC Workers: 14]
      [GC Worker Start (ms): Min: 185440619.1, Avg: 185440619.3, Max: 185440619.4, Diff: 0.3]
      [Ext Root Scanning (ms): Min: 0.2, Avg: 0.7, Max: 3.8, Diff: 3.5, Sum: 9.1]
      [Update RS (ms): Min: 0.0, Avg: 0.1, Max: 0.3, Diff: 0.3, Sum: 1.5]
         [Processed Buffers: Min: 0, Avg: 11.9, Max: 40, Diff: 40, Sum: 166]
      [Scan RS (ms): Min: 0.0, Avg: 0.0, Max: 0.1, Diff: 0.1, Sum: 0.5]
      [Code Root Scanning (ms): Min: 0.0, Avg: 0.0, Max: 0.0, Diff: 0.0, Sum: 0.0]
      [Object Copy (ms): Min: 0.0, Avg: 0.9, Max: 4.8, Diff: 4.8, Sum: 13.1]
      [Termination (ms): Min: 0.0, Avg: 3.6, Max: 4.5, Diff: 4.5, Sum: 50.8]
         [Termination Attempts: Min: 1, Avg: 16.9, Max: 44, Diff: 43, Sum: 237]
      [GC Worker Other (ms): Min: 0.0, Avg: 0.0, Max: 0.0, Diff: 0.0, Sum: 0.1]
      [GC Worker Total (ms): Min: 5.2, Avg: 5.4, Max: 5.5, Diff: 0.3, Sum: 75.1]
      [GC Worker End (ms): Min: 185440624.6, Avg: 185440624.7, Max: 185440624.7, Diff: 0.1]
   [Code Root Fixup: 0.0 ms]
   [Code Root Purge: 0.0 ms]
   [Clear CT: 0.4 ms]
   [Other: 5.6 ms]
      [Choose CSet: 0.0 ms]
      [Ref Proc: 5.0 ms]
      [Ref Enq: 0.2 ms]
      [Redirty Cards: 0.2 ms]
      [Humongous Register: 0.0 ms]
      [Humongous Reclaim: 0.0 ms]
      [Free CSet: 0.1 ms]
   [Eden: 7152.0M(7152.0M)->0.0B(7152.0M) Survivors: 16384.0K->16384.0K Heap: 9968.2M(14336.0M)->2816.5M(14336.0M)]
 [Times: user=0.09 sys=0.00, real=0.02 secs] 
2022-11-07T22:11:17.495-0700: 186422.181: [GC pause (G1 Evacuation Pause) (young), 0.0079324 secs]
   [Parallel Time: 3.0 ms, GC Workers: 14]
      [GC Worker Start (ms): Min: 186422181.3, Avg: 186422181.4, Max: 186422181.6, Diff: 0.3]
      [Ext Root Scanning (ms): Min: 0.2, Avg: 0.6, Max: 2.6, Diff: 2.4, Sum: 8.2]
      [Update RS (ms): Min: 0.0, Avg: 0.1, Max: 0.2, Diff: 0.2, Sum: 1.4]
         [Processed Buffers: Min: 0, Avg: 10.6, Max: 32, Diff: 32, Sum: 148]
      [Scan RS (ms): Min: 0.0, Avg: 0.0, Max: 0.1, Diff: 0.1, Sum: 0.4]
      [Code Root Scanning (ms): Min: 0.0, Avg: 0.0, Max: 0.0, Diff: 0.0, Sum: 0.0]
      [Object Copy (ms): Min: 0.0, Avg: 0.3, Max: 0.4, Diff: 0.4, Sum: 4.2]
      [Termination (ms): Min: 0.0, Avg: 1.5, Max: 1.7, Diff: 1.7, Sum: 20.7]
         [Termination Attempts: Min: 1, Avg: 29.5, Max: 43, Diff: 42, Sum: 413]
      [GC Worker Other (ms): Min: 0.0, Avg: 0.0, Max: 0.0, Diff: 0.0, Sum: 0.1]
      [GC Worker Total (ms): Min: 2.4, Avg: 2.5, Max: 2.6, Diff: 0.3, Sum: 35.0]
      [GC Worker End (ms): Min: 186422183.9, Avg: 186422183.9, Max: 186422184.0, Diff: 0.1]
   [Code Root Fixup: 0.0 ms]
   [Code Root Purge: 0.0 ms]
   [Clear CT: 0.2 ms]
   [Other: 4.7 ms]
      [Choose CSet: 0.0 ms]
      [Ref Proc: 4.1 ms]
      [Ref Enq: 0.3 ms]
      [Redirty Cards: 0.2 ms]
      [Humongous Register: 0.0 ms]
      [Humongous Reclaim: 0.0 ms]
      [Free CSet: 0.1 ms]
   [Eden: 7152.0M(7152.0M)->0.0B(7152.0M) Survivors: 16384.0K->16384.0K Heap: 9968.5M(14336.0M)->2816.2M(14336.0M)]
 [Times: user=0.03 sys=0.02, real=0.01 secs] 
2022-11-07T22:27:33.646-0700: 187398.332: [GC pause (G1 Evacuation Pause) (young), 0.0150788 secs]
   [Parallel Time: 8.9 ms, GC Workers: 14]
      [GC Worker Start (ms): Min: 187398332.2, Avg: 187398332.3, Max: 187398332.5, Diff: 0.3]
      [Ext Root Scanning (ms): Min: 0.2, Avg: 0.6, Max: 2.6, Diff: 2.4, Sum: 8.3]
      [Update RS (ms): Min: 0.0, Avg: 0.1, Max: 0.3, Diff: 0.3, Sum: 1.5]
         [Processed Buffers: Min: 0, Avg: 11.6, Max: 39, Diff: 39, Sum: 162]
      [Scan RS (ms): Min: 0.0, Avg: 0.0, Max: 0.1, Diff: 0.1, Sum: 0.5]
      [Code Root Scanning (ms): Min: 0.0, Avg: 0.0, Max: 0.0, Diff: 0.0, Sum: 0.0]
      [Object Copy (ms): Min: 0.0, Avg: 0.8, Max: 7.8, Diff: 7.8, Sum: 10.9]
      [Termination (ms): Min: 0.0, Avg: 6.8, Max: 7.6, Diff: 7.6, Sum: 95.7]
         [Termination Attempts: Min: 1, Avg: 9.9, Max: 20, Diff: 19, Sum: 138]
      [GC Worker Other (ms): Min: 0.0, Avg: 0.0, Max: 0.0, Diff: 0.0, Sum: 0.1]
      [GC Worker Total (ms): Min: 8.2, Avg: 8.4, Max: 8.5, Diff: 0.3, Sum: 117.0]
      [GC Worker End (ms): Min: 187398340.6, Avg: 187398340.7, Max: 187398340.8, Diff: 0.2]
   [Code Root Fixup: 0.0 ms]
   [Code Root Purge: 0.0 ms]
   [Clear CT: 0.4 ms]
   [Other: 5.8 ms]
      [Choose CSet: 0.0 ms]
      [Ref Proc: 5.3 ms]
      [Ref Enq: 0.2 ms]
      [Redirty Cards: 0.2 ms]
      [Humongous Register: 0.0 ms]
      [Humongous Reclaim: 0.0 ms]
      [Free CSet: 0.1 ms]
   [Eden: 7152.0M(7152.0M)->0.0B(7152.0M) Survivors: 16384.0K->16384.0K Heap: 9968.2M(14336.0M)->2816.5M(14336.0M)]
 [Times: user=0.13 sys=0.00, real=0.01 secs] 
2022-11-07T22:43:45.395-0700: 188370.081: [GC pause (G1 Evacuation Pause) (young), 0.0084490 secs]
   [Parallel Time: 3.0 ms, GC Workers: 14]
      [GC Worker Start (ms): Min: 188370081.4, Avg: 188370081.6, Max: 188370081.8, Diff: 0.4]
      [Ext Root Scanning (ms): Min: 0.2, Avg: 0.6, Max: 2.6, Diff: 2.3, Sum: 8.2]
      [Update RS (ms): Min: 0.0, Avg: 0.1, Max: 0.2, Diff: 0.2, Sum: 1.4]
         [Processed Buffers: Min: 0, Avg: 11.4, Max: 42, Diff: 42, Sum: 160]
      [Scan RS (ms): Min: 0.0, Avg: 0.0, Max: 0.1, Diff: 0.1, Sum: 0.4]
      [Code Root Scanning (ms): Min: 0.0, Avg: 0.0, Max: 0.0, Diff: 0.0, Sum: 0.0]
      [Object Copy (ms): Min: 0.0, Avg: 0.3, Max: 0.4, Diff: 0.4, Sum: 4.0]
      [Termination (ms): Min: 0.0, Avg: 1.4, Max: 1.6, Diff: 1.6, Sum: 20.2]
         [Termination Attempts: Min: 1, Avg: 22.9, Max: 43, Diff: 42, Sum: 321]
      [GC Worker Other (ms): Min: 0.0, Avg: 0.0, Max: 0.0, Diff: 0.0, Sum: 0.1]
      [GC Worker Total (ms): Min: 2.3, Avg: 2.4, Max: 2.6, Diff: 0.3, Sum: 34.3]
      [GC Worker End (ms): Min: 188370084.0, Avg: 188370084.1, Max: 188370084.1, Diff: 0.1]
   [Code Root Fixup: 0.0 ms]
   [Code Root Purge: 0.0 ms]
   [Clear CT: 0.4 ms]
   [Other: 5.1 ms]
      [Choose CSet: 0.0 ms]
      [Ref Proc: 4.5 ms]
      [Ref Enq: 0.2 ms]
      [Redirty Cards: 0.2 ms]
      [Humongous Register: 0.0 ms]
      [Humongous Reclaim: 0.0 ms]
      [Free CSet: 0.1 ms]
   [Eden: 7152.0M(7152.0M)->0.0B(7152.0M) Survivors: 16384.0K->16384.0K Heap: 9968.5M(14336.0M)->2816.3M(14336.0M)]
 [Times: user=0.05 sys=0.00, real=0.01 secs] 
2022-11-07T22:59:56.557-0700: 189341.244: [GC pause (G1 Evacuation Pause) (young), 0.0088989 secs]
   [Parallel Time: 3.1 ms, GC Workers: 14]
      [GC Worker Start (ms): Min: 189341243.6, Avg: 189341243.7, Max: 189341243.9, Diff: 0.3]
      [Ext Root Scanning (ms): Min: 0.2, Avg: 0.6, Max: 2.8, Diff: 2.5, Sum: 8.0]
      [Update RS (ms): Min: 0.0, Avg: 0.1, Max: 0.3, Diff: 0.3, Sum: 1.6]
         [Processed Buffers: Min: 0, Avg: 10.7, Max: 32, Diff: 32, Sum: 150]
      [Scan RS (ms): Min: 0.0, Avg: 0.0, Max: 0.1, Diff: 0.1, Sum: 0.5]
      [Code Root Scanning (ms): Min: 0.0, Avg: 0.0, Max: 0.0, Diff: 0.0, Sum: 0.0]
      [Object Copy (ms): Min: 0.0, Avg: 0.3, Max: 0.4, Diff: 0.4, Sum: 4.1]
      [Termination (ms): Min: 0.0, Avg: 1.6, Max: 1.8, Diff: 1.8, Sum: 22.9]
         [Termination Attempts: Min: 1, Avg: 16.3, Max: 31, Diff: 30, Sum: 228]
      [GC Worker Other (ms): Min: 0.0, Avg: 0.0, Max: 0.0, Diff: 0.0, Sum: 0.1]
      [GC Worker Total (ms): Min: 2.5, Avg: 2.7, Max: 2.8, Diff: 0.3, Sum: 37.2]
      [GC Worker End (ms): Min: 189341246.3, Avg: 189341246.4, Max: 189341246.4, Diff: 0.1]
   [Code Root Fixup: 0.0 ms]
   [Code Root Purge: 0.0 ms]
   [Clear CT: 0.4 ms]
   [Other: 5.3 ms]
      [Choose CSet: 0.0 ms]
      [Ref Proc: 4.7 ms]
      [Ref Enq: 0.2 ms]
      [Redirty Cards: 0.2 ms]
      [Humongous Register: 0.0 ms]
      [Humongous Reclaim: 0.0 ms]
      [Free CSet: 0.1 ms]
   [Eden: 7152.0M(7152.0M)->0.0B(7152.0M) Survivors: 16384.0K->16384.0K Heap: 9968.3M(14336.0M)->2816.2M(14336.0M)]
 [Times: user=0.06 sys=0.00, real=0.01 secs] 
2022-11-07T23:16:15.132-0700: 190319.818: [GC pause (G1 Evacuation Pause) (young), 0.0099909 secs]
   [Parallel Time: 4.1 ms, GC Workers: 14]
      [GC Worker Start (ms): Min: 190319818.0, Avg: 190319818.1, Max: 190319818.3, Diff: 0.3]
      [Ext Root Scanning (ms): Min: 0.2, Avg: 0.6, Max: 3.8, Diff: 3.6, Sum: 8.6]
      [Update RS (ms): Min: 0.0, Avg: 0.1, Max: 0.3, Diff: 0.3, Sum: 1.4]
         [Processed Buffers: Min: 0, Avg: 11.2, Max: 38, Diff: 38, Sum: 157]
      [Scan RS (ms): Min: 0.0, Avg: 0.0, Max: 0.1, Diff: 0.1, Sum: 0.4]
      [Code Root Scanning (ms): Min: 0.0, Avg: 0.0, Max: 0.0, Diff: 0.0, Sum: 0.0]
      [Object Copy (ms): Min: 0.0, Avg: 0.2, Max: 0.3, Diff: 0.3, Sum: 3.0]
      [Termination (ms): Min: 0.0, Avg: 2.8, Max: 3.1, Diff: 3.1, Sum: 38.8]
         [Termination Attempts: Min: 1, Avg: 1.4, Max: 4, Diff: 3, Sum: 19]
      [GC Worker Other (ms): Min: 0.0, Avg: 0.0, Max: 0.0, Diff: 0.0, Sum: 0.1]
      [GC Worker Total (ms): Min: 3.5, Avg: 3.7, Max: 3.9, Diff: 0.4, Sum: 52.4]
      [GC Worker End (ms): Min: 190319821.8, Avg: 190319821.9, Max: 190319822.0, Diff: 0.2]
   [Code Root Fixup: 0.0 ms]
   [Code Root Purge: 0.0 ms]
   [Clear CT: 0.3 ms]
   [Other: 5.6 ms]
      [Choose CSet: 0.0 ms]
      [Ref Proc: 4.9 ms]
      [Ref Enq: 0.3 ms]
      [Redirty Cards: 0.2 ms]
      [Humongous Register: 0.0 ms]
      [Humongous Reclaim: 0.0 ms]
      [Free CSet: 0.1 ms]
   [Eden: 7152.0M(7152.0M)->0.0B(7152.0M) Survivors: 16384.0K->16384.0K Heap: 9968.2M(14336.0M)->2816.4M(14336.0M)]
 [Times: user=0.07 sys=0.00, real=0.01 secs] 
2022-11-07T23:32:35.595-0700: 191300.281: [GC pause (G1 Evacuation Pause) (young), 0.0100673 secs]
   [Parallel Time: 4.0 ms, GC Workers: 14]
      [GC Worker Start (ms): Min: 191300281.5, Avg: 191300281.6, Max: 191300281.8, Diff: 0.3]
      [Ext Root Scanning (ms): Min: 0.2, Avg: 0.6, Max: 3.7, Diff: 3.6, Sum: 9.0]
      [Update RS (ms): Min: 0.0, Avg: 0.1, Max: 0.3, Diff: 0.3, Sum: 1.4]
         [Processed Buffers: Min: 0, Avg: 11.6, Max: 36, Diff: 36, Sum: 163]
      [Scan RS (ms): Min: 0.0, Avg: 0.0, Max: 0.1, Diff: 0.1, Sum: 0.5]
      [Code Root Scanning (ms): Min: 0.0, Avg: 0.0, Max: 0.0, Diff: 0.0, Sum: 0.0]
      [Object Copy (ms): Min: 0.0, Avg: 0.2, Max: 0.3, Diff: 0.3, Sum: 3.4]
      [Termination (ms): Min: 0.0, Avg: 2.7, Max: 3.0, Diff: 3.0, Sum: 37.2]
         [Termination Attempts: Min: 1, Avg: 10.1, Max: 19, Diff: 18, Sum: 141]
      [GC Worker Other (ms): Min: 0.0, Avg: 0.0, Max: 0.0, Diff: 0.0, Sum: 0.1]
      [GC Worker Total (ms): Min: 3.5, Avg: 3.7, Max: 3.8, Diff: 0.4, Sum: 51.5]
      [GC Worker End (ms): Min: 191300285.2, Avg: 191300285.3, Max: 191300285.4, Diff: 0.1]
   [Code Root Fixup: 0.0 ms]
   [Code Root Purge: 0.0 ms]
   [Clear CT: 0.4 ms]
   [Other: 5.7 ms]
      [Choose CSet: 0.0 ms]
      [Ref Proc: 5.1 ms]
      [Ref Enq: 0.2 ms]
      [Redirty Cards: 0.2 ms]
      [Humongous Register: 0.0 ms]
      [Humongous Reclaim: 0.0 ms]
      [Free CSet: 0.1 ms]
   [Eden: 7152.0M(7152.0M)->0.0B(7152.0M) Survivors: 16384.0K->16384.0K Heap: 9968.4M(14336.0M)->2816.3M(14336.0M)]
 [Times: user=0.08 sys=0.00, real=0.01 secs] 
2022-11-07T23:48:43.145-0700: 192267.831: [GC pause (G1 Evacuation Pause) (young), 0.0109709 secs]
   [Parallel Time: 4.4 ms, GC Workers: 14]
      [GC Worker Start (ms): Min: 192267831.5, Avg: 192267831.7, Max: 192267831.9, Diff: 0.4]
      [Ext Root Scanning (ms): Min: 0.2, Avg: 0.6, Max: 3.7, Diff: 3.6, Sum: 8.7]
      [Update RS (ms): Min: 0.0, Avg: 0.1, Max: 0.3, Diff: 0.3, Sum: 1.3]
         [Processed Buffers: Min: 0, Avg: 11.9, Max: 28, Diff: 28, Sum: 166]
      [Scan RS (ms): Min: 0.0, Avg: 0.0, Max: 0.1, Diff: 0.1, Sum: 0.5]
      [Code Root Scanning (ms): Min: 0.0, Avg: 0.0, Max: 0.0, Diff: 0.0, Sum: 0.0]
      [Object Copy (ms): Min: 0.0, Avg: 0.3, Max: 0.4, Diff: 0.4, Sum: 4.3]
      [Termination (ms): Min: 0.0, Avg: 2.6, Max: 2.8, Diff: 2.8, Sum: 35.7]
         [Termination Attempts: Min: 1, Avg: 37.1, Max: 51, Diff: 50, Sum: 520]
      [GC Worker Other (ms): Min: 0.0, Avg: 0.0, Max: 0.0, Diff: 0.0, Sum: 0.1]
      [GC Worker Total (ms): Min: 3.4, Avg: 3.6, Max: 3.8, Diff: 0.4, Sum: 50.5]
      [GC Worker End (ms): Min: 192267835.3, Avg: 192267835.3, Max: 192267835.3, Diff: 0.0]
   [Code Root Fixup: 0.0 ms]
   [Code Root Purge: 0.0 ms]
   [Clear CT: 0.3 ms]
   [Other: 6.3 ms]
      [Choose CSet: 0.0 ms]
      [Ref Proc: 5.5 ms]
      [Ref Enq: 0.3 ms]
      [Redirty Cards: 0.2 ms]
      [Humongous Register: 0.0 ms]
      [Humongous Reclaim: 0.0 ms]
      [Free CSet: 0.2 ms]
   [Eden: 7152.0M(7152.0M)->0.0B(7152.0M) Survivors: 16384.0K->16384.0K Heap: 9968.3M(14336.0M)->2816.5M(14336.0M)]
 [Times: user=0.07 sys=0.00, real=0.01 secs] 
2022-11-08T00:05:10.545-0700: 193255.232: [GC pause (G1 Evacuation Pause) (young), 0.0154114 secs]
   [Parallel Time: 8.3 ms, GC Workers: 14]
      [GC Worker Start (ms): Min: 193255231.8, Avg: 193255231.9, Max: 193255232.1, Diff: 0.4]
      [Ext Root Scanning (ms): Min: 0.1, Avg: 0.6, Max: 3.7, Diff: 3.6, Sum: 8.9]
      [Update RS (ms): Min: 0.0, Avg: 0.1, Max: 0.3, Diff: 0.3, Sum: 1.2]
         [Processed Buffers: Min: 0, Avg: 11.8, Max: 38, Diff: 38, Sum: 165]
      [Scan RS (ms): Min: 0.0, Avg: 0.0, Max: 0.1, Diff: 0.1, Sum: 0.4]
      [Code Root Scanning (ms): Min: 0.0, Avg: 0.0, Max: 0.0, Diff: 0.0, Sum: 0.0]
      [Object Copy (ms): Min: 0.0, Avg: 0.7, Max: 7.1, Diff: 7.1, Sum: 10.2]
      [Termination (ms): Min: 0.0, Avg: 6.1, Max: 6.9, Diff: 6.9, Sum: 85.6]
         [Termination Attempts: Min: 1, Avg: 9.3, Max: 19, Diff: 18, Sum: 130]
      [GC Worker Other (ms): Min: 0.0, Avg: 0.0, Max: 0.0, Diff: 0.0, Sum: 0.1]
      [GC Worker Total (ms): Min: 7.4, Avg: 7.6, Max: 7.8, Diff: 0.4, Sum: 106.5]
      [GC Worker End (ms): Min: 193255239.5, Avg: 193255239.5, Max: 193255239.6, Diff: 0.1]
   [Code Root Fixup: 0.0 ms]
   [Code Root Purge: 0.0 ms]
   [Clear CT: 0.4 ms]
   [Other: 6.7 ms]
      [Choose CSet: 0.0 ms]
      [Ref Proc: 6.0 ms]
      [Ref Enq: 0.2 ms]
      [Redirty Cards: 0.2 ms]
      [Humongous Register: 0.0 ms]
      [Humongous Reclaim: 0.0 ms]
      [Free CSet: 0.2 ms]
   [Eden: 7152.0M(7152.0M)->0.0B(7152.0M) Survivors: 16384.0K->16384.0K Heap: 9968.5M(14336.0M)->2816.3M(14336.0M)]
 [Times: user=0.13 sys=0.00, real=0.01 secs] 
2022-11-08T00:21:17.111-0700: 194221.797: [GC pause (G1 Evacuation Pause) (young), 0.0103036 secs]
   [Parallel Time: 3.8 ms, GC Workers: 14]
      [GC Worker Start (ms): Min: 194221797.1, Avg: 194221797.3, Max: 194221797.5, Diff: 0.3]
      [Ext Root Scanning (ms): Min: 0.2, Avg: 0.6, Max: 3.7, Diff: 3.5, Sum: 8.6]
      [Update RS (ms): Min: 0.0, Avg: 0.1, Max: 0.3, Diff: 0.2, Sum: 1.3]
         [Processed Buffers: Min: 0, Avg: 11.6, Max: 40, Diff: 40, Sum: 162]
      [Scan RS (ms): Min: 0.0, Avg: 0.0, Max: 0.0, Diff: 0.0, Sum: 0.4]
      [Code Root Scanning (ms): Min: 0.0, Avg: 0.0, Max: 0.0, Diff: 0.0, Sum: 0.0]
      [Object Copy (ms): Min: 0.0, Avg: 0.3, Max: 0.4, Diff: 0.4, Sum: 3.9]
      [Termination (ms): Min: 0.0, Avg: 2.6, Max: 2.8, Diff: 2.8, Sum: 36.4]
         [Termination Attempts: Min: 1, Avg: 18.3, Max: 29, Diff: 28, Sum: 256]
      [GC Worker Other (ms): Min: 0.0, Avg: 0.0, Max: 0.0, Diff: 0.0, Sum: 0.1]
      [GC Worker Total (ms): Min: 3.5, Avg: 3.6, Max: 3.8, Diff: 0.3, Sum: 50.7]
      [GC Worker End (ms): Min: 194221800.9, Avg: 194221800.9, Max: 194221800.9, Diff: 0.0]
   [Code Root Fixup: 0.0 ms]
   [Code Root Purge: 0.0 ms]
   [Clear CT: 0.4 ms]
   [Other: 6.0 ms]
      [Choose CSet: 0.0 ms]
      [Ref Proc: 5.4 ms]
      [Ref Enq: 0.2 ms]
      [Redirty Cards: 0.2 ms]
      [Humongous Register: 0.0 ms]
      [Humongous Reclaim: 0.0 ms]
      [Free CSet: 0.1 ms]
   [Eden: 7152.0M(7152.0M)->0.0B(7152.0M) Survivors: 16384.0K->16384.0K Heap: 9968.3M(14336.0M)->2816.6M(14336.0M)]
 [Times: user=0.08 sys=0.00, real=0.01 secs] 
2022-11-08T00:37:53.279-0700: 195217.966: [GC pause (G1 Evacuation Pause) (young), 0.0092824 secs]
   [Parallel Time: 3.1 ms, GC Workers: 14]
      [GC Worker Start (ms): Min: 195217965.7, Avg: 195217965.9, Max: 195217966.1, Diff: 0.4]
      [Ext Root Scanning (ms): Min: 0.1, Avg: 0.5, Max: 2.6, Diff: 2.4, Sum: 7.6]
      [Update RS (ms): Min: 0.0, Avg: 0.1, Max: 0.3, Diff: 0.3, Sum: 1.4]
         [Processed Buffers: Min: 0, Avg: 11.2, Max: 33, Diff: 33, Sum: 157]
      [Scan RS (ms): Min: 0.0, Avg: 0.0, Max: 0.1, Diff: 0.0, Sum: 0.4]
      [Code Root Scanning (ms): Min: 0.0, Avg: 0.0, Max: 0.0, Diff: 0.0, Sum: 0.0]
      [Object Copy (ms): Min: 0.0, Avg: 0.2, Max: 0.3, Diff: 0.3, Sum: 3.5]
      [Termination (ms): Min: 0.0, Avg: 1.5, Max: 1.7, Diff: 1.7, Sum: 20.5]
         [Termination Attempts: Min: 1, Avg: 18.0, Max: 28, Diff: 27, Sum: 252]
      [GC Worker Other (ms): Min: 0.0, Avg: 0.0, Max: 0.0, Diff: 0.0, Sum: 0.1]
      [GC Worker Total (ms): Min: 2.2, Avg: 2.4, Max: 2.6, Diff: 0.4, Sum: 33.5]
      [GC Worker End (ms): Min: 195217968.3, Avg: 195217968.3, Max: 195217968.3, Diff: 0.1]
   [Code Root Fixup: 0.0 ms]
   [Code Root Purge: 0.0 ms]
   [Clear CT: 0.3 ms]
   [Other: 5.8 ms]
      [Choose CSet: 0.0 ms]
      [Ref Proc: 5.2 ms]
      [Ref Enq: 0.2 ms]
      [Redirty Cards: 0.2 ms]
      [Humongous Register: 0.0 ms]
      [Humongous Reclaim: 0.0 ms]
      [Free CSet: 0.1 ms]
   [Eden: 7152.0M(7152.0M)->0.0B(7152.0M) Survivors: 16384.0K->16384.0K Heap: 9968.6M(14336.0M)->2816.4M(14336.0M)]
 [Times: user=0.06 sys=0.00, real=0.01 secs] 
2022-11-08T00:54:21.895-0700: 196206.581: [GC pause (G1 Evacuation Pause) (young), 0.0148744 secs]
   [Parallel Time: 8.7 ms, GC Workers: 14]
      [GC Worker Start (ms): Min: 196206581.2, Avg: 196206581.4, Max: 196206581.5, Diff: 0.3]
      [Ext Root Scanning (ms): Min: 0.2, Avg: 0.6, Max: 3.8, Diff: 3.6, Sum: 8.9]
      [Update RS (ms): Min: 0.0, Avg: 0.1, Max: 0.3, Diff: 0.3, Sum: 1.5]
         [Processed Buffers: Min: 0, Avg: 10.9, Max: 27, Diff: 27, Sum: 153]
      [Scan RS (ms): Min: 0.0, Avg: 0.0, Max: 0.1, Diff: 0.1, Sum: 0.5]
      [Code Root Scanning (ms): Min: 0.0, Avg: 0.0, Max: 0.0, Diff: 0.0, Sum: 0.0]
      [Object Copy (ms): Min: 0.0, Avg: 4.2, Max: 7.3, Diff: 7.3, Sum: 59.0]
      [Termination (ms): Min: 0.0, Avg: 2.9, Max: 7.2, Diff: 7.2, Sum: 40.0]
         [Termination Attempts: Min: 1, Avg: 1.5, Max: 4, Diff: 3, Sum: 21]
      [GC Worker Other (ms): Min: 0.0, Avg: 0.0, Max: 0.0, Diff: 0.0, Sum: 0.1]
      [GC Worker Total (ms): Min: 7.7, Avg: 7.9, Max: 8.0, Diff: 0.3, Sum: 110.0]
      [GC Worker End (ms): Min: 196206589.2, Avg: 196206589.2, Max: 196206589.3, Diff: 0.1]
   [Code Root Fixup: 0.0 ms]
   [Code Root Purge: 0.0 ms]
   [Clear CT: 0.4 ms]
   [Other: 5.7 ms]
      [Choose CSet: 0.0 ms]
      [Ref Proc: 5.1 ms]
      [Ref Enq: 0.2 ms]
      [Redirty Cards: 0.2 ms]
      [Humongous Register: 0.0 ms]
      [Humongous Reclaim: 0.0 ms]
      [Free CSet: 0.1 ms]
   [Eden: 7152.0M(7152.0M)->0.0B(7152.0M) Survivors: 16384.0K->16384.0K Heap: 9968.4M(14336.0M)->2816.6M(14336.0M)]
 [Times: user=0.08 sys=0.00, real=0.01 secs] 
2022-11-08T01:10:43.549-0700: 197188.235: [GC pause (G1 Evacuation Pause) (young), 0.0113996 secs]
   [Parallel Time: 5.8 ms, GC Workers: 14]
      [GC Worker Start (ms): Min: 197188235.3, Avg: 197188235.4, Max: 197188235.6, Diff: 0.3]
      [Ext Root Scanning (ms): Min: 0.2, Avg: 0.6, Max: 3.7, Diff: 3.6, Sum: 8.5]
      [Update RS (ms): Min: 0.0, Avg: 0.1, Max: 0.3, Diff: 0.3, Sum: 1.3]
         [Processed Buffers: Min: 0, Avg: 11.0, Max: 38, Diff: 38, Sum: 154]
      [Scan RS (ms): Min: 0.0, Avg: 0.0, Max: 0.1, Diff: 0.1, Sum: 0.5]
      [Code Root Scanning (ms): Min: 0.0, Avg: 0.0, Max: 0.0, Diff: 0.0, Sum: 0.0]
      [Object Copy (ms): Min: 0.0, Avg: 0.6, Max: 4.7, Diff: 4.7, Sum: 8.1]
      [Termination (ms): Min: 0.0, Avg: 3.9, Max: 4.5, Diff: 4.5, Sum: 54.8]
         [Termination Attempts: Min: 1, Avg: 18.4, Max: 28, Diff: 27, Sum: 257]
      [GC Worker Other (ms): Min: 0.0, Avg: 0.0, Max: 0.0, Diff: 0.0, Sum: 0.1]
      [GC Worker Total (ms): Min: 5.1, Avg: 5.2, Max: 5.4, Diff: 0.4, Sum: 73.3]
      [GC Worker End (ms): Min: 197188240.6, Avg: 197188240.7, Max: 197188240.7, Diff: 0.1]
   [Code Root Fixup: 0.0 ms]
   [Code Root Purge: 0.0 ms]
   [Clear CT: 0.4 ms]
   [Other: 5.2 ms]
      [Choose CSet: 0.0 ms]
      [Ref Proc: 4.6 ms]
      [Ref Enq: 0.2 ms]
      [Redirty Cards: 0.2 ms]
      [Humongous Register: 0.0 ms]
      [Humongous Reclaim: 0.0 ms]
      [Free CSet: 0.1 ms]
   [Eden: 7152.0M(7152.0M)->0.0B(7152.0M) Survivors: 16384.0K->16384.0K Heap: 9968.6M(14336.0M)->2816.5M(14336.0M)]
 [Times: user=0.09 sys=0.00, real=0.01 secs] 
2022-11-08T01:27:06.195-0700: 198170.881: [GC pause (G1 Evacuation Pause) (young), 0.0098649 secs]
   [Parallel Time: 4.2 ms, GC Workers: 14]
      [GC Worker Start (ms): Min: 198170881.3, Avg: 198170881.4, Max: 198170881.5, Diff: 0.3]
      [Ext Root Scanning (ms): Min: 0.3, Avg: 0.6, Max: 3.7, Diff: 3.5, Sum: 8.7]
      [Update RS (ms): Min: 0.0, Avg: 0.1, Max: 0.2, Diff: 0.2, Sum: 1.4]
         [Processed Buffers: Min: 0, Avg: 11.4, Max: 40, Diff: 40, Sum: 159]
      [Scan RS (ms): Min: 0.0, Avg: 0.0, Max: 0.0, Diff: 0.0, Sum: 0.4]
      [Code Root Scanning (ms): Min: 0.0, Avg: 0.0, Max: 0.0, Diff: 0.0, Sum: 0.0]
      [Object Copy (ms): Min: 0.0, Avg: 0.2, Max: 0.3, Diff: 0.3, Sum: 2.5]
      [Termination (ms): Min: 0.0, Avg: 2.7, Max: 2.9, Diff: 2.9, Sum: 37.7]
         [Termination Attempts: Min: 1, Avg: 1.1, Max: 2, Diff: 1, Sum: 16]
      [GC Worker Other (ms): Min: 0.0, Avg: 0.0, Max: 0.0, Diff: 0.0, Sum: 0.1]
      [GC Worker Total (ms): Min: 3.5, Avg: 3.6, Max: 3.7, Diff: 0.3, Sum: 50.8]
      [GC Worker End (ms): Min: 198170885.0, Avg: 198170885.1, Max: 198170885.1, Diff: 0.1]
   [Code Root Fixup: 0.0 ms]
   [Code Root Purge: 0.0 ms]
   [Clear CT: 0.3 ms]
   [Other: 5.4 ms]
      [Choose CSet: 0.0 ms]
      [Ref Proc: 4.8 ms]
      [Ref Enq: 0.3 ms]
      [Redirty Cards: 0.2 ms]
      [Humongous Register: 0.0 ms]
      [Humongous Reclaim: 0.0 ms]
      [Free CSet: 0.1 ms]
   [Eden: 7152.0M(7152.0M)->0.0B(7152.0M) Survivors: 16384.0K->16384.0K Heap: 9968.5M(14336.0M)->2816.7M(14336.0M)]
 [Times: user=0.07 sys=0.00, real=0.01 secs] 
2022-11-08T01:43:42.837-0700: 199167.523: [GC pause (G1 Evacuation Pause) (young), 0.0521481 secs]
   [Parallel Time: 3.0 ms, GC Workers: 14]
      [GC Worker Start (ms): Min: 199167523.4, Avg: 199167523.6, Max: 199167523.8, Diff: 0.4]
      [Ext Root Scanning (ms): Min: 0.1, Avg: 0.6, Max: 2.7, Diff: 2.6, Sum: 8.1]
      [Update RS (ms): Min: 0.0, Avg: 0.1, Max: 0.3, Diff: 0.3, Sum: 1.5]
         [Processed Buffers: Min: 0, Avg: 11.2, Max: 33, Diff: 33, Sum: 157]
      [Scan RS (ms): Min: 0.0, Avg: 0.0, Max: 0.1, Diff: 0.1, Sum: 0.5]
      [Code Root Scanning (ms): Min: 0.0, Avg: 0.0, Max: 0.0, Diff: 0.0, Sum: 0.0]
      [Object Copy (ms): Min: 0.0, Avg: 0.3, Max: 0.4, Diff: 0.4, Sum: 4.3]
      [Termination (ms): Min: 0.0, Avg: 1.6, Max: 1.8, Diff: 1.8, Sum: 22.3]
         [Termination Attempts: Min: 1, Avg: 39.2, Max: 59, Diff: 58, Sum: 549]
      [GC Worker Other (ms): Min: 0.0, Avg: 0.0, Max: 0.0, Diff: 0.0, Sum: 0.1]
      [GC Worker Total (ms): Min: 2.3, Avg: 2.6, Max: 2.8, Diff: 0.4, Sum: 36.8]
      [GC Worker End (ms): Min: 199167526.2, Avg: 199167526.2, Max: 199167526.3, Diff: 0.1]
   [Code Root Fixup: 0.0 ms]
   [Code Root Purge: 0.0 ms]
   [Clear CT: 0.3 ms]
   [Other: 48.8 ms]
      [Choose CSet: 0.0 ms]
      [Ref Proc: 47.9 ms]
      [Ref Enq: 0.6 ms]
      [Redirty Cards: 0.2 ms]
      [Humongous Register: 0.0 ms]
      [Humongous Reclaim: 0.0 ms]
      [Free CSet: 0.1 ms]
   [Eden: 7152.0M(7152.0M)->0.0B(7152.0M) Survivors: 16384.0K->16384.0K Heap: 9968.7M(14336.0M)->2816.4M(14336.0M)]
 [Times: user=0.18 sys=0.00, real=0.05 secs] 
2022-11-08T02:00:00.146-0700: 200144.833: [GC pause (G1 Evacuation Pause) (young), 0.0103171 secs]
   [Parallel Time: 4.2 ms, GC Workers: 14]
      [GC Worker Start (ms): Min: 200144832.8, Avg: 200144832.9, Max: 200144833.1, Diff: 0.3]
      [Ext Root Scanning (ms): Min: 0.2, Avg: 0.6, Max: 3.7, Diff: 3.5, Sum: 9.0]
      [Update RS (ms): Min: 0.0, Avg: 0.1, Max: 0.3, Diff: 0.3, Sum: 1.3]
         [Processed Buffers: Min: 0, Avg: 10.8, Max: 25, Diff: 25, Sum: 151]
      [Scan RS (ms): Min: 0.0, Avg: 0.0, Max: 0.1, Diff: 0.1, Sum: 0.4]
      [Code Root Scanning (ms): Min: 0.0, Avg: 0.0, Max: 0.0, Diff: 0.0, Sum: 0.0]
      [Object Copy (ms): Min: 0.0, Avg: 0.3, Max: 0.4, Diff: 0.4, Sum: 4.0]
      [Termination (ms): Min: 0.0, Avg: 2.6, Max: 2.8, Diff: 2.8, Sum: 35.9]
         [Termination Attempts: Min: 1, Avg: 37.7, Max: 56, Diff: 55, Sum: 528]
      [GC Worker Other (ms): Min: 0.0, Avg: 0.0, Max: 0.0, Diff: 0.0, Sum: 0.1]
      [GC Worker Total (ms): Min: 3.4, Avg: 3.6, Max: 3.7, Diff: 0.3, Sum: 50.7]
      [GC Worker End (ms): Min: 200144836.5, Avg: 200144836.5, Max: 200144836.6, Diff: 0.1]
   [Code Root Fixup: 0.0 ms]
   [Code Root Purge: 0.0 ms]
   [Clear CT: 0.4 ms]
   [Other: 5.7 ms]
      [Choose CSet: 0.0 ms]
      [Ref Proc: 5.1 ms]
      [Ref Enq: 0.2 ms]
      [Redirty Cards: 0.2 ms]
      [Humongous Register: 0.0 ms]
      [Humongous Reclaim: 0.0 ms]
      [Free CSet: 0.1 ms]
   [Eden: 7152.0M(7152.0M)->0.0B(7152.0M) Survivors: 16384.0K->16384.0K Heap: 9968.4M(14336.0M)->2816.6M(14336.0M)]
 [Times: user=0.03 sys=0.05, real=0.01 secs] 
2022-11-08T02:16:16.145-0700: 201120.831: [GC pause (G1 Evacuation Pause) (young), 0.0130039 secs]
   [Parallel Time: 5.9 ms, GC Workers: 14]
      [GC Worker Start (ms): Min: 201120831.2, Avg: 201120831.4, Max: 201120831.6, Diff: 0.4]
      [Ext Root Scanning (ms): Min: 0.2, Avg: 0.6, Max: 3.7, Diff: 3.6, Sum: 8.4]
      [Update RS (ms): Min: 0.0, Avg: 0.1, Max: 0.3, Diff: 0.3, Sum: 1.3]
         [Processed Buffers: Min: 0, Avg: 11.3, Max: 27, Diff: 27, Sum: 158]
      [Scan RS (ms): Min: 0.0, Avg: 0.0, Max: 0.1, Diff: 0.0, Sum: 0.4]
      [Code Root Scanning (ms): Min: 0.0, Avg: 0.0, Max: 0.0, Diff: 0.0, Sum: 0.0]
      [Object Copy (ms): Min: 0.0, Avg: 0.9, Max: 4.8, Diff: 4.8, Sum: 12.1]
      [Termination (ms): Min: 0.0, Avg: 3.7, Max: 4.7, Diff: 4.7, Sum: 51.8]
         [Termination Attempts: Min: 1, Avg: 1.4, Max: 3, Diff: 2, Sum: 19]
      [GC Worker Other (ms): Min: 0.0, Avg: 0.0, Max: 0.0, Diff: 0.0, Sum: 0.1]
      [GC Worker Total (ms): Min: 5.1, Avg: 5.3, Max: 5.5, Diff: 0.4, Sum: 74.1]
      [GC Worker End (ms): Min: 201120836.7, Avg: 201120836.7, Max: 201120836.8, Diff: 0.2]
   [Code Root Fixup: 0.0 ms]
   [Code Root Purge: 0.0 ms]
   [Clear CT: 0.2 ms]
   [Other: 6.9 ms]
      [Choose CSet: 0.0 ms]
      [Ref Proc: 6.2 ms]
      [Ref Enq: 0.3 ms]
      [Redirty Cards: 0.2 ms]
      [Humongous Register: 0.0 ms]
      [Humongous Reclaim: 0.0 ms]
      [Free CSet: 0.1 ms]
   [Eden: 7152.0M(7152.0M)->0.0B(7152.0M) Survivors: 16384.0K->16384.0K Heap: 9968.6M(14336.0M)->2816.5M(14336.0M)]
 [Times: user=0.09 sys=0.00, real=0.01 secs] 
2022-11-08T02:32:40.595-0700: 202105.281: [GC pause (G1 Evacuation Pause) (young), 0.0148302 secs]
   [Parallel Time: 8.3 ms, GC Workers: 14]
      [GC Worker Start (ms): Min: 202105281.1, Avg: 202105281.3, Max: 202105281.4, Diff: 0.3]
      [Ext Root Scanning (ms): Min: 0.2, Avg: 0.6, Max: 3.8, Diff: 3.6, Sum: 8.7]
      [Update RS (ms): Min: 0.0, Avg: 0.1, Max: 0.3, Diff: 0.3, Sum: 1.4]
         [Processed Buffers: Min: 0, Avg: 11.2, Max: 29, Diff: 29, Sum: 157]
      [Scan RS (ms): Min: 0.0, Avg: 0.0, Max: 0.1, Diff: 0.1, Sum: 0.4]
      [Code Root Scanning (ms): Min: 0.0, Avg: 0.0, Max: 0.0, Diff: 0.0, Sum: 0.0]
      [Object Copy (ms): Min: 0.0, Avg: 2.2, Max: 7.2, Diff: 7.2, Sum: 30.6]
      [Termination (ms): Min: 0.0, Avg: 4.8, Max: 7.1, Diff: 7.1, Sum: 67.0]
         [Termination Attempts: Min: 1, Avg: 5.4, Max: 13, Diff: 12, Sum: 76]
      [GC Worker Other (ms): Min: 0.0, Avg: 0.0, Max: 0.0, Diff: 0.0, Sum: 0.1]
      [GC Worker Total (ms): Min: 7.6, Avg: 7.7, Max: 7.9, Diff: 0.3, Sum: 108.3]
      [GC Worker End (ms): Min: 202105289.0, Avg: 202105289.0, Max: 202105289.1, Diff: 0.1]
   [Code Root Fixup: 0.0 ms]
   [Code Root Purge: 0.0 ms]
   [Clear CT: 0.5 ms]
   [Other: 6.0 ms]
      [Choose CSet: 0.0 ms]
      [Ref Proc: 5.3 ms]
      [Ref Enq: 0.3 ms]
      [Redirty Cards: 0.3 ms]
      [Humongous Register: 0.0 ms]
      [Humongous Reclaim: 0.0 ms]
      [Free CSet: 0.1 ms]
   [Eden: 7152.0M(7152.0M)->0.0B(7152.0M) Survivors: 16384.0K->16384.0K Heap: 9968.5M(14336.0M)->2816.8M(14336.0M)]
 [Times: user=0.10 sys=0.00, real=0.01 secs] 
2022-11-08T02:49:00.545-0700: 203085.231: [GC pause (G1 Evacuation Pause) (young), 0.0092408 secs]
   [Parallel Time: 4.1 ms, GC Workers: 14]
      [GC Worker Start (ms): Min: 203085231.5, Avg: 203085231.6, Max: 203085231.7, Diff: 0.2]
      [Ext Root Scanning (ms): Min: 0.2, Avg: 0.6, Max: 3.7, Diff: 3.5, Sum: 8.7]
      [Update RS (ms): Min: 0.0, Avg: 0.1, Max: 0.2, Diff: 0.2, Sum: 1.3]
         [Processed Buffers: Min: 0, Avg: 11.4, Max: 36, Diff: 36, Sum: 159]
      [Scan RS (ms): Min: 0.0, Avg: 0.0, Max: 0.1, Diff: 0.1, Sum: 0.5]
      [Code Root Scanning (ms): Min: 0.0, Avg: 0.0, Max: 0.0, Diff: 0.0, Sum: 0.0]
      [Object Copy (ms): Min: 0.0, Avg: 0.3, Max: 0.3, Diff: 0.3, Sum: 3.8]
      [Termination (ms): Min: 0.0, Avg: 2.7, Max: 3.0, Diff: 3.0, Sum: 38.0]
         [Termination Attempts: Min: 1, Avg: 31.5, Max: 43, Diff: 42, Sum: 441]
      [GC Worker Other (ms): Min: 0.0, Avg: 0.0, Max: 0.0, Diff: 0.0, Sum: 0.1]
      [GC Worker Total (ms): Min: 3.6, Avg: 3.7, Max: 3.9, Diff: 0.3, Sum: 52.3]
      [GC Worker End (ms): Min: 203085235.3, Avg: 203085235.4, Max: 203085235.4, Diff: 0.1]
   [Code Root Fixup: 0.0 ms]
   [Code Root Purge: 0.0 ms]
   [Clear CT: 0.2 ms]
   [Other: 4.9 ms]
      [Choose CSet: 0.0 ms]
      [Ref Proc: 4.2 ms]
      [Ref Enq: 0.3 ms]
      [Redirty Cards: 0.2 ms]
      [Humongous Register: 0.0 ms]
      [Humongous Reclaim: 0.0 ms]
      [Free CSet: 0.1 ms]
   [Eden: 7152.0M(7152.0M)->0.0B(7152.0M) Survivors: 16384.0K->16384.0K Heap: 9968.8M(14336.0M)->2816.4M(14336.0M)]
 [Times: user=0.07 sys=0.00, real=0.01 secs] 
2022-11-08T03:05:16.045-0700: 204060.731: [GC pause (G1 Evacuation Pause) (young), 0.0083333 secs]
   [Parallel Time: 3.0 ms, GC Workers: 14]
      [GC Worker Start (ms): Min: 204060731.4, Avg: 204060731.6, Max: 204060731.8, Diff: 0.3]
      [Ext Root Scanning (ms): Min: 0.2, Avg: 0.6, Max: 2.6, Diff: 2.4, Sum: 7.8]
      [Update RS (ms): Min: 0.0, Avg: 0.1, Max: 0.3, Diff: 0.3, Sum: 1.4]
         [Processed Buffers: Min: 0, Avg: 10.4, Max: 29, Diff: 29, Sum: 146]
      [Scan RS (ms): Min: 0.0, Avg: 0.0, Max: 0.1, Diff: 0.1, Sum: 0.5]
      [Code Root Scanning (ms): Min: 0.0, Avg: 0.0, Max: 0.0, Diff: 0.0, Sum: 0.0]
      [Object Copy (ms): Min: 0.0, Avg: 0.3, Max: 0.4, Diff: 0.4, Sum: 4.6]
      [Termination (ms): Min: 0.0, Avg: 1.5, Max: 1.7, Diff: 1.7, Sum: 21.0]
         [Termination Attempts: Min: 1, Avg: 41.0, Max: 61, Diff: 60, Sum: 574]
      [GC Worker Other (ms): Min: 0.0, Avg: 0.0, Max: 0.0, Diff: 0.0, Sum: 0.1]
      [GC Worker Total (ms): Min: 2.3, Avg: 2.5, Max: 2.7, Diff: 0.4, Sum: 35.3]
      [GC Worker End (ms): Min: 204060734.1, Avg: 204060734.1, Max: 204060734.2, Diff: 0.1]
   [Code Root Fixup: 0.0 ms]
   [Code Root Purge: 0.0 ms]
   [Clear CT: 0.2 ms]
   [Other: 5.1 ms]
      [Choose CSet: 0.0 ms]
      [Ref Proc: 4.4 ms]
      [Ref Enq: 0.3 ms]
      [Redirty Cards: 0.2 ms]
      [Humongous Register: 0.0 ms]
      [Humongous Reclaim: 0.0 ms]
      [Free CSet: 0.2 ms]
   [Eden: 7152.0M(7152.0M)->0.0B(7152.0M) Survivors: 16384.0K->16384.0K Heap: 9968.4M(14336.0M)->2816.8M(14336.0M)]
 [Times: user=0.05 sys=0.00, real=0.00 secs] 
2022-11-08T03:21:41.345-0700: 205046.032: [GC pause (G1 Evacuation Pause) (young), 0.0106481 secs]
   [Parallel Time: 4.3 ms, GC Workers: 14]
      [GC Worker Start (ms): Min: 205046031.6, Avg: 205046031.8, Max: 205046031.9, Diff: 0.3]
      [Ext Root Scanning (ms): Min: 0.2, Avg: 0.7, Max: 3.7, Diff: 3.5, Sum: 9.2]
      [Update RS (ms): Min: 0.0, Avg: 0.1, Max: 0.3, Diff: 0.3, Sum: 1.3]
         [Processed Buffers: Min: 0, Avg: 11.1, Max: 27, Diff: 27, Sum: 155]
      [Scan RS (ms): Min: 0.0, Avg: 0.0, Max: 0.1, Diff: 0.1, Sum: 0.4]
      [Code Root Scanning (ms): Min: 0.0, Avg: 0.0, Max: 0.0, Diff: 0.0, Sum: 0.0]
      [Object Copy (ms): Min: 0.0, Avg: 0.2, Max: 0.3, Diff: 0.3, Sum: 3.3]
      [Termination (ms): Min: 0.0, Avg: 2.6, Max: 2.9, Diff: 2.9, Sum: 36.0]
         [Termination Attempts: Min: 1, Avg: 11.3, Max: 17, Diff: 16, Sum: 158]
      [GC Worker Other (ms): Min: 0.0, Avg: 0.0, Max: 0.0, Diff: 0.0, Sum: 0.1]
      [GC Worker Total (ms): Min: 3.5, Avg: 3.6, Max: 3.8, Diff: 0.3, Sum: 50.3]
      [GC Worker End (ms): Min: 205046035.3, Avg: 205046035.4, Max: 205046035.4, Diff: 0.1]
   [Code Root Fixup: 0.0 ms]
   [Code Root Purge: 0.0 ms]
   [Clear CT: 0.3 ms]
   [Other: 6.1 ms]
      [Choose CSet: 0.0 ms]
      [Ref Proc: 5.3 ms]
      [Ref Enq: 0.3 ms]
      [Redirty Cards: 0.2 ms]
      [Humongous Register: 0.0 ms]
      [Humongous Reclaim: 0.0 ms]
      [Free CSet: 0.2 ms]
   [Eden: 7152.0M(7152.0M)->0.0B(7152.0M) Survivors: 16384.0K->16384.0K Heap: 9968.8M(14336.0M)->2816.5M(14336.0M)]
 [Times: user=0.08 sys=0.00, real=0.01 secs] 
2022-11-08T03:37:58.155-0700: 206022.841: [GC pause (G1 Evacuation Pause) (young), 0.0515451 secs]
   [Parallel Time: 7.8 ms, GC Workers: 14]
      [GC Worker Start (ms): Min: 206022841.5, Avg: 206022841.7, Max: 206022841.9, Diff: 0.3]
      [Ext Root Scanning (ms): Min: 0.2, Avg: 0.7, Max: 3.8, Diff: 3.6, Sum: 9.3]
      [Update RS (ms): Min: 0.0, Avg: 0.1, Max: 0.3, Diff: 0.3, Sum: 1.3]
         [Processed Buffers: Min: 0, Avg: 11.2, Max: 41, Diff: 41, Sum: 157]
      [Scan RS (ms): Min: 0.0, Avg: 0.0, Max: 0.0, Diff: 0.0, Sum: 0.5]
      [Code Root Scanning (ms): Min: 0.0, Avg: 0.0, Max: 0.0, Diff: 0.0, Sum: 0.0]
      [Object Copy (ms): Min: 0.0, Avg: 0.3, Max: 0.5, Diff: 0.5, Sum: 3.7]
      [Termination (ms): Min: 0.0, Avg: 2.7, Max: 3.0, Diff: 3.0, Sum: 37.1]
         [Termination Attempts: Min: 1, Avg: 9.9, Max: 26, Diff: 25, Sum: 139]
      [GC Worker Other (ms): Min: 0.0, Avg: 0.0, Max: 0.0, Diff: 0.0, Sum: 0.1]
      [GC Worker Total (ms): Min: 3.5, Avg: 3.7, Max: 3.8, Diff: 0.3, Sum: 52.0]
      [GC Worker End (ms): Min: 206022845.4, Avg: 206022845.4, Max: 206022845.5, Diff: 0.1]
   [Code Root Fixup: 0.0 ms]
   [Code Root Purge: 0.0 ms]
   [Clear CT: 0.4 ms]
   [Other: 43.3 ms]
      [Choose CSet: 0.0 ms]
      [Ref Proc: 42.5 ms]
      [Ref Enq: 0.3 ms]
      [Redirty Cards: 0.3 ms]
      [Humongous Register: 0.0 ms]
      [Humongous Reclaim: 0.0 ms]
      [Free CSet: 0.2 ms]
   [Eden: 7152.0M(7152.0M)->0.0B(7152.0M) Survivors: 16384.0K->16384.0K Heap: 9968.5M(14336.0M)->2816.8M(14336.0M)]
 [Times: user=0.15 sys=0.00, real=0.05 secs] 
2022-11-08T03:54:19.495-0700: 207004.181: [GC pause (G1 Evacuation Pause) (young), 0.0098506 secs]
   [Parallel Time: 4.1 ms, GC Workers: 14]
      [GC Worker Start (ms): Min: 207004181.6, Avg: 207004181.7, Max: 207004181.8, Diff: 0.2]
      [Ext Root Scanning (ms): Min: 0.3, Avg: 0.6, Max: 3.8, Diff: 3.5, Sum: 8.7]
      [Update RS (ms): Min: 0.0, Avg: 0.2, Max: 2.2, Diff: 2.2, Sum: 3.3]
         [Processed Buffers: Min: 0, Avg: 11.4, Max: 37, Diff: 37, Sum: 159]
      [Scan RS (ms): Min: 0.0, Avg: 0.0, Max: 0.1, Diff: 0.0, Sum: 0.3]
      [Code Root Scanning (ms): Min: 0.0, Avg: 0.0, Max: 0.0, Diff: 0.0, Sum: 0.0]
      [Object Copy (ms): Min: 0.0, Avg: 0.2, Max: 0.3, Diff: 0.3, Sum: 3.5]
      [Termination (ms): Min: 0.0, Avg: 2.6, Max: 3.0, Diff: 3.0, Sum: 36.2]
         [Termination Attempts: Min: 1, Avg: 26.3, Max: 44, Diff: 43, Sum: 368]
      [GC Worker Other (ms): Min: 0.0, Avg: 0.0, Max: 0.0, Diff: 0.0, Sum: 0.1]
      [GC Worker Total (ms): Min: 3.6, Avg: 3.7, Max: 3.8, Diff: 0.2, Sum: 52.1]
      [GC Worker End (ms): Min: 207004185.3, Avg: 207004185.4, Max: 207004185.5, Diff: 0.1]
   [Code Root Fixup: 0.0 ms]
   [Code Root Purge: 0.0 ms]
   [Clear CT: 0.4 ms]
   [Other: 5.4 ms]
      [Choose CSet: 0.0 ms]
      [Ref Proc: 4.7 ms]
      [Ref Enq: 0.2 ms]
      [Redirty Cards: 0.2 ms]
      [Humongous Register: 0.0 ms]
      [Humongous Reclaim: 0.0 ms]
      [Free CSet: 0.2 ms]
   [Eden: 7152.0M(7152.0M)->0.0B(7152.0M) Survivors: 16384.0K->16384.0K Heap: 9968.8M(14336.0M)->2816.6M(14336.0M)]
 [Times: user=0.07 sys=0.00, real=0.01 secs] 
2022-11-08T04:10:38.201-0700: 207982.887: [GC pause (G1 Evacuation Pause) (young), 0.0097516 secs]
   [Parallel Time: 4.3 ms, GC Workers: 14]
      [GC Worker Start (ms): Min: 207982887.5, Avg: 207982887.6, Max: 207982887.8, Diff: 0.3]
      [Ext Root Scanning (ms): Min: 0.2, Avg: 0.6, Max: 3.8, Diff: 3.6, Sum: 8.6]
      [Update RS (ms): Min: 0.0, Avg: 0.1, Max: 0.3, Diff: 0.3, Sum: 1.3]
         [Processed Buffers: Min: 0, Avg: 11.1, Max: 37, Diff: 37, Sum: 155]
      [Scan RS (ms): Min: 0.0, Avg: 0.0, Max: 0.0, Diff: 0.0, Sum: 0.4]
      [Code Root Scanning (ms): Min: 0.0, Avg: 0.0, Max: 0.0, Diff: 0.0, Sum: 0.0]
      [Object Copy (ms): Min: 0.0, Avg: 0.3, Max: 0.4, Diff: 0.4, Sum: 4.2]
      [Termination (ms): Min: 0.0, Avg: 2.7, Max: 3.0, Diff: 3.0, Sum: 38.2]
         [Termination Attempts: Min: 1, Avg: 39.9, Max: 53, Diff: 52, Sum: 559]
      [GC Worker Other (ms): Min: 0.0, Avg: 0.0, Max: 0.0, Diff: 0.0, Sum: 0.1]
      [GC Worker Total (ms): Min: 3.6, Avg: 3.8, Max: 3.9, Diff: 0.4, Sum: 52.8]
      [GC Worker End (ms): Min: 207982891.3, Avg: 207982891.4, Max: 207982891.4, Diff: 0.1]
   [Code Root Fixup: 0.0 ms]
   [Code Root Purge: 0.0 ms]
   [Clear CT: 0.4 ms]
   [Other: 5.1 ms]
      [Choose CSet: 0.0 ms]
      [Ref Proc: 4.4 ms]
      [Ref Enq: 0.2 ms]
      [Redirty Cards: 0.2 ms]
      [Humongous Register: 0.0 ms]
      [Humongous Reclaim: 0.0 ms]
      [Free CSet: 0.2 ms]
   [Eden: 7152.0M(7152.0M)->0.0B(7152.0M) Survivors: 16384.0K->16384.0K Heap: 9968.6M(14336.0M)->2816.9M(14336.0M)]
 [Times: user=0.07 sys=0.00, real=0.01 secs] 
2022-11-08T04:26:54.345-0700: 208959.032: [GC pause (G1 Evacuation Pause) (young), 0.0094402 secs]
   [Parallel Time: 3.1 ms, GC Workers: 14]
      [GC Worker Start (ms): Min: 208959031.7, Avg: 208959031.8, Max: 208959032.1, Diff: 0.4]
      [Ext Root Scanning (ms): Min: 0.1, Avg: 0.5, Max: 2.6, Diff: 2.4, Sum: 7.5]
      [Update RS (ms): Min: 0.0, Avg: 0.1, Max: 0.3, Diff: 0.3, Sum: 1.3]
         [Processed Buffers: Min: 0, Avg: 11.1, Max: 36, Diff: 36, Sum: 155]
      [Scan RS (ms): Min: 0.0, Avg: 0.0, Max: 0.1, Diff: 0.0, Sum: 0.5]
      [Code Root Scanning (ms): Min: 0.0, Avg: 0.0, Max: 0.0, Diff: 0.0, Sum: 0.0]
      [Object Copy (ms): Min: 0.0, Avg: 0.3, Max: 0.4, Diff: 0.4, Sum: 4.2]
      [Termination (ms): Min: 0.0, Avg: 1.5, Max: 1.7, Diff: 1.7, Sum: 21.1]
         [Termination Attempts: Min: 1, Avg: 37.6, Max: 51, Diff: 50, Sum: 526]
      [GC Worker Other (ms): Min: 0.0, Avg: 0.0, Max: 0.0, Diff: 0.0, Sum: 0.1]
      [GC Worker Total (ms): Min: 2.2, Avg: 2.5, Max: 2.7, Diff: 0.5, Sum: 34.8]
      [GC Worker End (ms): Min: 208959034.3, Avg: 208959034.3, Max: 208959034.4, Diff: 0.1]
   [Code Root Fixup: 0.0 ms]
   [Code Root Purge: 0.0 ms]
   [Clear CT: 0.4 ms]
   [Other: 6.0 ms]
      [Choose CSet: 0.0 ms]
      [Ref Proc: 5.3 ms]
      [Ref Enq: 0.3 ms]
      [Redirty Cards: 0.2 ms]
      [Humongous Register: 0.0 ms]
      [Humongous Reclaim: 0.0 ms]
      [Free CSet: 0.2 ms]
   [Eden: 7152.0M(7152.0M)->0.0B(7152.0M) Survivors: 16384.0K->16384.0K Heap: 9968.9M(14336.0M)->2816.6M(14336.0M)]
 [Times: user=0.06 sys=0.00, real=0.01 secs] 
2022-11-08T04:43:20.587-0700: 209945.273: [GC pause (G1 Evacuation Pause) (young), 0.0096887 secs]
   [Parallel Time: 3.1 ms, GC Workers: 14]
      [GC Worker Start (ms): Min: 209945273.3, Avg: 209945273.5, Max: 209945273.7, Diff: 0.4]
      [Ext Root Scanning (ms): Min: 0.2, Avg: 0.6, Max: 2.6, Diff: 2.4, Sum: 8.1]
      [Update RS (ms): Min: 0.0, Avg: 0.1, Max: 0.3, Diff: 0.3, Sum: 1.3]
         [Processed Buffers: Min: 0, Avg: 11.4, Max: 45, Diff: 45, Sum: 160]
      [Scan RS (ms): Min: 0.0, Avg: 0.0, Max: 0.1, Diff: 0.1, Sum: 0.4]
      [Code Root Scanning (ms): Min: 0.0, Avg: 0.0, Max: 0.0, Diff: 0.0, Sum: 0.0]
      [Object Copy (ms): Min: 0.0, Avg: 0.3, Max: 0.4, Diff: 0.4, Sum: 3.9]
      [Termination (ms): Min: 0.0, Avg: 1.5, Max: 1.7, Diff: 1.7, Sum: 20.5]
         [Termination Attempts: Min: 1, Avg: 23.5, Max: 38, Diff: 37, Sum: 329]
      [GC Worker Other (ms): Min: 0.0, Avg: 0.0, Max: 0.0, Diff: 0.0, Sum: 0.1]
      [GC Worker Total (ms): Min: 2.2, Avg: 2.4, Max: 2.6, Diff: 0.4, Sum: 34.3]
      [GC Worker End (ms): Min: 209945275.9, Avg: 209945276.0, Max: 209945276.1, Diff: 0.1]
   [Code Root Fixup: 0.0 ms]
   [Code Root Purge: 0.0 ms]
   [Clear CT: 0.5 ms]
   [Other: 6.1 ms]
      [Choose CSet: 0.0 ms]
      [Ref Proc: 5.4 ms]
      [Ref Enq: 0.3 ms]
      [Redirty Cards: 0.2 ms]
      [Humongous Register: 0.0 ms]
      [Humongous Reclaim: 0.0 ms]
      [Free CSet: 0.2 ms]
   [Eden: 7152.0M(7152.0M)->0.0B(7152.0M) Survivors: 16384.0K->16384.0K Heap: 9968.6M(14336.0M)->2816.9M(14336.0M)]
 [Times: user=0.06 sys=0.00, real=0.01 secs] 
2022-11-08T04:59:39.795-0700: 210924.481: [GC pause (G1 Evacuation Pause) (young), 0.0083086 secs]
   [Parallel Time: 2.9 ms, GC Workers: 14]
      [GC Worker Start (ms): Min: 210924481.3, Avg: 210924481.4, Max: 210924481.6, Diff: 0.3]
      [Ext Root Scanning (ms): Min: 0.2, Avg: 0.6, Max: 2.7, Diff: 2.5, Sum: 7.8]
      [Update RS (ms): Min: 0.0, Avg: 0.1, Max: 0.3, Diff: 0.3, Sum: 1.4]
         [Processed Buffers: Min: 0, Avg: 10.9, Max: 29, Diff: 29, Sum: 152]
      [Scan RS (ms): Min: 0.0, Avg: 0.0, Max: 0.1, Diff: 0.1, Sum: 0.4]
      [Code Root Scanning (ms): Min: 0.0, Avg: 0.0, Max: 0.0, Diff: 0.0, Sum: 0.0]
      [Object Copy (ms): Min: 0.0, Avg: 0.3, Max: 0.4, Diff: 0.4, Sum: 3.9]
      [Termination (ms): Min: 0.0, Avg: 1.6, Max: 1.8, Diff: 1.8, Sum: 22.9]
         [Termination Attempts: Min: 1, Avg: 34.6, Max: 52, Diff: 51, Sum: 484]
      [GC Worker Other (ms): Min: 0.0, Avg: 0.0, Max: 0.0, Diff: 0.0, Sum: 0.1]
      [GC Worker Total (ms): Min: 2.4, Avg: 2.6, Max: 2.7, Diff: 0.3, Sum: 36.5]
      [GC Worker End (ms): Min: 210924484.0, Avg: 210924484.0, Max: 210924484.1, Diff: 0.1]
   [Code Root Fixup: 0.0 ms]
   [Code Root Purge: 0.0 ms]
   [Clear CT: 0.4 ms]
   [Other: 5.0 ms]
      [Choose CSet: 0.0 ms]
      [Ref Proc: 4.5 ms]
      [Ref Enq: 0.2 ms]
      [Redirty Cards: 0.2 ms]
      [Humongous Register: 0.0 ms]
      [Humongous Reclaim: 0.0 ms]
      [Free CSet: 0.1 ms]
   [Eden: 7152.0M(7152.0M)->0.0B(7152.0M) Survivors: 16384.0K->16384.0K Heap: 9968.9M(14336.0M)->2816.5M(14336.0M)]
 [Times: user=0.04 sys=0.02, real=0.01 secs] 
2022-11-08T05:15:50.845-0700: 211895.531: [GC pause (G1 Evacuation Pause) (young), 0.0110867 secs]
   [Parallel Time: 4.4 ms, GC Workers: 14]
      [GC Worker Start (ms): Min: 211895531.3, Avg: 211895531.5, Max: 211895531.7, Diff: 0.4]
      [Ext Root Scanning (ms): Min: 0.2, Avg: 0.6, Max: 3.8, Diff: 3.6, Sum: 8.6]
      [Update RS (ms): Min: 0.0, Avg: 0.1, Max: 0.3, Diff: 0.3, Sum: 1.4]
         [Processed Buffers: Min: 0, Avg: 11.1, Max: 31, Diff: 31, Sum: 156]
      [Scan RS (ms): Min: 0.0, Avg: 0.0, Max: 0.1, Diff: 0.1, Sum: 0.5]
      [Code Root Scanning (ms): Min: 0.0, Avg: 0.0, Max: 0.0, Diff: 0.0, Sum: 0.0]
      [Object Copy (ms): Min: 0.0, Avg: 0.3, Max: 0.4, Diff: 0.4, Sum: 4.3]
      [Termination (ms): Min: 0.0, Avg: 2.5, Max: 2.7, Diff: 2.7, Sum: 35.3]
         [Termination Attempts: Min: 1, Avg: 42.0, Max: 57, Diff: 56, Sum: 588]
      [GC Worker Other (ms): Min: 0.0, Avg: 0.0, Max: 0.0, Diff: 0.0, Sum: 0.1]
      [GC Worker Total (ms): Min: 3.4, Avg: 3.6, Max: 3.8, Diff: 0.4, Sum: 50.2]
      [GC Worker End (ms): Min: 211895535.1, Avg: 211895535.1, Max: 211895535.2, Diff: 0.0]
   [Code Root Fixup: 0.0 ms]
   [Code Root Purge: 0.0 ms]
   [Clear CT: 0.3 ms]
   [Other: 6.3 ms]
      [Choose CSet: 0.0 ms]
      [Ref Proc: 5.7 ms]
      [Ref Enq: 0.2 ms]
      [Redirty Cards: 0.2 ms]
      [Humongous Register: 0.0 ms]
      [Humongous Reclaim: 0.0 ms]
      [Free CSet: 0.2 ms]
   [Eden: 7152.0M(7152.0M)->0.0B(7152.0M) Survivors: 16384.0K->16384.0K Heap: 9968.5M(14336.0M)->2816.9M(14336.0M)]
 [Times: user=0.08 sys=0.00, real=0.01 secs] 
2022-11-08T05:32:14.345-0700: 212879.032: [GC pause (G1 Evacuation Pause) (young), 0.0098654 secs]
   [Parallel Time: 4.3 ms, GC Workers: 14]
      [GC Worker Start (ms): Min: 212879031.6, Avg: 212879031.8, Max: 212879031.9, Diff: 0.3]
      [Ext Root Scanning (ms): Min: 0.2, Avg: 0.6, Max: 3.7, Diff: 3.5, Sum: 8.6]
      [Update RS (ms): Min: 0.0, Avg: 0.1, Max: 0.3, Diff: 0.3, Sum: 1.3]
         [Processed Buffers: Min: 0, Avg: 10.4, Max: 42, Diff: 42, Sum: 146]
      [Scan RS (ms): Min: 0.0, Avg: 0.0, Max: 0.1, Diff: 0.0, Sum: 0.5]
      [Code Root Scanning (ms): Min: 0.0, Avg: 0.0, Max: 0.0, Diff: 0.0, Sum: 0.0]
      [Object Copy (ms): Min: 0.0, Avg: 0.3, Max: 0.7, Diff: 0.7, Sum: 3.9]
      [Termination (ms): Min: 0.0, Avg: 2.7, Max: 2.9, Diff: 2.9, Sum: 37.4]
         [Termination Attempts: Min: 1, Avg: 13.2, Max: 25, Diff: 24, Sum: 185]
      [GC Worker Other (ms): Min: 0.0, Avg: 0.0, Max: 0.0, Diff: 0.0, Sum: 0.1]
      [GC Worker Total (ms): Min: 3.5, Avg: 3.7, Max: 3.9, Diff: 0.4, Sum: 51.7]
      [GC Worker End (ms): Min: 212879035.4, Avg: 212879035.5, Max: 212879035.5, Diff: 0.1]
   [Code Root Fixup: 0.0 ms]
   [Code Root Purge: 0.0 ms]
   [Clear CT: 0.4 ms]
   [Other: 5.2 ms]
      [Choose CSet: 0.0 ms]
      [Ref Proc: 4.5 ms]
      [Ref Enq: 0.2 ms]
      [Redirty Cards: 0.2 ms]
      [Humongous Register: 0.0 ms]
      [Humongous Reclaim: 0.0 ms]
      [Free CSet: 0.2 ms]
   [Eden: 7152.0M(7152.0M)->0.0B(7152.0M) Survivors: 16384.0K->16384.0K Heap: 9968.9M(14336.0M)->2816.6M(14336.0M)]
 [Times: user=0.08 sys=0.00, real=0.01 secs] 
2022-11-08T05:48:31.103-0700: 213855.790: [GC pause (G1 Evacuation Pause) (young), 0.0087057 secs]
   [Parallel Time: 3.0 ms, GC Workers: 14]
      [GC Worker Start (ms): Min: 213855789.7, Avg: 213855789.9, Max: 213855790.1, Diff: 0.4]
      [Ext Root Scanning (ms): Min: 0.1, Avg: 0.5, Max: 2.6, Diff: 2.5, Sum: 7.3]
      [Update RS (ms): Min: 0.0, Avg: 0.1, Max: 0.4, Diff: 0.4, Sum: 1.6]
         [Processed Buffers: Min: 0, Avg: 10.3, Max: 36, Diff: 36, Sum: 144]
      [Scan RS (ms): Min: 0.0, Avg: 0.0, Max: 0.1, Diff: 0.0, Sum: 0.4]
      [Code Root Scanning (ms): Min: 0.0, Avg: 0.0, Max: 0.0, Diff: 0.0, Sum: 0.0]
      [Object Copy (ms): Min: 0.0, Avg: 0.2, Max: 0.3, Diff: 0.3, Sum: 3.5]
      [Termination (ms): Min: 0.0, Avg: 1.6, Max: 1.8, Diff: 1.8, Sum: 21.8]
         [Termination Attempts: Min: 1, Avg: 10.1, Max: 20, Diff: 19, Sum: 141]
      [GC Worker Other (ms): Min: 0.0, Avg: 0.0, Max: 0.0, Diff: 0.0, Sum: 0.1]
      [GC Worker Total (ms): Min: 2.3, Avg: 2.5, Max: 2.8, Diff: 0.5, Sum: 34.7]
      [GC Worker End (ms): Min: 213855792.3, Avg: 213855792.4, Max: 213855792.5, Diff: 0.1]
   [Code Root Fixup: 0.0 ms]
   [Code Root Purge: 0.0 ms]
   [Clear CT: 0.3 ms]
   [Other: 5.3 ms]
      [Choose CSet: 0.0 ms]
      [Ref Proc: 4.8 ms]
      [Ref Enq: 0.2 ms]
      [Redirty Cards: 0.2 ms]
      [Humongous Register: 0.0 ms]
      [Humongous Reclaim: 0.0 ms]
      [Free CSet: 0.1 ms]
   [Eden: 7152.0M(7152.0M)->0.0B(7152.0M) Survivors: 16384.0K->16384.0K Heap: 9968.6M(14336.0M)->2816.9M(14336.0M)]
 [Times: user=0.02 sys=0.04, real=0.00 secs] 
2022-11-08T06:04:55.095-0700: 214839.781: [GC pause (G1 Evacuation Pause) (young), 0.0098742 secs]
   [Parallel Time: 3.0 ms, GC Workers: 14]
      [GC Worker Start (ms): Min: 214839781.3, Avg: 214839781.5, Max: 214839781.8, Diff: 0.5]
      [Ext Root Scanning (ms): Min: 0.1, Avg: 0.5, Max: 2.6, Diff: 2.5, Sum: 7.4]
      [Update RS (ms): Min: 0.0, Avg: 0.1, Max: 0.3, Diff: 0.3, Sum: 1.4]
         [Processed Buffers: Min: 0, Avg: 10.4, Max: 31, Diff: 31, Sum: 145]
      [Scan RS (ms): Min: 0.0, Avg: 0.0, Max: 0.1, Diff: 0.1, Sum: 0.5]
      [Code Root Scanning (ms): Min: 0.0, Avg: 0.0, Max: 0.0, Diff: 0.0, Sum: 0.0]
      [Object Copy (ms): Min: 0.0, Avg: 0.3, Max: 0.4, Diff: 0.4, Sum: 3.8]
      [Termination (ms): Min: 0.0, Avg: 1.5, Max: 1.7, Diff: 1.7, Sum: 21.4]
         [Termination Attempts: Min: 1, Avg: 12.9, Max: 20, Diff: 19, Sum: 181]
      [GC Worker Other (ms): Min: 0.0, Avg: 0.0, Max: 0.0, Diff: 0.0, Sum: 0.1]
      [GC Worker Total (ms): Min: 2.2, Avg: 2.5, Max: 2.7, Diff: 0.5, Sum: 34.5]
      [GC Worker End (ms): Min: 214839783.9, Avg: 214839784.0, Max: 214839784.0, Diff: 0.1]
   [Code Root Fixup: 0.0 ms]
   [Code Root Purge: 0.0 ms]
   [Clear CT: 0.2 ms]
   [Other: 6.6 ms]
      [Choose CSet: 0.0 ms]
      [Ref Proc: 6.0 ms]
      [Ref Enq: 0.3 ms]
      [Redirty Cards: 0.2 ms]
      [Humongous Register: 0.0 ms]
      [Humongous Reclaim: 0.0 ms]
      [Free CSet: 0.1 ms]
   [Eden: 7152.0M(7152.0M)->0.0B(7152.0M) Survivors: 16384.0K->16384.0K Heap: 9968.9M(14336.0M)->2816.7M(14336.0M)]
 [Times: user=0.06 sys=0.01, real=0.01 secs] 
2022-11-08T06:21:22.295-0700: 215826.982: [GC pause (G1 Evacuation Pause) (young), 0.0125306 secs]
   [Parallel Time: 7.2 ms, GC Workers: 14]
      [GC Worker Start (ms): Min: 215826981.7, Avg: 215826981.8, Max: 215826982.0, Diff: 0.3]
      [Ext Root Scanning (ms): Min: 0.2, Avg: 0.6, Max: 3.8, Diff: 3.5, Sum: 8.8]
      [Update RS (ms): Min: 0.0, Avg: 0.1, Max: 0.3, Diff: 0.3, Sum: 1.3]
         [Processed Buffers: Min: 0, Avg: 10.7, Max: 28, Diff: 28, Sum: 150]
      [Scan RS (ms): Min: 0.0, Avg: 0.0, Max: 0.1, Diff: 0.0, Sum: 0.5]
      [Code Root Scanning (ms): Min: 0.0, Avg: 0.0, Max: 0.0, Diff: 0.0, Sum: 0.0]
      [Object Copy (ms): Min: 0.0, Avg: 0.7, Max: 6.3, Diff: 6.3, Sum: 9.7]
      [Termination (ms): Min: 0.0, Avg: 5.4, Max: 6.1, Diff: 6.1, Sum: 75.5]
         [Termination Attempts: Min: 1, Avg: 12.1, Max: 25, Diff: 24, Sum: 169]
      [GC Worker Other (ms): Min: 0.0, Avg: 0.0, Max: 0.0, Diff: 0.0, Sum: 0.1]
      [GC Worker Total (ms): Min: 6.7, Avg: 6.8, Max: 7.0, Diff: 0.3, Sum: 95.9]
      [GC Worker End (ms): Min: 215826988.6, Avg: 215826988.7, Max: 215826988.8, Diff: 0.1]
   [Code Root Fixup: 0.0 ms]
   [Code Root Purge: 0.0 ms]
   [Clear CT: 0.3 ms]
   [Other: 4.9 ms]
      [Choose CSet: 0.0 ms]
      [Ref Proc: 4.4 ms]
      [Ref Enq: 0.2 ms]
      [Redirty Cards: 0.2 ms]
      [Humongous Register: 0.0 ms]
      [Humongous Reclaim: 0.0 ms]
      [Free CSet: 0.1 ms]
   [Eden: 7152.0M(7152.0M)->0.0B(7152.0M) Survivors: 16384.0K->16384.0K Heap: 9968.7M(14336.0M)->2816.6M(14336.0M)]
 [Times: user=0.11 sys=0.00, real=0.01 secs] 
2022-11-08T06:37:37.695-0700: 216802.381: [GC pause (G1 Evacuation Pause) (young), 0.0149443 secs]
   [Parallel Time: 8.0 ms, GC Workers: 14]
      [GC Worker Start (ms): Min: 216802381.3, Avg: 216802381.4, Max: 216802381.6, Diff: 0.3]
      [Ext Root Scanning (ms): Min: 0.2, Avg: 0.6, Max: 3.8, Diff: 3.6, Sum: 8.7]
      [Update RS (ms): Min: 0.0, Avg: 0.1, Max: 0.3, Diff: 0.3, Sum: 1.4]
         [Processed Buffers: Min: 0, Avg: 11.6, Max: 31, Diff: 31, Sum: 162]
      [Scan RS (ms): Min: 0.0, Avg: 0.0, Max: 0.1, Diff: 0.1, Sum: 0.5]
      [Code Root Scanning (ms): Min: 0.0, Avg: 0.0, Max: 0.0, Diff: 0.0, Sum: 0.0]
      [Object Copy (ms): Min: 0.0, Avg: 1.1, Max: 6.7, Diff: 6.7, Sum: 15.7]
      [Termination (ms): Min: 0.0, Avg: 5.3, Max: 6.5, Diff: 6.5, Sum: 74.8]
         [Termination Attempts: Min: 1, Avg: 6.1, Max: 16, Diff: 15, Sum: 86]
      [GC Worker Other (ms): Min: 0.0, Avg: 0.0, Max: 0.0, Diff: 0.0, Sum: 0.1]
      [GC Worker Total (ms): Min: 7.1, Avg: 7.2, Max: 7.4, Diff: 0.3, Sum: 101.2]
      [GC Worker End (ms): Min: 216802388.6, Avg: 216802388.7, Max: 216802388.7, Diff: 0.1]
   [Code Root Fixup: 0.0 ms]
   [Code Root Purge: 0.0 ms]
   [Clear CT: 0.2 ms]
   [Other: 6.8 ms]
      [Choose CSet: 0.0 ms]
      [Ref Proc: 5.9 ms]
      [Ref Enq: 0.4 ms]
      [Redirty Cards: 0.2 ms]
      [Humongous Register: 0.0 ms]
      [Humongous Reclaim: 0.0 ms]
      [Free CSet: 0.2 ms]
   [Eden: 7152.0M(7152.0M)->0.0B(7152.0M) Survivors: 16384.0K->16384.0K Heap: 9968.6M(14336.0M)->2816.9M(14336.0M)]
 [Times: user=0.11 sys=0.00, real=0.01 secs] 
2022-11-08T06:53:59.895-0700: 217784.581: [GC pause (G1 Evacuation Pause) (young), 0.0104338 secs]
   [Parallel Time: 4.3 ms, GC Workers: 14]
      [GC Worker Start (ms): Min: 217784581.4, Avg: 217784581.5, Max: 217784581.7, Diff: 0.3]
      [Ext Root Scanning (ms): Min: 0.2, Avg: 0.7, Max: 3.8, Diff: 3.5, Sum: 9.2]
      [Update RS (ms): Min: 0.0, Avg: 0.1, Max: 0.3, Diff: 0.3, Sum: 1.3]
         [Processed Buffers: Min: 0, Avg: 11.4, Max: 35, Diff: 35, Sum: 159]
      [Scan RS (ms): Min: 0.0, Avg: 0.0, Max: 0.1, Diff: 0.1, Sum: 0.5]
      [Code Root Scanning (ms): Min: 0.0, Avg: 0.0, Max: 0.0, Diff: 0.0, Sum: 0.0]
      [Object Copy (ms): Min: 0.0, Avg: 0.3, Max: 0.3, Diff: 0.3, Sum: 3.7]
      [Termination (ms): Min: 0.0, Avg: 2.6, Max: 2.9, Diff: 2.9, Sum: 36.3]
         [Termination Attempts: Min: 1, Avg: 26.6, Max: 41, Diff: 40, Sum: 372]
      [GC Worker Other (ms): Min: 0.0, Avg: 0.0, Max: 0.0, Diff: 0.0, Sum: 0.1]
      [GC Worker Total (ms): Min: 3.5, Avg: 3.6, Max: 3.8, Diff: 0.3, Sum: 51.0]
      [GC Worker End (ms): Min: 217784585.1, Avg: 217784585.2, Max: 217784585.3, Diff: 0.1]
   [Code Root Fixup: 0.0 ms]
   [Code Root Purge: 0.0 ms]
   [Clear CT: 0.4 ms]
   [Other: 5.8 ms]
      [Choose CSet: 0.0 ms]
      [Ref Proc: 5.0 ms]
      [Ref Enq: 0.2 ms]
      [Redirty Cards: 0.2 ms]
      [Humongous Register: 0.0 ms]
      [Humongous Reclaim: 0.0 ms]
      [Free CSet: 0.2 ms]
   [Eden: 7152.0M(7152.0M)->0.0B(7152.0M) Survivors: 16384.0K->16384.0K Heap: 9968.9M(14336.0M)->2816.8M(14336.0M)]
 [Times: user=0.08 sys=0.00, real=0.01 secs] 
2022-11-08T07:10:27.745-0700: 218772.431: [GC pause (G1 Evacuation Pause) (young), 0.0099092 secs]
   [Parallel Time: 4.0 ms, GC Workers: 14]
      [GC Worker Start (ms): Min: 218772431.4, Avg: 218772431.6, Max: 218772431.7, Diff: 0.3]
      [Ext Root Scanning (ms): Min: 0.2, Avg: 0.6, Max: 3.8, Diff: 3.5, Sum: 8.9]
      [Update RS (ms): Min: 0.0, Avg: 0.1, Max: 0.3, Diff: 0.3, Sum: 1.4]
         [Processed Buffers: Min: 0, Avg: 11.8, Max: 37, Diff: 37, Sum: 165]
      [Scan RS (ms): Min: 0.0, Avg: 0.0, Max: 0.1, Diff: 0.0, Sum: 0.5]
      [Code Root Scanning (ms): Min: 0.0, Avg: 0.0, Max: 0.0, Diff: 0.0, Sum: 0.0]
      [Object Copy (ms): Min: 0.0, Avg: 0.3, Max: 0.4, Diff: 0.4, Sum: 4.3]
      [Termination (ms): Min: 0.0, Avg: 2.6, Max: 2.9, Diff: 2.9, Sum: 36.6]
         [Termination Attempts: Min: 1, Avg: 30.8, Max: 46, Diff: 45, Sum: 431]
      [GC Worker Other (ms): Min: 0.0, Avg: 0.0, Max: 0.0, Diff: 0.0, Sum: 0.1]
      [GC Worker Total (ms): Min: 3.5, Avg: 3.7, Max: 3.8, Diff: 0.3, Sum: 51.7]
      [GC Worker End (ms): Min: 218772435.2, Avg: 218772435.3, Max: 218772435.3, Diff: 0.1]
   [Code Root Fixup: 0.0 ms]
   [Code Root Purge: 0.0 ms]
   [Clear CT: 0.4 ms]
   [Other: 5.5 ms]
      [Choose CSet: 0.0 ms]
      [Ref Proc: 4.8 ms]
      [Ref Enq: 0.2 ms]
      [Redirty Cards: 0.2 ms]
      [Humongous Register: 0.0 ms]
      [Humongous Reclaim: 0.0 ms]
      [Free CSet: 0.2 ms]
   [Eden: 7152.0M(7152.0M)->0.0B(7152.0M) Survivors: 16384.0K->16384.0K Heap: 9968.8M(14336.0M)->2817.0M(14336.0M)]
 [Times: user=0.07 sys=0.00, real=0.01 secs] 
2022-11-08T07:26:54.494-0700: 219759.180: [GC pause (G1 Evacuation Pause) (young), 0.0158554 secs]
   [Parallel Time: 9.4 ms, GC Workers: 14]
      [GC Worker Start (ms): Min: 219759179.9, Avg: 219759180.1, Max: 219759180.2, Diff: 0.4]
      [Ext Root Scanning (ms): Min: 0.2, Avg: 0.6, Max: 2.6, Diff: 2.3, Sum: 8.3]
      [Update RS (ms): Min: 0.0, Avg: 0.1, Max: 0.3, Diff: 0.3, Sum: 1.4]
         [Processed Buffers: Min: 0, Avg: 10.5, Max: 29, Diff: 29, Sum: 147]
      [Scan RS (ms): Min: 0.0, Avg: 0.0, Max: 0.1, Diff: 0.1, Sum: 0.4]
      [Code Root Scanning (ms): Min: 0.0, Avg: 0.0, Max: 0.0, Diff: 0.0, Sum: 0.0]
      [Object Copy (ms): Min: 0.0, Avg: 1.5, Max: 8.1, Diff: 8.1, Sum: 20.4]
      [Termination (ms): Min: 0.0, Avg: 6.5, Max: 7.8, Diff: 7.8, Sum: 90.4]
         [Termination Attempts: Min: 1, Avg: 86.1, Max: 178, Diff: 177, Sum: 1205]
      [GC Worker Other (ms): Min: 0.0, Avg: 0.0, Max: 0.0, Diff: 0.0, Sum: 0.1]
      [GC Worker Total (ms): Min: 8.4, Avg: 8.6, Max: 8.9, Diff: 0.5, Sum: 121.0]
      [GC Worker End (ms): Min: 219759188.7, Avg: 219759188.7, Max: 219759188.8, Diff: 0.1]
   [Code Root Fixup: 0.0 ms]
   [Code Root Purge: 0.0 ms]
   [Clear CT: 0.3 ms]
   [Other: 6.2 ms]
      [Choose CSet: 0.0 ms]
      [Ref Proc: 5.5 ms]
      [Ref Enq: 0.3 ms]
      [Redirty Cards: 0.3 ms]
      [Humongous Register: 0.0 ms]
      [Humongous Reclaim: 0.0 ms]
      [Free CSet: 0.1 ms]
   [Eden: 7152.0M(7152.0M)->0.0B(7152.0M) Survivors: 16384.0K->16384.0K Heap: 9969.0M(14336.0M)->2816.7M(14336.0M)]
 [Times: user=0.13 sys=0.00, real=0.02 secs] 
2022-11-08T07:43:11.288-0700: 220735.974: [GC pause (G1 Evacuation Pause) (young), 0.0126636 secs]
   [Parallel Time: 7.0 ms, GC Workers: 14]
      [GC Worker Start (ms): Min: 220735974.1, Avg: 220735974.2, Max: 220735974.4, Diff: 0.3]
      [Ext Root Scanning (ms): Min: 0.2, Avg: 0.6, Max: 3.8, Diff: 3.5, Sum: 8.6]
      [Update RS (ms): Min: 0.0, Avg: 0.1, Max: 0.2, Diff: 0.2, Sum: 1.3]
         [Processed Buffers: Min: 0, Avg: 11.1, Max: 31, Diff: 31, Sum: 156]
      [Scan RS (ms): Min: 0.0, Avg: 0.0, Max: 0.1, Diff: 0.1, Sum: 0.5]
      [Code Root Scanning (ms): Min: 0.0, Avg: 0.0, Max: 0.0, Diff: 0.0, Sum: 0.0]
      [Object Copy (ms): Min: 0.0, Avg: 0.7, Max: 5.9, Diff: 5.9, Sum: 9.2]
      [Termination (ms): Min: 0.0, Avg: 5.0, Max: 5.8, Diff: 5.8, Sum: 70.5]
         [Termination Attempts: Min: 1, Avg: 24.5, Max: 39, Diff: 38, Sum: 343]
      [GC Worker Other (ms): Min: 0.0, Avg: 0.0, Max: 0.0, Diff: 0.0, Sum: 0.1]
      [GC Worker Total (ms): Min: 6.3, Avg: 6.4, Max: 6.6, Diff: 0.3, Sum: 90.2]
      [GC Worker End (ms): Min: 220735980.6, Avg: 220735980.7, Max: 220735980.8, Diff: 0.2]
   [Code Root Fixup: 0.0 ms]
   [Code Root Purge: 0.0 ms]
   [Clear CT: 0.3 ms]
   [Other: 5.4 ms]
      [Choose CSet: 0.0 ms]
      [Ref Proc: 4.7 ms]
      [Ref Enq: 0.3 ms]
      [Redirty Cards: 0.2 ms]
      [Humongous Register: 0.0 ms]
      [Humongous Reclaim: 0.0 ms]
      [Free CSet: 0.1 ms]
   [Eden: 7152.0M(7152.0M)->0.0B(7152.0M) Survivors: 16384.0K->16384.0K Heap: 9968.7M(14336.0M)->2817.0M(14336.0M)]
 [Times: user=0.11 sys=0.00, real=0.01 secs] 
2022-11-08T07:59:36.546-0700: 221721.232: [GC pause (G1 Evacuation Pause) (young), 0.0104651 secs]
   [Parallel Time: 4.4 ms, GC Workers: 14]
      [GC Worker Start (ms): Min: 221721232.1, Avg: 221721232.3, Max: 221721232.5, Diff: 0.3]
      [Ext Root Scanning (ms): Min: 0.2, Avg: 0.7, Max: 3.7, Diff: 3.5, Sum: 9.2]
      [Update RS (ms): Min: 0.0, Avg: 0.1, Max: 0.2, Diff: 0.2, Sum: 1.3]
         [Processed Buffers: Min: 0, Avg: 10.4, Max: 34, Diff: 34, Sum: 146]
      [Scan RS (ms): Min: 0.0, Avg: 0.0, Max: 0.1, Diff: 0.1, Sum: 0.4]
      [Code Root Scanning (ms): Min: 0.0, Avg: 0.0, Max: 0.0, Diff: 0.0, Sum: 0.0]
      [Object Copy (ms): Min: 0.0, Avg: 0.3, Max: 0.4, Diff: 0.4, Sum: 4.0]
      [Termination (ms): Min: 0.0, Avg: 2.5, Max: 2.8, Diff: 2.8, Sum: 35.3]
         [Termination Attempts: Min: 1, Avg: 36.1, Max: 54, Diff: 53, Sum: 505]
      [GC Worker Other (ms): Min: 0.0, Avg: 0.0, Max: 0.0, Diff: 0.0, Sum: 0.1]
      [GC Worker Total (ms): Min: 3.4, Avg: 3.6, Max: 3.8, Diff: 0.3, Sum: 50.3]
      [GC Worker End (ms): Min: 221721235.9, Avg: 221721235.9, Max: 221721235.9, Diff: 0.1]
   [Code Root Fixup: 0.0 ms]
   [Code Root Purge: 0.0 ms]
   [Clear CT: 0.4 ms]
   [Other: 5.7 ms]
      [Choose CSet: 0.0 ms]
      [Ref Proc: 4.8 ms]
      [Ref Enq: 0.3 ms]
      [Redirty Cards: 0.2 ms]
      [Humongous Register: 0.0 ms]
      [Humongous Reclaim: 0.0 ms]
      [Free CSet: 0.2 ms]
   [Eden: 7152.0M(7152.0M)->0.0B(7152.0M) Survivors: 16384.0K->16384.0K Heap: 9969.0M(14336.0M)->2816.8M(14336.0M)]
 [Times: user=0.08 sys=0.00, real=0.01 secs] 
2022-11-08T08:15:52.745-0700: 222697.431: [GC pause (G1 Evacuation Pause) (young), 0.0090485 secs]
   [Parallel Time: 3.1 ms, GC Workers: 14]
      [GC Worker Start (ms): Min: 222697431.4, Avg: 222697431.6, Max: 222697431.8, Diff: 0.4]
      [Ext Root Scanning (ms): Min: 0.2, Avg: 0.6, Max: 2.6, Diff: 2.4, Sum: 8.3]
      [Update RS (ms): Min: 0.0, Avg: 0.1, Max: 0.3, Diff: 0.3, Sum: 1.4]
         [Processed Buffers: Min: 0, Avg: 11.7, Max: 38, Diff: 38, Sum: 164]
      [Scan RS (ms): Min: 0.0, Avg: 0.0, Max: 0.1, Diff: 0.0, Sum: 0.4]
      [Code Root Scanning (ms): Min: 0.0, Avg: 0.0, Max: 0.0, Diff: 0.0, Sum: 0.0]
      [Object Copy (ms): Min: 0.0, Avg: 0.3, Max: 0.4, Diff: 0.4, Sum: 4.2]
      [Termination (ms): Min: 0.0, Avg: 1.5, Max: 1.7, Diff: 1.7, Sum: 20.6]
         [Termination Attempts: Min: 1, Avg: 37.3, Max: 54, Diff: 53, Sum: 522]
      [GC Worker Other (ms): Min: 0.0, Avg: 0.0, Max: 0.0, Diff: 0.0, Sum: 0.1]
      [GC Worker Total (ms): Min: 2.3, Avg: 2.5, Max: 2.6, Diff: 0.4, Sum: 34.9]
      [GC Worker End (ms): Min: 222697434.0, Avg: 222697434.1, Max: 222697434.2, Diff: 0.1]
   [Code Root Fixup: 0.0 ms]
   [Code Root Purge: 0.0 ms]
   [Clear CT: 0.3 ms]
   [Other: 5.7 ms]
      [Choose CSet: 0.0 ms]
      [Ref Proc: 5.0 ms]
      [Ref Enq: 0.3 ms]
      [Redirty Cards: 0.2 ms]
      [Humongous Register: 0.0 ms]
      [Humongous Reclaim: 0.0 ms]
      [Free CSet: 0.2 ms]
   [Eden: 7152.0M(7152.0M)->0.0B(7152.0M) Survivors: 16384.0K->16384.0K Heap: 9968.8M(14336.0M)->2817.0M(14336.0M)]
 [Times: user=0.06 sys=0.00, real=0.00 secs] 
2022-11-08T08:32:06.395-0700: 223671.081: [GC pause (G1 Evacuation Pause) (young), 0.0096689 secs]
   [Parallel Time: 3.9 ms, GC Workers: 14]
      [GC Worker Start (ms): Min: 223671081.4, Avg: 223671081.5, Max: 223671081.6, Diff: 0.3]
      [Ext Root Scanning (ms): Min: 0.2, Avg: 0.6, Max: 3.7, Diff: 3.5, Sum: 8.6]
      [Update RS (ms): Min: 0.0, Avg: 0.1, Max: 0.3, Diff: 0.3, Sum: 1.2]
         [Processed Buffers: Min: 0, Avg: 11.0, Max: 41, Diff: 41, Sum: 154]
      [Scan RS (ms): Min: 0.0, Avg: 0.0, Max: 0.1, Diff: 0.0, Sum: 0.3]
      [Code Root Scanning (ms): Min: 0.0, Avg: 0.0, Max: 0.0, Diff: 0.0, Sum: 0.0]
      [Object Copy (ms): Min: 0.0, Avg: 0.2, Max: 0.3, Diff: 0.3, Sum: 3.4]
      [Termination (ms): Min: 0.0, Avg: 2.7, Max: 3.0, Diff: 3.0, Sum: 37.9]
         [Termination Attempts: Min: 1, Avg: 21.6, Max: 35, Diff: 34, Sum: 302]
      [GC Worker Other (ms): Min: 0.0, Avg: 0.0, Max: 0.0, Diff: 0.0, Sum: 0.1]
      [GC Worker Total (ms): Min: 3.5, Avg: 3.7, Max: 3.8, Diff: 0.4, Sum: 51.6]
      [GC Worker End (ms): Min: 223671085.1, Avg: 223671085.1, Max: 223671085.2, Diff: 0.1]
   [Code Root Fixup: 0.0 ms]
   [Code Root Purge: 0.0 ms]
   [Clear CT: 0.3 ms]
   [Other: 5.4 ms]
      [Choose CSet: 0.0 ms]
      [Ref Proc: 4.8 ms]
      [Ref Enq: 0.2 ms]
      [Redirty Cards: 0.2 ms]
      [Humongous Register: 0.0 ms]
      [Humongous Reclaim: 0.0 ms]
      [Free CSet: 0.1 ms]
   [Eden: 7152.0M(7152.0M)->0.0B(7152.0M) Survivors: 16384.0K->16384.0K Heap: 9969.0M(14336.0M)->2816.8M(14336.0M)]
 [Times: user=0.08 sys=0.00, real=0.01 secs] 
2022-11-08T08:48:22.795-0700: 224647.482: [GC pause (G1 Evacuation Pause) (young), 0.0108251 secs]
   [Parallel Time: 4.4 ms, GC Workers: 14]
      [GC Worker Start (ms): Min: 224647481.7, Avg: 224647481.9, Max: 224647482.0, Diff: 0.3]
      [Ext Root Scanning (ms): Min: 0.2, Avg: 0.6, Max: 3.7, Diff: 3.5, Sum: 8.5]
      [Update RS (ms): Min: 0.0, Avg: 0.1, Max: 0.3, Diff: 0.3, Sum: 1.3]
         [Processed Buffers: Min: 0, Avg: 11.2, Max: 39, Diff: 39, Sum: 157]
      [Scan RS (ms): Min: 0.0, Avg: 0.0, Max: 0.1, Diff: 0.1, Sum: 0.4]
      [Code Root Scanning (ms): Min: 0.0, Avg: 0.0, Max: 0.0, Diff: 0.0, Sum: 0.0]
      [Object Copy (ms): Min: 0.0, Avg: 0.2, Max: 0.3, Diff: 0.3, Sum: 3.3]
      [Termination (ms): Min: 0.0, Avg: 2.7, Max: 3.0, Diff: 3.0, Sum: 37.7]
         [Termination Attempts: Min: 1, Avg: 18.1, Max: 29, Diff: 28, Sum: 253]
      [GC Worker Other (ms): Min: 0.0, Avg: 0.0, Max: 0.0, Diff: 0.0, Sum: 0.1]
      [GC Worker Total (ms): Min: 3.4, Avg: 3.7, Max: 3.8, Diff: 0.4, Sum: 51.2]
      [GC Worker End (ms): Min: 224647485.4, Avg: 224647485.5, Max: 224647485.6, Diff: 0.2]
   [Code Root Fixup: 0.0 ms]
   [Code Root Purge: 0.0 ms]
   [Clear CT: 0.3 ms]
   [Other: 6.1 ms]
      [Choose CSet: 0.0 ms]
      [Ref Proc: 5.4 ms]
      [Ref Enq: 0.2 ms]
      [Redirty Cards: 0.2 ms]
      [Humongous Register: 0.0 ms]
      [Humongous Reclaim: 0.0 ms]
      [Free CSet: 0.2 ms]
   [Eden: 7152.0M(7152.0M)->0.0B(7152.0M) Survivors: 16384.0K->16384.0K Heap: 9968.8M(14336.0M)->2817.0M(14336.0M)]
 [Times: user=0.07 sys=0.00, real=0.01 secs] 
2022-11-08T09:04:53.145-0700: 225637.831: [GC pause (G1 Evacuation Pause) (young), 0.0102372 secs]
   [Parallel Time: 3.9 ms, GC Workers: 14]
      [GC Worker Start (ms): Min: 225637831.2, Avg: 225637831.4, Max: 225637831.5, Diff: 0.3]
      [Ext Root Scanning (ms): Min: 0.2, Avg: 0.6, Max: 3.7, Diff: 3.6, Sum: 8.9]
      [Update RS (ms): Min: 0.0, Avg: 0.1, Max: 0.3, Diff: 0.3, Sum: 1.3]
         [Processed Buffers: Min: 0, Avg: 10.9, Max: 32, Diff: 32, Sum: 153]
      [Scan RS (ms): Min: 0.0, Avg: 0.0, Max: 0.1, Diff: 0.0, Sum: 0.4]
      [Code Root Scanning (ms): Min: 0.0, Avg: 0.0, Max: 0.0, Diff: 0.0, Sum: 0.0]
      [Object Copy (ms): Min: 0.0, Avg: 0.2, Max: 0.3, Diff: 0.3, Sum: 3.5]
      [Termination (ms): Min: 0.0, Avg: 2.7, Max: 2.9, Diff: 2.9, Sum: 37.3]
         [Termination Attempts: Min: 1, Avg: 14.6, Max: 26, Diff: 25, Sum: 204]
      [GC Worker Other (ms): Min: 0.0, Avg: 0.0, Max: 0.0, Diff: 0.0, Sum: 0.1]
      [GC Worker Total (ms): Min: 3.5, Avg: 3.7, Max: 3.8, Diff: 0.3, Sum: 51.4]
      [GC Worker End (ms): Min: 225637835.0, Avg: 225637835.0, Max: 225637835.1, Diff: 0.1]
   [Code Root Fixup: 0.0 ms]
   [Code Root Purge: 0.0 ms]
   [Clear CT: 0.3 ms]
   [Other: 6.1 ms]
      [Choose CSet: 0.0 ms]
      [Ref Proc: 5.3 ms]
      [Ref Enq: 0.3 ms]
      [Redirty Cards: 0.2 ms]
      [Humongous Register: 0.0 ms]
      [Humongous Reclaim: 0.0 ms]
      [Free CSet: 0.1 ms]
   [Eden: 7152.0M(7152.0M)->0.0B(7152.0M) Survivors: 16384.0K->16384.0K Heap: 9969.0M(14336.0M)->2816.8M(14336.0M)]
 [Times: user=0.08 sys=0.00, real=0.01 secs] 
2022-11-08T09:21:25.245-0700: 226629.931: [GC pause (G1 Evacuation Pause) (young), 0.0107805 secs]
   [Parallel Time: 4.3 ms, GC Workers: 14]
      [GC Worker Start (ms): Min: 226629931.4, Avg: 226629931.6, Max: 226629931.7, Diff: 0.4]
      [Ext Root Scanning (ms): Min: 0.2, Avg: 0.7, Max: 3.8, Diff: 3.6, Sum: 9.2]
      [Update RS (ms): Min: 0.0, Avg: 0.1, Max: 0.3, Diff: 0.3, Sum: 1.4]
         [Processed Buffers: Min: 0, Avg: 11.9, Max: 31, Diff: 31, Sum: 166]
      [Scan RS (ms): Min: 0.0, Avg: 0.0, Max: 0.1, Diff: 0.1, Sum: 0.5]
      [Code Root Scanning (ms): Min: 0.0, Avg: 0.0, Max: 0.0, Diff: 0.0, Sum: 0.0]
      [Object Copy (ms): Min: 0.0, Avg: 0.3, Max: 0.4, Diff: 0.4, Sum: 4.1]
      [Termination (ms): Min: 0.0, Avg: 2.5, Max: 2.8, Diff: 2.8, Sum: 35.4]
         [Termination Attempts: Min: 1, Avg: 31.5, Max: 54, Diff: 53, Sum: 441]
      [GC Worker Other (ms): Min: 0.0, Avg: 0.0, Max: 0.0, Diff: 0.0, Sum: 0.1]
      [GC Worker Total (ms): Min: 3.4, Avg: 3.6, Max: 3.8, Diff: 0.4, Sum: 50.6]
      [GC Worker End (ms): Min: 226629935.2, Avg: 226629935.2, Max: 226629935.2, Diff: 0.0]
   [Code Root Fixup: 0.0 ms]
   [Code Root Purge: 0.0 ms]
   [Clear CT: 0.4 ms]
   [Other: 6.1 ms]
      [Choose CSet: 0.0 ms]
      [Ref Proc: 5.4 ms]
      [Ref Enq: 0.4 ms]
      [Redirty Cards: 0.2 ms]
      [Humongous Register: 0.0 ms]
      [Humongous Reclaim: 0.0 ms]
      [Free CSet: 0.1 ms]
   [Eden: 7152.0M(7152.0M)->0.0B(7152.0M) Survivors: 16384.0K->16384.0K Heap: 9968.8M(14336.0M)->2817.1M(14336.0M)]
 [Times: user=0.07 sys=0.00, real=0.01 secs] 
2022-11-08T09:37:44.845-0700: 227609.532: [GC pause (G1 Evacuation Pause) (young), 0.0093046 secs]
   [Parallel Time: 3.0 ms, GC Workers: 14]
      [GC Worker Start (ms): Min: 227609531.6, Avg: 227609531.8, Max: 227609531.9, Diff: 0.3]
      [Ext Root Scanning (ms): Min: 0.2, Avg: 0.6, Max: 2.7, Diff: 2.4, Sum: 8.5]
      [Update RS (ms): Min: 0.0, Avg: 0.1, Max: 0.3, Diff: 0.3, Sum: 1.5]
         [Processed Buffers: Min: 0, Avg: 11.9, Max: 30, Diff: 30, Sum: 166]
      [Scan RS (ms): Min: 0.0, Avg: 0.1, Max: 0.6, Diff: 0.6, Sum: 1.1]
      [Code Root Scanning (ms): Min: 0.0, Avg: 0.0, Max: 0.0, Diff: 0.0, Sum: 0.0]
      [Object Copy (ms): Min: 0.0, Avg: 0.2, Max: 0.4, Diff: 0.4, Sum: 3.5]
      [Termination (ms): Min: 0.0, Avg: 1.5, Max: 1.8, Diff: 1.8, Sum: 21.5]
         [Termination Attempts: Min: 1, Avg: 26.0, Max: 42, Diff: 41, Sum: 364]
      [GC Worker Other (ms): Min: 0.0, Avg: 0.0, Max: 0.0, Diff: 0.0, Sum: 0.1]
      [GC Worker Total (ms): Min: 2.4, Avg: 2.6, Max: 2.7, Diff: 0.3, Sum: 36.2]
      [GC Worker End (ms): Min: 227609534.3, Avg: 227609534.4, Max: 227609534.4, Diff: 0.1]
   [Code Root Fixup: 0.0 ms]
   [Code Root Purge: 0.0 ms]
   [Clear CT: 0.3 ms]
   [Other: 6.0 ms]
      [Choose CSet: 0.0 ms]
      [Ref Proc: 5.2 ms]
      [Ref Enq: 0.3 ms]
      [Redirty Cards: 0.2 ms]
      [Humongous Register: 0.0 ms]
      [Humongous Reclaim: 0.0 ms]
      [Free CSet: 0.2 ms]
   [Eden: 7152.0M(7152.0M)->0.0B(7152.0M) Survivors: 16384.0K->16384.0K Heap: 9969.1M(14336.0M)->2816.8M(14336.0M)]
 [Times: user=0.06 sys=0.00, real=0.01 secs] 
2022-11-08T09:54:09.295-0700: 228593.981: [GC pause (G1 Evacuation Pause) (young), 0.0111280 secs]
   [Parallel Time: 4.3 ms, GC Workers: 14]
      [GC Worker Start (ms): Min: 228593981.3, Avg: 228593981.5, Max: 228593981.6, Diff: 0.4]
      [Ext Root Scanning (ms): Min: 0.2, Avg: 0.6, Max: 3.7, Diff: 3.5, Sum: 9.0]
      [Update RS (ms): Min: 0.0, Avg: 0.1, Max: 0.3, Diff: 0.3, Sum: 1.3]
         [Processed Buffers: Min: 0, Avg: 10.6, Max: 37, Diff: 37, Sum: 148]
      [Scan RS (ms): Min: 0.0, Avg: 0.0, Max: 0.1, Diff: 0.1, Sum: 0.5]
      [Code Root Scanning (ms): Min: 0.0, Avg: 0.0, Max: 0.0, Diff: 0.0, Sum: 0.0]
      [Object Copy (ms): Min: 0.0, Avg: 0.3, Max: 0.4, Diff: 0.4, Sum: 4.2]
      [Termination (ms): Min: 0.0, Avg: 2.5, Max: 2.7, Diff: 2.7, Sum: 34.9]
         [Termination Attempts: Min: 1, Avg: 37.8, Max: 61, Diff: 60, Sum: 529]
      [GC Worker Other (ms): Min: 0.0, Avg: 0.0, Max: 0.0, Diff: 0.0, Sum: 0.1]
      [GC Worker Total (ms): Min: 3.4, Avg: 3.6, Max: 3.8, Diff: 0.4, Sum: 50.0]
      [GC Worker End (ms): Min: 228593985.0, Avg: 228593985.0, Max: 228593985.1, Diff: 0.1]
   [Code Root Fixup: 0.0 ms]
   [Code Root Purge: 0.0 ms]
   [Clear CT: 0.2 ms]
   [Other: 6.6 ms]
      [Choose CSet: 0.0 ms]
      [Ref Proc: 5.8 ms]
      [Ref Enq: 0.3 ms]
      [Redirty Cards: 0.2 ms]
      [Humongous Register: 0.0 ms]
      [Humongous Reclaim: 0.0 ms]
      [Free CSet: 0.2 ms]
   [Eden: 7152.0M(7152.0M)->0.0B(7152.0M) Survivors: 16384.0K->16384.0K Heap: 9968.8M(14336.0M)->2817.1M(14336.0M)]
 [Times: user=0.07 sys=0.00, real=0.01 secs] 
2022-11-08T10:10:25.545-0700: 229570.231: [GC pause (G1 Evacuation Pause) (young), 0.0090966 secs]
   [Parallel Time: 3.0 ms, GC Workers: 14]
      [GC Worker Start (ms): Min: 229570231.4, Avg: 229570231.6, Max: 229570231.7, Diff: 0.3]
      [Ext Root Scanning (ms): Min: 0.2, Avg: 0.6, Max: 2.8, Diff: 2.6, Sum: 8.2]
      [Update RS (ms): Min: 0.0, Avg: 0.1, Max: 0.3, Diff: 0.2, Sum: 1.4]
         [Processed Buffers: Min: 0, Avg: 11.2, Max: 45, Diff: 45, Sum: 157]
      [Scan RS (ms): Min: 0.0, Avg: 0.0, Max: 0.1, Diff: 0.0, Sum: 0.4]
      [Code Root Scanning (ms): Min: 0.0, Avg: 0.0, Max: 0.0, Diff: 0.0, Sum: 0.0]
      [Object Copy (ms): Min: 0.0, Avg: 0.3, Max: 0.4, Diff: 0.4, Sum: 4.6]
      [Termination (ms): Min: 0.0, Avg: 1.6, Max: 1.9, Diff: 1.9, Sum: 22.6]
         [Termination Attempts: Min: 1, Avg: 39.7, Max: 57, Diff: 56, Sum: 556]
      [GC Worker Other (ms): Min: 0.0, Avg: 0.0, Max: 0.0, Diff: 0.0, Sum: 0.1]
      [GC Worker Total (ms): Min: 2.5, Avg: 2.7, Max: 2.8, Diff: 0.3, Sum: 37.3]
      [GC Worker End (ms): Min: 229570234.2, Avg: 229570234.2, Max: 229570234.3, Diff: 0.1]
   [Code Root Fixup: 0.0 ms]
   [Code Root Purge: 0.0 ms]
   [Clear CT: 0.4 ms]
   [Other: 5.6 ms]
      [Choose CSet: 0.0 ms]
      [Ref Proc: 5.0 ms]
      [Ref Enq: 0.2 ms]
      [Redirty Cards: 0.2 ms]
      [Humongous Register: 0.0 ms]
      [Humongous Reclaim: 0.0 ms]
      [Free CSet: 0.2 ms]
   [Eden: 7152.0M(7152.0M)->0.0B(7152.0M) Survivors: 16384.0K->16384.0K Heap: 9969.1M(14336.0M)->2816.8M(14336.0M)]
 [Times: user=0.05 sys=0.00, real=0.00 secs] 
2022-11-08T10:26:41.145-0700: 230545.832: [GC pause (G1 Evacuation Pause) (young), 0.0103287 secs]
   [Parallel Time: 4.4 ms, GC Workers: 14]
      [GC Worker Start (ms): Min: 230545831.6, Avg: 230545831.8, Max: 230545831.9, Diff: 0.3]
      [Ext Root Scanning (ms): Min: 0.2, Avg: 0.6, Max: 3.9, Diff: 3.7, Sum: 9.0]
      [Update RS (ms): Min: 0.0, Avg: 0.1, Max: 0.3, Diff: 0.3, Sum: 1.4]
         [Processed Buffers: Min: 0, Avg: 11.6, Max: 38, Diff: 38, Sum: 162]
      [Scan RS (ms): Min: 0.0, Avg: 0.0, Max: 0.1, Diff: 0.1, Sum: 0.6]
      [Code Root Scanning (ms): Min: 0.0, Avg: 0.0, Max: 0.0, Diff: 0.0, Sum: 0.0]
      [Object Copy (ms): Min: 0.0, Avg: 0.3, Max: 0.4, Diff: 0.4, Sum: 4.0]
      [Termination (ms): Min: 0.0, Avg: 2.7, Max: 3.0, Diff: 3.0, Sum: 37.9]
         [Termination Attempts: Min: 1, Avg: 25.1, Max: 39, Diff: 38, Sum: 351]
      [GC Worker Other (ms): Min: 0.0, Avg: 0.0, Max: 0.0, Diff: 0.0, Sum: 0.1]
      [GC Worker Total (ms): Min: 3.6, Avg: 3.8, Max: 3.9, Diff: 0.3, Sum: 52.8]
      [GC Worker End (ms): Min: 230545835.5, Avg: 230545835.5, Max: 230545835.6, Diff: 0.1]
   [Code Root Fixup: 0.0 ms]
   [Code Root Purge: 0.0 ms]
   [Clear CT: 0.3 ms]
   [Other: 5.6 ms]
      [Choose CSet: 0.0 ms]
      [Ref Proc: 5.0 ms]
      [Ref Enq: 0.2 ms]
      [Redirty Cards: 0.2 ms]
      [Humongous Register: 0.0 ms]
      [Humongous Reclaim: 0.0 ms]
      [Free CSet: 0.1 ms]
   [Eden: 7152.0M(7152.0M)->0.0B(7152.0M) Survivors: 16384.0K->16384.0K Heap: 9968.8M(14336.0M)->2817.2M(14336.0M)]
 [Times: user=0.08 sys=0.00, real=0.01 secs] 
2022-11-08T10:43:01.145-0700: 231525.831: [GC pause (G1 Evacuation Pause) (young), 0.0101519 secs]
   [Parallel Time: 5.5 ms, GC Workers: 14]
      [GC Worker Start (ms): Min: 231525831.6, Avg: 231525831.7, Max: 231525831.9, Diff: 0.3]
      [Ext Root Scanning (ms): Min: 0.2, Avg: 0.6, Max: 3.9, Diff: 3.8, Sum: 9.0]
      [Update RS (ms): Min: 0.0, Avg: 0.1, Max: 0.3, Diff: 0.3, Sum: 1.6]
         [Processed Buffers: Min: 0, Avg: 11.9, Max: 31, Diff: 31, Sum: 166]
      [Scan RS (ms): Min: 0.0, Avg: 0.0, Max: 0.1, Diff: 0.0, Sum: 0.5]
      [Code Root Scanning (ms): Min: 0.0, Avg: 0.0, Max: 0.0, Diff: 0.0, Sum: 0.0]
      [Object Copy (ms): Min: 0.0, Avg: 0.6, Max: 4.4, Diff: 4.4, Sum: 8.6]
      [Termination (ms): Min: 0.0, Avg: 3.6, Max: 4.1, Diff: 4.1, Sum: 49.7]
         [Termination Attempts: Min: 1, Avg: 13.3, Max: 25, Diff: 24, Sum: 186]
      [GC Worker Other (ms): Min: 0.0, Avg: 0.0, Max: 0.0, Diff: 0.0, Sum: 0.1]
      [GC Worker Total (ms): Min: 4.7, Avg: 5.0, Max: 5.1, Diff: 0.4, Sum: 69.4]
      [GC Worker End (ms): Min: 231525836.6, Avg: 231525836.7, Max: 231525836.7, Diff: 0.1]
   [Code Root Fixup: 0.0 ms]
   [Code Root Purge: 0.0 ms]
   [Clear CT: 0.4 ms]
   [Other: 4.3 ms]
      [Choose CSet: 0.0 ms]
      [Ref Proc: 3.8 ms]
      [Ref Enq: 0.2 ms]
      [Redirty Cards: 0.2 ms]
      [Humongous Register: 0.0 ms]
      [Humongous Reclaim: 0.0 ms]
      [Free CSet: 0.1 ms]
   [Eden: 7152.0M(7152.0M)->0.0B(7152.0M) Survivors: 16384.0K->16384.0K Heap: 9969.2M(14336.0M)->2817.0M(14336.0M)]
 [Times: user=0.08 sys=0.00, real=0.01 secs] 
2022-11-08T10:59:23.196-0700: 232507.882: [GC pause (G1 Evacuation Pause) (young), 0.0091008 secs]
   [Parallel Time: 4.2 ms, GC Workers: 14]
      [GC Worker Start (ms): Min: 232507882.0, Avg: 232507882.1, Max: 232507882.3, Diff: 0.3]
      [Ext Root Scanning (ms): Min: 0.2, Avg: 0.7, Max: 3.9, Diff: 3.7, Sum: 9.4]
      [Update RS (ms): Min: 0.0, Avg: 0.1, Max: 0.3, Diff: 0.3, Sum: 1.5]
         [Processed Buffers: Min: 0, Avg: 11.0, Max: 40, Diff: 40, Sum: 154]
      [Scan RS (ms): Min: 0.0, Avg: 0.0, Max: 0.1, Diff: 0.1, Sum: 0.5]
      [Code Root Scanning (ms): Min: 0.0, Avg: 0.0, Max: 0.0, Diff: 0.0, Sum: 0.0]
      [Object Copy (ms): Min: 0.0, Avg: 0.3, Max: 0.4, Diff: 0.4, Sum: 3.9]
      [Termination (ms): Min: 0.0, Avg: 2.7, Max: 3.0, Diff: 3.0, Sum: 38.0]
         [Termination Attempts: Min: 1, Avg: 32.7, Max: 50, Diff: 49, Sum: 458]
      [GC Worker Other (ms): Min: 0.0, Avg: 0.0, Max: 0.0, Diff: 0.0, Sum: 0.1]
      [GC Worker Total (ms): Min: 3.6, Avg: 3.8, Max: 4.0, Diff: 0.3, Sum: 53.4]
      [GC Worker End (ms): Min: 232507885.9, Avg: 232507886.0, Max: 232507886.0, Diff: 0.1]
   [Code Root Fixup: 0.0 ms]
   [Code Root Purge: 0.0 ms]
   [Clear CT: 0.3 ms]
   [Other: 4.6 ms]
      [Choose CSet: 0.0 ms]
      [Ref Proc: 4.0 ms]
      [Ref Enq: 0.2 ms]
      [Redirty Cards: 0.2 ms]
      [Humongous Register: 0.0 ms]
      [Humongous Reclaim: 0.0 ms]
      [Free CSet: 0.1 ms]
   [Eden: 7152.0M(7152.0M)->0.0B(7152.0M) Survivors: 16384.0K->16384.0K Heap: 9969.0M(14336.0M)->2817.2M(14336.0M)]
 [Times: user=0.07 sys=0.00, real=0.01 secs] 
2022-11-08T11:15:39.745-0700: 233484.431: [GC pause (G1 Evacuation Pause) (young), 0.0114387 secs]
   [Parallel Time: 4.3 ms, GC Workers: 14]
      [GC Worker Start (ms): Min: 233484431.3, Avg: 233484431.5, Max: 233484431.6, Diff: 0.4]
      [Ext Root Scanning (ms): Min: 0.3, Avg: 0.7, Max: 4.1, Diff: 3.8, Sum: 9.8]
      [Update RS (ms): Min: 0.0, Avg: 0.1, Max: 0.3, Diff: 0.3, Sum: 1.5]
         [Processed Buffers: Min: 0, Avg: 11.5, Max: 28, Diff: 28, Sum: 161]
      [Scan RS (ms): Min: 0.0, Avg: 0.0, Max: 0.1, Diff: 0.1, Sum: 0.5]
      [Code Root Scanning (ms): Min: 0.0, Avg: 0.0, Max: 0.0, Diff: 0.0, Sum: 0.0]
      [Object Copy (ms): Min: 0.0, Avg: 0.3, Max: 0.4, Diff: 0.4, Sum: 4.1]
      [Termination (ms): Min: 0.0, Avg: 2.8, Max: 3.2, Diff: 3.2, Sum: 39.5]
         [Termination Attempts: Min: 1, Avg: 37.6, Max: 53, Diff: 52, Sum: 526]
      [GC Worker Other (ms): Min: 0.0, Avg: 0.0, Max: 0.0, Diff: 0.0, Sum: 0.1]
      [GC Worker Total (ms): Min: 3.8, Avg: 4.0, Max: 4.1, Diff: 0.3, Sum: 55.5]
      [GC Worker End (ms): Min: 233484435.4, Avg: 233484435.5, Max: 233484435.5, Diff: 0.1]
   [Code Root Fixup: 0.0 ms]
   [Code Root Purge: 0.0 ms]
   [Clear CT: 0.4 ms]
   [Other: 6.7 ms]
      [Choose CSet: 0.0 ms]
      [Ref Proc: 5.9 ms]
      [Ref Enq: 0.3 ms]
      [Redirty Cards: 0.2 ms]
      [Humongous Register: 0.0 ms]
      [Humongous Reclaim: 0.0 ms]
      [Free CSet: 0.2 ms]
   [Eden: 7152.0M(7152.0M)->0.0B(7152.0M) Survivors: 16384.0K->16384.0K Heap: 9969.2M(14336.0M)->2816.9M(14336.0M)]
 [Times: user=0.08 sys=0.00, real=0.01 secs] 
2022-11-08T11:32:08.945-0700: 234473.631: [GC pause (G1 Evacuation Pause) (young), 0.0102650 secs]
   [Parallel Time: 4.2 ms, GC Workers: 14]
      [GC Worker Start (ms): Min: 234473631.5, Avg: 234473631.6, Max: 234473631.8, Diff: 0.3]
      [Ext Root Scanning (ms): Min: 0.2, Avg: 0.7, Max: 4.0, Diff: 3.8, Sum: 9.5]
      [Update RS (ms): Min: 0.0, Avg: 0.1, Max: 0.3, Diff: 0.3, Sum: 1.5]
         [Processed Buffers: Min: 0, Avg: 11.4, Max: 37, Diff: 37, Sum: 160]
      [Scan RS (ms): Min: 0.0, Avg: 0.0, Max: 0.1, Diff: 0.1, Sum: 0.5]
      [Code Root Scanning (ms): Min: 0.0, Avg: 0.0, Max: 0.0, Diff: 0.0, Sum: 0.0]
      [Object Copy (ms): Min: 0.0, Avg: 0.3, Max: 0.4, Diff: 0.4, Sum: 3.6]
      [Termination (ms): Min: 0.0, Avg: 2.8, Max: 3.1, Diff: 3.1, Sum: 39.7]
         [Termination Attempts: Min: 1, Avg: 24.4, Max: 38, Diff: 37, Sum: 341]
      [GC Worker Other (ms): Min: 0.0, Avg: 0.0, Max: 0.0, Diff: 0.0, Sum: 0.1]
      [GC Worker Total (ms): Min: 3.8, Avg: 3.9, Max: 4.1, Diff: 0.3, Sum: 54.8]
      [GC Worker End (ms): Min: 234473635.5, Avg: 234473635.5, Max: 234473635.6, Diff: 0.1]
   [Code Root Fixup: 0.0 ms]
   [Code Root Purge: 0.0 ms]
   [Clear CT: 0.2 ms]
   [Other: 5.8 ms]
      [Choose CSet: 0.0 ms]
      [Ref Proc: 5.1 ms]
      [Ref Enq: 0.3 ms]
      [Redirty Cards: 0.2 ms]
      [Humongous Register: 0.0 ms]
      [Humongous Reclaim: 0.0 ms]
      [Free CSet: 0.1 ms]
   [Eden: 7152.0M(7152.0M)->0.0B(7152.0M) Survivors: 16384.0K->16384.0K Heap: 9968.9M(14336.0M)->2817.2M(14336.0M)]
 [Times: user=0.08 sys=0.00, real=0.01 secs] 
2022-11-08T11:48:36.146-0700: 235460.832: [GC pause (G1 Evacuation Pause) (young), 0.0151417 secs]
   [Parallel Time: 9.0 ms, GC Workers: 14]
      [GC Worker Start (ms): Min: 235460832.0, Avg: 235460832.1, Max: 235460832.3, Diff: 0.3]
      [Ext Root Scanning (ms): Min: 0.2, Avg: 0.6, Max: 4.0, Diff: 3.8, Sum: 9.1]
      [Update RS (ms): Min: 0.0, Avg: 0.1, Max: 0.2, Diff: 0.2, Sum: 1.4]
         [Processed Buffers: Min: 0, Avg: 11.6, Max: 33, Diff: 33, Sum: 163]
      [Scan RS (ms): Min: 0.0, Avg: 0.0, Max: 0.1, Diff: 0.1, Sum: 0.5]
      [Code Root Scanning (ms): Min: 0.0, Avg: 0.0, Max: 0.0, Diff: 0.0, Sum: 0.0]
      [Object Copy (ms): Min: 3.9, Avg: 7.1, Max: 8.0, Diff: 4.1, Sum: 99.4]
      [Termination (ms): Min: 0.0, Avg: 0.7, Max: 0.9, Diff: 0.9, Sum: 9.5]
         [Termination Attempts: Min: 1, Avg: 1.4, Max: 3, Diff: 2, Sum: 19]
      [GC Worker Other (ms): Min: 0.0, Avg: 0.0, Max: 0.0, Diff: 0.0, Sum: 0.1]
      [GC Worker Total (ms): Min: 8.4, Avg: 8.6, Max: 8.7, Diff: 0.4, Sum: 120.0]
      [GC Worker End (ms): Min: 235460840.7, Avg: 235460840.7, Max: 235460840.8, Diff: 0.1]
   [Code Root Fixup: 0.0 ms]
   [Code Root Purge: 0.0 ms]
   [Clear CT: 0.8 ms]
   [Other: 5.3 ms]
      [Choose CSet: 0.0 ms]
      [Ref Proc: 4.7 ms]
      [Ref Enq: 0.2 ms]
      [Redirty Cards: 0.2 ms]
      [Humongous Register: 0.0 ms]
      [Humongous Reclaim: 0.0 ms]
      [Free CSet: 0.1 ms]
   [Eden: 7152.0M(7152.0M)->0.0B(7152.0M) Survivors: 16384.0K->16384.0K Heap: 9969.2M(14336.0M)->2817.2M(14336.0M)]
 [Times: user=0.05 sys=0.00, real=0.01 secs] 
2022-11-08T12:04:58.879-0700: 236443.566: [GC pause (G1 Evacuation Pause) (young), 0.0137009 secs]
   [Parallel Time: 8.5 ms, GC Workers: 14]
      [GC Worker Start (ms): Min: 236443565.5, Avg: 236443565.7, Max: 236443565.8, Diff: 0.3]
      [Ext Root Scanning (ms): Min: 0.2, Avg: 0.6, Max: 2.7, Diff: 2.4, Sum: 7.9]
      [Update RS (ms): Min: 0.0, Avg: 0.1, Max: 0.3, Diff: 0.3, Sum: 1.5]
         [Processed Buffers: Min: 0, Avg: 11.2, Max: 32, Diff: 32, Sum: 157]
      [Scan RS (ms): Min: 0.0, Avg: 0.0, Max: 0.1, Diff: 0.1, Sum: 0.5]
      [Code Root Scanning (ms): Min: 0.0, Avg: 0.0, Max: 0.0, Diff: 0.0, Sum: 0.0]
      [Object Copy (ms): Min: 0.0, Avg: 4.6, Max: 7.5, Diff: 7.5, Sum: 64.6]
      [Termination (ms): Min: 0.0, Avg: 2.7, Max: 7.2, Diff: 7.2, Sum: 37.5]
         [Termination Attempts: Min: 1, Avg: 2.4, Max: 12, Diff: 11, Sum: 34]
      [GC Worker Other (ms): Min: 0.0, Avg: 0.0, Max: 0.0, Diff: 0.0, Sum: 0.1]
      [GC Worker Total (ms): Min: 7.9, Avg: 8.0, Max: 8.3, Diff: 0.4, Sum: 112.2]
      [GC Worker End (ms): Min: 236443573.7, Avg: 236443573.7, Max: 236443573.8, Diff: 0.2]
   [Code Root Fixup: 0.0 ms]
   [Code Root Purge: 0.0 ms]
   [Clear CT: 0.4 ms]
   [Other: 4.8 ms]
      [Choose CSet: 0.0 ms]
      [Ref Proc: 4.1 ms]
      [Ref Enq: 0.3 ms]
      [Redirty Cards: 0.2 ms]
      [Humongous Register: 0.0 ms]
      [Humongous Reclaim: 0.0 ms]
      [Free CSet: 0.2 ms]
   [Eden: 7152.0M(7152.0M)->0.0B(7152.0M) Survivors: 16384.0K->16384.0K Heap: 9969.2M(14336.0M)->2817.0M(14336.0M)]
 [Times: user=0.07 sys=0.00, real=0.01 secs] 
2022-11-08T12:21:13.946-0700: 237418.632: [GC pause (G1 Evacuation Pause) (young), 0.0138550 secs]
   [Parallel Time: 8.8 ms, GC Workers: 14]
      [GC Worker Start (ms): Min: 237418632.2, Avg: 237418632.3, Max: 237418632.5, Diff: 0.3]
      [Ext Root Scanning (ms): Min: 0.3, Avg: 0.7, Max: 3.9, Diff: 3.6, Sum: 9.6]
      [Update RS (ms): Min: 0.0, Avg: 0.1, Max: 0.3, Diff: 0.3, Sum: 1.3]
         [Processed Buffers: Min: 0, Avg: 11.0, Max: 36, Diff: 36, Sum: 154]
      [Scan RS (ms): Min: 0.0, Avg: 0.0, Max: 0.0, Diff: 0.0, Sum: 0.4]
      [Code Root Scanning (ms): Min: 0.0, Avg: 0.0, Max: 0.0, Diff: 0.0, Sum: 0.0]
      [Object Copy (ms): Min: 0.0, Avg: 3.7, Max: 7.8, Diff: 7.8, Sum: 52.3]
      [Termination (ms): Min: 0.0, Avg: 3.8, Max: 7.7, Diff: 7.7, Sum: 53.1]
         [Termination Attempts: Min: 1, Avg: 1.2, Max: 2, Diff: 1, Sum: 17]
      [GC Worker Other (ms): Min: 0.0, Avg: 0.0, Max: 0.0, Diff: 0.0, Sum: 0.1]
      [GC Worker Total (ms): Min: 8.2, Avg: 8.3, Max: 8.5, Diff: 0.3, Sum: 116.7]
      [GC Worker End (ms): Min: 237418640.6, Avg: 237418640.7, Max: 237418640.7, Diff: 0.1]
   [Code Root Fixup: 0.0 ms]
   [Code Root Purge: 0.0 ms]
   [Clear CT: 0.4 ms]
   [Other: 4.6 ms]
      [Choose CSet: 0.0 ms]
      [Ref Proc: 3.9 ms]
      [Ref Enq: 0.2 ms]
      [Redirty Cards: 0.2 ms]
      [Humongous Register: 0.0 ms]
      [Humongous Reclaim: 0.0 ms]
      [Free CSet: 0.2 ms]
   [Eden: 7152.0M(7152.0M)->0.0B(7152.0M) Survivors: 16384.0K->16384.0K Heap: 9969.0M(14336.0M)->2817.4M(14336.0M)]
 [Times: user=0.08 sys=0.00, real=0.01 secs] 
2022-11-08T12:37:33.745-0700: 238398.432: [GC pause (G1 Evacuation Pause) (young), 0.0097350 secs]
   [Parallel Time: 4.2 ms, GC Workers: 14]
      [GC Worker Start (ms): Min: 238398431.7, Avg: 238398431.9, Max: 238398432.0, Diff: 0.3]
      [Ext Root Scanning (ms): Min: 0.2, Avg: 0.6, Max: 3.8, Diff: 3.5, Sum: 8.6]
      [Update RS (ms): Min: 0.0, Avg: 0.1, Max: 0.2, Diff: 0.2, Sum: 1.4]
         [Processed Buffers: Min: 0, Avg: 10.9, Max: 31, Diff: 31, Sum: 152]
      [Scan RS (ms): Min: 0.0, Avg: 0.0, Max: 0.1, Diff: 0.1, Sum: 0.4]
      [Code Root Scanning (ms): Min: 0.0, Avg: 0.0, Max: 0.0, Diff: 0.0, Sum: 0.0]
      [Object Copy (ms): Min: 0.0, Avg: 0.3, Max: 0.3, Diff: 0.3, Sum: 3.7]
      [Termination (ms): Min: 0.0, Avg: 2.7, Max: 3.0, Diff: 3.0, Sum: 37.7]
         [Termination Attempts: Min: 1, Avg: 16.9, Max: 28, Diff: 27, Sum: 236]
      [GC Worker Other (ms): Min: 0.0, Avg: 0.0, Max: 0.0, Diff: 0.0, Sum: 0.1]
      [GC Worker Total (ms): Min: 3.5, Avg: 3.7, Max: 3.8, Diff: 0.3, Sum: 51.9]
      [GC Worker End (ms): Min: 238398435.5, Avg: 238398435.6, Max: 238398435.6, Diff: 0.1]
   [Code Root Fixup: 0.0 ms]
   [Code Root Purge: 0.0 ms]
   [Clear CT: 0.4 ms]
   [Other: 5.2 ms]
      [Choose CSet: 0.0 ms]
      [Ref Proc: 4.5 ms]
      [Ref Enq: 0.2 ms]
      [Redirty Cards: 0.2 ms]
      [Humongous Register: 0.0 ms]
      [Humongous Reclaim: 0.0 ms]
      [Free CSet: 0.2 ms]
   [Eden: 7152.0M(7152.0M)->0.0B(7152.0M) Survivors: 16384.0K->16384.0K Heap: 9969.4M(14336.0M)->2817.2M(14336.0M)]
 [Times: user=0.07 sys=0.00, real=0.01 secs] 
2022-11-08T12:53:57.546-0700: 239382.232: [GC pause (G1 Evacuation Pause) (young), 0.0146735 secs]
   [Parallel Time: 8.7 ms, GC Workers: 14]
      [GC Worker Start (ms): Min: 239382231.8, Avg: 239382231.9, Max: 239382232.0, Diff: 0.3]
      [Ext Root Scanning (ms): Min: 0.3, Avg: 0.6, Max: 3.8, Diff: 3.5, Sum: 9.0]
      [Update RS (ms): Min: 0.0, Avg: 0.1, Max: 0.3, Diff: 0.3, Sum: 1.4]
         [Processed Buffers: Min: 0, Avg: 11.7, Max: 36, Diff: 36, Sum: 164]
      [Scan RS (ms): Min: 0.0, Avg: 0.0, Max: 0.0, Diff: 0.0, Sum: 0.4]
      [Code Root Scanning (ms): Min: 0.0, Avg: 0.0, Max: 0.0, Diff: 0.0, Sum: 0.0]
      [Object Copy (ms): Min: 0.0, Avg: 2.2, Max: 7.2, Diff: 7.2, Sum: 31.2]
      [Termination (ms): Min: 0.4, Avg: 5.2, Max: 7.4, Diff: 7.1, Sum: 72.2]
         [Termination Attempts: Min: 1, Avg: 6.3, Max: 18, Diff: 17, Sum: 88]
      [GC Worker Other (ms): Min: 0.0, Avg: 0.0, Max: 0.0, Diff: 0.0, Sum: 0.1]
      [GC Worker Total (ms): Min: 8.0, Avg: 8.2, Max: 8.2, Diff: 0.3, Sum: 114.2]
      [GC Worker End (ms): Min: 239382240.0, Avg: 239382240.1, Max: 239382240.1, Diff: 0.1]
   [Code Root Fixup: 0.0 ms]
   [Code Root Purge: 0.0 ms]
   [Clear CT: 0.5 ms]
   [Other: 5.5 ms]
      [Choose CSet: 0.0 ms]
      [Ref Proc: 4.7 ms]
      [Ref Enq: 0.3 ms]
      [Redirty Cards: 0.3 ms]
      [Humongous Register: 0.0 ms]
      [Humongous Reclaim: 0.0 ms]
      [Free CSet: 0.2 ms]
   [Eden: 7152.0M(7152.0M)->0.0B(7152.0M) Survivors: 16384.0K->16384.0K Heap: 9969.2M(14336.0M)->2817.3M(14336.0M)]
 [Times: user=0.10 sys=0.00, real=0.01 secs] 
2022-11-08T13:10:07.543-0700: 240352.229: [GC pause (G1 Evacuation Pause) (young), 0.0108451 secs]
   [Parallel Time: 3.1 ms, GC Workers: 14]
      [GC Worker Start (ms): Min: 240352229.0, Avg: 240352229.2, Max: 240352229.4, Diff: 0.4]
      [Ext Root Scanning (ms): Min: 0.2, Avg: 0.6, Max: 2.6, Diff: 2.4, Sum: 7.8]
      [Update RS (ms): Min: 0.0, Avg: 0.1, Max: 0.3, Diff: 0.3, Sum: 1.5]
         [Processed Buffers: Min: 0, Avg: 11.1, Max: 45, Diff: 45, Sum: 156]
      [Scan RS (ms): Min: 0.0, Avg: 0.0, Max: 0.0, Diff: 0.0, Sum: 0.4]
      [Code Root Scanning (ms): Min: 0.0, Avg: 0.0, Max: 0.0, Diff: 0.0, Sum: 0.0]
      [Object Copy (ms): Min: 0.0, Avg: 0.3, Max: 0.4, Diff: 0.4, Sum: 4.0]
      [Termination (ms): Min: 0.0, Avg: 1.5, Max: 1.7, Diff: 1.7, Sum: 21.1]
         [Termination Attempts: Min: 1, Avg: 23.5, Max: 34, Diff: 33, Sum: 329]
      [GC Worker Other (ms): Min: 0.0, Avg: 0.0, Max: 0.0, Diff: 0.0, Sum: 0.1]
      [GC Worker Total (ms): Min: 2.3, Avg: 2.5, Max: 2.7, Diff: 0.4, Sum: 34.9]
      [GC Worker End (ms): Min: 240352231.7, Avg: 240352231.7, Max: 240352231.7, Diff: 0.1]
   [Code Root Fixup: 0.0 ms]
   [Code Root Purge: 0.0 ms]
   [Clear CT: 0.2 ms]
   [Other: 7.5 ms]
      [Choose CSet: 0.0 ms]
      [Ref Proc: 5.7 ms]
      [Ref Enq: 0.3 ms]
      [Redirty Cards: 0.2 ms]
      [Humongous Register: 0.0 ms]
      [Humongous Reclaim: 0.0 ms]
      [Free CSet: 0.2 ms]
   [Eden: 7152.0M(7152.0M)->0.0B(7152.0M) Survivors: 16384.0K->16384.0K Heap: 9969.3M(14336.0M)->2817.1M(14336.0M)]
 [Times: user=0.03 sys=0.03, real=0.00 secs] 
2022-11-08T13:26:28.745-0700: 241333.431: [GC pause (G1 Evacuation Pause) (young), 0.0146292 secs]
   [Parallel Time: 8.3 ms, GC Workers: 14]
      [GC Worker Start (ms): Min: 241333431.3, Avg: 241333431.5, Max: 241333431.6, Diff: 0.3]
      [Ext Root Scanning (ms): Min: 0.3, Avg: 0.7, Max: 4.1, Diff: 3.8, Sum: 9.7]
      [Update RS (ms): Min: 0.0, Avg: 0.1, Max: 0.4, Diff: 0.4, Sum: 1.7]
         [Processed Buffers: Min: 0, Avg: 11.0, Max: 32, Diff: 32, Sum: 154]
      [Scan RS (ms): Min: 0.0, Avg: 0.0, Max: 0.1, Diff: 0.1, Sum: 0.6]
      [Code Root Scanning (ms): Min: 0.0, Avg: 0.0, Max: 0.0, Diff: 0.0, Sum: 0.0]
      [Object Copy (ms): Min: 0.0, Avg: 0.8, Max: 7.3, Diff: 7.3, Sum: 11.2]
      [Termination (ms): Min: 0.0, Avg: 6.3, Max: 7.1, Diff: 7.1, Sum: 88.0]
         [Termination Attempts: Min: 1, Avg: 26.4, Max: 42, Diff: 41, Sum: 370]
      [GC Worker Other (ms): Min: 0.0, Avg: 0.0, Max: 0.0, Diff: 0.0, Sum: 0.1]
      [GC Worker Total (ms): Min: 7.8, Avg: 7.9, Max: 8.1, Diff: 0.3, Sum: 111.3]
      [GC Worker End (ms): Min: 241333439.3, Avg: 241333439.4, Max: 241333439.5, Diff: 0.1]
   [Code Root Fixup: 0.0 ms]
   [Code Root Purge: 0.0 ms]
   [Clear CT: 0.3 ms]
   [Other: 6.1 ms]
      [Choose CSet: 0.0 ms]
      [Ref Proc: 5.3 ms]
      [Ref Enq: 0.4 ms]
      [Redirty Cards: 0.2 ms]
      [Humongous Register: 0.0 ms]
      [Humongous Reclaim: 0.0 ms]
      [Free CSet: 0.1 ms]
   [Eden: 7152.0M(7152.0M)->0.0B(7152.0M) Survivors: 16384.0K->16384.0K Heap: 9969.1M(14336.0M)->2817.3M(14336.0M)]
 [Times: user=0.13 sys=0.00, real=0.01 secs] 
2022-11-08T13:42:42.614-0700: 242307.300: [GC pause (G1 Evacuation Pause) (young), 0.0105921 secs]
   [Parallel Time: 4.6 ms, GC Workers: 14]
      [GC Worker Start (ms): Min: 242307300.2, Avg: 242307300.4, Max: 242307300.6, Diff: 0.4]
      [Ext Root Scanning (ms): Min: 0.3, Avg: 0.7, Max: 4.1, Diff: 3.9, Sum: 10.1]
      [Update RS (ms): Min: 0.0, Avg: 0.1, Max: 0.3, Diff: 0.3, Sum: 1.7]
         [Processed Buffers: Min: 0, Avg: 11.4, Max: 31, Diff: 31, Sum: 160]
      [Scan RS (ms): Min: 0.0, Avg: 0.0, Max: 0.1, Diff: 0.1, Sum: 0.6]
      [Code Root Scanning (ms): Min: 0.0, Avg: 0.0, Max: 0.0, Diff: 0.0, Sum: 0.0]
      [Object Copy (ms): Min: 0.0, Avg: 0.3, Max: 0.4, Diff: 0.4, Sum: 3.9]
      [Termination (ms): Min: 0.0, Avg: 2.8, Max: 3.1, Diff: 3.1, Sum: 39.3]
         [Termination Attempts: Min: 1, Avg: 34.8, Max: 52, Diff: 51, Sum: 487]
      [GC Worker Other (ms): Min: 0.0, Avg: 0.0, Max: 0.0, Diff: 0.0, Sum: 0.1]
      [GC Worker Total (ms): Min: 3.8, Avg: 4.0, Max: 4.1, Diff: 0.4, Sum: 55.6]
      [GC Worker End (ms): Min: 242307304.3, Avg: 242307304.4, Max: 242307304.4, Diff: 0.1]
   [Code Root Fixup: 0.0 ms]
   [Code Root Purge: 0.0 ms]
   [Clear CT: 0.4 ms]
   [Other: 5.6 ms]
      [Choose CSet: 0.0 ms]
      [Ref Proc: 5.0 ms]
      [Ref Enq: 0.2 ms]
      [Redirty Cards: 0.2 ms]
      [Humongous Register: 0.0 ms]
      [Humongous Reclaim: 0.0 ms]
      [Free CSet: 0.1 ms]
   [Eden: 7152.0M(7152.0M)->0.0B(7152.0M) Survivors: 16384.0K->16384.0K Heap: 9969.3M(14336.0M)->2817.1M(14336.0M)]
 [Times: user=0.08 sys=0.00, real=0.02 secs] 
2022-11-08T13:59:03.945-0700: 243288.631: [GC pause (G1 Evacuation Pause) (young), 0.0101750 secs]
   [Parallel Time: 4.5 ms, GC Workers: 14]
      [GC Worker Start (ms): Min: 243288631.4, Avg: 243288631.5, Max: 243288631.7, Diff: 0.3]
      [Ext Root Scanning (ms): Min: 0.3, Avg: 0.7, Max: 4.1, Diff: 3.8, Sum: 10.1]
      [Update RS (ms): Min: 0.0, Avg: 0.1, Max: 0.3, Diff: 0.3, Sum: 1.6]
         [Processed Buffers: Min: 0, Avg: 10.6, Max: 29, Diff: 29, Sum: 148]
      [Scan RS (ms): Min: 0.0, Avg: 0.0, Max: 0.1, Diff: 0.1, Sum: 0.5]
      [Code Root Scanning (ms): Min: 0.0, Avg: 0.0, Max: 0.0, Diff: 0.0, Sum: 0.0]
      [Object Copy (ms): Min: 0.0, Avg: 0.3, Max: 0.4, Diff: 0.4, Sum: 4.2]
      [Termination (ms): Min: 0.0, Avg: 2.9, Max: 3.1, Diff: 3.1, Sum: 40.1]
         [Termination Attempts: Min: 1, Avg: 25.4, Max: 38, Diff: 37, Sum: 356]
      [GC Worker Other (ms): Min: 0.0, Avg: 0.0, Max: 0.0, Diff: 0.0, Sum: 0.1]
      [GC Worker Total (ms): Min: 3.9, Avg: 4.0, Max: 4.2, Diff: 0.3, Sum: 56.6]
      [GC Worker End (ms): Min: 243288635.5, Avg: 243288635.6, Max: 243288635.6, Diff: 0.1]
   [Code Root Fixup: 0.0 ms]
   [Code Root Purge: 0.0 ms]
   [Clear CT: 0.2 ms]
   [Other: 5.4 ms]
      [Choose CSet: 0.0 ms]
      [Ref Proc: 4.4 ms]
      [Ref Enq: 0.6 ms]
      [Redirty Cards: 0.2 ms]
      [Humongous Register: 0.0 ms]
      [Humongous Reclaim: 0.0 ms]
      [Free CSet: 0.2 ms]
   [Eden: 7152.0M(7152.0M)->0.0B(7152.0M) Survivors: 16384.0K->16384.0K Heap: 9969.1M(14336.0M)->2817.0M(14336.0M)]
 [Times: user=0.08 sys=0.00, real=0.01 secs] 
2022-11-08T14:15:28.295-0700: 244272.982: [GC pause (G1 Evacuation Pause) (young), 0.0123346 secs]
   [Parallel Time: 7.4 ms, GC Workers: 14]
      [GC Worker Start (ms): Min: 244272981.6, Avg: 244272981.7, Max: 244272981.8, Diff: 0.2]
      [Ext Root Scanning (ms): Min: 0.3, Avg: 0.7, Max: 4.0, Diff: 3.8, Sum: 9.3]
      [Update RS (ms): Min: 0.0, Avg: 0.1, Max: 0.3, Diff: 0.3, Sum: 1.4]
         [Processed Buffers: Min: 0, Avg: 10.9, Max: 33, Diff: 33, Sum: 153]
      [Scan RS (ms): Min: 0.0, Avg: 0.0, Max: 0.1, Diff: 0.1, Sum: 0.6]
      [Code Root Scanning (ms): Min: 0.0, Avg: 0.0, Max: 0.0, Diff: 0.0, Sum: 0.0]
      [Object Copy (ms): Min: 0.0, Avg: 1.2, Max: 6.4, Diff: 6.4, Sum: 17.1]
      [Termination (ms): Min: 0.0, Avg: 4.9, Max: 6.1, Diff: 6.1, Sum: 69.0]
         [Termination Attempts: Min: 1, Avg: 32.6, Max: 57, Diff: 56, Sum: 457]
      [GC Worker Other (ms): Min: 0.0, Avg: 0.0, Max: 0.1, Diff: 0.1, Sum: 0.1]
      [GC Worker Total (ms): Min: 6.9, Avg: 7.0, Max: 7.1, Diff: 0.2, Sum: 97.6]
      [GC Worker End (ms): Min: 244272988.6, Avg: 244272988.7, Max: 244272988.7, Diff: 0.1]
   [Code Root Fixup: 0.0 ms]
   [Code Root Purge: 0.0 ms]
   [Clear CT: 0.4 ms]
   [Other: 4.5 ms]
      [Choose CSet: 0.0 ms]
      [Ref Proc: 3.8 ms]
      [Ref Enq: 0.2 ms]
      [Redirty Cards: 0.2 ms]
      [Humongous Register: 0.0 ms]
      [Humongous Reclaim: 0.0 ms]
      [Free CSet: 0.2 ms]
   [Eden: 7152.0M(7152.0M)->0.0B(7152.0M) Survivors: 16384.0K->16384.0K Heap: 9969.0M(14336.0M)->2817.3M(14336.0M)]
 [Times: user=0.10 sys=0.00, real=0.01 secs] 
2022-11-08T14:32:02.695-0700: 245267.382: [GC pause (G1 Evacuation Pause) (young), 0.0121553 secs]
   [Parallel Time: 4.4 ms, GC Workers: 14]
      [GC Worker Start (ms): Min: 245267381.6, Avg: 245267381.8, Max: 245267381.9, Diff: 0.3]
      [Ext Root Scanning (ms): Min: 0.3, Avg: 0.7, Max: 4.0, Diff: 3.7, Sum: 9.5]
      [Update RS (ms): Min: 0.0, Avg: 0.1, Max: 0.3, Diff: 0.3, Sum: 1.5]
         [Processed Buffers: Min: 0, Avg: 11.5, Max: 33, Diff: 33, Sum: 161]
      [Scan RS (ms): Min: 0.0, Avg: 0.0, Max: 0.1, Diff: 0.1, Sum: 0.5]
      [Code Root Scanning (ms): Min: 0.0, Avg: 0.0, Max: 0.0, Diff: 0.0, Sum: 0.0]
      [Object Copy (ms): Min: 0.0, Avg: 0.3, Max: 0.4, Diff: 0.4, Sum: 3.6]
      [Termination (ms): Min: 0.0, Avg: 2.7, Max: 3.0, Diff: 3.0, Sum: 38.1]
         [Termination Attempts: Min: 1, Avg: 32.9, Max: 51, Diff: 50, Sum: 460]
      [GC Worker Other (ms): Min: 0.0, Avg: 0.0, Max: 0.0, Diff: 0.0, Sum: 0.1]
      [GC Worker Total (ms): Min: 3.7, Avg: 3.8, Max: 4.0, Diff: 0.3, Sum: 53.3]
      [GC Worker End (ms): Min: 245267385.6, Avg: 245267385.6, Max: 245267385.6, Diff: 0.1]
   [Code Root Fixup: 0.0 ms]
   [Code Root Purge: 0.0 ms]
   [Clear CT: 0.2 ms]
   [Other: 7.5 ms]
      [Choose CSet: 0.0 ms]
      [Ref Proc: 5.7 ms]
      [Ref Enq: 1.2 ms]
      [Redirty Cards: 0.2 ms]
      [Humongous Register: 0.0 ms]
      [Humongous Reclaim: 0.0 ms]
      [Free CSet: 0.2 ms]
   [Eden: 7152.0M(7152.0M)->0.0B(7152.0M) Survivors: 16384.0K->16384.0K Heap: 9969.3M(14336.0M)->2817.2M(14336.0M)]
 [Times: user=0.07 sys=0.00, real=0.01 secs] 
2022-11-08T14:48:20.145-0700: 246244.831: [GC pause (G1 Evacuation Pause) (young), 0.0108765 secs]
   [Parallel Time: 4.3 ms, GC Workers: 14]
      [GC Worker Start (ms): Min: 246244831.1, Avg: 246244831.3, Max: 246244831.5, Diff: 0.3]
      [Ext Root Scanning (ms): Min: 0.2, Avg: 0.7, Max: 4.1, Diff: 3.9, Sum: 9.6]
      [Update RS (ms): Min: 0.0, Avg: 0.1, Max: 0.3, Diff: 0.3, Sum: 1.5]
         [Processed Buffers: Min: 0, Avg: 11.6, Max: 41, Diff: 41, Sum: 163]
      [Scan RS (ms): Min: 0.0, Avg: 0.0, Max: 0.1, Diff: 0.1, Sum: 0.5]
      [Code Root Scanning (ms): Min: 0.0, Avg: 0.0, Max: 0.0, Diff: 0.0, Sum: 0.0]
      [Object Copy (ms): Min: 0.0, Avg: 0.3, Max: 0.3, Diff: 0.3, Sum: 3.7]
      [Termination (ms): Min: 0.0, Avg: 2.9, Max: 3.2, Diff: 3.2, Sum: 40.4]
         [Termination Attempts: Min: 1, Avg: 29.6, Max: 43, Diff: 42, Sum: 415]
      [GC Worker Other (ms): Min: 0.0, Avg: 0.0, Max: 0.0, Diff: 0.0, Sum: 0.1]
      [GC Worker Total (ms): Min: 3.8, Avg: 4.0, Max: 4.1, Diff: 0.3, Sum: 55.7]
      [GC Worker End (ms): Min: 246244835.3, Avg: 246244835.3, Max: 246244835.3, Diff: 0.0]
   [Code Root Fixup: 0.0 ms]
   [Code Root Purge: 0.0 ms]
   [Clear CT: 0.4 ms]
   [Other: 6.2 ms]
      [Choose CSet: 0.0 ms]
      [Ref Proc: 5.5 ms]
      [Ref Enq: 0.3 ms]
      [Redirty Cards: 0.2 ms]
      [Humongous Register: 0.0 ms]
      [Humongous Reclaim: 0.0 ms]
      [Free CSet: 0.2 ms]
   [Eden: 7152.0M(7152.0M)->0.0B(7152.0M) Survivors: 16384.0K->16384.0K Heap: 9969.2M(14336.0M)->2817.3M(14336.0M)]
 [Times: user=0.08 sys=0.00, real=0.01 secs] 
2022-11-08T15:04:37.596-0700: 247222.282: [GC pause (G1 Evacuation Pause) (young), 0.0094266 secs]
   [Parallel Time: 4.4 ms, GC Workers: 14]
      [GC Worker Start (ms): Min: 247222282.0, Avg: 247222282.1, Max: 247222282.3, Diff: 0.3]
      [Ext Root Scanning (ms): Min: 0.2, Avg: 0.7, Max: 4.1, Diff: 3.9, Sum: 9.3]
      [Update RS (ms): Min: 0.0, Avg: 0.1, Max: 0.3, Diff: 0.3, Sum: 1.4]
         [Processed Buffers: Min: 0, Avg: 11.3, Max: 40, Diff: 40, Sum: 158]
      [Scan RS (ms): Min: 0.0, Avg: 0.0, Max: 0.1, Diff: 0.1, Sum: 0.5]
      [Code Root Scanning (ms): Min: 0.0, Avg: 0.0, Max: 0.0, Diff: 0.0, Sum: 0.0]
      [Object Copy (ms): Min: 0.0, Avg: 0.3, Max: 0.4, Diff: 0.4, Sum: 4.1]
      [Termination (ms): Min: 0.0, Avg: 2.9, Max: 3.2, Diff: 3.2, Sum: 40.5]
         [Termination Attempts: Min: 1, Avg: 24.3, Max: 38, Diff: 37, Sum: 340]
      [GC Worker Other (ms): Min: 0.0, Avg: 0.0, Max: 0.0, Diff: 0.0, Sum: 0.1]
      [GC Worker Total (ms): Min: 3.8, Avg: 4.0, Max: 4.1, Diff: 0.3, Sum: 55.8]
      [GC Worker End (ms): Min: 247222286.1, Avg: 247222286.1, Max: 247222286.2, Diff: 0.1]
   [Code Root Fixup: 0.0 ms]
   [Code Root Purge: 0.0 ms]
   [Clear CT: 0.2 ms]
   [Other: 4.8 ms]
      [Choose CSet: 0.0 ms]
      [Ref Proc: 3.9 ms]
      [Ref Enq: 0.3 ms]
      [Redirty Cards: 0.2 ms]
      [Humongous Register: 0.0 ms]
      [Humongous Reclaim: 0.0 ms]
      [Free CSet: 0.2 ms]
   [Eden: 7152.0M(7152.0M)->0.0B(7152.0M) Survivors: 16384.0K->16384.0K Heap: 9969.3M(14336.0M)->2817.1M(14336.0M)]
 [Times: user=0.08 sys=0.00, real=0.01 secs] 
2022-11-08T15:20:51.746-0700: 248196.432: [GC pause (G1 Evacuation Pause) (young), 0.0146805 secs]
   [Parallel Time: 9.1 ms, GC Workers: 14]
      [GC Worker Start (ms): Min: 248196432.1, Avg: 248196432.3, Max: 248196432.4, Diff: 0.3]
      [Ext Root Scanning (ms): Min: 0.2, Avg: 0.7, Max: 4.1, Diff: 3.9, Sum: 9.5]
      [Update RS (ms): Min: 0.0, Avg: 0.1, Max: 0.3, Diff: 0.3, Sum: 1.3]
         [Processed Buffers: Min: 0, Avg: 11.4, Max: 33, Diff: 33, Sum: 159]
      [Scan RS (ms): Min: 0.0, Avg: 0.0, Max: 0.1, Diff: 0.1, Sum: 0.5]
      [Code Root Scanning (ms): Min: 0.0, Avg: 0.0, Max: 0.0, Diff: 0.0, Sum: 0.0]
      [Object Copy (ms): Min: 0.0, Avg: 1.4, Max: 7.9, Diff: 7.9, Sum: 19.9]
      [Termination (ms): Min: 0.0, Avg: 6.2, Max: 7.6, Diff: 7.6, Sum: 87.2]
         [Termination Attempts: Min: 1, Avg: 63.1, Max: 116, Diff: 115, Sum: 883]
      [GC Worker Other (ms): Min: 0.0, Avg: 0.0, Max: 0.0, Diff: 0.0, Sum: 0.1]
      [GC Worker Total (ms): Min: 8.3, Avg: 8.5, Max: 8.6, Diff: 0.4, Sum: 118.6]
      [GC Worker End (ms): Min: 248196440.7, Avg: 248196440.7, Max: 248196440.8, Diff: 0.1]
   [Code Root Fixup: 0.0 ms]
   [Code Root Purge: 0.0 ms]
   [Clear CT: 0.2 ms]
   [Other: 5.3 ms]
      [Choose CSet: 0.0 ms]
      [Ref Proc: 4.6 ms]
      [Ref Enq: 0.3 ms]
      [Redirty Cards: 0.2 ms]
      [Humongous Register: 0.0 ms]
      [Humongous Reclaim: 0.0 ms]
      [Free CSet: 0.2 ms]
   [Eden: 7152.0M(7152.0M)->0.0B(7152.0M) Survivors: 16384.0K->16384.0K Heap: 9969.1M(14336.0M)->2817.5M(14336.0M)]
 [Times: user=0.13 sys=0.00, real=0.01 secs] 
2022-11-08T15:37:04.795-0700: 249169.482: [GC pause (G1 Evacuation Pause) (young), 0.0141066 secs]
   [Parallel Time: 7.5 ms, GC Workers: 14]
      [GC Worker Start (ms): Min: 249169481.6, Avg: 249169481.8, Max: 249169482.0, Diff: 0.3]
      [Ext Root Scanning (ms): Min: 0.2, Avg: 0.6, Max: 4.0, Diff: 3.8, Sum: 8.8]
      [Update RS (ms): Min: 0.0, Avg: 0.1, Max: 0.3, Diff: 0.3, Sum: 1.4]
         [Processed Buffers: Min: 0, Avg: 11.1, Max: 35, Diff: 35, Sum: 156]
      [Scan RS (ms): Min: 0.0, Avg: 0.0, Max: 0.1, Diff: 0.1, Sum: 0.4]
      [Code Root Scanning (ms): Min: 0.0, Avg: 0.0, Max: 0.0, Diff: 0.0, Sum: 0.0]
      [Object Copy (ms): Min: 0.0, Avg: 0.7, Max: 6.4, Diff: 6.4, Sum: 9.4]
      [Termination (ms): Min: 0.0, Avg: 5.5, Max: 6.3, Diff: 6.3, Sum: 76.8]
         [Termination Attempts: Min: 1, Avg: 5.4, Max: 14, Diff: 13, Sum: 75]
      [GC Worker Other (ms): Min: 0.0, Avg: 0.0, Max: 0.0, Diff: 0.0, Sum: 0.1]
      [GC Worker Total (ms): Min: 6.7, Avg: 6.9, Max: 7.1, Diff: 0.4, Sum: 96.9]
      [GC Worker End (ms): Min: 249169488.7, Avg: 249169488.7, Max: 249169488.8, Diff: 0.1]
   [Code Root Fixup: 0.0 ms]
   [Code Root Purge: 0.0 ms]
   [Clear CT: 0.2 ms]
   [Other: 6.3 ms]
      [Choose CSet: 0.0 ms]
      [Ref Proc: 5.6 ms]
      [Ref Enq: 0.3 ms]
      [Redirty Cards: 0.2 ms]
      [Humongous Register: 0.0 ms]
      [Humongous Reclaim: 0.0 ms]
      [Free CSet: 0.2 ms]
   [Eden: 7152.0M(7152.0M)->0.0B(7152.0M) Survivors: 16384.0K->16384.0K Heap: 9969.5M(14336.0M)->2817.2M(14336.0M)]
 [Times: user=0.11 sys=0.00, real=0.01 secs] 
2022-11-08T15:53:32.245-0700: 250156.931: [GC pause (G1 Evacuation Pause) (young), 0.0113058 secs]
   [Parallel Time: 4.6 ms, GC Workers: 14]
      [GC Worker Start (ms): Min: 250156931.4, Avg: 250156931.5, Max: 250156931.7, Diff: 0.4]
      [Ext Root Scanning (ms): Min: 0.2, Avg: 0.7, Max: 4.0, Diff: 3.8, Sum: 9.4]
      [Update RS (ms): Min: 0.0, Avg: 0.1, Max: 0.2, Diff: 0.2, Sum: 1.6]
         [Processed Buffers: Min: 0, Avg: 11.1, Max: 28, Diff: 28, Sum: 155]
      [Scan RS (ms): Min: 0.0, Avg: 0.0, Max: 0.1, Diff: 0.1, Sum: 0.5]
      [Code Root Scanning (ms): Min: 0.0, Avg: 0.0, Max: 0.0, Diff: 0.0, Sum: 0.0]
      [Object Copy (ms): Min: 0.0, Avg: 0.3, Max: 0.4, Diff: 0.4, Sum: 4.8]
      [Termination (ms): Min: 0.0, Avg: 2.7, Max: 3.0, Diff: 3.0, Sum: 38.0]
         [Termination Attempts: Min: 1, Avg: 47.5, Max: 70, Diff: 69, Sum: 665]
      [GC Worker Other (ms): Min: 0.0, Avg: 0.0, Max: 0.0, Diff: 0.0, Sum: 0.1]
      [GC Worker Total (ms): Min: 3.7, Avg: 3.9, Max: 4.0, Diff: 0.3, Sum: 54.3]
      [GC Worker End (ms): Min: 250156935.4, Avg: 250156935.4, Max: 250156935.4, Diff: 0.0]
   [Code Root Fixup: 0.0 ms]
   [Code Root Purge: 0.0 ms]
   [Clear CT: 0.4 ms]
   [Other: 6.3 ms]
      [Choose CSet: 0.0 ms]
      [Ref Proc: 5.7 ms]
      [Ref Enq: 0.2 ms]
      [Redirty Cards: 0.2 ms]
      [Humongous Register: 0.0 ms]
      [Humongous Reclaim: 0.0 ms]
      [Free CSet: 0.1 ms]
   [Eden: 7152.0M(7152.0M)->0.0B(7152.0M) Survivors: 16384.0K->16384.0K Heap: 9969.2M(14336.0M)->2817.2M(14336.0M)]
 [Times: user=0.08 sys=0.00, real=0.01 secs] 
2022-11-08T16:09:55.795-0700: 251140.481: [GC pause (G1 Evacuation Pause) (young), 0.0107013 secs]
   [Parallel Time: 4.7 ms, GC Workers: 14]
      [GC Worker Start (ms): Min: 251140481.4, Avg: 251140481.6, Max: 251140481.7, Diff: 0.3]
      [Ext Root Scanning (ms): Min: 0.2, Avg: 0.7, Max: 3.9, Diff: 3.7, Sum: 9.1]
      [Update RS (ms): Min: 0.0, Avg: 0.1, Max: 0.3, Diff: 0.3, Sum: 1.6]
         [Processed Buffers: Min: 0, Avg: 11.3, Max: 26, Diff: 26, Sum: 158]
      [Scan RS (ms): Min: 0.0, Avg: 0.0, Max: 0.1, Diff: 0.0, Sum: 0.5]
      [Code Root Scanning (ms): Min: 0.0, Avg: 0.0, Max: 0.0, Diff: 0.0, Sum: 0.0]
      [Object Copy (ms): Min: 0.0, Avg: 0.3, Max: 0.3, Diff: 0.3, Sum: 3.7]
      [Termination (ms): Min: 0.0, Avg: 2.8, Max: 3.1, Diff: 3.1, Sum: 39.1]
         [Termination Attempts: Min: 1, Avg: 12.9, Max: 24, Diff: 23, Sum: 180]
      [GC Worker Other (ms): Min: 0.0, Avg: 0.0, Max: 0.0, Diff: 0.0, Sum: 0.1]
      [GC Worker Total (ms): Min: 3.7, Avg: 3.9, Max: 4.0, Diff: 0.3, Sum: 54.0]
      [GC Worker End (ms): Min: 251140485.4, Avg: 251140485.4, Max: 251140485.5, Diff: 0.1]
   [Code Root Fixup: 0.0 ms]
   [Code Root Purge: 0.0 ms]
   [Clear CT: 0.4 ms]
   [Other: 5.6 ms]
      [Choose CSet: 0.0 ms]
      [Ref Proc: 4.9 ms]
      [Ref Enq: 0.2 ms]
      [Redirty Cards: 0.2 ms]
      [Humongous Register: 0.0 ms]
      [Humongous Reclaim: 0.0 ms]
      [Free CSet: 0.2 ms]
   [Eden: 7152.0M(7152.0M)->0.0B(7152.0M) Survivors: 16384.0K->16384.0K Heap: 9969.2M(14336.0M)->2817.3M(14336.0M)]
 [Times: user=0.08 sys=0.00, real=0.01 secs] 
2022-11-08T16:26:10.845-0700: 252115.531: [GC pause (G1 Evacuation Pause) (young), 0.0106029 secs]
   [Parallel Time: 4.5 ms, GC Workers: 14]
      [GC Worker Start (ms): Min: 252115531.4, Avg: 252115531.6, Max: 252115531.7, Diff: 0.3]
      [Ext Root Scanning (ms): Min: 0.3, Avg: 0.7, Max: 4.0, Diff: 3.7, Sum: 9.7]
      [Update RS (ms): Min: 0.0, Avg: 0.1, Max: 0.3, Diff: 0.3, Sum: 1.5]
         [Processed Buffers: Min: 0, Avg: 11.4, Max: 40, Diff: 40, Sum: 160]
      [Scan RS (ms): Min: 0.0, Avg: 0.0, Max: 0.1, Diff: 0.0, Sum: 0.5]
      [Code Root Scanning (ms): Min: 0.0, Avg: 0.0, Max: 0.0, Diff: 0.0, Sum: 0.0]
      [Object Copy (ms): Min: 0.0, Avg: 0.3, Max: 0.4, Diff: 0.4, Sum: 4.0]
      [Termination (ms): Min: 0.0, Avg: 2.7, Max: 3.0, Diff: 3.0, Sum: 37.7]
         [Termination Attempts: Min: 1, Avg: 35.2, Max: 47, Diff: 46, Sum: 493]
      [GC Worker Other (ms): Min: 0.0, Avg: 0.0, Max: 0.0, Diff: 0.0, Sum: 0.1]
      [GC Worker Total (ms): Min: 3.7, Avg: 3.8, Max: 4.0, Diff: 0.3, Sum: 53.5]
      [GC Worker End (ms): Min: 252115535.4, Avg: 252115535.4, Max: 252115535.4, Diff: 0.1]
   [Code Root Fixup: 0.0 ms]
   [Code Root Purge: 0.0 ms]
   [Clear CT: 0.4 ms]
   [Other: 5.7 ms]
      [Choose CSet: 0.0 ms]
      [Ref Proc: 5.1 ms]
      [Ref Enq: 0.3 ms]
      [Redirty Cards: 0.2 ms]
      [Humongous Register: 0.0 ms]
      [Humongous Reclaim: 0.0 ms]
      [Free CSet: 0.1 ms]
   [Eden: 7152.0M(7152.0M)->0.0B(7152.0M) Survivors: 16384.0K->16384.0K Heap: 9969.3M(14336.0M)->2817.2M(14336.0M)]
 [Times: user=0.07 sys=0.00, real=0.01 secs] 
2022-11-08T16:42:32.556-0700: 253097.242: [GC pause (G1 Evacuation Pause) (young), 0.0172831 secs]
   [Parallel Time: 4.4 ms, GC Workers: 14]
      [GC Worker Start (ms): Min: 253097242.5, Avg: 253097242.6, Max: 253097242.8, Diff: 0.3]
      [Ext Root Scanning (ms): Min: 0.2, Avg: 0.7, Max: 4.2, Diff: 4.0, Sum: 9.3]
      [Update RS (ms): Min: 0.0, Avg: 0.1, Max: 0.3, Diff: 0.3, Sum: 1.6]
         [Processed Buffers: Min: 0, Avg: 11.4, Max: 35, Diff: 35, Sum: 159]
      [Scan RS (ms): Min: 0.0, Avg: 0.0, Max: 0.1, Diff: 0.1, Sum: 0.6]
      [Code Root Scanning (ms): Min: 0.0, Avg: 0.0, Max: 0.0, Diff: 0.0, Sum: 0.0]
      [Object Copy (ms): Min: 0.0, Avg: 0.3, Max: 0.4, Diff: 0.4, Sum: 4.2]
      [Termination (ms): Min: 0.0, Avg: 3.0, Max: 3.3, Diff: 3.3, Sum: 41.7]
         [Termination Attempts: Min: 1, Avg: 24.4, Max: 39, Diff: 38, Sum: 342]
      [GC Worker Other (ms): Min: 0.0, Avg: 0.0, Max: 0.0, Diff: 0.0, Sum: 0.1]
      [GC Worker Total (ms): Min: 3.9, Avg: 4.1, Max: 4.2, Diff: 0.3, Sum: 57.5]
      [GC Worker End (ms): Min: 253097246.7, Avg: 253097246.7, Max: 253097246.8, Diff: 0.1]
   [Code Root Fixup: 0.0 ms]
   [Code Root Purge: 0.0 ms]
   [Clear CT: 0.3 ms]
   [Other: 12.6 ms]
      [Choose CSet: 0.0 ms]
      [Ref Proc: 11.9 ms]
      [Ref Enq: 0.3 ms]
      [Redirty Cards: 0.2 ms]
      [Humongous Register: 0.0 ms]
      [Humongous Reclaim: 0.0 ms]
      [Free CSet: 0.1 ms]
   [Eden: 7152.0M(7152.0M)->0.0B(7152.0M) Survivors: 16384.0K->16384.0K Heap: 9969.2M(14336.0M)->2817.6M(14336.0M)]
 [Times: user=0.08 sys=0.00, real=0.01 secs] 
2022-11-08T16:58:46.846-0700: 254071.533: [GC pause (G1 Evacuation Pause) (young), 0.0110521 secs]
   [Parallel Time: 4.5 ms, GC Workers: 14]
      [GC Worker Start (ms): Min: 254071532.6, Avg: 254071532.8, Max: 254071532.9, Diff: 0.3]
      [Ext Root Scanning (ms): Min: 0.2, Avg: 0.6, Max: 3.9, Diff: 3.7, Sum: 8.9]
      [Update RS (ms): Min: 0.0, Avg: 0.1, Max: 0.3, Diff: 0.3, Sum: 1.3]
         [Processed Buffers: Min: 0, Avg: 11.8, Max: 34, Diff: 34, Sum: 165]
      [Scan RS (ms): Min: 0.0, Avg: 0.0, Max: 0.1, Diff: 0.1, Sum: 0.5]
      [Code Root Scanning (ms): Min: 0.0, Avg: 0.0, Max: 0.0, Diff: 0.0, Sum: 0.0]
      [Object Copy (ms): Min: 0.0, Avg: 0.3, Max: 0.3, Diff: 0.3, Sum: 3.9]
      [Termination (ms): Min: 0.0, Avg: 2.8, Max: 3.1, Diff: 3.1, Sum: 39.5]
         [Termination Attempts: Min: 1, Avg: 15.6, Max: 25, Diff: 24, Sum: 219]
      [GC Worker Other (ms): Min: 0.0, Avg: 0.0, Max: 0.0, Diff: 0.0, Sum: 0.1]
      [GC Worker Total (ms): Min: 3.7, Avg: 3.9, Max: 4.0, Diff: 0.3, Sum: 54.2]
      [GC Worker End (ms): Min: 254071536.5, Avg: 254071536.6, Max: 254071536.7, Diff: 0.2]
   [Code Root Fixup: 0.0 ms]
   [Code Root Purge: 0.0 ms]
   [Clear CT: 0.4 ms]
   [Other: 6.1 ms]
      [Choose CSet: 0.0 ms]
      [Ref Proc: 5.4 ms]
      [Ref Enq: 0.2 ms]
      [Redirty Cards: 0.2 ms]
      [Humongous Register: 0.0 ms]
      [Humongous Reclaim: 0.0 ms]
      [Free CSet: 0.1 ms]
   [Eden: 7152.0M(7152.0M)->0.0B(7152.0M) Survivors: 16384.0K->16384.0K Heap: 9969.6M(14336.0M)->2817.4M(14336.0M)]
 [Times: user=0.08 sys=0.00, real=0.01 secs] 
2022-11-08T17:15:11.345-0700: 255056.031: [GC pause (G1 Evacuation Pause) (young), 0.0102969 secs]
   [Parallel Time: 4.6 ms, GC Workers: 14]
      [GC Worker Start (ms): Min: 255056031.5, Avg: 255056031.7, Max: 255056031.8, Diff: 0.3]
      [Ext Root Scanning (ms): Min: 0.3, Avg: 0.7, Max: 4.0, Diff: 3.7, Sum: 9.5]
      [Update RS (ms): Min: 0.0, Avg: 0.1, Max: 0.3, Diff: 0.3, Sum: 1.7]
         [Processed Buffers: Min: 0, Avg: 12.1, Max: 35, Diff: 35, Sum: 169]
      [Scan RS (ms): Min: 0.0, Avg: 0.0, Max: 0.1, Diff: 0.0, Sum: 0.4]
      [Code Root Scanning (ms): Min: 0.0, Avg: 0.0, Max: 0.0, Diff: 0.0, Sum: 0.0]
      [Object Copy (ms): Min: 0.0, Avg: 0.3, Max: 0.4, Diff: 0.4, Sum: 3.9]
      [Termination (ms): Min: 0.0, Avg: 2.8, Max: 3.1, Diff: 3.1, Sum: 39.7]
         [Termination Attempts: Min: 1, Avg: 25.0, Max: 42, Diff: 41, Sum: 350]
      [GC Worker Other (ms): Min: 0.0, Avg: 0.0, Max: 0.0, Diff: 0.0, Sum: 0.1]
      [GC Worker Total (ms): Min: 3.8, Avg: 4.0, Max: 4.1, Diff: 0.3, Sum: 55.3]
      [GC Worker End (ms): Min: 255056035.5, Avg: 255056035.6, Max: 255056035.7, Diff: 0.1]
   [Code Root Fixup: 0.0 ms]
   [Code Root Purge: 0.0 ms]
   [Clear CT: 0.3 ms]
   [Other: 5.4 ms]
      [Choose CSet: 0.0 ms]
      [Ref Proc: 4.7 ms]
      [Ref Enq: 0.3 ms]
      [Redirty Cards: 0.2 ms]
      [Humongous Register: 0.0 ms]
      [Humongous Reclaim: 0.0 ms]
      [Free CSet: 0.1 ms]
   [Eden: 7152.0M(7152.0M)->0.0B(7152.0M) Survivors: 16384.0K->16384.0K Heap: 9969.4M(14336.0M)->2817.6M(14336.0M)]
 [Times: user=0.08 sys=0.00, real=0.01 secs] 
2022-11-08T17:31:34.817-0700: 256039.503: [GC pause (G1 Evacuation Pause) (young), 0.0097542 secs]
   [Parallel Time: 4.4 ms, GC Workers: 14]
      [GC Worker Start (ms): Min: 256039502.9, Avg: 256039503.1, Max: 256039503.2, Diff: 0.3]
      [Ext Root Scanning (ms): Min: 0.2, Avg: 0.7, Max: 4.0, Diff: 3.8, Sum: 9.4]
      [Update RS (ms): Min: 0.0, Avg: 0.1, Max: 0.4, Diff: 0.4, Sum: 1.8]
         [Processed Buffers: Min: 0, Avg: 11.1, Max: 40, Diff: 40, Sum: 155]
      [Scan RS (ms): Min: 0.0, Avg: 0.0, Max: 0.1, Diff: 0.1, Sum: 0.5]
      [Code Root Scanning (ms): Min: 0.0, Avg: 0.0, Max: 0.0, Diff: 0.0, Sum: 0.0]
      [Object Copy (ms): Min: 0.0, Avg: 0.3, Max: 0.4, Diff: 0.4, Sum: 4.1]
      [Termination (ms): Min: 0.0, Avg: 2.8, Max: 3.1, Diff: 3.1, Sum: 39.0]
         [Termination Attempts: Min: 1, Avg: 20.5, Max: 32, Diff: 31, Sum: 287]
      [GC Worker Other (ms): Min: 0.0, Avg: 0.0, Max: 0.0, Diff: 0.0, Sum: 0.1]
      [GC Worker Total (ms): Min: 3.7, Avg: 3.9, Max: 4.0, Diff: 0.3, Sum: 54.9]
      [GC Worker End (ms): Min: 256039506.9, Avg: 256039507.0, Max: 256039507.1, Diff: 0.1]
   [Code Root Fixup: 0.0 ms]
   [Code Root Purge: 0.0 ms]
   [Clear CT: 0.4 ms]
   [Other: 5.0 ms]
      [Choose CSet: 0.0 ms]
      [Ref Proc: 4.4 ms]
      [Ref Enq: 0.2 ms]
      [Redirty Cards: 0.2 ms]
      [Humongous Register: 0.0 ms]
      [Humongous Reclaim: 0.0 ms]
      [Free CSet: 0.1 ms]
   [Eden: 7152.0M(7152.0M)->0.0B(7152.0M) Survivors: 16384.0K->16384.0K Heap: 9969.6M(14336.0M)->2817.4M(14336.0M)]
 [Times: user=0.07 sys=0.00, real=0.01 secs] 
2022-11-08T17:47:48.861-0700: 257013.547: [GC pause (G1 Evacuation Pause) (young), 0.0088307 secs]
   [Parallel Time: 3.0 ms, GC Workers: 14]
      [GC Worker Start (ms): Min: 257013547.0, Avg: 257013547.3, Max: 257013547.5, Diff: 0.4]
      [Ext Root Scanning (ms): Min: 0.2, Avg: 0.6, Max: 2.8, Diff: 2.6, Sum: 8.6]
      [Update RS (ms): Min: 0.0, Avg: 0.1, Max: 0.3, Diff: 0.3, Sum: 1.5]
         [Processed Buffers: Min: 0, Avg: 10.9, Max: 43, Diff: 43, Sum: 153]
      [Scan RS (ms): Min: 0.0, Avg: 0.0, Max: 0.1, Diff: 0.1, Sum: 0.5]
      [Code Root Scanning (ms): Min: 0.0, Avg: 0.0, Max: 0.0, Diff: 0.0, Sum: 0.0]
      [Object Copy (ms): Min: 0.0, Avg: 0.4, Max: 0.4, Diff: 0.4, Sum: 5.0]
      [Termination (ms): Min: 0.0, Avg: 1.5, Max: 1.7, Diff: 1.7, Sum: 21.3]
         [Termination Attempts: Min: 1, Avg: 39.1, Max: 66, Diff: 65, Sum: 547]
      [GC Worker Other (ms): Min: 0.0, Avg: 0.0, Max: 0.0, Diff: 0.0, Sum: 0.1]
      [GC Worker Total (ms): Min: 2.5, Avg: 2.6, Max: 2.8, Diff: 0.4, Sum: 36.9]
      [GC Worker End (ms): Min: 257013549.9, Avg: 257013549.9, Max: 257013550.0, Diff: 0.1]
   [Code Root Fixup: 0.0 ms]
   [Code Root Purge: 0.0 ms]
   [Clear CT: 0.3 ms]
   [Other: 5.5 ms]
      [Choose CSet: 0.0 ms]
      [Ref Proc: 4.9 ms]
      [Ref Enq: 0.2 ms]
      [Redirty Cards: 0.2 ms]
      [Humongous Register: 0.0 ms]
      [Humongous Reclaim: 0.0 ms]
      [Free CSet: 0.1 ms]
   [Eden: 7152.0M(7152.0M)->0.0B(7152.0M) Survivors: 16384.0K->16384.0K Heap: 9969.4M(14336.0M)->2817.6M(14336.0M)]
 [Times: user=0.06 sys=0.00, real=0.01 secs] 
2022-11-08T18:04:08.982-0700: 257993.668: [GC pause (G1 Evacuation Pause) (young), 0.0110727 secs]
   [Parallel Time: 4.5 ms, GC Workers: 14]
      [GC Worker Start (ms): Min: 257993668.5, Avg: 257993668.6, Max: 257993668.7, Diff: 0.3]
      [Ext Root Scanning (ms): Min: 0.3, Avg: 0.7, Max: 4.0, Diff: 3.7, Sum: 9.4]
      [Update RS (ms): Min: 0.0, Avg: 0.1, Max: 0.3, Diff: 0.3, Sum: 1.6]
         [Processed Buffers: Min: 0, Avg: 11.4, Max: 40, Diff: 40, Sum: 159]
      [Scan RS (ms): Min: 0.0, Avg: 0.0, Max: 0.1, Diff: 0.1, Sum: 0.4]
      [Code Root Scanning (ms): Min: 0.0, Avg: 0.0, Max: 0.0, Diff: 0.0, Sum: 0.0]
      [Object Copy (ms): Min: 0.0, Avg: 0.2, Max: 0.3, Diff: 0.3, Sum: 3.5]
      [Termination (ms): Min: 0.0, Avg: 2.9, Max: 3.1, Diff: 3.1, Sum: 40.0]
         [Termination Attempts: Min: 1, Avg: 14.2, Max: 23, Diff: 22, Sum: 199]
      [GC Worker Other (ms): Min: 0.0, Avg: 0.0, Max: 0.0, Diff: 0.0, Sum: 0.1]
      [GC Worker Total (ms): Min: 3.8, Avg: 3.9, Max: 4.1, Diff: 0.3, Sum: 55.1]
      [GC Worker End (ms): Min: 257993672.5, Avg: 257993672.5, Max: 257993672.6, Diff: 0.1]
   [Code Root Fixup: 0.0 ms]
   [Code Root Purge: 0.0 ms]
   [Clear CT: 0.4 ms]
   [Other: 6.2 ms]
      [Choose CSet: 0.0 ms]
      [Ref Proc: 4.4 ms]
      [Ref Enq: 1.2 ms]
      [Redirty Cards: 0.2 ms]
      [Humongous Register: 0.0 ms]
      [Humongous Reclaim: 0.0 ms]
      [Free CSet: 0.2 ms]
   [Eden: 7152.0M(7152.0M)->0.0B(7152.0M) Survivors: 16384.0K->16384.0K Heap: 9969.6M(14336.0M)->2817.3M(14336.0M)]
 [Times: user=0.05 sys=0.02, real=0.01 secs] 
2022-11-08T18:20:30.745-0700: 258975.432: [GC pause (G1 Evacuation Pause) (young), 0.0091736 secs]
   [Parallel Time: 4.5 ms, GC Workers: 14]
      [GC Worker Start (ms): Min: 258975431.7, Avg: 258975431.9, Max: 258975432.0, Diff: 0.3]
      [Ext Root Scanning (ms): Min: 0.3, Avg: 0.7, Max: 4.0, Diff: 3.8, Sum: 9.6]
      [Update RS (ms): Min: 0.0, Avg: 0.1, Max: 0.3, Diff: 0.3, Sum: 1.4]
         [Processed Buffers: Min: 0, Avg: 11.0, Max: 33, Diff: 33, Sum: 154]
      [Scan RS (ms): Min: 0.0, Avg: 0.0, Max: 0.1, Diff: 0.1, Sum: 0.5]
      [Code Root Scanning (ms): Min: 0.0, Avg: 0.0, Max: 0.0, Diff: 0.0, Sum: 0.0]
      [Object Copy (ms): Min: 0.0, Avg: 0.2, Max: 0.3, Diff: 0.3, Sum: 3.3]
      [Termination (ms): Min: 0.0, Avg: 2.8, Max: 3.1, Diff: 3.1, Sum: 39.6]
         [Termination Attempts: Min: 1, Avg: 12.6, Max: 20, Diff: 19, Sum: 176]
      [GC Worker Other (ms): Min: 0.0, Avg: 0.0, Max: 0.0, Diff: 0.0, Sum: 0.1]
      [GC Worker Total (ms): Min: 3.8, Avg: 3.9, Max: 4.0, Diff: 0.3, Sum: 54.5]
      [GC Worker End (ms): Min: 258975435.8, Avg: 258975435.8, Max: 258975435.8, Diff: 0.1]
   [Code Root Fixup: 0.0 ms]
   [Code Root Purge: 0.0 ms]
   [Clear CT: 0.3 ms]
   [Other: 4.4 ms]
      [Choose CSet: 0.0 ms]
      [Ref Proc: 3.8 ms]
      [Ref Enq: 0.3 ms]
      [Redirty Cards: 0.2 ms]
      [Humongous Register: 0.0 ms]
      [Humongous Reclaim: 0.0 ms]
      [Free CSet: 0.1 ms]
   [Eden: 7152.0M(7152.0M)->0.0B(7152.0M) Survivors: 16384.0K->16384.0K Heap: 9969.3M(14336.0M)->2817.6M(14336.0M)]
 [Times: user=0.07 sys=0.00, real=0.01 secs] 
2022-11-08T18:36:53.095-0700: 259957.789: [GC pause (G1 Evacuation Pause) (young), 0.0386442 secs]
   [Parallel Time: 8.6 ms, GC Workers: 14]
      [GC Worker Start (ms): Min: 259957788.6, Avg: 259957788.9, Max: 259957789.1, Diff: 0.4]
      [Ext Root Scanning (ms): Min: 0.2, Avg: 0.6, Max: 4.3, Diff: 4.1, Sum: 9.1]
      [Update RS (ms): Min: 0.0, Avg: 0.1, Max: 0.3, Diff: 0.3, Sum: 1.5]
         [Processed Buffers: Min: 0, Avg: 10.6, Max: 35, Diff: 35, Sum: 149]
      [Scan RS (ms): Min: 0.0, Avg: 0.0, Max: 0.1, Diff: 0.1, Sum: 0.5]
      [Code Root Scanning (ms): Min: 0.0, Avg: 0.0, Max: 0.0, Diff: 0.0, Sum: 0.0]
      [Object Copy (ms): Min: 0.0, Avg: 2.2, Max: 7.3, Diff: 7.3, Sum: 30.8]
      [Termination (ms): Min: 0.0, Avg: 4.8, Max: 6.0, Diff: 6.0, Sum: 67.9]
         [Termination Attempts: Min: 1, Avg: 215.3, Max: 316, Diff: 315, Sum: 3014]
      [GC Worker Other (ms): Min: 0.0, Avg: 0.0, Max: 0.0, Diff: 0.0, Sum: 0.1]
      [GC Worker Total (ms): Min: 7.6, Avg: 7.8, Max: 8.0, Diff: 0.4, Sum: 109.8]
      [GC Worker End (ms): Min: 259957796.6, Avg: 259957796.7, Max: 259957796.8, Diff: 0.2]
   [Code Root Fixup: 0.0 ms]
   [Code Root Purge: 0.0 ms]
   [Clear CT: 0.3 ms]
   [Other: 29.8 ms]
      [Choose CSet: 0.0 ms]
      [Ref Proc: 21.9 ms]
      [Ref Enq: 0.4 ms]
      [Redirty Cards: 0.2 ms]
      [Humongous Register: 0.0 ms]
      [Humongous Reclaim: 0.0 ms]
      [Free CSet: 0.2 ms]
   [Eden: 7152.0M(7152.0M)->0.0B(7152.0M) Survivors: 16384.0K->16384.0K Heap: 9969.6M(14336.0M)->2820.6M(14336.0M)]
 [Times: user=0.25 sys=0.00, real=0.04 secs] 
2022-11-08T18:53:18.935-0700: 260943.621: [GC pause (G1 Evacuation Pause) (young), 0.0178630 secs]
   [Parallel Time: 12.2 ms, GC Workers: 14]
      [GC Worker Start (ms): Min: 260943620.9, Avg: 260943621.1, Max: 260943621.3, Diff: 0.3]
      [Ext Root Scanning (ms): Min: 0.2, Avg: 0.7, Max: 3.9, Diff: 3.7, Sum: 9.8]
      [Update RS (ms): Min: 0.0, Avg: 0.1, Max: 0.3, Diff: 0.3, Sum: 1.5]
         [Processed Buffers: Min: 0, Avg: 11.4, Max: 42, Diff: 42, Sum: 159]
      [Scan RS (ms): Min: 0.0, Avg: 0.0, Max: 0.1, Diff: 0.1, Sum: 0.5]
      [Code Root Scanning (ms): Min: 0.0, Avg: 0.0, Max: 0.0, Diff: 0.0, Sum: 0.0]
      [Object Copy (ms): Min: 0.0, Avg: 3.4, Max: 11.0, Diff: 11.0, Sum: 47.2]
      [Termination (ms): Min: 0.0, Avg: 7.4, Max: 11.0, Diff: 11.0, Sum: 103.5]
         [Termination Attempts: Min: 1, Avg: 2.6, Max: 9, Diff: 8, Sum: 37]
      [GC Worker Other (ms): Min: 0.0, Avg: 0.0, Max: 0.0, Diff: 0.0, Sum: 0.1]
      [GC Worker Total (ms): Min: 11.4, Avg: 11.6, Max: 11.8, Diff: 0.4, Sum: 162.5]
      [GC Worker End (ms): Min: 260943632.6, Avg: 260943632.7, Max: 260943632.7, Diff: 0.1]
   [Code Root Fixup: 0.0 ms]
   [Code Root Purge: 0.0 ms]
   [Clear CT: 0.2 ms]
   [Other: 5.4 ms]
      [Choose CSet: 0.0 ms]
      [Ref Proc: 4.7 ms]
      [Ref Enq: 0.3 ms]
      [Redirty Cards: 0.2 ms]
      [Humongous Register: 0.0 ms]
      [Humongous Reclaim: 0.0 ms]
      [Free CSet: 0.1 ms]
   [Eden: 7152.0M(7152.0M)->0.0B(7152.0M) Survivors: 16384.0K->16384.0K Heap: 9972.6M(14336.0M)->2821.7M(14336.0M)]
 [Times: user=0.14 sys=0.00, real=0.01 secs] 
2022-11-08T19:09:49.495-0700: 261934.182: [GC pause (G1 Evacuation Pause) (young), 0.0139220 secs]
   [Parallel Time: 8.6 ms, GC Workers: 14]
      [GC Worker Start (ms): Min: 261934181.6, Avg: 261934181.7, Max: 261934182.0, Diff: 0.3]
      [Ext Root Scanning (ms): Min: 0.2, Avg: 0.6, Max: 2.8, Diff: 2.6, Sum: 8.3]
      [Update RS (ms): Min: 0.0, Avg: 0.1, Max: 0.4, Diff: 0.4, Sum: 1.8]
         [Processed Buffers: Min: 0, Avg: 10.6, Max: 33, Diff: 33, Sum: 149]
      [Scan RS (ms): Min: 0.0, Avg: 0.0, Max: 0.1, Diff: 0.0, Sum: 0.5]
      [Code Root Scanning (ms): Min: 0.0, Avg: 0.0, Max: 0.0, Diff: 0.0, Sum: 0.0]
      [Object Copy (ms): Min: 0.0, Avg: 4.1, Max: 7.3, Diff: 7.3, Sum: 57.0]
      [Termination (ms): Min: 0.0, Avg: 3.0, Max: 7.1, Diff: 7.1, Sum: 42.3]
         [Termination Attempts: Min: 1, Avg: 1.4, Max: 3, Diff: 2, Sum: 19]
      [GC Worker Other (ms): Min: 0.0, Avg: 0.0, Max: 0.0, Diff: 0.0, Sum: 0.1]
      [GC Worker Total (ms): Min: 7.6, Avg: 7.9, Max: 8.0, Diff: 0.4, Sum: 110.0]
      [GC Worker End (ms): Min: 261934189.6, Avg: 261934189.6, Max: 261934189.7, Diff: 0.1]
   [Code Root Fixup: 0.0 ms]
   [Code Root Purge: 0.0 ms]
   [Clear CT: 0.5 ms]
   [Other: 4.9 ms]
      [Choose CSet: 0.0 ms]
      [Ref Proc: 4.3 ms]
      [Ref Enq: 0.2 ms]
      [Redirty Cards: 0.2 ms]
      [Humongous Register: 0.0 ms]
      [Humongous Reclaim: 0.0 ms]
      [Free CSet: 0.1 ms]
   [Eden: 7152.0M(7152.0M)->0.0B(7152.0M) Survivors: 16384.0K->16384.0K Heap: 9973.7M(14336.0M)->2818.2M(14336.0M)]
 [Times: user=0.07 sys=0.00, real=0.01 secs] 
2022-11-08T19:26:13.491-0700: 262918.177: [GC pause (G1 Evacuation Pause) (young), 0.0144737 secs]
   [Parallel Time: 7.9 ms, GC Workers: 14]
      [GC Worker Start (ms): Min: 262918177.3, Avg: 262918177.4, Max: 262918177.6, Diff: 0.3]
      [Ext Root Scanning (ms): Min: 0.2, Avg: 0.6, Max: 2.7, Diff: 2.5, Sum: 7.7]
      [Update RS (ms): Min: 0.0, Avg: 0.1, Max: 0.2, Diff: 0.2, Sum: 1.5]
         [Processed Buffers: Min: 0, Avg: 11.8, Max: 36, Diff: 36, Sum: 165]
      [Scan RS (ms): Min: 0.0, Avg: 0.0, Max: 0.1, Diff: 0.1, Sum: 0.6]
      [Code Root Scanning (ms): Min: 0.0, Avg: 0.0, Max: 0.0, Diff: 0.0, Sum: 0.0]
      [Object Copy (ms): Min: 0.0, Avg: 0.7, Max: 6.7, Diff: 6.7, Sum: 10.3]
      [Termination (ms): Min: 0.0, Avg: 5.8, Max: 6.5, Diff: 6.5, Sum: 81.5]
         [Termination Attempts: Min: 1, Avg: 14.6, Max: 27, Diff: 26, Sum: 205]
      [GC Worker Other (ms): Min: 0.0, Avg: 0.0, Max: 0.0, Diff: 0.0, Sum: 0.1]
      [GC Worker Total (ms): Min: 7.0, Avg: 7.3, Max: 7.5, Diff: 0.5, Sum: 101.6]
      [GC Worker End (ms): Min: 262918184.6, Avg: 262918184.7, Max: 262918184.8, Diff: 0.1]
   [Code Root Fixup: 0.0 ms]
   [Code Root Purge: 0.0 ms]
   [Clear CT: 0.4 ms]
   [Other: 6.2 ms]
      [Choose CSet: 0.0 ms]
      [Ref Proc: 5.4 ms]
      [Ref Enq: 0.3 ms]
      [Redirty Cards: 0.2 ms]
      [Humongous Register: 0.0 ms]
      [Humongous Reclaim: 0.0 ms]
      [Free CSet: 0.2 ms]
   [Eden: 7152.0M(7152.0M)->0.0B(7152.0M) Survivors: 16384.0K->16384.0K Heap: 9970.2M(14336.0M)->2817.5M(14336.0M)]
 [Times: user=0.12 sys=0.00, real=0.02 secs] 
2022-11-08T19:42:44.969-0700: 263909.655: [GC pause (G1 Evacuation Pause) (young), 0.0144656 secs]
   [Parallel Time: 6.5 ms, GC Workers: 14]
      [GC Worker Start (ms): Min: 263909654.8, Avg: 263909655.1, Max: 263909655.4, Diff: 0.5]
      [Ext Root Scanning (ms): Min: 0.2, Avg: 0.6, Max: 2.6, Diff: 2.4, Sum: 8.3]
      [Update RS (ms): Min: 0.0, Avg: 0.1, Max: 0.3, Diff: 0.3, Sum: 1.6]
         [Processed Buffers: Min: 0, Avg: 10.9, Max: 34, Diff: 34, Sum: 153]
      [Scan RS (ms): Min: 0.0, Avg: 0.0, Max: 0.1, Diff: 0.1, Sum: 0.5]
      [Code Root Scanning (ms): Min: 0.0, Avg: 0.0, Max: 0.0, Diff: 0.0, Sum: 0.0]
      [Object Copy (ms): Min: 0.0, Avg: 0.6, Max: 5.0, Diff: 5.0, Sum: 9.0]
      [Termination (ms): Min: 0.0, Avg: 4.2, Max: 4.7, Diff: 4.7, Sum: 58.5]
         [Termination Attempts: Min: 1, Avg: 19.0, Max: 43, Diff: 42, Sum: 266]
      [GC Worker Other (ms): Min: 0.0, Avg: 0.0, Max: 0.0, Diff: 0.0, Sum: 0.1]
      [GC Worker Total (ms): Min: 5.4, Avg: 5.6, Max: 5.9, Diff: 0.5, Sum: 78.1]
      [GC Worker End (ms): Min: 263909660.7, Avg: 263909660.7, Max: 263909660.8, Diff: 0.1]
   [Code Root Fixup: 0.0 ms]
   [Code Root Purge: 0.0 ms]
   [Clear CT: 0.2 ms]
   [Other: 7.7 ms]
      [Choose CSet: 0.0 ms]
      [Ref Proc: 6.9 ms]
      [Ref Enq: 0.4 ms]
      [Redirty Cards: 0.2 ms]
      [Humongous Register: 0.0 ms]
      [Humongous Reclaim: 0.0 ms]
      [Free CSet: 0.2 ms]
   [Eden: 7152.0M(7152.0M)->0.0B(7152.0M) Survivors: 16384.0K->16384.0K Heap: 9969.5M(14336.0M)->2817.4M(14336.0M)]
 [Times: user=0.10 sys=0.00, real=0.02 secs] 
2022-11-08T19:59:17.145-0700: 264901.832: [GC pause (G1 Evacuation Pause) (young), 0.0099170 secs]
   [Parallel Time: 4.2 ms, GC Workers: 14]
      [GC Worker Start (ms): Min: 264901831.7, Avg: 264901831.9, Max: 264901832.1, Diff: 0.5]
      [Ext Root Scanning (ms): Min: 0.2, Avg: 0.7, Max: 4.0, Diff: 3.8, Sum: 9.8]
      [Update RS (ms): Min: 0.0, Avg: 0.1, Max: 0.3, Diff: 0.3, Sum: 1.5]
         [Processed Buffers: Min: 0, Avg: 10.6, Max: 43, Diff: 43, Sum: 148]
      [Scan RS (ms): Min: 0.0, Avg: 0.0, Max: 0.1, Diff: 0.1, Sum: 0.6]
      [Code Root Scanning (ms): Min: 0.0, Avg: 0.0, Max: 0.0, Diff: 0.0, Sum: 0.0]
      [Object Copy (ms): Min: 0.0, Avg: 0.3, Max: 0.4, Diff: 0.4, Sum: 4.0]
      [Termination (ms): Min: 0.0, Avg: 2.6, Max: 2.9, Diff: 2.9, Sum: 37.1]
         [Termination Attempts: Min: 1, Avg: 15.8, Max: 24, Diff: 23, Sum: 221]
      [GC Worker Other (ms): Min: 0.0, Avg: 0.0, Max: 0.0, Diff: 0.0, Sum: 0.1]
      [GC Worker Total (ms): Min: 3.6, Avg: 3.8, Max: 4.0, Diff: 0.4, Sum: 53.0]
      [GC Worker End (ms): Min: 264901835.7, Avg: 264901835.7, Max: 264901835.8, Diff: 0.1]
   [Code Root Fixup: 0.0 ms]
   [Code Root Purge: 0.0 ms]
   [Clear CT: 0.3 ms]
   [Other: 5.4 ms]
      [Choose CSet: 0.0 ms]
      [Ref Proc: 4.6 ms]
      [Ref Enq: 0.2 ms]
      [Redirty Cards: 0.2 ms]
      [Humongous Register: 0.0 ms]
      [Humongous Reclaim: 0.0 ms]
      [Free CSet: 0.1 ms]
   [Eden: 7152.0M(7152.0M)->0.0B(7152.0M) Survivors: 16384.0K->16384.0K Heap: 9969.4M(14336.0M)->2817.7M(14336.0M)]
 [Times: user=0.07 sys=0.00, real=0.01 secs] 
2022-11-08T20:15:40.998-0700: 265885.684: [GC pause (G1 Evacuation Pause) (young), 0.0133455 secs]
   [Parallel Time: 4.5 ms, GC Workers: 14]
      [GC Worker Start (ms): Min: 265885684.5, Avg: 265885684.6, Max: 265885684.9, Diff: 0.4]
      [Ext Root Scanning (ms): Min: 0.2, Avg: 0.7, Max: 4.2, Diff: 4.0, Sum: 10.2]
      [Update RS (ms): Min: 0.0, Avg: 0.1, Max: 0.4, Diff: 0.4, Sum: 1.8]
         [Processed Buffers: Min: 0, Avg: 11.5, Max: 26, Diff: 26, Sum: 161]
      [Scan RS (ms): Min: 0.0, Avg: 0.0, Max: 0.0, Diff: 0.0, Sum: 0.4]
      [Code Root Scanning (ms): Min: 0.0, Avg: 0.0, Max: 0.0, Diff: 0.0, Sum: 0.0]
      [Object Copy (ms): Min: 0.0, Avg: 0.3, Max: 0.4, Diff: 0.4, Sum: 4.2]
      [Termination (ms): Min: 0.0, Avg: 2.9, Max: 3.2, Diff: 3.2, Sum: 40.7]
         [Termination Attempts: Min: 1, Avg: 33.9, Max: 51, Diff: 50, Sum: 475]
      [GC Worker Other (ms): Min: 0.0, Avg: 0.0, Max: 0.0, Diff: 0.0, Sum: 0.1]
      [GC Worker Total (ms): Min: 3.9, Avg: 4.1, Max: 4.2, Diff: 0.4, Sum: 57.5]
      [GC Worker End (ms): Min: 265885688.7, Avg: 265885688.8, Max: 265885688.8, Diff: 0.1]
   [Code Root Fixup: 0.0 ms]
   [Code Root Purge: 0.0 ms]
   [Clear CT: 0.4 ms]
   [Other: 8.4 ms]
      [Choose CSet: 0.0 ms]
      [Ref Proc: 6.7 ms]
      [Ref Enq: 0.4 ms]
      [Redirty Cards: 1.1 ms]
      [Humongous Register: 0.0 ms]
      [Humongous Reclaim: 0.0 ms]
      [Free CSet: 0.1 ms]
   [Eden: 7152.0M(7152.0M)->0.0B(7152.0M) Survivors: 16384.0K->16384.0K Heap: 9969.7M(14336.0M)->2817.6M(14336.0M)]
 [Times: user=0.09 sys=0.00, real=0.01 secs] 
2022-11-08T20:32:18.146-0700: 266882.832: [GC pause (G1 Evacuation Pause) (young), 0.0144542 secs]
   [Parallel Time: 8.8 ms, GC Workers: 14]
      [GC Worker Start (ms): Min: 266882832.2, Avg: 266882832.4, Max: 266882832.5, Diff: 0.3]
      [Ext Root Scanning (ms): Min: 0.3, Avg: 0.8, Max: 4.2, Diff: 3.9, Sum: 10.6]
      [Update RS (ms): Min: 0.0, Avg: 0.1, Max: 0.3, Diff: 0.3, Sum: 1.5]
         [Processed Buffers: Min: 0, Avg: 10.3, Max: 31, Diff: 31, Sum: 144]
      [Scan RS (ms): Min: 0.0, Avg: 0.0, Max: 0.1, Diff: 0.0, Sum: 0.5]
      [Code Root Scanning (ms): Min: 0.0, Avg: 0.0, Max: 0.0, Diff: 0.0, Sum: 0.0]
      [Object Copy (ms): Min: 0.0, Avg: 1.8, Max: 7.7, Diff: 7.7, Sum: 25.2]
      [Termination (ms): Min: 0.0, Avg: 5.6, Max: 7.5, Diff: 7.5, Sum: 78.8]
         [Termination Attempts: Min: 1, Avg: 12.9, Max: 27, Diff: 26, Sum: 181]
      [GC Worker Other (ms): Min: 0.0, Avg: 0.0, Max: 0.0, Diff: 0.0, Sum: 0.1]
      [GC Worker Total (ms): Min: 8.2, Avg: 8.3, Max: 8.5, Diff: 0.3, Sum: 116.6]
      [GC Worker End (ms): Min: 266882840.6, Avg: 266882840.7, Max: 266882840.8, Diff: 0.1]
   [Code Root Fixup: 0.0 ms]
   [Code Root Purge: 0.0 ms]
   [Clear CT: 0.4 ms]
   [Other: 5.2 ms]
      [Choose CSet: 0.0 ms]
      [Ref Proc: 4.6 ms]
      [Ref Enq: 0.3 ms]
      [Redirty Cards: 0.2 ms]
      [Humongous Register: 0.0 ms]
      [Humongous Reclaim: 0.0 ms]
      [Free CSet: 0.1 ms]
   [Eden: 7152.0M(7152.0M)->0.0B(7152.0M) Survivors: 16384.0K->16384.0K Heap: 9969.6M(14336.0M)->2817.7M(14336.0M)]
 [Times: user=0.12 sys=0.00, real=0.01 secs] 
2022-11-08T20:48:39.295-0700: 267863.981: [GC pause (G1 Evacuation Pause) (young), 0.0143775 secs]
   [Parallel Time: 8.2 ms, GC Workers: 14]
      [GC Worker Start (ms): Min: 267863981.6, Avg: 267863981.7, Max: 267863981.9, Diff: 0.3]
      [Ext Root Scanning (ms): Min: 0.2, Avg: 0.7, Max: 4.2, Diff: 4.1, Sum: 9.2]
      [Update RS (ms): Min: 0.0, Avg: 0.1, Max: 0.3, Diff: 0.3, Sum: 1.6]
         [Processed Buffers: Min: 0, Avg: 10.6, Max: 32, Diff: 32, Sum: 149]
      [Scan RS (ms): Min: 0.0, Avg: 0.0, Max: 0.1, Diff: 0.1, Sum: 0.6]
      [Code Root Scanning (ms): Min: 0.0, Avg: 0.0, Max: 0.0, Diff: 0.0, Sum: 0.0]
      [Object Copy (ms): Min: 0.0, Avg: 1.3, Max: 7.2, Diff: 7.2, Sum: 18.3]
      [Termination (ms): Min: 0.0, Avg: 5.7, Max: 7.0, Diff: 7.0, Sum: 79.7]
         [Termination Attempts: Min: 1, Avg: 33.1, Max: 57, Diff: 56, Sum: 463]
      [GC Worker Other (ms): Min: 0.0, Avg: 0.0, Max: 0.0, Diff: 0.0, Sum: 0.1]
      [GC Worker Total (ms): Min: 7.6, Avg: 7.8, Max: 8.0, Diff: 0.4, Sum: 109.5]
      [GC Worker End (ms): Min: 267863989.5, Avg: 267863989.5, Max: 267863989.6, Diff: 0.1]
   [Code Root Fixup: 0.0 ms]
   [Code Root Purge: 0.0 ms]
   [Clear CT: 0.4 ms]
   [Other: 5.8 ms]
      [Choose CSet: 0.0 ms]
      [Ref Proc: 5.2 ms]
      [Ref Enq: 0.2 ms]
      [Redirty Cards: 0.2 ms]
      [Humongous Register: 0.0 ms]
      [Humongous Reclaim: 0.0 ms]
      [Free CSet: 0.1 ms]
   [Eden: 7152.0M(7152.0M)->0.0B(7152.0M) Survivors: 16384.0K->16384.0K Heap: 9969.7M(14336.0M)->2817.5M(14336.0M)]
 [Times: user=0.11 sys=0.00, real=0.01 secs] 
2022-11-08T21:04:50.795-0700: 268835.481: [GC pause (G1 Evacuation Pause) (young), 0.0095065 secs]
   [Parallel Time: 4.5 ms, GC Workers: 14]
      [GC Worker Start (ms): Min: 268835481.5, Avg: 268835481.7, Max: 268835481.9, Diff: 0.4]
      [Ext Root Scanning (ms): Min: 0.2, Avg: 0.6, Max: 4.0, Diff: 3.8, Sum: 8.8]
      [Update RS (ms): Min: 0.0, Avg: 0.1, Max: 0.2, Diff: 0.2, Sum: 1.5]
         [Processed Buffers: Min: 0, Avg: 11.4, Max: 27, Diff: 27, Sum: 159]
      [Scan RS (ms): Min: 0.0, Avg: 0.0, Max: 0.1, Diff: 0.1, Sum: 0.5]
      [Code Root Scanning (ms): Min: 0.0, Avg: 0.0, Max: 0.0, Diff: 0.0, Sum: 0.0]
      [Object Copy (ms): Min: 0.0, Avg: 0.3, Max: 0.4, Diff: 0.4, Sum: 4.0]
      [Termination (ms): Min: 0.0, Avg: 2.8, Max: 3.1, Diff: 3.1, Sum: 39.5]
         [Termination Attempts: Min: 1, Avg: 16.5, Max: 28, Diff: 27, Sum: 231]
      [GC Worker Other (ms): Min: 0.0, Avg: 0.0, Max: 0.0, Diff: 0.0, Sum: 0.1]
      [GC Worker Total (ms): Min: 3.6, Avg: 3.9, Max: 4.1, Diff: 0.4, Sum: 54.4]
      [GC Worker End (ms): Min: 268835485.6, Avg: 268835485.6, Max: 268835485.7, Diff: 0.1]
   [Code Root Fixup: 0.0 ms]
   [Code Root Purge: 0.0 ms]
   [Clear CT: 0.3 ms]
   [Other: 4.8 ms]
      [Choose CSet: 0.0 ms]
      [Ref Proc: 4.1 ms]
      [Ref Enq: 0.3 ms]
      [Redirty Cards: 0.2 ms]
      [Humongous Register: 0.0 ms]
      [Humongous Reclaim: 0.0 ms]
      [Free CSet: 0.1 ms]
   [Eden: 7152.0M(7152.0M)->0.0B(7152.0M) Survivors: 16384.0K->16384.0K Heap: 9969.5M(14336.0M)->2817.7M(14336.0M)]
 [Times: user=0.07 sys=0.00, real=0.01 secs] 
2022-11-08T21:21:12.963-0700: 269817.649: [GC pause (G1 Evacuation Pause) (young), 0.0109063 secs]
   [Parallel Time: 4.6 ms, GC Workers: 14]
      [GC Worker Start (ms): Min: 269817649.4, Avg: 269817649.6, Max: 269817649.8, Diff: 0.4]
      [Ext Root Scanning (ms): Min: 0.2, Avg: 0.7, Max: 4.2, Diff: 4.0, Sum: 9.4]
      [Update RS (ms): Min: 0.0, Avg: 0.1, Max: 0.3, Diff: 0.3, Sum: 1.6]
         [Processed Buffers: Min: 0, Avg: 10.8, Max: 38, Diff: 38, Sum: 151]
      [Scan RS (ms): Min: 0.0, Avg: 0.0, Max: 0.1, Diff: 0.1, Sum: 0.5]
      [Code Root Scanning (ms): Min: 0.0, Avg: 0.0, Max: 0.0, Diff: 0.0, Sum: 0.0]
      [Object Copy (ms): Min: 0.0, Avg: 0.3, Max: 0.4, Diff: 0.4, Sum: 4.4]
      [Termination (ms): Min: 0.0, Avg: 2.9, Max: 3.2, Diff: 3.2, Sum: 40.8]
         [Termination Attempts: Min: 1, Avg: 33.4, Max: 50, Diff: 49, Sum: 467]
      [GC Worker Other (ms): Min: 0.0, Avg: 0.0, Max: 0.0, Diff: 0.0, Sum: 0.1]
      [GC Worker Total (ms): Min: 3.9, Avg: 4.0, Max: 4.2, Diff: 0.4, Sum: 56.7]
      [GC Worker End (ms): Min: 269817653.6, Avg: 269817653.7, Max: 269817653.7, Diff: 0.0]
   [Code Root Fixup: 0.0 ms]
   [Code Root Purge: 0.0 ms]
   [Clear CT: 0.3 ms]
   [Other: 6.0 ms]
      [Choose CSet: 0.0 ms]
      [Ref Proc: 5.1 ms]
      [Ref Enq: 0.3 ms]
      [Redirty Cards: 0.2 ms]
      [Humongous Register: 0.0 ms]
      [Humongous Reclaim: 0.0 ms]
      [Free CSet: 0.1 ms]
   [Eden: 7152.0M(7152.0M)->0.0B(7152.0M) Survivors: 16384.0K->16384.0K Heap: 9969.7M(14336.0M)->2817.6M(14336.0M)]
 [Times: user=0.08 sys=0.00, real=0.00 secs] 
2022-11-08T21:37:40.395-0700: 270805.081: [GC pause (G1 Evacuation Pause) (young), 0.0089626 secs]
   [Parallel Time: 3.3 ms, GC Workers: 14]
      [GC Worker Start (ms): Min: 270805081.3, Avg: 270805081.5, Max: 270805081.8, Diff: 0.4]
      [Ext Root Scanning (ms): Min: 0.2, Avg: 0.6, Max: 2.9, Diff: 2.7, Sum: 9.0]
      [Update RS (ms): Min: 0.0, Avg: 0.1, Max: 0.4, Diff: 0.4, Sum: 1.6]
         [Processed Buffers: Min: 0, Avg: 11.2, Max: 40, Diff: 40, Sum: 157]
      [Scan RS (ms): Min: 0.0, Avg: 0.0, Max: 0.1, Diff: 0.1, Sum: 0.6]
      [Code Root Scanning (ms): Min: 0.0, Avg: 0.0, Max: 0.0, Diff: 0.0, Sum: 0.0]
      [Object Copy (ms): Min: 0.0, Avg: 0.3, Max: 0.3, Diff: 0.3, Sum: 3.7]
      [Termination (ms): Min: 0.0, Avg: 1.6, Max: 1.9, Diff: 1.9, Sum: 23.0]
         [Termination Attempts: Min: 1, Avg: 15.7, Max: 26, Diff: 25, Sum: 220]
      [GC Worker Other (ms): Min: 0.0, Avg: 0.0, Max: 0.0, Diff: 0.0, Sum: 0.1]
      [GC Worker Total (ms): Min: 2.5, Avg: 2.7, Max: 2.9, Diff: 0.4, Sum: 37.9]
      [GC Worker End (ms): Min: 270805084.2, Avg: 270805084.3, Max: 270805084.4, Diff: 0.1]
   [Code Root Fixup: 0.0 ms]
   [Code Root Purge: 0.0 ms]
   [Clear CT: 0.3 ms]
   [Other: 5.4 ms]
      [Choose CSet: 0.0 ms]
      [Ref Proc: 4.8 ms]
      [Ref Enq: 0.2 ms]
      [Redirty Cards: 0.2 ms]
      [Humongous Register: 0.0 ms]
      [Humongous Reclaim: 0.0 ms]
      [Free CSet: 0.1 ms]
   [Eden: 7152.0M(7152.0M)->0.0B(7152.0M) Survivors: 16384.0K->16384.0K Heap: 9969.6M(14336.0M)->2817.7M(14336.0M)]
 [Times: user=0.05 sys=0.00, real=0.01 secs] 
2022-11-08T21:53:55.746-0700: 271780.432: [GC pause (G1 Evacuation Pause) (young), 0.0160996 secs]
   [Parallel Time: 8.9 ms, GC Workers: 14]
      [GC Worker Start (ms): Min: 271780432.3, Avg: 271780432.5, Max: 271780432.7, Diff: 0.3]
      [Ext Root Scanning (ms): Min: 0.2, Avg: 0.7, Max: 4.1, Diff: 3.9, Sum: 9.7]
      [Update RS (ms): Min: 0.0, Avg: 0.1, Max: 0.3, Diff: 0.3, Sum: 1.5]
         [Processed Buffers: Min: 0, Avg: 11.8, Max: 36, Diff: 36, Sum: 165]
      [Scan RS (ms): Min: 0.0, Avg: 0.0, Max: 0.1, Diff: 0.1, Sum: 0.5]
      [Code Root Scanning (ms): Min: 0.0, Avg: 0.0, Max: 0.0, Diff: 0.0, Sum: 0.0]
      [Object Copy (ms): Min: 0.0, Avg: 1.9, Max: 7.6, Diff: 7.6, Sum: 26.6]
      [Termination (ms): Min: 0.0, Avg: 5.4, Max: 7.2, Diff: 7.2, Sum: 75.8]
         [Termination Attempts: Min: 1, Avg: 19.4, Max: 41, Diff: 40, Sum: 271]
      [GC Worker Other (ms): Min: 0.0, Avg: 0.0, Max: 0.0, Diff: 0.0, Sum: 0.1]
      [GC Worker Total (ms): Min: 8.0, Avg: 8.2, Max: 8.3, Diff: 0.3, Sum: 114.3]
      [GC Worker End (ms): Min: 271780440.7, Avg: 271780440.7, Max: 271780440.7, Diff: 0.1]
   [Code Root Fixup: 0.0 ms]
   [Code Root Purge: 0.0 ms]
   [Clear CT: 0.4 ms]
   [Other: 6.8 ms]
      [Choose CSet: 0.0 ms]
      [Ref Proc: 6.1 ms]
      [Ref Enq: 0.3 ms]
      [Redirty Cards: 0.3 ms]
      [Humongous Register: 0.0 ms]
      [Humongous Reclaim: 0.0 ms]
      [Free CSet: 0.1 ms]
   [Eden: 7152.0M(7152.0M)->0.0B(7152.0M) Survivors: 16384.0K->16384.0K Heap: 9969.7M(14336.0M)->2817.7M(14336.0M)]
 [Times: user=0.12 sys=0.00, real=0.01 secs] 
2022-11-08T22:10:18.895-0700: 272763.582: [GC pause (G1 Evacuation Pause) (young), 0.0132301 secs]
   [Parallel Time: 8.1 ms, GC Workers: 14]
      [GC Worker Start (ms): Min: 272763581.6, Avg: 272763581.8, Max: 272763581.9, Diff: 0.3]
      [Ext Root Scanning (ms): Min: 0.2, Avg: 0.7, Max: 4.3, Diff: 4.1, Sum: 9.5]
      [Update RS (ms): Min: 0.0, Avg: 0.6, Max: 7.2, Diff: 7.2, Sum: 8.8]
         [Processed Buffers: Min: 0, Avg: 11.4, Max: 30, Diff: 30, Sum: 160]
      [Scan RS (ms): Min: 0.0, Avg: 0.0, Max: 0.1, Diff: 0.1, Sum: 0.6]
      [Code Root Scanning (ms): Min: 0.0, Avg: 0.0, Max: 0.0, Diff: 0.0, Sum: 0.0]
      [Object Copy (ms): Min: 0.0, Avg: 0.2, Max: 0.3, Diff: 0.3, Sum: 3.2]
      [Termination (ms): Min: 0.0, Avg: 6.0, Max: 6.8, Diff: 6.8, Sum: 84.5]
         [Termination Attempts: Min: 1, Avg: 3.9, Max: 9, Diff: 8, Sum: 54]
      [GC Worker Other (ms): Min: 0.0, Avg: 0.0, Max: 0.0, Diff: 0.0, Sum: 0.1]
      [GC Worker Total (ms): Min: 7.4, Avg: 7.6, Max: 7.8, Diff: 0.3, Sum: 106.6]
      [GC Worker End (ms): Min: 272763589.4, Avg: 272763589.4, Max: 272763589.5, Diff: 0.1]
   [Code Root Fixup: 0.0 ms]
   [Code Root Purge: 0.0 ms]
   [Clear CT: 0.3 ms]
   [Other: 4.9 ms]
      [Choose CSet: 0.0 ms]
      [Ref Proc: 4.0 ms]
      [Ref Enq: 0.4 ms]
      [Redirty Cards: 0.2 ms]
      [Humongous Register: 0.0 ms]
      [Humongous Reclaim: 0.0 ms]
      [Free CSet: 0.1 ms]
   [Eden: 7152.0M(7152.0M)->0.0B(7152.0M) Survivors: 16384.0K->16384.0K Heap: 9969.7M(14336.0M)->2817.9M(14336.0M)]
 [Times: user=0.12 sys=0.00, real=0.01 secs] 
2022-11-08T22:26:29.903-0700: 273734.589: [GC pause (G1 Evacuation Pause) (young), 0.0143803 secs]
   [Parallel Time: 8.2 ms, GC Workers: 14]
      [GC Worker Start (ms): Min: 273734588.9, Avg: 273734589.0, Max: 273734589.2, Diff: 0.3]
      [Ext Root Scanning (ms): Min: 0.2, Avg: 0.7, Max: 4.5, Diff: 4.2, Sum: 9.6]
      [Update RS (ms): Min: 0.0, Avg: 0.1, Max: 0.3, Diff: 0.3, Sum: 1.5]
         [Processed Buffers: Min: 0, Avg: 11.4, Max: 40, Diff: 40, Sum: 160]
      [Scan RS (ms): Min: 0.0, Avg: 0.0, Max: 0.1, Diff: 0.1, Sum: 0.5]
      [Code Root Scanning (ms): Min: 0.0, Avg: 0.0, Max: 0.0, Diff: 0.0, Sum: 0.0]
      [Object Copy (ms): Min: 0.0, Avg: 1.8, Max: 7.1, Diff: 7.1, Sum: 25.0]
      [Termination (ms): Min: 0.0, Avg: 5.1, Max: 6.8, Diff: 6.8, Sum: 70.9]
         [Termination Attempts: Min: 1, Avg: 25.6, Max: 42, Diff: 41, Sum: 359]
      [GC Worker Other (ms): Min: 0.0, Avg: 0.0, Max: 0.0, Diff: 0.0, Sum: 0.1]
      [GC Worker Total (ms): Min: 7.5, Avg: 7.7, Max: 7.8, Diff: 0.4, Sum: 107.6]
      [GC Worker End (ms): Min: 273734596.7, Avg: 273734596.7, Max: 273734596.7, Diff: 0.1]
   [Code Root Fixup: 0.0 ms]
   [Code Root Purge: 0.0 ms]
   [Clear CT: 0.4 ms]
   [Other: 5.8 ms]
      [Choose CSet: 0.0 ms]
      [Ref Proc: 5.1 ms]
      [Ref Enq: 0.2 ms]
      [Redirty Cards: 0.2 ms]
      [Humongous Register: 0.0 ms]
      [Humongous Reclaim: 0.0 ms]
      [Free CSet: 0.1 ms]
   [Eden: 7152.0M(7152.0M)->0.0B(7152.0M) Survivors: 16384.0K->16384.0K Heap: 9969.9M(14336.0M)->2817.8M(14336.0M)]
 [Times: user=0.11 sys=0.00, real=0.01 secs] 
2022-11-08T22:42:54.946-0700: 274719.632: [GC pause (G1 Evacuation Pause) (young), 0.0099053 secs]
   [Parallel Time: 4.5 ms, GC Workers: 14]
      [GC Worker Start (ms): Min: 274719631.9, Avg: 274719632.0, Max: 274719632.1, Diff: 0.3]
      [Ext Root Scanning (ms): Min: 0.2, Avg: 0.7, Max: 4.2, Diff: 4.0, Sum: 9.3]
      [Update RS (ms): Min: 0.0, Avg: 0.1, Max: 0.3, Diff: 0.3, Sum: 1.6]
         [Processed Buffers: Min: 0, Avg: 11.6, Max: 42, Diff: 42, Sum: 163]
      [Scan RS (ms): Min: 0.0, Avg: 0.0, Max: 0.1, Diff: 0.1, Sum: 0.4]
      [Code Root Scanning (ms): Min: 0.0, Avg: 0.0, Max: 0.0, Diff: 0.0, Sum: 0.0]
      [Object Copy (ms): Min: 0.0, Avg: 0.3, Max: 0.3, Diff: 0.3, Sum: 3.7]
      [Termination (ms): Min: 0.0, Avg: 3.1, Max: 3.4, Diff: 3.4, Sum: 42.9]
         [Termination Attempts: Min: 1, Avg: 21.1, Max: 33, Diff: 32, Sum: 295]
      [GC Worker Other (ms): Min: 0.0, Avg: 0.0, Max: 0.0, Diff: 0.0, Sum: 0.2]
      [GC Worker Total (ms): Min: 4.0, Avg: 4.1, Max: 4.3, Diff: 0.3, Sum: 58.1]
      [GC Worker End (ms): Min: 274719636.1, Avg: 274719636.1, Max: 274719636.2, Diff: 0.1]
   [Code Root Fixup: 0.0 ms]
   [Code Root Purge: 0.0 ms]
   [Clear CT: 0.3 ms]
   [Other: 5.1 ms]
      [Choose CSet: 0.0 ms]
      [Ref Proc: 4.5 ms]
      [Ref Enq: 0.2 ms]
      [Redirty Cards: 0.2 ms]
      [Humongous Register: 0.0 ms]
      [Humongous Reclaim: 0.0 ms]
      [Free CSet: 0.1 ms]
   [Eden: 7152.0M(7152.0M)->0.0B(7152.0M) Survivors: 16384.0K->16384.0K Heap: 9969.8M(14336.0M)->2817.7M(14336.0M)]
 [Times: user=0.08 sys=0.00, real=0.01 secs] 
2022-11-08T22:59:08.148-0700: 275692.834: [GC pause (G1 Evacuation Pause) (young), 0.0149236 secs]
   [Parallel Time: 9.0 ms, GC Workers: 14]
      [GC Worker Start (ms): Min: 275692833.8, Avg: 275692834.0, Max: 275692834.2, Diff: 0.4]
      [Ext Root Scanning (ms): Min: 0.2, Avg: 0.7, Max: 4.2, Diff: 4.0, Sum: 10.5]
      [Update RS (ms): Min: 0.0, Avg: 0.1, Max: 0.3, Diff: 0.3, Sum: 1.6]
         [Processed Buffers: Min: 0, Avg: 11.6, Max: 44, Diff: 44, Sum: 163]
      [Scan RS (ms): Min: 0.0, Avg: 0.0, Max: 0.1, Diff: 0.1, Sum: 0.6]
      [Code Root Scanning (ms): Min: 0.0, Avg: 0.0, Max: 0.0, Diff: 0.0, Sum: 0.0]
      [Object Copy (ms): Min: 0.0, Avg: 0.8, Max: 7.5, Diff: 7.5, Sum: 11.0]
      [Termination (ms): Min: 0.0, Avg: 6.4, Max: 7.5, Diff: 7.5, Sum: 89.9]
         [Termination Attempts: Min: 1, Avg: 22.6, Max: 36, Diff: 35, Sum: 317]
      [GC Worker Other (ms): Min: 0.0, Avg: 0.0, Max: 0.0, Diff: 0.0, Sum: 0.1]
      [GC Worker Total (ms): Min: 7.9, Avg: 8.1, Max: 8.3, Diff: 0.4, Sum: 113.7]
      [GC Worker End (ms): Min: 275692842.1, Avg: 275692842.1, Max: 275692842.4, Diff: 0.3]
   [Code Root Fixup: 0.0 ms]
   [Code Root Purge: 0.0 ms]
   [Clear CT: 0.4 ms]
   [Other: 5.6 ms]
      [Choose CSet: 0.0 ms]
      [Ref Proc: 4.9 ms]
      [Ref Enq: 0.2 ms]
      [Redirty Cards: 0.2 ms]
      [Humongous Register: 0.0 ms]
      [Humongous Reclaim: 0.0 ms]
      [Free CSet: 0.1 ms]
   [Eden: 7152.0M(7152.0M)->0.0B(7152.0M) Survivors: 16384.0K->16384.0K Heap: 9969.7M(14336.0M)->2817.9M(14336.0M)]
 [Times: user=0.13 sys=0.00, real=0.02 secs] 
2022-11-08T23:15:33.946-0700: 276678.632: [GC pause (G1 Evacuation Pause) (young), 0.0099703 secs]
   [Parallel Time: 4.5 ms, GC Workers: 14]
      [GC Worker Start (ms): Min: 276678632.0, Avg: 276678632.1, Max: 276678632.2, Diff: 0.3]
      [Ext Root Scanning (ms): Min: 0.3, Avg: 0.7, Max: 4.1, Diff: 3.8, Sum: 9.8]
      [Update RS (ms): Min: 0.0, Avg: 0.1, Max: 0.4, Diff: 0.4, Sum: 1.7]
         [Processed Buffers: Min: 0, Avg: 10.2, Max: 35, Diff: 35, Sum: 143]
      [Scan RS (ms): Min: 0.0, Avg: 0.0, Max: 0.1, Diff: 0.1, Sum: 0.5]
      [Code Root Scanning (ms): Min: 0.0, Avg: 0.0, Max: 0.0, Diff: 0.0, Sum: 0.0]
      [Object Copy (ms): Min: 0.0, Avg: 0.3, Max: 0.3, Diff: 0.3, Sum: 3.6]
      [Termination (ms): Min: 0.0, Avg: 2.8, Max: 3.2, Diff: 3.2, Sum: 39.8]
         [Termination Attempts: Min: 1, Avg: 15.6, Max: 28, Diff: 27, Sum: 218]
      [GC Worker Other (ms): Min: 0.0, Avg: 0.0, Max: 0.0, Diff: 0.0, Sum: 0.1]
      [GC Worker Total (ms): Min: 3.8, Avg: 4.0, Max: 4.1, Diff: 0.3, Sum: 55.5]
      [GC Worker End (ms): Min: 276678636.1, Avg: 276678636.1, Max: 276678636.1, Diff: 0.1]
   [Code Root Fixup: 0.0 ms]
   [Code Root Purge: 0.0 ms]
   [Clear CT: 0.3 ms]
   [Other: 5.1 ms]
      [Choose CSet: 0.0 ms]
      [Ref Proc: 4.5 ms]
      [Ref Enq: 0.2 ms]
      [Redirty Cards: 0.2 ms]
      [Humongous Register: 0.0 ms]
      [Humongous Reclaim: 0.0 ms]
      [Free CSet: 0.1 ms]
   [Eden: 7152.0M(7152.0M)->0.0B(7152.0M) Survivors: 16384.0K->16384.0K Heap: 9969.9M(14336.0M)->2817.7M(14336.0M)]
 [Times: user=0.08 sys=0.00, real=0.01 secs] 
2022-11-08T23:32:06.995-0700: 277671.681: [GC pause (G1 Evacuation Pause) (young), 0.0105824 secs]
   [Parallel Time: 4.7 ms, GC Workers: 14]
      [GC Worker Start (ms): Min: 277671681.4, Avg: 277671681.5, Max: 277671681.6, Diff: 0.3]
      [Ext Root Scanning (ms): Min: 0.3, Avg: 0.7, Max: 4.2, Diff: 4.0, Sum: 10.1]
      [Update RS (ms): Min: 0.0, Avg: 0.1, Max: 0.3, Diff: 0.3, Sum: 1.6]
         [Processed Buffers: Min: 0, Avg: 10.6, Max: 32, Diff: 32, Sum: 149]
      [Scan RS (ms): Min: 0.0, Avg: 0.0, Max: 0.1, Diff: 0.1, Sum: 0.6]
      [Code Root Scanning (ms): Min: 0.0, Avg: 0.0, Max: 0.0, Diff: 0.0, Sum: 0.0]
      [Object Copy (ms): Min: 0.0, Avg: 0.3, Max: 0.3, Diff: 0.3, Sum: 3.6]
      [Termination (ms): Min: 0.0, Avg: 3.0, Max: 3.4, Diff: 3.4, Sum: 42.3]
         [Termination Attempts: Min: 1, Avg: 16.3, Max: 27, Diff: 26, Sum: 228]
      [GC Worker Other (ms): Min: 0.0, Avg: 0.0, Max: 0.0, Diff: 0.0, Sum: 0.1]
      [GC Worker Total (ms): Min: 4.0, Avg: 4.2, Max: 4.3, Diff: 0.3, Sum: 58.2]
      [GC Worker End (ms): Min: 277671685.6, Avg: 277671685.7, Max: 277671685.8, Diff: 0.1]
   [Code Root Fixup: 0.0 ms]
   [Code Root Purge: 0.0 ms]
   [Clear CT: 0.8 ms]
   [Other: 5.0 ms]
      [Choose CSet: 0.0 ms]
      [Ref Proc: 4.3 ms]
      [Ref Enq: 0.3 ms]
      [Redirty Cards: 0.2 ms]
      [Humongous Register: 0.0 ms]
      [Humongous Reclaim: 0.0 ms]
      [Free CSet: 0.1 ms]
   [Eden: 7152.0M(7152.0M)->0.0B(7152.0M) Survivors: 16384.0K->16384.0K Heap: 9969.7M(14336.0M)->2818.1M(14336.0M)]
 [Times: user=0.08 sys=0.00, real=0.01 secs] 
2022-11-08T23:48:25.095-0700: 278649.781: [GC pause (G1 Evacuation Pause) (young), 0.0106073 secs]
   [Parallel Time: 4.6 ms, GC Workers: 14]
      [GC Worker Start (ms): Min: 278649781.5, Avg: 278649781.7, Max: 278649781.9, Diff: 0.3]
      [Ext Root Scanning (ms): Min: 0.2, Avg: 0.7, Max: 4.1, Diff: 3.9, Sum: 9.7]
      [Update RS (ms): Min: 0.0, Avg: 0.1, Max: 0.3, Diff: 0.3, Sum: 1.5]
         [Processed Buffers: Min: 0, Avg: 11.3, Max: 42, Diff: 42, Sum: 158]
      [Scan RS (ms): Min: 0.0, Avg: 0.0, Max: 0.1, Diff: 0.1, Sum: 0.5]
      [Code Root Scanning (ms): Min: 0.0, Avg: 0.0, Max: 0.0, Diff: 0.0, Sum: 0.0]
      [Object Copy (ms): Min: 0.0, Avg: 0.3, Max: 0.6, Diff: 0.6, Sum: 4.5]
      [Termination (ms): Min: 0.0, Avg: 2.9, Max: 3.2, Diff: 3.2, Sum: 40.1]
         [Termination Attempts: Min: 1, Avg: 41.2, Max: 57, Diff: 56, Sum: 577]
      [GC Worker Other (ms): Min: 0.0, Avg: 0.0, Max: 0.0, Diff: 0.0, Sum: 0.1]
      [GC Worker Total (ms): Min: 3.8, Avg: 4.0, Max: 4.2, Diff: 0.3, Sum: 56.4]
      [GC Worker End (ms): Min: 278649785.7, Avg: 278649785.7, Max: 278649785.8, Diff: 0.1]
   [Code Root Fixup: 0.0 ms]
   [Code Root Purge: 0.0 ms]
   [Clear CT: 0.5 ms]
   [Other: 5.5 ms]
      [Choose CSet: 0.0 ms]
      [Ref Proc: 4.9 ms]
      [Ref Enq: 0.2 ms]
      [Redirty Cards: 0.2 ms]
      [Humongous Register: 0.0 ms]
      [Humongous Reclaim: 0.0 ms]
      [Free CSet: 0.1 ms]
   [Eden: 7152.0M(7152.0M)->0.0B(7152.0M) Survivors: 16384.0K->16384.0K Heap: 9970.1M(14336.0M)->2817.7M(14336.0M)]
 [Times: user=0.08 sys=0.00, real=0.01 secs] 
2022-11-09T00:04:56.996-0700: 279641.682: [GC pause (G1 Evacuation Pause) (young), 0.0105935 secs]
   [Parallel Time: 4.6 ms, GC Workers: 14]
      [GC Worker Start (ms): Min: 279641682.3, Avg: 279641682.6, Max: 279641682.7, Diff: 0.4]
      [Ext Root Scanning (ms): Min: 0.3, Avg: 0.7, Max: 4.1, Diff: 3.8, Sum: 10.3]
      [Update RS (ms): Min: 0.0, Avg: 0.1, Max: 0.3, Diff: 0.3, Sum: 1.6]
         [Processed Buffers: Min: 0, Avg: 11.0, Max: 28, Diff: 28, Sum: 154]
      [Scan RS (ms): Min: 0.0, Avg: 0.0, Max: 0.1, Diff: 0.1, Sum: 0.5]
      [Code Root Scanning (ms): Min: 0.0, Avg: 0.0, Max: 0.0, Diff: 0.0, Sum: 0.0]
      [Object Copy (ms): Min: 0.0, Avg: 0.3, Max: 0.4, Diff: 0.4, Sum: 4.3]
      [Termination (ms): Min: 0.0, Avg: 2.7, Max: 3.0, Diff: 3.0, Sum: 38.4]
         [Termination Attempts: Min: 1, Avg: 37.8, Max: 52, Diff: 51, Sum: 529]
      [GC Worker Other (ms): Min: 0.0, Avg: 0.0, Max: 0.0, Diff: 0.0, Sum: 0.1]
      [GC Worker Total (ms): Min: 3.8, Avg: 3.9, Max: 4.1, Diff: 0.4, Sum: 55.2]
      [GC Worker End (ms): Min: 279641686.5, Avg: 279641686.5, Max: 279641686.6, Diff: 0.1]
   [Code Root Fixup: 0.0 ms]
   [Code Root Purge: 0.0 ms]
   [Clear CT: 0.3 ms]
   [Other: 5.6 ms]
      [Choose CSet: 0.0 ms]
      [Ref Proc: 5.0 ms]
      [Ref Enq: 0.2 ms]
      [Redirty Cards: 0.2 ms]
      [Humongous Register: 0.0 ms]
      [Humongous Reclaim: 0.0 ms]
      [Free CSet: 0.1 ms]
   [Eden: 7152.0M(7152.0M)->0.0B(7152.0M) Survivors: 16384.0K->16384.0K Heap: 9969.7M(14336.0M)->2817.9M(14336.0M)]
 [Times: user=0.07 sys=0.00, real=0.01 secs] 
2022-11-09T00:21:20.745-0700: 280625.432: [GC pause (G1 Evacuation Pause) (young), 0.0110137 secs]
   [Parallel Time: 4.5 ms, GC Workers: 14]
      [GC Worker Start (ms): Min: 280625431.8, Avg: 280625431.9, Max: 280625432.1, Diff: 0.3]
      [Ext Root Scanning (ms): Min: 0.3, Avg: 0.7, Max: 4.2, Diff: 4.0, Sum: 10.0]
      [Update RS (ms): Min: 0.0, Avg: 0.1, Max: 0.4, Diff: 0.4, Sum: 1.7]
         [Processed Buffers: Min: 0, Avg: 11.1, Max: 40, Diff: 40, Sum: 156]
      [Scan RS (ms): Min: 0.0, Avg: 0.0, Max: 0.1, Diff: 0.1, Sum: 0.6]
      [Code Root Scanning (ms): Min: 0.0, Avg: 0.0, Max: 0.0, Diff: 0.0, Sum: 0.0]
      [Object Copy (ms): Min: 0.0, Avg: 0.3, Max: 0.4, Diff: 0.4, Sum: 4.9]
      [Termination (ms): Min: 0.0, Avg: 2.9, Max: 3.2, Diff: 3.2, Sum: 40.6]
         [Termination Attempts: Min: 1, Avg: 24.9, Max: 40, Diff: 39, Sum: 349]
      [GC Worker Other (ms): Min: 0.0, Avg: 0.0, Max: 0.0, Diff: 0.0, Sum: 0.1]
      [GC Worker Total (ms): Min: 4.0, Avg: 4.1, Max: 4.3, Diff: 0.3, Sum: 57.8]
      [GC Worker End (ms): Min: 280625436.0, Avg: 280625436.0, Max: 280625436.1, Diff: 0.1]
   [Code Root Fixup: 0.0 ms]
   [Code Root Purge: 0.0 ms]
   [Clear CT: 0.4 ms]
   [Other: 6.2 ms]
      [Choose CSet: 0.0 ms]
      [Ref Proc: 5.1 ms]
      [Ref Enq: 0.6 ms]
      [Redirty Cards: 0.2 ms]
      [Humongous Register: 0.0 ms]
      [Humongous Reclaim: 0.0 ms]
      [Free CSet: 0.1 ms]
   [Eden: 7152.0M(7152.0M)->0.0B(7152.0M) Survivors: 16384.0K->16384.0K Heap: 9969.9M(14336.0M)->2817.8M(14336.0M)]
 [Times: user=0.09 sys=0.00, real=0.01 secs] 
2022-11-09T00:37:50.145-0700: 281614.832: [GC pause (G1 Evacuation Pause) (young), 0.0089479 secs]
   [Parallel Time: 4.3 ms, GC Workers: 14]
      [GC Worker Start (ms): Min: 281614831.7, Avg: 281614831.9, Max: 281614832.0, Diff: 0.3]
      [Ext Root Scanning (ms): Min: 0.3, Avg: 0.7, Max: 4.1, Diff: 3.8, Sum: 10.0]
      [Update RS (ms): Min: 0.0, Avg: 0.1, Max: 0.3, Diff: 0.3, Sum: 1.4]
         [Processed Buffers: Min: 0, Avg: 10.6, Max: 34, Diff: 34, Sum: 149]
      [Scan RS (ms): Min: 0.0, Avg: 0.0, Max: 0.1, Diff: 0.0, Sum: 0.4]
      [Code Root Scanning (ms): Min: 0.0, Avg: 0.0, Max: 0.0, Diff: 0.0, Sum: 0.0]
      [Object Copy (ms): Min: 0.0, Avg: 0.3, Max: 0.4, Diff: 0.4, Sum: 4.2]
      [Termination (ms): Min: 0.0, Avg: 2.8, Max: 3.2, Diff: 3.2, Sum: 39.8]
         [Termination Attempts: Min: 1, Avg: 28.6, Max: 39, Diff: 38, Sum: 400]
      [GC Worker Other (ms): Min: 0.0, Avg: 0.0, Max: 0.0, Diff: 0.0, Sum: 0.1]
      [GC Worker Total (ms): Min: 3.8, Avg: 4.0, Max: 4.1, Diff: 0.3, Sum: 55.9]
      [GC Worker End (ms): Min: 281614835.8, Avg: 281614835.8, Max: 281614835.9, Diff: 0.1]
   [Code Root Fixup: 0.0 ms]
   [Code Root Purge: 0.0 ms]
   [Clear CT: 0.4 ms]
   [Other: 4.2 ms]
      [Choose CSet: 0.0 ms]
      [Ref Proc: 3.6 ms]
      [Ref Enq: 0.2 ms]
      [Redirty Cards: 0.2 ms]
      [Humongous Register: 0.0 ms]
      [Humongous Reclaim: 0.0 ms]
      [Free CSet: 0.1 ms]
   [Eden: 7152.0M(7152.0M)->0.0B(7152.0M) Survivors: 16384.0K->16384.0K Heap: 9969.8M(14336.0M)->2818.0M(14336.0M)]
 [Times: user=0.08 sys=0.00, real=0.01 secs] 
2022-11-09T00:54:15.995-0700: 282600.681: [GC pause (G1 Evacuation Pause) (young), 0.0093654 secs]
   [Parallel Time: 3.2 ms, GC Workers: 14]
      [GC Worker Start (ms): Min: 282600681.4, Avg: 282600681.6, Max: 282600681.8, Diff: 0.4]
      [Ext Root Scanning (ms): Min: 0.2, Avg: 0.6, Max: 2.8, Diff: 2.6, Sum: 8.3]
      [Update RS (ms): Min: 0.0, Avg: 0.1, Max: 0.3, Diff: 0.3, Sum: 1.6]
         [Processed Buffers: Min: 0, Avg: 11.6, Max: 37, Diff: 37, Sum: 162]
      [Scan RS (ms): Min: 0.0, Avg: 0.0, Max: 0.1, Diff: 0.1, Sum: 0.6]
      [Code Root Scanning (ms): Min: 0.0, Avg: 0.0, Max: 0.0, Diff: 0.0, Sum: 0.0]
      [Object Copy (ms): Min: 0.0, Avg: 0.3, Max: 0.4, Diff: 0.4, Sum: 4.1]
      [Termination (ms): Min: 0.0, Avg: 1.6, Max: 1.8, Diff: 1.8, Sum: 22.9]
         [Termination Attempts: Min: 1, Avg: 34.0, Max: 51, Diff: 50, Sum: 476]
      [GC Worker Other (ms): Min: 0.0, Avg: 0.0, Max: 0.0, Diff: 0.0, Sum: 0.1]
      [GC Worker Total (ms): Min: 2.5, Avg: 2.7, Max: 2.8, Diff: 0.4, Sum: 37.5]
      [GC Worker End (ms): Min: 282600684.2, Avg: 282600684.3, Max: 282600684.3, Diff: 0.1]
   [Code Root Fixup: 0.0 ms]
   [Code Root Purge: 0.0 ms]
   [Clear CT: 0.3 ms]
   [Other: 6.0 ms]
      [Choose CSet: 0.0 ms]
      [Ref Proc: 5.1 ms]
      [Ref Enq: 0.4 ms]
      [Redirty Cards: 0.3 ms]
      [Humongous Register: 0.0 ms]
      [Humongous Reclaim: 0.0 ms]
      [Free CSet: 0.1 ms]
   [Eden: 7152.0M(7152.0M)->0.0B(7152.0M) Survivors: 16384.0K->16384.0K Heap: 9970.0M(14336.0M)->2817.8M(14336.0M)]
 [Times: user=0.04 sys=0.02, real=0.01 secs] 
2022-11-09T01:10:48.546-0700: 283593.232: [GC pause (G1 Evacuation Pause) (young), 0.0112203 secs]
   [Parallel Time: 4.7 ms, GC Workers: 14]
      [GC Worker Start (ms): Min: 283593232.1, Avg: 283593232.2, Max: 283593232.4, Diff: 0.3]
      [Ext Root Scanning (ms): Min: 0.2, Avg: 0.7, Max: 4.2, Diff: 3.9, Sum: 10.1]
      [Update RS (ms): Min: 0.0, Avg: 0.1, Max: 0.3, Diff: 0.3, Sum: 1.6]
         [Processed Buffers: Min: 0, Avg: 10.8, Max: 25, Diff: 25, Sum: 151]
      [Scan RS (ms): Min: 0.0, Avg: 0.0, Max: 0.1, Diff: 0.1, Sum: 0.5]
      [Code Root Scanning (ms): Min: 0.0, Avg: 0.0, Max: 0.0, Diff: 0.0, Sum: 0.0]
      [Object Copy (ms): Min: 0.0, Avg: 0.4, Max: 0.5, Diff: 0.5, Sum: 5.0]
      [Termination (ms): Min: 0.0, Avg: 2.8, Max: 3.2, Diff: 3.2, Sum: 39.8]
         [Termination Attempts: Min: 1, Avg: 17.6, Max: 40, Diff: 39, Sum: 247]
      [GC Worker Other (ms): Min: 0.0, Avg: 0.0, Max: 0.0, Diff: 0.0, Sum: 0.1]
      [GC Worker Total (ms): Min: 3.9, Avg: 4.1, Max: 4.2, Diff: 0.3, Sum: 57.1]
      [GC Worker End (ms): Min: 283593236.3, Avg: 283593236.3, Max: 283593236.4, Diff: 0.1]
   [Code Root Fixup: 0.0 ms]
   [Code Root Purge: 0.0 ms]
   [Clear CT: 1.0 ms]
   [Other: 5.5 ms]
      [Choose CSet: 0.0 ms]
      [Ref Proc: 4.7 ms]
      [Ref Enq: 0.3 ms]
      [Redirty Cards: 0.3 ms]
      [Humongous Register: 0.0 ms]
      [Humongous Reclaim: 0.0 ms]
      [Free CSet: 0.1 ms]
   [Eden: 7152.0M(7152.0M)->0.0B(7152.0M) Survivors: 16384.0K->16384.0K Heap: 9969.8M(14336.0M)->2817.7M(14336.0M)]
 [Times: user=0.08 sys=0.00, real=0.01 secs] 
2022-11-09T01:27:07.195-0700: 284571.881: [GC pause (G1 Evacuation Pause) (young), 0.0097433 secs]
   [Parallel Time: 5.0 ms, GC Workers: 14]
      [GC Worker Start (ms): Min: 284571881.5, Avg: 284571881.7, Max: 284571881.9, Diff: 0.3]
      [Ext Root Scanning (ms): Min: 0.3, Avg: 0.7, Max: 4.2, Diff: 3.9, Sum: 10.1]
      [Update RS (ms): Min: 0.0, Avg: 0.1, Max: 0.3, Diff: 0.3, Sum: 1.8]
         [Processed Buffers: Min: 0, Avg: 11.6, Max: 34, Diff: 34, Sum: 163]
      [Scan RS (ms): Min: 0.0, Avg: 0.0, Max: 0.1, Diff: 0.1, Sum: 0.5]
      [Code Root Scanning (ms): Min: 0.0, Avg: 0.0, Max: 0.0, Diff: 0.0, Sum: 0.0]
      [Object Copy (ms): Min: 0.0, Avg: 0.3, Max: 0.4, Diff: 0.3, Sum: 3.7]
      [Termination (ms): Min: 0.0, Avg: 2.9, Max: 3.3, Diff: 3.3, Sum: 41.0]
         [Termination Attempts: Min: 1, Avg: 10.2, Max: 17, Diff: 16, Sum: 143]
      [GC Worker Other (ms): Min: 0.0, Avg: 0.0, Max: 0.0, Diff: 0.0, Sum: 0.1]
      [GC Worker Total (ms): Min: 3.9, Avg: 4.1, Max: 4.3, Diff: 0.4, Sum: 57.1]
      [GC Worker End (ms): Min: 284571885.8, Avg: 284571885.8, Max: 284571885.9, Diff: 0.1]
   [Code Root Fixup: 0.0 ms]
   [Code Root Purge: 0.0 ms]
   [Clear CT: 0.4 ms]
   [Other: 4.4 ms]
      [Choose CSet: 0.0 ms]
      [Ref Proc: 3.8 ms]
      [Ref Enq: 0.2 ms]
      [Redirty Cards: 0.2 ms]
      [Humongous Register: 0.0 ms]
      [Humongous Reclaim: 0.0 ms]
      [Free CSet: 0.1 ms]
   [Eden: 7152.0M(7152.0M)->0.0B(7152.0M) Survivors: 16384.0K->16384.0K Heap: 9969.7M(14336.0M)->2818.0M(14336.0M)]
 [Times: user=0.08 sys=0.00, real=0.01 secs] 
2022-11-09T01:43:25.645-0700: 285550.331: [GC pause (G1 Evacuation Pause) (young), 0.0149754 secs]
   [Parallel Time: 5.7 ms, GC Workers: 14]
      [GC Worker Start (ms): Min: 285550331.3, Avg: 285550331.5, Max: 285550331.7, Diff: 0.4]
      [Ext Root Scanning (ms): Min: 0.2, Avg: 0.6, Max: 2.9, Diff: 2.7, Sum: 8.1]
      [Update RS (ms): Min: 0.0, Avg: 0.1, Max: 0.3, Diff: 0.3, Sum: 1.6]
         [Processed Buffers: Min: 0, Avg: 12.0, Max: 32, Diff: 32, Sum: 168]
      [Scan RS (ms): Min: 0.0, Avg: 0.0, Max: 0.1, Diff: 0.1, Sum: 0.6]
      [Code Root Scanning (ms): Min: 0.0, Avg: 0.0, Max: 0.0, Diff: 0.0, Sum: 0.0]
      [Object Copy (ms): Min: 0.0, Avg: 0.9, Max: 4.7, Diff: 4.7, Sum: 12.4]
      [Termination (ms): Min: 0.0, Avg: 3.7, Max: 4.5, Diff: 4.5, Sum: 51.7]
         [Termination Attempts: Min: 1, Avg: 11.9, Max: 24, Diff: 23, Sum: 166]
      [GC Worker Other (ms): Min: 0.0, Avg: 0.0, Max: 0.0, Diff: 0.0, Sum: 0.1]
      [GC Worker Total (ms): Min: 5.0, Avg: 5.3, Max: 5.5, Diff: 0.5, Sum: 74.4]
      [GC Worker End (ms): Min: 285550336.7, Avg: 285550336.8, Max: 285550336.8, Diff: 0.1]
   [Code Root Fixup: 0.0 ms]
   [Code Root Purge: 0.0 ms]
   [Clear CT: 0.4 ms]
   [Other: 8.8 ms]
      [Choose CSet: 0.0 ms]
      [Ref Proc: 7.7 ms]
      [Ref Enq: 0.2 ms]
      [Redirty Cards: 0.7 ms]
      [Humongous Register: 0.0 ms]
      [Humongous Reclaim: 0.0 ms]
      [Free CSet: 0.1 ms]
   [Eden: 7152.0M(7152.0M)->0.0B(7152.0M) Survivors: 16384.0K->16384.0K Heap: 9970.0M(14336.0M)->2817.9M(14336.0M)]
 [Times: user=0.09 sys=0.00, real=0.01 secs] 
2022-11-09T01:59:47.346-0700: 286532.032: [GC pause (G1 Evacuation Pause) (young), 0.0105857 secs]
   [Parallel Time: 4.9 ms, GC Workers: 14]
      [GC Worker Start (ms): Min: 286532031.8, Avg: 286532032.0, Max: 286532032.1, Diff: 0.3]
      [Ext Root Scanning (ms): Min: 0.3, Avg: 0.7, Max: 4.1, Diff: 3.8, Sum: 9.5]
      [Update RS (ms): Min: 0.0, Avg: 0.1, Max: 0.3, Diff: 0.3, Sum: 1.5]
         [Processed Buffers: Min: 0, Avg: 11.9, Max: 37, Diff: 37, Sum: 167]
      [Scan RS (ms): Min: 0.0, Avg: 0.0, Max: 0.1, Diff: 0.1, Sum: 0.5]
      [Code Root Scanning (ms): Min: 0.0, Avg: 0.0, Max: 0.0, Diff: 0.0, Sum: 0.0]
      [Object Copy (ms): Min: 0.0, Avg: 0.6, Max: 4.1, Diff: 4.1, Sum: 8.1]
      [Termination (ms): Min: 0.0, Avg: 3.3, Max: 3.8, Diff: 3.8, Sum: 46.1]
         [Termination Attempts: Min: 1, Avg: 11.1, Max: 25, Diff: 24, Sum: 155]
      [GC Worker Other (ms): Min: 0.0, Avg: 0.0, Max: 0.0, Diff: 0.0, Sum: 0.1]
      [GC Worker Total (ms): Min: 4.5, Avg: 4.7, Max: 4.9, Diff: 0.4, Sum: 65.8]
      [GC Worker End (ms): Min: 286532036.6, Avg: 286532036.7, Max: 286532036.7, Diff: 0.0]
   [Code Root Fixup: 0.0 ms]
   [Code Root Purge: 0.0 ms]
   [Clear CT: 0.3 ms]
   [Other: 5.3 ms]
      [Choose CSet: 0.0 ms]
      [Ref Proc: 4.7 ms]
      [Ref Enq: 0.2 ms]
      [Redirty Cards: 0.2 ms]
      [Humongous Register: 0.0 ms]
      [Humongous Reclaim: 0.0 ms]
      [Free CSet: 0.1 ms]
   [Eden: 7152.0M(7152.0M)->0.0B(7152.0M) Survivors: 16384.0K->16384.0K Heap: 9969.9M(14336.0M)->2817.9M(14336.0M)]
 [Times: user=0.08 sys=0.00, real=0.01 secs] 
2022-11-09T02:16:07.945-0700: 287512.632: [GC pause (G1 Evacuation Pause) (young), 0.0123310 secs]
   [Parallel Time: 5.5 ms, GC Workers: 14]
      [GC Worker Start (ms): Min: 287512631.7, Avg: 287512631.9, Max: 287512632.0, Diff: 0.4]
      [Ext Root Scanning (ms): Min: 0.2, Avg: 0.7, Max: 4.1, Diff: 3.9, Sum: 9.9]
      [Update RS (ms): Min: 0.0, Avg: 0.1, Max: 0.3, Diff: 0.3, Sum: 1.4]
         [Processed Buffers: Min: 0, Avg: 11.4, Max: 39, Diff: 39, Sum: 160]
      [Scan RS (ms): Min: 0.0, Avg: 0.0, Max: 0.1, Diff: 0.1, Sum: 0.5]
      [Code Root Scanning (ms): Min: 0.0, Avg: 0.0, Max: 0.0, Diff: 0.0, Sum: 0.0]
      [Object Copy (ms): Min: 0.0, Avg: 0.6, Max: 4.3, Diff: 4.3, Sum: 8.1]
      [Termination (ms): Min: 0.0, Avg: 3.4, Max: 4.0, Diff: 4.0, Sum: 48.1]
         [Termination Attempts: Min: 1, Avg: 29.4, Max: 50, Diff: 49, Sum: 412]
      [GC Worker Other (ms): Min: 0.0, Avg: 0.0, Max: 0.0, Diff: 0.0, Sum: 0.1]
      [GC Worker Total (ms): Min: 4.7, Avg: 4.9, Max: 5.0, Diff: 0.4, Sum: 68.2]
      [GC Worker End (ms): Min: 287512636.7, Avg: 287512636.7, Max: 287512636.8, Diff: 0.1]
   [Code Root Fixup: 0.0 ms]
   [Code Root Purge: 0.0 ms]
   [Clear CT: 0.5 ms]
   [Other: 6.3 ms]
      [Choose CSet: 0.0 ms]
      [Ref Proc: 5.5 ms]
      [Ref Enq: 0.3 ms]
      [Redirty Cards: 0.2 ms]
      [Humongous Register: 0.0 ms]
      [Humongous Reclaim: 0.0 ms]
      [Free CSet: 0.2 ms]
   [Eden: 7152.0M(7152.0M)->0.0B(7152.0M) Survivors: 16384.0K->16384.0K Heap: 9969.9M(14336.0M)->2818.0M(14336.0M)]
 [Times: user=0.09 sys=0.00, real=0.01 secs] 
2022-11-09T02:32:15.417-0700: 288480.103: [GC pause (G1 Evacuation Pause) (young), 0.0105759 secs]
   [Parallel Time: 4.4 ms, GC Workers: 14]
      [GC Worker Start (ms): Min: 288480102.9, Avg: 288480103.0, Max: 288480103.2, Diff: 0.4]
      [Ext Root Scanning (ms): Min: 0.2, Avg: 0.7, Max: 4.1, Diff: 3.9, Sum: 9.8]
      [Update RS (ms): Min: 0.0, Avg: 0.1, Max: 0.3, Diff: 0.3, Sum: 1.6]
         [Processed Buffers: Min: 0, Avg: 11.2, Max: 34, Diff: 34, Sum: 157]
      [Scan RS (ms): Min: 0.0, Avg: 0.0, Max: 0.1, Diff: 0.0, Sum: 0.4]
      [Code Root Scanning (ms): Min: 0.0, Avg: 0.0, Max: 0.0, Diff: 0.0, Sum: 0.0]
      [Object Copy (ms): Min: 0.0, Avg: 0.3, Max: 0.4, Diff: 0.4, Sum: 4.9]
      [Termination (ms): Min: 0.0, Avg: 2.8, Max: 3.1, Diff: 3.1, Sum: 38.9]
         [Termination Attempts: Min: 1, Avg: 38.4, Max: 60, Diff: 59, Sum: 537]
      [GC Worker Other (ms): Min: 0.0, Avg: 0.0, Max: 0.0, Diff: 0.0, Sum: 0.1]
      [GC Worker Total (ms): Min: 3.8, Avg: 4.0, Max: 4.2, Diff: 0.4, Sum: 55.6]
      [GC Worker End (ms): Min: 288480107.0, Avg: 288480107.0, Max: 288480107.1, Diff: 0.2]
   [Code Root Fixup: 0.0 ms]
   [Code Root Purge: 0.0 ms]
   [Clear CT: 0.4 ms]
   [Other: 5.7 ms]
      [Choose CSet: 0.0 ms]
      [Ref Proc: 5.1 ms]
      [Ref Enq: 0.2 ms]
      [Redirty Cards: 0.2 ms]
      [Humongous Register: 0.0 ms]
      [Humongous Reclaim: 0.0 ms]
      [Free CSet: 0.1 ms]
   [Eden: 7152.0M(7152.0M)->0.0B(7152.0M) Survivors: 16384.0K->16384.0K Heap: 9970.0M(14336.0M)->2817.9M(14336.0M)]
 [Times: user=0.08 sys=0.00, real=0.01 secs] 
2022-11-09T02:48:41.445-0700: 289466.131: [GC pause (G1 Evacuation Pause) (young), 0.0106522 secs]
   [Parallel Time: 4.8 ms, GC Workers: 14]
      [GC Worker Start (ms): Min: 289466131.1, Avg: 289466131.3, Max: 289466131.5, Diff: 0.4]
      [Ext Root Scanning (ms): Min: 0.2, Avg: 0.7, Max: 4.2, Diff: 4.0, Sum: 9.2]
      [Update RS (ms): Min: 0.0, Avg: 0.1, Max: 0.3, Diff: 0.3, Sum: 1.6]
         [Processed Buffers: Min: 0, Avg: 10.9, Max: 36, Diff: 36, Sum: 152]
      [Scan RS (ms): Min: 0.0, Avg: 0.0, Max: 0.1, Diff: 0.1, Sum: 0.5]
      [Code Root Scanning (ms): Min: 0.0, Avg: 0.0, Max: 0.0, Diff: 0.0, Sum: 0.0]
      [Object Copy (ms): Min: 0.0, Avg: 0.3, Max: 0.4, Diff: 0.4, Sum: 4.1]
      [Termination (ms): Min: 0.0, Avg: 2.9, Max: 3.2, Diff: 3.2, Sum: 40.9]
         [Termination Attempts: Min: 1, Avg: 36.0, Max: 49, Diff: 48, Sum: 504]
      [GC Worker Other (ms): Min: 0.0, Avg: 0.0, Max: 0.0, Diff: 0.0, Sum: 0.1]
      [GC Worker Total (ms): Min: 3.9, Avg: 4.0, Max: 4.3, Diff: 0.4, Sum: 56.3]
      [GC Worker End (ms): Min: 289466135.3, Avg: 289466135.4, Max: 289466135.4, Diff: 0.1]
   [Code Root Fixup: 0.0 ms]
   [Code Root Purge: 0.0 ms]
   [Clear CT: 0.4 ms]
   [Other: 5.5 ms]
      [Choose CSet: 0.0 ms]
      [Ref Proc: 4.8 ms]
      [Ref Enq: 0.3 ms]
      [Redirty Cards: 0.2 ms]
      [Humongous Register: 0.0 ms]
      [Humongous Reclaim: 0.0 ms]
      [Free CSet: 0.1 ms]
   [Eden: 7152.0M(7152.0M)->0.0B(7152.0M) Survivors: 16384.0K->16384.0K Heap: 9969.9M(14336.0M)->2818.1M(14336.0M)]
 [Times: user=0.08 sys=0.00, real=0.01 secs] 
2022-11-09T03:04:54.946-0700: 290439.632: [GC pause (G1 Evacuation Pause) (young), 0.0157608 secs]
   [Parallel Time: 9.3 ms, GC Workers: 14]
      [GC Worker Start (ms): Min: 290439632.0, Avg: 290439632.2, Max: 290439632.4, Diff: 0.4]
      [Ext Root Scanning (ms): Min: 0.2, Avg: 0.7, Max: 4.2, Diff: 4.0, Sum: 9.4]
      [Update RS (ms): Min: 0.0, Avg: 0.1, Max: 0.3, Diff: 0.3, Sum: 1.5]
         [Processed Buffers: Min: 0, Avg: 10.9, Max: 37, Diff: 37, Sum: 153]
      [Scan RS (ms): Min: 0.0, Avg: 0.0, Max: 0.1, Diff: 0.1, Sum: 0.6]
      [Code Root Scanning (ms): Min: 0.0, Avg: 0.0, Max: 0.0, Diff: 0.0, Sum: 0.0]
      [Object Copy (ms): Min: 0.0, Avg: 1.5, Max: 7.9, Diff: 7.9, Sum: 20.7]
      [Termination (ms): Min: 0.0, Avg: 6.2, Max: 7.6, Diff: 7.6, Sum: 86.5]
         [Termination Attempts: Min: 1, Avg: 77.3, Max: 146, Diff: 145, Sum: 1082]
      [GC Worker Other (ms): Min: 0.0, Avg: 0.0, Max: 0.0, Diff: 0.0, Sum: 0.1]
      [GC Worker Total (ms): Min: 8.3, Avg: 8.5, Max: 8.8, Diff: 0.5, Sum: 118.8]
      [GC Worker End (ms): Min: 290439640.7, Avg: 290439640.7, Max: 290439640.8, Diff: 0.1]
   [Code Root Fixup: 0.0 ms]
   [Code Root Purge: 0.0 ms]
   [Clear CT: 0.3 ms]
   [Other: 6.2 ms]
      [Choose CSet: 0.0 ms]
      [Ref Proc: 5.5 ms]
      [Ref Enq: 0.2 ms]
      [Redirty Cards: 0.2 ms]
      [Humongous Register: 0.0 ms]
      [Humongous Reclaim: 0.0 ms]
      [Free CSet: 0.1 ms]
   [Eden: 7152.0M(7152.0M)->0.0B(7152.0M) Survivors: 16384.0K->16384.0K Heap: 9970.1M(14336.0M)->2818.0M(14336.0M)]
 [Times: user=0.13 sys=0.00, real=0.01 secs] 
2022-11-09T03:21:08.896-0700: 291413.582: [GC pause (G1 Evacuation Pause) (young), 0.0114367 secs]
   [Parallel Time: 4.4 ms, GC Workers: 14]
      [GC Worker Start (ms): Min: 291413581.8, Avg: 291413582.0, Max: 291413582.1, Diff: 0.3]
      [Ext Root Scanning (ms): Min: 0.3, Avg: 0.7, Max: 4.2, Diff: 3.9, Sum: 9.8]
      [Update RS (ms): Min: 0.0, Avg: 0.1, Max: 0.3, Diff: 0.3, Sum: 1.8]
         [Processed Buffers: Min: 0, Avg: 11.0, Max: 28, Diff: 28, Sum: 154]
      [Scan RS (ms): Min: 0.0, Avg: 0.0, Max: 0.1, Diff: 0.1, Sum: 0.5]
      [Code Root Scanning (ms): Min: 0.0, Avg: 0.0, Max: 0.0, Diff: 0.0, Sum: 0.0]
      [Object Copy (ms): Min: 0.0, Avg: 0.3, Max: 0.4, Diff: 0.4, Sum: 4.6]
      [Termination (ms): Min: 0.0, Avg: 2.9, Max: 3.2, Diff: 3.2, Sum: 40.6]
         [Termination Attempts: Min: 1, Avg: 47.9, Max: 70, Diff: 69, Sum: 671]
      [GC Worker Other (ms): Min: 0.0, Avg: 0.0, Max: 0.0, Diff: 0.0, Sum: 0.1]
      [GC Worker Total (ms): Min: 4.0, Avg: 4.1, Max: 4.3, Diff: 0.3, Sum: 57.4]
      [GC Worker End (ms): Min: 291413586.0, Avg: 291413586.1, Max: 291413586.1, Diff: 0.1]
   [Code Root Fixup: 0.0 ms]
   [Code Root Purge: 0.0 ms]
   [Clear CT: 0.3 ms]
   [Other: 6.7 ms]
      [Choose CSet: 0.0 ms]
      [Ref Proc: 6.0 ms]
      [Ref Enq: 0.2 ms]
      [Redirty Cards: 0.2 ms]
      [Humongous Register: 0.0 ms]
      [Humongous Reclaim: 0.0 ms]
      [Free CSet: 0.1 ms]
   [Eden: 7152.0M(7152.0M)->0.0B(7152.0M) Survivors: 16384.0K->16384.0K Heap: 9970.0M(14336.0M)->2817.8M(14336.0M)]
 [Times: user=0.09 sys=0.00, real=0.01 secs] 
2022-11-09T03:37:22.146-0700: 292386.832: [GC pause (G1 Evacuation Pause) (young), 0.0105828 secs]
   [Parallel Time: 5.3 ms, GC Workers: 14]
      [GC Worker Start (ms): Min: 292386831.7, Avg: 292386831.9, Max: 292386832.0, Diff: 0.3]
      [Ext Root Scanning (ms): Min: 0.2, Avg: 0.7, Max: 4.1, Diff: 3.9, Sum: 9.9]
      [Update RS (ms): Min: 0.0, Avg: 0.1, Max: 0.3, Diff: 0.3, Sum: 1.5]
         [Processed Buffers: Min: 0, Avg: 10.9, Max: 43, Diff: 43, Sum: 153]
      [Scan RS (ms): Min: 0.0, Avg: 0.0, Max: 0.1, Diff: 0.1, Sum: 0.6]
      [Code Root Scanning (ms): Min: 0.0, Avg: 0.0, Max: 0.0, Diff: 0.0, Sum: 0.0]
      [Object Copy (ms): Min: 0.0, Avg: 0.9, Max: 4.2, Diff: 4.2, Sum: 13.0]
      [Termination (ms): Min: 0.0, Avg: 3.0, Max: 3.9, Diff: 3.9, Sum: 42.1]
         [Termination Attempts: Min: 1, Avg: 52.3, Max: 89, Diff: 88, Sum: 732]
      [GC Worker Other (ms): Min: 0.0, Avg: 0.0, Max: 0.0, Diff: 0.0, Sum: 0.1]
      [GC Worker Total (ms): Min: 4.6, Avg: 4.8, Max: 4.9, Diff: 0.3, Sum: 67.1]
      [GC Worker End (ms): Min: 292386836.7, Avg: 292386836.7, Max: 292386836.8, Diff: 0.1]
   [Code Root Fixup: 0.0 ms]
   [Code Root Purge: 0.0 ms]
   [Clear CT: 0.4 ms]
   [Other: 4.9 ms]
      [Choose CSet: 0.0 ms]
      [Ref Proc: 4.2 ms]
      [Ref Enq: 0.2 ms]
      [Redirty Cards: 0.2 ms]
      [Humongous Register: 0.0 ms]
      [Humongous Reclaim: 0.0 ms]
      [Free CSet: 0.1 ms]
   [Eden: 7152.0M(7152.0M)->0.0B(7152.0M) Survivors: 16384.0K->16384.0K Heap: 9969.8M(14336.0M)->2818.1M(14336.0M)]
 [Times: user=0.08 sys=0.00, real=0.01 secs] 
2022-11-09T03:53:33.445-0700: 293358.131: [GC pause (G1 Evacuation Pause) (young), 0.0119383 secs]
   [Parallel Time: 6.1 ms, GC Workers: 14]
      [GC Worker Start (ms): Min: 293358131.3, Avg: 293358131.5, Max: 293358131.6, Diff: 0.3]
      [Ext Root Scanning (ms): Min: 0.2, Avg: 0.7, Max: 4.1, Diff: 3.9, Sum: 9.2]
      [Update RS (ms): Min: 0.0, Avg: 0.1, Max: 0.3, Diff: 0.3, Sum: 1.6]
         [Processed Buffers: Min: 0, Avg: 11.9, Max: 44, Diff: 44, Sum: 166]
      [Scan RS (ms): Min: 0.0, Avg: 0.0, Max: 0.1, Diff: 0.1, Sum: 0.4]
      [Code Root Scanning (ms): Min: 0.0, Avg: 0.0, Max: 0.0, Diff: 0.0, Sum: 0.0]
      [Object Copy (ms): Min: 0.0, Avg: 1.0, Max: 5.0, Diff: 5.0, Sum: 13.7]
      [Termination (ms): Min: 0.0, Avg: 3.8, Max: 4.7, Diff: 4.7, Sum: 52.9]
         [Termination Attempts: Min: 1, Avg: 20.4, Max: 45, Diff: 44, Sum: 286]
      [GC Worker Other (ms): Min: 0.0, Avg: 0.0, Max: 0.2, Diff: 0.2, Sum: 0.2]
      [GC Worker Total (ms): Min: 5.4, Avg: 5.6, Max: 5.8, Diff: 0.4, Sum: 78.0]
      [GC Worker End (ms): Min: 293358137.0, Avg: 293358137.0, Max: 293358137.2, Diff: 0.2]
   [Code Root Fixup: 0.0 ms]
   [Code Root Purge: 0.0 ms]
   [Clear CT: 0.3 ms]
   [Other: 5.5 ms]
      [Choose CSet: 0.0 ms]
      [Ref Proc: 4.8 ms]
      [Ref Enq: 0.3 ms]
      [Redirty Cards: 0.2 ms]
      [Humongous Register: 0.0 ms]
      [Humongous Reclaim: 0.0 ms]
      [Free CSet: 0.1 ms]
   [Eden: 7152.0M(7152.0M)->0.0B(7152.0M) Survivors: 16384.0K->16384.0K Heap: 9970.1M(14336.0M)->2818.0M(14336.0M)]
 [Times: user=0.09 sys=0.00, real=0.01 secs] 
2022-11-09T04:09:53.445-0700: 294338.132: [GC pause (G1 Evacuation Pause) (young), 0.0103155 secs]
   [Parallel Time: 4.5 ms, GC Workers: 14]
      [GC Worker Start (ms): Min: 294338131.6, Avg: 294338131.7, Max: 294338131.9, Diff: 0.4]
      [Ext Root Scanning (ms): Min: 0.2, Avg: 0.7, Max: 4.1, Diff: 3.9, Sum: 9.6]
      [Update RS (ms): Min: 0.0, Avg: 0.1, Max: 0.3, Diff: 0.3, Sum: 1.6]
         [Processed Buffers: Min: 0, Avg: 11.4, Max: 32, Diff: 32, Sum: 159]
      [Scan RS (ms): Min: 0.0, Avg: 0.0, Max: 0.1, Diff: 0.1, Sum: 0.5]
      [Code Root Scanning (ms): Min: 0.0, Avg: 0.0, Max: 0.0, Diff: 0.0, Sum: 0.0]
      [Object Copy (ms): Min: 0.0, Avg: 0.3, Max: 0.3, Diff: 0.3, Sum: 3.7]
      [Termination (ms): Min: 0.0, Avg: 2.9, Max: 3.2, Diff: 3.2, Sum: 40.4]
         [Termination Attempts: Min: 1, Avg: 38.3, Max: 58, Diff: 57, Sum: 536]
      [GC Worker Other (ms): Min: 0.0, Avg: 0.0, Max: 0.0, Diff: 0.0, Sum: 0.1]
      [GC Worker Total (ms): Min: 3.8, Avg: 4.0, Max: 4.2, Diff: 0.4, Sum: 55.8]
      [GC Worker End (ms): Min: 294338135.7, Avg: 294338135.7, Max: 294338135.8, Diff: 0.1]
   [Code Root Fixup: 0.0 ms]
   [Code Root Purge: 0.0 ms]
   [Clear CT: 0.3 ms]
   [Other: 5.5 ms]
      [Choose CSet: 0.0 ms]
      [Ref Proc: 4.8 ms]
      [Ref Enq: 0.2 ms]
      [Redirty Cards: 0.2 ms]
      [Humongous Register: 0.0 ms]
      [Humongous Reclaim: 0.0 ms]
      [Free CSet: 0.2 ms]
   [Eden: 7152.0M(7152.0M)->0.0B(7152.0M) Survivors: 16384.0K->16384.0K Heap: 9970.0M(14336.0M)->2818.1M(14336.0M)]
 [Times: user=0.08 sys=0.00, real=0.01 secs] 
2022-11-09T04:26:09.645-0700: 295314.331: [GC pause (G1 Evacuation Pause) (young), 0.0112192 secs]
   [Parallel Time: 4.6 ms, GC Workers: 14]
      [GC Worker Start (ms): Min: 295314331.5, Avg: 295314331.7, Max: 295314331.9, Diff: 0.4]
      [Ext Root Scanning (ms): Min: 0.2, Avg: 0.7, Max: 4.0, Diff: 3.8, Sum: 9.7]
      [Update RS (ms): Min: 0.0, Avg: 0.1, Max: 0.3, Diff: 0.3, Sum: 1.7]
         [Processed Buffers: Min: 0, Avg: 10.7, Max: 35, Diff: 35, Sum: 150]
      [Scan RS (ms): Min: 0.0, Avg: 0.0, Max: 0.1, Diff: 0.1, Sum: 0.5]
      [Code Root Scanning (ms): Min: 0.0, Avg: 0.0, Max: 0.0, Diff: 0.0, Sum: 0.0]
      [Object Copy (ms): Min: 0.0, Avg: 0.3, Max: 0.4, Diff: 0.4, Sum: 4.5]
      [Termination (ms): Min: 0.0, Avg: 2.7, Max: 3.0, Diff: 3.0, Sum: 37.5]
         [Termination Attempts: Min: 1, Avg: 38.3, Max: 56, Diff: 55, Sum: 536]
      [GC Worker Other (ms): Min: 0.0, Avg: 0.0, Max: 0.0, Diff: 0.0, Sum: 0.1]
      [GC Worker Total (ms): Min: 3.6, Avg: 3.9, Max: 4.0, Diff: 0.4, Sum: 54.0]
      [GC Worker End (ms): Min: 295314335.5, Avg: 295314335.6, Max: 295314335.6, Diff: 0.1]
   [Code Root Fixup: 0.0 ms]
   [Code Root Purge: 0.0 ms]
   [Clear CT: 0.2 ms]
   [Other: 6.4 ms]
      [Choose CSet: 0.0 ms]
      [Ref Proc: 5.7 ms]
      [Ref Enq: 0.3 ms]
      [Redirty Cards: 0.2 ms]
      [Humongous Register: 0.0 ms]
      [Humongous Reclaim: 0.0 ms]
      [Free CSet: 0.1 ms]
   [Eden: 7152.0M(7152.0M)->0.0B(7152.0M) Survivors: 16384.0K->16384.0K Heap: 9970.1M(14336.0M)->2818.0M(14336.0M)]
 [Times: user=0.08 sys=0.00, real=0.01 secs] 
2022-11-09T04:42:33.895-0700: 296298.581: [GC pause (G1 Evacuation Pause) (young), 0.0129497 secs]
   [Parallel Time: 5.5 ms, GC Workers: 14]
      [GC Worker Start (ms): Min: 296298581.4, Avg: 296298581.6, Max: 296298581.8, Diff: 0.4]
      [Ext Root Scanning (ms): Min: 0.1, Avg: 0.7, Max: 5.1, Diff: 4.9, Sum: 10.2]
      [Update RS (ms): Min: 0.0, Avg: 0.1, Max: 0.3, Diff: 0.3, Sum: 1.5]
         [Processed Buffers: Min: 0, Avg: 11.9, Max: 35, Diff: 35, Sum: 167]
      [Scan RS (ms): Min: 0.0, Avg: 0.0, Max: 0.1, Diff: 0.1, Sum: 0.6]
      [Code Root Scanning (ms): Min: 0.0, Avg: 0.0, Max: 0.0, Diff: 0.0, Sum: 0.0]
      [Object Copy (ms): Min: 0.0, Avg: 0.3, Max: 0.4, Diff: 0.4, Sum: 4.2]
      [Termination (ms): Min: 0.0, Avg: 3.8, Max: 4.2, Diff: 4.2, Sum: 52.6]
         [Termination Attempts: Min: 1, Avg: 37.1, Max: 52, Diff: 51, Sum: 519]
      [GC Worker Other (ms): Min: 0.0, Avg: 0.0, Max: 0.0, Diff: 0.0, Sum: 0.1]
      [GC Worker Total (ms): Min: 4.7, Avg: 4.9, Max: 5.1, Diff: 0.4, Sum: 69.2]
      [GC Worker End (ms): Min: 296298586.5, Avg: 296298586.5, Max: 296298586.6, Diff: 0.1]
   [Code Root Fixup: 0.0 ms]
   [Code Root Purge: 0.0 ms]
   [Clear CT: 0.4 ms]
   [Other: 7.0 ms]
      [Choose CSet: 0.0 ms]
      [Ref Proc: 6.3 ms]
      [Ref Enq: 0.3 ms]
      [Redirty Cards: 0.2 ms]
      [Humongous Register: 0.0 ms]
      [Humongous Reclaim: 0.0 ms]
      [Free CSet: 0.1 ms]
   [Eden: 7152.0M(7152.0M)->0.0B(7152.0M) Survivors: 16384.0K->16384.0K Heap: 9970.0M(14336.0M)->2818.2M(14336.0M)]
 [Times: user=0.10 sys=0.00, real=0.01 secs] 
2022-11-09T04:58:40.445-0700: 297265.131: [GC pause (G1 Evacuation Pause) (young), 0.0109486 secs]
   [Parallel Time: 4.6 ms, GC Workers: 14]
      [GC Worker Start (ms): Min: 297265131.5, Avg: 297265131.6, Max: 297265131.9, Diff: 0.4]
      [Ext Root Scanning (ms): Min: 0.1, Avg: 0.6, Max: 4.1, Diff: 4.0, Sum: 9.0]
      [Update RS (ms): Min: 0.0, Avg: 0.1, Max: 0.3, Diff: 0.3, Sum: 1.5]
         [Processed Buffers: Min: 0, Avg: 12.0, Max: 33, Diff: 33, Sum: 168]
      [Scan RS (ms): Min: 0.0, Avg: 0.0, Max: 0.1, Diff: 0.1, Sum: 0.5]
      [Code Root Scanning (ms): Min: 0.0, Avg: 0.0, Max: 0.0, Diff: 0.0, Sum: 0.0]
      [Object Copy (ms): Min: 0.0, Avg: 0.3, Max: 0.4, Diff: 0.4, Sum: 4.2]
      [Termination (ms): Min: 0.0, Avg: 2.9, Max: 3.2, Diff: 3.2, Sum: 40.8]
         [Termination Attempts: Min: 1, Avg: 35.7, Max: 51, Diff: 50, Sum: 500]
      [GC Worker Other (ms): Min: 0.0, Avg: 0.0, Max: 0.0, Diff: 0.0, Sum: 0.1]
      [GC Worker Total (ms): Min: 3.7, Avg: 4.0, Max: 4.1, Diff: 0.4, Sum: 56.2]
      [GC Worker End (ms): Min: 297265135.6, Avg: 297265135.6, Max: 297265135.7, Diff: 0.1]
   [Code Root Fixup: 0.0 ms]
   [Code Root Purge: 0.0 ms]
   [Clear CT: 0.5 ms]
   [Other: 5.8 ms]
      [Choose CSet: 0.0 ms]
      [Ref Proc: 5.1 ms]
      [Ref Enq: 0.3 ms]
      [Redirty Cards: 0.2 ms]
      [Humongous Register: 0.0 ms]
      [Humongous Reclaim: 0.0 ms]
      [Free CSet: 0.2 ms]
   [Eden: 7152.0M(7152.0M)->0.0B(7152.0M) Survivors: 16384.0K->16384.0K Heap: 9970.2M(14336.0M)->2818.0M(14336.0M)]
 [Times: user=0.08 sys=0.00, real=0.01 secs] 
2022-11-09T05:14:59.145-0700: 298243.832: [GC pause (G1 Evacuation Pause) (young), 0.0100114 secs]
   [Parallel Time: 4.4 ms, GC Workers: 14]
      [GC Worker Start (ms): Min: 298243831.6, Avg: 298243831.8, Max: 298243831.9, Diff: 0.3]
      [Ext Root Scanning (ms): Min: 0.2, Avg: 0.7, Max: 4.0, Diff: 3.8, Sum: 9.5]
      [Update RS (ms): Min: 0.0, Avg: 0.1, Max: 0.3, Diff: 0.3, Sum: 1.4]
         [Processed Buffers: Min: 0, Avg: 11.6, Max: 39, Diff: 39, Sum: 162]
      [Scan RS (ms): Min: 0.0, Avg: 0.0, Max: 0.1, Diff: 0.1, Sum: 0.6]
      [Code Root Scanning (ms): Min: 0.0, Avg: 0.0, Max: 0.0, Diff: 0.0, Sum: 0.0]
      [Object Copy (ms): Min: 0.0, Avg: 0.3, Max: 0.4, Diff: 0.4, Sum: 4.6]
      [Termination (ms): Min: 0.0, Avg: 2.8, Max: 3.1, Diff: 3.1, Sum: 38.9]
         [Termination Attempts: Min: 1, Avg: 11.6, Max: 19, Diff: 18, Sum: 162]
      [GC Worker Other (ms): Min: 0.0, Avg: 0.0, Max: 0.0, Diff: 0.0, Sum: 0.1]
      [GC Worker Total (ms): Min: 3.8, Avg: 3.9, Max: 4.1, Diff: 0.3, Sum: 55.0]
      [GC Worker End (ms): Min: 298243835.7, Avg: 298243835.7, Max: 298243835.8, Diff: 0.1]
   [Code Root Fixup: 0.0 ms]
   [Code Root Purge: 0.0 ms]
   [Clear CT: 0.2 ms]
   [Other: 5.4 ms]
      [Choose CSet: 0.0 ms]
      [Ref Proc: 4.8 ms]
      [Ref Enq: 0.3 ms]
      [Redirty Cards: 0.2 ms]
      [Humongous Register: 0.0 ms]
      [Humongous Reclaim: 0.0 ms]
      [Free CSet: 0.1 ms]
   [Eden: 7152.0M(7152.0M)->0.0B(7152.0M) Survivors: 16384.0K->16384.0K Heap: 9970.0M(14336.0M)->2818.4M(14336.0M)]
 [Times: user=0.07 sys=0.00, real=0.01 secs] 
2022-11-09T05:31:18.546-0700: 299223.232: [GC pause (G1 Evacuation Pause) (young), 0.0110331 secs]
   [Parallel Time: 4.4 ms, GC Workers: 14]
      [GC Worker Start (ms): Min: 299223231.9, Avg: 299223232.0, Max: 299223232.2, Diff: 0.3]
      [Ext Root Scanning (ms): Min: 0.2, Avg: 0.7, Max: 4.0, Diff: 3.7, Sum: 9.2]
      [Update RS (ms): Min: 0.0, Avg: 0.1, Max: 0.3, Diff: 0.3, Sum: 1.6]
         [Processed Buffers: Min: 0, Avg: 11.2, Max: 44, Diff: 44, Sum: 157]
      [Scan RS (ms): Min: 0.0, Avg: 0.0, Max: 0.1, Diff: 0.0, Sum: 0.5]
      [Code Root Scanning (ms): Min: 0.0, Avg: 0.0, Max: 0.0, Diff: 0.0, Sum: 0.0]
      [Object Copy (ms): Min: 0.0, Avg: 0.3, Max: 0.4, Diff: 0.4, Sum: 4.0]
      [Termination (ms): Min: 0.0, Avg: 2.8, Max: 3.1, Diff: 3.1, Sum: 39.1]
         [Termination Attempts: Min: 1, Avg: 17.7, Max: 29, Diff: 28, Sum: 248]
      [GC Worker Other (ms): Min: 0.0, Avg: 0.0, Max: 0.0, Diff: 0.0, Sum: 0.1]
      [GC Worker Total (ms): Min: 3.7, Avg: 3.9, Max: 4.1, Diff: 0.4, Sum: 54.3]
      [GC Worker End (ms): Min: 299223235.8, Avg: 299223235.9, Max: 299223236.0, Diff: 0.1]
   [Code Root Fixup: 0.0 ms]
   [Code Root Purge: 0.0 ms]
   [Clear CT: 0.4 ms]
   [Other: 6.2 ms]
      [Choose CSet: 0.0 ms]
      [Ref Proc: 5.5 ms]
      [Ref Enq: 0.2 ms]
      [Redirty Cards: 0.2 ms]
      [Humongous Register: 0.0 ms]
      [Humongous Reclaim: 0.0 ms]
      [Free CSet: 0.1 ms]
   [Eden: 7152.0M(7152.0M)->0.0B(7152.0M) Survivors: 16384.0K->16384.0K Heap: 9970.4M(14336.0M)->2818.1M(14336.0M)]
 [Times: user=0.08 sys=0.00, real=0.01 secs] 
2022-11-09T05:47:44.346-0700: 300209.032: [GC pause (G1 Evacuation Pause) (young), 0.0102353 secs]
   [Parallel Time: 4.4 ms, GC Workers: 14]
      [GC Worker Start (ms): Min: 300209031.8, Avg: 300209032.0, Max: 300209032.1, Diff: 0.3]
      [Ext Root Scanning (ms): Min: 0.2, Avg: 0.7, Max: 4.0, Diff: 3.8, Sum: 9.3]
      [Update RS (ms): Min: 0.0, Avg: 0.1, Max: 0.3, Diff: 0.3, Sum: 1.6]
         [Processed Buffers: Min: 0, Avg: 10.7, Max: 32, Diff: 32, Sum: 150]
      [Scan RS (ms): Min: 0.0, Avg: 0.0, Max: 0.1, Diff: 0.0, Sum: 0.5]
      [Code Root Scanning (ms): Min: 0.0, Avg: 0.0, Max: 0.0, Diff: 0.0, Sum: 0.0]
      [Object Copy (ms): Min: 0.0, Avg: 0.3, Max: 0.4, Diff: 0.4, Sum: 3.9]
      [Termination (ms): Min: 0.0, Avg: 2.8, Max: 3.1, Diff: 3.1, Sum: 39.3]
         [Termination Attempts: Min: 1, Avg: 16.4, Max: 28, Diff: 27, Sum: 230]
      [GC Worker Other (ms): Min: 0.0, Avg: 0.0, Max: 0.0, Diff: 0.0, Sum: 0.1]
      [GC Worker Total (ms): Min: 3.7, Avg: 3.9, Max: 4.1, Diff: 0.4, Sum: 54.7]
      [GC Worker End (ms): Min: 300209035.8, Avg: 300209035.9, Max: 300209036.0, Diff: 0.1]
   [Code Root Fixup: 0.0 ms]
   [Code Root Purge: 0.0 ms]
   [Clear CT: 0.2 ms]
   [Other: 5.6 ms]
      [Choose CSet: 0.0 ms]
      [Ref Proc: 4.8 ms]
      [Ref Enq: 0.3 ms]
      [Redirty Cards: 0.2 ms]
      [Humongous Register: 0.0 ms]
      [Humongous Reclaim: 0.0 ms]
      [Free CSet: 0.1 ms]
   [Eden: 7152.0M(7152.0M)->0.0B(7152.0M) Survivors: 16384.0K->16384.0K Heap: 9970.1M(14336.0M)->2818.3M(14336.0M)]
 [Times: user=0.08 sys=0.00, real=0.01 secs] 
2022-11-09T06:04:01.045-0700: 301185.732: [GC pause (G1 Evacuation Pause) (young), 0.0109187 secs]
   [Parallel Time: 4.6 ms, GC Workers: 14]
      [GC Worker Start (ms): Min: 301185731.7, Avg: 301185732.0, Max: 301185732.2, Diff: 0.4]
      [Ext Root Scanning (ms): Min: 0.2, Avg: 0.7, Max: 4.1, Diff: 3.8, Sum: 9.5]
      [Update RS (ms): Min: 0.0, Avg: 0.1, Max: 0.3, Diff: 0.3, Sum: 1.6]
         [Processed Buffers: Min: 0, Avg: 11.6, Max: 33, Diff: 33, Sum: 163]
      [Scan RS (ms): Min: 0.0, Avg: 0.0, Max: 0.1, Diff: 0.1, Sum: 0.5]
      [Code Root Scanning (ms): Min: 0.0, Avg: 0.0, Max: 0.0, Diff: 0.0, Sum: 0.0]
      [Object Copy (ms): Min: 0.0, Avg: 0.3, Max: 0.4, Diff: 0.4, Sum: 4.9]
      [Termination (ms): Min: 0.0, Avg: 2.7, Max: 2.9, Diff: 2.9, Sum: 37.5]
         [Termination Attempts: Min: 1, Avg: 28.3, Max: 59, Diff: 58, Sum: 396]
      [GC Worker Other (ms): Min: 0.0, Avg: 0.0, Max: 0.0, Diff: 0.0, Sum: 0.1]
      [GC Worker Total (ms): Min: 3.7, Avg: 3.9, Max: 4.1, Diff: 0.4, Sum: 54.1]
      [GC Worker End (ms): Min: 301185735.8, Avg: 301185735.8, Max: 301185735.9, Diff: 0.1]
   [Code Root Fixup: 0.0 ms]
   [Code Root Purge: 0.0 ms]
   [Clear CT: 0.2 ms]
   [Other: 6.1 ms]
      [Choose CSet: 0.0 ms]
      [Ref Proc: 5.3 ms]
      [Ref Enq: 0.3 ms]
      [Redirty Cards: 0.2 ms]
      [Humongous Register: 0.0 ms]
      [Humongous Reclaim: 0.0 ms]
      [Free CSet: 0.1 ms]
   [Eden: 7152.0M(7152.0M)->0.0B(7152.0M) Survivors: 16384.0K->16384.0K Heap: 9970.3M(14336.0M)->2818.1M(14336.0M)]
 [Times: user=0.08 sys=0.00, real=0.01 secs] 
2022-11-09T06:20:12.896-0700: 302157.582: [GC pause (G1 Evacuation Pause) (young), 0.0117873 secs]
   [Parallel Time: 6.5 ms, GC Workers: 14]
      [GC Worker Start (ms): Min: 302157582.5, Avg: 302157582.6, Max: 302157582.8, Diff: 0.3]
      [Ext Root Scanning (ms): Min: 0.2, Avg: 0.7, Max: 4.0, Diff: 3.7, Sum: 9.2]
      [Update RS (ms): Min: 0.0, Avg: 0.1, Max: 0.3, Diff: 0.3, Sum: 1.5]
         [Processed Buffers: Min: 0, Avg: 10.6, Max: 29, Diff: 29, Sum: 148]
      [Scan RS (ms): Min: 0.0, Avg: 0.0, Max: 0.1, Diff: 0.1, Sum: 0.5]
      [Code Root Scanning (ms): Min: 0.0, Avg: 0.0, Max: 0.0, Diff: 0.0, Sum: 0.0]
      [Object Copy (ms): Min: 0.0, Avg: 0.6, Max: 5.5, Diff: 5.5, Sum: 8.8]
      [Termination (ms): Min: 0.0, Avg: 4.7, Max: 5.3, Diff: 5.3, Sum: 65.5]
         [Termination Attempts: Min: 1, Avg: 16.3, Max: 30, Diff: 29, Sum: 228]
      [GC Worker Other (ms): Min: 0.0, Avg: 0.0, Max: 0.0, Diff: 0.0, Sum: 0.1]
      [GC Worker Total (ms): Min: 5.9, Avg: 6.1, Max: 6.3, Diff: 0.3, Sum: 85.7]
      [GC Worker End (ms): Min: 302157588.7, Avg: 302157588.7, Max: 302157588.8, Diff: 0.1]
   [Code Root Fixup: 0.0 ms]
   [Code Root Purge: 0.0 ms]
   [Clear CT: 0.4 ms]
   [Other: 5.0 ms]
      [Choose CSet: 0.0 ms]
      [Ref Proc: 4.3 ms]
      [Ref Enq: 0.2 ms]
      [Redirty Cards: 0.2 ms]
      [Humongous Register: 0.0 ms]
      [Humongous Reclaim: 0.0 ms]
      [Free CSet: 0.1 ms]
   [Eden: 7152.0M(7152.0M)->0.0B(7152.0M) Survivors: 16384.0K->16384.0K Heap: 9970.1M(14336.0M)->2818.0M(14336.0M)]
 [Times: user=0.10 sys=0.00, real=0.01 secs] 
2022-11-09T06:36:47.146-0700: 303151.832: [GC pause (G1 Evacuation Pause) (young), 0.0091043 secs]
   [Parallel Time: 4.5 ms, GC Workers: 14]
      [GC Worker Start (ms): Min: 303151832.0, Avg: 303151832.2, Max: 303151832.3, Diff: 0.3]
      [Ext Root Scanning (ms): Min: 0.2, Avg: 0.7, Max: 4.2, Diff: 3.9, Sum: 10.0]
      [Update RS (ms): Min: 0.0, Avg: 0.1, Max: 0.3, Diff: 0.3, Sum: 1.6]
         [Processed Buffers: Min: 0, Avg: 11.1, Max: 29, Diff: 29, Sum: 156]
      [Scan RS (ms): Min: 0.0, Avg: 0.0, Max: 0.1, Diff: 0.1, Sum: 0.5]
      [Code Root Scanning (ms): Min: 0.0, Avg: 0.0, Max: 0.0, Diff: 0.0, Sum: 0.0]
      [Object Copy (ms): Min: 0.0, Avg: 0.3, Max: 0.4, Diff: 0.4, Sum: 4.2]
      [Termination (ms): Min: 0.0, Avg: 2.9, Max: 3.2, Diff: 3.2, Sum: 40.0]
         [Termination Attempts: Min: 1, Avg: 36.7, Max: 50, Diff: 49, Sum: 514]
      [GC Worker Other (ms): Min: 0.0, Avg: 0.0, Max: 0.0, Diff: 0.0, Sum: 0.1]
      [GC Worker Total (ms): Min: 3.8, Avg: 4.0, Max: 4.2, Diff: 0.4, Sum: 56.5]
      [GC Worker End (ms): Min: 303151836.2, Avg: 303151836.2, Max: 303151836.3, Diff: 0.1]
   [Code Root Fixup: 0.0 ms]
   [Code Root Purge: 0.0 ms]
   [Clear CT: 0.3 ms]
   [Other: 4.2 ms]
      [Choose CSet: 0.0 ms]
      [Ref Proc: 3.6 ms]
      [Ref Enq: 0.2 ms]
      [Redirty Cards: 0.2 ms]
      [Humongous Register: 0.0 ms]
      [Humongous Reclaim: 0.0 ms]
      [Free CSet: 0.1 ms]
   [Eden: 7152.0M(7152.0M)->0.0B(7152.0M) Survivors: 16384.0K->16384.0K Heap: 9970.0M(14336.0M)->2818.4M(14336.0M)]
 [Times: user=0.08 sys=0.00, real=0.01 secs] 
2022-11-09T06:53:13.646-0700: 304138.332: [GC pause (G1 Evacuation Pause) (young), 0.0116773 secs]
   [Parallel Time: 4.5 ms, GC Workers: 14]
      [GC Worker Start (ms): Min: 304138332.2, Avg: 304138332.4, Max: 304138332.6, Diff: 0.4]
      [Ext Root Scanning (ms): Min: 0.2, Avg: 0.6, Max: 4.0, Diff: 3.8, Sum: 9.1]
      [Update RS (ms): Min: 0.0, Avg: 0.1, Max: 0.2, Diff: 0.2, Sum: 1.6]
         [Processed Buffers: Min: 0, Avg: 11.9, Max: 37, Diff: 37, Sum: 167]
      [Scan RS (ms): Min: 0.0, Avg: 0.0, Max: 0.1, Diff: 0.1, Sum: 0.5]
      [Code Root Scanning (ms): Min: 0.0, Avg: 0.0, Max: 0.0, Diff: 0.0, Sum: 0.0]
      [Object Copy (ms): Min: 0.0, Avg: 0.3, Max: 0.4, Diff: 0.4, Sum: 4.7]
      [Termination (ms): Min: 0.0, Avg: 2.8, Max: 3.0, Diff: 3.0, Sum: 38.7]
         [Termination Attempts: Min: 1, Avg: 37.5, Max: 50, Diff: 49, Sum: 525]
      [GC Worker Other (ms): Min: 0.0, Avg: 0.0, Max: 0.0, Diff: 0.0, Sum: 0.1]
      [GC Worker Total (ms): Min: 3.7, Avg: 3.9, Max: 4.0, Diff: 0.4, Sum: 54.5]
      [GC Worker End (ms): Min: 304138336.3, Avg: 304138336.3, Max: 304138336.3, Diff: 0.1]
   [Code Root Fixup: 0.0 ms]
   [Code Root Purge: 0.0 ms]
   [Clear CT: 0.2 ms]
   [Other: 6.9 ms]
      [Choose CSet: 0.0 ms]
      [Ref Proc: 6.1 ms]
      [Ref Enq: 0.3 ms]
      [Redirty Cards: 0.2 ms]
      [Humongous Register: 0.0 ms]
      [Humongous Reclaim: 0.0 ms]
      [Free CSet: 0.1 ms]
   [Eden: 7152.0M(7152.0M)->0.0B(7152.0M) Survivors: 16384.0K->16384.0K Heap: 9970.4M(14336.0M)->2818.2M(14336.0M)]
 [Times: user=0.08 sys=0.00, real=0.01 secs] 
2022-11-09T07:09:39.531-0700: 305124.217: [GC pause (G1 Evacuation Pause) (young), 0.0099246 secs]
   [Parallel Time: 4.8 ms, GC Workers: 14]
      [GC Worker Start (ms): Min: 305124216.9, Avg: 305124217.0, Max: 305124217.1, Diff: 0.2]
      [Ext Root Scanning (ms): Min: 0.3, Avg: 0.7, Max: 4.1, Diff: 3.9, Sum: 9.8]
      [Update RS (ms): Min: 0.0, Avg: 0.1, Max: 0.4, Diff: 0.4, Sum: 1.8]
         [Processed Buffers: Min: 0, Avg: 11.1, Max: 29, Diff: 29, Sum: 156]
      [Scan RS (ms): Min: 0.0, Avg: 0.0, Max: 0.1, Diff: 0.1, Sum: 0.6]
      [Code Root Scanning (ms): Min: 0.0, Avg: 0.0, Max: 0.0, Diff: 0.0, Sum: 0.0]
      [Object Copy (ms): Min: 0.0, Avg: 0.3, Max: 0.4, Diff: 0.4, Sum: 4.3]
      [Termination (ms): Min: 0.0, Avg: 2.9, Max: 3.2, Diff: 3.2, Sum: 40.4]
         [Termination Attempts: Min: 1, Avg: 25.9, Max: 39, Diff: 38, Sum: 363]
      [GC Worker Other (ms): Min: 0.0, Avg: 0.0, Max: 0.0, Diff: 0.0, Sum: 0.1]
      [GC Worker Total (ms): Min: 3.9, Avg: 4.1, Max: 4.2, Diff: 0.2, Sum: 57.0]
      [GC Worker End (ms): Min: 305124221.1, Avg: 305124221.1, Max: 305124221.1, Diff: 0.1]
   [Code Root Fixup: 0.0 ms]
   [Code Root Purge: 0.0 ms]
   [Clear CT: 0.2 ms]
   [Other: 4.9 ms]
      [Choose CSet: 0.0 ms]
      [Ref Proc: 4.1 ms]
      [Ref Enq: 0.3 ms]
      [Redirty Cards: 0.2 ms]
      [Humongous Register: 0.0 ms]
      [Humongous Reclaim: 0.0 ms]
      [Free CSet: 0.1 ms]
   [Eden: 7152.0M(7152.0M)->0.0B(7152.0M) Survivors: 16384.0K->16384.0K Heap: 9970.2M(14336.0M)->2818.4M(14336.0M)]
 [Times: user=0.08 sys=0.00, real=0.01 secs] 
2022-11-09T07:25:57.245-0700: 306101.931: [GC pause (G1 Evacuation Pause) (young), 0.0118397 secs]
   [Parallel Time: 4.6 ms, GC Workers: 14]
      [GC Worker Start (ms): Min: 306101931.3, Avg: 306101931.4, Max: 306101931.7, Diff: 0.4]
      [Ext Root Scanning (ms): Min: 0.2, Avg: 0.7, Max: 4.1, Diff: 3.9, Sum: 9.6]
      [Update RS (ms): Min: 0.0, Avg: 0.1, Max: 0.3, Diff: 0.3, Sum: 1.5]
         [Processed Buffers: Min: 0, Avg: 10.7, Max: 34, Diff: 34, Sum: 150]
      [Scan RS (ms): Min: 0.0, Avg: 0.0, Max: 0.1, Diff: 0.0, Sum: 0.5]
      [Code Root Scanning (ms): Min: 0.0, Avg: 0.0, Max: 0.0, Diff: 0.0, Sum: 0.0]
      [Object Copy (ms): Min: 0.0, Avg: 0.3, Max: 0.4, Diff: 0.4, Sum: 4.4]
      [Termination (ms): Min: 0.0, Avg: 2.8, Max: 3.1, Diff: 3.1, Sum: 39.4]
         [Termination Attempts: Min: 1, Avg: 45.7, Max: 59, Diff: 58, Sum: 640]
      [GC Worker Other (ms): Min: 0.0, Avg: 0.0, Max: 0.0, Diff: 0.0, Sum: 0.1]
      [GC Worker Total (ms): Min: 3.7, Avg: 4.0, Max: 4.1, Diff: 0.4, Sum: 55.4]
      [GC Worker End (ms): Min: 306101935.3, Avg: 306101935.4, Max: 306101935.5, Diff: 0.1]
   [Code Root Fixup: 0.0 ms]
   [Code Root Purge: 0.0 ms]
   [Clear CT: 0.7 ms]
   [Other: 6.5 ms]
      [Choose CSet: 0.0 ms]
      [Ref Proc: 5.8 ms]
      [Ref Enq: 0.3 ms]
      [Redirty Cards: 0.2 ms]
      [Humongous Register: 0.0 ms]
      [Humongous Reclaim: 0.0 ms]
      [Free CSet: 0.2 ms]
   [Eden: 7152.0M(7152.0M)->0.0B(7152.0M) Survivors: 16384.0K->16384.0K Heap: 9970.4M(14336.0M)->2818.2M(14336.0M)]
 [Times: user=0.09 sys=0.00, real=0.01 secs] 
2022-11-09T07:42:15.546-0700: 307080.232: [GC pause (G1 Evacuation Pause) (young), 0.0091492 secs]
   [Parallel Time: 4.8 ms, GC Workers: 14]
      [GC Worker Start (ms): Min: 307080232.1, Avg: 307080232.2, Max: 307080232.3, Diff: 0.2]
      [Ext Root Scanning (ms): Min: 0.3, Avg: 0.7, Max: 4.0, Diff: 3.7, Sum: 9.9]
      [Update RS (ms): Min: 0.0, Avg: 0.1, Max: 0.4, Diff: 0.4, Sum: 1.8]
         [Processed Buffers: Min: 0, Avg: 11.2, Max: 44, Diff: 44, Sum: 157]
      [Scan RS (ms): Min: 0.0, Avg: 0.0, Max: 0.1, Diff: 0.1, Sum: 0.5]
      [Code Root Scanning (ms): Min: 0.0, Avg: 0.0, Max: 0.0, Diff: 0.0, Sum: 0.0]
      [Object Copy (ms): Min: 0.0, Avg: 0.3, Max: 0.4, Diff: 0.4, Sum: 4.3]
      [Termination (ms): Min: 0.0, Avg: 2.7, Max: 3.0, Diff: 3.0, Sum: 38.0]
         [Termination Attempts: Min: 1, Avg: 31.8, Max: 49, Diff: 48, Sum: 445]
      [GC Worker Other (ms): Min: 0.0, Avg: 0.0, Max: 0.0, Diff: 0.0, Sum: 0.1]
      [GC Worker Total (ms): Min: 3.8, Avg: 3.9, Max: 4.0, Diff: 0.2, Sum: 54.5]
      [GC Worker End (ms): Min: 307080236.1, Avg: 307080236.1, Max: 307080236.2, Diff: 0.1]
   [Code Root Fixup: 0.0 ms]
   [Code Root Purge: 0.0 ms]
   [Clear CT: 0.4 ms]
   [Other: 4.0 ms]
      [Choose CSet: 0.0 ms]
      [Ref Proc: 3.4 ms]
      [Ref Enq: 0.2 ms]
      [Redirty Cards: 0.2 ms]
      [Humongous Register: 0.0 ms]
      [Humongous Reclaim: 0.0 ms]
      [Free CSet: 0.1 ms]
   [Eden: 7152.0M(7152.0M)->0.0B(7152.0M) Survivors: 16384.0K->16384.0K Heap: 9970.2M(14336.0M)->2818.3M(14336.0M)]
 [Times: user=0.07 sys=0.00, real=0.01 secs] 
2022-11-09T07:58:25.145-0700: 308049.831: [GC pause (G1 Evacuation Pause) (young), 0.0106184 secs]
   [Parallel Time: 4.4 ms, GC Workers: 14]
      [GC Worker Start (ms): Min: 308049831.4, Avg: 308049831.6, Max: 308049831.8, Diff: 0.3]
      [Ext Root Scanning (ms): Min: 0.2, Avg: 0.6, Max: 4.0, Diff: 3.8, Sum: 8.9]
      [Update RS (ms): Min: 0.0, Avg: 0.1, Max: 0.3, Diff: 0.3, Sum: 1.5]
         [Processed Buffers: Min: 0, Avg: 11.0, Max: 34, Diff: 34, Sum: 154]
      [Scan RS (ms): Min: 0.0, Avg: 0.0, Max: 0.0, Diff: 0.0, Sum: 0.4]
      [Code Root Scanning (ms): Min: 0.0, Avg: 0.0, Max: 0.0, Diff: 0.0, Sum: 0.0]
      [Object Copy (ms): Min: 0.0, Avg: 0.3, Max: 0.4, Diff: 0.4, Sum: 4.2]
      [Termination (ms): Min: 0.0, Avg: 2.9, Max: 3.1, Diff: 3.1, Sum: 40.1]
         [Termination Attempts: Min: 1, Avg: 39.6, Max: 54, Diff: 53, Sum: 554]
      [GC Worker Other (ms): Min: 0.0, Avg: 0.0, Max: 0.0, Diff: 0.0, Sum: 0.1]
      [GC Worker Total (ms): Min: 3.8, Avg: 3.9, Max: 4.1, Diff: 0.3, Sum: 55.1]
      [GC Worker End (ms): Min: 308049835.5, Avg: 308049835.5, Max: 308049835.6, Diff: 0.1]
   [Code Root Fixup: 0.0 ms]
   [Code Root Purge: 0.0 ms]
   [Clear CT: 0.4 ms]
   [Other: 5.9 ms]
      [Choose CSet: 0.0 ms]
      [Ref Proc: 5.3 ms]
      [Ref Enq: 0.2 ms]
      [Redirty Cards: 0.2 ms]
      [Humongous Register: 0.0 ms]
      [Humongous Reclaim: 0.0 ms]
      [Free CSet: 0.1 ms]
   [Eden: 7152.0M(7152.0M)->0.0B(7152.0M) Survivors: 16384.0K->16384.0K Heap: 9970.3M(14336.0M)->2818.2M(14336.0M)]
 [Times: user=0.08 sys=0.00, real=0.01 secs] 
2022-11-09T08:14:46.595-0700: 309031.282: [GC pause (G1 Evacuation Pause) (young), 0.0128731 secs]
   [Parallel Time: 7.3 ms, GC Workers: 14]
      [GC Worker Start (ms): Min: 309031281.6, Avg: 309031281.8, Max: 309031282.0, Diff: 0.4]
      [Ext Root Scanning (ms): Min: 0.2, Avg: 0.6, Max: 2.8, Diff: 2.7, Sum: 8.4]
      [Update RS (ms): Min: 0.0, Avg: 0.1, Max: 0.3, Diff: 0.3, Sum: 1.6]
         [Processed Buffers: Min: 0, Avg: 11.3, Max: 31, Diff: 31, Sum: 158]
      [Scan RS (ms): Min: 0.0, Avg: 0.0, Max: 0.1, Diff: 0.1, Sum: 0.7]
      [Code Root Scanning (ms): Min: 0.0, Avg: 0.0, Max: 0.0, Diff: 0.0, Sum: 0.0]
      [Object Copy (ms): Min: 0.0, Avg: 1.6, Max: 6.3, Diff: 6.3, Sum: 21.7]
      [Termination (ms): Min: 0.0, Avg: 4.6, Max: 6.0, Diff: 6.0, Sum: 63.8]
         [Termination Attempts: Min: 1, Avg: 1.4, Max: 3, Diff: 2, Sum: 19]
      [GC Worker Other (ms): Min: 0.0, Avg: 0.0, Max: 0.0, Diff: 0.0, Sum: 0.1]
      [GC Worker Total (ms): Min: 6.6, Avg: 6.9, Max: 7.1, Diff: 0.5, Sum: 96.2]
      [GC Worker End (ms): Min: 309031288.6, Avg: 309031288.7, Max: 309031288.7, Diff: 0.1]
   [Code Root Fixup: 0.0 ms]
   [Code Root Purge: 0.0 ms]
   [Clear CT: 0.3 ms]
   [Other: 5.3 ms]
      [Choose CSet: 0.0 ms]
      [Ref Proc: 4.7 ms]
      [Ref Enq: 0.3 ms]
      [Redirty Cards: 0.2 ms]
      [Humongous Register: 0.0 ms]
      [Humongous Reclaim: 0.0 ms]
      [Free CSet: 0.1 ms]
   [Eden: 7152.0M(7152.0M)->0.0B(7152.0M) Survivors: 16384.0K->16384.0K Heap: 9970.2M(14336.0M)->2818.5M(14336.0M)]
 [Times: user=0.10 sys=0.00, real=0.01 secs] 
2022-11-09T08:30:55.946-0700: 310000.632: [GC pause (G1 Evacuation Pause) (young), 0.0106775 secs]
   [Parallel Time: 5.3 ms, GC Workers: 14]
      [GC Worker Start (ms): Min: 310000631.8, Avg: 310000631.9, Max: 310000632.1, Diff: 0.3]
      [Ext Root Scanning (ms): Min: 0.2, Avg: 0.7, Max: 4.0, Diff: 3.7, Sum: 9.2]
      [Update RS (ms): Min: 0.0, Avg: 0.1, Max: 0.3, Diff: 0.3, Sum: 1.8]
         [Processed Buffers: Min: 0, Avg: 11.1, Max: 30, Diff: 30, Sum: 155]
      [Scan RS (ms): Min: 0.0, Avg: 0.0, Max: 0.0, Diff: 0.0, Sum: 0.4]
      [Code Root Scanning (ms): Min: 0.0, Avg: 0.0, Max: 0.0, Diff: 0.0, Sum: 0.0]
      [Object Copy (ms): Min: 0.0, Avg: 0.8, Max: 4.2, Diff: 4.2, Sum: 11.4]
      [Termination (ms): Min: 0.0, Avg: 3.2, Max: 4.0, Diff: 4.0, Sum: 44.3]
         [Termination Attempts: Min: 1, Avg: 1.4, Max: 3, Diff: 2, Sum: 19]
      [GC Worker Other (ms): Min: 0.0, Avg: 0.0, Max: 0.0, Diff: 0.0, Sum: 0.1]
      [GC Worker Total (ms): Min: 4.6, Avg: 4.8, Max: 4.9, Diff: 0.3, Sum: 67.1]
      [GC Worker End (ms): Min: 310000636.7, Avg: 310000636.7, Max: 310000636.8, Diff: 0.1]
   [Code Root Fixup: 0.0 ms]
   [Code Root Purge: 0.0 ms]
   [Clear CT: 0.2 ms]
   [Other: 5.1 ms]
      [Choose CSet: 0.0 ms]
      [Ref Proc: 4.4 ms]
      [Ref Enq: 0.3 ms]
      [Redirty Cards: 0.2 ms]
      [Humongous Register: 0.0 ms]
      [Humongous Reclaim: 0.0 ms]
      [Free CSet: 0.2 ms]
   [Eden: 7152.0M(7152.0M)->0.0B(7152.0M) Survivors: 16384.0K->16384.0K Heap: 9970.5M(14336.0M)->2818.3M(14336.0M)]
 [Times: user=0.08 sys=0.00, real=0.01 secs] 
2022-11-09T08:47:12.045-0700: 310976.732: [GC pause (G1 Evacuation Pause) (young), 0.0121552 secs]
   [Parallel Time: 5.4 ms, GC Workers: 14]
      [GC Worker Start (ms): Min: 310976731.6, Avg: 310976731.8, Max: 310976731.9, Diff: 0.3]
      [Ext Root Scanning (ms): Min: 0.3, Avg: 0.7, Max: 4.2, Diff: 4.0, Sum: 10.2]
      [Update RS (ms): Min: 0.0, Avg: 0.1, Max: 0.4, Diff: 0.4, Sum: 1.6]
         [Processed Buffers: Min: 0, Avg: 12.1, Max: 44, Diff: 44, Sum: 170]
      [Scan RS (ms): Min: 0.0, Avg: 0.0, Max: 0.1, Diff: 0.1, Sum: 0.5]
      [Code Root Scanning (ms): Min: 0.0, Avg: 0.0, Max: 0.0, Diff: 0.0, Sum: 0.0]
      [Object Copy (ms): Min: 0.0, Avg: 1.1, Max: 4.3, Diff: 4.3, Sum: 15.4]
      [Termination (ms): Min: 0.0, Avg: 2.9, Max: 4.0, Diff: 4.0, Sum: 40.2]
         [Termination Attempts: Min: 1, Avg: 7.5, Max: 16, Diff: 15, Sum: 105]
      [GC Worker Other (ms): Min: 0.0, Avg: 0.0, Max: 0.0, Diff: 0.0, Sum: 0.2]
      [GC Worker Total (ms): Min: 4.7, Avg: 4.9, Max: 5.0, Diff: 0.3, Sum: 68.1]
      [GC Worker End (ms): Min: 310976736.7, Avg: 310976736.7, Max: 310976736.7, Diff: 0.0]
   [Code Root Fixup: 0.0 ms]
   [Code Root Purge: 0.0 ms]
   [Clear CT: 0.4 ms]
   [Other: 6.4 ms]
      [Choose CSet: 0.0 ms]
      [Ref Proc: 4.7 ms]
      [Ref Enq: 0.2 ms]
      [Redirty Cards: 0.7 ms]
      [Humongous Register: 0.0 ms]
      [Humongous Reclaim: 0.0 ms]
      [Free CSet: 0.1 ms]
   [Eden: 7152.0M(7152.0M)->0.0B(7152.0M) Survivors: 16384.0K->16384.0K Heap: 9970.3M(14336.0M)->2818.6M(14336.0M)]
 [Times: user=0.07 sys=0.00, real=0.01 secs] 
2022-11-09T09:03:21.795-0700: 311946.481: [GC pause (G1 Evacuation Pause) (young), 0.0104076 secs]
   [Parallel Time: 4.3 ms, GC Workers: 14]
      [GC Worker Start (ms): Min: 311946481.4, Avg: 311946481.9, Max: 311946482.2, Diff: 0.8]
      [Ext Root Scanning (ms): Min: 0.1, Avg: 0.6, Max: 4.0, Diff: 4.0, Sum: 8.5]
      [Update RS (ms): Min: 0.0, Avg: 0.1, Max: 0.3, Diff: 0.3, Sum: 1.6]
         [Processed Buffers: Min: 0, Avg: 11.8, Max: 30, Diff: 30, Sum: 165]
      [Scan RS (ms): Min: 0.0, Avg: 0.0, Max: 0.1, Diff: 0.1, Sum: 0.5]
      [Code Root Scanning (ms): Min: 0.0, Avg: 0.0, Max: 0.0, Diff: 0.0, Sum: 0.0]
      [Object Copy (ms): Min: 0.0, Avg: 0.3, Max: 0.4, Diff: 0.4, Sum: 4.0]
      [Termination (ms): Min: 0.0, Avg: 2.5, Max: 2.9, Diff: 2.9, Sum: 35.6]
         [Termination Attempts: Min: 1, Avg: 42.9, Max: 67, Diff: 66, Sum: 600]
      [GC Worker Other (ms): Min: 0.0, Avg: 0.0, Max: 0.0, Diff: 0.0, Sum: 0.1]
      [GC Worker Total (ms): Min: 3.3, Avg: 3.6, Max: 4.0, Diff: 0.8, Sum: 50.3]
      [GC Worker End (ms): Min: 311946485.5, Avg: 311946485.5, Max: 311946485.6, Diff: 0.1]
   [Code Root Fixup: 0.0 ms]
   [Code Root Purge: 0.0 ms]
   [Clear CT: 0.9 ms]
   [Other: 5.2 ms]
      [Choose CSet: 0.0 ms]
      [Ref Proc: 4.6 ms]
      [Ref Enq: 0.2 ms]
      [Redirty Cards: 0.2 ms]
      [Humongous Register: 0.0 ms]
      [Humongous Reclaim: 0.0 ms]
      [Free CSet: 0.2 ms]
   [Eden: 7152.0M(7152.0M)->0.0B(7152.0M) Survivors: 16384.0K->16384.0K Heap: 9970.6M(14336.0M)->2818.3M(14336.0M)]
 [Times: user=0.07 sys=0.00, real=0.01 secs] 
2022-11-09T09:19:32.546-0700: 312917.232: [GC pause (G1 Evacuation Pause) (young), 0.0097590 secs]
   [Parallel Time: 3.0 ms, GC Workers: 14]
      [GC Worker Start (ms): Min: 312917231.7, Avg: 312917232.0, Max: 312917232.2, Diff: 0.4]
      [Ext Root Scanning (ms): Min: 0.2, Avg: 0.6, Max: 2.6, Diff: 2.4, Sum: 8.5]
      [Update RS (ms): Min: 0.0, Avg: 0.1, Max: 0.3, Diff: 0.3, Sum: 1.8]
         [Processed Buffers: Min: 0, Avg: 11.9, Max: 45, Diff: 45, Sum: 166]
      [Scan RS (ms): Min: 0.0, Avg: 0.0, Max: 0.1, Diff: 0.1, Sum: 0.5]
      [Code Root Scanning (ms): Min: 0.0, Avg: 0.0, Max: 0.0, Diff: 0.0, Sum: 0.0]
      [Object Copy (ms): Min: 0.0, Avg: 0.3, Max: 0.4, Diff: 0.4, Sum: 4.6]
      [Termination (ms): Min: 0.0, Avg: 1.3, Max: 1.5, Diff: 1.5, Sum: 18.8]
         [Termination Attempts: Min: 1, Avg: 17.1, Max: 29, Diff: 28, Sum: 240]
      [GC Worker Other (ms): Min: 0.0, Avg: 0.0, Max: 0.0, Diff: 0.0, Sum: 0.1]
      [GC Worker Total (ms): Min: 2.3, Avg: 2.4, Max: 2.7, Diff: 0.4, Sum: 34.3]
      [GC Worker End (ms): Min: 312917234.4, Avg: 312917234.4, Max: 312917234.5, Diff: 0.1]
   [Code Root Fixup: 0.0 ms]
   [Code Root Purge: 0.0 ms]
   [Clear CT: 0.6 ms]
   [Other: 6.1 ms]
      [Choose CSet: 0.0 ms]
      [Ref Proc: 5.4 ms]
      [Ref Enq: 0.2 ms]
      [Redirty Cards: 0.2 ms]
      [Humongous Register: 0.0 ms]
      [Humongous Reclaim: 0.0 ms]
      [Free CSet: 0.2 ms]
   [Eden: 7152.0M(7152.0M)->0.0B(7152.0M) Survivors: 16384.0K->16384.0K Heap: 9970.3M(14336.0M)->2818.5M(14336.0M)]
 [Times: user=0.06 sys=0.00, real=0.01 secs] 
2022-11-09T09:35:43.645-0700: 313888.331: [GC pause (G1 Evacuation Pause) (young), 0.0097289 secs]
   [Parallel Time: 3.0 ms, GC Workers: 14]
      [GC Worker Start (ms): Min: 313888331.2, Avg: 313888331.4, Max: 313888331.6, Diff: 0.4]
      [Ext Root Scanning (ms): Min: 0.2, Avg: 0.6, Max: 2.7, Diff: 2.5, Sum: 8.4]
      [Update RS (ms): Min: 0.0, Avg: 0.1, Max: 0.2, Diff: 0.2, Sum: 1.4]
         [Processed Buffers: Min: 0, Avg: 12.1, Max: 35, Diff: 35, Sum: 169]
      [Scan RS (ms): Min: 0.0, Avg: 0.0, Max: 0.1, Diff: 0.0, Sum: 0.4]
      [Code Root Scanning (ms): Min: 0.0, Avg: 0.0, Max: 0.0, Diff: 0.0, Sum: 0.0]
      [Object Copy (ms): Min: 0.0, Avg: 0.3, Max: 0.4, Diff: 0.4, Sum: 4.4]
      [Termination (ms): Min: 0.0, Avg: 1.5, Max: 1.7, Diff: 1.7, Sum: 20.7]
         [Termination Attempts: Min: 1, Avg: 29.1, Max: 43, Diff: 42, Sum: 408]
      [GC Worker Other (ms): Min: 0.0, Avg: 0.0, Max: 0.0, Diff: 0.0, Sum: 0.1]
      [GC Worker Total (ms): Min: 2.3, Avg: 2.5, Max: 2.7, Diff: 0.4, Sum: 35.3]
      [GC Worker End (ms): Min: 313888333.9, Avg: 313888333.9, Max: 313888334.0, Diff: 0.1]
   [Code Root Fixup: 0.0 ms]
   [Code Root Purge: 0.0 ms]
   [Clear CT: 0.4 ms]
   [Other: 6.3 ms]
      [Choose CSet: 0.0 ms]
      [Ref Proc: 5.7 ms]
      [Ref Enq: 0.2 ms]
      [Redirty Cards: 0.2 ms]
      [Humongous Register: 0.0 ms]
      [Humongous Reclaim: 0.0 ms]
      [Free CSet: 0.2 ms]
   [Eden: 7152.0M(7152.0M)->0.0B(7152.0M) Survivors: 16384.0K->16384.0K Heap: 9970.5M(14336.0M)->2818.3M(14336.0M)]
 [Times: user=0.06 sys=0.00, real=0.01 secs] 
2022-11-09T09:51:59.145-0700: 314863.831: [GC pause (G1 Evacuation Pause) (young), 0.0096808 secs]
   [Parallel Time: 3.1 ms, GC Workers: 14]
      [GC Worker Start (ms): Min: 314863831.5, Avg: 314863831.7, Max: 314863832.0, Diff: 0.4]
      [Ext Root Scanning (ms): Min: 0.2, Avg: 0.6, Max: 2.6, Diff: 2.4, Sum: 7.9]
      [Update RS (ms): Min: 0.0, Avg: 0.1, Max: 0.3, Diff: 0.3, Sum: 1.6]
         [Processed Buffers: Min: 0, Avg: 11.6, Max: 40, Diff: 40, Sum: 163]
      [Scan RS (ms): Min: 0.0, Avg: 0.0, Max: 0.1, Diff: 0.0, Sum: 0.4]
      [Code Root Scanning (ms): Min: 0.0, Avg: 0.0, Max: 0.0, Diff: 0.0, Sum: 0.0]
      [Object Copy (ms): Min: 0.0, Avg: 0.3, Max: 0.4, Diff: 0.4, Sum: 3.7]
      [Termination (ms): Min: 0.0, Avg: 1.5, Max: 1.6, Diff: 1.6, Sum: 20.7]
         [Termination Attempts: Min: 1, Avg: 16.9, Max: 26, Diff: 25, Sum: 237]
      [GC Worker Other (ms): Min: 0.0, Avg: 0.0, Max: 0.0, Diff: 0.0, Sum: 0.1]
      [GC Worker Total (ms): Min: 2.2, Avg: 2.5, Max: 2.6, Diff: 0.4, Sum: 34.4]
      [GC Worker End (ms): Min: 314863834.1, Avg: 314863834.2, Max: 314863834.2, Diff: 0.1]
   [Code Root Fixup: 0.0 ms]
   [Code Root Purge: 0.0 ms]
   [Clear CT: 0.4 ms]
   [Other: 6.1 ms]
      [Choose CSet: 0.0 ms]
      [Ref Proc: 5.6 ms]
      [Ref Enq: 0.2 ms]
      [Redirty Cards: 0.2 ms]
      [Humongous Register: 0.0 ms]
      [Humongous Reclaim: 0.0 ms]
      [Free CSet: 0.1 ms]
   [Eden: 7152.0M(7152.0M)->0.0B(7152.0M) Survivors: 16384.0K->16384.0K Heap: 9970.3M(14336.0M)->2818.6M(14336.0M)]
 [Times: user=0.05 sys=0.00, real=0.01 secs] 
2022-11-09T10:08:12.302-0700: 315836.988: [GC pause (G1 Evacuation Pause) (young), 0.0771679 secs]
   [Parallel Time: 19.8 ms, GC Workers: 14]
      [GC Worker Start (ms): Min: 315836987.9, Avg: 315836988.1, Max: 315836988.2, Diff: 0.3]
      [Ext Root Scanning (ms): Min: 0.2, Avg: 0.6, Max: 3.9, Diff: 3.7, Sum: 8.6]
      [Update RS (ms): Min: 0.0, Avg: 0.1, Max: 0.3, Diff: 0.3, Sum: 1.5]
         [Processed Buffers: Min: 0, Avg: 11.4, Max: 37, Diff: 37, Sum: 159]
      [Scan RS (ms): Min: 0.0, Avg: 0.0, Max: 0.1, Diff: 0.1, Sum: 0.4]
      [Code Root Scanning (ms): Min: 0.0, Avg: 0.0, Max: 0.0, Diff: 0.0, Sum: 0.0]
      [Object Copy (ms): Min: 0.0, Avg: 0.9, Max: 10.2, Diff: 10.2, Sum: 13.1]
      [Termination (ms): Min: 0.0, Avg: 9.0, Max: 10.0, Diff: 10.0, Sum: 126.4]
         [Termination Attempts: Min: 1, Avg: 12.3, Max: 21, Diff: 20, Sum: 172]
      [GC Worker Other (ms): Min: 0.0, Avg: 0.0, Max: 0.0, Diff: 0.0, Sum: 0.1]
      [GC Worker Total (ms): Min: 10.6, Avg: 10.7, Max: 10.9, Diff: 0.3, Sum: 150.0]
      [GC Worker End (ms): Min: 315836998.8, Avg: 315836998.8, Max: 315836998.9, Diff: 0.1]
   [Code Root Fixup: 0.0 ms]
   [Code Root Purge: 0.0 ms]
   [Clear CT: 0.5 ms]
   [Other: 56.8 ms]
      [Choose CSet: 0.0 ms]
      [Ref Proc: 56.1 ms]
      [Ref Enq: 0.3 ms]
      [Redirty Cards: 0.2 ms]
      [Humongous Register: 0.0 ms]
      [Humongous Reclaim: 0.0 ms]
      [Free CSet: 0.1 ms]
   [Eden: 7152.0M(7152.0M)->0.0B(7152.0M) Survivors: 16384.0K->16384.0K Heap: 9970.6M(14336.0M)->2818.4M(14336.0M)]
 [Times: user=0.35 sys=0.00, real=0.08 secs] 
2022-11-09T10:24:32.945-0700: 316817.631: [GC pause (G1 Evacuation Pause) (young), 0.0090044 secs]
   [Parallel Time: 3.2 ms, GC Workers: 14]
      [GC Worker Start (ms): Min: 316817631.6, Avg: 316817631.8, Max: 316817631.9, Diff: 0.4]
      [Ext Root Scanning (ms): Min: 0.2, Avg: 0.5, Max: 2.7, Diff: 2.5, Sum: 7.6]
      [Update RS (ms): Min: 0.0, Avg: 0.1, Max: 0.4, Diff: 0.4, Sum: 1.5]
         [Processed Buffers: Min: 0, Avg: 10.9, Max: 28, Diff: 28, Sum: 152]
      [Scan RS (ms): Min: 0.0, Avg: 0.0, Max: 0.1, Diff: 0.1, Sum: 0.4]
      [Code Root Scanning (ms): Min: 0.0, Avg: 0.0, Max: 0.0, Diff: 0.0, Sum: 0.0]
      [Object Copy (ms): Min: 0.0, Avg: 0.3, Max: 0.4, Diff: 0.4, Sum: 4.1]
      [Termination (ms): Min: 0.0, Avg: 1.6, Max: 1.8, Diff: 1.8, Sum: 22.4]
         [Termination Attempts: Min: 1, Avg: 32.2, Max: 44, Diff: 43, Sum: 451]
      [GC Worker Other (ms): Min: 0.0, Avg: 0.0, Max: 0.0, Diff: 0.0, Sum: 0.1]
      [GC Worker Total (ms): Min: 2.4, Avg: 2.6, Max: 2.8, Diff: 0.4, Sum: 36.1]
      [GC Worker End (ms): Min: 316817634.3, Avg: 316817634.3, Max: 316817634.4, Diff: 0.1]
   [Code Root Fixup: 0.0 ms]
   [Code Root Purge: 0.0 ms]
   [Clear CT: 0.6 ms]
   [Other: 5.2 ms]
      [Choose CSet: 0.0 ms]
      [Ref Proc: 4.7 ms]
      [Ref Enq: 0.2 ms]
      [Redirty Cards: 0.2 ms]
      [Humongous Register: 0.0 ms]
      [Humongous Reclaim: 0.0 ms]
      [Free CSet: 0.1 ms]
   [Eden: 7152.0M(7152.0M)->0.0B(7152.0M) Survivors: 16384.0K->16384.0K Heap: 9970.4M(14336.0M)->2818.6M(14336.0M)]
 [Times: user=0.06 sys=0.00, real=0.00 secs] 
2022-11-09T10:40:49.953-0700: 317794.640: [GC pause (G1 Evacuation Pause) (young), 0.0092078 secs]
   [Parallel Time: 3.0 ms, GC Workers: 14]
      [GC Worker Start (ms): Min: 317794639.7, Avg: 317794639.8, Max: 317794640.0, Diff: 0.4]
      [Ext Root Scanning (ms): Min: 0.2, Avg: 0.6, Max: 2.6, Diff: 2.4, Sum: 7.7]
      [Update RS (ms): Min: 0.0, Avg: 0.1, Max: 0.3, Diff: 0.3, Sum: 1.4]
         [Processed Buffers: Min: 0, Avg: 10.7, Max: 36, Diff: 36, Sum: 150]
      [Scan RS (ms): Min: 0.0, Avg: 0.0, Max: 0.1, Diff: 0.1, Sum: 0.5]
      [Code Root Scanning (ms): Min: 0.0, Avg: 0.0, Max: 0.0, Diff: 0.0, Sum: 0.0]
      [Object Copy (ms): Min: 0.0, Avg: 0.3, Max: 0.4, Diff: 0.4, Sum: 4.4]
      [Termination (ms): Min: 0.0, Avg: 1.5, Max: 1.7, Diff: 1.7, Sum: 20.9]
         [Termination Attempts: Min: 1, Avg: 38.9, Max: 69, Diff: 68, Sum: 544]
      [GC Worker Other (ms): Min: 0.0, Avg: 0.0, Max: 0.0, Diff: 0.0, Sum: 0.1]
      [GC Worker Total (ms): Min: 2.2, Avg: 2.5, Max: 2.7, Diff: 0.4, Sum: 35.1]
      [GC Worker End (ms): Min: 317794642.3, Avg: 317794642.3, Max: 317794642.4, Diff: 0.1]
   [Code Root Fixup: 0.0 ms]
   [Code Root Purge: 0.0 ms]
   [Clear CT: 0.4 ms]
   [Other: 5.8 ms]
      [Choose CSet: 0.0 ms]
      [Ref Proc: 5.2 ms]
      [Ref Enq: 0.2 ms]
      [Redirty Cards: 0.2 ms]
      [Humongous Register: 0.0 ms]
      [Humongous Reclaim: 0.0 ms]
      [Free CSet: 0.1 ms]
   [Eden: 7152.0M(7152.0M)->0.0B(7152.0M) Survivors: 16384.0K->16384.0K Heap: 9970.6M(14336.0M)->2818.5M(14336.0M)]
 [Times: user=0.06 sys=0.00, real=0.02 secs] 
2022-11-09T10:57:00.896-0700: 318765.582: [GC pause (G1 Evacuation Pause) (young), 0.0102691 secs]
   [Parallel Time: 4.0 ms, GC Workers: 14]
      [GC Worker Start (ms): Min: 318765582.4, Avg: 318765582.6, Max: 318765582.8, Diff: 0.4]
      [Ext Root Scanning (ms): Min: 0.1, Avg: 0.6, Max: 3.7, Diff: 3.6, Sum: 8.3]
      [Update RS (ms): Min: 0.0, Avg: 0.1, Max: 0.3, Diff: 0.3, Sum: 1.6]
         [Processed Buffers: Min: 0, Avg: 10.9, Max: 41, Diff: 41, Sum: 152]
      [Scan RS (ms): Min: 0.0, Avg: 0.0, Max: 0.1, Diff: 0.0, Sum: 0.4]
      [Code Root Scanning (ms): Min: 0.0, Avg: 0.0, Max: 0.0, Diff: 0.0, Sum: 0.0]
      [Object Copy (ms): Min: 0.0, Avg: 0.3, Max: 0.4, Diff: 0.4, Sum: 4.1]
      [Termination (ms): Min: 0.0, Avg: 2.6, Max: 2.9, Diff: 2.9, Sum: 36.4]
         [Termination Attempts: Min: 1, Avg: 36.6, Max: 48, Diff: 47, Sum: 512]
      [GC Worker Other (ms): Min: 0.0, Avg: 0.0, Max: 0.0, Diff: 0.0, Sum: 0.1]
      [GC Worker Total (ms): Min: 3.4, Avg: 3.6, Max: 3.8, Diff: 0.4, Sum: 50.8]
      [GC Worker End (ms): Min: 318765586.2, Avg: 318765586.2, Max: 318765586.3, Diff: 0.1]
   [Code Root Fixup: 0.0 ms]
   [Code Root Purge: 0.0 ms]
   [Clear CT: 0.2 ms]
   [Other: 6.1 ms]
      [Choose CSet: 0.0 ms]
      [Ref Proc: 5.3 ms]
      [Ref Enq: 0.3 ms]
      [Redirty Cards: 0.2 ms]
      [Humongous Register: 0.0 ms]
      [Humongous Reclaim: 0.0 ms]
      [Free CSet: 0.1 ms]
   [Eden: 7152.0M(7152.0M)->0.0B(7152.0M) Survivors: 16384.0K->16384.0K Heap: 9970.5M(14336.0M)->2818.7M(14336.0M)]
 [Times: user=0.08 sys=0.00, real=0.01 secs] 
2022-11-09T11:13:15.345-0700: 319740.032: [GC pause (G1 Evacuation Pause) (young), 0.0098996 secs]
   [Parallel Time: 4.4 ms, GC Workers: 14]
      [GC Worker Start (ms): Min: 319740031.7, Avg: 319740031.8, Max: 319740032.0, Diff: 0.3]
      [Ext Root Scanning (ms): Min: 0.3, Avg: 0.7, Max: 3.8, Diff: 3.5, Sum: 9.3]
      [Update RS (ms): Min: 0.0, Avg: 0.1, Max: 0.3, Diff: 0.3, Sum: 1.4]
         [Processed Buffers: Min: 0, Avg: 11.2, Max: 38, Diff: 38, Sum: 157]
      [Scan RS (ms): Min: 0.0, Avg: 0.0, Max: 0.1, Diff: 0.1, Sum: 0.5]
      [Code Root Scanning (ms): Min: 0.0, Avg: 0.0, Max: 0.0, Diff: 0.0, Sum: 0.0]
      [Object Copy (ms): Min: 0.0, Avg: 0.2, Max: 0.3, Diff: 0.3, Sum: 3.5]
      [Termination (ms): Min: 0.0, Avg: 2.7, Max: 3.0, Diff: 3.0, Sum: 37.2]
         [Termination Attempts: Min: 1, Avg: 16.8, Max: 28, Diff: 27, Sum: 235]
      [GC Worker Other (ms): Min: 0.0, Avg: 0.0, Max: 0.0, Diff: 0.0, Sum: 0.1]
      [GC Worker Total (ms): Min: 3.6, Avg: 3.7, Max: 3.9, Diff: 0.3, Sum: 52.0]
      [GC Worker End (ms): Min: 319740035.5, Avg: 319740035.6, Max: 319740035.6, Diff: 0.1]
   [Code Root Fixup: 0.0 ms]
   [Code Root Purge: 0.0 ms]
   [Clear CT: 0.2 ms]
   [Other: 5.3 ms]
      [Choose CSet: 0.0 ms]
      [Ref Proc: 4.6 ms]
      [Ref Enq: 0.3 ms]
      [Redirty Cards: 0.2 ms]
      [Humongous Register: 0.0 ms]
      [Humongous Reclaim: 0.0 ms]
      [Free CSet: 0.1 ms]
   [Eden: 7152.0M(7152.0M)->0.0B(7152.0M) Survivors: 16384.0K->16384.0K Heap: 9970.7M(14336.0M)->2818.4M(14336.0M)]
 [Times: user=0.07 sys=0.00, real=0.01 secs] 
2022-11-09T11:29:34.195-0700: 320718.881: [GC pause (G1 Evacuation Pause) (young), 0.0092329 secs]
   [Parallel Time: 2.9 ms, GC Workers: 14]
      [GC Worker Start (ms): Min: 320718881.5, Avg: 320718881.7, Max: 320718881.9, Diff: 0.4]
      [Ext Root Scanning (ms): Min: 0.2, Avg: 0.6, Max: 2.7, Diff: 2.5, Sum: 7.9]
      [Update RS (ms): Min: 0.0, Avg: 0.1, Max: 0.3, Diff: 0.3, Sum: 1.4]
         [Processed Buffers: Min: 0, Avg: 10.8, Max: 38, Diff: 38, Sum: 151]
      [Scan RS (ms): Min: 0.0, Avg: 0.0, Max: 0.1, Diff: 0.1, Sum: 0.6]
      [Code Root Scanning (ms): Min: 0.0, Avg: 0.0, Max: 0.0, Diff: 0.0, Sum: 0.0]
      [Object Copy (ms): Min: 0.0, Avg: 0.3, Max: 0.4, Diff: 0.4, Sum: 4.3]
      [Termination (ms): Min: 0.0, Avg: 1.5, Max: 1.7, Diff: 1.7, Sum: 21.7]
         [Termination Attempts: Min: 1, Avg: 38.7, Max: 59, Diff: 58, Sum: 542]
      [GC Worker Other (ms): Min: 0.0, Avg: 0.0, Max: 0.0, Diff: 0.0, Sum: 0.1]
      [GC Worker Total (ms): Min: 2.4, Avg: 2.6, Max: 2.7, Diff: 0.3, Sum: 35.8]
      [GC Worker End (ms): Min: 320718884.2, Avg: 320718884.2, Max: 320718884.2, Diff: 0.1]
   [Code Root Fixup: 0.0 ms]
   [Code Root Purge: 0.0 ms]
   [Clear CT: 0.2 ms]
   [Other: 6.1 ms]
      [Choose CSet: 0.0 ms]
      [Ref Proc: 5.4 ms]
      [Ref Enq: 0.3 ms]
      [Redirty Cards: 0.2 ms]
      [Humongous Register: 0.0 ms]
      [Humongous Reclaim: 0.0 ms]
      [Free CSet: 0.2 ms]
   [Eden: 7152.0M(7152.0M)->0.0B(7152.0M) Survivors: 16384.0K->16384.0K Heap: 9970.4M(14336.0M)->2818.8M(14336.0M)]
 [Times: user=0.05 sys=0.00, real=0.01 secs] 
2022-11-09T11:45:43.995-0700: 321688.681: [GC pause (G1 Evacuation Pause) (young), 0.0130548 secs]
   [Parallel Time: 7.7 ms, GC Workers: 14]
      [GC Worker Start (ms): Min: 321688681.4, Avg: 321688681.6, Max: 321688681.7, Diff: 0.3]
      [Ext Root Scanning (ms): Min: 0.2, Avg: 0.6, Max: 3.7, Diff: 3.5, Sum: 8.8]
      [Update RS (ms): Min: 0.0, Avg: 0.1, Max: 0.2, Diff: 0.2, Sum: 1.3]
         [Processed Buffers: Min: 0, Avg: 11.4, Max: 42, Diff: 42, Sum: 159]
      [Scan RS (ms): Min: 0.0, Avg: 0.0, Max: 0.1, Diff: 0.0, Sum: 0.5]
      [Code Root Scanning (ms): Min: 0.0, Avg: 0.0, Max: 0.0, Diff: 0.0, Sum: 0.0]
      [Object Copy (ms): Min: 0.0, Avg: 1.2, Max: 6.6, Diff: 6.6, Sum: 17.3]
      [Termination (ms): Min: 0.0, Avg: 5.1, Max: 6.3, Diff: 6.3, Sum: 71.6]
         [Termination Attempts: Min: 1, Avg: 19.4, Max: 36, Diff: 35, Sum: 272]
      [GC Worker Other (ms): Min: 0.0, Avg: 0.0, Max: 0.0, Diff: 0.0, Sum: 0.1]
      [GC Worker Total (ms): Min: 6.9, Avg: 7.1, Max: 7.3, Diff: 0.3, Sum: 99.5]
      [GC Worker End (ms): Min: 321688688.6, Avg: 321688688.7, Max: 321688688.7, Diff: 0.1]
   [Code Root Fixup: 0.0 ms]
   [Code Root Purge: 0.0 ms]
   [Clear CT: 0.4 ms]
   [Other: 5.0 ms]
      [Choose CSet: 0.0 ms]
      [Ref Proc: 4.4 ms]
      [Ref Enq: 0.2 ms]
      [Redirty Cards: 0.2 ms]
      [Humongous Register: 0.0 ms]
      [Humongous Reclaim: 0.0 ms]
      [Free CSet: 0.1 ms]
   [Eden: 7152.0M(7152.0M)->0.0B(7152.0M) Survivors: 16384.0K->16384.0K Heap: 9970.8M(14336.0M)->2818.5M(14336.0M)]
 [Times: user=0.11 sys=0.00, real=0.01 secs] 
2022-11-09T12:02:02.345-0700: 322667.031: [GC pause (G1 Evacuation Pause) (young), 0.0108330 secs]
   [Parallel Time: 4.2 ms, GC Workers: 14]
      [GC Worker Start (ms): Min: 322667031.5, Avg: 322667031.6, Max: 322667031.8, Diff: 0.3]
      [Ext Root Scanning (ms): Min: 0.2, Avg: 0.6, Max: 3.7, Diff: 3.5, Sum: 8.7]
      [Update RS (ms): Min: 0.0, Avg: 0.1, Max: 0.2, Diff: 0.2, Sum: 1.3]
         [Processed Buffers: Min: 0, Avg: 11.6, Max: 38, Diff: 38, Sum: 163]
      [Scan RS (ms): Min: 0.0, Avg: 0.0, Max: 0.0, Diff: 0.0, Sum: 0.4]
      [Code Root Scanning (ms): Min: 0.0, Avg: 0.0, Max: 0.0, Diff: 0.0, Sum: 0.0]
      [Object Copy (ms): Min: 0.0, Avg: 0.2, Max: 0.3, Diff: 0.3, Sum: 3.5]
      [Termination (ms): Min: 0.0, Avg: 2.6, Max: 2.8, Diff: 2.8, Sum: 36.1]
         [Termination Attempts: Min: 1, Avg: 18.6, Max: 31, Diff: 30, Sum: 260]
      [GC Worker Other (ms): Min: 0.0, Avg: 0.0, Max: 0.0, Diff: 0.0, Sum: 0.1]
      [GC Worker Total (ms): Min: 3.4, Avg: 3.6, Max: 3.7, Diff: 0.3, Sum: 50.1]
      [GC Worker End (ms): Min: 322667035.2, Avg: 322667035.2, Max: 322667035.3, Diff: 0.1]
   [Code Root Fixup: 0.0 ms]
   [Code Root Purge: 0.0 ms]
   [Clear CT: 0.3 ms]
   [Other: 6.2 ms]
      [Choose CSet: 0.0 ms]
      [Ref Proc: 5.4 ms]
      [Ref Enq: 0.2 ms]
      [Redirty Cards: 0.2 ms]
      [Humongous Register: 0.0 ms]
      [Humongous Reclaim: 0.0 ms]
      [Free CSet: 0.2 ms]
   [Eden: 7152.0M(7152.0M)->0.0B(7152.0M) Survivors: 16384.0K->16384.0K Heap: 9970.5M(14336.0M)->2818.7M(14336.0M)]
 [Times: user=0.07 sys=0.00, real=0.01 secs] 
2022-11-09T12:18:20.745-0700: 323645.432: [GC pause (G1 Evacuation Pause) (young), 0.0103388 secs]
   [Parallel Time: 4.3 ms, GC Workers: 14]
      [GC Worker Start (ms): Min: 323645431.7, Avg: 323645431.9, Max: 323645432.0, Diff: 0.3]
      [Ext Root Scanning (ms): Min: 0.2, Avg: 0.7, Max: 3.8, Diff: 3.6, Sum: 9.3]
      [Update RS (ms): Min: 0.0, Avg: 0.1, Max: 0.3, Diff: 0.3, Sum: 1.5]
         [Processed Buffers: Min: 0, Avg: 12.2, Max: 33, Diff: 33, Sum: 171]
      [Scan RS (ms): Min: 0.0, Avg: 0.0, Max: 0.0, Diff: 0.0, Sum: 0.3]
      [Code Root Scanning (ms): Min: 0.0, Avg: 0.0, Max: 0.0, Diff: 0.0, Sum: 0.0]
      [Object Copy (ms): Min: 0.0, Avg: 0.3, Max: 0.4, Diff: 0.4, Sum: 4.2]
      [Termination (ms): Min: 0.0, Avg: 2.6, Max: 2.8, Diff: 2.8, Sum: 35.8]
         [Termination Attempts: Min: 1, Avg: 38.3, Max: 56, Diff: 55, Sum: 536]
      [GC Worker Other (ms): Min: 0.0, Avg: 0.0, Max: 0.0, Diff: 0.0, Sum: 0.1]
      [GC Worker Total (ms): Min: 3.5, Avg: 3.7, Max: 3.8, Diff: 0.3, Sum: 51.2]
      [GC Worker End (ms): Min: 323645435.5, Avg: 323645435.5, Max: 323645435.6, Diff: 0.1]
   [Code Root Fixup: 0.0 ms]
   [Code Root Purge: 0.0 ms]
   [Clear CT: 0.2 ms]
   [Other: 5.8 ms]
      [Choose CSet: 0.0 ms]
      [Ref Proc: 5.1 ms]
      [Ref Enq: 0.3 ms]
      [Redirty Cards: 0.2 ms]
      [Humongous Register: 0.0 ms]
      [Humongous Reclaim: 0.0 ms]
      [Free CSet: 0.2 ms]
   [Eden: 7152.0M(7152.0M)->0.0B(7152.0M) Survivors: 16384.0K->16384.0K Heap: 9970.7M(14336.0M)->2818.5M(14336.0M)]
 [Times: user=0.07 sys=0.00, real=0.01 secs] 
2022-11-09T12:34:27.182-0700: 324611.868: [GC pause (G1 Evacuation Pause) (young), 0.0096470 secs]
   [Parallel Time: 4.0 ms, GC Workers: 14]
      [GC Worker Start (ms): Min: 324611868.4, Avg: 324611868.6, Max: 324611868.7, Diff: 0.3]
      [Ext Root Scanning (ms): Min: 0.2, Avg: 0.7, Max: 3.7, Diff: 3.5, Sum: 9.1]
      [Update RS (ms): Min: 0.0, Avg: 0.1, Max: 0.3, Diff: 0.3, Sum: 1.3]
         [Processed Buffers: Min: 0, Avg: 12.3, Max: 35, Diff: 35, Sum: 172]
      [Scan RS (ms): Min: 0.0, Avg: 0.0, Max: 0.0, Diff: 0.0, Sum: 0.4]
      [Code Root Scanning (ms): Min: 0.0, Avg: 0.0, Max: 0.0, Diff: 0.0, Sum: 0.0]
      [Object Copy (ms): Min: 0.0, Avg: 0.3, Max: 0.3, Diff: 0.3, Sum: 3.7]
      [Termination (ms): Min: 0.0, Avg: 2.6, Max: 2.9, Diff: 2.9, Sum: 36.0]
         [Termination Attempts: Min: 1, Avg: 17.9, Max: 32, Diff: 31, Sum: 251]
      [GC Worker Other (ms): Min: 0.0, Avg: 0.0, Max: 0.0, Diff: 0.0, Sum: 0.1]
      [GC Worker Total (ms): Min: 3.5, Avg: 3.6, Max: 3.7, Diff: 0.2, Sum: 50.7]
      [GC Worker End (ms): Min: 324611872.2, Avg: 324611872.2, Max: 324611872.3, Diff: 0.1]
   [Code Root Fixup: 0.0 ms]
   [Code Root Purge: 0.0 ms]
   [Clear CT: 0.2 ms]
   [Other: 5.5 ms]
      [Choose CSet: 0.0 ms]
      [Ref Proc: 4.7 ms]
      [Ref Enq: 0.3 ms]
      [Redirty Cards: 0.2 ms]
      [Humongous Register: 0.0 ms]
      [Humongous Reclaim: 0.0 ms]
      [Free CSet: 0.1 ms]
   [Eden: 7152.0M(7152.0M)->0.0B(7152.0M) Survivors: 16384.0K->16384.0K Heap: 9970.5M(14336.0M)->2818.8M(14336.0M)]
 [Times: user=0.08 sys=0.00, real=0.01 secs] 
2022-11-09T12:50:32.095-0700: 325576.781: [GC pause (G1 Evacuation Pause) (young), 0.0099729 secs]
   [Parallel Time: 3.2 ms, GC Workers: 14]
      [GC Worker Start (ms): Min: 325576781.0, Avg: 325576781.2, Max: 325576781.5, Diff: 0.4]
      [Ext Root Scanning (ms): Min: 0.2, Avg: 0.6, Max: 2.6, Diff: 2.4, Sum: 7.8]
      [Update RS (ms): Min: 0.0, Avg: 0.1, Max: 0.3, Diff: 0.3, Sum: 1.7]
         [Processed Buffers: Min: 0, Avg: 11.5, Max: 41, Diff: 41, Sum: 161]
      [Scan RS (ms): Min: 0.0, Avg: 0.0, Max: 0.1, Diff: 0.1, Sum: 0.4]
      [Code Root Scanning (ms): Min: 0.0, Avg: 0.0, Max: 0.0, Diff: 0.0, Sum: 0.0]
      [Object Copy (ms): Min: 0.0, Avg: 0.3, Max: 0.4, Diff: 0.4, Sum: 3.8]
      [Termination (ms): Min: 0.0, Avg: 1.5, Max: 1.7, Diff: 1.7, Sum: 20.6]
         [Termination Attempts: Min: 1, Avg: 25.4, Max: 36, Diff: 35, Sum: 355]
      [GC Worker Other (ms): Min: 0.0, Avg: 0.0, Max: 0.0, Diff: 0.0, Sum: 0.1]
      [GC Worker Total (ms): Min: 2.2, Avg: 2.5, Max: 2.7, Diff: 0.5, Sum: 34.4]
      [GC Worker End (ms): Min: 325576783.7, Avg: 325576783.7, Max: 325576783.8, Diff: 0.1]
   [Code Root Fixup: 0.0 ms]
   [Code Root Purge: 0.0 ms]
   [Clear CT: 0.4 ms]
   [Other: 6.4 ms]
      [Choose CSet: 0.0 ms]
      [Ref Proc: 5.8 ms]
      [Ref Enq: 0.2 ms]
      [Redirty Cards: 0.2 ms]
      [Humongous Register: 0.0 ms]
      [Humongous Reclaim: 0.0 ms]
      [Free CSet: 0.1 ms]
   [Eden: 7152.0M(7152.0M)->0.0B(7152.0M) Survivors: 16384.0K->16384.0K Heap: 9970.8M(14336.0M)->2818.6M(14336.0M)]
 [Times: user=0.06 sys=0.00, real=0.01 secs] 
2022-11-09T13:06:52.645-0700: 326557.331: [GC pause (G1 Evacuation Pause) (young), 0.0092124 secs]
   [Parallel Time: 3.1 ms, GC Workers: 14]
      [GC Worker Start (ms): Min: 326557331.5, Avg: 326557331.7, Max: 326557331.9, Diff: 0.3]
      [Ext Root Scanning (ms): Min: 0.2, Avg: 0.6, Max: 2.7, Diff: 2.5, Sum: 8.1]
      [Update RS (ms): Min: 0.0, Avg: 0.1, Max: 0.3, Diff: 0.3, Sum: 1.4]
         [Processed Buffers: Min: 0, Avg: 11.5, Max: 31, Diff: 31, Sum: 161]
      [Scan RS (ms): Min: 0.0, Avg: 0.0, Max: 0.1, Diff: 0.1, Sum: 0.5]
      [Code Root Scanning (ms): Min: 0.0, Avg: 0.0, Max: 0.0, Diff: 0.0, Sum: 0.0]
      [Object Copy (ms): Min: 0.0, Avg: 0.3, Max: 0.4, Diff: 0.4, Sum: 4.7]
      [Termination (ms): Min: 0.0, Avg: 1.5, Max: 1.7, Diff: 1.7, Sum: 21.0]
         [Termination Attempts: Min: 1, Avg: 45.2, Max: 61, Diff: 60, Sum: 633]
      [GC Worker Other (ms): Min: 0.0, Avg: 0.0, Max: 0.0, Diff: 0.0, Sum: 0.1]
      [GC Worker Total (ms): Min: 2.4, Avg: 2.6, Max: 2.8, Diff: 0.4, Sum: 35.8]
      [GC Worker End (ms): Min: 326557334.2, Avg: 326557334.3, Max: 326557334.3, Diff: 0.1]
   [Code Root Fixup: 0.0 ms]
   [Code Root Purge: 0.0 ms]
   [Clear CT: 0.4 ms]
   [Other: 5.7 ms]
      [Choose CSet: 0.0 ms]
      [Ref Proc: 5.0 ms]
      [Ref Enq: 0.3 ms]
      [Redirty Cards: 0.2 ms]
      [Humongous Register: 0.0 ms]
      [Humongous Reclaim: 0.0 ms]
      [Free CSet: 0.2 ms]
   [Eden: 7152.0M(7152.0M)->0.0B(7152.0M) Survivors: 16384.0K->16384.0K Heap: 9970.6M(14336.0M)->2818.8M(14336.0M)]
 [Times: user=0.06 sys=0.00, real=0.01 secs] 
2022-11-09T13:23:23.296-0700: 327547.982: [GC pause (G1 Evacuation Pause) (young), 0.0145389 secs]
   [Parallel Time: 7.6 ms, GC Workers: 14]
      [GC Worker Start (ms): Min: 327547981.8, Avg: 327547982.0, Max: 327547982.2, Diff: 0.4]
      [Ext Root Scanning (ms): Min: 0.2, Avg: 0.7, Max: 3.8, Diff: 3.6, Sum: 9.2]
      [Update RS (ms): Min: 0.0, Avg: 0.1, Max: 0.3, Diff: 0.3, Sum: 1.3]
         [Processed Buffers: Min: 0, Avg: 11.9, Max: 34, Diff: 34, Sum: 167]
      [Scan RS (ms): Min: 0.0, Avg: 0.0, Max: 0.1, Diff: 0.1, Sum: 0.4]
      [Code Root Scanning (ms): Min: 0.0, Avg: 0.0, Max: 0.0, Diff: 0.0, Sum: 0.0]
      [Object Copy (ms): Min: 0.0, Avg: 1.1, Max: 6.2, Diff: 6.2, Sum: 14.7]
      [Termination (ms): Min: 0.0, Avg: 4.9, Max: 6.1, Diff: 6.1, Sum: 68.8]
         [Termination Attempts: Min: 1, Avg: 1.3, Max: 2, Diff: 1, Sum: 18]
      [GC Worker Other (ms): Min: 0.0, Avg: 0.0, Max: 0.0, Diff: 0.0, Sum: 0.1]
      [GC Worker Total (ms): Min: 6.5, Avg: 6.7, Max: 7.0, Diff: 0.4, Sum: 94.5]
      [GC Worker End (ms): Min: 327547988.7, Avg: 327547988.7, Max: 327547988.8, Diff: 0.1]
   [Code Root Fixup: 0.0 ms]
   [Code Root Purge: 0.0 ms]
   [Clear CT: 0.3 ms]
   [Other: 6.7 ms]
      [Choose CSet: 0.0 ms]
      [Ref Proc: 6.0 ms]
      [Ref Enq: 0.2 ms]
      [Redirty Cards: 0.2 ms]
      [Humongous Register: 0.0 ms]
      [Humongous Reclaim: 0.0 ms]
      [Free CSet: 0.2 ms]
   [Eden: 7152.0M(7152.0M)->0.0B(7152.0M) Survivors: 16384.0K->16384.0K Heap: 9970.8M(14336.0M)->2818.6M(14336.0M)]
 [Times: user=0.10 sys=0.00, real=0.01 secs] 
2022-11-09T13:39:32.945-0700: 328517.632: [GC pause (G1 Evacuation Pause) (young), 0.0089771 secs]
   [Parallel Time: 2.9 ms, GC Workers: 14]
      [GC Worker Start (ms): Min: 328517631.7, Avg: 328517631.8, Max: 328517632.0, Diff: 0.3]
      [Ext Root Scanning (ms): Min: 0.2, Avg: 0.6, Max: 2.5, Diff: 2.3, Sum: 8.4]
      [Update RS (ms): Min: 0.0, Avg: 0.1, Max: 0.3, Diff: 0.3, Sum: 1.4]
         [Processed Buffers: Min: 0, Avg: 10.7, Max: 30, Diff: 30, Sum: 150]
      [Scan RS (ms): Min: 0.0, Avg: 0.0, Max: 0.1, Diff: 0.0, Sum: 0.5]
      [Code Root Scanning (ms): Min: 0.0, Avg: 0.0, Max: 0.0, Diff: 0.0, Sum: 0.0]
      [Object Copy (ms): Min: 0.0, Avg: 0.3, Max: 0.4, Diff: 0.4, Sum: 3.8]
      [Termination (ms): Min: 0.0, Avg: 1.4, Max: 1.6, Diff: 1.6, Sum: 20.0]
         [Termination Attempts: Min: 1, Avg: 13.6, Max: 27, Diff: 26, Sum: 191]
      [GC Worker Other (ms): Min: 0.0, Avg: 0.0, Max: 0.0, Diff: 0.0, Sum: 0.1]
      [GC Worker Total (ms): Min: 2.2, Avg: 2.4, Max: 2.6, Diff: 0.3, Sum: 34.2]
      [GC Worker End (ms): Min: 328517634.2, Avg: 328517634.3, Max: 328517634.3, Diff: 0.1]
   [Code Root Fixup: 0.0 ms]
   [Code Root Purge: 0.0 ms]
   [Clear CT: 0.3 ms]
   [Other: 5.8 ms]
      [Choose CSet: 0.0 ms]
      [Ref Proc: 5.1 ms]
      [Ref Enq: 0.2 ms]
      [Redirty Cards: 0.2 ms]
      [Humongous Register: 0.0 ms]
      [Humongous Reclaim: 0.0 ms]
      [Free CSet: 0.1 ms]
   [Eden: 7152.0M(7152.0M)->0.0B(7152.0M) Survivors: 16384.0K->16384.0K Heap: 9970.6M(14336.0M)->2818.9M(14336.0M)]
 [Times: user=0.06 sys=0.00, real=0.01 secs] 
2022-11-09T13:55:41.995-0700: 329486.682: [GC pause (G1 Evacuation Pause) (young), 0.0101120 secs]
   [Parallel Time: 4.2 ms, GC Workers: 14]
      [GC Worker Start (ms): Min: 329486681.7, Avg: 329486682.1, Max: 329486682.2, Diff: 0.6]
      [Ext Root Scanning (ms): Min: 0.2, Avg: 0.7, Max: 3.8, Diff: 3.6, Sum: 9.4]
      [Update RS (ms): Min: 0.0, Avg: 0.1, Max: 0.3, Diff: 0.3, Sum: 1.3]
         [Processed Buffers: Min: 0, Avg: 10.9, Max: 38, Diff: 38, Sum: 153]
      [Scan RS (ms): Min: 0.0, Avg: 0.0, Max: 0.1, Diff: 0.1, Sum: 0.5]
      [Code Root Scanning (ms): Min: 0.0, Avg: 0.0, Max: 0.0, Diff: 0.0, Sum: 0.0]
      [Object Copy (ms): Min: 0.0, Avg: 0.3, Max: 0.4, Diff: 0.4, Sum: 4.1]
      [Termination (ms): Min: 0.0, Avg: 2.4, Max: 2.7, Diff: 2.7, Sum: 33.0]
         [Termination Attempts: Min: 1, Avg: 37.6, Max: 54, Diff: 53, Sum: 527]
      [GC Worker Other (ms): Min: 0.0, Avg: 0.0, Max: 0.0, Diff: 0.0, Sum: 0.1]
      [GC Worker Total (ms): Min: 3.2, Avg: 3.5, Max: 3.8, Diff: 0.6, Sum: 48.4]
      [GC Worker End (ms): Min: 329486685.5, Avg: 329486685.5, Max: 329486685.6, Diff: 0.1]
   [Code Root Fixup: 0.0 ms]
   [Code Root Purge: 0.0 ms]
   [Clear CT: 0.4 ms]
   [Other: 5.6 ms]
      [Choose CSet: 0.0 ms]
      [Ref Proc: 5.0 ms]
      [Ref Enq: 0.2 ms]
      [Redirty Cards: 0.2 ms]
      [Humongous Register: 0.0 ms]
      [Humongous Reclaim: 0.0 ms]
      [Free CSet: 0.1 ms]
   [Eden: 7152.0M(7152.0M)->0.0B(7152.0M) Survivors: 16384.0K->16384.0K Heap: 9970.9M(14336.0M)->2818.6M(14336.0M)]
 [Times: user=0.08 sys=0.00, real=0.01 secs] 
2022-11-09T14:11:58.146-0700: 330462.832: [GC pause (G1 Evacuation Pause) (young), 0.0169222 secs]
   [Parallel Time: 9.1 ms, GC Workers: 14]
      [GC Worker Start (ms): Min: 330462832.0, Avg: 330462832.3, Max: 330462832.6, Diff: 0.5]
      [Ext Root Scanning (ms): Min: 0.1, Avg: 0.6, Max: 2.8, Diff: 2.6, Sum: 8.2]
      [Update RS (ms): Min: 0.0, Avg: 0.1, Max: 0.2, Diff: 0.2, Sum: 1.4]
         [Processed Buffers: Min: 0, Avg: 11.6, Max: 34, Diff: 34, Sum: 163]
      [Scan RS (ms): Min: 0.0, Avg: 0.0, Max: 0.1, Diff: 0.1, Sum: 0.6]
      [Code Root Scanning (ms): Min: 0.0, Avg: 0.0, Max: 0.0, Diff: 0.0, Sum: 0.0]
      [Object Copy (ms): Min: 0.0, Avg: 0.9, Max: 7.9, Diff: 7.9, Sum: 12.4]
      [Termination (ms): Min: 0.0, Avg: 6.8, Max: 7.5, Diff: 7.5, Sum: 94.9]
         [Termination Attempts: Min: 1, Avg: 43.4, Max: 70, Diff: 69, Sum: 607]
      [GC Worker Other (ms): Min: 0.0, Avg: 0.0, Max: 0.0, Diff: 0.0, Sum: 0.1]
      [GC Worker Total (ms): Min: 8.1, Avg: 8.4, Max: 8.6, Diff: 0.5, Sum: 117.6]
      [GC Worker End (ms): Min: 330462840.6, Avg: 330462840.7, Max: 330462840.8, Diff: 0.1]
   [Code Root Fixup: 0.0 ms]
   [Code Root Purge: 0.0 ms]
   [Clear CT: 0.3 ms]
   [Other: 7.5 ms]
      [Choose CSet: 0.0 ms]
      [Ref Proc: 6.9 ms]
      [Ref Enq: 0.2 ms]
      [Redirty Cards: 0.2 ms]
      [Humongous Register: 0.0 ms]
      [Humongous Reclaim: 0.0 ms]
      [Free CSet: 0.1 ms]
   [Eden: 7152.0M(7152.0M)->0.0B(7152.0M) Survivors: 16384.0K->16384.0K Heap: 9970.6M(14336.0M)->2818.9M(14336.0M)]
 [Times: user=0.14 sys=0.00, real=0.02 secs] 
2022-11-09T14:28:01.795-0700: 331426.481: [GC pause (G1 Evacuation Pause) (young), 0.0145707 secs]
   [Parallel Time: 8.0 ms, GC Workers: 14]
      [GC Worker Start (ms): Min: 331426481.1, Avg: 331426481.3, Max: 331426481.5, Diff: 0.3]
      [Ext Root Scanning (ms): Min: 0.3, Avg: 0.7, Max: 3.8, Diff: 3.5, Sum: 9.6]
      [Update RS (ms): Min: 0.0, Avg: 0.1, Max: 0.3, Diff: 0.3, Sum: 1.3]
         [Processed Buffers: Min: 0, Avg: 11.4, Max: 33, Diff: 33, Sum: 160]
      [Scan RS (ms): Min: 0.0, Avg: 0.0, Max: 0.0, Diff: 0.0, Sum: 0.5]
      [Code Root Scanning (ms): Min: 0.0, Avg: 0.0, Max: 0.0, Diff: 0.0, Sum: 0.0]
      [Object Copy (ms): Min: 0.0, Avg: 2.1, Max: 6.8, Diff: 6.8, Sum: 29.8]
      [Termination (ms): Min: 0.0, Avg: 4.4, Max: 6.6, Diff: 6.6, Sum: 62.0]
         [Termination Attempts: Min: 1, Avg: 12.0, Max: 30, Diff: 29, Sum: 168]
      [GC Worker Other (ms): Min: 0.0, Avg: 0.0, Max: 0.0, Diff: 0.0, Sum: 0.1]
      [GC Worker Total (ms): Min: 7.2, Avg: 7.4, Max: 7.6, Diff: 0.4, Sum: 103.2]
      [GC Worker End (ms): Min: 331426488.7, Avg: 331426488.7, Max: 331426488.8, Diff: 0.1]
   [Code Root Fixup: 0.0 ms]
   [Code Root Purge: 0.0 ms]
   [Clear CT: 0.3 ms]
   [Other: 6.2 ms]
      [Choose CSet: 0.0 ms]
      [Ref Proc: 5.5 ms]
      [Ref Enq: 0.3 ms]
      [Redirty Cards: 0.2 ms]
      [Humongous Register: 0.0 ms]
      [Humongous Reclaim: 0.0 ms]
      [Free CSet: 0.1 ms]
   [Eden: 7152.0M(7152.0M)->0.0B(7152.0M) Survivors: 16384.0K->16384.0K Heap: 9970.9M(14336.0M)->2818.8M(14336.0M)]
 [Times: user=0.09 sys=0.00, real=0.01 secs] 
2022-11-09T14:44:21.091-0700: 332405.778: [GC pause (G1 Evacuation Pause) (young), 0.0140670 secs]
   [Parallel Time: 7.3 ms, GC Workers: 14]
      [GC Worker Start (ms): Min: 332405777.7, Avg: 332405777.9, Max: 332405778.1, Diff: 0.4]
      [Ext Root Scanning (ms): Min: 0.2, Avg: 0.7, Max: 3.8, Diff: 3.6, Sum: 9.4]
      [Update RS (ms): Min: 0.0, Avg: 0.1, Max: 0.3, Diff: 0.3, Sum: 1.4]
         [Processed Buffers: Min: 0, Avg: 11.9, Max: 45, Diff: 45, Sum: 167]
      [Scan RS (ms): Min: 0.0, Avg: 0.0, Max: 0.1, Diff: 0.0, Sum: 0.4]
      [Code Root Scanning (ms): Min: 0.0, Avg: 0.0, Max: 0.0, Diff: 0.0, Sum: 0.0]
      [Object Copy (ms): Min: 0.0, Avg: 0.7, Max: 6.2, Diff: 6.2, Sum: 9.4]
      [Termination (ms): Min: 0.0, Avg: 5.3, Max: 6.0, Diff: 6.0, Sum: 74.3]
         [Termination Attempts: Min: 1, Avg: 17.9, Max: 33, Diff: 32, Sum: 250]
      [GC Worker Other (ms): Min: 0.0, Avg: 0.0, Max: 0.0, Diff: 0.0, Sum: 0.1]
      [GC Worker Total (ms): Min: 6.6, Avg: 6.8, Max: 7.0, Diff: 0.4, Sum: 95.0]
      [GC Worker End (ms): Min: 332405784.7, Avg: 332405784.7, Max: 332405784.8, Diff: 0.1]
   [Code Root Fixup: 0.0 ms]
   [Code Root Purge: 0.0 ms]
   [Clear CT: 0.4 ms]
   [Other: 6.4 ms]
      [Choose CSet: 0.0 ms]
      [Ref Proc: 5.8 ms]
      [Ref Enq: 0.2 ms]
      [Redirty Cards: 0.2 ms]
      [Humongous Register: 0.0 ms]
      [Humongous Reclaim: 0.0 ms]
      [Free CSet: 0.1 ms]
   [Eden: 7152.0M(7152.0M)->0.0B(7152.0M) Survivors: 16384.0K->16384.0K Heap: 9970.8M(14336.0M)->2818.7M(14336.0M)]
 [Times: user=0.11 sys=0.00, real=0.02 secs] 
2022-11-09T15:00:20.445-0700: 333365.132: [GC pause (G1 Evacuation Pause) (young), 0.0119722 secs]
   [Parallel Time: 5.5 ms, GC Workers: 14]
      [GC Worker Start (ms): Min: 333365131.6, Avg: 333365131.8, Max: 333365132.0, Diff: 0.4]
      [Ext Root Scanning (ms): Min: 0.2, Avg: 0.7, Max: 3.9, Diff: 3.6, Sum: 9.2]
      [Update RS (ms): Min: 0.0, Avg: 0.1, Max: 0.3, Diff: 0.3, Sum: 1.4]
         [Processed Buffers: Min: 0, Avg: 10.9, Max: 36, Diff: 36, Sum: 153]
      [Scan RS (ms): Min: 0.0, Avg: 0.0, Max: 0.0, Diff: 0.0, Sum: 0.5]
      [Code Root Scanning (ms): Min: 0.0, Avg: 0.0, Max: 0.0, Diff: 0.0, Sum: 0.0]
      [Object Copy (ms): Min: 0.0, Avg: 0.5, Max: 4.3, Diff: 4.3, Sum: 6.6]
      [Termination (ms): Min: 0.0, Avg: 3.6, Max: 4.1, Diff: 4.1, Sum: 49.9]
         [Termination Attempts: Min: 1, Avg: 3.1, Max: 9, Diff: 8, Sum: 44]
      [GC Worker Other (ms): Min: 0.0, Avg: 0.0, Max: 0.0, Diff: 0.0, Sum: 0.1]
      [GC Worker Total (ms): Min: 4.6, Avg: 4.8, Max: 5.1, Diff: 0.4, Sum: 67.7]
      [GC Worker End (ms): Min: 333365136.6, Avg: 333365136.6, Max: 333365136.7, Diff: 0.1]
   [Code Root Fixup: 0.0 ms]
   [Code Root Purge: 0.0 ms]
   [Clear CT: 0.4 ms]
   [Other: 6.0 ms]
      [Choose CSet: 0.0 ms]
      [Ref Proc: 5.4 ms]
      [Ref Enq: 0.2 ms]
      [Redirty Cards: 0.2 ms]
      [Humongous Register: 0.0 ms]
      [Humongous Reclaim: 0.0 ms]
      [Free CSet: 0.1 ms]
   [Eden: 7152.0M(7152.0M)->0.0B(7152.0M) Survivors: 16384.0K->16384.0K Heap: 9970.7M(14336.0M)->2818.9M(14336.0M)]
 [Times: user=0.09 sys=0.00, real=0.01 secs] 
2022-11-09T15:16:35.496-0700: 334340.182: [GC pause (G1 Evacuation Pause) (young), 0.0135556 secs]
   [Parallel Time: 7.3 ms, GC Workers: 14]
      [GC Worker Start (ms): Min: 334340181.8, Avg: 334340181.9, Max: 334340182.1, Diff: 0.3]
      [Ext Root Scanning (ms): Min: 0.2, Avg: 0.6, Max: 3.7, Diff: 3.6, Sum: 8.4]
      [Update RS (ms): Min: 0.0, Avg: 0.1, Max: 0.2, Diff: 0.2, Sum: 1.3]
         [Processed Buffers: Min: 0, Avg: 10.6, Max: 26, Diff: 26, Sum: 148]
      [Scan RS (ms): Min: 0.0, Avg: 0.0, Max: 0.1, Diff: 0.1, Sum: 0.5]
      [Code Root Scanning (ms): Min: 0.0, Avg: 0.0, Max: 0.0, Diff: 0.0, Sum: 0.0]
      [Object Copy (ms): Min: 0.0, Avg: 0.6, Max: 6.2, Diff: 6.2, Sum: 9.0]
      [Termination (ms): Min: 0.0, Avg: 5.4, Max: 6.1, Diff: 6.1, Sum: 75.3]
         [Termination Attempts: Min: 1, Avg: 11.0, Max: 18, Diff: 17, Sum: 154]
      [GC Worker Other (ms): Min: 0.0, Avg: 0.0, Max: 0.0, Diff: 0.0, Sum: 0.1]
      [GC Worker Total (ms): Min: 6.6, Avg: 6.8, Max: 7.0, Diff: 0.4, Sum: 94.5]
      [GC Worker End (ms): Min: 334340188.6, Avg: 334340188.7, Max: 334340188.8, Diff: 0.1]
   [Code Root Fixup: 0.0 ms]
   [Code Root Purge: 0.0 ms]
   [Clear CT: 0.3 ms]
   [Other: 5.9 ms]
      [Choose CSet: 0.0 ms]
      [Ref Proc: 5.3 ms]
      [Ref Enq: 0.2 ms]
      [Redirty Cards: 0.2 ms]
      [Humongous Register: 0.0 ms]
      [Humongous Reclaim: 0.0 ms]
      [Free CSet: 0.1 ms]
   [Eden: 7152.0M(7152.0M)->0.0B(7152.0M) Survivors: 16384.0K->16384.0K Heap: 9970.9M(14336.0M)->2818.8M(14336.0M)]
 [Times: user=0.12 sys=0.00, real=0.01 secs] 
2022-11-09T15:32:51.445-0700: 335316.131: [GC pause (G1 Evacuation Pause) (young), 0.0102918 secs]
   [Parallel Time: 4.3 ms, GC Workers: 14]
      [GC Worker Start (ms): Min: 335316131.3, Avg: 335316131.5, Max: 335316131.6, Diff: 0.3]
      [Ext Root Scanning (ms): Min: 0.2, Avg: 0.6, Max: 3.8, Diff: 3.5, Sum: 8.7]
      [Update RS (ms): Min: 0.0, Avg: 0.1, Max: 0.2, Diff: 0.2, Sum: 1.3]
         [Processed Buffers: Min: 0, Avg: 11.0, Max: 38, Diff: 38, Sum: 154]
      [Scan RS (ms): Min: 0.0, Avg: 0.0, Max: 0.0, Diff: 0.0, Sum: 0.4]
      [Code Root Scanning (ms): Min: 0.0, Avg: 0.0, Max: 0.0, Diff: 0.0, Sum: 0.0]
      [Object Copy (ms): Min: 0.0, Avg: 0.3, Max: 0.3, Diff: 0.3, Sum: 3.8]
      [Termination (ms): Min: 0.0, Avg: 2.6, Max: 2.9, Diff: 2.9, Sum: 36.8]
         [Termination Attempts: Min: 1, Avg: 26.8, Max: 35, Diff: 34, Sum: 375]
      [GC Worker Other (ms): Min: 0.0, Avg: 0.0, Max: 0.0, Diff: 0.0, Sum: 0.1]
      [GC Worker Total (ms): Min: 3.5, Avg: 3.6, Max: 3.9, Diff: 0.4, Sum: 51.0]
      [GC Worker End (ms): Min: 335316135.1, Avg: 335316135.1, Max: 335316135.2, Diff: 0.1]
   [Code Root Fixup: 0.0 ms]
   [Code Root Purge: 0.0 ms]
   [Clear CT: 0.4 ms]
   [Other: 5.6 ms]
      [Choose CSet: 0.0 ms]
      [Ref Proc: 5.0 ms]
      [Ref Enq: 0.2 ms]
      [Redirty Cards: 0.2 ms]
      [Humongous Register: 0.0 ms]
      [Humongous Reclaim: 0.0 ms]
      [Free CSet: 0.1 ms]
   [Eden: 7152.0M(7152.0M)->0.0B(7152.0M) Survivors: 16384.0K->16384.0K Heap: 9970.8M(14336.0M)->2818.7M(14336.0M)]
 [Times: user=0.07 sys=0.00, real=0.01 secs] 
2022-11-09T15:49:09.295-0700: 336293.981: [GC pause (G1 Evacuation Pause) (young), 0.0138527 secs]
   [Parallel Time: 7.7 ms, GC Workers: 14]
      [GC Worker Start (ms): Min: 336293981.4, Avg: 336293981.5, Max: 336293981.7, Diff: 0.4]
      [Ext Root Scanning (ms): Min: 0.2, Avg: 0.6, Max: 3.8, Diff: 3.6, Sum: 9.1]
      [Update RS (ms): Min: 0.0, Avg: 0.1, Max: 0.3, Diff: 0.3, Sum: 1.3]
         [Processed Buffers: Min: 0, Avg: 11.2, Max: 38, Diff: 38, Sum: 157]
      [Scan RS (ms): Min: 0.0, Avg: 0.0, Max: 0.1, Diff: 0.0, Sum: 0.5]
      [Code Root Scanning (ms): Min: 0.0, Avg: 0.0, Max: 0.0, Diff: 0.0, Sum: 0.0]
      [Object Copy (ms): Min: 0.0, Avg: 0.7, Max: 6.7, Diff: 6.6, Sum: 9.5]
      [Termination (ms): Min: 0.0, Avg: 5.7, Max: 6.5, Diff: 6.5, Sum: 80.1]
         [Termination Attempts: Min: 1, Avg: 4.5, Max: 14, Diff: 13, Sum: 63]
      [GC Worker Other (ms): Min: 0.0, Avg: 0.0, Max: 0.0, Diff: 0.0, Sum: 0.1]
      [GC Worker Total (ms): Min: 6.9, Avg: 7.2, Max: 7.3, Diff: 0.4, Sum: 100.6]
      [GC Worker End (ms): Min: 336293988.7, Avg: 336293988.7, Max: 336293988.8, Diff: 0.2]
   [Code Root Fixup: 0.0 ms]
   [Code Root Purge: 0.0 ms]
   [Clear CT: 0.4 ms]
   [Other: 5.8 ms]
      [Choose CSet: 0.0 ms]
      [Ref Proc: 5.2 ms]
      [Ref Enq: 0.2 ms]
      [Redirty Cards: 0.2 ms]
      [Humongous Register: 0.0 ms]
      [Humongous Reclaim: 0.0 ms]
      [Free CSet: 0.1 ms]
   [Eden: 7152.0M(7152.0M)->0.0B(7152.0M) Survivors: 16384.0K->16384.0K Heap: 9970.7M(14336.0M)->2819.0M(14336.0M)]
 [Times: user=0.12 sys=0.00, real=0.01 secs] 
2022-11-09T16:05:27.145-0700: 337271.831: [GC pause (G1 Evacuation Pause) (young), 0.0102411 secs]
   [Parallel Time: 3.9 ms, GC Workers: 14]
      [GC Worker Start (ms): Min: 337271831.4, Avg: 337271831.5, Max: 337271831.7, Diff: 0.3]
      [Ext Root Scanning (ms): Min: 0.2, Avg: 0.6, Max: 3.8, Diff: 3.6, Sum: 8.9]
      [Update RS (ms): Min: 0.0, Avg: 0.1, Max: 0.2, Diff: 0.2, Sum: 1.3]
         [Processed Buffers: Min: 0, Avg: 11.7, Max: 32, Diff: 32, Sum: 164]
      [Scan RS (ms): Min: 0.0, Avg: 0.0, Max: 0.1, Diff: 0.0, Sum: 0.3]
      [Code Root Scanning (ms): Min: 0.0, Avg: 0.0, Max: 0.0, Diff: 0.0, Sum: 0.0]
      [Object Copy (ms): Min: 0.0, Avg: 0.4, Max: 0.5, Diff: 0.5, Sum: 5.3]
      [Termination (ms): Min: 0.0, Avg: 2.5, Max: 2.8, Diff: 2.8, Sum: 35.4]
         [Termination Attempts: Min: 1, Avg: 56.6, Max: 86, Diff: 85, Sum: 793]
      [GC Worker Other (ms): Min: 0.0, Avg: 0.0, Max: 0.0, Diff: 0.0, Sum: 0.1]
      [GC Worker Total (ms): Min: 3.5, Avg: 3.7, Max: 3.8, Diff: 0.3, Sum: 51.2]
      [GC Worker End (ms): Min: 337271835.2, Avg: 337271835.2, Max: 337271835.2, Diff: 0.1]
   [Code Root Fixup: 0.0 ms]
   [Code Root Purge: 0.0 ms]
   [Clear CT: 0.4 ms]
   [Other: 5.9 ms]
      [Choose CSet: 0.0 ms]
      [Ref Proc: 5.3 ms]
      [Ref Enq: 0.2 ms]
      [Redirty Cards: 0.3 ms]
      [Humongous Register: 0.0 ms]
      [Humongous Reclaim: 0.0 ms]
      [Free CSet: 0.1 ms]
   [Eden: 7152.0M(7152.0M)->0.0B(7152.0M) Survivors: 16384.0K->16384.0K Heap: 9971.0M(14336.0M)->2818.8M(14336.0M)]
 [Times: user=0.07 sys=0.00, real=0.01 secs] 
2022-11-09T16:21:39.745-0700: 338244.432: [GC pause (G1 Evacuation Pause) (young), 0.0112867 secs]
   [Parallel Time: 4.3 ms, GC Workers: 14]
      [GC Worker Start (ms): Min: 338244431.7, Avg: 338244431.9, Max: 338244432.1, Diff: 0.4]
      [Ext Root Scanning (ms): Min: 0.1, Avg: 0.6, Max: 3.8, Diff: 3.6, Sum: 8.7]
      [Update RS (ms): Min: 0.0, Avg: 0.1, Max: 0.2, Diff: 0.2, Sum: 1.3]
         [Processed Buffers: Min: 0, Avg: 11.5, Max: 31, Diff: 31, Sum: 161]
      [Scan RS (ms): Min: 0.0, Avg: 0.0, Max: 0.1, Diff: 0.0, Sum: 0.4]
      [Code Root Scanning (ms): Min: 0.0, Avg: 0.0, Max: 0.0, Diff: 0.0, Sum: 0.0]
      [Object Copy (ms): Min: 0.0, Avg: 0.3, Max: 0.4, Diff: 0.4, Sum: 4.0]
      [Termination (ms): Min: 0.0, Avg: 2.6, Max: 2.9, Diff: 2.9, Sum: 36.7]
         [Termination Attempts: Min: 1, Avg: 35.6, Max: 51, Diff: 50, Sum: 498]
      [GC Worker Other (ms): Min: 0.0, Avg: 0.0, Max: 0.0, Diff: 0.0, Sum: 0.1]
      [GC Worker Total (ms): Min: 3.4, Avg: 3.6, Max: 3.8, Diff: 0.3, Sum: 51.1]
      [GC Worker End (ms): Min: 338244435.5, Avg: 338244435.5, Max: 338244435.6, Diff: 0.1]
   [Code Root Fixup: 0.0 ms]
   [Code Root Purge: 0.0 ms]
   [Clear CT: 0.3 ms]
   [Other: 6.7 ms]
      [Choose CSet: 0.0 ms]
      [Ref Proc: 5.9 ms]
      [Ref Enq: 0.4 ms]
      [Redirty Cards: 0.2 ms]
      [Humongous Register: 0.0 ms]
      [Humongous Reclaim: 0.0 ms]
      [Free CSet: 0.1 ms]
   [Eden: 7152.0M(7152.0M)->0.0B(7152.0M) Survivors: 16384.0K->16384.0K Heap: 9970.8M(14336.0M)->2819.1M(14336.0M)]
 [Times: user=0.08 sys=0.00, real=0.01 secs] 
2022-11-09T16:38:02.146-0700: 339226.832: [GC pause (G1 Evacuation Pause) (young), 0.0117270 secs]
   [Parallel Time: 5.3 ms, GC Workers: 14]
      [GC Worker Start (ms): Min: 339226831.8, Avg: 339226832.0, Max: 339226832.1, Diff: 0.3]
      [Ext Root Scanning (ms): Min: 0.3, Avg: 0.7, Max: 3.8, Diff: 3.5, Sum: 9.4]
      [Update RS (ms): Min: 0.0, Avg: 0.1, Max: 0.3, Diff: 0.3, Sum: 1.3]
         [Processed Buffers: Min: 0, Avg: 11.1, Max: 39, Diff: 39, Sum: 155]
      [Scan RS (ms): Min: 0.0, Avg: 0.0, Max: 0.1, Diff: 0.1, Sum: 0.4]
      [Code Root Scanning (ms): Min: 0.0, Avg: 0.0, Max: 0.0, Diff: 0.0, Sum: 0.0]
      [Object Copy (ms): Min: 0.0, Avg: 0.9, Max: 4.2, Diff: 4.2, Sum: 12.1]
      [Termination (ms): Min: 0.0, Avg: 3.0, Max: 3.8, Diff: 3.8, Sum: 42.5]
         [Termination Attempts: Min: 1, Avg: 14.4, Max: 30, Diff: 29, Sum: 202]
      [GC Worker Other (ms): Min: 0.0, Avg: 0.0, Max: 0.0, Diff: 0.0, Sum: 0.1]
      [GC Worker Total (ms): Min: 4.6, Avg: 4.7, Max: 4.9, Diff: 0.3, Sum: 65.7]
      [GC Worker End (ms): Min: 339226836.7, Avg: 339226836.7, Max: 339226836.8, Diff: 0.1]
   [Code Root Fixup: 0.0 ms]
   [Code Root Purge: 0.0 ms]
   [Clear CT: 0.4 ms]
   [Other: 6.0 ms]
      [Choose CSet: 0.0 ms]
      [Ref Proc: 5.3 ms]
      [Ref Enq: 0.3 ms]
      [Redirty Cards: 0.2 ms]
      [Humongous Register: 0.0 ms]
      [Humongous Reclaim: 0.0 ms]
      [Free CSet: 0.1 ms]
   [Eden: 7152.0M(7152.0M)->0.0B(7152.0M) Survivors: 16384.0K->16384.0K Heap: 9971.1M(14336.0M)->2818.9M(14336.0M)]
 [Times: user=0.08 sys=0.00, real=0.01 secs] 
2022-11-09T16:54:22.710-0700: 340207.396: [GC pause (G1 Evacuation Pause) (young), 0.0104890 secs]
   [Parallel Time: 4.4 ms, GC Workers: 14]
      [GC Worker Start (ms): Min: 340207396.3, Avg: 340207396.4, Max: 340207396.6, Diff: 0.3]
      [Ext Root Scanning (ms): Min: 0.2, Avg: 0.7, Max: 3.9, Diff: 3.7, Sum: 9.4]
      [Update RS (ms): Min: 0.0, Avg: 0.1, Max: 0.2, Diff: 0.2, Sum: 1.4]
         [Processed Buffers: Min: 0, Avg: 11.4, Max: 37, Diff: 37, Sum: 159]
      [Scan RS (ms): Min: 0.0, Avg: 0.0, Max: 0.0, Diff: 0.0, Sum: 0.5]
      [Code Root Scanning (ms): Min: 0.0, Avg: 0.0, Max: 0.0, Diff: 0.0, Sum: 0.0]
      [Object Copy (ms): Min: 0.0, Avg: 0.3, Max: 0.3, Diff: 0.3, Sum: 3.6]
      [Termination (ms): Min: 0.0, Avg: 2.7, Max: 3.1, Diff: 3.1, Sum: 38.5]
         [Termination Attempts: Min: 1, Avg: 24.4, Max: 36, Diff: 35, Sum: 341]
      [GC Worker Other (ms): Min: 0.0, Avg: 0.0, Max: 0.0, Diff: 0.0, Sum: 0.1]
      [GC Worker Total (ms): Min: 3.6, Avg: 3.8, Max: 4.0, Diff: 0.4, Sum: 53.4]
      [GC Worker End (ms): Min: 340207400.2, Avg: 340207400.3, Max: 340207400.4, Diff: 0.2]
   [Code Root Fixup: 0.0 ms]
   [Code Root Purge: 0.0 ms]
   [Clear CT: 0.4 ms]
   [Other: 5.7 ms]
      [Choose CSet: 0.0 ms]
      [Ref Proc: 5.1 ms]
      [Ref Enq: 0.2 ms]
      [Redirty Cards: 0.2 ms]
      [Humongous Register: 0.0 ms]
      [Humongous Reclaim: 0.0 ms]
      [Free CSet: 0.1 ms]
   [Eden: 7152.0M(7152.0M)->0.0B(7152.0M) Survivors: 16384.0K->16384.0K Heap: 9970.9M(14336.0M)->2818.8M(14336.0M)]
 [Times: user=0.08 sys=0.00, real=0.01 secs] 
2022-11-09T17:10:39.695-0700: 341184.381: [GC pause (G1 Evacuation Pause) (young), 0.0109883 secs]
   [Parallel Time: 4.2 ms, GC Workers: 14]
      [GC Worker Start (ms): Min: 341184381.5, Avg: 341184381.7, Max: 341184381.9, Diff: 0.4]
      [Ext Root Scanning (ms): Min: 0.3, Avg: 0.7, Max: 3.8, Diff: 3.5, Sum: 9.6]
      [Update RS (ms): Min: 0.0, Avg: 0.2, Max: 0.3, Diff: 0.3, Sum: 2.1]
         [Processed Buffers: Min: 0, Avg: 11.2, Max: 45, Diff: 45, Sum: 157]
      [Scan RS (ms): Min: 0.0, Avg: 0.0, Max: 0.1, Diff: 0.1, Sum: 0.3]
      [Code Root Scanning (ms): Min: 0.0, Avg: 0.0, Max: 0.0, Diff: 0.0, Sum: 0.0]
      [Object Copy (ms): Min: 0.0, Avg: 0.3, Max: 0.4, Diff: 0.4, Sum: 3.6]
      [Termination (ms): Min: 0.0, Avg: 2.5, Max: 2.7, Diff: 2.7, Sum: 34.7]
         [Termination Attempts: Min: 1, Avg: 26.0, Max: 44, Diff: 43, Sum: 364]
      [GC Worker Other (ms): Min: 0.0, Avg: 0.0, Max: 0.0, Diff: 0.0, Sum: 0.1]
      [GC Worker Total (ms): Min: 3.4, Avg: 3.6, Max: 3.8, Diff: 0.4, Sum: 50.4]
      [GC Worker End (ms): Min: 341184385.3, Avg: 341184385.3, Max: 341184385.3, Diff: 0.1]
   [Code Root Fixup: 0.0 ms]
   [Code Root Purge: 0.0 ms]
   [Clear CT: 0.3 ms]
   [Other: 6.6 ms]
      [Choose CSet: 0.0 ms]
      [Ref Proc: 5.9 ms]
      [Ref Enq: 0.3 ms]
      [Redirty Cards: 0.2 ms]
      [Humongous Register: 0.0 ms]
      [Humongous Reclaim: 0.0 ms]
      [Free CSet: 0.1 ms]
   [Eden: 7152.0M(7152.0M)->0.0B(7152.0M) Survivors: 16384.0K->16384.0K Heap: 9970.8M(14336.0M)->2818.9M(14336.0M)]
 [Times: user=0.08 sys=0.00, real=0.01 secs] 
2022-11-09T17:26:54.218-0700: 342158.904: [GC pause (G1 Evacuation Pause) (young), 0.0106664 secs]
   [Parallel Time: 4.2 ms, GC Workers: 14]
      [GC Worker Start (ms): Min: 342158904.5, Avg: 342158904.6, Max: 342158904.8, Diff: 0.3]
      [Ext Root Scanning (ms): Min: 0.2, Avg: 0.6, Max: 3.8, Diff: 3.5, Sum: 8.9]
      [Update RS (ms): Min: 0.0, Avg: 0.1, Max: 0.3, Diff: 0.3, Sum: 1.4]
         [Processed Buffers: Min: 0, Avg: 9.9, Max: 43, Diff: 43, Sum: 139]
      [Scan RS (ms): Min: 0.0, Avg: 0.0, Max: 0.1, Diff: 0.1, Sum: 0.4]
      [Code Root Scanning (ms): Min: 0.0, Avg: 0.0, Max: 0.0, Diff: 0.0, Sum: 0.0]
      [Object Copy (ms): Min: 0.0, Avg: 0.3, Max: 0.3, Diff: 0.3, Sum: 3.7]
      [Termination (ms): Min: 0.0, Avg: 2.6, Max: 2.9, Diff: 2.9, Sum: 36.6]
         [Termination Attempts: Min: 1, Avg: 23.9, Max: 38, Diff: 37, Sum: 334]
      [GC Worker Other (ms): Min: 0.0, Avg: 0.0, Max: 0.0, Diff: 0.0, Sum: 0.1]
      [GC Worker Total (ms): Min: 3.5, Avg: 3.7, Max: 3.8, Diff: 0.3, Sum: 51.1]
      [GC Worker End (ms): Min: 342158908.3, Avg: 342158908.3, Max: 342158908.4, Diff: 0.1]
   [Code Root Fixup: 0.0 ms]
   [Code Root Purge: 0.0 ms]
   [Clear CT: 0.4 ms]
   [Other: 6.1 ms]
      [Choose CSet: 0.0 ms]
      [Ref Proc: 5.4 ms]
      [Ref Enq: 0.2 ms]
      [Redirty Cards: 0.2 ms]
      [Humongous Register: 0.0 ms]
      [Humongous Reclaim: 0.0 ms]
      [Free CSet: 0.1 ms]
   [Eden: 7152.0M(7152.0M)->0.0B(7152.0M) Survivors: 16384.0K->16384.0K Heap: 9970.9M(14336.0M)->2818.9M(14336.0M)]
 [Times: user=0.07 sys=0.00, real=0.01 secs] 
2022-11-09T17:43:12.595-0700: 343137.281: [GC pause (G1 Evacuation Pause) (young), 0.0132984 secs]
   [Parallel Time: 7.4 ms, GC Workers: 14]
      [GC Worker Start (ms): Min: 343137281.5, Avg: 343137281.7, Max: 343137281.9, Diff: 0.4]
      [Ext Root Scanning (ms): Min: 0.2, Avg: 0.6, Max: 3.8, Diff: 3.6, Sum: 8.8]
      [Update RS (ms): Min: 0.0, Avg: 0.1, Max: 0.3, Diff: 0.3, Sum: 1.3]
         [Processed Buffers: Min: 0, Avg: 11.3, Max: 31, Diff: 31, Sum: 158]
      [Scan RS (ms): Min: 0.0, Avg: 0.0, Max: 0.1, Diff: 0.1, Sum: 0.5]
      [Code Root Scanning (ms): Min: 0.0, Avg: 0.0, Max: 0.0, Diff: 0.0, Sum: 0.0]
      [Object Copy (ms): Min: 0.0, Avg: 0.7, Max: 6.5, Diff: 6.5, Sum: 10.1]
      [Termination (ms): Min: 0.0, Avg: 5.5, Max: 6.3, Diff: 6.3, Sum: 77.3]
         [Termination Attempts: Min: 1, Avg: 12.1, Max: 28, Diff: 27, Sum: 170]
      [GC Worker Other (ms): Min: 0.0, Avg: 0.0, Max: 0.0, Diff: 0.0, Sum: 0.1]
      [GC Worker Total (ms): Min: 6.9, Avg: 7.0, Max: 7.2, Diff: 0.3, Sum: 98.2]
      [GC Worker End (ms): Min: 343137288.7, Avg: 343137288.7, Max: 343137288.7, Diff: 0.1]
   [Code Root Fixup: 0.0 ms]
   [Code Root Purge: 0.0 ms]
   [Clear CT: 0.3 ms]
   [Other: 5.5 ms]
      [Choose CSet: 0.0 ms]
      [Ref Proc: 4.9 ms]
      [Ref Enq: 0.2 ms]
      [Redirty Cards: 0.2 ms]
      [Humongous Register: 0.0 ms]
      [Humongous Reclaim: 0.0 ms]
      [Free CSet: 0.1 ms]
   [Eden: 7152.0M(7152.0M)->0.0B(7152.0M) Survivors: 16384.0K->16384.0K Heap: 9970.9M(14336.0M)->2818.8M(14336.0M)]
 [Times: user=0.12 sys=0.00, real=0.01 secs] 
2022-11-09T17:59:30.245-0700: 344114.931: [GC pause (G1 Evacuation Pause) (young), 0.0109362 secs]
   [Parallel Time: 4.3 ms, GC Workers: 14]
      [GC Worker Start (ms): Min: 344114931.2, Avg: 344114931.4, Max: 344114931.5, Diff: 0.3]
      [Ext Root Scanning (ms): Min: 0.3, Avg: 0.7, Max: 3.8, Diff: 3.5, Sum: 9.5]
      [Update RS (ms): Min: 0.0, Avg: 0.1, Max: 0.3, Diff: 0.3, Sum: 1.4]
         [Processed Buffers: Min: 0, Avg: 11.0, Max: 32, Diff: 32, Sum: 154]
      [Scan RS (ms): Min: 0.0, Avg: 0.0, Max: 0.1, Diff: 0.0, Sum: 0.4]
      [Code Root Scanning (ms): Min: 0.0, Avg: 0.0, Max: 0.0, Diff: 0.0, Sum: 0.0]
      [Object Copy (ms): Min: 0.0, Avg: 0.3, Max: 0.4, Diff: 0.4, Sum: 4.2]
      [Termination (ms): Min: 0.0, Avg: 2.5, Max: 2.8, Diff: 2.8, Sum: 35.4]
         [Termination Attempts: Min: 1, Avg: 31.8, Max: 55, Diff: 54, Sum: 445]
      [GC Worker Other (ms): Min: 0.0, Avg: 0.0, Max: 0.0, Diff: 0.0, Sum: 0.1]
      [GC Worker Total (ms): Min: 3.5, Avg: 3.6, Max: 3.8, Diff: 0.3, Sum: 51.1]
      [GC Worker End (ms): Min: 344114935.0, Avg: 344114935.0, Max: 344114935.1, Diff: 0.1]
   [Code Root Fixup: 0.0 ms]
   [Code Root Purge: 0.0 ms]
   [Clear CT: 0.4 ms]
   [Other: 6.2 ms]
      [Choose CSet: 0.0 ms]
      [Ref Proc: 5.6 ms]
      [Ref Enq: 0.2 ms]
      [Redirty Cards: 0.2 ms]
      [Humongous Register: 0.0 ms]
      [Humongous Reclaim: 0.0 ms]
      [Free CSet: 0.1 ms]
   [Eden: 7152.0M(7152.0M)->0.0B(7152.0M) Survivors: 16384.0K->16384.0K Heap: 9970.8M(14336.0M)->2819.0M(14336.0M)]
 [Times: user=0.07 sys=0.00, real=0.01 secs] 
2022-11-09T18:15:39.795-0700: 345084.481: [GC pause (G1 Evacuation Pause) (young), 0.0117430 secs]
   [Parallel Time: 4.4 ms, GC Workers: 14]
      [GC Worker Start (ms): Min: 345084481.2, Avg: 345084481.5, Max: 345084481.6, Diff: 0.4]
      [Ext Root Scanning (ms): Min: 0.2, Avg: 0.7, Max: 3.7, Diff: 3.5, Sum: 9.2]
      [Update RS (ms): Min: 0.0, Avg: 0.1, Max: 0.3, Diff: 0.3, Sum: 1.2]
         [Processed Buffers: Min: 0, Avg: 10.3, Max: 31, Diff: 31, Sum: 144]
      [Scan RS (ms): Min: 0.0, Avg: 0.0, Max: 0.1, Diff: 0.0, Sum: 0.5]
      [Code Root Scanning (ms): Min: 0.0, Avg: 0.0, Max: 0.0, Diff: 0.0, Sum: 0.0]
      [Object Copy (ms): Min: 0.0, Avg: 0.3, Max: 0.4, Diff: 0.4, Sum: 3.9]
      [Termination (ms): Min: 0.0, Avg: 2.5, Max: 2.7, Diff: 2.7, Sum: 34.6]
         [Termination Attempts: Min: 1, Avg: 17.3, Max: 29, Diff: 28, Sum: 242]
      [GC Worker Other (ms): Min: 0.0, Avg: 0.0, Max: 0.0, Diff: 0.0, Sum: 0.1]
      [GC Worker Total (ms): Min: 3.3, Avg: 3.5, Max: 3.8, Diff: 0.4, Sum: 49.4]
      [GC Worker End (ms): Min: 345084485.0, Avg: 345084485.0, Max: 345084485.0, Diff: 0.1]
   [Code Root Fixup: 0.0 ms]
   [Code Root Purge: 0.0 ms]
   [Clear CT: 0.4 ms]
   [Other: 7.0 ms]
      [Choose CSet: 0.0 ms]
      [Ref Proc: 6.4 ms]
      [Ref Enq: 0.2 ms]
      [Redirty Cards: 0.2 ms]
      [Humongous Register: 0.0 ms]
      [Humongous Reclaim: 0.0 ms]
      [Free CSet: 0.1 ms]
   [Eden: 7152.0M(7152.0M)->0.0B(7152.0M) Survivors: 16384.0K->16384.0K Heap: 9971.0M(14336.0M)->2818.9M(14336.0M)]
 [Times: user=0.07 sys=0.00, real=0.01 secs] 
2022-11-09T18:31:41.125-0700: 346045.812: [GC pause (G1 Evacuation Pause) (young), 0.0101076 secs]
   [Parallel Time: 4.3 ms, GC Workers: 14]
      [GC Worker Start (ms): Min: 346045811.6, Avg: 346045811.8, Max: 346045812.0, Diff: 0.3]
      [Ext Root Scanning (ms): Min: 0.2, Avg: 0.7, Max: 3.8, Diff: 3.6, Sum: 9.4]
      [Update RS (ms): Min: 0.0, Avg: 0.1, Max: 0.2, Diff: 0.2, Sum: 1.3]
         [Processed Buffers: Min: 0, Avg: 10.9, Max: 43, Diff: 43, Sum: 152]
      [Scan RS (ms): Min: 0.0, Avg: 0.0, Max: 0.1, Diff: 0.1, Sum: 0.5]
      [Code Root Scanning (ms): Min: 0.0, Avg: 0.0, Max: 0.0, Diff: 0.0, Sum: 0.0]
      [Object Copy (ms): Min: 0.0, Avg: 1.3, Max: 1.5, Diff: 1.5, Sum: 18.1]
      [Termination (ms): Min: 0.0, Avg: 1.6, Max: 1.9, Diff: 1.9, Sum: 23.0]
         [Termination Attempts: Min: 1, Avg: 229.6, Max: 308, Diff: 307, Sum: 3215]
      [GC Worker Other (ms): Min: 0.0, Avg: 0.0, Max: 0.0, Diff: 0.0, Sum: 0.1]
      [GC Worker Total (ms): Min: 3.6, Avg: 3.7, Max: 3.9, Diff: 0.3, Sum: 52.3]
      [GC Worker End (ms): Min: 346045815.5, Avg: 346045815.5, Max: 346045815.6, Diff: 0.1]
   [Code Root Fixup: 0.0 ms]
   [Code Root Purge: 0.0 ms]
   [Clear CT: 0.3 ms]
   [Other: 5.6 ms]
      [Choose CSet: 0.0 ms]
      [Ref Proc: 4.9 ms]
      [Ref Enq: 0.3 ms]
      [Redirty Cards: 0.2 ms]
      [Humongous Register: 0.0 ms]
      [Humongous Reclaim: 0.0 ms]
      [Free CSet: 0.1 ms]
   [Eden: 7152.0M(7152.0M)->0.0B(7152.0M) Survivors: 16384.0K->16384.0K Heap: 9970.9M(14336.0M)->2822.3M(14336.0M)]
 [Times: user=0.08 sys=0.00, real=0.01 secs] 
2022-11-09T18:47:53.695-0700: 347018.381: [GC pause (G1 Evacuation Pause) (young), 0.0148895 secs]
   [Parallel Time: 8.2 ms, GC Workers: 14]
      [GC Worker Start (ms): Min: 347018381.3, Avg: 347018381.5, Max: 347018381.6, Diff: 0.3]
      [Ext Root Scanning (ms): Min: 0.3, Avg: 0.6, Max: 3.8, Diff: 3.5, Sum: 8.9]
      [Update RS (ms): Min: 0.0, Avg: 0.1, Max: 0.3, Diff: 0.3, Sum: 1.4]
         [Processed Buffers: Min: 0, Avg: 11.2, Max: 41, Diff: 41, Sum: 157]
      [Scan RS (ms): Min: 0.0, Avg: 0.0, Max: 0.1, Diff: 0.0, Sum: 0.5]
      [Code Root Scanning (ms): Min: 0.0, Avg: 0.0, Max: 0.0, Diff: 0.0, Sum: 0.0]
      [Object Copy (ms): Min: 0.0, Avg: 2.6, Max: 7.0, Diff: 7.0, Sum: 36.8]
      [Termination (ms): Min: 0.0, Avg: 4.2, Max: 6.9, Diff: 6.9, Sum: 58.8]
         [Termination Attempts: Min: 1, Avg: 6.3, Max: 18, Diff: 17, Sum: 88]
      [GC Worker Other (ms): Min: 0.0, Avg: 0.0, Max: 0.0, Diff: 0.0, Sum: 0.1]
      [GC Worker Total (ms): Min: 7.4, Avg: 7.6, Max: 7.8, Diff: 0.3, Sum: 106.4]
      [GC Worker End (ms): Min: 347018389.1, Avg: 347018389.1, Max: 347018389.2, Diff: 0.1]
   [Code Root Fixup: 0.0 ms]
   [Code Root Purge: 0.0 ms]
   [Clear CT: 0.2 ms]
   [Other: 6.4 ms]
      [Choose CSet: 0.0 ms]
      [Ref Proc: 5.6 ms]
      [Ref Enq: 0.3 ms]
      [Redirty Cards: 0.2 ms]
      [Humongous Register: 0.0 ms]
      [Humongous Reclaim: 0.0 ms]
      [Free CSet: 0.2 ms]
   [Eden: 7152.0M(7152.0M)->0.0B(7152.0M) Survivors: 16384.0K->16384.0K Heap: 9974.3M(14336.0M)->2823.4M(14336.0M)]
 [Times: user=0.09 sys=0.00, real=0.01 secs] 
2022-11-09T19:04:08.295-0700: 347992.981: [GC pause (G1 Evacuation Pause) (young), 0.0153822 secs]
   [Parallel Time: 8.7 ms, GC Workers: 14]
      [GC Worker Start (ms): Min: 347992981.3, Avg: 347992981.6, Max: 347992981.7, Diff: 0.4]
      [Ext Root Scanning (ms): Min: 0.2, Avg: 0.7, Max: 3.7, Diff: 3.5, Sum: 9.3]
      [Update RS (ms): Min: 0.0, Avg: 0.1, Max: 0.2, Diff: 0.2, Sum: 1.3]
         [Processed Buffers: Min: 0, Avg: 10.7, Max: 33, Diff: 33, Sum: 150]
      [Scan RS (ms): Min: 0.0, Avg: 0.0, Max: 0.1, Diff: 0.1, Sum: 0.5]
      [Code Root Scanning (ms): Min: 0.0, Avg: 0.0, Max: 0.0, Diff: 0.0, Sum: 0.0]
      [Object Copy (ms): Min: 0.0, Avg: 2.8, Max: 7.4, Diff: 7.4, Sum: 38.6]
      [Termination (ms): Min: 0.0, Avg: 4.5, Max: 7.2, Diff: 7.2, Sum: 62.4]
         [Termination Attempts: Min: 1, Avg: 5.6, Max: 14, Diff: 13, Sum: 78]
      [GC Worker Other (ms): Min: 0.0, Avg: 0.0, Max: 0.0, Diff: 0.0, Sum: 0.1]
      [GC Worker Total (ms): Min: 7.9, Avg: 8.0, Max: 8.2, Diff: 0.4, Sum: 112.2]
      [GC Worker End (ms): Min: 347992989.5, Avg: 347992989.6, Max: 347992989.6, Diff: 0.1]
   [Code Root Fixup: 0.0 ms]
   [Code Root Purge: 0.0 ms]
   [Clear CT: 0.4 ms]
   [Other: 6.3 ms]
      [Choose CSet: 0.0 ms]
      [Ref Proc: 5.6 ms]
      [Ref Enq: 0.3 ms]
      [Redirty Cards: 0.2 ms]
      [Humongous Register: 0.0 ms]
      [Humongous Reclaim: 0.0 ms]
      [Free CSet: 0.1 ms]
   [Eden: 7152.0M(7152.0M)->0.0B(7152.0M) Survivors: 16384.0K->16384.0K Heap: 9975.4M(14336.0M)->2819.7M(14336.0M)]
 [Times: user=0.11 sys=0.00, real=0.01 secs] 
2022-11-09T19:20:22.556-0700: 348967.242: [GC pause (G1 Evacuation Pause) (young), 0.0127907 secs]
   [Parallel Time: 6.7 ms, GC Workers: 14]
      [GC Worker Start (ms): Min: 348967242.3, Avg: 348967242.4, Max: 348967242.6, Diff: 0.3]
      [Ext Root Scanning (ms): Min: 0.2, Avg: 0.6, Max: 3.7, Diff: 3.5, Sum: 8.8]
      [Update RS (ms): Min: 0.0, Avg: 0.1, Max: 0.2, Diff: 0.2, Sum: 1.4]
         [Processed Buffers: Min: 0, Avg: 12.5, Max: 30, Diff: 30, Sum: 175]
      [Scan RS (ms): Min: 0.0, Avg: 0.0, Max: 0.0, Diff: 0.0, Sum: 0.4]
      [Code Root Scanning (ms): Min: 0.0, Avg: 0.0, Max: 0.0, Diff: 0.0, Sum: 0.0]
      [Object Copy (ms): Min: 0.0, Avg: 1.1, Max: 5.7, Diff: 5.7, Sum: 14.8]
      [Termination (ms): Min: 0.0, Avg: 4.5, Max: 5.4, Diff: 5.4, Sum: 62.5]
         [Termination Attempts: Min: 1, Avg: 18.0, Max: 32, Diff: 31, Sum: 252]
      [GC Worker Other (ms): Min: 0.0, Avg: 0.0, Max: 0.0, Diff: 0.0, Sum: 0.1]
      [GC Worker Total (ms): Min: 6.1, Avg: 6.3, Max: 6.4, Diff: 0.4, Sum: 88.0]
      [GC Worker End (ms): Min: 348967248.7, Avg: 348967248.7, Max: 348967248.7, Diff: 0.0]
   [Code Root Fixup: 0.0 ms]
   [Code Root Purge: 0.0 ms]
   [Clear CT: 0.3 ms]
   [Other: 5.7 ms]
      [Choose CSet: 0.0 ms]
      [Ref Proc: 5.1 ms]
      [Ref Enq: 0.2 ms]
      [Redirty Cards: 0.2 ms]
      [Humongous Register: 0.0 ms]
      [Humongous Reclaim: 0.0 ms]
      [Free CSet: 0.1 ms]
   [Eden: 7152.0M(7152.0M)->0.0B(7152.0M) Survivors: 16384.0K->16384.0K Heap: 9971.7M(14336.0M)->2819.3M(14336.0M)]
 [Times: user=0.10 sys=0.00, real=0.01 secs] 
2022-11-09T19:36:33.196-0700: 349937.882: [GC pause (G1 Evacuation Pause) (young), 0.0085528 secs]
   [Parallel Time: 2.9 ms, GC Workers: 14]
      [GC Worker Start (ms): Min: 349937882.2, Avg: 349937882.3, Max: 349937882.4, Diff: 0.3]
      [Ext Root Scanning (ms): Min: 0.3, Avg: 0.6, Max: 2.6, Diff: 2.4, Sum: 8.1]
      [Update RS (ms): Min: 0.0, Avg: 0.1, Max: 0.2, Diff: 0.2, Sum: 1.3]
         [Processed Buffers: Min: 0, Avg: 11.5, Max: 35, Diff: 35, Sum: 161]
      [Scan RS (ms): Min: 0.0, Avg: 0.0, Max: 0.1, Diff: 0.1, Sum: 0.6]
      [Code Root Scanning (ms): Min: 0.0, Avg: 0.0, Max: 0.0, Diff: 0.0, Sum: 0.0]
      [Object Copy (ms): Min: 0.0, Avg: 0.3, Max: 0.4, Diff: 0.4, Sum: 4.2]
      [Termination (ms): Min: 0.0, Avg: 1.5, Max: 1.7, Diff: 1.7, Sum: 21.3]
         [Termination Attempts: Min: 1, Avg: 37.8, Max: 58, Diff: 57, Sum: 529]
      [GC Worker Other (ms): Min: 0.0, Avg: 0.0, Max: 0.0, Diff: 0.0, Sum: 0.1]
      [GC Worker Total (ms): Min: 2.4, Avg: 2.5, Max: 2.7, Diff: 0.3, Sum: 35.6]
      [GC Worker End (ms): Min: 349937884.8, Avg: 349937884.8, Max: 349937884.9, Diff: 0.1]
   [Code Root Fixup: 0.0 ms]
   [Code Root Purge: 0.0 ms]
   [Clear CT: 0.4 ms]
   [Other: 5.3 ms]
      [Choose CSet: 0.0 ms]
      [Ref Proc: 4.7 ms]
      [Ref Enq: 0.2 ms]
      [Redirty Cards: 0.2 ms]
      [Humongous Register: 0.0 ms]
      [Humongous Reclaim: 0.0 ms]
      [Free CSet: 0.1 ms]
   [Eden: 7152.0M(7152.0M)->0.0B(7152.0M) Survivors: 16384.0K->16384.0K Heap: 9971.3M(14336.0M)->2819.0M(14336.0M)]
 [Times: user=0.05 sys=0.00, real=0.01 secs] 
2022-11-09T19:52:55.745-0700: 350920.432: [GC pause (G1 Evacuation Pause) (young), 0.0077595 secs]
   [Parallel Time: 3.0 ms, GC Workers: 14]
      [GC Worker Start (ms): Min: 350920431.6, Avg: 350920431.8, Max: 350920431.9, Diff: 0.3]
      [Ext Root Scanning (ms): Min: 0.2, Avg: 0.5, Max: 2.6, Diff: 2.4, Sum: 7.7]
      [Update RS (ms): Min: 0.0, Avg: 0.1, Max: 0.2, Diff: 0.2, Sum: 1.4]
         [Processed Buffers: Min: 0, Avg: 11.6, Max: 31, Diff: 31, Sum: 162]
      [Scan RS (ms): Min: 0.0, Avg: 0.0, Max: 0.1, Diff: 0.1, Sum: 0.5]
      [Code Root Scanning (ms): Min: 0.0, Avg: 0.0, Max: 0.0, Diff: 0.0, Sum: 0.0]
      [Object Copy (ms): Min: 0.0, Avg: 0.3, Max: 0.3, Diff: 0.3, Sum: 3.7]
      [Termination (ms): Min: 0.0, Avg: 1.6, Max: 1.8, Diff: 1.8, Sum: 21.9]
         [Termination Attempts: Min: 1, Avg: 21.8, Max: 35, Diff: 34, Sum: 305]
      [GC Worker Other (ms): Min: 0.0, Avg: 0.0, Max: 0.0, Diff: 0.0, Sum: 0.1]
      [GC Worker Total (ms): Min: 2.4, Avg: 2.5, Max: 2.8, Diff: 0.4, Sum: 35.2]
      [GC Worker End (ms): Min: 350920434.3, Avg: 350920434.3, Max: 350920434.4, Diff: 0.1]
   [Code Root Fixup: 0.0 ms]
   [Code Root Purge: 0.0 ms]
   [Clear CT: 0.4 ms]
   [Other: 4.4 ms]
      [Choose CSet: 0.0 ms]
      [Ref Proc: 3.8 ms]
      [Ref Enq: 0.2 ms]
      [Redirty Cards: 0.2 ms]
      [Humongous Register: 0.0 ms]
      [Humongous Reclaim: 0.0 ms]
      [Free CSet: 0.1 ms]
   [Eden: 7152.0M(7152.0M)->0.0B(7152.0M) Survivors: 16384.0K->16384.0K Heap: 9971.0M(14336.0M)->2819.1M(14336.0M)]
 [Times: user=0.05 sys=0.00, real=0.00 secs] 
2022-11-09T20:09:11.545-0700: 351896.231: [GC pause (G1 Evacuation Pause) (young), 0.0145248 secs]
   [Parallel Time: 8.4 ms, GC Workers: 14]
      [GC Worker Start (ms): Min: 351896231.1, Avg: 351896231.3, Max: 351896231.4, Diff: 0.4]
      [Ext Root Scanning (ms): Min: 0.2, Avg: 0.6, Max: 3.8, Diff: 3.5, Sum: 8.8]
      [Update RS (ms): Min: 0.0, Avg: 0.1, Max: 0.3, Diff: 0.3, Sum: 1.4]
         [Processed Buffers: Min: 0, Avg: 10.9, Max: 30, Diff: 30, Sum: 152]
      [Scan RS (ms): Min: 0.0, Avg: 0.0, Max: 0.1, Diff: 0.0, Sum: 0.4]
      [Code Root Scanning (ms): Min: 0.0, Avg: 0.0, Max: 0.0, Diff: 0.0, Sum: 0.0]
      [Object Copy (ms): Min: 0.0, Avg: 3.7, Max: 7.2, Diff: 7.2, Sum: 51.3]
      [Termination (ms): Min: 0.0, Avg: 3.4, Max: 7.1, Diff: 7.1, Sum: 46.9]
         [Termination Attempts: Min: 1, Avg: 2.2, Max: 5, Diff: 4, Sum: 31]
      [GC Worker Other (ms): Min: 0.0, Avg: 0.0, Max: 0.0, Diff: 0.0, Sum: 0.1]
      [GC Worker Total (ms): Min: 7.6, Avg: 7.8, Max: 8.0, Diff: 0.4, Sum: 109.0]
      [GC Worker End (ms): Min: 351896239.1, Avg: 351896239.1, Max: 351896239.1, Diff: 0.0]
   [Code Root Fixup: 0.0 ms]
   [Code Root Purge: 0.0 ms]
   [Clear CT: 0.2 ms]
   [Other: 5.9 ms]
      [Choose CSet: 0.0 ms]
      [Ref Proc: 5.1 ms]
      [Ref Enq: 0.3 ms]
      [Redirty Cards: 0.2 ms]
      [Humongous Register: 0.0 ms]
      [Humongous Reclaim: 0.0 ms]
      [Free CSet: 0.2 ms]
   [Eden: 7152.0M(7152.0M)->0.0B(7152.0M) Survivors: 16384.0K->16384.0K Heap: 9971.1M(14336.0M)->2818.9M(14336.0M)]
 [Times: user=0.08 sys=0.00, real=0.01 secs] 
2022-11-09T20:25:22.095-0700: 352866.781: [GC pause (G1 Evacuation Pause) (young), 0.0107252 secs]
   [Parallel Time: 4.2 ms, GC Workers: 14]
      [GC Worker Start (ms): Min: 352866781.5, Avg: 352866781.7, Max: 352866781.9, Diff: 0.4]
      [Ext Root Scanning (ms): Min: 0.1, Avg: 0.6, Max: 3.7, Diff: 3.6, Sum: 8.6]
      [Update RS (ms): Min: 0.0, Avg: 0.1, Max: 0.3, Diff: 0.3, Sum: 1.5]
         [Processed Buffers: Min: 0, Avg: 10.1, Max: 34, Diff: 34, Sum: 142]
      [Scan RS (ms): Min: 0.0, Avg: 0.0, Max: 0.1, Diff: 0.0, Sum: 0.4]
      [Code Root Scanning (ms): Min: 0.0, Avg: 0.0, Max: 0.0, Diff: 0.0, Sum: 0.0]
      [Object Copy (ms): Min: 0.0, Avg: 0.3, Max: 0.4, Diff: 0.4, Sum: 3.9]
      [Termination (ms): Min: 0.0, Avg: 2.6, Max: 2.9, Diff: 2.9, Sum: 36.1]
         [Termination Attempts: Min: 1, Avg: 17.1, Max: 29, Diff: 28, Sum: 239]
      [GC Worker Other (ms): Min: 0.0, Avg: 0.0, Max: 0.0, Diff: 0.0, Sum: 0.1]
      [GC Worker Total (ms): Min: 3.4, Avg: 3.6, Max: 3.8, Diff: 0.4, Sum: 50.6]
      [GC Worker End (ms): Min: 352866785.3, Avg: 352866785.3, Max: 352866785.4, Diff: 0.1]
   [Code Root Fixup: 0.0 ms]
   [Code Root Purge: 0.0 ms]
   [Clear CT: 0.2 ms]
   [Other: 6.3 ms]
      [Choose CSet: 0.0 ms]
      [Ref Proc: 5.5 ms]
      [Ref Enq: 0.3 ms]
      [Redirty Cards: 0.2 ms]
      [Humongous Register: 0.0 ms]
      [Humongous Reclaim: 0.0 ms]
      [Free CSet: 0.1 ms]
   [Eden: 7152.0M(7152.0M)->0.0B(7152.0M) Survivors: 16384.0K->16384.0K Heap: 9970.9M(14336.0M)->2819.3M(14336.0M)]
 [Times: user=0.08 sys=0.00, real=0.01 secs] 
2022-11-09T20:41:37.235-0700: 353841.921: [GC pause (G1 Evacuation Pause) (young), 0.0099888 secs]
   [Parallel Time: 4.2 ms, GC Workers: 14]
      [GC Worker Start (ms): Min: 353841921.4, Avg: 353841921.5, Max: 353841921.7, Diff: 0.4]
      [Ext Root Scanning (ms): Min: 0.2, Avg: 0.6, Max: 3.7, Diff: 3.5, Sum: 8.7]
      [Update RS (ms): Min: 0.0, Avg: 0.1, Max: 0.3, Diff: 0.3, Sum: 1.4]
         [Processed Buffers: Min: 0, Avg: 11.5, Max: 37, Diff: 37, Sum: 161]
      [Scan RS (ms): Min: 0.0, Avg: 0.0, Max: 0.1, Diff: 0.1, Sum: 0.5]
      [Code Root Scanning (ms): Min: 0.0, Avg: 0.0, Max: 0.0, Diff: 0.0, Sum: 0.0]
      [Object Copy (ms): Min: 0.0, Avg: 0.3, Max: 0.4, Diff: 0.4, Sum: 3.9]
      [Termination (ms): Min: 0.0, Avg: 2.6, Max: 2.9, Diff: 2.9, Sum: 36.3]
         [Termination Attempts: Min: 1, Avg: 15.7, Max: 26, Diff: 25, Sum: 220]
      [GC Worker Other (ms): Min: 0.0, Avg: 0.0, Max: 0.0, Diff: 0.0, Sum: 0.1]
      [GC Worker Total (ms): Min: 3.4, Avg: 3.6, Max: 3.7, Diff: 0.3, Sum: 50.9]
      [GC Worker End (ms): Min: 353841925.1, Avg: 353841925.2, Max: 353841925.3, Diff: 0.1]
   [Code Root Fixup: 0.0 ms]
   [Code Root Purge: 0.0 ms]
   [Clear CT: 0.4 ms]
   [Other: 5.4 ms]
      [Choose CSet: 0.0 ms]
      [Ref Proc: 4.8 ms]
      [Ref Enq: 0.2 ms]
      [Redirty Cards: 0.2 ms]
      [Humongous Register: 0.0 ms]
      [Humongous Reclaim: 0.0 ms]
      [Free CSet: 0.1 ms]
   [Eden: 7152.0M(7152.0M)->0.0B(7152.0M) Survivors: 16384.0K->16384.0K Heap: 9971.3M(14336.0M)->2819.1M(14336.0M)]
 [Times: user=0.07 sys=0.00, real=0.01 secs] 
2022-11-09T20:57:59.695-0700: 354824.381: [GC pause (G1 Evacuation Pause) (young), 0.0166440 secs]
   [Parallel Time: 3.2 ms, GC Workers: 14]
      [GC Worker Start (ms): Min: 354824381.2, Avg: 354824381.4, Max: 354824381.6, Diff: 0.4]
      [Ext Root Scanning (ms): Min: 0.2, Avg: 0.6, Max: 2.7, Diff: 2.5, Sum: 8.0]
      [Update RS (ms): Min: 0.0, Avg: 0.1, Max: 0.3, Diff: 0.3, Sum: 1.6]
         [Processed Buffers: Min: 0, Avg: 11.4, Max: 41, Diff: 41, Sum: 159]
      [Scan RS (ms): Min: 0.0, Avg: 0.0, Max: 0.1, Diff: 0.0, Sum: 0.4]
      [Code Root Scanning (ms): Min: 0.0, Avg: 0.0, Max: 0.0, Diff: 0.0, Sum: 0.0]
      [Object Copy (ms): Min: 0.0, Avg: 0.3, Max: 0.4, Diff: 0.4, Sum: 3.8]
      [Termination (ms): Min: 0.0, Avg: 1.5, Max: 1.8, Diff: 1.8, Sum: 21.6]
         [Termination Attempts: Min: 1, Avg: 12.4, Max: 23, Diff: 22, Sum: 173]
      [GC Worker Other (ms): Min: 0.0, Avg: 0.0, Max: 0.0, Diff: 0.0, Sum: 0.1]
      [GC Worker Total (ms): Min: 2.3, Avg: 2.5, Max: 2.7, Diff: 0.4, Sum: 35.5]
      [GC Worker End (ms): Min: 354824383.9, Avg: 354824383.9, Max: 354824384.0, Diff: 0.1]
   [Code Root Fixup: 0.0 ms]
   [Code Root Purge: 0.0 ms]
   [Clear CT: 0.4 ms]
   [Other: 13.1 ms]
      [Choose CSet: 0.0 ms]
      [Ref Proc: 5.6 ms]
      [Ref Enq: 0.2 ms]
      [Redirty Cards: 0.2 ms]
      [Humongous Register: 0.0 ms]
      [Humongous Reclaim: 0.0 ms]
      [Free CSet: 0.1 ms]
   [Eden: 7152.0M(7152.0M)->0.0B(7152.0M) Survivors: 16384.0K->16384.0K Heap: 9971.1M(14336.0M)->2819.3M(14336.0M)]
 [Times: user=0.06 sys=0.00, real=0.01 secs] 
2022-11-09T21:14:13.895-0700: 355798.582: [GC pause (G1 Evacuation Pause) (young), 0.0319964 secs]
   [Parallel Time: 5.6 ms, GC Workers: 14]
      [GC Worker Start (ms): Min: 355798581.6, Avg: 355798581.7, Max: 355798581.9, Diff: 0.3]
      [Ext Root Scanning (ms): Min: 0.2, Avg: 0.6, Max: 2.7, Diff: 2.5, Sum: 8.2]
      [Update RS (ms): Min: 0.0, Avg: 0.1, Max: 0.3, Diff: 0.3, Sum: 1.5]
         [Processed Buffers: Min: 0, Avg: 11.1, Max: 44, Diff: 44, Sum: 156]
      [Scan RS (ms): Min: 0.0, Avg: 0.0, Max: 0.1, Diff: 0.1, Sum: 0.5]
      [Code Root Scanning (ms): Min: 0.0, Avg: 0.0, Max: 0.0, Diff: 0.0, Sum: 0.0]
      [Object Copy (ms): Min: 0.0, Avg: 0.2, Max: 0.3, Diff: 0.3, Sum: 3.5]
      [Termination (ms): Min: 0.0, Avg: 1.7, Max: 1.9, Diff: 1.9, Sum: 23.9]
         [Termination Attempts: Min: 1, Avg: 12.4, Max: 21, Diff: 20, Sum: 173]
      [GC Worker Other (ms): Min: 0.0, Avg: 0.0, Max: 0.0, Diff: 0.0, Sum: 0.1]
      [GC Worker Total (ms): Min: 2.5, Avg: 2.7, Max: 2.8, Diff: 0.3, Sum: 37.6]
      [GC Worker End (ms): Min: 355798584.3, Avg: 355798584.4, Max: 355798584.5, Diff: 0.1]
   [Code Root Fixup: 0.0 ms]
   [Code Root Purge: 0.0 ms]
   [Clear CT: 0.3 ms]
   [Other: 26.2 ms]
      [Choose CSet: 0.0 ms]
      [Ref Proc: 24.6 ms]
      [Ref Enq: 1.2 ms]
      [Redirty Cards: 0.2 ms]
      [Humongous Register: 0.0 ms]
      [Humongous Reclaim: 0.0 ms]
      [Free CSet: 0.1 ms]
   [Eden: 7152.0M(7152.0M)->0.0B(7152.0M) Survivors: 16384.0K->16384.0K Heap: 9971.3M(14336.0M)->2819.1M(14336.0M)]
 [Times: user=0.04 sys=0.05, real=0.03 secs] 
2022-11-09T21:30:37.945-0700: 356782.631: [GC pause (G1 Evacuation Pause) (young), 0.0110541 secs]
   [Parallel Time: 4.3 ms, GC Workers: 14]
      [GC Worker Start (ms): Min: 356782631.5, Avg: 356782631.6, Max: 356782631.8, Diff: 0.3]
      [Ext Root Scanning (ms): Min: 0.2, Avg: 0.7, Max: 3.8, Diff: 3.5, Sum: 9.2]
      [Update RS (ms): Min: 0.0, Avg: 0.1, Max: 0.2, Diff: 0.2, Sum: 1.3]
         [Processed Buffers: Min: 0, Avg: 10.4, Max: 29, Diff: 29, Sum: 146]
      [Scan RS (ms): Min: 0.0, Avg: 0.0, Max: 0.1, Diff: 0.1, Sum: 0.5]
      [Code Root Scanning (ms): Min: 0.0, Avg: 0.0, Max: 0.0, Diff: 0.0, Sum: 0.0]
      [Object Copy (ms): Min: 0.0, Avg: 0.3, Max: 0.4, Diff: 0.4, Sum: 4.5]
      [Termination (ms): Min: 0.0, Avg: 2.5, Max: 2.8, Diff: 2.8, Sum: 35.2]
         [Termination Attempts: Min: 1, Avg: 37.9, Max: 53, Diff: 52, Sum: 531]
      [GC Worker Other (ms): Min: 0.0, Avg: 0.0, Max: 0.1, Diff: 0.1, Sum: 0.2]
      [GC Worker Total (ms): Min: 3.5, Avg: 3.6, Max: 3.8, Diff: 0.4, Sum: 50.9]
      [GC Worker End (ms): Min: 356782635.2, Avg: 356782635.3, Max: 356782635.4, Diff: 0.1]
   [Code Root Fixup: 0.0 ms]
   [Code Root Purge: 0.0 ms]
   [Clear CT: 0.4 ms]
   [Other: 6.4 ms]
      [Choose CSet: 0.0 ms]
      [Ref Proc: 5.6 ms]
      [Ref Enq: 0.2 ms]
      [Redirty Cards: 0.2 ms]
      [Humongous Register: 0.0 ms]
      [Humongous Reclaim: 0.0 ms]
      [Free CSet: 0.2 ms]
   [Eden: 7152.0M(7152.0M)->0.0B(7152.0M) Survivors: 16384.0K->16384.0K Heap: 9971.1M(14336.0M)->2819.2M(14336.0M)]
 [Times: user=0.08 sys=0.00, real=0.01 secs] 
2022-11-09T21:46:53.396-0700: 357758.082: [GC pause (G1 Evacuation Pause) (young), 0.0137476 secs]
   [Parallel Time: 8.3 ms, GC Workers: 14]
      [GC Worker Start (ms): Min: 357758081.8, Avg: 357758082.0, Max: 357758082.2, Diff: 0.4]
      [Ext Root Scanning (ms): Min: 0.2, Avg: 0.5, Max: 2.6, Diff: 2.4, Sum: 7.4]
      [Update RS (ms): Min: 0.0, Avg: 0.1, Max: 0.3, Diff: 0.3, Sum: 1.4]
         [Processed Buffers: Min: 0, Avg: 11.4, Max: 47, Diff: 47, Sum: 160]
      [Scan RS (ms): Min: 0.0, Avg: 0.0, Max: 0.1, Diff: 0.1, Sum: 0.6]
      [Code Root Scanning (ms): Min: 0.0, Avg: 0.0, Max: 0.0, Diff: 0.0, Sum: 0.0]
      [Object Copy (ms): Min: 0.0, Avg: 1.2, Max: 7.1, Diff: 7.1, Sum: 16.9]
      [Termination (ms): Min: 0.0, Avg: 5.8, Max: 6.9, Diff: 6.9, Sum: 81.1]
         [Termination Attempts: Min: 1, Avg: 9.5, Max: 20, Diff: 19, Sum: 133]
      [GC Worker Other (ms): Min: 0.0, Avg: 0.0, Max: 0.0, Diff: 0.0, Sum: 0.1]
      [GC Worker Total (ms): Min: 7.4, Avg: 7.7, Max: 7.9, Diff: 0.5, Sum: 107.5]
      [GC Worker End (ms): Min: 357758089.6, Avg: 357758089.7, Max: 357758089.8, Diff: 0.1]
   [Code Root Fixup: 0.0 ms]
   [Code Root Purge: 0.0 ms]
   [Clear CT: 0.3 ms]
   [Other: 5.2 ms]
      [Choose CSet: 0.0 ms]
      [Ref Proc: 4.4 ms]
      [Ref Enq: 0.4 ms]
      [Redirty Cards: 0.3 ms]
      [Humongous Register: 0.0 ms]
      [Humongous Reclaim: 0.0 ms]
      [Free CSet: 0.1 ms]
   [Eden: 7152.0M(7152.0M)->0.0B(7152.0M) Survivors: 16384.0K->16384.0K Heap: 9971.2M(14336.0M)->2819.2M(14336.0M)]
 [Times: user=0.11 sys=0.00, real=0.01 secs] 
2022-11-09T22:03:17.717-0700: 358742.404: [GC pause (G1 Evacuation Pause) (young), 0.0090816 secs]
   [Parallel Time: 4.0 ms, GC Workers: 14]
      [GC Worker Start (ms): Min: 358742403.7, Avg: 358742403.8, Max: 358742403.9, Diff: 0.2]
      [Ext Root Scanning (ms): Min: 0.2, Avg: 0.6, Max: 3.8, Diff: 3.5, Sum: 8.9]
      [Update RS (ms): Min: 0.0, Avg: 0.1, Max: 0.3, Diff: 0.3, Sum: 1.5]
         [Processed Buffers: Min: 0, Avg: 10.6, Max: 23, Diff: 23, Sum: 149]
      [Scan RS (ms): Min: 0.0, Avg: 0.0, Max: 0.0, Diff: 0.0, Sum: 0.4]
      [Code Root Scanning (ms): Min: 0.0, Avg: 0.0, Max: 0.0, Diff: 0.0, Sum: 0.0]
      [Object Copy (ms): Min: 0.0, Avg: 0.3, Max: 0.3, Diff: 0.3, Sum: 3.6]
      [Termination (ms): Min: 0.0, Avg: 2.7, Max: 3.0, Diff: 3.0, Sum: 37.9]
         [Termination Attempts: Min: 1, Avg: 18.9, Max: 30, Diff: 29, Sum: 264]
      [GC Worker Other (ms): Min: 0.0, Avg: 0.0, Max: 0.0, Diff: 0.0, Sum: 0.1]
      [GC Worker Total (ms): Min: 3.5, Avg: 3.7, Max: 3.9, Diff: 0.3, Sum: 52.3]
      [GC Worker End (ms): Min: 358742407.5, Avg: 358742407.5, Max: 358742407.6, Diff: 0.1]
   [Code Root Fixup: 0.0 ms]
   [Code Root Purge: 0.0 ms]
   [Clear CT: 0.2 ms]
   [Other: 4.8 ms]
      [Choose CSet: 0.0 ms]
      [Ref Proc: 4.1 ms]
      [Ref Enq: 0.3 ms]
      [Redirty Cards: 0.2 ms]
      [Humongous Register: 0.0 ms]
      [Humongous Reclaim: 0.0 ms]
      [Free CSet: 0.1 ms]
   [Eden: 7152.0M(7152.0M)->0.0B(7152.0M) Survivors: 16384.0K->16384.0K Heap: 9971.2M(14336.0M)->2819.4M(14336.0M)]
 [Times: user=0.07 sys=0.00, real=0.01 secs] 
2022-11-09T22:19:37.695-0700: 359722.381: [GC pause (G1 Evacuation Pause) (young), 0.0086124 secs]
   [Parallel Time: 4.1 ms, GC Workers: 14]
      [GC Worker Start (ms): Min: 359722381.2, Avg: 359722381.3, Max: 359722381.4, Diff: 0.2]
      [Ext Root Scanning (ms): Min: 0.2, Avg: 0.6, Max: 3.8, Diff: 3.5, Sum: 9.0]
      [Update RS (ms): Min: 0.0, Avg: 0.1, Max: 0.3, Diff: 0.3, Sum: 1.5]
         [Processed Buffers: Min: 0, Avg: 11.3, Max: 27, Diff: 27, Sum: 158]
      [Scan RS (ms): Min: 0.0, Avg: 0.0, Max: 0.0, Diff: 0.0, Sum: 0.4]
      [Code Root Scanning (ms): Min: 0.0, Avg: 0.0, Max: 0.0, Diff: 0.0, Sum: 0.0]
      [Object Copy (ms): Min: 0.0, Avg: 0.2, Max: 0.3, Diff: 0.3, Sum: 3.0]
      [Termination (ms): Min: 0.0, Avg: 2.7, Max: 2.9, Diff: 2.9, Sum: 38.0]
         [Termination Attempts: Min: 1, Avg: 10.2, Max: 17, Diff: 16, Sum: 143]
      [GC Worker Other (ms): Min: 0.0, Avg: 0.0, Max: 0.0, Diff: 0.0, Sum: 0.1]
      [GC Worker Total (ms): Min: 3.6, Avg: 3.7, Max: 3.8, Diff: 0.2, Sum: 51.9]
      [GC Worker End (ms): Min: 359722385.0, Avg: 359722385.0, Max: 359722385.1, Diff: 0.1]
   [Code Root Fixup: 0.0 ms]
   [Code Root Purge: 0.0 ms]
   [Clear CT: 0.4 ms]
   [Other: 4.2 ms]
      [Choose CSet: 0.0 ms]
      [Ref Proc: 3.6 ms]
      [Ref Enq: 0.2 ms]
      [Redirty Cards: 0.2 ms]
      [Humongous Register: 0.0 ms]
      [Humongous Reclaim: 0.0 ms]
      [Free CSet: 0.1 ms]
   [Eden: 7152.0M(7152.0M)->0.0B(7152.0M) Survivors: 16384.0K->16384.0K Heap: 9971.4M(14336.0M)->2819.2M(14336.0M)]
 [Times: user=0.07 sys=0.00, real=0.01 secs] 
2022-11-09T22:35:59.295-0700: 360703.981: [GC pause (G1 Evacuation Pause) (young), 0.0131232 secs]
   [Parallel Time: 7.3 ms, GC Workers: 14]
      [GC Worker Start (ms): Min: 360703981.5, Avg: 360703981.6, Max: 360703981.8, Diff: 0.3]
      [Ext Root Scanning (ms): Min: 0.2, Avg: 0.7, Max: 3.9, Diff: 3.8, Sum: 9.5]
      [Update RS (ms): Min: 0.0, Avg: 0.1, Max: 0.3, Diff: 0.3, Sum: 1.3]
         [Processed Buffers: Min: 0, Avg: 11.4, Max: 30, Diff: 30, Sum: 159]
      [Scan RS (ms): Min: 0.0, Avg: 0.0, Max: 0.1, Diff: 0.1, Sum: 0.5]
      [Code Root Scanning (ms): Min: 0.0, Avg: 0.0, Max: 0.0, Diff: 0.0, Sum: 0.0]
      [Object Copy (ms): Min: 0.0, Avg: 0.7, Max: 6.5, Diff: 6.5, Sum: 9.5]
      [Termination (ms): Min: 0.0, Avg: 5.6, Max: 6.4, Diff: 6.4, Sum: 77.9]
         [Termination Attempts: Min: 1, Avg: 1.5, Max: 6, Diff: 5, Sum: 21]
      [GC Worker Other (ms): Min: 0.0, Avg: 0.0, Max: 0.0, Diff: 0.0, Sum: 0.1]
      [GC Worker Total (ms): Min: 6.9, Avg: 7.1, Max: 7.2, Diff: 0.3, Sum: 98.8]
      [GC Worker End (ms): Min: 360703988.6, Avg: 360703988.7, Max: 360703988.7, Diff: 0.1]
   [Code Root Fixup: 0.0 ms]
   [Code Root Purge: 0.0 ms]
   [Clear CT: 0.3 ms]
   [Other: 5.4 ms]
      [Choose CSet: 0.0 ms]
      [Ref Proc: 4.9 ms]
      [Ref Enq: 0.2 ms]
      [Redirty Cards: 0.2 ms]
      [Humongous Register: 0.0 ms]
      [Humongous Reclaim: 0.0 ms]
      [Free CSet: 0.1 ms]
   [Eden: 7152.0M(7152.0M)->0.0B(7152.0M) Survivors: 16384.0K->16384.0K Heap: 9971.2M(14336.0M)->2819.2M(14336.0M)]
 [Times: user=0.11 sys=0.00, real=0.01 secs] 
2022-11-09T22:52:10.695-0700: 361675.381: [GC pause (G1 Evacuation Pause) (young), 0.0107285 secs]
   [Parallel Time: 4.2 ms, GC Workers: 14]
      [GC Worker Start (ms): Min: 361675381.5, Avg: 361675381.7, Max: 361675381.8, Diff: 0.4]
      [Ext Root Scanning (ms): Min: 0.2, Avg: 0.7, Max: 3.8, Diff: 3.6, Sum: 9.4]
      [Update RS (ms): Min: 0.0, Avg: 0.1, Max: 0.3, Diff: 0.3, Sum: 1.3]
         [Processed Buffers: Min: 0, Avg: 11.7, Max: 37, Diff: 37, Sum: 164]
      [Scan RS (ms): Min: 0.0, Avg: 0.0, Max: 0.1, Diff: 0.0, Sum: 0.4]
      [Code Root Scanning (ms): Min: 0.0, Avg: 0.0, Max: 0.0, Diff: 0.0, Sum: 0.0]
      [Object Copy (ms): Min: 0.0, Avg: 0.2, Max: 0.3, Diff: 0.3, Sum: 3.5]
      [Termination (ms): Min: 0.0, Avg: 2.6, Max: 2.9, Diff: 2.9, Sum: 36.2]
         [Termination Attempts: Min: 1, Avg: 14.5, Max: 27, Diff: 26, Sum: 203]
      [GC Worker Other (ms): Min: 0.0, Avg: 0.0, Max: 0.0, Diff: 0.0, Sum: 0.1]
      [GC Worker Total (ms): Min: 3.5, Avg: 3.6, Max: 3.8, Diff: 0.3, Sum: 50.9]
      [GC Worker End (ms): Min: 361675385.3, Avg: 361675385.3, Max: 361675385.3, Diff: 0.1]
   [Code Root Fixup: 0.0 ms]
   [Code Root Purge: 0.0 ms]
   [Clear CT: 0.4 ms]
   [Other: 6.2 ms]
      [Choose CSet: 0.0 ms]
      [Ref Proc: 5.5 ms]
      [Ref Enq: 0.2 ms]
      [Redirty Cards: 0.2 ms]
      [Humongous Register: 0.0 ms]
      [Humongous Reclaim: 0.0 ms]
      [Free CSet: 0.2 ms]
   [Eden: 7152.0M(7152.0M)->0.0B(7152.0M) Survivors: 16384.0K->16384.0K Heap: 9971.2M(14336.0M)->2819.5M(14336.0M)]
 [Times: user=0.08 sys=0.00, real=0.01 secs] 
2022-11-09T23:08:30.045-0700: 362654.731: [GC pause (G1 Evacuation Pause) (young), 0.0129099 secs]
   [Parallel Time: 8.3 ms, GC Workers: 14]
      [GC Worker Start (ms): Min: 362654731.2, Avg: 362654731.3, Max: 362654731.5, Diff: 0.3]
      [Ext Root Scanning (ms): Min: 0.2, Avg: 0.6, Max: 3.8, Diff: 3.7, Sum: 8.8]
      [Update RS (ms): Min: 0.0, Avg: 0.1, Max: 0.3, Diff: 0.3, Sum: 1.4]
         [Processed Buffers: Min: 0, Avg: 11.4, Max: 47, Diff: 47, Sum: 160]
      [Scan RS (ms): Min: 0.0, Avg: 0.0, Max: 0.1, Diff: 0.1, Sum: 0.4]
      [Code Root Scanning (ms): Min: 0.0, Avg: 0.0, Max: 0.0, Diff: 0.0, Sum: 0.0]
      [Object Copy (ms): Min: 0.0, Avg: 1.9, Max: 7.3, Diff: 7.3, Sum: 26.1]
      [Termination (ms): Min: 0.0, Avg: 5.3, Max: 7.0, Diff: 7.0, Sum: 73.7]
         [Termination Attempts: Min: 1, Avg: 47.4, Max: 84, Diff: 83, Sum: 664]
      [GC Worker Other (ms): Min: 0.0, Avg: 0.0, Max: 0.0, Diff: 0.0, Sum: 0.1]
      [GC Worker Total (ms): Min: 7.7, Avg: 7.9, Max: 8.0, Diff: 0.4, Sum: 110.5]
      [GC Worker End (ms): Min: 362654739.1, Avg: 362654739.2, Max: 362654739.2, Diff: 0.1]
   [Code Root Fixup: 0.0 ms]
   [Code Root Purge: 0.0 ms]
   [Clear CT: 0.4 ms]
   [Other: 4.3 ms]
      [Choose CSet: 0.0 ms]
      [Ref Proc: 3.7 ms]
      [Ref Enq: 0.2 ms]
      [Redirty Cards: 0.2 ms]
      [Humongous Register: 0.0 ms]
      [Humongous Reclaim: 0.0 ms]
      [Free CSet: 0.1 ms]
   [Eden: 7152.0M(7152.0M)->0.0B(7152.0M) Survivors: 16384.0K->16384.0K Heap: 9971.5M(14336.0M)->2819.2M(14336.0M)]
 [Times: user=0.10 sys=0.00, real=0.01 secs] 
2022-11-09T23:24:58.946-0700: 363643.632: [GC pause (G1 Evacuation Pause) (young), 0.0091806 secs]
   [Parallel Time: 3.1 ms, GC Workers: 14]
      [GC Worker Start (ms): Min: 363643632.1, Avg: 363643632.2, Max: 363643632.5, Diff: 0.4]
      [Ext Root Scanning (ms): Min: 0.2, Avg: 0.6, Max: 2.6, Diff: 2.4, Sum: 7.8]
      [Update RS (ms): Min: 0.0, Avg: 0.1, Max: 0.3, Diff: 0.3, Sum: 1.4]
         [Processed Buffers: Min: 0, Avg: 11.1, Max: 35, Diff: 35, Sum: 156]
      [Scan RS (ms): Min: 0.0, Avg: 0.0, Max: 0.1, Diff: 0.1, Sum: 0.5]
      [Code Root Scanning (ms): Min: 0.0, Avg: 0.0, Max: 0.0, Diff: 0.0, Sum: 0.0]
      [Object Copy (ms): Min: 0.0, Avg: 0.3, Max: 0.4, Diff: 0.4, Sum: 3.8]
      [Termination (ms): Min: 0.0, Avg: 1.5, Max: 1.7, Diff: 1.7, Sum: 21.1]
         [Termination Attempts: Min: 1, Avg: 20.2, Max: 30, Diff: 29, Sum: 283]
      [GC Worker Other (ms): Min: 0.0, Avg: 0.0, Max: 0.0, Diff: 0.0, Sum: 0.1]
      [GC Worker Total (ms): Min: 2.2, Avg: 2.5, Max: 2.7, Diff: 0.5, Sum: 34.7]
      [GC Worker End (ms): Min: 363643634.7, Avg: 363643634.7, Max: 363643634.8, Diff: 0.1]
   [Code Root Fixup: 0.0 ms]
   [Code Root Purge: 0.0 ms]
   [Clear CT: 0.3 ms]
   [Other: 5.7 ms]
      [Choose CSet: 0.0 ms]
      [Ref Proc: 5.1 ms]
      [Ref Enq: 0.3 ms]
      [Redirty Cards: 0.2 ms]
      [Humongous Register: 0.0 ms]
      [Humongous Reclaim: 0.0 ms]
      [Free CSet: 0.1 ms]
   [Eden: 7152.0M(7152.0M)->0.0B(7152.0M) Survivors: 16384.0K->16384.0K Heap: 9971.2M(14336.0M)->2819.4M(14336.0M)]
 [Times: user=0.05 sys=0.00, real=0.01 secs] 
2022-11-09T23:41:17.987-0700: 364622.673: [GC pause (G1 Evacuation Pause) (young), 0.0157462 secs]
   [Parallel Time: 4.2 ms, GC Workers: 14]
      [GC Worker Start (ms): Min: 364622672.9, Avg: 364622673.0, Max: 364622673.2, Diff: 0.3]
      [Ext Root Scanning (ms): Min: 0.3, Avg: 0.6, Max: 3.8, Diff: 3.5, Sum: 8.9]
      [Update RS (ms): Min: 0.0, Avg: 0.1, Max: 0.3, Diff: 0.3, Sum: 1.3]
         [Processed Buffers: Min: 0, Avg: 11.3, Max: 48, Diff: 48, Sum: 158]
      [Scan RS (ms): Min: 0.0, Avg: 0.0, Max: 0.1, Diff: 0.1, Sum: 0.6]
      [Code Root Scanning (ms): Min: 0.0, Avg: 0.0, Max: 0.0, Diff: 0.0, Sum: 0.0]
      [Object Copy (ms): Min: 0.0, Avg: 0.3, Max: 0.4, Diff: 0.4, Sum: 4.5]
      [Termination (ms): Min: 0.0, Avg: 2.6, Max: 2.9, Diff: 2.9, Sum: 35.9]
         [Termination Attempts: Min: 1, Avg: 31.8, Max: 45, Diff: 44, Sum: 445]
      [GC Worker Other (ms): Min: 0.0, Avg: 0.0, Max: 0.0, Diff: 0.0, Sum: 0.1]
      [GC Worker Total (ms): Min: 3.5, Avg: 3.7, Max: 3.8, Diff: 0.3, Sum: 51.4]
      [GC Worker End (ms): Min: 364622676.7, Avg: 364622676.7, Max: 364622676.8, Diff: 0.1]
   [Code Root Fixup: 0.0 ms]
   [Code Root Purge: 0.0 ms]
   [Clear CT: 6.3 ms]
   [Other: 5.2 ms]
      [Choose CSet: 0.0 ms]
      [Ref Proc: 4.4 ms]
      [Ref Enq: 0.3 ms]
      [Redirty Cards: 0.2 ms]
      [Humongous Register: 0.0 ms]
      [Humongous Reclaim: 0.0 ms]
      [Free CSet: 0.1 ms]
   [Eden: 7152.0M(7152.0M)->0.0B(7152.0M) Survivors: 16384.0K->16384.0K Heap: 9971.4M(14336.0M)->2819.2M(14336.0M)]
 [Times: user=0.08 sys=0.00, real=0.02 secs] 
2022-11-09T23:57:38.195-0700: 365602.881: [GC pause (G1 Evacuation Pause) (young), 0.0114495 secs]
   [Parallel Time: 5.4 ms, GC Workers: 14]
      [GC Worker Start (ms): Min: 365602881.0, Avg: 365602881.2, Max: 365602881.3, Diff: 0.3]
      [Ext Root Scanning (ms): Min: 0.2, Avg: 0.6, Max: 3.9, Diff: 3.7, Sum: 8.9]
      [Update RS (ms): Min: 0.0, Avg: 0.1, Max: 0.3, Diff: 0.3, Sum: 1.4]
         [Processed Buffers: Min: 0, Avg: 11.5, Max: 42, Diff: 42, Sum: 161]
      [Scan RS (ms): Min: 0.0, Avg: 0.0, Max: 0.1, Diff: 0.1, Sum: 0.4]
      [Code Root Scanning (ms): Min: 0.0, Avg: 0.0, Max: 0.0, Diff: 0.0, Sum: 0.0]
      [Object Copy (ms): Min: 0.0, Avg: 0.3, Max: 0.4, Diff: 0.4, Sum: 4.6]
      [Termination (ms): Min: 0.0, Avg: 2.7, Max: 3.0, Diff: 3.0, Sum: 37.8]
         [Termination Attempts: Min: 1, Avg: 50.1, Max: 67, Diff: 66, Sum: 701]
      [GC Worker Other (ms): Min: 0.0, Avg: 0.0, Max: 0.0, Diff: 0.0, Sum: 0.1]
      [GC Worker Total (ms): Min: 3.6, Avg: 3.8, Max: 4.0, Diff: 0.4, Sum: 53.2]
      [GC Worker End (ms): Min: 365602884.9, Avg: 365602885.0, Max: 365602885.1, Diff: 0.1]
   [Code Root Fixup: 0.0 ms]
   [Code Root Purge: 0.0 ms]
   [Clear CT: 0.4 ms]
   [Other: 5.6 ms]
      [Choose CSet: 0.0 ms]
      [Ref Proc: 5.0 ms]
      [Ref Enq: 0.2 ms]
      [Redirty Cards: 0.2 ms]
      [Humongous Register: 0.0 ms]
      [Humongous Reclaim: 0.0 ms]
      [Free CSet: 0.1 ms]
   [Eden: 7152.0M(7152.0M)->0.0B(7152.0M) Survivors: 16384.0K->16384.0K Heap: 9971.2M(14336.0M)->2819.4M(14336.0M)]
 [Times: user=0.08 sys=0.00, real=0.01 secs] 
2022-11-10T00:14:08.682-0700: 366593.368: [GC pause (G1 Evacuation Pause) (young), 0.0113422 secs]
   [Parallel Time: 4.4 ms, GC Workers: 14]
      [GC Worker Start (ms): Min: 366593368.0, Avg: 366593368.2, Max: 366593368.4, Diff: 0.4]
      [Ext Root Scanning (ms): Min: 0.2, Avg: 0.6, Max: 3.8, Diff: 3.6, Sum: 8.6]
      [Update RS (ms): Min: 0.0, Avg: 0.1, Max: 0.3, Diff: 0.3, Sum: 1.5]
         [Processed Buffers: Min: 0, Avg: 11.0, Max: 29, Diff: 29, Sum: 154]
      [Scan RS (ms): Min: 0.0, Avg: 0.0, Max: 0.1, Diff: 0.0, Sum: 0.4]
      [Code Root Scanning (ms): Min: 0.0, Avg: 0.0, Max: 0.0, Diff: 0.0, Sum: 0.0]
      [Object Copy (ms): Min: 0.0, Avg: 0.3, Max: 0.3, Diff: 0.3, Sum: 3.7]
      [Termination (ms): Min: 0.0, Avg: 2.6, Max: 2.8, Diff: 2.8, Sum: 36.4]
         [Termination Attempts: Min: 1, Avg: 13.4, Max: 23, Diff: 22, Sum: 187]
      [GC Worker Other (ms): Min: 0.0, Avg: 0.0, Max: 0.0, Diff: 0.0, Sum: 0.1]
      [GC Worker Total (ms): Min: 3.4, Avg: 3.6, Max: 3.8, Diff: 0.4, Sum: 50.7]
      [GC Worker End (ms): Min: 366593371.8, Avg: 366593371.8, Max: 366593371.9, Diff: 0.1]
   [Code Root Fixup: 0.0 ms]
   [Code Root Purge: 0.0 ms]
   [Clear CT: 0.4 ms]
   [Other: 6.6 ms]
      [Choose CSet: 0.0 ms]
      [Ref Proc: 5.9 ms]
      [Ref Enq: 0.2 ms]
      [Redirty Cards: 0.2 ms]
      [Humongous Register: 0.0 ms]
      [Humongous Reclaim: 0.0 ms]
      [Free CSet: 0.1 ms]
   [Eden: 7152.0M(7152.0M)->0.0B(7152.0M) Survivors: 16384.0K->16384.0K Heap: 9971.4M(14336.0M)->2819.2M(14336.0M)]
 [Times: user=0.07 sys=0.00, real=0.01 secs] 
2022-11-10T00:30:24.795-0700: 367569.481: [GC pause (G1 Evacuation Pause) (young), 0.0101856 secs]
   [Parallel Time: 4.3 ms, GC Workers: 14]
      [GC Worker Start (ms): Min: 367569481.3, Avg: 367569481.5, Max: 367569481.6, Diff: 0.3]
      [Ext Root Scanning (ms): Min: 0.2, Avg: 0.7, Max: 3.7, Diff: 3.5, Sum: 9.1]
      [Update RS (ms): Min: 0.0, Avg: 0.1, Max: 0.2, Diff: 0.2, Sum: 1.3]
         [Processed Buffers: Min: 0, Avg: 11.1, Max: 33, Diff: 33, Sum: 156]
      [Scan RS (ms): Min: 0.0, Avg: 0.0, Max: 0.1, Diff: 0.1, Sum: 0.4]
      [Code Root Scanning (ms): Min: 0.0, Avg: 0.0, Max: 0.0, Diff: 0.0, Sum: 0.0]
      [Object Copy (ms): Min: 0.0, Avg: 0.3, Max: 0.4, Diff: 0.4, Sum: 3.9]
      [Termination (ms): Min: 0.0, Avg: 2.6, Max: 2.9, Diff: 2.9, Sum: 36.3]
         [Termination Attempts: Min: 1, Avg: 35.2, Max: 49, Diff: 48, Sum: 493]
      [GC Worker Other (ms): Min: 0.0, Avg: 0.0, Max: 0.0, Diff: 0.0, Sum: 0.1]
      [GC Worker Total (ms): Min: 3.5, Avg: 3.6, Max: 3.8, Diff: 0.3, Sum: 51.1]
      [GC Worker End (ms): Min: 367569485.1, Avg: 367569485.1, Max: 367569485.2, Diff: 0.1]
   [Code Root Fixup: 0.0 ms]
   [Code Root Purge: 0.0 ms]
   [Clear CT: 0.3 ms]
   [Other: 5.7 ms]
      [Choose CSet: 0.0 ms]
      [Ref Proc: 4.8 ms]
      [Ref Enq: 0.3 ms]
      [Redirty Cards: 0.2 ms]
      [Humongous Register: 0.0 ms]
      [Humongous Reclaim: 0.0 ms]
      [Free CSet: 0.2 ms]
   [Eden: 7152.0M(7152.0M)->0.0B(7152.0M) Survivors: 16384.0K->16384.0K Heap: 9971.2M(14336.0M)->2819.5M(14336.0M)]
 [Times: user=0.08 sys=0.00, real=0.01 secs] 
2022-11-10T00:46:27.145-0700: 368531.832: [GC pause (G1 Evacuation Pause) (young), 0.0098763 secs]
   [Parallel Time: 4.4 ms, GC Workers: 14]
      [GC Worker Start (ms): Min: 368531831.7, Avg: 368531831.8, Max: 368531832.0, Diff: 0.3]
      [Ext Root Scanning (ms): Min: 0.2, Avg: 0.6, Max: 3.8, Diff: 3.6, Sum: 8.7]
      [Update RS (ms): Min: 0.0, Avg: 0.1, Max: 0.3, Diff: 0.3, Sum: 1.3]
         [Processed Buffers: Min: 0, Avg: 11.6, Max: 43, Diff: 43, Sum: 162]
      [Scan RS (ms): Min: 0.0, Avg: 0.0, Max: 0.1, Diff: 0.1, Sum: 0.5]
      [Code Root Scanning (ms): Min: 0.0, Avg: 0.0, Max: 0.0, Diff: 0.0, Sum: 0.0]
      [Object Copy (ms): Min: 0.0, Avg: 0.3, Max: 0.3, Diff: 0.3, Sum: 3.8]
      [Termination (ms): Min: 0.0, Avg: 2.7, Max: 2.9, Diff: 2.9, Sum: 37.5]
         [Termination Attempts: Min: 1, Avg: 14.0, Max: 23, Diff: 22, Sum: 196]
      [GC Worker Other (ms): Min: 0.0, Avg: 0.0, Max: 0.0, Diff: 0.0, Sum: 0.1]
      [GC Worker Total (ms): Min: 3.5, Avg: 3.7, Max: 3.9, Diff: 0.4, Sum: 51.9]
      [GC Worker End (ms): Min: 368531835.5, Avg: 368531835.5, Max: 368531835.6, Diff: 0.1]
   [Code Root Fixup: 0.0 ms]
   [Code Root Purge: 0.0 ms]
   [Clear CT: 0.4 ms]
   [Other: 5.1 ms]
      [Choose CSet: 0.0 ms]
      [Ref Proc: 4.6 ms]
      [Ref Enq: 0.2 ms]
      [Redirty Cards: 0.2 ms]
      [Humongous Register: 0.0 ms]
      [Humongous Reclaim: 0.0 ms]
      [Free CSet: 0.1 ms]
   [Eden: 7152.0M(7152.0M)->0.0B(7152.0M) Survivors: 16384.0K->16384.0K Heap: 9971.5M(14336.0M)->2819.2M(14336.0M)]
 [Times: user=0.07 sys=0.00, real=0.01 secs] 
2022-11-10T01:02:34.991-0700: 369499.677: [GC pause (G1 Evacuation Pause) (young), 0.0162426 secs]
   [Parallel Time: 8.9 ms, GC Workers: 14]
      [GC Worker Start (ms): Min: 369499676.9, Avg: 369499677.1, Max: 369499677.2, Diff: 0.3]
      [Ext Root Scanning (ms): Min: 0.3, Avg: 0.7, Max: 3.8, Diff: 3.5, Sum: 9.4]
      [Update RS (ms): Min: 0.0, Avg: 0.1, Max: 0.3, Diff: 0.3, Sum: 1.4]
         [Processed Buffers: Min: 0, Avg: 11.1, Max: 36, Diff: 36, Sum: 155]
      [Scan RS (ms): Min: 0.0, Avg: 0.0, Max: 0.0, Diff: 0.0, Sum: 0.5]
      [Code Root Scanning (ms): Min: 0.0, Avg: 0.0, Max: 0.0, Diff: 0.0, Sum: 0.0]
      [Object Copy (ms): Min: 0.0, Avg: 1.2, Max: 7.1, Diff: 7.1, Sum: 17.0]
      [Termination (ms): Min: 0.0, Avg: 5.6, Max: 6.9, Diff: 6.9, Sum: 78.9]
         [Termination Attempts: Min: 1, Avg: 16.1, Max: 27, Diff: 26, Sum: 226]
      [GC Worker Other (ms): Min: 0.0, Avg: 0.0, Max: 0.0, Diff: 0.0, Sum: 0.1]
      [GC Worker Total (ms): Min: 7.5, Avg: 7.7, Max: 7.8, Diff: 0.3, Sum: 107.2]
      [GC Worker End (ms): Min: 369499684.7, Avg: 369499684.7, Max: 369499684.8, Diff: 0.1]
   [Code Root Fixup: 0.0 ms]
   [Code Root Purge: 0.0 ms]
   [Clear CT: 0.4 ms]
   [Other: 6.9 ms]
      [Choose CSet: 0.0 ms]
      [Ref Proc: 6.2 ms]
      [Ref Enq: 0.2 ms]
      [Redirty Cards: 0.3 ms]
      [Humongous Register: 0.0 ms]
      [Humongous Reclaim: 0.0 ms]
      [Free CSet: 0.1 ms]
   [Eden: 7152.0M(7152.0M)->0.0B(7152.0M) Survivors: 16384.0K->16384.0K Heap: 9971.2M(14336.0M)->2819.7M(14336.0M)]
 [Times: user=0.12 sys=0.00, real=0.02 secs] 
2022-11-10T01:18:58.546-0700: 370483.232: [GC pause (G1 Evacuation Pause) (young), 0.0140088 secs]
   [Parallel Time: 7.4 ms, GC Workers: 14]
      [GC Worker Start (ms): Min: 370483231.9, Avg: 370483232.1, Max: 370483232.3, Diff: 0.4]
      [Ext Root Scanning (ms): Min: 0.2, Avg: 0.6, Max: 3.9, Diff: 3.8, Sum: 9.1]
      [Update RS (ms): Min: 0.0, Avg: 0.1, Max: 0.3, Diff: 0.3, Sum: 1.4]
         [Processed Buffers: Min: 0, Avg: 11.1, Max: 35, Diff: 35, Sum: 155]
      [Scan RS (ms): Min: 0.0, Avg: 0.0, Max: 0.1, Diff: 0.1, Sum: 0.6]
      [Code Root Scanning (ms): Min: 0.0, Avg: 0.0, Max: 0.0, Diff: 0.0, Sum: 0.0]
      [Object Copy (ms): Min: 0.0, Avg: 0.3, Max: 1.2, Diff: 1.2, Sum: 4.2]
      [Termination (ms): Min: 0.0, Avg: 2.7, Max: 3.1, Diff: 3.1, Sum: 38.5]
         [Termination Attempts: Min: 1, Avg: 10.1, Max: 19, Diff: 18, Sum: 141]
      [GC Worker Other (ms): Min: 0.0, Avg: 0.0, Max: 0.0, Diff: 0.0, Sum: 0.1]
      [GC Worker Total (ms): Min: 3.6, Avg: 3.8, Max: 4.0, Diff: 0.4, Sum: 53.9]
      [GC Worker End (ms): Min: 370483235.9, Avg: 370483236.0, Max: 370483236.0, Diff: 0.1]
   [Code Root Fixup: 0.0 ms]
   [Code Root Purge: 0.0 ms]
   [Clear CT: 0.4 ms]
   [Other: 6.2 ms]
      [Choose CSet: 0.0 ms]
      [Ref Proc: 5.3 ms]
      [Ref Enq: 0.3 ms]
      [Redirty Cards: 0.2 ms]
      [Humongous Register: 0.0 ms]
      [Humongous Reclaim: 0.0 ms]
      [Free CSet: 0.2 ms]
   [Eden: 7152.0M(7152.0M)->0.0B(7152.0M) Survivors: 16384.0K->16384.0K Heap: 9971.7M(14336.0M)->2819.4M(14336.0M)]
 [Times: user=0.08 sys=0.00, real=0.01 secs] 
2022-11-10T01:35:13.595-0700: 371458.281: [GC pause (G1 Evacuation Pause) (young), 0.0090548 secs]
   [Parallel Time: 2.9 ms, GC Workers: 14]
      [GC Worker Start (ms): Min: 371458281.1, Avg: 371458281.3, Max: 371458281.5, Diff: 0.4]
      [Ext Root Scanning (ms): Min: 0.2, Avg: 0.6, Max: 2.7, Diff: 2.5, Sum: 8.3]
      [Update RS (ms): Min: 0.0, Avg: 0.1, Max: 0.3, Diff: 0.3, Sum: 1.5]
         [Processed Buffers: Min: 0, Avg: 10.8, Max: 30, Diff: 30, Sum: 151]
      [Scan RS (ms): Min: 0.0, Avg: 0.0, Max: 0.1, Diff: 0.1, Sum: 0.5]
      [Code Root Scanning (ms): Min: 0.0, Avg: 0.0, Max: 0.0, Diff: 0.0, Sum: 0.0]
      [Object Copy (ms): Min: 0.0, Avg: 0.3, Max: 0.4, Diff: 0.4, Sum: 4.3]
      [Termination (ms): Min: 0.0, Avg: 1.5, Max: 1.7, Diff: 1.7, Sum: 20.6]
         [Termination Attempts: Min: 1, Avg: 26.8, Max: 42, Diff: 41, Sum: 375]
      [GC Worker Other (ms): Min: 0.0, Avg: 0.0, Max: 0.0, Diff: 0.0, Sum: 0.1]
      [GC Worker Total (ms): Min: 2.4, Avg: 2.5, Max: 2.8, Diff: 0.4, Sum: 35.3]
      [GC Worker End (ms): Min: 371458283.8, Avg: 371458283.8, Max: 371458283.9, Diff: 0.1]
   [Code Root Fixup: 0.0 ms]
   [Code Root Purge: 0.0 ms]
   [Clear CT: 0.5 ms]
   [Other: 5.7 ms]
      [Choose CSet: 0.0 ms]
      [Ref Proc: 5.1 ms]
      [Ref Enq: 0.2 ms]
      [Redirty Cards: 0.2 ms]
      [Humongous Register: 0.0 ms]
      [Humongous Reclaim: 0.0 ms]
      [Free CSet: 0.1 ms]
   [Eden: 7152.0M(7152.0M)->0.0B(7152.0M) Survivors: 16384.0K->16384.0K Heap: 9971.4M(14336.0M)->2819.6M(14336.0M)]
 [Times: user=0.05 sys=0.00, real=0.01 secs] 
2022-11-10T01:51:20.557-0700: 372425.243: [GC pause (G1 Evacuation Pause) (young), 0.0125282 secs]
   [Parallel Time: 6.2 ms, GC Workers: 14]
      [GC Worker Start (ms): Min: 372425243.0, Avg: 372425243.1, Max: 372425243.3, Diff: 0.4]
      [Ext Root Scanning (ms): Min: 0.2, Avg: 0.6, Max: 3.8, Diff: 3.6, Sum: 8.5]
      [Update RS (ms): Min: 0.0, Avg: 0.1, Max: 0.2, Diff: 0.2, Sum: 1.4]
         [Processed Buffers: Min: 0, Avg: 11.9, Max: 30, Diff: 30, Sum: 166]
      [Scan RS (ms): Min: 0.0, Avg: 0.0, Max: 0.1, Diff: 0.1, Sum: 0.5]
      [Code Root Scanning (ms): Min: 0.0, Avg: 0.0, Max: 0.0, Diff: 0.0, Sum: 0.0]
      [Object Copy (ms): Min: 0.0, Avg: 1.3, Max: 5.1, Diff: 5.1, Sum: 18.8]
      [Termination (ms): Min: 0.0, Avg: 3.5, Max: 4.9, Diff: 4.9, Sum: 49.0]
         [Termination Attempts: Min: 1, Avg: 50.9, Max: 103, Diff: 102, Sum: 713]
      [GC Worker Other (ms): Min: 0.0, Avg: 0.0, Max: 0.0, Diff: 0.0, Sum: 0.1]
      [GC Worker Total (ms): Min: 5.4, Avg: 5.6, Max: 5.8, Diff: 0.4, Sum: 78.3]
      [GC Worker End (ms): Min: 372425248.7, Avg: 372425248.7, Max: 372425248.8, Diff: 0.1]
   [Code Root Fixup: 0.0 ms]
   [Code Root Purge: 0.0 ms]
   [Clear CT: 0.2 ms]
   [Other: 6.1 ms]
      [Choose CSet: 0.0 ms]
      [Ref Proc: 5.4 ms]
      [Ref Enq: 0.3 ms]
      [Redirty Cards: 0.2 ms]
      [Humongous Register: 0.0 ms]
      [Humongous Reclaim: 0.0 ms]
      [Free CSet: 0.1 ms]
   [Eden: 7152.0M(7152.0M)->0.0B(7152.0M) Survivors: 16384.0K->16384.0K Heap: 9971.6M(14336.0M)->2819.4M(14336.0M)]
 [Times: user=0.09 sys=0.00, real=0.01 secs] 
2022-11-10T02:07:44.946-0700: 373409.632: [GC pause (G1 Evacuation Pause) (young), 0.0104913 secs]
   [Parallel Time: 5.0 ms, GC Workers: 14]
      [GC Worker Start (ms): Min: 373409631.9, Avg: 373409632.0, Max: 373409632.2, Diff: 0.3]
      [Ext Root Scanning (ms): Min: 0.2, Avg: 0.7, Max: 3.8, Diff: 3.6, Sum: 9.2]
      [Update RS (ms): Min: 0.0, Avg: 0.1, Max: 0.2, Diff: 0.2, Sum: 1.2]
         [Processed Buffers: Min: 0, Avg: 10.4, Max: 26, Diff: 26, Sum: 145]
      [Scan RS (ms): Min: 0.0, Avg: 0.0, Max: 0.1, Diff: 0.1, Sum: 0.5]
      [Code Root Scanning (ms): Min: 0.0, Avg: 0.0, Max: 0.0, Diff: 0.0, Sum: 0.0]
      [Object Copy (ms): Min: 0.0, Avg: 1.1, Max: 4.1, Diff: 4.1, Sum: 15.7]
      [Termination (ms): Min: 0.0, Avg: 2.7, Max: 3.8, Diff: 3.8, Sum: 38.2]
         [Termination Attempts: Min: 1, Avg: 14.2, Max: 34, Diff: 33, Sum: 199]
      [GC Worker Other (ms): Min: 0.0, Avg: 0.0, Max: 0.0, Diff: 0.0, Sum: 0.1]
      [GC Worker Total (ms): Min: 4.5, Avg: 4.6, Max: 4.7, Diff: 0.3, Sum: 64.9]
      [GC Worker End (ms): Min: 373409636.6, Avg: 373409636.7, Max: 373409636.7, Diff: 0.1]
   [Code Root Fixup: 0.0 ms]
   [Code Root Purge: 0.0 ms]
   [Clear CT: 0.2 ms]
   [Other: 5.2 ms]
      [Choose CSet: 0.0 ms]
      [Ref Proc: 4.5 ms]
      [Ref Enq: 0.3 ms]
      [Redirty Cards: 0.2 ms]
      [Humongous Register: 0.0 ms]
      [Humongous Reclaim: 0.0 ms]
      [Free CSet: 0.1 ms]
   [Eden: 7152.0M(7152.0M)->0.0B(7152.0M) Survivors: 16384.0K->16384.0K Heap: 9971.4M(14336.0M)->2819.6M(14336.0M)]
 [Times: user=0.08 sys=0.00, real=0.01 secs] 
2022-11-10T02:24:12.545-0700: 374397.231: [GC pause (G1 Evacuation Pause) (young), 0.0113217 secs]
   [Parallel Time: 4.8 ms, GC Workers: 14]
      [GC Worker Start (ms): Min: 374397231.6, Avg: 374397231.8, Max: 374397231.9, Diff: 0.4]
      [Ext Root Scanning (ms): Min: 0.2, Avg: 0.7, Max: 4.1, Diff: 3.9, Sum: 9.6]
      [Update RS (ms): Min: 0.0, Avg: 0.1, Max: 0.3, Diff: 0.3, Sum: 1.6]
         [Processed Buffers: Min: 0, Avg: 11.6, Max: 30, Diff: 30, Sum: 162]
      [Scan RS (ms): Min: 0.0, Avg: 0.0, Max: 0.1, Diff: 0.1, Sum: 0.5]
      [Code Root Scanning (ms): Min: 0.0, Avg: 0.0, Max: 0.0, Diff: 0.0, Sum: 0.0]
      [Object Copy (ms): Min: 0.0, Avg: 0.3, Max: 0.4, Diff: 0.4, Sum: 4.1]
      [Termination (ms): Min: 0.0, Avg: 2.8, Max: 3.1, Diff: 3.1, Sum: 39.4]
         [Termination Attempts: Min: 1, Avg: 36.6, Max: 55, Diff: 54, Sum: 512]
      [GC Worker Other (ms): Min: 0.0, Avg: 0.0, Max: 0.0, Diff: 0.0, Sum: 0.1]
      [GC Worker Total (ms): Min: 3.8, Avg: 3.9, Max: 4.1, Diff: 0.4, Sum: 55.3]
      [GC Worker End (ms): Min: 374397235.7, Avg: 374397235.7, Max: 374397235.8, Diff: 0.1]
   [Code Root Fixup: 0.0 ms]
   [Code Root Purge: 0.0 ms]
   [Clear CT: 0.3 ms]
   [Other: 6.3 ms]
      [Choose CSet: 0.0 ms]
      [Ref Proc: 5.3 ms]
      [Ref Enq: 0.3 ms]
      [Redirty Cards: 0.2 ms]
      [Humongous Register: 0.0 ms]
      [Humongous Reclaim: 0.0 ms]
      [Free CSet: 0.2 ms]
   [Eden: 7152.0M(7152.0M)->0.0B(7152.0M) Survivors: 16384.0K->16384.0K Heap: 9971.6M(14336.0M)->2819.3M(14336.0M)]
 [Times: user=0.07 sys=0.00, real=0.01 secs] 
2022-11-10T02:40:27.345-0700: 375372.031: [GC pause (G1 Evacuation Pause) (young), 0.0106905 secs]
   [Parallel Time: 4.3 ms, GC Workers: 14]
      [GC Worker Start (ms): Min: 375372031.5, Avg: 375372031.7, Max: 375372031.8, Diff: 0.4]
      [Ext Root Scanning (ms): Min: 0.2, Avg: 0.7, Max: 3.8, Diff: 3.6, Sum: 9.3]
      [Update RS (ms): Min: 0.0, Avg: 0.1, Max: 0.3, Diff: 0.3, Sum: 1.3]
         [Processed Buffers: Min: 0, Avg: 11.6, Max: 35, Diff: 35, Sum: 162]
      [Scan RS (ms): Min: 0.0, Avg: 0.0, Max: 0.1, Diff: 0.1, Sum: 0.5]
      [Code Root Scanning (ms): Min: 0.0, Avg: 0.0, Max: 0.0, Diff: 0.0, Sum: 0.0]
      [Object Copy (ms): Min: 0.0, Avg: 0.3, Max: 0.3, Diff: 0.3, Sum: 3.8]
      [Termination (ms): Min: 0.0, Avg: 2.6, Max: 2.9, Diff: 2.9, Sum: 35.8]
         [Termination Attempts: Min: 1, Avg: 21.2, Max: 34, Diff: 33, Sum: 297]
      [GC Worker Other (ms): Min: 0.0, Avg: 0.0, Max: 0.0, Diff: 0.0, Sum: 0.1]
      [GC Worker Total (ms): Min: 3.5, Avg: 3.6, Max: 3.8, Diff: 0.3, Sum: 50.9]
      [GC Worker End (ms): Min: 375372035.3, Avg: 375372035.3, Max: 375372035.4, Diff: 0.1]
   [Code Root Fixup: 0.0 ms]
   [Code Root Purge: 0.0 ms]
   [Clear CT: 0.4 ms]
   [Other: 6.0 ms]
      [Choose CSet: 0.0 ms]
      [Ref Proc: 5.4 ms]
      [Ref Enq: 0.2 ms]
      [Redirty Cards: 0.2 ms]
      [Humongous Register: 0.0 ms]
      [Humongous Reclaim: 0.0 ms]
      [Free CSet: 0.1 ms]
   [Eden: 7152.0M(7152.0M)->0.0B(7152.0M) Survivors: 16384.0K->16384.0K Heap: 9971.3M(14336.0M)->2819.6M(14336.0M)]
 [Times: user=0.08 sys=0.00, real=0.01 secs] 
2022-11-10T02:56:42.695-0700: 376347.382: [GC pause (G1 Evacuation Pause) (young), 0.0092377 secs]
   [Parallel Time: 4.1 ms, GC Workers: 14]
      [GC Worker Start (ms): Min: 376347381.6, Avg: 376347381.7, Max: 376347381.9, Diff: 0.3]
      [Ext Root Scanning (ms): Min: 0.2, Avg: 0.6, Max: 3.8, Diff: 3.5, Sum: 8.8]
      [Update RS (ms): Min: 0.0, Avg: 0.1, Max: 0.3, Diff: 0.3, Sum: 1.4]
         [Processed Buffers: Min: 0, Avg: 11.9, Max: 33, Diff: 33, Sum: 166]
      [Scan RS (ms): Min: 0.0, Avg: 0.0, Max: 0.1, Diff: 0.1, Sum: 0.5]
      [Code Root Scanning (ms): Min: 0.0, Avg: 0.0, Max: 0.0, Diff: 0.0, Sum: 0.0]
      [Object Copy (ms): Min: 0.0, Avg: 0.3, Max: 0.4, Diff: 0.4, Sum: 3.8]
      [Termination (ms): Min: 0.0, Avg: 2.6, Max: 2.9, Diff: 2.9, Sum: 36.6]
         [Termination Attempts: Min: 1, Avg: 35.1, Max: 50, Diff: 49, Sum: 492]
      [GC Worker Other (ms): Min: 0.0, Avg: 0.0, Max: 0.0, Diff: 0.0, Sum: 0.1]
      [GC Worker Total (ms): Min: 3.5, Avg: 3.7, Max: 3.8, Diff: 0.3, Sum: 51.2]
      [GC Worker End (ms): Min: 376347385.4, Avg: 376347385.4, Max: 376347385.5, Diff: 0.1]
   [Code Root Fixup: 0.0 ms]
   [Code Root Purge: 0.0 ms]
   [Clear CT: 0.4 ms]
   [Other: 4.8 ms]
      [Choose CSet: 0.0 ms]
      [Ref Proc: 4.2 ms]
      [Ref Enq: 0.2 ms]
      [Redirty Cards: 0.2 ms]
      [Humongous Register: 0.0 ms]
      [Humongous Reclaim: 0.0 ms]
      [Free CSet: 0.1 ms]
   [Eden: 7152.0M(7152.0M)->0.0B(7152.0M) Survivors: 16384.0K->16384.0K Heap: 9971.6M(14336.0M)->2819.4M(14336.0M)]
 [Times: user=0.07 sys=0.00, real=0.01 secs] 
2022-11-10T03:12:58.295-0700: 377322.981: [GC pause (G1 Evacuation Pause) (young), 0.0105355 secs]
   [Parallel Time: 4.3 ms, GC Workers: 14]
      [GC Worker Start (ms): Min: 377322981.2, Avg: 377322981.3, Max: 377322981.5, Diff: 0.3]
      [Ext Root Scanning (ms): Min: 0.2, Avg: 0.7, Max: 3.8, Diff: 3.6, Sum: 9.2]
      [Update RS (ms): Min: 0.0, Avg: 0.1, Max: 0.3, Diff: 0.3, Sum: 1.5]
         [Processed Buffers: Min: 0, Avg: 12.1, Max: 29, Diff: 29, Sum: 170]
      [Scan RS (ms): Min: 0.0, Avg: 0.0, Max: 0.1, Diff: 0.0, Sum: 0.5]
      [Code Root Scanning (ms): Min: 0.0, Avg: 0.0, Max: 0.0, Diff: 0.0, Sum: 0.0]
      [Object Copy (ms): Min: 0.0, Avg: 0.2, Max: 0.3, Diff: 0.3, Sum: 3.3]
      [Termination (ms): Min: 0.0, Avg: 2.7, Max: 3.0, Diff: 3.0, Sum: 37.5]
         [Termination Attempts: Min: 1, Avg: 13.6, Max: 30, Diff: 29, Sum: 191]
      [GC Worker Other (ms): Min: 0.0, Avg: 0.0, Max: 0.0, Diff: 0.0, Sum: 0.1]
      [GC Worker Total (ms): Min: 3.5, Avg: 3.7, Max: 3.9, Diff: 0.3, Sum: 52.0]
      [GC Worker End (ms): Min: 377322985.0, Avg: 377322985.0, Max: 377322985.1, Diff: 0.1]
   [Code Root Fixup: 0.0 ms]
   [Code Root Purge: 0.0 ms]
   [Clear CT: 0.4 ms]
   [Other: 5.8 ms]
      [Choose CSet: 0.0 ms]
      [Ref Proc: 5.1 ms]
      [Ref Enq: 0.2 ms]
      [Redirty Cards: 0.2 ms]
      [Humongous Register: 0.0 ms]
      [Humongous Reclaim: 0.0 ms]
      [Free CSet: 0.2 ms]
   [Eden: 7152.0M(7152.0M)->0.0B(7152.0M) Survivors: 16384.0K->16384.0K Heap: 9971.4M(14336.0M)->2819.5M(14336.0M)]
 [Times: user=0.07 sys=0.00, real=0.01 secs] 
2022-11-10T03:29:08.827-0700: 378293.513: [GC pause (G1 Evacuation Pause) (young), 0.0111355 secs]
   [Parallel Time: 4.3 ms, GC Workers: 14]
      [GC Worker Start (ms): Min: 378293512.8, Avg: 378293513.0, Max: 378293513.2, Diff: 0.4]
      [Ext Root Scanning (ms): Min: 0.1, Avg: 0.6, Max: 3.7, Diff: 3.6, Sum: 8.6]
      [Update RS (ms): Min: 0.0, Avg: 0.1, Max: 0.2, Diff: 0.2, Sum: 1.3]
         [Processed Buffers: Min: 0, Avg: 11.4, Max: 33, Diff: 33, Sum: 159]
      [Scan RS (ms): Min: 0.0, Avg: 0.0, Max: 0.1, Diff: 0.1, Sum: 0.4]
      [Code Root Scanning (ms): Min: 0.0, Avg: 0.0, Max: 0.0, Diff: 0.0, Sum: 0.0]
      [Object Copy (ms): Min: 0.0, Avg: 0.3, Max: 0.4, Diff: 0.4, Sum: 3.8]
      [Termination (ms): Min: 0.0, Avg: 2.6, Max: 2.9, Diff: 2.9, Sum: 36.1]
         [Termination Attempts: Min: 1, Avg: 17.5, Max: 29, Diff: 28, Sum: 245]
      [GC Worker Other (ms): Min: 0.0, Avg: 0.0, Max: 0.0, Diff: 0.0, Sum: 0.1]
      [GC Worker Total (ms): Min: 3.4, Avg: 3.6, Max: 3.8, Diff: 0.3, Sum: 50.4]
      [GC Worker End (ms): Min: 378293516.5, Avg: 378293516.6, Max: 378293516.6, Diff: 0.1]
   [Code Root Fixup: 0.0 ms]
   [Code Root Purge: 0.0 ms]
   [Clear CT: 0.4 ms]
   [Other: 6.4 ms]
      [Choose CSet: 0.0 ms]
      [Ref Proc: 5.8 ms]
      [Ref Enq: 0.3 ms]
      [Redirty Cards: 0.2 ms]
      [Humongous Register: 0.0 ms]
      [Humongous Reclaim: 0.0 ms]
      [Free CSet: 0.1 ms]
   [Eden: 7152.0M(7152.0M)->0.0B(7152.0M) Survivors: 16384.0K->16384.0K Heap: 9971.5M(14336.0M)->2819.5M(14336.0M)]
 [Times: user=0.05 sys=0.04, real=0.01 secs] 
2022-11-10T03:45:25.262-0700: 379269.948: [GC pause (G1 Evacuation Pause) (young), 0.0099679 secs]
   [Parallel Time: 4.1 ms, GC Workers: 14]
      [GC Worker Start (ms): Min: 379269948.5, Avg: 379269948.7, Max: 379269948.8, Diff: 0.3]
      [Ext Root Scanning (ms): Min: 0.2, Avg: 0.6, Max: 3.7, Diff: 3.4, Sum: 9.1]
      [Update RS (ms): Min: 0.0, Avg: 0.1, Max: 0.3, Diff: 0.3, Sum: 1.4]
         [Processed Buffers: Min: 0, Avg: 10.6, Max: 27, Diff: 27, Sum: 149]
      [Scan RS (ms): Min: 0.0, Avg: 0.0, Max: 0.0, Diff: 0.0, Sum: 0.4]
      [Code Root Scanning (ms): Min: 0.0, Avg: 0.0, Max: 0.0, Diff: 0.0, Sum: 0.0]
      [Object Copy (ms): Min: 0.0, Avg: 0.3, Max: 0.4, Diff: 0.4, Sum: 3.8]
      [Termination (ms): Min: 0.0, Avg: 2.5, Max: 2.8, Diff: 2.8, Sum: 34.9]
         [Termination Attempts: Min: 1, Avg: 30.9, Max: 47, Diff: 46, Sum: 433]
      [GC Worker Other (ms): Min: 0.0, Avg: 0.0, Max: 0.0, Diff: 0.0, Sum: 0.1]
      [GC Worker Total (ms): Min: 3.4, Avg: 3.5, Max: 3.7, Diff: 0.3, Sum: 49.6]
      [GC Worker End (ms): Min: 379269952.2, Avg: 379269952.2, Max: 379269952.3, Diff: 0.1]
   [Code Root Fixup: 0.0 ms]
   [Code Root Purge: 0.0 ms]
   [Clear CT: 0.3 ms]
   [Other: 5.5 ms]
      [Choose CSet: 0.0 ms]
      [Ref Proc: 4.8 ms]
      [Ref Enq: 0.2 ms]
      [Redirty Cards: 0.2 ms]
      [Humongous Register: 0.0 ms]
      [Humongous Reclaim: 0.0 ms]
      [Free CSet: 0.1 ms]
   [Eden: 7152.0M(7152.0M)->0.0B(7152.0M) Survivors: 16384.0K->16384.0K Heap: 9971.5M(14336.0M)->2819.4M(14336.0M)]
 [Times: user=0.07 sys=0.00, real=0.01 secs] 
2022-11-10T04:01:52.095-0700: 380256.781: [GC pause (G1 Evacuation Pause) (young), 0.0137923 secs]
   [Parallel Time: 8.0 ms, GC Workers: 14]
      [GC Worker Start (ms): Min: 380256781.1, Avg: 380256781.3, Max: 380256781.4, Diff: 0.3]
      [Ext Root Scanning (ms): Min: 0.3, Avg: 0.7, Max: 3.8, Diff: 3.5, Sum: 9.4]
      [Update RS (ms): Min: 0.0, Avg: 0.1, Max: 0.3, Diff: 0.3, Sum: 1.3]
         [Processed Buffers: Min: 0, Avg: 11.0, Max: 27, Diff: 27, Sum: 154]
      [Scan RS (ms): Min: 0.0, Avg: 0.0, Max: 0.1, Diff: 0.0, Sum: 0.5]
      [Code Root Scanning (ms): Min: 0.0, Avg: 0.0, Max: 0.0, Diff: 0.0, Sum: 0.0]
      [Object Copy (ms): Min: 0.0, Avg: 0.8, Max: 6.9, Diff: 6.9, Sum: 10.5]
      [Termination (ms): Min: 0.0, Avg: 5.9, Max: 6.6, Diff: 6.6, Sum: 82.1]
         [Termination Attempts: Min: 1, Avg: 26.1, Max: 46, Diff: 45, Sum: 365]
      [GC Worker Other (ms): Min: 0.0, Avg: 0.0, Max: 0.0, Diff: 0.0, Sum: 0.1]
      [GC Worker Total (ms): Min: 7.3, Avg: 7.4, Max: 7.6, Diff: 0.3, Sum: 103.9]
      [GC Worker End (ms): Min: 380256788.7, Avg: 380256788.7, Max: 380256788.8, Diff: 0.1]
   [Code Root Fixup: 0.0 ms]
   [Code Root Purge: 0.0 ms]
   [Clear CT: 0.4 ms]
   [Other: 5.5 ms]
      [Choose CSet: 0.0 ms]
      [Ref Proc: 4.9 ms]
      [Ref Enq: 0.2 ms]
      [Redirty Cards: 0.2 ms]
      [Humongous Register: 0.0 ms]
      [Humongous Reclaim: 0.0 ms]
      [Free CSet: 0.1 ms]
   [Eden: 7152.0M(7152.0M)->0.0B(7152.0M) Survivors: 16384.0K->16384.0K Heap: 9971.4M(14336.0M)->2819.6M(14336.0M)]
 [Times: user=0.12 sys=0.00, real=0.01 secs] 
2022-11-10T04:18:11.545-0700: 381236.231: [GC pause (G1 Evacuation Pause) (young), 0.0109622 secs]
   [Parallel Time: 4.3 ms, GC Workers: 14]
      [GC Worker Start (ms): Min: 381236231.4, Avg: 381236231.6, Max: 381236231.7, Diff: 0.3]
      [Ext Root Scanning (ms): Min: 0.2, Avg: 0.7, Max: 3.7, Diff: 3.5, Sum: 9.3]
      [Update RS (ms): Min: 0.0, Avg: 0.1, Max: 0.3, Diff: 0.3, Sum: 1.3]
         [Processed Buffers: Min: 0, Avg: 11.1, Max: 42, Diff: 42, Sum: 155]
      [Scan RS (ms): Min: 0.0, Avg: 0.0, Max: 0.1, Diff: 0.1, Sum: 0.4]
      [Code Root Scanning (ms): Min: 0.0, Avg: 0.0, Max: 0.0, Diff: 0.0, Sum: 0.0]
      [Object Copy (ms): Min: 0.0, Avg: 0.3, Max: 0.3, Diff: 0.3, Sum: 3.6]
      [Termination (ms): Min: 0.0, Avg: 2.5, Max: 2.8, Diff: 2.8, Sum: 35.1]
         [Termination Attempts: Min: 1, Avg: 14.4, Max: 23, Diff: 22, Sum: 202]
      [GC Worker Other (ms): Min: 0.0, Avg: 0.0, Max: 0.0, Diff: 0.0, Sum: 0.1]
      [GC Worker Total (ms): Min: 3.4, Avg: 3.6, Max: 3.7, Diff: 0.3, Sum: 49.8]
      [GC Worker End (ms): Min: 381236235.1, Avg: 381236235.1, Max: 381236235.2, Diff: 0.0]
   [Code Root Fixup: 0.0 ms]
   [Code Root Purge: 0.0 ms]
   [Clear CT: 0.4 ms]
   [Other: 6.3 ms]
      [Choose CSet: 0.0 ms]
      [Ref Proc: 5.7 ms]
      [Ref Enq: 0.3 ms]
      [Redirty Cards: 0.2 ms]
      [Humongous Register: 0.0 ms]
      [Humongous Reclaim: 0.0 ms]
      [Free CSet: 0.1 ms]
   [Eden: 7152.0M(7152.0M)->0.0B(7152.0M) Survivors: 16384.0K->16384.0K Heap: 9971.6M(14336.0M)->2819.4M(14336.0M)]
 [Times: user=0.08 sys=0.00, real=0.01 secs] 
2022-11-10T04:34:38.695-0700: 382223.381: [GC pause (G1 Evacuation Pause) (young), 0.0125224 secs]
   [Parallel Time: 5.1 ms, GC Workers: 14]
      [GC Worker Start (ms): Min: 382223381.3, Avg: 382223381.5, Max: 382223381.7, Diff: 0.4]
      [Ext Root Scanning (ms): Min: 0.3, Avg: 0.7, Max: 4.5, Diff: 4.3, Sum: 9.7]
      [Update RS (ms): Min: 0.0, Avg: 0.1, Max: 0.3, Diff: 0.3, Sum: 1.4]
         [Processed Buffers: Min: 0, Avg: 10.6, Max: 24, Diff: 24, Sum: 149]
      [Scan RS (ms): Min: 0.0, Avg: 0.0, Max: 0.0, Diff: 0.0, Sum: 0.4]
      [Code Root Scanning (ms): Min: 0.0, Avg: 0.0, Max: 0.0, Diff: 0.0, Sum: 0.0]
      [Object Copy (ms): Min: 0.0, Avg: 0.3, Max: 0.4, Diff: 0.4, Sum: 4.0]
      [Termination (ms): Min: 0.0, Avg: 3.3, Max: 3.6, Diff: 3.6, Sum: 45.8]
         [Termination Attempts: Min: 1, Avg: 36.1, Max: 46, Diff: 45, Sum: 506]
      [GC Worker Other (ms): Min: 0.0, Avg: 0.0, Max: 0.0, Diff: 0.0, Sum: 0.1]
      [GC Worker Total (ms): Min: 4.3, Avg: 4.4, Max: 4.6, Diff: 0.3, Sum: 61.5]
      [GC Worker End (ms): Min: 382223385.9, Avg: 382223385.9, Max: 382223385.9, Diff: 0.1]
   [Code Root Fixup: 0.0 ms]
   [Code Root Purge: 0.0 ms]
   [Clear CT: 0.3 ms]
   [Other: 7.0 ms]
      [Choose CSet: 0.0 ms]
      [Ref Proc: 6.3 ms]
      [Ref Enq: 0.3 ms]
      [Redirty Cards: 0.2 ms]
      [Humongous Register: 0.0 ms]
      [Humongous Reclaim: 0.0 ms]
      [Free CSet: 0.2 ms]
   [Eden: 7152.0M(7152.0M)->0.0B(7152.0M) Survivors: 16384.0K->16384.0K Heap: 9971.4M(14336.0M)->2819.7M(14336.0M)]
 [Times: user=0.09 sys=0.00, real=0.01 secs] 
2022-11-10T04:50:47.745-0700: 383192.432: [GC pause (G1 Evacuation Pause) (young), 0.0120194 secs]
   [Parallel Time: 5.5 ms, GC Workers: 14]
      [GC Worker Start (ms): Min: 383192431.6, Avg: 383192431.8, Max: 383192432.0, Diff: 0.3]
      [Ext Root Scanning (ms): Min: 0.2, Avg: 0.6, Max: 2.6, Diff: 2.4, Sum: 8.3]
      [Update RS (ms): Min: 0.0, Avg: 0.1, Max: 0.3, Diff: 0.3, Sum: 1.3]
         [Processed Buffers: Min: 0, Avg: 11.3, Max: 38, Diff: 38, Sum: 158]
      [Scan RS (ms): Min: 0.0, Avg: 0.0, Max: 0.1, Diff: 0.1, Sum: 0.5]
      [Code Root Scanning (ms): Min: 0.0, Avg: 0.0, Max: 0.0, Diff: 0.0, Sum: 0.0]
      [Object Copy (ms): Min: 0.0, Avg: 0.6, Max: 4.3, Diff: 4.3, Sum: 8.7]
      [Termination (ms): Min: 0.0, Avg: 3.6, Max: 4.1, Diff: 4.1, Sum: 50.3]
         [Termination Attempts: Min: 1, Avg: 28.8, Max: 46, Diff: 45, Sum: 403]
      [GC Worker Other (ms): Min: 0.0, Avg: 0.0, Max: 0.0, Diff: 0.0, Sum: 0.1]
      [GC Worker Total (ms): Min: 4.7, Avg: 4.9, Max: 5.1, Diff: 0.4, Sum: 69.1]
      [GC Worker End (ms): Min: 383192436.7, Avg: 383192436.7, Max: 383192436.8, Diff: 0.1]
   [Code Root Fixup: 0.0 ms]
   [Code Root Purge: 0.0 ms]
   [Clear CT: 0.4 ms]
   [Other: 6.1 ms]
      [Choose CSet: 0.0 ms]
      [Ref Proc: 5.5 ms]
      [Ref Enq: 0.2 ms]
      [Redirty Cards: 0.2 ms]
      [Humongous Register: 0.0 ms]
      [Humongous Reclaim: 0.0 ms]
      [Free CSet: 0.2 ms]
   [Eden: 7152.0M(7152.0M)->0.0B(7152.0M) Survivors: 16384.0K->16384.0K Heap: 9971.7M(14336.0M)->2819.5M(14336.0M)]
 [Times: user=0.09 sys=0.00, real=0.01 secs] 
2022-11-10T05:07:06.446-0700: 384171.132: [GC pause (G1 Evacuation Pause) (young), 0.0113669 secs]
   [Parallel Time: 4.3 ms, GC Workers: 14]
      [GC Worker Start (ms): Min: 384171132.0, Avg: 384171132.1, Max: 384171132.3, Diff: 0.3]
      [Ext Root Scanning (ms): Min: 0.2, Avg: 0.6, Max: 3.8, Diff: 3.6, Sum: 8.4]
      [Update RS (ms): Min: 0.0, Avg: 0.1, Max: 0.3, Diff: 0.3, Sum: 1.5]
         [Processed Buffers: Min: 0, Avg: 11.9, Max: 43, Diff: 43, Sum: 167]
      [Scan RS (ms): Min: 0.0, Avg: 0.0, Max: 0.1, Diff: 0.1, Sum: 0.5]
      [Code Root Scanning (ms): Min: 0.0, Avg: 0.0, Max: 0.0, Diff: 0.0, Sum: 0.0]
      [Object Copy (ms): Min: 0.0, Avg: 0.3, Max: 0.3, Diff: 0.3, Sum: 3.7]
      [Termination (ms): Min: 0.0, Avg: 2.7, Max: 2.9, Diff: 2.9, Sum: 37.7]
         [Termination Attempts: Min: 1, Avg: 17.4, Max: 27, Diff: 26, Sum: 243]
      [GC Worker Other (ms): Min: 0.0, Avg: 0.0, Max: 0.0, Diff: 0.0, Sum: 0.1]
      [GC Worker Total (ms): Min: 3.5, Avg: 3.7, Max: 3.9, Diff: 0.4, Sum: 51.8]
      [GC Worker End (ms): Min: 384171135.8, Avg: 384171135.8, Max: 384171135.9, Diff: 0.1]
   [Code Root Fixup: 0.0 ms]
   [Code Root Purge: 0.0 ms]
   [Clear CT: 0.4 ms]
   [Other: 6.7 ms]
      [Choose CSet: 0.0 ms]
      [Ref Proc: 6.1 ms]
      [Ref Enq: 0.2 ms]
      [Redirty Cards: 0.2 ms]
      [Humongous Register: 0.0 ms]
      [Humongous Reclaim: 0.0 ms]
      [Free CSet: 0.1 ms]
   [Eden: 7152.0M(7152.0M)->0.0B(7152.0M) Survivors: 16384.0K->16384.0K Heap: 9971.5M(14336.0M)->2819.8M(14336.0M)]
 [Times: user=0.07 sys=0.00, real=0.01 secs] 
2022-11-10T05:23:24.995-0700: 385149.681: [GC pause (G1 Evacuation Pause) (young), 0.0097732 secs]
   [Parallel Time: 4.3 ms, GC Workers: 14]
      [GC Worker Start (ms): Min: 385149681.2, Avg: 385149681.3, Max: 385149681.5, Diff: 0.3]
      [Ext Root Scanning (ms): Min: 0.2, Avg: 0.6, Max: 3.8, Diff: 3.6, Sum: 8.7]
      [Update RS (ms): Min: 0.0, Avg: 0.1, Max: 0.3, Diff: 0.3, Sum: 1.5]
         [Processed Buffers: Min: 0, Avg: 11.6, Max: 26, Diff: 26, Sum: 163]
      [Scan RS (ms): Min: 0.0, Avg: 0.0, Max: 0.0, Diff: 0.0, Sum: 0.4]
      [Code Root Scanning (ms): Min: 0.0, Avg: 0.0, Max: 0.0, Diff: 0.0, Sum: 0.0]
      [Object Copy (ms): Min: 0.0, Avg: 0.3, Max: 0.3, Diff: 0.3, Sum: 3.8]
      [Termination (ms): Min: 0.0, Avg: 2.7, Max: 3.0, Diff: 3.0, Sum: 37.8]
         [Termination Attempts: Min: 1, Avg: 18.1, Max: 32, Diff: 31, Sum: 253]
      [GC Worker Other (ms): Min: 0.0, Avg: 0.0, Max: 0.0, Diff: 0.0, Sum: 0.1]
      [GC Worker Total (ms): Min: 3.5, Avg: 3.7, Max: 3.9, Diff: 0.4, Sum: 52.2]
      [GC Worker End (ms): Min: 385149684.9, Avg: 385149685.0, Max: 385149685.1, Diff: 0.1]
   [Code Root Fixup: 0.0 ms]
   [Code Root Purge: 0.0 ms]
   [Clear CT: 0.2 ms]
   [Other: 5.3 ms]
      [Choose CSet: 0.0 ms]
      [Ref Proc: 4.5 ms]
      [Ref Enq: 0.3 ms]
      [Redirty Cards: 0.2 ms]
      [Humongous Register: 0.0 ms]
      [Humongous Reclaim: 0.0 ms]
      [Free CSet: 0.2 ms]
   [Eden: 7152.0M(7152.0M)->0.0B(7152.0M) Survivors: 16384.0K->16384.0K Heap: 9971.8M(14336.0M)->2819.5M(14336.0M)]
 [Times: user=0.08 sys=0.00, real=0.01 secs] 
2022-11-10T05:39:45.996-0700: 386130.682: [GC pause (G1 Evacuation Pause) (young), 0.0097495 secs]
   [Parallel Time: 3.9 ms, GC Workers: 14]
      [GC Worker Start (ms): Min: 386130681.8, Avg: 386130682.0, Max: 386130682.1, Diff: 0.3]
      [Ext Root Scanning (ms): Min: 0.2, Avg: 0.6, Max: 3.8, Diff: 3.5, Sum: 8.8]
      [Update RS (ms): Min: 0.0, Avg: 0.1, Max: 0.3, Diff: 0.3, Sum: 1.4]
         [Processed Buffers: Min: 0, Avg: 10.9, Max: 38, Diff: 38, Sum: 152]
      [Scan RS (ms): Min: 0.0, Avg: 0.0, Max: 0.1, Diff: 0.1, Sum: 0.5]
      [Code Root Scanning (ms): Min: 0.0, Avg: 0.0, Max: 0.0, Diff: 0.0, Sum: 0.0]
      [Object Copy (ms): Min: 0.0, Avg: 0.3, Max: 0.4, Diff: 0.4, Sum: 3.9]
      [Termination (ms): Min: 0.0, Avg: 2.6, Max: 2.9, Diff: 2.9, Sum: 36.5]
         [Termination Attempts: Min: 1, Avg: 14.1, Max: 24, Diff: 23, Sum: 198]
      [GC Worker Other (ms): Min: 0.0, Avg: 0.0, Max: 0.0, Diff: 0.0, Sum: 0.1]
      [GC Worker Total (ms): Min: 3.5, Avg: 3.7, Max: 3.8, Diff: 0.3, Sum: 51.2]
      [GC Worker End (ms): Min: 386130685.6, Avg: 386130685.6, Max: 386130685.7, Diff: 0.1]
   [Code Root Fixup: 0.0 ms]
   [Code Root Purge: 0.0 ms]
   [Clear CT: 0.2 ms]
   [Other: 5.6 ms]
      [Choose CSet: 0.0 ms]
      [Ref Proc: 4.8 ms]
      [Ref Enq: 0.3 ms]
      [Redirty Cards: 0.2 ms]
      [Humongous Register: 0.0 ms]
      [Humongous Reclaim: 0.0 ms]
      [Free CSet: 0.2 ms]
   [Eden: 7152.0M(7152.0M)->0.0B(7152.0M) Survivors: 16384.0K->16384.0K Heap: 9971.5M(14336.0M)->2819.8M(14336.0M)]
 [Times: user=0.07 sys=0.00, real=0.01 secs] 
2022-11-10T05:56:04.251-0700: 387108.937: [GC pause (G1 Evacuation Pause) (young), 0.0144073 secs]
   [Parallel Time: 8.1 ms, GC Workers: 14]
      [GC Worker Start (ms): Min: 387108937.1, Avg: 387108937.3, Max: 387108937.4, Diff: 0.4]
      [Ext Root Scanning (ms): Min: 0.2, Avg: 0.7, Max: 3.8, Diff: 3.6, Sum: 9.2]
      [Update RS (ms): Min: 0.0, Avg: 0.1, Max: 0.3, Diff: 0.3, Sum: 1.3]
         [Processed Buffers: Min: 0, Avg: 11.6, Max: 28, Diff: 28, Sum: 162]
      [Scan RS (ms): Min: 0.0, Avg: 0.0, Max: 0.0, Diff: 0.0, Sum: 0.4]
      [Code Root Scanning (ms): Min: 0.0, Avg: 0.0, Max: 0.0, Diff: 0.0, Sum: 0.0]
      [Object Copy (ms): Min: 0.0, Avg: 1.6, Max: 6.9, Diff: 6.9, Sum: 22.2]
      [Termination (ms): Min: 0.0, Avg: 5.0, Max: 6.8, Diff: 6.8, Sum: 70.5]
         [Termination Attempts: Min: 1, Avg: 1.1, Max: 2, Diff: 1, Sum: 16]
      [GC Worker Other (ms): Min: 0.0, Avg: 0.0, Max: 0.0, Diff: 0.0, Sum: 0.1]
      [GC Worker Total (ms): Min: 7.2, Avg: 7.4, Max: 7.6, Diff: 0.4, Sum: 103.8]
      [GC Worker End (ms): Min: 387108944.7, Avg: 387108944.7, Max: 387108944.7, Diff: 0.1]
   [Code Root Fixup: 0.0 ms]
   [Code Root Purge: 0.0 ms]
   [Clear CT: 0.3 ms]
   [Other: 6.0 ms]
      [Choose CSet: 0.0 ms]
      [Ref Proc: 5.3 ms]
      [Ref Enq: 0.3 ms]
      [Redirty Cards: 0.2 ms]
      [Humongous Register: 0.0 ms]
      [Humongous Reclaim: 0.0 ms]
      [Free CSet: 0.2 ms]
   [Eden: 7152.0M(7152.0M)->0.0B(7152.0M) Survivors: 16384.0K->16384.0K Heap: 9971.8M(14336.0M)->2819.7M(14336.0M)]
 [Times: user=0.10 sys=0.00, real=0.02 secs] 
2022-11-10T06:12:19.945-0700: 388084.631: [GC pause (G1 Evacuation Pause) (young), 0.0093706 secs]
   [Parallel Time: 4.1 ms, GC Workers: 14]
      [GC Worker Start (ms): Min: 388084631.3, Avg: 388084631.5, Max: 388084631.6, Diff: 0.2]
      [Ext Root Scanning (ms): Min: 0.3, Avg: 0.7, Max: 3.8, Diff: 3.5, Sum: 9.3]
      [Update RS (ms): Min: 0.0, Avg: 0.1, Max: 0.3, Diff: 0.3, Sum: 1.4]
         [Processed Buffers: Min: 0, Avg: 10.6, Max: 29, Diff: 29, Sum: 148]
      [Scan RS (ms): Min: 0.0, Avg: 0.0, Max: 0.0, Diff: 0.0, Sum: 0.4]
      [Code Root Scanning (ms): Min: 0.0, Avg: 0.0, Max: 0.0, Diff: 0.0, Sum: 0.0]
      [Object Copy (ms): Min: 0.0, Avg: 0.2, Max: 0.3, Diff: 0.3, Sum: 3.2]
      [Termination (ms): Min: 0.0, Avg: 2.7, Max: 2.9, Diff: 2.9, Sum: 37.4]
         [Termination Attempts: Min: 1, Avg: 13.5, Max: 24, Diff: 23, Sum: 189]
      [GC Worker Other (ms): Min: 0.0, Avg: 0.0, Max: 0.0, Diff: 0.0, Sum: 0.1]
      [GC Worker Total (ms): Min: 3.6, Avg: 3.7, Max: 3.8, Diff: 0.3, Sum: 51.7]
      [GC Worker End (ms): Min: 388084635.1, Avg: 388084635.2, Max: 388084635.2, Diff: 0.1]
   [Code Root Fixup: 0.0 ms]
   [Code Root Purge: 0.0 ms]
   [Clear CT: 0.4 ms]
   [Other: 4.8 ms]
      [Choose CSet: 0.0 ms]
      [Ref Proc: 4.2 ms]
      [Ref Enq: 0.2 ms]
      [Redirty Cards: 0.2 ms]
      [Humongous Register: 0.0 ms]
      [Humongous Reclaim: 0.0 ms]
      [Free CSet: 0.1 ms]
   [Eden: 7152.0M(7152.0M)->0.0B(7152.0M) Survivors: 16384.0K->16384.0K Heap: 9971.7M(14336.0M)->2819.6M(14336.0M)]
 [Times: user=0.07 sys=0.00, real=0.01 secs] 
2022-11-10T06:28:40.395-0700: 389065.081: [GC pause (G1 Evacuation Pause) (young), 0.0096809 secs]
   [Parallel Time: 3.0 ms, GC Workers: 14]
      [GC Worker Start (ms): Min: 389065081.3, Avg: 389065081.5, Max: 389065081.7, Diff: 0.4]
      [Ext Root Scanning (ms): Min: 0.2, Avg: 0.6, Max: 2.5, Diff: 2.3, Sum: 7.7]
      [Update RS (ms): Min: 0.0, Avg: 0.1, Max: 0.3, Diff: 0.3, Sum: 1.4]
         [Processed Buffers: Min: 0, Avg: 11.3, Max: 37, Diff: 37, Sum: 158]
      [Scan RS (ms): Min: 0.0, Avg: 0.0, Max: 0.1, Diff: 0.0, Sum: 0.5]
      [Code Root Scanning (ms): Min: 0.0, Avg: 0.0, Max: 0.0, Diff: 0.0, Sum: 0.0]
      [Object Copy (ms): Min: 0.0, Avg: 0.2, Max: 0.3, Diff: 0.3, Sum: 3.4]
      [Termination (ms): Min: 0.0, Avg: 1.5, Max: 1.6, Diff: 1.6, Sum: 20.5]
         [Termination Attempts: Min: 1, Avg: 12.6, Max: 23, Diff: 22, Sum: 177]
      [GC Worker Other (ms): Min: 0.0, Avg: 0.0, Max: 0.0, Diff: 0.0, Sum: 0.1]
      [GC Worker Total (ms): Min: 2.2, Avg: 2.4, Max: 2.6, Diff: 0.4, Sum: 33.6]
      [GC Worker End (ms): Min: 389065083.8, Avg: 389065083.9, Max: 389065083.9, Diff: 0.1]
   [Code Root Fixup: 0.0 ms]
   [Code Root Purge: 0.0 ms]
   [Clear CT: 0.4 ms]
   [Other: 6.3 ms]
      [Choose CSet: 0.0 ms]
      [Ref Proc: 5.6 ms]
      [Ref Enq: 0.3 ms]
      [Redirty Cards: 0.2 ms]
      [Humongous Register: 0.0 ms]
      [Humongous Reclaim: 0.0 ms]
      [Free CSet: 0.1 ms]
   [Eden: 7152.0M(7152.0M)->0.0B(7152.0M) Survivors: 16384.0K->16384.0K Heap: 9971.6M(14336.0M)->2819.7M(14336.0M)]
 [Times: user=0.06 sys=0.00, real=0.01 secs] 
2022-11-10T06:44:53.595-0700: 390038.281: [GC pause (G1 Evacuation Pause) (young), 0.0148739 secs]
   [Parallel Time: 8.0 ms, GC Workers: 14]
      [GC Worker Start (ms): Min: 390038281.2, Avg: 390038281.4, Max: 390038281.6, Diff: 0.4]
      [Ext Root Scanning (ms): Min: 0.2, Avg: 0.6, Max: 2.6, Diff: 2.4, Sum: 7.8]
      [Update RS (ms): Min: 0.0, Avg: 0.1, Max: 0.3, Diff: 0.3, Sum: 1.4]
         [Processed Buffers: Min: 0, Avg: 11.6, Max: 46, Diff: 46, Sum: 162]
      [Scan RS (ms): Min: 0.0, Avg: 0.0, Max: 0.1, Diff: 0.1, Sum: 0.4]
      [Code Root Scanning (ms): Min: 0.0, Avg: 0.0, Max: 0.0, Diff: 0.0, Sum: 0.0]
      [Object Copy (ms): Min: 0.0, Avg: 1.2, Max: 6.8, Diff: 6.8, Sum: 16.7]
      [Termination (ms): Min: 0.0, Avg: 5.5, Max: 6.6, Diff: 6.6, Sum: 76.4]
         [Termination Attempts: Min: 1, Avg: 17.1, Max: 32, Diff: 31, Sum: 239]
      [GC Worker Other (ms): Min: 0.0, Avg: 0.0, Max: 0.0, Diff: 0.0, Sum: 0.1]
      [GC Worker Total (ms): Min: 7.2, Avg: 7.3, Max: 7.5, Diff: 0.4, Sum: 102.8]
      [GC Worker End (ms): Min: 390038288.7, Avg: 390038288.7, Max: 390038288.8, Diff: 0.1]
   [Code Root Fixup: 0.0 ms]
   [Code Root Purge: 0.0 ms]
   [Clear CT: 0.4 ms]
   [Other: 6.5 ms]
      [Choose CSet: 0.0 ms]
      [Ref Proc: 5.9 ms]
      [Ref Enq: 0.3 ms]
      [Redirty Cards: 0.2 ms]
      [Humongous Register: 0.0 ms]
      [Humongous Reclaim: 0.0 ms]
      [Free CSet: 0.1 ms]
   [Eden: 7152.0M(7152.0M)->0.0B(7152.0M) Survivors: 16384.0K->16384.0K Heap: 9971.7M(14336.0M)->2819.5M(14336.0M)]
 [Times: user=0.11 sys=0.00, real=0.01 secs] 
2022-11-10T07:01:07.746-0700: 391012.432: [GC pause (G1 Evacuation Pause) (young), 0.0101241 secs]
   [Parallel Time: 4.3 ms, GC Workers: 14]
      [GC Worker Start (ms): Min: 391012431.9, Avg: 391012432.1, Max: 391012432.3, Diff: 0.4]
      [Ext Root Scanning (ms): Min: 0.2, Avg: 0.6, Max: 3.7, Diff: 3.5, Sum: 8.6]
      [Update RS (ms): Min: 0.0, Avg: 0.1, Max: 0.3, Diff: 0.3, Sum: 1.4]
         [Processed Buffers: Min: 0, Avg: 10.9, Max: 29, Diff: 29, Sum: 152]
      [Scan RS (ms): Min: 0.0, Avg: 0.0, Max: 0.1, Diff: 0.1, Sum: 0.4]
      [Code Root Scanning (ms): Min: 0.0, Avg: 0.0, Max: 0.0, Diff: 0.0, Sum: 0.0]
      [Object Copy (ms): Min: 0.0, Avg: 0.3, Max: 0.4, Diff: 0.3, Sum: 3.7]
      [Termination (ms): Min: 0.0, Avg: 2.6, Max: 2.9, Diff: 2.9, Sum: 36.3]
         [Termination Attempts: Min: 1, Avg: 16.5, Max: 34, Diff: 33, Sum: 231]
      [GC Worker Other (ms): Min: 0.0, Avg: 0.0, Max: 0.0, Diff: 0.0, Sum: 0.1]
      [GC Worker Total (ms): Min: 3.4, Avg: 3.6, Max: 3.7, Diff: 0.4, Sum: 50.5]
      [GC Worker End (ms): Min: 391012435.6, Avg: 391012435.7, Max: 391012435.7, Diff: 0.1]
   [Code Root Fixup: 0.0 ms]
   [Code Root Purge: 0.0 ms]
   [Clear CT: 0.3 ms]
   [Other: 5.5 ms]
      [Choose CSet: 0.0 ms]
      [Ref Proc: 4.9 ms]
      [Ref Enq: 0.3 ms]
      [Redirty Cards: 0.2 ms]
      [Humongous Register: 0.0 ms]
      [Humongous Reclaim: 0.0 ms]
      [Free CSet: 0.1 ms]
   [Eden: 7152.0M(7152.0M)->0.0B(7152.0M) Survivors: 16384.0K->16384.0K Heap: 9971.5M(14336.0M)->2819.9M(14336.0M)]
 [Times: user=0.07 sys=0.00, real=0.01 secs] 
2022-11-10T07:17:24.045-0700: 391988.731: [GC pause (G1 Evacuation Pause) (young), 0.0106247 secs]
   [Parallel Time: 4.3 ms, GC Workers: 14]
      [GC Worker Start (ms): Min: 391988731.5, Avg: 391988731.6, Max: 391988731.8, Diff: 0.3]
      [Ext Root Scanning (ms): Min: 0.2, Avg: 0.7, Max: 3.7, Diff: 3.5, Sum: 9.3]
      [Update RS (ms): Min: 0.0, Avg: 0.1, Max: 0.2, Diff: 0.2, Sum: 1.3]
         [Processed Buffers: Min: 0, Avg: 11.1, Max: 39, Diff: 39, Sum: 155]
      [Scan RS (ms): Min: 0.0, Avg: 0.0, Max: 0.1, Diff: 0.0, Sum: 0.4]
      [Code Root Scanning (ms): Min: 0.0, Avg: 0.0, Max: 0.0, Diff: 0.0, Sum: 0.0]
      [Object Copy (ms): Min: 0.0, Avg: 0.2, Max: 0.4, Diff: 0.4, Sum: 3.5]
      [Termination (ms): Min: 0.0, Avg: 2.6, Max: 2.9, Diff: 2.9, Sum: 36.2]
         [Termination Attempts: Min: 1, Avg: 10.5, Max: 22, Diff: 21, Sum: 147]
      [GC Worker Other (ms): Min: 0.0, Avg: 0.0, Max: 0.0, Diff: 0.0, Sum: 0.1]
      [GC Worker Total (ms): Min: 3.4, Avg: 3.6, Max: 3.8, Diff: 0.3, Sum: 50.8]
      [GC Worker End (ms): Min: 391988735.2, Avg: 391988735.3, Max: 391988735.4, Diff: 0.1]
   [Code Root Fixup: 0.0 ms]
   [Code Root Purge: 0.0 ms]
   [Clear CT: 0.3 ms]
   [Other: 6.0 ms]
      [Choose CSet: 0.0 ms]
      [Ref Proc: 5.3 ms]
      [Ref Enq: 0.2 ms]
      [Redirty Cards: 0.2 ms]
      [Humongous Register: 0.0 ms]
      [Humongous Reclaim: 0.0 ms]
      [Free CSet: 0.1 ms]
   [Eden: 7152.0M(7152.0M)->0.0B(7152.0M) Survivors: 16384.0K->16384.0K Heap: 9971.9M(14336.0M)->2819.7M(14336.0M)]
 [Times: user=0.07 sys=0.00, real=0.01 secs] 
2022-11-10T07:33:32.340-0700: 392957.026: [GC pause (G1 Evacuation Pause) (young), 0.0100475 secs]
   [Parallel Time: 4.1 ms, GC Workers: 14]
      [GC Worker Start (ms): Min: 392957026.3, Avg: 392957026.5, Max: 392957026.7, Diff: 0.3]
      [Ext Root Scanning (ms): Min: 0.2, Avg: 0.7, Max: 3.8, Diff: 3.6, Sum: 9.1]
      [Update RS (ms): Min: 0.0, Avg: 0.1, Max: 0.2, Diff: 0.2, Sum: 1.4]
         [Processed Buffers: Min: 0, Avg: 11.7, Max: 51, Diff: 51, Sum: 164]
      [Scan RS (ms): Min: 0.0, Avg: 0.0, Max: 0.1, Diff: 0.1, Sum: 0.5]
      [Code Root Scanning (ms): Min: 0.0, Avg: 0.0, Max: 0.0, Diff: 0.0, Sum: 0.0]
      [Object Copy (ms): Min: 0.0, Avg: 0.3, Max: 0.4, Diff: 0.4, Sum: 4.2]
      [Termination (ms): Min: 0.0, Avg: 2.6, Max: 2.9, Diff: 2.9, Sum: 36.7]
         [Termination Attempts: Min: 1, Avg: 43.6, Max: 57, Diff: 56, Sum: 611]
      [GC Worker Other (ms): Min: 0.0, Avg: 0.0, Max: 0.0, Diff: 0.0, Sum: 0.1]
      [GC Worker Total (ms): Min: 3.5, Avg: 3.7, Max: 3.8, Diff: 0.3, Sum: 51.9]
      [GC Worker End (ms): Min: 392957030.1, Avg: 392957030.2, Max: 392957030.3, Diff: 0.1]
   [Code Root Fixup: 0.0 ms]
   [Code Root Purge: 0.0 ms]
   [Clear CT: 0.4 ms]
   [Other: 5.5 ms]
      [Choose CSet: 0.0 ms]
      [Ref Proc: 4.9 ms]
      [Ref Enq: 0.3 ms]
      [Redirty Cards: 0.2 ms]
      [Humongous Register: 0.0 ms]
      [Humongous Reclaim: 0.0 ms]
      [Free CSet: 0.1 ms]
   [Eden: 7152.0M(7152.0M)->0.0B(7152.0M) Survivors: 16384.0K->16384.0K Heap: 9971.7M(14336.0M)->2819.6M(14336.0M)]
 [Times: user=0.08 sys=0.00, real=0.01 secs] 
2022-11-10T07:49:54.495-0700: 393939.181: [GC pause (G1 Evacuation Pause) (young), 0.0136648 secs]
   [Parallel Time: 8.2 ms, GC Workers: 14]
      [GC Worker Start (ms): Min: 393939181.1, Avg: 393939181.3, Max: 393939181.5, Diff: 0.4]
      [Ext Root Scanning (ms): Min: 0.2, Avg: 0.6, Max: 3.8, Diff: 3.6, Sum: 9.0]
      [Update RS (ms): Min: 0.0, Avg: 0.1, Max: 0.3, Diff: 0.3, Sum: 1.4]
         [Processed Buffers: Min: 0, Avg: 11.1, Max: 33, Diff: 33, Sum: 155]
      [Scan RS (ms): Min: 0.0, Avg: 0.0, Max: 0.1, Diff: 0.1, Sum: 0.4]
      [Code Root Scanning (ms): Min: 0.0, Avg: 0.0, Max: 0.0, Diff: 0.0, Sum: 0.0]
      [Object Copy (ms): Min: 0.0, Avg: 1.1, Max: 6.8, Diff: 6.8, Sum: 15.5]
      [Termination (ms): Min: 0.0, Avg: 5.5, Max: 6.8, Diff: 6.8, Sum: 77.1]
         [Termination Attempts: Min: 1, Avg: 1.1, Max: 2, Diff: 1, Sum: 16]
      [GC Worker Other (ms): Min: 0.0, Avg: 0.0, Max: 0.0, Diff: 0.0, Sum: 0.1]
      [GC Worker Total (ms): Min: 7.2, Avg: 7.4, Max: 7.6, Diff: 0.4, Sum: 103.5]
      [GC Worker End (ms): Min: 393939188.7, Avg: 393939188.7, Max: 393939188.8, Diff: 0.1]
   [Code Root Fixup: 0.0 ms]
   [Code Root Purge: 0.0 ms]
   [Clear CT: 0.3 ms]
   [Other: 5.1 ms]
      [Choose CSet: 0.0 ms]
      [Ref Proc: 4.6 ms]
      [Ref Enq: 0.2 ms]
      [Redirty Cards: 0.2 ms]
      [Humongous Register: 0.0 ms]
      [Humongous Reclaim: 0.0 ms]
      [Free CSet: 0.1 ms]
   [Eden: 7152.0M(7152.0M)->0.0B(7152.0M) Survivors: 16384.0K->16384.0K Heap: 9971.6M(14336.0M)->2819.9M(14336.0M)]
 [Times: user=0.11 sys=0.00, real=0.01 secs] 
2022-11-10T08:06:03.595-0700: 394908.281: [GC pause (G1 Evacuation Pause) (young), 0.0092848 secs]
   [Parallel Time: 4.2 ms, GC Workers: 14]
      [GC Worker Start (ms): Min: 394908281.3, Avg: 394908281.4, Max: 394908281.5, Diff: 0.3]
      [Ext Root Scanning (ms): Min: 0.3, Avg: 0.7, Max: 3.8, Diff: 3.5, Sum: 9.3]
      [Update RS (ms): Min: 0.0, Avg: 0.1, Max: 0.3, Diff: 0.3, Sum: 1.3]
         [Processed Buffers: Min: 0, Avg: 11.9, Max: 45, Diff: 45, Sum: 166]
      [Scan RS (ms): Min: 0.0, Avg: 0.0, Max: 0.1, Diff: 0.1, Sum: 0.5]
      [Code Root Scanning (ms): Min: 0.0, Avg: 0.0, Max: 0.0, Diff: 0.0, Sum: 0.0]
      [Object Copy (ms): Min: 0.0, Avg: 0.3, Max: 0.3, Diff: 0.3, Sum: 3.6]
      [Termination (ms): Min: 0.0, Avg: 2.6, Max: 3.0, Diff: 3.0, Sum: 36.5]
         [Termination Attempts: Min: 1, Avg: 16.8, Max: 27, Diff: 26, Sum: 235]
      [GC Worker Other (ms): Min: 0.0, Avg: 0.0, Max: 0.0, Diff: 0.0, Sum: 0.1]
      [GC Worker Total (ms): Min: 3.5, Avg: 3.7, Max: 3.8, Diff: 0.3, Sum: 51.3]
      [GC Worker End (ms): Min: 394908285.0, Avg: 394908285.1, Max: 394908285.2, Diff: 0.2]
   [Code Root Fixup: 0.0 ms]
   [Code Root Purge: 0.0 ms]
   [Clear CT: 0.4 ms]
   [Other: 4.7 ms]
      [Choose CSet: 0.0 ms]
      [Ref Proc: 4.1 ms]
      [Ref Enq: 0.2 ms]
      [Redirty Cards: 0.2 ms]
      [Humongous Register: 0.0 ms]
      [Humongous Reclaim: 0.0 ms]
      [Free CSet: 0.1 ms]
   [Eden: 7152.0M(7152.0M)->0.0B(7152.0M) Survivors: 16384.0K->16384.0K Heap: 9971.9M(14336.0M)->2819.7M(14336.0M)]
 [Times: user=0.07 sys=0.00, real=0.01 secs] 
2022-11-10T08:22:12.795-0700: 395877.481: [GC pause (G1 Evacuation Pause) (young), 0.0078610 secs]
   [Parallel Time: 2.9 ms, GC Workers: 14]
      [GC Worker Start (ms): Min: 395877481.2, Avg: 395877481.3, Max: 395877481.4, Diff: 0.3]
      [Ext Root Scanning (ms): Min: 0.3, Avg: 0.6, Max: 2.6, Diff: 2.3, Sum: 8.0]
      [Update RS (ms): Min: 0.0, Avg: 0.1, Max: 0.3, Diff: 0.3, Sum: 1.4]
         [Processed Buffers: Min: 0, Avg: 11.0, Max: 31, Diff: 31, Sum: 154]
      [Scan RS (ms): Min: 0.0, Avg: 0.0, Max: 0.1, Diff: 0.1, Sum: 0.5]
      [Code Root Scanning (ms): Min: 0.0, Avg: 0.0, Max: 0.0, Diff: 0.0, Sum: 0.0]
      [Object Copy (ms): Min: 0.0, Avg: 0.3, Max: 0.4, Diff: 0.4, Sum: 3.9]
      [Termination (ms): Min: 0.0, Avg: 1.5, Max: 1.7, Diff: 1.7, Sum: 20.8]
         [Termination Attempts: Min: 1, Avg: 26.6, Max: 40, Diff: 39, Sum: 373]
      [GC Worker Other (ms): Min: 0.0, Avg: 0.0, Max: 0.0, Diff: 0.0, Sum: 0.1]
      [GC Worker Total (ms): Min: 2.3, Avg: 2.5, Max: 2.6, Diff: 0.3, Sum: 34.6]
      [GC Worker End (ms): Min: 395877483.8, Avg: 395877483.8, Max: 395877483.9, Diff: 0.1]
   [Code Root Fixup: 0.0 ms]
   [Code Root Purge: 0.0 ms]
   [Clear CT: 0.2 ms]
   [Other: 4.8 ms]
      [Choose CSet: 0.0 ms]
      [Ref Proc: 4.1 ms]
      [Ref Enq: 0.3 ms]
      [Redirty Cards: 0.2 ms]
      [Humongous Register: 0.0 ms]
      [Humongous Reclaim: 0.0 ms]
      [Free CSet: 0.1 ms]
   [Eden: 7152.0M(7152.0M)->0.0B(7152.0M) Survivors: 16384.0K->16384.0K Heap: 9971.7M(14336.0M)->2819.9M(14336.0M)]
 [Times: user=0.03 sys=0.02, real=0.01 secs] 
2022-11-10T08:38:22.445-0700: 396847.131: [GC pause (G1 Evacuation Pause) (young), 0.0099785 secs]
   [Parallel Time: 4.3 ms, GC Workers: 14]
      [GC Worker Start (ms): Min: 396847131.4, Avg: 396847131.6, Max: 396847131.8, Diff: 0.3]
      [Ext Root Scanning (ms): Min: 0.2, Avg: 0.6, Max: 3.7, Diff: 3.5, Sum: 8.8]
      [Update RS (ms): Min: 0.0, Avg: 0.1, Max: 0.2, Diff: 0.2, Sum: 1.2]
         [Processed Buffers: Min: 0, Avg: 11.2, Max: 39, Diff: 39, Sum: 157]
      [Scan RS (ms): Min: 0.0, Avg: 0.0, Max: 0.1, Diff: 0.1, Sum: 0.4]
      [Code Root Scanning (ms): Min: 0.0, Avg: 0.0, Max: 0.0, Diff: 0.0, Sum: 0.0]
      [Object Copy (ms): Min: 0.0, Avg: 0.3, Max: 0.3, Diff: 0.3, Sum: 3.6]
      [Termination (ms): Min: 0.0, Avg: 2.6, Max: 2.9, Diff: 2.9, Sum: 36.1]
         [Termination Attempts: Min: 1, Avg: 21.6, Max: 33, Diff: 32, Sum: 303]
      [GC Worker Other (ms): Min: 0.0, Avg: 0.0, Max: 0.0, Diff: 0.0, Sum: 0.1]
      [GC Worker Total (ms): Min: 3.4, Avg: 3.6, Max: 3.7, Diff: 0.3, Sum: 50.3]
      [GC Worker End (ms): Min: 396847135.2, Avg: 396847135.2, Max: 396847135.2, Diff: 0.1]
   [Code Root Fixup: 0.0 ms]
   [Code Root Purge: 0.0 ms]
   [Clear CT: 0.4 ms]
   [Other: 5.3 ms]
      [Choose CSet: 0.0 ms]
      [Ref Proc: 4.7 ms]
      [Ref Enq: 0.2 ms]
      [Redirty Cards: 0.2 ms]
      [Humongous Register: 0.0 ms]
      [Humongous Reclaim: 0.0 ms]
      [Free CSet: 0.1 ms]
   [Eden: 7152.0M(7152.0M)->0.0B(7152.0M) Survivors: 16384.0K->16384.0K Heap: 9971.9M(14336.0M)->2819.7M(14336.0M)]
 [Times: user=0.07 sys=0.00, real=0.01 secs] 
2022-11-10T08:54:43.545-0700: 397828.232: [GC pause (G1 Evacuation Pause) (young), 0.0089738 secs]
   [Parallel Time: 2.9 ms, GC Workers: 14]
      [GC Worker Start (ms): Min: 397828231.6, Avg: 397828231.8, Max: 397828232.0, Diff: 0.4]
      [Ext Root Scanning (ms): Min: 0.2, Avg: 0.5, Max: 2.6, Diff: 2.4, Sum: 7.5]
      [Update RS (ms): Min: 0.0, Avg: 0.1, Max: 0.3, Diff: 0.3, Sum: 1.4]
         [Processed Buffers: Min: 0, Avg: 11.4, Max: 43, Diff: 43, Sum: 159]
      [Scan RS (ms): Min: 0.0, Avg: 0.0, Max: 0.1, Diff: 0.0, Sum: 0.5]
      [Code Root Scanning (ms): Min: 0.0, Avg: 0.0, Max: 0.0, Diff: 0.0, Sum: 0.0]
      [Object Copy (ms): Min: 0.0, Avg: 0.3, Max: 0.4, Diff: 0.4, Sum: 3.9]
      [Termination (ms): Min: 0.0, Avg: 1.5, Max: 1.7, Diff: 1.7, Sum: 21.1]
         [Termination Attempts: Min: 1, Avg: 20.8, Max: 34, Diff: 33, Sum: 291]
      [GC Worker Other (ms): Min: 0.0, Avg: 0.0, Max: 0.0, Diff: 0.0, Sum: 0.1]
      [GC Worker Total (ms): Min: 2.2, Avg: 2.4, Max: 2.6, Diff: 0.5, Sum: 34.3]
      [GC Worker End (ms): Min: 397828234.2, Avg: 397828234.2, Max: 397828234.3, Diff: 0.1]
   [Code Root Fixup: 0.0 ms]
   [Code Root Purge: 0.0 ms]
   [Clear CT: 0.3 ms]
   [Other: 5.7 ms]
      [Choose CSet: 0.0 ms]
      [Ref Proc: 5.2 ms]
      [Ref Enq: 0.2 ms]
      [Redirty Cards: 0.2 ms]
      [Humongous Register: 0.0 ms]
      [Humongous Reclaim: 0.0 ms]
      [Free CSet: 0.1 ms]
   [Eden: 7152.0M(7152.0M)->0.0B(7152.0M) Survivors: 16384.0K->16384.0K Heap: 9971.7M(14336.0M)->2820.0M(14336.0M)]
 [Times: user=0.05 sys=0.00, real=0.00 secs] 
2022-11-10T09:10:51.995-0700: 398796.681: [GC pause (G1 Evacuation Pause) (young), 0.0090350 secs]
   [Parallel Time: 4.2 ms, GC Workers: 14]
      [GC Worker Start (ms): Min: 398796681.1, Avg: 398796681.2, Max: 398796681.4, Diff: 0.2]
      [Ext Root Scanning (ms): Min: 0.3, Avg: 0.6, Max: 3.7, Diff: 3.5, Sum: 8.7]
      [Update RS (ms): Min: 0.0, Avg: 0.1, Max: 0.3, Diff: 0.3, Sum: 1.3]
         [Processed Buffers: Min: 0, Avg: 10.6, Max: 35, Diff: 35, Sum: 149]
      [Scan RS (ms): Min: 0.0, Avg: 0.0, Max: 0.0, Diff: 0.0, Sum: 0.4]
      [Code Root Scanning (ms): Min: 0.0, Avg: 0.0, Max: 0.0, Diff: 0.0, Sum: 0.0]
      [Object Copy (ms): Min: 0.0, Avg: 0.3, Max: 0.4, Diff: 0.4, Sum: 4.3]
      [Termination (ms): Min: 0.0, Avg: 2.6, Max: 2.8, Diff: 2.8, Sum: 35.8]
         [Termination Attempts: Min: 1, Avg: 42.4, Max: 53, Diff: 52, Sum: 594]
      [GC Worker Other (ms): Min: 0.0, Avg: 0.0, Max: 0.0, Diff: 0.0, Sum: 0.1]
      [GC Worker Total (ms): Min: 3.5, Avg: 3.6, Max: 3.7, Diff: 0.2, Sum: 50.6]
      [GC Worker End (ms): Min: 398796684.8, Avg: 398796684.9, Max: 398796684.9, Diff: 0.0]
   [Code Root Fixup: 0.0 ms]
   [Code Root Purge: 0.0 ms]
   [Clear CT: 0.4 ms]
   [Other: 4.4 ms]
      [Choose CSet: 0.0 ms]
      [Ref Proc: 3.9 ms]
      [Ref Enq: 0.2 ms]
      [Redirty Cards: 0.2 ms]
      [Humongous Register: 0.0 ms]
      [Humongous Reclaim: 0.0 ms]
      [Free CSet: 0.1 ms]
   [Eden: 7152.0M(7152.0M)->0.0B(7152.0M) Survivors: 16384.0K->16384.0K Heap: 9972.0M(14336.0M)->2819.7M(14336.0M)]
 [Times: user=0.07 sys=0.00, real=0.01 secs] 
2022-11-10T09:27:10.498-0700: 399775.185: [GC pause (G1 Evacuation Pause) (young), 0.0149069 secs]
   [Parallel Time: 8.6 ms, GC Workers: 14]
      [GC Worker Start (ms): Min: 399775184.6, Avg: 399775184.7, Max: 399775184.9, Diff: 0.4]
      [Ext Root Scanning (ms): Min: 0.2, Avg: 0.5, Max: 2.5, Diff: 2.4, Sum: 7.6]
      [Update RS (ms): Min: 0.0, Avg: 0.1, Max: 0.3, Diff: 0.3, Sum: 1.4]
         [Processed Buffers: Min: 0, Avg: 11.3, Max: 33, Diff: 33, Sum: 158]
      [Scan RS (ms): Min: 0.0, Avg: 0.0, Max: 0.1, Diff: 0.1, Sum: 0.5]
      [Code Root Scanning (ms): Min: 0.0, Avg: 0.0, Max: 0.0, Diff: 0.0, Sum: 0.0]
      [Object Copy (ms): Min: 0.0, Avg: 1.3, Max: 7.4, Diff: 7.4, Sum: 18.1]
      [Termination (ms): Min: 0.0, Avg: 6.0, Max: 7.2, Diff: 7.2, Sum: 83.4]
         [Termination Attempts: Min: 1, Avg: 11.8, Max: 29, Diff: 28, Sum: 165]
      [GC Worker Other (ms): Min: 0.0, Avg: 0.0, Max: 0.0, Diff: 0.0, Sum: 0.1]
      [GC Worker Total (ms): Min: 7.7, Avg: 7.9, Max: 8.2, Diff: 0.5, Sum: 111.2]
      [GC Worker End (ms): Min: 399775192.6, Avg: 399775192.7, Max: 399775192.8, Diff: 0.1]
   [Code Root Fixup: 0.0 ms]
   [Code Root Purge: 0.0 ms]
   [Clear CT: 0.4 ms]
   [Other: 6.0 ms]
      [Choose CSet: 0.0 ms]
      [Ref Proc: 5.4 ms]
      [Ref Enq: 0.2 ms]
      [Redirty Cards: 0.2 ms]
      [Humongous Register: 0.0 ms]
      [Humongous Reclaim: 0.0 ms]
      [Free CSet: 0.1 ms]
   [Eden: 7152.0M(7152.0M)->0.0B(7152.0M) Survivors: 16384.0K->16384.0K Heap: 9971.7M(14336.0M)->2820.0M(14336.0M)]
 [Times: user=0.11 sys=0.00, real=0.01 secs] 
2022-11-10T09:43:25.745-0700: 400750.432: [GC pause (G1 Evacuation Pause) (young), 0.0098093 secs]
   [Parallel Time: 4.1 ms, GC Workers: 14]
      [GC Worker Start (ms): Min: 400750431.5, Avg: 400750431.7, Max: 400750431.9, Diff: 0.3]
      [Ext Root Scanning (ms): Min: 0.2, Avg: 0.6, Max: 3.8, Diff: 3.6, Sum: 9.0]
      [Update RS (ms): Min: 0.0, Avg: 0.1, Max: 0.3, Diff: 0.3, Sum: 1.3]
         [Processed Buffers: Min: 0, Avg: 10.9, Max: 37, Diff: 37, Sum: 152]
      [Scan RS (ms): Min: 0.0, Avg: 0.0, Max: 0.1, Diff: 0.0, Sum: 0.4]
      [Code Root Scanning (ms): Min: 0.0, Avg: 0.0, Max: 0.0, Diff: 0.0, Sum: 0.0]
      [Object Copy (ms): Min: 0.0, Avg: 0.2, Max: 0.3, Diff: 0.3, Sum: 3.4]
      [Termination (ms): Min: 0.0, Avg: 2.7, Max: 3.0, Diff: 3.0, Sum: 37.2]
         [Termination Attempts: Min: 1, Avg: 20.9, Max: 31, Diff: 30, Sum: 293]
      [GC Worker Other (ms): Min: 0.0, Avg: 0.0, Max: 0.0, Diff: 0.0, Sum: 0.1]
      [GC Worker Total (ms): Min: 3.5, Avg: 3.7, Max: 3.9, Diff: 0.4, Sum: 51.3]
      [GC Worker End (ms): Min: 400750435.3, Avg: 400750435.4, Max: 400750435.5, Diff: 0.1]
   [Code Root Fixup: 0.0 ms]
   [Code Root Purge: 0.0 ms]
   [Clear CT: 0.4 ms]
   [Other: 5.3 ms]
      [Choose CSet: 0.0 ms]
      [Ref Proc: 4.7 ms]
      [Ref Enq: 0.2 ms]
      [Redirty Cards: 0.2 ms]
      [Humongous Register: 0.0 ms]
      [Humongous Reclaim: 0.0 ms]
      [Free CSet: 0.1 ms]
   [Eden: 7152.0M(7152.0M)->0.0B(7152.0M) Survivors: 16384.0K->16384.0K Heap: 9972.0M(14336.0M)->2819.8M(14336.0M)]
 [Times: user=0.08 sys=0.00, real=0.01 secs] 
2022-11-10T09:59:49.595-0700: 401734.281: [GC pause (G1 Evacuation Pause) (young), 0.0098724 secs]
   [Parallel Time: 4.2 ms, GC Workers: 14]
      [GC Worker Start (ms): Min: 401734281.2, Avg: 401734281.3, Max: 401734281.4, Diff: 0.3]
      [Ext Root Scanning (ms): Min: 0.2, Avg: 0.6, Max: 3.8, Diff: 3.5, Sum: 8.8]
      [Update RS (ms): Min: 0.0, Avg: 0.1, Max: 0.3, Diff: 0.3, Sum: 1.4]
         [Processed Buffers: Min: 0, Avg: 10.5, Max: 38, Diff: 38, Sum: 147]
      [Scan RS (ms): Min: 0.0, Avg: 0.0, Max: 0.0, Diff: 0.0, Sum: 0.4]
      [Code Root Scanning (ms): Min: 0.0, Avg: 0.0, Max: 0.0, Diff: 0.0, Sum: 0.0]
      [Object Copy (ms): Min: 0.0, Avg: 0.3, Max: 0.4, Diff: 0.4, Sum: 3.9]
      [Termination (ms): Min: 0.0, Avg: 2.7, Max: 3.0, Diff: 3.0, Sum: 37.3]
         [Termination Attempts: Min: 1, Avg: 36.2, Max: 58, Diff: 57, Sum: 507]
      [GC Worker Other (ms): Min: 0.0, Avg: 0.0, Max: 0.0, Diff: 0.0, Sum: 0.1]
      [GC Worker Total (ms): Min: 3.6, Avg: 3.7, Max: 3.9, Diff: 0.4, Sum: 51.9]
      [GC Worker End (ms): Min: 401734285.0, Avg: 401734285.0, Max: 401734285.1, Diff: 0.2]
   [Code Root Fixup: 0.0 ms]
   [Code Root Purge: 0.0 ms]
   [Clear CT: 0.4 ms]
   [Other: 5.2 ms]
      [Choose CSet: 0.0 ms]
      [Ref Proc: 4.4 ms]
      [Ref Enq: 0.3 ms]
      [Redirty Cards: 0.2 ms]
      [Humongous Register: 0.0 ms]
      [Humongous Reclaim: 0.0 ms]
      [Free CSet: 0.2 ms]
   [Eden: 7152.0M(7152.0M)->0.0B(7152.0M) Survivors: 16384.0K->16384.0K Heap: 9971.8M(14336.0M)->2820.1M(14336.0M)]
 [Times: user=0.07 sys=0.00, real=0.01 secs] 
2022-11-10T10:16:11.487-0700: 402716.173: [GC pause (G1 Evacuation Pause) (young), 0.0093195 secs]
   [Parallel Time: 4.2 ms, GC Workers: 14]
      [GC Worker Start (ms): Min: 402716173.2, Avg: 402716173.3, Max: 402716173.4, Diff: 0.2]
      [Ext Root Scanning (ms): Min: 0.3, Avg: 0.6, Max: 3.8, Diff: 3.5, Sum: 8.9]
      [Update RS (ms): Min: 0.0, Avg: 0.1, Max: 0.3, Diff: 0.3, Sum: 1.3]
         [Processed Buffers: Min: 0, Avg: 11.4, Max: 37, Diff: 37, Sum: 160]
      [Scan RS (ms): Min: 0.0, Avg: 0.0, Max: 0.1, Diff: 0.1, Sum: 0.4]
      [Code Root Scanning (ms): Min: 0.0, Avg: 0.0, Max: 0.0, Diff: 0.0, Sum: 0.0]
      [Object Copy (ms): Min: 0.0, Avg: 0.3, Max: 0.4, Diff: 0.4, Sum: 4.1]
      [Termination (ms): Min: 0.0, Avg: 2.7, Max: 3.0, Diff: 3.0, Sum: 37.9]
         [Termination Attempts: Min: 1, Avg: 27.6, Max: 43, Diff: 42, Sum: 386]
      [GC Worker Other (ms): Min: 0.0, Avg: 0.0, Max: 0.0, Diff: 0.0, Sum: 0.1]
      [GC Worker Total (ms): Min: 3.6, Avg: 3.8, Max: 3.9, Diff: 0.3, Sum: 52.7]
      [GC Worker End (ms): Min: 402716177.0, Avg: 402716177.0, Max: 402716177.1, Diff: 0.1]
   [Code Root Fixup: 0.0 ms]
   [Code Root Purge: 0.0 ms]
   [Clear CT: 0.4 ms]
   [Other: 4.8 ms]
      [Choose CSet: 0.0 ms]
      [Ref Proc: 4.1 ms]
      [Ref Enq: 0.2 ms]
      [Redirty Cards: 0.2 ms]
      [Humongous Register: 0.0 ms]
      [Humongous Reclaim: 0.0 ms]
      [Free CSet: 0.1 ms]
   [Eden: 7152.0M(7152.0M)->0.0B(7152.0M) Survivors: 16384.0K->16384.0K Heap: 9972.1M(14336.0M)->2819.9M(14336.0M)]
 [Times: user=0.07 sys=0.00, real=0.01 secs] 
2022-11-10T10:32:23.495-0700: 403688.182: [GC pause (G1 Evacuation Pause) (young), 0.0125210 secs]
   [Parallel Time: 7.3 ms, GC Workers: 14]
      [GC Worker Start (ms): Min: 403688181.6, Avg: 403688181.7, Max: 403688181.9, Diff: 0.3]
      [Ext Root Scanning (ms): Min: 0.2, Avg: 0.6, Max: 3.1, Diff: 2.9, Sum: 8.5]
      [Update RS (ms): Min: 0.0, Avg: 0.1, Max: 0.3, Diff: 0.3, Sum: 1.5]
         [Processed Buffers: Min: 0, Avg: 12.1, Max: 39, Diff: 39, Sum: 170]
      [Scan RS (ms): Min: 0.0, Avg: 0.0, Max: 0.0, Diff: 0.0, Sum: 0.4]
      [Code Root Scanning (ms): Min: 0.0, Avg: 0.0, Max: 0.0, Diff: 0.0, Sum: 0.0]
      [Object Copy (ms): Min: 0.0, Avg: 1.2, Max: 6.4, Diff: 6.4, Sum: 16.1]
      [Termination (ms): Min: 0.0, Avg: 5.1, Max: 6.2, Diff: 6.2, Sum: 70.8]
         [Termination Attempts: Min: 1, Avg: 10.6, Max: 20, Diff: 19, Sum: 148]
      [GC Worker Other (ms): Min: 0.0, Avg: 0.0, Max: 0.0, Diff: 0.0, Sum: 0.1]
      [GC Worker Total (ms): Min: 6.8, Avg: 7.0, Max: 7.1, Diff: 0.3, Sum: 97.4]
      [GC Worker End (ms): Min: 403688188.6, Avg: 403688188.7, Max: 403688188.8, Diff: 0.1]
   [Code Root Fixup: 0.0 ms]
   [Code Root Purge: 0.0 ms]
   [Clear CT: 0.4 ms]
   [Other: 4.9 ms]
      [Choose CSet: 0.0 ms]
      [Ref Proc: 4.2 ms]
      [Ref Enq: 0.2 ms]
      [Redirty Cards: 0.2 ms]
      [Humongous Register: 0.0 ms]
      [Humongous Reclaim: 0.0 ms]
      [Free CSet: 0.2 ms]
   [Eden: 7152.0M(7152.0M)->0.0B(7152.0M) Survivors: 16384.0K->16384.0K Heap: 9971.9M(14336.0M)->2820.1M(14336.0M)]
 [Times: user=0.11 sys=0.00, real=0.01 secs] 
2022-11-10T10:48:41.295-0700: 404665.981: [GC pause (G1 Evacuation Pause) (young), 0.0137788 secs]
   [Parallel Time: 7.9 ms, GC Workers: 14]
      [GC Worker Start (ms): Min: 404665981.0, Avg: 404665981.2, Max: 404665981.4, Diff: 0.4]
      [Ext Root Scanning (ms): Min: 0.2, Avg: 0.6, Max: 3.8, Diff: 3.6, Sum: 8.6]
      [Update RS (ms): Min: 0.0, Avg: 0.1, Max: 0.2, Diff: 0.2, Sum: 1.3]
         [Processed Buffers: Min: 0, Avg: 11.6, Max: 43, Diff: 43, Sum: 162]
      [Scan RS (ms): Min: 0.0, Avg: 0.0, Max: 0.1, Diff: 0.1, Sum: 0.4]
      [Code Root Scanning (ms): Min: 0.0, Avg: 0.0, Max: 0.0, Diff: 0.0, Sum: 0.0]
      [Object Copy (ms): Min: 0.0, Avg: 0.7, Max: 7.0, Diff: 7.0, Sum: 10.0]
      [Termination (ms): Min: 0.0, Avg: 6.1, Max: 6.8, Diff: 6.8, Sum: 84.7]
         [Termination Attempts: Min: 1, Avg: 14.2, Max: 27, Diff: 26, Sum: 199]
      [GC Worker Other (ms): Min: 0.0, Avg: 0.0, Max: 0.0, Diff: 0.0, Sum: 0.1]
      [GC Worker Total (ms): Min: 7.3, Avg: 7.5, Max: 7.7, Diff: 0.4, Sum: 105.0]
      [GC Worker End (ms): Min: 404665988.7, Avg: 404665988.7, Max: 404665988.8, Diff: 0.1]
   [Code Root Fixup: 0.0 ms]
   [Code Root Purge: 0.0 ms]
   [Clear CT: 0.3 ms]
   [Other: 5.6 ms]
      [Choose CSet: 0.0 ms]
      [Ref Proc: 5.0 ms]
      [Ref Enq: 0.2 ms]
      [Redirty Cards: 0.2 ms]
      [Humongous Register: 0.0 ms]
      [Humongous Reclaim: 0.0 ms]
      [Free CSet: 0.1 ms]
   [Eden: 7152.0M(7152.0M)->0.0B(7152.0M) Survivors: 16384.0K->16384.0K Heap: 9972.1M(14336.0M)->2819.8M(14336.0M)]
 [Times: user=0.13 sys=0.00, real=0.01 secs] 
2022-11-10T11:05:03.745-0700: 405648.431: [GC pause (G1 Evacuation Pause) (young), 0.0114879 secs]
   [Parallel Time: 5.8 ms, GC Workers: 14]
      [GC Worker Start (ms): Min: 405648431.3, Avg: 405648431.4, Max: 405648431.6, Diff: 0.3]
      [Ext Root Scanning (ms): Min: 0.3, Avg: 0.7, Max: 3.8, Diff: 3.5, Sum: 9.3]
      [Update RS (ms): Min: 0.0, Avg: 0.1, Max: 0.2, Diff: 0.2, Sum: 1.4]
         [Processed Buffers: Min: 0, Avg: 11.0, Max: 30, Diff: 30, Sum: 154]
      [Scan RS (ms): Min: 0.0, Avg: 0.0, Max: 0.1, Diff: 0.0, Sum: 0.5]
      [Code Root Scanning (ms): Min: 0.0, Avg: 0.0, Max: 0.0, Diff: 0.0, Sum: 0.0]
      [Object Copy (ms): Min: 0.0, Avg: 0.9, Max: 4.7, Diff: 4.7, Sum: 12.3]
      [Termination (ms): Min: 0.0, Avg: 3.6, Max: 4.4, Diff: 4.4, Sum: 50.0]
         [Termination Attempts: Min: 1, Avg: 10.4, Max: 22, Diff: 21, Sum: 146]
      [GC Worker Other (ms): Min: 0.0, Avg: 0.0, Max: 0.0, Diff: 0.0, Sum: 0.1]
      [GC Worker Total (ms): Min: 5.1, Avg: 5.2, Max: 5.4, Diff: 0.3, Sum: 73.5]
      [GC Worker End (ms): Min: 405648436.7, Avg: 405648436.7, Max: 405648436.7, Diff: 0.1]
   [Code Root Fixup: 0.0 ms]
   [Code Root Purge: 0.0 ms]
   [Clear CT: 0.3 ms]
   [Other: 5.4 ms]
      [Choose CSet: 0.0 ms]
      [Ref Proc: 4.7 ms]
      [Ref Enq: 0.3 ms]
      [Redirty Cards: 0.2 ms]
      [Humongous Register: 0.0 ms]
      [Humongous Reclaim: 0.0 ms]
      [Free CSet: 0.2 ms]
   [Eden: 7152.0M(7152.0M)->0.0B(7152.0M) Survivors: 16384.0K->16384.0K Heap: 9971.8M(14336.0M)->2820.1M(14336.0M)]
 [Times: user=0.08 sys=0.00, real=0.01 secs] 
2022-11-10T11:21:21.195-0700: 406625.881: [GC pause (G1 Evacuation Pause) (young), 0.0143931 secs]
   [Parallel Time: 8.3 ms, GC Workers: 14]
      [GC Worker Start (ms): Min: 406625881.0, Avg: 406625881.2, Max: 406625881.3, Diff: 0.3]
      [Ext Root Scanning (ms): Min: 0.2, Avg: 0.6, Max: 3.7, Diff: 3.5, Sum: 9.0]
      [Update RS (ms): Min: 0.0, Avg: 0.1, Max: 0.3, Diff: 0.3, Sum: 1.3]
         [Processed Buffers: Min: 0, Avg: 11.0, Max: 38, Diff: 38, Sum: 154]
      [Scan RS (ms): Min: 0.0, Avg: 0.0, Max: 0.0, Diff: 0.0, Sum: 0.4]
      [Code Root Scanning (ms): Min: 0.0, Avg: 0.0, Max: 0.0, Diff: 0.0, Sum: 0.0]
      [Object Copy (ms): Min: 0.0, Avg: 1.7, Max: 7.0, Diff: 7.0, Sum: 23.5]
      [Termination (ms): Min: 0.0, Avg: 5.1, Max: 6.9, Diff: 6.9, Sum: 71.2]
         [Termination Attempts: Min: 1, Avg: 8.5, Max: 19, Diff: 18, Sum: 119]
      [GC Worker Other (ms): Min: 0.0, Avg: 0.0, Max: 0.0, Diff: 0.0, Sum: 0.1]
      [GC Worker Total (ms): Min: 7.4, Avg: 7.5, Max: 7.7, Diff: 0.3, Sum: 105.6]
      [GC Worker End (ms): Min: 406625888.7, Avg: 406625888.7, Max: 406625888.8, Diff: 0.2]
   [Code Root Fixup: 0.0 ms]
   [Code Root Purge: 0.0 ms]
   [Clear CT: 0.3 ms]
   [Other: 5.8 ms]
      [Choose CSet: 0.0 ms]
      [Ref Proc: 5.1 ms]
      [Ref Enq: 0.3 ms]
      [Redirty Cards: 0.2 ms]
      [Humongous Register: 0.0 ms]
      [Humongous Reclaim: 0.0 ms]
      [Free CSet: 0.1 ms]
   [Eden: 7152.0M(7152.0M)->0.0B(7152.0M) Survivors: 16384.0K->16384.0K Heap: 9972.1M(14336.0M)->2819.9M(14336.0M)]
 [Times: user=0.11 sys=0.00, real=0.01 secs] 
2022-11-10T11:37:43.218-0700: 407607.904: [GC pause (G1 Evacuation Pause) (young), 0.0097189 secs]
   [Parallel Time: 4.1 ms, GC Workers: 14]
      [GC Worker Start (ms): Min: 407607904.5, Avg: 407607904.7, Max: 407607904.8, Diff: 0.3]
      [Ext Root Scanning (ms): Min: 0.2, Avg: 0.6, Max: 3.7, Diff: 3.5, Sum: 9.0]
      [Update RS (ms): Min: 0.0, Avg: 0.1, Max: 0.3, Diff: 0.3, Sum: 1.2]
         [Processed Buffers: Min: 0, Avg: 11.9, Max: 44, Diff: 44, Sum: 166]
      [Scan RS (ms): Min: 0.0, Avg: 0.0, Max: 0.0, Diff: 0.0, Sum: 0.4]
      [Code Root Scanning (ms): Min: 0.0, Avg: 0.0, Max: 0.0, Diff: 0.0, Sum: 0.0]
      [Object Copy (ms): Min: 0.0, Avg: 0.2, Max: 0.3, Diff: 0.3, Sum: 3.3]
      [Termination (ms): Min: 0.0, Avg: 2.6, Max: 2.8, Diff: 2.8, Sum: 35.9]
         [Termination Attempts: Min: 1, Avg: 21.9, Max: 31, Diff: 30, Sum: 307]
      [GC Worker Other (ms): Min: 0.0, Avg: 0.0, Max: 0.0, Diff: 0.0, Sum: 0.1]
      [GC Worker Total (ms): Min: 3.4, Avg: 3.6, Max: 3.7, Diff: 0.3, Sum: 49.9]
      [GC Worker End (ms): Min: 407607908.2, Avg: 407607908.2, Max: 407607908.3, Diff: 0.0]
   [Code Root Fixup: 0.0 ms]
   [Code Root Purge: 0.0 ms]
   [Clear CT: 0.2 ms]
   [Other: 5.4 ms]
      [Choose CSet: 0.0 ms]
      [Ref Proc: 4.8 ms]
      [Ref Enq: 0.3 ms]
      [Redirty Cards: 0.2 ms]
      [Humongous Register: 0.0 ms]
      [Humongous Reclaim: 0.0 ms]
      [Free CSet: 0.1 ms]
   [Eden: 7152.0M(7152.0M)->0.0B(7152.0M) Survivors: 16384.0K->16384.0K Heap: 9971.9M(14336.0M)->2819.9M(14336.0M)]
 [Times: user=0.07 sys=0.00, real=0.01 secs] 
2022-11-10T11:53:58.345-0700: 408583.032: [GC pause (G1 Evacuation Pause) (young), 0.0109406 secs]
   [Parallel Time: 5.4 ms, GC Workers: 14]
      [GC Worker Start (ms): Min: 408583031.6, Avg: 408583031.7, Max: 408583031.9, Diff: 0.3]
      [Ext Root Scanning (ms): Min: 0.2, Avg: 0.6, Max: 3.8, Diff: 3.6, Sum: 8.5]
      [Update RS (ms): Min: 0.0, Avg: 0.1, Max: 0.2, Diff: 0.2, Sum: 1.3]
         [Processed Buffers: Min: 0, Avg: 11.8, Max: 47, Diff: 47, Sum: 165]
      [Scan RS (ms): Min: 0.0, Avg: 0.0, Max: 0.1, Diff: 0.0, Sum: 0.4]
      [Code Root Scanning (ms): Min: 0.0, Avg: 0.0, Max: 0.0, Diff: 0.0, Sum: 0.0]
      [Object Copy (ms): Min: 0.0, Avg: 0.6, Max: 4.4, Diff: 4.4, Sum: 8.6]
      [Termination (ms): Min: 0.0, Avg: 3.6, Max: 4.1, Diff: 4.1, Sum: 50.2]
         [Termination Attempts: Min: 1, Avg: 41.1, Max: 66, Diff: 65, Sum: 575]
      [GC Worker Other (ms): Min: 0.0, Avg: 0.0, Max: 0.0, Diff: 0.0, Sum: 0.1]
      [GC Worker Total (ms): Min: 4.7, Avg: 4.9, Max: 5.1, Diff: 0.3, Sum: 69.1]
      [GC Worker End (ms): Min: 408583036.7, Avg: 408583036.7, Max: 408583036.7, Diff: 0.0]
   [Code Root Fixup: 0.0 ms]
   [Code Root Purge: 0.0 ms]
   [Clear CT: 0.2 ms]
   [Other: 5.3 ms]
      [Choose CSet: 0.0 ms]
      [Ref Proc: 4.5 ms]
      [Ref Enq: 0.3 ms]
      [Redirty Cards: 0.2 ms]
      [Humongous Register: 0.0 ms]
      [Humongous Reclaim: 0.0 ms]
      [Free CSet: 0.2 ms]
   [Eden: 7152.0M(7152.0M)->0.0B(7152.0M) Survivors: 16384.0K->16384.0K Heap: 9971.9M(14336.0M)->2820.2M(14336.0M)]
 [Times: user=0.09 sys=0.00, real=0.01 secs] 
2022-11-10T12:10:16.346-0700: 409561.032: [GC pause (G1 Evacuation Pause) (young), 0.0104105 secs]
   [Parallel Time: 4.1 ms, GC Workers: 14]
      [GC Worker Start (ms): Min: 409561032.0, Avg: 409561032.1, Max: 409561032.3, Diff: 0.3]
      [Ext Root Scanning (ms): Min: 0.2, Avg: 0.6, Max: 3.7, Diff: 3.5, Sum: 9.1]
      [Update RS (ms): Min: 0.0, Avg: 0.1, Max: 0.3, Diff: 0.3, Sum: 1.3]
         [Processed Buffers: Min: 0, Avg: 10.1, Max: 26, Diff: 26, Sum: 141]
      [Scan RS (ms): Min: 0.0, Avg: 0.0, Max: 0.1, Diff: 0.1, Sum: 0.4]
      [Code Root Scanning (ms): Min: 0.0, Avg: 0.0, Max: 0.0, Diff: 0.0, Sum: 0.0]
      [Object Copy (ms): Min: 0.0, Avg: 0.2, Max: 0.3, Diff: 0.3, Sum: 3.4]
      [Termination (ms): Min: 0.0, Avg: 2.6, Max: 2.8, Diff: 2.8, Sum: 36.0]
         [Termination Attempts: Min: 1, Avg: 19.6, Max: 30, Diff: 29, Sum: 274]
      [GC Worker Other (ms): Min: 0.0, Avg: 0.0, Max: 0.0, Diff: 0.0, Sum: 0.1]
      [GC Worker Total (ms): Min: 3.5, Avg: 3.6, Max: 3.7, Diff: 0.3, Sum: 50.2]
      [GC Worker End (ms): Min: 409561035.7, Avg: 409561035.7, Max: 409561035.8, Diff: 0.1]
   [Code Root Fixup: 0.0 ms]
   [Code Root Purge: 0.0 ms]
   [Clear CT: 0.4 ms]
   [Other: 5.9 ms]
      [Choose CSet: 0.0 ms]
      [Ref Proc: 5.3 ms]
      [Ref Enq: 0.2 ms]
      [Redirty Cards: 0.2 ms]
      [Humongous Register: 0.0 ms]
      [Humongous Reclaim: 0.0 ms]
      [Free CSet: 0.2 ms]
   [Eden: 7152.0M(7152.0M)->0.0B(7152.0M) Survivors: 16384.0K->16384.0K Heap: 9972.2M(14336.0M)->2819.9M(14336.0M)]
 [Times: user=0.07 sys=0.00, real=0.01 secs] 
2022-11-10T12:26:36.795-0700: 410541.481: [GC pause (G1 Evacuation Pause) (young), 0.0103504 secs]
   [Parallel Time: 4.3 ms, GC Workers: 14]
      [GC Worker Start (ms): Min: 410541481.5, Avg: 410541481.7, Max: 410541481.8, Diff: 0.3]
      [Ext Root Scanning (ms): Min: 0.2, Avg: 0.6, Max: 3.8, Diff: 3.6, Sum: 8.8]
      [Update RS (ms): Min: 0.0, Avg: 0.1, Max: 0.3, Diff: 0.3, Sum: 1.4]
         [Processed Buffers: Min: 0, Avg: 11.3, Max: 32, Diff: 32, Sum: 158]
      [Scan RS (ms): Min: 0.0, Avg: 0.0, Max: 0.1, Diff: 0.0, Sum: 0.4]
      [Code Root Scanning (ms): Min: 0.0, Avg: 0.0, Max: 0.0, Diff: 0.0, Sum: 0.0]
      [Object Copy (ms): Min: 0.0, Avg: 0.2, Max: 0.3, Diff: 0.3, Sum: 3.3]
      [Termination (ms): Min: 0.0, Avg: 2.7, Max: 3.0, Diff: 3.0, Sum: 37.6]
         [Termination Attempts: Min: 1, Avg: 5.7, Max: 10, Diff: 9, Sum: 80]
      [GC Worker Other (ms): Min: 0.0, Avg: 0.0, Max: 0.0, Diff: 0.0, Sum: 0.1]
      [GC Worker Total (ms): Min: 3.5, Avg: 3.7, Max: 3.8, Diff: 0.3, Sum: 51.5]
      [GC Worker End (ms): Min: 410541485.3, Avg: 410541485.4, Max: 410541485.4, Diff: 0.1]
   [Code Root Fixup: 0.0 ms]
   [Code Root Purge: 0.0 ms]
   [Clear CT: 0.3 ms]
   [Other: 5.8 ms]
      [Choose CSet: 0.0 ms]
      [Ref Proc: 5.0 ms]
      [Ref Enq: 0.3 ms]
      [Redirty Cards: 0.2 ms]
      [Humongous Register: 0.0 ms]
      [Humongous Reclaim: 0.0 ms]
      [Free CSet: 0.2 ms]
   [Eden: 7152.0M(7152.0M)->0.0B(7152.0M) Survivors: 16384.0K->16384.0K Heap: 9971.9M(14336.0M)->2820.2M(14336.0M)]
 [Times: user=0.07 sys=0.00, real=0.01 secs] 
2022-11-10T12:42:49.046-0700: 411513.732: [GC pause (G1 Evacuation Pause) (young), 0.0101441 secs]
   [Parallel Time: 4.2 ms, GC Workers: 14]
      [GC Worker Start (ms): Min: 411513731.8, Avg: 411513732.0, Max: 411513732.1, Diff: 0.3]
      [Ext Root Scanning (ms): Min: 0.2, Avg: 0.6, Max: 3.7, Diff: 3.5, Sum: 9.0]
      [Update RS (ms): Min: 0.0, Avg: 0.1, Max: 0.3, Diff: 0.3, Sum: 1.5]
         [Processed Buffers: Min: 0, Avg: 11.5, Max: 34, Diff: 34, Sum: 161]
      [Scan RS (ms): Min: 0.0, Avg: 0.0, Max: 0.0, Diff: 0.0, Sum: 0.4]
      [Code Root Scanning (ms): Min: 0.0, Avg: 0.0, Max: 0.0, Diff: 0.0, Sum: 0.0]
      [Object Copy (ms): Min: 0.0, Avg: 0.3, Max: 0.3, Diff: 0.3, Sum: 3.6]
      [Termination (ms): Min: 0.0, Avg: 2.6, Max: 2.9, Diff: 2.9, Sum: 36.0]
         [Termination Attempts: Min: 1, Avg: 21.2, Max: 33, Diff: 32, Sum: 297]
      [GC Worker Other (ms): Min: 0.0, Avg: 0.0, Max: 0.0, Diff: 0.0, Sum: 0.1]
      [GC Worker Total (ms): Min: 3.5, Avg: 3.6, Max: 3.7, Diff: 0.3, Sum: 50.5]
      [GC Worker End (ms): Min: 411513735.5, Avg: 411513735.6, Max: 411513735.6, Diff: 0.1]
   [Code Root Fixup: 0.0 ms]
   [Code Root Purge: 0.0 ms]
   [Clear CT: 0.4 ms]
   [Other: 5.6 ms]
      [Choose CSet: 0.0 ms]
      [Ref Proc: 4.9 ms]
      [Ref Enq: 0.2 ms]
      [Redirty Cards: 0.2 ms]
      [Humongous Register: 0.0 ms]
      [Humongous Reclaim: 0.0 ms]
      [Free CSet: 0.2 ms]
   [Eden: 7152.0M(7152.0M)->0.0B(7152.0M) Survivors: 16384.0K->16384.0K Heap: 9972.2M(14336.0M)->2820.0M(14336.0M)]
 [Times: user=0.07 sys=0.00, real=0.01 secs] 
2022-11-10T12:59:05.759-0700: 412490.446: [GC pause (G1 Evacuation Pause) (young), 0.0137483 secs]
   [Parallel Time: 7.4 ms, GC Workers: 14]
      [GC Worker Start (ms): Min: 412490445.6, Avg: 412490445.8, Max: 412490446.0, Diff: 0.3]
      [Ext Root Scanning (ms): Min: 0.2, Avg: 0.7, Max: 3.8, Diff: 3.6, Sum: 9.1]
      [Update RS (ms): Min: 0.0, Avg: 0.1, Max: 0.2, Diff: 0.2, Sum: 1.3]
         [Processed Buffers: Min: 0, Avg: 11.1, Max: 32, Diff: 32, Sum: 156]
      [Scan RS (ms): Min: 0.0, Avg: 0.0, Max: 0.1, Diff: 0.1, Sum: 0.5]
      [Code Root Scanning (ms): Min: 0.0, Avg: 0.0, Max: 0.0, Diff: 0.0, Sum: 0.0]
      [Object Copy (ms): Min: 0.0, Avg: 1.1, Max: 6.4, Diff: 6.4, Sum: 16.1]
      [Termination (ms): Min: 0.0, Avg: 5.0, Max: 6.1, Diff: 6.1, Sum: 69.3]
         [Termination Attempts: Min: 1, Avg: 15.4, Max: 30, Diff: 29, Sum: 216]
      [GC Worker Other (ms): Min: 0.0, Avg: 0.0, Max: 0.0, Diff: 0.0, Sum: 0.1]
      [GC Worker Total (ms): Min: 6.7, Avg: 6.9, Max: 7.0, Diff: 0.3, Sum: 96.4]
      [GC Worker End (ms): Min: 412490452.6, Avg: 412490452.7, Max: 412490452.7, Diff: 0.1]
   [Code Root Fixup: 0.0 ms]
   [Code Root Purge: 0.0 ms]
   [Clear CT: 0.2 ms]
   [Other: 6.1 ms]
      [Choose CSet: 0.0 ms]
      [Ref Proc: 5.3 ms]
      [Ref Enq: 0.3 ms]
      [Redirty Cards: 0.2 ms]
      [Humongous Register: 0.0 ms]
      [Humongous Reclaim: 0.0 ms]
      [Free CSet: 0.2 ms]
   [Eden: 7152.0M(7152.0M)->0.0B(7152.0M) Survivors: 16384.0K->16384.0K Heap: 9972.0M(14336.0M)->2820.0M(14336.0M)]
 [Times: user=0.11 sys=0.00, real=0.01 secs] 
2022-11-10T13:15:20.955-0700: 413465.641: [GC pause (G1 Evacuation Pause) (young), 0.0108387 secs]
   [Parallel Time: 4.4 ms, GC Workers: 14]
      [GC Worker Start (ms): Min: 413465641.3, Avg: 413465641.5, Max: 413465641.7, Diff: 0.3]
      [Ext Root Scanning (ms): Min: 0.2, Avg: 0.6, Max: 3.8, Diff: 3.6, Sum: 8.6]
      [Update RS (ms): Min: 0.0, Avg: 0.1, Max: 0.2, Diff: 0.2, Sum: 1.3]
         [Processed Buffers: Min: 0, Avg: 10.7, Max: 39, Diff: 39, Sum: 150]
      [Scan RS (ms): Min: 0.0, Avg: 0.0, Max: 0.1, Diff: 0.1, Sum: 0.5]
      [Code Root Scanning (ms): Min: 0.0, Avg: 0.0, Max: 0.0, Diff: 0.0, Sum: 0.0]
      [Object Copy (ms): Min: 0.0, Avg: 0.3, Max: 0.4, Diff: 0.4, Sum: 4.0]
      [Termination (ms): Min: 0.0, Avg: 2.6, Max: 2.9, Diff: 2.9, Sum: 36.6]
         [Termination Attempts: Min: 1, Avg: 19.1, Max: 31, Diff: 30, Sum: 268]
      [GC Worker Other (ms): Min: 0.0, Avg: 0.0, Max: 0.0, Diff: 0.0, Sum: 0.1]
      [GC Worker Total (ms): Min: 3.5, Avg: 3.6, Max: 3.8, Diff: 0.3, Sum: 51.0]
      [GC Worker End (ms): Min: 413465645.1, Avg: 413465645.1, Max: 413465645.2, Diff: 0.1]
   [Code Root Fixup: 0.0 ms]
   [Code Root Purge: 0.0 ms]
   [Clear CT: 0.3 ms]
   [Other: 6.2 ms]
      [Choose CSet: 0.0 ms]
      [Ref Proc: 5.3 ms]
      [Ref Enq: 0.3 ms]
      [Redirty Cards: 0.2 ms]
      [Humongous Register: 0.0 ms]
      [Humongous Reclaim: 0.0 ms]
      [Free CSet: 0.2 ms]
   [Eden: 7152.0M(7152.0M)->0.0B(7152.0M) Survivors: 16384.0K->16384.0K Heap: 9972.0M(14336.0M)->2820.3M(14336.0M)]
 [Times: user=0.08 sys=0.00, real=0.01 secs] 
2022-11-10T13:31:38.078-0700: 414442.764: [GC pause (G1 Evacuation Pause) (young), 0.0110667 secs]
   [Parallel Time: 4.3 ms, GC Workers: 14]
      [GC Worker Start (ms): Min: 414442764.0, Avg: 414442764.2, Max: 414442764.4, Diff: 0.4]
      [Ext Root Scanning (ms): Min: 0.2, Avg: 0.6, Max: 3.7, Diff: 3.5, Sum: 9.0]
      [Update RS (ms): Min: 0.0, Avg: 0.1, Max: 0.3, Diff: 0.3, Sum: 1.3]
         [Processed Buffers: Min: 0, Avg: 11.5, Max: 46, Diff: 46, Sum: 161]
      [Scan RS (ms): Min: 0.0, Avg: 0.0, Max: 0.1, Diff: 0.1, Sum: 0.5]
      [Code Root Scanning (ms): Min: 0.0, Avg: 0.0, Max: 0.0, Diff: 0.0, Sum: 0.0]
      [Object Copy (ms): Min: 0.0, Avg: 0.2, Max: 0.3, Diff: 0.3, Sum: 2.9]
      [Termination (ms): Min: 0.0, Avg: 2.7, Max: 2.9, Diff: 2.9, Sum: 37.2]
         [Termination Attempts: Min: 1, Avg: 16.7, Max: 28, Diff: 27, Sum: 234]
      [GC Worker Other (ms): Min: 0.0, Avg: 0.0, Max: 0.0, Diff: 0.0, Sum: 0.1]
      [GC Worker Total (ms): Min: 3.4, Avg: 3.6, Max: 3.8, Diff: 0.3, Sum: 51.0]
      [GC Worker End (ms): Min: 414442767.8, Avg: 414442767.9, Max: 414442767.9, Diff: 0.1]
   [Code Root Fixup: 0.0 ms]
   [Code Root Purge: 0.0 ms]
   [Clear CT: 0.3 ms]
   [Other: 6.4 ms]
      [Choose CSet: 0.0 ms]
      [Ref Proc: 5.7 ms]
      [Ref Enq: 0.2 ms]
      [Redirty Cards: 0.2 ms]
      [Humongous Register: 0.0 ms]
      [Humongous Reclaim: 0.0 ms]
      [Free CSet: 0.2 ms]
   [Eden: 7152.0M(7152.0M)->0.0B(7152.0M) Survivors: 16384.0K->16384.0K Heap: 9972.3M(14336.0M)->2820.1M(14336.0M)]
 [Times: user=0.07 sys=0.00, real=0.01 secs] 
2022-11-10T13:48:00.946-0700: 415425.632: [GC pause (G1 Evacuation Pause) (young), 0.0104746 secs]
   [Parallel Time: 4.6 ms, GC Workers: 14]
      [GC Worker Start (ms): Min: 415425631.8, Avg: 415425631.9, Max: 415425632.1, Diff: 0.3]
      [Ext Root Scanning (ms): Min: 0.2, Avg: 0.6, Max: 3.8, Diff: 3.6, Sum: 8.9]
      [Update RS (ms): Min: 0.0, Avg: 0.1, Max: 0.3, Diff: 0.3, Sum: 1.3]
         [Processed Buffers: Min: 0, Avg: 10.9, Max: 35, Diff: 35, Sum: 153]
      [Scan RS (ms): Min: 0.0, Avg: 0.0, Max: 0.1, Diff: 0.0, Sum: 0.4]
      [Code Root Scanning (ms): Min: 0.0, Avg: 0.0, Max: 0.0, Diff: 0.0, Sum: 0.0]
      [Object Copy (ms): Min: 0.0, Avg: 0.3, Max: 0.4, Diff: 0.4, Sum: 4.1]
      [Termination (ms): Min: 0.0, Avg: 2.7, Max: 2.9, Diff: 2.9, Sum: 37.8]
         [Termination Attempts: Min: 1, Avg: 15.7, Max: 23, Diff: 22, Sum: 220]
      [GC Worker Other (ms): Min: 0.0, Avg: 0.0, Max: 0.0, Diff: 0.0, Sum: 0.1]
      [GC Worker Total (ms): Min: 3.6, Avg: 3.8, Max: 3.9, Diff: 0.4, Sum: 52.5]
      [GC Worker End (ms): Min: 415425635.6, Avg: 415425635.7, Max: 415425635.7, Diff: 0.1]
   [Code Root Fixup: 0.0 ms]
   [Code Root Purge: 0.0 ms]
   [Clear CT: 0.3 ms]
   [Other: 5.6 ms]
      [Choose CSet: 0.0 ms]
      [Ref Proc: 4.9 ms]
      [Ref Enq: 0.3 ms]
      [Redirty Cards: 0.2 ms]
      [Humongous Register: 0.0 ms]
      [Humongous Reclaim: 0.0 ms]
      [Free CSet: 0.2 ms]
   [Eden: 7152.0M(7152.0M)->0.0B(7152.0M) Survivors: 16384.0K->16384.0K Heap: 9972.1M(14336.0M)->2820.2M(14336.0M)]
 [Times: user=0.07 sys=0.00, real=0.01 secs] 
2022-11-10T14:04:28.345-0700: 416413.031: [GC pause (G1 Evacuation Pause) (young), 0.0127046 secs]
   [Parallel Time: 5.6 ms, GC Workers: 14]
      [GC Worker Start (ms): Min: 416413031.6, Avg: 416413031.7, Max: 416413031.9, Diff: 0.3]
      [Ext Root Scanning (ms): Min: 0.2, Avg: 0.6, Max: 3.9, Diff: 3.6, Sum: 9.1]
      [Update RS (ms): Min: 0.0, Avg: 0.1, Max: 0.3, Diff: 0.3, Sum: 1.3]
         [Processed Buffers: Min: 0, Avg: 11.8, Max: 45, Diff: 45, Sum: 165]
      [Scan RS (ms): Min: 0.0, Avg: 0.0, Max: 0.1, Diff: 0.0, Sum: 0.5]
      [Code Root Scanning (ms): Min: 0.0, Avg: 0.0, Max: 0.0, Diff: 0.0, Sum: 0.0]
      [Object Copy (ms): Min: 0.0, Avg: 0.6, Max: 4.4, Diff: 4.4, Sum: 8.7]
      [Termination (ms): Min: 0.0, Avg: 3.6, Max: 4.3, Diff: 4.3, Sum: 50.0]
         [Termination Attempts: Min: 1, Avg: 69.0, Max: 120, Diff: 119, Sum: 966]
      [GC Worker Other (ms): Min: 0.0, Avg: 0.0, Max: 0.0, Diff: 0.0, Sum: 0.1]
      [GC Worker Total (ms): Min: 4.8, Avg: 5.0, Max: 5.1, Diff: 0.3, Sum: 69.7]
      [GC Worker End (ms): Min: 416413036.7, Avg: 416413036.7, Max: 416413036.8, Diff: 0.1]
   [Code Root Fixup: 0.0 ms]
   [Code Root Purge: 0.0 ms]
   [Clear CT: 0.3 ms]
   [Other: 6.9 ms]
      [Choose CSet: 0.0 ms]
      [Ref Proc: 6.1 ms]
      [Ref Enq: 0.3 ms]
      [Redirty Cards: 0.2 ms]
      [Humongous Register: 0.0 ms]
      [Humongous Reclaim: 0.0 ms]
      [Free CSet: 0.2 ms]
   [Eden: 7152.0M(7152.0M)->0.0B(7152.0M) Survivors: 16384.0K->16384.0K Heap: 9972.2M(14336.0M)->2819.9M(14336.0M)]
 [Times: user=0.10 sys=0.00, real=0.01 secs] 
2022-11-10T14:20:41.045-0700: 417385.731: [GC pause (G1 Evacuation Pause) (young), 0.0102066 secs]
   [Parallel Time: 4.3 ms, GC Workers: 14]
      [GC Worker Start (ms): Min: 417385731.2, Avg: 417385731.4, Max: 417385731.5, Diff: 0.3]
      [Ext Root Scanning (ms): Min: 0.2, Avg: 0.6, Max: 3.8, Diff: 3.6, Sum: 8.8]
      [Update RS (ms): Min: 0.0, Avg: 0.1, Max: 0.3, Diff: 0.3, Sum: 1.3]
         [Processed Buffers: Min: 0, Avg: 11.5, Max: 33, Diff: 33, Sum: 161]
      [Scan RS (ms): Min: 0.0, Avg: 0.0, Max: 0.1, Diff: 0.0, Sum: 0.4]
      [Code Root Scanning (ms): Min: 0.0, Avg: 0.0, Max: 0.0, Diff: 0.0, Sum: 0.0]
      [Object Copy (ms): Min: 0.0, Avg: 0.3, Max: 0.4, Diff: 0.4, Sum: 3.7]
      [Termination (ms): Min: 0.0, Avg: 2.7, Max: 2.9, Diff: 2.9, Sum: 37.3]
         [Termination Attempts: Min: 1, Avg: 15.1, Max: 25, Diff: 24, Sum: 212]
      [GC Worker Other (ms): Min: 0.0, Avg: 0.0, Max: 0.0, Diff: 0.0, Sum: 0.1]
      [GC Worker Total (ms): Min: 3.5, Avg: 3.7, Max: 3.8, Diff: 0.3, Sum: 51.6]
      [GC Worker End (ms): Min: 417385735.0, Avg: 417385735.1, Max: 417385735.2, Diff: 0.2]
   [Code Root Fixup: 0.0 ms]
   [Code Root Purge: 0.0 ms]
   [Clear CT: 0.2 ms]
   [Other: 5.7 ms]
      [Choose CSet: 0.0 ms]
      [Ref Proc: 4.9 ms]
      [Ref Enq: 0.3 ms]
      [Redirty Cards: 0.2 ms]
      [Humongous Register: 0.0 ms]
      [Humongous Reclaim: 0.0 ms]
      [Free CSet: 0.2 ms]
   [Eden: 7152.0M(7152.0M)->0.0B(7152.0M) Survivors: 16384.0K->16384.0K Heap: 9971.9M(14336.0M)->2820.4M(14336.0M)]
 [Times: user=0.08 sys=0.00, real=0.01 secs] 
2022-11-10T14:36:53.545-0700: 418358.231: [GC pause (G1 Evacuation Pause) (young), 0.0104109 secs]
   [Parallel Time: 4.2 ms, GC Workers: 14]
      [GC Worker Start (ms): Min: 418358231.4, Avg: 418358231.6, Max: 418358231.8, Diff: 0.3]
      [Ext Root Scanning (ms): Min: 0.2, Avg: 0.6, Max: 3.8, Diff: 3.6, Sum: 8.5]
      [Update RS (ms): Min: 0.0, Avg: 0.1, Max: 0.3, Diff: 0.3, Sum: 1.3]
         [Processed Buffers: Min: 0, Avg: 11.0, Max: 45, Diff: 45, Sum: 154]
      [Scan RS (ms): Min: 0.0, Avg: 0.0, Max: 0.1, Diff: 0.0, Sum: 0.4]
      [Code Root Scanning (ms): Min: 0.0, Avg: 0.0, Max: 0.0, Diff: 0.0, Sum: 0.0]
      [Object Copy (ms): Min: 0.0, Avg: 0.3, Max: 0.4, Diff: 0.4, Sum: 4.1]
      [Termination (ms): Min: 0.0, Avg: 2.6, Max: 2.9, Diff: 2.9, Sum: 36.7]
         [Termination Attempts: Min: 1, Avg: 32.5, Max: 54, Diff: 53, Sum: 455]
      [GC Worker Other (ms): Min: 0.0, Avg: 0.0, Max: 0.0, Diff: 0.0, Sum: 0.1]
      [GC Worker Total (ms): Min: 3.5, Avg: 3.7, Max: 3.8, Diff: 0.3, Sum: 51.2]
      [GC Worker End (ms): Min: 418358235.2, Avg: 418358235.2, Max: 418358235.3, Diff: 0.1]
   [Code Root Fixup: 0.0 ms]
   [Code Root Purge: 0.0 ms]
   [Clear CT: 0.2 ms]
   [Other: 5.9 ms]
      [Choose CSet: 0.0 ms]
      [Ref Proc: 5.2 ms]
      [Ref Enq: 0.3 ms]
      [Redirty Cards: 0.2 ms]
      [Humongous Register: 0.0 ms]
      [Humongous Reclaim: 0.0 ms]
      [Free CSet: 0.2 ms]
   [Eden: 7152.0M(7152.0M)->0.0B(7152.0M) Survivors: 16384.0K->16384.0K Heap: 9972.4M(14336.0M)->2820.1M(14336.0M)]
 [Times: user=0.08 sys=0.00, real=0.01 secs] 
2022-11-10T14:53:03.146-0700: 419327.832: [GC pause (G1 Evacuation Pause) (young), 0.0104590 secs]
   [Parallel Time: 4.2 ms, GC Workers: 14]
      [GC Worker Start (ms): Min: 419327831.8, Avg: 419327832.0, Max: 419327832.1, Diff: 0.3]
      [Ext Root Scanning (ms): Min: 0.2, Avg: 0.6, Max: 3.7, Diff: 3.5, Sum: 9.0]
      [Update RS (ms): Min: 0.0, Avg: 0.1, Max: 0.3, Diff: 0.3, Sum: 1.3]
         [Processed Buffers: Min: 0, Avg: 11.4, Max: 38, Diff: 38, Sum: 159]
      [Scan RS (ms): Min: 0.0, Avg: 0.0, Max: 0.1, Diff: 0.1, Sum: 0.5]
      [Code Root Scanning (ms): Min: 0.0, Avg: 0.0, Max: 0.0, Diff: 0.0, Sum: 0.0]
      [Object Copy (ms): Min: 0.0, Avg: 0.3, Max: 0.3, Diff: 0.3, Sum: 3.8]
      [Termination (ms): Min: 0.0, Avg: 2.6, Max: 2.9, Diff: 2.9, Sum: 35.8]
         [Termination Attempts: Min: 1, Avg: 29.5, Max: 42, Diff: 41, Sum: 413]
      [GC Worker Other (ms): Min: 0.0, Avg: 0.0, Max: 0.0, Diff: 0.0, Sum: 0.1]
      [GC Worker Total (ms): Min: 3.4, Avg: 3.6, Max: 3.7, Diff: 0.3, Sum: 50.4]
      [GC Worker End (ms): Min: 419327835.5, Avg: 419327835.6, Max: 419327835.6, Diff: 0.1]
   [Code Root Fixup: 0.0 ms]
   [Code Root Purge: 0.0 ms]
   [Clear CT: 0.2 ms]
   [Other: 6.0 ms]
      [Choose CSet: 0.0 ms]
      [Ref Proc: 4.9 ms]
      [Ref Enq: 0.6 ms]
      [Redirty Cards: 0.2 ms]
      [Humongous Register: 0.0 ms]
      [Humongous Reclaim: 0.0 ms]
      [Free CSet: 0.2 ms]
   [Eden: 7152.0M(7152.0M)->0.0B(7152.0M) Survivors: 16384.0K->16384.0K Heap: 9972.1M(14336.0M)->2820.4M(14336.0M)]
 [Times: user=0.07 sys=0.00, real=0.01 secs] 
2022-11-10T15:09:20.441-0700: 420305.128: [GC pause (G1 Evacuation Pause) (young), 0.0103699 secs]
   [Parallel Time: 3.8 ms, GC Workers: 14]
      [GC Worker Start (ms): Min: 420305127.8, Avg: 420305127.9, Max: 420305128.1, Diff: 0.3]
      [Ext Root Scanning (ms): Min: 0.2, Avg: 0.6, Max: 3.7, Diff: 3.5, Sum: 8.9]
      [Update RS (ms): Min: 0.0, Avg: 0.1, Max: 0.2, Diff: 0.2, Sum: 1.5]
         [Processed Buffers: Min: 0, Avg: 11.0, Max: 27, Diff: 27, Sum: 154]
      [Scan RS (ms): Min: 0.0, Avg: 0.0, Max: 0.1, Diff: 0.0, Sum: 0.5]
      [Code Root Scanning (ms): Min: 0.0, Avg: 0.0, Max: 0.0, Diff: 0.0, Sum: 0.0]
      [Object Copy (ms): Min: 0.0, Avg: 0.3, Max: 0.3, Diff: 0.3, Sum: 3.7]
      [Termination (ms): Min: 0.0, Avg: 2.5, Max: 2.7, Diff: 2.7, Sum: 35.0]
         [Termination Attempts: Min: 1, Avg: 26.3, Max: 43, Diff: 42, Sum: 368]
      [GC Worker Other (ms): Min: 0.0, Avg: 0.0, Max: 0.0, Diff: 0.0, Sum: 0.1]
      [GC Worker Total (ms): Min: 3.4, Avg: 3.6, Max: 3.7, Diff: 0.3, Sum: 49.8]
      [GC Worker End (ms): Min: 420305131.5, Avg: 420305131.5, Max: 420305131.5, Diff: 0.0]
   [Code Root Fixup: 0.0 ms]
   [Code Root Purge: 0.0 ms]
   [Clear CT: 0.3 ms]
   [Other: 6.3 ms]
      [Choose CSet: 0.0 ms]
      [Ref Proc: 5.3 ms]
      [Ref Enq: 0.3 ms]
      [Redirty Cards: 0.2 ms]
      [Humongous Register: 0.0 ms]
      [Humongous Reclaim: 0.0 ms]
      [Free CSet: 0.4 ms]
   [Eden: 7152.0M(7152.0M)->0.0B(7152.0M) Survivors: 16384.0K->16384.0K Heap: 9972.4M(14336.0M)->2820.1M(14336.0M)]
 [Times: user=0.07 sys=0.00, real=0.01 secs] 
2022-11-10T15:25:37.745-0700: 421282.432: [GC pause (G1 Evacuation Pause) (young), 0.0095308 secs]
   [Parallel Time: 3.8 ms, GC Workers: 14]
      [GC Worker Start (ms): Min: 421282431.7, Avg: 421282431.8, Max: 421282432.0, Diff: 0.3]
      [Ext Root Scanning (ms): Min: 0.2, Avg: 0.6, Max: 3.7, Diff: 3.6, Sum: 8.5]
      [Update RS (ms): Min: 0.0, Avg: 0.1, Max: 0.3, Diff: 0.3, Sum: 1.4]
         [Processed Buffers: Min: 0, Avg: 11.4, Max: 26, Diff: 26, Sum: 160]
      [Scan RS (ms): Min: 0.0, Avg: 0.0, Max: 0.0, Diff: 0.0, Sum: 0.4]
      [Code Root Scanning (ms): Min: 0.0, Avg: 0.0, Max: 0.0, Diff: 0.0, Sum: 0.0]
      [Object Copy (ms): Min: 0.0, Avg: 0.2, Max: 0.4, Diff: 0.4, Sum: 3.0]
      [Termination (ms): Min: 0.0, Avg: 2.7, Max: 2.9, Diff: 2.9, Sum: 37.7]
         [Termination Attempts: Min: 1, Avg: 6.9, Max: 17, Diff: 16, Sum: 96]
      [GC Worker Other (ms): Min: 0.0, Avg: 0.0, Max: 0.0, Diff: 0.0, Sum: 0.1]
      [GC Worker Total (ms): Min: 3.4, Avg: 3.6, Max: 3.8, Diff: 0.3, Sum: 51.0]
      [GC Worker End (ms): Min: 421282435.5, Avg: 421282435.5, Max: 421282435.5, Diff: 0.0]
   [Code Root Fixup: 0.0 ms]
   [Code Root Purge: 0.0 ms]
   [Clear CT: 0.2 ms]
   [Other: 5.5 ms]
      [Choose CSet: 0.0 ms]
      [Ref Proc: 4.7 ms]
      [Ref Enq: 0.3 ms]
      [Redirty Cards: 0.2 ms]
      [Humongous Register: 0.0 ms]
      [Humongous Reclaim: 0.0 ms]
      [Free CSet: 0.2 ms]
   [Eden: 7152.0M(7152.0M)->0.0B(7152.0M) Survivors: 16384.0K->16384.0K Heap: 9972.1M(14336.0M)->2820.6M(14336.0M)]
 [Times: user=0.07 sys=0.00, real=0.01 secs] 
2022-11-10T15:42:01.340-0700: 422266.026: [GC pause (G1 Evacuation Pause) (young), 0.0094570 secs]
   [Parallel Time: 3.2 ms, GC Workers: 14]
      [GC Worker Start (ms): Min: 422266026.5, Avg: 422266026.7, Max: 422266026.9, Diff: 0.4]
      [Ext Root Scanning (ms): Min: 0.2, Avg: 0.6, Max: 2.7, Diff: 2.5, Sum: 7.9]
      [Update RS (ms): Min: 0.0, Avg: 0.1, Max: 0.3, Diff: 0.3, Sum: 1.5]
         [Processed Buffers: Min: 0, Avg: 11.2, Max: 33, Diff: 33, Sum: 157]
      [Scan RS (ms): Min: 0.0, Avg: 0.0, Max: 0.1, Diff: 0.1, Sum: 0.5]
      [Code Root Scanning (ms): Min: 0.0, Avg: 0.0, Max: 0.0, Diff: 0.0, Sum: 0.0]
      [Object Copy (ms): Min: 0.0, Avg: 0.3, Max: 0.4, Diff: 0.4, Sum: 4.0]
      [Termination (ms): Min: 0.0, Avg: 1.6, Max: 1.8, Diff: 1.8, Sum: 22.4]
         [Termination Attempts: Min: 1, Avg: 27.9, Max: 40, Diff: 39, Sum: 391]
      [GC Worker Other (ms): Min: 0.0, Avg: 0.0, Max: 0.0, Diff: 0.0, Sum: 0.1]
      [GC Worker Total (ms): Min: 2.4, Avg: 2.6, Max: 2.7, Diff: 0.4, Sum: 36.3]
      [GC Worker End (ms): Min: 422266029.2, Avg: 422266029.3, Max: 422266029.4, Diff: 0.1]
   [Code Root Fixup: 0.0 ms]
   [Code Root Purge: 0.0 ms]
   [Clear CT: 0.4 ms]
   [Other: 5.9 ms]
      [Choose CSet: 0.0 ms]
      [Ref Proc: 5.1 ms]
      [Ref Enq: 0.2 ms]
      [Redirty Cards: 0.2 ms]
      [Humongous Register: 0.0 ms]
      [Humongous Reclaim: 0.0 ms]
      [Free CSet: 0.2 ms]
   [Eden: 7152.0M(7152.0M)->0.0B(7152.0M) Survivors: 16384.0K->16384.0K Heap: 9972.6M(14336.0M)->2820.2M(14336.0M)]
 [Times: user=0.06 sys=0.00, real=0.01 secs] 
2022-11-10T15:58:06.395-0700: 423231.081: [GC pause (G1 Evacuation Pause) (young), 0.0106774 secs]
   [Parallel Time: 4.4 ms, GC Workers: 14]
      [GC Worker Start (ms): Min: 423231081.3, Avg: 423231081.4, Max: 423231081.6, Diff: 0.3]
      [Ext Root Scanning (ms): Min: 0.2, Avg: 0.6, Max: 3.8, Diff: 3.6, Sum: 8.7]
      [Update RS (ms): Min: 0.0, Avg: 0.1, Max: 0.3, Diff: 0.3, Sum: 1.4]
         [Processed Buffers: Min: 0, Avg: 11.1, Max: 32, Diff: 32, Sum: 156]
      [Scan RS (ms): Min: 0.0, Avg: 0.0, Max: 0.1, Diff: 0.1, Sum: 0.4]
      [Code Root Scanning (ms): Min: 0.0, Avg: 0.0, Max: 0.0, Diff: 0.0, Sum: 0.0]
      [Object Copy (ms): Min: 0.0, Avg: 0.2, Max: 0.3, Diff: 0.3, Sum: 3.4]
      [Termination (ms): Min: 0.0, Avg: 2.7, Max: 3.0, Diff: 3.0, Sum: 38.3]
         [Termination Attempts: Min: 1, Avg: 24.1, Max: 39, Diff: 38, Sum: 337]
      [GC Worker Other (ms): Min: 0.0, Avg: 0.0, Max: 0.0, Diff: 0.0, Sum: 0.1]
      [GC Worker Total (ms): Min: 3.5, Avg: 3.7, Max: 3.9, Diff: 0.3, Sum: 52.3]
      [GC Worker End (ms): Min: 423231085.1, Avg: 423231085.2, Max: 423231085.2, Diff: 0.1]
   [Code Root Fixup: 0.0 ms]
   [Code Root Purge: 0.0 ms]
   [Clear CT: 0.4 ms]
   [Other: 6.0 ms]
      [Choose CSet: 0.0 ms]
      [Ref Proc: 5.3 ms]
      [Ref Enq: 0.2 ms]
      [Redirty Cards: 0.2 ms]
      [Humongous Register: 0.0 ms]
      [Humongous Reclaim: 0.0 ms]
      [Free CSet: 0.2 ms]
   [Eden: 7152.0M(7152.0M)->0.0B(7152.0M) Survivors: 16384.0K->16384.0K Heap: 9972.2M(14336.0M)->2820.1M(14336.0M)]
 [Times: user=0.07 sys=0.00, real=0.01 secs] 
2022-11-10T16:14:30.945-0700: 424215.632: [GC pause (G1 Evacuation Pause) (young), 0.0108737 secs]
   [Parallel Time: 4.3 ms, GC Workers: 14]
      [GC Worker Start (ms): Min: 424215631.7, Avg: 424215631.8, Max: 424215632.0, Diff: 0.3]
      [Ext Root Scanning (ms): Min: 0.2, Avg: 0.6, Max: 3.7, Diff: 3.5, Sum: 8.7]
      [Update RS (ms): Min: 0.0, Avg: 0.1, Max: 0.2, Diff: 0.2, Sum: 1.3]
         [Processed Buffers: Min: 0, Avg: 10.9, Max: 35, Diff: 35, Sum: 152]
      [Scan RS (ms): Min: 0.0, Avg: 0.0, Max: 0.1, Diff: 0.1, Sum: 0.5]
      [Code Root Scanning (ms): Min: 0.0, Avg: 0.0, Max: 0.0, Diff: 0.0, Sum: 0.0]
      [Object Copy (ms): Min: 0.0, Avg: 0.3, Max: 0.3, Diff: 0.3, Sum: 3.7]
      [Termination (ms): Min: 0.0, Avg: 2.6, Max: 2.8, Diff: 2.8, Sum: 36.4]
         [Termination Attempts: Min: 1, Avg: 15.4, Max: 23, Diff: 22, Sum: 215]
      [GC Worker Other (ms): Min: 0.0, Avg: 0.0, Max: 0.0, Diff: 0.0, Sum: 0.1]
      [GC Worker Total (ms): Min: 3.5, Avg: 3.6, Max: 3.7, Diff: 0.3, Sum: 50.7]
      [GC Worker End (ms): Min: 424215635.4, Avg: 424215635.4, Max: 424215635.5, Diff: 0.1]
   [Code Root Fixup: 0.0 ms]
   [Code Root Purge: 0.0 ms]
   [Clear CT: 0.4 ms]
   [Other: 6.2 ms]
      [Choose CSet: 0.0 ms]
      [Ref Proc: 5.4 ms]
      [Ref Enq: 0.3 ms]
      [Redirty Cards: 0.2 ms]
      [Humongous Register: 0.0 ms]
      [Humongous Reclaim: 0.0 ms]
      [Free CSet: 0.2 ms]
   [Eden: 7152.0M(7152.0M)->0.0B(7152.0M) Survivors: 16384.0K->16384.0K Heap: 9972.1M(14336.0M)->2820.4M(14336.0M)]
 [Times: user=0.08 sys=0.00, real=0.01 secs] 
2022-11-10T16:30:46.745-0700: 425191.432: [GC pause (G1 Evacuation Pause) (young), 0.0091273 secs]
   [Parallel Time: 4.1 ms, GC Workers: 14]
      [GC Worker Start (ms): Min: 425191431.6, Avg: 425191431.7, Max: 425191431.9, Diff: 0.3]
      [Ext Root Scanning (ms): Min: 0.2, Avg: 0.7, Max: 3.8, Diff: 3.5, Sum: 9.2]
      [Update RS (ms): Min: 0.0, Avg: 0.1, Max: 0.3, Diff: 0.3, Sum: 1.3]
         [Processed Buffers: Min: 0, Avg: 10.7, Max: 29, Diff: 29, Sum: 150]
      [Scan RS (ms): Min: 0.0, Avg: 0.0, Max: 0.1, Diff: 0.1, Sum: 0.5]
      [Code Root Scanning (ms): Min: 0.0, Avg: 0.0, Max: 0.0, Diff: 0.0, Sum: 0.0]
      [Object Copy (ms): Min: 0.0, Avg: 0.3, Max: 0.4, Diff: 0.4, Sum: 4.1]
      [Termination (ms): Min: 0.0, Avg: 2.6, Max: 3.0, Diff: 3.0, Sum: 36.8]
         [Termination Attempts: Min: 1, Avg: 35.0, Max: 52, Diff: 51, Sum: 490]
      [GC Worker Other (ms): Min: 0.0, Avg: 0.0, Max: 0.0, Diff: 0.0, Sum: 0.1]
      [GC Worker Total (ms): Min: 3.6, Avg: 3.7, Max: 3.9, Diff: 0.3, Sum: 52.0]
      [GC Worker End (ms): Min: 425191435.4, Avg: 425191435.4, Max: 425191435.6, Diff: 0.2]
   [Code Root Fixup: 0.0 ms]
   [Code Root Purge: 0.0 ms]
   [Clear CT: 0.4 ms]
   [Other: 4.7 ms]
      [Choose CSet: 0.0 ms]
      [Ref Proc: 4.1 ms]
      [Ref Enq: 0.2 ms]
      [Redirty Cards: 0.2 ms]
      [Humongous Register: 0.0 ms]
      [Humongous Reclaim: 0.0 ms]
      [Free CSet: 0.1 ms]
   [Eden: 7152.0M(7152.0M)->0.0B(7152.0M) Survivors: 16384.0K->16384.0K Heap: 9972.4M(14336.0M)->2820.2M(14336.0M)]
 [Times: user=0.08 sys=0.00, real=0.01 secs] 
2022-11-10T16:47:16.996-0700: 426181.682: [GC pause (G1 Evacuation Pause) (young), 0.0131188 secs]
   [Parallel Time: 7.4 ms, GC Workers: 14]
      [GC Worker Start (ms): Min: 426181681.8, Avg: 426181682.0, Max: 426181682.1, Diff: 0.3]
      [Ext Root Scanning (ms): Min: 0.2, Avg: 0.7, Max: 3.8, Diff: 3.5, Sum: 9.2]
      [Update RS (ms): Min: 0.0, Avg: 0.1, Max: 0.3, Diff: 0.3, Sum: 1.2]
         [Processed Buffers: Min: 0, Avg: 11.1, Max: 32, Diff: 32, Sum: 156]
      [Scan RS (ms): Min: 0.0, Avg: 0.0, Max: 0.0, Diff: 0.0, Sum: 0.4]
      [Code Root Scanning (ms): Min: 0.0, Avg: 0.0, Max: 0.0, Diff: 0.0, Sum: 0.0]
      [Object Copy (ms): Min: 0.0, Avg: 0.8, Max: 6.3, Diff: 6.3, Sum: 10.7]
      [Termination (ms): Min: 0.0, Avg: 5.2, Max: 5.9, Diff: 5.9, Sum: 72.7]
         [Termination Attempts: Min: 1, Avg: 49.2, Max: 83, Diff: 82, Sum: 689]
      [GC Worker Other (ms): Min: 0.0, Avg: 0.1, Max: 0.2, Diff: 0.2, Sum: 1.0]
      [GC Worker Total (ms): Min: 6.6, Avg: 6.8, Max: 7.0, Diff: 0.4, Sum: 95.2]
      [GC Worker End (ms): Min: 426181688.7, Avg: 426181688.7, Max: 426181688.9, Diff: 0.2]
   [Code Root Fixup: 0.0 ms]
   [Code Root Purge: 0.0 ms]
   [Clear CT: 0.4 ms]
   [Other: 5.4 ms]
      [Choose CSet: 0.0 ms]
      [Ref Proc: 4.8 ms]
      [Ref Enq: 0.2 ms]
      [Redirty Cards: 0.2 ms]
      [Humongous Register: 0.0 ms]
      [Humongous Reclaim: 0.0 ms]
      [Free CSet: 0.1 ms]
   [Eden: 7152.0M(7152.0M)->0.0B(7152.0M) Survivors: 16384.0K->16384.0K Heap: 9972.2M(14336.0M)->2820.4M(14336.0M)]
 [Times: user=0.11 sys=0.00, real=0.01 secs] 
2022-11-10T17:03:30.445-0700: 427155.131: [GC pause (G1 Evacuation Pause) (young), 0.0086024 secs]
   [Parallel Time: 3.0 ms, GC Workers: 14]
      [GC Worker Start (ms): Min: 427155131.5, Avg: 427155131.7, Max: 427155131.8, Diff: 0.3]
      [Ext Root Scanning (ms): Min: 0.2, Avg: 0.5, Max: 2.6, Diff: 2.4, Sum: 7.6]
      [Update RS (ms): Min: 0.0, Avg: 0.1, Max: 0.3, Diff: 0.3, Sum: 1.5]
         [Processed Buffers: Min: 0, Avg: 11.3, Max: 39, Diff: 39, Sum: 158]
      [Scan RS (ms): Min: 0.0, Avg: 0.0, Max: 0.1, Diff: 0.1, Sum: 0.5]
      [Code Root Scanning (ms): Min: 0.0, Avg: 0.0, Max: 0.0, Diff: 0.0, Sum: 0.0]
      [Object Copy (ms): Min: 0.0, Avg: 0.3, Max: 0.4, Diff: 0.4, Sum: 3.8]
      [Termination (ms): Min: 0.0, Avg: 1.5, Max: 1.6, Diff: 1.6, Sum: 21.0]
         [Termination Attempts: Min: 1, Avg: 32.7, Max: 53, Diff: 52, Sum: 458]
      [GC Worker Other (ms): Min: 0.0, Avg: 0.0, Max: 0.0, Diff: 0.0, Sum: 0.1]
      [GC Worker Total (ms): Min: 2.2, Avg: 2.5, Max: 2.6, Diff: 0.4, Sum: 34.5]
      [GC Worker End (ms): Min: 427155134.1, Avg: 427155134.1, Max: 427155134.2, Diff: 0.1]
   [Code Root Fixup: 0.0 ms]
   [Code Root Purge: 0.0 ms]
   [Clear CT: 0.2 ms]
   [Other: 5.4 ms]
      [Choose CSet: 0.0 ms]
      [Ref Proc: 4.7 ms]
      [Ref Enq: 0.3 ms]
      [Redirty Cards: 0.2 ms]
      [Humongous Register: 0.0 ms]
      [Humongous Reclaim: 0.0 ms]
      [Free CSet: 0.1 ms]
   [Eden: 7152.0M(7152.0M)->0.0B(7152.0M) Survivors: 16384.0K->16384.0K Heap: 9972.4M(14336.0M)->2820.2M(14336.0M)]
 [Times: user=0.05 sys=0.00, real=0.00 secs] 
2022-11-10T17:19:34.545-0700: 428119.232: [GC pause (G1 Evacuation Pause) (young), 0.0099269 secs]
   [Parallel Time: 4.3 ms, GC Workers: 14]
      [GC Worker Start (ms): Min: 428119231.6, Avg: 428119231.8, Max: 428119232.0, Diff: 0.4]
      [Ext Root Scanning (ms): Min: 0.2, Avg: 0.6, Max: 3.8, Diff: 3.6, Sum: 9.1]
      [Update RS (ms): Min: 0.0, Avg: 0.1, Max: 0.2, Diff: 0.2, Sum: 1.3]
         [Processed Buffers: Min: 0, Avg: 11.9, Max: 41, Diff: 41, Sum: 166]
      [Scan RS (ms): Min: 0.0, Avg: 0.0, Max: 0.1, Diff: 0.0, Sum: 0.4]
      [Code Root Scanning (ms): Min: 0.0, Avg: 0.0, Max: 0.0, Diff: 0.0, Sum: 0.0]
      [Object Copy (ms): Min: 0.0, Avg: 0.3, Max: 0.3, Diff: 0.3, Sum: 3.5]
      [Termination (ms): Min: 0.0, Avg: 2.6, Max: 2.9, Diff: 2.9, Sum: 36.2]
         [Termination Attempts: Min: 1, Avg: 17.5, Max: 26, Diff: 25, Sum: 245]
      [GC Worker Other (ms): Min: 0.0, Avg: 0.0, Max: 0.0, Diff: 0.0, Sum: 0.1]
      [GC Worker Total (ms): Min: 3.4, Avg: 3.6, Max: 3.8, Diff: 0.4, Sum: 50.6]
      [GC Worker End (ms): Min: 428119235.4, Avg: 428119235.4, Max: 428119235.5, Diff: 0.1]
   [Code Root Fixup: 0.0 ms]
   [Code Root Purge: 0.0 ms]
   [Clear CT: 0.3 ms]
   [Other: 5.3 ms]
      [Choose CSet: 0.0 ms]
      [Ref Proc: 4.7 ms]
      [Ref Enq: 0.3 ms]
      [Redirty Cards: 0.2 ms]
      [Humongous Register: 0.0 ms]
      [Humongous Reclaim: 0.0 ms]
      [Free CSet: 0.1 ms]
   [Eden: 7152.0M(7152.0M)->0.0B(7152.0M) Survivors: 16384.0K->16384.0K Heap: 9972.2M(14336.0M)->2820.2M(14336.0M)]
 [Times: user=0.07 sys=0.00, real=0.01 secs] 
2022-11-10T17:35:38.795-0700: 429083.482: [GC pause (G1 Evacuation Pause) (young), 0.0106304 secs]
   [Parallel Time: 4.3 ms, GC Workers: 14]
      [GC Worker Start (ms): Min: 429083481.7, Avg: 429083481.9, Max: 429083482.1, Diff: 0.4]
      [Ext Root Scanning (ms): Min: 0.2, Avg: 0.6, Max: 3.9, Diff: 3.7, Sum: 9.1]
      [Update RS (ms): Min: 0.0, Avg: 0.1, Max: 0.2, Diff: 0.2, Sum: 1.3]
         [Processed Buffers: Min: 0, Avg: 12.0, Max: 38, Diff: 38, Sum: 168]
      [Scan RS (ms): Min: 0.0, Avg: 0.0, Max: 0.1, Diff: 0.1, Sum: 0.4]
      [Code Root Scanning (ms): Min: 0.0, Avg: 0.0, Max: 0.0, Diff: 0.0, Sum: 0.0]
      [Object Copy (ms): Min: 0.0, Avg: 0.3, Max: 0.3, Diff: 0.3, Sum: 3.6]
      [Termination (ms): Min: 0.0, Avg: 2.7, Max: 3.0, Diff: 3.0, Sum: 37.8]
         [Termination Attempts: Min: 1, Avg: 29.6, Max: 43, Diff: 42, Sum: 415]
      [GC Worker Other (ms): Min: 0.0, Avg: 0.0, Max: 0.0, Diff: 0.0, Sum: 0.1]
      [GC Worker Total (ms): Min: 3.6, Avg: 3.7, Max: 3.9, Diff: 0.3, Sum: 52.3]
      [GC Worker End (ms): Min: 429083485.6, Avg: 429083485.6, Max: 429083485.7, Diff: 0.1]
   [Code Root Fixup: 0.0 ms]
   [Code Root Purge: 0.0 ms]
   [Clear CT: 0.3 ms]
   [Other: 6.0 ms]
      [Choose CSet: 0.0 ms]
      [Ref Proc: 5.4 ms]
      [Ref Enq: 0.2 ms]
      [Redirty Cards: 0.2 ms]
      [Humongous Register: 0.0 ms]
      [Humongous Reclaim: 0.0 ms]
      [Free CSet: 0.1 ms]
   [Eden: 7152.0M(7152.0M)->0.0B(7152.0M) Survivors: 16384.0K->16384.0K Heap: 9972.2M(14336.0M)->2820.3M(14336.0M)]
 [Times: user=0.08 sys=0.00, real=0.01 secs] 
2022-11-10T17:51:56.745-0700: 430061.431: [GC pause (G1 Evacuation Pause) (young), 0.0092621 secs]
   [Parallel Time: 3.2 ms, GC Workers: 14]
      [GC Worker Start (ms): Min: 430061431.3, Avg: 430061431.5, Max: 430061431.6, Diff: 0.3]
      [Ext Root Scanning (ms): Min: 0.2, Avg: 0.6, Max: 2.6, Diff: 2.4, Sum: 7.9]
      [Update RS (ms): Min: 0.0, Avg: 0.1, Max: 0.2, Diff: 0.2, Sum: 1.4]
         [Processed Buffers: Min: 0, Avg: 10.7, Max: 41, Diff: 41, Sum: 150]
      [Scan RS (ms): Min: 0.0, Avg: 0.0, Max: 0.1, Diff: 0.0, Sum: 0.5]
      [Code Root Scanning (ms): Min: 0.0, Avg: 0.0, Max: 0.0, Diff: 0.0, Sum: 0.0]
      [Object Copy (ms): Min: 0.0, Avg: 0.3, Max: 0.3, Diff: 0.3, Sum: 3.6]
      [Termination (ms): Min: 0.0, Avg: 1.6, Max: 1.8, Diff: 1.8, Sum: 22.1]
         [Termination Attempts: Min: 1, Avg: 13.9, Max: 24, Diff: 23, Sum: 195]
      [GC Worker Other (ms): Min: 0.0, Avg: 0.0, Max: 0.0, Diff: 0.0, Sum: 0.1]
      [GC Worker Total (ms): Min: 2.4, Avg: 2.5, Max: 2.7, Diff: 0.3, Sum: 35.5]
      [GC Worker End (ms): Min: 430061433.9, Avg: 430061434.0, Max: 430061434.1, Diff: 0.1]
   [Code Root Fixup: 0.0 ms]
   [Code Root Purge: 0.0 ms]
   [Clear CT: 0.4 ms]
   [Other: 5.7 ms]
      [Choose CSet: 0.0 ms]
      [Ref Proc: 5.1 ms]
      [Ref Enq: 0.2 ms]
      [Redirty Cards: 0.2 ms]
      [Humongous Register: 0.0 ms]
      [Humongous Reclaim: 0.0 ms]
      [Free CSet: 0.1 ms]
   [Eden: 7152.0M(7152.0M)->0.0B(7152.0M) Survivors: 16384.0K->16384.0K Heap: 9972.3M(14336.0M)->2820.2M(14336.0M)]
 [Times: user=0.06 sys=0.00, real=0.00 secs] 
2022-11-10T18:08:05.510-0700: 431030.196: [GC pause (G1 Evacuation Pause) (young), 0.0087948 secs]
   [Parallel Time: 2.9 ms, GC Workers: 14]
      [GC Worker Start (ms): Min: 431030196.0, Avg: 431030196.2, Max: 431030196.3, Diff: 0.3]
      [Ext Root Scanning (ms): Min: 0.2, Avg: 0.6, Max: 2.6, Diff: 2.4, Sum: 8.1]
      [Update RS (ms): Min: 0.0, Avg: 0.1, Max: 0.4, Diff: 0.4, Sum: 1.7]
         [Processed Buffers: Min: 0, Avg: 11.1, Max: 36, Diff: 36, Sum: 155]
      [Scan RS (ms): Min: 0.0, Avg: 0.0, Max: 0.1, Diff: 0.1, Sum: 0.5]
      [Code Root Scanning (ms): Min: 0.0, Avg: 0.0, Max: 0.0, Diff: 0.0, Sum: 0.0]
      [Object Copy (ms): Min: 0.0, Avg: 0.3, Max: 0.4, Diff: 0.4, Sum: 4.0]
      [Termination (ms): Min: 0.0, Avg: 1.5, Max: 1.7, Diff: 1.7, Sum: 20.4]
         [Termination Attempts: Min: 1, Avg: 1.6, Max: 4, Diff: 3, Sum: 23]
      [GC Worker Other (ms): Min: 0.0, Avg: 0.0, Max: 0.0, Diff: 0.0, Sum: 0.1]
      [GC Worker Total (ms): Min: 2.3, Avg: 2.5, Max: 2.6, Diff: 0.3, Sum: 34.8]
      [GC Worker End (ms): Min: 431030198.6, Avg: 431030198.7, Max: 431030198.7, Diff: 0.1]
   [Code Root Fixup: 0.0 ms]
   [Code Root Purge: 0.0 ms]
   [Clear CT: 0.4 ms]
   [Other: 5.5 ms]
      [Choose CSet: 0.0 ms]
      [Ref Proc: 4.9 ms]
      [Ref Enq: 0.2 ms]
      [Redirty Cards: 0.2 ms]
      [Humongous Register: 0.0 ms]
      [Humongous Reclaim: 0.0 ms]
      [Free CSet: 0.1 ms]
   [Eden: 7152.0M(7152.0M)->0.0B(7152.0M) Survivors: 16384.0K->16384.0K Heap: 9972.2M(14336.0M)->2820.4M(14336.0M)]
 [Times: user=0.06 sys=0.00, real=0.01 secs] 
2022-11-10T18:24:21.546-0700: 432006.232: [GC pause (G1 Evacuation Pause) (young), 0.0143819 secs]
   [Parallel Time: 9.1 ms, GC Workers: 14]
      [GC Worker Start (ms): Min: 432006232.1, Avg: 432006232.2, Max: 432006232.4, Diff: 0.3]
      [Ext Root Scanning (ms): Min: 0.2, Avg: 0.6, Max: 3.8, Diff: 3.6, Sum: 8.6]
      [Update RS (ms): Min: 0.0, Avg: 0.1, Max: 0.2, Diff: 0.2, Sum: 1.5]
         [Processed Buffers: Min: 0, Avg: 10.9, Max: 35, Diff: 35, Sum: 152]
      [Scan RS (ms): Min: 0.0, Avg: 0.0, Max: 0.1, Diff: 0.1, Sum: 0.5]
      [Code Root Scanning (ms): Min: 0.0, Avg: 0.0, Max: 0.0, Diff: 0.0, Sum: 0.0]
      [Object Copy (ms): Min: 0.0, Avg: 0.8, Max: 7.9, Diff: 7.9, Sum: 11.2]
      [Termination (ms): Min: 0.0, Avg: 6.9, Max: 7.7, Diff: 7.7, Sum: 96.6]
         [Termination Attempts: Min: 1, Avg: 12.9, Max: 28, Diff: 27, Sum: 181]
      [GC Worker Other (ms): Min: 0.0, Avg: 0.0, Max: 0.0, Diff: 0.0, Sum: 0.1]
      [GC Worker Total (ms): Min: 8.3, Avg: 8.5, Max: 8.6, Diff: 0.3, Sum: 118.4]
      [GC Worker End (ms): Min: 432006240.6, Avg: 432006240.7, Max: 432006240.8, Diff: 0.1]
   [Code Root Fixup: 0.0 ms]
   [Code Root Purge: 0.0 ms]
   [Clear CT: 0.3 ms]
   [Other: 5.0 ms]
      [Choose CSet: 0.0 ms]
      [Ref Proc: 4.4 ms]
      [Ref Enq: 0.2 ms]
      [Redirty Cards: 0.2 ms]
      [Humongous Register: 0.0 ms]
      [Humongous Reclaim: 0.0 ms]
      [Free CSet: 0.1 ms]
   [Eden: 7152.0M(7152.0M)->0.0B(7152.0M) Survivors: 16384.0K->16384.0K Heap: 9972.4M(14336.0M)->2820.3M(14336.0M)]
 [Times: user=0.14 sys=0.00, real=0.01 secs] 
2022-11-10T18:40:27.891-0700: 432972.584: [GC pause (G1 Evacuation Pause) (young), 0.0171441 secs]
   [Parallel Time: 4.1 ms, GC Workers: 14]
      [GC Worker Start (ms): Min: 432972584.2, Avg: 432972584.3, Max: 432972584.5, Diff: 0.4]
      [Ext Root Scanning (ms): Min: 0.1, Avg: 0.6, Max: 3.8, Diff: 3.7, Sum: 8.7]
      [Update RS (ms): Min: 0.0, Avg: 0.1, Max: 0.3, Diff: 0.3, Sum: 1.4]
         [Processed Buffers: Min: 0, Avg: 12.3, Max: 43, Diff: 43, Sum: 172]
      [Scan RS (ms): Min: 0.0, Avg: 0.0, Max: 0.1, Diff: 0.1, Sum: 0.4]
      [Code Root Scanning (ms): Min: 0.0, Avg: 0.0, Max: 0.0, Diff: 0.0, Sum: 0.0]
      [Object Copy (ms): Min: 0.0, Avg: 1.3, Max: 1.5, Diff: 1.5, Sum: 18.2]
      [Termination (ms): Min: 0.0, Avg: 1.7, Max: 1.9, Diff: 1.9, Sum: 23.1]
         [Termination Attempts: Min: 1, Avg: 250.7, Max: 308, Diff: 307, Sum: 3510]
      [GC Worker Other (ms): Min: 0.0, Avg: 0.0, Max: 0.0, Diff: 0.0, Sum: 0.1]
      [GC Worker Total (ms): Min: 3.4, Avg: 3.7, Max: 3.9, Diff: 0.5, Sum: 51.9]
      [GC Worker End (ms): Min: 432972588.0, Avg: 432972588.0, Max: 432972588.0, Diff: 0.1]
   [Code Root Fixup: 0.0 ms]
   [Code Root Purge: 0.0 ms]
   [Clear CT: 0.4 ms]
   [Other: 12.6 ms]
      [Choose CSet: 0.0 ms]
      [Ref Proc: 4.9 ms]
      [Ref Enq: 0.2 ms]
      [Redirty Cards: 0.2 ms]
      [Humongous Register: 0.0 ms]
      [Humongous Reclaim: 0.0 ms]
      [Free CSet: 0.2 ms]
   [Eden: 7152.0M(7152.0M)->0.0B(7152.0M) Survivors: 16384.0K->16384.0K Heap: 9972.3M(14336.0M)->2823.7M(14336.0M)]
 [Times: user=0.08 sys=0.00, real=0.02 secs] 
2022-11-10T18:56:48.158-0700: 433952.844: [GC pause (G1 Evacuation Pause) (young), 0.0172705 secs]
   [Parallel Time: 4.2 ms, GC Workers: 14]
      [GC Worker Start (ms): Min: 433952843.9, Avg: 433952844.1, Max: 433952844.2, Diff: 0.4]
      [Ext Root Scanning (ms): Min: 0.2, Avg: 0.6, Max: 3.7, Diff: 3.5, Sum: 8.5]
      [Update RS (ms): Min: 0.0, Avg: 0.1, Max: 0.2, Diff: 0.2, Sum: 1.4]
         [Processed Buffers: Min: 0, Avg: 10.6, Max: 35, Diff: 35, Sum: 149]
      [Scan RS (ms): Min: 0.0, Avg: 0.0, Max: 0.1, Diff: 0.1, Sum: 0.5]
      [Code Root Scanning (ms): Min: 0.0, Avg: 0.0, Max: 0.0, Diff: 0.0, Sum: 0.0]
      [Object Copy (ms): Min: 0.0, Avg: 0.3, Max: 0.3, Diff: 0.3, Sum: 3.9]
      [Termination (ms): Min: 0.0, Avg: 2.5, Max: 2.8, Diff: 2.8, Sum: 35.2]
         [Termination Attempts: Min: 1, Avg: 35.5, Max: 56, Diff: 55, Sum: 497]
      [GC Worker Other (ms): Min: 0.0, Avg: 0.0, Max: 0.0, Diff: 0.0, Sum: 0.1]
      [GC Worker Total (ms): Min: 3.3, Avg: 3.5, Max: 3.7, Diff: 0.4, Sum: 49.5]
      [GC Worker End (ms): Min: 433952847.6, Avg: 433952847.6, Max: 433952847.7, Diff: 0.1]
   [Code Root Fixup: 0.0 ms]
   [Code Root Purge: 0.0 ms]
   [Clear CT: 0.2 ms]
   [Other: 12.8 ms]
      [Choose CSet: 0.0 ms]
      [Ref Proc: 5.3 ms]
      [Ref Enq: 0.3 ms]
      [Redirty Cards: 0.2 ms]
      [Humongous Register: 0.0 ms]
      [Humongous Reclaim: 0.0 ms]
      [Free CSet: 0.1 ms]
   [Eden: 7152.0M(7152.0M)->0.0B(7152.0M) Survivors: 16384.0K->16384.0K Heap: 9975.7M(14336.0M)->2825.0M(14336.0M)]
 [Times: user=0.07 sys=0.00, real=0.02 secs] 
2022-11-10T19:13:06.645-0700: 434931.332: [GC pause (G1 Evacuation Pause) (young), 0.0165278 secs]
   [Parallel Time: 4.0 ms, GC Workers: 14]
      [GC Worker Start (ms): Min: 434931331.7, Avg: 434931331.9, Max: 434931332.0, Diff: 0.3]
      [Ext Root Scanning (ms): Min: 0.3, Avg: 0.7, Max: 3.7, Diff: 3.5, Sum: 9.4]
      [Update RS (ms): Min: 0.0, Avg: 0.1, Max: 0.3, Diff: 0.3, Sum: 1.3]
         [Processed Buffers: Min: 0, Avg: 11.5, Max: 38, Diff: 38, Sum: 161]
      [Scan RS (ms): Min: 0.0, Avg: 0.0, Max: 0.1, Diff: 0.0, Sum: 0.5]
      [Code Root Scanning (ms): Min: 0.0, Avg: 0.0, Max: 0.0, Diff: 0.0, Sum: 0.0]
      [Object Copy (ms): Min: 0.0, Avg: 0.2, Max: 0.3, Diff: 0.3, Sum: 3.2]
      [Termination (ms): Min: 0.0, Avg: 2.7, Max: 2.9, Diff: 2.9, Sum: 37.1]
         [Termination Attempts: Min: 1, Avg: 14.7, Max: 24, Diff: 23, Sum: 206]
      [GC Worker Other (ms): Min: 0.0, Avg: 0.0, Max: 0.0, Diff: 0.0, Sum: 0.1]
      [GC Worker Total (ms): Min: 3.5, Avg: 3.7, Max: 3.8, Diff: 0.2, Sum: 51.5]
      [GC Worker End (ms): Min: 434931335.5, Avg: 434931335.5, Max: 434931335.6, Diff: 0.1]
   [Code Root Fixup: 0.0 ms]
   [Code Root Purge: 0.0 ms]
   [Clear CT: 0.3 ms]
   [Other: 12.2 ms]
      [Choose CSet: 0.0 ms]
      [Ref Proc: 11.7 ms]
      [Ref Enq: 0.2 ms]
      [Redirty Cards: 0.2 ms]
      [Humongous Register: 0.0 ms]
      [Humongous Reclaim: 0.0 ms]
      [Free CSet: 0.1 ms]
   [Eden: 7152.0M(7152.0M)->0.0B(7152.0M) Survivors: 16384.0K->16384.0K Heap: 9977.0M(14336.0M)->2821.0M(14336.0M)]
 [Times: user=0.17 sys=0.00, real=0.01 secs] 
2022-11-10T19:29:31.345-0700: 435916.031: [GC pause (G1 Evacuation Pause) (young), 0.0095152 secs]
   [Parallel Time: 4.2 ms, GC Workers: 14]
      [GC Worker Start (ms): Min: 435916031.5, Avg: 435916031.6, Max: 435916031.8, Diff: 0.3]
      [Ext Root Scanning (ms): Min: 0.2, Avg: 0.6, Max: 3.7, Diff: 3.5, Sum: 8.8]
      [Update RS (ms): Min: 0.0, Avg: 0.1, Max: 0.3, Diff: 0.3, Sum: 1.4]
         [Processed Buffers: Min: 0, Avg: 10.5, Max: 31, Diff: 31, Sum: 147]
      [Scan RS (ms): Min: 0.0, Avg: 0.0, Max: 0.1, Diff: 0.0, Sum: 0.4]
      [Code Root Scanning (ms): Min: 0.0, Avg: 0.0, Max: 0.0, Diff: 0.0, Sum: 0.0]
      [Object Copy (ms): Min: 0.0, Avg: 0.3, Max: 0.3, Diff: 0.3, Sum: 3.6]
      [Termination (ms): Min: 0.0, Avg: 2.6, Max: 2.9, Diff: 2.9, Sum: 36.6]
         [Termination Attempts: Min: 1, Avg: 10.9, Max: 19, Diff: 18, Sum: 152]
      [GC Worker Other (ms): Min: 0.0, Avg: 0.0, Max: 0.0, Diff: 0.0, Sum: 0.1]
      [GC Worker Total (ms): Min: 3.5, Avg: 3.6, Max: 3.8, Diff: 0.3, Sum: 50.8]
      [GC Worker End (ms): Min: 435916035.2, Avg: 435916035.2, Max: 435916035.3, Diff: 0.1]
   [Code Root Fixup: 0.0 ms]
   [Code Root Purge: 0.0 ms]
   [Clear CT: 0.4 ms]
   [Other: 5.0 ms]
      [Choose CSet: 0.0 ms]
      [Ref Proc: 4.4 ms]
      [Ref Enq: 0.2 ms]
      [Redirty Cards: 0.2 ms]
      [Humongous Register: 0.0 ms]
      [Humongous Reclaim: 0.0 ms]
      [Free CSet: 0.1 ms]
   [Eden: 7152.0M(7152.0M)->0.0B(7152.0M) Survivors: 16384.0K->16384.0K Heap: 9973.0M(14336.0M)->2820.6M(14336.0M)]
 [Times: user=0.07 sys=0.00, real=0.01 secs] 
2022-11-10T19:45:59.445-0700: 436904.131: [GC pause (G1 Evacuation Pause) (young), 0.0102676 secs]
   [Parallel Time: 4.0 ms, GC Workers: 14]
      [GC Worker Start (ms): Min: 436904131.5, Avg: 436904131.6, Max: 436904131.8, Diff: 0.4]
      [Ext Root Scanning (ms): Min: 0.1, Avg: 0.6, Max: 3.7, Diff: 3.6, Sum: 8.4]
      [Update RS (ms): Min: 0.0, Avg: 0.1, Max: 0.2, Diff: 0.2, Sum: 1.3]
         [Processed Buffers: Min: 0, Avg: 10.8, Max: 33, Diff: 33, Sum: 151]
      [Scan RS (ms): Min: 0.0, Avg: 0.0, Max: 0.1, Diff: 0.1, Sum: 0.5]
      [Code Root Scanning (ms): Min: 0.0, Avg: 0.0, Max: 0.0, Diff: 0.0, Sum: 0.0]
      [Object Copy (ms): Min: 0.0, Avg: 0.3, Max: 0.4, Diff: 0.4, Sum: 4.5]
      [Termination (ms): Min: 0.0, Avg: 2.6, Max: 2.9, Diff: 2.9, Sum: 36.4]
         [Termination Attempts: Min: 1, Avg: 42.5, Max: 66, Diff: 65, Sum: 595]
      [GC Worker Other (ms): Min: 0.0, Avg: 0.0, Max: 0.0, Diff: 0.0, Sum: 0.1]
      [GC Worker Total (ms): Min: 3.4, Avg: 3.7, Max: 3.9, Diff: 0.5, Sum: 51.1]
      [GC Worker End (ms): Min: 436904135.2, Avg: 436904135.3, Max: 436904135.3, Diff: 0.1]
   [Code Root Fixup: 0.0 ms]
   [Code Root Purge: 0.0 ms]
   [Clear CT: 0.3 ms]
   [Other: 5.9 ms]
      [Choose CSet: 0.0 ms]
      [Ref Proc: 5.2 ms]
      [Ref Enq: 0.2 ms]
      [Redirty Cards: 0.2 ms]
      [Humongous Register: 0.0 ms]
      [Humongous Reclaim: 0.0 ms]
      [Free CSet: 0.2 ms]
   [Eden: 7152.0M(7152.0M)->0.0B(7152.0M) Survivors: 16384.0K->16384.0K Heap: 9972.6M(14336.0M)->2820.4M(14336.0M)]
 [Times: user=0.07 sys=0.00, real=0.01 secs] 
2022-11-10T20:02:11.446-0700: 437876.132: [GC pause (G1 Evacuation Pause) (young), 0.0825242 secs]
   [Parallel Time: 4.3 ms, GC Workers: 14]
      [GC Worker Start (ms): Min: 437876132.0, Avg: 437876132.2, Max: 437876132.3, Diff: 0.3]
      [Ext Root Scanning (ms): Min: 0.3, Avg: 0.7, Max: 3.9, Diff: 3.6, Sum: 9.2]
      [Update RS (ms): Min: 0.0, Avg: 0.1, Max: 0.3, Diff: 0.3, Sum: 1.6]
         [Processed Buffers: Min: 0, Avg: 11.2, Max: 33, Diff: 33, Sum: 157]
      [Scan RS (ms): Min: 0.0, Avg: 0.0, Max: 0.1, Diff: 0.1, Sum: 0.6]
      [Code Root Scanning (ms): Min: 0.0, Avg: 0.0, Max: 0.0, Diff: 0.0, Sum: 0.0]
      [Object Copy (ms): Min: 0.0, Avg: 0.3, Max: 0.4, Diff: 0.4, Sum: 3.9]
      [Termination (ms): Min: 0.0, Avg: 2.7, Max: 3.0, Diff: 3.0, Sum: 38.0]
         [Termination Attempts: Min: 1, Avg: 17.4, Max: 35, Diff: 34, Sum: 244]
      [GC Worker Other (ms): Min: 0.0, Avg: 0.0, Max: 0.0, Diff: 0.0, Sum: 0.1]
      [GC Worker Total (ms): Min: 3.7, Avg: 3.8, Max: 4.0, Diff: 0.3, Sum: 53.5]
      [GC Worker End (ms): Min: 437876136.0, Avg: 437876136.0, Max: 437876136.0, Diff: 0.1]
   [Code Root Fixup: 0.0 ms]
   [Code Root Purge: 0.0 ms]
   [Clear CT: 0.4 ms]
   [Other: 77.8 ms]
      [Choose CSet: 0.0 ms]
      [Ref Proc: 76.7 ms]
      [Ref Enq: 0.4 ms]
      [Redirty Cards: 0.3 ms]
      [Humongous Register: 0.0 ms]
      [Humongous Reclaim: 0.0 ms]
      [Free CSet: 0.1 ms]
   [Eden: 7152.0M(7152.0M)->0.0B(7152.0M) Survivors: 16384.0K->16384.0K Heap: 9972.4M(14336.0M)->2820.7M(14336.0M)]
 [Times: user=0.23 sys=0.00, real=0.08 secs] 
2022-11-10T20:18:26.959-0700: 438851.645: [GC pause (G1 Evacuation Pause) (young), 0.1080364 secs]
   [Parallel Time: 4.4 ms, GC Workers: 14]
      [GC Worker Start (ms): Min: 438851645.4, Avg: 438851645.6, Max: 438851645.8, Diff: 0.4]
      [Ext Root Scanning (ms): Min: 0.1, Avg: 0.6, Max: 3.8, Diff: 3.7, Sum: 8.8]
      [Update RS (ms): Min: 0.0, Avg: 0.1, Max: 0.3, Diff: 0.3, Sum: 1.3]
         [Processed Buffers: Min: 0, Avg: 10.4, Max: 43, Diff: 43, Sum: 146]
      [Scan RS (ms): Min: 0.0, Avg: 0.0, Max: 0.0, Diff: 0.0, Sum: 0.4]
      [Code Root Scanning (ms): Min: 0.0, Avg: 0.0, Max: 0.0, Diff: 0.0, Sum: 0.0]
      [Object Copy (ms): Min: 0.0, Avg: 0.3, Max: 0.4, Diff: 0.4, Sum: 3.8]
      [Termination (ms): Min: 0.0, Avg: 2.7, Max: 3.0, Diff: 3.0, Sum: 37.6]
         [Termination Attempts: Min: 1, Avg: 14.4, Max: 24, Diff: 23, Sum: 201]
      [GC Worker Other (ms): Min: 0.0, Avg: 0.0, Max: 0.0, Diff: 0.0, Sum: 0.1]
      [GC Worker Total (ms): Min: 3.5, Avg: 3.7, Max: 3.9, Diff: 0.4, Sum: 52.0]
      [GC Worker End (ms): Min: 438851649.3, Avg: 438851649.3, Max: 438851649.3, Diff: 0.1]
   [Code Root Fixup: 0.0 ms]
   [Code Root Purge: 0.0 ms]
   [Clear CT: 1.2 ms]
   [Other: 102.5 ms]
      [Choose CSet: 0.0 ms]
      [Ref Proc: 100.5 ms]
      [Ref Enq: 1.2 ms]
      [Redirty Cards: 0.6 ms]
      [Humongous Register: 0.0 ms]
      [Humongous Reclaim: 0.0 ms]
      [Free CSet: 0.1 ms]
   [Eden: 7152.0M(7152.0M)->0.0B(7152.0M) Survivors: 16384.0K->16384.0K Heap: 9972.7M(14336.0M)->2820.4M(14336.0M)]
 [Times: user=0.53 sys=0.00, real=0.11 secs] 
2022-11-10T20:34:54.445-0700: 439839.132: [GC pause (G1 Evacuation Pause) (young), 0.0151612 secs]
   [Parallel Time: 8.5 ms, GC Workers: 14]
      [GC Worker Start (ms): Min: 439839131.6, Avg: 439839131.8, Max: 439839132.0, Diff: 0.4]
      [Ext Root Scanning (ms): Min: 0.2, Avg: 0.6, Max: 2.7, Diff: 2.5, Sum: 8.4]
      [Update RS (ms): Min: 0.0, Avg: 0.1, Max: 0.3, Diff: 0.3, Sum: 1.4]
         [Processed Buffers: Min: 0, Avg: 10.9, Max: 41, Diff: 41, Sum: 153]
      [Scan RS (ms): Min: 0.0, Avg: 0.0, Max: 0.1, Diff: 0.1, Sum: 0.5]
      [Code Root Scanning (ms): Min: 0.0, Avg: 0.0, Max: 0.0, Diff: 0.0, Sum: 0.0]
      [Object Copy (ms): Min: 0.0, Avg: 1.9, Max: 7.3, Diff: 7.3, Sum: 25.9]
      [Termination (ms): Min: 0.0, Avg: 5.3, Max: 7.0, Diff: 7.0, Sum: 73.8]
         [Termination Attempts: Min: 1, Avg: 55.9, Max: 121, Diff: 120, Sum: 783]
      [GC Worker Other (ms): Min: 0.0, Avg: 0.0, Max: 0.0, Diff: 0.0, Sum: 0.1]
      [GC Worker Total (ms): Min: 7.7, Avg: 7.9, Max: 8.1, Diff: 0.4, Sum: 110.2]
      [GC Worker End (ms): Min: 439839139.7, Avg: 439839139.7, Max: 439839139.8, Diff: 0.1]
   [Code Root Fixup: 0.0 ms]
   [Code Root Purge: 0.0 ms]
   [Clear CT: 0.4 ms]
   [Other: 6.3 ms]
      [Choose CSet: 0.0 ms]
      [Ref Proc: 5.6 ms]
      [Ref Enq: 0.3 ms]
      [Redirty Cards: 0.2 ms]
      [Humongous Register: 0.0 ms]
      [Humongous Reclaim: 0.0 ms]
      [Free CSet: 0.2 ms]
   [Eden: 7152.0M(7152.0M)->0.0B(7152.0M) Survivors: 16384.0K->16384.0K Heap: 9972.4M(14336.0M)->2820.6M(14336.0M)]
 [Times: user=0.11 sys=0.00, real=0.01 secs] 
2022-11-10T20:51:17.145-0700: 440821.832: [GC pause (G1 Evacuation Pause) (young), 0.0110925 secs]
   [Parallel Time: 4.2 ms, GC Workers: 14]
      [GC Worker Start (ms): Min: 440821831.6, Avg: 440821831.8, Max: 440821831.9, Diff: 0.3]
      [Ext Root Scanning (ms): Min: 0.2, Avg: 0.7, Max: 3.8, Diff: 3.5, Sum: 9.3]
      [Update RS (ms): Min: 0.0, Avg: 0.1, Max: 0.3, Diff: 0.3, Sum: 1.2]
         [Processed Buffers: Min: 0, Avg: 10.2, Max: 31, Diff: 31, Sum: 143]
      [Scan RS (ms): Min: 0.0, Avg: 0.0, Max: 0.1, Diff: 0.1, Sum: 0.5]
      [Code Root Scanning (ms): Min: 0.0, Avg: 0.0, Max: 0.0, Diff: 0.0, Sum: 0.0]
      [Object Copy (ms): Min: 0.0, Avg: 0.3, Max: 0.3, Diff: 0.3, Sum: 3.7]
      [Termination (ms): Min: 0.0, Avg: 2.6, Max: 2.9, Diff: 2.9, Sum: 36.3]
         [Termination Attempts: Min: 1, Avg: 15.1, Max: 26, Diff: 25, Sum: 212]
      [GC Worker Other (ms): Min: 0.0, Avg: 0.0, Max: 0.0, Diff: 0.0, Sum: 0.1]
      [GC Worker Total (ms): Min: 3.5, Avg: 3.7, Max: 3.8, Diff: 0.3, Sum: 51.1]
      [GC Worker End (ms): Min: 440821835.4, Avg: 440821835.4, Max: 440821835.5, Diff: 0.1]
   [Code Root Fixup: 0.0 ms]
   [Code Root Purge: 0.0 ms]
   [Clear CT: 0.4 ms]
   [Other: 6.5 ms]
      [Choose CSet: 0.0 ms]
      [Ref Proc: 5.8 ms]
      [Ref Enq: 0.4 ms]
      [Redirty Cards: 0.2 ms]
      [Humongous Register: 0.0 ms]
      [Humongous Reclaim: 0.0 ms]
      [Free CSet: 0.1 ms]
   [Eden: 7152.0M(7152.0M)->0.0B(7152.0M) Survivors: 16384.0K->16384.0K Heap: 9972.6M(14336.0M)->2820.5M(14336.0M)]
 [Times: user=0.08 sys=0.00, real=0.01 secs] 
2022-11-10T21:07:29.346-0700: 441794.032: [GC pause (G1 Evacuation Pause) (young), 0.0142463 secs]
   [Parallel Time: 8.3 ms, GC Workers: 14]
      [GC Worker Start (ms): Min: 441794031.9, Avg: 441794032.0, Max: 441794032.2, Diff: 0.2]
      [Ext Root Scanning (ms): Min: 0.3, Avg: 0.7, Max: 3.8, Diff: 3.5, Sum: 9.3]
      [Update RS (ms): Min: 0.0, Avg: 0.1, Max: 0.3, Diff: 0.3, Sum: 1.4]
         [Processed Buffers: Min: 0, Avg: 11.6, Max: 36, Diff: 36, Sum: 162]
      [Scan RS (ms): Min: 0.0, Avg: 0.0, Max: 0.1, Diff: 0.0, Sum: 0.5]
      [Code Root Scanning (ms): Min: 0.0, Avg: 0.0, Max: 0.0, Diff: 0.0, Sum: 0.0]
      [Object Copy (ms): Min: 0.0, Avg: 2.3, Max: 7.0, Diff: 7.0, Sum: 31.9]
      [Termination (ms): Min: 0.0, Avg: 4.5, Max: 6.7, Diff: 6.7, Sum: 63.1]
         [Termination Attempts: Min: 1, Avg: 68.7, Max: 148, Diff: 147, Sum: 962]
      [GC Worker Other (ms): Min: 0.0, Avg: 0.0, Max: 0.0, Diff: 0.0, Sum: 0.1]
      [GC Worker Total (ms): Min: 7.4, Avg: 7.6, Max: 7.7, Diff: 0.3, Sum: 106.2]
      [GC Worker End (ms): Min: 441794039.6, Avg: 441794039.6, Max: 441794039.7, Diff: 0.1]
   [Code Root Fixup: 0.0 ms]
   [Code Root Purge: 0.0 ms]
   [Clear CT: 0.2 ms]
   [Other: 5.7 ms]
      [Choose CSet: 0.0 ms]
      [Ref Proc: 4.9 ms]
      [Ref Enq: 0.3 ms]
      [Redirty Cards: 0.2 ms]
      [Humongous Register: 0.0 ms]
      [Humongous Reclaim: 0.0 ms]
      [Free CSet: 0.2 ms]
   [Eden: 7152.0M(7152.0M)->0.0B(7152.0M) Survivors: 16384.0K->16384.0K Heap: 9972.5M(14336.0M)->2820.7M(14336.0M)]
 [Times: user=0.10 sys=0.00, real=0.01 secs] 
2022-11-10T21:23:47.096-0700: 442771.782: [GC pause (G1 Evacuation Pause) (young), 0.0114020 secs]
   [Parallel Time: 4.4 ms, GC Workers: 14]
      [GC Worker Start (ms): Min: 442771781.9, Avg: 442771782.1, Max: 442771782.3, Diff: 0.3]
      [Ext Root Scanning (ms): Min: 0.2, Avg: 0.6, Max: 3.7, Diff: 3.5, Sum: 9.0]
      [Update RS (ms): Min: 0.0, Avg: 0.1, Max: 0.3, Diff: 0.3, Sum: 1.3]
         [Processed Buffers: Min: 0, Avg: 10.4, Max: 32, Diff: 32, Sum: 146]
      [Scan RS (ms): Min: 0.0, Avg: 0.0, Max: 0.0, Diff: 0.0, Sum: 0.4]
      [Code Root Scanning (ms): Min: 0.0, Avg: 0.0, Max: 0.0, Diff: 0.0, Sum: 0.0]
      [Object Copy (ms): Min: 0.0, Avg: 0.2, Max: 0.3, Diff: 0.3, Sum: 3.3]
      [Termination (ms): Min: 0.0, Avg: 2.6, Max: 2.9, Diff: 2.9, Sum: 36.2]
         [Termination Attempts: Min: 1, Avg: 8.5, Max: 18, Diff: 17, Sum: 119]
      [GC Worker Other (ms): Min: 0.0, Avg: 0.0, Max: 0.0, Diff: 0.0, Sum: 0.1]
      [GC Worker Total (ms): Min: 3.4, Avg: 3.6, Max: 3.8, Diff: 0.3, Sum: 50.3]
      [GC Worker End (ms): Min: 442771785.7, Avg: 442771785.7, Max: 442771785.8, Diff: 0.1]
   [Code Root Fixup: 0.0 ms]
   [Code Root Purge: 0.0 ms]
   [Clear CT: 0.4 ms]
   [Other: 6.6 ms]
      [Choose CSet: 0.0 ms]
      [Ref Proc: 5.9 ms]
      [Ref Enq: 0.2 ms]
      [Redirty Cards: 0.2 ms]
      [Humongous Register: 0.0 ms]
      [Humongous Reclaim: 0.0 ms]
      [Free CSet: 0.2 ms]
   [Eden: 7152.0M(7152.0M)->0.0B(7152.0M) Survivors: 16384.0K->16384.0K Heap: 9972.7M(14336.0M)->2820.6M(14336.0M)]
 [Times: user=0.08 sys=0.00, real=0.01 secs] 
2022-11-10T21:40:01.946-0700: 443746.632: [GC pause (G1 Evacuation Pause) (young), 0.0154257 secs]
   [Parallel Time: 8.5 ms, GC Workers: 14]
      [GC Worker Start (ms): Min: 443746632.0, Avg: 443746632.3, Max: 443746632.5, Diff: 0.4]
      [Ext Root Scanning (ms): Min: 0.2, Avg: 0.6, Max: 2.6, Diff: 2.4, Sum: 7.9]
      [Update RS (ms): Min: 0.0, Avg: 0.1, Max: 0.3, Diff: 0.3, Sum: 1.5]
         [Processed Buffers: Min: 0, Avg: 11.8, Max: 37, Diff: 37, Sum: 165]
      [Scan RS (ms): Min: 0.0, Avg: 0.0, Max: 0.1, Diff: 0.0, Sum: 0.5]
      [Code Root Scanning (ms): Min: 0.0, Avg: 0.0, Max: 0.0, Diff: 0.0, Sum: 0.0]
      [Object Copy (ms): Min: 0.0, Avg: 2.7, Max: 7.2, Diff: 7.2, Sum: 37.4]
      [Termination (ms): Min: 0.0, Avg: 4.3, Max: 7.0, Diff: 7.0, Sum: 60.9]
         [Termination Attempts: Min: 1, Avg: 5.9, Max: 17, Diff: 16, Sum: 82]
      [GC Worker Other (ms): Min: 0.0, Avg: 0.0, Max: 0.0, Diff: 0.0, Sum: 0.1]
      [GC Worker Total (ms): Min: 7.6, Avg: 7.7, Max: 8.0, Diff: 0.4, Sum: 108.3]
      [GC Worker End (ms): Min: 443746640.0, Avg: 443746640.0, Max: 443746640.1, Diff: 0.1]
   [Code Root Fixup: 0.0 ms]
   [Code Root Purge: 0.0 ms]
   [Clear CT: 0.2 ms]
   [Other: 6.6 ms]
      [Choose CSet: 0.0 ms]
      [Ref Proc: 5.9 ms]
      [Ref Enq: 0.3 ms]
      [Redirty Cards: 0.2 ms]
      [Humongous Register: 0.0 ms]
      [Humongous Reclaim: 0.0 ms]
      [Free CSet: 0.2 ms]
   [Eden: 7152.0M(7152.0M)->0.0B(7152.0M) Survivors: 16384.0K->16384.0K Heap: 9972.6M(14336.0M)->2820.4M(14336.0M)]
 [Times: user=0.10 sys=0.00, real=0.01 secs] 
2022-11-10T21:56:13.546-0700: 444718.232: [GC pause (G1 Evacuation Pause) (young), 0.0114752 secs]
   [Parallel Time: 4.4 ms, GC Workers: 14]
      [GC Worker Start (ms): Min: 444718231.8, Avg: 444718232.0, Max: 444718232.2, Diff: 0.5]
      [Ext Root Scanning (ms): Min: 0.2, Avg: 0.6, Max: 3.7, Diff: 3.6, Sum: 8.5]
      [Update RS (ms): Min: 0.0, Avg: 0.1, Max: 0.3, Diff: 0.3, Sum: 1.3]
         [Processed Buffers: Min: 0, Avg: 11.4, Max: 33, Diff: 33, Sum: 160]
      [Scan RS (ms): Min: 0.0, Avg: 0.0, Max: 0.1, Diff: 0.0, Sum: 0.5]
      [Code Root Scanning (ms): Min: 0.0, Avg: 0.0, Max: 0.0, Diff: 0.0, Sum: 0.0]
      [Object Copy (ms): Min: 0.0, Avg: 0.3, Max: 0.4, Diff: 0.4, Sum: 4.2]
      [Termination (ms): Min: 0.0, Avg: 2.5, Max: 2.7, Diff: 2.7, Sum: 34.9]
         [Termination Attempts: Min: 1, Avg: 32.8, Max: 47, Diff: 46, Sum: 459]
      [GC Worker Other (ms): Min: 0.0, Avg: 0.0, Max: 0.0, Diff: 0.0, Sum: 0.1]
      [GC Worker Total (ms): Min: 3.4, Avg: 3.5, Max: 3.7, Diff: 0.4, Sum: 49.4]
      [GC Worker End (ms): Min: 444718235.5, Avg: 444718235.6, Max: 444718235.6, Diff: 0.1]
   [Code Root Fixup: 0.0 ms]
   [Code Root Purge: 0.0 ms]
   [Clear CT: 0.3 ms]
   [Other: 6.7 ms]
      [Choose CSet: 0.0 ms]
      [Ref Proc: 6.1 ms]
      [Ref Enq: 0.2 ms]
      [Redirty Cards: 0.2 ms]
      [Humongous Register: 0.0 ms]
      [Humongous Reclaim: 0.0 ms]
      [Free CSet: 0.2 ms]
   [Eden: 7152.0M(7152.0M)->0.0B(7152.0M) Survivors: 16384.0K->16384.0K Heap: 9972.4M(14336.0M)->2820.8M(14336.0M)]
 [Times: user=0.07 sys=0.00, real=0.01 secs] 
2022-11-10T22:12:35.269-0700: 445699.955: [GC pause (G1 Evacuation Pause) (young), 0.0125188 secs]
   [Parallel Time: 6.3 ms, GC Workers: 14]
      [GC Worker Start (ms): Min: 445699954.9, Avg: 445699955.0, Max: 445699955.2, Diff: 0.3]
      [Ext Root Scanning (ms): Min: 0.2, Avg: 0.5, Max: 2.6, Diff: 2.4, Sum: 7.5]
      [Update RS (ms): Min: 0.0, Avg: 0.1, Max: 0.3, Diff: 0.3, Sum: 1.5]
         [Processed Buffers: Min: 0, Avg: 11.0, Max: 29, Diff: 29, Sum: 154]
      [Scan RS (ms): Min: 0.0, Avg: 0.0, Max: 0.1, Diff: 0.1, Sum: 0.5]
      [Code Root Scanning (ms): Min: 0.0, Avg: 0.0, Max: 0.0, Diff: 0.0, Sum: 0.0]
      [Object Copy (ms): Min: 0.0, Avg: 1.3, Max: 5.2, Diff: 5.2, Sum: 18.0]
      [Termination (ms): Min: 0.0, Avg: 3.7, Max: 4.9, Diff: 4.9, Sum: 52.2]
         [Termination Attempts: Min: 1, Avg: 9.9, Max: 21, Diff: 20, Sum: 138]
      [GC Worker Other (ms): Min: 0.0, Avg: 0.0, Max: 0.0, Diff: 0.0, Sum: 0.1]
      [GC Worker Total (ms): Min: 5.5, Avg: 5.7, Max: 5.9, Diff: 0.3, Sum: 79.7]
      [GC Worker End (ms): Min: 445699960.7, Avg: 445699960.7, Max: 445699960.7, Diff: 0.1]
   [Code Root Fixup: 0.0 ms]
   [Code Root Purge: 0.0 ms]
   [Clear CT: 0.3 ms]
   [Other: 5.9 ms]
      [Choose CSet: 0.0 ms]
      [Ref Proc: 5.2 ms]
      [Ref Enq: 0.3 ms]
      [Redirty Cards: 0.2 ms]
      [Humongous Register: 0.0 ms]
      [Humongous Reclaim: 0.0 ms]
      [Free CSet: 0.2 ms]
   [Eden: 7152.0M(7152.0M)->0.0B(7152.0M) Survivors: 16384.0K->16384.0K Heap: 9972.8M(14336.0M)->2820.5M(14336.0M)]
 [Times: user=0.08 sys=0.00, real=0.01 secs] 
2022-11-10T22:28:49.745-0700: 446674.431: [GC pause (G1 Evacuation Pause) (young), 0.0099583 secs]
   [Parallel Time: 4.1 ms, GC Workers: 14]
      [GC Worker Start (ms): Min: 446674431.3, Avg: 446674431.5, Max: 446674431.7, Diff: 0.4]
      [Ext Root Scanning (ms): Min: 0.2, Avg: 0.7, Max: 3.9, Diff: 3.7, Sum: 9.2]
      [Update RS (ms): Min: 0.0, Avg: 0.1, Max: 0.3, Diff: 0.3, Sum: 1.4]
         [Processed Buffers: Min: 0, Avg: 11.3, Max: 34, Diff: 34, Sum: 158]
      [Scan RS (ms): Min: 0.0, Avg: 0.0, Max: 0.1, Diff: 0.1, Sum: 0.5]
      [Code Root Scanning (ms): Min: 0.0, Avg: 0.0, Max: 0.0, Diff: 0.0, Sum: 0.0]
      [Object Copy (ms): Min: 0.0, Avg: 0.3, Max: 0.3, Diff: 0.3, Sum: 3.6]
      [Termination (ms): Min: 0.0, Avg: 2.7, Max: 3.0, Diff: 3.0, Sum: 37.3]
         [Termination Attempts: Min: 1, Avg: 14.5, Max: 27, Diff: 26, Sum: 203]
      [GC Worker Other (ms): Min: 0.0, Avg: 0.0, Max: 0.0, Diff: 0.0, Sum: 0.1]
      [GC Worker Total (ms): Min: 3.5, Avg: 3.7, Max: 3.9, Diff: 0.4, Sum: 52.1]
      [GC Worker End (ms): Min: 446674435.1, Avg: 446674435.2, Max: 446674435.3, Diff: 0.1]
   [Code Root Fixup: 0.0 ms]
   [Code Root Purge: 0.0 ms]
   [Clear CT: 0.4 ms]
   [Other: 5.4 ms]
      [Choose CSet: 0.0 ms]
      [Ref Proc: 4.8 ms]
      [Ref Enq: 0.2 ms]
      [Redirty Cards: 0.2 ms]
      [Humongous Register: 0.0 ms]
      [Humongous Reclaim: 0.0 ms]
      [Free CSet: 0.1 ms]
   [Eden: 7152.0M(7152.0M)->0.0B(7152.0M) Survivors: 16384.0K->16384.0K Heap: 9972.5M(14336.0M)->2820.8M(14336.0M)]
 [Times: user=0.08 sys=0.00, real=0.01 secs] 
2022-11-10T22:45:12.896-0700: 447657.582: [GC pause (G1 Evacuation Pause) (young), 0.0098863 secs]
   [Parallel Time: 4.1 ms, GC Workers: 14]
      [GC Worker Start (ms): Min: 447657582.0, Avg: 447657582.1, Max: 447657582.3, Diff: 0.3]
      [Ext Root Scanning (ms): Min: 0.2, Avg: 0.6, Max: 3.7, Diff: 3.5, Sum: 8.5]
      [Update RS (ms): Min: 0.0, Avg: 0.1, Max: 0.3, Diff: 0.3, Sum: 1.3]
         [Processed Buffers: Min: 0, Avg: 11.4, Max: 33, Diff: 33, Sum: 160]
      [Scan RS (ms): Min: 0.0, Avg: 0.0, Max: 0.1, Diff: 0.1, Sum: 0.4]
      [Code Root Scanning (ms): Min: 0.0, Avg: 0.0, Max: 0.0, Diff: 0.0, Sum: 0.0]
      [Object Copy (ms): Min: 0.0, Avg: 0.2, Max: 0.3, Diff: 0.3, Sum: 2.6]
      [Termination (ms): Min: 0.0, Avg: 2.7, Max: 3.0, Diff: 3.0, Sum: 37.7]
         [Termination Attempts: Min: 1, Avg: 9.8, Max: 15, Diff: 14, Sum: 137]
      [GC Worker Other (ms): Min: 0.0, Avg: 0.0, Max: 0.0, Diff: 0.0, Sum: 0.1]
      [GC Worker Total (ms): Min: 3.4, Avg: 3.6, Max: 3.8, Diff: 0.4, Sum: 50.6]
      [GC Worker End (ms): Min: 447657585.7, Avg: 447657585.7, Max: 447657585.8, Diff: 0.1]
   [Code Root Fixup: 0.0 ms]
   [Code Root Purge: 0.0 ms]
   [Clear CT: 0.3 ms]
   [Other: 5.5 ms]
      [Choose CSet: 0.0 ms]
      [Ref Proc: 4.6 ms]
      [Ref Enq: 0.3 ms]
      [Redirty Cards: 0.2 ms]
      [Humongous Register: 0.0 ms]
      [Humongous Reclaim: 0.0 ms]
      [Free CSet: 0.1 ms]
   [Eden: 7152.0M(7152.0M)->0.0B(7152.0M) Survivors: 16384.0K->16384.0K Heap: 9972.8M(14336.0M)->2820.5M(14336.0M)]
 [Times: user=0.07 sys=0.00, real=0.01 secs] 
2022-11-10T23:01:30.195-0700: 448634.881: [GC pause (G1 Evacuation Pause) (young), 0.0098216 secs]
   [Parallel Time: 4.1 ms, GC Workers: 14]
      [GC Worker Start (ms): Min: 448634881.5, Avg: 448634881.7, Max: 448634881.9, Diff: 0.4]
      [Ext Root Scanning (ms): Min: 0.2, Avg: 0.6, Max: 3.7, Diff: 3.6, Sum: 8.9]
      [Update RS (ms): Min: 0.0, Avg: 0.1, Max: 0.3, Diff: 0.3, Sum: 1.3]
         [Processed Buffers: Min: 0, Avg: 10.3, Max: 29, Diff: 29, Sum: 144]
      [Scan RS (ms): Min: 0.0, Avg: 0.0, Max: 0.1, Diff: 0.0, Sum: 0.3]
      [Code Root Scanning (ms): Min: 0.0, Avg: 0.0, Max: 0.0, Diff: 0.0, Sum: 0.0]
      [Object Copy (ms): Min: 0.0, Avg: 0.3, Max: 0.3, Diff: 0.3, Sum: 3.5]
      [Termination (ms): Min: 0.0, Avg: 2.7, Max: 3.0, Diff: 3.0, Sum: 37.1]
         [Termination Attempts: Min: 1, Avg: 23.2, Max: 35, Diff: 34, Sum: 325]
      [GC Worker Other (ms): Min: 0.0, Avg: 0.0, Max: 0.0, Diff: 0.0, Sum: 0.1]
      [GC Worker Total (ms): Min: 3.4, Avg: 3.7, Max: 3.9, Diff: 0.5, Sum: 51.2]
      [GC Worker End (ms): Min: 448634885.2, Avg: 448634885.3, Max: 448634885.4, Diff: 0.2]
   [Code Root Fixup: 0.0 ms]
   [Code Root Purge: 0.0 ms]
   [Clear CT: 0.3 ms]
   [Other: 5.5 ms]
      [Choose CSet: 0.0 ms]
      [Ref Proc: 4.8 ms]
      [Ref Enq: 0.2 ms]
      [Redirty Cards: 0.2 ms]
      [Humongous Register: 0.0 ms]
      [Humongous Reclaim: 0.0 ms]
      [Free CSet: 0.1 ms]
   [Eden: 7152.0M(7152.0M)->0.0B(7152.0M) Survivors: 16384.0K->16384.0K Heap: 9972.5M(14336.0M)->2820.8M(14336.0M)]
 [Times: user=0.07 sys=0.00, real=0.01 secs] 
2022-11-10T23:17:45.246-0700: 449609.932: [GC pause (G1 Evacuation Pause) (young), 0.0082155 secs]
   [Parallel Time: 3.1 ms, GC Workers: 14]
      [GC Worker Start (ms): Min: 449609932.5, Avg: 449609932.6, Max: 449609932.8, Diff: 0.3]
      [Ext Root Scanning (ms): Min: 0.2, Avg: 0.6, Max: 2.6, Diff: 2.4, Sum: 7.8]
      [Update RS (ms): Min: 0.0, Avg: 0.1, Max: 0.3, Diff: 0.3, Sum: 1.5]
         [Processed Buffers: Min: 0, Avg: 11.1, Max: 36, Diff: 36, Sum: 155]
      [Scan RS (ms): Min: 0.0, Avg: 0.0, Max: 0.1, Diff: 0.1, Sum: 0.5]
      [Code Root Scanning (ms): Min: 0.0, Avg: 0.0, Max: 0.0, Diff: 0.0, Sum: 0.0]
      [Object Copy (ms): Min: 0.0, Avg: 0.4, Max: 0.5, Diff: 0.5, Sum: 5.2]
      [Termination (ms): Min: 0.0, Avg: 1.5, Max: 1.7, Diff: 1.7, Sum: 21.1]
         [Termination Attempts: Min: 1, Avg: 61.9, Max: 89, Diff: 88, Sum: 866]
      [GC Worker Other (ms): Min: 0.0, Avg: 0.0, Max: 0.0, Diff: 0.0, Sum: 0.1]
      [GC Worker Total (ms): Min: 2.4, Avg: 2.6, Max: 2.7, Diff: 0.4, Sum: 36.3]
      [GC Worker End (ms): Min: 449609935.1, Avg: 449609935.2, Max: 449609935.3, Diff: 0.1]
   [Code Root Fixup: 0.0 ms]
   [Code Root Purge: 0.0 ms]
   [Clear CT: 0.4 ms]
   [Other: 4.7 ms]
      [Choose CSet: 0.0 ms]
      [Ref Proc: 4.1 ms]
      [Ref Enq: 0.2 ms]
      [Redirty Cards: 0.2 ms]
      [Humongous Register: 0.0 ms]
      [Humongous Reclaim: 0.0 ms]
      [Free CSet: 0.1 ms]
   [Eden: 7152.0M(7152.0M)->0.0B(7152.0M) Survivors: 16384.0K->16384.0K Heap: 9972.8M(14336.0M)->2820.7M(14336.0M)]
 [Times: user=0.05 sys=0.00, real=0.01 secs] 
2022-11-10T23:33:56.995-0700: 450581.681: [GC pause (G1 Evacuation Pause) (young), 0.0084597 secs]
   [Parallel Time: 3.9 ms, GC Workers: 14]
      [GC Worker Start (ms): Min: 450581681.3, Avg: 450581681.4, Max: 450581681.5, Diff: 0.2]
      [Ext Root Scanning (ms): Min: 0.3, Avg: 0.6, Max: 3.7, Diff: 3.5, Sum: 8.9]
      [Update RS (ms): Min: 0.0, Avg: 0.1, Max: 0.3, Diff: 0.3, Sum: 1.3]
         [Processed Buffers: Min: 0, Avg: 11.2, Max: 29, Diff: 29, Sum: 157]
      [Scan RS (ms): Min: 0.0, Avg: 0.0, Max: 0.0, Diff: 0.0, Sum: 0.4]
      [Code Root Scanning (ms): Min: 0.0, Avg: 0.0, Max: 0.0, Diff: 0.0, Sum: 0.0]
      [Object Copy (ms): Min: 0.0, Avg: 0.3, Max: 0.3, Diff: 0.3, Sum: 3.6]
      [Termination (ms): Min: 0.0, Avg: 2.6, Max: 2.9, Diff: 2.9, Sum: 36.8]
         [Termination Attempts: Min: 1, Avg: 32.1, Max: 47, Diff: 46, Sum: 449]
      [GC Worker Other (ms): Min: 0.0, Avg: 0.0, Max: 0.0, Diff: 0.0, Sum: 0.1]
      [GC Worker Total (ms): Min: 3.5, Avg: 3.7, Max: 3.8, Diff: 0.2, Sum: 51.1]
      [GC Worker End (ms): Min: 450581685.0, Avg: 450581685.1, Max: 450581685.1, Diff: 0.1]
   [Code Root Fixup: 0.0 ms]
   [Code Root Purge: 0.0 ms]
   [Clear CT: 0.3 ms]
   [Other: 4.2 ms]
      [Choose CSet: 0.0 ms]
      [Ref Proc: 3.6 ms]
      [Ref Enq: 0.2 ms]
      [Redirty Cards: 0.2 ms]
      [Humongous Register: 0.0 ms]
      [Humongous Reclaim: 0.0 ms]
      [Free CSet: 0.1 ms]
   [Eden: 7152.0M(7152.0M)->0.0B(7152.0M) Survivors: 16384.0K->16384.0K Heap: 9972.7M(14336.0M)->2820.9M(14336.0M)]
 [Times: user=0.07 sys=0.00, real=0.01 secs] 
2022-11-10T23:50:14.294-0700: 451558.980: [GC pause (G1 Evacuation Pause) (young), 0.0566562 secs]
   [Parallel Time: 4.7 ms, GC Workers: 14]
      [GC Worker Start (ms): Min: 451558979.8, Avg: 451558980.0, Max: 451558980.1, Diff: 0.3]
      [Ext Root Scanning (ms): Min: 0.2, Avg: 0.7, Max: 3.9, Diff: 3.7, Sum: 9.3]
      [Update RS (ms): Min: 0.0, Avg: 0.1, Max: 0.3, Diff: 0.3, Sum: 1.4]
         [Processed Buffers: Min: 0, Avg: 10.9, Max: 35, Diff: 35, Sum: 153]
      [Scan RS (ms): Min: 0.0, Avg: 0.0, Max: 0.1, Diff: 0.1, Sum: 0.5]
      [Code Root Scanning (ms): Min: 0.0, Avg: 0.0, Max: 0.0, Diff: 0.0, Sum: 0.0]
      [Object Copy (ms): Min: 0.0, Avg: 0.3, Max: 0.4, Diff: 0.4, Sum: 4.2]
      [Termination (ms): Min: 0.0, Avg: 2.7, Max: 3.0, Diff: 3.0, Sum: 37.5]
         [Termination Attempts: Min: 1, Avg: 37.9, Max: 53, Diff: 52, Sum: 530]
      [GC Worker Other (ms): Min: 0.0, Avg: 0.0, Max: 0.0, Diff: 0.0, Sum: 0.1]
      [GC Worker Total (ms): Min: 3.6, Avg: 3.8, Max: 4.0, Diff: 0.3, Sum: 53.0]
      [GC Worker End (ms): Min: 451558983.7, Avg: 451558983.8, Max: 451558983.8, Diff: 0.1]
   [Code Root Fixup: 0.0 ms]
   [Code Root Purge: 0.0 ms]
   [Clear CT: 0.3 ms]
   [Other: 51.6 ms]
      [Choose CSet: 0.0 ms]
      [Ref Proc: 50.7 ms]
      [Ref Enq: 0.5 ms]
      [Redirty Cards: 0.3 ms]
      [Humongous Register: 0.0 ms]
      [Humongous Reclaim: 0.0 ms]
      [Free CSet: 0.1 ms]
   [Eden: 7152.0M(7152.0M)->0.0B(7152.0M) Survivors: 16384.0K->16384.0K Heap: 9972.9M(14336.0M)->2820.5M(14336.0M)]
 [Times: user=0.45 sys=0.00, real=0.06 secs] 
2022-11-11T00:06:26.395-0700: 452531.081: [GC pause (G1 Evacuation Pause) (young), 0.0135200 secs]
   [Parallel Time: 7.6 ms, GC Workers: 14]
      [GC Worker Start (ms): Min: 452531081.6, Avg: 452531081.7, Max: 452531081.9, Diff: 0.3]
      [Ext Root Scanning (ms): Min: 0.2, Avg: 0.6, Max: 2.8, Diff: 2.6, Sum: 8.0]
      [Update RS (ms): Min: 0.0, Avg: 0.1, Max: 0.3, Diff: 0.3, Sum: 1.6]
         [Processed Buffers: Min: 0, Avg: 11.7, Max: 25, Diff: 25, Sum: 164]
      [Scan RS (ms): Min: 0.0, Avg: 0.0, Max: 0.1, Diff: 0.1, Sum: 0.5]
      [Code Root Scanning (ms): Min: 0.0, Avg: 0.0, Max: 0.0, Diff: 0.0, Sum: 0.0]
      [Object Copy (ms): Min: 0.0, Avg: 1.5, Max: 6.4, Diff: 6.4, Sum: 20.9]
      [Termination (ms): Min: 0.0, Avg: 4.7, Max: 6.2, Diff: 6.2, Sum: 66.3]
         [Termination Attempts: Min: 1, Avg: 1.1, Max: 2, Diff: 1, Sum: 16]
      [GC Worker Other (ms): Min: 0.0, Avg: 0.0, Max: 0.0, Diff: 0.0, Sum: 0.1]
      [GC Worker Total (ms): Min: 6.8, Avg: 7.0, Max: 7.2, Diff: 0.4, Sum: 97.4]
      [GC Worker End (ms): Min: 452531088.6, Avg: 452531088.7, Max: 452531088.8, Diff: 0.1]
   [Code Root Fixup: 0.0 ms]
   [Code Root Purge: 0.0 ms]
   [Clear CT: 0.3 ms]
   [Other: 5.6 ms]
      [Choose CSet: 0.0 ms]
      [Ref Proc: 5.0 ms]
      [Ref Enq: 0.3 ms]
      [Redirty Cards: 0.2 ms]
      [Humongous Register: 0.0 ms]
      [Humongous Reclaim: 0.0 ms]
      [Free CSet: 0.1 ms]
   [Eden: 7152.0M(7152.0M)->0.0B(7152.0M) Survivors: 16384.0K->16384.0K Heap: 9972.5M(14336.0M)->2821.0M(14336.0M)]
 [Times: user=0.10 sys=0.00, real=0.01 secs] 
2022-11-11T00:22:40.095-0700: 453504.781: [GC pause (G1 Evacuation Pause) (young), 0.0085505 secs]
   [Parallel Time: 2.7 ms, GC Workers: 14]
      [GC Worker Start (ms): Min: 453504781.1, Avg: 453504781.2, Max: 453504781.4, Diff: 0.3]
      [Ext Root Scanning (ms): Min: 0.2, Avg: 0.6, Max: 2.6, Diff: 2.4, Sum: 8.1]
      [Update RS (ms): Min: 0.0, Avg: 0.1, Max: 0.3, Diff: 0.3, Sum: 1.7]
         [Processed Buffers: Min: 0, Avg: 10.4, Max: 39, Diff: 39, Sum: 145]
      [Scan RS (ms): Min: 0.0, Avg: 0.0, Max: 0.1, Diff: 0.1, Sum: 0.4]
      [Code Root Scanning (ms): Min: 0.0, Avg: 0.0, Max: 0.0, Diff: 0.0, Sum: 0.0]
      [Object Copy (ms): Min: 0.0, Avg: 0.3, Max: 0.3, Diff: 0.3, Sum: 3.8]
      [Termination (ms): Min: 0.0, Avg: 1.5, Max: 1.7, Diff: 1.7, Sum: 21.0]
         [Termination Attempts: Min: 1, Avg: 24.6, Max: 38, Diff: 37, Sum: 344]
      [GC Worker Other (ms): Min: 0.0, Avg: 0.0, Max: 0.0, Diff: 0.0, Sum: 0.1]
      [GC Worker Total (ms): Min: 2.3, Avg: 2.5, Max: 2.6, Diff: 0.3, Sum: 34.9]
      [GC Worker End (ms): Min: 453504783.7, Avg: 453504783.7, Max: 453504783.8, Diff: 0.1]
   [Code Root Fixup: 0.0 ms]
   [Code Root Purge: 0.0 ms]
   [Clear CT: 0.3 ms]
   [Other: 5.5 ms]
      [Choose CSet: 0.0 ms]
      [Ref Proc: 4.8 ms]
      [Ref Enq: 0.2 ms]
      [Redirty Cards: 0.2 ms]
      [Humongous Register: 0.0 ms]
      [Humongous Reclaim: 0.0 ms]
      [Free CSet: 0.1 ms]
   [Eden: 7152.0M(7152.0M)->0.0B(7152.0M) Survivors: 16384.0K->16384.0K Heap: 9973.0M(14336.0M)->2820.6M(14336.0M)]
 [Times: user=0.06 sys=0.00, real=0.01 secs] 
2022-11-11T00:38:55.545-0700: 454480.231: [GC pause (G1 Evacuation Pause) (young), 0.0093687 secs]
   [Parallel Time: 4.3 ms, GC Workers: 14]
      [GC Worker Start (ms): Min: 454480231.4, Avg: 454480231.6, Max: 454480231.7, Diff: 0.3]
      [Ext Root Scanning (ms): Min: 0.2, Avg: 0.6, Max: 3.7, Diff: 3.4, Sum: 8.6]
      [Update RS (ms): Min: 0.0, Avg: 0.1, Max: 0.2, Diff: 0.2, Sum: 1.3]
         [Processed Buffers: Min: 0, Avg: 10.8, Max: 26, Diff: 26, Sum: 151]
      [Scan RS (ms): Min: 0.0, Avg: 0.0, Max: 0.0, Diff: 0.0, Sum: 0.4]
      [Code Root Scanning (ms): Min: 0.0, Avg: 0.0, Max: 0.0, Diff: 0.0, Sum: 0.0]
      [Object Copy (ms): Min: 0.0, Avg: 0.3, Max: 0.4, Diff: 0.4, Sum: 3.9]
      [Termination (ms): Min: 0.0, Avg: 2.6, Max: 2.9, Diff: 2.9, Sum: 35.8]
         [Termination Attempts: Min: 1, Avg: 29.4, Max: 38, Diff: 37, Sum: 412]
      [GC Worker Other (ms): Min: 0.0, Avg: 0.0, Max: 0.0, Diff: 0.0, Sum: 0.1]
      [GC Worker Total (ms): Min: 3.4, Avg: 3.6, Max: 3.8, Diff: 0.3, Sum: 50.2]
      [GC Worker End (ms): Min: 454480235.1, Avg: 454480235.2, Max: 454480235.3, Diff: 0.2]
   [Code Root Fixup: 0.0 ms]
   [Code Root Purge: 0.0 ms]
   [Clear CT: 0.2 ms]
   [Other: 4.9 ms]
      [Choose CSet: 0.0 ms]
      [Ref Proc: 4.2 ms]
      [Ref Enq: 0.3 ms]
      [Redirty Cards: 0.2 ms]
      [Humongous Register: 0.0 ms]
      [Humongous Reclaim: 0.0 ms]
      [Free CSet: 0.1 ms]
   [Eden: 7152.0M(7152.0M)->0.0B(7152.0M) Survivors: 16384.0K->16384.0K Heap: 9972.6M(14336.0M)->2821.0M(14336.0M)]
 [Times: user=0.07 sys=0.00, real=0.01 secs] 
2022-11-11T00:55:21.646-0700: 455466.332: [GC pause (G1 Evacuation Pause) (young), 0.0106074 secs]
   [Parallel Time: 4.4 ms, GC Workers: 14]
      [GC Worker Start (ms): Min: 455466332.4, Avg: 455466332.6, Max: 455466332.8, Diff: 0.3]
      [Ext Root Scanning (ms): Min: 0.2, Avg: 0.6, Max: 4.0, Diff: 3.8, Sum: 9.0]
      [Update RS (ms): Min: 0.0, Avg: 0.1, Max: 0.3, Diff: 0.3, Sum: 1.4]
         [Processed Buffers: Min: 0, Avg: 10.6, Max: 27, Diff: 27, Sum: 149]
      [Scan RS (ms): Min: 0.0, Avg: 0.0, Max: 0.1, Diff: 0.0, Sum: 0.4]
      [Code Root Scanning (ms): Min: 0.0, Avg: 0.0, Max: 0.0, Diff: 0.0, Sum: 0.0]
      [Object Copy (ms): Min: 0.0, Avg: 0.3, Max: 0.3, Diff: 0.3, Sum: 3.7]
      [Termination (ms): Min: 0.0, Avg: 2.8, Max: 3.1, Diff: 3.1, Sum: 39.5]
         [Termination Attempts: Min: 1, Avg: 13.4, Max: 22, Diff: 21, Sum: 188]
      [GC Worker Other (ms): Min: 0.0, Avg: 0.0, Max: 0.0, Diff: 0.0, Sum: 0.1]
      [GC Worker Total (ms): Min: 3.7, Avg: 3.9, Max: 4.0, Diff: 0.3, Sum: 54.2]
      [GC Worker End (ms): Min: 455466336.4, Avg: 455466336.5, Max: 455466336.5, Diff: 0.1]
   [Code Root Fixup: 0.0 ms]
   [Code Root Purge: 0.0 ms]
   [Clear CT: 0.4 ms]
   [Other: 5.8 ms]
      [Choose CSet: 0.0 ms]
      [Ref Proc: 5.2 ms]
      [Ref Enq: 0.2 ms]
      [Redirty Cards: 0.2 ms]
      [Humongous Register: 0.0 ms]
      [Humongous Reclaim: 0.0 ms]
      [Free CSet: 0.1 ms]
   [Eden: 7152.0M(7152.0M)->0.0B(7152.0M) Survivors: 16384.0K->16384.0K Heap: 9973.0M(14336.0M)->2820.7M(14336.0M)]
 [Times: user=0.08 sys=0.00, real=0.01 secs] 
2022-11-11T01:11:31.346-0700: 456436.032: [GC pause (G1 Evacuation Pause) (young), 0.0158722 secs]
   [Parallel Time: 9.2 ms, GC Workers: 14]
      [GC Worker Start (ms): Min: 456436032.0, Avg: 456436032.2, Max: 456436032.4, Diff: 0.4]
      [Ext Root Scanning (ms): Min: 0.2, Avg: 0.7, Max: 3.8, Diff: 3.6, Sum: 9.2]
      [Update RS (ms): Min: 0.0, Avg: 0.1, Max: 0.3, Diff: 0.3, Sum: 1.4]
         [Processed Buffers: Min: 0, Avg: 11.6, Max: 34, Diff: 34, Sum: 162]
      [Scan RS (ms): Min: 0.0, Avg: 0.0, Max: 0.0, Diff: 0.0, Sum: 0.4]
      [Code Root Scanning (ms): Min: 0.0, Avg: 0.0, Max: 0.0, Diff: 0.0, Sum: 0.0]
      [Object Copy (ms): Min: 0.0, Avg: 0.8, Max: 8.0, Diff: 8.0, Sum: 11.8]
      [Termination (ms): Min: 0.0, Avg: 6.9, Max: 7.8, Diff: 7.8, Sum: 97.0]
         [Termination Attempts: Min: 1, Avg: 30.2, Max: 62, Diff: 61, Sum: 423]
      [GC Worker Other (ms): Min: 0.0, Avg: 0.0, Max: 0.0, Diff: 0.0, Sum: 0.1]
      [GC Worker Total (ms): Min: 8.4, Avg: 8.6, Max: 8.8, Diff: 0.4, Sum: 119.8]
      [GC Worker End (ms): Min: 456436040.7, Avg: 456436040.8, Max: 456436040.9, Diff: 0.2]
   [Code Root Fixup: 0.0 ms]
   [Code Root Purge: 0.0 ms]
   [Clear CT: 0.3 ms]
   [Other: 6.3 ms]
      [Choose CSet: 0.0 ms]
      [Ref Proc: 5.6 ms]
      [Ref Enq: 0.2 ms]
      [Redirty Cards: 0.2 ms]
      [Humongous Register: 0.0 ms]
      [Humongous Reclaim: 0.0 ms]
      [Free CSet: 0.2 ms]
   [Eden: 7152.0M(7152.0M)->0.0B(7152.0M) Survivors: 16384.0K->16384.0K Heap: 9972.7M(14336.0M)->2821.0M(14336.0M)]
 [Times: user=0.13 sys=0.00, real=0.01 secs] 
2022-11-11T01:27:46.611-0700: 457411.297: [GC pause (G1 Evacuation Pause) (young), 0.0102510 secs]
   [Parallel Time: 4.3 ms, GC Workers: 14]
      [GC Worker Start (ms): Min: 457411297.6, Avg: 457411297.7, Max: 457411297.9, Diff: 0.3]
      [Ext Root Scanning (ms): Min: 0.2, Avg: 0.6, Max: 3.8, Diff: 3.6, Sum: 8.7]
      [Update RS (ms): Min: 0.0, Avg: 0.1, Max: 0.3, Diff: 0.3, Sum: 1.3]
         [Processed Buffers: Min: 0, Avg: 10.9, Max: 40, Diff: 40, Sum: 153]
      [Scan RS (ms): Min: 0.0, Avg: 0.0, Max: 0.1, Diff: 0.1, Sum: 0.5]
      [Code Root Scanning (ms): Min: 0.0, Avg: 0.0, Max: 0.0, Diff: 0.0, Sum: 0.0]
      [Object Copy (ms): Min: 0.0, Avg: 0.3, Max: 0.3, Diff: 0.3, Sum: 3.7]
      [Termination (ms): Min: 0.0, Avg: 2.7, Max: 3.0, Diff: 3.0, Sum: 37.8]
         [Termination Attempts: Min: 1, Avg: 17.4, Max: 32, Diff: 31, Sum: 243]
      [GC Worker Other (ms): Min: 0.0, Avg: 0.0, Max: 0.0, Diff: 0.0, Sum: 0.1]
      [GC Worker Total (ms): Min: 3.5, Avg: 3.7, Max: 3.9, Diff: 0.4, Sum: 52.0]
      [GC Worker End (ms): Min: 457411301.4, Avg: 457411301.4, Max: 457411301.5, Diff: 0.1]
   [Code Root Fixup: 0.0 ms]
   [Code Root Purge: 0.0 ms]
   [Clear CT: 0.4 ms]
   [Other: 5.6 ms]
      [Choose CSet: 0.0 ms]
      [Ref Proc: 4.9 ms]
      [Ref Enq: 0.3 ms]
      [Redirty Cards: 0.2 ms]
      [Humongous Register: 0.0 ms]
      [Humongous Reclaim: 0.0 ms]
      [Free CSet: 0.1 ms]
   [Eden: 7152.0M(7152.0M)->0.0B(7152.0M) Survivors: 16384.0K->16384.0K Heap: 9973.0M(14336.0M)->2820.7M(14336.0M)]
 [Times: user=0.07 sys=0.00, real=0.01 secs] 
2022-11-11T01:44:00.946-0700: 458385.632: [GC pause (G1 Evacuation Pause) (young), 0.0102958 secs]
   [Parallel Time: 4.3 ms, GC Workers: 14]
      [GC Worker Start (ms): Min: 458385631.9, Avg: 458385632.1, Max: 458385632.2, Diff: 0.3]
      [Ext Root Scanning (ms): Min: 0.2, Avg: 0.7, Max: 3.8, Diff: 3.6, Sum: 9.1]
      [Update RS (ms): Min: 0.0, Avg: 0.1, Max: 0.3, Diff: 0.3, Sum: 1.5]
         [Processed Buffers: Min: 0, Avg: 11.7, Max: 36, Diff: 36, Sum: 164]
      [Scan RS (ms): Min: 0.0, Avg: 0.0, Max: 0.0, Diff: 0.0, Sum: 0.4]
      [Code Root Scanning (ms): Min: 0.0, Avg: 0.0, Max: 0.0, Diff: 0.0, Sum: 0.0]
      [Object Copy (ms): Min: 0.0, Avg: 0.3, Max: 0.4, Diff: 0.4, Sum: 4.2]
      [Termination (ms): Min: 0.0, Avg: 2.6, Max: 2.9, Diff: 2.9, Sum: 36.3]
         [Termination Attempts: Min: 1, Avg: 30.6, Max: 48, Diff: 47, Sum: 428]
      [GC Worker Other (ms): Min: 0.0, Avg: 0.0, Max: 0.0, Diff: 0.0, Sum: 0.1]
      [GC Worker Total (ms): Min: 3.6, Avg: 3.7, Max: 3.8, Diff: 0.3, Sum: 51.6]
      [GC Worker End (ms): Min: 458385635.7, Avg: 458385635.7, Max: 458385635.8, Diff: 0.1]
   [Code Root Fixup: 0.0 ms]
   [Code Root Purge: 0.0 ms]
   [Clear CT: 0.2 ms]
   [Other: 5.7 ms]
      [Choose CSet: 0.0 ms]
      [Ref Proc: 5.0 ms]
      [Ref Enq: 0.3 ms]
      [Redirty Cards: 0.2 ms]
      [Humongous Register: 0.0 ms]
      [Humongous Reclaim: 0.0 ms]
      [Free CSet: 0.2 ms]
   [Eden: 7152.0M(7152.0M)->0.0B(7152.0M) Survivors: 16384.0K->16384.0K Heap: 9972.7M(14336.0M)->2820.9M(14336.0M)]
 [Times: user=0.07 sys=0.00, real=0.01 secs] 
2022-11-11T02:00:15.046-0700: 459359.732: [GC pause (G1 Evacuation Pause) (young), 0.0108755 secs]
   [Parallel Time: 4.3 ms, GC Workers: 14]
      [GC Worker Start (ms): Min: 459359732.0, Avg: 459359732.2, Max: 459359732.3, Diff: 0.3]
      [Ext Root Scanning (ms): Min: 0.2, Avg: 0.6, Max: 3.7, Diff: 3.5, Sum: 8.7]
      [Update RS (ms): Min: 0.0, Avg: 0.1, Max: 0.3, Diff: 0.3, Sum: 1.3]
         [Processed Buffers: Min: 0, Avg: 10.9, Max: 45, Diff: 45, Sum: 152]
      [Scan RS (ms): Min: 0.0, Avg: 0.0, Max: 0.1, Diff: 0.1, Sum: 0.4]
      [Code Root Scanning (ms): Min: 0.0, Avg: 0.0, Max: 0.0, Diff: 0.0, Sum: 0.0]
      [Object Copy (ms): Min: 0.0, Avg: 0.3, Max: 0.3, Diff: 0.3, Sum: 3.9]
      [Termination (ms): Min: 0.0, Avg: 2.6, Max: 2.8, Diff: 2.8, Sum: 36.4]
         [Termination Attempts: Min: 1, Avg: 14.6, Max: 23, Diff: 22, Sum: 204]
      [GC Worker Other (ms): Min: 0.0, Avg: 0.0, Max: 0.0, Diff: 0.0, Sum: 0.1]
      [GC Worker Total (ms): Min: 3.5, Avg: 3.6, Max: 3.7, Diff: 0.3, Sum: 50.8]
      [GC Worker End (ms): Min: 459359735.7, Avg: 459359735.8, Max: 459359735.8, Diff: 0.1]
   [Code Root Fixup: 0.0 ms]
   [Code Root Purge: 0.0 ms]
   [Clear CT: 0.4 ms]
   [Other: 6.2 ms]
      [Choose CSet: 0.0 ms]
      [Ref Proc: 5.5 ms]
      [Ref Enq: 0.2 ms]
      [Redirty Cards: 0.2 ms]
      [Humongous Register: 0.0 ms]
      [Humongous Reclaim: 0.0 ms]
      [Free CSet: 0.2 ms]
   [Eden: 7152.0M(7152.0M)->0.0B(7152.0M) Survivors: 16384.0K->16384.0K Heap: 9972.9M(14336.0M)->2820.8M(14336.0M)]
 [Times: user=0.08 sys=0.00, real=0.01 secs] 
2022-11-11T02:16:34.277-0700: 460338.963: [GC pause (G1 Evacuation Pause) (young), 0.0100419 secs]
   [Parallel Time: 4.2 ms, GC Workers: 14]
      [GC Worker Start (ms): Min: 460338962.9, Avg: 460338963.1, Max: 460338963.2, Diff: 0.3]
      [Ext Root Scanning (ms): Min: 0.2, Avg: 0.6, Max: 3.7, Diff: 3.5, Sum: 8.6]
      [Update RS (ms): Min: 0.0, Avg: 0.1, Max: 0.2, Diff: 0.2, Sum: 1.2]
         [Processed Buffers: Min: 0, Avg: 10.6, Max: 33, Diff: 33, Sum: 148]
      [Scan RS (ms): Min: 0.0, Avg: 0.0, Max: 0.1, Diff: 0.0, Sum: 0.4]
      [Code Root Scanning (ms): Min: 0.0, Avg: 0.0, Max: 0.0, Diff: 0.0, Sum: 0.0]
      [Object Copy (ms): Min: 0.0, Avg: 0.3, Max: 0.4, Diff: 0.4, Sum: 4.0]
      [Termination (ms): Min: 0.0, Avg: 2.6, Max: 2.9, Diff: 2.9, Sum: 35.9]
         [Termination Attempts: Min: 1, Avg: 23.4, Max: 39, Diff: 38, Sum: 328]
      [GC Worker Other (ms): Min: 0.0, Avg: 0.0, Max: 0.0, Diff: 0.0, Sum: 0.1]
      [GC Worker Total (ms): Min: 3.5, Avg: 3.6, Max: 3.8, Diff: 0.3, Sum: 50.3]
      [GC Worker End (ms): Min: 460338966.7, Avg: 460338966.7, Max: 460338966.8, Diff: 0.1]
   [Code Root Fixup: 0.0 ms]
   [Code Root Purge: 0.0 ms]
   [Clear CT: 0.3 ms]
   [Other: 5.5 ms]
      [Choose CSet: 0.0 ms]
      [Ref Proc: 4.9 ms]
      [Ref Enq: 0.2 ms]
      [Redirty Cards: 0.2 ms]
      [Humongous Register: 0.0 ms]
      [Humongous Reclaim: 0.0 ms]
      [Free CSet: 0.1 ms]
   [Eden: 7152.0M(7152.0M)->0.0B(7152.0M) Survivors: 16384.0K->16384.0K Heap: 9972.8M(14336.0M)->2821.1M(14336.0M)]
 [Times: user=0.07 sys=0.00, real=0.01 secs] 
2022-11-11T02:32:43.745-0700: 461308.431: [GC pause (G1 Evacuation Pause) (young), 0.0115457 secs]
   [Parallel Time: 4.4 ms, GC Workers: 14]
      [GC Worker Start (ms): Min: 461308431.5, Avg: 461308431.6, Max: 461308431.8, Diff: 0.4]
      [Ext Root Scanning (ms): Min: 0.2, Avg: 0.6, Max: 3.8, Diff: 3.6, Sum: 8.9]
      [Update RS (ms): Min: 0.0, Avg: 0.1, Max: 0.2, Diff: 0.2, Sum: 1.3]
         [Processed Buffers: Min: 0, Avg: 11.0, Max: 32, Diff: 32, Sum: 154]
      [Scan RS (ms): Min: 0.0, Avg: 0.0, Max: 0.1, Diff: 0.0, Sum: 0.5]
      [Code Root Scanning (ms): Min: 0.0, Avg: 0.0, Max: 0.0, Diff: 0.0, Sum: 0.0]
      [Object Copy (ms): Min: 0.0, Avg: 0.3, Max: 0.4, Diff: 0.4, Sum: 3.9]
      [Termination (ms): Min: 0.0, Avg: 2.6, Max: 2.9, Diff: 2.9, Sum: 36.7]
         [Termination Attempts: Min: 1, Avg: 23.3, Max: 37, Diff: 36, Sum: 326]
      [GC Worker Other (ms): Min: 0.0, Avg: 0.0, Max: 0.0, Diff: 0.0, Sum: 0.1]
      [GC Worker Total (ms): Min: 3.5, Avg: 3.7, Max: 3.8, Diff: 0.3, Sum: 51.3]
      [GC Worker End (ms): Min: 461308435.3, Avg: 461308435.3, Max: 461308435.4, Diff: 0.1]
   [Code Root Fixup: 0.0 ms]
   [Code Root Purge: 0.0 ms]
   [Clear CT: 0.2 ms]
   [Other: 6.9 ms]
      [Choose CSet: 0.0 ms]
      [Ref Proc: 6.1 ms]
      [Ref Enq: 0.3 ms]
      [Redirty Cards: 0.2 ms]
      [Humongous Register: 0.0 ms]
      [Humongous Reclaim: 0.0 ms]
      [Free CSet: 0.2 ms]
   [Eden: 7152.0M(7152.0M)->0.0B(7152.0M) Survivors: 16384.0K->16384.0K Heap: 9973.1M(14336.0M)->2820.8M(14336.0M)]
 [Times: user=0.07 sys=0.00, real=0.01 secs] 
2022-11-11T02:48:54.845-0700: 462279.531: [GC pause (G1 Evacuation Pause) (young), 0.0116704 secs]
   [Parallel Time: 3.9 ms, GC Workers: 14]
      [GC Worker Start (ms): Min: 462279531.2, Avg: 462279531.4, Max: 462279531.6, Diff: 0.4]
      [Ext Root Scanning (ms): Min: 0.1, Avg: 0.6, Max: 3.7, Diff: 3.6, Sum: 8.4]
      [Update RS (ms): Min: 0.0, Avg: 0.1, Max: 0.2, Diff: 0.2, Sum: 1.3]
         [Processed Buffers: Min: 0, Avg: 10.8, Max: 33, Diff: 33, Sum: 151]
      [Scan RS (ms): Min: 0.0, Avg: 0.0, Max: 0.1, Diff: 0.1, Sum: 0.5]
      [Code Root Scanning (ms): Min: 0.0, Avg: 0.0, Max: 0.0, Diff: 0.0, Sum: 0.0]
      [Object Copy (ms): Min: 0.0, Avg: 0.3, Max: 0.4, Diff: 0.4, Sum: 3.9]
      [Termination (ms): Min: 0.0, Avg: 2.6, Max: 2.9, Diff: 2.9, Sum: 36.8]
         [Termination Attempts: Min: 1, Avg: 34.6, Max: 48, Diff: 47, Sum: 485]
      [GC Worker Other (ms): Min: 0.0, Avg: 0.0, Max: 0.0, Diff: 0.0, Sum: 0.1]
      [GC Worker Total (ms): Min: 3.4, Avg: 3.6, Max: 3.8, Diff: 0.4, Sum: 50.9]
      [GC Worker End (ms): Min: 462279535.0, Avg: 462279535.0, Max: 462279535.1, Diff: 0.1]
   [Code Root Fixup: 0.0 ms]
   [Code Root Purge: 0.0 ms]
   [Clear CT: 0.2 ms]
   [Other: 7.5 ms]
      [Choose CSet: 0.0 ms]
      [Ref Proc: 6.8 ms]
      [Ref Enq: 0.3 ms]
      [Redirty Cards: 0.2 ms]
      [Humongous Register: 0.0 ms]
      [Humongous Reclaim: 0.0 ms]
      [Free CSet: 0.2 ms]
   [Eden: 7152.0M(7152.0M)->0.0B(7152.0M) Survivors: 16384.0K->16384.0K Heap: 9972.8M(14336.0M)->2820.7M(14336.0M)]
 [Times: user=0.08 sys=0.00, real=0.01 secs] 
2022-11-11T03:05:18.645-0700: 463263.331: [GC pause (G1 Evacuation Pause) (young), 0.0116432 secs]
   [Parallel Time: 4.3 ms, GC Workers: 14]
      [GC Worker Start (ms): Min: 463263331.4, Avg: 463263331.6, Max: 463263331.7, Diff: 0.4]
      [Ext Root Scanning (ms): Min: 0.2, Avg: 0.6, Max: 3.7, Diff: 3.5, Sum: 8.4]
      [Update RS (ms): Min: 0.0, Avg: 0.1, Max: 0.3, Diff: 0.3, Sum: 1.3]
         [Processed Buffers: Min: 0, Avg: 11.1, Max: 35, Diff: 35, Sum: 155]
      [Scan RS (ms): Min: 0.0, Avg: 0.0, Max: 0.1, Diff: 0.0, Sum: 0.4]
      [Code Root Scanning (ms): Min: 0.0, Avg: 0.0, Max: 0.0, Diff: 0.0, Sum: 0.0]
      [Object Copy (ms): Min: 0.0, Avg: 0.3, Max: 0.4, Diff: 0.4, Sum: 4.2]
      [Termination (ms): Min: 0.0, Avg: 2.5, Max: 2.9, Diff: 2.9, Sum: 35.7]
         [Termination Attempts: Min: 1, Avg: 21.6, Max: 33, Diff: 32, Sum: 303]
      [GC Worker Other (ms): Min: 0.0, Avg: 0.0, Max: 0.0, Diff: 0.0, Sum: 0.1]
      [GC Worker Total (ms): Min: 3.4, Avg: 3.6, Max: 3.8, Diff: 0.4, Sum: 50.1]
      [GC Worker End (ms): Min: 463263335.1, Avg: 463263335.1, Max: 463263335.3, Diff: 0.1]
   [Code Root Fixup: 0.0 ms]
   [Code Root Purge: 0.0 ms]
   [Clear CT: 0.4 ms]
   [Other: 6.9 ms]
      [Choose CSet: 0.0 ms]
      [Ref Proc: 5.7 ms]
      [Ref Enq: 0.3 ms]
      [Redirty Cards: 0.6 ms]
      [Humongous Register: 0.0 ms]
      [Humongous Reclaim: 0.0 ms]
      [Free CSet: 0.2 ms]
   [Eden: 7152.0M(7152.0M)->0.0B(7152.0M) Survivors: 16384.0K->16384.0K Heap: 9972.7M(14336.0M)->2821.0M(14336.0M)]
 [Times: user=0.07 sys=0.00, real=0.01 secs] 
2022-11-11T03:21:42.195-0700: 464246.881: [GC pause (G1 Evacuation Pause) (young), 0.0100333 secs]
   [Parallel Time: 4.2 ms, GC Workers: 14]
      [GC Worker Start (ms): Min: 464246881.3, Avg: 464246881.4, Max: 464246881.6, Diff: 0.3]
      [Ext Root Scanning (ms): Min: 0.2, Avg: 0.6, Max: 3.7, Diff: 3.5, Sum: 9.0]
      [Update RS (ms): Min: 0.0, Avg: 0.1, Max: 0.3, Diff: 0.3, Sum: 1.4]
         [Processed Buffers: Min: 0, Avg: 10.9, Max: 29, Diff: 29, Sum: 153]
      [Scan RS (ms): Min: 0.0, Avg: 0.0, Max: 0.0, Diff: 0.0, Sum: 0.5]
      [Code Root Scanning (ms): Min: 0.0, Avg: 0.0, Max: 0.0, Diff: 0.0, Sum: 0.0]
      [Object Copy (ms): Min: 0.0, Avg: 0.3, Max: 0.4, Diff: 0.4, Sum: 4.1]
      [Termination (ms): Min: 0.0, Avg: 2.5, Max: 2.8, Diff: 2.8, Sum: 35.4]
         [Termination Attempts: Min: 1, Avg: 33.4, Max: 52, Diff: 51, Sum: 468]
      [GC Worker Other (ms): Min: 0.0, Avg: 0.0, Max: 0.0, Diff: 0.0, Sum: 0.1]
      [GC Worker Total (ms): Min: 3.4, Avg: 3.6, Max: 3.7, Diff: 0.3, Sum: 50.4]
      [GC Worker End (ms): Min: 464246885.0, Avg: 464246885.0, Max: 464246885.0, Diff: 0.0]
   [Code Root Fixup: 0.0 ms]
   [Code Root Purge: 0.0 ms]
   [Clear CT: 0.4 ms]
   [Other: 5.4 ms]
      [Choose CSet: 0.0 ms]
      [Ref Proc: 4.8 ms]
      [Ref Enq: 0.3 ms]
      [Redirty Cards: 0.2 ms]
      [Humongous Register: 0.0 ms]
      [Humongous Reclaim: 0.0 ms]
      [Free CSet: 0.1 ms]
   [Eden: 7152.0M(7152.0M)->0.0B(7152.0M) Survivors: 16384.0K->16384.0K Heap: 9973.0M(14336.0M)->2820.9M(14336.0M)]
 [Times: user=0.07 sys=0.00, real=0.01 secs] 
2022-11-11T03:38:05.699-0700: 465230.385: [GC pause (G1 Evacuation Pause) (young), 0.0127770 secs]
   [Parallel Time: 8.3 ms, GC Workers: 14]
      [GC Worker Start (ms): Min: 465230384.8, Avg: 465230384.9, Max: 465230385.1, Diff: 0.3]
      [Ext Root Scanning (ms): Min: 0.2, Avg: 0.6, Max: 2.6, Diff: 2.4, Sum: 7.8]
      [Update RS (ms): Min: 0.0, Avg: 0.1, Max: 0.3, Diff: 0.3, Sum: 1.4]
         [Processed Buffers: Min: 0, Avg: 11.1, Max: 29, Diff: 29, Sum: 155]
      [Scan RS (ms): Min: 0.0, Avg: 0.0, Max: 0.1, Diff: 0.1, Sum: 0.5]
      [Code Root Scanning (ms): Min: 0.0, Avg: 0.0, Max: 0.0, Diff: 0.0, Sum: 0.0]
      [Object Copy (ms): Min: 0.0, Avg: 1.8, Max: 7.3, Diff: 7.3, Sum: 25.9]
      [Termination (ms): Min: 0.0, Avg: 5.3, Max: 6.9, Diff: 6.9, Sum: 74.1]
         [Termination Attempts: Min: 1, Avg: 13.1, Max: 31, Diff: 30, Sum: 183]
      [GC Worker Other (ms): Min: 0.0, Avg: 0.0, Max: 0.0, Diff: 0.0, Sum: 0.1]
      [GC Worker Total (ms): Min: 7.6, Avg: 7.8, Max: 8.0, Diff: 0.4, Sum: 109.8]
      [GC Worker End (ms): Min: 465230392.7, Avg: 465230392.7, Max: 465230392.8, Diff: 0.1]
   [Code Root Fixup: 0.0 ms]
   [Code Root Purge: 0.0 ms]
   [Clear CT: 0.2 ms]
   [Other: 4.3 ms]
      [Choose CSet: 0.0 ms]
      [Ref Proc: 3.6 ms]
      [Ref Enq: 0.3 ms]
      [Redirty Cards: 0.2 ms]
      [Humongous Register: 0.0 ms]
      [Humongous Reclaim: 0.0 ms]
      [Free CSet: 0.1 ms]
   [Eden: 7152.0M(7152.0M)->0.0B(7152.0M) Survivors: 16384.0K->16384.0K Heap: 9972.9M(14336.0M)->2820.7M(14336.0M)]
 [Times: user=0.11 sys=0.00, real=0.01 secs] 
2022-11-11T03:54:28.145-0700: 466212.831: [GC pause (G1 Evacuation Pause) (young), 0.0097799 secs]
   [Parallel Time: 4.2 ms, GC Workers: 14]
      [GC Worker Start (ms): Min: 466212831.2, Avg: 466212831.4, Max: 466212831.6, Diff: 0.3]
      [Ext Root Scanning (ms): Min: 0.2, Avg: 0.7, Max: 3.8, Diff: 3.5, Sum: 9.4]
      [Update RS (ms): Min: 0.0, Avg: 0.1, Max: 0.3, Diff: 0.3, Sum: 1.4]
         [Processed Buffers: Min: 0, Avg: 10.6, Max: 31, Diff: 31, Sum: 148]
      [Scan RS (ms): Min: 0.0, Avg: 0.0, Max: 0.1, Diff: 0.1, Sum: 0.5]
      [Code Root Scanning (ms): Min: 0.0, Avg: 0.0, Max: 0.0, Diff: 0.0, Sum: 0.0]
      [Object Copy (ms): Min: 0.0, Avg: 0.2, Max: 0.2, Diff: 0.2, Sum: 2.2]
      [Termination (ms): Min: 0.0, Avg: 2.7, Max: 3.0, Diff: 3.0, Sum: 37.4]
         [Termination Attempts: Min: 1, Avg: 1.4, Max: 4, Diff: 3, Sum: 19]
      [GC Worker Other (ms): Min: 0.0, Avg: 0.0, Max: 0.0, Diff: 0.0, Sum: 0.1]
      [GC Worker Total (ms): Min: 3.5, Avg: 3.6, Max: 3.8, Diff: 0.3, Sum: 51.0]
      [GC Worker End (ms): Min: 466212835.0, Avg: 466212835.0, Max: 466212835.1, Diff: 0.1]
   [Code Root Fixup: 0.0 ms]
   [Code Root Purge: 0.0 ms]
   [Clear CT: 0.2 ms]
   [Other: 5.3 ms]
      [Choose CSet: 0.0 ms]
      [Ref Proc: 4.6 ms]
      [Ref Enq: 0.3 ms]
      [Redirty Cards: 0.2 ms]
      [Humongous Register: 0.0 ms]
      [Humongous Reclaim: 0.0 ms]
      [Free CSet: 0.1 ms]
   [Eden: 7152.0M(7152.0M)->0.0B(7152.0M) Survivors: 16384.0K->16384.0K Heap: 9972.7M(14336.0M)->2821.1M(14336.0M)]
 [Times: user=0.07 sys=0.00, real=0.01 secs] 
2022-11-11T04:10:42.595-0700: 467187.281: [GC pause (G1 Evacuation Pause) (young), 0.0128905 secs]
   [Parallel Time: 3.1 ms, GC Workers: 14]
      [GC Worker Start (ms): Min: 467187281.3, Avg: 467187281.4, Max: 467187281.6, Diff: 0.3]
      [Ext Root Scanning (ms): Min: 0.2, Avg: 0.6, Max: 2.7, Diff: 2.5, Sum: 7.9]
      [Update RS (ms): Min: 0.0, Avg: 0.1, Max: 0.3, Diff: 0.3, Sum: 1.6]
         [Processed Buffers: Min: 0, Avg: 10.8, Max: 37, Diff: 37, Sum: 151]
      [Scan RS (ms): Min: 0.0, Avg: 0.0, Max: 0.1, Diff: 0.0, Sum: 0.4]
      [Code Root Scanning (ms): Min: 0.0, Avg: 0.0, Max: 0.0, Diff: 0.0, Sum: 0.0]
      [Object Copy (ms): Min: 0.0, Avg: 0.3, Max: 0.4, Diff: 0.4, Sum: 4.4]
      [Termination (ms): Min: 0.0, Avg: 1.6, Max: 1.8, Diff: 1.8, Sum: 22.8]
         [Termination Attempts: Min: 1, Avg: 45.4, Max: 63, Diff: 62, Sum: 636]
      [GC Worker Other (ms): Min: 0.0, Avg: 0.0, Max: 0.0, Diff: 0.0, Sum: 0.1]
      [GC Worker Total (ms): Min: 2.5, Avg: 2.7, Max: 2.7, Diff: 0.3, Sum: 37.2]
      [GC Worker End (ms): Min: 467187284.0, Avg: 467187284.1, Max: 467187284.1, Diff: 0.1]
   [Code Root Fixup: 0.0 ms]
   [Code Root Purge: 0.0 ms]
   [Clear CT: 0.4 ms]
   [Other: 9.4 ms]
      [Choose CSet: 0.0 ms]
      [Ref Proc: 8.8 ms]
      [Ref Enq: 0.2 ms]
      [Redirty Cards: 0.2 ms]
      [Humongous Register: 0.0 ms]
      [Humongous Reclaim: 0.0 ms]
      [Free CSet: 0.1 ms]
   [Eden: 7152.0M(7152.0M)->0.0B(7152.0M) Survivors: 16384.0K->16384.0K Heap: 9973.1M(14336.0M)->2820.8M(14336.0M)]
 [Times: user=0.06 sys=0.00, real=0.01 secs] 
2022-11-11T04:27:02.545-0700: 468167.232: [GC pause (G1 Evacuation Pause) (young), 0.0093887 secs]
   [Parallel Time: 4.0 ms, GC Workers: 14]
      [GC Worker Start (ms): Min: 468167231.7, Avg: 468167231.8, Max: 468167232.0, Diff: 0.3]
      [Ext Root Scanning (ms): Min: 0.2, Avg: 0.6, Max: 3.7, Diff: 3.5, Sum: 8.5]
      [Update RS (ms): Min: 0.0, Avg: 0.1, Max: 0.2, Diff: 0.2, Sum: 1.2]
         [Processed Buffers: Min: 0, Avg: 11.0, Max: 40, Diff: 40, Sum: 154]
      [Scan RS (ms): Min: 0.0, Avg: 0.0, Max: 0.1, Diff: 0.0, Sum: 0.4]
      [Code Root Scanning (ms): Min: 0.0, Avg: 0.0, Max: 0.0, Diff: 0.0, Sum: 0.0]
      [Object Copy (ms): Min: 0.0, Avg: 0.4, Max: 0.4, Diff: 0.4, Sum: 5.1]
      [Termination (ms): Min: 0.0, Avg: 2.5, Max: 2.8, Diff: 2.8, Sum: 35.4]
         [Termination Attempts: Min: 1, Avg: 42.9, Max: 68, Diff: 67, Sum: 601]
      [GC Worker Other (ms): Min: 0.0, Avg: 0.0, Max: 0.0, Diff: 0.0, Sum: 0.1]
      [GC Worker Total (ms): Min: 3.4, Avg: 3.6, Max: 3.8, Diff: 0.3, Sum: 50.8]
      [GC Worker End (ms): Min: 468167235.4, Avg: 468167235.5, Max: 468167235.5, Diff: 0.1]
   [Code Root Fixup: 0.0 ms]
   [Code Root Purge: 0.0 ms]
   [Clear CT: 0.3 ms]
   [Other: 5.0 ms]
      [Choose CSet: 0.0 ms]
      [Ref Proc: 4.4 ms]
      [Ref Enq: 0.2 ms]
      [Redirty Cards: 0.2 ms]
      [Humongous Register: 0.0 ms]
      [Humongous Reclaim: 0.0 ms]
      [Free CSet: 0.1 ms]
   [Eden: 7152.0M(7152.0M)->0.0B(7152.0M) Survivors: 16384.0K->16384.0K Heap: 9972.8M(14336.0M)->2821.0M(14336.0M)]
 [Times: user=0.07 sys=0.00, real=0.01 secs] 
2022-11-11T04:43:16.727-0700: 469141.413: [GC pause (G1 Evacuation Pause) (young), 0.0105866 secs]
   [Parallel Time: 4.0 ms, GC Workers: 14]
      [GC Worker Start (ms): Min: 469141413.4, Avg: 469141413.6, Max: 469141413.7, Diff: 0.4]
      [Ext Root Scanning (ms): Min: 0.2, Avg: 0.6, Max: 3.8, Diff: 3.6, Sum: 8.9]
      [Update RS (ms): Min: 0.0, Avg: 0.1, Max: 0.3, Diff: 0.3, Sum: 1.3]
         [Processed Buffers: Min: 0, Avg: 10.9, Max: 41, Diff: 41, Sum: 153]
      [Scan RS (ms): Min: 0.0, Avg: 0.0, Max: 0.0, Diff: 0.0, Sum: 0.5]
      [Code Root Scanning (ms): Min: 0.0, Avg: 0.0, Max: 0.0, Diff: 0.0, Sum: 0.0]
      [Object Copy (ms): Min: 0.0, Avg: 0.3, Max: 0.4, Diff: 0.4, Sum: 4.0]
      [Termination (ms): Min: 0.0, Avg: 2.6, Max: 2.9, Diff: 2.9, Sum: 36.3]
         [Termination Attempts: Min: 1, Avg: 26.2, Max: 37, Diff: 36, Sum: 367]
      [GC Worker Other (ms): Min: 0.0, Avg: 0.0, Max: 0.0, Diff: 0.0, Sum: 0.1]
      [GC Worker Total (ms): Min: 3.4, Avg: 3.6, Max: 3.8, Diff: 0.4, Sum: 51.0]
      [GC Worker End (ms): Min: 469141417.1, Avg: 469141417.2, Max: 469141417.3, Diff: 0.1]
   [Code Root Fixup: 0.0 ms]
   [Code Root Purge: 0.0 ms]
   [Clear CT: 0.4 ms]
   [Other: 6.2 ms]
      [Choose CSet: 0.0 ms]
      [Ref Proc: 5.5 ms]
      [Ref Enq: 0.3 ms]
      [Redirty Cards: 0.2 ms]
      [Humongous Register: 0.0 ms]
      [Humongous Reclaim: 0.0 ms]
      [Free CSet: 0.2 ms]
   [Eden: 7152.0M(7152.0M)->0.0B(7152.0M) Survivors: 16384.0K->16384.0K Heap: 9973.0M(14336.0M)->2820.9M(14336.0M)]
 [Times: user=0.08 sys=0.00, real=0.01 secs] 
2022-11-11T04:59:40.495-0700: 470125.182: [GC pause (G1 Evacuation Pause) (young), 0.0143192 secs]
   [Parallel Time: 7.6 ms, GC Workers: 14]
      [GC Worker Start (ms): Min: 470125181.7, Avg: 470125181.9, Max: 470125182.1, Diff: 0.4]
      [Ext Root Scanning (ms): Min: 0.2, Avg: 0.6, Max: 3.8, Diff: 3.6, Sum: 9.0]
      [Update RS (ms): Min: 0.0, Avg: 0.1, Max: 0.3, Diff: 0.3, Sum: 1.4]
         [Processed Buffers: Min: 0, Avg: 10.9, Max: 30, Diff: 30, Sum: 152]
      [Scan RS (ms): Min: 0.0, Avg: 0.0, Max: 0.0, Diff: 0.0, Sum: 0.4]
      [Code Root Scanning (ms): Min: 0.0, Avg: 0.0, Max: 0.0, Diff: 0.0, Sum: 0.0]
      [Object Copy (ms): Min: 0.0, Avg: 1.5, Max: 6.2, Diff: 6.2, Sum: 21.2]
      [Termination (ms): Min: 0.0, Avg: 4.5, Max: 6.1, Diff: 6.1, Sum: 62.7]
         [Termination Attempts: Min: 1, Avg: 13.4, Max: 29, Diff: 28, Sum: 187]
      [GC Worker Other (ms): Min: 0.0, Avg: 0.0, Max: 0.0, Diff: 0.0, Sum: 0.1]
      [GC Worker Total (ms): Min: 6.6, Avg: 6.8, Max: 7.0, Diff: 0.5, Sum: 94.8]
      [GC Worker End (ms): Min: 470125188.6, Avg: 470125188.7, Max: 470125188.8, Diff: 0.1]
   [Code Root Fixup: 0.0 ms]
   [Code Root Purge: 0.0 ms]
   [Clear CT: 0.2 ms]
   [Other: 6.5 ms]
      [Choose CSet: 0.0 ms]
      [Ref Proc: 5.7 ms]
      [Ref Enq: 0.4 ms]
      [Redirty Cards: 0.2 ms]
      [Humongous Register: 0.0 ms]
      [Humongous Reclaim: 0.0 ms]
      [Free CSet: 0.2 ms]
   [Eden: 7152.0M(7152.0M)->0.0B(7152.0M) Survivors: 16384.0K->16384.0K Heap: 9972.9M(14336.0M)->2821.2M(14336.0M)]
 [Times: user=0.10 sys=0.00, real=0.01 secs] 
2022-11-11T05:15:34.295-0700: 471078.981: [GC pause (G1 Evacuation Pause) (young), 0.0110476 secs]
   [Parallel Time: 4.4 ms, GC Workers: 14]
      [GC Worker Start (ms): Min: 471078981.2, Avg: 471078981.4, Max: 471078981.5, Diff: 0.3]
      [Ext Root Scanning (ms): Min: 0.2, Avg: 0.7, Max: 3.8, Diff: 3.6, Sum: 9.2]
      [Update RS (ms): Min: 0.0, Avg: 0.1, Max: 0.2, Diff: 0.2, Sum: 1.5]
         [Processed Buffers: Min: 0, Avg: 12.1, Max: 36, Diff: 36, Sum: 170]
      [Scan RS (ms): Min: 0.0, Avg: 0.0, Max: 0.1, Diff: 0.1, Sum: 0.6]
      [Code Root Scanning (ms): Min: 0.0, Avg: 0.0, Max: 0.0, Diff: 0.0, Sum: 0.0]
      [Object Copy (ms): Min: 0.0, Avg: 0.3, Max: 0.4, Diff: 0.4, Sum: 4.4]
      [Termination (ms): Min: 0.0, Avg: 2.6, Max: 2.9, Diff: 2.9, Sum: 36.4]
         [Termination Attempts: Min: 1, Avg: 46.5, Max: 61, Diff: 60, Sum: 651]
      [GC Worker Other (ms): Min: 0.0, Avg: 0.0, Max: 0.0, Diff: 0.0, Sum: 0.1]
      [GC Worker Total (ms): Min: 3.5, Avg: 3.7, Max: 3.9, Diff: 0.4, Sum: 52.1]
      [GC Worker End (ms): Min: 471078985.0, Avg: 471078985.1, Max: 471078985.2, Diff: 0.1]
   [Code Root Fixup: 0.0 ms]
   [Code Root Purge: 0.0 ms]
   [Clear CT: 0.4 ms]
   [Other: 6.2 ms]
      [Choose CSet: 0.0 ms]
      [Ref Proc: 5.6 ms]
      [Ref Enq: 0.2 ms]
      [Redirty Cards: 0.2 ms]
      [Humongous Register: 0.0 ms]
      [Humongous Reclaim: 0.0 ms]
      [Free CSet: 0.1 ms]
   [Eden: 7152.0M(7152.0M)->0.0B(7152.0M) Survivors: 16384.0K->16384.0K Heap: 9973.2M(14336.0M)->2820.9M(14336.0M)]
 [Times: user=0.08 sys=0.00, real=0.01 secs] 
2022-11-11T05:32:08.445-0700: 472073.131: [GC pause (G1 Evacuation Pause) (young), 0.0126094 secs]
   [Parallel Time: 5.7 ms, GC Workers: 14]
      [GC Worker Start (ms): Min: 472073131.2, Avg: 472073131.3, Max: 472073131.5, Diff: 0.4]
      [Ext Root Scanning (ms): Min: 0.2, Avg: 0.6, Max: 3.7, Diff: 3.5, Sum: 8.6]
      [Update RS (ms): Min: 0.0, Avg: 0.1, Max: 0.3, Diff: 0.3, Sum: 1.4]
         [Processed Buffers: Min: 0, Avg: 10.6, Max: 30, Diff: 30, Sum: 149]
      [Scan RS (ms): Min: 0.0, Avg: 0.0, Max: 0.0, Diff: 0.0, Sum: 0.4]
      [Code Root Scanning (ms): Min: 0.0, Avg: 0.0, Max: 0.0, Diff: 0.0, Sum: 0.0]
      [Object Copy (ms): Min: 0.0, Avg: 0.6, Max: 4.8, Diff: 4.8, Sum: 8.1]
      [Termination (ms): Min: 0.0, Avg: 4.0, Max: 4.6, Diff: 4.6, Sum: 55.7]
         [Termination Attempts: Min: 1, Avg: 2.7, Max: 9, Diff: 8, Sum: 38]
      [GC Worker Other (ms): Min: 0.0, Avg: 0.0, Max: 0.0, Diff: 0.0, Sum: 0.1]
      [GC Worker Total (ms): Min: 5.1, Avg: 5.3, Max: 5.5, Diff: 0.3, Sum: 74.3]
      [GC Worker End (ms): Min: 472073136.6, Avg: 472073136.7, Max: 472073136.7, Diff: 0.1]
   [Code Root Fixup: 0.0 ms]
   [Code Root Purge: 0.0 ms]
   [Clear CT: 0.2 ms]
   [Other: 6.7 ms]
      [Choose CSet: 0.0 ms]
      [Ref Proc: 6.0 ms]
      [Ref Enq: 0.4 ms]
      [Redirty Cards: 0.2 ms]
      [Humongous Register: 0.0 ms]
      [Humongous Reclaim: 0.0 ms]
      [Free CSet: 0.1 ms]
   [Eden: 7152.0M(7152.0M)->0.0B(7152.0M) Survivors: 16384.0K->16384.0K Heap: 9972.9M(14336.0M)->2821.1M(14336.0M)]
 [Times: user=0.09 sys=0.00, real=0.01 secs] 
2022-11-11T05:48:34.683-0700: 473059.369: [GC pause (G1 Evacuation Pause) (young), 0.0106203 secs]
   [Parallel Time: 4.1 ms, GC Workers: 14]
      [GC Worker Start (ms): Min: 473059369.3, Avg: 473059369.5, Max: 473059369.6, Diff: 0.3]
      [Ext Root Scanning (ms): Min: 0.2, Avg: 0.7, Max: 3.8, Diff: 3.5, Sum: 9.3]
      [Update RS (ms): Min: 0.0, Avg: 0.1, Max: 0.3, Diff: 0.3, Sum: 1.3]
         [Processed Buffers: Min: 0, Avg: 10.5, Max: 34, Diff: 34, Sum: 147]
      [Scan RS (ms): Min: 0.0, Avg: 0.0, Max: 0.0, Diff: 0.0, Sum: 0.4]
      [Code Root Scanning (ms): Min: 0.0, Avg: 0.0, Max: 0.0, Diff: 0.0, Sum: 0.0]
      [Object Copy (ms): Min: 0.0, Avg: 0.3, Max: 0.4, Diff: 0.4, Sum: 4.4]
      [Termination (ms): Min: 0.0, Avg: 2.5, Max: 2.8, Diff: 2.8, Sum: 34.9]
         [Termination Attempts: Min: 1, Avg: 39.3, Max: 55, Diff: 54, Sum: 550]
      [GC Worker Other (ms): Min: 0.0, Avg: 0.0, Max: 0.0, Diff: 0.0, Sum: 0.1]
      [GC Worker Total (ms): Min: 3.5, Avg: 3.6, Max: 3.8, Diff: 0.3, Sum: 50.3]
      [GC Worker End (ms): Min: 473059373.1, Avg: 473059373.1, Max: 473059373.1, Diff: 0.1]
   [Code Root Fixup: 0.0 ms]
   [Code Root Purge: 0.0 ms]
   [Clear CT: 0.3 ms]
   [Other: 6.2 ms]
      [Choose CSet: 0.0 ms]
      [Ref Proc: 5.6 ms]
      [Ref Enq: 0.2 ms]
      [Redirty Cards: 0.2 ms]
      [Humongous Register: 0.0 ms]
      [Humongous Reclaim: 0.0 ms]
      [Free CSet: 0.1 ms]
   [Eden: 7152.0M(7152.0M)->0.0B(7152.0M) Survivors: 16384.0K->16384.0K Heap: 9973.1M(14336.0M)->2820.9M(14336.0M)]
 [Times: user=0.07 sys=0.00, real=0.00 secs] 
2022-11-11T06:04:56.295-0700: 474040.981: [GC pause (G1 Evacuation Pause) (young), 0.0139026 secs]
   [Parallel Time: 7.9 ms, GC Workers: 14]
      [GC Worker Start (ms): Min: 474040981.2, Avg: 474040981.4, Max: 474040981.5, Diff: 0.3]
      [Ext Root Scanning (ms): Min: 0.2, Avg: 0.6, Max: 3.8, Diff: 3.6, Sum: 8.5]
      [Update RS (ms): Min: 0.0, Avg: 0.1, Max: 0.3, Diff: 0.3, Sum: 1.3]
         [Processed Buffers: Min: 0, Avg: 10.9, Max: 38, Diff: 38, Sum: 152]
      [Scan RS (ms): Min: 0.0, Avg: 0.0, Max: 0.0, Diff: 0.0, Sum: 0.3]
      [Code Root Scanning (ms): Min: 0.0, Avg: 0.0, Max: 0.0, Diff: 0.0, Sum: 0.0]
      [Object Copy (ms): Min: 0.0, Avg: 0.8, Max: 6.8, Diff: 6.8, Sum: 11.4]
      [Termination (ms): Min: 0.0, Avg: 5.8, Max: 6.5, Diff: 6.5, Sum: 80.6]
         [Termination Attempts: Min: 1, Avg: 95.9, Max: 154, Diff: 153, Sum: 1343]
      [GC Worker Other (ms): Min: 0.0, Avg: 0.0, Max: 0.0, Diff: 0.0, Sum: 0.1]
      [GC Worker Total (ms): Min: 7.1, Avg: 7.3, Max: 7.5, Diff: 0.4, Sum: 102.2]
      [GC Worker End (ms): Min: 474040988.6, Avg: 474040988.7, Max: 474040988.7, Diff: 0.1]
   [Code Root Fixup: 0.0 ms]
   [Code Root Purge: 0.0 ms]
   [Clear CT: 0.4 ms]
   [Other: 5.6 ms]
      [Choose CSet: 0.0 ms]
      [Ref Proc: 5.0 ms]
      [Ref Enq: 0.2 ms]
      [Redirty Cards: 0.2 ms]
      [Humongous Register: 0.0 ms]
      [Humongous Reclaim: 0.0 ms]
      [Free CSet: 0.1 ms]
   [Eden: 7152.0M(7152.0M)->0.0B(7152.0M) Survivors: 16384.0K->16384.0K Heap: 9972.9M(14336.0M)->2821.2M(14336.0M)]
 [Times: user=0.11 sys=0.00, real=0.01 secs] 
2022-11-11T06:21:07.696-0700: 475012.382: [GC pause (G1 Evacuation Pause) (young), 0.0876158 secs]
   [Parallel Time: 3.2 ms, GC Workers: 14]
      [GC Worker Start (ms): Min: 475012381.8, Avg: 475012382.0, Max: 475012382.1, Diff: 0.3]
      [Ext Root Scanning (ms): Min: 0.2, Avg: 0.6, Max: 2.8, Diff: 2.6, Sum: 8.5]
      [Update RS (ms): Min: 0.0, Avg: 0.1, Max: 0.3, Diff: 0.3, Sum: 1.5]
         [Processed Buffers: Min: 0, Avg: 11.4, Max: 28, Diff: 28, Sum: 159]
      [Scan RS (ms): Min: 0.0, Avg: 0.0, Max: 0.1, Diff: 0.1, Sum: 0.6]
      [Code Root Scanning (ms): Min: 0.0, Avg: 0.0, Max: 0.0, Diff: 0.0, Sum: 0.0]
      [Object Copy (ms): Min: 0.0, Avg: 0.3, Max: 0.4, Diff: 0.4, Sum: 4.7]
      [Termination (ms): Min: 0.0, Avg: 1.6, Max: 1.9, Diff: 1.9, Sum: 22.9]
         [Termination Attempts: Min: 1, Avg: 46.8, Max: 66, Diff: 65, Sum: 655]
      [GC Worker Other (ms): Min: 0.0, Avg: 0.0, Max: 0.0, Diff: 0.0, Sum: 0.1]
      [GC Worker Total (ms): Min: 2.6, Avg: 2.7, Max: 2.9, Diff: 0.3, Sum: 38.3]
      [GC Worker End (ms): Min: 475012384.7, Avg: 475012384.7, Max: 475012384.8, Diff: 0.1]
   [Code Root Fixup: 0.0 ms]
   [Code Root Purge: 0.0 ms]
   [Clear CT: 0.8 ms]
   [Other: 83.6 ms]
      [Choose CSet: 0.0 ms]
      [Ref Proc: 81.8 ms]
      [Ref Enq: 0.9 ms]
      [Redirty Cards: 0.8 ms]
      [Humongous Register: 0.0 ms]
      [Humongous Reclaim: 0.0 ms]
      [Free CSet: 0.1 ms]
   [Eden: 7152.0M(7152.0M)->0.0B(7152.0M) Survivors: 16384.0K->16384.0K Heap: 9973.2M(14336.0M)->2821.0M(14336.0M)]
 [Times: user=0.24 sys=0.00, real=0.09 secs] 
2022-11-11T06:37:24.395-0700: 475989.081: [GC pause (G1 Evacuation Pause) (young), 0.0136200 secs]
   [Parallel Time: 7.8 ms, GC Workers: 14]
      [GC Worker Start (ms): Min: 475989081.4, Avg: 475989081.6, Max: 475989081.8, Diff: 0.3]
      [Ext Root Scanning (ms): Min: 0.2, Avg: 0.7, Max: 3.9, Diff: 3.7, Sum: 9.5]
      [Update RS (ms): Min: 0.0, Avg: 0.1, Max: 0.3, Diff: 0.3, Sum: 1.4]
         [Processed Buffers: Min: 0, Avg: 11.2, Max: 30, Diff: 30, Sum: 157]
      [Scan RS (ms): Min: 0.0, Avg: 0.0, Max: 0.0, Diff: 0.0, Sum: 0.4]
      [Code Root Scanning (ms): Min: 0.0, Avg: 0.0, Max: 0.0, Diff: 0.0, Sum: 0.0]
      [Object Copy (ms): Min: 0.0, Avg: 1.1, Max: 6.6, Diff: 6.6, Sum: 15.6]
      [Termination (ms): Min: 0.0, Avg: 5.2, Max: 6.5, Diff: 6.5, Sum: 72.7]
         [Termination Attempts: Min: 1, Avg: 3.2, Max: 10, Diff: 9, Sum: 45]
      [GC Worker Other (ms): Min: 0.0, Avg: 0.0, Max: 0.0, Diff: 0.0, Sum: 0.1]
      [GC Worker Total (ms): Min: 6.9, Avg: 7.1, Max: 7.2, Diff: 0.3, Sum: 99.7]
      [GC Worker End (ms): Min: 475989088.7, Avg: 475989088.7, Max: 475989088.8, Diff: 0.1]
   [Code Root Fixup: 0.0 ms]
   [Code Root Purge: 0.0 ms]
   [Clear CT: 0.4 ms]
   [Other: 5.4 ms]
      [Choose CSet: 0.0 ms]
      [Ref Proc: 4.8 ms]
      [Ref Enq: 0.2 ms]
      [Redirty Cards: 0.2 ms]
      [Humongous Register: 0.0 ms]
      [Humongous Reclaim: 0.0 ms]
      [Free CSet: 0.1 ms]
   [Eden: 7152.0M(7152.0M)->0.0B(7152.0M) Survivors: 16384.0K->16384.0K Heap: 9973.0M(14336.0M)->2821.2M(14336.0M)]
 [Times: user=0.11 sys=0.00, real=0.01 secs] 
2022-11-11T06:53:41.295-0700: 476965.981: [GC pause (G1 Evacuation Pause) (young), 0.0106210 secs]
   [Parallel Time: 4.2 ms, GC Workers: 14]
      [GC Worker Start (ms): Min: 476965981.3, Avg: 476965981.5, Max: 476965981.7, Diff: 0.4]
      [Ext Root Scanning (ms): Min: 0.1, Avg: 0.6, Max: 3.8, Diff: 3.6, Sum: 8.9]
      [Update RS (ms): Min: 0.0, Avg: 0.1, Max: 0.2, Diff: 0.2, Sum: 1.3]
         [Processed Buffers: Min: 0, Avg: 10.9, Max: 43, Diff: 43, Sum: 153]
      [Scan RS (ms): Min: 0.0, Avg: 0.0, Max: 0.1, Diff: 0.0, Sum: 0.5]
      [Code Root Scanning (ms): Min: 0.0, Avg: 0.0, Max: 0.0, Diff: 0.0, Sum: 0.0]
      [Object Copy (ms): Min: 0.0, Avg: 0.4, Max: 0.5, Diff: 0.5, Sum: 5.3]
      [Termination (ms): Min: 0.0, Avg: 2.5, Max: 2.8, Diff: 2.8, Sum: 35.3]
         [Termination Attempts: Min: 1, Avg: 52.8, Max: 84, Diff: 83, Sum: 739]
      [GC Worker Other (ms): Min: 0.0, Avg: 0.0, Max: 0.0, Diff: 0.0, Sum: 0.1]
      [GC Worker Total (ms): Min: 3.4, Avg: 3.7, Max: 3.8, Diff: 0.4, Sum: 51.2]
      [GC Worker End (ms): Min: 476965985.1, Avg: 476965985.1, Max: 476965985.1, Diff: 0.1]
   [Code Root Fixup: 0.0 ms]
   [Code Root Purge: 0.0 ms]
   [Clear CT: 0.4 ms]
   [Other: 6.0 ms]
      [Choose CSet: 0.0 ms]
      [Ref Proc: 5.4 ms]
      [Ref Enq: 0.2 ms]
      [Redirty Cards: 0.2 ms]
      [Humongous Register: 0.0 ms]
      [Humongous Reclaim: 0.0 ms]
      [Free CSet: 0.1 ms]
   [Eden: 7152.0M(7152.0M)->0.0B(7152.0M) Survivors: 16384.0K->16384.0K Heap: 9973.2M(14336.0M)->2821.0M(14336.0M)]
 [Times: user=0.08 sys=0.00, real=0.01 secs] 
2022-11-11T07:09:54.345-0700: 477939.031: [GC pause (G1 Evacuation Pause) (young), 0.0119072 secs]
   [Parallel Time: 5.5 ms, GC Workers: 14]
      [GC Worker Start (ms): Min: 477939031.4, Avg: 477939031.6, Max: 477939031.7, Diff: 0.4]
      [Ext Root Scanning (ms): Min: 0.2, Avg: 0.6, Max: 3.8, Diff: 3.6, Sum: 8.7]
      [Update RS (ms): Min: 0.0, Avg: 0.1, Max: 0.3, Diff: 0.3, Sum: 1.4]
         [Processed Buffers: Min: 0, Avg: 10.9, Max: 21, Diff: 21, Sum: 153]
      [Scan RS (ms): Min: 0.0, Avg: 0.0, Max: 0.1, Diff: 0.0, Sum: 0.5]
      [Code Root Scanning (ms): Min: 0.0, Avg: 0.0, Max: 0.0, Diff: 0.0, Sum: 0.0]
      [Object Copy (ms): Min: 0.0, Avg: 0.7, Max: 4.4, Diff: 4.4, Sum: 9.3]
      [Termination (ms): Min: 0.0, Avg: 3.7, Max: 4.3, Diff: 4.3, Sum: 52.0]
         [Termination Attempts: Min: 1, Avg: 33.8, Max: 59, Diff: 58, Sum: 473]
      [GC Worker Other (ms): Min: 0.0, Avg: 0.0, Max: 0.0, Diff: 0.0, Sum: 0.1]
      [GC Worker Total (ms): Min: 4.9, Avg: 5.1, Max: 5.3, Diff: 0.4, Sum: 72.0]
      [GC Worker End (ms): Min: 477939036.6, Avg: 477939036.7, Max: 477939036.8, Diff: 0.1]
   [Code Root Fixup: 0.0 ms]
   [Code Root Purge: 0.0 ms]
   [Clear CT: 0.2 ms]
   [Other: 6.1 ms]
      [Choose CSet: 0.0 ms]
      [Ref Proc: 5.5 ms]
      [Ref Enq: 0.3 ms]
      [Redirty Cards: 0.2 ms]
      [Humongous Register: 0.0 ms]
      [Humongous Reclaim: 0.0 ms]
      [Free CSet: 0.1 ms]
   [Eden: 7152.0M(7152.0M)->0.0B(7152.0M) Survivors: 16384.0K->16384.0K Heap: 9973.0M(14336.0M)->2821.3M(14336.0M)]
 [Times: user=0.09 sys=0.00, real=0.01 secs] 
2022-11-11T07:26:07.245-0700: 478911.931: [GC pause (G1 Evacuation Pause) (young), 0.0099059 secs]
   [Parallel Time: 4.2 ms, GC Workers: 14]
      [GC Worker Start (ms): Min: 478911931.6, Avg: 478911931.7, Max: 478911931.8, Diff: 0.3]
      [Ext Root Scanning (ms): Min: 0.2, Avg: 0.6, Max: 3.7, Diff: 3.5, Sum: 8.7]
      [Update RS (ms): Min: 0.0, Avg: 0.1, Max: 0.3, Diff: 0.3, Sum: 1.2]
         [Processed Buffers: Min: 0, Avg: 10.7, Max: 39, Diff: 39, Sum: 150]
      [Scan RS (ms): Min: 0.0, Avg: 0.0, Max: 0.1, Diff: 0.1, Sum: 0.4]
      [Code Root Scanning (ms): Min: 0.0, Avg: 0.0, Max: 0.0, Diff: 0.0, Sum: 0.0]
      [Object Copy (ms): Min: 0.0, Avg: 0.4, Max: 0.5, Diff: 0.5, Sum: 5.6]
      [Termination (ms): Min: 0.0, Avg: 2.5, Max: 2.8, Diff: 2.8, Sum: 35.5]
         [Termination Attempts: Min: 1, Avg: 47.4, Max: 67, Diff: 66, Sum: 664]
      [GC Worker Other (ms): Min: 0.0, Avg: 0.0, Max: 0.0, Diff: 0.0, Sum: 0.1]
      [GC Worker Total (ms): Min: 3.5, Avg: 3.7, Max: 3.8, Diff: 0.3, Sum: 51.5]
      [GC Worker End (ms): Min: 478911935.3, Avg: 478911935.3, Max: 478911935.4, Diff: 0.0]
   [Code Root Fixup: 0.0 ms]
   [Code Root Purge: 0.0 ms]
   [Clear CT: 0.4 ms]
   [Other: 5.3 ms]
      [Choose CSet: 0.0 ms]
      [Ref Proc: 4.7 ms]
      [Ref Enq: 0.3 ms]
      [Redirty Cards: 0.2 ms]
      [Humongous Register: 0.0 ms]
      [Humongous Reclaim: 0.0 ms]
      [Free CSet: 0.1 ms]
   [Eden: 7152.0M(7152.0M)->0.0B(7152.0M) Survivors: 16384.0K->16384.0K Heap: 9973.3M(14336.0M)->2821.1M(14336.0M)]
 [Times: user=0.07 sys=0.00, real=0.01 secs] 
2022-11-11T07:42:28.146-0700: 479892.833: [GC pause (G1 Evacuation Pause) (young), 0.0103461 secs]
   [Parallel Time: 4.0 ms, GC Workers: 14]
      [GC Worker Start (ms): Min: 479892832.6, Avg: 479892832.8, Max: 479892833.0, Diff: 0.3]
      [Ext Root Scanning (ms): Min: 0.2, Avg: 0.6, Max: 3.7, Diff: 3.6, Sum: 8.9]
      [Update RS (ms): Min: 0.0, Avg: 0.1, Max: 0.2, Diff: 0.2, Sum: 1.3]
         [Processed Buffers: Min: 0, Avg: 11.1, Max: 26, Diff: 26, Sum: 155]
      [Scan RS (ms): Min: 0.0, Avg: 0.0, Max: 0.0, Diff: 0.0, Sum: 0.4]
      [Code Root Scanning (ms): Min: 0.0, Avg: 0.0, Max: 0.0, Diff: 0.0, Sum: 0.0]
      [Object Copy (ms): Min: 0.0, Avg: 0.2, Max: 0.3, Diff: 0.3, Sum: 3.2]
      [Termination (ms): Min: 0.0, Avg: 2.7, Max: 2.9, Diff: 2.9, Sum: 37.2]
         [Termination Attempts: Min: 1, Avg: 16.6, Max: 28, Diff: 27, Sum: 232]
      [GC Worker Other (ms): Min: 0.0, Avg: 0.0, Max: 0.0, Diff: 0.0, Sum: 0.1]
      [GC Worker Total (ms): Min: 3.4, Avg: 3.6, Max: 3.8, Diff: 0.4, Sum: 51.0]
      [GC Worker End (ms): Min: 479892836.4, Avg: 479892836.4, Max: 479892836.5, Diff: 0.1]
   [Code Root Fixup: 0.0 ms]
   [Code Root Purge: 0.0 ms]
   [Clear CT: 0.3 ms]
   [Other: 6.0 ms]
      [Choose CSet: 0.0 ms]
      [Ref Proc: 5.4 ms]
      [Ref Enq: 0.2 ms]
      [Redirty Cards: 0.2 ms]
      [Humongous Register: 0.0 ms]
      [Humongous Reclaim: 0.0 ms]
      [Free CSet: 0.1 ms]
   [Eden: 7152.0M(7152.0M)->0.0B(7152.0M) Survivors: 16384.0K->16384.0K Heap: 9973.1M(14336.0M)->2821.0M(14336.0M)]
 [Times: user=0.06 sys=0.01, real=0.01 secs] 
2022-11-11T07:58:49.587-0700: 480874.273: [GC pause (G1 Evacuation Pause) (young), 0.0100854 secs]
   [Parallel Time: 4.1 ms, GC Workers: 14]
      [GC Worker Start (ms): Min: 480874273.1, Avg: 480874273.2, Max: 480874273.4, Diff: 0.3]
      [Ext Root Scanning (ms): Min: 0.2, Avg: 0.7, Max: 3.8, Diff: 3.6, Sum: 9.3]
      [Update RS (ms): Min: 0.0, Avg: 0.1, Max: 0.2, Diff: 0.2, Sum: 1.3]
         [Processed Buffers: Min: 0, Avg: 9.8, Max: 31, Diff: 31, Sum: 137]
      [Scan RS (ms): Min: 0.0, Avg: 0.0, Max: 0.1, Diff: 0.1, Sum: 0.4]
      [Code Root Scanning (ms): Min: 0.0, Avg: 0.0, Max: 0.0, Diff: 0.0, Sum: 0.0]
      [Object Copy (ms): Min: 0.0, Avg: 0.3, Max: 0.3, Diff: 0.3, Sum: 3.7]
      [Termination (ms): Min: 0.0, Avg: 2.7, Max: 3.0, Diff: 3.0, Sum: 37.3]
         [Termination Attempts: Min: 1, Avg: 32.8, Max: 53, Diff: 52, Sum: 459]
      [GC Worker Other (ms): Min: 0.0, Avg: 0.0, Max: 0.0, Diff: 0.0, Sum: 0.1]
      [GC Worker Total (ms): Min: 3.5, Avg: 3.7, Max: 3.9, Diff: 0.3, Sum: 52.1]
      [GC Worker End (ms): Min: 480874276.9, Avg: 480874276.9, Max: 480874277.0, Diff: 0.1]
   [Code Root Fixup: 0.0 ms]
   [Code Root Purge: 0.0 ms]
   [Clear CT: 0.3 ms]
   [Other: 5.6 ms]
      [Choose CSet: 0.0 ms]
      [Ref Proc: 5.0 ms]
      [Ref Enq: 0.2 ms]
      [Redirty Cards: 0.2 ms]
      [Humongous Register: 0.0 ms]
      [Humongous Reclaim: 0.0 ms]
      [Free CSet: 0.1 ms]
   [Eden: 7152.0M(7152.0M)->0.0B(7152.0M) Survivors: 16384.0K->16384.0K Heap: 9973.0M(14336.0M)->2821.1M(14336.0M)]
 [Times: user=0.07 sys=0.00, real=0.01 secs] 
2022-11-11T08:15:02.046-0700: 481846.732: [GC pause (G1 Evacuation Pause) (young), 0.0103235 secs]
   [Parallel Time: 4.1 ms, GC Workers: 14]
      [GC Worker Start (ms): Min: 481846732.0, Avg: 481846732.1, Max: 481846732.3, Diff: 0.4]
      [Ext Root Scanning (ms): Min: 0.2, Avg: 0.7, Max: 3.8, Diff: 3.6, Sum: 9.2]
      [Update RS (ms): Min: 0.0, Avg: 0.1, Max: 0.3, Diff: 0.3, Sum: 1.3]
         [Processed Buffers: Min: 0, Avg: 10.4, Max: 33, Diff: 33, Sum: 146]
      [Scan RS (ms): Min: 0.0, Avg: 0.0, Max: 0.1, Diff: 0.1, Sum: 0.5]
      [Code Root Scanning (ms): Min: 0.0, Avg: 0.0, Max: 0.0, Diff: 0.0, Sum: 0.0]
      [Object Copy (ms): Min: 0.0, Avg: 0.3, Max: 0.3, Diff: 0.3, Sum: 3.6]
      [Termination (ms): Min: 0.0, Avg: 2.6, Max: 2.9, Diff: 2.9, Sum: 37.1]
         [Termination Attempts: Min: 1, Avg: 16.3, Max: 31, Diff: 30, Sum: 228]
      [GC Worker Other (ms): Min: 0.0, Avg: 0.0, Max: 0.0, Diff: 0.0, Sum: 0.1]
      [GC Worker Total (ms): Min: 3.5, Avg: 3.7, Max: 3.8, Diff: 0.3, Sum: 51.8]
      [GC Worker End (ms): Min: 481846735.8, Avg: 481846735.8, Max: 481846735.9, Diff: 0.1]
   [Code Root Fixup: 0.0 ms]
   [Code Root Purge: 0.0 ms]
   [Clear CT: 0.3 ms]
   [Other: 5.9 ms]
      [Choose CSet: 0.0 ms]
      [Ref Proc: 5.3 ms]
      [Ref Enq: 0.2 ms]
      [Redirty Cards: 0.2 ms]
      [Humongous Register: 0.0 ms]
      [Humongous Reclaim: 0.0 ms]
      [Free CSet: 0.1 ms]
   [Eden: 7152.0M(7152.0M)->0.0B(7152.0M) Survivors: 16384.0K->16384.0K Heap: 9973.1M(14336.0M)->2821.1M(14336.0M)]
 [Times: user=0.08 sys=0.00, real=0.01 secs] 
2022-11-11T08:31:15.745-0700: 482820.431: [GC pause (G1 Evacuation Pause) (young), 0.0112151 secs]
   [Parallel Time: 4.3 ms, GC Workers: 14]
      [GC Worker Start (ms): Min: 482820431.3, Avg: 482820431.5, Max: 482820431.6, Diff: 0.3]
      [Ext Root Scanning (ms): Min: 0.3, Avg: 0.7, Max: 3.8, Diff: 3.5, Sum: 9.3]
      [Update RS (ms): Min: 0.0, Avg: 0.1, Max: 0.3, Diff: 0.3, Sum: 1.3]
         [Processed Buffers: Min: 0, Avg: 10.9, Max: 25, Diff: 25, Sum: 153]
      [Scan RS (ms): Min: 0.0, Avg: 0.0, Max: 0.1, Diff: 0.1, Sum: 0.5]
      [Code Root Scanning (ms): Min: 0.0, Avg: 0.0, Max: 0.0, Diff: 0.0, Sum: 0.0]
      [Object Copy (ms): Min: 0.0, Avg: 0.3, Max: 0.4, Diff: 0.4, Sum: 4.0]
      [Termination (ms): Min: 0.0, Avg: 2.5, Max: 2.8, Diff: 2.8, Sum: 34.9]
         [Termination Attempts: Min: 1, Avg: 32.8, Max: 49, Diff: 48, Sum: 459]
      [GC Worker Other (ms): Min: 0.0, Avg: 0.0, Max: 0.0, Diff: 0.0, Sum: 0.1]
      [GC Worker Total (ms): Min: 3.4, Avg: 3.6, Max: 3.8, Diff: 0.3, Sum: 50.2]
      [GC Worker End (ms): Min: 482820435.0, Avg: 482820435.1, Max: 482820435.1, Diff: 0.1]
   [Code Root Fixup: 0.0 ms]
   [Code Root Purge: 0.0 ms]
   [Clear CT: 0.4 ms]
   [Other: 6.5 ms]
      [Choose CSet: 0.0 ms]
      [Ref Proc: 5.8 ms]
      [Ref Enq: 0.3 ms]
      [Redirty Cards: 0.3 ms]
      [Humongous Register: 0.0 ms]
      [Humongous Reclaim: 0.0 ms]
      [Free CSet: 0.1 ms]
   [Eden: 7152.0M(7152.0M)->0.0B(7152.0M) Survivors: 16384.0K->16384.0K Heap: 9973.1M(14336.0M)->2821.3M(14336.0M)]
 [Times: user=0.08 sys=0.00, real=0.01 secs] 
2022-11-11T08:47:26.746-0700: 483791.432: [GC pause (G1 Evacuation Pause) (young), 0.0103936 secs]
   [Parallel Time: 4.2 ms, GC Workers: 14]
      [GC Worker Start (ms): Min: 483791431.9, Avg: 483791432.1, Max: 483791432.2, Diff: 0.3]
      [Ext Root Scanning (ms): Min: 0.2, Avg: 0.6, Max: 3.7, Diff: 3.5, Sum: 8.5]
      [Update RS (ms): Min: 0.0, Avg: 0.1, Max: 0.3, Diff: 0.3, Sum: 1.3]
         [Processed Buffers: Min: 0, Avg: 11.2, Max: 43, Diff: 43, Sum: 157]
      [Scan RS (ms): Min: 0.0, Avg: 0.0, Max: 0.1, Diff: 0.0, Sum: 0.4]
      [Code Root Scanning (ms): Min: 0.0, Avg: 0.0, Max: 0.0, Diff: 0.0, Sum: 0.0]
      [Object Copy (ms): Min: 0.0, Avg: 0.3, Max: 0.3, Diff: 0.3, Sum: 3.7]
      [Termination (ms): Min: 0.0, Avg: 2.6, Max: 2.9, Diff: 2.9, Sum: 36.6]
         [Termination Attempts: Min: 1, Avg: 17.1, Max: 32, Diff: 31, Sum: 240]
      [GC Worker Other (ms): Min: 0.0, Avg: 0.0, Max: 0.0, Diff: 0.0, Sum: 0.1]
      [GC Worker Total (ms): Min: 3.5, Avg: 3.6, Max: 3.8, Diff: 0.3, Sum: 50.6]
      [GC Worker End (ms): Min: 483791435.6, Avg: 483791435.7, Max: 483791435.7, Diff: 0.1]
   [Code Root Fixup: 0.0 ms]
   [Code Root Purge: 0.0 ms]
   [Clear CT: 0.4 ms]
   [Other: 5.8 ms]
      [Choose CSet: 0.0 ms]
      [Ref Proc: 5.2 ms]
      [Ref Enq: 0.2 ms]
      [Redirty Cards: 0.2 ms]
      [Humongous Register: 0.0 ms]
      [Humongous Reclaim: 0.0 ms]
      [Free CSet: 0.1 ms]
   [Eden: 7152.0M(7152.0M)->0.0B(7152.0M) Survivors: 16384.0K->16384.0K Heap: 9973.3M(14336.0M)->2821.1M(14336.0M)]
 [Times: user=0.08 sys=0.00, real=0.01 secs] 
2022-11-11T09:03:32.995-0700: 484757.681: [GC pause (G1 Evacuation Pause) (young), 0.0136843 secs]
   [Parallel Time: 7.6 ms, GC Workers: 14]
      [GC Worker Start (ms): Min: 484757681.4, Avg: 484757681.5, Max: 484757681.7, Diff: 0.3]
      [Ext Root Scanning (ms): Min: 0.2, Avg: 0.6, Max: 2.7, Diff: 2.5, Sum: 7.8]
      [Update RS (ms): Min: 0.0, Avg: 0.1, Max: 0.3, Diff: 0.3, Sum: 1.4]
         [Processed Buffers: Min: 0, Avg: 10.6, Max: 29, Diff: 29, Sum: 149]
      [Scan RS (ms): Min: 0.0, Avg: 0.0, Max: 0.0, Diff: 0.0, Sum: 0.5]
      [Code Root Scanning (ms): Min: 0.0, Avg: 0.0, Max: 0.0, Diff: 0.0, Sum: 0.0]
      [Object Copy (ms): Min: 0.0, Avg: 0.8, Max: 6.6, Diff: 6.6, Sum: 11.5]
      [Termination (ms): Min: 0.0, Avg: 5.6, Max: 6.3, Diff: 6.3, Sum: 78.9]
         [Termination Attempts: Min: 1, Avg: 31.0, Max: 55, Diff: 54, Sum: 434]
      [GC Worker Other (ms): Min: 0.0, Avg: 0.0, Max: 0.0, Diff: 0.0, Sum: 0.1]
      [GC Worker Total (ms): Min: 7.0, Avg: 7.2, Max: 7.3, Diff: 0.3, Sum: 100.2]
      [GC Worker End (ms): Min: 484757688.7, Avg: 484757688.7, Max: 484757688.7, Diff: 0.1]
   [Code Root Fixup: 0.0 ms]
   [Code Root Purge: 0.0 ms]
   [Clear CT: 0.3 ms]
   [Other: 5.7 ms]
      [Choose CSet: 0.0 ms]
      [Ref Proc: 5.0 ms]
      [Ref Enq: 0.3 ms]
      [Redirty Cards: 0.2 ms]
      [Humongous Register: 0.0 ms]
      [Humongous Reclaim: 0.0 ms]
      [Free CSet: 0.2 ms]
   [Eden: 7152.0M(7152.0M)->0.0B(7152.0M) Survivors: 16384.0K->16384.0K Heap: 9973.1M(14336.0M)->2821.3M(14336.0M)]
 [Times: user=0.11 sys=0.00, real=0.01 secs] 
2022-11-11T09:19:50.645-0700: 485735.331: [GC pause (G1 Evacuation Pause) (young), 0.0122892 secs]
   [Parallel Time: 5.8 ms, GC Workers: 14]
      [GC Worker Start (ms): Min: 485735331.4, Avg: 485735331.6, Max: 485735331.8, Diff: 0.3]
      [Ext Root Scanning (ms): Min: 0.2, Avg: 0.6, Max: 3.8, Diff: 3.6, Sum: 8.4]
      [Update RS (ms): Min: 0.0, Avg: 0.1, Max: 0.3, Diff: 0.3, Sum: 1.4]
         [Processed Buffers: Min: 0, Avg: 10.7, Max: 29, Diff: 29, Sum: 150]
      [Scan RS (ms): Min: 0.0, Avg: 0.0, Max: 0.1, Diff: 0.0, Sum: 0.4]
      [Code Root Scanning (ms): Min: 0.0, Avg: 0.0, Max: 0.0, Diff: 0.0, Sum: 0.0]
      [Object Copy (ms): Min: 0.0, Avg: 0.5, Max: 4.6, Diff: 4.6, Sum: 7.1]
      [Termination (ms): Min: 0.0, Avg: 3.8, Max: 4.4, Diff: 4.4, Sum: 53.9]
         [Termination Attempts: Min: 1, Avg: 2.1, Max: 7, Diff: 6, Sum: 30]
      [GC Worker Other (ms): Min: 0.0, Avg: 0.0, Max: 0.0, Diff: 0.0, Sum: 0.1]
      [GC Worker Total (ms): Min: 4.9, Avg: 5.1, Max: 5.3, Diff: 0.4, Sum: 71.3]
      [GC Worker End (ms): Min: 485735336.6, Avg: 485735336.7, Max: 485735336.8, Diff: 0.1]
   [Code Root Fixup: 0.0 ms]
   [Code Root Purge: 0.0 ms]
   [Clear CT: 0.3 ms]
   [Other: 6.2 ms]
      [Choose CSet: 0.0 ms]
      [Ref Proc: 5.5 ms]
      [Ref Enq: 0.2 ms]
      [Redirty Cards: 0.2 ms]
      [Humongous Register: 0.0 ms]
      [Humongous Reclaim: 0.0 ms]
      [Free CSet: 0.2 ms]
   [Eden: 7152.0M(7152.0M)->0.0B(7152.0M) Survivors: 16384.0K->16384.0K Heap: 9973.3M(14336.0M)->2821.1M(14336.0M)]
 [Times: user=0.09 sys=0.00, real=0.01 secs] 
2022-11-11T09:35:57.345-0700: 486702.031: [GC pause (G1 Evacuation Pause) (young), 0.0106529 secs]
   [Parallel Time: 4.3 ms, GC Workers: 14]
      [GC Worker Start (ms): Min: 486702031.5, Avg: 486702031.7, Max: 486702031.8, Diff: 0.3]
      [Ext Root Scanning (ms): Min: 0.2, Avg: 0.7, Max: 3.8, Diff: 3.6, Sum: 9.2]
      [Update RS (ms): Min: 0.0, Avg: 0.1, Max: 0.3, Diff: 0.3, Sum: 1.4]
         [Processed Buffers: Min: 0, Avg: 11.6, Max: 34, Diff: 34, Sum: 162]
      [Scan RS (ms): Min: 0.0, Avg: 0.0, Max: 0.1, Diff: 0.0, Sum: 0.4]
      [Code Root Scanning (ms): Min: 0.0, Avg: 0.0, Max: 0.0, Diff: 0.0, Sum: 0.0]
      [Object Copy (ms): Min: 0.0, Avg: 0.3, Max: 0.4, Diff: 0.4, Sum: 4.1]
      [Termination (ms): Min: 0.0, Avg: 2.6, Max: 2.9, Diff: 2.9, Sum: 36.3]
         [Termination Attempts: Min: 1, Avg: 36.1, Max: 47, Diff: 46, Sum: 505]
      [GC Worker Other (ms): Min: 0.0, Avg: 0.0, Max: 0.0, Diff: 0.0, Sum: 0.1]
      [GC Worker Total (ms): Min: 3.5, Avg: 3.7, Max: 3.8, Diff: 0.3, Sum: 51.5]
      [GC Worker End (ms): Min: 486702035.3, Avg: 486702035.3, Max: 486702035.4, Diff: 0.1]
   [Code Root Fixup: 0.0 ms]
   [Code Root Purge: 0.0 ms]
   [Clear CT: 0.2 ms]
   [Other: 6.2 ms]
      [Choose CSet: 0.0 ms]
      [Ref Proc: 5.4 ms]
      [Ref Enq: 0.3 ms]
      [Redirty Cards: 0.2 ms]
      [Humongous Register: 0.0 ms]
      [Humongous Reclaim: 0.0 ms]
      [Free CSet: 0.2 ms]
   [Eden: 7152.0M(7152.0M)->0.0B(7152.0M) Survivors: 16384.0K->16384.0K Heap: 9973.1M(14336.0M)->2821.4M(14336.0M)]
 [Times: user=0.08 sys=0.00, real=0.01 secs] 
2022-11-11T09:52:05.146-0700: 487669.832: [GC pause (G1 Evacuation Pause) (young), 0.0094681 secs]
   [Parallel Time: 4.0 ms, GC Workers: 14]
      [GC Worker Start (ms): Min: 487669832.0, Avg: 487669832.1, Max: 487669832.2, Diff: 0.3]
      [Ext Root Scanning (ms): Min: 0.3, Avg: 0.6, Max: 3.8, Diff: 3.5, Sum: 8.8]
      [Update RS (ms): Min: 0.0, Avg: 0.1, Max: 0.3, Diff: 0.3, Sum: 1.5]
         [Processed Buffers: Min: 0, Avg: 10.7, Max: 39, Diff: 39, Sum: 150]
      [Scan RS (ms): Min: 0.0, Avg: 0.0, Max: 0.1, Diff: 0.1, Sum: 0.5]
      [Code Root Scanning (ms): Min: 0.0, Avg: 0.0, Max: 0.0, Diff: 0.0, Sum: 0.0]
      [Object Copy (ms): Min: 0.0, Avg: 0.2, Max: 0.3, Diff: 0.3, Sum: 3.0]
      [Termination (ms): Min: 0.0, Avg: 2.7, Max: 2.9, Diff: 2.9, Sum: 37.7]
         [Termination Attempts: Min: 1, Avg: 9.2, Max: 16, Diff: 15, Sum: 129]
      [GC Worker Other (ms): Min: 0.0, Avg: 0.0, Max: 0.0, Diff: 0.0, Sum: 0.1]
      [GC Worker Total (ms): Min: 3.5, Avg: 3.7, Max: 3.8, Diff: 0.3, Sum: 51.6]
      [GC Worker End (ms): Min: 487669835.7, Avg: 487669835.8, Max: 487669835.8, Diff: 0.1]
   [Code Root Fixup: 0.0 ms]
   [Code Root Purge: 0.0 ms]
   [Clear CT: 0.4 ms]
   [Other: 5.0 ms]
      [Choose CSet: 0.0 ms]
      [Ref Proc: 4.4 ms]
      [Ref Enq: 0.3 ms]
      [Redirty Cards: 0.2 ms]
      [Humongous Register: 0.0 ms]
      [Humongous Reclaim: 0.0 ms]
      [Free CSet: 0.1 ms]
   [Eden: 7152.0M(7152.0M)->0.0B(7152.0M) Survivors: 16384.0K->16384.0K Heap: 9973.4M(14336.0M)->2821.1M(14336.0M)]
 [Times: user=0.07 sys=0.00, real=0.01 secs] 
2022-11-11T10:08:23.345-0700: 488648.031: [GC pause (G1 Evacuation Pause) (young), 0.0100194 secs]
   [Parallel Time: 4.1 ms, GC Workers: 14]
      [GC Worker Start (ms): Min: 488648031.3, Avg: 488648031.5, Max: 488648031.6, Diff: 0.3]
      [Ext Root Scanning (ms): Min: 0.2, Avg: 0.6, Max: 3.7, Diff: 3.5, Sum: 8.8]
      [Update RS (ms): Min: 0.0, Avg: 0.1, Max: 0.2, Diff: 0.2, Sum: 1.2]
         [Processed Buffers: Min: 0, Avg: 11.1, Max: 39, Diff: 39, Sum: 155]
      [Scan RS (ms): Min: 0.0, Avg: 0.0, Max: 0.1, Diff: 0.1, Sum: 0.4]
      [Code Root Scanning (ms): Min: 0.0, Avg: 0.0, Max: 0.0, Diff: 0.0, Sum: 0.0]
      [Object Copy (ms): Min: 0.0, Avg: 0.3, Max: 0.4, Diff: 0.4, Sum: 4.4]
      [Termination (ms): Min: 0.0, Avg: 2.5, Max: 2.8, Diff: 2.8, Sum: 34.7]
         [Termination Attempts: Min: 1, Avg: 39.6, Max: 53, Diff: 52, Sum: 554]
      [GC Worker Other (ms): Min: 0.0, Avg: 0.0, Max: 0.0, Diff: 0.0, Sum: 0.1]
      [GC Worker Total (ms): Min: 3.4, Avg: 3.6, Max: 3.7, Diff: 0.3, Sum: 49.7]
      [GC Worker End (ms): Min: 488648035.0, Avg: 488648035.0, Max: 488648035.1, Diff: 0.1]
   [Code Root Fixup: 0.0 ms]
   [Code Root Purge: 0.0 ms]
   [Clear CT: 0.4 ms]
   [Other: 5.5 ms]
      [Choose CSet: 0.0 ms]
      [Ref Proc: 4.8 ms]
      [Ref Enq: 0.3 ms]
      [Redirty Cards: 0.2 ms]
      [Humongous Register: 0.0 ms]
      [Humongous Reclaim: 0.0 ms]
      [Free CSet: 0.2 ms]
   [Eden: 7152.0M(7152.0M)->0.0B(7152.0M) Survivors: 16384.0K->16384.0K Heap: 9973.1M(14336.0M)->2821.3M(14336.0M)]
 [Times: user=0.07 sys=0.00, real=0.01 secs] 
2022-11-11T10:24:36.843-0700: 489621.529: [GC pause (G1 Evacuation Pause) (young), 0.0134329 secs]
   [Parallel Time: 8.0 ms, GC Workers: 14]
      [GC Worker Start (ms): Min: 489621529.1, Avg: 489621529.2, Max: 489621529.4, Diff: 0.3]
      [Ext Root Scanning (ms): Min: 0.2, Avg: 0.6, Max: 3.9, Diff: 3.7, Sum: 8.7]
      [Update RS (ms): Min: 0.0, Avg: 0.1, Max: 0.2, Diff: 0.2, Sum: 1.3]
         [Processed Buffers: Min: 0, Avg: 10.8, Max: 29, Diff: 29, Sum: 151]
      [Scan RS (ms): Min: 0.0, Avg: 0.0, Max: 0.1, Diff: 0.1, Sum: 0.4]
      [Code Root Scanning (ms): Min: 0.0, Avg: 0.0, Max: 0.0, Diff: 0.0, Sum: 0.0]
      [Object Copy (ms): Min: 0.0, Avg: 1.3, Max: 7.0, Diff: 7.0, Sum: 18.1]
      [Termination (ms): Min: 0.0, Avg: 5.5, Max: 6.7, Diff: 6.7, Sum: 76.8]
         [Termination Attempts: Min: 1, Avg: 39.6, Max: 73, Diff: 72, Sum: 555]
      [GC Worker Other (ms): Min: 0.0, Avg: 0.0, Max: 0.0, Diff: 0.0, Sum: 0.1]
      [GC Worker Total (ms): Min: 7.3, Avg: 7.5, Max: 7.7, Diff: 0.4, Sum: 105.4]
      [GC Worker End (ms): Min: 489621536.7, Avg: 489621536.7, Max: 489621536.8, Diff: 0.1]
   [Code Root Fixup: 0.0 ms]
   [Code Root Purge: 0.0 ms]
   [Clear CT: 0.2 ms]
   [Other: 5.2 ms]
      [Choose CSet: 0.0 ms]
      [Ref Proc: 4.2 ms]
      [Ref Enq: 0.6 ms]
      [Redirty Cards: 0.2 ms]
      [Humongous Register: 0.0 ms]
      [Humongous Reclaim: 0.0 ms]
      [Free CSet: 0.1 ms]
   [Eden: 7152.0M(7152.0M)->0.0B(7152.0M) Survivors: 16384.0K->16384.0K Heap: 9973.3M(14336.0M)->2821.2M(14336.0M)]
 [Times: user=0.11 sys=0.00, real=0.01 secs] 
2022-11-11T10:40:56.022-0700: 490600.708: [GC pause (G1 Evacuation Pause) (young), 0.0099844 secs]
   [Parallel Time: 4.2 ms, GC Workers: 14]
      [GC Worker Start (ms): Min: 490600708.4, Avg: 490600708.5, Max: 490600708.7, Diff: 0.3]
      [Ext Root Scanning (ms): Min: 0.2, Avg: 0.7, Max: 3.8, Diff: 3.5, Sum: 9.1]
      [Update RS (ms): Min: 0.0, Avg: 0.1, Max: 0.3, Diff: 0.3, Sum: 1.3]
         [Processed Buffers: Min: 0, Avg: 11.3, Max: 34, Diff: 34, Sum: 158]
      [Scan RS (ms): Min: 0.0, Avg: 0.0, Max: 0.0, Diff: 0.0, Sum: 0.4]
      [Code Root Scanning (ms): Min: 0.0, Avg: 0.0, Max: 0.0, Diff: 0.0, Sum: 0.0]
      [Object Copy (ms): Min: 0.0, Avg: 0.3, Max: 0.4, Diff: 0.4, Sum: 4.2]
      [Termination (ms): Min: 0.0, Avg: 2.6, Max: 2.8, Diff: 2.8, Sum: 36.0]
         [Termination Attempts: Min: 1, Avg: 42.3, Max: 69, Diff: 68, Sum: 592]
      [GC Worker Other (ms): Min: 0.0, Avg: 0.0, Max: 0.0, Diff: 0.0, Sum: 0.1]
      [GC Worker Total (ms): Min: 3.5, Avg: 3.7, Max: 3.8, Diff: 0.2, Sum: 51.2]
      [GC Worker End (ms): Min: 490600712.1, Avg: 490600712.2, Max: 490600712.2, Diff: 0.1]
   [Code Root Fixup: 0.0 ms]
   [Code Root Purge: 0.0 ms]
   [Clear CT: 0.3 ms]
   [Other: 5.5 ms]
      [Choose CSet: 0.0 ms]
      [Ref Proc: 4.8 ms]
      [Ref Enq: 0.2 ms]
      [Redirty Cards: 0.2 ms]
      [Humongous Register: 0.0 ms]
      [Humongous Reclaim: 0.0 ms]
      [Free CSet: 0.2 ms]
   [Eden: 7152.0M(7152.0M)->0.0B(7152.0M) Survivors: 16384.0K->16384.0K Heap: 9973.2M(14336.0M)->2821.5M(14336.0M)]
 [Times: user=0.08 sys=0.00, real=0.01 secs] 
2022-11-11T10:57:12.795-0700: 491577.482: [GC pause (G1 Evacuation Pause) (young), 0.0193673 secs]
   [Parallel Time: 11.5 ms, GC Workers: 14]
      [GC Worker Start (ms): Min: 491577481.7, Avg: 491577481.9, Max: 491577482.1, Diff: 0.3]
      [Ext Root Scanning (ms): Min: 0.2, Avg: 0.7, Max: 3.9, Diff: 3.7, Sum: 9.4]
      [Update RS (ms): Min: 0.0, Avg: 0.1, Max: 0.3, Diff: 0.3, Sum: 1.3]
         [Processed Buffers: Min: 0, Avg: 11.3, Max: 33, Diff: 33, Sum: 158]
      [Scan RS (ms): Min: 0.0, Avg: 0.0, Max: 0.1, Diff: 0.1, Sum: 0.5]
      [Code Root Scanning (ms): Min: 0.0, Avg: 0.0, Max: 0.0, Diff: 0.0, Sum: 0.0]
      [Object Copy (ms): Min: 0.0, Avg: 1.4, Max: 10.3, Diff: 10.3, Sum: 19.8]
      [Termination (ms): Min: 0.0, Avg: 8.6, Max: 10.0, Diff: 10.0, Sum: 120.1]
         [Termination Attempts: Min: 1, Avg: 13.6, Max: 34, Diff: 33, Sum: 190]
      [GC Worker Other (ms): Min: 0.0, Avg: 0.0, Max: 0.0, Diff: 0.0, Sum: 0.1]
      [GC Worker Total (ms): Min: 10.6, Avg: 10.8, Max: 11.0, Diff: 0.3, Sum: 151.2]
      [GC Worker End (ms): Min: 491577492.7, Avg: 491577492.7, Max: 491577492.8, Diff: 0.1]
   [Code Root Fixup: 0.0 ms]
   [Code Root Purge: 0.0 ms]
   [Clear CT: 0.4 ms]
   [Other: 7.5 ms]
      [Choose CSet: 0.0 ms]
      [Ref Proc: 6.8 ms]
      [Ref Enq: 0.2 ms]
      [Redirty Cards: 0.2 ms]
      [Humongous Register: 0.0 ms]
      [Humongous Reclaim: 0.0 ms]
      [Free CSet: 0.2 ms]
   [Eden: 7152.0M(7152.0M)->0.0B(7152.0M) Survivors: 16384.0K->16384.0K Heap: 9973.5M(14336.0M)->2821.2M(14336.0M)]
 [Times: user=0.16 sys=0.00, real=0.02 secs] 
2022-11-11T11:13:35.146-0700: 492559.832: [GC pause (G1 Evacuation Pause) (young), 0.0085189 secs]
   [Parallel Time: 2.9 ms, GC Workers: 14]
      [GC Worker Start (ms): Min: 492559832.1, Avg: 492559832.2, Max: 492559832.4, Diff: 0.3]
      [Ext Root Scanning (ms): Min: 0.2, Avg: 0.6, Max: 2.5, Diff: 2.3, Sum: 8.3]
      [Update RS (ms): Min: 0.0, Avg: 0.1, Max: 0.3, Diff: 0.3, Sum: 1.5]
         [Processed Buffers: Min: 0, Avg: 11.1, Max: 33, Diff: 33, Sum: 156]
      [Scan RS (ms): Min: 0.0, Avg: 0.0, Max: 0.1, Diff: 0.1, Sum: 0.5]
      [Code Root Scanning (ms): Min: 0.0, Avg: 0.0, Max: 0.0, Diff: 0.0, Sum: 0.0]
      [Object Copy (ms): Min: 0.0, Avg: 0.3, Max: 0.3, Diff: 0.3, Sum: 3.7]
      [Termination (ms): Min: 0.0, Avg: 1.5, Max: 1.7, Diff: 1.7, Sum: 20.4]
         [Termination Attempts: Min: 1, Avg: 23.8, Max: 35, Diff: 34, Sum: 333]
      [GC Worker Other (ms): Min: 0.0, Avg: 0.0, Max: 0.0, Diff: 0.0, Sum: 0.1]
      [GC Worker Total (ms): Min: 2.2, Avg: 2.5, Max: 2.6, Diff: 0.4, Sum: 34.5]
      [GC Worker End (ms): Min: 492559834.6, Avg: 492559834.7, Max: 492559834.7, Diff: 0.1]
   [Code Root Fixup: 0.0 ms]
   [Code Root Purge: 0.0 ms]
   [Clear CT: 0.4 ms]
   [Other: 5.2 ms]
      [Choose CSet: 0.0 ms]
      [Ref Proc: 4.6 ms]
      [Ref Enq: 0.2 ms]
      [Redirty Cards: 0.2 ms]
      [Humongous Register: 0.0 ms]
      [Humongous Reclaim: 0.0 ms]
      [Free CSet: 0.1 ms]
   [Eden: 7152.0M(7152.0M)->0.0B(7152.0M) Survivors: 16384.0K->16384.0K Heap: 9973.2M(14336.0M)->2821.2M(14336.0M)]
 [Times: user=0.06 sys=0.00, real=0.00 secs] 
2022-11-11T11:29:49.724-0700: 493534.410: [GC pause (G1 Evacuation Pause) (young), 0.0102612 secs]
   [Parallel Time: 4.2 ms, GC Workers: 14]
      [GC Worker Start (ms): Min: 493534410.5, Avg: 493534410.6, Max: 493534410.8, Diff: 0.3]
      [Ext Root Scanning (ms): Min: 0.2, Avg: 0.6, Max: 3.7, Diff: 3.6, Sum: 8.4]
      [Update RS (ms): Min: 0.0, Avg: 0.1, Max: 0.3, Diff: 0.3, Sum: 1.3]
         [Processed Buffers: Min: 0, Avg: 11.0, Max: 42, Diff: 42, Sum: 154]
      [Scan RS (ms): Min: 0.0, Avg: 0.0, Max: 0.1, Diff: 0.1, Sum: 0.5]
      [Code Root Scanning (ms): Min: 0.0, Avg: 0.0, Max: 0.0, Diff: 0.0, Sum: 0.0]
      [Object Copy (ms): Min: 0.0, Avg: 0.4, Max: 0.5, Diff: 0.5, Sum: 5.0]
      [Termination (ms): Min: 0.0, Avg: 2.5, Max: 2.8, Diff: 2.8, Sum: 35.7]
         [Termination Attempts: Min: 1, Avg: 59.4, Max: 91, Diff: 90, Sum: 832]
      [GC Worker Other (ms): Min: 0.0, Avg: 0.0, Max: 0.0, Diff: 0.0, Sum: 0.1]
      [GC Worker Total (ms): Min: 3.5, Avg: 3.6, Max: 3.8, Diff: 0.3, Sum: 51.0]
      [GC Worker End (ms): Min: 493534414.2, Avg: 493534414.3, Max: 493534414.3, Diff: 0.1]
   [Code Root Fixup: 0.0 ms]
   [Code Root Purge: 0.0 ms]
   [Clear CT: 0.4 ms]
   [Other: 5.7 ms]
      [Choose CSet: 0.0 ms]
      [Ref Proc: 5.1 ms]
      [Ref Enq: 0.2 ms]
      [Redirty Cards: 0.2 ms]
      [Humongous Register: 0.0 ms]
      [Humongous Reclaim: 0.0 ms]
      [Free CSet: 0.1 ms]
   [Eden: 7152.0M(7152.0M)->0.0B(7152.0M) Survivors: 16384.0K->16384.0K Heap: 9973.2M(14336.0M)->2821.5M(14336.0M)]
 [Times: user=0.08 sys=0.00, real=0.01 secs] 
2022-11-11T11:45:55.345-0700: 494500.032: [GC pause (G1 Evacuation Pause) (young), 0.0096930 secs]
   [Parallel Time: 4.2 ms, GC Workers: 14]
      [GC Worker Start (ms): Min: 494500031.7, Avg: 494500031.9, Max: 494500032.0, Diff: 0.3]
      [Ext Root Scanning (ms): Min: 0.2, Avg: 0.6, Max: 3.8, Diff: 3.6, Sum: 8.8]
      [Update RS (ms): Min: 0.0, Avg: 0.1, Max: 0.3, Diff: 0.3, Sum: 1.4]
         [Processed Buffers: Min: 0, Avg: 11.6, Max: 37, Diff: 37, Sum: 163]
      [Scan RS (ms): Min: 0.0, Avg: 0.0, Max: 0.1, Diff: 0.1, Sum: 0.5]
      [Code Root Scanning (ms): Min: 0.0, Avg: 0.0, Max: 0.0, Diff: 0.0, Sum: 0.0]
      [Object Copy (ms): Min: 0.0, Avg: 0.3, Max: 0.4, Diff: 0.4, Sum: 4.1]
      [Termination (ms): Min: 0.0, Avg: 2.6, Max: 2.8, Diff: 2.8, Sum: 36.3]
         [Termination Attempts: Min: 1, Avg: 16.7, Max: 30, Diff: 29, Sum: 234]
      [GC Worker Other (ms): Min: 0.0, Avg: 0.0, Max: 0.0, Diff: 0.0, Sum: 0.1]
      [GC Worker Total (ms): Min: 3.5, Avg: 3.7, Max: 3.8, Diff: 0.3, Sum: 51.3]
      [GC Worker End (ms): Min: 494500035.6, Avg: 494500035.6, Max: 494500035.6, Diff: 0.0]
   [Code Root Fixup: 0.0 ms]
   [Code Root Purge: 0.0 ms]
   [Clear CT: 0.4 ms]
   [Other: 5.1 ms]
      [Choose CSet: 0.0 ms]
      [Ref Proc: 4.6 ms]
      [Ref Enq: 0.2 ms]
      [Redirty Cards: 0.2 ms]
      [Humongous Register: 0.0 ms]
      [Humongous Reclaim: 0.0 ms]
      [Free CSet: 0.1 ms]
   [Eden: 7152.0M(7152.0M)->0.0B(7152.0M) Survivors: 16384.0K->16384.0K Heap: 9973.5M(14336.0M)->2821.4M(14336.0M)]
 [Times: user=0.07 sys=0.00, real=0.01 secs] 
2022-11-11T12:02:03.095-0700: 495467.781: [GC pause (G1 Evacuation Pause) (young), 0.0088386 secs]
   [Parallel Time: 2.9 ms, GC Workers: 14]
      [GC Worker Start (ms): Min: 495467781.2, Avg: 495467781.4, Max: 495467781.6, Diff: 0.3]
      [Ext Root Scanning (ms): Min: 0.2, Avg: 0.6, Max: 2.6, Diff: 2.3, Sum: 8.0]
      [Update RS (ms): Min: 0.0, Avg: 0.1, Max: 0.3, Diff: 0.3, Sum: 1.4]
         [Processed Buffers: Min: 0, Avg: 11.4, Max: 30, Diff: 30, Sum: 160]
      [Scan RS (ms): Min: 0.0, Avg: 0.0, Max: 0.1, Diff: 0.0, Sum: 0.4]
      [Code Root Scanning (ms): Min: 0.0, Avg: 0.0, Max: 0.0, Diff: 0.0, Sum: 0.0]
      [Object Copy (ms): Min: 0.0, Avg: 0.3, Max: 0.4, Diff: 0.4, Sum: 4.2]
      [Termination (ms): Min: 0.0, Avg: 1.5, Max: 1.6, Diff: 1.6, Sum: 20.7]
         [Termination Attempts: Min: 1, Avg: 37.0, Max: 51, Diff: 50, Sum: 518]
      [GC Worker Other (ms): Min: 0.0, Avg: 0.0, Max: 0.0, Diff: 0.0, Sum: 0.1]
      [GC Worker Total (ms): Min: 2.3, Avg: 2.5, Max: 2.6, Diff: 0.3, Sum: 34.8]
      [GC Worker End (ms): Min: 495467783.8, Avg: 495467783.9, Max: 495467783.9, Diff: 0.1]
   [Code Root Fixup: 0.0 ms]
   [Code Root Purge: 0.0 ms]
   [Clear CT: 0.4 ms]
   [Other: 5.6 ms]
      [Choose CSet: 0.0 ms]
      [Ref Proc: 5.0 ms]
      [Ref Enq: 0.2 ms]
      [Redirty Cards: 0.2 ms]
      [Humongous Register: 0.0 ms]
      [Humongous Reclaim: 0.0 ms]
      [Free CSet: 0.1 ms]
   [Eden: 7152.0M(7152.0M)->0.0B(7152.0M) Survivors: 16384.0K->16384.0K Heap: 9973.4M(14336.0M)->2821.5M(14336.0M)]
 [Times: user=0.05 sys=0.00, real=0.01 secs] 
2022-11-11T12:18:16.795-0700: 496441.481: [GC pause (G1 Evacuation Pause) (young), 0.0109945 secs]
   [Parallel Time: 4.1 ms, GC Workers: 14]
      [GC Worker Start (ms): Min: 496441481.3, Avg: 496441481.4, Max: 496441481.6, Diff: 0.3]
      [Ext Root Scanning (ms): Min: 0.2, Avg: 0.7, Max: 3.8, Diff: 3.6, Sum: 9.3]
      [Update RS (ms): Min: 0.0, Avg: 0.1, Max: 0.3, Diff: 0.3, Sum: 1.4]
         [Processed Buffers: Min: 0, Avg: 11.4, Max: 28, Diff: 28, Sum: 159]
      [Scan RS (ms): Min: 0.0, Avg: 0.0, Max: 0.1, Diff: 0.1, Sum: 0.4]
      [Code Root Scanning (ms): Min: 0.0, Avg: 0.0, Max: 0.0, Diff: 0.0, Sum: 0.0]
      [Object Copy (ms): Min: 0.0, Avg: 0.3, Max: 0.3, Diff: 0.3, Sum: 3.7]
      [Termination (ms): Min: 0.0, Avg: 2.7, Max: 3.0, Diff: 3.0, Sum: 37.4]
         [Termination Attempts: Min: 1, Avg: 11.9, Max: 24, Diff: 23, Sum: 167]
      [GC Worker Other (ms): Min: 0.0, Avg: 0.0, Max: 0.0, Diff: 0.0, Sum: 0.1]
      [GC Worker Total (ms): Min: 3.6, Avg: 3.7, Max: 3.9, Diff: 0.4, Sum: 52.3]
      [GC Worker End (ms): Min: 496441485.1, Avg: 496441485.1, Max: 496441485.2, Diff: 0.1]
   [Code Root Fixup: 0.0 ms]
   [Code Root Purge: 0.0 ms]
   [Clear CT: 0.4 ms]
   [Other: 6.6 ms]
      [Choose CSet: 0.0 ms]
      [Ref Proc: 6.0 ms]
      [Ref Enq: 0.2 ms]
      [Redirty Cards: 0.2 ms]
      [Humongous Register: 0.0 ms]
      [Humongous Reclaim: 0.0 ms]
      [Free CSet: 0.1 ms]
   [Eden: 7152.0M(7152.0M)->0.0B(7152.0M) Survivors: 16384.0K->16384.0K Heap: 9973.5M(14336.0M)->2821.3M(14336.0M)]
 [Times: user=0.08 sys=0.00, real=0.01 secs] 
2022-11-11T12:34:39.845-0700: 497424.531: [GC pause (G1 Evacuation Pause) (young), 0.0120349 secs]
   [Parallel Time: 5.3 ms, GC Workers: 14]
      [GC Worker Start (ms): Min: 497424531.2, Avg: 497424531.4, Max: 497424531.6, Diff: 0.4]
      [Ext Root Scanning (ms): Min: 0.2, Avg: 0.7, Max: 4.7, Diff: 4.5, Sum: 9.8]
      [Update RS (ms): Min: 0.0, Avg: 0.1, Max: 0.3, Diff: 0.3, Sum: 1.9]
         [Processed Buffers: Min: 0, Avg: 11.1, Max: 29, Diff: 29, Sum: 156]
      [Scan RS (ms): Min: 0.0, Avg: 0.0, Max: 0.1, Diff: 0.1, Sum: 0.4]
      [Code Root Scanning (ms): Min: 0.0, Avg: 0.0, Max: 0.0, Diff: 0.0, Sum: 0.0]
      [Object Copy (ms): Min: 0.0, Avg: 0.3, Max: 0.3, Diff: 0.3, Sum: 3.6]
      [Termination (ms): Min: 0.0, Avg: 3.5, Max: 3.8, Diff: 3.8, Sum: 48.6]
         [Termination Attempts: Min: 1, Avg: 17.6, Max: 30, Diff: 29, Sum: 247]
      [GC Worker Other (ms): Min: 0.0, Avg: 0.0, Max: 0.0, Diff: 0.0, Sum: 0.1]
      [GC Worker Total (ms): Min: 4.4, Avg: 4.6, Max: 4.8, Diff: 0.4, Sum: 64.4]
      [GC Worker End (ms): Min: 497424536.0, Avg: 497424536.0, Max: 497424536.1, Diff: 0.1]
   [Code Root Fixup: 0.0 ms]
   [Code Root Purge: 0.0 ms]
   [Clear CT: 0.2 ms]
   [Other: 6.5 ms]
      [Choose CSet: 0.0 ms]
      [Ref Proc: 5.8 ms]
      [Ref Enq: 0.3 ms]
      [Redirty Cards: 0.2 ms]
      [Humongous Register: 0.0 ms]
      [Humongous Reclaim: 0.0 ms]
      [Free CSet: 0.1 ms]
   [Eden: 7152.0M(7152.0M)->0.0B(7152.0M) Survivors: 16384.0K->16384.0K Heap: 9973.3M(14336.0M)->2821.5M(14336.0M)]
 [Times: user=0.09 sys=0.00, real=0.01 secs] 
2022-11-11T12:50:41.038-0700: 498385.724: [GC pause (G1 Evacuation Pause) (young), 0.0108924 secs]
   [Parallel Time: 4.3 ms, GC Workers: 14]
      [GC Worker Start (ms): Min: 498385724.4, Avg: 498385724.6, Max: 498385724.8, Diff: 0.3]
      [Ext Root Scanning (ms): Min: 0.2, Avg: 0.7, Max: 3.8, Diff: 3.5, Sum: 9.2]
      [Update RS (ms): Min: 0.0, Avg: 0.1, Max: 0.2, Diff: 0.2, Sum: 1.3]
         [Processed Buffers: Min: 0, Avg: 12.1, Max: 38, Diff: 38, Sum: 169]
      [Scan RS (ms): Min: 0.0, Avg: 0.0, Max: 0.1, Diff: 0.1, Sum: 0.5]
      [Code Root Scanning (ms): Min: 0.0, Avg: 0.0, Max: 0.0, Diff: 0.0, Sum: 0.0]
      [Object Copy (ms): Min: 0.0, Avg: 0.3, Max: 0.4, Diff: 0.4, Sum: 4.4]
      [Termination (ms): Min: 0.0, Avg: 2.5, Max: 2.8, Diff: 2.8, Sum: 35.2]
         [Termination Attempts: Min: 1, Avg: 40.0, Max: 56, Diff: 55, Sum: 560]
      [GC Worker Other (ms): Min: 0.0, Avg: 0.0, Max: 0.0, Diff: 0.0, Sum: 0.1]
      [GC Worker Total (ms): Min: 3.4, Avg: 3.6, Max: 3.8, Diff: 0.3, Sum: 50.7]
      [GC Worker End (ms): Min: 498385728.2, Avg: 498385728.2, Max: 498385728.3, Diff: 0.1]
   [Code Root Fixup: 0.0 ms]
   [Code Root Purge: 0.0 ms]
   [Clear CT: 0.4 ms]
   [Other: 6.2 ms]
      [Choose CSet: 0.0 ms]
      [Ref Proc: 5.5 ms]
      [Ref Enq: 0.2 ms]
      [Redirty Cards: 0.2 ms]
      [Humongous Register: 0.0 ms]
      [Humongous Reclaim: 0.0 ms]
      [Free CSet: 0.2 ms]
   [Eden: 7152.0M(7152.0M)->0.0B(7152.0M) Survivors: 16384.0K->16384.0K Heap: 9973.5M(14336.0M)->2821.3M(14336.0M)]
 [Times: user=0.07 sys=0.00, real=0.01 secs] 
2022-11-11T13:06:58.746-0700: 499363.432: [GC pause (G1 Evacuation Pause) (young), 0.0112121 secs]
   [Parallel Time: 4.2 ms, GC Workers: 14]
      [GC Worker Start (ms): Min: 499363432.0, Avg: 499363432.1, Max: 499363432.4, Diff: 0.4]
      [Ext Root Scanning (ms): Min: 0.1, Avg: 0.6, Max: 3.7, Diff: 3.6, Sum: 8.8]
      [Update RS (ms): Min: 0.0, Avg: 0.1, Max: 0.3, Diff: 0.3, Sum: 1.2]
         [Processed Buffers: Min: 0, Avg: 10.8, Max: 37, Diff: 37, Sum: 151]
      [Scan RS (ms): Min: 0.0, Avg: 0.0, Max: 0.1, Diff: 0.1, Sum: 0.6]
      [Code Root Scanning (ms): Min: 0.0, Avg: 0.0, Max: 0.0, Diff: 0.0, Sum: 0.0]
      [Object Copy (ms): Min: 0.0, Avg: 0.3, Max: 0.3, Diff: 0.3, Sum: 3.8]
      [Termination (ms): Min: 0.0, Avg: 2.5, Max: 2.8, Diff: 2.8, Sum: 35.2]
         [Termination Attempts: Min: 1, Avg: 26.4, Max: 42, Diff: 41, Sum: 370]
      [GC Worker Other (ms): Min: 0.0, Avg: 0.0, Max: 0.0, Diff: 0.0, Sum: 0.1]
      [GC Worker Total (ms): Min: 3.3, Avg: 3.5, Max: 3.7, Diff: 0.4, Sum: 49.6]
      [GC Worker End (ms): Min: 499363435.7, Avg: 499363435.7, Max: 499363435.7, Diff: 0.1]
   [Code Root Fixup: 0.0 ms]
   [Code Root Purge: 0.0 ms]
   [Clear CT: 0.3 ms]
   [Other: 6.7 ms]
      [Choose CSet: 0.0 ms]
      [Ref Proc: 6.1 ms]
      [Ref Enq: 0.2 ms]
      [Redirty Cards: 0.2 ms]
      [Humongous Register: 0.0 ms]
      [Humongous Reclaim: 0.0 ms]
      [Free CSet: 0.1 ms]
   [Eden: 7152.0M(7152.0M)->0.0B(7152.0M) Survivors: 16384.0K->16384.0K Heap: 9973.3M(14336.0M)->2821.6M(14336.0M)]
 [Times: user=0.08 sys=0.00, real=0.01 secs] 
2022-11-11T13:23:11.245-0700: 500335.931: [GC pause (G1 Evacuation Pause) (young), 0.0103103 secs]
   [Parallel Time: 4.3 ms, GC Workers: 14]
      [GC Worker Start (ms): Min: 500335931.3, Avg: 500335931.4, Max: 500335931.7, Diff: 0.4]
      [Ext Root Scanning (ms): Min: 0.1, Avg: 0.6, Max: 3.8, Diff: 3.6, Sum: 8.4]
      [Update RS (ms): Min: 0.0, Avg: 0.1, Max: 0.3, Diff: 0.3, Sum: 1.3]
         [Processed Buffers: Min: 0, Avg: 11.9, Max: 36, Diff: 36, Sum: 166]
      [Scan RS (ms): Min: 0.0, Avg: 0.0, Max: 0.1, Diff: 0.1, Sum: 0.5]
      [Code Root Scanning (ms): Min: 0.0, Avg: 0.0, Max: 0.0, Diff: 0.0, Sum: 0.0]
      [Object Copy (ms): Min: 0.0, Avg: 0.3, Max: 0.4, Diff: 0.4, Sum: 4.3]
      [Termination (ms): Min: 0.0, Avg: 2.6, Max: 2.9, Diff: 2.9, Sum: 36.9]
         [Termination Attempts: Min: 1, Avg: 31.7, Max: 42, Diff: 41, Sum: 444]
      [GC Worker Other (ms): Min: 0.0, Avg: 0.0, Max: 0.0, Diff: 0.0, Sum: 0.1]
      [GC Worker Total (ms): Min: 3.4, Avg: 3.7, Max: 3.8, Diff: 0.4, Sum: 51.5]
      [GC Worker End (ms): Min: 500335935.0, Avg: 500335935.1, Max: 500335935.2, Diff: 0.1]
   [Code Root Fixup: 0.0 ms]
   [Code Root Purge: 0.0 ms]
   [Clear CT: 0.3 ms]
   [Other: 5.6 ms]
      [Choose CSet: 0.0 ms]
      [Ref Proc: 5.1 ms]
      [Ref Enq: 0.2 ms]
      [Redirty Cards: 0.2 ms]
      [Humongous Register: 0.0 ms]
      [Humongous Reclaim: 0.0 ms]
      [Free CSet: 0.1 ms]
   [Eden: 7152.0M(7152.0M)->0.0B(7152.0M) Survivors: 16384.0K->16384.0K Heap: 9973.6M(14336.0M)->2821.3M(14336.0M)]
 [Times: user=0.08 sys=0.00, real=0.01 secs] 
2022-11-11T13:39:27.922-0700: 501312.609: [GC pause (G1 Evacuation Pause) (young), 0.0098878 secs]
   [Parallel Time: 4.2 ms, GC Workers: 14]
      [GC Worker Start (ms): Min: 501312608.7, Avg: 501312608.9, Max: 501312609.0, Diff: 0.3]
      [Ext Root Scanning (ms): Min: 0.2, Avg: 0.7, Max: 3.7, Diff: 3.5, Sum: 9.3]
      [Update RS (ms): Min: 0.0, Avg: 0.1, Max: 0.3, Diff: 0.3, Sum: 1.4]
         [Processed Buffers: Min: 0, Avg: 11.9, Max: 25, Diff: 25, Sum: 167]
      [Scan RS (ms): Min: 0.0, Avg: 0.0, Max: 0.0, Diff: 0.0, Sum: 0.4]
      [Code Root Scanning (ms): Min: 0.0, Avg: 0.0, Max: 0.0, Diff: 0.0, Sum: 0.0]
      [Object Copy (ms): Min: 0.0, Avg: 0.3, Max: 0.3, Diff: 0.3, Sum: 3.7]
      [Termination (ms): Min: 0.0, Avg: 2.6, Max: 2.9, Diff: 2.9, Sum: 36.1]
         [Termination Attempts: Min: 1, Avg: 19.4, Max: 30, Diff: 29, Sum: 271]
      [GC Worker Other (ms): Min: 0.0, Avg: 0.0, Max: 0.0, Diff: 0.0, Sum: 0.1]
      [GC Worker Total (ms): Min: 3.5, Avg: 3.6, Max: 3.8, Diff: 0.3, Sum: 51.0]
      [GC Worker End (ms): Min: 501312612.5, Avg: 501312612.5, Max: 501312612.6, Diff: 0.1]
   [Code Root Fixup: 0.0 ms]
   [Code Root Purge: 0.0 ms]
   [Clear CT: 0.3 ms]
   [Other: 5.3 ms]
      [Choose CSet: 0.0 ms]
      [Ref Proc: 4.7 ms]
      [Ref Enq: 0.2 ms]
      [Redirty Cards: 0.2 ms]
      [Humongous Register: 0.0 ms]
      [Humongous Reclaim: 0.0 ms]
      [Free CSet: 0.1 ms]
   [Eden: 7152.0M(7152.0M)->0.0B(7152.0M) Survivors: 16384.0K->16384.0K Heap: 9973.3M(14336.0M)->2821.7M(14336.0M)]
 [Times: user=0.03 sys=0.04, real=0.00 secs] 
2022-11-11T13:55:46.546-0700: 502291.232: [GC pause (G1 Evacuation Pause) (young), 0.0102105 secs]
   [Parallel Time: 4.5 ms, GC Workers: 14]
      [GC Worker Start (ms): Min: 502291232.0, Avg: 502291232.1, Max: 502291232.2, Diff: 0.3]
      [Ext Root Scanning (ms): Min: 0.3, Avg: 0.6, Max: 3.8, Diff: 3.5, Sum: 9.0]
      [Update RS (ms): Min: 0.0, Avg: 0.1, Max: 0.3, Diff: 0.3, Sum: 1.3]
         [Processed Buffers: Min: 0, Avg: 10.6, Max: 24, Diff: 24, Sum: 148]
      [Scan RS (ms): Min: 0.0, Avg: 0.0, Max: 0.1, Diff: 0.1, Sum: 0.5]
      [Code Root Scanning (ms): Min: 0.0, Avg: 0.0, Max: 0.0, Diff: 0.0, Sum: 0.0]
      [Object Copy (ms): Min: 0.0, Avg: 0.3, Max: 0.4, Diff: 0.4, Sum: 4.7]
      [Termination (ms): Min: 0.0, Avg: 2.6, Max: 2.9, Diff: 2.9, Sum: 36.1]
         [Termination Attempts: Min: 1, Avg: 19.8, Max: 30, Diff: 29, Sum: 277]
      [GC Worker Other (ms): Min: 0.0, Avg: 0.0, Max: 0.0, Diff: 0.0, Sum: 0.1]
      [GC Worker Total (ms): Min: 3.5, Avg: 3.7, Max: 3.8, Diff: 0.3, Sum: 51.7]
      [GC Worker End (ms): Min: 502291235.7, Avg: 502291235.8, Max: 502291235.9, Diff: 0.1]
   [Code Root Fixup: 0.0 ms]
   [Code Root Purge: 0.0 ms]
   [Clear CT: 0.3 ms]
   [Other: 5.4 ms]
      [Choose CSet: 0.0 ms]
      [Ref Proc: 4.7 ms]
      [Ref Enq: 0.3 ms]
      [Redirty Cards: 0.2 ms]
      [Humongous Register: 0.0 ms]
      [Humongous Reclaim: 0.0 ms]
      [Free CSet: 0.1 ms]
   [Eden: 7152.0M(7152.0M)->0.0B(7152.0M) Survivors: 16384.0K->16384.0K Heap: 9973.7M(14336.0M)->2821.5M(14336.0M)]
 [Times: user=0.07 sys=0.00, real=0.01 secs] 
2022-11-11T14:11:53.695-0700: 503258.381: [GC pause (G1 Evacuation Pause) (young), 0.0096760 secs]
   [Parallel Time: 4.3 ms, GC Workers: 14]
      [GC Worker Start (ms): Min: 503258381.3, Avg: 503258381.5, Max: 503258381.6, Diff: 0.3]
      [Ext Root Scanning (ms): Min: 0.3, Avg: 0.7, Max: 3.8, Diff: 3.5, Sum: 9.5]
      [Update RS (ms): Min: 0.0, Avg: 0.1, Max: 0.3, Diff: 0.3, Sum: 1.3]
         [Processed Buffers: Min: 0, Avg: 11.1, Max: 37, Diff: 37, Sum: 155]
      [Scan RS (ms): Min: 0.0, Avg: 0.0, Max: 0.1, Diff: 0.1, Sum: 0.5]
      [Code Root Scanning (ms): Min: 0.0, Avg: 0.0, Max: 0.0, Diff: 0.0, Sum: 0.0]
      [Object Copy (ms): Min: 0.0, Avg: 0.2, Max: 0.3, Diff: 0.3, Sum: 3.4]
      [Termination (ms): Min: 0.0, Avg: 2.6, Max: 2.9, Diff: 2.9, Sum: 36.3]
         [Termination Attempts: Min: 1, Avg: 25.4, Max: 39, Diff: 38, Sum: 356]
      [GC Worker Other (ms): Min: 0.0, Avg: 0.0, Max: 0.0, Diff: 0.0, Sum: 0.1]
      [GC Worker Total (ms): Min: 3.5, Avg: 3.6, Max: 3.8, Diff: 0.3, Sum: 51.0]
      [GC Worker End (ms): Min: 503258385.1, Avg: 503258385.1, Max: 503258385.2, Diff: 0.1]
   [Code Root Fixup: 0.0 ms]
   [Code Root Purge: 0.0 ms]
   [Clear CT: 0.3 ms]
   [Other: 5.1 ms]
      [Choose CSet: 0.0 ms]
      [Ref Proc: 4.4 ms]
      [Ref Enq: 0.3 ms]
      [Redirty Cards: 0.2 ms]
      [Humongous Register: 0.0 ms]
      [Humongous Reclaim: 0.0 ms]
      [Free CSet: 0.1 ms]
   [Eden: 7152.0M(7152.0M)->0.0B(7152.0M) Survivors: 16384.0K->16384.0K Heap: 9973.5M(14336.0M)->2821.6M(14336.0M)]
 [Times: user=0.07 sys=0.00, real=0.01 secs] 
2022-11-11T14:27:53.283-0700: 504217.969: [GC pause (G1 Evacuation Pause) (young), 0.0104406 secs]
   [Parallel Time: 4.0 ms, GC Workers: 14]
      [GC Worker Start (ms): Min: 504217969.2, Avg: 504217969.4, Max: 504217969.6, Diff: 0.3]
      [Ext Root Scanning (ms): Min: 0.2, Avg: 0.6, Max: 3.7, Diff: 3.5, Sum: 8.8]
      [Update RS (ms): Min: 0.0, Avg: 0.1, Max: 0.2, Diff: 0.2, Sum: 1.9]
         [Processed Buffers: Min: 0, Avg: 11.5, Max: 34, Diff: 34, Sum: 161]
      [Scan RS (ms): Min: 0.0, Avg: 0.0, Max: 0.1, Diff: 0.1, Sum: 0.4]
      [Code Root Scanning (ms): Min: 0.0, Avg: 0.0, Max: 0.0, Diff: 0.0, Sum: 0.0]
      [Object Copy (ms): Min: 0.0, Avg: 0.2, Max: 0.3, Diff: 0.3, Sum: 3.0]
      [Termination (ms): Min: 0.0, Avg: 2.6, Max: 2.9, Diff: 2.9, Sum: 36.6]
         [Termination Attempts: Min: 1, Avg: 5.4, Max: 16, Diff: 15, Sum: 76]
      [GC Worker Other (ms): Min: 0.0, Avg: 0.0, Max: 0.0, Diff: 0.0, Sum: 0.1]
      [GC Worker Total (ms): Min: 3.5, Avg: 3.6, Max: 3.8, Diff: 0.3, Sum: 50.8]
      [GC Worker End (ms): Min: 504217973.0, Avg: 504217973.0, Max: 504217973.1, Diff: 0.1]
   [Code Root Fixup: 0.0 ms]
   [Code Root Purge: 0.0 ms]
   [Clear CT: 0.3 ms]
   [Other: 6.0 ms]
      [Choose CSet: 0.0 ms]
      [Ref Proc: 5.4 ms]
      [Ref Enq: 0.2 ms]
      [Redirty Cards: 0.2 ms]
      [Humongous Register: 0.0 ms]
      [Humongous Reclaim: 0.0 ms]
      [Free CSet: 0.1 ms]
   [Eden: 7152.0M(7152.0M)->0.0B(7152.0M) Survivors: 16384.0K->16384.0K Heap: 9973.6M(14336.0M)->2821.5M(14336.0M)]
 [Times: user=0.07 sys=0.00, real=0.00 secs] 
2022-11-11T14:44:08.076-0700: 505192.763: [GC pause (G1 Evacuation Pause) (young), 0.0109779 secs]
   [Parallel Time: 4.2 ms, GC Workers: 14]
      [GC Worker Start (ms): Min: 505192762.7, Avg: 505192762.9, Max: 505192763.1, Diff: 0.4]
      [Ext Root Scanning (ms): Min: 0.2, Avg: 0.6, Max: 3.7, Diff: 3.6, Sum: 8.4]
      [Update RS (ms): Min: 0.0, Avg: 0.1, Max: 0.3, Diff: 0.3, Sum: 1.3]
         [Processed Buffers: Min: 0, Avg: 11.1, Max: 30, Diff: 30, Sum: 156]
      [Scan RS (ms): Min: 0.0, Avg: 0.0, Max: 0.1, Diff: 0.1, Sum: 0.4]
      [Code Root Scanning (ms): Min: 0.0, Avg: 0.0, Max: 0.0, Diff: 0.0, Sum: 0.0]
      [Object Copy (ms): Min: 0.0, Avg: 0.3, Max: 0.3, Diff: 0.3, Sum: 3.7]
      [Termination (ms): Min: 0.0, Avg: 2.6, Max: 2.9, Diff: 2.9, Sum: 36.7]
         [Termination Attempts: Min: 1, Avg: 27.1, Max: 41, Diff: 40, Sum: 379]
      [GC Worker Other (ms): Min: 0.0, Avg: 0.0, Max: 0.0, Diff: 0.0, Sum: 0.1]
      [GC Worker Total (ms): Min: 3.4, Avg: 3.6, Max: 3.8, Diff: 0.3, Sum: 50.7]
      [GC Worker End (ms): Min: 505192766.5, Avg: 505192766.5, Max: 505192766.6, Diff: 0.1]
   [Code Root Fixup: 0.0 ms]
   [Code Root Purge: 0.0 ms]
   [Clear CT: 0.7 ms]
   [Other: 6.1 ms]
      [Choose CSet: 0.0 ms]
      [Ref Proc: 5.4 ms]
      [Ref Enq: 0.3 ms]
      [Redirty Cards: 0.3 ms]
      [Humongous Register: 0.0 ms]
      [Humongous Reclaim: 0.0 ms]
      [Free CSet: 0.1 ms]
   [Eden: 7152.0M(7152.0M)->0.0B(7152.0M) Survivors: 16384.0K->16384.0K Heap: 9973.5M(14336.0M)->2821.4M(14336.0M)]
 [Times: user=0.08 sys=0.00, real=0.01 secs] 
2022-11-11T15:00:22.743-0700: 506167.429: [GC pause (G1 Evacuation Pause) (young), 0.0107183 secs]
   [Parallel Time: 4.1 ms, GC Workers: 14]
      [GC Worker Start (ms): Min: 506167429.3, Avg: 506167429.6, Max: 506167429.7, Diff: 0.4]
      [Ext Root Scanning (ms): Min: 0.2, Avg: 0.6, Max: 3.8, Diff: 3.6, Sum: 8.5]
      [Update RS (ms): Min: 0.0, Avg: 0.1, Max: 0.2, Diff: 0.2, Sum: 1.4]
         [Processed Buffers: Min: 0, Avg: 10.6, Max: 25, Diff: 25, Sum: 148]
      [Scan RS (ms): Min: 0.0, Avg: 0.0, Max: 0.1, Diff: 0.0, Sum: 0.4]
      [Code Root Scanning (ms): Min: 0.0, Avg: 0.0, Max: 0.0, Diff: 0.0, Sum: 0.0]
      [Object Copy (ms): Min: 0.0, Avg: 0.3, Max: 0.4, Diff: 0.4, Sum: 4.3]
      [Termination (ms): Min: 0.0, Avg: 2.5, Max: 2.8, Diff: 2.8, Sum: 35.0]
         [Termination Attempts: Min: 1, Avg: 33.6, Max: 43, Diff: 42, Sum: 470]
      [GC Worker Other (ms): Min: 0.0, Avg: 0.0, Max: 0.0, Diff: 0.0, Sum: 0.1]
      [GC Worker Total (ms): Min: 3.3, Avg: 3.6, Max: 3.8, Diff: 0.4, Sum: 49.7]
      [GC Worker End (ms): Min: 506167433.1, Avg: 506167433.1, Max: 506167433.1, Diff: 0.1]
   [Code Root Fixup: 0.0 ms]
   [Code Root Purge: 0.0 ms]
   [Clear CT: 0.3 ms]
   [Other: 6.3 ms]
      [Choose CSet: 0.0 ms]
      [Ref Proc: 5.6 ms]
      [Ref Enq: 0.3 ms]
      [Redirty Cards: 0.2 ms]
      [Humongous Register: 0.0 ms]
      [Humongous Reclaim: 0.0 ms]
      [Free CSet: 0.1 ms]
   [Eden: 7152.0M(7152.0M)->0.0B(7152.0M) Survivors: 16384.0K->16384.0K Heap: 9973.4M(14336.0M)->2821.7M(14336.0M)]
 [Times: user=0.07 sys=0.00, real=0.00 secs] 
2022-11-11T15:16:45.195-0700: 507149.881: [GC pause (G1 Evacuation Pause) (young), 0.0101400 secs]
   [Parallel Time: 4.2 ms, GC Workers: 14]
      [GC Worker Start (ms): Min: 507149881.2, Avg: 507149881.4, Max: 507149881.5, Diff: 0.4]
      [Ext Root Scanning (ms): Min: 0.3, Avg: 0.6, Max: 3.8, Diff: 3.5, Sum: 9.1]
      [Update RS (ms): Min: 0.0, Avg: 0.1, Max: 0.3, Diff: 0.3, Sum: 1.3]
         [Processed Buffers: Min: 0, Avg: 11.3, Max: 29, Diff: 29, Sum: 158]
      [Scan RS (ms): Min: 0.0, Avg: 0.0, Max: 0.1, Diff: 0.1, Sum: 0.5]
      [Code Root Scanning (ms): Min: 0.0, Avg: 0.0, Max: 0.0, Diff: 0.0, Sum: 0.0]
      [Object Copy (ms): Min: 0.0, Avg: 0.3, Max: 0.3, Diff: 0.3, Sum: 3.8]
      [Termination (ms): Min: 0.0, Avg: 2.5, Max: 2.7, Diff: 2.7, Sum: 35.5]
         [Termination Attempts: Min: 1, Avg: 21.2, Max: 30, Diff: 29, Sum: 297]
      [GC Worker Other (ms): Min: 0.0, Avg: 0.0, Max: 0.0, Diff: 0.0, Sum: 0.1]
      [GC Worker Total (ms): Min: 3.4, Avg: 3.6, Max: 3.8, Diff: 0.3, Sum: 50.2]
      [GC Worker End (ms): Min: 507149884.9, Avg: 507149885.0, Max: 507149885.0, Diff: 0.0]
   [Code Root Fixup: 0.0 ms]
   [Code Root Purge: 0.0 ms]
   [Clear CT: 0.4 ms]
   [Other: 5.6 ms]
      [Choose CSet: 0.0 ms]
      [Ref Proc: 5.0 ms]
      [Ref Enq: 0.2 ms]
      [Redirty Cards: 0.2 ms]
      [Humongous Register: 0.0 ms]
      [Humongous Reclaim: 0.0 ms]
      [Free CSet: 0.1 ms]
   [Eden: 7152.0M(7152.0M)->0.0B(7152.0M) Survivors: 16384.0K->16384.0K Heap: 9973.7M(14336.0M)->2821.5M(14336.0M)]
 [Times: user=0.08 sys=0.00, real=0.01 secs] 
2022-11-11T15:32:58.896-0700: 508123.582: [GC pause (G1 Evacuation Pause) (young), 0.0074627 secs]
   [Parallel Time: 2.8 ms, GC Workers: 14]
      [GC Worker Start (ms): Min: 508123582.0, Avg: 508123582.1, Max: 508123582.3, Diff: 0.3]
      [Ext Root Scanning (ms): Min: 0.3, Avg: 0.6, Max: 2.6, Diff: 2.3, Sum: 7.9]
      [Update RS (ms): Min: 0.0, Avg: 0.1, Max: 0.3, Diff: 0.3, Sum: 1.6]
         [Processed Buffers: Min: 0, Avg: 10.9, Max: 38, Diff: 38, Sum: 153]
      [Scan RS (ms): Min: 0.0, Avg: 0.0, Max: 0.1, Diff: 0.1, Sum: 0.5]
      [Code Root Scanning (ms): Min: 0.0, Avg: 0.0, Max: 0.0, Diff: 0.0, Sum: 0.0]
      [Object Copy (ms): Min: 0.0, Avg: 0.3, Max: 0.4, Diff: 0.4, Sum: 3.9]
      [Termination (ms): Min: 0.0, Avg: 1.5, Max: 1.7, Diff: 1.7, Sum: 20.8]
         [Termination Attempts: Min: 1, Avg: 12.7, Max: 26, Diff: 25, Sum: 178]
      [GC Worker Other (ms): Min: 0.0, Avg: 0.0, Max: 0.0, Diff: 0.0, Sum: 0.1]
      [GC Worker Total (ms): Min: 2.3, Avg: 2.5, Max: 2.6, Diff: 0.3, Sum: 34.8]
      [GC Worker End (ms): Min: 508123584.6, Avg: 508123584.6, Max: 508123584.7, Diff: 0.1]
   [Code Root Fixup: 0.0 ms]
   [Code Root Purge: 0.0 ms]
   [Clear CT: 0.3 ms]
   [Other: 4.4 ms]
      [Choose CSet: 0.0 ms]
      [Ref Proc: 3.7 ms]
      [Ref Enq: 0.3 ms]
      [Redirty Cards: 0.2 ms]
      [Humongous Register: 0.0 ms]
      [Humongous Reclaim: 0.0 ms]
      [Free CSet: 0.1 ms]
   [Eden: 7152.0M(7152.0M)->0.0B(7152.0M) Survivors: 16384.0K->16384.0K Heap: 9973.5M(14336.0M)->2821.5M(14336.0M)]
 [Times: user=0.05 sys=0.00, real=0.01 secs] 
2022-11-11T15:49:14.454-0700: 509099.140: [GC pause (G1 Evacuation Pause) (young), 0.0096104 secs]
   [Parallel Time: 4.1 ms, GC Workers: 14]
      [GC Worker Start (ms): Min: 509099140.5, Avg: 509099140.7, Max: 509099140.8, Diff: 0.3]
      [Ext Root Scanning (ms): Min: 0.2, Avg: 0.6, Max: 3.8, Diff: 3.5, Sum: 8.9]
      [Update RS (ms): Min: 0.0, Avg: 0.1, Max: 0.3, Diff: 0.3, Sum: 1.3]
         [Processed Buffers: Min: 0, Avg: 11.3, Max: 29, Diff: 29, Sum: 158]
      [Scan RS (ms): Min: 0.0, Avg: 0.0, Max: 0.1, Diff: 0.1, Sum: 0.4]
      [Code Root Scanning (ms): Min: 0.0, Avg: 0.0, Max: 0.0, Diff: 0.0, Sum: 0.0]
      [Object Copy (ms): Min: 0.0, Avg: 0.3, Max: 0.4, Diff: 0.4, Sum: 4.3]
      [Termination (ms): Min: 0.0, Avg: 2.6, Max: 2.9, Diff: 2.9, Sum: 36.5]
         [Termination Attempts: Min: 1, Avg: 41.4, Max: 58, Diff: 57, Sum: 579]
      [GC Worker Other (ms): Min: 0.0, Avg: 0.0, Max: 0.0, Diff: 0.0, Sum: 0.1]
      [GC Worker Total (ms): Min: 3.5, Avg: 3.7, Max: 3.8, Diff: 0.3, Sum: 51.5]
      [GC Worker End (ms): Min: 509099144.3, Avg: 509099144.3, Max: 509099144.4, Diff: 0.1]
   [Code Root Fixup: 0.0 ms]
   [Code Root Purge: 0.0 ms]
   [Clear CT: 0.4 ms]
   [Other: 5.1 ms]
      [Choose CSet: 0.0 ms]
      [Ref Proc: 4.5 ms]
      [Ref Enq: 0.2 ms]
      [Redirty Cards: 0.2 ms]
      [Humongous Register: 0.0 ms]
      [Humongous Reclaim: 0.0 ms]
      [Free CSet: 0.1 ms]
   [Eden: 7152.0M(7152.0M)->0.0B(7152.0M) Survivors: 16384.0K->16384.0K Heap: 9973.5M(14336.0M)->2821.7M(14336.0M)]
 [Times: user=0.08 sys=0.00, real=0.02 secs] 
2022-11-11T16:05:29.346-0700: 510074.032: [GC pause (G1 Evacuation Pause) (young), 0.0097461 secs]
   [Parallel Time: 4.3 ms, GC Workers: 14]
      [GC Worker Start (ms): Min: 510074032.0, Avg: 510074032.1, Max: 510074032.3, Diff: 0.3]
      [Ext Root Scanning (ms): Min: 0.2, Avg: 0.6, Max: 3.7, Diff: 3.5, Sum: 8.7]
      [Update RS (ms): Min: 0.0, Avg: 0.1, Max: 0.3, Diff: 0.3, Sum: 1.4]
         [Processed Buffers: Min: 0, Avg: 10.9, Max: 31, Diff: 31, Sum: 152]
      [Scan RS (ms): Min: 0.0, Avg: 0.0, Max: 0.1, Diff: 0.1, Sum: 0.5]
      [Code Root Scanning (ms): Min: 0.0, Avg: 0.0, Max: 0.0, Diff: 0.0, Sum: 0.0]
      [Object Copy (ms): Min: 0.0, Avg: 0.3, Max: 0.3, Diff: 0.3, Sum: 3.7]
      [Termination (ms): Min: 0.0, Avg: 2.6, Max: 2.9, Diff: 2.9, Sum: 36.5]
         [Termination Attempts: Min: 1, Avg: 20.6, Max: 32, Diff: 31, Sum: 289]
      [GC Worker Other (ms): Min: 0.0, Avg: 0.0, Max: 0.0, Diff: 0.0, Sum: 0.1]
      [GC Worker Total (ms): Min: 3.5, Avg: 3.6, Max: 3.8, Diff: 0.3, Sum: 50.9]
      [GC Worker End (ms): Min: 510074035.7, Avg: 510074035.8, Max: 510074035.8, Diff: 0.1]
   [Code Root Fixup: 0.0 ms]
   [Code Root Purge: 0.0 ms]
   [Clear CT: 0.2 ms]
   [Other: 5.2 ms]
      [Choose CSet: 0.0 ms]
      [Ref Proc: 4.5 ms]
      [Ref Enq: 0.3 ms]
      [Redirty Cards: 0.2 ms]
      [Humongous Register: 0.0 ms]
      [Humongous Reclaim: 0.0 ms]
      [Free CSet: 0.1 ms]
   [Eden: 7152.0M(7152.0M)->0.0B(7152.0M) Survivors: 16384.0K->16384.0K Heap: 9973.7M(14336.0M)->2821.5M(14336.0M)]
 [Times: user=0.07 sys=0.00, real=0.01 secs] 
2022-11-11T16:21:54.295-0700: 511058.981: [GC pause (G1 Evacuation Pause) (young), 0.0099568 secs]
   [Parallel Time: 4.2 ms, GC Workers: 14]
      [GC Worker Start (ms): Min: 511058981.1, Avg: 511058981.3, Max: 511058981.5, Diff: 0.4]
      [Ext Root Scanning (ms): Min: 0.2, Avg: 0.6, Max: 3.7, Diff: 3.6, Sum: 8.5]
      [Update RS (ms): Min: 0.0, Avg: 0.1, Max: 0.3, Diff: 0.3, Sum: 1.5]
         [Processed Buffers: Min: 0, Avg: 11.6, Max: 35, Diff: 35, Sum: 163]
      [Scan RS (ms): Min: 0.0, Avg: 0.0, Max: 0.1, Diff: 0.1, Sum: 0.5]
      [Code Root Scanning (ms): Min: 0.0, Avg: 0.0, Max: 0.0, Diff: 0.0, Sum: 0.0]
      [Object Copy (ms): Min: 0.0, Avg: 0.3, Max: 0.4, Diff: 0.4, Sum: 4.2]
      [Termination (ms): Min: 0.0, Avg: 2.5, Max: 2.8, Diff: 2.8, Sum: 35.3]
         [Termination Attempts: Min: 1, Avg: 34.6, Max: 56, Diff: 55, Sum: 485]
      [GC Worker Other (ms): Min: 0.0, Avg: 0.0, Max: 0.0, Diff: 0.0, Sum: 0.1]
      [GC Worker Total (ms): Min: 3.4, Avg: 3.6, Max: 3.8, Diff: 0.4, Sum: 50.1]
      [GC Worker End (ms): Min: 511058984.9, Avg: 511058984.9, Max: 511058984.9, Diff: 0.0]
   [Code Root Fixup: 0.0 ms]
   [Code Root Purge: 0.0 ms]
   [Clear CT: 0.4 ms]
   [Other: 5.4 ms]
      [Choose CSet: 0.0 ms]
      [Ref Proc: 4.8 ms]
      [Ref Enq: 0.2 ms]
      [Redirty Cards: 0.2 ms]
      [Humongous Register: 0.0 ms]
      [Humongous Reclaim: 0.0 ms]
      [Free CSet: 0.1 ms]
   [Eden: 7152.0M(7152.0M)->0.0B(7152.0M) Survivors: 16384.0K->16384.0K Heap: 9973.5M(14336.0M)->2821.7M(14336.0M)]
 [Times: user=0.07 sys=0.00, real=0.01 secs] 
2022-11-11T16:38:14.945-0700: 512039.631: [GC pause (G1 Evacuation Pause) (young), 0.0124719 secs]
   [Parallel Time: 6.0 ms, GC Workers: 14]
      [GC Worker Start (ms): Min: 512039631.2, Avg: 512039631.3, Max: 512039631.6, Diff: 0.4]
      [Ext Root Scanning (ms): Min: 0.1, Avg: 0.6, Max: 3.7, Diff: 3.6, Sum: 8.2]
      [Update RS (ms): Min: 0.0, Avg: 0.1, Max: 0.2, Diff: 0.2, Sum: 1.3]
         [Processed Buffers: Min: 0, Avg: 10.4, Max: 29, Diff: 29, Sum: 146]
      [Scan RS (ms): Min: 0.0, Avg: 0.0, Max: 0.1, Diff: 0.0, Sum: 0.5]
      [Code Root Scanning (ms): Min: 0.0, Avg: 0.0, Max: 0.0, Diff: 0.0, Sum: 0.0]
      [Object Copy (ms): Min: 0.0, Avg: 0.7, Max: 4.8, Diff: 4.8, Sum: 9.2]
      [Termination (ms): Min: 0.0, Avg: 3.9, Max: 4.5, Diff: 4.5, Sum: 55.3]
         [Termination Attempts: Min: 1, Avg: 15.2, Max: 30, Diff: 29, Sum: 213]
      [GC Worker Other (ms): Min: 0.0, Avg: 0.0, Max: 0.0, Diff: 0.0, Sum: 0.1]
      [GC Worker Total (ms): Min: 5.1, Avg: 5.3, Max: 5.5, Diff: 0.4, Sum: 74.6]
      [GC Worker End (ms): Min: 512039636.6, Avg: 512039636.7, Max: 512039636.7, Diff: 0.0]
   [Code Root Fixup: 0.0 ms]
   [Code Root Purge: 0.0 ms]
   [Clear CT: 0.4 ms]
   [Other: 6.1 ms]
      [Choose CSet: 0.0 ms]
      [Ref Proc: 5.5 ms]
      [Ref Enq: 0.2 ms]
      [Redirty Cards: 0.2 ms]
      [Humongous Register: 0.0 ms]
      [Humongous Reclaim: 0.0 ms]
      [Free CSet: 0.1 ms]
   [Eden: 7152.0M(7152.0M)->0.0B(7152.0M) Survivors: 16384.0K->16384.0K Heap: 9973.7M(14336.0M)->2821.6M(14336.0M)]
 [Times: user=0.09 sys=0.00, real=0.01 secs] 
2022-11-11T16:54:19.345-0700: 513004.032: [GC pause (G1 Evacuation Pause) (young), 0.0116002 secs]
   [Parallel Time: 5.2 ms, GC Workers: 14]
      [GC Worker Start (ms): Min: 513004031.6, Avg: 513004031.8, Max: 513004032.0, Diff: 0.3]
      [Ext Root Scanning (ms): Min: 0.2, Avg: 0.6, Max: 3.7, Diff: 3.5, Sum: 9.0]
      [Update RS (ms): Min: 0.0, Avg: 0.1, Max: 0.2, Diff: 0.2, Sum: 1.3]
         [Processed Buffers: Min: 0, Avg: 11.6, Max: 43, Diff: 43, Sum: 163]
      [Scan RS (ms): Min: 0.0, Avg: 0.0, Max: 0.0, Diff: 0.0, Sum: 0.4]
      [Code Root Scanning (ms): Min: 0.0, Avg: 0.0, Max: 0.0, Diff: 0.0, Sum: 0.0]
      [Object Copy (ms): Min: 0.0, Avg: 0.5, Max: 4.4, Diff: 4.4, Sum: 7.5]
      [Termination (ms): Min: 0.0, Avg: 3.6, Max: 4.3, Diff: 4.3, Sum: 50.7]
         [Termination Attempts: Min: 1, Avg: 7.4, Max: 14, Diff: 13, Sum: 104]
      [GC Worker Other (ms): Min: 0.0, Avg: 0.0, Max: 0.0, Diff: 0.0, Sum: 0.1]
      [GC Worker Total (ms): Min: 4.7, Avg: 4.9, Max: 5.1, Diff: 0.3, Sum: 68.9]
      [GC Worker End (ms): Min: 513004036.7, Avg: 513004036.7, Max: 513004036.8, Diff: 0.1]
   [Code Root Fixup: 0.0 ms]
   [Code Root Purge: 0.0 ms]
   [Clear CT: 0.4 ms]
   [Other: 5.9 ms]
      [Choose CSet: 0.0 ms]
      [Ref Proc: 5.3 ms]
      [Ref Enq: 0.2 ms]
      [Redirty Cards: 0.2 ms]
      [Humongous Register: 0.0 ms]
      [Humongous Reclaim: 0.0 ms]
      [Free CSet: 0.1 ms]
   [Eden: 7152.0M(7152.0M)->0.0B(7152.0M) Survivors: 16384.0K->16384.0K Heap: 9973.6M(14336.0M)->2821.9M(14336.0M)]
 [Times: user=0.09 sys=0.00, real=0.01 secs] 
2022-11-11T17:10:38.095-0700: 513982.781: [GC pause (G1 Evacuation Pause) (young), 0.0081636 secs]
   [Parallel Time: 3.0 ms, GC Workers: 14]
      [GC Worker Start (ms): Min: 513982781.3, Avg: 513982781.4, Max: 513982781.6, Diff: 0.3]
      [Ext Root Scanning (ms): Min: 0.3, Avg: 0.6, Max: 2.7, Diff: 2.4, Sum: 8.5]
      [Update RS (ms): Min: 0.0, Avg: 0.1, Max: 0.4, Diff: 0.4, Sum: 1.6]
         [Processed Buffers: Min: 0, Avg: 10.9, Max: 29, Diff: 29, Sum: 153]
      [Scan RS (ms): Min: 0.0, Avg: 0.0, Max: 0.1, Diff: 0.1, Sum: 0.5]
      [Code Root Scanning (ms): Min: 0.0, Avg: 0.0, Max: 0.0, Diff: 0.0, Sum: 0.0]
      [Object Copy (ms): Min: 0.0, Avg: 0.3, Max: 0.4, Diff: 0.4, Sum: 3.9]
      [Termination (ms): Min: 0.0, Avg: 1.6, Max: 1.8, Diff: 1.8, Sum: 22.0]
         [Termination Attempts: Min: 1, Avg: 17.6, Max: 34, Diff: 33, Sum: 247]
      [GC Worker Other (ms): Min: 0.0, Avg: 0.0, Max: 0.0, Diff: 0.0, Sum: 0.1]
      [GC Worker Total (ms): Min: 2.5, Avg: 2.6, Max: 2.7, Diff: 0.2, Sum: 36.5]
      [GC Worker End (ms): Min: 513982784.0, Avg: 513982784.1, Max: 513982784.1, Diff: 0.1]
   [Code Root Fixup: 0.0 ms]
   [Code Root Purge: 0.0 ms]
   [Clear CT: 0.4 ms]
   [Other: 4.8 ms]
      [Choose CSet: 0.0 ms]
      [Ref Proc: 4.2 ms]
      [Ref Enq: 0.2 ms]
      [Redirty Cards: 0.2 ms]
      [Humongous Register: 0.0 ms]
      [Humongous Reclaim: 0.0 ms]
      [Free CSet: 0.1 ms]
   [Eden: 7152.0M(7152.0M)->0.0B(7152.0M) Survivors: 16384.0K->16384.0K Heap: 9973.9M(14336.0M)->2821.7M(14336.0M)]
 [Times: user=0.05 sys=0.00, real=0.01 secs] 
2022-11-11T17:26:48.615-0700: 514953.302: [GC pause (G1 Evacuation Pause) (young), 0.0114879 secs]
   [Parallel Time: 4.3 ms, GC Workers: 14]
      [GC Worker Start (ms): Min: 514953301.7, Avg: 514953301.9, Max: 514953302.1, Diff: 0.4]
      [Ext Root Scanning (ms): Min: 0.2, Avg: 0.6, Max: 3.7, Diff: 3.5, Sum: 8.6]
      [Update RS (ms): Min: 0.0, Avg: 0.1, Max: 0.3, Diff: 0.3, Sum: 1.3]
         [Processed Buffers: Min: 0, Avg: 10.7, Max: 28, Diff: 28, Sum: 150]
      [Scan RS (ms): Min: 0.0, Avg: 0.0, Max: 0.1, Diff: 0.0, Sum: 0.5]
      [Code Root Scanning (ms): Min: 0.0, Avg: 0.0, Max: 0.0, Diff: 0.0, Sum: 0.0]
      [Object Copy (ms): Min: 0.0, Avg: 0.3, Max: 0.4, Diff: 0.4, Sum: 3.7]
      [Termination (ms): Min: 0.0, Avg: 2.5, Max: 2.7, Diff: 2.7, Sum: 35.4]
         [Termination Attempts: Min: 1, Avg: 17.1, Max: 27, Diff: 26, Sum: 240]
      [GC Worker Other (ms): Min: 0.0, Avg: 0.0, Max: 0.0, Diff: 0.0, Sum: 0.1]
      [GC Worker Total (ms): Min: 3.3, Avg: 3.5, Max: 3.7, Diff: 0.4, Sum: 49.6]
      [GC Worker End (ms): Min: 514953305.4, Avg: 514953305.5, Max: 514953305.5, Diff: 0.0]
   [Code Root Fixup: 0.0 ms]
   [Code Root Purge: 0.0 ms]
   [Clear CT: 0.4 ms]
   [Other: 6.8 ms]
      [Choose CSet: 0.0 ms]
      [Ref Proc: 6.2 ms]
      [Ref Enq: 0.2 ms]
      [Redirty Cards: 0.2 ms]
      [Humongous Register: 0.0 ms]
      [Humongous Reclaim: 0.0 ms]
      [Free CSet: 0.1 ms]
   [Eden: 7152.0M(7152.0M)->0.0B(7152.0M) Survivors: 16384.0K->16384.0K Heap: 9973.7M(14336.0M)->2821.9M(14336.0M)]
 [Times: user=0.08 sys=0.00, real=0.01 secs] 
2022-11-11T17:43:05.045-0700: 515929.731: [GC pause (G1 Evacuation Pause) (young), 0.0090272 secs]
   [Parallel Time: 3.0 ms, GC Workers: 14]
      [GC Worker Start (ms): Min: 515929731.3, Avg: 515929731.4, Max: 515929731.6, Diff: 0.3]
      [Ext Root Scanning (ms): Min: 0.2, Avg: 0.6, Max: 2.6, Diff: 2.4, Sum: 7.8]
      [Update RS (ms): Min: 0.0, Avg: 0.1, Max: 0.3, Diff: 0.3, Sum: 1.6]
         [Processed Buffers: Min: 0, Avg: 10.4, Max: 43, Diff: 43, Sum: 146]
      [Scan RS (ms): Min: 0.0, Avg: 0.0, Max: 0.1, Diff: 0.1, Sum: 0.5]
      [Code Root Scanning (ms): Min: 0.0, Avg: 0.0, Max: 0.0, Diff: 0.0, Sum: 0.0]
      [Object Copy (ms): Min: 0.0, Avg: 0.3, Max: 0.4, Diff: 0.4, Sum: 4.1]
      [Termination (ms): Min: 0.0, Avg: 1.5, Max: 1.7, Diff: 1.7, Sum: 21.5]
         [Termination Attempts: Min: 1, Avg: 20.6, Max: 38, Diff: 37, Sum: 289]
      [GC Worker Other (ms): Min: 0.0, Avg: 0.0, Max: 0.0, Diff: 0.0, Sum: 0.1]
      [GC Worker Total (ms): Min: 2.4, Avg: 2.5, Max: 2.7, Diff: 0.3, Sum: 35.6]
      [GC Worker End (ms): Min: 515929734.0, Avg: 515929734.0, Max: 515929734.0, Diff: 0.1]
   [Code Root Fixup: 0.0 ms]
   [Code Root Purge: 0.0 ms]
   [Clear CT: 0.3 ms]
   [Other: 5.7 ms]
      [Choose CSet: 0.0 ms]
      [Ref Proc: 5.1 ms]
      [Ref Enq: 0.3 ms]
      [Redirty Cards: 0.2 ms]
      [Humongous Register: 0.0 ms]
      [Humongous Reclaim: 0.0 ms]
      [Free CSet: 0.1 ms]
   [Eden: 7152.0M(7152.0M)->0.0B(7152.0M) Survivors: 16384.0K->16384.0K Heap: 9973.9M(14336.0M)->2821.7M(14336.0M)]
 [Times: user=0.05 sys=0.00, real=0.00 secs] 
2022-11-11T17:59:25.495-0700: 516910.182: [GC pause (G1 Evacuation Pause) (young), 0.0099307 secs]
   [Parallel Time: 4.2 ms, GC Workers: 14]
      [GC Worker Start (ms): Min: 516910181.7, Avg: 516910181.8, Max: 516910182.0, Diff: 0.3]
      [Ext Root Scanning (ms): Min: 0.2, Avg: 0.6, Max: 3.9, Diff: 3.6, Sum: 8.9]
      [Update RS (ms): Min: 0.0, Avg: 0.1, Max: 0.2, Diff: 0.2, Sum: 1.4]
         [Processed Buffers: Min: 0, Avg: 11.4, Max: 27, Diff: 27, Sum: 159]
      [Scan RS (ms): Min: 0.0, Avg: 0.0, Max: 0.1, Diff: 0.1, Sum: 0.5]
      [Code Root Scanning (ms): Min: 0.0, Avg: 0.0, Max: 0.0, Diff: 0.0, Sum: 0.0]
      [Object Copy (ms): Min: 0.0, Avg: 0.3, Max: 0.4, Diff: 0.4, Sum: 4.2]
      [Termination (ms): Min: 0.0, Avg: 2.7, Max: 3.0, Diff: 3.0, Sum: 38.2]
         [Termination Attempts: Min: 1, Avg: 31.3, Max: 49, Diff: 48, Sum: 438]
      [GC Worker Other (ms): Min: 0.0, Avg: 0.0, Max: 0.0, Diff: 0.0, Sum: 0.1]
      [GC Worker Total (ms): Min: 3.6, Avg: 3.8, Max: 3.9, Diff: 0.3, Sum: 53.4]
      [GC Worker End (ms): Min: 516910185.6, Avg: 516910185.6, Max: 516910185.7, Diff: 0.1]
   [Code Root Fixup: 0.0 ms]
   [Code Root Purge: 0.0 ms]
   [Clear CT: 0.3 ms]
   [Other: 5.4 ms]
      [Choose CSet: 0.0 ms]
      [Ref Proc: 4.7 ms]
      [Ref Enq: 0.3 ms]
      [Redirty Cards: 0.2 ms]
      [Humongous Register: 0.0 ms]
      [Humongous Reclaim: 0.0 ms]
      [Free CSet: 0.1 ms]
   [Eden: 7152.0M(7152.0M)->0.0B(7152.0M) Survivors: 16384.0K->16384.0K Heap: 9973.7M(14336.0M)->2821.5M(14336.0M)]
 [Times: user=0.08 sys=0.00, real=0.01 secs] 
2022-11-11T18:15:36.546-0700: 517881.232: [GC pause (G1 Evacuation Pause) (young), 0.0096991 secs]
   [Parallel Time: 3.9 ms, GC Workers: 14]
      [GC Worker Start (ms): Min: 517881231.8, Avg: 517881232.0, Max: 517881232.2, Diff: 0.3]
      [Ext Root Scanning (ms): Min: 0.2, Avg: 0.7, Max: 3.7, Diff: 3.5, Sum: 9.4]
      [Update RS (ms): Min: 0.0, Avg: 0.1, Max: 0.3, Diff: 0.3, Sum: 1.8]
         [Processed Buffers: Min: 0, Avg: 11.8, Max: 21, Diff: 21, Sum: 165]
      [Scan RS (ms): Min: 0.0, Avg: 0.0, Max: 0.1, Diff: 0.0, Sum: 0.3]
      [Code Root Scanning (ms): Min: 0.0, Avg: 0.0, Max: 0.0, Diff: 0.0, Sum: 0.0]
      [Object Copy (ms): Min: 0.0, Avg: 0.3, Max: 0.3, Diff: 0.3, Sum: 3.6]
      [Termination (ms): Min: 0.0, Avg: 2.5, Max: 2.8, Diff: 2.8, Sum: 35.5]
         [Termination Attempts: Min: 1, Avg: 18.4, Max: 30, Diff: 29, Sum: 257]
      [GC Worker Other (ms): Min: 0.0, Avg: 0.0, Max: 0.0, Diff: 0.0, Sum: 0.1]
      [GC Worker Total (ms): Min: 3.4, Avg: 3.6, Max: 3.8, Diff: 0.3, Sum: 50.7]
      [GC Worker End (ms): Min: 517881235.6, Avg: 517881235.6, Max: 517881235.7, Diff: 0.1]
   [Code Root Fixup: 0.0 ms]
   [Code Root Purge: 0.0 ms]
   [Clear CT: 0.4 ms]
   [Other: 5.4 ms]
      [Choose CSet: 0.0 ms]
      [Ref Proc: 4.8 ms]
      [Ref Enq: 0.3 ms]
      [Redirty Cards: 0.2 ms]
      [Humongous Register: 0.0 ms]
      [Humongous Reclaim: 0.0 ms]
      [Free CSet: 0.1 ms]
   [Eden: 7152.0M(7152.0M)->0.0B(7152.0M) Survivors: 16384.0K->16384.0K Heap: 9973.5M(14336.0M)->2821.7M(14336.0M)]
 [Times: user=0.07 sys=0.00, real=0.01 secs] 
2022-11-11T18:31:45.352-0700: 518850.039: [GC pause (G1 Evacuation Pause) (young), 0.0100651 secs]
   [Parallel Time: 4.3 ms, GC Workers: 14]
      [GC Worker Start (ms): Min: 518850038.7, Avg: 518850038.8, Max: 518850039.0, Diff: 0.3]
      [Ext Root Scanning (ms): Min: 0.2, Avg: 0.7, Max: 3.9, Diff: 3.7, Sum: 9.3]
      [Update RS (ms): Min: 0.0, Avg: 0.1, Max: 0.3, Diff: 0.3, Sum: 1.4]
         [Processed Buffers: Min: 0, Avg: 12.2, Max: 38, Diff: 38, Sum: 171]
      [Scan RS (ms): Min: 0.0, Avg: 0.0, Max: 0.1, Diff: 0.1, Sum: 0.4]
      [Code Root Scanning (ms): Min: 0.0, Avg: 0.0, Max: 0.0, Diff: 0.0, Sum: 0.0]
      [Object Copy (ms): Min: 0.0, Avg: 1.3, Max: 1.6, Diff: 1.6, Sum: 18.6]
      [Termination (ms): Min: 0.0, Avg: 1.7, Max: 1.9, Diff: 1.9, Sum: 23.2]
         [Termination Attempts: Min: 1, Avg: 245.5, Max: 307, Diff: 306, Sum: 3437]
      [GC Worker Other (ms): Min: 0.0, Avg: 0.0, Max: 0.0, Diff: 0.0, Sum: 0.1]
      [GC Worker Total (ms): Min: 3.6, Avg: 3.8, Max: 3.9, Diff: 0.3, Sum: 52.8]
      [GC Worker End (ms): Min: 518850042.6, Avg: 518850042.6, Max: 518850042.7, Diff: 0.1]
   [Code Root Fixup: 0.0 ms]
   [Code Root Purge: 0.0 ms]
   [Clear CT: 0.4 ms]
   [Other: 5.4 ms]
      [Choose CSet: 0.0 ms]
      [Ref Proc: 4.7 ms]
      [Ref Enq: 0.2 ms]
      [Redirty Cards: 0.2 ms]
      [Humongous Register: 0.0 ms]
      [Humongous Reclaim: 0.0 ms]
      [Free CSet: 0.1 ms]
   [Eden: 7152.0M(7152.0M)->0.0B(7152.0M) Survivors: 16384.0K->16384.0K Heap: 9973.7M(14336.0M)->2825.3M(14336.0M)]
 [Times: user=0.08 sys=0.00, real=0.02 secs] 
2022-11-11T18:47:47.795-0700: 519812.481: [GC pause (G1 Evacuation Pause) (young), 0.0164830 secs]
   [Parallel Time: 4.2 ms, GC Workers: 14]
      [GC Worker Start (ms): Min: 519812481.5, Avg: 519812481.6, Max: 519812481.8, Diff: 0.3]
      [Ext Root Scanning (ms): Min: 0.2, Avg: 0.7, Max: 3.8, Diff: 3.6, Sum: 9.4]
      [Update RS (ms): Min: 0.0, Avg: 0.1, Max: 0.3, Diff: 0.3, Sum: 1.4]
         [Processed Buffers: Min: 0, Avg: 11.6, Max: 31, Diff: 31, Sum: 162]
      [Scan RS (ms): Min: 0.0, Avg: 0.0, Max: 0.1, Diff: 0.1, Sum: 0.5]
      [Code Root Scanning (ms): Min: 0.0, Avg: 0.0, Max: 0.0, Diff: 0.0, Sum: 0.0]
      [Object Copy (ms): Min: 0.0, Avg: 0.3, Max: 0.4, Diff: 0.4, Sum: 4.3]
      [Termination (ms): Min: 0.0, Avg: 2.6, Max: 3.0, Diff: 3.0, Sum: 36.6]
         [Termination Attempts: Min: 1, Avg: 42.4, Max: 59, Diff: 58, Sum: 593]
      [GC Worker Other (ms): Min: 0.0, Avg: 0.0, Max: 0.0, Diff: 0.0, Sum: 0.1]
      [GC Worker Total (ms): Min: 3.6, Avg: 3.7, Max: 3.8, Diff: 0.3, Sum: 52.3]
      [GC Worker End (ms): Min: 519812485.3, Avg: 519812485.4, Max: 519812485.5, Diff: 0.2]
   [Code Root Fixup: 0.0 ms]
   [Code Root Purge: 0.0 ms]
   [Clear CT: 0.4 ms]
   [Other: 11.9 ms]
      [Choose CSet: 0.0 ms]
      [Ref Proc: 11.2 ms]
      [Ref Enq: 0.3 ms]
      [Redirty Cards: 0.3 ms]
      [Humongous Register: 0.0 ms]
      [Humongous Reclaim: 0.0 ms]
      [Free CSet: 0.1 ms]
   [Eden: 7152.0M(7152.0M)->0.0B(7152.0M) Survivors: 16384.0K->16384.0K Heap: 9977.3M(14336.0M)->2826.1M(14336.0M)]
 [Times: user=0.16 sys=0.00, real=0.01 secs] 
2022-11-11T19:04:12.260-0700: 520796.946: [GC pause (G1 Evacuation Pause) (young), 0.0091284 secs]
   [Parallel Time: 4.0 ms, GC Workers: 14]
      [GC Worker Start (ms): Min: 520796946.5, Avg: 520796946.6, Max: 520796946.7, Diff: 0.3]
      [Ext Root Scanning (ms): Min: 0.2, Avg: 0.7, Max: 3.7, Diff: 3.5, Sum: 9.3]
      [Update RS (ms): Min: 0.0, Avg: 0.1, Max: 0.3, Diff: 0.3, Sum: 1.4]
         [Processed Buffers: Min: 0, Avg: 11.4, Max: 23, Diff: 23, Sum: 160]
      [Scan RS (ms): Min: 0.0, Avg: 0.0, Max: 0.1, Diff: 0.0, Sum: 0.4]
      [Code Root Scanning (ms): Min: 0.0, Avg: 0.0, Max: 0.0, Diff: 0.0, Sum: 0.0]
      [Object Copy (ms): Min: 0.0, Avg: 0.3, Max: 0.4, Diff: 0.3, Sum: 3.8]
      [Termination (ms): Min: 0.0, Avg: 2.6, Max: 2.8, Diff: 2.8, Sum: 35.9]
         [Termination Attempts: Min: 1, Avg: 26.9, Max: 40, Diff: 39, Sum: 377]
      [GC Worker Other (ms): Min: 0.0, Avg: 0.0, Max: 0.0, Diff: 0.0, Sum: 0.1]
      [GC Worker Total (ms): Min: 3.5, Avg: 3.6, Max: 3.7, Diff: 0.3, Sum: 50.9]
      [GC Worker End (ms): Min: 520796950.2, Avg: 520796950.2, Max: 520796950.3, Diff: 0.1]
   [Code Root Fixup: 0.0 ms]
   [Code Root Purge: 0.0 ms]
   [Clear CT: 0.4 ms]
   [Other: 4.7 ms]
      [Choose CSet: 0.0 ms]
      [Ref Proc: 4.1 ms]
      [Ref Enq: 0.2 ms]
      [Redirty Cards: 0.2 ms]
      [Humongous Register: 0.0 ms]
      [Humongous Reclaim: 0.0 ms]
      [Free CSet: 0.1 ms]
   [Eden: 7152.0M(7152.0M)->0.0B(7152.0M) Survivors: 16384.0K->16384.0K Heap: 9978.1M(14336.0M)->2822.4M(14336.0M)]
 [Times: user=0.07 sys=0.00, real=0.01 secs] 
2022-11-11T19:20:17.745-0700: 521762.431: [GC pause (G1 Evacuation Pause) (young), 0.0127187 secs]
   [Parallel Time: 8.4 ms, GC Workers: 14]
      [GC Worker Start (ms): Min: 521762431.4, Avg: 521762431.5, Max: 521762431.6, Diff: 0.2]
      [Ext Root Scanning (ms): Min: 0.3, Avg: 0.7, Max: 3.7, Diff: 3.5, Sum: 9.4]
      [Update RS (ms): Min: 0.0, Avg: 0.1, Max: 0.3, Diff: 0.3, Sum: 1.4]
         [Processed Buffers: Min: 0, Avg: 11.1, Max: 30, Diff: 30, Sum: 155]
      [Scan RS (ms): Min: 0.0, Avg: 0.0, Max: 0.1, Diff: 0.1, Sum: 0.5]
      [Code Root Scanning (ms): Min: 0.0, Avg: 0.0, Max: 0.0, Diff: 0.0, Sum: 0.0]
      [Object Copy (ms): Min: 0.0, Avg: 2.3, Max: 7.6, Diff: 7.6, Sum: 32.1]
      [Termination (ms): Min: 0.0, Avg: 5.0, Max: 7.4, Diff: 7.4, Sum: 70.2]
         [Termination Attempts: Min: 1, Avg: 8.1, Max: 19, Diff: 18, Sum: 113]
      [GC Worker Other (ms): Min: 0.0, Avg: 0.0, Max: 0.0, Diff: 0.0, Sum: 0.1]
      [GC Worker Total (ms): Min: 8.0, Avg: 8.1, Max: 8.3, Diff: 0.3, Sum: 113.7]
      [GC Worker End (ms): Min: 521762439.6, Avg: 521762439.6, Max: 521762439.7, Diff: 0.1]
   [Code Root Fixup: 0.0 ms]
   [Code Root Purge: 0.0 ms]
   [Clear CT: 0.4 ms]
   [Other: 3.9 ms]
      [Choose CSet: 0.0 ms]
      [Ref Proc: 3.3 ms]
      [Ref Enq: 0.2 ms]
      [Redirty Cards: 0.2 ms]
      [Humongous Register: 0.0 ms]
      [Humongous Reclaim: 0.0 ms]
      [Free CSet: 0.1 ms]
   [Eden: 7152.0M(7152.0M)->0.0B(7152.0M) Survivors: 16384.0K->16384.0K Heap: 9974.4M(14336.0M)->2821.7M(14336.0M)]
 [Times: user=0.10 sys=0.00, real=0.01 secs] 
2022-11-11T19:36:37.895-0700: 522742.581: [GC pause (G1 Evacuation Pause) (young), 0.0171086 secs]
   [Parallel Time: 12.4 ms, GC Workers: 14]
      [GC Worker Start (ms): Min: 522742581.3, Avg: 522742581.5, Max: 522742581.6, Diff: 0.3]
      [Ext Root Scanning (ms): Min: 0.3, Avg: 0.6, Max: 3.9, Diff: 3.7, Sum: 9.1]
      [Update RS (ms): Min: 0.0, Avg: 0.1, Max: 0.3, Diff: 0.3, Sum: 1.4]
         [Processed Buffers: Min: 0, Avg: 11.6, Max: 35, Diff: 35, Sum: 162]
      [Scan RS (ms): Min: 0.0, Avg: 0.0, Max: 0.1, Diff: 0.1, Sum: 0.6]
      [Code Root Scanning (ms): Min: 0.0, Avg: 0.0, Max: 0.0, Diff: 0.0, Sum: 0.0]
      [Object Copy (ms): Min: 0.0, Avg: 2.0, Max: 11.3, Diff: 11.3, Sum: 27.9]
      [Termination (ms): Min: 0.0, Avg: 9.0, Max: 11.0, Diff: 11.0, Sum: 126.7]
         [Termination Attempts: Min: 1, Avg: 8.6, Max: 19, Diff: 18, Sum: 121]
      [GC Worker Other (ms): Min: 0.0, Avg: 0.0, Max: 0.1, Diff: 0.1, Sum: 0.2]
      [GC Worker Total (ms): Min: 11.7, Avg: 11.8, Max: 12.1, Diff: 0.4, Sum: 165.8]
      [GC Worker End (ms): Min: 522742593.2, Avg: 522742593.3, Max: 522742593.5, Diff: 0.2]
   [Code Root Fixup: 0.0 ms]
   [Code Root Purge: 0.0 ms]
   [Clear CT: 0.3 ms]
   [Other: 4.3 ms]
      [Choose CSet: 0.0 ms]
      [Ref Proc: 3.7 ms]
      [Ref Enq: 0.2 ms]
      [Redirty Cards: 0.2 ms]
      [Humongous Register: 0.0 ms]
      [Humongous Reclaim: 0.0 ms]
      [Free CSet: 0.1 ms]
   [Eden: 7152.0M(7152.0M)->0.0B(7152.0M) Survivors: 16384.0K->16384.0K Heap: 9973.7M(14336.0M)->2822.1M(14336.0M)]
 [Times: user=0.16 sys=0.00, real=0.01 secs] 
2022-11-11T19:52:50.341-0700: 523715.027: [GC pause (G1 Evacuation Pause) (young), 0.0105447 secs]
   [Parallel Time: 5.6 ms, GC Workers: 14]
      [GC Worker Start (ms): Min: 523715027.4, Avg: 523715027.5, Max: 523715027.6, Diff: 0.2]
      [Ext Root Scanning (ms): Min: 0.3, Avg: 0.7, Max: 3.8, Diff: 3.5, Sum: 9.6]
      [Update RS (ms): Min: 0.0, Avg: 0.1, Max: 0.3, Diff: 0.3, Sum: 1.4]
         [Processed Buffers: Min: 0, Avg: 12.3, Max: 32, Diff: 32, Sum: 172]
      [Scan RS (ms): Min: 0.0, Avg: 0.0, Max: 0.1, Diff: 0.0, Sum: 0.4]
      [Code Root Scanning (ms): Min: 0.0, Avg: 0.0, Max: 0.0, Diff: 0.0, Sum: 0.0]
      [Object Copy (ms): Min: 0.0, Avg: 0.6, Max: 4.7, Diff: 4.7, Sum: 8.5]
      [Termination (ms): Min: 0.0, Avg: 3.8, Max: 4.4, Diff: 4.4, Sum: 53.2]
         [Termination Attempts: Min: 1, Avg: 30.1, Max: 47, Diff: 46, Sum: 422]
      [GC Worker Other (ms): Min: 0.0, Avg: 0.0, Max: 0.0, Diff: 0.0, Sum: 0.1]
      [GC Worker Total (ms): Min: 5.1, Avg: 5.2, Max: 5.3, Diff: 0.3, Sum: 73.2]
      [GC Worker End (ms): Min: 523715032.6, Avg: 523715032.7, Max: 523715032.8, Diff: 0.1]
   [Code Root Fixup: 0.0 ms]
   [Code Root Purge: 0.0 ms]
   [Clear CT: 0.4 ms]
   [Other: 4.5 ms]
      [Choose CSet: 0.0 ms]
      [Ref Proc: 3.9 ms]
      [Ref Enq: 0.2 ms]
      [Redirty Cards: 0.2 ms]
      [Humongous Register: 0.0 ms]
      [Humongous Reclaim: 0.0 ms]
      [Free CSet: 0.1 ms]
   [Eden: 7152.0M(7152.0M)->0.0B(7152.0M) Survivors: 16384.0K->16384.0K Heap: 9974.1M(14336.0M)->2821.8M(14336.0M)]
 [Times: user=0.09 sys=0.00, real=0.01 secs] 
2022-11-11T20:09:02.645-0700: 524687.331: [GC pause (G1 Evacuation Pause) (young), 0.0137304 secs]
   [Parallel Time: 8.1 ms, GC Workers: 14]
      [GC Worker Start (ms): Min: 524687331.3, Avg: 524687331.5, Max: 524687331.6, Diff: 0.3]
      [Ext Root Scanning (ms): Min: 0.3, Avg: 0.6, Max: 3.8, Diff: 3.5, Sum: 9.1]
      [Update RS (ms): Min: 0.0, Avg: 0.1, Max: 0.3, Diff: 0.3, Sum: 1.4]
         [Processed Buffers: Min: 0, Avg: 11.7, Max: 40, Diff: 40, Sum: 164]
      [Scan RS (ms): Min: 0.0, Avg: 0.0, Max: 0.1, Diff: 0.0, Sum: 0.4]
      [Code Root Scanning (ms): Min: 0.0, Avg: 0.0, Max: 0.0, Diff: 0.0, Sum: 0.0]
      [Object Copy (ms): Min: 0.0, Avg: 2.2, Max: 7.0, Diff: 7.0, Sum: 31.5]
      [Termination (ms): Min: 0.0, Avg: 4.5, Max: 6.7, Diff: 6.7, Sum: 63.2]
         [Termination Attempts: Min: 1, Avg: 68.9, Max: 140, Diff: 139, Sum: 964]
      [GC Worker Other (ms): Min: 0.0, Avg: 0.0, Max: 0.0, Diff: 0.0, Sum: 0.1]
      [GC Worker Total (ms): Min: 7.4, Avg: 7.5, Max: 7.7, Diff: 0.3, Sum: 105.6]
      [GC Worker End (ms): Min: 524687339.0, Avg: 524687339.0, Max: 524687339.1, Diff: 0.1]
   [Code Root Fixup: 0.0 ms]
   [Code Root Purge: 0.0 ms]
   [Clear CT: 0.4 ms]
   [Other: 5.2 ms]
      [Choose CSet: 0.0 ms]
      [Ref Proc: 4.6 ms]
      [Ref Enq: 0.2 ms]
      [Redirty Cards: 0.2 ms]
      [Humongous Register: 0.0 ms]
      [Humongous Reclaim: 0.0 ms]
      [Free CSet: 0.1 ms]
   [Eden: 7152.0M(7152.0M)->0.0B(7152.0M) Survivors: 16384.0K->16384.0K Heap: 9973.8M(14336.0M)->2821.7M(14336.0M)]
 [Times: user=0.10 sys=0.00, real=0.01 secs] 
2022-11-11T20:25:21.746-0700: 525666.432: [GC pause (G1 Evacuation Pause) (young), 0.0158310 secs]
   [Parallel Time: 9.1 ms, GC Workers: 14]
      [GC Worker Start (ms): Min: 525666432.0, Avg: 525666432.1, Max: 525666432.3, Diff: 0.3]
      [Ext Root Scanning (ms): Min: 0.2, Avg: 0.6, Max: 3.7, Diff: 3.5, Sum: 8.8]
      [Update RS (ms): Min: 0.0, Avg: 0.1, Max: 0.3, Diff: 0.3, Sum: 1.7]
         [Processed Buffers: Min: 0, Avg: 11.2, Max: 29, Diff: 29, Sum: 157]
      [Scan RS (ms): Min: 0.0, Avg: 0.0, Max: 0.1, Diff: 0.1, Sum: 0.4]
      [Code Root Scanning (ms): Min: 0.0, Avg: 0.0, Max: 0.0, Diff: 0.0, Sum: 0.0]
      [Object Copy (ms): Min: 0.0, Avg: 1.7, Max: 8.0, Diff: 8.0, Sum: 24.3]
      [Termination (ms): Min: 0.0, Avg: 6.0, Max: 7.5, Diff: 7.5, Sum: 84.2]
         [Termination Attempts: Min: 1, Avg: 36.4, Max: 96, Diff: 95, Sum: 509]
      [GC Worker Other (ms): Min: 0.0, Avg: 0.0, Max: 0.0, Diff: 0.0, Sum: 0.1]
      [GC Worker Total (ms): Min: 8.4, Avg: 8.5, Max: 8.7, Diff: 0.3, Sum: 119.5]
      [GC Worker End (ms): Min: 525666440.6, Avg: 525666440.7, Max: 525666440.7, Diff: 0.1]
   [Code Root Fixup: 0.0 ms]
   [Code Root Purge: 0.0 ms]
   [Clear CT: 0.4 ms]
   [Other: 6.2 ms]
      [Choose CSet: 0.0 ms]
      [Ref Proc: 5.5 ms]
      [Ref Enq: 0.3 ms]
      [Redirty Cards: 0.2 ms]
      [Humongous Register: 0.0 ms]
      [Humongous Reclaim: 0.0 ms]
      [Free CSet: 0.1 ms]
   [Eden: 7152.0M(7152.0M)->0.0B(7152.0M) Survivors: 16384.0K->16384.0K Heap: 9973.7M(14336.0M)->2822.1M(14336.0M)]
 [Times: user=0.12 sys=0.00, real=0.01 secs] 
2022-11-11T20:41:40.117-0700: 526644.804: [GC pause (G1 Evacuation Pause) (young), 0.0144808 secs]
   [Parallel Time: 8.1 ms, GC Workers: 14]
      [GC Worker Start (ms): Min: 526644803.6, Avg: 526644803.7, Max: 526644803.9, Diff: 0.3]
      [Ext Root Scanning (ms): Min: 0.2, Avg: 0.7, Max: 3.8, Diff: 3.5, Sum: 9.2]
      [Update RS (ms): Min: 0.0, Avg: 0.1, Max: 0.3, Diff: 0.3, Sum: 1.5]
         [Processed Buffers: Min: 0, Avg: 11.7, Max: 41, Diff: 41, Sum: 164]
      [Scan RS (ms): Min: 0.0, Avg: 0.0, Max: 0.1, Diff: 0.1, Sum: 0.5]
      [Code Root Scanning (ms): Min: 0.0, Avg: 0.0, Max: 0.0, Diff: 0.0, Sum: 0.0]
      [Object Copy (ms): Min: 0.0, Avg: 0.7, Max: 7.0, Diff: 7.0, Sum: 9.7]
      [Termination (ms): Min: 0.0, Avg: 6.0, Max: 6.8, Diff: 6.8, Sum: 84.4]
         [Termination Attempts: Min: 1, Avg: 10.2, Max: 17, Diff: 16, Sum: 143]
      [GC Worker Other (ms): Min: 0.0, Avg: 0.0, Max: 0.0, Diff: 0.0, Sum: 0.1]
      [GC Worker Total (ms): Min: 7.3, Avg: 7.5, Max: 7.7, Diff: 0.4, Sum: 105.2]
      [GC Worker End (ms): Min: 526644811.2, Avg: 526644811.3, Max: 526644811.3, Diff: 0.1]
   [Code Root Fixup: 0.0 ms]
   [Code Root Purge: 0.0 ms]
   [Clear CT: 0.4 ms]
   [Other: 5.9 ms]
      [Choose CSet: 0.0 ms]
      [Ref Proc: 5.1 ms]
      [Ref Enq: 0.3 ms]
      [Redirty Cards: 0.2 ms]
      [Humongous Register: 0.0 ms]
      [Humongous Reclaim: 0.0 ms]
      [Free CSet: 0.2 ms]
   [Eden: 7152.0M(7152.0M)->0.0B(7152.0M) Survivors: 16384.0K->16384.0K Heap: 9974.1M(14336.0M)->2821.8M(14336.0M)]
 [Times: user=0.12 sys=0.00, real=0.01 secs] 
2022-11-11T20:57:50.486-0700: 527615.172: [GC pause (G1 Evacuation Pause) (young), 0.0178043 secs]
   [Parallel Time: 8.4 ms, GC Workers: 14]
      [GC Worker Start (ms): Min: 527615172.5, Avg: 527615172.6, Max: 527615172.8, Diff: 0.3]
      [Ext Root Scanning (ms): Min: 0.2, Avg: 0.6, Max: 3.7, Diff: 3.5, Sum: 8.6]
      [Update RS (ms): Min: 0.0, Avg: 0.1, Max: 0.3, Diff: 0.3, Sum: 1.3]
         [Processed Buffers: Min: 0, Avg: 11.6, Max: 43, Diff: 43, Sum: 162]
      [Scan RS (ms): Min: 0.0, Avg: 0.0, Max: 0.1, Diff: 0.1, Sum: 0.4]
      [Code Root Scanning (ms): Min: 0.0, Avg: 0.0, Max: 0.0, Diff: 0.0, Sum: 0.0]
      [Object Copy (ms): Min: 0.0, Avg: 1.9, Max: 7.6, Diff: 7.6, Sum: 26.3]
      [Termination (ms): Min: 0.0, Avg: 5.4, Max: 7.3, Diff: 7.3, Sum: 76.2]
         [Termination Attempts: Min: 1, Avg: 35.5, Max: 62, Diff: 61, Sum: 497]
      [GC Worker Other (ms): Min: 0.0, Avg: 0.0, Max: 0.0, Diff: 0.0, Sum: 0.1]
      [GC Worker Total (ms): Min: 7.9, Avg: 8.1, Max: 8.2, Diff: 0.3, Sum: 112.9]
      [GC Worker End (ms): Min: 527615180.6, Avg: 527615180.7, Max: 527615180.8, Diff: 0.1]
   [Code Root Fixup: 0.0 ms]
   [Code Root Purge: 0.0 ms]
   [Clear CT: 0.3 ms]
   [Other: 9.1 ms]
      [Choose CSet: 0.0 ms]
      [Ref Proc: 8.5 ms]
      [Ref Enq: 0.2 ms]
      [Redirty Cards: 0.2 ms]
      [Humongous Register: 0.0 ms]
      [Humongous Reclaim: 0.0 ms]
      [Free CSet: 0.1 ms]
   [Eden: 7152.0M(7152.0M)->0.0B(7152.0M) Survivors: 16384.0K->16384.0K Heap: 9973.8M(14336.0M)->2822.1M(14336.0M)]
 [Times: user=0.12 sys=0.00, real=0.02 secs] 
2022-11-11T21:14:01.146-0700: 528585.832: [GC pause (G1 Evacuation Pause) (young), 0.0177683 secs]
   [Parallel Time: 12.4 ms, GC Workers: 14]
      [GC Worker Start (ms): Min: 528585832.0, Avg: 528585832.1, Max: 528585832.3, Diff: 0.3]
      [Ext Root Scanning (ms): Min: 0.2, Avg: 0.6, Max: 3.7, Diff: 3.5, Sum: 8.7]
      [Update RS (ms): Min: 0.0, Avg: 0.1, Max: 0.3, Diff: 0.3, Sum: 1.4]
         [Processed Buffers: Min: 0, Avg: 11.4, Max: 30, Diff: 30, Sum: 159]
      [Scan RS (ms): Min: 0.0, Avg: 0.0, Max: 0.1, Diff: 0.1, Sum: 0.5]
      [Code Root Scanning (ms): Min: 0.0, Avg: 0.0, Max: 0.0, Diff: 0.0, Sum: 0.0]
      [Object Copy (ms): Min: 0.0, Avg: 1.3, Max: 8.0, Diff: 8.0, Sum: 18.7]
      [Termination (ms): Min: 0.0, Avg: 6.7, Max: 11.4, Diff: 11.4, Sum: 93.9]
         [Termination Attempts: Min: 1, Avg: 10.0, Max: 19, Diff: 18, Sum: 140]
      [GC Worker Other (ms): Min: 0.0, Avg: 0.0, Max: 0.0, Diff: 0.0, Sum: 0.1]
      [GC Worker Total (ms): Min: 8.4, Avg: 8.8, Max: 12.2, Diff: 3.8, Sum: 123.2]
      [GC Worker End (ms): Min: 528585840.6, Avg: 528585840.9, Max: 528585844.3, Diff: 3.6]
   [Code Root Fixup: 0.0 ms]
   [Code Root Purge: 0.0 ms]
   [Clear CT: 0.3 ms]
   [Other: 5.1 ms]
      [Choose CSet: 0.0 ms]
      [Ref Proc: 4.4 ms]
      [Ref Enq: 0.3 ms]
      [Redirty Cards: 0.2 ms]
      [Humongous Register: 0.0 ms]
      [Humongous Reclaim: 0.0 ms]
      [Free CSet: 0.1 ms]
   [Eden: 7152.0M(7152.0M)->0.0B(7152.0M) Survivors: 16384.0K->16384.0K Heap: 9974.1M(14336.0M)->2821.8M(14336.0M)]
 [Times: user=0.12 sys=0.00, real=0.02 secs] 
2022-11-11T21:30:09.040-0700: 529553.726: [GC pause (G1 Evacuation Pause) (young), 0.0122393 secs]
   [Parallel Time: 7.3 ms, GC Workers: 14]
      [GC Worker Start (ms): Min: 529553725.8, Avg: 529553726.0, Max: 529553726.1, Diff: 0.3]
      [Ext Root Scanning (ms): Min: 0.3, Avg: 0.6, Max: 3.8, Diff: 3.5, Sum: 8.8]
      [Update RS (ms): Min: 0.0, Avg: 0.1, Max: 0.3, Diff: 0.3, Sum: 1.3]
         [Processed Buffers: Min: 0, Avg: 10.9, Max: 44, Diff: 44, Sum: 153]
      [Scan RS (ms): Min: 0.0, Avg: 0.0, Max: 0.1, Diff: 0.0, Sum: 0.5]
      [Code Root Scanning (ms): Min: 0.0, Avg: 0.0, Max: 0.0, Diff: 0.0, Sum: 0.0]
      [Object Copy (ms): Min: 0.0, Avg: 0.7, Max: 6.2, Diff: 6.2, Sum: 9.3]
      [Termination (ms): Min: 0.0, Avg: 5.3, Max: 6.1, Diff: 6.1, Sum: 74.4]
         [Termination Attempts: Min: 1, Avg: 3.9, Max: 14, Diff: 13, Sum: 54]
      [GC Worker Other (ms): Min: 0.0, Avg: 0.0, Max: 0.0, Diff: 0.0, Sum: 0.1]
      [GC Worker Total (ms): Min: 6.6, Avg: 6.7, Max: 6.9, Diff: 0.3, Sum: 94.4]
      [GC Worker End (ms): Min: 529553732.6, Avg: 529553732.7, Max: 529553732.8, Diff: 0.1]
   [Code Root Fixup: 0.0 ms]
   [Code Root Purge: 0.0 ms]
   [Clear CT: 0.4 ms]
   [Other: 4.6 ms]
      [Choose CSet: 0.0 ms]
      [Ref Proc: 3.9 ms]
      [Ref Enq: 0.3 ms]
      [Redirty Cards: 0.2 ms]
      [Humongous Register: 0.0 ms]
      [Humongous Reclaim: 0.0 ms]
      [Free CSet: 0.2 ms]
   [Eden: 7152.0M(7152.0M)->0.0B(7152.0M) Survivors: 16384.0K->16384.0K Heap: 9973.8M(14336.0M)->2822.1M(14336.0M)]
 [Times: user=0.11 sys=0.00, real=0.01 secs] 
2022-11-11T21:46:18.946-0700: 530523.632: [GC pause (G1 Evacuation Pause) (young), 0.0113957 secs]
   [Parallel Time: 5.3 ms, GC Workers: 14]
      [GC Worker Start (ms): Min: 530523631.8, Avg: 530523632.0, Max: 530523632.2, Diff: 0.4]
      [Ext Root Scanning (ms): Min: 0.2, Avg: 0.6, Max: 3.7, Diff: 3.6, Sum: 8.9]
      [Update RS (ms): Min: 0.0, Avg: 0.1, Max: 0.3, Diff: 0.3, Sum: 1.3]
         [Processed Buffers: Min: 0, Avg: 11.5, Max: 35, Diff: 35, Sum: 161]
      [Scan RS (ms): Min: 0.0, Avg: 0.0, Max: 0.1, Diff: 0.1, Sum: 0.4]
      [Code Root Scanning (ms): Min: 0.0, Avg: 0.0, Max: 0.0, Diff: 0.0, Sum: 0.0]
      [Object Copy (ms): Min: 0.0, Avg: 1.1, Max: 4.2, Diff: 4.2, Sum: 14.8]
      [Termination (ms): Min: 0.0, Avg: 2.9, Max: 4.1, Diff: 4.1, Sum: 40.5]
         [Termination Attempts: Min: 1, Avg: 3.8, Max: 11, Diff: 10, Sum: 53]
      [GC Worker Other (ms): Min: 0.0, Avg: 0.0, Max: 0.0, Diff: 0.0, Sum: 0.1]
      [GC Worker Total (ms): Min: 4.5, Avg: 4.7, Max: 4.9, Diff: 0.4, Sum: 66.0]
      [GC Worker End (ms): Min: 530523636.6, Avg: 530523636.7, Max: 530523636.8, Diff: 0.1]
   [Code Root Fixup: 0.0 ms]
   [Code Root Purge: 0.0 ms]
   [Clear CT: 0.4 ms]
   [Other: 5.7 ms]
      [Choose CSet: 0.0 ms]
      [Ref Proc: 5.1 ms]
      [Ref Enq: 0.2 ms]
      [Redirty Cards: 0.2 ms]
      [Humongous Register: 0.0 ms]
      [Humongous Reclaim: 0.0 ms]
      [Free CSet: 0.1 ms]
   [Eden: 7152.0M(7152.0M)->0.0B(7152.0M) Survivors: 16384.0K->16384.0K Heap: 9974.1M(14336.0M)->2822.0M(14336.0M)]
 [Times: user=0.08 sys=0.00, real=0.01 secs] 
2022-11-11T22:02:26.345-0700: 531491.032: [GC pause (G1 Evacuation Pause) (young), 0.0097964 secs]
   [Parallel Time: 3.9 ms, GC Workers: 14]
      [GC Worker Start (ms): Min: 531491031.6, Avg: 531491031.8, Max: 531491031.9, Diff: 0.3]
      [Ext Root Scanning (ms): Min: 0.2, Avg: 0.6, Max: 3.7, Diff: 3.5, Sum: 8.7]
      [Update RS (ms): Min: 0.0, Avg: 0.1, Max: 0.3, Diff: 0.3, Sum: 1.3]
         [Processed Buffers: Min: 0, Avg: 11.2, Max: 38, Diff: 38, Sum: 157]
      [Scan RS (ms): Min: 0.0, Avg: 0.0, Max: 0.1, Diff: 0.1, Sum: 0.4]
      [Code Root Scanning (ms): Min: 0.0, Avg: 0.0, Max: 0.0, Diff: 0.0, Sum: 0.0]
      [Object Copy (ms): Min: 0.0, Avg: 0.3, Max: 0.4, Diff: 0.4, Sum: 4.0]
      [Termination (ms): Min: 0.0, Avg: 2.6, Max: 2.9, Diff: 2.9, Sum: 36.6]
         [Termination Attempts: Min: 1, Avg: 24.0, Max: 32, Diff: 31, Sum: 336]
      [GC Worker Other (ms): Min: 0.0, Avg: 0.0, Max: 0.0, Diff: 0.0, Sum: 0.1]
      [GC Worker Total (ms): Min: 3.5, Avg: 3.6, Max: 3.8, Diff: 0.3, Sum: 51.1]
      [GC Worker End (ms): Min: 531491035.4, Avg: 531491035.4, Max: 531491035.5, Diff: 0.1]
   [Code Root Fixup: 0.0 ms]
   [Code Root Purge: 0.0 ms]
   [Clear CT: 0.4 ms]
   [Other: 5.5 ms]
      [Choose CSet: 0.0 ms]
      [Ref Proc: 4.9 ms]
      [Ref Enq: 0.2 ms]
      [Redirty Cards: 0.2 ms]
      [Humongous Register: 0.0 ms]
      [Humongous Reclaim: 0.0 ms]
      [Free CSet: 0.1 ms]
   [Eden: 7152.0M(7152.0M)->0.0B(7152.0M) Survivors: 16384.0K->16384.0K Heap: 9974.0M(14336.0M)->2821.9M(14336.0M)]
 [Times: user=0.07 sys=0.00, real=0.01 secs] 
2022-11-11T22:18:47.745-0700: 532472.431: [GC pause (G1 Evacuation Pause) (young), 0.0098548 secs]
   [Parallel Time: 4.1 ms, GC Workers: 14]
      [GC Worker Start (ms): Min: 532472431.4, Avg: 532472431.6, Max: 532472431.8, Diff: 0.3]
      [Ext Root Scanning (ms): Min: 0.2, Avg: 0.6, Max: 3.7, Diff: 3.5, Sum: 8.5]
      [Update RS (ms): Min: 0.0, Avg: 0.1, Max: 0.2, Diff: 0.2, Sum: 1.3]
         [Processed Buffers: Min: 0, Avg: 11.3, Max: 31, Diff: 31, Sum: 158]
      [Scan RS (ms): Min: 0.0, Avg: 0.0, Max: 0.1, Diff: 0.1, Sum: 0.5]
      [Code Root Scanning (ms): Min: 0.0, Avg: 0.0, Max: 0.0, Diff: 0.0, Sum: 0.0]
      [Object Copy (ms): Min: 0.0, Avg: 0.3, Max: 0.4, Diff: 0.4, Sum: 3.9]
      [Termination (ms): Min: 0.0, Avg: 2.5, Max: 2.8, Diff: 2.8, Sum: 35.6]
         [Termination Attempts: Min: 1, Avg: 26.4, Max: 43, Diff: 42, Sum: 369]
      [GC Worker Other (ms): Min: 0.0, Avg: 0.0, Max: 0.0, Diff: 0.0, Sum: 0.1]
      [GC Worker Total (ms): Min: 3.4, Avg: 3.6, Max: 3.7, Diff: 0.3, Sum: 49.9]
      [GC Worker End (ms): Min: 532472435.2, Avg: 532472435.2, Max: 532472435.2, Diff: 0.0]
   [Code Root Fixup: 0.0 ms]
   [Code Root Purge: 0.0 ms]
   [Clear CT: 0.4 ms]
   [Other: 5.4 ms]
      [Choose CSet: 0.0 ms]
      [Ref Proc: 4.8 ms]
      [Ref Enq: 0.2 ms]
      [Redirty Cards: 0.2 ms]
      [Humongous Register: 0.0 ms]
      [Humongous Reclaim: 0.0 ms]
      [Free CSet: 0.1 ms]
   [Eden: 7152.0M(7152.0M)->0.0B(7152.0M) Survivors: 16384.0K->16384.0K Heap: 9973.9M(14336.0M)->2822.0M(14336.0M)]
 [Times: user=0.07 sys=0.00, real=0.01 secs] 
2022-11-11T22:35:07.545-0700: 533452.232: [GC pause (G1 Evacuation Pause) (young), 0.0078350 secs]
   [Parallel Time: 2.8 ms, GC Workers: 14]
      [GC Worker Start (ms): Min: 533452231.6, Avg: 533452231.7, Max: 533452231.9, Diff: 0.3]
      [Ext Root Scanning (ms): Min: 0.2, Avg: 0.6, Max: 2.6, Diff: 2.4, Sum: 7.8]
      [Update RS (ms): Min: 0.0, Avg: 0.1, Max: 0.2, Diff: 0.2, Sum: 1.4]
         [Processed Buffers: Min: 0, Avg: 12.0, Max: 35, Diff: 35, Sum: 168]
      [Scan RS (ms): Min: 0.0, Avg: 0.0, Max: 0.1, Diff: 0.1, Sum: 0.5]
      [Code Root Scanning (ms): Min: 0.0, Avg: 0.0, Max: 0.0, Diff: 0.0, Sum: 0.0]
      [Object Copy (ms): Min: 0.0, Avg: 0.3, Max: 0.3, Diff: 0.3, Sum: 3.5]
      [Termination (ms): Min: 0.0, Avg: 1.6, Max: 1.8, Diff: 1.8, Sum: 22.2]
         [Termination Attempts: Min: 1, Avg: 18.3, Max: 28, Diff: 27, Sum: 256]
      [GC Worker Other (ms): Min: 0.0, Avg: 0.0, Max: 0.0, Diff: 0.0, Sum: 0.1]
      [GC Worker Total (ms): Min: 2.4, Avg: 2.5, Max: 2.7, Diff: 0.3, Sum: 35.5]
      [GC Worker End (ms): Min: 533452234.2, Avg: 533452234.3, Max: 533452234.4, Diff: 0.1]
   [Code Root Fixup: 0.0 ms]
   [Code Root Purge: 0.0 ms]
   [Clear CT: 0.4 ms]
   [Other: 4.6 ms]
      [Choose CSet: 0.0 ms]
      [Ref Proc: 4.1 ms]
      [Ref Enq: 0.2 ms]
      [Redirty Cards: 0.2 ms]
      [Humongous Register: 0.0 ms]
      [Humongous Reclaim: 0.0 ms]
      [Free CSet: 0.1 ms]
   [Eden: 7152.0M(7152.0M)->0.0B(7152.0M) Survivors: 16384.0K->16384.0K Heap: 9974.0M(14336.0M)->2821.9M(14336.0M)]
 [Times: user=0.05 sys=0.00, real=0.00 secs] 
2022-11-11T22:51:21.745-0700: 534426.431: [GC pause (G1 Evacuation Pause) (young), 0.0081110 secs]
   [Parallel Time: 2.8 ms, GC Workers: 14]
      [GC Worker Start (ms): Min: 534426431.2, Avg: 534426431.4, Max: 534426431.5, Diff: 0.3]
      [Ext Root Scanning (ms): Min: 0.2, Avg: 0.6, Max: 2.6, Diff: 2.4, Sum: 7.7]
      [Update RS (ms): Min: 0.0, Avg: 0.1, Max: 0.3, Diff: 0.3, Sum: 1.4]
         [Processed Buffers: Min: 0, Avg: 11.7, Max: 35, Diff: 35, Sum: 164]
      [Scan RS (ms): Min: 0.0, Avg: 0.0, Max: 0.1, Diff: 0.0, Sum: 0.5]
      [Code Root Scanning (ms): Min: 0.0, Avg: 0.0, Max: 0.0, Diff: 0.0, Sum: 0.0]
      [Object Copy (ms): Min: 0.0, Avg: 0.3, Max: 0.4, Diff: 0.4, Sum: 4.7]
      [Termination (ms): Min: 0.0, Avg: 1.5, Max: 1.7, Diff: 1.7, Sum: 21.4]
         [Termination Attempts: Min: 1, Avg: 46.9, Max: 77, Diff: 76, Sum: 657]
      [GC Worker Other (ms): Min: 0.0, Avg: 0.0, Max: 0.0, Diff: 0.0, Sum: 0.1]
      [GC Worker Total (ms): Min: 2.4, Avg: 2.6, Max: 2.7, Diff: 0.3, Sum: 35.8]
      [GC Worker End (ms): Min: 534426433.9, Avg: 534426433.9, Max: 534426434.0, Diff: 0.1]
   [Code Root Fixup: 0.0 ms]
   [Code Root Purge: 0.0 ms]
   [Clear CT: 0.4 ms]
   [Other: 4.9 ms]
      [Choose CSet: 0.0 ms]
      [Ref Proc: 4.3 ms]
      [Ref Enq: 0.3 ms]
      [Redirty Cards: 0.2 ms]
      [Humongous Register: 0.0 ms]
      [Humongous Reclaim: 0.0 ms]
      [Free CSet: 0.1 ms]
   [Eden: 7152.0M(7152.0M)->0.0B(7152.0M) Survivors: 16384.0K->16384.0K Heap: 9973.9M(14336.0M)->2822.1M(14336.0M)]
 [Times: user=0.05 sys=0.00, real=0.00 secs] 
2022-11-11T23:07:32.045-0700: 535396.731: [GC pause (G1 Evacuation Pause) (young), 0.0102433 secs]
   [Parallel Time: 4.1 ms, GC Workers: 14]
      [GC Worker Start (ms): Min: 535396731.5, Avg: 535396731.7, Max: 535396731.8, Diff: 0.3]
      [Ext Root Scanning (ms): Min: 0.3, Avg: 0.7, Max: 3.7, Diff: 3.5, Sum: 9.2]
      [Update RS (ms): Min: 0.0, Avg: 0.1, Max: 0.3, Diff: 0.3, Sum: 1.2]
         [Processed Buffers: Min: 0, Avg: 11.5, Max: 38, Diff: 38, Sum: 161]
      [Scan RS (ms): Min: 0.0, Avg: 0.0, Max: 0.1, Diff: 0.1, Sum: 0.4]
      [Code Root Scanning (ms): Min: 0.0, Avg: 0.0, Max: 0.0, Diff: 0.0, Sum: 0.0]
      [Object Copy (ms): Min: 0.0, Avg: 0.3, Max: 0.3, Diff: 0.3, Sum: 3.8]
      [Termination (ms): Min: 0.0, Avg: 2.6, Max: 2.9, Diff: 2.9, Sum: 35.8]
         [Termination Attempts: Min: 1, Avg: 31.0, Max: 41, Diff: 40, Sum: 434]
      [GC Worker Other (ms): Min: 0.0, Avg: 0.0, Max: 0.0, Diff: 0.0, Sum: 0.1]
      [GC Worker Total (ms): Min: 3.5, Avg: 3.6, Max: 3.7, Diff: 0.3, Sum: 50.5]
      [GC Worker End (ms): Min: 535396735.3, Avg: 535396735.3, Max: 535396735.4, Diff: 0.1]
   [Code Root Fixup: 0.0 ms]
   [Code Root Purge: 0.0 ms]
   [Clear CT: 0.4 ms]
   [Other: 5.7 ms]
      [Choose CSet: 0.0 ms]
      [Ref Proc: 5.1 ms]
      [Ref Enq: 0.2 ms]
      [Redirty Cards: 0.2 ms]
      [Humongous Register: 0.0 ms]
      [Humongous Reclaim: 0.0 ms]
      [Free CSet: 0.2 ms]
   [Eden: 7152.0M(7152.0M)->0.0B(7152.0M) Survivors: 16384.0K->16384.0K Heap: 9974.1M(14336.0M)->2821.9M(14336.0M)]
 [Times: user=0.07 sys=0.00, real=0.01 secs] 
2022-11-11T23:23:54.346-0700: 536379.032: [GC pause (G1 Evacuation Pause) (young), 0.0102479 secs]
   [Parallel Time: 4.4 ms, GC Workers: 14]
      [GC Worker Start (ms): Min: 536379031.9, Avg: 536379032.1, Max: 536379032.2, Diff: 0.3]
      [Ext Root Scanning (ms): Min: 0.3, Avg: 0.7, Max: 4.0, Diff: 3.7, Sum: 9.6]
      [Update RS (ms): Min: 0.0, Avg: 0.1, Max: 0.3, Diff: 0.3, Sum: 1.4]
         [Processed Buffers: Min: 0, Avg: 10.8, Max: 36, Diff: 36, Sum: 151]
      [Scan RS (ms): Min: 0.0, Avg: 0.0, Max: 0.1, Diff: 0.0, Sum: 0.5]
      [Code Root Scanning (ms): Min: 0.0, Avg: 0.0, Max: 0.0, Diff: 0.0, Sum: 0.0]
      [Object Copy (ms): Min: 0.0, Avg: 0.2, Max: 0.3, Diff: 0.3, Sum: 2.9]
      [Termination (ms): Min: 0.0, Avg: 2.9, Max: 3.1, Diff: 3.1, Sum: 40.0]
         [Termination Attempts: Min: 1, Avg: 7.9, Max: 15, Diff: 14, Sum: 111]
      [GC Worker Other (ms): Min: 0.0, Avg: 0.0, Max: 0.0, Diff: 0.0, Sum: 0.1]
      [GC Worker Total (ms): Min: 3.8, Avg: 3.9, Max: 4.0, Diff: 0.3, Sum: 54.4]
      [GC Worker End (ms): Min: 536379035.9, Avg: 536379035.9, Max: 536379036.0, Diff: 0.1]
   [Code Root Fixup: 0.0 ms]
   [Code Root Purge: 0.0 ms]
   [Clear CT: 0.4 ms]
   [Other: 5.5 ms]
      [Choose CSet: 0.0 ms]
      [Ref Proc: 4.8 ms]
      [Ref Enq: 0.3 ms]
      [Redirty Cards: 0.2 ms]
      [Humongous Register: 0.0 ms]
      [Humongous Reclaim: 0.0 ms]
      [Free CSet: 0.1 ms]
   [Eden: 7152.0M(7152.0M)->0.0B(7152.0M) Survivors: 16384.0K->16384.0K Heap: 9973.9M(14336.0M)->2822.2M(14336.0M)]
 [Times: user=0.08 sys=0.00, real=0.01 secs] 
2022-11-11T23:40:05.038-0700: 537349.724: [GC pause (G1 Evacuation Pause) (young), 0.0096259 secs]
   [Parallel Time: 4.0 ms, GC Workers: 14]
      [GC Worker Start (ms): Min: 537349724.5, Avg: 537349724.6, Max: 537349724.8, Diff: 0.3]
      [Ext Root Scanning (ms): Min: 0.2, Avg: 0.7, Max: 3.8, Diff: 3.6, Sum: 9.1]
      [Update RS (ms): Min: 0.0, Avg: 0.1, Max: 0.2, Diff: 0.2, Sum: 1.4]
         [Processed Buffers: Min: 0, Avg: 11.8, Max: 35, Diff: 35, Sum: 165]
      [Scan RS (ms): Min: 0.0, Avg: 0.0, Max: 0.1, Diff: 0.0, Sum: 0.4]
      [Code Root Scanning (ms): Min: 0.0, Avg: 0.0, Max: 0.0, Diff: 0.0, Sum: 0.0]
      [Object Copy (ms): Min: 0.0, Avg: 0.3, Max: 0.3, Diff: 0.3, Sum: 3.7]
      [Termination (ms): Min: 0.0, Avg: 2.7, Max: 3.0, Diff: 3.0, Sum: 37.4]
         [Termination Attempts: Min: 1, Avg: 22.3, Max: 34, Diff: 33, Sum: 312]
      [GC Worker Other (ms): Min: 0.0, Avg: 0.0, Max: 0.0, Diff: 0.0, Sum: 0.1]
      [GC Worker Total (ms): Min: 3.5, Avg: 3.7, Max: 3.9, Diff: 0.3, Sum: 52.1]
      [GC Worker End (ms): Min: 537349728.3, Avg: 537349728.4, Max: 537349728.4, Diff: 0.1]
   [Code Root Fixup: 0.0 ms]
   [Code Root Purge: 0.0 ms]
   [Clear CT: 0.2 ms]
   [Other: 5.4 ms]
      [Choose CSet: 0.0 ms]
      [Ref Proc: 4.7 ms]
      [Ref Enq: 0.3 ms]
      [Redirty Cards: 0.2 ms]
      [Humongous Register: 0.0 ms]
      [Humongous Reclaim: 0.0 ms]
      [Free CSet: 0.1 ms]
   [Eden: 7152.0M(7152.0M)->0.0B(7152.0M) Survivors: 16384.0K->16384.0K Heap: 9974.2M(14336.0M)->2821.9M(14336.0M)]
 [Times: user=0.08 sys=0.00, real=0.01 secs] 
2022-11-11T23:56:16.946-0700: 538321.632: [GC pause (G1 Evacuation Pause) (young), 0.0114626 secs]
   [Parallel Time: 4.6 ms, GC Workers: 14]
      [GC Worker Start (ms): Min: 538321631.9, Avg: 538321632.1, Max: 538321632.3, Diff: 0.4]
      [Ext Root Scanning (ms): Min: 0.2, Avg: 0.7, Max: 4.4, Diff: 4.3, Sum: 9.5]
      [Update RS (ms): Min: 0.0, Avg: 0.1, Max: 0.3, Diff: 0.3, Sum: 1.8]
         [Processed Buffers: Min: 0, Avg: 11.4, Max: 32, Diff: 32, Sum: 160]
      [Scan RS (ms): Min: 0.0, Avg: 0.1, Max: 0.1, Diff: 0.1, Sum: 0.8]
      [Code Root Scanning (ms): Min: 0.0, Avg: 0.0, Max: 0.0, Diff: 0.0, Sum: 0.0]
      [Object Copy (ms): Min: 0.0, Avg: 0.3, Max: 0.4, Diff: 0.4, Sum: 4.3]
      [Termination (ms): Min: 0.0, Avg: 3.2, Max: 3.4, Diff: 3.4, Sum: 44.1]
         [Termination Attempts: Min: 1, Avg: 34.4, Max: 45, Diff: 44, Sum: 482]
      [GC Worker Other (ms): Min: 0.0, Avg: 0.0, Max: 0.0, Diff: 0.0, Sum: 0.2]
      [GC Worker Total (ms): Min: 4.2, Avg: 4.3, Max: 4.5, Diff: 0.3, Sum: 60.7]
      [GC Worker End (ms): Min: 538321636.4, Avg: 538321636.4, Max: 538321636.5, Diff: 0.0]
   [Code Root Fixup: 0.0 ms]
   [Code Root Purge: 0.0 ms]
   [Clear CT: 0.5 ms]
   [Other: 6.4 ms]
      [Choose CSet: 0.0 ms]
      [Ref Proc: 5.6 ms]
      [Ref Enq: 0.3 ms]
      [Redirty Cards: 0.2 ms]
      [Humongous Register: 0.0 ms]
      [Humongous Reclaim: 0.0 ms]
      [Free CSet: 0.2 ms]
   [Eden: 7152.0M(7152.0M)->0.0B(7152.0M) Survivors: 16384.0K->16384.0K Heap: 9973.9M(14336.0M)->2822.2M(14336.0M)]
 [Times: user=0.08 sys=0.00, real=0.01 secs] 
2022-11-12T00:12:42.345-0700: 539307.032: [GC pause (G1 Evacuation Pause) (young), 0.0180460 secs]
   [Parallel Time: 6.8 ms, GC Workers: 14]
      [GC Worker Start (ms): Min: 539307031.6, Avg: 539307031.8, Max: 539307032.0, Diff: 0.4]
      [Ext Root Scanning (ms): Min: 0.2, Avg: 0.9, Max: 6.4, Diff: 6.1, Sum: 12.5]
      [Update RS (ms): Min: 0.0, Avg: 0.1, Max: 0.4, Diff: 0.4, Sum: 1.8]
         [Processed Buffers: Min: 0, Avg: 11.1, Max: 33, Diff: 33, Sum: 156]
      [Scan RS (ms): Min: 0.0, Avg: 0.0, Max: 0.1, Diff: 0.1, Sum: 0.6]
      [Code Root Scanning (ms): Min: 0.0, Avg: 0.0, Max: 0.0, Diff: 0.0, Sum: 0.0]
      [Object Copy (ms): Min: 0.0, Avg: 0.3, Max: 0.4, Diff: 0.4, Sum: 4.2]
      [Termination (ms): Min: 0.0, Avg: 4.9, Max: 5.4, Diff: 5.4, Sum: 68.7]
         [Termination Attempts: Min: 1, Avg: 26.5, Max: 35, Diff: 34, Sum: 371]
      [GC Worker Other (ms): Min: 0.0, Avg: 0.0, Max: 0.0, Diff: 0.0, Sum: 0.1]
      [GC Worker Total (ms): Min: 6.1, Avg: 6.3, Max: 6.5, Diff: 0.4, Sum: 87.9]
      [GC Worker End (ms): Min: 539307038.0, Avg: 539307038.1, Max: 539307038.2, Diff: 0.1]
   [Code Root Fixup: 0.0 ms]
   [Code Root Purge: 0.0 ms]
   [Clear CT: 2.2 ms]
   [Other: 9.0 ms]
      [Choose CSet: 0.0 ms]
      [Ref Proc: 6.1 ms]
      [Ref Enq: 0.9 ms]
      [Redirty Cards: 0.5 ms]
      [Humongous Register: 0.0 ms]
      [Humongous Reclaim: 0.0 ms]
      [Free CSet: 0.2 ms]
   [Eden: 7152.0M(7152.0M)->0.0B(7152.0M) Survivors: 16384.0K->16384.0K Heap: 9974.2M(14336.0M)->2822.0M(14336.0M)]
 [Times: user=0.12 sys=0.00, real=0.02 secs] 
2022-11-12T00:29:00.745-0700: 540285.432: [GC pause (G1 Evacuation Pause) (young), 0.0093796 secs]
   [Parallel Time: 2.9 ms, GC Workers: 14]
      [GC Worker Start (ms): Min: 540285431.7, Avg: 540285431.8, Max: 540285432.0, Diff: 0.3]
      [Ext Root Scanning (ms): Min: 0.2, Avg: 0.6, Max: 2.7, Diff: 2.4, Sum: 8.1]
      [Update RS (ms): Min: 0.0, Avg: 0.1, Max: 0.2, Diff: 0.2, Sum: 1.6]
         [Processed Buffers: Min: 0, Avg: 11.4, Max: 32, Diff: 32, Sum: 160]
      [Scan RS (ms): Min: 0.0, Avg: 0.0, Max: 0.1, Diff: 0.1, Sum: 0.5]
      [Code Root Scanning (ms): Min: 0.0, Avg: 0.0, Max: 0.0, Diff: 0.0, Sum: 0.0]
      [Object Copy (ms): Min: 0.0, Avg: 0.3, Max: 0.4, Diff: 0.4, Sum: 4.2]
      [Termination (ms): Min: 0.0, Avg: 1.5, Max: 1.8, Diff: 1.8, Sum: 21.5]
         [Termination Attempts: Min: 1, Avg: 35.1, Max: 51, Diff: 50, Sum: 491]
      [GC Worker Other (ms): Min: 0.0, Avg: 0.0, Max: 0.0, Diff: 0.0, Sum: 0.1]
      [GC Worker Total (ms): Min: 2.4, Avg: 2.6, Max: 2.7, Diff: 0.3, Sum: 36.0]
      [GC Worker End (ms): Min: 540285434.3, Avg: 540285434.4, Max: 540285434.5, Diff: 0.1]
   [Code Root Fixup: 0.0 ms]
   [Code Root Purge: 0.0 ms]
   [Clear CT: 0.4 ms]
   [Other: 6.1 ms]
      [Choose CSet: 0.0 ms]
      [Ref Proc: 5.2 ms]
      [Ref Enq: 0.3 ms]
      [Redirty Cards: 0.2 ms]
      [Humongous Register: 0.0 ms]
      [Humongous Reclaim: 0.0 ms]
      [Free CSet: 0.2 ms]
   [Eden: 7152.0M(7152.0M)->0.0B(7152.0M) Survivors: 16384.0K->16384.0K Heap: 9974.0M(14336.0M)->2822.2M(14336.0M)]
 [Times: user=0.06 sys=0.00, real=0.01 secs] 
2022-11-12T00:45:11.745-0700: 541256.431: [GC pause (G1 Evacuation Pause) (young), 0.0094696 secs]
   [Parallel Time: 4.1 ms, GC Workers: 14]
      [GC Worker Start (ms): Min: 541256431.5, Avg: 541256431.6, Max: 541256431.9, Diff: 0.4]
      [Ext Root Scanning (ms): Min: 0.1, Avg: 0.7, Max: 3.8, Diff: 3.6, Sum: 9.2]
      [Update RS (ms): Min: 0.0, Avg: 0.1, Max: 0.3, Diff: 0.3, Sum: 1.4]
         [Processed Buffers: Min: 0, Avg: 11.4, Max: 37, Diff: 37, Sum: 159]
      [Scan RS (ms): Min: 0.0, Avg: 0.0, Max: 0.1, Diff: 0.0, Sum: 0.5]
      [Code Root Scanning (ms): Min: 0.0, Avg: 0.0, Max: 0.0, Diff: 0.0, Sum: 0.0]
      [Object Copy (ms): Min: 0.0, Avg: 0.2, Max: 0.3, Diff: 0.3, Sum: 3.4]
      [Termination (ms): Min: 0.0, Avg: 2.7, Max: 3.0, Diff: 3.0, Sum: 37.3]
         [Termination Attempts: Min: 1, Avg: 11.7, Max: 22, Diff: 21, Sum: 164]
      [GC Worker Other (ms): Min: 0.0, Avg: 0.0, Max: 0.0, Diff: 0.0, Sum: 0.1]
      [GC Worker Total (ms): Min: 3.4, Avg: 3.7, Max: 3.8, Diff: 0.4, Sum: 51.9]
      [GC Worker End (ms): Min: 541256435.3, Avg: 541256435.3, Max: 541256435.4, Diff: 0.1]
   [Code Root Fixup: 0.0 ms]
   [Code Root Purge: 0.0 ms]
   [Clear CT: 0.4 ms]
   [Other: 5.0 ms]
      [Choose CSet: 0.0 ms]
      [Ref Proc: 4.3 ms]
      [Ref Enq: 0.2 ms]
      [Redirty Cards: 0.3 ms]
      [Humongous Register: 0.0 ms]
      [Humongous Reclaim: 0.0 ms]
      [Free CSet: 0.1 ms]
   [Eden: 7152.0M(7152.0M)->0.0B(7152.0M) Survivors: 16384.0K->16384.0K Heap: 9974.2M(14336.0M)->2822.0M(14336.0M)]
 [Times: user=0.07 sys=0.00, real=0.01 secs] 
2022-11-12T01:01:11.946-0700: 542216.632: [GC pause (G1 Evacuation Pause) (young), 0.0156442 secs]
   [Parallel Time: 9.3 ms, GC Workers: 14]
      [GC Worker Start (ms): Min: 542216631.7, Avg: 542216631.9, Max: 542216632.1, Diff: 0.3]
      [Ext Root Scanning (ms): Min: 0.2, Avg: 0.6, Max: 3.9, Diff: 3.7, Sum: 8.7]
      [Update RS (ms): Min: 0.0, Avg: 0.1, Max: 0.3, Diff: 0.3, Sum: 1.3]
         [Processed Buffers: Min: 0, Avg: 12.2, Max: 37, Diff: 37, Sum: 171]
      [Scan RS (ms): Min: 0.0, Avg: 0.0, Max: 0.1, Diff: 0.0, Sum: 0.5]
      [Code Root Scanning (ms): Min: 0.0, Avg: 0.0, Max: 0.0, Diff: 0.0, Sum: 0.0]
      [Object Copy (ms): Min: 0.0, Avg: 2.6, Max: 8.2, Diff: 8.2, Sum: 36.8]
      [Termination (ms): Min: 0.1, Avg: 5.4, Max: 8.0, Diff: 7.9, Sum: 76.1]
         [Termination Attempts: Min: 1, Avg: 45.9, Max: 101, Diff: 100, Sum: 642]
      [GC Worker Other (ms): Min: 0.0, Avg: 0.0, Max: 0.0, Diff: 0.0, Sum: 0.1]
      [GC Worker Total (ms): Min: 8.6, Avg: 8.8, Max: 9.0, Diff: 0.4, Sum: 123.6]
      [GC Worker End (ms): Min: 542216640.7, Avg: 542216640.7, Max: 542216640.7, Diff: 0.1]
   [Code Root Fixup: 0.0 ms]
   [Code Root Purge: 0.0 ms]
   [Clear CT: 0.3 ms]
   [Other: 6.0 ms]
      [Choose CSet: 0.0 ms]
      [Ref Proc: 5.1 ms]
      [Ref Enq: 0.4 ms]
      [Redirty Cards: 0.3 ms]
      [Humongous Register: 0.0 ms]
      [Humongous Reclaim: 0.0 ms]
      [Free CSet: 0.2 ms]
   [Eden: 7152.0M(7152.0M)->0.0B(7152.0M) Survivors: 16384.0K->16384.0K Heap: 9974.0M(14336.0M)->2822.4M(14336.0M)]
 [Times: user=0.11 sys=0.00, real=0.01 secs] 
2022-11-12T01:17:29.645-0700: 543194.331: [GC pause (G1 Evacuation Pause) (young), 0.0125598 secs]
   [Parallel Time: 7.0 ms, GC Workers: 14]
      [GC Worker Start (ms): Min: 543194331.2, Avg: 543194331.3, Max: 543194331.5, Diff: 0.3]
      [Ext Root Scanning (ms): Min: 0.2, Avg: 0.6, Max: 2.6, Diff: 2.4, Sum: 7.8]
      [Update RS (ms): Min: 0.0, Avg: 0.1, Max: 0.3, Diff: 0.3, Sum: 1.3]
         [Processed Buffers: Min: 0, Avg: 11.1, Max: 40, Diff: 40, Sum: 155]
      [Scan RS (ms): Min: 0.0, Avg: 0.0, Max: 0.1, Diff: 0.0, Sum: 0.5]
      [Code Root Scanning (ms): Min: 0.0, Avg: 0.0, Max: 0.0, Diff: 0.0, Sum: 0.0]
      [Object Copy (ms): Min: 0.0, Avg: 2.8, Max: 5.8, Diff: 5.8, Sum: 39.2]
      [Termination (ms): Min: 0.0, Avg: 2.9, Max: 5.7, Diff: 5.7, Sum: 40.6]
         [Termination Attempts: Min: 1, Avg: 2.8, Max: 10, Diff: 9, Sum: 39]
      [GC Worker Other (ms): Min: 0.0, Avg: 0.0, Max: 0.0, Diff: 0.0, Sum: 0.1]
      [GC Worker Total (ms): Min: 6.2, Avg: 6.4, Max: 6.5, Diff: 0.3, Sum: 89.5]
      [GC Worker End (ms): Min: 543194337.7, Avg: 543194337.7, Max: 543194337.8, Diff: 0.1]
   [Code Root Fixup: 0.0 ms]
   [Code Root Purge: 0.0 ms]
   [Clear CT: 0.3 ms]
   [Other: 5.3 ms]
      [Choose CSet: 0.0 ms]
      [Ref Proc: 4.5 ms]
      [Ref Enq: 0.3 ms]
      [Redirty Cards: 0.2 ms]
      [Humongous Register: 0.0 ms]
      [Humongous Reclaim: 0.0 ms]
      [Free CSet: 0.2 ms]
   [Eden: 7152.0M(7152.0M)->0.0B(7152.0M) Survivors: 16384.0K->16384.0K Heap: 9974.4M(14336.0M)->2822.1M(14336.0M)]
 [Times: user=0.08 sys=0.00, real=0.01 secs] 
2022-11-12T01:33:43.845-0700: 544168.531: [GC pause (G1 Evacuation Pause) (young), 0.0136634 secs]
   [Parallel Time: 8.1 ms, GC Workers: 14]
      [GC Worker Start (ms): Min: 544168531.2, Avg: 544168531.3, Max: 544168531.4, Diff: 0.2]
      [Ext Root Scanning (ms): Min: 0.2, Avg: 0.7, Max: 3.8, Diff: 3.5, Sum: 9.2]
      [Update RS (ms): Min: 0.0, Avg: 0.1, Max: 0.3, Diff: 0.3, Sum: 1.4]
         [Processed Buffers: Min: 0, Avg: 11.0, Max: 41, Diff: 41, Sum: 154]
      [Scan RS (ms): Min: 0.0, Avg: 0.0, Max: 0.1, Diff: 0.1, Sum: 0.5]
      [Code Root Scanning (ms): Min: 0.0, Avg: 0.0, Max: 0.0, Diff: 0.0, Sum: 0.0]
      [Object Copy (ms): Min: 0.0, Avg: 4.1, Max: 7.1, Diff: 7.1, Sum: 57.4]
      [Termination (ms): Min: 0.0, Avg: 2.7, Max: 7.0, Diff: 7.0, Sum: 38.2]
         [Termination Attempts: Min: 1, Avg: 2.1, Max: 7, Diff: 6, Sum: 30]
      [GC Worker Other (ms): Min: 0.0, Avg: 0.0, Max: 0.0, Diff: 0.0, Sum: 0.1]
      [GC Worker Total (ms): Min: 7.5, Avg: 7.6, Max: 7.7, Diff: 0.3, Sum: 106.7]
      [GC Worker End (ms): Min: 544168538.9, Avg: 544168538.9, Max: 544168539.0, Diff: 0.1]
   [Code Root Fixup: 0.0 ms]
   [Code Root Purge: 0.0 ms]
   [Clear CT: 0.3 ms]
   [Other: 5.3 ms]
      [Choose CSet: 0.0 ms]
      [Ref Proc: 4.4 ms]
      [Ref Enq: 0.3 ms]
      [Redirty Cards: 0.2 ms]
      [Humongous Register: 0.0 ms]
      [Humongous Reclaim: 0.0 ms]
      [Free CSet: 0.2 ms]
   [Eden: 7152.0M(7152.0M)->0.0B(7152.0M) Survivors: 16384.0K->16384.0K Heap: 9974.1M(14336.0M)->2822.3M(14336.0M)]
 [Times: user=0.07 sys=0.00, real=0.01 secs] 
2022-11-12T01:49:59.795-0700: 545144.481: [GC pause (G1 Evacuation Pause) (young), 0.0097933 secs]
   [Parallel Time: 4.3 ms, GC Workers: 14]
      [GC Worker Start (ms): Min: 545144481.5, Avg: 545144481.7, Max: 545144481.8, Diff: 0.3]
      [Ext Root Scanning (ms): Min: 0.2, Avg: 0.6, Max: 3.8, Diff: 3.5, Sum: 8.7]
      [Update RS (ms): Min: 0.0, Avg: 0.1, Max: 0.3, Diff: 0.3, Sum: 1.4]
         [Processed Buffers: Min: 0, Avg: 12.2, Max: 34, Diff: 34, Sum: 171]
      [Scan RS (ms): Min: 0.0, Avg: 0.0, Max: 0.1, Diff: 0.1, Sum: 0.4]
      [Code Root Scanning (ms): Min: 0.0, Avg: 0.0, Max: 0.0, Diff: 0.0, Sum: 0.0]
      [Object Copy (ms): Min: 0.0, Avg: 0.2, Max: 0.3, Diff: 0.3, Sum: 3.5]
      [Termination (ms): Min: 0.0, Avg: 2.7, Max: 3.0, Diff: 3.0, Sum: 38.1]
         [Termination Attempts: Min: 1, Avg: 26.9, Max: 44, Diff: 43, Sum: 376]
      [GC Worker Other (ms): Min: 0.0, Avg: 0.0, Max: 0.0, Diff: 0.0, Sum: 0.1]
      [GC Worker Total (ms): Min: 3.5, Avg: 3.7, Max: 3.8, Diff: 0.3, Sum: 52.2]
      [GC Worker End (ms): Min: 545144485.3, Avg: 545144485.4, Max: 545144485.5, Diff: 0.1]
   [Code Root Fixup: 0.0 ms]
   [Code Root Purge: 0.0 ms]
   [Clear CT: 0.4 ms]
   [Other: 5.1 ms]
      [Choose CSet: 0.0 ms]
      [Ref Proc: 4.4 ms]
      [Ref Enq: 0.2 ms]
      [Redirty Cards: 0.2 ms]
      [Humongous Register: 0.0 ms]
      [Humongous Reclaim: 0.0 ms]
      [Free CSet: 0.2 ms]
   [Eden: 7152.0M(7152.0M)->0.0B(7152.0M) Survivors: 16384.0K->16384.0K Heap: 9974.3M(14336.0M)->2822.1M(14336.0M)]
 [Times: user=0.07 sys=0.00, real=0.01 secs] 
2022-11-12T02:06:16.295-0700: 546120.981: [GC pause (G1 Evacuation Pause) (young), 0.0095921 secs]
   [Parallel Time: 4.1 ms, GC Workers: 14]
      [GC Worker Start (ms): Min: 546120981.3, Avg: 546120981.4, Max: 546120981.6, Diff: 0.3]
      [Ext Root Scanning (ms): Min: 0.2, Avg: 0.6, Max: 3.7, Diff: 3.5, Sum: 8.5]
      [Update RS (ms): Min: 0.0, Avg: 0.1, Max: 0.3, Diff: 0.3, Sum: 1.4]
         [Processed Buffers: Min: 0, Avg: 12.1, Max: 28, Diff: 28, Sum: 169]
      [Scan RS (ms): Min: 0.0, Avg: 0.0, Max: 0.1, Diff: 0.0, Sum: 0.4]
      [Code Root Scanning (ms): Min: 0.0, Avg: 0.0, Max: 0.0, Diff: 0.0, Sum: 0.0]
      [Object Copy (ms): Min: 0.0, Avg: 0.3, Max: 0.4, Diff: 0.4, Sum: 4.1]
      [Termination (ms): Min: 0.0, Avg: 2.6, Max: 2.8, Diff: 2.8, Sum: 36.4]
         [Termination Attempts: Min: 1, Avg: 28.3, Max: 39, Diff: 38, Sum: 396]
      [GC Worker Other (ms): Min: 0.0, Avg: 0.0, Max: 0.0, Diff: 0.0, Sum: 0.1]
      [GC Worker Total (ms): Min: 3.4, Avg: 3.6, Max: 3.8, Diff: 0.3, Sum: 50.9]
      [GC Worker End (ms): Min: 546120985.0, Avg: 546120985.0, Max: 546120985.1, Diff: 0.1]
   [Code Root Fixup: 0.0 ms]
   [Code Root Purge: 0.0 ms]
   [Clear CT: 0.4 ms]
   [Other: 5.1 ms]
      [Choose CSet: 0.0 ms]
      [Ref Proc: 4.4 ms]
      [Ref Enq: 0.2 ms]
      [Redirty Cards: 0.2 ms]
      [Humongous Register: 0.0 ms]
      [Humongous Reclaim: 0.0 ms]
      [Free CSet: 0.2 ms]
   [Eden: 7152.0M(7152.0M)->0.0B(7152.0M) Survivors: 16384.0K->16384.0K Heap: 9974.1M(14336.0M)->2822.4M(14336.0M)]
 [Times: user=0.08 sys=0.00, real=0.01 secs] 
2022-11-12T02:22:37.502-0700: 547102.188: [GC pause (G1 Evacuation Pause) (young), 0.0105558 secs]
   [Parallel Time: 4.4 ms, GC Workers: 14]
      [GC Worker Start (ms): Min: 547102188.2, Avg: 547102188.4, Max: 547102188.6, Diff: 0.3]
      [Ext Root Scanning (ms): Min: 0.2, Avg: 0.6, Max: 3.8, Diff: 3.7, Sum: 8.7]
      [Update RS (ms): Min: 0.0, Avg: 0.1, Max: 0.3, Diff: 0.3, Sum: 1.7]
         [Processed Buffers: Min: 0, Avg: 11.2, Max: 29, Diff: 29, Sum: 157]
      [Scan RS (ms): Min: 0.0, Avg: 0.0, Max: 0.1, Diff: 0.1, Sum: 0.4]
      [Code Root Scanning (ms): Min: 0.0, Avg: 0.0, Max: 0.0, Diff: 0.0, Sum: 0.0]
      [Object Copy (ms): Min: 0.0, Avg: 0.3, Max: 0.5, Diff: 0.5, Sum: 4.1]
      [Termination (ms): Min: 0.0, Avg: 2.7, Max: 3.0, Diff: 3.0, Sum: 37.6]
         [Termination Attempts: Min: 1, Avg: 17.2, Max: 30, Diff: 29, Sum: 241]
      [GC Worker Other (ms): Min: 0.0, Avg: 0.0, Max: 0.0, Diff: 0.0, Sum: 0.1]
      [GC Worker Total (ms): Min: 3.5, Avg: 3.8, Max: 3.9, Diff: 0.4, Sum: 52.7]
      [GC Worker End (ms): Min: 547102192.1, Avg: 547102192.2, Max: 547102192.2, Diff: 0.1]
   [Code Root Fixup: 0.0 ms]
   [Code Root Purge: 0.0 ms]
   [Clear CT: 0.3 ms]
   [Other: 5.8 ms]
      [Choose CSet: 0.0 ms]
      [Ref Proc: 5.1 ms]
      [Ref Enq: 0.3 ms]
      [Redirty Cards: 0.2 ms]
      [Humongous Register: 0.0 ms]
      [Humongous Reclaim: 0.0 ms]
      [Free CSet: 0.2 ms]
   [Eden: 7152.0M(7152.0M)->0.0B(7152.0M) Survivors: 16384.0K->16384.0K Heap: 9974.4M(14336.0M)->2822.2M(14336.0M)]
 [Times: user=0.07 sys=0.00, real=0.01 secs] 
2022-11-12T02:38:45.096-0700: 548069.782: [GC pause (G1 Evacuation Pause) (young), 0.0092838 secs]
   [Parallel Time: 3.2 ms, GC Workers: 14]
      [GC Worker Start (ms): Min: 548069781.8, Avg: 548069781.9, Max: 548069782.2, Diff: 0.4]
      [Ext Root Scanning (ms): Min: 0.2, Avg: 0.6, Max: 2.7, Diff: 2.5, Sum: 7.8]
      [Update RS (ms): Min: 0.0, Avg: 0.1, Max: 0.3, Diff: 0.3, Sum: 1.5]
         [Processed Buffers: Min: 0, Avg: 11.2, Max: 33, Diff: 33, Sum: 157]
      [Scan RS (ms): Min: 0.0, Avg: 0.0, Max: 0.1, Diff: 0.1, Sum: 0.5]
      [Code Root Scanning (ms): Min: 0.0, Avg: 0.0, Max: 0.0, Diff: 0.0, Sum: 0.0]
      [Object Copy (ms): Min: 0.0, Avg: 0.3, Max: 0.3, Diff: 0.3, Sum: 3.6]
      [Termination (ms): Min: 0.0, Avg: 1.6, Max: 1.8, Diff: 1.8, Sum: 22.8]
         [Termination Attempts: Min: 1, Avg: 24.4, Max: 36, Diff: 35, Sum: 342]
      [GC Worker Other (ms): Min: 0.0, Avg: 0.0, Max: 0.0, Diff: 0.0, Sum: 0.1]
      [GC Worker Total (ms): Min: 2.4, Avg: 2.6, Max: 2.8, Diff: 0.4, Sum: 36.3]
      [GC Worker End (ms): Min: 548069784.5, Avg: 548069784.5, Max: 548069784.6, Diff: 0.1]
   [Code Root Fixup: 0.0 ms]
   [Code Root Purge: 0.0 ms]
   [Clear CT: 0.2 ms]
   [Other: 5.8 ms]
      [Choose CSet: 0.0 ms]
      [Ref Proc: 5.0 ms]
      [Ref Enq: 0.4 ms]
      [Redirty Cards: 0.2 ms]
      [Humongous Register: 0.0 ms]
      [Humongous Reclaim: 0.0 ms]
      [Free CSet: 0.1 ms]
   [Eden: 7152.0M(7152.0M)->0.0B(7152.0M) Survivors: 16384.0K->16384.0K Heap: 9974.2M(14336.0M)->2822.3M(14336.0M)]
 [Times: user=0.03 sys=0.03, real=0.01 secs] 
2022-11-12T02:55:00.947-0700: 549045.633: [GC pause (G1 Evacuation Pause) (young), 0.0097700 secs]
   [Parallel Time: 4.4 ms, GC Workers: 14]
      [GC Worker Start (ms): Min: 549045632.8, Avg: 549045633.7, Max: 549045634.7, Diff: 1.9]
      [Ext Root Scanning (ms): Min: 0.0, Avg: 0.6, Max: 4.0, Diff: 4.0, Sum: 8.0]
      [Update RS (ms): Min: 0.0, Avg: 0.1, Max: 0.3, Diff: 0.3, Sum: 1.1]
         [Processed Buffers: Min: 0, Avg: 11.0, Max: 44, Diff: 44, Sum: 154]
      [Scan RS (ms): Min: 0.0, Avg: 0.0, Max: 0.1, Diff: 0.1, Sum: 0.3]
      [Code Root Scanning (ms): Min: 0.0, Avg: 0.0, Max: 0.0, Diff: 0.0, Sum: 0.0]
      [Object Copy (ms): Min: 0.0, Avg: 0.2, Max: 0.9, Diff: 0.9, Sum: 3.1]
      [Termination (ms): Min: 0.0, Avg: 2.3, Max: 2.9, Diff: 2.9, Sum: 31.9]
         [Termination Attempts: Min: 1, Avg: 6.0, Max: 21, Diff: 20, Sum: 84]
      [GC Worker Other (ms): Min: 0.0, Avg: 0.0, Max: 0.0, Diff: 0.0, Sum: 0.1]
      [GC Worker Total (ms): Min: 2.1, Avg: 3.2, Max: 4.1, Diff: 2.0, Sum: 44.4]
      [GC Worker End (ms): Min: 549045636.8, Avg: 549045636.9, Max: 549045636.9, Diff: 0.1]
   [Code Root Fixup: 0.0 ms]
   [Code Root Purge: 0.0 ms]
   [Clear CT: 0.4 ms]
   [Other: 4.9 ms]
      [Choose CSet: 0.0 ms]
      [Ref Proc: 4.2 ms]
      [Ref Enq: 0.3 ms]
      [Redirty Cards: 0.2 ms]
      [Humongous Register: 0.0 ms]
      [Humongous Reclaim: 0.0 ms]
      [Free CSet: 0.2 ms]
   [Eden: 7152.0M(7152.0M)->0.0B(7152.0M) Survivors: 16384.0K->16384.0K Heap: 9974.3M(14336.0M)->2822.1M(14336.0M)]
 [Times: user=0.06 sys=0.00, real=0.01 secs] 
2022-11-12T03:11:05.345-0700: 550010.032: [GC pause (G1 Evacuation Pause) (young), 0.0112340 secs]
   [Parallel Time: 5.4 ms, GC Workers: 14]
      [GC Worker Start (ms): Min: 550010031.7, Avg: 550010031.9, Max: 550010032.0, Diff: 0.3]
      [Ext Root Scanning (ms): Min: 0.2, Avg: 0.7, Max: 3.7, Diff: 3.6, Sum: 9.1]
      [Update RS (ms): Min: 0.0, Avg: 0.1, Max: 0.3, Diff: 0.3, Sum: 1.3]
         [Processed Buffers: Min: 0, Avg: 11.6, Max: 48, Diff: 48, Sum: 163]
      [Scan RS (ms): Min: 0.0, Avg: 0.0, Max: 0.1, Diff: 0.0, Sum: 0.3]
      [Code Root Scanning (ms): Min: 0.0, Avg: 0.0, Max: 0.0, Diff: 0.0, Sum: 0.0]
      [Object Copy (ms): Min: 0.0, Avg: 0.6, Max: 4.3, Diff: 4.3, Sum: 8.4]
      [Termination (ms): Min: 0.0, Avg: 3.4, Max: 4.2, Diff: 4.2, Sum: 48.1]
         [Termination Attempts: Min: 1, Avg: 1.0, Max: 1, Diff: 0, Sum: 14]
      [GC Worker Other (ms): Min: 0.0, Avg: 0.0, Max: 0.0, Diff: 0.0, Sum: 0.1]
      [GC Worker Total (ms): Min: 4.6, Avg: 4.8, Max: 4.9, Diff: 0.3, Sum: 67.4]
      [GC Worker End (ms): Min: 550010036.6, Avg: 550010036.7, Max: 550010036.8, Diff: 0.1]
   [Code Root Fixup: 0.0 ms]
   [Code Root Purge: 0.0 ms]
   [Clear CT: 0.3 ms]
   [Other: 5.6 ms]
      [Choose CSet: 0.0 ms]
      [Ref Proc: 4.6 ms]
      [Ref Enq: 0.5 ms]
      [Redirty Cards: 0.2 ms]
      [Humongous Register: 0.0 ms]
      [Humongous Reclaim: 0.0 ms]
      [Free CSet: 0.2 ms]
   [Eden: 7152.0M(7152.0M)->0.0B(7152.0M) Survivors: 16384.0K->16384.0K Heap: 9974.1M(14336.0M)->2822.4M(14336.0M)]
 [Times: user=0.08 sys=0.00, real=0.01 secs] 
2022-11-12T03:27:15.246-0700: 550979.932: [GC pause (G1 Evacuation Pause) (young), 0.0103175 secs]
   [Parallel Time: 4.2 ms, GC Workers: 14]
      [GC Worker Start (ms): Min: 550979932.2, Avg: 550979932.4, Max: 550979932.5, Diff: 0.3]
      [Ext Root Scanning (ms): Min: 0.3, Avg: 0.7, Max: 3.8, Diff: 3.6, Sum: 9.2]
      [Update RS (ms): Min: 0.0, Avg: 0.1, Max: 0.3, Diff: 0.3, Sum: 1.3]
         [Processed Buffers: Min: 0, Avg: 11.6, Max: 38, Diff: 38, Sum: 162]
      [Scan RS (ms): Min: 0.0, Avg: 0.0, Max: 0.1, Diff: 0.0, Sum: 0.4]
      [Code Root Scanning (ms): Min: 0.0, Avg: 0.0, Max: 0.0, Diff: 0.0, Sum: 0.0]
      [Object Copy (ms): Min: 0.0, Avg: 0.2, Max: 0.3, Diff: 0.3, Sum: 3.2]
      [Termination (ms): Min: 0.0, Avg: 2.7, Max: 2.9, Diff: 2.9, Sum: 37.3]
         [Termination Attempts: Min: 1, Avg: 11.3, Max: 24, Diff: 23, Sum: 158]
      [GC Worker Other (ms): Min: 0.0, Avg: 0.0, Max: 0.0, Diff: 0.0, Sum: 0.1]
      [GC Worker Total (ms): Min: 3.5, Avg: 3.7, Max: 3.8, Diff: 0.3, Sum: 51.6]
      [GC Worker End (ms): Min: 550979936.1, Avg: 550979936.1, Max: 550979936.1, Diff: 0.1]
   [Code Root Fixup: 0.0 ms]
   [Code Root Purge: 0.0 ms]
   [Clear CT: 0.4 ms]
   [Other: 5.7 ms]
      [Choose CSet: 0.0 ms]
      [Ref Proc: 5.0 ms]
      [Ref Enq: 0.3 ms]
      [Redirty Cards: 0.2 ms]
      [Humongous Register: 0.0 ms]
      [Humongous Reclaim: 0.0 ms]
      [Free CSet: 0.2 ms]
   [Eden: 7152.0M(7152.0M)->0.0B(7152.0M) Survivors: 16384.0K->16384.0K Heap: 9974.4M(14336.0M)->2822.2M(14336.0M)]
 [Times: user=0.07 sys=0.00, real=0.01 secs] 
2022-11-12T03:43:34.195-0700: 551958.882: [GC pause (G1 Evacuation Pause) (young), 0.0104740 secs]
   [Parallel Time: 4.5 ms, GC Workers: 14]
      [GC Worker Start (ms): Min: 551958881.7, Avg: 551958881.8, Max: 551958881.9, Diff: 0.2]
      [Ext Root Scanning (ms): Min: 0.3, Avg: 0.7, Max: 3.9, Diff: 3.7, Sum: 9.2]
      [Update RS (ms): Min: 0.0, Avg: 0.1, Max: 0.3, Diff: 0.3, Sum: 1.5]
         [Processed Buffers: Min: 0, Avg: 11.1, Max: 35, Diff: 35, Sum: 156]
      [Scan RS (ms): Min: 0.0, Avg: 0.0, Max: 0.1, Diff: 0.1, Sum: 0.5]
      [Code Root Scanning (ms): Min: 0.0, Avg: 0.0, Max: 0.0, Diff: 0.0, Sum: 0.0]
      [Object Copy (ms): Min: 0.0, Avg: 0.2, Max: 0.3, Diff: 0.3, Sum: 3.4]
      [Termination (ms): Min: 0.0, Avg: 2.9, Max: 3.1, Diff: 3.1, Sum: 40.0]
         [Termination Attempts: Min: 1, Avg: 14.1, Max: 27, Diff: 26, Sum: 197]
      [GC Worker Other (ms): Min: 0.0, Avg: 0.0, Max: 0.0, Diff: 0.0, Sum: 0.1]
      [GC Worker Total (ms): Min: 3.7, Avg: 3.9, Max: 4.0, Diff: 0.3, Sum: 54.7]
      [GC Worker End (ms): Min: 551958885.6, Avg: 551958885.7, Max: 551958885.8, Diff: 0.1]
   [Code Root Fixup: 0.0 ms]
   [Code Root Purge: 0.0 ms]
   [Clear CT: 0.4 ms]
   [Other: 5.6 ms]
      [Choose CSet: 0.0 ms]
      [Ref Proc: 4.9 ms]
      [Ref Enq: 0.2 ms]
      [Redirty Cards: 0.2 ms]
      [Humongous Register: 0.0 ms]
      [Humongous Reclaim: 0.0 ms]
      [Free CSet: 0.2 ms]
   [Eden: 7152.0M(7152.0M)->0.0B(7152.0M) Survivors: 16384.0K->16384.0K Heap: 9974.2M(14336.0M)->2822.2M(14336.0M)]
 [Times: user=0.08 sys=0.00, real=0.01 secs] 
2022-11-12T03:59:49.695-0700: 552934.381: [GC pause (G1 Evacuation Pause) (young), 0.0100231 secs]
   [Parallel Time: 4.0 ms, GC Workers: 14]
      [GC Worker Start (ms): Min: 552934381.3, Avg: 552934381.4, Max: 552934381.6, Diff: 0.3]
      [Ext Root Scanning (ms): Min: 0.2, Avg: 0.6, Max: 3.8, Diff: 3.6, Sum: 8.8]
      [Update RS (ms): Min: 0.0, Avg: 0.1, Max: 0.3, Diff: 0.3, Sum: 1.3]
         [Processed Buffers: Min: 0, Avg: 10.9, Max: 36, Diff: 36, Sum: 152]
      [Scan RS (ms): Min: 0.0, Avg: 0.0, Max: 0.1, Diff: 0.1, Sum: 0.5]
      [Code Root Scanning (ms): Min: 0.0, Avg: 0.0, Max: 0.0, Diff: 0.0, Sum: 0.0]
      [Object Copy (ms): Min: 0.0, Avg: 0.3, Max: 0.4, Diff: 0.4, Sum: 4.0]
      [Termination (ms): Min: 0.0, Avg: 2.7, Max: 3.0, Diff: 3.0, Sum: 38.0]
         [Termination Attempts: Min: 1, Avg: 36.6, Max: 49, Diff: 48, Sum: 512]
      [GC Worker Other (ms): Min: 0.0, Avg: 0.0, Max: 0.0, Diff: 0.0, Sum: 0.1]
      [GC Worker Total (ms): Min: 3.6, Avg: 3.8, Max: 3.9, Diff: 0.3, Sum: 52.7]
      [GC Worker End (ms): Min: 552934385.1, Avg: 552934385.2, Max: 552934385.2, Diff: 0.1]
   [Code Root Fixup: 0.0 ms]
   [Code Root Purge: 0.0 ms]
   [Clear CT: 0.5 ms]
   [Other: 5.6 ms]
      [Choose CSet: 0.0 ms]
      [Ref Proc: 4.9 ms]
      [Ref Enq: 0.2 ms]
      [Redirty Cards: 0.2 ms]
      [Humongous Register: 0.0 ms]
      [Humongous Reclaim: 0.0 ms]
      [Free CSet: 0.1 ms]
   [Eden: 7152.0M(7152.0M)->0.0B(7152.0M) Survivors: 16384.0K->16384.0K Heap: 9974.2M(14336.0M)->2822.4M(14336.0M)]
 [Times: user=0.08 sys=0.00, real=0.01 secs] 
2022-11-12T04:16:10.195-0700: 553914.881: [GC pause (G1 Evacuation Pause) (young), 0.0089147 secs]
   [Parallel Time: 3.3 ms, GC Workers: 14]
      [GC Worker Start (ms): Min: 553914881.3, Avg: 553914881.5, Max: 553914881.7, Diff: 0.4]
      [Ext Root Scanning (ms): Min: 0.2, Avg: 0.6, Max: 2.9, Diff: 2.7, Sum: 8.6]
      [Update RS (ms): Min: 0.0, Avg: 0.1, Max: 0.3, Diff: 0.3, Sum: 1.7]
         [Processed Buffers: Min: 0, Avg: 10.9, Max: 22, Diff: 22, Sum: 153]
      [Scan RS (ms): Min: 0.0, Avg: 0.0, Max: 0.1, Diff: 0.1, Sum: 0.5]
      [Code Root Scanning (ms): Min: 0.0, Avg: 0.0, Max: 0.0, Diff: 0.0, Sum: 0.0]
      [Object Copy (ms): Min: 0.0, Avg: 0.4, Max: 0.5, Diff: 0.5, Sum: 5.0]
      [Termination (ms): Min: 0.0, Avg: 1.7, Max: 1.8, Diff: 1.8, Sum: 23.3]
         [Termination Attempts: Min: 1, Avg: 45.9, Max: 67, Diff: 66, Sum: 643]
      [GC Worker Other (ms): Min: 0.0, Avg: 0.0, Max: 0.0, Diff: 0.0, Sum: 0.1]
      [GC Worker Total (ms): Min: 2.6, Avg: 2.8, Max: 3.0, Diff: 0.3, Sum: 39.2]
      [GC Worker End (ms): Min: 553914884.3, Avg: 553914884.3, Max: 553914884.3, Diff: 0.1]
   [Code Root Fixup: 0.0 ms]
   [Code Root Purge: 0.0 ms]
   [Clear CT: 0.4 ms]
   [Other: 5.2 ms]
      [Choose CSet: 0.0 ms]
      [Ref Proc: 4.5 ms]
      [Ref Enq: 0.3 ms]
      [Redirty Cards: 0.2 ms]
      [Humongous Register: 0.0 ms]
      [Humongous Reclaim: 0.0 ms]
      [Free CSet: 0.1 ms]
   [Eden: 7152.0M(7152.0M)->0.0B(7152.0M) Survivors: 16384.0K->16384.0K Heap: 9974.4M(14336.0M)->2822.2M(14336.0M)]
 [Times: user=0.03 sys=0.04, real=0.01 secs] 
2022-11-12T04:32:20.374-0700: 554885.060: [GC pause (G1 Evacuation Pause) (young), 0.0109780 secs]
   [Parallel Time: 4.4 ms, GC Workers: 14]
      [GC Worker Start (ms): Min: 554885060.4, Avg: 554885060.5, Max: 554885060.7, Diff: 0.3]
      [Ext Root Scanning (ms): Min: 0.2, Avg: 0.6, Max: 3.8, Diff: 3.6, Sum: 8.9]
      [Update RS (ms): Min: 0.0, Avg: 0.1, Max: 0.3, Diff: 0.3, Sum: 1.4]
         [Processed Buffers: Min: 0, Avg: 11.0, Max: 34, Diff: 34, Sum: 154]
      [Scan RS (ms): Min: 0.0, Avg: 0.0, Max: 0.1, Diff: 0.1, Sum: 0.5]
      [Code Root Scanning (ms): Min: 0.0, Avg: 0.0, Max: 0.0, Diff: 0.0, Sum: 0.0]
      [Object Copy (ms): Min: 0.0, Avg: 0.3, Max: 0.3, Diff: 0.3, Sum: 3.8]
      [Termination (ms): Min: 0.0, Avg: 2.7, Max: 2.9, Diff: 2.9, Sum: 37.3]
         [Termination Attempts: Min: 1, Avg: 18.0, Max: 33, Diff: 32, Sum: 252]
      [GC Worker Other (ms): Min: 0.0, Avg: 0.0, Max: 0.0, Diff: 0.0, Sum: 0.1]
      [GC Worker Total (ms): Min: 3.5, Avg: 3.7, Max: 3.9, Diff: 0.4, Sum: 52.0]
      [GC Worker End (ms): Min: 554885064.2, Avg: 554885064.3, Max: 554885064.3, Diff: 0.1]
   [Code Root Fixup: 0.0 ms]
   [Code Root Purge: 0.0 ms]
   [Clear CT: 0.4 ms]
   [Other: 6.2 ms]
      [Choose CSet: 0.0 ms]
      [Ref Proc: 5.4 ms]
      [Ref Enq: 0.2 ms]
      [Redirty Cards: 0.2 ms]
      [Humongous Register: 0.0 ms]
      [Humongous Reclaim: 0.0 ms]
      [Free CSet: 0.2 ms]
   [Eden: 7152.0M(7152.0M)->0.0B(7152.0M) Survivors: 16384.0K->16384.0K Heap: 9974.2M(14336.0M)->2822.5M(14336.0M)]
 [Times: user=0.07 sys=0.00, real=0.02 secs] 
2022-11-12T04:48:43.095-0700: 555867.782: [GC pause (G1 Evacuation Pause) (young), 0.0135456 secs]
   [Parallel Time: 7.3 ms, GC Workers: 14]
      [GC Worker Start (ms): Min: 555867781.7, Avg: 555867781.8, Max: 555867782.0, Diff: 0.3]
      [Ext Root Scanning (ms): Min: 0.2, Avg: 0.6, Max: 3.8, Diff: 3.6, Sum: 8.6]
      [Update RS (ms): Min: 0.0, Avg: 0.1, Max: 0.3, Diff: 0.3, Sum: 1.3]
         [Processed Buffers: Min: 0, Avg: 11.1, Max: 37, Diff: 37, Sum: 156]
      [Scan RS (ms): Min: 0.0, Avg: 0.0, Max: 0.0, Diff: 0.0, Sum: 0.5]
      [Code Root Scanning (ms): Min: 0.0, Avg: 0.0, Max: 0.0, Diff: 0.0, Sum: 0.0]
      [Object Copy (ms): Min: 0.0, Avg: 1.7, Max: 6.3, Diff: 6.3, Sum: 23.5]
      [Termination (ms): Min: 0.0, Avg: 4.4, Max: 6.0, Diff: 6.0, Sum: 61.9]
         [Termination Attempts: Min: 1, Avg: 1.2, Max: 2, Diff: 1, Sum: 17]
      [GC Worker Other (ms): Min: 0.0, Avg: 0.0, Max: 0.0, Diff: 0.0, Sum: 0.1]
      [GC Worker Total (ms): Min: 6.7, Avg: 6.8, Max: 7.0, Diff: 0.3, Sum: 95.8]
      [GC Worker End (ms): Min: 555867788.6, Avg: 555867788.7, Max: 555867788.8, Diff: 0.1]
   [Code Root Fixup: 0.0 ms]
   [Code Root Purge: 0.0 ms]
   [Clear CT: 0.2 ms]
   [Other: 6.0 ms]
      [Choose CSet: 0.0 ms]
      [Ref Proc: 5.2 ms]
      [Ref Enq: 0.3 ms]
      [Redirty Cards: 0.2 ms]
      [Humongous Register: 0.0 ms]
      [Humongous Reclaim: 0.0 ms]
      [Free CSet: 0.2 ms]
   [Eden: 7152.0M(7152.0M)->0.0B(7152.0M) Survivors: 16384.0K->16384.0K Heap: 9974.5M(14336.0M)->2822.4M(14336.0M)]
 [Times: user=0.10 sys=0.00, real=0.01 secs] 
2022-11-12T05:04:57.545-0700: 556842.232: [GC pause (G1 Evacuation Pause) (young), 0.0283813 secs]
   [Parallel Time: 5.5 ms, GC Workers: 14]
      [GC Worker Start (ms): Min: 556842231.7, Avg: 556842231.8, Max: 556842232.0, Diff: 0.3]
      [Ext Root Scanning (ms): Min: 0.2, Avg: 0.6, Max: 3.8, Diff: 3.6, Sum: 8.8]
      [Update RS (ms): Min: 0.0, Avg: 0.1, Max: 0.3, Diff: 0.3, Sum: 1.4]
         [Processed Buffers: Min: 0, Avg: 11.1, Max: 36, Diff: 36, Sum: 155]
      [Scan RS (ms): Min: 0.0, Avg: 0.0, Max: 0.1, Diff: 0.1, Sum: 0.5]
      [Code Root Scanning (ms): Min: 0.0, Avg: 0.0, Max: 0.0, Diff: 0.0, Sum: 0.0]
      [Object Copy (ms): Min: 0.0, Avg: 0.5, Max: 4.3, Diff: 4.3, Sum: 7.1]
      [Termination (ms): Min: 0.0, Avg: 3.6, Max: 4.1, Diff: 4.1, Sum: 50.1]
         [Termination Attempts: Min: 1, Avg: 9.3, Max: 18, Diff: 17, Sum: 130]
      [GC Worker Other (ms): Min: 0.0, Avg: 0.0, Max: 0.0, Diff: 0.0, Sum: 0.1]
      [GC Worker Total (ms): Min: 4.7, Avg: 4.9, Max: 5.0, Diff: 0.3, Sum: 68.0]
      [GC Worker End (ms): Min: 556842236.6, Avg: 556842236.7, Max: 556842236.7, Diff: 0.1]
   [Code Root Fixup: 0.0 ms]
   [Code Root Purge: 0.0 ms]
   [Clear CT: 0.7 ms]
   [Other: 22.2 ms]
      [Choose CSet: 0.0 ms]
      [Ref Proc: 21.6 ms]
      [Ref Enq: 0.2 ms]
      [Redirty Cards: 0.2 ms]
      [Humongous Register: 0.0 ms]
      [Humongous Reclaim: 0.0 ms]
      [Free CSet: 0.1 ms]
   [Eden: 7152.0M(7152.0M)->0.0B(7152.0M) Survivors: 16384.0K->16384.0K Heap: 9974.4M(14336.0M)->2822.3M(14336.0M)]
 [Times: user=0.11 sys=0.00, real=0.02 secs] 
2022-11-12T05:21:08.245-0700: 557812.931: [GC pause (G1 Evacuation Pause) (young), 0.0108374 secs]
   [Parallel Time: 4.5 ms, GC Workers: 14]
      [GC Worker Start (ms): Min: 557812931.3, Avg: 557812931.5, Max: 557812931.6, Diff: 0.3]
      [Ext Root Scanning (ms): Min: 0.2, Avg: 0.7, Max: 3.9, Diff: 3.6, Sum: 9.4]
      [Update RS (ms): Min: 0.0, Avg: 0.1, Max: 0.3, Diff: 0.3, Sum: 1.3]
         [Processed Buffers: Min: 0, Avg: 11.4, Max: 43, Diff: 43, Sum: 159]
      [Scan RS (ms): Min: 0.0, Avg: 0.0, Max: 0.1, Diff: 0.0, Sum: 0.4]
      [Code Root Scanning (ms): Min: 0.0, Avg: 0.0, Max: 0.0, Diff: 0.0, Sum: 0.0]
      [Object Copy (ms): Min: 0.0, Avg: 0.3, Max: 0.6, Diff: 0.6, Sum: 4.2]
      [Termination (ms): Min: 0.0, Avg: 2.6, Max: 2.9, Diff: 2.9, Sum: 37.0]
         [Termination Attempts: Min: 1, Avg: 8.4, Max: 18, Diff: 17, Sum: 118]
      [GC Worker Other (ms): Min: 0.0, Avg: 0.0, Max: 0.0, Diff: 0.0, Sum: 0.1]
      [GC Worker Total (ms): Min: 3.6, Avg: 3.7, Max: 3.9, Diff: 0.3, Sum: 52.5]
      [GC Worker End (ms): Min: 557812935.2, Avg: 557812935.2, Max: 557812935.3, Diff: 0.0]
   [Code Root Fixup: 0.0 ms]
   [Code Root Purge: 0.0 ms]
   [Clear CT: 0.2 ms]
   [Other: 6.1 ms]
      [Choose CSet: 0.0 ms]
      [Ref Proc: 5.4 ms]
      [Ref Enq: 0.3 ms]
      [Redirty Cards: 0.2 ms]
      [Humongous Register: 0.0 ms]
      [Humongous Reclaim: 0.0 ms]
      [Free CSet: 0.1 ms]
   [Eden: 7152.0M(7152.0M)->0.0B(7152.0M) Survivors: 16384.0K->16384.0K Heap: 9974.3M(14336.0M)->2822.5M(14336.0M)]
 [Times: user=0.08 sys=0.00, real=0.01 secs] 
2022-11-12T05:37:32.045-0700: 558796.731: [GC pause (G1 Evacuation Pause) (young), 0.0175935 secs]
   [Parallel Time: 4.2 ms, GC Workers: 14]
      [GC Worker Start (ms): Min: 558796731.4, Avg: 558796731.6, Max: 558796731.8, Diff: 0.3]
      [Ext Root Scanning (ms): Min: 0.2, Avg: 0.6, Max: 3.7, Diff: 3.6, Sum: 8.5]
      [Update RS (ms): Min: 0.0, Avg: 0.1, Max: 0.3, Diff: 0.3, Sum: 1.3]
         [Processed Buffers: Min: 0, Avg: 11.5, Max: 41, Diff: 41, Sum: 161]
      [Scan RS (ms): Min: 0.0, Avg: 0.0, Max: 0.1, Diff: 0.1, Sum: 0.5]
      [Code Root Scanning (ms): Min: 0.0, Avg: 0.0, Max: 0.0, Diff: 0.0, Sum: 0.0]
      [Object Copy (ms): Min: 0.0, Avg: 0.2, Max: 0.3, Diff: 0.3, Sum: 3.3]
      [Termination (ms): Min: 0.0, Avg: 2.7, Max: 3.0, Diff: 3.0, Sum: 37.9]
         [Termination Attempts: Min: 1, Avg: 23.4, Max: 34, Diff: 33, Sum: 328]
      [GC Worker Other (ms): Min: 0.0, Avg: 0.0, Max: 0.0, Diff: 0.0, Sum: 0.1]
      [GC Worker Total (ms): Min: 3.5, Avg: 3.7, Max: 3.9, Diff: 0.4, Sum: 51.7]
      [GC Worker End (ms): Min: 558796735.2, Avg: 558796735.3, Max: 558796735.3, Diff: 0.1]
   [Code Root Fixup: 0.0 ms]
   [Code Root Purge: 0.0 ms]
   [Clear CT: 0.2 ms]
   [Other: 13.1 ms]
      [Choose CSet: 0.0 ms]
      [Ref Proc: 5.3 ms]
      [Ref Enq: 0.3 ms]
      [Redirty Cards: 0.2 ms]
      [Humongous Register: 0.0 ms]
      [Humongous Reclaim: 0.0 ms]
      [Free CSet: 0.2 ms]
   [Eden: 7152.0M(7152.0M)->0.0B(7152.0M) Survivors: 16384.0K->16384.0K Heap: 9974.5M(14336.0M)->2822.3M(14336.0M)]
 [Times: user=0.07 sys=0.00, real=0.02 secs] 
2022-11-12T05:53:47.746-0700: 559772.432: [GC pause (G1 Evacuation Pause) (young), 0.0104871 secs]
   [Parallel Time: 4.2 ms, GC Workers: 14]
      [GC Worker Start (ms): Min: 559772432.0, Avg: 559772432.1, Max: 559772432.3, Diff: 0.3]
      [Ext Root Scanning (ms): Min: 0.2, Avg: 0.6, Max: 3.7, Diff: 3.5, Sum: 9.0]
      [Update RS (ms): Min: 0.0, Avg: 0.1, Max: 0.3, Diff: 0.3, Sum: 1.5]
         [Processed Buffers: Min: 0, Avg: 10.6, Max: 33, Diff: 33, Sum: 149]
      [Scan RS (ms): Min: 0.0, Avg: 0.0, Max: 0.0, Diff: 0.0, Sum: 0.4]
      [Code Root Scanning (ms): Min: 0.0, Avg: 0.0, Max: 0.0, Diff: 0.0, Sum: 0.0]
      [Object Copy (ms): Min: 0.0, Avg: 0.2, Max: 0.3, Diff: 0.3, Sum: 3.1]
      [Termination (ms): Min: 0.0, Avg: 2.7, Max: 2.9, Diff: 2.9, Sum: 37.2]
         [Termination Attempts: Min: 1, Avg: 16.1, Max: 25, Diff: 24, Sum: 226]
      [GC Worker Other (ms): Min: 0.0, Avg: 0.0, Max: 0.0, Diff: 0.0, Sum: 0.1]
      [GC Worker Total (ms): Min: 3.5, Avg: 3.7, Max: 3.8, Diff: 0.3, Sum: 51.3]
      [GC Worker End (ms): Min: 559772435.7, Avg: 559772435.8, Max: 559772435.9, Diff: 0.2]
   [Code Root Fixup: 0.0 ms]
   [Code Root Purge: 0.0 ms]
   [Clear CT: 0.4 ms]
   [Other: 5.9 ms]
      [Choose CSet: 0.0 ms]
      [Ref Proc: 5.3 ms]
      [Ref Enq: 0.3 ms]
      [Redirty Cards: 0.2 ms]
      [Humongous Register: 0.0 ms]
      [Humongous Reclaim: 0.0 ms]
      [Free CSet: 0.1 ms]
   [Eden: 7152.0M(7152.0M)->0.0B(7152.0M) Survivors: 16384.0K->16384.0K Heap: 9974.3M(14336.0M)->2822.5M(14336.0M)]
 [Times: user=0.08 sys=0.00, real=0.01 secs] 
2022-11-12T06:09:55.619-0700: 560740.305: [GC pause (G1 Evacuation Pause) (young), 0.0102150 secs]
   [Parallel Time: 4.2 ms, GC Workers: 14]
      [GC Worker Start (ms): Min: 560740305.1, Avg: 560740305.2, Max: 560740305.4, Diff: 0.3]
      [Ext Root Scanning (ms): Min: 0.2, Avg: 0.6, Max: 3.7, Diff: 3.5, Sum: 8.5]
      [Update RS (ms): Min: 0.0, Avg: 0.1, Max: 0.3, Diff: 0.3, Sum: 1.3]
         [Processed Buffers: Min: 0, Avg: 10.9, Max: 30, Diff: 30, Sum: 153]
      [Scan RS (ms): Min: 0.0, Avg: 0.0, Max: 0.1, Diff: 0.0, Sum: 0.5]
      [Code Root Scanning (ms): Min: 0.0, Avg: 0.0, Max: 0.0, Diff: 0.0, Sum: 0.0]
      [Object Copy (ms): Min: 0.0, Avg: 0.3, Max: 0.4, Diff: 0.4, Sum: 3.8]
      [Termination (ms): Min: 0.0, Avg: 2.6, Max: 2.9, Diff: 2.9, Sum: 36.8]
         [Termination Attempts: Min: 1, Avg: 26.4, Max: 39, Diff: 38, Sum: 370]
      [GC Worker Other (ms): Min: 0.0, Avg: 0.0, Max: 0.0, Diff: 0.0, Sum: 0.1]
      [GC Worker Total (ms): Min: 3.5, Avg: 3.6, Max: 3.8, Diff: 0.3, Sum: 50.9]
      [GC Worker End (ms): Min: 560740308.9, Avg: 560740308.9, Max: 560740309.0, Diff: 0.1]
   [Code Root Fixup: 0.0 ms]
   [Code Root Purge: 0.0 ms]
   [Clear CT: 0.3 ms]
   [Other: 5.7 ms]
      [Choose CSet: 0.0 ms]
      [Ref Proc: 5.1 ms]
      [Ref Enq: 0.2 ms]
      [Redirty Cards: 0.2 ms]
      [Humongous Register: 0.0 ms]
      [Humongous Reclaim: 0.0 ms]
      [Free CSet: 0.1 ms]
   [Eden: 7152.0M(7152.0M)->0.0B(7152.0M) Survivors: 16384.0K->16384.0K Heap: 9974.5M(14336.0M)->2822.4M(14336.0M)]
 [Times: user=0.08 sys=0.00, real=0.01 secs] 
2022-11-12T06:26:07.245-0700: 561711.931: [GC pause (G1 Evacuation Pause) (young), 0.0110018 secs]
   [Parallel Time: 4.3 ms, GC Workers: 14]
      [GC Worker Start (ms): Min: 561711931.3, Avg: 561711931.5, Max: 561711931.7, Diff: 0.4]
      [Ext Root Scanning (ms): Min: 0.2, Avg: 0.6, Max: 3.7, Diff: 3.5, Sum: 8.5]
      [Update RS (ms): Min: 0.0, Avg: 0.1, Max: 0.2, Diff: 0.2, Sum: 1.2]
         [Processed Buffers: Min: 0, Avg: 11.3, Max: 42, Diff: 42, Sum: 158]
      [Scan RS (ms): Min: 0.0, Avg: 0.0, Max: 0.1, Diff: 0.0, Sum: 0.5]
      [Code Root Scanning (ms): Min: 0.0, Avg: 0.0, Max: 0.0, Diff: 0.0, Sum: 0.0]
      [Object Copy (ms): Min: 0.0, Avg: 0.3, Max: 0.4, Diff: 0.4, Sum: 4.2]
      [Termination (ms): Min: 0.0, Avg: 2.5, Max: 2.7, Diff: 2.7, Sum: 35.3]
         [Termination Attempts: Min: 1, Avg: 18.5, Max: 28, Diff: 27, Sum: 259]
      [GC Worker Other (ms): Min: 0.0, Avg: 0.0, Max: 0.0, Diff: 0.0, Sum: 0.1]
      [GC Worker Total (ms): Min: 3.4, Avg: 3.6, Max: 3.8, Diff: 0.4, Sum: 49.8]
      [GC Worker End (ms): Min: 561711935.0, Avg: 561711935.0, Max: 561711935.1, Diff: 0.0]
   [Code Root Fixup: 0.0 ms]
   [Code Root Purge: 0.0 ms]
   [Clear CT: 0.2 ms]
   [Other: 6.5 ms]
      [Choose CSet: 0.0 ms]
      [Ref Proc: 5.8 ms]
      [Ref Enq: 0.3 ms]
      [Redirty Cards: 0.2 ms]
      [Humongous Register: 0.0 ms]
      [Humongous Reclaim: 0.0 ms]
      [Free CSet: 0.1 ms]
   [Eden: 7152.0M(7152.0M)->0.0B(7152.0M) Survivors: 16384.0K->16384.0K Heap: 9974.4M(14336.0M)->2822.6M(14336.0M)]
 [Times: user=0.08 sys=0.00, real=0.01 secs] 
2022-11-12T06:42:27.845-0700: 562692.532: [GC pause (G1 Evacuation Pause) (young), 0.0114687 secs]
   [Parallel Time: 5.3 ms, GC Workers: 14]
      [GC Worker Start (ms): Min: 562692531.7, Avg: 562692531.8, Max: 562692531.9, Diff: 0.3]
      [Ext Root Scanning (ms): Min: 0.2, Avg: 0.6, Max: 3.7, Diff: 3.5, Sum: 8.8]
      [Update RS (ms): Min: 0.0, Avg: 0.1, Max: 0.3, Diff: 0.3, Sum: 1.3]
         [Processed Buffers: Min: 0, Avg: 11.3, Max: 37, Diff: 37, Sum: 158]
      [Scan RS (ms): Min: 0.0, Avg: 0.0, Max: 0.1, Diff: 0.1, Sum: 0.5]
      [Code Root Scanning (ms): Min: 0.0, Avg: 0.0, Max: 0.0, Diff: 0.0, Sum: 0.0]
      [Object Copy (ms): Min: 0.0, Avg: 0.6, Max: 4.4, Diff: 4.4, Sum: 8.6]
      [Termination (ms): Min: 0.0, Avg: 3.5, Max: 4.0, Diff: 4.0, Sum: 48.9]
         [Termination Attempts: Min: 1, Avg: 28.7, Max: 54, Diff: 53, Sum: 402]
      [GC Worker Other (ms): Min: 0.0, Avg: 0.0, Max: 0.0, Diff: 0.0, Sum: 0.1]
      [GC Worker Total (ms): Min: 4.7, Avg: 4.9, Max: 5.0, Diff: 0.3, Sum: 68.2]
      [GC Worker End (ms): Min: 562692536.6, Avg: 562692536.7, Max: 562692536.7, Diff: 0.0]
   [Code Root Fixup: 0.0 ms]
   [Code Root Purge: 0.0 ms]
   [Clear CT: 0.4 ms]
   [Other: 5.7 ms]
      [Choose CSet: 0.0 ms]
      [Ref Proc: 5.0 ms]
      [Ref Enq: 0.3 ms]
      [Redirty Cards: 0.2 ms]
      [Humongous Register: 0.0 ms]
      [Humongous Reclaim: 0.0 ms]
      [Free CSet: 0.1 ms]
   [Eden: 7152.0M(7152.0M)->0.0B(7152.0M) Survivors: 16384.0K->16384.0K Heap: 9974.6M(14336.0M)->2822.4M(14336.0M)]
 [Times: user=0.09 sys=0.00, real=0.01 secs] 
2022-11-12T06:58:29.945-0700: 563654.631: [GC pause (G1 Evacuation Pause) (young), 0.0127803 secs]
   [Parallel Time: 5.8 ms, GC Workers: 14]
      [GC Worker Start (ms): Min: 563654631.1, Avg: 563654631.3, Max: 563654631.5, Diff: 0.4]
      [Ext Root Scanning (ms): Min: 0.2, Avg: 0.6, Max: 2.7, Diff: 2.4, Sum: 7.8]
      [Update RS (ms): Min: 0.0, Avg: 0.1, Max: 0.2, Diff: 0.2, Sum: 1.4]
         [Processed Buffers: Min: 0, Avg: 12.1, Max: 50, Diff: 50, Sum: 169]
      [Scan RS (ms): Min: 0.0, Avg: 0.0, Max: 0.1, Diff: 0.0, Sum: 0.4]
      [Code Root Scanning (ms): Min: 0.0, Avg: 0.0, Max: 0.0, Diff: 0.0, Sum: 0.0]
      [Object Copy (ms): Min: 0.0, Avg: 1.2, Max: 4.8, Diff: 4.8, Sum: 16.9]
      [Termination (ms): Min: 0.0, Avg: 3.5, Max: 4.7, Diff: 4.7, Sum: 49.1]
         [Termination Attempts: Min: 1, Avg: 9.1, Max: 25, Diff: 24, Sum: 128]
      [GC Worker Other (ms): Min: 0.0, Avg: 0.0, Max: 0.0, Diff: 0.0, Sum: 0.1]
      [GC Worker Total (ms): Min: 5.2, Avg: 5.4, Max: 5.6, Diff: 0.4, Sum: 75.8]
      [GC Worker End (ms): Min: 563654636.7, Avg: 563654636.7, Max: 563654636.8, Diff: 0.1]
   [Code Root Fixup: 0.0 ms]
   [Code Root Purge: 0.0 ms]
   [Clear CT: 0.4 ms]
   [Other: 6.6 ms]
      [Choose CSet: 0.0 ms]
      [Ref Proc: 5.9 ms]
      [Ref Enq: 0.3 ms]
      [Redirty Cards: 0.2 ms]
      [Humongous Register: 0.0 ms]
      [Humongous Reclaim: 0.0 ms]
      [Free CSet: 0.1 ms]
   [Eden: 7152.0M(7152.0M)->0.0B(7152.0M) Survivors: 16384.0K->16384.0K Heap: 9974.4M(14336.0M)->2822.7M(14336.0M)]
 [Times: user=0.09 sys=0.00, real=0.01 secs] 
2022-11-12T07:14:32.897-0700: 564617.583: [GC pause (G1 Evacuation Pause) (young), 0.0102665 secs]
   [Parallel Time: 4.3 ms, GC Workers: 14]
      [GC Worker Start (ms): Min: 564617583.6, Avg: 564617583.8, Max: 564617583.9, Diff: 0.3]
      [Ext Root Scanning (ms): Min: 0.2, Avg: 0.6, Max: 3.8, Diff: 3.5, Sum: 8.9]
      [Update RS (ms): Min: 0.0, Avg: 0.1, Max: 0.2, Diff: 0.2, Sum: 1.4]
         [Processed Buffers: Min: 0, Avg: 11.5, Max: 36, Diff: 36, Sum: 161]
      [Scan RS (ms): Min: 0.0, Avg: 0.0, Max: 0.1, Diff: 0.0, Sum: 0.5]
      [Code Root Scanning (ms): Min: 0.0, Avg: 0.0, Max: 0.0, Diff: 0.0, Sum: 0.0]
      [Object Copy (ms): Min: 0.0, Avg: 0.3, Max: 0.3, Diff: 0.3, Sum: 3.6]
      [Termination (ms): Min: 0.0, Avg: 2.6, Max: 2.9, Diff: 2.9, Sum: 36.6]
         [Termination Attempts: Min: 1, Avg: 13.0, Max: 27, Diff: 26, Sum: 182]
      [GC Worker Other (ms): Min: 0.0, Avg: 0.0, Max: 0.0, Diff: 0.0, Sum: 0.1]
      [GC Worker Total (ms): Min: 3.5, Avg: 3.6, Max: 3.8, Diff: 0.3, Sum: 51.0]
      [GC Worker End (ms): Min: 564617587.4, Avg: 564617587.4, Max: 564617587.4, Diff: 0.1]
   [Code Root Fixup: 0.0 ms]
   [Code Root Purge: 0.0 ms]
   [Clear CT: 0.2 ms]
   [Other: 5.7 ms]
      [Choose CSet: 0.0 ms]
      [Ref Proc: 5.1 ms]
      [Ref Enq: 0.3 ms]
      [Redirty Cards: 0.2 ms]
      [Humongous Register: 0.0 ms]
      [Humongous Reclaim: 0.0 ms]
      [Free CSet: 0.1 ms]
   [Eden: 7152.0M(7152.0M)->0.0B(7152.0M) Survivors: 16384.0K->16384.0K Heap: 9974.7M(14336.0M)->2822.4M(14336.0M)]
 [Times: user=0.07 sys=0.00, real=0.01 secs] 
2022-11-12T07:30:39.946-0700: 565584.632: [GC pause (G1 Evacuation Pause) (young), 0.0086976 secs]
   [Parallel Time: 3.0 ms, GC Workers: 14]
      [GC Worker Start (ms): Min: 565584632.2, Avg: 565584632.3, Max: 565584632.4, Diff: 0.2]
      [Ext Root Scanning (ms): Min: 0.3, Avg: 0.6, Max: 2.6, Diff: 2.3, Sum: 8.5]
      [Update RS (ms): Min: 0.0, Avg: 0.1, Max: 0.3, Diff: 0.3, Sum: 1.4]
         [Processed Buffers: Min: 0, Avg: 11.6, Max: 30, Diff: 30, Sum: 163]
      [Scan RS (ms): Min: 0.0, Avg: 0.0, Max: 0.0, Diff: 0.0, Sum: 0.4]
      [Code Root Scanning (ms): Min: 0.0, Avg: 0.0, Max: 0.0, Diff: 0.0, Sum: 0.0]
      [Object Copy (ms): Min: 0.0, Avg: 0.3, Max: 0.4, Diff: 0.4, Sum: 3.9]
      [Termination (ms): Min: 0.0, Avg: 1.5, Max: 1.7, Diff: 1.7, Sum: 21.0]
         [Termination Attempts: Min: 1, Avg: 24.4, Max: 41, Diff: 40, Sum: 341]
      [GC Worker Other (ms): Min: 0.0, Avg: 0.0, Max: 0.0, Diff: 0.0, Sum: 0.1]
      [GC Worker Total (ms): Min: 2.4, Avg: 2.5, Max: 2.6, Diff: 0.3, Sum: 35.2]
      [GC Worker End (ms): Min: 565584634.8, Avg: 565584634.8, Max: 565584634.9, Diff: 0.1]
   [Code Root Fixup: 0.0 ms]
   [Code Root Purge: 0.0 ms]
   [Clear CT: 0.3 ms]
   [Other: 5.4 ms]
      [Choose CSet: 0.0 ms]
      [Ref Proc: 4.3 ms]
      [Ref Enq: 0.3 ms]
      [Redirty Cards: 0.2 ms]
      [Humongous Register: 0.0 ms]
      [Humongous Reclaim: 0.0 ms]
      [Free CSet: 0.2 ms]
   [Eden: 7152.0M(7152.0M)->0.0B(7152.0M) Survivors: 16384.0K->16384.0K Heap: 9974.4M(14336.0M)->2822.7M(14336.0M)]
 [Times: user=0.06 sys=0.00, real=0.01 secs] 
2022-11-12T07:46:46.895-0700: 566551.581: [GC pause (G1 Evacuation Pause) (young), 0.0107099 secs]
   [Parallel Time: 4.3 ms, GC Workers: 14]
      [GC Worker Start (ms): Min: 566551581.0, Avg: 566551581.2, Max: 566551581.4, Diff: 0.4]
      [Ext Root Scanning (ms): Min: 0.2, Avg: 0.7, Max: 3.9, Diff: 3.7, Sum: 9.3]
      [Update RS (ms): Min: 0.0, Avg: 0.1, Max: 0.3, Diff: 0.3, Sum: 1.2]
         [Processed Buffers: Min: 0, Avg: 10.9, Max: 37, Diff: 37, Sum: 153]
      [Scan RS (ms): Min: 0.0, Avg: 0.0, Max: 0.1, Diff: 0.0, Sum: 0.4]
      [Code Root Scanning (ms): Min: 0.0, Avg: 0.0, Max: 0.0, Diff: 0.0, Sum: 0.0]
      [Object Copy (ms): Min: 0.0, Avg: 0.3, Max: 0.3, Diff: 0.3, Sum: 3.7]
      [Termination (ms): Min: 0.0, Avg: 2.7, Max: 3.0, Diff: 3.0, Sum: 37.5]
         [Termination Attempts: Min: 1, Avg: 26.1, Max: 36, Diff: 35, Sum: 366]
      [GC Worker Other (ms): Min: 0.0, Avg: 0.0, Max: 0.0, Diff: 0.0, Sum: 0.1]
      [GC Worker Total (ms): Min: 3.5, Avg: 3.7, Max: 3.9, Diff: 0.4, Sum: 52.3]
      [GC Worker End (ms): Min: 566551584.8, Avg: 566551584.9, Max: 566551585.0, Diff: 0.1]
   [Code Root Fixup: 0.0 ms]
   [Code Root Purge: 0.0 ms]
   [Clear CT: 0.3 ms]
   [Other: 6.0 ms]
      [Choose CSet: 0.0 ms]
      [Ref Proc: 5.3 ms]
      [Ref Enq: 0.2 ms]
      [Redirty Cards: 0.2 ms]
      [Humongous Register: 0.0 ms]
      [Humongous Reclaim: 0.0 ms]
      [Free CSet: 0.2 ms]
   [Eden: 7152.0M(7152.0M)->0.0B(7152.0M) Survivors: 16384.0K->16384.0K Heap: 9974.7M(14336.0M)->2822.4M(14336.0M)]
 [Times: user=0.08 sys=0.00, real=0.01 secs] 
2022-11-12T08:02:56.355-0700: 567521.041: [GC pause (G1 Evacuation Pause) (young), 0.0093575 secs]
   [Parallel Time: 3.1 ms, GC Workers: 14]
      [GC Worker Start (ms): Min: 567521041.0, Avg: 567521041.2, Max: 567521041.3, Diff: 0.4]
      [Ext Root Scanning (ms): Min: 0.2, Avg: 0.6, Max: 2.7, Diff: 2.5, Sum: 8.1]
      [Update RS (ms): Min: 0.0, Avg: 0.1, Max: 0.3, Diff: 0.3, Sum: 1.5]
         [Processed Buffers: Min: 0, Avg: 11.7, Max: 40, Diff: 40, Sum: 164]
      [Scan RS (ms): Min: 0.0, Avg: 0.0, Max: 0.1, Diff: 0.1, Sum: 0.5]
      [Code Root Scanning (ms): Min: 0.0, Avg: 0.0, Max: 0.0, Diff: 0.0, Sum: 0.0]
      [Object Copy (ms): Min: 0.0, Avg: 0.2, Max: 0.3, Diff: 0.3, Sum: 2.8]
      [Termination (ms): Min: 0.0, Avg: 1.6, Max: 1.8, Diff: 1.8, Sum: 22.3]
         [Termination Attempts: Min: 1, Avg: 1.6, Max: 4, Diff: 3, Sum: 22]
      [GC Worker Other (ms): Min: 0.0, Avg: 0.0, Max: 0.0, Diff: 0.0, Sum: 0.1]
      [GC Worker Total (ms): Min: 2.3, Avg: 2.5, Max: 2.7, Diff: 0.3, Sum: 35.3]
      [GC Worker End (ms): Min: 567521043.7, Avg: 567521043.7, Max: 567521043.7, Diff: 0.1]
   [Code Root Fixup: 0.0 ms]
   [Code Root Purge: 0.0 ms]
   [Clear CT: 0.2 ms]
   [Other: 6.0 ms]
      [Choose CSet: 0.0 ms]
      [Ref Proc: 5.3 ms]
      [Ref Enq: 0.3 ms]
      [Redirty Cards: 0.2 ms]
      [Humongous Register: 0.0 ms]
      [Humongous Reclaim: 0.0 ms]
      [Free CSet: 0.2 ms]
   [Eden: 7152.0M(7152.0M)->0.0B(7152.0M) Survivors: 16384.0K->16384.0K Heap: 9974.4M(14336.0M)->2822.7M(14336.0M)]
 [Times: user=0.03 sys=0.02, real=0.01 secs] 
2022-11-12T08:19:04.346-0700: 568489.032: [GC pause (G1 Evacuation Pause) (young), 0.0164348 secs]
   [Parallel Time: 9.2 ms, GC Workers: 14]
      [GC Worker Start (ms): Min: 568489032.1, Avg: 568489032.3, Max: 568489032.5, Diff: 0.4]
      [Ext Root Scanning (ms): Min: 0.2, Avg: 0.6, Max: 3.7, Diff: 3.6, Sum: 8.4]
      [Update RS (ms): Min: 0.0, Avg: 0.1, Max: 0.3, Diff: 0.3, Sum: 1.3]
         [Processed Buffers: Min: 0, Avg: 10.1, Max: 27, Diff: 27, Sum: 142]
      [Scan RS (ms): Min: 0.0, Avg: 0.0, Max: 0.1, Diff: 0.1, Sum: 0.5]
      [Code Root Scanning (ms): Min: 0.0, Avg: 0.0, Max: 0.0, Diff: 0.0, Sum: 0.0]
      [Object Copy (ms): Min: 0.0, Avg: 0.9, Max: 7.9, Diff: 7.9, Sum: 12.5]
      [Termination (ms): Min: 0.0, Avg: 6.8, Max: 7.7, Diff: 7.7, Sum: 95.5]
         [Termination Attempts: Min: 1, Avg: 101.6, Max: 154, Diff: 153, Sum: 1422]
      [GC Worker Other (ms): Min: 0.0, Avg: 0.0, Max: 0.0, Diff: 0.0, Sum: 0.1]
      [GC Worker Total (ms): Min: 8.2, Avg: 8.4, Max: 8.6, Diff: 0.4, Sum: 118.3]
      [GC Worker End (ms): Min: 568489040.7, Avg: 568489040.7, Max: 568489040.8, Diff: 0.2]
   [Code Root Fixup: 0.0 ms]
   [Code Root Purge: 0.0 ms]
   [Clear CT: 0.2 ms]
   [Other: 7.0 ms]
      [Choose CSet: 0.0 ms]
      [Ref Proc: 6.2 ms]
      [Ref Enq: 0.4 ms]
      [Redirty Cards: 0.3 ms]
      [Humongous Register: 0.0 ms]
      [Humongous Reclaim: 0.0 ms]
      [Free CSet: 0.2 ms]
   [Eden: 7152.0M(7152.0M)->0.0B(7152.0M) Survivors: 16384.0K->16384.0K Heap: 9974.7M(14336.0M)->2822.6M(14336.0M)]
 [Times: user=0.13 sys=0.00, real=0.01 secs] 
2022-11-12T08:35:10.595-0700: 569455.281: [GC pause (G1 Evacuation Pause) (young), 0.0109405 secs]
   [Parallel Time: 4.3 ms, GC Workers: 14]
      [GC Worker Start (ms): Min: 569455281.4, Avg: 569455281.6, Max: 569455281.7, Diff: 0.3]
      [Ext Root Scanning (ms): Min: 0.2, Avg: 0.7, Max: 3.8, Diff: 3.6, Sum: 9.1]
      [Update RS (ms): Min: 0.0, Avg: 0.1, Max: 0.3, Diff: 0.3, Sum: 1.3]
         [Processed Buffers: Min: 0, Avg: 12.1, Max: 33, Diff: 33, Sum: 169]
      [Scan RS (ms): Min: 0.0, Avg: 0.0, Max: 0.1, Diff: 0.1, Sum: 0.5]
      [Code Root Scanning (ms): Min: 0.0, Avg: 0.0, Max: 0.0, Diff: 0.0, Sum: 0.0]
      [Object Copy (ms): Min: 0.0, Avg: 0.3, Max: 0.3, Diff: 0.3, Sum: 3.8]
      [Termination (ms): Min: 0.0, Avg: 2.6, Max: 2.9, Diff: 2.9, Sum: 36.3]
         [Termination Attempts: Min: 1, Avg: 26.7, Max: 38, Diff: 37, Sum: 374]
      [GC Worker Other (ms): Min: 0.0, Avg: 0.0, Max: 0.0, Diff: 0.0, Sum: 0.1]
      [GC Worker Total (ms): Min: 3.5, Avg: 3.6, Max: 3.8, Diff: 0.3, Sum: 51.1]
      [GC Worker End (ms): Min: 569455285.2, Avg: 569455285.2, Max: 569455285.3, Diff: 0.1]
   [Code Root Fixup: 0.0 ms]
   [Code Root Purge: 0.0 ms]
   [Clear CT: 0.3 ms]
   [Other: 6.3 ms]
      [Choose CSet: 0.0 ms]
      [Ref Proc: 5.7 ms]
      [Ref Enq: 0.2 ms]
      [Redirty Cards: 0.2 ms]
      [Humongous Register: 0.0 ms]
      [Humongous Reclaim: 0.0 ms]
      [Free CSet: 0.1 ms]
   [Eden: 7152.0M(7152.0M)->0.0B(7152.0M) Survivors: 16384.0K->16384.0K Heap: 9974.6M(14336.0M)->2822.5M(14336.0M)]
 [Times: user=0.07 sys=0.00, real=0.01 secs] 
2022-11-12T08:51:18.697-0700: 570423.384: [GC pause (G1 Evacuation Pause) (young), 0.0110909 secs]
   [Parallel Time: 4.3 ms, GC Workers: 14]
      [GC Worker Start (ms): Min: 570423383.7, Avg: 570423383.8, Max: 570423384.0, Diff: 0.4]
      [Ext Root Scanning (ms): Min: 0.2, Avg: 0.6, Max: 3.7, Diff: 3.5, Sum: 8.6]
      [Update RS (ms): Min: 0.0, Avg: 0.1, Max: 0.2, Diff: 0.2, Sum: 1.3]
         [Processed Buffers: Min: 0, Avg: 11.3, Max: 35, Diff: 35, Sum: 158]
      [Scan RS (ms): Min: 0.0, Avg: 0.0, Max: 0.1, Diff: 0.1, Sum: 0.5]
      [Code Root Scanning (ms): Min: 0.0, Avg: 0.0, Max: 0.0, Diff: 0.0, Sum: 0.0]
      [Object Copy (ms): Min: 0.0, Avg: 0.3, Max: 0.4, Diff: 0.4, Sum: 4.2]
      [Termination (ms): Min: 0.0, Avg: 2.5, Max: 2.7, Diff: 2.7, Sum: 34.8]
         [Termination Attempts: Min: 1, Avg: 26.6, Max: 41, Diff: 40, Sum: 372]
      [GC Worker Other (ms): Min: 0.0, Avg: 0.0, Max: 0.0, Diff: 0.0, Sum: 0.2]
      [GC Worker Total (ms): Min: 3.3, Avg: 3.5, Max: 3.7, Diff: 0.4, Sum: 49.5]
      [GC Worker End (ms): Min: 570423387.3, Avg: 570423387.4, Max: 570423387.4, Diff: 0.1]
   [Code Root Fixup: 0.0 ms]
   [Code Root Purge: 0.0 ms]
   [Clear CT: 0.4 ms]
   [Other: 6.4 ms]
      [Choose CSet: 0.0 ms]
      [Ref Proc: 5.7 ms]
      [Ref Enq: 0.3 ms]
      [Redirty Cards: 0.2 ms]
      [Humongous Register: 0.0 ms]
      [Humongous Reclaim: 0.0 ms]
      [Free CSet: 0.2 ms]
   [Eden: 7152.0M(7152.0M)->0.0B(7152.0M) Survivors: 16384.0K->16384.0K Heap: 9974.5M(14336.0M)->2822.8M(14336.0M)]
 [Times: user=0.07 sys=0.00, real=0.01 secs] 
2022-11-12T09:07:33.345-0700: 571398.032: [GC pause (G1 Evacuation Pause) (young), 0.0107968 secs]
   [Parallel Time: 4.2 ms, GC Workers: 14]
      [GC Worker Start (ms): Min: 571398031.7, Avg: 571398031.9, Max: 571398032.1, Diff: 0.4]
      [Ext Root Scanning (ms): Min: 0.1, Avg: 0.6, Max: 3.7, Diff: 3.6, Sum: 9.0]
      [Update RS (ms): Min: 0.0, Avg: 0.1, Max: 0.3, Diff: 0.3, Sum: 1.3]
         [Processed Buffers: Min: 0, Avg: 10.9, Max: 39, Diff: 39, Sum: 153]
      [Scan RS (ms): Min: 0.0, Avg: 0.0, Max: 0.1, Diff: 0.0, Sum: 0.4]
      [Code Root Scanning (ms): Min: 0.0, Avg: 0.0, Max: 0.0, Diff: 0.0, Sum: 0.0]
      [Object Copy (ms): Min: 0.0, Avg: 0.2, Max: 0.3, Diff: 0.3, Sum: 3.4]
      [Termination (ms): Min: 0.0, Avg: 2.6, Max: 2.9, Diff: 2.9, Sum: 36.0]
         [Termination Attempts: Min: 1, Avg: 24.8, Max: 37, Diff: 36, Sum: 347]
      [GC Worker Other (ms): Min: 0.0, Avg: 0.0, Max: 0.0, Diff: 0.0, Sum: 0.1]
      [GC Worker Total (ms): Min: 3.3, Avg: 3.6, Max: 3.8, Diff: 0.4, Sum: 50.2]
      [GC Worker End (ms): Min: 571398035.5, Avg: 571398035.5, Max: 571398035.6, Diff: 0.1]
   [Code Root Fixup: 0.0 ms]
   [Code Root Purge: 0.0 ms]
   [Clear CT: 0.3 ms]
   [Other: 6.3 ms]
      [Choose CSet: 0.0 ms]
      [Ref Proc: 5.6 ms]
      [Ref Enq: 0.3 ms]
      [Redirty Cards: 0.2 ms]
      [Humongous Register: 0.0 ms]
      [Humongous Reclaim: 0.0 ms]
      [Free CSet: 0.1 ms]
   [Eden: 7152.0M(7152.0M)->0.0B(7152.0M) Survivors: 16384.0K->16384.0K Heap: 9974.8M(14336.0M)->2822.4M(14336.0M)]
 [Times: user=0.08 sys=0.00, real=0.01 secs] 
2022-11-12T09:23:42.795-0700: 572367.482: [GC pause (G1 Evacuation Pause) (young), 0.0088204 secs]
   [Parallel Time: 3.1 ms, GC Workers: 14]
      [GC Worker Start (ms): Min: 572367481.6, Avg: 572367481.8, Max: 572367481.9, Diff: 0.4]
      [Ext Root Scanning (ms): Min: 0.2, Avg: 0.5, Max: 2.6, Diff: 2.4, Sum: 7.7]
      [Update RS (ms): Min: 0.0, Avg: 0.1, Max: 0.2, Diff: 0.2, Sum: 1.5]
         [Processed Buffers: Min: 0, Avg: 10.9, Max: 31, Diff: 31, Sum: 153]
      [Scan RS (ms): Min: 0.0, Avg: 0.0, Max: 0.1, Diff: 0.1, Sum: 0.5]
      [Code Root Scanning (ms): Min: 0.0, Avg: 0.0, Max: 0.0, Diff: 0.0, Sum: 0.0]
      [Object Copy (ms): Min: 0.0, Avg: 0.3, Max: 0.3, Diff: 0.3, Sum: 3.7]
      [Termination (ms): Min: 0.0, Avg: 1.5, Max: 1.7, Diff: 1.7, Sum: 21.3]
         [Termination Attempts: Min: 1, Avg: 10.3, Max: 17, Diff: 16, Sum: 144]
      [GC Worker Other (ms): Min: 0.0, Avg: 0.0, Max: 0.0, Diff: 0.0, Sum: 0.1]
      [GC Worker Total (ms): Min: 2.3, Avg: 2.5, Max: 2.7, Diff: 0.3, Sum: 34.7]
      [GC Worker End (ms): Min: 572367484.2, Avg: 572367484.2, Max: 572367484.3, Diff: 0.1]
   [Code Root Fixup: 0.0 ms]
   [Code Root Purge: 0.0 ms]
   [Clear CT: 0.3 ms]
   [Other: 5.4 ms]
      [Choose CSet: 0.0 ms]
      [Ref Proc: 4.9 ms]
      [Ref Enq: 0.2 ms]
      [Redirty Cards: 0.2 ms]
      [Humongous Register: 0.0 ms]
      [Humongous Reclaim: 0.0 ms]
      [Free CSet: 0.1 ms]
   [Eden: 7152.0M(7152.0M)->0.0B(7152.0M) Survivors: 16384.0K->16384.0K Heap: 9974.4M(14336.0M)->2822.7M(14336.0M)]
 [Times: user=0.03 sys=0.03, real=0.01 secs] 
2022-11-12T09:39:41.080-0700: 573325.766: [GC pause (G1 Evacuation Pause) (young), 0.0148079 secs]
   [Parallel Time: 7.6 ms, GC Workers: 14]
      [GC Worker Start (ms): Min: 573325765.8, Avg: 573325766.0, Max: 573325766.2, Diff: 0.4]
      [Ext Root Scanning (ms): Min: 0.2, Avg: 0.6, Max: 3.7, Diff: 3.6, Sum: 8.6]
      [Update RS (ms): Min: 0.0, Avg: 0.1, Max: 0.2, Diff: 0.2, Sum: 1.2]
         [Processed Buffers: Min: 0, Avg: 11.5, Max: 30, Diff: 30, Sum: 161]
      [Scan RS (ms): Min: 0.0, Avg: 0.0, Max: 0.1, Diff: 0.1, Sum: 0.5]
      [Code Root Scanning (ms): Min: 0.0, Avg: 0.0, Max: 0.0, Diff: 0.0, Sum: 0.0]
      [Object Copy (ms): Min: 0.0, Avg: 0.7, Max: 6.1, Diff: 6.1, Sum: 9.2]
      [Termination (ms): Min: 0.0, Avg: 5.3, Max: 6.0, Diff: 6.0, Sum: 73.8]
         [Termination Attempts: Min: 1, Avg: 8.1, Max: 18, Diff: 17, Sum: 113]
      [GC Worker Other (ms): Min: 0.0, Avg: 0.0, Max: 0.0, Diff: 0.0, Sum: 0.1]
      [GC Worker Total (ms): Min: 6.4, Avg: 6.7, Max: 6.8, Diff: 0.4, Sum: 93.4]
      [GC Worker End (ms): Min: 573325772.6, Avg: 573325772.7, Max: 573325772.8, Diff: 0.1]
   [Code Root Fixup: 0.0 ms]
   [Code Root Purge: 0.0 ms]
   [Clear CT: 0.4 ms]
   [Other: 6.9 ms]
      [Choose CSet: 0.0 ms]
      [Ref Proc: 6.2 ms]
      [Ref Enq: 0.3 ms]
      [Redirty Cards: 0.2 ms]
      [Humongous Register: 0.0 ms]
      [Humongous Reclaim: 0.0 ms]
      [Free CSet: 0.1 ms]
   [Eden: 7152.0M(7152.0M)->0.0B(7152.0M) Survivors: 16384.0K->16384.0K Heap: 9974.7M(14336.0M)->2822.6M(14336.0M)]
 [Times: user=0.12 sys=0.00, real=0.01 secs] 
2022-11-12T09:55:48.895-0700: 574293.581: [GC pause (G1 Evacuation Pause) (young), 0.0184242 secs]
   [Parallel Time: 12.0 ms, GC Workers: 14]
      [GC Worker Start (ms): Min: 574293581.2, Avg: 574293581.3, Max: 574293581.4, Diff: 0.2]
      [Ext Root Scanning (ms): Min: 0.3, Avg: 0.6, Max: 3.8, Diff: 3.5, Sum: 9.0]
      [Update RS (ms): Min: 0.0, Avg: 0.1, Max: 0.3, Diff: 0.3, Sum: 1.3]
         [Processed Buffers: Min: 0, Avg: 11.4, Max: 36, Diff: 36, Sum: 159]
      [Scan RS (ms): Min: 0.0, Avg: 0.0, Max: 0.1, Diff: 0.0, Sum: 0.5]
      [Code Root Scanning (ms): Min: 0.0, Avg: 0.0, Max: 0.0, Diff: 0.0, Sum: 0.0]
      [Object Copy (ms): Min: 0.0, Avg: 2.1, Max: 10.8, Diff: 10.8, Sum: 29.0]
      [Termination (ms): Min: 0.0, Avg: 8.6, Max: 10.5, Diff: 10.5, Sum: 119.7]
         [Termination Attempts: Min: 1, Avg: 98.2, Max: 178, Diff: 177, Sum: 1375]
      [GC Worker Other (ms): Min: 0.0, Avg: 0.0, Max: 0.0, Diff: 0.0, Sum: 0.1]
      [GC Worker Total (ms): Min: 11.3, Avg: 11.4, Max: 11.6, Diff: 0.3, Sum: 159.6]
      [GC Worker End (ms): Min: 574293592.6, Avg: 574293592.7, Max: 574293592.8, Diff: 0.1]
   [Code Root Fixup: 0.0 ms]
   [Code Root Purge: 0.0 ms]
   [Clear CT: 0.4 ms]
   [Other: 6.0 ms]
      [Choose CSet: 0.0 ms]
      [Ref Proc: 5.2 ms]
      [Ref Enq: 0.3 ms]
      [Redirty Cards: 0.3 ms]
      [Humongous Register: 0.0 ms]
      [Humongous Reclaim: 0.0 ms]
      [Free CSet: 0.1 ms]
   [Eden: 7152.0M(7152.0M)->0.0B(7152.0M) Survivors: 16384.0K->16384.0K Heap: 9974.6M(14336.0M)->2822.8M(14336.0M)]
 [Times: user=0.16 sys=0.00, real=0.01 secs] 
2022-11-12T10:11:54.945-0700: 575259.632: [GC pause (G1 Evacuation Pause) (young), 0.0108705 secs]
   [Parallel Time: 4.3 ms, GC Workers: 14]
      [GC Worker Start (ms): Min: 575259631.7, Avg: 575259631.8, Max: 575259632.0, Diff: 0.3]
      [Ext Root Scanning (ms): Min: 0.2, Avg: 0.6, Max: 3.7, Diff: 3.5, Sum: 8.9]
      [Update RS (ms): Min: 0.0, Avg: 0.1, Max: 0.3, Diff: 0.3, Sum: 1.3]
         [Processed Buffers: Min: 0, Avg: 11.6, Max: 30, Diff: 30, Sum: 163]
      [Scan RS (ms): Min: 0.0, Avg: 0.0, Max: 0.1, Diff: 0.1, Sum: 0.5]
      [Code Root Scanning (ms): Min: 0.0, Avg: 0.0, Max: 0.0, Diff: 0.0, Sum: 0.0]
      [Object Copy (ms): Min: 0.0, Avg: 0.3, Max: 0.3, Diff: 0.3, Sum: 3.8]
      [Termination (ms): Min: 0.0, Avg: 2.6, Max: 2.9, Diff: 2.9, Sum: 36.6]
         [Termination Attempts: Min: 1, Avg: 20.5, Max: 31, Diff: 30, Sum: 287]
      [GC Worker Other (ms): Min: 0.0, Avg: 0.0, Max: 0.0, Diff: 0.0, Sum: 0.1]
      [GC Worker Total (ms): Min: 3.5, Avg: 3.7, Max: 3.8, Diff: 0.2, Sum: 51.3]
      [GC Worker End (ms): Min: 575259635.5, Avg: 575259635.5, Max: 575259635.6, Diff: 0.1]
   [Code Root Fixup: 0.0 ms]
   [Code Root Purge: 0.0 ms]
   [Clear CT: 0.2 ms]
   [Other: 6.4 ms]
      [Choose CSet: 0.0 ms]
      [Ref Proc: 5.7 ms]
      [Ref Enq: 0.4 ms]
      [Redirty Cards: 0.2 ms]
      [Humongous Register: 0.0 ms]
      [Humongous Reclaim: 0.0 ms]
      [Free CSet: 0.1 ms]
   [Eden: 7152.0M(7152.0M)->0.0B(7152.0M) Survivors: 16384.0K->16384.0K Heap: 9974.8M(14336.0M)->2822.6M(14336.0M)]
 [Times: user=0.07 sys=0.00, real=0.01 secs] 
2022-11-12T10:28:14.396-0700: 576239.082: [GC pause (G1 Evacuation Pause) (young), 0.0121031 secs]
   [Parallel Time: 7.2 ms, GC Workers: 14]
      [GC Worker Start (ms): Min: 576239081.8, Avg: 576239081.9, Max: 576239082.1, Diff: 0.3]
      [Ext Root Scanning (ms): Min: 0.3, Avg: 0.7, Max: 3.8, Diff: 3.5, Sum: 9.1]
      [Update RS (ms): Min: 0.0, Avg: 0.1, Max: 0.2, Diff: 0.2, Sum: 1.3]
         [Processed Buffers: Min: 0, Avg: 11.4, Max: 29, Diff: 29, Sum: 159]
      [Scan RS (ms): Min: 0.0, Avg: 0.0, Max: 0.1, Diff: 0.0, Sum: 0.5]
      [Code Root Scanning (ms): Min: 0.0, Avg: 0.0, Max: 0.0, Diff: 0.0, Sum: 0.0]
      [Object Copy (ms): Min: 0.0, Avg: 1.1, Max: 6.2, Diff: 6.2, Sum: 15.9]
      [Termination (ms): Min: 0.0, Avg: 4.9, Max: 6.0, Diff: 6.0, Sum: 68.3]
         [Termination Attempts: Min: 1, Avg: 23.4, Max: 42, Diff: 41, Sum: 328]
      [GC Worker Other (ms): Min: 0.0, Avg: 0.0, Max: 0.0, Diff: 0.0, Sum: 0.1]
      [GC Worker Total (ms): Min: 6.6, Avg: 6.8, Max: 6.9, Diff: 0.3, Sum: 95.1]
      [GC Worker End (ms): Min: 576239088.7, Avg: 576239088.7, Max: 576239088.8, Diff: 0.1]
   [Code Root Fixup: 0.0 ms]
   [Code Root Purge: 0.0 ms]
   [Clear CT: 0.4 ms]
   [Other: 4.5 ms]
      [Choose CSet: 0.0 ms]
      [Ref Proc: 3.8 ms]
      [Ref Enq: 0.3 ms]
      [Redirty Cards: 0.2 ms]
      [Humongous Register: 0.0 ms]
      [Humongous Reclaim: 0.0 ms]
      [Free CSet: 0.1 ms]
   [Eden: 7152.0M(7152.0M)->0.0B(7152.0M) Survivors: 16384.0K->16384.0K Heap: 9974.6M(14336.0M)->2822.6M(14336.0M)]
 [Times: user=0.11 sys=0.00, real=0.01 secs] 
2022-11-12T10:44:37.746-0700: 577222.432: [GC pause (G1 Evacuation Pause) (young), 0.0102407 secs]
   [Parallel Time: 4.2 ms, GC Workers: 14]
      [GC Worker Start (ms): Min: 577222432.4, Avg: 577222432.6, Max: 577222432.8, Diff: 0.4]
      [Ext Root Scanning (ms): Min: 0.2, Avg: 0.7, Max: 3.7, Diff: 3.5, Sum: 9.2]
      [Update RS (ms): Min: 0.0, Avg: 0.1, Max: 0.3, Diff: 0.3, Sum: 1.2]
         [Processed Buffers: Min: 0, Avg: 11.4, Max: 36, Diff: 36, Sum: 159]
      [Scan RS (ms): Min: 0.0, Avg: 0.0, Max: 0.0, Diff: 0.0, Sum: 0.4]
      [Code Root Scanning (ms): Min: 0.0, Avg: 0.0, Max: 0.0, Diff: 0.0, Sum: 0.0]
      [Object Copy (ms): Min: 0.0, Avg: 0.3, Max: 0.4, Diff: 0.4, Sum: 4.3]
      [Termination (ms): Min: 0.0, Avg: 2.5, Max: 2.7, Diff: 2.7, Sum: 34.4]
         [Termination Attempts: Min: 1, Avg: 22.4, Max: 42, Diff: 41, Sum: 314]
      [GC Worker Other (ms): Min: 0.0, Avg: 0.0, Max: 0.0, Diff: 0.0, Sum: 0.1]
      [GC Worker Total (ms): Min: 3.4, Avg: 3.5, Max: 3.7, Diff: 0.4, Sum: 49.6]
      [GC Worker End (ms): Min: 577222436.1, Avg: 577222436.2, Max: 577222436.2, Diff: 0.1]
   [Code Root Fixup: 0.0 ms]
   [Code Root Purge: 0.0 ms]
   [Clear CT: 0.2 ms]
   [Other: 5.8 ms]
      [Choose CSet: 0.0 ms]
      [Ref Proc: 5.1 ms]
      [Ref Enq: 0.3 ms]
      [Redirty Cards: 0.2 ms]
      [Humongous Register: 0.0 ms]
      [Humongous Reclaim: 0.0 ms]
      [Free CSet: 0.1 ms]
   [Eden: 7152.0M(7152.0M)->0.0B(7152.0M) Survivors: 16384.0K->16384.0K Heap: 9974.6M(14336.0M)->2822.8M(14336.0M)]
 [Times: user=0.08 sys=0.00, real=0.01 secs] 
2022-11-12T11:00:54.994-0700: 578199.680: [GC pause (G1 Evacuation Pause) (young), 0.0100016 secs]
   [Parallel Time: 4.1 ms, GC Workers: 14]
      [GC Worker Start (ms): Min: 578199679.8, Avg: 578199679.9, Max: 578199680.1, Diff: 0.3]
      [Ext Root Scanning (ms): Min: 0.2, Avg: 0.6, Max: 3.7, Diff: 3.5, Sum: 8.8]
      [Update RS (ms): Min: 0.0, Avg: 0.1, Max: 0.2, Diff: 0.2, Sum: 1.3]
         [Processed Buffers: Min: 0, Avg: 11.0, Max: 31, Diff: 31, Sum: 154]
      [Scan RS (ms): Min: 0.0, Avg: 0.0, Max: 0.1, Diff: 0.0, Sum: 0.4]
      [Code Root Scanning (ms): Min: 0.0, Avg: 0.0, Max: 0.0, Diff: 0.0, Sum: 0.0]
      [Object Copy (ms): Min: 0.0, Avg: 0.3, Max: 0.4, Diff: 0.4, Sum: 4.2]
      [Termination (ms): Min: 0.0, Avg: 2.5, Max: 2.7, Diff: 2.7, Sum: 35.1]
         [Termination Attempts: Min: 1, Avg: 35.6, Max: 50, Diff: 49, Sum: 498]
      [GC Worker Other (ms): Min: 0.0, Avg: 0.0, Max: 0.0, Diff: 0.0, Sum: 0.1]
      [GC Worker Total (ms): Min: 3.4, Avg: 3.6, Max: 3.7, Diff: 0.3, Sum: 49.9]
      [GC Worker End (ms): Min: 578199683.5, Avg: 578199683.5, Max: 578199683.5, Diff: 0.1]
   [Code Root Fixup: 0.0 ms]
   [Code Root Purge: 0.0 ms]
   [Clear CT: 0.3 ms]
   [Other: 5.5 ms]
      [Choose CSet: 0.0 ms]
      [Ref Proc: 5.0 ms]
      [Ref Enq: 0.2 ms]
      [Redirty Cards: 0.2 ms]
      [Humongous Register: 0.0 ms]
      [Humongous Reclaim: 0.0 ms]
      [Free CSet: 0.1 ms]
   [Eden: 7152.0M(7152.0M)->0.0B(7152.0M) Survivors: 16384.0K->16384.0K Heap: 9974.8M(14336.0M)->2822.7M(14336.0M)]
 [Times: user=0.08 sys=0.00, real=0.02 secs] 
2022-11-12T11:17:19.995-0700: 579184.681: [GC pause (G1 Evacuation Pause) (young), 0.0102061 secs]
   [Parallel Time: 3.2 ms, GC Workers: 14]
      [GC Worker Start (ms): Min: 579184681.0, Avg: 579184681.2, Max: 579184681.5, Diff: 0.5]
      [Ext Root Scanning (ms): Min: 0.2, Avg: 0.6, Max: 2.6, Diff: 2.5, Sum: 8.3]
      [Update RS (ms): Min: 0.0, Avg: 0.1, Max: 0.2, Diff: 0.2, Sum: 1.4]
         [Processed Buffers: Min: 0, Avg: 10.1, Max: 34, Diff: 34, Sum: 142]
      [Scan RS (ms): Min: 0.0, Avg: 0.0, Max: 0.1, Diff: 0.1, Sum: 0.6]
      [Code Root Scanning (ms): Min: 0.0, Avg: 0.0, Max: 0.0, Diff: 0.0, Sum: 0.0]
      [Object Copy (ms): Min: 0.0, Avg: 0.3, Max: 0.4, Diff: 0.4, Sum: 3.9]
      [Termination (ms): Min: 0.0, Avg: 1.4, Max: 1.6, Diff: 1.6, Sum: 20.1]
         [Termination Attempts: Min: 1, Avg: 16.6, Max: 30, Diff: 29, Sum: 233]
      [GC Worker Other (ms): Min: 0.0, Avg: 0.0, Max: 0.0, Diff: 0.0, Sum: 0.1]
      [GC Worker Total (ms): Min: 2.2, Avg: 2.5, Max: 2.7, Diff: 0.5, Sum: 34.4]
      [GC Worker End (ms): Min: 579184683.7, Avg: 579184683.7, Max: 579184683.8, Diff: 0.1]
   [Code Root Fixup: 0.0 ms]
   [Code Root Purge: 0.0 ms]
   [Clear CT: 0.4 ms]
   [Other: 6.7 ms]
      [Choose CSet: 0.0 ms]
      [Ref Proc: 5.9 ms]
      [Ref Enq: 0.3 ms]
      [Redirty Cards: 0.2 ms]
      [Humongous Register: 0.0 ms]
      [Humongous Reclaim: 0.0 ms]
      [Free CSet: 0.1 ms]
   [Eden: 7152.0M(7152.0M)->0.0B(7152.0M) Survivors: 16384.0K->16384.0K Heap: 9974.7M(14336.0M)->2823.0M(14336.0M)]
 [Times: user=0.05 sys=0.00, real=0.01 secs] 
2022-11-12T11:33:41.295-0700: 580165.981: [GC pause (G1 Evacuation Pause) (young), 0.0107727 secs]
   [Parallel Time: 4.3 ms, GC Workers: 14]
      [GC Worker Start (ms): Min: 580165981.3, Avg: 580165981.5, Max: 580165981.7, Diff: 0.4]
      [Ext Root Scanning (ms): Min: 0.2, Avg: 0.6, Max: 3.7, Diff: 3.6, Sum: 8.7]
      [Update RS (ms): Min: 0.0, Avg: 0.1, Max: 0.3, Diff: 0.3, Sum: 1.3]
         [Processed Buffers: Min: 0, Avg: 11.4, Max: 43, Diff: 43, Sum: 159]
      [Scan RS (ms): Min: 0.0, Avg: 0.0, Max: 0.1, Diff: 0.1, Sum: 0.4]
      [Code Root Scanning (ms): Min: 0.0, Avg: 0.0, Max: 0.0, Diff: 0.0, Sum: 0.0]
      [Object Copy (ms): Min: 0.0, Avg: 0.3, Max: 0.4, Diff: 0.4, Sum: 4.2]
      [Termination (ms): Min: 0.0, Avg: 2.5, Max: 2.7, Diff: 2.7, Sum: 35.5]
         [Termination Attempts: Min: 1, Avg: 35.0, Max: 47, Diff: 46, Sum: 490]
      [GC Worker Other (ms): Min: 0.0, Avg: 0.0, Max: 0.0, Diff: 0.0, Sum: 0.1]
      [GC Worker Total (ms): Min: 3.4, Avg: 3.6, Max: 3.7, Diff: 0.4, Sum: 50.3]
      [GC Worker End (ms): Min: 580165985.1, Avg: 580165985.1, Max: 580165985.1, Diff: 0.0]
   [Code Root Fixup: 0.0 ms]
   [Code Root Purge: 0.0 ms]
   [Clear CT: 0.3 ms]
   [Other: 6.2 ms]
      [Choose CSet: 0.0 ms]
      [Ref Proc: 5.6 ms]
      [Ref Enq: 0.2 ms]
      [Redirty Cards: 0.2 ms]
      [Humongous Register: 0.0 ms]
      [Humongous Reclaim: 0.0 ms]
      [Free CSet: 0.1 ms]
   [Eden: 7152.0M(7152.0M)->0.0B(7152.0M) Survivors: 16384.0K->16384.0K Heap: 9975.0M(14336.0M)->2822.7M(14336.0M)]
 [Times: user=0.08 sys=0.00, real=0.01 secs] 
2022-11-12T11:49:50.045-0700: 581134.731: [GC pause (G1 Evacuation Pause) (young), 0.0089102 secs]
   [Parallel Time: 4.0 ms, GC Workers: 14]
      [GC Worker Start (ms): Min: 581134731.2, Avg: 581134731.4, Max: 581134731.6, Diff: 0.4]
      [Ext Root Scanning (ms): Min: 0.1, Avg: 0.6, Max: 3.8, Diff: 3.6, Sum: 8.6]
      [Update RS (ms): Min: 0.0, Avg: 0.1, Max: 0.2, Diff: 0.2, Sum: 1.3]
         [Processed Buffers: Min: 0, Avg: 11.6, Max: 36, Diff: 36, Sum: 162]
      [Scan RS (ms): Min: 0.0, Avg: 0.0, Max: 0.1, Diff: 0.1, Sum: 0.5]
      [Code Root Scanning (ms): Min: 0.0, Avg: 0.0, Max: 0.0, Diff: 0.0, Sum: 0.0]
      [Object Copy (ms): Min: 0.0, Avg: 0.3, Max: 0.3, Diff: 0.3, Sum: 3.7]
      [Termination (ms): Min: 0.0, Avg: 2.7, Max: 3.0, Diff: 3.0, Sum: 37.7]
         [Termination Attempts: Min: 1, Avg: 18.9, Max: 31, Diff: 30, Sum: 264]
      [GC Worker Other (ms): Min: 0.0, Avg: 0.0, Max: 0.0, Diff: 0.0, Sum: 0.1]
      [GC Worker Total (ms): Min: 3.4, Avg: 3.7, Max: 3.8, Diff: 0.4, Sum: 51.8]
      [GC Worker End (ms): Min: 581134735.0, Avg: 581134735.1, Max: 581134735.2, Diff: 0.1]
   [Code Root Fixup: 0.0 ms]
   [Code Root Purge: 0.0 ms]
   [Clear CT: 0.2 ms]
   [Other: 4.7 ms]
      [Choose CSet: 0.0 ms]
      [Ref Proc: 4.0 ms]
      [Ref Enq: 0.3 ms]
      [Redirty Cards: 0.2 ms]
      [Humongous Register: 0.0 ms]
      [Humongous Reclaim: 0.0 ms]
      [Free CSet: 0.1 ms]
   [Eden: 7152.0M(7152.0M)->0.0B(7152.0M) Survivors: 16384.0K->16384.0K Heap: 9974.7M(14336.0M)->2823.0M(14336.0M)]
 [Times: user=0.07 sys=0.00, real=0.00 secs] 
2022-11-12T12:05:51.745-0700: 582096.431: [GC pause (G1 Evacuation Pause) (young), 0.0109116 secs]
   [Parallel Time: 5.8 ms, GC Workers: 14]
      [GC Worker Start (ms): Min: 582096431.2, Avg: 582096431.4, Max: 582096431.5, Diff: 0.3]
      [Ext Root Scanning (ms): Min: 0.2, Avg: 0.7, Max: 3.8, Diff: 3.5, Sum: 9.2]
      [Update RS (ms): Min: 0.0, Avg: 0.1, Max: 0.3, Diff: 0.3, Sum: 1.4]
         [Processed Buffers: Min: 0, Avg: 11.6, Max: 38, Diff: 38, Sum: 162]
      [Scan RS (ms): Min: 0.0, Avg: 0.0, Max: 0.1, Diff: 0.1, Sum: 0.5]
      [Code Root Scanning (ms): Min: 0.0, Avg: 0.0, Max: 0.0, Diff: 0.0, Sum: 0.0]
      [Object Copy (ms): Min: 0.0, Avg: 0.6, Max: 4.8, Diff: 4.8, Sum: 8.9]
      [Termination (ms): Min: 0.0, Avg: 3.9, Max: 4.5, Diff: 4.5, Sum: 54.7]
         [Termination Attempts: Min: 1, Avg: 21.4, Max: 39, Diff: 38, Sum: 299]
      [GC Worker Other (ms): Min: 0.0, Avg: 0.0, Max: 0.0, Diff: 0.0, Sum: 0.1]
      [GC Worker Total (ms): Min: 5.2, Avg: 5.3, Max: 5.5, Diff: 0.3, Sum: 74.7]
      [GC Worker End (ms): Min: 582096436.7, Avg: 582096436.7, Max: 582096436.8, Diff: 0.1]
   [Code Root Fixup: 0.0 ms]
   [Code Root Purge: 0.0 ms]
   [Clear CT: 0.3 ms]
   [Other: 4.7 ms]
      [Choose CSet: 0.0 ms]
      [Ref Proc: 4.2 ms]
      [Ref Enq: 0.2 ms]
      [Redirty Cards: 0.2 ms]
      [Humongous Register: 0.0 ms]
      [Humongous Reclaim: 0.0 ms]
      [Free CSet: 0.1 ms]
   [Eden: 7152.0M(7152.0M)->0.0B(7152.0M) Survivors: 16384.0K->16384.0K Heap: 9975.0M(14336.0M)->2822.8M(14336.0M)]
 [Times: user=0.09 sys=0.00, real=0.01 secs] 
2022-11-12T12:22:08.220-0700: 583072.906: [GC pause (G1 Evacuation Pause) (young), 0.0133473 secs]
   [Parallel Time: 7.1 ms, GC Workers: 14]
      [GC Worker Start (ms): Min: 583072906.1, Avg: 583072906.2, Max: 583072906.4, Diff: 0.3]
      [Ext Root Scanning (ms): Min: 0.2, Avg: 0.6, Max: 3.8, Diff: 3.6, Sum: 8.7]
      [Update RS (ms): Min: 0.0, Avg: 0.1, Max: 0.3, Diff: 0.3, Sum: 1.4]
         [Processed Buffers: Min: 0, Avg: 11.4, Max: 39, Diff: 39, Sum: 160]
      [Scan RS (ms): Min: 0.0, Avg: 0.0, Max: 0.1, Diff: 0.0, Sum: 0.4]
      [Code Root Scanning (ms): Min: 0.0, Avg: 0.0, Max: 0.0, Diff: 0.0, Sum: 0.0]
      [Object Copy (ms): Min: 0.0, Avg: 0.7, Max: 6.0, Diff: 6.0, Sum: 9.1]
      [Termination (ms): Min: 0.0, Avg: 5.1, Max: 5.7, Diff: 5.7, Sum: 71.4]
         [Termination Attempts: Min: 1, Avg: 8.5, Max: 17, Diff: 16, Sum: 119]
      [GC Worker Other (ms): Min: 0.0, Avg: 0.0, Max: 0.0, Diff: 0.0, Sum: 0.1]
      [GC Worker Total (ms): Min: 6.3, Avg: 6.5, Max: 6.6, Diff: 0.3, Sum: 91.1]
      [GC Worker End (ms): Min: 583072912.7, Avg: 583072912.7, Max: 583072912.8, Diff: 0.1]
   [Code Root Fixup: 0.0 ms]
   [Code Root Purge: 0.0 ms]
   [Clear CT: 0.2 ms]
   [Other: 6.0 ms]
      [Choose CSet: 0.0 ms]
      [Ref Proc: 5.2 ms]
      [Ref Enq: 0.3 ms]
      [Redirty Cards: 0.2 ms]
      [Humongous Register: 0.0 ms]
      [Humongous Reclaim: 0.0 ms]
      [Free CSet: 0.2 ms]
   [Eden: 7152.0M(7152.0M)->0.0B(7152.0M) Survivors: 16384.0K->16384.0K Heap: 9974.8M(14336.0M)->2823.0M(14336.0M)]
 [Times: user=0.11 sys=0.00, real=0.01 secs] 
2022-11-12T12:38:26.039-0700: 584050.725: [GC pause (G1 Evacuation Pause) (young), 0.0108054 secs]
   [Parallel Time: 4.3 ms, GC Workers: 14]
      [GC Worker Start (ms): Min: 584050725.5, Avg: 584050725.7, Max: 584050725.9, Diff: 0.4]
      [Ext Root Scanning (ms): Min: 0.2, Avg: 0.6, Max: 3.9, Diff: 3.7, Sum: 8.7]
      [Update RS (ms): Min: 0.0, Avg: 0.1, Max: 0.3, Diff: 0.3, Sum: 1.3]
         [Processed Buffers: Min: 0, Avg: 10.8, Max: 45, Diff: 45, Sum: 151]
      [Scan RS (ms): Min: 0.0, Avg: 0.0, Max: 0.1, Diff: 0.1, Sum: 0.5]
      [Code Root Scanning (ms): Min: 0.0, Avg: 0.0, Max: 0.0, Diff: 0.0, Sum: 0.0]
      [Object Copy (ms): Min: 0.0, Avg: 0.3, Max: 0.4, Diff: 0.4, Sum: 4.4]
      [Termination (ms): Min: 0.0, Avg: 2.7, Max: 3.0, Diff: 3.0, Sum: 38.2]
         [Termination Attempts: Min: 1, Avg: 37.1, Max: 48, Diff: 47, Sum: 520]
      [GC Worker Other (ms): Min: 0.0, Avg: 0.0, Max: 0.1, Diff: 0.1, Sum: 0.2]
      [GC Worker Total (ms): Min: 3.5, Avg: 3.8, Max: 3.9, Diff: 0.4, Sum: 53.3]
      [GC Worker End (ms): Min: 584050729.4, Avg: 584050729.5, Max: 584050729.5, Diff: 0.1]
   [Code Root Fixup: 0.0 ms]
   [Code Root Purge: 0.0 ms]
   [Clear CT: 0.4 ms]
   [Other: 6.1 ms]
      [Choose CSet: 0.0 ms]
      [Ref Proc: 5.4 ms]
      [Ref Enq: 0.3 ms]
      [Redirty Cards: 0.2 ms]
      [Humongous Register: 0.0 ms]
      [Humongous Reclaim: 0.0 ms]
      [Free CSet: 0.1 ms]
   [Eden: 7152.0M(7152.0M)->0.0B(7152.0M) Survivors: 16384.0K->16384.0K Heap: 9975.0M(14336.0M)->2822.8M(14336.0M)]
 [Times: user=0.08 sys=0.00, real=0.01 secs] 
2022-11-12T12:54:35.346-0700: 585020.032: [GC pause (G1 Evacuation Pause) (young), 0.0147003 secs]
   [Parallel Time: 9.0 ms, GC Workers: 14]
      [GC Worker Start (ms): Min: 585020031.9, Avg: 585020032.1, Max: 585020032.2, Diff: 0.3]
      [Ext Root Scanning (ms): Min: 0.2, Avg: 0.6, Max: 3.8, Diff: 3.6, Sum: 9.0]
      [Update RS (ms): Min: 0.0, Avg: 0.1, Max: 0.3, Diff: 0.3, Sum: 1.4]
         [Processed Buffers: Min: 0, Avg: 10.9, Max: 31, Diff: 31, Sum: 152]
      [Scan RS (ms): Min: 0.0, Avg: 0.0, Max: 0.1, Diff: 0.1, Sum: 0.6]
      [Code Root Scanning (ms): Min: 0.0, Avg: 0.0, Max: 0.0, Diff: 0.0, Sum: 0.0]
      [Object Copy (ms): Min: 0.0, Avg: 0.8, Max: 8.0, Diff: 8.0, Sum: 11.3]
      [Termination (ms): Min: 0.0, Avg: 7.0, Max: 7.9, Diff: 7.9, Sum: 98.1]
         [Termination Attempts: Min: 1, Avg: 12.4, Max: 25, Diff: 24, Sum: 174]
      [GC Worker Other (ms): Min: 0.0, Avg: 0.0, Max: 0.0, Diff: 0.0, Sum: 0.1]
      [GC Worker Total (ms): Min: 8.4, Avg: 8.6, Max: 8.7, Diff: 0.3, Sum: 120.4]
      [GC Worker End (ms): Min: 585020040.6, Avg: 585020040.7, Max: 585020040.8, Diff: 0.1]
   [Code Root Fixup: 0.0 ms]
   [Code Root Purge: 0.0 ms]
   [Clear CT: 0.3 ms]
   [Other: 5.3 ms]
      [Choose CSet: 0.0 ms]
      [Ref Proc: 4.8 ms]
      [Ref Enq: 0.2 ms]
      [Redirty Cards: 0.2 ms]
      [Humongous Register: 0.0 ms]
      [Humongous Reclaim: 0.0 ms]
      [Free CSet: 0.1 ms]
   [Eden: 7152.0M(7152.0M)->0.0B(7152.0M) Survivors: 16384.0K->16384.0K Heap: 9974.8M(14336.0M)->2822.8M(14336.0M)]
 [Times: user=0.13 sys=0.00, real=0.01 secs] 
2022-11-12T13:10:45.146-0700: 585989.832: [GC pause (G1 Evacuation Pause) (young), 0.0090569 secs]
   [Parallel Time: 3.2 ms, GC Workers: 14]
      [GC Worker Start (ms): Min: 585989831.8, Avg: 585989831.9, Max: 585989832.1, Diff: 0.3]
      [Ext Root Scanning (ms): Min: 0.2, Avg: 0.6, Max: 2.7, Diff: 2.4, Sum: 8.1]
      [Update RS (ms): Min: 0.0, Avg: 0.1, Max: 0.3, Diff: 0.3, Sum: 1.4]
         [Processed Buffers: Min: 0, Avg: 11.4, Max: 32, Diff: 32, Sum: 159]
      [Scan RS (ms): Min: 0.0, Avg: 0.0, Max: 0.1, Diff: 0.1, Sum: 0.5]
      [Code Root Scanning (ms): Min: 0.0, Avg: 0.0, Max: 0.0, Diff: 0.0, Sum: 0.0]
      [Object Copy (ms): Min: 0.0, Avg: 0.3, Max: 0.4, Diff: 0.4, Sum: 4.6]
      [Termination (ms): Min: 0.0, Avg: 1.5, Max: 1.7, Diff: 1.7, Sum: 21.4]
         [Termination Attempts: Min: 1, Avg: 39.1, Max: 55, Diff: 54, Sum: 547]
      [GC Worker Other (ms): Min: 0.0, Avg: 0.0, Max: 0.0, Diff: 0.0, Sum: 0.1]
      [GC Worker Total (ms): Min: 2.4, Avg: 2.6, Max: 2.7, Diff: 0.3, Sum: 36.2]
      [GC Worker End (ms): Min: 585989834.4, Avg: 585989834.5, Max: 585989834.5, Diff: 0.1]
   [Code Root Fixup: 0.0 ms]
   [Code Root Purge: 0.0 ms]
   [Clear CT: 0.2 ms]
   [Other: 5.7 ms]
      [Choose CSet: 0.0 ms]
      [Ref Proc: 4.9 ms]
      [Ref Enq: 0.3 ms]
      [Redirty Cards: 0.2 ms]
      [Humongous Register: 0.0 ms]
      [Humongous Reclaim: 0.0 ms]
      [Free CSet: 0.1 ms]
   [Eden: 7152.0M(7152.0M)->0.0B(7152.0M) Survivors: 16384.0K->16384.0K Heap: 9974.8M(14336.0M)->2823.1M(14336.0M)]
 [Times: user=0.05 sys=0.00, real=0.01 secs] 
2022-11-12T13:27:03.945-0700: 586968.631: [GC pause (G1 Evacuation Pause) (young), 0.0121400 secs]
   [Parallel Time: 5.7 ms, GC Workers: 14]
      [GC Worker Start (ms): Min: 586968631.2, Avg: 586968631.4, Max: 586968631.6, Diff: 0.4]
      [Ext Root Scanning (ms): Min: 0.2, Avg: 0.6, Max: 2.6, Diff: 2.3, Sum: 8.6]
      [Update RS (ms): Min: 0.0, Avg: 0.1, Max: 0.3, Diff: 0.3, Sum: 1.4]
         [Processed Buffers: Min: 0, Avg: 10.5, Max: 37, Diff: 37, Sum: 147]
      [Scan RS (ms): Min: 0.0, Avg: 0.0, Max: 0.1, Diff: 0.1, Sum: 0.4]
      [Code Root Scanning (ms): Min: 0.0, Avg: 0.0, Max: 0.0, Diff: 0.0, Sum: 0.0]
      [Object Copy (ms): Min: 0.0, Avg: 1.0, Max: 4.7, Diff: 4.7, Sum: 13.4]
      [Termination (ms): Min: 0.0, Avg: 3.6, Max: 4.4, Diff: 4.4, Sum: 49.8]
         [Termination Attempts: Min: 1, Avg: 39.2, Max: 74, Diff: 73, Sum: 549]
      [GC Worker Other (ms): Min: 0.0, Avg: 0.0, Max: 0.0, Diff: 0.0, Sum: 0.1]
      [GC Worker Total (ms): Min: 5.0, Avg: 5.3, Max: 5.4, Diff: 0.4, Sum: 73.7]
      [GC Worker End (ms): Min: 586968636.7, Avg: 586968636.7, Max: 586968636.8, Diff: 0.1]
   [Code Root Fixup: 0.0 ms]
   [Code Root Purge: 0.0 ms]
   [Clear CT: 0.2 ms]
   [Other: 6.2 ms]
      [Choose CSet: 0.0 ms]
      [Ref Proc: 5.6 ms]
      [Ref Enq: 0.3 ms]
      [Redirty Cards: 0.2 ms]
      [Humongous Register: 0.0 ms]
      [Humongous Reclaim: 0.0 ms]
      [Free CSet: 0.1 ms]
   [Eden: 7152.0M(7152.0M)->0.0B(7152.0M) Survivors: 16384.0K->16384.0K Heap: 9975.1M(14336.0M)->2823.2M(14336.0M)]
 [Times: user=0.08 sys=0.00, real=0.01 secs] 
2022-11-12T13:43:17.545-0700: 587942.232: [GC pause (G1 Evacuation Pause) (young), 0.0096902 secs]
   [Parallel Time: 4.1 ms, GC Workers: 14]
      [GC Worker Start (ms): Min: 587942231.6, Avg: 587942231.8, Max: 587942231.9, Diff: 0.3]
      [Ext Root Scanning (ms): Min: 0.2, Avg: 0.7, Max: 3.7, Diff: 3.5, Sum: 9.2]
      [Update RS (ms): Min: 0.0, Avg: 0.1, Max: 0.3, Diff: 0.3, Sum: 1.3]
         [Processed Buffers: Min: 0, Avg: 11.1, Max: 29, Diff: 29, Sum: 155]
      [Scan RS (ms): Min: 0.0, Avg: 0.0, Max: 0.1, Diff: 0.1, Sum: 0.4]
      [Code Root Scanning (ms): Min: 0.0, Avg: 0.0, Max: 0.0, Diff: 0.0, Sum: 0.0]
      [Object Copy (ms): Min: 0.0, Avg: 0.3, Max: 0.3, Diff: 0.3, Sum: 3.6]
      [Termination (ms): Min: 0.0, Avg: 2.6, Max: 2.9, Diff: 2.9, Sum: 36.3]
         [Termination Attempts: Min: 1, Avg: 23.6, Max: 38, Diff: 37, Sum: 331]
      [GC Worker Other (ms): Min: 0.0, Avg: 0.0, Max: 0.0, Diff: 0.0, Sum: 0.1]
      [GC Worker Total (ms): Min: 3.5, Avg: 3.6, Max: 3.8, Diff: 0.3, Sum: 50.9]
      [GC Worker End (ms): Min: 587942235.4, Avg: 587942235.4, Max: 587942235.4, Diff: 0.1]
   [Code Root Fixup: 0.0 ms]
   [Code Root Purge: 0.0 ms]
   [Clear CT: 0.4 ms]
   [Other: 5.2 ms]
      [Choose CSet: 0.0 ms]
      [Ref Proc: 4.7 ms]
      [Ref Enq: 0.2 ms]
      [Redirty Cards: 0.2 ms]
      [Humongous Register: 0.0 ms]
      [Humongous Reclaim: 0.0 ms]
      [Free CSet: 0.1 ms]
   [Eden: 7152.0M(7152.0M)->0.0B(7152.0M) Survivors: 16384.0K->16384.0K Heap: 9975.2M(14336.0M)->2822.9M(14336.0M)]
 [Times: user=0.07 sys=0.00, real=0.01 secs] 
2022-11-12T13:59:28.445-0700: 588913.131: [GC pause (G1 Evacuation Pause) (young), 0.0119208 secs]
   [Parallel Time: 5.9 ms, GC Workers: 14]
      [GC Worker Start (ms): Min: 588913131.3, Avg: 588913131.5, Max: 588913131.7, Diff: 0.4]
      [Ext Root Scanning (ms): Min: 0.2, Avg: 0.6, Max: 2.6, Diff: 2.4, Sum: 7.7]
      [Update RS (ms): Min: 0.0, Avg: 0.1, Max: 0.3, Diff: 0.3, Sum: 1.4]
         [Processed Buffers: Min: 0, Avg: 11.3, Max: 38, Diff: 38, Sum: 158]
      [Scan RS (ms): Min: 0.0, Avg: 0.0, Max: 0.1, Diff: 0.1, Sum: 0.5]
      [Code Root Scanning (ms): Min: 0.0, Avg: 0.0, Max: 0.0, Diff: 0.0, Sum: 0.0]
      [Object Copy (ms): Min: 0.0, Avg: 0.5, Max: 4.7, Diff: 4.7, Sum: 7.6]
      [Termination (ms): Min: 0.0, Avg: 4.0, Max: 4.5, Diff: 4.5, Sum: 56.0]
         [Termination Attempts: Min: 1, Avg: 1.3, Max: 2, Diff: 1, Sum: 18]
      [GC Worker Other (ms): Min: 0.0, Avg: 0.0, Max: 0.0, Diff: 0.0, Sum: 0.1]
      [GC Worker Total (ms): Min: 5.0, Avg: 5.2, Max: 5.5, Diff: 0.5, Sum: 73.3]
      [GC Worker End (ms): Min: 588913136.7, Avg: 588913136.7, Max: 588913136.8, Diff: 0.1]
   [Code Root Fixup: 0.0 ms]
   [Code Root Purge: 0.0 ms]
   [Clear CT: 0.2 ms]
   [Other: 5.7 ms]
      [Choose CSet: 0.0 ms]
      [Ref Proc: 5.0 ms]
      [Ref Enq: 0.3 ms]
      [Redirty Cards: 0.2 ms]
      [Humongous Register: 0.0 ms]
      [Humongous Reclaim: 0.0 ms]
      [Free CSet: 0.1 ms]
   [Eden: 7152.0M(7152.0M)->0.0B(7152.0M) Survivors: 16384.0K->16384.0K Heap: 9974.9M(14336.0M)->2822.9M(14336.0M)]
 [Times: user=0.09 sys=0.00, real=0.01 secs] 
2022-11-12T14:15:40.195-0700: 589884.882: [GC pause (G1 Evacuation Pause) (young), 0.0094946 secs]
   [Parallel Time: 4.0 ms, GC Workers: 14]
      [GC Worker Start (ms): Min: 589884881.6, Avg: 589884881.8, Max: 589884881.9, Diff: 0.3]
      [Ext Root Scanning (ms): Min: 0.2, Avg: 0.6, Max: 3.8, Diff: 3.5, Sum: 8.9]
      [Update RS (ms): Min: 0.0, Avg: 0.1, Max: 0.3, Diff: 0.3, Sum: 1.4]
         [Processed Buffers: Min: 0, Avg: 10.8, Max: 37, Diff: 37, Sum: 151]
      [Scan RS (ms): Min: 0.0, Avg: 0.0, Max: 0.0, Diff: 0.0, Sum: 0.4]
      [Code Root Scanning (ms): Min: 0.0, Avg: 0.0, Max: 0.0, Diff: 0.0, Sum: 0.0]
      [Object Copy (ms): Min: 0.0, Avg: 0.3, Max: 0.3, Diff: 0.3, Sum: 3.6]
      [Termination (ms): Min: 0.0, Avg: 2.7, Max: 3.0, Diff: 3.0, Sum: 37.9]
         [Termination Attempts: Min: 1, Avg: 14.3, Max: 23, Diff: 22, Sum: 200]
      [GC Worker Other (ms): Min: 0.0, Avg: 0.0, Max: 0.0, Diff: 0.0, Sum: 0.1]
      [GC Worker Total (ms): Min: 3.5, Avg: 3.7, Max: 3.9, Diff: 0.3, Sum: 52.1]
      [GC Worker End (ms): Min: 589884885.4, Avg: 589884885.5, Max: 589884885.5, Diff: 0.1]
   [Code Root Fixup: 0.0 ms]
   [Code Root Purge: 0.0 ms]
   [Clear CT: 0.2 ms]
   [Other: 5.3 ms]
      [Choose CSet: 0.0 ms]
      [Ref Proc: 4.6 ms]
      [Ref Enq: 0.3 ms]
      [Redirty Cards: 0.2 ms]
      [Humongous Register: 0.0 ms]
      [Humongous Reclaim: 0.0 ms]
      [Free CSet: 0.1 ms]
   [Eden: 7152.0M(7152.0M)->0.0B(7152.0M) Survivors: 16384.0K->16384.0K Heap: 9974.9M(14336.0M)->2823.1M(14336.0M)]
 [Times: user=0.07 sys=0.00, real=0.01 secs] 
2022-11-12T14:31:51.495-0700: 590856.181: [GC pause (G1 Evacuation Pause) (young), 0.0081794 secs]
   [Parallel Time: 2.9 ms, GC Workers: 14]
      [GC Worker Start (ms): Min: 590856181.2, Avg: 590856181.3, Max: 590856181.5, Diff: 0.2]
      [Ext Root Scanning (ms): Min: 0.3, Avg: 0.6, Max: 2.6, Diff: 2.3, Sum: 7.9]
      [Update RS (ms): Min: 0.0, Avg: 0.1, Max: 0.3, Diff: 0.3, Sum: 1.5]
         [Processed Buffers: Min: 0, Avg: 11.6, Max: 36, Diff: 36, Sum: 162]
      [Scan RS (ms): Min: 0.0, Avg: 0.0, Max: 0.1, Diff: 0.1, Sum: 0.5]
      [Code Root Scanning (ms): Min: 0.0, Avg: 0.0, Max: 0.0, Diff: 0.0, Sum: 0.0]
      [Object Copy (ms): Min: 0.0, Avg: 0.3, Max: 0.4, Diff: 0.4, Sum: 4.5]
      [Termination (ms): Min: 0.0, Avg: 1.5, Max: 1.7, Diff: 1.7, Sum: 20.8]
         [Termination Attempts: Min: 1, Avg: 42.6, Max: 58, Diff: 57, Sum: 596]
      [GC Worker Other (ms): Min: 0.0, Avg: 0.0, Max: 0.0, Diff: 0.0, Sum: 0.1]
      [GC Worker Total (ms): Min: 2.4, Avg: 2.5, Max: 2.6, Diff: 0.3, Sum: 35.3]
      [GC Worker End (ms): Min: 590856183.8, Avg: 590856183.8, Max: 590856183.9, Diff: 0.1]
   [Code Root Fixup: 0.0 ms]
   [Code Root Purge: 0.0 ms]
   [Clear CT: 0.4 ms]
   [Other: 4.9 ms]
      [Choose CSet: 0.0 ms]
      [Ref Proc: 4.2 ms]
      [Ref Enq: 0.2 ms]
      [Redirty Cards: 0.2 ms]
      [Humongous Register: 0.0 ms]
      [Humongous Reclaim: 0.0 ms]
      [Free CSet: 0.2 ms]
   [Eden: 7152.0M(7152.0M)->0.0B(7152.0M) Survivors: 16384.0K->16384.0K Heap: 9975.1M(14336.0M)->2822.8M(14336.0M)]
 [Times: user=0.02 sys=0.03, real=0.01 secs] 
2022-11-12T14:47:56.746-0700: 591821.432: [GC pause (G1 Evacuation Pause) (young), 0.0100314 secs]
   [Parallel Time: 2.9 ms, GC Workers: 14]
      [GC Worker Start (ms): Min: 591821432.1, Avg: 591821432.3, Max: 591821432.5, Diff: 0.4]
      [Ext Root Scanning (ms): Min: 0.2, Avg: 0.5, Max: 2.5, Diff: 2.3, Sum: 7.5]
      [Update RS (ms): Min: 0.0, Avg: 0.1, Max: 0.3, Diff: 0.3, Sum: 1.6]
         [Processed Buffers: Min: 0, Avg: 11.6, Max: 31, Diff: 31, Sum: 162]
      [Scan RS (ms): Min: 0.0, Avg: 0.0, Max: 0.1, Diff: 0.1, Sum: 0.5]
      [Code Root Scanning (ms): Min: 0.0, Avg: 0.0, Max: 0.0, Diff: 0.0, Sum: 0.0]
      [Object Copy (ms): Min: 0.0, Avg: 0.3, Max: 0.4, Diff: 0.4, Sum: 4.1]
      [Termination (ms): Min: 0.0, Avg: 1.4, Max: 1.5, Diff: 1.5, Sum: 19.3]
         [Termination Attempts: Min: 1, Avg: 28.8, Max: 42, Diff: 41, Sum: 403]
      [GC Worker Other (ms): Min: 0.0, Avg: 0.0, Max: 0.0, Diff: 0.0, Sum: 0.1]
      [GC Worker Total (ms): Min: 2.1, Avg: 2.4, Max: 2.5, Diff: 0.4, Sum: 33.0]
      [GC Worker End (ms): Min: 591821434.6, Avg: 591821434.7, Max: 591821434.7, Diff: 0.1]
   [Code Root Fixup: 0.0 ms]
   [Code Root Purge: 0.0 ms]
   [Clear CT: 0.2 ms]
   [Other: 6.9 ms]
      [Choose CSet: 0.0 ms]
      [Ref Proc: 6.2 ms]
      [Ref Enq: 0.3 ms]
      [Redirty Cards: 0.2 ms]
      [Humongous Register: 0.0 ms]
      [Humongous Reclaim: 0.0 ms]
      [Free CSet: 0.1 ms]
   [Eden: 7152.0M(7152.0M)->0.0B(7152.0M) Survivors: 16384.0K->16384.0K Heap: 9974.8M(14336.0M)->2823.1M(14336.0M)]
 [Times: user=0.06 sys=0.00, real=0.01 secs] 
2022-11-12T15:04:14.245-0700: 592798.931: [GC pause (G1 Evacuation Pause) (young), 0.0099934 secs]
   [Parallel Time: 4.3 ms, GC Workers: 14]
      [GC Worker Start (ms): Min: 592798931.4, Avg: 592798931.5, Max: 592798931.7, Diff: 0.3]
      [Ext Root Scanning (ms): Min: 0.3, Avg: 0.6, Max: 3.8, Diff: 3.5, Sum: 9.1]
      [Update RS (ms): Min: 0.0, Avg: 0.1, Max: 0.3, Diff: 0.3, Sum: 1.6]
         [Processed Buffers: Min: 0, Avg: 11.7, Max: 22, Diff: 22, Sum: 164]
      [Scan RS (ms): Min: 0.0, Avg: 0.0, Max: 0.1, Diff: 0.0, Sum: 0.4]
      [Code Root Scanning (ms): Min: 0.0, Avg: 0.0, Max: 0.0, Diff: 0.0, Sum: 0.0]
      [Object Copy (ms): Min: 0.0, Avg: 0.3, Max: 0.4, Diff: 0.4, Sum: 4.3]
      [Termination (ms): Min: 0.0, Avg: 2.6, Max: 2.9, Diff: 2.9, Sum: 35.8]
         [Termination Attempts: Min: 1, Avg: 35.9, Max: 52, Diff: 51, Sum: 502]
      [GC Worker Other (ms): Min: 0.0, Avg: 0.0, Max: 0.0, Diff: 0.0, Sum: 0.1]
      [GC Worker Total (ms): Min: 3.5, Avg: 3.7, Max: 3.8, Diff: 0.3, Sum: 51.3]
      [GC Worker End (ms): Min: 592798935.2, Avg: 592798935.2, Max: 592798935.3, Diff: 0.1]
   [Code Root Fixup: 0.0 ms]
   [Code Root Purge: 0.0 ms]
   [Clear CT: 0.2 ms]
   [Other: 5.4 ms]
      [Choose CSet: 0.0 ms]
      [Ref Proc: 4.6 ms]
      [Ref Enq: 0.3 ms]
      [Redirty Cards: 0.2 ms]
      [Humongous Register: 0.0 ms]
      [Humongous Reclaim: 0.0 ms]
      [Free CSet: 0.2 ms]
   [Eden: 7152.0M(7152.0M)->0.0B(7152.0M) Survivors: 16384.0K->16384.0K Heap: 9975.1M(14336.0M)->2822.8M(14336.0M)]
 [Times: user=0.07 sys=0.00, real=0.01 secs] 
2022-11-12T15:20:25.045-0700: 593769.731: [GC pause (G1 Evacuation Pause) (young), 0.0117466 secs]
   [Parallel Time: 5.7 ms, GC Workers: 14]
      [GC Worker Start (ms): Min: 593769731.6, Avg: 593769731.7, Max: 593769731.9, Diff: 0.4]
      [Ext Root Scanning (ms): Min: 0.2, Avg: 0.6, Max: 3.8, Diff: 3.6, Sum: 8.9]
      [Update RS (ms): Min: 0.0, Avg: 0.1, Max: 0.2, Diff: 0.2, Sum: 1.2]
         [Processed Buffers: Min: 0, Avg: 11.1, Max: 37, Diff: 37, Sum: 156]
      [Scan RS (ms): Min: 0.0, Avg: 0.0, Max: 0.1, Diff: 0.0, Sum: 0.4]
      [Code Root Scanning (ms): Min: 0.0, Avg: 0.0, Max: 0.0, Diff: 0.0, Sum: 0.0]
      [Object Copy (ms): Min: 0.0, Avg: 0.8, Max: 4.4, Diff: 4.4, Sum: 11.8]
      [Termination (ms): Min: 0.0, Avg: 3.3, Max: 4.1, Diff: 4.1, Sum: 46.3]
         [Termination Attempts: Min: 1, Avg: 3.0, Max: 11, Diff: 10, Sum: 42]
      [GC Worker Other (ms): Min: 0.0, Avg: 0.0, Max: 0.0, Diff: 0.0, Sum: 0.1]
      [GC Worker Total (ms): Min: 4.7, Avg: 4.9, Max: 5.1, Diff: 0.4, Sum: 68.9]
      [GC Worker End (ms): Min: 593769736.6, Avg: 593769736.7, Max: 593769736.7, Diff: 0.1]
   [Code Root Fixup: 0.0 ms]
   [Code Root Purge: 0.0 ms]
   [Clear CT: 0.4 ms]
   [Other: 5.7 ms]
      [Choose CSet: 0.0 ms]
      [Ref Proc: 5.1 ms]
      [Ref Enq: 0.2 ms]
      [Redirty Cards: 0.2 ms]
      [Humongous Register: 0.0 ms]
      [Humongous Reclaim: 0.0 ms]
      [Free CSet: 0.1 ms]
   [Eden: 7152.0M(7152.0M)->0.0B(7152.0M) Survivors: 16384.0K->16384.0K Heap: 9974.8M(14336.0M)->2823.2M(14336.0M)]
 [Times: user=0.09 sys=0.00, real=0.01 secs] 
2022-11-12T15:36:31.845-0700: 594736.531: [GC pause (G1 Evacuation Pause) (young), 0.0113748 secs]
   [Parallel Time: 4.2 ms, GC Workers: 14]
      [GC Worker Start (ms): Min: 594736531.4, Avg: 594736531.6, Max: 594736531.7, Diff: 0.3]
      [Ext Root Scanning (ms): Min: 0.2, Avg: 0.6, Max: 3.7, Diff: 3.5, Sum: 8.4]
      [Update RS (ms): Min: 0.0, Avg: 0.1, Max: 0.3, Diff: 0.3, Sum: 1.5]
         [Processed Buffers: Min: 0, Avg: 11.2, Max: 33, Diff: 33, Sum: 157]
      [Scan RS (ms): Min: 0.0, Avg: 0.0, Max: 0.1, Diff: 0.1, Sum: 0.4]
      [Code Root Scanning (ms): Min: 0.0, Avg: 0.0, Max: 0.0, Diff: 0.0, Sum: 0.0]
      [Object Copy (ms): Min: 0.0, Avg: 0.3, Max: 0.3, Diff: 0.3, Sum: 3.6]
      [Termination (ms): Min: 0.0, Avg: 2.6, Max: 2.9, Diff: 2.9, Sum: 36.7]
         [Termination Attempts: Min: 1, Avg: 25.9, Max: 42, Diff: 41, Sum: 363]
      [GC Worker Other (ms): Min: 0.0, Avg: 0.0, Max: 0.0, Diff: 0.0, Sum: 0.1]
      [GC Worker Total (ms): Min: 3.5, Avg: 3.6, Max: 3.8, Diff: 0.3, Sum: 50.7]
      [GC Worker End (ms): Min: 594736535.2, Avg: 594736535.2, Max: 594736535.3, Diff: 0.1]
   [Code Root Fixup: 0.0 ms]
   [Code Root Purge: 0.0 ms]
   [Clear CT: 0.3 ms]
   [Other: 6.8 ms]
      [Choose CSet: 0.0 ms]
      [Ref Proc: 6.2 ms]
      [Ref Enq: 0.2 ms]
      [Redirty Cards: 0.2 ms]
      [Humongous Register: 0.0 ms]
      [Humongous Reclaim: 0.0 ms]
      [Free CSet: 0.1 ms]
   [Eden: 7152.0M(7152.0M)->0.0B(7152.0M) Survivors: 16384.0K->16384.0K Heap: 9975.2M(14336.0M)->2823.0M(14336.0M)]
 [Times: user=0.07 sys=0.00, real=0.01 secs] 
2022-11-12T15:52:42.295-0700: 595706.981: [GC pause (G1 Evacuation Pause) (young), 0.0090833 secs]
   [Parallel Time: 4.4 ms, GC Workers: 14]
      [GC Worker Start (ms): Min: 595706981.2, Avg: 595706981.3, Max: 595706981.4, Diff: 0.2]
      [Ext Root Scanning (ms): Min: 0.2, Avg: 0.7, Max: 3.9, Diff: 3.7, Sum: 9.6]
      [Update RS (ms): Min: 0.0, Avg: 0.1, Max: 0.3, Diff: 0.3, Sum: 1.4]
         [Processed Buffers: Min: 0, Avg: 11.6, Max: 37, Diff: 37, Sum: 163]
      [Scan RS (ms): Min: 0.0, Avg: 0.0, Max: 0.1, Diff: 0.1, Sum: 0.5]
      [Code Root Scanning (ms): Min: 0.0, Avg: 0.0, Max: 0.0, Diff: 0.0, Sum: 0.0]
      [Object Copy (ms): Min: 0.0, Avg: 0.2, Max: 0.3, Diff: 0.3, Sum: 2.7]
      [Termination (ms): Min: 0.0, Avg: 2.8, Max: 3.2, Diff: 3.2, Sum: 39.6]
         [Termination Attempts: Min: 1, Avg: 2.4, Max: 5, Diff: 4, Sum: 33]
      [GC Worker Other (ms): Min: 0.0, Avg: 0.0, Max: 0.1, Diff: 0.1, Sum: 0.2]
      [GC Worker Total (ms): Min: 3.7, Avg: 3.9, Max: 4.0, Diff: 0.3, Sum: 54.0]
      [GC Worker End (ms): Min: 595706985.1, Avg: 595706985.2, Max: 595706985.2, Diff: 0.1]
   [Code Root Fixup: 0.0 ms]
   [Code Root Purge: 0.0 ms]
   [Clear CT: 0.3 ms]
   [Other: 4.4 ms]
      [Choose CSet: 0.0 ms]
      [Ref Proc: 3.8 ms]
      [Ref Enq: 0.3 ms]
      [Redirty Cards: 0.2 ms]
      [Humongous Register: 0.0 ms]
      [Humongous Reclaim: 0.0 ms]
      [Free CSet: 0.1 ms]
   [Eden: 7152.0M(7152.0M)->0.0B(7152.0M) Survivors: 16384.0K->16384.0K Heap: 9975.0M(14336.0M)->2822.9M(14336.0M)]
 [Times: user=0.07 sys=0.00, real=0.01 secs] 
2022-11-12T16:08:58.945-0700: 596683.632: [GC pause (G1 Evacuation Pause) (young), 0.0147363 secs]
   [Parallel Time: 4.1 ms, GC Workers: 14]
      [GC Worker Start (ms): Min: 596683631.6, Avg: 596683631.8, Max: 596683631.9, Diff: 0.3]
      [Ext Root Scanning (ms): Min: 0.2, Avg: 0.6, Max: 3.7, Diff: 3.5, Sum: 9.0]
      [Update RS (ms): Min: 0.0, Avg: 0.1, Max: 0.2, Diff: 0.2, Sum: 1.2]
         [Processed Buffers: Min: 0, Avg: 10.6, Max: 36, Diff: 36, Sum: 148]
      [Scan RS (ms): Min: 0.0, Avg: 0.0, Max: 0.0, Diff: 0.0, Sum: 0.4]
      [Code Root Scanning (ms): Min: 0.0, Avg: 0.0, Max: 0.0, Diff: 0.0, Sum: 0.0]
      [Object Copy (ms): Min: 0.0, Avg: 0.3, Max: 0.3, Diff: 0.3, Sum: 3.6]
      [Termination (ms): Min: 0.0, Avg: 2.6, Max: 3.0, Diff: 3.0, Sum: 36.7]
         [Termination Attempts: Min: 1, Avg: 13.6, Max: 22, Diff: 21, Sum: 190]
      [GC Worker Other (ms): Min: 0.0, Avg: 0.0, Max: 0.0, Diff: 0.0, Sum: 0.1]
      [GC Worker Total (ms): Min: 3.4, Avg: 3.6, Max: 3.8, Diff: 0.4, Sum: 51.0]
      [GC Worker End (ms): Min: 596683635.3, Avg: 596683635.4, Max: 596683635.5, Diff: 0.2]
   [Code Root Fixup: 0.0 ms]
   [Code Root Purge: 0.0 ms]
   [Clear CT: 0.3 ms]
   [Other: 10.3 ms]
      [Choose CSet: 0.0 ms]
      [Ref Proc: 9.8 ms]
      [Ref Enq: 0.2 ms]
      [Redirty Cards: 0.2 ms]
      [Humongous Register: 0.0 ms]
      [Humongous Reclaim: 0.0 ms]
      [Free CSet: 0.1 ms]
   [Eden: 7152.0M(7152.0M)->0.0B(7152.0M) Survivors: 16384.0K->16384.0K Heap: 9974.9M(14336.0M)->2823.1M(14336.0M)]
 [Times: user=0.09 sys=0.00, real=0.01 secs] 
2022-11-12T16:24:57.145-0700: 597641.832: [GC pause (G1 Evacuation Pause) (young), 0.0309803 secs]
   [Parallel Time: 16.2 ms, GC Workers: 14]
      [GC Worker Start (ms): Min: 597641831.6, Avg: 597641831.8, Max: 597641831.9, Diff: 0.3]
      [Ext Root Scanning (ms): Min: 0.2, Avg: 0.7, Max: 4.5, Diff: 4.2, Sum: 10.1]
      [Update RS (ms): Min: 0.0, Avg: 0.1, Max: 0.3, Diff: 0.3, Sum: 1.6]
         [Processed Buffers: Min: 0, Avg: 11.7, Max: 31, Diff: 31, Sum: 164]
      [Scan RS (ms): Min: 0.0, Avg: 0.0, Max: 0.1, Diff: 0.1, Sum: 0.6]
      [Code Root Scanning (ms): Min: 0.0, Avg: 0.0, Max: 0.0, Diff: 0.0, Sum: 0.0]
      [Object Copy (ms): Min: 0.0, Avg: 0.7, Max: 5.9, Diff: 5.9, Sum: 9.5]
      [Termination (ms): Min: 0.0, Avg: 5.1, Max: 7.8, Diff: 7.8, Sum: 71.6]
         [Termination Attempts: Min: 1, Avg: 9.6, Max: 22, Diff: 21, Sum: 135]
      [GC Worker Other (ms): Min: 0.0, Avg: 0.0, Max: 0.0, Diff: 0.0, Sum: 0.1]
      [GC Worker Total (ms): Min: 6.3, Avg: 6.7, Max: 8.8, Diff: 2.5, Sum: 93.4]
      [GC Worker End (ms): Min: 597641838.3, Avg: 597641838.5, Max: 597641840.5, Diff: 2.3]
   [Code Root Fixup: 0.0 ms]
   [Code Root Purge: 0.0 ms]
   [Clear CT: 0.4 ms]
   [Other: 14.3 ms]
      [Choose CSet: 0.0 ms]
      [Ref Proc: 7.5 ms]
      [Ref Enq: 0.2 ms]
      [Redirty Cards: 6.4 ms]
      [Humongous Register: 0.0 ms]
      [Humongous Reclaim: 0.0 ms]
      [Free CSet: 0.1 ms]
   [Eden: 7152.0M(7152.0M)->0.0B(7152.0M) Survivors: 16384.0K->16384.0K Heap: 9975.1M(14336.0M)->2823.0M(14336.0M)]
 [Times: user=0.15 sys=0.00, real=0.03 secs] 
2022-11-12T16:41:17.924-0700: 598622.610: [GC pause (G1 Evacuation Pause) (young), 0.0106141 secs]
   [Parallel Time: 4.3 ms, GC Workers: 14]
      [GC Worker Start (ms): Min: 598622610.5, Avg: 598622610.6, Max: 598622610.8, Diff: 0.4]
      [Ext Root Scanning (ms): Min: 0.2, Avg: 0.6, Max: 3.7, Diff: 3.6, Sum: 8.5]
      [Update RS (ms): Min: 0.0, Avg: 0.1, Max: 0.3, Diff: 0.3, Sum: 1.3]
         [Processed Buffers: Min: 0, Avg: 11.1, Max: 37, Diff: 37, Sum: 156]
      [Scan RS (ms): Min: 0.0, Avg: 0.0, Max: 0.1, Diff: 0.1, Sum: 0.4]
      [Code Root Scanning (ms): Min: 0.0, Avg: 0.0, Max: 0.0, Diff: 0.0, Sum: 0.0]
      [Object Copy (ms): Min: 0.0, Avg: 0.2, Max: 0.3, Diff: 0.3, Sum: 3.5]
      [Termination (ms): Min: 0.0, Avg: 2.6, Max: 2.9, Diff: 2.9, Sum: 36.8]
         [Termination Attempts: Min: 1, Avg: 15.6, Max: 28, Diff: 27, Sum: 218]
      [GC Worker Other (ms): Min: 0.0, Avg: 0.0, Max: 0.0, Diff: 0.0, Sum: 0.1]
      [GC Worker Total (ms): Min: 3.4, Avg: 3.6, Max: 3.8, Diff: 0.4, Sum: 50.7]
      [GC Worker End (ms): Min: 598622614.2, Avg: 598622614.2, Max: 598622614.3, Diff: 0.1]
   [Code Root Fixup: 0.0 ms]
   [Code Root Purge: 0.0 ms]
   [Clear CT: 0.2 ms]
   [Other: 6.1 ms]
      [Choose CSet: 0.0 ms]
      [Ref Proc: 5.2 ms]
      [Ref Enq: 0.4 ms]
      [Redirty Cards: 0.2 ms]
      [Humongous Register: 0.0 ms]
      [Humongous Reclaim: 0.0 ms]
      [Free CSet: 0.2 ms]
   [Eden: 7152.0M(7152.0M)->0.0B(7152.0M) Survivors: 16384.0K->16384.0K Heap: 9975.0M(14336.0M)->2823.2M(14336.0M)]
 [Times: user=0.07 sys=0.00, real=0.01 secs] 
2022-11-12T16:57:18.645-0700: 599583.331: [GC pause (G1 Evacuation Pause) (young), 0.0107012 secs]
   [Parallel Time: 4.3 ms, GC Workers: 14]
      [GC Worker Start (ms): Min: 599583331.4, Avg: 599583331.5, Max: 599583331.7, Diff: 0.3]
      [Ext Root Scanning (ms): Min: 0.2, Avg: 0.6, Max: 3.7, Diff: 3.5, Sum: 8.8]
      [Update RS (ms): Min: 0.0, Avg: 0.1, Max: 0.2, Diff: 0.2, Sum: 1.2]
         [Processed Buffers: Min: 0, Avg: 10.3, Max: 33, Diff: 33, Sum: 144]
      [Scan RS (ms): Min: 0.0, Avg: 0.0, Max: 0.1, Diff: 0.1, Sum: 0.5]
      [Code Root Scanning (ms): Min: 0.0, Avg: 0.0, Max: 0.0, Diff: 0.0, Sum: 0.0]
      [Object Copy (ms): Min: 0.0, Avg: 0.3, Max: 0.4, Diff: 0.4, Sum: 3.9]
      [Termination (ms): Min: 0.0, Avg: 2.6, Max: 2.9, Diff: 2.9, Sum: 36.6]
         [Termination Attempts: Min: 1, Avg: 6.6, Max: 22, Diff: 21, Sum: 93]
      [GC Worker Other (ms): Min: 0.0, Avg: 0.0, Max: 0.0, Diff: 0.0, Sum: 0.1]
      [GC Worker Total (ms): Min: 3.5, Avg: 3.7, Max: 3.8, Diff: 0.4, Sum: 51.1]
      [GC Worker End (ms): Min: 599583335.1, Avg: 599583335.2, Max: 599583335.3, Diff: 0.1]
   [Code Root Fixup: 0.0 ms]
   [Code Root Purge: 0.0 ms]
   [Clear CT: 0.2 ms]
   [Other: 6.1 ms]
      [Choose CSet: 0.0 ms]
      [Ref Proc: 5.4 ms]
      [Ref Enq: 0.3 ms]
      [Redirty Cards: 0.2 ms]
      [Humongous Register: 0.0 ms]
      [Humongous Reclaim: 0.0 ms]
      [Free CSet: 0.2 ms]
   [Eden: 7152.0M(7152.0M)->0.0B(7152.0M) Survivors: 16384.0K->16384.0K Heap: 9975.2M(14336.0M)->2823.1M(14336.0M)]
 [Times: user=0.07 sys=0.00, real=0.01 secs] 
2022-11-12T17:13:31.546-0700: 600556.232: [GC pause (G1 Evacuation Pause) (young), 0.0104810 secs]
   [Parallel Time: 4.2 ms, GC Workers: 14]
      [GC Worker Start (ms): Min: 600556231.7, Avg: 600556231.9, Max: 600556232.1, Diff: 0.3]
      [Ext Root Scanning (ms): Min: 0.2, Avg: 0.7, Max: 3.8, Diff: 3.5, Sum: 9.2]
      [Update RS (ms): Min: 0.0, Avg: 0.1, Max: 0.3, Diff: 0.3, Sum: 1.4]
         [Processed Buffers: Min: 0, Avg: 11.7, Max: 39, Diff: 39, Sum: 164]
      [Scan RS (ms): Min: 0.0, Avg: 0.0, Max: 0.0, Diff: 0.0, Sum: 0.5]
      [Code Root Scanning (ms): Min: 0.0, Avg: 0.0, Max: 0.0, Diff: 0.0, Sum: 0.0]
      [Object Copy (ms): Min: 0.0, Avg: 0.3, Max: 0.4, Diff: 0.4, Sum: 3.8]
      [Termination (ms): Min: 0.0, Avg: 2.6, Max: 2.8, Diff: 2.8, Sum: 36.1]
         [Termination Attempts: Min: 1, Avg: 18.7, Max: 34, Diff: 33, Sum: 262]
      [GC Worker Other (ms): Min: 0.0, Avg: 0.0, Max: 0.0, Diff: 0.0, Sum: 0.1]
      [GC Worker Total (ms): Min: 3.5, Avg: 3.6, Max: 3.8, Diff: 0.3, Sum: 51.0]
      [GC Worker End (ms): Min: 600556235.6, Avg: 600556235.6, Max: 600556235.6, Diff: 0.1]
   [Code Root Fixup: 0.0 ms]
   [Code Root Purge: 0.0 ms]
   [Clear CT: 0.2 ms]
   [Other: 6.0 ms]
      [Choose CSet: 0.0 ms]
      [Ref Proc: 5.2 ms]
      [Ref Enq: 0.3 ms]
      [Redirty Cards: 0.2 ms]
      [Humongous Register: 0.0 ms]
      [Humongous Reclaim: 0.0 ms]
      [Free CSet: 0.2 ms]
   [Eden: 7152.0M(7152.0M)->0.0B(7152.0M) Survivors: 16384.0K->16384.0K Heap: 9975.1M(14336.0M)->2823.0M(14336.0M)]
 [Times: user=0.08 sys=0.00, real=0.01 secs] 
2022-11-12T17:29:37.645-0700: 601522.331: [GC pause (G1 Evacuation Pause) (young), 0.0148278 secs]
   [Parallel Time: 8.5 ms, GC Workers: 14]
      [GC Worker Start (ms): Min: 601522331.4, Avg: 601522331.5, Max: 601522331.7, Diff: 0.4]
      [Ext Root Scanning (ms): Min: 0.2, Avg: 0.6, Max: 3.8, Diff: 3.5, Sum: 8.9]
      [Update RS (ms): Min: 0.0, Avg: 0.1, Max: 0.3, Diff: 0.3, Sum: 1.4]
         [Processed Buffers: Min: 0, Avg: 11.9, Max: 29, Diff: 29, Sum: 167]
      [Scan RS (ms): Min: 0.0, Avg: 0.0, Max: 0.1, Diff: 0.0, Sum: 0.5]
      [Code Root Scanning (ms): Min: 0.0, Avg: 0.0, Max: 0.0, Diff: 0.0, Sum: 0.0]
      [Object Copy (ms): Min: 0.0, Avg: 1.8, Max: 7.3, Diff: 7.3, Sum: 25.7]
      [Termination (ms): Min: 0.0, Avg: 5.3, Max: 7.1, Diff: 7.1, Sum: 73.6]
         [Termination Attempts: Min: 1, Avg: 81.6, Max: 153, Diff: 152, Sum: 1143]
      [GC Worker Other (ms): Min: 0.0, Avg: 0.0, Max: 0.0, Diff: 0.0, Sum: 0.1]
      [GC Worker Total (ms): Min: 7.7, Avg: 7.9, Max: 8.0, Diff: 0.4, Sum: 110.2]
      [GC Worker End (ms): Min: 601522339.4, Avg: 601522339.4, Max: 601522339.5, Diff: 0.1]
   [Code Root Fixup: 0.0 ms]
   [Code Root Purge: 0.0 ms]
   [Clear CT: 0.3 ms]
   [Other: 6.0 ms]
      [Choose CSet: 0.0 ms]
      [Ref Proc: 5.2 ms]
      [Ref Enq: 0.3 ms]
      [Redirty Cards: 0.2 ms]
      [Humongous Register: 0.0 ms]
      [Humongous Reclaim: 0.0 ms]
      [Free CSet: 0.2 ms]
   [Eden: 7152.0M(7152.0M)->0.0B(7152.0M) Survivors: 16384.0K->16384.0K Heap: 9975.0M(14336.0M)->2823.3M(14336.0M)]
 [Times: user=0.11 sys=0.00, real=0.01 secs] 
2022-11-12T17:45:46.145-0700: 602490.832: [GC pause (G1 Evacuation Pause) (young), 0.0113789 secs]
   [Parallel Time: 3.8 ms, GC Workers: 14]
      [GC Worker Start (ms): Min: 602490831.7, Avg: 602490831.9, Max: 602490832.1, Diff: 0.4]
      [Ext Root Scanning (ms): Min: 0.2, Avg: 0.6, Max: 3.7, Diff: 3.5, Sum: 8.5]
      [Update RS (ms): Min: 0.0, Avg: 0.1, Max: 0.2, Diff: 0.2, Sum: 1.3]
         [Processed Buffers: Min: 0, Avg: 11.0, Max: 37, Diff: 37, Sum: 154]
      [Scan RS (ms): Min: 0.0, Avg: 0.0, Max: 0.0, Diff: 0.0, Sum: 0.4]
      [Code Root Scanning (ms): Min: 0.0, Avg: 0.0, Max: 0.0, Diff: 0.0, Sum: 0.0]
      [Object Copy (ms): Min: 0.0, Avg: 0.3, Max: 0.4, Diff: 0.4, Sum: 4.1]
      [Termination (ms): Min: 0.0, Avg: 2.5, Max: 2.7, Diff: 2.7, Sum: 35.0]
         [Termination Attempts: Min: 1, Avg: 19.8, Max: 33, Diff: 32, Sum: 277]
      [GC Worker Other (ms): Min: 0.0, Avg: 0.0, Max: 0.0, Diff: 0.0, Sum: 0.1]
      [GC Worker Total (ms): Min: 3.3, Avg: 3.5, Max: 3.7, Diff: 0.4, Sum: 49.4]
      [GC Worker End (ms): Min: 602490835.4, Avg: 602490835.4, Max: 602490835.4, Diff: 0.0]
   [Code Root Fixup: 0.0 ms]
   [Code Root Purge: 0.0 ms]
   [Clear CT: 0.4 ms]
   [Other: 7.2 ms]
      [Choose CSet: 0.0 ms]
      [Ref Proc: 6.4 ms]
      [Ref Enq: 0.3 ms]
      [Redirty Cards: 0.2 ms]
      [Humongous Register: 0.0 ms]
      [Humongous Reclaim: 0.0 ms]
      [Free CSet: 0.2 ms]
   [Eden: 7152.0M(7152.0M)->0.0B(7152.0M) Survivors: 16384.0K->16384.0K Heap: 9975.3M(14336.0M)->2823.1M(14336.0M)]
 [Times: user=0.07 sys=0.00, real=0.01 secs] 
2022-11-12T18:01:56.171-0700: 603460.857: [GC pause (G1 Evacuation Pause) (young), 0.0103710 secs]
   [Parallel Time: 4.4 ms, GC Workers: 14]
      [GC Worker Start (ms): Min: 603460857.1, Avg: 603460857.2, Max: 603460857.4, Diff: 0.3]
      [Ext Root Scanning (ms): Min: 0.2, Avg: 0.6, Max: 3.7, Diff: 3.5, Sum: 8.7]
      [Update RS (ms): Min: 0.0, Avg: 0.1, Max: 0.3, Diff: 0.3, Sum: 1.3]
         [Processed Buffers: Min: 0, Avg: 11.1, Max: 42, Diff: 42, Sum: 155]
      [Scan RS (ms): Min: 0.0, Avg: 0.0, Max: 0.1, Diff: 0.1, Sum: 0.4]
      [Code Root Scanning (ms): Min: 0.0, Avg: 0.0, Max: 0.0, Diff: 0.0, Sum: 0.0]
      [Object Copy (ms): Min: 0.0, Avg: 0.3, Max: 0.4, Diff: 0.4, Sum: 4.3]
      [Termination (ms): Min: 0.0, Avg: 2.6, Max: 2.9, Diff: 2.9, Sum: 35.8]
         [Termination Attempts: Min: 1, Avg: 46.2, Max: 64, Diff: 63, Sum: 647]
      [GC Worker Other (ms): Min: 0.0, Avg: 0.0, Max: 0.0, Diff: 0.0, Sum: 0.1]
      [GC Worker Total (ms): Min: 3.5, Avg: 3.6, Max: 3.7, Diff: 0.2, Sum: 50.7]
      [GC Worker End (ms): Min: 603460860.9, Avg: 603460860.9, Max: 603460860.9, Diff: 0.1]
   [Code Root Fixup: 0.0 ms]
   [Code Root Purge: 0.0 ms]
   [Clear CT: 0.2 ms]
   [Other: 5.7 ms]
      [Choose CSet: 0.0 ms]
      [Ref Proc: 5.0 ms]
      [Ref Enq: 0.3 ms]
      [Redirty Cards: 0.2 ms]
      [Humongous Register: 0.0 ms]
      [Humongous Reclaim: 0.0 ms]
      [Free CSet: 0.2 ms]
   [Eden: 7152.0M(7152.0M)->0.0B(7152.0M) Survivors: 16384.0K->16384.0K Heap: 9975.1M(14336.0M)->2823.3M(14336.0M)]
 [Times: user=0.07 sys=0.00, real=0.01 secs] 
2022-11-12T18:18:00.395-0700: 604425.081: [GC pause (G1 Evacuation Pause) (young), 0.0186361 secs]
   [Parallel Time: 12.1 ms, GC Workers: 14]
      [GC Worker Start (ms): Min: 604425081.1, Avg: 604425081.2, Max: 604425081.3, Diff: 0.2]
      [Ext Root Scanning (ms): Min: 0.3, Avg: 0.7, Max: 3.8, Diff: 3.6, Sum: 9.5]
      [Update RS (ms): Min: 0.0, Avg: 0.1, Max: 0.2, Diff: 0.2, Sum: 1.3]
         [Processed Buffers: Min: 0, Avg: 10.7, Max: 31, Diff: 31, Sum: 150]
      [Scan RS (ms): Min: 0.0, Avg: 0.0, Max: 0.1, Diff: 0.0, Sum: 0.5]
      [Code Root Scanning (ms): Min: 0.0, Avg: 0.0, Max: 0.0, Diff: 0.0, Sum: 0.0]
      [Object Copy (ms): Min: 0.0, Avg: 4.0, Max: 10.9, Diff: 10.9, Sum: 55.5]
      [Termination (ms): Min: 0.0, Avg: 6.7, Max: 10.7, Diff: 10.7, Sum: 94.0]
         [Termination Attempts: Min: 1, Avg: 3.2, Max: 13, Diff: 12, Sum: 45]
      [GC Worker Other (ms): Min: 0.0, Avg: 0.0, Max: 0.0, Diff: 0.0, Sum: 0.1]
      [GC Worker Total (ms): Min: 11.4, Avg: 11.5, Max: 11.6, Diff: 0.2, Sum: 160.9]
      [GC Worker End (ms): Min: 604425092.6, Avg: 604425092.7, Max: 604425092.8, Diff: 0.2]
   [Code Root Fixup: 0.0 ms]
   [Code Root Purge: 0.0 ms]
   [Clear CT: 0.3 ms]
   [Other: 6.2 ms]
      [Choose CSet: 0.0 ms]
      [Ref Proc: 5.5 ms]
      [Ref Enq: 0.2 ms]
      [Redirty Cards: 0.2 ms]
      [Humongous Register: 0.0 ms]
      [Humongous Reclaim: 0.0 ms]
      [Free CSet: 0.2 ms]
   [Eden: 7152.0M(7152.0M)->0.0B(7152.0M) Survivors: 16384.0K->16384.0K Heap: 9975.3M(14336.0M)->2823.1M(14336.0M)]
 [Times: user=0.14 sys=0.00, real=0.01 secs] 
2022-11-12T18:34:03.546-0700: 605388.232: [GC pause (G1 Evacuation Pause) (young), 0.0291388 secs]
   [Parallel Time: 8.1 ms, GC Workers: 14]
      [GC Worker Start (ms): Min: 605388231.8, Avg: 605388231.9, Max: 605388232.0, Diff: 0.2]
      [Ext Root Scanning (ms): Min: 0.3, Avg: 0.6, Max: 2.8, Diff: 2.6, Sum: 9.1]
      [Update RS (ms): Min: 0.0, Avg: 0.1, Max: 0.3, Diff: 0.3, Sum: 1.7]
         [Processed Buffers: Min: 0, Avg: 10.8, Max: 36, Diff: 36, Sum: 151]
      [Scan RS (ms): Min: 0.0, Avg: 0.0, Max: 0.1, Diff: 0.1, Sum: 0.5]
      [Code Root Scanning (ms): Min: 0.0, Avg: 0.0, Max: 0.0, Diff: 0.0, Sum: 0.0]
      [Object Copy (ms): Min: 0.0, Avg: 5.1, Max: 7.1, Diff: 7.1, Sum: 72.0]
      [Termination (ms): Min: 0.0, Avg: 1.7, Max: 6.6, Diff: 6.6, Sum: 24.3]
         [Termination Attempts: Min: 1, Avg: 1.5, Max: 3, Diff: 2, Sum: 21]
      [GC Worker Other (ms): Min: 0.0, Avg: 0.0, Max: 0.0, Diff: 0.0, Sum: 0.1]
      [GC Worker Total (ms): Min: 7.5, Avg: 7.7, Max: 7.8, Diff: 0.3, Sum: 107.6]
      [GC Worker End (ms): Min: 605388239.5, Avg: 605388239.6, Max: 605388239.7, Diff: 0.1]
   [Code Root Fixup: 0.0 ms]
   [Code Root Purge: 0.0 ms]
   [Clear CT: 0.5 ms]
   [Other: 20.6 ms]
      [Choose CSet: 0.0 ms]
      [Ref Proc: 19.1 ms]
      [Ref Enq: 0.9 ms]
      [Redirty Cards: 0.3 ms]
      [Humongous Register: 0.0 ms]
      [Humongous Reclaim: 0.0 ms]
      [Free CSet: 0.2 ms]
   [Eden: 7152.0M(7152.0M)->0.0B(7152.0M) Survivors: 16384.0K->16384.0K Heap: 9975.1M(14336.0M)->2826.5M(14336.0M)]
 [Times: user=0.08 sys=0.00, real=0.03 secs] 
2022-11-12T18:50:17.945-0700: 606362.631: [GC pause (G1 Evacuation Pause) (young), 0.0222355 secs]
   [Parallel Time: 5.2 ms, GC Workers: 14]
      [GC Worker Start (ms): Min: 606362631.6, Avg: 606362631.8, Max: 606362632.0, Diff: 0.4]
      [Ext Root Scanning (ms): Min: 0.2, Avg: 0.7, Max: 4.0, Diff: 3.8, Sum: 10.0]
      [Update RS (ms): Min: 0.0, Avg: 0.1, Max: 0.3, Diff: 0.3, Sum: 1.4]
         [Processed Buffers: Min: 0, Avg: 10.6, Max: 41, Diff: 41, Sum: 148]
      [Scan RS (ms): Min: 0.0, Avg: 0.0, Max: 0.1, Diff: 0.1, Sum: 0.5]
      [Code Root Scanning (ms): Min: 0.0, Avg: 0.0, Max: 0.0, Diff: 0.0, Sum: 0.0]
      [Object Copy (ms): Min: 0.0, Avg: 0.5, Max: 2.8, Diff: 2.8, Sum: 6.9]
      [Termination (ms): Min: 0.0, Avg: 2.5, Max: 3.0, Diff: 3.0, Sum: 35.2]
         [Termination Attempts: Min: 1, Avg: 25.0, Max: 41, Diff: 40, Sum: 350]
      [GC Worker Other (ms): Min: 0.0, Avg: 0.0, Max: 0.0, Diff: 0.0, Sum: 0.1]
      [GC Worker Total (ms): Min: 3.7, Avg: 3.9, Max: 4.0, Diff: 0.3, Sum: 54.1]
      [GC Worker End (ms): Min: 606362635.6, Avg: 606362635.6, Max: 606362635.6, Diff: 0.0]
   [Code Root Fixup: 0.0 ms]
   [Code Root Purge: 0.0 ms]
   [Clear CT: 0.5 ms]
   [Other: 16.5 ms]
      [Choose CSet: 0.0 ms]
      [Ref Proc: 7.7 ms]
      [Ref Enq: 0.3 ms]
      [Redirty Cards: 1.5 ms]
      [Humongous Register: 0.0 ms]
      [Humongous Reclaim: 0.0 ms]
      [Free CSet: 0.1 ms]
   [Eden: 7152.0M(7152.0M)->0.0B(7152.0M) Survivors: 16384.0K->16384.0K Heap: 9978.5M(14336.0M)->2827.6M(14336.0M)]
 [Times: user=0.08 sys=0.00, real=0.02 secs] 
